build	Set up job	﻿2026-06-06T12:22:22.5236793Z Current runner version: '2.334.0'
build	Set up job	2026-06-06T12:22:22.5262252Z ##[group]Runner Image Provisioner
build	Set up job	2026-06-06T12:22:22.5263212Z Hosted Compute Agent
build	Set up job	2026-06-06T12:22:22.5263808Z Version: 20260520.533
build	Set up job	2026-06-06T12:22:22.5264440Z Commit: 189110e25284a9812c124fd27b339e2fb4f2f9db
build	Set up job	2026-06-06T12:22:22.5265229Z Build Date: 2026-05-20T17:44:04Z
build	Set up job	2026-06-06T12:22:22.5265863Z Worker ID: {f9d2389a-3768-43d1-9769-01d3a99b670f}
build	Set up job	2026-06-06T12:22:22.5266607Z Azure Region: westus2
build	Set up job	2026-06-06T12:22:22.5267188Z ##[endgroup]
build	Set up job	2026-06-06T12:22:22.5269048Z ##[group]Operating System
build	Set up job	2026-06-06T12:22:22.5269661Z Ubuntu
build	Set up job	2026-06-06T12:22:22.5270211Z 24.04.4
build	Set up job	2026-06-06T12:22:22.5270713Z LTS
build	Set up job	2026-06-06T12:22:22.5271227Z ##[endgroup]
build	Set up job	2026-06-06T12:22:22.5271803Z ##[group]Runner Image
build	Set up job	2026-06-06T12:22:22.5272395Z Image: ubuntu-24.04
build	Set up job	2026-06-06T12:22:22.5272962Z Version: 20260525.161.1
build	Set up job	2026-06-06T12:22:22.5274034Z Included Software: https://github.com/actions/runner-images/blob/ubuntu24/20260525.161/images/ubuntu/Ubuntu2404-Readme.md
build	Set up job	2026-06-06T12:22:22.5275710Z Image Release: https://github.com/actions/runner-images/releases/tag/ubuntu24%2F20260525.161
build	Set up job	2026-06-06T12:22:22.5276617Z ##[endgroup]
build	Set up job	2026-06-06T12:22:22.5277970Z ##[group]GITHUB_TOKEN Permissions
build	Set up job	2026-06-06T12:22:22.5280012Z Contents: read
build	Set up job	2026-06-06T12:22:22.5280653Z Metadata: read
build	Set up job	2026-06-06T12:22:22.5281223Z Packages: read
build	Set up job	2026-06-06T12:22:22.5281766Z ##[endgroup]
build	Set up job	2026-06-06T12:22:22.5283852Z Secret source: Actions
build	Set up job	2026-06-06T12:22:22.5284654Z Prepare workflow directory
build	Set up job	2026-06-06T12:22:22.5809238Z Prepare all required actions
build	Set up job	2026-06-06T12:22:22.5848486Z Getting action download info
build	Set up job	2026-06-06T12:22:23.1224867Z Download action repository 'actions/checkout@v4' (SHA:34e114876b0b11c390a56381ad16ebd13914f8d5)
build	Set up job	2026-06-06T12:22:23.2361067Z Download action repository 'actions/cache@v4' (SHA:0057852bfaa89a56745cba8c7296529d2fc39830)
build	Set up job	2026-06-06T12:22:23.3188999Z Download action repository 'actions/setup-java@v4' (SHA:c1e323688fd81a25caa38c78aa6df2d33d3e20d9)
build	Set up job	2026-06-06T12:22:23.6255548Z Download action repository 'gradle/actions@v4' (SHA:ed408507eac070d1f99cc633dbcf757c94c7933a)
build	Set up job	2026-06-06T12:22:24.4693092Z Download action repository 'actions/upload-artifact@v4' (SHA:ea165f8d65b6e75b540449e92b4886f43607fa02)
build	Set up job	2026-06-06T12:22:24.7253223Z Complete job name: build
build	Checkout	﻿2026-06-06T12:22:24.8028477Z ##[group]Run actions/checkout@v4
build	Checkout	2026-06-06T12:22:24.8029892Z with:
build	Checkout	2026-06-06T12:22:24.8030678Z   submodules: recursive
build	Checkout	2026-06-06T12:22:24.8031533Z   fetch-depth: 0
build	Checkout	2026-06-06T12:22:24.8032384Z   repository: thejaustin/ShizukuPlus
build	Checkout	2026-06-06T12:22:24.8041291Z   token: ***
build	Checkout	2026-06-06T12:22:24.8042092Z   ssh-strict: true
build	Checkout	2026-06-06T12:22:24.8042884Z   ssh-user: git
build	Checkout	2026-06-06T12:22:24.8043712Z   persist-credentials: true
build	Checkout	2026-06-06T12:22:24.8044615Z   clean: true
build	Checkout	2026-06-06T12:22:24.8045439Z   sparse-checkout-cone-mode: true
build	Checkout	2026-06-06T12:22:24.8046401Z   fetch-tags: false
build	Checkout	2026-06-06T12:22:24.8047219Z   show-progress: true
build	Checkout	2026-06-06T12:22:24.8048154Z   lfs: false
build	Checkout	2026-06-06T12:22:24.8048934Z   set-safe-directory: true
build	Checkout	2026-06-06T12:22:24.8050158Z env:
build	Checkout	2026-06-06T12:22:24.8050956Z   ANDROID_HOME: /usr/local/lib/android/sdk
build	Checkout	2026-06-06T12:22:24.8108176Z   KEYSTORE: ***
build	Checkout	2026-06-06T12:22:24.8109543Z   SENTRY_AUTH_TOKEN: ***
build	Checkout	2026-06-06T12:22:24.8111144Z   SENTRY_DSN: ***
build	Checkout	2026-06-06T12:22:24.8111937Z   IS_DEBUG: false
build	Checkout	2026-06-06T12:22:24.8112798Z   IS_PRERELEASE: true
build	Checkout	2026-06-06T12:22:24.8113606Z ##[endgroup]
build	Checkout	2026-06-06T12:22:24.9257259Z Syncing repository: thejaustin/ShizukuPlus
build	Checkout	2026-06-06T12:22:24.9260545Z ##[group]Getting Git version info
build	Checkout	2026-06-06T12:22:24.9262027Z Working directory is '/home/runner/work/ShizukuPlus/ShizukuPlus'
build	Checkout	2026-06-06T12:22:24.9263934Z [command]/usr/bin/git version
build	Checkout	2026-06-06T12:22:24.9327111Z git version 2.54.0
build	Checkout	2026-06-06T12:22:24.9352028Z ##[endgroup]
build	Checkout	2026-06-06T12:22:24.9374682Z Temporarily overriding HOME='/home/runner/work/_temp/c797455e-fd6b-4d8f-8cb3-051cf1bd8ed4' before making global git config changes
build	Checkout	2026-06-06T12:22:24.9380793Z Adding repository directory to the temporary git global config as a safe directory
build	Checkout	2026-06-06T12:22:24.9383515Z [command]/usr/bin/git config --global --add safe.directory /home/runner/work/ShizukuPlus/ShizukuPlus
build	Checkout	2026-06-06T12:22:24.9426020Z Deleting the contents of '/home/runner/work/ShizukuPlus/ShizukuPlus'
build	Checkout	2026-06-06T12:22:24.9429894Z ##[group]Initializing the repository
build	Checkout	2026-06-06T12:22:24.9434156Z [command]/usr/bin/git init /home/runner/work/ShizukuPlus/ShizukuPlus
build	Checkout	2026-06-06T12:22:24.9543415Z hint: Using 'master' as the name for the initial branch. This default branch name
build	Checkout	2026-06-06T12:22:24.9545629Z hint: will change to "main" in Git 3.0. To configure the initial branch name
build	Checkout	2026-06-06T12:22:24.9548216Z hint: to use in all of your new repositories, which will suppress this warning,
build	Checkout	2026-06-06T12:22:24.9550501Z hint: call:
build	Checkout	2026-06-06T12:22:24.9551608Z hint:
build	Checkout	2026-06-06T12:22:24.9553107Z hint: 	git config --global init.defaultBranch <name>
build	Checkout	2026-06-06T12:22:24.9554798Z hint:
build	Checkout	2026-06-06T12:22:24.9556570Z hint: Names commonly chosen instead of 'master' are 'main', 'trunk' and
build	Checkout	2026-06-06T12:22:24.9559598Z hint: 'development'. The just-created branch can be renamed via this command:
build	Checkout	2026-06-06T12:22:24.9561800Z hint:
build	Checkout	2026-06-06T12:22:24.9563020Z hint: 	git branch -m <name>
build	Checkout	2026-06-06T12:22:24.9564463Z hint:
build	Checkout	2026-06-06T12:22:24.9566248Z hint: Disable this message with "git config set advice.defaultBranchName false"
build	Checkout	2026-06-06T12:22:24.9569648Z Initialized empty Git repository in /home/runner/work/ShizukuPlus/ShizukuPlus/.git/
build	Checkout	2026-06-06T12:22:24.9573386Z [command]/usr/bin/git remote add origin https://github.com/thejaustin/ShizukuPlus
build	Checkout	2026-06-06T12:22:24.9606173Z ##[endgroup]
build	Checkout	2026-06-06T12:22:24.9608582Z ##[group]Disabling automatic garbage collection
build	Checkout	2026-06-06T12:22:24.9610704Z [command]/usr/bin/git config --local gc.auto 0
build	Checkout	2026-06-06T12:22:24.9640149Z ##[endgroup]
build	Checkout	2026-06-06T12:22:24.9642429Z ##[group]Setting up auth
build	Checkout	2026-06-06T12:22:24.9649090Z [command]/usr/bin/git config --local --name-only --get-regexp core\.sshCommand
build	Checkout	2026-06-06T12:22:24.9686628Z [command]/usr/bin/git submodule foreach --recursive sh -c "git config --local --name-only --get-regexp 'core\.sshCommand' && git config --local --unset-all 'core.sshCommand' || :"
build	Checkout	2026-06-06T12:22:24.9998836Z [command]/usr/bin/git config --local --name-only --get-regexp http\.https\:\/\/github\.com\/\.extraheader
build	Checkout	2026-06-06T12:22:25.0026165Z [command]/usr/bin/git submodule foreach --recursive sh -c "git config --local --name-only --get-regexp 'http\.https\:\/\/github\.com\/\.extraheader' && git config --local --unset-all 'http.https://github.com/.extraheader' || :"
build	Checkout	2026-06-06T12:22:25.0219855Z [command]/usr/bin/git config --local --name-only --get-regexp ^includeIf\.gitdir:
build	Checkout	2026-06-06T12:22:25.0252398Z [command]/usr/bin/git submodule foreach --recursive git config --local --show-origin --name-only --get-regexp remote.origin.url
build	Checkout	2026-06-06T12:22:25.0441701Z [command]/usr/bin/git config --local http.https://github.com/.extraheader AUTHORIZATION: basic ***
build	Checkout	2026-06-06T12:22:25.0472881Z ##[endgroup]
build	Checkout	2026-06-06T12:22:25.0482051Z ##[group]Fetching the repository
build	Checkout	2026-06-06T12:22:25.0484451Z [command]/usr/bin/git -c protocol.version=2 fetch --prune --no-recurse-submodules origin +refs/heads/*:refs/remotes/origin/* +refs/tags/*:refs/tags/*
build	Checkout	2026-06-06T12:22:27.1017787Z From https://github.com/thejaustin/ShizukuPlus
build	Checkout	2026-06-06T12:22:27.1018697Z  * [new branch]        fix-auth-vulnerability-1367138564057366674 -> origin/fix-auth-vulnerability-1367138564057366674
build	Checkout	2026-06-06T12:22:27.1019511Z  * [new branch]        fix_logging-3430839810391412202 -> origin/fix_logging-3430839810391412202
build	Checkout	2026-06-06T12:22:27.1020341Z  * [new branch]        jules-11886277638629588087-a6fcb9bd -> origin/jules-11886277638629588087-a6fcb9bd
build	Checkout	2026-06-06T12:22:27.1021027Z  * [new branch]        jules-2732871605793923801-e4a1a586 -> origin/jules-2732871605793923801-e4a1a586
build	Checkout	2026-06-06T12:22:27.1021590Z  * [new branch]        master                      -> origin/master
build	Checkout	2026-06-06T12:22:27.1022277Z  * [new branch]        perf/activity-log-cleanup-14352634529673974166 -> origin/perf/activity-log-cleanup-14352634529673974166
build	Checkout	2026-06-06T12:22:27.1023494Z  * [new branch]        performance-wait-system-service-18253859998065832156 -> origin/performance-wait-system-service-18253859998065832156
build	Checkout	2026-06-06T12:22:27.1024529Z  * [new branch]        testing-improvement-database-dao-4217402086549121112 -> origin/testing-improvement-database-dao-4217402086549121112
build	Checkout	2026-06-06T12:22:27.1025307Z  * [new tag]           v13.5.0.r1205-thedjchi-beta -> v13.5.0.r1205-thedjchi-beta
build	Checkout	2026-06-06T12:22:27.1025807Z  * [new tag]           v13.6.0-beta.1687           -> v13.6.0-beta.1687
build	Checkout	2026-06-06T12:22:27.1026294Z  * [new tag]           v13.6.0-beta.1688           -> v13.6.0-beta.1688
build	Checkout	2026-06-06T12:22:27.1026762Z  * [new tag]           v13.6.0-beta.1689           -> v13.6.0-beta.1689
build	Checkout	2026-06-06T12:22:27.1027220Z  * [new tag]           v13.6.0-beta.1690           -> v13.6.0-beta.1690
build	Checkout	2026-06-06T12:22:27.1027977Z  * [new tag]           v13.6.0-beta.1691           -> v13.6.0-beta.1691
build	Checkout	2026-06-06T12:22:27.1030184Z  * [new tag]           v13.6.0-beta.1697           -> v13.6.0-beta.1697
build	Checkout	2026-06-06T12:22:27.1030881Z  * [new tag]           v13.6.0-beta.1698           -> v13.6.0-beta.1698
build	Checkout	2026-06-06T12:22:27.1031576Z  * [new tag]           v13.6.0-beta.1700           -> v13.6.0-beta.1700
build	Checkout	2026-06-06T12:22:27.1032297Z  * [new tag]           v13.6.0-beta.1702           -> v13.6.0-beta.1702
build	Checkout	2026-06-06T12:22:27.1032982Z  * [new tag]           v13.6.0-beta.1704           -> v13.6.0-beta.1704
build	Checkout	2026-06-06T12:22:27.1033648Z  * [new tag]           v13.6.0-beta.1705           -> v13.6.0-beta.1705
build	Checkout	2026-06-06T12:22:27.1034351Z  * [new tag]           v13.6.0-beta.1710           -> v13.6.0-beta.1710
build	Checkout	2026-06-06T12:22:27.1035009Z  * [new tag]           v13.6.0-beta.1716           -> v13.6.0-beta.1716
build	Checkout	2026-06-06T12:22:27.1035643Z  * [new tag]           v13.6.0-beta.1731           -> v13.6.0-beta.1731
build	Checkout	2026-06-06T12:22:27.1036417Z  * [new tag]           v13.6.0-beta.1732           -> v13.6.0-beta.1732
build	Checkout	2026-06-06T12:22:27.1037153Z  * [new tag]           v13.6.0-thedjchi            -> v13.6.0-thedjchi
build	Checkout	2026-06-06T12:22:27.1038118Z  * [new tag]           v13.6.0.r1113-thedjchi      -> v13.6.0.r1113-thedjchi
build	Checkout	2026-06-06T12:22:27.1038895Z  * [new tag]           v13.6.0.r1117-thedjchi      -> v13.6.0.r1117-thedjchi
build	Checkout	2026-06-06T12:22:27.1040016Z  * [new tag]           v13.6.0.r1129-thedjchi      -> v13.6.0.r1129-thedjchi
build	Checkout	2026-06-06T12:22:27.1040943Z  * [new tag]           v13.6.0.r1131-thedjchi      -> v13.6.0.r1131-thedjchi
build	Checkout	2026-06-06T12:22:27.1042129Z  * [new tag]           v13.6.0.r1136-thedjchi      -> v13.6.0.r1136-thedjchi
build	Checkout	2026-06-06T12:22:27.1042969Z  * [new tag]           v13.6.0.r1155-thedjchi      -> v13.6.0.r1155-thedjchi
build	Checkout	2026-06-06T12:22:27.1043769Z  * [new tag]           v13.6.0.r1159-thedjchi      -> v13.6.0.r1159-thedjchi
build	Checkout	2026-06-06T12:22:27.1044634Z  * [new tag]           v13.6.0.r1161-thedjchi      -> v13.6.0.r1161-thedjchi
build	Checkout	2026-06-06T12:22:27.1045424Z  * [new tag]           v13.6.0.r1169-thedjchi      -> v13.6.0.r1169-thedjchi
build	Checkout	2026-06-06T12:22:27.1046284Z  * [new tag]           v13.6.0.r1187-thedjchi-beta -> v13.6.0.r1187-thedjchi-beta
build	Checkout	2026-06-06T12:22:27.1047116Z  * [new tag]           v13.6.0.r1189-thedjchi-beta -> v13.6.0.r1189-thedjchi-beta
build	Checkout	2026-06-06T12:22:27.1048110Z  * [new tag]           v13.6.0.r1196-thedjchi      -> v13.6.0.r1196-thedjchi
build	Checkout	2026-06-06T12:22:27.1048949Z  * [new tag]           v13.6.0.r1215-thedjchi      -> v13.6.0.r1215-thedjchi
build	Checkout	2026-06-06T12:22:27.1049755Z  * [new tag]           v13.6.0.r1216-thedjchi      -> v13.6.0.r1216-thedjchi
build	Checkout	2026-06-06T12:22:27.1050539Z  * [new tag]           v13.6.0.r1228-thedjchi      -> v13.6.0.r1228-thedjchi
build	Checkout	2026-06-06T12:22:27.1051316Z  * [new tag]           v13.6.0.r1229-thedjchi      -> v13.6.0.r1229-thedjchi
build	Checkout	2026-06-06T12:22:27.1052113Z  * [new tag]           v13.6.0.r1230-thedjchi      -> v13.6.0.r1230-thedjchi
build	Checkout	2026-06-06T12:22:27.1052839Z  * [new tag]           v13.6.0.r1235-thedjchi      -> v13.6.0.r1235-thedjchi
build	Checkout	2026-06-06T12:22:27.1053542Z  * [new tag]           v13.6.0.r1240-thedjchi      -> v13.6.0.r1240-thedjchi
build	Checkout	2026-06-06T12:22:27.1054566Z  * [new tag]           v13.6.0.r1243-thedjchi      -> v13.6.0.r1243-thedjchi
build	Checkout	2026-06-06T12:22:27.1055341Z  * [new tag]           v13.6.0.r1251-thedjchi      -> v13.6.0.r1251-thedjchi
build	Checkout	2026-06-06T12:22:27.1056103Z  * [new tag]           v13.6.0.r1254-thedjchi      -> v13.6.0.r1254-thedjchi
build	Checkout	2026-06-06T12:22:27.1056901Z  * [new tag]           v13.6.0.r1259-thedjchi      -> v13.6.0.r1259-thedjchi
build	Checkout	2026-06-06T12:22:27.1058039Z  * [new tag]           v13.6.0.r1274-thedjchi      -> v13.6.0.r1274-thedjchi
build	Checkout	2026-06-06T12:22:27.1058786Z  * [new tag]           v13.6.0.r1281-thedjchi      -> v13.6.0.r1281-thedjchi
build	Checkout	2026-06-06T12:22:27.1059594Z  * [new tag]           v13.6.0.r1284-thedjchi      -> v13.6.0.r1284-thedjchi
build	Checkout	2026-06-06T12:22:27.1060394Z  * [new tag]           v13.6.0.r1290-thedjchi      -> v13.6.0.r1290-thedjchi
build	Checkout	2026-06-06T12:22:27.1061165Z  * [new tag]           v13.6.0.r1311-thedjchi      -> v13.6.0.r1311-thedjchi
build	Checkout	2026-06-06T12:22:27.1061933Z  * [new tag]           v13.6.0.r1318-thedjchi      -> v13.6.0.r1318-thedjchi
build	Checkout	2026-06-06T12:22:27.1062714Z  * [new tag]           v13.6.0.r1337-thedjchi-beta -> v13.6.0.r1337-thedjchi-beta
build	Checkout	2026-06-06T12:22:27.1063560Z  * [new tag]           v13.6.0.r1338-thedjchi-beta -> v13.6.0.r1338-thedjchi-beta
build	Checkout	2026-06-06T12:22:27.1064961Z  * [new tag]           v13.6.0.r1343-***   -> v13.6.0.r1343-***
build	Checkout	2026-06-06T12:22:27.1065798Z  * [new tag]           v13.6.0.r1349-thedjchi-beta -> v13.6.0.r1349-thedjchi-beta
build	Checkout	2026-06-06T12:22:27.1066745Z  * [new tag]           v13.6.0.r1358-***   -> v13.6.0.r1358-***
build	Checkout	2026-06-06T12:22:27.1067786Z  * [new tag]           v13.6.0.r1359-***   -> v13.6.0.r1359-***
build	Checkout	2026-06-06T12:22:27.1068631Z  * [new tag]           v13.6.0.r1360-***   -> v13.6.0.r1360-***
build	Checkout	2026-06-06T12:22:27.1069436Z  * [new tag]           v13.6.0.r1361-***   -> v13.6.0.r1361-***
build	Checkout	2026-06-06T12:22:27.1070265Z  * [new tag]           v13.6.0.r1368-***   -> v13.6.0.r1368-***
build	Checkout	2026-06-06T12:22:27.1071056Z  * [new tag]           v13.6.0.r1369-***   -> v13.6.0.r1369-***
build	Checkout	2026-06-06T12:22:27.1071949Z  * [new tag]           v13.6.0.r1370-***   -> v13.6.0.r1370-***
build	Checkout	2026-06-06T12:22:27.1072826Z  * [new tag]           v13.6.0.r1371-***   -> v13.6.0.r1371-***
build	Checkout	2026-06-06T12:22:27.1073637Z  * [new tag]           v13.6.0.r1373-***   -> v13.6.0.r1373-***
build	Checkout	2026-06-06T12:22:27.1074740Z  * [new tag]           v13.6.0.r1377-***   -> v13.6.0.r1377-***
build	Checkout	2026-06-06T12:22:27.1075571Z  * [new tag]           v13.6.0.r1378-***   -> v13.6.0.r1378-***
build	Checkout	2026-06-06T12:22:27.1076432Z  * [new tag]           v13.6.0.r1379-***   -> v13.6.0.r1379-***
build	Checkout	2026-06-06T12:22:27.1077248Z  * [new tag]           v13.6.0.r1383-***   -> v13.6.0.r1383-***
build	Checkout	2026-06-06T12:22:27.1078289Z  * [new tag]           v13.6.0.r1384-***   -> v13.6.0.r1384-***
build	Checkout	2026-06-06T12:22:27.1079215Z  * [new tag]           v13.6.0.r1385-***   -> v13.6.0.r1385-***
build	Checkout	2026-06-06T12:22:27.1079965Z  * [new tag]           v13.6.0.r1386-***   -> v13.6.0.r1386-***
build	Checkout	2026-06-06T12:22:27.1080752Z  * [new tag]           v13.6.0.r1387-***   -> v13.6.0.r1387-***
build	Checkout	2026-06-06T12:22:27.1081549Z  * [new tag]           v13.6.0.r1395-***   -> v13.6.0.r1395-***
build	Checkout	2026-06-06T12:22:27.1082350Z  * [new tag]           v13.6.0.r1406-***   -> v13.6.0.r1406-***
build	Checkout	2026-06-06T12:22:27.1083168Z  * [new tag]           v13.6.0.r1407-***   -> v13.6.0.r1407-***
build	Checkout	2026-06-06T12:22:27.1084017Z  * [new tag]           v13.6.0.r1412-***   -> v13.6.0.r1412-***
build	Checkout	2026-06-06T12:22:27.1084844Z  * [new tag]           v13.6.0.r1414-***   -> v13.6.0.r1414-***
build	Checkout	2026-06-06T12:22:27.1085680Z  * [new tag]           v13.6.0.r1415-***   -> v13.6.0.r1415-***
build	Checkout	2026-06-06T12:22:27.1086475Z  * [new tag]           v13.6.0.r1416-***   -> v13.6.0.r1416-***
build	Checkout	2026-06-06T12:22:27.1087319Z  * [new tag]           v13.6.0.r1421-***   -> v13.6.0.r1421-***
build	Checkout	2026-06-06T12:22:27.1088460Z  * [new tag]           v13.6.0.r1422-***   -> v13.6.0.r1422-***
build	Checkout	2026-06-06T12:22:27.1089270Z  * [new tag]           v13.6.0.r1423-***   -> v13.6.0.r1423-***
build	Checkout	2026-06-06T12:22:27.1090073Z  * [new tag]           v13.6.0.r1425-***   -> v13.6.0.r1425-***
build	Checkout	2026-06-06T12:22:27.1091262Z  * [new tag]           v13.6.0.r1426-***   -> v13.6.0.r1426-***
build	Checkout	2026-06-06T12:22:27.1092056Z  * [new tag]           v13.6.0.r1438-***   -> v13.6.0.r1438-***
build	Checkout	2026-06-06T12:22:27.1092869Z  * [new tag]           v13.6.0.r1450-***   -> v13.6.0.r1450-***
build	Checkout	2026-06-06T12:22:27.1093586Z  * [new tag]           v13.6.0.r1451-***   -> v13.6.0.r1451-***
build	Checkout	2026-06-06T12:22:27.1094437Z  * [new tag]           v13.6.0.r1454-***   -> v13.6.0.r1454-***
build	Checkout	2026-06-06T12:22:27.1095260Z  * [new tag]           v13.6.0.r1455-***   -> v13.6.0.r1455-***
build	Checkout	2026-06-06T12:22:27.1096150Z  * [new tag]           v13.6.0.r1484-***   -> v13.6.0.r1484-***
build	Checkout	2026-06-06T12:22:27.1096909Z  * [new tag]           v13.6.0.r1485-***   -> v13.6.0.r1485-***
build	Checkout	2026-06-06T12:22:27.1097881Z  * [new tag]           v13.6.0.r1486-***   -> v13.6.0.r1486-***
build	Checkout	2026-06-06T12:22:27.1098715Z  * [new tag]           v13.6.0.r1487-***   -> v13.6.0.r1487-***
build	Checkout	2026-06-06T12:22:27.1099521Z  * [new tag]           v13.6.0.r1488-***   -> v13.6.0.r1488-***
build	Checkout	2026-06-06T12:22:27.1100336Z  * [new tag]           v13.6.0.r1491-***   -> v13.6.0.r1491-***
build	Checkout	2026-06-06T12:22:27.1101140Z  * [new tag]           v13.6.0.r1493-***   -> v13.6.0.r1493-***
build	Checkout	2026-06-06T12:22:27.1101950Z  * [new tag]           v13.6.0.r1511-***   -> v13.6.0.r1511-***
build	Checkout	2026-06-06T12:22:27.1102764Z  * [new tag]           v13.6.0.r1527-***   -> v13.6.0.r1527-***
build	Checkout	2026-06-06T12:22:27.1103552Z  * [new tag]           v13.6.0.r1551-***   -> v13.6.0.r1551-***
build	Checkout	2026-06-06T12:22:27.1104354Z  * [new tag]           v13.6.0.r1552-***   -> v13.6.0.r1552-***
build	Checkout	2026-06-06T12:22:27.1105147Z  * [new tag]           v13.6.0.r1553-***   -> v13.6.0.r1553-***
build	Checkout	2026-06-06T12:22:27.1105915Z  * [new tag]           v13.6.0.r1554-***   -> v13.6.0.r1554-***
build	Checkout	2026-06-06T12:22:27.1106721Z  * [new tag]           v13.6.0.r1558-***   -> v13.6.0.r1558-***
build	Checkout	2026-06-06T12:22:27.1107728Z  * [new tag]           v13.6.0.r1559-***   -> v13.6.0.r1559-***
build	Checkout	2026-06-06T12:22:27.1108545Z  * [new tag]           v13.6.0.r1560-***   -> v13.6.0.r1560-***
build	Checkout	2026-06-06T12:22:27.1109350Z  * [new tag]           v13.6.0.r1561-***   -> v13.6.0.r1561-***
build	Checkout	2026-06-06T12:22:27.1110137Z  * [new tag]           v13.6.0.r1562-***   -> v13.6.0.r1562-***
build	Checkout	2026-06-06T12:22:27.1110929Z  * [new tag]           v13.6.0.r1563-***   -> v13.6.0.r1563-***
build	Checkout	2026-06-06T12:22:27.1112006Z  * [new tag]           v13.6.0.r1565-***   -> v13.6.0.r1565-***
build	Checkout	2026-06-06T12:22:27.1112878Z  * [new tag]           v13.6.0.r1566-***   -> v13.6.0.r1566-***
build	Checkout	2026-06-06T12:22:27.1113629Z  * [new tag]           v13.6.0.r1568-***   -> v13.6.0.r1568-***
build	Checkout	2026-06-06T12:22:27.1114384Z  * [new tag]           v13.6.0.r1575-***   -> v13.6.0.r1575-***
build	Checkout	2026-06-06T12:22:27.1115154Z  * [new tag]           v13.6.0.r1577-***   -> v13.6.0.r1577-***
build	Checkout	2026-06-06T12:22:27.1115927Z  * [new tag]           v13.6.0.r1578-***   -> v13.6.0.r1578-***
build	Checkout	2026-06-06T12:22:27.1116687Z  * [new tag]           v13.6.0.r1581-***   -> v13.6.0.r1581-***
build	Checkout	2026-06-06T12:22:27.1117848Z  * [new tag]           v13.6.0.r1595-***   -> v13.6.0.r1595-***
build	Checkout	2026-06-06T12:22:27.1118665Z  * [new tag]           v13.6.0.r1598-***   -> v13.6.0.r1598-***
build	Checkout	2026-06-06T12:22:27.1119400Z  * [new tag]           v13.6.0.r1599-***   -> v13.6.0.r1599-***
build	Checkout	2026-06-06T12:22:27.1120183Z  * [new tag]           v13.6.0.r1601-***   -> v13.6.0.r1601-***
build	Checkout	2026-06-06T12:22:27.1121009Z  * [new tag]           v13.6.0.r1602-***   -> v13.6.0.r1602-***
build	Checkout	2026-06-06T12:22:27.1121803Z  * [new tag]           v13.6.0.r1603-***   -> v13.6.0.r1603-***
build	Checkout	2026-06-06T12:22:27.1122604Z  * [new tag]           v13.6.0.r1604-***   -> v13.6.0.r1604-***
build	Checkout	2026-06-06T12:22:27.1123392Z  * [new tag]           v13.6.0.r1606-***   -> v13.6.0.r1606-***
build	Checkout	2026-06-06T12:22:27.1124181Z  * [new tag]           v13.6.0.r1607-***   -> v13.6.0.r1607-***
build	Checkout	2026-06-06T12:22:27.1124985Z  * [new tag]           v13.6.0.r1608-***   -> v13.6.0.r1608-***
build	Checkout	2026-06-06T12:22:27.1125794Z  * [new tag]           v13.6.0.r1609-***   -> v13.6.0.r1609-***
build	Checkout	2026-06-06T12:22:27.1126592Z  * [new tag]           v13.6.0.r1610-***   -> v13.6.0.r1610-***
build	Checkout	2026-06-06T12:22:27.1127874Z  * [new tag]           v13.6.0.r1614-***   -> v13.6.0.r1614-***
build	Checkout	2026-06-06T12:22:27.1128679Z  * [new tag]           v13.6.0.r1621-***   -> v13.6.0.r1621-***
build	Checkout	2026-06-06T12:22:27.1129454Z  * [new tag]           v13.6.0.r1622-***   -> v13.6.0.r1622-***
build	Checkout	2026-06-06T12:22:27.1130153Z  * [new tag]           v13.6.0.r1624-***   -> v13.6.0.r1624-***
build	Checkout	2026-06-06T12:22:27.1130891Z  * [new tag]           v13.6.0.r1634-***   -> v13.6.0.r1634-***
build	Checkout	2026-06-06T12:22:27.1131640Z  * [new tag]           v13.6.0.r1635-***   -> v13.6.0.r1635-***
build	Checkout	2026-06-06T12:22:27.1132405Z  * [new tag]           v13.6.0.r1636-***   -> v13.6.0.r1636-***
build	Checkout	2026-06-06T12:22:27.1133169Z  * [new tag]           v13.6.0.r1637-***   -> v13.6.0.r1637-***
build	Checkout	2026-06-06T12:22:27.1133910Z  * [new tag]           v13.6.0.r1638-***   -> v13.6.0.r1638-***
build	Checkout	2026-06-06T12:22:27.1134642Z  * [new tag]           v13.6.0.r1639-***   -> v13.6.0.r1639-***
build	Checkout	2026-06-06T12:22:27.1135391Z  * [new tag]           v13.6.0.r1640-***   -> v13.6.0.r1640-***
build	Checkout	2026-06-06T12:22:27.1136157Z  * [new tag]           v13.6.0.r1641-***   -> v13.6.0.r1641-***
build	Checkout	2026-06-06T12:22:27.1136939Z  * [new tag]           v13.6.0.r1643-***   -> v13.6.0.r1643-***
build	Checkout	2026-06-06T12:22:27.1137984Z  * [new tag]           v13.6.0.r1644-***   -> v13.6.0.r1644-***
build	Checkout	2026-06-06T12:22:27.1138769Z  * [new tag]           v13.6.0.r1645-***   -> v13.6.0.r1645-***
build	Checkout	2026-06-06T12:22:27.1139574Z  * [new tag]           v13.6.0.r1647-***   -> v13.6.0.r1647-***
build	Checkout	2026-06-06T12:22:27.1140395Z  * [new tag]           v13.6.0.r1649-***   -> v13.6.0.r1649-***
build	Checkout	2026-06-06T12:22:27.1141204Z  * [new tag]           v13.6.0.r1651-***   -> v13.6.0.r1651-***
build	Checkout	2026-06-06T12:22:27.1142017Z  * [new tag]           v13.6.0.r1662-***   -> v13.6.0.r1662-***
build	Checkout	2026-06-06T12:22:27.1142757Z  * [new tag]           v13.6.0.r1663-***   -> v13.6.0.r1663-***
build	Checkout	2026-06-06T12:22:27.1143504Z  * [new tag]           v13.6.0.r1665-***   -> v13.6.0.r1665-***
build	Checkout	2026-06-06T12:22:27.1144368Z  * [new tag]           v13.6.0.r1666-***   -> v13.6.0.r1666-***
build	Checkout	2026-06-06T12:22:27.1145164Z  * [new tag]           v13.6.0.r1668-***   -> v13.6.0.r1668-***
build	Checkout	2026-06-06T12:22:27.1145942Z  * [new tag]           v13.6.0.r1669-***   -> v13.6.0.r1669-***
build	Checkout	2026-06-06T12:22:27.1146726Z  * [new tag]           v13.6.0.r1670-***   -> v13.6.0.r1670-***
build	Checkout	2026-06-06T12:22:27.1148183Z  * [new tag]           v13.6.0.r1673-***   -> v13.6.0.r1673-***
build	Checkout	2026-06-06T12:22:27.1149036Z  * [new tag]           v13.6.0.r1674-***   -> v13.6.0.r1674-***
build	Checkout	2026-06-06T12:22:27.1149839Z  * [new tag]           v13.6.0.r1675-***   -> v13.6.0.r1675-***
build	Checkout	2026-06-06T12:22:27.1150584Z  * [new tag]           v13.6.0.r1758               -> v13.6.0.r1758
build	Checkout	2026-06-06T12:22:27.1151338Z  * [new tag]           v13.6.0.r1760               -> v13.6.0.r1760
build	Checkout	2026-06-06T12:22:27.1152100Z  * [new tag]           v13.6.0.r1761               -> v13.6.0.r1761
build	Checkout	2026-06-06T12:22:27.1152814Z  * [new tag]           v13.6.0.r1762               -> v13.6.0.r1762
build	Checkout	2026-06-06T12:22:27.1153557Z  * [new tag]           v13.6.0.r1763               -> v13.6.0.r1763
build	Checkout	2026-06-06T12:22:27.1154277Z  * [new tag]           v13.6.0.r1766               -> v13.6.0.r1766
build	Checkout	2026-06-06T12:22:27.1155030Z  * [new tag]           v13.6.0.r1778               -> v13.6.0.r1778
build	Checkout	2026-06-06T12:22:27.1155931Z  * [new tag]           v13.6.1.r1703-***   -> v13.6.1.r1703-***
build	Checkout	2026-06-06T12:22:27.1156688Z  * [new tag]           v2026.1.0                   -> v2026.1.0
build	Checkout	2026-06-06T12:22:27.1157600Z  * [new tag]           v2026.1.1                   -> v2026.1.1
build	Checkout	2026-06-06T12:22:27.1168398Z [command]/usr/bin/git branch --list --remote origin/master
build	Checkout	2026-06-06T12:22:27.1188345Z   origin/master
build	Checkout	2026-06-06T12:22:27.1199841Z [command]/usr/bin/git rev-parse refs/remotes/origin/master
build	Checkout	2026-06-06T12:22:27.1222611Z ba784d260dfc93674d9f38e70b2aba67ad40e6d8
build	Checkout	2026-06-06T12:22:27.1225762Z ##[endgroup]
build	Checkout	2026-06-06T12:22:27.1226177Z ##[group]Determining the checkout info
build	Checkout	2026-06-06T12:22:27.1227938Z ##[endgroup]
build	Checkout	2026-06-06T12:22:27.1234296Z [command]/usr/bin/git sparse-checkout disable
build	Checkout	2026-06-06T12:22:27.1282126Z [command]/usr/bin/git config --local --unset-all extensions.worktreeConfig
build	Checkout	2026-06-06T12:22:27.1310021Z ##[group]Checking out the ref
build	Checkout	2026-06-06T12:22:27.1316663Z [command]/usr/bin/git checkout --progress --force -B master refs/remotes/origin/master
build	Checkout	2026-06-06T12:22:27.1664851Z Reset branch 'master'
build	Checkout	2026-06-06T12:22:27.1665310Z branch 'master' set up to track 'origin/master'.
build	Checkout	2026-06-06T12:22:27.1672308Z ##[endgroup]
build	Checkout	2026-06-06T12:22:27.1673008Z ##[group]Setting up auth for fetching submodules
build	Checkout	2026-06-06T12:22:27.1679817Z [command]/usr/bin/git config --global http.https://github.com/.extraheader AUTHORIZATION: basic ***
build	Checkout	2026-06-06T12:22:27.1714135Z [command]/usr/bin/git config --global --unset-all url.https://github.com/.insteadOf
build	Checkout	2026-06-06T12:22:27.1740883Z [command]/usr/bin/git config --global --add url.https://github.com/.insteadOf git@github.com:
build	Checkout	2026-06-06T12:22:27.1770613Z [command]/usr/bin/git config --global --add url.https://github.com/.insteadOf org-10579902@github.com:
build	Checkout	2026-06-06T12:22:27.1792430Z ##[endgroup]
build	Checkout	2026-06-06T12:22:27.1792871Z ##[group]Fetching submodules
build	Checkout	2026-06-06T12:22:27.1796744Z [command]/usr/bin/git submodule sync --recursive
build	Checkout	2026-06-06T12:22:27.1981304Z [command]/usr/bin/git -c protocol.version=2 submodule update --init --force --recursive
build	Checkout	2026-06-06T12:22:27.2157603Z Submodule 'api' (https://github.com/thejaustin/ShizukuPlus-API) registered for path 'api'
build	Checkout	2026-06-06T12:22:27.2178132Z Cloning into '/home/runner/work/ShizukuPlus/ShizukuPlus/api'...
build	Checkout	2026-06-06T12:22:27.8899698Z Submodule path 'api': checked out 'a063c407ff5abccd9031206539c863a3fd448d89'
build	Checkout	2026-06-06T12:22:27.8932304Z [command]/usr/bin/git submodule foreach --recursive git config --local gc.auto 0
build	Checkout	2026-06-06T12:22:27.9116478Z Entering 'api'
build	Checkout	2026-06-06T12:22:27.9153433Z ##[endgroup]
build	Checkout	2026-06-06T12:22:27.9153873Z ##[group]Persisting credentials for submodules
build	Checkout	2026-06-06T12:22:27.9160744Z [command]/usr/bin/git submodule foreach --recursive sh -c "git config --local --name-only --get-regexp 'url\.https\:\/\/github\.com\/\.insteadOf' && git config --local --unset-all 'url.https://github.com/.insteadOf' || :"
build	Checkout	2026-06-06T12:22:27.9326567Z Entering 'api'
build	Checkout	2026-06-06T12:22:27.9372061Z [command]/usr/bin/git submodule foreach --recursive sh -c "git config --local 'http.https://github.com/.extraheader' 'AUTHORIZATION: basic ***' && git config --local --show-origin --name-only --get-regexp remote.origin.url"
build	Checkout	2026-06-06T12:22:27.9543125Z Entering 'api'
build	Checkout	2026-06-06T12:22:27.9575573Z file:/home/runner/work/ShizukuPlus/ShizukuPlus/.git/modules/api/config	remote.origin.url
build	Checkout	2026-06-06T12:22:27.9615405Z [command]/usr/bin/git submodule foreach --recursive git config --local --add 'url.https://github.com/.insteadOf' 'git@github.com:'
build	Checkout	2026-06-06T12:22:27.9785882Z Entering 'api'
build	Checkout	2026-06-06T12:22:27.9828745Z [command]/usr/bin/git submodule foreach --recursive git config --local --add 'url.https://github.com/.insteadOf' 'org-10579902@github.com:'
build	Checkout	2026-06-06T12:22:27.9998098Z Entering 'api'
build	Checkout	2026-06-06T12:22:28.0035160Z ##[endgroup]
build	Checkout	2026-06-06T12:22:28.0073176Z [command]/usr/bin/git log -1 --format=%H
build	Checkout	2026-06-06T12:22:28.0094847Z ba784d260dfc93674d9f38e70b2aba67ad40e6d8
build	Cache Android SDK	﻿2026-06-06T12:22:28.0860753Z ##[group]Run actions/cache@v4
build	Cache Android SDK	2026-06-06T12:22:28.0861056Z with:
build	Cache Android SDK	2026-06-06T12:22:28.0861567Z   path: /usr/local/lib/android/sdk/build-tools
build	Cache Android SDK	/usr/local/lib/android/sdk/platforms
build	Cache Android SDK	/usr/local/lib/android/sdk/platform-tools
build	Cache Android SDK	
build	Cache Android SDK	2026-06-06T12:22:28.0862311Z   key: android-sdk-Linux-a056138aeee43e5f4ee18c898bf60a207d72d8fb3329ec71697913bada7be020
build	Cache Android SDK	2026-06-06T12:22:28.0862786Z   restore-keys: android-sdk-Linux-
build	Cache Android SDK	
build	Cache Android SDK	2026-06-06T12:22:28.0863064Z   enableCrossOsArchive: false
build	Cache Android SDK	2026-06-06T12:22:28.0863334Z   fail-on-cache-miss: false
build	Cache Android SDK	2026-06-06T12:22:28.0863571Z   lookup-only: false
build	Cache Android SDK	2026-06-06T12:22:28.0863789Z   save-always: false
build	Cache Android SDK	2026-06-06T12:22:28.0863998Z env:
build	Cache Android SDK	2026-06-06T12:22:28.0864204Z   ANDROID_HOME: /usr/local/lib/android/sdk
build	Cache Android SDK	2026-06-06T12:22:28.0882758Z   KEYSTORE: ***
build	Cache Android SDK	2026-06-06T12:22:28.0883172Z   SENTRY_AUTH_TOKEN: ***
build	Cache Android SDK	2026-06-06T12:22:28.0883846Z   SENTRY_DSN: ***
build	Cache Android SDK	2026-06-06T12:22:28.0884066Z   IS_DEBUG: false
build	Cache Android SDK	2026-06-06T12:22:28.0884272Z   IS_PRERELEASE: true
build	Cache Android SDK	2026-06-06T12:22:28.0884484Z ##[endgroup]
build	Cache Android SDK	2026-06-06T12:22:28.5082769Z Cache hit for restore-key: android-sdk-Linux-79d7f9273714f4a54a5f0799486b57569c4d03b85a9fc2c8d20bad474d8a9703
build	Cache Android SDK	2026-06-06T12:22:29.8343894Z Received 0 of 1095513060 (0.0%), 0.0 MBs/sec
build	Cache Android SDK	2026-06-06T12:22:30.8371330Z Received 79691776 of 1095513060 (7.3%), 38.0 MBs/sec
build	Cache Android SDK	2026-06-06T12:22:31.8378016Z Received 155189248 of 1095513060 (14.2%), 49.3 MBs/sec
build	Cache Android SDK	2026-06-06T12:22:32.8386996Z Received 268435456 of 1095513060 (24.5%), 63.9 MBs/sec
build	Cache Android SDK	2026-06-06T12:22:33.8376513Z Received 385875968 of 1095513060 (35.2%), 73.6 MBs/sec
build	Cache Android SDK	2026-06-06T12:22:34.8393427Z Received 503316480 of 1095513060 (45.9%), 79.9 MBs/sec
build	Cache Android SDK	2026-06-06T12:22:35.8404023Z Received 616562688 of 1095513060 (56.3%), 83.9 MBs/sec
build	Cache Android SDK	2026-06-06T12:22:36.8406282Z Received 721420288 of 1095513060 (65.9%), 85.9 MBs/sec
build	Cache Android SDK	2026-06-06T12:22:37.8409813Z Received 826277888 of 1095513060 (75.4%), 87.5 MBs/sec
build	Cache Android SDK	2026-06-06T12:22:38.8422192Z Received 939524096 of 1095513060 (85.8%), 89.5 MBs/sec
build	Cache Android SDK	2026-06-06T12:22:39.8425466Z Received 1052770304 of 1095513060 (96.1%), 91.2 MBs/sec
build	Cache Android SDK	2026-06-06T12:22:40.2986814Z Received 1095513060 of 1095513060 (100.0%), 91.1 MBs/sec
build	Cache Android SDK	2026-06-06T12:22:40.2989601Z Cache Size: ~1045 MB (1095513060 B)
build	Cache Android SDK	2026-06-06T12:22:40.3028858Z [command]/usr/bin/tar -xf /home/runner/work/_temp/4a111a71-6f26-4710-87fb-50ec269378a6/cache.tzst -P -C /home/runner/work/ShizukuPlus/ShizukuPlus --use-compress-program unzstd
build	Cache Android SDK	2026-06-06T12:22:40.3443972Z /usr/bin/tar: ../../../../../usr/local/lib/android/sdk/build-tools/37.0.0/lib: Cannot utime: Operation not permitted
build	Cache Android SDK	2026-06-06T12:22:40.3444776Z /usr/bin/tar: ../../../../../usr/local/lib/android/sdk/build-tools/37.0.0/lib: Cannot change mode to rwxr-xr-x: Operation not permitted
build	Cache Android SDK	2026-06-06T12:22:40.3930744Z /usr/bin/tar: ../../../../../usr/local/lib/android/sdk/build-tools/37.0.0/lld-bin: Cannot utime: Operation not permitted
build	Cache Android SDK	2026-06-06T12:22:40.3932548Z /usr/bin/tar: ../../../../../usr/local/lib/android/sdk/build-tools/37.0.0/lld-bin: Cannot change mode to rwxr-xr-x: Operation not permitted
build	Cache Android SDK	2026-06-06T12:22:40.4032627Z /usr/bin/tar: ../../../../../usr/local/lib/android/sdk/build-tools/37.0.0/renderscript/lib/blas/arm64-v8a: Cannot utime: Operation not permitted
build	Cache Android SDK	2026-06-06T12:22:40.4034637Z /usr/bin/tar: ../../../../../usr/local/lib/android/sdk/build-tools/37.0.0/renderscript/lib/blas/arm64-v8a: Cannot change mode to rwxr-xr-x: Operation not permitted
build	Cache Android SDK	2026-06-06T12:22:40.4056846Z /usr/bin/tar: ../../../../../usr/local/lib/android/sdk/build-tools/37.0.0/renderscript/lib/blas/x86: Cannot utime: Operation not permitted
build	Cache Android SDK	2026-06-06T12:22:40.4059025Z /usr/bin/tar: ../../../../../usr/local/lib/android/sdk/build-tools/37.0.0/renderscript/lib/blas/x86: Cannot change mode to rwxr-xr-x: Operation not permitted
build	Cache Android SDK	2026-06-06T12:22:40.4086131Z /usr/bin/tar: ../../../../../usr/local/lib/android/sdk/build-tools/37.0.0/renderscript/lib/blas/x86_64: Cannot utime: Operation not permitted
build	Cache Android SDK	2026-06-06T12:22:40.4088408Z /usr/bin/tar: ../../../../../usr/local/lib/android/sdk/build-tools/37.0.0/renderscript/lib/blas/x86_64: Cannot change mode to rwxr-xr-x: Operation not permitted
build	Cache Android SDK	2026-06-06T12:22:40.4099539Z /usr/bin/tar: ../../../../../usr/local/lib/android/sdk/build-tools/37.0.0/renderscript/lib/blas/armeabi-v7a: Cannot utime: Operation not permitted
build	Cache Android SDK	2026-06-06T12:22:40.4101038Z /usr/bin/tar: ../../../../../usr/local/lib/android/sdk/build-tools/37.0.0/renderscript/lib/blas/armeabi-v7a: Cannot change mode to rwxr-xr-x: Operation not permitted
build	Cache Android SDK	2026-06-06T12:22:40.4101930Z /usr/bin/tar: ../../../../../usr/local/lib/android/sdk/build-tools/37.0.0/renderscript/lib/blas: Cannot utime: Operation not permitted
build	Cache Android SDK	2026-06-06T12:22:40.4103302Z /usr/bin/tar: ../../../../../usr/local/lib/android/sdk/build-tools/37.0.0/renderscript/lib/blas: Cannot change mode to rwxr-xr-x: Operation not permitted
build	Cache Android SDK	2026-06-06T12:22:40.4118733Z /usr/bin/tar: ../../../../../usr/local/lib/android/sdk/build-tools/37.0.0/renderscript/lib/packaged/arm64-v8a: Cannot utime: Operation not permitted
build	Cache Android SDK	2026-06-06T12:22:40.4120609Z /usr/bin/tar: ../../../../../usr/local/lib/android/sdk/build-tools/37.0.0/renderscript/lib/packaged/arm64-v8a: Cannot change mode to rwxr-xr-x: Operation not permitted
build	Cache Android SDK	2026-06-06T12:22:40.4139171Z /usr/bin/tar: ../../../../../usr/local/lib/android/sdk/build-tools/37.0.0/renderscript/lib/packaged/x86: Cannot utime: Operation not permitted
build	Cache Android SDK	2026-06-06T12:22:40.4140470Z /usr/bin/tar: ../../../../../usr/local/lib/android/sdk/build-tools/37.0.0/renderscript/lib/packaged/x86: Cannot change mode to rwxr-xr-x: Operation not permitted
build	Cache Android SDK	2026-06-06T12:22:40.4154464Z /usr/bin/tar: ../../../../../usr/local/lib/android/sdk/build-tools/37.0.0/renderscript/lib/packaged/x86_64: Cannot utime: Operation not permitted
build	Cache Android SDK	2026-06-06T12:22:40.4155749Z /usr/bin/tar: ../../../../../usr/local/lib/android/sdk/build-tools/37.0.0/renderscript/lib/packaged/x86_64: Cannot change mode to rwxr-xr-x: Operation not permitted
build	Cache Android SDK	2026-06-06T12:22:40.4172112Z /usr/bin/tar: ../../../../../usr/local/lib/android/sdk/build-tools/37.0.0/renderscript/lib/packaged/armeabi-v7a: Cannot utime: Operation not permitted
build	Cache Android SDK	2026-06-06T12:22:40.4173699Z /usr/bin/tar: ../../../../../usr/local/lib/android/sdk/build-tools/37.0.0/renderscript/lib/packaged/armeabi-v7a: Cannot change mode to rwxr-xr-x: Operation not permitted
build	Cache Android SDK	2026-06-06T12:22:40.4174603Z /usr/bin/tar: ../../../../../usr/local/lib/android/sdk/build-tools/37.0.0/renderscript/lib/packaged: Cannot utime: Operation not permitted
build	Cache Android SDK	2026-06-06T12:22:40.4175690Z /usr/bin/tar: ../../../../../usr/local/lib/android/sdk/build-tools/37.0.0/renderscript/lib/packaged: Cannot change mode to rwxr-xr-x: Operation not permitted
build	Cache Android SDK	2026-06-06T12:22:40.4184092Z /usr/bin/tar: ../../../../../usr/local/lib/android/sdk/build-tools/37.0.0/renderscript/lib/bc/arm64-v8a: Cannot utime: Operation not permitted
build	Cache Android SDK	2026-06-06T12:22:40.4185879Z /usr/bin/tar: ../../../../../usr/local/lib/android/sdk/build-tools/37.0.0/renderscript/lib/bc/arm64-v8a: Cannot change mode to rwxr-xr-x: Operation not permitted
build	Cache Android SDK	2026-06-06T12:22:40.4191196Z /usr/bin/tar: ../../../../../usr/local/lib/android/sdk/build-tools/37.0.0/renderscript/lib/bc/x86: Cannot utime: Operation not permitted
build	Cache Android SDK	2026-06-06T12:22:40.4192661Z /usr/bin/tar: ../../../../../usr/local/lib/android/sdk/build-tools/37.0.0/renderscript/lib/bc/x86: Cannot change mode to rwxr-xr-x: Operation not permitted
build	Cache Android SDK	2026-06-06T12:22:40.4198657Z /usr/bin/tar: ../../../../../usr/local/lib/android/sdk/build-tools/37.0.0/renderscript/lib/bc/x86_64: Cannot utime: Operation not permitted
build	Cache Android SDK	2026-06-06T12:22:40.4199581Z /usr/bin/tar: ../../../../../usr/local/lib/android/sdk/build-tools/37.0.0/renderscript/lib/bc/x86_64: Cannot change mode to rwxr-xr-x: Operation not permitted
build	Cache Android SDK	2026-06-06T12:22:40.4208579Z /usr/bin/tar: ../../../../../usr/local/lib/android/sdk/build-tools/37.0.0/renderscript/lib/bc/armeabi-v7a: Cannot utime: Operation not permitted
build	Cache Android SDK	2026-06-06T12:22:40.4209670Z /usr/bin/tar: ../../../../../usr/local/lib/android/sdk/build-tools/37.0.0/renderscript/lib/bc/armeabi-v7a: Cannot change mode to rwxr-xr-x: Operation not permitted
build	Cache Android SDK	2026-06-06T12:22:40.4210563Z /usr/bin/tar: ../../../../../usr/local/lib/android/sdk/build-tools/37.0.0/renderscript/lib/bc: Cannot utime: Operation not permitted
build	Cache Android SDK	2026-06-06T12:22:40.4211584Z /usr/bin/tar: ../../../../../usr/local/lib/android/sdk/build-tools/37.0.0/renderscript/lib/bc: Cannot change mode to rwxr-xr-x: Operation not permitted
build	Cache Android SDK	2026-06-06T12:22:40.4286915Z /usr/bin/tar: ../../../../../usr/local/lib/android/sdk/build-tools/37.0.0/renderscript/lib/intermediates/arm64-v8a: Cannot utime: Operation not permitted
build	Cache Android SDK	2026-06-06T12:22:40.4289272Z /usr/bin/tar: ../../../../../usr/local/lib/android/sdk/build-tools/37.0.0/renderscript/lib/intermediates/arm64-v8a: Cannot change mode to rwxr-xr-x: Operation not permitted
build	Cache Android SDK	2026-06-06T12:22:40.4310064Z /usr/bin/tar: ../../../../../usr/local/lib/android/sdk/build-tools/37.0.0/renderscript/lib/intermediates/x86: Cannot utime: Operation not permitted
build	Cache Android SDK	2026-06-06T12:22:40.4311903Z /usr/bin/tar: ../../../../../usr/local/lib/android/sdk/build-tools/37.0.0/renderscript/lib/intermediates/x86: Cannot change mode to rwxr-xr-x: Operation not permitted
build	Cache Android SDK	2026-06-06T12:22:40.4347831Z /usr/bin/tar: ../../../../../usr/local/lib/android/sdk/build-tools/37.0.0/renderscript/lib/intermediates/x86_64: Cannot utime: Operation not permitted
build	Cache Android SDK	2026-06-06T12:22:40.4349293Z /usr/bin/tar: ../../../../../usr/local/lib/android/sdk/build-tools/37.0.0/renderscript/lib/intermediates/x86_64: Cannot change mode to rwxr-xr-x: Operation not permitted
build	Cache Android SDK	2026-06-06T12:22:40.4369409Z /usr/bin/tar: ../../../../../usr/local/lib/android/sdk/build-tools/37.0.0/renderscript/lib/intermediates/armeabi-v7a: Cannot utime: Operation not permitted
build	Cache Android SDK	2026-06-06T12:22:40.4371571Z /usr/bin/tar: ../../../../../usr/local/lib/android/sdk/build-tools/37.0.0/renderscript/lib/intermediates/armeabi-v7a: Cannot change mode to rwxr-xr-x: Operation not permitted
build	Cache Android SDK	2026-06-06T12:22:40.4373540Z /usr/bin/tar: ../../../../../usr/local/lib/android/sdk/build-tools/37.0.0/renderscript/lib/intermediates: Cannot utime: Operation not permitted
build	Cache Android SDK	2026-06-06T12:22:40.4375432Z /usr/bin/tar: ../../../../../usr/local/lib/android/sdk/build-tools/37.0.0/renderscript/lib/intermediates: Cannot change mode to rwxr-xr-x: Operation not permitted
build	Cache Android SDK	2026-06-06T12:22:40.4377215Z /usr/bin/tar: ../../../../../usr/local/lib/android/sdk/build-tools/37.0.0/renderscript/lib: Cannot utime: Operation not permitted
build	Cache Android SDK	2026-06-06T12:22:40.4378946Z /usr/bin/tar: ../../../../../usr/local/lib/android/sdk/build-tools/37.0.0/renderscript/lib: Cannot change mode to rwxr-xr-x: Operation not permitted
build	Cache Android SDK	2026-06-06T12:22:40.4383870Z /usr/bin/tar: ../../../../../usr/local/lib/android/sdk/build-tools/37.0.0/renderscript/include: Cannot utime: Operation not permitted
build	Cache Android SDK	2026-06-06T12:22:40.4384735Z /usr/bin/tar: ../../../../../usr/local/lib/android/sdk/build-tools/37.0.0/renderscript/include: Cannot change mode to rwxr-xr-x: Operation not permitted
build	Cache Android SDK	2026-06-06T12:22:40.4459452Z /usr/bin/tar: ../../../../../usr/local/lib/android/sdk/build-tools/37.0.0/renderscript/clang-include: Cannot utime: Operation not permitted
build	Cache Android SDK	2026-06-06T12:22:40.4461161Z /usr/bin/tar: ../../../../../usr/local/lib/android/sdk/build-tools/37.0.0/renderscript/clang-include: Cannot change mode to rwxr-xr-x: Operation not permitted
build	Cache Android SDK	2026-06-06T12:22:40.4462425Z /usr/bin/tar: ../../../../../usr/local/lib/android/sdk/build-tools/37.0.0/renderscript: Cannot utime: Operation not permitted
build	Cache Android SDK	2026-06-06T12:22:40.4463212Z /usr/bin/tar: ../../../../../usr/local/lib/android/sdk/build-tools/37.0.0/renderscript: Cannot change mode to rwxr-xr-x: Operation not permitted
build	Cache Android SDK	2026-06-06T12:22:40.5292252Z /usr/bin/tar: ../../../../../usr/local/lib/android/sdk/build-tools/37.0.0/lib64: Cannot utime: Operation not permitted
build	Cache Android SDK	2026-06-06T12:22:40.5293672Z /usr/bin/tar: ../../../../../usr/local/lib/android/sdk/build-tools/37.0.0/lib64: Cannot change mode to rwxr-xr-x: Operation not permitted
build	Cache Android SDK	2026-06-06T12:22:40.5371070Z /usr/bin/tar: ../../../../../usr/local/lib/android/sdk/build-tools/37.0.0: Cannot utime: Operation not permitted
build	Cache Android SDK	2026-06-06T12:22:40.5372793Z /usr/bin/tar: ../../../../../usr/local/lib/android/sdk/build-tools/37.0.0: Cannot change mode to rwxr-xr-x: Operation not permitted
build	Cache Android SDK	2026-06-06T12:22:40.5705238Z /usr/bin/tar: ../../../../../usr/local/lib/android/sdk/build-tools/35.0.0/lib: Cannot utime: Operation not permitted
build	Cache Android SDK	2026-06-06T12:22:40.5706618Z /usr/bin/tar: ../../../../../usr/local/lib/android/sdk/build-tools/35.0.0/lib: Cannot change mode to rwxr-xr-x: Operation not permitted
build	Cache Android SDK	2026-06-06T12:22:40.6241873Z /usr/bin/tar: ../../../../../usr/local/lib/android/sdk/build-tools/35.0.0/lld-bin: Cannot utime: Operation not permitted
build	Cache Android SDK	2026-06-06T12:22:40.6243264Z /usr/bin/tar: ../../../../../usr/local/lib/android/sdk/build-tools/35.0.0/lld-bin: Cannot change mode to rwxr-xr-x: Operation not permitted
build	Cache Android SDK	2026-06-06T12:22:40.6328493Z /usr/bin/tar: ../../../../../usr/local/lib/android/sdk/build-tools/35.0.0/renderscript/lib/blas/arm64-v8a: Cannot utime: Operation not permitted
build	Cache Android SDK	2026-06-06T12:22:40.6330455Z /usr/bin/tar: ../../../../../usr/local/lib/android/sdk/build-tools/35.0.0/renderscript/lib/blas/arm64-v8a: Cannot change mode to rwxr-xr-x: Operation not permitted
build	Cache Android SDK	2026-06-06T12:22:40.6353244Z /usr/bin/tar: ../../../../../usr/local/lib/android/sdk/build-tools/35.0.0/renderscript/lib/blas/x86: Cannot utime: Operation not permitted
build	Cache Android SDK	2026-06-06T12:22:40.6355162Z /usr/bin/tar: ../../../../../usr/local/lib/android/sdk/build-tools/35.0.0/renderscript/lib/blas/x86: Cannot change mode to rwxr-xr-x: Operation not permitted
build	Cache Android SDK	2026-06-06T12:22:40.6381635Z /usr/bin/tar: ../../../../../usr/local/lib/android/sdk/build-tools/35.0.0/renderscript/lib/blas/x86_64: Cannot utime: Operation not permitted
build	Cache Android SDK	2026-06-06T12:22:40.6383410Z /usr/bin/tar: ../../../../../usr/local/lib/android/sdk/build-tools/35.0.0/renderscript/lib/blas/x86_64: Cannot change mode to rwxr-xr-x: Operation not permitted
build	Cache Android SDK	2026-06-06T12:22:40.6395935Z /usr/bin/tar: ../../../../../usr/local/lib/android/sdk/build-tools/35.0.0/renderscript/lib/blas/armeabi-v7a: Cannot utime: Operation not permitted
build	Cache Android SDK	2026-06-06T12:22:40.6397996Z /usr/bin/tar: ../../../../../usr/local/lib/android/sdk/build-tools/35.0.0/renderscript/lib/blas/armeabi-v7a: Cannot change mode to rwxr-xr-x: Operation not permitted
build	Cache Android SDK	2026-06-06T12:22:40.6399460Z /usr/bin/tar: ../../../../../usr/local/lib/android/sdk/build-tools/35.0.0/renderscript/lib/blas: Cannot utime: Operation not permitted
build	Cache Android SDK	2026-06-06T12:22:40.6401191Z /usr/bin/tar: ../../../../../usr/local/lib/android/sdk/build-tools/35.0.0/renderscript/lib/blas: Cannot change mode to rwxr-xr-x: Operation not permitted
build	Cache Android SDK	2026-06-06T12:22:40.6416717Z /usr/bin/tar: ../../../../../usr/local/lib/android/sdk/build-tools/35.0.0/renderscript/lib/packaged/arm64-v8a: Cannot utime: Operation not permitted
build	Cache Android SDK	2026-06-06T12:22:40.6418528Z /usr/bin/tar: ../../../../../usr/local/lib/android/sdk/build-tools/35.0.0/renderscript/lib/packaged/arm64-v8a: Cannot change mode to rwxr-xr-x: Operation not permitted
build	Cache Android SDK	2026-06-06T12:22:40.6438010Z /usr/bin/tar: ../../../../../usr/local/lib/android/sdk/build-tools/35.0.0/renderscript/lib/packaged/x86: Cannot utime: Operation not permitted
build	Cache Android SDK	2026-06-06T12:22:40.6439950Z /usr/bin/tar: ../../../../../usr/local/lib/android/sdk/build-tools/35.0.0/renderscript/lib/packaged/x86: Cannot change mode to rwxr-xr-x: Operation not permitted
build	Cache Android SDK	2026-06-06T12:22:40.6456789Z /usr/bin/tar: ../../../../../usr/local/lib/android/sdk/build-tools/35.0.0/renderscript/lib/packaged/x86_64: Cannot utime: Operation not permitted
build	Cache Android SDK	2026-06-06T12:22:40.6459108Z /usr/bin/tar: ../../../../../usr/local/lib/android/sdk/build-tools/35.0.0/renderscript/lib/packaged/x86_64: Cannot change mode to rwxr-xr-x: Operation not permitted
build	Cache Android SDK	2026-06-06T12:22:40.6469774Z /usr/bin/tar: ../../../../../usr/local/lib/android/sdk/build-tools/35.0.0/renderscript/lib/packaged/armeabi-v7a: Cannot utime: Operation not permitted
build	Cache Android SDK	2026-06-06T12:22:40.6470871Z /usr/bin/tar: ../../../../../usr/local/lib/android/sdk/build-tools/35.0.0/renderscript/lib/packaged/armeabi-v7a: Cannot change mode to rwxr-xr-x: Operation not permitted
build	Cache Android SDK	2026-06-06T12:22:40.6471805Z /usr/bin/tar: ../../../../../usr/local/lib/android/sdk/build-tools/35.0.0/renderscript/lib/packaged: Cannot utime: Operation not permitted
build	Cache Android SDK	2026-06-06T12:22:40.6472843Z /usr/bin/tar: ../../../../../usr/local/lib/android/sdk/build-tools/35.0.0/renderscript/lib/packaged: Cannot change mode to rwxr-xr-x: Operation not permitted
build	Cache Android SDK	2026-06-06T12:22:40.6479219Z /usr/bin/tar: ../../../../../usr/local/lib/android/sdk/build-tools/35.0.0/renderscript/lib/bc/arm64-v8a: Cannot utime: Operation not permitted
build	Cache Android SDK	2026-06-06T12:22:40.6480464Z /usr/bin/tar: ../../../../../usr/local/lib/android/sdk/build-tools/35.0.0/renderscript/lib/bc/arm64-v8a: Cannot change mode to rwxr-xr-x: Operation not permitted
build	Cache Android SDK	2026-06-06T12:22:40.6485250Z /usr/bin/tar: ../../../../../usr/local/lib/android/sdk/build-tools/35.0.0/renderscript/lib/bc/x86: Cannot utime: Operation not permitted
build	Cache Android SDK	2026-06-06T12:22:40.6486263Z /usr/bin/tar: ../../../../../usr/local/lib/android/sdk/build-tools/35.0.0/renderscript/lib/bc/x86: Cannot change mode to rwxr-xr-x: Operation not permitted
build	Cache Android SDK	2026-06-06T12:22:40.6491875Z /usr/bin/tar: ../../../../../usr/local/lib/android/sdk/build-tools/35.0.0/renderscript/lib/bc/x86_64: Cannot utime: Operation not permitted
build	Cache Android SDK	2026-06-06T12:22:40.6492841Z /usr/bin/tar: ../../../../../usr/local/lib/android/sdk/build-tools/35.0.0/renderscript/lib/bc/x86_64: Cannot change mode to rwxr-xr-x: Operation not permitted
build	Cache Android SDK	2026-06-06T12:22:40.6497991Z /usr/bin/tar: ../../../../../usr/local/lib/android/sdk/build-tools/35.0.0/renderscript/lib/bc/armeabi-v7a: Cannot utime: Operation not permitted
build	Cache Android SDK	2026-06-06T12:22:40.6499455Z /usr/bin/tar: ../../../../../usr/local/lib/android/sdk/build-tools/35.0.0/renderscript/lib/bc/armeabi-v7a: Cannot change mode to rwxr-xr-x: Operation not permitted
build	Cache Android SDK	2026-06-06T12:22:40.6500422Z /usr/bin/tar: ../../../../../usr/local/lib/android/sdk/build-tools/35.0.0/renderscript/lib/bc: Cannot utime: Operation not permitted
build	Cache Android SDK	2026-06-06T12:22:40.6501411Z /usr/bin/tar: ../../../../../usr/local/lib/android/sdk/build-tools/35.0.0/renderscript/lib/bc: Cannot change mode to rwxr-xr-x: Operation not permitted
build	Cache Android SDK	2026-06-06T12:22:40.6527897Z /usr/bin/tar: ../../../../../usr/local/lib/android/sdk/build-tools/35.0.0/renderscript/lib/intermediates/arm64-v8a: Cannot utime: Operation not permitted
build	Cache Android SDK	2026-06-06T12:22:40.6529645Z /usr/bin/tar: ../../../../../usr/local/lib/android/sdk/build-tools/35.0.0/renderscript/lib/intermediates/arm64-v8a: Cannot change mode to rwxr-xr-x: Operation not permitted
build	Cache Android SDK	2026-06-06T12:22:40.6551487Z /usr/bin/tar: ../../../../../usr/local/lib/android/sdk/build-tools/35.0.0/renderscript/lib/intermediates/x86: Cannot utime: Operation not permitted
build	Cache Android SDK	2026-06-06T12:22:40.6552601Z /usr/bin/tar: ../../../../../usr/local/lib/android/sdk/build-tools/35.0.0/renderscript/lib/intermediates/x86: Cannot change mode to rwxr-xr-x: Operation not permitted
build	Cache Android SDK	2026-06-06T12:22:40.6588195Z /usr/bin/tar: ../../../../../usr/local/lib/android/sdk/build-tools/35.0.0/renderscript/lib/intermediates/x86_64: Cannot utime: Operation not permitted
build	Cache Android SDK	2026-06-06T12:22:40.6589578Z /usr/bin/tar: ../../../../../usr/local/lib/android/sdk/build-tools/35.0.0/renderscript/lib/intermediates/x86_64: Cannot change mode to rwxr-xr-x: Operation not permitted
build	Cache Android SDK	2026-06-06T12:22:40.6610223Z /usr/bin/tar: ../../../../../usr/local/lib/android/sdk/build-tools/35.0.0/renderscript/lib/intermediates/armeabi-v7a: Cannot utime: Operation not permitted
build	Cache Android SDK	2026-06-06T12:22:40.6612334Z /usr/bin/tar: ../../../../../usr/local/lib/android/sdk/build-tools/35.0.0/renderscript/lib/intermediates/armeabi-v7a: Cannot change mode to rwxr-xr-x: Operation not permitted
build	Cache Android SDK	2026-06-06T12:22:40.6614013Z /usr/bin/tar: ../../../../../usr/local/lib/android/sdk/build-tools/35.0.0/renderscript/lib/intermediates: Cannot utime: Operation not permitted
build	Cache Android SDK	2026-06-06T12:22:40.6615635Z /usr/bin/tar: ../../../../../usr/local/lib/android/sdk/build-tools/35.0.0/renderscript/lib/intermediates: Cannot change mode to rwxr-xr-x: Operation not permitted
build	Cache Android SDK	2026-06-06T12:22:40.6617452Z /usr/bin/tar: ../../../../../usr/local/lib/android/sdk/build-tools/35.0.0/renderscript/lib: Cannot utime: Operation not permitted
build	Cache Android SDK	2026-06-06T12:22:40.6619014Z /usr/bin/tar: ../../../../../usr/local/lib/android/sdk/build-tools/35.0.0/renderscript/lib: Cannot change mode to rwxr-xr-x: Operation not permitted
build	Cache Android SDK	2026-06-06T12:22:40.6628139Z /usr/bin/tar: ../../../../../usr/local/lib/android/sdk/build-tools/35.0.0/renderscript/include: Cannot utime: Operation not permitted
build	Cache Android SDK	2026-06-06T12:22:40.6629533Z /usr/bin/tar: ../../../../../usr/local/lib/android/sdk/build-tools/35.0.0/renderscript/include: Cannot change mode to rwxr-xr-x: Operation not permitted
build	Cache Android SDK	2026-06-06T12:22:40.6782063Z /usr/bin/tar: ../../../../../usr/local/lib/android/sdk/build-tools/35.0.0/renderscript/clang-include: Cannot utime: Operation not permitted
build	Cache Android SDK	2026-06-06T12:22:40.6783121Z /usr/bin/tar: ../../../../../usr/local/lib/android/sdk/build-tools/35.0.0/renderscript/clang-include: Cannot change mode to rwxr-xr-x: Operation not permitted
build	Cache Android SDK	2026-06-06T12:22:40.6784192Z /usr/bin/tar: ../../../../../usr/local/lib/android/sdk/build-tools/35.0.0/renderscript: Cannot utime: Operation not permitted
build	Cache Android SDK	2026-06-06T12:22:40.6784987Z /usr/bin/tar: ../../../../../usr/local/lib/android/sdk/build-tools/35.0.0/renderscript: Cannot change mode to rwxr-xr-x: Operation not permitted
build	Cache Android SDK	2026-06-06T12:22:40.7686031Z /usr/bin/tar: ../../../../../usr/local/lib/android/sdk/build-tools/35.0.0/lib64: Cannot utime: Operation not permitted
build	Cache Android SDK	2026-06-06T12:22:40.7687108Z /usr/bin/tar: ../../../../../usr/local/lib/android/sdk/build-tools/35.0.0/lib64: Cannot change mode to rwxr-xr-x: Operation not permitted
build	Cache Android SDK	2026-06-06T12:22:40.7799590Z /usr/bin/tar: ../../../../../usr/local/lib/android/sdk/build-tools/35.0.0: Cannot utime: Operation not permitted
build	Cache Android SDK	2026-06-06T12:22:40.7800714Z /usr/bin/tar: ../../../../../usr/local/lib/android/sdk/build-tools/35.0.0: Cannot change mode to rwxr-xr-x: Operation not permitted
build	Cache Android SDK	2026-06-06T12:22:40.8118109Z /usr/bin/tar: ../../../../../usr/local/lib/android/sdk/build-tools/34.0.0/lib: Cannot utime: Operation not permitted
build	Cache Android SDK	2026-06-06T12:22:40.8119109Z /usr/bin/tar: ../../../../../usr/local/lib/android/sdk/build-tools/34.0.0/lib: Cannot change mode to rwxr-xr-x: Operation not permitted
build	Cache Android SDK	2026-06-06T12:22:40.8658678Z /usr/bin/tar: ../../../../../usr/local/lib/android/sdk/build-tools/34.0.0/lld-bin: Cannot utime: Operation not permitted
build	Cache Android SDK	2026-06-06T12:22:40.8659646Z /usr/bin/tar: ../../../../../usr/local/lib/android/sdk/build-tools/34.0.0/lld-bin: Cannot change mode to rwxr-xr-x: Operation not permitted
build	Cache Android SDK	2026-06-06T12:22:40.8814074Z /usr/bin/tar: ../../../../../usr/local/lib/android/sdk/build-tools/34.0.0/renderscript/lib/blas/arm64-v8a: Cannot utime: Operation not permitted
build	Cache Android SDK	2026-06-06T12:22:40.8815130Z /usr/bin/tar: ../../../../../usr/local/lib/android/sdk/build-tools/34.0.0/renderscript/lib/blas/arm64-v8a: Cannot change mode to rwxr-xr-x: Operation not permitted
build	Cache Android SDK	2026-06-06T12:22:40.8852970Z /usr/bin/tar: ../../../../../usr/local/lib/android/sdk/build-tools/34.0.0/renderscript/lib/blas/x86: Cannot utime: Operation not permitted
build	Cache Android SDK	2026-06-06T12:22:40.8854433Z /usr/bin/tar: ../../../../../usr/local/lib/android/sdk/build-tools/34.0.0/renderscript/lib/blas/x86: Cannot change mode to rwxr-xr-x: Operation not permitted
build	Cache Android SDK	2026-06-06T12:22:40.8883320Z /usr/bin/tar: ../../../../../usr/local/lib/android/sdk/build-tools/34.0.0/renderscript/lib/blas/x86_64: Cannot utime: Operation not permitted
build	Cache Android SDK	2026-06-06T12:22:40.8884929Z /usr/bin/tar: ../../../../../usr/local/lib/android/sdk/build-tools/34.0.0/renderscript/lib/blas/x86_64: Cannot change mode to rwxr-xr-x: Operation not permitted
build	Cache Android SDK	2026-06-06T12:22:40.8897204Z /usr/bin/tar: ../../../../../usr/local/lib/android/sdk/build-tools/34.0.0/renderscript/lib/blas/armeabi-v7a: Cannot utime: Operation not permitted
build	Cache Android SDK	2026-06-06T12:22:40.8898783Z /usr/bin/tar: ../../../../../usr/local/lib/android/sdk/build-tools/34.0.0/renderscript/lib/blas/armeabi-v7a: Cannot change mode to rwxr-xr-x: Operation not permitted
build	Cache Android SDK	2026-06-06T12:22:40.8899686Z /usr/bin/tar: ../../../../../usr/local/lib/android/sdk/build-tools/34.0.0/renderscript/lib/blas: Cannot utime: Operation not permitted
build	Cache Android SDK	2026-06-06T12:22:40.8900793Z /usr/bin/tar: ../../../../../usr/local/lib/android/sdk/build-tools/34.0.0/renderscript/lib/blas: Cannot change mode to rwxr-xr-x: Operation not permitted
build	Cache Android SDK	2026-06-06T12:22:40.8918504Z /usr/bin/tar: ../../../../../usr/local/lib/android/sdk/build-tools/34.0.0/renderscript/lib/packaged/arm64-v8a: Cannot utime: Operation not permitted
build	Cache Android SDK	2026-06-06T12:22:40.8920507Z /usr/bin/tar: ../../../../../usr/local/lib/android/sdk/build-tools/34.0.0/renderscript/lib/packaged/arm64-v8a: Cannot change mode to rwxr-xr-x: Operation not permitted
build	Cache Android SDK	2026-06-06T12:22:40.8936270Z /usr/bin/tar: ../../../../../usr/local/lib/android/sdk/build-tools/34.0.0/renderscript/lib/packaged/x86: Cannot utime: Operation not permitted
build	Cache Android SDK	2026-06-06T12:22:40.8937774Z /usr/bin/tar: ../../../../../usr/local/lib/android/sdk/build-tools/34.0.0/renderscript/lib/packaged/x86: Cannot change mode to rwxr-xr-x: Operation not permitted
build	Cache Android SDK	2026-06-06T12:22:40.8955074Z /usr/bin/tar: ../../../../../usr/local/lib/android/sdk/build-tools/34.0.0/renderscript/lib/packaged/x86_64: Cannot utime: Operation not permitted
build	Cache Android SDK	2026-06-06T12:22:40.8956364Z /usr/bin/tar: ../../../../../usr/local/lib/android/sdk/build-tools/34.0.0/renderscript/lib/packaged/x86_64: Cannot change mode to rwxr-xr-x: Operation not permitted
build	Cache Android SDK	2026-06-06T12:22:40.8970617Z /usr/bin/tar: ../../../../../usr/local/lib/android/sdk/build-tools/34.0.0/renderscript/lib/packaged/armeabi-v7a: Cannot utime: Operation not permitted
build	Cache Android SDK	2026-06-06T12:22:40.8972684Z /usr/bin/tar: ../../../../../usr/local/lib/android/sdk/build-tools/34.0.0/renderscript/lib/packaged/armeabi-v7a: Cannot change mode to rwxr-xr-x: Operation not permitted
build	Cache Android SDK	2026-06-06T12:22:40.8974584Z /usr/bin/tar: ../../../../../usr/local/lib/android/sdk/build-tools/34.0.0/renderscript/lib/packaged: Cannot utime: Operation not permitted
build	Cache Android SDK	2026-06-06T12:22:40.8976380Z /usr/bin/tar: ../../../../../usr/local/lib/android/sdk/build-tools/34.0.0/renderscript/lib/packaged: Cannot change mode to rwxr-xr-x: Operation not permitted
build	Cache Android SDK	2026-06-06T12:22:40.8986604Z /usr/bin/tar: ../../../../../usr/local/lib/android/sdk/build-tools/34.0.0/renderscript/lib/bc/arm64-v8a: Cannot utime: Operation not permitted
build	Cache Android SDK	2026-06-06T12:22:40.8988150Z /usr/bin/tar: ../../../../../usr/local/lib/android/sdk/build-tools/34.0.0/renderscript/lib/bc/arm64-v8a: Cannot change mode to rwxr-xr-x: Operation not permitted
build	Cache Android SDK	2026-06-06T12:22:40.8992448Z /usr/bin/tar: ../../../../../usr/local/lib/android/sdk/build-tools/34.0.0/renderscript/lib/bc/x86: Cannot utime: Operation not permitted
build	Cache Android SDK	2026-06-06T12:22:40.8994450Z /usr/bin/tar: ../../../../../usr/local/lib/android/sdk/build-tools/34.0.0/renderscript/lib/bc/x86: Cannot change mode to rwxr-xr-x: Operation not permitted
build	Cache Android SDK	2026-06-06T12:22:40.8998691Z /usr/bin/tar: ../../../../../usr/local/lib/android/sdk/build-tools/34.0.0/renderscript/lib/bc/x86_64: Cannot utime: Operation not permitted
build	Cache Android SDK	2026-06-06T12:22:40.9000537Z /usr/bin/tar: ../../../../../usr/local/lib/android/sdk/build-tools/34.0.0/renderscript/lib/bc/x86_64: Cannot change mode to rwxr-xr-x: Operation not permitted
build	Cache Android SDK	2026-06-06T12:22:40.9004743Z /usr/bin/tar: ../../../../../usr/local/lib/android/sdk/build-tools/34.0.0/renderscript/lib/bc/armeabi-v7a: Cannot utime: Operation not permitted
build	Cache Android SDK	2026-06-06T12:22:40.9006794Z /usr/bin/tar: ../../../../../usr/local/lib/android/sdk/build-tools/34.0.0/renderscript/lib/bc/armeabi-v7a: Cannot change mode to rwxr-xr-x: Operation not permitted
build	Cache Android SDK	2026-06-06T12:22:40.9008943Z /usr/bin/tar: ../../../../../usr/local/lib/android/sdk/build-tools/34.0.0/renderscript/lib/bc: Cannot utime: Operation not permitted
build	Cache Android SDK	2026-06-06T12:22:40.9010752Z /usr/bin/tar: ../../../../../usr/local/lib/android/sdk/build-tools/34.0.0/renderscript/lib/bc: Cannot change mode to rwxr-xr-x: Operation not permitted
build	Cache Android SDK	2026-06-06T12:22:40.9032692Z /usr/bin/tar: ../../../../../usr/local/lib/android/sdk/build-tools/34.0.0/renderscript/lib/intermediates/arm64-v8a: Cannot utime: Operation not permitted
build	Cache Android SDK	2026-06-06T12:22:40.9033788Z /usr/bin/tar: ../../../../../usr/local/lib/android/sdk/build-tools/34.0.0/renderscript/lib/intermediates/arm64-v8a: Cannot change mode to rwxr-xr-x: Operation not permitted
build	Cache Android SDK	2026-06-06T12:22:40.9053830Z /usr/bin/tar: ../../../../../usr/local/lib/android/sdk/build-tools/34.0.0/renderscript/lib/intermediates/x86: Cannot utime: Operation not permitted
build	Cache Android SDK	2026-06-06T12:22:40.9055237Z /usr/bin/tar: ../../../../../usr/local/lib/android/sdk/build-tools/34.0.0/renderscript/lib/intermediates/x86: Cannot change mode to rwxr-xr-x: Operation not permitted
build	Cache Android SDK	2026-06-06T12:22:40.9089941Z /usr/bin/tar: ../../../../../usr/local/lib/android/sdk/build-tools/34.0.0/renderscript/lib/intermediates/x86_64: Cannot utime: Operation not permitted
build	Cache Android SDK	2026-06-06T12:22:40.9091335Z /usr/bin/tar: ../../../../../usr/local/lib/android/sdk/build-tools/34.0.0/renderscript/lib/intermediates/x86_64: Cannot change mode to rwxr-xr-x: Operation not permitted
build	Cache Android SDK	2026-06-06T12:22:40.9112826Z /usr/bin/tar: ../../../../../usr/local/lib/android/sdk/build-tools/34.0.0/renderscript/lib/intermediates/armeabi-v7a: Cannot utime: Operation not permitted
build	Cache Android SDK	2026-06-06T12:22:40.9114327Z /usr/bin/tar: ../../../../../usr/local/lib/android/sdk/build-tools/34.0.0/renderscript/lib/intermediates/armeabi-v7a: Cannot change mode to rwxr-xr-x: Operation not permitted
build	Cache Android SDK	2026-06-06T12:22:40.9115726Z /usr/bin/tar: ../../../../../usr/local/lib/android/sdk/build-tools/34.0.0/renderscript/lib/intermediates: Cannot utime: Operation not permitted
build	Cache Android SDK	2026-06-06T12:22:40.9117031Z /usr/bin/tar: ../../../../../usr/local/lib/android/sdk/build-tools/34.0.0/renderscript/lib/intermediates: Cannot change mode to rwxr-xr-x: Operation not permitted
build	Cache Android SDK	2026-06-06T12:22:40.9118390Z /usr/bin/tar: ../../../../../usr/local/lib/android/sdk/build-tools/34.0.0/renderscript/lib: Cannot utime: Operation not permitted
build	Cache Android SDK	2026-06-06T12:22:40.9119182Z /usr/bin/tar: ../../../../../usr/local/lib/android/sdk/build-tools/34.0.0/renderscript/lib: Cannot change mode to rwxr-xr-x: Operation not permitted
build	Cache Android SDK	2026-06-06T12:22:40.9132449Z /usr/bin/tar: ../../../../../usr/local/lib/android/sdk/build-tools/34.0.0/renderscript/include: Cannot utime: Operation not permitted
build	Cache Android SDK	2026-06-06T12:22:40.9133483Z /usr/bin/tar: ../../../../../usr/local/lib/android/sdk/build-tools/34.0.0/renderscript/include: Cannot change mode to rwxr-xr-x: Operation not permitted
build	Cache Android SDK	2026-06-06T12:22:40.9269148Z /usr/bin/tar: ../../../../../usr/local/lib/android/sdk/build-tools/34.0.0/renderscript/clang-include: Cannot utime: Operation not permitted
build	Cache Android SDK	2026-06-06T12:22:40.9275314Z /usr/bin/tar: ../../../../../usr/local/lib/android/sdk/build-tools/34.0.0/renderscript/clang-include: Cannot change mode to rwxr-xr-x: Operation not permitted
build	Cache Android SDK	2026-06-06T12:22:40.9277677Z /usr/bin/tar: ../../../../../usr/local/lib/android/sdk/build-tools/34.0.0/renderscript: Cannot utime: Operation not permitted
build	Cache Android SDK	2026-06-06T12:22:40.9279359Z /usr/bin/tar: ../../../../../usr/local/lib/android/sdk/build-tools/34.0.0/renderscript: Cannot change mode to rwxr-xr-x: Operation not permitted
build	Cache Android SDK	2026-06-06T12:22:41.0175522Z /usr/bin/tar: ../../../../../usr/local/lib/android/sdk/build-tools/34.0.0/lib64: Cannot utime: Operation not permitted
build	Cache Android SDK	2026-06-06T12:22:41.0177177Z /usr/bin/tar: ../../../../../usr/local/lib/android/sdk/build-tools/34.0.0/lib64: Cannot change mode to rwxr-xr-x: Operation not permitted
build	Cache Android SDK	2026-06-06T12:22:41.0253707Z /usr/bin/tar: ../../../../../usr/local/lib/android/sdk/build-tools/34.0.0: Cannot utime: Operation not permitted
build	Cache Android SDK	2026-06-06T12:22:41.0255289Z /usr/bin/tar: ../../../../../usr/local/lib/android/sdk/build-tools/34.0.0: Cannot change mode to rwxr-xr-x: Operation not permitted
build	Cache Android SDK	2026-06-06T12:22:41.0981030Z /usr/bin/tar: ../../../../../usr/local/lib/android/sdk/build-tools/35.0.1/lib: Cannot utime: Operation not permitted
build	Cache Android SDK	2026-06-06T12:22:41.0982474Z /usr/bin/tar: ../../../../../usr/local/lib/android/sdk/build-tools/35.0.1/lib: Cannot change mode to rwxr-xr-x: Operation not permitted
build	Cache Android SDK	2026-06-06T12:22:41.1673923Z /usr/bin/tar: ../../../../../usr/local/lib/android/sdk/build-tools/35.0.1/lld-bin: Cannot utime: Operation not permitted
build	Cache Android SDK	2026-06-06T12:22:41.1675667Z /usr/bin/tar: ../../../../../usr/local/lib/android/sdk/build-tools/35.0.1/lld-bin: Cannot change mode to rwxr-xr-x: Operation not permitted
build	Cache Android SDK	2026-06-06T12:22:41.1766866Z /usr/bin/tar: ../../../../../usr/local/lib/android/sdk/build-tools/35.0.1/renderscript/lib/blas/arm64-v8a: Cannot utime: Operation not permitted
build	Cache Android SDK	2026-06-06T12:22:41.1768704Z /usr/bin/tar: ../../../../../usr/local/lib/android/sdk/build-tools/35.0.1/renderscript/lib/blas/arm64-v8a: Cannot change mode to rwxr-xr-x: Operation not permitted
build	Cache Android SDK	2026-06-06T12:22:41.1790093Z /usr/bin/tar: ../../../../../usr/local/lib/android/sdk/build-tools/35.0.1/renderscript/lib/blas/x86: Cannot utime: Operation not permitted
build	Cache Android SDK	2026-06-06T12:22:41.1790982Z /usr/bin/tar: ../../../../../usr/local/lib/android/sdk/build-tools/35.0.1/renderscript/lib/blas/x86: Cannot change mode to rwxr-xr-x: Operation not permitted
build	Cache Android SDK	2026-06-06T12:22:41.1818426Z /usr/bin/tar: ../../../../../usr/local/lib/android/sdk/build-tools/35.0.1/renderscript/lib/blas/x86_64: Cannot utime: Operation not permitted
build	Cache Android SDK	2026-06-06T12:22:41.1820034Z /usr/bin/tar: ../../../../../usr/local/lib/android/sdk/build-tools/35.0.1/renderscript/lib/blas/x86_64: Cannot change mode to rwxr-xr-x: Operation not permitted
build	Cache Android SDK	2026-06-06T12:22:41.1833028Z /usr/bin/tar: ../../../../../usr/local/lib/android/sdk/build-tools/35.0.1/renderscript/lib/blas/armeabi-v7a: Cannot utime: Operation not permitted
build	Cache Android SDK	2026-06-06T12:22:41.1833948Z /usr/bin/tar: ../../../../../usr/local/lib/android/sdk/build-tools/35.0.1/renderscript/lib/blas/armeabi-v7a: Cannot change mode to rwxr-xr-x: Operation not permitted
build	Cache Android SDK	2026-06-06T12:22:41.1834818Z /usr/bin/tar: ../../../../../usr/local/lib/android/sdk/build-tools/35.0.1/renderscript/lib/blas: Cannot utime: Operation not permitted
build	Cache Android SDK	2026-06-06T12:22:41.1836135Z /usr/bin/tar: ../../../../../usr/local/lib/android/sdk/build-tools/35.0.1/renderscript/lib/blas: Cannot change mode to rwxr-xr-x: Operation not permitted
build	Cache Android SDK	2026-06-06T12:22:41.1851990Z /usr/bin/tar: ../../../../../usr/local/lib/android/sdk/build-tools/35.0.1/renderscript/lib/packaged/arm64-v8a: Cannot utime: Operation not permitted
build	Cache Android SDK	2026-06-06T12:22:41.1852961Z /usr/bin/tar: ../../../../../usr/local/lib/android/sdk/build-tools/35.0.1/renderscript/lib/packaged/arm64-v8a: Cannot change mode to rwxr-xr-x: Operation not permitted
build	Cache Android SDK	2026-06-06T12:22:41.1870527Z /usr/bin/tar: ../../../../../usr/local/lib/android/sdk/build-tools/35.0.1/renderscript/lib/packaged/x86: Cannot utime: Operation not permitted
build	Cache Android SDK	2026-06-06T12:22:41.1872423Z /usr/bin/tar: ../../../../../usr/local/lib/android/sdk/build-tools/35.0.1/renderscript/lib/packaged/x86: Cannot change mode to rwxr-xr-x: Operation not permitted
build	Cache Android SDK	2026-06-06T12:22:41.1889350Z /usr/bin/tar: ../../../../../usr/local/lib/android/sdk/build-tools/35.0.1/renderscript/lib/packaged/x86_64: Cannot utime: Operation not permitted
build	Cache Android SDK	2026-06-06T12:22:41.1890416Z /usr/bin/tar: ../../../../../usr/local/lib/android/sdk/build-tools/35.0.1/renderscript/lib/packaged/x86_64: Cannot change mode to rwxr-xr-x: Operation not permitted
build	Cache Android SDK	2026-06-06T12:22:41.1903507Z /usr/bin/tar: ../../../../../usr/local/lib/android/sdk/build-tools/35.0.1/renderscript/lib/packaged/armeabi-v7a: Cannot utime: Operation not permitted
build	Cache Android SDK	2026-06-06T12:22:41.1904479Z /usr/bin/tar: ../../../../../usr/local/lib/android/sdk/build-tools/35.0.1/renderscript/lib/packaged/armeabi-v7a: Cannot change mode to rwxr-xr-x: Operation not permitted
build	Cache Android SDK	2026-06-06T12:22:41.1905739Z /usr/bin/tar: ../../../../../usr/local/lib/android/sdk/build-tools/35.0.1/renderscript/lib/packaged: Cannot utime: Operation not permitted
build	Cache Android SDK	2026-06-06T12:22:41.1906674Z /usr/bin/tar: ../../../../../usr/local/lib/android/sdk/build-tools/35.0.1/renderscript/lib/packaged: Cannot change mode to rwxr-xr-x: Operation not permitted
build	Cache Android SDK	2026-06-06T12:22:41.1912119Z /usr/bin/tar: ../../../../../usr/local/lib/android/sdk/build-tools/35.0.1/renderscript/lib/bc/arm64-v8a: Cannot utime: Operation not permitted
build	Cache Android SDK	2026-06-06T12:22:41.1913193Z /usr/bin/tar: ../../../../../usr/local/lib/android/sdk/build-tools/35.0.1/renderscript/lib/bc/arm64-v8a: Cannot change mode to rwxr-xr-x: Operation not permitted
build	Cache Android SDK	2026-06-06T12:22:41.1919548Z /usr/bin/tar: ../../../../../usr/local/lib/android/sdk/build-tools/35.0.1/renderscript/lib/bc/x86: Cannot utime: Operation not permitted
build	Cache Android SDK	2026-06-06T12:22:41.1920410Z /usr/bin/tar: ../../../../../usr/local/lib/android/sdk/build-tools/35.0.1/renderscript/lib/bc/x86: Cannot change mode to rwxr-xr-x: Operation not permitted
build	Cache Android SDK	2026-06-06T12:22:41.1927120Z /usr/bin/tar: ../../../../../usr/local/lib/android/sdk/build-tools/35.0.1/renderscript/lib/bc/x86_64: Cannot utime: Operation not permitted
build	Cache Android SDK	2026-06-06T12:22:41.1928199Z /usr/bin/tar: ../../../../../usr/local/lib/android/sdk/build-tools/35.0.1/renderscript/lib/bc/x86_64: Cannot change mode to rwxr-xr-x: Operation not permitted
build	Cache Android SDK	2026-06-06T12:22:41.1932941Z /usr/bin/tar: ../../../../../usr/local/lib/android/sdk/build-tools/35.0.1/renderscript/lib/bc/armeabi-v7a: Cannot utime: Operation not permitted
build	Cache Android SDK	2026-06-06T12:22:41.1934757Z /usr/bin/tar: ../../../../../usr/local/lib/android/sdk/build-tools/35.0.1/renderscript/lib/bc/armeabi-v7a: Cannot change mode to rwxr-xr-x: Operation not permitted
build	Cache Android SDK	2026-06-06T12:22:41.1935747Z /usr/bin/tar: ../../../../../usr/local/lib/android/sdk/build-tools/35.0.1/renderscript/lib/bc: Cannot utime: Operation not permitted
build	Cache Android SDK	2026-06-06T12:22:41.1936988Z /usr/bin/tar: ../../../../../usr/local/lib/android/sdk/build-tools/35.0.1/renderscript/lib/bc: Cannot change mode to rwxr-xr-x: Operation not permitted
build	Cache Android SDK	2026-06-06T12:22:41.1958734Z /usr/bin/tar: ../../../../../usr/local/lib/android/sdk/build-tools/35.0.1/renderscript/lib/intermediates/arm64-v8a: Cannot utime: Operation not permitted
build	Cache Android SDK	2026-06-06T12:22:41.1960149Z /usr/bin/tar: ../../../../../usr/local/lib/android/sdk/build-tools/35.0.1/renderscript/lib/intermediates/arm64-v8a: Cannot change mode to rwxr-xr-x: Operation not permitted
build	Cache Android SDK	2026-06-06T12:22:41.1985347Z /usr/bin/tar: ../../../../../usr/local/lib/android/sdk/build-tools/35.0.1/renderscript/lib/intermediates/x86: Cannot utime: Operation not permitted
build	Cache Android SDK	2026-06-06T12:22:41.1986558Z /usr/bin/tar: ../../../../../usr/local/lib/android/sdk/build-tools/35.0.1/renderscript/lib/intermediates/x86: Cannot change mode to rwxr-xr-x: Operation not permitted
build	Cache Android SDK	2026-06-06T12:22:41.2016837Z /usr/bin/tar: ../../../../../usr/local/lib/android/sdk/build-tools/35.0.1/renderscript/lib/intermediates/x86_64: Cannot utime: Operation not permitted
build	Cache Android SDK	2026-06-06T12:22:41.2018104Z /usr/bin/tar: ../../../../../usr/local/lib/android/sdk/build-tools/35.0.1/renderscript/lib/intermediates/x86_64: Cannot change mode to rwxr-xr-x: Operation not permitted
build	Cache Android SDK	2026-06-06T12:22:41.2037935Z /usr/bin/tar: ../../../../../usr/local/lib/android/sdk/build-tools/35.0.1/renderscript/lib/intermediates/armeabi-v7a: Cannot utime: Operation not permitted
build	Cache Android SDK	2026-06-06T12:22:41.2039695Z /usr/bin/tar: ../../../../../usr/local/lib/android/sdk/build-tools/35.0.1/renderscript/lib/intermediates/armeabi-v7a: Cannot change mode to rwxr-xr-x: Operation not permitted
build	Cache Android SDK	2026-06-06T12:22:41.2041267Z /usr/bin/tar: ../../../../../usr/local/lib/android/sdk/build-tools/35.0.1/renderscript/lib/intermediates: Cannot utime: Operation not permitted
build	Cache Android SDK	2026-06-06T12:22:41.2042776Z /usr/bin/tar: ../../../../../usr/local/lib/android/sdk/build-tools/35.0.1/renderscript/lib/intermediates: Cannot change mode to rwxr-xr-x: Operation not permitted
build	Cache Android SDK	2026-06-06T12:22:41.2044586Z /usr/bin/tar: ../../../../../usr/local/lib/android/sdk/build-tools/35.0.1/renderscript/lib: Cannot utime: Operation not permitted
build	Cache Android SDK	2026-06-06T12:22:41.2046232Z /usr/bin/tar: ../../../../../usr/local/lib/android/sdk/build-tools/35.0.1/renderscript/lib: Cannot change mode to rwxr-xr-x: Operation not permitted
build	Cache Android SDK	2026-06-06T12:22:41.2055108Z /usr/bin/tar: ../../../../../usr/local/lib/android/sdk/build-tools/35.0.1/renderscript/include: Cannot utime: Operation not permitted
build	Cache Android SDK	2026-06-06T12:22:41.2056170Z /usr/bin/tar: ../../../../../usr/local/lib/android/sdk/build-tools/35.0.1/renderscript/include: Cannot change mode to rwxr-xr-x: Operation not permitted
build	Cache Android SDK	2026-06-06T12:22:41.2156249Z /usr/bin/tar: ../../../../../usr/local/lib/android/sdk/build-tools/35.0.1/renderscript/clang-include: Cannot utime: Operation not permitted
build	Cache Android SDK	2026-06-06T12:22:41.2158236Z /usr/bin/tar: ../../../../../usr/local/lib/android/sdk/build-tools/35.0.1/renderscript/clang-include: Cannot change mode to rwxr-xr-x: Operation not permitted
build	Cache Android SDK	2026-06-06T12:22:41.2159080Z /usr/bin/tar: ../../../../../usr/local/lib/android/sdk/build-tools/35.0.1/renderscript: Cannot utime: Operation not permitted
build	Cache Android SDK	2026-06-06T12:22:41.2159853Z /usr/bin/tar: ../../../../../usr/local/lib/android/sdk/build-tools/35.0.1/renderscript: Cannot change mode to rwxr-xr-x: Operation not permitted
build	Cache Android SDK	2026-06-06T12:22:41.2984528Z /usr/bin/tar: ../../../../../usr/local/lib/android/sdk/build-tools/35.0.1/lib64: Cannot utime: Operation not permitted
build	Cache Android SDK	2026-06-06T12:22:41.2986012Z /usr/bin/tar: ../../../../../usr/local/lib/android/sdk/build-tools/35.0.1/lib64: Cannot change mode to rwxr-xr-x: Operation not permitted
build	Cache Android SDK	2026-06-06T12:22:41.3076209Z /usr/bin/tar: ../../../../../usr/local/lib/android/sdk/build-tools/35.0.1: Cannot utime: Operation not permitted
build	Cache Android SDK	2026-06-06T12:22:41.3077836Z /usr/bin/tar: ../../../../../usr/local/lib/android/sdk/build-tools/35.0.1: Cannot change mode to rwxr-xr-x: Operation not permitted
build	Cache Android SDK	2026-06-06T12:22:41.4458976Z /usr/bin/tar: ../../../../../usr/local/lib/android/sdk/build-tools/36.1.0/lib: Cannot utime: Operation not permitted
build	Cache Android SDK	2026-06-06T12:22:41.4460064Z /usr/bin/tar: ../../../../../usr/local/lib/android/sdk/build-tools/36.1.0/lib: Cannot change mode to rwxr-xr-x: Operation not permitted
build	Cache Android SDK	2026-06-06T12:22:41.4906131Z /usr/bin/tar: ../../../../../usr/local/lib/android/sdk/build-tools/36.1.0/lld-bin: Cannot utime: Operation not permitted
build	Cache Android SDK	2026-06-06T12:22:41.4907940Z /usr/bin/tar: ../../../../../usr/local/lib/android/sdk/build-tools/36.1.0/lld-bin: Cannot change mode to rwxr-xr-x: Operation not permitted
build	Cache Android SDK	2026-06-06T12:22:41.4999902Z /usr/bin/tar: ../../../../../usr/local/lib/android/sdk/build-tools/36.1.0/renderscript/lib/blas/arm64-v8a: Cannot utime: Operation not permitted
build	Cache Android SDK	2026-06-06T12:22:41.5001250Z /usr/bin/tar: ../../../../../usr/local/lib/android/sdk/build-tools/36.1.0/renderscript/lib/blas/arm64-v8a: Cannot change mode to rwxr-xr-x: Operation not permitted
build	Cache Android SDK	2026-06-06T12:22:41.5026064Z /usr/bin/tar: ../../../../../usr/local/lib/android/sdk/build-tools/36.1.0/renderscript/lib/blas/x86: Cannot utime: Operation not permitted
build	Cache Android SDK	2026-06-06T12:22:41.5027742Z /usr/bin/tar: ../../../../../usr/local/lib/android/sdk/build-tools/36.1.0/renderscript/lib/blas/x86: Cannot change mode to rwxr-xr-x: Operation not permitted
build	Cache Android SDK	2026-06-06T12:22:41.5059027Z /usr/bin/tar: ../../../../../usr/local/lib/android/sdk/build-tools/36.1.0/renderscript/lib/blas/x86_64: Cannot utime: Operation not permitted
build	Cache Android SDK	2026-06-06T12:22:41.5060913Z /usr/bin/tar: ../../../../../usr/local/lib/android/sdk/build-tools/36.1.0/renderscript/lib/blas/x86_64: Cannot change mode to rwxr-xr-x: Operation not permitted
build	Cache Android SDK	2026-06-06T12:22:41.5073025Z /usr/bin/tar: ../../../../../usr/local/lib/android/sdk/build-tools/36.1.0/renderscript/lib/blas/armeabi-v7a: Cannot utime: Operation not permitted
build	Cache Android SDK	2026-06-06T12:22:41.5074698Z /usr/bin/tar: ../../../../../usr/local/lib/android/sdk/build-tools/36.1.0/renderscript/lib/blas/armeabi-v7a: Cannot change mode to rwxr-xr-x: Operation not permitted
build	Cache Android SDK	2026-06-06T12:22:41.5075922Z /usr/bin/tar: ../../../../../usr/local/lib/android/sdk/build-tools/36.1.0/renderscript/lib/blas: Cannot utime: Operation not permitted
build	Cache Android SDK	2026-06-06T12:22:41.5077158Z /usr/bin/tar: ../../../../../usr/local/lib/android/sdk/build-tools/36.1.0/renderscript/lib/blas: Cannot change mode to rwxr-xr-x: Operation not permitted
build	Cache Android SDK	2026-06-06T12:22:41.5092772Z /usr/bin/tar: ../../../../../usr/local/lib/android/sdk/build-tools/36.1.0/renderscript/lib/packaged/arm64-v8a: Cannot utime: Operation not permitted
build	Cache Android SDK	2026-06-06T12:22:41.5093982Z /usr/bin/tar: ../../../../../usr/local/lib/android/sdk/build-tools/36.1.0/renderscript/lib/packaged/arm64-v8a: Cannot change mode to rwxr-xr-x: Operation not permitted
build	Cache Android SDK	2026-06-06T12:22:41.5113991Z /usr/bin/tar: ../../../../../usr/local/lib/android/sdk/build-tools/36.1.0/renderscript/lib/packaged/x86: Cannot utime: Operation not permitted
build	Cache Android SDK	2026-06-06T12:22:41.5116123Z /usr/bin/tar: ../../../../../usr/local/lib/android/sdk/build-tools/36.1.0/renderscript/lib/packaged/x86: Cannot change mode to rwxr-xr-x: Operation not permitted
build	Cache Android SDK	2026-06-06T12:22:41.5132920Z /usr/bin/tar: ../../../../../usr/local/lib/android/sdk/build-tools/36.1.0/renderscript/lib/packaged/x86_64: Cannot utime: Operation not permitted
build	Cache Android SDK	2026-06-06T12:22:41.5133961Z /usr/bin/tar: ../../../../../usr/local/lib/android/sdk/build-tools/36.1.0/renderscript/lib/packaged/x86_64: Cannot change mode to rwxr-xr-x: Operation not permitted
build	Cache Android SDK	2026-06-06T12:22:41.5147054Z /usr/bin/tar: ../../../../../usr/local/lib/android/sdk/build-tools/36.1.0/renderscript/lib/packaged/armeabi-v7a: Cannot utime: Operation not permitted
build	Cache Android SDK	2026-06-06T12:22:41.5148591Z /usr/bin/tar: ../../../../../usr/local/lib/android/sdk/build-tools/36.1.0/renderscript/lib/packaged/armeabi-v7a: Cannot change mode to rwxr-xr-x: Operation not permitted
build	Cache Android SDK	2026-06-06T12:22:41.5149495Z /usr/bin/tar: ../../../../../usr/local/lib/android/sdk/build-tools/36.1.0/renderscript/lib/packaged: Cannot utime: Operation not permitted
build	Cache Android SDK	2026-06-06T12:22:41.5150434Z /usr/bin/tar: ../../../../../usr/local/lib/android/sdk/build-tools/36.1.0/renderscript/lib/packaged: Cannot change mode to rwxr-xr-x: Operation not permitted
build	Cache Android SDK	2026-06-06T12:22:41.5155927Z /usr/bin/tar: ../../../../../usr/local/lib/android/sdk/build-tools/36.1.0/renderscript/lib/bc/arm64-v8a: Cannot utime: Operation not permitted
build	Cache Android SDK	2026-06-06T12:22:41.5157340Z /usr/bin/tar: ../../../../../usr/local/lib/android/sdk/build-tools/36.1.0/renderscript/lib/bc/arm64-v8a: Cannot change mode to rwxr-xr-x: Operation not permitted
build	Cache Android SDK	2026-06-06T12:22:41.5163514Z /usr/bin/tar: ../../../../../usr/local/lib/android/sdk/build-tools/36.1.0/renderscript/lib/bc/x86: Cannot utime: Operation not permitted
build	Cache Android SDK	2026-06-06T12:22:41.5164793Z /usr/bin/tar: ../../../../../usr/local/lib/android/sdk/build-tools/36.1.0/renderscript/lib/bc/x86: Cannot change mode to rwxr-xr-x: Operation not permitted
build	Cache Android SDK	2026-06-06T12:22:41.5170855Z /usr/bin/tar: ../../../../../usr/local/lib/android/sdk/build-tools/36.1.0/renderscript/lib/bc/x86_64: Cannot utime: Operation not permitted
build	Cache Android SDK	2026-06-06T12:22:41.5171751Z /usr/bin/tar: ../../../../../usr/local/lib/android/sdk/build-tools/36.1.0/renderscript/lib/bc/x86_64: Cannot change mode to rwxr-xr-x: Operation not permitted
build	Cache Android SDK	2026-06-06T12:22:41.5177535Z /usr/bin/tar: ../../../../../usr/local/lib/android/sdk/build-tools/36.1.0/renderscript/lib/bc/armeabi-v7a: Cannot utime: Operation not permitted
build	Cache Android SDK	2026-06-06T12:22:41.5179644Z /usr/bin/tar: ../../../../../usr/local/lib/android/sdk/build-tools/36.1.0/renderscript/lib/bc/armeabi-v7a: Cannot change mode to rwxr-xr-x: Operation not permitted
build	Cache Android SDK	2026-06-06T12:22:41.5181642Z /usr/bin/tar: ../../../../../usr/local/lib/android/sdk/build-tools/36.1.0/renderscript/lib/bc: Cannot utime: Operation not permitted
build	Cache Android SDK	2026-06-06T12:22:41.5183470Z /usr/bin/tar: ../../../../../usr/local/lib/android/sdk/build-tools/36.1.0/renderscript/lib/bc: Cannot change mode to rwxr-xr-x: Operation not permitted
build	Cache Android SDK	2026-06-06T12:22:41.5203509Z /usr/bin/tar: ../../../../../usr/local/lib/android/sdk/build-tools/36.1.0/renderscript/lib/intermediates/arm64-v8a: Cannot utime: Operation not permitted
build	Cache Android SDK	2026-06-06T12:22:41.5204609Z /usr/bin/tar: ../../../../../usr/local/lib/android/sdk/build-tools/36.1.0/renderscript/lib/intermediates/arm64-v8a: Cannot change mode to rwxr-xr-x: Operation not permitted
build	Cache Android SDK	2026-06-06T12:22:41.5228893Z /usr/bin/tar: ../../../../../usr/local/lib/android/sdk/build-tools/36.1.0/renderscript/lib/intermediates/x86: Cannot utime: Operation not permitted
build	Cache Android SDK	2026-06-06T12:22:41.5230328Z /usr/bin/tar: ../../../../../usr/local/lib/android/sdk/build-tools/36.1.0/renderscript/lib/intermediates/x86: Cannot change mode to rwxr-xr-x: Operation not permitted
build	Cache Android SDK	2026-06-06T12:22:41.5262257Z /usr/bin/tar: ../../../../../usr/local/lib/android/sdk/build-tools/36.1.0/renderscript/lib/intermediates/x86_64: Cannot utime: Operation not permitted
build	Cache Android SDK	2026-06-06T12:22:41.5264042Z /usr/bin/tar: ../../../../../usr/local/lib/android/sdk/build-tools/36.1.0/renderscript/lib/intermediates/x86_64: Cannot change mode to rwxr-xr-x: Operation not permitted
build	Cache Android SDK	2026-06-06T12:22:41.5284358Z /usr/bin/tar: ../../../../../usr/local/lib/android/sdk/build-tools/36.1.0/renderscript/lib/intermediates/armeabi-v7a: Cannot utime: Operation not permitted
build	Cache Android SDK	2026-06-06T12:22:41.5286229Z /usr/bin/tar: ../../../../../usr/local/lib/android/sdk/build-tools/36.1.0/renderscript/lib/intermediates/armeabi-v7a: Cannot change mode to rwxr-xr-x: Operation not permitted
build	Cache Android SDK	2026-06-06T12:22:41.5287780Z /usr/bin/tar: ../../../../../usr/local/lib/android/sdk/build-tools/36.1.0/renderscript/lib/intermediates: Cannot utime: Operation not permitted
build	Cache Android SDK	2026-06-06T12:22:41.5289246Z /usr/bin/tar: ../../../../../usr/local/lib/android/sdk/build-tools/36.1.0/renderscript/lib/intermediates: Cannot change mode to rwxr-xr-x: Operation not permitted
build	Cache Android SDK	2026-06-06T12:22:41.5290671Z /usr/bin/tar: ../../../../../usr/local/lib/android/sdk/build-tools/36.1.0/renderscript/lib: Cannot utime: Operation not permitted
build	Cache Android SDK	2026-06-06T12:22:41.5291933Z /usr/bin/tar: ../../../../../usr/local/lib/android/sdk/build-tools/36.1.0/renderscript/lib: Cannot change mode to rwxr-xr-x: Operation not permitted
build	Cache Android SDK	2026-06-06T12:22:41.5346647Z /usr/bin/tar: ../../../../../usr/local/lib/android/sdk/build-tools/36.1.0/renderscript/include: Cannot utime: Operation not permitted
build	Cache Android SDK	2026-06-06T12:22:41.5347775Z /usr/bin/tar: ../../../../../usr/local/lib/android/sdk/build-tools/36.1.0/renderscript/include: Cannot change mode to rwxr-xr-x: Operation not permitted
build	Cache Android SDK	2026-06-06T12:22:41.5508031Z /usr/bin/tar: ../../../../../usr/local/lib/android/sdk/build-tools/36.1.0/renderscript/clang-include: Cannot utime: Operation not permitted
build	Cache Android SDK	2026-06-06T12:22:41.5509696Z /usr/bin/tar: ../../../../../usr/local/lib/android/sdk/build-tools/36.1.0/renderscript/clang-include: Cannot change mode to rwxr-xr-x: Operation not permitted
build	Cache Android SDK	2026-06-06T12:22:41.5511246Z /usr/bin/tar: ../../../../../usr/local/lib/android/sdk/build-tools/36.1.0/renderscript: Cannot utime: Operation not permitted
build	Cache Android SDK	2026-06-06T12:22:41.5512697Z /usr/bin/tar: ../../../../../usr/local/lib/android/sdk/build-tools/36.1.0/renderscript: Cannot change mode to rwxr-xr-x: Operation not permitted
build	Cache Android SDK	2026-06-06T12:22:41.6340215Z /usr/bin/tar: ../../../../../usr/local/lib/android/sdk/build-tools/36.1.0/lib64: Cannot utime: Operation not permitted
build	Cache Android SDK	2026-06-06T12:22:41.6342055Z /usr/bin/tar: ../../../../../usr/local/lib/android/sdk/build-tools/36.1.0/lib64: Cannot change mode to rwxr-xr-x: Operation not permitted
build	Cache Android SDK	2026-06-06T12:22:41.7701049Z /usr/bin/tar: ../../../../../usr/local/lib/android/sdk/build-tools/36.1.0: Cannot utime: Operation not permitted
build	Cache Android SDK	2026-06-06T12:22:41.7702354Z /usr/bin/tar: ../../../../../usr/local/lib/android/sdk/build-tools/36.1.0: Cannot change mode to rwxr-xr-x: Operation not permitted
build	Cache Android SDK	2026-06-06T12:22:41.8606334Z /usr/bin/tar: ../../../../../usr/local/lib/android/sdk/build-tools/36.0.0/lib: Cannot utime: Operation not permitted
build	Cache Android SDK	2026-06-06T12:22:41.8607173Z /usr/bin/tar: ../../../../../usr/local/lib/android/sdk/build-tools/36.0.0/lib: Cannot change mode to rwxr-xr-x: Operation not permitted
build	Cache Android SDK	2026-06-06T12:22:41.9092208Z /usr/bin/tar: ../../../../../usr/local/lib/android/sdk/build-tools/36.0.0/lld-bin: Cannot utime: Operation not permitted
build	Cache Android SDK	2026-06-06T12:22:41.9093862Z /usr/bin/tar: ../../../../../usr/local/lib/android/sdk/build-tools/36.0.0/lld-bin: Cannot change mode to rwxr-xr-x: Operation not permitted
build	Cache Android SDK	2026-06-06T12:22:41.9185987Z /usr/bin/tar: ../../../../../usr/local/lib/android/sdk/build-tools/36.0.0/renderscript/lib/blas/arm64-v8a: Cannot utime: Operation not permitted
build	Cache Android SDK	2026-06-06T12:22:41.9206999Z /usr/bin/tar: ../../../../../usr/local/lib/android/sdk/build-tools/36.0.0/renderscript/lib/blas/arm64-v8a: Cannot change mode to rwxr-xr-x: Operation not permitted
build	Cache Android SDK	2026-06-06T12:22:41.9208409Z /usr/bin/tar: ../../../../../usr/local/lib/android/sdk/build-tools/36.0.0/renderscript/lib/blas/x86: Cannot utime: Operation not permitted
build	Cache Android SDK	2026-06-06T12:22:41.9210133Z /usr/bin/tar: ../../../../../usr/local/lib/android/sdk/build-tools/36.0.0/renderscript/lib/blas/x86: Cannot change mode to rwxr-xr-x: Operation not permitted
build	Cache Android SDK	2026-06-06T12:22:41.9236091Z /usr/bin/tar: ../../../../../usr/local/lib/android/sdk/build-tools/36.0.0/renderscript/lib/blas/x86_64: Cannot utime: Operation not permitted
build	Cache Android SDK	2026-06-06T12:22:41.9236988Z /usr/bin/tar: ../../../../../usr/local/lib/android/sdk/build-tools/36.0.0/renderscript/lib/blas/x86_64: Cannot change mode to rwxr-xr-x: Operation not permitted
build	Cache Android SDK	2026-06-06T12:22:41.9251680Z /usr/bin/tar: ../../../../../usr/local/lib/android/sdk/build-tools/36.0.0/renderscript/lib/blas/armeabi-v7a: Cannot utime: Operation not permitted
build	Cache Android SDK	2026-06-06T12:22:41.9253704Z /usr/bin/tar: ../../../../../usr/local/lib/android/sdk/build-tools/36.0.0/renderscript/lib/blas/armeabi-v7a: Cannot change mode to rwxr-xr-x: Operation not permitted
build	Cache Android SDK	2026-06-06T12:22:41.9256082Z /usr/bin/tar: ../../../../../usr/local/lib/android/sdk/build-tools/36.0.0/renderscript/lib/blas: Cannot utime: Operation not permitted
build	Cache Android SDK	2026-06-06T12:22:41.9258224Z /usr/bin/tar: ../../../../../usr/local/lib/android/sdk/build-tools/36.0.0/renderscript/lib/blas: Cannot change mode to rwxr-xr-x: Operation not permitted
build	Cache Android SDK	2026-06-06T12:22:41.9271021Z /usr/bin/tar: ../../../../../usr/local/lib/android/sdk/build-tools/36.0.0/renderscript/lib/packaged/arm64-v8a: Cannot utime: Operation not permitted
build	Cache Android SDK	2026-06-06T12:22:41.9273210Z /usr/bin/tar: ../../../../../usr/local/lib/android/sdk/build-tools/36.0.0/renderscript/lib/packaged/arm64-v8a: Cannot change mode to rwxr-xr-x: Operation not permitted
build	Cache Android SDK	2026-06-06T12:22:41.9288932Z /usr/bin/tar: ../../../../../usr/local/lib/android/sdk/build-tools/36.0.0/renderscript/lib/packaged/x86: Cannot utime: Operation not permitted
build	Cache Android SDK	2026-06-06T12:22:41.9291045Z /usr/bin/tar: ../../../../../usr/local/lib/android/sdk/build-tools/36.0.0/renderscript/lib/packaged/x86: Cannot change mode to rwxr-xr-x: Operation not permitted
build	Cache Android SDK	2026-06-06T12:22:41.9307246Z /usr/bin/tar: ../../../../../usr/local/lib/android/sdk/build-tools/36.0.0/renderscript/lib/packaged/x86_64: Cannot utime: Operation not permitted
build	Cache Android SDK	2026-06-06T12:22:41.9309047Z /usr/bin/tar: ../../../../../usr/local/lib/android/sdk/build-tools/36.0.0/renderscript/lib/packaged/x86_64: Cannot change mode to rwxr-xr-x: Operation not permitted
build	Cache Android SDK	2026-06-06T12:22:41.9321115Z /usr/bin/tar: ../../../../../usr/local/lib/android/sdk/build-tools/36.0.0/renderscript/lib/packaged/armeabi-v7a: Cannot utime: Operation not permitted
build	Cache Android SDK	2026-06-06T12:22:41.9322392Z /usr/bin/tar: ../../../../../usr/local/lib/android/sdk/build-tools/36.0.0/renderscript/lib/packaged/armeabi-v7a: Cannot change mode to rwxr-xr-x: Operation not permitted
build	Cache Android SDK	2026-06-06T12:22:41.9323582Z /usr/bin/tar: ../../../../../usr/local/lib/android/sdk/build-tools/36.0.0/renderscript/lib/packaged: Cannot utime: Operation not permitted
build	Cache Android SDK	2026-06-06T12:22:41.9324594Z /usr/bin/tar: ../../../../../usr/local/lib/android/sdk/build-tools/36.0.0/renderscript/lib/packaged: Cannot change mode to rwxr-xr-x: Operation not permitted
build	Cache Android SDK	2026-06-06T12:22:41.9536640Z /usr/bin/tar: ../../../../../usr/local/lib/android/sdk/build-tools/36.0.0/renderscript/lib/bc/arm64-v8a: Cannot utime: Operation not permitted
build	Cache Android SDK	2026-06-06T12:22:41.9537891Z /usr/bin/tar: ../../../../../usr/local/lib/android/sdk/build-tools/36.0.0/renderscript/lib/bc/arm64-v8a: Cannot change mode to rwxr-xr-x: Operation not permitted
build	Cache Android SDK	2026-06-06T12:22:41.9542981Z /usr/bin/tar: ../../../../../usr/local/lib/android/sdk/build-tools/36.0.0/renderscript/lib/bc/x86: Cannot utime: Operation not permitted
build	Cache Android SDK	2026-06-06T12:22:41.9543852Z /usr/bin/tar: ../../../../../usr/local/lib/android/sdk/build-tools/36.0.0/renderscript/lib/bc/x86: Cannot change mode to rwxr-xr-x: Operation not permitted
build	Cache Android SDK	2026-06-06T12:22:41.9550028Z /usr/bin/tar: ../../../../../usr/local/lib/android/sdk/build-tools/36.0.0/renderscript/lib/bc/x86_64: Cannot utime: Operation not permitted
build	Cache Android SDK	2026-06-06T12:22:41.9551960Z /usr/bin/tar: ../../../../../usr/local/lib/android/sdk/build-tools/36.0.0/renderscript/lib/bc/x86_64: Cannot change mode to rwxr-xr-x: Operation not permitted
build	Cache Android SDK	2026-06-06T12:22:41.9556437Z /usr/bin/tar: ../../../../../usr/local/lib/android/sdk/build-tools/36.0.0/renderscript/lib/bc/armeabi-v7a: Cannot utime: Operation not permitted
build	Cache Android SDK	2026-06-06T12:22:41.9558426Z /usr/bin/tar: ../../../../../usr/local/lib/android/sdk/build-tools/36.0.0/renderscript/lib/bc/armeabi-v7a: Cannot change mode to rwxr-xr-x: Operation not permitted
build	Cache Android SDK	2026-06-06T12:22:41.9559422Z /usr/bin/tar: ../../../../../usr/local/lib/android/sdk/build-tools/36.0.0/renderscript/lib/bc: Cannot utime: Operation not permitted
build	Cache Android SDK	2026-06-06T12:22:41.9560231Z /usr/bin/tar: ../../../../../usr/local/lib/android/sdk/build-tools/36.0.0/renderscript/lib/bc: Cannot change mode to rwxr-xr-x: Operation not permitted
build	Cache Android SDK	2026-06-06T12:22:41.9624594Z /usr/bin/tar: ../../../../../usr/local/lib/android/sdk/build-tools/36.0.0/renderscript/lib/intermediates/arm64-v8a: Cannot utime: Operation not permitted
build	Cache Android SDK	2026-06-06T12:22:41.9626863Z /usr/bin/tar: ../../../../../usr/local/lib/android/sdk/build-tools/36.0.0/renderscript/lib/intermediates/arm64-v8a: Cannot change mode to rwxr-xr-x: Operation not permitted
build	Cache Android SDK	2026-06-06T12:22:41.9644178Z /usr/bin/tar: ../../../../../usr/local/lib/android/sdk/build-tools/36.0.0/renderscript/lib/intermediates/x86: Cannot utime: Operation not permitted
build	Cache Android SDK	2026-06-06T12:22:41.9645878Z /usr/bin/tar: ../../../../../usr/local/lib/android/sdk/build-tools/36.0.0/renderscript/lib/intermediates/x86: Cannot change mode to rwxr-xr-x: Operation not permitted
build	Cache Android SDK	2026-06-06T12:22:41.9680887Z /usr/bin/tar: ../../../../../usr/local/lib/android/sdk/build-tools/36.0.0/renderscript/lib/intermediates/x86_64: Cannot utime: Operation not permitted
build	Cache Android SDK	2026-06-06T12:22:41.9682831Z /usr/bin/tar: ../../../../../usr/local/lib/android/sdk/build-tools/36.0.0/renderscript/lib/intermediates/x86_64: Cannot change mode to rwxr-xr-x: Operation not permitted
build	Cache Android SDK	2026-06-06T12:22:41.9702630Z /usr/bin/tar: ../../../../../usr/local/lib/android/sdk/build-tools/36.0.0/renderscript/lib/intermediates/armeabi-v7a: Cannot utime: Operation not permitted
build	Cache Android SDK	2026-06-06T12:22:41.9704210Z /usr/bin/tar: ../../../../../usr/local/lib/android/sdk/build-tools/36.0.0/renderscript/lib/intermediates/armeabi-v7a: Cannot change mode to rwxr-xr-x: Operation not permitted
build	Cache Android SDK	2026-06-06T12:22:41.9706181Z /usr/bin/tar: ../../../../../usr/local/lib/android/sdk/build-tools/36.0.0/renderscript/lib/intermediates: Cannot utime: Operation not permitted
build	Cache Android SDK	2026-06-06T12:22:41.9708070Z /usr/bin/tar: ../../../../../usr/local/lib/android/sdk/build-tools/36.0.0/renderscript/lib/intermediates: Cannot change mode to rwxr-xr-x: Operation not permitted
build	Cache Android SDK	2026-06-06T12:22:41.9709320Z /usr/bin/tar: ../../../../../usr/local/lib/android/sdk/build-tools/36.0.0/renderscript/lib: Cannot utime: Operation not permitted
build	Cache Android SDK	2026-06-06T12:22:41.9710568Z /usr/bin/tar: ../../../../../usr/local/lib/android/sdk/build-tools/36.0.0/renderscript/lib: Cannot change mode to rwxr-xr-x: Operation not permitted
build	Cache Android SDK	2026-06-06T12:22:41.9802412Z /usr/bin/tar: ../../../../../usr/local/lib/android/sdk/build-tools/36.0.0/renderscript/include: Cannot utime: Operation not permitted
build	Cache Android SDK	2026-06-06T12:22:41.9803549Z /usr/bin/tar: ../../../../../usr/local/lib/android/sdk/build-tools/36.0.0/renderscript/include: Cannot change mode to rwxr-xr-x: Operation not permitted
build	Cache Android SDK	2026-06-06T12:22:42.0539291Z /usr/bin/tar: ../../../../../usr/local/lib/android/sdk/build-tools/36.0.0/renderscript/clang-include: Cannot utime: Operation not permitted
build	Cache Android SDK	2026-06-06T12:22:42.0540700Z /usr/bin/tar: ../../../../../usr/local/lib/android/sdk/build-tools/36.0.0/renderscript/clang-include: Cannot change mode to rwxr-xr-x: Operation not permitted
build	Cache Android SDK	2026-06-06T12:22:42.0541570Z /usr/bin/tar: ../../../../../usr/local/lib/android/sdk/build-tools/36.0.0/renderscript: Cannot utime: Operation not permitted
build	Cache Android SDK	2026-06-06T12:22:42.0542357Z /usr/bin/tar: ../../../../../usr/local/lib/android/sdk/build-tools/36.0.0/renderscript: Cannot change mode to rwxr-xr-x: Operation not permitted
build	Cache Android SDK	2026-06-06T12:22:42.1507245Z /usr/bin/tar: ../../../../../usr/local/lib/android/sdk/build-tools/36.0.0/lib64: Cannot utime: Operation not permitted
build	Cache Android SDK	2026-06-06T12:22:42.1509101Z /usr/bin/tar: ../../../../../usr/local/lib/android/sdk/build-tools/36.0.0/lib64: Cannot change mode to rwxr-xr-x: Operation not permitted
build	Cache Android SDK	2026-06-06T12:22:42.1582508Z /usr/bin/tar: ../../../../../usr/local/lib/android/sdk/build-tools/36.0.0: Cannot utime: Operation not permitted
build	Cache Android SDK	2026-06-06T12:22:42.1583354Z /usr/bin/tar: ../../../../../usr/local/lib/android/sdk/build-tools/36.0.0: Cannot change mode to rwxr-xr-x: Operation not permitted
build	Cache Android SDK	2026-06-06T12:22:42.1584105Z /usr/bin/tar: ../../../../../usr/local/lib/android/sdk/build-tools: Cannot utime: Operation not permitted
build	Cache Android SDK	2026-06-06T12:22:42.1584770Z /usr/bin/tar: ../../../../../usr/local/lib/android/sdk/build-tools: Cannot change mode to rwxr-xr-x: Operation not permitted
build	Cache Android SDK	2026-06-06T12:22:42.1613521Z /usr/bin/tar: ../../../../../usr/local/lib/android/sdk/platforms/android-34-ext12/optional/libbinder_ndk_cpp/android: Cannot utime: Operation not permitted
build	Cache Android SDK	2026-06-06T12:22:42.1615194Z /usr/bin/tar: ../../../../../usr/local/lib/android/sdk/platforms/android-34-ext12/optional/libbinder_ndk_cpp/android: Cannot change mode to rwxr-xr-x: Operation not permitted
build	Cache Android SDK	2026-06-06T12:22:42.1616788Z /usr/bin/tar: ../../../../../usr/local/lib/android/sdk/platforms/android-34-ext12/optional/libbinder_ndk_cpp: Cannot utime: Operation not permitted
build	Cache Android SDK	2026-06-06T12:22:42.1618259Z /usr/bin/tar: ../../../../../usr/local/lib/android/sdk/platforms/android-34-ext12/optional/libbinder_ndk_cpp: Cannot change mode to rwxr-xr-x: Operation not permitted
build	Cache Android SDK	2026-06-06T12:22:42.1619982Z /usr/bin/tar: ../../../../../usr/local/lib/android/sdk/platforms/android-34-ext12/optional: Cannot utime: Operation not permitted
build	Cache Android SDK	2026-06-06T12:22:42.1621571Z /usr/bin/tar: ../../../../../usr/local/lib/android/sdk/platforms/android-34-ext12/optional: Cannot change mode to rwxr-xr-x: Operation not permitted
build	Cache Android SDK	2026-06-06T12:22:42.1709968Z /usr/bin/tar: ../../../../../usr/local/lib/android/sdk/platforms/android-34-ext12/skins/WXGA800: Cannot utime: Operation not permitted
build	Cache Android SDK	2026-06-06T12:22:42.1710956Z /usr/bin/tar: ../../../../../usr/local/lib/android/sdk/platforms/android-34-ext12/skins/WXGA800: Cannot change mode to rwxr-xr-x: Operation not permitted
build	Cache Android SDK	2026-06-06T12:22:42.1716496Z /usr/bin/tar: ../../../../../usr/local/lib/android/sdk/platforms/android-34-ext12/skins/HVGA: Cannot utime: Operation not permitted
build	Cache Android SDK	2026-06-06T12:22:42.1717916Z /usr/bin/tar: ../../../../../usr/local/lib/android/sdk/platforms/android-34-ext12/skins/HVGA: Cannot change mode to rwxr-xr-x: Operation not permitted
build	Cache Android SDK	2026-06-06T12:22:42.1726125Z /usr/bin/tar: ../../../../../usr/local/lib/android/sdk/platforms/android-34-ext12/skins/WSVGA: Cannot utime: Operation not permitted
build	Cache Android SDK	2026-06-06T12:22:42.1727047Z /usr/bin/tar: ../../../../../usr/local/lib/android/sdk/platforms/android-34-ext12/skins/WSVGA: Cannot change mode to rwxr-xr-x: Operation not permitted
build	Cache Android SDK	2026-06-06T12:22:42.1735058Z /usr/bin/tar: ../../../../../usr/local/lib/android/sdk/platforms/android-34-ext12/skins/WQVGA432: Cannot utime: Operation not permitted
build	Cache Android SDK	2026-06-06T12:22:42.1736028Z /usr/bin/tar: ../../../../../usr/local/lib/android/sdk/platforms/android-34-ext12/skins/WQVGA432: Cannot change mode to rwxr-xr-x: Operation not permitted
build	Cache Android SDK	2026-06-06T12:22:42.1743385Z /usr/bin/tar: ../../../../../usr/local/lib/android/sdk/platforms/android-34-ext12/skins/WVGA854: Cannot utime: Operation not permitted
build	Cache Android SDK	2026-06-06T12:22:42.1744238Z /usr/bin/tar: ../../../../../usr/local/lib/android/sdk/platforms/android-34-ext12/skins/WVGA854: Cannot change mode to rwxr-xr-x: Operation not permitted
build	Cache Android SDK	2026-06-06T12:22:42.1751256Z /usr/bin/tar: ../../../../../usr/local/lib/android/sdk/platforms/android-34-ext12/skins/WXGA800-7in: Cannot utime: Operation not permitted
build	Cache Android SDK	2026-06-06T12:22:42.1752149Z /usr/bin/tar: ../../../../../usr/local/lib/android/sdk/platforms/android-34-ext12/skins/WXGA800-7in: Cannot change mode to rwxr-xr-x: Operation not permitted
build	Cache Android SDK	2026-06-06T12:22:42.1759566Z /usr/bin/tar: ../../../../../usr/local/lib/android/sdk/platforms/android-34-ext12/skins/QVGA: Cannot utime: Operation not permitted
build	Cache Android SDK	2026-06-06T12:22:42.1761348Z /usr/bin/tar: ../../../../../usr/local/lib/android/sdk/platforms/android-34-ext12/skins/QVGA: Cannot change mode to rwxr-xr-x: Operation not permitted
build	Cache Android SDK	2026-06-06T12:22:42.1769391Z /usr/bin/tar: ../../../../../usr/local/lib/android/sdk/platforms/android-34-ext12/skins/WQVGA400: Cannot utime: Operation not permitted
build	Cache Android SDK	2026-06-06T12:22:42.1771135Z /usr/bin/tar: ../../../../../usr/local/lib/android/sdk/platforms/android-34-ext12/skins/WQVGA400: Cannot change mode to rwxr-xr-x: Operation not permitted
build	Cache Android SDK	2026-06-06T12:22:42.1787600Z /usr/bin/tar: ../../../../../usr/local/lib/android/sdk/platforms/android-34-ext12/skins/WVGA800: Cannot utime: Operation not permitted
build	Cache Android SDK	2026-06-06T12:22:42.1788546Z /usr/bin/tar: ../../../../../usr/local/lib/android/sdk/platforms/android-34-ext12/skins/WVGA800: Cannot change mode to rwxr-xr-x: Operation not permitted
build	Cache Android SDK	2026-06-06T12:22:42.1795185Z /usr/bin/tar: ../../../../../usr/local/lib/android/sdk/platforms/android-34-ext12/skins/WXGA720: Cannot utime: Operation not permitted
build	Cache Android SDK	2026-06-06T12:22:42.1796240Z /usr/bin/tar: ../../../../../usr/local/lib/android/sdk/platforms/android-34-ext12/skins/WXGA720: Cannot change mode to rwxr-xr-x: Operation not permitted
build	Cache Android SDK	2026-06-06T12:22:42.1797622Z /usr/bin/tar: ../../../../../usr/local/lib/android/sdk/platforms/android-34-ext12/skins: Cannot utime: Operation not permitted
build	Cache Android SDK	2026-06-06T12:22:42.1798676Z /usr/bin/tar: ../../../../../usr/local/lib/android/sdk/platforms/android-34-ext12/skins: Cannot change mode to rwxr-xr-x: Operation not permitted
build	Cache Android SDK	2026-06-06T12:22:42.2260412Z /usr/bin/tar: ../../../../../usr/local/lib/android/sdk/platforms/android-34-ext12/templates: Cannot utime: Operation not permitted
build	Cache Android SDK	2026-06-06T12:22:42.2261424Z /usr/bin/tar: ../../../../../usr/local/lib/android/sdk/platforms/android-34-ext12/templates: Cannot change mode to rwxr-xr-x: Operation not permitted
build	Cache Android SDK	2026-06-06T12:22:42.3232014Z /usr/bin/tar: ../../../../../usr/local/lib/android/sdk/platforms/android-34-ext12/data/res/values-mcc310-mnc160-sk: Cannot utime: Operation not permitted
build	Cache Android SDK	2026-06-06T12:22:42.3233198Z /usr/bin/tar: ../../../../../usr/local/lib/android/sdk/platforms/android-34-ext12/data/res/values-mcc310-mnc160-sk: Cannot change mode to rwxr-xr-x: Operation not permitted
build	Cache Android SDK	2026-06-06T12:22:42.3238777Z /usr/bin/tar: ../../../../../usr/local/lib/android/sdk/platforms/android-34-ext12/data/res/values-mcc302-mnc370-hr: Cannot utime: Operation not permitted
build	Cache Android SDK	2026-06-06T12:22:42.3239761Z /usr/bin/tar: ../../../../../usr/local/lib/android/sdk/platforms/android-34-ext12/data/res/values-mcc302-mnc370-hr: Cannot change mode to rwxr-xr-x: Operation not permitted
build	Cache Android SDK	2026-06-06T12:22:42.3252324Z /usr/bin/tar: ../../../../../usr/local/lib/android/sdk/platforms/android-34-ext12/data/res/values-mcc310-mnc950-zh-rHK: Cannot utime: Operation not permitted
build	Cache Android SDK	2026-06-06T12:22:42.3253464Z /usr/bin/tar: ../../../../../usr/local/lib/android/sdk/platforms/android-34-ext12/data/res/values-mcc310-mnc950-zh-rHK: Cannot change mode to rwxr-xr-x: Operation not permitted
build	Cache Android SDK	2026-06-06T12:22:42.3258347Z /usr/bin/tar: ../../../../../usr/local/lib/android/sdk/platforms/android-34-ext12/data/res/values-mcc310-mnc210-et: Cannot utime: Operation not permitted
build	Cache Android SDK	2026-06-06T12:22:42.3259300Z /usr/bin/tar: ../../../../../usr/local/lib/android/sdk/platforms/android-34-ext12/data/res/values-mcc310-mnc210-et: Cannot change mode to rwxr-xr-x: Operation not permitted
build	Cache Android SDK	2026-06-06T12:22:42.3262125Z /usr/bin/tar: ../../../../../usr/local/lib/android/sdk/platforms/android-34-ext12/data/res/values-mcc310-mnc170-sl: Cannot utime: Operation not permitted
build	Cache Android SDK	2026-06-06T12:22:42.3263072Z /usr/bin/tar: ../../../../../usr/local/lib/android/sdk/platforms/android-34-ext12/data/res/values-mcc310-mnc170-sl: Cannot change mode to rwxr-xr-x: Operation not permitted
build	Cache Android SDK	2026-06-06T12:22:42.3267915Z /usr/bin/tar: ../../../../../usr/local/lib/android/sdk/platforms/android-34-ext12/data/res/values-mcc310-mnc150-eu: Cannot utime: Operation not permitted
build	Cache Android SDK	2026-06-06T12:22:42.3269099Z /usr/bin/tar: ../../../../../usr/local/lib/android/sdk/platforms/android-34-ext12/data/res/values-mcc310-mnc150-eu: Cannot change mode to rwxr-xr-x: Operation not permitted
build	Cache Android SDK	2026-06-06T12:22:42.3274055Z /usr/bin/tar: ../../../../../usr/local/lib/android/sdk/platforms/android-34-ext12/data/res/values-mcc334-mnc020-bs: Cannot utime: Operation not permitted
build	Cache Android SDK	2026-06-06T12:22:42.3275019Z /usr/bin/tar: ../../../../../usr/local/lib/android/sdk/platforms/android-34-ext12/data/res/values-mcc334-mnc020-bs: Cannot change mode to rwxr-xr-x: Operation not permitted
build	Cache Android SDK	2026-06-06T12:22:42.3276965Z /usr/bin/tar: ../../../../../usr/local/lib/android/sdk/platforms/android-34-ext12/data/res/values-mcc310-mnc310-en-rAU: Cannot utime: Operation not permitted
build	Cache Android SDK	2026-06-06T12:22:42.3278206Z /usr/bin/tar: ../../../../../usr/local/lib/android/sdk/platforms/android-34-ext12/data/res/values-mcc310-mnc310-en-rAU: Cannot change mode to rwxr-xr-x: Operation not permitted
build	Cache Android SDK	2026-06-06T12:22:42.3284176Z /usr/bin/tar: ../../../../../usr/local/lib/android/sdk/platforms/android-34-ext12/data/res/values-mcc334-mnc020-nl: Cannot utime: Operation not permitted
build	Cache Android SDK	2026-06-06T12:22:42.3285140Z /usr/bin/tar: ../../../../../usr/local/lib/android/sdk/platforms/android-34-ext12/data/res/values-mcc334-mnc020-nl: Cannot change mode to rwxr-xr-x: Operation not permitted
build	Cache Android SDK	2026-06-06T12:22:42.3287699Z /usr/bin/tar: ../../../../../usr/local/lib/android/sdk/platforms/android-34-ext12/data/res/raw-nl: Cannot utime: Operation not permitted
build	Cache Android SDK	2026-06-06T12:22:42.3288631Z /usr/bin/tar: ../../../../../usr/local/lib/android/sdk/platforms/android-34-ext12/data/res/raw-nl: Cannot change mode to rwxr-xr-x: Operation not permitted
build	Cache Android SDK	2026-06-06T12:22:42.3290775Z /usr/bin/tar: ../../../../../usr/local/lib/android/sdk/platforms/android-34-ext12/data/res/values-mcc310-mnc800-pl: Cannot utime: Operation not permitted
build	Cache Android SDK	2026-06-06T12:22:42.3291743Z /usr/bin/tar: ../../../../../usr/local/lib/android/sdk/platforms/android-34-ext12/data/res/values-mcc310-mnc800-pl: Cannot change mode to rwxr-xr-x: Operation not permitted
build	Cache Android SDK	2026-06-06T12:22:42.3296499Z /usr/bin/tar: ../../../../../usr/local/lib/android/sdk/platforms/android-34-ext12/data/res/values-mcc310-mnc490-sk: Cannot utime: Operation not permitted
build	Cache Android SDK	2026-06-06T12:22:42.3297602Z /usr/bin/tar: ../../../../../usr/local/lib/android/sdk/platforms/android-34-ext12/data/res/values-mcc310-mnc490-sk: Cannot change mode to rwxr-xr-x: Operation not permitted
build	Cache Android SDK	2026-06-06T12:22:42.3306120Z /usr/bin/tar: ../../../../../usr/local/lib/android/sdk/platforms/android-34-ext12/data/res/values-si: Cannot utime: Operation not permitted
build	Cache Android SDK	2026-06-06T12:22:42.3307515Z /usr/bin/tar: ../../../../../usr/local/lib/android/sdk/platforms/android-34-ext12/data/res/values-si: Cannot change mode to rwxr-xr-x: Operation not permitted
build	Cache Android SDK	2026-06-06T12:22:42.3309140Z /usr/bin/tar: ../../../../../usr/local/lib/android/sdk/platforms/android-34-ext12/data/res/values-mcc311-mnc180-bg: Cannot utime: Operation not permitted
build	Cache Android SDK	2026-06-06T12:22:42.3310392Z /usr/bin/tar: ../../../../../usr/local/lib/android/sdk/platforms/android-34-ext12/data/res/values-mcc311-mnc180-bg: Cannot change mode to rwxr-xr-x: Operation not permitted
build	Cache Android SDK	2026-06-06T12:22:42.3311969Z /usr/bin/tar: ../../../../../usr/local/lib/android/sdk/platforms/android-34-ext12/data/res/values-mcc310-mnc160-be: Cannot utime: Operation not permitted
build	Cache Android SDK	2026-06-06T12:22:42.3312943Z /usr/bin/tar: ../../../../../usr/local/lib/android/sdk/platforms/android-34-ext12/data/res/values-mcc310-mnc160-be: Cannot change mode to rwxr-xr-x: Operation not permitted
build	Cache Android SDK	2026-06-06T12:22:42.3315071Z /usr/bin/tar: ../../../../../usr/local/lib/android/sdk/platforms/android-34-ext12/data/res/values-mcc310-mnc280-pt: Cannot utime: Operation not permitted
build	Cache Android SDK	2026-06-06T12:22:42.3316113Z /usr/bin/tar: ../../../../../usr/local/lib/android/sdk/platforms/android-34-ext12/data/res/values-mcc310-mnc280-pt: Cannot change mode to rwxr-xr-x: Operation not permitted
build	Cache Android SDK	2026-06-06T12:22:42.3320640Z /usr/bin/tar: ../../../../../usr/local/lib/android/sdk/platforms/android-34-ext12/data/res/values-mcc302-mnc720-zh-rHK: Cannot utime: Operation not permitted
build	Cache Android SDK	2026-06-06T12:22:42.3321989Z /usr/bin/tar: ../../../../../usr/local/lib/android/sdk/platforms/android-34-ext12/data/res/values-mcc302-mnc720-zh-rHK: Cannot change mode to rwxr-xr-x: Operation not permitted
build	Cache Android SDK	2026-06-06T12:22:42.3323158Z /usr/bin/tar: ../../../../../usr/local/lib/android/sdk/platforms/android-34-ext12/data/res/values-mcc440-mnc50: Cannot utime: Operation not permitted
build	Cache Android SDK	2026-06-06T12:22:42.3324186Z /usr/bin/tar: ../../../../../usr/local/lib/android/sdk/platforms/android-34-ext12/data/res/values-mcc440-mnc50: Cannot change mode to rwxr-xr-x: Operation not permitted
build	Cache Android SDK	2026-06-06T12:22:42.3326516Z /usr/bin/tar: ../../../../../usr/local/lib/android/sdk/platforms/android-34-ext12/data/res/values-tr-television: Cannot utime: Operation not permitted
build	Cache Android SDK	2026-06-06T12:22:42.3327769Z /usr/bin/tar: ../../../../../usr/local/lib/android/sdk/platforms/android-34-ext12/data/res/values-tr-television: Cannot change mode to rwxr-xr-x: Operation not permitted
build	Cache Android SDK	2026-06-06T12:22:42.3333481Z /usr/bin/tar: ../../../../../usr/local/lib/android/sdk/platforms/android-34-ext12/data/res/values-mcc310-mnc490-th: Cannot utime: Operation not permitted
build	Cache Android SDK	2026-06-06T12:22:42.3334900Z /usr/bin/tar: ../../../../../usr/local/lib/android/sdk/platforms/android-34-ext12/data/res/values-mcc310-mnc490-th: Cannot change mode to rwxr-xr-x: Operation not permitted
build	Cache Android SDK	2026-06-06T12:22:42.3336437Z /usr/bin/tar: ../../../../../usr/local/lib/android/sdk/platforms/android-34-ext12/data/res/values-mcc311-mnc180-zh-rHK: Cannot utime: Operation not permitted
build	Cache Android SDK	2026-06-06T12:22:42.3337574Z /usr/bin/tar: ../../../../../usr/local/lib/android/sdk/platforms/android-34-ext12/data/res/values-mcc311-mnc180-zh-rHK: Cannot change mode to rwxr-xr-x: Operation not permitted
build	Cache Android SDK	2026-06-06T12:22:42.3339661Z /usr/bin/tar: ../../../../../usr/local/lib/android/sdk/platforms/android-34-ext12/data/res/values-mcc310-mnc310-fi: Cannot utime: Operation not permitted
build	Cache Android SDK	2026-06-06T12:22:42.3340675Z /usr/bin/tar: ../../../../../usr/local/lib/android/sdk/platforms/android-34-ext12/data/res/values-mcc310-mnc310-fi: Cannot change mode to rwxr-xr-x: Operation not permitted
build	Cache Android SDK	2026-06-06T12:22:42.3342649Z /usr/bin/tar: ../../../../../usr/local/lib/android/sdk/platforms/android-34-ext12/data/res/values-mcc313-mnc100-is: Cannot utime: Operation not permitted
build	Cache Android SDK	2026-06-06T12:22:42.3343635Z /usr/bin/tar: ../../../../../usr/local/lib/android/sdk/platforms/android-34-ext12/data/res/values-mcc313-mnc100-is: Cannot change mode to rwxr-xr-x: Operation not permitted
build	Cache Android SDK	2026-06-06T12:22:42.3349758Z /usr/bin/tar: ../../../../../usr/local/lib/android/sdk/platforms/android-34-ext12/data/res/values-mcc310-mnc280-as: Cannot utime: Operation not permitted
build	Cache Android SDK	2026-06-06T12:22:42.3350722Z /usr/bin/tar: ../../../../../usr/local/lib/android/sdk/platforms/android-34-ext12/data/res/values-mcc310-mnc280-as: Cannot change mode to rwxr-xr-x: Operation not permitted
build	Cache Android SDK	2026-06-06T12:22:42.3355808Z /usr/bin/tar: ../../../../../usr/local/lib/android/sdk/platforms/android-34-ext12/data/res/values-w180dp-notround-watch: Cannot utime: Operation not permitted
build	Cache Android SDK	2026-06-06T12:22:42.3356843Z /usr/bin/tar: ../../../../../usr/local/lib/android/sdk/platforms/android-34-ext12/data/res/values-w180dp-notround-watch: Cannot change mode to rwxr-xr-x: Operation not permitted
build	Cache Android SDK	2026-06-06T12:22:42.3359361Z /usr/bin/tar: ../../../../../usr/local/lib/android/sdk/platforms/android-34-ext12/data/res/values-mcc310-mnc030-gu: Cannot utime: Operation not permitted
build	Cache Android SDK	2026-06-06T12:22:42.3360344Z /usr/bin/tar: ../../../../../usr/local/lib/android/sdk/platforms/android-34-ext12/data/res/values-mcc310-mnc030-gu: Cannot change mode to rwxr-xr-x: Operation not permitted
build	Cache Android SDK	2026-06-06T12:22:42.3362202Z /usr/bin/tar: ../../../../../usr/local/lib/android/sdk/platforms/android-34-ext12/data/res/values-mcc310-mnc210-in: Cannot utime: Operation not permitted
build	Cache Android SDK	2026-06-06T12:22:42.3363240Z /usr/bin/tar: ../../../../../usr/local/lib/android/sdk/platforms/android-34-ext12/data/res/values-mcc310-mnc210-in: Cannot change mode to rwxr-xr-x: Operation not permitted
build	Cache Android SDK	2026-06-06T12:22:42.3366093Z /usr/bin/tar: ../../../../../usr/local/lib/android/sdk/platforms/android-34-ext12/data/res/values-mcc310-mnc410-nl: Cannot utime: Operation not permitted
build	Cache Android SDK	2026-06-06T12:22:42.3367060Z /usr/bin/tar: ../../../../../usr/local/lib/android/sdk/platforms/android-34-ext12/data/res/values-mcc310-mnc410-nl: Cannot change mode to rwxr-xr-x: Operation not permitted
build	Cache Android SDK	2026-06-06T12:22:42.3369372Z /usr/bin/tar: ../../../../../usr/local/lib/android/sdk/platforms/android-34-ext12/data/res/values-mcc310-mnc410-hi: Cannot utime: Operation not permitted
build	Cache Android SDK	2026-06-06T12:22:42.3370328Z /usr/bin/tar: ../../../../../usr/local/lib/android/sdk/platforms/android-34-ext12/data/res/values-mcc310-mnc410-hi: Cannot change mode to rwxr-xr-x: Operation not permitted
build	Cache Android SDK	2026-06-06T12:22:42.3372795Z /usr/bin/tar: ../../../../../usr/local/lib/android/sdk/platforms/android-34-ext12/data/res/values-mcc310-mnc210-iw: Cannot utime: Operation not permitted
build	Cache Android SDK	2026-06-06T12:22:42.3373754Z /usr/bin/tar: ../../../../../usr/local/lib/android/sdk/platforms/android-34-ext12/data/res/values-mcc310-mnc210-iw: Cannot change mode to rwxr-xr-x: Operation not permitted
build	Cache Android SDK	2026-06-06T12:22:42.3378992Z /usr/bin/tar: ../../../../../usr/local/lib/android/sdk/platforms/android-34-ext12/data/res/values-mcc001-mnc01-or: Cannot utime: Operation not permitted
build	Cache Android SDK	2026-06-06T12:22:42.3380214Z /usr/bin/tar: ../../../../../usr/local/lib/android/sdk/platforms/android-34-ext12/data/res/values-mcc001-mnc01-or: Cannot change mode to rwxr-xr-x: Operation not permitted
build	Cache Android SDK	2026-06-06T12:22:42.3382170Z /usr/bin/tar: ../../../../../usr/local/lib/android/sdk/platforms/android-34-ext12/data/res/values-mcc310-mnc230-pl: Cannot utime: Operation not permitted
build	Cache Android SDK	2026-06-06T12:22:42.3383128Z /usr/bin/tar: ../../../../../usr/local/lib/android/sdk/platforms/android-34-ext12/data/res/values-mcc310-mnc230-pl: Cannot change mode to rwxr-xr-x: Operation not permitted
build	Cache Android SDK	2026-06-06T12:22:42.3385529Z /usr/bin/tar: ../../../../../usr/local/lib/android/sdk/platforms/android-34-ext12/data/res/values-de-watch: Cannot utime: Operation not permitted
build	Cache Android SDK	2026-06-06T12:22:42.3386474Z /usr/bin/tar: ../../../../../usr/local/lib/android/sdk/platforms/android-34-ext12/data/res/values-de-watch: Cannot change mode to rwxr-xr-x: Operation not permitted
build	Cache Android SDK	2026-06-06T12:22:42.3390715Z /usr/bin/tar: ../../../../../usr/local/lib/android/sdk/platforms/android-34-ext12/data/res/raw: Cannot utime: Operation not permitted
build	Cache Android SDK	2026-06-06T12:22:42.3391551Z /usr/bin/tar: ../../../../../usr/local/lib/android/sdk/platforms/android-34-ext12/data/res/raw: Cannot change mode to rwxr-xr-x: Operation not permitted
build	Cache Android SDK	2026-06-06T12:22:42.3394059Z /usr/bin/tar: ../../../../../usr/local/lib/android/sdk/platforms/android-34-ext12/data/res/values-mcc310-mnc380-ml: Cannot utime: Operation not permitted
build	Cache Android SDK	2026-06-06T12:22:42.3395143Z /usr/bin/tar: ../../../../../usr/local/lib/android/sdk/platforms/android-34-ext12/data/res/values-mcc310-mnc380-ml: Cannot change mode to rwxr-xr-x: Operation not permitted
build	Cache Android SDK	2026-06-06T12:22:42.3397593Z /usr/bin/tar: ../../../../../usr/local/lib/android/sdk/platforms/android-34-ext12/data/res/values-mcc310-mnc660-pt-rPT: Cannot utime: Operation not permitted
build	Cache Android SDK	2026-06-06T12:22:42.3399352Z /usr/bin/tar: ../../../../../usr/local/lib/android/sdk/platforms/android-34-ext12/data/res/values-mcc310-mnc660-pt-rPT: Cannot change mode to rwxr-xr-x: Operation not permitted
build	Cache Android SDK	2026-06-06T12:22:42.3400885Z /usr/bin/tar: ../../../../../usr/local/lib/android/sdk/platforms/android-34-ext12/data/res/values-mcc310-mnc800-zh-rCN: Cannot utime: Operation not permitted
build	Cache Android SDK	2026-06-06T12:22:42.3401888Z /usr/bin/tar: ../../../../../usr/local/lib/android/sdk/platforms/android-34-ext12/data/res/values-mcc310-mnc800-zh-rCN: Cannot change mode to rwxr-xr-x: Operation not permitted
build	Cache Android SDK	2026-06-06T12:22:42.3411287Z /usr/bin/tar: ../../../../../usr/local/lib/android/sdk/platforms/android-34-ext12/data/res/values-ky: Cannot utime: Operation not permitted
build	Cache Android SDK	2026-06-06T12:22:42.3413903Z /usr/bin/tar: ../../../../../usr/local/lib/android/sdk/platforms/android-34-ext12/data/res/values-ky: Cannot change mode to rwxr-xr-x: Operation not permitted
build	Cache Android SDK	2026-06-06T12:22:42.3415793Z /usr/bin/tar: ../../../../../usr/local/lib/android/sdk/platforms/android-34-ext12/data/res/values-mcc311-mnc180-my: Cannot utime: Operation not permitted
build	Cache Android SDK	2026-06-06T12:22:42.3417102Z /usr/bin/tar: ../../../../../usr/local/lib/android/sdk/platforms/android-34-ext12/data/res/values-mcc311-mnc180-my: Cannot change mode to rwxr-xr-x: Operation not permitted
build	Cache Android SDK	2026-06-06T12:22:42.3419105Z /usr/bin/tar: ../../../../../usr/local/lib/android/sdk/platforms/android-34-ext12/data/res/values-mcc310-mnc240-da: Cannot utime: Operation not permitted
build	Cache Android SDK	2026-06-06T12:22:42.3420727Z /usr/bin/tar: ../../../../../usr/local/lib/android/sdk/platforms/android-34-ext12/data/res/values-mcc310-mnc240-da: Cannot change mode to rwxr-xr-x: Operation not permitted
build	Cache Android SDK	2026-06-06T12:22:42.3422399Z /usr/bin/tar: ../../../../../usr/local/lib/android/sdk/platforms/android-34-ext12/data/res/values-mcc310-mnc660-fa: Cannot utime: Operation not permitted
build	Cache Android SDK	2026-06-06T12:22:42.3424003Z /usr/bin/tar: ../../../../../usr/local/lib/android/sdk/platforms/android-34-ext12/data/res/values-mcc310-mnc660-fa: Cannot change mode to rwxr-xr-x: Operation not permitted
build	Cache Android SDK	2026-06-06T12:22:42.3424957Z /usr/bin/tar: ../../../../../usr/local/lib/android/sdk/platforms/android-34-ext12/data/res/values-mcc310-mnc270-sr: Cannot utime: Operation not permitted
build	Cache Android SDK	2026-06-06T12:22:42.3425991Z /usr/bin/tar: ../../../../../usr/local/lib/android/sdk/platforms/android-34-ext12/data/res/values-mcc310-mnc270-sr: Cannot change mode to rwxr-xr-x: Operation not permitted
build	Cache Android SDK	2026-06-06T12:22:42.3427308Z /usr/bin/tar: ../../../../../usr/local/lib/android/sdk/platforms/android-34-ext12/data/res/values-mcc310-mnc220-en-rIN: Cannot utime: Operation not permitted
build	Cache Android SDK	2026-06-06T12:22:42.3428397Z /usr/bin/tar: ../../../../../usr/local/lib/android/sdk/platforms/android-34-ext12/data/res/values-mcc310-mnc220-en-rIN: Cannot change mode to rwxr-xr-x: Operation not permitted
build	Cache Android SDK	2026-06-06T12:22:42.3433702Z /usr/bin/tar: ../../../../../usr/local/lib/android/sdk/platforms/android-34-ext12/data/res/values-bg: Cannot utime: Operation not permitted
build	Cache Android SDK	2026-06-06T12:22:42.3434610Z /usr/bin/tar: ../../../../../usr/local/lib/android/sdk/platforms/android-34-ext12/data/res/values-bg: Cannot change mode to rwxr-xr-x: Operation not permitted
build	Cache Android SDK	2026-06-06T12:22:42.3436812Z /usr/bin/tar: ../../../../../usr/local/lib/android/sdk/platforms/android-34-ext12/data/res/values-mcc310-mnc200-kn: Cannot utime: Operation not permitted
build	Cache Android SDK	2026-06-06T12:22:42.3437885Z /usr/bin/tar: ../../../../../usr/local/lib/android/sdk/platforms/android-34-ext12/data/res/values-mcc310-mnc200-kn: Cannot change mode to rwxr-xr-x: Operation not permitted
build	Cache Android SDK	2026-06-06T12:22:42.3439978Z /usr/bin/tar: ../../../../../usr/local/lib/android/sdk/platforms/android-34-ext12/data/res/values-mcc310-mnc230-nb: Cannot utime: Operation not permitted
build	Cache Android SDK	2026-06-06T12:22:42.3440964Z /usr/bin/tar: ../../../../../usr/local/lib/android/sdk/platforms/android-34-ext12/data/res/values-mcc310-mnc230-nb: Cannot change mode to rwxr-xr-x: Operation not permitted
build	Cache Android SDK	2026-06-06T12:22:42.3442603Z /usr/bin/tar: ../../../../../usr/local/lib/android/sdk/platforms/android-34-ext12/data/res/values-mcc310-mnc280-af: Cannot utime: Operation not permitted
build	Cache Android SDK	2026-06-06T12:22:42.3443588Z /usr/bin/tar: ../../../../../usr/local/lib/android/sdk/platforms/android-34-ext12/data/res/values-mcc310-mnc280-af: Cannot change mode to rwxr-xr-x: Operation not permitted
build	Cache Android SDK	2026-06-06T12:22:42.3447302Z /usr/bin/tar: ../../../../../usr/local/lib/android/sdk/platforms/android-34-ext12/data/res/values-mcc310-mnc800-te: Cannot utime: Operation not permitted
build	Cache Android SDK	2026-06-06T12:22:42.3449040Z /usr/bin/tar: ../../../../../usr/local/lib/android/sdk/platforms/android-34-ext12/data/res/values-mcc310-mnc800-te: Cannot change mode to rwxr-xr-x: Operation not permitted
build	Cache Android SDK	2026-06-06T12:22:42.3450019Z /usr/bin/tar: ../../../../../usr/local/lib/android/sdk/platforms/android-34-ext12/data/res/values-gl-watch: Cannot utime: Operation not permitted
build	Cache Android SDK	2026-06-06T12:22:42.3451543Z /usr/bin/tar: ../../../../../usr/local/lib/android/sdk/platforms/android-34-ext12/data/res/values-gl-watch: Cannot change mode to rwxr-xr-x: Operation not permitted
build	Cache Android SDK	2026-06-06T12:22:42.3452862Z /usr/bin/tar: ../../../../../usr/local/lib/android/sdk/platforms/android-34-ext12/data/res/values-mcc310-mnc240-hu: Cannot utime: Operation not permitted
build	Cache Android SDK	2026-06-06T12:22:42.3453813Z /usr/bin/tar: ../../../../../usr/local/lib/android/sdk/platforms/android-34-ext12/data/res/values-mcc310-mnc240-hu: Cannot change mode to rwxr-xr-x: Operation not permitted
build	Cache Android SDK	2026-06-06T12:22:42.3455604Z /usr/bin/tar: ../../../../../usr/local/lib/android/sdk/platforms/android-34-ext12/data/res/values-mcc310-mnc950-bs: Cannot utime: Operation not permitted
build	Cache Android SDK	2026-06-06T12:22:42.3456720Z /usr/bin/tar: ../../../../../usr/local/lib/android/sdk/platforms/android-34-ext12/data/res/values-mcc310-mnc950-bs: Cannot change mode to rwxr-xr-x: Operation not permitted
build	Cache Android SDK	2026-06-06T12:22:42.3459460Z /usr/bin/tar: ../../../../../usr/local/lib/android/sdk/platforms/android-34-ext12/data/res/values-bn-television: Cannot utime: Operation not permitted
build	Cache Android SDK	2026-06-06T12:22:42.3460428Z /usr/bin/tar: ../../../../../usr/local/lib/android/sdk/platforms/android-34-ext12/data/res/values-bn-television: Cannot change mode to rwxr-xr-x: Operation not permitted
build	Cache Android SDK	2026-06-06T12:22:42.3463297Z /usr/bin/tar: ../../../../../usr/local/lib/android/sdk/platforms/android-34-ext12/data/res/values-mcc310-mnc250-te: Cannot utime: Operation not permitted
build	Cache Android SDK	2026-06-06T12:22:42.3464772Z /usr/bin/tar: ../../../../../usr/local/lib/android/sdk/platforms/android-34-ext12/data/res/values-mcc310-mnc250-te: Cannot change mode to rwxr-xr-x: Operation not permitted
build	Cache Android SDK	2026-06-06T12:22:42.3468530Z /usr/bin/tar: ../../../../../usr/local/lib/android/sdk/platforms/android-34-ext12/data/res/values-mcc302-mnc720-cs: Cannot utime: Operation not permitted
build	Cache Android SDK	2026-06-06T12:22:42.3469795Z /usr/bin/tar: ../../../../../usr/local/lib/android/sdk/platforms/android-34-ext12/data/res/values-mcc302-mnc720-cs: Cannot change mode to rwxr-xr-x: Operation not permitted
build	Cache Android SDK	2026-06-06T12:22:42.3471639Z /usr/bin/tar: ../../../../../usr/local/lib/android/sdk/platforms/android-34-ext12/data/res/values-mcc310-mnc410-or: Cannot utime: Operation not permitted
build	Cache Android SDK	2026-06-06T12:22:42.3472816Z /usr/bin/tar: ../../../../../usr/local/lib/android/sdk/platforms/android-34-ext12/data/res/values-mcc310-mnc410-or: Cannot change mode to rwxr-xr-x: Operation not permitted
build	Cache Android SDK	2026-06-06T12:22:42.3474980Z /usr/bin/tar: ../../../../../usr/local/lib/android/sdk/platforms/android-34-ext12/data/res/values-mcc313-mnc100-af: Cannot utime: Operation not permitted
build	Cache Android SDK	2026-06-06T12:22:42.3476380Z /usr/bin/tar: ../../../../../usr/local/lib/android/sdk/platforms/android-34-ext12/data/res/values-mcc313-mnc100-af: Cannot change mode to rwxr-xr-x: Operation not permitted
build	Cache Android SDK	2026-06-06T12:22:42.3478110Z /usr/bin/tar: ../../../../../usr/local/lib/android/sdk/platforms/android-34-ext12/data/res/values-mcc310-mnc170-zu: Cannot utime: Operation not permitted
build	Cache Android SDK	2026-06-06T12:22:42.3479071Z /usr/bin/tar: ../../../../../usr/local/lib/android/sdk/platforms/android-34-ext12/data/res/values-mcc310-mnc170-zu: Cannot change mode to rwxr-xr-x: Operation not permitted
build	Cache Android SDK	2026-06-06T12:22:42.3481626Z /usr/bin/tar: ../../../../../usr/local/lib/android/sdk/platforms/android-34-ext12/data/res/values-mcc311-mnc180-vi: Cannot utime: Operation not permitted
build	Cache Android SDK	2026-06-06T12:22:42.3482590Z /usr/bin/tar: ../../../../../usr/local/lib/android/sdk/platforms/android-34-ext12/data/res/values-mcc311-mnc180-vi: Cannot change mode to rwxr-xr-x: Operation not permitted
build	Cache Android SDK	2026-06-06T12:22:42.3484764Z /usr/bin/tar: ../../../../../usr/local/lib/android/sdk/platforms/android-34-ext12/data/res/values-ca-television: Cannot utime: Operation not permitted
build	Cache Android SDK	2026-06-06T12:22:42.3486097Z /usr/bin/tar: ../../../../../usr/local/lib/android/sdk/platforms/android-34-ext12/data/res/values-ca-television: Cannot change mode to rwxr-xr-x: Operation not permitted
build	Cache Android SDK	2026-06-06T12:22:42.3488234Z /usr/bin/tar: ../../../../../usr/local/lib/android/sdk/platforms/android-34-ext12/data/res/values-mcc001-mnc01-pa: Cannot utime: Operation not permitted
build	Cache Android SDK	2026-06-06T12:22:42.3489432Z /usr/bin/tar: ../../../../../usr/local/lib/android/sdk/platforms/android-34-ext12/data/res/values-mcc001-mnc01-pa: Cannot change mode to rwxr-xr-x: Operation not permitted
build	Cache Android SDK	2026-06-06T12:22:42.3491874Z /usr/bin/tar: ../../../../../usr/local/lib/android/sdk/platforms/android-34-ext12/data/res/values-mcc302-mnc720-ar: Cannot utime: Operation not permitted
build	Cache Android SDK	2026-06-06T12:22:42.3493484Z /usr/bin/tar: ../../../../../usr/local/lib/android/sdk/platforms/android-34-ext12/data/res/values-mcc302-mnc720-ar: Cannot change mode to rwxr-xr-x: Operation not permitted
build	Cache Android SDK	2026-06-06T12:22:42.3494922Z /usr/bin/tar: ../../../../../usr/local/lib/android/sdk/platforms/android-34-ext12/data/res/values-mcc001-mnc01-ka: Cannot utime: Operation not permitted
build	Cache Android SDK	2026-06-06T12:22:42.3496039Z /usr/bin/tar: ../../../../../usr/local/lib/android/sdk/platforms/android-34-ext12/data/res/values-mcc001-mnc01-ka: Cannot change mode to rwxr-xr-x: Operation not permitted
build	Cache Android SDK	2026-06-06T12:22:42.3498028Z /usr/bin/tar: ../../../../../usr/local/lib/android/sdk/platforms/android-34-ext12/data/res/values-mcc310-mnc230-te: Cannot utime: Operation not permitted
build	Cache Android SDK	2026-06-06T12:22:42.3499047Z /usr/bin/tar: ../../../../../usr/local/lib/android/sdk/platforms/android-34-ext12/data/res/values-mcc310-mnc230-te: Cannot change mode to rwxr-xr-x: Operation not permitted
build	Cache Android SDK	2026-06-06T12:22:42.3501590Z /usr/bin/tar: ../../../../../usr/local/lib/android/sdk/platforms/android-34-ext12/data/res/values-mcc310-mnc030-or: Cannot utime: Operation not permitted
build	Cache Android SDK	2026-06-06T12:22:42.3502565Z /usr/bin/tar: ../../../../../usr/local/lib/android/sdk/platforms/android-34-ext12/data/res/values-mcc310-mnc030-or: Cannot change mode to rwxr-xr-x: Operation not permitted
build	Cache Android SDK	2026-06-06T12:22:42.3509624Z /usr/bin/tar: ../../../../../usr/local/lib/android/sdk/platforms/android-34-ext12/data/res/values-mcc310-mnc310-fr: Cannot utime: Operation not permitted
build	Cache Android SDK	2026-06-06T12:22:42.3510666Z /usr/bin/tar: ../../../../../usr/local/lib/android/sdk/platforms/android-34-ext12/data/res/values-mcc310-mnc310-fr: Cannot change mode to rwxr-xr-x: Operation not permitted
build	Cache Android SDK	2026-06-06T12:22:42.3512603Z /usr/bin/tar: ../../../../../usr/local/lib/android/sdk/platforms/android-34-ext12/data/res/values-mcc310-mnc210-ml: Cannot utime: Operation not permitted
build	Cache Android SDK	2026-06-06T12:22:42.3513582Z /usr/bin/tar: ../../../../../usr/local/lib/android/sdk/platforms/android-34-ext12/data/res/values-mcc310-mnc210-ml: Cannot change mode to rwxr-xr-x: Operation not permitted
build	Cache Android SDK	2026-06-06T12:22:42.3516295Z /usr/bin/tar: ../../../../../usr/local/lib/android/sdk/platforms/android-34-ext12/data/res/values-mcc310-mnc150-bg: Cannot utime: Operation not permitted
build	Cache Android SDK	2026-06-06T12:22:42.3517269Z /usr/bin/tar: ../../../../../usr/local/lib/android/sdk/platforms/android-34-ext12/data/res/values-mcc310-mnc150-bg: Cannot change mode to rwxr-xr-x: Operation not permitted
build	Cache Android SDK	2026-06-06T12:22:42.3520429Z /usr/bin/tar: ../../../../../usr/local/lib/android/sdk/platforms/android-34-ext12/data/res/values-mcc310-mnc230-ta: Cannot utime: Operation not permitted
build	Cache Android SDK	2026-06-06T12:22:42.3521577Z /usr/bin/tar: ../../../../../usr/local/lib/android/sdk/platforms/android-34-ext12/data/res/values-mcc310-mnc230-ta: Cannot change mode to rwxr-xr-x: Operation not permitted
build	Cache Android SDK	2026-06-06T12:22:42.3523041Z /usr/bin/tar: ../../../../../usr/local/lib/android/sdk/platforms/android-34-ext12/data/res/values-mcc310-mnc800-hr: Cannot utime: Operation not permitted
build	Cache Android SDK	2026-06-06T12:22:42.3524039Z /usr/bin/tar: ../../../../../usr/local/lib/android/sdk/platforms/android-34-ext12/data/res/values-mcc310-mnc800-hr: Cannot change mode to rwxr-xr-x: Operation not permitted
build	Cache Android SDK	2026-06-06T12:22:42.3526254Z /usr/bin/tar: ../../../../../usr/local/lib/android/sdk/platforms/android-34-ext12/data/res/values-mcc310-mnc240-sq: Cannot utime: Operation not permitted
build	Cache Android SDK	2026-06-06T12:22:42.3527253Z /usr/bin/tar: ../../../../../usr/local/lib/android/sdk/platforms/android-34-ext12/data/res/values-mcc310-mnc240-sq: Cannot change mode to rwxr-xr-x: Operation not permitted
build	Cache Android SDK	2026-06-06T12:22:42.3529543Z /usr/bin/tar: ../../../../../usr/local/lib/android/sdk/platforms/android-34-ext12/data/res/values-mcc311-mnc180-pt: Cannot utime: Operation not permitted
build	Cache Android SDK	2026-06-06T12:22:42.3530518Z /usr/bin/tar: ../../../../../usr/local/lib/android/sdk/platforms/android-34-ext12/data/res/values-mcc311-mnc180-pt: Cannot change mode to rwxr-xr-x: Operation not permitted
build	Cache Android SDK	2026-06-06T12:22:42.3532901Z /usr/bin/tar: ../../../../../usr/local/lib/android/sdk/platforms/android-34-ext12/data/res/values-mcc310-mnc660-hy: Cannot utime: Operation not permitted
build	Cache Android SDK	2026-06-06T12:22:42.3534066Z /usr/bin/tar: ../../../../../usr/local/lib/android/sdk/platforms/android-34-ext12/data/res/values-mcc310-mnc660-hy: Cannot change mode to rwxr-xr-x: Operation not permitted
build	Cache Android SDK	2026-06-06T12:22:42.3535693Z /usr/bin/tar: ../../../../../usr/local/lib/android/sdk/platforms/android-34-ext12/data/res/values-mcc001-mnc01: Cannot utime: Operation not permitted
build	Cache Android SDK	2026-06-06T12:22:42.3536867Z /usr/bin/tar: ../../../../../usr/local/lib/android/sdk/platforms/android-34-ext12/data/res/values-mcc001-mnc01: Cannot change mode to rwxr-xr-x: Operation not permitted
build	Cache Android SDK	2026-06-06T12:22:42.3539402Z /usr/bin/tar: ../../../../../usr/local/lib/android/sdk/platforms/android-34-ext12/data/res/values-mcc310-mnc220-sl: Cannot utime: Operation not permitted
build	Cache Android SDK	2026-06-06T12:22:42.3540454Z /usr/bin/tar: ../../../../../usr/local/lib/android/sdk/platforms/android-34-ext12/data/res/values-mcc310-mnc220-sl: Cannot change mode to rwxr-xr-x: Operation not permitted
build	Cache Android SDK	2026-06-06T12:22:42.3542534Z /usr/bin/tar: ../../../../../usr/local/lib/android/sdk/platforms/android-34-ext12/data/res/values-mcc310-mnc560-fi: Cannot utime: Operation not permitted
build	Cache Android SDK	2026-06-06T12:22:42.3543504Z /usr/bin/tar: ../../../../../usr/local/lib/android/sdk/platforms/android-34-ext12/data/res/values-mcc310-mnc560-fi: Cannot change mode to rwxr-xr-x: Operation not permitted
build	Cache Android SDK	2026-06-06T12:22:42.3545854Z /usr/bin/tar: ../../../../../usr/local/lib/android/sdk/platforms/android-34-ext12/data/res/values-mcc312-mnc670-en-rCA: Cannot utime: Operation not permitted
build	Cache Android SDK	2026-06-06T12:22:42.3546859Z /usr/bin/tar: ../../../../../usr/local/lib/android/sdk/platforms/android-34-ext12/data/res/values-mcc312-mnc670-en-rCA: Cannot change mode to rwxr-xr-x: Operation not permitted
build	Cache Android SDK	2026-06-06T12:22:42.3549320Z /usr/bin/tar: ../../../../../usr/local/lib/android/sdk/platforms/android-34-ext12/data/res/values-mcc312-mnc670-fa: Cannot utime: Operation not permitted
build	Cache Android SDK	2026-06-06T12:22:42.3550883Z /usr/bin/tar: ../../../../../usr/local/lib/android/sdk/platforms/android-34-ext12/data/res/values-mcc312-mnc670-fa: Cannot change mode to rwxr-xr-x: Operation not permitted
build	Cache Android SDK	2026-06-06T12:22:42.3553165Z /usr/bin/tar: ../../../../../usr/local/lib/android/sdk/platforms/android-34-ext12/data/res/values-mcc310-mnc230-ne: Cannot utime: Operation not permitted
build	Cache Android SDK	2026-06-06T12:22:42.3554131Z /usr/bin/tar: ../../../../../usr/local/lib/android/sdk/platforms/android-34-ext12/data/res/values-mcc310-mnc230-ne: Cannot change mode to rwxr-xr-x: Operation not permitted
build	Cache Android SDK	2026-06-06T12:22:42.3556653Z /usr/bin/tar: ../../../../../usr/local/lib/android/sdk/platforms/android-34-ext12/data/res/values-es-rCR: Cannot utime: Operation not permitted
build	Cache Android SDK	2026-06-06T12:22:42.3557741Z /usr/bin/tar: ../../../../../usr/local/lib/android/sdk/platforms/android-34-ext12/data/res/values-es-rCR: Cannot change mode to rwxr-xr-x: Operation not permitted
build	Cache Android SDK	2026-06-06T12:22:42.3559966Z /usr/bin/tar: ../../../../../usr/local/lib/android/sdk/platforms/android-34-ext12/data/res/values-mcc312-mnc670-en-rGB: Cannot utime: Operation not permitted
build	Cache Android SDK	2026-06-06T12:22:42.3560966Z /usr/bin/tar: ../../../../../usr/local/lib/android/sdk/platforms/android-34-ext12/data/res/values-mcc312-mnc670-en-rGB: Cannot change mode to rwxr-xr-x: Operation not permitted
build	Cache Android SDK	2026-06-06T12:22:42.3563222Z /usr/bin/tar: ../../../../../usr/local/lib/android/sdk/platforms/android-34-ext12/data/res/values-mcc310-mnc950-bg: Cannot utime: Operation not permitted
build	Cache Android SDK	2026-06-06T12:22:42.3564347Z /usr/bin/tar: ../../../../../usr/local/lib/android/sdk/platforms/android-34-ext12/data/res/values-mcc310-mnc950-bg: Cannot change mode to rwxr-xr-x: Operation not permitted
build	Cache Android SDK	2026-06-06T12:22:42.3566374Z /usr/bin/tar: ../../../../../usr/local/lib/android/sdk/platforms/android-34-ext12/data/res/values-mcc310-mnc210-be: Cannot utime: Operation not permitted
build	Cache Android SDK	2026-06-06T12:22:42.3567333Z /usr/bin/tar: ../../../../../usr/local/lib/android/sdk/platforms/android-34-ext12/data/res/values-mcc310-mnc210-be: Cannot change mode to rwxr-xr-x: Operation not permitted
build	Cache Android SDK	2026-06-06T12:22:42.3570259Z /usr/bin/tar: ../../../../../usr/local/lib/android/sdk/platforms/android-34-ext12/data/res/values-mcc302-mnc720-tr: Cannot utime: Operation not permitted
build	Cache Android SDK	2026-06-06T12:22:42.3571322Z /usr/bin/tar: ../../../../../usr/local/lib/android/sdk/platforms/android-34-ext12/data/res/values-mcc302-mnc720-tr: Cannot change mode to rwxr-xr-x: Operation not permitted
build	Cache Android SDK	2026-06-06T12:22:42.3573697Z /usr/bin/tar: ../../../../../usr/local/lib/android/sdk/platforms/android-34-ext12/data/res/values-mcc310-mnc240-ar: Cannot utime: Operation not permitted
build	Cache Android SDK	2026-06-06T12:22:42.3574651Z /usr/bin/tar: ../../../../../usr/local/lib/android/sdk/platforms/android-34-ext12/data/res/values-mcc310-mnc240-ar: Cannot change mode to rwxr-xr-x: Operation not permitted
build	Cache Android SDK	2026-06-06T12:22:42.3576739Z /usr/bin/tar: ../../../../../usr/local/lib/android/sdk/platforms/android-34-ext12/data/res/values-mcc310-mnc220-vi: Cannot utime: Operation not permitted
build	Cache Android SDK	2026-06-06T12:22:42.3577839Z /usr/bin/tar: ../../../../../usr/local/lib/android/sdk/platforms/android-34-ext12/data/res/values-mcc310-mnc220-vi: Cannot change mode to rwxr-xr-x: Operation not permitted
build	Cache Android SDK	2026-06-06T12:22:42.3579863Z /usr/bin/tar: ../../../../../usr/local/lib/android/sdk/platforms/android-34-ext12/data/res/values-mcc310-mnc310-ja: Cannot utime: Operation not permitted
build	Cache Android SDK	2026-06-06T12:22:42.3580830Z /usr/bin/tar: ../../../../../usr/local/lib/android/sdk/platforms/android-34-ext12/data/res/values-mcc310-mnc310-ja: Cannot change mode to rwxr-xr-x: Operation not permitted
build	Cache Android SDK	2026-06-06T12:22:42.3583043Z /usr/bin/tar: ../../../../../usr/local/lib/android/sdk/platforms/android-34-ext12/data/res/values-mcc310-mnc150-fr: Cannot utime: Operation not permitted
build	Cache Android SDK	2026-06-06T12:22:42.3584012Z /usr/bin/tar: ../../../../../usr/local/lib/android/sdk/platforms/android-34-ext12/data/res/values-mcc310-mnc150-fr: Cannot change mode to rwxr-xr-x: Operation not permitted
build	Cache Android SDK	2026-06-06T12:22:42.3586166Z /usr/bin/tar: ../../../../../usr/local/lib/android/sdk/platforms/android-34-ext12/data/res/values-mcc310-mnc280-iw: Cannot utime: Operation not permitted
build	Cache Android SDK	2026-06-06T12:22:42.3587129Z /usr/bin/tar: ../../../../../usr/local/lib/android/sdk/platforms/android-34-ext12/data/res/values-mcc310-mnc280-iw: Cannot change mode to rwxr-xr-x: Operation not permitted
build	Cache Android SDK	2026-06-06T12:22:42.3589888Z /usr/bin/tar: ../../../../../usr/local/lib/android/sdk/platforms/android-34-ext12/data/res/values-mcc310-mnc950-ar: Cannot utime: Operation not permitted
build	Cache Android SDK	2026-06-06T12:22:42.3590873Z /usr/bin/tar: ../../../../../usr/local/lib/android/sdk/platforms/android-34-ext12/data/res/values-mcc310-mnc950-ar: Cannot change mode to rwxr-xr-x: Operation not permitted
build	Cache Android SDK	2026-06-06T12:22:42.3595857Z /usr/bin/tar: ../../../../../usr/local/lib/android/sdk/platforms/android-34-ext12/data/res/values-mcc310-mnc160-gl: Cannot utime: Operation not permitted
build	Cache Android SDK	2026-06-06T12:22:42.3596803Z /usr/bin/tar: ../../../../../usr/local/lib/android/sdk/platforms/android-34-ext12/data/res/values-mcc310-mnc160-gl: Cannot change mode to rwxr-xr-x: Operation not permitted
build	Cache Android SDK	2026-06-06T12:22:42.3599012Z /usr/bin/tar: ../../../../../usr/local/lib/android/sdk/platforms/android-34-ext12/data/res/values-mcc310-mnc250-tr: Cannot utime: Operation not permitted
build	Cache Android SDK	2026-06-06T12:22:42.3599982Z /usr/bin/tar: ../../../../../usr/local/lib/android/sdk/platforms/android-34-ext12/data/res/values-mcc310-mnc250-tr: Cannot change mode to rwxr-xr-x: Operation not permitted
build	Cache Android SDK	2026-06-06T12:22:42.3602050Z /usr/bin/tar: ../../../../../usr/local/lib/android/sdk/platforms/android-34-ext12/data/res/values-mcc313-mnc100-es-rUS: Cannot utime: Operation not permitted
build	Cache Android SDK	2026-06-06T12:22:42.3603047Z /usr/bin/tar: ../../../../../usr/local/lib/android/sdk/platforms/android-34-ext12/data/res/values-mcc313-mnc100-es-rUS: Cannot change mode to rwxr-xr-x: Operation not permitted
build	Cache Android SDK	2026-06-06T12:22:42.3605241Z /usr/bin/tar: ../../../../../usr/local/lib/android/sdk/platforms/android-34-ext12/data/res/values-mcc310-mnc250-hy: Cannot utime: Operation not permitted
build	Cache Android SDK	2026-06-06T12:22:42.3606196Z /usr/bin/tar: ../../../../../usr/local/lib/android/sdk/platforms/android-34-ext12/data/res/values-mcc310-mnc250-hy: Cannot change mode to rwxr-xr-x: Operation not permitted
build	Cache Android SDK	2026-06-06T12:22:42.3608729Z /usr/bin/tar: ../../../../../usr/local/lib/android/sdk/platforms/android-34-ext12/data/res/values-mcc310-mnc950-in: Cannot utime: Operation not permitted
build	Cache Android SDK	2026-06-06T12:22:42.3609789Z /usr/bin/tar: ../../../../../usr/local/lib/android/sdk/platforms/android-34-ext12/data/res/values-mcc310-mnc950-in: Cannot change mode to rwxr-xr-x: Operation not permitted
build	Cache Android SDK	2026-06-06T12:22:42.3611686Z /usr/bin/tar: ../../../../../usr/local/lib/android/sdk/platforms/android-34-ext12/data/res/values-mcc310-mnc270-sk: Cannot utime: Operation not permitted
build	Cache Android SDK	2026-06-06T12:22:42.3612633Z /usr/bin/tar: ../../../../../usr/local/lib/android/sdk/platforms/android-34-ext12/data/res/values-mcc310-mnc270-sk: Cannot change mode to rwxr-xr-x: Operation not permitted
build	Cache Android SDK	2026-06-06T12:22:42.3614718Z /usr/bin/tar: ../../../../../usr/local/lib/android/sdk/platforms/android-34-ext12/data/res/values-mcc310-mnc230-iw: Cannot utime: Operation not permitted
build	Cache Android SDK	2026-06-06T12:22:42.3615675Z /usr/bin/tar: ../../../../../usr/local/lib/android/sdk/platforms/android-34-ext12/data/res/values-mcc310-mnc230-iw: Cannot change mode to rwxr-xr-x: Operation not permitted
build	Cache Android SDK	2026-06-06T12:22:42.3618077Z /usr/bin/tar: ../../../../../usr/local/lib/android/sdk/platforms/android-34-ext12/data/res/values-mcc310-mnc230-en-rAU: Cannot utime: Operation not permitted
build	Cache Android SDK	2026-06-06T12:22:42.3619083Z /usr/bin/tar: ../../../../../usr/local/lib/android/sdk/platforms/android-34-ext12/data/res/values-mcc310-mnc230-en-rAU: Cannot change mode to rwxr-xr-x: Operation not permitted
build	Cache Android SDK	2026-06-06T12:22:42.3621148Z /usr/bin/tar: ../../../../../usr/local/lib/android/sdk/platforms/android-34-ext12/data/res/values-ru-rRU: Cannot utime: Operation not permitted
build	Cache Android SDK	2026-06-06T12:22:42.3622056Z /usr/bin/tar: ../../../../../usr/local/lib/android/sdk/platforms/android-34-ext12/data/res/values-ru-rRU: Cannot change mode to rwxr-xr-x: Operation not permitted
build	Cache Android SDK	2026-06-06T12:22:42.3628668Z /usr/bin/tar: ../../../../../usr/local/lib/android/sdk/platforms/android-34-ext12/data/res/values-uk: Cannot utime: Operation not permitted
build	Cache Android SDK	2026-06-06T12:22:42.3629592Z /usr/bin/tar: ../../../../../usr/local/lib/android/sdk/platforms/android-34-ext12/data/res/values-uk: Cannot change mode to rwxr-xr-x: Operation not permitted
build	Cache Android SDK	2026-06-06T12:22:42.3631522Z /usr/bin/tar: ../../../../../usr/local/lib/android/sdk/platforms/android-34-ext12/data/res/values-mcc310-mnc310-sv: Cannot utime: Operation not permitted
build	Cache Android SDK	2026-06-06T12:22:42.3632485Z /usr/bin/tar: ../../../../../usr/local/lib/android/sdk/platforms/android-34-ext12/data/res/values-mcc310-mnc310-sv: Cannot change mode to rwxr-xr-x: Operation not permitted
build	Cache Android SDK	2026-06-06T12:22:42.3634955Z /usr/bin/tar: ../../../../../usr/local/lib/android/sdk/platforms/android-34-ext12/data/res/values-mcc310-mnc230-it: Cannot utime: Operation not permitted
build	Cache Android SDK	2026-06-06T12:22:42.3635913Z /usr/bin/tar: ../../../../../usr/local/lib/android/sdk/platforms/android-34-ext12/data/res/values-mcc310-mnc230-it: Cannot change mode to rwxr-xr-x: Operation not permitted
build	Cache Android SDK	2026-06-06T12:22:42.3637951Z /usr/bin/tar: ../../../../../usr/local/lib/android/sdk/platforms/android-34-ext12/data/res/values-eu-television: Cannot utime: Operation not permitted
build	Cache Android SDK	2026-06-06T12:22:42.3638908Z /usr/bin/tar: ../../../../../usr/local/lib/android/sdk/platforms/android-34-ext12/data/res/values-eu-television: Cannot change mode to rwxr-xr-x: Operation not permitted
build	Cache Android SDK	2026-06-06T12:22:42.3640996Z /usr/bin/tar: ../../../../../usr/local/lib/android/sdk/platforms/android-34-ext12/data/res/values-zh-rHK-television: Cannot utime: Operation not permitted
build	Cache Android SDK	2026-06-06T12:22:42.3641994Z /usr/bin/tar: ../../../../../usr/local/lib/android/sdk/platforms/android-34-ext12/data/res/values-zh-rHK-television: Cannot change mode to rwxr-xr-x: Operation not permitted
build	Cache Android SDK	2026-06-06T12:22:42.3643848Z /usr/bin/tar: ../../../../../usr/local/lib/android/sdk/platforms/android-34-ext12/data/res/values-mcc310-mnc490-cs: Cannot utime: Operation not permitted
build	Cache Android SDK	2026-06-06T12:22:42.3644804Z /usr/bin/tar: ../../../../../usr/local/lib/android/sdk/platforms/android-34-ext12/data/res/values-mcc310-mnc490-cs: Cannot change mode to rwxr-xr-x: Operation not permitted
build	Cache Android SDK	2026-06-06T12:22:42.3647327Z /usr/bin/tar: ../../../../../usr/local/lib/android/sdk/platforms/android-34-ext12/data/res/values-mcc310-mnc800-zh-rTW: Cannot utime: Operation not permitted
build	Cache Android SDK	2026-06-06T12:22:42.3648471Z /usr/bin/tar: ../../../../../usr/local/lib/android/sdk/platforms/android-34-ext12/data/res/values-mcc310-mnc800-zh-rTW: Cannot change mode to rwxr-xr-x: Operation not permitted
build	Cache Android SDK	2026-06-06T12:22:42.3650784Z /usr/bin/tar: ../../../../../usr/local/lib/android/sdk/platforms/android-34-ext12/data/res/values-es-rPA: Cannot utime: Operation not permitted
build	Cache Android SDK	2026-06-06T12:22:42.3651689Z /usr/bin/tar: ../../../../../usr/local/lib/android/sdk/platforms/android-34-ext12/data/res/values-es-rPA: Cannot change mode to rwxr-xr-x: Operation not permitted
build	Cache Android SDK	2026-06-06T12:22:42.3653863Z /usr/bin/tar: ../../../../../usr/local/lib/android/sdk/platforms/android-34-ext12/data/res/values-mcc001-mnc01-mk: Cannot utime: Operation not permitted
build	Cache Android SDK	2026-06-06T12:22:42.3654825Z /usr/bin/tar: ../../../../../usr/local/lib/android/sdk/platforms/android-34-ext12/data/res/values-mcc001-mnc01-mk: Cannot change mode to rwxr-xr-x: Operation not permitted
build	Cache Android SDK	2026-06-06T12:22:42.3656970Z /usr/bin/tar: ../../../../../usr/local/lib/android/sdk/platforms/android-34-ext12/data/res/values-mk-watch: Cannot utime: Operation not permitted
build	Cache Android SDK	2026-06-06T12:22:42.3658013Z /usr/bin/tar: ../../../../../usr/local/lib/android/sdk/platforms/android-34-ext12/data/res/values-mk-watch: Cannot change mode to rwxr-xr-x: Operation not permitted
build	Cache Android SDK	2026-06-06T12:22:42.3660444Z /usr/bin/tar: ../../../../../usr/local/lib/android/sdk/platforms/android-34-ext12/data/res/values-mcc310-mnc150-am: Cannot utime: Operation not permitted
build	Cache Android SDK	2026-06-06T12:22:42.3661398Z /usr/bin/tar: ../../../../../usr/local/lib/android/sdk/platforms/android-34-ext12/data/res/values-mcc310-mnc150-am: Cannot change mode to rwxr-xr-x: Operation not permitted
build	Cache Android SDK	2026-06-06T12:22:42.3664036Z /usr/bin/tar: ../../../../../usr/local/lib/android/sdk/platforms/android-34-ext12/data/res/values-mcc310-mnc250-hr: Cannot utime: Operation not permitted
build	Cache Android SDK	2026-06-06T12:22:42.3665438Z /usr/bin/tar: ../../../../../usr/local/lib/android/sdk/platforms/android-34-ext12/data/res/values-mcc310-mnc250-hr: Cannot change mode to rwxr-xr-x: Operation not permitted
build	Cache Android SDK	2026-06-06T12:22:42.3667889Z /usr/bin/tar: ../../../../../usr/local/lib/android/sdk/platforms/android-34-ext12/data/res/values-mcc334-mnc020-fr: Cannot utime: Operation not permitted
build	Cache Android SDK	2026-06-06T12:22:42.3668871Z /usr/bin/tar: ../../../../../usr/local/lib/android/sdk/platforms/android-34-ext12/data/res/values-mcc334-mnc020-fr: Cannot change mode to rwxr-xr-x: Operation not permitted
build	Cache Android SDK	2026-06-06T12:22:42.3671227Z /usr/bin/tar: ../../../../../usr/local/lib/android/sdk/platforms/android-34-ext12/data/res/values-mcc310-mnc220-uk: Cannot utime: Operation not permitted
build	Cache Android SDK	2026-06-06T12:22:42.3672186Z /usr/bin/tar: ../../../../../usr/local/lib/android/sdk/platforms/android-34-ext12/data/res/values-mcc310-mnc220-uk: Cannot change mode to rwxr-xr-x: Operation not permitted
build	Cache Android SDK	2026-06-06T12:22:42.3676496Z /usr/bin/tar: ../../../../../usr/local/lib/android/sdk/platforms/android-34-ext12/data/res/values-mcc313-mnc100-te: Cannot utime: Operation not permitted
build	Cache Android SDK	2026-06-06T12:22:42.3677811Z /usr/bin/tar: ../../../../../usr/local/lib/android/sdk/platforms/android-34-ext12/data/res/values-mcc313-mnc100-te: Cannot change mode to rwxr-xr-x: Operation not permitted
build	Cache Android SDK	2026-06-06T12:22:42.3680527Z /usr/bin/tar: ../../../../../usr/local/lib/android/sdk/platforms/android-34-ext12/data/res/values-si-watch: Cannot utime: Operation not permitted
build	Cache Android SDK	2026-06-06T12:22:42.3681435Z /usr/bin/tar: ../../../../../usr/local/lib/android/sdk/platforms/android-34-ext12/data/res/values-si-watch: Cannot change mode to rwxr-xr-x: Operation not permitted
build	Cache Android SDK	2026-06-06T12:22:42.3683751Z /usr/bin/tar: ../../../../../usr/local/lib/android/sdk/platforms/android-34-ext12/data/res/values-mcc310-mnc270-lo: Cannot utime: Operation not permitted
build	Cache Android SDK	2026-06-06T12:22:42.3684704Z /usr/bin/tar: ../../../../../usr/local/lib/android/sdk/platforms/android-34-ext12/data/res/values-mcc310-mnc270-lo: Cannot change mode to rwxr-xr-x: Operation not permitted
build	Cache Android SDK	2026-06-06T12:22:42.3687277Z /usr/bin/tar: ../../../../../usr/local/lib/android/sdk/platforms/android-34-ext12/data/res/values-mcc310-mnc170-km: Cannot utime: Operation not permitted
build	Cache Android SDK	2026-06-06T12:22:42.3688376Z /usr/bin/tar: ../../../../../usr/local/lib/android/sdk/platforms/android-34-ext12/data/res/values-mcc310-mnc170-km: Cannot change mode to rwxr-xr-x: Operation not permitted
build	Cache Android SDK	2026-06-06T12:22:42.3691507Z /usr/bin/tar: ../../../../../usr/local/lib/android/sdk/platforms/android-34-ext12/data/res/values-mcc310-mnc660-af: Cannot utime: Operation not permitted
build	Cache Android SDK	2026-06-06T12:22:42.3692536Z /usr/bin/tar: ../../../../../usr/local/lib/android/sdk/platforms/android-34-ext12/data/res/values-mcc310-mnc660-af: Cannot change mode to rwxr-xr-x: Operation not permitted
build	Cache Android SDK	2026-06-06T12:22:42.3693823Z /usr/bin/tar: ../../../../../usr/local/lib/android/sdk/platforms/android-34-ext12/data/res/values-mcc001-mnc01-it: Cannot utime: Operation not permitted
build	Cache Android SDK	2026-06-06T12:22:42.3694786Z /usr/bin/tar: ../../../../../usr/local/lib/android/sdk/platforms/android-34-ext12/data/res/values-mcc001-mnc01-it: Cannot change mode to rwxr-xr-x: Operation not permitted
build	Cache Android SDK	2026-06-06T12:22:42.3697255Z /usr/bin/tar: ../../../../../usr/local/lib/android/sdk/platforms/android-34-ext12/data/res/values-mcc310-mnc280-th: Cannot utime: Operation not permitted
build	Cache Android SDK	2026-06-06T12:22:42.3698430Z /usr/bin/tar: ../../../../../usr/local/lib/android/sdk/platforms/android-34-ext12/data/res/values-mcc310-mnc280-th: Cannot change mode to rwxr-xr-x: Operation not permitted
build	Cache Android SDK	2026-06-06T12:22:42.3700361Z /usr/bin/tar: ../../../../../usr/local/lib/android/sdk/platforms/android-34-ext12/data/res/values-mcc310-mnc380-mk: Cannot utime: Operation not permitted
build	Cache Android SDK	2026-06-06T12:22:42.3701324Z /usr/bin/tar: ../../../../../usr/local/lib/android/sdk/platforms/android-34-ext12/data/res/values-mcc310-mnc380-mk: Cannot change mode to rwxr-xr-x: Operation not permitted
build	Cache Android SDK	2026-06-06T12:22:42.3703838Z /usr/bin/tar: ../../../../../usr/local/lib/android/sdk/platforms/android-34-ext12/data/res/values-mcc310-mnc250-is: Cannot utime: Operation not permitted
build	Cache Android SDK	2026-06-06T12:22:42.3704820Z /usr/bin/tar: ../../../../../usr/local/lib/android/sdk/platforms/android-34-ext12/data/res/values-mcc310-mnc250-is: Cannot change mode to rwxr-xr-x: Operation not permitted
build	Cache Android SDK	2026-06-06T12:22:42.3707114Z /usr/bin/tar: ../../../../../usr/local/lib/android/sdk/platforms/android-34-ext12/data/res/values-th-rTH: Cannot utime: Operation not permitted
build	Cache Android SDK	2026-06-06T12:22:42.3708180Z /usr/bin/tar: ../../../../../usr/local/lib/android/sdk/platforms/android-34-ext12/data/res/values-th-rTH: Cannot change mode to rwxr-xr-x: Operation not permitted
build	Cache Android SDK	2026-06-06T12:22:42.3710699Z /usr/bin/tar: ../../../../../usr/local/lib/android/sdk/platforms/android-34-ext12/data/res/values-mcc310-mnc560-ml: Cannot utime: Operation not permitted
build	Cache Android SDK	2026-06-06T12:22:42.3711663Z /usr/bin/tar: ../../../../../usr/local/lib/android/sdk/platforms/android-34-ext12/data/res/values-mcc310-mnc560-ml: Cannot change mode to rwxr-xr-x: Operation not permitted
build	Cache Android SDK	2026-06-06T12:22:42.3713753Z /usr/bin/tar: ../../../../../usr/local/lib/android/sdk/platforms/android-34-ext12/data/res/values-mcc310-mnc210-th: Cannot utime: Operation not permitted
build	Cache Android SDK	2026-06-06T12:22:42.3714874Z /usr/bin/tar: ../../../../../usr/local/lib/android/sdk/platforms/android-34-ext12/data/res/values-mcc310-mnc210-th: Cannot change mode to rwxr-xr-x: Operation not permitted
build	Cache Android SDK	2026-06-06T12:22:42.3717226Z /usr/bin/tar: ../../../../../usr/local/lib/android/sdk/platforms/android-34-ext12/data/res/values-mcc310-mnc380-sr: Cannot utime: Operation not permitted
build	Cache Android SDK	2026-06-06T12:22:42.3718462Z /usr/bin/tar: ../../../../../usr/local/lib/android/sdk/platforms/android-34-ext12/data/res/values-mcc310-mnc380-sr: Cannot change mode to rwxr-xr-x: Operation not permitted
build	Cache Android SDK	2026-06-06T12:22:42.3720602Z /usr/bin/tar: ../../../../../usr/local/lib/android/sdk/platforms/android-34-ext12/data/res/values-mcc310-mnc410-et: Cannot utime: Operation not permitted
build	Cache Android SDK	2026-06-06T12:22:42.3721718Z /usr/bin/tar: ../../../../../usr/local/lib/android/sdk/platforms/android-34-ext12/data/res/values-mcc310-mnc410-et: Cannot change mode to rwxr-xr-x: Operation not permitted
build	Cache Android SDK	2026-06-06T12:22:42.3723803Z /usr/bin/tar: ../../../../../usr/local/lib/android/sdk/platforms/android-34-ext12/data/res/values-mcc310-mnc380-uz: Cannot utime: Operation not permitted
build	Cache Android SDK	2026-06-06T12:22:42.3724760Z /usr/bin/tar: ../../../../../usr/local/lib/android/sdk/platforms/android-34-ext12/data/res/values-mcc310-mnc380-uz: Cannot change mode to rwxr-xr-x: Operation not permitted
build	Cache Android SDK	2026-06-06T12:22:42.3727179Z /usr/bin/tar: ../../../../../usr/local/lib/android/sdk/platforms/android-34-ext12/data/res/values-mcc311-mnc180-gu: Cannot utime: Operation not permitted
build	Cache Android SDK	2026-06-06T12:22:42.3728451Z /usr/bin/tar: ../../../../../usr/local/lib/android/sdk/platforms/android-34-ext12/data/res/values-mcc311-mnc180-gu: Cannot change mode to rwxr-xr-x: Operation not permitted
build	Cache Android SDK	2026-06-06T12:22:42.3730273Z /usr/bin/tar: ../../../../../usr/local/lib/android/sdk/platforms/android-34-ext12/data/res/values-mcc311-mnc180-is: Cannot utime: Operation not permitted
build	Cache Android SDK	2026-06-06T12:22:42.3731242Z /usr/bin/tar: ../../../../../usr/local/lib/android/sdk/platforms/android-34-ext12/data/res/values-mcc311-mnc180-is: Cannot change mode to rwxr-xr-x: Operation not permitted
build	Cache Android SDK	2026-06-06T12:22:42.3733411Z /usr/bin/tar: ../../../../../usr/local/lib/android/sdk/platforms/android-34-ext12/data/res/values-mcc312-mnc670-ml: Cannot utime: Operation not permitted
build	Cache Android SDK	2026-06-06T12:22:42.3734368Z /usr/bin/tar: ../../../../../usr/local/lib/android/sdk/platforms/android-34-ext12/data/res/values-mcc312-mnc670-ml: Cannot change mode to rwxr-xr-x: Operation not permitted
build	Cache Android SDK	2026-06-06T12:22:42.3736199Z /usr/bin/tar: ../../../../../usr/local/lib/android/sdk/platforms/android-34-ext12/data/res/values-mcc310-mnc170-sr: Cannot utime: Operation not permitted
build	Cache Android SDK	2026-06-06T12:22:42.3737148Z /usr/bin/tar: ../../../../../usr/local/lib/android/sdk/platforms/android-34-ext12/data/res/values-mcc310-mnc170-sr: Cannot change mode to rwxr-xr-x: Operation not permitted
build	Cache Android SDK	2026-06-06T12:22:42.3739185Z /usr/bin/tar: ../../../../../usr/local/lib/android/sdk/platforms/android-34-ext12/data/res/values-mcc311: Cannot utime: Operation not permitted
build	Cache Android SDK	2026-06-06T12:22:42.3740095Z /usr/bin/tar: ../../../../../usr/local/lib/android/sdk/platforms/android-34-ext12/data/res/values-mcc311: Cannot change mode to rwxr-xr-x: Operation not permitted
build	Cache Android SDK	2026-06-06T12:22:42.3742329Z /usr/bin/tar: ../../../../../usr/local/lib/android/sdk/platforms/android-34-ext12/data/res/values-es-watch: Cannot utime: Operation not permitted
build	Cache Android SDK	2026-06-06T12:22:42.3743249Z /usr/bin/tar: ../../../../../usr/local/lib/android/sdk/platforms/android-34-ext12/data/res/values-es-watch: Cannot change mode to rwxr-xr-x: Operation not permitted
build	Cache Android SDK	2026-06-06T12:22:42.3859585Z /usr/bin/tar: ../../../../../usr/local/lib/android/sdk/platforms/android-34-ext12/data/res/layout: Cannot utime: Operation not permitted
build	Cache Android SDK	2026-06-06T12:22:42.3860778Z /usr/bin/tar: ../../../../../usr/local/lib/android/sdk/platforms/android-34-ext12/data/res/layout: Cannot change mode to rwxr-xr-x: Operation not permitted
build	Cache Android SDK	2026-06-06T12:22:42.3862502Z /usr/bin/tar: ../../../../../usr/local/lib/android/sdk/platforms/android-34-ext12/data/res/values-mcc311-mnc180-zh-rCN: Cannot utime: Operation not permitted
build	Cache Android SDK	2026-06-06T12:22:42.3863491Z /usr/bin/tar: ../../../../../usr/local/lib/android/sdk/platforms/android-34-ext12/data/res/values-mcc311-mnc180-zh-rCN: Cannot change mode to rwxr-xr-x: Operation not permitted
build	Cache Android SDK	2026-06-06T12:22:42.3867729Z /usr/bin/tar: ../../../../../usr/local/lib/android/sdk/platforms/android-34-ext12/data/res/values-mcc310-mnc150-hi: Cannot utime: Operation not permitted
build	Cache Android SDK	2026-06-06T12:22:42.3869233Z /usr/bin/tar: ../../../../../usr/local/lib/android/sdk/platforms/android-34-ext12/data/res/values-mcc310-mnc150-hi: Cannot change mode to rwxr-xr-x: Operation not permitted
build	Cache Android SDK	2026-06-06T12:22:42.3870735Z /usr/bin/tar: ../../../../../usr/local/lib/android/sdk/platforms/android-34-ext12/data/res/values-mcc310-mnc490-it: Cannot utime: Operation not permitted
build	Cache Android SDK	2026-06-06T12:22:42.3871898Z /usr/bin/tar: ../../../../../usr/local/lib/android/sdk/platforms/android-34-ext12/data/res/values-mcc310-mnc490-it: Cannot change mode to rwxr-xr-x: Operation not permitted
build	Cache Android SDK	2026-06-06T12:22:42.3873944Z /usr/bin/tar: ../../../../../usr/local/lib/android/sdk/platforms/android-34-ext12/data/res/values-mcc334-mnc020-ru: Cannot utime: Operation not permitted
build	Cache Android SDK	2026-06-06T12:22:42.3874934Z /usr/bin/tar: ../../../../../usr/local/lib/android/sdk/platforms/android-34-ext12/data/res/values-mcc334-mnc020-ru: Cannot change mode to rwxr-xr-x: Operation not permitted
build	Cache Android SDK	2026-06-06T12:22:42.3877916Z /usr/bin/tar: ../../../../../usr/local/lib/android/sdk/platforms/android-34-ext12/data/res/values-mcc310-mnc280-ta: Cannot utime: Operation not permitted
build	Cache Android SDK	2026-06-06T12:22:42.3878897Z /usr/bin/tar: ../../../../../usr/local/lib/android/sdk/platforms/android-34-ext12/data/res/values-mcc310-mnc280-ta: Cannot change mode to rwxr-xr-x: Operation not permitted
build	Cache Android SDK	2026-06-06T12:22:42.3882004Z /usr/bin/tar: ../../../../../usr/local/lib/android/sdk/platforms/android-34-ext12/data/res/values-ne-watch: Cannot utime: Operation not permitted
build	Cache Android SDK	2026-06-06T12:22:42.3883113Z /usr/bin/tar: ../../../../../usr/local/lib/android/sdk/platforms/android-34-ext12/data/res/values-ne-watch: Cannot change mode to rwxr-xr-x: Operation not permitted
build	Cache Android SDK	2026-06-06T12:22:42.3884529Z /usr/bin/tar: ../../../../../usr/local/lib/android/sdk/platforms/android-34-ext12/data/res/values-mcc310-mnc200-ml: Cannot utime: Operation not permitted
build	Cache Android SDK	2026-06-06T12:22:42.3885488Z /usr/bin/tar: ../../../../../usr/local/lib/android/sdk/platforms/android-34-ext12/data/res/values-mcc310-mnc200-ml: Cannot change mode to rwxr-xr-x: Operation not permitted
build	Cache Android SDK	2026-06-06T12:22:42.3887893Z /usr/bin/tar: ../../../../../usr/local/lib/android/sdk/platforms/android-34-ext12/data/res/values-mcc310-mnc280-nb: Cannot utime: Operation not permitted
build	Cache Android SDK	2026-06-06T12:22:42.3889029Z /usr/bin/tar: ../../../../../usr/local/lib/android/sdk/platforms/android-34-ext12/data/res/values-mcc310-mnc280-nb: Cannot change mode to rwxr-xr-x: Operation not permitted
build	Cache Android SDK	2026-06-06T12:22:42.3890639Z /usr/bin/tar: ../../../../../usr/local/lib/android/sdk/platforms/android-34-ext12/data/res/values-mcc302-mnc370-pt-rPT: Cannot utime: Operation not permitted
build	Cache Android SDK	2026-06-06T12:22:42.3891719Z /usr/bin/tar: ../../../../../usr/local/lib/android/sdk/platforms/android-34-ext12/data/res/values-mcc302-mnc370-pt-rPT: Cannot change mode to rwxr-xr-x: Operation not permitted
build	Cache Android SDK	2026-06-06T12:22:42.3919364Z /usr/bin/tar: ../../../../../usr/local/lib/android/sdk/platforms/android-34-ext12/data/res/drawable-sw600dp-nodpi: Cannot utime: Operation not permitted
build	Cache Android SDK	2026-06-06T12:22:42.3920410Z /usr/bin/tar: ../../../../../usr/local/lib/android/sdk/platforms/android-34-ext12/data/res/drawable-sw600dp-nodpi: Cannot change mode to rwxr-xr-x: Operation not permitted
build	Cache Android SDK	2026-06-06T12:22:42.3921769Z /usr/bin/tar: ../../../../../usr/local/lib/android/sdk/platforms/android-34-ext12/data/res/values-mcc310-mnc490-mr: Cannot utime: Operation not permitted
build	Cache Android SDK	2026-06-06T12:22:42.3922761Z /usr/bin/tar: ../../../../../usr/local/lib/android/sdk/platforms/android-34-ext12/data/res/values-mcc310-mnc490-mr: Cannot change mode to rwxr-xr-x: Operation not permitted
build	Cache Android SDK	2026-06-06T12:22:42.3925923Z /usr/bin/tar: ../../../../../usr/local/lib/android/sdk/platforms/android-34-ext12/data/res/values-mcc310-mnc200-ms: Cannot utime: Operation not permitted
build	Cache Android SDK	2026-06-06T12:22:42.3926911Z /usr/bin/tar: ../../../../../usr/local/lib/android/sdk/platforms/android-34-ext12/data/res/values-mcc310-mnc200-ms: Cannot change mode to rwxr-xr-x: Operation not permitted
build	Cache Android SDK	2026-06-06T12:22:42.3928291Z /usr/bin/tar: ../../../../../usr/local/lib/android/sdk/platforms/android-34-ext12/data/res/values-mcc313-mnc100-fa: Cannot utime: Operation not permitted
build	Cache Android SDK	2026-06-06T12:22:42.3929257Z /usr/bin/tar: ../../../../../usr/local/lib/android/sdk/platforms/android-34-ext12/data/res/values-mcc313-mnc100-fa: Cannot change mode to rwxr-xr-x: Operation not permitted
build	Cache Android SDK	2026-06-06T12:22:42.3931480Z /usr/bin/tar: ../../../../../usr/local/lib/android/sdk/platforms/android-34-ext12/data/res/values-mcc310-mnc490-bs: Cannot utime: Operation not permitted
build	Cache Android SDK	2026-06-06T12:22:42.3932446Z /usr/bin/tar: ../../../../../usr/local/lib/android/sdk/platforms/android-34-ext12/data/res/values-mcc310-mnc490-bs: Cannot change mode to rwxr-xr-x: Operation not permitted
build	Cache Android SDK	2026-06-06T12:22:42.3934773Z /usr/bin/tar: ../../../../../usr/local/lib/android/sdk/platforms/android-34-ext12/data/res/values-sw900dp: Cannot utime: Operation not permitted
build	Cache Android SDK	2026-06-06T12:22:42.3935879Z /usr/bin/tar: ../../../../../usr/local/lib/android/sdk/platforms/android-34-ext12/data/res/values-sw900dp: Cannot change mode to rwxr-xr-x: Operation not permitted
build	Cache Android SDK	2026-06-06T12:22:42.3938654Z /usr/bin/tar: ../../../../../usr/local/lib/android/sdk/platforms/android-34-ext12/data/res/values-mcc302-mnc720-mn: Cannot utime: Operation not permitted
build	Cache Android SDK	2026-06-06T12:22:42.3939640Z /usr/bin/tar: ../../../../../usr/local/lib/android/sdk/platforms/android-34-ext12/data/res/values-mcc302-mnc720-mn: Cannot change mode to rwxr-xr-x: Operation not permitted
build	Cache Android SDK	2026-06-06T12:22:42.3942225Z /usr/bin/tar: ../../../../../usr/local/lib/android/sdk/platforms/android-34-ext12/data/res/values-mcc302-mnc720-or: Cannot utime: Operation not permitted
build	Cache Android SDK	2026-06-06T12:22:42.3943269Z /usr/bin/tar: ../../../../../usr/local/lib/android/sdk/platforms/android-34-ext12/data/res/values-mcc302-mnc720-or: Cannot change mode to rwxr-xr-x: Operation not permitted
build	Cache Android SDK	2026-06-06T12:22:42.3944768Z /usr/bin/tar: ../../../../../usr/local/lib/android/sdk/platforms/android-34-ext12/data/res/values-mcc310-mnc220-es: Cannot utime: Operation not permitted
build	Cache Android SDK	2026-06-06T12:22:42.3945738Z /usr/bin/tar: ../../../../../usr/local/lib/android/sdk/platforms/android-34-ext12/data/res/values-mcc310-mnc220-es: Cannot change mode to rwxr-xr-x: Operation not permitted
build	Cache Android SDK	2026-06-06T12:22:42.3948483Z /usr/bin/tar: ../../../../../usr/local/lib/android/sdk/platforms/android-34-ext12/data/res/values-mcc310-mnc410-da: Cannot utime: Operation not permitted
build	Cache Android SDK	2026-06-06T12:22:42.3949489Z /usr/bin/tar: ../../../../../usr/local/lib/android/sdk/platforms/android-34-ext12/data/res/values-mcc310-mnc410-da: Cannot change mode to rwxr-xr-x: Operation not permitted
build	Cache Android SDK	2026-06-06T12:22:42.3950785Z /usr/bin/tar: ../../../../../usr/local/lib/android/sdk/platforms/android-34-ext12/data/res/values-mcc310-mnc030-iw: Cannot utime: Operation not permitted
build	Cache Android SDK	2026-06-06T12:22:42.3951741Z /usr/bin/tar: ../../../../../usr/local/lib/android/sdk/platforms/android-34-ext12/data/res/values-mcc310-mnc030-iw: Cannot change mode to rwxr-xr-x: Operation not permitted
build	Cache Android SDK	2026-06-06T12:22:42.3954634Z /usr/bin/tar: ../../../../../usr/local/lib/android/sdk/platforms/android-34-ext12/data/res/values-mcc312-mnc670-as: Cannot utime: Operation not permitted
build	Cache Android SDK	2026-06-06T12:22:42.3955659Z /usr/bin/tar: ../../../../../usr/local/lib/android/sdk/platforms/android-34-ext12/data/res/values-mcc312-mnc670-as: Cannot change mode to rwxr-xr-x: Operation not permitted
build	Cache Android SDK	2026-06-06T12:22:42.3957884Z /usr/bin/tar: ../../../../../usr/local/lib/android/sdk/platforms/android-34-ext12/data/res/values-mcc310-mnc150-ms: Cannot utime: Operation not permitted
build	Cache Android SDK	2026-06-06T12:22:42.3959107Z /usr/bin/tar: ../../../../../usr/local/lib/android/sdk/platforms/android-34-ext12/data/res/values-mcc310-mnc150-ms: Cannot change mode to rwxr-xr-x: Operation not permitted
build	Cache Android SDK	2026-06-06T12:22:42.3960399Z /usr/bin/tar: ../../../../../usr/local/lib/android/sdk/platforms/android-34-ext12/data/res/values-mcc214-mnc01: Cannot utime: Operation not permitted
build	Cache Android SDK	2026-06-06T12:22:42.3961330Z /usr/bin/tar: ../../../../../usr/local/lib/android/sdk/platforms/android-34-ext12/data/res/values-mcc214-mnc01: Cannot change mode to rwxr-xr-x: Operation not permitted
build	Cache Android SDK	2026-06-06T12:22:42.3963939Z /usr/bin/tar: ../../../../../usr/local/lib/android/sdk/platforms/android-34-ext12/data/res/values-ro-watch: Cannot utime: Operation not permitted
build	Cache Android SDK	2026-06-06T12:22:42.3965757Z /usr/bin/tar: ../../../../../usr/local/lib/android/sdk/platforms/android-34-ext12/data/res/values-ro-watch: Cannot change mode to rwxr-xr-x: Operation not permitted
build	Cache Android SDK	2026-06-06T12:22:42.3966978Z /usr/bin/tar: ../../../../../usr/local/lib/android/sdk/platforms/android-34-ext12/data/res/values-mcc334-mnc020-bg: Cannot utime: Operation not permitted
build	Cache Android SDK	2026-06-06T12:22:42.3968496Z /usr/bin/tar: ../../../../../usr/local/lib/android/sdk/platforms/android-34-ext12/data/res/values-mcc334-mnc020-bg: Cannot change mode to rwxr-xr-x: Operation not permitted
build	Cache Android SDK	2026-06-06T12:22:42.3972239Z /usr/bin/tar: ../../../../../usr/local/lib/android/sdk/platforms/android-34-ext12/data/res/values-mcc001-mnc01-pt: Cannot utime: Operation not permitted
build	Cache Android SDK	2026-06-06T12:22:42.3973205Z /usr/bin/tar: ../../../../../usr/local/lib/android/sdk/platforms/android-34-ext12/data/res/values-mcc001-mnc01-pt: Cannot change mode to rwxr-xr-x: Operation not permitted
build	Cache Android SDK	2026-06-06T12:22:42.3975542Z /usr/bin/tar: ../../../../../usr/local/lib/android/sdk/platforms/android-34-ext12/data/res/values-mcc310-mnc280-pt-rBR: Cannot utime: Operation not permitted
build	Cache Android SDK	2026-06-06T12:22:42.3977338Z /usr/bin/tar: ../../../../../usr/local/lib/android/sdk/platforms/android-34-ext12/data/res/values-mcc310-mnc280-pt-rBR: Cannot change mode to rwxr-xr-x: Operation not permitted
build	Cache Android SDK	2026-06-06T12:22:42.3979960Z /usr/bin/tar: ../../../../../usr/local/lib/android/sdk/platforms/android-34-ext12/data/res/values-mcc310-mnc170-uk: Cannot utime: Operation not permitted
build	Cache Android SDK	2026-06-06T12:22:42.3981706Z /usr/bin/tar: ../../../../../usr/local/lib/android/sdk/platforms/android-34-ext12/data/res/values-mcc310-mnc170-uk: Cannot change mode to rwxr-xr-x: Operation not permitted
build	Cache Android SDK	2026-06-06T12:22:42.3983769Z /usr/bin/tar: ../../../../../usr/local/lib/android/sdk/platforms/android-34-ext12/data/res/values-mcc302-mnc370-lv: Cannot utime: Operation not permitted
build	Cache Android SDK	2026-06-06T12:22:42.3984729Z /usr/bin/tar: ../../../../../usr/local/lib/android/sdk/platforms/android-34-ext12/data/res/values-mcc302-mnc370-lv: Cannot change mode to rwxr-xr-x: Operation not permitted
build	Cache Android SDK	2026-06-06T12:22:42.3987616Z /usr/bin/tar: ../../../../../usr/local/lib/android/sdk/platforms/android-34-ext12/data/res/values-mcc310-mnc160-vi: Cannot utime: Operation not permitted
build	Cache Android SDK	2026-06-06T12:22:42.3988702Z /usr/bin/tar: ../../../../../usr/local/lib/android/sdk/platforms/android-34-ext12/data/res/values-mcc310-mnc160-vi: Cannot change mode to rwxr-xr-x: Operation not permitted
build	Cache Android SDK	2026-06-06T12:22:42.3993717Z /usr/bin/tar: ../../../../../usr/local/lib/android/sdk/platforms/android-34-ext12/data/res/values-kk: Cannot utime: Operation not permitted
build	Cache Android SDK	2026-06-06T12:22:42.3994746Z /usr/bin/tar: ../../../../../usr/local/lib/android/sdk/platforms/android-34-ext12/data/res/values-kk: Cannot change mode to rwxr-xr-x: Operation not permitted
build	Cache Android SDK	2026-06-06T12:22:42.3997909Z /usr/bin/tar: ../../../../../usr/local/lib/android/sdk/platforms/android-34-ext12/data/res/values-mcc310-mnc560-sl: Cannot utime: Operation not permitted
build	Cache Android SDK	2026-06-06T12:22:42.3999800Z /usr/bin/tar: ../../../../../usr/local/lib/android/sdk/platforms/android-34-ext12/data/res/values-mcc310-mnc560-sl: Cannot change mode to rwxr-xr-x: Operation not permitted
build	Cache Android SDK	2026-06-06T12:22:42.4001112Z /usr/bin/tar: ../../../../../usr/local/lib/android/sdk/platforms/android-34-ext12/data/res/values-zh-rTW-watch: Cannot utime: Operation not permitted
build	Cache Android SDK	2026-06-06T12:22:42.4002585Z /usr/bin/tar: ../../../../../usr/local/lib/android/sdk/platforms/android-34-ext12/data/res/values-zh-rTW-watch: Cannot change mode to rwxr-xr-x: Operation not permitted
build	Cache Android SDK	2026-06-06T12:22:42.4004004Z /usr/bin/tar: ../../../../../usr/local/lib/android/sdk/platforms/android-34-ext12/data/res/values-mcc001-mnc01-ta: Cannot utime: Operation not permitted
build	Cache Android SDK	2026-06-06T12:22:42.4004974Z /usr/bin/tar: ../../../../../usr/local/lib/android/sdk/platforms/android-34-ext12/data/res/values-mcc001-mnc01-ta: Cannot change mode to rwxr-xr-x: Operation not permitted
build	Cache Android SDK	2026-06-06T12:22:42.4008737Z /usr/bin/tar: ../../../../../usr/local/lib/android/sdk/platforms/android-34-ext12/data/res/values-large: Cannot utime: Operation not permitted
build	Cache Android SDK	2026-06-06T12:22:42.4009811Z /usr/bin/tar: ../../../../../usr/local/lib/android/sdk/platforms/android-34-ext12/data/res/values-large: Cannot change mode to rwxr-xr-x: Operation not permitted
build	Cache Android SDK	2026-06-06T12:22:42.4012613Z /usr/bin/tar: ../../../../../usr/local/lib/android/sdk/platforms/android-34-ext12/data/res/values-es-television: Cannot utime: Operation not permitted
build	Cache Android SDK	2026-06-06T12:22:42.4013585Z /usr/bin/tar: ../../../../../usr/local/lib/android/sdk/platforms/android-34-ext12/data/res/values-es-television: Cannot change mode to rwxr-xr-x: Operation not permitted
build	Cache Android SDK	2026-06-06T12:22:42.4016568Z /usr/bin/tar: ../../../../../usr/local/lib/android/sdk/platforms/android-34-ext12/data/res/values-mcc310-mnc200-hy: Cannot utime: Operation not permitted
build	Cache Android SDK	2026-06-06T12:22:42.4017854Z /usr/bin/tar: ../../../../../usr/local/lib/android/sdk/platforms/android-34-ext12/data/res/values-mcc310-mnc200-hy: Cannot change mode to rwxr-xr-x: Operation not permitted
build	Cache Android SDK	2026-06-06T12:22:42.4019889Z /usr/bin/tar: ../../../../../usr/local/lib/android/sdk/platforms/android-34-ext12/data/res/values-mcc310-mnc800-sq: Cannot utime: Operation not permitted
build	Cache Android SDK	2026-06-06T12:22:42.4020868Z /usr/bin/tar: ../../../../../usr/local/lib/android/sdk/platforms/android-34-ext12/data/res/values-mcc310-mnc800-sq: Cannot change mode to rwxr-xr-x: Operation not permitted
build	Cache Android SDK	2026-06-06T12:22:42.4023500Z /usr/bin/tar: ../../../../../usr/local/lib/android/sdk/platforms/android-34-ext12/data/res/values-mcc302-mnc720-ko: Cannot utime: Operation not permitted
build	Cache Android SDK	2026-06-06T12:22:42.4024484Z /usr/bin/tar: ../../../../../usr/local/lib/android/sdk/platforms/android-34-ext12/data/res/values-mcc302-mnc720-ko: Cannot change mode to rwxr-xr-x: Operation not permitted
build	Cache Android SDK	2026-06-06T12:22:42.4026431Z /usr/bin/tar: ../../../../../usr/local/lib/android/sdk/platforms/android-34-ext12/data/res/values-mcc310-mnc240-ca: Cannot utime: Operation not permitted
build	Cache Android SDK	2026-06-06T12:22:42.4027577Z /usr/bin/tar: ../../../../../usr/local/lib/android/sdk/platforms/android-34-ext12/data/res/values-mcc310-mnc240-ca: Cannot change mode to rwxr-xr-x: Operation not permitted
build	Cache Android SDK	2026-06-06T12:22:42.4029624Z /usr/bin/tar: ../../../../../usr/local/lib/android/sdk/platforms/android-34-ext12/data/res/values-mcc310-mnc170-fr-rCA: Cannot utime: Operation not permitted
build	Cache Android SDK	2026-06-06T12:22:42.4030646Z /usr/bin/tar: ../../../../../usr/local/lib/android/sdk/platforms/android-34-ext12/data/res/values-mcc310-mnc170-fr-rCA: Cannot change mode to rwxr-xr-x: Operation not permitted
build	Cache Android SDK	2026-06-06T12:22:42.4032953Z /usr/bin/tar: ../../../../../usr/local/lib/android/sdk/platforms/android-34-ext12/data/res/values-mcc310-mnc230-el: Cannot utime: Operation not permitted
build	Cache Android SDK	2026-06-06T12:22:42.4033920Z /usr/bin/tar: ../../../../../usr/local/lib/android/sdk/platforms/android-34-ext12/data/res/values-mcc310-mnc230-el: Cannot change mode to rwxr-xr-x: Operation not permitted
build	Cache Android SDK	2026-06-06T12:22:42.4035866Z /usr/bin/tar: ../../../../../usr/local/lib/android/sdk/platforms/android-34-ext12/data/res/values-mcc310-mnc210-tl: Cannot utime: Operation not permitted
build	Cache Android SDK	2026-06-06T12:22:42.4036839Z /usr/bin/tar: ../../../../../usr/local/lib/android/sdk/platforms/android-34-ext12/data/res/values-mcc310-mnc210-tl: Cannot change mode to rwxr-xr-x: Operation not permitted
build	Cache Android SDK	2026-06-06T12:22:42.4040938Z /usr/bin/tar: ../../../../../usr/local/lib/android/sdk/platforms/android-34-ext12/data/res/values-mcc302-mnc720-fr-rCA: Cannot utime: Operation not permitted
build	Cache Android SDK	2026-06-06T12:22:42.4041946Z /usr/bin/tar: ../../../../../usr/local/lib/android/sdk/platforms/android-34-ext12/data/res/values-mcc302-mnc720-fr-rCA: Cannot change mode to rwxr-xr-x: Operation not permitted
build	Cache Android SDK	2026-06-06T12:22:42.4043988Z /usr/bin/tar: ../../../../../usr/local/lib/android/sdk/platforms/android-34-ext12/data/res/values-mcc310-mnc030-as: Cannot utime: Operation not permitted
build	Cache Android SDK	2026-06-06T12:22:42.4045193Z /usr/bin/tar: ../../../../../usr/local/lib/android/sdk/platforms/android-34-ext12/data/res/values-mcc310-mnc030-as: Cannot change mode to rwxr-xr-x: Operation not permitted
build	Cache Android SDK	2026-06-06T12:22:42.4047117Z /usr/bin/tar: ../../../../../usr/local/lib/android/sdk/platforms/android-34-ext12/data/res/values-mcc001-mnc01-ru: Cannot utime: Operation not permitted
build	Cache Android SDK	2026-06-06T12:22:42.4048367Z /usr/bin/tar: ../../../../../usr/local/lib/android/sdk/platforms/android-34-ext12/data/res/values-mcc001-mnc01-ru: Cannot change mode to rwxr-xr-x: Operation not permitted
build	Cache Android SDK	2026-06-06T12:22:42.4052742Z /usr/bin/tar: ../../../../../usr/local/lib/android/sdk/platforms/android-34-ext12/data/res/values-be-television: Cannot utime: Operation not permitted
build	Cache Android SDK	2026-06-06T12:22:42.4053709Z /usr/bin/tar: ../../../../../usr/local/lib/android/sdk/platforms/android-34-ext12/data/res/values-be-television: Cannot change mode to rwxr-xr-x: Operation not permitted
build	Cache Android SDK	2026-06-06T12:22:42.4055792Z /usr/bin/tar: ../../../../../usr/local/lib/android/sdk/platforms/android-34-ext12/data/res/values-mcc334-mnc020-si: Cannot utime: Operation not permitted
build	Cache Android SDK	2026-06-06T12:22:42.4056868Z /usr/bin/tar: ../../../../../usr/local/lib/android/sdk/platforms/android-34-ext12/data/res/values-mcc334-mnc020-si: Cannot change mode to rwxr-xr-x: Operation not permitted
build	Cache Android SDK	2026-06-06T12:22:42.4059478Z /usr/bin/tar: ../../../../../usr/local/lib/android/sdk/platforms/android-34-ext12/data/res/values-mcc302-mnc370-am: Cannot utime: Operation not permitted
build	Cache Android SDK	2026-06-06T12:22:42.4060561Z /usr/bin/tar: ../../../../../usr/local/lib/android/sdk/platforms/android-34-ext12/data/res/values-mcc302-mnc370-am: Cannot change mode to rwxr-xr-x: Operation not permitted
build	Cache Android SDK	2026-06-06T12:22:42.4064546Z /usr/bin/tar: ../../../../../usr/local/lib/android/sdk/platforms/android-34-ext12/data/res/values-mcc310-mnc240-ro: Cannot utime: Operation not permitted
build	Cache Android SDK	2026-06-06T12:22:42.4066060Z /usr/bin/tar: ../../../../../usr/local/lib/android/sdk/platforms/android-34-ext12/data/res/values-mcc310-mnc240-ro: Cannot change mode to rwxr-xr-x: Operation not permitted
build	Cache Android SDK	2026-06-06T12:22:42.4067554Z /usr/bin/tar: ../../../../../usr/local/lib/android/sdk/platforms/android-34-ext12/data/res/values-mcc334-mnc020-ar: Cannot utime: Operation not permitted
build	Cache Android SDK	2026-06-06T12:22:42.4068557Z /usr/bin/tar: ../../../../../usr/local/lib/android/sdk/platforms/android-34-ext12/data/res/values-mcc334-mnc020-ar: Cannot change mode to rwxr-xr-x: Operation not permitted
build	Cache Android SDK	2026-06-06T12:22:42.4070367Z /usr/bin/tar: ../../../../../usr/local/lib/android/sdk/platforms/android-34-ext12/data/res/values-mcc310-mnc560-az: Cannot utime: Operation not permitted
build	Cache Android SDK	2026-06-06T12:22:42.4071332Z /usr/bin/tar: ../../../../../usr/local/lib/android/sdk/platforms/android-34-ext12/data/res/values-mcc310-mnc560-az: Cannot change mode to rwxr-xr-x: Operation not permitted
build	Cache Android SDK	2026-06-06T12:22:42.4074121Z /usr/bin/tar: ../../../../../usr/local/lib/android/sdk/platforms/android-34-ext12/data/res/values-mcc310-mnc210-ja: Cannot utime: Operation not permitted
build	Cache Android SDK	2026-06-06T12:22:42.4075194Z /usr/bin/tar: ../../../../../usr/local/lib/android/sdk/platforms/android-34-ext12/data/res/values-mcc310-mnc210-ja: Cannot change mode to rwxr-xr-x: Operation not permitted
build	Cache Android SDK	2026-06-06T12:22:42.4078080Z /usr/bin/tar: ../../../../../usr/local/lib/android/sdk/platforms/android-34-ext12/data/res/values-mcc310-mnc280-ja: Cannot utime: Operation not permitted
build	Cache Android SDK	2026-06-06T12:22:42.4080022Z /usr/bin/tar: ../../../../../usr/local/lib/android/sdk/platforms/android-34-ext12/data/res/values-mcc310-mnc280-ja: Cannot change mode to rwxr-xr-x: Operation not permitted
build	Cache Android SDK	2026-06-06T12:22:42.4080987Z /usr/bin/tar: ../../../../../usr/local/lib/android/sdk/platforms/android-34-ext12/data/res/values-pl-watch: Cannot utime: Operation not permitted
build	Cache Android SDK	2026-06-06T12:22:42.4081909Z /usr/bin/tar: ../../../../../usr/local/lib/android/sdk/platforms/android-34-ext12/data/res/values-pl-watch: Cannot change mode to rwxr-xr-x: Operation not permitted
build	Cache Android SDK	2026-06-06T12:22:42.4111143Z /usr/bin/tar: ../../../../../usr/local/lib/android/sdk/platforms/android-34-ext12/data/res/values-mcc302-mnc370-sl: Cannot utime: Operation not permitted
build	Cache Android SDK	2026-06-06T12:22:42.4112504Z /usr/bin/tar: ../../../../../usr/local/lib/android/sdk/platforms/android-34-ext12/data/res/values-mcc302-mnc370-sl: Cannot change mode to rwxr-xr-x: Operation not permitted
build	Cache Android SDK	2026-06-06T12:22:42.4114466Z /usr/bin/tar: ../../../../../usr/local/lib/android/sdk/platforms/android-34-ext12/data/res/values-mcc310-mnc950-ru: Cannot utime: Operation not permitted
build	Cache Android SDK	2026-06-06T12:22:42.4115450Z /usr/bin/tar: ../../../../../usr/local/lib/android/sdk/platforms/android-34-ext12/data/res/values-mcc310-mnc950-ru: Cannot change mode to rwxr-xr-x: Operation not permitted
build	Cache Android SDK	2026-06-06T12:22:42.4116853Z /usr/bin/tar: ../../../../../usr/local/lib/android/sdk/platforms/android-34-ext12/data/res/values-mcc310-mnc220-my: Cannot utime: Operation not permitted
build	Cache Android SDK	2026-06-06T12:22:42.4118313Z /usr/bin/tar: ../../../../../usr/local/lib/android/sdk/platforms/android-34-ext12/data/res/values-mcc310-mnc220-my: Cannot change mode to rwxr-xr-x: Operation not permitted
build	Cache Android SDK	2026-06-06T12:22:42.4119271Z /usr/bin/tar: ../../../../../usr/local/lib/android/sdk/platforms/android-34-ext12/data/res/values-mcc310-mnc240-bs: Cannot utime: Operation not permitted
build	Cache Android SDK	2026-06-06T12:22:42.4120707Z /usr/bin/tar: ../../../../../usr/local/lib/android/sdk/platforms/android-34-ext12/data/res/values-mcc310-mnc240-bs: Cannot change mode to rwxr-xr-x: Operation not permitted
build	Cache Android SDK	2026-06-06T12:22:42.4122457Z /usr/bin/tar: ../../../../../usr/local/lib/android/sdk/platforms/android-34-ext12/data/res/values-el: Cannot utime: Operation not permitted
build	Cache Android SDK	2026-06-06T12:22:42.4124137Z /usr/bin/tar: ../../../../../usr/local/lib/android/sdk/platforms/android-34-ext12/data/res/values-el: Cannot change mode to rwxr-xr-x: Operation not permitted
build	Cache Android SDK	2026-06-06T12:22:42.4125511Z /usr/bin/tar: ../../../../../usr/local/lib/android/sdk/platforms/android-34-ext12/data/res/values-mcc310-mnc800-kk: Cannot utime: Operation not permitted
build	Cache Android SDK	2026-06-06T12:22:42.4126480Z /usr/bin/tar: ../../../../../usr/local/lib/android/sdk/platforms/android-34-ext12/data/res/values-mcc310-mnc800-kk: Cannot change mode to rwxr-xr-x: Operation not permitted
build	Cache Android SDK	2026-06-06T12:22:42.4128180Z /usr/bin/tar: ../../../../../usr/local/lib/android/sdk/platforms/android-34-ext12/data/res/values-mcc310-mnc160-hu: Cannot utime: Operation not permitted
build	Cache Android SDK	2026-06-06T12:22:42.4129294Z /usr/bin/tar: ../../../../../usr/local/lib/android/sdk/platforms/android-34-ext12/data/res/values-mcc310-mnc160-hu: Cannot change mode to rwxr-xr-x: Operation not permitted
build	Cache Android SDK	2026-06-06T12:22:42.4130295Z /usr/bin/tar: ../../../../../usr/local/lib/android/sdk/platforms/android-34-ext12/data/res/values-mcc310-mnc170-lt: Cannot utime: Operation not permitted
build	Cache Android SDK	2026-06-06T12:22:42.4131254Z /usr/bin/tar: ../../../../../usr/local/lib/android/sdk/platforms/android-34-ext12/data/res/values-mcc310-mnc170-lt: Cannot change mode to rwxr-xr-x: Operation not permitted
build	Cache Android SDK	2026-06-06T12:22:42.4132863Z /usr/bin/tar: ../../../../../usr/local/lib/android/sdk/platforms/android-34-ext12/data/res/values-ca-rES: Cannot utime: Operation not permitted
build	Cache Android SDK	2026-06-06T12:22:42.4133850Z /usr/bin/tar: ../../../../../usr/local/lib/android/sdk/platforms/android-34-ext12/data/res/values-ca-rES: Cannot change mode to rwxr-xr-x: Operation not permitted
build	Cache Android SDK	2026-06-06T12:22:42.4134759Z /usr/bin/tar: ../../../../../usr/local/lib/android/sdk/platforms/android-34-ext12/data/res/drawable-car: Cannot utime: Operation not permitted
build	Cache Android SDK	2026-06-06T12:22:42.4136654Z /usr/bin/tar: ../../../../../usr/local/lib/android/sdk/platforms/android-34-ext12/data/res/drawable-car: Cannot change mode to rwxr-xr-x: Operation not permitted
build	Cache Android SDK	2026-06-06T12:22:42.4137794Z /usr/bin/tar: ../../../../../usr/local/lib/android/sdk/platforms/android-34-ext12/data/res/values-mcc310-mnc310-et: Cannot utime: Operation not permitted
build	Cache Android SDK	2026-06-06T12:22:42.4139326Z /usr/bin/tar: ../../../../../usr/local/lib/android/sdk/platforms/android-34-ext12/data/res/values-mcc310-mnc310-et: Cannot change mode to rwxr-xr-x: Operation not permitted
build	Cache Android SDK	2026-06-06T12:22:42.4140482Z /usr/bin/tar: ../../../../../usr/local/lib/android/sdk/platforms/android-34-ext12/data/res/values-mcc310-mnc560-mr: Cannot utime: Operation not permitted
build	Cache Android SDK	2026-06-06T12:22:42.4141875Z /usr/bin/tar: ../../../../../usr/local/lib/android/sdk/platforms/android-34-ext12/data/res/values-mcc310-mnc560-mr: Cannot change mode to rwxr-xr-x: Operation not permitted
build	Cache Android SDK	2026-06-06T12:22:42.4143479Z /usr/bin/tar: ../../../../../usr/local/lib/android/sdk/platforms/android-34-ext12/data/res/values-mcc310-mnc150-pt-rPT: Cannot utime: Operation not permitted
build	Cache Android SDK	2026-06-06T12:22:42.4144474Z /usr/bin/tar: ../../../../../usr/local/lib/android/sdk/platforms/android-34-ext12/data/res/values-mcc310-mnc150-pt-rPT: Cannot change mode to rwxr-xr-x: Operation not permitted
build	Cache Android SDK	2026-06-06T12:22:42.4145787Z /usr/bin/tar: ../../../../../usr/local/lib/android/sdk/platforms/android-34-ext12/data/res/values-mcc310-mnc800-mn: Cannot utime: Operation not permitted
build	Cache Android SDK	2026-06-06T12:22:42.4147321Z /usr/bin/tar: ../../../../../usr/local/lib/android/sdk/platforms/android-34-ext12/data/res/values-mcc310-mnc800-mn: Cannot change mode to rwxr-xr-x: Operation not permitted
build	Cache Android SDK	2026-06-06T12:22:42.4148476Z /usr/bin/tar: ../../../../../usr/local/lib/android/sdk/platforms/android-34-ext12/data/res/values-km-watch: Cannot utime: Operation not permitted
build	Cache Android SDK	2026-06-06T12:22:42.4150124Z /usr/bin/tar: ../../../../../usr/local/lib/android/sdk/platforms/android-34-ext12/data/res/values-km-watch: Cannot change mode to rwxr-xr-x: Operation not permitted
build	Cache Android SDK	2026-06-06T12:22:42.4151113Z /usr/bin/tar: ../../../../../usr/local/lib/android/sdk/platforms/android-34-ext12/data/res/values-en-rGB-television: Cannot utime: Operation not permitted
build	Cache Android SDK	2026-06-06T12:22:42.4152099Z /usr/bin/tar: ../../../../../usr/local/lib/android/sdk/platforms/android-34-ext12/data/res/values-en-rGB-television: Cannot change mode to rwxr-xr-x: Operation not permitted
build	Cache Android SDK	2026-06-06T12:22:42.4153514Z /usr/bin/tar: ../../../../../usr/local/lib/android/sdk/platforms/android-34-ext12/data/res/values-mcc334-mnc020-mn: Cannot utime: Operation not permitted
build	Cache Android SDK	2026-06-06T12:22:42.4154822Z /usr/bin/tar: ../../../../../usr/local/lib/android/sdk/platforms/android-34-ext12/data/res/values-mcc334-mnc020-mn: Cannot change mode to rwxr-xr-x: Operation not permitted
build	Cache Android SDK	2026-06-06T12:22:42.4156285Z /usr/bin/tar: ../../../../../usr/local/lib/android/sdk/platforms/android-34-ext12/data/res/values-mcc001-mnc01-lv: Cannot utime: Operation not permitted
build	Cache Android SDK	2026-06-06T12:22:42.4157716Z /usr/bin/tar: ../../../../../usr/local/lib/android/sdk/platforms/android-34-ext12/data/res/values-mcc001-mnc01-lv: Cannot change mode to rwxr-xr-x: Operation not permitted
build	Cache Android SDK	2026-06-06T12:22:42.4158787Z /usr/bin/tar: ../../../../../usr/local/lib/android/sdk/platforms/android-34-ext12/data/res/values-mcc310-mnc170-hi: Cannot utime: Operation not permitted
build	Cache Android SDK	2026-06-06T12:22:42.4160479Z /usr/bin/tar: ../../../../../usr/local/lib/android/sdk/platforms/android-34-ext12/data/res/values-mcc310-mnc170-hi: Cannot change mode to rwxr-xr-x: Operation not permitted
build	Cache Android SDK	2026-06-06T12:22:42.4161457Z /usr/bin/tar: ../../../../../usr/local/lib/android/sdk/platforms/android-34-ext12/data/res/values-mcc310-mnc800-ro: Cannot utime: Operation not permitted
build	Cache Android SDK	2026-06-06T12:22:42.4162422Z /usr/bin/tar: ../../../../../usr/local/lib/android/sdk/platforms/android-34-ext12/data/res/values-mcc310-mnc800-ro: Cannot change mode to rwxr-xr-x: Operation not permitted
build	Cache Android SDK	2026-06-06T12:22:42.4166216Z /usr/bin/tar: ../../../../../usr/local/lib/android/sdk/platforms/android-34-ext12/data/res/values-mcc310-mnc270-km: Cannot utime: Operation not permitted
build	Cache Android SDK	2026-06-06T12:22:42.4167295Z /usr/bin/tar: ../../../../../usr/local/lib/android/sdk/platforms/android-34-ext12/data/res/values-mcc310-mnc270-km: Cannot change mode to rwxr-xr-x: Operation not permitted
build	Cache Android SDK	2026-06-06T12:22:42.4169434Z /usr/bin/tar: ../../../../../usr/local/lib/android/sdk/platforms/android-34-ext12/data/res/values-mcc310-mnc160-ml: Cannot utime: Operation not permitted
build	Cache Android SDK	2026-06-06T12:22:42.4170609Z /usr/bin/tar: ../../../../../usr/local/lib/android/sdk/platforms/android-34-ext12/data/res/values-mcc310-mnc160-ml: Cannot change mode to rwxr-xr-x: Operation not permitted
build	Cache Android SDK	2026-06-06T12:22:42.4173019Z /usr/bin/tar: ../../../../../usr/local/lib/android/sdk/platforms/android-34-ext12/data/res/values-mcc310-mnc270-es-rUS: Cannot utime: Operation not permitted
build	Cache Android SDK	2026-06-06T12:22:42.4174203Z /usr/bin/tar: ../../../../../usr/local/lib/android/sdk/platforms/android-34-ext12/data/res/values-mcc310-mnc270-es-rUS: Cannot change mode to rwxr-xr-x: Operation not permitted
build	Cache Android SDK	2026-06-06T12:22:42.4176374Z /usr/bin/tar: ../../../../../usr/local/lib/android/sdk/platforms/android-34-ext12/data/res/values-es-rEC: Cannot utime: Operation not permitted
build	Cache Android SDK	2026-06-06T12:22:42.4177632Z /usr/bin/tar: ../../../../../usr/local/lib/android/sdk/platforms/android-34-ext12/data/res/values-es-rEC: Cannot change mode to rwxr-xr-x: Operation not permitted
build	Cache Android SDK	2026-06-06T12:22:42.4179730Z /usr/bin/tar: ../../../../../usr/local/lib/android/sdk/platforms/android-34-ext12/data/res/values-mcc311-mnc180-zu: Cannot utime: Operation not permitted
build	Cache Android SDK	2026-06-06T12:22:42.4180883Z /usr/bin/tar: ../../../../../usr/local/lib/android/sdk/platforms/android-34-ext12/data/res/values-mcc311-mnc180-zu: Cannot change mode to rwxr-xr-x: Operation not permitted
build	Cache Android SDK	2026-06-06T12:22:42.4182861Z /usr/bin/tar: ../../../../../usr/local/lib/android/sdk/platforms/android-34-ext12/data/res/values-mcc310-mnc240-hi: Cannot utime: Operation not permitted
build	Cache Android SDK	2026-06-06T12:22:42.4184038Z /usr/bin/tar: ../../../../../usr/local/lib/android/sdk/platforms/android-34-ext12/data/res/values-mcc310-mnc240-hi: Cannot change mode to rwxr-xr-x: Operation not permitted
build	Cache Android SDK	2026-06-06T12:22:42.4186196Z /usr/bin/tar: ../../../../../usr/local/lib/android/sdk/platforms/android-34-ext12/data/res/values-mcc334-mnc020-kk: Cannot utime: Operation not permitted
build	Cache Android SDK	2026-06-06T12:22:42.4187578Z /usr/bin/tar: ../../../../../usr/local/lib/android/sdk/platforms/android-34-ext12/data/res/values-mcc334-mnc020-kk: Cannot change mode to rwxr-xr-x: Operation not permitted
build	Cache Android SDK	2026-06-06T12:22:42.4189710Z /usr/bin/tar: ../../../../../usr/local/lib/android/sdk/platforms/android-34-ext12/data/res/values-mcc310-mnc240-in: Cannot utime: Operation not permitted
build	Cache Android SDK	2026-06-06T12:22:42.4190673Z /usr/bin/tar: ../../../../../usr/local/lib/android/sdk/platforms/android-34-ext12/data/res/values-mcc310-mnc240-in: Cannot change mode to rwxr-xr-x: Operation not permitted
build	Cache Android SDK	2026-06-06T12:22:42.4195977Z /usr/bin/tar: ../../../../../usr/local/lib/android/sdk/platforms/android-34-ext12/data/res/values-et: Cannot utime: Operation not permitted
build	Cache Android SDK	2026-06-06T12:22:42.4197135Z /usr/bin/tar: ../../../../../usr/local/lib/android/sdk/platforms/android-34-ext12/data/res/values-et: Cannot change mode to rwxr-xr-x: Operation not permitted
build	Cache Android SDK	2026-06-06T12:22:42.4198936Z /usr/bin/tar: ../../../../../usr/local/lib/android/sdk/platforms/android-34-ext12/data/res/values-mcc310-mnc220-da: Cannot utime: Operation not permitted
build	Cache Android SDK	2026-06-06T12:22:42.4199899Z /usr/bin/tar: ../../../../../usr/local/lib/android/sdk/platforms/android-34-ext12/data/res/values-mcc310-mnc220-da: Cannot change mode to rwxr-xr-x: Operation not permitted
build	Cache Android SDK	2026-06-06T12:22:42.4204039Z /usr/bin/tar: ../../../../../usr/local/lib/android/sdk/platforms/android-34-ext12/data/res/values-mcc310-mnc280-en-rGB: Cannot utime: Operation not permitted
build	Cache Android SDK	2026-06-06T12:22:42.4205736Z /usr/bin/tar: ../../../../../usr/local/lib/android/sdk/platforms/android-34-ext12/data/res/values-mcc310-mnc280-en-rGB: Cannot change mode to rwxr-xr-x: Operation not permitted
build	Cache Android SDK	2026-06-06T12:22:42.4207995Z /usr/bin/tar: ../../../../../usr/local/lib/android/sdk/platforms/android-34-ext12/data/res/layout-land: Cannot utime: Operation not permitted
build	Cache Android SDK	2026-06-06T12:22:42.4208931Z /usr/bin/tar: ../../../../../usr/local/lib/android/sdk/platforms/android-34-ext12/data/res/layout-land: Cannot change mode to rwxr-xr-x: Operation not permitted
build	Cache Android SDK	2026-06-06T12:22:42.4210760Z /usr/bin/tar: ../../../../../usr/local/lib/android/sdk/platforms/android-34-ext12/data/res/values-mcc310-mnc380-km: Cannot utime: Operation not permitted
build	Cache Android SDK	2026-06-06T12:22:42.4211724Z /usr/bin/tar: ../../../../../usr/local/lib/android/sdk/platforms/android-34-ext12/data/res/values-mcc310-mnc380-km: Cannot change mode to rwxr-xr-x: Operation not permitted
build	Cache Android SDK	2026-06-06T12:22:42.4214386Z /usr/bin/tar: ../../../../../usr/local/lib/android/sdk/platforms/android-34-ext12/data/res/values-mcc310-mnc270-da: Cannot utime: Operation not permitted
build	Cache Android SDK	2026-06-06T12:22:42.4215367Z /usr/bin/tar: ../../../../../usr/local/lib/android/sdk/platforms/android-34-ext12/data/res/values-mcc310-mnc270-da: Cannot change mode to rwxr-xr-x: Operation not permitted
build	Cache Android SDK	2026-06-06T12:22:42.4219512Z /usr/bin/tar: ../../../../../usr/local/lib/android/sdk/platforms/android-34-ext12/data/res/values-mcc310-mnc660-my: Cannot utime: Operation not permitted
build	Cache Android SDK	2026-06-06T12:22:42.4220685Z /usr/bin/tar: ../../../../../usr/local/lib/android/sdk/platforms/android-34-ext12/data/res/values-mcc310-mnc660-my: Cannot change mode to rwxr-xr-x: Operation not permitted
build	Cache Android SDK	2026-06-06T12:22:42.4222291Z /usr/bin/tar: ../../../../../usr/local/lib/android/sdk/platforms/android-34-ext12/data/res/values-mcc310-mnc280-et: Cannot utime: Operation not permitted
build	Cache Android SDK	2026-06-06T12:22:42.4223253Z /usr/bin/tar: ../../../../../usr/local/lib/android/sdk/platforms/android-34-ext12/data/res/values-mcc310-mnc280-et: Cannot change mode to rwxr-xr-x: Operation not permitted
build	Cache Android SDK	2026-06-06T12:22:42.4226382Z /usr/bin/tar: ../../../../../usr/local/lib/android/sdk/platforms/android-34-ext12/data/res/values-mcc310-mnc380-sv: Cannot utime: Operation not permitted
build	Cache Android SDK	2026-06-06T12:22:42.4228058Z /usr/bin/tar: ../../../../../usr/local/lib/android/sdk/platforms/android-34-ext12/data/res/values-mcc310-mnc380-sv: Cannot change mode to rwxr-xr-x: Operation not permitted
build	Cache Android SDK	2026-06-06T12:22:42.4229365Z /usr/bin/tar: ../../../../../usr/local/lib/android/sdk/platforms/android-34-ext12/data/res/values-mcc310-mnc250-be: Cannot utime: Operation not permitted
build	Cache Android SDK	2026-06-06T12:22:42.4230422Z /usr/bin/tar: ../../../../../usr/local/lib/android/sdk/platforms/android-34-ext12/data/res/values-mcc310-mnc250-be: Cannot change mode to rwxr-xr-x: Operation not permitted
build	Cache Android SDK	2026-06-06T12:22:42.4232152Z /usr/bin/tar: ../../../../../usr/local/lib/android/sdk/platforms/android-34-ext12/data/res/values-mcc310-mnc270-sq: Cannot utime: Operation not permitted
build	Cache Android SDK	2026-06-06T12:22:42.4233127Z /usr/bin/tar: ../../../../../usr/local/lib/android/sdk/platforms/android-34-ext12/data/res/values-mcc310-mnc270-sq: Cannot change mode to rwxr-xr-x: Operation not permitted
build	Cache Android SDK	2026-06-06T12:22:42.4235480Z /usr/bin/tar: ../../../../../usr/local/lib/android/sdk/platforms/android-34-ext12/data/res/values-mcc312-mnc670-km: Cannot utime: Operation not permitted
build	Cache Android SDK	2026-06-06T12:22:42.4236462Z /usr/bin/tar: ../../../../../usr/local/lib/android/sdk/platforms/android-34-ext12/data/res/values-mcc312-mnc670-km: Cannot change mode to rwxr-xr-x: Operation not permitted
build	Cache Android SDK	2026-06-06T12:22:42.4239504Z /usr/bin/tar: ../../../../../usr/local/lib/android/sdk/platforms/android-34-ext12/data/res/values-mcc310-mnc230-ur: Cannot utime: Operation not permitted
build	Cache Android SDK	2026-06-06T12:22:42.4240974Z /usr/bin/tar: ../../../../../usr/local/lib/android/sdk/platforms/android-34-ext12/data/res/values-mcc310-mnc230-ur: Cannot change mode to rwxr-xr-x: Operation not permitted
build	Cache Android SDK	2026-06-06T12:22:42.4242307Z /usr/bin/tar: ../../../../../usr/local/lib/android/sdk/platforms/android-34-ext12/data/res/values-mcc310-mnc950-mk: Cannot utime: Operation not permitted
build	Cache Android SDK	2026-06-06T12:22:42.4243497Z /usr/bin/tar: ../../../../../usr/local/lib/android/sdk/platforms/android-34-ext12/data/res/values-mcc310-mnc950-mk: Cannot change mode to rwxr-xr-x: Operation not permitted
build	Cache Android SDK	2026-06-06T12:22:42.4245213Z /usr/bin/tar: ../../../../../usr/local/lib/android/sdk/platforms/android-34-ext12/data/res/values-mcc310-mnc030-fr: Cannot utime: Operation not permitted
build	Cache Android SDK	2026-06-06T12:22:42.4246171Z /usr/bin/tar: ../../../../../usr/local/lib/android/sdk/platforms/android-34-ext12/data/res/values-mcc310-mnc030-fr: Cannot change mode to rwxr-xr-x: Operation not permitted
build	Cache Android SDK	2026-06-06T12:22:42.4249145Z /usr/bin/tar: ../../../../../usr/local/lib/android/sdk/platforms/android-34-ext12/data/res/values-mcc310-mnc490-az: Cannot utime: Operation not permitted
build	Cache Android SDK	2026-06-06T12:22:42.4250355Z /usr/bin/tar: ../../../../../usr/local/lib/android/sdk/platforms/android-34-ext12/data/res/values-mcc310-mnc490-az: Cannot change mode to rwxr-xr-x: Operation not permitted
build	Cache Android SDK	2026-06-06T12:22:42.4252024Z /usr/bin/tar: ../../../../../usr/local/lib/android/sdk/platforms/android-34-ext12/data/res/values-mcc310-mnc200-es: Cannot utime: Operation not permitted
build	Cache Android SDK	2026-06-06T12:22:42.4252987Z /usr/bin/tar: ../../../../../usr/local/lib/android/sdk/platforms/android-34-ext12/data/res/values-mcc310-mnc200-es: Cannot change mode to rwxr-xr-x: Operation not permitted
build	Cache Android SDK	2026-06-06T12:22:42.4255074Z /usr/bin/tar: ../../../../../usr/local/lib/android/sdk/platforms/android-34-ext12/data/res/values-mcc310-mnc250-mk: Cannot utime: Operation not permitted
build	Cache Android SDK	2026-06-06T12:22:42.4256036Z /usr/bin/tar: ../../../../../usr/local/lib/android/sdk/platforms/android-34-ext12/data/res/values-mcc310-mnc250-mk: Cannot change mode to rwxr-xr-x: Operation not permitted
build	Cache Android SDK	2026-06-06T12:22:42.4258271Z /usr/bin/tar: ../../../../../usr/local/lib/android/sdk/platforms/android-34-ext12/data/res/values-nb-rNO: Cannot utime: Operation not permitted
build	Cache Android SDK	2026-06-06T12:22:42.4259193Z /usr/bin/tar: ../../../../../usr/local/lib/android/sdk/platforms/android-34-ext12/data/res/values-nb-rNO: Cannot change mode to rwxr-xr-x: Operation not permitted
build	Cache Android SDK	2026-06-06T12:22:42.4262107Z /usr/bin/tar: ../../../../../usr/local/lib/android/sdk/platforms/android-34-ext12/data/res/values-mcc310-mnc950-my: Cannot utime: Operation not permitted
build	Cache Android SDK	2026-06-06T12:22:42.4263453Z /usr/bin/tar: ../../../../../usr/local/lib/android/sdk/platforms/android-34-ext12/data/res/values-mcc310-mnc950-my: Cannot change mode to rwxr-xr-x: Operation not permitted
build	Cache Android SDK	2026-06-06T12:22:42.4264964Z /usr/bin/tar: ../../../../../usr/local/lib/android/sdk/platforms/android-34-ext12/data/res/values-mcc001-mnc01-lo: Cannot utime: Operation not permitted
build	Cache Android SDK	2026-06-06T12:22:42.4265937Z /usr/bin/tar: ../../../../../usr/local/lib/android/sdk/platforms/android-34-ext12/data/res/values-mcc001-mnc01-lo: Cannot change mode to rwxr-xr-x: Operation not permitted
build	Cache Android SDK	2026-06-06T12:22:42.4268993Z /usr/bin/tar: ../../../../../usr/local/lib/android/sdk/platforms/android-34-ext12/data/res/values-mcc302-mnc370-ta: Cannot utime: Operation not permitted
build	Cache Android SDK	2026-06-06T12:22:42.4270105Z /usr/bin/tar: ../../../../../usr/local/lib/android/sdk/platforms/android-34-ext12/data/res/values-mcc302-mnc370-ta: Cannot change mode to rwxr-xr-x: Operation not permitted
build	Cache Android SDK	2026-06-06T12:22:42.4272102Z /usr/bin/tar: ../../../../../usr/local/lib/android/sdk/platforms/android-34-ext12/data/res/values-mcc310-mnc220-pt: Cannot utime: Operation not permitted
build	Cache Android SDK	2026-06-06T12:22:42.4273088Z /usr/bin/tar: ../../../../../usr/local/lib/android/sdk/platforms/android-34-ext12/data/res/values-mcc310-mnc220-pt: Cannot change mode to rwxr-xr-x: Operation not permitted
build	Cache Android SDK	2026-06-06T12:22:42.4276263Z /usr/bin/tar: ../../../../../usr/local/lib/android/sdk/platforms/android-34-ext12/data/res/values-mcc310-mnc800-bg: Cannot utime: Operation not permitted
build	Cache Android SDK	2026-06-06T12:22:42.4277621Z /usr/bin/tar: ../../../../../usr/local/lib/android/sdk/platforms/android-34-ext12/data/res/values-mcc310-mnc800-bg: Cannot change mode to rwxr-xr-x: Operation not permitted
build	Cache Android SDK	2026-06-06T12:22:42.4279190Z /usr/bin/tar: ../../../../../usr/local/lib/android/sdk/platforms/android-34-ext12/data/res/values-rm-rCH: Cannot utime: Operation not permitted
build	Cache Android SDK	2026-06-06T12:22:42.4280247Z /usr/bin/tar: ../../../../../usr/local/lib/android/sdk/platforms/android-34-ext12/data/res/values-rm-rCH: Cannot change mode to rwxr-xr-x: Operation not permitted
build	Cache Android SDK	2026-06-06T12:22:42.4283071Z /usr/bin/tar: ../../../../../usr/local/lib/android/sdk/platforms/android-34-ext12/data/res/values-mcc310-mnc270-af: Cannot utime: Operation not permitted
build	Cache Android SDK	2026-06-06T12:22:42.4284106Z /usr/bin/tar: ../../../../../usr/local/lib/android/sdk/platforms/android-34-ext12/data/res/values-mcc310-mnc270-af: Cannot change mode to rwxr-xr-x: Operation not permitted
build	Cache Android SDK	2026-06-06T12:22:42.4286058Z /usr/bin/tar: ../../../../../usr/local/lib/android/sdk/platforms/android-34-ext12/data/res/values-mcc310-mnc270-gu: Cannot utime: Operation not permitted
build	Cache Android SDK	2026-06-06T12:22:42.4287178Z /usr/bin/tar: ../../../../../usr/local/lib/android/sdk/platforms/android-34-ext12/data/res/values-mcc310-mnc270-gu: Cannot change mode to rwxr-xr-x: Operation not permitted
build	Cache Android SDK	2026-06-06T12:22:42.4289866Z /usr/bin/tar: ../../../../../usr/local/lib/android/sdk/platforms/android-34-ext12/data/res/values-mcc310-mnc380-en-rCA: Cannot utime: Operation not permitted
build	Cache Android SDK	2026-06-06T12:22:42.4290884Z /usr/bin/tar: ../../../../../usr/local/lib/android/sdk/platforms/android-34-ext12/data/res/values-mcc310-mnc380-en-rCA: Cannot change mode to rwxr-xr-x: Operation not permitted
build	Cache Android SDK	2026-06-06T12:22:42.4300604Z /usr/bin/tar: ../../../../../usr/local/lib/android/sdk/platforms/android-34-ext12/data/res/values-mcc310-mnc270: Cannot utime: Operation not permitted
build	Cache Android SDK	2026-06-06T12:22:42.4301715Z /usr/bin/tar: ../../../../../usr/local/lib/android/sdk/platforms/android-34-ext12/data/res/values-mcc310-mnc270: Cannot change mode to rwxr-xr-x: Operation not permitted
build	Cache Android SDK	2026-06-06T12:22:42.4303911Z /usr/bin/tar: ../../../../../usr/local/lib/android/sdk/platforms/android-34-ext12/data/res/mipmap-watch-anydpi: Cannot utime: Operation not permitted
build	Cache Android SDK	2026-06-06T12:22:42.4305048Z /usr/bin/tar: ../../../../../usr/local/lib/android/sdk/platforms/android-34-ext12/data/res/mipmap-watch-anydpi: Cannot change mode to rwxr-xr-x: Operation not permitted
build	Cache Android SDK	2026-06-06T12:22:42.4306759Z /usr/bin/tar: ../../../../../usr/local/lib/android/sdk/platforms/android-34-ext12/data/res/values-sq-television: Cannot utime: Operation not permitted
build	Cache Android SDK	2026-06-06T12:22:42.4308196Z /usr/bin/tar: ../../../../../usr/local/lib/android/sdk/platforms/android-34-ext12/data/res/values-sq-television: Cannot change mode to rwxr-xr-x: Operation not permitted
build	Cache Android SDK	2026-06-06T12:22:42.4309733Z /usr/bin/tar: ../../../../../usr/local/lib/android/sdk/platforms/android-34-ext12/data/res/values-mcc310-mnc030-en-rCA: Cannot utime: Operation not permitted
build	Cache Android SDK	2026-06-06T12:22:42.4310717Z /usr/bin/tar: ../../../../../usr/local/lib/android/sdk/platforms/android-34-ext12/data/res/values-mcc310-mnc030-en-rCA: Cannot change mode to rwxr-xr-x: Operation not permitted
build	Cache Android SDK	2026-06-06T12:22:42.4312604Z /usr/bin/tar: ../../../../../usr/local/lib/android/sdk/platforms/android-34-ext12/data/res/values-mcc001-mnc01-in: Cannot utime: Operation not permitted
build	Cache Android SDK	2026-06-06T12:22:42.4313581Z /usr/bin/tar: ../../../../../usr/local/lib/android/sdk/platforms/android-34-ext12/data/res/values-mcc001-mnc01-in: Cannot change mode to rwxr-xr-x: Operation not permitted
build	Cache Android SDK	2026-06-06T12:22:42.4315993Z /usr/bin/tar: ../../../../../usr/local/lib/android/sdk/platforms/android-34-ext12/data/res/values-mcc310-mnc800-zh-rHK: Cannot utime: Operation not permitted
build	Cache Android SDK	2026-06-06T12:22:42.4316995Z /usr/bin/tar: ../../../../../usr/local/lib/android/sdk/platforms/android-34-ext12/data/res/values-mcc310-mnc800-zh-rHK: Cannot change mode to rwxr-xr-x: Operation not permitted
build	Cache Android SDK	2026-06-06T12:22:42.4319480Z /usr/bin/tar: ../../../../../usr/local/lib/android/sdk/platforms/android-34-ext12/data/res/values-mcc310-mnc170-nb: Cannot utime: Operation not permitted
build	Cache Android SDK	2026-06-06T12:22:42.4320561Z /usr/bin/tar: ../../../../../usr/local/lib/android/sdk/platforms/android-34-ext12/data/res/values-mcc310-mnc170-nb: Cannot change mode to rwxr-xr-x: Operation not permitted
build	Cache Android SDK	2026-06-06T12:22:42.4325220Z /usr/bin/tar: ../../../../../usr/local/lib/android/sdk/platforms/android-34-ext12/data/res/values-mcc311-mnc180-hu: Cannot utime: Operation not permitted
build	Cache Android SDK	2026-06-06T12:22:42.4326190Z /usr/bin/tar: ../../../../../usr/local/lib/android/sdk/platforms/android-34-ext12/data/res/values-mcc311-mnc180-hu: Cannot change mode to rwxr-xr-x: Operation not permitted
build	Cache Android SDK	2026-06-06T12:22:42.4328642Z /usr/bin/tar: ../../../../../usr/local/lib/android/sdk/platforms/android-34-ext12/data/res/values-mcc310-mnc210-sv: Cannot utime: Operation not permitted
build	Cache Android SDK	2026-06-06T12:22:42.4329606Z /usr/bin/tar: ../../../../../usr/local/lib/android/sdk/platforms/android-34-ext12/data/res/values-mcc310-mnc210-sv: Cannot change mode to rwxr-xr-x: Operation not permitted
build	Cache Android SDK	2026-06-06T12:22:42.4332272Z /usr/bin/tar: ../../../../../usr/local/lib/android/sdk/platforms/android-34-ext12/data/res/values-mcc310-mnc280-be: Cannot utime: Operation not permitted
build	Cache Android SDK	2026-06-06T12:22:42.4333251Z /usr/bin/tar: ../../../../../usr/local/lib/android/sdk/platforms/android-34-ext12/data/res/values-mcc310-mnc280-be: Cannot change mode to rwxr-xr-x: Operation not permitted
build	Cache Android SDK	2026-06-06T12:22:42.4335817Z /usr/bin/tar: ../../../../../usr/local/lib/android/sdk/platforms/android-34-ext12/data/res/values-mcc310-mnc220-en-rGB: Cannot utime: Operation not permitted
build	Cache Android SDK	2026-06-06T12:22:42.4337068Z /usr/bin/tar: ../../../../../usr/local/lib/android/sdk/platforms/android-34-ext12/data/res/values-mcc310-mnc220-en-rGB: Cannot change mode to rwxr-xr-x: Operation not permitted
build	Cache Android SDK	2026-06-06T12:22:42.4338817Z /usr/bin/tar: ../../../../../usr/local/lib/android/sdk/platforms/android-34-ext12/data/res/values-mcc310-mnc950-el: Cannot utime: Operation not permitted
build	Cache Android SDK	2026-06-06T12:22:42.4339775Z /usr/bin/tar: ../../../../../usr/local/lib/android/sdk/platforms/android-34-ext12/data/res/values-mcc310-mnc950-el: Cannot change mode to rwxr-xr-x: Operation not permitted
build	Cache Android SDK	2026-06-06T12:22:42.4342008Z /usr/bin/tar: ../../../../../usr/local/lib/android/sdk/platforms/android-34-ext12/data/res/values-mcc310-mnc220-gu: Cannot utime: Operation not permitted
build	Cache Android SDK	2026-06-06T12:22:42.4342983Z /usr/bin/tar: ../../../../../usr/local/lib/android/sdk/platforms/android-34-ext12/data/res/values-mcc310-mnc220-gu: Cannot change mode to rwxr-xr-x: Operation not permitted
build	Cache Android SDK	2026-06-06T12:22:42.4344950Z /usr/bin/tar: ../../../../../usr/local/lib/android/sdk/platforms/android-34-ext12/data/res/values-mcc310-mnc590: Cannot utime: Operation not permitted
build	Cache Android SDK	2026-06-06T12:22:42.4345901Z /usr/bin/tar: ../../../../../usr/local/lib/android/sdk/platforms/android-34-ext12/data/res/values-mcc310-mnc590: Cannot change mode to rwxr-xr-x: Operation not permitted
build	Cache Android SDK	2026-06-06T12:22:42.4348411Z /usr/bin/tar: ../../../../../usr/local/lib/android/sdk/platforms/android-34-ext12/data/res/values-mcc310-mnc800-tr: Cannot utime: Operation not permitted
build	Cache Android SDK	2026-06-06T12:22:42.4349387Z /usr/bin/tar: ../../../../../usr/local/lib/android/sdk/platforms/android-34-ext12/data/res/values-mcc310-mnc800-tr: Cannot change mode to rwxr-xr-x: Operation not permitted
build	Cache Android SDK	2026-06-06T12:22:42.4352005Z /usr/bin/tar: ../../../../../usr/local/lib/android/sdk/platforms/android-34-ext12/data/res/values-mcc310-mnc800-fr-rCA: Cannot utime: Operation not permitted
build	Cache Android SDK	2026-06-06T12:22:42.4353011Z /usr/bin/tar: ../../../../../usr/local/lib/android/sdk/platforms/android-34-ext12/data/res/values-mcc310-mnc800-fr-rCA: Cannot change mode to rwxr-xr-x: Operation not permitted
build	Cache Android SDK	2026-06-06T12:22:42.4355940Z /usr/bin/tar: ../../../../../usr/local/lib/android/sdk/platforms/android-34-ext12/data/res/values-mcc310-mnc250-ml: Cannot utime: Operation not permitted
build	Cache Android SDK	2026-06-06T12:22:42.4356905Z /usr/bin/tar: ../../../../../usr/local/lib/android/sdk/platforms/android-34-ext12/data/res/values-mcc310-mnc250-ml: Cannot change mode to rwxr-xr-x: Operation not permitted
build	Cache Android SDK	2026-06-06T12:22:42.4358957Z /usr/bin/tar: ../../../../../usr/local/lib/android/sdk/platforms/android-34-ext12/data/res/values-mcc310-mnc220-ar: Cannot utime: Operation not permitted
build	Cache Android SDK	2026-06-06T12:22:42.4360042Z /usr/bin/tar: ../../../../../usr/local/lib/android/sdk/platforms/android-34-ext12/data/res/values-mcc310-mnc220-ar: Cannot change mode to rwxr-xr-x: Operation not permitted
build	Cache Android SDK	2026-06-06T12:22:42.4362453Z /usr/bin/tar: ../../../../../usr/local/lib/android/sdk/platforms/android-34-ext12/data/res/values-mcc334-mnc030: Cannot utime: Operation not permitted
build	Cache Android SDK	2026-06-06T12:22:42.4363417Z /usr/bin/tar: ../../../../../usr/local/lib/android/sdk/platforms/android-34-ext12/data/res/values-mcc334-mnc030: Cannot change mode to rwxr-xr-x: Operation not permitted
build	Cache Android SDK	2026-06-06T12:22:42.4365575Z /usr/bin/tar: ../../../../../usr/local/lib/android/sdk/platforms/android-34-ext12/data/res/values-mcc312-mnc670-lv: Cannot utime: Operation not permitted
build	Cache Android SDK	2026-06-06T12:22:42.4366536Z /usr/bin/tar: ../../../../../usr/local/lib/android/sdk/platforms/android-34-ext12/data/res/values-mcc312-mnc670-lv: Cannot change mode to rwxr-xr-x: Operation not permitted
build	Cache Android SDK	2026-06-06T12:22:42.4369082Z /usr/bin/tar: ../../../../../usr/local/lib/android/sdk/platforms/android-34-ext12/data/res/values-mcc310-mnc220-lo: Cannot utime: Operation not permitted
build	Cache Android SDK	2026-06-06T12:22:42.4370060Z /usr/bin/tar: ../../../../../usr/local/lib/android/sdk/platforms/android-34-ext12/data/res/values-mcc310-mnc220-lo: Cannot change mode to rwxr-xr-x: Operation not permitted
build	Cache Android SDK	2026-06-06T12:22:42.4372340Z /usr/bin/tar: ../../../../../usr/local/lib/android/sdk/platforms/android-34-ext12/data/res/values-mcc310-mnc230-pt-rBR: Cannot utime: Operation not permitted
build	Cache Android SDK	2026-06-06T12:22:42.4373353Z /usr/bin/tar: ../../../../../usr/local/lib/android/sdk/platforms/android-34-ext12/data/res/values-mcc310-mnc230-pt-rBR: Cannot change mode to rwxr-xr-x: Operation not permitted
build	Cache Android SDK	2026-06-06T12:22:42.4375976Z /usr/bin/tar: ../../../../../usr/local/lib/android/sdk/platforms/android-34-ext12/data/res/values-mcc310-mnc380: Cannot utime: Operation not permitted
build	Cache Android SDK	2026-06-06T12:22:42.4376950Z /usr/bin/tar: ../../../../../usr/local/lib/android/sdk/platforms/android-34-ext12/data/res/values-mcc310-mnc380: Cannot change mode to rwxr-xr-x: Operation not permitted
build	Cache Android SDK	2026-06-06T12:22:42.4379963Z /usr/bin/tar: ../../../../../usr/local/lib/android/sdk/platforms/android-34-ext12/data/res/values-mcc310-mnc170-pt: Cannot utime: Operation not permitted
build	Cache Android SDK	2026-06-06T12:22:42.4380949Z /usr/bin/tar: ../../../../../usr/local/lib/android/sdk/platforms/android-34-ext12/data/res/values-mcc310-mnc170-pt: Cannot change mode to rwxr-xr-x: Operation not permitted
build	Cache Android SDK	2026-06-06T12:22:42.4382991Z /usr/bin/tar: ../../../../../usr/local/lib/android/sdk/platforms/android-34-ext12/data/res/values-mcc311-mnc180-ne: Cannot utime: Operation not permitted
build	Cache Android SDK	2026-06-06T12:22:42.4383954Z /usr/bin/tar: ../../../../../usr/local/lib/android/sdk/platforms/android-34-ext12/data/res/values-mcc311-mnc180-ne: Cannot change mode to rwxr-xr-x: Operation not permitted
build	Cache Android SDK	2026-06-06T12:22:42.4386338Z /usr/bin/tar: ../../../../../usr/local/lib/android/sdk/platforms/android-34-ext12/data/res/values-bs-television: Cannot utime: Operation not permitted
build	Cache Android SDK	2026-06-06T12:22:42.4387300Z /usr/bin/tar: ../../../../../usr/local/lib/android/sdk/platforms/android-34-ext12/data/res/values-bs-television: Cannot change mode to rwxr-xr-x: Operation not permitted
build	Cache Android SDK	2026-06-06T12:22:42.4389822Z /usr/bin/tar: ../../../../../usr/local/lib/android/sdk/platforms/android-34-ext12/data/res/values-mcc310-mnc270-ru: Cannot utime: Operation not permitted
build	Cache Android SDK	2026-06-06T12:22:42.4390956Z /usr/bin/tar: ../../../../../usr/local/lib/android/sdk/platforms/android-34-ext12/data/res/values-mcc310-mnc270-ru: Cannot change mode to rwxr-xr-x: Operation not permitted
build	Cache Android SDK	2026-06-06T12:22:42.4393067Z /usr/bin/tar: ../../../../../usr/local/lib/android/sdk/platforms/android-34-ext12/data/res/values-mcc310-mnc220-sk: Cannot utime: Operation not permitted
build	Cache Android SDK	2026-06-06T12:22:42.4394024Z /usr/bin/tar: ../../../../../usr/local/lib/android/sdk/platforms/android-34-ext12/data/res/values-mcc310-mnc220-sk: Cannot change mode to rwxr-xr-x: Operation not permitted
build	Cache Android SDK	2026-06-06T12:22:42.4396369Z /usr/bin/tar: ../../../../../usr/local/lib/android/sdk/platforms/android-34-ext12/data/res/values-mcc310-mnc150: Cannot utime: Operation not permitted
build	Cache Android SDK	2026-06-06T12:22:42.4397632Z /usr/bin/tar: ../../../../../usr/local/lib/android/sdk/platforms/android-34-ext12/data/res/values-mcc310-mnc150: Cannot change mode to rwxr-xr-x: Operation not permitted
build	Cache Android SDK	2026-06-06T12:22:42.4399639Z /usr/bin/tar: ../../../../../usr/local/lib/android/sdk/platforms/android-34-ext12/data/res/values-mcc310-mnc410-sv: Cannot utime: Operation not permitted
build	Cache Android SDK	2026-06-06T12:22:42.4400596Z /usr/bin/tar: ../../../../../usr/local/lib/android/sdk/platforms/android-34-ext12/data/res/values-mcc310-mnc410-sv: Cannot change mode to rwxr-xr-x: Operation not permitted
build	Cache Android SDK	2026-06-06T12:22:42.4402977Z /usr/bin/tar: ../../../../../usr/local/lib/android/sdk/platforms/android-34-ext12/data/res/values-mcc310-mnc210-lv: Cannot utime: Operation not permitted
build	Cache Android SDK	2026-06-06T12:22:42.4404098Z /usr/bin/tar: ../../../../../usr/local/lib/android/sdk/platforms/android-34-ext12/data/res/values-mcc310-mnc210-lv: Cannot change mode to rwxr-xr-x: Operation not permitted
build	Cache Android SDK	2026-06-06T12:22:42.4406445Z /usr/bin/tar: ../../../../../usr/local/lib/android/sdk/platforms/android-34-ext12/data/res/values-mcc310-mnc280-sv: Cannot utime: Operation not permitted
build	Cache Android SDK	2026-06-06T12:22:42.4407557Z /usr/bin/tar: ../../../../../usr/local/lib/android/sdk/platforms/android-34-ext12/data/res/values-mcc310-mnc280-sv: Cannot change mode to rwxr-xr-x: Operation not permitted
build	Cache Android SDK	2026-06-06T12:22:42.4410233Z /usr/bin/tar: ../../../../../usr/local/lib/android/sdk/platforms/android-34-ext12/data/res/values-mcc310-mnc660-ar: Cannot utime: Operation not permitted
build	Cache Android SDK	2026-06-06T12:22:42.4411298Z /usr/bin/tar: ../../../../../usr/local/lib/android/sdk/platforms/android-34-ext12/data/res/values-mcc310-mnc660-ar: Cannot change mode to rwxr-xr-x: Operation not permitted
build	Cache Android SDK	2026-06-06T12:22:42.4417280Z /usr/bin/tar: ../../../../../usr/local/lib/android/sdk/platforms/android-34-ext12/data/res/values-sw: Cannot utime: Operation not permitted
build	Cache Android SDK	2026-06-06T12:22:42.4418970Z /usr/bin/tar: ../../../../../usr/local/lib/android/sdk/platforms/android-34-ext12/data/res/values-sw: Cannot change mode to rwxr-xr-x: Operation not permitted
build	Cache Android SDK	2026-06-06T12:22:42.4420474Z /usr/bin/tar: ../../../../../usr/local/lib/android/sdk/platforms/android-34-ext12/data/res/values-mcc313-mnc100-ne: Cannot utime: Operation not permitted
build	Cache Android SDK	2026-06-06T12:22:42.4421684Z /usr/bin/tar: ../../../../../usr/local/lib/android/sdk/platforms/android-34-ext12/data/res/values-mcc313-mnc100-ne: Cannot change mode to rwxr-xr-x: Operation not permitted
build	Cache Android SDK	2026-06-06T12:22:42.4423293Z /usr/bin/tar: ../../../../../usr/local/lib/android/sdk/platforms/android-34-ext12/data/res/values-mcc310-mnc200-zh-rHK: Cannot utime: Operation not permitted
build	Cache Android SDK	2026-06-06T12:22:42.4424290Z /usr/bin/tar: ../../../../../usr/local/lib/android/sdk/platforms/android-34-ext12/data/res/values-mcc310-mnc200-zh-rHK: Cannot change mode to rwxr-xr-x: Operation not permitted
build	Cache Android SDK	2026-06-06T12:22:42.4426465Z /usr/bin/tar: ../../../../../usr/local/lib/android/sdk/platforms/android-34-ext12/data/res/values-mcc310-mnc310-mn: Cannot utime: Operation not permitted
build	Cache Android SDK	2026-06-06T12:22:42.4427653Z /usr/bin/tar: ../../../../../usr/local/lib/android/sdk/platforms/android-34-ext12/data/res/values-mcc310-mnc310-mn: Cannot change mode to rwxr-xr-x: Operation not permitted
build	Cache Android SDK	2026-06-06T12:22:42.4431006Z /usr/bin/tar: ../../../../../usr/local/lib/android/sdk/platforms/android-34-ext12/data/res/values-mcc311-mnc180-th: Cannot utime: Operation not permitted
build	Cache Android SDK	2026-06-06T12:22:42.4432217Z /usr/bin/tar: ../../../../../usr/local/lib/android/sdk/platforms/android-34-ext12/data/res/values-mcc311-mnc180-th: Cannot change mode to rwxr-xr-x: Operation not permitted
build	Cache Android SDK	2026-06-06T12:22:42.4433785Z /usr/bin/tar: ../../../../../usr/local/lib/android/sdk/platforms/android-34-ext12/data/res/values-mcc311-mnc180-fr-rCA: Cannot utime: Operation not permitted
build	Cache Android SDK	2026-06-06T12:22:42.4434790Z /usr/bin/tar: ../../../../../usr/local/lib/android/sdk/platforms/android-34-ext12/data/res/values-mcc311-mnc180-fr-rCA: Cannot change mode to rwxr-xr-x: Operation not permitted
build	Cache Android SDK	2026-06-06T12:22:42.4437320Z /usr/bin/tar: ../../../../../usr/local/lib/android/sdk/platforms/android-34-ext12/data/res/values-sl-rSI: Cannot utime: Operation not permitted
build	Cache Android SDK	2026-06-06T12:22:42.4438414Z /usr/bin/tar: ../../../../../usr/local/lib/android/sdk/platforms/android-34-ext12/data/res/values-sl-rSI: Cannot change mode to rwxr-xr-x: Operation not permitted
build	Cache Android SDK	2026-06-06T12:22:42.4440717Z /usr/bin/tar: ../../../../../usr/local/lib/android/sdk/platforms/android-34-ext12/data/res/values-ja-rJP: Cannot utime: Operation not permitted
build	Cache Android SDK	2026-06-06T12:22:42.4441631Z /usr/bin/tar: ../../../../../usr/local/lib/android/sdk/platforms/android-34-ext12/data/res/values-ja-rJP: Cannot change mode to rwxr-xr-x: Operation not permitted
build	Cache Android SDK	2026-06-06T12:22:42.4445671Z /usr/bin/tar: ../../../../../usr/local/lib/android/sdk/platforms/android-34-ext12/data/res/values-mcc313-mnc100-uz: Cannot utime: Operation not permitted
build	Cache Android SDK	2026-06-06T12:22:42.4446645Z /usr/bin/tar: ../../../../../usr/local/lib/android/sdk/platforms/android-34-ext12/data/res/values-mcc313-mnc100-uz: Cannot change mode to rwxr-xr-x: Operation not permitted
build	Cache Android SDK	2026-06-06T12:22:42.4449605Z /usr/bin/tar: ../../../../../usr/local/lib/android/sdk/platforms/android-34-ext12/data/res/values-mcc310-mnc230-vi: Cannot utime: Operation not permitted
build	Cache Android SDK	2026-06-06T12:22:42.4450583Z /usr/bin/tar: ../../../../../usr/local/lib/android/sdk/platforms/android-34-ext12/data/res/values-mcc310-mnc230-vi: Cannot change mode to rwxr-xr-x: Operation not permitted
build	Cache Android SDK	2026-06-06T12:22:42.4453214Z /usr/bin/tar: ../../../../../usr/local/lib/android/sdk/platforms/android-34-ext12/data/res/values-mcc310-mnc560-iw: Cannot utime: Operation not permitted
build	Cache Android SDK	2026-06-06T12:22:42.4454166Z /usr/bin/tar: ../../../../../usr/local/lib/android/sdk/platforms/android-34-ext12/data/res/values-mcc310-mnc560-iw: Cannot change mode to rwxr-xr-x: Operation not permitted
build	Cache Android SDK	2026-06-06T12:22:42.4456570Z /usr/bin/tar: ../../../../../usr/local/lib/android/sdk/platforms/android-34-ext12/data/res/values-mcc310-mnc170-sv: Cannot utime: Operation not permitted
build	Cache Android SDK	2026-06-06T12:22:42.4457677Z /usr/bin/tar: ../../../../../usr/local/lib/android/sdk/platforms/android-34-ext12/data/res/values-mcc310-mnc170-sv: Cannot change mode to rwxr-xr-x: Operation not permitted
build	Cache Android SDK	2026-06-06T12:22:42.4461181Z /usr/bin/tar: ../../../../../usr/local/lib/android/sdk/platforms/android-34-ext12/data/res/values-mcc310-mnc260: Cannot utime: Operation not permitted
build	Cache Android SDK	2026-06-06T12:22:42.4462183Z /usr/bin/tar: ../../../../../usr/local/lib/android/sdk/platforms/android-34-ext12/data/res/values-mcc310-mnc260: Cannot change mode to rwxr-xr-x: Operation not permitted
build	Cache Android SDK	2026-06-06T12:22:42.4464547Z /usr/bin/tar: ../../../../../usr/local/lib/android/sdk/platforms/android-34-ext12/data/res/values-mcc302-mnc720-mr: Cannot utime: Operation not permitted
build	Cache Android SDK	2026-06-06T12:22:42.4465660Z /usr/bin/tar: ../../../../../usr/local/lib/android/sdk/platforms/android-34-ext12/data/res/values-mcc302-mnc720-mr: Cannot change mode to rwxr-xr-x: Operation not permitted
build	Cache Android SDK	2026-06-06T12:22:42.4468161Z /usr/bin/tar: ../../../../../usr/local/lib/android/sdk/platforms/android-34-ext12/data/res/values-mcc310-mnc210-lo: Cannot utime: Operation not permitted
build	Cache Android SDK	2026-06-06T12:22:42.4469450Z /usr/bin/tar: ../../../../../usr/local/lib/android/sdk/platforms/android-34-ext12/data/res/values-mcc310-mnc210-lo: Cannot change mode to rwxr-xr-x: Operation not permitted
build	Cache Android SDK	2026-06-06T12:22:42.4471014Z /usr/bin/tar: ../../../../../usr/local/lib/android/sdk/platforms/android-34-ext12/data/res/values-mcc310-mnc150-af: Cannot utime: Operation not permitted
build	Cache Android SDK	2026-06-06T12:22:42.4471984Z /usr/bin/tar: ../../../../../usr/local/lib/android/sdk/platforms/android-34-ext12/data/res/values-mcc310-mnc150-af: Cannot change mode to rwxr-xr-x: Operation not permitted
build	Cache Android SDK	2026-06-06T12:22:42.4476922Z /usr/bin/tar: ../../../../../usr/local/lib/android/sdk/platforms/android-34-ext12/data/res/layout-car: Cannot utime: Operation not permitted
build	Cache Android SDK	2026-06-06T12:22:42.4478490Z /usr/bin/tar: ../../../../../usr/local/lib/android/sdk/platforms/android-34-ext12/data/res/layout-car: Cannot change mode to rwxr-xr-x: Operation not permitted
build	Cache Android SDK	2026-06-06T12:22:42.4480279Z /usr/bin/tar: ../../../../../usr/local/lib/android/sdk/platforms/android-34-ext12/data/res/values-mcc310-mnc270-iw: Cannot utime: Operation not permitted
build	Cache Android SDK	2026-06-06T12:22:42.4481356Z /usr/bin/tar: ../../../../../usr/local/lib/android/sdk/platforms/android-34-ext12/data/res/values-mcc310-mnc270-iw: Cannot change mode to rwxr-xr-x: Operation not permitted
build	Cache Android SDK	2026-06-06T12:22:42.4483938Z /usr/bin/tar: ../../../../../usr/local/lib/android/sdk/platforms/android-34-ext12/data/res/values-mcc310-mnc660-ne: Cannot utime: Operation not permitted
build	Cache Android SDK	2026-06-06T12:22:42.4484931Z /usr/bin/tar: ../../../../../usr/local/lib/android/sdk/platforms/android-34-ext12/data/res/values-mcc310-mnc660-ne: Cannot change mode to rwxr-xr-x: Operation not permitted
build	Cache Android SDK	2026-06-06T12:22:42.4486493Z /usr/bin/tar: ../../../../../usr/local/lib/android/sdk/platforms/android-34-ext12/data/res/values-sw-rTZ: Cannot utime: Operation not permitted
build	Cache Android SDK	2026-06-06T12:22:42.4487620Z /usr/bin/tar: ../../../../../usr/local/lib/android/sdk/platforms/android-34-ext12/data/res/values-sw-rTZ: Cannot change mode to rwxr-xr-x: Operation not permitted
build	Cache Android SDK	2026-06-06T12:22:42.4490198Z /usr/bin/tar: ../../../../../usr/local/lib/android/sdk/platforms/android-34-ext12/data/res/values-mcc310-mnc160-zu: Cannot utime: Operation not permitted
build	Cache Android SDK	2026-06-06T12:22:42.4491269Z /usr/bin/tar: ../../../../../usr/local/lib/android/sdk/platforms/android-34-ext12/data/res/values-mcc310-mnc160-zu: Cannot change mode to rwxr-xr-x: Operation not permitted
build	Cache Android SDK	2026-06-06T12:22:42.4493411Z /usr/bin/tar: ../../../../../usr/local/lib/android/sdk/platforms/android-34-ext12/data/res/values-mcc334-mnc020-ne: Cannot utime: Operation not permitted
build	Cache Android SDK	2026-06-06T12:22:42.4494373Z /usr/bin/tar: ../../../../../usr/local/lib/android/sdk/platforms/android-34-ext12/data/res/values-mcc334-mnc020-ne: Cannot change mode to rwxr-xr-x: Operation not permitted
build	Cache Android SDK	2026-06-06T12:22:42.4496539Z /usr/bin/tar: ../../../../../usr/local/lib/android/sdk/platforms/android-34-ext12/data/res/values-mcc302-mnc720-ro: Cannot utime: Operation not permitted
build	Cache Android SDK	2026-06-06T12:22:42.4497645Z /usr/bin/tar: ../../../../../usr/local/lib/android/sdk/platforms/android-34-ext12/data/res/values-mcc302-mnc720-ro: Cannot change mode to rwxr-xr-x: Operation not permitted
build	Cache Android SDK	2026-06-06T12:22:42.4499552Z /usr/bin/tar: ../../../../../usr/local/lib/android/sdk/platforms/android-34-ext12/data/res/values-mcc310-mnc490-en-rGB: Cannot utime: Operation not permitted
build	Cache Android SDK	2026-06-06T12:22:42.4500554Z /usr/bin/tar: ../../../../../usr/local/lib/android/sdk/platforms/android-34-ext12/data/res/values-mcc310-mnc490-en-rGB: Cannot change mode to rwxr-xr-x: Operation not permitted
build	Cache Android SDK	2026-06-06T12:22:42.4502608Z /usr/bin/tar: ../../../../../usr/local/lib/android/sdk/platforms/android-34-ext12/data/res/values-de-rDE: Cannot utime: Operation not permitted
build	Cache Android SDK	2026-06-06T12:22:42.4503519Z /usr/bin/tar: ../../../../../usr/local/lib/android/sdk/platforms/android-34-ext12/data/res/values-de-rDE: Cannot change mode to rwxr-xr-x: Operation not permitted
build	Cache Android SDK	2026-06-06T12:22:42.4506121Z /usr/bin/tar: ../../../../../usr/local/lib/android/sdk/platforms/android-34-ext12/data/res/values-mcc334-mnc020-ml: Cannot utime: Operation not permitted
build	Cache Android SDK	2026-06-06T12:22:42.4507077Z /usr/bin/tar: ../../../../../usr/local/lib/android/sdk/platforms/android-34-ext12/data/res/values-mcc334-mnc020-ml: Cannot change mode to rwxr-xr-x: Operation not permitted
build	Cache Android SDK	2026-06-06T12:22:42.4509589Z /usr/bin/tar: ../../../../../usr/local/lib/android/sdk/platforms/android-34-ext12/data/res/values-mcc334-mnc020-zh-rCN: Cannot utime: Operation not permitted
build	Cache Android SDK	2026-06-06T12:22:42.4510567Z /usr/bin/tar: ../../../../../usr/local/lib/android/sdk/platforms/android-34-ext12/data/res/values-mcc334-mnc020-zh-rCN: Cannot change mode to rwxr-xr-x: Operation not permitted
build	Cache Android SDK	2026-06-06T12:22:42.4512630Z /usr/bin/tar: ../../../../../usr/local/lib/android/sdk/platforms/android-34-ext12/data/res/values-mcc310-mnc150-te: Cannot utime: Operation not permitted
build	Cache Android SDK	2026-06-06T12:22:42.4513768Z /usr/bin/tar: ../../../../../usr/local/lib/android/sdk/platforms/android-34-ext12/data/res/values-mcc310-mnc150-te: Cannot change mode to rwxr-xr-x: Operation not permitted
build	Cache Android SDK	2026-06-06T12:22:42.4515713Z /usr/bin/tar: ../../../../../usr/local/lib/android/sdk/platforms/android-34-ext12/data/res/values-mcc310-mnc200-b+sr+Latn: Cannot utime: Operation not permitted
build	Cache Android SDK	2026-06-06T12:22:42.4516733Z /usr/bin/tar: ../../../../../usr/local/lib/android/sdk/platforms/android-34-ext12/data/res/values-mcc310-mnc200-b+sr+Latn: Cannot change mode to rwxr-xr-x: Operation not permitted
build	Cache Android SDK	2026-06-06T12:22:42.4519259Z /usr/bin/tar: ../../../../../usr/local/lib/android/sdk/platforms/android-34-ext12/data/res/values-mcc310-mnc150-ml: Cannot utime: Operation not permitted
build	Cache Android SDK	2026-06-06T12:22:42.4520380Z /usr/bin/tar: ../../../../../usr/local/lib/android/sdk/platforms/android-34-ext12/data/res/values-mcc310-mnc150-ml: Cannot change mode to rwxr-xr-x: Operation not permitted
build	Cache Android SDK	2026-06-06T12:22:42.4522308Z /usr/bin/tar: ../../../../../usr/local/lib/android/sdk/platforms/android-34-ext12/data/res/values-mcc001-mnc01-ja: Cannot utime: Operation not permitted
build	Cache Android SDK	2026-06-06T12:22:42.4523255Z /usr/bin/tar: ../../../../../usr/local/lib/android/sdk/platforms/android-34-ext12/data/res/values-mcc001-mnc01-ja: Cannot change mode to rwxr-xr-x: Operation not permitted
build	Cache Android SDK	2026-06-06T12:22:42.4525604Z /usr/bin/tar: ../../../../../usr/local/lib/android/sdk/platforms/android-34-ext12/data/res/values-mcc310-mnc150-uk: Cannot utime: Operation not permitted
build	Cache Android SDK	2026-06-06T12:22:42.4526558Z /usr/bin/tar: ../../../../../usr/local/lib/android/sdk/platforms/android-34-ext12/data/res/values-mcc310-mnc150-uk: Cannot change mode to rwxr-xr-x: Operation not permitted
build	Cache Android SDK	2026-06-06T12:22:42.4528712Z /usr/bin/tar: ../../../../../usr/local/lib/android/sdk/platforms/android-34-ext12/data/res/values-mcc334-mnc020-de: Cannot utime: Operation not permitted
build	Cache Android SDK	2026-06-06T12:22:42.4529748Z /usr/bin/tar: ../../../../../usr/local/lib/android/sdk/platforms/android-34-ext12/data/res/values-mcc334-mnc020-de: Cannot change mode to rwxr-xr-x: Operation not permitted
build	Cache Android SDK	2026-06-06T12:22:42.4533450Z /usr/bin/tar: ../../../../../usr/local/lib/android/sdk/platforms/android-34-ext12/data/res/values-mcc310-mnc230-es: Cannot utime: Operation not permitted
build	Cache Android SDK	2026-06-06T12:22:42.4535341Z /usr/bin/tar: ../../../../../usr/local/lib/android/sdk/platforms/android-34-ext12/data/res/values-mcc310-mnc230-es: Cannot change mode to rwxr-xr-x: Operation not permitted
build	Cache Android SDK	2026-06-06T12:22:42.4536981Z /usr/bin/tar: ../../../../../usr/local/lib/android/sdk/platforms/android-34-ext12/data/res/values-mcc310-mnc280-fr: Cannot utime: Operation not permitted
build	Cache Android SDK	2026-06-06T12:22:42.4539009Z /usr/bin/tar: ../../../../../usr/local/lib/android/sdk/platforms/android-34-ext12/data/res/values-mcc310-mnc280-fr: Cannot change mode to rwxr-xr-x: Operation not permitted
build	Cache Android SDK	2026-06-06T12:22:42.4540647Z /usr/bin/tar: ../../../../../usr/local/lib/android/sdk/platforms/android-34-ext12/data/res/values-mcc302-mnc370-eu: Cannot utime: Operation not permitted
build	Cache Android SDK	2026-06-06T12:22:42.4542498Z /usr/bin/tar: ../../../../../usr/local/lib/android/sdk/platforms/android-34-ext12/data/res/values-mcc302-mnc370-eu: Cannot change mode to rwxr-xr-x: Operation not permitted
build	Cache Android SDK	2026-06-06T12:22:42.4544326Z /usr/bin/tar: ../../../../../usr/local/lib/android/sdk/platforms/android-34-ext12/data/res/values-mcc334-mnc020-ja: Cannot utime: Operation not permitted
build	Cache Android SDK	2026-06-06T12:22:42.4545954Z /usr/bin/tar: ../../../../../usr/local/lib/android/sdk/platforms/android-34-ext12/data/res/values-mcc334-mnc020-ja: Cannot change mode to rwxr-xr-x: Operation not permitted
build	Cache Android SDK	2026-06-06T12:22:42.4547134Z /usr/bin/tar: ../../../../../usr/local/lib/android/sdk/platforms/android-34-ext12/data/res/values-mcc310-mnc250-my: Cannot utime: Operation not permitted
build	Cache Android SDK	2026-06-06T12:22:42.4548441Z /usr/bin/tar: ../../../../../usr/local/lib/android/sdk/platforms/android-34-ext12/data/res/values-mcc310-mnc250-my: Cannot change mode to rwxr-xr-x: Operation not permitted
build	Cache Android SDK	2026-06-06T12:22:42.4550067Z /usr/bin/tar: ../../../../../usr/local/lib/android/sdk/platforms/android-34-ext12/data/res/values-mcc310-mnc380-b+sr+Latn: Cannot utime: Operation not permitted
build	Cache Android SDK	2026-06-06T12:22:42.4551166Z /usr/bin/tar: ../../../../../usr/local/lib/android/sdk/platforms/android-34-ext12/data/res/values-mcc310-mnc380-b+sr+Latn: Cannot change mode to rwxr-xr-x: Operation not permitted
build	Cache Android SDK	2026-06-06T12:22:42.4553186Z /usr/bin/tar: ../../../../../usr/local/lib/android/sdk/platforms/android-34-ext12/data/res/values-mcc405: Cannot utime: Operation not permitted
build	Cache Android SDK	2026-06-06T12:22:42.4554180Z /usr/bin/tar: ../../../../../usr/local/lib/android/sdk/platforms/android-34-ext12/data/res/values-mcc405: Cannot change mode to rwxr-xr-x: Operation not permitted
build	Cache Android SDK	2026-06-06T12:22:42.4556443Z /usr/bin/tar: ../../../../../usr/local/lib/android/sdk/platforms/android-34-ext12/data/res/values-mcc310-mnc560-km: Cannot utime: Operation not permitted
build	Cache Android SDK	2026-06-06T12:22:42.4557577Z /usr/bin/tar: ../../../../../usr/local/lib/android/sdk/platforms/android-34-ext12/data/res/values-mcc310-mnc560-km: Cannot change mode to rwxr-xr-x: Operation not permitted
build	Cache Android SDK	2026-06-06T12:22:42.4562683Z /usr/bin/tar: ../../../../../usr/local/lib/android/sdk/platforms/android-34-ext12/data/res/values-is: Cannot utime: Operation not permitted
build	Cache Android SDK	2026-06-06T12:22:42.4563820Z /usr/bin/tar: ../../../../../usr/local/lib/android/sdk/platforms/android-34-ext12/data/res/values-is: Cannot change mode to rwxr-xr-x: Operation not permitted
build	Cache Android SDK	2026-06-06T12:22:42.4566275Z /usr/bin/tar: ../../../../../usr/local/lib/android/sdk/platforms/android-34-ext12/data/res/values-mcc334-mnc020-it: Cannot utime: Operation not permitted
build	Cache Android SDK	2026-06-06T12:22:42.4568049Z /usr/bin/tar: ../../../../../usr/local/lib/android/sdk/platforms/android-34-ext12/data/res/values-mcc334-mnc020-it: Cannot change mode to rwxr-xr-x: Operation not permitted
build	Cache Android SDK	2026-06-06T12:22:42.4569486Z /usr/bin/tar: ../../../../../usr/local/lib/android/sdk/platforms/android-34-ext12/data/res/values-mcc310-mnc230-nl: Cannot utime: Operation not permitted
build	Cache Android SDK	2026-06-06T12:22:42.4570484Z /usr/bin/tar: ../../../../../usr/local/lib/android/sdk/platforms/android-34-ext12/data/res/values-mcc310-mnc230-nl: Cannot change mode to rwxr-xr-x: Operation not permitted
build	Cache Android SDK	2026-06-06T12:22:42.4572381Z /usr/bin/tar: ../../../../../usr/local/lib/android/sdk/platforms/android-34-ext12/data/res/values-mcc310-mnc800-vi: Cannot utime: Operation not permitted
build	Cache Android SDK	2026-06-06T12:22:42.4573353Z /usr/bin/tar: ../../../../../usr/local/lib/android/sdk/platforms/android-34-ext12/data/res/values-mcc310-mnc800-vi: Cannot change mode to rwxr-xr-x: Operation not permitted
build	Cache Android SDK	2026-06-06T12:22:42.4575868Z /usr/bin/tar: ../../../../../usr/local/lib/android/sdk/platforms/android-34-ext12/data/res/values-ta-television: Cannot utime: Operation not permitted
build	Cache Android SDK	2026-06-06T12:22:42.4576843Z /usr/bin/tar: ../../../../../usr/local/lib/android/sdk/platforms/android-34-ext12/data/res/values-ta-television: Cannot change mode to rwxr-xr-x: Operation not permitted
build	Cache Android SDK	2026-06-06T12:22:42.4578898Z /usr/bin/tar: ../../../../../usr/local/lib/android/sdk/platforms/android-34-ext12/data/res/values-mcc302-mnc370-bs: Cannot utime: Operation not permitted
build	Cache Android SDK	2026-06-06T12:22:42.4579871Z /usr/bin/tar: ../../../../../usr/local/lib/android/sdk/platforms/android-34-ext12/data/res/values-mcc302-mnc370-bs: Cannot change mode to rwxr-xr-x: Operation not permitted
build	Cache Android SDK	2026-06-06T12:22:42.4584430Z /usr/bin/tar: ../../../../../usr/local/lib/android/sdk/platforms/android-34-ext12/data/res/values-sw600dp: Cannot utime: Operation not permitted
build	Cache Android SDK	2026-06-06T12:22:42.4585785Z /usr/bin/tar: ../../../../../usr/local/lib/android/sdk/platforms/android-34-ext12/data/res/values-sw600dp: Cannot change mode to rwxr-xr-x: Operation not permitted
build	Cache Android SDK	2026-06-06T12:22:42.4587633Z /usr/bin/tar: ../../../../../usr/local/lib/android/sdk/platforms/android-34-ext12/data/res/values-mcc310-mnc490-pl: Cannot utime: Operation not permitted
build	Cache Android SDK	2026-06-06T12:22:42.4588916Z /usr/bin/tar: ../../../../../usr/local/lib/android/sdk/platforms/android-34-ext12/data/res/values-mcc310-mnc490-pl: Cannot change mode to rwxr-xr-x: Operation not permitted
build	Cache Android SDK	2026-06-06T12:22:42.4590570Z /usr/bin/tar: ../../../../../usr/local/lib/android/sdk/platforms/android-34-ext12/data/res/values-mcc313-mnc100-da: Cannot utime: Operation not permitted
build	Cache Android SDK	2026-06-06T12:22:42.4591520Z /usr/bin/tar: ../../../../../usr/local/lib/android/sdk/platforms/android-34-ext12/data/res/values-mcc313-mnc100-da: Cannot change mode to rwxr-xr-x: Operation not permitted
build	Cache Android SDK	2026-06-06T12:22:42.4593841Z /usr/bin/tar: ../../../../../usr/local/lib/android/sdk/platforms/android-34-ext12/data/res/values-mcc313-mnc100-ta: Cannot utime: Operation not permitted
build	Cache Android SDK	2026-06-06T12:22:42.4594808Z /usr/bin/tar: ../../../../../usr/local/lib/android/sdk/platforms/android-34-ext12/data/res/values-mcc313-mnc100-ta: Cannot change mode to rwxr-xr-x: Operation not permitted
build	Cache Android SDK	2026-06-06T12:22:42.4597286Z /usr/bin/tar: ../../../../../usr/local/lib/android/sdk/platforms/android-34-ext12/data/res/values-mcc310-mnc220-sq: Cannot utime: Operation not permitted
build	Cache Android SDK	2026-06-06T12:22:42.4598438Z /usr/bin/tar: ../../../../../usr/local/lib/android/sdk/platforms/android-34-ext12/data/res/values-mcc310-mnc220-sq: Cannot change mode to rwxr-xr-x: Operation not permitted
build	Cache Android SDK	2026-06-06T12:22:42.4601471Z /usr/bin/tar: ../../../../../usr/local/lib/android/sdk/platforms/android-34-ext12/data/res/values-mcc310-mnc250-zh-rCN: Cannot utime: Operation not permitted
build	Cache Android SDK	2026-06-06T12:22:42.4602572Z /usr/bin/tar: ../../../../../usr/local/lib/android/sdk/platforms/android-34-ext12/data/res/values-mcc310-mnc250-zh-rCN: Cannot change mode to rwxr-xr-x: Operation not permitted
build	Cache Android SDK	2026-06-06T12:22:42.4604410Z /usr/bin/tar: ../../../../../usr/local/lib/android/sdk/platforms/android-34-ext12/data/res/values-mcc310-mnc150-gu: Cannot utime: Operation not permitted
build	Cache Android SDK	2026-06-06T12:22:42.4605382Z /usr/bin/tar: ../../../../../usr/local/lib/android/sdk/platforms/android-34-ext12/data/res/values-mcc310-mnc150-gu: Cannot change mode to rwxr-xr-x: Operation not permitted
build	Cache Android SDK	2026-06-06T12:22:42.4609084Z /usr/bin/tar: ../../../../../usr/local/lib/android/sdk/platforms/android-34-ext12/data/res/values-mcc310-mnc230-si: Cannot utime: Operation not permitted
build	Cache Android SDK	2026-06-06T12:22:42.4610051Z /usr/bin/tar: ../../../../../usr/local/lib/android/sdk/platforms/android-34-ext12/data/res/values-mcc310-mnc230-si: Cannot change mode to rwxr-xr-x: Operation not permitted
build	Cache Android SDK	2026-06-06T12:22:42.4612432Z /usr/bin/tar: ../../../../../usr/local/lib/android/sdk/platforms/android-34-ext12/data/res/values-mcc311-mnc180-ar: Cannot utime: Operation not permitted
build	Cache Android SDK	2026-06-06T12:22:42.4613402Z /usr/bin/tar: ../../../../../usr/local/lib/android/sdk/platforms/android-34-ext12/data/res/values-mcc311-mnc180-ar: Cannot change mode to rwxr-xr-x: Operation not permitted
build	Cache Android SDK	2026-06-06T12:22:42.4616413Z /usr/bin/tar: ../../../../../usr/local/lib/android/sdk/platforms/android-34-ext12/data/res/values-mcc310-mnc800-ca: Cannot utime: Operation not permitted
build	Cache Android SDK	2026-06-06T12:22:42.4617850Z /usr/bin/tar: ../../../../../usr/local/lib/android/sdk/platforms/android-34-ext12/data/res/values-mcc310-mnc800-ca: Cannot change mode to rwxr-xr-x: Operation not permitted
build	Cache Android SDK	2026-06-06T12:22:42.4622251Z /usr/bin/tar: ../../../../../usr/local/lib/android/sdk/platforms/android-34-ext12/data/res/values-mcc310-mnc560-as: Cannot utime: Operation not permitted
build	Cache Android SDK	2026-06-06T12:22:42.4623233Z /usr/bin/tar: ../../../../../usr/local/lib/android/sdk/platforms/android-34-ext12/data/res/values-mcc310-mnc560-as: Cannot change mode to rwxr-xr-x: Operation not permitted
build	Cache Android SDK	2026-06-06T12:22:42.4625998Z /usr/bin/tar: ../../../../../usr/local/lib/android/sdk/platforms/android-34-ext12/data/res/values-mcc310-mnc310-zh-rCN: Cannot utime: Operation not permitted
build	Cache Android SDK	2026-06-06T12:22:42.4626997Z /usr/bin/tar: ../../../../../usr/local/lib/android/sdk/platforms/android-34-ext12/data/res/values-mcc310-mnc310-zh-rCN: Cannot change mode to rwxr-xr-x: Operation not permitted
build	Cache Android SDK	2026-06-06T12:22:42.4629618Z /usr/bin/tar: ../../../../../usr/local/lib/android/sdk/platforms/android-34-ext12/data/res/values-mcc310-mnc800-gl: Cannot utime: Operation not permitted
build	Cache Android SDK	2026-06-06T12:22:42.4630735Z /usr/bin/tar: ../../../../../usr/local/lib/android/sdk/platforms/android-34-ext12/data/res/values-mcc310-mnc800-gl: Cannot change mode to rwxr-xr-x: Operation not permitted
build	Cache Android SDK	2026-06-06T12:22:42.4633186Z /usr/bin/tar: ../../../../../usr/local/lib/android/sdk/platforms/android-34-ext12/data/res/values-mcc310-mnc240-si: Cannot utime: Operation not permitted
build	Cache Android SDK	2026-06-06T12:22:42.4634141Z /usr/bin/tar: ../../../../../usr/local/lib/android/sdk/platforms/android-34-ext12/data/res/values-mcc310-mnc240-si: Cannot change mode to rwxr-xr-x: Operation not permitted
build	Cache Android SDK	2026-06-06T12:22:42.4636740Z /usr/bin/tar: ../../../../../usr/local/lib/android/sdk/platforms/android-34-ext12/data/res/values-mcc313-mnc100-en-rAU: Cannot utime: Operation not permitted
build	Cache Android SDK	2026-06-06T12:22:42.4637984Z /usr/bin/tar: ../../../../../usr/local/lib/android/sdk/platforms/android-34-ext12/data/res/values-mcc313-mnc100-en-rAU: Cannot change mode to rwxr-xr-x: Operation not permitted
build	Cache Android SDK	2026-06-06T12:22:42.4639924Z /usr/bin/tar: ../../../../../usr/local/lib/android/sdk/platforms/android-34-ext12/data/res/values-mcc310-mnc280-sk: Cannot utime: Operation not permitted
build	Cache Android SDK	2026-06-06T12:22:42.4640870Z /usr/bin/tar: ../../../../../usr/local/lib/android/sdk/platforms/android-34-ext12/data/res/values-mcc310-mnc280-sk: Cannot change mode to rwxr-xr-x: Operation not permitted
build	Cache Android SDK	2026-06-06T12:22:42.4643274Z /usr/bin/tar: ../../../../../usr/local/lib/android/sdk/platforms/android-34-ext12/data/res/values-mcc310-mnc170-or: Cannot utime: Operation not permitted
build	Cache Android SDK	2026-06-06T12:22:42.4644228Z /usr/bin/tar: ../../../../../usr/local/lib/android/sdk/platforms/android-34-ext12/data/res/values-mcc310-mnc170-or: Cannot change mode to rwxr-xr-x: Operation not permitted
build	Cache Android SDK	2026-06-06T12:22:42.4646508Z /usr/bin/tar: ../../../../../usr/local/lib/android/sdk/platforms/android-34-ext12/data/res/values-mcc310-mnc200-ko: Cannot utime: Operation not permitted
build	Cache Android SDK	2026-06-06T12:22:42.4647551Z /usr/bin/tar: ../../../../../usr/local/lib/android/sdk/platforms/android-34-ext12/data/res/values-mcc310-mnc200-ko: Cannot change mode to rwxr-xr-x: Operation not permitted
build	Cache Android SDK	2026-06-06T12:22:42.4649874Z /usr/bin/tar: ../../../../../usr/local/lib/android/sdk/platforms/android-34-ext12/data/res/values-mcc310-mnc270-b+sr+Latn: Cannot utime: Operation not permitted
build	Cache Android SDK	2026-06-06T12:22:42.4650887Z /usr/bin/tar: ../../../../../usr/local/lib/android/sdk/platforms/android-34-ext12/data/res/values-mcc310-mnc270-b+sr+Latn: Cannot change mode to rwxr-xr-x: Operation not permitted
build	Cache Android SDK	2026-06-06T12:22:42.4652796Z /usr/bin/tar: ../../../../../usr/local/lib/android/sdk/platforms/android-34-ext12/data/res/values-uz-television: Cannot utime: Operation not permitted
build	Cache Android SDK	2026-06-06T12:22:42.4653749Z /usr/bin/tar: ../../../../../usr/local/lib/android/sdk/platforms/android-34-ext12/data/res/values-uz-television: Cannot change mode to rwxr-xr-x: Operation not permitted
build	Cache Android SDK	2026-06-06T12:22:42.4655995Z /usr/bin/tar: ../../../../../usr/local/lib/android/sdk/platforms/android-34-ext12/data/res/values-mcc310-mnc030-tr: Cannot utime: Operation not permitted
build	Cache Android SDK	2026-06-06T12:22:42.4657079Z /usr/bin/tar: ../../../../../usr/local/lib/android/sdk/platforms/android-34-ext12/data/res/values-mcc310-mnc030-tr: Cannot change mode to rwxr-xr-x: Operation not permitted
build	Cache Android SDK	2026-06-06T12:22:42.4659369Z /usr/bin/tar: ../../../../../usr/local/lib/android/sdk/platforms/android-34-ext12/data/res/values-vi-television: Cannot utime: Operation not permitted
build	Cache Android SDK	2026-06-06T12:22:42.4660318Z /usr/bin/tar: ../../../../../usr/local/lib/android/sdk/platforms/android-34-ext12/data/res/values-vi-television: Cannot change mode to rwxr-xr-x: Operation not permitted
build	Cache Android SDK	2026-06-06T12:22:42.4662254Z /usr/bin/tar: ../../../../../usr/local/lib/android/sdk/platforms/android-34-ext12/data/res/values-mcc310-mnc800-sv: Cannot utime: Operation not permitted
build	Cache Android SDK	2026-06-06T12:22:42.4663227Z /usr/bin/tar: ../../../../../usr/local/lib/android/sdk/platforms/android-34-ext12/data/res/values-mcc310-mnc800-sv: Cannot change mode to rwxr-xr-x: Operation not permitted
build	Cache Android SDK	2026-06-06T12:22:42.4665525Z /usr/bin/tar: ../../../../../usr/local/lib/android/sdk/platforms/android-34-ext12/data/res/values-mcc001-mnc01-mn: Cannot utime: Operation not permitted
build	Cache Android SDK	2026-06-06T12:22:42.4666479Z /usr/bin/tar: ../../../../../usr/local/lib/android/sdk/platforms/android-34-ext12/data/res/values-mcc001-mnc01-mn: Cannot change mode to rwxr-xr-x: Operation not permitted
build	Cache Android SDK	2026-06-06T12:22:42.4668966Z /usr/bin/tar: ../../../../../usr/local/lib/android/sdk/platforms/android-34-ext12/data/res/values-mcc001-mnc01-sk: Cannot utime: Operation not permitted
build	Cache Android SDK	2026-06-06T12:22:42.4669928Z /usr/bin/tar: ../../../../../usr/local/lib/android/sdk/platforms/android-34-ext12/data/res/values-mcc001-mnc01-sk: Cannot change mode to rwxr-xr-x: Operation not permitted
build	Cache Android SDK	2026-06-06T12:22:42.4672114Z /usr/bin/tar: ../../../../../usr/local/lib/android/sdk/platforms/android-34-ext12/data/res/values-mcc311-mnc180-ko: Cannot utime: Operation not permitted
build	Cache Android SDK	2026-06-06T12:22:42.4673075Z /usr/bin/tar: ../../../../../usr/local/lib/android/sdk/platforms/android-34-ext12/data/res/values-mcc311-mnc180-ko: Cannot change mode to rwxr-xr-x: Operation not permitted
build	Cache Android SDK	2026-06-06T12:22:42.4675127Z /usr/bin/tar: ../../../../../usr/local/lib/android/sdk/platforms/android-34-ext12/data/res/raw-fi: Cannot utime: Operation not permitted
build	Cache Android SDK	2026-06-06T12:22:42.4675976Z /usr/bin/tar: ../../../../../usr/local/lib/android/sdk/platforms/android-34-ext12/data/res/raw-fi: Cannot change mode to rwxr-xr-x: Operation not permitted
build	Cache Android SDK	2026-06-06T12:22:42.4678425Z /usr/bin/tar: ../../../../../usr/local/lib/android/sdk/platforms/android-34-ext12/data/res/values-mcc313-mnc100-gu: Cannot utime: Operation not permitted
build	Cache Android SDK	2026-06-06T12:22:42.4679390Z /usr/bin/tar: ../../../../../usr/local/lib/android/sdk/platforms/android-34-ext12/data/res/values-mcc313-mnc100-gu: Cannot change mode to rwxr-xr-x: Operation not permitted
build	Cache Android SDK	2026-06-06T12:22:42.4681488Z /usr/bin/tar: ../../../../../usr/local/lib/android/sdk/platforms/android-34-ext12/data/res/values-mcc310-mnc240-lv: Cannot utime: Operation not permitted
build	Cache Android SDK	2026-06-06T12:22:42.4682462Z /usr/bin/tar: ../../../../../usr/local/lib/android/sdk/platforms/android-34-ext12/data/res/values-mcc310-mnc240-lv: Cannot change mode to rwxr-xr-x: Operation not permitted
build	Cache Android SDK	2026-06-06T12:22:42.4685091Z /usr/bin/tar: ../../../../../usr/local/lib/android/sdk/platforms/android-34-ext12/data/res/values-mcc310-mnc280-zh-rCN: Cannot utime: Operation not permitted
build	Cache Android SDK	2026-06-06T12:22:42.4686097Z /usr/bin/tar: ../../../../../usr/local/lib/android/sdk/platforms/android-34-ext12/data/res/values-mcc310-mnc280-zh-rCN: Cannot change mode to rwxr-xr-x: Operation not permitted
build	Cache Android SDK	2026-06-06T12:22:42.4688386Z /usr/bin/tar: ../../../../../usr/local/lib/android/sdk/platforms/android-34-ext12/data/res/values-en-rNZ: Cannot utime: Operation not permitted
build	Cache Android SDK	2026-06-06T12:22:42.4689290Z /usr/bin/tar: ../../../../../usr/local/lib/android/sdk/platforms/android-34-ext12/data/res/values-en-rNZ: Cannot change mode to rwxr-xr-x: Operation not permitted
build	Cache Android SDK	2026-06-06T12:22:42.4691677Z /usr/bin/tar: ../../../../../usr/local/lib/android/sdk/platforms/android-34-ext12/data/res/values-mcc310-mnc240-fr: Cannot utime: Operation not permitted
build	Cache Android SDK	2026-06-06T12:22:42.4692621Z /usr/bin/tar: ../../../../../usr/local/lib/android/sdk/platforms/android-34-ext12/data/res/values-mcc310-mnc240-fr: Cannot change mode to rwxr-xr-x: Operation not permitted
build	Cache Android SDK	2026-06-06T12:22:42.4694742Z /usr/bin/tar: ../../../../../usr/local/lib/android/sdk/platforms/android-34-ext12/data/res/values-mcc310-mnc250-si: Cannot utime: Operation not permitted
build	Cache Android SDK	2026-06-06T12:22:42.4695698Z /usr/bin/tar: ../../../../../usr/local/lib/android/sdk/platforms/android-34-ext12/data/res/values-mcc310-mnc250-si: Cannot change mode to rwxr-xr-x: Operation not permitted
build	Cache Android SDK	2026-06-06T12:22:42.4698051Z /usr/bin/tar: ../../../../../usr/local/lib/android/sdk/platforms/android-34-ext12/data/res/values-mcc310-mnc170-ja: Cannot utime: Operation not permitted
build	Cache Android SDK	2026-06-06T12:22:42.4699018Z /usr/bin/tar: ../../../../../usr/local/lib/android/sdk/platforms/android-34-ext12/data/res/values-mcc310-mnc170-ja: Cannot change mode to rwxr-xr-x: Operation not permitted
build	Cache Android SDK	2026-06-06T12:22:42.4701125Z /usr/bin/tar: ../../../../../usr/local/lib/android/sdk/platforms/android-34-ext12/data/res/values-mcc302-mnc720-hu: Cannot utime: Operation not permitted
build	Cache Android SDK	2026-06-06T12:22:42.4702074Z /usr/bin/tar: ../../../../../usr/local/lib/android/sdk/platforms/android-34-ext12/data/res/values-mcc302-mnc720-hu: Cannot change mode to rwxr-xr-x: Operation not permitted
build	Cache Android SDK	2026-06-06T12:22:42.4705051Z /usr/bin/tar: ../../../../../usr/local/lib/android/sdk/platforms/android-34-ext12/data/res/values-mcc310-mnc160-zh-rTW: Cannot utime: Operation not permitted
build	Cache Android SDK	2026-06-06T12:22:42.4706031Z /usr/bin/tar: ../../../../../usr/local/lib/android/sdk/platforms/android-34-ext12/data/res/values-mcc310-mnc160-zh-rTW: Cannot change mode to rwxr-xr-x: Operation not permitted
build	Cache Android SDK	2026-06-06T12:22:42.4708217Z /usr/bin/tar: ../../../../../usr/local/lib/android/sdk/platforms/android-34-ext12/data/res/values-mcc310-mnc310-gl: Cannot utime: Operation not permitted
build	Cache Android SDK	2026-06-06T12:22:42.4709165Z /usr/bin/tar: ../../../../../usr/local/lib/android/sdk/platforms/android-34-ext12/data/res/values-mcc310-mnc310-gl: Cannot change mode to rwxr-xr-x: Operation not permitted
build	Cache Android SDK	2026-06-06T12:22:42.4711344Z /usr/bin/tar: ../../../../../usr/local/lib/android/sdk/platforms/android-34-ext12/data/res/values-mcc310-mnc030-hr: Cannot utime: Operation not permitted
build	Cache Android SDK	2026-06-06T12:22:42.4712293Z /usr/bin/tar: ../../../../../usr/local/lib/android/sdk/platforms/android-34-ext12/data/res/values-mcc310-mnc030-hr: Cannot change mode to rwxr-xr-x: Operation not permitted
build	Cache Android SDK	2026-06-06T12:22:42.4714706Z /usr/bin/tar: ../../../../../usr/local/lib/android/sdk/platforms/android-34-ext12/data/res/values-mcc310-mnc280-ka: Cannot utime: Operation not permitted
build	Cache Android SDK	2026-06-06T12:22:42.4715802Z /usr/bin/tar: ../../../../../usr/local/lib/android/sdk/platforms/android-34-ext12/data/res/values-mcc310-mnc280-ka: Cannot change mode to rwxr-xr-x: Operation not permitted
build	Cache Android SDK	2026-06-06T12:22:42.4717708Z /usr/bin/tar: ../../../../../usr/local/lib/android/sdk/platforms/android-34-ext12/data/res/values-mcc310-mnc950-te: Cannot utime: Operation not permitted
build	Cache Android SDK	2026-06-06T12:22:42.4718664Z /usr/bin/tar: ../../../../../usr/local/lib/android/sdk/platforms/android-34-ext12/data/res/values-mcc310-mnc950-te: Cannot change mode to rwxr-xr-x: Operation not permitted
build	Cache Android SDK	2026-06-06T12:22:42.4720733Z /usr/bin/tar: ../../../../../usr/local/lib/android/sdk/platforms/android-34-ext12/data/res/values-mcc302-mnc720-ka: Cannot utime: Operation not permitted
build	Cache Android SDK	2026-06-06T12:22:42.4721673Z /usr/bin/tar: ../../../../../usr/local/lib/android/sdk/platforms/android-34-ext12/data/res/values-mcc302-mnc720-ka: Cannot change mode to rwxr-xr-x: Operation not permitted
build	Cache Android SDK	2026-06-06T12:22:42.4723693Z /usr/bin/tar: ../../../../../usr/local/lib/android/sdk/platforms/android-34-ext12/data/res/values-mcc310-mnc210-pt: Cannot utime: Operation not permitted
build	Cache Android SDK	2026-06-06T12:22:42.4724644Z /usr/bin/tar: ../../../../../usr/local/lib/android/sdk/platforms/android-34-ext12/data/res/values-mcc310-mnc210-pt: Cannot change mode to rwxr-xr-x: Operation not permitted
build	Cache Android SDK	2026-06-06T12:22:42.4726975Z /usr/bin/tar: ../../../../../usr/local/lib/android/sdk/platforms/android-34-ext12/data/res/values-mcc310-mnc250-b+sr+Latn: Cannot utime: Operation not permitted
build	Cache Android SDK	2026-06-06T12:22:42.4728204Z /usr/bin/tar: ../../../../../usr/local/lib/android/sdk/platforms/android-34-ext12/data/res/values-mcc310-mnc250-b+sr+Latn: Cannot change mode to rwxr-xr-x: Operation not permitted
build	Cache Android SDK	2026-06-06T12:22:42.4730018Z /usr/bin/tar: ../../../../../usr/local/lib/android/sdk/platforms/android-34-ext12/data/res/values-mcc310-mnc380-iw: Cannot utime: Operation not permitted
build	Cache Android SDK	2026-06-06T12:22:42.4730982Z /usr/bin/tar: ../../../../../usr/local/lib/android/sdk/platforms/android-34-ext12/data/res/values-mcc310-mnc380-iw: Cannot change mode to rwxr-xr-x: Operation not permitted
build	Cache Android SDK	2026-06-06T12:22:42.4733594Z /usr/bin/tar: ../../../../../usr/local/lib/android/sdk/platforms/android-34-ext12/data/res/values-mcc732-mnc123: Cannot utime: Operation not permitted
build	Cache Android SDK	2026-06-06T12:22:42.4734706Z /usr/bin/tar: ../../../../../usr/local/lib/android/sdk/platforms/android-34-ext12/data/res/values-mcc732-mnc123: Cannot change mode to rwxr-xr-x: Operation not permitted
build	Cache Android SDK	2026-06-06T12:22:42.4736866Z /usr/bin/tar: ../../../../../usr/local/lib/android/sdk/platforms/android-34-ext12/data/res/values-mcc302-mnc370-cs: Cannot utime: Operation not permitted
build	Cache Android SDK	2026-06-06T12:22:42.4737918Z /usr/bin/tar: ../../../../../usr/local/lib/android/sdk/platforms/android-34-ext12/data/res/values-mcc302-mnc370-cs: Cannot change mode to rwxr-xr-x: Operation not permitted
build	Cache Android SDK	2026-06-06T12:22:42.4740005Z /usr/bin/tar: ../../../../../usr/local/lib/android/sdk/platforms/android-34-ext12/data/res/values-mcc311-mnc180-sr: Cannot utime: Operation not permitted
build	Cache Android SDK	2026-06-06T12:22:42.4741074Z /usr/bin/tar: ../../../../../usr/local/lib/android/sdk/platforms/android-34-ext12/data/res/values-mcc311-mnc180-sr: Cannot change mode to rwxr-xr-x: Operation not permitted
build	Cache Android SDK	2026-06-06T12:22:42.4742990Z /usr/bin/tar: ../../../../../usr/local/lib/android/sdk/platforms/android-34-ext12/data/res/values-mcc302-mnc370-ur: Cannot utime: Operation not permitted
build	Cache Android SDK	2026-06-06T12:22:42.4743949Z /usr/bin/tar: ../../../../../usr/local/lib/android/sdk/platforms/android-34-ext12/data/res/values-mcc302-mnc370-ur: Cannot change mode to rwxr-xr-x: Operation not permitted
build	Cache Android SDK	2026-06-06T12:22:42.4745801Z /usr/bin/tar: ../../../../../usr/local/lib/android/sdk/platforms/android-34-ext12/data/res/values-mcc310-mnc230-kk: Cannot utime: Operation not permitted
build	Cache Android SDK	2026-06-06T12:22:42.4746753Z /usr/bin/tar: ../../../../../usr/local/lib/android/sdk/platforms/android-34-ext12/data/res/values-mcc310-mnc230-kk: Cannot change mode to rwxr-xr-x: Operation not permitted
build	Cache Android SDK	2026-06-06T12:22:42.4749400Z /usr/bin/tar: ../../../../../usr/local/lib/android/sdk/platforms/android-34-ext12/data/res/values-mcc310-mnc490-eu: Cannot utime: Operation not permitted
build	Cache Android SDK	2026-06-06T12:22:42.4750355Z /usr/bin/tar: ../../../../../usr/local/lib/android/sdk/platforms/android-34-ext12/data/res/values-mcc310-mnc490-eu: Cannot change mode to rwxr-xr-x: Operation not permitted
build	Cache Android SDK	2026-06-06T12:22:42.4751622Z /usr/bin/tar: ../../../../../usr/local/lib/android/sdk/platforms/android-34-ext12/data/res/values-mcc310-mnc170-az: Cannot utime: Operation not permitted
build	Cache Android SDK	2026-06-06T12:22:42.4752566Z /usr/bin/tar: ../../../../../usr/local/lib/android/sdk/platforms/android-34-ext12/data/res/values-mcc310-mnc170-az: Cannot change mode to rwxr-xr-x: Operation not permitted
build	Cache Android SDK	2026-06-06T12:22:42.4755387Z /usr/bin/tar: ../../../../../usr/local/lib/android/sdk/platforms/android-34-ext12/data/res/values-mcc311-mnc480: Cannot utime: Operation not permitted
build	Cache Android SDK	2026-06-06T12:22:42.4756331Z /usr/bin/tar: ../../../../../usr/local/lib/android/sdk/platforms/android-34-ext12/data/res/values-mcc311-mnc480: Cannot change mode to rwxr-xr-x: Operation not permitted
build	Cache Android SDK	2026-06-06T12:22:42.4758728Z /usr/bin/tar: ../../../../../usr/local/lib/android/sdk/platforms/android-34-ext12/data/res/values-mcc310-mnc250-sw: Cannot utime: Operation not permitted
build	Cache Android SDK	2026-06-06T12:22:42.4759690Z /usr/bin/tar: ../../../../../usr/local/lib/android/sdk/platforms/android-34-ext12/data/res/values-mcc310-mnc250-sw: Cannot change mode to rwxr-xr-x: Operation not permitted
build	Cache Android SDK	2026-06-06T12:22:42.4765187Z /usr/bin/tar: ../../../../../usr/local/lib/android/sdk/platforms/android-34-ext12/data/res/values-gl: Cannot utime: Operation not permitted
build	Cache Android SDK	2026-06-06T12:22:42.4766328Z /usr/bin/tar: ../../../../../usr/local/lib/android/sdk/platforms/android-34-ext12/data/res/values-gl: Cannot change mode to rwxr-xr-x: Operation not permitted
build	Cache Android SDK	2026-06-06T12:22:42.4768815Z /usr/bin/tar: ../../../../../usr/local/lib/android/sdk/platforms/android-34-ext12/data/res/values-mcc001-mnc01-pt-rPT: Cannot utime: Operation not permitted
build	Cache Android SDK	2026-06-06T12:22:42.4770043Z /usr/bin/tar: ../../../../../usr/local/lib/android/sdk/platforms/android-34-ext12/data/res/values-mcc001-mnc01-pt-rPT: Cannot change mode to rwxr-xr-x: Operation not permitted
build	Cache Android SDK	2026-06-06T12:22:42.4771878Z /usr/bin/tar: ../../../../../usr/local/lib/android/sdk/platforms/android-34-ext12/data/res/values-mcc310-mnc250-ja: Cannot utime: Operation not permitted
build	Cache Android SDK	2026-06-06T12:22:42.4772842Z /usr/bin/tar: ../../../../../usr/local/lib/android/sdk/platforms/android-34-ext12/data/res/values-mcc310-mnc250-ja: Cannot change mode to rwxr-xr-x: Operation not permitted
build	Cache Android SDK	2026-06-06T12:22:42.4775692Z /usr/bin/tar: ../../../../../usr/local/lib/android/sdk/platforms/android-34-ext12/data/res/values-mcc311-mnc180-en-rGB: Cannot utime: Operation not permitted
build	Cache Android SDK	2026-06-06T12:22:42.4777024Z /usr/bin/tar: ../../../../../usr/local/lib/android/sdk/platforms/android-34-ext12/data/res/values-mcc311-mnc180-en-rGB: Cannot change mode to rwxr-xr-x: Operation not permitted
build	Cache Android SDK	2026-06-06T12:22:42.4778538Z /usr/bin/tar: ../../../../../usr/local/lib/android/sdk/platforms/android-34-ext12/data/res/values-mcc310-mnc220-tr: Cannot utime: Operation not permitted
build	Cache Android SDK	2026-06-06T12:22:42.4779683Z /usr/bin/tar: ../../../../../usr/local/lib/android/sdk/platforms/android-34-ext12/data/res/values-mcc310-mnc220-tr: Cannot change mode to rwxr-xr-x: Operation not permitted
build	Cache Android SDK	2026-06-06T12:22:42.4781977Z /usr/bin/tar: ../../../../../usr/local/lib/android/sdk/platforms/android-34-ext12/data/res/values-ms-television: Cannot utime: Operation not permitted
build	Cache Android SDK	2026-06-06T12:22:42.4782938Z /usr/bin/tar: ../../../../../usr/local/lib/android/sdk/platforms/android-34-ext12/data/res/values-ms-television: Cannot change mode to rwxr-xr-x: Operation not permitted
build	Cache Android SDK	2026-06-06T12:22:42.4785314Z /usr/bin/tar: ../../../../../usr/local/lib/android/sdk/platforms/android-34-ext12/data/res/values-mcc310-mnc380-hr: Cannot utime: Operation not permitted
build	Cache Android SDK	2026-06-06T12:22:42.4786275Z /usr/bin/tar: ../../../../../usr/local/lib/android/sdk/platforms/android-34-ext12/data/res/values-mcc310-mnc380-hr: Cannot change mode to rwxr-xr-x: Operation not permitted
build	Cache Android SDK	2026-06-06T12:22:42.4788987Z /usr/bin/tar: ../../../../../usr/local/lib/android/sdk/platforms/android-34-ext12/data/res/values-mcc313-mnc100-es: Cannot utime: Operation not permitted
build	Cache Android SDK	2026-06-06T12:22:42.4789955Z /usr/bin/tar: ../../../../../usr/local/lib/android/sdk/platforms/android-34-ext12/data/res/values-mcc313-mnc100-es: Cannot change mode to rwxr-xr-x: Operation not permitted
build	Cache Android SDK	2026-06-06T12:22:42.4792203Z /usr/bin/tar: ../../../../../usr/local/lib/android/sdk/platforms/android-34-ext12/data/res/values-mcc310-mnc410-uk: Cannot utime: Operation not permitted
build	Cache Android SDK	2026-06-06T12:22:42.4793169Z /usr/bin/tar: ../../../../../usr/local/lib/android/sdk/platforms/android-34-ext12/data/res/values-mcc310-mnc410-uk: Cannot change mode to rwxr-xr-x: Operation not permitted
build	Cache Android SDK	2026-06-06T12:22:42.4795421Z /usr/bin/tar: ../../../../../usr/local/lib/android/sdk/platforms/android-34-ext12/data/res/values-mcc310-mnc280-fa: Cannot utime: Operation not permitted
build	Cache Android SDK	2026-06-06T12:22:42.4796419Z /usr/bin/tar: ../../../../../usr/local/lib/android/sdk/platforms/android-34-ext12/data/res/values-mcc310-mnc280-fa: Cannot change mode to rwxr-xr-x: Operation not permitted
build	Cache Android SDK	2026-06-06T12:22:42.4798464Z /usr/bin/tar: ../../../../../usr/local/lib/android/sdk/platforms/android-34-ext12/data/res/values-mcc302-mnc720-bn: Cannot utime: Operation not permitted
build	Cache Android SDK	2026-06-06T12:22:42.4799437Z /usr/bin/tar: ../../../../../usr/local/lib/android/sdk/platforms/android-34-ext12/data/res/values-mcc302-mnc720-bn: Cannot change mode to rwxr-xr-x: Operation not permitted
build	Cache Android SDK	2026-06-06T12:22:42.4801462Z /usr/bin/tar: ../../../../../usr/local/lib/android/sdk/platforms/android-34-ext12/data/res/values-mcc262-mnc02: Cannot utime: Operation not permitted
build	Cache Android SDK	2026-06-06T12:22:42.4802421Z /usr/bin/tar: ../../../../../usr/local/lib/android/sdk/platforms/android-34-ext12/data/res/values-mcc262-mnc02: Cannot change mode to rwxr-xr-x: Operation not permitted
build	Cache Android SDK	2026-06-06T12:22:42.4804700Z /usr/bin/tar: ../../../../../usr/local/lib/android/sdk/platforms/android-34-ext12/data/res/values-mcc310-mnc230-cs: Cannot utime: Operation not permitted
build	Cache Android SDK	2026-06-06T12:22:42.4805664Z /usr/bin/tar: ../../../../../usr/local/lib/android/sdk/platforms/android-34-ext12/data/res/values-mcc310-mnc230-cs: Cannot change mode to rwxr-xr-x: Operation not permitted
build	Cache Android SDK	2026-06-06T12:22:42.4807912Z /usr/bin/tar: ../../../../../usr/local/lib/android/sdk/platforms/android-34-ext12/data/res/values-mcc310-mnc800-zu: Cannot utime: Operation not permitted
build	Cache Android SDK	2026-06-06T12:22:42.4808888Z /usr/bin/tar: ../../../../../usr/local/lib/android/sdk/platforms/android-34-ext12/data/res/values-mcc310-mnc800-zu: Cannot change mode to rwxr-xr-x: Operation not permitted
build	Cache Android SDK	2026-06-06T12:22:42.4814489Z /usr/bin/tar: ../../../../../usr/local/lib/android/sdk/platforms/android-34-ext12/data/res/values-fr: Cannot utime: Operation not permitted
build	Cache Android SDK	2026-06-06T12:22:42.4815376Z /usr/bin/tar: ../../../../../usr/local/lib/android/sdk/platforms/android-34-ext12/data/res/values-fr: Cannot change mode to rwxr-xr-x: Operation not permitted
build	Cache Android SDK	2026-06-06T12:22:42.4817311Z /usr/bin/tar: ../../../../../usr/local/lib/android/sdk/platforms/android-34-ext12/data/res/values-mcc310-mnc380-is: Cannot utime: Operation not permitted
build	Cache Android SDK	2026-06-06T12:22:42.4818449Z /usr/bin/tar: ../../../../../usr/local/lib/android/sdk/platforms/android-34-ext12/data/res/values-mcc310-mnc380-is: Cannot change mode to rwxr-xr-x: Operation not permitted
build	Cache Android SDK	2026-06-06T12:22:42.4820416Z /usr/bin/tar: ../../../../../usr/local/lib/android/sdk/platforms/android-34-ext12/data/res/values-mcc466-mnc06: Cannot utime: Operation not permitted
build	Cache Android SDK	2026-06-06T12:22:42.4821345Z /usr/bin/tar: ../../../../../usr/local/lib/android/sdk/platforms/android-34-ext12/data/res/values-mcc466-mnc06: Cannot change mode to rwxr-xr-x: Operation not permitted
build	Cache Android SDK	2026-06-06T12:22:42.4823794Z /usr/bin/tar: ../../../../../usr/local/lib/android/sdk/platforms/android-34-ext12/data/res/values-mcc310-mnc490-uz: Cannot utime: Operation not permitted
build	Cache Android SDK	2026-06-06T12:22:42.4824750Z /usr/bin/tar: ../../../../../usr/local/lib/android/sdk/platforms/android-34-ext12/data/res/values-mcc310-mnc490-uz: Cannot change mode to rwxr-xr-x: Operation not permitted
build	Cache Android SDK	2026-06-06T12:22:42.4826438Z /usr/bin/tar: ../../../../../usr/local/lib/android/sdk/platforms/android-34-ext12/data/res/values-mcc310-mnc270-ja: Cannot utime: Operation not permitted
build	Cache Android SDK	2026-06-06T12:22:42.4827554Z /usr/bin/tar: ../../../../../usr/local/lib/android/sdk/platforms/android-34-ext12/data/res/values-mcc310-mnc270-ja: Cannot change mode to rwxr-xr-x: Operation not permitted
build	Cache Android SDK	2026-06-06T12:22:42.4829866Z /usr/bin/tar: ../../../../../usr/local/lib/android/sdk/platforms/android-34-ext12/data/res/values-mcc302-mnc720-hi: Cannot utime: Operation not permitted
build	Cache Android SDK	2026-06-06T12:22:42.4830818Z /usr/bin/tar: ../../../../../usr/local/lib/android/sdk/platforms/android-34-ext12/data/res/values-mcc302-mnc720-hi: Cannot change mode to rwxr-xr-x: Operation not permitted
build	Cache Android SDK	2026-06-06T12:22:42.4833514Z /usr/bin/tar: ../../../../../usr/local/lib/android/sdk/platforms/android-34-ext12/data/res/values-mcc302-mnc720-bg: Cannot utime: Operation not permitted
build	Cache Android SDK	2026-06-06T12:22:42.4834507Z /usr/bin/tar: ../../../../../usr/local/lib/android/sdk/platforms/android-34-ext12/data/res/values-mcc302-mnc720-bg: Cannot change mode to rwxr-xr-x: Operation not permitted
build	Cache Android SDK	2026-06-06T12:22:42.4836645Z /usr/bin/tar: ../../../../../usr/local/lib/android/sdk/platforms/android-34-ext12/data/res/values-mcc310-mnc380-af: Cannot utime: Operation not permitted
build	Cache Android SDK	2026-06-06T12:22:42.4837704Z /usr/bin/tar: ../../../../../usr/local/lib/android/sdk/platforms/android-34-ext12/data/res/values-mcc310-mnc380-af: Cannot change mode to rwxr-xr-x: Operation not permitted
build	Cache Android SDK	2026-06-06T12:22:42.4840237Z /usr/bin/tar: ../../../../../usr/local/lib/android/sdk/platforms/android-34-ext12/data/res/values-mcc001-mnc01-fi: Cannot utime: Operation not permitted
build	Cache Android SDK	2026-06-06T12:22:42.4841630Z /usr/bin/tar: ../../../../../usr/local/lib/android/sdk/platforms/android-34-ext12/data/res/values-mcc001-mnc01-fi: Cannot change mode to rwxr-xr-x: Operation not permitted
build	Cache Android SDK	2026-06-06T12:22:42.4843569Z /usr/bin/tar: ../../../../../usr/local/lib/android/sdk/platforms/android-34-ext12/data/res/values-mcc310-mnc490-mn: Cannot utime: Operation not permitted
build	Cache Android SDK	2026-06-06T12:22:42.4845035Z /usr/bin/tar: ../../../../../usr/local/lib/android/sdk/platforms/android-34-ext12/data/res/values-mcc310-mnc490-mn: Cannot change mode to rwxr-xr-x: Operation not permitted
build	Cache Android SDK	2026-06-06T12:22:42.4846523Z /usr/bin/tar: ../../../../../usr/local/lib/android/sdk/platforms/android-34-ext12/data/res/values-mcc310-mnc410-fa: Cannot utime: Operation not permitted
build	Cache Android SDK	2026-06-06T12:22:42.4847714Z /usr/bin/tar: ../../../../../usr/local/lib/android/sdk/platforms/android-34-ext12/data/res/values-mcc310-mnc410-fa: Cannot change mode to rwxr-xr-x: Operation not permitted
build	Cache Android SDK	2026-06-06T12:22:42.4850654Z /usr/bin/tar: ../../../../../usr/local/lib/android/sdk/platforms/android-34-ext12/data/res/values-mcc310-mnc410-iw: Cannot utime: Operation not permitted
build	Cache Android SDK	2026-06-06T12:22:42.4852173Z /usr/bin/tar: ../../../../../usr/local/lib/android/sdk/platforms/android-34-ext12/data/res/values-mcc310-mnc410-iw: Cannot change mode to rwxr-xr-x: Operation not permitted
build	Cache Android SDK	2026-06-06T12:22:42.4853751Z /usr/bin/tar: ../../../../../usr/local/lib/android/sdk/platforms/android-34-ext12/data/res/values-mcc310-mnc380-zu: Cannot utime: Operation not permitted
build	Cache Android SDK	2026-06-06T12:22:42.4854723Z /usr/bin/tar: ../../../../../usr/local/lib/android/sdk/platforms/android-34-ext12/data/res/values-mcc310-mnc380-zu: Cannot change mode to rwxr-xr-x: Operation not permitted
build	Cache Android SDK	2026-06-06T12:22:42.4860463Z /usr/bin/tar: ../../../../../usr/local/lib/android/sdk/platforms/android-34-ext12/data/res/values-iw: Cannot utime: Operation not permitted
build	Cache Android SDK	2026-06-06T12:22:42.4861481Z /usr/bin/tar: ../../../../../usr/local/lib/android/sdk/platforms/android-34-ext12/data/res/values-iw: Cannot change mode to rwxr-xr-x: Operation not permitted
build	Cache Android SDK	2026-06-06T12:22:42.4864110Z /usr/bin/tar: ../../../../../usr/local/lib/android/sdk/platforms/android-34-ext12/data/res/values-mcc310-mnc150-en-rIN: Cannot utime: Operation not permitted
build	Cache Android SDK	2026-06-06T12:22:42.4865210Z /usr/bin/tar: ../../../../../usr/local/lib/android/sdk/platforms/android-34-ext12/data/res/values-mcc310-mnc150-en-rIN: Cannot change mode to rwxr-xr-x: Operation not permitted
build	Cache Android SDK	2026-06-06T12:22:42.4867884Z /usr/bin/tar: ../../../../../usr/local/lib/android/sdk/platforms/android-34-ext12/data/res/values-mcc311-mnc180-en-rIN: Cannot utime: Operation not permitted
build	Cache Android SDK	2026-06-06T12:22:42.4868891Z /usr/bin/tar: ../../../../../usr/local/lib/android/sdk/platforms/android-34-ext12/data/res/values-mcc311-mnc180-en-rIN: Cannot change mode to rwxr-xr-x: Operation not permitted
build	Cache Android SDK	2026-06-06T12:22:42.4871395Z /usr/bin/tar: ../../../../../usr/local/lib/android/sdk/platforms/android-34-ext12/data/res/values-mcc310-mnc800-is: Cannot utime: Operation not permitted
build	Cache Android SDK	2026-06-06T12:22:42.4873133Z /usr/bin/tar: ../../../../../usr/local/lib/android/sdk/platforms/android-34-ext12/data/res/values-mcc310-mnc800-is: Cannot change mode to rwxr-xr-x: Operation not permitted
build	Cache Android SDK	2026-06-06T12:22:42.4874744Z /usr/bin/tar: ../../../../../usr/local/lib/android/sdk/platforms/android-34-ext12/data/res/values-mcc302-mnc370-mr: Cannot utime: Operation not permitted
build	Cache Android SDK	2026-06-06T12:22:42.4875704Z /usr/bin/tar: ../../../../../usr/local/lib/android/sdk/platforms/android-34-ext12/data/res/values-mcc302-mnc370-mr: Cannot change mode to rwxr-xr-x: Operation not permitted
build	Cache Android SDK	2026-06-06T12:22:42.4878734Z /usr/bin/tar: ../../../../../usr/local/lib/android/sdk/platforms/android-34-ext12/data/res/values-mcc310-mnc800-ta: Cannot utime: Operation not permitted
build	Cache Android SDK	2026-06-06T12:22:42.4880144Z /usr/bin/tar: ../../../../../usr/local/lib/android/sdk/platforms/android-34-ext12/data/res/values-mcc310-mnc800-ta: Cannot change mode to rwxr-xr-x: Operation not permitted
build	Cache Android SDK	2026-06-06T12:22:42.4882320Z /usr/bin/tar: ../../../../../usr/local/lib/android/sdk/platforms/android-34-ext12/data/res/values-mcc310-mnc380-mn: Cannot utime: Operation not permitted
build	Cache Android SDK	2026-06-06T12:22:42.4883299Z /usr/bin/tar: ../../../../../usr/local/lib/android/sdk/platforms/android-34-ext12/data/res/values-mcc310-mnc380-mn: Cannot change mode to rwxr-xr-x: Operation not permitted
build	Cache Android SDK	2026-06-06T12:22:42.4885306Z /usr/bin/tar: ../../../../../usr/local/lib/android/sdk/platforms/android-34-ext12/data/res/values-mcc310-mnc560-ta: Cannot utime: Operation not permitted
build	Cache Android SDK	2026-06-06T12:22:42.4886253Z /usr/bin/tar: ../../../../../usr/local/lib/android/sdk/platforms/android-34-ext12/data/res/values-mcc310-mnc560-ta: Cannot change mode to rwxr-xr-x: Operation not permitted
build	Cache Android SDK	2026-06-06T12:22:42.4888766Z /usr/bin/tar: ../../../../../usr/local/lib/android/sdk/platforms/android-34-ext12/data/res/values-mcc310-mnc160-el: Cannot utime: Operation not permitted
build	Cache Android SDK	2026-06-06T12:22:42.4889713Z /usr/bin/tar: ../../../../../usr/local/lib/android/sdk/platforms/android-34-ext12/data/res/values-mcc310-mnc160-el: Cannot change mode to rwxr-xr-x: Operation not permitted
build	Cache Android SDK	2026-06-06T12:22:42.4894896Z /usr/bin/tar: ../../../../../usr/local/lib/android/sdk/platforms/android-34-ext12/data/res/values-mcc310-mnc240-en-rAU: Cannot utime: Operation not permitted
build	Cache Android SDK	2026-06-06T12:22:42.4895985Z /usr/bin/tar: ../../../../../usr/local/lib/android/sdk/platforms/android-34-ext12/data/res/values-mcc310-mnc240-en-rAU: Cannot change mode to rwxr-xr-x: Operation not permitted
build	Cache Android SDK	2026-06-06T12:22:42.4898218Z /usr/bin/tar: ../../../../../usr/local/lib/android/sdk/platforms/android-34-ext12/data/res/values-mcc310-mnc410-zh-rCN: Cannot utime: Operation not permitted
build	Cache Android SDK	2026-06-06T12:22:42.4899203Z /usr/bin/tar: ../../../../../usr/local/lib/android/sdk/platforms/android-34-ext12/data/res/values-mcc310-mnc410-zh-rCN: Cannot change mode to rwxr-xr-x: Operation not permitted
build	Cache Android SDK	2026-06-06T12:22:42.4904190Z /usr/bin/tar: ../../../../../usr/local/lib/android/sdk/platforms/android-34-ext12/data/res/values-mcc310-mnc250-lt: Cannot utime: Operation not permitted
build	Cache Android SDK	2026-06-06T12:22:42.4905148Z /usr/bin/tar: ../../../../../usr/local/lib/android/sdk/platforms/android-34-ext12/data/res/values-mcc310-mnc250-lt: Cannot change mode to rwxr-xr-x: Operation not permitted
build	Cache Android SDK	2026-06-06T12:22:42.4907338Z /usr/bin/tar: ../../../../../usr/local/lib/android/sdk/platforms/android-34-ext12/data/res/values-mcc310-mnc410-ta: Cannot utime: Operation not permitted
build	Cache Android SDK	2026-06-06T12:22:42.4908474Z /usr/bin/tar: ../../../../../usr/local/lib/android/sdk/platforms/android-34-ext12/data/res/values-mcc310-mnc410-ta: Cannot change mode to rwxr-xr-x: Operation not permitted
build	Cache Android SDK	2026-06-06T12:22:42.4910700Z /usr/bin/tar: ../../../../../usr/local/lib/android/sdk/platforms/android-34-ext12/data/res/values-pt-television: Cannot utime: Operation not permitted
build	Cache Android SDK	2026-06-06T12:22:42.4911651Z /usr/bin/tar: ../../../../../usr/local/lib/android/sdk/platforms/android-34-ext12/data/res/values-pt-television: Cannot change mode to rwxr-xr-x: Operation not permitted
build	Cache Android SDK	2026-06-06T12:22:42.4914319Z /usr/bin/tar: ../../../../../usr/local/lib/android/sdk/platforms/android-34-ext12/data/res/values-mcc310-mnc220-fr: Cannot utime: Operation not permitted
build	Cache Android SDK	2026-06-06T12:22:42.4915294Z /usr/bin/tar: ../../../../../usr/local/lib/android/sdk/platforms/android-34-ext12/data/res/values-mcc310-mnc220-fr: Cannot change mode to rwxr-xr-x: Operation not permitted
build	Cache Android SDK	2026-06-06T12:22:42.4917806Z /usr/bin/tar: ../../../../../usr/local/lib/android/sdk/platforms/android-34-ext12/data/res/values-mcc302-mnc370-mk: Cannot utime: Operation not permitted
build	Cache Android SDK	2026-06-06T12:22:42.4918775Z /usr/bin/tar: ../../../../../usr/local/lib/android/sdk/platforms/android-34-ext12/data/res/values-mcc302-mnc370-mk: Cannot change mode to rwxr-xr-x: Operation not permitted
build	Cache Android SDK	2026-06-06T12:22:42.4920877Z /usr/bin/tar: ../../../../../usr/local/lib/android/sdk/platforms/android-34-ext12/data/res/values-mcc310-mnc410-ne: Cannot utime: Operation not permitted
build	Cache Android SDK	2026-06-06T12:22:42.4921830Z /usr/bin/tar: ../../../../../usr/local/lib/android/sdk/platforms/android-34-ext12/data/res/values-mcc310-mnc410-ne: Cannot change mode to rwxr-xr-x: Operation not permitted
build	Cache Android SDK	2026-06-06T12:22:42.4924403Z /usr/bin/tar: ../../../../../usr/local/lib/android/sdk/platforms/android-34-ext12/data/res/values-mcc310-mnc200-pa: Cannot utime: Operation not permitted
build	Cache Android SDK	2026-06-06T12:22:42.4925389Z /usr/bin/tar: ../../../../../usr/local/lib/android/sdk/platforms/android-34-ext12/data/res/values-mcc310-mnc200-pa: Cannot change mode to rwxr-xr-x: Operation not permitted
build	Cache Android SDK	2026-06-06T12:22:42.4927552Z /usr/bin/tar: ../../../../../usr/local/lib/android/sdk/platforms/android-34-ext12/data/res/values-mcc302-mnc370-ms: Cannot utime: Operation not permitted
build	Cache Android SDK	2026-06-06T12:22:42.4928510Z /usr/bin/tar: ../../../../../usr/local/lib/android/sdk/platforms/android-34-ext12/data/res/values-mcc302-mnc370-ms: Cannot change mode to rwxr-xr-x: Operation not permitted
build	Cache Android SDK	2026-06-06T12:22:42.4930796Z /usr/bin/tar: ../../../../../usr/local/lib/android/sdk/platforms/android-34-ext12/data/res/values-mcc310-mnc220-ro: Cannot utime: Operation not permitted
build	Cache Android SDK	2026-06-06T12:22:42.4931766Z /usr/bin/tar: ../../../../../usr/local/lib/android/sdk/platforms/android-34-ext12/data/res/values-mcc310-mnc220-ro: Cannot change mode to rwxr-xr-x: Operation not permitted
build	Cache Android SDK	2026-06-06T12:22:42.4934086Z /usr/bin/tar: ../../../../../usr/local/lib/android/sdk/platforms/android-34-ext12/data/res/values-mcc310-mnc280-ms: Cannot utime: Operation not permitted
build	Cache Android SDK	2026-06-06T12:22:42.4935058Z /usr/bin/tar: ../../../../../usr/local/lib/android/sdk/platforms/android-34-ext12/data/res/values-mcc310-mnc280-ms: Cannot change mode to rwxr-xr-x: Operation not permitted
build	Cache Android SDK	2026-06-06T12:22:42.4937477Z /usr/bin/tar: ../../../../../usr/local/lib/android/sdk/platforms/android-34-ext12/data/res/values-mcc310-mnc170-hr: Cannot utime: Operation not permitted
build	Cache Android SDK	2026-06-06T12:22:42.4938447Z /usr/bin/tar: ../../../../../usr/local/lib/android/sdk/platforms/android-34-ext12/data/res/values-mcc310-mnc170-hr: Cannot change mode to rwxr-xr-x: Operation not permitted
build	Cache Android SDK	2026-06-06T12:22:42.4940697Z /usr/bin/tar: ../../../../../usr/local/lib/android/sdk/platforms/android-34-ext12/data/res/values-mcc310-mnc030-nb: Cannot utime: Operation not permitted
build	Cache Android SDK	2026-06-06T12:22:42.4941660Z /usr/bin/tar: ../../../../../usr/local/lib/android/sdk/platforms/android-34-ext12/data/res/values-mcc310-mnc030-nb: Cannot change mode to rwxr-xr-x: Operation not permitted
build	Cache Android SDK	2026-06-06T12:22:42.4944112Z /usr/bin/tar: ../../../../../usr/local/lib/android/sdk/platforms/android-34-ext12/data/res/values-mcc302-mnc780: Cannot utime: Operation not permitted
build	Cache Android SDK	2026-06-06T12:22:42.4945048Z /usr/bin/tar: ../../../../../usr/local/lib/android/sdk/platforms/android-34-ext12/data/res/values-mcc302-mnc780: Cannot change mode to rwxr-xr-x: Operation not permitted
build	Cache Android SDK	2026-06-06T12:22:42.4947918Z /usr/bin/tar: ../../../../../usr/local/lib/android/sdk/platforms/android-34-ext12/data/res/values-mcc310-mnc560-fr-rCA: Cannot utime: Operation not permitted
build	Cache Android SDK	2026-06-06T12:22:42.4948907Z /usr/bin/tar: ../../../../../usr/local/lib/android/sdk/platforms/android-34-ext12/data/res/values-mcc310-mnc560-fr-rCA: Cannot change mode to rwxr-xr-x: Operation not permitted
build	Cache Android SDK	2026-06-06T12:22:42.4953932Z /usr/bin/tar: ../../../../../usr/local/lib/android/sdk/platforms/android-34-ext12/data/res/values-mcc310-mnc560-ms: Cannot utime: Operation not permitted
build	Cache Android SDK	2026-06-06T12:22:42.4955730Z /usr/bin/tar: ../../../../../usr/local/lib/android/sdk/platforms/android-34-ext12/data/res/values-mcc310-mnc560-ms: Cannot change mode to rwxr-xr-x: Operation not permitted
build	Cache Android SDK	2026-06-06T12:22:42.4957090Z /usr/bin/tar: ../../../../../usr/local/lib/android/sdk/platforms/android-34-ext12/data/res/values-mcc311-mnc180-en-rCA: Cannot utime: Operation not permitted
build	Cache Android SDK	2026-06-06T12:22:42.4958387Z /usr/bin/tar: ../../../../../usr/local/lib/android/sdk/platforms/android-34-ext12/data/res/values-mcc311-mnc180-en-rCA: Cannot change mode to rwxr-xr-x: Operation not permitted
build	Cache Android SDK	2026-06-06T12:22:42.4961128Z /usr/bin/tar: ../../../../../usr/local/lib/android/sdk/platforms/android-34-ext12/data/res/values-hu-television: Cannot utime: Operation not permitted
build	Cache Android SDK	2026-06-06T12:22:42.4962585Z /usr/bin/tar: ../../../../../usr/local/lib/android/sdk/platforms/android-34-ext12/data/res/values-hu-television: Cannot change mode to rwxr-xr-x: Operation not permitted
build	Cache Android SDK	2026-06-06T12:22:42.4964263Z /usr/bin/tar: ../../../../../usr/local/lib/android/sdk/platforms/android-34-ext12/data/res/values-mcc310-mnc410-ur: Cannot utime: Operation not permitted
build	Cache Android SDK	2026-06-06T12:22:42.4965762Z /usr/bin/tar: ../../../../../usr/local/lib/android/sdk/platforms/android-34-ext12/data/res/values-mcc310-mnc410-ur: Cannot change mode to rwxr-xr-x: Operation not permitted
build	Cache Android SDK	2026-06-06T12:22:42.4967576Z /usr/bin/tar: ../../../../../usr/local/lib/android/sdk/platforms/android-34-ext12/data/res/values-mcc310-mnc560-si: Cannot utime: Operation not permitted
build	Cache Android SDK	2026-06-06T12:22:42.4969364Z /usr/bin/tar: ../../../../../usr/local/lib/android/sdk/platforms/android-34-ext12/data/res/values-mcc310-mnc560-si: Cannot change mode to rwxr-xr-x: Operation not permitted
build	Cache Android SDK	2026-06-06T12:22:42.4971744Z /usr/bin/tar: ../../../../../usr/local/lib/android/sdk/platforms/android-34-ext12/data/res/values-mcc001-mnc01-ml: Cannot utime: Operation not permitted
build	Cache Android SDK	2026-06-06T12:22:42.4973022Z /usr/bin/tar: ../../../../../usr/local/lib/android/sdk/platforms/android-34-ext12/data/res/values-mcc001-mnc01-ml: Cannot change mode to rwxr-xr-x: Operation not permitted
build	Cache Android SDK	2026-06-06T12:22:42.4975188Z /usr/bin/tar: ../../../../../usr/local/lib/android/sdk/platforms/android-34-ext12/data/res/values-mcc310-mnc950-lv: Cannot utime: Operation not permitted
build	Cache Android SDK	2026-06-06T12:22:42.4976189Z /usr/bin/tar: ../../../../../usr/local/lib/android/sdk/platforms/android-34-ext12/data/res/values-mcc310-mnc950-lv: Cannot change mode to rwxr-xr-x: Operation not permitted
build	Cache Android SDK	2026-06-06T12:22:42.4979856Z /usr/bin/tar: ../../../../../usr/local/lib/android/sdk/platforms/android-34-ext12/data/res/values-mcc310-mnc170-be: Cannot utime: Operation not permitted
build	Cache Android SDK	2026-06-06T12:22:42.4981114Z /usr/bin/tar: ../../../../../usr/local/lib/android/sdk/platforms/android-34-ext12/data/res/values-mcc310-mnc170-be: Cannot change mode to rwxr-xr-x: Operation not permitted
build	Cache Android SDK	2026-06-06T12:22:42.4983317Z /usr/bin/tar: ../../../../../usr/local/lib/android/sdk/platforms/android-34-ext12/data/res/values-mcc313-mnc100-hr: Cannot utime: Operation not permitted
build	Cache Android SDK	2026-06-06T12:22:42.4984669Z /usr/bin/tar: ../../../../../usr/local/lib/android/sdk/platforms/android-34-ext12/data/res/values-mcc313-mnc100-hr: Cannot change mode to rwxr-xr-x: Operation not permitted
build	Cache Android SDK	2026-06-06T12:22:42.4986160Z /usr/bin/tar: ../../../../../usr/local/lib/android/sdk/platforms/android-34-ext12/data/res/values-mcc310-mnc380-lv: Cannot utime: Operation not permitted
build	Cache Android SDK	2026-06-06T12:22:42.4987119Z /usr/bin/tar: ../../../../../usr/local/lib/android/sdk/platforms/android-34-ext12/data/res/values-mcc310-mnc380-lv: Cannot change mode to rwxr-xr-x: Operation not permitted
build	Cache Android SDK	2026-06-06T12:22:42.4989371Z /usr/bin/tar: ../../../../../usr/local/lib/android/sdk/platforms/android-34-ext12/data/res/values-mcc310-mnc030-hi: Cannot utime: Operation not permitted
build	Cache Android SDK	2026-06-06T12:22:42.4990343Z /usr/bin/tar: ../../../../../usr/local/lib/android/sdk/platforms/android-34-ext12/data/res/values-mcc310-mnc030-hi: Cannot change mode to rwxr-xr-x: Operation not permitted
build	Cache Android SDK	2026-06-06T12:22:42.4992921Z /usr/bin/tar: ../../../../../usr/local/lib/android/sdk/platforms/android-34-ext12/data/res/values-mcc310-mnc560-lv: Cannot utime: Operation not permitted
build	Cache Android SDK	2026-06-06T12:22:42.4993897Z /usr/bin/tar: ../../../../../usr/local/lib/android/sdk/platforms/android-34-ext12/data/res/values-mcc310-mnc560-lv: Cannot change mode to rwxr-xr-x: Operation not permitted
build	Cache Android SDK	2026-06-06T12:22:42.4995983Z /usr/bin/tar: ../../../../../usr/local/lib/android/sdk/platforms/android-34-ext12/data/res/values-mcc311-mnc180-zh-rTW: Cannot utime: Operation not permitted
build	Cache Android SDK	2026-06-06T12:22:42.4997009Z /usr/bin/tar: ../../../../../usr/local/lib/android/sdk/platforms/android-34-ext12/data/res/values-mcc311-mnc180-zh-rTW: Cannot change mode to rwxr-xr-x: Operation not permitted
build	Cache Android SDK	2026-06-06T12:22:42.4999163Z /usr/bin/tar: ../../../../../usr/local/lib/android/sdk/platforms/android-34-ext12/data/res/values-mcc310-mnc380-az: Cannot utime: Operation not permitted
build	Cache Android SDK	2026-06-06T12:22:42.5000123Z /usr/bin/tar: ../../../../../usr/local/lib/android/sdk/platforms/android-34-ext12/data/res/values-mcc310-mnc380-az: Cannot change mode to rwxr-xr-x: Operation not permitted
build	Cache Android SDK	2026-06-06T12:22:42.5002396Z /usr/bin/tar: ../../../../../usr/local/lib/android/sdk/platforms/android-34-ext12/data/res/values-mcc310-mnc030-b+sr+Latn: Cannot utime: Operation not permitted
build	Cache Android SDK	2026-06-06T12:22:42.5003432Z /usr/bin/tar: ../../../../../usr/local/lib/android/sdk/platforms/android-34-ext12/data/res/values-mcc310-mnc030-b+sr+Latn: Cannot change mode to rwxr-xr-x: Operation not permitted
build	Cache Android SDK	2026-06-06T12:22:42.5006458Z /usr/bin/tar: ../../../../../usr/local/lib/android/sdk/platforms/android-34-ext12/data/res/values-mcc310-mnc200-mn: Cannot utime: Operation not permitted
build	Cache Android SDK	2026-06-06T12:22:42.5008034Z /usr/bin/tar: ../../../../../usr/local/lib/android/sdk/platforms/android-34-ext12/data/res/values-mcc310-mnc200-mn: Cannot change mode to rwxr-xr-x: Operation not permitted
build	Cache Android SDK	2026-06-06T12:22:42.5009507Z /usr/bin/tar: ../../../../../usr/local/lib/android/sdk/platforms/android-34-ext12/data/res/values-mcc310-mnc230-fa: Cannot utime: Operation not permitted
build	Cache Android SDK	2026-06-06T12:22:42.5010464Z /usr/bin/tar: ../../../../../usr/local/lib/android/sdk/platforms/android-34-ext12/data/res/values-mcc310-mnc230-fa: Cannot change mode to rwxr-xr-x: Operation not permitted
build	Cache Android SDK	2026-06-06T12:22:42.5012515Z /usr/bin/tar: ../../../../../usr/local/lib/android/sdk/platforms/android-34-ext12/data/res/values-mcc311-mnc180-lo: Cannot utime: Operation not permitted
build	Cache Android SDK	2026-06-06T12:22:42.5013467Z /usr/bin/tar: ../../../../../usr/local/lib/android/sdk/platforms/android-34-ext12/data/res/values-mcc311-mnc180-lo: Cannot change mode to rwxr-xr-x: Operation not permitted
build	Cache Android SDK	2026-06-06T12:22:42.5016715Z /usr/bin/tar: ../../../../../usr/local/lib/android/sdk/platforms/android-34-ext12/data/res/values-in-watch: Cannot utime: Operation not permitted
build	Cache Android SDK	2026-06-06T12:22:42.5017795Z /usr/bin/tar: ../../../../../usr/local/lib/android/sdk/platforms/android-34-ext12/data/res/values-in-watch: Cannot change mode to rwxr-xr-x: Operation not permitted
build	Cache Android SDK	2026-06-06T12:22:42.5019666Z /usr/bin/tar: ../../../../../usr/local/lib/android/sdk/platforms/android-34-ext12/data/res/values-mcc001-mnc01-en-rXC: Cannot utime: Operation not permitted
build	Cache Android SDK	2026-06-06T12:22:42.5020690Z /usr/bin/tar: ../../../../../usr/local/lib/android/sdk/platforms/android-34-ext12/data/res/values-mcc001-mnc01-en-rXC: Cannot change mode to rwxr-xr-x: Operation not permitted
build	Cache Android SDK	2026-06-06T12:22:42.5022043Z /usr/bin/tar: ../../../../../usr/local/lib/android/sdk/platforms/android-34-ext12/data/res/values-mcc310-mnc270-sl: Cannot utime: Operation not permitted
build	Cache Android SDK	2026-06-06T12:22:42.5023020Z /usr/bin/tar: ../../../../../usr/local/lib/android/sdk/platforms/android-34-ext12/data/res/values-mcc310-mnc270-sl: Cannot change mode to rwxr-xr-x: Operation not permitted
build	Cache Android SDK	2026-06-06T12:22:42.5025321Z /usr/bin/tar: ../../../../../usr/local/lib/android/sdk/platforms/android-34-ext12/data/res/values-mcc312-mnc670-af: Cannot utime: Operation not permitted
build	Cache Android SDK	2026-06-06T12:22:42.5027125Z /usr/bin/tar: ../../../../../usr/local/lib/android/sdk/platforms/android-34-ext12/data/res/values-mcc312-mnc670-af: Cannot change mode to rwxr-xr-x: Operation not permitted
build	Cache Android SDK	2026-06-06T12:22:42.5028471Z /usr/bin/tar: ../../../../../usr/local/lib/android/sdk/platforms/android-34-ext12/data/res/values-mcc310-mnc950-bn: Cannot utime: Operation not permitted
build	Cache Android SDK	2026-06-06T12:22:42.5029438Z /usr/bin/tar: ../../../../../usr/local/lib/android/sdk/platforms/android-34-ext12/data/res/values-mcc310-mnc950-bn: Cannot change mode to rwxr-xr-x: Operation not permitted
build	Cache Android SDK	2026-06-06T12:22:42.5031466Z /usr/bin/tar: ../../../../../usr/local/lib/android/sdk/platforms/android-34-ext12/data/res/values-mcc310-mnc580: Cannot utime: Operation not permitted
build	Cache Android SDK	2026-06-06T12:22:42.5032408Z /usr/bin/tar: ../../../../../usr/local/lib/android/sdk/platforms/android-34-ext12/data/res/values-mcc310-mnc580: Cannot change mode to rwxr-xr-x: Operation not permitted
build	Cache Android SDK	2026-06-06T12:22:42.5034985Z /usr/bin/tar: ../../../../../usr/local/lib/android/sdk/platforms/android-34-ext12/data/res/values-mcc310-mnc200-es-rUS: Cannot utime: Operation not permitted
build	Cache Android SDK	2026-06-06T12:22:42.5036320Z /usr/bin/tar: ../../../../../usr/local/lib/android/sdk/platforms/android-34-ext12/data/res/values-mcc310-mnc200-es-rUS: Cannot change mode to rwxr-xr-x: Operation not permitted
build	Cache Android SDK	2026-06-06T12:22:42.5037947Z /usr/bin/tar: ../../../../../usr/local/lib/android/sdk/platforms/android-34-ext12/data/res/values-mcc310-mnc800-ms: Cannot utime: Operation not permitted
build	Cache Android SDK	2026-06-06T12:22:42.5041300Z /usr/bin/tar: ../../../../../usr/local/lib/android/sdk/platforms/android-34-ext12/data/res/values-mcc310-mnc800-ms: Cannot change mode to rwxr-xr-x: Operation not permitted
build	Cache Android SDK	2026-06-06T12:22:42.5042270Z /usr/bin/tar: ../../../../../usr/local/lib/android/sdk/platforms/android-34-ext12/data/res/values-mcc310-mnc200-bs: Cannot utime: Operation not permitted
build	Cache Android SDK	2026-06-06T12:22:42.5043219Z /usr/bin/tar: ../../../../../usr/local/lib/android/sdk/platforms/android-34-ext12/data/res/values-mcc310-mnc200-bs: Cannot change mode to rwxr-xr-x: Operation not permitted
build	Cache Android SDK	2026-06-06T12:22:42.5044954Z /usr/bin/tar: ../../../../../usr/local/lib/android/sdk/platforms/android-34-ext12/data/res/values-mcc310-mnc280-uz: Cannot utime: Operation not permitted
build	Cache Android SDK	2026-06-06T12:22:42.5045942Z /usr/bin/tar: ../../../../../usr/local/lib/android/sdk/platforms/android-34-ext12/data/res/values-mcc310-mnc280-uz: Cannot change mode to rwxr-xr-x: Operation not permitted
build	Cache Android SDK	2026-06-06T12:22:42.5048697Z /usr/bin/tar: ../../../../../usr/local/lib/android/sdk/platforms/android-34-ext12/data/res/values-mcc310-mnc230-hr: Cannot utime: Operation not permitted
build	Cache Android SDK	2026-06-06T12:22:42.5049658Z /usr/bin/tar: ../../../../../usr/local/lib/android/sdk/platforms/android-34-ext12/data/res/values-mcc310-mnc230-hr: Cannot change mode to rwxr-xr-x: Operation not permitted
build	Cache Android SDK	2026-06-06T12:22:42.5052081Z /usr/bin/tar: ../../../../../usr/local/lib/android/sdk/platforms/android-34-ext12/data/res/values-mcc310-mnc240-it: Cannot utime: Operation not permitted
build	Cache Android SDK	2026-06-06T12:22:42.5053075Z /usr/bin/tar: ../../../../../usr/local/lib/android/sdk/platforms/android-34-ext12/data/res/values-mcc310-mnc240-it: Cannot change mode to rwxr-xr-x: Operation not permitted
build	Cache Android SDK	2026-06-06T12:22:42.5055174Z /usr/bin/tar: ../../../../../usr/local/lib/android/sdk/platforms/android-34-ext12/data/res/values-mcc440: Cannot utime: Operation not permitted
build	Cache Android SDK	2026-06-06T12:22:42.5056086Z /usr/bin/tar: ../../../../../usr/local/lib/android/sdk/platforms/android-34-ext12/data/res/values-mcc440: Cannot change mode to rwxr-xr-x: Operation not permitted
build	Cache Android SDK	2026-06-06T12:22:42.5058620Z /usr/bin/tar: ../../../../../usr/local/lib/android/sdk/platforms/android-34-ext12/data/res/values-mcc310-mnc310-es: Cannot utime: Operation not permitted
build	Cache Android SDK	2026-06-06T12:22:42.5059583Z /usr/bin/tar: ../../../../../usr/local/lib/android/sdk/platforms/android-34-ext12/data/res/values-mcc310-mnc310-es: Cannot change mode to rwxr-xr-x: Operation not permitted
build	Cache Android SDK	2026-06-06T12:22:42.5061760Z /usr/bin/tar: ../../../../../usr/local/lib/android/sdk/platforms/android-34-ext12/data/res/values-mcc310-mnc560-cs: Cannot utime: Operation not permitted
build	Cache Android SDK	2026-06-06T12:22:42.5064922Z /usr/bin/tar: ../../../../../usr/local/lib/android/sdk/platforms/android-34-ext12/data/res/values-mcc310-mnc560-cs: Cannot change mode to rwxr-xr-x: Operation not permitted
build	Cache Android SDK	2026-06-06T12:22:42.5065897Z /usr/bin/tar: ../../../../../usr/local/lib/android/sdk/platforms/android-34-ext12/data/res/values-mcc310-mnc160-ky: Cannot utime: Operation not permitted
build	Cache Android SDK	2026-06-06T12:22:42.5067147Z /usr/bin/tar: ../../../../../usr/local/lib/android/sdk/platforms/android-34-ext12/data/res/values-mcc310-mnc160-ky: Cannot change mode to rwxr-xr-x: Operation not permitted
build	Cache Android SDK	2026-06-06T12:22:42.5069032Z /usr/bin/tar: ../../../../../usr/local/lib/android/sdk/platforms/android-34-ext12/data/res/values-mcc310-mnc270-mk: Cannot utime: Operation not permitted
build	Cache Android SDK	2026-06-06T12:22:42.5070786Z /usr/bin/tar: ../../../../../usr/local/lib/android/sdk/platforms/android-34-ext12/data/res/values-mcc310-mnc270-mk: Cannot change mode to rwxr-xr-x: Operation not permitted
build	Cache Android SDK	2026-06-06T12:22:42.5071845Z /usr/bin/tar: ../../../../../usr/local/lib/android/sdk/platforms/android-34-ext12/data/res/values-et-watch: Cannot utime: Operation not permitted
build	Cache Android SDK	2026-06-06T12:22:42.5072979Z /usr/bin/tar: ../../../../../usr/local/lib/android/sdk/platforms/android-34-ext12/data/res/values-et-watch: Cannot change mode to rwxr-xr-x: Operation not permitted
build	Cache Android SDK	2026-06-06T12:22:42.5074539Z /usr/bin/tar: ../../../../../usr/local/lib/android/sdk/platforms/android-34-ext12/data/res/values-mcc310-mnc800-da: Cannot utime: Operation not permitted
build	Cache Android SDK	2026-06-06T12:22:42.5075493Z /usr/bin/tar: ../../../../../usr/local/lib/android/sdk/platforms/android-34-ext12/data/res/values-mcc310-mnc800-da: Cannot change mode to rwxr-xr-x: Operation not permitted
build	Cache Android SDK	2026-06-06T12:22:42.5078213Z /usr/bin/tar: ../../../../../usr/local/lib/android/sdk/platforms/android-34-ext12/data/res/values-mcc310-mnc310-sq: Cannot utime: Operation not permitted
build	Cache Android SDK	2026-06-06T12:22:42.5079472Z /usr/bin/tar: ../../../../../usr/local/lib/android/sdk/platforms/android-34-ext12/data/res/values-mcc310-mnc310-sq: Cannot change mode to rwxr-xr-x: Operation not permitted
build	Cache Android SDK	2026-06-06T12:22:42.5081557Z /usr/bin/tar: ../../../../../usr/local/lib/android/sdk/platforms/android-34-ext12/data/res/values-mcc310-mnc310-my: Cannot utime: Operation not permitted
build	Cache Android SDK	2026-06-06T12:22:42.5082509Z /usr/bin/tar: ../../../../../usr/local/lib/android/sdk/platforms/android-34-ext12/data/res/values-mcc310-mnc310-my: Cannot change mode to rwxr-xr-x: Operation not permitted
build	Cache Android SDK	2026-06-06T12:22:42.5084706Z /usr/bin/tar: ../../../../../usr/local/lib/android/sdk/platforms/android-34-ext12/data/res/values-mcc311-mnc180-be: Cannot utime: Operation not permitted
build	Cache Android SDK	2026-06-06T12:22:42.5088184Z /usr/bin/tar: ../../../../../usr/local/lib/android/sdk/platforms/android-34-ext12/data/res/values-mcc311-mnc180-be: Cannot change mode to rwxr-xr-x: Operation not permitted
build	Cache Android SDK	2026-06-06T12:22:42.5089164Z /usr/bin/tar: ../../../../../usr/local/lib/android/sdk/platforms/android-34-ext12/data/res/values-mcc310-mnc490-zu: Cannot utime: Operation not permitted
build	Cache Android SDK	2026-06-06T12:22:42.5090114Z /usr/bin/tar: ../../../../../usr/local/lib/android/sdk/platforms/android-34-ext12/data/res/values-mcc310-mnc490-zu: Cannot change mode to rwxr-xr-x: Operation not permitted
build	Cache Android SDK	2026-06-06T12:22:42.5091435Z /usr/bin/tar: ../../../../../usr/local/lib/android/sdk/platforms/android-34-ext12/data/res/values-mcc310-mnc410-am: Cannot utime: Operation not permitted
build	Cache Android SDK	2026-06-06T12:22:42.5092385Z /usr/bin/tar: ../../../../../usr/local/lib/android/sdk/platforms/android-34-ext12/data/res/values-mcc310-mnc410-am: Cannot change mode to rwxr-xr-x: Operation not permitted
build	Cache Android SDK	2026-06-06T12:22:42.5094551Z /usr/bin/tar: ../../../../../usr/local/lib/android/sdk/platforms/android-34-ext12/data/res/values-mcc310-mnc950-hr: Cannot utime: Operation not permitted
build	Cache Android SDK	2026-06-06T12:22:42.5095498Z /usr/bin/tar: ../../../../../usr/local/lib/android/sdk/platforms/android-34-ext12/data/res/values-mcc310-mnc950-hr: Cannot change mode to rwxr-xr-x: Operation not permitted
build	Cache Android SDK	2026-06-06T12:22:42.5097837Z /usr/bin/tar: ../../../../../usr/local/lib/android/sdk/platforms/android-34-ext12/data/res/values-mcc716-mnc10: Cannot utime: Operation not permitted
build	Cache Android SDK	2026-06-06T12:22:42.5098818Z /usr/bin/tar: ../../../../../usr/local/lib/android/sdk/platforms/android-34-ext12/data/res/values-mcc716-mnc10: Cannot change mode to rwxr-xr-x: Operation not permitted
build	Cache Android SDK	2026-06-06T12:22:42.5100664Z /usr/bin/tar: ../../../../../usr/local/lib/android/sdk/platforms/android-34-ext12/data/res/values-mcc310-mnc280-hr: Cannot utime: Operation not permitted
build	Cache Android SDK	2026-06-06T12:22:42.5101621Z /usr/bin/tar: ../../../../../usr/local/lib/android/sdk/platforms/android-34-ext12/data/res/values-mcc310-mnc280-hr: Cannot change mode to rwxr-xr-x: Operation not permitted
build	Cache Android SDK	2026-06-06T12:22:42.5103707Z /usr/bin/tar: ../../../../../usr/local/lib/android/sdk/platforms/android-34-ext12/data/res/values-mcc310-mnc490-zh-rCN: Cannot utime: Operation not permitted
build	Cache Android SDK	2026-06-06T12:22:42.5104720Z /usr/bin/tar: ../../../../../usr/local/lib/android/sdk/platforms/android-34-ext12/data/res/values-mcc310-mnc490-zh-rCN: Cannot change mode to rwxr-xr-x: Operation not permitted
build	Cache Android SDK	2026-06-06T12:22:42.5106774Z /usr/bin/tar: ../../../../../usr/local/lib/android/sdk/platforms/android-34-ext12/data/res/values-mcc001-mnc01-hi: Cannot utime: Operation not permitted
build	Cache Android SDK	2026-06-06T12:22:42.5107930Z /usr/bin/tar: ../../../../../usr/local/lib/android/sdk/platforms/android-34-ext12/data/res/values-mcc001-mnc01-hi: Cannot change mode to rwxr-xr-x: Operation not permitted
build	Cache Android SDK	2026-06-06T12:22:42.5110002Z /usr/bin/tar: ../../../../../usr/local/lib/android/sdk/platforms/android-34-ext12/data/res/values-mcc310-mnc220-ne: Cannot utime: Operation not permitted
build	Cache Android SDK	2026-06-06T12:22:42.5110945Z /usr/bin/tar: ../../../../../usr/local/lib/android/sdk/platforms/android-34-ext12/data/res/values-mcc310-mnc220-ne: Cannot change mode to rwxr-xr-x: Operation not permitted
build	Cache Android SDK	2026-06-06T12:22:42.5113275Z /usr/bin/tar: ../../../../../usr/local/lib/android/sdk/platforms/android-34-ext12/data/res/values-de-rAT: Cannot utime: Operation not permitted
build	Cache Android SDK	2026-06-06T12:22:42.5114168Z /usr/bin/tar: ../../../../../usr/local/lib/android/sdk/platforms/android-34-ext12/data/res/values-de-rAT: Cannot change mode to rwxr-xr-x: Operation not permitted
build	Cache Android SDK	2026-06-06T12:22:42.5116252Z /usr/bin/tar: ../../../../../usr/local/lib/android/sdk/platforms/android-34-ext12/data/res/values-mcc310-mnc030-es: Cannot utime: Operation not permitted
build	Cache Android SDK	2026-06-06T12:22:42.5117207Z /usr/bin/tar: ../../../../../usr/local/lib/android/sdk/platforms/android-34-ext12/data/res/values-mcc310-mnc030-es: Cannot change mode to rwxr-xr-x: Operation not permitted
build	Cache Android SDK	2026-06-06T12:22:42.5119624Z /usr/bin/tar: ../../../../../usr/local/lib/android/sdk/platforms/android-34-ext12/data/res/values-mcc001-mnc01-es: Cannot utime: Operation not permitted
build	Cache Android SDK	2026-06-06T12:22:42.5120572Z /usr/bin/tar: ../../../../../usr/local/lib/android/sdk/platforms/android-34-ext12/data/res/values-mcc001-mnc01-es: Cannot change mode to rwxr-xr-x: Operation not permitted
build	Cache Android SDK	2026-06-06T12:22:42.5122390Z /usr/bin/tar: ../../../../../usr/local/lib/android/sdk/platforms/android-34-ext12/data/res/values-mcc310-mnc270-el: Cannot utime: Operation not permitted
build	Cache Android SDK	2026-06-06T12:22:42.5123341Z /usr/bin/tar: ../../../../../usr/local/lib/android/sdk/platforms/android-34-ext12/data/res/values-mcc310-mnc270-el: Cannot change mode to rwxr-xr-x: Operation not permitted
build	Cache Android SDK	2026-06-06T12:22:42.5125717Z /usr/bin/tar: ../../../../../usr/local/lib/android/sdk/platforms/android-34-ext12/data/res/values-mcc310-mnc410-en-rIN: Cannot utime: Operation not permitted
build	Cache Android SDK	2026-06-06T12:22:42.5126918Z /usr/bin/tar: ../../../../../usr/local/lib/android/sdk/platforms/android-34-ext12/data/res/values-mcc310-mnc410-en-rIN: Cannot change mode to rwxr-xr-x: Operation not permitted
build	Cache Android SDK	2026-06-06T12:22:42.5128719Z /usr/bin/tar: ../../../../../usr/local/lib/android/sdk/platforms/android-34-ext12/data/res/values-mcc311-mnc180-tl: Cannot utime: Operation not permitted
build	Cache Android SDK	2026-06-06T12:22:42.5129726Z /usr/bin/tar: ../../../../../usr/local/lib/android/sdk/platforms/android-34-ext12/data/res/values-mcc311-mnc180-tl: Cannot change mode to rwxr-xr-x: Operation not permitted
build	Cache Android SDK	2026-06-06T12:22:42.5132142Z /usr/bin/tar: ../../../../../usr/local/lib/android/sdk/platforms/android-34-ext12/data/res/values-mcc310-mnc210-en-rIN: Cannot utime: Operation not permitted
build	Cache Android SDK	2026-06-06T12:22:42.5133210Z /usr/bin/tar: ../../../../../usr/local/lib/android/sdk/platforms/android-34-ext12/data/res/values-mcc310-mnc210-en-rIN: Cannot change mode to rwxr-xr-x: Operation not permitted
build	Cache Android SDK	2026-06-06T12:22:42.5135598Z /usr/bin/tar: ../../../../../usr/local/lib/android/sdk/platforms/android-34-ext12/data/res/values-mcc312-mnc670-kn: Cannot utime: Operation not permitted
build	Cache Android SDK	2026-06-06T12:22:42.5136605Z /usr/bin/tar: ../../../../../usr/local/lib/android/sdk/platforms/android-34-ext12/data/res/values-mcc312-mnc670-kn: Cannot change mode to rwxr-xr-x: Operation not permitted
build	Cache Android SDK	2026-06-06T12:22:42.5139109Z /usr/bin/tar: ../../../../../usr/local/lib/android/sdk/platforms/android-34-ext12/data/res/values-ro-television: Cannot utime: Operation not permitted
build	Cache Android SDK	2026-06-06T12:22:42.5140177Z /usr/bin/tar: ../../../../../usr/local/lib/android/sdk/platforms/android-34-ext12/data/res/values-ro-television: Cannot change mode to rwxr-xr-x: Operation not permitted
build	Cache Android SDK	2026-06-06T12:22:42.5142253Z /usr/bin/tar: ../../../../../usr/local/lib/android/sdk/platforms/android-34-ext12/data/res/values-mcc310-mnc210-pt-rPT: Cannot utime: Operation not permitted
build	Cache Android SDK	2026-06-06T12:22:42.5143249Z /usr/bin/tar: ../../../../../usr/local/lib/android/sdk/platforms/android-34-ext12/data/res/values-mcc310-mnc210-pt-rPT: Cannot change mode to rwxr-xr-x: Operation not permitted
build	Cache Android SDK	2026-06-06T12:22:42.5145721Z /usr/bin/tar: ../../../../../usr/local/lib/android/sdk/platforms/android-34-ext12/data/res/values-vi-rVN: Cannot utime: Operation not permitted
build	Cache Android SDK	2026-06-06T12:22:42.5146622Z /usr/bin/tar: ../../../../../usr/local/lib/android/sdk/platforms/android-34-ext12/data/res/values-vi-rVN: Cannot change mode to rwxr-xr-x: Operation not permitted
build	Cache Android SDK	2026-06-06T12:22:42.5149082Z /usr/bin/tar: ../../../../../usr/local/lib/android/sdk/platforms/android-34-ext12/data/res/values-mcc302-mnc720-el: Cannot utime: Operation not permitted
build	Cache Android SDK	2026-06-06T12:22:42.5150037Z /usr/bin/tar: ../../../../../usr/local/lib/android/sdk/platforms/android-34-ext12/data/res/values-mcc302-mnc720-el: Cannot change mode to rwxr-xr-x: Operation not permitted
build	Cache Android SDK	2026-06-06T12:22:42.5152295Z /usr/bin/tar: ../../../../../usr/local/lib/android/sdk/platforms/android-34-ext12/data/res/values-mcc310-mnc270-sw: Cannot utime: Operation not permitted
build	Cache Android SDK	2026-06-06T12:22:42.5153245Z /usr/bin/tar: ../../../../../usr/local/lib/android/sdk/platforms/android-34-ext12/data/res/values-mcc310-mnc270-sw: Cannot change mode to rwxr-xr-x: Operation not permitted
build	Cache Android SDK	2026-06-06T12:22:42.5159470Z /usr/bin/tar: ../../../../../usr/local/lib/android/sdk/platforms/android-34-ext12/data/res/values-pt-rPT: Cannot utime: Operation not permitted
build	Cache Android SDK	2026-06-06T12:22:42.5160396Z /usr/bin/tar: ../../../../../usr/local/lib/android/sdk/platforms/android-34-ext12/data/res/values-pt-rPT: Cannot change mode to rwxr-xr-x: Operation not permitted
build	Cache Android SDK	2026-06-06T12:22:42.5162316Z /usr/bin/tar: ../../../../../usr/local/lib/android/sdk/platforms/android-34-ext12/data/res/values-mcc334-mnc020-sv: Cannot utime: Operation not permitted
build	Cache Android SDK	2026-06-06T12:22:42.5163289Z /usr/bin/tar: ../../../../../usr/local/lib/android/sdk/platforms/android-34-ext12/data/res/values-mcc334-mnc020-sv: Cannot change mode to rwxr-xr-x: Operation not permitted
build	Cache Android SDK	2026-06-06T12:22:42.5165732Z /usr/bin/tar: ../../../../../usr/local/lib/android/sdk/platforms/android-34-ext12/data/res/values-mcc530-mnc05: Cannot utime: Operation not permitted
build	Cache Android SDK	2026-06-06T12:22:42.5166660Z /usr/bin/tar: ../../../../../usr/local/lib/android/sdk/platforms/android-34-ext12/data/res/values-mcc530-mnc05: Cannot change mode to rwxr-xr-x: Operation not permitted
build	Cache Android SDK	2026-06-06T12:22:42.5169095Z /usr/bin/tar: ../../../../../usr/local/lib/android/sdk/platforms/android-34-ext12/data/res/values-mcc310-mnc030-uk: Cannot utime: Operation not permitted
build	Cache Android SDK	2026-06-06T12:22:42.5170057Z /usr/bin/tar: ../../../../../usr/local/lib/android/sdk/platforms/android-34-ext12/data/res/values-mcc310-mnc030-uk: Cannot change mode to rwxr-xr-x: Operation not permitted
build	Cache Android SDK	2026-06-06T12:22:42.5171889Z /usr/bin/tar: ../../../../../usr/local/lib/android/sdk/platforms/android-34-ext12/data/res/values-mcc310-mnc030-hy: Cannot utime: Operation not permitted
build	Cache Android SDK	2026-06-06T12:22:42.5172844Z /usr/bin/tar: ../../../../../usr/local/lib/android/sdk/platforms/android-34-ext12/data/res/values-mcc310-mnc030-hy: Cannot change mode to rwxr-xr-x: Operation not permitted
build	Cache Android SDK	2026-06-06T12:22:42.5174870Z /usr/bin/tar: ../../../../../usr/local/lib/android/sdk/platforms/android-34-ext12/data/res/values-mcc310-mnc950-kk: Cannot utime: Operation not permitted
build	Cache Android SDK	2026-06-06T12:22:42.5175809Z /usr/bin/tar: ../../../../../usr/local/lib/android/sdk/platforms/android-34-ext12/data/res/values-mcc310-mnc950-kk: Cannot change mode to rwxr-xr-x: Operation not permitted
build	Cache Android SDK	2026-06-06T12:22:42.5178231Z /usr/bin/tar: ../../../../../usr/local/lib/android/sdk/platforms/android-34-ext12/data/res/values-mcc310-mnc170-ne: Cannot utime: Operation not permitted
build	Cache Android SDK	2026-06-06T12:22:42.5179424Z /usr/bin/tar: ../../../../../usr/local/lib/android/sdk/platforms/android-34-ext12/data/res/values-mcc310-mnc170-ne: Cannot change mode to rwxr-xr-x: Operation not permitted
build	Cache Android SDK	2026-06-06T12:22:42.5181349Z /usr/bin/tar: ../../../../../usr/local/lib/android/sdk/platforms/android-34-ext12/data/res/values-mcc310-mnc150-lt: Cannot utime: Operation not permitted
build	Cache Android SDK	2026-06-06T12:22:42.5182290Z /usr/bin/tar: ../../../../../usr/local/lib/android/sdk/platforms/android-34-ext12/data/res/values-mcc310-mnc150-lt: Cannot change mode to rwxr-xr-x: Operation not permitted
build	Cache Android SDK	2026-06-06T12:22:42.5184789Z /usr/bin/tar: ../../../../../usr/local/lib/android/sdk/platforms/android-34-ext12/data/res/values-mcc310-mnc240-iw: Cannot utime: Operation not permitted
build	Cache Android SDK	2026-06-06T12:22:42.5185944Z /usr/bin/tar: ../../../../../usr/local/lib/android/sdk/platforms/android-34-ext12/data/res/values-mcc310-mnc240-iw: Cannot change mode to rwxr-xr-x: Operation not permitted
build	Cache Android SDK	2026-06-06T12:22:42.5188335Z /usr/bin/tar: ../../../../../usr/local/lib/android/sdk/platforms/android-34-ext12/data/res/values-mcc310-mnc240-sr: Cannot utime: Operation not permitted
build	Cache Android SDK	2026-06-06T12:22:42.5189354Z /usr/bin/tar: ../../../../../usr/local/lib/android/sdk/platforms/android-34-ext12/data/res/values-mcc310-mnc240-sr: Cannot change mode to rwxr-xr-x: Operation not permitted
build	Cache Android SDK	2026-06-06T12:22:42.5191719Z /usr/bin/tar: ../../../../../usr/local/lib/android/sdk/platforms/android-34-ext12/data/res/values-w240dp: Cannot utime: Operation not permitted
build	Cache Android SDK	2026-06-06T12:22:42.5192617Z /usr/bin/tar: ../../../../../usr/local/lib/android/sdk/platforms/android-34-ext12/data/res/values-w240dp: Cannot change mode to rwxr-xr-x: Operation not permitted
build	Cache Android SDK	2026-06-06T12:22:42.5194754Z /usr/bin/tar: ../../../../../usr/local/lib/android/sdk/platforms/android-34-ext12/data/res/values-mcc310-mnc240-zh-rCN: Cannot utime: Operation not permitted
build	Cache Android SDK	2026-06-06T12:22:42.5195738Z /usr/bin/tar: ../../../../../usr/local/lib/android/sdk/platforms/android-34-ext12/data/res/values-mcc310-mnc240-zh-rCN: Cannot change mode to rwxr-xr-x: Operation not permitted
build	Cache Android SDK	2026-06-06T12:22:42.5198539Z /usr/bin/tar: ../../../../../usr/local/lib/android/sdk/platforms/android-34-ext12/data/res/values-mcc310-mnc380-tr: Cannot utime: Operation not permitted
build	Cache Android SDK	2026-06-06T12:22:42.5199538Z /usr/bin/tar: ../../../../../usr/local/lib/android/sdk/platforms/android-34-ext12/data/res/values-mcc310-mnc380-tr: Cannot change mode to rwxr-xr-x: Operation not permitted
build	Cache Android SDK	2026-06-06T12:22:42.5201768Z /usr/bin/tar: ../../../../../usr/local/lib/android/sdk/platforms/android-34-ext12/data/res/values-mcc310-mnc250-nb: Cannot utime: Operation not permitted
build	Cache Android SDK	2026-06-06T12:22:42.5202705Z /usr/bin/tar: ../../../../../usr/local/lib/android/sdk/platforms/android-34-ext12/data/res/values-mcc310-mnc250-nb: Cannot change mode to rwxr-xr-x: Operation not permitted
build	Cache Android SDK	2026-06-06T12:22:42.5204944Z /usr/bin/tar: ../../../../../usr/local/lib/android/sdk/platforms/android-34-ext12/data/res/drawable-en-ldpi: Cannot utime: Operation not permitted
build	Cache Android SDK	2026-06-06T12:22:42.5205868Z /usr/bin/tar: ../../../../../usr/local/lib/android/sdk/platforms/android-34-ext12/data/res/drawable-en-ldpi: Cannot change mode to rwxr-xr-x: Operation not permitted
build	Cache Android SDK	2026-06-06T12:22:42.5208233Z /usr/bin/tar: ../../../../../usr/local/lib/android/sdk/platforms/android-34-ext12/data/res/values-mcc334-mnc020-gl: Cannot utime: Operation not permitted
build	Cache Android SDK	2026-06-06T12:22:42.5209187Z /usr/bin/tar: ../../../../../usr/local/lib/android/sdk/platforms/android-34-ext12/data/res/values-mcc334-mnc020-gl: Cannot change mode to rwxr-xr-x: Operation not permitted
build	Cache Android SDK	2026-06-06T12:22:42.5211595Z /usr/bin/tar: ../../../../../usr/local/lib/android/sdk/platforms/android-34-ext12/data/res/values-mcc310-mnc170-fr: Cannot utime: Operation not permitted
build	Cache Android SDK	2026-06-06T12:22:42.5212543Z /usr/bin/tar: ../../../../../usr/local/lib/android/sdk/platforms/android-34-ext12/data/res/values-mcc310-mnc170-fr: Cannot change mode to rwxr-xr-x: Operation not permitted
build	Cache Android SDK	2026-06-06T12:22:42.5214681Z /usr/bin/tar: ../../../../../usr/local/lib/android/sdk/platforms/android-34-ext12/data/res/values-mcc310-mnc280-eu: Cannot utime: Operation not permitted
build	Cache Android SDK	2026-06-06T12:22:42.5215626Z /usr/bin/tar: ../../../../../usr/local/lib/android/sdk/platforms/android-34-ext12/data/res/values-mcc310-mnc280-eu: Cannot change mode to rwxr-xr-x: Operation not permitted
build	Cache Android SDK	2026-06-06T12:22:42.5220092Z /usr/bin/tar: ../../../../../usr/local/lib/android/sdk/platforms/android-34-ext12/data/res/values-mcc310-mnc270-si: Cannot utime: Operation not permitted
build	Cache Android SDK	2026-06-06T12:22:42.5221038Z /usr/bin/tar: ../../../../../usr/local/lib/android/sdk/platforms/android-34-ext12/data/res/values-mcc310-mnc270-si: Cannot change mode to rwxr-xr-x: Operation not permitted
build	Cache Android SDK	2026-06-06T12:22:42.5222930Z /usr/bin/tar: ../../../../../usr/local/lib/android/sdk/platforms/android-34-ext12/data/res/values-mcc310-mnc380-my: Cannot utime: Operation not permitted
build	Cache Android SDK	2026-06-06T12:22:42.5223999Z /usr/bin/tar: ../../../../../usr/local/lib/android/sdk/platforms/android-34-ext12/data/res/values-mcc310-mnc380-my: Cannot change mode to rwxr-xr-x: Operation not permitted
build	Cache Android SDK	2026-06-06T12:22:42.5226320Z /usr/bin/tar: ../../../../../usr/local/lib/android/sdk/platforms/android-34-ext12/data/res/values-mcc311-mnc180-fi: Cannot utime: Operation not permitted
build	Cache Android SDK	2026-06-06T12:22:42.5227280Z /usr/bin/tar: ../../../../../usr/local/lib/android/sdk/platforms/android-34-ext12/data/res/values-mcc311-mnc180-fi: Cannot change mode to rwxr-xr-x: Operation not permitted
build	Cache Android SDK	2026-06-06T12:22:42.5230012Z /usr/bin/tar: ../../../../../usr/local/lib/android/sdk/platforms/android-34-ext12/data/res/values-mcc310-mnc150-el: Cannot utime: Operation not permitted
build	Cache Android SDK	2026-06-06T12:22:42.5230970Z /usr/bin/tar: ../../../../../usr/local/lib/android/sdk/platforms/android-34-ext12/data/res/values-mcc310-mnc150-el: Cannot change mode to rwxr-xr-x: Operation not permitted
build	Cache Android SDK	2026-06-06T12:22:42.5233306Z /usr/bin/tar: ../../../../../usr/local/lib/android/sdk/platforms/android-34-ext12/data/res/values-ldrtl-television: Cannot utime: Operation not permitted
build	Cache Android SDK	2026-06-06T12:22:42.5234279Z /usr/bin/tar: ../../../../../usr/local/lib/android/sdk/platforms/android-34-ext12/data/res/values-ldrtl-television: Cannot change mode to rwxr-xr-x: Operation not permitted
build	Cache Android SDK	2026-06-06T12:22:42.5237004Z /usr/bin/tar: ../../../../../usr/local/lib/android/sdk/platforms/android-34-ext12/data/res/values-nb-watch: Cannot utime: Operation not permitted
build	Cache Android SDK	2026-06-06T12:22:42.5238159Z /usr/bin/tar: ../../../../../usr/local/lib/android/sdk/platforms/android-34-ext12/data/res/values-nb-watch: Cannot change mode to rwxr-xr-x: Operation not permitted
build	Cache Android SDK	2026-06-06T12:22:42.5239811Z /usr/bin/tar: ../../../../../usr/local/lib/android/sdk/platforms/android-34-ext12/data/res/values-mcc310-mnc490: Cannot utime: Operation not permitted
build	Cache Android SDK	2026-06-06T12:22:42.5240762Z /usr/bin/tar: ../../../../../usr/local/lib/android/sdk/platforms/android-34-ext12/data/res/values-mcc310-mnc490: Cannot change mode to rwxr-xr-x: Operation not permitted
build	Cache Android SDK	2026-06-06T12:22:42.5242856Z /usr/bin/tar: ../../../../../usr/local/lib/android/sdk/platforms/android-34-ext12/data/res/values-mcc310-mnc230-gu: Cannot utime: Operation not permitted
build	Cache Android SDK	2026-06-06T12:22:42.5243982Z /usr/bin/tar: ../../../../../usr/local/lib/android/sdk/platforms/android-34-ext12/data/res/values-mcc310-mnc230-gu: Cannot change mode to rwxr-xr-x: Operation not permitted
build	Cache Android SDK	2026-06-06T12:22:42.5245917Z /usr/bin/tar: ../../../../../usr/local/lib/android/sdk/platforms/android-34-ext12/data/res/values-mcc310-mnc230-lv: Cannot utime: Operation not permitted
build	Cache Android SDK	2026-06-06T12:22:42.5246889Z /usr/bin/tar: ../../../../../usr/local/lib/android/sdk/platforms/android-34-ext12/data/res/values-mcc310-mnc230-lv: Cannot change mode to rwxr-xr-x: Operation not permitted
build	Cache Android SDK	2026-06-06T12:22:42.5249213Z /usr/bin/tar: ../../../../../usr/local/lib/android/sdk/platforms/android-34-ext12/data/res/values-mcc310-mnc410-bs: Cannot utime: Operation not permitted
build	Cache Android SDK	2026-06-06T12:22:42.5252635Z /usr/bin/tar: ../../../../../usr/local/lib/android/sdk/platforms/android-34-ext12/data/res/values-mcc310-mnc410-bs: Cannot change mode to rwxr-xr-x: Operation not permitted
build	Cache Android SDK	2026-06-06T12:22:42.5253756Z /usr/bin/tar: ../../../../../usr/local/lib/android/sdk/platforms/android-34-ext12/data/res/values-mcc302-mnc370-pt: Cannot utime: Operation not permitted
build	Cache Android SDK	2026-06-06T12:22:42.5254697Z /usr/bin/tar: ../../../../../usr/local/lib/android/sdk/platforms/android-34-ext12/data/res/values-mcc302-mnc370-pt: Cannot change mode to rwxr-xr-x: Operation not permitted
build	Cache Android SDK	2026-06-06T12:22:42.5256403Z /usr/bin/tar: ../../../../../usr/local/lib/android/sdk/platforms/android-34-ext12/data/res/raw-ja: Cannot utime: Operation not permitted
build	Cache Android SDK	2026-06-06T12:22:42.5257253Z /usr/bin/tar: ../../../../../usr/local/lib/android/sdk/platforms/android-34-ext12/data/res/raw-ja: Cannot change mode to rwxr-xr-x: Operation not permitted
build	Cache Android SDK	2026-06-06T12:22:42.5259445Z /usr/bin/tar: ../../../../../usr/local/lib/android/sdk/platforms/android-34-ext12/data/res/values-mcc310-mnc270-ne: Cannot utime: Operation not permitted
build	Cache Android SDK	2026-06-06T12:22:42.5260410Z /usr/bin/tar: ../../../../../usr/local/lib/android/sdk/platforms/android-34-ext12/data/res/values-mcc310-mnc270-ne: Cannot change mode to rwxr-xr-x: Operation not permitted
build	Cache Android SDK	2026-06-06T12:22:42.5263086Z /usr/bin/tar: ../../../../../usr/local/lib/android/sdk/platforms/android-34-ext12/data/res/values-mcc310-mnc150-sl: Cannot utime: Operation not permitted
build	Cache Android SDK	2026-06-06T12:22:42.5264053Z /usr/bin/tar: ../../../../../usr/local/lib/android/sdk/platforms/android-34-ext12/data/res/values-mcc310-mnc150-sl: Cannot change mode to rwxr-xr-x: Operation not permitted
build	Cache Android SDK	2026-06-06T12:22:42.5265755Z /usr/bin/tar: ../../../../../usr/local/lib/android/sdk/platforms/android-34-ext12/data/res/values-mcc310-mnc380-de: Cannot utime: Operation not permitted
build	Cache Android SDK	2026-06-06T12:22:42.5266701Z /usr/bin/tar: ../../../../../usr/local/lib/android/sdk/platforms/android-34-ext12/data/res/values-mcc310-mnc380-de: Cannot change mode to rwxr-xr-x: Operation not permitted
build	Cache Android SDK	2026-06-06T12:22:42.5269003Z /usr/bin/tar: ../../../../../usr/local/lib/android/sdk/platforms/android-34-ext12/data/res/values-mcc310-mnc950-hu: Cannot utime: Operation not permitted
build	Cache Android SDK	2026-06-06T12:22:42.5269951Z /usr/bin/tar: ../../../../../usr/local/lib/android/sdk/platforms/android-34-ext12/data/res/values-mcc310-mnc950-hu: Cannot change mode to rwxr-xr-x: Operation not permitted
build	Cache Android SDK	2026-06-06T12:22:42.5271837Z /usr/bin/tar: ../../../../../usr/local/lib/android/sdk/platforms/android-34-ext12/data/res/values-mcc310-mnc230-pa: Cannot utime: Operation not permitted
build	Cache Android SDK	2026-06-06T12:22:42.5272785Z /usr/bin/tar: ../../../../../usr/local/lib/android/sdk/platforms/android-34-ext12/data/res/values-mcc310-mnc230-pa: Cannot change mode to rwxr-xr-x: Operation not permitted
build	Cache Android SDK	2026-06-06T12:22:42.5275053Z /usr/bin/tar: ../../../../../usr/local/lib/android/sdk/platforms/android-34-ext12/data/res/values-w320dp: Cannot utime: Operation not permitted
build	Cache Android SDK	2026-06-06T12:22:42.5275956Z /usr/bin/tar: ../../../../../usr/local/lib/android/sdk/platforms/android-34-ext12/data/res/values-w320dp: Cannot change mode to rwxr-xr-x: Operation not permitted
build	Cache Android SDK	2026-06-06T12:22:42.5278437Z /usr/bin/tar: ../../../../../usr/local/lib/android/sdk/platforms/android-34-ext12/data/res/values-mcc310-mnc270-kk: Cannot utime: Operation not permitted
build	Cache Android SDK	2026-06-06T12:22:42.5279399Z /usr/bin/tar: ../../../../../usr/local/lib/android/sdk/platforms/android-34-ext12/data/res/values-mcc310-mnc270-kk: Cannot change mode to rwxr-xr-x: Operation not permitted
build	Cache Android SDK	2026-06-06T12:22:42.5281609Z /usr/bin/tar: ../../../../../usr/local/lib/android/sdk/platforms/android-34-ext12/data/res/values-mcc313-mnc100-nb: Cannot utime: Operation not permitted
build	Cache Android SDK	2026-06-06T12:22:42.5282554Z /usr/bin/tar: ../../../../../usr/local/lib/android/sdk/platforms/android-34-ext12/data/res/values-mcc313-mnc100-nb: Cannot change mode to rwxr-xr-x: Operation not permitted
build	Cache Android SDK	2026-06-06T12:22:42.5285047Z /usr/bin/tar: ../../../../../usr/local/lib/android/sdk/platforms/android-34-ext12/data/res/values-mcc310-mnc250-ky: Cannot utime: Operation not permitted
build	Cache Android SDK	2026-06-06T12:22:42.5286153Z /usr/bin/tar: ../../../../../usr/local/lib/android/sdk/platforms/android-34-ext12/data/res/values-mcc310-mnc250-ky: Cannot change mode to rwxr-xr-x: Operation not permitted
build	Cache Android SDK	2026-06-06T12:22:42.5288128Z /usr/bin/tar: ../../../../../usr/local/lib/android/sdk/platforms/android-34-ext12/data/res/values-mcc310-mnc800-gu: Cannot utime: Operation not permitted
build	Cache Android SDK	2026-06-06T12:22:42.5289082Z /usr/bin/tar: ../../../../../usr/local/lib/android/sdk/platforms/android-34-ext12/data/res/values-mcc310-mnc800-gu: Cannot change mode to rwxr-xr-x: Operation not permitted
build	Cache Android SDK	2026-06-06T12:22:42.5291684Z /usr/bin/tar: ../../../../../usr/local/lib/android/sdk/platforms/android-34-ext12/data/res/values-mcc310-mnc200-sv: Cannot utime: Operation not permitted
build	Cache Android SDK	2026-06-06T12:22:42.5293632Z /usr/bin/tar: ../../../../../usr/local/lib/android/sdk/platforms/android-34-ext12/data/res/values-mcc310-mnc200-sv: Cannot change mode to rwxr-xr-x: Operation not permitted
build	Cache Android SDK	2026-06-06T12:22:42.5295073Z /usr/bin/tar: ../../../../../usr/local/lib/android/sdk/platforms/android-34-ext12/data/res/values-mcc334-mnc020-en-rGB: Cannot utime: Operation not permitted
build	Cache Android SDK	2026-06-06T12:22:42.5296067Z /usr/bin/tar: ../../../../../usr/local/lib/android/sdk/platforms/android-34-ext12/data/res/values-mcc334-mnc020-en-rGB: Cannot change mode to rwxr-xr-x: Operation not permitted
build	Cache Android SDK	2026-06-06T12:22:42.5298091Z /usr/bin/tar: ../../../../../usr/local/lib/android/sdk/platforms/android-34-ext12/data/res/values-mcc302-mnc720-en-rIN: Cannot utime: Operation not permitted
build	Cache Android SDK	2026-06-06T12:22:42.5299061Z /usr/bin/tar: ../../../../../usr/local/lib/android/sdk/platforms/android-34-ext12/data/res/values-mcc302-mnc720-en-rIN: Cannot change mode to rwxr-xr-x: Operation not permitted
build	Cache Android SDK	2026-06-06T12:22:42.5301590Z /usr/bin/tar: ../../../../../usr/local/lib/android/sdk/platforms/android-34-ext12/data/res/xml-en: Cannot utime: Operation not permitted
build	Cache Android SDK	2026-06-06T12:22:42.5302441Z /usr/bin/tar: ../../../../../usr/local/lib/android/sdk/platforms/android-34-ext12/data/res/xml-en: Cannot change mode to rwxr-xr-x: Operation not permitted
build	Cache Android SDK	2026-06-06T12:22:42.5304644Z /usr/bin/tar: ../../../../../usr/local/lib/android/sdk/platforms/android-34-ext12/data/res/values-mcc310-mnc950-es-rUS: Cannot utime: Operation not permitted
build	Cache Android SDK	2026-06-06T12:22:42.5305621Z /usr/bin/tar: ../../../../../usr/local/lib/android/sdk/platforms/android-34-ext12/data/res/values-mcc310-mnc950-es-rUS: Cannot change mode to rwxr-xr-x: Operation not permitted
build	Cache Android SDK	2026-06-06T12:22:42.5307936Z /usr/bin/tar: ../../../../../usr/local/lib/android/sdk/platforms/android-34-ext12/data/res/values-mcc310-mnc950-tr: Cannot utime: Operation not permitted
build	Cache Android SDK	2026-06-06T12:22:42.5308895Z /usr/bin/tar: ../../../../../usr/local/lib/android/sdk/platforms/android-34-ext12/data/res/values-mcc310-mnc950-tr: Cannot change mode to rwxr-xr-x: Operation not permitted
build	Cache Android SDK	2026-06-06T12:22:42.5311213Z /usr/bin/tar: ../../../../../usr/local/lib/android/sdk/platforms/android-34-ext12/data/res/values-mcc310-mnc200-de: Cannot utime: Operation not permitted
build	Cache Android SDK	2026-06-06T12:22:42.5312169Z /usr/bin/tar: ../../../../../usr/local/lib/android/sdk/platforms/android-34-ext12/data/res/values-mcc310-mnc200-de: Cannot change mode to rwxr-xr-x: Operation not permitted
build	Cache Android SDK	2026-06-06T12:22:42.5314825Z /usr/bin/tar: ../../../../../usr/local/lib/android/sdk/platforms/android-34-ext12/data/res/values-is-watch: Cannot utime: Operation not permitted
build	Cache Android SDK	2026-06-06T12:22:42.5315740Z /usr/bin/tar: ../../../../../usr/local/lib/android/sdk/platforms/android-34-ext12/data/res/values-is-watch: Cannot change mode to rwxr-xr-x: Operation not permitted
build	Cache Android SDK	2026-06-06T12:22:42.5317808Z /usr/bin/tar: ../../../../../usr/local/lib/android/sdk/platforms/android-34-ext12/data/res/values-mcc310-mnc660-lo: Cannot utime: Operation not permitted
build	Cache Android SDK	2026-06-06T12:22:42.5318758Z /usr/bin/tar: ../../../../../usr/local/lib/android/sdk/platforms/android-34-ext12/data/res/values-mcc310-mnc660-lo: Cannot change mode to rwxr-xr-x: Operation not permitted
build	Cache Android SDK	2026-06-06T12:22:42.5320668Z /usr/bin/tar: ../../../../../usr/local/lib/android/sdk/platforms/android-34-ext12/data/res/values-mcc310-mnc380-or: Cannot utime: Operation not permitted
build	Cache Android SDK	2026-06-06T12:22:42.5321768Z /usr/bin/tar: ../../../../../usr/local/lib/android/sdk/platforms/android-34-ext12/data/res/values-mcc310-mnc380-or: Cannot change mode to rwxr-xr-x: Operation not permitted
build	Cache Android SDK	2026-06-06T12:22:42.5324010Z /usr/bin/tar: ../../../../../usr/local/lib/android/sdk/platforms/android-34-ext12/data/res/values-mcc334-mnc020-ky: Cannot utime: Operation not permitted
build	Cache Android SDK	2026-06-06T12:22:42.5324954Z /usr/bin/tar: ../../../../../usr/local/lib/android/sdk/platforms/android-34-ext12/data/res/values-mcc334-mnc020-ky: Cannot change mode to rwxr-xr-x: Operation not permitted
build	Cache Android SDK	2026-06-06T12:22:42.5327250Z /usr/bin/tar: ../../../../../usr/local/lib/android/sdk/platforms/android-34-ext12/data/res/values-mcc334-mnc020-pt-rPT: Cannot utime: Operation not permitted
build	Cache Android SDK	2026-06-06T12:22:42.5328428Z /usr/bin/tar: ../../../../../usr/local/lib/android/sdk/platforms/android-34-ext12/data/res/values-mcc334-mnc020-pt-rPT: Cannot change mode to rwxr-xr-x: Operation not permitted
build	Cache Android SDK	2026-06-06T12:22:42.5330211Z /usr/bin/tar: ../../../../../usr/local/lib/android/sdk/platforms/android-34-ext12/data/res/values-mcc310-mnc250-en-rIN: Cannot utime: Operation not permitted
build	Cache Android SDK	2026-06-06T12:22:42.5331182Z /usr/bin/tar: ../../../../../usr/local/lib/android/sdk/platforms/android-34-ext12/data/res/values-mcc310-mnc250-en-rIN: Cannot change mode to rwxr-xr-x: Operation not permitted
build	Cache Android SDK	2026-06-06T12:22:42.5333161Z /usr/bin/tar: ../../../../../usr/local/lib/android/sdk/platforms/android-34-ext12/data/res/values-mcc466-mnc03: Cannot utime: Operation not permitted
build	Cache Android SDK	2026-06-06T12:22:42.5334096Z /usr/bin/tar: ../../../../../usr/local/lib/android/sdk/platforms/android-34-ext12/data/res/values-mcc466-mnc03: Cannot change mode to rwxr-xr-x: Operation not permitted
build	Cache Android SDK	2026-06-06T12:22:42.5336055Z /usr/bin/tar: ../../../../../usr/local/lib/android/sdk/platforms/android-34-ext12/data/res/values-mcc310-mnc200-fr-rCA: Cannot utime: Operation not permitted
build	Cache Android SDK	2026-06-06T12:22:42.5337043Z /usr/bin/tar: ../../../../../usr/local/lib/android/sdk/platforms/android-34-ext12/data/res/values-mcc310-mnc200-fr-rCA: Cannot change mode to rwxr-xr-x: Operation not permitted
build	Cache Android SDK	2026-06-06T12:22:42.5339206Z /usr/bin/tar: ../../../../../usr/local/lib/android/sdk/platforms/android-34-ext12/data/res/values-mcc340-mnc01: Cannot utime: Operation not permitted
build	Cache Android SDK	2026-06-06T12:22:42.5340128Z /usr/bin/tar: ../../../../../usr/local/lib/android/sdk/platforms/android-34-ext12/data/res/values-mcc340-mnc01: Cannot change mode to rwxr-xr-x: Operation not permitted
build	Cache Android SDK	2026-06-06T12:22:42.5342462Z /usr/bin/tar: ../../../../../usr/local/lib/android/sdk/platforms/android-34-ext12/data/res/values-mcc310-mnc240-kn: Cannot utime: Operation not permitted
build	Cache Android SDK	2026-06-06T12:22:42.5343410Z /usr/bin/tar: ../../../../../usr/local/lib/android/sdk/platforms/android-34-ext12/data/res/values-mcc310-mnc240-kn: Cannot change mode to rwxr-xr-x: Operation not permitted
build	Cache Android SDK	2026-06-06T12:22:42.5348203Z /usr/bin/tar: ../../../../../usr/local/lib/android/sdk/platforms/android-34-ext12/data/res/values-land: Cannot utime: Operation not permitted
build	Cache Android SDK	2026-06-06T12:22:42.5349100Z /usr/bin/tar: ../../../../../usr/local/lib/android/sdk/platforms/android-34-ext12/data/res/values-land: Cannot change mode to rwxr-xr-x: Operation not permitted
build	Cache Android SDK	2026-06-06T12:22:42.5351328Z /usr/bin/tar: ../../../../../usr/local/lib/android/sdk/platforms/android-34-ext12/data/res/values-mcc302-mnc370-ka: Cannot utime: Operation not permitted
build	Cache Android SDK	2026-06-06T12:22:42.5352274Z /usr/bin/tar: ../../../../../usr/local/lib/android/sdk/platforms/android-34-ext12/data/res/values-mcc302-mnc370-ka: Cannot change mode to rwxr-xr-x: Operation not permitted
build	Cache Android SDK	2026-06-06T12:22:42.5354433Z /usr/bin/tar: ../../../../../usr/local/lib/android/sdk/platforms/android-34-ext12/data/res/values-mcc302-mnc720-sl: Cannot utime: Operation not permitted
build	Cache Android SDK	2026-06-06T12:22:42.5355386Z /usr/bin/tar: ../../../../../usr/local/lib/android/sdk/platforms/android-34-ext12/data/res/values-mcc302-mnc720-sl: Cannot change mode to rwxr-xr-x: Operation not permitted
build	Cache Android SDK	2026-06-06T12:22:42.5357761Z /usr/bin/tar: ../../../../../usr/local/lib/android/sdk/platforms/android-34-ext12/data/res/values-mcc310-mnc240-mr: Cannot utime: Operation not permitted
build	Cache Android SDK	2026-06-06T12:22:42.5358718Z /usr/bin/tar: ../../../../../usr/local/lib/android/sdk/platforms/android-34-ext12/data/res/values-mcc310-mnc240-mr: Cannot change mode to rwxr-xr-x: Operation not permitted
build	Cache Android SDK	2026-06-06T12:22:42.5360714Z /usr/bin/tar: ../../../../../usr/local/lib/android/sdk/platforms/android-34-ext12/data/res/values-mcc310-mnc560-fa: Cannot utime: Operation not permitted
build	Cache Android SDK	2026-06-06T12:22:42.5363787Z /usr/bin/tar: ../../../../../usr/local/lib/android/sdk/platforms/android-34-ext12/data/res/values-mcc310-mnc560-fa: Cannot change mode to rwxr-xr-x: Operation not permitted
build	Cache Android SDK	2026-06-06T12:22:42.5364845Z /usr/bin/tar: ../../../../../usr/local/lib/android/sdk/platforms/android-34-ext12/data/res/values-mcc312-mnc670-ro: Cannot utime: Operation not permitted
build	Cache Android SDK	2026-06-06T12:22:42.5365806Z /usr/bin/tar: ../../../../../usr/local/lib/android/sdk/platforms/android-34-ext12/data/res/values-mcc312-mnc670-ro: Cannot change mode to rwxr-xr-x: Operation not permitted
build	Cache Android SDK	2026-06-06T12:22:42.5367466Z /usr/bin/tar: ../../../../../usr/local/lib/android/sdk/platforms/android-34-ext12/data/res/values-mcc310-mnc250-cs: Cannot utime: Operation not permitted
build	Cache Android SDK	2026-06-06T12:22:42.5370113Z /usr/bin/tar: ../../../../../usr/local/lib/android/sdk/platforms/android-34-ext12/data/res/values-mcc310-mnc250-cs: Cannot change mode to rwxr-xr-x: Operation not permitted
build	Cache Android SDK	2026-06-06T12:22:42.5371072Z /usr/bin/tar: ../../../../../usr/local/lib/android/sdk/platforms/android-34-ext12/data/res/values-hu-rHU: Cannot utime: Operation not permitted
build	Cache Android SDK	2026-06-06T12:22:42.5371972Z /usr/bin/tar: ../../../../../usr/local/lib/android/sdk/platforms/android-34-ext12/data/res/values-hu-rHU: Cannot change mode to rwxr-xr-x: Operation not permitted
build	Cache Android SDK	2026-06-06T12:22:42.5373674Z /usr/bin/tar: ../../../../../usr/local/lib/android/sdk/platforms/android-34-ext12/data/res/values-mcc315: Cannot utime: Operation not permitted
build	Cache Android SDK	2026-06-06T12:22:42.5374585Z /usr/bin/tar: ../../../../../usr/local/lib/android/sdk/platforms/android-34-ext12/data/res/values-mcc315: Cannot change mode to rwxr-xr-x: Operation not permitted
build	Cache Android SDK	2026-06-06T12:22:42.5376528Z /usr/bin/tar: ../../../../../usr/local/lib/android/sdk/platforms/android-34-ext12/data/res/values-mcc310-mnc660-gl: Cannot utime: Operation not permitted
build	Cache Android SDK	2026-06-06T12:22:42.5377587Z /usr/bin/tar: ../../../../../usr/local/lib/android/sdk/platforms/android-34-ext12/data/res/values-mcc310-mnc660-gl: Cannot change mode to rwxr-xr-x: Operation not permitted
build	Cache Android SDK	2026-06-06T12:22:42.5379399Z /usr/bin/tar: ../../../../../usr/local/lib/android/sdk/platforms/android-34-ext12/data/res/values-mcc313-mnc100-de: Cannot utime: Operation not permitted
build	Cache Android SDK	2026-06-06T12:22:42.5380345Z /usr/bin/tar: ../../../../../usr/local/lib/android/sdk/platforms/android-34-ext12/data/res/values-mcc313-mnc100-de: Cannot change mode to rwxr-xr-x: Operation not permitted
build	Cache Android SDK	2026-06-06T12:22:42.5382576Z /usr/bin/tar: ../../../../../usr/local/lib/android/sdk/platforms/android-34-ext12/data/res/values-mcc311-mnc180-it: Cannot utime: Operation not permitted
build	Cache Android SDK	2026-06-06T12:22:42.5383521Z /usr/bin/tar: ../../../../../usr/local/lib/android/sdk/platforms/android-34-ext12/data/res/values-mcc311-mnc180-it: Cannot change mode to rwxr-xr-x: Operation not permitted
build	Cache Android SDK	2026-06-06T12:22:42.5385893Z /usr/bin/tar: ../../../../../usr/local/lib/android/sdk/platforms/android-34-ext12/data/res/values-mcc310-mnc150-ta: Cannot utime: Operation not permitted
build	Cache Android SDK	2026-06-06T12:22:42.5386848Z /usr/bin/tar: ../../../../../usr/local/lib/android/sdk/platforms/android-34-ext12/data/res/values-mcc310-mnc150-ta: Cannot change mode to rwxr-xr-x: Operation not permitted
build	Cache Android SDK	2026-06-06T12:22:42.5389234Z /usr/bin/tar: ../../../../../usr/local/lib/android/sdk/platforms/android-34-ext12/data/res/values-mcc334-mnc050: Cannot utime: Operation not permitted
build	Cache Android SDK	2026-06-06T12:22:42.5390172Z /usr/bin/tar: ../../../../../usr/local/lib/android/sdk/platforms/android-34-ext12/data/res/values-mcc334-mnc050: Cannot change mode to rwxr-xr-x: Operation not permitted
build	Cache Android SDK	2026-06-06T12:22:42.5392629Z /usr/bin/tar: ../../../../../usr/local/lib/android/sdk/platforms/android-34-ext12/data/res/values-mcc001-mnc01-gl: Cannot utime: Operation not permitted
build	Cache Android SDK	2026-06-06T12:22:42.5393613Z /usr/bin/tar: ../../../../../usr/local/lib/android/sdk/platforms/android-34-ext12/data/res/values-mcc001-mnc01-gl: Cannot change mode to rwxr-xr-x: Operation not permitted
build	Cache Android SDK	2026-06-06T12:22:42.5396178Z /usr/bin/tar: ../../../../../usr/local/lib/android/sdk/platforms/android-34-ext12/data/res/values-mcc310-mnc950-vi: Cannot utime: Operation not permitted
build	Cache Android SDK	2026-06-06T12:22:42.5397123Z /usr/bin/tar: ../../../../../usr/local/lib/android/sdk/platforms/android-34-ext12/data/res/values-mcc310-mnc950-vi: Cannot change mode to rwxr-xr-x: Operation not permitted
build	Cache Android SDK	2026-06-06T12:22:42.5399771Z /usr/bin/tar: ../../../../../usr/local/lib/android/sdk/platforms/android-34-ext12/data/res/values-mcc432-mnc20: Cannot utime: Operation not permitted
build	Cache Android SDK	2026-06-06T12:22:42.5400699Z /usr/bin/tar: ../../../../../usr/local/lib/android/sdk/platforms/android-34-ext12/data/res/values-mcc432-mnc20: Cannot change mode to rwxr-xr-x: Operation not permitted
build	Cache Android SDK	2026-06-06T12:22:42.5403019Z /usr/bin/tar: ../../../../../usr/local/lib/android/sdk/platforms/android-34-ext12/data/res/values-mcc310-mnc800-de: Cannot utime: Operation not permitted
build	Cache Android SDK	2026-06-06T12:22:42.5403963Z /usr/bin/tar: ../../../../../usr/local/lib/android/sdk/platforms/android-34-ext12/data/res/values-mcc310-mnc800-de: Cannot change mode to rwxr-xr-x: Operation not permitted
build	Cache Android SDK	2026-06-06T12:22:42.5406131Z /usr/bin/tar: ../../../../../usr/local/lib/android/sdk/platforms/android-34-ext12/data/res/values-mcc310-mnc660-sq: Cannot utime: Operation not permitted
build	Cache Android SDK	2026-06-06T12:22:42.5407083Z /usr/bin/tar: ../../../../../usr/local/lib/android/sdk/platforms/android-34-ext12/data/res/values-mcc310-mnc660-sq: Cannot change mode to rwxr-xr-x: Operation not permitted
build	Cache Android SDK	2026-06-06T12:22:42.5409269Z /usr/bin/tar: ../../../../../usr/local/lib/android/sdk/platforms/android-34-ext12/data/res/values-mcc302-mnc720-sv: Cannot utime: Operation not permitted
build	Cache Android SDK	2026-06-06T12:22:42.5410219Z /usr/bin/tar: ../../../../../usr/local/lib/android/sdk/platforms/android-34-ext12/data/res/values-mcc302-mnc720-sv: Cannot change mode to rwxr-xr-x: Operation not permitted
build	Cache Android SDK	2026-06-06T12:22:42.5412194Z /usr/bin/tar: ../../../../../usr/local/lib/android/sdk/platforms/android-34-ext12/data/res/values-mcc310-mnc560-nl: Cannot utime: Operation not permitted
build	Cache Android SDK	2026-06-06T12:22:42.5413128Z /usr/bin/tar: ../../../../../usr/local/lib/android/sdk/platforms/android-34-ext12/data/res/values-mcc310-mnc560-nl: Cannot change mode to rwxr-xr-x: Operation not permitted
build	Cache Android SDK	2026-06-06T12:22:42.5415527Z /usr/bin/tar: ../../../../../usr/local/lib/android/sdk/platforms/android-34-ext12/data/res/values-mcc334-mnc020-hr: Cannot utime: Operation not permitted
build	Cache Android SDK	2026-06-06T12:22:42.5416470Z /usr/bin/tar: ../../../../../usr/local/lib/android/sdk/platforms/android-34-ext12/data/res/values-mcc334-mnc020-hr: Cannot change mode to rwxr-xr-x: Operation not permitted
build	Cache Android SDK	2026-06-06T12:22:42.5418814Z /usr/bin/tar: ../../../../../usr/local/lib/android/sdk/platforms/android-34-ext12/data/res/values-mcc001-mnc01-am: Cannot utime: Operation not permitted
build	Cache Android SDK	2026-06-06T12:22:42.5419763Z /usr/bin/tar: ../../../../../usr/local/lib/android/sdk/platforms/android-34-ext12/data/res/values-mcc001-mnc01-am: Cannot change mode to rwxr-xr-x: Operation not permitted
build	Cache Android SDK	2026-06-06T12:22:42.5421768Z /usr/bin/tar: ../../../../../usr/local/lib/android/sdk/platforms/android-34-ext12/data/res/values-mcc310-mnc560-en-rXC: Cannot utime: Operation not permitted
build	Cache Android SDK	2026-06-06T12:22:42.5422759Z /usr/bin/tar: ../../../../../usr/local/lib/android/sdk/platforms/android-34-ext12/data/res/values-mcc310-mnc560-en-rXC: Cannot change mode to rwxr-xr-x: Operation not permitted
build	Cache Android SDK	2026-06-06T12:22:42.5424890Z /usr/bin/tar: ../../../../../usr/local/lib/android/sdk/platforms/android-34-ext12/data/res/values-mcc310-mnc240-ne: Cannot utime: Operation not permitted
build	Cache Android SDK	2026-06-06T12:22:42.5425979Z /usr/bin/tar: ../../../../../usr/local/lib/android/sdk/platforms/android-34-ext12/data/res/values-mcc310-mnc240-ne: Cannot change mode to rwxr-xr-x: Operation not permitted
build	Cache Android SDK	2026-06-06T12:22:42.5427963Z /usr/bin/tar: ../../../../../usr/local/lib/android/sdk/platforms/android-34-ext12/data/res/values-mcc310-mnc150-lv: Cannot utime: Operation not permitted
build	Cache Android SDK	2026-06-06T12:22:42.5428906Z /usr/bin/tar: ../../../../../usr/local/lib/android/sdk/platforms/android-34-ext12/data/res/values-mcc310-mnc150-lv: Cannot change mode to rwxr-xr-x: Operation not permitted
build	Cache Android SDK	2026-06-06T12:22:42.5431204Z /usr/bin/tar: ../../../../../usr/local/lib/android/sdk/platforms/android-34-ext12/data/res/values-mcc310-mnc490-ro: Cannot utime: Operation not permitted
build	Cache Android SDK	2026-06-06T12:22:42.5432256Z /usr/bin/tar: ../../../../../usr/local/lib/android/sdk/platforms/android-34-ext12/data/res/values-mcc310-mnc490-ro: Cannot change mode to rwxr-xr-x: Operation not permitted
build	Cache Android SDK	2026-06-06T12:22:42.5434304Z /usr/bin/tar: ../../../../../usr/local/lib/android/sdk/platforms/android-34-ext12/data/res/values-mcc310-mnc270-zh-rTW: Cannot utime: Operation not permitted
build	Cache Android SDK	2026-06-06T12:22:42.5435293Z /usr/bin/tar: ../../../../../usr/local/lib/android/sdk/platforms/android-34-ext12/data/res/values-mcc310-mnc270-zh-rTW: Cannot change mode to rwxr-xr-x: Operation not permitted
build	Cache Android SDK	2026-06-06T12:22:42.5437605Z /usr/bin/tar: ../../../../../usr/local/lib/android/sdk/platforms/android-34-ext12/data/res/values-mcc310-mnc380-nl: Cannot utime: Operation not permitted
build	Cache Android SDK	2026-06-06T12:22:42.5438564Z /usr/bin/tar: ../../../../../usr/local/lib/android/sdk/platforms/android-34-ext12/data/res/values-mcc310-mnc380-nl: Cannot change mode to rwxr-xr-x: Operation not permitted
build	Cache Android SDK	2026-06-06T12:22:42.5442813Z /usr/bin/tar: ../../../../../usr/local/lib/android/sdk/platforms/android-34-ext12/data/res/values-en-rSG: Cannot utime: Operation not permitted
build	Cache Android SDK	2026-06-06T12:22:42.5444126Z /usr/bin/tar: ../../../../../usr/local/lib/android/sdk/platforms/android-34-ext12/data/res/values-en-rSG: Cannot change mode to rwxr-xr-x: Operation not permitted
build	Cache Android SDK	2026-06-06T12:22:42.5447698Z /usr/bin/tar: ../../../../../usr/local/lib/android/sdk/platforms/android-34-ext12/data/res/drawable-en-mdpi: Cannot utime: Operation not permitted
build	Cache Android SDK	2026-06-06T12:22:42.5449276Z /usr/bin/tar: ../../../../../usr/local/lib/android/sdk/platforms/android-34-ext12/data/res/drawable-en-mdpi: Cannot change mode to rwxr-xr-x: Operation not permitted
build	Cache Android SDK	2026-06-06T12:22:42.5450393Z /usr/bin/tar: ../../../../../usr/local/lib/android/sdk/platforms/android-34-ext12/data/res/values-mcc302-mnc720-pt-rPT: Cannot utime: Operation not permitted
build	Cache Android SDK	2026-06-06T12:22:42.5451391Z /usr/bin/tar: ../../../../../usr/local/lib/android/sdk/platforms/android-34-ext12/data/res/values-mcc302-mnc720-pt-rPT: Cannot change mode to rwxr-xr-x: Operation not permitted
build	Cache Android SDK	2026-06-06T12:22:42.5454065Z /usr/bin/tar: ../../../../../usr/local/lib/android/sdk/platforms/android-34-ext12/data/res/raw-fr: Cannot utime: Operation not permitted
build	Cache Android SDK	2026-06-06T12:22:42.5454951Z /usr/bin/tar: ../../../../../usr/local/lib/android/sdk/platforms/android-34-ext12/data/res/raw-fr: Cannot change mode to rwxr-xr-x: Operation not permitted
build	Cache Android SDK	2026-06-06T12:22:42.5458469Z /usr/bin/tar: ../../../../../usr/local/lib/android/sdk/platforms/android-34-ext12/data/res/values-mcc310-mnc530: Cannot utime: Operation not permitted
build	Cache Android SDK	2026-06-06T12:22:42.5459685Z /usr/bin/tar: ../../../../../usr/local/lib/android/sdk/platforms/android-34-ext12/data/res/values-mcc310-mnc530: Cannot change mode to rwxr-xr-x: Operation not permitted
build	Cache Android SDK	2026-06-06T12:22:42.5461406Z /usr/bin/tar: ../../../../../usr/local/lib/android/sdk/platforms/android-34-ext12/data/res/values-mcc311-mnc180-ru: Cannot utime: Operation not permitted
build	Cache Android SDK	2026-06-06T12:22:42.5462379Z /usr/bin/tar: ../../../../../usr/local/lib/android/sdk/platforms/android-34-ext12/data/res/values-mcc311-mnc180-ru: Cannot change mode to rwxr-xr-x: Operation not permitted
build	Cache Android SDK	2026-06-06T12:22:42.5465166Z /usr/bin/tar: ../../../../../usr/local/lib/android/sdk/platforms/android-34-ext12/data/res/values-mcc302-mnc370-hu: Cannot utime: Operation not permitted
build	Cache Android SDK	2026-06-06T12:22:42.5466260Z /usr/bin/tar: ../../../../../usr/local/lib/android/sdk/platforms/android-34-ext12/data/res/values-mcc302-mnc370-hu: Cannot change mode to rwxr-xr-x: Operation not permitted
build	Cache Android SDK	2026-06-06T12:22:42.5468590Z /usr/bin/tar: ../../../../../usr/local/lib/android/sdk/platforms/android-34-ext12/data/res/values-mcc310-mnc210-cs: Cannot utime: Operation not permitted
build	Cache Android SDK	2026-06-06T12:22:42.5469565Z /usr/bin/tar: ../../../../../usr/local/lib/android/sdk/platforms/android-34-ext12/data/res/values-mcc310-mnc210-cs: Cannot change mode to rwxr-xr-x: Operation not permitted
build	Cache Android SDK	2026-06-06T12:22:42.5472029Z /usr/bin/tar: ../../../../../usr/local/lib/android/sdk/platforms/android-34-ext12/data/res/values-mcc312-mnc670-hi: Cannot utime: Operation not permitted
build	Cache Android SDK	2026-06-06T12:22:42.5473106Z /usr/bin/tar: ../../../../../usr/local/lib/android/sdk/platforms/android-34-ext12/data/res/values-mcc312-mnc670-hi: Cannot change mode to rwxr-xr-x: Operation not permitted
build	Cache Android SDK	2026-06-06T12:22:42.5475928Z /usr/bin/tar: ../../../../../usr/local/lib/android/sdk/platforms/android-34-ext12/data/res/values-mcc302-mnc720-km: Cannot utime: Operation not permitted
build	Cache Android SDK	2026-06-06T12:22:42.5476926Z /usr/bin/tar: ../../../../../usr/local/lib/android/sdk/platforms/android-34-ext12/data/res/values-mcc302-mnc720-km: Cannot change mode to rwxr-xr-x: Operation not permitted
build	Cache Android SDK	2026-06-06T12:22:42.5479099Z /usr/bin/tar: ../../../../../usr/local/lib/android/sdk/platforms/android-34-ext12/data/res/values-sl-television: Cannot utime: Operation not permitted
build	Cache Android SDK	2026-06-06T12:22:42.5480228Z /usr/bin/tar: ../../../../../usr/local/lib/android/sdk/platforms/android-34-ext12/data/res/values-sl-television: Cannot change mode to rwxr-xr-x: Operation not permitted
build	Cache Android SDK	2026-06-06T12:22:42.5482676Z /usr/bin/tar: ../../../../../usr/local/lib/android/sdk/platforms/android-34-ext12/data/res/values-mcc310-mnc220-en-rAU: Cannot utime: Operation not permitted
build	Cache Android SDK	2026-06-06T12:22:42.5483743Z /usr/bin/tar: ../../../../../usr/local/lib/android/sdk/platforms/android-34-ext12/data/res/values-mcc310-mnc220-en-rAU: Cannot change mode to rwxr-xr-x: Operation not permitted
build	Cache Android SDK	2026-06-06T12:22:42.5486599Z /usr/bin/tar: ../../../../../usr/local/lib/android/sdk/platforms/android-34-ext12/data/res/values-mcc310-mnc490-ko: Cannot utime: Operation not permitted
build	Cache Android SDK	2026-06-06T12:22:42.5487850Z /usr/bin/tar: ../../../../../usr/local/lib/android/sdk/platforms/android-34-ext12/data/res/values-mcc310-mnc490-ko: Cannot change mode to rwxr-xr-x: Operation not permitted
build	Cache Android SDK	2026-06-06T12:22:42.5489675Z /usr/bin/tar: ../../../../../usr/local/lib/android/sdk/platforms/android-34-ext12/data/res/values-mcc302-mnc370-ml: Cannot utime: Operation not permitted
build	Cache Android SDK	2026-06-06T12:22:42.5490865Z /usr/bin/tar: ../../../../../usr/local/lib/android/sdk/platforms/android-34-ext12/data/res/values-mcc302-mnc370-ml: Cannot change mode to rwxr-xr-x: Operation not permitted
build	Cache Android SDK	2026-06-06T12:22:42.5493630Z /usr/bin/tar: ../../../../../usr/local/lib/android/sdk/platforms/android-34-ext12/data/res/values-mcc310-mnc170-ka: Cannot utime: Operation not permitted
build	Cache Android SDK	2026-06-06T12:22:42.5494730Z /usr/bin/tar: ../../../../../usr/local/lib/android/sdk/platforms/android-34-ext12/data/res/values-mcc310-mnc170-ka: Cannot change mode to rwxr-xr-x: Operation not permitted
build	Cache Android SDK	2026-06-06T12:22:42.5499772Z /usr/bin/tar: ../../../../../usr/local/lib/android/sdk/platforms/android-34-ext12/data/res/values-b+sr+Latn: Cannot utime: Operation not permitted
build	Cache Android SDK	2026-06-06T12:22:42.5500712Z /usr/bin/tar: ../../../../../usr/local/lib/android/sdk/platforms/android-34-ext12/data/res/values-b+sr+Latn: Cannot change mode to rwxr-xr-x: Operation not permitted
build	Cache Android SDK	2026-06-06T12:22:42.5503237Z /usr/bin/tar: ../../../../../usr/local/lib/android/sdk/platforms/android-34-ext12/data/res/values-mcc310-mnc280-uk: Cannot utime: Operation not permitted
build	Cache Android SDK	2026-06-06T12:22:42.5504222Z /usr/bin/tar: ../../../../../usr/local/lib/android/sdk/platforms/android-34-ext12/data/res/values-mcc310-mnc280-uk: Cannot change mode to rwxr-xr-x: Operation not permitted
build	Cache Android SDK	2026-06-06T12:22:42.5506394Z /usr/bin/tar: ../../../../../usr/local/lib/android/sdk/platforms/android-34-ext12/data/res/values-mcc310-mnc220-hu: Cannot utime: Operation not permitted
build	Cache Android SDK	2026-06-06T12:22:42.5507627Z /usr/bin/tar: ../../../../../usr/local/lib/android/sdk/platforms/android-34-ext12/data/res/values-mcc310-mnc220-hu: Cannot change mode to rwxr-xr-x: Operation not permitted
build	Cache Android SDK	2026-06-06T12:22:42.5511476Z /usr/bin/tar: ../../../../../usr/local/lib/android/sdk/platforms/android-34-ext12/data/res/values-mcc310-mnc230-tr: Cannot utime: Operation not permitted
build	Cache Android SDK	2026-06-06T12:22:42.5512446Z /usr/bin/tar: ../../../../../usr/local/lib/android/sdk/platforms/android-34-ext12/data/res/values-mcc310-mnc230-tr: Cannot change mode to rwxr-xr-x: Operation not permitted
build	Cache Android SDK	2026-06-06T12:22:42.5515214Z /usr/bin/tar: ../../../../../usr/local/lib/android/sdk/platforms/android-34-ext12/data/res/values-mcc310-mnc230-sv: Cannot utime: Operation not permitted
build	Cache Android SDK	2026-06-06T12:22:42.5516241Z /usr/bin/tar: ../../../../../usr/local/lib/android/sdk/platforms/android-34-ext12/data/res/values-mcc310-mnc230-sv: Cannot change mode to rwxr-xr-x: Operation not permitted
build	Cache Android SDK	2026-06-06T12:22:42.5549406Z /usr/bin/tar: ../../../../../usr/local/lib/android/sdk/platforms/android-34-ext12/data/res/values-ar-rIL: Cannot utime: Operation not permitted
build	Cache Android SDK	2026-06-06T12:22:42.5550632Z /usr/bin/tar: ../../../../../usr/local/lib/android/sdk/platforms/android-34-ext12/data/res/values-ar-rIL: Cannot change mode to rwxr-xr-x: Operation not permitted
build	Cache Android SDK	2026-06-06T12:22:42.5552165Z /usr/bin/tar: ../../../../../usr/local/lib/android/sdk/platforms/android-34-ext12/data/res/values-te-television: Cannot utime: Operation not permitted
build	Cache Android SDK	2026-06-06T12:22:42.5553800Z /usr/bin/tar: ../../../../../usr/local/lib/android/sdk/platforms/android-34-ext12/data/res/values-te-television: Cannot change mode to rwxr-xr-x: Operation not permitted
build	Cache Android SDK	2026-06-06T12:22:42.5555015Z /usr/bin/tar: ../../../../../usr/local/lib/android/sdk/platforms/android-34-ext12/data/res/values-mcc310-mnc160-pt: Cannot utime: Operation not permitted
build	Cache Android SDK	2026-06-06T12:22:42.5556470Z /usr/bin/tar: ../../../../../usr/local/lib/android/sdk/platforms/android-34-ext12/data/res/values-mcc310-mnc160-pt: Cannot change mode to rwxr-xr-x: Operation not permitted
build	Cache Android SDK	2026-06-06T12:22:42.5558329Z /usr/bin/tar: ../../../../../usr/local/lib/android/sdk/platforms/android-34-ext12/data/res/values-mcc310-mnc660-ur: Cannot utime: Operation not permitted
build	Cache Android SDK	2026-06-06T12:22:42.5559599Z /usr/bin/tar: ../../../../../usr/local/lib/android/sdk/platforms/android-34-ext12/data/res/values-mcc310-mnc660-ur: Cannot change mode to rwxr-xr-x: Operation not permitted
build	Cache Android SDK	2026-06-06T12:22:42.5561367Z /usr/bin/tar: ../../../../../usr/local/lib/android/sdk/platforms/android-34-ext12/data/res/values-mcc334-mnc020-cs: Cannot utime: Operation not permitted
build	Cache Android SDK	2026-06-06T12:22:42.5562341Z /usr/bin/tar: ../../../../../usr/local/lib/android/sdk/platforms/android-34-ext12/data/res/values-mcc334-mnc020-cs: Cannot change mode to rwxr-xr-x: Operation not permitted
build	Cache Android SDK	2026-06-06T12:22:42.5563689Z /usr/bin/tar: ../../../../../usr/local/lib/android/sdk/platforms/android-34-ext12/data/res/values-zh-rTW: Cannot utime: Operation not permitted
build	Cache Android SDK	2026-06-06T12:22:42.5564885Z /usr/bin/tar: ../../../../../usr/local/lib/android/sdk/platforms/android-34-ext12/data/res/values-zh-rTW: Cannot change mode to rwxr-xr-x: Operation not permitted
build	Cache Android SDK	2026-06-06T12:22:42.5565811Z /usr/bin/tar: ../../../../../usr/local/lib/android/sdk/platforms/android-34-ext12/data/res/values-mcc310-mnc200-uz: Cannot utime: Operation not permitted
build	Cache Android SDK	2026-06-06T12:22:42.5566760Z /usr/bin/tar: ../../../../../usr/local/lib/android/sdk/platforms/android-34-ext12/data/res/values-mcc310-mnc200-uz: Cannot change mode to rwxr-xr-x: Operation not permitted
build	Cache Android SDK	2026-06-06T12:22:42.5571069Z /usr/bin/tar: ../../../../../usr/local/lib/android/sdk/platforms/android-34-ext12/data/res/values-mcc310-mnc410-sw: Cannot utime: Operation not permitted
build	Cache Android SDK	2026-06-06T12:22:42.5572431Z /usr/bin/tar: ../../../../../usr/local/lib/android/sdk/platforms/android-34-ext12/data/res/values-mcc310-mnc410-sw: Cannot change mode to rwxr-xr-x: Operation not permitted
build	Cache Android SDK	2026-06-06T12:22:42.5573856Z /usr/bin/tar: ../../../../../usr/local/lib/android/sdk/platforms/android-34-ext12/data/res/values-el-rGR: Cannot utime: Operation not permitted
build	Cache Android SDK	2026-06-06T12:22:42.5574746Z /usr/bin/tar: ../../../../../usr/local/lib/android/sdk/platforms/android-34-ext12/data/res/values-el-rGR: Cannot change mode to rwxr-xr-x: Operation not permitted
build	Cache Android SDK	2026-06-06T12:22:42.5575893Z /usr/bin/tar: ../../../../../usr/local/lib/android/sdk/platforms/android-34-ext12/data/res/values-mcc310-mnc800-hy: Cannot utime: Operation not permitted
build	Cache Android SDK	2026-06-06T12:22:42.5577126Z /usr/bin/tar: ../../../../../usr/local/lib/android/sdk/platforms/android-34-ext12/data/res/values-mcc310-mnc800-hy: Cannot change mode to rwxr-xr-x: Operation not permitted
build	Cache Android SDK	2026-06-06T12:22:42.5578707Z /usr/bin/tar: ../../../../../usr/local/lib/android/sdk/platforms/android-34-ext12/data/res/values-mcc302-mnc720: Cannot utime: Operation not permitted
build	Cache Android SDK	2026-06-06T12:22:42.5579988Z /usr/bin/tar: ../../../../../usr/local/lib/android/sdk/platforms/android-34-ext12/data/res/values-mcc302-mnc720: Cannot change mode to rwxr-xr-x: Operation not permitted
build	Cache Android SDK	2026-06-06T12:22:42.5580928Z /usr/bin/tar: ../../../../../usr/local/lib/android/sdk/platforms/android-34-ext12/data/res/values-mcc313-mnc100-sl: Cannot utime: Operation not permitted
build	Cache Android SDK	2026-06-06T12:22:42.5582311Z /usr/bin/tar: ../../../../../usr/local/lib/android/sdk/platforms/android-34-ext12/data/res/values-mcc313-mnc100-sl: Cannot change mode to rwxr-xr-x: Operation not permitted
build	Cache Android SDK	2026-06-06T12:22:42.5583459Z /usr/bin/tar: ../../../../../usr/local/lib/android/sdk/platforms/android-34-ext12/data/res/values-mcc312-mnc670-zh-rTW: Cannot utime: Operation not permitted
build	Cache Android SDK	2026-06-06T12:22:42.5584564Z /usr/bin/tar: ../../../../../usr/local/lib/android/sdk/platforms/android-34-ext12/data/res/values-mcc312-mnc670-zh-rTW: Cannot change mode to rwxr-xr-x: Operation not permitted
build	Cache Android SDK	2026-06-06T12:22:42.5586331Z /usr/bin/tar: ../../../../../usr/local/lib/android/sdk/platforms/android-34-ext12/data/res/values-mcc310-mnc560-ur: Cannot utime: Operation not permitted
build	Cache Android SDK	2026-06-06T12:22:42.5587772Z /usr/bin/tar: ../../../../../usr/local/lib/android/sdk/platforms/android-34-ext12/data/res/values-mcc310-mnc560-ur: Cannot change mode to rwxr-xr-x: Operation not permitted
build	Cache Android SDK	2026-06-06T12:22:42.5588875Z /usr/bin/tar: ../../../../../usr/local/lib/android/sdk/platforms/android-34-ext12/data/res/values-mcc310-mnc170-am: Cannot utime: Operation not permitted
build	Cache Android SDK	2026-06-06T12:22:42.5589828Z /usr/bin/tar: ../../../../../usr/local/lib/android/sdk/platforms/android-34-ext12/data/res/values-mcc310-mnc170-am: Cannot change mode to rwxr-xr-x: Operation not permitted
build	Cache Android SDK	2026-06-06T12:22:42.5591034Z /usr/bin/tar: ../../../../../usr/local/lib/android/sdk/platforms/android-34-ext12/data/res/values-mcc310-mnc800-nb: Cannot utime: Operation not permitted
build	Cache Android SDK	2026-06-06T12:22:42.5592267Z /usr/bin/tar: ../../../../../usr/local/lib/android/sdk/platforms/android-34-ext12/data/res/values-mcc310-mnc800-nb: Cannot change mode to rwxr-xr-x: Operation not permitted
build	Cache Android SDK	2026-06-06T12:22:42.5593252Z /usr/bin/tar: ../../../../../usr/local/lib/android/sdk/platforms/android-34-ext12/data/res/values-mcc310-mnc800-b+sr+Latn: Cannot utime: Operation not permitted
build	Cache Android SDK	2026-06-06T12:22:42.5594463Z /usr/bin/tar: ../../../../../usr/local/lib/android/sdk/platforms/android-34-ext12/data/res/values-mcc310-mnc800-b+sr+Latn: Cannot change mode to rwxr-xr-x: Operation not permitted
build	Cache Android SDK	2026-06-06T12:22:42.5595742Z /usr/bin/tar: ../../../../../usr/local/lib/android/sdk/platforms/android-34-ext12/data/res/values-mcc310-mnc150-be: Cannot utime: Operation not permitted
build	Cache Android SDK	2026-06-06T12:22:42.5596681Z /usr/bin/tar: ../../../../../usr/local/lib/android/sdk/platforms/android-34-ext12/data/res/values-mcc310-mnc150-be: Cannot change mode to rwxr-xr-x: Operation not permitted
build	Cache Android SDK	2026-06-06T12:22:42.5598167Z /usr/bin/tar: ../../../../../usr/local/lib/android/sdk/platforms/android-34-ext12/data/res/values-mcc310-mnc560-ja: Cannot utime: Operation not permitted
build	Cache Android SDK	2026-06-06T12:22:42.5599398Z /usr/bin/tar: ../../../../../usr/local/lib/android/sdk/platforms/android-34-ext12/data/res/values-mcc310-mnc560-ja: Cannot change mode to rwxr-xr-x: Operation not permitted
build	Cache Android SDK	2026-06-06T12:22:42.5600347Z /usr/bin/tar: ../../../../../usr/local/lib/android/sdk/platforms/android-34-ext12/data/res/values-mcc310-mnc210-sq: Cannot utime: Operation not permitted
build	Cache Android SDK	2026-06-06T12:22:42.5601869Z /usr/bin/tar: ../../../../../usr/local/lib/android/sdk/platforms/android-34-ext12/data/res/values-mcc310-mnc210-sq: Cannot change mode to rwxr-xr-x: Operation not permitted
build	Cache Android SDK	2026-06-06T12:22:42.5602784Z /usr/bin/tar: ../../../../../usr/local/lib/android/sdk/platforms/android-34-ext12/data/res/values-w228dp: Cannot utime: Operation not permitted
build	Cache Android SDK	2026-06-06T12:22:42.5603844Z /usr/bin/tar: ../../../../../usr/local/lib/android/sdk/platforms/android-34-ext12/data/res/values-w228dp: Cannot change mode to rwxr-xr-x: Operation not permitted
build	Cache Android SDK	2026-06-06T12:22:42.5605229Z /usr/bin/tar: ../../../../../usr/local/lib/android/sdk/platforms/android-34-ext12/data/res/values-mcc312-mnc670-ms: Cannot utime: Operation not permitted
build	Cache Android SDK	2026-06-06T12:22:42.5606174Z /usr/bin/tar: ../../../../../usr/local/lib/android/sdk/platforms/android-34-ext12/data/res/values-mcc312-mnc670-ms: Cannot change mode to rwxr-xr-x: Operation not permitted
build	Cache Android SDK	2026-06-06T12:22:42.5607539Z /usr/bin/tar: ../../../../../usr/local/lib/android/sdk/platforms/android-34-ext12/data/res/values-mcc302-mnc720-sw: Cannot utime: Operation not permitted
build	Cache Android SDK	2026-06-06T12:22:42.5608725Z /usr/bin/tar: ../../../../../usr/local/lib/android/sdk/platforms/android-34-ext12/data/res/values-mcc302-mnc720-sw: Cannot change mode to rwxr-xr-x: Operation not permitted
build	Cache Android SDK	2026-06-06T12:22:42.5609684Z /usr/bin/tar: ../../../../../usr/local/lib/android/sdk/platforms/android-34-ext12/data/res/values-mcc310-mnc160-de: Cannot utime: Operation not permitted
build	Cache Android SDK	2026-06-06T12:22:42.5611075Z /usr/bin/tar: ../../../../../usr/local/lib/android/sdk/platforms/android-34-ext12/data/res/values-mcc310-mnc160-de: Cannot change mode to rwxr-xr-x: Operation not permitted
build	Cache Android SDK	2026-06-06T12:22:42.5612077Z /usr/bin/tar: ../../../../../usr/local/lib/android/sdk/platforms/android-34-ext12/data/res/values-mcc310-mnc230-ru: Cannot utime: Operation not permitted
build	Cache Android SDK	2026-06-06T12:22:42.5613059Z /usr/bin/tar: ../../../../../usr/local/lib/android/sdk/platforms/android-34-ext12/data/res/values-mcc310-mnc230-ru: Cannot change mode to rwxr-xr-x: Operation not permitted
build	Cache Android SDK	2026-06-06T12:22:42.5614495Z /usr/bin/tar: ../../../../../usr/local/lib/android/sdk/platforms/android-34-ext12/data/res/values-mcc310-mnc170-en-rCA: Cannot utime: Operation not permitted
build	Cache Android SDK	2026-06-06T12:22:42.5615481Z /usr/bin/tar: ../../../../../usr/local/lib/android/sdk/platforms/android-34-ext12/data/res/values-mcc310-mnc170-en-rCA: Cannot change mode to rwxr-xr-x: Operation not permitted
build	Cache Android SDK	2026-06-06T12:22:42.5616448Z /usr/bin/tar: ../../../../../usr/local/lib/android/sdk/platforms/android-34-ext12/data/res/values-mcc313-mnc100-or: Cannot utime: Operation not permitted
build	Cache Android SDK	2026-06-06T12:22:42.5617533Z /usr/bin/tar: ../../../../../usr/local/lib/android/sdk/platforms/android-34-ext12/data/res/values-mcc313-mnc100-or: Cannot change mode to rwxr-xr-x: Operation not permitted
build	Cache Android SDK	2026-06-06T12:22:42.5619329Z /usr/bin/tar: ../../../../../usr/local/lib/android/sdk/platforms/android-34-ext12/data/res/values-mcc312-mnc670-sv: Cannot utime: Operation not permitted
build	Cache Android SDK	2026-06-06T12:22:42.5620274Z /usr/bin/tar: ../../../../../usr/local/lib/android/sdk/platforms/android-34-ext12/data/res/values-mcc312-mnc670-sv: Cannot change mode to rwxr-xr-x: Operation not permitted
build	Cache Android SDK	2026-06-06T12:22:42.5622062Z /usr/bin/tar: ../../../../../usr/local/lib/android/sdk/platforms/android-34-ext12/data/res/values-mcc334-mnc020-ca: Cannot utime: Operation not permitted
build	Cache Android SDK	2026-06-06T12:22:42.5623043Z /usr/bin/tar: ../../../../../usr/local/lib/android/sdk/platforms/android-34-ext12/data/res/values-mcc334-mnc020-ca: Cannot change mode to rwxr-xr-x: Operation not permitted
build	Cache Android SDK	2026-06-06T12:22:42.5625805Z /usr/bin/tar: ../../../../../usr/local/lib/android/sdk/platforms/android-34-ext12/data/res/menu: Cannot utime: Operation not permitted
build	Cache Android SDK	2026-06-06T12:22:42.5626685Z /usr/bin/tar: ../../../../../usr/local/lib/android/sdk/platforms/android-34-ext12/data/res/menu: Cannot change mode to rwxr-xr-x: Operation not permitted
build	Cache Android SDK	2026-06-06T12:22:42.5629016Z /usr/bin/tar: ../../../../../usr/local/lib/android/sdk/platforms/android-34-ext12/data/res/values-mcc310-mnc560-bn: Cannot utime: Operation not permitted
build	Cache Android SDK	2026-06-06T12:22:42.5629970Z /usr/bin/tar: ../../../../../usr/local/lib/android/sdk/platforms/android-34-ext12/data/res/values-mcc310-mnc560-bn: Cannot change mode to rwxr-xr-x: Operation not permitted
build	Cache Android SDK	2026-06-06T12:22:42.5632462Z /usr/bin/tar: ../../../../../usr/local/lib/android/sdk/platforms/android-34-ext12/data/res/values-mcc310-mnc270-hy: Cannot utime: Operation not permitted
build	Cache Android SDK	2026-06-06T12:22:42.5633416Z /usr/bin/tar: ../../../../../usr/local/lib/android/sdk/platforms/android-34-ext12/data/res/values-mcc310-mnc270-hy: Cannot change mode to rwxr-xr-x: Operation not permitted
build	Cache Android SDK	2026-06-06T12:22:42.5635806Z /usr/bin/tar: ../../../../../usr/local/lib/android/sdk/platforms/android-34-ext12/data/res/values-mcc310-mnc200-az: Cannot utime: Operation not permitted
build	Cache Android SDK	2026-06-06T12:22:42.5636757Z /usr/bin/tar: ../../../../../usr/local/lib/android/sdk/platforms/android-34-ext12/data/res/values-mcc310-mnc200-az: Cannot change mode to rwxr-xr-x: Operation not permitted
build	Cache Android SDK	2026-06-06T12:22:42.5639081Z /usr/bin/tar: ../../../../../usr/local/lib/android/sdk/platforms/android-34-ext12/data/res/values-mcc310-mnc220-cs: Cannot utime: Operation not permitted
build	Cache Android SDK	2026-06-06T12:22:42.5640027Z /usr/bin/tar: ../../../../../usr/local/lib/android/sdk/platforms/android-34-ext12/data/res/values-mcc310-mnc220-cs: Cannot change mode to rwxr-xr-x: Operation not permitted
build	Cache Android SDK	2026-06-06T12:22:42.5642328Z /usr/bin/tar: ../../../../../usr/local/lib/android/sdk/platforms/android-34-ext12/data/res/values-w720dp: Cannot utime: Operation not permitted
build	Cache Android SDK	2026-06-06T12:22:42.5643222Z /usr/bin/tar: ../../../../../usr/local/lib/android/sdk/platforms/android-34-ext12/data/res/values-w720dp: Cannot change mode to rwxr-xr-x: Operation not permitted
build	Cache Android SDK	2026-06-06T12:22:42.5645458Z /usr/bin/tar: ../../../../../usr/local/lib/android/sdk/platforms/android-34-ext12/data/res/values-mcc310-mnc200-sw: Cannot utime: Operation not permitted
build	Cache Android SDK	2026-06-06T12:22:42.5646409Z /usr/bin/tar: ../../../../../usr/local/lib/android/sdk/platforms/android-34-ext12/data/res/values-mcc310-mnc200-sw: Cannot change mode to rwxr-xr-x: Operation not permitted
build	Cache Android SDK	2026-06-06T12:22:42.5648383Z /usr/bin/tar: ../../../../../usr/local/lib/android/sdk/platforms/android-34-ext12/data/res/values-mcc310-mnc950-it: Cannot utime: Operation not permitted
build	Cache Android SDK	2026-06-06T12:22:42.5649479Z /usr/bin/tar: ../../../../../usr/local/lib/android/sdk/platforms/android-34-ext12/data/res/values-mcc310-mnc950-it: Cannot change mode to rwxr-xr-x: Operation not permitted
build	Cache Android SDK	2026-06-06T12:22:42.5651686Z /usr/bin/tar: ../../../../../usr/local/lib/android/sdk/platforms/android-34-ext12/data/res/values-mcc312-mnc670-en-rXC: Cannot utime: Operation not permitted
build	Cache Android SDK	2026-06-06T12:22:42.5652705Z /usr/bin/tar: ../../../../../usr/local/lib/android/sdk/platforms/android-34-ext12/data/res/values-mcc312-mnc670-en-rXC: Cannot change mode to rwxr-xr-x: Operation not permitted
build	Cache Android SDK	2026-06-06T12:22:42.5654959Z /usr/bin/tar: ../../../../../usr/local/lib/android/sdk/platforms/android-34-ext12/data/res/values-mcc310-mnc030-ru: Cannot utime: Operation not permitted
build	Cache Android SDK	2026-06-06T12:22:42.5655905Z /usr/bin/tar: ../../../../../usr/local/lib/android/sdk/platforms/android-34-ext12/data/res/values-mcc310-mnc030-ru: Cannot change mode to rwxr-xr-x: Operation not permitted
build	Cache Android SDK	2026-06-06T12:22:42.5658170Z /usr/bin/tar: ../../../../../usr/local/lib/android/sdk/platforms/android-34-ext12/data/res/values-mcc310-mnc950-ko: Cannot utime: Operation not permitted
build	Cache Android SDK	2026-06-06T12:22:42.5659119Z /usr/bin/tar: ../../../../../usr/local/lib/android/sdk/platforms/android-34-ext12/data/res/values-mcc310-mnc950-ko: Cannot change mode to rwxr-xr-x: Operation not permitted
build	Cache Android SDK	2026-06-06T12:22:42.5661276Z /usr/bin/tar: ../../../../../usr/local/lib/android/sdk/platforms/android-34-ext12/data/res/values-mcc310-mnc490-iw: Cannot utime: Operation not permitted
build	Cache Android SDK	2026-06-06T12:22:42.5662227Z /usr/bin/tar: ../../../../../usr/local/lib/android/sdk/platforms/android-34-ext12/data/res/values-mcc310-mnc490-iw: Cannot change mode to rwxr-xr-x: Operation not permitted
build	Cache Android SDK	2026-06-06T12:22:42.5664655Z /usr/bin/tar: ../../../../../usr/local/lib/android/sdk/platforms/android-34-ext12/data/res/values-mcc310-mnc660-uk: Cannot utime: Operation not permitted
build	Cache Android SDK	2026-06-06T12:22:42.5667858Z /usr/bin/tar: ../../../../../usr/local/lib/android/sdk/platforms/android-34-ext12/data/res/values-mcc310-mnc660-uk: Cannot change mode to rwxr-xr-x: Operation not permitted
build	Cache Android SDK	2026-06-06T12:22:42.5668916Z /usr/bin/tar: ../../../../../usr/local/lib/android/sdk/platforms/android-34-ext12/data/res/values-mcc310-mnc030-sv: Cannot utime: Operation not permitted
build	Cache Android SDK	2026-06-06T12:22:42.5669862Z /usr/bin/tar: ../../../../../usr/local/lib/android/sdk/platforms/android-34-ext12/data/res/values-mcc310-mnc030-sv: Cannot change mode to rwxr-xr-x: Operation not permitted
build	Cache Android SDK	2026-06-06T12:22:42.5671841Z /usr/bin/tar: ../../../../../usr/local/lib/android/sdk/platforms/android-34-ext12/data/res/values-w205dp: Cannot utime: Operation not permitted
build	Cache Android SDK	2026-06-06T12:22:42.5672728Z /usr/bin/tar: ../../../../../usr/local/lib/android/sdk/platforms/android-34-ext12/data/res/values-w205dp: Cannot change mode to rwxr-xr-x: Operation not permitted
build	Cache Android SDK	2026-06-06T12:22:42.5675361Z /usr/bin/tar: ../../../../../usr/local/lib/android/sdk/platforms/android-34-ext12/data/res/values-mcc310-mnc490-in: Cannot utime: Operation not permitted
build	Cache Android SDK	2026-06-06T12:22:42.5676303Z /usr/bin/tar: ../../../../../usr/local/lib/android/sdk/platforms/android-34-ext12/data/res/values-mcc310-mnc490-in: Cannot change mode to rwxr-xr-x: Operation not permitted
build	Cache Android SDK	2026-06-06T12:22:42.5679388Z /usr/bin/tar: ../../../../../usr/local/lib/android/sdk/platforms/android-34-ext12/data/res/values-mcc310-mnc220-hi: Cannot utime: Operation not permitted
build	Cache Android SDK	2026-06-06T12:22:42.5680788Z /usr/bin/tar: ../../../../../usr/local/lib/android/sdk/platforms/android-34-ext12/data/res/values-mcc310-mnc220-hi: Cannot change mode to rwxr-xr-x: Operation not permitted
build	Cache Android SDK	2026-06-06T12:22:42.5685153Z /usr/bin/tar: ../../../../../usr/local/lib/android/sdk/platforms/android-34-ext12/data/res/values-de: Cannot utime: Operation not permitted
build	Cache Android SDK	2026-06-06T12:22:42.5686036Z /usr/bin/tar: ../../../../../usr/local/lib/android/sdk/platforms/android-34-ext12/data/res/values-de: Cannot change mode to rwxr-xr-x: Operation not permitted
build	Cache Android SDK	2026-06-06T12:22:42.5688285Z /usr/bin/tar: ../../../../../usr/local/lib/android/sdk/platforms/android-34-ext12/data/res/values-mcc310-mnc250-bs: Cannot utime: Operation not permitted
build	Cache Android SDK	2026-06-06T12:22:42.5689241Z /usr/bin/tar: ../../../../../usr/local/lib/android/sdk/platforms/android-34-ext12/data/res/values-mcc310-mnc250-bs: Cannot change mode to rwxr-xr-x: Operation not permitted
build	Cache Android SDK	2026-06-06T12:22:42.5691280Z /usr/bin/tar: ../../../../../usr/local/lib/android/sdk/platforms/android-34-ext12/data/res/values-mcc310-mnc170-cs: Cannot utime: Operation not permitted
build	Cache Android SDK	2026-06-06T12:22:42.5692231Z /usr/bin/tar: ../../../../../usr/local/lib/android/sdk/platforms/android-34-ext12/data/res/values-mcc310-mnc170-cs: Cannot change mode to rwxr-xr-x: Operation not permitted
build	Cache Android SDK	2026-06-06T12:22:42.5694353Z /usr/bin/tar: ../../../../../usr/local/lib/android/sdk/platforms/android-34-ext12/data/res/values-mcc310-mnc660-es: Cannot utime: Operation not permitted
build	Cache Android SDK	2026-06-06T12:22:42.5695320Z /usr/bin/tar: ../../../../../usr/local/lib/android/sdk/platforms/android-34-ext12/data/res/values-mcc310-mnc660-es: Cannot change mode to rwxr-xr-x: Operation not permitted
build	Cache Android SDK	2026-06-06T12:22:42.5697314Z /usr/bin/tar: ../../../../../usr/local/lib/android/sdk/platforms/android-34-ext12/data/res/values-mcc313-mnc100-sk: Cannot utime: Operation not permitted
build	Cache Android SDK	2026-06-06T12:22:42.5698562Z /usr/bin/tar: ../../../../../usr/local/lib/android/sdk/platforms/android-34-ext12/data/res/values-mcc313-mnc100-sk: Cannot change mode to rwxr-xr-x: Operation not permitted
build	Cache Android SDK	2026-06-06T12:22:42.5700872Z /usr/bin/tar: ../../../../../usr/local/lib/android/sdk/platforms/android-34-ext12/data/res/values-mcc310-mnc310-zh-rHK: Cannot utime: Operation not permitted
build	Cache Android SDK	2026-06-06T12:22:42.5705880Z /usr/bin/tar: ../../../../../usr/local/lib/android/sdk/platforms/android-34-ext12/data/res/values-mcc310-mnc310-zh-rHK: Cannot change mode to rwxr-xr-x: Operation not permitted
build	Cache Android SDK	2026-06-06T12:22:42.5706847Z /usr/bin/tar: ../../../../../usr/local/lib/android/sdk/platforms/android-34-ext12/data/res/values-mcc001-mnc01-pl: Cannot utime: Operation not permitted
build	Cache Android SDK	2026-06-06T12:22:42.5708043Z /usr/bin/tar: ../../../../../usr/local/lib/android/sdk/platforms/android-34-ext12/data/res/values-mcc001-mnc01-pl: Cannot change mode to rwxr-xr-x: Operation not permitted
build	Cache Android SDK	2026-06-06T12:22:42.5709402Z /usr/bin/tar: ../../../../../usr/local/lib/android/sdk/platforms/android-34-ext12/data/res/values-mcc310-mnc250-gu: Cannot utime: Operation not permitted
build	Cache Android SDK	2026-06-06T12:22:42.5710402Z /usr/bin/tar: ../../../../../usr/local/lib/android/sdk/platforms/android-34-ext12/data/res/values-mcc310-mnc250-gu: Cannot change mode to rwxr-xr-x: Operation not permitted
build	Cache Android SDK	2026-06-06T12:22:42.5714027Z /usr/bin/tar: ../../../../../usr/local/lib/android/sdk/platforms/android-34-ext12/data/res/values-mcc311-mnc180-sq: Cannot utime: Operation not permitted
build	Cache Android SDK	2026-06-06T12:22:42.5715724Z /usr/bin/tar: ../../../../../usr/local/lib/android/sdk/platforms/android-34-ext12/data/res/values-mcc311-mnc180-sq: Cannot change mode to rwxr-xr-x: Operation not permitted
build	Cache Android SDK	2026-06-06T12:22:42.5718169Z /usr/bin/tar: ../../../../../usr/local/lib/android/sdk/platforms/android-34-ext12/data/res/values-mcc310-mnc950-zu: Cannot utime: Operation not permitted
build	Cache Android SDK	2026-06-06T12:22:42.5719186Z /usr/bin/tar: ../../../../../usr/local/lib/android/sdk/platforms/android-34-ext12/data/res/values-mcc310-mnc950-zu: Cannot change mode to rwxr-xr-x: Operation not permitted
build	Cache Android SDK	2026-06-06T12:22:42.5729320Z /usr/bin/tar: ../../../../../usr/local/lib/android/sdk/platforms/android-34-ext12/data/res/values-mcc312-mnc670-gl: Cannot utime: Operation not permitted
build	Cache Android SDK	2026-06-06T12:22:42.5730639Z /usr/bin/tar: ../../../../../usr/local/lib/android/sdk/platforms/android-34-ext12/data/res/values-mcc312-mnc670-gl: Cannot change mode to rwxr-xr-x: Operation not permitted
build	Cache Android SDK	2026-06-06T12:22:42.5733042Z /usr/bin/tar: ../../../../../usr/local/lib/android/sdk/platforms/android-34-ext12/data/res/values-mcc313-mnc100-eu: Cannot utime: Operation not permitted
build	Cache Android SDK	2026-06-06T12:22:42.5734048Z /usr/bin/tar: ../../../../../usr/local/lib/android/sdk/platforms/android-34-ext12/data/res/values-mcc313-mnc100-eu: Cannot change mode to rwxr-xr-x: Operation not permitted
build	Cache Android SDK	2026-06-06T12:22:42.5737343Z /usr/bin/tar: ../../../../../usr/local/lib/android/sdk/platforms/android-34-ext12/data/res/values-mcc310-mnc410-pa: Cannot utime: Operation not permitted
build	Cache Android SDK	2026-06-06T12:22:42.5738516Z /usr/bin/tar: ../../../../../usr/local/lib/android/sdk/platforms/android-34-ext12/data/res/values-mcc310-mnc410-pa: Cannot change mode to rwxr-xr-x: Operation not permitted
build	Cache Android SDK	2026-06-06T12:22:42.5745353Z /usr/bin/tar: ../../../../../usr/local/lib/android/sdk/platforms/android-34-ext12/data/res/values-pt-rBR: Cannot utime: Operation not permitted
build	Cache Android SDK	2026-06-06T12:22:42.5746707Z /usr/bin/tar: ../../../../../usr/local/lib/android/sdk/platforms/android-34-ext12/data/res/values-pt-rBR: Cannot change mode to rwxr-xr-x: Operation not permitted
build	Cache Android SDK	2026-06-06T12:22:42.5750132Z /usr/bin/tar: ../../../../../usr/local/lib/android/sdk/platforms/android-34-ext12/data/res/values-mcc310-mnc410-pt-rPT: Cannot utime: Operation not permitted
build	Cache Android SDK	2026-06-06T12:22:42.5751849Z /usr/bin/tar: ../../../../../usr/local/lib/android/sdk/platforms/android-34-ext12/data/res/values-mcc310-mnc410-pt-rPT: Cannot change mode to rwxr-xr-x: Operation not permitted
build	Cache Android SDK	2026-06-06T12:22:42.5753701Z /usr/bin/tar: ../../../../../usr/local/lib/android/sdk/platforms/android-34-ext12/data/res/values-mcc310-mnc380-pt-rBR: Cannot utime: Operation not permitted
build	Cache Android SDK	2026-06-06T12:22:42.5754956Z /usr/bin/tar: ../../../../../usr/local/lib/android/sdk/platforms/android-34-ext12/data/res/values-mcc310-mnc380-pt-rBR: Cannot change mode to rwxr-xr-x: Operation not permitted
build	Cache Android SDK	2026-06-06T12:22:42.5757179Z /usr/bin/tar: ../../../../../usr/local/lib/android/sdk/platforms/android-34-ext12/data/res/values-mcc310-mnc560-pl: Cannot utime: Operation not permitted
build	Cache Android SDK	2026-06-06T12:22:42.5758654Z /usr/bin/tar: ../../../../../usr/local/lib/android/sdk/platforms/android-34-ext12/data/res/values-mcc310-mnc560-pl: Cannot change mode to rwxr-xr-x: Operation not permitted
build	Cache Android SDK	2026-06-06T12:22:42.5760623Z /usr/bin/tar: ../../../../../usr/local/lib/android/sdk/platforms/android-34-ext12/data/res/values-mcc310-mnc200-fa: Cannot utime: Operation not permitted
build	Cache Android SDK	2026-06-06T12:22:42.5761954Z /usr/bin/tar: ../../../../../usr/local/lib/android/sdk/platforms/android-34-ext12/data/res/values-mcc310-mnc200-fa: Cannot change mode to rwxr-xr-x: Operation not permitted
build	Cache Android SDK	2026-06-06T12:22:42.5764411Z /usr/bin/tar: ../../../../../usr/local/lib/android/sdk/platforms/android-34-ext12/data/res/values-mcc310-mnc280-my: Cannot utime: Operation not permitted
build	Cache Android SDK	2026-06-06T12:22:42.5765389Z /usr/bin/tar: ../../../../../usr/local/lib/android/sdk/platforms/android-34-ext12/data/res/values-mcc310-mnc280-my: Cannot change mode to rwxr-xr-x: Operation not permitted
build	Cache Android SDK	2026-06-06T12:22:42.5768238Z /usr/bin/tar: ../../../../../usr/local/lib/android/sdk/platforms/android-34-ext12/data/res/values-mcc313-mnc100-en-rXC: Cannot utime: Operation not permitted
build	Cache Android SDK	2026-06-06T12:22:42.5769295Z /usr/bin/tar: ../../../../../usr/local/lib/android/sdk/platforms/android-34-ext12/data/res/values-mcc313-mnc100-en-rXC: Cannot change mode to rwxr-xr-x: Operation not permitted
build	Cache Android SDK	2026-06-06T12:22:42.5771135Z /usr/bin/tar: ../../../../../usr/local/lib/android/sdk/platforms/android-34-ext12/data/res/values-mcc001-mnc01-zu: Cannot utime: Operation not permitted
build	Cache Android SDK	2026-06-06T12:22:42.5772108Z /usr/bin/tar: ../../../../../usr/local/lib/android/sdk/platforms/android-34-ext12/data/res/values-mcc001-mnc01-zu: Cannot change mode to rwxr-xr-x: Operation not permitted
build	Cache Android SDK	2026-06-06T12:22:42.5774544Z /usr/bin/tar: ../../../../../usr/local/lib/android/sdk/platforms/android-34-ext12/data/res/values-mcc310-mnc560-tr: Cannot utime: Operation not permitted
build	Cache Android SDK	2026-06-06T12:22:42.5775509Z /usr/bin/tar: ../../../../../usr/local/lib/android/sdk/platforms/android-34-ext12/data/res/values-mcc310-mnc560-tr: Cannot change mode to rwxr-xr-x: Operation not permitted
build	Cache Android SDK	2026-06-06T12:22:42.5778133Z /usr/bin/tar: ../../../../../usr/local/lib/android/sdk/platforms/android-34-ext12/data/res/values-kk-television: Cannot utime: Operation not permitted
build	Cache Android SDK	2026-06-06T12:22:42.5779124Z /usr/bin/tar: ../../../../../usr/local/lib/android/sdk/platforms/android-34-ext12/data/res/values-kk-television: Cannot change mode to rwxr-xr-x: Operation not permitted
build	Cache Android SDK	2026-06-06T12:22:42.5781924Z /usr/bin/tar: ../../../../../usr/local/lib/android/sdk/platforms/android-34-ext12/data/res/values-mcc310-mnc250-pl: Cannot utime: Operation not permitted
build	Cache Android SDK	2026-06-06T12:22:42.5782919Z /usr/bin/tar: ../../../../../usr/local/lib/android/sdk/platforms/android-34-ext12/data/res/values-mcc310-mnc250-pl: Cannot change mode to rwxr-xr-x: Operation not permitted
build	Cache Android SDK	2026-06-06T12:22:42.6327924Z /usr/bin/tar: ../../../../../usr/local/lib/android/sdk/platforms/android-34-ext12/data/res/drawable-xhdpi: Cannot utime: Operation not permitted
build	Cache Android SDK	2026-06-06T12:22:42.6328955Z /usr/bin/tar: ../../../../../usr/local/lib/android/sdk/platforms/android-34-ext12/data/res/drawable-xhdpi: Cannot change mode to rwxr-xr-x: Operation not permitted
build	Cache Android SDK	2026-06-06T12:22:42.6330311Z /usr/bin/tar: ../../../../../usr/local/lib/android/sdk/platforms/android-34-ext12/data/res/values-mcc310-mnc410-ml: Cannot utime: Operation not permitted
build	Cache Android SDK	2026-06-06T12:22:42.6331293Z /usr/bin/tar: ../../../../../usr/local/lib/android/sdk/platforms/android-34-ext12/data/res/values-mcc310-mnc410-ml: Cannot change mode to rwxr-xr-x: Operation not permitted
build	Cache Android SDK	2026-06-06T12:22:42.6334096Z /usr/bin/tar: ../../../../../usr/local/lib/android/sdk/platforms/android-34-ext12/data/res/values-mcc466-mnc92: Cannot utime: Operation not permitted
build	Cache Android SDK	2026-06-06T12:22:42.6335043Z /usr/bin/tar: ../../../../../usr/local/lib/android/sdk/platforms/android-34-ext12/data/res/values-mcc466-mnc92: Cannot change mode to rwxr-xr-x: Operation not permitted
build	Cache Android SDK	2026-06-06T12:22:42.6337136Z /usr/bin/tar: ../../../../../usr/local/lib/android/sdk/platforms/android-34-ext12/data/res/values-mcc310-mnc210-sl: Cannot utime: Operation not permitted
build	Cache Android SDK	2026-06-06T12:22:42.6338602Z /usr/bin/tar: ../../../../../usr/local/lib/android/sdk/platforms/android-34-ext12/data/res/values-mcc310-mnc210-sl: Cannot change mode to rwxr-xr-x: Operation not permitted
build	Cache Android SDK	2026-06-06T12:22:42.6342018Z /usr/bin/tar: ../../../../../usr/local/lib/android/sdk/platforms/android-34-ext12/data/res/values-as-television: Cannot utime: Operation not permitted
build	Cache Android SDK	2026-06-06T12:22:42.6342967Z /usr/bin/tar: ../../../../../usr/local/lib/android/sdk/platforms/android-34-ext12/data/res/values-as-television: Cannot change mode to rwxr-xr-x: Operation not permitted
build	Cache Android SDK	2026-06-06T12:22:42.6345306Z /usr/bin/tar: ../../../../../usr/local/lib/android/sdk/platforms/android-34-ext12/data/res/values-mcc310-mnc380-sq: Cannot utime: Operation not permitted
build	Cache Android SDK	2026-06-06T12:22:42.6346257Z /usr/bin/tar: ../../../../../usr/local/lib/android/sdk/platforms/android-34-ext12/data/res/values-mcc310-mnc380-sq: Cannot change mode to rwxr-xr-x: Operation not permitted
build	Cache Android SDK	2026-06-06T12:22:42.6349233Z /usr/bin/tar: ../../../../../usr/local/lib/android/sdk/platforms/android-34-ext12/data/res/values-en-rIE: Cannot utime: Operation not permitted
build	Cache Android SDK	2026-06-06T12:22:42.6350126Z /usr/bin/tar: ../../../../../usr/local/lib/android/sdk/platforms/android-34-ext12/data/res/values-en-rIE: Cannot change mode to rwxr-xr-x: Operation not permitted
build	Cache Android SDK	2026-06-06T12:22:42.6353218Z /usr/bin/tar: ../../../../../usr/local/lib/android/sdk/platforms/android-34-ext12/data/res/values-mcc310-mnc250-zu: Cannot utime: Operation not permitted
build	Cache Android SDK	2026-06-06T12:22:42.6354164Z /usr/bin/tar: ../../../../../usr/local/lib/android/sdk/platforms/android-34-ext12/data/res/values-mcc310-mnc250-zu: Cannot change mode to rwxr-xr-x: Operation not permitted
build	Cache Android SDK	2026-06-06T12:22:42.6356220Z /usr/bin/tar: ../../../../../usr/local/lib/android/sdk/platforms/android-34-ext12/data/res/values-mcc310-mnc410-lo: Cannot utime: Operation not permitted
build	Cache Android SDK	2026-06-06T12:22:42.6357176Z /usr/bin/tar: ../../../../../usr/local/lib/android/sdk/platforms/android-34-ext12/data/res/values-mcc310-mnc410-lo: Cannot change mode to rwxr-xr-x: Operation not permitted
build	Cache Android SDK	2026-06-06T12:22:42.6359761Z /usr/bin/tar: ../../../../../usr/local/lib/android/sdk/platforms/android-34-ext12/data/res/values-kk-watch: Cannot utime: Operation not permitted
build	Cache Android SDK	2026-06-06T12:22:42.6360684Z /usr/bin/tar: ../../../../../usr/local/lib/android/sdk/platforms/android-34-ext12/data/res/values-kk-watch: Cannot change mode to rwxr-xr-x: Operation not permitted
build	Cache Android SDK	2026-06-06T12:22:42.6362658Z /usr/bin/tar: ../../../../../usr/local/lib/android/sdk/platforms/android-34-ext12/data/res/values-mcc432: Cannot utime: Operation not permitted
build	Cache Android SDK	2026-06-06T12:22:42.6363549Z /usr/bin/tar: ../../../../../usr/local/lib/android/sdk/platforms/android-34-ext12/data/res/values-mcc432: Cannot change mode to rwxr-xr-x: Operation not permitted
build	Cache Android SDK	2026-06-06T12:22:42.6365850Z /usr/bin/tar: ../../../../../usr/local/lib/android/sdk/platforms/android-34-ext12/data/res/values-mcc310-mnc380-ne: Cannot utime: Operation not permitted
build	Cache Android SDK	2026-06-06T12:22:42.6366792Z /usr/bin/tar: ../../../../../usr/local/lib/android/sdk/platforms/android-34-ext12/data/res/values-mcc310-mnc380-ne: Cannot change mode to rwxr-xr-x: Operation not permitted
build	Cache Android SDK	2026-06-06T12:22:42.6369227Z /usr/bin/tar: ../../../../../usr/local/lib/android/sdk/platforms/android-34-ext12/data/res/values-mcc001-mnc01-uz: Cannot utime: Operation not permitted
build	Cache Android SDK	2026-06-06T12:22:42.6370331Z /usr/bin/tar: ../../../../../usr/local/lib/android/sdk/platforms/android-34-ext12/data/res/values-mcc001-mnc01-uz: Cannot change mode to rwxr-xr-x: Operation not permitted
build	Cache Android SDK	2026-06-06T12:22:42.6372381Z /usr/bin/tar: ../../../../../usr/local/lib/android/sdk/platforms/android-34-ext12/data/res/values-mcc312-mnc670-it: Cannot utime: Operation not permitted
build	Cache Android SDK	2026-06-06T12:22:42.6373325Z /usr/bin/tar: ../../../../../usr/local/lib/android/sdk/platforms/android-34-ext12/data/res/values-mcc312-mnc670-it: Cannot change mode to rwxr-xr-x: Operation not permitted
build	Cache Android SDK	2026-06-06T12:22:42.6375814Z /usr/bin/tar: ../../../../../usr/local/lib/android/sdk/platforms/android-34-ext12/data/res/values-mcc722-mnc07: Cannot utime: Operation not permitted
build	Cache Android SDK	2026-06-06T12:22:42.6376737Z /usr/bin/tar: ../../../../../usr/local/lib/android/sdk/platforms/android-34-ext12/data/res/values-mcc722-mnc07: Cannot change mode to rwxr-xr-x: Operation not permitted
build	Cache Android SDK	2026-06-06T12:22:42.6379311Z /usr/bin/tar: ../../../../../usr/local/lib/android/sdk/platforms/android-34-ext12/data/res/values-mcc310-mnc310-eu: Cannot utime: Operation not permitted
build	Cache Android SDK	2026-06-06T12:22:42.6380275Z /usr/bin/tar: ../../../../../usr/local/lib/android/sdk/platforms/android-34-ext12/data/res/values-mcc310-mnc310-eu: Cannot change mode to rwxr-xr-x: Operation not permitted
build	Cache Android SDK	2026-06-06T12:22:42.6384456Z /usr/bin/tar: ../../../../../usr/local/lib/android/sdk/platforms/android-34-ext12/data/res/values-mcc235-mnc94: Cannot utime: Operation not permitted
build	Cache Android SDK	2026-06-06T12:22:42.6385533Z /usr/bin/tar: ../../../../../usr/local/lib/android/sdk/platforms/android-34-ext12/data/res/values-mcc235-mnc94: Cannot change mode to rwxr-xr-x: Operation not permitted
build	Cache Android SDK	2026-06-06T12:22:42.6388081Z /usr/bin/tar: ../../../../../usr/local/lib/android/sdk/platforms/android-34-ext12/data/res/values-mcc311-mnc180-sk: Cannot utime: Operation not permitted
build	Cache Android SDK	2026-06-06T12:22:42.6389329Z /usr/bin/tar: ../../../../../usr/local/lib/android/sdk/platforms/android-34-ext12/data/res/values-mcc311-mnc180-sk: Cannot change mode to rwxr-xr-x: Operation not permitted
build	Cache Android SDK	2026-06-06T12:22:42.6391332Z /usr/bin/tar: ../../../../../usr/local/lib/android/sdk/platforms/android-34-ext12/data/res/values-mcc310-mnc170-es: Cannot utime: Operation not permitted
build	Cache Android SDK	2026-06-06T12:22:42.6392297Z /usr/bin/tar: ../../../../../usr/local/lib/android/sdk/platforms/android-34-ext12/data/res/values-mcc310-mnc170-es: Cannot change mode to rwxr-xr-x: Operation not permitted
build	Cache Android SDK	2026-06-06T12:22:42.6394473Z /usr/bin/tar: ../../../../../usr/local/lib/android/sdk/platforms/android-34-ext12/data/res/values-mcc310-mnc240-my: Cannot utime: Operation not permitted
build	Cache Android SDK	2026-06-06T12:22:42.6395632Z /usr/bin/tar: ../../../../../usr/local/lib/android/sdk/platforms/android-34-ext12/data/res/values-mcc310-mnc240-my: Cannot change mode to rwxr-xr-x: Operation not permitted
build	Cache Android SDK	2026-06-06T12:22:42.6399520Z /usr/bin/tar: ../../../../../usr/local/lib/android/sdk/platforms/android-34-ext12/data/res/values-am-television: Cannot utime: Operation not permitted
build	Cache Android SDK	2026-06-06T12:22:42.6400482Z /usr/bin/tar: ../../../../../usr/local/lib/android/sdk/platforms/android-34-ext12/data/res/values-am-television: Cannot change mode to rwxr-xr-x: Operation not permitted
build	Cache Android SDK	2026-06-06T12:22:42.6403605Z /usr/bin/tar: ../../../../../usr/local/lib/android/sdk/platforms/android-34-ext12/data/res/values-mcc302-mnc370-in: Cannot utime: Operation not permitted
build	Cache Android SDK	2026-06-06T12:22:42.6404556Z /usr/bin/tar: ../../../../../usr/local/lib/android/sdk/platforms/android-34-ext12/data/res/values-mcc302-mnc370-in: Cannot change mode to rwxr-xr-x: Operation not permitted
build	Cache Android SDK	2026-06-06T12:22:42.6406864Z /usr/bin/tar: ../../../../../usr/local/lib/android/sdk/platforms/android-34-ext12/data/res/values-mcc310-mnc270-ml: Cannot utime: Operation not permitted
build	Cache Android SDK	2026-06-06T12:22:42.6407995Z /usr/bin/tar: ../../../../../usr/local/lib/android/sdk/platforms/android-34-ext12/data/res/values-mcc310-mnc270-ml: Cannot change mode to rwxr-xr-x: Operation not permitted
build	Cache Android SDK	2026-06-06T12:22:42.6410098Z /usr/bin/tar: ../../../../../usr/local/lib/android/sdk/platforms/android-34-ext12/data/res/values-mcc302-mnc370-ru: Cannot utime: Operation not permitted
build	Cache Android SDK	2026-06-06T12:22:42.6411295Z /usr/bin/tar: ../../../../../usr/local/lib/android/sdk/platforms/android-34-ext12/data/res/values-mcc302-mnc370-ru: Cannot change mode to rwxr-xr-x: Operation not permitted
build	Cache Android SDK	2026-06-06T12:22:42.6413405Z /usr/bin/tar: ../../../../../usr/local/lib/android/sdk/platforms/android-34-ext12/data/res/values-mcc310-mnc950-ro: Cannot utime: Operation not permitted
build	Cache Android SDK	2026-06-06T12:22:42.6414357Z /usr/bin/tar: ../../../../../usr/local/lib/android/sdk/platforms/android-34-ext12/data/res/values-mcc310-mnc950-ro: Cannot change mode to rwxr-xr-x: Operation not permitted
build	Cache Android SDK	2026-06-06T12:22:42.6417235Z /usr/bin/tar: ../../../../../usr/local/lib/android/sdk/platforms/android-34-ext12/data/res/values-te-watch: Cannot utime: Operation not permitted
build	Cache Android SDK	2026-06-06T12:22:42.6418394Z /usr/bin/tar: ../../../../../usr/local/lib/android/sdk/platforms/android-34-ext12/data/res/values-te-watch: Cannot change mode to rwxr-xr-x: Operation not permitted
build	Cache Android SDK	2026-06-06T12:22:42.6420365Z /usr/bin/tar: ../../../../../usr/local/lib/android/sdk/platforms/android-34-ext12/data/res/values-mcc310-mnc410-pl: Cannot utime: Operation not permitted
build	Cache Android SDK	2026-06-06T12:22:42.6421311Z /usr/bin/tar: ../../../../../usr/local/lib/android/sdk/platforms/android-34-ext12/data/res/values-mcc310-mnc410-pl: Cannot change mode to rwxr-xr-x: Operation not permitted
build	Cache Android SDK	2026-06-06T12:22:42.6423642Z /usr/bin/tar: ../../../../../usr/local/lib/android/sdk/platforms/android-34-ext12/data/res/values-mcc310-mnc220-is: Cannot utime: Operation not permitted
build	Cache Android SDK	2026-06-06T12:22:42.6424593Z /usr/bin/tar: ../../../../../usr/local/lib/android/sdk/platforms/android-34-ext12/data/res/values-mcc310-mnc220-is: Cannot change mode to rwxr-xr-x: Operation not permitted
build	Cache Android SDK	2026-06-06T12:22:42.6426674Z /usr/bin/tar: ../../../../../usr/local/lib/android/sdk/platforms/android-34-ext12/data/res/values-mcc310-mnc170-nl: Cannot utime: Operation not permitted
build	Cache Android SDK	2026-06-06T12:22:42.6427765Z /usr/bin/tar: ../../../../../usr/local/lib/android/sdk/platforms/android-34-ext12/data/res/values-mcc310-mnc170-nl: Cannot change mode to rwxr-xr-x: Operation not permitted
build	Cache Android SDK	2026-06-06T12:22:42.6429960Z /usr/bin/tar: ../../../../../usr/local/lib/android/sdk/platforms/android-34-ext12/data/res/values-mcc310-mnc380-el: Cannot utime: Operation not permitted
build	Cache Android SDK	2026-06-06T12:22:42.6430923Z /usr/bin/tar: ../../../../../usr/local/lib/android/sdk/platforms/android-34-ext12/data/res/values-mcc310-mnc380-el: Cannot change mode to rwxr-xr-x: Operation not permitted
build	Cache Android SDK	2026-06-06T12:22:42.6433365Z /usr/bin/tar: ../../../../../usr/local/lib/android/sdk/platforms/android-34-ext12/data/res/values-mcc334-mnc020-lt: Cannot utime: Operation not permitted
build	Cache Android SDK	2026-06-06T12:22:42.6434311Z /usr/bin/tar: ../../../../../usr/local/lib/android/sdk/platforms/android-34-ext12/data/res/values-mcc334-mnc020-lt: Cannot change mode to rwxr-xr-x: Operation not permitted
build	Cache Android SDK	2026-06-06T12:22:42.6436188Z /usr/bin/tar: ../../../../../usr/local/lib/android/sdk/platforms/android-34-ext12/data/res/values-mcc302-mnc370-si: Cannot utime: Operation not permitted
build	Cache Android SDK	2026-06-06T12:22:42.6437135Z /usr/bin/tar: ../../../../../usr/local/lib/android/sdk/platforms/android-34-ext12/data/res/values-mcc302-mnc370-si: Cannot change mode to rwxr-xr-x: Operation not permitted
build	Cache Android SDK	2026-06-06T12:22:42.6439796Z /usr/bin/tar: ../../../../../usr/local/lib/android/sdk/platforms/android-34-ext12/data/res/drawable-land-xhdpi: Cannot utime: Operation not permitted
build	Cache Android SDK	2026-06-06T12:22:42.6440744Z /usr/bin/tar: ../../../../../usr/local/lib/android/sdk/platforms/android-34-ext12/data/res/drawable-land-xhdpi: Cannot change mode to rwxr-xr-x: Operation not permitted
build	Cache Android SDK	2026-06-06T12:22:42.6443345Z /usr/bin/tar: ../../../../../usr/local/lib/android/sdk/platforms/android-34-ext12/data/res/values-mcc310-mnc560-ko: Cannot utime: Operation not permitted
build	Cache Android SDK	2026-06-06T12:22:42.6444318Z /usr/bin/tar: ../../../../../usr/local/lib/android/sdk/platforms/android-34-ext12/data/res/values-mcc310-mnc560-ko: Cannot change mode to rwxr-xr-x: Operation not permitted
build	Cache Android SDK	2026-06-06T12:22:42.6446464Z /usr/bin/tar: ../../../../../usr/local/lib/android/sdk/platforms/android-34-ext12/data/res/values-ms-rMY: Cannot utime: Operation not permitted
build	Cache Android SDK	2026-06-06T12:22:42.6447483Z /usr/bin/tar: ../../../../../usr/local/lib/android/sdk/platforms/android-34-ext12/data/res/values-ms-rMY: Cannot change mode to rwxr-xr-x: Operation not permitted
build	Cache Android SDK	2026-06-06T12:22:42.6450003Z /usr/bin/tar: ../../../../../usr/local/lib/android/sdk/platforms/android-34-ext12/data/res/values-mcc310-mnc230-de: Cannot utime: Operation not permitted
build	Cache Android SDK	2026-06-06T12:22:42.6450953Z /usr/bin/tar: ../../../../../usr/local/lib/android/sdk/platforms/android-34-ext12/data/res/values-mcc310-mnc230-de: Cannot change mode to rwxr-xr-x: Operation not permitted
build	Cache Android SDK	2026-06-06T12:22:42.6453223Z /usr/bin/tar: ../../../../../usr/local/lib/android/sdk/platforms/android-34-ext12/data/res/values-mcc310-mnc280-zu: Cannot utime: Operation not permitted
build	Cache Android SDK	2026-06-06T12:22:42.6454280Z /usr/bin/tar: ../../../../../usr/local/lib/android/sdk/platforms/android-34-ext12/data/res/values-mcc310-mnc280-zu: Cannot change mode to rwxr-xr-x: Operation not permitted
build	Cache Android SDK	2026-06-06T12:22:42.6456689Z /usr/bin/tar: ../../../../../usr/local/lib/android/sdk/platforms/android-34-ext12/data/res/values-mcc310-mnc230-tl: Cannot utime: Operation not permitted
build	Cache Android SDK	2026-06-06T12:22:42.6457735Z /usr/bin/tar: ../../../../../usr/local/lib/android/sdk/platforms/android-34-ext12/data/res/values-mcc310-mnc230-tl: Cannot change mode to rwxr-xr-x: Operation not permitted
build	Cache Android SDK	2026-06-06T12:22:42.6460139Z /usr/bin/tar: ../../../../../usr/local/lib/android/sdk/platforms/android-34-ext12/data/res/values-mcc310-mnc280-bs: Cannot utime: Operation not permitted
build	Cache Android SDK	2026-06-06T12:22:42.6461092Z /usr/bin/tar: ../../../../../usr/local/lib/android/sdk/platforms/android-34-ext12/data/res/values-mcc310-mnc280-bs: Cannot change mode to rwxr-xr-x: Operation not permitted
build	Cache Android SDK	2026-06-06T12:22:42.6463332Z /usr/bin/tar: ../../../../../usr/local/lib/android/sdk/platforms/android-34-ext12/data/res/values-mcc310-mnc230-af: Cannot utime: Operation not permitted
build	Cache Android SDK	2026-06-06T12:22:42.6464286Z /usr/bin/tar: ../../../../../usr/local/lib/android/sdk/platforms/android-34-ext12/data/res/values-mcc310-mnc230-af: Cannot change mode to rwxr-xr-x: Operation not permitted
build	Cache Android SDK	2026-06-06T12:22:42.6466439Z /usr/bin/tar: ../../../../../usr/local/lib/android/sdk/platforms/android-34-ext12/data/res/values-mcc310-mnc160-mk: Cannot utime: Operation not permitted
build	Cache Android SDK	2026-06-06T12:22:42.6467471Z /usr/bin/tar: ../../../../../usr/local/lib/android/sdk/platforms/android-34-ext12/data/res/values-mcc310-mnc160-mk: Cannot change mode to rwxr-xr-x: Operation not permitted
build	Cache Android SDK	2026-06-06T12:22:42.6469706Z /usr/bin/tar: ../../../../../usr/local/lib/android/sdk/platforms/android-34-ext12/data/res/values-mcc312-mnc670-bg: Cannot utime: Operation not permitted
build	Cache Android SDK	2026-06-06T12:22:42.6470649Z /usr/bin/tar: ../../../../../usr/local/lib/android/sdk/platforms/android-34-ext12/data/res/values-mcc312-mnc670-bg: Cannot change mode to rwxr-xr-x: Operation not permitted
build	Cache Android SDK	2026-06-06T12:22:42.6473522Z /usr/bin/tar: ../../../../../usr/local/lib/android/sdk/platforms/android-34-ext12/data/res/values-mcc312-mnc670-pa: Cannot utime: Operation not permitted
build	Cache Android SDK	2026-06-06T12:22:42.6474471Z /usr/bin/tar: ../../../../../usr/local/lib/android/sdk/platforms/android-34-ext12/data/res/values-mcc312-mnc670-pa: Cannot change mode to rwxr-xr-x: Operation not permitted
build	Cache Android SDK	2026-06-06T12:22:42.6476498Z /usr/bin/tar: ../../../../../usr/local/lib/android/sdk/platforms/android-34-ext12/data/res/values-w192dp: Cannot utime: Operation not permitted
build	Cache Android SDK	2026-06-06T12:22:42.6477490Z /usr/bin/tar: ../../../../../usr/local/lib/android/sdk/platforms/android-34-ext12/data/res/values-w192dp: Cannot change mode to rwxr-xr-x: Operation not permitted
build	Cache Android SDK	2026-06-06T12:22:42.6480302Z /usr/bin/tar: ../../../../../usr/local/lib/android/sdk/platforms/android-34-ext12/data/res/values-mcc310-mnc170-my: Cannot utime: Operation not permitted
build	Cache Android SDK	2026-06-06T12:22:42.6481262Z /usr/bin/tar: ../../../../../usr/local/lib/android/sdk/platforms/android-34-ext12/data/res/values-mcc310-mnc170-my: Cannot change mode to rwxr-xr-x: Operation not permitted
build	Cache Android SDK	2026-06-06T12:22:42.6484216Z /usr/bin/tar: ../../../../../usr/local/lib/android/sdk/platforms/android-34-ext12/data/res/values-sw720dp-land: Cannot utime: Operation not permitted
build	Cache Android SDK	2026-06-06T12:22:42.6486028Z /usr/bin/tar: ../../../../../usr/local/lib/android/sdk/platforms/android-34-ext12/data/res/values-sw720dp-land: Cannot change mode to rwxr-xr-x: Operation not permitted
build	Cache Android SDK	2026-06-06T12:22:42.6487569Z /usr/bin/tar: ../../../../../usr/local/lib/android/sdk/platforms/android-34-ext12/data/res/values-mcc310-mnc200-en-rAU: Cannot utime: Operation not permitted
build	Cache Android SDK	2026-06-06T12:22:42.6488728Z /usr/bin/tar: ../../../../../usr/local/lib/android/sdk/platforms/android-34-ext12/data/res/values-mcc310-mnc200-en-rAU: Cannot change mode to rwxr-xr-x: Operation not permitted
build	Cache Android SDK	2026-06-06T12:22:42.6490361Z /usr/bin/tar: ../../../../../usr/local/lib/android/sdk/platforms/android-34-ext12/data/res/values-mcc312-mnc670-pl: Cannot utime: Operation not permitted
build	Cache Android SDK	2026-06-06T12:22:42.6491316Z /usr/bin/tar: ../../../../../usr/local/lib/android/sdk/platforms/android-34-ext12/data/res/values-mcc312-mnc670-pl: Cannot change mode to rwxr-xr-x: Operation not permitted
build	Cache Android SDK	2026-06-06T12:22:42.6492808Z /usr/bin/tar: ../../../../../usr/local/lib/android/sdk/platforms/android-34-ext12/data/res/values-mcc310-mnc120: Cannot utime: Operation not permitted
build	Cache Android SDK	2026-06-06T12:22:42.6493738Z /usr/bin/tar: ../../../../../usr/local/lib/android/sdk/platforms/android-34-ext12/data/res/values-mcc310-mnc120: Cannot change mode to rwxr-xr-x: Operation not permitted
build	Cache Android SDK	2026-06-06T12:22:42.6496196Z /usr/bin/tar: ../../../../../usr/local/lib/android/sdk/platforms/android-34-ext12/data/res/values-mcc310-mnc950-b+sr+Latn: Cannot utime: Operation not permitted
build	Cache Android SDK	2026-06-06T12:22:42.6497234Z /usr/bin/tar: ../../../../../usr/local/lib/android/sdk/platforms/android-34-ext12/data/res/values-mcc310-mnc950-b+sr+Latn: Cannot change mode to rwxr-xr-x: Operation not permitted
build	Cache Android SDK	2026-06-06T12:22:42.6499737Z /usr/bin/tar: ../../../../../usr/local/lib/android/sdk/platforms/android-34-ext12/data/res/values-mcc310-mnc490-ne: Cannot utime: Operation not permitted
build	Cache Android SDK	2026-06-06T12:22:42.6500684Z /usr/bin/tar: ../../../../../usr/local/lib/android/sdk/platforms/android-34-ext12/data/res/values-mcc310-mnc490-ne: Cannot change mode to rwxr-xr-x: Operation not permitted
build	Cache Android SDK	2026-06-06T12:22:42.6503068Z /usr/bin/tar: ../../../../../usr/local/lib/android/sdk/platforms/android-34-ext12/data/res/values-mcc310-mnc230: Cannot utime: Operation not permitted
build	Cache Android SDK	2026-06-06T12:22:42.6503998Z /usr/bin/tar: ../../../../../usr/local/lib/android/sdk/platforms/android-34-ext12/data/res/values-mcc310-mnc230: Cannot change mode to rwxr-xr-x: Operation not permitted
build	Cache Android SDK	2026-06-06T12:22:42.6506311Z /usr/bin/tar: ../../../../../usr/local/lib/android/sdk/platforms/android-34-ext12/data/res/values-mcc310-mnc230-am: Cannot utime: Operation not permitted
build	Cache Android SDK	2026-06-06T12:22:42.6507279Z /usr/bin/tar: ../../../../../usr/local/lib/android/sdk/platforms/android-34-ext12/data/res/values-mcc310-mnc230-am: Cannot change mode to rwxr-xr-x: Operation not permitted
build	Cache Android SDK	2026-06-06T12:22:42.6510020Z /usr/bin/tar: ../../../../../usr/local/lib/android/sdk/platforms/android-34-ext12/data/res/raw-zh-rTW: Cannot utime: Operation not permitted
build	Cache Android SDK	2026-06-06T12:22:42.6510893Z /usr/bin/tar: ../../../../../usr/local/lib/android/sdk/platforms/android-34-ext12/data/res/raw-zh-rTW: Cannot change mode to rwxr-xr-x: Operation not permitted
build	Cache Android SDK	2026-06-06T12:22:42.6513215Z /usr/bin/tar: ../../../../../usr/local/lib/android/sdk/platforms/android-34-ext12/data/res/values-mcc310-mnc160-sv: Cannot utime: Operation not permitted
build	Cache Android SDK	2026-06-06T12:22:42.6514168Z /usr/bin/tar: ../../../../../usr/local/lib/android/sdk/platforms/android-34-ext12/data/res/values-mcc310-mnc160-sv: Cannot change mode to rwxr-xr-x: Operation not permitted
build	Cache Android SDK	2026-06-06T12:22:42.6516324Z /usr/bin/tar: ../../../../../usr/local/lib/android/sdk/platforms/android-34-ext12/data/res/values-mcc001-mnc01-et: Cannot utime: Operation not permitted
build	Cache Android SDK	2026-06-06T12:22:42.6517517Z /usr/bin/tar: ../../../../../usr/local/lib/android/sdk/platforms/android-34-ext12/data/res/values-mcc001-mnc01-et: Cannot change mode to rwxr-xr-x: Operation not permitted
build	Cache Android SDK	2026-06-06T12:22:42.6519774Z /usr/bin/tar: ../../../../../usr/local/lib/android/sdk/platforms/android-34-ext12/data/res/values-es-rGT: Cannot utime: Operation not permitted
build	Cache Android SDK	2026-06-06T12:22:42.6520663Z /usr/bin/tar: ../../../../../usr/local/lib/android/sdk/platforms/android-34-ext12/data/res/values-es-rGT: Cannot change mode to rwxr-xr-x: Operation not permitted
build	Cache Android SDK	2026-06-06T12:22:42.6522650Z /usr/bin/tar: ../../../../../usr/local/lib/android/sdk/platforms/android-34-ext12/data/res/values-mcc310-mnc030-en-rIN: Cannot utime: Operation not permitted
build	Cache Android SDK	2026-06-06T12:22:42.6523739Z /usr/bin/tar: ../../../../../usr/local/lib/android/sdk/platforms/android-34-ext12/data/res/values-mcc310-mnc030-en-rIN: Cannot change mode to rwxr-xr-x: Operation not permitted
build	Cache Android SDK	2026-06-06T12:22:42.6525957Z /usr/bin/tar: ../../../../../usr/local/lib/android/sdk/platforms/android-34-ext12/data/res/values-mcc311-mnc180-el: Cannot utime: Operation not permitted
build	Cache Android SDK	2026-06-06T12:22:42.6526918Z /usr/bin/tar: ../../../../../usr/local/lib/android/sdk/platforms/android-34-ext12/data/res/values-mcc311-mnc180-el: Cannot change mode to rwxr-xr-x: Operation not permitted
build	Cache Android SDK	2026-06-06T12:22:42.6529123Z /usr/bin/tar: ../../../../../usr/local/lib/android/sdk/platforms/android-34-ext12/data/res/values-mcc310-mnc160-en-rAU: Cannot utime: Operation not permitted
build	Cache Android SDK	2026-06-06T12:22:42.6530102Z /usr/bin/tar: ../../../../../usr/local/lib/android/sdk/platforms/android-34-ext12/data/res/values-mcc310-mnc160-en-rAU: Cannot change mode to rwxr-xr-x: Operation not permitted
build	Cache Android SDK	2026-06-06T12:22:42.6532403Z /usr/bin/tar: ../../../../../usr/local/lib/android/sdk/platforms/android-34-ext12/data/res/values-mcc302-mnc370-mn: Cannot utime: Operation not permitted
build	Cache Android SDK	2026-06-06T12:22:42.6533343Z /usr/bin/tar: ../../../../../usr/local/lib/android/sdk/platforms/android-34-ext12/data/res/values-mcc302-mnc370-mn: Cannot change mode to rwxr-xr-x: Operation not permitted
build	Cache Android SDK	2026-06-06T12:22:42.6535407Z /usr/bin/tar: ../../../../../usr/local/lib/android/sdk/platforms/android-34-ext12/data/res/values-ja-television: Cannot utime: Operation not permitted
build	Cache Android SDK	2026-06-06T12:22:42.6536337Z /usr/bin/tar: ../../../../../usr/local/lib/android/sdk/platforms/android-34-ext12/data/res/values-ja-television: Cannot change mode to rwxr-xr-x: Operation not permitted
build	Cache Android SDK	2026-06-06T12:22:42.6539153Z /usr/bin/tar: ../../../../../usr/local/lib/android/sdk/platforms/android-34-ext12/data/res/values-mcc310-mnc250-lo: Cannot utime: Operation not permitted
build	Cache Android SDK	2026-06-06T12:22:42.6540100Z /usr/bin/tar: ../../../../../usr/local/lib/android/sdk/platforms/android-34-ext12/data/res/values-mcc310-mnc250-lo: Cannot change mode to rwxr-xr-x: Operation not permitted
build	Cache Android SDK	2026-06-06T12:22:42.6544227Z /usr/bin/tar: ../../../../../usr/local/lib/android/sdk/platforms/android-34-ext12/data/res/values-mcc310-mnc410-kn: Cannot utime: Operation not permitted
build	Cache Android SDK	2026-06-06T12:22:42.6545260Z /usr/bin/tar: ../../../../../usr/local/lib/android/sdk/platforms/android-34-ext12/data/res/values-mcc310-mnc410-kn: Cannot change mode to rwxr-xr-x: Operation not permitted
build	Cache Android SDK	2026-06-06T12:22:42.6548905Z /usr/bin/tar: ../../../../../usr/local/lib/android/sdk/platforms/android-34-ext12/data/res/values-mcc310-mnc380-es: Cannot utime: Operation not permitted
build	Cache Android SDK	2026-06-06T12:22:42.6550213Z /usr/bin/tar: ../../../../../usr/local/lib/android/sdk/platforms/android-34-ext12/data/res/values-mcc310-mnc380-es: Cannot change mode to rwxr-xr-x: Operation not permitted
build	Cache Android SDK	2026-06-06T12:22:42.6551744Z /usr/bin/tar: ../../../../../usr/local/lib/android/sdk/platforms/android-34-ext12/data/res/values-mcc310-mnc160-iw: Cannot utime: Operation not permitted
build	Cache Android SDK	2026-06-06T12:22:42.6552702Z /usr/bin/tar: ../../../../../usr/local/lib/android/sdk/platforms/android-34-ext12/data/res/values-mcc310-mnc160-iw: Cannot change mode to rwxr-xr-x: Operation not permitted
build	Cache Android SDK	2026-06-06T12:22:42.6555060Z /usr/bin/tar: ../../../../../usr/local/lib/android/sdk/platforms/android-34-ext12/data/res/values-mcc310-mnc380-zh-rHK: Cannot utime: Operation not permitted
build	Cache Android SDK	2026-06-06T12:22:42.6556051Z /usr/bin/tar: ../../../../../usr/local/lib/android/sdk/platforms/android-34-ext12/data/res/values-mcc310-mnc380-zh-rHK: Cannot change mode to rwxr-xr-x: Operation not permitted
build	Cache Android SDK	2026-06-06T12:22:42.6558519Z /usr/bin/tar: ../../../../../usr/local/lib/android/sdk/platforms/android-34-ext12/data/res/values-mcc310-mnc280-ur: Cannot utime: Operation not permitted
build	Cache Android SDK	2026-06-06T12:22:42.6559558Z /usr/bin/tar: ../../../../../usr/local/lib/android/sdk/platforms/android-34-ext12/data/res/values-mcc310-mnc280-ur: Cannot change mode to rwxr-xr-x: Operation not permitted
build	Cache Android SDK	2026-06-06T12:22:42.6561297Z /usr/bin/tar: ../../../../../usr/local/lib/android/sdk/platforms/android-34-ext12/data/res/values-mcc310-mnc200-kk: Cannot utime: Operation not permitted
build	Cache Android SDK	2026-06-06T12:22:42.6562386Z /usr/bin/tar: ../../../../../usr/local/lib/android/sdk/platforms/android-34-ext12/data/res/values-mcc310-mnc200-kk: Cannot change mode to rwxr-xr-x: Operation not permitted
build	Cache Android SDK	2026-06-06T12:22:42.6564981Z /usr/bin/tar: ../../../../../usr/local/lib/android/sdk/platforms/android-34-ext12/data/res/values-es-rNI: Cannot utime: Operation not permitted
build	Cache Android SDK	2026-06-06T12:22:42.6565901Z /usr/bin/tar: ../../../../../usr/local/lib/android/sdk/platforms/android-34-ext12/data/res/values-es-rNI: Cannot change mode to rwxr-xr-x: Operation not permitted
build	Cache Android SDK	2026-06-06T12:22:42.6568512Z /usr/bin/tar: ../../../../../usr/local/lib/android/sdk/platforms/android-34-ext12/data/res/values-mcc310-mnc170-bg: Cannot utime: Operation not permitted
build	Cache Android SDK	2026-06-06T12:22:42.6569476Z /usr/bin/tar: ../../../../../usr/local/lib/android/sdk/platforms/android-34-ext12/data/res/values-mcc310-mnc170-bg: Cannot change mode to rwxr-xr-x: Operation not permitted
build	Cache Android SDK	2026-06-06T12:22:42.6572362Z /usr/bin/tar: ../../../../../usr/local/lib/android/sdk/platforms/android-34-ext12/data/res/values-nb-television: Cannot utime: Operation not permitted
build	Cache Android SDK	2026-06-06T12:22:42.6573533Z /usr/bin/tar: ../../../../../usr/local/lib/android/sdk/platforms/android-34-ext12/data/res/values-nb-television: Cannot change mode to rwxr-xr-x: Operation not permitted
build	Cache Android SDK	2026-06-06T12:22:42.6575093Z /usr/bin/tar: ../../../../../usr/local/lib/android/sdk/platforms/android-34-ext12/data/res/values-mcc310-mnc380-in: Cannot utime: Operation not permitted
build	Cache Android SDK	2026-06-06T12:22:42.6576068Z /usr/bin/tar: ../../../../../usr/local/lib/android/sdk/platforms/android-34-ext12/data/res/values-mcc310-mnc380-in: Cannot change mode to rwxr-xr-x: Operation not permitted
build	Cache Android SDK	2026-06-06T12:22:42.6578862Z /usr/bin/tar: ../../../../../usr/local/lib/android/sdk/platforms/android-34-ext12/data/res/values-zh-rTW-television: Cannot utime: Operation not permitted
build	Cache Android SDK	2026-06-06T12:22:42.6580592Z /usr/bin/tar: ../../../../../usr/local/lib/android/sdk/platforms/android-34-ext12/data/res/values-zh-rTW-television: Cannot change mode to rwxr-xr-x: Operation not permitted
build	Cache Android SDK	2026-06-06T12:22:42.6581812Z /usr/bin/tar: ../../../../../usr/local/lib/android/sdk/platforms/android-34-ext12/data/res/values-mcc310-mnc380-pt: Cannot utime: Operation not permitted
build	Cache Android SDK	2026-06-06T12:22:42.6582815Z /usr/bin/tar: ../../../../../usr/local/lib/android/sdk/platforms/android-34-ext12/data/res/values-mcc310-mnc380-pt: Cannot change mode to rwxr-xr-x: Operation not permitted
build	Cache Android SDK	2026-06-06T12:22:42.6584748Z /usr/bin/tar: ../../../../../usr/local/lib/android/sdk/platforms/android-34-ext12/data/res/values-mcc310-mnc560-kn: Cannot utime: Operation not permitted
build	Cache Android SDK	2026-06-06T12:22:42.6585744Z /usr/bin/tar: ../../../../../usr/local/lib/android/sdk/platforms/android-34-ext12/data/res/values-mcc310-mnc560-kn: Cannot change mode to rwxr-xr-x: Operation not permitted
build	Cache Android SDK	2026-06-06T12:22:42.6588134Z /usr/bin/tar: ../../../../../usr/local/lib/android/sdk/platforms/android-34-ext12/data/res/values-mcc310-mnc490-am: Cannot utime: Operation not permitted
build	Cache Android SDK	2026-06-06T12:22:42.6589496Z /usr/bin/tar: ../../../../../usr/local/lib/android/sdk/platforms/android-34-ext12/data/res/values-mcc310-mnc490-am: Cannot change mode to rwxr-xr-x: Operation not permitted
build	Cache Android SDK	2026-06-06T12:22:42.6591247Z /usr/bin/tar: ../../../../../usr/local/lib/android/sdk/platforms/android-34-ext12/data/res/values-mcc310-mnc490-sl: Cannot utime: Operation not permitted
build	Cache Android SDK	2026-06-06T12:22:42.6592231Z /usr/bin/tar: ../../../../../usr/local/lib/android/sdk/platforms/android-34-ext12/data/res/values-mcc310-mnc490-sl: Cannot change mode to rwxr-xr-x: Operation not permitted
build	Cache Android SDK	2026-06-06T12:22:42.6594513Z /usr/bin/tar: ../../../../../usr/local/lib/android/sdk/platforms/android-34-ext12/data/res/values-mcc310-mnc160-ur: Cannot utime: Operation not permitted
build	Cache Android SDK	2026-06-06T12:22:42.6595489Z /usr/bin/tar: ../../../../../usr/local/lib/android/sdk/platforms/android-34-ext12/data/res/values-mcc310-mnc160-ur: Cannot change mode to rwxr-xr-x: Operation not permitted
build	Cache Android SDK	2026-06-06T12:22:42.6662074Z /usr/bin/tar: ../../../../../usr/local/lib/android/sdk/platforms/android-34-ext12/data/res/drawable-xxxhdpi: Cannot utime: Operation not permitted
build	Cache Android SDK	2026-06-06T12:22:42.6663474Z /usr/bin/tar: ../../../../../usr/local/lib/android/sdk/platforms/android-34-ext12/data/res/drawable-xxxhdpi: Cannot change mode to rwxr-xr-x: Operation not permitted
build	Cache Android SDK	2026-06-06T12:22:42.6664705Z /usr/bin/tar: ../../../../../usr/local/lib/android/sdk/platforms/android-34-ext12/data/res/values-mcc310-mnc210-af: Cannot utime: Operation not permitted
build	Cache Android SDK	2026-06-06T12:22:42.6665723Z /usr/bin/tar: ../../../../../usr/local/lib/android/sdk/platforms/android-34-ext12/data/res/values-mcc310-mnc210-af: Cannot change mode to rwxr-xr-x: Operation not permitted
build	Cache Android SDK	2026-06-06T12:22:42.6667644Z /usr/bin/tar: ../../../../../usr/local/lib/android/sdk/platforms/android-34-ext12/data/res/values-mcc310-mnc270-ky: Cannot utime: Operation not permitted
build	Cache Android SDK	2026-06-06T12:22:42.6668247Z /usr/bin/tar: ../../../../../usr/local/lib/android/sdk/platforms/android-34-ext12/data/res/values-mcc310-mnc270-ky: Cannot change mode to rwxr-xr-x: Operation not permitted
build	Cache Android SDK	2026-06-06T12:22:42.6670430Z /usr/bin/tar: ../../../../../usr/local/lib/android/sdk/platforms/android-34-ext12/data/res/values-mcc302-mnc720-te: Cannot utime: Operation not permitted
build	Cache Android SDK	2026-06-06T12:22:42.6670988Z /usr/bin/tar: ../../../../../usr/local/lib/android/sdk/platforms/android-34-ext12/data/res/values-mcc302-mnc720-te: Cannot change mode to rwxr-xr-x: Operation not permitted
build	Cache Android SDK	2026-06-06T12:22:42.6673495Z /usr/bin/tar: ../../../../../usr/local/lib/android/sdk/platforms/android-34-ext12/data/res/values-mcc312-mnc670-en-rIN: Cannot utime: Operation not permitted
build	Cache Android SDK	2026-06-06T12:22:42.6673977Z /usr/bin/tar: ../../../../../usr/local/lib/android/sdk/platforms/android-34-ext12/data/res/values-mcc312-mnc670-en-rIN: Cannot change mode to rwxr-xr-x: Operation not permitted
build	Cache Android SDK	2026-06-06T12:22:42.6676709Z /usr/bin/tar: ../../../../../usr/local/lib/android/sdk/platforms/android-34-ext12/data/res/values-mr-watch: Cannot utime: Operation not permitted
build	Cache Android SDK	2026-06-06T12:22:42.6677218Z /usr/bin/tar: ../../../../../usr/local/lib/android/sdk/platforms/android-34-ext12/data/res/values-mr-watch: Cannot change mode to rwxr-xr-x: Operation not permitted
build	Cache Android SDK	2026-06-06T12:22:42.6680156Z /usr/bin/tar: ../../../../../usr/local/lib/android/sdk/platforms/android-34-ext12/data/res/values-mcc310-mnc160-hi: Cannot utime: Operation not permitted
build	Cache Android SDK	2026-06-06T12:22:42.6680623Z /usr/bin/tar: ../../../../../usr/local/lib/android/sdk/platforms/android-34-ext12/data/res/values-mcc310-mnc160-hi: Cannot change mode to rwxr-xr-x: Operation not permitted
build	Cache Android SDK	2026-06-06T12:22:42.6683125Z /usr/bin/tar: ../../../../../usr/local/lib/android/sdk/platforms/android-34-ext12/data/res/values-mcc334-mnc020-fr-rCA: Cannot utime: Operation not permitted
build	Cache Android SDK	2026-06-06T12:22:42.6683616Z /usr/bin/tar: ../../../../../usr/local/lib/android/sdk/platforms/android-34-ext12/data/res/values-mcc334-mnc020-fr-rCA: Cannot change mode to rwxr-xr-x: Operation not permitted
build	Cache Android SDK	2026-06-06T12:22:42.6686550Z /usr/bin/tar: ../../../../../usr/local/lib/android/sdk/platforms/android-34-ext12/data/res/values-mcc302-mnc720-lv: Cannot utime: Operation not permitted
build	Cache Android SDK	2026-06-06T12:22:42.6687242Z /usr/bin/tar: ../../../../../usr/local/lib/android/sdk/platforms/android-34-ext12/data/res/values-mcc302-mnc720-lv: Cannot change mode to rwxr-xr-x: Operation not permitted
build	Cache Android SDK	2026-06-06T12:22:42.6690118Z /usr/bin/tar: ../../../../../usr/local/lib/android/sdk/platforms/android-34-ext12/data/res/values-mcc334-mnc020-pl: Cannot utime: Operation not permitted
build	Cache Android SDK	2026-06-06T12:22:42.6690681Z /usr/bin/tar: ../../../../../usr/local/lib/android/sdk/platforms/android-34-ext12/data/res/values-mcc334-mnc020-pl: Cannot change mode to rwxr-xr-x: Operation not permitted
build	Cache Android SDK	2026-06-06T12:22:42.6693461Z /usr/bin/tar: ../../../../../usr/local/lib/android/sdk/platforms/android-34-ext12/data/res/values-mcc310-mnc230-zh-rTW: Cannot utime: Operation not permitted
build	Cache Android SDK	2026-06-06T12:22:42.6694113Z /usr/bin/tar: ../../../../../usr/local/lib/android/sdk/platforms/android-34-ext12/data/res/values-mcc310-mnc230-zh-rTW: Cannot change mode to rwxr-xr-x: Operation not permitted
build	Cache Android SDK	2026-06-06T12:22:42.6696303Z /usr/bin/tar: ../../../../../usr/local/lib/android/sdk/platforms/android-34-ext12/data/res/values-mcc311-mnc180-pt-rBR: Cannot utime: Operation not permitted
build	Cache Android SDK	2026-06-06T12:22:42.6696832Z /usr/bin/tar: ../../../../../usr/local/lib/android/sdk/platforms/android-34-ext12/data/res/values-mcc311-mnc180-pt-rBR: Cannot change mode to rwxr-xr-x: Operation not permitted
build	Cache Android SDK	2026-06-06T12:22:42.6699153Z /usr/bin/tar: ../../../../../usr/local/lib/android/sdk/platforms/android-34-ext12/data/res/values-sw600dp-port: Cannot utime: Operation not permitted
build	Cache Android SDK	2026-06-06T12:22:42.6699633Z /usr/bin/tar: ../../../../../usr/local/lib/android/sdk/platforms/android-34-ext12/data/res/values-sw600dp-port: Cannot change mode to rwxr-xr-x: Operation not permitted
build	Cache Android SDK	2026-06-06T12:22:42.6702497Z /usr/bin/tar: ../../../../../usr/local/lib/android/sdk/platforms/android-34-ext12/data/res/values-mcc310-mnc380-be: Cannot utime: Operation not permitted
build	Cache Android SDK	2026-06-06T12:22:42.6703051Z /usr/bin/tar: ../../../../../usr/local/lib/android/sdk/platforms/android-34-ext12/data/res/values-mcc310-mnc380-be: Cannot change mode to rwxr-xr-x: Operation not permitted
build	Cache Android SDK	2026-06-06T12:22:42.6705494Z /usr/bin/tar: ../../../../../usr/local/lib/android/sdk/platforms/android-34-ext12/data/res/values-mcc310-mnc280-es-rUS: Cannot utime: Operation not permitted
build	Cache Android SDK	2026-06-06T12:22:42.6706006Z /usr/bin/tar: ../../../../../usr/local/lib/android/sdk/platforms/android-34-ext12/data/res/values-mcc310-mnc280-es-rUS: Cannot change mode to rwxr-xr-x: Operation not permitted
build	Cache Android SDK	2026-06-06T12:22:42.6708864Z /usr/bin/tar: ../../../../../usr/local/lib/android/sdk/platforms/android-34-ext12/data/res/values-mcc310-mnc410-hu: Cannot utime: Operation not permitted
build	Cache Android SDK	2026-06-06T12:22:42.6709361Z /usr/bin/tar: ../../../../../usr/local/lib/android/sdk/platforms/android-34-ext12/data/res/values-mcc310-mnc410-hu: Cannot change mode to rwxr-xr-x: Operation not permitted
build	Cache Android SDK	2026-06-06T12:22:42.6712863Z /usr/bin/tar: ../../../../../usr/local/lib/android/sdk/platforms/android-34-ext12/data/res/values-mcc310-mnc170-en-rIN: Cannot utime: Operation not permitted
build	Cache Android SDK	2026-06-06T12:22:42.6713371Z /usr/bin/tar: ../../../../../usr/local/lib/android/sdk/platforms/android-34-ext12/data/res/values-mcc310-mnc170-en-rIN: Cannot change mode to rwxr-xr-x: Operation not permitted
build	Cache Android SDK	2026-06-06T12:22:42.6715630Z /usr/bin/tar: ../../../../../usr/local/lib/android/sdk/platforms/android-34-ext12/data/res/values-mcc310-mnc030-bs: Cannot utime: Operation not permitted
build	Cache Android SDK	2026-06-06T12:22:42.6716102Z /usr/bin/tar: ../../../../../usr/local/lib/android/sdk/platforms/android-34-ext12/data/res/values-mcc310-mnc030-bs: Cannot change mode to rwxr-xr-x: Operation not permitted
build	Cache Android SDK	2026-06-06T12:22:42.6721177Z /usr/bin/tar: ../../../../../usr/local/lib/android/sdk/platforms/android-34-ext12/data/res/values-mcc310-mnc250-da: Cannot utime: Operation not permitted
build	Cache Android SDK	2026-06-06T12:22:42.6721652Z /usr/bin/tar: ../../../../../usr/local/lib/android/sdk/platforms/android-34-ext12/data/res/values-mcc310-mnc250-da: Cannot change mode to rwxr-xr-x: Operation not permitted
build	Cache Android SDK	2026-06-06T12:22:42.6723837Z /usr/bin/tar: ../../../../../usr/local/lib/android/sdk/platforms/android-34-ext12/data/res/values-mcc310-mnc560-en-rGB: Cannot utime: Operation not permitted
build	Cache Android SDK	2026-06-06T12:22:42.6724313Z /usr/bin/tar: ../../../../../usr/local/lib/android/sdk/platforms/android-34-ext12/data/res/values-mcc310-mnc560-en-rGB: Cannot change mode to rwxr-xr-x: Operation not permitted
build	Cache Android SDK	2026-06-06T12:22:42.6727061Z /usr/bin/tar: ../../../../../usr/local/lib/android/sdk/platforms/android-34-ext12/data/res/values-mcc310-mnc950-sr: Cannot utime: Operation not permitted
build	Cache Android SDK	2026-06-06T12:22:42.6727698Z /usr/bin/tar: ../../../../../usr/local/lib/android/sdk/platforms/android-34-ext12/data/res/values-mcc310-mnc950-sr: Cannot change mode to rwxr-xr-x: Operation not permitted
build	Cache Android SDK	2026-06-06T12:22:42.6730491Z /usr/bin/tar: ../../../../../usr/local/lib/android/sdk/platforms/android-34-ext12/data/res/values-mcc310-mnc030-mk: Cannot utime: Operation not permitted
build	Cache Android SDK	2026-06-06T12:22:42.6730944Z /usr/bin/tar: ../../../../../usr/local/lib/android/sdk/platforms/android-34-ext12/data/res/values-mcc310-mnc030-mk: Cannot change mode to rwxr-xr-x: Operation not permitted
build	Cache Android SDK	2026-06-06T12:22:42.6733468Z /usr/bin/tar: ../../../../../usr/local/lib/android/sdk/platforms/android-34-ext12/data/res/values-mcc310-mnc560-ru: Cannot utime: Operation not permitted
build	Cache Android SDK	2026-06-06T12:22:42.6733935Z /usr/bin/tar: ../../../../../usr/local/lib/android/sdk/platforms/android-34-ext12/data/res/values-mcc310-mnc560-ru: Cannot change mode to rwxr-xr-x: Operation not permitted
build	Cache Android SDK	2026-06-06T12:22:42.6737210Z /usr/bin/tar: ../../../../../usr/local/lib/android/sdk/platforms/android-34-ext12/data/res/values-mcc310-mnc380-nb: Cannot utime: Operation not permitted
build	Cache Android SDK	2026-06-06T12:22:42.6737830Z /usr/bin/tar: ../../../../../usr/local/lib/android/sdk/platforms/android-34-ext12/data/res/values-mcc310-mnc380-nb: Cannot change mode to rwxr-xr-x: Operation not permitted
build	Cache Android SDK	2026-06-06T12:22:42.6740556Z /usr/bin/tar: ../../../../../usr/local/lib/android/sdk/platforms/android-34-ext12/data/res/values-mcc310-mnc160-fa: Cannot utime: Operation not permitted
build	Cache Android SDK	2026-06-06T12:22:42.6741023Z /usr/bin/tar: ../../../../../usr/local/lib/android/sdk/platforms/android-34-ext12/data/res/values-mcc310-mnc160-fa: Cannot change mode to rwxr-xr-x: Operation not permitted
build	Cache Android SDK	2026-06-06T12:22:42.6744912Z /usr/bin/tar: ../../../../../usr/local/lib/android/sdk/platforms/android-34-ext12/data/res/layout-sw600dp: Cannot utime: Operation not permitted
build	Cache Android SDK	2026-06-06T12:22:42.6745356Z /usr/bin/tar: ../../../../../usr/local/lib/android/sdk/platforms/android-34-ext12/data/res/layout-sw600dp: Cannot change mode to rwxr-xr-x: Operation not permitted
build	Cache Android SDK	2026-06-06T12:22:42.6747931Z /usr/bin/tar: ../../../../../usr/local/lib/android/sdk/platforms/android-34-ext12/data/res/values-mcc302-mnc720-ms: Cannot utime: Operation not permitted
build	Cache Android SDK	2026-06-06T12:22:42.6748396Z /usr/bin/tar: ../../../../../usr/local/lib/android/sdk/platforms/android-34-ext12/data/res/values-mcc302-mnc720-ms: Cannot change mode to rwxr-xr-x: Operation not permitted
build	Cache Android SDK	2026-06-06T12:22:42.6751454Z /usr/bin/tar: ../../../../../usr/local/lib/android/sdk/platforms/android-34-ext12/data/res/values-el-watch: Cannot utime: Operation not permitted
build	Cache Android SDK	2026-06-06T12:22:42.6751890Z /usr/bin/tar: ../../../../../usr/local/lib/android/sdk/platforms/android-34-ext12/data/res/values-el-watch: Cannot change mode to rwxr-xr-x: Operation not permitted
build	Cache Android SDK	2026-06-06T12:22:42.6754864Z /usr/bin/tar: ../../../../../usr/local/lib/android/sdk/platforms/android-34-ext12/data/res/values-mcc310-mnc170-mr: Cannot utime: Operation not permitted
build	Cache Android SDK	2026-06-06T12:22:42.6755339Z /usr/bin/tar: ../../../../../usr/local/lib/android/sdk/platforms/android-34-ext12/data/res/values-mcc310-mnc170-mr: Cannot change mode to rwxr-xr-x: Operation not permitted
build	Cache Android SDK	2026-06-06T12:22:42.6759677Z /usr/bin/tar: ../../../../../usr/local/lib/android/sdk/platforms/android-34-ext12/data/res/values-mcc310-mnc250-nl: Cannot utime: Operation not permitted
build	Cache Android SDK	2026-06-06T12:22:42.6760383Z /usr/bin/tar: ../../../../../usr/local/lib/android/sdk/platforms/android-34-ext12/data/res/values-mcc310-mnc250-nl: Cannot change mode to rwxr-xr-x: Operation not permitted
build	Cache Android SDK	2026-06-06T12:22:42.6762439Z /usr/bin/tar: ../../../../../usr/local/lib/android/sdk/platforms/android-34-ext12/data/res/values-mcc310-mnc950-pl: Cannot utime: Operation not permitted
build	Cache Android SDK	2026-06-06T12:22:42.6762916Z /usr/bin/tar: ../../../../../usr/local/lib/android/sdk/platforms/android-34-ext12/data/res/values-mcc310-mnc950-pl: Cannot change mode to rwxr-xr-x: Operation not permitted
build	Cache Android SDK	2026-06-06T12:22:42.6765379Z /usr/bin/tar: ../../../../../usr/local/lib/android/sdk/platforms/android-34-ext12/data/res/values-mcc312-mnc670-mk: Cannot utime: Operation not permitted
build	Cache Android SDK	2026-06-06T12:22:42.6765897Z /usr/bin/tar: ../../../../../usr/local/lib/android/sdk/platforms/android-34-ext12/data/res/values-mcc312-mnc670-mk: Cannot change mode to rwxr-xr-x: Operation not permitted
build	Cache Android SDK	2026-06-06T12:22:42.6768749Z /usr/bin/tar: ../../../../../usr/local/lib/android/sdk/platforms/android-34-ext12/data/res/values-mcc313-mnc100-fi: Cannot utime: Operation not permitted
build	Cache Android SDK	2026-06-06T12:22:42.6769368Z /usr/bin/tar: ../../../../../usr/local/lib/android/sdk/platforms/android-34-ext12/data/res/values-mcc313-mnc100-fi: Cannot change mode to rwxr-xr-x: Operation not permitted
build	Cache Android SDK	2026-06-06T12:22:42.6772366Z /usr/bin/tar: ../../../../../usr/local/lib/android/sdk/platforms/android-34-ext12/data/res/values-mcc310-mnc200-is: Cannot utime: Operation not permitted
build	Cache Android SDK	2026-06-06T12:22:42.6774010Z /usr/bin/tar: ../../../../../usr/local/lib/android/sdk/platforms/android-34-ext12/data/res/values-mcc310-mnc200-is: Cannot change mode to rwxr-xr-x: Operation not permitted
build	Cache Android SDK	2026-06-06T12:22:42.6776581Z /usr/bin/tar: ../../../../../usr/local/lib/android/sdk/platforms/android-34-ext12/data/res/values-mcc312-mnc670-sw: Cannot utime: Operation not permitted
build	Cache Android SDK	2026-06-06T12:22:42.6778489Z /usr/bin/tar: ../../../../../usr/local/lib/android/sdk/platforms/android-34-ext12/data/res/values-mcc312-mnc670-sw: Cannot change mode to rwxr-xr-x: Operation not permitted
build	Cache Android SDK	2026-06-06T12:22:42.6780408Z /usr/bin/tar: ../../../../../usr/local/lib/android/sdk/platforms/android-34-ext12/data/res/values-mcc310-mnc220-ur: Cannot utime: Operation not permitted
build	Cache Android SDK	2026-06-06T12:22:42.6782220Z /usr/bin/tar: ../../../../../usr/local/lib/android/sdk/platforms/android-34-ext12/data/res/values-mcc310-mnc220-ur: Cannot change mode to rwxr-xr-x: Operation not permitted
build	Cache Android SDK	2026-06-06T12:22:42.6784173Z /usr/bin/tar: ../../../../../usr/local/lib/android/sdk/platforms/android-34-ext12/data/res/values-mcc302-mnc370-hy: Cannot utime: Operation not permitted
build	Cache Android SDK	2026-06-06T12:22:42.6785786Z /usr/bin/tar: ../../../../../usr/local/lib/android/sdk/platforms/android-34-ext12/data/res/values-mcc302-mnc370-hy: Cannot change mode to rwxr-xr-x: Operation not permitted
build	Cache Android SDK	2026-06-06T12:22:42.6787590Z /usr/bin/tar: ../../../../../usr/local/lib/android/sdk/platforms/android-34-ext12/data/res/values-mcc310-mnc250-mn: Cannot utime: Operation not permitted
build	Cache Android SDK	2026-06-06T12:22:42.6789096Z /usr/bin/tar: ../../../../../usr/local/lib/android/sdk/platforms/android-34-ext12/data/res/values-mcc310-mnc250-mn: Cannot change mode to rwxr-xr-x: Operation not permitted
build	Cache Android SDK	2026-06-06T12:22:42.6790819Z /usr/bin/tar: ../../../../../usr/local/lib/android/sdk/platforms/android-34-ext12/data/res/values-mcc310-mnc030-sk: Cannot utime: Operation not permitted
build	Cache Android SDK	2026-06-06T12:22:42.6792619Z /usr/bin/tar: ../../../../../usr/local/lib/android/sdk/platforms/android-34-ext12/data/res/values-mcc310-mnc030-sk: Cannot change mode to rwxr-xr-x: Operation not permitted
build	Cache Android SDK	2026-06-06T12:22:42.6794224Z /usr/bin/tar: ../../../../../usr/local/lib/android/sdk/platforms/android-34-ext12/data/res/values-mcc310-mnc660-cs: Cannot utime: Operation not permitted
build	Cache Android SDK	2026-06-06T12:22:42.6796053Z /usr/bin/tar: ../../../../../usr/local/lib/android/sdk/platforms/android-34-ext12/data/res/values-mcc310-mnc660-cs: Cannot change mode to rwxr-xr-x: Operation not permitted
build	Cache Android SDK	2026-06-06T12:22:42.6797295Z /usr/bin/tar: ../../../../../usr/local/lib/android/sdk/platforms/android-34-ext12/data/res/values-mcc313-mnc100-hy: Cannot utime: Operation not permitted
build	Cache Android SDK	2026-06-06T12:22:42.6799491Z /usr/bin/tar: ../../../../../usr/local/lib/android/sdk/platforms/android-34-ext12/data/res/values-mcc313-mnc100-hy: Cannot change mode to rwxr-xr-x: Operation not permitted
build	Cache Android SDK	2026-06-06T12:22:42.6801103Z /usr/bin/tar: ../../../../../usr/local/lib/android/sdk/platforms/android-34-ext12/data/res/values-mcc310-mnc220-pt-rPT: Cannot utime: Operation not permitted
build	Cache Android SDK	2026-06-06T12:22:42.6802759Z /usr/bin/tar: ../../../../../usr/local/lib/android/sdk/platforms/android-34-ext12/data/res/values-mcc310-mnc220-pt-rPT: Cannot change mode to rwxr-xr-x: Operation not permitted
build	Cache Android SDK	2026-06-06T12:22:42.6803979Z /usr/bin/tar: ../../../../../usr/local/lib/android/sdk/platforms/android-34-ext12/data/res/values-b+sr+Latn-watch: Cannot utime: Operation not permitted
build	Cache Android SDK	2026-06-06T12:22:42.6805889Z /usr/bin/tar: ../../../../../usr/local/lib/android/sdk/platforms/android-34-ext12/data/res/values-b+sr+Latn-watch: Cannot change mode to rwxr-xr-x: Operation not permitted
build	Cache Android SDK	2026-06-06T12:22:42.6807656Z /usr/bin/tar: ../../../../../usr/local/lib/android/sdk/platforms/android-34-ext12/data/res/values-mcc334-mnc020-km: Cannot utime: Operation not permitted
build	Cache Android SDK	2026-06-06T12:22:42.6809157Z /usr/bin/tar: ../../../../../usr/local/lib/android/sdk/platforms/android-34-ext12/data/res/values-mcc334-mnc020-km: Cannot change mode to rwxr-xr-x: Operation not permitted
build	Cache Android SDK	2026-06-06T12:22:42.6810604Z /usr/bin/tar: ../../../../../usr/local/lib/android/sdk/platforms/android-34-ext12/data/res/values-mcc311-mnc180-bn: Cannot utime: Operation not permitted
build	Cache Android SDK	2026-06-06T12:22:42.6811559Z /usr/bin/tar: ../../../../../usr/local/lib/android/sdk/platforms/android-34-ext12/data/res/values-mcc311-mnc180-bn: Cannot change mode to rwxr-xr-x: Operation not permitted
build	Cache Android SDK	2026-06-06T12:22:42.6813706Z /usr/bin/tar: ../../../../../usr/local/lib/android/sdk/platforms/android-34-ext12/data/res/values-mcc334-mnc020-en-rXC: Cannot utime: Operation not permitted
build	Cache Android SDK	2026-06-06T12:22:42.6814718Z /usr/bin/tar: ../../../../../usr/local/lib/android/sdk/platforms/android-34-ext12/data/res/values-mcc334-mnc020-en-rXC: Cannot change mode to rwxr-xr-x: Operation not permitted
build	Cache Android SDK	2026-06-06T12:22:42.6821142Z /usr/bin/tar: ../../../../../usr/local/lib/android/sdk/platforms/android-34-ext12/data/res/values-ro: Cannot utime: Operation not permitted
build	Cache Android SDK	2026-06-06T12:22:42.6822051Z /usr/bin/tar: ../../../../../usr/local/lib/android/sdk/platforms/android-34-ext12/data/res/values-ro: Cannot change mode to rwxr-xr-x: Operation not permitted
build	Cache Android SDK	2026-06-06T12:22:42.6824870Z /usr/bin/tar: ../../../../../usr/local/lib/android/sdk/platforms/android-34-ext12/data/res/values-mcc310-mnc310-cs: Cannot utime: Operation not permitted
build	Cache Android SDK	2026-06-06T12:22:42.6825835Z /usr/bin/tar: ../../../../../usr/local/lib/android/sdk/platforms/android-34-ext12/data/res/values-mcc310-mnc310-cs: Cannot change mode to rwxr-xr-x: Operation not permitted
build	Cache Android SDK	2026-06-06T12:22:42.6828461Z /usr/bin/tar: ../../../../../usr/local/lib/android/sdk/platforms/android-34-ext12/data/res/values-mcc310-mnc210-bs: Cannot utime: Operation not permitted
build	Cache Android SDK	2026-06-06T12:22:42.6829426Z /usr/bin/tar: ../../../../../usr/local/lib/android/sdk/platforms/android-34-ext12/data/res/values-mcc310-mnc210-bs: Cannot change mode to rwxr-xr-x: Operation not permitted
build	Cache Android SDK	2026-06-06T12:22:42.6832572Z /usr/bin/tar: ../../../../../usr/local/lib/android/sdk/platforms/android-34-ext12/data/res/values-mcc310-mnc220-hr: Cannot utime: Operation not permitted
build	Cache Android SDK	2026-06-06T12:22:42.6833616Z /usr/bin/tar: ../../../../../usr/local/lib/android/sdk/platforms/android-34-ext12/data/res/values-mcc310-mnc220-hr: Cannot change mode to rwxr-xr-x: Operation not permitted
build	Cache Android SDK	2026-06-06T12:22:42.6835405Z /usr/bin/tar: ../../../../../usr/local/lib/android/sdk/platforms/android-34-ext12/data/res/values-mcc310-mnc560-hu: Cannot utime: Operation not permitted
build	Cache Android SDK	2026-06-06T12:22:42.6836398Z /usr/bin/tar: ../../../../../usr/local/lib/android/sdk/platforms/android-34-ext12/data/res/values-mcc310-mnc560-hu: Cannot change mode to rwxr-xr-x: Operation not permitted
build	Cache Android SDK	2026-06-06T12:22:42.6843611Z /usr/bin/tar: ../../../../../usr/local/lib/android/sdk/platforms/android-34-ext12/data/res/values-mcc313: Cannot utime: Operation not permitted
build	Cache Android SDK	2026-06-06T12:22:42.6844657Z /usr/bin/tar: ../../../../../usr/local/lib/android/sdk/platforms/android-34-ext12/data/res/values-mcc313: Cannot change mode to rwxr-xr-x: Operation not permitted
build	Cache Android SDK	2026-06-06T12:22:42.6847068Z /usr/bin/tar: ../../../../../usr/local/lib/android/sdk/platforms/android-34-ext12/data/res/values-mcc302-mnc720-uz: Cannot utime: Operation not permitted
build	Cache Android SDK	2026-06-06T12:22:42.6848201Z /usr/bin/tar: ../../../../../usr/local/lib/android/sdk/platforms/android-34-ext12/data/res/values-mcc302-mnc720-uz: Cannot change mode to rwxr-xr-x: Operation not permitted
build	Cache Android SDK	2026-06-06T12:22:42.6850988Z /usr/bin/tar: ../../../../../usr/local/lib/android/sdk/platforms/android-34-ext12/data/res/values-mcc334-mnc020-hi: Cannot utime: Operation not permitted
build	Cache Android SDK	2026-06-06T12:22:42.6852136Z /usr/bin/tar: ../../../../../usr/local/lib/android/sdk/platforms/android-34-ext12/data/res/values-mcc334-mnc020-hi: Cannot change mode to rwxr-xr-x: Operation not permitted
build	Cache Android SDK	2026-06-06T12:22:42.6857896Z /usr/bin/tar: ../../../../../usr/local/lib/android/sdk/platforms/android-34-ext12/data/res/values-mcc310-mnc410-ja: Cannot utime: Operation not permitted
build	Cache Android SDK	2026-06-06T12:22:42.6858864Z /usr/bin/tar: ../../../../../usr/local/lib/android/sdk/platforms/android-34-ext12/data/res/values-mcc310-mnc410-ja: Cannot change mode to rwxr-xr-x: Operation not permitted
build	Cache Android SDK	2026-06-06T12:22:42.6861083Z /usr/bin/tar: ../../../../../usr/local/lib/android/sdk/platforms/android-34-ext12/data/res/values-mcc310-mnc490-gl: Cannot utime: Operation not permitted
build	Cache Android SDK	2026-06-06T12:22:42.6862051Z /usr/bin/tar: ../../../../../usr/local/lib/android/sdk/platforms/android-34-ext12/data/res/values-mcc310-mnc490-gl: Cannot change mode to rwxr-xr-x: Operation not permitted
build	Cache Android SDK	2026-06-06T12:22:42.6863606Z /usr/bin/tar: ../../../../../usr/local/lib/android/sdk/platforms/android-34-ext12/data/res/values-mcc310-mnc310-de: Cannot utime: Operation not permitted
build	Cache Android SDK	2026-06-06T12:22:42.6864583Z /usr/bin/tar: ../../../../../usr/local/lib/android/sdk/platforms/android-34-ext12/data/res/values-mcc310-mnc310-de: Cannot change mode to rwxr-xr-x: Operation not permitted
build	Cache Android SDK	2026-06-06T12:22:42.6867316Z /usr/bin/tar: ../../../../../usr/local/lib/android/sdk/platforms/android-34-ext12/data/res/values-cs-television: Cannot utime: Operation not permitted
build	Cache Android SDK	2026-06-06T12:22:42.6868417Z /usr/bin/tar: ../../../../../usr/local/lib/android/sdk/platforms/android-34-ext12/data/res/values-cs-television: Cannot change mode to rwxr-xr-x: Operation not permitted
build	Cache Android SDK	2026-06-06T12:22:42.6869871Z /usr/bin/tar: ../../../../../usr/local/lib/android/sdk/platforms/android-34-ext12/data/res/values-mcc334-mnc03: Cannot utime: Operation not permitted
build	Cache Android SDK	2026-06-06T12:22:42.6870809Z /usr/bin/tar: ../../../../../usr/local/lib/android/sdk/platforms/android-34-ext12/data/res/values-mcc334-mnc03: Cannot change mode to rwxr-xr-x: Operation not permitted
build	Cache Android SDK	2026-06-06T12:22:42.6872625Z /usr/bin/tar: ../../../../../usr/local/lib/android/sdk/platforms/android-34-ext12/data/res/values-mcc312-mnc670-ne: Cannot utime: Operation not permitted
build	Cache Android SDK	2026-06-06T12:22:42.6873588Z /usr/bin/tar: ../../../../../usr/local/lib/android/sdk/platforms/android-34-ext12/data/res/values-mcc312-mnc670-ne: Cannot change mode to rwxr-xr-x: Operation not permitted
build	Cache Android SDK	2026-06-06T12:22:42.6875329Z /usr/bin/tar: ../../../../../usr/local/lib/android/sdk/platforms/android-34-ext12/data/res/values-mcc310-mnc230-en-rIN: Cannot utime: Operation not permitted
build	Cache Android SDK	2026-06-06T12:22:42.6876312Z /usr/bin/tar: ../../../../../usr/local/lib/android/sdk/platforms/android-34-ext12/data/res/values-mcc310-mnc230-en-rIN: Cannot change mode to rwxr-xr-x: Operation not permitted
build	Cache Android SDK	2026-06-06T12:22:42.6880622Z /usr/bin/tar: ../../../../../usr/local/lib/android/sdk/platforms/android-34-ext12/data/res/values-mcc310-mnc150-ne: Cannot utime: Operation not permitted
build	Cache Android SDK	2026-06-06T12:22:42.6882128Z /usr/bin/tar: ../../../../../usr/local/lib/android/sdk/platforms/android-34-ext12/data/res/values-mcc310-mnc150-ne: Cannot change mode to rwxr-xr-x: Operation not permitted
build	Cache Android SDK	2026-06-06T12:22:42.6883307Z /usr/bin/tar: ../../../../../usr/local/lib/android/sdk/platforms/android-34-ext12/data/res/values-mcc310-mnc200-ca: Cannot utime: Operation not permitted
build	Cache Android SDK	2026-06-06T12:22:42.6884779Z /usr/bin/tar: ../../../../../usr/local/lib/android/sdk/platforms/android-34-ext12/data/res/values-mcc310-mnc200-ca: Cannot change mode to rwxr-xr-x: Operation not permitted
build	Cache Android SDK	2026-06-06T12:22:42.6885851Z /usr/bin/tar: ../../../../../usr/local/lib/android/sdk/platforms/android-34-ext12/data/res/values-mcc310-mnc030-km: Cannot utime: Operation not permitted
build	Cache Android SDK	2026-06-06T12:22:42.6887196Z /usr/bin/tar: ../../../../../usr/local/lib/android/sdk/platforms/android-34-ext12/data/res/values-mcc310-mnc030-km: Cannot change mode to rwxr-xr-x: Operation not permitted
build	Cache Android SDK	2026-06-06T12:22:42.6888773Z /usr/bin/tar: ../../../../../usr/local/lib/android/sdk/platforms/android-34-ext12/data/res/values-mcc313-mnc100-pa: Cannot utime: Operation not permitted
build	Cache Android SDK	2026-06-06T12:22:42.6890264Z /usr/bin/tar: ../../../../../usr/local/lib/android/sdk/platforms/android-34-ext12/data/res/values-mcc313-mnc100-pa: Cannot change mode to rwxr-xr-x: Operation not permitted
build	Cache Android SDK	2026-06-06T12:22:42.6891217Z /usr/bin/tar: ../../../../../usr/local/lib/android/sdk/platforms/android-34-ext12/data/res/values-mcc310-mnc150-ru: Cannot utime: Operation not permitted
build	Cache Android SDK	2026-06-06T12:22:42.6892287Z /usr/bin/tar: ../../../../../usr/local/lib/android/sdk/platforms/android-34-ext12/data/res/values-mcc310-mnc150-ru: Cannot change mode to rwxr-xr-x: Operation not permitted
build	Cache Android SDK	2026-06-06T12:22:42.6893618Z /usr/bin/tar: ../../../../../usr/local/lib/android/sdk/platforms/android-34-ext12/data/res/values-mcc310-mnc560-eu: Cannot utime: Operation not permitted
build	Cache Android SDK	2026-06-06T12:22:42.6894559Z /usr/bin/tar: ../../../../../usr/local/lib/android/sdk/platforms/android-34-ext12/data/res/values-mcc310-mnc560-eu: Cannot change mode to rwxr-xr-x: Operation not permitted
build	Cache Android SDK	2026-06-06T12:22:42.6896065Z /usr/bin/tar: ../../../../../usr/local/lib/android/sdk/platforms/android-34-ext12/data/res/values-mcc310-mnc170-zh-rTW: Cannot utime: Operation not permitted
build	Cache Android SDK	2026-06-06T12:22:42.6897051Z /usr/bin/tar: ../../../../../usr/local/lib/android/sdk/platforms/android-34-ext12/data/res/values-mcc310-mnc170-zh-rTW: Cannot change mode to rwxr-xr-x: Operation not permitted
build	Cache Android SDK	2026-06-06T12:22:42.6899492Z /usr/bin/tar: ../../../../../usr/local/lib/android/sdk/platforms/android-34-ext12/data/res/values-lo-television: Cannot utime: Operation not permitted
build	Cache Android SDK	2026-06-06T12:22:42.6900439Z /usr/bin/tar: ../../../../../usr/local/lib/android/sdk/platforms/android-34-ext12/data/res/values-lo-television: Cannot change mode to rwxr-xr-x: Operation not permitted
build	Cache Android SDK	2026-06-06T12:22:42.6901906Z /usr/bin/tar: ../../../../../usr/local/lib/android/sdk/platforms/android-34-ext12/data/res/values-mcc311-mnc180-mr: Cannot utime: Operation not permitted
build	Cache Android SDK	2026-06-06T12:22:42.6902864Z /usr/bin/tar: ../../../../../usr/local/lib/android/sdk/platforms/android-34-ext12/data/res/values-mcc311-mnc180-mr: Cannot change mode to rwxr-xr-x: Operation not permitted
build	Cache Android SDK	2026-06-06T12:22:42.6905227Z /usr/bin/tar: ../../../../../usr/local/lib/android/sdk/platforms/android-34-ext12/data/res/values-mcc001-mnc01-ne: Cannot utime: Operation not permitted
build	Cache Android SDK	2026-06-06T12:22:42.6906247Z /usr/bin/tar: ../../../../../usr/local/lib/android/sdk/platforms/android-34-ext12/data/res/values-mcc001-mnc01-ne: Cannot change mode to rwxr-xr-x: Operation not permitted
build	Cache Android SDK	2026-06-06T12:22:42.6907768Z /usr/bin/tar: ../../../../../usr/local/lib/android/sdk/platforms/android-34-ext12/data/res/values-iw-watch: Cannot utime: Operation not permitted
build	Cache Android SDK	2026-06-06T12:22:42.6908687Z /usr/bin/tar: ../../../../../usr/local/lib/android/sdk/platforms/android-34-ext12/data/res/values-iw-watch: Cannot change mode to rwxr-xr-x: Operation not permitted
build	Cache Android SDK	2026-06-06T12:22:42.6910781Z /usr/bin/tar: ../../../../../usr/local/lib/android/sdk/platforms/android-34-ext12/data/res/values-mcc310-mnc560-it: Cannot utime: Operation not permitted
build	Cache Android SDK	2026-06-06T12:22:42.6911908Z /usr/bin/tar: ../../../../../usr/local/lib/android/sdk/platforms/android-34-ext12/data/res/values-mcc310-mnc560-it: Cannot change mode to rwxr-xr-x: Operation not permitted
build	Cache Android SDK	2026-06-06T12:22:42.6913562Z /usr/bin/tar: ../../../../../usr/local/lib/android/sdk/platforms/android-34-ext12/data/res/values-mcc313-mnc100-it: Cannot utime: Operation not permitted
build	Cache Android SDK	2026-06-06T12:22:42.6914520Z /usr/bin/tar: ../../../../../usr/local/lib/android/sdk/platforms/android-34-ext12/data/res/values-mcc313-mnc100-it: Cannot change mode to rwxr-xr-x: Operation not permitted
build	Cache Android SDK	2026-06-06T12:22:42.6916957Z /usr/bin/tar: ../../../../../usr/local/lib/android/sdk/platforms/android-34-ext12/data/res/values-mcc310-mnc270-pl: Cannot utime: Operation not permitted
build	Cache Android SDK	2026-06-06T12:22:42.6918193Z /usr/bin/tar: ../../../../../usr/local/lib/android/sdk/platforms/android-34-ext12/data/res/values-mcc310-mnc270-pl: Cannot change mode to rwxr-xr-x: Operation not permitted
build	Cache Android SDK	2026-06-06T12:22:42.6919935Z /usr/bin/tar: ../../../../../usr/local/lib/android/sdk/platforms/android-34-ext12/data/res/values-ca-watch: Cannot utime: Operation not permitted
build	Cache Android SDK	2026-06-06T12:22:42.6920892Z /usr/bin/tar: ../../../../../usr/local/lib/android/sdk/platforms/android-34-ext12/data/res/values-ca-watch: Cannot change mode to rwxr-xr-x: Operation not permitted
build	Cache Android SDK	2026-06-06T12:22:42.6922602Z /usr/bin/tar: ../../../../../usr/local/lib/android/sdk/platforms/android-34-ext12/data/res/values-mcc310-mnc380-ja: Cannot utime: Operation not permitted
build	Cache Android SDK	2026-06-06T12:22:42.6923551Z /usr/bin/tar: ../../../../../usr/local/lib/android/sdk/platforms/android-34-ext12/data/res/values-mcc310-mnc380-ja: Cannot change mode to rwxr-xr-x: Operation not permitted
build	Cache Android SDK	2026-06-06T12:22:42.6976231Z /usr/bin/tar: ../../../../../usr/local/lib/android/sdk/platforms/android-34-ext12/data/res/values: Cannot utime: Operation not permitted
build	Cache Android SDK	2026-06-06T12:22:42.6977209Z /usr/bin/tar: ../../../../../usr/local/lib/android/sdk/platforms/android-34-ext12/data/res/values: Cannot change mode to rwxr-xr-x: Operation not permitted
build	Cache Android SDK	2026-06-06T12:22:42.6978670Z /usr/bin/tar: ../../../../../usr/local/lib/android/sdk/platforms/android-34-ext12/data/res/raw-zh-rCN: Cannot utime: Operation not permitted
build	Cache Android SDK	2026-06-06T12:22:42.6979557Z /usr/bin/tar: ../../../../../usr/local/lib/android/sdk/platforms/android-34-ext12/data/res/raw-zh-rCN: Cannot change mode to rwxr-xr-x: Operation not permitted
build	Cache Android SDK	2026-06-06T12:22:42.6981877Z /usr/bin/tar: ../../../../../usr/local/lib/android/sdk/platforms/android-34-ext12/data/res/values-mcc310-mnc280-ro: Cannot utime: Operation not permitted
build	Cache Android SDK	2026-06-06T12:22:42.6982862Z /usr/bin/tar: ../../../../../usr/local/lib/android/sdk/platforms/android-34-ext12/data/res/values-mcc310-mnc280-ro: Cannot change mode to rwxr-xr-x: Operation not permitted
build	Cache Android SDK	2026-06-06T12:22:42.6985808Z /usr/bin/tar: ../../../../../usr/local/lib/android/sdk/platforms/android-34-ext12/data/res/values-mcc310-mnc250-en-rGB: Cannot utime: Operation not permitted
build	Cache Android SDK	2026-06-06T12:22:42.6987022Z /usr/bin/tar: ../../../../../usr/local/lib/android/sdk/platforms/android-34-ext12/data/res/values-mcc310-mnc250-en-rGB: Cannot change mode to rwxr-xr-x: Operation not permitted
build	Cache Android SDK	2026-06-06T12:22:42.6988713Z /usr/bin/tar: ../../../../../usr/local/lib/android/sdk/platforms/android-34-ext12/data/res/values-es-rCO: Cannot utime: Operation not permitted
build	Cache Android SDK	2026-06-06T12:22:42.6989754Z /usr/bin/tar: ../../../../../usr/local/lib/android/sdk/platforms/android-34-ext12/data/res/values-es-rCO: Cannot change mode to rwxr-xr-x: Operation not permitted
build	Cache Android SDK	2026-06-06T12:22:42.6992855Z /usr/bin/tar: ../../../../../usr/local/lib/android/sdk/platforms/android-34-ext12/data/res/values-mcc310-mnc170-uz: Cannot utime: Operation not permitted
build	Cache Android SDK	2026-06-06T12:22:42.6994327Z /usr/bin/tar: ../../../../../usr/local/lib/android/sdk/platforms/android-34-ext12/data/res/values-mcc310-mnc170-uz: Cannot change mode to rwxr-xr-x: Operation not permitted
build	Cache Android SDK	2026-06-06T12:22:42.6996108Z /usr/bin/tar: ../../../../../usr/local/lib/android/sdk/platforms/android-34-ext12/data/res/values-mcc310-mnc950-is: Cannot utime: Operation not permitted
build	Cache Android SDK	2026-06-06T12:22:42.6997333Z /usr/bin/tar: ../../../../../usr/local/lib/android/sdk/platforms/android-34-ext12/data/res/values-mcc310-mnc950-is: Cannot change mode to rwxr-xr-x: Operation not permitted
build	Cache Android SDK	2026-06-06T12:22:42.6999570Z /usr/bin/tar: ../../../../../usr/local/lib/android/sdk/platforms/android-34-ext12/data/res/values-pt-watch: Cannot utime: Operation not permitted
build	Cache Android SDK	2026-06-06T12:22:42.7000535Z /usr/bin/tar: ../../../../../usr/local/lib/android/sdk/platforms/android-34-ext12/data/res/values-pt-watch: Cannot change mode to rwxr-xr-x: Operation not permitted
build	Cache Android SDK	2026-06-06T12:22:42.7002562Z /usr/bin/tar: ../../../../../usr/local/lib/android/sdk/platforms/android-34-ext12/data/res/values-mcc313-mnc100-pl: Cannot utime: Operation not permitted
build	Cache Android SDK	2026-06-06T12:22:42.7003852Z /usr/bin/tar: ../../../../../usr/local/lib/android/sdk/platforms/android-34-ext12/data/res/values-mcc313-mnc100-pl: Cannot change mode to rwxr-xr-x: Operation not permitted
build	Cache Android SDK	2026-06-06T12:22:42.7006116Z /usr/bin/tar: ../../../../../usr/local/lib/android/sdk/platforms/android-34-ext12/data/res/values-mcc001-mnc01-vi: Cannot utime: Operation not permitted
build	Cache Android SDK	2026-06-06T12:22:42.7007214Z /usr/bin/tar: ../../../../../usr/local/lib/android/sdk/platforms/android-34-ext12/data/res/values-mcc001-mnc01-vi: Cannot change mode to rwxr-xr-x: Operation not permitted
build	Cache Android SDK	2026-06-06T12:22:42.7010509Z /usr/bin/tar: ../../../../../usr/local/lib/android/sdk/platforms/android-34-ext12/data/res/values-mcc313-mnc100-lv: Cannot utime: Operation not permitted
build	Cache Android SDK	2026-06-06T12:22:42.7011486Z /usr/bin/tar: ../../../../../usr/local/lib/android/sdk/platforms/android-34-ext12/data/res/values-mcc313-mnc100-lv: Cannot change mode to rwxr-xr-x: Operation not permitted
build	Cache Android SDK	2026-06-06T12:22:42.7014363Z /usr/bin/tar: ../../../../../usr/local/lib/android/sdk/platforms/android-34-ext12/data/res/values-mcc302-mnc720-gu: Cannot utime: Operation not permitted
build	Cache Android SDK	2026-06-06T12:22:42.7015336Z /usr/bin/tar: ../../../../../usr/local/lib/android/sdk/platforms/android-34-ext12/data/res/values-mcc302-mnc720-gu: Cannot change mode to rwxr-xr-x: Operation not permitted
build	Cache Android SDK	2026-06-06T12:22:42.7017600Z /usr/bin/tar: ../../../../../usr/local/lib/android/sdk/platforms/android-34-ext12/data/res/values-mcc302-mnc370-zh-rCN: Cannot utime: Operation not permitted
build	Cache Android SDK	2026-06-06T12:22:42.7019078Z /usr/bin/tar: ../../../../../usr/local/lib/android/sdk/platforms/android-34-ext12/data/res/values-mcc302-mnc370-zh-rCN: Cannot change mode to rwxr-xr-x: Operation not permitted
build	Cache Android SDK	2026-06-06T12:22:42.7020776Z /usr/bin/tar: ../../../../../usr/local/lib/android/sdk/platforms/android-34-ext12/data/res/values-th-watch: Cannot utime: Operation not permitted
build	Cache Android SDK	2026-06-06T12:22:42.7021814Z /usr/bin/tar: ../../../../../usr/local/lib/android/sdk/platforms/android-34-ext12/data/res/values-th-watch: Cannot change mode to rwxr-xr-x: Operation not permitted
build	Cache Android SDK	2026-06-06T12:22:42.7023636Z /usr/bin/tar: ../../../../../usr/local/lib/android/sdk/platforms/android-34-ext12/data/res/values-mcc310-mnc250-ta: Cannot utime: Operation not permitted
build	Cache Android SDK	2026-06-06T12:22:42.7024675Z /usr/bin/tar: ../../../../../usr/local/lib/android/sdk/platforms/android-34-ext12/data/res/values-mcc310-mnc250-ta: Cannot change mode to rwxr-xr-x: Operation not permitted
build	Cache Android SDK	2026-06-06T12:22:42.7026515Z /usr/bin/tar: ../../../../../usr/local/lib/android/sdk/platforms/android-34-ext12/data/res/values-mcc310-mnc560-mk: Cannot utime: Operation not permitted
build	Cache Android SDK	2026-06-06T12:22:42.7027570Z /usr/bin/tar: ../../../../../usr/local/lib/android/sdk/platforms/android-34-ext12/data/res/values-mcc310-mnc560-mk: Cannot change mode to rwxr-xr-x: Operation not permitted
build	Cache Android SDK	2026-06-06T12:22:42.7030038Z /usr/bin/tar: ../../../../../usr/local/lib/android/sdk/platforms/android-34-ext12/data/res/values-mcc466-mnc02: Cannot utime: Operation not permitted
build	Cache Android SDK	2026-06-06T12:22:42.7031156Z /usr/bin/tar: ../../../../../usr/local/lib/android/sdk/platforms/android-34-ext12/data/res/values-mcc466-mnc02: Cannot change mode to rwxr-xr-x: Operation not permitted
build	Cache Android SDK	2026-06-06T12:22:42.7032544Z /usr/bin/tar: ../../../../../usr/local/lib/android/sdk/platforms/android-34-ext12/data/res/values-mcc310-mnc030: Cannot utime: Operation not permitted
build	Cache Android SDK	2026-06-06T12:22:42.7033477Z /usr/bin/tar: ../../../../../usr/local/lib/android/sdk/platforms/android-34-ext12/data/res/values-mcc310-mnc030: Cannot change mode to rwxr-xr-x: Operation not permitted
build	Cache Android SDK	2026-06-06T12:22:42.7036142Z /usr/bin/tar: ../../../../../usr/local/lib/android/sdk/platforms/android-34-ext12/data/res/values-mcc310-mnc150-sq: Cannot utime: Operation not permitted
build	Cache Android SDK	2026-06-06T12:22:42.7037226Z /usr/bin/tar: ../../../../../usr/local/lib/android/sdk/platforms/android-34-ext12/data/res/values-mcc310-mnc150-sq: Cannot change mode to rwxr-xr-x: Operation not permitted
build	Cache Android SDK	2026-06-06T12:22:42.7038988Z /usr/bin/tar: ../../../../../usr/local/lib/android/sdk/platforms/android-34-ext12/data/res/values-mcc310-mnc220-uz: Cannot utime: Operation not permitted
build	Cache Android SDK	2026-06-06T12:22:42.7040160Z /usr/bin/tar: ../../../../../usr/local/lib/android/sdk/platforms/android-34-ext12/data/res/values-mcc310-mnc220-uz: Cannot change mode to rwxr-xr-x: Operation not permitted
build	Cache Android SDK	2026-06-06T12:22:42.7041923Z /usr/bin/tar: ../../../../../usr/local/lib/android/sdk/platforms/android-34-ext12/data/res/values-mcc310-mnc380-es-rUS: Cannot utime: Operation not permitted
build	Cache Android SDK	2026-06-06T12:22:42.7042910Z /usr/bin/tar: ../../../../../usr/local/lib/android/sdk/platforms/android-34-ext12/data/res/values-mcc310-mnc380-es-rUS: Cannot change mode to rwxr-xr-x: Operation not permitted
build	Cache Android SDK	2026-06-06T12:22:42.7045283Z /usr/bin/tar: ../../../../../usr/local/lib/android/sdk/platforms/android-34-ext12/data/res/values-hu-watch: Cannot utime: Operation not permitted
build	Cache Android SDK	2026-06-06T12:22:42.7046392Z /usr/bin/tar: ../../../../../usr/local/lib/android/sdk/platforms/android-34-ext12/data/res/values-hu-watch: Cannot change mode to rwxr-xr-x: Operation not permitted
build	Cache Android SDK	2026-06-06T12:22:42.7048167Z /usr/bin/tar: ../../../../../usr/local/lib/android/sdk/platforms/android-34-ext12/data/res/values-mcc311-mnc180-et: Cannot utime: Operation not permitted
build	Cache Android SDK	2026-06-06T12:22:42.7049198Z /usr/bin/tar: ../../../../../usr/local/lib/android/sdk/platforms/android-34-ext12/data/res/values-mcc311-mnc180-et: Cannot change mode to rwxr-xr-x: Operation not permitted
build	Cache Android SDK	2026-06-06T12:22:42.7050970Z /usr/bin/tar: ../../../../../usr/local/lib/android/sdk/platforms/android-34-ext12/data/res/values-mcc310-mnc800-my: Cannot utime: Operation not permitted
build	Cache Android SDK	2026-06-06T12:22:42.7051999Z /usr/bin/tar: ../../../../../usr/local/lib/android/sdk/platforms/android-34-ext12/data/res/values-mcc310-mnc800-my: Cannot change mode to rwxr-xr-x: Operation not permitted
build	Cache Android SDK	2026-06-06T12:22:42.7053648Z /usr/bin/tar: ../../../../../usr/local/lib/android/sdk/platforms/android-34-ext12/data/res/values-mcc310-mnc150-pl: Cannot utime: Operation not permitted
build	Cache Android SDK	2026-06-06T12:22:42.7054680Z /usr/bin/tar: ../../../../../usr/local/lib/android/sdk/platforms/android-34-ext12/data/res/values-mcc310-mnc150-pl: Cannot change mode to rwxr-xr-x: Operation not permitted
build	Cache Android SDK	2026-06-06T12:22:42.7056462Z /usr/bin/tar: ../../../../../usr/local/lib/android/sdk/platforms/android-34-ext12/data/res/values-mcc302-mnc370-ja: Cannot utime: Operation not permitted
build	Cache Android SDK	2026-06-06T12:22:42.7057692Z /usr/bin/tar: ../../../../../usr/local/lib/android/sdk/platforms/android-34-ext12/data/res/values-mcc302-mnc370-ja: Cannot change mode to rwxr-xr-x: Operation not permitted
build	Cache Android SDK	2026-06-06T12:22:42.7059516Z /usr/bin/tar: ../../../../../usr/local/lib/android/sdk/platforms/android-34-ext12/data/res/values-mcc302-mnc370-my: Cannot utime: Operation not permitted
build	Cache Android SDK	2026-06-06T12:22:42.7060556Z /usr/bin/tar: ../../../../../usr/local/lib/android/sdk/platforms/android-34-ext12/data/res/values-mcc302-mnc370-my: Cannot change mode to rwxr-xr-x: Operation not permitted
build	Cache Android SDK	2026-06-06T12:22:42.7066958Z /usr/bin/tar: ../../../../../usr/local/lib/android/sdk/platforms/android-34-ext12/data/res/drawable-sw600dp-xhdpi: Cannot utime: Operation not permitted
build	Cache Android SDK	2026-06-06T12:22:42.7068707Z /usr/bin/tar: ../../../../../usr/local/lib/android/sdk/platforms/android-34-ext12/data/res/drawable-sw600dp-xhdpi: Cannot change mode to rwxr-xr-x: Operation not permitted
build	Cache Android SDK	2026-06-06T12:22:42.7070100Z /usr/bin/tar: ../../../../../usr/local/lib/android/sdk/platforms/android-34-ext12/data/res/values-mcc510-mnc89: Cannot utime: Operation not permitted
build	Cache Android SDK	2026-06-06T12:22:42.7071055Z /usr/bin/tar: ../../../../../usr/local/lib/android/sdk/platforms/android-34-ext12/data/res/values-mcc510-mnc89: Cannot change mode to rwxr-xr-x: Operation not permitted
build	Cache Android SDK	2026-06-06T12:22:42.7075947Z /usr/bin/tar: ../../../../../usr/local/lib/android/sdk/platforms/android-34-ext12/data/res/values-mcc313-mnc100-gl: Cannot utime: Operation not permitted
build	Cache Android SDK	2026-06-06T12:22:42.7076897Z /usr/bin/tar: ../../../../../usr/local/lib/android/sdk/platforms/android-34-ext12/data/res/values-mcc313-mnc100-gl: Cannot change mode to rwxr-xr-x: Operation not permitted
build	Cache Android SDK	2026-06-06T12:22:42.7081738Z /usr/bin/tar: ../../../../../usr/local/lib/android/sdk/platforms/android-34-ext12/data/res/values-mcc310-mnc490-da: Cannot utime: Operation not permitted
build	Cache Android SDK	2026-06-06T12:22:42.7082691Z /usr/bin/tar: ../../../../../usr/local/lib/android/sdk/platforms/android-34-ext12/data/res/values-mcc310-mnc490-da: Cannot change mode to rwxr-xr-x: Operation not permitted
build	Cache Android SDK	2026-06-06T12:22:42.7085177Z /usr/bin/tar: ../../../../../usr/local/lib/android/sdk/platforms/android-34-ext12/data/res/values-mcc310-mnc240-uz: Cannot utime: Operation not permitted
build	Cache Android SDK	2026-06-06T12:22:42.7086132Z /usr/bin/tar: ../../../../../usr/local/lib/android/sdk/platforms/android-34-ext12/data/res/values-mcc310-mnc240-uz: Cannot change mode to rwxr-xr-x: Operation not permitted
build	Cache Android SDK	2026-06-06T12:22:42.7088471Z /usr/bin/tar: ../../../../../usr/local/lib/android/sdk/platforms/android-34-ext12/data/res/values-mcc310-mnc170-ky: Cannot utime: Operation not permitted
build	Cache Android SDK	2026-06-06T12:22:42.7089445Z /usr/bin/tar: ../../../../../usr/local/lib/android/sdk/platforms/android-34-ext12/data/res/values-mcc310-mnc170-ky: Cannot change mode to rwxr-xr-x: Operation not permitted
build	Cache Android SDK	2026-06-06T12:22:42.7091693Z /usr/bin/tar: ../../../../../usr/local/lib/android/sdk/platforms/android-34-ext12/data/res/values-mcc310-mnc950-az: Cannot utime: Operation not permitted
build	Cache Android SDK	2026-06-06T12:22:42.7092651Z /usr/bin/tar: ../../../../../usr/local/lib/android/sdk/platforms/android-34-ext12/data/res/values-mcc310-mnc950-az: Cannot change mode to rwxr-xr-x: Operation not permitted
build	Cache Android SDK	2026-06-06T12:22:42.7094976Z /usr/bin/tar: ../../../../../usr/local/lib/android/sdk/platforms/android-34-ext12/data/res/values-mcc310-mnc220-zh-rTW: Cannot utime: Operation not permitted
build	Cache Android SDK	2026-06-06T12:22:42.7095955Z /usr/bin/tar: ../../../../../usr/local/lib/android/sdk/platforms/android-34-ext12/data/res/values-mcc310-mnc220-zh-rTW: Cannot change mode to rwxr-xr-x: Operation not permitted
build	Cache Android SDK	2026-06-06T12:22:42.7099048Z /usr/bin/tar: ../../../../../usr/local/lib/android/sdk/platforms/android-34-ext12/data/res/values-mcc310-mnc150-ky: Cannot utime: Operation not permitted
build	Cache Android SDK	2026-06-06T12:22:42.7099998Z /usr/bin/tar: ../../../../../usr/local/lib/android/sdk/platforms/android-34-ext12/data/res/values-mcc310-mnc150-ky: Cannot change mode to rwxr-xr-x: Operation not permitted
build	Cache Android SDK	2026-06-06T12:22:42.7102290Z /usr/bin/tar: ../../../../../usr/local/lib/android/sdk/platforms/android-34-ext12/data/res/values-mcc310-mnc950-hi: Cannot utime: Operation not permitted
build	Cache Android SDK	2026-06-06T12:22:42.7103240Z /usr/bin/tar: ../../../../../usr/local/lib/android/sdk/platforms/android-34-ext12/data/res/values-mcc310-mnc950-hi: Cannot change mode to rwxr-xr-x: Operation not permitted
build	Cache Android SDK	2026-06-06T12:22:42.7105561Z /usr/bin/tar: ../../../../../usr/local/lib/android/sdk/platforms/android-34-ext12/data/res/values-mcc310-mnc250-th: Cannot utime: Operation not permitted
build	Cache Android SDK	2026-06-06T12:22:42.7106505Z /usr/bin/tar: ../../../../../usr/local/lib/android/sdk/platforms/android-34-ext12/data/res/values-mcc310-mnc250-th: Cannot change mode to rwxr-xr-x: Operation not permitted
build	Cache Android SDK	2026-06-06T12:22:42.7110166Z /usr/bin/tar: ../../../../../usr/local/lib/android/sdk/platforms/android-34-ext12/data/res/values-round-watch: Cannot utime: Operation not permitted
build	Cache Android SDK	2026-06-06T12:22:42.7111289Z /usr/bin/tar: ../../../../../usr/local/lib/android/sdk/platforms/android-34-ext12/data/res/values-round-watch: Cannot change mode to rwxr-xr-x: Operation not permitted
build	Cache Android SDK	2026-06-06T12:22:42.7113685Z /usr/bin/tar: ../../../../../usr/local/lib/android/sdk/platforms/android-34-ext12/data/res/values-mcc310-mnc160-te: Cannot utime: Operation not permitted
build	Cache Android SDK	2026-06-06T12:22:42.7114638Z /usr/bin/tar: ../../../../../usr/local/lib/android/sdk/platforms/android-34-ext12/data/res/values-mcc310-mnc160-te: Cannot change mode to rwxr-xr-x: Operation not permitted
build	Cache Android SDK	2026-06-06T12:22:42.7117538Z /usr/bin/tar: ../../../../../usr/local/lib/android/sdk/platforms/android-34-ext12/data/res/color-watch: Cannot utime: Operation not permitted
build	Cache Android SDK	2026-06-06T12:22:42.7118542Z /usr/bin/tar: ../../../../../usr/local/lib/android/sdk/platforms/android-34-ext12/data/res/color-watch: Cannot change mode to rwxr-xr-x: Operation not permitted
build	Cache Android SDK	2026-06-06T12:22:42.7121042Z /usr/bin/tar: ../../../../../usr/local/lib/android/sdk/platforms/android-34-ext12/data/res/values-mcc310-mnc950-mr: Cannot utime: Operation not permitted
build	Cache Android SDK	2026-06-06T12:22:42.7122010Z /usr/bin/tar: ../../../../../usr/local/lib/android/sdk/platforms/android-34-ext12/data/res/values-mcc310-mnc950-mr: Cannot change mode to rwxr-xr-x: Operation not permitted
build	Cache Android SDK	2026-06-06T12:22:42.7124272Z /usr/bin/tar: ../../../../../usr/local/lib/android/sdk/platforms/android-34-ext12/data/res/values-mcc312-mnc670-is: Cannot utime: Operation not permitted
build	Cache Android SDK	2026-06-06T12:22:42.7125232Z /usr/bin/tar: ../../../../../usr/local/lib/android/sdk/platforms/android-34-ext12/data/res/values-mcc312-mnc670-is: Cannot change mode to rwxr-xr-x: Operation not permitted
build	Cache Android SDK	2026-06-06T12:22:42.7127734Z /usr/bin/tar: ../../../../../usr/local/lib/android/sdk/platforms/android-34-ext12/data/res/values-mcc310-mnc030-it: Cannot utime: Operation not permitted
build	Cache Android SDK	2026-06-06T12:22:42.7128707Z /usr/bin/tar: ../../../../../usr/local/lib/android/sdk/platforms/android-34-ext12/data/res/values-mcc310-mnc030-it: Cannot change mode to rwxr-xr-x: Operation not permitted
build	Cache Android SDK	2026-06-06T12:22:42.7131022Z /usr/bin/tar: ../../../../../usr/local/lib/android/sdk/platforms/android-34-ext12/data/res/values-mcc313-mnc100-ky: Cannot utime: Operation not permitted
build	Cache Android SDK	2026-06-06T12:22:42.7131961Z /usr/bin/tar: ../../../../../usr/local/lib/android/sdk/platforms/android-34-ext12/data/res/values-mcc313-mnc100-ky: Cannot change mode to rwxr-xr-x: Operation not permitted
build	Cache Android SDK	2026-06-06T12:22:42.7133996Z /usr/bin/tar: ../../../../../usr/local/lib/android/sdk/platforms/android-34-ext12/data/res/values-mcc311-mnc180-en-rAU: Cannot utime: Operation not permitted
build	Cache Android SDK	2026-06-06T12:22:42.7134971Z /usr/bin/tar: ../../../../../usr/local/lib/android/sdk/platforms/android-34-ext12/data/res/values-mcc311-mnc180-en-rAU: Cannot change mode to rwxr-xr-x: Operation not permitted
build	Cache Android SDK	2026-06-06T12:22:42.7138265Z /usr/bin/tar: ../../../../../usr/local/lib/android/sdk/platforms/android-34-ext12/data/res/values-mcc310-mnc490-sr: Cannot utime: Operation not permitted
build	Cache Android SDK	2026-06-06T12:22:42.7139231Z /usr/bin/tar: ../../../../../usr/local/lib/android/sdk/platforms/android-34-ext12/data/res/values-mcc310-mnc490-sr: Cannot change mode to rwxr-xr-x: Operation not permitted
build	Cache Android SDK	2026-06-06T12:22:42.7141370Z /usr/bin/tar: ../../../../../usr/local/lib/android/sdk/platforms/android-34-ext12/data/res/values-mcc310-mnc560-uz: Cannot utime: Operation not permitted
build	Cache Android SDK	2026-06-06T12:22:42.7142315Z /usr/bin/tar: ../../../../../usr/local/lib/android/sdk/platforms/android-34-ext12/data/res/values-mcc310-mnc560-uz: Cannot change mode to rwxr-xr-x: Operation not permitted
build	Cache Android SDK	2026-06-06T12:22:42.7144465Z /usr/bin/tar: ../../../../../usr/local/lib/android/sdk/platforms/android-34-ext12/data/res/values-mcc310-mnc490-sw: Cannot utime: Operation not permitted
build	Cache Android SDK	2026-06-06T12:22:42.7145433Z /usr/bin/tar: ../../../../../usr/local/lib/android/sdk/platforms/android-34-ext12/data/res/values-mcc310-mnc490-sw: Cannot change mode to rwxr-xr-x: Operation not permitted
build	Cache Android SDK	2026-06-06T12:22:42.7147984Z /usr/bin/tar: ../../../../../usr/local/lib/android/sdk/platforms/android-34-ext12/data/res/values-mcc302-mnc370-is: Cannot utime: Operation not permitted
build	Cache Android SDK	2026-06-06T12:22:42.7148926Z /usr/bin/tar: ../../../../../usr/local/lib/android/sdk/platforms/android-34-ext12/data/res/values-mcc302-mnc370-is: Cannot change mode to rwxr-xr-x: Operation not permitted
build	Cache Android SDK	2026-06-06T12:22:42.7151371Z /usr/bin/tar: ../../../../../usr/local/lib/android/sdk/platforms/android-34-ext12/data/res/values-mcc302-mnc610: Cannot utime: Operation not permitted
build	Cache Android SDK	2026-06-06T12:22:42.7152297Z /usr/bin/tar: ../../../../../usr/local/lib/android/sdk/platforms/android-34-ext12/data/res/values-mcc302-mnc610: Cannot change mode to rwxr-xr-x: Operation not permitted
build	Cache Android SDK	2026-06-06T12:22:42.7154377Z /usr/bin/tar: ../../../../../usr/local/lib/android/sdk/platforms/android-34-ext12/data/res/values-mcc310-mnc800-el: Cannot utime: Operation not permitted
build	Cache Android SDK	2026-06-06T12:22:42.7155535Z /usr/bin/tar: ../../../../../usr/local/lib/android/sdk/platforms/android-34-ext12/data/res/values-mcc310-mnc800-el: Cannot change mode to rwxr-xr-x: Operation not permitted
build	Cache Android SDK	2026-06-06T12:22:42.7157342Z /usr/bin/tar: ../../../../../usr/local/lib/android/sdk/platforms/android-34-ext12/data/res/values-mcc302-mnc720-gl: Cannot utime: Operation not permitted
build	Cache Android SDK	2026-06-06T12:22:42.7158523Z /usr/bin/tar: ../../../../../usr/local/lib/android/sdk/platforms/android-34-ext12/data/res/values-mcc302-mnc720-gl: Cannot change mode to rwxr-xr-x: Operation not permitted
build	Cache Android SDK	2026-06-06T12:22:42.7160352Z /usr/bin/tar: ../../../../../usr/local/lib/android/sdk/platforms/android-34-ext12/data/res/values-nl-television: Cannot utime: Operation not permitted
build	Cache Android SDK	2026-06-06T12:22:42.7161299Z /usr/bin/tar: ../../../../../usr/local/lib/android/sdk/platforms/android-34-ext12/data/res/values-nl-television: Cannot change mode to rwxr-xr-x: Operation not permitted
build	Cache Android SDK	2026-06-06T12:22:42.7163347Z /usr/bin/tar: ../../../../../usr/local/lib/android/sdk/platforms/android-34-ext12/data/res/values-mcc334-mnc020-mk: Cannot utime: Operation not permitted
build	Cache Android SDK	2026-06-06T12:22:42.7164305Z /usr/bin/tar: ../../../../../usr/local/lib/android/sdk/platforms/android-34-ext12/data/res/values-mcc334-mnc020-mk: Cannot change mode to rwxr-xr-x: Operation not permitted
build	Cache Android SDK	2026-06-06T12:22:42.7166500Z /usr/bin/tar: ../../../../../usr/local/lib/android/sdk/platforms/android-34-ext12/data/res/values-mcc310-mnc950-de: Cannot utime: Operation not permitted
build	Cache Android SDK	2026-06-06T12:22:42.7167591Z /usr/bin/tar: ../../../../../usr/local/lib/android/sdk/platforms/android-34-ext12/data/res/values-mcc310-mnc950-de: Cannot change mode to rwxr-xr-x: Operation not permitted
build	Cache Android SDK	2026-06-06T12:22:42.7169845Z /usr/bin/tar: ../../../../../usr/local/lib/android/sdk/platforms/android-34-ext12/data/res/values-mcc310-mnc270-lt: Cannot utime: Operation not permitted
build	Cache Android SDK	2026-06-06T12:22:42.7170801Z /usr/bin/tar: ../../../../../usr/local/lib/android/sdk/platforms/android-34-ext12/data/res/values-mcc310-mnc270-lt: Cannot change mode to rwxr-xr-x: Operation not permitted
build	Cache Android SDK	2026-06-06T12:22:42.7173279Z /usr/bin/tar: ../../../../../usr/local/lib/android/sdk/platforms/android-34-ext12/data/res/values-mcc310-mnc410-sk: Cannot utime: Operation not permitted
build	Cache Android SDK	2026-06-06T12:22:42.7174226Z /usr/bin/tar: ../../../../../usr/local/lib/android/sdk/platforms/android-34-ext12/data/res/values-mcc310-mnc410-sk: Cannot change mode to rwxr-xr-x: Operation not permitted
build	Cache Android SDK	2026-06-06T12:22:42.7176277Z /usr/bin/tar: ../../../../../usr/local/lib/android/sdk/platforms/android-34-ext12/data/res/values-mcc001-mnc01-sq: Cannot utime: Operation not permitted
build	Cache Android SDK	2026-06-06T12:22:42.7177227Z /usr/bin/tar: ../../../../../usr/local/lib/android/sdk/platforms/android-34-ext12/data/res/values-mcc001-mnc01-sq: Cannot change mode to rwxr-xr-x: Operation not permitted
build	Cache Android SDK	2026-06-06T12:22:42.7179581Z /usr/bin/tar: ../../../../../usr/local/lib/android/sdk/platforms/android-34-ext12/data/res/values-mcc310-mnc230-sl: Cannot utime: Operation not permitted
build	Cache Android SDK	2026-06-06T12:22:42.7180566Z /usr/bin/tar: ../../../../../usr/local/lib/android/sdk/platforms/android-34-ext12/data/res/values-mcc310-mnc230-sl: Cannot change mode to rwxr-xr-x: Operation not permitted
build	Cache Android SDK	2026-06-06T12:22:42.7182806Z /usr/bin/tar: ../../../../../usr/local/lib/android/sdk/platforms/android-34-ext12/data/res/values-mcc310-mnc240-en-rIN: Cannot utime: Operation not permitted
build	Cache Android SDK	2026-06-06T12:22:42.7183792Z /usr/bin/tar: ../../../../../usr/local/lib/android/sdk/platforms/android-34-ext12/data/res/values-mcc310-mnc240-en-rIN: Cannot change mode to rwxr-xr-x: Operation not permitted
build	Cache Android SDK	2026-06-06T12:22:42.7185879Z /usr/bin/tar: ../../../../../usr/local/lib/android/sdk/platforms/android-34-ext12/data/res/values-mcc310-mnc560-my: Cannot utime: Operation not permitted
build	Cache Android SDK	2026-06-06T12:22:42.7186834Z /usr/bin/tar: ../../../../../usr/local/lib/android/sdk/platforms/android-34-ext12/data/res/values-mcc310-mnc560-my: Cannot change mode to rwxr-xr-x: Operation not permitted
build	Cache Android SDK	2026-06-06T12:22:42.7189163Z /usr/bin/tar: ../../../../../usr/local/lib/android/sdk/platforms/android-34-ext12/data/res/values-mcc001-mnc01-ca: Cannot utime: Operation not permitted
build	Cache Android SDK	2026-06-06T12:22:42.7190111Z /usr/bin/tar: ../../../../../usr/local/lib/android/sdk/platforms/android-34-ext12/data/res/values-mcc001-mnc01-ca: Cannot change mode to rwxr-xr-x: Operation not permitted
build	Cache Android SDK	2026-06-06T12:22:42.7192172Z /usr/bin/tar: ../../../../../usr/local/lib/android/sdk/platforms/android-34-ext12/data/res/values-mcc310-mnc220-be: Cannot utime: Operation not permitted
build	Cache Android SDK	2026-06-06T12:22:42.7193129Z /usr/bin/tar: ../../../../../usr/local/lib/android/sdk/platforms/android-34-ext12/data/res/values-mcc310-mnc220-be: Cannot change mode to rwxr-xr-x: Operation not permitted
build	Cache Android SDK	2026-06-06T12:22:42.7195433Z /usr/bin/tar: ../../../../../usr/local/lib/android/sdk/platforms/android-34-ext12/data/res/values-mcc334-mnc020-fi: Cannot utime: Operation not permitted
build	Cache Android SDK	2026-06-06T12:22:42.7196384Z /usr/bin/tar: ../../../../../usr/local/lib/android/sdk/platforms/android-34-ext12/data/res/values-mcc334-mnc020-fi: Cannot change mode to rwxr-xr-x: Operation not permitted
build	Cache Android SDK	2026-06-06T12:22:42.7199258Z /usr/bin/tar: ../../../../../usr/local/lib/android/sdk/platforms/android-34-ext12/data/res/values-mcc302-mnc370-kk: Cannot utime: Operation not permitted
build	Cache Android SDK	2026-06-06T12:22:42.7200195Z /usr/bin/tar: ../../../../../usr/local/lib/android/sdk/platforms/android-34-ext12/data/res/values-mcc302-mnc370-kk: Cannot change mode to rwxr-xr-x: Operation not permitted
build	Cache Android SDK	2026-06-06T12:22:42.7204040Z /usr/bin/tar: ../../../../../usr/local/lib/android/sdk/platforms/android-34-ext12/data/res/values-mcc311-mnc180-kk: Cannot utime: Operation not permitted
build	Cache Android SDK	2026-06-06T12:22:42.7205174Z /usr/bin/tar: ../../../../../usr/local/lib/android/sdk/platforms/android-34-ext12/data/res/values-mcc311-mnc180-kk: Cannot change mode to rwxr-xr-x: Operation not permitted
build	Cache Android SDK	2026-06-06T12:22:42.7207160Z /usr/bin/tar: ../../../../../usr/local/lib/android/sdk/platforms/android-34-ext12/data/res/values-pt-rPT-television: Cannot utime: Operation not permitted
build	Cache Android SDK	2026-06-06T12:22:42.7208543Z /usr/bin/tar: ../../../../../usr/local/lib/android/sdk/platforms/android-34-ext12/data/res/values-pt-rPT-television: Cannot change mode to rwxr-xr-x: Operation not permitted
build	Cache Android SDK	2026-06-06T12:22:42.7210614Z /usr/bin/tar: ../../../../../usr/local/lib/android/sdk/platforms/android-34-ext12/data/res/values-mcc302-mnc720-ur: Cannot utime: Operation not permitted
build	Cache Android SDK	2026-06-06T12:22:42.7211725Z /usr/bin/tar: ../../../../../usr/local/lib/android/sdk/platforms/android-34-ext12/data/res/values-mcc302-mnc720-ur: Cannot change mode to rwxr-xr-x: Operation not permitted
build	Cache Android SDK	2026-06-06T12:22:42.7531933Z /usr/bin/tar: ../../../../../usr/local/lib/android/sdk/platforms/android-34-ext12/data/res/drawable-xxhdpi: Cannot utime: Operation not permitted
build	Cache Android SDK	2026-06-06T12:22:42.7533037Z /usr/bin/tar: ../../../../../usr/local/lib/android/sdk/platforms/android-34-ext12/data/res/drawable-xxhdpi: Cannot change mode to rwxr-xr-x: Operation not permitted
build	Cache Android SDK	2026-06-06T12:22:42.7534459Z /usr/bin/tar: ../../../../../usr/local/lib/android/sdk/platforms/android-34-ext12/data/res/values-mcc310-mnc380-th: Cannot utime: Operation not permitted
build	Cache Android SDK	2026-06-06T12:22:42.7535601Z /usr/bin/tar: ../../../../../usr/local/lib/android/sdk/platforms/android-34-ext12/data/res/values-mcc310-mnc380-th: Cannot change mode to rwxr-xr-x: Operation not permitted
build	Cache Android SDK	2026-06-06T12:22:42.7538390Z /usr/bin/tar: ../../../../../usr/local/lib/android/sdk/platforms/android-34-ext12/data/res/values-mcc310-mnc380-en-rXC: Cannot utime: Operation not permitted
build	Cache Android SDK	2026-06-06T12:22:42.7539389Z /usr/bin/tar: ../../../../../usr/local/lib/android/sdk/platforms/android-34-ext12/data/res/values-mcc310-mnc380-en-rXC: Cannot change mode to rwxr-xr-x: Operation not permitted
build	Cache Android SDK	2026-06-06T12:22:42.7541858Z /usr/bin/tar: ../../../../../usr/local/lib/android/sdk/platforms/android-34-ext12/data/res/values-mcc310-mnc410-es: Cannot utime: Operation not permitted
build	Cache Android SDK	2026-06-06T12:22:42.7542954Z /usr/bin/tar: ../../../../../usr/local/lib/android/sdk/platforms/android-34-ext12/data/res/values-mcc310-mnc410-es: Cannot change mode to rwxr-xr-x: Operation not permitted
build	Cache Android SDK	2026-06-06T12:22:42.7545588Z /usr/bin/tar: ../../../../../usr/local/lib/android/sdk/platforms/android-34-ext12/data/res/values-mcc310-mnc660-pt-rBR: Cannot utime: Operation not permitted
build	Cache Android SDK	2026-06-06T12:22:42.7546578Z /usr/bin/tar: ../../../../../usr/local/lib/android/sdk/platforms/android-34-ext12/data/res/values-mcc310-mnc660-pt-rBR: Cannot change mode to rwxr-xr-x: Operation not permitted
build	Cache Android SDK	2026-06-06T12:22:42.7548834Z /usr/bin/tar: ../../../../../usr/local/lib/android/sdk/platforms/android-34-ext12/data/res/values-mcc310-mnc250-ka: Cannot utime: Operation not permitted
build	Cache Android SDK	2026-06-06T12:22:42.7549781Z /usr/bin/tar: ../../../../../usr/local/lib/android/sdk/platforms/android-34-ext12/data/res/values-mcc310-mnc250-ka: Cannot change mode to rwxr-xr-x: Operation not permitted
build	Cache Android SDK	2026-06-06T12:22:42.7552947Z /usr/bin/tar: ../../../../../usr/local/lib/android/sdk/platforms/android-34-ext12/data/res/values-mcc310-mnc800-lt: Cannot utime: Operation not permitted
build	Cache Android SDK	2026-06-06T12:22:42.7553902Z /usr/bin/tar: ../../../../../usr/local/lib/android/sdk/platforms/android-34-ext12/data/res/values-mcc310-mnc800-lt: Cannot change mode to rwxr-xr-x: Operation not permitted
build	Cache Android SDK	2026-06-06T12:22:42.7556571Z /usr/bin/tar: ../../../../../usr/local/lib/android/sdk/platforms/android-34-ext12/data/res/values-my-watch: Cannot utime: Operation not permitted
build	Cache Android SDK	2026-06-06T12:22:42.7557710Z /usr/bin/tar: ../../../../../usr/local/lib/android/sdk/platforms/android-34-ext12/data/res/values-my-watch: Cannot change mode to rwxr-xr-x: Operation not permitted
build	Cache Android SDK	2026-06-06T12:22:42.7560159Z /usr/bin/tar: ../../../../../usr/local/lib/android/sdk/platforms/android-34-ext12/data/res/values-mcc310-mnc950-sl: Cannot utime: Operation not permitted
build	Cache Android SDK	2026-06-06T12:22:42.7561561Z /usr/bin/tar: ../../../../../usr/local/lib/android/sdk/platforms/android-34-ext12/data/res/values-mcc310-mnc950-sl: Cannot change mode to rwxr-xr-x: Operation not permitted
build	Cache Android SDK	2026-06-06T12:22:42.7566843Z /usr/bin/tar: ../../../../../usr/local/lib/android/sdk/platforms/android-34-ext12/data/res/values-uz: Cannot utime: Operation not permitted
build	Cache Android SDK	2026-06-06T12:22:42.7568477Z /usr/bin/tar: ../../../../../usr/local/lib/android/sdk/platforms/android-34-ext12/data/res/values-uz: Cannot change mode to rwxr-xr-x: Operation not permitted
build	Cache Android SDK	2026-06-06T12:22:42.7569967Z /usr/bin/tar: ../../../../../usr/local/lib/android/sdk/platforms/android-34-ext12/data/res/values-mcc310-mnc380-mr: Cannot utime: Operation not permitted
build	Cache Android SDK	2026-06-06T12:22:42.7570949Z /usr/bin/tar: ../../../../../usr/local/lib/android/sdk/platforms/android-34-ext12/data/res/values-mcc310-mnc380-mr: Cannot change mode to rwxr-xr-x: Operation not permitted
build	Cache Android SDK	2026-06-06T12:22:42.7572981Z /usr/bin/tar: ../../../../../usr/local/lib/android/sdk/platforms/android-34-ext12/data/res/values-mcc310-mnc160-kk: Cannot utime: Operation not permitted
build	Cache Android SDK	2026-06-06T12:22:42.7573973Z /usr/bin/tar: ../../../../../usr/local/lib/android/sdk/platforms/android-34-ext12/data/res/values-mcc310-mnc160-kk: Cannot change mode to rwxr-xr-x: Operation not permitted
build	Cache Android SDK	2026-06-06T12:22:42.7576790Z /usr/bin/tar: ../../../../../usr/local/lib/android/sdk/platforms/android-34-ext12/data/res/values-mcc310-mnc240-is: Cannot utime: Operation not permitted
build	Cache Android SDK	2026-06-06T12:22:42.7577968Z /usr/bin/tar: ../../../../../usr/local/lib/android/sdk/platforms/android-34-ext12/data/res/values-mcc310-mnc240-is: Cannot change mode to rwxr-xr-x: Operation not permitted
build	Cache Android SDK	2026-06-06T12:22:42.7581061Z /usr/bin/tar: ../../../../../usr/local/lib/android/sdk/platforms/android-34-ext12/data/res/values-mcc313-mnc100: Cannot utime: Operation not permitted
build	Cache Android SDK	2026-06-06T12:22:42.7582058Z /usr/bin/tar: ../../../../../usr/local/lib/android/sdk/platforms/android-34-ext12/data/res/values-mcc313-mnc100: Cannot change mode to rwxr-xr-x: Operation not permitted
build	Cache Android SDK	2026-06-06T12:22:42.7584746Z /usr/bin/tar: ../../../../../usr/local/lib/android/sdk/platforms/android-34-ext12/data/res/values-mcc313-mnc100-mk: Cannot utime: Operation not permitted
build	Cache Android SDK	2026-06-06T12:22:42.7586000Z /usr/bin/tar: ../../../../../usr/local/lib/android/sdk/platforms/android-34-ext12/data/res/values-mcc313-mnc100-mk: Cannot change mode to rwxr-xr-x: Operation not permitted
build	Cache Android SDK	2026-06-06T12:22:42.7588283Z /usr/bin/tar: ../../../../../usr/local/lib/android/sdk/platforms/android-34-ext12/data/res/values-mcc310-mnc030-bg: Cannot utime: Operation not permitted
build	Cache Android SDK	2026-06-06T12:22:42.7589356Z /usr/bin/tar: ../../../../../usr/local/lib/android/sdk/platforms/android-34-ext12/data/res/values-mcc310-mnc030-bg: Cannot change mode to rwxr-xr-x: Operation not permitted
build	Cache Android SDK	2026-06-06T12:22:42.7591162Z /usr/bin/tar: ../../../../../usr/local/lib/android/sdk/platforms/android-34-ext12/data/res/values-hi-watch: Cannot utime: Operation not permitted
build	Cache Android SDK	2026-06-06T12:22:42.7592188Z /usr/bin/tar: ../../../../../usr/local/lib/android/sdk/platforms/android-34-ext12/data/res/values-hi-watch: Cannot change mode to rwxr-xr-x: Operation not permitted
build	Cache Android SDK	2026-06-06T12:22:42.7593928Z /usr/bin/tar: ../../../../../usr/local/lib/android/sdk/platforms/android-34-ext12/data/res/values-mcc310-mnc160-ru: Cannot utime: Operation not permitted
build	Cache Android SDK	2026-06-06T12:22:42.7594967Z /usr/bin/tar: ../../../../../usr/local/lib/android/sdk/platforms/android-34-ext12/data/res/values-mcc310-mnc160-ru: Cannot change mode to rwxr-xr-x: Operation not permitted
build	Cache Android SDK	2026-06-06T12:22:42.7596735Z /usr/bin/tar: ../../../../../usr/local/lib/android/sdk/platforms/android-34-ext12/data/res/values-mcc310-mnc240-km: Cannot utime: Operation not permitted
build	Cache Android SDK	2026-06-06T12:22:42.7597926Z /usr/bin/tar: ../../../../../usr/local/lib/android/sdk/platforms/android-34-ext12/data/res/values-mcc310-mnc240-km: Cannot change mode to rwxr-xr-x: Operation not permitted
build	Cache Android SDK	2026-06-06T12:22:42.7600342Z /usr/bin/tar: ../../../../../usr/local/lib/android/sdk/platforms/android-34-ext12/data/res/values-mcc310-mnc270-ro: Cannot utime: Operation not permitted
build	Cache Android SDK	2026-06-06T12:22:42.7601410Z /usr/bin/tar: ../../../../../usr/local/lib/android/sdk/platforms/android-34-ext12/data/res/values-mcc310-mnc270-ro: Cannot change mode to rwxr-xr-x: Operation not permitted
build	Cache Android SDK	2026-06-06T12:22:42.7603009Z /usr/bin/tar: ../../../../../usr/local/lib/android/sdk/platforms/android-34-ext12/data/res/values-ko-television: Cannot utime: Operation not permitted
build	Cache Android SDK	2026-06-06T12:22:42.7604053Z /usr/bin/tar: ../../../../../usr/local/lib/android/sdk/platforms/android-34-ext12/data/res/values-ko-television: Cannot change mode to rwxr-xr-x: Operation not permitted
build	Cache Android SDK	2026-06-06T12:22:42.7605860Z /usr/bin/tar: ../../../../../usr/local/lib/android/sdk/platforms/android-34-ext12/data/res/values-mcc310-mnc230-ja: Cannot utime: Operation not permitted
build	Cache Android SDK	2026-06-06T12:22:42.7606834Z /usr/bin/tar: ../../../../../usr/local/lib/android/sdk/platforms/android-34-ext12/data/res/values-mcc310-mnc230-ja: Cannot change mode to rwxr-xr-x: Operation not permitted
build	Cache Android SDK	2026-06-06T12:22:42.7611022Z /usr/bin/tar: ../../../../../usr/local/lib/android/sdk/platforms/android-34-ext12/data/res/values-mcc312-mnc670-kk: Cannot utime: Operation not permitted
build	Cache Android SDK	2026-06-06T12:22:42.7612159Z /usr/bin/tar: ../../../../../usr/local/lib/android/sdk/platforms/android-34-ext12/data/res/values-mcc312-mnc670-kk: Cannot change mode to rwxr-xr-x: Operation not permitted
build	Cache Android SDK	2026-06-06T12:22:42.7613653Z /usr/bin/tar: ../../../../../usr/local/lib/android/sdk/platforms/android-34-ext12/data/res/values-sw360dp: Cannot utime: Operation not permitted
build	Cache Android SDK	2026-06-06T12:22:42.7614583Z /usr/bin/tar: ../../../../../usr/local/lib/android/sdk/platforms/android-34-ext12/data/res/values-sw360dp: Cannot change mode to rwxr-xr-x: Operation not permitted
build	Cache Android SDK	2026-06-06T12:22:42.7617075Z /usr/bin/tar: ../../../../../usr/local/lib/android/sdk/platforms/android-34-ext12/data/res/values-mcc310-mnc150-sw: Cannot utime: Operation not permitted
build	Cache Android SDK	2026-06-06T12:22:42.7618287Z /usr/bin/tar: ../../../../../usr/local/lib/android/sdk/platforms/android-34-ext12/data/res/values-mcc310-mnc150-sw: Cannot change mode to rwxr-xr-x: Operation not permitted
build	Cache Android SDK	2026-06-06T12:22:42.7623993Z /usr/bin/tar: ../../../../../usr/local/lib/android/sdk/platforms/android-34-ext12/data/res/values-ar: Cannot utime: Operation not permitted
build	Cache Android SDK	2026-06-06T12:22:42.7625043Z /usr/bin/tar: ../../../../../usr/local/lib/android/sdk/platforms/android-34-ext12/data/res/values-ar: Cannot change mode to rwxr-xr-x: Operation not permitted
build	Cache Android SDK	2026-06-06T12:22:42.7626647Z /usr/bin/tar: ../../../../../usr/local/lib/android/sdk/platforms/android-34-ext12/data/res/values-mcc310-mnc660-en-rAU: Cannot utime: Operation not permitted
build	Cache Android SDK	2026-06-06T12:22:42.7627974Z /usr/bin/tar: ../../../../../usr/local/lib/android/sdk/platforms/android-34-ext12/data/res/values-mcc310-mnc660-en-rAU: Cannot change mode to rwxr-xr-x: Operation not permitted
build	Cache Android SDK	2026-06-06T12:22:42.7630851Z /usr/bin/tar: ../../../../../usr/local/lib/android/sdk/platforms/android-34-ext12/data/res/values-mcc310-mnc230-sw: Cannot utime: Operation not permitted
build	Cache Android SDK	2026-06-06T12:22:42.7631887Z /usr/bin/tar: ../../../../../usr/local/lib/android/sdk/platforms/android-34-ext12/data/res/values-mcc310-mnc230-sw: Cannot change mode to rwxr-xr-x: Operation not permitted
build	Cache Android SDK	2026-06-06T12:22:42.7633527Z /usr/bin/tar: ../../../../../usr/local/lib/android/sdk/platforms/android-34-ext12/data/res/values-mcc310-mnc280-ky: Cannot utime: Operation not permitted
build	Cache Android SDK	2026-06-06T12:22:42.7634505Z /usr/bin/tar: ../../../../../usr/local/lib/android/sdk/platforms/android-34-ext12/data/res/values-mcc310-mnc280-ky: Cannot change mode to rwxr-xr-x: Operation not permitted
build	Cache Android SDK	2026-06-06T12:22:42.7638589Z /usr/bin/tar: ../../../../../usr/local/lib/android/sdk/platforms/android-34-ext12/data/res/values-mcc310-mnc490-mk: Cannot utime: Operation not permitted
build	Cache Android SDK	2026-06-06T12:22:42.7639580Z /usr/bin/tar: ../../../../../usr/local/lib/android/sdk/platforms/android-34-ext12/data/res/values-mcc310-mnc490-mk: Cannot change mode to rwxr-xr-x: Operation not permitted
build	Cache Android SDK	2026-06-06T12:22:42.7641300Z /usr/bin/tar: ../../../../../usr/local/lib/android/sdk/platforms/android-34-ext12/data/res/values-mcc310-mnc200-fr: Cannot utime: Operation not permitted
build	Cache Android SDK	2026-06-06T12:22:42.7642263Z /usr/bin/tar: ../../../../../usr/local/lib/android/sdk/platforms/android-34-ext12/data/res/values-mcc310-mnc200-fr: Cannot change mode to rwxr-xr-x: Operation not permitted
build	Cache Android SDK	2026-06-06T12:22:42.7644305Z /usr/bin/tar: ../../../../../usr/local/lib/android/sdk/platforms/android-34-ext12/data/res/values-mcc310-mnc150-fi: Cannot utime: Operation not permitted
build	Cache Android SDK	2026-06-06T12:22:42.7645254Z /usr/bin/tar: ../../../../../usr/local/lib/android/sdk/platforms/android-34-ext12/data/res/values-mcc310-mnc150-fi: Cannot change mode to rwxr-xr-x: Operation not permitted
build	Cache Android SDK	2026-06-06T12:22:42.7648323Z /usr/bin/tar: ../../../../../usr/local/lib/android/sdk/platforms/android-34-ext12/data/res/values-mcc310-mnc560-kk: Cannot utime: Operation not permitted
build	Cache Android SDK	2026-06-06T12:22:42.7649284Z /usr/bin/tar: ../../../../../usr/local/lib/android/sdk/platforms/android-34-ext12/data/res/values-mcc310-mnc560-kk: Cannot change mode to rwxr-xr-x: Operation not permitted
build	Cache Android SDK	2026-06-06T12:22:42.7653539Z /usr/bin/tar: ../../../../../usr/local/lib/android/sdk/platforms/android-34-ext12/data/res/values-mcc310-mnc220-nl: Cannot utime: Operation not permitted
build	Cache Android SDK	2026-06-06T12:22:42.7654642Z /usr/bin/tar: ../../../../../usr/local/lib/android/sdk/platforms/android-34-ext12/data/res/values-mcc310-mnc220-nl: Cannot change mode to rwxr-xr-x: Operation not permitted
build	Cache Android SDK	2026-06-06T12:22:42.7657540Z /usr/bin/tar: ../../../../../usr/local/lib/android/sdk/platforms/android-34-ext12/data/res/values-mcc310-mnc800-bn: Cannot utime: Operation not permitted
build	Cache Android SDK	2026-06-06T12:22:42.7658499Z /usr/bin/tar: ../../../../../usr/local/lib/android/sdk/platforms/android-34-ext12/data/res/values-mcc310-mnc800-bn: Cannot change mode to rwxr-xr-x: Operation not permitted
build	Cache Android SDK	2026-06-06T12:22:42.7660723Z /usr/bin/tar: ../../../../../usr/local/lib/android/sdk/platforms/android-34-ext12/data/res/values-mcc310-mnc950-pt-rPT: Cannot utime: Operation not permitted
build	Cache Android SDK	2026-06-06T12:22:42.7661719Z /usr/bin/tar: ../../../../../usr/local/lib/android/sdk/platforms/android-34-ext12/data/res/values-mcc310-mnc950-pt-rPT: Cannot change mode to rwxr-xr-x: Operation not permitted
build	Cache Android SDK	2026-06-06T12:22:42.7663948Z /usr/bin/tar: ../../../../../usr/local/lib/android/sdk/platforms/android-34-ext12/data/res/values-mcc001-mnc01-de: Cannot utime: Operation not permitted
build	Cache Android SDK	2026-06-06T12:22:42.7664912Z /usr/bin/tar: ../../../../../usr/local/lib/android/sdk/platforms/android-34-ext12/data/res/values-mcc001-mnc01-de: Cannot change mode to rwxr-xr-x: Operation not permitted
build	Cache Android SDK	2026-06-06T12:22:42.7666750Z /usr/bin/tar: ../../../../../usr/local/lib/android/sdk/platforms/android-34-ext12/data/res/values-mcc310-mnc210-nb: Cannot utime: Operation not permitted
build	Cache Android SDK	2026-06-06T12:22:42.7667855Z /usr/bin/tar: ../../../../../usr/local/lib/android/sdk/platforms/android-34-ext12/data/res/values-mcc310-mnc210-nb: Cannot change mode to rwxr-xr-x: Operation not permitted
build	Cache Android SDK	2026-06-06T12:22:42.7673576Z /usr/bin/tar: ../../../../../usr/local/lib/android/sdk/platforms/android-34-ext12/data/res/values-fa: Cannot utime: Operation not permitted
build	Cache Android SDK	2026-06-06T12:22:42.7674464Z /usr/bin/tar: ../../../../../usr/local/lib/android/sdk/platforms/android-34-ext12/data/res/values-fa: Cannot change mode to rwxr-xr-x: Operation not permitted
build	Cache Android SDK	2026-06-06T12:22:42.7676407Z /usr/bin/tar: ../../../../../usr/local/lib/android/sdk/platforms/android-34-ext12/data/res/values-mcc310-mnc380-ms: Cannot utime: Operation not permitted
build	Cache Android SDK	2026-06-06T12:22:42.7677485Z /usr/bin/tar: ../../../../../usr/local/lib/android/sdk/platforms/android-34-ext12/data/res/values-mcc310-mnc380-ms: Cannot change mode to rwxr-xr-x: Operation not permitted
build	Cache Android SDK	2026-06-06T12:22:42.7679365Z /usr/bin/tar: ../../../../../usr/local/lib/android/sdk/platforms/android-34-ext12/data/res/values-mcc310-mnc310-tl: Cannot utime: Operation not permitted
build	Cache Android SDK	2026-06-06T12:22:42.7680319Z /usr/bin/tar: ../../../../../usr/local/lib/android/sdk/platforms/android-34-ext12/data/res/values-mcc310-mnc310-tl: Cannot change mode to rwxr-xr-x: Operation not permitted
build	Cache Android SDK	2026-06-06T12:22:42.7682768Z /usr/bin/tar: ../../../../../usr/local/lib/android/sdk/platforms/android-34-ext12/data/res/xml-mdpi: Cannot utime: Operation not permitted
build	Cache Android SDK	2026-06-06T12:22:42.7683637Z /usr/bin/tar: ../../../../../usr/local/lib/android/sdk/platforms/android-34-ext12/data/res/xml-mdpi: Cannot change mode to rwxr-xr-x: Operation not permitted
build	Cache Android SDK	2026-06-06T12:22:42.7686419Z /usr/bin/tar: ../../../../../usr/local/lib/android/sdk/platforms/android-34-ext12/data/res/values-mcc310-mnc150-zh-rTW: Cannot utime: Operation not permitted
build	Cache Android SDK	2026-06-06T12:22:42.7687553Z /usr/bin/tar: ../../../../../usr/local/lib/android/sdk/platforms/android-34-ext12/data/res/values-mcc310-mnc150-zh-rTW: Cannot change mode to rwxr-xr-x: Operation not permitted
build	Cache Android SDK	2026-06-06T12:22:42.7689792Z /usr/bin/tar: ../../../../../usr/local/lib/android/sdk/platforms/android-34-ext12/data/res/values-mcc334-mnc020-zh-rHK: Cannot utime: Operation not permitted
build	Cache Android SDK	2026-06-06T12:22:42.7690772Z /usr/bin/tar: ../../../../../usr/local/lib/android/sdk/platforms/android-34-ext12/data/res/values-mcc334-mnc020-zh-rHK: Cannot change mode to rwxr-xr-x: Operation not permitted
build	Cache Android SDK	2026-06-06T12:22:42.7692454Z /usr/bin/tar: ../../../../../usr/local/lib/android/sdk/platforms/android-34-ext12/data/res/values-mcc310-mnc250-es-rUS: Cannot utime: Operation not permitted
build	Cache Android SDK	2026-06-06T12:22:42.7693611Z /usr/bin/tar: ../../../../../usr/local/lib/android/sdk/platforms/android-34-ext12/data/res/values-mcc310-mnc250-es-rUS: Cannot change mode to rwxr-xr-x: Operation not permitted
build	Cache Android SDK	2026-06-06T12:22:42.7695994Z /usr/bin/tar: ../../../../../usr/local/lib/android/sdk/platforms/android-34-ext12/data/res/values-mcc310-mnc800-uz: Cannot utime: Operation not permitted
build	Cache Android SDK	2026-06-06T12:22:42.7696957Z /usr/bin/tar: ../../../../../usr/local/lib/android/sdk/platforms/android-34-ext12/data/res/values-mcc310-mnc800-uz: Cannot change mode to rwxr-xr-x: Operation not permitted
build	Cache Android SDK	2026-06-06T12:22:42.7699237Z /usr/bin/tar: ../../../../../usr/local/lib/android/sdk/platforms/android-34-ext12/data/res/values-mcc310-mnc660-th: Cannot utime: Operation not permitted
build	Cache Android SDK	2026-06-06T12:22:42.7700326Z /usr/bin/tar: ../../../../../usr/local/lib/android/sdk/platforms/android-34-ext12/data/res/values-mcc310-mnc660-th: Cannot change mode to rwxr-xr-x: Operation not permitted
build	Cache Android SDK	2026-06-06T12:22:42.7702344Z /usr/bin/tar: ../../../../../usr/local/lib/android/sdk/platforms/android-34-ext12/data/res/values-mcc310-mnc490-ru: Cannot utime: Operation not permitted
build	Cache Android SDK	2026-06-06T12:22:42.7703291Z /usr/bin/tar: ../../../../../usr/local/lib/android/sdk/platforms/android-34-ext12/data/res/values-mcc310-mnc490-ru: Cannot change mode to rwxr-xr-x: Operation not permitted
build	Cache Android SDK	2026-06-06T12:22:42.7705932Z /usr/bin/tar: ../../../../../usr/local/lib/android/sdk/platforms/android-34-ext12/data/res/values-mcc312-mnc670-in: Cannot utime: Operation not permitted
build	Cache Android SDK	2026-06-06T12:22:42.7706870Z /usr/bin/tar: ../../../../../usr/local/lib/android/sdk/platforms/android-34-ext12/data/res/values-mcc312-mnc670-in: Cannot change mode to rwxr-xr-x: Operation not permitted
build	Cache Android SDK	2026-06-06T12:22:42.7709340Z /usr/bin/tar: ../../../../../usr/local/lib/android/sdk/platforms/android-34-ext12/data/res/values-mcc310-mnc310-bn: Cannot utime: Operation not permitted
build	Cache Android SDK	2026-06-06T12:22:42.7710292Z /usr/bin/tar: ../../../../../usr/local/lib/android/sdk/platforms/android-34-ext12/data/res/values-mcc310-mnc310-bn: Cannot change mode to rwxr-xr-x: Operation not permitted
build	Cache Android SDK	2026-06-06T12:22:42.7711692Z /usr/bin/tar: ../../../../../usr/local/lib/android/sdk/platforms/android-34-ext12/data/res/values-mcc310-mnc280: Cannot utime: Operation not permitted
build	Cache Android SDK	2026-06-06T12:22:42.7712617Z /usr/bin/tar: ../../../../../usr/local/lib/android/sdk/platforms/android-34-ext12/data/res/values-mcc310-mnc280: Cannot change mode to rwxr-xr-x: Operation not permitted
build	Cache Android SDK	2026-06-06T12:22:42.7716072Z /usr/bin/tar: ../../../../../usr/local/lib/android/sdk/platforms/android-34-ext12/data/res/values-mcc310-mnc310-ca: Cannot utime: Operation not permitted
build	Cache Android SDK	2026-06-06T12:22:42.7717227Z /usr/bin/tar: ../../../../../usr/local/lib/android/sdk/platforms/android-34-ext12/data/res/values-mcc310-mnc310-ca: Cannot change mode to rwxr-xr-x: Operation not permitted
build	Cache Android SDK	2026-06-06T12:22:42.7719308Z /usr/bin/tar: ../../../../../usr/local/lib/android/sdk/platforms/android-34-ext12/data/res/values-mcc310-mnc490-gu: Cannot utime: Operation not permitted
build	Cache Android SDK	2026-06-06T12:22:42.7720523Z /usr/bin/tar: ../../../../../usr/local/lib/android/sdk/platforms/android-34-ext12/data/res/values-mcc310-mnc490-gu: Cannot change mode to rwxr-xr-x: Operation not permitted
build	Cache Android SDK	2026-06-06T12:22:42.7722039Z /usr/bin/tar: ../../../../../usr/local/lib/android/sdk/platforms/android-34-ext12/data/res/values-mcc334-mnc020-as: Cannot utime: Operation not permitted
build	Cache Android SDK	2026-06-06T12:22:42.7722988Z /usr/bin/tar: ../../../../../usr/local/lib/android/sdk/platforms/android-34-ext12/data/res/values-mcc334-mnc020-as: Cannot change mode to rwxr-xr-x: Operation not permitted
build	Cache Android SDK	2026-06-06T12:22:42.7725347Z /usr/bin/tar: ../../../../../usr/local/lib/android/sdk/platforms/android-34-ext12/data/res/values-mcc001-mnc01-th: Cannot utime: Operation not permitted
build	Cache Android SDK	2026-06-06T12:22:42.7726619Z /usr/bin/tar: ../../../../../usr/local/lib/android/sdk/platforms/android-34-ext12/data/res/values-mcc001-mnc01-th: Cannot change mode to rwxr-xr-x: Operation not permitted
build	Cache Android SDK	2026-06-06T12:22:42.7728537Z /usr/bin/tar: ../../../../../usr/local/lib/android/sdk/platforms/android-34-ext12/data/res/values-mcc310-mnc150-iw: Cannot utime: Operation not permitted
build	Cache Android SDK	2026-06-06T12:22:42.7729512Z /usr/bin/tar: ../../../../../usr/local/lib/android/sdk/platforms/android-34-ext12/data/res/values-mcc310-mnc150-iw: Cannot change mode to rwxr-xr-x: Operation not permitted
build	Cache Android SDK	2026-06-06T12:22:42.7731469Z /usr/bin/tar: ../../../../../usr/local/lib/android/sdk/platforms/android-34-ext12/data/res/values-mcc440-mnc20: Cannot utime: Operation not permitted
build	Cache Android SDK	2026-06-06T12:22:42.7732436Z /usr/bin/tar: ../../../../../usr/local/lib/android/sdk/platforms/android-34-ext12/data/res/values-mcc440-mnc20: Cannot change mode to rwxr-xr-x: Operation not permitted
build	Cache Android SDK	2026-06-06T12:22:42.7734620Z /usr/bin/tar: ../../../../../usr/local/lib/android/sdk/platforms/android-34-ext12/data/res/values-mcc310-mnc030-ky: Cannot utime: Operation not permitted
build	Cache Android SDK	2026-06-06T12:22:42.7735592Z /usr/bin/tar: ../../../../../usr/local/lib/android/sdk/platforms/android-34-ext12/data/res/values-mcc310-mnc030-ky: Cannot change mode to rwxr-xr-x: Operation not permitted
build	Cache Android SDK	2026-06-06T12:22:42.7739337Z /usr/bin/tar: ../../../../../usr/local/lib/android/sdk/platforms/android-34-ext12/data/res/values-mcc230: Cannot utime: Operation not permitted
build	Cache Android SDK	2026-06-06T12:22:42.7740292Z /usr/bin/tar: ../../../../../usr/local/lib/android/sdk/platforms/android-34-ext12/data/res/values-mcc230: Cannot change mode to rwxr-xr-x: Operation not permitted
build	Cache Android SDK	2026-06-06T12:22:42.7742494Z /usr/bin/tar: ../../../../../usr/local/lib/android/sdk/platforms/android-34-ext12/data/res/values-mcc310-mnc800-mk: Cannot utime: Operation not permitted
build	Cache Android SDK	2026-06-06T12:22:42.7743461Z /usr/bin/tar: ../../../../../usr/local/lib/android/sdk/platforms/android-34-ext12/data/res/values-mcc310-mnc800-mk: Cannot change mode to rwxr-xr-x: Operation not permitted
build	Cache Android SDK	2026-06-06T12:22:42.7745427Z /usr/bin/tar: ../../../../../usr/local/lib/android/sdk/platforms/android-34-ext12/data/res/values-mcc310-mnc410-th: Cannot utime: Operation not permitted
build	Cache Android SDK	2026-06-06T12:22:42.7746419Z /usr/bin/tar: ../../../../../usr/local/lib/android/sdk/platforms/android-34-ext12/data/res/values-mcc310-mnc410-th: Cannot change mode to rwxr-xr-x: Operation not permitted
build	Cache Android SDK	2026-06-06T12:22:42.7748573Z /usr/bin/tar: ../../../../../usr/local/lib/android/sdk/platforms/android-34-ext12/data/res/values-mcc310-mnc200-mr: Cannot utime: Operation not permitted
build	Cache Android SDK	2026-06-06T12:22:42.7749546Z /usr/bin/tar: ../../../../../usr/local/lib/android/sdk/platforms/android-34-ext12/data/res/values-mcc310-mnc200-mr: Cannot change mode to rwxr-xr-x: Operation not permitted
build	Cache Android SDK	2026-06-06T12:22:42.8236894Z /usr/bin/tar: ../../../../../usr/local/lib/android/sdk/platforms/android-34-ext12/data/res/drawable-hdpi: Cannot utime: Operation not permitted
build	Cache Android SDK	2026-06-06T12:22:42.8238155Z /usr/bin/tar: ../../../../../usr/local/lib/android/sdk/platforms/android-34-ext12/data/res/drawable-hdpi: Cannot change mode to rwxr-xr-x: Operation not permitted
build	Cache Android SDK	2026-06-06T12:22:42.8239612Z /usr/bin/tar: ../../../../../usr/local/lib/android/sdk/platforms/android-34-ext12/data/res/values-mcc310-mnc380-pl: Cannot utime: Operation not permitted
build	Cache Android SDK	2026-06-06T12:22:42.8240664Z /usr/bin/tar: ../../../../../usr/local/lib/android/sdk/platforms/android-34-ext12/data/res/values-mcc310-mnc380-pl: Cannot change mode to rwxr-xr-x: Operation not permitted
build	Cache Android SDK	2026-06-06T12:22:42.8242604Z /usr/bin/tar: ../../../../../usr/local/lib/android/sdk/platforms/android-34-ext12/data/res/values-mcc312-mnc670-th: Cannot utime: Operation not permitted
build	Cache Android SDK	2026-06-06T12:22:42.8243652Z /usr/bin/tar: ../../../../../usr/local/lib/android/sdk/platforms/android-34-ext12/data/res/values-mcc312-mnc670-th: Cannot change mode to rwxr-xr-x: Operation not permitted
build	Cache Android SDK	2026-06-06T12:22:42.8246156Z /usr/bin/tar: ../../../../../usr/local/lib/android/sdk/platforms/android-34-ext12/data/res/values-pa-television: Cannot utime: Operation not permitted
build	Cache Android SDK	2026-06-06T12:22:42.8247119Z /usr/bin/tar: ../../../../../usr/local/lib/android/sdk/platforms/android-34-ext12/data/res/values-pa-television: Cannot change mode to rwxr-xr-x: Operation not permitted
build	Cache Android SDK	2026-06-06T12:22:42.8250102Z /usr/bin/tar: ../../../../../usr/local/lib/android/sdk/platforms/android-34-ext12/data/res/values-mcc310-mnc030-uz: Cannot utime: Operation not permitted
build	Cache Android SDK	2026-06-06T12:22:42.8251069Z /usr/bin/tar: ../../../../../usr/local/lib/android/sdk/platforms/android-34-ext12/data/res/values-mcc310-mnc030-uz: Cannot change mode to rwxr-xr-x: Operation not permitted
build	Cache Android SDK	2026-06-06T12:22:42.8253544Z /usr/bin/tar: ../../../../../usr/local/lib/android/sdk/platforms/android-34-ext12/data/res/values-mcc716-mnc06: Cannot utime: Operation not permitted
build	Cache Android SDK	2026-06-06T12:22:42.8254476Z /usr/bin/tar: ../../../../../usr/local/lib/android/sdk/platforms/android-34-ext12/data/res/values-mcc716-mnc06: Cannot change mode to rwxr-xr-x: Operation not permitted
build	Cache Android SDK	2026-06-06T12:22:42.8256483Z /usr/bin/tar: ../../../../../usr/local/lib/android/sdk/platforms/android-34-ext12/data/res/values-es-rPE: Cannot utime: Operation not permitted
build	Cache Android SDK	2026-06-06T12:22:42.8257539Z /usr/bin/tar: ../../../../../usr/local/lib/android/sdk/platforms/android-34-ext12/data/res/values-es-rPE: Cannot change mode to rwxr-xr-x: Operation not permitted
build	Cache Android SDK	2026-06-06T12:22:42.8259557Z /usr/bin/tar: ../../../../../usr/local/lib/android/sdk/platforms/android-34-ext12/data/res/values-mcc001-mnc01-my: Cannot utime: Operation not permitted
build	Cache Android SDK	2026-06-06T12:22:42.8260520Z /usr/bin/tar: ../../../../../usr/local/lib/android/sdk/platforms/android-34-ext12/data/res/values-mcc001-mnc01-my: Cannot change mode to rwxr-xr-x: Operation not permitted
build	Cache Android SDK	2026-06-06T12:22:42.8263044Z /usr/bin/tar: ../../../../../usr/local/lib/android/sdk/platforms/android-34-ext12/data/res/values-mcc302-mnc720-si: Cannot utime: Operation not permitted
build	Cache Android SDK	2026-06-06T12:22:42.8264014Z /usr/bin/tar: ../../../../../usr/local/lib/android/sdk/platforms/android-34-ext12/data/res/values-mcc302-mnc720-si: Cannot change mode to rwxr-xr-x: Operation not permitted
build	Cache Android SDK	2026-06-06T12:22:42.8266452Z /usr/bin/tar: ../../../../../usr/local/lib/android/sdk/platforms/android-34-ext12/data/res/values-mcc310-mnc170-eu: Cannot utime: Operation not permitted
build	Cache Android SDK	2026-06-06T12:22:42.8267559Z /usr/bin/tar: ../../../../../usr/local/lib/android/sdk/platforms/android-34-ext12/data/res/values-mcc310-mnc170-eu: Cannot change mode to rwxr-xr-x: Operation not permitted
build	Cache Android SDK	2026-06-06T12:22:42.8269814Z /usr/bin/tar: ../../../../../usr/local/lib/android/sdk/platforms/android-34-ext12/data/res/values-mcc310-mnc560-vi: Cannot utime: Operation not permitted
build	Cache Android SDK	2026-06-06T12:22:42.8270768Z /usr/bin/tar: ../../../../../usr/local/lib/android/sdk/platforms/android-34-ext12/data/res/values-mcc310-mnc560-vi: Cannot change mode to rwxr-xr-x: Operation not permitted
build	Cache Android SDK	2026-06-06T12:22:42.8273069Z /usr/bin/tar: ../../../../../usr/local/lib/android/sdk/platforms/android-34-ext12/data/res/values-mcc310-mnc380-et: Cannot utime: Operation not permitted
build	Cache Android SDK	2026-06-06T12:22:42.8276588Z /usr/bin/tar: ../../../../../usr/local/lib/android/sdk/platforms/android-34-ext12/data/res/values-mcc310-mnc380-et: Cannot change mode to rwxr-xr-x: Operation not permitted
build	Cache Android SDK	2026-06-06T12:22:42.8277773Z /usr/bin/tar: ../../../../../usr/local/lib/android/sdk/platforms/android-34-ext12/data/res/values-mcc310-mnc800-lo: Cannot utime: Operation not permitted
build	Cache Android SDK	2026-06-06T12:22:42.8278894Z /usr/bin/tar: ../../../../../usr/local/lib/android/sdk/platforms/android-34-ext12/data/res/values-mcc310-mnc800-lo: Cannot change mode to rwxr-xr-x: Operation not permitted
build	Cache Android SDK	2026-06-06T12:22:42.8279837Z /usr/bin/tar: ../../../../../usr/local/lib/android/sdk/platforms/android-34-ext12/data/res/values-mcc310-mnc200-ar: Cannot utime: Operation not permitted
build	Cache Android SDK	2026-06-06T12:22:42.8280882Z /usr/bin/tar: ../../../../../usr/local/lib/android/sdk/platforms/android-34-ext12/data/res/values-mcc310-mnc200-ar: Cannot change mode to rwxr-xr-x: Operation not permitted
build	Cache Android SDK	2026-06-06T12:22:42.8282435Z /usr/bin/tar: ../../../../../usr/local/lib/android/sdk/platforms/android-34-ext12/data/res/values-mcc310-mnc490-ar: Cannot utime: Operation not permitted
build	Cache Android SDK	2026-06-06T12:22:42.8283607Z /usr/bin/tar: ../../../../../usr/local/lib/android/sdk/platforms/android-34-ext12/data/res/values-mcc310-mnc490-ar: Cannot change mode to rwxr-xr-x: Operation not permitted
build	Cache Android SDK	2026-06-06T12:22:42.8285759Z /usr/bin/tar: ../../../../../usr/local/lib/android/sdk/platforms/android-34-ext12/data/res/values-mcc310-mnc310-si: Cannot utime: Operation not permitted
build	Cache Android SDK	2026-06-06T12:22:42.8286708Z /usr/bin/tar: ../../../../../usr/local/lib/android/sdk/platforms/android-34-ext12/data/res/values-mcc310-mnc310-si: Cannot change mode to rwxr-xr-x: Operation not permitted
build	Cache Android SDK	2026-06-06T12:22:42.8288811Z /usr/bin/tar: ../../../../../usr/local/lib/android/sdk/platforms/android-34-ext12/data/res/values-mcc310-mnc410-te: Cannot utime: Operation not permitted
build	Cache Android SDK	2026-06-06T12:22:42.8290011Z /usr/bin/tar: ../../../../../usr/local/lib/android/sdk/platforms/android-34-ext12/data/res/values-mcc310-mnc410-te: Cannot change mode to rwxr-xr-x: Operation not permitted
build	Cache Android SDK	2026-06-06T12:22:42.8291364Z /usr/bin/tar: ../../../../../usr/local/lib/android/sdk/platforms/android-34-ext12/data/res/values-mcc312-mnc670-cs: Cannot utime: Operation not permitted
build	Cache Android SDK	2026-06-06T12:22:42.8292308Z /usr/bin/tar: ../../../../../usr/local/lib/android/sdk/platforms/android-34-ext12/data/res/values-mcc312-mnc670-cs: Cannot change mode to rwxr-xr-x: Operation not permitted
build	Cache Android SDK	2026-06-06T12:22:42.8295661Z /usr/bin/tar: ../../../../../usr/local/lib/android/sdk/platforms/android-34-ext12/data/res/values-mcc310-mnc410-lv: Cannot utime: Operation not permitted
build	Cache Android SDK	2026-06-06T12:22:42.8296796Z /usr/bin/tar: ../../../../../usr/local/lib/android/sdk/platforms/android-34-ext12/data/res/values-mcc310-mnc410-lv: Cannot change mode to rwxr-xr-x: Operation not permitted
build	Cache Android SDK	2026-06-06T12:22:42.8298480Z /usr/bin/tar: ../../../../../usr/local/lib/android/sdk/platforms/android-34-ext12/data/res/values-mcc310-mnc660-en-rGB: Cannot utime: Operation not permitted
build	Cache Android SDK	2026-06-06T12:22:42.8299567Z /usr/bin/tar: ../../../../../usr/local/lib/android/sdk/platforms/android-34-ext12/data/res/values-mcc310-mnc660-en-rGB: Cannot change mode to rwxr-xr-x: Operation not permitted
build	Cache Android SDK	2026-06-06T12:22:42.8301169Z /usr/bin/tar: ../../../../../usr/local/lib/android/sdk/platforms/android-34-ext12/data/res/values-mcc310-mnc230-zh-rHK: Cannot utime: Operation not permitted
build	Cache Android SDK	2026-06-06T12:22:42.8302218Z /usr/bin/tar: ../../../../../usr/local/lib/android/sdk/platforms/android-34-ext12/data/res/values-mcc310-mnc230-zh-rHK: Cannot change mode to rwxr-xr-x: Operation not permitted
build	Cache Android SDK	2026-06-06T12:22:42.8303883Z /usr/bin/tar: ../../../../../usr/local/lib/android/sdk/platforms/android-34-ext12/data/res/values-mcc310-mnc280-in: Cannot utime: Operation not permitted
build	Cache Android SDK	2026-06-06T12:22:42.8304829Z /usr/bin/tar: ../../../../../usr/local/lib/android/sdk/platforms/android-34-ext12/data/res/values-mcc310-mnc280-in: Cannot change mode to rwxr-xr-x: Operation not permitted
build	Cache Android SDK	2026-06-06T12:22:42.8307111Z /usr/bin/tar: ../../../../../usr/local/lib/android/sdk/platforms/android-34-ext12/data/res/values-mcc313-mnc100-mn: Cannot utime: Operation not permitted
build	Cache Android SDK	2026-06-06T12:22:42.8308423Z /usr/bin/tar: ../../../../../usr/local/lib/android/sdk/platforms/android-34-ext12/data/res/values-mcc313-mnc100-mn: Cannot change mode to rwxr-xr-x: Operation not permitted
build	Cache Android SDK	2026-06-06T12:22:42.8313463Z /usr/bin/tar: ../../../../../usr/local/lib/android/sdk/platforms/android-34-ext12/data/res/values-zh-rCN: Cannot utime: Operation not permitted
build	Cache Android SDK	2026-06-06T12:22:42.8314444Z /usr/bin/tar: ../../../../../usr/local/lib/android/sdk/platforms/android-34-ext12/data/res/values-zh-rCN: Cannot change mode to rwxr-xr-x: Operation not permitted
build	Cache Android SDK	2026-06-06T12:22:42.8317330Z /usr/bin/tar: ../../../../../usr/local/lib/android/sdk/platforms/android-34-ext12/data/res/values-mcc310-mnc310-nb: Cannot utime: Operation not permitted
build	Cache Android SDK	2026-06-06T12:22:42.8319368Z /usr/bin/tar: ../../../../../usr/local/lib/android/sdk/platforms/android-34-ext12/data/res/values-mcc310-mnc310-nb: Cannot change mode to rwxr-xr-x: Operation not permitted
build	Cache Android SDK	2026-06-06T12:22:42.8321033Z /usr/bin/tar: ../../../../../usr/local/lib/android/sdk/platforms/android-34-ext12/data/res/values-mcc310-mnc230-my: Cannot utime: Operation not permitted
build	Cache Android SDK	2026-06-06T12:22:42.8322286Z /usr/bin/tar: ../../../../../usr/local/lib/android/sdk/platforms/android-34-ext12/data/res/values-mcc310-mnc230-my: Cannot change mode to rwxr-xr-x: Operation not permitted
build	Cache Android SDK	2026-06-06T12:22:42.8323904Z /usr/bin/tar: ../../../../../usr/local/lib/android/sdk/platforms/android-34-ext12/data/res/values-mcc302-mnc720-bs: Cannot utime: Operation not permitted
build	Cache Android SDK	2026-06-06T12:22:42.8324865Z /usr/bin/tar: ../../../../../usr/local/lib/android/sdk/platforms/android-34-ext12/data/res/values-mcc302-mnc720-bs: Cannot change mode to rwxr-xr-x: Operation not permitted
build	Cache Android SDK	2026-06-06T12:22:42.8328209Z /usr/bin/tar: ../../../../../usr/local/lib/android/sdk/platforms/android-34-ext12/data/res/values-fi-watch: Cannot utime: Operation not permitted
build	Cache Android SDK	2026-06-06T12:22:42.8329711Z /usr/bin/tar: ../../../../../usr/local/lib/android/sdk/platforms/android-34-ext12/data/res/values-fi-watch: Cannot change mode to rwxr-xr-x: Operation not permitted
build	Cache Android SDK	2026-06-06T12:22:42.8331233Z /usr/bin/tar: ../../../../../usr/local/lib/android/sdk/platforms/android-34-ext12/data/res/values-mcc310-mnc270-mr: Cannot utime: Operation not permitted
build	Cache Android SDK	2026-06-06T12:22:42.8332194Z /usr/bin/tar: ../../../../../usr/local/lib/android/sdk/platforms/android-34-ext12/data/res/values-mcc310-mnc270-mr: Cannot change mode to rwxr-xr-x: Operation not permitted
build	Cache Android SDK	2026-06-06T12:22:42.8334671Z /usr/bin/tar: ../../../../../usr/local/lib/android/sdk/platforms/android-34-ext12/data/res/values-mcc310-mnc280-lv: Cannot utime: Operation not permitted
build	Cache Android SDK	2026-06-06T12:22:42.8335648Z /usr/bin/tar: ../../../../../usr/local/lib/android/sdk/platforms/android-34-ext12/data/res/values-mcc310-mnc280-lv: Cannot change mode to rwxr-xr-x: Operation not permitted
build	Cache Android SDK	2026-06-06T12:22:42.8338075Z /usr/bin/tar: ../../../../../usr/local/lib/android/sdk/platforms/android-34-ext12/data/res/values-mcc310-mnc270-az: Cannot utime: Operation not permitted
build	Cache Android SDK	2026-06-06T12:22:42.8339048Z /usr/bin/tar: ../../../../../usr/local/lib/android/sdk/platforms/android-34-ext12/data/res/values-mcc310-mnc270-az: Cannot change mode to rwxr-xr-x: Operation not permitted
build	Cache Android SDK	2026-06-06T12:22:42.8341667Z /usr/bin/tar: ../../../../../usr/local/lib/android/sdk/platforms/android-34-ext12/data/res/values-mcc310-mnc560-ne: Cannot utime: Operation not permitted
build	Cache Android SDK	2026-06-06T12:22:42.8342872Z /usr/bin/tar: ../../../../../usr/local/lib/android/sdk/platforms/android-34-ext12/data/res/values-mcc310-mnc560-ne: Cannot change mode to rwxr-xr-x: Operation not permitted
build	Cache Android SDK	2026-06-06T12:22:42.8344676Z /usr/bin/tar: ../../../../../usr/local/lib/android/sdk/platforms/android-34-ext12/data/res/values-mcc312-mnc670-ur: Cannot utime: Operation not permitted
build	Cache Android SDK	2026-06-06T12:22:42.8346056Z /usr/bin/tar: ../../../../../usr/local/lib/android/sdk/platforms/android-34-ext12/data/res/values-mcc312-mnc670-ur: Cannot change mode to rwxr-xr-x: Operation not permitted
build	Cache Android SDK	2026-06-06T12:22:42.8347853Z /usr/bin/tar: ../../../../../usr/local/lib/android/sdk/platforms/android-34-ext12/data/res/values-mcc310-mnc380-te: Cannot utime: Operation not permitted
build	Cache Android SDK	2026-06-06T12:22:42.8348843Z /usr/bin/tar: ../../../../../usr/local/lib/android/sdk/platforms/android-34-ext12/data/res/values-mcc310-mnc380-te: Cannot change mode to rwxr-xr-x: Operation not permitted
build	Cache Android SDK	2026-06-06T12:22:42.8352646Z /usr/bin/tar: ../../../../../usr/local/lib/android/sdk/platforms/android-34-ext12/data/res/values-mcc310-mnc270-ur: Cannot utime: Operation not permitted
build	Cache Android SDK	2026-06-06T12:22:42.8353873Z /usr/bin/tar: ../../../../../usr/local/lib/android/sdk/platforms/android-34-ext12/data/res/values-mcc310-mnc270-ur: Cannot change mode to rwxr-xr-x: Operation not permitted
build	Cache Android SDK	2026-06-06T12:22:42.8355644Z /usr/bin/tar: ../../../../../usr/local/lib/android/sdk/platforms/android-34-ext12/data/res/values-mcc310-mnc800-ru: Cannot utime: Operation not permitted
build	Cache Android SDK	2026-06-06T12:22:42.8357054Z /usr/bin/tar: ../../../../../usr/local/lib/android/sdk/platforms/android-34-ext12/data/res/values-mcc310-mnc800-ru: Cannot change mode to rwxr-xr-x: Operation not permitted
build	Cache Android SDK	2026-06-06T12:22:42.8359059Z /usr/bin/tar: ../../../../../usr/local/lib/android/sdk/platforms/android-34-ext12/data/res/values-mcc310-mnc560-zh-rHK: Cannot utime: Operation not permitted
build	Cache Android SDK	2026-06-06T12:22:42.8360074Z /usr/bin/tar: ../../../../../usr/local/lib/android/sdk/platforms/android-34-ext12/data/res/values-mcc310-mnc560-zh-rHK: Cannot change mode to rwxr-xr-x: Operation not permitted
build	Cache Android SDK	2026-06-06T12:22:42.8361700Z /usr/bin/tar: ../../../../../usr/local/lib/android/sdk/platforms/android-34-ext12/data/res/values-mcc001-mnc01-ro: Cannot utime: Operation not permitted
build	Cache Android SDK	2026-06-06T12:22:42.8362660Z /usr/bin/tar: ../../../../../usr/local/lib/android/sdk/platforms/android-34-ext12/data/res/values-mcc001-mnc01-ro: Cannot change mode to rwxr-xr-x: Operation not permitted
build	Cache Android SDK	2026-06-06T12:22:42.8364545Z /usr/bin/tar: ../../../../../usr/local/lib/android/sdk/platforms/android-34-ext12/data/res/values-mcc310-mnc150-ko: Cannot utime: Operation not permitted
build	Cache Android SDK	2026-06-06T12:22:42.8365539Z /usr/bin/tar: ../../../../../usr/local/lib/android/sdk/platforms/android-34-ext12/data/res/values-mcc310-mnc150-ko: Cannot change mode to rwxr-xr-x: Operation not permitted
build	Cache Android SDK	2026-06-06T12:22:42.8368091Z /usr/bin/tar: ../../../../../usr/local/lib/android/sdk/platforms/android-34-ext12/data/res/values-mcc310-mnc150-sr: Cannot utime: Operation not permitted
build	Cache Android SDK	2026-06-06T12:22:42.8369062Z /usr/bin/tar: ../../../../../usr/local/lib/android/sdk/platforms/android-34-ext12/data/res/values-mcc310-mnc150-sr: Cannot change mode to rwxr-xr-x: Operation not permitted
build	Cache Android SDK	2026-06-06T12:22:42.8370586Z /usr/bin/tar: ../../../../../usr/local/lib/android/sdk/platforms/android-34-ext12/data/res/values-mcc704-mnc03: Cannot utime: Operation not permitted
build	Cache Android SDK	2026-06-06T12:22:42.8371546Z /usr/bin/tar: ../../../../../usr/local/lib/android/sdk/platforms/android-34-ext12/data/res/values-mcc704-mnc03: Cannot change mode to rwxr-xr-x: Operation not permitted
build	Cache Android SDK	2026-06-06T12:22:42.8373944Z /usr/bin/tar: ../../../../../usr/local/lib/android/sdk/platforms/android-34-ext12/data/res/values-mcc310-mnc220-it: Cannot utime: Operation not permitted
build	Cache Android SDK	2026-06-06T12:22:42.8375013Z /usr/bin/tar: ../../../../../usr/local/lib/android/sdk/platforms/android-34-ext12/data/res/values-mcc310-mnc220-it: Cannot change mode to rwxr-xr-x: Operation not permitted
build	Cache Android SDK	2026-06-06T12:22:42.8376937Z /usr/bin/tar: ../../../../../usr/local/lib/android/sdk/platforms/android-34-ext12/data/res/values-mcc310-mnc230-ka: Cannot utime: Operation not permitted
build	Cache Android SDK	2026-06-06T12:22:42.8378372Z /usr/bin/tar: ../../../../../usr/local/lib/android/sdk/platforms/android-34-ext12/data/res/values-mcc310-mnc230-ka: Cannot change mode to rwxr-xr-x: Operation not permitted
build	Cache Android SDK	2026-06-06T12:22:42.8380523Z /usr/bin/tar: ../../../../../usr/local/lib/android/sdk/platforms/android-34-ext12/data/res/values-bn-watch: Cannot utime: Operation not permitted
build	Cache Android SDK	2026-06-06T12:22:42.8381456Z /usr/bin/tar: ../../../../../usr/local/lib/android/sdk/platforms/android-34-ext12/data/res/values-bn-watch: Cannot change mode to rwxr-xr-x: Operation not permitted
build	Cache Android SDK	2026-06-06T12:22:42.8383916Z /usr/bin/tar: ../../../../../usr/local/lib/android/sdk/platforms/android-34-ext12/data/res/values-mcc302-mnc370-pt-rBR: Cannot utime: Operation not permitted
build	Cache Android SDK	2026-06-06T12:22:42.8384919Z /usr/bin/tar: ../../../../../usr/local/lib/android/sdk/platforms/android-34-ext12/data/res/values-mcc302-mnc370-pt-rBR: Cannot change mode to rwxr-xr-x: Operation not permitted
build	Cache Android SDK	2026-06-06T12:22:42.8387635Z /usr/bin/tar: ../../../../../usr/local/lib/android/sdk/platforms/android-34-ext12/data/res/mipmap-xxhdpi: Cannot utime: Operation not permitted
build	Cache Android SDK	2026-06-06T12:22:42.8388562Z /usr/bin/tar: ../../../../../usr/local/lib/android/sdk/platforms/android-34-ext12/data/res/mipmap-xxhdpi: Cannot change mode to rwxr-xr-x: Operation not permitted
build	Cache Android SDK	2026-06-06T12:22:42.8395128Z /usr/bin/tar: ../../../../../usr/local/lib/android/sdk/platforms/android-34-ext12/data/res/values-mcc311-mnc180-ja: Cannot utime: Operation not permitted
build	Cache Android SDK	2026-06-06T12:22:42.8396299Z /usr/bin/tar: ../../../../../usr/local/lib/android/sdk/platforms/android-34-ext12/data/res/values-mcc311-mnc180-ja: Cannot change mode to rwxr-xr-x: Operation not permitted
build	Cache Android SDK	2026-06-06T12:22:42.8398036Z /usr/bin/tar: ../../../../../usr/local/lib/android/sdk/platforms/android-34-ext12/data/res/values-sl-watch: Cannot utime: Operation not permitted
build	Cache Android SDK	2026-06-06T12:22:42.8398993Z /usr/bin/tar: ../../../../../usr/local/lib/android/sdk/platforms/android-34-ext12/data/res/values-sl-watch: Cannot change mode to rwxr-xr-x: Operation not permitted
build	Cache Android SDK	2026-06-06T12:22:42.8401181Z /usr/bin/tar: ../../../../../usr/local/lib/android/sdk/platforms/android-34-ext12/data/res/values-mcc310-mnc270-th: Cannot utime: Operation not permitted
build	Cache Android SDK	2026-06-06T12:22:42.8402220Z /usr/bin/tar: ../../../../../usr/local/lib/android/sdk/platforms/android-34-ext12/data/res/values-mcc310-mnc270-th: Cannot change mode to rwxr-xr-x: Operation not permitted
build	Cache Android SDK	2026-06-06T12:22:42.8404090Z /usr/bin/tar: ../../../../../usr/local/lib/android/sdk/platforms/android-34-ext12/data/res/values-mcc310-mnc660-zh-rHK: Cannot utime: Operation not permitted
build	Cache Android SDK	2026-06-06T12:22:42.8405089Z /usr/bin/tar: ../../../../../usr/local/lib/android/sdk/platforms/android-34-ext12/data/res/values-mcc310-mnc660-zh-rHK: Cannot change mode to rwxr-xr-x: Operation not permitted
build	Cache Android SDK	2026-06-06T12:22:42.8408830Z /usr/bin/tar: ../../../../../usr/local/lib/android/sdk/platforms/android-34-ext12/data/res/values-mcc334-mnc020-be: Cannot utime: Operation not permitted
build	Cache Android SDK	2026-06-06T12:22:42.8409791Z /usr/bin/tar: ../../../../../usr/local/lib/android/sdk/platforms/android-34-ext12/data/res/values-mcc334-mnc020-be: Cannot change mode to rwxr-xr-x: Operation not permitted
build	Cache Android SDK	2026-06-06T12:22:42.8411335Z /usr/bin/tar: ../../../../../usr/local/lib/android/sdk/platforms/android-34-ext12/data/res/values-mcc310-mnc270-fi: Cannot utime: Operation not permitted
build	Cache Android SDK	2026-06-06T12:22:42.8412304Z /usr/bin/tar: ../../../../../usr/local/lib/android/sdk/platforms/android-34-ext12/data/res/values-mcc310-mnc270-fi: Cannot change mode to rwxr-xr-x: Operation not permitted
build	Cache Android SDK	2026-06-06T12:22:42.8414309Z /usr/bin/tar: ../../../../../usr/local/lib/android/sdk/platforms/android-34-ext12/data/res/values-mcc334: Cannot utime: Operation not permitted
build	Cache Android SDK	2026-06-06T12:22:42.8415247Z /usr/bin/tar: ../../../../../usr/local/lib/android/sdk/platforms/android-34-ext12/data/res/values-mcc334: Cannot change mode to rwxr-xr-x: Operation not permitted
build	Cache Android SDK	2026-06-06T12:22:42.8416855Z /usr/bin/tar: ../../../../../usr/local/lib/android/sdk/platforms/android-34-ext12/data/res/values-mcc310-mnc800-az: Cannot utime: Operation not permitted
build	Cache Android SDK	2026-06-06T12:22:42.8417999Z /usr/bin/tar: ../../../../../usr/local/lib/android/sdk/platforms/android-34-ext12/data/res/values-mcc310-mnc800-az: Cannot change mode to rwxr-xr-x: Operation not permitted
build	Cache Android SDK	2026-06-06T12:22:42.8420655Z /usr/bin/tar: ../../../../../usr/local/lib/android/sdk/platforms/android-34-ext12/data/res/values-mcc310-mnc280-es: Cannot utime: Operation not permitted
build	Cache Android SDK	2026-06-06T12:22:42.8421717Z /usr/bin/tar: ../../../../../usr/local/lib/android/sdk/platforms/android-34-ext12/data/res/values-mcc310-mnc280-es: Cannot change mode to rwxr-xr-x: Operation not permitted
build	Cache Android SDK	2026-06-06T12:22:42.8423236Z /usr/bin/tar: ../../../../../usr/local/lib/android/sdk/platforms/android-34-ext12/data/res/values-mcc310-mnc200-hu: Cannot utime: Operation not permitted
build	Cache Android SDK	2026-06-06T12:22:42.8424184Z /usr/bin/tar: ../../../../../usr/local/lib/android/sdk/platforms/android-34-ext12/data/res/values-mcc310-mnc200-hu: Cannot change mode to rwxr-xr-x: Operation not permitted
build	Cache Android SDK	2026-06-06T12:22:42.8426949Z /usr/bin/tar: ../../../../../usr/local/lib/android/sdk/platforms/android-34-ext12/data/res/values-ur-television: Cannot utime: Operation not permitted
build	Cache Android SDK	2026-06-06T12:22:42.8428111Z /usr/bin/tar: ../../../../../usr/local/lib/android/sdk/platforms/android-34-ext12/data/res/values-ur-television: Cannot change mode to rwxr-xr-x: Operation not permitted
build	Cache Android SDK	2026-06-06T12:22:42.8430240Z /usr/bin/tar: ../../../../../usr/local/lib/android/sdk/platforms/android-34-ext12/data/res/values-mcc001-mnc01-sv: Cannot utime: Operation not permitted
build	Cache Android SDK	2026-06-06T12:22:42.8431383Z /usr/bin/tar: ../../../../../usr/local/lib/android/sdk/platforms/android-34-ext12/data/res/values-mcc001-mnc01-sv: Cannot change mode to rwxr-xr-x: Operation not permitted
build	Cache Android SDK	2026-06-06T12:22:42.8433035Z /usr/bin/tar: ../../../../../usr/local/lib/android/sdk/platforms/android-34-ext12/data/res/values-mcc302-mnc370-kn: Cannot utime: Operation not permitted
build	Cache Android SDK	2026-06-06T12:22:42.8433998Z /usr/bin/tar: ../../../../../usr/local/lib/android/sdk/platforms/android-34-ext12/data/res/values-mcc302-mnc370-kn: Cannot change mode to rwxr-xr-x: Operation not permitted
build	Cache Android SDK	2026-06-06T12:22:42.8436046Z /usr/bin/tar: ../../../../../usr/local/lib/android/sdk/platforms/android-34-ext12/data/res/values-en-rCA-watch: Cannot utime: Operation not permitted
build	Cache Android SDK	2026-06-06T12:22:42.8437106Z /usr/bin/tar: ../../../../../usr/local/lib/android/sdk/platforms/android-34-ext12/data/res/values-en-rCA-watch: Cannot change mode to rwxr-xr-x: Operation not permitted
build	Cache Android SDK	2026-06-06T12:22:42.8439273Z /usr/bin/tar: ../../../../../usr/local/lib/android/sdk/platforms/android-34-ext12/data/res/values-mcc310-mnc250-fi: Cannot utime: Operation not permitted
build	Cache Android SDK	2026-06-06T12:22:42.8440232Z /usr/bin/tar: ../../../../../usr/local/lib/android/sdk/platforms/android-34-ext12/data/res/values-mcc310-mnc250-fi: Cannot change mode to rwxr-xr-x: Operation not permitted
build	Cache Android SDK	2026-06-06T12:22:42.8442771Z /usr/bin/tar: ../../../../../usr/local/lib/android/sdk/platforms/android-34-ext12/data/res/values-mcc001-mnc01-tl: Cannot utime: Operation not permitted
build	Cache Android SDK	2026-06-06T12:22:42.8443734Z /usr/bin/tar: ../../../../../usr/local/lib/android/sdk/platforms/android-34-ext12/data/res/values-mcc001-mnc01-tl: Cannot change mode to rwxr-xr-x: Operation not permitted
build	Cache Android SDK	2026-06-06T12:22:42.8445386Z /usr/bin/tar: ../../../../../usr/local/lib/android/sdk/platforms/android-34-ext12/data/res/values-it-rCH: Cannot utime: Operation not permitted
build	Cache Android SDK	2026-06-06T12:22:42.8446291Z /usr/bin/tar: ../../../../../usr/local/lib/android/sdk/platforms/android-34-ext12/data/res/values-it-rCH: Cannot change mode to rwxr-xr-x: Operation not permitted
build	Cache Android SDK	2026-06-06T12:22:42.8448983Z /usr/bin/tar: ../../../../../usr/local/lib/android/sdk/platforms/android-34-ext12/data/res/values-mcc310-mnc950-kn: Cannot utime: Operation not permitted
build	Cache Android SDK	2026-06-06T12:22:42.8449928Z /usr/bin/tar: ../../../../../usr/local/lib/android/sdk/platforms/android-34-ext12/data/res/values-mcc310-mnc950-kn: Cannot change mode to rwxr-xr-x: Operation not permitted
build	Cache Android SDK	2026-06-06T12:22:42.8451978Z /usr/bin/tar: ../../../../../usr/local/lib/android/sdk/platforms/android-34-ext12/data/res/values-mcc302-mnc720-ja: Cannot utime: Operation not permitted
build	Cache Android SDK	2026-06-06T12:22:42.8452917Z /usr/bin/tar: ../../../../../usr/local/lib/android/sdk/platforms/android-34-ext12/data/res/values-mcc302-mnc720-ja: Cannot change mode to rwxr-xr-x: Operation not permitted
build	Cache Android SDK	2026-06-06T12:22:42.8455097Z /usr/bin/tar: ../../../../../usr/local/lib/android/sdk/platforms/android-34-ext12/data/res/values-mcc302-mnc720-ca: Cannot utime: Operation not permitted
build	Cache Android SDK	2026-06-06T12:22:42.8456277Z /usr/bin/tar: ../../../../../usr/local/lib/android/sdk/platforms/android-34-ext12/data/res/values-mcc302-mnc720-ca: Cannot change mode to rwxr-xr-x: Operation not permitted
build	Cache Android SDK	2026-06-06T12:22:42.8471260Z /usr/bin/tar: ../../../../../usr/local/lib/android/sdk/platforms/android-34-ext12/data/res/values-de-rCH: Cannot utime: Operation not permitted
build	Cache Android SDK	2026-06-06T12:22:42.8472736Z /usr/bin/tar: ../../../../../usr/local/lib/android/sdk/platforms/android-34-ext12/data/res/values-de-rCH: Cannot change mode to rwxr-xr-x: Operation not permitted
build	Cache Android SDK	2026-06-06T12:22:42.8473692Z /usr/bin/tar: ../../../../../usr/local/lib/android/sdk/platforms/android-34-ext12/data/res/values-mcc310-mnc210-kn: Cannot utime: Operation not permitted
build	Cache Android SDK	2026-06-06T12:22:42.8475021Z /usr/bin/tar: ../../../../../usr/local/lib/android/sdk/platforms/android-34-ext12/data/res/values-mcc310-mnc210-kn: Cannot change mode to rwxr-xr-x: Operation not permitted
build	Cache Android SDK	2026-06-06T12:22:42.8476524Z /usr/bin/tar: ../../../../../usr/local/lib/android/sdk/platforms/android-34-ext12/data/res/values-mcc310-mnc250-ar: Cannot utime: Operation not permitted
build	Cache Android SDK	2026-06-06T12:22:42.8477669Z /usr/bin/tar: ../../../../../usr/local/lib/android/sdk/platforms/android-34-ext12/data/res/values-mcc310-mnc250-ar: Cannot change mode to rwxr-xr-x: Operation not permitted
build	Cache Android SDK	2026-06-06T12:22:42.8479008Z /usr/bin/tar: ../../../../../usr/local/lib/android/sdk/platforms/android-34-ext12/data/res/values-mcc310-mnc030-kn: Cannot utime: Operation not permitted
build	Cache Android SDK	2026-06-06T12:22:42.8479956Z /usr/bin/tar: ../../../../../usr/local/lib/android/sdk/platforms/android-34-ext12/data/res/values-mcc310-mnc030-kn: Cannot change mode to rwxr-xr-x: Operation not permitted
build	Cache Android SDK	2026-06-06T12:22:42.8481015Z /usr/bin/tar: ../../../../../usr/local/lib/android/sdk/platforms/android-34-ext12/data/res/values-w210dp-round-watch: Cannot utime: Operation not permitted
build	Cache Android SDK	2026-06-06T12:22:42.8482004Z /usr/bin/tar: ../../../../../usr/local/lib/android/sdk/platforms/android-34-ext12/data/res/values-w210dp-round-watch: Cannot change mode to rwxr-xr-x: Operation not permitted
build	Cache Android SDK	2026-06-06T12:22:42.8482970Z /usr/bin/tar: ../../../../../usr/local/lib/android/sdk/platforms/android-34-ext12/data/res/values-mcc310-mnc200-ka: Cannot utime: Operation not permitted
build	Cache Android SDK	2026-06-06T12:22:42.8483916Z /usr/bin/tar: ../../../../../usr/local/lib/android/sdk/platforms/android-34-ext12/data/res/values-mcc310-mnc200-ka: Cannot change mode to rwxr-xr-x: Operation not permitted
build	Cache Android SDK	2026-06-06T12:22:42.8484860Z /usr/bin/tar: ../../../../../usr/local/lib/android/sdk/platforms/android-34-ext12/data/res/values-mcc310-mnc380-pa: Cannot utime: Operation not permitted
build	Cache Android SDK	2026-06-06T12:22:42.8486261Z /usr/bin/tar: ../../../../../usr/local/lib/android/sdk/platforms/android-34-ext12/data/res/values-mcc310-mnc380-pa: Cannot change mode to rwxr-xr-x: Operation not permitted
build	Cache Android SDK	2026-06-06T12:22:42.8487234Z /usr/bin/tar: ../../../../../usr/local/lib/android/sdk/platforms/android-34-ext12/data/res/values-mcc302-mnc720-sr: Cannot utime: Operation not permitted
build	Cache Android SDK	2026-06-06T12:22:42.8488303Z /usr/bin/tar: ../../../../../usr/local/lib/android/sdk/platforms/android-34-ext12/data/res/values-mcc302-mnc720-sr: Cannot change mode to rwxr-xr-x: Operation not permitted
build	Cache Android SDK	2026-06-06T12:22:42.8489663Z /usr/bin/tar: ../../../../../usr/local/lib/android/sdk/platforms/android-34-ext12/data/res/values-mcc310-mnc800-ka: Cannot utime: Operation not permitted
build	Cache Android SDK	2026-06-06T12:22:42.8490612Z /usr/bin/tar: ../../../../../usr/local/lib/android/sdk/platforms/android-34-ext12/data/res/values-mcc310-mnc800-ka: Cannot change mode to rwxr-xr-x: Operation not permitted
build	Cache Android SDK	2026-06-06T12:22:42.8492713Z /usr/bin/tar: ../../../../../usr/local/lib/android/sdk/platforms/android-34-ext12/data/res/values-mcc310-mnc660-nl: Cannot utime: Operation not permitted
build	Cache Android SDK	2026-06-06T12:22:42.8493680Z /usr/bin/tar: ../../../../../usr/local/lib/android/sdk/platforms/android-34-ext12/data/res/values-mcc310-mnc660-nl: Cannot change mode to rwxr-xr-x: Operation not permitted
build	Cache Android SDK	2026-06-06T12:22:42.8495981Z /usr/bin/tar: ../../../../../usr/local/lib/android/sdk/platforms/android-34-ext12/data/res/values-mcc310-mnc030-zh-rHK: Cannot utime: Operation not permitted
build	Cache Android SDK	2026-06-06T12:22:42.8496459Z /usr/bin/tar: ../../../../../usr/local/lib/android/sdk/platforms/android-34-ext12/data/res/values-mcc310-mnc030-zh-rHK: Cannot change mode to rwxr-xr-x: Operation not permitted
build	Cache Android SDK	2026-06-06T12:22:42.8499198Z /usr/bin/tar: ../../../../../usr/local/lib/android/sdk/platforms/android-34-ext12/data/res/values-mcc302-mnc370-sv: Cannot utime: Operation not permitted
build	Cache Android SDK	2026-06-06T12:22:42.8499663Z /usr/bin/tar: ../../../../../usr/local/lib/android/sdk/platforms/android-34-ext12/data/res/values-mcc302-mnc370-sv: Cannot change mode to rwxr-xr-x: Operation not permitted
build	Cache Android SDK	2026-06-06T12:22:42.8502495Z /usr/bin/tar: ../../../../../usr/local/lib/android/sdk/platforms/android-34-ext12/data/res/values-mcc310-mnc170-fa: Cannot utime: Operation not permitted
build	Cache Android SDK	2026-06-06T12:22:42.8503115Z /usr/bin/tar: ../../../../../usr/local/lib/android/sdk/platforms/android-34-ext12/data/res/values-mcc310-mnc170-fa: Cannot change mode to rwxr-xr-x: Operation not permitted
build	Cache Android SDK	2026-06-06T12:22:42.8506159Z /usr/bin/tar: ../../../../../usr/local/lib/android/sdk/platforms/android-34-ext12/data/res/values-port: Cannot utime: Operation not permitted
build	Cache Android SDK	2026-06-06T12:22:42.8506588Z /usr/bin/tar: ../../../../../usr/local/lib/android/sdk/platforms/android-34-ext12/data/res/values-port: Cannot change mode to rwxr-xr-x: Operation not permitted
build	Cache Android SDK	2026-06-06T12:22:42.8509577Z /usr/bin/tar: ../../../../../usr/local/lib/android/sdk/platforms/android-34-ext12/data/res/drawable-en-hdpi: Cannot utime: Operation not permitted
build	Cache Android SDK	2026-06-06T12:22:42.8510027Z /usr/bin/tar: ../../../../../usr/local/lib/android/sdk/platforms/android-34-ext12/data/res/drawable-en-hdpi: Cannot change mode to rwxr-xr-x: Operation not permitted
build	Cache Android SDK	2026-06-06T12:22:42.8512826Z /usr/bin/tar: ../../../../../usr/local/lib/android/sdk/platforms/android-34-ext12/data/res/values-mcc310-mnc230-mn: Cannot utime: Operation not permitted
build	Cache Android SDK	2026-06-06T12:22:42.8513295Z /usr/bin/tar: ../../../../../usr/local/lib/android/sdk/platforms/android-34-ext12/data/res/values-mcc310-mnc230-mn: Cannot change mode to rwxr-xr-x: Operation not permitted
build	Cache Android SDK	2026-06-06T12:22:42.8520541Z /usr/bin/tar: ../../../../../usr/local/lib/android/sdk/platforms/android-34-ext12/data/res/values-es: Cannot utime: Operation not permitted
build	Cache Android SDK	2026-06-06T12:22:42.8521050Z /usr/bin/tar: ../../../../../usr/local/lib/android/sdk/platforms/android-34-ext12/data/res/values-es: Cannot change mode to rwxr-xr-x: Operation not permitted
build	Cache Android SDK	2026-06-06T12:22:42.8523954Z /usr/bin/tar: ../../../../../usr/local/lib/android/sdk/platforms/android-34-ext12/data/res/values-mcc310-mnc800-km: Cannot utime: Operation not permitted
build	Cache Android SDK	2026-06-06T12:22:42.8524458Z /usr/bin/tar: ../../../../../usr/local/lib/android/sdk/platforms/android-34-ext12/data/res/values-mcc310-mnc800-km: Cannot change mode to rwxr-xr-x: Operation not permitted
build	Cache Android SDK	2026-06-06T12:22:42.8527847Z /usr/bin/tar: ../../../../../usr/local/lib/android/sdk/platforms/android-34-ext12/data/res/values-mcc334-mnc020-en-rAU: Cannot utime: Operation not permitted
build	Cache Android SDK	2026-06-06T12:22:42.8528345Z /usr/bin/tar: ../../../../../usr/local/lib/android/sdk/platforms/android-34-ext12/data/res/values-mcc334-mnc020-en-rAU: Cannot change mode to rwxr-xr-x: Operation not permitted
build	Cache Android SDK	2026-06-06T12:22:42.8531002Z /usr/bin/tar: ../../../../../usr/local/lib/android/sdk/platforms/android-34-ext12/data/res/values-mcc310-mnc170-tl: Cannot utime: Operation not permitted
build	Cache Android SDK	2026-06-06T12:22:42.8531487Z /usr/bin/tar: ../../../../../usr/local/lib/android/sdk/platforms/android-34-ext12/data/res/values-mcc310-mnc170-tl: Cannot change mode to rwxr-xr-x: Operation not permitted
build	Cache Android SDK	2026-06-06T12:22:42.8535238Z /usr/bin/tar: ../../../../../usr/local/lib/android/sdk/platforms/android-34-ext12/data/res/values-mcc311-mnc180-lt: Cannot utime: Operation not permitted
build	Cache Android SDK	2026-06-06T12:22:42.8535816Z /usr/bin/tar: ../../../../../usr/local/lib/android/sdk/platforms/android-34-ext12/data/res/values-mcc311-mnc180-lt: Cannot change mode to rwxr-xr-x: Operation not permitted
build	Cache Android SDK	2026-06-06T12:22:42.8537676Z /usr/bin/tar: ../../../../../usr/local/lib/android/sdk/platforms/android-34-ext12/data/res/values-en-rIN-television: Cannot utime: Operation not permitted
build	Cache Android SDK	2026-06-06T12:22:42.8538174Z /usr/bin/tar: ../../../../../usr/local/lib/android/sdk/platforms/android-34-ext12/data/res/values-en-rIN-television: Cannot change mode to rwxr-xr-x: Operation not permitted
build	Cache Android SDK	2026-06-06T12:22:42.8540661Z /usr/bin/tar: ../../../../../usr/local/lib/android/sdk/platforms/android-34-ext12/data/res/values-mcc310-mnc270-nl: Cannot utime: Operation not permitted
build	Cache Android SDK	2026-06-06T12:22:42.8541129Z /usr/bin/tar: ../../../../../usr/local/lib/android/sdk/platforms/android-34-ext12/data/res/values-mcc310-mnc270-nl: Cannot change mode to rwxr-xr-x: Operation not permitted
build	Cache Android SDK	2026-06-06T12:22:42.8543947Z /usr/bin/tar: ../../../../../usr/local/lib/android/sdk/platforms/android-34-ext12/data/res/values-mcc334-mnc020-hu: Cannot utime: Operation not permitted
build	Cache Android SDK	2026-06-06T12:22:42.8544588Z /usr/bin/tar: ../../../../../usr/local/lib/android/sdk/platforms/android-34-ext12/data/res/values-mcc334-mnc020-hu: Cannot change mode to rwxr-xr-x: Operation not permitted
build	Cache Android SDK	2026-06-06T12:22:42.8547520Z /usr/bin/tar: ../../../../../usr/local/lib/android/sdk/platforms/android-34-ext12/data/res/values-mcc310-mnc220-gl: Cannot utime: Operation not permitted
build	Cache Android SDK	2026-06-06T12:22:42.8547999Z /usr/bin/tar: ../../../../../usr/local/lib/android/sdk/platforms/android-34-ext12/data/res/values-mcc310-mnc220-gl: Cannot change mode to rwxr-xr-x: Operation not permitted
build	Cache Android SDK	2026-06-06T12:22:42.8550950Z /usr/bin/tar: ../../../../../usr/local/lib/android/sdk/platforms/android-34-ext12/data/res/values-mcc310-mnc220-zh-rHK: Cannot utime: Operation not permitted
build	Cache Android SDK	2026-06-06T12:22:42.8551551Z /usr/bin/tar: ../../../../../usr/local/lib/android/sdk/platforms/android-34-ext12/data/res/values-mcc310-mnc220-zh-rHK: Cannot change mode to rwxr-xr-x: Operation not permitted
build	Cache Android SDK	2026-06-06T12:22:42.8554279Z /usr/bin/tar: ../../../../../usr/local/lib/android/sdk/platforms/android-34-ext12/data/res/values-sw720dp-w1280dp: Cannot utime: Operation not permitted
build	Cache Android SDK	2026-06-06T12:22:42.8554737Z /usr/bin/tar: ../../../../../usr/local/lib/android/sdk/platforms/android-34-ext12/data/res/values-sw720dp-w1280dp: Cannot change mode to rwxr-xr-x: Operation not permitted
build	Cache Android SDK	2026-06-06T12:22:42.8557482Z /usr/bin/tar: ../../../../../usr/local/lib/android/sdk/platforms/android-34-ext12/data/res/values-mcc310-mnc030-pt-rPT: Cannot utime: Operation not permitted
build	Cache Android SDK	2026-06-06T12:22:42.8558064Z /usr/bin/tar: ../../../../../usr/local/lib/android/sdk/platforms/android-34-ext12/data/res/values-mcc310-mnc030-pt-rPT: Cannot change mode to rwxr-xr-x: Operation not permitted
build	Cache Android SDK	2026-06-06T12:22:42.8561131Z /usr/bin/tar: ../../../../../usr/local/lib/android/sdk/platforms/android-34-ext12/data/res/values-mcc313-mnc100-ca: Cannot utime: Operation not permitted
build	Cache Android SDK	2026-06-06T12:22:42.8561601Z /usr/bin/tar: ../../../../../usr/local/lib/android/sdk/platforms/android-34-ext12/data/res/values-mcc313-mnc100-ca: Cannot change mode to rwxr-xr-x: Operation not permitted
build	Cache Android SDK	2026-06-06T12:22:42.8564897Z /usr/bin/tar: ../../../../../usr/local/lib/android/sdk/platforms/android-34-ext12/data/res/values-mcc310-mnc660-de: Cannot utime: Operation not permitted
build	Cache Android SDK	2026-06-06T12:22:42.8565354Z /usr/bin/tar: ../../../../../usr/local/lib/android/sdk/platforms/android-34-ext12/data/res/values-mcc310-mnc660-de: Cannot change mode to rwxr-xr-x: Operation not permitted
build	Cache Android SDK	2026-06-06T12:22:42.8568517Z /usr/bin/tar: ../../../../../usr/local/lib/android/sdk/platforms/android-34-ext12/data/res/values-mcc310-mnc160-fr-rCA: Cannot utime: Operation not permitted
build	Cache Android SDK	2026-06-06T12:22:42.8568999Z /usr/bin/tar: ../../../../../usr/local/lib/android/sdk/platforms/android-34-ext12/data/res/values-mcc310-mnc160-fr-rCA: Cannot change mode to rwxr-xr-x: Operation not permitted
build	Cache Android SDK	2026-06-06T12:22:42.8572389Z /usr/bin/tar: ../../../../../usr/local/lib/android/sdk/platforms/android-34-ext12/data/res/values-mcc312-mnc670-or: Cannot utime: Operation not permitted
build	Cache Android SDK	2026-06-06T12:22:42.8572866Z /usr/bin/tar: ../../../../../usr/local/lib/android/sdk/platforms/android-34-ext12/data/res/values-mcc312-mnc670-or: Cannot change mode to rwxr-xr-x: Operation not permitted
build	Cache Android SDK	2026-06-06T12:22:42.8575388Z /usr/bin/tar: ../../../../../usr/local/lib/android/sdk/platforms/android-34-ext12/data/res/values-mcc310-mnc210-da: Cannot utime: Operation not permitted
build	Cache Android SDK	2026-06-06T12:22:42.8575848Z /usr/bin/tar: ../../../../../usr/local/lib/android/sdk/platforms/android-34-ext12/data/res/values-mcc310-mnc210-da: Cannot change mode to rwxr-xr-x: Operation not permitted
build	Cache Android SDK	2026-06-06T12:22:42.8578130Z /usr/bin/tar: ../../../../../usr/local/lib/android/sdk/platforms/android-34-ext12/data/res/values-mcc310-mnc310-sk: Cannot utime: Operation not permitted
build	Cache Android SDK	2026-06-06T12:22:42.8578595Z /usr/bin/tar: ../../../../../usr/local/lib/android/sdk/platforms/android-34-ext12/data/res/values-mcc310-mnc310-sk: Cannot change mode to rwxr-xr-x: Operation not permitted
build	Cache Android SDK	2026-06-06T12:22:42.8581151Z /usr/bin/tar: ../../../../../usr/local/lib/android/sdk/platforms/android-34-ext12/data/res/values-mcc310-mnc200-in: Cannot utime: Operation not permitted
build	Cache Android SDK	2026-06-06T12:22:42.8581615Z /usr/bin/tar: ../../../../../usr/local/lib/android/sdk/platforms/android-34-ext12/data/res/values-mcc310-mnc200-in: Cannot change mode to rwxr-xr-x: Operation not permitted
build	Cache Android SDK	2026-06-06T12:22:42.8584245Z /usr/bin/tar: ../../../../../usr/local/lib/android/sdk/platforms/android-34-ext12/data/res/values-mcc310-mnc170-af: Cannot utime: Operation not permitted
build	Cache Android SDK	2026-06-06T12:22:42.8584699Z /usr/bin/tar: ../../../../../usr/local/lib/android/sdk/platforms/android-34-ext12/data/res/values-mcc310-mnc170-af: Cannot change mode to rwxr-xr-x: Operation not permitted
build	Cache Android SDK	2026-06-06T12:22:42.8591279Z /usr/bin/tar: ../../../../../usr/local/lib/android/sdk/platforms/android-34-ext12/data/res/values-hu: Cannot utime: Operation not permitted
build	Cache Android SDK	2026-06-06T12:22:42.8591715Z /usr/bin/tar: ../../../../../usr/local/lib/android/sdk/platforms/android-34-ext12/data/res/values-hu: Cannot change mode to rwxr-xr-x: Operation not permitted
build	Cache Android SDK	2026-06-06T12:22:42.8593785Z /usr/bin/tar: ../../../../../usr/local/lib/android/sdk/platforms/android-34-ext12/data/res/values-mcc310-mnc950-en-rXC: Cannot utime: Operation not permitted
build	Cache Android SDK	2026-06-06T12:22:42.8594275Z /usr/bin/tar: ../../../../../usr/local/lib/android/sdk/platforms/android-34-ext12/data/res/values-mcc310-mnc950-en-rXC: Cannot change mode to rwxr-xr-x: Operation not permitted
build	Cache Android SDK	2026-06-06T12:22:42.8596837Z /usr/bin/tar: ../../../../../usr/local/lib/android/sdk/platforms/android-34-ext12/data/res/values-mcc310: Cannot utime: Operation not permitted
build	Cache Android SDK	2026-06-06T12:22:42.8597271Z /usr/bin/tar: ../../../../../usr/local/lib/android/sdk/platforms/android-34-ext12/data/res/values-mcc310: Cannot change mode to rwxr-xr-x: Operation not permitted
build	Cache Android SDK	2026-06-06T12:22:42.8600195Z /usr/bin/tar: ../../../../../usr/local/lib/android/sdk/platforms/android-34-ext12/data/res/values-mcc312-mnc670-fi: Cannot utime: Operation not permitted
build	Cache Android SDK	2026-06-06T12:22:42.8600667Z /usr/bin/tar: ../../../../../usr/local/lib/android/sdk/platforms/android-34-ext12/data/res/values-mcc312-mnc670-fi: Cannot change mode to rwxr-xr-x: Operation not permitted
build	Cache Android SDK	2026-06-06T12:22:42.8603221Z /usr/bin/tar: ../../../../../usr/local/lib/android/sdk/platforms/android-34-ext12/data/res/values-es-rUS-television: Cannot utime: Operation not permitted
build	Cache Android SDK	2026-06-06T12:22:42.8603696Z /usr/bin/tar: ../../../../../usr/local/lib/android/sdk/platforms/android-34-ext12/data/res/values-es-rUS-television: Cannot change mode to rwxr-xr-x: Operation not permitted
build	Cache Android SDK	2026-06-06T12:22:42.8606413Z /usr/bin/tar: ../../../../../usr/local/lib/android/sdk/platforms/android-34-ext12/data/res/values-mcc310-mnc950-mn: Cannot utime: Operation not permitted
build	Cache Android SDK	2026-06-06T12:22:42.8606876Z /usr/bin/tar: ../../../../../usr/local/lib/android/sdk/platforms/android-34-ext12/data/res/values-mcc310-mnc950-mn: Cannot change mode to rwxr-xr-x: Operation not permitted
build	Cache Android SDK	2026-06-06T12:22:42.8609444Z /usr/bin/tar: ../../../../../usr/local/lib/android/sdk/platforms/android-34-ext12/data/res/values-mcc310-mnc660-et: Cannot utime: Operation not permitted
build	Cache Android SDK	2026-06-06T12:22:42.8609902Z /usr/bin/tar: ../../../../../usr/local/lib/android/sdk/platforms/android-34-ext12/data/res/values-mcc310-mnc660-et: Cannot change mode to rwxr-xr-x: Operation not permitted
build	Cache Android SDK	2026-06-06T12:22:42.8612445Z /usr/bin/tar: ../../../../../usr/local/lib/android/sdk/platforms/android-34-ext12/data/res/values-mcc310-mnc210-ar: Cannot utime: Operation not permitted
build	Cache Android SDK	2026-06-06T12:22:42.8612905Z /usr/bin/tar: ../../../../../usr/local/lib/android/sdk/platforms/android-34-ext12/data/res/values-mcc310-mnc210-ar: Cannot change mode to rwxr-xr-x: Operation not permitted
build	Cache Android SDK	2026-06-06T12:22:42.8615526Z /usr/bin/tar: ../../../../../usr/local/lib/android/sdk/platforms/android-34-ext12/data/res/values-mcc310-mnc270-hi: Cannot utime: Operation not permitted
build	Cache Android SDK	2026-06-06T12:22:42.8615994Z /usr/bin/tar: ../../../../../usr/local/lib/android/sdk/platforms/android-34-ext12/data/res/values-mcc310-mnc270-hi: Cannot change mode to rwxr-xr-x: Operation not permitted
build	Cache Android SDK	2026-06-06T12:22:42.8618961Z /usr/bin/tar: ../../../../../usr/local/lib/android/sdk/platforms/android-34-ext12/data/res/values-mcc311-mnc180-in: Cannot utime: Operation not permitted
build	Cache Android SDK	2026-06-06T12:22:42.8619420Z /usr/bin/tar: ../../../../../usr/local/lib/android/sdk/platforms/android-34-ext12/data/res/values-mcc311-mnc180-in: Cannot change mode to rwxr-xr-x: Operation not permitted
build	Cache Android SDK	2026-06-06T12:22:42.8622152Z /usr/bin/tar: ../../../../../usr/local/lib/android/sdk/platforms/android-34-ext12/data/res/values-mcc310-mnc240-hy: Cannot utime: Operation not permitted
build	Cache Android SDK	2026-06-06T12:22:42.8622618Z /usr/bin/tar: ../../../../../usr/local/lib/android/sdk/platforms/android-34-ext12/data/res/values-mcc310-mnc240-hy: Cannot change mode to rwxr-xr-x: Operation not permitted
build	Cache Android SDK	2026-06-06T12:22:42.8625626Z /usr/bin/tar: ../../../../../usr/local/lib/android/sdk/platforms/android-34-ext12/data/res/values-lv-watch: Cannot utime: Operation not permitted
build	Cache Android SDK	2026-06-06T12:22:42.8626068Z /usr/bin/tar: ../../../../../usr/local/lib/android/sdk/platforms/android-34-ext12/data/res/values-lv-watch: Cannot change mode to rwxr-xr-x: Operation not permitted
build	Cache Android SDK	2026-06-06T12:22:42.8629025Z /usr/bin/tar: ../../../../../usr/local/lib/android/sdk/platforms/android-34-ext12/data/res/values-mcc302-mnc720-ta: Cannot utime: Operation not permitted
build	Cache Android SDK	2026-06-06T12:22:42.8629483Z /usr/bin/tar: ../../../../../usr/local/lib/android/sdk/platforms/android-34-ext12/data/res/values-mcc302-mnc720-ta: Cannot change mode to rwxr-xr-x: Operation not permitted
build	Cache Android SDK	2026-06-06T12:22:42.8632285Z /usr/bin/tar: ../../../../../usr/local/lib/android/sdk/platforms/android-34-ext12/data/res/values-mcc310-mnc200-th: Cannot utime: Operation not permitted
build	Cache Android SDK	2026-06-06T12:22:42.8632750Z /usr/bin/tar: ../../../../../usr/local/lib/android/sdk/platforms/android-34-ext12/data/res/values-mcc310-mnc200-th: Cannot change mode to rwxr-xr-x: Operation not permitted
build	Cache Android SDK	2026-06-06T12:22:42.8635869Z /usr/bin/tar: ../../../../../usr/local/lib/android/sdk/platforms/android-34-ext12/data/res/values-mcc310-mnc160-ta: Cannot utime: Operation not permitted
build	Cache Android SDK	2026-06-06T12:22:42.8638947Z /usr/bin/tar: ../../../../../usr/local/lib/android/sdk/platforms/android-34-ext12/data/res/values-mcc310-mnc160-ta: Cannot change mode to rwxr-xr-x: Operation not permitted
build	Cache Android SDK	2026-06-06T12:22:42.8639356Z /usr/bin/tar: ../../../../../usr/local/lib/android/sdk/platforms/android-34-ext12/data/res/values-mcc310-mnc210-lt: Cannot utime: Operation not permitted
build	Cache Android SDK	2026-06-06T12:22:42.8639804Z /usr/bin/tar: ../../../../../usr/local/lib/android/sdk/platforms/android-34-ext12/data/res/values-mcc310-mnc210-lt: Cannot change mode to rwxr-xr-x: Operation not permitted
build	Cache Android SDK	2026-06-06T12:22:42.8642327Z /usr/bin/tar: ../../../../../usr/local/lib/android/sdk/platforms/android-34-ext12/data/res/values-mcc310-mnc490-my: Cannot utime: Operation not permitted
build	Cache Android SDK	2026-06-06T12:22:42.8642793Z /usr/bin/tar: ../../../../../usr/local/lib/android/sdk/platforms/android-34-ext12/data/res/values-mcc310-mnc490-my: Cannot change mode to rwxr-xr-x: Operation not permitted
build	Cache Android SDK	2026-06-06T12:22:42.8645652Z /usr/bin/tar: ../../../../../usr/local/lib/android/sdk/platforms/android-34-ext12/data/res/values-it-watch: Cannot utime: Operation not permitted
build	Cache Android SDK	2026-06-06T12:22:42.8646098Z /usr/bin/tar: ../../../../../usr/local/lib/android/sdk/platforms/android-34-ext12/data/res/values-it-watch: Cannot change mode to rwxr-xr-x: Operation not permitted
build	Cache Android SDK	2026-06-06T12:22:42.8648868Z /usr/bin/tar: ../../../../../usr/local/lib/android/sdk/platforms/android-34-ext12/data/res/values-mcc310-mnc240-ja: Cannot utime: Operation not permitted
build	Cache Android SDK	2026-06-06T12:22:42.8649319Z /usr/bin/tar: ../../../../../usr/local/lib/android/sdk/platforms/android-34-ext12/data/res/values-mcc310-mnc240-ja: Cannot change mode to rwxr-xr-x: Operation not permitted
build	Cache Android SDK	2026-06-06T12:22:42.8652068Z /usr/bin/tar: ../../../../../usr/local/lib/android/sdk/platforms/android-34-ext12/data/res/values-mcc310-mnc210-zu: Cannot utime: Operation not permitted
build	Cache Android SDK	2026-06-06T12:22:42.8652663Z /usr/bin/tar: ../../../../../usr/local/lib/android/sdk/platforms/android-34-ext12/data/res/values-mcc310-mnc210-zu: Cannot change mode to rwxr-xr-x: Operation not permitted
build	Cache Android SDK	2026-06-06T12:22:42.8655068Z /usr/bin/tar: ../../../../../usr/local/lib/android/sdk/platforms/android-34-ext12/data/res/values-mcc310-mnc250-pa: Cannot utime: Operation not permitted
build	Cache Android SDK	2026-06-06T12:22:42.8655526Z /usr/bin/tar: ../../../../../usr/local/lib/android/sdk/platforms/android-34-ext12/data/res/values-mcc310-mnc250-pa: Cannot change mode to rwxr-xr-x: Operation not permitted
build	Cache Android SDK	2026-06-06T12:22:42.8660363Z /usr/bin/tar: ../../../../../usr/local/lib/android/sdk/platforms/android-34-ext12/data/res/values-mcc310-mnc030-sr: Cannot utime: Operation not permitted
build	Cache Android SDK	2026-06-06T12:22:42.8660926Z /usr/bin/tar: ../../../../../usr/local/lib/android/sdk/platforms/android-34-ext12/data/res/values-mcc310-mnc030-sr: Cannot change mode to rwxr-xr-x: Operation not permitted
build	Cache Android SDK	2026-06-06T12:22:42.8663366Z /usr/bin/tar: ../../../../../usr/local/lib/android/sdk/platforms/android-34-ext12/data/res/values-mcc310-mnc950-pt: Cannot utime: Operation not permitted
build	Cache Android SDK	2026-06-06T12:22:42.8663824Z /usr/bin/tar: ../../../../../usr/local/lib/android/sdk/platforms/android-34-ext12/data/res/values-mcc310-mnc950-pt: Cannot change mode to rwxr-xr-x: Operation not permitted
build	Cache Android SDK	2026-06-06T12:22:42.8666001Z /usr/bin/tar: ../../../../../usr/local/lib/android/sdk/platforms/android-34-ext12/data/res/values-mcc310-mnc560-pa: Cannot utime: Operation not permitted
build	Cache Android SDK	2026-06-06T12:22:42.8666461Z /usr/bin/tar: ../../../../../usr/local/lib/android/sdk/platforms/android-34-ext12/data/res/values-mcc310-mnc560-pa: Cannot change mode to rwxr-xr-x: Operation not permitted
build	Cache Android SDK	2026-06-06T12:22:42.8669645Z /usr/bin/tar: ../../../../../usr/local/lib/android/sdk/platforms/android-34-ext12/data/res/values-mcc310-mnc220-es-rUS: Cannot utime: Operation not permitted
build	Cache Android SDK	2026-06-06T12:22:42.8670131Z /usr/bin/tar: ../../../../../usr/local/lib/android/sdk/platforms/android-34-ext12/data/res/values-mcc310-mnc220-es-rUS: Cannot change mode to rwxr-xr-x: Operation not permitted
build	Cache Android SDK	2026-06-06T12:22:42.8673091Z /usr/bin/tar: ../../../../../usr/local/lib/android/sdk/platforms/android-34-ext12/data/res/values-mcc310-mnc660-bg: Cannot utime: Operation not permitted
build	Cache Android SDK	2026-06-06T12:22:42.8673547Z /usr/bin/tar: ../../../../../usr/local/lib/android/sdk/platforms/android-34-ext12/data/res/values-mcc310-mnc660-bg: Cannot change mode to rwxr-xr-x: Operation not permitted
build	Cache Android SDK	2026-06-06T12:22:42.8676571Z /usr/bin/tar: ../../../../../usr/local/lib/android/sdk/platforms/android-34-ext12/data/res/values-mcc310-mnc380-fa: Cannot utime: Operation not permitted
build	Cache Android SDK	2026-06-06T12:22:42.8677028Z /usr/bin/tar: ../../../../../usr/local/lib/android/sdk/platforms/android-34-ext12/data/res/values-mcc310-mnc380-fa: Cannot change mode to rwxr-xr-x: Operation not permitted
build	Cache Android SDK	2026-06-06T12:22:42.8679995Z /usr/bin/tar: ../../../../../usr/local/lib/android/sdk/platforms/android-34-ext12/data/res/values-mcc001-mnc01-km: Cannot utime: Operation not permitted
build	Cache Android SDK	2026-06-06T12:22:42.8680465Z /usr/bin/tar: ../../../../../usr/local/lib/android/sdk/platforms/android-34-ext12/data/res/values-mcc001-mnc01-km: Cannot change mode to rwxr-xr-x: Operation not permitted
build	Cache Android SDK	2026-06-06T12:22:42.8682933Z /usr/bin/tar: ../../../../../usr/local/lib/android/sdk/platforms/android-34-ext12/data/res/values-mcc310-mnc030-el: Cannot utime: Operation not permitted
build	Cache Android SDK	2026-06-06T12:22:42.8683393Z /usr/bin/tar: ../../../../../usr/local/lib/android/sdk/platforms/android-34-ext12/data/res/values-mcc310-mnc030-el: Cannot change mode to rwxr-xr-x: Operation not permitted
build	Cache Android SDK	2026-06-06T12:22:42.8686474Z /usr/bin/tar: ../../../../../usr/local/lib/android/sdk/platforms/android-34-ext12/data/res/values-mcc310-mnc660-ky: Cannot utime: Operation not permitted
build	Cache Android SDK	2026-06-06T12:22:42.8687643Z /usr/bin/tar: ../../../../../usr/local/lib/android/sdk/platforms/android-34-ext12/data/res/values-mcc310-mnc660-ky: Cannot change mode to rwxr-xr-x: Operation not permitted
build	Cache Android SDK	2026-06-06T12:22:42.8689569Z /usr/bin/tar: ../../../../../usr/local/lib/android/sdk/platforms/android-34-ext12/data/res/values-mcc310-mnc210-uz: Cannot utime: Operation not permitted
build	Cache Android SDK	2026-06-06T12:22:42.8690039Z /usr/bin/tar: ../../../../../usr/local/lib/android/sdk/platforms/android-34-ext12/data/res/values-mcc310-mnc210-uz: Cannot change mode to rwxr-xr-x: Operation not permitted
build	Cache Android SDK	2026-06-06T12:22:42.8692632Z /usr/bin/tar: ../../../../../usr/local/lib/android/sdk/platforms/android-34-ext12/data/res/values-mcc310-mnc310-ur: Cannot utime: Operation not permitted
build	Cache Android SDK	2026-06-06T12:22:42.8693093Z /usr/bin/tar: ../../../../../usr/local/lib/android/sdk/platforms/android-34-ext12/data/res/values-mcc310-mnc310-ur: Cannot change mode to rwxr-xr-x: Operation not permitted
build	Cache Android SDK	2026-06-06T12:22:42.8695650Z /usr/bin/tar: ../../../../../usr/local/lib/android/sdk/platforms/android-34-ext12/data/res/values-mcc310-mnc270-kn: Cannot utime: Operation not permitted
build	Cache Android SDK	2026-06-06T12:22:42.8696245Z /usr/bin/tar: ../../../../../usr/local/lib/android/sdk/platforms/android-34-ext12/data/res/values-mcc310-mnc270-kn: Cannot change mode to rwxr-xr-x: Operation not permitted
build	Cache Android SDK	2026-06-06T12:22:42.8699110Z /usr/bin/tar: ../../../../../usr/local/lib/android/sdk/platforms/android-34-ext12/data/res/values-mcc302-mnc370-or: Cannot utime: Operation not permitted
build	Cache Android SDK	2026-06-06T12:22:42.8699568Z /usr/bin/tar: ../../../../../usr/local/lib/android/sdk/platforms/android-34-ext12/data/res/values-mcc302-mnc370-or: Cannot change mode to rwxr-xr-x: Operation not permitted
build	Cache Android SDK	2026-06-06T12:22:42.8702808Z /usr/bin/tar: ../../../../../usr/local/lib/android/sdk/platforms/android-34-ext12/data/res/values-mcc310-mnc150-hr: Cannot utime: Operation not permitted
build	Cache Android SDK	2026-06-06T12:22:42.8703263Z /usr/bin/tar: ../../../../../usr/local/lib/android/sdk/platforms/android-34-ext12/data/res/values-mcc310-mnc150-hr: Cannot change mode to rwxr-xr-x: Operation not permitted
build	Cache Android SDK	2026-06-06T12:22:42.8709737Z /usr/bin/tar: ../../../../../usr/local/lib/android/sdk/platforms/android-34-ext12/data/res/values-te: Cannot utime: Operation not permitted
build	Cache Android SDK	2026-06-06T12:22:42.8710181Z /usr/bin/tar: ../../../../../usr/local/lib/android/sdk/platforms/android-34-ext12/data/res/values-te: Cannot change mode to rwxr-xr-x: Operation not permitted
build	Cache Android SDK	2026-06-06T12:22:42.8712826Z /usr/bin/tar: ../../../../../usr/local/lib/android/sdk/platforms/android-34-ext12/data/res/values-mcc310-mnc490-es-rUS: Cannot utime: Operation not permitted
build	Cache Android SDK	2026-06-06T12:22:42.8713305Z /usr/bin/tar: ../../../../../usr/local/lib/android/sdk/platforms/android-34-ext12/data/res/values-mcc310-mnc490-es-rUS: Cannot change mode to rwxr-xr-x: Operation not permitted
build	Cache Android SDK	2026-06-06T12:22:42.8715820Z /usr/bin/tar: ../../../../../usr/local/lib/android/sdk/platforms/android-34-ext12/data/res/values-mcc310-mnc310-pt: Cannot utime: Operation not permitted
build	Cache Android SDK	2026-06-06T12:22:42.8716279Z /usr/bin/tar: ../../../../../usr/local/lib/android/sdk/platforms/android-34-ext12/data/res/values-mcc310-mnc310-pt: Cannot change mode to rwxr-xr-x: Operation not permitted
build	Cache Android SDK	2026-06-06T12:22:42.8718815Z /usr/bin/tar: ../../../../../usr/local/lib/android/sdk/platforms/android-34-ext12/data/res/values-mcc310-mnc200-bg: Cannot utime: Operation not permitted
build	Cache Android SDK	2026-06-06T12:22:42.8719281Z /usr/bin/tar: ../../../../../usr/local/lib/android/sdk/platforms/android-34-ext12/data/res/values-mcc310-mnc200-bg: Cannot change mode to rwxr-xr-x: Operation not permitted
build	Cache Android SDK	2026-06-06T12:22:42.8721837Z /usr/bin/tar: ../../../../../usr/local/lib/android/sdk/platforms/android-34-ext12/data/res/values-mcc312-mnc670-fr: Cannot utime: Operation not permitted
build	Cache Android SDK	2026-06-06T12:22:42.8722528Z /usr/bin/tar: ../../../../../usr/local/lib/android/sdk/platforms/android-34-ext12/data/res/values-mcc312-mnc670-fr: Cannot change mode to rwxr-xr-x: Operation not permitted
build	Cache Android SDK	2026-06-06T12:22:42.8725912Z /usr/bin/tar: ../../../../../usr/local/lib/android/sdk/platforms/android-34-ext12/data/res/values-mcc310-mnc560-th: Cannot utime: Operation not permitted
build	Cache Android SDK	2026-06-06T12:22:42.8726978Z /usr/bin/tar: ../../../../../usr/local/lib/android/sdk/platforms/android-34-ext12/data/res/values-mcc310-mnc560-th: Cannot change mode to rwxr-xr-x: Operation not permitted
build	Cache Android SDK	2026-06-06T12:22:42.8729415Z /usr/bin/tar: ../../../../../usr/local/lib/android/sdk/platforms/android-34-ext12/data/res/values-mcc312-mnc670-ta: Cannot utime: Operation not permitted
build	Cache Android SDK	2026-06-06T12:22:42.8730535Z /usr/bin/tar: ../../../../../usr/local/lib/android/sdk/platforms/android-34-ext12/data/res/values-mcc312-mnc670-ta: Cannot change mode to rwxr-xr-x: Operation not permitted
build	Cache Android SDK	2026-06-06T12:22:42.8732211Z /usr/bin/tar: ../../../../../usr/local/lib/android/sdk/platforms/android-34-ext12/data/res/values-mcc312-mnc670-tr: Cannot utime: Operation not permitted
build	Cache Android SDK	2026-06-06T12:22:42.8733491Z /usr/bin/tar: ../../../../../usr/local/lib/android/sdk/platforms/android-34-ext12/data/res/values-mcc312-mnc670-tr: Cannot change mode to rwxr-xr-x: Operation not permitted
build	Cache Android SDK	2026-06-06T12:22:42.8735826Z /usr/bin/tar: ../../../../../usr/local/lib/android/sdk/platforms/android-34-ext12/data/res/values-mcc310-mnc210-zh-rTW: Cannot utime: Operation not permitted
build	Cache Android SDK	2026-06-06T12:22:42.8737048Z /usr/bin/tar: ../../../../../usr/local/lib/android/sdk/platforms/android-34-ext12/data/res/values-mcc310-mnc210-zh-rTW: Cannot change mode to rwxr-xr-x: Operation not permitted
build	Cache Android SDK	2026-06-06T12:22:42.8739620Z /usr/bin/tar: ../../../../../usr/local/lib/android/sdk/platforms/android-34-ext12/data/res/raw-de: Cannot utime: Operation not permitted
build	Cache Android SDK	2026-06-06T12:22:42.8740563Z /usr/bin/tar: ../../../../../usr/local/lib/android/sdk/platforms/android-34-ext12/data/res/raw-de: Cannot change mode to rwxr-xr-x: Operation not permitted
build	Cache Android SDK	2026-06-06T12:22:42.8742967Z /usr/bin/tar: ../../../../../usr/local/lib/android/sdk/platforms/android-34-ext12/data/res/values-mcc312-mnc670-zh-rHK: Cannot utime: Operation not permitted
build	Cache Android SDK	2026-06-06T12:22:42.8744171Z /usr/bin/tar: ../../../../../usr/local/lib/android/sdk/platforms/android-34-ext12/data/res/values-mcc312-mnc670-zh-rHK: Cannot change mode to rwxr-xr-x: Operation not permitted
build	Cache Android SDK	2026-06-06T12:22:42.8746311Z /usr/bin/tar: ../../../../../usr/local/lib/android/sdk/platforms/android-34-ext12/data/res/values-mcc302-mnc370-ro: Cannot utime: Operation not permitted
build	Cache Android SDK	2026-06-06T12:22:42.8747480Z /usr/bin/tar: ../../../../../usr/local/lib/android/sdk/platforms/android-34-ext12/data/res/values-mcc302-mnc370-ro: Cannot change mode to rwxr-xr-x: Operation not permitted
build	Cache Android SDK	2026-06-06T12:22:42.8749681Z /usr/bin/tar: ../../../../../usr/local/lib/android/sdk/platforms/android-34-ext12/data/res/values-mcc310-mnc240-mn: Cannot utime: Operation not permitted
build	Cache Android SDK	2026-06-06T12:22:42.8750767Z /usr/bin/tar: ../../../../../usr/local/lib/android/sdk/platforms/android-34-ext12/data/res/values-mcc310-mnc240-mn: Cannot change mode to rwxr-xr-x: Operation not permitted
build	Cache Android SDK	2026-06-06T12:22:42.8753225Z /usr/bin/tar: ../../../../../usr/local/lib/android/sdk/platforms/android-34-ext12/data/res/values-mcc310-mnc240-bn: Cannot utime: Operation not permitted
build	Cache Android SDK	2026-06-06T12:22:42.8754246Z /usr/bin/tar: ../../../../../usr/local/lib/android/sdk/platforms/android-34-ext12/data/res/values-mcc310-mnc240-bn: Cannot change mode to rwxr-xr-x: Operation not permitted
build	Cache Android SDK	2026-06-06T12:22:42.8757886Z /usr/bin/tar: ../../../../../usr/local/lib/android/sdk/platforms/android-34-ext12/data/res/values-mcc310-mnc560-be: Cannot utime: Operation not permitted
build	Cache Android SDK	2026-06-06T12:22:42.8758430Z /usr/bin/tar: ../../../../../usr/local/lib/android/sdk/platforms/android-34-ext12/data/res/values-mcc310-mnc560-be: Cannot change mode to rwxr-xr-x: Operation not permitted
build	Cache Android SDK	2026-06-06T12:22:42.8763494Z /usr/bin/tar: ../../../../../usr/local/lib/android/sdk/platforms/android-34-ext12/data/res/values-mcc313-mnc100-th: Cannot utime: Operation not permitted
build	Cache Android SDK	2026-06-06T12:22:42.8763991Z /usr/bin/tar: ../../../../../usr/local/lib/android/sdk/platforms/android-34-ext12/data/res/values-mcc313-mnc100-th: Cannot change mode to rwxr-xr-x: Operation not permitted
build	Cache Android SDK	2026-06-06T12:22:42.8767045Z /usr/bin/tar: ../../../../../usr/local/lib/android/sdk/platforms/android-34-ext12/data/res/values-mcc310-mnc220-el: Cannot utime: Operation not permitted
build	Cache Android SDK	2026-06-06T12:22:42.8767812Z /usr/bin/tar: ../../../../../usr/local/lib/android/sdk/platforms/android-34-ext12/data/res/values-mcc310-mnc220-el: Cannot change mode to rwxr-xr-x: Operation not permitted
build	Cache Android SDK	2026-06-06T12:22:42.8770501Z /usr/bin/tar: ../../../../../usr/local/lib/android/sdk/platforms/android-34-ext12/data/res/values-mcc311-mnc180-si: Cannot utime: Operation not permitted
build	Cache Android SDK	2026-06-06T12:22:42.8770994Z /usr/bin/tar: ../../../../../usr/local/lib/android/sdk/platforms/android-34-ext12/data/res/values-mcc311-mnc180-si: Cannot change mode to rwxr-xr-x: Operation not permitted
build	Cache Android SDK	2026-06-06T12:22:42.8773877Z /usr/bin/tar: ../../../../../usr/local/lib/android/sdk/platforms/android-34-ext12/data/res/values-mcc310-mnc250-uk: Cannot utime: Operation not permitted
build	Cache Android SDK	2026-06-06T12:22:42.8774457Z /usr/bin/tar: ../../../../../usr/local/lib/android/sdk/platforms/android-34-ext12/data/res/values-mcc310-mnc250-uk: Cannot change mode to rwxr-xr-x: Operation not permitted
build	Cache Android SDK	2026-06-06T12:22:42.8776894Z /usr/bin/tar: ../../../../../usr/local/lib/android/sdk/platforms/android-34-ext12/data/res/values-mcc313-mnc100-en-rCA: Cannot utime: Operation not permitted
build	Cache Android SDK	2026-06-06T12:22:42.8777507Z /usr/bin/tar: ../../../../../usr/local/lib/android/sdk/platforms/android-34-ext12/data/res/values-mcc313-mnc100-en-rCA: Cannot change mode to rwxr-xr-x: Operation not permitted
build	Cache Android SDK	2026-06-06T12:22:42.8780286Z /usr/bin/tar: ../../../../../usr/local/lib/android/sdk/platforms/android-34-ext12/data/res/raw-ar: Cannot utime: Operation not permitted
build	Cache Android SDK	2026-06-06T12:22:42.8780702Z /usr/bin/tar: ../../../../../usr/local/lib/android/sdk/platforms/android-34-ext12/data/res/raw-ar: Cannot change mode to rwxr-xr-x: Operation not permitted
build	Cache Android SDK	2026-06-06T12:22:42.8783653Z /usr/bin/tar: ../../../../../usr/local/lib/android/sdk/platforms/android-34-ext12/data/res/values-mcc310-mnc660-ro: Cannot utime: Operation not permitted
build	Cache Android SDK	2026-06-06T12:22:42.8784134Z /usr/bin/tar: ../../../../../usr/local/lib/android/sdk/platforms/android-34-ext12/data/res/values-mcc310-mnc660-ro: Cannot change mode to rwxr-xr-x: Operation not permitted
build	Cache Android SDK	2026-06-06T12:22:42.8786753Z /usr/bin/tar: ../../../../../usr/local/lib/android/sdk/platforms/android-34-ext12/data/res/values-mcc312-mnc670-az: Cannot utime: Operation not permitted
build	Cache Android SDK	2026-06-06T12:22:42.8787217Z /usr/bin/tar: ../../../../../usr/local/lib/android/sdk/platforms/android-34-ext12/data/res/values-mcc312-mnc670-az: Cannot change mode to rwxr-xr-x: Operation not permitted
build	Cache Android SDK	2026-06-06T12:22:42.8790165Z /usr/bin/tar: ../../../../../usr/local/lib/android/sdk/platforms/android-34-ext12/data/res/values-mcc310-mnc250-in: Cannot utime: Operation not permitted
build	Cache Android SDK	2026-06-06T12:22:42.8790631Z /usr/bin/tar: ../../../../../usr/local/lib/android/sdk/platforms/android-34-ext12/data/res/values-mcc310-mnc250-in: Cannot change mode to rwxr-xr-x: Operation not permitted
build	Cache Android SDK	2026-06-06T12:22:42.8793370Z /usr/bin/tar: ../../../../../usr/local/lib/android/sdk/platforms/android-34-ext12/data/res/values-mcc313-mnc100-iw: Cannot utime: Operation not permitted
build	Cache Android SDK	2026-06-06T12:22:42.8793832Z /usr/bin/tar: ../../../../../usr/local/lib/android/sdk/platforms/android-34-ext12/data/res/values-mcc313-mnc100-iw: Cannot change mode to rwxr-xr-x: Operation not permitted
build	Cache Android SDK	2026-06-06T12:22:42.8797515Z /usr/bin/tar: ../../../../../usr/local/lib/android/sdk/platforms/android-34-ext12/data/res/values-w170dp-notround-watch: Cannot utime: Operation not permitted
build	Cache Android SDK	2026-06-06T12:22:42.8798017Z /usr/bin/tar: ../../../../../usr/local/lib/android/sdk/platforms/android-34-ext12/data/res/values-w170dp-notround-watch: Cannot change mode to rwxr-xr-x: Operation not permitted
build	Cache Android SDK	2026-06-06T12:22:42.8805256Z /usr/bin/tar: ../../../../../usr/local/lib/android/sdk/platforms/android-34-ext12/data/res/values-pa: Cannot utime: Operation not permitted
build	Cache Android SDK	2026-06-06T12:22:42.8805910Z /usr/bin/tar: ../../../../../usr/local/lib/android/sdk/platforms/android-34-ext12/data/res/values-pa: Cannot change mode to rwxr-xr-x: Operation not permitted
build	Cache Android SDK	2026-06-06T12:22:42.8807911Z /usr/bin/tar: ../../../../../usr/local/lib/android/sdk/platforms/android-34-ext12/data/res/values-mcc310-mnc240-sl: Cannot utime: Operation not permitted
build	Cache Android SDK	2026-06-06T12:22:42.8808554Z /usr/bin/tar: ../../../../../usr/local/lib/android/sdk/platforms/android-34-ext12/data/res/values-mcc310-mnc240-sl: Cannot change mode to rwxr-xr-x: Operation not permitted
build	Cache Android SDK	2026-06-06T12:22:42.8810642Z /usr/bin/tar: ../../../../../usr/local/lib/android/sdk/platforms/android-34-ext12/data/res/values-mcc310-mnc490-ky: Cannot utime: Operation not permitted
build	Cache Android SDK	2026-06-06T12:22:42.8811105Z /usr/bin/tar: ../../../../../usr/local/lib/android/sdk/platforms/android-34-ext12/data/res/values-mcc310-mnc490-ky: Cannot change mode to rwxr-xr-x: Operation not permitted
build	Cache Android SDK	2026-06-06T12:22:42.8813852Z /usr/bin/tar: ../../../../../usr/local/lib/android/sdk/platforms/android-34-ext12/data/res/values-mcc310-mnc170-pt-rPT: Cannot utime: Operation not permitted
build	Cache Android SDK	2026-06-06T12:22:42.8814428Z /usr/bin/tar: ../../../../../usr/local/lib/android/sdk/platforms/android-34-ext12/data/res/values-mcc310-mnc170-pt-rPT: Cannot change mode to rwxr-xr-x: Operation not permitted
build	Cache Android SDK	2026-06-06T12:22:42.8817163Z /usr/bin/tar: ../../../../../usr/local/lib/android/sdk/platforms/android-34-ext12/data/res/values-mcc310-mnc560-bg: Cannot utime: Operation not permitted
build	Cache Android SDK	2026-06-06T12:22:42.8817775Z /usr/bin/tar: ../../../../../usr/local/lib/android/sdk/platforms/android-34-ext12/data/res/values-mcc310-mnc560-bg: Cannot change mode to rwxr-xr-x: Operation not permitted
build	Cache Android SDK	2026-06-06T12:22:42.8820027Z /usr/bin/tar: ../../../../../usr/local/lib/android/sdk/platforms/android-34-ext12/data/res/values-mcc310-mnc150-en-rCA: Cannot utime: Operation not permitted
build	Cache Android SDK	2026-06-06T12:22:42.8820506Z /usr/bin/tar: ../../../../../usr/local/lib/android/sdk/platforms/android-34-ext12/data/res/values-mcc310-mnc150-en-rCA: Cannot change mode to rwxr-xr-x: Operation not permitted
build	Cache Android SDK	2026-06-06T12:22:42.8822887Z /usr/bin/tar: ../../../../../usr/local/lib/android/sdk/platforms/android-34-ext12/data/res/values-mcc310-mnc800-es: Cannot utime: Operation not permitted
build	Cache Android SDK	2026-06-06T12:22:42.8823350Z /usr/bin/tar: ../../../../../usr/local/lib/android/sdk/platforms/android-34-ext12/data/res/values-mcc310-mnc800-es: Cannot change mode to rwxr-xr-x: Operation not permitted
build	Cache Android SDK	2026-06-06T12:22:42.8826434Z /usr/bin/tar: ../../../../../usr/local/lib/android/sdk/platforms/android-34-ext12/data/res/values-mcc001-mnc01-cs: Cannot utime: Operation not permitted
build	Cache Android SDK	2026-06-06T12:22:42.8827144Z /usr/bin/tar: ../../../../../usr/local/lib/android/sdk/platforms/android-34-ext12/data/res/values-mcc001-mnc01-cs: Cannot change mode to rwxr-xr-x: Operation not permitted
build	Cache Android SDK	2026-06-06T12:22:42.8829675Z /usr/bin/tar: ../../../../../usr/local/lib/android/sdk/platforms/android-34-ext12/data/res/values-mcc311-mnc180-tr: Cannot utime: Operation not permitted
build	Cache Android SDK	2026-06-06T12:22:42.8830149Z /usr/bin/tar: ../../../../../usr/local/lib/android/sdk/platforms/android-34-ext12/data/res/values-mcc311-mnc180-tr: Cannot change mode to rwxr-xr-x: Operation not permitted
build	Cache Android SDK	2026-06-06T12:22:42.8832657Z /usr/bin/tar: ../../../../../usr/local/lib/android/sdk/platforms/android-34-ext12/data/res/values-mcc310-mnc030-vi: Cannot utime: Operation not permitted
build	Cache Android SDK	2026-06-06T12:22:42.8833111Z /usr/bin/tar: ../../../../../usr/local/lib/android/sdk/platforms/android-34-ext12/data/res/values-mcc310-mnc030-vi: Cannot change mode to rwxr-xr-x: Operation not permitted
build	Cache Android SDK	2026-06-06T12:22:42.8835899Z /usr/bin/tar: ../../../../../usr/local/lib/android/sdk/platforms/android-34-ext12/data/res/values-mcc310-mnc280-sw: Cannot utime: Operation not permitted
build	Cache Android SDK	2026-06-06T12:22:42.8836366Z /usr/bin/tar: ../../../../../usr/local/lib/android/sdk/platforms/android-34-ext12/data/res/values-mcc310-mnc280-sw: Cannot change mode to rwxr-xr-x: Operation not permitted
build	Cache Android SDK	2026-06-06T12:22:42.8839278Z /usr/bin/tar: ../../../../../usr/local/lib/android/sdk/platforms/android-34-ext12/data/res/values-mcc302-mnc720-hr: Cannot utime: Operation not permitted
build	Cache Android SDK	2026-06-06T12:22:42.8839744Z /usr/bin/tar: ../../../../../usr/local/lib/android/sdk/platforms/android-34-ext12/data/res/values-mcc302-mnc720-hr: Cannot change mode to rwxr-xr-x: Operation not permitted
build	Cache Android SDK	2026-06-06T12:22:42.8842312Z /usr/bin/tar: ../../../../../usr/local/lib/android/sdk/platforms/android-34-ext12/data/res/values-mcc310-mnc170-fi: Cannot utime: Operation not permitted
build	Cache Android SDK	2026-06-06T12:22:42.8842763Z /usr/bin/tar: ../../../../../usr/local/lib/android/sdk/platforms/android-34-ext12/data/res/values-mcc310-mnc170-fi: Cannot change mode to rwxr-xr-x: Operation not permitted
build	Cache Android SDK	2026-06-06T12:22:42.8845581Z /usr/bin/tar: ../../../../../usr/local/lib/android/sdk/platforms/android-34-ext12/data/res/values-mcc312-mnc670-es-rUS: Cannot utime: Operation not permitted
build	Cache Android SDK	2026-06-06T12:22:42.8846062Z /usr/bin/tar: ../../../../../usr/local/lib/android/sdk/platforms/android-34-ext12/data/res/values-mcc312-mnc670-es-rUS: Cannot change mode to rwxr-xr-x: Operation not permitted
build	Cache Android SDK	2026-06-06T12:22:42.8848940Z /usr/bin/tar: ../../../../../usr/local/lib/android/sdk/platforms/android-34-ext12/data/res/values-w198dp: Cannot utime: Operation not permitted
build	Cache Android SDK	2026-06-06T12:22:42.8849384Z /usr/bin/tar: ../../../../../usr/local/lib/android/sdk/platforms/android-34-ext12/data/res/values-w198dp: Cannot change mode to rwxr-xr-x: Operation not permitted
build	Cache Android SDK	2026-06-06T12:22:42.8852414Z /usr/bin/tar: ../../../../../usr/local/lib/android/sdk/platforms/android-34-ext12/data/res/values-mcc310-mnc280-ne: Cannot utime: Operation not permitted
build	Cache Android SDK	2026-06-06T12:22:42.8852865Z /usr/bin/tar: ../../../../../usr/local/lib/android/sdk/platforms/android-34-ext12/data/res/values-mcc310-mnc280-ne: Cannot change mode to rwxr-xr-x: Operation not permitted
build	Cache Android SDK	2026-06-06T12:22:42.8855434Z /usr/bin/tar: ../../../../../usr/local/lib/android/sdk/platforms/android-34-ext12/data/res/values-bs-watch: Cannot utime: Operation not permitted
build	Cache Android SDK	2026-06-06T12:22:42.8855915Z /usr/bin/tar: ../../../../../usr/local/lib/android/sdk/platforms/android-34-ext12/data/res/values-bs-watch: Cannot change mode to rwxr-xr-x: Operation not permitted
build	Cache Android SDK	2026-06-06T12:22:42.8858940Z /usr/bin/tar: ../../../../../usr/local/lib/android/sdk/platforms/android-34-ext12/data/res/values-mcc310-mnc160-ca: Cannot utime: Operation not permitted
build	Cache Android SDK	2026-06-06T12:22:42.8859412Z /usr/bin/tar: ../../../../../usr/local/lib/android/sdk/platforms/android-34-ext12/data/res/values-mcc310-mnc160-ca: Cannot change mode to rwxr-xr-x: Operation not permitted
build	Cache Android SDK	2026-06-06T12:22:42.8862041Z /usr/bin/tar: ../../../../../usr/local/lib/android/sdk/platforms/android-34-ext12/data/res/values-mcc310-mnc150-hu: Cannot utime: Operation not permitted
build	Cache Android SDK	2026-06-06T12:22:42.8862500Z /usr/bin/tar: ../../../../../usr/local/lib/android/sdk/platforms/android-34-ext12/data/res/values-mcc310-mnc150-hu: Cannot change mode to rwxr-xr-x: Operation not permitted
build	Cache Android SDK	2026-06-06T12:22:42.8867583Z /usr/bin/tar: ../../../../../usr/local/lib/android/sdk/platforms/android-34-ext12/data/res/transition: Cannot utime: Operation not permitted
build	Cache Android SDK	2026-06-06T12:22:42.8868027Z /usr/bin/tar: ../../../../../usr/local/lib/android/sdk/platforms/android-34-ext12/data/res/transition: Cannot change mode to rwxr-xr-x: Operation not permitted
build	Cache Android SDK	2026-06-06T12:22:42.8871179Z /usr/bin/tar: ../../../../../usr/local/lib/android/sdk/platforms/android-34-ext12/data/res/values-mcc310-mnc230-ko: Cannot utime: Operation not permitted
build	Cache Android SDK	2026-06-06T12:22:42.8871647Z /usr/bin/tar: ../../../../../usr/local/lib/android/sdk/platforms/android-34-ext12/data/res/values-mcc310-mnc230-ko: Cannot change mode to rwxr-xr-x: Operation not permitted
build	Cache Android SDK	2026-06-06T12:22:42.8874213Z /usr/bin/tar: ../../../../../usr/local/lib/android/sdk/platforms/android-34-ext12/data/res/values-mcc310-mnc270-am: Cannot utime: Operation not permitted
build	Cache Android SDK	2026-06-06T12:22:42.8874670Z /usr/bin/tar: ../../../../../usr/local/lib/android/sdk/platforms/android-34-ext12/data/res/values-mcc310-mnc270-am: Cannot change mode to rwxr-xr-x: Operation not permitted
build	Cache Android SDK	2026-06-06T12:22:42.8877506Z /usr/bin/tar: ../../../../../usr/local/lib/android/sdk/platforms/android-34-ext12/data/res/values-mcc312-mnc670-uk: Cannot utime: Operation not permitted
build	Cache Android SDK	2026-06-06T12:22:42.8878116Z /usr/bin/tar: ../../../../../usr/local/lib/android/sdk/platforms/android-34-ext12/data/res/values-mcc312-mnc670-uk: Cannot change mode to rwxr-xr-x: Operation not permitted
build	Cache Android SDK	2026-06-06T12:22:42.8880962Z /usr/bin/tar: ../../../../../usr/local/lib/android/sdk/platforms/android-34-ext12/data/res/values-mcc310-mnc210-zh-rCN: Cannot utime: Operation not permitted
build	Cache Android SDK	2026-06-06T12:22:42.8881445Z /usr/bin/tar: ../../../../../usr/local/lib/android/sdk/platforms/android-34-ext12/data/res/values-mcc310-mnc210-zh-rCN: Cannot change mode to rwxr-xr-x: Operation not permitted
build	Cache Android SDK	2026-06-06T12:22:42.8883903Z /usr/bin/tar: ../../../../../usr/local/lib/android/sdk/platforms/android-34-ext12/data/res/values-mcc302-mnc660: Cannot utime: Operation not permitted
build	Cache Android SDK	2026-06-06T12:22:42.8884361Z /usr/bin/tar: ../../../../../usr/local/lib/android/sdk/platforms/android-34-ext12/data/res/values-mcc302-mnc660: Cannot change mode to rwxr-xr-x: Operation not permitted
build	Cache Android SDK	2026-06-06T12:22:42.8887001Z /usr/bin/tar: ../../../../../usr/local/lib/android/sdk/platforms/android-34-ext12/data/res/values-mcc310-mnc950-gl: Cannot utime: Operation not permitted
build	Cache Android SDK	2026-06-06T12:22:42.8887602Z /usr/bin/tar: ../../../../../usr/local/lib/android/sdk/platforms/android-34-ext12/data/res/values-mcc310-mnc950-gl: Cannot change mode to rwxr-xr-x: Operation not permitted
build	Cache Android SDK	2026-06-06T12:22:42.8890198Z /usr/bin/tar: ../../../../../usr/local/lib/android/sdk/platforms/android-34-ext12/data/res/values-mcc302-mnc720-is: Cannot utime: Operation not permitted
build	Cache Android SDK	2026-06-06T12:22:42.8890657Z /usr/bin/tar: ../../../../../usr/local/lib/android/sdk/platforms/android-34-ext12/data/res/values-mcc302-mnc720-is: Cannot change mode to rwxr-xr-x: Operation not permitted
build	Cache Android SDK	2026-06-06T12:22:42.8893377Z /usr/bin/tar: ../../../../../usr/local/lib/android/sdk/platforms/android-34-ext12/data/res/values-mcc310-mnc240-ms: Cannot utime: Operation not permitted
build	Cache Android SDK	2026-06-06T12:22:42.8893842Z /usr/bin/tar: ../../../../../usr/local/lib/android/sdk/platforms/android-34-ext12/data/res/values-mcc310-mnc240-ms: Cannot change mode to rwxr-xr-x: Operation not permitted
build	Cache Android SDK	2026-06-06T12:22:42.8900580Z /usr/bin/tar: ../../../../../usr/local/lib/android/sdk/platforms/android-34-ext12/data/res/values-sk: Cannot utime: Operation not permitted
build	Cache Android SDK	2026-06-06T12:22:42.8901018Z /usr/bin/tar: ../../../../../usr/local/lib/android/sdk/platforms/android-34-ext12/data/res/values-sk: Cannot change mode to rwxr-xr-x: Operation not permitted
build	Cache Android SDK	2026-06-06T12:22:42.8903432Z /usr/bin/tar: ../../../../../usr/local/lib/android/sdk/platforms/android-34-ext12/data/res/values-mcc310-mnc160-eu: Cannot utime: Operation not permitted
build	Cache Android SDK	2026-06-06T12:22:42.8903896Z /usr/bin/tar: ../../../../../usr/local/lib/android/sdk/platforms/android-34-ext12/data/res/values-mcc310-mnc160-eu: Cannot change mode to rwxr-xr-x: Operation not permitted
build	Cache Android SDK	2026-06-06T12:22:42.8906867Z /usr/bin/tar: ../../../../../usr/local/lib/android/sdk/platforms/android-34-ext12/data/res/values-mcc310-mnc660-es-rUS: Cannot utime: Operation not permitted
build	Cache Android SDK	2026-06-06T12:22:42.8907493Z /usr/bin/tar: ../../../../../usr/local/lib/android/sdk/platforms/android-34-ext12/data/res/values-mcc310-mnc660-es-rUS: Cannot change mode to rwxr-xr-x: Operation not permitted
build	Cache Android SDK	2026-06-06T12:22:42.8909983Z /usr/bin/tar: ../../../../../usr/local/lib/android/sdk/platforms/android-34-ext12/data/res/values-mcc310-mnc210-az: Cannot utime: Operation not permitted
build	Cache Android SDK	2026-06-06T12:22:42.8910437Z /usr/bin/tar: ../../../../../usr/local/lib/android/sdk/platforms/android-34-ext12/data/res/values-mcc310-mnc210-az: Cannot change mode to rwxr-xr-x: Operation not permitted
build	Cache Android SDK	2026-06-06T12:22:42.8913072Z /usr/bin/tar: ../../../../../usr/local/lib/android/sdk/platforms/android-34-ext12/data/res/values-mcc312-mnc670-el: Cannot utime: Operation not permitted
build	Cache Android SDK	2026-06-06T12:22:42.8913533Z /usr/bin/tar: ../../../../../usr/local/lib/android/sdk/platforms/android-34-ext12/data/res/values-mcc312-mnc670-el: Cannot change mode to rwxr-xr-x: Operation not permitted
build	Cache Android SDK	2026-06-06T12:22:42.8916045Z /usr/bin/tar: ../../../../../usr/local/lib/android/sdk/platforms/android-34-ext12/data/res/values-mcc310-mnc310-en-rIN: Cannot utime: Operation not permitted
build	Cache Android SDK	2026-06-06T12:22:42.8916697Z /usr/bin/tar: ../../../../../usr/local/lib/android/sdk/platforms/android-34-ext12/data/res/values-mcc310-mnc310-en-rIN: Cannot change mode to rwxr-xr-x: Operation not permitted
build	Cache Android SDK	2026-06-06T12:22:42.8920630Z /usr/bin/tar: ../../../../../usr/local/lib/android/sdk/platforms/android-34-ext12/data/res/values-mcc310-mnc380-am: Cannot utime: Operation not permitted
build	Cache Android SDK	2026-06-06T12:22:42.8921314Z /usr/bin/tar: ../../../../../usr/local/lib/android/sdk/platforms/android-34-ext12/data/res/values-mcc310-mnc380-am: Cannot change mode to rwxr-xr-x: Operation not permitted
build	Cache Android SDK	2026-06-06T12:22:42.8923298Z /usr/bin/tar: ../../../../../usr/local/lib/android/sdk/platforms/android-34-ext12/data/res/values-mcc310-mnc280-fr-rCA: Cannot utime: Operation not permitted
build	Cache Android SDK	2026-06-06T12:22:42.8923976Z /usr/bin/tar: ../../../../../usr/local/lib/android/sdk/platforms/android-34-ext12/data/res/values-mcc310-mnc280-fr-rCA: Cannot change mode to rwxr-xr-x: Operation not permitted
build	Cache Android SDK	2026-06-06T12:22:42.8929338Z /usr/bin/tar: ../../../../../usr/local/lib/android/sdk/platforms/android-34-ext12/data/res/values-mcc311-mnc180-es-rUS: Cannot utime: Operation not permitted
build	Cache Android SDK	2026-06-06T12:22:42.8929846Z /usr/bin/tar: ../../../../../usr/local/lib/android/sdk/platforms/android-34-ext12/data/res/values-mcc311-mnc180-es-rUS: Cannot change mode to rwxr-xr-x: Operation not permitted
build	Cache Android SDK	2026-06-06T12:22:42.8933120Z /usr/bin/tar: ../../../../../usr/local/lib/android/sdk/platforms/android-34-ext12/data/res/raw-rm: Cannot utime: Operation not permitted
build	Cache Android SDK	2026-06-06T12:22:42.8933568Z /usr/bin/tar: ../../../../../usr/local/lib/android/sdk/platforms/android-34-ext12/data/res/raw-rm: Cannot change mode to rwxr-xr-x: Operation not permitted
build	Cache Android SDK	2026-06-06T12:22:42.8935786Z /usr/bin/tar: ../../../../../usr/local/lib/android/sdk/platforms/android-34-ext12/data/res/values-mcc310-mnc310-bs: Cannot utime: Operation not permitted
build	Cache Android SDK	2026-06-06T12:22:42.8936309Z /usr/bin/tar: ../../../../../usr/local/lib/android/sdk/platforms/android-34-ext12/data/res/values-mcc310-mnc310-bs: Cannot change mode to rwxr-xr-x: Operation not permitted
build	Cache Android SDK	2026-06-06T12:22:42.8939011Z /usr/bin/tar: ../../../../../usr/local/lib/android/sdk/platforms/android-34-ext12/data/res/values-lt-watch: Cannot utime: Operation not permitted
build	Cache Android SDK	2026-06-06T12:22:42.8939522Z /usr/bin/tar: ../../../../../usr/local/lib/android/sdk/platforms/android-34-ext12/data/res/values-lt-watch: Cannot change mode to rwxr-xr-x: Operation not permitted
build	Cache Android SDK	2026-06-06T12:22:42.8942485Z /usr/bin/tar: ../../../../../usr/local/lib/android/sdk/platforms/android-34-ext12/data/res/values-mcc302-mnc720-de: Cannot utime: Operation not permitted
build	Cache Android SDK	2026-06-06T12:22:42.8943006Z /usr/bin/tar: ../../../../../usr/local/lib/android/sdk/platforms/android-34-ext12/data/res/values-mcc302-mnc720-de: Cannot change mode to rwxr-xr-x: Operation not permitted
build	Cache Android SDK	2026-06-06T12:22:42.8945464Z /usr/bin/tar: ../../../../../usr/local/lib/android/sdk/platforms/android-34-ext12/data/res/values-mcc310-mnc660-vi: Cannot utime: Operation not permitted
build	Cache Android SDK	2026-06-06T12:22:42.8945931Z /usr/bin/tar: ../../../../../usr/local/lib/android/sdk/platforms/android-34-ext12/data/res/values-mcc310-mnc660-vi: Cannot change mode to rwxr-xr-x: Operation not permitted
build	Cache Android SDK	2026-06-06T12:22:42.8949220Z /usr/bin/tar: ../../../../../usr/local/lib/android/sdk/platforms/android-34-ext12/data/res/values-mcc310-mnc950-lt: Cannot utime: Operation not permitted
build	Cache Android SDK	2026-06-06T12:22:42.8949692Z /usr/bin/tar: ../../../../../usr/local/lib/android/sdk/platforms/android-34-ext12/data/res/values-mcc310-mnc950-lt: Cannot change mode to rwxr-xr-x: Operation not permitted
build	Cache Android SDK	2026-06-06T12:22:42.8953538Z /usr/bin/tar: ../../../../../usr/local/lib/android/sdk/platforms/android-34-ext12/data/res/values-mcc310-mnc280-sr: Cannot utime: Operation not permitted
build	Cache Android SDK	2026-06-06T12:22:42.8954018Z /usr/bin/tar: ../../../../../usr/local/lib/android/sdk/platforms/android-34-ext12/data/res/values-mcc310-mnc280-sr: Cannot change mode to rwxr-xr-x: Operation not permitted
build	Cache Android SDK	2026-06-06T12:22:42.8957087Z /usr/bin/tar: ../../../../../usr/local/lib/android/sdk/platforms/android-34-ext12/data/res/mipmap-xxxhdpi: Cannot utime: Operation not permitted
build	Cache Android SDK	2026-06-06T12:22:42.8957809Z /usr/bin/tar: ../../../../../usr/local/lib/android/sdk/platforms/android-34-ext12/data/res/mipmap-xxxhdpi: Cannot change mode to rwxr-xr-x: Operation not permitted
build	Cache Android SDK	2026-06-06T12:22:42.8960598Z /usr/bin/tar: ../../../../../usr/local/lib/android/sdk/platforms/android-34-ext12/data/res/values-notround-watch: Cannot utime: Operation not permitted
build	Cache Android SDK	2026-06-06T12:22:42.8961114Z /usr/bin/tar: ../../../../../usr/local/lib/android/sdk/platforms/android-34-ext12/data/res/values-notround-watch: Cannot change mode to rwxr-xr-x: Operation not permitted
build	Cache Android SDK	2026-06-06T12:22:42.8963305Z /usr/bin/tar: ../../../../../usr/local/lib/android/sdk/platforms/android-34-ext12/data/res/values-mcc310-mnc660-bn: Cannot utime: Operation not permitted
build	Cache Android SDK	2026-06-06T12:22:42.8963775Z /usr/bin/tar: ../../../../../usr/local/lib/android/sdk/platforms/android-34-ext12/data/res/values-mcc310-mnc660-bn: Cannot change mode to rwxr-xr-x: Operation not permitted
build	Cache Android SDK	2026-06-06T12:22:42.8966296Z /usr/bin/tar: ../../../../../usr/local/lib/android/sdk/platforms/android-34-ext12/data/res/values-mcc313-mnc100-as: Cannot utime: Operation not permitted
build	Cache Android SDK	2026-06-06T12:22:42.8966768Z /usr/bin/tar: ../../../../../usr/local/lib/android/sdk/platforms/android-34-ext12/data/res/values-mcc313-mnc100-as: Cannot change mode to rwxr-xr-x: Operation not permitted
build	Cache Android SDK	2026-06-06T12:22:42.8969432Z /usr/bin/tar: ../../../../../usr/local/lib/android/sdk/platforms/android-34-ext12/data/res/values-mcc310-mnc170-pt-rBR: Cannot utime: Operation not permitted
build	Cache Android SDK	2026-06-06T12:22:42.8969908Z /usr/bin/tar: ../../../../../usr/local/lib/android/sdk/platforms/android-34-ext12/data/res/values-mcc310-mnc170-pt-rBR: Cannot change mode to rwxr-xr-x: Operation not permitted
build	Cache Android SDK	2026-06-06T12:22:42.8972592Z /usr/bin/tar: ../../../../../usr/local/lib/android/sdk/platforms/android-34-ext12/data/res/values-mcc310-mnc200-nb: Cannot utime: Operation not permitted
build	Cache Android SDK	2026-06-06T12:22:42.8973064Z /usr/bin/tar: ../../../../../usr/local/lib/android/sdk/platforms/android-34-ext12/data/res/values-mcc310-mnc200-nb: Cannot change mode to rwxr-xr-x: Operation not permitted
build	Cache Android SDK	2026-06-06T12:22:42.8975831Z /usr/bin/tar: ../../../../../usr/local/lib/android/sdk/platforms/android-34-ext12/data/res/values-mcc313-mnc100-nl: Cannot utime: Operation not permitted
build	Cache Android SDK	2026-06-06T12:22:42.8976303Z /usr/bin/tar: ../../../../../usr/local/lib/android/sdk/platforms/android-34-ext12/data/res/values-mcc313-mnc100-nl: Cannot change mode to rwxr-xr-x: Operation not permitted
build	Cache Android SDK	2026-06-06T12:22:42.8979443Z /usr/bin/tar: ../../../../../usr/local/lib/android/sdk/platforms/android-34-ext12/data/res/values-mcc310-mnc380-ka: Cannot utime: Operation not permitted
build	Cache Android SDK	2026-06-06T12:22:42.8980000Z /usr/bin/tar: ../../../../../usr/local/lib/android/sdk/platforms/android-34-ext12/data/res/values-mcc310-mnc380-ka: Cannot change mode to rwxr-xr-x: Operation not permitted
build	Cache Android SDK	2026-06-06T12:22:42.8982165Z /usr/bin/tar: ../../../../../usr/local/lib/android/sdk/platforms/android-34-ext12/data/res/values-mcc310-mnc240-nl: Cannot utime: Operation not permitted
build	Cache Android SDK	2026-06-06T12:22:42.8982684Z /usr/bin/tar: ../../../../../usr/local/lib/android/sdk/platforms/android-34-ext12/data/res/values-mcc310-mnc240-nl: Cannot change mode to rwxr-xr-x: Operation not permitted
build	Cache Android SDK	2026-06-06T12:22:42.8984689Z /usr/bin/tar: ../../../../../usr/local/lib/android/sdk/platforms/android-34-ext12/data/res/values-mcc001-mnc01-uk: Cannot utime: Operation not permitted
build	Cache Android SDK	2026-06-06T12:22:42.8985161Z /usr/bin/tar: ../../../../../usr/local/lib/android/sdk/platforms/android-34-ext12/data/res/values-mcc001-mnc01-uk: Cannot change mode to rwxr-xr-x: Operation not permitted
build	Cache Android SDK	2026-06-06T12:22:42.8987891Z /usr/bin/tar: ../../../../../usr/local/lib/android/sdk/platforms/android-34-ext12/data/res/values-bg-television: Cannot utime: Operation not permitted
build	Cache Android SDK	2026-06-06T12:22:42.8988638Z /usr/bin/tar: ../../../../../usr/local/lib/android/sdk/platforms/android-34-ext12/data/res/values-bg-television: Cannot change mode to rwxr-xr-x: Operation not permitted
build	Cache Android SDK	2026-06-06T12:22:42.8991398Z /usr/bin/tar: ../../../../../usr/local/lib/android/sdk/platforms/android-34-ext12/data/res/values-mcc310-mnc800-ur: Cannot utime: Operation not permitted
build	Cache Android SDK	2026-06-06T12:22:42.8991866Z /usr/bin/tar: ../../../../../usr/local/lib/android/sdk/platforms/android-34-ext12/data/res/values-mcc310-mnc800-ur: Cannot change mode to rwxr-xr-x: Operation not permitted
build	Cache Android SDK	2026-06-06T12:22:42.8994769Z /usr/bin/tar: ../../../../../usr/local/lib/android/sdk/platforms/android-34-ext12/data/res/values-mcc310-mnc410-hy: Cannot utime: Operation not permitted
build	Cache Android SDK	2026-06-06T12:22:42.8995237Z /usr/bin/tar: ../../../../../usr/local/lib/android/sdk/platforms/android-34-ext12/data/res/values-mcc310-mnc410-hy: Cannot change mode to rwxr-xr-x: Operation not permitted
build	Cache Android SDK	2026-06-06T12:22:42.8998286Z /usr/bin/tar: ../../../../../usr/local/lib/android/sdk/platforms/android-34-ext12/data/res/values-w213dp: Cannot utime: Operation not permitted
build	Cache Android SDK	2026-06-06T12:22:42.8998747Z /usr/bin/tar: ../../../../../usr/local/lib/android/sdk/platforms/android-34-ext12/data/res/values-w213dp: Cannot change mode to rwxr-xr-x: Operation not permitted
build	Cache Android SDK	2026-06-06T12:22:42.9001659Z /usr/bin/tar: ../../../../../usr/local/lib/android/sdk/platforms/android-34-ext12/data/res/values-mcc310-mnc410-es-rUS: Cannot utime: Operation not permitted
build	Cache Android SDK	2026-06-06T12:22:42.9002144Z /usr/bin/tar: ../../../../../usr/local/lib/android/sdk/platforms/android-34-ext12/data/res/values-mcc310-mnc410-es-rUS: Cannot change mode to rwxr-xr-x: Operation not permitted
build	Cache Android SDK	2026-06-06T12:22:42.9004952Z /usr/bin/tar: ../../../../../usr/local/lib/android/sdk/platforms/android-34-ext12/data/res/values-mcc310-mnc660-tl: Cannot utime: Operation not permitted
build	Cache Android SDK	2026-06-06T12:22:42.9005421Z /usr/bin/tar: ../../../../../usr/local/lib/android/sdk/platforms/android-34-ext12/data/res/values-mcc310-mnc660-tl: Cannot change mode to rwxr-xr-x: Operation not permitted
build	Cache Android SDK	2026-06-06T12:22:42.9007921Z /usr/bin/tar: ../../../../../usr/local/lib/android/sdk/platforms/android-34-ext12/data/res/values-mcc310-mnc280-bn: Cannot utime: Operation not permitted
build	Cache Android SDK	2026-06-06T12:22:42.9008391Z /usr/bin/tar: ../../../../../usr/local/lib/android/sdk/platforms/android-34-ext12/data/res/values-mcc310-mnc280-bn: Cannot change mode to rwxr-xr-x: Operation not permitted
build	Cache Android SDK	2026-06-06T12:22:42.9011155Z /usr/bin/tar: ../../../../../usr/local/lib/android/sdk/platforms/android-34-ext12/data/res/values-mcc313-mnc100-b+sr+Latn: Cannot utime: Operation not permitted
build	Cache Android SDK	2026-06-06T12:22:42.9011647Z /usr/bin/tar: ../../../../../usr/local/lib/android/sdk/platforms/android-34-ext12/data/res/values-mcc313-mnc100-b+sr+Latn: Cannot change mode to rwxr-xr-x: Operation not permitted
build	Cache Android SDK	2026-06-06T12:22:42.9014079Z /usr/bin/tar: ../../../../../usr/local/lib/android/sdk/platforms/android-34-ext12/data/res/values-mcc466-mnc01: Cannot utime: Operation not permitted
build	Cache Android SDK	2026-06-06T12:22:42.9014542Z /usr/bin/tar: ../../../../../usr/local/lib/android/sdk/platforms/android-34-ext12/data/res/values-mcc466-mnc01: Cannot change mode to rwxr-xr-x: Operation not permitted
build	Cache Android SDK	2026-06-06T12:22:42.9017613Z /usr/bin/tar: ../../../../../usr/local/lib/android/sdk/platforms/android-34-ext12/data/res/raw-th: Cannot utime: Operation not permitted
build	Cache Android SDK	2026-06-06T12:22:42.9018028Z /usr/bin/tar: ../../../../../usr/local/lib/android/sdk/platforms/android-34-ext12/data/res/raw-th: Cannot change mode to rwxr-xr-x: Operation not permitted
build	Cache Android SDK	2026-06-06T12:22:42.9020691Z /usr/bin/tar: ../../../../../usr/local/lib/android/sdk/platforms/android-34-ext12/data/res/values-mcc302-mnc720-in: Cannot utime: Operation not permitted
build	Cache Android SDK	2026-06-06T12:22:42.9021159Z /usr/bin/tar: ../../../../../usr/local/lib/android/sdk/platforms/android-34-ext12/data/res/values-mcc302-mnc720-in: Cannot change mode to rwxr-xr-x: Operation not permitted
build	Cache Android SDK	2026-06-06T12:22:42.9023890Z /usr/bin/tar: ../../../../../usr/local/lib/android/sdk/platforms/android-34-ext12/data/res/values-mcc310-mnc210-gl: Cannot utime: Operation not permitted
build	Cache Android SDK	2026-06-06T12:22:42.9024504Z /usr/bin/tar: ../../../../../usr/local/lib/android/sdk/platforms/android-34-ext12/data/res/values-mcc310-mnc210-gl: Cannot change mode to rwxr-xr-x: Operation not permitted
build	Cache Android SDK	2026-06-06T12:22:42.9026855Z /usr/bin/tar: ../../../../../usr/local/lib/android/sdk/platforms/android-34-ext12/data/res/values-fr-rCH: Cannot utime: Operation not permitted
build	Cache Android SDK	2026-06-06T12:22:42.9027295Z /usr/bin/tar: ../../../../../usr/local/lib/android/sdk/platforms/android-34-ext12/data/res/values-fr-rCH: Cannot change mode to rwxr-xr-x: Operation not permitted
build	Cache Android SDK	2026-06-06T12:22:42.9030105Z /usr/bin/tar: ../../../../../usr/local/lib/android/sdk/platforms/android-34-ext12/data/res/values-hr-television: Cannot utime: Operation not permitted
build	Cache Android SDK	2026-06-06T12:22:42.9030663Z /usr/bin/tar: ../../../../../usr/local/lib/android/sdk/platforms/android-34-ext12/data/res/values-hr-television: Cannot change mode to rwxr-xr-x: Operation not permitted
build	Cache Android SDK	2026-06-06T12:22:42.9033472Z /usr/bin/tar: ../../../../../usr/local/lib/android/sdk/platforms/android-34-ext12/data/res/values-mcc313-mnc100-fr: Cannot utime: Operation not permitted
build	Cache Android SDK	2026-06-06T12:22:42.9033940Z /usr/bin/tar: ../../../../../usr/local/lib/android/sdk/platforms/android-34-ext12/data/res/values-mcc313-mnc100-fr: Cannot change mode to rwxr-xr-x: Operation not permitted
build	Cache Android SDK	2026-06-06T12:22:42.9037622Z /usr/bin/tar: ../../../../../usr/local/lib/android/sdk/platforms/android-34-ext12/data/res/values-km-television: Cannot utime: Operation not permitted
build	Cache Android SDK	2026-06-06T12:22:42.9038083Z /usr/bin/tar: ../../../../../usr/local/lib/android/sdk/platforms/android-34-ext12/data/res/values-km-television: Cannot change mode to rwxr-xr-x: Operation not permitted
build	Cache Android SDK	2026-06-06T12:22:42.9041463Z /usr/bin/tar: ../../../../../usr/local/lib/android/sdk/platforms/android-34-ext12/data/res/values-mcc310-mnc410-ar: Cannot utime: Operation not permitted
build	Cache Android SDK	2026-06-06T12:22:42.9041939Z /usr/bin/tar: ../../../../../usr/local/lib/android/sdk/platforms/android-34-ext12/data/res/values-mcc310-mnc410-ar: Cannot change mode to rwxr-xr-x: Operation not permitted
build	Cache Android SDK	2026-06-06T12:22:42.9044926Z /usr/bin/tar: ../../../../../usr/local/lib/android/sdk/platforms/android-34-ext12/data/res/values-mcc310-mnc660-fr: Cannot utime: Operation not permitted
build	Cache Android SDK	2026-06-06T12:22:42.9045387Z /usr/bin/tar: ../../../../../usr/local/lib/android/sdk/platforms/android-34-ext12/data/res/values-mcc310-mnc660-fr: Cannot change mode to rwxr-xr-x: Operation not permitted
build	Cache Android SDK	2026-06-06T12:22:42.9048530Z /usr/bin/tar: ../../../../../usr/local/lib/android/sdk/platforms/android-34-ext12/data/res/values-mcc310-mnc160-es-rUS: Cannot utime: Operation not permitted
build	Cache Android SDK	2026-06-06T12:22:42.9049013Z /usr/bin/tar: ../../../../../usr/local/lib/android/sdk/platforms/android-34-ext12/data/res/values-mcc310-mnc160-es-rUS: Cannot change mode to rwxr-xr-x: Operation not permitted
build	Cache Android SDK	2026-06-06T12:22:42.9051679Z /usr/bin/tar: ../../../../../usr/local/lib/android/sdk/platforms/android-34-ext12/data/res/values-mcc310-mnc200: Cannot utime: Operation not permitted
build	Cache Android SDK	2026-06-06T12:22:42.9052132Z /usr/bin/tar: ../../../../../usr/local/lib/android/sdk/platforms/android-34-ext12/data/res/values-mcc310-mnc200: Cannot change mode to rwxr-xr-x: Operation not permitted
build	Cache Android SDK	2026-06-06T12:22:42.9055432Z /usr/bin/tar: ../../../../../usr/local/lib/android/sdk/platforms/android-34-ext12/data/res/values-mcc310-mnc270-tl: Cannot utime: Operation not permitted
build	Cache Android SDK	2026-06-06T12:22:42.9055894Z /usr/bin/tar: ../../../../../usr/local/lib/android/sdk/platforms/android-34-ext12/data/res/values-mcc310-mnc270-tl: Cannot change mode to rwxr-xr-x: Operation not permitted
build	Cache Android SDK	2026-06-06T12:22:42.9058768Z /usr/bin/tar: ../../../../../usr/local/lib/android/sdk/platforms/android-34-ext12/data/res/values-mcc310-mnc950-sk: Cannot utime: Operation not permitted
build	Cache Android SDK	2026-06-06T12:22:42.9059246Z /usr/bin/tar: ../../../../../usr/local/lib/android/sdk/platforms/android-34-ext12/data/res/values-mcc310-mnc950-sk: Cannot change mode to rwxr-xr-x: Operation not permitted
build	Cache Android SDK	2026-06-06T12:22:42.9062101Z /usr/bin/tar: ../../../../../usr/local/lib/android/sdk/platforms/android-34-ext12/data/res/values-mcc310-mnc240-ky: Cannot utime: Operation not permitted
build	Cache Android SDK	2026-06-06T12:22:42.9062571Z /usr/bin/tar: ../../../../../usr/local/lib/android/sdk/platforms/android-34-ext12/data/res/values-mcc310-mnc240-ky: Cannot change mode to rwxr-xr-x: Operation not permitted
build	Cache Android SDK	2026-06-06T12:22:42.9066637Z /usr/bin/tar: ../../../../../usr/local/lib/android/sdk/platforms/android-34-ext12/data/res/values-mcc310-mnc310-ky: Cannot utime: Operation not permitted
build	Cache Android SDK	2026-06-06T12:22:42.9067093Z /usr/bin/tar: ../../../../../usr/local/lib/android/sdk/platforms/android-34-ext12/data/res/values-mcc310-mnc310-ky: Cannot change mode to rwxr-xr-x: Operation not permitted
build	Cache Android SDK	2026-06-06T12:22:42.9069833Z /usr/bin/tar: ../../../../../usr/local/lib/android/sdk/platforms/android-34-ext12/data/res/values-mcc310-mnc250-hu: Cannot utime: Operation not permitted
build	Cache Android SDK	2026-06-06T12:22:42.9072907Z /usr/bin/tar: ../../../../../usr/local/lib/android/sdk/platforms/android-34-ext12/data/res/values-mcc310-mnc250-hu: Cannot change mode to rwxr-xr-x: Operation not permitted
build	Cache Android SDK	2026-06-06T12:22:42.9073310Z /usr/bin/tar: ../../../../../usr/local/lib/android/sdk/platforms/android-34-ext12/data/res/values-mcc311-mnc490: Cannot utime: Operation not permitted
build	Cache Android SDK	2026-06-06T12:22:42.9073758Z /usr/bin/tar: ../../../../../usr/local/lib/android/sdk/platforms/android-34-ext12/data/res/values-mcc311-mnc490: Cannot change mode to rwxr-xr-x: Operation not permitted
build	Cache Android SDK	2026-06-06T12:22:42.9075692Z /usr/bin/tar: ../../../../../usr/local/lib/android/sdk/platforms/android-34-ext12/data/res/values-mcc310-mnc220-zu: Cannot utime: Operation not permitted
build	Cache Android SDK	2026-06-06T12:22:42.9080354Z /usr/bin/tar: ../../../../../usr/local/lib/android/sdk/platforms/android-34-ext12/data/res/values-mcc310-mnc220-zu: Cannot change mode to rwxr-xr-x: Operation not permitted
build	Cache Android SDK	2026-06-06T12:22:42.9081026Z /usr/bin/tar: ../../../../../usr/local/lib/android/sdk/platforms/android-34-ext12/data/res/values-mcc310-mnc150-gl: Cannot utime: Operation not permitted
build	Cache Android SDK	2026-06-06T12:22:42.9081889Z /usr/bin/tar: ../../../../../usr/local/lib/android/sdk/platforms/android-34-ext12/data/res/values-mcc310-mnc150-gl: Cannot change mode to rwxr-xr-x: Operation not permitted
build	Cache Android SDK	2026-06-06T12:22:42.9082582Z /usr/bin/tar: ../../../../../usr/local/lib/android/sdk/platforms/android-34-ext12/data/res/values-mcc302-mnc220: Cannot utime: Operation not permitted
build	Cache Android SDK	2026-06-06T12:22:42.9083056Z /usr/bin/tar: ../../../../../usr/local/lib/android/sdk/platforms/android-34-ext12/data/res/values-mcc302-mnc220: Cannot change mode to rwxr-xr-x: Operation not permitted
build	Cache Android SDK	2026-06-06T12:22:42.9086143Z /usr/bin/tar: ../../../../../usr/local/lib/android/sdk/platforms/android-34-ext12/data/res/values-mcc310-mnc560-sv: Cannot utime: Operation not permitted
build	Cache Android SDK	2026-06-06T12:22:42.9086651Z /usr/bin/tar: ../../../../../usr/local/lib/android/sdk/platforms/android-34-ext12/data/res/values-mcc310-mnc560-sv: Cannot change mode to rwxr-xr-x: Operation not permitted
build	Cache Android SDK	2026-06-06T12:22:42.9089442Z /usr/bin/tar: ../../../../../usr/local/lib/android/sdk/platforms/android-34-ext12/data/res/values-mcc310-mnc560-hy: Cannot utime: Operation not permitted
build	Cache Android SDK	2026-06-06T12:22:42.9089964Z /usr/bin/tar: ../../../../../usr/local/lib/android/sdk/platforms/android-34-ext12/data/res/values-mcc310-mnc560-hy: Cannot change mode to rwxr-xr-x: Operation not permitted
build	Cache Android SDK	2026-06-06T12:22:42.9092445Z /usr/bin/tar: ../../../../../usr/local/lib/android/sdk/platforms/android-34-ext12/data/res/values-mcc310-mnc170-en-rGB: Cannot utime: Operation not permitted
build	Cache Android SDK	2026-06-06T12:22:42.9092954Z /usr/bin/tar: ../../../../../usr/local/lib/android/sdk/platforms/android-34-ext12/data/res/values-mcc310-mnc170-en-rGB: Cannot change mode to rwxr-xr-x: Operation not permitted
build	Cache Android SDK	2026-06-06T12:22:42.9129222Z /usr/bin/tar: ../../../../../usr/local/lib/android/sdk/platforms/android-34-ext12/data/res/drawable-sw720dp-nodpi: Cannot utime: Operation not permitted
build	Cache Android SDK	2026-06-06T12:22:42.9130345Z /usr/bin/tar: ../../../../../usr/local/lib/android/sdk/platforms/android-34-ext12/data/res/drawable-sw720dp-nodpi: Cannot change mode to rwxr-xr-x: Operation not permitted
build	Cache Android SDK	2026-06-06T12:22:42.9131541Z /usr/bin/tar: ../../../../../usr/local/lib/android/sdk/platforms/android-34-ext12/data/res/values-mcc310-mnc410-ru: Cannot utime: Operation not permitted
build	Cache Android SDK	2026-06-06T12:22:42.9132533Z /usr/bin/tar: ../../../../../usr/local/lib/android/sdk/platforms/android-34-ext12/data/res/values-mcc310-mnc410-ru: Cannot change mode to rwxr-xr-x: Operation not permitted
build	Cache Android SDK	2026-06-06T12:22:42.9134431Z /usr/bin/tar: ../../../../../usr/local/lib/android/sdk/platforms/android-34-ext12/data/res/values-mcc310-mnc380-ko: Cannot utime: Operation not permitted
build	Cache Android SDK	2026-06-06T12:22:42.9134914Z /usr/bin/tar: ../../../../../usr/local/lib/android/sdk/platforms/android-34-ext12/data/res/values-mcc310-mnc380-ko: Cannot change mode to rwxr-xr-x: Operation not permitted
build	Cache Android SDK	2026-06-06T12:22:42.9137484Z /usr/bin/tar: ../../../../../usr/local/lib/android/sdk/platforms/android-34-ext12/data/res/values-mcc302-mnc720-fr: Cannot utime: Operation not permitted
build	Cache Android SDK	2026-06-06T12:22:42.9137969Z /usr/bin/tar: ../../../../../usr/local/lib/android/sdk/platforms/android-34-ext12/data/res/values-mcc302-mnc720-fr: Cannot change mode to rwxr-xr-x: Operation not permitted
build	Cache Android SDK	2026-06-06T12:22:42.9151207Z /usr/bin/tar: ../../../../../usr/local/lib/android/sdk/platforms/android-34-ext12/data/res/drawable-land-hdpi: Cannot utime: Operation not permitted
build	Cache Android SDK	2026-06-06T12:22:42.9151770Z /usr/bin/tar: ../../../../../usr/local/lib/android/sdk/platforms/android-34-ext12/data/res/drawable-land-hdpi: Cannot change mode to rwxr-xr-x: Operation not permitted
build	Cache Android SDK	2026-06-06T12:22:42.9154320Z /usr/bin/tar: ../../../../../usr/local/lib/android/sdk/platforms/android-34-ext12/data/res/values-mcc310-mnc660-it: Cannot utime: Operation not permitted
build	Cache Android SDK	2026-06-06T12:22:42.9154832Z /usr/bin/tar: ../../../../../usr/local/lib/android/sdk/platforms/android-34-ext12/data/res/values-mcc310-mnc660-it: Cannot change mode to rwxr-xr-x: Operation not permitted
build	Cache Android SDK	2026-06-06T12:22:42.9157203Z /usr/bin/tar: ../../../../../usr/local/lib/android/sdk/platforms/android-34-ext12/data/res/values-mcc310-mnc250-ru: Cannot utime: Operation not permitted
build	Cache Android SDK	2026-06-06T12:22:42.9157913Z /usr/bin/tar: ../../../../../usr/local/lib/android/sdk/platforms/android-34-ext12/data/res/values-mcc310-mnc250-ru: Cannot change mode to rwxr-xr-x: Operation not permitted
build	Cache Android SDK	2026-06-06T12:22:42.9159972Z /usr/bin/tar: ../../../../../usr/local/lib/android/sdk/platforms/android-34-ext12/data/res/values-et-television: Cannot utime: Operation not permitted
build	Cache Android SDK	2026-06-06T12:22:42.9160439Z /usr/bin/tar: ../../../../../usr/local/lib/android/sdk/platforms/android-34-ext12/data/res/values-et-television: Cannot change mode to rwxr-xr-x: Operation not permitted
build	Cache Android SDK	2026-06-06T12:22:42.9163372Z /usr/bin/tar: ../../../../../usr/local/lib/android/sdk/platforms/android-34-ext12/data/res/values-mcc310-mnc280-si: Cannot utime: Operation not permitted
build	Cache Android SDK	2026-06-06T12:22:42.9163863Z /usr/bin/tar: ../../../../../usr/local/lib/android/sdk/platforms/android-34-ext12/data/res/values-mcc310-mnc280-si: Cannot change mode to rwxr-xr-x: Operation not permitted
build	Cache Android SDK	2026-06-06T12:22:42.9166375Z /usr/bin/tar: ../../../../../usr/local/lib/android/sdk/platforms/android-34-ext12/data/res/values-mcc311-mnc180-nl: Cannot utime: Operation not permitted
build	Cache Android SDK	2026-06-06T12:22:42.9167575Z /usr/bin/tar: ../../../../../usr/local/lib/android/sdk/platforms/android-34-ext12/data/res/values-mcc311-mnc180-nl: Cannot change mode to rwxr-xr-x: Operation not permitted
build	Cache Android SDK	2026-06-06T12:22:42.9173329Z /usr/bin/tar: ../../../../../usr/local/lib/android/sdk/platforms/android-34-ext12/data/res/drawable-sw600dp-hdpi: Cannot utime: Operation not permitted
build	Cache Android SDK	2026-06-06T12:22:42.9173974Z /usr/bin/tar: ../../../../../usr/local/lib/android/sdk/platforms/android-34-ext12/data/res/drawable-sw600dp-hdpi: Cannot change mode to rwxr-xr-x: Operation not permitted
build	Cache Android SDK	2026-06-06T12:22:42.9176153Z /usr/bin/tar: ../../../../../usr/local/lib/android/sdk/platforms/android-34-ext12/data/res/values-mcc302-mnc370-sr: Cannot utime: Operation not permitted
build	Cache Android SDK	2026-06-06T12:22:42.9176794Z /usr/bin/tar: ../../../../../usr/local/lib/android/sdk/platforms/android-34-ext12/data/res/values-mcc302-mnc370-sr: Cannot change mode to rwxr-xr-x: Operation not permitted
build	Cache Android SDK	2026-06-06T12:22:42.9179842Z /usr/bin/tar: ../../../../../usr/local/lib/android/sdk/platforms/android-34-ext12/data/res/values-mcc310-mnc310-is: Cannot utime: Operation not permitted
build	Cache Android SDK	2026-06-06T12:22:42.9180383Z /usr/bin/tar: ../../../../../usr/local/lib/android/sdk/platforms/android-34-ext12/data/res/values-mcc310-mnc310-is: Cannot change mode to rwxr-xr-x: Operation not permitted
build	Cache Android SDK	2026-06-06T12:22:42.9183153Z /usr/bin/tar: ../../../../../usr/local/lib/android/sdk/platforms/android-34-ext12/data/res/values-mcc310-mnc240-es-rUS: Cannot utime: Operation not permitted
build	Cache Android SDK	2026-06-06T12:22:42.9184245Z /usr/bin/tar: ../../../../../usr/local/lib/android/sdk/platforms/android-34-ext12/data/res/values-mcc310-mnc240-es-rUS: Cannot change mode to rwxr-xr-x: Operation not permitted
build	Cache Android SDK	2026-06-06T12:22:42.9186951Z /usr/bin/tar: ../../../../../usr/local/lib/android/sdk/platforms/android-34-ext12/data/res/values-mcc310-mnc170-gl: Cannot utime: Operation not permitted
build	Cache Android SDK	2026-06-06T12:22:42.9187964Z /usr/bin/tar: ../../../../../usr/local/lib/android/sdk/platforms/android-34-ext12/data/res/values-mcc310-mnc170-gl: Cannot change mode to rwxr-xr-x: Operation not permitted
build	Cache Android SDK	2026-06-06T12:22:42.9192858Z /usr/bin/tar: ../../../../../usr/local/lib/android/sdk/platforms/android-34-ext12/data/res/values-mcc310-mnc270-uk: Cannot utime: Operation not permitted
build	Cache Android SDK	2026-06-06T12:22:42.9193734Z /usr/bin/tar: ../../../../../usr/local/lib/android/sdk/platforms/android-34-ext12/data/res/values-mcc310-mnc270-uk: Cannot change mode to rwxr-xr-x: Operation not permitted
build	Cache Android SDK	2026-06-06T12:22:42.9194393Z /usr/bin/tar: ../../../../../usr/local/lib/android/sdk/platforms/android-34-ext12/data/res/values-mcc310-mnc800-fi: Cannot utime: Operation not permitted
build	Cache Android SDK	2026-06-06T12:22:42.9194863Z /usr/bin/tar: ../../../../../usr/local/lib/android/sdk/platforms/android-34-ext12/data/res/values-mcc310-mnc800-fi: Cannot change mode to rwxr-xr-x: Operation not permitted
build	Cache Android SDK	2026-06-06T12:22:42.9198419Z /usr/bin/tar: ../../../../../usr/local/lib/android/sdk/platforms/android-34-ext12/data/res/values-mcc450: Cannot utime: Operation not permitted
build	Cache Android SDK	2026-06-06T12:22:42.9198886Z /usr/bin/tar: ../../../../../usr/local/lib/android/sdk/platforms/android-34-ext12/data/res/values-mcc450: Cannot change mode to rwxr-xr-x: Operation not permitted
build	Cache Android SDK	2026-06-06T12:22:42.9202154Z /usr/bin/tar: ../../../../../usr/local/lib/android/sdk/platforms/android-34-ext12/data/res/values-or-television: Cannot utime: Operation not permitted
build	Cache Android SDK	2026-06-06T12:22:42.9202656Z /usr/bin/tar: ../../../../../usr/local/lib/android/sdk/platforms/android-34-ext12/data/res/values-or-television: Cannot change mode to rwxr-xr-x: Operation not permitted
build	Cache Android SDK	2026-06-06T12:22:42.9205384Z /usr/bin/tar: ../../../../../usr/local/lib/android/sdk/platforms/android-34-ext12/data/res/values-es-rES: Cannot utime: Operation not permitted
build	Cache Android SDK	2026-06-06T12:22:42.9205917Z /usr/bin/tar: ../../../../../usr/local/lib/android/sdk/platforms/android-34-ext12/data/res/values-es-rES: Cannot change mode to rwxr-xr-x: Operation not permitted
build	Cache Android SDK	2026-06-06T12:22:42.9208498Z /usr/bin/tar: ../../../../../usr/local/lib/android/sdk/platforms/android-34-ext12/data/res/values-mcc302-mnc370-nl: Cannot utime: Operation not permitted
build	Cache Android SDK	2026-06-06T12:22:42.9208988Z /usr/bin/tar: ../../../../../usr/local/lib/android/sdk/platforms/android-34-ext12/data/res/values-mcc302-mnc370-nl: Cannot change mode to rwxr-xr-x: Operation not permitted
build	Cache Android SDK	2026-06-06T12:22:42.9211056Z /usr/bin/tar: ../../../../../usr/local/lib/android/sdk/platforms/android-34-ext12/data/res/values-mcc310-mnc950-fr-rCA: Cannot utime: Operation not permitted
build	Cache Android SDK	2026-06-06T12:22:42.9211533Z /usr/bin/tar: ../../../../../usr/local/lib/android/sdk/platforms/android-34-ext12/data/res/values-mcc310-mnc950-fr-rCA: Cannot change mode to rwxr-xr-x: Operation not permitted
build	Cache Android SDK	2026-06-06T12:22:42.9214340Z /usr/bin/tar: ../../../../../usr/local/lib/android/sdk/platforms/android-34-ext12/data/res/values-mcc310-mnc210-ca: Cannot utime: Operation not permitted
build	Cache Android SDK	2026-06-06T12:22:42.9214814Z /usr/bin/tar: ../../../../../usr/local/lib/android/sdk/platforms/android-34-ext12/data/res/values-mcc310-mnc210-ca: Cannot change mode to rwxr-xr-x: Operation not permitted
build	Cache Android SDK	2026-06-06T12:22:42.9218282Z /usr/bin/tar: ../../../../../usr/local/lib/android/sdk/platforms/android-34-ext12/data/res/values-mcc310-mnc490-el: Cannot utime: Operation not permitted
build	Cache Android SDK	2026-06-06T12:22:42.9218751Z /usr/bin/tar: ../../../../../usr/local/lib/android/sdk/platforms/android-34-ext12/data/res/values-mcc310-mnc490-el: Cannot change mode to rwxr-xr-x: Operation not permitted
build	Cache Android SDK	2026-06-06T12:22:42.9221523Z /usr/bin/tar: ../../../../../usr/local/lib/android/sdk/platforms/android-34-ext12/data/res/values-mcc311-mnc180-uk: Cannot utime: Operation not permitted
build	Cache Android SDK	2026-06-06T12:22:42.9222141Z /usr/bin/tar: ../../../../../usr/local/lib/android/sdk/platforms/android-34-ext12/data/res/values-mcc311-mnc180-uk: Cannot change mode to rwxr-xr-x: Operation not permitted
build	Cache Android SDK	2026-06-06T12:22:42.9224787Z /usr/bin/tar: ../../../../../usr/local/lib/android/sdk/platforms/android-34-ext12/data/res/values-ms-watch: Cannot utime: Operation not permitted
build	Cache Android SDK	2026-06-06T12:22:42.9225237Z /usr/bin/tar: ../../../../../usr/local/lib/android/sdk/platforms/android-34-ext12/data/res/values-ms-watch: Cannot change mode to rwxr-xr-x: Operation not permitted
build	Cache Android SDK	2026-06-06T12:22:42.9228266Z /usr/bin/tar: ../../../../../usr/local/lib/android/sdk/platforms/android-34-ext12/data/res/values-mcc310-mnc220-mr: Cannot utime: Operation not permitted
build	Cache Android SDK	2026-06-06T12:22:42.9228736Z /usr/bin/tar: ../../../../../usr/local/lib/android/sdk/platforms/android-34-ext12/data/res/values-mcc310-mnc220-mr: Cannot change mode to rwxr-xr-x: Operation not permitted
build	Cache Android SDK	2026-06-06T12:22:42.9233589Z /usr/bin/tar: ../../../../../usr/local/lib/android/sdk/platforms/android-34-ext12/data/res/values-mcc310-mnc660-kn: Cannot utime: Operation not permitted
build	Cache Android SDK	2026-06-06T12:22:42.9234062Z /usr/bin/tar: ../../../../../usr/local/lib/android/sdk/platforms/android-34-ext12/data/res/values-mcc310-mnc660-kn: Cannot change mode to rwxr-xr-x: Operation not permitted
build	Cache Android SDK	2026-06-06T12:22:42.9236791Z /usr/bin/tar: ../../../../../usr/local/lib/android/sdk/platforms/android-34-ext12/data/res/values-mcc310-mnc210-b+sr+Latn: Cannot utime: Operation not permitted
build	Cache Android SDK	2026-06-06T12:22:42.9237286Z /usr/bin/tar: ../../../../../usr/local/lib/android/sdk/platforms/android-34-ext12/data/res/values-mcc310-mnc210-b+sr+Latn: Cannot change mode to rwxr-xr-x: Operation not permitted
build	Cache Android SDK	2026-06-06T12:22:42.9239545Z /usr/bin/tar: ../../../../../usr/local/lib/android/sdk/platforms/android-34-ext12/data/res/values-mcc310-mnc220-iw: Cannot utime: Operation not permitted
build	Cache Android SDK	2026-06-06T12:22:42.9240014Z /usr/bin/tar: ../../../../../usr/local/lib/android/sdk/platforms/android-34-ext12/data/res/values-mcc310-mnc220-iw: Cannot change mode to rwxr-xr-x: Operation not permitted
build	Cache Android SDK	2026-06-06T12:22:42.9242618Z /usr/bin/tar: ../../../../../usr/local/lib/android/sdk/platforms/android-34-ext12/data/res/values-mcc334-mnc020-uk: Cannot utime: Operation not permitted
build	Cache Android SDK	2026-06-06T12:22:42.9243099Z /usr/bin/tar: ../../../../../usr/local/lib/android/sdk/platforms/android-34-ext12/data/res/values-mcc334-mnc020-uk: Cannot change mode to rwxr-xr-x: Operation not permitted
build	Cache Android SDK	2026-06-06T12:22:42.9246102Z /usr/bin/tar: ../../../../../usr/local/lib/android/sdk/platforms/android-34-ext12/data/res/values-mcc313-mnc100-et: Cannot utime: Operation not permitted
build	Cache Android SDK	2026-06-06T12:22:42.9246567Z /usr/bin/tar: ../../../../../usr/local/lib/android/sdk/platforms/android-34-ext12/data/res/values-mcc313-mnc100-et: Cannot change mode to rwxr-xr-x: Operation not permitted
build	Cache Android SDK	2026-06-06T12:22:42.9249264Z /usr/bin/tar: ../../../../../usr/local/lib/android/sdk/platforms/android-34-ext12/data/res/values-nl-rBE: Cannot utime: Operation not permitted
build	Cache Android SDK	2026-06-06T12:22:42.9249720Z /usr/bin/tar: ../../../../../usr/local/lib/android/sdk/platforms/android-34-ext12/data/res/values-nl-rBE: Cannot change mode to rwxr-xr-x: Operation not permitted
build	Cache Android SDK	2026-06-06T12:22:42.9252905Z /usr/bin/tar: ../../../../../usr/local/lib/android/sdk/platforms/android-34-ext12/data/res/values-mcc310-mnc560-gu: Cannot utime: Operation not permitted
build	Cache Android SDK	2026-06-06T12:22:42.9253374Z /usr/bin/tar: ../../../../../usr/local/lib/android/sdk/platforms/android-34-ext12/data/res/values-mcc310-mnc560-gu: Cannot change mode to rwxr-xr-x: Operation not permitted
build	Cache Android SDK	2026-06-06T12:22:42.9256277Z /usr/bin/tar: ../../../../../usr/local/lib/android/sdk/platforms/android-34-ext12/data/res/values-mcc310-mnc800-lv: Cannot utime: Operation not permitted
build	Cache Android SDK	2026-06-06T12:22:42.9256750Z /usr/bin/tar: ../../../../../usr/local/lib/android/sdk/platforms/android-34-ext12/data/res/values-mcc310-mnc800-lv: Cannot change mode to rwxr-xr-x: Operation not permitted
build	Cache Android SDK	2026-06-06T12:22:42.9259962Z /usr/bin/tar: ../../../../../usr/local/lib/android/sdk/platforms/android-34-ext12/data/res/values-mcc302-mnc720-nb: Cannot utime: Operation not permitted
build	Cache Android SDK	2026-06-06T12:22:42.9260444Z /usr/bin/tar: ../../../../../usr/local/lib/android/sdk/platforms/android-34-ext12/data/res/values-mcc302-mnc720-nb: Cannot change mode to rwxr-xr-x: Operation not permitted
build	Cache Android SDK	2026-06-06T12:22:42.9263385Z /usr/bin/tar: ../../../../../usr/local/lib/android/sdk/platforms/android-34-ext12/data/res/values-mcc313-mnc100-ru: Cannot utime: Operation not permitted
build	Cache Android SDK	2026-06-06T12:22:42.9263842Z /usr/bin/tar: ../../../../../usr/local/lib/android/sdk/platforms/android-34-ext12/data/res/values-mcc313-mnc100-ru: Cannot change mode to rwxr-xr-x: Operation not permitted
build	Cache Android SDK	2026-06-06T12:22:42.9266595Z /usr/bin/tar: ../../../../../usr/local/lib/android/sdk/platforms/android-34-ext12/data/res/values-mcc310-mnc380-sk: Cannot utime: Operation not permitted
build	Cache Android SDK	2026-06-06T12:22:42.9267054Z /usr/bin/tar: ../../../../../usr/local/lib/android/sdk/platforms/android-34-ext12/data/res/values-mcc310-mnc380-sk: Cannot change mode to rwxr-xr-x: Operation not permitted
build	Cache Android SDK	2026-06-06T12:22:42.9272035Z /usr/bin/tar: ../../../../../usr/local/lib/android/sdk/platforms/android-34-ext12/data/res/xml-xlarge: Cannot utime: Operation not permitted
build	Cache Android SDK	2026-06-06T12:22:42.9272591Z /usr/bin/tar: ../../../../../usr/local/lib/android/sdk/platforms/android-34-ext12/data/res/xml-xlarge: Cannot change mode to rwxr-xr-x: Operation not permitted
build	Cache Android SDK	2026-06-06T12:22:42.9275640Z /usr/bin/tar: ../../../../../usr/local/lib/android/sdk/platforms/android-34-ext12/data/res/values-mcc310-mnc240-uk: Cannot utime: Operation not permitted
build	Cache Android SDK	2026-06-06T12:22:42.9276124Z /usr/bin/tar: ../../../../../usr/local/lib/android/sdk/platforms/android-34-ext12/data/res/values-mcc310-mnc240-uk: Cannot change mode to rwxr-xr-x: Operation not permitted
build	Cache Android SDK	2026-06-06T12:22:42.9278335Z /usr/bin/tar: ../../../../../usr/local/lib/android/sdk/platforms/android-34-ext12/data/res/values-sw372dp: Cannot utime: Operation not permitted
build	Cache Android SDK	2026-06-06T12:22:42.9278800Z /usr/bin/tar: ../../../../../usr/local/lib/android/sdk/platforms/android-34-ext12/data/res/values-sw372dp: Cannot change mode to rwxr-xr-x: Operation not permitted
build	Cache Android SDK	2026-06-06T12:22:42.9282328Z /usr/bin/tar: ../../../../../usr/local/lib/android/sdk/platforms/android-34-ext12/data/res/values-mcc310-mnc160-b+sr+Latn: Cannot utime: Operation not permitted
build	Cache Android SDK	2026-06-06T12:22:42.9283268Z /usr/bin/tar: ../../../../../usr/local/lib/android/sdk/platforms/android-34-ext12/data/res/values-mcc310-mnc160-b+sr+Latn: Cannot change mode to rwxr-xr-x: Operation not permitted
build	Cache Android SDK	2026-06-06T12:22:42.9284937Z /usr/bin/tar: ../../../../../usr/local/lib/android/sdk/platforms/android-34-ext12/data/res/values-mcc334-mnc020-az: Cannot utime: Operation not permitted
build	Cache Android SDK	2026-06-06T12:22:42.9285446Z /usr/bin/tar: ../../../../../usr/local/lib/android/sdk/platforms/android-34-ext12/data/res/values-mcc334-mnc020-az: Cannot change mode to rwxr-xr-x: Operation not permitted
build	Cache Android SDK	2026-06-06T12:22:42.9288785Z /usr/bin/tar: ../../../../../usr/local/lib/android/sdk/platforms/android-34-ext12/data/res/raw-ru: Cannot utime: Operation not permitted
build	Cache Android SDK	2026-06-06T12:22:42.9289365Z /usr/bin/tar: ../../../../../usr/local/lib/android/sdk/platforms/android-34-ext12/data/res/raw-ru: Cannot change mode to rwxr-xr-x: Operation not permitted
build	Cache Android SDK	2026-06-06T12:22:42.9291656Z /usr/bin/tar: ../../../../../usr/local/lib/android/sdk/platforms/android-34-ext12/data/res/values-mcc310-mnc280-en-rIN: Cannot utime: Operation not permitted
build	Cache Android SDK	2026-06-06T12:22:42.9292151Z /usr/bin/tar: ../../../../../usr/local/lib/android/sdk/platforms/android-34-ext12/data/res/values-mcc310-mnc280-en-rIN: Cannot change mode to rwxr-xr-x: Operation not permitted
build	Cache Android SDK	2026-06-06T12:22:42.9294900Z /usr/bin/tar: ../../../../../usr/local/lib/android/sdk/platforms/android-34-ext12/data/res/values-mcc310-mnc270-lv: Cannot utime: Operation not permitted
build	Cache Android SDK	2026-06-06T12:22:42.9295367Z /usr/bin/tar: ../../../../../usr/local/lib/android/sdk/platforms/android-34-ext12/data/res/values-mcc310-mnc270-lv: Cannot change mode to rwxr-xr-x: Operation not permitted
build	Cache Android SDK	2026-06-06T12:22:42.9298044Z /usr/bin/tar: ../../../../../usr/local/lib/android/sdk/platforms/android-34-ext12/data/res/values-mcc310-mnc380-hu: Cannot utime: Operation not permitted
build	Cache Android SDK	2026-06-06T12:22:42.9298525Z /usr/bin/tar: ../../../../../usr/local/lib/android/sdk/platforms/android-34-ext12/data/res/values-mcc310-mnc380-hu: Cannot change mode to rwxr-xr-x: Operation not permitted
build	Cache Android SDK	2026-06-06T12:22:42.9301459Z /usr/bin/tar: ../../../../../usr/local/lib/android/sdk/platforms/android-34-ext12/data/res/values-mcc310-mnc660-hr: Cannot utime: Operation not permitted
build	Cache Android SDK	2026-06-06T12:22:42.9301941Z /usr/bin/tar: ../../../../../usr/local/lib/android/sdk/platforms/android-34-ext12/data/res/values-mcc310-mnc660-hr: Cannot change mode to rwxr-xr-x: Operation not permitted
build	Cache Android SDK	2026-06-06T12:22:42.9304587Z /usr/bin/tar: ../../../../../usr/local/lib/android/sdk/platforms/android-34-ext12/data/res/values-mcc310-mnc200-da: Cannot utime: Operation not permitted
build	Cache Android SDK	2026-06-06T12:22:42.9305074Z /usr/bin/tar: ../../../../../usr/local/lib/android/sdk/platforms/android-34-ext12/data/res/values-mcc310-mnc200-da: Cannot change mode to rwxr-xr-x: Operation not permitted
build	Cache Android SDK	2026-06-06T12:22:42.9308043Z /usr/bin/tar: ../../../../../usr/local/lib/android/sdk/platforms/android-34-ext12/data/res/values-mcc310-mnc280-mk: Cannot utime: Operation not permitted
build	Cache Android SDK	2026-06-06T12:22:42.9308517Z /usr/bin/tar: ../../../../../usr/local/lib/android/sdk/platforms/android-34-ext12/data/res/values-mcc310-mnc280-mk: Cannot change mode to rwxr-xr-x: Operation not permitted
build	Cache Android SDK	2026-06-06T12:22:42.9310482Z /usr/bin/tar: ../../../../../usr/local/lib/android/sdk/platforms/android-34-ext12/data/res/values-az-watch: Cannot utime: Operation not permitted
build	Cache Android SDK	2026-06-06T12:22:42.9310940Z /usr/bin/tar: ../../../../../usr/local/lib/android/sdk/platforms/android-34-ext12/data/res/values-az-watch: Cannot change mode to rwxr-xr-x: Operation not permitted
build	Cache Android SDK	2026-06-06T12:22:42.9314262Z /usr/bin/tar: ../../../../../usr/local/lib/android/sdk/platforms/android-34-ext12/data/res/values-mcc310-mnc200-pt-rPT: Cannot utime: Operation not permitted
build	Cache Android SDK	2026-06-06T12:22:42.9314759Z /usr/bin/tar: ../../../../../usr/local/lib/android/sdk/platforms/android-34-ext12/data/res/values-mcc310-mnc200-pt-rPT: Cannot change mode to rwxr-xr-x: Operation not permitted
build	Cache Android SDK	2026-06-06T12:22:42.9317125Z /usr/bin/tar: ../../../../../usr/local/lib/android/sdk/platforms/android-34-ext12/data/res/values-mcc310-mnc800-uk: Cannot utime: Operation not permitted
build	Cache Android SDK	2026-06-06T12:22:42.9318008Z /usr/bin/tar: ../../../../../usr/local/lib/android/sdk/platforms/android-34-ext12/data/res/values-mcc310-mnc800-uk: Cannot change mode to rwxr-xr-x: Operation not permitted
build	Cache Android SDK	2026-06-06T12:22:42.9320678Z /usr/bin/tar: ../../../../../usr/local/lib/android/sdk/platforms/android-34-ext12/data/res/values-mcc310-mnc950-ur: Cannot utime: Operation not permitted
build	Cache Android SDK	2026-06-06T12:22:42.9321243Z /usr/bin/tar: ../../../../../usr/local/lib/android/sdk/platforms/android-34-ext12/data/res/values-mcc310-mnc950-ur: Cannot change mode to rwxr-xr-x: Operation not permitted
build	Cache Android SDK	2026-06-06T12:22:42.9327813Z /usr/bin/tar: ../../../../../usr/local/lib/android/sdk/platforms/android-34-ext12/data/res/values-bn: Cannot utime: Operation not permitted
build	Cache Android SDK	2026-06-06T12:22:42.9328466Z /usr/bin/tar: ../../../../../usr/local/lib/android/sdk/platforms/android-34-ext12/data/res/values-bn: Cannot change mode to rwxr-xr-x: Operation not permitted
build	Cache Android SDK	2026-06-06T12:22:42.9330487Z /usr/bin/tar: ../../../../../usr/local/lib/android/sdk/platforms/android-34-ext12/data/res/values-mcc302-mnc370: Cannot utime: Operation not permitted
build	Cache Android SDK	2026-06-06T12:22:42.9330951Z /usr/bin/tar: ../../../../../usr/local/lib/android/sdk/platforms/android-34-ext12/data/res/values-mcc302-mnc370: Cannot change mode to rwxr-xr-x: Operation not permitted
build	Cache Android SDK	2026-06-06T12:22:42.9333523Z /usr/bin/tar: ../../../../../usr/local/lib/android/sdk/platforms/android-34-ext12/data/res/values-mcc310-mnc560-sq: Cannot utime: Operation not permitted
build	Cache Android SDK	2026-06-06T12:22:42.9334111Z /usr/bin/tar: ../../../../../usr/local/lib/android/sdk/platforms/android-34-ext12/data/res/values-mcc310-mnc560-sq: Cannot change mode to rwxr-xr-x: Operation not permitted
build	Cache Android SDK	2026-06-06T12:22:42.9341865Z /usr/bin/tar: ../../../../../usr/local/lib/android/sdk/platforms/android-34-ext12/data/res/drawable-watch: Cannot utime: Operation not permitted
build	Cache Android SDK	2026-06-06T12:22:42.9342427Z /usr/bin/tar: ../../../../../usr/local/lib/android/sdk/platforms/android-34-ext12/data/res/drawable-watch: Cannot change mode to rwxr-xr-x: Operation not permitted
build	Cache Android SDK	2026-06-06T12:22:42.9344828Z /usr/bin/tar: ../../../../../usr/local/lib/android/sdk/platforms/android-34-ext12/data/res/values-mcc310-mnc150-as: Cannot utime: Operation not permitted
build	Cache Android SDK	2026-06-06T12:22:42.9345411Z /usr/bin/tar: ../../../../../usr/local/lib/android/sdk/platforms/android-34-ext12/data/res/values-mcc310-mnc150-as: Cannot change mode to rwxr-xr-x: Operation not permitted
build	Cache Android SDK	2026-06-06T12:22:42.9348048Z /usr/bin/tar: ../../../../../usr/local/lib/android/sdk/platforms/android-34-ext12/data/res/values-mcc310-mnc560-uk: Cannot utime: Operation not permitted
build	Cache Android SDK	2026-06-06T12:22:42.9348571Z /usr/bin/tar: ../../../../../usr/local/lib/android/sdk/platforms/android-34-ext12/data/res/values-mcc310-mnc560-uk: Cannot change mode to rwxr-xr-x: Operation not permitted
build	Cache Android SDK	2026-06-06T12:22:42.9351265Z /usr/bin/tar: ../../../../../usr/local/lib/android/sdk/platforms/android-34-ext12/data/res/values-mcc334-mnc020-hy: Cannot utime: Operation not permitted
build	Cache Android SDK	2026-06-06T12:22:42.9351727Z /usr/bin/tar: ../../../../../usr/local/lib/android/sdk/platforms/android-34-ext12/data/res/values-mcc334-mnc020-hy: Cannot change mode to rwxr-xr-x: Operation not permitted
build	Cache Android SDK	2026-06-06T12:22:42.9354888Z /usr/bin/tar: ../../../../../usr/local/lib/android/sdk/platforms/android-34-ext12/data/res/values-mcc310-mnc240-pa: Cannot utime: Operation not permitted
build	Cache Android SDK	2026-06-06T12:22:42.9355356Z /usr/bin/tar: ../../../../../usr/local/lib/android/sdk/platforms/android-34-ext12/data/res/values-mcc310-mnc240-pa: Cannot change mode to rwxr-xr-x: Operation not permitted
build	Cache Android SDK	2026-06-06T12:22:42.9358225Z /usr/bin/tar: ../../../../../usr/local/lib/android/sdk/platforms/android-34-ext12/data/res/values-mcc302-mnc370-ca: Cannot utime: Operation not permitted
build	Cache Android SDK	2026-06-06T12:22:42.9358696Z /usr/bin/tar: ../../../../../usr/local/lib/android/sdk/platforms/android-34-ext12/data/res/values-mcc302-mnc370-ca: Cannot change mode to rwxr-xr-x: Operation not permitted
build	Cache Android SDK	2026-06-06T12:22:42.9362196Z /usr/bin/tar: ../../../../../usr/local/lib/android/sdk/platforms/android-34-ext12/data/res/values-mcc310-mnc240-zh-rHK: Cannot utime: Operation not permitted
build	Cache Android SDK	2026-06-06T12:22:42.9362681Z /usr/bin/tar: ../../../../../usr/local/lib/android/sdk/platforms/android-34-ext12/data/res/values-mcc310-mnc240-zh-rHK: Cannot change mode to rwxr-xr-x: Operation not permitted
build	Cache Android SDK	2026-06-06T12:22:42.9365241Z /usr/bin/tar: ../../../../../usr/local/lib/android/sdk/platforms/android-34-ext12/data/res/values-mcc310-mnc950-lo: Cannot utime: Operation not permitted
build	Cache Android SDK	2026-06-06T12:22:42.9365719Z /usr/bin/tar: ../../../../../usr/local/lib/android/sdk/platforms/android-34-ext12/data/res/values-mcc310-mnc950-lo: Cannot change mode to rwxr-xr-x: Operation not permitted
build	Cache Android SDK	2026-06-06T12:22:42.9368507Z /usr/bin/tar: ../../../../../usr/local/lib/android/sdk/platforms/android-34-ext12/data/res/values-mcc310-mnc660-ta: Cannot utime: Operation not permitted
build	Cache Android SDK	2026-06-06T12:22:42.9368973Z /usr/bin/tar: ../../../../../usr/local/lib/android/sdk/platforms/android-34-ext12/data/res/values-mcc310-mnc660-ta: Cannot change mode to rwxr-xr-x: Operation not permitted
build	Cache Android SDK	2026-06-06T12:22:42.9373916Z /usr/bin/tar: ../../../../../usr/local/lib/android/sdk/platforms/android-34-ext12/data/res/values-mcc310-mnc270-ms: Cannot utime: Operation not permitted
build	Cache Android SDK	2026-06-06T12:22:42.9374388Z /usr/bin/tar: ../../../../../usr/local/lib/android/sdk/platforms/android-34-ext12/data/res/values-mcc310-mnc270-ms: Cannot change mode to rwxr-xr-x: Operation not permitted
build	Cache Android SDK	2026-06-06T12:22:42.9377993Z /usr/bin/tar: ../../../../../usr/local/lib/android/sdk/platforms/android-34-ext12/data/res/values-mcc310-mnc280-ca: Cannot utime: Operation not permitted
build	Cache Android SDK	2026-06-06T12:22:42.9378624Z /usr/bin/tar: ../../../../../usr/local/lib/android/sdk/platforms/android-34-ext12/data/res/values-mcc310-mnc280-ca: Cannot change mode to rwxr-xr-x: Operation not permitted
build	Cache Android SDK	2026-06-06T12:22:42.9381103Z /usr/bin/tar: ../../../../../usr/local/lib/android/sdk/platforms/android-34-ext12/data/res/values-mcc310-mnc280-az: Cannot utime: Operation not permitted
build	Cache Android SDK	2026-06-06T12:22:42.9381577Z /usr/bin/tar: ../../../../../usr/local/lib/android/sdk/platforms/android-34-ext12/data/res/values-mcc310-mnc280-az: Cannot change mode to rwxr-xr-x: Operation not permitted
build	Cache Android SDK	2026-06-06T12:22:42.9384467Z /usr/bin/tar: ../../../../../usr/local/lib/android/sdk/platforms/android-34-ext12/data/res/values-mcc310-mnc240-tr: Cannot utime: Operation not permitted
build	Cache Android SDK	2026-06-06T12:22:42.9384938Z /usr/bin/tar: ../../../../../usr/local/lib/android/sdk/platforms/android-34-ext12/data/res/values-mcc310-mnc240-tr: Cannot change mode to rwxr-xr-x: Operation not permitted
build	Cache Android SDK	2026-06-06T12:22:42.9387766Z /usr/bin/tar: ../../../../../usr/local/lib/android/sdk/platforms/android-34-ext12/data/res/values-mcc001-mnc01-sr: Cannot utime: Operation not permitted
build	Cache Android SDK	2026-06-06T12:22:42.9388245Z /usr/bin/tar: ../../../../../usr/local/lib/android/sdk/platforms/android-34-ext12/data/res/values-mcc001-mnc01-sr: Cannot change mode to rwxr-xr-x: Operation not permitted
build	Cache Android SDK	2026-06-06T12:22:42.9390664Z /usr/bin/tar: ../../../../../usr/local/lib/android/sdk/platforms/android-34-ext12/data/res/values-mcc312-mnc670-ja: Cannot utime: Operation not permitted
build	Cache Android SDK	2026-06-06T12:22:42.9391128Z /usr/bin/tar: ../../../../../usr/local/lib/android/sdk/platforms/android-34-ext12/data/res/values-mcc312-mnc670-ja: Cannot change mode to rwxr-xr-x: Operation not permitted
build	Cache Android SDK	2026-06-06T12:22:42.9395035Z /usr/bin/tar: ../../../../../usr/local/lib/android/sdk/platforms/android-34-ext12/data/res/values-mcc001-mnc01-gu: Cannot utime: Operation not permitted
build	Cache Android SDK	2026-06-06T12:22:42.9395514Z /usr/bin/tar: ../../../../../usr/local/lib/android/sdk/platforms/android-34-ext12/data/res/values-mcc001-mnc01-gu: Cannot change mode to rwxr-xr-x: Operation not permitted
build	Cache Android SDK	2026-06-06T12:22:42.9399885Z /usr/bin/tar: ../../../../../usr/local/lib/android/sdk/platforms/android-34-ext12/data/res/values-mcc334-mnc020-et: Cannot utime: Operation not permitted
build	Cache Android SDK	2026-06-06T12:22:42.9400720Z /usr/bin/tar: ../../../../../usr/local/lib/android/sdk/platforms/android-34-ext12/data/res/values-mcc334-mnc020-et: Cannot change mode to rwxr-xr-x: Operation not permitted
build	Cache Android SDK	2026-06-06T12:22:42.9405671Z /usr/bin/tar: ../../../../../usr/local/lib/android/sdk/platforms/android-34-ext12/data/res/values-mcc310-mnc560-am: Cannot utime: Operation not permitted
build	Cache Android SDK	2026-06-06T12:22:42.9408777Z /usr/bin/tar: ../../../../../usr/local/lib/android/sdk/platforms/android-34-ext12/data/res/values-mcc310-mnc560-am: Cannot change mode to rwxr-xr-x: Operation not permitted
build	Cache Android SDK	2026-06-06T12:22:42.9409476Z /usr/bin/tar: ../../../../../usr/local/lib/android/sdk/platforms/android-34-ext12/data/res/values-sw600dp-land: Cannot utime: Operation not permitted
build	Cache Android SDK	2026-06-06T12:22:42.9410285Z /usr/bin/tar: ../../../../../usr/local/lib/android/sdk/platforms/android-34-ext12/data/res/values-sw600dp-land: Cannot change mode to rwxr-xr-x: Operation not permitted
build	Cache Android SDK	2026-06-06T12:22:42.9412182Z /usr/bin/tar: ../../../../../usr/local/lib/android/sdk/platforms/android-34-ext12/data/res/values-mcc310-mnc950-ta: Cannot utime: Operation not permitted
build	Cache Android SDK	2026-06-06T12:22:42.9412725Z /usr/bin/tar: ../../../../../usr/local/lib/android/sdk/platforms/android-34-ext12/data/res/values-mcc310-mnc950-ta: Cannot change mode to rwxr-xr-x: Operation not permitted
build	Cache Android SDK	2026-06-06T12:22:42.9415617Z /usr/bin/tar: ../../../../../usr/local/lib/android/sdk/platforms/android-34-ext12/data/res/values-mcc310-mnc410-en-rGB: Cannot utime: Operation not permitted
build	Cache Android SDK	2026-06-06T12:22:42.9416119Z /usr/bin/tar: ../../../../../usr/local/lib/android/sdk/platforms/android-34-ext12/data/res/values-mcc310-mnc410-en-rGB: Cannot change mode to rwxr-xr-x: Operation not permitted
build	Cache Android SDK	2026-06-06T12:22:42.9428878Z /usr/bin/tar: ../../../../../usr/local/lib/android/sdk/platforms/android-34-ext12/data/res/values-mcc310-mnc230-es-rUS: Cannot utime: Operation not permitted
build	Cache Android SDK	2026-06-06T12:22:42.9429842Z /usr/bin/tar: ../../../../../usr/local/lib/android/sdk/platforms/android-34-ext12/data/res/values-mcc310-mnc230-es-rUS: Cannot change mode to rwxr-xr-x: Operation not permitted
build	Cache Android SDK	2026-06-06T12:22:42.9430583Z /usr/bin/tar: ../../../../../usr/local/lib/android/sdk/platforms/android-34-ext12/data/res/values-ar-television: Cannot utime: Operation not permitted
build	Cache Android SDK	2026-06-06T12:22:42.9431332Z /usr/bin/tar: ../../../../../usr/local/lib/android/sdk/platforms/android-34-ext12/data/res/values-ar-television: Cannot change mode to rwxr-xr-x: Operation not permitted
build	Cache Android SDK	2026-06-06T12:22:42.9432027Z /usr/bin/tar: ../../../../../usr/local/lib/android/sdk/platforms/android-34-ext12/data/res/values-mcc313-mnc100-bs: Cannot utime: Operation not permitted
build	Cache Android SDK	2026-06-06T12:22:42.9432836Z /usr/bin/tar: ../../../../../usr/local/lib/android/sdk/platforms/android-34-ext12/data/res/values-mcc313-mnc100-bs: Cannot change mode to rwxr-xr-x: Operation not permitted
build	Cache Android SDK	2026-06-06T12:22:42.9433434Z /usr/bin/tar: ../../../../../usr/local/lib/android/sdk/platforms/android-34-ext12/data/res/values-mcc310-mnc200-en-rGB: Cannot utime: Operation not permitted
build	Cache Android SDK	2026-06-06T12:22:42.9433922Z /usr/bin/tar: ../../../../../usr/local/lib/android/sdk/platforms/android-34-ext12/data/res/values-mcc310-mnc200-en-rGB: Cannot change mode to rwxr-xr-x: Operation not permitted
build	Cache Android SDK	2026-06-06T12:22:42.9434932Z /usr/bin/tar: ../../../../../usr/local/lib/android/sdk/platforms/android-34-ext12/data/res/values-mcc310-mnc950-ne: Cannot utime: Operation not permitted
build	Cache Android SDK	2026-06-06T12:22:42.9435397Z /usr/bin/tar: ../../../../../usr/local/lib/android/sdk/platforms/android-34-ext12/data/res/values-mcc310-mnc950-ne: Cannot change mode to rwxr-xr-x: Operation not permitted
build	Cache Android SDK	2026-06-06T12:22:42.9438652Z /usr/bin/tar: ../../../../../usr/local/lib/android/sdk/platforms/android-34-ext12/data/res/values-mcc310-mnc560-es: Cannot utime: Operation not permitted
build	Cache Android SDK	2026-06-06T12:22:42.9439134Z /usr/bin/tar: ../../../../../usr/local/lib/android/sdk/platforms/android-34-ext12/data/res/values-mcc310-mnc560-es: Cannot change mode to rwxr-xr-x: Operation not permitted
build	Cache Android SDK	2026-06-06T12:22:42.9441558Z /usr/bin/tar: ../../../../../usr/local/lib/android/sdk/platforms/android-34-ext12/data/res/values-mcc001-mnc01-b+sr+Latn: Cannot utime: Operation not permitted
build	Cache Android SDK	2026-06-06T12:22:42.9442055Z /usr/bin/tar: ../../../../../usr/local/lib/android/sdk/platforms/android-34-ext12/data/res/values-mcc001-mnc01-b+sr+Latn: Cannot change mode to rwxr-xr-x: Operation not permitted
build	Cache Android SDK	2026-06-06T12:22:42.9444987Z /usr/bin/tar: ../../../../../usr/local/lib/android/sdk/platforms/android-34-ext12/data/res/values-mcc310-mnc800-sk: Cannot utime: Operation not permitted
build	Cache Android SDK	2026-06-06T12:22:42.9445444Z /usr/bin/tar: ../../../../../usr/local/lib/android/sdk/platforms/android-34-ext12/data/res/values-mcc310-mnc800-sk: Cannot change mode to rwxr-xr-x: Operation not permitted
build	Cache Android SDK	2026-06-06T12:22:42.9448827Z /usr/bin/tar: ../../../../../usr/local/lib/android/sdk/platforms/android-34-ext12/data/res/values-mcc310-mnc410-ms: Cannot utime: Operation not permitted
build	Cache Android SDK	2026-06-06T12:22:42.9449471Z /usr/bin/tar: ../../../../../usr/local/lib/android/sdk/platforms/android-34-ext12/data/res/values-mcc310-mnc410-ms: Cannot change mode to rwxr-xr-x: Operation not permitted
build	Cache Android SDK	2026-06-06T12:22:42.9451615Z /usr/bin/tar: ../../../../../usr/local/lib/android/sdk/platforms/android-34-ext12/data/res/values-mcc313-mnc100-en-rIN: Cannot utime: Operation not permitted
build	Cache Android SDK	2026-06-06T12:22:42.9452103Z /usr/bin/tar: ../../../../../usr/local/lib/android/sdk/platforms/android-34-ext12/data/res/values-mcc313-mnc100-en-rIN: Cannot change mode to rwxr-xr-x: Operation not permitted
build	Cache Android SDK	2026-06-06T12:22:42.9454487Z /usr/bin/tar: ../../../../../usr/local/lib/android/sdk/platforms/android-34-ext12/data/res/values-mcc310-mnc160-mn: Cannot utime: Operation not permitted
build	Cache Android SDK	2026-06-06T12:22:42.9455031Z /usr/bin/tar: ../../../../../usr/local/lib/android/sdk/platforms/android-34-ext12/data/res/values-mcc310-mnc160-mn: Cannot change mode to rwxr-xr-x: Operation not permitted
build	Cache Android SDK	2026-06-06T12:22:42.9457871Z /usr/bin/tar: ../../../../../usr/local/lib/android/sdk/platforms/android-34-ext12/data/res/values-mcc310-mnc240-el: Cannot utime: Operation not permitted
build	Cache Android SDK	2026-06-06T12:22:42.9458339Z /usr/bin/tar: ../../../../../usr/local/lib/android/sdk/platforms/android-34-ext12/data/res/values-mcc310-mnc240-el: Cannot change mode to rwxr-xr-x: Operation not permitted
build	Cache Android SDK	2026-06-06T12:22:42.9460728Z /usr/bin/tar: ../../../../../usr/local/lib/android/sdk/platforms/android-34-ext12/data/res/values-mcc312-mnc670-ko: Cannot utime: Operation not permitted
build	Cache Android SDK	2026-06-06T12:22:42.9461194Z /usr/bin/tar: ../../../../../usr/local/lib/android/sdk/platforms/android-34-ext12/data/res/values-mcc312-mnc670-ko: Cannot change mode to rwxr-xr-x: Operation not permitted
build	Cache Android SDK	2026-06-06T12:22:42.9464018Z /usr/bin/tar: ../../../../../usr/local/lib/android/sdk/platforms/android-34-ext12/data/res/values-mcc001-mnc01-as: Cannot utime: Operation not permitted
build	Cache Android SDK	2026-06-06T12:22:42.9464485Z /usr/bin/tar: ../../../../../usr/local/lib/android/sdk/platforms/android-34-ext12/data/res/values-mcc001-mnc01-as: Cannot change mode to rwxr-xr-x: Operation not permitted
build	Cache Android SDK	2026-06-06T12:22:42.9466978Z /usr/bin/tar: ../../../../../usr/local/lib/android/sdk/platforms/android-34-ext12/data/res/values-mcc310-mnc950-en-rGB: Cannot utime: Operation not permitted
build	Cache Android SDK	2026-06-06T12:22:42.9467547Z /usr/bin/tar: ../../../../../usr/local/lib/android/sdk/platforms/android-34-ext12/data/res/values-mcc310-mnc950-en-rGB: Cannot change mode to rwxr-xr-x: Operation not permitted
build	Cache Android SDK	2026-06-06T12:22:42.9470698Z /usr/bin/tar: ../../../../../usr/local/lib/android/sdk/platforms/android-34-ext12/data/res/values-mcc310-mnc250-zh-rTW: Cannot utime: Operation not permitted
build	Cache Android SDK	2026-06-06T12:22:42.9471179Z /usr/bin/tar: ../../../../../usr/local/lib/android/sdk/platforms/android-34-ext12/data/res/values-mcc310-mnc250-zh-rTW: Cannot change mode to rwxr-xr-x: Operation not permitted
build	Cache Android SDK	2026-06-06T12:22:42.9473986Z /usr/bin/tar: ../../../../../usr/local/lib/android/sdk/platforms/android-34-ext12/data/res/values-mcc312-mnc670-bs: Cannot utime: Operation not permitted
build	Cache Android SDK	2026-06-06T12:22:42.9474457Z /usr/bin/tar: ../../../../../usr/local/lib/android/sdk/platforms/android-34-ext12/data/res/values-mcc312-mnc670-bs: Cannot change mode to rwxr-xr-x: Operation not permitted
build	Cache Android SDK	2026-06-06T12:22:42.9476847Z /usr/bin/tar: ../../../../../usr/local/lib/android/sdk/platforms/android-34-ext12/data/res/values-mcc302-mnc370-uz: Cannot utime: Operation not permitted
build	Cache Android SDK	2026-06-06T12:22:42.9477312Z /usr/bin/tar: ../../../../../usr/local/lib/android/sdk/platforms/android-34-ext12/data/res/values-mcc302-mnc370-uz: Cannot change mode to rwxr-xr-x: Operation not permitted
build	Cache Android SDK	2026-06-06T12:22:42.9480263Z /usr/bin/tar: ../../../../../usr/local/lib/android/sdk/platforms/android-34-ext12/data/res/values-mcc310-mnc220-nb: Cannot utime: Operation not permitted
build	Cache Android SDK	2026-06-06T12:22:42.9480734Z /usr/bin/tar: ../../../../../usr/local/lib/android/sdk/platforms/android-34-ext12/data/res/values-mcc310-mnc220-nb: Cannot change mode to rwxr-xr-x: Operation not permitted
build	Cache Android SDK	2026-06-06T12:22:42.9483709Z /usr/bin/tar: ../../../../../usr/local/lib/android/sdk/platforms/android-34-ext12/data/res/values-mcc310-mnc150-nb: Cannot utime: Operation not permitted
build	Cache Android SDK	2026-06-06T12:22:42.9484177Z /usr/bin/tar: ../../../../../usr/local/lib/android/sdk/platforms/android-34-ext12/data/res/values-mcc310-mnc150-nb: Cannot change mode to rwxr-xr-x: Operation not permitted
build	Cache Android SDK	2026-06-06T12:22:42.9486677Z /usr/bin/tar: ../../../../../usr/local/lib/android/sdk/platforms/android-34-ext12/data/res/values-mcc310-mnc030-et: Cannot utime: Operation not permitted
build	Cache Android SDK	2026-06-06T12:22:42.9487129Z /usr/bin/tar: ../../../../../usr/local/lib/android/sdk/platforms/android-34-ext12/data/res/values-mcc310-mnc030-et: Cannot change mode to rwxr-xr-x: Operation not permitted
build	Cache Android SDK	2026-06-06T12:22:42.9489770Z /usr/bin/tar: ../../../../../usr/local/lib/android/sdk/platforms/android-34-ext12/data/res/values-mcc310-mnc310-sr: Cannot utime: Operation not permitted
build	Cache Android SDK	2026-06-06T12:22:42.9490254Z /usr/bin/tar: ../../../../../usr/local/lib/android/sdk/platforms/android-34-ext12/data/res/values-mcc310-mnc310-sr: Cannot change mode to rwxr-xr-x: Operation not permitted
build	Cache Android SDK	2026-06-06T12:22:42.9492801Z /usr/bin/tar: ../../../../../usr/local/lib/android/sdk/platforms/android-34-ext12/data/res/values-mcc310-mnc250-ro: Cannot utime: Operation not permitted
build	Cache Android SDK	2026-06-06T12:22:42.9493259Z /usr/bin/tar: ../../../../../usr/local/lib/android/sdk/platforms/android-34-ext12/data/res/values-mcc310-mnc250-ro: Cannot change mode to rwxr-xr-x: Operation not permitted
build	Cache Android SDK	2026-06-06T12:22:42.9496214Z /usr/bin/tar: ../../../../../usr/local/lib/android/sdk/platforms/android-34-ext12/data/res/values-mcc302-mnc370-tr: Cannot utime: Operation not permitted
build	Cache Android SDK	2026-06-06T12:22:42.9496667Z /usr/bin/tar: ../../../../../usr/local/lib/android/sdk/platforms/android-34-ext12/data/res/values-mcc302-mnc370-tr: Cannot change mode to rwxr-xr-x: Operation not permitted
build	Cache Android SDK	2026-06-06T12:22:42.9499495Z /usr/bin/tar: ../../../../../usr/local/lib/android/sdk/platforms/android-34-ext12/data/res/values-mcc310-mnc200-nl: Cannot utime: Operation not permitted
build	Cache Android SDK	2026-06-06T12:22:42.9499964Z /usr/bin/tar: ../../../../../usr/local/lib/android/sdk/platforms/android-34-ext12/data/res/values-mcc310-mnc200-nl: Cannot change mode to rwxr-xr-x: Operation not permitted
build	Cache Android SDK	2026-06-06T12:22:42.9503134Z /usr/bin/tar: ../../../../../usr/local/lib/android/sdk/platforms/android-34-ext12/data/res/values-mcc310-mnc660-sw: Cannot utime: Operation not permitted
build	Cache Android SDK	2026-06-06T12:22:42.9504193Z /usr/bin/tar: ../../../../../usr/local/lib/android/sdk/platforms/android-34-ext12/data/res/values-mcc310-mnc660-sw: Cannot change mode to rwxr-xr-x: Operation not permitted
build	Cache Android SDK	2026-06-06T12:22:42.9505781Z /usr/bin/tar: ../../../../../usr/local/lib/android/sdk/platforms/android-34-ext12/data/res/values-mcc313-mnc100-sr: Cannot utime: Operation not permitted
build	Cache Android SDK	2026-06-06T12:22:42.9506252Z /usr/bin/tar: ../../../../../usr/local/lib/android/sdk/platforms/android-34-ext12/data/res/values-mcc313-mnc100-sr: Cannot change mode to rwxr-xr-x: Operation not permitted
build	Cache Android SDK	2026-06-06T12:22:42.9509766Z /usr/bin/tar: ../../../../../usr/local/lib/android/sdk/platforms/android-34-ext12/data/res/raw-da: Cannot utime: Operation not permitted
build	Cache Android SDK	2026-06-06T12:22:42.9510182Z /usr/bin/tar: ../../../../../usr/local/lib/android/sdk/platforms/android-34-ext12/data/res/raw-da: Cannot change mode to rwxr-xr-x: Operation not permitted
build	Cache Android SDK	2026-06-06T12:22:42.9513526Z /usr/bin/tar: ../../../../../usr/local/lib/android/sdk/platforms/android-34-ext12/data/res/values-mcc260: Cannot utime: Operation not permitted
build	Cache Android SDK	2026-06-06T12:22:42.9513971Z /usr/bin/tar: ../../../../../usr/local/lib/android/sdk/platforms/android-34-ext12/data/res/values-mcc260: Cannot change mode to rwxr-xr-x: Operation not permitted
build	Cache Android SDK	2026-06-06T12:22:42.9518792Z /usr/bin/tar: ../../../../../usr/local/lib/android/sdk/platforms/android-34-ext12/data/res/values-mcc310-mnc220-ja: Cannot utime: Operation not permitted
build	Cache Android SDK	2026-06-06T12:22:42.9519246Z /usr/bin/tar: ../../../../../usr/local/lib/android/sdk/platforms/android-34-ext12/data/res/values-mcc310-mnc220-ja: Cannot change mode to rwxr-xr-x: Operation not permitted
build	Cache Android SDK	2026-06-06T12:22:42.9522105Z /usr/bin/tar: ../../../../../usr/local/lib/android/sdk/platforms/android-34-ext12/data/res/values-mcc310-mnc800-en-rIN: Cannot utime: Operation not permitted
build	Cache Android SDK	2026-06-06T12:22:42.9522613Z /usr/bin/tar: ../../../../../usr/local/lib/android/sdk/platforms/android-34-ext12/data/res/values-mcc310-mnc800-en-rIN: Cannot change mode to rwxr-xr-x: Operation not permitted
build	Cache Android SDK	2026-06-06T12:22:42.9525480Z /usr/bin/tar: ../../../../../usr/local/lib/android/sdk/platforms/android-34-ext12/data/res/values-mcc310-mnc250-pt-rPT: Cannot utime: Operation not permitted
build	Cache Android SDK	2026-06-06T12:22:42.9525971Z /usr/bin/tar: ../../../../../usr/local/lib/android/sdk/platforms/android-34-ext12/data/res/values-mcc310-mnc250-pt-rPT: Cannot change mode to rwxr-xr-x: Operation not permitted
build	Cache Android SDK	2026-06-06T12:22:42.9528339Z /usr/bin/tar: ../../../../../usr/local/lib/android/sdk/platforms/android-34-ext12/data/res/values-mcc310-mnc490-ka: Cannot utime: Operation not permitted
build	Cache Android SDK	2026-06-06T12:22:42.9528806Z /usr/bin/tar: ../../../../../usr/local/lib/android/sdk/platforms/android-34-ext12/data/res/values-mcc310-mnc490-ka: Cannot change mode to rwxr-xr-x: Operation not permitted
build	Cache Android SDK	2026-06-06T12:22:42.9531407Z /usr/bin/tar: ../../../../../usr/local/lib/android/sdk/platforms/android-34-ext12/data/res/values-mcc310-mnc490-be: Cannot utime: Operation not permitted
build	Cache Android SDK	2026-06-06T12:22:42.9531868Z /usr/bin/tar: ../../../../../usr/local/lib/android/sdk/platforms/android-34-ext12/data/res/values-mcc310-mnc490-be: Cannot change mode to rwxr-xr-x: Operation not permitted
build	Cache Android SDK	2026-06-06T12:22:42.9536744Z /usr/bin/tar: ../../../../../usr/local/lib/android/sdk/platforms/android-34-ext12/data/res/values-mcc204: Cannot utime: Operation not permitted
build	Cache Android SDK	2026-06-06T12:22:42.9537185Z /usr/bin/tar: ../../../../../usr/local/lib/android/sdk/platforms/android-34-ext12/data/res/values-mcc204: Cannot change mode to rwxr-xr-x: Operation not permitted
build	Cache Android SDK	2026-06-06T12:22:42.9539590Z /usr/bin/tar: ../../../../../usr/local/lib/android/sdk/platforms/android-34-ext12/data/res/values-mcc310-mnc660-sr: Cannot utime: Operation not permitted
build	Cache Android SDK	2026-06-06T12:22:42.9540055Z /usr/bin/tar: ../../../../../usr/local/lib/android/sdk/platforms/android-34-ext12/data/res/values-mcc310-mnc660-sr: Cannot change mode to rwxr-xr-x: Operation not permitted
build	Cache Android SDK	2026-06-06T12:22:42.9542561Z /usr/bin/tar: ../../../../../usr/local/lib/android/sdk/platforms/android-34-ext12/data/res/values-mcc310-mnc220-lv: Cannot utime: Operation not permitted
build	Cache Android SDK	2026-06-06T12:22:42.9543022Z /usr/bin/tar: ../../../../../usr/local/lib/android/sdk/platforms/android-34-ext12/data/res/values-mcc310-mnc220-lv: Cannot change mode to rwxr-xr-x: Operation not permitted
build	Cache Android SDK	2026-06-06T12:22:42.9545239Z /usr/bin/tar: ../../../../../usr/local/lib/android/sdk/platforms/android-34-ext12/data/res/values-mcc310-mnc200-gl: Cannot utime: Operation not permitted
build	Cache Android SDK	2026-06-06T12:22:42.9545707Z /usr/bin/tar: ../../../../../usr/local/lib/android/sdk/platforms/android-34-ext12/data/res/values-mcc310-mnc200-gl: Cannot change mode to rwxr-xr-x: Operation not permitted
build	Cache Android SDK	2026-06-06T12:22:42.9549659Z /usr/bin/tar: ../../../../../usr/local/lib/android/sdk/platforms/android-34-ext12/data/res/values-en-rUS: Cannot utime: Operation not permitted
build	Cache Android SDK	2026-06-06T12:22:42.9550092Z /usr/bin/tar: ../../../../../usr/local/lib/android/sdk/platforms/android-34-ext12/data/res/values-en-rUS: Cannot change mode to rwxr-xr-x: Operation not permitted
build	Cache Android SDK	2026-06-06T12:22:42.9552558Z /usr/bin/tar: ../../../../../usr/local/lib/android/sdk/platforms/android-34-ext12/data/res/values-mcc310-mnc240-gu: Cannot utime: Operation not permitted
build	Cache Android SDK	2026-06-06T12:22:42.9555920Z /usr/bin/tar: ../../../../../usr/local/lib/android/sdk/platforms/android-34-ext12/data/res/values-mcc310-mnc240-gu: Cannot change mode to rwxr-xr-x: Operation not permitted
build	Cache Android SDK	2026-06-06T12:22:42.9556353Z /usr/bin/tar: ../../../../../usr/local/lib/android/sdk/platforms/android-34-ext12/data/res/values-mcc310-mnc150-es-rUS: Cannot utime: Operation not permitted
build	Cache Android SDK	2026-06-06T12:22:42.9556979Z /usr/bin/tar: ../../../../../usr/local/lib/android/sdk/platforms/android-34-ext12/data/res/values-mcc310-mnc150-es-rUS: Cannot change mode to rwxr-xr-x: Operation not permitted
build	Cache Android SDK	2026-06-06T12:22:42.9563133Z /usr/bin/tar: ../../../../../usr/local/lib/android/sdk/platforms/android-34-ext12/data/res/values-ru: Cannot utime: Operation not permitted
build	Cache Android SDK	2026-06-06T12:22:42.9563648Z /usr/bin/tar: ../../../../../usr/local/lib/android/sdk/platforms/android-34-ext12/data/res/values-ru: Cannot change mode to rwxr-xr-x: Operation not permitted
build	Cache Android SDK	2026-06-06T12:22:42.9566261Z /usr/bin/tar: ../../../../../usr/local/lib/android/sdk/platforms/android-34-ext12/data/res/values-mcc310-mnc150-ar: Cannot utime: Operation not permitted
build	Cache Android SDK	2026-06-06T12:22:42.9566949Z /usr/bin/tar: ../../../../../usr/local/lib/android/sdk/platforms/android-34-ext12/data/res/values-mcc310-mnc150-ar: Cannot change mode to rwxr-xr-x: Operation not permitted
build	Cache Android SDK	2026-06-06T12:22:42.9569158Z /usr/bin/tar: ../../../../../usr/local/lib/android/sdk/platforms/android-34-ext12/data/res/values-mcc310-mnc310-bg: Cannot utime: Operation not permitted
build	Cache Android SDK	2026-06-06T12:22:42.9569640Z /usr/bin/tar: ../../../../../usr/local/lib/android/sdk/platforms/android-34-ext12/data/res/values-mcc310-mnc310-bg: Cannot change mode to rwxr-xr-x: Operation not permitted
build	Cache Android SDK	2026-06-06T12:22:42.9572609Z /usr/bin/tar: ../../../../../usr/local/lib/android/sdk/platforms/android-34-ext12/data/res/values-ro-rRO: Cannot utime: Operation not permitted
build	Cache Android SDK	2026-06-06T12:22:42.9573065Z /usr/bin/tar: ../../../../../usr/local/lib/android/sdk/platforms/android-34-ext12/data/res/values-ro-rRO: Cannot change mode to rwxr-xr-x: Operation not permitted
build	Cache Android SDK	2026-06-06T12:22:42.9575694Z /usr/bin/tar: ../../../../../usr/local/lib/android/sdk/platforms/android-34-ext12/data/res/values-mcc302-mnc370-az: Cannot utime: Operation not permitted
build	Cache Android SDK	2026-06-06T12:22:42.9576161Z /usr/bin/tar: ../../../../../usr/local/lib/android/sdk/platforms/android-34-ext12/data/res/values-mcc302-mnc370-az: Cannot change mode to rwxr-xr-x: Operation not permitted
build	Cache Android SDK	2026-06-06T12:22:42.9581943Z /usr/bin/tar: ../../../../../usr/local/lib/android/sdk/platforms/android-34-ext12/data/res/values-hr: Cannot utime: Operation not permitted
build	Cache Android SDK	2026-06-06T12:22:42.9582380Z /usr/bin/tar: ../../../../../usr/local/lib/android/sdk/platforms/android-34-ext12/data/res/values-hr: Cannot change mode to rwxr-xr-x: Operation not permitted
build	Cache Android SDK	2026-06-06T12:22:42.9585037Z /usr/bin/tar: ../../../../../usr/local/lib/android/sdk/platforms/android-34-ext12/data/res/values-mcc310-mnc280-zh-rTW: Cannot utime: Operation not permitted
build	Cache Android SDK	2026-06-06T12:22:42.9585522Z /usr/bin/tar: ../../../../../usr/local/lib/android/sdk/platforms/android-34-ext12/data/res/values-mcc310-mnc280-zh-rTW: Cannot change mode to rwxr-xr-x: Operation not permitted
build	Cache Android SDK	2026-06-06T12:22:42.9588409Z /usr/bin/tar: ../../../../../usr/local/lib/android/sdk/platforms/android-34-ext12/data/res/values-mcc310-mnc490-pa: Cannot utime: Operation not permitted
build	Cache Android SDK	2026-06-06T12:22:42.9589560Z /usr/bin/tar: ../../../../../usr/local/lib/android/sdk/platforms/android-34-ext12/data/res/values-mcc310-mnc490-pa: Cannot change mode to rwxr-xr-x: Operation not permitted
build	Cache Android SDK	2026-06-06T12:22:42.9591927Z /usr/bin/tar: ../../../../../usr/local/lib/android/sdk/platforms/android-34-ext12/data/res/values-mcc310-mnc030-kk: Cannot utime: Operation not permitted
build	Cache Android SDK	2026-06-06T12:22:42.9592407Z /usr/bin/tar: ../../../../../usr/local/lib/android/sdk/platforms/android-34-ext12/data/res/values-mcc310-mnc030-kk: Cannot change mode to rwxr-xr-x: Operation not permitted
build	Cache Android SDK	2026-06-06T12:22:42.9594923Z /usr/bin/tar: ../../../../../usr/local/lib/android/sdk/platforms/android-34-ext12/data/res/values-mcc302-mnc720-pt-rBR: Cannot utime: Operation not permitted
build	Cache Android SDK	2026-06-06T12:22:42.9595417Z /usr/bin/tar: ../../../../../usr/local/lib/android/sdk/platforms/android-34-ext12/data/res/values-mcc302-mnc720-pt-rBR: Cannot change mode to rwxr-xr-x: Operation not permitted
build	Cache Android SDK	2026-06-06T12:22:42.9598226Z /usr/bin/tar: ../../../../../usr/local/lib/android/sdk/platforms/android-34-ext12/data/res/values-mcc310-mnc160-ka: Cannot utime: Operation not permitted
build	Cache Android SDK	2026-06-06T12:22:42.9598701Z /usr/bin/tar: ../../../../../usr/local/lib/android/sdk/platforms/android-34-ext12/data/res/values-mcc310-mnc160-ka: Cannot change mode to rwxr-xr-x: Operation not permitted
build	Cache Android SDK	2026-06-06T12:22:42.9600897Z /usr/bin/tar: ../../../../../usr/local/lib/android/sdk/platforms/android-34-ext12/data/res/values-mcc310-mnc280-am: Cannot utime: Operation not permitted
build	Cache Android SDK	2026-06-06T12:22:42.9601358Z /usr/bin/tar: ../../../../../usr/local/lib/android/sdk/platforms/android-34-ext12/data/res/values-mcc310-mnc280-am: Cannot change mode to rwxr-xr-x: Operation not permitted
build	Cache Android SDK	2026-06-06T12:22:42.9604348Z /usr/bin/tar: ../../../../../usr/local/lib/android/sdk/platforms/android-34-ext12/data/res/values-mcc310-mnc410: Cannot utime: Operation not permitted
build	Cache Android SDK	2026-06-06T12:22:42.9604986Z /usr/bin/tar: ../../../../../usr/local/lib/android/sdk/platforms/android-34-ext12/data/res/values-mcc310-mnc410: Cannot change mode to rwxr-xr-x: Operation not permitted
build	Cache Android SDK	2026-06-06T12:22:42.9608065Z /usr/bin/tar: ../../../../../usr/local/lib/android/sdk/platforms/android-34-ext12/data/res/values-mcc310-mnc950-en-rIN: Cannot utime: Operation not permitted
build	Cache Android SDK	2026-06-06T12:22:42.9608561Z /usr/bin/tar: ../../../../../usr/local/lib/android/sdk/platforms/android-34-ext12/data/res/values-mcc310-mnc950-en-rIN: Cannot change mode to rwxr-xr-x: Operation not permitted
build	Cache Android SDK	2026-06-06T12:22:42.9611411Z /usr/bin/tar: ../../../../../usr/local/lib/android/sdk/platforms/android-34-ext12/data/res/values-mcc334-mnc020-fa: Cannot utime: Operation not permitted
build	Cache Android SDK	2026-06-06T12:22:42.9611864Z /usr/bin/tar: ../../../../../usr/local/lib/android/sdk/platforms/android-34-ext12/data/res/values-mcc334-mnc020-fa: Cannot change mode to rwxr-xr-x: Operation not permitted
build	Cache Android SDK	2026-06-06T12:22:42.9614587Z /usr/bin/tar: ../../../../../usr/local/lib/android/sdk/platforms/android-34-ext12/data/res/values-mcc310-mnc240-ko: Cannot utime: Operation not permitted
build	Cache Android SDK	2026-06-06T12:22:42.9615065Z /usr/bin/tar: ../../../../../usr/local/lib/android/sdk/platforms/android-34-ext12/data/res/values-mcc310-mnc240-ko: Cannot change mode to rwxr-xr-x: Operation not permitted
build	Cache Android SDK	2026-06-06T12:22:42.9617493Z /usr/bin/tar: ../../../../../usr/local/lib/android/sdk/platforms/android-34-ext12/data/res/values-mcc310-mnc410-en-rAU: Cannot utime: Operation not permitted
build	Cache Android SDK	2026-06-06T12:22:42.9618060Z /usr/bin/tar: ../../../../../usr/local/lib/android/sdk/platforms/android-34-ext12/data/res/values-mcc310-mnc410-en-rAU: Cannot change mode to rwxr-xr-x: Operation not permitted
build	Cache Android SDK	2026-06-06T12:22:42.9620460Z /usr/bin/tar: ../../../../../usr/local/lib/android/sdk/platforms/android-34-ext12/data/res/values-mcc302-mnc370-fr: Cannot utime: Operation not permitted
build	Cache Android SDK	2026-06-06T12:22:42.9620925Z /usr/bin/tar: ../../../../../usr/local/lib/android/sdk/platforms/android-34-ext12/data/res/values-mcc302-mnc370-fr: Cannot change mode to rwxr-xr-x: Operation not permitted
build	Cache Android SDK	2026-06-06T12:22:42.9623790Z /usr/bin/tar: ../../../../../usr/local/lib/android/sdk/platforms/android-34-ext12/data/res/values-mcc310-mnc410-fr: Cannot utime: Operation not permitted
build	Cache Android SDK	2026-06-06T12:22:42.9624258Z /usr/bin/tar: ../../../../../usr/local/lib/android/sdk/platforms/android-34-ext12/data/res/values-mcc310-mnc410-fr: Cannot change mode to rwxr-xr-x: Operation not permitted
build	Cache Android SDK	2026-06-06T12:22:42.9627046Z /usr/bin/tar: ../../../../../usr/local/lib/android/sdk/platforms/android-34-ext12/data/res/values-mcc310-mnc240-ur: Cannot utime: Operation not permitted
build	Cache Android SDK	2026-06-06T12:22:42.9627729Z /usr/bin/tar: ../../../../../usr/local/lib/android/sdk/platforms/android-34-ext12/data/res/values-mcc310-mnc240-ur: Cannot change mode to rwxr-xr-x: Operation not permitted
build	Cache Android SDK	2026-06-06T12:22:42.9630336Z /usr/bin/tar: ../../../../../usr/local/lib/android/sdk/platforms/android-34-ext12/data/res/values-mcc310-mnc220-de: Cannot utime: Operation not permitted
build	Cache Android SDK	2026-06-06T12:22:42.9630799Z /usr/bin/tar: ../../../../../usr/local/lib/android/sdk/platforms/android-34-ext12/data/res/values-mcc310-mnc220-de: Cannot change mode to rwxr-xr-x: Operation not permitted
build	Cache Android SDK	2026-06-06T12:22:42.9633193Z /usr/bin/tar: ../../../../../usr/local/lib/android/sdk/platforms/android-34-ext12/data/res/values-mcc310-mnc030-en-rXC: Cannot utime: Operation not permitted
build	Cache Android SDK	2026-06-06T12:22:42.9633677Z /usr/bin/tar: ../../../../../usr/local/lib/android/sdk/platforms/android-34-ext12/data/res/values-mcc310-mnc030-en-rXC: Cannot change mode to rwxr-xr-x: Operation not permitted
build	Cache Android SDK	2026-06-06T12:22:42.9636448Z /usr/bin/tar: ../../../../../usr/local/lib/android/sdk/platforms/android-34-ext12/data/res/values-mcc001-mnc01-ko: Cannot utime: Operation not permitted
build	Cache Android SDK	2026-06-06T12:22:42.9636909Z /usr/bin/tar: ../../../../../usr/local/lib/android/sdk/platforms/android-34-ext12/data/res/values-mcc001-mnc01-ko: Cannot change mode to rwxr-xr-x: Operation not permitted
build	Cache Android SDK	2026-06-06T12:22:42.9640003Z /usr/bin/tar: ../../../../../usr/local/lib/android/sdk/platforms/android-34-ext12/data/res/values-mcc334-mnc020-gu: Cannot utime: Operation not permitted
build	Cache Android SDK	2026-06-06T12:22:42.9640464Z /usr/bin/tar: ../../../../../usr/local/lib/android/sdk/platforms/android-34-ext12/data/res/values-mcc334-mnc020-gu: Cannot change mode to rwxr-xr-x: Operation not permitted
build	Cache Android SDK	2026-06-06T12:22:42.9643155Z /usr/bin/tar: ../../../../../usr/local/lib/android/sdk/platforms/android-34-ext12/data/res/values-mcc310-mnc560-zh-rTW: Cannot utime: Operation not permitted
build	Cache Android SDK	2026-06-06T12:22:42.9643658Z /usr/bin/tar: ../../../../../usr/local/lib/android/sdk/platforms/android-34-ext12/data/res/values-mcc310-mnc560-zh-rTW: Cannot change mode to rwxr-xr-x: Operation not permitted
build	Cache Android SDK	2026-06-06T12:22:42.9646855Z /usr/bin/tar: ../../../../../usr/local/lib/android/sdk/platforms/android-34-ext12/data/res/values-mcc310-mnc280-en-rAU: Cannot utime: Operation not permitted
build	Cache Android SDK	2026-06-06T12:22:42.9647340Z /usr/bin/tar: ../../../../../usr/local/lib/android/sdk/platforms/android-34-ext12/data/res/values-mcc310-mnc280-en-rAU: Cannot change mode to rwxr-xr-x: Operation not permitted
build	Cache Android SDK	2026-06-06T12:22:42.9650075Z /usr/bin/tar: ../../../../../usr/local/lib/android/sdk/platforms/android-34-ext12/data/res/values-mcc310-mnc210-fi: Cannot utime: Operation not permitted
build	Cache Android SDK	2026-06-06T12:22:42.9650530Z /usr/bin/tar: ../../../../../usr/local/lib/android/sdk/platforms/android-34-ext12/data/res/values-mcc310-mnc210-fi: Cannot change mode to rwxr-xr-x: Operation not permitted
build	Cache Android SDK	2026-06-06T12:22:42.9653650Z /usr/bin/tar: ../../../../../usr/local/lib/android/sdk/platforms/android-34-ext12/data/res/values-mcc310-mnc170-de: Cannot utime: Operation not permitted
build	Cache Android SDK	2026-06-06T12:22:42.9654111Z /usr/bin/tar: ../../../../../usr/local/lib/android/sdk/platforms/android-34-ext12/data/res/values-mcc310-mnc170-de: Cannot change mode to rwxr-xr-x: Operation not permitted
build	Cache Android SDK	2026-06-06T12:22:42.9656989Z /usr/bin/tar: ../../../../../usr/local/lib/android/sdk/platforms/android-34-ext12/data/res/values-mcc310-mnc210-gu: Cannot utime: Operation not permitted
build	Cache Android SDK	2026-06-06T12:22:42.9657549Z /usr/bin/tar: ../../../../../usr/local/lib/android/sdk/platforms/android-34-ext12/data/res/values-mcc310-mnc210-gu: Cannot change mode to rwxr-xr-x: Operation not permitted
build	Cache Android SDK	2026-06-06T12:22:42.9660388Z /usr/bin/tar: ../../../../../usr/local/lib/android/sdk/platforms/android-34-ext12/data/res/values-mcc310-mnc660-hi: Cannot utime: Operation not permitted
build	Cache Android SDK	2026-06-06T12:22:42.9660858Z /usr/bin/tar: ../../../../../usr/local/lib/android/sdk/platforms/android-34-ext12/data/res/values-mcc310-mnc660-hi: Cannot change mode to rwxr-xr-x: Operation not permitted
build	Cache Android SDK	2026-06-06T12:22:42.9663204Z /usr/bin/tar: ../../../../../usr/local/lib/android/sdk/platforms/android-34-ext12/data/res/values-mcc310-mnc210-nl: Cannot utime: Operation not permitted
build	Cache Android SDK	2026-06-06T12:22:42.9663674Z /usr/bin/tar: ../../../../../usr/local/lib/android/sdk/platforms/android-34-ext12/data/res/values-mcc310-mnc210-nl: Cannot change mode to rwxr-xr-x: Operation not permitted
build	Cache Android SDK	2026-06-06T12:22:42.9667316Z /usr/bin/tar: ../../../../../usr/local/lib/android/sdk/platforms/android-34-ext12/data/res/values-mcc334-mnc020-am: Cannot utime: Operation not permitted
build	Cache Android SDK	2026-06-06T12:22:42.9668131Z /usr/bin/tar: ../../../../../usr/local/lib/android/sdk/platforms/android-34-ext12/data/res/values-mcc334-mnc020-am: Cannot change mode to rwxr-xr-x: Operation not permitted
build	Cache Android SDK	2026-06-06T12:22:42.9671197Z /usr/bin/tar: ../../../../../usr/local/lib/android/sdk/platforms/android-34-ext12/data/res/values-mcc334-mnc020-my: Cannot utime: Operation not permitted
build	Cache Android SDK	2026-06-06T12:22:42.9671657Z /usr/bin/tar: ../../../../../usr/local/lib/android/sdk/platforms/android-34-ext12/data/res/values-mcc334-mnc020-my: Cannot change mode to rwxr-xr-x: Operation not permitted
build	Cache Android SDK	2026-06-06T12:22:42.9674508Z /usr/bin/tar: ../../../../../usr/local/lib/android/sdk/platforms/android-34-ext12/data/res/values-mcc740-mnc00: Cannot utime: Operation not permitted
build	Cache Android SDK	2026-06-06T12:22:42.9675075Z /usr/bin/tar: ../../../../../usr/local/lib/android/sdk/platforms/android-34-ext12/data/res/values-mcc740-mnc00: Cannot change mode to rwxr-xr-x: Operation not permitted
build	Cache Android SDK	2026-06-06T12:22:42.9677971Z /usr/bin/tar: ../../../../../usr/local/lib/android/sdk/platforms/android-34-ext12/data/res/values-mcc310-mnc200-ky: Cannot utime: Operation not permitted
build	Cache Android SDK	2026-06-06T12:22:42.9678431Z /usr/bin/tar: ../../../../../usr/local/lib/android/sdk/platforms/android-34-ext12/data/res/values-mcc310-mnc200-ky: Cannot change mode to rwxr-xr-x: Operation not permitted
build	Cache Android SDK	2026-06-06T12:22:42.9681404Z /usr/bin/tar: ../../../../../usr/local/lib/android/sdk/platforms/android-34-ext12/data/res/values-mcc302-mnc370-el: Cannot utime: Operation not permitted
build	Cache Android SDK	2026-06-06T12:22:42.9682504Z /usr/bin/tar: ../../../../../usr/local/lib/android/sdk/platforms/android-34-ext12/data/res/values-mcc302-mnc370-el: Cannot change mode to rwxr-xr-x: Operation not permitted
build	Cache Android SDK	2026-06-06T12:22:42.9684814Z /usr/bin/tar: ../../../../../usr/local/lib/android/sdk/platforms/android-34-ext12/data/res/values-mcc310-mnc560-ro: Cannot utime: Operation not permitted
build	Cache Android SDK	2026-06-06T12:22:42.9685272Z /usr/bin/tar: ../../../../../usr/local/lib/android/sdk/platforms/android-34-ext12/data/res/values-mcc310-mnc560-ro: Cannot change mode to rwxr-xr-x: Operation not permitted
build	Cache Android SDK	2026-06-06T12:22:42.9687318Z /usr/bin/tar: ../../../../../usr/local/lib/android/sdk/platforms/android-34-ext12/data/res/values-mcc310-mnc150-kk: Cannot utime: Operation not permitted
build	Cache Android SDK	2026-06-06T12:22:42.9687879Z /usr/bin/tar: ../../../../../usr/local/lib/android/sdk/platforms/android-34-ext12/data/res/values-mcc310-mnc150-kk: Cannot change mode to rwxr-xr-x: Operation not permitted
build	Cache Android SDK	2026-06-06T12:22:42.9690416Z /usr/bin/tar: ../../../../../usr/local/lib/android/sdk/platforms/android-34-ext12/data/res/values-mcc334-mnc020-pt: Cannot utime: Operation not permitted
build	Cache Android SDK	2026-06-06T12:22:42.9690882Z /usr/bin/tar: ../../../../../usr/local/lib/android/sdk/platforms/android-34-ext12/data/res/values-mcc334-mnc020-pt: Cannot change mode to rwxr-xr-x: Operation not permitted
build	Cache Android SDK	2026-06-06T12:22:42.9693343Z /usr/bin/tar: ../../../../../usr/local/lib/android/sdk/platforms/android-34-ext12/data/res/values-mcc310-mnc210-en-rGB: Cannot utime: Operation not permitted
build	Cache Android SDK	2026-06-06T12:22:42.9693823Z /usr/bin/tar: ../../../../../usr/local/lib/android/sdk/platforms/android-34-ext12/data/res/values-mcc310-mnc210-en-rGB: Cannot change mode to rwxr-xr-x: Operation not permitted
build	Cache Android SDK	2026-06-06T12:22:42.9696670Z /usr/bin/tar: ../../../../../usr/local/lib/android/sdk/platforms/android-34-ext12/data/res/values-mcc302-mnc720-pt: Cannot utime: Operation not permitted
build	Cache Android SDK	2026-06-06T12:22:42.9697129Z /usr/bin/tar: ../../../../../usr/local/lib/android/sdk/platforms/android-34-ext12/data/res/values-mcc302-mnc720-pt: Cannot change mode to rwxr-xr-x: Operation not permitted
build	Cache Android SDK	2026-06-06T12:22:42.9699769Z /usr/bin/tar: ../../../../../usr/local/lib/android/sdk/platforms/android-34-ext12/data/res/values-mcc302-mnc720-zh-rCN: Cannot utime: Operation not permitted
build	Cache Android SDK	2026-06-06T12:22:42.9700255Z /usr/bin/tar: ../../../../../usr/local/lib/android/sdk/platforms/android-34-ext12/data/res/values-mcc302-mnc720-zh-rCN: Cannot change mode to rwxr-xr-x: Operation not permitted
build	Cache Android SDK	2026-06-06T12:22:42.9702865Z /usr/bin/tar: ../../../../../usr/local/lib/android/sdk/platforms/android-34-ext12/data/res/values-mcc310-mnc210-fr-rCA: Cannot utime: Operation not permitted
build	Cache Android SDK	2026-06-06T12:22:42.9703327Z /usr/bin/tar: ../../../../../usr/local/lib/android/sdk/platforms/android-34-ext12/data/res/values-mcc310-mnc210-fr-rCA: Cannot change mode to rwxr-xr-x: Operation not permitted
build	Cache Android SDK	2026-06-06T12:22:42.9705946Z /usr/bin/tar: ../../../../../usr/local/lib/android/sdk/platforms/android-34-ext12/data/res/values-mcc310-mnc270-nb: Cannot utime: Operation not permitted
build	Cache Android SDK	2026-06-06T12:22:42.9706406Z /usr/bin/tar: ../../../../../usr/local/lib/android/sdk/platforms/android-34-ext12/data/res/values-mcc310-mnc270-nb: Cannot change mode to rwxr-xr-x: Operation not permitted
build	Cache Android SDK	2026-06-06T12:22:42.9709405Z /usr/bin/tar: ../../../../../usr/local/lib/android/sdk/platforms/android-34-ext12/data/res/values-mcc334-mnc020-zu: Cannot utime: Operation not permitted
build	Cache Android SDK	2026-06-06T12:22:42.9709872Z /usr/bin/tar: ../../../../../usr/local/lib/android/sdk/platforms/android-34-ext12/data/res/values-mcc334-mnc020-zu: Cannot change mode to rwxr-xr-x: Operation not permitted
build	Cache Android SDK	2026-06-06T12:22:42.9712416Z /usr/bin/tar: ../../../../../usr/local/lib/android/sdk/platforms/android-34-ext12/data/res/values-port-mdpi: Cannot utime: Operation not permitted
build	Cache Android SDK	2026-06-06T12:22:42.9712860Z /usr/bin/tar: ../../../../../usr/local/lib/android/sdk/platforms/android-34-ext12/data/res/values-port-mdpi: Cannot change mode to rwxr-xr-x: Operation not permitted
build	Cache Android SDK	2026-06-06T12:22:42.9715285Z /usr/bin/tar: ../../../../../usr/local/lib/android/sdk/platforms/android-34-ext12/data/res/values-mcc302-mnc720-th: Cannot utime: Operation not permitted
build	Cache Android SDK	2026-06-06T12:22:42.9715745Z /usr/bin/tar: ../../../../../usr/local/lib/android/sdk/platforms/android-34-ext12/data/res/values-mcc302-mnc720-th: Cannot change mode to rwxr-xr-x: Operation not permitted
build	Cache Android SDK	2026-06-06T12:22:42.9718769Z /usr/bin/tar: ../../../../../usr/local/lib/android/sdk/platforms/android-34-ext12/data/res/values-mcc310-mnc950-ka: Cannot utime: Operation not permitted
build	Cache Android SDK	2026-06-06T12:22:42.9719244Z /usr/bin/tar: ../../../../../usr/local/lib/android/sdk/platforms/android-34-ext12/data/res/values-mcc310-mnc950-ka: Cannot change mode to rwxr-xr-x: Operation not permitted
build	Cache Android SDK	2026-06-06T12:22:42.9722322Z /usr/bin/tar: ../../../../../usr/local/lib/android/sdk/platforms/android-34-ext12/data/res/values-mcc302-mnc720-en-rGB: Cannot utime: Operation not permitted
build	Cache Android SDK	2026-06-06T12:22:42.9722811Z /usr/bin/tar: ../../../../../usr/local/lib/android/sdk/platforms/android-34-ext12/data/res/values-mcc302-mnc720-en-rGB: Cannot change mode to rwxr-xr-x: Operation not permitted
build	Cache Android SDK	2026-06-06T12:22:42.9725840Z /usr/bin/tar: ../../../../../usr/local/lib/android/sdk/platforms/android-34-ext12/data/res/values-mcc310-mnc250-az: Cannot utime: Operation not permitted
build	Cache Android SDK	2026-06-06T12:22:42.9726308Z /usr/bin/tar: ../../../../../usr/local/lib/android/sdk/platforms/android-34-ext12/data/res/values-mcc310-mnc250-az: Cannot change mode to rwxr-xr-x: Operation not permitted
build	Cache Android SDK	2026-06-06T12:22:42.9729204Z /usr/bin/tar: ../../../../../usr/local/lib/android/sdk/platforms/android-34-ext12/data/res/values-mcc310-mnc200-be: Cannot utime: Operation not permitted
build	Cache Android SDK	2026-06-06T12:22:42.9729670Z /usr/bin/tar: ../../../../../usr/local/lib/android/sdk/platforms/android-34-ext12/data/res/values-mcc310-mnc200-be: Cannot change mode to rwxr-xr-x: Operation not permitted
build	Cache Android SDK	2026-06-06T12:22:42.9732463Z /usr/bin/tar: ../../../../../usr/local/lib/android/sdk/platforms/android-34-ext12/data/res/values-zu-rZA: Cannot utime: Operation not permitted
build	Cache Android SDK	2026-06-06T12:22:42.9735828Z /usr/bin/tar: ../../../../../usr/local/lib/android/sdk/platforms/android-34-ext12/data/res/values-zu-rZA: Cannot change mode to rwxr-xr-x: Operation not permitted
build	Cache Android SDK	2026-06-06T12:22:42.9736223Z /usr/bin/tar: ../../../../../usr/local/lib/android/sdk/platforms/android-34-ext12/data/res/values-ka-watch: Cannot utime: Operation not permitted
build	Cache Android SDK	2026-06-06T12:22:42.9736653Z /usr/bin/tar: ../../../../../usr/local/lib/android/sdk/platforms/android-34-ext12/data/res/values-ka-watch: Cannot change mode to rwxr-xr-x: Operation not permitted
build	Cache Android SDK	2026-06-06T12:22:42.9738848Z /usr/bin/tar: ../../../../../usr/local/lib/android/sdk/platforms/android-34-ext12/data/res/values-mcc310-mnc490-ms: Cannot utime: Operation not permitted
build	Cache Android SDK	2026-06-06T12:22:42.9739305Z /usr/bin/tar: ../../../../../usr/local/lib/android/sdk/platforms/android-34-ext12/data/res/values-mcc310-mnc490-ms: Cannot change mode to rwxr-xr-x: Operation not permitted
build	Cache Android SDK	2026-06-06T12:22:42.9742352Z /usr/bin/tar: ../../../../../usr/local/lib/android/sdk/platforms/android-34-ext12/data/res/values-mcc310-mnc310-pl: Cannot utime: Operation not permitted
build	Cache Android SDK	2026-06-06T12:22:42.9742822Z /usr/bin/tar: ../../../../../usr/local/lib/android/sdk/platforms/android-34-ext12/data/res/values-mcc310-mnc310-pl: Cannot change mode to rwxr-xr-x: Operation not permitted
build	Cache Android SDK	2026-06-06T12:22:42.9750310Z /usr/bin/tar: ../../../../../usr/local/lib/android/sdk/platforms/android-34-ext12/data/res/values-hi: Cannot utime: Operation not permitted
build	Cache Android SDK	2026-06-06T12:22:42.9750972Z /usr/bin/tar: ../../../../../usr/local/lib/android/sdk/platforms/android-34-ext12/data/res/values-hi: Cannot change mode to rwxr-xr-x: Operation not permitted
build	Cache Android SDK	2026-06-06T12:22:42.9752935Z /usr/bin/tar: ../../../../../usr/local/lib/android/sdk/platforms/android-34-ext12/data/res/values-mcc310-mnc200-zu: Cannot utime: Operation not permitted
build	Cache Android SDK	2026-06-06T12:22:42.9753413Z /usr/bin/tar: ../../../../../usr/local/lib/android/sdk/platforms/android-34-ext12/data/res/values-mcc310-mnc200-zu: Cannot change mode to rwxr-xr-x: Operation not permitted
build	Cache Android SDK	2026-06-06T12:22:42.9755776Z /usr/bin/tar: ../../../../../usr/local/lib/android/sdk/platforms/android-34-ext12/data/res/values-mcc310-mnc410-mr: Cannot utime: Operation not permitted
build	Cache Android SDK	2026-06-06T12:22:42.9756251Z /usr/bin/tar: ../../../../../usr/local/lib/android/sdk/platforms/android-34-ext12/data/res/values-mcc310-mnc410-mr: Cannot change mode to rwxr-xr-x: Operation not permitted
build	Cache Android SDK	2026-06-06T12:22:42.9759164Z /usr/bin/tar: ../../../../../usr/local/lib/android/sdk/platforms/android-34-ext12/data/res/values-mcc310-mnc210-mr: Cannot utime: Operation not permitted
build	Cache Android SDK	2026-06-06T12:22:42.9759620Z /usr/bin/tar: ../../../../../usr/local/lib/android/sdk/platforms/android-34-ext12/data/res/values-mcc310-mnc210-mr: Cannot change mode to rwxr-xr-x: Operation not permitted
build	Cache Android SDK	2026-06-06T12:22:42.9762477Z /usr/bin/tar: ../../../../../usr/local/lib/android/sdk/platforms/android-34-ext12/data/res/values-mcc310-mnc150-si: Cannot utime: Operation not permitted
build	Cache Android SDK	2026-06-06T12:22:42.9762943Z /usr/bin/tar: ../../../../../usr/local/lib/android/sdk/platforms/android-34-ext12/data/res/values-mcc310-mnc150-si: Cannot change mode to rwxr-xr-x: Operation not permitted
build	Cache Android SDK	2026-06-06T12:22:42.9765424Z /usr/bin/tar: ../../../../../usr/local/lib/android/sdk/platforms/android-34-ext12/data/res/values-mcc310-mnc240-et: Cannot utime: Operation not permitted
build	Cache Android SDK	2026-06-06T12:22:42.9765888Z /usr/bin/tar: ../../../../../usr/local/lib/android/sdk/platforms/android-34-ext12/data/res/values-mcc310-mnc240-et: Cannot change mode to rwxr-xr-x: Operation not permitted
build	Cache Android SDK	2026-06-06T12:22:42.9770424Z /usr/bin/tar: ../../../../../usr/local/lib/android/sdk/platforms/android-34-ext12/data/res/values-mcc310-mnc380-kk: Cannot utime: Operation not permitted
build	Cache Android SDK	2026-06-06T12:22:42.9770901Z /usr/bin/tar: ../../../../../usr/local/lib/android/sdk/platforms/android-34-ext12/data/res/values-mcc310-mnc380-kk: Cannot change mode to rwxr-xr-x: Operation not permitted
build	Cache Android SDK	2026-06-06T12:22:42.9772139Z /usr/bin/tar: ../../../../../usr/local/lib/android/sdk/platforms/android-34-ext12/data/res/values-mcc310-mnc280-kk: Cannot utime: Operation not permitted
build	Cache Android SDK	2026-06-06T12:22:42.9772606Z /usr/bin/tar: ../../../../../usr/local/lib/android/sdk/platforms/android-34-ext12/data/res/values-mcc310-mnc280-kk: Cannot change mode to rwxr-xr-x: Operation not permitted
build	Cache Android SDK	2026-06-06T12:22:42.9775588Z /usr/bin/tar: ../../../../../usr/local/lib/android/sdk/platforms/android-34-ext12/data/res/values-mcc310-mnc160-sq: Cannot utime: Operation not permitted
build	Cache Android SDK	2026-06-06T12:22:42.9776224Z /usr/bin/tar: ../../../../../usr/local/lib/android/sdk/platforms/android-34-ext12/data/res/values-mcc310-mnc160-sq: Cannot change mode to rwxr-xr-x: Operation not permitted
build	Cache Android SDK	2026-06-06T12:22:42.9778834Z /usr/bin/tar: ../../../../../usr/local/lib/android/sdk/platforms/android-34-ext12/data/res/values-mcc334-mnc020-kn: Cannot utime: Operation not permitted
build	Cache Android SDK	2026-06-06T12:22:42.9779290Z /usr/bin/tar: ../../../../../usr/local/lib/android/sdk/platforms/android-34-ext12/data/res/values-mcc334-mnc020-kn: Cannot change mode to rwxr-xr-x: Operation not permitted
build	Cache Android SDK	2026-06-06T12:22:42.9781878Z /usr/bin/tar: ../../../../../usr/local/lib/android/sdk/platforms/android-34-ext12/data/res/values-mcc312-mnc530: Cannot utime: Operation not permitted
build	Cache Android SDK	2026-06-06T12:22:42.9782445Z /usr/bin/tar: ../../../../../usr/local/lib/android/sdk/platforms/android-34-ext12/data/res/values-mcc312-mnc530: Cannot change mode to rwxr-xr-x: Operation not permitted
build	Cache Android SDK	2026-06-06T12:22:42.9785149Z /usr/bin/tar: ../../../../../usr/local/lib/android/sdk/platforms/android-34-ext12/data/res/values-mcc310-mnc270-vi: Cannot utime: Operation not permitted
build	Cache Android SDK	2026-06-06T12:22:42.9785608Z /usr/bin/tar: ../../../../../usr/local/lib/android/sdk/platforms/android-34-ext12/data/res/values-mcc310-mnc270-vi: Cannot change mode to rwxr-xr-x: Operation not permitted
build	Cache Android SDK	2026-06-06T12:22:42.9791850Z /usr/bin/tar: ../../../../../usr/local/lib/android/sdk/platforms/android-34-ext12/data/res/values-ne: Cannot utime: Operation not permitted
build	Cache Android SDK	2026-06-06T12:22:42.9792909Z /usr/bin/tar: ../../../../../usr/local/lib/android/sdk/platforms/android-34-ext12/data/res/values-ne: Cannot change mode to rwxr-xr-x: Operation not permitted
build	Cache Android SDK	2026-06-06T12:22:42.9794977Z /usr/bin/tar: ../../../../../usr/local/lib/android/sdk/platforms/android-34-ext12/data/res/values-mcc310-mnc250-et: Cannot utime: Operation not permitted
build	Cache Android SDK	2026-06-06T12:22:42.9795459Z /usr/bin/tar: ../../../../../usr/local/lib/android/sdk/platforms/android-34-ext12/data/res/values-mcc310-mnc250-et: Cannot change mode to rwxr-xr-x: Operation not permitted
build	Cache Android SDK	2026-06-06T12:22:42.9798199Z /usr/bin/tar: ../../../../../usr/local/lib/android/sdk/platforms/android-34-ext12/data/res/values-es-rSV: Cannot utime: Operation not permitted
build	Cache Android SDK	2026-06-06T12:22:42.9798646Z /usr/bin/tar: ../../../../../usr/local/lib/android/sdk/platforms/android-34-ext12/data/res/values-es-rSV: Cannot change mode to rwxr-xr-x: Operation not permitted
build	Cache Android SDK	2026-06-06T12:22:42.9801790Z /usr/bin/tar: ../../../../../usr/local/lib/android/sdk/platforms/android-34-ext12/data/res/values-mcc310-mnc220-pl: Cannot utime: Operation not permitted
build	Cache Android SDK	2026-06-06T12:22:42.9802294Z /usr/bin/tar: ../../../../../usr/local/lib/android/sdk/platforms/android-34-ext12/data/res/values-mcc310-mnc220-pl: Cannot change mode to rwxr-xr-x: Operation not permitted
build	Cache Android SDK	2026-06-06T12:22:42.9804651Z /usr/bin/tar: ../../../../../usr/local/lib/android/sdk/platforms/android-34-ext12/data/res/values-mcc302-mnc720-az: Cannot utime: Operation not permitted
build	Cache Android SDK	2026-06-06T12:22:42.9805233Z /usr/bin/tar: ../../../../../usr/local/lib/android/sdk/platforms/android-34-ext12/data/res/values-mcc302-mnc720-az: Cannot change mode to rwxr-xr-x: Operation not permitted
build	Cache Android SDK	2026-06-06T12:22:42.9808143Z /usr/bin/tar: ../../../../../usr/local/lib/android/sdk/platforms/android-34-ext12/data/res/values-mcc415-mnc01: Cannot utime: Operation not permitted
build	Cache Android SDK	2026-06-06T12:22:42.9808601Z /usr/bin/tar: ../../../../../usr/local/lib/android/sdk/platforms/android-34-ext12/data/res/values-mcc415-mnc01: Cannot change mode to rwxr-xr-x: Operation not permitted
build	Cache Android SDK	2026-06-06T12:22:42.9811014Z /usr/bin/tar: ../../../../../usr/local/lib/android/sdk/platforms/android-34-ext12/data/res/values-mcc310-mnc250-de: Cannot utime: Operation not permitted
build	Cache Android SDK	2026-06-06T12:22:42.9811473Z /usr/bin/tar: ../../../../../usr/local/lib/android/sdk/platforms/android-34-ext12/data/res/values-mcc310-mnc250-de: Cannot change mode to rwxr-xr-x: Operation not permitted
build	Cache Android SDK	2026-06-06T12:22:42.9814531Z /usr/bin/tar: ../../../../../usr/local/lib/android/sdk/platforms/android-34-ext12/data/res/values-mcc310-mnc220-am: Cannot utime: Operation not permitted
build	Cache Android SDK	2026-06-06T12:22:42.9815144Z /usr/bin/tar: ../../../../../usr/local/lib/android/sdk/platforms/android-34-ext12/data/res/values-mcc310-mnc220-am: Cannot change mode to rwxr-xr-x: Operation not permitted
build	Cache Android SDK	2026-06-06T12:22:42.9817743Z /usr/bin/tar: ../../../../../usr/local/lib/android/sdk/platforms/android-34-ext12/data/res/values-mcc302-mnc370-tl: Cannot utime: Operation not permitted
build	Cache Android SDK	2026-06-06T12:22:42.9818211Z /usr/bin/tar: ../../../../../usr/local/lib/android/sdk/platforms/android-34-ext12/data/res/values-mcc302-mnc370-tl: Cannot change mode to rwxr-xr-x: Operation not permitted
build	Cache Android SDK	2026-06-06T12:22:42.9821079Z /usr/bin/tar: ../../../../../usr/local/lib/android/sdk/platforms/android-34-ext12/data/res/values-mcc310-mnc210-bg: Cannot utime: Operation not permitted
build	Cache Android SDK	2026-06-06T12:22:42.9821640Z /usr/bin/tar: ../../../../../usr/local/lib/android/sdk/platforms/android-34-ext12/data/res/values-mcc310-mnc210-bg: Cannot change mode to rwxr-xr-x: Operation not permitted
build	Cache Android SDK	2026-06-06T12:22:42.9824091Z /usr/bin/tar: ../../../../../usr/local/lib/android/sdk/platforms/android-34-ext12/data/res/values-mcc302-mnc370-zh-rHK: Cannot utime: Operation not permitted
build	Cache Android SDK	2026-06-06T12:22:42.9824566Z /usr/bin/tar: ../../../../../usr/local/lib/android/sdk/platforms/android-34-ext12/data/res/values-mcc302-mnc370-zh-rHK: Cannot change mode to rwxr-xr-x: Operation not permitted
build	Cache Android SDK	2026-06-06T12:22:42.9827901Z /usr/bin/tar: ../../../../../usr/local/lib/android/sdk/platforms/android-34-ext12/data/res/values-ar-rEG: Cannot utime: Operation not permitted
build	Cache Android SDK	2026-06-06T12:22:42.9828341Z /usr/bin/tar: ../../../../../usr/local/lib/android/sdk/platforms/android-34-ext12/data/res/values-ar-rEG: Cannot change mode to rwxr-xr-x: Operation not permitted
build	Cache Android SDK	2026-06-06T12:22:42.9831975Z /usr/bin/tar: ../../../../../usr/local/lib/android/sdk/platforms/android-34-ext12/data/res/values-mcc310-mnc310-uz: Cannot utime: Operation not permitted
build	Cache Android SDK	2026-06-06T12:22:42.9832443Z /usr/bin/tar: ../../../../../usr/local/lib/android/sdk/platforms/android-34-ext12/data/res/values-mcc310-mnc310-uz: Cannot change mode to rwxr-xr-x: Operation not permitted
build	Cache Android SDK	2026-06-06T12:22:42.9834762Z /usr/bin/tar: ../../../../../usr/local/lib/android/sdk/platforms/android-34-ext12/data/res/values-mcc310-mnc800-it: Cannot utime: Operation not permitted
build	Cache Android SDK	2026-06-06T12:22:42.9835217Z /usr/bin/tar: ../../../../../usr/local/lib/android/sdk/platforms/android-34-ext12/data/res/values-mcc310-mnc800-it: Cannot change mode to rwxr-xr-x: Operation not permitted
build	Cache Android SDK	2026-06-06T12:22:42.9838099Z /usr/bin/tar: ../../../../../usr/local/lib/android/sdk/platforms/android-34-ext12/data/res/values-mcc310-mnc410-kk: Cannot utime: Operation not permitted
build	Cache Android SDK	2026-06-06T12:22:42.9838572Z /usr/bin/tar: ../../../../../usr/local/lib/android/sdk/platforms/android-34-ext12/data/res/values-mcc310-mnc410-kk: Cannot change mode to rwxr-xr-x: Operation not permitted
build	Cache Android SDK	2026-06-06T12:22:42.9841619Z /usr/bin/tar: ../../../../../usr/local/lib/android/sdk/platforms/android-34-ext12/data/res/values-mcc310-mnc950-eu: Cannot utime: Operation not permitted
build	Cache Android SDK	2026-06-06T12:22:42.9842090Z /usr/bin/tar: ../../../../../usr/local/lib/android/sdk/platforms/android-34-ext12/data/res/values-mcc310-mnc950-eu: Cannot change mode to rwxr-xr-x: Operation not permitted
build	Cache Android SDK	2026-06-06T12:22:42.9844824Z /usr/bin/tar: ../../../../../usr/local/lib/android/sdk/platforms/android-34-ext12/data/res/values-mcc302-mnc720-af: Cannot utime: Operation not permitted
build	Cache Android SDK	2026-06-06T12:22:42.9845280Z /usr/bin/tar: ../../../../../usr/local/lib/android/sdk/platforms/android-34-ext12/data/res/values-mcc302-mnc720-af: Cannot change mode to rwxr-xr-x: Operation not permitted
build	Cache Android SDK	2026-06-06T12:22:42.9849020Z /usr/bin/tar: ../../../../../usr/local/lib/android/sdk/platforms/android-34-ext12/data/res/values-mcc334-mnc020-es: Cannot utime: Operation not permitted
build	Cache Android SDK	2026-06-06T12:22:42.9849487Z /usr/bin/tar: ../../../../../usr/local/lib/android/sdk/platforms/android-34-ext12/data/res/values-mcc334-mnc020-es: Cannot change mode to rwxr-xr-x: Operation not permitted
build	Cache Android SDK	2026-06-06T12:22:42.9851924Z /usr/bin/tar: ../../../../../usr/local/lib/android/sdk/platforms/android-34-ext12/data/res/values-mcc310-mnc410-be: Cannot utime: Operation not permitted
build	Cache Android SDK	2026-06-06T12:22:42.9852387Z /usr/bin/tar: ../../../../../usr/local/lib/android/sdk/platforms/android-34-ext12/data/res/values-mcc310-mnc410-be: Cannot change mode to rwxr-xr-x: Operation not permitted
build	Cache Android SDK	2026-06-06T12:22:42.9857057Z /usr/bin/tar: ../../../../../usr/local/lib/android/sdk/platforms/android-34-ext12/data/res/values-mcc310-mnc030-am: Cannot utime: Operation not permitted
build	Cache Android SDK	2026-06-06T12:22:42.9857711Z /usr/bin/tar: ../../../../../usr/local/lib/android/sdk/platforms/android-34-ext12/data/res/values-mcc310-mnc030-am: Cannot change mode to rwxr-xr-x: Operation not permitted
build	Cache Android SDK	2026-06-06T12:22:42.9862979Z /usr/bin/tar: ../../../../../usr/local/lib/android/sdk/platforms/android-34-ext12/data/res/values-sq: Cannot utime: Operation not permitted
build	Cache Android SDK	2026-06-06T12:22:42.9863990Z /usr/bin/tar: ../../../../../usr/local/lib/android/sdk/platforms/android-34-ext12/data/res/values-sq: Cannot change mode to rwxr-xr-x: Operation not permitted
build	Cache Android SDK	2026-06-06T12:22:42.9866075Z /usr/bin/tar: ../../../../../usr/local/lib/android/sdk/platforms/android-34-ext12/data/res/values-mcc310-mnc380-bs: Cannot utime: Operation not permitted
build	Cache Android SDK	2026-06-06T12:22:42.9866545Z /usr/bin/tar: ../../../../../usr/local/lib/android/sdk/platforms/android-34-ext12/data/res/values-mcc310-mnc380-bs: Cannot change mode to rwxr-xr-x: Operation not permitted
build	Cache Android SDK	2026-06-06T12:22:42.9869293Z /usr/bin/tar: ../../../../../usr/local/lib/android/sdk/platforms/android-34-ext12/data/res/values-mcc310-mnc660-te: Cannot utime: Operation not permitted
build	Cache Android SDK	2026-06-06T12:22:42.9869758Z /usr/bin/tar: ../../../../../usr/local/lib/android/sdk/platforms/android-34-ext12/data/res/values-mcc310-mnc660-te: Cannot change mode to rwxr-xr-x: Operation not permitted
build	Cache Android SDK	2026-06-06T12:22:42.9872382Z /usr/bin/tar: ../../../../../usr/local/lib/android/sdk/platforms/android-34-ext12/data/res/values-mcc310-mnc950-es: Cannot utime: Operation not permitted
build	Cache Android SDK	2026-06-06T12:22:42.9872844Z /usr/bin/tar: ../../../../../usr/local/lib/android/sdk/platforms/android-34-ext12/data/res/values-mcc310-mnc950-es: Cannot change mode to rwxr-xr-x: Operation not permitted
build	Cache Android SDK	2026-06-06T12:22:42.9876333Z /usr/bin/tar: ../../../../../usr/local/lib/android/sdk/platforms/android-34-ext12/data/res/xml-land: Cannot utime: Operation not permitted
build	Cache Android SDK	2026-06-06T12:22:42.9876766Z /usr/bin/tar: ../../../../../usr/local/lib/android/sdk/platforms/android-34-ext12/data/res/xml-land: Cannot change mode to rwxr-xr-x: Operation not permitted
build	Cache Android SDK	2026-06-06T12:22:42.9879490Z /usr/bin/tar: ../../../../../usr/local/lib/android/sdk/platforms/android-34-ext12/data/res/values-w225dp: Cannot utime: Operation not permitted
build	Cache Android SDK	2026-06-06T12:22:42.9879935Z /usr/bin/tar: ../../../../../usr/local/lib/android/sdk/platforms/android-34-ext12/data/res/values-w225dp: Cannot change mode to rwxr-xr-x: Operation not permitted
build	Cache Android SDK	2026-06-06T12:22:42.9882571Z /usr/bin/tar: ../../../../../usr/local/lib/android/sdk/platforms/android-34-ext12/data/res/values-mcc311-mnc180-pt-rPT: Cannot utime: Operation not permitted
build	Cache Android SDK	2026-06-06T12:22:42.9883052Z /usr/bin/tar: ../../../../../usr/local/lib/android/sdk/platforms/android-34-ext12/data/res/values-mcc311-mnc180-pt-rPT: Cannot change mode to rwxr-xr-x: Operation not permitted
build	Cache Android SDK	2026-06-06T12:22:42.9885554Z /usr/bin/tar: ../../../../../usr/local/lib/android/sdk/platforms/android-34-ext12/data/res/values-mcc310-mnc490-de: Cannot utime: Operation not permitted
build	Cache Android SDK	2026-06-06T12:22:42.9886011Z /usr/bin/tar: ../../../../../usr/local/lib/android/sdk/platforms/android-34-ext12/data/res/values-mcc310-mnc490-de: Cannot change mode to rwxr-xr-x: Operation not permitted
build	Cache Android SDK	2026-06-06T12:22:42.9888637Z /usr/bin/tar: ../../../../../usr/local/lib/android/sdk/platforms/android-34-ext12/data/res/values-mcc310-mnc150-sk: Cannot utime: Operation not permitted
build	Cache Android SDK	2026-06-06T12:22:42.9889225Z /usr/bin/tar: ../../../../../usr/local/lib/android/sdk/platforms/android-34-ext12/data/res/values-mcc310-mnc150-sk: Cannot change mode to rwxr-xr-x: Operation not permitted
build	Cache Android SDK	2026-06-06T12:22:42.9891700Z /usr/bin/tar: ../../../../../usr/local/lib/android/sdk/platforms/android-34-ext12/data/res/values-mcc310-mnc950-hy: Cannot utime: Operation not permitted
build	Cache Android SDK	2026-06-06T12:22:42.9892160Z /usr/bin/tar: ../../../../../usr/local/lib/android/sdk/platforms/android-34-ext12/data/res/values-mcc310-mnc950-hy: Cannot change mode to rwxr-xr-x: Operation not permitted
build	Cache Android SDK	2026-06-06T12:22:42.9894903Z /usr/bin/tar: ../../../../../usr/local/lib/android/sdk/platforms/android-34-ext12/data/res/values-am-rET: Cannot utime: Operation not permitted
build	Cache Android SDK	2026-06-06T12:22:42.9895341Z /usr/bin/tar: ../../../../../usr/local/lib/android/sdk/platforms/android-34-ext12/data/res/values-am-rET: Cannot change mode to rwxr-xr-x: Operation not permitted
build	Cache Android SDK	2026-06-06T12:22:42.9897976Z /usr/bin/tar: ../../../../../usr/local/lib/android/sdk/platforms/android-34-ext12/data/res/values-mcc310-mnc030-zh-rCN: Cannot utime: Operation not permitted
build	Cache Android SDK	2026-06-06T12:22:42.9898457Z /usr/bin/tar: ../../../../../usr/local/lib/android/sdk/platforms/android-34-ext12/data/res/values-mcc310-mnc030-zh-rCN: Cannot change mode to rwxr-xr-x: Operation not permitted
build	Cache Android SDK	2026-06-06T12:22:42.9901263Z /usr/bin/tar: ../../../../../usr/local/lib/android/sdk/platforms/android-34-ext12/data/res/raw-tr: Cannot utime: Operation not permitted
build	Cache Android SDK	2026-06-06T12:22:42.9901670Z /usr/bin/tar: ../../../../../usr/local/lib/android/sdk/platforms/android-34-ext12/data/res/raw-tr: Cannot change mode to rwxr-xr-x: Operation not permitted
build	Cache Android SDK	2026-06-06T12:22:42.9904175Z /usr/bin/tar: ../../../../../usr/local/lib/android/sdk/platforms/android-34-ext12/data/res/values-mcc310-mnc230-lo: Cannot utime: Operation not permitted
build	Cache Android SDK	2026-06-06T12:22:42.9904644Z /usr/bin/tar: ../../../../../usr/local/lib/android/sdk/platforms/android-34-ext12/data/res/values-mcc310-mnc230-lo: Cannot change mode to rwxr-xr-x: Operation not permitted
build	Cache Android SDK	2026-06-06T12:22:42.9907089Z /usr/bin/tar: ../../../../../usr/local/lib/android/sdk/platforms/android-34-ext12/data/res/values-mcc310-mnc240-kk: Cannot utime: Operation not permitted
build	Cache Android SDK	2026-06-06T12:22:42.9907712Z /usr/bin/tar: ../../../../../usr/local/lib/android/sdk/platforms/android-34-ext12/data/res/values-mcc310-mnc240-kk: Cannot change mode to rwxr-xr-x: Operation not permitted
build	Cache Android SDK	2026-06-06T12:22:42.9909727Z /usr/bin/tar: ../../../../../usr/local/lib/android/sdk/platforms/android-34-ext12/data/res/values-mcc312-mnc670-ru: Cannot utime: Operation not permitted
build	Cache Android SDK	2026-06-06T12:22:42.9910176Z /usr/bin/tar: ../../../../../usr/local/lib/android/sdk/platforms/android-34-ext12/data/res/values-mcc312-mnc670-ru: Cannot change mode to rwxr-xr-x: Operation not permitted
build	Cache Android SDK	2026-06-06T12:22:42.9912931Z /usr/bin/tar: ../../../../../usr/local/lib/android/sdk/platforms/android-34-ext12/data/res/values-mcc310-mnc210-ky: Cannot utime: Operation not permitted
build	Cache Android SDK	2026-06-06T12:22:42.9913399Z /usr/bin/tar: ../../../../../usr/local/lib/android/sdk/platforms/android-34-ext12/data/res/values-mcc310-mnc210-ky: Cannot change mode to rwxr-xr-x: Operation not permitted
build	Cache Android SDK	2026-06-06T12:22:42.9919501Z /usr/bin/tar: ../../../../../usr/local/lib/android/sdk/platforms/android-34-ext12/data/res/values-en-rAU: Cannot utime: Operation not permitted
build	Cache Android SDK	2026-06-06T12:22:42.9919955Z /usr/bin/tar: ../../../../../usr/local/lib/android/sdk/platforms/android-34-ext12/data/res/values-en-rAU: Cannot change mode to rwxr-xr-x: Operation not permitted
build	Cache Android SDK	2026-06-06T12:22:42.9922160Z /usr/bin/tar: ../../../../../usr/local/lib/android/sdk/platforms/android-34-ext12/data/res/values-mcc310-mnc230-hy: Cannot utime: Operation not permitted
build	Cache Android SDK	2026-06-06T12:22:42.9922613Z /usr/bin/tar: ../../../../../usr/local/lib/android/sdk/platforms/android-34-ext12/data/res/values-mcc310-mnc230-hy: Cannot change mode to rwxr-xr-x: Operation not permitted
build	Cache Android SDK	2026-06-06T12:22:42.9925570Z /usr/bin/tar: ../../../../../usr/local/lib/android/sdk/platforms/android-34-ext12/data/res/values-mcc310-mnc150-en-rXC: Cannot utime: Operation not permitted
build	Cache Android SDK	2026-06-06T12:22:42.9926253Z /usr/bin/tar: ../../../../../usr/local/lib/android/sdk/platforms/android-34-ext12/data/res/values-mcc310-mnc150-en-rXC: Cannot change mode to rwxr-xr-x: Operation not permitted
build	Cache Android SDK	2026-06-06T12:22:42.9931483Z /usr/bin/tar: ../../../../../usr/local/lib/android/sdk/platforms/android-34-ext12/data/res/values-zh-rHK: Cannot utime: Operation not permitted
build	Cache Android SDK	2026-06-06T12:22:42.9932509Z /usr/bin/tar: ../../../../../usr/local/lib/android/sdk/platforms/android-34-ext12/data/res/values-zh-rHK: Cannot change mode to rwxr-xr-x: Operation not permitted
build	Cache Android SDK	2026-06-06T12:22:42.9934766Z /usr/bin/tar: ../../../../../usr/local/lib/android/sdk/platforms/android-34-ext12/data/res/values-en-rIN-watch: Cannot utime: Operation not permitted
build	Cache Android SDK	2026-06-06T12:22:42.9935241Z /usr/bin/tar: ../../../../../usr/local/lib/android/sdk/platforms/android-34-ext12/data/res/values-en-rIN-watch: Cannot change mode to rwxr-xr-x: Operation not permitted
build	Cache Android SDK	2026-06-06T12:22:42.9937960Z /usr/bin/tar: ../../../../../usr/local/lib/android/sdk/platforms/android-34-ext12/data/res/values-mcc312-mnc670-am: Cannot utime: Operation not permitted
build	Cache Android SDK	2026-06-06T12:22:42.9938434Z /usr/bin/tar: ../../../../../usr/local/lib/android/sdk/platforms/android-34-ext12/data/res/values-mcc312-mnc670-am: Cannot change mode to rwxr-xr-x: Operation not permitted
build	Cache Android SDK	2026-06-06T12:22:42.9941064Z /usr/bin/tar: ../../../../../usr/local/lib/android/sdk/platforms/android-34-ext12/data/res/values-mcc310-mnc660-el: Cannot utime: Operation not permitted
build	Cache Android SDK	2026-06-06T12:22:42.9941528Z /usr/bin/tar: ../../../../../usr/local/lib/android/sdk/platforms/android-34-ext12/data/res/values-mcc310-mnc660-el: Cannot change mode to rwxr-xr-x: Operation not permitted
build	Cache Android SDK	2026-06-06T12:22:42.9943991Z /usr/bin/tar: ../../../../../usr/local/lib/android/sdk/platforms/android-34-ext12/data/res/values-mcc310-mnc310-vi: Cannot utime: Operation not permitted
build	Cache Android SDK	2026-06-06T12:22:42.9944460Z /usr/bin/tar: ../../../../../usr/local/lib/android/sdk/platforms/android-34-ext12/data/res/values-mcc310-mnc310-vi: Cannot change mode to rwxr-xr-x: Operation not permitted
build	Cache Android SDK	2026-06-06T12:22:42.9947777Z /usr/bin/tar: ../../../../../usr/local/lib/android/sdk/platforms/android-34-ext12/data/res/values-mcc310-mnc240-af: Cannot utime: Operation not permitted
build	Cache Android SDK	2026-06-06T12:22:42.9948413Z /usr/bin/tar: ../../../../../usr/local/lib/android/sdk/platforms/android-34-ext12/data/res/values-mcc310-mnc240-af: Cannot change mode to rwxr-xr-x: Operation not permitted
build	Cache Android SDK	2026-06-06T12:22:42.9950212Z /usr/bin/tar: ../../../../../usr/local/lib/android/sdk/platforms/android-34-ext12/data/res/values-mcc310-mnc490-uk: Cannot utime: Operation not permitted
build	Cache Android SDK	2026-06-06T12:22:42.9950678Z /usr/bin/tar: ../../../../../usr/local/lib/android/sdk/platforms/android-34-ext12/data/res/values-mcc310-mnc490-uk: Cannot change mode to rwxr-xr-x: Operation not permitted
build	Cache Android SDK	2026-06-06T12:22:42.9953298Z /usr/bin/tar: ../../../../../usr/local/lib/android/sdk/platforms/android-34-ext12/data/res/values-mcc310-mnc210-pa: Cannot utime: Operation not permitted
build	Cache Android SDK	2026-06-06T12:22:42.9953769Z /usr/bin/tar: ../../../../../usr/local/lib/android/sdk/platforms/android-34-ext12/data/res/values-mcc310-mnc210-pa: Cannot change mode to rwxr-xr-x: Operation not permitted
build	Cache Android SDK	2026-06-06T12:22:42.9960150Z /usr/bin/tar: ../../../../../usr/local/lib/android/sdk/platforms/android-34-ext12/data/res/values-mcc310-mnc380-ro: Cannot utime: Operation not permitted
build	Cache Android SDK	2026-06-06T12:22:42.9960619Z /usr/bin/tar: ../../../../../usr/local/lib/android/sdk/platforms/android-34-ext12/data/res/values-mcc310-mnc380-ro: Cannot change mode to rwxr-xr-x: Operation not permitted
build	Cache Android SDK	2026-06-06T12:22:42.9968023Z /usr/bin/tar: ../../../../../usr/local/lib/android/sdk/platforms/android-34-ext12/data/res/values-ta: Cannot utime: Operation not permitted
build	Cache Android SDK	2026-06-06T12:22:42.9968496Z /usr/bin/tar: ../../../../../usr/local/lib/android/sdk/platforms/android-34-ext12/data/res/values-ta: Cannot change mode to rwxr-xr-x: Operation not permitted
build	Cache Android SDK	2026-06-06T12:22:42.9972235Z /usr/bin/tar: ../../../../../usr/local/lib/android/sdk/platforms/android-34-ext12/data/res/values-mcc310-mnc800-ml: Cannot utime: Operation not permitted
build	Cache Android SDK	2026-06-06T12:22:42.9972886Z /usr/bin/tar: ../../../../../usr/local/lib/android/sdk/platforms/android-34-ext12/data/res/values-mcc310-mnc800-ml: Cannot change mode to rwxr-xr-x: Operation not permitted
build	Cache Android SDK	2026-06-06T12:22:42.9975494Z /usr/bin/tar: ../../../../../usr/local/lib/android/sdk/platforms/android-34-ext12/data/res/values-mcc313-mnc100-mr: Cannot utime: Operation not permitted
build	Cache Android SDK	2026-06-06T12:22:42.9975973Z /usr/bin/tar: ../../../../../usr/local/lib/android/sdk/platforms/android-34-ext12/data/res/values-mcc313-mnc100-mr: Cannot change mode to rwxr-xr-x: Operation not permitted
build	Cache Android SDK	2026-06-06T12:22:42.9978553Z /usr/bin/tar: ../../../../../usr/local/lib/android/sdk/platforms/android-34-ext12/data/res/values-mcc302-mnc370-sw: Cannot utime: Operation not permitted
build	Cache Android SDK	2026-06-06T12:22:42.9979187Z /usr/bin/tar: ../../../../../usr/local/lib/android/sdk/platforms/android-34-ext12/data/res/values-mcc302-mnc370-sw: Cannot change mode to rwxr-xr-x: Operation not permitted
build	Cache Android SDK	2026-06-06T12:22:42.9981930Z /usr/bin/tar: ../../../../../usr/local/lib/android/sdk/platforms/android-34-ext12/data/res/values-mcc302-mnc720-en-rAU: Cannot utime: Operation not permitted
build	Cache Android SDK	2026-06-06T12:22:42.9982429Z /usr/bin/tar: ../../../../../usr/local/lib/android/sdk/platforms/android-34-ext12/data/res/values-mcc302-mnc720-en-rAU: Cannot change mode to rwxr-xr-x: Operation not permitted
build	Cache Android SDK	2026-06-06T12:22:42.9989180Z /usr/bin/tar: ../../../../../usr/local/lib/android/sdk/platforms/android-34-ext12/data/res/values-pt: Cannot utime: Operation not permitted
build	Cache Android SDK	2026-06-06T12:22:42.9990139Z /usr/bin/tar: ../../../../../usr/local/lib/android/sdk/platforms/android-34-ext12/data/res/values-pt: Cannot change mode to rwxr-xr-x: Operation not permitted
build	Cache Android SDK	2026-06-06T12:22:42.9992673Z /usr/bin/tar: ../../../../../usr/local/lib/android/sdk/platforms/android-34-ext12/data/res/values-ur-watch: Cannot utime: Operation not permitted
build	Cache Android SDK	2026-06-06T12:22:42.9993244Z /usr/bin/tar: ../../../../../usr/local/lib/android/sdk/platforms/android-34-ext12/data/res/values-ur-watch: Cannot change mode to rwxr-xr-x: Operation not permitted
build	Cache Android SDK	2026-06-06T12:22:42.9996271Z /usr/bin/tar: ../../../../../usr/local/lib/android/sdk/platforms/android-34-ext12/data/res/values-mcc310-mnc310-lt: Cannot utime: Operation not permitted
build	Cache Android SDK	2026-06-06T12:22:42.9996960Z /usr/bin/tar: ../../../../../usr/local/lib/android/sdk/platforms/android-34-ext12/data/res/values-mcc310-mnc310-lt: Cannot change mode to rwxr-xr-x: Operation not permitted
build	Cache Android SDK	2026-06-06T12:22:42.9999490Z /usr/bin/tar: ../../../../../usr/local/lib/android/sdk/platforms/android-34-ext12/data/res/values-mcc310-mnc660-kk: Cannot utime: Operation not permitted
build	Cache Android SDK	2026-06-06T12:22:43.0000074Z /usr/bin/tar: ../../../../../usr/local/lib/android/sdk/platforms/android-34-ext12/data/res/values-mcc310-mnc660-kk: Cannot change mode to rwxr-xr-x: Operation not permitted
build	Cache Android SDK	2026-06-06T12:22:43.0002524Z /usr/bin/tar: ../../../../../usr/local/lib/android/sdk/platforms/android-34-ext12/data/res/values-cs-rCZ: Cannot utime: Operation not permitted
build	Cache Android SDK	2026-06-06T12:22:43.0003088Z /usr/bin/tar: ../../../../../usr/local/lib/android/sdk/platforms/android-34-ext12/data/res/values-cs-rCZ: Cannot change mode to rwxr-xr-x: Operation not permitted
build	Cache Android SDK	2026-06-06T12:22:43.0009375Z /usr/bin/tar: ../../../../../usr/local/lib/android/sdk/platforms/android-34-ext12/data/res/values-mcc450-mnc05: Cannot utime: Operation not permitted
build	Cache Android SDK	2026-06-06T12:22:43.0010773Z /usr/bin/tar: ../../../../../usr/local/lib/android/sdk/platforms/android-34-ext12/data/res/values-mcc450-mnc05: Cannot change mode to rwxr-xr-x: Operation not permitted
build	Cache Android SDK	2026-06-06T12:22:43.0012630Z /usr/bin/tar: ../../../../../usr/local/lib/android/sdk/platforms/android-34-ext12/data/res/values-mcc313-mnc100-vi: Cannot utime: Operation not permitted
build	Cache Android SDK	2026-06-06T12:22:43.0013624Z /usr/bin/tar: ../../../../../usr/local/lib/android/sdk/platforms/android-34-ext12/data/res/values-mcc313-mnc100-vi: Cannot change mode to rwxr-xr-x: Operation not permitted
build	Cache Android SDK	2026-06-06T12:22:43.0014879Z /usr/bin/tar: ../../../../../usr/local/lib/android/sdk/platforms/android-34-ext12/data/res/values-it-television: Cannot utime: Operation not permitted
build	Cache Android SDK	2026-06-06T12:22:43.0015996Z /usr/bin/tar: ../../../../../usr/local/lib/android/sdk/platforms/android-34-ext12/data/res/values-it-television: Cannot change mode to rwxr-xr-x: Operation not permitted
build	Cache Android SDK	2026-06-06T12:22:43.0017792Z /usr/bin/tar: ../../../../../usr/local/lib/android/sdk/platforms/android-34-ext12/data/res/values-mcc310-mnc950-as: Cannot utime: Operation not permitted
build	Cache Android SDK	2026-06-06T12:22:43.0019122Z /usr/bin/tar: ../../../../../usr/local/lib/android/sdk/platforms/android-34-ext12/data/res/values-mcc310-mnc950-as: Cannot change mode to rwxr-xr-x: Operation not permitted
build	Cache Android SDK	2026-06-06T12:22:43.0021513Z /usr/bin/tar: ../../../../../usr/local/lib/android/sdk/platforms/android-34-ext12/data/res/values-mcc302-mnc370-lt: Cannot utime: Operation not permitted
build	Cache Android SDK	2026-06-06T12:22:43.0023184Z /usr/bin/tar: ../../../../../usr/local/lib/android/sdk/platforms/android-34-ext12/data/res/values-mcc302-mnc370-lt: Cannot change mode to rwxr-xr-x: Operation not permitted
build	Cache Android SDK	2026-06-06T12:22:43.0024828Z /usr/bin/tar: ../../../../../usr/local/lib/android/sdk/platforms/android-34-ext12/data/res/values-mcc310-mnc230-ky: Cannot utime: Operation not permitted
build	Cache Android SDK	2026-06-06T12:22:43.0025909Z /usr/bin/tar: ../../../../../usr/local/lib/android/sdk/platforms/android-34-ext12/data/res/values-mcc310-mnc230-ky: Cannot change mode to rwxr-xr-x: Operation not permitted
build	Cache Android SDK	2026-06-06T12:22:43.0028752Z /usr/bin/tar: ../../../../../usr/local/lib/android/sdk/platforms/android-34-ext12/data/res/values-mcc310-mnc210-sw: Cannot utime: Operation not permitted
build	Cache Android SDK	2026-06-06T12:22:43.0029961Z /usr/bin/tar: ../../../../../usr/local/lib/android/sdk/platforms/android-34-ext12/data/res/values-mcc310-mnc210-sw: Cannot change mode to rwxr-xr-x: Operation not permitted
build	Cache Android SDK	2026-06-06T12:22:43.0031709Z /usr/bin/tar: ../../../../../usr/local/lib/android/sdk/platforms/android-34-ext12/data/res/values-mcc310-mnc490-hr: Cannot utime: Operation not permitted
build	Cache Android SDK	2026-06-06T12:22:43.0032815Z /usr/bin/tar: ../../../../../usr/local/lib/android/sdk/platforms/android-34-ext12/data/res/values-mcc310-mnc490-hr: Cannot change mode to rwxr-xr-x: Operation not permitted
build	Cache Android SDK	2026-06-06T12:22:43.0035024Z /usr/bin/tar: ../../../../../usr/local/lib/android/sdk/platforms/android-34-ext12/data/res/values-mcc310-mnc410-az: Cannot utime: Operation not permitted
build	Cache Android SDK	2026-06-06T12:22:43.0036041Z /usr/bin/tar: ../../../../../usr/local/lib/android/sdk/platforms/android-34-ext12/data/res/values-mcc310-mnc410-az: Cannot change mode to rwxr-xr-x: Operation not permitted
build	Cache Android SDK	2026-06-06T12:22:43.0038393Z /usr/bin/tar: ../../../../../usr/local/lib/android/sdk/platforms/android-34-ext12/data/res/values-mcc310-mnc380-kn: Cannot utime: Operation not permitted
build	Cache Android SDK	2026-06-06T12:22:43.0039441Z /usr/bin/tar: ../../../../../usr/local/lib/android/sdk/platforms/android-34-ext12/data/res/values-mcc310-mnc380-kn: Cannot change mode to rwxr-xr-x: Operation not permitted
build	Cache Android SDK	2026-06-06T12:22:43.0041649Z /usr/bin/tar: ../../../../../usr/local/lib/android/sdk/platforms/android-34-ext12/data/res/values-mcc310-mnc150-mn: Cannot utime: Operation not permitted
build	Cache Android SDK	2026-06-06T12:22:43.0042671Z /usr/bin/tar: ../../../../../usr/local/lib/android/sdk/platforms/android-34-ext12/data/res/values-mcc310-mnc150-mn: Cannot change mode to rwxr-xr-x: Operation not permitted
build	Cache Android SDK	2026-06-06T12:22:43.0045137Z /usr/bin/tar: ../../../../../usr/local/lib/android/sdk/platforms/android-34-ext12/data/res/values-mcc310-mnc150-mr: Cannot utime: Operation not permitted
build	Cache Android SDK	2026-06-06T12:22:43.0046091Z /usr/bin/tar: ../../../../../usr/local/lib/android/sdk/platforms/android-34-ext12/data/res/values-mcc310-mnc150-mr: Cannot change mode to rwxr-xr-x: Operation not permitted
build	Cache Android SDK	2026-06-06T12:22:43.0048573Z /usr/bin/tar: ../../../../../usr/local/lib/android/sdk/platforms/android-34-ext12/data/res/values-mcc310-mnc220-ca: Cannot utime: Operation not permitted
build	Cache Android SDK	2026-06-06T12:22:43.0049916Z /usr/bin/tar: ../../../../../usr/local/lib/android/sdk/platforms/android-34-ext12/data/res/values-mcc310-mnc220-ca: Cannot change mode to rwxr-xr-x: Operation not permitted
build	Cache Android SDK	2026-06-06T12:22:43.0052220Z /usr/bin/tar: ../../../../../usr/local/lib/android/sdk/platforms/android-34-ext12/data/res/values-mcc310-mnc490-hu: Cannot utime: Operation not permitted
build	Cache Android SDK	2026-06-06T12:22:43.0053565Z /usr/bin/tar: ../../../../../usr/local/lib/android/sdk/platforms/android-34-ext12/data/res/values-mcc310-mnc490-hu: Cannot change mode to rwxr-xr-x: Operation not permitted
build	Cache Android SDK	2026-06-06T12:22:43.0055735Z /usr/bin/tar: ../../../../../usr/local/lib/android/sdk/platforms/android-34-ext12/data/res/values-mcc310-mnc310-it: Cannot utime: Operation not permitted
build	Cache Android SDK	2026-06-06T12:22:43.0057009Z /usr/bin/tar: ../../../../../usr/local/lib/android/sdk/platforms/android-34-ext12/data/res/values-mcc310-mnc310-it: Cannot change mode to rwxr-xr-x: Operation not permitted
build	Cache Android SDK	2026-06-06T12:22:43.0059420Z /usr/bin/tar: ../../../../../usr/local/lib/android/sdk/platforms/android-34-ext12/data/res/values-mcc310-mnc220-zh-rCN: Cannot utime: Operation not permitted
build	Cache Android SDK	2026-06-06T12:22:43.0060551Z /usr/bin/tar: ../../../../../usr/local/lib/android/sdk/platforms/android-34-ext12/data/res/values-mcc310-mnc220-zh-rCN: Cannot change mode to rwxr-xr-x: Operation not permitted
build	Cache Android SDK	2026-06-06T12:22:43.0062681Z /usr/bin/tar: ../../../../../usr/local/lib/android/sdk/platforms/android-34-ext12/data/res/values-mcc311-mnc180-ro: Cannot utime: Operation not permitted
build	Cache Android SDK	2026-06-06T12:22:43.0063745Z /usr/bin/tar: ../../../../../usr/local/lib/android/sdk/platforms/android-34-ext12/data/res/values-mcc311-mnc180-ro: Cannot change mode to rwxr-xr-x: Operation not permitted
build	Cache Android SDK	2026-06-06T12:22:43.0065968Z /usr/bin/tar: ../../../../../usr/local/lib/android/sdk/platforms/android-34-ext12/data/res/values-es-rMX: Cannot utime: Operation not permitted
build	Cache Android SDK	2026-06-06T12:22:43.0066979Z /usr/bin/tar: ../../../../../usr/local/lib/android/sdk/platforms/android-34-ext12/data/res/values-es-rMX: Cannot change mode to rwxr-xr-x: Operation not permitted
build	Cache Android SDK	2026-06-06T12:22:43.0073837Z /usr/bin/tar: ../../../../../usr/local/lib/android/sdk/platforms/android-34-ext12/data/res/values-hy: Cannot utime: Operation not permitted
build	Cache Android SDK	2026-06-06T12:22:43.0075021Z /usr/bin/tar: ../../../../../usr/local/lib/android/sdk/platforms/android-34-ext12/data/res/values-hy: Cannot change mode to rwxr-xr-x: Operation not permitted
build	Cache Android SDK	2026-06-06T12:22:43.0076350Z /usr/bin/tar: ../../../../../usr/local/lib/android/sdk/platforms/android-34-ext12/data/res/values-mcc310-mnc950-en-rAU: Cannot utime: Operation not permitted
build	Cache Android SDK	2026-06-06T12:22:43.0077342Z /usr/bin/tar: ../../../../../usr/local/lib/android/sdk/platforms/android-34-ext12/data/res/values-mcc310-mnc950-en-rAU: Cannot change mode to rwxr-xr-x: Operation not permitted
build	Cache Android SDK	2026-06-06T12:22:43.0079609Z /usr/bin/tar: ../../../../../usr/local/lib/android/sdk/platforms/android-34-ext12/data/res/values-mcc302-mnc370-it: Cannot utime: Operation not permitted
build	Cache Android SDK	2026-06-06T12:22:43.0080609Z /usr/bin/tar: ../../../../../usr/local/lib/android/sdk/platforms/android-34-ext12/data/res/values-mcc302-mnc370-it: Cannot change mode to rwxr-xr-x: Operation not permitted
build	Cache Android SDK	2026-06-06T12:22:43.0084199Z /usr/bin/tar: ../../../../../usr/local/lib/android/sdk/platforms/android-34-ext12/data/res/values-sw720dp: Cannot utime: Operation not permitted
build	Cache Android SDK	2026-06-06T12:22:43.0085100Z /usr/bin/tar: ../../../../../usr/local/lib/android/sdk/platforms/android-34-ext12/data/res/values-sw720dp: Cannot change mode to rwxr-xr-x: Operation not permitted
build	Cache Android SDK	2026-06-06T12:22:43.0087725Z /usr/bin/tar: ../../../../../usr/local/lib/android/sdk/platforms/android-34-ext12/data/res/layout-notround-watch: Cannot utime: Operation not permitted
build	Cache Android SDK	2026-06-06T12:22:43.0088683Z /usr/bin/tar: ../../../../../usr/local/lib/android/sdk/platforms/android-34-ext12/data/res/layout-notround-watch: Cannot change mode to rwxr-xr-x: Operation not permitted
build	Cache Android SDK	2026-06-06T12:22:43.0090861Z /usr/bin/tar: ../../../../../usr/local/lib/android/sdk/platforms/android-34-ext12/data/res/values-mcc310-mnc220-af: Cannot utime: Operation not permitted
build	Cache Android SDK	2026-06-06T12:22:43.0092246Z /usr/bin/tar: ../../../../../usr/local/lib/android/sdk/platforms/android-34-ext12/data/res/values-mcc310-mnc220-af: Cannot change mode to rwxr-xr-x: Operation not permitted
build	Cache Android SDK	2026-06-06T12:22:43.0093764Z /usr/bin/tar: ../../../../../usr/local/lib/android/sdk/platforms/android-34-ext12/data/res/values-mcc310-mnc270-cs: Cannot utime: Operation not permitted
build	Cache Android SDK	2026-06-06T12:22:43.0094713Z /usr/bin/tar: ../../../../../usr/local/lib/android/sdk/platforms/android-34-ext12/data/res/values-mcc310-mnc270-cs: Cannot change mode to rwxr-xr-x: Operation not permitted
build	Cache Android SDK	2026-06-06T12:22:43.0097079Z /usr/bin/tar: ../../../../../usr/local/lib/android/sdk/platforms/android-34-ext12/data/res/values-mcc310-mnc490-kn: Cannot utime: Operation not permitted
build	Cache Android SDK	2026-06-06T12:22:43.0098561Z /usr/bin/tar: ../../../../../usr/local/lib/android/sdk/platforms/android-34-ext12/data/res/values-mcc310-mnc490-kn: Cannot change mode to rwxr-xr-x: Operation not permitted
build	Cache Android SDK	2026-06-06T12:22:43.0100020Z /usr/bin/tar: ../../../../../usr/local/lib/android/sdk/platforms/android-34-ext12/data/res/values-mcc310-mnc660-pl: Cannot utime: Operation not permitted
build	Cache Android SDK	2026-06-06T12:22:43.0101044Z /usr/bin/tar: ../../../../../usr/local/lib/android/sdk/platforms/android-34-ext12/data/res/values-mcc310-mnc660-pl: Cannot change mode to rwxr-xr-x: Operation not permitted
build	Cache Android SDK	2026-06-06T12:22:43.0103098Z /usr/bin/tar: ../../../../../usr/local/lib/android/sdk/platforms/android-34-ext12/data/res/values-mcc312-mnc670-te: Cannot utime: Operation not permitted
build	Cache Android SDK	2026-06-06T12:22:43.0104045Z /usr/bin/tar: ../../../../../usr/local/lib/android/sdk/platforms/android-34-ext12/data/res/values-mcc312-mnc670-te: Cannot change mode to rwxr-xr-x: Operation not permitted
build	Cache Android SDK	2026-06-06T12:22:43.0106758Z /usr/bin/tar: ../../../../../usr/local/lib/android/sdk/platforms/android-34-ext12/data/res/values-mcc310-mnc160-hr: Cannot utime: Operation not permitted
build	Cache Android SDK	2026-06-06T12:22:43.0107997Z /usr/bin/tar: ../../../../../usr/local/lib/android/sdk/platforms/android-34-ext12/data/res/values-mcc310-mnc160-hr: Cannot change mode to rwxr-xr-x: Operation not permitted
build	Cache Android SDK	2026-06-06T12:22:43.0110007Z /usr/bin/tar: ../../../../../usr/local/lib/android/sdk/platforms/android-34-ext12/data/res/values-mcc310-mnc800-af: Cannot utime: Operation not permitted
build	Cache Android SDK	2026-06-06T12:22:43.0110958Z /usr/bin/tar: ../../../../../usr/local/lib/android/sdk/platforms/android-34-ext12/data/res/values-mcc310-mnc800-af: Cannot change mode to rwxr-xr-x: Operation not permitted
build	Cache Android SDK	2026-06-06T12:22:43.0113332Z /usr/bin/tar: ../../../../../usr/local/lib/android/sdk/platforms/android-34-ext12/data/res/values-mcc310-mnc310-nl: Cannot utime: Operation not permitted
build	Cache Android SDK	2026-06-06T12:22:43.0114290Z /usr/bin/tar: ../../../../../usr/local/lib/android/sdk/platforms/android-34-ext12/data/res/values-mcc310-mnc310-nl: Cannot change mode to rwxr-xr-x: Operation not permitted
build	Cache Android SDK	2026-06-06T12:22:43.0116403Z /usr/bin/tar: ../../../../../usr/local/lib/android/sdk/platforms/android-34-ext12/data/res/values-sv-rSE: Cannot utime: Operation not permitted
build	Cache Android SDK	2026-06-06T12:22:43.0117301Z /usr/bin/tar: ../../../../../usr/local/lib/android/sdk/platforms/android-34-ext12/data/res/values-sv-rSE: Cannot change mode to rwxr-xr-x: Operation not permitted
build	Cache Android SDK	2026-06-06T12:22:43.0119492Z /usr/bin/tar: ../../../../../usr/local/lib/android/sdk/platforms/android-34-ext12/data/res/values-mcc310-mnc170-hu: Cannot utime: Operation not permitted
build	Cache Android SDK	2026-06-06T12:22:43.0120444Z /usr/bin/tar: ../../../../../usr/local/lib/android/sdk/platforms/android-34-ext12/data/res/values-mcc310-mnc170-hu: Cannot change mode to rwxr-xr-x: Operation not permitted
build	Cache Android SDK	2026-06-06T12:22:43.0122839Z /usr/bin/tar: ../../../../../usr/local/lib/android/sdk/platforms/android-34-ext12/data/res/values-mcc302-mnc720-tl: Cannot utime: Operation not permitted
build	Cache Android SDK	2026-06-06T12:22:43.0123789Z /usr/bin/tar: ../../../../../usr/local/lib/android/sdk/platforms/android-34-ext12/data/res/values-mcc302-mnc720-tl: Cannot change mode to rwxr-xr-x: Operation not permitted
build	Cache Android SDK	2026-06-06T12:22:43.0125845Z /usr/bin/tar: ../../../../../usr/local/lib/android/sdk/platforms/android-34-ext12/data/res/values-mcc001-mnc01-nb: Cannot utime: Operation not permitted
build	Cache Android SDK	2026-06-06T12:22:43.0126954Z /usr/bin/tar: ../../../../../usr/local/lib/android/sdk/platforms/android-34-ext12/data/res/values-mcc001-mnc01-nb: Cannot change mode to rwxr-xr-x: Operation not permitted
build	Cache Android SDK	2026-06-06T12:22:43.0129228Z /usr/bin/tar: ../../../../../usr/local/lib/android/sdk/platforms/android-34-ext12/data/res/values-mcc310-mnc150-tr: Cannot utime: Operation not permitted
build	Cache Android SDK	2026-06-06T12:22:43.0130197Z /usr/bin/tar: ../../../../../usr/local/lib/android/sdk/platforms/android-34-ext12/data/res/values-mcc310-mnc150-tr: Cannot change mode to rwxr-xr-x: Operation not permitted
build	Cache Android SDK	2026-06-06T12:22:43.0132475Z /usr/bin/tar: ../../../../../usr/local/lib/android/sdk/platforms/android-34-ext12/data/res/values-mcc310-mnc160-da: Cannot utime: Operation not permitted
build	Cache Android SDK	2026-06-06T12:22:43.0133655Z /usr/bin/tar: ../../../../../usr/local/lib/android/sdk/platforms/android-34-ext12/data/res/values-mcc310-mnc160-da: Cannot change mode to rwxr-xr-x: Operation not permitted
build	Cache Android SDK	2026-06-06T12:22:43.0135352Z /usr/bin/tar: ../../../../../usr/local/lib/android/sdk/platforms/android-34-ext12/data/res/values-mcc310-mnc240-lo: Cannot utime: Operation not permitted
build	Cache Android SDK	2026-06-06T12:22:43.0136303Z /usr/bin/tar: ../../../../../usr/local/lib/android/sdk/platforms/android-34-ext12/data/res/values-mcc310-mnc240-lo: Cannot change mode to rwxr-xr-x: Operation not permitted
build	Cache Android SDK	2026-06-06T12:22:43.0138741Z /usr/bin/tar: ../../../../../usr/local/lib/android/sdk/platforms/android-34-ext12/data/res/values-mcc310-mnc250-eu: Cannot utime: Operation not permitted
build	Cache Android SDK	2026-06-06T12:22:43.0139798Z /usr/bin/tar: ../../../../../usr/local/lib/android/sdk/platforms/android-34-ext12/data/res/values-mcc310-mnc250-eu: Cannot change mode to rwxr-xr-x: Operation not permitted
build	Cache Android SDK	2026-06-06T12:22:43.0142086Z /usr/bin/tar: ../../../../../usr/local/lib/android/sdk/platforms/android-34-ext12/data/res/raw-hu: Cannot utime: Operation not permitted
build	Cache Android SDK	2026-06-06T12:22:43.0142964Z /usr/bin/tar: ../../../../../usr/local/lib/android/sdk/platforms/android-34-ext12/data/res/raw-hu: Cannot change mode to rwxr-xr-x: Operation not permitted
build	Cache Android SDK	2026-06-06T12:22:43.0146044Z /usr/bin/tar: ../../../../../usr/local/lib/android/sdk/platforms/android-34-ext12/data/res/values-mcc302-mnc370-nb: Cannot utime: Operation not permitted
build	Cache Android SDK	2026-06-06T12:22:43.0147012Z /usr/bin/tar: ../../../../../usr/local/lib/android/sdk/platforms/android-34-ext12/data/res/values-mcc302-mnc370-nb: Cannot change mode to rwxr-xr-x: Operation not permitted
build	Cache Android SDK	2026-06-06T12:22:43.0149604Z /usr/bin/tar: ../../../../../usr/local/lib/android/sdk/platforms/android-34-ext12/data/res/values-pt-rBR-watch: Cannot utime: Operation not permitted
build	Cache Android SDK	2026-06-06T12:22:43.0150542Z /usr/bin/tar: ../../../../../usr/local/lib/android/sdk/platforms/android-34-ext12/data/res/values-pt-rBR-watch: Cannot change mode to rwxr-xr-x: Operation not permitted
build	Cache Android SDK	2026-06-06T12:22:43.0152754Z /usr/bin/tar: ../../../../../usr/local/lib/android/sdk/platforms/android-34-ext12/data/res/values-mcc310-mnc150-pt-rBR: Cannot utime: Operation not permitted
build	Cache Android SDK	2026-06-06T12:22:43.0153746Z /usr/bin/tar: ../../../../../usr/local/lib/android/sdk/platforms/android-34-ext12/data/res/values-mcc310-mnc150-pt-rBR: Cannot change mode to rwxr-xr-x: Operation not permitted
build	Cache Android SDK	2026-06-06T12:22:43.0156061Z /usr/bin/tar: ../../../../../usr/local/lib/android/sdk/platforms/android-34-ext12/data/res/values-mcc310-mnc660-b+sr+Latn: Cannot utime: Operation not permitted
build	Cache Android SDK	2026-06-06T12:22:43.0157807Z /usr/bin/tar: ../../../../../usr/local/lib/android/sdk/platforms/android-34-ext12/data/res/values-mcc310-mnc660-b+sr+Latn: Cannot change mode to rwxr-xr-x: Operation not permitted
build	Cache Android SDK	2026-06-06T12:22:43.0176116Z /usr/bin/tar: ../../../../../usr/local/lib/android/sdk/platforms/android-34-ext12/data/res/interpolator: Cannot utime: Operation not permitted
build	Cache Android SDK	2026-06-06T12:22:43.0177198Z /usr/bin/tar: ../../../../../usr/local/lib/android/sdk/platforms/android-34-ext12/data/res/interpolator: Cannot change mode to rwxr-xr-x: Operation not permitted
build	Cache Android SDK	2026-06-06T12:22:43.0178803Z /usr/bin/tar: ../../../../../usr/local/lib/android/sdk/platforms/android-34-ext12/data/res/values-mcc310-mnc030-ar: Cannot utime: Operation not permitted
build	Cache Android SDK	2026-06-06T12:22:43.0179839Z /usr/bin/tar: ../../../../../usr/local/lib/android/sdk/platforms/android-34-ext12/data/res/values-mcc310-mnc030-ar: Cannot change mode to rwxr-xr-x: Operation not permitted
build	Cache Android SDK	2026-06-06T12:22:43.0181342Z /usr/bin/tar: ../../../../../usr/local/lib/android/sdk/platforms/android-34-ext12/data/res/values-es-rUS-watch: Cannot utime: Operation not permitted
build	Cache Android SDK	2026-06-06T12:22:43.0182277Z /usr/bin/tar: ../../../../../usr/local/lib/android/sdk/platforms/android-34-ext12/data/res/values-es-rUS-watch: Cannot change mode to rwxr-xr-x: Operation not permitted
build	Cache Android SDK	2026-06-06T12:22:43.0184661Z /usr/bin/tar: ../../../../../usr/local/lib/android/sdk/platforms/android-34-ext12/data/res/values-gl-television: Cannot utime: Operation not permitted
build	Cache Android SDK	2026-06-06T12:22:43.0185606Z /usr/bin/tar: ../../../../../usr/local/lib/android/sdk/platforms/android-34-ext12/data/res/values-gl-television: Cannot change mode to rwxr-xr-x: Operation not permitted
build	Cache Android SDK	2026-06-06T12:22:43.0187841Z /usr/bin/tar: ../../../../../usr/local/lib/android/sdk/platforms/android-34-ext12/data/res/values-w227dp: Cannot utime: Operation not permitted
build	Cache Android SDK	2026-06-06T12:22:43.0188744Z /usr/bin/tar: ../../../../../usr/local/lib/android/sdk/platforms/android-34-ext12/data/res/values-w227dp: Cannot change mode to rwxr-xr-x: Operation not permitted
build	Cache Android SDK	2026-06-06T12:22:43.0190725Z /usr/bin/tar: ../../../../../usr/local/lib/android/sdk/platforms/android-34-ext12/data/res/values-mcc310-mnc160-in: Cannot utime: Operation not permitted
build	Cache Android SDK	2026-06-06T12:22:43.0191679Z /usr/bin/tar: ../../../../../usr/local/lib/android/sdk/platforms/android-34-ext12/data/res/values-mcc310-mnc160-in: Cannot change mode to rwxr-xr-x: Operation not permitted
build	Cache Android SDK	2026-06-06T12:22:43.0193566Z /usr/bin/tar: ../../../../../usr/local/lib/android/sdk/platforms/android-34-ext12/data/res/values-mcc310-mnc280-lt: Cannot utime: Operation not permitted
build	Cache Android SDK	2026-06-06T12:22:43.0194525Z /usr/bin/tar: ../../../../../usr/local/lib/android/sdk/platforms/android-34-ext12/data/res/values-mcc310-mnc280-lt: Cannot change mode to rwxr-xr-x: Operation not permitted
build	Cache Android SDK	2026-06-06T12:22:43.0196806Z /usr/bin/tar: ../../../../../usr/local/lib/android/sdk/platforms/android-34-ext12/data/res/values-mcc310-mnc230-fr-rCA: Cannot utime: Operation not permitted
build	Cache Android SDK	2026-06-06T12:22:43.0198046Z /usr/bin/tar: ../../../../../usr/local/lib/android/sdk/platforms/android-34-ext12/data/res/values-mcc310-mnc230-fr-rCA: Cannot change mode to rwxr-xr-x: Operation not permitted
build	Cache Android SDK	2026-06-06T12:22:43.0200066Z /usr/bin/tar: ../../../../../usr/local/lib/android/sdk/platforms/android-34-ext12/data/res/values-mcc310-mnc170-ar: Cannot utime: Operation not permitted
build	Cache Android SDK	2026-06-06T12:22:43.0201027Z /usr/bin/tar: ../../../../../usr/local/lib/android/sdk/platforms/android-34-ext12/data/res/values-mcc310-mnc170-ar: Cannot change mode to rwxr-xr-x: Operation not permitted
build	Cache Android SDK	2026-06-06T12:22:43.0207544Z /usr/bin/tar: ../../../../../usr/local/lib/android/sdk/platforms/android-34-ext12/data/res/values-sl: Cannot utime: Operation not permitted
build	Cache Android SDK	2026-06-06T12:22:43.0208896Z /usr/bin/tar: ../../../../../usr/local/lib/android/sdk/platforms/android-34-ext12/data/res/values-sl: Cannot change mode to rwxr-xr-x: Operation not permitted
build	Cache Android SDK	2026-06-06T12:22:43.0212662Z /usr/bin/tar: ../../../../../usr/local/lib/android/sdk/platforms/android-34-ext12/data/res/values-mcc310-mnc030-da: Cannot utime: Operation not permitted
build	Cache Android SDK	2026-06-06T12:22:43.0213660Z /usr/bin/tar: ../../../../../usr/local/lib/android/sdk/platforms/android-34-ext12/data/res/values-mcc310-mnc030-da: Cannot change mode to rwxr-xr-x: Operation not permitted
build	Cache Android SDK	2026-06-06T12:22:43.0215068Z /usr/bin/tar: ../../../../../usr/local/lib/android/sdk/platforms/android-34-ext12/data/res/values-mcc510-mnc08: Cannot utime: Operation not permitted
build	Cache Android SDK	2026-06-06T12:22:43.0216038Z /usr/bin/tar: ../../../../../usr/local/lib/android/sdk/platforms/android-34-ext12/data/res/values-mcc510-mnc08: Cannot change mode to rwxr-xr-x: Operation not permitted
build	Cache Android SDK	2026-06-06T12:22:43.0218714Z /usr/bin/tar: ../../../../../usr/local/lib/android/sdk/platforms/android-34-ext12/data/res/values-fa-rIR: Cannot utime: Operation not permitted
build	Cache Android SDK	2026-06-06T12:22:43.0219966Z /usr/bin/tar: ../../../../../usr/local/lib/android/sdk/platforms/android-34-ext12/data/res/values-fa-rIR: Cannot change mode to rwxr-xr-x: Operation not permitted
build	Cache Android SDK	2026-06-06T12:22:43.0221595Z /usr/bin/tar: ../../../../../usr/local/lib/android/sdk/platforms/android-34-ext12/data/res/values-en-rZA: Cannot utime: Operation not permitted
build	Cache Android SDK	2026-06-06T12:22:43.0222494Z /usr/bin/tar: ../../../../../usr/local/lib/android/sdk/platforms/android-34-ext12/data/res/values-en-rZA: Cannot change mode to rwxr-xr-x: Operation not permitted
build	Cache Android SDK	2026-06-06T12:22:43.0225574Z /usr/bin/tar: ../../../../../usr/local/lib/android/sdk/platforms/android-34-ext12/data/res/values-mcc310-mnc310-en-rGB: Cannot utime: Operation not permitted
build	Cache Android SDK	2026-06-06T12:22:43.0226955Z /usr/bin/tar: ../../../../../usr/local/lib/android/sdk/platforms/android-34-ext12/data/res/values-mcc310-mnc310-en-rGB: Cannot change mode to rwxr-xr-x: Operation not permitted
build	Cache Android SDK	2026-06-06T12:22:43.0228580Z /usr/bin/tar: ../../../../../usr/local/lib/android/sdk/platforms/android-34-ext12/data/res/values-mcc310-mnc270-tr: Cannot utime: Operation not permitted
build	Cache Android SDK	2026-06-06T12:22:43.0229556Z /usr/bin/tar: ../../../../../usr/local/lib/android/sdk/platforms/android-34-ext12/data/res/values-mcc310-mnc270-tr: Cannot change mode to rwxr-xr-x: Operation not permitted
build	Cache Android SDK	2026-06-06T12:22:43.0231451Z /usr/bin/tar: ../../../../../usr/local/lib/android/sdk/platforms/android-34-ext12/data/res/values-mcc312-mnc670-vi: Cannot utime: Operation not permitted
build	Cache Android SDK	2026-06-06T12:22:43.0232427Z /usr/bin/tar: ../../../../../usr/local/lib/android/sdk/platforms/android-34-ext12/data/res/values-mcc312-mnc670-vi: Cannot change mode to rwxr-xr-x: Operation not permitted
build	Cache Android SDK	2026-06-06T12:22:43.0234818Z /usr/bin/tar: ../../../../../usr/local/lib/android/sdk/platforms/android-34-ext12/data/res/values-mcc310-mnc200-tl: Cannot utime: Operation not permitted
build	Cache Android SDK	2026-06-06T12:22:43.0235785Z /usr/bin/tar: ../../../../../usr/local/lib/android/sdk/platforms/android-34-ext12/data/res/values-mcc310-mnc200-tl: Cannot change mode to rwxr-xr-x: Operation not permitted
build	Cache Android SDK	2026-06-06T12:22:43.0239077Z /usr/bin/tar: ../../../../../usr/local/lib/android/sdk/platforms/android-34-ext12/data/res/values-mcc311-mnc180-az: Cannot utime: Operation not permitted
build	Cache Android SDK	2026-06-06T12:22:43.0240777Z /usr/bin/tar: ../../../../../usr/local/lib/android/sdk/platforms/android-34-ext12/data/res/values-mcc311-mnc180-az: Cannot change mode to rwxr-xr-x: Operation not permitted
build	Cache Android SDK	2026-06-06T12:22:43.0241895Z /usr/bin/tar: ../../../../../usr/local/lib/android/sdk/platforms/android-34-ext12/data/res/values-mcc310-mnc800-ky: Cannot utime: Operation not permitted
build	Cache Android SDK	2026-06-06T12:22:43.0242961Z /usr/bin/tar: ../../../../../usr/local/lib/android/sdk/platforms/android-34-ext12/data/res/values-mcc310-mnc800-ky: Cannot change mode to rwxr-xr-x: Operation not permitted
build	Cache Android SDK	2026-06-06T12:22:43.0244658Z /usr/bin/tar: ../../../../../usr/local/lib/android/sdk/platforms/android-34-ext12/data/res/values-mcc310-mnc170-da: Cannot utime: Operation not permitted
build	Cache Android SDK	2026-06-06T12:22:43.0245619Z /usr/bin/tar: ../../../../../usr/local/lib/android/sdk/platforms/android-34-ext12/data/res/values-mcc310-mnc170-da: Cannot change mode to rwxr-xr-x: Operation not permitted
build	Cache Android SDK	2026-06-06T12:22:43.0248122Z /usr/bin/tar: ../../../../../usr/local/lib/android/sdk/platforms/android-34-ext12/data/res/values-mcc310-mnc280-hu: Cannot utime: Operation not permitted
build	Cache Android SDK	2026-06-06T12:22:43.0249082Z /usr/bin/tar: ../../../../../usr/local/lib/android/sdk/platforms/android-34-ext12/data/res/values-mcc310-mnc280-hu: Cannot change mode to rwxr-xr-x: Operation not permitted
build	Cache Android SDK	2026-06-06T12:22:43.0251135Z /usr/bin/tar: ../../../../../usr/local/lib/android/sdk/platforms/android-34-ext12/data/res/values-es-rHN: Cannot utime: Operation not permitted
build	Cache Android SDK	2026-06-06T12:22:43.0252190Z /usr/bin/tar: ../../../../../usr/local/lib/android/sdk/platforms/android-34-ext12/data/res/values-es-rHN: Cannot change mode to rwxr-xr-x: Operation not permitted
build	Cache Android SDK	2026-06-06T12:22:43.0255192Z /usr/bin/tar: ../../../../../usr/local/lib/android/sdk/platforms/android-34-ext12/data/res/values-mcc310-mnc200-en-rIN: Cannot utime: Operation not permitted
build	Cache Android SDK	2026-06-06T12:22:43.0256265Z /usr/bin/tar: ../../../../../usr/local/lib/android/sdk/platforms/android-34-ext12/data/res/values-mcc310-mnc200-en-rIN: Cannot change mode to rwxr-xr-x: Operation not permitted
build	Cache Android SDK	2026-06-06T12:22:43.0258126Z /usr/bin/tar: ../../../../../usr/local/lib/android/sdk/platforms/android-34-ext12/data/res/values-mcc310-mnc280-ko: Cannot utime: Operation not permitted
build	Cache Android SDK	2026-06-06T12:22:43.0259203Z /usr/bin/tar: ../../../../../usr/local/lib/android/sdk/platforms/android-34-ext12/data/res/values-mcc310-mnc280-ko: Cannot change mode to rwxr-xr-x: Operation not permitted
build	Cache Android SDK	2026-06-06T12:22:43.0262294Z /usr/bin/tar: ../../../../../usr/local/lib/android/sdk/platforms/android-34-ext12/data/res/values-mcc310-mnc490-en-rIN: Cannot utime: Operation not permitted
build	Cache Android SDK	2026-06-06T12:22:43.0263468Z /usr/bin/tar: ../../../../../usr/local/lib/android/sdk/platforms/android-34-ext12/data/res/values-mcc310-mnc490-en-rIN: Cannot change mode to rwxr-xr-x: Operation not permitted
build	Cache Android SDK	2026-06-06T12:22:43.0265409Z /usr/bin/tar: ../../../../../usr/local/lib/android/sdk/platforms/android-34-ext12/data/res/values-mcc310-mnc160-hy: Cannot utime: Operation not permitted
build	Cache Android SDK	2026-06-06T12:22:43.0266408Z /usr/bin/tar: ../../../../../usr/local/lib/android/sdk/platforms/android-34-ext12/data/res/values-mcc310-mnc160-hy: Cannot change mode to rwxr-xr-x: Operation not permitted
build	Cache Android SDK	2026-06-06T12:22:43.0268566Z /usr/bin/tar: ../../../../../usr/local/lib/android/sdk/platforms/android-34-ext12/data/res/values-mcc310-mnc200-af: Cannot utime: Operation not permitted
build	Cache Android SDK	2026-06-06T12:22:43.0269554Z /usr/bin/tar: ../../../../../usr/local/lib/android/sdk/platforms/android-34-ext12/data/res/values-mcc310-mnc200-af: Cannot change mode to rwxr-xr-x: Operation not permitted
build	Cache Android SDK	2026-06-06T12:22:43.0272054Z /usr/bin/tar: ../../../../../usr/local/lib/android/sdk/platforms/android-34-ext12/data/res/values-mcc313-mnc100-ms: Cannot utime: Operation not permitted
build	Cache Android SDK	2026-06-06T12:22:43.0273055Z /usr/bin/tar: ../../../../../usr/local/lib/android/sdk/platforms/android-34-ext12/data/res/values-mcc313-mnc100-ms: Cannot change mode to rwxr-xr-x: Operation not permitted
build	Cache Android SDK	2026-06-06T12:22:43.0275431Z /usr/bin/tar: ../../../../../usr/local/lib/android/sdk/platforms/android-34-ext12/data/res/values-mcc302-mnc370-pl: Cannot utime: Operation not permitted
build	Cache Android SDK	2026-06-06T12:22:43.0276941Z /usr/bin/tar: ../../../../../usr/local/lib/android/sdk/platforms/android-34-ext12/data/res/values-mcc302-mnc370-pl: Cannot change mode to rwxr-xr-x: Operation not permitted
build	Cache Android SDK	2026-06-06T12:22:43.0278920Z /usr/bin/tar: ../../../../../usr/local/lib/android/sdk/platforms/android-34-ext12/data/res/values-mcc310-mnc150-bn: Cannot utime: Operation not permitted
build	Cache Android SDK	2026-06-06T12:22:43.0279923Z /usr/bin/tar: ../../../../../usr/local/lib/android/sdk/platforms/android-34-ext12/data/res/values-mcc310-mnc150-bn: Cannot change mode to rwxr-xr-x: Operation not permitted
build	Cache Android SDK	2026-06-06T12:22:43.0282019Z /usr/bin/tar: ../../../../../usr/local/lib/android/sdk/platforms/android-34-ext12/data/res/values-mcc312-mnc670-iw: Cannot utime: Operation not permitted
build	Cache Android SDK	2026-06-06T12:22:43.0283102Z /usr/bin/tar: ../../../../../usr/local/lib/android/sdk/platforms/android-34-ext12/data/res/values-mcc312-mnc670-iw: Cannot change mode to rwxr-xr-x: Operation not permitted
build	Cache Android SDK	2026-06-06T12:22:43.0285686Z /usr/bin/tar: ../../../../../usr/local/lib/android/sdk/platforms/android-34-ext12/data/res/values-mcc310-mnc310-sw: Cannot utime: Operation not permitted
build	Cache Android SDK	2026-06-06T12:22:43.0286701Z /usr/bin/tar: ../../../../../usr/local/lib/android/sdk/platforms/android-34-ext12/data/res/values-mcc310-mnc310-sw: Cannot change mode to rwxr-xr-x: Operation not permitted
build	Cache Android SDK	2026-06-06T12:22:43.0288663Z /usr/bin/tar: ../../../../../usr/local/lib/android/sdk/platforms/android-34-ext12/data/res/values-mcc312-mnc670-zu: Cannot utime: Operation not permitted
build	Cache Android SDK	2026-06-06T12:22:43.0289622Z /usr/bin/tar: ../../../../../usr/local/lib/android/sdk/platforms/android-34-ext12/data/res/values-mcc312-mnc670-zu: Cannot change mode to rwxr-xr-x: Operation not permitted
build	Cache Android SDK	2026-06-06T12:22:43.0291641Z /usr/bin/tar: ../../../../../usr/local/lib/android/sdk/platforms/android-34-ext12/data/res/values-mcc310-mnc230-uz: Cannot utime: Operation not permitted
build	Cache Android SDK	2026-06-06T12:22:43.0292601Z /usr/bin/tar: ../../../../../usr/local/lib/android/sdk/platforms/android-34-ext12/data/res/values-mcc310-mnc230-uz: Cannot change mode to rwxr-xr-x: Operation not permitted
build	Cache Android SDK	2026-06-06T12:22:43.0295327Z /usr/bin/tar: ../../../../../usr/local/lib/android/sdk/platforms/android-34-ext12/data/res/values-mcc310-mnc410-b+sr+Latn: Cannot utime: Operation not permitted
build	Cache Android SDK	2026-06-06T12:22:43.0296910Z /usr/bin/tar: ../../../../../usr/local/lib/android/sdk/platforms/android-34-ext12/data/res/values-mcc310-mnc410-b+sr+Latn: Cannot change mode to rwxr-xr-x: Operation not permitted
build	Cache Android SDK	2026-06-06T12:22:43.0298461Z /usr/bin/tar: ../../../../../usr/local/lib/android/sdk/platforms/android-34-ext12/data/res/values-mcc312-mnc670-gu: Cannot utime: Operation not permitted
build	Cache Android SDK	2026-06-06T12:22:43.0299418Z /usr/bin/tar: ../../../../../usr/local/lib/android/sdk/platforms/android-34-ext12/data/res/values-mcc312-mnc670-gu: Cannot change mode to rwxr-xr-x: Operation not permitted
build	Cache Android SDK	2026-06-06T12:22:43.0302222Z /usr/bin/tar: ../../../../../usr/local/lib/android/sdk/platforms/android-34-ext12/data/res/values-mcc310-mnc410-gl: Cannot utime: Operation not permitted
build	Cache Android SDK	2026-06-06T12:22:43.0303224Z /usr/bin/tar: ../../../../../usr/local/lib/android/sdk/platforms/android-34-ext12/data/res/values-mcc310-mnc410-gl: Cannot change mode to rwxr-xr-x: Operation not permitted
build	Cache Android SDK	2026-06-06T12:22:43.0305184Z /usr/bin/tar: ../../../../../usr/local/lib/android/sdk/platforms/android-34-ext12/data/res/values-mk-television: Cannot utime: Operation not permitted
build	Cache Android SDK	2026-06-06T12:22:43.0306161Z /usr/bin/tar: ../../../../../usr/local/lib/android/sdk/platforms/android-34-ext12/data/res/values-mk-television: Cannot change mode to rwxr-xr-x: Operation not permitted
build	Cache Android SDK	2026-06-06T12:22:43.0309736Z /usr/bin/tar: ../../../../../usr/local/lib/android/sdk/platforms/android-34-ext12/data/res/values-mcc310-mnc030-ca: Cannot utime: Operation not permitted
build	Cache Android SDK	2026-06-06T12:22:43.0310710Z /usr/bin/tar: ../../../../../usr/local/lib/android/sdk/platforms/android-34-ext12/data/res/values-mcc310-mnc030-ca: Cannot change mode to rwxr-xr-x: Operation not permitted
build	Cache Android SDK	2026-06-06T12:22:43.0316844Z /usr/bin/tar: ../../../../../usr/local/lib/android/sdk/platforms/android-34-ext12/data/res/values-vi: Cannot utime: Operation not permitted
build	Cache Android SDK	2026-06-06T12:22:43.0318147Z /usr/bin/tar: ../../../../../usr/local/lib/android/sdk/platforms/android-34-ext12/data/res/values-vi: Cannot change mode to rwxr-xr-x: Operation not permitted
build	Cache Android SDK	2026-06-06T12:22:43.0319673Z /usr/bin/tar: ../../../../../usr/local/lib/android/sdk/platforms/android-34-ext12/data/res/values-mcc310-mnc280-cs: Cannot utime: Operation not permitted
build	Cache Android SDK	2026-06-06T12:22:43.0320858Z /usr/bin/tar: ../../../../../usr/local/lib/android/sdk/platforms/android-34-ext12/data/res/values-mcc310-mnc280-cs: Cannot change mode to rwxr-xr-x: Operation not permitted
build	Cache Android SDK	2026-06-06T12:22:43.0322958Z /usr/bin/tar: ../../../../../usr/local/lib/android/sdk/platforms/android-34-ext12/data/res/values-mcc310-mnc310-da: Cannot utime: Operation not permitted
build	Cache Android SDK	2026-06-06T12:22:43.0323911Z /usr/bin/tar: ../../../../../usr/local/lib/android/sdk/platforms/android-34-ext12/data/res/values-mcc310-mnc310-da: Cannot change mode to rwxr-xr-x: Operation not permitted
build	Cache Android SDK	2026-06-06T12:22:43.0328058Z /usr/bin/tar: ../../../../../usr/local/lib/android/sdk/platforms/android-34-ext12/data/res/values-mcc450-mnc08: Cannot utime: Operation not permitted
build	Cache Android SDK	2026-06-06T12:22:43.0329148Z /usr/bin/tar: ../../../../../usr/local/lib/android/sdk/platforms/android-34-ext12/data/res/values-mcc450-mnc08: Cannot change mode to rwxr-xr-x: Operation not permitted
build	Cache Android SDK	2026-06-06T12:22:43.0331091Z /usr/bin/tar: ../../../../../usr/local/lib/android/sdk/platforms/android-34-ext12/data/res/values-mcc302-mnc370-es: Cannot utime: Operation not permitted
build	Cache Android SDK	2026-06-06T12:22:43.0332059Z /usr/bin/tar: ../../../../../usr/local/lib/android/sdk/platforms/android-34-ext12/data/res/values-mcc302-mnc370-es: Cannot change mode to rwxr-xr-x: Operation not permitted
build	Cache Android SDK	2026-06-06T12:22:43.0334099Z /usr/bin/tar: ../../../../../usr/local/lib/android/sdk/platforms/android-34-ext12/data/res/values-mcc310-mnc490-nb: Cannot utime: Operation not permitted
build	Cache Android SDK	2026-06-06T12:22:43.0335065Z /usr/bin/tar: ../../../../../usr/local/lib/android/sdk/platforms/android-34-ext12/data/res/values-mcc310-mnc490-nb: Cannot change mode to rwxr-xr-x: Operation not permitted
build	Cache Android SDK	2026-06-06T12:22:43.0337194Z /usr/bin/tar: ../../../../../usr/local/lib/android/sdk/platforms/android-34-ext12/data/res/values-mcc310-mnc170-hy: Cannot utime: Operation not permitted
build	Cache Android SDK	2026-06-06T12:22:43.0338304Z /usr/bin/tar: ../../../../../usr/local/lib/android/sdk/platforms/android-34-ext12/data/res/values-mcc310-mnc170-hy: Cannot change mode to rwxr-xr-x: Operation not permitted
build	Cache Android SDK	2026-06-06T12:22:43.0340400Z /usr/bin/tar: ../../../../../usr/local/lib/android/sdk/platforms/android-34-ext12/data/res/values-mcc310-mnc230-km: Cannot utime: Operation not permitted
build	Cache Android SDK	2026-06-06T12:22:43.0341350Z /usr/bin/tar: ../../../../../usr/local/lib/android/sdk/platforms/android-34-ext12/data/res/values-mcc310-mnc230-km: Cannot change mode to rwxr-xr-x: Operation not permitted
build	Cache Android SDK	2026-06-06T12:22:43.0343624Z /usr/bin/tar: ../../../../../usr/local/lib/android/sdk/platforms/android-34-ext12/data/res/values-mcc310-mnc490-km: Cannot utime: Operation not permitted
build	Cache Android SDK	2026-06-06T12:22:43.0344586Z /usr/bin/tar: ../../../../../usr/local/lib/android/sdk/platforms/android-34-ext12/data/res/values-mcc310-mnc490-km: Cannot change mode to rwxr-xr-x: Operation not permitted
build	Cache Android SDK	2026-06-06T12:22:43.0346791Z /usr/bin/tar: ../../../../../usr/local/lib/android/sdk/platforms/android-34-ext12/data/res/values-mcc310-mnc280-sl: Cannot utime: Operation not permitted
build	Cache Android SDK	2026-06-06T12:22:43.0347852Z /usr/bin/tar: ../../../../../usr/local/lib/android/sdk/platforms/android-34-ext12/data/res/values-mcc310-mnc280-sl: Cannot change mode to rwxr-xr-x: Operation not permitted
build	Cache Android SDK	2026-06-06T12:22:43.0350382Z /usr/bin/tar: ../../../../../usr/local/lib/android/sdk/platforms/android-34-ext12/data/res/values-en-rGB-watch: Cannot utime: Operation not permitted
build	Cache Android SDK	2026-06-06T12:22:43.0351329Z /usr/bin/tar: ../../../../../usr/local/lib/android/sdk/platforms/android-34-ext12/data/res/values-en-rGB-watch: Cannot change mode to rwxr-xr-x: Operation not permitted
build	Cache Android SDK	2026-06-06T12:22:43.0354048Z /usr/bin/tar: ../../../../../usr/local/lib/android/sdk/platforms/android-34-ext12/data/res/values-mcc302-mnc720-ky: Cannot utime: Operation not permitted
build	Cache Android SDK	2026-06-06T12:22:43.0355002Z /usr/bin/tar: ../../../../../usr/local/lib/android/sdk/platforms/android-34-ext12/data/res/values-mcc302-mnc720-ky: Cannot change mode to rwxr-xr-x: Operation not permitted
build	Cache Android SDK	2026-06-06T12:22:43.0357190Z /usr/bin/tar: ../../../../../usr/local/lib/android/sdk/platforms/android-34-ext12/data/res/values-sv-watch: Cannot utime: Operation not permitted
build	Cache Android SDK	2026-06-06T12:22:43.0358203Z /usr/bin/tar: ../../../../../usr/local/lib/android/sdk/platforms/android-34-ext12/data/res/values-sv-watch: Cannot change mode to rwxr-xr-x: Operation not permitted
build	Cache Android SDK	2026-06-06T12:22:43.0360566Z /usr/bin/tar: ../../../../../usr/local/lib/android/sdk/platforms/android-34-ext12/data/res/values-mcc204-mnc04: Cannot utime: Operation not permitted
build	Cache Android SDK	2026-06-06T12:22:43.0361493Z /usr/bin/tar: ../../../../../usr/local/lib/android/sdk/platforms/android-34-ext12/data/res/values-mcc204-mnc04: Cannot change mode to rwxr-xr-x: Operation not permitted
build	Cache Android SDK	2026-06-06T12:22:43.0363578Z /usr/bin/tar: ../../../../../usr/local/lib/android/sdk/platforms/android-34-ext12/data/res/values-mcc310-mnc410-fi: Cannot utime: Operation not permitted
build	Cache Android SDK	2026-06-06T12:22:43.0364713Z /usr/bin/tar: ../../../../../usr/local/lib/android/sdk/platforms/android-34-ext12/data/res/values-mcc310-mnc410-fi: Cannot change mode to rwxr-xr-x: Operation not permitted
build	Cache Android SDK	2026-06-06T12:22:43.0366878Z /usr/bin/tar: ../../../../../usr/local/lib/android/sdk/platforms/android-34-ext12/data/res/values-mcc310-mnc800-be: Cannot utime: Operation not permitted
build	Cache Android SDK	2026-06-06T12:22:43.0367939Z /usr/bin/tar: ../../../../../usr/local/lib/android/sdk/platforms/android-34-ext12/data/res/values-mcc310-mnc800-be: Cannot change mode to rwxr-xr-x: Operation not permitted
build	Cache Android SDK	2026-06-06T12:22:43.0370149Z /usr/bin/tar: ../../../../../usr/local/lib/android/sdk/platforms/android-34-ext12/data/res/raw-iw: Cannot utime: Operation not permitted
build	Cache Android SDK	2026-06-06T12:22:43.0371000Z /usr/bin/tar: ../../../../../usr/local/lib/android/sdk/platforms/android-34-ext12/data/res/raw-iw: Cannot change mode to rwxr-xr-x: Operation not permitted
build	Cache Android SDK	2026-06-06T12:22:43.0373537Z /usr/bin/tar: ../../../../../usr/local/lib/android/sdk/platforms/android-34-ext12/data/res/values-mcc312-mnc670-mn: Cannot utime: Operation not permitted
build	Cache Android SDK	2026-06-06T12:22:43.0374495Z /usr/bin/tar: ../../../../../usr/local/lib/android/sdk/platforms/android-34-ext12/data/res/values-mcc312-mnc670-mn: Cannot change mode to rwxr-xr-x: Operation not permitted
build	Cache Android SDK	2026-06-06T12:22:43.0376546Z /usr/bin/tar: ../../../../../usr/local/lib/android/sdk/platforms/android-34-ext12/data/res/values-mcc310-mnc240-gl: Cannot utime: Operation not permitted
build	Cache Android SDK	2026-06-06T12:22:43.0377652Z /usr/bin/tar: ../../../../../usr/local/lib/android/sdk/platforms/android-34-ext12/data/res/values-mcc310-mnc240-gl: Cannot change mode to rwxr-xr-x: Operation not permitted
build	Cache Android SDK	2026-06-06T12:22:43.0379712Z /usr/bin/tar: ../../../../../usr/local/lib/android/sdk/platforms/android-34-ext12/data/res/values-mcc310-mnc270-gl: Cannot utime: Operation not permitted
build	Cache Android SDK	2026-06-06T12:22:43.0380685Z /usr/bin/tar: ../../../../../usr/local/lib/android/sdk/platforms/android-34-ext12/data/res/values-mcc310-mnc270-gl: Cannot change mode to rwxr-xr-x: Operation not permitted
build	Cache Android SDK	2026-06-06T12:22:43.0382707Z /usr/bin/tar: ../../../../../usr/local/lib/android/sdk/platforms/android-34-ext12/data/res/values-mcc310-mnc380-ru: Cannot utime: Operation not permitted
build	Cache Android SDK	2026-06-06T12:22:43.0383671Z /usr/bin/tar: ../../../../../usr/local/lib/android/sdk/platforms/android-34-ext12/data/res/values-mcc310-mnc380-ru: Cannot change mode to rwxr-xr-x: Operation not permitted
build	Cache Android SDK	2026-06-06T12:22:43.0385937Z /usr/bin/tar: ../../../../../usr/local/lib/android/sdk/platforms/android-34-ext12/data/res/values-mcc001-mnc01-fr-rCA: Cannot utime: Operation not permitted
build	Cache Android SDK	2026-06-06T12:22:43.0386957Z /usr/bin/tar: ../../../../../usr/local/lib/android/sdk/platforms/android-34-ext12/data/res/values-mcc001-mnc01-fr-rCA: Cannot change mode to rwxr-xr-x: Operation not permitted
build	Cache Android SDK	2026-06-06T12:22:43.0389574Z /usr/bin/tar: ../../../../../usr/local/lib/android/sdk/platforms/android-34-ext12/data/res/values-zu-television: Cannot utime: Operation not permitted
build	Cache Android SDK	2026-06-06T12:22:43.0390533Z /usr/bin/tar: ../../../../../usr/local/lib/android/sdk/platforms/android-34-ext12/data/res/values-zu-television: Cannot change mode to rwxr-xr-x: Operation not permitted
build	Cache Android SDK	2026-06-06T12:22:43.0392744Z /usr/bin/tar: ../../../../../usr/local/lib/android/sdk/platforms/android-34-ext12/data/res/values-mcc310-mnc240-pl: Cannot utime: Operation not permitted
build	Cache Android SDK	2026-06-06T12:22:43.0393704Z /usr/bin/tar: ../../../../../usr/local/lib/android/sdk/platforms/android-34-ext12/data/res/values-mcc310-mnc240-pl: Cannot change mode to rwxr-xr-x: Operation not permitted
build	Cache Android SDK	2026-06-06T12:22:43.0395782Z /usr/bin/tar: ../../../../../usr/local/lib/android/sdk/platforms/android-34-ext12/data/res/values-mcc334-mnc020-lo: Cannot utime: Operation not permitted
build	Cache Android SDK	2026-06-06T12:22:43.0396737Z /usr/bin/tar: ../../../../../usr/local/lib/android/sdk/platforms/android-34-ext12/data/res/values-mcc334-mnc020-lo: Cannot change mode to rwxr-xr-x: Operation not permitted
build	Cache Android SDK	2026-06-06T12:22:43.0399230Z /usr/bin/tar: ../../../../../usr/local/lib/android/sdk/platforms/android-34-ext12/data/res/values-mcc310-mnc240-nb: Cannot utime: Operation not permitted
build	Cache Android SDK	2026-06-06T12:22:43.0400360Z /usr/bin/tar: ../../../../../usr/local/lib/android/sdk/platforms/android-34-ext12/data/res/values-mcc310-mnc240-nb: Cannot change mode to rwxr-xr-x: Operation not permitted
build	Cache Android SDK	2026-06-06T12:22:43.0402570Z /usr/bin/tar: ../../../../../usr/local/lib/android/sdk/platforms/android-34-ext12/data/res/values-mcc310-mnc240-fa: Cannot utime: Operation not permitted
build	Cache Android SDK	2026-06-06T12:22:43.0403529Z /usr/bin/tar: ../../../../../usr/local/lib/android/sdk/platforms/android-34-ext12/data/res/values-mcc310-mnc240-fa: Cannot change mode to rwxr-xr-x: Operation not permitted
build	Cache Android SDK	2026-06-06T12:22:43.0405362Z /usr/bin/tar: ../../../../../usr/local/lib/android/sdk/platforms/android-34-ext12/data/res/values-pl-rPL: Cannot utime: Operation not permitted
build	Cache Android SDK	2026-06-06T12:22:43.0406380Z /usr/bin/tar: ../../../../../usr/local/lib/android/sdk/platforms/android-34-ext12/data/res/values-pl-rPL: Cannot change mode to rwxr-xr-x: Operation not permitted
build	Cache Android SDK	2026-06-06T12:22:43.0408646Z /usr/bin/tar: ../../../../../usr/local/lib/android/sdk/platforms/android-34-ext12/data/res/values-mcc310-mnc660-mr: Cannot utime: Operation not permitted
build	Cache Android SDK	2026-06-06T12:22:43.0409595Z /usr/bin/tar: ../../../../../usr/local/lib/android/sdk/platforms/android-34-ext12/data/res/values-mcc310-mnc660-mr: Cannot change mode to rwxr-xr-x: Operation not permitted
build	Cache Android SDK	2026-06-06T12:22:43.0411395Z /usr/bin/tar: ../../../../../usr/local/lib/android/sdk/platforms/android-34-ext12/data/res/values-mcc310-mnc270-bn: Cannot utime: Operation not permitted
build	Cache Android SDK	2026-06-06T12:22:43.0412337Z /usr/bin/tar: ../../../../../usr/local/lib/android/sdk/platforms/android-34-ext12/data/res/values-mcc310-mnc270-bn: Cannot change mode to rwxr-xr-x: Operation not permitted
build	Cache Android SDK	2026-06-06T12:22:43.0414436Z /usr/bin/tar: ../../../../../usr/local/lib/android/sdk/platforms/android-34-ext12/data/res/values-mcc310-mnc660-mk: Cannot utime: Operation not permitted
build	Cache Android SDK	2026-06-06T12:22:43.0415392Z /usr/bin/tar: ../../../../../usr/local/lib/android/sdk/platforms/android-34-ext12/data/res/values-mcc310-mnc660-mk: Cannot change mode to rwxr-xr-x: Operation not permitted
build	Cache Android SDK	2026-06-06T12:22:43.0418248Z /usr/bin/tar: ../../../../../usr/local/lib/android/sdk/platforms/android-34-ext12/data/res/values-mcc310-mnc160-et: Cannot utime: Operation not permitted
build	Cache Android SDK	2026-06-06T12:22:43.0419199Z /usr/bin/tar: ../../../../../usr/local/lib/android/sdk/platforms/android-34-ext12/data/res/values-mcc310-mnc160-et: Cannot change mode to rwxr-xr-x: Operation not permitted
build	Cache Android SDK	2026-06-06T12:22:43.0422495Z /usr/bin/tar: ../../../../../usr/local/lib/android/sdk/platforms/android-34-ext12/data/res/values-fa-television: Cannot utime: Operation not permitted
build	Cache Android SDK	2026-06-06T12:22:43.0424227Z /usr/bin/tar: ../../../../../usr/local/lib/android/sdk/platforms/android-34-ext12/data/res/values-fa-television: Cannot change mode to rwxr-xr-x: Operation not permitted
build	Cache Android SDK	2026-06-06T12:22:43.0425759Z /usr/bin/tar: ../../../../../usr/local/lib/android/sdk/platforms/android-34-ext12/data/res/values-mcc310-mnc560-hi: Cannot utime: Operation not permitted
build	Cache Android SDK	2026-06-06T12:22:43.0427548Z /usr/bin/tar: ../../../../../usr/local/lib/android/sdk/platforms/android-34-ext12/data/res/values-mcc310-mnc560-hi: Cannot change mode to rwxr-xr-x: Operation not permitted
build	Cache Android SDK	2026-06-06T12:22:43.0428914Z /usr/bin/tar: ../../../../../usr/local/lib/android/sdk/platforms/android-34-ext12/data/res/raw-en-rGB: Cannot utime: Operation not permitted
build	Cache Android SDK	2026-06-06T12:22:43.0429810Z /usr/bin/tar: ../../../../../usr/local/lib/android/sdk/platforms/android-34-ext12/data/res/raw-en-rGB: Cannot change mode to rwxr-xr-x: Operation not permitted
build	Cache Android SDK	2026-06-06T12:22:43.0431720Z /usr/bin/tar: ../../../../../usr/local/lib/android/sdk/platforms/android-34-ext12/data/res/values-eu-watch: Cannot utime: Operation not permitted
build	Cache Android SDK	2026-06-06T12:22:43.0432679Z /usr/bin/tar: ../../../../../usr/local/lib/android/sdk/platforms/android-34-ext12/data/res/values-eu-watch: Cannot change mode to rwxr-xr-x: Operation not permitted
build	Cache Android SDK	2026-06-06T12:22:43.0434958Z /usr/bin/tar: ../../../../../usr/local/lib/android/sdk/platforms/android-34-ext12/data/res/values-mcc310-mnc660-ko: Cannot utime: Operation not permitted
build	Cache Android SDK	2026-06-06T12:22:43.0435939Z /usr/bin/tar: ../../../../../usr/local/lib/android/sdk/platforms/android-34-ext12/data/res/values-mcc310-mnc660-ko: Cannot change mode to rwxr-xr-x: Operation not permitted
build	Cache Android SDK	2026-06-06T12:22:43.0438251Z /usr/bin/tar: ../../../../../usr/local/lib/android/sdk/platforms/android-34-ext12/data/res/values-mcc311-mnc180-mn: Cannot utime: Operation not permitted
build	Cache Android SDK	2026-06-06T12:22:43.0439221Z /usr/bin/tar: ../../../../../usr/local/lib/android/sdk/platforms/android-34-ext12/data/res/values-mcc311-mnc180-mn: Cannot change mode to rwxr-xr-x: Operation not permitted
build	Cache Android SDK	2026-06-06T12:22:43.0442019Z /usr/bin/tar: ../../../../../usr/local/lib/android/sdk/platforms/android-34-ext12/data/res/values-mcc310-mnc240-ml: Cannot utime: Operation not permitted
build	Cache Android SDK	2026-06-06T12:22:43.0443378Z /usr/bin/tar: ../../../../../usr/local/lib/android/sdk/platforms/android-34-ext12/data/res/values-mcc310-mnc240-ml: Cannot change mode to rwxr-xr-x: Operation not permitted
build	Cache Android SDK	2026-06-06T12:22:43.0445223Z /usr/bin/tar: ../../../../../usr/local/lib/android/sdk/platforms/android-34-ext12/data/res/values-mcc310-mnc490-kk: Cannot utime: Operation not permitted
build	Cache Android SDK	2026-06-06T12:22:43.0446210Z /usr/bin/tar: ../../../../../usr/local/lib/android/sdk/platforms/android-34-ext12/data/res/values-mcc310-mnc490-kk: Cannot change mode to rwxr-xr-x: Operation not permitted
build	Cache Android SDK	2026-06-06T12:22:43.0448776Z /usr/bin/tar: ../../../../../usr/local/lib/android/sdk/platforms/android-34-ext12/data/res/values-mcc310-mnc240-bg: Cannot utime: Operation not permitted
build	Cache Android SDK	2026-06-06T12:22:43.0449766Z /usr/bin/tar: ../../../../../usr/local/lib/android/sdk/platforms/android-34-ext12/data/res/values-mcc310-mnc240-bg: Cannot change mode to rwxr-xr-x: Operation not permitted
build	Cache Android SDK	2026-06-06T12:22:43.0454208Z /usr/bin/tar: ../../../../../usr/local/lib/android/sdk/platforms/android-34-ext12/data/res/values-mcc310-mnc240-zu: Cannot utime: Operation not permitted
build	Cache Android SDK	2026-06-06T12:22:43.0455195Z /usr/bin/tar: ../../../../../usr/local/lib/android/sdk/platforms/android-34-ext12/data/res/values-mcc310-mnc240-zu: Cannot change mode to rwxr-xr-x: Operation not permitted
build	Cache Android SDK	2026-06-06T12:22:43.0457181Z /usr/bin/tar: ../../../../../usr/local/lib/android/sdk/platforms/android-34-ext12/data/res/values-mcc310-mnc410-tl: Cannot utime: Operation not permitted
build	Cache Android SDK	2026-06-06T12:22:43.0458270Z /usr/bin/tar: ../../../../../usr/local/lib/android/sdk/platforms/android-34-ext12/data/res/values-mcc310-mnc410-tl: Cannot change mode to rwxr-xr-x: Operation not permitted
build	Cache Android SDK	2026-06-06T12:22:43.0460149Z /usr/bin/tar: ../../../../../usr/local/lib/android/sdk/platforms/android-34-ext12/data/res/values-mcc310-mnc220-ky: Cannot utime: Operation not permitted
build	Cache Android SDK	2026-06-06T12:22:43.0461134Z /usr/bin/tar: ../../../../../usr/local/lib/android/sdk/platforms/android-34-ext12/data/res/values-mcc310-mnc220-ky: Cannot change mode to rwxr-xr-x: Operation not permitted
build	Cache Android SDK	2026-06-06T12:22:43.0463355Z /usr/bin/tar: ../../../../../usr/local/lib/android/sdk/platforms/android-34-ext12/data/res/values-mcc310-mnc560-or: Cannot utime: Operation not permitted
build	Cache Android SDK	2026-06-06T12:22:43.0464320Z /usr/bin/tar: ../../../../../usr/local/lib/android/sdk/platforms/android-34-ext12/data/res/values-mcc310-mnc560-or: Cannot change mode to rwxr-xr-x: Operation not permitted
build	Cache Android SDK	2026-06-06T12:22:43.0466595Z /usr/bin/tar: ../../../../../usr/local/lib/android/sdk/platforms/android-34-ext12/data/res/values-mcc302-mnc720-da: Cannot utime: Operation not permitted
build	Cache Android SDK	2026-06-06T12:22:43.0467705Z /usr/bin/tar: ../../../../../usr/local/lib/android/sdk/platforms/android-34-ext12/data/res/values-mcc302-mnc720-da: Cannot change mode to rwxr-xr-x: Operation not permitted
build	Cache Android SDK	2026-06-06T12:22:43.0470332Z /usr/bin/tar: ../../../../../usr/local/lib/android/sdk/platforms/android-34-ext12/data/res/values-mcc302-mnc720-pa: Cannot utime: Operation not permitted
build	Cache Android SDK	2026-06-06T12:22:43.0471329Z /usr/bin/tar: ../../../../../usr/local/lib/android/sdk/platforms/android-34-ext12/data/res/values-mcc302-mnc720-pa: Cannot change mode to rwxr-xr-x: Operation not permitted
build	Cache Android SDK	2026-06-06T12:22:43.0473868Z /usr/bin/tar: ../../../../../usr/local/lib/android/sdk/platforms/android-34-ext12/data/res/values-mcc334-mnc020-in: Cannot utime: Operation not permitted
build	Cache Android SDK	2026-06-06T12:22:43.0474835Z /usr/bin/tar: ../../../../../usr/local/lib/android/sdk/platforms/android-34-ext12/data/res/values-mcc334-mnc020-in: Cannot change mode to rwxr-xr-x: Operation not permitted
build	Cache Android SDK	2026-06-06T12:22:43.0477323Z /usr/bin/tar: ../../../../../usr/local/lib/android/sdk/platforms/android-34-ext12/data/res/values-mcc310-mnc490-fr-rCA: Cannot utime: Operation not permitted
build	Cache Android SDK	2026-06-06T12:22:43.0478454Z /usr/bin/tar: ../../../../../usr/local/lib/android/sdk/platforms/android-34-ext12/data/res/values-mcc310-mnc490-fr-rCA: Cannot change mode to rwxr-xr-x: Operation not permitted
build	Cache Android SDK	2026-06-06T12:22:43.0481021Z /usr/bin/tar: ../../../../../usr/local/lib/android/sdk/platforms/android-34-ext12/data/res/values-mcc312-mnc670-en-rAU: Cannot utime: Operation not permitted
build	Cache Android SDK	2026-06-06T12:22:43.0482033Z /usr/bin/tar: ../../../../../usr/local/lib/android/sdk/platforms/android-34-ext12/data/res/values-mcc312-mnc670-en-rAU: Cannot change mode to rwxr-xr-x: Operation not permitted
build	Cache Android SDK	2026-06-06T12:22:43.0483878Z /usr/bin/tar: ../../../../../usr/local/lib/android/sdk/platforms/android-34-ext12/data/res/values-mcc302-mnc370-et: Cannot utime: Operation not permitted
build	Cache Android SDK	2026-06-06T12:22:43.0484874Z /usr/bin/tar: ../../../../../usr/local/lib/android/sdk/platforms/android-34-ext12/data/res/values-mcc302-mnc370-et: Cannot change mode to rwxr-xr-x: Operation not permitted
build	Cache Android SDK	2026-06-06T12:22:43.0487228Z /usr/bin/tar: ../../../../../usr/local/lib/android/sdk/platforms/android-34-ext12/data/res/values-mcc313-mnc100-fr-rCA: Cannot utime: Operation not permitted
build	Cache Android SDK	2026-06-06T12:22:43.0488455Z /usr/bin/tar: ../../../../../usr/local/lib/android/sdk/platforms/android-34-ext12/data/res/values-mcc313-mnc100-fr-rCA: Cannot change mode to rwxr-xr-x: Operation not permitted
build	Cache Android SDK	2026-06-06T12:22:43.0490244Z /usr/bin/tar: ../../../../../usr/local/lib/android/sdk/platforms/android-34-ext12/data/res/values-mcc310-mnc150-en-rAU: Cannot utime: Operation not permitted
build	Cache Android SDK	2026-06-06T12:22:43.0491260Z /usr/bin/tar: ../../../../../usr/local/lib/android/sdk/platforms/android-34-ext12/data/res/values-mcc310-mnc150-en-rAU: Cannot change mode to rwxr-xr-x: Operation not permitted
build	Cache Android SDK	2026-06-06T12:22:43.0502687Z /usr/bin/tar: ../../../../../usr/local/lib/android/sdk/platforms/android-34-ext12/data/res/xml: Cannot utime: Operation not permitted
build	Cache Android SDK	2026-06-06T12:22:43.0503717Z /usr/bin/tar: ../../../../../usr/local/lib/android/sdk/platforms/android-34-ext12/data/res/xml: Cannot change mode to rwxr-xr-x: Operation not permitted
build	Cache Android SDK	2026-06-06T12:22:43.0505580Z /usr/bin/tar: ../../../../../usr/local/lib/android/sdk/platforms/android-34-ext12/data/res/values-mcc310-mnc800-sr: Cannot utime: Operation not permitted
build	Cache Android SDK	2026-06-06T12:22:43.0506583Z /usr/bin/tar: ../../../../../usr/local/lib/android/sdk/platforms/android-34-ext12/data/res/values-mcc310-mnc800-sr: Cannot change mode to rwxr-xr-x: Operation not permitted
build	Cache Android SDK	2026-06-06T12:22:43.0508120Z /usr/bin/tar: ../../../../../usr/local/lib/android/sdk/platforms/android-34-ext12/data/res/values-mcc310-mnc380-zh-rCN: Cannot utime: Operation not permitted
build	Cache Android SDK	2026-06-06T12:22:43.0509101Z /usr/bin/tar: ../../../../../usr/local/lib/android/sdk/platforms/android-34-ext12/data/res/values-mcc310-mnc380-zh-rCN: Cannot change mode to rwxr-xr-x: Operation not permitted
build	Cache Android SDK	2026-06-06T12:22:43.0511065Z /usr/bin/tar: ../../../../../usr/local/lib/android/sdk/platforms/android-34-ext12/data/res/values-mcc310-mnc950-ms: Cannot utime: Operation not permitted
build	Cache Android SDK	2026-06-06T12:22:43.0512036Z /usr/bin/tar: ../../../../../usr/local/lib/android/sdk/platforms/android-34-ext12/data/res/values-mcc310-mnc950-ms: Cannot change mode to rwxr-xr-x: Operation not permitted
build	Cache Android SDK	2026-06-06T12:22:43.0514299Z /usr/bin/tar: ../../../../../usr/local/lib/android/sdk/platforms/android-34-ext12/data/res/values-mcc310-mnc170-ms: Cannot utime: Operation not permitted
build	Cache Android SDK	2026-06-06T12:22:43.0515488Z /usr/bin/tar: ../../../../../usr/local/lib/android/sdk/platforms/android-34-ext12/data/res/values-mcc310-mnc170-ms: Cannot change mode to rwxr-xr-x: Operation not permitted
build	Cache Android SDK	2026-06-06T12:22:43.0517981Z /usr/bin/tar: ../../../../../usr/local/lib/android/sdk/platforms/android-34-ext12/data/res/values-mcc310-mnc230-sq: Cannot utime: Operation not permitted
build	Cache Android SDK	2026-06-06T12:22:43.0518948Z /usr/bin/tar: ../../../../../usr/local/lib/android/sdk/platforms/android-34-ext12/data/res/values-mcc310-mnc230-sq: Cannot change mode to rwxr-xr-x: Operation not permitted
build	Cache Android SDK	2026-06-06T12:22:43.0523062Z /usr/bin/tar: ../../../../../usr/local/lib/android/sdk/platforms/android-34-ext12/data/res/values-mcc334-mnc020-b+sr+Latn: Cannot utime: Operation not permitted
build	Cache Android SDK	2026-06-06T12:22:43.0524184Z /usr/bin/tar: ../../../../../usr/local/lib/android/sdk/platforms/android-34-ext12/data/res/values-mcc334-mnc020-b+sr+Latn: Cannot change mode to rwxr-xr-x: Operation not permitted
build	Cache Android SDK	2026-06-06T12:22:43.0526307Z /usr/bin/tar: ../../../../../usr/local/lib/android/sdk/platforms/android-34-ext12/data/res/values-mcc310-mnc800-pt: Cannot utime: Operation not permitted
build	Cache Android SDK	2026-06-06T12:22:43.0527266Z /usr/bin/tar: ../../../../../usr/local/lib/android/sdk/platforms/android-34-ext12/data/res/values-mcc310-mnc800-pt: Cannot change mode to rwxr-xr-x: Operation not permitted
build	Cache Android SDK	2026-06-06T12:22:43.0529344Z /usr/bin/tar: ../../../../../usr/local/lib/android/sdk/platforms/android-34-ext12/data/res/values-mcc310-mnc250-iw: Cannot utime: Operation not permitted
build	Cache Android SDK	2026-06-06T12:22:43.0530295Z /usr/bin/tar: ../../../../../usr/local/lib/android/sdk/platforms/android-34-ext12/data/res/values-mcc310-mnc250-iw: Cannot change mode to rwxr-xr-x: Operation not permitted
build	Cache Android SDK	2026-06-06T12:22:43.0532981Z /usr/bin/tar: ../../../../../usr/local/lib/android/sdk/platforms/android-34-ext12/data/res/mipmap-hdpi: Cannot utime: Operation not permitted
build	Cache Android SDK	2026-06-06T12:22:43.0535901Z /usr/bin/tar: ../../../../../usr/local/lib/android/sdk/platforms/android-34-ext12/data/res/mipmap-hdpi: Cannot change mode to rwxr-xr-x: Operation not permitted
build	Cache Android SDK	2026-06-06T12:22:43.0536822Z /usr/bin/tar: ../../../../../usr/local/lib/android/sdk/platforms/android-34-ext12/data/res/values-mcc310-mnc950-af: Cannot utime: Operation not permitted
build	Cache Android SDK	2026-06-06T12:22:43.0537873Z /usr/bin/tar: ../../../../../usr/local/lib/android/sdk/platforms/android-34-ext12/data/res/values-mcc310-mnc950-af: Cannot change mode to rwxr-xr-x: Operation not permitted
build	Cache Android SDK	2026-06-06T12:22:43.0539379Z /usr/bin/tar: ../../../../../usr/local/lib/android/sdk/platforms/android-34-ext12/data/res/values-mcc310-mnc210-kk: Cannot utime: Operation not permitted
build	Cache Android SDK	2026-06-06T12:22:43.0540324Z /usr/bin/tar: ../../../../../usr/local/lib/android/sdk/platforms/android-34-ext12/data/res/values-mcc310-mnc210-kk: Cannot change mode to rwxr-xr-x: Operation not permitted
build	Cache Android SDK	2026-06-06T12:22:43.0542389Z /usr/bin/tar: ../../../../../usr/local/lib/android/sdk/platforms/android-34-ext12/data/res/values-mcc302-mnc720-ne: Cannot utime: Operation not permitted
build	Cache Android SDK	2026-06-06T12:22:43.0543348Z /usr/bin/tar: ../../../../../usr/local/lib/android/sdk/platforms/android-34-ext12/data/res/values-mcc302-mnc720-ne: Cannot change mode to rwxr-xr-x: Operation not permitted
build	Cache Android SDK	2026-06-06T12:22:43.0545364Z /usr/bin/tar: ../../../../../usr/local/lib/android/sdk/platforms/android-34-ext12/data/res/values-mcc334-mnc020-th: Cannot utime: Operation not permitted
build	Cache Android SDK	2026-06-06T12:22:43.0546374Z /usr/bin/tar: ../../../../../usr/local/lib/android/sdk/platforms/android-34-ext12/data/res/values-mcc334-mnc020-th: Cannot change mode to rwxr-xr-x: Operation not permitted
build	Cache Android SDK	2026-06-06T12:22:43.0548755Z /usr/bin/tar: ../../../../../usr/local/lib/android/sdk/platforms/android-34-ext12/data/res/values-mcc310-mnc280-is: Cannot utime: Operation not permitted
build	Cache Android SDK	2026-06-06T12:22:43.0549720Z /usr/bin/tar: ../../../../../usr/local/lib/android/sdk/platforms/android-34-ext12/data/res/values-mcc310-mnc280-is: Cannot change mode to rwxr-xr-x: Operation not permitted
build	Cache Android SDK	2026-06-06T12:22:43.0551836Z /usr/bin/tar: ../../../../../usr/local/lib/android/sdk/platforms/android-34-ext12/data/res/values-mcc313-mnc100-be: Cannot utime: Operation not permitted
build	Cache Android SDK	2026-06-06T12:22:43.0552791Z /usr/bin/tar: ../../../../../usr/local/lib/android/sdk/platforms/android-34-ext12/data/res/values-mcc313-mnc100-be: Cannot change mode to rwxr-xr-x: Operation not permitted
build	Cache Android SDK	2026-06-06T12:22:43.0558942Z /usr/bin/tar: ../../../../../usr/local/lib/android/sdk/platforms/android-34-ext12/data/res/values-es-rUS: Cannot utime: Operation not permitted
build	Cache Android SDK	2026-06-06T12:22:43.0559937Z /usr/bin/tar: ../../../../../usr/local/lib/android/sdk/platforms/android-34-ext12/data/res/values-es-rUS: Cannot change mode to rwxr-xr-x: Operation not permitted
build	Cache Android SDK	2026-06-06T12:22:43.0562772Z /usr/bin/tar: ../../../../../usr/local/lib/android/sdk/platforms/android-34-ext12/data/res/values-mcc311-mnc180-te: Cannot utime: Operation not permitted
build	Cache Android SDK	2026-06-06T12:22:43.0564675Z /usr/bin/tar: ../../../../../usr/local/lib/android/sdk/platforms/android-34-ext12/data/res/values-mcc311-mnc180-te: Cannot change mode to rwxr-xr-x: Operation not permitted
build	Cache Android SDK	2026-06-06T12:22:43.0565857Z /usr/bin/tar: ../../../../../usr/local/lib/android/sdk/platforms/android-34-ext12/data/res/values-mcc310-mnc030-ko: Cannot utime: Operation not permitted
build	Cache Android SDK	2026-06-06T12:22:43.0567046Z /usr/bin/tar: ../../../../../usr/local/lib/android/sdk/platforms/android-34-ext12/data/res/values-mcc310-mnc030-ko: Cannot change mode to rwxr-xr-x: Operation not permitted
build	Cache Android SDK	2026-06-06T12:22:43.0568889Z /usr/bin/tar: ../../../../../usr/local/lib/android/sdk/platforms/android-34-ext12/data/res/values-da-television: Cannot utime: Operation not permitted
build	Cache Android SDK	2026-06-06T12:22:43.0569863Z /usr/bin/tar: ../../../../../usr/local/lib/android/sdk/platforms/android-34-ext12/data/res/values-da-television: Cannot change mode to rwxr-xr-x: Operation not permitted
build	Cache Android SDK	2026-06-06T12:22:43.0572530Z /usr/bin/tar: ../../../../../usr/local/lib/android/sdk/platforms/android-34-ext12/data/res/values-mcc310-mnc240-be: Cannot utime: Operation not permitted
build	Cache Android SDK	2026-06-06T12:22:43.0573551Z /usr/bin/tar: ../../../../../usr/local/lib/android/sdk/platforms/android-34-ext12/data/res/values-mcc310-mnc240-be: Cannot change mode to rwxr-xr-x: Operation not permitted
build	Cache Android SDK	2026-06-06T12:22:43.0576132Z /usr/bin/tar: ../../../../../usr/local/lib/android/sdk/platforms/android-34-ext12/data/res/values-mr-television: Cannot utime: Operation not permitted
build	Cache Android SDK	2026-06-06T12:22:43.0577103Z /usr/bin/tar: ../../../../../usr/local/lib/android/sdk/platforms/android-34-ext12/data/res/values-mr-television: Cannot change mode to rwxr-xr-x: Operation not permitted
build	Cache Android SDK	2026-06-06T12:22:43.0579703Z /usr/bin/tar: ../../../../../usr/local/lib/android/sdk/platforms/android-34-ext12/data/res/values-mcc310-mnc490-tl: Cannot utime: Operation not permitted
build	Cache Android SDK	2026-06-06T12:22:43.0580708Z /usr/bin/tar: ../../../../../usr/local/lib/android/sdk/platforms/android-34-ext12/data/res/values-mcc310-mnc490-tl: Cannot change mode to rwxr-xr-x: Operation not permitted
build	Cache Android SDK	2026-06-06T12:22:43.0583045Z /usr/bin/tar: ../../../../../usr/local/lib/android/sdk/platforms/android-34-ext12/data/res/values-mcc310-mnc240-cs: Cannot utime: Operation not permitted
build	Cache Android SDK	2026-06-06T12:22:43.0584021Z /usr/bin/tar: ../../../../../usr/local/lib/android/sdk/platforms/android-34-ext12/data/res/values-mcc310-mnc240-cs: Cannot change mode to rwxr-xr-x: Operation not permitted
build	Cache Android SDK	2026-06-06T12:22:43.0585996Z /usr/bin/tar: ../../../../../usr/local/lib/android/sdk/platforms/android-34-ext12/data/res/values-mcc310-mnc250-af: Cannot utime: Operation not permitted
build	Cache Android SDK	2026-06-06T12:22:43.0586977Z /usr/bin/tar: ../../../../../usr/local/lib/android/sdk/platforms/android-34-ext12/data/res/values-mcc310-mnc250-af: Cannot change mode to rwxr-xr-x: Operation not permitted
build	Cache Android SDK	2026-06-06T12:22:43.0589804Z /usr/bin/tar: ../../../../../usr/local/lib/android/sdk/platforms/android-34-ext12/data/res/values-xlarge: Cannot utime: Operation not permitted
build	Cache Android SDK	2026-06-06T12:22:43.0590733Z /usr/bin/tar: ../../../../../usr/local/lib/android/sdk/platforms/android-34-ext12/data/res/values-xlarge: Cannot change mode to rwxr-xr-x: Operation not permitted
build	Cache Android SDK	2026-06-06T12:22:43.0592732Z /usr/bin/tar: ../../../../../usr/local/lib/android/sdk/platforms/android-34-ext12/data/res/values-mcc302-mnc370-zh-rTW: Cannot utime: Operation not permitted
build	Cache Android SDK	2026-06-06T12:22:43.0593723Z /usr/bin/tar: ../../../../../usr/local/lib/android/sdk/platforms/android-34-ext12/data/res/values-mcc302-mnc370-zh-rTW: Cannot change mode to rwxr-xr-x: Operation not permitted
build	Cache Android SDK	2026-06-06T12:22:43.0596948Z /usr/bin/tar: ../../../../../usr/local/lib/android/sdk/platforms/android-34-ext12/data/res/values-mcc310-mnc410-ca: Cannot utime: Operation not permitted
build	Cache Android SDK	2026-06-06T12:22:43.0598065Z /usr/bin/tar: ../../../../../usr/local/lib/android/sdk/platforms/android-34-ext12/data/res/values-mcc310-mnc410-ca: Cannot change mode to rwxr-xr-x: Operation not permitted
build	Cache Android SDK	2026-06-06T12:22:43.0599836Z /usr/bin/tar: ../../../../../usr/local/lib/android/sdk/platforms/android-34-ext12/data/res/values-mcc310-mnc410-my: Cannot utime: Operation not permitted
build	Cache Android SDK	2026-06-06T12:22:43.0600807Z /usr/bin/tar: ../../../../../usr/local/lib/android/sdk/platforms/android-34-ext12/data/res/values-mcc310-mnc410-my: Cannot change mode to rwxr-xr-x: Operation not permitted
build	Cache Android SDK	2026-06-06T12:22:43.0602664Z /usr/bin/tar: ../../../../../usr/local/lib/android/sdk/platforms/android-34-ext12/data/res/values-mcc310-mnc160-lo: Cannot utime: Operation not permitted
build	Cache Android SDK	2026-06-06T12:22:43.0603640Z /usr/bin/tar: ../../../../../usr/local/lib/android/sdk/platforms/android-34-ext12/data/res/values-mcc310-mnc160-lo: Cannot change mode to rwxr-xr-x: Operation not permitted
build	Cache Android SDK	2026-06-06T12:22:43.0605943Z /usr/bin/tar: ../../../../../usr/local/lib/android/sdk/platforms/android-34-ext12/data/res/values-mcc310-mnc660-ka: Cannot utime: Operation not permitted
build	Cache Android SDK	2026-06-06T12:22:43.0606919Z /usr/bin/tar: ../../../../../usr/local/lib/android/sdk/platforms/android-34-ext12/data/res/values-mcc310-mnc660-ka: Cannot change mode to rwxr-xr-x: Operation not permitted
build	Cache Android SDK	2026-06-06T12:22:43.0610320Z /usr/bin/tar: ../../../../../usr/local/lib/android/sdk/platforms/android-34-ext12/data/res/values-mcc310-mnc170-lv: Cannot utime: Operation not permitted
build	Cache Android SDK	2026-06-06T12:22:43.0611838Z /usr/bin/tar: ../../../../../usr/local/lib/android/sdk/platforms/android-34-ext12/data/res/values-mcc310-mnc170-lv: Cannot change mode to rwxr-xr-x: Operation not permitted
build	Cache Android SDK	2026-06-06T12:22:43.0613129Z /usr/bin/tar: ../../../../../usr/local/lib/android/sdk/platforms/android-34-ext12/data/res/values-mcc505-mnc01: Cannot utime: Operation not permitted
build	Cache Android SDK	2026-06-06T12:22:43.0614182Z /usr/bin/tar: ../../../../../usr/local/lib/android/sdk/platforms/android-34-ext12/data/res/values-mcc505-mnc01: Cannot change mode to rwxr-xr-x: Operation not permitted
build	Cache Android SDK	2026-06-06T12:22:43.0615930Z /usr/bin/tar: ../../../../../usr/local/lib/android/sdk/platforms/android-34-ext12/data/res/values-mcc310-mnc560-ky: Cannot utime: Operation not permitted
build	Cache Android SDK	2026-06-06T12:22:43.0616936Z /usr/bin/tar: ../../../../../usr/local/lib/android/sdk/platforms/android-34-ext12/data/res/values-mcc310-mnc560-ky: Cannot change mode to rwxr-xr-x: Operation not permitted
build	Cache Android SDK	2026-06-06T12:22:43.0620458Z /usr/bin/tar: ../../../../../usr/local/lib/android/sdk/platforms/android-34-ext12/data/res/values-my-television: Cannot utime: Operation not permitted
build	Cache Android SDK	2026-06-06T12:22:43.0621433Z /usr/bin/tar: ../../../../../usr/local/lib/android/sdk/platforms/android-34-ext12/data/res/values-my-television: Cannot change mode to rwxr-xr-x: Operation not permitted
build	Cache Android SDK	2026-06-06T12:22:43.0623459Z /usr/bin/tar: ../../../../../usr/local/lib/android/sdk/platforms/android-34-ext12/data/res/values-mcc310-mnc160-km: Cannot utime: Operation not permitted
build	Cache Android SDK	2026-06-06T12:22:43.0624431Z /usr/bin/tar: ../../../../../usr/local/lib/android/sdk/platforms/android-34-ext12/data/res/values-mcc310-mnc160-km: Cannot change mode to rwxr-xr-x: Operation not permitted
build	Cache Android SDK	2026-06-06T12:22:43.0628090Z /usr/bin/tar: ../../../../../usr/local/lib/android/sdk/platforms/android-34-ext12/data/res/layout-port: Cannot utime: Operation not permitted
build	Cache Android SDK	2026-06-06T12:22:43.0629902Z /usr/bin/tar: ../../../../../usr/local/lib/android/sdk/platforms/android-34-ext12/data/res/layout-port: Cannot change mode to rwxr-xr-x: Operation not permitted
build	Cache Android SDK	2026-06-06T12:22:43.0631693Z /usr/bin/tar: ../../../../../usr/local/lib/android/sdk/platforms/android-34-ext12/data/res/values-mcc310-mnc030-gl: Cannot utime: Operation not permitted
build	Cache Android SDK	2026-06-06T12:22:43.0632677Z /usr/bin/tar: ../../../../../usr/local/lib/android/sdk/platforms/android-34-ext12/data/res/values-mcc310-mnc030-gl: Cannot change mode to rwxr-xr-x: Operation not permitted
build	Cache Android SDK	2026-06-06T12:22:43.0635787Z /usr/bin/tar: ../../../../../usr/local/lib/android/sdk/platforms/android-34-ext12/data/res/values-mcc310-mnc230-ar: Cannot utime: Operation not permitted
build	Cache Android SDK	2026-06-06T12:22:43.0636936Z /usr/bin/tar: ../../../../../usr/local/lib/android/sdk/platforms/android-34-ext12/data/res/values-mcc310-mnc230-ar: Cannot change mode to rwxr-xr-x: Operation not permitted
build	Cache Android SDK	2026-06-06T12:22:43.0640036Z /usr/bin/tar: ../../../../../usr/local/lib/android/sdk/platforms/android-34-ext12/data/res/values-mcc310-mnc230-kn: Cannot utime: Operation not permitted
build	Cache Android SDK	2026-06-06T12:22:43.0641438Z /usr/bin/tar: ../../../../../usr/local/lib/android/sdk/platforms/android-34-ext12/data/res/values-mcc310-mnc230-kn: Cannot change mode to rwxr-xr-x: Operation not permitted
build	Cache Android SDK	2026-06-06T12:22:43.0644075Z /usr/bin/tar: ../../../../../usr/local/lib/android/sdk/platforms/android-34-ext12/data/res/values-in-rID: Cannot utime: Operation not permitted
build	Cache Android SDK	2026-06-06T12:22:43.0645343Z /usr/bin/tar: ../../../../../usr/local/lib/android/sdk/platforms/android-34-ext12/data/res/values-in-rID: Cannot change mode to rwxr-xr-x: Operation not permitted
build	Cache Android SDK	2026-06-06T12:22:43.0646910Z /usr/bin/tar: ../../../../../usr/local/lib/android/sdk/platforms/android-34-ext12/data/res/values-mcc310-mnc210-si: Cannot utime: Operation not permitted
build	Cache Android SDK	2026-06-06T12:22:43.0648370Z /usr/bin/tar: ../../../../../usr/local/lib/android/sdk/platforms/android-34-ext12/data/res/values-mcc310-mnc210-si: Cannot change mode to rwxr-xr-x: Operation not permitted
build	Cache Android SDK	2026-06-06T12:22:43.0650185Z /usr/bin/tar: ../../../../../usr/local/lib/android/sdk/platforms/android-34-ext12/data/res/layout-large: Cannot utime: Operation not permitted
build	Cache Android SDK	2026-06-06T12:22:43.0651226Z /usr/bin/tar: ../../../../../usr/local/lib/android/sdk/platforms/android-34-ext12/data/res/layout-large: Cannot change mode to rwxr-xr-x: Operation not permitted
build	Cache Android SDK	2026-06-06T12:22:43.0654097Z /usr/bin/tar: ../../../../../usr/local/lib/android/sdk/platforms/android-34-ext12/data/res/values-mcc310-mnc150-or: Cannot utime: Operation not permitted
build	Cache Android SDK	2026-06-06T12:22:43.0655382Z /usr/bin/tar: ../../../../../usr/local/lib/android/sdk/platforms/android-34-ext12/data/res/values-mcc310-mnc150-or: Cannot change mode to rwxr-xr-x: Operation not permitted
build	Cache Android SDK	2026-06-06T12:22:43.0670974Z /usr/bin/tar: ../../../../../usr/local/lib/android/sdk/platforms/android-34-ext12/data/res/values-mcc310-mnc250-sv: Cannot utime: Operation not permitted
build	Cache Android SDK	2026-06-06T12:22:43.0672584Z /usr/bin/tar: ../../../../../usr/local/lib/android/sdk/platforms/android-34-ext12/data/res/values-mcc310-mnc250-sv: Cannot change mode to rwxr-xr-x: Operation not permitted
build	Cache Android SDK	2026-06-06T12:22:43.0673952Z /usr/bin/tar: ../../../../../usr/local/lib/android/sdk/platforms/android-34-ext12/data/res/values-mcc310-mnc270-pa: Cannot utime: Operation not permitted
build	Cache Android SDK	2026-06-06T12:22:43.0674929Z /usr/bin/tar: ../../../../../usr/local/lib/android/sdk/platforms/android-34-ext12/data/res/values-mcc310-mnc270-pa: Cannot change mode to rwxr-xr-x: Operation not permitted
build	Cache Android SDK	2026-06-06T12:22:43.0676033Z /usr/bin/tar: ../../../../../usr/local/lib/android/sdk/platforms/android-34-ext12/data/res/values-pl: Cannot utime: Operation not permitted
build	Cache Android SDK	2026-06-06T12:22:43.0677318Z /usr/bin/tar: ../../../../../usr/local/lib/android/sdk/platforms/android-34-ext12/data/res/values-pl: Cannot change mode to rwxr-xr-x: Operation not permitted
build	Cache Android SDK	2026-06-06T12:22:43.0678542Z /usr/bin/tar: ../../../../../usr/local/lib/android/sdk/platforms/android-34-ext12/data/res/values-mcc310-mnc490-ml: Cannot utime: Operation not permitted
build	Cache Android SDK	2026-06-06T12:22:43.0680477Z /usr/bin/tar: ../../../../../usr/local/lib/android/sdk/platforms/android-34-ext12/data/res/values-mcc310-mnc490-ml: Cannot change mode to rwxr-xr-x: Operation not permitted
build	Cache Android SDK	2026-06-06T12:22:43.0682180Z /usr/bin/tar: ../../../../../usr/local/lib/android/sdk/platforms/android-34-ext12/data/res/values-mcc310-mnc160-am: Cannot utime: Operation not permitted
build	Cache Android SDK	2026-06-06T12:22:43.0683972Z /usr/bin/tar: ../../../../../usr/local/lib/android/sdk/platforms/android-34-ext12/data/res/values-mcc310-mnc160-am: Cannot change mode to rwxr-xr-x: Operation not permitted
build	Cache Android SDK	2026-06-06T12:22:43.0685903Z /usr/bin/tar: ../../../../../usr/local/lib/android/sdk/platforms/android-34-ext12/data/res/values-mcc310-mnc170-es-rUS: Cannot utime: Operation not permitted
build	Cache Android SDK	2026-06-06T12:22:43.0688212Z /usr/bin/tar: ../../../../../usr/local/lib/android/sdk/platforms/android-34-ext12/data/res/values-mcc310-mnc170-es-rUS: Cannot change mode to rwxr-xr-x: Operation not permitted
build	Cache Android SDK	2026-06-06T12:22:43.0689174Z /usr/bin/tar: ../../../../../usr/local/lib/android/sdk/platforms/android-34-ext12/data/res/values-ca: Cannot utime: Operation not permitted
build	Cache Android SDK	2026-06-06T12:22:43.0690041Z /usr/bin/tar: ../../../../../usr/local/lib/android/sdk/platforms/android-34-ext12/data/res/values-ca: Cannot change mode to rwxr-xr-x: Operation not permitted
build	Cache Android SDK	2026-06-06T12:22:43.0691043Z /usr/bin/tar: ../../../../../usr/local/lib/android/sdk/platforms/android-34-ext12/data/res/values-mcc310-mnc210-am: Cannot utime: Operation not permitted
build	Cache Android SDK	2026-06-06T12:22:43.0692037Z /usr/bin/tar: ../../../../../usr/local/lib/android/sdk/platforms/android-34-ext12/data/res/values-mcc310-mnc210-am: Cannot change mode to rwxr-xr-x: Operation not permitted
build	Cache Android SDK	2026-06-06T12:22:43.0693241Z /usr/bin/tar: ../../../../../usr/local/lib/android/sdk/platforms/android-34-ext12/data/res/values-mcc310-mnc030-eu: Cannot utime: Operation not permitted
build	Cache Android SDK	2026-06-06T12:22:43.0694269Z /usr/bin/tar: ../../../../../usr/local/lib/android/sdk/platforms/android-34-ext12/data/res/values-mcc310-mnc030-eu: Cannot change mode to rwxr-xr-x: Operation not permitted
build	Cache Android SDK	2026-06-06T12:22:43.0696076Z /usr/bin/tar: ../../../../../usr/local/lib/android/sdk/platforms/android-34-ext12/data/res/values-mcc706-mnc04: Cannot utime: Operation not permitted
build	Cache Android SDK	2026-06-06T12:22:43.0697019Z /usr/bin/tar: ../../../../../usr/local/lib/android/sdk/platforms/android-34-ext12/data/res/values-mcc706-mnc04: Cannot change mode to rwxr-xr-x: Operation not permitted
build	Cache Android SDK	2026-06-06T12:22:43.0700082Z /usr/bin/tar: ../../../../../usr/local/lib/android/sdk/platforms/android-34-ext12/data/res/values-si-television: Cannot utime: Operation not permitted
build	Cache Android SDK	2026-06-06T12:22:43.0701019Z /usr/bin/tar: ../../../../../usr/local/lib/android/sdk/platforms/android-34-ext12/data/res/values-si-television: Cannot change mode to rwxr-xr-x: Operation not permitted
build	Cache Android SDK	2026-06-06T12:22:43.0704172Z /usr/bin/tar: ../../../../../usr/local/lib/android/sdk/platforms/android-34-ext12/data/res/values-mcc334-mnc020-sl: Cannot utime: Operation not permitted
build	Cache Android SDK	2026-06-06T12:22:43.0707279Z /usr/bin/tar: ../../../../../usr/local/lib/android/sdk/platforms/android-34-ext12/data/res/values-mcc334-mnc020-sl: Cannot change mode to rwxr-xr-x: Operation not permitted
build	Cache Android SDK	2026-06-06T12:22:43.0708416Z /usr/bin/tar: ../../../../../usr/local/lib/android/sdk/platforms/android-34-ext12/data/res/values-mcc310-mnc660-sv: Cannot utime: Operation not permitted
build	Cache Android SDK	2026-06-06T12:22:43.0709373Z /usr/bin/tar: ../../../../../usr/local/lib/android/sdk/platforms/android-34-ext12/data/res/values-mcc310-mnc660-sv: Cannot change mode to rwxr-xr-x: Operation not permitted
build	Cache Android SDK	2026-06-06T12:22:43.0710598Z /usr/bin/tar: ../../../../../usr/local/lib/android/sdk/platforms/android-34-ext12/data/res/values-mcc268-mnc03: Cannot utime: Operation not permitted
build	Cache Android SDK	2026-06-06T12:22:43.0711708Z /usr/bin/tar: ../../../../../usr/local/lib/android/sdk/platforms/android-34-ext12/data/res/values-mcc268-mnc03: Cannot change mode to rwxr-xr-x: Operation not permitted
build	Cache Android SDK	2026-06-06T12:22:43.0713818Z /usr/bin/tar: ../../../../../usr/local/lib/android/sdk/platforms/android-34-ext12/data/res/values-mcc310-mnc950-zh-rTW: Cannot utime: Operation not permitted
build	Cache Android SDK	2026-06-06T12:22:43.0714812Z /usr/bin/tar: ../../../../../usr/local/lib/android/sdk/platforms/android-34-ext12/data/res/values-mcc310-mnc950-zh-rTW: Cannot change mode to rwxr-xr-x: Operation not permitted
build	Cache Android SDK	2026-06-06T12:22:43.0717153Z /usr/bin/tar: ../../../../../usr/local/lib/android/sdk/platforms/android-34-ext12/data/res/values-mcc313-mnc100-sq: Cannot utime: Operation not permitted
build	Cache Android SDK	2026-06-06T12:22:43.0718523Z /usr/bin/tar: ../../../../../usr/local/lib/android/sdk/platforms/android-34-ext12/data/res/values-mcc313-mnc100-sq: Cannot change mode to rwxr-xr-x: Operation not permitted
build	Cache Android SDK	2026-06-06T12:22:43.0719930Z /usr/bin/tar: ../../../../../usr/local/lib/android/sdk/platforms/android-34-ext12/data/res/values-mcc310-mnc280-tr: Cannot utime: Operation not permitted
build	Cache Android SDK	2026-06-06T12:22:43.0721438Z /usr/bin/tar: ../../../../../usr/local/lib/android/sdk/platforms/android-34-ext12/data/res/values-mcc310-mnc280-tr: Cannot change mode to rwxr-xr-x: Operation not permitted
build	Cache Android SDK	2026-06-06T12:22:43.0723363Z /usr/bin/tar: ../../../../../usr/local/lib/android/sdk/platforms/android-34-ext12/data/res/values-mcc302-mnc370-fi: Cannot utime: Operation not permitted
build	Cache Android SDK	2026-06-06T12:22:43.0724451Z /usr/bin/tar: ../../../../../usr/local/lib/android/sdk/platforms/android-34-ext12/data/res/values-mcc302-mnc370-fi: Cannot change mode to rwxr-xr-x: Operation not permitted
build	Cache Android SDK	2026-06-06T12:22:43.0726341Z /usr/bin/tar: ../../../../../usr/local/lib/android/sdk/platforms/android-34-ext12/data/res/values-mcc310-mnc230-hi: Cannot utime: Operation not permitted
build	Cache Android SDK	2026-06-06T12:22:43.0727299Z /usr/bin/tar: ../../../../../usr/local/lib/android/sdk/platforms/android-34-ext12/data/res/values-mcc310-mnc230-hi: Cannot change mode to rwxr-xr-x: Operation not permitted
build	Cache Android SDK	2026-06-06T12:22:43.0732612Z /usr/bin/tar: ../../../../../usr/local/lib/android/sdk/platforms/android-34-ext12/data/res/values-az: Cannot utime: Operation not permitted
build	Cache Android SDK	2026-06-06T12:22:43.0733518Z /usr/bin/tar: ../../../../../usr/local/lib/android/sdk/platforms/android-34-ext12/data/res/values-az: Cannot change mode to rwxr-xr-x: Operation not permitted
build	Cache Android SDK	2026-06-06T12:22:43.0737568Z /usr/bin/tar: ../../../../../usr/local/lib/android/sdk/platforms/android-34-ext12/data/res/values-mcc310-mnc160-sr: Cannot utime: Operation not permitted
build	Cache Android SDK	2026-06-06T12:22:43.0739505Z /usr/bin/tar: ../../../../../usr/local/lib/android/sdk/platforms/android-34-ext12/data/res/values-mcc310-mnc160-sr: Cannot change mode to rwxr-xr-x: Operation not permitted
build	Cache Android SDK	2026-06-06T12:22:43.0741009Z /usr/bin/tar: ../../../../../usr/local/lib/android/sdk/platforms/android-34-ext12/data/res/values-mcc310-mnc250-vi: Cannot utime: Operation not permitted
build	Cache Android SDK	2026-06-06T12:22:43.0742170Z /usr/bin/tar: ../../../../../usr/local/lib/android/sdk/platforms/android-34-ext12/data/res/values-mcc310-mnc250-vi: Cannot change mode to rwxr-xr-x: Operation not permitted
build	Cache Android SDK	2026-06-06T12:22:43.0744064Z /usr/bin/tar: ../../../../../usr/local/lib/android/sdk/platforms/android-34-ext12/data/res/values-mcc302-mnc720-zu: Cannot utime: Operation not permitted
build	Cache Android SDK	2026-06-06T12:22:43.0745150Z /usr/bin/tar: ../../../../../usr/local/lib/android/sdk/platforms/android-34-ext12/data/res/values-mcc302-mnc720-zu: Cannot change mode to rwxr-xr-x: Operation not permitted
build	Cache Android SDK	2026-06-06T12:22:43.0746856Z /usr/bin/tar: ../../../../../usr/local/lib/android/sdk/platforms/android-34-ext12/data/res/values-lt-television: Cannot utime: Operation not permitted
build	Cache Android SDK	2026-06-06T12:22:43.0748070Z /usr/bin/tar: ../../../../../usr/local/lib/android/sdk/platforms/android-34-ext12/data/res/values-lt-television: Cannot change mode to rwxr-xr-x: Operation not permitted
build	Cache Android SDK	2026-06-06T12:22:43.0750352Z /usr/bin/tar: ../../../../../usr/local/lib/android/sdk/platforms/android-34-ext12/data/res/values-mcc313-mnc100-pt: Cannot utime: Operation not permitted
build	Cache Android SDK	2026-06-06T12:22:43.0751492Z /usr/bin/tar: ../../../../../usr/local/lib/android/sdk/platforms/android-34-ext12/data/res/values-mcc313-mnc100-pt: Cannot change mode to rwxr-xr-x: Operation not permitted
build	Cache Android SDK	2026-06-06T12:22:43.0753221Z /usr/bin/tar: ../../../../../usr/local/lib/android/sdk/platforms/android-34-ext12/data/res/values-mcc310-mnc660-km: Cannot utime: Operation not permitted
build	Cache Android SDK	2026-06-06T12:22:43.0754322Z /usr/bin/tar: ../../../../../usr/local/lib/android/sdk/platforms/android-34-ext12/data/res/values-mcc310-mnc660-km: Cannot change mode to rwxr-xr-x: Operation not permitted
build	Cache Android SDK	2026-06-06T12:22:43.0756000Z /usr/bin/tar: ../../../../../usr/local/lib/android/sdk/platforms/android-34-ext12/data/res/values-en-rXC-watch: Cannot utime: Operation not permitted
build	Cache Android SDK	2026-06-06T12:22:43.0756940Z /usr/bin/tar: ../../../../../usr/local/lib/android/sdk/platforms/android-34-ext12/data/res/values-en-rXC-watch: Cannot change mode to rwxr-xr-x: Operation not permitted
build	Cache Android SDK	2026-06-06T12:22:43.0759932Z /usr/bin/tar: ../../../../../usr/local/lib/android/sdk/platforms/android-34-ext12/data/res/values-mcc310-mnc310-pa: Cannot utime: Operation not permitted
build	Cache Android SDK	2026-06-06T12:22:43.0761026Z /usr/bin/tar: ../../../../../usr/local/lib/android/sdk/platforms/android-34-ext12/data/res/values-mcc310-mnc310-pa: Cannot change mode to rwxr-xr-x: Operation not permitted
build	Cache Android SDK	2026-06-06T12:22:43.0762761Z /usr/bin/tar: ../../../../../usr/local/lib/android/sdk/platforms/android-34-ext12/data/res/values-mcc312-mnc670-hy: Cannot utime: Operation not permitted
build	Cache Android SDK	2026-06-06T12:22:43.0763757Z /usr/bin/tar: ../../../../../usr/local/lib/android/sdk/platforms/android-34-ext12/data/res/values-mcc312-mnc670-hy: Cannot change mode to rwxr-xr-x: Operation not permitted
build	Cache Android SDK	2026-06-06T12:22:43.0766234Z /usr/bin/tar: ../../../../../usr/local/lib/android/sdk/platforms/android-34-ext12/data/res/values-mcc310-mnc220-ms: Cannot utime: Operation not permitted
build	Cache Android SDK	2026-06-06T12:22:43.0767285Z /usr/bin/tar: ../../../../../usr/local/lib/android/sdk/platforms/android-34-ext12/data/res/values-mcc310-mnc220-ms: Cannot change mode to rwxr-xr-x: Operation not permitted
build	Cache Android SDK	2026-06-06T12:22:43.0769063Z /usr/bin/tar: ../../../../../usr/local/lib/android/sdk/platforms/android-34-ext12/data/res/values-mcc302-mnc370-ko: Cannot utime: Operation not permitted
build	Cache Android SDK	2026-06-06T12:22:43.0770029Z /usr/bin/tar: ../../../../../usr/local/lib/android/sdk/platforms/android-34-ext12/data/res/values-mcc302-mnc370-ko: Cannot change mode to rwxr-xr-x: Operation not permitted
build	Cache Android SDK	2026-06-06T12:22:43.0772264Z /usr/bin/tar: ../../../../../usr/local/lib/android/sdk/platforms/android-34-ext12/data/res/values-mcc302-mnc720-my: Cannot utime: Operation not permitted
build	Cache Android SDK	2026-06-06T12:22:43.0773236Z /usr/bin/tar: ../../../../../usr/local/lib/android/sdk/platforms/android-34-ext12/data/res/values-mcc302-mnc720-my: Cannot change mode to rwxr-xr-x: Operation not permitted
build	Cache Android SDK	2026-06-06T12:22:43.0780188Z /usr/bin/tar: ../../../../../usr/local/lib/android/sdk/platforms/android-34-ext12/data/res/values-gu: Cannot utime: Operation not permitted
build	Cache Android SDK	2026-06-06T12:22:43.0782086Z /usr/bin/tar: ../../../../../usr/local/lib/android/sdk/platforms/android-34-ext12/data/res/values-gu: Cannot change mode to rwxr-xr-x: Operation not permitted
build	Cache Android SDK	2026-06-06T12:22:43.0783327Z /usr/bin/tar: ../../../../../usr/local/lib/android/sdk/platforms/android-34-ext12/data/res/values-mcc310-mnc270-in: Cannot utime: Operation not permitted
build	Cache Android SDK	2026-06-06T12:22:43.0784406Z /usr/bin/tar: ../../../../../usr/local/lib/android/sdk/platforms/android-34-ext12/data/res/values-mcc310-mnc270-in: Cannot change mode to rwxr-xr-x: Operation not permitted
build	Cache Android SDK	2026-06-06T12:22:43.0786903Z /usr/bin/tar: ../../../../../usr/local/lib/android/sdk/platforms/android-34-ext12/data/res/values-pa-watch: Cannot utime: Operation not permitted
build	Cache Android SDK	2026-06-06T12:22:43.0788002Z /usr/bin/tar: ../../../../../usr/local/lib/android/sdk/platforms/android-34-ext12/data/res/values-pa-watch: Cannot change mode to rwxr-xr-x: Operation not permitted
build	Cache Android SDK	2026-06-06T12:22:43.0790613Z /usr/bin/tar: ../../../../../usr/local/lib/android/sdk/platforms/android-34-ext12/data/res/values-mcc310-mnc170-ca: Cannot utime: Operation not permitted
build	Cache Android SDK	2026-06-06T12:22:43.0791755Z /usr/bin/tar: ../../../../../usr/local/lib/android/sdk/platforms/android-34-ext12/data/res/values-mcc310-mnc170-ca: Cannot change mode to rwxr-xr-x: Operation not permitted
build	Cache Android SDK	2026-06-06T12:22:43.0793825Z /usr/bin/tar: ../../../../../usr/local/lib/android/sdk/platforms/android-34-ext12/data/res/values-mcc310-mnc280-el: Cannot utime: Operation not permitted
build	Cache Android SDK	2026-06-06T12:22:43.0794798Z /usr/bin/tar: ../../../../../usr/local/lib/android/sdk/platforms/android-34-ext12/data/res/values-mcc310-mnc280-el: Cannot change mode to rwxr-xr-x: Operation not permitted
build	Cache Android SDK	2026-06-06T12:22:43.0797213Z /usr/bin/tar: ../../../../../usr/local/lib/android/sdk/platforms/android-34-ext12/data/res/values-mcc310-mnc310-km: Cannot utime: Operation not permitted
build	Cache Android SDK	2026-06-06T12:22:43.0798317Z /usr/bin/tar: ../../../../../usr/local/lib/android/sdk/platforms/android-34-ext12/data/res/values-mcc310-mnc310-km: Cannot change mode to rwxr-xr-x: Operation not permitted
build	Cache Android SDK	2026-06-06T12:22:43.0800480Z /usr/bin/tar: ../../../../../usr/local/lib/android/sdk/platforms/android-34-ext12/data/res/values-mcc302-mnc720-lt: Cannot utime: Operation not permitted
build	Cache Android SDK	2026-06-06T12:22:43.0801520Z /usr/bin/tar: ../../../../../usr/local/lib/android/sdk/platforms/android-34-ext12/data/res/values-mcc302-mnc720-lt: Cannot change mode to rwxr-xr-x: Operation not permitted
build	Cache Android SDK	2026-06-06T12:22:43.0803514Z /usr/bin/tar: ../../../../../usr/local/lib/android/sdk/platforms/android-34-ext12/data/res/values-mcc310-mnc230-en-rGB: Cannot utime: Operation not permitted
build	Cache Android SDK	2026-06-06T12:22:43.0804513Z /usr/bin/tar: ../../../../../usr/local/lib/android/sdk/platforms/android-34-ext12/data/res/values-mcc310-mnc230-en-rGB: Cannot change mode to rwxr-xr-x: Operation not permitted
build	Cache Android SDK	2026-06-06T12:22:43.0806395Z /usr/bin/tar: ../../../../../usr/local/lib/android/sdk/platforms/android-34-ext12/data/res/values-mcc310-mnc150-sv: Cannot utime: Operation not permitted
build	Cache Android SDK	2026-06-06T12:22:43.0807343Z /usr/bin/tar: ../../../../../usr/local/lib/android/sdk/platforms/android-34-ext12/data/res/values-mcc310-mnc150-sv: Cannot change mode to rwxr-xr-x: Operation not permitted
build	Cache Android SDK	2026-06-06T12:22:43.0810046Z /usr/bin/tar: ../../../../../usr/local/lib/android/sdk/platforms/android-34-ext12/data/res/mipmap-xhdpi: Cannot utime: Operation not permitted
build	Cache Android SDK	2026-06-06T12:22:43.0810956Z /usr/bin/tar: ../../../../../usr/local/lib/android/sdk/platforms/android-34-ext12/data/res/mipmap-xhdpi: Cannot change mode to rwxr-xr-x: Operation not permitted
build	Cache Android SDK	2026-06-06T12:22:43.0813156Z /usr/bin/tar: ../../../../../usr/local/lib/android/sdk/platforms/android-34-ext12/data/res/values-mcc310-mnc310-in: Cannot utime: Operation not permitted
build	Cache Android SDK	2026-06-06T12:22:43.0814111Z /usr/bin/tar: ../../../../../usr/local/lib/android/sdk/platforms/android-34-ext12/data/res/values-mcc310-mnc310-in: Cannot change mode to rwxr-xr-x: Operation not permitted
build	Cache Android SDK	2026-06-06T12:22:43.0816718Z /usr/bin/tar: ../../../../../usr/local/lib/android/sdk/platforms/android-34-ext12/data/res/values-mcc310-mnc950-pt-rBR: Cannot utime: Operation not permitted
build	Cache Android SDK	2026-06-06T12:22:43.0818125Z /usr/bin/tar: ../../../../../usr/local/lib/android/sdk/platforms/android-34-ext12/data/res/values-mcc310-mnc950-pt-rBR: Cannot change mode to rwxr-xr-x: Operation not permitted
build	Cache Android SDK	2026-06-06T12:22:43.0819526Z /usr/bin/tar: ../../../../../usr/local/lib/android/sdk/platforms/android-34-ext12/data/res/values-mn-television: Cannot utime: Operation not permitted
build	Cache Android SDK	2026-06-06T12:22:43.0820484Z /usr/bin/tar: ../../../../../usr/local/lib/android/sdk/platforms/android-34-ext12/data/res/values-mn-television: Cannot change mode to rwxr-xr-x: Operation not permitted
build	Cache Android SDK	2026-06-06T12:22:43.0827623Z /usr/bin/tar: ../../../../../usr/local/lib/android/sdk/platforms/android-34-ext12/data/res/values-it: Cannot utime: Operation not permitted
build	Cache Android SDK	2026-06-06T12:22:43.0828920Z /usr/bin/tar: ../../../../../usr/local/lib/android/sdk/platforms/android-34-ext12/data/res/values-it: Cannot change mode to rwxr-xr-x: Operation not permitted
build	Cache Android SDK	2026-06-06T12:22:43.0830664Z /usr/bin/tar: ../../../../../usr/local/lib/android/sdk/platforms/android-34-ext12/data/res/values-mcc310-mnc200-km: Cannot utime: Operation not permitted
build	Cache Android SDK	2026-06-06T12:22:43.0831832Z /usr/bin/tar: ../../../../../usr/local/lib/android/sdk/platforms/android-34-ext12/data/res/values-mcc310-mnc200-km: Cannot change mode to rwxr-xr-x: Operation not permitted
build	Cache Android SDK	2026-06-06T12:22:43.0834228Z /usr/bin/tar: ../../../../../usr/local/lib/android/sdk/platforms/android-34-ext12/data/res/values-mcc311-mnc180-af: Cannot utime: Operation not permitted
build	Cache Android SDK	2026-06-06T12:22:43.0835203Z /usr/bin/tar: ../../../../../usr/local/lib/android/sdk/platforms/android-34-ext12/data/res/values-mcc311-mnc180-af: Cannot change mode to rwxr-xr-x: Operation not permitted
build	Cache Android SDK	2026-06-06T12:22:43.0837738Z /usr/bin/tar: ../../../../../usr/local/lib/android/sdk/platforms/android-34-ext12/data/res/values-mcc310-mnc210: Cannot utime: Operation not permitted
build	Cache Android SDK	2026-06-06T12:22:43.0838836Z /usr/bin/tar: ../../../../../usr/local/lib/android/sdk/platforms/android-34-ext12/data/res/values-mcc310-mnc210: Cannot change mode to rwxr-xr-x: Operation not permitted
build	Cache Android SDK	2026-06-06T12:22:43.0840897Z /usr/bin/tar: ../../../../../usr/local/lib/android/sdk/platforms/android-34-ext12/data/res/values-mcc310-mnc030-hu: Cannot utime: Operation not permitted
build	Cache Android SDK	2026-06-06T12:22:43.0841852Z /usr/bin/tar: ../../../../../usr/local/lib/android/sdk/platforms/android-34-ext12/data/res/values-mcc310-mnc030-hu: Cannot change mode to rwxr-xr-x: Operation not permitted
build	Cache Android SDK	2026-06-06T12:22:43.0847822Z /usr/bin/tar: ../../../../../usr/local/lib/android/sdk/platforms/android-34-ext12/data/res/values-tl: Cannot utime: Operation not permitted
build	Cache Android SDK	2026-06-06T12:22:43.0849225Z /usr/bin/tar: ../../../../../usr/local/lib/android/sdk/platforms/android-34-ext12/data/res/values-tl: Cannot change mode to rwxr-xr-x: Operation not permitted
build	Cache Android SDK	2026-06-06T12:22:43.0850494Z /usr/bin/tar: ../../../../../usr/local/lib/android/sdk/platforms/android-34-ext12/data/res/values-fr-watch: Cannot utime: Operation not permitted
build	Cache Android SDK	2026-06-06T12:22:43.0851419Z /usr/bin/tar: ../../../../../usr/local/lib/android/sdk/platforms/android-34-ext12/data/res/values-fr-watch: Cannot change mode to rwxr-xr-x: Operation not permitted
build	Cache Android SDK	2026-06-06T12:22:43.0854313Z /usr/bin/tar: ../../../../../usr/local/lib/android/sdk/platforms/android-34-ext12/data/res/values-mcc310-mnc030-en-rGB: Cannot utime: Operation not permitted
build	Cache Android SDK	2026-06-06T12:22:43.0855318Z /usr/bin/tar: ../../../../../usr/local/lib/android/sdk/platforms/android-34-ext12/data/res/values-mcc310-mnc030-en-rGB: Cannot change mode to rwxr-xr-x: Operation not permitted
build	Cache Android SDK	2026-06-06T12:22:43.0857666Z /usr/bin/tar: ../../../../../usr/local/lib/android/sdk/platforms/android-34-ext12/data/res/values-mcc302-mnc720-mk: Cannot utime: Operation not permitted
build	Cache Android SDK	2026-06-06T12:22:43.0858631Z /usr/bin/tar: ../../../../../usr/local/lib/android/sdk/platforms/android-34-ext12/data/res/values-mcc302-mnc720-mk: Cannot change mode to rwxr-xr-x: Operation not permitted
build	Cache Android SDK	2026-06-06T12:22:43.0864377Z /usr/bin/tar: ../../../../../usr/local/lib/android/sdk/platforms/android-34-ext12/data/res/values-mcc310-mnc800-hu: Cannot utime: Operation not permitted
build	Cache Android SDK	2026-06-06T12:22:43.0865402Z /usr/bin/tar: ../../../../../usr/local/lib/android/sdk/platforms/android-34-ext12/data/res/values-mcc310-mnc800-hu: Cannot change mode to rwxr-xr-x: Operation not permitted
build	Cache Android SDK	2026-06-06T12:22:43.0867329Z /usr/bin/tar: ../../../../../usr/local/lib/android/sdk/platforms/android-34-ext12/data/res/values-mcc310-mnc250-hi: Cannot utime: Operation not permitted
build	Cache Android SDK	2026-06-06T12:22:43.0868617Z /usr/bin/tar: ../../../../../usr/local/lib/android/sdk/platforms/android-34-ext12/data/res/values-mcc310-mnc250-hi: Cannot change mode to rwxr-xr-x: Operation not permitted
build	Cache Android SDK	2026-06-06T12:22:43.0871081Z /usr/bin/tar: ../../../../../usr/local/lib/android/sdk/platforms/android-34-ext12/data/res/values-mcc310-mnc160-my: Cannot utime: Operation not permitted
build	Cache Android SDK	2026-06-06T12:22:43.0872054Z /usr/bin/tar: ../../../../../usr/local/lib/android/sdk/platforms/android-34-ext12/data/res/values-mcc310-mnc160-my: Cannot change mode to rwxr-xr-x: Operation not permitted
build	Cache Android SDK	2026-06-06T12:22:43.0875270Z /usr/bin/tar: ../../../../../usr/local/lib/android/sdk/platforms/android-34-ext12/data/res/values-mcc310-mnc410-mn: Cannot utime: Operation not permitted
build	Cache Android SDK	2026-06-06T12:22:43.0876411Z /usr/bin/tar: ../../../../../usr/local/lib/android/sdk/platforms/android-34-ext12/data/res/values-mcc310-mnc410-mn: Cannot change mode to rwxr-xr-x: Operation not permitted
build	Cache Android SDK	2026-06-06T12:22:43.0878120Z /usr/bin/tar: ../../../../../usr/local/lib/android/sdk/platforms/android-34-ext12/data/res/values-mcc310-mnc380-ur: Cannot utime: Operation not permitted
build	Cache Android SDK	2026-06-06T12:22:43.0879118Z /usr/bin/tar: ../../../../../usr/local/lib/android/sdk/platforms/android-34-ext12/data/res/values-mcc310-mnc380-ur: Cannot change mode to rwxr-xr-x: Operation not permitted
build	Cache Android SDK	2026-06-06T12:22:43.0881236Z /usr/bin/tar: ../../../../../usr/local/lib/android/sdk/platforms/android-34-ext12/data/res/values-mcc310-mnc150-ja: Cannot utime: Operation not permitted
build	Cache Android SDK	2026-06-06T12:22:43.0882533Z /usr/bin/tar: ../../../../../usr/local/lib/android/sdk/platforms/android-34-ext12/data/res/values-mcc310-mnc150-ja: Cannot change mode to rwxr-xr-x: Operation not permitted
build	Cache Android SDK	2026-06-06T12:22:43.0887316Z /usr/bin/tar: ../../../../../usr/local/lib/android/sdk/platforms/android-34-ext12/data/res/values-mcc310-mnc030-nl: Cannot utime: Operation not permitted
build	Cache Android SDK	2026-06-06T12:22:43.0888550Z /usr/bin/tar: ../../../../../usr/local/lib/android/sdk/platforms/android-34-ext12/data/res/values-mcc310-mnc030-nl: Cannot change mode to rwxr-xr-x: Operation not permitted
build	Cache Android SDK	2026-06-06T12:22:43.0889937Z /usr/bin/tar: ../../../../../usr/local/lib/android/sdk/platforms/android-34-ext12/data/res/values-mcc334-mnc020-ur: Cannot utime: Operation not permitted
build	Cache Android SDK	2026-06-06T12:22:43.0891717Z /usr/bin/tar: ../../../../../usr/local/lib/android/sdk/platforms/android-34-ext12/data/res/values-mcc334-mnc020-ur: Cannot change mode to rwxr-xr-x: Operation not permitted
build	Cache Android SDK	2026-06-06T12:22:43.0893298Z /usr/bin/tar: ../../../../../usr/local/lib/android/sdk/platforms/android-34-ext12/data/res/values-mcc001-mnc01-ky: Cannot utime: Operation not permitted
build	Cache Android SDK	2026-06-06T12:22:43.0894568Z /usr/bin/tar: ../../../../../usr/local/lib/android/sdk/platforms/android-34-ext12/data/res/values-mcc001-mnc01-ky: Cannot change mode to rwxr-xr-x: Operation not permitted
build	Cache Android SDK	2026-06-06T12:22:43.0895827Z /usr/bin/tar: ../../../../../usr/local/lib/android/sdk/platforms/android-34-ext12/data/res/values-mcc310-mnc250-it: Cannot utime: Operation not permitted
build	Cache Android SDK	2026-06-06T12:22:43.0897716Z /usr/bin/tar: ../../../../../usr/local/lib/android/sdk/platforms/android-34-ext12/data/res/values-mcc310-mnc250-it: Cannot change mode to rwxr-xr-x: Operation not permitted
build	Cache Android SDK	2026-06-06T12:22:43.0899414Z /usr/bin/tar: ../../../../../usr/local/lib/android/sdk/platforms/android-34-ext12/data/res/values-mcc310-mnc800-en-rAU: Cannot utime: Operation not permitted
build	Cache Android SDK	2026-06-06T12:22:43.0900577Z /usr/bin/tar: ../../../../../usr/local/lib/android/sdk/platforms/android-34-ext12/data/res/values-mcc310-mnc800-en-rAU: Cannot change mode to rwxr-xr-x: Operation not permitted
build	Cache Android SDK	2026-06-06T12:22:43.0901906Z /usr/bin/tar: ../../../../../usr/local/lib/android/sdk/platforms/android-34-ext12/data/res/values-mcc001: Cannot utime: Operation not permitted
build	Cache Android SDK	2026-06-06T12:22:43.0903118Z /usr/bin/tar: ../../../../../usr/local/lib/android/sdk/platforms/android-34-ext12/data/res/values-mcc001: Cannot change mode to rwxr-xr-x: Operation not permitted
build	Cache Android SDK	2026-06-06T12:22:43.0904192Z /usr/bin/tar: ../../../../../usr/local/lib/android/sdk/platforms/android-34-ext12/data/res/values-mcc310-mnc270-bg: Cannot utime: Operation not permitted
build	Cache Android SDK	2026-06-06T12:22:43.0905705Z /usr/bin/tar: ../../../../../usr/local/lib/android/sdk/platforms/android-34-ext12/data/res/values-mcc310-mnc270-bg: Cannot change mode to rwxr-xr-x: Operation not permitted
build	Cache Android SDK	2026-06-06T12:22:43.0906737Z /usr/bin/tar: ../../../../../usr/local/lib/android/sdk/platforms/android-34-ext12/data/res/values-xlarge-land: Cannot utime: Operation not permitted
build	Cache Android SDK	2026-06-06T12:22:43.0908442Z /usr/bin/tar: ../../../../../usr/local/lib/android/sdk/platforms/android-34-ext12/data/res/values-xlarge-land: Cannot change mode to rwxr-xr-x: Operation not permitted
build	Cache Android SDK	2026-06-06T12:22:43.0910287Z /usr/bin/tar: ../../../../../usr/local/lib/android/sdk/platforms/android-34-ext12/data/res/values-uk-watch: Cannot utime: Operation not permitted
build	Cache Android SDK	2026-06-06T12:22:43.0911703Z /usr/bin/tar: ../../../../../usr/local/lib/android/sdk/platforms/android-34-ext12/data/res/values-uk-watch: Cannot change mode to rwxr-xr-x: Operation not permitted
build	Cache Android SDK	2026-06-06T12:22:43.0912872Z /usr/bin/tar: ../../../../../usr/local/lib/android/sdk/platforms/android-34-ext12/data/res/values-mcc302-mnc720-sk: Cannot utime: Operation not permitted
build	Cache Android SDK	2026-06-06T12:22:43.0914621Z /usr/bin/tar: ../../../../../usr/local/lib/android/sdk/platforms/android-34-ext12/data/res/values-mcc302-mnc720-sk: Cannot change mode to rwxr-xr-x: Operation not permitted
build	Cache Android SDK	2026-06-06T12:22:43.0915630Z /usr/bin/tar: ../../../../../usr/local/lib/android/sdk/platforms/android-34-ext12/data/res/values-mcc310-mnc200-zh-rTW: Cannot utime: Operation not permitted
build	Cache Android SDK	2026-06-06T12:22:43.0916461Z /usr/bin/tar: ../../../../../usr/local/lib/android/sdk/platforms/android-34-ext12/data/res/values-mcc310-mnc200-zh-rTW: Cannot change mode to rwxr-xr-x: Operation not permitted
build	Cache Android SDK	2026-06-06T12:22:43.0917231Z /usr/bin/tar: ../../../../../usr/local/lib/android/sdk/platforms/android-34-ext12/data/res/values-mcc310-mnc410-si: Cannot utime: Operation not permitted
build	Cache Android SDK	2026-06-06T12:22:43.0918197Z /usr/bin/tar: ../../../../../usr/local/lib/android/sdk/platforms/android-34-ext12/data/res/values-mcc310-mnc410-si: Cannot change mode to rwxr-xr-x: Operation not permitted
build	Cache Android SDK	2026-06-06T12:22:43.0919918Z /usr/bin/tar: ../../../../../usr/local/lib/android/sdk/platforms/android-34-ext12/data/res/values-mcc310-mnc270-hu: Cannot utime: Operation not permitted
build	Cache Android SDK	2026-06-06T12:22:43.0920397Z /usr/bin/tar: ../../../../../usr/local/lib/android/sdk/platforms/android-34-ext12/data/res/values-mcc310-mnc270-hu: Cannot change mode to rwxr-xr-x: Operation not permitted
build	Cache Android SDK	2026-06-06T12:22:43.0922860Z /usr/bin/tar: ../../../../../usr/local/lib/android/sdk/platforms/android-34-ext12/data/res/values-mcc310-mnc800-pa: Cannot utime: Operation not permitted
build	Cache Android SDK	2026-06-06T12:22:43.0923366Z /usr/bin/tar: ../../../../../usr/local/lib/android/sdk/platforms/android-34-ext12/data/res/values-mcc310-mnc800-pa: Cannot change mode to rwxr-xr-x: Operation not permitted
build	Cache Android SDK	2026-06-06T12:22:43.0930049Z /usr/bin/tar: ../../../../../usr/local/lib/android/sdk/platforms/android-34-ext12/data/res/values-mn: Cannot utime: Operation not permitted
build	Cache Android SDK	2026-06-06T12:22:43.0930584Z /usr/bin/tar: ../../../../../usr/local/lib/android/sdk/platforms/android-34-ext12/data/res/values-mn: Cannot change mode to rwxr-xr-x: Operation not permitted
build	Cache Android SDK	2026-06-06T12:22:43.0933907Z /usr/bin/tar: ../../../../../usr/local/lib/android/sdk/platforms/android-34-ext12/data/res/values-lv-rLV: Cannot utime: Operation not permitted
build	Cache Android SDK	2026-06-06T12:22:43.0934466Z /usr/bin/tar: ../../../../../usr/local/lib/android/sdk/platforms/android-34-ext12/data/res/values-lv-rLV: Cannot change mode to rwxr-xr-x: Operation not permitted
build	Cache Android SDK	2026-06-06T12:22:43.0937166Z /usr/bin/tar: ../../../../../usr/local/lib/android/sdk/platforms/android-34-ext12/data/res/values-mcc313-mnc100-lt: Cannot utime: Operation not permitted
build	Cache Android SDK	2026-06-06T12:22:43.0937814Z /usr/bin/tar: ../../../../../usr/local/lib/android/sdk/platforms/android-34-ext12/data/res/values-mcc313-mnc100-lt: Cannot change mode to rwxr-xr-x: Operation not permitted
build	Cache Android SDK	2026-06-06T12:22:43.0940698Z /usr/bin/tar: ../../../../../usr/local/lib/android/sdk/platforms/android-34-ext12/data/res/raw-it: Cannot utime: Operation not permitted
build	Cache Android SDK	2026-06-06T12:22:43.0941143Z /usr/bin/tar: ../../../../../usr/local/lib/android/sdk/platforms/android-34-ext12/data/res/raw-it: Cannot change mode to rwxr-xr-x: Operation not permitted
build	Cache Android SDK	2026-06-06T12:22:43.0944063Z /usr/bin/tar: ../../../../../usr/local/lib/android/sdk/platforms/android-34-ext12/data/res/values-mcc312-mnc670-my: Cannot utime: Operation not permitted
build	Cache Android SDK	2026-06-06T12:22:43.0944747Z /usr/bin/tar: ../../../../../usr/local/lib/android/sdk/platforms/android-34-ext12/data/res/values-mcc312-mnc670-my: Cannot change mode to rwxr-xr-x: Operation not permitted
build	Cache Android SDK	2026-06-06T12:22:43.0947068Z /usr/bin/tar: ../../../../../usr/local/lib/android/sdk/platforms/android-34-ext12/data/res/values-sr-watch: Cannot utime: Operation not permitted
build	Cache Android SDK	2026-06-06T12:22:43.0947662Z /usr/bin/tar: ../../../../../usr/local/lib/android/sdk/platforms/android-34-ext12/data/res/values-sr-watch: Cannot change mode to rwxr-xr-x: Operation not permitted
build	Cache Android SDK	2026-06-06T12:22:43.0950237Z /usr/bin/tar: ../../../../../usr/local/lib/android/sdk/platforms/android-34-ext12/data/res/values-mcc310-mnc660-lv: Cannot utime: Operation not permitted
build	Cache Android SDK	2026-06-06T12:22:43.0950708Z /usr/bin/tar: ../../../../../usr/local/lib/android/sdk/platforms/android-34-ext12/data/res/values-mcc310-mnc660-lv: Cannot change mode to rwxr-xr-x: Operation not permitted
build	Cache Android SDK	2026-06-06T12:22:43.0953438Z /usr/bin/tar: ../../../../../usr/local/lib/android/sdk/platforms/android-34-ext12/data/res/values-mcc001-mnc01-en-rAU: Cannot utime: Operation not permitted
build	Cache Android SDK	2026-06-06T12:22:43.0953935Z /usr/bin/tar: ../../../../../usr/local/lib/android/sdk/platforms/android-34-ext12/data/res/values-mcc001-mnc01-en-rAU: Cannot change mode to rwxr-xr-x: Operation not permitted
build	Cache Android SDK	2026-06-06T12:22:43.0956501Z /usr/bin/tar: ../../../../../usr/local/lib/android/sdk/platforms/android-34-ext12/data/res/values-mcc310-mnc660-mn: Cannot utime: Operation not permitted
build	Cache Android SDK	2026-06-06T12:22:43.0956978Z /usr/bin/tar: ../../../../../usr/local/lib/android/sdk/platforms/android-34-ext12/data/res/values-mcc310-mnc660-mn: Cannot change mode to rwxr-xr-x: Operation not permitted
build	Cache Android SDK	2026-06-06T12:22:43.0960085Z /usr/bin/tar: ../../../../../usr/local/lib/android/sdk/platforms/android-34-ext12/data/res/values-mcc313-mnc100-pt-rPT: Cannot utime: Operation not permitted
build	Cache Android SDK	2026-06-06T12:22:43.0960741Z /usr/bin/tar: ../../../../../usr/local/lib/android/sdk/platforms/android-34-ext12/data/res/values-mcc313-mnc100-pt-rPT: Cannot change mode to rwxr-xr-x: Operation not permitted
build	Cache Android SDK	2026-06-06T12:22:43.0963072Z /usr/bin/tar: ../../../../../usr/local/lib/android/sdk/platforms/android-34-ext12/data/res/values-mcc302-mnc720-et: Cannot utime: Operation not permitted
build	Cache Android SDK	2026-06-06T12:22:43.0963595Z /usr/bin/tar: ../../../../../usr/local/lib/android/sdk/platforms/android-34-ext12/data/res/values-mcc302-mnc720-et: Cannot change mode to rwxr-xr-x: Operation not permitted
build	Cache Android SDK	2026-06-06T12:22:43.0966540Z /usr/bin/tar: ../../../../../usr/local/lib/android/sdk/platforms/android-34-ext12/data/res/values-mcc310-mnc410-zu: Cannot utime: Operation not permitted
build	Cache Android SDK	2026-06-06T12:22:43.0967014Z /usr/bin/tar: ../../../../../usr/local/lib/android/sdk/platforms/android-34-ext12/data/res/values-mcc310-mnc410-zu: Cannot change mode to rwxr-xr-x: Operation not permitted
build	Cache Android SDK	2026-06-06T12:22:43.0973177Z /usr/bin/tar: ../../../../../usr/local/lib/android/sdk/platforms/android-34-ext12/data/res/values-zu: Cannot utime: Operation not permitted
build	Cache Android SDK	2026-06-06T12:22:43.0973626Z /usr/bin/tar: ../../../../../usr/local/lib/android/sdk/platforms/android-34-ext12/data/res/values-zu: Cannot change mode to rwxr-xr-x: Operation not permitted
build	Cache Android SDK	2026-06-06T12:22:43.0976421Z /usr/bin/tar: ../../../../../usr/local/lib/android/sdk/platforms/android-34-ext12/data/res/values-mcc310-mnc150-mk: Cannot utime: Operation not permitted
build	Cache Android SDK	2026-06-06T12:22:43.0976901Z /usr/bin/tar: ../../../../../usr/local/lib/android/sdk/platforms/android-34-ext12/data/res/values-mcc310-mnc150-mk: Cannot change mode to rwxr-xr-x: Operation not permitted
build	Cache Android SDK	2026-06-06T12:22:43.0979323Z /usr/bin/tar: ../../../../../usr/local/lib/android/sdk/platforms/android-34-ext12/data/res/values-mcc310-mnc410-zh-rHK: Cannot utime: Operation not permitted
build	Cache Android SDK	2026-06-06T12:22:43.0979826Z /usr/bin/tar: ../../../../../usr/local/lib/android/sdk/platforms/android-34-ext12/data/res/values-mcc310-mnc410-zh-rHK: Cannot change mode to rwxr-xr-x: Operation not permitted
build	Cache Android SDK	2026-06-06T12:22:43.0982230Z /usr/bin/tar: ../../../../../usr/local/lib/android/sdk/platforms/android-34-ext12/data/res/values-mcc310-mnc280-tl: Cannot utime: Operation not permitted
build	Cache Android SDK	2026-06-06T12:22:43.0982865Z /usr/bin/tar: ../../../../../usr/local/lib/android/sdk/platforms/android-34-ext12/data/res/values-mcc310-mnc280-tl: Cannot change mode to rwxr-xr-x: Operation not permitted
build	Cache Android SDK	2026-06-06T12:22:43.0986200Z /usr/bin/tar: ../../../../../usr/local/lib/android/sdk/platforms/android-34-ext12/data/res/values-mcc310-mnc200-pt-rBR: Cannot utime: Operation not permitted
build	Cache Android SDK	2026-06-06T12:22:43.0986690Z /usr/bin/tar: ../../../../../usr/local/lib/android/sdk/platforms/android-34-ext12/data/res/values-mcc310-mnc200-pt-rBR: Cannot change mode to rwxr-xr-x: Operation not permitted
build	Cache Android SDK	2026-06-06T12:22:43.0989431Z /usr/bin/tar: ../../../../../usr/local/lib/android/sdk/platforms/android-34-ext12/data/res/values-mcc310-mnc410-en-rCA: Cannot utime: Operation not permitted
build	Cache Android SDK	2026-06-06T12:22:43.0990155Z /usr/bin/tar: ../../../../../usr/local/lib/android/sdk/platforms/android-34-ext12/data/res/values-mcc310-mnc410-en-rCA: Cannot change mode to rwxr-xr-x: Operation not permitted
build	Cache Android SDK	2026-06-06T12:22:43.0992504Z /usr/bin/tar: ../../../../../usr/local/lib/android/sdk/platforms/android-34-ext12/data/res/values-mcc310-mnc030-ro: Cannot utime: Operation not permitted
build	Cache Android SDK	2026-06-06T12:22:43.0992987Z /usr/bin/tar: ../../../../../usr/local/lib/android/sdk/platforms/android-34-ext12/data/res/values-mcc310-mnc030-ro: Cannot change mode to rwxr-xr-x: Operation not permitted
build	Cache Android SDK	2026-06-06T12:22:43.0995521Z /usr/bin/tar: ../../../../../usr/local/lib/android/sdk/platforms/android-34-ext12/data/res/values-mcc310-mnc380-ky: Cannot utime: Operation not permitted
build	Cache Android SDK	2026-06-06T12:22:43.0996001Z /usr/bin/tar: ../../../../../usr/local/lib/android/sdk/platforms/android-34-ext12/data/res/values-mcc310-mnc380-ky: Cannot change mode to rwxr-xr-x: Operation not permitted
build	Cache Android SDK	2026-06-06T12:22:43.0998852Z /usr/bin/tar: ../../../../../usr/local/lib/android/sdk/platforms/android-34-ext12/data/res/values-mcc310-mnc800-et: Cannot utime: Operation not permitted
build	Cache Android SDK	2026-06-06T12:22:43.0999337Z /usr/bin/tar: ../../../../../usr/local/lib/android/sdk/platforms/android-34-ext12/data/res/values-mcc310-mnc800-et: Cannot change mode to rwxr-xr-x: Operation not permitted
build	Cache Android SDK	2026-06-06T12:22:43.1005446Z /usr/bin/tar: ../../../../../usr/local/lib/android/sdk/platforms/android-34-ext12/data/res/values-be: Cannot utime: Operation not permitted
build	Cache Android SDK	2026-06-06T12:22:43.1006248Z /usr/bin/tar: ../../../../../usr/local/lib/android/sdk/platforms/android-34-ext12/data/res/values-be: Cannot change mode to rwxr-xr-x: Operation not permitted
build	Cache Android SDK	2026-06-06T12:22:43.1007906Z /usr/bin/tar: ../../../../../usr/local/lib/android/sdk/platforms/android-34-ext12/data/res/values-mcc310-mnc310-el: Cannot utime: Operation not permitted
build	Cache Android SDK	2026-06-06T12:22:43.1008392Z /usr/bin/tar: ../../../../../usr/local/lib/android/sdk/platforms/android-34-ext12/data/res/values-mcc310-mnc310-el: Cannot change mode to rwxr-xr-x: Operation not permitted
build	Cache Android SDK	2026-06-06T12:22:43.1011618Z /usr/bin/tar: ../../../../../usr/local/lib/android/sdk/platforms/android-34-ext12/data/res/values-mcc310-mnc490-ta: Cannot utime: Operation not permitted
build	Cache Android SDK	2026-06-06T12:22:43.1012118Z /usr/bin/tar: ../../../../../usr/local/lib/android/sdk/platforms/android-34-ext12/data/res/values-mcc310-mnc490-ta: Cannot change mode to rwxr-xr-x: Operation not permitted
build	Cache Android SDK	2026-06-06T12:22:43.1014861Z /usr/bin/tar: ../../../../../usr/local/lib/android/sdk/platforms/android-34-ext12/data/res/values-mcc310-mnc310-hu: Cannot utime: Operation not permitted
build	Cache Android SDK	2026-06-06T12:22:43.1015341Z /usr/bin/tar: ../../../../../usr/local/lib/android/sdk/platforms/android-34-ext12/data/res/values-mcc310-mnc310-hu: Cannot change mode to rwxr-xr-x: Operation not permitted
build	Cache Android SDK	2026-06-06T12:22:43.1018398Z /usr/bin/tar: ../../../../../usr/local/lib/android/sdk/platforms/android-34-ext12/data/res/values-mcc310-mnc800-ko: Cannot utime: Operation not permitted
build	Cache Android SDK	2026-06-06T12:22:43.1018898Z /usr/bin/tar: ../../../../../usr/local/lib/android/sdk/platforms/android-34-ext12/data/res/values-mcc310-mnc800-ko: Cannot change mode to rwxr-xr-x: Operation not permitted
build	Cache Android SDK	2026-06-06T12:22:43.1021633Z /usr/bin/tar: ../../../../../usr/local/lib/android/sdk/platforms/android-34-ext12/data/res/values-mcc311-mnc180-km: Cannot utime: Operation not permitted
build	Cache Android SDK	2026-06-06T12:22:43.1022131Z /usr/bin/tar: ../../../../../usr/local/lib/android/sdk/platforms/android-34-ext12/data/res/values-mcc311-mnc180-km: Cannot change mode to rwxr-xr-x: Operation not permitted
build	Cache Android SDK	2026-06-06T12:22:43.1024853Z /usr/bin/tar: ../../../../../usr/local/lib/android/sdk/platforms/android-34-ext12/data/res/values-mcc310-mnc660-az: Cannot utime: Operation not permitted
build	Cache Android SDK	2026-06-06T12:22:43.1025323Z /usr/bin/tar: ../../../../../usr/local/lib/android/sdk/platforms/android-34-ext12/data/res/values-mcc310-mnc660-az: Cannot change mode to rwxr-xr-x: Operation not permitted
build	Cache Android SDK	2026-06-06T12:22:43.1028239Z /usr/bin/tar: ../../../../../usr/local/lib/android/sdk/platforms/android-34-ext12/data/res/values-mcc310-mnc210-zh-rHK: Cannot utime: Operation not permitted
build	Cache Android SDK	2026-06-06T12:22:43.1028747Z /usr/bin/tar: ../../../../../usr/local/lib/android/sdk/platforms/android-34-ext12/data/res/values-mcc310-mnc210-zh-rHK: Cannot change mode to rwxr-xr-x: Operation not permitted
build	Cache Android SDK	2026-06-06T12:22:43.1031207Z /usr/bin/tar: ../../../../../usr/local/lib/android/sdk/platforms/android-34-ext12/data/res/values-ja-watch: Cannot utime: Operation not permitted
build	Cache Android SDK	2026-06-06T12:22:43.1031657Z /usr/bin/tar: ../../../../../usr/local/lib/android/sdk/platforms/android-34-ext12/data/res/values-ja-watch: Cannot change mode to rwxr-xr-x: Operation not permitted
build	Cache Android SDK	2026-06-06T12:22:43.1035013Z /usr/bin/tar: ../../../../../usr/local/lib/android/sdk/platforms/android-34-ext12/data/res/values-mcc312-mnc670-zh-rCN: Cannot utime: Operation not permitted
build	Cache Android SDK	2026-06-06T12:22:43.1035993Z /usr/bin/tar: ../../../../../usr/local/lib/android/sdk/platforms/android-34-ext12/data/res/values-mcc312-mnc670-zh-rCN: Cannot change mode to rwxr-xr-x: Operation not permitted
build	Cache Android SDK	2026-06-06T12:22:43.1038923Z /usr/bin/tar: ../../../../../usr/local/lib/android/sdk/platforms/android-34-ext12/data/res/values-mcc302-mnc370-en-rXC: Cannot utime: Operation not permitted
build	Cache Android SDK	2026-06-06T12:22:43.1039867Z /usr/bin/tar: ../../../../../usr/local/lib/android/sdk/platforms/android-34-ext12/data/res/values-mcc302-mnc370-en-rXC: Cannot change mode to rwxr-xr-x: Operation not permitted
build	Cache Android SDK	2026-06-06T12:22:43.1042684Z /usr/bin/tar: ../../../../../usr/local/lib/android/sdk/platforms/android-34-ext12/data/res/values-mcc310-mnc160-kn: Cannot utime: Operation not permitted
build	Cache Android SDK	2026-06-06T12:22:43.1043637Z /usr/bin/tar: ../../../../../usr/local/lib/android/sdk/platforms/android-34-ext12/data/res/values-mcc310-mnc160-kn: Cannot change mode to rwxr-xr-x: Operation not permitted
build	Cache Android SDK	2026-06-06T12:22:43.1046418Z /usr/bin/tar: ../../../../../usr/local/lib/android/sdk/platforms/android-34-ext12/data/res/values-mcc310-mnc170-th: Cannot utime: Operation not permitted
build	Cache Android SDK	2026-06-06T12:22:43.1047510Z /usr/bin/tar: ../../../../../usr/local/lib/android/sdk/platforms/android-34-ext12/data/res/values-mcc310-mnc170-th: Cannot change mode to rwxr-xr-x: Operation not permitted
build	Cache Android SDK	2026-06-06T12:22:43.1056203Z /usr/bin/tar: ../../../../../usr/local/lib/android/sdk/platforms/android-34-ext12/data/res/values-en-rCA: Cannot utime: Operation not permitted
build	Cache Android SDK	2026-06-06T12:22:43.1057093Z /usr/bin/tar: ../../../../../usr/local/lib/android/sdk/platforms/android-34-ext12/data/res/values-en-rCA: Cannot change mode to rwxr-xr-x: Operation not permitted
build	Cache Android SDK	2026-06-06T12:22:43.1058632Z /usr/bin/tar: ../../../../../usr/local/lib/android/sdk/platforms/android-34-ext12/data/res/values-mcc310-mnc490-vi: Cannot utime: Operation not permitted
build	Cache Android SDK	2026-06-06T12:22:43.1059587Z /usr/bin/tar: ../../../../../usr/local/lib/android/sdk/platforms/android-34-ext12/data/res/values-mcc310-mnc490-vi: Cannot change mode to rwxr-xr-x: Operation not permitted
build	Cache Android SDK	2026-06-06T12:22:43.1061504Z /usr/bin/tar: ../../../../../usr/local/lib/android/sdk/platforms/android-34-ext12/data/res/values-mcc310-mnc210-eu: Cannot utime: Operation not permitted
build	Cache Android SDK	2026-06-06T12:22:43.1062387Z /usr/bin/tar: ../../../../../usr/local/lib/android/sdk/platforms/android-34-ext12/data/res/values-mcc310-mnc210-eu: Cannot change mode to rwxr-xr-x: Operation not permitted
build	Cache Android SDK	2026-06-06T12:22:43.1064964Z /usr/bin/tar: ../../../../../usr/local/lib/android/sdk/platforms/android-34-ext12/data/res/values-mcc312-mnc670-si: Cannot utime: Operation not permitted
build	Cache Android SDK	2026-06-06T12:22:43.1065836Z /usr/bin/tar: ../../../../../usr/local/lib/android/sdk/platforms/android-34-ext12/data/res/values-mcc312-mnc670-si: Cannot change mode to rwxr-xr-x: Operation not permitted
build	Cache Android SDK	2026-06-06T12:22:43.1069103Z /usr/bin/tar: ../../../../../usr/local/lib/android/sdk/platforms/android-34-ext12/data/res/mipmap-mdpi: Cannot utime: Operation not permitted
build	Cache Android SDK	2026-06-06T12:22:43.1069923Z /usr/bin/tar: ../../../../../usr/local/lib/android/sdk/platforms/android-34-ext12/data/res/mipmap-mdpi: Cannot change mode to rwxr-xr-x: Operation not permitted
build	Cache Android SDK	2026-06-06T12:22:43.1072764Z /usr/bin/tar: ../../../../../usr/local/lib/android/sdk/platforms/android-34-ext12/data/res/values-mcc310-mnc170-is: Cannot utime: Operation not permitted
build	Cache Android SDK	2026-06-06T12:22:43.1073657Z /usr/bin/tar: ../../../../../usr/local/lib/android/sdk/platforms/android-34-ext12/data/res/values-mcc310-mnc170-is: Cannot change mode to rwxr-xr-x: Operation not permitted
build	Cache Android SDK	2026-06-06T12:22:43.1076632Z /usr/bin/tar: ../../../../../usr/local/lib/android/sdk/platforms/android-34-ext12/data/res/values-mcc310-mnc950-et: Cannot utime: Operation not permitted
build	Cache Android SDK	2026-06-06T12:22:43.1077644Z /usr/bin/tar: ../../../../../usr/local/lib/android/sdk/platforms/android-34-ext12/data/res/values-mcc310-mnc950-et: Cannot change mode to rwxr-xr-x: Operation not permitted
build	Cache Android SDK	2026-06-06T12:22:43.1080165Z /usr/bin/tar: ../../../../../usr/local/lib/android/sdk/platforms/android-34-ext12/data/res/values-mcc310-mnc200-gu: Cannot utime: Operation not permitted
build	Cache Android SDK	2026-06-06T12:22:43.1081134Z /usr/bin/tar: ../../../../../usr/local/lib/android/sdk/platforms/android-34-ext12/data/res/values-mcc310-mnc200-gu: Cannot change mode to rwxr-xr-x: Operation not permitted
build	Cache Android SDK	2026-06-06T12:22:43.1084817Z /usr/bin/tar: ../../../../../usr/local/lib/android/sdk/platforms/android-34-ext12/data/res/values-mcc313-mnc100-ar: Cannot utime: Operation not permitted
build	Cache Android SDK	2026-06-06T12:22:43.1085741Z /usr/bin/tar: ../../../../../usr/local/lib/android/sdk/platforms/android-34-ext12/data/res/values-mcc313-mnc100-ar: Cannot change mode to rwxr-xr-x: Operation not permitted
build	Cache Android SDK	2026-06-06T12:22:43.1086249Z /usr/bin/tar: ../../../../../usr/local/lib/android/sdk/platforms/android-34-ext12/data/res/values-mcc001-mnc01-nl: Cannot utime: Operation not permitted
build	Cache Android SDK	2026-06-06T12:22:43.1086730Z /usr/bin/tar: ../../../../../usr/local/lib/android/sdk/platforms/android-34-ext12/data/res/values-mcc001-mnc01-nl: Cannot change mode to rwxr-xr-x: Operation not permitted
build	Cache Android SDK	2026-06-06T12:22:43.1091178Z /usr/bin/tar: ../../../../../usr/local/lib/android/sdk/platforms/android-34-ext12/data/res/values-mcc310-mnc270-pt-rBR: Cannot utime: Operation not permitted
build	Cache Android SDK	2026-06-06T12:22:43.1091708Z /usr/bin/tar: ../../../../../usr/local/lib/android/sdk/platforms/android-34-ext12/data/res/values-mcc310-mnc270-pt-rBR: Cannot change mode to rwxr-xr-x: Operation not permitted
build	Cache Android SDK	2026-06-06T12:22:43.1094906Z /usr/bin/tar: ../../../../../usr/local/lib/android/sdk/platforms/android-34-ext12/data/res/values-mcc310-mnc410-nb: Cannot utime: Operation not permitted
build	Cache Android SDK	2026-06-06T12:22:43.1095404Z /usr/bin/tar: ../../../../../usr/local/lib/android/sdk/platforms/android-34-ext12/data/res/values-mcc310-mnc410-nb: Cannot change mode to rwxr-xr-x: Operation not permitted
build	Cache Android SDK	2026-06-06T12:22:43.1097951Z /usr/bin/tar: ../../../../../usr/local/lib/android/sdk/platforms/android-34-ext12/data/res/values-iw-television: Cannot utime: Operation not permitted
build	Cache Android SDK	2026-06-06T12:22:43.1098433Z /usr/bin/tar: ../../../../../usr/local/lib/android/sdk/platforms/android-34-ext12/data/res/values-iw-television: Cannot change mode to rwxr-xr-x: Operation not permitted
build	Cache Android SDK	2026-06-06T12:22:43.1101249Z /usr/bin/tar: ../../../../../usr/local/lib/android/sdk/platforms/android-34-ext12/data/res/values-mcc334-mnc020-da: Cannot utime: Operation not permitted
build	Cache Android SDK	2026-06-06T12:22:43.1101914Z /usr/bin/tar: ../../../../../usr/local/lib/android/sdk/platforms/android-34-ext12/data/res/values-mcc334-mnc020-da: Cannot change mode to rwxr-xr-x: Operation not permitted
build	Cache Android SDK	2026-06-06T12:22:43.1104170Z /usr/bin/tar: ../../../../../usr/local/lib/android/sdk/platforms/android-34-ext12/data/res/values-mcc001-mnc01-zh-rHK: Cannot utime: Operation not permitted
build	Cache Android SDK	2026-06-06T12:22:43.1104670Z /usr/bin/tar: ../../../../../usr/local/lib/android/sdk/platforms/android-34-ext12/data/res/values-mcc001-mnc01-zh-rHK: Cannot change mode to rwxr-xr-x: Operation not permitted
build	Cache Android SDK	2026-06-06T12:22:43.1107189Z /usr/bin/tar: ../../../../../usr/local/lib/android/sdk/platforms/android-34-ext12/data/res/values-mcc310-mnc270-ar: Cannot utime: Operation not permitted
build	Cache Android SDK	2026-06-06T12:22:43.1108073Z /usr/bin/tar: ../../../../../usr/local/lib/android/sdk/platforms/android-34-ext12/data/res/values-mcc310-mnc270-ar: Cannot change mode to rwxr-xr-x: Operation not permitted
build	Cache Android SDK	2026-06-06T12:22:43.1110674Z /usr/bin/tar: ../../../../../usr/local/lib/android/sdk/platforms/android-34-ext12/data/res/values-mcc001-mnc01-tr: Cannot utime: Operation not permitted
build	Cache Android SDK	2026-06-06T12:22:43.1111152Z /usr/bin/tar: ../../../../../usr/local/lib/android/sdk/platforms/android-34-ext12/data/res/values-mcc001-mnc01-tr: Cannot change mode to rwxr-xr-x: Operation not permitted
build	Cache Android SDK	2026-06-06T12:22:43.1114591Z /usr/bin/tar: ../../../../../usr/local/lib/android/sdk/platforms/android-34-ext12/data/res/values-mcc310-mnc030-mn: Cannot utime: Operation not permitted
build	Cache Android SDK	2026-06-06T12:22:43.1115065Z /usr/bin/tar: ../../../../../usr/local/lib/android/sdk/platforms/android-34-ext12/data/res/values-mcc310-mnc030-mn: Cannot change mode to rwxr-xr-x: Operation not permitted
build	Cache Android SDK	2026-06-06T12:22:43.1117872Z /usr/bin/tar: ../../../../../usr/local/lib/android/sdk/platforms/android-34-ext12/data/res/values-mcc302-mnc720-en-rXC: Cannot utime: Operation not permitted
build	Cache Android SDK	2026-06-06T12:22:43.1118365Z /usr/bin/tar: ../../../../../usr/local/lib/android/sdk/platforms/android-34-ext12/data/res/values-mcc302-mnc720-en-rXC: Cannot change mode to rwxr-xr-x: Operation not permitted
build	Cache Android SDK	2026-06-06T12:22:43.1121243Z /usr/bin/tar: ../../../../../usr/local/lib/android/sdk/platforms/android-34-ext12/data/res/values-mcc310-mnc160-nb: Cannot utime: Operation not permitted
build	Cache Android SDK	2026-06-06T12:22:43.1121715Z /usr/bin/tar: ../../../../../usr/local/lib/android/sdk/platforms/android-34-ext12/data/res/values-mcc310-mnc160-nb: Cannot change mode to rwxr-xr-x: Operation not permitted
build	Cache Android SDK	2026-06-06T12:22:43.1124204Z /usr/bin/tar: ../../../../../usr/local/lib/android/sdk/platforms/android-34-ext12/data/res/values-mcc310-mnc150-da: Cannot utime: Operation not permitted
build	Cache Android SDK	2026-06-06T12:22:43.1124684Z /usr/bin/tar: ../../../../../usr/local/lib/android/sdk/platforms/android-34-ext12/data/res/values-mcc310-mnc150-da: Cannot change mode to rwxr-xr-x: Operation not permitted
build	Cache Android SDK	2026-06-06T12:22:43.1128182Z /usr/bin/tar: ../../../../../usr/local/lib/android/sdk/platforms/android-34-ext12/data/res/values-mcc310-mnc800-en-rGB: Cannot utime: Operation not permitted
build	Cache Android SDK	2026-06-06T12:22:43.1130148Z /usr/bin/tar: ../../../../../usr/local/lib/android/sdk/platforms/android-34-ext12/data/res/values-mcc310-mnc800-en-rGB: Cannot change mode to rwxr-xr-x: Operation not permitted
build	Cache Android SDK	2026-06-06T12:22:43.1130967Z /usr/bin/tar: ../../../../../usr/local/lib/android/sdk/platforms/android-34-ext12/data/res/values-mcc310-mnc170-bn: Cannot utime: Operation not permitted
build	Cache Android SDK	2026-06-06T12:22:43.1131454Z /usr/bin/tar: ../../../../../usr/local/lib/android/sdk/platforms/android-34-ext12/data/res/values-mcc310-mnc170-bn: Cannot change mode to rwxr-xr-x: Operation not permitted
build	Cache Android SDK	2026-06-06T12:22:43.1134120Z /usr/bin/tar: ../../../../../usr/local/lib/android/sdk/platforms/android-34-ext12/data/res/values-mcc310-mnc150-zh-rHK: Cannot utime: Operation not permitted
build	Cache Android SDK	2026-06-06T12:22:43.1134622Z /usr/bin/tar: ../../../../../usr/local/lib/android/sdk/platforms/android-34-ext12/data/res/values-mcc310-mnc150-zh-rHK: Cannot change mode to rwxr-xr-x: Operation not permitted
build	Cache Android SDK	2026-06-06T12:22:43.1137667Z /usr/bin/tar: ../../../../../usr/local/lib/android/sdk/platforms/android-34-ext12/data/res/values-de-television: Cannot utime: Operation not permitted
build	Cache Android SDK	2026-06-06T12:22:43.1138140Z /usr/bin/tar: ../../../../../usr/local/lib/android/sdk/platforms/android-34-ext12/data/res/values-de-television: Cannot change mode to rwxr-xr-x: Operation not permitted
build	Cache Android SDK	2026-06-06T12:22:43.1140775Z /usr/bin/tar: ../../../../../usr/local/lib/android/sdk/platforms/android-34-ext12/data/res/values-mcc310-mnc230-da: Cannot utime: Operation not permitted
build	Cache Android SDK	2026-06-06T12:22:43.1141403Z /usr/bin/tar: ../../../../../usr/local/lib/android/sdk/platforms/android-34-ext12/data/res/values-mcc310-mnc230-da: Cannot change mode to rwxr-xr-x: Operation not permitted
build	Cache Android SDK	2026-06-06T12:22:43.1145438Z /usr/bin/tar: ../../../../../usr/local/lib/android/sdk/platforms/android-34-ext12/data/res/values-mcc302-mnc370-af: Cannot utime: Operation not permitted
build	Cache Android SDK	2026-06-06T12:22:43.1145908Z /usr/bin/tar: ../../../../../usr/local/lib/android/sdk/platforms/android-34-ext12/data/res/values-mcc302-mnc370-af: Cannot change mode to rwxr-xr-x: Operation not permitted
build	Cache Android SDK	2026-06-06T12:22:43.1148734Z /usr/bin/tar: ../../../../../usr/local/lib/android/sdk/platforms/android-34-ext12/data/res/values-mcc310-mnc800-th: Cannot utime: Operation not permitted
build	Cache Android SDK	2026-06-06T12:22:43.1149204Z /usr/bin/tar: ../../../../../usr/local/lib/android/sdk/platforms/android-34-ext12/data/res/values-mcc310-mnc800-th: Cannot change mode to rwxr-xr-x: Operation not permitted
build	Cache Android SDK	2026-06-06T12:22:43.1152161Z /usr/bin/tar: ../../../../../usr/local/lib/android/sdk/platforms/android-34-ext12/data/res/values-mcc310-mnc490-lo: Cannot utime: Operation not permitted
build	Cache Android SDK	2026-06-06T12:22:43.1152629Z /usr/bin/tar: ../../../../../usr/local/lib/android/sdk/platforms/android-34-ext12/data/res/values-mcc310-mnc490-lo: Cannot change mode to rwxr-xr-x: Operation not permitted
build	Cache Android SDK	2026-06-06T12:22:43.1155487Z /usr/bin/tar: ../../../../../usr/local/lib/android/sdk/platforms/android-34-ext12/data/res/values-mcc310-mnc950-sq: Cannot utime: Operation not permitted
build	Cache Android SDK	2026-06-06T12:22:43.1155964Z /usr/bin/tar: ../../../../../usr/local/lib/android/sdk/platforms/android-34-ext12/data/res/values-mcc310-mnc950-sq: Cannot change mode to rwxr-xr-x: Operation not permitted
build	Cache Android SDK	2026-06-06T12:22:43.1158848Z /usr/bin/tar: ../../../../../usr/local/lib/android/sdk/platforms/android-34-ext12/data/res/values-fa-watch: Cannot utime: Operation not permitted
build	Cache Android SDK	2026-06-06T12:22:43.1159300Z /usr/bin/tar: ../../../../../usr/local/lib/android/sdk/platforms/android-34-ext12/data/res/values-fa-watch: Cannot change mode to rwxr-xr-x: Operation not permitted
build	Cache Android SDK	2026-06-06T12:22:43.1162430Z /usr/bin/tar: ../../../../../usr/local/lib/android/sdk/platforms/android-34-ext12/data/res/values-mcc310-mnc170-sw: Cannot utime: Operation not permitted
build	Cache Android SDK	2026-06-06T12:22:43.1163078Z /usr/bin/tar: ../../../../../usr/local/lib/android/sdk/platforms/android-34-ext12/data/res/values-mcc310-mnc170-sw: Cannot change mode to rwxr-xr-x: Operation not permitted
build	Cache Android SDK	2026-06-06T12:22:43.1166362Z /usr/bin/tar: ../../../../../usr/local/lib/android/sdk/platforms/android-34-ext12/data/res/values-mcc310-mnc250-sr: Cannot utime: Operation not permitted
build	Cache Android SDK	2026-06-06T12:22:43.1166989Z /usr/bin/tar: ../../../../../usr/local/lib/android/sdk/platforms/android-34-ext12/data/res/values-mcc310-mnc250-sr: Cannot change mode to rwxr-xr-x: Operation not permitted
build	Cache Android SDK	2026-06-06T12:22:43.1169854Z /usr/bin/tar: ../../../../../usr/local/lib/android/sdk/platforms/android-34-ext12/data/res/values-mcc311-mnc180-hr: Cannot utime: Operation not permitted
build	Cache Android SDK	2026-06-06T12:22:43.1170892Z /usr/bin/tar: ../../../../../usr/local/lib/android/sdk/platforms/android-34-ext12/data/res/values-mcc311-mnc180-hr: Cannot change mode to rwxr-xr-x: Operation not permitted
build	Cache Android SDK	2026-06-06T12:22:43.1173304Z /usr/bin/tar: ../../../../../usr/local/lib/android/sdk/platforms/android-34-ext12/data/res/values-mcc310-mnc560-da: Cannot utime: Operation not permitted
build	Cache Android SDK	2026-06-06T12:22:43.1174446Z /usr/bin/tar: ../../../../../usr/local/lib/android/sdk/platforms/android-34-ext12/data/res/values-mcc310-mnc560-da: Cannot change mode to rwxr-xr-x: Operation not permitted
build	Cache Android SDK	2026-06-06T12:22:43.1176866Z /usr/bin/tar: ../../../../../usr/local/lib/android/sdk/platforms/android-34-ext12/data/res/values-af-television: Cannot utime: Operation not permitted
build	Cache Android SDK	2026-06-06T12:22:43.1177918Z /usr/bin/tar: ../../../../../usr/local/lib/android/sdk/platforms/android-34-ext12/data/res/values-af-television: Cannot change mode to rwxr-xr-x: Operation not permitted
build	Cache Android SDK	2026-06-06T12:22:43.1184660Z /usr/bin/tar: ../../../../../usr/local/lib/android/sdk/platforms/android-34-ext12/data/res/values-tr: Cannot utime: Operation not permitted
build	Cache Android SDK	2026-06-06T12:22:43.1185213Z /usr/bin/tar: ../../../../../usr/local/lib/android/sdk/platforms/android-34-ext12/data/res/values-tr: Cannot change mode to rwxr-xr-x: Operation not permitted
build	Cache Android SDK	2026-06-06T12:22:43.1187635Z /usr/bin/tar: ../../../../../usr/local/lib/android/sdk/platforms/android-34-ext12/data/res/values-mcc232: Cannot utime: Operation not permitted
build	Cache Android SDK	2026-06-06T12:22:43.1188091Z /usr/bin/tar: ../../../../../usr/local/lib/android/sdk/platforms/android-34-ext12/data/res/values-mcc232: Cannot change mode to rwxr-xr-x: Operation not permitted
build	Cache Android SDK	2026-06-06T12:22:43.1190651Z /usr/bin/tar: ../../../../../usr/local/lib/android/sdk/platforms/android-34-ext12/data/res/values-mcc310-mnc950-ca: Cannot utime: Operation not permitted
build	Cache Android SDK	2026-06-06T12:22:43.1191122Z /usr/bin/tar: ../../../../../usr/local/lib/android/sdk/platforms/android-34-ext12/data/res/values-mcc310-mnc950-ca: Cannot change mode to rwxr-xr-x: Operation not permitted
build	Cache Android SDK	2026-06-06T12:22:43.1194331Z /usr/bin/tar: ../../../../../usr/local/lib/android/sdk/platforms/android-34-ext12/data/res/values-mcc001-mnc01-zh-rTW: Cannot utime: Operation not permitted
build	Cache Android SDK	2026-06-06T12:22:43.1194889Z /usr/bin/tar: ../../../../../usr/local/lib/android/sdk/platforms/android-34-ext12/data/res/values-mcc001-mnc01-zh-rTW: Cannot change mode to rwxr-xr-x: Operation not permitted
build	Cache Android SDK	2026-06-06T12:22:43.1197606Z /usr/bin/tar: ../../../../../usr/local/lib/android/sdk/platforms/android-34-ext12/data/res/values-mcc310-mnc410-bg: Cannot utime: Operation not permitted
build	Cache Android SDK	2026-06-06T12:22:43.1198119Z /usr/bin/tar: ../../../../../usr/local/lib/android/sdk/platforms/android-34-ext12/data/res/values-mcc310-mnc410-bg: Cannot change mode to rwxr-xr-x: Operation not permitted
build	Cache Android SDK	2026-06-06T12:22:43.1200715Z /usr/bin/tar: ../../../../../usr/local/lib/android/sdk/platforms/android-34-ext12/data/res/values-mcc310-mnc270-be: Cannot utime: Operation not permitted
build	Cache Android SDK	2026-06-06T12:22:43.1201288Z /usr/bin/tar: ../../../../../usr/local/lib/android/sdk/platforms/android-34-ext12/data/res/values-mcc310-mnc270-be: Cannot change mode to rwxr-xr-x: Operation not permitted
build	Cache Android SDK	2026-06-06T12:22:43.1203762Z /usr/bin/tar: ../../../../../usr/local/lib/android/sdk/platforms/android-34-ext12/data/res/values-mcc302-mnc370-ar: Cannot utime: Operation not permitted
build	Cache Android SDK	2026-06-06T12:22:43.1204255Z /usr/bin/tar: ../../../../../usr/local/lib/android/sdk/platforms/android-34-ext12/data/res/values-mcc302-mnc370-ar: Cannot change mode to rwxr-xr-x: Operation not permitted
build	Cache Android SDK	2026-06-06T12:22:43.1206949Z /usr/bin/tar: ../../../../../usr/local/lib/android/sdk/platforms/android-34-ext12/data/res/values-mcc310-mnc250-lv: Cannot utime: Operation not permitted
build	Cache Android SDK	2026-06-06T12:22:43.1207607Z /usr/bin/tar: ../../../../../usr/local/lib/android/sdk/platforms/android-34-ext12/data/res/values-mcc310-mnc250-lv: Cannot change mode to rwxr-xr-x: Operation not permitted
build	Cache Android SDK	2026-06-06T12:22:43.1209755Z /usr/bin/tar: ../../../../../usr/local/lib/android/sdk/platforms/android-34-ext12/data/res/values-mcc310-mnc230-th: Cannot utime: Operation not permitted
build	Cache Android SDK	2026-06-06T12:22:43.1210224Z /usr/bin/tar: ../../../../../usr/local/lib/android/sdk/platforms/android-34-ext12/data/res/values-mcc310-mnc230-th: Cannot change mode to rwxr-xr-x: Operation not permitted
build	Cache Android SDK	2026-06-06T12:22:43.1212726Z /usr/bin/tar: ../../../../../usr/local/lib/android/sdk/platforms/android-34-ext12/data/res/values-mcc286: Cannot utime: Operation not permitted
build	Cache Android SDK	2026-06-06T12:22:43.1213530Z /usr/bin/tar: ../../../../../usr/local/lib/android/sdk/platforms/android-34-ext12/data/res/values-mcc286: Cannot change mode to rwxr-xr-x: Operation not permitted
build	Cache Android SDK	2026-06-06T12:22:43.1215146Z /usr/bin/tar: ../../../../../usr/local/lib/android/sdk/platforms/android-34-ext12/data/res/values-mcc310-mnc250-uz: Cannot utime: Operation not permitted
build	Cache Android SDK	2026-06-06T12:22:43.1215701Z /usr/bin/tar: ../../../../../usr/local/lib/android/sdk/platforms/android-34-ext12/data/res/values-mcc310-mnc250-uz: Cannot change mode to rwxr-xr-x: Operation not permitted
build	Cache Android SDK	2026-06-06T12:22:43.1218679Z /usr/bin/tar: ../../../../../usr/local/lib/android/sdk/platforms/android-34-ext12/data/res/values-mcc310-mnc240-eu: Cannot utime: Operation not permitted
build	Cache Android SDK	2026-06-06T12:22:43.1219513Z /usr/bin/tar: ../../../../../usr/local/lib/android/sdk/platforms/android-34-ext12/data/res/values-mcc310-mnc240-eu: Cannot change mode to rwxr-xr-x: Operation not permitted
build	Cache Android SDK	2026-06-06T12:22:43.1221206Z /usr/bin/tar: ../../../../../usr/local/lib/android/sdk/platforms/android-34-ext12/data/res/values-mcc310-mnc280-km: Cannot utime: Operation not permitted
build	Cache Android SDK	2026-06-06T12:22:43.1221782Z /usr/bin/tar: ../../../../../usr/local/lib/android/sdk/platforms/android-34-ext12/data/res/values-mcc310-mnc280-km: Cannot change mode to rwxr-xr-x: Operation not permitted
build	Cache Android SDK	2026-06-06T12:22:43.1224834Z /usr/bin/tar: ../../../../../usr/local/lib/android/sdk/platforms/android-34-ext12/data/res/values-mcc310-mnc150-et: Cannot utime: Operation not permitted
build	Cache Android SDK	2026-06-06T12:22:43.1225318Z /usr/bin/tar: ../../../../../usr/local/lib/android/sdk/platforms/android-34-ext12/data/res/values-mcc310-mnc150-et: Cannot change mode to rwxr-xr-x: Operation not permitted
build	Cache Android SDK	2026-06-06T12:22:43.1230556Z /usr/bin/tar: ../../../../../usr/local/lib/android/sdk/platforms/android-34-ext12/data/res/values-mcc310-mnc800-tl: Cannot utime: Operation not permitted
build	Cache Android SDK	2026-06-06T12:22:43.1231154Z /usr/bin/tar: ../../../../../usr/local/lib/android/sdk/platforms/android-34-ext12/data/res/values-mcc310-mnc800-tl: Cannot change mode to rwxr-xr-x: Operation not permitted
build	Cache Android SDK	2026-06-06T12:22:43.1232954Z /usr/bin/tar: ../../../../../usr/local/lib/android/sdk/platforms/android-34-ext12/data/res/values-mcc312-mnc670-bn: Cannot utime: Operation not permitted
build	Cache Android SDK	2026-06-06T12:22:43.1233428Z /usr/bin/tar: ../../../../../usr/local/lib/android/sdk/platforms/android-34-ext12/data/res/values-mcc312-mnc670-bn: Cannot change mode to rwxr-xr-x: Operation not permitted
build	Cache Android SDK	2026-06-06T12:22:43.1236724Z /usr/bin/tar: ../../../../../usr/local/lib/android/sdk/platforms/android-34-ext12/data/res/values-mcc234-mnc91: Cannot utime: Operation not permitted
build	Cache Android SDK	2026-06-06T12:22:43.1237585Z /usr/bin/tar: ../../../../../usr/local/lib/android/sdk/platforms/android-34-ext12/data/res/values-mcc234-mnc91: Cannot change mode to rwxr-xr-x: Operation not permitted
build	Cache Android SDK	2026-06-06T12:22:43.1239811Z /usr/bin/tar: ../../../../../usr/local/lib/android/sdk/platforms/android-34-ext12/data/res/values-mcc310-mnc210-hu: Cannot utime: Operation not permitted
build	Cache Android SDK	2026-06-06T12:22:43.1240295Z /usr/bin/tar: ../../../../../usr/local/lib/android/sdk/platforms/android-34-ext12/data/res/values-mcc310-mnc210-hu: Cannot change mode to rwxr-xr-x: Operation not permitted
build	Cache Android SDK	2026-06-06T12:22:43.1243167Z /usr/bin/tar: ../../../../../usr/local/lib/android/sdk/platforms/android-34-ext12/data/res/values-mcc310-mnc200-ne: Cannot utime: Operation not permitted
build	Cache Android SDK	2026-06-06T12:22:43.1243751Z /usr/bin/tar: ../../../../../usr/local/lib/android/sdk/platforms/android-34-ext12/data/res/values-mcc310-mnc200-ne: Cannot change mode to rwxr-xr-x: Operation not permitted
build	Cache Android SDK	2026-06-06T12:22:43.1246394Z /usr/bin/tar: ../../../../../usr/local/lib/android/sdk/platforms/android-34-ext12/data/res/values-mcc240-mnc05: Cannot utime: Operation not permitted
build	Cache Android SDK	2026-06-06T12:22:43.1246861Z /usr/bin/tar: ../../../../../usr/local/lib/android/sdk/platforms/android-34-ext12/data/res/values-mcc240-mnc05: Cannot change mode to rwxr-xr-x: Operation not permitted
build	Cache Android SDK	2026-06-06T12:22:43.1249972Z /usr/bin/tar: ../../../../../usr/local/lib/android/sdk/platforms/android-34-ext12/data/res/values-mcc312-mnc670-et: Cannot utime: Operation not permitted
build	Cache Android SDK	2026-06-06T12:22:43.1250440Z /usr/bin/tar: ../../../../../usr/local/lib/android/sdk/platforms/android-34-ext12/data/res/values-mcc312-mnc670-et: Cannot change mode to rwxr-xr-x: Operation not permitted
build	Cache Android SDK	2026-06-06T12:22:43.1253472Z /usr/bin/tar: ../../../../../usr/local/lib/android/sdk/platforms/android-34-ext12/data/res/values-mcc334-mnc020-bn: Cannot utime: Operation not permitted
build	Cache Android SDK	2026-06-06T12:22:43.1254051Z /usr/bin/tar: ../../../../../usr/local/lib/android/sdk/platforms/android-34-ext12/data/res/values-mcc334-mnc020-bn: Cannot change mode to rwxr-xr-x: Operation not permitted
build	Cache Android SDK	2026-06-06T12:22:43.1256776Z /usr/bin/tar: ../../../../../usr/local/lib/android/sdk/platforms/android-34-ext12/data/res/values-sw600dp-w960dp: Cannot utime: Operation not permitted
build	Cache Android SDK	2026-06-06T12:22:43.1257491Z /usr/bin/tar: ../../../../../usr/local/lib/android/sdk/platforms/android-34-ext12/data/res/values-sw600dp-w960dp: Cannot change mode to rwxr-xr-x: Operation not permitted
build	Cache Android SDK	2026-06-06T12:22:43.1260156Z /usr/bin/tar: ../../../../../usr/local/lib/android/sdk/platforms/android-34-ext12/data/res/values-mcc310-mnc660-is: Cannot utime: Operation not permitted
build	Cache Android SDK	2026-06-06T12:22:43.1260610Z /usr/bin/tar: ../../../../../usr/local/lib/android/sdk/platforms/android-34-ext12/data/res/values-mcc310-mnc660-is: Cannot change mode to rwxr-xr-x: Operation not permitted
build	Cache Android SDK	2026-06-06T12:22:43.1263855Z /usr/bin/tar: ../../../../../usr/local/lib/android/sdk/platforms/android-34-ext12/data/res/values-fr-rBE: Cannot utime: Operation not permitted
build	Cache Android SDK	2026-06-06T12:22:43.1264292Z /usr/bin/tar: ../../../../../usr/local/lib/android/sdk/platforms/android-34-ext12/data/res/values-fr-rBE: Cannot change mode to rwxr-xr-x: Operation not permitted
build	Cache Android SDK	2026-06-06T12:22:43.1267136Z /usr/bin/tar: ../../../../../usr/local/lib/android/sdk/platforms/android-34-ext12/data/res/values-mcc312-mnc670-es: Cannot utime: Operation not permitted
build	Cache Android SDK	2026-06-06T12:22:43.1267772Z /usr/bin/tar: ../../../../../usr/local/lib/android/sdk/platforms/android-34-ext12/data/res/values-mcc312-mnc670-es: Cannot change mode to rwxr-xr-x: Operation not permitted
build	Cache Android SDK	2026-06-06T12:22:43.1270526Z /usr/bin/tar: ../../../../../usr/local/lib/android/sdk/platforms/android-34-ext12/data/res/values-mcc310-mnc380-gu: Cannot utime: Operation not permitted
build	Cache Android SDK	2026-06-06T12:22:43.1270982Z /usr/bin/tar: ../../../../../usr/local/lib/android/sdk/platforms/android-34-ext12/data/res/values-mcc310-mnc380-gu: Cannot change mode to rwxr-xr-x: Operation not permitted
build	Cache Android SDK	2026-06-06T12:22:43.1273827Z /usr/bin/tar: ../../../../../usr/local/lib/android/sdk/platforms/android-34-ext12/data/res/values-mcc334-mnc020-uz: Cannot utime: Operation not permitted
build	Cache Android SDK	2026-06-06T12:22:43.1274299Z /usr/bin/tar: ../../../../../usr/local/lib/android/sdk/platforms/android-34-ext12/data/res/values-mcc334-mnc020-uz: Cannot change mode to rwxr-xr-x: Operation not permitted
build	Cache Android SDK	2026-06-06T12:22:43.1277624Z /usr/bin/tar: ../../../../../usr/local/lib/android/sdk/platforms/android-34-ext12/data/res/values-mcc302-mnc720-b+sr+Latn: Cannot utime: Operation not permitted
build	Cache Android SDK	2026-06-06T12:22:43.1278129Z /usr/bin/tar: ../../../../../usr/local/lib/android/sdk/platforms/android-34-ext12/data/res/values-mcc302-mnc720-b+sr+Latn: Cannot change mode to rwxr-xr-x: Operation not permitted
build	Cache Android SDK	2026-06-06T12:22:43.1284239Z /usr/bin/tar: ../../../../../usr/local/lib/android/sdk/platforms/android-34-ext12/data/res/values-af: Cannot utime: Operation not permitted
build	Cache Android SDK	2026-06-06T12:22:43.1284771Z /usr/bin/tar: ../../../../../usr/local/lib/android/sdk/platforms/android-34-ext12/data/res/values-af: Cannot change mode to rwxr-xr-x: Operation not permitted
build	Cache Android SDK	2026-06-06T12:22:43.1287323Z /usr/bin/tar: ../../../../../usr/local/lib/android/sdk/platforms/android-34-ext12/data/res/values-mcc334-mnc020-sk: Cannot utime: Operation not permitted
build	Cache Android SDK	2026-06-06T12:22:43.1288188Z /usr/bin/tar: ../../../../../usr/local/lib/android/sdk/platforms/android-34-ext12/data/res/values-mcc334-mnc020-sk: Cannot change mode to rwxr-xr-x: Operation not permitted
build	Cache Android SDK	2026-06-06T12:22:43.1290532Z /usr/bin/tar: ../../../../../usr/local/lib/android/sdk/platforms/android-34-ext12/data/res/values-mcc312-mnc670-de: Cannot utime: Operation not permitted
build	Cache Android SDK	2026-06-06T12:22:43.1291019Z /usr/bin/tar: ../../../../../usr/local/lib/android/sdk/platforms/android-34-ext12/data/res/values-mcc312-mnc670-de: Cannot change mode to rwxr-xr-x: Operation not permitted
build	Cache Android SDK	2026-06-06T12:22:43.1293296Z /usr/bin/tar: ../../../../../usr/local/lib/android/sdk/platforms/android-34-ext12/data/res/values-mcc310-mnc950-iw: Cannot utime: Operation not permitted
build	Cache Android SDK	2026-06-06T12:22:43.1293785Z /usr/bin/tar: ../../../../../usr/local/lib/android/sdk/platforms/android-34-ext12/data/res/values-mcc310-mnc950-iw: Cannot change mode to rwxr-xr-x: Operation not permitted
build	Cache Android SDK	2026-06-06T12:22:43.1296656Z /usr/bin/tar: ../../../../../usr/local/lib/android/sdk/platforms/android-34-ext12/data/res/values-mcc302-mnc370-de: Cannot utime: Operation not permitted
build	Cache Android SDK	2026-06-06T12:22:43.1297145Z /usr/bin/tar: ../../../../../usr/local/lib/android/sdk/platforms/android-34-ext12/data/res/values-mcc302-mnc370-de: Cannot change mode to rwxr-xr-x: Operation not permitted
build	Cache Android SDK	2026-06-06T12:22:43.1299502Z /usr/bin/tar: ../../../../../usr/local/lib/android/sdk/platforms/android-34-ext12/data/res/values-mcc310-mnc310-be: Cannot utime: Operation not permitted
build	Cache Android SDK	2026-06-06T12:22:43.1300052Z /usr/bin/tar: ../../../../../usr/local/lib/android/sdk/platforms/android-34-ext12/data/res/values-mcc310-mnc310-be: Cannot change mode to rwxr-xr-x: Operation not permitted
build	Cache Android SDK	2026-06-06T12:22:43.1302980Z /usr/bin/tar: ../../../../../usr/local/lib/android/sdk/platforms/android-34-ext12/data/res/values-da-watch: Cannot utime: Operation not permitted
build	Cache Android SDK	2026-06-06T12:22:43.1303443Z /usr/bin/tar: ../../../../../usr/local/lib/android/sdk/platforms/android-34-ext12/data/res/values-da-watch: Cannot change mode to rwxr-xr-x: Operation not permitted
build	Cache Android SDK	2026-06-06T12:22:43.1306286Z /usr/bin/tar: ../../../../../usr/local/lib/android/sdk/platforms/android-34-ext12/data/res/values-mcc312-mnc670-fr-rCA: Cannot utime: Operation not permitted
build	Cache Android SDK	2026-06-06T12:22:43.1306933Z /usr/bin/tar: ../../../../../usr/local/lib/android/sdk/platforms/android-34-ext12/data/res/values-mcc312-mnc670-fr-rCA: Cannot change mode to rwxr-xr-x: Operation not permitted
build	Cache Android SDK	2026-06-06T12:22:43.1310261Z /usr/bin/tar: ../../../../../usr/local/lib/android/sdk/platforms/android-34-ext12/data/res/values-mcc310-mnc410-lt: Cannot utime: Operation not permitted
build	Cache Android SDK	2026-06-06T12:22:43.1310787Z /usr/bin/tar: ../../../../../usr/local/lib/android/sdk/platforms/android-34-ext12/data/res/values-mcc310-mnc410-lt: Cannot change mode to rwxr-xr-x: Operation not permitted
build	Cache Android SDK	2026-06-06T12:22:43.1313617Z /usr/bin/tar: ../../../../../usr/local/lib/android/sdk/platforms/android-34-ext12/data/res/values-mcc311-mnc180-am: Cannot utime: Operation not permitted
build	Cache Android SDK	2026-06-06T12:22:43.1314093Z /usr/bin/tar: ../../../../../usr/local/lib/android/sdk/platforms/android-34-ext12/data/res/values-mcc311-mnc180-am: Cannot change mode to rwxr-xr-x: Operation not permitted
build	Cache Android SDK	2026-06-06T12:22:43.1317058Z /usr/bin/tar: ../../../../../usr/local/lib/android/sdk/platforms/android-34-ext12/data/res/values-mcc310-mnc410-pt-rBR: Cannot utime: Operation not permitted
build	Cache Android SDK	2026-06-06T12:22:43.1317711Z /usr/bin/tar: ../../../../../usr/local/lib/android/sdk/platforms/android-34-ext12/data/res/values-mcc310-mnc410-pt-rBR: Cannot change mode to rwxr-xr-x: Operation not permitted
build	Cache Android SDK	2026-06-06T12:22:43.1320351Z /usr/bin/tar: ../../../../../usr/local/lib/android/sdk/platforms/android-34-ext12/data/res/layout-television: Cannot utime: Operation not permitted
build	Cache Android SDK	2026-06-06T12:22:43.1320812Z /usr/bin/tar: ../../../../../usr/local/lib/android/sdk/platforms/android-34-ext12/data/res/layout-television: Cannot change mode to rwxr-xr-x: Operation not permitted
build	Cache Android SDK	2026-06-06T12:22:43.1324529Z /usr/bin/tar: ../../../../../usr/local/lib/android/sdk/platforms/android-34-ext12/data/res/values-mcc001-mnc01-hy: Cannot utime: Operation not permitted
build	Cache Android SDK	2026-06-06T12:22:43.1325156Z /usr/bin/tar: ../../../../../usr/local/lib/android/sdk/platforms/android-34-ext12/data/res/values-mcc001-mnc01-hy: Cannot change mode to rwxr-xr-x: Operation not permitted
build	Cache Android SDK	2026-06-06T12:22:43.1332189Z /usr/bin/tar: ../../../../../usr/local/lib/android/sdk/platforms/android-34-ext12/data/res/values-mcc310-mnc800-fa: Cannot utime: Operation not permitted
build	Cache Android SDK	2026-06-06T12:22:43.1332668Z /usr/bin/tar: ../../../../../usr/local/lib/android/sdk/platforms/android-34-ext12/data/res/values-mcc310-mnc800-fa: Cannot change mode to rwxr-xr-x: Operation not permitted
build	Cache Android SDK	2026-06-06T12:22:43.1335479Z /usr/bin/tar: ../../../../../usr/local/lib/android/sdk/platforms/android-34-ext12/data/res/values-mcc310-mnc220-ru: Cannot utime: Operation not permitted
build	Cache Android SDK	2026-06-06T12:22:43.1335957Z /usr/bin/tar: ../../../../../usr/local/lib/android/sdk/platforms/android-34-ext12/data/res/values-mcc310-mnc220-ru: Cannot change mode to rwxr-xr-x: Operation not permitted
build	Cache Android SDK	2026-06-06T12:22:43.1339348Z /usr/bin/tar: ../../../../../usr/local/lib/android/sdk/platforms/android-34-ext12/data/res/values-mcc302-mnc370-as: Cannot utime: Operation not permitted
build	Cache Android SDK	2026-06-06T12:22:43.1339841Z /usr/bin/tar: ../../../../../usr/local/lib/android/sdk/platforms/android-34-ext12/data/res/values-mcc302-mnc370-as: Cannot change mode to rwxr-xr-x: Operation not permitted
build	Cache Android SDK	2026-06-06T12:22:43.1349171Z /usr/bin/tar: ../../../../../usr/local/lib/android/sdk/platforms/android-34-ext12/data/res/values-my: Cannot utime: Operation not permitted
build	Cache Android SDK	2026-06-06T12:22:43.1349945Z /usr/bin/tar: ../../../../../usr/local/lib/android/sdk/platforms/android-34-ext12/data/res/values-my: Cannot change mode to rwxr-xr-x: Operation not permitted
build	Cache Android SDK	2026-06-06T12:22:43.1350738Z /usr/bin/tar: ../../../../../usr/local/lib/android/sdk/platforms/android-34-ext12/data/res/values-h480dp: Cannot utime: Operation not permitted
build	Cache Android SDK	2026-06-06T12:22:43.1351205Z /usr/bin/tar: ../../../../../usr/local/lib/android/sdk/platforms/android-34-ext12/data/res/values-h480dp: Cannot change mode to rwxr-xr-x: Operation not permitted
build	Cache Android SDK	2026-06-06T12:22:43.1354410Z /usr/bin/tar: ../../../../../usr/local/lib/android/sdk/platforms/android-34-ext12/data/res/values-mcc310-mnc150-km: Cannot utime: Operation not permitted
build	Cache Android SDK	2026-06-06T12:22:43.1354879Z /usr/bin/tar: ../../../../../usr/local/lib/android/sdk/platforms/android-34-ext12/data/res/values-mcc310-mnc150-km: Cannot change mode to rwxr-xr-x: Operation not permitted
build	Cache Android SDK	2026-06-06T12:22:43.1357300Z /usr/bin/tar: ../../../../../usr/local/lib/android/sdk/platforms/android-34-ext12/data/res/values-mcc310-mnc410-in: Cannot utime: Operation not permitted
build	Cache Android SDK	2026-06-06T12:22:43.1357975Z /usr/bin/tar: ../../../../../usr/local/lib/android/sdk/platforms/android-34-ext12/data/res/values-mcc310-mnc410-in: Cannot change mode to rwxr-xr-x: Operation not permitted
build	Cache Android SDK	2026-06-06T12:22:43.1360715Z /usr/bin/tar: ../../../../../usr/local/lib/android/sdk/platforms/android-34-ext12/data/res/values-mcc310-mnc950: Cannot utime: Operation not permitted
build	Cache Android SDK	2026-06-06T12:22:43.1361220Z /usr/bin/tar: ../../../../../usr/local/lib/android/sdk/platforms/android-34-ext12/data/res/values-mcc310-mnc950: Cannot change mode to rwxr-xr-x: Operation not permitted
build	Cache Android SDK	2026-06-06T12:22:43.1363651Z /usr/bin/tar: ../../../../../usr/local/lib/android/sdk/platforms/android-34-ext12/data/res/values-mcc310-mnc220-mn: Cannot utime: Operation not permitted
build	Cache Android SDK	2026-06-06T12:22:43.1364141Z /usr/bin/tar: ../../../../../usr/local/lib/android/sdk/platforms/android-34-ext12/data/res/values-mcc310-mnc220-mn: Cannot change mode to rwxr-xr-x: Operation not permitted
build	Cache Android SDK	2026-06-06T12:22:43.1366453Z /usr/bin/tar: ../../../../../usr/local/lib/android/sdk/platforms/android-34-ext12/data/res/values-mcc310-mnc950-ml: Cannot utime: Operation not permitted
build	Cache Android SDK	2026-06-06T12:22:43.1366994Z /usr/bin/tar: ../../../../../usr/local/lib/android/sdk/platforms/android-34-ext12/data/res/values-mcc310-mnc950-ml: Cannot change mode to rwxr-xr-x: Operation not permitted
build	Cache Android SDK	2026-06-06T12:22:43.1370448Z /usr/bin/tar: ../../../../../usr/local/lib/android/sdk/platforms/android-34-ext12/data/res/interpolator-watch: Cannot utime: Operation not permitted
build	Cache Android SDK	2026-06-06T12:22:43.1371152Z /usr/bin/tar: ../../../../../usr/local/lib/android/sdk/platforms/android-34-ext12/data/res/interpolator-watch: Cannot change mode to rwxr-xr-x: Operation not permitted
build	Cache Android SDK	2026-06-06T12:22:43.1377154Z /usr/bin/tar: ../../../../../usr/local/lib/android/sdk/platforms/android-34-ext12/data/res/values-lt: Cannot utime: Operation not permitted
build	Cache Android SDK	2026-06-06T12:22:43.1377855Z /usr/bin/tar: ../../../../../usr/local/lib/android/sdk/platforms/android-34-ext12/data/res/values-lt: Cannot change mode to rwxr-xr-x: Operation not permitted
build	Cache Android SDK	2026-06-06T12:22:43.1380760Z /usr/bin/tar: ../../../../../usr/local/lib/android/sdk/platforms/android-34-ext12/data/res/values-mcc310-mnc270-zu: Cannot utime: Operation not permitted
build	Cache Android SDK	2026-06-06T12:22:43.1381549Z /usr/bin/tar: ../../../../../usr/local/lib/android/sdk/platforms/android-34-ext12/data/res/values-mcc310-mnc270-zu: Cannot change mode to rwxr-xr-x: Operation not permitted
build	Cache Android SDK	2026-06-06T12:22:43.1384642Z /usr/bin/tar: ../../../../../usr/local/lib/android/sdk/platforms/android-34-ext12/data/res/values-sr-television: Cannot utime: Operation not permitted
build	Cache Android SDK	2026-06-06T12:22:43.1385124Z /usr/bin/tar: ../../../../../usr/local/lib/android/sdk/platforms/android-34-ext12/data/res/values-sr-television: Cannot change mode to rwxr-xr-x: Operation not permitted
build	Cache Android SDK	2026-06-06T12:22:43.1387727Z /usr/bin/tar: ../../../../../usr/local/lib/android/sdk/platforms/android-34-ext12/data/res/values-mcc312-mnc670-pt-rPT: Cannot utime: Operation not permitted
build	Cache Android SDK	2026-06-06T12:22:43.1388236Z /usr/bin/tar: ../../../../../usr/local/lib/android/sdk/platforms/android-34-ext12/data/res/values-mcc312-mnc670-pt-rPT: Cannot change mode to rwxr-xr-x: Operation not permitted
build	Cache Android SDK	2026-06-06T12:22:43.1390340Z /usr/bin/tar: ../../../../../usr/local/lib/android/sdk/platforms/android-34-ext12/data/res/values-bg-rBG: Cannot utime: Operation not permitted
build	Cache Android SDK	2026-06-06T12:22:43.1390800Z /usr/bin/tar: ../../../../../usr/local/lib/android/sdk/platforms/android-34-ext12/data/res/values-bg-rBG: Cannot change mode to rwxr-xr-x: Operation not permitted
build	Cache Android SDK	2026-06-06T12:22:43.1393935Z /usr/bin/tar: ../../../../../usr/local/lib/android/sdk/platforms/android-34-ext12/data/res/values-mcc310-mnc270-ko: Cannot utime: Operation not permitted
build	Cache Android SDK	2026-06-06T12:22:43.1394427Z /usr/bin/tar: ../../../../../usr/local/lib/android/sdk/platforms/android-34-ext12/data/res/values-mcc310-mnc270-ko: Cannot change mode to rwxr-xr-x: Operation not permitted
build	Cache Android SDK	2026-06-06T12:22:43.1396820Z /usr/bin/tar: ../../../../../usr/local/lib/android/sdk/platforms/android-34-ext12/data/res/values-mcc334-mnc020-nb: Cannot utime: Operation not permitted
build	Cache Android SDK	2026-06-06T12:22:43.1397296Z /usr/bin/tar: ../../../../../usr/local/lib/android/sdk/platforms/android-34-ext12/data/res/values-mcc334-mnc020-nb: Cannot change mode to rwxr-xr-x: Operation not permitted
build	Cache Android SDK	2026-06-06T12:22:43.1400321Z /usr/bin/tar: ../../../../../usr/local/lib/android/sdk/platforms/android-34-ext12/data/res/values-mcc310-mnc150-en-rGB: Cannot utime: Operation not permitted
build	Cache Android SDK	2026-06-06T12:22:43.1400825Z /usr/bin/tar: ../../../../../usr/local/lib/android/sdk/platforms/android-34-ext12/data/res/values-mcc310-mnc150-en-rGB: Cannot change mode to rwxr-xr-x: Operation not permitted
build	Cache Android SDK	2026-06-06T12:22:43.1403151Z /usr/bin/tar: ../../../../../usr/local/lib/android/sdk/platforms/android-34-ext12/data/res/values-mcc310-mnc380-en-rIN: Cannot utime: Operation not permitted
build	Cache Android SDK	2026-06-06T12:22:43.1403643Z /usr/bin/tar: ../../../../../usr/local/lib/android/sdk/platforms/android-34-ext12/data/res/values-mcc310-mnc380-en-rIN: Cannot change mode to rwxr-xr-x: Operation not permitted
build	Cache Android SDK	2026-06-06T12:22:43.1406289Z /usr/bin/tar: ../../../../../usr/local/lib/android/sdk/platforms/android-34-ext12/data/res/values-mcc310-mnc490-en-rAU: Cannot utime: Operation not permitted
build	Cache Android SDK	2026-06-06T12:22:43.1406796Z /usr/bin/tar: ../../../../../usr/local/lib/android/sdk/platforms/android-34-ext12/data/res/values-mcc310-mnc490-en-rAU: Cannot change mode to rwxr-xr-x: Operation not permitted
build	Cache Android SDK	2026-06-06T12:22:43.1410189Z /usr/bin/tar: ../../../../../usr/local/lib/android/sdk/platforms/android-34-ext12/data/res/values-mcc310-mnc380-vi: Cannot utime: Operation not permitted
build	Cache Android SDK	2026-06-06T12:22:43.1411065Z /usr/bin/tar: ../../../../../usr/local/lib/android/sdk/platforms/android-34-ext12/data/res/values-mcc310-mnc380-vi: Cannot change mode to rwxr-xr-x: Operation not permitted
build	Cache Android SDK	2026-06-06T12:22:43.1428927Z /usr/bin/tar: ../../../../../usr/local/lib/android/sdk/platforms/android-34-ext12/data/res/values-mcc310-mnc220-km: Cannot utime: Operation not permitted
build	Cache Android SDK	2026-06-06T12:22:43.1429859Z /usr/bin/tar: ../../../../../usr/local/lib/android/sdk/platforms/android-34-ext12/data/res/values-mcc310-mnc220-km: Cannot change mode to rwxr-xr-x: Operation not permitted
build	Cache Android SDK	2026-06-06T12:22:43.1430639Z /usr/bin/tar: ../../../../../usr/local/lib/android/sdk/platforms/android-34-ext12/data/res/values-mcc311-mnc180-b+sr+Latn: Cannot utime: Operation not permitted
build	Cache Android SDK	2026-06-06T12:22:43.1431591Z /usr/bin/tar: ../../../../../usr/local/lib/android/sdk/platforms/android-34-ext12/data/res/values-mcc311-mnc180-b+sr+Latn: Cannot change mode to rwxr-xr-x: Operation not permitted
build	Cache Android SDK	2026-06-06T12:22:43.1432197Z /usr/bin/tar: ../../../../../usr/local/lib/android/sdk/platforms/android-34-ext12/data/res/values-mcc313-mnc100-tr: Cannot utime: Operation not permitted
build	Cache Android SDK	2026-06-06T12:22:43.1432747Z /usr/bin/tar: ../../../../../usr/local/lib/android/sdk/platforms/android-34-ext12/data/res/values-mcc313-mnc100-tr: Cannot change mode to rwxr-xr-x: Operation not permitted
build	Cache Android SDK	2026-06-06T12:22:43.1433434Z /usr/bin/tar: ../../../../../usr/local/lib/android/sdk/platforms/android-34-ext12/data/res/values-mcc234-mnc15: Cannot utime: Operation not permitted
build	Cache Android SDK	2026-06-06T12:22:43.1434270Z /usr/bin/tar: ../../../../../usr/local/lib/android/sdk/platforms/android-34-ext12/data/res/values-mcc234-mnc15: Cannot change mode to rwxr-xr-x: Operation not permitted
build	Cache Android SDK	2026-06-06T12:22:43.1434727Z /usr/bin/tar: ../../../../../usr/local/lib/android/sdk/platforms/android-34-ext12/data/res/values-or-watch: Cannot utime: Operation not permitted
build	Cache Android SDK	2026-06-06T12:22:43.1435184Z /usr/bin/tar: ../../../../../usr/local/lib/android/sdk/platforms/android-34-ext12/data/res/values-or-watch: Cannot change mode to rwxr-xr-x: Operation not permitted
build	Cache Android SDK	2026-06-06T12:22:43.1435733Z /usr/bin/tar: ../../../../../usr/local/lib/android/sdk/platforms/android-34-ext12/data/res/values-mcc262: Cannot utime: Operation not permitted
build	Cache Android SDK	2026-06-06T12:22:43.1436275Z /usr/bin/tar: ../../../../../usr/local/lib/android/sdk/platforms/android-34-ext12/data/res/values-mcc262: Cannot change mode to rwxr-xr-x: Operation not permitted
build	Cache Android SDK	2026-06-06T12:22:43.1437098Z /usr/bin/tar: ../../../../../usr/local/lib/android/sdk/platforms/android-34-ext12/data/res/values-mcc310-mnc160-lt: Cannot utime: Operation not permitted
build	Cache Android SDK	2026-06-06T12:22:43.1438130Z /usr/bin/tar: ../../../../../usr/local/lib/android/sdk/platforms/android-34-ext12/data/res/values-mcc310-mnc160-lt: Cannot change mode to rwxr-xr-x: Operation not permitted
build	Cache Android SDK	2026-06-06T12:22:43.1438751Z /usr/bin/tar: ../../../../../usr/local/lib/android/sdk/platforms/android-34-ext12/data/res/values-mcc310-mnc280-gu: Cannot utime: Operation not permitted
build	Cache Android SDK	2026-06-06T12:22:43.1439307Z /usr/bin/tar: ../../../../../usr/local/lib/android/sdk/platforms/android-34-ext12/data/res/values-mcc310-mnc280-gu: Cannot change mode to rwxr-xr-x: Operation not permitted
build	Cache Android SDK	2026-06-06T12:22:43.1449029Z /usr/bin/tar: ../../../../../usr/local/lib/android/sdk/platforms/android-34-ext12/data/res/values-mcc310-mnc030-sq: Cannot utime: Operation not permitted
build	Cache Android SDK	2026-06-06T12:22:43.1450024Z /usr/bin/tar: ../../../../../usr/local/lib/android/sdk/platforms/android-34-ext12/data/res/values-mcc310-mnc030-sq: Cannot change mode to rwxr-xr-x: Operation not permitted
build	Cache Android SDK	2026-06-06T12:22:43.1450787Z /usr/bin/tar: ../../../../../usr/local/lib/android/sdk/platforms/android-34-ext12/data/res/values-mcc310-mnc240-pt: Cannot utime: Operation not permitted
build	Cache Android SDK	2026-06-06T12:22:43.1451703Z /usr/bin/tar: ../../../../../usr/local/lib/android/sdk/platforms/android-34-ext12/data/res/values-mcc310-mnc240-pt: Cannot change mode to rwxr-xr-x: Operation not permitted
build	Cache Android SDK	2026-06-06T12:22:43.1452867Z /usr/bin/tar: ../../../../../usr/local/lib/android/sdk/platforms/android-34-ext12/data/res/values-mcc302-mnc370-es-rUS: Cannot utime: Operation not permitted
build	Cache Android SDK	2026-06-06T12:22:43.1453796Z /usr/bin/tar: ../../../../../usr/local/lib/android/sdk/platforms/android-34-ext12/data/res/values-mcc302-mnc370-es-rUS: Cannot change mode to rwxr-xr-x: Operation not permitted
build	Cache Android SDK	2026-06-06T12:22:43.1454753Z /usr/bin/tar: ../../../../../usr/local/lib/android/sdk/platforms/android-34-ext12/data/res/values-nl-watch: Cannot utime: Operation not permitted
build	Cache Android SDK	2026-06-06T12:22:43.1458899Z /usr/bin/tar: ../../../../../usr/local/lib/android/sdk/platforms/android-34-ext12/data/res/values-nl-watch: Cannot change mode to rwxr-xr-x: Operation not permitted
build	Cache Android SDK	2026-06-06T12:22:43.1460110Z /usr/bin/tar: ../../../../../usr/local/lib/android/sdk/platforms/android-34-ext12/data/res/values-cs: Cannot utime: Operation not permitted
build	Cache Android SDK	2026-06-06T12:22:43.1461075Z /usr/bin/tar: ../../../../../usr/local/lib/android/sdk/platforms/android-34-ext12/data/res/values-cs: Cannot change mode to rwxr-xr-x: Operation not permitted
build	Cache Android SDK	2026-06-06T12:22:43.1462227Z /usr/bin/tar: ../../../../../usr/local/lib/android/sdk/platforms/android-34-ext12/data/res/values-mcc311-mnc180-eu: Cannot utime: Operation not permitted
build	Cache Android SDK	2026-06-06T12:22:43.1463117Z /usr/bin/tar: ../../../../../usr/local/lib/android/sdk/platforms/android-34-ext12/data/res/values-mcc311-mnc180-eu: Cannot change mode to rwxr-xr-x: Operation not permitted
build	Cache Android SDK	2026-06-06T12:22:43.1465921Z /usr/bin/tar: ../../../../../usr/local/lib/android/sdk/platforms/android-34-ext12/data/res/values-mcc310-mnc210-km: Cannot utime: Operation not permitted
build	Cache Android SDK	2026-06-06T12:22:43.1466554Z /usr/bin/tar: ../../../../../usr/local/lib/android/sdk/platforms/android-34-ext12/data/res/values-mcc310-mnc210-km: Cannot change mode to rwxr-xr-x: Operation not permitted
build	Cache Android SDK	2026-06-06T12:22:43.1471202Z /usr/bin/tar: ../../../../../usr/local/lib/android/sdk/platforms/android-34-ext12/data/res/values-mcc313-mnc100-ja: Cannot utime: Operation not permitted
build	Cache Android SDK	2026-06-06T12:22:43.1471691Z /usr/bin/tar: ../../../../../usr/local/lib/android/sdk/platforms/android-34-ext12/data/res/values-mcc313-mnc100-ja: Cannot change mode to rwxr-xr-x: Operation not permitted
build	Cache Android SDK	2026-06-06T12:22:43.1473533Z /usr/bin/tar: ../../../../../usr/local/lib/android/sdk/platforms/android-34-ext12/data/res/values-mcc334-mnc020-sw: Cannot utime: Operation not permitted
build	Cache Android SDK	2026-06-06T12:22:43.1474148Z /usr/bin/tar: ../../../../../usr/local/lib/android/sdk/platforms/android-34-ext12/data/res/values-mcc334-mnc020-sw: Cannot change mode to rwxr-xr-x: Operation not permitted
build	Cache Android SDK	2026-06-06T12:22:43.1477787Z /usr/bin/tar: ../../../../../usr/local/lib/android/sdk/platforms/android-34-ext12/data/res/values-mcc310-mnc200-ta: Cannot utime: Operation not permitted
build	Cache Android SDK	2026-06-06T12:22:43.1478279Z /usr/bin/tar: ../../../../../usr/local/lib/android/sdk/platforms/android-34-ext12/data/res/values-mcc310-mnc200-ta: Cannot change mode to rwxr-xr-x: Operation not permitted
build	Cache Android SDK	2026-06-06T12:22:43.1480756Z /usr/bin/tar: ../../../../../usr/local/lib/android/sdk/platforms/android-34-ext12/data/res/values-mcc310-mnc800-kn: Cannot utime: Operation not permitted
build	Cache Android SDK	2026-06-06T12:22:43.1481221Z /usr/bin/tar: ../../../../../usr/local/lib/android/sdk/platforms/android-34-ext12/data/res/values-mcc310-mnc800-kn: Cannot change mode to rwxr-xr-x: Operation not permitted
build	Cache Android SDK	2026-06-06T12:22:43.1484266Z /usr/bin/tar: ../../../../../usr/local/lib/android/sdk/platforms/android-34-ext12/data/res/values-mcc310-mnc800: Cannot utime: Operation not permitted
build	Cache Android SDK	2026-06-06T12:22:43.1484739Z /usr/bin/tar: ../../../../../usr/local/lib/android/sdk/platforms/android-34-ext12/data/res/values-mcc310-mnc800: Cannot change mode to rwxr-xr-x: Operation not permitted
build	Cache Android SDK	2026-06-06T12:22:43.1487246Z /usr/bin/tar: ../../../../../usr/local/lib/android/sdk/platforms/android-34-ext12/data/res/values-mcc310-mnc410-en-rXC: Cannot utime: Operation not permitted
build	Cache Android SDK	2026-06-06T12:22:43.1488098Z /usr/bin/tar: ../../../../../usr/local/lib/android/sdk/platforms/android-34-ext12/data/res/values-mcc310-mnc410-en-rXC: Cannot change mode to rwxr-xr-x: Operation not permitted
build	Cache Android SDK	2026-06-06T12:22:43.1490793Z /usr/bin/tar: ../../../../../usr/local/lib/android/sdk/platforms/android-34-ext12/data/res/values-mcc310-mnc220-bn: Cannot utime: Operation not permitted
build	Cache Android SDK	2026-06-06T12:22:43.1491325Z /usr/bin/tar: ../../../../../usr/local/lib/android/sdk/platforms/android-34-ext12/data/res/values-mcc310-mnc220-bn: Cannot change mode to rwxr-xr-x: Operation not permitted
build	Cache Android SDK	2026-06-06T12:22:43.1494525Z /usr/bin/tar: ../../../../../usr/local/lib/android/sdk/platforms/android-34-ext12/data/res/values-mcc310-mnc490-ca: Cannot utime: Operation not permitted
build	Cache Android SDK	2026-06-06T12:22:43.1495105Z /usr/bin/tar: ../../../../../usr/local/lib/android/sdk/platforms/android-34-ext12/data/res/values-mcc310-mnc490-ca: Cannot change mode to rwxr-xr-x: Operation not permitted
build	Cache Android SDK	2026-06-06T12:22:43.1497932Z /usr/bin/tar: ../../../../../usr/local/lib/android/sdk/platforms/android-34-ext12/data/res/values-en-rAU-watch: Cannot utime: Operation not permitted
build	Cache Android SDK	2026-06-06T12:22:43.1498571Z /usr/bin/tar: ../../../../../usr/local/lib/android/sdk/platforms/android-34-ext12/data/res/values-en-rAU-watch: Cannot change mode to rwxr-xr-x: Operation not permitted
build	Cache Android SDK	2026-06-06T12:22:43.1500807Z /usr/bin/tar: ../../../../../usr/local/lib/android/sdk/platforms/android-34-ext12/data/res/values-mcc310-mnc220-et: Cannot utime: Operation not permitted
build	Cache Android SDK	2026-06-06T12:22:43.1501281Z /usr/bin/tar: ../../../../../usr/local/lib/android/sdk/platforms/android-34-ext12/data/res/values-mcc310-mnc220-et: Cannot change mode to rwxr-xr-x: Operation not permitted
build	Cache Android SDK	2026-06-06T12:22:43.1503957Z /usr/bin/tar: ../../../../../usr/local/lib/android/sdk/platforms/android-34-ext12/data/res/values-w195dp: Cannot utime: Operation not permitted
build	Cache Android SDK	2026-06-06T12:22:43.1504411Z /usr/bin/tar: ../../../../../usr/local/lib/android/sdk/platforms/android-34-ext12/data/res/values-w195dp: Cannot change mode to rwxr-xr-x: Operation not permitted
build	Cache Android SDK	2026-06-06T12:22:43.1507250Z /usr/bin/tar: ../../../../../usr/local/lib/android/sdk/platforms/android-34-ext12/data/res/values-mcc310-mnc410-is: Cannot utime: Operation not permitted
build	Cache Android SDK	2026-06-06T12:22:43.1507879Z /usr/bin/tar: ../../../../../usr/local/lib/android/sdk/platforms/android-34-ext12/data/res/values-mcc310-mnc410-is: Cannot change mode to rwxr-xr-x: Operation not permitted
build	Cache Android SDK	2026-06-06T12:22:43.1511046Z /usr/bin/tar: ../../../../../usr/local/lib/android/sdk/platforms/android-34-ext12/data/res/values-mcc302-mnc370-vi: Cannot utime: Operation not permitted
build	Cache Android SDK	2026-06-06T12:22:43.1511516Z /usr/bin/tar: ../../../../../usr/local/lib/android/sdk/platforms/android-34-ext12/data/res/values-mcc302-mnc370-vi: Cannot change mode to rwxr-xr-x: Operation not permitted
build	Cache Android SDK	2026-06-06T12:22:43.1514199Z /usr/bin/tar: ../../../../../usr/local/lib/android/sdk/platforms/android-34-ext12/data/res/values-w426dp-h320dp: Cannot utime: Operation not permitted
build	Cache Android SDK	2026-06-06T12:22:43.1514668Z /usr/bin/tar: ../../../../../usr/local/lib/android/sdk/platforms/android-34-ext12/data/res/values-w426dp-h320dp: Cannot change mode to rwxr-xr-x: Operation not permitted
build	Cache Android SDK	2026-06-06T12:22:43.1517224Z /usr/bin/tar: ../../../../../usr/local/lib/android/sdk/platforms/android-34-ext12/data/res/values-mcc310-mnc200-iw: Cannot utime: Operation not permitted
build	Cache Android SDK	2026-06-06T12:22:43.1517856Z /usr/bin/tar: ../../../../../usr/local/lib/android/sdk/platforms/android-34-ext12/data/res/values-mcc310-mnc200-iw: Cannot change mode to rwxr-xr-x: Operation not permitted
build	Cache Android SDK	2026-06-06T12:22:43.1520601Z /usr/bin/tar: ../../../../../usr/local/lib/android/sdk/platforms/android-34-ext12/data/res/values-mcc001-mnc01-sl: Cannot utime: Operation not permitted
build	Cache Android SDK	2026-06-06T12:22:43.1521065Z /usr/bin/tar: ../../../../../usr/local/lib/android/sdk/platforms/android-34-ext12/data/res/values-mcc001-mnc01-sl: Cannot change mode to rwxr-xr-x: Operation not permitted
build	Cache Android SDK	2026-06-06T12:22:43.1525884Z /usr/bin/tar: ../../../../../usr/local/lib/android/sdk/platforms/android-34-ext12/data/res/values-mcc313-mnc100-ro: Cannot utime: Operation not permitted
build	Cache Android SDK	2026-06-06T12:22:43.1526507Z /usr/bin/tar: ../../../../../usr/local/lib/android/sdk/platforms/android-34-ext12/data/res/values-mcc313-mnc100-ro: Cannot change mode to rwxr-xr-x: Operation not permitted
build	Cache Android SDK	2026-06-06T12:22:43.1529453Z /usr/bin/tar: ../../../../../usr/local/lib/android/sdk/platforms/android-34-ext12/data/res/values-mcc001-mnc01-en-rGB: Cannot utime: Operation not permitted
build	Cache Android SDK	2026-06-06T12:22:43.1529942Z /usr/bin/tar: ../../../../../usr/local/lib/android/sdk/platforms/android-34-ext12/data/res/values-mcc001-mnc01-en-rGB: Cannot change mode to rwxr-xr-x: Operation not permitted
build	Cache Android SDK	2026-06-06T12:22:43.1532830Z /usr/bin/tar: ../../../../../usr/local/lib/android/sdk/platforms/android-34-ext12/data/res/values-mcc310-mnc230-et: Cannot utime: Operation not permitted
build	Cache Android SDK	2026-06-06T12:22:43.1533448Z /usr/bin/tar: ../../../../../usr/local/lib/android/sdk/platforms/android-34-ext12/data/res/values-mcc310-mnc230-et: Cannot change mode to rwxr-xr-x: Operation not permitted
build	Cache Android SDK	2026-06-06T12:22:43.1536530Z /usr/bin/tar: ../../../../../usr/local/lib/android/sdk/platforms/android-34-ext12/data/res/values-mcc313-mnc100-ko: Cannot utime: Operation not permitted
build	Cache Android SDK	2026-06-06T12:22:43.1537000Z /usr/bin/tar: ../../../../../usr/local/lib/android/sdk/platforms/android-34-ext12/data/res/values-mcc313-mnc100-ko: Cannot change mode to rwxr-xr-x: Operation not permitted
build	Cache Android SDK	2026-06-06T12:22:43.1539644Z /usr/bin/tar: ../../../../../usr/local/lib/android/sdk/platforms/android-34-ext12/data/res/values-mcc310-mnc380-fr: Cannot utime: Operation not permitted
build	Cache Android SDK	2026-06-06T12:22:43.1540109Z /usr/bin/tar: ../../../../../usr/local/lib/android/sdk/platforms/android-34-ext12/data/res/values-mcc310-mnc380-fr: Cannot change mode to rwxr-xr-x: Operation not permitted
build	Cache Android SDK	2026-06-06T12:22:43.1542901Z /usr/bin/tar: ../../../../../usr/local/lib/android/sdk/platforms/android-34-ext12/data/res/values-mcc310-mnc250-bn: Cannot utime: Operation not permitted
build	Cache Android SDK	2026-06-06T12:22:43.1543369Z /usr/bin/tar: ../../../../../usr/local/lib/android/sdk/platforms/android-34-ext12/data/res/values-mcc310-mnc250-bn: Cannot change mode to rwxr-xr-x: Operation not permitted
build	Cache Android SDK	2026-06-06T12:22:43.1546250Z /usr/bin/tar: ../../../../../usr/local/lib/android/sdk/platforms/android-34-ext12/data/res/values-mcc302-mnc720-lo: Cannot utime: Operation not permitted
build	Cache Android SDK	2026-06-06T12:22:43.1546710Z /usr/bin/tar: ../../../../../usr/local/lib/android/sdk/platforms/android-34-ext12/data/res/values-mcc302-mnc720-lo: Cannot change mode to rwxr-xr-x: Operation not permitted
build	Cache Android SDK	2026-06-06T12:22:43.1549691Z /usr/bin/tar: ../../../../../usr/local/lib/android/sdk/platforms/android-34-ext12/data/res/values-mcc310-mnc210-mn: Cannot utime: Operation not permitted
build	Cache Android SDK	2026-06-06T12:22:43.1550157Z /usr/bin/tar: ../../../../../usr/local/lib/android/sdk/platforms/android-34-ext12/data/res/values-mcc310-mnc210-mn: Cannot change mode to rwxr-xr-x: Operation not permitted
build	Cache Android SDK	2026-06-06T12:22:43.1553010Z /usr/bin/tar: ../../../../../usr/local/lib/android/sdk/platforms/android-34-ext12/data/res/values-mcc310-mnc230-gl: Cannot utime: Operation not permitted
build	Cache Android SDK	2026-06-06T12:22:43.1553509Z /usr/bin/tar: ../../../../../usr/local/lib/android/sdk/platforms/android-34-ext12/data/res/values-mcc310-mnc230-gl: Cannot change mode to rwxr-xr-x: Operation not permitted
build	Cache Android SDK	2026-06-06T12:22:43.1556172Z /usr/bin/tar: ../../../../../usr/local/lib/android/sdk/platforms/android-34-ext12/data/res/values-mcc310-mnc230-bg: Cannot utime: Operation not permitted
build	Cache Android SDK	2026-06-06T12:22:43.1556626Z /usr/bin/tar: ../../../../../usr/local/lib/android/sdk/platforms/android-34-ext12/data/res/values-mcc310-mnc230-bg: Cannot change mode to rwxr-xr-x: Operation not permitted
build	Cache Android SDK	2026-06-06T12:22:43.1559609Z /usr/bin/tar: ../../../../../usr/local/lib/android/sdk/platforms/android-34-ext12/data/res/values-mcc310-mnc250-pt: Cannot utime: Operation not permitted
build	Cache Android SDK	2026-06-06T12:22:43.1560074Z /usr/bin/tar: ../../../../../usr/local/lib/android/sdk/platforms/android-34-ext12/data/res/values-mcc310-mnc250-pt: Cannot change mode to rwxr-xr-x: Operation not permitted
build	Cache Android SDK	2026-06-06T12:22:43.1562872Z /usr/bin/tar: ../../../../../usr/local/lib/android/sdk/platforms/android-34-ext12/data/res/values-mcc310-mnc160-ko: Cannot utime: Operation not permitted
build	Cache Android SDK	2026-06-06T12:22:43.1563335Z /usr/bin/tar: ../../../../../usr/local/lib/android/sdk/platforms/android-34-ext12/data/res/values-mcc310-mnc160-ko: Cannot change mode to rwxr-xr-x: Operation not permitted
build	Cache Android SDK	2026-06-06T12:22:43.1565600Z /usr/bin/tar: ../../../../../usr/local/lib/android/sdk/platforms/android-34-ext12/data/res/values-mcc310-mnc410-sq: Cannot utime: Operation not permitted
build	Cache Android SDK	2026-06-06T12:22:43.1566051Z /usr/bin/tar: ../../../../../usr/local/lib/android/sdk/platforms/android-34-ext12/data/res/values-mcc310-mnc410-sq: Cannot change mode to rwxr-xr-x: Operation not permitted
build	Cache Android SDK	2026-06-06T12:22:43.1569372Z /usr/bin/tar: ../../../../../usr/local/lib/android/sdk/platforms/android-34-ext12/data/res/values-w480dp: Cannot utime: Operation not permitted
build	Cache Android SDK	2026-06-06T12:22:43.1569817Z /usr/bin/tar: ../../../../../usr/local/lib/android/sdk/platforms/android-34-ext12/data/res/values-w480dp: Cannot change mode to rwxr-xr-x: Operation not permitted
build	Cache Android SDK	2026-06-06T12:22:43.1573451Z /usr/bin/tar: ../../../../../usr/local/lib/android/sdk/platforms/android-34-ext12/data/res/values-mcc310-mnc560-is: Cannot utime: Operation not permitted
build	Cache Android SDK	2026-06-06T12:22:43.1573914Z /usr/bin/tar: ../../../../../usr/local/lib/android/sdk/platforms/android-34-ext12/data/res/values-mcc310-mnc560-is: Cannot change mode to rwxr-xr-x: Operation not permitted
build	Cache Android SDK	2026-06-06T12:22:43.1576625Z /usr/bin/tar: ../../../../../usr/local/lib/android/sdk/platforms/android-34-ext12/data/res/values-mn-watch: Cannot utime: Operation not permitted
build	Cache Android SDK	2026-06-06T12:22:43.1577063Z /usr/bin/tar: ../../../../../usr/local/lib/android/sdk/platforms/android-34-ext12/data/res/values-mn-watch: Cannot change mode to rwxr-xr-x: Operation not permitted
build	Cache Android SDK	2026-06-06T12:22:43.1579675Z /usr/bin/tar: ../../../../../usr/local/lib/android/sdk/platforms/android-34-ext12/data/res/values-mcc302-mnc720-ru: Cannot utime: Operation not permitted
build	Cache Android SDK	2026-06-06T12:22:43.1580152Z /usr/bin/tar: ../../../../../usr/local/lib/android/sdk/platforms/android-34-ext12/data/res/values-mcc302-mnc720-ru: Cannot change mode to rwxr-xr-x: Operation not permitted
build	Cache Android SDK	2026-06-06T12:22:43.1582558Z /usr/bin/tar: ../../../../../usr/local/lib/android/sdk/platforms/android-34-ext12/data/res/values-mcc310-mnc950-zh-rCN: Cannot utime: Operation not permitted
build	Cache Android SDK	2026-06-06T12:22:43.1583038Z /usr/bin/tar: ../../../../../usr/local/lib/android/sdk/platforms/android-34-ext12/data/res/values-mcc310-mnc950-zh-rCN: Cannot change mode to rwxr-xr-x: Operation not permitted
build	Cache Android SDK	2026-06-06T12:22:43.1585777Z /usr/bin/tar: ../../../../../usr/local/lib/android/sdk/platforms/android-34-ext12/data/res/values-mcc310-mnc950-cs: Cannot utime: Operation not permitted
build	Cache Android SDK	2026-06-06T12:22:43.1586245Z /usr/bin/tar: ../../../../../usr/local/lib/android/sdk/platforms/android-34-ext12/data/res/values-mcc310-mnc950-cs: Cannot change mode to rwxr-xr-x: Operation not permitted
build	Cache Android SDK	2026-06-06T12:22:43.1589212Z /usr/bin/tar: ../../../../../usr/local/lib/android/sdk/platforms/android-34-ext12/data/res/values-mcc310-mnc200-pt: Cannot utime: Operation not permitted
build	Cache Android SDK	2026-06-06T12:22:43.1589763Z /usr/bin/tar: ../../../../../usr/local/lib/android/sdk/platforms/android-34-ext12/data/res/values-mcc310-mnc200-pt: Cannot change mode to rwxr-xr-x: Operation not permitted
build	Cache Android SDK	2026-06-06T12:22:43.1594164Z /usr/bin/tar: ../../../../../usr/local/lib/android/sdk/platforms/android-34-ext12/data/res/values-mcc310-mnc240-fr-rCA: Cannot utime: Operation not permitted
build	Cache Android SDK	2026-06-06T12:22:43.1594726Z /usr/bin/tar: ../../../../../usr/local/lib/android/sdk/platforms/android-34-ext12/data/res/values-mcc310-mnc240-fr-rCA: Cannot change mode to rwxr-xr-x: Operation not permitted
build	Cache Android SDK	2026-06-06T12:22:43.1596798Z /usr/bin/tar: ../../../../../usr/local/lib/android/sdk/platforms/android-34-ext12/data/res/values-mcc311-mnc180-pl: Cannot utime: Operation not permitted
build	Cache Android SDK	2026-06-06T12:22:43.1597721Z /usr/bin/tar: ../../../../../usr/local/lib/android/sdk/platforms/android-34-ext12/data/res/values-mcc311-mnc180-pl: Cannot change mode to rwxr-xr-x: Operation not permitted
build	Cache Android SDK	2026-06-06T12:22:43.1600508Z /usr/bin/tar: ../../../../../usr/local/lib/android/sdk/platforms/android-34-ext12/data/res/values-ka-television: Cannot utime: Operation not permitted
build	Cache Android SDK	2026-06-06T12:22:43.1600997Z /usr/bin/tar: ../../../../../usr/local/lib/android/sdk/platforms/android-34-ext12/data/res/values-ka-television: Cannot change mode to rwxr-xr-x: Operation not permitted
build	Cache Android SDK	2026-06-06T12:22:43.1603718Z /usr/bin/tar: ../../../../../usr/local/lib/android/sdk/platforms/android-34-ext12/data/res/values-mcc310-mnc310-hr: Cannot utime: Operation not permitted
build	Cache Android SDK	2026-06-06T12:22:43.1604261Z /usr/bin/tar: ../../../../../usr/local/lib/android/sdk/platforms/android-34-ext12/data/res/values-mcc310-mnc310-hr: Cannot change mode to rwxr-xr-x: Operation not permitted
build	Cache Android SDK	2026-06-06T12:22:43.1610566Z /usr/bin/tar: ../../../../../usr/local/lib/android/sdk/platforms/android-34-ext12/data/res/animator: Cannot utime: Operation not permitted
build	Cache Android SDK	2026-06-06T12:22:43.1611111Z /usr/bin/tar: ../../../../../usr/local/lib/android/sdk/platforms/android-34-ext12/data/res/animator: Cannot change mode to rwxr-xr-x: Operation not permitted
build	Cache Android SDK	2026-06-06T12:22:43.1613450Z /usr/bin/tar: ../../../../../usr/local/lib/android/sdk/platforms/android-34-ext12/data/res/values-az-television: Cannot utime: Operation not permitted
build	Cache Android SDK	2026-06-06T12:22:43.1613919Z /usr/bin/tar: ../../../../../usr/local/lib/android/sdk/platforms/android-34-ext12/data/res/values-az-television: Cannot change mode to rwxr-xr-x: Operation not permitted
build	Cache Android SDK	2026-06-06T12:22:43.1620560Z /usr/bin/tar: ../../../../../usr/local/lib/android/sdk/platforms/android-34-ext12/data/res/values-en-rGB: Cannot utime: Operation not permitted
build	Cache Android SDK	2026-06-06T12:22:43.1621320Z /usr/bin/tar: ../../../../../usr/local/lib/android/sdk/platforms/android-34-ext12/data/res/values-en-rGB: Cannot change mode to rwxr-xr-x: Operation not permitted
build	Cache Android SDK	2026-06-06T12:22:43.1623721Z /usr/bin/tar: ../../../../../usr/local/lib/android/sdk/platforms/android-34-ext12/data/res/values-mcc310-mnc230-pt: Cannot utime: Operation not permitted
build	Cache Android SDK	2026-06-06T12:22:43.1624243Z /usr/bin/tar: ../../../../../usr/local/lib/android/sdk/platforms/android-34-ext12/data/res/values-mcc310-mnc230-pt: Cannot change mode to rwxr-xr-x: Operation not permitted
build	Cache Android SDK	2026-06-06T12:22:43.1626866Z /usr/bin/tar: ../../../../../usr/local/lib/android/sdk/platforms/android-34-ext12/data/res/values-mcc302-mnc370-bn: Cannot utime: Operation not permitted
build	Cache Android SDK	2026-06-06T12:22:43.1627518Z /usr/bin/tar: ../../../../../usr/local/lib/android/sdk/platforms/android-34-ext12/data/res/values-mcc302-mnc370-bn: Cannot change mode to rwxr-xr-x: Operation not permitted
build	Cache Android SDK	2026-06-06T12:22:43.1629694Z /usr/bin/tar: ../../../../../usr/local/lib/android/sdk/platforms/android-34-ext12/data/res/values-mcc310-mnc410-ro: Cannot utime: Operation not permitted
build	Cache Android SDK	2026-06-06T12:22:43.1630190Z /usr/bin/tar: ../../../../../usr/local/lib/android/sdk/platforms/android-34-ext12/data/res/values-mcc310-mnc410-ro: Cannot change mode to rwxr-xr-x: Operation not permitted
build	Cache Android SDK	2026-06-06T12:22:43.1632953Z /usr/bin/tar: ../../../../../usr/local/lib/android/sdk/platforms/android-34-ext12/data/res/values-mcc310-mnc170-en-rXC: Cannot utime: Operation not permitted
build	Cache Android SDK	2026-06-06T12:22:43.1633456Z /usr/bin/tar: ../../../../../usr/local/lib/android/sdk/platforms/android-34-ext12/data/res/values-mcc310-mnc170-en-rXC: Cannot change mode to rwxr-xr-x: Operation not permitted
build	Cache Android SDK	2026-06-06T12:22:43.1641373Z /usr/bin/tar: ../../../../../usr/local/lib/android/sdk/platforms/android-34-ext12/data/res/values-ka: Cannot utime: Operation not permitted
build	Cache Android SDK	2026-06-06T12:22:43.1642039Z /usr/bin/tar: ../../../../../usr/local/lib/android/sdk/platforms/android-34-ext12/data/res/values-ka: Cannot change mode to rwxr-xr-x: Operation not permitted
build	Cache Android SDK	2026-06-06T12:22:43.1643927Z /usr/bin/tar: ../../../../../usr/local/lib/android/sdk/platforms/android-34-ext12/data/res/values-ky-watch: Cannot utime: Operation not permitted
build	Cache Android SDK	2026-06-06T12:22:43.1644639Z /usr/bin/tar: ../../../../../usr/local/lib/android/sdk/platforms/android-34-ext12/data/res/values-ky-watch: Cannot change mode to rwxr-xr-x: Operation not permitted
build	Cache Android SDK	2026-06-06T12:22:43.1648669Z /usr/bin/tar: ../../../../../usr/local/lib/android/sdk/platforms/android-34-ext12/data/res/values-am-watch: Cannot utime: Operation not permitted
build	Cache Android SDK	2026-06-06T12:22:43.1649162Z /usr/bin/tar: ../../../../../usr/local/lib/android/sdk/platforms/android-34-ext12/data/res/values-am-watch: Cannot change mode to rwxr-xr-x: Operation not permitted
build	Cache Android SDK	2026-06-06T12:22:43.1651727Z /usr/bin/tar: ../../../../../usr/local/lib/android/sdk/platforms/android-34-ext12/data/res/values-mcc310-mnc004: Cannot utime: Operation not permitted
build	Cache Android SDK	2026-06-06T12:22:43.1652388Z /usr/bin/tar: ../../../../../usr/local/lib/android/sdk/platforms/android-34-ext12/data/res/values-mcc310-mnc004: Cannot change mode to rwxr-xr-x: Operation not permitted
build	Cache Android SDK	2026-06-06T12:22:43.1654795Z /usr/bin/tar: ../../../../../usr/local/lib/android/sdk/platforms/android-34-ext12/data/res/values-mcc310-mnc230-hu: Cannot utime: Operation not permitted
build	Cache Android SDK	2026-06-06T12:22:43.1655263Z /usr/bin/tar: ../../../../../usr/local/lib/android/sdk/platforms/android-34-ext12/data/res/values-mcc310-mnc230-hu: Cannot change mode to rwxr-xr-x: Operation not permitted
build	Cache Android SDK	2026-06-06T12:22:43.1658436Z /usr/bin/tar: ../../../../../usr/local/lib/android/sdk/platforms/android-34-ext12/data/res/values-mcc310-mnc660-hu: Cannot utime: Operation not permitted
build	Cache Android SDK	2026-06-06T12:22:43.1658909Z /usr/bin/tar: ../../../../../usr/local/lib/android/sdk/platforms/android-34-ext12/data/res/values-mcc310-mnc660-hu: Cannot change mode to rwxr-xr-x: Operation not permitted
build	Cache Android SDK	2026-06-06T12:22:43.1664232Z /usr/bin/tar: ../../../../../usr/local/lib/android/sdk/platforms/android-34-ext12/data/res/raw-es: Cannot utime: Operation not permitted
build	Cache Android SDK	2026-06-06T12:22:43.1664652Z /usr/bin/tar: ../../../../../usr/local/lib/android/sdk/platforms/android-34-ext12/data/res/raw-es: Cannot change mode to rwxr-xr-x: Operation not permitted
build	Cache Android SDK	2026-06-06T12:22:43.1668782Z /usr/bin/tar: ../../../../../usr/local/lib/android/sdk/platforms/android-34-ext12/data/res/values-mcc310-mnc220-ta: Cannot utime: Operation not permitted
build	Cache Android SDK	2026-06-06T12:22:43.1669246Z /usr/bin/tar: ../../../../../usr/local/lib/android/sdk/platforms/android-34-ext12/data/res/values-mcc310-mnc220-ta: Cannot change mode to rwxr-xr-x: Operation not permitted
build	Cache Android SDK	2026-06-06T12:22:43.1672908Z /usr/bin/tar: ../../../../../usr/local/lib/android/sdk/platforms/android-34-ext12/data/res/values-mcc302-mnc370-fa: Cannot utime: Operation not permitted
build	Cache Android SDK	2026-06-06T12:22:43.1673376Z /usr/bin/tar: ../../../../../usr/local/lib/android/sdk/platforms/android-34-ext12/data/res/values-mcc302-mnc370-fa: Cannot change mode to rwxr-xr-x: Operation not permitted
build	Cache Android SDK	2026-06-06T12:22:43.1676090Z /usr/bin/tar: ../../../../../usr/local/lib/android/sdk/platforms/android-34-ext12/data/res/values-mcc310-mnc270-en-rAU: Cannot utime: Operation not permitted
build	Cache Android SDK	2026-06-06T12:22:43.1676580Z /usr/bin/tar: ../../../../../usr/local/lib/android/sdk/platforms/android-34-ext12/data/res/values-mcc310-mnc270-en-rAU: Cannot change mode to rwxr-xr-x: Operation not permitted
build	Cache Android SDK	2026-06-06T12:22:43.1687984Z /usr/bin/tar: ../../../../../usr/local/lib/android/sdk/platforms/android-34-ext12/data/res/drawable-land-mdpi: Cannot utime: Operation not permitted
build	Cache Android SDK	2026-06-06T12:22:43.1688562Z /usr/bin/tar: ../../../../../usr/local/lib/android/sdk/platforms/android-34-ext12/data/res/drawable-land-mdpi: Cannot change mode to rwxr-xr-x: Operation not permitted
build	Cache Android SDK	2026-06-06T12:22:43.1691326Z /usr/bin/tar: ../../../../../usr/local/lib/android/sdk/platforms/android-34-ext12/data/res/values-mcc310-mnc210-ta: Cannot utime: Operation not permitted
build	Cache Android SDK	2026-06-06T12:22:43.1691795Z /usr/bin/tar: ../../../../../usr/local/lib/android/sdk/platforms/android-34-ext12/data/res/values-mcc310-mnc210-ta: Cannot change mode to rwxr-xr-x: Operation not permitted
build	Cache Android SDK	2026-06-06T12:22:43.1694636Z /usr/bin/tar: ../../../../../usr/local/lib/android/sdk/platforms/android-34-ext12/data/res/values-mcc310-mnc410-ko: Cannot utime: Operation not permitted
build	Cache Android SDK	2026-06-06T12:22:43.1695309Z /usr/bin/tar: ../../../../../usr/local/lib/android/sdk/platforms/android-34-ext12/data/res/values-mcc310-mnc410-ko: Cannot change mode to rwxr-xr-x: Operation not permitted
build	Cache Android SDK	2026-06-06T12:22:43.1699720Z /usr/bin/tar: ../../../../../usr/local/lib/android/sdk/platforms/android-34-ext12/data/res/values-mcc310-mnc030-ms: Cannot utime: Operation not permitted
build	Cache Android SDK	2026-06-06T12:22:43.1700185Z /usr/bin/tar: ../../../../../usr/local/lib/android/sdk/platforms/android-34-ext12/data/res/values-mcc310-mnc030-ms: Cannot change mode to rwxr-xr-x: Operation not permitted
build	Cache Android SDK	2026-06-06T12:22:43.1703138Z /usr/bin/tar: ../../../../../usr/local/lib/android/sdk/platforms/android-34-ext12/data/res/values-mcc310-mnc280-hi: Cannot utime: Operation not permitted
build	Cache Android SDK	2026-06-06T12:22:43.1703740Z /usr/bin/tar: ../../../../../usr/local/lib/android/sdk/platforms/android-34-ext12/data/res/values-mcc310-mnc280-hi: Cannot change mode to rwxr-xr-x: Operation not permitted
build	Cache Android SDK	2026-06-06T12:22:43.1711544Z /usr/bin/tar: ../../../../../usr/local/lib/android/sdk/platforms/android-34-ext12/data/res/values-mcc310-mnc310-ro: Cannot utime: Operation not permitted
build	Cache Android SDK	2026-06-06T12:22:43.1712132Z /usr/bin/tar: ../../../../../usr/local/lib/android/sdk/platforms/android-34-ext12/data/res/values-mcc310-mnc310-ro: Cannot change mode to rwxr-xr-x: Operation not permitted
build	Cache Android SDK	2026-06-06T12:22:43.1716230Z /usr/bin/tar: ../../../../../usr/local/lib/android/sdk/platforms/android-34-ext12/data/res/values-mcc310-mnc240-pt-rBR: Cannot utime: Operation not permitted
build	Cache Android SDK	2026-06-06T12:22:43.1716762Z /usr/bin/tar: ../../../../../usr/local/lib/android/sdk/platforms/android-34-ext12/data/res/values-mcc310-mnc240-pt-rBR: Cannot change mode to rwxr-xr-x: Operation not permitted
build	Cache Android SDK	2026-06-06T12:22:43.1720955Z /usr/bin/tar: ../../../../../usr/local/lib/android/sdk/platforms/android-34-ext12/data/res/values-mcc310-mnc490-fr: Cannot utime: Operation not permitted
build	Cache Android SDK	2026-06-06T12:22:43.1721425Z /usr/bin/tar: ../../../../../usr/local/lib/android/sdk/platforms/android-34-ext12/data/res/values-mcc310-mnc490-fr: Cannot change mode to rwxr-xr-x: Operation not permitted
build	Cache Android SDK	2026-06-06T12:22:43.1727562Z /usr/bin/tar: ../../../../../usr/local/lib/android/sdk/platforms/android-34-ext12/data/res/values-mcc310-mnc160-gu: Cannot utime: Operation not permitted
build	Cache Android SDK	2026-06-06T12:22:43.1728037Z /usr/bin/tar: ../../../../../usr/local/lib/android/sdk/platforms/android-34-ext12/data/res/values-mcc310-mnc160-gu: Cannot change mode to rwxr-xr-x: Operation not permitted
build	Cache Android SDK	2026-06-06T12:22:43.1734504Z /usr/bin/tar: ../../../../../usr/local/lib/android/sdk/platforms/android-34-ext12/data/res/values-mcc310-mnc150-es: Cannot utime: Operation not permitted
build	Cache Android SDK	2026-06-06T12:22:43.1734973Z /usr/bin/tar: ../../../../../usr/local/lib/android/sdk/platforms/android-34-ext12/data/res/values-mcc310-mnc150-es: Cannot change mode to rwxr-xr-x: Operation not permitted
build	Cache Android SDK	2026-06-06T12:22:43.1738530Z /usr/bin/tar: ../../../../../usr/local/lib/android/sdk/platforms/android-34-ext12/data/res/values-mcc310-mnc800-hi: Cannot utime: Operation not permitted
build	Cache Android SDK	2026-06-06T12:22:43.1738985Z /usr/bin/tar: ../../../../../usr/local/lib/android/sdk/platforms/android-34-ext12/data/res/values-mcc310-mnc800-hi: Cannot change mode to rwxr-xr-x: Operation not permitted
build	Cache Android SDK	2026-06-06T12:22:43.1742151Z /usr/bin/tar: ../../../../../usr/local/lib/android/sdk/platforms/android-34-ext12/data/res/values-mcc450-ko: Cannot utime: Operation not permitted
build	Cache Android SDK	2026-06-06T12:22:43.1742609Z /usr/bin/tar: ../../../../../usr/local/lib/android/sdk/platforms/android-34-ext12/data/res/values-mcc450-ko: Cannot change mode to rwxr-xr-x: Operation not permitted
build	Cache Android SDK	2026-06-06T12:22:43.1746174Z /usr/bin/tar: ../../../../../usr/local/lib/android/sdk/platforms/android-34-ext12/data/res/values-ml-television: Cannot utime: Operation not permitted
build	Cache Android SDK	2026-06-06T12:22:43.1746658Z /usr/bin/tar: ../../../../../usr/local/lib/android/sdk/platforms/android-34-ext12/data/res/values-ml-television: Cannot change mode to rwxr-xr-x: Operation not permitted
build	Cache Android SDK	2026-06-06T12:22:43.1757180Z /usr/bin/tar: ../../../../../usr/local/lib/android/sdk/platforms/android-34-ext12/data/res/values-mcc310-mnc240-vi: Cannot utime: Operation not permitted
build	Cache Android SDK	2026-06-06T12:22:43.1757869Z /usr/bin/tar: ../../../../../usr/local/lib/android/sdk/platforms/android-34-ext12/data/res/values-mcc310-mnc240-vi: Cannot change mode to rwxr-xr-x: Operation not permitted
build	Cache Android SDK	2026-06-06T12:22:43.1761144Z /usr/bin/tar: ../../../../../usr/local/lib/android/sdk/platforms/android-34-ext12/data/res/values-mcc311-mnc180-de: Cannot utime: Operation not permitted
build	Cache Android SDK	2026-06-06T12:22:43.1761606Z /usr/bin/tar: ../../../../../usr/local/lib/android/sdk/platforms/android-34-ext12/data/res/values-mcc311-mnc180-de: Cannot change mode to rwxr-xr-x: Operation not permitted
build	Cache Android SDK	2026-06-06T12:22:43.1765385Z /usr/bin/tar: ../../../../../usr/local/lib/android/sdk/platforms/android-34-ext12/data/res/values-mcc310-mnc210-pt-rBR: Cannot utime: Operation not permitted
build	Cache Android SDK	2026-06-06T12:22:43.1765875Z /usr/bin/tar: ../../../../../usr/local/lib/android/sdk/platforms/android-34-ext12/data/res/values-mcc310-mnc210-pt-rBR: Cannot change mode to rwxr-xr-x: Operation not permitted
build	Cache Android SDK	2026-06-06T12:22:43.1769401Z /usr/bin/tar: ../../../../../usr/local/lib/android/sdk/platforms/android-34-ext12/data/res/values-mcc732: Cannot utime: Operation not permitted
build	Cache Android SDK	2026-06-06T12:22:43.1769834Z /usr/bin/tar: ../../../../../usr/local/lib/android/sdk/platforms/android-34-ext12/data/res/values-mcc732: Cannot change mode to rwxr-xr-x: Operation not permitted
build	Cache Android SDK	2026-06-06T12:22:43.1775996Z /usr/bin/tar: ../../../../../usr/local/lib/android/sdk/platforms/android-34-ext12/data/res/values-mcc313-mnc100-zh-rHK: Cannot utime: Operation not permitted
build	Cache Android SDK	2026-06-06T12:22:43.1776479Z /usr/bin/tar: ../../../../../usr/local/lib/android/sdk/platforms/android-34-ext12/data/res/values-mcc313-mnc100-zh-rHK: Cannot change mode to rwxr-xr-x: Operation not permitted
build	Cache Android SDK	2026-06-06T12:22:43.1779718Z /usr/bin/tar: ../../../../../usr/local/lib/android/sdk/platforms/android-34-ext12/data/res/values-mcc334-mnc020-or: Cannot utime: Operation not permitted
build	Cache Android SDK	2026-06-06T12:22:43.1780188Z /usr/bin/tar: ../../../../../usr/local/lib/android/sdk/platforms/android-34-ext12/data/res/values-mcc334-mnc020-or: Cannot change mode to rwxr-xr-x: Operation not permitted
build	Cache Android SDK	2026-06-06T12:22:43.1782943Z /usr/bin/tar: ../../../../../usr/local/lib/android/sdk/platforms/android-34-ext12/data/res/values-mcc310-mnc150-in: Cannot utime: Operation not permitted
build	Cache Android SDK	2026-06-06T12:22:43.1783406Z /usr/bin/tar: ../../../../../usr/local/lib/android/sdk/platforms/android-34-ext12/data/res/values-mcc310-mnc150-in: Cannot change mode to rwxr-xr-x: Operation not permitted
build	Cache Android SDK	2026-06-06T12:22:43.1788159Z /usr/bin/tar: ../../../../../usr/local/lib/android/sdk/platforms/android-34-ext12/data/res/values-kn-television: Cannot utime: Operation not permitted
build	Cache Android SDK	2026-06-06T12:22:43.1788798Z /usr/bin/tar: ../../../../../usr/local/lib/android/sdk/platforms/android-34-ext12/data/res/values-kn-television: Cannot change mode to rwxr-xr-x: Operation not permitted
build	Cache Android SDK	2026-06-06T12:22:43.1793245Z /usr/bin/tar: ../../../../../usr/local/lib/android/sdk/platforms/android-34-ext12/data/res/values-mcc310-mnc410-cs: Cannot utime: Operation not permitted
build	Cache Android SDK	2026-06-06T12:22:43.1793712Z /usr/bin/tar: ../../../../../usr/local/lib/android/sdk/platforms/android-34-ext12/data/res/values-mcc310-mnc410-cs: Cannot change mode to rwxr-xr-x: Operation not permitted
build	Cache Android SDK	2026-06-06T12:22:43.1797467Z /usr/bin/tar: ../../../../../usr/local/lib/android/sdk/platforms/android-34-ext12/data/res/values-mcc310-mnc200-tr: Cannot utime: Operation not permitted
build	Cache Android SDK	2026-06-06T12:22:43.1797993Z /usr/bin/tar: ../../../../../usr/local/lib/android/sdk/platforms/android-34-ext12/data/res/values-mcc310-mnc200-tr: Cannot change mode to rwxr-xr-x: Operation not permitted
build	Cache Android SDK	2026-06-06T12:22:43.1800632Z /usr/bin/tar: ../../../../../usr/local/lib/android/sdk/platforms/android-34-ext12/data/res/values-mcc310-mnc030-sw: Cannot utime: Operation not permitted
build	Cache Android SDK	2026-06-06T12:22:43.1801272Z /usr/bin/tar: ../../../../../usr/local/lib/android/sdk/platforms/android-34-ext12/data/res/values-mcc310-mnc030-sw: Cannot change mode to rwxr-xr-x: Operation not permitted
build	Cache Android SDK	2026-06-06T12:22:43.1806527Z /usr/bin/tar: ../../../../../usr/local/lib/android/sdk/platforms/android-34-ext12/data/res/values-hi-rIN: Cannot utime: Operation not permitted
build	Cache Android SDK	2026-06-06T12:22:43.1806969Z /usr/bin/tar: ../../../../../usr/local/lib/android/sdk/platforms/android-34-ext12/data/res/values-hi-rIN: Cannot change mode to rwxr-xr-x: Operation not permitted
build	Cache Android SDK	2026-06-06T12:22:43.1812459Z /usr/bin/tar: ../../../../../usr/local/lib/android/sdk/platforms/android-34-ext12/data/res/values-mcc310-mnc170-sk: Cannot utime: Operation not permitted
build	Cache Android SDK	2026-06-06T12:22:43.1812918Z /usr/bin/tar: ../../../../../usr/local/lib/android/sdk/platforms/android-34-ext12/data/res/values-mcc310-mnc170-sk: Cannot change mode to rwxr-xr-x: Operation not permitted
build	Cache Android SDK	2026-06-06T12:22:43.1820165Z /usr/bin/tar: ../../../../../usr/local/lib/android/sdk/platforms/android-34-ext12/data/res/values-mcc310-mnc030-pt: Cannot utime: Operation not permitted
build	Cache Android SDK	2026-06-06T12:22:43.1820623Z /usr/bin/tar: ../../../../../usr/local/lib/android/sdk/platforms/android-34-ext12/data/res/values-mcc310-mnc030-pt: Cannot change mode to rwxr-xr-x: Operation not permitted
build	Cache Android SDK	2026-06-06T12:22:43.1824451Z /usr/bin/tar: ../../../../../usr/local/lib/android/sdk/platforms/android-34-ext12/data/res/values-mcc310-mnc150-b+sr+Latn: Cannot utime: Operation not permitted
build	Cache Android SDK	2026-06-06T12:22:43.1824942Z /usr/bin/tar: ../../../../../usr/local/lib/android/sdk/platforms/android-34-ext12/data/res/values-mcc310-mnc150-b+sr+Latn: Cannot change mode to rwxr-xr-x: Operation not permitted
build	Cache Android SDK	2026-06-06T12:22:43.1828651Z /usr/bin/tar: ../../../../../usr/local/lib/android/sdk/platforms/android-34-ext12/data/res/values-mcc310-mnc160-tl: Cannot utime: Operation not permitted
build	Cache Android SDK	2026-06-06T12:22:43.1829123Z /usr/bin/tar: ../../../../../usr/local/lib/android/sdk/platforms/android-34-ext12/data/res/values-mcc310-mnc160-tl: Cannot change mode to rwxr-xr-x: Operation not permitted
build	Cache Android SDK	2026-06-06T12:22:43.1832557Z /usr/bin/tar: ../../../../../usr/local/lib/android/sdk/platforms/android-34-ext12/data/res/values-mcc310-mnc310-am: Cannot utime: Operation not permitted
build	Cache Android SDK	2026-06-06T12:22:43.1833013Z /usr/bin/tar: ../../../../../usr/local/lib/android/sdk/platforms/android-34-ext12/data/res/values-mcc310-mnc310-am: Cannot change mode to rwxr-xr-x: Operation not permitted
build	Cache Android SDK	2026-06-06T12:22:43.1835981Z /usr/bin/tar: ../../../../../usr/local/lib/android/sdk/platforms/android-34-ext12/data/res/values-mcc310-mnc490-et: Cannot utime: Operation not permitted
build	Cache Android SDK	2026-06-06T12:22:43.1836446Z /usr/bin/tar: ../../../../../usr/local/lib/android/sdk/platforms/android-34-ext12/data/res/values-mcc310-mnc490-et: Cannot change mode to rwxr-xr-x: Operation not permitted
build	Cache Android SDK	2026-06-06T12:22:43.1840257Z /usr/bin/tar: ../../../../../usr/local/lib/android/sdk/platforms/android-34-ext12/data/res/values-mcc310-mnc280-en-rCA: Cannot utime: Operation not permitted
build	Cache Android SDK	2026-06-06T12:22:43.1840745Z /usr/bin/tar: ../../../../../usr/local/lib/android/sdk/platforms/android-34-ext12/data/res/values-mcc310-mnc280-en-rCA: Cannot change mode to rwxr-xr-x: Operation not permitted
build	Cache Android SDK	2026-06-06T12:22:43.1845417Z /usr/bin/tar: ../../../../../usr/local/lib/android/sdk/platforms/android-34-ext12/data/res/values-mcc310-mnc030-az: Cannot utime: Operation not permitted
build	Cache Android SDK	2026-06-06T12:22:43.1845883Z /usr/bin/tar: ../../../../../usr/local/lib/android/sdk/platforms/android-34-ext12/data/res/values-mcc310-mnc030-az: Cannot change mode to rwxr-xr-x: Operation not permitted
build	Cache Android SDK	2026-06-06T12:22:43.1849400Z /usr/bin/tar: ../../../../../usr/local/lib/android/sdk/platforms/android-34-ext12/data/res/values-mcc310-mnc280-mr: Cannot utime: Operation not permitted
build	Cache Android SDK	2026-06-06T12:22:43.1849854Z /usr/bin/tar: ../../../../../usr/local/lib/android/sdk/platforms/android-34-ext12/data/res/values-mcc310-mnc280-mr: Cannot change mode to rwxr-xr-x: Operation not permitted
build	Cache Android SDK	2026-06-06T12:22:43.1853393Z /usr/bin/tar: ../../../../../usr/local/lib/android/sdk/platforms/android-34-ext12/data/res/values-mcc310-mnc170-ko: Cannot utime: Operation not permitted
build	Cache Android SDK	2026-06-06T12:22:43.1854050Z /usr/bin/tar: ../../../../../usr/local/lib/android/sdk/platforms/android-34-ext12/data/res/values-mcc310-mnc170-ko: Cannot change mode to rwxr-xr-x: Operation not permitted
build	Cache Android SDK	2026-06-06T12:22:43.1859966Z /usr/bin/tar: ../../../../../usr/local/lib/android/sdk/platforms/android-34-ext12/data/res/values-mcc310-mnc250-kn: Cannot utime: Operation not permitted
build	Cache Android SDK	2026-06-06T12:22:43.1860426Z /usr/bin/tar: ../../../../../usr/local/lib/android/sdk/platforms/android-34-ext12/data/res/values-mcc310-mnc250-kn: Cannot change mode to rwxr-xr-x: Operation not permitted
build	Cache Android SDK	2026-06-06T12:22:43.1865158Z /usr/bin/tar: ../../../../../usr/local/lib/android/sdk/platforms/android-34-ext12/data/res/values-mcc440-mnc54: Cannot utime: Operation not permitted
build	Cache Android SDK	2026-06-06T12:22:43.1865740Z /usr/bin/tar: ../../../../../usr/local/lib/android/sdk/platforms/android-34-ext12/data/res/values-mcc440-mnc54: Cannot change mode to rwxr-xr-x: Operation not permitted
build	Cache Android SDK	2026-06-06T12:22:43.1869751Z /usr/bin/tar: ../../../../../usr/local/lib/android/sdk/platforms/android-34-ext12/data/res/values-mcc310-mnc660-en-rIN: Cannot utime: Operation not permitted
build	Cache Android SDK	2026-06-06T12:22:43.1870229Z /usr/bin/tar: ../../../../../usr/local/lib/android/sdk/platforms/android-34-ext12/data/res/values-mcc310-mnc660-en-rIN: Cannot change mode to rwxr-xr-x: Operation not permitted
build	Cache Android SDK	2026-06-06T12:22:43.1874139Z /usr/bin/tar: ../../../../../usr/local/lib/android/sdk/platforms/android-34-ext12/data/res/values-iw-rIL: Cannot utime: Operation not permitted
build	Cache Android SDK	2026-06-06T12:22:43.1874573Z /usr/bin/tar: ../../../../../usr/local/lib/android/sdk/platforms/android-34-ext12/data/res/values-iw-rIL: Cannot change mode to rwxr-xr-x: Operation not permitted
build	Cache Android SDK	2026-06-06T12:22:43.1880736Z /usr/bin/tar: ../../../../../usr/local/lib/android/sdk/platforms/android-34-ext12/data/res/values-mcc310-mnc220-az: Cannot utime: Operation not permitted
build	Cache Android SDK	2026-06-06T12:22:43.1881208Z /usr/bin/tar: ../../../../../usr/local/lib/android/sdk/platforms/android-34-ext12/data/res/values-mcc310-mnc220-az: Cannot change mode to rwxr-xr-x: Operation not permitted
build	Cache Android SDK	2026-06-06T12:22:43.1885145Z /usr/bin/tar: ../../../../../usr/local/lib/android/sdk/platforms/android-34-ext12/data/res/values-mcc310-mnc200-mk: Cannot utime: Operation not permitted
build	Cache Android SDK	2026-06-06T12:22:43.1885611Z /usr/bin/tar: ../../../../../usr/local/lib/android/sdk/platforms/android-34-ext12/data/res/values-mcc310-mnc200-mk: Cannot change mode to rwxr-xr-x: Operation not permitted
build	Cache Android SDK	2026-06-06T12:22:43.1889569Z /usr/bin/tar: ../../../../../usr/local/lib/android/sdk/platforms/android-34-ext12/data/res/values-mcc334-mnc020-iw: Cannot utime: Operation not permitted
build	Cache Android SDK	2026-06-06T12:22:43.1890037Z /usr/bin/tar: ../../../../../usr/local/lib/android/sdk/platforms/android-34-ext12/data/res/values-mcc334-mnc020-iw: Cannot change mode to rwxr-xr-x: Operation not permitted
build	Cache Android SDK	2026-06-06T12:22:43.1895852Z /usr/bin/tar: ../../../../../usr/local/lib/android/sdk/platforms/android-34-ext12/data/res/values-mcc310-mnc380-pt-rPT: Cannot utime: Operation not permitted
build	Cache Android SDK	2026-06-06T12:22:43.1896338Z /usr/bin/tar: ../../../../../usr/local/lib/android/sdk/platforms/android-34-ext12/data/res/values-mcc310-mnc380-pt-rPT: Cannot change mode to rwxr-xr-x: Operation not permitted
build	Cache Android SDK	2026-06-06T12:22:43.1900167Z /usr/bin/tar: ../../../../../usr/local/lib/android/sdk/platforms/android-34-ext12/data/res/values-mcc310-mnc210-sk: Cannot utime: Operation not permitted
build	Cache Android SDK	2026-06-06T12:22:43.1900637Z /usr/bin/tar: ../../../../../usr/local/lib/android/sdk/platforms/android-34-ext12/data/res/values-mcc310-mnc210-sk: Cannot change mode to rwxr-xr-x: Operation not permitted
build	Cache Android SDK	2026-06-06T12:22:43.1903642Z /usr/bin/tar: ../../../../../usr/local/lib/android/sdk/platforms/android-34-ext12/data/res/values-mcc310-mnc160-uz: Cannot utime: Operation not permitted
build	Cache Android SDK	2026-06-06T12:22:43.1904105Z /usr/bin/tar: ../../../../../usr/local/lib/android/sdk/platforms/android-34-ext12/data/res/values-mcc310-mnc160-uz: Cannot change mode to rwxr-xr-x: Operation not permitted
build	Cache Android SDK	2026-06-06T12:22:43.1908021Z /usr/bin/tar: ../../../../../usr/local/lib/android/sdk/platforms/android-34-ext12/data/res/values-mcc310-mnc250-bg: Cannot utime: Operation not permitted
build	Cache Android SDK	2026-06-06T12:22:43.1908479Z /usr/bin/tar: ../../../../../usr/local/lib/android/sdk/platforms/android-34-ext12/data/res/values-mcc310-mnc250-bg: Cannot change mode to rwxr-xr-x: Operation not permitted
build	Cache Android SDK	2026-06-06T12:22:43.1914971Z /usr/bin/tar: ../../../../../usr/local/lib/android/sdk/platforms/android-34-ext12/data/res/values-mcc310-mnc410-km: Cannot utime: Operation not permitted
build	Cache Android SDK	2026-06-06T12:22:43.1915432Z /usr/bin/tar: ../../../../../usr/local/lib/android/sdk/platforms/android-34-ext12/data/res/values-mcc310-mnc410-km: Cannot change mode to rwxr-xr-x: Operation not permitted
build	Cache Android SDK	2026-06-06T12:22:43.1923143Z /usr/bin/tar: ../../../../../usr/local/lib/android/sdk/platforms/android-34-ext12/data/res/values-lv: Cannot utime: Operation not permitted
build	Cache Android SDK	2026-06-06T12:22:43.1924193Z /usr/bin/tar: ../../../../../usr/local/lib/android/sdk/platforms/android-34-ext12/data/res/values-lv: Cannot change mode to rwxr-xr-x: Operation not permitted
build	Cache Android SDK	2026-06-06T12:22:43.1930452Z /usr/bin/tar: ../../../../../usr/local/lib/android/sdk/platforms/android-34-ext12/data/res/values-mcc334-mnc020-vi: Cannot utime: Operation not permitted
build	Cache Android SDK	2026-06-06T12:22:43.1931061Z /usr/bin/tar: ../../../../../usr/local/lib/android/sdk/platforms/android-34-ext12/data/res/values-mcc334-mnc020-vi: Cannot change mode to rwxr-xr-x: Operation not permitted
build	Cache Android SDK	2026-06-06T12:22:43.1934894Z /usr/bin/tar: ../../../../../usr/local/lib/android/sdk/platforms/android-34-ext12/data/res/values-mcc310-mnc210-en-rAU: Cannot utime: Operation not permitted
build	Cache Android SDK	2026-06-06T12:22:43.1936253Z /usr/bin/tar: ../../../../../usr/local/lib/android/sdk/platforms/android-34-ext12/data/res/values-mcc310-mnc210-en-rAU: Cannot change mode to rwxr-xr-x: Operation not permitted
build	Cache Android SDK	2026-06-06T12:22:43.1940676Z /usr/bin/tar: ../../../../../usr/local/lib/android/sdk/platforms/android-34-ext12/data/res/values-mcc310-mnc560-ka: Cannot utime: Operation not permitted
build	Cache Android SDK	2026-06-06T12:22:43.1941590Z /usr/bin/tar: ../../../../../usr/local/lib/android/sdk/platforms/android-34-ext12/data/res/values-mcc310-mnc560-ka: Cannot change mode to rwxr-xr-x: Operation not permitted
build	Cache Android SDK	2026-06-06T12:22:43.1950585Z /usr/bin/tar: ../../../../../usr/local/lib/android/sdk/platforms/android-34-ext12/data/res/values-mr: Cannot utime: Operation not permitted
build	Cache Android SDK	2026-06-06T12:22:43.1951159Z /usr/bin/tar: ../../../../../usr/local/lib/android/sdk/platforms/android-34-ext12/data/res/values-mr: Cannot change mode to rwxr-xr-x: Operation not permitted
build	Cache Android SDK	2026-06-06T12:22:43.1955004Z /usr/bin/tar: ../../../../../usr/local/lib/android/sdk/platforms/android-34-ext12/data/res/values-mcc310-mnc030-en-rAU: Cannot utime: Operation not permitted
build	Cache Android SDK	2026-06-06T12:22:43.1956260Z /usr/bin/tar: ../../../../../usr/local/lib/android/sdk/platforms/android-34-ext12/data/res/values-mcc310-mnc030-en-rAU: Cannot change mode to rwxr-xr-x: Operation not permitted
build	Cache Android SDK	2026-06-06T12:22:43.1958704Z /usr/bin/tar: ../../../../../usr/local/lib/android/sdk/platforms/android-34-ext12/data/res/values-sk-television: Cannot utime: Operation not permitted
build	Cache Android SDK	2026-06-06T12:22:43.1959189Z /usr/bin/tar: ../../../../../usr/local/lib/android/sdk/platforms/android-34-ext12/data/res/values-sk-television: Cannot change mode to rwxr-xr-x: Operation not permitted
build	Cache Android SDK	2026-06-06T12:22:43.1962221Z /usr/bin/tar: ../../../../../usr/local/lib/android/sdk/platforms/android-34-ext12/data/res/values-mcc310-mnc310-fr-rCA: Cannot utime: Operation not permitted
build	Cache Android SDK	2026-06-06T12:22:43.1963187Z /usr/bin/tar: ../../../../../usr/local/lib/android/sdk/platforms/android-34-ext12/data/res/values-mcc310-mnc310-fr-rCA: Cannot change mode to rwxr-xr-x: Operation not permitted
build	Cache Android SDK	2026-06-06T12:22:43.1966173Z /usr/bin/tar: ../../../../../usr/local/lib/android/sdk/platforms/android-34-ext12/data/res/values-mcc310-mnc230-fr: Cannot utime: Operation not permitted
build	Cache Android SDK	2026-06-06T12:22:43.1966886Z /usr/bin/tar: ../../../../../usr/local/lib/android/sdk/platforms/android-34-ext12/data/res/values-mcc310-mnc230-fr: Cannot change mode to rwxr-xr-x: Operation not permitted
build	Cache Android SDK	2026-06-06T12:22:43.1970459Z /usr/bin/tar: ../../../../../usr/local/lib/android/sdk/platforms/android-34-ext12/data/res/values-mcc313-mnc100-kk: Cannot utime: Operation not permitted
build	Cache Android SDK	2026-06-06T12:22:43.1970925Z /usr/bin/tar: ../../../../../usr/local/lib/android/sdk/platforms/android-34-ext12/data/res/values-mcc313-mnc100-kk: Cannot change mode to rwxr-xr-x: Operation not permitted
build	Cache Android SDK	2026-06-06T12:22:43.1974194Z /usr/bin/tar: ../../../../../usr/local/lib/android/sdk/platforms/android-34-ext12/data/res/values-mcc313-mnc100-zh-rCN: Cannot utime: Operation not permitted
build	Cache Android SDK	2026-06-06T12:22:43.1974675Z /usr/bin/tar: ../../../../../usr/local/lib/android/sdk/platforms/android-34-ext12/data/res/values-mcc313-mnc100-zh-rCN: Cannot change mode to rwxr-xr-x: Operation not permitted
build	Cache Android SDK	2026-06-06T12:22:43.1978144Z /usr/bin/tar: ../../../../../usr/local/lib/android/sdk/platforms/android-34-ext12/data/res/values-mcc310-mnc170-zh-rHK: Cannot utime: Operation not permitted
build	Cache Android SDK	2026-06-06T12:22:43.1978631Z /usr/bin/tar: ../../../../../usr/local/lib/android/sdk/platforms/android-34-ext12/data/res/values-mcc310-mnc170-zh-rHK: Cannot change mode to rwxr-xr-x: Operation not permitted
build	Cache Android SDK	2026-06-06T12:22:43.1981484Z /usr/bin/tar: ../../../../../usr/local/lib/android/sdk/platforms/android-34-ext12/data/res/values-mcc310-mnc270-ta: Cannot utime: Operation not permitted
build	Cache Android SDK	2026-06-06T12:22:43.1981960Z /usr/bin/tar: ../../../../../usr/local/lib/android/sdk/platforms/android-34-ext12/data/res/values-mcc310-mnc270-ta: Cannot change mode to rwxr-xr-x: Operation not permitted
build	Cache Android SDK	2026-06-06T12:22:43.1985416Z /usr/bin/tar: ../../../../../usr/local/lib/android/sdk/platforms/android-34-ext12/data/res/values-hy-television: Cannot utime: Operation not permitted
build	Cache Android SDK	2026-06-06T12:22:43.1985889Z /usr/bin/tar: ../../../../../usr/local/lib/android/sdk/platforms/android-34-ext12/data/res/values-hy-television: Cannot change mode to rwxr-xr-x: Operation not permitted
build	Cache Android SDK	2026-06-06T12:22:43.1990603Z /usr/bin/tar: ../../../../../usr/local/lib/android/sdk/platforms/android-34-ext12/data/res/values-mcc310-mnc150-pt: Cannot utime: Operation not permitted
build	Cache Android SDK	2026-06-06T12:22:43.1991077Z /usr/bin/tar: ../../../../../usr/local/lib/android/sdk/platforms/android-34-ext12/data/res/values-mcc310-mnc150-pt: Cannot change mode to rwxr-xr-x: Operation not permitted
build	Cache Android SDK	2026-06-06T12:22:43.1993936Z /usr/bin/tar: ../../../../../usr/local/lib/android/sdk/platforms/android-34-ext12/data/res/values-mcc310-mnc270-hr: Cannot utime: Operation not permitted
build	Cache Android SDK	2026-06-06T12:22:43.1994467Z /usr/bin/tar: ../../../../../usr/local/lib/android/sdk/platforms/android-34-ext12/data/res/values-mcc310-mnc270-hr: Cannot change mode to rwxr-xr-x: Operation not permitted
build	Cache Android SDK	2026-06-06T12:22:43.1998475Z /usr/bin/tar: ../../../../../usr/local/lib/android/sdk/platforms/android-34-ext12/data/res/values-mcc302-mnc720-fa: Cannot utime: Operation not permitted
build	Cache Android SDK	2026-06-06T12:22:43.1998960Z /usr/bin/tar: ../../../../../usr/local/lib/android/sdk/platforms/android-34-ext12/data/res/values-mcc302-mnc720-fa: Cannot change mode to rwxr-xr-x: Operation not permitted
build	Cache Android SDK	2026-06-06T12:22:43.2002562Z /usr/bin/tar: ../../../../../usr/local/lib/android/sdk/platforms/android-34-ext12/data/res/values-mcc310-mnc310-ml: Cannot utime: Operation not permitted
build	Cache Android SDK	2026-06-06T12:22:43.2003035Z /usr/bin/tar: ../../../../../usr/local/lib/android/sdk/platforms/android-34-ext12/data/res/values-mcc310-mnc310-ml: Cannot change mode to rwxr-xr-x: Operation not permitted
build	Cache Android SDK	2026-06-06T12:22:43.2006810Z /usr/bin/tar: ../../../../../usr/local/lib/android/sdk/platforms/android-34-ext12/data/res/values-mcc310-mnc380-hy: Cannot utime: Operation not permitted
build	Cache Android SDK	2026-06-06T12:22:43.2007515Z /usr/bin/tar: ../../../../../usr/local/lib/android/sdk/platforms/android-34-ext12/data/res/values-mcc310-mnc380-hy: Cannot change mode to rwxr-xr-x: Operation not permitted
build	Cache Android SDK	2026-06-06T12:22:43.2010885Z /usr/bin/tar: ../../../../../usr/local/lib/android/sdk/platforms/android-34-ext12/data/res/values-mcc001-mnc01-kk: Cannot utime: Operation not permitted
build	Cache Android SDK	2026-06-06T12:22:43.2011533Z /usr/bin/tar: ../../../../../usr/local/lib/android/sdk/platforms/android-34-ext12/data/res/values-mcc001-mnc01-kk: Cannot change mode to rwxr-xr-x: Operation not permitted
build	Cache Android SDK	2026-06-06T12:22:43.2018988Z /usr/bin/tar: ../../../../../usr/local/lib/android/sdk/platforms/android-34-ext12/data/res/values-ja: Cannot utime: Operation not permitted
build	Cache Android SDK	2026-06-06T12:22:43.2019480Z /usr/bin/tar: ../../../../../usr/local/lib/android/sdk/platforms/android-34-ext12/data/res/values-ja: Cannot change mode to rwxr-xr-x: Operation not permitted
build	Cache Android SDK	2026-06-06T12:22:43.2025473Z /usr/bin/tar: ../../../../../usr/local/lib/android/sdk/platforms/android-34-ext12/data/res/values-mcc310-mnc270-es: Cannot utime: Operation not permitted
build	Cache Android SDK	2026-06-06T12:22:43.2026186Z /usr/bin/tar: ../../../../../usr/local/lib/android/sdk/platforms/android-34-ext12/data/res/values-mcc310-mnc270-es: Cannot change mode to rwxr-xr-x: Operation not permitted
build	Cache Android SDK	2026-06-06T12:22:43.2029395Z /usr/bin/tar: ../../../../../usr/local/lib/android/sdk/platforms/android-34-ext12/data/res/values-mcc310-mnc230-az: Cannot utime: Operation not permitted
build	Cache Android SDK	2026-06-06T12:22:43.2029859Z /usr/bin/tar: ../../../../../usr/local/lib/android/sdk/platforms/android-34-ext12/data/res/values-mcc310-mnc230-az: Cannot change mode to rwxr-xr-x: Operation not permitted
build	Cache Android SDK	2026-06-06T12:22:43.2033302Z /usr/bin/tar: ../../../../../usr/local/lib/android/sdk/platforms/android-34-ext12/data/res/values-mcc313-mnc100-hi: Cannot utime: Operation not permitted
build	Cache Android SDK	2026-06-06T12:22:43.2033762Z /usr/bin/tar: ../../../../../usr/local/lib/android/sdk/platforms/android-34-ext12/data/res/values-mcc313-mnc100-hi: Cannot change mode to rwxr-xr-x: Operation not permitted
build	Cache Android SDK	2026-06-06T12:22:43.2037529Z /usr/bin/tar: ../../../../../usr/local/lib/android/sdk/platforms/android-34-ext12/data/res/values-mcc310-mnc240-zh-rTW: Cannot utime: Operation not permitted
build	Cache Android SDK	2026-06-06T12:22:43.2038028Z /usr/bin/tar: ../../../../../usr/local/lib/android/sdk/platforms/android-34-ext12/data/res/values-mcc310-mnc240-zh-rTW: Cannot change mode to rwxr-xr-x: Operation not permitted
build	Cache Android SDK	2026-06-06T12:22:43.2042231Z /usr/bin/tar: ../../../../../usr/local/lib/android/sdk/platforms/android-34-ext12/data/res/values-mcc310-mnc210-es: Cannot utime: Operation not permitted
build	Cache Android SDK	2026-06-06T12:22:43.2042701Z /usr/bin/tar: ../../../../../usr/local/lib/android/sdk/platforms/android-34-ext12/data/res/values-mcc310-mnc210-es: Cannot change mode to rwxr-xr-x: Operation not permitted
build	Cache Android SDK	2026-06-06T12:22:43.2046235Z /usr/bin/tar: ../../../../../usr/local/lib/android/sdk/platforms/android-34-ext12/data/res/values-mcc310-mnc150-ca: Cannot utime: Operation not permitted
build	Cache Android SDK	2026-06-06T12:22:43.2046689Z /usr/bin/tar: ../../../../../usr/local/lib/android/sdk/platforms/android-34-ext12/data/res/values-mcc310-mnc150-ca: Cannot change mode to rwxr-xr-x: Operation not permitted
build	Cache Android SDK	2026-06-06T12:22:43.2051763Z /usr/bin/tar: ../../../../../usr/local/lib/android/sdk/platforms/android-34-ext12/data/res/values-mcc310-mnc210-te: Cannot utime: Operation not permitted
build	Cache Android SDK	2026-06-06T12:22:43.2052238Z /usr/bin/tar: ../../../../../usr/local/lib/android/sdk/platforms/android-34-ext12/data/res/values-mcc310-mnc210-te: Cannot change mode to rwxr-xr-x: Operation not permitted
build	Cache Android SDK	2026-06-06T12:22:43.2063087Z /usr/bin/tar: ../../../../../usr/local/lib/android/sdk/platforms/android-34-ext12/data/res/values-mcc310-mnc210-hy: Cannot utime: Operation not permitted
build	Cache Android SDK	2026-06-06T12:22:43.2063685Z /usr/bin/tar: ../../../../../usr/local/lib/android/sdk/platforms/android-34-ext12/data/res/values-mcc310-mnc210-hy: Cannot change mode to rwxr-xr-x: Operation not permitted
build	Cache Android SDK	2026-06-06T12:22:43.2069228Z /usr/bin/tar: ../../../../../usr/local/lib/android/sdk/platforms/android-34-ext12/data/res/values-mcc334-mnc020-is: Cannot utime: Operation not permitted
build	Cache Android SDK	2026-06-06T12:22:43.2069707Z /usr/bin/tar: ../../../../../usr/local/lib/android/sdk/platforms/android-34-ext12/data/res/values-mcc334-mnc020-is: Cannot change mode to rwxr-xr-x: Operation not permitted
build	Cache Android SDK	2026-06-06T12:22:43.2077341Z /usr/bin/tar: ../../../../../usr/local/lib/android/sdk/platforms/android-34-ext12/data/res/values-mcc310-mnc220-b+sr+Latn: Cannot utime: Operation not permitted
build	Cache Android SDK	2026-06-06T12:22:43.2078118Z /usr/bin/tar: ../../../../../usr/local/lib/android/sdk/platforms/android-34-ext12/data/res/values-mcc310-mnc220-b+sr+Latn: Cannot change mode to rwxr-xr-x: Operation not permitted
build	Cache Android SDK	2026-06-06T12:22:43.2081613Z /usr/bin/tar: ../../../../../usr/local/lib/android/sdk/platforms/android-34-ext12/data/res/values-mcc310-mnc200-cs: Cannot utime: Operation not permitted
build	Cache Android SDK	2026-06-06T12:22:43.2082097Z /usr/bin/tar: ../../../../../usr/local/lib/android/sdk/platforms/android-34-ext12/data/res/values-mcc310-mnc200-cs: Cannot change mode to rwxr-xr-x: Operation not permitted
build	Cache Android SDK	2026-06-06T12:22:43.2086186Z /usr/bin/tar: ../../../../../usr/local/lib/android/sdk/platforms/android-34-ext12/data/res/values-it-rIT: Cannot utime: Operation not permitted
build	Cache Android SDK	2026-06-06T12:22:43.2086644Z /usr/bin/tar: ../../../../../usr/local/lib/android/sdk/platforms/android-34-ext12/data/res/values-it-rIT: Cannot change mode to rwxr-xr-x: Operation not permitted
build	Cache Android SDK	2026-06-06T12:22:43.2090694Z /usr/bin/tar: ../../../../../usr/local/lib/android/sdk/platforms/android-34-ext12/data/res/values-mcc310-mnc950-sv: Cannot utime: Operation not permitted
build	Cache Android SDK	2026-06-06T12:22:43.2091170Z /usr/bin/tar: ../../../../../usr/local/lib/android/sdk/platforms/android-34-ext12/data/res/values-mcc310-mnc950-sv: Cannot change mode to rwxr-xr-x: Operation not permitted
build	Cache Android SDK	2026-06-06T12:22:43.2094584Z /usr/bin/tar: ../../../../../usr/local/lib/android/sdk/platforms/android-34-ext12/data/res/values-mcc310-mnc030-pl: Cannot utime: Operation not permitted
build	Cache Android SDK	2026-06-06T12:22:43.2095048Z /usr/bin/tar: ../../../../../usr/local/lib/android/sdk/platforms/android-34-ext12/data/res/values-mcc310-mnc030-pl: Cannot change mode to rwxr-xr-x: Operation not permitted
build	Cache Android SDK	2026-06-06T12:22:43.2098931Z /usr/bin/tar: ../../../../../usr/local/lib/android/sdk/platforms/android-34-ext12/data/res/values-mcc404: Cannot utime: Operation not permitted
build	Cache Android SDK	2026-06-06T12:22:43.2099375Z /usr/bin/tar: ../../../../../usr/local/lib/android/sdk/platforms/android-34-ext12/data/res/values-mcc404: Cannot change mode to rwxr-xr-x: Operation not permitted
build	Cache Android SDK	2026-06-06T12:22:43.2103410Z /usr/bin/tar: ../../../../../usr/local/lib/android/sdk/platforms/android-34-ext12/data/res/values-mcc310-mnc490-zh-rHK: Cannot utime: Operation not permitted
build	Cache Android SDK	2026-06-06T12:22:43.2103885Z /usr/bin/tar: ../../../../../usr/local/lib/android/sdk/platforms/android-34-ext12/data/res/values-mcc310-mnc490-zh-rHK: Cannot change mode to rwxr-xr-x: Operation not permitted
build	Cache Android SDK	2026-06-06T12:22:43.2106727Z /usr/bin/tar: ../../../../../usr/local/lib/android/sdk/platforms/android-34-ext12/data/res/values-mcc334-mnc020-eu: Cannot utime: Operation not permitted
build	Cache Android SDK	2026-06-06T12:22:43.2107192Z /usr/bin/tar: ../../../../../usr/local/lib/android/sdk/platforms/android-34-ext12/data/res/values-mcc334-mnc020-eu: Cannot change mode to rwxr-xr-x: Operation not permitted
build	Cache Android SDK	2026-06-06T12:22:43.2109935Z /usr/bin/tar: ../../../../../usr/local/lib/android/sdk/platforms/android-34-ext12/data/res/values-mcc302-mnc370-gl: Cannot utime: Operation not permitted
build	Cache Android SDK	2026-06-06T12:22:43.2110400Z /usr/bin/tar: ../../../../../usr/local/lib/android/sdk/platforms/android-34-ext12/data/res/values-mcc302-mnc370-gl: Cannot change mode to rwxr-xr-x: Operation not permitted
build	Cache Android SDK	2026-06-06T12:22:43.2113647Z /usr/bin/tar: ../../../../../usr/local/lib/android/sdk/platforms/android-34-ext12/data/res/values-mcc310-mnc210-hr: Cannot utime: Operation not permitted
build	Cache Android SDK	2026-06-06T12:22:43.2114109Z /usr/bin/tar: ../../../../../usr/local/lib/android/sdk/platforms/android-34-ext12/data/res/values-mcc310-mnc210-hr: Cannot change mode to rwxr-xr-x: Operation not permitted
build	Cache Android SDK	2026-06-06T12:22:43.2117291Z /usr/bin/tar: ../../../../../usr/local/lib/android/sdk/platforms/android-34-ext12/data/res/values-mcc001-mnc01-mr: Cannot utime: Operation not permitted
build	Cache Android SDK	2026-06-06T12:22:43.2118081Z /usr/bin/tar: ../../../../../usr/local/lib/android/sdk/platforms/android-34-ext12/data/res/values-mcc001-mnc01-mr: Cannot change mode to rwxr-xr-x: Operation not permitted
build	Cache Android SDK	2026-06-06T12:22:43.2124533Z /usr/bin/tar: ../../../../../usr/local/lib/android/sdk/platforms/android-34-ext12/data/res/values-mcc310-mnc150-tl: Cannot utime: Operation not permitted
build	Cache Android SDK	2026-06-06T12:22:43.2124996Z /usr/bin/tar: ../../../../../usr/local/lib/android/sdk/platforms/android-34-ext12/data/res/values-mcc310-mnc150-tl: Cannot change mode to rwxr-xr-x: Operation not permitted
build	Cache Android SDK	2026-06-06T12:22:43.2131429Z /usr/bin/tar: ../../../../../usr/local/lib/android/sdk/platforms/android-34-ext12/data/res/values-km: Cannot utime: Operation not permitted
build	Cache Android SDK	2026-06-06T12:22:43.2132046Z /usr/bin/tar: ../../../../../usr/local/lib/android/sdk/platforms/android-34-ext12/data/res/values-km: Cannot change mode to rwxr-xr-x: Operation not permitted
build	Cache Android SDK	2026-06-06T12:22:43.2134519Z /usr/bin/tar: ../../../../../usr/local/lib/android/sdk/platforms/android-34-ext12/data/res/values-mcc302-mnc370-be: Cannot utime: Operation not permitted
build	Cache Android SDK	2026-06-06T12:22:43.2135014Z /usr/bin/tar: ../../../../../usr/local/lib/android/sdk/platforms/android-34-ext12/data/res/values-mcc302-mnc370-be: Cannot change mode to rwxr-xr-x: Operation not permitted
build	Cache Android SDK	2026-06-06T12:22:43.2138513Z /usr/bin/tar: ../../../../../usr/local/lib/android/sdk/platforms/android-34-ext12/data/res/values-mcc310-mnc380-uk: Cannot utime: Operation not permitted
build	Cache Android SDK	2026-06-06T12:22:43.2139006Z /usr/bin/tar: ../../../../../usr/local/lib/android/sdk/platforms/android-34-ext12/data/res/values-mcc310-mnc380-uk: Cannot change mode to rwxr-xr-x: Operation not permitted
build	Cache Android SDK	2026-06-06T12:22:43.2142244Z /usr/bin/tar: ../../../../../usr/local/lib/android/sdk/platforms/android-34-ext12/data/res/values-mcc302-mnc370-uk: Cannot utime: Operation not permitted
build	Cache Android SDK	2026-06-06T12:22:43.2142702Z /usr/bin/tar: ../../../../../usr/local/lib/android/sdk/platforms/android-34-ext12/data/res/values-mcc302-mnc370-uk: Cannot change mode to rwxr-xr-x: Operation not permitted
build	Cache Android SDK	2026-06-06T12:22:43.2145301Z /usr/bin/tar: ../../../../../usr/local/lib/android/sdk/platforms/android-34-ext12/data/res/values-mcc001-mnc01-lt: Cannot utime: Operation not permitted
build	Cache Android SDK	2026-06-06T12:22:43.2145773Z /usr/bin/tar: ../../../../../usr/local/lib/android/sdk/platforms/android-34-ext12/data/res/values-mcc001-mnc01-lt: Cannot change mode to rwxr-xr-x: Operation not permitted
build	Cache Android SDK	2026-06-06T12:22:43.2148626Z /usr/bin/tar: ../../../../../usr/local/lib/android/sdk/platforms/android-34-ext12/data/res/values-mcc310-mnc560-en-rCA: Cannot utime: Operation not permitted
build	Cache Android SDK	2026-06-06T12:22:43.2149113Z /usr/bin/tar: ../../../../../usr/local/lib/android/sdk/platforms/android-34-ext12/data/res/values-mcc310-mnc560-en-rCA: Cannot change mode to rwxr-xr-x: Operation not permitted
build	Cache Android SDK	2026-06-06T12:22:43.2151837Z /usr/bin/tar: ../../../../../usr/local/lib/android/sdk/platforms/android-34-ext12/data/res/values-mcc310-mnc310-uk: Cannot utime: Operation not permitted
build	Cache Android SDK	2026-06-06T12:22:43.2152297Z /usr/bin/tar: ../../../../../usr/local/lib/android/sdk/platforms/android-34-ext12/data/res/values-mcc310-mnc310-uk: Cannot change mode to rwxr-xr-x: Operation not permitted
build	Cache Android SDK	2026-06-06T12:22:43.2154881Z /usr/bin/tar: ../../../../../usr/local/lib/android/sdk/platforms/android-34-ext12/data/res/values-mcc302-mnc720-uk: Cannot utime: Operation not permitted
build	Cache Android SDK	2026-06-06T12:22:43.2155340Z /usr/bin/tar: ../../../../../usr/local/lib/android/sdk/platforms/android-34-ext12/data/res/values-mcc302-mnc720-uk: Cannot change mode to rwxr-xr-x: Operation not permitted
build	Cache Android SDK	2026-06-06T12:22:43.2158550Z /usr/bin/tar: ../../../../../usr/local/lib/android/sdk/platforms/android-34-ext12/data/res/values-mcc310-mnc240-ka: Cannot utime: Operation not permitted
build	Cache Android SDK	2026-06-06T12:22:43.2159013Z /usr/bin/tar: ../../../../../usr/local/lib/android/sdk/platforms/android-34-ext12/data/res/values-mcc310-mnc240-ka: Cannot change mode to rwxr-xr-x: Operation not permitted
build	Cache Android SDK	2026-06-06T12:22:43.2166626Z /usr/bin/tar: ../../../../../usr/local/lib/android/sdk/platforms/android-34-ext12/data/res/values-watch: Cannot utime: Operation not permitted
build	Cache Android SDK	2026-06-06T12:22:43.2167342Z /usr/bin/tar: ../../../../../usr/local/lib/android/sdk/platforms/android-34-ext12/data/res/values-watch: Cannot change mode to rwxr-xr-x: Operation not permitted
build	Cache Android SDK	2026-06-06T12:22:43.2169683Z /usr/bin/tar: ../../../../../usr/local/lib/android/sdk/platforms/android-34-ext12/data/res/values-mcc310-mnc800-bs: Cannot utime: Operation not permitted
build	Cache Android SDK	2026-06-06T12:22:43.2170221Z /usr/bin/tar: ../../../../../usr/local/lib/android/sdk/platforms/android-34-ext12/data/res/values-mcc310-mnc800-bs: Cannot change mode to rwxr-xr-x: Operation not permitted
build	Cache Android SDK	2026-06-06T12:22:43.2173229Z /usr/bin/tar: ../../../../../usr/local/lib/android/sdk/platforms/android-34-ext12/data/res/values-mcc310-mnc150-az: Cannot utime: Operation not permitted
build	Cache Android SDK	2026-06-06T12:22:43.2173809Z /usr/bin/tar: ../../../../../usr/local/lib/android/sdk/platforms/android-34-ext12/data/res/values-mcc310-mnc150-az: Cannot change mode to rwxr-xr-x: Operation not permitted
build	Cache Android SDK	2026-06-06T12:22:43.2180412Z /usr/bin/tar: ../../../../../usr/local/lib/android/sdk/platforms/android-34-ext12/data/res/values-kn: Cannot utime: Operation not permitted
build	Cache Android SDK	2026-06-06T12:22:43.2181451Z /usr/bin/tar: ../../../../../usr/local/lib/android/sdk/platforms/android-34-ext12/data/res/values-kn: Cannot change mode to rwxr-xr-x: Operation not permitted
build	Cache Android SDK	2026-06-06T12:22:43.2184736Z /usr/bin/tar: ../../../../../usr/local/lib/android/sdk/platforms/android-34-ext12/data/res/values-mcc310-mnc490-pt: Cannot utime: Operation not permitted
build	Cache Android SDK	2026-06-06T12:22:43.2185210Z /usr/bin/tar: ../../../../../usr/local/lib/android/sdk/platforms/android-34-ext12/data/res/values-mcc310-mnc490-pt: Cannot change mode to rwxr-xr-x: Operation not permitted
build	Cache Android SDK	2026-06-06T12:22:43.2189489Z /usr/bin/tar: ../../../../../usr/local/lib/android/sdk/platforms/android-34-ext12/data/res/values-mcc310-mnc280-or: Cannot utime: Operation not permitted
build	Cache Android SDK	2026-06-06T12:22:43.2189963Z /usr/bin/tar: ../../../../../usr/local/lib/android/sdk/platforms/android-34-ext12/data/res/values-mcc310-mnc280-or: Cannot change mode to rwxr-xr-x: Operation not permitted
build	Cache Android SDK	2026-06-06T12:22:43.2193996Z /usr/bin/tar: ../../../../../usr/local/lib/android/sdk/platforms/android-34-ext12/data/res/values-mcc311-mnc180-iw: Cannot utime: Operation not permitted
build	Cache Android SDK	2026-06-06T12:22:43.2194458Z /usr/bin/tar: ../../../../../usr/local/lib/android/sdk/platforms/android-34-ext12/data/res/values-mcc311-mnc180-iw: Cannot change mode to rwxr-xr-x: Operation not permitted
build	Cache Android SDK	2026-06-06T12:22:43.2199591Z /usr/bin/tar: ../../../../../usr/local/lib/android/sdk/platforms/android-34-ext12/data/res/values-ru-watch: Cannot utime: Operation not permitted
build	Cache Android SDK	2026-06-06T12:22:43.2200047Z /usr/bin/tar: ../../../../../usr/local/lib/android/sdk/platforms/android-34-ext12/data/res/values-ru-watch: Cannot change mode to rwxr-xr-x: Operation not permitted
build	Cache Android SDK	2026-06-06T12:22:43.2206916Z /usr/bin/tar: ../../../../../usr/local/lib/android/sdk/platforms/android-34-ext12/data/res/values-mcc310-mnc800-sl: Cannot utime: Operation not permitted
build	Cache Android SDK	2026-06-06T12:22:43.2207482Z /usr/bin/tar: ../../../../../usr/local/lib/android/sdk/platforms/android-34-ext12/data/res/values-mcc310-mnc800-sl: Cannot change mode to rwxr-xr-x: Operation not permitted
build	Cache Android SDK	2026-06-06T12:22:43.2214281Z /usr/bin/tar: ../../../../../usr/local/lib/android/sdk/platforms/android-34-ext12/data/res/layout-round-watch: Cannot utime: Operation not permitted
build	Cache Android SDK	2026-06-06T12:22:43.2214747Z /usr/bin/tar: ../../../../../usr/local/lib/android/sdk/platforms/android-34-ext12/data/res/layout-round-watch: Cannot change mode to rwxr-xr-x: Operation not permitted
build	Cache Android SDK	2026-06-06T12:22:43.2218688Z /usr/bin/tar: ../../../../../usr/local/lib/android/sdk/platforms/android-34-ext12/data/res/values-af-rZA: Cannot utime: Operation not permitted
build	Cache Android SDK	2026-06-06T12:22:43.2219126Z /usr/bin/tar: ../../../../../usr/local/lib/android/sdk/platforms/android-34-ext12/data/res/values-af-rZA: Cannot change mode to rwxr-xr-x: Operation not permitted
build	Cache Android SDK	2026-06-06T12:22:43.2223859Z /usr/bin/tar: ../../../../../usr/local/lib/android/sdk/platforms/android-34-ext12/data/res/values-mcc310-mnc410-hr: Cannot utime: Operation not permitted
build	Cache Android SDK	2026-06-06T12:22:43.2224553Z /usr/bin/tar: ../../../../../usr/local/lib/android/sdk/platforms/android-34-ext12/data/res/values-mcc310-mnc410-hr: Cannot change mode to rwxr-xr-x: Operation not permitted
build	Cache Android SDK	2026-06-06T12:22:43.2228737Z /usr/bin/tar: ../../../../../usr/local/lib/android/sdk/platforms/android-34-ext12/data/res/values-mcc312-mnc670-ka: Cannot utime: Operation not permitted
build	Cache Android SDK	2026-06-06T12:22:43.2229203Z /usr/bin/tar: ../../../../../usr/local/lib/android/sdk/platforms/android-34-ext12/data/res/values-mcc312-mnc670-ka: Cannot change mode to rwxr-xr-x: Operation not permitted
build	Cache Android SDK	2026-06-06T12:22:43.2232072Z /usr/bin/tar: ../../../../../usr/local/lib/android/sdk/platforms/android-34-ext12/data/res/values-mcc310-mnc950-am: Cannot utime: Operation not permitted
build	Cache Android SDK	2026-06-06T12:22:43.2232642Z /usr/bin/tar: ../../../../../usr/local/lib/android/sdk/platforms/android-34-ext12/data/res/values-mcc310-mnc950-am: Cannot change mode to rwxr-xr-x: Operation not permitted
build	Cache Android SDK	2026-06-06T12:22:43.2235552Z /usr/bin/tar: ../../../../../usr/local/lib/android/sdk/platforms/android-34-ext12/data/res/values-mcc313-mnc100-kn: Cannot utime: Operation not permitted
build	Cache Android SDK	2026-06-06T12:22:43.2236009Z /usr/bin/tar: ../../../../../usr/local/lib/android/sdk/platforms/android-34-ext12/data/res/values-mcc313-mnc100-kn: Cannot change mode to rwxr-xr-x: Operation not permitted
build	Cache Android SDK	2026-06-06T12:22:43.2244068Z /usr/bin/tar: ../../../../../usr/local/lib/android/sdk/platforms/android-34-ext12/data/res/values-mcc311-mnc180-pa: Cannot utime: Operation not permitted
build	Cache Android SDK	2026-06-06T12:22:43.2244646Z /usr/bin/tar: ../../../../../usr/local/lib/android/sdk/platforms/android-34-ext12/data/res/values-mcc311-mnc180-pa: Cannot change mode to rwxr-xr-x: Operation not permitted
build	Cache Android SDK	2026-06-06T12:22:43.2247551Z /usr/bin/tar: ../../../../../usr/local/lib/android/sdk/platforms/android-34-ext12/data/res/values-mcc334-mnc020-ko: Cannot utime: Operation not permitted
build	Cache Android SDK	2026-06-06T12:22:43.2248062Z /usr/bin/tar: ../../../../../usr/local/lib/android/sdk/platforms/android-34-ext12/data/res/values-mcc334-mnc020-ko: Cannot change mode to rwxr-xr-x: Operation not permitted
build	Cache Android SDK	2026-06-06T12:22:43.2251145Z /usr/bin/tar: ../../../../../usr/local/lib/android/sdk/platforms/android-34-ext12/data/res/values-sk-rSK: Cannot utime: Operation not permitted
build	Cache Android SDK	2026-06-06T12:22:43.2251579Z /usr/bin/tar: ../../../../../usr/local/lib/android/sdk/platforms/android-34-ext12/data/res/values-sk-rSK: Cannot change mode to rwxr-xr-x: Operation not permitted
build	Cache Android SDK	2026-06-06T12:22:43.2258014Z /usr/bin/tar: ../../../../../usr/local/lib/android/sdk/platforms/android-34-ext12/data/res/values-mcc302-mnc370-sk: Cannot utime: Operation not permitted
build	Cache Android SDK	2026-06-06T12:22:43.2258479Z /usr/bin/tar: ../../../../../usr/local/lib/android/sdk/platforms/android-34-ext12/data/res/values-mcc302-mnc370-sk: Cannot change mode to rwxr-xr-x: Operation not permitted
build	Cache Android SDK	2026-06-06T12:22:43.2261408Z /usr/bin/tar: ../../../../../usr/local/lib/android/sdk/platforms/android-34-ext12/data/res/values-mcc001-mnc01-iw: Cannot utime: Operation not permitted
build	Cache Android SDK	2026-06-06T12:22:43.2261871Z /usr/bin/tar: ../../../../../usr/local/lib/android/sdk/platforms/android-34-ext12/data/res/values-mcc001-mnc01-iw: Cannot change mode to rwxr-xr-x: Operation not permitted
build	Cache Android SDK	2026-06-06T12:22:43.2265053Z /usr/bin/tar: ../../../../../usr/local/lib/android/sdk/platforms/android-34-ext12/data/res/values-mcc310-mnc310-te: Cannot utime: Operation not permitted
build	Cache Android SDK	2026-06-06T12:22:43.2265510Z /usr/bin/tar: ../../../../../usr/local/lib/android/sdk/platforms/android-34-ext12/data/res/values-mcc310-mnc310-te: Cannot change mode to rwxr-xr-x: Operation not permitted
build	Cache Android SDK	2026-06-06T12:22:43.2269133Z /usr/bin/tar: ../../../../../usr/local/lib/android/sdk/platforms/android-34-ext12/data/res/values-mcc310-mnc200-fi: Cannot utime: Operation not permitted
build	Cache Android SDK	2026-06-06T12:22:43.2269597Z /usr/bin/tar: ../../../../../usr/local/lib/android/sdk/platforms/android-34-ext12/data/res/values-mcc310-mnc200-fi: Cannot change mode to rwxr-xr-x: Operation not permitted
build	Cache Android SDK	2026-06-06T12:22:43.2272752Z /usr/bin/tar: ../../../../../usr/local/lib/android/sdk/platforms/android-34-ext12/data/res/values-mcc310-mnc270-fr: Cannot utime: Operation not permitted
build	Cache Android SDK	2026-06-06T12:22:43.2273202Z /usr/bin/tar: ../../../../../usr/local/lib/android/sdk/platforms/android-34-ext12/data/res/values-mcc310-mnc270-fr: Cannot change mode to rwxr-xr-x: Operation not permitted
build	Cache Android SDK	2026-06-06T12:22:43.2281379Z /usr/bin/tar: ../../../../../usr/local/lib/android/sdk/platforms/android-34-ext12/data/res/values-sv: Cannot utime: Operation not permitted
build	Cache Android SDK	2026-06-06T12:22:43.2281911Z /usr/bin/tar: ../../../../../usr/local/lib/android/sdk/platforms/android-34-ext12/data/res/values-sv: Cannot change mode to rwxr-xr-x: Operation not permitted
build	Cache Android SDK	2026-06-06T12:22:43.2284821Z /usr/bin/tar: ../../../../../usr/local/lib/android/sdk/platforms/android-34-ext12/data/res/values-mcc310-mnc160-pa: Cannot utime: Operation not permitted
build	Cache Android SDK	2026-06-06T12:22:43.2285402Z /usr/bin/tar: ../../../../../usr/local/lib/android/sdk/platforms/android-34-ext12/data/res/values-mcc310-mnc160-pa: Cannot change mode to rwxr-xr-x: Operation not permitted
build	Cache Android SDK	2026-06-06T12:22:43.2289428Z /usr/bin/tar: ../../../../../usr/local/lib/android/sdk/platforms/android-34-ext12/data/res/values-mcc310-mnc270-ca: Cannot utime: Operation not permitted
build	Cache Android SDK	2026-06-06T12:22:43.2289888Z /usr/bin/tar: ../../../../../usr/local/lib/android/sdk/platforms/android-34-ext12/data/res/values-mcc310-mnc270-ca: Cannot change mode to rwxr-xr-x: Operation not permitted
build	Cache Android SDK	2026-06-06T12:22:43.2293276Z /usr/bin/tar: ../../../../../usr/local/lib/android/sdk/platforms/android-34-ext12/data/res/values-en-rCA-television: Cannot utime: Operation not permitted
build	Cache Android SDK	2026-06-06T12:22:43.2293755Z /usr/bin/tar: ../../../../../usr/local/lib/android/sdk/platforms/android-34-ext12/data/res/values-en-rCA-television: Cannot change mode to rwxr-xr-x: Operation not permitted
build	Cache Android SDK	2026-06-06T12:22:43.2301998Z /usr/bin/tar: ../../../../../usr/local/lib/android/sdk/platforms/android-34-ext12/data/res/values-mcc310-mnc150-zh-rCN: Cannot utime: Operation not permitted
build	Cache Android SDK	2026-06-06T12:22:43.2302732Z /usr/bin/tar: ../../../../../usr/local/lib/android/sdk/platforms/android-34-ext12/data/res/values-mcc310-mnc150-zh-rCN: Cannot change mode to rwxr-xr-x: Operation not permitted
build	Cache Android SDK	2026-06-06T12:22:43.2309617Z /usr/bin/tar: ../../../../../usr/local/lib/android/sdk/platforms/android-34-ext12/data/res/values-mcc310-mnc660-uz: Cannot utime: Operation not permitted
build	Cache Android SDK	2026-06-06T12:22:43.2310135Z /usr/bin/tar: ../../../../../usr/local/lib/android/sdk/platforms/android-34-ext12/data/res/values-mcc310-mnc660-uz: Cannot change mode to rwxr-xr-x: Operation not permitted
build	Cache Android SDK	2026-06-06T12:22:43.2312853Z /usr/bin/tar: ../../../../../usr/local/lib/android/sdk/platforms/android-34-ext12/data/res/values-mcc310-mnc560-bs: Cannot utime: Operation not permitted
build	Cache Android SDK	2026-06-06T12:22:43.2313312Z /usr/bin/tar: ../../../../../usr/local/lib/android/sdk/platforms/android-34-ext12/data/res/values-mcc310-mnc560-bs: Cannot change mode to rwxr-xr-x: Operation not permitted
build	Cache Android SDK	2026-06-06T12:22:43.2316121Z /usr/bin/tar: ../../../../../usr/local/lib/android/sdk/platforms/android-34-ext12/data/res/values-mcc302-mnc720-hy: Cannot utime: Operation not permitted
build	Cache Android SDK	2026-06-06T12:22:43.2316582Z /usr/bin/tar: ../../../../../usr/local/lib/android/sdk/platforms/android-34-ext12/data/res/values-mcc302-mnc720-hy: Cannot change mode to rwxr-xr-x: Operation not permitted
build	Cache Android SDK	2026-06-06T12:22:43.2320592Z /usr/bin/tar: ../../../../../usr/local/lib/android/sdk/platforms/android-34-ext12/data/res/values-mcc310-mnc210-mk: Cannot utime: Operation not permitted
build	Cache Android SDK	2026-06-06T12:22:43.2321055Z /usr/bin/tar: ../../../../../usr/local/lib/android/sdk/platforms/android-34-ext12/data/res/values-mcc310-mnc210-mk: Cannot change mode to rwxr-xr-x: Operation not permitted
build	Cache Android SDK	2026-06-06T12:22:43.2325976Z /usr/bin/tar: ../../../../../usr/local/lib/android/sdk/platforms/android-34-ext12/data/res/values-mcc334-mnc020-ro: Cannot utime: Operation not permitted
build	Cache Android SDK	2026-06-06T12:22:43.2326617Z /usr/bin/tar: ../../../../../usr/local/lib/android/sdk/platforms/android-34-ext12/data/res/values-mcc334-mnc020-ro: Cannot change mode to rwxr-xr-x: Operation not permitted
build	Cache Android SDK	2026-06-06T12:22:43.2330276Z /usr/bin/tar: ../../../../../usr/local/lib/android/sdk/platforms/android-34-ext12/data/res/values-mcc310-mnc280-lo: Cannot utime: Operation not permitted
build	Cache Android SDK	2026-06-06T12:22:43.2330743Z /usr/bin/tar: ../../../../../usr/local/lib/android/sdk/platforms/android-34-ext12/data/res/values-mcc310-mnc280-lo: Cannot change mode to rwxr-xr-x: Operation not permitted
build	Cache Android SDK	2026-06-06T12:22:43.2341996Z /usr/bin/tar: ../../../../../usr/local/lib/android/sdk/platforms/android-34-ext12/data/res/values-mcc311-mnc180-ka: Cannot utime: Operation not permitted
build	Cache Android SDK	2026-06-06T12:22:43.2342572Z /usr/bin/tar: ../../../../../usr/local/lib/android/sdk/platforms/android-34-ext12/data/res/values-mcc311-mnc180-ka: Cannot change mode to rwxr-xr-x: Operation not permitted
build	Cache Android SDK	2026-06-06T12:22:43.2346078Z /usr/bin/tar: ../../../../../usr/local/lib/android/sdk/platforms/android-34-ext12/data/res/values-mcc310-mnc280-nl: Cannot utime: Operation not permitted
build	Cache Android SDK	2026-06-06T12:22:43.2346610Z /usr/bin/tar: ../../../../../usr/local/lib/android/sdk/platforms/android-34-ext12/data/res/values-mcc310-mnc280-nl: Cannot change mode to rwxr-xr-x: Operation not permitted
build	Cache Android SDK	2026-06-06T12:22:43.2352176Z /usr/bin/tar: ../../../../../usr/local/lib/android/sdk/platforms/android-34-ext12/data/res/values-mcc310-mnc160: Cannot utime: Operation not permitted
build	Cache Android SDK	2026-06-06T12:22:43.2352634Z /usr/bin/tar: ../../../../../usr/local/lib/android/sdk/platforms/android-34-ext12/data/res/values-mcc310-mnc160: Cannot change mode to rwxr-xr-x: Operation not permitted
build	Cache Android SDK	2026-06-06T12:22:43.2356838Z /usr/bin/tar: ../../../../../usr/local/lib/android/sdk/platforms/android-34-ext12/data/res/values-mcc310-mnc170-as: Cannot utime: Operation not permitted
build	Cache Android SDK	2026-06-06T12:22:43.2357311Z /usr/bin/tar: ../../../../../usr/local/lib/android/sdk/platforms/android-34-ext12/data/res/values-mcc310-mnc170-as: Cannot change mode to rwxr-xr-x: Operation not permitted
build	Cache Android SDK	2026-06-06T12:22:43.2362017Z /usr/bin/tar: ../../../../../usr/local/lib/android/sdk/platforms/android-34-ext12/data/res/values-mcc310-mnc230-uk: Cannot utime: Operation not permitted
build	Cache Android SDK	2026-06-06T12:22:43.2362473Z /usr/bin/tar: ../../../../../usr/local/lib/android/sdk/platforms/android-34-ext12/data/res/values-mcc310-mnc230-uk: Cannot change mode to rwxr-xr-x: Operation not permitted
build	Cache Android SDK	2026-06-06T12:22:43.2369491Z /usr/bin/tar: ../../../../../usr/local/lib/android/sdk/platforms/android-34-ext12/data/res/values-mcc302-mnc370-ky: Cannot utime: Operation not permitted
build	Cache Android SDK	2026-06-06T12:22:43.2369953Z /usr/bin/tar: ../../../../../usr/local/lib/android/sdk/platforms/android-34-ext12/data/res/values-mcc302-mnc370-ky: Cannot change mode to rwxr-xr-x: Operation not permitted
build	Cache Android SDK	2026-06-06T12:22:43.2374710Z /usr/bin/tar: ../../../../../usr/local/lib/android/sdk/platforms/android-34-ext12/data/res/values-mcc310-mnc950-ky: Cannot utime: Operation not permitted
build	Cache Android SDK	2026-06-06T12:22:43.2375176Z /usr/bin/tar: ../../../../../usr/local/lib/android/sdk/platforms/android-34-ext12/data/res/values-mcc310-mnc950-ky: Cannot change mode to rwxr-xr-x: Operation not permitted
build	Cache Android SDK	2026-06-06T12:22:43.2378369Z /usr/bin/tar: ../../../../../usr/local/lib/android/sdk/platforms/android-34-ext12/data/res/values-vi-watch: Cannot utime: Operation not permitted
build	Cache Android SDK	2026-06-06T12:22:43.2378804Z /usr/bin/tar: ../../../../../usr/local/lib/android/sdk/platforms/android-34-ext12/data/res/values-vi-watch: Cannot change mode to rwxr-xr-x: Operation not permitted
build	Cache Android SDK	2026-06-06T12:22:43.2384023Z /usr/bin/tar: ../../../../../usr/local/lib/android/sdk/platforms/android-34-ext12/data/res/values-mcc310-mnc410-ka: Cannot utime: Operation not permitted
build	Cache Android SDK	2026-06-06T12:22:43.2384492Z /usr/bin/tar: ../../../../../usr/local/lib/android/sdk/platforms/android-34-ext12/data/res/values-mcc310-mnc410-ka: Cannot change mode to rwxr-xr-x: Operation not permitted
build	Cache Android SDK	2026-06-06T12:22:43.2387912Z /usr/bin/tar: ../../../../../usr/local/lib/android/sdk/platforms/android-34-ext12/data/res/values-mcc310-mnc220-in: Cannot utime: Operation not permitted
build	Cache Android SDK	2026-06-06T12:22:43.2388568Z /usr/bin/tar: ../../../../../usr/local/lib/android/sdk/platforms/android-34-ext12/data/res/values-mcc310-mnc220-in: Cannot change mode to rwxr-xr-x: Operation not permitted
build	Cache Android SDK	2026-06-06T12:22:43.2390984Z /usr/bin/tar: ../../../../../usr/local/lib/android/sdk/platforms/android-34-ext12/data/res/values-lo-watch: Cannot utime: Operation not permitted
build	Cache Android SDK	2026-06-06T12:22:43.2391432Z /usr/bin/tar: ../../../../../usr/local/lib/android/sdk/platforms/android-34-ext12/data/res/values-lo-watch: Cannot change mode to rwxr-xr-x: Operation not permitted
build	Cache Android SDK	2026-06-06T12:22:43.2394126Z /usr/bin/tar: ../../../../../usr/local/lib/android/sdk/platforms/android-34-ext12/data/res/values-mcc310-mnc240-sw: Cannot utime: Operation not permitted
build	Cache Android SDK	2026-06-06T12:22:43.2394756Z /usr/bin/tar: ../../../../../usr/local/lib/android/sdk/platforms/android-34-ext12/data/res/values-mcc310-mnc240-sw: Cannot change mode to rwxr-xr-x: Operation not permitted
build	Cache Android SDK	2026-06-06T12:22:43.2397611Z /usr/bin/tar: ../../../../../usr/local/lib/android/sdk/platforms/android-34-ext12/data/res/values-mcc310-mnc200-vi: Cannot utime: Operation not permitted
build	Cache Android SDK	2026-06-06T12:22:43.2398080Z /usr/bin/tar: ../../../../../usr/local/lib/android/sdk/platforms/android-34-ext12/data/res/values-mcc310-mnc200-vi: Cannot change mode to rwxr-xr-x: Operation not permitted
build	Cache Android SDK	2026-06-06T12:22:43.2400990Z /usr/bin/tar: ../../../../../usr/local/lib/android/sdk/platforms/android-34-ext12/data/res/values-mcc310-mnc030-is: Cannot utime: Operation not permitted
build	Cache Android SDK	2026-06-06T12:22:43.2401460Z /usr/bin/tar: ../../../../../usr/local/lib/android/sdk/platforms/android-34-ext12/data/res/values-mcc310-mnc030-is: Cannot change mode to rwxr-xr-x: Operation not permitted
build	Cache Android SDK	2026-06-06T12:22:43.2403971Z /usr/bin/tar: ../../../../../usr/local/lib/android/sdk/platforms/android-34-ext12/data/res/values-mcc302-mnc720-it: Cannot utime: Operation not permitted
build	Cache Android SDK	2026-06-06T12:22:43.2404444Z /usr/bin/tar: ../../../../../usr/local/lib/android/sdk/platforms/android-34-ext12/data/res/values-mcc302-mnc720-it: Cannot change mode to rwxr-xr-x: Operation not permitted
build	Cache Android SDK	2026-06-06T12:22:43.2407041Z /usr/bin/tar: ../../../../../usr/local/lib/android/sdk/platforms/android-34-ext12/data/res/values-mcc310-mnc160-zh-rHK: Cannot utime: Operation not permitted
build	Cache Android SDK	2026-06-06T12:22:43.2407630Z /usr/bin/tar: ../../../../../usr/local/lib/android/sdk/platforms/android-34-ext12/data/res/values-mcc310-mnc160-zh-rHK: Cannot change mode to rwxr-xr-x: Operation not permitted
build	Cache Android SDK	2026-06-06T12:22:43.2410282Z /usr/bin/tar: ../../../../../usr/local/lib/android/sdk/platforms/android-34-ext12/data/res/values-mcc310-mnc410-vi: Cannot utime: Operation not permitted
build	Cache Android SDK	2026-06-06T12:22:43.2410743Z /usr/bin/tar: ../../../../../usr/local/lib/android/sdk/platforms/android-34-ext12/data/res/values-mcc310-mnc410-vi: Cannot change mode to rwxr-xr-x: Operation not permitted
build	Cache Android SDK	2026-06-06T12:22:43.2413901Z /usr/bin/tar: ../../../../../usr/local/lib/android/sdk/platforms/android-34-ext12/data/res/values-mcc311-mnc180-fa: Cannot utime: Operation not permitted
build	Cache Android SDK	2026-06-06T12:22:43.2414444Z /usr/bin/tar: ../../../../../usr/local/lib/android/sdk/platforms/android-34-ext12/data/res/values-mcc311-mnc180-fa: Cannot change mode to rwxr-xr-x: Operation not permitted
build	Cache Android SDK	2026-06-06T12:22:43.2416887Z /usr/bin/tar: ../../../../../usr/local/lib/android/sdk/platforms/android-34-ext12/data/res/values-mcc310-mnc150-th: Cannot utime: Operation not permitted
build	Cache Android SDK	2026-06-06T12:22:43.2417340Z /usr/bin/tar: ../../../../../usr/local/lib/android/sdk/platforms/android-34-ext12/data/res/values-mcc310-mnc150-th: Cannot change mode to rwxr-xr-x: Operation not permitted
build	Cache Android SDK	2026-06-06T12:22:43.2421505Z /usr/bin/tar: ../../../../../usr/local/lib/android/sdk/platforms/android-34-ext12/data/res/values-mcc001-mnc01-az: Cannot utime: Operation not permitted
build	Cache Android SDK	2026-06-06T12:22:43.2422193Z /usr/bin/tar: ../../../../../usr/local/lib/android/sdk/platforms/android-34-ext12/data/res/values-mcc001-mnc01-az: Cannot change mode to rwxr-xr-x: Operation not permitted
build	Cache Android SDK	2026-06-06T12:22:43.2424186Z /usr/bin/tar: ../../../../../usr/local/lib/android/sdk/platforms/android-34-ext12/data/res/values-mcc310-mnc660-lt: Cannot utime: Operation not permitted
build	Cache Android SDK	2026-06-06T12:22:43.2424670Z /usr/bin/tar: ../../../../../usr/local/lib/android/sdk/platforms/android-34-ext12/data/res/values-mcc310-mnc660-lt: Cannot change mode to rwxr-xr-x: Operation not permitted
build	Cache Android SDK	2026-06-06T12:22:43.2427620Z /usr/bin/tar: ../../../../../usr/local/lib/android/sdk/platforms/android-34-ext12/data/res/values-mcc310-mnc490-zh-rTW: Cannot utime: Operation not permitted
build	Cache Android SDK	2026-06-06T12:22:43.2428135Z /usr/bin/tar: ../../../../../usr/local/lib/android/sdk/platforms/android-34-ext12/data/res/values-mcc310-mnc490-zh-rTW: Cannot change mode to rwxr-xr-x: Operation not permitted
build	Cache Android SDK	2026-06-06T12:22:43.2430968Z /usr/bin/tar: ../../../../../usr/local/lib/android/sdk/platforms/android-34-ext12/data/res/values-mcc311-mnc180-hy: Cannot utime: Operation not permitted
build	Cache Android SDK	2026-06-06T12:22:43.2431463Z /usr/bin/tar: ../../../../../usr/local/lib/android/sdk/platforms/android-34-ext12/data/res/values-mcc311-mnc180-hy: Cannot change mode to rwxr-xr-x: Operation not permitted
build	Cache Android SDK	2026-06-06T12:22:43.2433856Z /usr/bin/tar: ../../../../../usr/local/lib/android/sdk/platforms/android-34-ext12/data/res/values-mcc310-mnc490-ja: Cannot utime: Operation not permitted
build	Cache Android SDK	2026-06-06T12:22:43.2434335Z /usr/bin/tar: ../../../../../usr/local/lib/android/sdk/platforms/android-34-ext12/data/res/values-mcc310-mnc490-ja: Cannot change mode to rwxr-xr-x: Operation not permitted
build	Cache Android SDK	2026-06-06T12:22:43.2437135Z /usr/bin/tar: ../../../../../usr/local/lib/android/sdk/platforms/android-34-ext12/data/res/values-mcc310-mnc560-te: Cannot utime: Operation not permitted
build	Cache Android SDK	2026-06-06T12:22:43.2437774Z /usr/bin/tar: ../../../../../usr/local/lib/android/sdk/platforms/android-34-ext12/data/res/values-mcc310-mnc560-te: Cannot change mode to rwxr-xr-x: Operation not permitted
build	Cache Android SDK	2026-06-06T12:22:43.2443273Z /usr/bin/tar: ../../../../../usr/local/lib/android/sdk/platforms/android-34-ext12/data/res/values-mcc310-mnc310-iw: Cannot utime: Operation not permitted
build	Cache Android SDK	2026-06-06T12:22:43.2443754Z /usr/bin/tar: ../../../../../usr/local/lib/android/sdk/platforms/android-34-ext12/data/res/values-mcc310-mnc310-iw: Cannot change mode to rwxr-xr-x: Operation not permitted
build	Cache Android SDK	2026-06-06T12:22:43.2446593Z /usr/bin/tar: ../../../../../usr/local/lib/android/sdk/platforms/android-34-ext12/data/res/values-sw-television: Cannot utime: Operation not permitted
build	Cache Android SDK	2026-06-06T12:22:43.2447066Z /usr/bin/tar: ../../../../../usr/local/lib/android/sdk/platforms/android-34-ext12/data/res/values-sw-television: Cannot change mode to rwxr-xr-x: Operation not permitted
build	Cache Android SDK	2026-06-06T12:22:43.2450003Z /usr/bin/tar: ../../../../../usr/local/lib/android/sdk/platforms/android-34-ext12/data/res/values-mcc310-mnc250-kk: Cannot utime: Operation not permitted
build	Cache Android SDK	2026-06-06T12:22:43.2450473Z /usr/bin/tar: ../../../../../usr/local/lib/android/sdk/platforms/android-34-ext12/data/res/values-mcc310-mnc250-kk: Cannot change mode to rwxr-xr-x: Operation not permitted
build	Cache Android SDK	2026-06-06T12:22:43.2453361Z /usr/bin/tar: ../../../../../usr/local/lib/android/sdk/platforms/android-34-ext12/data/res/values-mcc310-mnc030-th: Cannot utime: Operation not permitted
build	Cache Android SDK	2026-06-06T12:22:43.2453939Z /usr/bin/tar: ../../../../../usr/local/lib/android/sdk/platforms/android-34-ext12/data/res/values-mcc310-mnc030-th: Cannot change mode to rwxr-xr-x: Operation not permitted
build	Cache Android SDK	2026-06-06T12:22:43.2456818Z /usr/bin/tar: ../../../../../usr/local/lib/android/sdk/platforms/android-34-ext12/data/res/values-lt-rLT: Cannot utime: Operation not permitted
build	Cache Android SDK	2026-06-06T12:22:43.2457261Z /usr/bin/tar: ../../../../../usr/local/lib/android/sdk/platforms/android-34-ext12/data/res/values-lt-rLT: Cannot change mode to rwxr-xr-x: Operation not permitted
build	Cache Android SDK	2026-06-06T12:22:43.2459607Z /usr/bin/tar: ../../../../../usr/local/lib/android/sdk/platforms/android-34-ext12/data/res/values-mcc310-mnc800-ar: Cannot utime: Operation not permitted
build	Cache Android SDK	2026-06-06T12:22:43.2460271Z /usr/bin/tar: ../../../../../usr/local/lib/android/sdk/platforms/android-34-ext12/data/res/values-mcc310-mnc800-ar: Cannot change mode to rwxr-xr-x: Operation not permitted
build	Cache Android SDK	2026-06-06T12:22:43.2462612Z /usr/bin/tar: ../../../../../usr/local/lib/android/sdk/platforms/android-34-ext12/data/res/values-mcc310-mnc410-eu: Cannot utime: Operation not permitted
build	Cache Android SDK	2026-06-06T12:22:43.2463074Z /usr/bin/tar: ../../../../../usr/local/lib/android/sdk/platforms/android-34-ext12/data/res/values-mcc310-mnc410-eu: Cannot change mode to rwxr-xr-x: Operation not permitted
build	Cache Android SDK	2026-06-06T12:22:43.2465565Z /usr/bin/tar: ../../../../../usr/local/lib/android/sdk/platforms/android-34-ext12/data/res/values-mcc310-mnc560-hr: Cannot utime: Operation not permitted
build	Cache Android SDK	2026-06-06T12:22:43.2466029Z /usr/bin/tar: ../../../../../usr/local/lib/android/sdk/platforms/android-34-ext12/data/res/values-mcc310-mnc560-hr: Cannot change mode to rwxr-xr-x: Operation not permitted
build	Cache Android SDK	2026-06-06T12:22:43.2473562Z /usr/bin/tar: ../../../../../usr/local/lib/android/sdk/platforms/android-34-ext12/data/res/anim-ldrtl: Cannot utime: Operation not permitted
build	Cache Android SDK	2026-06-06T12:22:43.2474110Z /usr/bin/tar: ../../../../../usr/local/lib/android/sdk/platforms/android-34-ext12/data/res/anim-ldrtl: Cannot change mode to rwxr-xr-x: Operation not permitted
build	Cache Android SDK	2026-06-06T12:22:43.2484908Z /usr/bin/tar: ../../../../../usr/local/lib/android/sdk/platforms/android-34-ext12/data/res/values-mk: Cannot utime: Operation not permitted
build	Cache Android SDK	2026-06-06T12:22:43.2485646Z /usr/bin/tar: ../../../../../usr/local/lib/android/sdk/platforms/android-34-ext12/data/res/values-mk: Cannot change mode to rwxr-xr-x: Operation not permitted
build	Cache Android SDK	2026-06-06T12:22:43.2486346Z /usr/bin/tar: ../../../../../usr/local/lib/android/sdk/platforms/android-34-ext12/data/res/values-mcc310-mnc030-ja: Cannot utime: Operation not permitted
build	Cache Android SDK	2026-06-06T12:22:43.2487159Z /usr/bin/tar: ../../../../../usr/local/lib/android/sdk/platforms/android-34-ext12/data/res/values-mcc310-mnc030-ja: Cannot change mode to rwxr-xr-x: Operation not permitted
build	Cache Android SDK	2026-06-06T12:22:43.2487852Z /usr/bin/tar: ../../../../../usr/local/lib/android/sdk/platforms/android-34-ext12/data/res/values-mcc310-mnc160-ro: Cannot utime: Operation not permitted
build	Cache Android SDK	2026-06-06T12:22:43.2488326Z /usr/bin/tar: ../../../../../usr/local/lib/android/sdk/platforms/android-34-ext12/data/res/values-mcc310-mnc160-ro: Cannot change mode to rwxr-xr-x: Operation not permitted
build	Cache Android SDK	2026-06-06T12:22:43.2491716Z /usr/bin/tar: ../../../../../usr/local/lib/android/sdk/platforms/android-34-ext12/data/res/values-mcc310-mnc200-sk: Cannot utime: Operation not permitted
build	Cache Android SDK	2026-06-06T12:22:43.2492191Z /usr/bin/tar: ../../../../../usr/local/lib/android/sdk/platforms/android-34-ext12/data/res/values-mcc310-mnc200-sk: Cannot change mode to rwxr-xr-x: Operation not permitted
build	Cache Android SDK	2026-06-06T12:22:43.2495165Z /usr/bin/tar: ../../../../../usr/local/lib/android/sdk/platforms/android-34-ext12/data/res/values-mcc310-mnc660-sl: Cannot utime: Operation not permitted
build	Cache Android SDK	2026-06-06T12:22:43.2495653Z /usr/bin/tar: ../../../../../usr/local/lib/android/sdk/platforms/android-34-ext12/data/res/values-mcc310-mnc660-sl: Cannot change mode to rwxr-xr-x: Operation not permitted
build	Cache Android SDK	2026-06-06T12:22:43.2498568Z /usr/bin/tar: ../../../../../usr/local/lib/android/sdk/platforms/android-34-ext12/data/res/values-mcc310-mnc200-eu: Cannot utime: Operation not permitted
build	Cache Android SDK	2026-06-06T12:22:43.2499034Z /usr/bin/tar: ../../../../../usr/local/lib/android/sdk/platforms/android-34-ext12/data/res/values-mcc310-mnc200-eu: Cannot change mode to rwxr-xr-x: Operation not permitted
build	Cache Android SDK	2026-06-06T12:22:43.2501778Z /usr/bin/tar: ../../../../../usr/local/lib/android/sdk/platforms/android-34-ext12/data/res/values-mcc334-mnc020-sq: Cannot utime: Operation not permitted
build	Cache Android SDK	2026-06-06T12:22:43.2502254Z /usr/bin/tar: ../../../../../usr/local/lib/android/sdk/platforms/android-34-ext12/data/res/values-mcc334-mnc020-sq: Cannot change mode to rwxr-xr-x: Operation not permitted
build	Cache Android SDK	2026-06-06T12:22:43.2504832Z /usr/bin/tar: ../../../../../usr/local/lib/android/sdk/platforms/android-34-ext12/data/res/values-mcc310-mnc220-fa: Cannot utime: Operation not permitted
build	Cache Android SDK	2026-06-06T12:22:43.2505453Z /usr/bin/tar: ../../../../../usr/local/lib/android/sdk/platforms/android-34-ext12/data/res/values-mcc310-mnc220-fa: Cannot change mode to rwxr-xr-x: Operation not permitted
build	Cache Android SDK	2026-06-06T12:22:43.2510786Z /usr/bin/tar: ../../../../../usr/local/lib/android/sdk/platforms/android-34-ext12/data/res/values-mcc313-mnc100-ml: Cannot utime: Operation not permitted
build	Cache Android SDK	2026-06-06T12:22:43.2511251Z /usr/bin/tar: ../../../../../usr/local/lib/android/sdk/platforms/android-34-ext12/data/res/values-mcc313-mnc100-ml: Cannot change mode to rwxr-xr-x: Operation not permitted
build	Cache Android SDK	2026-06-06T12:22:43.2514240Z /usr/bin/tar: ../../../../../usr/local/lib/android/sdk/platforms/android-34-ext12/data/res/values-mcc310-mnc280-pa: Cannot utime: Operation not permitted
build	Cache Android SDK	2026-06-06T12:22:43.2514915Z /usr/bin/tar: ../../../../../usr/local/lib/android/sdk/platforms/android-34-ext12/data/res/values-mcc310-mnc280-pa: Cannot change mode to rwxr-xr-x: Operation not permitted
build	Cache Android SDK	2026-06-06T12:22:43.2518154Z /usr/bin/tar: ../../../../../usr/local/lib/android/sdk/platforms/android-34-ext12/data/res/values-mcc310-mnc160-sw: Cannot utime: Operation not permitted
build	Cache Android SDK	2026-06-06T12:22:43.2518634Z /usr/bin/tar: ../../../../../usr/local/lib/android/sdk/platforms/android-34-ext12/data/res/values-mcc310-mnc160-sw: Cannot change mode to rwxr-xr-x: Operation not permitted
build	Cache Android SDK	2026-06-06T12:22:43.2521411Z /usr/bin/tar: ../../../../../usr/local/lib/android/sdk/platforms/android-34-ext12/data/res/values-mcc310-mnc800-nl: Cannot utime: Operation not permitted
build	Cache Android SDK	2026-06-06T12:22:43.2521881Z /usr/bin/tar: ../../../../../usr/local/lib/android/sdk/platforms/android-34-ext12/data/res/values-mcc310-mnc800-nl: Cannot change mode to rwxr-xr-x: Operation not permitted
build	Cache Android SDK	2026-06-06T12:22:43.2525568Z /usr/bin/tar: ../../../../../usr/local/lib/android/sdk/platforms/android-34-ext12/data/res/raw-pl: Cannot utime: Operation not permitted
build	Cache Android SDK	2026-06-06T12:22:43.2526007Z /usr/bin/tar: ../../../../../usr/local/lib/android/sdk/platforms/android-34-ext12/data/res/raw-pl: Cannot change mode to rwxr-xr-x: Operation not permitted
build	Cache Android SDK	2026-06-06T12:22:43.2529126Z /usr/bin/tar: ../../../../../usr/local/lib/android/sdk/platforms/android-34-ext12/data/res/values-mcc310-mnc950-sw: Cannot utime: Operation not permitted
build	Cache Android SDK	2026-06-06T12:22:43.2530192Z /usr/bin/tar: ../../../../../usr/local/lib/android/sdk/platforms/android-34-ext12/data/res/values-mcc310-mnc950-sw: Cannot change mode to rwxr-xr-x: Operation not permitted
build	Cache Android SDK	2026-06-06T12:22:43.2533003Z /usr/bin/tar: ../../../../../usr/local/lib/android/sdk/platforms/android-34-ext12/data/res/values-mcc310-mnc170-en-rAU: Cannot utime: Operation not permitted
build	Cache Android SDK	2026-06-06T12:22:43.2534828Z /usr/bin/tar: ../../../../../usr/local/lib/android/sdk/platforms/android-34-ext12/data/res/values-mcc310-mnc170-en-rAU: Cannot change mode to rwxr-xr-x: Operation not permitted
build	Cache Android SDK	2026-06-06T12:22:43.2549730Z /usr/bin/tar: ../../../../../usr/local/lib/android/sdk/platforms/android-34-ext12/data/res/drawable-land-ldpi: Cannot utime: Operation not permitted
build	Cache Android SDK	2026-06-06T12:22:43.2551707Z /usr/bin/tar: ../../../../../usr/local/lib/android/sdk/platforms/android-34-ext12/data/res/drawable-land-ldpi: Cannot change mode to rwxr-xr-x: Operation not permitted
build	Cache Android SDK	2026-06-06T12:22:43.2553747Z /usr/bin/tar: ../../../../../usr/local/lib/android/sdk/platforms/android-34-ext12/data/res/values-mcc311-mnc180-cs: Cannot utime: Operation not permitted
build	Cache Android SDK	2026-06-06T12:22:43.2554860Z /usr/bin/tar: ../../../../../usr/local/lib/android/sdk/platforms/android-34-ext12/data/res/values-mcc311-mnc180-cs: Cannot change mode to rwxr-xr-x: Operation not permitted
build	Cache Android SDK	2026-06-06T12:22:43.2557925Z /usr/bin/tar: ../../../../../usr/local/lib/android/sdk/platforms/android-34-ext12/data/res/values-mcc312-mnc670-sk: Cannot utime: Operation not permitted
build	Cache Android SDK	2026-06-06T12:22:43.2559054Z /usr/bin/tar: ../../../../../usr/local/lib/android/sdk/platforms/android-34-ext12/data/res/values-mcc312-mnc670-sk: Cannot change mode to rwxr-xr-x: Operation not permitted
build	Cache Android SDK	2026-06-06T12:22:43.2561477Z /usr/bin/tar: ../../../../../usr/local/lib/android/sdk/platforms/android-34-ext12/data/res/values-mcc302-mnc720-pl: Cannot utime: Operation not permitted
build	Cache Android SDK	2026-06-06T12:22:43.2563515Z /usr/bin/tar: ../../../../../usr/local/lib/android/sdk/platforms/android-34-ext12/data/res/values-mcc302-mnc720-pl: Cannot change mode to rwxr-xr-x: Operation not permitted
build	Cache Android SDK	2026-06-06T12:22:43.2566239Z /usr/bin/tar: ../../../../../usr/local/lib/android/sdk/platforms/android-34-ext12/data/res/values-mcc310-mnc200-zh-rCN: Cannot utime: Operation not permitted
build	Cache Android SDK	2026-06-06T12:22:43.2567722Z /usr/bin/tar: ../../../../../usr/local/lib/android/sdk/platforms/android-34-ext12/data/res/values-mcc310-mnc200-zh-rCN: Cannot change mode to rwxr-xr-x: Operation not permitted
build	Cache Android SDK	2026-06-06T12:22:43.2569459Z /usr/bin/tar: ../../../../../usr/local/lib/android/sdk/platforms/android-34-ext12/data/res/values-mcc310-mnc220-sr: Cannot utime: Operation not permitted
build	Cache Android SDK	2026-06-06T12:22:43.2570802Z /usr/bin/tar: ../../../../../usr/local/lib/android/sdk/platforms/android-34-ext12/data/res/values-mcc310-mnc220-sr: Cannot change mode to rwxr-xr-x: Operation not permitted
build	Cache Android SDK	2026-06-06T12:22:43.2572526Z /usr/bin/tar: ../../../../../usr/local/lib/android/sdk/platforms/android-34-ext12/data/res/values-mcc310-mnc160-tr: Cannot utime: Operation not permitted
build	Cache Android SDK	2026-06-06T12:22:43.2573658Z /usr/bin/tar: ../../../../../usr/local/lib/android/sdk/platforms/android-34-ext12/data/res/values-mcc310-mnc160-tr: Cannot change mode to rwxr-xr-x: Operation not permitted
build	Cache Android SDK	2026-06-06T12:22:43.2575453Z /usr/bin/tar: ../../../../../usr/local/lib/android/sdk/platforms/android-34-ext12/data/res/values-pt-rPT-watch: Cannot utime: Operation not permitted
build	Cache Android SDK	2026-06-06T12:22:43.2576577Z /usr/bin/tar: ../../../../../usr/local/lib/android/sdk/platforms/android-34-ext12/data/res/values-pt-rPT-watch: Cannot change mode to rwxr-xr-x: Operation not permitted
build	Cache Android SDK	2026-06-06T12:22:43.2579207Z /usr/bin/tar: ../../../../../usr/local/lib/android/sdk/platforms/android-34-ext12/data/res/values-mcc310-mnc410-zh-rTW: Cannot utime: Operation not permitted
build	Cache Android SDK	2026-06-06T12:22:43.2580356Z /usr/bin/tar: ../../../../../usr/local/lib/android/sdk/platforms/android-34-ext12/data/res/values-mcc310-mnc410-zh-rTW: Cannot change mode to rwxr-xr-x: Operation not permitted
build	Cache Android SDK	2026-06-06T12:22:43.2582333Z /usr/bin/tar: ../../../../../usr/local/lib/android/sdk/platforms/android-34-ext12/data/res/values-mcc334-mnc020-sr: Cannot utime: Operation not permitted
build	Cache Android SDK	2026-06-06T12:22:43.2583449Z /usr/bin/tar: ../../../../../usr/local/lib/android/sdk/platforms/android-34-ext12/data/res/values-mcc334-mnc020-sr: Cannot change mode to rwxr-xr-x: Operation not permitted
build	Cache Android SDK	2026-06-06T12:22:43.2585634Z /usr/bin/tar: ../../../../../usr/local/lib/android/sdk/platforms/android-34-ext12/data/res/values-mcc310-mnc240-fi: Cannot utime: Operation not permitted
build	Cache Android SDK	2026-06-06T12:22:43.2586758Z /usr/bin/tar: ../../../../../usr/local/lib/android/sdk/platforms/android-34-ext12/data/res/values-mcc310-mnc240-fi: Cannot change mode to rwxr-xr-x: Operation not permitted
build	Cache Android SDK	2026-06-06T12:22:43.2589412Z /usr/bin/tar: ../../../../../usr/local/lib/android/sdk/platforms/android-34-ext12/data/res/values-mcc310-mnc560-sr: Cannot utime: Operation not permitted
build	Cache Android SDK	2026-06-06T12:22:43.2590497Z /usr/bin/tar: ../../../../../usr/local/lib/android/sdk/platforms/android-34-ext12/data/res/values-mcc310-mnc560-sr: Cannot change mode to rwxr-xr-x: Operation not permitted
build	Cache Android SDK	2026-06-06T12:22:43.2592541Z /usr/bin/tar: ../../../../../usr/local/lib/android/sdk/platforms/android-34-ext12/data/res/values-da-rDK: Cannot utime: Operation not permitted
build	Cache Android SDK	2026-06-06T12:22:43.2593591Z /usr/bin/tar: ../../../../../usr/local/lib/android/sdk/platforms/android-34-ext12/data/res/values-da-rDK: Cannot change mode to rwxr-xr-x: Operation not permitted
build	Cache Android SDK	2026-06-06T12:22:43.2596708Z /usr/bin/tar: ../../../../../usr/local/lib/android/sdk/platforms/android-34-ext12/data/res/values-mcc310-mnc410-gu: Cannot utime: Operation not permitted
build	Cache Android SDK	2026-06-06T12:22:43.2598840Z /usr/bin/tar: ../../../../../usr/local/lib/android/sdk/platforms/android-34-ext12/data/res/values-mcc310-mnc410-gu: Cannot change mode to rwxr-xr-x: Operation not permitted
build	Cache Android SDK	2026-06-06T12:22:43.2601107Z /usr/bin/tar: ../../../../../usr/local/lib/android/sdk/platforms/android-34-ext12/data/res/values-mcc334-mnc020-ka: Cannot utime: Operation not permitted
build	Cache Android SDK	2026-06-06T12:22:43.2603084Z /usr/bin/tar: ../../../../../usr/local/lib/android/sdk/platforms/android-34-ext12/data/res/values-mcc334-mnc020-ka: Cannot change mode to rwxr-xr-x: Operation not permitted
build	Cache Android SDK	2026-06-06T12:22:43.2604721Z /usr/bin/tar: ../../../../../usr/local/lib/android/sdk/platforms/android-34-ext12/data/res/values-mcc310-mnc560-nb: Cannot utime: Operation not permitted
build	Cache Android SDK	2026-06-06T12:22:43.2606436Z /usr/bin/tar: ../../../../../usr/local/lib/android/sdk/platforms/android-34-ext12/data/res/values-mcc310-mnc560-nb: Cannot change mode to rwxr-xr-x: Operation not permitted
build	Cache Android SDK	2026-06-06T12:22:43.2608809Z /usr/bin/tar: ../../../../../usr/local/lib/android/sdk/platforms/android-34-ext12/data/res/values-mcc310-mnc240-en-rGB: Cannot utime: Operation not permitted
build	Cache Android SDK	2026-06-06T12:22:43.2610612Z /usr/bin/tar: ../../../../../usr/local/lib/android/sdk/platforms/android-34-ext12/data/res/values-mcc310-mnc240-en-rGB: Cannot change mode to rwxr-xr-x: Operation not permitted
build	Cache Android SDK	2026-06-06T12:22:43.2612540Z /usr/bin/tar: ../../../../../usr/local/lib/android/sdk/platforms/android-34-ext12/data/res/values-mcc310-mnc380-zh-rTW: Cannot utime: Operation not permitted
build	Cache Android SDK	2026-06-06T12:22:43.2614345Z /usr/bin/tar: ../../../../../usr/local/lib/android/sdk/platforms/android-34-ext12/data/res/values-mcc310-mnc380-zh-rTW: Cannot change mode to rwxr-xr-x: Operation not permitted
build	Cache Android SDK	2026-06-06T12:22:43.2616154Z /usr/bin/tar: ../../../../../usr/local/lib/android/sdk/platforms/android-34-ext12/data/res/values-mcc310-mnc210-sr: Cannot utime: Operation not permitted
build	Cache Android SDK	2026-06-06T12:22:43.2618323Z /usr/bin/tar: ../../../../../usr/local/lib/android/sdk/platforms/android-34-ext12/data/res/values-mcc310-mnc210-sr: Cannot change mode to rwxr-xr-x: Operation not permitted
build	Cache Android SDK	2026-06-06T12:22:43.2620666Z /usr/bin/tar: ../../../../../usr/local/lib/android/sdk/platforms/android-34-ext12/data/res/values-mcc310-mnc380-as: Cannot utime: Operation not permitted
build	Cache Android SDK	2026-06-06T12:22:43.2622378Z /usr/bin/tar: ../../../../../usr/local/lib/android/sdk/platforms/android-34-ext12/data/res/values-mcc310-mnc380-as: Cannot change mode to rwxr-xr-x: Operation not permitted
build	Cache Android SDK	2026-06-06T12:22:43.2624434Z /usr/bin/tar: ../../../../../usr/local/lib/android/sdk/platforms/android-34-ext12/data/res/values-mcc312-mnc670-nb: Cannot utime: Operation not permitted
build	Cache Android SDK	2026-06-06T12:22:43.2626206Z /usr/bin/tar: ../../../../../usr/local/lib/android/sdk/platforms/android-34-ext12/data/res/values-mcc312-mnc670-nb: Cannot change mode to rwxr-xr-x: Operation not permitted
build	Cache Android SDK	2026-06-06T12:22:43.2628542Z /usr/bin/tar: ../../../../../usr/local/lib/android/sdk/platforms/android-34-ext12/data/res/values-mcc302-mnc370-bg: Cannot utime: Operation not permitted
build	Cache Android SDK	2026-06-06T12:22:43.2630413Z /usr/bin/tar: ../../../../../usr/local/lib/android/sdk/platforms/android-34-ext12/data/res/values-mcc302-mnc370-bg: Cannot change mode to rwxr-xr-x: Operation not permitted
build	Cache Android SDK	2026-06-06T12:22:43.2631742Z /usr/bin/tar: ../../../../../usr/local/lib/android/sdk/platforms/android-34-ext12/data/res/values-mcc310-mnc200-it: Cannot utime: Operation not permitted
build	Cache Android SDK	2026-06-06T12:22:43.2632793Z /usr/bin/tar: ../../../../../usr/local/lib/android/sdk/platforms/android-34-ext12/data/res/values-mcc310-mnc200-it: Cannot change mode to rwxr-xr-x: Operation not permitted
build	Cache Android SDK	2026-06-06T12:22:43.2641199Z /usr/bin/tar: ../../../../../usr/local/lib/android/sdk/platforms/android-34-ext12/data/res/values-w211dp: Cannot utime: Operation not permitted
build	Cache Android SDK	2026-06-06T12:22:43.2642466Z /usr/bin/tar: ../../../../../usr/local/lib/android/sdk/platforms/android-34-ext12/data/res/values-w211dp: Cannot change mode to rwxr-xr-x: Operation not permitted
build	Cache Android SDK	2026-06-06T12:22:43.2643770Z /usr/bin/tar: ../../../../../usr/local/lib/android/sdk/platforms/android-34-ext12/data/res/values-sk-watch: Cannot utime: Operation not permitted
build	Cache Android SDK	2026-06-06T12:22:43.2645493Z /usr/bin/tar: ../../../../../usr/local/lib/android/sdk/platforms/android-34-ext12/data/res/values-sk-watch: Cannot change mode to rwxr-xr-x: Operation not permitted
build	Cache Android SDK	2026-06-06T12:22:43.2646726Z /usr/bin/tar: ../../../../../usr/local/lib/android/sdk/platforms/android-34-ext12/data/res/values-mcc310-mnc030-te: Cannot utime: Operation not permitted
build	Cache Android SDK	2026-06-06T12:22:43.2648382Z /usr/bin/tar: ../../../../../usr/local/lib/android/sdk/platforms/android-34-ext12/data/res/values-mcc310-mnc030-te: Cannot change mode to rwxr-xr-x: Operation not permitted
build	Cache Android SDK	2026-06-06T12:22:43.2650719Z /usr/bin/tar: ../../../../../usr/local/lib/android/sdk/platforms/android-34-ext12/data/res/values-mcc310-mnc250-es: Cannot utime: Operation not permitted
build	Cache Android SDK	2026-06-06T12:22:43.2652942Z /usr/bin/tar: ../../../../../usr/local/lib/android/sdk/platforms/android-34-ext12/data/res/values-mcc310-mnc250-es: Cannot change mode to rwxr-xr-x: Operation not permitted
build	Cache Android SDK	2026-06-06T12:22:43.2654943Z /usr/bin/tar: ../../../../../usr/local/lib/android/sdk/platforms/android-34-ext12/data/res/values-th-television: Cannot utime: Operation not permitted
build	Cache Android SDK	2026-06-06T12:22:43.2656784Z /usr/bin/tar: ../../../../../usr/local/lib/android/sdk/platforms/android-34-ext12/data/res/values-th-television: Cannot change mode to rwxr-xr-x: Operation not permitted
build	Cache Android SDK	2026-06-06T12:22:43.2658806Z /usr/bin/tar: ../../../../../usr/local/lib/android/sdk/platforms/android-34-ext12/data/res/values-mcc310-mnc160-es: Cannot utime: Operation not permitted
build	Cache Android SDK	2026-06-06T12:22:43.2660658Z /usr/bin/tar: ../../../../../usr/local/lib/android/sdk/platforms/android-34-ext12/data/res/values-mcc310-mnc160-es: Cannot change mode to rwxr-xr-x: Operation not permitted
build	Cache Android SDK	2026-06-06T12:22:43.2662518Z /usr/bin/tar: ../../../../../usr/local/lib/android/sdk/platforms/android-34-ext12/data/res/values-ko-rKR: Cannot utime: Operation not permitted
build	Cache Android SDK	2026-06-06T12:22:43.2664237Z /usr/bin/tar: ../../../../../usr/local/lib/android/sdk/platforms/android-34-ext12/data/res/values-ko-rKR: Cannot change mode to rwxr-xr-x: Operation not permitted
build	Cache Android SDK	2026-06-06T12:22:43.2666048Z /usr/bin/tar: ../../../../../usr/local/lib/android/sdk/platforms/android-34-ext12/data/res/values-mcc310-mnc310-sl: Cannot utime: Operation not permitted
build	Cache Android SDK	2026-06-06T12:22:43.2667926Z /usr/bin/tar: ../../../../../usr/local/lib/android/sdk/platforms/android-34-ext12/data/res/values-mcc310-mnc310-sl: Cannot change mode to rwxr-xr-x: Operation not permitted
build	Cache Android SDK	2026-06-06T12:22:43.2669834Z /usr/bin/tar: ../../../../../usr/local/lib/android/sdk/platforms/android-34-ext12/data/res/values-mcc001-mnc01-zh-rCN: Cannot utime: Operation not permitted
build	Cache Android SDK	2026-06-06T12:22:43.2672167Z /usr/bin/tar: ../../../../../usr/local/lib/android/sdk/platforms/android-34-ext12/data/res/values-mcc001-mnc01-zh-rCN: Cannot change mode to rwxr-xr-x: Operation not permitted
build	Cache Android SDK	2026-06-06T12:22:43.2673885Z /usr/bin/tar: ../../../../../usr/local/lib/android/sdk/platforms/android-34-ext12/data/res/values-mcc310-mnc220: Cannot utime: Operation not permitted
build	Cache Android SDK	2026-06-06T12:22:43.2674991Z /usr/bin/tar: ../../../../../usr/local/lib/android/sdk/platforms/android-34-ext12/data/res/values-mcc310-mnc220: Cannot change mode to rwxr-xr-x: Operation not permitted
build	Cache Android SDK	2026-06-06T12:22:43.2675957Z /usr/bin/tar: ../../../../../usr/local/lib/android/sdk/platforms/android-34-ext12/data/res/values-mcc310-mnc220-hy: Cannot utime: Operation not permitted
build	Cache Android SDK	2026-06-06T12:22:43.2677513Z /usr/bin/tar: ../../../../../usr/local/lib/android/sdk/platforms/android-34-ext12/data/res/values-mcc310-mnc220-hy: Cannot change mode to rwxr-xr-x: Operation not permitted
build	Cache Android SDK	2026-06-06T12:22:43.2678521Z /usr/bin/tar: ../../../../../usr/local/lib/android/sdk/platforms/android-34-ext12/data/res/values-zu-watch: Cannot utime: Operation not permitted
build	Cache Android SDK	2026-06-06T12:22:43.2679699Z /usr/bin/tar: ../../../../../usr/local/lib/android/sdk/platforms/android-34-ext12/data/res/values-zu-watch: Cannot change mode to rwxr-xr-x: Operation not permitted
build	Cache Android SDK	2026-06-06T12:22:43.2680893Z /usr/bin/tar: ../../../../../usr/local/lib/android/sdk/platforms/android-34-ext12/data/res/values-mcc310-mnc560-b+sr+Latn: Cannot utime: Operation not permitted
build	Cache Android SDK	2026-06-06T12:22:43.2682116Z /usr/bin/tar: ../../../../../usr/local/lib/android/sdk/platforms/android-34-ext12/data/res/values-mcc310-mnc560-b+sr+Latn: Cannot change mode to rwxr-xr-x: Operation not permitted
build	Cache Android SDK	2026-06-06T12:22:43.2683582Z /usr/bin/tar: ../../../../../usr/local/lib/android/sdk/platforms/android-34-ext12/data/res/values-mcc310-mnc200-lo: Cannot utime: Operation not permitted
build	Cache Android SDK	2026-06-06T12:22:43.2684528Z /usr/bin/tar: ../../../../../usr/local/lib/android/sdk/platforms/android-34-ext12/data/res/values-mcc310-mnc200-lo: Cannot change mode to rwxr-xr-x: Operation not permitted
build	Cache Android SDK	2026-06-06T12:22:43.2685999Z /usr/bin/tar: ../../../../../usr/local/lib/android/sdk/platforms/android-34-ext12/data/res/values-mcc310-mnc150-it: Cannot utime: Operation not permitted
build	Cache Android SDK	2026-06-06T12:22:43.2687120Z /usr/bin/tar: ../../../../../usr/local/lib/android/sdk/platforms/android-34-ext12/data/res/values-mcc310-mnc150-it: Cannot change mode to rwxr-xr-x: Operation not permitted
build	Cache Android SDK	2026-06-06T12:22:43.2688878Z /usr/bin/tar: ../../../../../usr/local/lib/android/sdk/platforms/android-34-ext12/data/res/values-mcc310-mnc230-bs: Cannot utime: Operation not permitted
build	Cache Android SDK	2026-06-06T12:22:43.2689878Z /usr/bin/tar: ../../../../../usr/local/lib/android/sdk/platforms/android-34-ext12/data/res/values-mcc310-mnc230-bs: Cannot change mode to rwxr-xr-x: Operation not permitted
build	Cache Android SDK	2026-06-06T12:22:43.2692237Z /usr/bin/tar: ../../../../../usr/local/lib/android/sdk/platforms/android-34-ext12/data/res/values-mcc313-mnc100-az: Cannot utime: Operation not permitted
build	Cache Android SDK	2026-06-06T12:22:43.2693211Z /usr/bin/tar: ../../../../../usr/local/lib/android/sdk/platforms/android-34-ext12/data/res/values-mcc313-mnc100-az: Cannot change mode to rwxr-xr-x: Operation not permitted
build	Cache Android SDK	2026-06-06T12:22:43.2694659Z /usr/bin/tar: ../../../../../usr/local/lib/android/sdk/platforms/android-34-ext12/data/res/values-mcc310-mnc250-sl: Cannot utime: Operation not permitted
build	Cache Android SDK	2026-06-06T12:22:43.2695633Z /usr/bin/tar: ../../../../../usr/local/lib/android/sdk/platforms/android-34-ext12/data/res/values-mcc310-mnc250-sl: Cannot change mode to rwxr-xr-x: Operation not permitted
build	Cache Android SDK	2026-06-06T12:22:43.2698866Z /usr/bin/tar: ../../../../../usr/local/lib/android/sdk/platforms/android-34-ext12/data/res/values-mcc311-mnc180-ms: Cannot utime: Operation not permitted
build	Cache Android SDK	2026-06-06T12:22:43.2699813Z /usr/bin/tar: ../../../../../usr/local/lib/android/sdk/platforms/android-34-ext12/data/res/values-mcc311-mnc180-ms: Cannot change mode to rwxr-xr-x: Operation not permitted
build	Cache Android SDK	2026-06-06T12:22:43.2702048Z /usr/bin/tar: ../../../../../usr/local/lib/android/sdk/platforms/android-34-ext12/data/res/values-mcc310-mnc220-th: Cannot utime: Operation not permitted
build	Cache Android SDK	2026-06-06T12:22:43.2703006Z /usr/bin/tar: ../../../../../usr/local/lib/android/sdk/platforms/android-34-ext12/data/res/values-mcc310-mnc220-th: Cannot change mode to rwxr-xr-x: Operation not permitted
build	Cache Android SDK	2026-06-06T12:22:43.2705073Z /usr/bin/tar: ../../../../../usr/local/lib/android/sdk/platforms/android-34-ext12/data/res/values-mcc334-mnc020-ta: Cannot utime: Operation not permitted
build	Cache Android SDK	2026-06-06T12:22:43.2706033Z /usr/bin/tar: ../../../../../usr/local/lib/android/sdk/platforms/android-34-ext12/data/res/values-mcc334-mnc020-ta: Cannot change mode to rwxr-xr-x: Operation not permitted
build	Cache Android SDK	2026-06-06T12:22:43.2708533Z /usr/bin/tar: ../../../../../usr/local/lib/android/sdk/platforms/android-34-ext12/data/res/values-mcc302-mnc370-fr-rCA: Cannot utime: Operation not permitted
build	Cache Android SDK	2026-06-06T12:22:43.2709538Z /usr/bin/tar: ../../../../../usr/local/lib/android/sdk/platforms/android-34-ext12/data/res/values-mcc302-mnc370-fr-rCA: Cannot change mode to rwxr-xr-x: Operation not permitted
build	Cache Android SDK	2026-06-06T12:22:43.2711392Z /usr/bin/tar: ../../../../../usr/local/lib/android/sdk/platforms/android-34-ext12/data/res/values-mcc310-mnc660-in: Cannot utime: Operation not permitted
build	Cache Android SDK	2026-06-06T12:22:43.2712356Z /usr/bin/tar: ../../../../../usr/local/lib/android/sdk/platforms/android-34-ext12/data/res/values-mcc310-mnc660-in: Cannot change mode to rwxr-xr-x: Operation not permitted
build	Cache Android SDK	2026-06-06T12:22:43.2714983Z /usr/bin/tar: ../../../../../usr/local/lib/android/sdk/platforms/android-34-ext12/data/res/values-mcc001-mnc01-bs: Cannot utime: Operation not permitted
build	Cache Android SDK	2026-06-06T12:22:43.2715935Z /usr/bin/tar: ../../../../../usr/local/lib/android/sdk/platforms/android-34-ext12/data/res/values-mcc001-mnc01-bs: Cannot change mode to rwxr-xr-x: Operation not permitted
build	Cache Android SDK	2026-06-06T12:22:43.2717941Z /usr/bin/tar: ../../../../../usr/local/lib/android/sdk/platforms/android-34-ext12/data/res/values-mcc310-mnc280-de: Cannot utime: Operation not permitted
build	Cache Android SDK	2026-06-06T12:22:43.2718894Z /usr/bin/tar: ../../../../../usr/local/lib/android/sdk/platforms/android-34-ext12/data/res/values-mcc310-mnc280-de: Cannot change mode to rwxr-xr-x: Operation not permitted
build	Cache Android SDK	2026-06-06T12:22:43.2721105Z /usr/bin/tar: ../../../../../usr/local/lib/android/sdk/platforms/android-34-ext12/data/res/values-mcc416-mnc77: Cannot utime: Operation not permitted
build	Cache Android SDK	2026-06-06T12:22:43.2722048Z /usr/bin/tar: ../../../../../usr/local/lib/android/sdk/platforms/android-34-ext12/data/res/values-mcc416-mnc77: Cannot change mode to rwxr-xr-x: Operation not permitted
build	Cache Android SDK	2026-06-06T12:22:43.2725058Z /usr/bin/tar: ../../../../../usr/local/lib/android/sdk/platforms/android-34-ext12/data/res/values-pl-television: Cannot utime: Operation not permitted
build	Cache Android SDK	2026-06-06T12:22:43.2726009Z /usr/bin/tar: ../../../../../usr/local/lib/android/sdk/platforms/android-34-ext12/data/res/values-pl-television: Cannot change mode to rwxr-xr-x: Operation not permitted
build	Cache Android SDK	2026-06-06T12:22:43.2728613Z /usr/bin/tar: ../../../../../usr/local/lib/android/sdk/platforms/android-34-ext12/data/res/values-h720dp: Cannot utime: Operation not permitted
build	Cache Android SDK	2026-06-06T12:22:43.2729521Z /usr/bin/tar: ../../../../../usr/local/lib/android/sdk/platforms/android-34-ext12/data/res/values-h720dp: Cannot change mode to rwxr-xr-x: Operation not permitted
build	Cache Android SDK	2026-06-06T12:22:43.2731759Z /usr/bin/tar: ../../../../../usr/local/lib/android/sdk/platforms/android-34-ext12/data/res/values-mcc310-mnc310-b+sr+Latn: Cannot utime: Operation not permitted
build	Cache Android SDK	2026-06-06T12:22:43.2732924Z /usr/bin/tar: ../../../../../usr/local/lib/android/sdk/platforms/android-34-ext12/data/res/values-mcc310-mnc310-b+sr+Latn: Cannot change mode to rwxr-xr-x: Operation not permitted
build	Cache Android SDK	2026-06-06T12:22:43.2734743Z /usr/bin/tar: ../../../../../usr/local/lib/android/sdk/platforms/android-34-ext12/data/res/values-mcc001-mnc01-eu: Cannot utime: Operation not permitted
build	Cache Android SDK	2026-06-06T12:22:43.2735699Z /usr/bin/tar: ../../../../../usr/local/lib/android/sdk/platforms/android-34-ext12/data/res/values-mcc001-mnc01-eu: Cannot change mode to rwxr-xr-x: Operation not permitted
build	Cache Android SDK	2026-06-06T12:22:43.2738424Z /usr/bin/tar: ../../../../../usr/local/lib/android/sdk/platforms/android-34-ext12/data/res/values-mcc310-mnc170-mn: Cannot utime: Operation not permitted
build	Cache Android SDK	2026-06-06T12:22:43.2739518Z /usr/bin/tar: ../../../../../usr/local/lib/android/sdk/platforms/android-34-ext12/data/res/values-mcc310-mnc170-mn: Cannot change mode to rwxr-xr-x: Operation not permitted
build	Cache Android SDK	2026-06-06T12:22:43.2741444Z /usr/bin/tar: ../../../../../usr/local/lib/android/sdk/platforms/android-34-ext12/data/res/values-mcc234: Cannot utime: Operation not permitted
build	Cache Android SDK	2026-06-06T12:22:43.2742340Z /usr/bin/tar: ../../../../../usr/local/lib/android/sdk/platforms/android-34-ext12/data/res/values-mcc234: Cannot change mode to rwxr-xr-x: Operation not permitted
build	Cache Android SDK	2026-06-06T12:22:43.2750578Z /usr/bin/tar: ../../../../../usr/local/lib/android/sdk/platforms/android-34-ext12/data/res/values-th: Cannot utime: Operation not permitted
build	Cache Android SDK	2026-06-06T12:22:43.2751672Z /usr/bin/tar: ../../../../../usr/local/lib/android/sdk/platforms/android-34-ext12/data/res/values-th: Cannot change mode to rwxr-xr-x: Operation not permitted
build	Cache Android SDK	2026-06-06T12:22:43.2754180Z /usr/bin/tar: ../../../../../usr/local/lib/android/sdk/platforms/android-34-ext12/data/res/values-mcc310-mnc030-mr: Cannot utime: Operation not permitted
build	Cache Android SDK	2026-06-06T12:22:43.2755738Z /usr/bin/tar: ../../../../../usr/local/lib/android/sdk/platforms/android-34-ext12/data/res/values-mcc310-mnc030-mr: Cannot change mode to rwxr-xr-x: Operation not permitted
build	Cache Android SDK	2026-06-06T12:22:43.2757647Z /usr/bin/tar: ../../../../../usr/local/lib/android/sdk/platforms/android-34-ext12/data/res/values-mcc310-mnc310-ka: Cannot utime: Operation not permitted
build	Cache Android SDK	2026-06-06T12:22:43.2759024Z /usr/bin/tar: ../../../../../usr/local/lib/android/sdk/platforms/android-34-ext12/data/res/values-mcc310-mnc310-ka: Cannot change mode to rwxr-xr-x: Operation not permitted
build	Cache Android SDK	2026-06-06T12:22:43.2760807Z /usr/bin/tar: ../../../../../usr/local/lib/android/sdk/platforms/android-34-ext12/data/res/values-mcc310-mnc240-tl: Cannot utime: Operation not permitted
build	Cache Android SDK	2026-06-06T12:22:43.2762233Z /usr/bin/tar: ../../../../../usr/local/lib/android/sdk/platforms/android-34-ext12/data/res/values-mcc310-mnc240-tl: Cannot change mode to rwxr-xr-x: Operation not permitted
build	Cache Android SDK	2026-06-06T12:22:43.2764135Z /usr/bin/tar: ../../../../../usr/local/lib/android/sdk/platforms/android-34-ext12/data/res/values-el-television: Cannot utime: Operation not permitted
build	Cache Android SDK	2026-06-06T12:22:43.2765167Z /usr/bin/tar: ../../../../../usr/local/lib/android/sdk/platforms/android-34-ext12/data/res/values-el-television: Cannot change mode to rwxr-xr-x: Operation not permitted
build	Cache Android SDK	2026-06-06T12:22:43.2767288Z /usr/bin/tar: ../../../../../usr/local/lib/android/sdk/platforms/android-34-ext12/data/res/values-mcc312-mnc670-nl: Cannot utime: Operation not permitted
build	Cache Android SDK	2026-06-06T12:22:43.2768608Z /usr/bin/tar: ../../../../../usr/local/lib/android/sdk/platforms/android-34-ext12/data/res/values-mcc312-mnc670-nl: Cannot change mode to rwxr-xr-x: Operation not permitted
build	Cache Android SDK	2026-06-06T12:22:43.2771221Z /usr/bin/tar: ../../../../../usr/local/lib/android/sdk/platforms/android-34-ext12/data/res/values-mcc310-mnc310-hy: Cannot utime: Operation not permitted
build	Cache Android SDK	2026-06-06T12:22:43.2772202Z /usr/bin/tar: ../../../../../usr/local/lib/android/sdk/platforms/android-34-ext12/data/res/values-mcc310-mnc310-hy: Cannot change mode to rwxr-xr-x: Operation not permitted
build	Cache Android SDK	2026-06-06T12:22:43.2774414Z /usr/bin/tar: ../../../../../usr/local/lib/android/sdk/platforms/android-34-ext12/data/res/values-mcc310-mnc250-ur: Cannot utime: Operation not permitted
build	Cache Android SDK	2026-06-06T12:22:43.2775370Z /usr/bin/tar: ../../../../../usr/local/lib/android/sdk/platforms/android-34-ext12/data/res/values-mcc310-mnc250-ur: Cannot change mode to rwxr-xr-x: Operation not permitted
build	Cache Android SDK	2026-06-06T12:22:43.2778200Z /usr/bin/tar: ../../../../../usr/local/lib/android/sdk/platforms/android-34-ext12/data/res/values-mcc310-mnc490-si: Cannot utime: Operation not permitted
build	Cache Android SDK	2026-06-06T12:22:43.2779328Z /usr/bin/tar: ../../../../../usr/local/lib/android/sdk/platforms/android-34-ext12/data/res/values-mcc310-mnc490-si: Cannot change mode to rwxr-xr-x: Operation not permitted
build	Cache Android SDK	2026-06-06T12:22:43.2781273Z /usr/bin/tar: ../../../../../usr/local/lib/android/sdk/platforms/android-34-ext12/data/res/values-mcc313-mnc100-am: Cannot utime: Operation not permitted
build	Cache Android SDK	2026-06-06T12:22:43.2782238Z /usr/bin/tar: ../../../../../usr/local/lib/android/sdk/platforms/android-34-ext12/data/res/values-mcc313-mnc100-am: Cannot change mode to rwxr-xr-x: Operation not permitted
build	Cache Android SDK	2026-06-06T12:22:43.2784910Z /usr/bin/tar: ../../../../../usr/local/lib/android/sdk/platforms/android-34-ext12/data/res/values-mcc310-mnc660-gu: Cannot utime: Operation not permitted
build	Cache Android SDK	2026-06-06T12:22:43.2785874Z /usr/bin/tar: ../../../../../usr/local/lib/android/sdk/platforms/android-34-ext12/data/res/values-mcc310-mnc660-gu: Cannot change mode to rwxr-xr-x: Operation not permitted
build	Cache Android SDK	2026-06-06T12:22:43.2788234Z /usr/bin/tar: ../../../../../usr/local/lib/android/sdk/platforms/android-34-ext12/data/res/values-mcc310-mnc410-fr-rCA: Cannot utime: Operation not permitted
build	Cache Android SDK	2026-06-06T12:22:43.2789230Z /usr/bin/tar: ../../../../../usr/local/lib/android/sdk/platforms/android-34-ext12/data/res/values-mcc310-mnc410-fr-rCA: Cannot change mode to rwxr-xr-x: Operation not permitted
build	Cache Android SDK	2026-06-06T12:22:43.2791616Z /usr/bin/tar: ../../../../../usr/local/lib/android/sdk/platforms/android-34-ext12/data/res/values-mcc310-mnc220-te: Cannot utime: Operation not permitted
build	Cache Android SDK	2026-06-06T12:22:43.2792722Z /usr/bin/tar: ../../../../../usr/local/lib/android/sdk/platforms/android-34-ext12/data/res/values-mcc310-mnc220-te: Cannot change mode to rwxr-xr-x: Operation not permitted
build	Cache Android SDK	2026-06-06T12:22:43.2795077Z /usr/bin/tar: ../../../../../usr/local/lib/android/sdk/platforms/android-34-ext12/data/res/values-af-watch: Cannot utime: Operation not permitted
build	Cache Android SDK	2026-06-06T12:22:43.2796006Z /usr/bin/tar: ../../../../../usr/local/lib/android/sdk/platforms/android-34-ext12/data/res/values-af-watch: Cannot change mode to rwxr-xr-x: Operation not permitted
build	Cache Android SDK	2026-06-06T12:22:43.2798435Z /usr/bin/tar: ../../../../../usr/local/lib/android/sdk/platforms/android-34-ext12/data/res/values-mcc310-mnc410-el: Cannot utime: Operation not permitted
build	Cache Android SDK	2026-06-06T12:22:43.2799570Z /usr/bin/tar: ../../../../../usr/local/lib/android/sdk/platforms/android-34-ext12/data/res/values-mcc310-mnc410-el: Cannot change mode to rwxr-xr-x: Operation not permitted
build	Cache Android SDK	2026-06-06T12:22:43.2801921Z /usr/bin/tar: ../../../../../usr/local/lib/android/sdk/platforms/android-34-ext12/data/res/values-mcc310-mnc250-en-rAU: Cannot utime: Operation not permitted
build	Cache Android SDK	2026-06-06T12:22:43.2802917Z /usr/bin/tar: ../../../../../usr/local/lib/android/sdk/platforms/android-34-ext12/data/res/values-mcc310-mnc250-en-rAU: Cannot change mode to rwxr-xr-x: Operation not permitted
build	Cache Android SDK	2026-06-06T12:22:43.2805423Z /usr/bin/tar: ../../../../../usr/local/lib/android/sdk/platforms/android-34-ext12/data/res/values-mcc312-mnc670-mr: Cannot utime: Operation not permitted
build	Cache Android SDK	2026-06-06T12:22:43.2806377Z /usr/bin/tar: ../../../../../usr/local/lib/android/sdk/platforms/android-34-ext12/data/res/values-mcc312-mnc670-mr: Cannot change mode to rwxr-xr-x: Operation not permitted
build	Cache Android SDK	2026-06-06T12:22:43.2809273Z /usr/bin/tar: ../../../../../usr/local/lib/android/sdk/platforms/android-34-ext12/data/res/values-mcc310-mnc660-sk: Cannot utime: Operation not permitted
build	Cache Android SDK	2026-06-06T12:22:43.2810445Z /usr/bin/tar: ../../../../../usr/local/lib/android/sdk/platforms/android-34-ext12/data/res/values-mcc310-mnc660-sk: Cannot change mode to rwxr-xr-x: Operation not permitted
build	Cache Android SDK	2026-06-06T12:22:43.2812527Z /usr/bin/tar: ../../../../../usr/local/lib/android/sdk/platforms/android-34-ext12/data/res/values-mcc310-mnc800-pt-rBR: Cannot utime: Operation not permitted
build	Cache Android SDK	2026-06-06T12:22:43.2813608Z /usr/bin/tar: ../../../../../usr/local/lib/android/sdk/platforms/android-34-ext12/data/res/values-mcc310-mnc800-pt-rBR: Cannot change mode to rwxr-xr-x: Operation not permitted
build	Cache Android SDK	2026-06-06T12:22:43.2816128Z /usr/bin/tar: ../../../../../usr/local/lib/android/sdk/platforms/android-34-ext12/data/res/values-mcc310-mnc410-uz: Cannot utime: Operation not permitted
build	Cache Android SDK	2026-06-06T12:22:43.2817107Z /usr/bin/tar: ../../../../../usr/local/lib/android/sdk/platforms/android-34-ext12/data/res/values-mcc310-mnc410-uz: Cannot change mode to rwxr-xr-x: Operation not permitted
build	Cache Android SDK	2026-06-06T12:22:43.2818694Z /usr/bin/tar: ../../../../../usr/local/lib/android/sdk/platforms/android-34-ext12/data/res/values-mcc310-mnc230-ms: Cannot utime: Operation not permitted
build	Cache Android SDK	2026-06-06T12:22:43.2819701Z /usr/bin/tar: ../../../../../usr/local/lib/android/sdk/platforms/android-34-ext12/data/res/values-mcc310-mnc230-ms: Cannot change mode to rwxr-xr-x: Operation not permitted
build	Cache Android SDK	2026-06-06T12:22:43.2822786Z /usr/bin/tar: ../../../../../usr/local/lib/android/sdk/platforms/android-34-ext12/data/res/values-mcc302-mnc720-vi: Cannot utime: Operation not permitted
build	Cache Android SDK	2026-06-06T12:22:43.2823773Z /usr/bin/tar: ../../../../../usr/local/lib/android/sdk/platforms/android-34-ext12/data/res/values-mcc302-mnc720-vi: Cannot change mode to rwxr-xr-x: Operation not permitted
build	Cache Android SDK	2026-06-06T12:22:43.2825724Z /usr/bin/tar: ../../../../../usr/local/lib/android/sdk/platforms/android-34-ext12/data/res/values-tr-rTR: Cannot utime: Operation not permitted
build	Cache Android SDK	2026-06-06T12:22:43.2826646Z /usr/bin/tar: ../../../../../usr/local/lib/android/sdk/platforms/android-34-ext12/data/res/values-tr-rTR: Cannot change mode to rwxr-xr-x: Operation not permitted
build	Cache Android SDK	2026-06-06T12:22:43.2840393Z /usr/bin/tar: ../../../../../usr/local/lib/android/sdk/platforms/android-34-ext12/data/res/values-en-rXC: Cannot utime: Operation not permitted
build	Cache Android SDK	2026-06-06T12:22:43.2841334Z /usr/bin/tar: ../../../../../usr/local/lib/android/sdk/platforms/android-34-ext12/data/res/values-en-rXC: Cannot change mode to rwxr-xr-x: Operation not permitted
build	Cache Android SDK	2026-06-06T12:22:43.2843513Z /usr/bin/tar: ../../../../../usr/local/lib/android/sdk/platforms/android-34-ext12/data/res/values-mcc310-mnc560-pt-rPT: Cannot utime: Operation not permitted
build	Cache Android SDK	2026-06-06T12:22:43.2844506Z /usr/bin/tar: ../../../../../usr/local/lib/android/sdk/platforms/android-34-ext12/data/res/values-mcc310-mnc560-pt-rPT: Cannot change mode to rwxr-xr-x: Operation not permitted
build	Cache Android SDK	2026-06-06T12:22:43.2846547Z /usr/bin/tar: ../../../../../usr/local/lib/android/sdk/platforms/android-34-ext12/data/res/values-mcc310-mnc490-es: Cannot utime: Operation not permitted
build	Cache Android SDK	2026-06-06T12:22:43.2847818Z /usr/bin/tar: ../../../../../usr/local/lib/android/sdk/platforms/android-34-ext12/data/res/values-mcc310-mnc490-es: Cannot change mode to rwxr-xr-x: Operation not permitted
build	Cache Android SDK	2026-06-06T12:22:43.2851626Z /usr/bin/tar: ../../../../../usr/local/lib/android/sdk/platforms/android-34-ext12/data/res/values-mcc310-mnc310-th: Cannot utime: Operation not permitted
build	Cache Android SDK	2026-06-06T12:22:43.2852662Z /usr/bin/tar: ../../../../../usr/local/lib/android/sdk/platforms/android-34-ext12/data/res/values-mcc310-mnc310-th: Cannot change mode to rwxr-xr-x: Operation not permitted
build	Cache Android SDK	2026-06-06T12:22:43.2854786Z /usr/bin/tar: ../../../../../usr/local/lib/android/sdk/platforms/android-34-ext12/data/res/values-mcc310-mnc030-fa: Cannot utime: Operation not permitted
build	Cache Android SDK	2026-06-06T12:22:43.2855736Z /usr/bin/tar: ../../../../../usr/local/lib/android/sdk/platforms/android-34-ext12/data/res/values-mcc310-mnc030-fa: Cannot change mode to rwxr-xr-x: Operation not permitted
build	Cache Android SDK	2026-06-06T12:22:43.2859227Z /usr/bin/tar: ../../../../../usr/local/lib/android/sdk/platforms/android-34-ext12/data/res/values-mcc001-mnc01-be: Cannot utime: Operation not permitted
build	Cache Android SDK	2026-06-06T12:22:43.2860176Z /usr/bin/tar: ../../../../../usr/local/lib/android/sdk/platforms/android-34-ext12/data/res/values-mcc001-mnc01-be: Cannot change mode to rwxr-xr-x: Operation not permitted
build	Cache Android SDK	2026-06-06T12:22:43.2862452Z /usr/bin/tar: ../../../../../usr/local/lib/android/sdk/platforms/android-34-ext12/data/res/values-mcc310-mnc210-el: Cannot utime: Operation not permitted
build	Cache Android SDK	2026-06-06T12:22:43.2863520Z /usr/bin/tar: ../../../../../usr/local/lib/android/sdk/platforms/android-34-ext12/data/res/values-mcc310-mnc210-el: Cannot change mode to rwxr-xr-x: Operation not permitted
build	Cache Android SDK	2026-06-06T12:22:43.2866053Z /usr/bin/tar: ../../../../../usr/local/lib/android/sdk/platforms/android-34-ext12/data/res/values-mcc310-mnc200-ja: Cannot utime: Operation not permitted
build	Cache Android SDK	2026-06-06T12:22:43.2867021Z /usr/bin/tar: ../../../../../usr/local/lib/android/sdk/platforms/android-34-ext12/data/res/values-mcc310-mnc200-ja: Cannot change mode to rwxr-xr-x: Operation not permitted
build	Cache Android SDK	2026-06-06T12:22:43.2872522Z /usr/bin/tar: ../../../../../usr/local/lib/android/sdk/platforms/android-34-ext12/data/res/values-eu: Cannot utime: Operation not permitted
build	Cache Android SDK	2026-06-06T12:22:43.2873433Z /usr/bin/tar: ../../../../../usr/local/lib/android/sdk/platforms/android-34-ext12/data/res/values-eu: Cannot change mode to rwxr-xr-x: Operation not permitted
build	Cache Android SDK	2026-06-06T12:22:43.2875684Z /usr/bin/tar: ../../../../../usr/local/lib/android/sdk/platforms/android-34-ext12/data/res/values-mcc310-mnc160-ms: Cannot utime: Operation not permitted
build	Cache Android SDK	2026-06-06T12:22:43.2876658Z /usr/bin/tar: ../../../../../usr/local/lib/android/sdk/platforms/android-34-ext12/data/res/values-mcc310-mnc160-ms: Cannot change mode to rwxr-xr-x: Operation not permitted
build	Cache Android SDK	2026-06-06T12:22:43.2878341Z /usr/bin/tar: ../../../../../usr/local/lib/android/sdk/platforms/android-34-ext12/data/res/values-mcc310-mnc240-az: Cannot utime: Operation not permitted
build	Cache Android SDK	2026-06-06T12:22:43.2879297Z /usr/bin/tar: ../../../../../usr/local/lib/android/sdk/platforms/android-34-ext12/data/res/values-mcc310-mnc240-az: Cannot change mode to rwxr-xr-x: Operation not permitted
build	Cache Android SDK	2026-06-06T12:22:43.2881575Z /usr/bin/tar: ../../../../../usr/local/lib/android/sdk/platforms/android-34-ext12/data/res/values-mcc310-mnc220-kk: Cannot utime: Operation not permitted
build	Cache Android SDK	2026-06-06T12:22:43.2882521Z /usr/bin/tar: ../../../../../usr/local/lib/android/sdk/platforms/android-34-ext12/data/res/values-mcc310-mnc220-kk: Cannot change mode to rwxr-xr-x: Operation not permitted
build	Cache Android SDK	2026-06-06T12:22:43.2884547Z /usr/bin/tar: ../../../../../usr/local/lib/android/sdk/platforms/android-34-ext12/data/res/values-mcc310-mnc200-ru: Cannot utime: Operation not permitted
build	Cache Android SDK	2026-06-06T12:22:43.2885500Z /usr/bin/tar: ../../../../../usr/local/lib/android/sdk/platforms/android-34-ext12/data/res/values-mcc310-mnc200-ru: Cannot change mode to rwxr-xr-x: Operation not permitted
build	Cache Android SDK	2026-06-06T12:22:43.2887955Z /usr/bin/tar: ../../../../../usr/local/lib/android/sdk/platforms/android-34-ext12/data/res/values-mcc001-mnc01-da: Cannot utime: Operation not permitted
build	Cache Android SDK	2026-06-06T12:22:43.2888928Z /usr/bin/tar: ../../../../../usr/local/lib/android/sdk/platforms/android-34-ext12/data/res/values-mcc001-mnc01-da: Cannot change mode to rwxr-xr-x: Operation not permitted
build	Cache Android SDK	2026-06-06T12:22:43.2891464Z /usr/bin/tar: ../../../../../usr/local/lib/android/sdk/platforms/android-34-ext12/data/res/values-mcc310-mnc160-it: Cannot utime: Operation not permitted
build	Cache Android SDK	2026-06-06T12:22:43.2892419Z /usr/bin/tar: ../../../../../usr/local/lib/android/sdk/platforms/android-34-ext12/data/res/values-mcc310-mnc160-it: Cannot change mode to rwxr-xr-x: Operation not permitted
build	Cache Android SDK	2026-06-06T12:22:43.2894884Z /usr/bin/tar: ../../../../../usr/local/lib/android/sdk/platforms/android-34-ext12/data/res/values-mcc310-mnc200-sq: Cannot utime: Operation not permitted
build	Cache Android SDK	2026-06-06T12:22:43.2895840Z /usr/bin/tar: ../../../../../usr/local/lib/android/sdk/platforms/android-34-ext12/data/res/values-mcc310-mnc200-sq: Cannot change mode to rwxr-xr-x: Operation not permitted
build	Cache Android SDK	2026-06-06T12:22:43.2899860Z /usr/bin/tar: ../../../../../usr/local/lib/android/sdk/platforms/android-34-ext12/data/res/values-mcc302-mnc370-b+sr+Latn: Cannot utime: Operation not permitted
build	Cache Android SDK	2026-06-06T12:22:43.2900864Z /usr/bin/tar: ../../../../../usr/local/lib/android/sdk/platforms/android-34-ext12/data/res/values-mcc302-mnc370-b+sr+Latn: Cannot change mode to rwxr-xr-x: Operation not permitted
build	Cache Android SDK	2026-06-06T12:22:43.2903192Z /usr/bin/tar: ../../../../../usr/local/lib/android/sdk/platforms/android-34-ext12/data/res/values-mcc302-mnc720-am: Cannot utime: Operation not permitted
build	Cache Android SDK	2026-06-06T12:22:43.2904148Z /usr/bin/tar: ../../../../../usr/local/lib/android/sdk/platforms/android-34-ext12/data/res/values-mcc302-mnc720-am: Cannot change mode to rwxr-xr-x: Operation not permitted
build	Cache Android SDK	2026-06-06T12:22:43.2906654Z /usr/bin/tar: ../../../../../usr/local/lib/android/sdk/platforms/android-34-ext12/data/res/values-mcc310-mnc210-ru: Cannot utime: Operation not permitted
build	Cache Android SDK	2026-06-06T12:22:43.2907720Z /usr/bin/tar: ../../../../../usr/local/lib/android/sdk/platforms/android-34-ext12/data/res/values-mcc310-mnc210-ru: Cannot change mode to rwxr-xr-x: Operation not permitted
build	Cache Android SDK	2026-06-06T12:22:43.2910087Z /usr/bin/tar: ../../../../../usr/local/lib/android/sdk/platforms/android-34-ext12/data/res/values-mcc311-mnc180-sv: Cannot utime: Operation not permitted
build	Cache Android SDK	2026-06-06T12:22:43.2911113Z /usr/bin/tar: ../../../../../usr/local/lib/android/sdk/platforms/android-34-ext12/data/res/values-mcc311-mnc180-sv: Cannot change mode to rwxr-xr-x: Operation not permitted
build	Cache Android SDK	2026-06-06T12:22:43.2913408Z /usr/bin/tar: ../../../../../usr/local/lib/android/sdk/platforms/android-34-ext12/data/res/values-mcc312-mnc670-pt-rBR: Cannot utime: Operation not permitted
build	Cache Android SDK	2026-06-06T12:22:43.2914400Z /usr/bin/tar: ../../../../../usr/local/lib/android/sdk/platforms/android-34-ext12/data/res/values-mcc312-mnc670-pt-rBR: Cannot change mode to rwxr-xr-x: Operation not permitted
build	Cache Android SDK	2026-06-06T12:22:43.2916576Z /usr/bin/tar: ../../../../../usr/local/lib/android/sdk/platforms/android-34-ext12/data/res/values-mcc313-mnc100-km: Cannot utime: Operation not permitted
build	Cache Android SDK	2026-06-06T12:22:43.2917893Z /usr/bin/tar: ../../../../../usr/local/lib/android/sdk/platforms/android-34-ext12/data/res/values-mcc313-mnc100-km: Cannot change mode to rwxr-xr-x: Operation not permitted
build	Cache Android SDK	2026-06-06T12:22:43.2919413Z /usr/bin/tar: ../../../../../usr/local/lib/android/sdk/platforms/android-34-ext12/data/res/values-mcc310-mnc170-ur: Cannot utime: Operation not permitted
build	Cache Android SDK	2026-06-06T12:22:43.2920378Z /usr/bin/tar: ../../../../../usr/local/lib/android/sdk/platforms/android-34-ext12/data/res/values-mcc310-mnc170-ur: Cannot change mode to rwxr-xr-x: Operation not permitted
build	Cache Android SDK	2026-06-06T12:22:43.2922621Z /usr/bin/tar: ../../../../../usr/local/lib/android/sdk/platforms/android-34-ext12/data/res/values-mcc310-mnc380-bn: Cannot utime: Operation not permitted
build	Cache Android SDK	2026-06-06T12:22:43.2923728Z /usr/bin/tar: ../../../../../usr/local/lib/android/sdk/platforms/android-34-ext12/data/res/values-mcc310-mnc380-bn: Cannot change mode to rwxr-xr-x: Operation not permitted
build	Cache Android SDK	2026-06-06T12:22:43.2925750Z /usr/bin/tar: ../../../../../usr/local/lib/android/sdk/platforms/android-34-ext12/data/res/values-mcc310-mnc160-pt-rBR: Cannot utime: Operation not permitted
build	Cache Android SDK	2026-06-06T12:22:43.2926740Z /usr/bin/tar: ../../../../../usr/local/lib/android/sdk/platforms/android-34-ext12/data/res/values-mcc310-mnc160-pt-rBR: Cannot change mode to rwxr-xr-x: Operation not permitted
build	Cache Android SDK	2026-06-06T12:22:43.2929004Z /usr/bin/tar: ../../../../../usr/local/lib/android/sdk/platforms/android-34-ext12/data/res/values-mcc313-mnc100-ka: Cannot utime: Operation not permitted
build	Cache Android SDK	2026-06-06T12:22:43.2929963Z /usr/bin/tar: ../../../../../usr/local/lib/android/sdk/platforms/android-34-ext12/data/res/values-mcc313-mnc100-ka: Cannot change mode to rwxr-xr-x: Operation not permitted
build	Cache Android SDK	2026-06-06T12:22:43.2931969Z /usr/bin/tar: ../../../../../usr/local/lib/android/sdk/platforms/android-34-ext12/data/res/values-mcc001-mnc01-ar: Cannot utime: Operation not permitted
build	Cache Android SDK	2026-06-06T12:22:43.2932927Z /usr/bin/tar: ../../../../../usr/local/lib/android/sdk/platforms/android-34-ext12/data/res/values-mcc001-mnc01-ar: Cannot change mode to rwxr-xr-x: Operation not permitted
build	Cache Android SDK	2026-06-06T12:22:43.2934320Z /usr/bin/tar: ../../../../../usr/local/lib/android/sdk/platforms/android-34-ext12/data/res/values-mcc312-mnc670-da: Cannot utime: Operation not permitted
build	Cache Android SDK	2026-06-06T12:22:43.2935265Z /usr/bin/tar: ../../../../../usr/local/lib/android/sdk/platforms/android-34-ext12/data/res/values-mcc312-mnc670-da: Cannot change mode to rwxr-xr-x: Operation not permitted
build	Cache Android SDK	2026-06-06T12:22:43.2937499Z /usr/bin/tar: ../../../../../usr/local/lib/android/sdk/platforms/android-34-ext12/data/res/values-mcc001-mnc01-is: Cannot utime: Operation not permitted
build	Cache Android SDK	2026-06-06T12:22:43.2938453Z /usr/bin/tar: ../../../../../usr/local/lib/android/sdk/platforms/android-34-ext12/data/res/values-mcc001-mnc01-is: Cannot change mode to rwxr-xr-x: Operation not permitted
build	Cache Android SDK	2026-06-06T12:22:43.2940541Z /usr/bin/tar: ../../../../../usr/local/lib/android/sdk/platforms/android-34-ext12/data/res/values-mcc310-mnc280-mn: Cannot utime: Operation not permitted
build	Cache Android SDK	2026-06-06T12:22:43.2941491Z /usr/bin/tar: ../../../../../usr/local/lib/android/sdk/platforms/android-34-ext12/data/res/values-mcc310-mnc280-mn: Cannot change mode to rwxr-xr-x: Operation not permitted
build	Cache Android SDK	2026-06-06T12:22:43.2943390Z /usr/bin/tar: ../../../../../usr/local/lib/android/sdk/platforms/android-34-ext12/data/res/values-mcc311-mnc180-es: Cannot utime: Operation not permitted
build	Cache Android SDK	2026-06-06T12:22:43.2944346Z /usr/bin/tar: ../../../../../usr/local/lib/android/sdk/platforms/android-34-ext12/data/res/values-mcc311-mnc180-es: Cannot change mode to rwxr-xr-x: Operation not permitted
build	Cache Android SDK	2026-06-06T12:22:43.2946538Z /usr/bin/tar: ../../../../../usr/local/lib/android/sdk/platforms/android-34-ext12/data/res/values-mcc310-mnc270-uz: Cannot utime: Operation not permitted
build	Cache Android SDK	2026-06-06T12:22:43.2947694Z /usr/bin/tar: ../../../../../usr/local/lib/android/sdk/platforms/android-34-ext12/data/res/values-mcc310-mnc270-uz: Cannot change mode to rwxr-xr-x: Operation not permitted
build	Cache Android SDK	2026-06-06T12:22:43.2949508Z /usr/bin/tar: ../../../../../usr/local/lib/android/sdk/platforms/android-34-ext12/data/res/values-mcc310-mnc220-fr-rCA: Cannot utime: Operation not permitted
build	Cache Android SDK	2026-06-06T12:22:43.2950559Z /usr/bin/tar: ../../../../../usr/local/lib/android/sdk/platforms/android-34-ext12/data/res/values-mcc310-mnc220-fr-rCA: Cannot change mode to rwxr-xr-x: Operation not permitted
build	Cache Android SDK	2026-06-06T12:22:43.2952126Z /usr/bin/tar: ../../../../../usr/local/lib/android/sdk/platforms/android-34-ext12/data/res/values-mcc001-mnc01-af: Cannot utime: Operation not permitted
build	Cache Android SDK	2026-06-06T12:22:43.2953101Z /usr/bin/tar: ../../../../../usr/local/lib/android/sdk/platforms/android-34-ext12/data/res/values-mcc001-mnc01-af: Cannot change mode to rwxr-xr-x: Operation not permitted
build	Cache Android SDK	2026-06-06T12:22:43.2955142Z /usr/bin/tar: ../../../../../usr/local/lib/android/sdk/platforms/android-34-ext12/data/res/values-mcc310-mnc280-fi: Cannot utime: Operation not permitted
build	Cache Android SDK	2026-06-06T12:22:43.2956086Z /usr/bin/tar: ../../../../../usr/local/lib/android/sdk/platforms/android-34-ext12/data/res/values-mcc310-mnc280-fi: Cannot change mode to rwxr-xr-x: Operation not permitted
build	Cache Android SDK	2026-06-06T12:22:43.2958437Z /usr/bin/tar: ../../../../../usr/local/lib/android/sdk/platforms/android-34-ext12/data/res/values-fr-rFR: Cannot utime: Operation not permitted
build	Cache Android SDK	2026-06-06T12:22:43.2959347Z /usr/bin/tar: ../../../../../usr/local/lib/android/sdk/platforms/android-34-ext12/data/res/values-fr-rFR: Cannot change mode to rwxr-xr-x: Operation not permitted
build	Cache Android SDK	2026-06-06T12:22:43.2961497Z /usr/bin/tar: ../../../../../usr/local/lib/android/sdk/platforms/android-34-ext12/data/res/values-mcc310-mnc380-sw: Cannot utime: Operation not permitted
build	Cache Android SDK	2026-06-06T12:22:43.2962443Z /usr/bin/tar: ../../../../../usr/local/lib/android/sdk/platforms/android-34-ext12/data/res/values-mcc310-mnc380-sw: Cannot change mode to rwxr-xr-x: Operation not permitted
build	Cache Android SDK	2026-06-06T12:22:43.2964645Z /usr/bin/tar: ../../../../../usr/local/lib/android/sdk/platforms/android-34-ext12/data/res/values-mcc310-mnc270-de: Cannot utime: Operation not permitted
build	Cache Android SDK	2026-06-06T12:22:43.2965603Z /usr/bin/tar: ../../../../../usr/local/lib/android/sdk/platforms/android-34-ext12/data/res/values-mcc310-mnc270-de: Cannot change mode to rwxr-xr-x: Operation not permitted
build	Cache Android SDK	2026-06-06T12:22:43.2968225Z /usr/bin/tar: ../../../../../usr/local/lib/android/sdk/platforms/android-34-ext12/data/res/values-mcc310-mnc030-ta: Cannot utime: Operation not permitted
build	Cache Android SDK	2026-06-06T12:22:43.2969663Z /usr/bin/tar: ../../../../../usr/local/lib/android/sdk/platforms/android-34-ext12/data/res/values-mcc310-mnc030-ta: Cannot change mode to rwxr-xr-x: Operation not permitted
build	Cache Android SDK	2026-06-06T12:22:43.2971614Z /usr/bin/tar: ../../../../../usr/local/lib/android/sdk/platforms/android-34-ext12/data/res/values-mcc310-mnc800-si: Cannot utime: Operation not permitted
build	Cache Android SDK	2026-06-06T12:22:43.2972596Z /usr/bin/tar: ../../../../../usr/local/lib/android/sdk/platforms/android-34-ext12/data/res/values-mcc310-mnc800-si: Cannot change mode to rwxr-xr-x: Operation not permitted
build	Cache Android SDK	2026-06-06T12:22:43.2974446Z /usr/bin/tar: ../../../../../usr/local/lib/android/sdk/platforms/android-34-ext12/data/res/values-mcc310-mnc660-zu: Cannot utime: Operation not permitted
build	Cache Android SDK	2026-06-06T12:22:43.2975405Z /usr/bin/tar: ../../../../../usr/local/lib/android/sdk/platforms/android-34-ext12/data/res/values-mcc310-mnc660-zu: Cannot change mode to rwxr-xr-x: Operation not permitted
build	Cache Android SDK	2026-06-06T12:22:43.2977658Z /usr/bin/tar: ../../../../../usr/local/lib/android/sdk/platforms/android-34-ext12/data/res/values-mcc310-mnc310-es-rUS: Cannot utime: Operation not permitted
build	Cache Android SDK	2026-06-06T12:22:43.2978667Z /usr/bin/tar: ../../../../../usr/local/lib/android/sdk/platforms/android-34-ext12/data/res/values-mcc310-mnc310-es-rUS: Cannot change mode to rwxr-xr-x: Operation not permitted
build	Cache Android SDK	2026-06-06T12:22:43.2979767Z /usr/bin/tar: ../../../../../usr/local/lib/android/sdk/platforms/android-34-ext12/data/res/values-mcc311-mnc180-ky: Cannot utime: Operation not permitted
build	Cache Android SDK	2026-06-06T12:22:43.2980932Z /usr/bin/tar: ../../../../../usr/local/lib/android/sdk/platforms/android-34-ext12/data/res/values-mcc311-mnc180-ky: Cannot change mode to rwxr-xr-x: Operation not permitted
build	Cache Android SDK	2026-06-06T12:22:43.2983805Z /usr/bin/tar: ../../../../../usr/local/lib/android/sdk/platforms/android-34-ext12/data/res/values-mcc310-mnc490-fi: Cannot utime: Operation not permitted
build	Cache Android SDK	2026-06-06T12:22:43.2984834Z /usr/bin/tar: ../../../../../usr/local/lib/android/sdk/platforms/android-34-ext12/data/res/values-mcc310-mnc490-fi: Cannot change mode to rwxr-xr-x: Operation not permitted
build	Cache Android SDK	2026-06-06T12:22:43.2986855Z /usr/bin/tar: ../../../../../usr/local/lib/android/sdk/platforms/android-34-ext12/data/res/values-mcc310-mnc310-hi: Cannot utime: Operation not permitted
build	Cache Android SDK	2026-06-06T12:22:43.2987910Z /usr/bin/tar: ../../../../../usr/local/lib/android/sdk/platforms/android-34-ext12/data/res/values-mcc310-mnc310-hi: Cannot change mode to rwxr-xr-x: Operation not permitted
build	Cache Android SDK	2026-06-06T12:22:43.2990518Z /usr/bin/tar: ../../../../../usr/local/lib/android/sdk/platforms/android-34-ext12/data/res/values-mcc302-mnc720-nl: Cannot utime: Operation not permitted
build	Cache Android SDK	2026-06-06T12:22:43.2991490Z /usr/bin/tar: ../../../../../usr/local/lib/android/sdk/platforms/android-34-ext12/data/res/values-mcc302-mnc720-nl: Cannot change mode to rwxr-xr-x: Operation not permitted
build	Cache Android SDK	2026-06-06T12:22:43.2994534Z /usr/bin/tar: ../../../../../usr/local/lib/android/sdk/platforms/android-34-ext12/data/res/values-mcc310-mnc170-lo: Cannot utime: Operation not permitted
build	Cache Android SDK	2026-06-06T12:22:43.2995510Z /usr/bin/tar: ../../../../../usr/local/lib/android/sdk/platforms/android-34-ext12/data/res/values-mcc310-mnc170-lo: Cannot change mode to rwxr-xr-x: Operation not permitted
build	Cache Android SDK	2026-06-06T12:22:43.2998735Z /usr/bin/tar: ../../../../../usr/local/lib/android/sdk/platforms/android-34-ext12/data/res/values-mcc310-mnc380-fi: Cannot utime: Operation not permitted
build	Cache Android SDK	2026-06-06T12:22:43.2999724Z /usr/bin/tar: ../../../../../usr/local/lib/android/sdk/platforms/android-34-ext12/data/res/values-mcc310-mnc380-fi: Cannot change mode to rwxr-xr-x: Operation not permitted
build	Cache Android SDK	2026-06-06T12:22:43.3002352Z /usr/bin/tar: ../../../../../usr/local/lib/android/sdk/platforms/android-34-ext12/data/res/values-mcc310-mnc150-kn: Cannot utime: Operation not permitted
build	Cache Android SDK	2026-06-06T12:22:43.3003309Z /usr/bin/tar: ../../../../../usr/local/lib/android/sdk/platforms/android-34-ext12/data/res/values-mcc310-mnc150-kn: Cannot change mode to rwxr-xr-x: Operation not permitted
build	Cache Android SDK	2026-06-06T12:22:43.3005992Z /usr/bin/tar: ../../../../../usr/local/lib/android/sdk/platforms/android-34-ext12/data/res/values-mcc310-mnc170: Cannot utime: Operation not permitted
build	Cache Android SDK	2026-06-06T12:22:43.3006934Z /usr/bin/tar: ../../../../../usr/local/lib/android/sdk/platforms/android-34-ext12/data/res/values-mcc310-mnc170: Cannot change mode to rwxr-xr-x: Operation not permitted
build	Cache Android SDK	2026-06-06T12:22:43.3009355Z /usr/bin/tar: ../../../../../usr/local/lib/android/sdk/platforms/android-34-ext12/data/res/values-mcc310-mnc150-hy: Cannot utime: Operation not permitted
build	Cache Android SDK	2026-06-06T12:22:43.3010327Z /usr/bin/tar: ../../../../../usr/local/lib/android/sdk/platforms/android-34-ext12/data/res/values-mcc310-mnc150-hy: Cannot change mode to rwxr-xr-x: Operation not permitted
build	Cache Android SDK	2026-06-06T12:22:43.3015656Z /usr/bin/tar: ../../../../../usr/local/lib/android/sdk/platforms/android-34-ext12/data/res/values-mcc310-mnc560-en-rAU: Cannot utime: Operation not permitted
build	Cache Android SDK	2026-06-06T12:22:43.3016644Z /usr/bin/tar: ../../../../../usr/local/lib/android/sdk/platforms/android-34-ext12/data/res/values-mcc310-mnc560-en-rAU: Cannot change mode to rwxr-xr-x: Operation not permitted
build	Cache Android SDK	2026-06-06T12:22:43.3019497Z /usr/bin/tar: ../../../../../usr/local/lib/android/sdk/platforms/android-34-ext12/data/res/values-mcc716-mnc17: Cannot utime: Operation not permitted
build	Cache Android SDK	2026-06-06T12:22:43.3020522Z /usr/bin/tar: ../../../../../usr/local/lib/android/sdk/platforms/android-34-ext12/data/res/values-mcc716-mnc17: Cannot change mode to rwxr-xr-x: Operation not permitted
build	Cache Android SDK	2026-06-06T12:22:43.3022270Z /usr/bin/tar: ../../../../../usr/local/lib/android/sdk/platforms/android-34-ext12/data/res/values-mcc310-mnc560-de: Cannot utime: Operation not permitted
build	Cache Android SDK	2026-06-06T12:22:43.3023414Z /usr/bin/tar: ../../../../../usr/local/lib/android/sdk/platforms/android-34-ext12/data/res/values-mcc310-mnc560-de: Cannot change mode to rwxr-xr-x: Operation not permitted
build	Cache Android SDK	2026-06-06T12:22:43.3025431Z /usr/bin/tar: ../../../../../usr/local/lib/android/sdk/platforms/android-34-ext12/data/res/values-mcc334-mnc020-tl: Cannot utime: Operation not permitted
build	Cache Android SDK	2026-06-06T12:22:43.3026690Z /usr/bin/tar: ../../../../../usr/local/lib/android/sdk/platforms/android-34-ext12/data/res/values-mcc334-mnc020-tl: Cannot change mode to rwxr-xr-x: Operation not permitted
build	Cache Android SDK	2026-06-06T12:22:43.3028386Z /usr/bin/tar: ../../../../../usr/local/lib/android/sdk/platforms/android-34-ext12/data/res/values-mcc310-mnc150-ur: Cannot utime: Operation not permitted
build	Cache Android SDK	2026-06-06T12:22:43.3029621Z /usr/bin/tar: ../../../../../usr/local/lib/android/sdk/platforms/android-34-ext12/data/res/values-mcc310-mnc150-ur: Cannot change mode to rwxr-xr-x: Operation not permitted
build	Cache Android SDK	2026-06-06T12:22:43.3042165Z /usr/bin/tar: ../../../../../usr/local/lib/android/sdk/platforms/android-34-ext12/data/res/values-mcc310-mnc250-fr: Cannot utime: Operation not permitted
build	Cache Android SDK	2026-06-06T12:22:43.3043209Z /usr/bin/tar: ../../../../../usr/local/lib/android/sdk/platforms/android-34-ext12/data/res/values-mcc310-mnc250-fr: Cannot change mode to rwxr-xr-x: Operation not permitted
build	Cache Android SDK	2026-06-06T12:22:43.3044457Z /usr/bin/tar: ../../../../../usr/local/lib/android/sdk/platforms/android-34-ext12/data/res/values-mcc310-mnc950-tl: Cannot utime: Operation not permitted
build	Cache Android SDK	2026-06-06T12:22:43.3045417Z /usr/bin/tar: ../../../../../usr/local/lib/android/sdk/platforms/android-34-ext12/data/res/values-mcc310-mnc950-tl: Cannot change mode to rwxr-xr-x: Operation not permitted
build	Cache Android SDK	2026-06-06T12:22:43.3046391Z /usr/bin/tar: ../../../../../usr/local/lib/android/sdk/platforms/android-34-ext12/data/res/values-mcc310-mnc160-fr: Cannot utime: Operation not permitted
build	Cache Android SDK	2026-06-06T12:22:43.3047900Z /usr/bin/tar: ../../../../../usr/local/lib/android/sdk/platforms/android-34-ext12/data/res/values-mcc310-mnc160-fr: Cannot change mode to rwxr-xr-x: Operation not permitted
build	Cache Android SDK	2026-06-06T12:22:43.3048895Z /usr/bin/tar: ../../../../../usr/local/lib/android/sdk/platforms/android-34-ext12/data/res/values-mcc313-mnc100-en-rGB: Cannot utime: Operation not permitted
build	Cache Android SDK	2026-06-06T12:22:43.3050104Z /usr/bin/tar: ../../../../../usr/local/lib/android/sdk/platforms/android-34-ext12/data/res/values-mcc313-mnc100-en-rGB: Cannot change mode to rwxr-xr-x: Operation not permitted
build	Cache Android SDK	2026-06-06T12:22:43.3051257Z /usr/bin/tar: ../../../../../usr/local/lib/android/sdk/platforms/android-34-ext12/data/res/values-mcc310-mnc560-gl: Cannot utime: Operation not permitted
build	Cache Android SDK	2026-06-06T12:22:43.3052204Z /usr/bin/tar: ../../../../../usr/local/lib/android/sdk/platforms/android-34-ext12/data/res/values-mcc310-mnc560-gl: Cannot change mode to rwxr-xr-x: Operation not permitted
build	Cache Android SDK	2026-06-06T12:22:43.3053449Z /usr/bin/tar: ../../../../../usr/local/lib/android/sdk/platforms/android-34-ext12/data/res/values-mcc310-mnc560-lo: Cannot utime: Operation not permitted
build	Cache Android SDK	2026-06-06T12:22:43.3055240Z /usr/bin/tar: ../../../../../usr/local/lib/android/sdk/platforms/android-34-ext12/data/res/values-mcc310-mnc560-lo: Cannot change mode to rwxr-xr-x: Operation not permitted
build	Cache Android SDK	2026-06-06T12:22:43.3056465Z /usr/bin/tar: ../../../../../usr/local/lib/android/sdk/platforms/android-34-ext12/data/res/values-mcc310-mnc160-pl: Cannot utime: Operation not permitted
build	Cache Android SDK	2026-06-06T12:22:43.3057700Z /usr/bin/tar: ../../../../../usr/local/lib/android/sdk/platforms/android-34-ext12/data/res/values-mcc310-mnc160-pl: Cannot change mode to rwxr-xr-x: Operation not permitted
build	Cache Android SDK	2026-06-06T12:22:43.3058647Z /usr/bin/tar: ../../../../../usr/local/lib/android/sdk/platforms/android-34-ext12/data/res/values-mcc310-mnc250-ca: Cannot utime: Operation not permitted
build	Cache Android SDK	2026-06-06T12:22:43.3060080Z /usr/bin/tar: ../../../../../usr/local/lib/android/sdk/platforms/android-34-ext12/data/res/values-mcc310-mnc250-ca: Cannot change mode to rwxr-xr-x: Operation not permitted
build	Cache Android SDK	2026-06-06T12:22:43.3061827Z /usr/bin/tar: ../../../../../usr/local/lib/android/sdk/platforms/android-34-ext12/data/res/values-mcc310-mnc240-pt-rPT: Cannot utime: Operation not permitted
build	Cache Android SDK	2026-06-06T12:22:43.3063202Z /usr/bin/tar: ../../../../../usr/local/lib/android/sdk/platforms/android-34-ext12/data/res/values-mcc310-mnc240-pt-rPT: Cannot change mode to rwxr-xr-x: Operation not permitted
build	Cache Android SDK	2026-06-06T12:22:43.3064193Z /usr/bin/tar: ../../../../../usr/local/lib/android/sdk/platforms/android-34-ext12/data/res/values-mcc310-mnc560-in: Cannot utime: Operation not permitted
build	Cache Android SDK	2026-06-06T12:22:43.3065141Z /usr/bin/tar: ../../../../../usr/local/lib/android/sdk/platforms/android-34-ext12/data/res/values-mcc310-mnc560-in: Cannot change mode to rwxr-xr-x: Operation not permitted
build	Cache Android SDK	2026-06-06T12:22:43.3066620Z /usr/bin/tar: ../../../../../usr/local/lib/android/sdk/platforms/android-34-ext12/data/res/values-mcc425-mnc07: Cannot utime: Operation not permitted
build	Cache Android SDK	2026-06-06T12:22:43.3067631Z /usr/bin/tar: ../../../../../usr/local/lib/android/sdk/platforms/android-34-ext12/data/res/values-mcc425-mnc07: Cannot change mode to rwxr-xr-x: Operation not permitted
build	Cache Android SDK	2026-06-06T12:22:43.3068558Z /usr/bin/tar: ../../../../../usr/local/lib/android/sdk/platforms/android-34-ext12/data/res/values-mcc311-mnc190: Cannot utime: Operation not permitted
build	Cache Android SDK	2026-06-06T12:22:43.3070213Z /usr/bin/tar: ../../../../../usr/local/lib/android/sdk/platforms/android-34-ext12/data/res/values-mcc311-mnc190: Cannot change mode to rwxr-xr-x: Operation not permitted
build	Cache Android SDK	2026-06-06T12:22:43.3071596Z /usr/bin/tar: ../../../../../usr/local/lib/android/sdk/platforms/android-34-ext12/data/res/values-mcc310-mnc030-cs: Cannot utime: Operation not permitted
build	Cache Android SDK	2026-06-06T12:22:43.3072906Z /usr/bin/tar: ../../../../../usr/local/lib/android/sdk/platforms/android-34-ext12/data/res/values-mcc310-mnc030-cs: Cannot change mode to rwxr-xr-x: Operation not permitted
build	Cache Android SDK	2026-06-06T12:22:43.3074727Z /usr/bin/tar: ../../../../../usr/local/lib/android/sdk/platforms/android-34-ext12/data/res/values-mcc310-mnc250-mr: Cannot utime: Operation not permitted
build	Cache Android SDK	2026-06-06T12:22:43.3076370Z /usr/bin/tar: ../../../../../usr/local/lib/android/sdk/platforms/android-34-ext12/data/res/values-mcc310-mnc250-mr: Cannot change mode to rwxr-xr-x: Operation not permitted
build	Cache Android SDK	2026-06-06T12:22:43.3077906Z /usr/bin/tar: ../../../../../usr/local/lib/android/sdk/platforms/android-34-ext12/data/res/values-mcc310-mnc270-pt-rPT: Cannot utime: Operation not permitted
build	Cache Android SDK	2026-06-06T12:22:43.3078893Z /usr/bin/tar: ../../../../../usr/local/lib/android/sdk/platforms/android-34-ext12/data/res/values-mcc310-mnc270-pt-rPT: Cannot change mode to rwxr-xr-x: Operation not permitted
build	Cache Android SDK	2026-06-06T12:22:43.3080314Z /usr/bin/tar: ../../../../../usr/local/lib/android/sdk/platforms/android-34-ext12/data/res/values-fr-television: Cannot utime: Operation not permitted
build	Cache Android SDK	2026-06-06T12:22:43.3081268Z /usr/bin/tar: ../../../../../usr/local/lib/android/sdk/platforms/android-34-ext12/data/res/values-fr-television: Cannot change mode to rwxr-xr-x: Operation not permitted
build	Cache Android SDK	2026-06-06T12:22:43.3082455Z /usr/bin/tar: ../../../../../usr/local/lib/android/sdk/platforms/android-34-ext12/data/res/values-ar-watch: Cannot utime: Operation not permitted
build	Cache Android SDK	2026-06-06T12:22:43.3083367Z /usr/bin/tar: ../../../../../usr/local/lib/android/sdk/platforms/android-34-ext12/data/res/values-ar-watch: Cannot change mode to rwxr-xr-x: Operation not permitted
build	Cache Android SDK	2026-06-06T12:22:43.3086124Z /usr/bin/tar: ../../../../../usr/local/lib/android/sdk/platforms/android-34-ext12/data/res/values-mcc310-mnc030-es-rUS: Cannot utime: Operation not permitted
build	Cache Android SDK	2026-06-06T12:22:43.3087111Z /usr/bin/tar: ../../../../../usr/local/lib/android/sdk/platforms/android-34-ext12/data/res/values-mcc310-mnc030-es-rUS: Cannot change mode to rwxr-xr-x: Operation not permitted
build	Cache Android SDK	2026-06-06T12:22:43.3089426Z /usr/bin/tar: ../../../../../usr/local/lib/android/sdk/platforms/android-34-ext12/data/res/values-mcc310-mnc030-zh-rTW: Cannot utime: Operation not permitted
build	Cache Android SDK	2026-06-06T12:22:43.3090545Z /usr/bin/tar: ../../../../../usr/local/lib/android/sdk/platforms/android-34-ext12/data/res/values-mcc310-mnc030-zh-rTW: Cannot change mode to rwxr-xr-x: Operation not permitted
build	Cache Android SDK	2026-06-06T12:22:43.3092152Z /usr/bin/tar: ../../../../../usr/local/lib/android/sdk/platforms/android-34-ext12/data/res/values-mcc001-mnc01-en-rIN: Cannot utime: Operation not permitted
build	Cache Android SDK	2026-06-06T12:22:43.3093130Z /usr/bin/tar: ../../../../../usr/local/lib/android/sdk/platforms/android-34-ext12/data/res/values-mcc001-mnc01-en-rIN: Cannot change mode to rwxr-xr-x: Operation not permitted
build	Cache Android SDK	2026-06-06T12:22:43.3095006Z /usr/bin/tar: ../../../../../usr/local/lib/android/sdk/platforms/android-34-ext12/data/res/values-mcc310-mnc310-mk: Cannot utime: Operation not permitted
build	Cache Android SDK	2026-06-06T12:22:43.3096066Z /usr/bin/tar: ../../../../../usr/local/lib/android/sdk/platforms/android-34-ext12/data/res/values-mcc310-mnc310-mk: Cannot change mode to rwxr-xr-x: Operation not permitted
build	Cache Android SDK	2026-06-06T12:22:43.3098638Z /usr/bin/tar: ../../../../../usr/local/lib/android/sdk/platforms/android-34-ext12/data/res/values-mcc302-mnc370-hi: Cannot utime: Operation not permitted
build	Cache Android SDK	2026-06-06T12:22:43.3099770Z /usr/bin/tar: ../../../../../usr/local/lib/android/sdk/platforms/android-34-ext12/data/res/values-mcc302-mnc370-hi: Cannot change mode to rwxr-xr-x: Operation not permitted
build	Cache Android SDK	2026-06-06T12:22:43.3101704Z /usr/bin/tar: ../../../../../usr/local/lib/android/sdk/platforms/android-34-ext12/data/res/values-mcc312-mnc670-uz: Cannot utime: Operation not permitted
build	Cache Android SDK	2026-06-06T12:22:43.3102647Z /usr/bin/tar: ../../../../../usr/local/lib/android/sdk/platforms/android-34-ext12/data/res/values-mcc312-mnc670-uz: Cannot change mode to rwxr-xr-x: Operation not permitted
build	Cache Android SDK	2026-06-06T12:22:43.3104982Z /usr/bin/tar: ../../../../../usr/local/lib/android/sdk/platforms/android-34-ext12/data/res/values-mcc311-mnc180-ml: Cannot utime: Operation not permitted
build	Cache Android SDK	2026-06-06T12:22:43.3105936Z /usr/bin/tar: ../../../../../usr/local/lib/android/sdk/platforms/android-34-ext12/data/res/values-mcc311-mnc180-ml: Cannot change mode to rwxr-xr-x: Operation not permitted
build	Cache Android SDK	2026-06-06T12:22:43.3108214Z /usr/bin/tar: ../../../../../usr/local/lib/android/sdk/platforms/android-34-ext12/data/res/values-zh-rCN-watch: Cannot utime: Operation not permitted
build	Cache Android SDK	2026-06-06T12:22:43.3109153Z /usr/bin/tar: ../../../../../usr/local/lib/android/sdk/platforms/android-34-ext12/data/res/values-zh-rCN-watch: Cannot change mode to rwxr-xr-x: Operation not permitted
build	Cache Android SDK	2026-06-06T12:22:43.3111955Z /usr/bin/tar: ../../../../../usr/local/lib/android/sdk/platforms/android-34-ext12/data/res/values-mcc310-mnc170-kk: Cannot utime: Operation not permitted
build	Cache Android SDK	2026-06-06T12:22:43.3112900Z /usr/bin/tar: ../../../../../usr/local/lib/android/sdk/platforms/android-34-ext12/data/res/values-mcc310-mnc170-kk: Cannot change mode to rwxr-xr-x: Operation not permitted
build	Cache Android SDK	2026-06-06T12:22:43.3115273Z /usr/bin/tar: ../../../../../usr/local/lib/android/sdk/platforms/android-34-ext12/data/res/values-mcc310-mnc660-fi: Cannot utime: Operation not permitted
build	Cache Android SDK	2026-06-06T12:22:43.3116290Z /usr/bin/tar: ../../../../../usr/local/lib/android/sdk/platforms/android-34-ext12/data/res/values-mcc310-mnc660-fi: Cannot change mode to rwxr-xr-x: Operation not permitted
build	Cache Android SDK	2026-06-06T12:22:43.3119024Z /usr/bin/tar: ../../../../../usr/local/lib/android/sdk/platforms/android-34-ext12/data/res/values-mcc310-mnc240-mk: Cannot utime: Operation not permitted
build	Cache Android SDK	2026-06-06T12:22:43.3120525Z /usr/bin/tar: ../../../../../usr/local/lib/android/sdk/platforms/android-34-ext12/data/res/values-mcc310-mnc240-mk: Cannot change mode to rwxr-xr-x: Operation not permitted
build	Cache Android SDK	2026-06-06T12:22:43.3122827Z /usr/bin/tar: ../../../../../usr/local/lib/android/sdk/platforms/android-34-ext12/data/res/values-tl-television: Cannot utime: Operation not permitted
build	Cache Android SDK	2026-06-06T12:22:43.3124572Z /usr/bin/tar: ../../../../../usr/local/lib/android/sdk/platforms/android-34-ext12/data/res/values-tl-television: Cannot change mode to rwxr-xr-x: Operation not permitted
build	Cache Android SDK	2026-06-06T12:22:43.3125782Z /usr/bin/tar: ../../../../../usr/local/lib/android/sdk/platforms/android-34-ext12/data/res/values-mcc310-mnc950-uz: Cannot utime: Operation not permitted
build	Cache Android SDK	2026-06-06T12:22:43.3127116Z /usr/bin/tar: ../../../../../usr/local/lib/android/sdk/platforms/android-34-ext12/data/res/values-mcc310-mnc950-uz: Cannot change mode to rwxr-xr-x: Operation not permitted
build	Cache Android SDK	2026-06-06T12:22:43.3130198Z /usr/bin/tar: ../../../../../usr/local/lib/android/sdk/platforms/android-34-ext12/data/res/color-car: Cannot utime: Operation not permitted
build	Cache Android SDK	2026-06-06T12:22:43.3131139Z /usr/bin/tar: ../../../../../usr/local/lib/android/sdk/platforms/android-34-ext12/data/res/color-car: Cannot change mode to rwxr-xr-x: Operation not permitted
build	Cache Android SDK	2026-06-06T12:22:43.3133413Z /usr/bin/tar: ../../../../../usr/local/lib/android/sdk/platforms/android-34-ext12/data/res/values-mcc310-mnc220-ml: Cannot utime: Operation not permitted
build	Cache Android SDK	2026-06-06T12:22:43.3134820Z /usr/bin/tar: ../../../../../usr/local/lib/android/sdk/platforms/android-34-ext12/data/res/values-mcc310-mnc220-ml: Cannot change mode to rwxr-xr-x: Operation not permitted
build	Cache Android SDK	2026-06-06T12:22:43.3136280Z /usr/bin/tar: ../../../../../usr/local/lib/android/sdk/platforms/android-34-ext12/data/res/values-mcc310-mnc160-zh-rCN: Cannot utime: Operation not permitted
build	Cache Android SDK	2026-06-06T12:22:43.3137283Z /usr/bin/tar: ../../../../../usr/local/lib/android/sdk/platforms/android-34-ext12/data/res/values-mcc310-mnc160-zh-rCN: Cannot change mode to rwxr-xr-x: Operation not permitted
build	Cache Android SDK	2026-06-06T12:22:43.3142472Z /usr/bin/tar: ../../../../../usr/local/lib/android/sdk/platforms/android-34-ext12/data/res/values-mcc310-mnc160-sl: Cannot utime: Operation not permitted
build	Cache Android SDK	2026-06-06T12:22:43.3143442Z /usr/bin/tar: ../../../../../usr/local/lib/android/sdk/platforms/android-34-ext12/data/res/values-mcc310-mnc160-sl: Cannot change mode to rwxr-xr-x: Operation not permitted
build	Cache Android SDK	2026-06-06T12:22:43.3146507Z /usr/bin/tar: ../../../../../usr/local/lib/android/sdk/platforms/android-34-ext12/data/res/values-mcc310-mnc410-bn: Cannot utime: Operation not permitted
build	Cache Android SDK	2026-06-06T12:22:43.3147653Z /usr/bin/tar: ../../../../../usr/local/lib/android/sdk/platforms/android-34-ext12/data/res/values-mcc310-mnc410-bn: Cannot change mode to rwxr-xr-x: Operation not permitted
build	Cache Android SDK	2026-06-06T12:22:43.3151030Z /usr/bin/tar: ../../../../../usr/local/lib/android/sdk/platforms/android-34-ext12/data/res/values-mcc310-mnc380-da: Cannot utime: Operation not permitted
build	Cache Android SDK	2026-06-06T12:22:43.3152054Z /usr/bin/tar: ../../../../../usr/local/lib/android/sdk/platforms/android-34-ext12/data/res/values-mcc310-mnc380-da: Cannot change mode to rwxr-xr-x: Operation not permitted
build	Cache Android SDK	2026-06-06T12:22:43.3153912Z /usr/bin/tar: ../../../../../usr/local/lib/android/sdk/platforms/android-34-ext12/data/res/values-mcc310-mnc950-nb: Cannot utime: Operation not permitted
build	Cache Android SDK	2026-06-06T12:22:43.3155334Z /usr/bin/tar: ../../../../../usr/local/lib/android/sdk/platforms/android-34-ext12/data/res/values-mcc310-mnc950-nb: Cannot change mode to rwxr-xr-x: Operation not permitted
build	Cache Android SDK	2026-06-06T12:22:43.3156869Z /usr/bin/tar: ../../../../../usr/local/lib/android/sdk/platforms/android-34-ext12/data/res/values-mcc001-mnc01-hr: Cannot utime: Operation not permitted
build	Cache Android SDK	2026-06-06T12:22:43.3158017Z /usr/bin/tar: ../../../../../usr/local/lib/android/sdk/platforms/android-34-ext12/data/res/values-mcc001-mnc01-hr: Cannot change mode to rwxr-xr-x: Operation not permitted
build	Cache Android SDK	2026-06-06T12:22:43.3163947Z /usr/bin/tar: ../../../../../usr/local/lib/android/sdk/platforms/android-34-ext12/data/res/values-sr: Cannot utime: Operation not permitted
build	Cache Android SDK	2026-06-06T12:22:43.3165255Z /usr/bin/tar: ../../../../../usr/local/lib/android/sdk/platforms/android-34-ext12/data/res/values-sr: Cannot change mode to rwxr-xr-x: Operation not permitted
build	Cache Android SDK	2026-06-06T12:22:43.3166671Z /usr/bin/tar: ../../../../../usr/local/lib/android/sdk/platforms/android-34-ext12/data/res/values-mcc310-mnc660-ca: Cannot utime: Operation not permitted
build	Cache Android SDK	2026-06-06T12:22:43.3167803Z /usr/bin/tar: ../../../../../usr/local/lib/android/sdk/platforms/android-34-ext12/data/res/values-mcc310-mnc660-ca: Cannot change mode to rwxr-xr-x: Operation not permitted
build	Cache Android SDK	2026-06-06T12:22:43.3170264Z /usr/bin/tar: ../../../../../usr/local/lib/android/sdk/platforms/android-34-ext12/data/res/values-mcc310-mnc380-cs: Cannot utime: Operation not permitted
build	Cache Android SDK	2026-06-06T12:22:43.3171224Z /usr/bin/tar: ../../../../../usr/local/lib/android/sdk/platforms/android-34-ext12/data/res/values-mcc310-mnc380-cs: Cannot change mode to rwxr-xr-x: Operation not permitted
build	Cache Android SDK	2026-06-06T12:22:43.3179847Z /usr/bin/tar: ../../../../../usr/local/lib/android/sdk/platforms/android-34-ext12/data/res/values-mcc310-mnc280-gl: Cannot utime: Operation not permitted
build	Cache Android SDK	2026-06-06T12:22:43.3181082Z /usr/bin/tar: ../../../../../usr/local/lib/android/sdk/platforms/android-34-ext12/data/res/values-mcc310-mnc280-gl: Cannot change mode to rwxr-xr-x: Operation not permitted
build	Cache Android SDK	2026-06-06T12:22:43.3183089Z /usr/bin/tar: ../../../../../usr/local/lib/android/sdk/platforms/android-34-ext12/data/res/values-mcc310-mnc280-ml: Cannot utime: Operation not permitted
build	Cache Android SDK	2026-06-06T12:22:43.3184052Z /usr/bin/tar: ../../../../../usr/local/lib/android/sdk/platforms/android-34-ext12/data/res/values-mcc310-mnc280-ml: Cannot change mode to rwxr-xr-x: Operation not permitted
build	Cache Android SDK	2026-06-06T12:22:43.3188520Z /usr/bin/tar: ../../../../../usr/local/lib/android/sdk/platforms/android-34-ext12/data/res/values-mcc310-mnc950-be: Cannot utime: Operation not permitted
build	Cache Android SDK	2026-06-06T12:22:43.3189487Z /usr/bin/tar: ../../../../../usr/local/lib/android/sdk/platforms/android-34-ext12/data/res/values-mcc310-mnc950-be: Cannot change mode to rwxr-xr-x: Operation not permitted
build	Cache Android SDK	2026-06-06T12:22:43.3193835Z /usr/bin/tar: ../../../../../usr/local/lib/android/sdk/platforms/android-34-ext12/data/res/values-mcc334-mnc020-el: Cannot utime: Operation not permitted
build	Cache Android SDK	2026-06-06T12:22:43.3194793Z /usr/bin/tar: ../../../../../usr/local/lib/android/sdk/platforms/android-34-ext12/data/res/values-mcc334-mnc020-el: Cannot change mode to rwxr-xr-x: Operation not permitted
build	Cache Android SDK	2026-06-06T12:22:43.3197014Z /usr/bin/tar: ../../../../../usr/local/lib/android/sdk/platforms/android-34-ext12/data/res/values-mcc313-mnc100-tl: Cannot utime: Operation not permitted
build	Cache Android SDK	2026-06-06T12:22:43.3198193Z /usr/bin/tar: ../../../../../usr/local/lib/android/sdk/platforms/android-34-ext12/data/res/values-mcc313-mnc100-tl: Cannot change mode to rwxr-xr-x: Operation not permitted
build	Cache Android SDK	2026-06-06T12:22:43.3200555Z /usr/bin/tar: ../../../../../usr/local/lib/android/sdk/platforms/android-34-ext12/data/res/values-mcc310-mnc800-mr: Cannot utime: Operation not permitted
build	Cache Android SDK	2026-06-06T12:22:43.3201526Z /usr/bin/tar: ../../../../../usr/local/lib/android/sdk/platforms/android-34-ext12/data/res/values-mcc310-mnc800-mr: Cannot change mode to rwxr-xr-x: Operation not permitted
build	Cache Android SDK	2026-06-06T12:22:43.3204721Z /usr/bin/tar: ../../../../../usr/local/lib/android/sdk/platforms/android-34-ext12/data/res/values-mcc310-mnc150-pa: Cannot utime: Operation not permitted
build	Cache Android SDK	2026-06-06T12:22:43.3206115Z /usr/bin/tar: ../../../../../usr/local/lib/android/sdk/platforms/android-34-ext12/data/res/values-mcc310-mnc150-pa: Cannot change mode to rwxr-xr-x: Operation not permitted
build	Cache Android SDK	2026-06-06T12:22:43.3210534Z /usr/bin/tar: ../../../../../usr/local/lib/android/sdk/platforms/android-34-ext12/data/res/values-hr-rHR: Cannot utime: Operation not permitted
build	Cache Android SDK	2026-06-06T12:22:43.3211512Z /usr/bin/tar: ../../../../../usr/local/lib/android/sdk/platforms/android-34-ext12/data/res/values-hr-rHR: Cannot change mode to rwxr-xr-x: Operation not permitted
build	Cache Android SDK	2026-06-06T12:22:43.3213513Z /usr/bin/tar: ../../../../../usr/local/lib/android/sdk/platforms/android-34-ext12/data/res/values-mcc740: Cannot utime: Operation not permitted
build	Cache Android SDK	2026-06-06T12:22:43.3214591Z /usr/bin/tar: ../../../../../usr/local/lib/android/sdk/platforms/android-34-ext12/data/res/values-mcc740: Cannot change mode to rwxr-xr-x: Operation not permitted
build	Cache Android SDK	2026-06-06T12:22:43.3217284Z /usr/bin/tar: ../../../../../usr/local/lib/android/sdk/platforms/android-34-ext12/data/res/values-mcc310-mnc560-lt: Cannot utime: Operation not permitted
build	Cache Android SDK	2026-06-06T12:22:43.3218803Z /usr/bin/tar: ../../../../../usr/local/lib/android/sdk/platforms/android-34-ext12/data/res/values-mcc310-mnc560-lt: Cannot change mode to rwxr-xr-x: Operation not permitted
build	Cache Android SDK	2026-06-06T12:22:43.3220714Z /usr/bin/tar: ../../../../../usr/local/lib/android/sdk/platforms/android-34-ext12/data/res/values-mcc310-mnc150-ro: Cannot utime: Operation not permitted
build	Cache Android SDK	2026-06-06T12:22:43.3221998Z /usr/bin/tar: ../../../../../usr/local/lib/android/sdk/platforms/android-34-ext12/data/res/values-mcc310-mnc150-ro: Cannot change mode to rwxr-xr-x: Operation not permitted
build	Cache Android SDK	2026-06-06T12:22:43.3223510Z /usr/bin/tar: ../../../../../usr/local/lib/android/sdk/platforms/android-34-ext12/data/res/values-mcc310-mnc170-ta: Cannot utime: Operation not permitted
build	Cache Android SDK	2026-06-06T12:22:43.3224469Z /usr/bin/tar: ../../../../../usr/local/lib/android/sdk/platforms/android-34-ext12/data/res/values-mcc310-mnc170-ta: Cannot change mode to rwxr-xr-x: Operation not permitted
build	Cache Android SDK	2026-06-06T12:22:43.3226785Z /usr/bin/tar: ../../../../../usr/local/lib/android/sdk/platforms/android-34-ext12/data/res/values-mcc310-mnc950-fa: Cannot utime: Operation not permitted
build	Cache Android SDK	2026-06-06T12:22:43.3228044Z /usr/bin/tar: ../../../../../usr/local/lib/android/sdk/platforms/android-34-ext12/data/res/values-mcc310-mnc950-fa: Cannot change mode to rwxr-xr-x: Operation not permitted
build	Cache Android SDK	2026-06-06T12:22:43.3230227Z /usr/bin/tar: ../../../../../usr/local/lib/android/sdk/platforms/android-34-ext12/data/res/values-mcc310-mnc210-uk: Cannot utime: Operation not permitted
build	Cache Android SDK	2026-06-06T12:22:43.3231185Z /usr/bin/tar: ../../../../../usr/local/lib/android/sdk/platforms/android-34-ext12/data/res/values-mcc310-mnc210-uk: Cannot change mode to rwxr-xr-x: Operation not permitted
build	Cache Android SDK	2026-06-06T12:22:43.3234183Z /usr/bin/tar: ../../../../../usr/local/lib/android/sdk/platforms/android-34-ext12/data/res/values-mcc310-mnc410-as: Cannot utime: Operation not permitted
build	Cache Android SDK	2026-06-06T12:22:43.3235847Z /usr/bin/tar: ../../../../../usr/local/lib/android/sdk/platforms/android-34-ext12/data/res/values-mcc310-mnc410-as: Cannot change mode to rwxr-xr-x: Operation not permitted
build	Cache Android SDK	2026-06-06T12:22:43.3237771Z /usr/bin/tar: ../../../../../usr/local/lib/android/sdk/platforms/android-34-ext12/data/res/values-mcc310-mnc160-ja: Cannot utime: Operation not permitted
build	Cache Android SDK	2026-06-06T12:22:43.3239098Z /usr/bin/tar: ../../../../../usr/local/lib/android/sdk/platforms/android-34-ext12/data/res/values-mcc310-mnc160-ja: Cannot change mode to rwxr-xr-x: Operation not permitted
build	Cache Android SDK	2026-06-06T12:22:43.3242109Z /usr/bin/tar: ../../../../../usr/local/lib/android/sdk/platforms/android-34-ext12/data/res/values-mcc001-mnc01-si: Cannot utime: Operation not permitted
build	Cache Android SDK	2026-06-06T12:22:43.3243557Z /usr/bin/tar: ../../../../../usr/local/lib/android/sdk/platforms/android-34-ext12/data/res/values-mcc001-mnc01-si: Cannot change mode to rwxr-xr-x: Operation not permitted
build	Cache Android SDK	2026-06-06T12:22:43.3245430Z /usr/bin/tar: ../../../../../usr/local/lib/android/sdk/platforms/android-34-ext12/data/res/values-mcc001-mnc01-kn: Cannot utime: Operation not permitted
build	Cache Android SDK	2026-06-06T12:22:43.3246609Z /usr/bin/tar: ../../../../../usr/local/lib/android/sdk/platforms/android-34-ext12/data/res/values-mcc001-mnc01-kn: Cannot change mode to rwxr-xr-x: Operation not permitted
build	Cache Android SDK	2026-06-06T12:22:43.3249206Z /usr/bin/tar: ../../../../../usr/local/lib/android/sdk/platforms/android-34-ext12/data/res/values-mcc311-mnc180-ta: Cannot utime: Operation not permitted
build	Cache Android SDK	2026-06-06T12:22:43.3250257Z /usr/bin/tar: ../../../../../usr/local/lib/android/sdk/platforms/android-34-ext12/data/res/values-mcc311-mnc180-ta: Cannot change mode to rwxr-xr-x: Operation not permitted
build	Cache Android SDK	2026-06-06T12:22:43.3252684Z /usr/bin/tar: ../../../../../usr/local/lib/android/sdk/platforms/android-34-ext12/data/res/values-fr-rCA-television: Cannot utime: Operation not permitted
build	Cache Android SDK	2026-06-06T12:22:43.3253809Z /usr/bin/tar: ../../../../../usr/local/lib/android/sdk/platforms/android-34-ext12/data/res/values-fr-rCA-television: Cannot change mode to rwxr-xr-x: Operation not permitted
build	Cache Android SDK	2026-06-06T12:22:43.3255566Z /usr/bin/tar: ../../../../../usr/local/lib/android/sdk/platforms/android-34-ext12/data/res/values-mcc311-mnc180: Cannot utime: Operation not permitted
build	Cache Android SDK	2026-06-06T12:22:43.3256668Z /usr/bin/tar: ../../../../../usr/local/lib/android/sdk/platforms/android-34-ext12/data/res/values-mcc311-mnc180: Cannot change mode to rwxr-xr-x: Operation not permitted
build	Cache Android SDK	2026-06-06T12:22:43.3258816Z /usr/bin/tar: ../../../../../usr/local/lib/android/sdk/platforms/android-34-ext12/data/res/values-mcc310-mnc200-lv: Cannot utime: Operation not permitted
build	Cache Android SDK	2026-06-06T12:22:43.3259793Z /usr/bin/tar: ../../../../../usr/local/lib/android/sdk/platforms/android-34-ext12/data/res/values-mcc310-mnc200-lv: Cannot change mode to rwxr-xr-x: Operation not permitted
build	Cache Android SDK	2026-06-06T12:22:43.3262495Z /usr/bin/tar: ../../../../../usr/local/lib/android/sdk/platforms/android-34-ext12/data/res/values-mcc310-mnc310-ta: Cannot utime: Operation not permitted
build	Cache Android SDK	2026-06-06T12:22:43.3263713Z /usr/bin/tar: ../../../../../usr/local/lib/android/sdk/platforms/android-34-ext12/data/res/values-mcc310-mnc310-ta: Cannot change mode to rwxr-xr-x: Operation not permitted
build	Cache Android SDK	2026-06-06T12:22:43.3266521Z /usr/bin/tar: ../../../../../usr/local/lib/android/sdk/platforms/android-34-ext12/data/res/values-mcc310-mnc270-it: Cannot utime: Operation not permitted
build	Cache Android SDK	2026-06-06T12:22:43.3268015Z /usr/bin/tar: ../../../../../usr/local/lib/android/sdk/platforms/android-34-ext12/data/res/values-mcc310-mnc270-it: Cannot change mode to rwxr-xr-x: Operation not permitted
build	Cache Android SDK	2026-06-06T12:22:43.3269444Z /usr/bin/tar: ../../../../../usr/local/lib/android/sdk/platforms/android-34-ext12/data/res/values-mcc311-mnc180-hi: Cannot utime: Operation not permitted
build	Cache Android SDK	2026-06-06T12:22:43.3270400Z /usr/bin/tar: ../../../../../usr/local/lib/android/sdk/platforms/android-34-ext12/data/res/values-mcc311-mnc180-hi: Cannot change mode to rwxr-xr-x: Operation not permitted
build	Cache Android SDK	2026-06-06T12:22:43.3273436Z /usr/bin/tar: ../../../../../usr/local/lib/android/sdk/platforms/android-34-ext12/data/res/values-mcc310-mnc280-b+sr+Latn: Cannot utime: Operation not permitted
build	Cache Android SDK	2026-06-06T12:22:43.3274691Z /usr/bin/tar: ../../../../../usr/local/lib/android/sdk/platforms/android-34-ext12/data/res/values-mcc310-mnc280-b+sr+Latn: Cannot change mode to rwxr-xr-x: Operation not permitted
build	Cache Android SDK	2026-06-06T12:22:43.3276261Z /usr/bin/tar: ../../../../../usr/local/lib/android/sdk/platforms/android-34-ext12/data/res/values-en-rXC-television: Cannot utime: Operation not permitted
build	Cache Android SDK	2026-06-06T12:22:43.3277241Z /usr/bin/tar: ../../../../../usr/local/lib/android/sdk/platforms/android-34-ext12/data/res/values-en-rXC-television: Cannot change mode to rwxr-xr-x: Operation not permitted
build	Cache Android SDK	2026-06-06T12:22:43.3279520Z /usr/bin/tar: ../../../../../usr/local/lib/android/sdk/platforms/android-34-ext12/data/res/values-mcc310-mnc170-kn: Cannot utime: Operation not permitted
build	Cache Android SDK	2026-06-06T12:22:43.3280483Z /usr/bin/tar: ../../../../../usr/local/lib/android/sdk/platforms/android-34-ext12/data/res/values-mcc310-mnc170-kn: Cannot change mode to rwxr-xr-x: Operation not permitted
build	Cache Android SDK	2026-06-06T12:22:43.3283623Z /usr/bin/tar: ../../../../../usr/local/lib/android/sdk/platforms/android-34-ext12/data/res/values-mcc001-mnc01-ur: Cannot utime: Operation not permitted
build	Cache Android SDK	2026-06-06T12:22:43.3284720Z /usr/bin/tar: ../../../../../usr/local/lib/android/sdk/platforms/android-34-ext12/data/res/values-mcc001-mnc01-ur: Cannot change mode to rwxr-xr-x: Operation not permitted
build	Cache Android SDK	2026-06-06T12:22:43.3286385Z /usr/bin/tar: ../../../../../usr/local/lib/android/sdk/platforms/android-34-ext12/data/res/values-mcc310-mnc560-zu: Cannot utime: Operation not permitted
build	Cache Android SDK	2026-06-06T12:22:43.3287341Z /usr/bin/tar: ../../../../../usr/local/lib/android/sdk/platforms/android-34-ext12/data/res/values-mcc310-mnc560-zu: Cannot change mode to rwxr-xr-x: Operation not permitted
build	Cache Android SDK	2026-06-06T12:22:43.3289820Z /usr/bin/tar: ../../../../../usr/local/lib/android/sdk/platforms/android-34-ext12/data/res/values-mcc310-mnc200-uk: Cannot utime: Operation not permitted
build	Cache Android SDK	2026-06-06T12:22:43.3290793Z /usr/bin/tar: ../../../../../usr/local/lib/android/sdk/platforms/android-34-ext12/data/res/values-mcc310-mnc200-uk: Cannot change mode to rwxr-xr-x: Operation not permitted
build	Cache Android SDK	2026-06-06T12:22:43.3492189Z /usr/bin/tar: ../../../../../usr/local/lib/android/sdk/platforms/android-34-ext12/data/res/drawable-ldpi: Cannot utime: Operation not permitted
build	Cache Android SDK	2026-06-06T12:22:43.3493790Z /usr/bin/tar: ../../../../../usr/local/lib/android/sdk/platforms/android-34-ext12/data/res/drawable-ldpi: Cannot change mode to rwxr-xr-x: Operation not permitted
build	Cache Android SDK	2026-06-06T12:22:43.3495392Z /usr/bin/tar: ../../../../../usr/local/lib/android/sdk/platforms/android-34-ext12/data/res/values-mcc310-mnc220-ka: Cannot utime: Operation not permitted
build	Cache Android SDK	2026-06-06T12:22:43.3496484Z /usr/bin/tar: ../../../../../usr/local/lib/android/sdk/platforms/android-34-ext12/data/res/values-mcc310-mnc220-ka: Cannot change mode to rwxr-xr-x: Operation not permitted
build	Cache Android SDK	2026-06-06T12:22:43.3498185Z /usr/bin/tar: ../../../../../usr/local/lib/android/sdk/platforms/android-34-ext12/data/res/values-mcc310-mnc170-ml: Cannot utime: Operation not permitted
build	Cache Android SDK	2026-06-06T12:22:43.3499138Z /usr/bin/tar: ../../../../../usr/local/lib/android/sdk/platforms/android-34-ext12/data/res/values-mcc310-mnc170-ml: Cannot change mode to rwxr-xr-x: Operation not permitted
build	Cache Android SDK	2026-06-06T12:22:43.3501260Z /usr/bin/tar: ../../../../../usr/local/lib/android/sdk/platforms/android-34-ext12/data/res/values-mcc310-mnc380-ar: Cannot utime: Operation not permitted
build	Cache Android SDK	2026-06-06T12:22:43.3502240Z /usr/bin/tar: ../../../../../usr/local/lib/android/sdk/platforms/android-34-ext12/data/res/values-mcc310-mnc380-ar: Cannot change mode to rwxr-xr-x: Operation not permitted
build	Cache Android SDK	2026-06-06T12:22:43.3503916Z /usr/bin/tar: ../../../../../usr/local/lib/android/sdk/platforms/android-34-ext12/data/res/values-mcc310-mnc160-af: Cannot utime: Operation not permitted
build	Cache Android SDK	2026-06-06T12:22:43.3504853Z /usr/bin/tar: ../../../../../usr/local/lib/android/sdk/platforms/android-34-ext12/data/res/values-mcc310-mnc160-af: Cannot change mode to rwxr-xr-x: Operation not permitted
build	Cache Android SDK	2026-06-06T12:22:43.3507060Z /usr/bin/tar: ../../../../../usr/local/lib/android/sdk/platforms/android-34-ext12/data/res/values-mcc310-mnc660-bs: Cannot utime: Operation not permitted
build	Cache Android SDK	2026-06-06T12:22:43.3508526Z /usr/bin/tar: ../../../../../usr/local/lib/android/sdk/platforms/android-34-ext12/data/res/values-mcc310-mnc660-bs: Cannot change mode to rwxr-xr-x: Operation not permitted
build	Cache Android SDK	2026-06-06T12:22:43.3510683Z /usr/bin/tar: ../../../../../usr/local/lib/android/sdk/platforms/android-34-ext12/data/res/values-sv-television: Cannot utime: Operation not permitted
build	Cache Android SDK	2026-06-06T12:22:43.3511646Z /usr/bin/tar: ../../../../../usr/local/lib/android/sdk/platforms/android-34-ext12/data/res/values-sv-television: Cannot change mode to rwxr-xr-x: Operation not permitted
build	Cache Android SDK	2026-06-06T12:22:43.3513722Z /usr/bin/tar: ../../../../../usr/local/lib/android/sdk/platforms/android-34-ext12/data/res/values-mcc310-mnc150-nl: Cannot utime: Operation not permitted
build	Cache Android SDK	2026-06-06T12:22:43.3514682Z /usr/bin/tar: ../../../../../usr/local/lib/android/sdk/platforms/android-34-ext12/data/res/values-mcc310-mnc150-nl: Cannot change mode to rwxr-xr-x: Operation not permitted
build	Cache Android SDK	2026-06-06T12:22:43.3517655Z /usr/bin/tar: ../../../../../usr/local/lib/android/sdk/platforms/android-34-ext12/data/res/values-mcc310-mnc270-en-rGB: Cannot utime: Operation not permitted
build	Cache Android SDK	2026-06-06T12:22:43.3518738Z /usr/bin/tar: ../../../../../usr/local/lib/android/sdk/platforms/android-34-ext12/data/res/values-mcc310-mnc270-en-rGB: Cannot change mode to rwxr-xr-x: Operation not permitted
build	Cache Android SDK	2026-06-06T12:22:43.3520751Z /usr/bin/tar: ../../../../../usr/local/lib/android/sdk/platforms/android-34-ext12/data/res/values-mcc316: Cannot utime: Operation not permitted
build	Cache Android SDK	2026-06-06T12:22:43.3521644Z /usr/bin/tar: ../../../../../usr/local/lib/android/sdk/platforms/android-34-ext12/data/res/values-mcc316: Cannot change mode to rwxr-xr-x: Operation not permitted
build	Cache Android SDK	2026-06-06T12:22:43.3523996Z /usr/bin/tar: ../../../../../usr/local/lib/android/sdk/platforms/android-34-ext12/data/res/values-mcc001-mnc01-fa: Cannot utime: Operation not permitted
build	Cache Android SDK	2026-06-06T12:22:43.3524945Z /usr/bin/tar: ../../../../../usr/local/lib/android/sdk/platforms/android-34-ext12/data/res/values-mcc001-mnc01-fa: Cannot change mode to rwxr-xr-x: Operation not permitted
build	Cache Android SDK	2026-06-06T12:22:43.3527985Z /usr/bin/tar: ../../../../../usr/local/lib/android/sdk/platforms/android-34-ext12/data/res/values-mcc310-mnc220-eu: Cannot utime: Operation not permitted
build	Cache Android SDK	2026-06-06T12:22:43.3529107Z /usr/bin/tar: ../../../../../usr/local/lib/android/sdk/platforms/android-34-ext12/data/res/values-mcc310-mnc220-eu: Cannot change mode to rwxr-xr-x: Operation not permitted
build	Cache Android SDK	2026-06-06T12:22:43.3531581Z /usr/bin/tar: ../../../../../usr/local/lib/android/sdk/platforms/android-34-ext12/data/res/values-mcc310-mnc240: Cannot utime: Operation not permitted
build	Cache Android SDK	2026-06-06T12:22:43.3532712Z /usr/bin/tar: ../../../../../usr/local/lib/android/sdk/platforms/android-34-ext12/data/res/values-mcc310-mnc240: Cannot change mode to rwxr-xr-x: Operation not permitted
build	Cache Android SDK	2026-06-06T12:22:43.3534914Z /usr/bin/tar: ../../../../../usr/local/lib/android/sdk/platforms/android-34-ext12/data/res/values-mcc313-mnc100-sw: Cannot utime: Operation not permitted
build	Cache Android SDK	2026-06-06T12:22:43.3535908Z /usr/bin/tar: ../../../../../usr/local/lib/android/sdk/platforms/android-34-ext12/data/res/values-mcc313-mnc100-sw: Cannot change mode to rwxr-xr-x: Operation not permitted
build	Cache Android SDK	2026-06-06T12:22:43.3538559Z /usr/bin/tar: ../../../../../usr/local/lib/android/sdk/platforms/android-34-ext12/data/res/values-mcc310-mnc230-ro: Cannot utime: Operation not permitted
build	Cache Android SDK	2026-06-06T12:22:43.3539542Z /usr/bin/tar: ../../../../../usr/local/lib/android/sdk/platforms/android-34-ext12/data/res/values-mcc310-mnc230-ro: Cannot change mode to rwxr-xr-x: Operation not permitted
build	Cache Android SDK	2026-06-06T12:22:43.3543921Z /usr/bin/tar: ../../../../../usr/local/lib/android/sdk/platforms/android-34-ext12/data/res/values-mcc310-mnc660-zh-rCN: Cannot utime: Operation not permitted
build	Cache Android SDK	2026-06-06T12:22:43.3544951Z /usr/bin/tar: ../../../../../usr/local/lib/android/sdk/platforms/android-34-ext12/data/res/values-mcc310-mnc660-zh-rCN: Cannot change mode to rwxr-xr-x: Operation not permitted
build	Cache Android SDK	2026-06-06T12:22:43.3546966Z /usr/bin/tar: ../../../../../usr/local/lib/android/sdk/platforms/android-34-ext12/data/res/values-mcc310-mnc310-lv: Cannot utime: Operation not permitted
build	Cache Android SDK	2026-06-06T12:22:43.3548168Z /usr/bin/tar: ../../../../../usr/local/lib/android/sdk/platforms/android-34-ext12/data/res/values-mcc310-mnc310-lv: Cannot change mode to rwxr-xr-x: Operation not permitted
build	Cache Android SDK	2026-06-06T12:22:43.3550514Z /usr/bin/tar: ../../../../../usr/local/lib/android/sdk/platforms/android-34-ext12/data/res/values-mcc310-mnc950-km: Cannot utime: Operation not permitted
build	Cache Android SDK	2026-06-06T12:22:43.3551536Z /usr/bin/tar: ../../../../../usr/local/lib/android/sdk/platforms/android-34-ext12/data/res/values-mcc310-mnc950-km: Cannot change mode to rwxr-xr-x: Operation not permitted
build	Cache Android SDK	2026-06-06T12:22:43.3553249Z /usr/bin/tar: ../../../../../usr/local/lib/android/sdk/platforms/android-34-ext12/data/res/values-mcc310-mnc560-ar: Cannot utime: Operation not permitted
build	Cache Android SDK	2026-06-06T12:22:43.3554218Z /usr/bin/tar: ../../../../../usr/local/lib/android/sdk/platforms/android-34-ext12/data/res/values-mcc310-mnc560-ar: Cannot change mode to rwxr-xr-x: Operation not permitted
build	Cache Android SDK	2026-06-06T12:22:43.3556635Z /usr/bin/tar: ../../../../../usr/local/lib/android/sdk/platforms/android-34-ext12/data/res/values-mcc310-mnc230-mr: Cannot utime: Operation not permitted
build	Cache Android SDK	2026-06-06T12:22:43.3557777Z /usr/bin/tar: ../../../../../usr/local/lib/android/sdk/platforms/android-34-ext12/data/res/values-mcc310-mnc230-mr: Cannot change mode to rwxr-xr-x: Operation not permitted
build	Cache Android SDK	2026-06-06T12:22:43.3559820Z /usr/bin/tar: ../../../../../usr/local/lib/android/sdk/platforms/android-34-ext12/data/res/values-mcc310-mnc230-mk: Cannot utime: Operation not permitted
build	Cache Android SDK	2026-06-06T12:22:43.3560786Z /usr/bin/tar: ../../../../../usr/local/lib/android/sdk/platforms/android-34-ext12/data/res/values-mcc310-mnc230-mk: Cannot change mode to rwxr-xr-x: Operation not permitted
build	Cache Android SDK	2026-06-06T12:22:43.3562971Z /usr/bin/tar: ../../../../../usr/local/lib/android/sdk/platforms/android-34-ext12/data/res/values-mcc311-mnc180-ca: Cannot utime: Operation not permitted
build	Cache Android SDK	2026-06-06T12:22:43.3564094Z /usr/bin/tar: ../../../../../usr/local/lib/android/sdk/platforms/android-34-ext12/data/res/values-mcc311-mnc180-ca: Cannot change mode to rwxr-xr-x: Operation not permitted
build	Cache Android SDK	2026-06-06T12:22:43.3581128Z /usr/bin/tar: ../../../../../usr/local/lib/android/sdk/platforms/android-34-ext12/data/res/drawable-nodpi: Cannot utime: Operation not permitted
build	Cache Android SDK	2026-06-06T12:22:43.3582479Z /usr/bin/tar: ../../../../../usr/local/lib/android/sdk/platforms/android-34-ext12/data/res/drawable-nodpi: Cannot change mode to rwxr-xr-x: Operation not permitted
build	Cache Android SDK	2026-06-06T12:22:43.3583917Z /usr/bin/tar: ../../../../../usr/local/lib/android/sdk/platforms/android-34-ext12/data/res/values-w208dp: Cannot utime: Operation not permitted
build	Cache Android SDK	2026-06-06T12:22:43.3584993Z /usr/bin/tar: ../../../../../usr/local/lib/android/sdk/platforms/android-34-ext12/data/res/values-w208dp: Cannot change mode to rwxr-xr-x: Operation not permitted
build	Cache Android SDK	2026-06-06T12:22:43.3586947Z /usr/bin/tar: ../../../../../usr/local/lib/android/sdk/platforms/android-34-ext12/data/res/values-mcc310-mnc030-lo: Cannot utime: Operation not permitted
build	Cache Android SDK	2026-06-06T12:22:43.3588138Z /usr/bin/tar: ../../../../../usr/local/lib/android/sdk/platforms/android-34-ext12/data/res/values-mcc310-mnc030-lo: Cannot change mode to rwxr-xr-x: Operation not permitted
build	Cache Android SDK	2026-06-06T12:22:43.3590471Z /usr/bin/tar: ../../../../../usr/local/lib/android/sdk/platforms/android-34-ext12/data/res/values-mcc310-mnc240-sv: Cannot utime: Operation not permitted
build	Cache Android SDK	2026-06-06T12:22:43.3591454Z /usr/bin/tar: ../../../../../usr/local/lib/android/sdk/platforms/android-34-ext12/data/res/values-mcc310-mnc240-sv: Cannot change mode to rwxr-xr-x: Operation not permitted
build	Cache Android SDK	2026-06-06T12:22:43.3593750Z /usr/bin/tar: ../../../../../usr/local/lib/android/sdk/platforms/android-34-ext12/data/res/values-mcc310-mnc240-am: Cannot utime: Operation not permitted
build	Cache Android SDK	2026-06-06T12:22:43.3594727Z /usr/bin/tar: ../../../../../usr/local/lib/android/sdk/platforms/android-34-ext12/data/res/values-mcc310-mnc240-am: Cannot change mode to rwxr-xr-x: Operation not permitted
build	Cache Android SDK	2026-06-06T12:22:43.3597339Z /usr/bin/tar: ../../../../../usr/local/lib/android/sdk/platforms/android-34-ext12/data/res/values-mcc234-mnc20: Cannot utime: Operation not permitted
build	Cache Android SDK	2026-06-06T12:22:43.3598530Z /usr/bin/tar: ../../../../../usr/local/lib/android/sdk/platforms/android-34-ext12/data/res/values-mcc234-mnc20: Cannot change mode to rwxr-xr-x: Operation not permitted
build	Cache Android SDK	2026-06-06T12:22:43.3600769Z /usr/bin/tar: ../../../../../usr/local/lib/android/sdk/platforms/android-34-ext12/data/res/values-mcc310-mnc380-ta: Cannot utime: Operation not permitted
build	Cache Android SDK	2026-06-06T12:22:43.3601733Z /usr/bin/tar: ../../../../../usr/local/lib/android/sdk/platforms/android-34-ext12/data/res/values-mcc310-mnc380-ta: Cannot change mode to rwxr-xr-x: Operation not permitted
build	Cache Android SDK	2026-06-06T12:22:43.3603709Z /usr/bin/tar: ../../../../../usr/local/lib/android/sdk/platforms/android-34-ext12/data/res/values-mcc310-mnc170-sq: Cannot utime: Operation not permitted
build	Cache Android SDK	2026-06-06T12:22:43.3604683Z /usr/bin/tar: ../../../../../usr/local/lib/android/sdk/platforms/android-34-ext12/data/res/values-mcc310-mnc170-sq: Cannot change mode to rwxr-xr-x: Operation not permitted
build	Cache Android SDK	2026-06-06T12:22:43.3606386Z /usr/bin/tar: ../../../../../usr/local/lib/android/sdk/platforms/android-34-ext12/data/res/values-mcc425: Cannot utime: Operation not permitted
build	Cache Android SDK	2026-06-06T12:22:43.3607289Z /usr/bin/tar: ../../../../../usr/local/lib/android/sdk/platforms/android-34-ext12/data/res/values-mcc425: Cannot change mode to rwxr-xr-x: Operation not permitted
build	Cache Android SDK	2026-06-06T12:22:43.3609796Z /usr/bin/tar: ../../../../../usr/local/lib/android/sdk/platforms/android-34-ext12/data/res/values-mcc310-mnc270-et: Cannot utime: Operation not permitted
build	Cache Android SDK	2026-06-06T12:22:43.3610756Z /usr/bin/tar: ../../../../../usr/local/lib/android/sdk/platforms/android-34-ext12/data/res/values-mcc310-mnc270-et: Cannot change mode to rwxr-xr-x: Operation not permitted
build	Cache Android SDK	2026-06-06T12:22:43.3613107Z /usr/bin/tar: ../../../../../usr/local/lib/android/sdk/platforms/android-34-ext12/data/res/values-mcc302-mnc720-as: Cannot utime: Operation not permitted
build	Cache Android SDK	2026-06-06T12:22:43.3614064Z /usr/bin/tar: ../../../../../usr/local/lib/android/sdk/platforms/android-34-ext12/data/res/values-mcc302-mnc720-as: Cannot change mode to rwxr-xr-x: Operation not permitted
build	Cache Android SDK	2026-06-06T12:22:43.3616408Z /usr/bin/tar: ../../../../../usr/local/lib/android/sdk/platforms/android-34-ext12/data/res/values-mcc310-mnc490-te: Cannot utime: Operation not permitted
build	Cache Android SDK	2026-06-06T12:22:43.3617541Z /usr/bin/tar: ../../../../../usr/local/lib/android/sdk/platforms/android-34-ext12/data/res/values-mcc310-mnc490-te: Cannot change mode to rwxr-xr-x: Operation not permitted
build	Cache Android SDK	2026-06-06T12:22:43.3620524Z /usr/bin/tar: ../../../../../usr/local/lib/android/sdk/platforms/android-34-ext12/data/res/values-mcc310-mnc160-th: Cannot utime: Operation not permitted
build	Cache Android SDK	2026-06-06T12:22:43.3622005Z /usr/bin/tar: ../../../../../usr/local/lib/android/sdk/platforms/android-34-ext12/data/res/values-mcc310-mnc160-th: Cannot change mode to rwxr-xr-x: Operation not permitted
build	Cache Android SDK	2026-06-06T12:22:43.3623421Z /usr/bin/tar: ../../../../../usr/local/lib/android/sdk/platforms/android-34-ext12/data/res/values-mcc310-mnc200-sr: Cannot utime: Operation not permitted
build	Cache Android SDK	2026-06-06T12:22:43.3624369Z /usr/bin/tar: ../../../../../usr/local/lib/android/sdk/platforms/android-34-ext12/data/res/values-mcc310-mnc200-sr: Cannot change mode to rwxr-xr-x: Operation not permitted
build	Cache Android SDK	2026-06-06T12:22:43.3630490Z /usr/bin/tar: ../../../../../usr/local/lib/android/sdk/platforms/android-34-ext12/data/res/values-da: Cannot utime: Operation not permitted
build	Cache Android SDK	2026-06-06T12:22:43.3633802Z /usr/bin/tar: ../../../../../usr/local/lib/android/sdk/platforms/android-34-ext12/data/res/values-da: Cannot change mode to rwxr-xr-x: Operation not permitted
build	Cache Android SDK	2026-06-06T12:22:43.3634876Z /usr/bin/tar: ../../../../../usr/local/lib/android/sdk/platforms/android-34-ext12/data/res/values-mcc310-mnc170-et: Cannot utime: Operation not permitted
build	Cache Android SDK	2026-06-06T12:22:43.3635967Z /usr/bin/tar: ../../../../../usr/local/lib/android/sdk/platforms/android-34-ext12/data/res/values-mcc310-mnc170-et: Cannot change mode to rwxr-xr-x: Operation not permitted
build	Cache Android SDK	2026-06-06T12:22:43.3637136Z /usr/bin/tar: ../../../../../usr/local/lib/android/sdk/platforms/android-34-ext12/data/res/values-mcc310-mnc160-en-rIN: Cannot utime: Operation not permitted
build	Cache Android SDK	2026-06-06T12:22:43.3638463Z /usr/bin/tar: ../../../../../usr/local/lib/android/sdk/platforms/android-34-ext12/data/res/values-mcc310-mnc160-en-rIN: Cannot change mode to rwxr-xr-x: Operation not permitted
build	Cache Android SDK	2026-06-06T12:22:43.3639807Z /usr/bin/tar: ../../../../../usr/local/lib/android/sdk/platforms/android-34-ext12/data/res/values-mcc302-mnc370-da: Cannot utime: Operation not permitted
build	Cache Android SDK	2026-06-06T12:22:43.3640850Z /usr/bin/tar: ../../../../../usr/local/lib/android/sdk/platforms/android-34-ext12/data/res/values-mcc302-mnc370-da: Cannot change mode to rwxr-xr-x: Operation not permitted
build	Cache Android SDK	2026-06-06T12:22:43.3642442Z /usr/bin/tar: ../../../../../usr/local/lib/android/sdk/platforms/android-34-ext12/data/res/values-mcc310-mnc490-sv: Cannot utime: Operation not permitted
build	Cache Android SDK	2026-06-06T12:22:43.3643412Z /usr/bin/tar: ../../../../../usr/local/lib/android/sdk/platforms/android-34-ext12/data/res/values-mcc310-mnc490-sv: Cannot change mode to rwxr-xr-x: Operation not permitted
build	Cache Android SDK	2026-06-06T12:22:43.3645528Z /usr/bin/tar: ../../../../../usr/local/lib/android/sdk/platforms/android-34-ext12/data/res/values-ru-television: Cannot utime: Operation not permitted
build	Cache Android SDK	2026-06-06T12:22:43.3646485Z /usr/bin/tar: ../../../../../usr/local/lib/android/sdk/platforms/android-34-ext12/data/res/values-ru-television: Cannot change mode to rwxr-xr-x: Operation not permitted
build	Cache Android SDK	2026-06-06T12:22:43.3649260Z /usr/bin/tar: ../../../../../usr/local/lib/android/sdk/platforms/android-34-ext12/data/res/values-mcc310-mnc380-it: Cannot utime: Operation not permitted
build	Cache Android SDK	2026-06-06T12:22:43.3650237Z /usr/bin/tar: ../../../../../usr/local/lib/android/sdk/platforms/android-34-ext12/data/res/values-mcc310-mnc380-it: Cannot change mode to rwxr-xr-x: Operation not permitted
build	Cache Android SDK	2026-06-06T12:22:43.3652178Z /usr/bin/tar: ../../../../../usr/local/lib/android/sdk/platforms/android-34-ext12/data/res/values-mcc001-mnc01-sw: Cannot utime: Operation not permitted
build	Cache Android SDK	2026-06-06T12:22:43.3652650Z /usr/bin/tar: ../../../../../usr/local/lib/android/sdk/platforms/android-34-ext12/data/res/values-mcc001-mnc01-sw: Cannot change mode to rwxr-xr-x: Operation not permitted
build	Cache Android SDK	2026-06-06T12:22:43.3655282Z /usr/bin/tar: ../../../../../usr/local/lib/android/sdk/platforms/android-34-ext12/data/res/values-kn-watch: Cannot utime: Operation not permitted
build	Cache Android SDK	2026-06-06T12:22:43.3655733Z /usr/bin/tar: ../../../../../usr/local/lib/android/sdk/platforms/android-34-ext12/data/res/values-kn-watch: Cannot change mode to rwxr-xr-x: Operation not permitted
build	Cache Android SDK	2026-06-06T12:22:43.3658419Z /usr/bin/tar: ../../../../../usr/local/lib/android/sdk/platforms/android-34-ext12/data/res/values-mcc310-mnc660-am: Cannot utime: Operation not permitted
build	Cache Android SDK	2026-06-06T12:22:43.3658890Z /usr/bin/tar: ../../../../../usr/local/lib/android/sdk/platforms/android-34-ext12/data/res/values-mcc310-mnc660-am: Cannot change mode to rwxr-xr-x: Operation not permitted
build	Cache Android SDK	2026-06-06T12:22:43.3661350Z /usr/bin/tar: ../../../../../usr/local/lib/android/sdk/platforms/android-34-ext12/data/res/values-mcc310-mnc240-b+sr+Latn: Cannot utime: Operation not permitted
build	Cache Android SDK	2026-06-06T12:22:43.3661845Z /usr/bin/tar: ../../../../../usr/local/lib/android/sdk/platforms/android-34-ext12/data/res/values-mcc310-mnc240-b+sr+Latn: Cannot change mode to rwxr-xr-x: Operation not permitted
build	Cache Android SDK	2026-06-06T12:22:43.3664559Z /usr/bin/tar: ../../../../../usr/local/lib/android/sdk/platforms/android-34-ext12/data/res/values-as-watch: Cannot utime: Operation not permitted
build	Cache Android SDK	2026-06-06T12:22:43.3665002Z /usr/bin/tar: ../../../../../usr/local/lib/android/sdk/platforms/android-34-ext12/data/res/values-as-watch: Cannot change mode to rwxr-xr-x: Operation not permitted
build	Cache Android SDK	2026-06-06T12:22:43.3667972Z /usr/bin/tar: ../../../../../usr/local/lib/android/sdk/platforms/android-34-ext12/data/res/values-mcc310-mnc270-fa: Cannot utime: Operation not permitted
build	Cache Android SDK	2026-06-06T12:22:43.3668462Z /usr/bin/tar: ../../../../../usr/local/lib/android/sdk/platforms/android-34-ext12/data/res/values-mcc310-mnc270-fa: Cannot change mode to rwxr-xr-x: Operation not permitted
build	Cache Android SDK	2026-06-06T12:22:43.3671152Z /usr/bin/tar: ../../../../../usr/local/lib/android/sdk/platforms/android-34-ext12/data/res/values-mcc310-mnc410-ky: Cannot utime: Operation not permitted
build	Cache Android SDK	2026-06-06T12:22:43.3671630Z /usr/bin/tar: ../../../../../usr/local/lib/android/sdk/platforms/android-34-ext12/data/res/values-mcc310-mnc410-ky: Cannot change mode to rwxr-xr-x: Operation not permitted
build	Cache Android SDK	2026-06-06T12:22:43.3673966Z /usr/bin/tar: ../../../../../usr/local/lib/android/sdk/platforms/android-34-ext12/data/res/values-mcc310-mnc030-lt: Cannot utime: Operation not permitted
build	Cache Android SDK	2026-06-06T12:22:43.3674445Z /usr/bin/tar: ../../../../../usr/local/lib/android/sdk/platforms/android-34-ext12/data/res/values-mcc310-mnc030-lt: Cannot change mode to rwxr-xr-x: Operation not permitted
build	Cache Android SDK	2026-06-06T12:22:43.3677099Z /usr/bin/tar: ../../../../../usr/local/lib/android/sdk/platforms/android-34-ext12/data/res/values-mcc310-mnc030-my: Cannot utime: Operation not permitted
build	Cache Android SDK	2026-06-06T12:22:43.3677719Z /usr/bin/tar: ../../../../../usr/local/lib/android/sdk/platforms/android-34-ext12/data/res/values-mcc310-mnc030-my: Cannot change mode to rwxr-xr-x: Operation not permitted
build	Cache Android SDK	2026-06-06T12:22:43.3680318Z /usr/bin/tar: ../../../../../usr/local/lib/android/sdk/platforms/android-34-ext12/data/res/values-mcc310-mnc270-my: Cannot utime: Operation not permitted
build	Cache Android SDK	2026-06-06T12:22:43.3680777Z /usr/bin/tar: ../../../../../usr/local/lib/android/sdk/platforms/android-34-ext12/data/res/values-mcc310-mnc270-my: Cannot change mode to rwxr-xr-x: Operation not permitted
build	Cache Android SDK	2026-06-06T12:22:43.3683528Z /usr/bin/tar: ../../../../../usr/local/lib/android/sdk/platforms/android-34-ext12/data/res/values-hi-television: Cannot utime: Operation not permitted
build	Cache Android SDK	2026-06-06T12:22:43.3684170Z /usr/bin/tar: ../../../../../usr/local/lib/android/sdk/platforms/android-34-ext12/data/res/values-hi-television: Cannot change mode to rwxr-xr-x: Operation not permitted
build	Cache Android SDK	2026-06-06T12:22:43.3686601Z /usr/bin/tar: ../../../../../usr/local/lib/android/sdk/platforms/android-34-ext12/data/res/values-mcc312-mnc670-sr: Cannot utime: Operation not permitted
build	Cache Android SDK	2026-06-06T12:22:43.3687063Z /usr/bin/tar: ../../../../../usr/local/lib/android/sdk/platforms/android-34-ext12/data/res/values-mcc312-mnc670-sr: Cannot change mode to rwxr-xr-x: Operation not permitted
build	Cache Android SDK	2026-06-06T12:22:43.3690976Z /usr/bin/tar: ../../../../../usr/local/lib/android/sdk/platforms/android-34-ext12/data/res/values-mcc310-mnc270-zh-rHK: Cannot utime: Operation not permitted
build	Cache Android SDK	2026-06-06T12:22:43.3691519Z /usr/bin/tar: ../../../../../usr/local/lib/android/sdk/platforms/android-34-ext12/data/res/values-mcc310-mnc270-zh-rHK: Cannot change mode to rwxr-xr-x: Operation not permitted
build	Cache Android SDK	2026-06-06T12:22:43.3695658Z /usr/bin/tar: ../../../../../usr/local/lib/android/sdk/platforms/android-34-ext12/data/res/values-mcc310-mnc560-pt: Cannot utime: Operation not permitted
build	Cache Android SDK	2026-06-06T12:22:43.3696139Z /usr/bin/tar: ../../../../../usr/local/lib/android/sdk/platforms/android-34-ext12/data/res/values-mcc310-mnc560-pt: Cannot change mode to rwxr-xr-x: Operation not permitted
build	Cache Android SDK	2026-06-06T12:22:43.3698821Z /usr/bin/tar: ../../../../../usr/local/lib/android/sdk/platforms/android-34-ext12/data/res/values-mcc310-mnc160-pt-rPT: Cannot utime: Operation not permitted
build	Cache Android SDK	2026-06-06T12:22:43.3699319Z /usr/bin/tar: ../../../../../usr/local/lib/android/sdk/platforms/android-34-ext12/data/res/values-mcc310-mnc160-pt-rPT: Cannot change mode to rwxr-xr-x: Operation not permitted
build	Cache Android SDK	2026-06-06T12:22:43.3702833Z /usr/bin/tar: ../../../../../usr/local/lib/android/sdk/platforms/android-34-ext12/data/res/values-mcc310-mnc490-fa: Cannot utime: Operation not permitted
build	Cache Android SDK	2026-06-06T12:22:43.3703309Z /usr/bin/tar: ../../../../../usr/local/lib/android/sdk/platforms/android-34-ext12/data/res/values-mcc310-mnc490-fa: Cannot change mode to rwxr-xr-x: Operation not permitted
build	Cache Android SDK	2026-06-06T12:22:43.3706366Z /usr/bin/tar: ../../../../../usr/local/lib/android/sdk/platforms/android-34-ext12/data/res/values-mcc302-mnc370-sq: Cannot utime: Operation not permitted
build	Cache Android SDK	2026-06-06T12:22:43.3706824Z /usr/bin/tar: ../../../../../usr/local/lib/android/sdk/platforms/android-34-ext12/data/res/values-mcc302-mnc370-sq: Cannot change mode to rwxr-xr-x: Operation not permitted
build	Cache Android SDK	2026-06-06T12:22:43.3709893Z /usr/bin/tar: ../../../../../usr/local/lib/android/sdk/platforms/android-34-ext12/data/res/values-mcc310-mnc210-fr: Cannot utime: Operation not permitted
build	Cache Android SDK	2026-06-06T12:22:43.3710357Z /usr/bin/tar: ../../../../../usr/local/lib/android/sdk/platforms/android-34-ext12/data/res/values-mcc310-mnc210-fr: Cannot change mode to rwxr-xr-x: Operation not permitted
build	Cache Android SDK	2026-06-06T12:22:43.3715147Z /usr/bin/tar: ../../../../../usr/local/lib/android/sdk/platforms/android-34-ext12/data/res/values-mcc310-mnc030-sl: Cannot utime: Operation not permitted
build	Cache Android SDK	2026-06-06T12:22:43.3715613Z /usr/bin/tar: ../../../../../usr/local/lib/android/sdk/platforms/android-34-ext12/data/res/values-mcc310-mnc030-sl: Cannot change mode to rwxr-xr-x: Operation not permitted
build	Cache Android SDK	2026-06-06T12:22:43.3718133Z /usr/bin/tar: ../../../../../usr/local/lib/android/sdk/platforms/android-34-ext12/data/res/values-mcc310-mnc410-tr: Cannot utime: Operation not permitted
build	Cache Android SDK	2026-06-06T12:22:43.3718604Z /usr/bin/tar: ../../../../../usr/local/lib/android/sdk/platforms/android-34-ext12/data/res/values-mcc310-mnc410-tr: Cannot change mode to rwxr-xr-x: Operation not permitted
build	Cache Android SDK	2026-06-06T12:22:43.3722147Z /usr/bin/tar: ../../../../../usr/local/lib/android/sdk/platforms/android-34-ext12/data/res/values-mcc302-mnc720-kn: Cannot utime: Operation not permitted
build	Cache Android SDK	2026-06-06T12:22:43.3722615Z /usr/bin/tar: ../../../../../usr/local/lib/android/sdk/platforms/android-34-ext12/data/res/values-mcc302-mnc720-kn: Cannot change mode to rwxr-xr-x: Operation not permitted
build	Cache Android SDK	2026-06-06T12:22:43.3725304Z /usr/bin/tar: ../../../../../usr/local/lib/android/sdk/platforms/android-34-ext12/data/res/values-mcc001-mnc01-fr: Cannot utime: Operation not permitted
build	Cache Android SDK	2026-06-06T12:22:43.3725768Z /usr/bin/tar: ../../../../../usr/local/lib/android/sdk/platforms/android-34-ext12/data/res/values-mcc001-mnc01-fr: Cannot change mode to rwxr-xr-x: Operation not permitted
build	Cache Android SDK	2026-06-06T12:22:43.3728547Z /usr/bin/tar: ../../../../../usr/local/lib/android/sdk/platforms/android-34-ext12/data/res/values-mcc310-mnc490-sq: Cannot utime: Operation not permitted
build	Cache Android SDK	2026-06-06T12:22:43.3729013Z /usr/bin/tar: ../../../../../usr/local/lib/android/sdk/platforms/android-34-ext12/data/res/values-mcc310-mnc490-sq: Cannot change mode to rwxr-xr-x: Operation not permitted
build	Cache Android SDK	2026-06-06T12:22:43.3732040Z /usr/bin/tar: ../../../../../usr/local/lib/android/sdk/platforms/android-34-ext12/data/res/values-mcc310-mnc170-el: Cannot utime: Operation not permitted
build	Cache Android SDK	2026-06-06T12:22:43.3732628Z /usr/bin/tar: ../../../../../usr/local/lib/android/sdk/platforms/android-34-ext12/data/res/values-mcc310-mnc170-el: Cannot change mode to rwxr-xr-x: Operation not permitted
build	Cache Android SDK	2026-06-06T12:22:43.3735216Z /usr/bin/tar: ../../../../../usr/local/lib/android/sdk/platforms/android-34-ext12/data/res/values-mcc310-mnc030-fi: Cannot utime: Operation not permitted
build	Cache Android SDK	2026-06-06T12:22:43.3735670Z /usr/bin/tar: ../../../../../usr/local/lib/android/sdk/platforms/android-34-ext12/data/res/values-mcc310-mnc030-fi: Cannot change mode to rwxr-xr-x: Operation not permitted
build	Cache Android SDK	2026-06-06T12:22:43.3738590Z /usr/bin/tar: ../../../../../usr/local/lib/android/sdk/platforms/android-34-ext12/data/res/values-mcc310-mnc560-pt-rBR: Cannot utime: Operation not permitted
build	Cache Android SDK	2026-06-06T12:22:43.3739210Z /usr/bin/tar: ../../../../../usr/local/lib/android/sdk/platforms/android-34-ext12/data/res/values-mcc310-mnc560-pt-rBR: Cannot change mode to rwxr-xr-x: Operation not permitted
build	Cache Android SDK	2026-06-06T12:22:43.3742478Z /usr/bin/tar: ../../../../../usr/local/lib/android/sdk/platforms/android-34-ext12/data/res/values-mcc310-mnc230-fi: Cannot utime: Operation not permitted
build	Cache Android SDK	2026-06-06T12:22:43.3742963Z /usr/bin/tar: ../../../../../usr/local/lib/android/sdk/platforms/android-34-ext12/data/res/values-mcc310-mnc230-fi: Cannot change mode to rwxr-xr-x: Operation not permitted
build	Cache Android SDK	2026-06-06T12:22:43.3745355Z /usr/bin/tar: ../../../../../usr/local/lib/android/sdk/platforms/android-34-ext12/data/res/values-mcc310-mnc170-it: Cannot utime: Operation not permitted
build	Cache Android SDK	2026-06-06T12:22:43.3745826Z /usr/bin/tar: ../../../../../usr/local/lib/android/sdk/platforms/android-34-ext12/data/res/values-mcc310-mnc170-it: Cannot change mode to rwxr-xr-x: Operation not permitted
build	Cache Android SDK	2026-06-06T12:22:43.3753664Z /usr/bin/tar: ../../../../../usr/local/lib/android/sdk/platforms/android-34-ext12/data/res/values-as: Cannot utime: Operation not permitted
build	Cache Android SDK	2026-06-06T12:22:43.3754194Z /usr/bin/tar: ../../../../../usr/local/lib/android/sdk/platforms/android-34-ext12/data/res/values-as: Cannot change mode to rwxr-xr-x: Operation not permitted
build	Cache Android SDK	2026-06-06T12:22:43.3756721Z /usr/bin/tar: ../../../../../usr/local/lib/android/sdk/platforms/android-34-ext12/data/res/values-w320dp-h426dp: Cannot utime: Operation not permitted
build	Cache Android SDK	2026-06-06T12:22:43.3757816Z /usr/bin/tar: ../../../../../usr/local/lib/android/sdk/platforms/android-34-ext12/data/res/values-w320dp-h426dp: Cannot change mode to rwxr-xr-x: Operation not permitted
build	Cache Android SDK	2026-06-06T12:22:43.3760425Z /usr/bin/tar: ../../../../../usr/local/lib/android/sdk/platforms/android-34-ext12/data/res/values-mcc310-mnc270-bs: Cannot utime: Operation not permitted
build	Cache Android SDK	2026-06-06T12:22:43.3760951Z /usr/bin/tar: ../../../../../usr/local/lib/android/sdk/platforms/android-34-ext12/data/res/values-mcc310-mnc270-bs: Cannot change mode to rwxr-xr-x: Operation not permitted
build	Cache Android SDK	2026-06-06T12:22:43.3762990Z /usr/bin/tar: ../../../../../usr/local/lib/android/sdk/platforms/android-34-ext12/data/res/values-mcc310-mnc230-sr: Cannot utime: Operation not permitted
build	Cache Android SDK	2026-06-06T12:22:43.3763553Z /usr/bin/tar: ../../../../../usr/local/lib/android/sdk/platforms/android-34-ext12/data/res/values-mcc310-mnc230-sr: Cannot change mode to rwxr-xr-x: Operation not permitted
build	Cache Android SDK	2026-06-06T12:22:43.3766229Z /usr/bin/tar: ../../../../../usr/local/lib/android/sdk/platforms/android-34-ext12/data/res/values-mcc313-mnc100-si: Cannot utime: Operation not permitted
build	Cache Android SDK	2026-06-06T12:22:43.3767058Z /usr/bin/tar: ../../../../../usr/local/lib/android/sdk/platforms/android-34-ext12/data/res/values-mcc313-mnc100-si: Cannot change mode to rwxr-xr-x: Operation not permitted
build	Cache Android SDK	2026-06-06T12:22:43.3772851Z /usr/bin/tar: ../../../../../usr/local/lib/android/sdk/platforms/android-34-ext12/data/res/values-bs: Cannot utime: Operation not permitted
build	Cache Android SDK	2026-06-06T12:22:43.3773301Z /usr/bin/tar: ../../../../../usr/local/lib/android/sdk/platforms/android-34-ext12/data/res/values-bs: Cannot change mode to rwxr-xr-x: Operation not permitted
build	Cache Android SDK	2026-06-06T12:22:43.3776678Z /usr/bin/tar: ../../../../../usr/local/lib/android/sdk/platforms/android-34-ext12/data/res/values-mcc310-mnc230-pt-rPT: Cannot utime: Operation not permitted
build	Cache Android SDK	2026-06-06T12:22:43.3777194Z /usr/bin/tar: ../../../../../usr/local/lib/android/sdk/platforms/android-34-ext12/data/res/values-mcc310-mnc230-pt-rPT: Cannot change mode to rwxr-xr-x: Operation not permitted
build	Cache Android SDK	2026-06-06T12:22:43.3780093Z /usr/bin/tar: ../../../../../usr/local/lib/android/sdk/platforms/android-34-ext12/data/res/values-mcc310-mnc170-zh-rCN: Cannot utime: Operation not permitted
build	Cache Android SDK	2026-06-06T12:22:43.3780572Z /usr/bin/tar: ../../../../../usr/local/lib/android/sdk/platforms/android-34-ext12/data/res/values-mcc310-mnc170-zh-rCN: Cannot change mode to rwxr-xr-x: Operation not permitted
build	Cache Android SDK	2026-06-06T12:22:43.3783569Z /usr/bin/tar: ../../../../../usr/local/lib/android/sdk/platforms/android-34-ext12/data/res/values-mcc313-mnc100-lo: Cannot utime: Operation not permitted
build	Cache Android SDK	2026-06-06T12:22:43.3784039Z /usr/bin/tar: ../../../../../usr/local/lib/android/sdk/platforms/android-34-ext12/data/res/values-mcc313-mnc100-lo: Cannot change mode to rwxr-xr-x: Operation not permitted
build	Cache Android SDK	2026-06-06T12:22:43.3787106Z /usr/bin/tar: ../../../../../usr/local/lib/android/sdk/platforms/android-34-ext12/data/res/values-mcc302-mnc370-th: Cannot utime: Operation not permitted
build	Cache Android SDK	2026-06-06T12:22:43.3787745Z /usr/bin/tar: ../../../../../usr/local/lib/android/sdk/platforms/android-34-ext12/data/res/values-mcc302-mnc370-th: Cannot change mode to rwxr-xr-x: Operation not permitted
build	Cache Android SDK	2026-06-06T12:22:43.3790331Z /usr/bin/tar: ../../../../../usr/local/lib/android/sdk/platforms/android-34-ext12/data/res/values-mcc310-mnc160-si: Cannot utime: Operation not permitted
build	Cache Android SDK	2026-06-06T12:22:43.3790801Z /usr/bin/tar: ../../../../../usr/local/lib/android/sdk/platforms/android-34-ext12/data/res/values-mcc310-mnc160-si: Cannot change mode to rwxr-xr-x: Operation not permitted
build	Cache Android SDK	2026-06-06T12:22:43.3793926Z /usr/bin/tar: ../../../../../usr/local/lib/android/sdk/platforms/android-34-ext12/data/res/values-mcc311-mnc180-or: Cannot utime: Operation not permitted
build	Cache Android SDK	2026-06-06T12:22:43.3794393Z /usr/bin/tar: ../../../../../usr/local/lib/android/sdk/platforms/android-34-ext12/data/res/values-mcc311-mnc180-or: Cannot change mode to rwxr-xr-x: Operation not permitted
build	Cache Android SDK	2026-06-06T12:22:43.3797764Z /usr/bin/tar: ../../../../../usr/local/lib/android/sdk/platforms/android-34-ext12/data/res/values-mcc312-mnc670-hu: Cannot utime: Operation not permitted
build	Cache Android SDK	2026-06-06T12:22:43.3798233Z /usr/bin/tar: ../../../../../usr/local/lib/android/sdk/platforms/android-34-ext12/data/res/values-mcc312-mnc670-hu: Cannot change mode to rwxr-xr-x: Operation not permitted
build	Cache Android SDK	2026-06-06T12:22:43.3801066Z /usr/bin/tar: ../../../../../usr/local/lib/android/sdk/platforms/android-34-ext12/data/res/values-mcc302-mnc720-ml: Cannot utime: Operation not permitted
build	Cache Android SDK	2026-06-06T12:22:43.3801530Z /usr/bin/tar: ../../../../../usr/local/lib/android/sdk/platforms/android-34-ext12/data/res/values-mcc302-mnc720-ml: Cannot change mode to rwxr-xr-x: Operation not permitted
build	Cache Android SDK	2026-06-06T12:22:43.3804121Z /usr/bin/tar: ../../../../../usr/local/lib/android/sdk/platforms/android-34-ext12/data/res/values-mcc310-mnc410-pt: Cannot utime: Operation not permitted
build	Cache Android SDK	2026-06-06T12:22:43.3804768Z /usr/bin/tar: ../../../../../usr/local/lib/android/sdk/platforms/android-34-ext12/data/res/values-mcc310-mnc410-pt: Cannot change mode to rwxr-xr-x: Operation not permitted
build	Cache Android SDK	2026-06-06T12:22:43.3807911Z /usr/bin/tar: ../../../../../usr/local/lib/android/sdk/platforms/android-34-ext12/data/res/values-mcc313-mnc100-zu: Cannot utime: Operation not permitted
build	Cache Android SDK	2026-06-06T12:22:43.3808387Z /usr/bin/tar: ../../../../../usr/local/lib/android/sdk/platforms/android-34-ext12/data/res/values-mcc313-mnc100-zu: Cannot change mode to rwxr-xr-x: Operation not permitted
build	Cache Android SDK	2026-06-06T12:22:43.3810925Z /usr/bin/tar: ../../../../../usr/local/lib/android/sdk/platforms/android-34-ext12/data/res/values-mcc310-mnc560-ca: Cannot utime: Operation not permitted
build	Cache Android SDK	2026-06-06T12:22:43.3811383Z /usr/bin/tar: ../../../../../usr/local/lib/android/sdk/platforms/android-34-ext12/data/res/values-mcc310-mnc560-ca: Cannot change mode to rwxr-xr-x: Operation not permitted
build	Cache Android SDK	2026-06-06T12:22:43.3814213Z /usr/bin/tar: ../../../../../usr/local/lib/android/sdk/platforms/android-34-ext12/data/res/values-bg-watch: Cannot utime: Operation not permitted
build	Cache Android SDK	2026-06-06T12:22:43.3814668Z /usr/bin/tar: ../../../../../usr/local/lib/android/sdk/platforms/android-34-ext12/data/res/values-bg-watch: Cannot change mode to rwxr-xr-x: Operation not permitted
build	Cache Android SDK	2026-06-06T12:22:43.4042380Z /usr/bin/tar: ../../../../../usr/local/lib/android/sdk/platforms/android-34-ext12/data/res/drawable: Cannot utime: Operation not permitted
build	Cache Android SDK	2026-06-06T12:22:43.4044462Z /usr/bin/tar: ../../../../../usr/local/lib/android/sdk/platforms/android-34-ext12/data/res/drawable: Cannot change mode to rwxr-xr-x: Operation not permitted
build	Cache Android SDK	2026-06-06T12:22:43.4045119Z /usr/bin/tar: ../../../../../usr/local/lib/android/sdk/platforms/android-34-ext12/data/res/values-mcc310-mnc280-te: Cannot utime: Operation not permitted
build	Cache Android SDK	2026-06-06T12:22:43.4046273Z /usr/bin/tar: ../../../../../usr/local/lib/android/sdk/platforms/android-34-ext12/data/res/values-mcc310-mnc280-te: Cannot change mode to rwxr-xr-x: Operation not permitted
build	Cache Android SDK	2026-06-06T12:22:43.4047539Z /usr/bin/tar: ../../../../../usr/local/lib/android/sdk/platforms/android-34-ext12/data/res/values-mcc312-mnc670-lo: Cannot utime: Operation not permitted
build	Cache Android SDK	2026-06-06T12:22:43.4048568Z /usr/bin/tar: ../../../../../usr/local/lib/android/sdk/platforms/android-34-ext12/data/res/values-mcc312-mnc670-lo: Cannot change mode to rwxr-xr-x: Operation not permitted
build	Cache Android SDK	2026-06-06T12:22:43.4050545Z /usr/bin/tar: ../../../../../usr/local/lib/android/sdk/platforms/android-34-ext12/data/res/values-mcc310-mnc210-ro: Cannot utime: Operation not permitted
build	Cache Android SDK	2026-06-06T12:22:43.4051079Z /usr/bin/tar: ../../../../../usr/local/lib/android/sdk/platforms/android-34-ext12/data/res/values-mcc310-mnc210-ro: Cannot change mode to rwxr-xr-x: Operation not permitted
build	Cache Android SDK	2026-06-06T12:22:43.4053716Z /usr/bin/tar: ../../../../../usr/local/lib/android/sdk/platforms/android-34-ext12/data/res/values-mcc302-mnc720-be: Cannot utime: Operation not permitted
build	Cache Android SDK	2026-06-06T12:22:43.4054280Z /usr/bin/tar: ../../../../../usr/local/lib/android/sdk/platforms/android-34-ext12/data/res/values-mcc302-mnc720-be: Cannot change mode to rwxr-xr-x: Operation not permitted
build	Cache Android SDK	2026-06-06T12:22:43.4058119Z /usr/bin/tar: ../../../../../usr/local/lib/android/sdk/platforms/android-34-ext12/data/res/values-ne-television: Cannot utime: Operation not permitted
build	Cache Android SDK	2026-06-06T12:22:43.4058631Z /usr/bin/tar: ../../../../../usr/local/lib/android/sdk/platforms/android-34-ext12/data/res/values-ne-television: Cannot change mode to rwxr-xr-x: Operation not permitted
build	Cache Android SDK	2026-06-06T12:22:43.4061014Z /usr/bin/tar: ../../../../../usr/local/lib/android/sdk/platforms/android-34-ext12/data/res/values-mcc310-mnc660-ms: Cannot utime: Operation not permitted
build	Cache Android SDK	2026-06-06T12:22:43.4061489Z /usr/bin/tar: ../../../../../usr/local/lib/android/sdk/platforms/android-34-ext12/data/res/values-mcc310-mnc660-ms: Cannot change mode to rwxr-xr-x: Operation not permitted
build	Cache Android SDK	2026-06-06T12:22:43.4064233Z /usr/bin/tar: ../../../../../usr/local/lib/android/sdk/platforms/android-34-ext12/data/res/values-mcc310-mnc490-hy: Cannot utime: Operation not permitted
build	Cache Android SDK	2026-06-06T12:22:43.4064943Z /usr/bin/tar: ../../../../../usr/local/lib/android/sdk/platforms/android-34-ext12/data/res/values-mcc310-mnc490-hy: Cannot change mode to rwxr-xr-x: Operation not permitted
build	Cache Android SDK	2026-06-06T12:22:43.4067879Z /usr/bin/tar: ../../../../../usr/local/lib/android/sdk/platforms/android-34-ext12/data/res/values-mcc311-mnc180-as: Cannot utime: Operation not permitted
build	Cache Android SDK	2026-06-06T12:22:43.4068488Z /usr/bin/tar: ../../../../../usr/local/lib/android/sdk/platforms/android-34-ext12/data/res/values-mcc311-mnc180-as: Cannot change mode to rwxr-xr-x: Operation not permitted
build	Cache Android SDK	2026-06-06T12:22:43.4071117Z /usr/bin/tar: ../../../../../usr/local/lib/android/sdk/platforms/android-34-ext12/data/res/values-zh-rHK-watch: Cannot utime: Operation not permitted
build	Cache Android SDK	2026-06-06T12:22:43.4071680Z /usr/bin/tar: ../../../../../usr/local/lib/android/sdk/platforms/android-34-ext12/data/res/values-zh-rHK-watch: Cannot change mode to rwxr-xr-x: Operation not permitted
build	Cache Android SDK	2026-06-06T12:22:43.4074277Z /usr/bin/tar: ../../../../../usr/local/lib/android/sdk/platforms/android-34-ext12/data/res/values-mcc310-mnc560-tl: Cannot utime: Operation not permitted
build	Cache Android SDK	2026-06-06T12:22:43.4074748Z /usr/bin/tar: ../../../../../usr/local/lib/android/sdk/platforms/android-34-ext12/data/res/values-mcc310-mnc560-tl: Cannot change mode to rwxr-xr-x: Operation not permitted
build	Cache Android SDK	2026-06-06T12:22:43.4077629Z /usr/bin/tar: ../../../../../usr/local/lib/android/sdk/platforms/android-34-ext12/data/res/values-mcc310-mnc210-es-rUS: Cannot utime: Operation not permitted
build	Cache Android SDK	2026-06-06T12:22:43.4078120Z /usr/bin/tar: ../../../../../usr/local/lib/android/sdk/platforms/android-34-ext12/data/res/values-mcc310-mnc210-es-rUS: Cannot change mode to rwxr-xr-x: Operation not permitted
build	Cache Android SDK	2026-06-06T12:22:43.4080891Z /usr/bin/tar: ../../../../../usr/local/lib/android/sdk/platforms/android-34-ext12/data/res/values-mcc312-mnc670-b+sr+Latn: Cannot utime: Operation not permitted
build	Cache Android SDK	2026-06-06T12:22:43.4081384Z /usr/bin/tar: ../../../../../usr/local/lib/android/sdk/platforms/android-34-ext12/data/res/values-mcc312-mnc670-b+sr+Latn: Cannot change mode to rwxr-xr-x: Operation not permitted
build	Cache Android SDK	2026-06-06T12:22:43.4083857Z /usr/bin/tar: ../../../../../usr/local/lib/android/sdk/platforms/android-34-ext12/data/res/values-mcc310-mnc210-tr: Cannot utime: Operation not permitted
build	Cache Android SDK	2026-06-06T12:22:43.4084329Z /usr/bin/tar: ../../../../../usr/local/lib/android/sdk/platforms/android-34-ext12/data/res/values-mcc310-mnc210-tr: Cannot change mode to rwxr-xr-x: Operation not permitted
build	Cache Android SDK	2026-06-06T12:22:43.4086633Z /usr/bin/tar: ../../../../../usr/local/lib/android/sdk/platforms/android-34-ext12/data/res/values-mcc302-mnc720-iw: Cannot utime: Operation not permitted
build	Cache Android SDK	2026-06-06T12:22:43.4087100Z /usr/bin/tar: ../../../../../usr/local/lib/android/sdk/platforms/android-34-ext12/data/res/values-mcc302-mnc720-iw: Cannot change mode to rwxr-xr-x: Operation not permitted
build	Cache Android SDK	2026-06-06T12:22:43.4089955Z /usr/bin/tar: ../../../../../usr/local/lib/android/sdk/platforms/android-34-ext12/data/res/values-mcc310-mnc230-eu: Cannot utime: Operation not permitted
build	Cache Android SDK	2026-06-06T12:22:43.4090482Z /usr/bin/tar: ../../../../../usr/local/lib/android/sdk/platforms/android-34-ext12/data/res/values-mcc310-mnc230-eu: Cannot change mode to rwxr-xr-x: Operation not permitted
build	Cache Android SDK	2026-06-06T12:22:43.4093343Z /usr/bin/tar: ../../../../../usr/local/lib/android/sdk/platforms/android-34-ext12/data/res/values-mcc310-mnc160-ar: Cannot utime: Operation not permitted
build	Cache Android SDK	2026-06-06T12:22:43.4093814Z /usr/bin/tar: ../../../../../usr/local/lib/android/sdk/platforms/android-34-ext12/data/res/values-mcc310-mnc160-ar: Cannot change mode to rwxr-xr-x: Operation not permitted
build	Cache Android SDK	2026-06-06T12:22:43.4096958Z /usr/bin/tar: ../../../../../usr/local/lib/android/sdk/platforms/android-34-ext12/data/res/values-cs-watch: Cannot utime: Operation not permitted
build	Cache Android SDK	2026-06-06T12:22:43.4097554Z /usr/bin/tar: ../../../../../usr/local/lib/android/sdk/platforms/android-34-ext12/data/res/values-cs-watch: Cannot change mode to rwxr-xr-x: Operation not permitted
build	Cache Android SDK	2026-06-06T12:22:43.4100619Z /usr/bin/tar: ../../../../../usr/local/lib/android/sdk/platforms/android-34-ext12/data/res/values-mcc302-mnc720-en-rCA: Cannot utime: Operation not permitted
build	Cache Android SDK	2026-06-06T12:22:43.4101109Z /usr/bin/tar: ../../../../../usr/local/lib/android/sdk/platforms/android-34-ext12/data/res/values-mcc302-mnc720-en-rCA: Cannot change mode to rwxr-xr-x: Operation not permitted
build	Cache Android SDK	2026-06-06T12:22:43.4107958Z /usr/bin/tar: ../../../../../usr/local/lib/android/sdk/platforms/android-34-ext12/data/res/values-ml: Cannot utime: Operation not permitted
build	Cache Android SDK	2026-06-06T12:22:43.4108822Z /usr/bin/tar: ../../../../../usr/local/lib/android/sdk/platforms/android-34-ext12/data/res/values-ml: Cannot change mode to rwxr-xr-x: Operation not permitted
build	Cache Android SDK	2026-06-06T12:22:43.4110385Z /usr/bin/tar: ../../../../../usr/local/lib/android/sdk/platforms/android-34-ext12/data/res/values-mcc310-mnc150-my: Cannot utime: Operation not permitted
build	Cache Android SDK	2026-06-06T12:22:43.4110878Z /usr/bin/tar: ../../../../../usr/local/lib/android/sdk/platforms/android-34-ext12/data/res/values-mcc310-mnc150-my: Cannot change mode to rwxr-xr-x: Operation not permitted
build	Cache Android SDK	2026-06-06T12:22:43.4114243Z /usr/bin/tar: ../../../../../usr/local/lib/android/sdk/platforms/android-34-ext12/data/res/values-pt-rBR-television: Cannot utime: Operation not permitted
build	Cache Android SDK	2026-06-06T12:22:43.4114783Z /usr/bin/tar: ../../../../../usr/local/lib/android/sdk/platforms/android-34-ext12/data/res/values-pt-rBR-television: Cannot change mode to rwxr-xr-x: Operation not permitted
build	Cache Android SDK	2026-06-06T12:22:43.4118262Z /usr/bin/tar: ../../../../../usr/local/lib/android/sdk/platforms/android-34-ext12/data/res/values-mcc310-mnc030-af: Cannot utime: Operation not permitted
build	Cache Android SDK	2026-06-06T12:22:43.4118764Z /usr/bin/tar: ../../../../../usr/local/lib/android/sdk/platforms/android-34-ext12/data/res/values-mcc310-mnc030-af: Cannot change mode to rwxr-xr-x: Operation not permitted
build	Cache Android SDK	2026-06-06T12:22:43.4121479Z /usr/bin/tar: ../../../../../usr/local/lib/android/sdk/platforms/android-34-ext12/data/res/values-mcc310-mnc280-ar: Cannot utime: Operation not permitted
build	Cache Android SDK	2026-06-06T12:22:43.4121952Z /usr/bin/tar: ../../../../../usr/local/lib/android/sdk/platforms/android-34-ext12/data/res/values-mcc310-mnc280-ar: Cannot change mode to rwxr-xr-x: Operation not permitted
build	Cache Android SDK	2026-06-06T12:22:43.4124847Z /usr/bin/tar: ../../../../../usr/local/lib/android/sdk/platforms/android-34-ext12/data/res/values-mcc310-mnc160-bg: Cannot utime: Operation not permitted
build	Cache Android SDK	2026-06-06T12:22:43.4125315Z /usr/bin/tar: ../../../../../usr/local/lib/android/sdk/platforms/android-34-ext12/data/res/values-mcc310-mnc160-bg: Cannot change mode to rwxr-xr-x: Operation not permitted
build	Cache Android SDK	2026-06-06T12:22:43.4128011Z /usr/bin/tar: ../../../../../usr/local/lib/android/sdk/platforms/android-34-ext12/data/res/values-ml-watch: Cannot utime: Operation not permitted
build	Cache Android SDK	2026-06-06T12:22:43.4128490Z /usr/bin/tar: ../../../../../usr/local/lib/android/sdk/platforms/android-34-ext12/data/res/values-ml-watch: Cannot change mode to rwxr-xr-x: Operation not permitted
build	Cache Android SDK	2026-06-06T12:22:43.4131071Z /usr/bin/tar: ../../../../../usr/local/lib/android/sdk/platforms/android-34-ext12/data/res/values-mcc310-mnc210-ur: Cannot utime: Operation not permitted
build	Cache Android SDK	2026-06-06T12:22:43.4131539Z /usr/bin/tar: ../../../../../usr/local/lib/android/sdk/platforms/android-34-ext12/data/res/values-mcc310-mnc210-ur: Cannot change mode to rwxr-xr-x: Operation not permitted
build	Cache Android SDK	2026-06-06T12:22:43.4133830Z /usr/bin/tar: ../../../../../usr/local/lib/android/sdk/platforms/android-34-ext12/data/res/values-mcc310-mnc240-hr: Cannot utime: Operation not permitted
build	Cache Android SDK	2026-06-06T12:22:43.4134644Z /usr/bin/tar: ../../../../../usr/local/lib/android/sdk/platforms/android-34-ext12/data/res/values-mcc310-mnc240-hr: Cannot change mode to rwxr-xr-x: Operation not permitted
build	Cache Android SDK	2026-06-06T12:22:43.4137570Z /usr/bin/tar: ../../../../../usr/local/lib/android/sdk/platforms/android-34-ext12/data/res/values-mcc310-mnc160-en-rGB: Cannot utime: Operation not permitted
build	Cache Android SDK	2026-06-06T12:22:43.4138256Z /usr/bin/tar: ../../../../../usr/local/lib/android/sdk/platforms/android-34-ext12/data/res/values-mcc310-mnc160-en-rGB: Cannot change mode to rwxr-xr-x: Operation not permitted
build	Cache Android SDK	2026-06-06T12:22:43.4140259Z /usr/bin/tar: ../../../../../usr/local/lib/android/sdk/platforms/android-34-ext12/data/res/values-fr-rCA-watch: Cannot utime: Operation not permitted
build	Cache Android SDK	2026-06-06T12:22:43.4140733Z /usr/bin/tar: ../../../../../usr/local/lib/android/sdk/platforms/android-34-ext12/data/res/values-fr-rCA-watch: Cannot change mode to rwxr-xr-x: Operation not permitted
build	Cache Android SDK	2026-06-06T12:22:43.4143511Z /usr/bin/tar: ../../../../../usr/local/lib/android/sdk/platforms/android-34-ext12/data/res/values-mcc310-mnc560-es-rUS: Cannot utime: Operation not permitted
build	Cache Android SDK	2026-06-06T12:22:43.4144000Z /usr/bin/tar: ../../../../../usr/local/lib/android/sdk/platforms/android-34-ext12/data/res/values-mcc310-mnc560-es-rUS: Cannot change mode to rwxr-xr-x: Operation not permitted
build	Cache Android SDK	2026-06-06T12:22:43.4146976Z /usr/bin/tar: ../../../../../usr/local/lib/android/sdk/platforms/android-34-ext12/data/res/values-mcc310-mnc300: Cannot utime: Operation not permitted
build	Cache Android SDK	2026-06-06T12:22:43.4147653Z /usr/bin/tar: ../../../../../usr/local/lib/android/sdk/platforms/android-34-ext12/data/res/values-mcc310-mnc300: Cannot change mode to rwxr-xr-x: Operation not permitted
build	Cache Android SDK	2026-06-06T12:22:43.4150139Z /usr/bin/tar: ../../../../../usr/local/lib/android/sdk/platforms/android-34-ext12/data/res/values-mcc310-mnc310-gu: Cannot utime: Operation not permitted
build	Cache Android SDK	2026-06-06T12:22:43.4150599Z /usr/bin/tar: ../../../../../usr/local/lib/android/sdk/platforms/android-34-ext12/data/res/values-mcc310-mnc310-gu: Cannot change mode to rwxr-xr-x: Operation not permitted
build	Cache Android SDK	2026-06-06T12:22:43.4153203Z /usr/bin/tar: ../../../../../usr/local/lib/android/sdk/platforms/android-34-ext12/data/res/values-mcc310-mnc560-en-rIN: Cannot utime: Operation not permitted
build	Cache Android SDK	2026-06-06T12:22:43.4153692Z /usr/bin/tar: ../../../../../usr/local/lib/android/sdk/platforms/android-34-ext12/data/res/values-mcc310-mnc560-en-rIN: Cannot change mode to rwxr-xr-x: Operation not permitted
build	Cache Android SDK	2026-06-06T12:22:43.4156307Z /usr/bin/tar: ../../../../../usr/local/lib/android/sdk/platforms/android-34-ext12/data/res/values-mcc310-mnc280-da: Cannot utime: Operation not permitted
build	Cache Android SDK	2026-06-06T12:22:43.4156774Z /usr/bin/tar: ../../../../../usr/local/lib/android/sdk/platforms/android-34-ext12/data/res/values-mcc310-mnc280-da: Cannot change mode to rwxr-xr-x: Operation not permitted
build	Cache Android SDK	2026-06-06T12:22:43.4159537Z /usr/bin/tar: ../../../../../usr/local/lib/android/sdk/platforms/android-34-ext12/data/res/values-mcc311-mnc180-fr: Cannot utime: Operation not permitted
build	Cache Android SDK	2026-06-06T12:22:43.4159993Z /usr/bin/tar: ../../../../../usr/local/lib/android/sdk/platforms/android-34-ext12/data/res/values-mcc311-mnc180-fr: Cannot change mode to rwxr-xr-x: Operation not permitted
build	Cache Android SDK	2026-06-06T12:22:43.4162575Z /usr/bin/tar: ../../../../../usr/local/lib/android/sdk/platforms/android-34-ext12/data/res/values-mcc310-mnc310-ms: Cannot utime: Operation not permitted
build	Cache Android SDK	2026-06-06T12:22:43.4163045Z /usr/bin/tar: ../../../../../usr/local/lib/android/sdk/platforms/android-34-ext12/data/res/values-mcc310-mnc310-ms: Cannot change mode to rwxr-xr-x: Operation not permitted
build	Cache Android SDK	2026-06-06T12:22:43.4165942Z /usr/bin/tar: ../../../../../usr/local/lib/android/sdk/platforms/android-34-ext12/data/res/values-mcc310-mnc170-te: Cannot utime: Operation not permitted
build	Cache Android SDK	2026-06-06T12:22:43.4166404Z /usr/bin/tar: ../../../../../usr/local/lib/android/sdk/platforms/android-34-ext12/data/res/values-mcc310-mnc170-te: Cannot change mode to rwxr-xr-x: Operation not permitted
build	Cache Android SDK	2026-06-06T12:22:43.4169682Z /usr/bin/tar: ../../../../../usr/local/lib/android/sdk/platforms/android-34-ext12/data/res/values-mcc001-mnc01-te: Cannot utime: Operation not permitted
build	Cache Android SDK	2026-06-06T12:22:43.4170147Z /usr/bin/tar: ../../../../../usr/local/lib/android/sdk/platforms/android-34-ext12/data/res/values-mcc001-mnc01-te: Cannot change mode to rwxr-xr-x: Operation not permitted
build	Cache Android SDK	2026-06-06T12:22:43.4172634Z /usr/bin/tar: ../../../../../usr/local/lib/android/sdk/platforms/android-34-ext12/data/res/values-mcc310-mnc310-mr: Cannot utime: Operation not permitted
build	Cache Android SDK	2026-06-06T12:22:43.4173241Z /usr/bin/tar: ../../../../../usr/local/lib/android/sdk/platforms/android-34-ext12/data/res/values-mcc310-mnc310-mr: Cannot change mode to rwxr-xr-x: Operation not permitted
build	Cache Android SDK	2026-06-06T12:22:43.4175649Z /usr/bin/tar: ../../../../../usr/local/lib/android/sdk/platforms/android-34-ext12/data/res/values-mcc310-mnc660-tr: Cannot utime: Operation not permitted
build	Cache Android SDK	2026-06-06T12:22:43.4176117Z /usr/bin/tar: ../../../../../usr/local/lib/android/sdk/platforms/android-34-ext12/data/res/values-mcc310-mnc660-tr: Cannot change mode to rwxr-xr-x: Operation not permitted
build	Cache Android SDK	2026-06-06T12:22:43.4179534Z /usr/bin/tar: ../../../../../usr/local/lib/android/sdk/platforms/android-34-ext12/data/res/values-mcc302-mnc370-iw: Cannot utime: Operation not permitted
build	Cache Android SDK	2026-06-06T12:22:43.4180144Z /usr/bin/tar: ../../../../../usr/local/lib/android/sdk/platforms/android-34-ext12/data/res/values-mcc302-mnc370-iw: Cannot change mode to rwxr-xr-x: Operation not permitted
build	Cache Android SDK	2026-06-06T12:22:43.4183551Z /usr/bin/tar: ../../../../../usr/local/lib/android/sdk/platforms/android-34-ext12/data/res/values-mcc334-mnc020-tr: Cannot utime: Operation not permitted
build	Cache Android SDK	2026-06-06T12:22:43.4184104Z /usr/bin/tar: ../../../../../usr/local/lib/android/sdk/platforms/android-34-ext12/data/res/values-mcc334-mnc020-tr: Cannot change mode to rwxr-xr-x: Operation not permitted
build	Cache Android SDK	2026-06-06T12:22:43.4188033Z /usr/bin/tar: ../../../../../usr/local/lib/android/sdk/platforms/android-34-ext12/data/res/values-mcc310-mnc030-in: Cannot utime: Operation not permitted
build	Cache Android SDK	2026-06-06T12:22:43.4188589Z /usr/bin/tar: ../../../../../usr/local/lib/android/sdk/platforms/android-34-ext12/data/res/values-mcc310-mnc030-in: Cannot change mode to rwxr-xr-x: Operation not permitted
build	Cache Android SDK	2026-06-06T12:22:43.4191345Z /usr/bin/tar: ../../../../../usr/local/lib/android/sdk/platforms/android-34-ext12/data/res/values-mcc310-mnc310-ne: Cannot utime: Operation not permitted
build	Cache Android SDK	2026-06-06T12:22:43.4191830Z /usr/bin/tar: ../../../../../usr/local/lib/android/sdk/platforms/android-34-ext12/data/res/values-mcc310-mnc310-ne: Cannot change mode to rwxr-xr-x: Operation not permitted
build	Cache Android SDK	2026-06-06T12:22:43.4197690Z /usr/bin/tar: ../../../../../usr/local/lib/android/sdk/platforms/android-34-ext12/data/res/values-mcc310-mnc240-de: Cannot utime: Operation not permitted
build	Cache Android SDK	2026-06-06T12:22:43.4198165Z /usr/bin/tar: ../../../../../usr/local/lib/android/sdk/platforms/android-34-ext12/data/res/values-mcc310-mnc240-de: Cannot change mode to rwxr-xr-x: Operation not permitted
build	Cache Android SDK	2026-06-06T12:22:43.4201839Z /usr/bin/tar: ../../../../../usr/local/lib/android/sdk/platforms/android-34-ext12/data/res/values-mcc310-mnc490-bn: Cannot utime: Operation not permitted
build	Cache Android SDK	2026-06-06T12:22:43.4202312Z /usr/bin/tar: ../../../../../usr/local/lib/android/sdk/platforms/android-34-ext12/data/res/values-mcc310-mnc490-bn: Cannot change mode to rwxr-xr-x: Operation not permitted
build	Cache Android SDK	2026-06-06T12:22:43.4205758Z /usr/bin/tar: ../../../../../usr/local/lib/android/sdk/platforms/android-34-ext12/data/res/values-mcc310-mnc280-sq: Cannot utime: Operation not permitted
build	Cache Android SDK	2026-06-06T12:22:43.4206292Z /usr/bin/tar: ../../../../../usr/local/lib/android/sdk/platforms/android-34-ext12/data/res/values-mcc310-mnc280-sq: Cannot change mode to rwxr-xr-x: Operation not permitted
build	Cache Android SDK	2026-06-06T12:22:43.4209488Z /usr/bin/tar: ../../../../../usr/local/lib/android/sdk/platforms/android-34-ext12/data/res/values-mcc310-mnc380-si: Cannot utime: Operation not permitted
build	Cache Android SDK	2026-06-06T12:22:43.4209959Z /usr/bin/tar: ../../../../../usr/local/lib/android/sdk/platforms/android-34-ext12/data/res/values-mcc310-mnc380-si: Cannot change mode to rwxr-xr-x: Operation not permitted
build	Cache Android SDK	2026-06-06T12:22:43.4212878Z /usr/bin/tar: ../../../../../usr/local/lib/android/sdk/platforms/android-34-ext12/data/res/values-mcc313-mnc100-zh-rTW: Cannot utime: Operation not permitted
build	Cache Android SDK	2026-06-06T12:22:43.4213369Z /usr/bin/tar: ../../../../../usr/local/lib/android/sdk/platforms/android-34-ext12/data/res/values-mcc313-mnc100-zh-rTW: Cannot change mode to rwxr-xr-x: Operation not permitted
build	Cache Android SDK	2026-06-06T12:22:43.4218511Z /usr/bin/tar: ../../../../../usr/local/lib/android/sdk/platforms/android-34-ext12/data/res/values-mcc310-mnc250-pt-rBR: Cannot utime: Operation not permitted
build	Cache Android SDK	2026-06-06T12:22:43.4219013Z /usr/bin/tar: ../../../../../usr/local/lib/android/sdk/platforms/android-34-ext12/data/res/values-mcc310-mnc250-pt-rBR: Cannot change mode to rwxr-xr-x: Operation not permitted
build	Cache Android SDK	2026-06-06T12:22:43.4221591Z /usr/bin/tar: ../../../../../usr/local/lib/android/sdk/platforms/android-34-ext12/data/res/values-mcc310-mnc310-kn: Cannot utime: Operation not permitted
build	Cache Android SDK	2026-06-06T12:22:43.4222060Z /usr/bin/tar: ../../../../../usr/local/lib/android/sdk/platforms/android-34-ext12/data/res/values-mcc310-mnc310-kn: Cannot change mode to rwxr-xr-x: Operation not permitted
build	Cache Android SDK	2026-06-06T12:22:43.4225306Z /usr/bin/tar: ../../../../../usr/local/lib/android/sdk/platforms/android-34-ext12/data/res/values-mcc310-mnc230-sk: Cannot utime: Operation not permitted
build	Cache Android SDK	2026-06-06T12:22:43.4225780Z /usr/bin/tar: ../../../../../usr/local/lib/android/sdk/platforms/android-34-ext12/data/res/values-mcc310-mnc230-sk: Cannot change mode to rwxr-xr-x: Operation not permitted
build	Cache Android SDK	2026-06-06T12:22:43.4228852Z /usr/bin/tar: ../../../../../usr/local/lib/android/sdk/platforms/android-34-ext12/data/res/values-mcc310-mnc800-ne: Cannot utime: Operation not permitted
build	Cache Android SDK	2026-06-06T12:22:43.4229324Z /usr/bin/tar: ../../../../../usr/local/lib/android/sdk/platforms/android-34-ext12/data/res/values-mcc310-mnc800-ne: Cannot change mode to rwxr-xr-x: Operation not permitted
build	Cache Android SDK	2026-06-06T12:22:43.4232165Z /usr/bin/tar: ../../../../../usr/local/lib/android/sdk/platforms/android-34-ext12/data/res/values-mcc310-mnc220-mk: Cannot utime: Operation not permitted
build	Cache Android SDK	2026-06-06T12:22:43.4232620Z /usr/bin/tar: ../../../../../usr/local/lib/android/sdk/platforms/android-34-ext12/data/res/values-mcc310-mnc220-mk: Cannot change mode to rwxr-xr-x: Operation not permitted
build	Cache Android SDK	2026-06-06T12:22:43.4235498Z /usr/bin/tar: ../../../../../usr/local/lib/android/sdk/platforms/android-34-ext12/data/res/values-mcc312-mnc670-lt: Cannot utime: Operation not permitted
build	Cache Android SDK	2026-06-06T12:22:43.4235970Z /usr/bin/tar: ../../../../../usr/local/lib/android/sdk/platforms/android-34-ext12/data/res/values-mcc312-mnc670-lt: Cannot change mode to rwxr-xr-x: Operation not permitted
build	Cache Android SDK	2026-06-06T12:22:43.4239486Z /usr/bin/tar: ../../../../../usr/local/lib/android/sdk/platforms/android-34-ext12/data/res/values-mcc310-mnc950-fi: Cannot utime: Operation not permitted
build	Cache Android SDK	2026-06-06T12:22:43.4239947Z /usr/bin/tar: ../../../../../usr/local/lib/android/sdk/platforms/android-34-ext12/data/res/values-mcc310-mnc950-fi: Cannot change mode to rwxr-xr-x: Operation not permitted
build	Cache Android SDK	2026-06-06T12:22:43.4242610Z /usr/bin/tar: ../../../../../usr/local/lib/android/sdk/platforms/android-34-ext12/data/res/values-mcc302-mnc720-zh-rTW: Cannot utime: Operation not permitted
build	Cache Android SDK	2026-06-06T12:22:43.4243096Z /usr/bin/tar: ../../../../../usr/local/lib/android/sdk/platforms/android-34-ext12/data/res/values-mcc302-mnc720-zh-rTW: Cannot change mode to rwxr-xr-x: Operation not permitted
build	Cache Android SDK	2026-06-06T12:22:43.4246186Z /usr/bin/tar: ../../../../../usr/local/lib/android/sdk/platforms/android-34-ext12/data/res/values-mcc302-mnc370-te: Cannot utime: Operation not permitted
build	Cache Android SDK	2026-06-06T12:22:43.4246649Z /usr/bin/tar: ../../../../../usr/local/lib/android/sdk/platforms/android-34-ext12/data/res/values-mcc302-mnc370-te: Cannot change mode to rwxr-xr-x: Operation not permitted
build	Cache Android SDK	2026-06-06T12:22:43.4253319Z /usr/bin/tar: ../../../../../usr/local/lib/android/sdk/platforms/android-34-ext12/data/res/values-ms: Cannot utime: Operation not permitted
build	Cache Android SDK	2026-06-06T12:22:43.4253799Z /usr/bin/tar: ../../../../../usr/local/lib/android/sdk/platforms/android-34-ext12/data/res/values-ms: Cannot change mode to rwxr-xr-x: Operation not permitted
build	Cache Android SDK	2026-06-06T12:22:43.4257699Z /usr/bin/tar: ../../../../../usr/local/lib/android/sdk/platforms/android-34-ext12/data/res/values-mcc310-mnc270-pt: Cannot utime: Operation not permitted
build	Cache Android SDK	2026-06-06T12:22:43.4258353Z /usr/bin/tar: ../../../../../usr/local/lib/android/sdk/platforms/android-34-ext12/data/res/values-mcc310-mnc270-pt: Cannot change mode to rwxr-xr-x: Operation not permitted
build	Cache Android SDK	2026-06-06T12:22:43.4260531Z /usr/bin/tar: ../../../../../usr/local/lib/android/sdk/platforms/android-34-ext12/data/res/values-mcc310-mnc310-kk: Cannot utime: Operation not permitted
build	Cache Android SDK	2026-06-06T12:22:43.4261006Z /usr/bin/tar: ../../../../../usr/local/lib/android/sdk/platforms/android-34-ext12/data/res/values-mcc310-mnc310-kk: Cannot change mode to rwxr-xr-x: Operation not permitted
build	Cache Android SDK	2026-06-06T12:22:43.4263768Z /usr/bin/tar: ../../../../../usr/local/lib/android/sdk/platforms/android-34-ext12/data/res/raw-pt-rBR: Cannot utime: Operation not permitted
build	Cache Android SDK	2026-06-06T12:22:43.4264218Z /usr/bin/tar: ../../../../../usr/local/lib/android/sdk/platforms/android-34-ext12/data/res/raw-pt-rBR: Cannot change mode to rwxr-xr-x: Operation not permitted
build	Cache Android SDK	2026-06-06T12:22:43.4267313Z /usr/bin/tar: ../../../../../usr/local/lib/android/sdk/platforms/android-34-ext12/data/res/values-mcc310-mnc160-fi: Cannot utime: Operation not permitted
build	Cache Android SDK	2026-06-06T12:22:43.4268018Z /usr/bin/tar: ../../../../../usr/local/lib/android/sdk/platforms/android-34-ext12/data/res/values-mcc310-mnc160-fi: Cannot change mode to rwxr-xr-x: Operation not permitted
build	Cache Android SDK	2026-06-06T12:22:43.4272607Z /usr/bin/tar: ../../../../../usr/local/lib/android/sdk/platforms/android-34-ext12/data/res/values-mcc310-mnc950-da: Cannot utime: Operation not permitted
build	Cache Android SDK	2026-06-06T12:22:43.4273113Z /usr/bin/tar: ../../../../../usr/local/lib/android/sdk/platforms/android-34-ext12/data/res/values-mcc310-mnc950-da: Cannot change mode to rwxr-xr-x: Operation not permitted
build	Cache Android SDK	2026-06-06T12:22:43.4275810Z /usr/bin/tar: ../../../../../usr/local/lib/android/sdk/platforms/android-34-ext12/data/res/values-mcc310-mnc220-fi: Cannot utime: Operation not permitted
build	Cache Android SDK	2026-06-06T12:22:43.4276289Z /usr/bin/tar: ../../../../../usr/local/lib/android/sdk/platforms/android-34-ext12/data/res/values-mcc310-mnc220-fi: Cannot change mode to rwxr-xr-x: Operation not permitted
build	Cache Android SDK	2026-06-06T12:22:43.4279057Z /usr/bin/tar: ../../../../../usr/local/lib/android/sdk/platforms/android-34-ext12/data/res/values-mcc310-mnc210-it: Cannot utime: Operation not permitted
build	Cache Android SDK	2026-06-06T12:22:43.4279529Z /usr/bin/tar: ../../../../../usr/local/lib/android/sdk/platforms/android-34-ext12/data/res/values-mcc310-mnc210-it: Cannot change mode to rwxr-xr-x: Operation not permitted
build	Cache Android SDK	2026-06-06T12:22:43.4282304Z /usr/bin/tar: ../../../../../usr/local/lib/android/sdk/platforms/android-34-ext12/data/res/values-mcc310-mnc490-lt: Cannot utime: Operation not permitted
build	Cache Android SDK	2026-06-06T12:22:43.4282769Z /usr/bin/tar: ../../../../../usr/local/lib/android/sdk/platforms/android-34-ext12/data/res/values-mcc310-mnc490-lt: Cannot change mode to rwxr-xr-x: Operation not permitted
build	Cache Android SDK	2026-06-06T12:22:43.4285162Z /usr/bin/tar: ../../../../../usr/local/lib/android/sdk/platforms/android-34-ext12/data/res/values-mcc310-mnc220-bg: Cannot utime: Operation not permitted
build	Cache Android SDK	2026-06-06T12:22:43.4285644Z /usr/bin/tar: ../../../../../usr/local/lib/android/sdk/platforms/android-34-ext12/data/res/values-mcc310-mnc220-bg: Cannot change mode to rwxr-xr-x: Operation not permitted
build	Cache Android SDK	2026-06-06T12:22:43.4288542Z /usr/bin/tar: ../../../../../usr/local/lib/android/sdk/platforms/android-34-ext12/data/res/values-mcc334-mnc020-ms: Cannot utime: Operation not permitted
build	Cache Android SDK	2026-06-06T12:22:43.4289024Z /usr/bin/tar: ../../../../../usr/local/lib/android/sdk/platforms/android-34-ext12/data/res/values-mcc334-mnc020-ms: Cannot change mode to rwxr-xr-x: Operation not permitted
build	Cache Android SDK	2026-06-06T12:22:43.4291706Z /usr/bin/tar: ../../../../../usr/local/lib/android/sdk/platforms/android-34-ext12/data/res/values-mcc310-mnc950-or: Cannot utime: Operation not permitted
build	Cache Android SDK	2026-06-06T12:22:43.4292180Z /usr/bin/tar: ../../../../../usr/local/lib/android/sdk/platforms/android-34-ext12/data/res/values-mcc310-mnc950-or: Cannot change mode to rwxr-xr-x: Operation not permitted
build	Cache Android SDK	2026-06-06T12:22:43.4294846Z /usr/bin/tar: ../../../../../usr/local/lib/android/sdk/platforms/android-34-ext12/data/res/values-mcc310-mnc800-eu: Cannot utime: Operation not permitted
build	Cache Android SDK	2026-06-06T12:22:43.4295445Z /usr/bin/tar: ../../../../../usr/local/lib/android/sdk/platforms/android-34-ext12/data/res/values-mcc310-mnc800-eu: Cannot change mode to rwxr-xr-x: Operation not permitted
build	Cache Android SDK	2026-06-06T12:22:43.4298130Z /usr/bin/tar: ../../../../../usr/local/lib/android/sdk/platforms/android-34-ext12/data/res/values-mcc310-mnc030-lv: Cannot utime: Operation not permitted
build	Cache Android SDK	2026-06-06T12:22:43.4298599Z /usr/bin/tar: ../../../../../usr/local/lib/android/sdk/platforms/android-34-ext12/data/res/values-mcc310-mnc030-lv: Cannot change mode to rwxr-xr-x: Operation not permitted
build	Cache Android SDK	2026-06-06T12:22:43.4301023Z /usr/bin/tar: ../../../../../usr/local/lib/android/sdk/platforms/android-34-ext12/data/res/values-mcc311-mnc180-da: Cannot utime: Operation not permitted
build	Cache Android SDK	2026-06-06T12:22:43.4301617Z /usr/bin/tar: ../../../../../usr/local/lib/android/sdk/platforms/android-34-ext12/data/res/values-mcc311-mnc180-da: Cannot change mode to rwxr-xr-x: Operation not permitted
build	Cache Android SDK	2026-06-06T12:22:43.4304119Z /usr/bin/tar: ../../../../../usr/local/lib/android/sdk/platforms/android-34-ext12/data/res/values-mcc310-mnc210-my: Cannot utime: Operation not permitted
build	Cache Android SDK	2026-06-06T12:22:43.4304588Z /usr/bin/tar: ../../../../../usr/local/lib/android/sdk/platforms/android-34-ext12/data/res/values-mcc310-mnc210-my: Cannot change mode to rwxr-xr-x: Operation not permitted
build	Cache Android SDK	2026-06-06T12:22:43.4306837Z /usr/bin/tar: ../../../../../usr/local/lib/android/sdk/platforms/android-34-ext12/data/res/values-mcc310-mnc660: Cannot utime: Operation not permitted
build	Cache Android SDK	2026-06-06T12:22:43.4307316Z /usr/bin/tar: ../../../../../usr/local/lib/android/sdk/platforms/android-34-ext12/data/res/values-mcc310-mnc660: Cannot change mode to rwxr-xr-x: Operation not permitted
build	Cache Android SDK	2026-06-06T12:22:43.4310503Z /usr/bin/tar: ../../../../../usr/local/lib/android/sdk/platforms/android-34-ext12/data/res/values-mcc312-mnc670-eu: Cannot utime: Operation not permitted
build	Cache Android SDK	2026-06-06T12:22:43.4310985Z /usr/bin/tar: ../../../../../usr/local/lib/android/sdk/platforms/android-34-ext12/data/res/values-mcc312-mnc670-eu: Cannot change mode to rwxr-xr-x: Operation not permitted
build	Cache Android SDK	2026-06-06T12:22:43.4313695Z /usr/bin/tar: ../../../../../usr/local/lib/android/sdk/platforms/android-34-ext12/data/res/values-uk-television: Cannot utime: Operation not permitted
build	Cache Android SDK	2026-06-06T12:22:43.4314159Z /usr/bin/tar: ../../../../../usr/local/lib/android/sdk/platforms/android-34-ext12/data/res/values-uk-television: Cannot change mode to rwxr-xr-x: Operation not permitted
build	Cache Android SDK	2026-06-06T12:22:43.4317085Z /usr/bin/tar: ../../../../../usr/local/lib/android/sdk/platforms/android-34-ext12/data/res/values-mcc310-mnc950-en-rCA: Cannot utime: Operation not permitted
build	Cache Android SDK	2026-06-06T12:22:43.4317793Z /usr/bin/tar: ../../../../../usr/local/lib/android/sdk/platforms/android-34-ext12/data/res/values-mcc310-mnc950-en-rCA: Cannot change mode to rwxr-xr-x: Operation not permitted
build	Cache Android SDK	2026-06-06T12:22:43.4320535Z /usr/bin/tar: ../../../../../usr/local/lib/android/sdk/platforms/android-34-ext12/data/res/values-mcc310-mnc560-et: Cannot utime: Operation not permitted
build	Cache Android SDK	2026-06-06T12:22:43.4321023Z /usr/bin/tar: ../../../../../usr/local/lib/android/sdk/platforms/android-34-ext12/data/res/values-mcc310-mnc560-et: Cannot change mode to rwxr-xr-x: Operation not permitted
build	Cache Android SDK	2026-06-06T12:22:43.4323834Z /usr/bin/tar: ../../../../../usr/local/lib/android/sdk/platforms/android-34-ext12/data/res/values-mcc310-mnc560: Cannot utime: Operation not permitted
build	Cache Android SDK	2026-06-06T12:22:43.4324387Z /usr/bin/tar: ../../../../../usr/local/lib/android/sdk/platforms/android-34-ext12/data/res/values-mcc310-mnc560: Cannot change mode to rwxr-xr-x: Operation not permitted
build	Cache Android SDK	2026-06-06T12:22:43.4327796Z /usr/bin/tar: ../../../../../usr/local/lib/android/sdk/platforms/android-34-ext12/data/res/values-mcc310-mnc660-eu: Cannot utime: Operation not permitted
build	Cache Android SDK	2026-06-06T12:22:43.4328287Z /usr/bin/tar: ../../../../../usr/local/lib/android/sdk/platforms/android-34-ext12/data/res/values-mcc310-mnc660-eu: Cannot change mode to rwxr-xr-x: Operation not permitted
build	Cache Android SDK	2026-06-06T12:22:43.4330795Z /usr/bin/tar: ../../../../../usr/local/lib/android/sdk/platforms/android-34-ext12/data/res/values-mcc310-mnc150-uz: Cannot utime: Operation not permitted
build	Cache Android SDK	2026-06-06T12:22:43.4331267Z /usr/bin/tar: ../../../../../usr/local/lib/android/sdk/platforms/android-34-ext12/data/res/values-mcc310-mnc150-uz: Cannot change mode to rwxr-xr-x: Operation not permitted
build	Cache Android SDK	2026-06-06T12:22:43.4333879Z /usr/bin/tar: ../../../../../usr/local/lib/android/sdk/platforms/android-34-ext12/data/res/values-mcc302-mnc370-lo: Cannot utime: Operation not permitted
build	Cache Android SDK	2026-06-06T12:22:43.4334355Z /usr/bin/tar: ../../../../../usr/local/lib/android/sdk/platforms/android-34-ext12/data/res/values-mcc302-mnc370-lo: Cannot change mode to rwxr-xr-x: Operation not permitted
build	Cache Android SDK	2026-06-06T12:22:43.4337609Z /usr/bin/tar: ../../../../../usr/local/lib/android/sdk/platforms/android-34-ext12/data/res/values-mcc310-mnc380-tl: Cannot utime: Operation not permitted
build	Cache Android SDK	2026-06-06T12:22:43.4338083Z /usr/bin/tar: ../../../../../usr/local/lib/android/sdk/platforms/android-34-ext12/data/res/values-mcc310-mnc380-tl: Cannot change mode to rwxr-xr-x: Operation not permitted
build	Cache Android SDK	2026-06-06T12:22:43.4340863Z /usr/bin/tar: ../../../../../usr/local/lib/android/sdk/platforms/android-34-ext12/data/res/values-fi-rFI: Cannot utime: Operation not permitted
build	Cache Android SDK	2026-06-06T12:22:43.4341315Z /usr/bin/tar: ../../../../../usr/local/lib/android/sdk/platforms/android-34-ext12/data/res/values-fi-rFI: Cannot change mode to rwxr-xr-x: Operation not permitted
build	Cache Android SDK	2026-06-06T12:22:43.4344100Z /usr/bin/tar: ../../../../../usr/local/lib/android/sdk/platforms/android-34-ext12/data/res/values-mcc310-mnc280-vi: Cannot utime: Operation not permitted
build	Cache Android SDK	2026-06-06T12:22:43.4344572Z /usr/bin/tar: ../../../../../usr/local/lib/android/sdk/platforms/android-34-ext12/data/res/values-mcc310-mnc280-vi: Cannot change mode to rwxr-xr-x: Operation not permitted
build	Cache Android SDK	2026-06-06T12:22:43.4347575Z /usr/bin/tar: ../../../../../usr/local/lib/android/sdk/platforms/android-34-ext12/data/res/values-mcc310-mnc280-ru: Cannot utime: Operation not permitted
build	Cache Android SDK	2026-06-06T12:22:43.4348060Z /usr/bin/tar: ../../../../../usr/local/lib/android/sdk/platforms/android-34-ext12/data/res/values-mcc310-mnc280-ru: Cannot change mode to rwxr-xr-x: Operation not permitted
build	Cache Android SDK	2026-06-06T12:22:43.4350179Z /usr/bin/tar: ../../../../../usr/local/lib/android/sdk/platforms/android-34-ext12/data/res/values-mcc310-mnc800-in: Cannot utime: Operation not permitted
build	Cache Android SDK	2026-06-06T12:22:43.4350655Z /usr/bin/tar: ../../../../../usr/local/lib/android/sdk/platforms/android-34-ext12/data/res/values-mcc310-mnc800-in: Cannot change mode to rwxr-xr-x: Operation not permitted
build	Cache Android SDK	2026-06-06T12:22:43.4353158Z /usr/bin/tar: ../../../../../usr/local/lib/android/sdk/platforms/android-34-ext12/data/res/values-mcc310-mnc490-tr: Cannot utime: Operation not permitted
build	Cache Android SDK	2026-06-06T12:22:43.4353642Z /usr/bin/tar: ../../../../../usr/local/lib/android/sdk/platforms/android-34-ext12/data/res/values-mcc310-mnc490-tr: Cannot change mode to rwxr-xr-x: Operation not permitted
build	Cache Android SDK	2026-06-06T12:22:43.4355970Z /usr/bin/tar: ../../../../../usr/local/lib/android/sdk/platforms/android-34-ext12/data/res/values-mcc310-mnc380-bg: Cannot utime: Operation not permitted
build	Cache Android SDK	2026-06-06T12:22:43.4356442Z /usr/bin/tar: ../../../../../usr/local/lib/android/sdk/platforms/android-34-ext12/data/res/values-mcc310-mnc380-bg: Cannot change mode to rwxr-xr-x: Operation not permitted
build	Cache Android SDK	2026-06-06T12:22:43.4359121Z /usr/bin/tar: ../../../../../usr/local/lib/android/sdk/platforms/android-34-ext12/data/res/values-mcc302-mnc370-km: Cannot utime: Operation not permitted
build	Cache Android SDK	2026-06-06T12:22:43.4359590Z /usr/bin/tar: ../../../../../usr/local/lib/android/sdk/platforms/android-34-ext12/data/res/values-mcc302-mnc370-km: Cannot change mode to rwxr-xr-x: Operation not permitted
build	Cache Android SDK	2026-06-06T12:22:43.4362162Z /usr/bin/tar: ../../../../../usr/local/lib/android/sdk/platforms/android-34-ext12/data/res/values-mcc310-mnc170-si: Cannot utime: Operation not permitted
build	Cache Android SDK	2026-06-06T12:22:43.4362772Z /usr/bin/tar: ../../../../../usr/local/lib/android/sdk/platforms/android-34-ext12/data/res/values-mcc310-mnc170-si: Cannot change mode to rwxr-xr-x: Operation not permitted
build	Cache Android SDK	2026-06-06T12:22:43.4365143Z /usr/bin/tar: ../../../../../usr/local/lib/android/sdk/platforms/android-34-ext12/data/res/values-de-rLI: Cannot utime: Operation not permitted
build	Cache Android SDK	2026-06-06T12:22:43.4365597Z /usr/bin/tar: ../../../../../usr/local/lib/android/sdk/platforms/android-34-ext12/data/res/values-de-rLI: Cannot change mode to rwxr-xr-x: Operation not permitted
build	Cache Android SDK	2026-06-06T12:22:43.4368082Z /usr/bin/tar: ../../../../../usr/local/lib/android/sdk/platforms/android-34-ext12/data/res/values-mcc310-mnc200-pl: Cannot utime: Operation not permitted
build	Cache Android SDK	2026-06-06T12:22:43.4368553Z /usr/bin/tar: ../../../../../usr/local/lib/android/sdk/platforms/android-34-ext12/data/res/values-mcc310-mnc200-pl: Cannot change mode to rwxr-xr-x: Operation not permitted
build	Cache Android SDK	2026-06-06T12:22:43.4371009Z /usr/bin/tar: ../../../../../usr/local/lib/android/sdk/platforms/android-34-ext12/data/res/values-mcc001-mnc01-en-rCA: Cannot utime: Operation not permitted
build	Cache Android SDK	2026-06-06T12:22:43.4371507Z /usr/bin/tar: ../../../../../usr/local/lib/android/sdk/platforms/android-34-ext12/data/res/values-mcc001-mnc01-en-rCA: Cannot change mode to rwxr-xr-x: Operation not permitted
build	Cache Android SDK	2026-06-06T12:22:43.4374076Z /usr/bin/tar: ../../../../../usr/local/lib/android/sdk/platforms/android-34-ext12/data/res/values-mcc310-mnc170-tr: Cannot utime: Operation not permitted
build	Cache Android SDK	2026-06-06T12:22:43.4374545Z /usr/bin/tar: ../../../../../usr/local/lib/android/sdk/platforms/android-34-ext12/data/res/values-mcc310-mnc170-tr: Cannot change mode to rwxr-xr-x: Operation not permitted
build	Cache Android SDK	2026-06-06T12:22:43.4377025Z /usr/bin/tar: ../../../../../usr/local/lib/android/sdk/platforms/android-34-ext12/data/res/values-mcc310-mnc490-nl: Cannot utime: Operation not permitted
build	Cache Android SDK	2026-06-06T12:22:43.4377672Z /usr/bin/tar: ../../../../../usr/local/lib/android/sdk/platforms/android-34-ext12/data/res/values-mcc310-mnc490-nl: Cannot change mode to rwxr-xr-x: Operation not permitted
build	Cache Android SDK	2026-06-06T12:22:43.4380159Z /usr/bin/tar: ../../../../../usr/local/lib/android/sdk/platforms/android-34-ext12/data/res/values-mcc310-mnc030-ne: Cannot utime: Operation not permitted
build	Cache Android SDK	2026-06-06T12:22:43.4380624Z /usr/bin/tar: ../../../../../usr/local/lib/android/sdk/platforms/android-34-ext12/data/res/values-mcc310-mnc030-ne: Cannot change mode to rwxr-xr-x: Operation not permitted
build	Cache Android SDK	2026-06-06T12:22:43.4383227Z /usr/bin/tar: ../../../../../usr/local/lib/android/sdk/platforms/android-34-ext12/data/res/values-mcc310-mnc150-lo: Cannot utime: Operation not permitted
build	Cache Android SDK	2026-06-06T12:22:43.4383696Z /usr/bin/tar: ../../../../../usr/local/lib/android/sdk/platforms/android-34-ext12/data/res/values-mcc310-mnc150-lo: Cannot change mode to rwxr-xr-x: Operation not permitted
build	Cache Android SDK	2026-06-06T12:22:43.4386114Z /usr/bin/tar: ../../../../../usr/local/lib/android/sdk/platforms/android-34-ext12/data/res/values-mcc310-mnc800-iw: Cannot utime: Operation not permitted
build	Cache Android SDK	2026-06-06T12:22:43.4386591Z /usr/bin/tar: ../../../../../usr/local/lib/android/sdk/platforms/android-34-ext12/data/res/values-mcc310-mnc800-iw: Cannot change mode to rwxr-xr-x: Operation not permitted
build	Cache Android SDK	2026-06-06T12:22:43.4389323Z /usr/bin/tar: ../../../../../usr/local/lib/android/sdk/platforms/android-34-ext12/data/res/values-mcc310-mnc250-sq: Cannot utime: Operation not permitted
build	Cache Android SDK	2026-06-06T12:22:43.4389785Z /usr/bin/tar: ../../../../../usr/local/lib/android/sdk/platforms/android-34-ext12/data/res/values-mcc310-mnc250-sq: Cannot change mode to rwxr-xr-x: Operation not permitted
build	Cache Android SDK	2026-06-06T12:22:43.4392058Z /usr/bin/tar: ../../../../../usr/local/lib/android/sdk/platforms/android-34-ext12/data/res/values-mcc310-mnc150-ka: Cannot utime: Operation not permitted
build	Cache Android SDK	2026-06-06T12:22:43.4392528Z /usr/bin/tar: ../../../../../usr/local/lib/android/sdk/platforms/android-34-ext12/data/res/values-mcc310-mnc150-ka: Cannot change mode to rwxr-xr-x: Operation not permitted
build	Cache Android SDK	2026-06-06T12:22:43.4395216Z /usr/bin/tar: ../../../../../usr/local/lib/android/sdk/platforms/android-34-ext12/data/res/values-h320dp: Cannot utime: Operation not permitted
build	Cache Android SDK	2026-06-06T12:22:43.4395804Z /usr/bin/tar: ../../../../../usr/local/lib/android/sdk/platforms/android-34-ext12/data/res/values-h320dp: Cannot change mode to rwxr-xr-x: Operation not permitted
build	Cache Android SDK	2026-06-06T12:22:43.4400225Z /usr/bin/tar: ../../../../../usr/local/lib/android/sdk/platforms/android-34-ext12/data/res/values-television: Cannot utime: Operation not permitted
build	Cache Android SDK	2026-06-06T12:22:43.4400705Z /usr/bin/tar: ../../../../../usr/local/lib/android/sdk/platforms/android-34-ext12/data/res/values-television: Cannot change mode to rwxr-xr-x: Operation not permitted
build	Cache Android SDK	2026-06-06T12:22:43.4404283Z /usr/bin/tar: ../../../../../usr/local/lib/android/sdk/platforms/android-34-ext12/data/res/values-mcc310-mnc220-lt: Cannot utime: Operation not permitted
build	Cache Android SDK	2026-06-06T12:22:43.4404924Z /usr/bin/tar: ../../../../../usr/local/lib/android/sdk/platforms/android-34-ext12/data/res/values-mcc310-mnc220-lt: Cannot change mode to rwxr-xr-x: Operation not permitted
build	Cache Android SDK	2026-06-06T12:22:43.4407755Z /usr/bin/tar: ../../../../../usr/local/lib/android/sdk/platforms/android-34-ext12/data/res/values-mcc311-mnc180-en-rXC: Cannot utime: Operation not permitted
build	Cache Android SDK	2026-06-06T12:22:43.4408249Z /usr/bin/tar: ../../../../../usr/local/lib/android/sdk/platforms/android-34-ext12/data/res/values-mcc311-mnc180-en-rXC: Cannot change mode to rwxr-xr-x: Operation not permitted
build	Cache Android SDK	2026-06-06T12:22:43.4410524Z /usr/bin/tar: ../../../../../usr/local/lib/android/sdk/platforms/android-34-ext12/data/res/values-mcc310-mnc640: Cannot utime: Operation not permitted
build	Cache Android SDK	2026-06-06T12:22:43.4410995Z /usr/bin/tar: ../../../../../usr/local/lib/android/sdk/platforms/android-34-ext12/data/res/values-mcc310-mnc640: Cannot change mode to rwxr-xr-x: Operation not permitted
build	Cache Android SDK	2026-06-06T12:22:43.4413687Z /usr/bin/tar: ../../../../../usr/local/lib/android/sdk/platforms/android-34-ext12/data/res/values-mcc208-mnc10-fr: Cannot utime: Operation not permitted
build	Cache Android SDK	2026-06-06T12:22:43.4414162Z /usr/bin/tar: ../../../../../usr/local/lib/android/sdk/platforms/android-34-ext12/data/res/values-mcc208-mnc10-fr: Cannot change mode to rwxr-xr-x: Operation not permitted
build	Cache Android SDK	2026-06-06T12:22:43.4416953Z /usr/bin/tar: ../../../../../usr/local/lib/android/sdk/platforms/android-34-ext12/data/res/values-mcc310-mnc250-ne: Cannot utime: Operation not permitted
build	Cache Android SDK	2026-06-06T12:22:43.4417599Z /usr/bin/tar: ../../../../../usr/local/lib/android/sdk/platforms/android-34-ext12/data/res/values-mcc310-mnc250-ne: Cannot change mode to rwxr-xr-x: Operation not permitted
build	Cache Android SDK	2026-06-06T12:22:43.4420250Z /usr/bin/tar: ../../../../../usr/local/lib/android/sdk/platforms/android-34-ext12/data/res/values-mcc310-mnc310: Cannot utime: Operation not permitted
build	Cache Android SDK	2026-06-06T12:22:43.4420713Z /usr/bin/tar: ../../../../../usr/local/lib/android/sdk/platforms/android-34-ext12/data/res/values-mcc310-mnc310: Cannot change mode to rwxr-xr-x: Operation not permitted
build	Cache Android SDK	2026-06-06T12:22:43.4423309Z /usr/bin/tar: ../../../../../usr/local/lib/android/sdk/platforms/android-34-ext12/data/res/values-mcc310-mnc380-fr-rCA: Cannot utime: Operation not permitted
build	Cache Android SDK	2026-06-06T12:22:43.4423805Z /usr/bin/tar: ../../../../../usr/local/lib/android/sdk/platforms/android-34-ext12/data/res/values-mcc310-mnc380-fr-rCA: Cannot change mode to rwxr-xr-x: Operation not permitted
build	Cache Android SDK	2026-06-06T12:22:43.4426657Z /usr/bin/tar: ../../../../../usr/local/lib/android/sdk/platforms/android-34-ext12/data/res/mipmap-ldpi: Cannot utime: Operation not permitted
build	Cache Android SDK	2026-06-06T12:22:43.4427109Z /usr/bin/tar: ../../../../../usr/local/lib/android/sdk/platforms/android-34-ext12/data/res/mipmap-ldpi: Cannot change mode to rwxr-xr-x: Operation not permitted
build	Cache Android SDK	2026-06-06T12:22:43.4429517Z /usr/bin/tar: ../../../../../usr/local/lib/android/sdk/platforms/android-34-ext12/data/res/values-mcc310-mnc170-iw: Cannot utime: Operation not permitted
build	Cache Android SDK	2026-06-06T12:22:43.4429997Z /usr/bin/tar: ../../../../../usr/local/lib/android/sdk/platforms/android-34-ext12/data/res/values-mcc310-mnc170-iw: Cannot change mode to rwxr-xr-x: Operation not permitted
build	Cache Android SDK	2026-06-06T12:22:43.4436718Z /usr/bin/tar: ../../../../../usr/local/lib/android/sdk/platforms/android-34-ext12/data/res/layout-watch: Cannot utime: Operation not permitted
build	Cache Android SDK	2026-06-06T12:22:43.4437176Z /usr/bin/tar: ../../../../../usr/local/lib/android/sdk/platforms/android-34-ext12/data/res/layout-watch: Cannot change mode to rwxr-xr-x: Operation not permitted
build	Cache Android SDK	2026-06-06T12:22:43.4439936Z /usr/bin/tar: ../../../../../usr/local/lib/android/sdk/platforms/android-34-ext12/data/res/values-mcc311-mnc180-gl: Cannot utime: Operation not permitted
build	Cache Android SDK	2026-06-06T12:22:43.4440408Z /usr/bin/tar: ../../../../../usr/local/lib/android/sdk/platforms/android-34-ext12/data/res/values-mcc311-mnc180-gl: Cannot change mode to rwxr-xr-x: Operation not permitted
build	Cache Android SDK	2026-06-06T12:22:43.4443081Z /usr/bin/tar: ../../../../../usr/local/lib/android/sdk/platforms/android-34-ext12/data/res/values-mcc313-mnc100-pt-rBR: Cannot utime: Operation not permitted
build	Cache Android SDK	2026-06-06T12:22:43.4443713Z /usr/bin/tar: ../../../../../usr/local/lib/android/sdk/platforms/android-34-ext12/data/res/values-mcc313-mnc100-pt-rBR: Cannot change mode to rwxr-xr-x: Operation not permitted
build	Cache Android SDK	2026-06-06T12:22:43.4446092Z /usr/bin/tar: ../../../../../usr/local/lib/android/sdk/platforms/android-34-ext12/data/res/values-mcc310-mnc240-ru: Cannot utime: Operation not permitted
build	Cache Android SDK	2026-06-06T12:22:43.4446570Z /usr/bin/tar: ../../../../../usr/local/lib/android/sdk/platforms/android-34-ext12/data/res/values-mcc310-mnc240-ru: Cannot change mode to rwxr-xr-x: Operation not permitted
build	Cache Android SDK	2026-06-06T12:22:43.4448965Z /usr/bin/tar: ../../../../../usr/local/lib/android/sdk/platforms/android-34-ext12/data/res/values-mcc310-mnc950-ja: Cannot utime: Operation not permitted
build	Cache Android SDK	2026-06-06T12:22:43.4449426Z /usr/bin/tar: ../../../../../usr/local/lib/android/sdk/platforms/android-34-ext12/data/res/values-mcc310-mnc950-ja: Cannot change mode to rwxr-xr-x: Operation not permitted
build	Cache Android SDK	2026-06-06T12:22:43.4456409Z /usr/bin/tar: ../../../../../usr/local/lib/android/sdk/platforms/android-34-ext12/data/res/values-lo: Cannot utime: Operation not permitted
build	Cache Android SDK	2026-06-06T12:22:43.4456862Z /usr/bin/tar: ../../../../../usr/local/lib/android/sdk/platforms/android-34-ext12/data/res/values-lo: Cannot change mode to rwxr-xr-x: Operation not permitted
build	Cache Android SDK	2026-06-06T12:22:43.4459358Z /usr/bin/tar: ../../../../../usr/local/lib/android/sdk/platforms/android-34-ext12/data/res/values-mcc310-mnc170-ru: Cannot utime: Operation not permitted
build	Cache Android SDK	2026-06-06T12:22:43.4459831Z /usr/bin/tar: ../../../../../usr/local/lib/android/sdk/platforms/android-34-ext12/data/res/values-mcc310-mnc170-ru: Cannot change mode to rwxr-xr-x: Operation not permitted
build	Cache Android SDK	2026-06-06T12:22:43.4462077Z /usr/bin/tar: ../../../../../usr/local/lib/android/sdk/platforms/android-34-ext12/data/res/values-mcc310-mnc310-pt-rPT: Cannot utime: Operation not permitted
build	Cache Android SDK	2026-06-06T12:22:43.4462576Z /usr/bin/tar: ../../../../../usr/local/lib/android/sdk/platforms/android-34-ext12/data/res/values-mcc310-mnc310-pt-rPT: Cannot change mode to rwxr-xr-x: Operation not permitted
build	Cache Android SDK	2026-06-06T12:22:43.4465138Z /usr/bin/tar: ../../../../../usr/local/lib/android/sdk/platforms/android-34-ext12/data/res/values-mcc310-mnc150-fa: Cannot utime: Operation not permitted
build	Cache Android SDK	2026-06-06T12:22:43.4465609Z /usr/bin/tar: ../../../../../usr/local/lib/android/sdk/platforms/android-34-ext12/data/res/values-mcc310-mnc150-fa: Cannot change mode to rwxr-xr-x: Operation not permitted
build	Cache Android SDK	2026-06-06T12:22:43.4468261Z /usr/bin/tar: ../../../../../usr/local/lib/android/sdk/platforms/android-34-ext12/data/res/values-mcc310-mnc380-gl: Cannot utime: Operation not permitted
build	Cache Android SDK	2026-06-06T12:22:43.4468727Z /usr/bin/tar: ../../../../../usr/local/lib/android/sdk/platforms/android-34-ext12/data/res/values-mcc310-mnc380-gl: Cannot change mode to rwxr-xr-x: Operation not permitted
build	Cache Android SDK	2026-06-06T12:22:43.4471444Z /usr/bin/tar: ../../../../../usr/local/lib/android/sdk/platforms/android-34-ext12/data/res/values-mcc310-mnc210-de: Cannot utime: Operation not permitted
build	Cache Android SDK	2026-06-06T12:22:43.4471977Z /usr/bin/tar: ../../../../../usr/local/lib/android/sdk/platforms/android-34-ext12/data/res/values-mcc310-mnc210-de: Cannot change mode to rwxr-xr-x: Operation not permitted
build	Cache Android SDK	2026-06-06T12:22:43.4474639Z /usr/bin/tar: ../../../../../usr/local/lib/android/sdk/platforms/android-34-ext12/data/res/values-mcc310-mnc310-ko: Cannot utime: Operation not permitted
build	Cache Android SDK	2026-06-06T12:22:43.4475121Z /usr/bin/tar: ../../../../../usr/local/lib/android/sdk/platforms/android-34-ext12/data/res/values-mcc310-mnc310-ko: Cannot change mode to rwxr-xr-x: Operation not permitted
build	Cache Android SDK	2026-06-06T12:22:43.4477338Z /usr/bin/tar: ../../../../../usr/local/lib/android/sdk/platforms/android-34-ext12/data/res/values-mcc310-mnc220-sv: Cannot utime: Operation not permitted
build	Cache Android SDK	2026-06-06T12:22:43.4477990Z /usr/bin/tar: ../../../../../usr/local/lib/android/sdk/platforms/android-34-ext12/data/res/values-mcc310-mnc220-sv: Cannot change mode to rwxr-xr-x: Operation not permitted
build	Cache Android SDK	2026-06-06T12:22:43.4480409Z /usr/bin/tar: ../../../../../usr/local/lib/android/sdk/platforms/android-34-ext12/data/res/values-b+sr+Latn-television: Cannot utime: Operation not permitted
build	Cache Android SDK	2026-06-06T12:22:43.4480981Z /usr/bin/tar: ../../../../../usr/local/lib/android/sdk/platforms/android-34-ext12/data/res/values-b+sr+Latn-television: Cannot change mode to rwxr-xr-x: Operation not permitted
build	Cache Android SDK	2026-06-06T12:22:43.4484288Z /usr/bin/tar: ../../../../../usr/local/lib/android/sdk/platforms/android-34-ext12/data/res/values-mcc310-mnc660-fr-rCA: Cannot utime: Operation not permitted
build	Cache Android SDK	2026-06-06T12:22:43.4485210Z /usr/bin/tar: ../../../../../usr/local/lib/android/sdk/platforms/android-34-ext12/data/res/values-mcc310-mnc660-fr-rCA: Cannot change mode to rwxr-xr-x: Operation not permitted
build	Cache Android SDK	2026-06-06T12:22:43.4488747Z /usr/bin/tar: ../../../../../usr/local/lib/android/sdk/platforms/android-34-ext12/data/res/values-mcc310-mnc280-hy: Cannot utime: Operation not permitted
build	Cache Android SDK	2026-06-06T12:22:43.4489268Z /usr/bin/tar: ../../../../../usr/local/lib/android/sdk/platforms/android-34-ext12/data/res/values-mcc310-mnc280-hy: Cannot change mode to rwxr-xr-x: Operation not permitted
build	Cache Android SDK	2026-06-06T12:22:43.4496774Z /usr/bin/tar: ../../../../../usr/local/lib/android/sdk/platforms/android-34-ext12/data/res/values-mcc334-mnc020-zh-rTW: Cannot utime: Operation not permitted
build	Cache Android SDK	2026-06-06T12:22:43.4497631Z /usr/bin/tar: ../../../../../usr/local/lib/android/sdk/platforms/android-34-ext12/data/res/values-mcc334-mnc020-zh-rTW: Cannot change mode to rwxr-xr-x: Operation not permitted
build	Cache Android SDK	2026-06-06T12:22:43.4500286Z /usr/bin/tar: ../../../../../usr/local/lib/android/sdk/platforms/android-34-ext12/data/res/values-mcc310-mnc270-fr-rCA: Cannot utime: Operation not permitted
build	Cache Android SDK	2026-06-06T12:22:43.4500795Z /usr/bin/tar: ../../../../../usr/local/lib/android/sdk/platforms/android-34-ext12/data/res/values-mcc310-mnc270-fr-rCA: Cannot change mode to rwxr-xr-x: Operation not permitted
build	Cache Android SDK	2026-06-06T12:22:43.4503611Z /usr/bin/tar: ../../../../../usr/local/lib/android/sdk/platforms/android-34-ext12/data/res/values-mcc310-mnc410-de: Cannot utime: Operation not permitted
build	Cache Android SDK	2026-06-06T12:22:43.4504118Z /usr/bin/tar: ../../../../../usr/local/lib/android/sdk/platforms/android-34-ext12/data/res/values-mcc310-mnc410-de: Cannot change mode to rwxr-xr-x: Operation not permitted
build	Cache Android SDK	2026-06-06T12:22:43.4506790Z /usr/bin/tar: ../../../../../usr/local/lib/android/sdk/platforms/android-34-ext12/data/res/values-mcc310-mnc560-zh-rCN: Cannot utime: Operation not permitted
build	Cache Android SDK	2026-06-06T12:22:43.4507292Z /usr/bin/tar: ../../../../../usr/local/lib/android/sdk/platforms/android-34-ext12/data/res/values-mcc310-mnc560-zh-rCN: Cannot change mode to rwxr-xr-x: Operation not permitted
build	Cache Android SDK	2026-06-06T12:22:43.4510025Z /usr/bin/tar: ../../../../../usr/local/lib/android/sdk/platforms/android-34-ext12/data/res/values-mcc310-mnc240-th: Cannot utime: Operation not permitted
build	Cache Android SDK	2026-06-06T12:22:43.4510504Z /usr/bin/tar: ../../../../../usr/local/lib/android/sdk/platforms/android-34-ext12/data/res/values-mcc310-mnc240-th: Cannot change mode to rwxr-xr-x: Operation not permitted
build	Cache Android SDK	2026-06-06T12:22:43.4513224Z /usr/bin/tar: ../../../../../usr/local/lib/android/sdk/platforms/android-34-ext12/data/res/values-mcc310-mnc030-fr-rCA: Cannot utime: Operation not permitted
build	Cache Android SDK	2026-06-06T12:22:43.4513856Z /usr/bin/tar: ../../../../../usr/local/lib/android/sdk/platforms/android-34-ext12/data/res/values-mcc310-mnc030-fr-rCA: Cannot change mode to rwxr-xr-x: Operation not permitted
build	Cache Android SDK	2026-06-06T12:22:43.4516456Z /usr/bin/tar: ../../../../../usr/local/lib/android/sdk/platforms/android-34-ext12/data/res/values-mcc310-mnc380-en-rGB: Cannot utime: Operation not permitted
build	Cache Android SDK	2026-06-06T12:22:43.4516942Z /usr/bin/tar: ../../../../../usr/local/lib/android/sdk/platforms/android-34-ext12/data/res/values-mcc310-mnc380-en-rGB: Cannot change mode to rwxr-xr-x: Operation not permitted
build	Cache Android SDK	2026-06-06T12:22:43.4519466Z /usr/bin/tar: ../../../../../usr/local/lib/android/sdk/platforms/android-34-ext12/data/res/values-mcc310-mnc250-ms: Cannot utime: Operation not permitted
build	Cache Android SDK	2026-06-06T12:22:43.4520075Z /usr/bin/tar: ../../../../../usr/local/lib/android/sdk/platforms/android-34-ext12/data/res/values-mcc310-mnc250-ms: Cannot change mode to rwxr-xr-x: Operation not permitted
build	Cache Android SDK	2026-06-06T12:22:43.4522592Z /usr/bin/tar: ../../../../../usr/local/lib/android/sdk/platforms/android-34-ext12/data/res/values-zh-rCN-television: Cannot utime: Operation not permitted
build	Cache Android SDK	2026-06-06T12:22:43.4523087Z /usr/bin/tar: ../../../../../usr/local/lib/android/sdk/platforms/android-34-ext12/data/res/values-zh-rCN-television: Cannot change mode to rwxr-xr-x: Operation not permitted
build	Cache Android SDK	2026-06-06T12:22:43.4525348Z /usr/bin/tar: ../../../../../usr/local/lib/android/sdk/platforms/android-34-ext12/data/res/values-mcc310-mnc150-cs: Cannot utime: Operation not permitted
build	Cache Android SDK	2026-06-06T12:22:43.4525820Z /usr/bin/tar: ../../../../../usr/local/lib/android/sdk/platforms/android-34-ext12/data/res/values-mcc310-mnc150-cs: Cannot change mode to rwxr-xr-x: Operation not permitted
build	Cache Android SDK	2026-06-06T12:22:43.4528976Z /usr/bin/tar: ../../../../../usr/local/lib/android/sdk/platforms/android-34-ext12/data/res/values-mcc310-mnc200-lt: Cannot utime: Operation not permitted
build	Cache Android SDK	2026-06-06T12:22:43.4529488Z /usr/bin/tar: ../../../../../usr/local/lib/android/sdk/platforms/android-34-ext12/data/res/values-mcc310-mnc200-lt: Cannot change mode to rwxr-xr-x: Operation not permitted
build	Cache Android SDK	2026-06-06T12:22:43.4531690Z /usr/bin/tar: ../../../../../usr/local/lib/android/sdk/platforms/android-34-ext12/data/res/values-mcc310-mnc150-de: Cannot utime: Operation not permitted
build	Cache Android SDK	2026-06-06T12:22:43.4532199Z /usr/bin/tar: ../../../../../usr/local/lib/android/sdk/platforms/android-34-ext12/data/res/values-mcc310-mnc150-de: Cannot change mode to rwxr-xr-x: Operation not permitted
build	Cache Android SDK	2026-06-06T12:22:43.4534766Z /usr/bin/tar: ../../../../../usr/local/lib/android/sdk/platforms/android-34-ext12/data/res/values-mcc001-mnc01-ms: Cannot utime: Operation not permitted
build	Cache Android SDK	2026-06-06T12:22:43.4535243Z /usr/bin/tar: ../../../../../usr/local/lib/android/sdk/platforms/android-34-ext12/data/res/values-mcc001-mnc01-ms: Cannot change mode to rwxr-xr-x: Operation not permitted
build	Cache Android SDK	2026-06-06T12:22:43.4537293Z /usr/bin/tar: ../../../../../usr/local/lib/android/sdk/platforms/android-34-ext12/data/res/values-ta-watch: Cannot utime: Operation not permitted
build	Cache Android SDK	2026-06-06T12:22:43.4537872Z /usr/bin/tar: ../../../../../usr/local/lib/android/sdk/platforms/android-34-ext12/data/res/values-ta-watch: Cannot change mode to rwxr-xr-x: Operation not permitted
build	Cache Android SDK	2026-06-06T12:22:43.4540286Z /usr/bin/tar: ../../../../../usr/local/lib/android/sdk/platforms/android-34-ext12/data/res/values-mcc310-mnc160-is: Cannot utime: Operation not permitted
build	Cache Android SDK	2026-06-06T12:22:43.4540826Z /usr/bin/tar: ../../../../../usr/local/lib/android/sdk/platforms/android-34-ext12/data/res/values-mcc310-mnc160-is: Cannot change mode to rwxr-xr-x: Operation not permitted
build	Cache Android SDK	2026-06-06T12:22:43.4543561Z /usr/bin/tar: ../../../../../usr/local/lib/android/sdk/platforms/android-34-ext12/data/res/values-mcc310-mnc230-zu: Cannot utime: Operation not permitted
build	Cache Android SDK	2026-06-06T12:22:43.4544050Z /usr/bin/tar: ../../../../../usr/local/lib/android/sdk/platforms/android-34-ext12/data/res/values-mcc310-mnc230-zu: Cannot change mode to rwxr-xr-x: Operation not permitted
build	Cache Android SDK	2026-06-06T12:22:43.4547002Z /usr/bin/tar: ../../../../../usr/local/lib/android/sdk/platforms/android-34-ext12/data/res/values-mcc312-mnc670-ca: Cannot utime: Operation not permitted
build	Cache Android SDK	2026-06-06T12:22:43.4547665Z /usr/bin/tar: ../../../../../usr/local/lib/android/sdk/platforms/android-34-ext12/data/res/values-mcc312-mnc670-ca: Cannot change mode to rwxr-xr-x: Operation not permitted
build	Cache Android SDK	2026-06-06T12:22:43.4549746Z /usr/bin/tar: ../../../../../usr/local/lib/android/sdk/platforms/android-34-ext12/data/res/values-mcc302-mnc720-es: Cannot utime: Operation not permitted
build	Cache Android SDK	2026-06-06T12:22:43.4550215Z /usr/bin/tar: ../../../../../usr/local/lib/android/sdk/platforms/android-34-ext12/data/res/values-mcc302-mnc720-es: Cannot change mode to rwxr-xr-x: Operation not permitted
build	Cache Android SDK	2026-06-06T12:22:43.4552998Z /usr/bin/tar: ../../../../../usr/local/lib/android/sdk/platforms/android-34-ext12/data/res/values-mcc310-mnc280-zh-rHK: Cannot utime: Operation not permitted
build	Cache Android SDK	2026-06-06T12:22:43.4553725Z /usr/bin/tar: ../../../../../usr/local/lib/android/sdk/platforms/android-34-ext12/data/res/values-mcc310-mnc280-zh-rHK: Cannot change mode to rwxr-xr-x: Operation not permitted
build	Cache Android SDK	2026-06-06T12:22:43.4555257Z /usr/bin/tar: ../../../../../usr/local/lib/android/sdk/platforms/android-34-ext12/data/res/values-mcc334-mnc020-en-rIN: Cannot utime: Operation not permitted
build	Cache Android SDK	2026-06-06T12:22:43.4555738Z /usr/bin/tar: ../../../../../usr/local/lib/android/sdk/platforms/android-34-ext12/data/res/values-mcc334-mnc020-en-rIN: Cannot change mode to rwxr-xr-x: Operation not permitted
build	Cache Android SDK	2026-06-06T12:22:43.4559862Z /usr/bin/tar: ../../../../../usr/local/lib/android/sdk/platforms/android-34-ext12/data/res/values-mcc001-mnc01-bg: Cannot utime: Operation not permitted
build	Cache Android SDK	2026-06-06T12:22:43.4560342Z /usr/bin/tar: ../../../../../usr/local/lib/android/sdk/platforms/android-34-ext12/data/res/values-mcc001-mnc01-bg: Cannot change mode to rwxr-xr-x: Operation not permitted
build	Cache Android SDK	2026-06-06T12:22:43.4563223Z /usr/bin/tar: ../../../../../usr/local/lib/android/sdk/platforms/android-34-ext12/data/res/values-mcc312: Cannot utime: Operation not permitted
build	Cache Android SDK	2026-06-06T12:22:43.4563697Z /usr/bin/tar: ../../../../../usr/local/lib/android/sdk/platforms/android-34-ext12/data/res/values-mcc312: Cannot change mode to rwxr-xr-x: Operation not permitted
build	Cache Android SDK	2026-06-06T12:22:43.4566538Z /usr/bin/tar: ../../../../../usr/local/lib/android/sdk/platforms/android-34-ext12/data/res/raw-ko: Cannot utime: Operation not permitted
build	Cache Android SDK	2026-06-06T12:22:43.4566969Z /usr/bin/tar: ../../../../../usr/local/lib/android/sdk/platforms/android-34-ext12/data/res/raw-ko: Cannot change mode to rwxr-xr-x: Operation not permitted
build	Cache Android SDK	2026-06-06T12:22:43.4569456Z /usr/bin/tar: ../../../../../usr/local/lib/android/sdk/platforms/android-34-ext12/data/res/values-mcc466-mnc07: Cannot utime: Operation not permitted
build	Cache Android SDK	2026-06-06T12:22:43.4569942Z /usr/bin/tar: ../../../../../usr/local/lib/android/sdk/platforms/android-34-ext12/data/res/values-mcc466-mnc07: Cannot change mode to rwxr-xr-x: Operation not permitted
build	Cache Android SDK	2026-06-06T12:22:43.5100763Z /usr/bin/tar: ../../../../../usr/local/lib/android/sdk/platforms/android-34-ext12/data/res/drawable-mdpi: Cannot utime: Operation not permitted
build	Cache Android SDK	2026-06-06T12:22:43.5102655Z /usr/bin/tar: ../../../../../usr/local/lib/android/sdk/platforms/android-34-ext12/data/res/drawable-mdpi: Cannot change mode to rwxr-xr-x: Operation not permitted
build	Cache Android SDK	2026-06-06T12:22:43.5104480Z /usr/bin/tar: ../../../../../usr/local/lib/android/sdk/platforms/android-34-ext12/data/res/values-mcc310-mnc170-gu: Cannot utime: Operation not permitted
build	Cache Android SDK	2026-06-06T12:22:43.5106269Z /usr/bin/tar: ../../../../../usr/local/lib/android/sdk/platforms/android-34-ext12/data/res/values-mcc310-mnc170-gu: Cannot change mode to rwxr-xr-x: Operation not permitted
build	Cache Android SDK	2026-06-06T12:22:43.5108319Z /usr/bin/tar: ../../../../../usr/local/lib/android/sdk/platforms/android-34-ext12/data/res/values-mcc313-mnc100-bg: Cannot utime: Operation not permitted
build	Cache Android SDK	2026-06-06T12:22:43.5110248Z /usr/bin/tar: ../../../../../usr/local/lib/android/sdk/platforms/android-34-ext12/data/res/values-mcc313-mnc100-bg: Cannot change mode to rwxr-xr-x: Operation not permitted
build	Cache Android SDK	2026-06-06T12:22:43.5112265Z /usr/bin/tar: ../../../../../usr/local/lib/android/sdk/platforms/android-34-ext12/data/res/values-mcc312-mnc670-hr: Cannot utime: Operation not permitted
build	Cache Android SDK	2026-06-06T12:22:43.5114032Z /usr/bin/tar: ../../../../../usr/local/lib/android/sdk/platforms/android-34-ext12/data/res/values-mcc312-mnc670-hr: Cannot change mode to rwxr-xr-x: Operation not permitted
build	Cache Android SDK	2026-06-06T12:22:43.5115877Z /usr/bin/tar: ../../../../../usr/local/lib/android/sdk/platforms/android-34-ext12/data/res/values-mcc310-mnc170-bs: Cannot utime: Operation not permitted
build	Cache Android SDK	2026-06-06T12:22:43.5117853Z /usr/bin/tar: ../../../../../usr/local/lib/android/sdk/platforms/android-34-ext12/data/res/values-mcc310-mnc170-bs: Cannot change mode to rwxr-xr-x: Operation not permitted
build	Cache Android SDK	2026-06-06T12:22:43.5119706Z /usr/bin/tar: ../../../../../usr/local/lib/android/sdk/platforms/android-34-ext12/data/res/values-mcc310-mnc030-bn: Cannot utime: Operation not permitted
build	Cache Android SDK	2026-06-06T12:22:43.5121545Z /usr/bin/tar: ../../../../../usr/local/lib/android/sdk/platforms/android-34-ext12/data/res/values-mcc310-mnc030-bn: Cannot change mode to rwxr-xr-x: Operation not permitted
build	Cache Android SDK	2026-06-06T12:22:43.5123313Z /usr/bin/tar: ../../../../../usr/local/lib/android/sdk/platforms/android-34-ext12/data/res/values-mcc310-mnc230-lt: Cannot utime: Operation not permitted
build	Cache Android SDK	2026-06-06T12:22:43.5125124Z /usr/bin/tar: ../../../../../usr/local/lib/android/sdk/platforms/android-34-ext12/data/res/values-mcc310-mnc230-lt: Cannot change mode to rwxr-xr-x: Operation not permitted
build	Cache Android SDK	2026-06-06T12:22:43.5126918Z /usr/bin/tar: ../../../../../usr/local/lib/android/sdk/platforms/android-34-ext12/data/res/values-mcc310-mnc150-vi: Cannot utime: Operation not permitted
build	Cache Android SDK	2026-06-06T12:22:43.5128926Z /usr/bin/tar: ../../../../../usr/local/lib/android/sdk/platforms/android-34-ext12/data/res/values-mcc310-mnc150-vi: Cannot change mode to rwxr-xr-x: Operation not permitted
build	Cache Android SDK	2026-06-06T12:22:43.5130843Z /usr/bin/tar: ../../../../../usr/local/lib/android/sdk/platforms/android-34-ext12/data/res/values-mcc001-mnc01-el: Cannot utime: Operation not permitted
build	Cache Android SDK	2026-06-06T12:22:43.5132530Z /usr/bin/tar: ../../../../../usr/local/lib/android/sdk/platforms/android-34-ext12/data/res/values-mcc001-mnc01-el: Cannot change mode to rwxr-xr-x: Operation not permitted
build	Cache Android SDK	2026-06-06T12:22:43.5134210Z /usr/bin/tar: ../../../../../usr/local/lib/android/sdk/platforms/android-34-ext12/data/res/values-mcc310-mnc230-ca: Cannot utime: Operation not permitted
build	Cache Android SDK	2026-06-06T12:22:43.5135983Z /usr/bin/tar: ../../../../../usr/local/lib/android/sdk/platforms/android-34-ext12/data/res/values-mcc310-mnc230-ca: Cannot change mode to rwxr-xr-x: Operation not permitted
build	Cache Android SDK	2026-06-06T12:22:43.5137512Z /usr/bin/tar: ../../../../../usr/local/lib/android/sdk/platforms/android-34-ext12/data/res/values-mcc310-mnc200-el: Cannot utime: Operation not permitted
build	Cache Android SDK	2026-06-06T12:22:43.5138530Z /usr/bin/tar: ../../../../../usr/local/lib/android/sdk/platforms/android-34-ext12/data/res/values-mcc310-mnc200-el: Cannot change mode to rwxr-xr-x: Operation not permitted
build	Cache Android SDK	2026-06-06T12:22:43.5139635Z /usr/bin/tar: ../../../../../usr/local/lib/android/sdk/platforms/android-34-ext12/data/res/values-mcc310-mnc160-lv: Cannot utime: Operation not permitted
build	Cache Android SDK	2026-06-06T12:22:43.5140891Z /usr/bin/tar: ../../../../../usr/local/lib/android/sdk/platforms/android-34-ext12/data/res/values-mcc310-mnc160-lv: Cannot change mode to rwxr-xr-x: Operation not permitted
build	Cache Android SDK	2026-06-06T12:22:43.5141848Z /usr/bin/tar: ../../../../../usr/local/lib/android/sdk/platforms/android-34-ext12/data/res/values-mcc310-mnc220-ko: Cannot utime: Operation not permitted
build	Cache Android SDK	2026-06-06T12:22:43.5142796Z /usr/bin/tar: ../../../../../usr/local/lib/android/sdk/platforms/android-34-ext12/data/res/values-mcc310-mnc220-ko: Cannot change mode to rwxr-xr-x: Operation not permitted
build	Cache Android SDK	2026-06-06T12:22:43.5144364Z /usr/bin/tar: ../../../../../usr/local/lib/android/sdk/platforms/android-34-ext12/data/res/values-mcc310-mnc280-pl: Cannot utime: Operation not permitted
build	Cache Android SDK	2026-06-06T12:22:43.5145506Z /usr/bin/tar: ../../../../../usr/local/lib/android/sdk/platforms/android-34-ext12/data/res/values-mcc310-mnc280-pl: Cannot change mode to rwxr-xr-x: Operation not permitted
build	Cache Android SDK	2026-06-06T12:22:43.5147549Z /usr/bin/tar: ../../../../../usr/local/lib/android/sdk/platforms/android-34-ext12/data/res/values-nl-rNL: Cannot utime: Operation not permitted
build	Cache Android SDK	2026-06-06T12:22:43.5148674Z /usr/bin/tar: ../../../../../usr/local/lib/android/sdk/platforms/android-34-ext12/data/res/values-nl-rNL: Cannot change mode to rwxr-xr-x: Operation not permitted
build	Cache Android SDK	2026-06-06T12:22:43.5151119Z /usr/bin/tar: ../../../../../usr/local/lib/android/sdk/platforms/android-34-ext12/data/res/values-mcc001-mnc01-es-rUS: Cannot utime: Operation not permitted
build	Cache Android SDK	2026-06-06T12:22:43.5152288Z /usr/bin/tar: ../../../../../usr/local/lib/android/sdk/platforms/android-34-ext12/data/res/values-mcc001-mnc01-es-rUS: Cannot change mode to rwxr-xr-x: Operation not permitted
build	Cache Android SDK	2026-06-06T12:22:43.5153579Z /usr/bin/tar: ../../../../../usr/local/lib/android/sdk/platforms/android-34-ext12/data/res/values-mcc302-mnc370-gu: Cannot utime: Operation not permitted
build	Cache Android SDK	2026-06-06T12:22:43.5154686Z /usr/bin/tar: ../../../../../usr/local/lib/android/sdk/platforms/android-34-ext12/data/res/values-mcc302-mnc370-gu: Cannot change mode to rwxr-xr-x: Operation not permitted
build	Cache Android SDK	2026-06-06T12:22:43.5156604Z /usr/bin/tar: ../../../../../usr/local/lib/android/sdk/platforms/android-34-ext12/data/res/values-mcc310-mnc490-b+sr+Latn: Cannot utime: Operation not permitted
build	Cache Android SDK	2026-06-06T12:22:43.5157737Z /usr/bin/tar: ../../../../../usr/local/lib/android/sdk/platforms/android-34-ext12/data/res/values-mcc310-mnc490-b+sr+Latn: Cannot change mode to rwxr-xr-x: Operation not permitted
build	Cache Android SDK	2026-06-06T12:22:43.5165740Z /usr/bin/tar: ../../../../../usr/local/lib/android/sdk/platforms/android-34-ext12/data/res/values-mcc310-mnc950-uk: Cannot utime: Operation not permitted
build	Cache Android SDK	2026-06-06T12:22:43.5167601Z /usr/bin/tar: ../../../../../usr/local/lib/android/sdk/platforms/android-34-ext12/data/res/values-mcc310-mnc950-uk: Cannot change mode to rwxr-xr-x: Operation not permitted
build	Cache Android SDK	2026-06-06T12:22:43.5168695Z /usr/bin/tar: ../../../../../usr/local/lib/android/sdk/platforms/android-34-ext12/data/res/values-mcc310-mnc660-ml: Cannot utime: Operation not permitted
build	Cache Android SDK	2026-06-06T12:22:43.5170123Z /usr/bin/tar: ../../../../../usr/local/lib/android/sdk/platforms/android-34-ext12/data/res/values-mcc310-mnc660-ml: Cannot change mode to rwxr-xr-x: Operation not permitted
build	Cache Android SDK	2026-06-06T12:22:43.5171387Z /usr/bin/tar: ../../../../../usr/local/lib/android/sdk/platforms/android-34-ext12/data/res/values-mcc314: Cannot utime: Operation not permitted
build	Cache Android SDK	2026-06-06T12:22:43.5172280Z /usr/bin/tar: ../../../../../usr/local/lib/android/sdk/platforms/android-34-ext12/data/res/values-mcc314: Cannot change mode to rwxr-xr-x: Operation not permitted
build	Cache Android SDK	2026-06-06T12:22:43.5174340Z /usr/bin/tar: ../../../../../usr/local/lib/android/sdk/platforms/android-34-ext12/data/res/values-mcc310-mnc200-te: Cannot utime: Operation not permitted
build	Cache Android SDK	2026-06-06T12:22:43.5175301Z /usr/bin/tar: ../../../../../usr/local/lib/android/sdk/platforms/android-34-ext12/data/res/values-mcc310-mnc200-te: Cannot change mode to rwxr-xr-x: Operation not permitted
build	Cache Android SDK	2026-06-06T12:22:43.5178141Z /usr/bin/tar: ../../../../../usr/local/lib/android/sdk/platforms/android-34-ext12/data/res/values-mcc311-mnc180-nb: Cannot utime: Operation not permitted
build	Cache Android SDK	2026-06-06T12:22:43.5179094Z /usr/bin/tar: ../../../../../usr/local/lib/android/sdk/platforms/android-34-ext12/data/res/values-mcc311-mnc180-nb: Cannot change mode to rwxr-xr-x: Operation not permitted
build	Cache Android SDK	2026-06-06T12:22:43.5182738Z /usr/bin/tar: ../../../../../usr/local/lib/android/sdk/platforms/android-34-ext12/data/res/values-mcc310-mnc250-zh-rHK: Cannot utime: Operation not permitted
build	Cache Android SDK	2026-06-06T12:22:43.5183753Z /usr/bin/tar: ../../../../../usr/local/lib/android/sdk/platforms/android-34-ext12/data/res/values-mcc310-mnc250-zh-rHK: Cannot change mode to rwxr-xr-x: Operation not permitted
build	Cache Android SDK	2026-06-06T12:22:43.5185726Z /usr/bin/tar: ../../../../../usr/local/lib/android/sdk/platforms/android-34-ext12/data/res/values-mcc310-mnc310-lo: Cannot utime: Operation not permitted
build	Cache Android SDK	2026-06-06T12:22:43.5186691Z /usr/bin/tar: ../../../../../usr/local/lib/android/sdk/platforms/android-34-ext12/data/res/values-mcc310-mnc310-lo: Cannot change mode to rwxr-xr-x: Operation not permitted
build	Cache Android SDK	2026-06-06T12:22:43.5189700Z /usr/bin/tar: ../../../../../usr/local/lib/android/sdk/platforms/android-34-ext12/data/res/values-mcc001-mnc01-pt-rBR: Cannot utime: Operation not permitted
build	Cache Android SDK	2026-06-06T12:22:43.5190694Z /usr/bin/tar: ../../../../../usr/local/lib/android/sdk/platforms/android-34-ext12/data/res/values-mcc001-mnc01-pt-rBR: Cannot change mode to rwxr-xr-x: Operation not permitted
build	Cache Android SDK	2026-06-06T12:22:43.5193526Z /usr/bin/tar: ../../../../../usr/local/lib/android/sdk/platforms/android-34-ext12/data/res/values-mcc310-mnc660-ja: Cannot utime: Operation not permitted
build	Cache Android SDK	2026-06-06T12:22:43.5194628Z /usr/bin/tar: ../../../../../usr/local/lib/android/sdk/platforms/android-34-ext12/data/res/values-mcc310-mnc660-ja: Cannot change mode to rwxr-xr-x: Operation not permitted
build	Cache Android SDK	2026-06-06T12:22:43.5196711Z /usr/bin/tar: ../../../../../usr/local/lib/android/sdk/platforms/android-34-ext12/data/res/values-mcc310-mnc280-bg: Cannot utime: Operation not permitted
build	Cache Android SDK	2026-06-06T12:22:43.5197874Z /usr/bin/tar: ../../../../../usr/local/lib/android/sdk/platforms/android-34-ext12/data/res/values-mcc310-mnc280-bg: Cannot change mode to rwxr-xr-x: Operation not permitted
build	Cache Android SDK	2026-06-06T12:22:43.5200559Z /usr/bin/tar: ../../../../../usr/local/lib/android/sdk/platforms/android-34-ext12/data/res/values-mcc310-mnc800-am: Cannot utime: Operation not permitted
build	Cache Android SDK	2026-06-06T12:22:43.5201512Z /usr/bin/tar: ../../../../../usr/local/lib/android/sdk/platforms/android-34-ext12/data/res/values-mcc310-mnc800-am: Cannot change mode to rwxr-xr-x: Operation not permitted
build	Cache Android SDK	2026-06-06T12:22:43.5203572Z /usr/bin/tar: ../../../../../usr/local/lib/android/sdk/platforms/android-34-ext12/data/res/values-mcc310-mnc170-vi: Cannot utime: Operation not permitted
build	Cache Android SDK	2026-06-06T12:22:43.5204545Z /usr/bin/tar: ../../../../../usr/local/lib/android/sdk/platforms/android-34-ext12/data/res/values-mcc310-mnc170-vi: Cannot change mode to rwxr-xr-x: Operation not permitted
build	Cache Android SDK	2026-06-06T12:22:43.5207603Z /usr/bin/tar: ../../../../../usr/local/lib/android/sdk/platforms/android-34-ext12/data/res/values-mcc310-mnc310-zu: Cannot utime: Operation not permitted
build	Cache Android SDK	2026-06-06T12:22:43.5208725Z /usr/bin/tar: ../../../../../usr/local/lib/android/sdk/platforms/android-34-ext12/data/res/values-mcc310-mnc310-zu: Cannot change mode to rwxr-xr-x: Operation not permitted
build	Cache Android SDK	2026-06-06T12:22:43.5210758Z /usr/bin/tar: ../../../../../usr/local/lib/android/sdk/platforms/android-34-ext12/data/res/values-mcc310-mnc160-bs: Cannot utime: Operation not permitted
build	Cache Android SDK	2026-06-06T12:22:43.5211900Z /usr/bin/tar: ../../../../../usr/local/lib/android/sdk/platforms/android-34-ext12/data/res/values-mcc310-mnc160-bs: Cannot change mode to rwxr-xr-x: Operation not permitted
build	Cache Android SDK	2026-06-06T12:22:43.5213905Z /usr/bin/tar: ../../../../../usr/local/lib/android/sdk/platforms/android-34-ext12/data/res/anim-watch: Cannot utime: Operation not permitted
build	Cache Android SDK	2026-06-06T12:22:43.5214981Z /usr/bin/tar: ../../../../../usr/local/lib/android/sdk/platforms/android-34-ext12/data/res/anim-watch: Cannot change mode to rwxr-xr-x: Operation not permitted
build	Cache Android SDK	2026-06-06T12:22:43.5217087Z /usr/bin/tar: ../../../../../usr/local/lib/android/sdk/platforms/android-34-ext12/data/res/values-mcc334-mnc020-en-rCA: Cannot utime: Operation not permitted
build	Cache Android SDK	2026-06-06T12:22:43.5218408Z /usr/bin/tar: ../../../../../usr/local/lib/android/sdk/platforms/android-34-ext12/data/res/values-mcc334-mnc020-en-rCA: Cannot change mode to rwxr-xr-x: Operation not permitted
build	Cache Android SDK	2026-06-06T12:22:43.5219920Z /usr/bin/tar: ../../../../../usr/local/lib/android/sdk/platforms/android-34-ext12/data/res/values-lv-television: Cannot utime: Operation not permitted
build	Cache Android SDK	2026-06-06T12:22:43.5221059Z /usr/bin/tar: ../../../../../usr/local/lib/android/sdk/platforms/android-34-ext12/data/res/values-lv-television: Cannot change mode to rwxr-xr-x: Operation not permitted
build	Cache Android SDK	2026-06-06T12:22:43.5223054Z /usr/bin/tar: ../../../../../usr/local/lib/android/sdk/platforms/android-34-ext12/data/res/values-mcc310-mnc210-ko: Cannot utime: Operation not permitted
build	Cache Android SDK	2026-06-06T12:22:43.5224041Z /usr/bin/tar: ../../../../../usr/local/lib/android/sdk/platforms/android-34-ext12/data/res/values-mcc310-mnc210-ko: Cannot change mode to rwxr-xr-x: Operation not permitted
build	Cache Android SDK	2026-06-06T12:22:43.5226352Z /usr/bin/tar: ../../../../../usr/local/lib/android/sdk/platforms/android-34-ext12/data/res/values-mcc310-mnc150-fr-rCA: Cannot utime: Operation not permitted
build	Cache Android SDK	2026-06-06T12:22:43.5227494Z /usr/bin/tar: ../../../../../usr/local/lib/android/sdk/platforms/android-34-ext12/data/res/values-mcc310-mnc150-fr-rCA: Cannot change mode to rwxr-xr-x: Operation not permitted
build	Cache Android SDK	2026-06-06T12:22:43.5229180Z /usr/bin/tar: ../../../../../usr/local/lib/android/sdk/platforms/android-34-ext12/data/res/values-mcc310-mnc030-pt-rBR: Cannot utime: Operation not permitted
build	Cache Android SDK	2026-06-06T12:22:43.5230191Z /usr/bin/tar: ../../../../../usr/local/lib/android/sdk/platforms/android-34-ext12/data/res/values-mcc310-mnc030-pt-rBR: Cannot change mode to rwxr-xr-x: Operation not permitted
build	Cache Android SDK	2026-06-06T12:22:43.5232286Z /usr/bin/tar: ../../../../../usr/local/lib/android/sdk/platforms/android-34-ext12/data/res/values-mcc334-mnc020-lv: Cannot utime: Operation not permitted
build	Cache Android SDK	2026-06-06T12:22:43.5233237Z /usr/bin/tar: ../../../../../usr/local/lib/android/sdk/platforms/android-34-ext12/data/res/values-mcc334-mnc020-lv: Cannot change mode to rwxr-xr-x: Operation not permitted
build	Cache Android SDK	2026-06-06T12:22:43.5235610Z /usr/bin/tar: ../../../../../usr/local/lib/android/sdk/platforms/android-34-ext12/data/res/values-hr-watch: Cannot utime: Operation not permitted
build	Cache Android SDK	2026-06-06T12:22:43.5236530Z /usr/bin/tar: ../../../../../usr/local/lib/android/sdk/platforms/android-34-ext12/data/res/values-hr-watch: Cannot change mode to rwxr-xr-x: Operation not permitted
build	Cache Android SDK	2026-06-06T12:22:43.5240742Z /usr/bin/tar: ../../../../../usr/local/lib/android/sdk/platforms/android-34-ext12/data/res/values-mcc310-mnc380-lo: Cannot utime: Operation not permitted
build	Cache Android SDK	2026-06-06T12:22:43.5241988Z /usr/bin/tar: ../../../../../usr/local/lib/android/sdk/platforms/android-34-ext12/data/res/values-mcc310-mnc380-lo: Cannot change mode to rwxr-xr-x: Operation not permitted
build	Cache Android SDK	2026-06-06T12:22:43.5243194Z /usr/bin/tar: ../../../../../usr/local/lib/android/sdk/platforms/android-34-ext12/data/res/values-mcc311-mnc180-mk: Cannot utime: Operation not permitted
build	Cache Android SDK	2026-06-06T12:22:43.5244302Z /usr/bin/tar: ../../../../../usr/local/lib/android/sdk/platforms/android-34-ext12/data/res/values-mcc311-mnc180-mk: Cannot change mode to rwxr-xr-x: Operation not permitted
build	Cache Android SDK	2026-06-06T12:22:43.5245771Z /usr/bin/tar: ../../../../../usr/local/lib/android/sdk/platforms/android-34-ext12/data/res/values-mcc310-mnc170-ro: Cannot utime: Operation not permitted
build	Cache Android SDK	2026-06-06T12:22:43.5247565Z /usr/bin/tar: ../../../../../usr/local/lib/android/sdk/platforms/android-34-ext12/data/res/values-mcc310-mnc170-ro: Cannot change mode to rwxr-xr-x: Operation not permitted
build	Cache Android SDK	2026-06-06T12:22:43.5249039Z /usr/bin/tar: ../../../../../usr/local/lib/android/sdk/platforms/android-34-ext12/data/res/values-mcc310-mnc200-bn: Cannot utime: Operation not permitted
build	Cache Android SDK	2026-06-06T12:22:43.5250078Z /usr/bin/tar: ../../../../../usr/local/lib/android/sdk/platforms/android-34-ext12/data/res/values-mcc310-mnc200-bn: Cannot change mode to rwxr-xr-x: Operation not permitted
build	Cache Android SDK	2026-06-06T12:22:43.5251624Z /usr/bin/tar: ../../../../../usr/local/lib/android/sdk/platforms/android-34-ext12/data/res/values-mcc310-mnc250: Cannot utime: Operation not permitted
build	Cache Android SDK	2026-06-06T12:22:43.5252560Z /usr/bin/tar: ../../../../../usr/local/lib/android/sdk/platforms/android-34-ext12/data/res/values-mcc310-mnc250: Cannot change mode to rwxr-xr-x: Operation not permitted
build	Cache Android SDK	2026-06-06T12:22:43.5254945Z /usr/bin/tar: ../../../../../usr/local/lib/android/sdk/platforms/android-34-ext12/data/res/values-mcc310-mnc660-ru: Cannot utime: Operation not permitted
build	Cache Android SDK	2026-06-06T12:22:43.5258137Z /usr/bin/tar: ../../../../../usr/local/lib/android/sdk/platforms/android-34-ext12/data/res/values-mcc310-mnc660-ru: Cannot change mode to rwxr-xr-x: Operation not permitted
build	Cache Android SDK	2026-06-06T12:22:43.5259096Z /usr/bin/tar: ../../../../../usr/local/lib/android/sdk/platforms/android-34-ext12/data/res/values-mcc310-mnc220-pa: Cannot utime: Operation not permitted
build	Cache Android SDK	2026-06-06T12:22:43.5260210Z /usr/bin/tar: ../../../../../usr/local/lib/android/sdk/platforms/android-34-ext12/data/res/values-mcc310-mnc220-pa: Cannot change mode to rwxr-xr-x: Operation not permitted
build	Cache Android SDK	2026-06-06T12:22:43.5261610Z /usr/bin/tar: ../../../../../usr/local/lib/android/sdk/platforms/android-34-ext12/data/res/values-mcc310-mnc800-ja: Cannot utime: Operation not permitted
build	Cache Android SDK	2026-06-06T12:22:43.5262814Z /usr/bin/tar: ../../../../../usr/local/lib/android/sdk/platforms/android-34-ext12/data/res/values-mcc310-mnc800-ja: Cannot change mode to rwxr-xr-x: Operation not permitted
build	Cache Android SDK	2026-06-06T12:22:43.5264442Z /usr/bin/tar: ../../../../../usr/local/lib/android/sdk/platforms/android-34-ext12/data/res/values-mcc310-mnc490-is: Cannot utime: Operation not permitted
build	Cache Android SDK	2026-06-06T12:22:43.5265446Z /usr/bin/tar: ../../../../../usr/local/lib/android/sdk/platforms/android-34-ext12/data/res/values-mcc310-mnc490-is: Cannot change mode to rwxr-xr-x: Operation not permitted
build	Cache Android SDK	2026-06-06T12:22:43.5267521Z /usr/bin/tar: ../../../../../usr/local/lib/android/sdk/platforms/android-34-ext12/data/res/values-mcc302-mnc720-fi: Cannot utime: Operation not permitted
build	Cache Android SDK	2026-06-06T12:22:43.5268548Z /usr/bin/tar: ../../../../../usr/local/lib/android/sdk/platforms/android-34-ext12/data/res/values-mcc302-mnc720-fi: Cannot change mode to rwxr-xr-x: Operation not permitted
build	Cache Android SDK	2026-06-06T12:22:43.5271321Z /usr/bin/tar: ../../../../../usr/local/lib/android/sdk/platforms/android-34-ext12/data/res/values-mcc310-mnc270-mn: Cannot utime: Operation not permitted
build	Cache Android SDK	2026-06-06T12:22:43.5272495Z /usr/bin/tar: ../../../../../usr/local/lib/android/sdk/platforms/android-34-ext12/data/res/values-mcc310-mnc270-mn: Cannot change mode to rwxr-xr-x: Operation not permitted
build	Cache Android SDK	2026-06-06T12:22:43.5274074Z /usr/bin/tar: ../../../../../usr/local/lib/android/sdk/platforms/android-34-ext12/data/res/values-mcc312-mnc670-ar: Cannot utime: Operation not permitted
build	Cache Android SDK	2026-06-06T12:22:43.5275087Z /usr/bin/tar: ../../../../../usr/local/lib/android/sdk/platforms/android-34-ext12/data/res/values-mcc312-mnc670-ar: Cannot change mode to rwxr-xr-x: Operation not permitted
build	Cache Android SDK	2026-06-06T12:22:43.5277324Z /usr/bin/tar: ../../../../../usr/local/lib/android/sdk/platforms/android-34-ext12/data/res/values-mcc313-mnc100-hu: Cannot utime: Operation not permitted
build	Cache Android SDK	2026-06-06T12:22:43.5278440Z /usr/bin/tar: ../../../../../usr/local/lib/android/sdk/platforms/android-34-ext12/data/res/values-mcc313-mnc100-hu: Cannot change mode to rwxr-xr-x: Operation not permitted
build	Cache Android SDK	2026-06-06T12:22:43.5280896Z /usr/bin/tar: ../../../../../usr/local/lib/android/sdk/platforms/android-34-ext12/data/res/values-in-television: Cannot utime: Operation not permitted
build	Cache Android SDK	2026-06-06T12:22:43.5282038Z /usr/bin/tar: ../../../../../usr/local/lib/android/sdk/platforms/android-34-ext12/data/res/values-in-television: Cannot change mode to rwxr-xr-x: Operation not permitted
build	Cache Android SDK	2026-06-06T12:22:43.5288174Z /usr/bin/tar: ../../../../../usr/local/lib/android/sdk/platforms/android-34-ext12/data/res/values-or: Cannot utime: Operation not permitted
build	Cache Android SDK	2026-06-06T12:22:43.5289732Z /usr/bin/tar: ../../../../../usr/local/lib/android/sdk/platforms/android-34-ext12/data/res/values-or: Cannot change mode to rwxr-xr-x: Operation not permitted
build	Cache Android SDK	2026-06-06T12:22:43.5291632Z /usr/bin/tar: ../../../../../usr/local/lib/android/sdk/platforms/android-34-ext12/data/res/values-mcc310-mnc230-b+sr+Latn: Cannot utime: Operation not permitted
build	Cache Android SDK	2026-06-06T12:22:43.5293364Z /usr/bin/tar: ../../../../../usr/local/lib/android/sdk/platforms/android-34-ext12/data/res/values-mcc310-mnc230-b+sr+Latn: Cannot change mode to rwxr-xr-x: Operation not permitted
build	Cache Android SDK	2026-06-06T12:22:43.5295189Z /usr/bin/tar: ../../../../../usr/local/lib/android/sdk/platforms/android-34-ext12/data/res/values-mcc222-mnc10: Cannot utime: Operation not permitted
build	Cache Android SDK	2026-06-06T12:22:43.5296182Z /usr/bin/tar: ../../../../../usr/local/lib/android/sdk/platforms/android-34-ext12/data/res/values-mcc222-mnc10: Cannot change mode to rwxr-xr-x: Operation not permitted
build	Cache Android SDK	2026-06-06T12:22:43.5298935Z /usr/bin/tar: ../../../../../usr/local/lib/android/sdk/platforms/android-34-ext12/data/res/values-mcc310-mnc310-ru: Cannot utime: Operation not permitted
build	Cache Android SDK	2026-06-06T12:22:43.5300503Z /usr/bin/tar: ../../../../../usr/local/lib/android/sdk/platforms/android-34-ext12/data/res/values-mcc310-mnc310-ru: Cannot change mode to rwxr-xr-x: Operation not permitted
build	Cache Android SDK	2026-06-06T12:22:43.5302514Z /usr/bin/tar: ../../../../../usr/local/lib/android/sdk/platforms/android-34-ext12/data/res/values-mcc310-mnc240-sk: Cannot utime: Operation not permitted
build	Cache Android SDK	2026-06-06T12:22:43.5303735Z /usr/bin/tar: ../../../../../usr/local/lib/android/sdk/platforms/android-34-ext12/data/res/values-mcc310-mnc240-sk: Cannot change mode to rwxr-xr-x: Operation not permitted
build	Cache Android SDK	2026-06-06T12:22:43.5305888Z /usr/bin/tar: ../../../../../usr/local/lib/android/sdk/platforms/android-34-ext12/data/res/values-mcc310-mnc210-fa: Cannot utime: Operation not permitted
build	Cache Android SDK	2026-06-06T12:22:43.5306874Z /usr/bin/tar: ../../../../../usr/local/lib/android/sdk/platforms/android-34-ext12/data/res/values-mcc310-mnc210-fa: Cannot change mode to rwxr-xr-x: Operation not permitted
build	Cache Android SDK	2026-06-06T12:22:43.5309221Z /usr/bin/tar: ../../../../../usr/local/lib/android/sdk/platforms/android-34-ext12/data/res/values-mcc310-mnc200-et: Cannot utime: Operation not permitted
build	Cache Android SDK	2026-06-06T12:22:43.5310186Z /usr/bin/tar: ../../../../../usr/local/lib/android/sdk/platforms/android-34-ext12/data/res/values-mcc310-mnc200-et: Cannot change mode to rwxr-xr-x: Operation not permitted
build	Cache Android SDK	2026-06-06T12:22:43.5317015Z /usr/bin/tar: ../../../../../usr/local/lib/android/sdk/platforms/android-34-ext12/data/res/values-ko: Cannot utime: Operation not permitted
build	Cache Android SDK	2026-06-06T12:22:43.5318224Z /usr/bin/tar: ../../../../../usr/local/lib/android/sdk/platforms/android-34-ext12/data/res/values-ko: Cannot change mode to rwxr-xr-x: Operation not permitted
build	Cache Android SDK	2026-06-06T12:22:43.5320137Z /usr/bin/tar: ../../../../../usr/local/lib/android/sdk/platforms/android-34-ext12/data/res/values-en-rAU-television: Cannot utime: Operation not permitted
build	Cache Android SDK	2026-06-06T12:22:43.5321564Z /usr/bin/tar: ../../../../../usr/local/lib/android/sdk/platforms/android-34-ext12/data/res/values-en-rAU-television: Cannot change mode to rwxr-xr-x: Operation not permitted
build	Cache Android SDK	2026-06-06T12:22:43.5322939Z /usr/bin/tar: ../../../../../usr/local/lib/android/sdk/platforms/android-34-ext12/data/res/values-hy-watch: Cannot utime: Operation not permitted
build	Cache Android SDK	2026-06-06T12:22:43.5324262Z /usr/bin/tar: ../../../../../usr/local/lib/android/sdk/platforms/android-34-ext12/data/res/values-hy-watch: Cannot change mode to rwxr-xr-x: Operation not permitted
build	Cache Android SDK	2026-06-06T12:22:43.5326340Z /usr/bin/tar: ../../../../../usr/local/lib/android/sdk/platforms/android-34-ext12/data/res/values-mcc311-mnc180-kn: Cannot utime: Operation not permitted
build	Cache Android SDK	2026-06-06T12:22:43.5327313Z /usr/bin/tar: ../../../../../usr/local/lib/android/sdk/platforms/android-34-ext12/data/res/values-mcc311-mnc180-kn: Cannot change mode to rwxr-xr-x: Operation not permitted
build	Cache Android SDK	2026-06-06T12:22:43.5329925Z /usr/bin/tar: ../../../../../usr/local/lib/android/sdk/platforms/android-34-ext12/data/res/values-mcc310-mnc210-pl: Cannot utime: Operation not permitted
build	Cache Android SDK	2026-06-06T12:22:43.5330889Z /usr/bin/tar: ../../../../../usr/local/lib/android/sdk/platforms/android-34-ext12/data/res/values-mcc310-mnc210-pl: Cannot change mode to rwxr-xr-x: Operation not permitted
build	Cache Android SDK	2026-06-06T12:22:43.5334028Z /usr/bin/tar: ../../../../../usr/local/lib/android/sdk/platforms/android-34-ext12/data/res/values-mcc310-mnc230-is: Cannot utime: Operation not permitted
build	Cache Android SDK	2026-06-06T12:22:43.5334986Z /usr/bin/tar: ../../../../../usr/local/lib/android/sdk/platforms/android-34-ext12/data/res/values-mcc310-mnc230-is: Cannot change mode to rwxr-xr-x: Operation not permitted
build	Cache Android SDK	2026-06-06T12:22:43.5337624Z /usr/bin/tar: ../../../../../usr/local/lib/android/sdk/platforms/android-34-ext12/data/res/values-mcc712-mnc04: Cannot utime: Operation not permitted
build	Cache Android SDK	2026-06-06T12:22:43.5338564Z /usr/bin/tar: ../../../../../usr/local/lib/android/sdk/platforms/android-34-ext12/data/res/values-mcc712-mnc04: Cannot change mode to rwxr-xr-x: Operation not permitted
build	Cache Android SDK	2026-06-06T12:22:43.5340893Z /usr/bin/tar: ../../../../../usr/local/lib/android/sdk/platforms/android-34-ext12/data/res/values-mcc310-mnc490-ur: Cannot utime: Operation not permitted
build	Cache Android SDK	2026-06-06T12:22:43.5341851Z /usr/bin/tar: ../../../../../usr/local/lib/android/sdk/platforms/android-34-ext12/data/res/values-mcc310-mnc490-ur: Cannot change mode to rwxr-xr-x: Operation not permitted
build	Cache Android SDK	2026-06-06T12:22:43.5343926Z /usr/bin/tar: ../../../../../usr/local/lib/android/sdk/platforms/android-34-ext12/data/res/values-mcc311-mnc180-sl: Cannot utime: Operation not permitted
build	Cache Android SDK	2026-06-06T12:22:43.5344887Z /usr/bin/tar: ../../../../../usr/local/lib/android/sdk/platforms/android-34-ext12/data/res/values-mcc311-mnc180-sl: Cannot change mode to rwxr-xr-x: Operation not permitted
build	Cache Android SDK	2026-06-06T12:22:43.5347659Z /usr/bin/tar: ../../../../../usr/local/lib/android/sdk/platforms/android-34-ext12/data/res/values-mcc310-mnc170-mk: Cannot utime: Operation not permitted
build	Cache Android SDK	2026-06-06T12:22:43.5348623Z /usr/bin/tar: ../../../../../usr/local/lib/android/sdk/platforms/android-34-ext12/data/res/values-mcc310-mnc170-mk: Cannot change mode to rwxr-xr-x: Operation not permitted
build	Cache Android SDK	2026-06-06T12:22:43.5351017Z /usr/bin/tar: ../../../../../usr/local/lib/android/sdk/platforms/android-34-ext12/data/res/values-mcc310-mnc950-th: Cannot utime: Operation not permitted
build	Cache Android SDK	2026-06-06T12:22:43.5352082Z /usr/bin/tar: ../../../../../usr/local/lib/android/sdk/platforms/android-34-ext12/data/res/values-mcc310-mnc950-th: Cannot change mode to rwxr-xr-x: Operation not permitted
build	Cache Android SDK	2026-06-06T12:22:43.5354377Z /usr/bin/tar: ../../../../../usr/local/lib/android/sdk/platforms/android-34-ext12/data/res/values-mcc310-mnc660-nb: Cannot utime: Operation not permitted
build	Cache Android SDK	2026-06-06T12:22:43.5355333Z /usr/bin/tar: ../../../../../usr/local/lib/android/sdk/platforms/android-34-ext12/data/res/values-mcc310-mnc660-nb: Cannot change mode to rwxr-xr-x: Operation not permitted
build	Cache Android SDK	2026-06-06T12:22:43.5357866Z /usr/bin/tar: ../../../../../usr/local/lib/android/sdk/platforms/android-34-ext12/data/res/values-mcc310-mnc030-pa: Cannot utime: Operation not permitted
build	Cache Android SDK	2026-06-06T12:22:43.5358823Z /usr/bin/tar: ../../../../../usr/local/lib/android/sdk/platforms/android-34-ext12/data/res/values-mcc310-mnc030-pa: Cannot change mode to rwxr-xr-x: Operation not permitted
build	Cache Android SDK	2026-06-06T12:22:43.5361045Z /usr/bin/tar: ../../../../../usr/local/lib/android/sdk/platforms/android-34-ext12/data/res/values-gu-watch: Cannot utime: Operation not permitted
build	Cache Android SDK	2026-06-06T12:22:43.5361987Z /usr/bin/tar: ../../../../../usr/local/lib/android/sdk/platforms/android-34-ext12/data/res/values-gu-watch: Cannot change mode to rwxr-xr-x: Operation not permitted
build	Cache Android SDK	2026-06-06T12:22:43.5363703Z /usr/bin/tar: ../../../../../usr/local/lib/android/sdk/platforms/android-34-ext12/data/res/values-mcc310-mnc660-si: Cannot utime: Operation not permitted
build	Cache Android SDK	2026-06-06T12:22:43.5364672Z /usr/bin/tar: ../../../../../usr/local/lib/android/sdk/platforms/android-34-ext12/data/res/values-mcc310-mnc660-si: Cannot change mode to rwxr-xr-x: Operation not permitted
build	Cache Android SDK	2026-06-06T12:22:43.5368875Z /usr/bin/tar: ../../../../../usr/local/lib/android/sdk/platforms/android-34-ext12/data/res/values-mcc310-mnc380-eu: Cannot utime: Operation not permitted
build	Cache Android SDK	2026-06-06T12:22:43.5369852Z /usr/bin/tar: ../../../../../usr/local/lib/android/sdk/platforms/android-34-ext12/data/res/values-mcc310-mnc380-eu: Cannot change mode to rwxr-xr-x: Operation not permitted
build	Cache Android SDK	2026-06-06T12:22:43.5372519Z /usr/bin/tar: ../../../../../usr/local/lib/android/sdk/platforms/android-34-ext12/data/res/values-mcc334-mnc020-pa: Cannot utime: Operation not permitted
build	Cache Android SDK	2026-06-06T12:22:43.5373718Z /usr/bin/tar: ../../../../../usr/local/lib/android/sdk/platforms/android-34-ext12/data/res/values-mcc334-mnc020-pa: Cannot change mode to rwxr-xr-x: Operation not permitted
build	Cache Android SDK	2026-06-06T12:22:43.5375720Z /usr/bin/tar: ../../../../../usr/local/lib/android/sdk/platforms/android-34-ext12/data/res/values-mcc310-mnc560-fr: Cannot utime: Operation not permitted
build	Cache Android SDK	2026-06-06T12:22:43.5376693Z /usr/bin/tar: ../../../../../usr/local/lib/android/sdk/platforms/android-34-ext12/data/res/values-mcc310-mnc560-fr: Cannot change mode to rwxr-xr-x: Operation not permitted
build	Cache Android SDK	2026-06-06T12:22:43.5379026Z /usr/bin/tar: ../../../../../usr/local/lib/android/sdk/platforms/android-34-ext12/data/res/values-mcc334-mnc020-pt-rBR: Cannot utime: Operation not permitted
build	Cache Android SDK	2026-06-06T12:22:43.5380023Z /usr/bin/tar: ../../../../../usr/local/lib/android/sdk/platforms/android-34-ext12/data/res/values-mcc334-mnc020-pt-rBR: Cannot change mode to rwxr-xr-x: Operation not permitted
build	Cache Android SDK	2026-06-06T12:22:43.5381716Z /usr/bin/tar: ../../../../../usr/local/lib/android/sdk/platforms/android-34-ext12/data/res/values-mcc313-mnc100-ur: Cannot utime: Operation not permitted
build	Cache Android SDK	2026-06-06T12:22:43.5382672Z /usr/bin/tar: ../../../../../usr/local/lib/android/sdk/platforms/android-34-ext12/data/res/values-mcc313-mnc100-ur: Cannot change mode to rwxr-xr-x: Operation not permitted
build	Cache Android SDK	2026-06-06T12:22:43.5385509Z /usr/bin/tar: ../../../../../usr/local/lib/android/sdk/platforms/android-34-ext12/data/res/values-mcc310-mnc230-ml: Cannot utime: Operation not permitted
build	Cache Android SDK	2026-06-06T12:22:43.5386539Z /usr/bin/tar: ../../../../../usr/local/lib/android/sdk/platforms/android-34-ext12/data/res/values-mcc310-mnc230-ml: Cannot change mode to rwxr-xr-x: Operation not permitted
build	Cache Android SDK	2026-06-06T12:22:43.5389332Z /usr/bin/tar: ../../../../../usr/local/lib/android/sdk/platforms/android-34-ext12/data/res/values-sr-rRS: Cannot utime: Operation not permitted
build	Cache Android SDK	2026-06-06T12:22:43.5390243Z /usr/bin/tar: ../../../../../usr/local/lib/android/sdk/platforms/android-34-ext12/data/res/values-sr-rRS: Cannot change mode to rwxr-xr-x: Operation not permitted
build	Cache Android SDK	2026-06-06T12:22:43.5392713Z /usr/bin/tar: ../../../../../usr/local/lib/android/sdk/platforms/android-34-ext12/data/res/values-mcc310-mnc160-cs: Cannot utime: Operation not permitted
build	Cache Android SDK	2026-06-06T12:22:43.5393653Z /usr/bin/tar: ../../../../../usr/local/lib/android/sdk/platforms/android-34-ext12/data/res/values-mcc310-mnc160-cs: Cannot change mode to rwxr-xr-x: Operation not permitted
build	Cache Android SDK	2026-06-06T12:22:43.5395850Z /usr/bin/tar: ../../../../../usr/local/lib/android/sdk/platforms/android-34-ext12/data/res/values-mcc240-mnc01: Cannot utime: Operation not permitted
build	Cache Android SDK	2026-06-06T12:22:43.5396787Z /usr/bin/tar: ../../../../../usr/local/lib/android/sdk/platforms/android-34-ext12/data/res/values-mcc240-mnc01: Cannot change mode to rwxr-xr-x: Operation not permitted
build	Cache Android SDK	2026-06-06T12:22:43.5399376Z /usr/bin/tar: ../../../../../usr/local/lib/android/sdk/platforms/android-34-ext12/data/res/values-mcc310-mnc800-fr: Cannot utime: Operation not permitted
build	Cache Android SDK	2026-06-06T12:22:43.5400433Z /usr/bin/tar: ../../../../../usr/local/lib/android/sdk/platforms/android-34-ext12/data/res/values-mcc310-mnc800-fr: Cannot change mode to rwxr-xr-x: Operation not permitted
build	Cache Android SDK	2026-06-06T12:22:43.5402291Z /usr/bin/tar: ../../../../../usr/local/lib/android/sdk/platforms/android-34-ext12/data/res/values-mcc310-mnc490-pt-rPT: Cannot utime: Operation not permitted
build	Cache Android SDK	2026-06-06T12:22:43.5403291Z /usr/bin/tar: ../../../../../usr/local/lib/android/sdk/platforms/android-34-ext12/data/res/values-mcc310-mnc490-pt-rPT: Cannot change mode to rwxr-xr-x: Operation not permitted
build	Cache Android SDK	2026-06-06T12:22:43.5406035Z /usr/bin/tar: ../../../../../usr/local/lib/android/sdk/platforms/android-34-ext12/data/res/values-mcc310-mnc160-bn: Cannot utime: Operation not permitted
build	Cache Android SDK	2026-06-06T12:22:43.5406994Z /usr/bin/tar: ../../../../../usr/local/lib/android/sdk/platforms/android-34-ext12/data/res/values-mcc310-mnc160-bn: Cannot change mode to rwxr-xr-x: Operation not permitted
build	Cache Android SDK	2026-06-06T12:22:43.5412667Z /usr/bin/tar: ../../../../../usr/local/lib/android/sdk/platforms/android-34-ext12/data/res/values-in: Cannot utime: Operation not permitted
build	Cache Android SDK	2026-06-06T12:22:43.5413743Z /usr/bin/tar: ../../../../../usr/local/lib/android/sdk/platforms/android-34-ext12/data/res/values-in: Cannot change mode to rwxr-xr-x: Operation not permitted
build	Cache Android SDK	2026-06-06T12:22:43.5416064Z /usr/bin/tar: ../../../../../usr/local/lib/android/sdk/platforms/android-34-ext12/data/res/values-mcc310-mnc220-kn: Cannot utime: Operation not permitted
build	Cache Android SDK	2026-06-06T12:22:43.5417020Z /usr/bin/tar: ../../../../../usr/local/lib/android/sdk/platforms/android-34-ext12/data/res/values-mcc310-mnc220-kn: Cannot change mode to rwxr-xr-x: Operation not permitted
build	Cache Android SDK	2026-06-06T12:22:43.5419902Z /usr/bin/tar: ../../../../../usr/local/lib/android/sdk/platforms/android-34-ext12/data/res/values-mcc214: Cannot utime: Operation not permitted
build	Cache Android SDK	2026-06-06T12:22:43.5420926Z /usr/bin/tar: ../../../../../usr/local/lib/android/sdk/platforms/android-34-ext12/data/res/values-mcc214: Cannot change mode to rwxr-xr-x: Operation not permitted
build	Cache Android SDK	2026-06-06T12:22:43.5423513Z /usr/bin/tar: ../../../../../usr/local/lib/android/sdk/platforms/android-34-ext12/data/res/values-mcc310-mnc660-zh-rTW: Cannot utime: Operation not permitted
build	Cache Android SDK	2026-06-06T12:22:43.5424510Z /usr/bin/tar: ../../../../../usr/local/lib/android/sdk/platforms/android-34-ext12/data/res/values-mcc310-mnc660-zh-rTW: Cannot change mode to rwxr-xr-x: Operation not permitted
build	Cache Android SDK	2026-06-06T12:22:43.5426834Z /usr/bin/tar: ../../../../../usr/local/lib/android/sdk/platforms/android-34-ext12/data/res/values-is-television: Cannot utime: Operation not permitted
build	Cache Android SDK	2026-06-06T12:22:43.5427875Z /usr/bin/tar: ../../../../../usr/local/lib/android/sdk/platforms/android-34-ext12/data/res/values-is-television: Cannot change mode to rwxr-xr-x: Operation not permitted
build	Cache Android SDK	2026-06-06T12:22:43.5434757Z /usr/bin/tar: ../../../../../usr/local/lib/android/sdk/platforms/android-34-ext12/data/res/values-en-rIN: Cannot utime: Operation not permitted
build	Cache Android SDK	2026-06-06T12:22:43.5436296Z /usr/bin/tar: ../../../../../usr/local/lib/android/sdk/platforms/android-34-ext12/data/res/values-en-rIN: Cannot change mode to rwxr-xr-x: Operation not permitted
build	Cache Android SDK	2026-06-06T12:22:43.5438083Z /usr/bin/tar: ../../../../../usr/local/lib/android/sdk/platforms/android-34-ext12/data/res/values-sw-watch: Cannot utime: Operation not permitted
build	Cache Android SDK	2026-06-06T12:22:43.5439260Z /usr/bin/tar: ../../../../../usr/local/lib/android/sdk/platforms/android-34-ext12/data/res/values-sw-watch: Cannot change mode to rwxr-xr-x: Operation not permitted
build	Cache Android SDK	2026-06-06T12:22:43.5440796Z /usr/bin/tar: ../../../../../usr/local/lib/android/sdk/platforms/android-34-ext12/data/res/values-mcc310-mnc270-sv: Cannot utime: Operation not permitted
build	Cache Android SDK	2026-06-06T12:22:43.5441776Z /usr/bin/tar: ../../../../../usr/local/lib/android/sdk/platforms/android-34-ext12/data/res/values-mcc310-mnc270-sv: Cannot change mode to rwxr-xr-x: Operation not permitted
build	Cache Android SDK	2026-06-06T12:22:43.5444288Z /usr/bin/tar: ../../../../../usr/local/lib/android/sdk/platforms/android-34-ext12/data/res/values-mcc310-mnc490-bg: Cannot utime: Operation not permitted
build	Cache Android SDK	2026-06-06T12:22:43.5445364Z /usr/bin/tar: ../../../../../usr/local/lib/android/sdk/platforms/android-34-ext12/data/res/values-mcc310-mnc490-bg: Cannot change mode to rwxr-xr-x: Operation not permitted
build	Cache Android SDK	2026-06-06T12:22:43.5447178Z /usr/bin/tar: ../../../../../usr/local/lib/android/sdk/platforms/android-34-ext12/data/res/values-mcc466-mnc11: Cannot utime: Operation not permitted
build	Cache Android SDK	2026-06-06T12:22:43.5448366Z /usr/bin/tar: ../../../../../usr/local/lib/android/sdk/platforms/android-34-ext12/data/res/values-mcc466-mnc11: Cannot change mode to rwxr-xr-x: Operation not permitted
build	Cache Android SDK	2026-06-06T12:22:43.5450754Z /usr/bin/tar: ../../../../../usr/local/lib/android/sdk/platforms/android-34-ext12/data/res/values-mcc310-mnc200-my: Cannot utime: Operation not permitted
build	Cache Android SDK	2026-06-06T12:22:43.5451726Z /usr/bin/tar: ../../../../../usr/local/lib/android/sdk/platforms/android-34-ext12/data/res/values-mcc310-mnc200-my: Cannot change mode to rwxr-xr-x: Operation not permitted
build	Cache Android SDK	2026-06-06T12:22:43.5453942Z /usr/bin/tar: ../../../../../usr/local/lib/android/sdk/platforms/android-34-ext12/data/res/values-mcc310-mnc210-ka: Cannot utime: Operation not permitted
build	Cache Android SDK	2026-06-06T12:22:43.5454906Z /usr/bin/tar: ../../../../../usr/local/lib/android/sdk/platforms/android-34-ext12/data/res/values-mcc310-mnc210-ka: Cannot change mode to rwxr-xr-x: Operation not permitted
build	Cache Android SDK	2026-06-06T12:22:43.5528571Z /usr/bin/tar: ../../../../../usr/local/lib/android/sdk/platforms/android-34-ext12/data/res/anim: Cannot utime: Operation not permitted
build	Cache Android SDK	2026-06-06T12:22:43.5530136Z /usr/bin/tar: ../../../../../usr/local/lib/android/sdk/platforms/android-34-ext12/data/res/anim: Cannot change mode to rwxr-xr-x: Operation not permitted
build	Cache Android SDK	2026-06-06T12:22:43.5531386Z /usr/bin/tar: ../../../../../usr/local/lib/android/sdk/platforms/android-34-ext12/data/res/values-mcc310-mnc560-sw: Cannot utime: Operation not permitted
build	Cache Android SDK	2026-06-06T12:22:43.5532925Z /usr/bin/tar: ../../../../../usr/local/lib/android/sdk/platforms/android-34-ext12/data/res/values-mcc310-mnc560-sw: Cannot change mode to rwxr-xr-x: Operation not permitted
build	Cache Android SDK	2026-06-06T12:22:43.5536124Z /usr/bin/tar: ../../../../../usr/local/lib/android/sdk/platforms/android-34-ext12/data/res/values-mcc310-mnc270-ka: Cannot utime: Operation not permitted
build	Cache Android SDK	2026-06-06T12:22:43.5537541Z /usr/bin/tar: ../../../../../usr/local/lib/android/sdk/platforms/android-34-ext12/data/res/values-mcc310-mnc270-ka: Cannot change mode to rwxr-xr-x: Operation not permitted
build	Cache Android SDK	2026-06-06T12:22:43.5539067Z /usr/bin/tar: ../../../../../usr/local/lib/android/sdk/platforms/android-34-ext12/data/res/values-mcc334-mnc020-af: Cannot utime: Operation not permitted
build	Cache Android SDK	2026-06-06T12:22:43.5540016Z /usr/bin/tar: ../../../../../usr/local/lib/android/sdk/platforms/android-34-ext12/data/res/values-mcc334-mnc020-af: Cannot change mode to rwxr-xr-x: Operation not permitted
build	Cache Android SDK	2026-06-06T12:22:43.5542518Z /usr/bin/tar: ../../../../../usr/local/lib/android/sdk/platforms/android-34-ext12/data/res/values-mcc310-mnc560-el: Cannot utime: Operation not permitted
build	Cache Android SDK	2026-06-06T12:22:43.5543508Z /usr/bin/tar: ../../../../../usr/local/lib/android/sdk/platforms/android-34-ext12/data/res/values-mcc310-mnc560-el: Cannot change mode to rwxr-xr-x: Operation not permitted
build	Cache Android SDK	2026-06-06T12:22:43.5548146Z /usr/bin/tar: ../../../../../usr/local/lib/android/sdk/platforms/android-34-ext12/data/res/layout-xlarge: Cannot utime: Operation not permitted
build	Cache Android SDK	2026-06-06T12:22:43.5549105Z /usr/bin/tar: ../../../../../usr/local/lib/android/sdk/platforms/android-34-ext12/data/res/layout-xlarge: Cannot change mode to rwxr-xr-x: Operation not permitted
build	Cache Android SDK	2026-06-06T12:22:43.5551718Z /usr/bin/tar: ../../../../../usr/local/lib/android/sdk/platforms/android-34-ext12/data/res/values-mcc001-mnc01-bn: Cannot utime: Operation not permitted
build	Cache Android SDK	2026-06-06T12:22:43.5552791Z /usr/bin/tar: ../../../../../usr/local/lib/android/sdk/platforms/android-34-ext12/data/res/values-mcc001-mnc01-bn: Cannot change mode to rwxr-xr-x: Operation not permitted
build	Cache Android SDK	2026-06-06T12:22:43.5555288Z /usr/bin/tar: ../../../../../usr/local/lib/android/sdk/platforms/android-34-ext12/data/res/values-mcc310-mnc270-zh-rCN: Cannot utime: Operation not permitted
build	Cache Android SDK	2026-06-06T12:22:43.5556338Z /usr/bin/tar: ../../../../../usr/local/lib/android/sdk/platforms/android-34-ext12/data/res/values-mcc310-mnc270-zh-rCN: Cannot change mode to rwxr-xr-x: Operation not permitted
build	Cache Android SDK	2026-06-06T12:22:43.5558234Z /usr/bin/tar: ../../../../../usr/local/lib/android/sdk/platforms/android-34-ext12/data/res/values-mcc302-mnc370-zu: Cannot utime: Operation not permitted
build	Cache Android SDK	2026-06-06T12:22:43.5559209Z /usr/bin/tar: ../../../../../usr/local/lib/android/sdk/platforms/android-34-ext12/data/res/values-mcc302-mnc370-zu: Cannot change mode to rwxr-xr-x: Operation not permitted
build	Cache Android SDK	2026-06-06T12:22:43.5561804Z /usr/bin/tar: ../../../../../usr/local/lib/android/sdk/platforms/android-34-ext12/data/res/values-mcc310-mnc210-ne: Cannot utime: Operation not permitted
build	Cache Android SDK	2026-06-06T12:22:43.5562785Z /usr/bin/tar: ../../../../../usr/local/lib/android/sdk/platforms/android-34-ext12/data/res/values-mcc310-mnc210-ne: Cannot change mode to rwxr-xr-x: Operation not permitted
build	Cache Android SDK	2026-06-06T12:22:43.5564539Z /usr/bin/tar: ../../../../../usr/local/lib/android/sdk/platforms/android-34-ext12/data/res/values-mcc302-mnc370-en-rIN: Cannot utime: Operation not permitted
build	Cache Android SDK	2026-06-06T12:22:43.5566419Z /usr/bin/tar: ../../../../../usr/local/lib/android/sdk/platforms/android-34-ext12/data/res/values-mcc302-mnc370-en-rIN: Cannot change mode to rwxr-xr-x: Operation not permitted
build	Cache Android SDK	2026-06-06T12:22:43.5568082Z /usr/bin/tar: ../../../../../usr/local/lib/android/sdk/platforms/android-34-ext12/data/res/values-ky-television: Cannot utime: Operation not permitted
build	Cache Android SDK	2026-06-06T12:22:43.5569028Z /usr/bin/tar: ../../../../../usr/local/lib/android/sdk/platforms/android-34-ext12/data/res/values-ky-television: Cannot change mode to rwxr-xr-x: Operation not permitted
build	Cache Android SDK	2026-06-06T12:22:43.5570882Z /usr/bin/tar: ../../../../../usr/local/lib/android/sdk/platforms/android-34-ext12/data/res/values-mcc310-mnc210-ms: Cannot utime: Operation not permitted
build	Cache Android SDK	2026-06-06T12:22:43.5572467Z /usr/bin/tar: ../../../../../usr/local/lib/android/sdk/platforms/android-34-ext12/data/res/values-mcc310-mnc210-ms: Cannot change mode to rwxr-xr-x: Operation not permitted
build	Cache Android SDK	2026-06-06T12:22:43.5574630Z /usr/bin/tar: ../../../../../usr/local/lib/android/sdk/platforms/android-34-ext12/data/res/values-mcc310-mnc210-hi: Cannot utime: Operation not permitted
build	Cache Android SDK	2026-06-06T12:22:43.5575615Z /usr/bin/tar: ../../../../../usr/local/lib/android/sdk/platforms/android-34-ext12/data/res/values-mcc310-mnc210-hi: Cannot change mode to rwxr-xr-x: Operation not permitted
build	Cache Android SDK	2026-06-06T12:22:43.5578252Z /usr/bin/tar: ../../../../../usr/local/lib/android/sdk/platforms/android-34-ext12/data/res/values-mcc310-mnc210-is: Cannot utime: Operation not permitted
build	Cache Android SDK	2026-06-06T12:22:43.5579764Z /usr/bin/tar: ../../../../../usr/local/lib/android/sdk/platforms/android-34-ext12/data/res/values-mcc310-mnc210-is: Cannot change mode to rwxr-xr-x: Operation not permitted
build	Cache Android SDK	2026-06-06T12:22:43.5581213Z /usr/bin/tar: ../../../../../usr/local/lib/android/sdk/platforms/android-34-ext12/data/res/values-mcc312-mnc670-tl: Cannot utime: Operation not permitted
build	Cache Android SDK	2026-06-06T12:22:43.5582195Z /usr/bin/tar: ../../../../../usr/local/lib/android/sdk/platforms/android-34-ext12/data/res/values-mcc312-mnc670-tl: Cannot change mode to rwxr-xr-x: Operation not permitted
build	Cache Android SDK	2026-06-06T12:22:43.5584242Z /usr/bin/tar: ../../../../../usr/local/lib/android/sdk/platforms/android-34-ext12/data/res/values-mcc310-mnc950-pa: Cannot utime: Operation not permitted
build	Cache Android SDK	2026-06-06T12:22:43.5585206Z /usr/bin/tar: ../../../../../usr/local/lib/android/sdk/platforms/android-34-ext12/data/res/values-mcc310-mnc950-pa: Cannot change mode to rwxr-xr-x: Operation not permitted
build	Cache Android SDK	2026-06-06T12:22:43.5588106Z /usr/bin/tar: ../../../../../usr/local/lib/android/sdk/platforms/android-34-ext12/data/res/values-mcc310-mnc660-be: Cannot utime: Operation not permitted
build	Cache Android SDK	2026-06-06T12:22:43.5589511Z /usr/bin/tar: ../../../../../usr/local/lib/android/sdk/platforms/android-34-ext12/data/res/values-mcc310-mnc660-be: Cannot change mode to rwxr-xr-x: Operation not permitted
build	Cache Android SDK	2026-06-06T12:22:43.5591559Z /usr/bin/tar: ../../../../../usr/local/lib/android/sdk/platforms/android-34-ext12/data/res/values-mcc310-mnc250-el: Cannot utime: Operation not permitted
build	Cache Android SDK	2026-06-06T12:22:43.5592526Z /usr/bin/tar: ../../../../../usr/local/lib/android/sdk/platforms/android-34-ext12/data/res/values-mcc310-mnc250-el: Cannot change mode to rwxr-xr-x: Operation not permitted
build	Cache Android SDK	2026-06-06T12:22:43.5595271Z /usr/bin/tar: ../../../../../usr/local/lib/android/sdk/platforms/android-34-ext12/data/res/values-mcc310-mnc160-az: Cannot utime: Operation not permitted
build	Cache Android SDK	2026-06-06T12:22:43.5596230Z /usr/bin/tar: ../../../../../usr/local/lib/android/sdk/platforms/android-34-ext12/data/res/values-mcc310-mnc160-az: Cannot change mode to rwxr-xr-x: Operation not permitted
build	Cache Android SDK	2026-06-06T12:22:43.5598863Z /usr/bin/tar: ../../../../../usr/local/lib/android/sdk/platforms/android-34-ext12/data/res/values-mcc312-mnc670-sl: Cannot utime: Operation not permitted
build	Cache Android SDK	2026-06-06T12:22:43.5600012Z /usr/bin/tar: ../../../../../usr/local/lib/android/sdk/platforms/android-34-ext12/data/res/values-mcc312-mnc670-sl: Cannot change mode to rwxr-xr-x: Operation not permitted
build	Cache Android SDK	2026-06-06T12:22:43.5602329Z /usr/bin/tar: ../../../../../usr/local/lib/android/sdk/platforms/android-34-ext12/data/res/values-mcc312-mnc670: Cannot utime: Operation not permitted
build	Cache Android SDK	2026-06-06T12:22:43.5603295Z /usr/bin/tar: ../../../../../usr/local/lib/android/sdk/platforms/android-34-ext12/data/res/values-mcc312-mnc670: Cannot change mode to rwxr-xr-x: Operation not permitted
build	Cache Android SDK	2026-06-06T12:22:43.5605643Z /usr/bin/tar: ../../../../../usr/local/lib/android/sdk/platforms/android-34-ext12/data/res/values-mcc310-mnc380-en-rAU: Cannot utime: Operation not permitted
build	Cache Android SDK	2026-06-06T12:22:43.5606638Z /usr/bin/tar: ../../../../../usr/local/lib/android/sdk/platforms/android-34-ext12/data/res/values-mcc310-mnc380-en-rAU: Cannot change mode to rwxr-xr-x: Operation not permitted
build	Cache Android SDK	2026-06-06T12:22:43.5609162Z /usr/bin/tar: ../../../../../usr/local/lib/android/sdk/platforms/android-34-ext12/data/res/values-mcc310-mnc200-sl: Cannot utime: Operation not permitted
build	Cache Android SDK	2026-06-06T12:22:43.5610267Z /usr/bin/tar: ../../../../../usr/local/lib/android/sdk/platforms/android-34-ext12/data/res/values-mcc310-mnc200-sl: Cannot change mode to rwxr-xr-x: Operation not permitted
build	Cache Android SDK	2026-06-06T12:22:43.5613104Z /usr/bin/tar: ../../../../../usr/local/lib/android/sdk/platforms/android-34-ext12/data/res/values-mcc310-mnc250-sk: Cannot utime: Operation not permitted
build	Cache Android SDK	2026-06-06T12:22:43.5614131Z /usr/bin/tar: ../../../../../usr/local/lib/android/sdk/platforms/android-34-ext12/data/res/values-mcc310-mnc250-sk: Cannot change mode to rwxr-xr-x: Operation not permitted
build	Cache Android SDK	2026-06-06T12:22:43.5615937Z /usr/bin/tar: ../../../../../usr/local/lib/android/sdk/platforms/android-34-ext12/data/res/values-mcc310-mnc280-en-rXC: Cannot utime: Operation not permitted
build	Cache Android SDK	2026-06-06T12:22:43.5616961Z /usr/bin/tar: ../../../../../usr/local/lib/android/sdk/platforms/android-34-ext12/data/res/values-mcc310-mnc280-en-rXC: Cannot change mode to rwxr-xr-x: Operation not permitted
build	Cache Android SDK	2026-06-06T12:22:43.5619723Z /usr/bin/tar: ../../../../../usr/local/lib/android/sdk/platforms/android-34-ext12/data/res/values-mcc310-mnc230-zh-rCN: Cannot utime: Operation not permitted
build	Cache Android SDK	2026-06-06T12:22:43.5620734Z /usr/bin/tar: ../../../../../usr/local/lib/android/sdk/platforms/android-34-ext12/data/res/values-mcc310-mnc230-zh-rCN: Cannot change mode to rwxr-xr-x: Operation not permitted
build	Cache Android SDK	2026-06-06T12:22:43.5623204Z /usr/bin/tar: ../../../../../usr/local/lib/android/sdk/platforms/android-34-ext12/data/res/values-mcc310-mnc220-sw: Cannot utime: Operation not permitted
build	Cache Android SDK	2026-06-06T12:22:43.5624181Z /usr/bin/tar: ../../../../../usr/local/lib/android/sdk/platforms/android-34-ext12/data/res/values-mcc310-mnc220-sw: Cannot change mode to rwxr-xr-x: Operation not permitted
build	Cache Android SDK	2026-06-06T12:22:43.5626273Z /usr/bin/tar: ../../../../../usr/local/lib/android/sdk/platforms/android-34-ext12/data/res/values-mcc310-mnc170-b+sr+Latn: Cannot utime: Operation not permitted
build	Cache Android SDK	2026-06-06T12:22:43.5627320Z /usr/bin/tar: ../../../../../usr/local/lib/android/sdk/platforms/android-34-ext12/data/res/values-mcc310-mnc170-b+sr+Latn: Cannot change mode to rwxr-xr-x: Operation not permitted
build	Cache Android SDK	2026-06-06T12:22:43.5629345Z /usr/bin/tar: ../../../../../usr/local/lib/android/sdk/platforms/android-34-ext12/data/res/values-sw720dp-port: Cannot utime: Operation not permitted
build	Cache Android SDK	2026-06-06T12:22:43.5630319Z /usr/bin/tar: ../../../../../usr/local/lib/android/sdk/platforms/android-34-ext12/data/res/values-sw720dp-port: Cannot change mode to rwxr-xr-x: Operation not permitted
build	Cache Android SDK	2026-06-06T12:22:43.5633197Z /usr/bin/tar: ../../../../../usr/local/lib/android/sdk/platforms/android-34-ext12/data/res/values-mcc310-mnc030-si: Cannot utime: Operation not permitted
build	Cache Android SDK	2026-06-06T12:22:43.5634371Z /usr/bin/tar: ../../../../../usr/local/lib/android/sdk/platforms/android-34-ext12/data/res/values-mcc310-mnc030-si: Cannot change mode to rwxr-xr-x: Operation not permitted
build	Cache Android SDK	2026-06-06T12:22:43.5636072Z /usr/bin/tar: ../../../../../usr/local/lib/android/sdk/platforms/android-34-ext12/data/res/values-mcc310-mnc150-is: Cannot utime: Operation not permitted
build	Cache Android SDK	2026-06-06T12:22:43.5637017Z /usr/bin/tar: ../../../../../usr/local/lib/android/sdk/platforms/android-34-ext12/data/res/values-mcc310-mnc150-is: Cannot change mode to rwxr-xr-x: Operation not permitted
build	Cache Android SDK	2026-06-06T12:22:43.5639521Z /usr/bin/tar: ../../../../../usr/local/lib/android/sdk/platforms/android-34-ext12/data/res/values-mcc310-mnc030-tl: Cannot utime: Operation not permitted
build	Cache Android SDK	2026-06-06T12:22:43.5640487Z /usr/bin/tar: ../../../../../usr/local/lib/android/sdk/platforms/android-34-ext12/data/res/values-mcc310-mnc030-tl: Cannot change mode to rwxr-xr-x: Operation not permitted
build	Cache Android SDK	2026-06-06T12:22:43.5642979Z /usr/bin/tar: ../../../../../usr/local/lib/android/sdk/platforms/android-34-ext12/data/res/values-mcc310-mnc490-af: Cannot utime: Operation not permitted
build	Cache Android SDK	2026-06-06T12:22:43.5644115Z /usr/bin/tar: ../../../../../usr/local/lib/android/sdk/platforms/android-34-ext12/data/res/values-mcc310-mnc490-af: Cannot change mode to rwxr-xr-x: Operation not permitted
build	Cache Android SDK	2026-06-06T12:22:43.5645827Z /usr/bin/tar: ../../../../../usr/local/lib/android/sdk/platforms/android-34-ext12/data/res/values-mcc313-mnc100-el: Cannot utime: Operation not permitted
build	Cache Android SDK	2026-06-06T12:22:43.5646790Z /usr/bin/tar: ../../../../../usr/local/lib/android/sdk/platforms/android-34-ext12/data/res/values-mcc313-mnc100-el: Cannot change mode to rwxr-xr-x: Operation not permitted
build	Cache Android SDK	2026-06-06T12:22:43.5651256Z /usr/bin/tar: ../../../../../usr/local/lib/android/sdk/platforms/android-34-ext12/data/res/values-mcc310-mnc220-pt-rBR: Cannot utime: Operation not permitted
build	Cache Android SDK	2026-06-06T12:22:43.5652284Z /usr/bin/tar: ../../../../../usr/local/lib/android/sdk/platforms/android-34-ext12/data/res/values-mcc310-mnc220-pt-rBR: Cannot change mode to rwxr-xr-x: Operation not permitted
build	Cache Android SDK	2026-06-06T12:22:43.5653728Z /usr/bin/tar: ../../../../../usr/local/lib/android/sdk/platforms/android-34-ext12/data/res/values-mcc310-mnc240-te: Cannot utime: Operation not permitted
build	Cache Android SDK	2026-06-06T12:22:43.5654686Z /usr/bin/tar: ../../../../../usr/local/lib/android/sdk/platforms/android-34-ext12/data/res/values-mcc310-mnc240-te: Cannot change mode to rwxr-xr-x: Operation not permitted
build	Cache Android SDK	2026-06-06T12:22:43.5656694Z /usr/bin/tar: ../../../../../usr/local/lib/android/sdk/platforms/android-34-ext12/data/res/values-mcc334-mnc020-es-rUS: Cannot utime: Operation not permitted
build	Cache Android SDK	2026-06-06T12:22:43.5657924Z /usr/bin/tar: ../../../../../usr/local/lib/android/sdk/platforms/android-34-ext12/data/res/values-mcc334-mnc020-es-rUS: Cannot change mode to rwxr-xr-x: Operation not permitted
build	Cache Android SDK	2026-06-06T12:22:43.5659961Z /usr/bin/tar: ../../../../../usr/local/lib/android/sdk/platforms/android-34-ext12/data/res/values-mcc302-mnc370-en-rCA: Cannot utime: Operation not permitted
build	Cache Android SDK	2026-06-06T12:22:43.5660943Z /usr/bin/tar: ../../../../../usr/local/lib/android/sdk/platforms/android-34-ext12/data/res/values-mcc302-mnc370-en-rCA: Cannot change mode to rwxr-xr-x: Operation not permitted
build	Cache Android SDK	2026-06-06T12:22:43.5663572Z /usr/bin/tar: ../../../../../usr/local/lib/android/sdk/platforms/android-34-ext12/data/res/values-mcc310-mnc170-pl: Cannot utime: Operation not permitted
build	Cache Android SDK	2026-06-06T12:22:43.5664638Z /usr/bin/tar: ../../../../../usr/local/lib/android/sdk/platforms/android-34-ext12/data/res/values-mcc310-mnc170-pl: Cannot change mode to rwxr-xr-x: Operation not permitted
build	Cache Android SDK	2026-06-06T12:22:43.5666862Z /usr/bin/tar: ../../../../../usr/local/lib/android/sdk/platforms/android-34-ext12/data/res/values-be-watch: Cannot utime: Operation not permitted
build	Cache Android SDK	2026-06-06T12:22:43.5667962Z /usr/bin/tar: ../../../../../usr/local/lib/android/sdk/platforms/android-34-ext12/data/res/values-be-watch: Cannot change mode to rwxr-xr-x: Operation not permitted
build	Cache Android SDK	2026-06-06T12:22:43.5669934Z /usr/bin/tar: ../../../../../usr/local/lib/android/sdk/platforms/android-34-ext12/data/res/values-fi-television: Cannot utime: Operation not permitted
build	Cache Android SDK	2026-06-06T12:22:43.5670887Z /usr/bin/tar: ../../../../../usr/local/lib/android/sdk/platforms/android-34-ext12/data/res/values-fi-television: Cannot change mode to rwxr-xr-x: Operation not permitted
build	Cache Android SDK	2026-06-06T12:22:43.5673625Z /usr/bin/tar: ../../../../../usr/local/lib/android/sdk/platforms/android-34-ext12/data/res/values-mcc310-mnc800-pt-rPT: Cannot utime: Operation not permitted
build	Cache Android SDK	2026-06-06T12:22:43.5674620Z /usr/bin/tar: ../../../../../usr/local/lib/android/sdk/platforms/android-34-ext12/data/res/values-mcc310-mnc800-pt-rPT: Cannot change mode to rwxr-xr-x: Operation not permitted
build	Cache Android SDK	2026-06-06T12:22:43.5676701Z /usr/bin/tar: ../../../../../usr/local/lib/android/sdk/platforms/android-34-ext12/data/res/values-mcc310-mnc490-hi: Cannot utime: Operation not permitted
build	Cache Android SDK	2026-06-06T12:22:43.5677846Z /usr/bin/tar: ../../../../../usr/local/lib/android/sdk/platforms/android-34-ext12/data/res/values-mcc310-mnc490-hi: Cannot change mode to rwxr-xr-x: Operation not permitted
build	Cache Android SDK	2026-06-06T12:22:43.5679888Z /usr/bin/tar: ../../../../../usr/local/lib/android/sdk/platforms/android-34-ext12/data/res/values-mcc001-mnc01-hu: Cannot utime: Operation not permitted
build	Cache Android SDK	2026-06-06T12:22:43.5680842Z /usr/bin/tar: ../../../../../usr/local/lib/android/sdk/platforms/android-34-ext12/data/res/values-mcc001-mnc01-hu: Cannot change mode to rwxr-xr-x: Operation not permitted
build	Cache Android SDK	2026-06-06T12:22:43.5682979Z /usr/bin/tar: ../../../../../usr/local/lib/android/sdk/platforms/android-34-ext12/data/res/values-mcc724: Cannot utime: Operation not permitted
build	Cache Android SDK	2026-06-06T12:22:43.5683875Z /usr/bin/tar: ../../../../../usr/local/lib/android/sdk/platforms/android-34-ext12/data/res/values-mcc724: Cannot change mode to rwxr-xr-x: Operation not permitted
build	Cache Android SDK	2026-06-06T12:22:43.5686343Z /usr/bin/tar: ../../../../../usr/local/lib/android/sdk/platforms/android-34-ext12/data/res/values-mcc310-mnc310-ar: Cannot utime: Operation not permitted
build	Cache Android SDK	2026-06-06T12:22:43.5687318Z /usr/bin/tar: ../../../../../usr/local/lib/android/sdk/platforms/android-34-ext12/data/res/values-mcc310-mnc310-ar: Cannot change mode to rwxr-xr-x: Operation not permitted
build	Cache Android SDK	2026-06-06T12:22:43.5689780Z /usr/bin/tar: ../../../../../usr/local/lib/android/sdk/platforms/android-34-ext12/data/res/values-mcc310-mnc310-tr: Cannot utime: Operation not permitted
build	Cache Android SDK	2026-06-06T12:22:43.5690739Z /usr/bin/tar: ../../../../../usr/local/lib/android/sdk/platforms/android-34-ext12/data/res/values-mcc310-mnc310-tr: Cannot change mode to rwxr-xr-x: Operation not permitted
build	Cache Android SDK	2026-06-06T12:22:43.5692903Z /usr/bin/tar: ../../../../../usr/local/lib/android/sdk/platforms/android-34-ext12/data/res/values-mcc310-mnc410-sr: Cannot utime: Operation not permitted
build	Cache Android SDK	2026-06-06T12:22:43.5693890Z /usr/bin/tar: ../../../../../usr/local/lib/android/sdk/platforms/android-34-ext12/data/res/values-mcc310-mnc410-sr: Cannot change mode to rwxr-xr-x: Operation not permitted
build	Cache Android SDK	2026-06-06T12:22:43.5695965Z /usr/bin/tar: ../../../../../usr/local/lib/android/sdk/platforms/android-34-ext12/data/res/values-mcc310-mnc250-fa: Cannot utime: Operation not permitted
build	Cache Android SDK	2026-06-06T12:22:43.5696926Z /usr/bin/tar: ../../../../../usr/local/lib/android/sdk/platforms/android-34-ext12/data/res/values-mcc310-mnc250-fa: Cannot change mode to rwxr-xr-x: Operation not permitted
build	Cache Android SDK	2026-06-06T12:22:43.5699467Z /usr/bin/tar: ../../../../../usr/local/lib/android/sdk/platforms/android-34-ext12/data/res/values-mcc310-mnc660-pt: Cannot utime: Operation not permitted
build	Cache Android SDK	2026-06-06T12:22:43.5700423Z /usr/bin/tar: ../../../../../usr/local/lib/android/sdk/platforms/android-34-ext12/data/res/values-mcc310-mnc660-pt: Cannot change mode to rwxr-xr-x: Operation not permitted
build	Cache Android SDK	2026-06-06T12:22:43.5706846Z /usr/bin/tar: ../../../../../usr/local/lib/android/sdk/platforms/android-34-ext12/data/res/values-am: Cannot utime: Operation not permitted
build	Cache Android SDK	2026-06-06T12:22:43.5707901Z /usr/bin/tar: ../../../../../usr/local/lib/android/sdk/platforms/android-34-ext12/data/res/values-am: Cannot change mode to rwxr-xr-x: Operation not permitted
build	Cache Android SDK	2026-06-06T12:22:43.5710685Z /usr/bin/tar: ../../../../../usr/local/lib/android/sdk/platforms/android-34-ext12/data/res/values-mcc310-mnc030-be: Cannot utime: Operation not permitted
build	Cache Android SDK	2026-06-06T12:22:43.5712710Z /usr/bin/tar: ../../../../../usr/local/lib/android/sdk/platforms/android-34-ext12/data/res/values-mcc310-mnc030-be: Cannot change mode to rwxr-xr-x: Operation not permitted
build	Cache Android SDK	2026-06-06T12:22:43.5713694Z /usr/bin/tar: ../../../../../usr/local/lib/android/sdk/platforms/android-34-ext12/data/res/values-mcc310-mnc950-si: Cannot utime: Operation not permitted
build	Cache Android SDK	2026-06-06T12:22:43.5714654Z /usr/bin/tar: ../../../../../usr/local/lib/android/sdk/platforms/android-34-ext12/data/res/values-mcc310-mnc950-si: Cannot change mode to rwxr-xr-x: Operation not permitted
build	Cache Android SDK	2026-06-06T12:22:43.5716697Z /usr/bin/tar: ../../../../../usr/local/lib/android/sdk/platforms/android-34-ext12/data/res/values-mcc310-mnc270-eu: Cannot utime: Operation not permitted
build	Cache Android SDK	2026-06-06T12:22:43.5718078Z /usr/bin/tar: ../../../../../usr/local/lib/android/sdk/platforms/android-34-ext12/data/res/values-mcc310-mnc270-eu: Cannot change mode to rwxr-xr-x: Operation not permitted
build	Cache Android SDK	2026-06-06T12:22:43.5720304Z /usr/bin/tar: ../../../../../usr/local/lib/android/sdk/platforms/android-34-ext12/data/res/values-mcc310-mnc220-si: Cannot utime: Operation not permitted
build	Cache Android SDK	2026-06-06T12:22:43.5721269Z /usr/bin/tar: ../../../../../usr/local/lib/android/sdk/platforms/android-34-ext12/data/res/values-mcc310-mnc220-si: Cannot change mode to rwxr-xr-x: Operation not permitted
build	Cache Android SDK	2026-06-06T12:22:43.5723816Z /usr/bin/tar: ../../../../../usr/local/lib/android/sdk/platforms/android-34-ext12/data/res/values-mcc313-mnc100-uk: Cannot utime: Operation not permitted
build	Cache Android SDK	2026-06-06T12:22:43.5724786Z /usr/bin/tar: ../../../../../usr/local/lib/android/sdk/platforms/android-34-ext12/data/res/values-mcc313-mnc100-uk: Cannot change mode to rwxr-xr-x: Operation not permitted
build	Cache Android SDK	2026-06-06T12:22:43.5727055Z /usr/bin/tar: ../../../../../usr/local/lib/android/sdk/platforms/android-34-ext12/data/res/values-mcc311-mnc180-bs: Cannot utime: Operation not permitted
build	Cache Android SDK	2026-06-06T12:22:43.5728258Z /usr/bin/tar: ../../../../../usr/local/lib/android/sdk/platforms/android-34-ext12/data/res/values-mcc311-mnc180-bs: Cannot change mode to rwxr-xr-x: Operation not permitted
build	Cache Android SDK	2026-06-06T12:22:43.5734572Z /usr/bin/tar: ../../../../../usr/local/lib/android/sdk/platforms/android-34-ext12/data/res/values-nb: Cannot utime: Operation not permitted
build	Cache Android SDK	2026-06-06T12:22:43.5735487Z /usr/bin/tar: ../../../../../usr/local/lib/android/sdk/platforms/android-34-ext12/data/res/values-nb: Cannot change mode to rwxr-xr-x: Operation not permitted
build	Cache Android SDK	2026-06-06T12:22:43.5738148Z /usr/bin/tar: ../../../../../usr/local/lib/android/sdk/platforms/android-34-ext12/data/res/values-mcc310-mnc250-gl: Cannot utime: Operation not permitted
build	Cache Android SDK	2026-06-06T12:22:43.5739171Z /usr/bin/tar: ../../../../../usr/local/lib/android/sdk/platforms/android-34-ext12/data/res/values-mcc310-mnc250-gl: Cannot change mode to rwxr-xr-x: Operation not permitted
build	Cache Android SDK	2026-06-06T12:22:43.5741586Z /usr/bin/tar: ../../../../../usr/local/lib/android/sdk/platforms/android-34-ext12/data/res/values-mcc310-mnc270-en-rIN: Cannot utime: Operation not permitted
build	Cache Android SDK	2026-06-06T12:22:43.5742673Z /usr/bin/tar: ../../../../../usr/local/lib/android/sdk/platforms/android-34-ext12/data/res/values-mcc310-mnc270-en-rIN: Cannot change mode to rwxr-xr-x: Operation not permitted
build	Cache Android SDK	2026-06-06T12:22:43.5745009Z /usr/bin/tar: ../../../../../usr/local/lib/android/sdk/platforms/android-34-ext12/data/res/raw-cs: Cannot utime: Operation not permitted
build	Cache Android SDK	2026-06-06T12:22:43.5745863Z /usr/bin/tar: ../../../../../usr/local/lib/android/sdk/platforms/android-34-ext12/data/res/raw-cs: Cannot change mode to rwxr-xr-x: Operation not permitted
build	Cache Android SDK	2026-06-06T12:22:43.5748762Z /usr/bin/tar: ../../../../../usr/local/lib/android/sdk/platforms/android-34-ext12/data/res/values-mcc310-mnc160-mr: Cannot utime: Operation not permitted
build	Cache Android SDK	2026-06-06T12:22:43.5749733Z /usr/bin/tar: ../../../../../usr/local/lib/android/sdk/platforms/android-34-ext12/data/res/values-mcc310-mnc160-mr: Cannot change mode to rwxr-xr-x: Operation not permitted
build	Cache Android SDK	2026-06-06T12:22:43.5751965Z /usr/bin/tar: ../../../../../usr/local/lib/android/sdk/platforms/android-34-ext12/data/res/values-mcc302-mnc370-en-rGB: Cannot utime: Operation not permitted
build	Cache Android SDK	2026-06-06T12:22:43.5755645Z /usr/bin/tar: ../../../../../usr/local/lib/android/sdk/platforms/android-34-ext12/data/res/values-mcc302-mnc370-en-rGB: Cannot change mode to rwxr-xr-x: Operation not permitted
build	Cache Android SDK	2026-06-06T12:22:43.5756727Z /usr/bin/tar: ../../../../../usr/local/lib/android/sdk/platforms/android-34-ext12/data/res/values-mcc310-mnc490-pt-rBR: Cannot utime: Operation not permitted
build	Cache Android SDK	2026-06-06T12:22:43.5758077Z /usr/bin/tar: ../../../../../usr/local/lib/android/sdk/platforms/android-34-ext12/data/res/values-mcc310-mnc490-pt-rBR: Cannot change mode to rwxr-xr-x: Operation not permitted
build	Cache Android SDK	2026-06-06T12:22:43.5759428Z /usr/bin/tar: ../../../../../usr/local/lib/android/sdk/platforms/android-34-ext12/data/res/values-mcc311-mnc180-ur: Cannot utime: Operation not permitted
build	Cache Android SDK	2026-06-06T12:22:43.5760814Z /usr/bin/tar: ../../../../../usr/local/lib/android/sdk/platforms/android-34-ext12/data/res/values-mcc311-mnc180-ur: Cannot change mode to rwxr-xr-x: Operation not permitted
build	Cache Android SDK	2026-06-06T12:22:43.5762316Z /usr/bin/tar: ../../../../../usr/local/lib/android/sdk/platforms/android-34-ext12/data/res/values-mcc334-mnc020-te: Cannot utime: Operation not permitted
build	Cache Android SDK	2026-06-06T12:22:43.5763278Z /usr/bin/tar: ../../../../../usr/local/lib/android/sdk/platforms/android-34-ext12/data/res/values-mcc334-mnc020-te: Cannot change mode to rwxr-xr-x: Operation not permitted
build	Cache Android SDK	2026-06-06T12:22:43.5765289Z /usr/bin/tar: ../../../../../usr/local/lib/android/sdk/platforms/android-34-ext12/data/res/values-mcc312-mnc670-ky: Cannot utime: Operation not permitted
build	Cache Android SDK	2026-06-06T12:22:43.5766249Z /usr/bin/tar: ../../../../../usr/local/lib/android/sdk/platforms/android-34-ext12/data/res/values-mcc312-mnc670-ky: Cannot change mode to rwxr-xr-x: Operation not permitted
build	Cache Android SDK	2026-06-06T12:22:43.5768641Z /usr/bin/tar: ../../../../../usr/local/lib/android/sdk/platforms/android-34-ext12/data/res/values-mcc310-mnc030-ml: Cannot utime: Operation not permitted
build	Cache Android SDK	2026-06-06T12:22:43.5769599Z /usr/bin/tar: ../../../../../usr/local/lib/android/sdk/platforms/android-34-ext12/data/res/values-mcc310-mnc030-ml: Cannot change mode to rwxr-xr-x: Operation not permitted
build	Cache Android SDK	2026-06-06T12:22:43.5771758Z /usr/bin/tar: ../../../../../usr/local/lib/android/sdk/platforms/android-34-ext12/data/res/values-mcc310-mnc380-sl: Cannot utime: Operation not permitted
build	Cache Android SDK	2026-06-06T12:22:43.5772705Z /usr/bin/tar: ../../../../../usr/local/lib/android/sdk/platforms/android-34-ext12/data/res/values-mcc310-mnc380-sl: Cannot change mode to rwxr-xr-x: Operation not permitted
build	Cache Android SDK	2026-06-06T12:22:43.5775059Z /usr/bin/tar: ../../../../../usr/local/lib/android/sdk/platforms/android-34-ext12/data/res/values-mcc310-mnc030-ka: Cannot utime: Operation not permitted
build	Cache Android SDK	2026-06-06T12:22:43.5776008Z /usr/bin/tar: ../../../../../usr/local/lib/android/sdk/platforms/android-34-ext12/data/res/values-mcc310-mnc030-ka: Cannot change mode to rwxr-xr-x: Operation not permitted
build	Cache Android SDK	2026-06-06T12:22:43.5778862Z /usr/bin/tar: ../../../../../usr/local/lib/android/sdk/platforms/android-34-ext12/data/res/values-mcc310-mnc950-nl: Cannot utime: Operation not permitted
build	Cache Android SDK	2026-06-06T12:22:43.5779847Z /usr/bin/tar: ../../../../../usr/local/lib/android/sdk/platforms/android-34-ext12/data/res/values-mcc310-mnc950-nl: Cannot change mode to rwxr-xr-x: Operation not permitted
build	Cache Android SDK	2026-06-06T12:22:43.5782234Z /usr/bin/tar: ../../../../../usr/local/lib/android/sdk/platforms/android-34-ext12/data/res/values-mcc312-mnc670-sq: Cannot utime: Operation not permitted
build	Cache Android SDK	2026-06-06T12:22:43.5783198Z /usr/bin/tar: ../../../../../usr/local/lib/android/sdk/platforms/android-34-ext12/data/res/values-mcc312-mnc670-sq: Cannot change mode to rwxr-xr-x: Operation not permitted
build	Cache Android SDK	2026-06-06T12:22:43.5790659Z /usr/bin/tar: ../../../../../usr/local/lib/android/sdk/platforms/android-34-ext12/data/res/values-ur: Cannot utime: Operation not permitted
build	Cache Android SDK	2026-06-06T12:22:43.5792073Z /usr/bin/tar: ../../../../../usr/local/lib/android/sdk/platforms/android-34-ext12/data/res/values-ur: Cannot change mode to rwxr-xr-x: Operation not permitted
build	Cache Android SDK	2026-06-06T12:22:43.5793283Z /usr/bin/tar: ../../../../../usr/local/lib/android/sdk/platforms/android-34-ext12/data/res/values-mcc310-mnc270-te: Cannot utime: Operation not permitted
build	Cache Android SDK	2026-06-06T12:22:43.5794830Z /usr/bin/tar: ../../../../../usr/local/lib/android/sdk/platforms/android-34-ext12/data/res/values-mcc310-mnc270-te: Cannot change mode to rwxr-xr-x: Operation not permitted
build	Cache Android SDK	2026-06-06T12:22:43.5795903Z /usr/bin/tar: ../../../../../usr/local/lib/android/sdk/platforms/android-34-ext12/data/res/values-mcc310-mnc160-nl: Cannot utime: Operation not permitted
build	Cache Android SDK	2026-06-06T12:22:43.5798488Z /usr/bin/tar: ../../../../../usr/local/lib/android/sdk/platforms/android-34-ext12/data/res/values-mcc310-mnc160-nl: Cannot change mode to rwxr-xr-x: Operation not permitted
build	Cache Android SDK	2026-06-06T12:22:43.5799754Z /usr/bin/tar: ../../../../../usr/local/lib/android/sdk/platforms/android-34-ext12/data/res/values-mcc302-mnc720-eu: Cannot utime: Operation not permitted
build	Cache Android SDK	2026-06-06T12:22:43.5801355Z /usr/bin/tar: ../../../../../usr/local/lib/android/sdk/platforms/android-34-ext12/data/res/values-mcc302-mnc720-eu: Cannot change mode to rwxr-xr-x: Operation not permitted
build	Cache Android SDK	2026-06-06T12:22:43.5802407Z /usr/bin/tar: ../../../../../usr/local/lib/android/sdk/platforms/android-34-ext12/data/res/values-mcc310-mnc250-am: Cannot utime: Operation not permitted
build	Cache Android SDK	2026-06-06T12:22:43.5804109Z /usr/bin/tar: ../../../../../usr/local/lib/android/sdk/platforms/android-34-ext12/data/res/values-mcc310-mnc250-am: Cannot change mode to rwxr-xr-x: Operation not permitted
build	Cache Android SDK	2026-06-06T12:22:43.5805743Z /usr/bin/tar: ../../../../../usr/local/lib/android/sdk/platforms/android-34-ext12/data/res/values-mcc310-mnc210-bn: Cannot utime: Operation not permitted
build	Cache Android SDK	2026-06-06T12:22:43.5807008Z /usr/bin/tar: ../../../../../usr/local/lib/android/sdk/platforms/android-34-ext12/data/res/values-mcc310-mnc210-bn: Cannot change mode to rwxr-xr-x: Operation not permitted
build	Cache Android SDK	2026-06-06T12:22:43.5810235Z /usr/bin/tar: ../../../../../usr/local/lib/android/sdk/platforms/android-34-ext12/data/res/values-nl: Cannot utime: Operation not permitted
build	Cache Android SDK	2026-06-06T12:22:43.5811761Z /usr/bin/tar: ../../../../../usr/local/lib/android/sdk/platforms/android-34-ext12/data/res/values-nl: Cannot change mode to rwxr-xr-x: Operation not permitted
build	Cache Android SDK	2026-06-06T12:22:43.5813199Z /usr/bin/tar: ../../../../../usr/local/lib/android/sdk/platforms/android-34-ext12/data/res/values-tr-watch: Cannot utime: Operation not permitted
build	Cache Android SDK	2026-06-06T12:22:43.5814140Z /usr/bin/tar: ../../../../../usr/local/lib/android/sdk/platforms/android-34-ext12/data/res/values-tr-watch: Cannot change mode to rwxr-xr-x: Operation not permitted
build	Cache Android SDK	2026-06-06T12:22:43.5816306Z /usr/bin/tar: ../../../../../usr/local/lib/android/sdk/platforms/android-34-ext12/data/res/values-mcc310-mnc310-az: Cannot utime: Operation not permitted
build	Cache Android SDK	2026-06-06T12:22:43.5817276Z /usr/bin/tar: ../../../../../usr/local/lib/android/sdk/platforms/android-34-ext12/data/res/values-mcc310-mnc310-az: Cannot change mode to rwxr-xr-x: Operation not permitted
build	Cache Android SDK	2026-06-06T12:22:43.5819560Z /usr/bin/tar: ../../../../../usr/local/lib/android/sdk/platforms/android-34-ext12/data/res/values-mcc310-mnc240-es: Cannot utime: Operation not permitted
build	Cache Android SDK	2026-06-06T12:22:43.5820589Z /usr/bin/tar: ../../../../../usr/local/lib/android/sdk/platforms/android-34-ext12/data/res/values-mcc310-mnc240-es: Cannot change mode to rwxr-xr-x: Operation not permitted
build	Cache Android SDK	2026-06-06T12:22:43.5823581Z /usr/bin/tar: ../../../../../usr/local/lib/android/sdk/platforms/android-34-ext12/data/res/values-mcc310-mnc200-hi: Cannot utime: Operation not permitted
build	Cache Android SDK	2026-06-06T12:22:43.5824537Z /usr/bin/tar: ../../../../../usr/local/lib/android/sdk/platforms/android-34-ext12/data/res/values-mcc310-mnc200-hi: Cannot change mode to rwxr-xr-x: Operation not permitted
build	Cache Android SDK	2026-06-06T12:22:43.5827230Z /usr/bin/tar: ../../../../../usr/local/lib/android/sdk/platforms/android-34-ext12/data/res/values-gu-television: Cannot utime: Operation not permitted
build	Cache Android SDK	2026-06-06T12:22:43.5828341Z /usr/bin/tar: ../../../../../usr/local/lib/android/sdk/platforms/android-34-ext12/data/res/values-gu-television: Cannot change mode to rwxr-xr-x: Operation not permitted
build	Cache Android SDK	2026-06-06T12:22:43.5830416Z /usr/bin/tar: ../../../../../usr/local/lib/android/sdk/platforms/android-34-ext12/data/res/values-mcc310-mnc230-be: Cannot utime: Operation not permitted
build	Cache Android SDK	2026-06-06T12:22:43.5831356Z /usr/bin/tar: ../../../../../usr/local/lib/android/sdk/platforms/android-34-ext12/data/res/values-mcc310-mnc230-be: Cannot change mode to rwxr-xr-x: Operation not permitted
build	Cache Android SDK	2026-06-06T12:22:43.5834275Z /usr/bin/tar: ../../../../../usr/local/lib/android/sdk/platforms/android-34-ext12/data/res/values-mcc334-mnc020: Cannot utime: Operation not permitted
build	Cache Android SDK	2026-06-06T12:22:43.5835205Z /usr/bin/tar: ../../../../../usr/local/lib/android/sdk/platforms/android-34-ext12/data/res/values-mcc334-mnc020: Cannot change mode to rwxr-xr-x: Operation not permitted
build	Cache Android SDK	2026-06-06T12:22:43.5838019Z /usr/bin/tar: ../../../../../usr/local/lib/android/sdk/platforms/android-34-ext12/data/res/values-mcc310-mnc950-fr: Cannot utime: Operation not permitted
build	Cache Android SDK	2026-06-06T12:22:43.5838990Z /usr/bin/tar: ../../../../../usr/local/lib/android/sdk/platforms/android-34-ext12/data/res/values-mcc310-mnc950-fr: Cannot change mode to rwxr-xr-x: Operation not permitted
build	Cache Android SDK	2026-06-06T12:22:43.5841607Z /usr/bin/tar: ../../../../../usr/local/lib/android/sdk/platforms/android-34-ext12/data/res/values-mcc334-mnc020-mr: Cannot utime: Operation not permitted
build	Cache Android SDK	2026-06-06T12:22:43.5842662Z /usr/bin/tar: ../../../../../usr/local/lib/android/sdk/platforms/android-34-ext12/data/res/values-mcc334-mnc020-mr: Cannot change mode to rwxr-xr-x: Operation not permitted
build	Cache Android SDK	2026-06-06T12:22:43.5844809Z /usr/bin/tar: ../../../../../usr/local/lib/android/sdk/platforms/android-34-ext12/data/res/values-mcc310-mnc220-tl: Cannot utime: Operation not permitted
build	Cache Android SDK	2026-06-06T12:22:43.5859532Z /usr/bin/tar: ../../../../../usr/local/lib/android/sdk/platforms/android-34-ext12/data/res/values-mcc310-mnc220-tl: Cannot change mode to rwxr-xr-x: Operation not permitted
build	Cache Android SDK	2026-06-06T12:22:43.5860688Z /usr/bin/tar: ../../../../../usr/local/lib/android/sdk/platforms/android-34-ext12/data/res/values-night: Cannot utime: Operation not permitted
build	Cache Android SDK	2026-06-06T12:22:43.5861701Z /usr/bin/tar: ../../../../../usr/local/lib/android/sdk/platforms/android-34-ext12/data/res/values-night: Cannot change mode to rwxr-xr-x: Operation not permitted
build	Cache Android SDK	2026-06-06T12:22:43.5862834Z /usr/bin/tar: ../../../../../usr/local/lib/android/sdk/platforms/android-34-ext12/data/res/values-mcc310-mnc030-de: Cannot utime: Operation not permitted
build	Cache Android SDK	2026-06-06T12:22:43.5863821Z /usr/bin/tar: ../../../../../usr/local/lib/android/sdk/platforms/android-34-ext12/data/res/values-mcc310-mnc030-de: Cannot change mode to rwxr-xr-x: Operation not permitted
build	Cache Android SDK	2026-06-06T12:22:43.5864800Z /usr/bin/tar: ../../../../../usr/local/lib/android/sdk/platforms/android-34-ext12/data/res/values-tl-watch: Cannot utime: Operation not permitted
build	Cache Android SDK	2026-06-06T12:22:43.5865995Z /usr/bin/tar: ../../../../../usr/local/lib/android/sdk/platforms/android-34-ext12/data/res/values-tl-watch: Cannot change mode to rwxr-xr-x: Operation not permitted
build	Cache Android SDK	2026-06-06T12:22:43.5866932Z /usr/bin/tar: ../../../../../usr/local/lib/android/sdk/platforms/android-34-ext12/data/res/values-mcc313-mnc100-my: Cannot utime: Operation not permitted
build	Cache Android SDK	2026-06-06T12:22:43.5868155Z /usr/bin/tar: ../../../../../usr/local/lib/android/sdk/platforms/android-34-ext12/data/res/values-mcc313-mnc100-my: Cannot change mode to rwxr-xr-x: Operation not permitted
build	Cache Android SDK	2026-06-06T12:22:43.5869320Z /usr/bin/tar: ../../../../../usr/local/lib/android/sdk/platforms/android-34-ext12/data/res/values-mcc310-mnc160-ne: Cannot utime: Operation not permitted
build	Cache Android SDK	2026-06-06T12:22:43.5870297Z /usr/bin/tar: ../../../../../usr/local/lib/android/sdk/platforms/android-34-ext12/data/res/values-mcc310-mnc160-ne: Cannot change mode to rwxr-xr-x: Operation not permitted
build	Cache Android SDK	2026-06-06T12:22:43.5871415Z /usr/bin/tar: ../../../../../usr/local/lib/android/sdk/platforms/android-34-ext12/data/res/values-mcc311-mnc180-sw: Cannot utime: Operation not permitted
build	Cache Android SDK	2026-06-06T12:22:43.5872762Z /usr/bin/tar: ../../../../../usr/local/lib/android/sdk/platforms/android-34-ext12/data/res/values-mcc311-mnc180-sw: Cannot change mode to rwxr-xr-x: Operation not permitted
build	Cache Android SDK	2026-06-06T12:22:43.5873813Z /usr/bin/tar: ../../../../../usr/local/lib/android/sdk/platforms/android-34-ext12/data/res/values-mcc310-mnc660-iw: Cannot utime: Operation not permitted
build	Cache Android SDK	2026-06-06T12:22:43.5875003Z /usr/bin/tar: ../../../../../usr/local/lib/android/sdk/platforms/android-34-ext12/data/res/values-mcc310-mnc660-iw: Cannot change mode to rwxr-xr-x: Operation not permitted
build	Cache Android SDK	2026-06-06T12:22:43.5876259Z /usr/bin/tar: ../../../../../usr/local/lib/android/sdk/platforms/android-34-ext12/data/res/values-mcc310-mnc150-zu: Cannot utime: Operation not permitted
build	Cache Android SDK	2026-06-06T12:22:43.5877737Z /usr/bin/tar: ../../../../../usr/local/lib/android/sdk/platforms/android-34-ext12/data/res/values-mcc310-mnc150-zu: Cannot change mode to rwxr-xr-x: Operation not permitted
build	Cache Android SDK	2026-06-06T12:22:43.5879502Z /usr/bin/tar: ../../../../../usr/local/lib/android/sdk/platforms/android-34-ext12/data/res/values-mcc313-mnc100-in: Cannot utime: Operation not permitted
build	Cache Android SDK	2026-06-06T12:22:43.5880800Z /usr/bin/tar: ../../../../../usr/local/lib/android/sdk/platforms/android-34-ext12/data/res/values-mcc313-mnc100-in: Cannot change mode to rwxr-xr-x: Operation not permitted
build	Cache Android SDK	2026-06-06T12:22:43.5882183Z /usr/bin/tar: ../../../../../usr/local/lib/android/sdk/platforms/android-34-ext12/data/res/values-mcc310-mnc160-uk: Cannot utime: Operation not permitted
build	Cache Android SDK	2026-06-06T12:22:43.5883115Z /usr/bin/tar: ../../../../../usr/local/lib/android/sdk/platforms/android-34-ext12/data/res/values-mcc310-mnc160-uk: Cannot change mode to rwxr-xr-x: Operation not permitted
build	Cache Android SDK	2026-06-06T12:22:43.5885630Z /usr/bin/tar: ../../../../../usr/local/lib/android/sdk/platforms/android-34-ext12/data/res/values-uk-rUA: Cannot utime: Operation not permitted
build	Cache Android SDK	2026-06-06T12:22:43.5886533Z /usr/bin/tar: ../../../../../usr/local/lib/android/sdk/platforms/android-34-ext12/data/res/values-uk-rUA: Cannot change mode to rwxr-xr-x: Operation not permitted
build	Cache Android SDK	2026-06-06T12:22:43.5888953Z /usr/bin/tar: ../../../../../usr/local/lib/android/sdk/platforms/android-34-ext12/data/res/values-mcc310-mnc230-bn: Cannot utime: Operation not permitted
build	Cache Android SDK	2026-06-06T12:22:43.5889896Z /usr/bin/tar: ../../../../../usr/local/lib/android/sdk/platforms/android-34-ext12/data/res/values-mcc310-mnc230-bn: Cannot change mode to rwxr-xr-x: Operation not permitted
build	Cache Android SDK	2026-06-06T12:22:43.5891851Z /usr/bin/tar: ../../../../../usr/local/lib/android/sdk/platforms/android-34-ext12/data/res/values-tl-rPH: Cannot utime: Operation not permitted
build	Cache Android SDK	2026-06-06T12:22:43.5892752Z /usr/bin/tar: ../../../../../usr/local/lib/android/sdk/platforms/android-34-ext12/data/res/values-tl-rPH: Cannot change mode to rwxr-xr-x: Operation not permitted
build	Cache Android SDK	2026-06-06T12:22:43.5895043Z /usr/bin/tar: ../../../../../usr/local/lib/android/sdk/platforms/android-34-ext12/data/res/values-mcc310-mnc200-si: Cannot utime: Operation not permitted
build	Cache Android SDK	2026-06-06T12:22:43.5895995Z /usr/bin/tar: ../../../../../usr/local/lib/android/sdk/platforms/android-34-ext12/data/res/values-mcc310-mnc200-si: Cannot change mode to rwxr-xr-x: Operation not permitted
build	Cache Android SDK	2026-06-06T12:22:43.5898162Z /usr/bin/tar: ../../../../../usr/local/lib/android/sdk/platforms/android-34-ext12/data/res/values-mcc310-mnc310-af: Cannot utime: Operation not permitted
build	Cache Android SDK	2026-06-06T12:22:43.5899118Z /usr/bin/tar: ../../../../../usr/local/lib/android/sdk/platforms/android-34-ext12/data/res/values-mcc310-mnc310-af: Cannot change mode to rwxr-xr-x: Operation not permitted
build	Cache Android SDK	2026-06-06T12:22:43.5901546Z /usr/bin/tar: ../../../../../usr/local/lib/android/sdk/platforms/android-34-ext12/data/res/values-mcc310-mnc240-lt: Cannot utime: Operation not permitted
build	Cache Android SDK	2026-06-06T12:22:43.5902558Z /usr/bin/tar: ../../../../../usr/local/lib/android/sdk/platforms/android-34-ext12/data/res/values-mcc310-mnc240-lt: Cannot change mode to rwxr-xr-x: Operation not permitted
build	Cache Android SDK	2026-06-06T12:22:43.5904415Z /usr/bin/tar: ../../../../../usr/local/lib/android/sdk/platforms/android-34-ext12/data/res/values-mcc310-mnc660-pa: Cannot utime: Operation not permitted
build	Cache Android SDK	2026-06-06T12:22:43.5905526Z /usr/bin/tar: ../../../../../usr/local/lib/android/sdk/platforms/android-34-ext12/data/res/values-mcc310-mnc660-pa: Cannot change mode to rwxr-xr-x: Operation not permitted
build	Cache Android SDK	2026-06-06T12:22:43.5907747Z /usr/bin/tar: ../../../../../usr/local/lib/android/sdk/platforms/android-34-ext12/data/res/values-mcc310-mnc310-fa: Cannot utime: Operation not permitted
build	Cache Android SDK	2026-06-06T12:22:43.5908714Z /usr/bin/tar: ../../../../../usr/local/lib/android/sdk/platforms/android-34-ext12/data/res/values-mcc310-mnc310-fa: Cannot change mode to rwxr-xr-x: Operation not permitted
build	Cache Android SDK	2026-06-06T12:22:43.5910653Z /usr/bin/tar: ../../../../../usr/local/lib/android/sdk/platforms/android-34-ext12/data/res/values-mcc310-mnc230-in: Cannot utime: Operation not permitted
build	Cache Android SDK	2026-06-06T12:22:43.5911717Z /usr/bin/tar: ../../../../../usr/local/lib/android/sdk/platforms/android-34-ext12/data/res/values-mcc310-mnc230-in: Cannot change mode to rwxr-xr-x: Operation not permitted
build	Cache Android SDK	2026-06-06T12:22:43.5942533Z /usr/bin/tar: ../../../../../usr/local/lib/android/sdk/platforms/android-34-ext12/data/res/color: Cannot utime: Operation not permitted
build	Cache Android SDK	2026-06-06T12:22:43.5943397Z /usr/bin/tar: ../../../../../usr/local/lib/android/sdk/platforms/android-34-ext12/data/res/color: Cannot change mode to rwxr-xr-x: Operation not permitted
build	Cache Android SDK	2026-06-06T12:22:43.5945400Z /usr/bin/tar: ../../../../../usr/local/lib/android/sdk/platforms/android-34-ext12/data/res/values-mcc312-mnc670-be: Cannot utime: Operation not permitted
build	Cache Android SDK	2026-06-06T12:22:43.5946354Z /usr/bin/tar: ../../../../../usr/local/lib/android/sdk/platforms/android-34-ext12/data/res/values-mcc312-mnc670-be: Cannot change mode to rwxr-xr-x: Operation not permitted
build	Cache Android SDK	2026-06-06T12:22:43.5948768Z /usr/bin/tar: ../../../../../usr/local/lib/android/sdk/platforms/android-34-ext12/data/res/values-mcc310-mnc410-mk: Cannot utime: Operation not permitted
build	Cache Android SDK	2026-06-06T12:22:43.5949792Z /usr/bin/tar: ../../../../../usr/local/lib/android/sdk/platforms/android-34-ext12/data/res/values-mcc310-mnc410-mk: Cannot change mode to rwxr-xr-x: Operation not permitted
build	Cache Android SDK	2026-06-06T12:22:43.5951753Z /usr/bin/tar: ../../../../../usr/local/lib/android/sdk/platforms/android-34-ext12/data/res/values-mcc313-mnc100-sv: Cannot utime: Operation not permitted
build	Cache Android SDK	2026-06-06T12:22:43.5952719Z /usr/bin/tar: ../../../../../usr/local/lib/android/sdk/platforms/android-34-ext12/data/res/values-mcc313-mnc100-sv: Cannot change mode to rwxr-xr-x: Operation not permitted
build	Cache Android SDK	2026-06-06T12:22:43.5955294Z /usr/bin/tar: ../../../../../usr/local/lib/android/sdk/platforms/android-34-ext12/data/res/values-mcc310-mnc410-sl: Cannot utime: Operation not permitted
build	Cache Android SDK	2026-06-06T12:22:43.5956249Z /usr/bin/tar: ../../../../../usr/local/lib/android/sdk/platforms/android-34-ext12/data/res/values-mcc310-mnc410-sl: Cannot change mode to rwxr-xr-x: Operation not permitted
build	Cache Android SDK	2026-06-06T12:22:43.5958379Z /usr/bin/tar: ../../../../../usr/local/lib/android/sdk/platforms/android-34-ext12/data/res/values-mcc302-mnc370-en-rAU: Cannot utime: Operation not permitted
build	Cache Android SDK	2026-06-06T12:22:43.5959474Z /usr/bin/tar: ../../../../../usr/local/lib/android/sdk/platforms/android-34-ext12/data/res/values-mcc302-mnc370-en-rAU: Cannot change mode to rwxr-xr-x: Operation not permitted
build	Cache Android SDK	2026-06-06T12:22:43.5961667Z /usr/bin/tar: ../../../../../usr/local/lib/android/sdk/platforms/android-34-ext12/data/res/values-mcc310-mnc210-vi: Cannot utime: Operation not permitted
build	Cache Android SDK	2026-06-06T12:22:43.5962612Z /usr/bin/tar: ../../../../../usr/local/lib/android/sdk/platforms/android-34-ext12/data/res/values-mcc310-mnc210-vi: Cannot change mode to rwxr-xr-x: Operation not permitted
build	Cache Android SDK	2026-06-06T12:22:43.5964992Z /usr/bin/tar: ../../../../../usr/local/lib/android/sdk/platforms/android-34-ext12/data/res/values-mcc310-mnc030-ur: Cannot utime: Operation not permitted
build	Cache Android SDK	2026-06-06T12:22:43.5966082Z /usr/bin/tar: ../../../../../usr/local/lib/android/sdk/platforms/android-34-ext12/data/res/values-mcc310-mnc030-ur: Cannot change mode to rwxr-xr-x: Operation not permitted
build	Cache Android SDK	2026-06-06T12:22:43.5969202Z /usr/bin/tar: ../../../../../usr/local/lib/android/sdk/platforms/android-34-ext12/data/res/color-night: Cannot utime: Operation not permitted
build	Cache Android SDK	2026-06-06T12:22:43.5971122Z /usr/bin/tar: ../../../../../usr/local/lib/android/sdk/platforms/android-34-ext12/data/res/color-night: Cannot change mode to rwxr-xr-x: Operation not permitted
build	Cache Android SDK	2026-06-06T12:22:43.5972419Z /usr/bin/tar: ../../../../../usr/local/lib/android/sdk/platforms/android-34-ext12/data/res/values-mcc310-mnc240-ta: Cannot utime: Operation not permitted
build	Cache Android SDK	2026-06-06T12:22:43.5973549Z /usr/bin/tar: ../../../../../usr/local/lib/android/sdk/platforms/android-34-ext12/data/res/values-mcc310-mnc240-ta: Cannot change mode to rwxr-xr-x: Operation not permitted
build	Cache Android SDK	2026-06-06T12:22:43.5975633Z /usr/bin/tar: ../../../../../usr/local/lib/android/sdk/platforms/android-34-ext12/data/res/values-mcc313-mnc100-cs: Cannot utime: Operation not permitted
build	Cache Android SDK	2026-06-06T12:22:43.5976580Z /usr/bin/tar: ../../../../../usr/local/lib/android/sdk/platforms/android-34-ext12/data/res/values-mcc313-mnc100-cs: Cannot change mode to rwxr-xr-x: Operation not permitted
build	Cache Android SDK	2026-06-06T12:22:43.5978577Z /usr/bin/tar: ../../../../../usr/local/lib/android/sdk/platforms/android-34-ext12/data/res/values-mcc311-mnc180-uz: Cannot utime: Operation not permitted
build	Cache Android SDK	2026-06-06T12:22:43.5979648Z /usr/bin/tar: ../../../../../usr/local/lib/android/sdk/platforms/android-34-ext12/data/res/values-mcc311-mnc180-uz: Cannot change mode to rwxr-xr-x: Operation not permitted
build	Cache Android SDK	2026-06-06T12:22:43.5982440Z /usr/bin/tar: ../../../../../usr/local/lib/android/sdk/platforms/android-34-ext12/data/res/values-mcc312-mnc670-pt: Cannot utime: Operation not permitted
build	Cache Android SDK	2026-06-06T12:22:43.5983395Z /usr/bin/tar: ../../../../../usr/local/lib/android/sdk/platforms/android-34-ext12/data/res/values-mcc312-mnc670-pt: Cannot change mode to rwxr-xr-x: Operation not permitted
build	Cache Android SDK	2026-06-06T12:22:43.5986446Z /usr/bin/tar: ../../../../../usr/local/lib/android/sdk/platforms/android-34-ext12/data/res/values-mcc310-mnc250-tl: Cannot utime: Operation not permitted
build	Cache Android SDK	2026-06-06T12:22:43.5987686Z /usr/bin/tar: ../../../../../usr/local/lib/android/sdk/platforms/android-34-ext12/data/res/values-mcc310-mnc250-tl: Cannot change mode to rwxr-xr-x: Operation not permitted
build	Cache Android SDK	2026-06-06T12:22:43.5989700Z /usr/bin/tar: ../../../../../usr/local/lib/android/sdk/platforms/android-34-ext12/data/res/values-mcc310-mnc250-fr-rCA: Cannot utime: Operation not permitted
build	Cache Android SDK	2026-06-06T12:22:43.5990682Z /usr/bin/tar: ../../../../../usr/local/lib/android/sdk/platforms/android-34-ext12/data/res/values-mcc310-mnc250-fr-rCA: Cannot change mode to rwxr-xr-x: Operation not permitted
build	Cache Android SDK	2026-06-06T12:22:43.5993228Z /usr/bin/tar: ../../../../../usr/local/lib/android/sdk/platforms/android-34-ext12/data/res/values-mcc310-mnc150-bs: Cannot utime: Operation not permitted
build	Cache Android SDK	2026-06-06T12:22:43.5994245Z /usr/bin/tar: ../../../../../usr/local/lib/android/sdk/platforms/android-34-ext12/data/res/values-mcc310-mnc150-bs: Cannot change mode to rwxr-xr-x: Operation not permitted
build	Cache Android SDK	2026-06-06T12:22:43.5995636Z /usr/bin/tar: ../../../../../usr/local/lib/android/sdk/platforms/android-34-ext12/data/res/values-mcc310-mnc560-sk: Cannot utime: Operation not permitted
build	Cache Android SDK	2026-06-06T12:22:43.5996575Z /usr/bin/tar: ../../../../../usr/local/lib/android/sdk/platforms/android-34-ext12/data/res/values-mcc310-mnc560-sk: Cannot change mode to rwxr-xr-x: Operation not permitted
build	Cache Android SDK	2026-06-06T12:22:43.5999416Z /usr/bin/tar: ../../../../../usr/local/lib/android/sdk/platforms/android-34-ext12/data/res/values-mcc310-mnc030-zu: Cannot utime: Operation not permitted
build	Cache Android SDK	2026-06-06T12:22:43.6000358Z /usr/bin/tar: ../../../../../usr/local/lib/android/sdk/platforms/android-34-ext12/data/res/values-mcc310-mnc030-zu: Cannot change mode to rwxr-xr-x: Operation not permitted
build	Cache Android SDK	2026-06-06T12:22:43.6002896Z /usr/bin/tar: ../../../../../usr/local/lib/android/sdk/platforms/android-34-ext12/data/res/values-mcc450-mnc06: Cannot utime: Operation not permitted
build	Cache Android SDK	2026-06-06T12:22:43.6004046Z /usr/bin/tar: ../../../../../usr/local/lib/android/sdk/platforms/android-34-ext12/data/res/values-mcc450-mnc06: Cannot change mode to rwxr-xr-x: Operation not permitted
build	Cache Android SDK	2026-06-06T12:22:43.6006234Z /usr/bin/tar: ../../../../../usr/local/lib/android/sdk/platforms/android-34-ext12/data/res/values-mcc310-mnc800-es-rUS: Cannot utime: Operation not permitted
build	Cache Android SDK	2026-06-06T12:22:43.6008303Z /usr/bin/tar: ../../../../../usr/local/lib/android/sdk/platforms/android-34-ext12/data/res/values-mcc310-mnc800-es-rUS: Cannot change mode to rwxr-xr-x: Operation not permitted
build	Cache Android SDK	2026-06-06T12:22:43.6009765Z /usr/bin/tar: ../../../../../usr/local/lib/android/sdk/platforms/android-34-ext12/data/res/values-mcc310-mnc560-mn: Cannot utime: Operation not permitted
build	Cache Android SDK	2026-06-06T12:22:43.6010718Z /usr/bin/tar: ../../../../../usr/local/lib/android/sdk/platforms/android-34-ext12/data/res/values-mcc310-mnc560-mn: Cannot change mode to rwxr-xr-x: Operation not permitted
build	Cache Android SDK	2026-06-06T12:22:43.6013167Z /usr/bin/tar: ../../../../../usr/local/lib/android/sdk/platforms/android-34-ext12/data/res/values-mcc313-mnc100-bn: Cannot utime: Operation not permitted
build	Cache Android SDK	2026-06-06T12:22:43.6014127Z /usr/bin/tar: ../../../../../usr/local/lib/android/sdk/platforms/android-34-ext12/data/res/values-mcc313-mnc100-bn: Cannot change mode to rwxr-xr-x: Operation not permitted
build	Cache Android SDK	2026-06-06T12:22:43.6016298Z /usr/bin/tar: ../../../../../usr/local/lib/android/sdk/platforms/android-34-ext12/data/res/values-mcc310-mnc200-hr: Cannot utime: Operation not permitted
build	Cache Android SDK	2026-06-06T12:22:43.6017246Z /usr/bin/tar: ../../../../../usr/local/lib/android/sdk/platforms/android-34-ext12/data/res/values-mcc310-mnc200-hr: Cannot change mode to rwxr-xr-x: Operation not permitted
build	Cache Android SDK	2026-06-06T12:22:43.6019326Z /usr/bin/tar: ../../../../../usr/local/lib/android/sdk/platforms/android-34-ext12/data/res/values-mcc310-mnc200-am: Cannot utime: Operation not permitted
build	Cache Android SDK	2026-06-06T12:22:43.6020282Z /usr/bin/tar: ../../../../../usr/local/lib/android/sdk/platforms/android-34-ext12/data/res/values-mcc310-mnc200-am: Cannot change mode to rwxr-xr-x: Operation not permitted
build	Cache Android SDK	2026-06-06T12:22:43.6022610Z /usr/bin/tar: ../../../../../usr/local/lib/android/sdk/platforms/android-34-ext12/data/res/values-mcc310-mnc800-sw: Cannot utime: Operation not permitted
build	Cache Android SDK	2026-06-06T12:22:43.6023542Z /usr/bin/tar: ../../../../../usr/local/lib/android/sdk/platforms/android-34-ext12/data/res/values-mcc310-mnc800-sw: Cannot change mode to rwxr-xr-x: Operation not permitted
build	Cache Android SDK	2026-06-06T12:22:43.6025592Z /usr/bin/tar: ../../../../../usr/local/lib/android/sdk/platforms/android-34-ext12/data/res/values-mcc302-mnc370-ne: Cannot utime: Operation not permitted
build	Cache Android SDK	2026-06-06T12:22:43.6026524Z /usr/bin/tar: ../../../../../usr/local/lib/android/sdk/platforms/android-34-ext12/data/res/values-mcc302-mnc370-ne: Cannot change mode to rwxr-xr-x: Operation not permitted
build	Cache Android SDK	2026-06-06T12:22:43.6031922Z /usr/bin/tar: ../../../../../usr/local/lib/android/sdk/platforms/android-34-ext12/data/res/drawable-sw600dp-mdpi: Cannot utime: Operation not permitted
build	Cache Android SDK	2026-06-06T12:22:43.6032965Z /usr/bin/tar: ../../../../../usr/local/lib/android/sdk/platforms/android-34-ext12/data/res/drawable-sw600dp-mdpi: Cannot change mode to rwxr-xr-x: Operation not permitted
build	Cache Android SDK	2026-06-06T12:22:43.6034929Z /usr/bin/tar: ../../../../../usr/local/lib/android/sdk/platforms/android-34-ext12/data/res/values-mcc310-mnc560-af: Cannot utime: Operation not permitted
build	Cache Android SDK	2026-06-06T12:22:43.6035885Z /usr/bin/tar: ../../../../../usr/local/lib/android/sdk/platforms/android-34-ext12/data/res/values-mcc310-mnc560-af: Cannot change mode to rwxr-xr-x: Operation not permitted
build	Cache Android SDK	2026-06-06T12:22:43.6038404Z /usr/bin/tar: ../../../../../usr/local/lib/android/sdk/platforms/android-34-ext12/data/res/values-mcc310-mnc310-pt-rBR: Cannot utime: Operation not permitted
build	Cache Android SDK	2026-06-06T12:22:43.6039398Z /usr/bin/tar: ../../../../../usr/local/lib/android/sdk/platforms/android-34-ext12/data/res/values-mcc310-mnc310-pt-rBR: Cannot change mode to rwxr-xr-x: Operation not permitted
build	Cache Android SDK	2026-06-06T12:22:43.6041981Z /usr/bin/tar: ../../../../../usr/local/lib/android/sdk/platforms/android-34-ext12/data/res/values-mcc302-mnc720-es-rUS: Cannot utime: Operation not permitted
build	Cache Android SDK	2026-06-06T12:22:43.6043118Z /usr/bin/tar: ../../../../../usr/local/lib/android/sdk/platforms/android-34-ext12/data/res/values-mcc302-mnc720-es-rUS: Cannot change mode to rwxr-xr-x: Operation not permitted
build	Cache Android SDK	2026-06-06T12:22:43.6046050Z /usr/bin/tar: ../../../../../usr/local/lib/android/sdk/platforms/android-34-ext12/data/res/values-mcc310-mnc270-is: Cannot utime: Operation not permitted
build	Cache Android SDK	2026-06-06T12:22:43.6047160Z /usr/bin/tar: ../../../../../usr/local/lib/android/sdk/platforms/android-34-ext12/data/res/values-mcc310-mnc270-is: Cannot change mode to rwxr-xr-x: Operation not permitted
build	Cache Android SDK	2026-06-06T12:22:43.6049326Z /usr/bin/tar: ../../../../../usr/local/lib/android/sdk/platforms/android-34-ext12/data/res/values-mcc310-mnc250-ko: Cannot utime: Operation not permitted
build	Cache Android SDK	2026-06-06T12:22:43.6050402Z /usr/bin/tar: ../../../../../usr/local/lib/android/sdk/platforms/android-34-ext12/data/res/values-mcc310-mnc250-ko: Cannot change mode to rwxr-xr-x: Operation not permitted
build	Cache Android SDK	2026-06-06T12:22:43.6052389Z /usr/bin/tar: ../../../../../usr/local/lib/android/sdk/platforms/android-34-ext12/data/res/values-mcc310-mnc200-ro: Cannot utime: Operation not permitted
build	Cache Android SDK	2026-06-06T12:22:43.6053344Z /usr/bin/tar: ../../../../../usr/local/lib/android/sdk/platforms/android-34-ext12/data/res/values-mcc310-mnc200-ro: Cannot change mode to rwxr-xr-x: Operation not permitted
build	Cache Android SDK	2026-06-06T12:22:43.6055756Z /usr/bin/tar: ../../../../../usr/local/lib/android/sdk/platforms/android-34-ext12/data/res/values-mcc310-mnc310-zh-rTW: Cannot utime: Operation not permitted
build	Cache Android SDK	2026-06-06T12:22:43.6056741Z /usr/bin/tar: ../../../../../usr/local/lib/android/sdk/platforms/android-34-ext12/data/res/values-mcc310-mnc310-zh-rTW: Cannot change mode to rwxr-xr-x: Operation not permitted
build	Cache Android SDK	2026-06-06T12:22:43.6058899Z /usr/bin/tar: ../../../../../usr/local/lib/android/sdk/platforms/android-34-ext12/data/res/values-mcc310-mnc380-lt: Cannot utime: Operation not permitted
build	Cache Android SDK	2026-06-06T12:22:43.6059851Z /usr/bin/tar: ../../../../../usr/local/lib/android/sdk/platforms/android-34-ext12/data/res/values-mcc310-mnc380-lt: Cannot change mode to rwxr-xr-x: Operation not permitted
build	Cache Android SDK	2026-06-06T12:22:43.6062754Z /usr/bin/tar: ../../../../../usr/local/lib/android/sdk/platforms/android-34-ext12/data/res/values-mcc310-mnc410-it: Cannot utime: Operation not permitted
build	Cache Android SDK	2026-06-06T12:22:43.6063703Z /usr/bin/tar: ../../../../../usr/local/lib/android/sdk/platforms/android-34-ext12/data/res/values-mcc310-mnc410-it: Cannot change mode to rwxr-xr-x: Operation not permitted
build	Cache Android SDK	2026-06-06T12:22:43.6065804Z /usr/bin/tar: ../../../../../usr/local/lib/android/sdk/platforms/android-34-ext12/data/res/values-mcc311-mnc870: Cannot utime: Operation not permitted
build	Cache Android SDK	2026-06-06T12:22:43.6066752Z /usr/bin/tar: ../../../../../usr/local/lib/android/sdk/platforms/android-34-ext12/data/res/values-mcc311-mnc870: Cannot change mode to rwxr-xr-x: Operation not permitted
build	Cache Android SDK	2026-06-06T12:22:43.6069251Z /usr/bin/tar: ../../../../../usr/local/lib/android/sdk/platforms/android-34-ext12/data/res/values-mcc310-mnc280-kn: Cannot utime: Operation not permitted
build	Cache Android SDK	2026-06-06T12:22:43.6070208Z /usr/bin/tar: ../../../../../usr/local/lib/android/sdk/platforms/android-34-ext12/data/res/values-mcc310-mnc280-kn: Cannot change mode to rwxr-xr-x: Operation not permitted
build	Cache Android SDK	2026-06-06T12:22:43.6075497Z /usr/bin/tar: ../../../../../usr/local/lib/android/sdk/platforms/android-34-ext12/data/res/values-fr-rCA: Cannot utime: Operation not permitted
build	Cache Android SDK	2026-06-06T12:22:43.6077552Z /usr/bin/tar: ../../../../../usr/local/lib/android/sdk/platforms/android-34-ext12/data/res/values-fr-rCA: Cannot change mode to rwxr-xr-x: Operation not permitted
build	Cache Android SDK	2026-06-06T12:22:43.6079540Z /usr/bin/tar: ../../../../../usr/local/lib/android/sdk/platforms/android-34-ext12/data/res/values-ko-watch: Cannot utime: Operation not permitted
build	Cache Android SDK	2026-06-06T12:22:43.6081236Z /usr/bin/tar: ../../../../../usr/local/lib/android/sdk/platforms/android-34-ext12/data/res/values-ko-watch: Cannot change mode to rwxr-xr-x: Operation not permitted
build	Cache Android SDK	2026-06-06T12:22:43.6082822Z /usr/bin/tar: ../../../../../usr/local/lib/android/sdk/platforms/android-34-ext12/data/res/values-mcc310-mnc170-in: Cannot utime: Operation not permitted
build	Cache Android SDK	2026-06-06T12:22:43.6083997Z /usr/bin/tar: ../../../../../usr/local/lib/android/sdk/platforms/android-34-ext12/data/res/values-mcc310-mnc170-in: Cannot change mode to rwxr-xr-x: Operation not permitted
build	Cache Android SDK	2026-06-06T12:22:43.6085302Z /usr/bin/tar: ../../../../../usr/local/lib/android/sdk/platforms/android-34-ext12/data/res/values-mcc310-mnc170-pa: Cannot utime: Operation not permitted
build	Cache Android SDK	2026-06-06T12:22:43.6086376Z /usr/bin/tar: ../../../../../usr/local/lib/android/sdk/platforms/android-34-ext12/data/res/values-mcc310-mnc170-pa: Cannot change mode to rwxr-xr-x: Operation not permitted
build	Cache Android SDK	2026-06-06T12:22:43.6090230Z /usr/bin/tar: ../../../../../usr/local/lib/android/sdk/platforms/android-34-ext12/data/res/values-mcc310-mnc220-bs: Cannot utime: Operation not permitted
build	Cache Android SDK	2026-06-06T12:22:43.6090829Z /usr/bin/tar: ../../../../../usr/local/lib/android/sdk/platforms/android-34-ext12/data/res/values-mcc310-mnc220-bs: Cannot change mode to rwxr-xr-x: Operation not permitted
build	Cache Android SDK	2026-06-06T12:22:43.6093149Z /usr/bin/tar: ../../../../../usr/local/lib/android/sdk/platforms/android-34-ext12/data/res/values-mcc310-mnc280-pt-rPT: Cannot utime: Operation not permitted
build	Cache Android SDK	2026-06-06T12:22:43.6093653Z /usr/bin/tar: ../../../../../usr/local/lib/android/sdk/platforms/android-34-ext12/data/res/values-mcc310-mnc280-pt-rPT: Cannot change mode to rwxr-xr-x: Operation not permitted
build	Cache Android SDK	2026-06-06T12:22:43.6096897Z /usr/bin/tar: ../../../../../usr/local/lib/android/sdk/platforms/android-34-ext12/data/res/values-mcc310-mnc200-ur: Cannot utime: Operation not permitted
build	Cache Android SDK	2026-06-06T12:22:43.6097554Z /usr/bin/tar: ../../../../../usr/local/lib/android/sdk/platforms/android-34-ext12/data/res/values-mcc310-mnc200-ur: Cannot change mode to rwxr-xr-x: Operation not permitted
build	Cache Android SDK	2026-06-06T12:22:43.6099875Z /usr/bin/tar: ../../../../../usr/local/lib/android/sdk/platforms/android-34-ext12/data/res/values-mcc310-mnc490-lv: Cannot utime: Operation not permitted
build	Cache Android SDK	2026-06-06T12:22:43.6100369Z /usr/bin/tar: ../../../../../usr/local/lib/android/sdk/platforms/android-34-ext12/data/res/values-mcc310-mnc490-lv: Cannot change mode to rwxr-xr-x: Operation not permitted
build	Cache Android SDK	2026-06-06T12:22:43.6103131Z /usr/bin/tar: ../../../../../usr/local/lib/android/sdk/platforms/android-34-ext12/data/res/values-uz-watch: Cannot utime: Operation not permitted
build	Cache Android SDK	2026-06-06T12:22:43.6103580Z /usr/bin/tar: ../../../../../usr/local/lib/android/sdk/platforms/android-34-ext12/data/res/values-uz-watch: Cannot change mode to rwxr-xr-x: Operation not permitted
build	Cache Android SDK	2026-06-06T12:22:43.6106150Z /usr/bin/tar: ../../../../../usr/local/lib/android/sdk/platforms/android-34-ext12/data/res/values-mcc310-mnc660-da: Cannot utime: Operation not permitted
build	Cache Android SDK	2026-06-06T12:22:43.6106639Z /usr/bin/tar: ../../../../../usr/local/lib/android/sdk/platforms/android-34-ext12/data/res/values-mcc310-mnc660-da: Cannot change mode to rwxr-xr-x: Operation not permitted
build	Cache Android SDK	2026-06-06T12:22:43.6113319Z /usr/bin/tar: ../../../../../usr/local/lib/android/sdk/platforms/android-34-ext12/data/res/values-fi: Cannot utime: Operation not permitted
build	Cache Android SDK	2026-06-06T12:22:43.6113765Z /usr/bin/tar: ../../../../../usr/local/lib/android/sdk/platforms/android-34-ext12/data/res/values-fi: Cannot change mode to rwxr-xr-x: Operation not permitted
build	Cache Android SDK	2026-06-06T12:22:43.6115853Z /usr/bin/tar: ../../../../../usr/local/lib/android/sdk/platforms/android-34-ext12/data/res/values-mcc310-mnc800-cs: Cannot utime: Operation not permitted
build	Cache Android SDK	2026-06-06T12:22:43.6116322Z /usr/bin/tar: ../../../../../usr/local/lib/android/sdk/platforms/android-34-ext12/data/res/values-mcc310-mnc800-cs: Cannot change mode to rwxr-xr-x: Operation not permitted
build	Cache Android SDK	2026-06-06T12:22:43.6119609Z /usr/bin/tar: ../../../../../usr/local/lib/android/sdk/platforms/android-34-ext12/data/res/values-mcc310-mnc380-hi: Cannot utime: Operation not permitted
build	Cache Android SDK	2026-06-06T12:22:43.6120115Z /usr/bin/tar: ../../../../../usr/local/lib/android/sdk/platforms/android-34-ext12/data/res/values-mcc310-mnc380-hi: Cannot change mode to rwxr-xr-x: Operation not permitted
build	Cache Android SDK	2026-06-06T12:22:43.6122572Z /usr/bin/tar: ../../../../../usr/local/lib/android/sdk/platforms/android-34-ext12/data/res/values-mcc310-mnc410-af: Cannot utime: Operation not permitted
build	Cache Android SDK	2026-06-06T12:22:43.6123042Z /usr/bin/tar: ../../../../../usr/local/lib/android/sdk/platforms/android-34-ext12/data/res/values-mcc310-mnc410-af: Cannot change mode to rwxr-xr-x: Operation not permitted
build	Cache Android SDK	2026-06-06T12:22:43.6125568Z /usr/bin/tar: ../../../../../usr/local/lib/android/sdk/platforms/android-34-ext12/data/res/values-mcc310-mnc250-km: Cannot utime: Operation not permitted
build	Cache Android SDK	2026-06-06T12:22:43.6126040Z /usr/bin/tar: ../../../../../usr/local/lib/android/sdk/platforms/android-34-ext12/data/res/values-mcc310-mnc250-km: Cannot change mode to rwxr-xr-x: Operation not permitted
build	Cache Android SDK	2026-06-06T12:22:43.6128734Z /usr/bin/tar: ../../../../../usr/local/lib/android/sdk/platforms/android-34-ext12/data/res/values-mcc302-mnc370-pa: Cannot utime: Operation not permitted
build	Cache Android SDK	2026-06-06T12:22:43.6129214Z /usr/bin/tar: ../../../../../usr/local/lib/android/sdk/platforms/android-34-ext12/data/res/values-mcc302-mnc370-pa: Cannot change mode to rwxr-xr-x: Operation not permitted
build	Cache Android SDK	2026-06-06T12:22:43.6131885Z /usr/bin/tar: ../../../../../usr/local/lib/android/sdk/platforms/android-34-ext12/data/res/values-mcc310-mnc380-ca: Cannot utime: Operation not permitted
build	Cache Android SDK	2026-06-06T12:22:43.6132351Z /usr/bin/tar: ../../../../../usr/local/lib/android/sdk/platforms/android-34-ext12/data/res/values-mcc310-mnc380-ca: Cannot change mode to rwxr-xr-x: Operation not permitted
build	Cache Android SDK	2026-06-06T12:22:43.6134719Z /usr/bin/tar: ../../../../../usr/local/lib/android/sdk/platforms/android-34-ext12/data/res/values-mcc310-mnc950-gu: Cannot utime: Operation not permitted
build	Cache Android SDK	2026-06-06T12:22:43.6135206Z /usr/bin/tar: ../../../../../usr/local/lib/android/sdk/platforms/android-34-ext12/data/res/values-mcc310-mnc950-gu: Cannot change mode to rwxr-xr-x: Operation not permitted
build	Cache Android SDK	2026-06-06T12:22:43.6138216Z /usr/bin/tar: ../../../../../usr/local/lib/android/sdk/platforms/android-34-ext12/data/res/values-mcc302-mnc720-sq: Cannot utime: Operation not permitted
build	Cache Android SDK	2026-06-06T12:22:43.6138689Z /usr/bin/tar: ../../../../../usr/local/lib/android/sdk/platforms/android-34-ext12/data/res/values-mcc302-mnc720-sq: Cannot change mode to rwxr-xr-x: Operation not permitted
build	Cache Android SDK	2026-06-06T12:22:43.6140881Z /usr/bin/tar: ../../../../../usr/local/lib/android/sdk/platforms/android-34-ext12/data/res/values-sq-watch: Cannot utime: Operation not permitted
build	Cache Android SDK	2026-06-06T12:22:43.6141336Z /usr/bin/tar: ../../../../../usr/local/lib/android/sdk/platforms/android-34-ext12/data/res/values-sq-watch: Cannot change mode to rwxr-xr-x: Operation not permitted
build	Cache Android SDK	2026-06-06T12:22:43.6144076Z /usr/bin/tar: ../../../../../usr/local/lib/android/sdk/platforms/android-34-ext12/data/res/values-mcc311-mnc180-lv: Cannot utime: Operation not permitted
build	Cache Android SDK	2026-06-06T12:22:43.6144606Z /usr/bin/tar: ../../../../../usr/local/lib/android/sdk/platforms/android-34-ext12/data/res/values-mcc311-mnc180-lv: Cannot change mode to rwxr-xr-x: Operation not permitted
build	Cache Android SDK	2026-06-06T12:22:43.6147623Z /usr/bin/tar: ../../../../../usr/local/lib/android/sdk/platforms/android-34-ext12/data/res/values-mcc310-mnc280-it: Cannot utime: Operation not permitted
build	Cache Android SDK	2026-06-06T12:22:43.6148370Z /usr/bin/tar: ../../../../../usr/local/lib/android/sdk/platforms/android-34-ext12/data/res/values-mcc310-mnc280-it: Cannot change mode to rwxr-xr-x: Operation not permitted
build	Cache Android SDK	2026-06-06T12:22:43.6149586Z /usr/bin/tar: ../../../../../usr/local/lib/android/sdk/platforms/android-34-ext12/data/res/values-mcc302-mnc720-kk: Cannot utime: Operation not permitted
build	Cache Android SDK	2026-06-06T12:22:43.6150524Z /usr/bin/tar: ../../../../../usr/local/lib/android/sdk/platforms/android-34-ext12/data/res/values-mcc302-mnc720-kk: Cannot change mode to rwxr-xr-x: Operation not permitted
build	Cache Android SDK	2026-06-06T12:22:43.6151217Z /usr/bin/tar: ../../../../../usr/local/lib/android/sdk/platforms/android-34-ext12/data/res: Cannot utime: Operation not permitted
build	Cache Android SDK	2026-06-06T12:22:43.6152214Z /usr/bin/tar: ../../../../../usr/local/lib/android/sdk/platforms/android-34-ext12/data/res: Cannot change mode to rwxr-xr-x: Operation not permitted
build	Cache Android SDK	2026-06-06T12:22:43.6218331Z /usr/bin/tar: ../../../../../usr/local/lib/android/sdk/platforms/android-34-ext12/data: Cannot utime: Operation not permitted
build	Cache Android SDK	2026-06-06T12:22:43.6218776Z /usr/bin/tar: ../../../../../usr/local/lib/android/sdk/platforms/android-34-ext12/data: Cannot change mode to rwxr-xr-x: Operation not permitted
build	Cache Android SDK	2026-06-06T12:22:43.6219112Z /usr/bin/tar: ../../../../../usr/local/lib/android/sdk/platforms/android-34-ext12: Cannot utime: Operation not permitted
build	Cache Android SDK	2026-06-06T12:22:43.6219488Z /usr/bin/tar: ../../../../../usr/local/lib/android/sdk/platforms/android-34-ext12: Cannot change mode to rwxr-xr-x: Operation not permitted
build	Cache Android SDK	2026-06-06T12:22:43.6245443Z /usr/bin/tar: ../../../../../usr/local/lib/android/sdk/platforms/android-35-ext14/optional/libbinder_ndk_cpp/android: Cannot utime: Operation not permitted
build	Cache Android SDK	2026-06-06T12:22:43.6246366Z /usr/bin/tar: ../../../../../usr/local/lib/android/sdk/platforms/android-35-ext14/optional/libbinder_ndk_cpp/android: Cannot change mode to rwxr-xr-x: Operation not permitted
build	Cache Android SDK	2026-06-06T12:22:43.6247068Z /usr/bin/tar: ../../../../../usr/local/lib/android/sdk/platforms/android-35-ext14/optional/libbinder_ndk_cpp: Cannot utime: Operation not permitted
build	Cache Android SDK	2026-06-06T12:22:43.6247799Z /usr/bin/tar: ../../../../../usr/local/lib/android/sdk/platforms/android-35-ext14/optional/libbinder_ndk_cpp: Cannot change mode to rwxr-xr-x: Operation not permitted
build	Cache Android SDK	2026-06-06T12:22:43.6251106Z /usr/bin/tar: ../../../../../usr/local/lib/android/sdk/platforms/android-35-ext14/optional: Cannot utime: Operation not permitted
build	Cache Android SDK	2026-06-06T12:22:43.6251865Z /usr/bin/tar: ../../../../../usr/local/lib/android/sdk/platforms/android-35-ext14/optional: Cannot change mode to rwxr-xr-x: Operation not permitted
build	Cache Android SDK	2026-06-06T12:22:43.6354363Z /usr/bin/tar: ../../../../../usr/local/lib/android/sdk/platforms/android-35-ext14/skins/WXGA800: Cannot utime: Operation not permitted
build	Cache Android SDK	2026-06-06T12:22:43.6354900Z /usr/bin/tar: ../../../../../usr/local/lib/android/sdk/platforms/android-35-ext14/skins/WXGA800: Cannot change mode to rwxr-xr-x: Operation not permitted
build	Cache Android SDK	2026-06-06T12:22:43.6361733Z /usr/bin/tar: ../../../../../usr/local/lib/android/sdk/platforms/android-35-ext14/skins/HVGA: Cannot utime: Operation not permitted
build	Cache Android SDK	2026-06-06T12:22:43.6362333Z /usr/bin/tar: ../../../../../usr/local/lib/android/sdk/platforms/android-35-ext14/skins/HVGA: Cannot change mode to rwxr-xr-x: Operation not permitted
build	Cache Android SDK	2026-06-06T12:22:43.6369413Z /usr/bin/tar: ../../../../../usr/local/lib/android/sdk/platforms/android-35-ext14/skins/WSVGA: Cannot utime: Operation not permitted
build	Cache Android SDK	2026-06-06T12:22:43.6369859Z /usr/bin/tar: ../../../../../usr/local/lib/android/sdk/platforms/android-35-ext14/skins/WSVGA: Cannot change mode to rwxr-xr-x: Operation not permitted
build	Cache Android SDK	2026-06-06T12:22:43.6377506Z /usr/bin/tar: ../../../../../usr/local/lib/android/sdk/platforms/android-35-ext14/skins/WQVGA432: Cannot utime: Operation not permitted
build	Cache Android SDK	2026-06-06T12:22:43.6378070Z /usr/bin/tar: ../../../../../usr/local/lib/android/sdk/platforms/android-35-ext14/skins/WQVGA432: Cannot change mode to rwxr-xr-x: Operation not permitted
build	Cache Android SDK	2026-06-06T12:22:43.6385118Z /usr/bin/tar: ../../../../../usr/local/lib/android/sdk/platforms/android-35-ext14/skins/WVGA854: Cannot utime: Operation not permitted
build	Cache Android SDK	2026-06-06T12:22:43.6385577Z /usr/bin/tar: ../../../../../usr/local/lib/android/sdk/platforms/android-35-ext14/skins/WVGA854: Cannot change mode to rwxr-xr-x: Operation not permitted
build	Cache Android SDK	2026-06-06T12:22:43.6393284Z /usr/bin/tar: ../../../../../usr/local/lib/android/sdk/platforms/android-35-ext14/skins/WXGA800-7in: Cannot utime: Operation not permitted
build	Cache Android SDK	2026-06-06T12:22:43.6393971Z /usr/bin/tar: ../../../../../usr/local/lib/android/sdk/platforms/android-35-ext14/skins/WXGA800-7in: Cannot change mode to rwxr-xr-x: Operation not permitted
build	Cache Android SDK	2026-06-06T12:22:43.6401009Z /usr/bin/tar: ../../../../../usr/local/lib/android/sdk/platforms/android-35-ext14/skins/QVGA: Cannot utime: Operation not permitted
build	Cache Android SDK	2026-06-06T12:22:43.6401615Z /usr/bin/tar: ../../../../../usr/local/lib/android/sdk/platforms/android-35-ext14/skins/QVGA: Cannot change mode to rwxr-xr-x: Operation not permitted
build	Cache Android SDK	2026-06-06T12:22:43.6412177Z /usr/bin/tar: ../../../../../usr/local/lib/android/sdk/platforms/android-35-ext14/skins/WQVGA400: Cannot utime: Operation not permitted
build	Cache Android SDK	2026-06-06T12:22:43.6413019Z /usr/bin/tar: ../../../../../usr/local/lib/android/sdk/platforms/android-35-ext14/skins/WQVGA400: Cannot change mode to rwxr-xr-x: Operation not permitted
build	Cache Android SDK	2026-06-06T12:22:43.6426788Z /usr/bin/tar: ../../../../../usr/local/lib/android/sdk/platforms/android-35-ext14/skins/WVGA800: Cannot utime: Operation not permitted
build	Cache Android SDK	2026-06-06T12:22:43.6427593Z /usr/bin/tar: ../../../../../usr/local/lib/android/sdk/platforms/android-35-ext14/skins/WVGA800: Cannot change mode to rwxr-xr-x: Operation not permitted
build	Cache Android SDK	2026-06-06T12:22:43.6434295Z /usr/bin/tar: ../../../../../usr/local/lib/android/sdk/platforms/android-35-ext14/skins/WXGA720: Cannot utime: Operation not permitted
build	Cache Android SDK	2026-06-06T12:22:43.6435381Z /usr/bin/tar: ../../../../../usr/local/lib/android/sdk/platforms/android-35-ext14/skins/WXGA720: Cannot change mode to rwxr-xr-x: Operation not permitted
build	Cache Android SDK	2026-06-06T12:22:43.6435949Z /usr/bin/tar: ../../../../../usr/local/lib/android/sdk/platforms/android-35-ext14/skins: Cannot utime: Operation not permitted
build	Cache Android SDK	2026-06-06T12:22:43.6436339Z /usr/bin/tar: ../../../../../usr/local/lib/android/sdk/platforms/android-35-ext14/skins: Cannot change mode to rwxr-xr-x: Operation not permitted
build	Cache Android SDK	2026-06-06T12:22:43.6811690Z /usr/bin/tar: ../../../../../usr/local/lib/android/sdk/platforms/android-35-ext14/templates: Cannot utime: Operation not permitted
build	Cache Android SDK	2026-06-06T12:22:43.6812475Z /usr/bin/tar: ../../../../../usr/local/lib/android/sdk/platforms/android-35-ext14/templates: Cannot change mode to rwxr-xr-x: Operation not permitted
build	Cache Android SDK	2026-06-06T12:22:43.7777003Z /usr/bin/tar: ../../../../../usr/local/lib/android/sdk/platforms/android-35-ext14/data/res/values-mcc310-mnc160-sk: Cannot utime: Operation not permitted
build	Cache Android SDK	2026-06-06T12:22:43.7778376Z /usr/bin/tar: ../../../../../usr/local/lib/android/sdk/platforms/android-35-ext14/data/res/values-mcc310-mnc160-sk: Cannot change mode to rwxr-xr-x: Operation not permitted
build	Cache Android SDK	2026-06-06T12:22:43.7787654Z /usr/bin/tar: ../../../../../usr/local/lib/android/sdk/platforms/android-35-ext14/data/res/values-mcc302-mnc370-hr: Cannot utime: Operation not permitted
build	Cache Android SDK	2026-06-06T12:22:43.7789406Z /usr/bin/tar: ../../../../../usr/local/lib/android/sdk/platforms/android-35-ext14/data/res/values-mcc302-mnc370-hr: Cannot change mode to rwxr-xr-x: Operation not permitted
build	Cache Android SDK	2026-06-06T12:22:43.7794803Z /usr/bin/tar: ../../../../../usr/local/lib/android/sdk/platforms/android-35-ext14/data/res/values-mcc310-mnc950-zh-rHK: Cannot utime: Operation not permitted
build	Cache Android SDK	2026-06-06T12:22:43.7796298Z /usr/bin/tar: ../../../../../usr/local/lib/android/sdk/platforms/android-35-ext14/data/res/values-mcc310-mnc950-zh-rHK: Cannot change mode to rwxr-xr-x: Operation not permitted
build	Cache Android SDK	2026-06-06T12:22:43.7800594Z /usr/bin/tar: ../../../../../usr/local/lib/android/sdk/platforms/android-35-ext14/data/res/values-mcc310-mnc210-et: Cannot utime: Operation not permitted
build	Cache Android SDK	2026-06-06T12:22:43.7801563Z /usr/bin/tar: ../../../../../usr/local/lib/android/sdk/platforms/android-35-ext14/data/res/values-mcc310-mnc210-et: Cannot change mode to rwxr-xr-x: Operation not permitted
build	Cache Android SDK	2026-06-06T12:22:43.7803821Z /usr/bin/tar: ../../../../../usr/local/lib/android/sdk/platforms/android-35-ext14/data/res/values-mcc310-mnc170-sl: Cannot utime: Operation not permitted
build	Cache Android SDK	2026-06-06T12:22:43.7805422Z /usr/bin/tar: ../../../../../usr/local/lib/android/sdk/platforms/android-35-ext14/data/res/values-mcc310-mnc170-sl: Cannot change mode to rwxr-xr-x: Operation not permitted
build	Cache Android SDK	2026-06-06T12:22:43.7810057Z /usr/bin/tar: ../../../../../usr/local/lib/android/sdk/platforms/android-35-ext14/data/res/values-mcc310-mnc150-eu: Cannot utime: Operation not permitted
build	Cache Android SDK	2026-06-06T12:22:43.7811768Z /usr/bin/tar: ../../../../../usr/local/lib/android/sdk/platforms/android-35-ext14/data/res/values-mcc310-mnc150-eu: Cannot change mode to rwxr-xr-x: Operation not permitted
build	Cache Android SDK	2026-06-06T12:22:43.7816944Z /usr/bin/tar: ../../../../../usr/local/lib/android/sdk/platforms/android-35-ext14/data/res/values-mcc334-mnc020-bs: Cannot utime: Operation not permitted
build	Cache Android SDK	2026-06-06T12:22:43.7818580Z /usr/bin/tar: ../../../../../usr/local/lib/android/sdk/platforms/android-35-ext14/data/res/values-mcc334-mnc020-bs: Cannot change mode to rwxr-xr-x: Operation not permitted
build	Cache Android SDK	2026-06-06T12:22:43.7825333Z /usr/bin/tar: ../../../../../usr/local/lib/android/sdk/platforms/android-35-ext14/data/res/values-mcc310-mnc310-en-rAU: Cannot utime: Operation not permitted
build	Cache Android SDK	2026-06-06T12:22:43.7826980Z /usr/bin/tar: ../../../../../usr/local/lib/android/sdk/platforms/android-35-ext14/data/res/values-mcc310-mnc310-en-rAU: Cannot change mode to rwxr-xr-x: Operation not permitted
build	Cache Android SDK	2026-06-06T12:22:43.7828984Z /usr/bin/tar: ../../../../../usr/local/lib/android/sdk/platforms/android-35-ext14/data/res/values-mcc334-mnc020-nl: Cannot utime: Operation not permitted
build	Cache Android SDK	2026-06-06T12:22:43.7830099Z /usr/bin/tar: ../../../../../usr/local/lib/android/sdk/platforms/android-35-ext14/data/res/values-mcc334-mnc020-nl: Cannot change mode to rwxr-xr-x: Operation not permitted
build	Cache Android SDK	2026-06-06T12:22:43.7841217Z /usr/bin/tar: ../../../../../usr/local/lib/android/sdk/platforms/android-35-ext14/data/res/raw-nl: Cannot utime: Operation not permitted
build	Cache Android SDK	2026-06-06T12:22:43.7842479Z /usr/bin/tar: ../../../../../usr/local/lib/android/sdk/platforms/android-35-ext14/data/res/raw-nl: Cannot change mode to rwxr-xr-x: Operation not permitted
build	Cache Android SDK	2026-06-06T12:22:43.7850044Z /usr/bin/tar: ../../../../../usr/local/lib/android/sdk/platforms/android-35-ext14/data/res/values-mcc310-mnc800-pl: Cannot utime: Operation not permitted
build	Cache Android SDK	2026-06-06T12:22:43.7852088Z /usr/bin/tar: ../../../../../usr/local/lib/android/sdk/platforms/android-35-ext14/data/res/values-mcc310-mnc800-pl: Cannot change mode to rwxr-xr-x: Operation not permitted
build	Cache Android SDK	2026-06-06T12:22:43.7856466Z /usr/bin/tar: ../../../../../usr/local/lib/android/sdk/platforms/android-35-ext14/data/res/values-mcc310-mnc490-sk: Cannot utime: Operation not permitted
build	Cache Android SDK	2026-06-06T12:22:43.7858046Z /usr/bin/tar: ../../../../../usr/local/lib/android/sdk/platforms/android-35-ext14/data/res/values-mcc310-mnc490-sk: Cannot change mode to rwxr-xr-x: Operation not permitted
build	Cache Android SDK	2026-06-06T12:22:43.7866245Z /usr/bin/tar: ../../../../../usr/local/lib/android/sdk/platforms/android-35-ext14/data/res/values-si: Cannot utime: Operation not permitted
build	Cache Android SDK	2026-06-06T12:22:43.7867803Z /usr/bin/tar: ../../../../../usr/local/lib/android/sdk/platforms/android-35-ext14/data/res/values-si: Cannot change mode to rwxr-xr-x: Operation not permitted
build	Cache Android SDK	2026-06-06T12:22:43.7871722Z /usr/bin/tar: ../../../../../usr/local/lib/android/sdk/platforms/android-35-ext14/data/res/values-mcc311-mnc180-bg: Cannot utime: Operation not permitted
build	Cache Android SDK	2026-06-06T12:22:43.7873254Z /usr/bin/tar: ../../../../../usr/local/lib/android/sdk/platforms/android-35-ext14/data/res/values-mcc311-mnc180-bg: Cannot change mode to rwxr-xr-x: Operation not permitted
build	Cache Android SDK	2026-06-06T12:22:43.7875897Z /usr/bin/tar: ../../../../../usr/local/lib/android/sdk/platforms/android-35-ext14/data/res/values-mcc310-mnc160-be: Cannot utime: Operation not permitted
build	Cache Android SDK	2026-06-06T12:22:43.7877641Z /usr/bin/tar: ../../../../../usr/local/lib/android/sdk/platforms/android-35-ext14/data/res/values-mcc310-mnc160-be: Cannot change mode to rwxr-xr-x: Operation not permitted
build	Cache Android SDK	2026-06-06T12:22:43.7880809Z /usr/bin/tar: ../../../../../usr/local/lib/android/sdk/platforms/android-35-ext14/data/res/values-mcc310-mnc280-pt: Cannot utime: Operation not permitted
build	Cache Android SDK	2026-06-06T12:22:43.7882587Z /usr/bin/tar: ../../../../../usr/local/lib/android/sdk/platforms/android-35-ext14/data/res/values-mcc310-mnc280-pt: Cannot change mode to rwxr-xr-x: Operation not permitted
build	Cache Android SDK	2026-06-06T12:22:43.7884318Z /usr/bin/tar: ../../../../../usr/local/lib/android/sdk/platforms/android-35-ext14/data/res/values-mcc302-mnc720-zh-rHK: Cannot utime: Operation not permitted
build	Cache Android SDK	2026-06-06T12:22:43.7886575Z /usr/bin/tar: ../../../../../usr/local/lib/android/sdk/platforms/android-35-ext14/data/res/values-mcc302-mnc720-zh-rHK: Cannot change mode to rwxr-xr-x: Operation not permitted
build	Cache Android SDK	2026-06-06T12:22:43.7888597Z /usr/bin/tar: ../../../../../usr/local/lib/android/sdk/platforms/android-35-ext14/data/res/values-mcc440-mnc50: Cannot utime: Operation not permitted
build	Cache Android SDK	2026-06-06T12:22:43.7889832Z /usr/bin/tar: ../../../../../usr/local/lib/android/sdk/platforms/android-35-ext14/data/res/values-mcc440-mnc50: Cannot change mode to rwxr-xr-x: Operation not permitted
build	Cache Android SDK	2026-06-06T12:22:43.7898391Z /usr/bin/tar: ../../../../../usr/local/lib/android/sdk/platforms/android-35-ext14/data/res/values-tr-television: Cannot utime: Operation not permitted
build	Cache Android SDK	2026-06-06T12:22:43.7899577Z /usr/bin/tar: ../../../../../usr/local/lib/android/sdk/platforms/android-35-ext14/data/res/values-tr-television: Cannot change mode to rwxr-xr-x: Operation not permitted
build	Cache Android SDK	2026-06-06T12:22:43.7902316Z /usr/bin/tar: ../../../../../usr/local/lib/android/sdk/platforms/android-35-ext14/data/res/values-mcc310-mnc490-th: Cannot utime: Operation not permitted
build	Cache Android SDK	2026-06-06T12:22:43.7903497Z /usr/bin/tar: ../../../../../usr/local/lib/android/sdk/platforms/android-35-ext14/data/res/values-mcc310-mnc490-th: Cannot change mode to rwxr-xr-x: Operation not permitted
build	Cache Android SDK	2026-06-06T12:22:43.7906353Z /usr/bin/tar: ../../../../../usr/local/lib/android/sdk/platforms/android-35-ext14/data/res/values-mcc311-mnc180-zh-rHK: Cannot utime: Operation not permitted
build	Cache Android SDK	2026-06-06T12:22:43.7907474Z /usr/bin/tar: ../../../../../usr/local/lib/android/sdk/platforms/android-35-ext14/data/res/values-mcc311-mnc180-zh-rHK: Cannot change mode to rwxr-xr-x: Operation not permitted
build	Cache Android SDK	2026-06-06T12:22:43.7912565Z /usr/bin/tar: ../../../../../usr/local/lib/android/sdk/platforms/android-35-ext14/data/res/values-mcc310-mnc310-fi: Cannot utime: Operation not permitted
build	Cache Android SDK	2026-06-06T12:22:43.7913528Z /usr/bin/tar: ../../../../../usr/local/lib/android/sdk/platforms/android-35-ext14/data/res/values-mcc310-mnc310-fi: Cannot change mode to rwxr-xr-x: Operation not permitted
build	Cache Android SDK	2026-06-06T12:22:43.7916171Z /usr/bin/tar: ../../../../../usr/local/lib/android/sdk/platforms/android-35-ext14/data/res/values-mcc313-mnc100-is: Cannot utime: Operation not permitted
build	Cache Android SDK	2026-06-06T12:22:43.7917818Z /usr/bin/tar: ../../../../../usr/local/lib/android/sdk/platforms/android-35-ext14/data/res/values-mcc313-mnc100-is: Cannot change mode to rwxr-xr-x: Operation not permitted
build	Cache Android SDK	2026-06-06T12:22:43.7920510Z /usr/bin/tar: ../../../../../usr/local/lib/android/sdk/platforms/android-35-ext14/data/res/values-mcc310-mnc280-as: Cannot utime: Operation not permitted
build	Cache Android SDK	2026-06-06T12:22:43.7921476Z /usr/bin/tar: ../../../../../usr/local/lib/android/sdk/platforms/android-35-ext14/data/res/values-mcc310-mnc280-as: Cannot change mode to rwxr-xr-x: Operation not permitted
build	Cache Android SDK	2026-06-06T12:22:43.7925298Z /usr/bin/tar: ../../../../../usr/local/lib/android/sdk/platforms/android-35-ext14/data/res/values-w180dp-notround-watch: Cannot utime: Operation not permitted
build	Cache Android SDK	2026-06-06T12:22:43.7926943Z /usr/bin/tar: ../../../../../usr/local/lib/android/sdk/platforms/android-35-ext14/data/res/values-w180dp-notround-watch: Cannot change mode to rwxr-xr-x: Operation not permitted
build	Cache Android SDK	2026-06-06T12:22:43.7928711Z /usr/bin/tar: ../../../../../usr/local/lib/android/sdk/platforms/android-35-ext14/data/res/values-mcc310-mnc030-gu: Cannot utime: Operation not permitted
build	Cache Android SDK	2026-06-06T12:22:43.7930522Z /usr/bin/tar: ../../../../../usr/local/lib/android/sdk/platforms/android-35-ext14/data/res/values-mcc310-mnc030-gu: Cannot change mode to rwxr-xr-x: Operation not permitted
build	Cache Android SDK	2026-06-06T12:22:43.7932047Z /usr/bin/tar: ../../../../../usr/local/lib/android/sdk/platforms/android-35-ext14/data/res/values-mcc310-mnc210-in: Cannot utime: Operation not permitted
build	Cache Android SDK	2026-06-06T12:22:43.7933008Z /usr/bin/tar: ../../../../../usr/local/lib/android/sdk/platforms/android-35-ext14/data/res/values-mcc310-mnc210-in: Cannot change mode to rwxr-xr-x: Operation not permitted
build	Cache Android SDK	2026-06-06T12:22:43.7935395Z /usr/bin/tar: ../../../../../usr/local/lib/android/sdk/platforms/android-35-ext14/data/res/values-mcc310-mnc410-nl: Cannot utime: Operation not permitted
build	Cache Android SDK	2026-06-06T12:22:43.7937114Z /usr/bin/tar: ../../../../../usr/local/lib/android/sdk/platforms/android-35-ext14/data/res/values-mcc310-mnc410-nl: Cannot change mode to rwxr-xr-x: Operation not permitted
build	Cache Android SDK	2026-06-06T12:22:43.7940120Z /usr/bin/tar: ../../../../../usr/local/lib/android/sdk/platforms/android-35-ext14/data/res/values-mcc310-mnc410-hi: Cannot utime: Operation not permitted
build	Cache Android SDK	2026-06-06T12:22:43.7941443Z /usr/bin/tar: ../../../../../usr/local/lib/android/sdk/platforms/android-35-ext14/data/res/values-mcc310-mnc410-hi: Cannot change mode to rwxr-xr-x: Operation not permitted
build	Cache Android SDK	2026-06-06T12:22:43.7943628Z /usr/bin/tar: ../../../../../usr/local/lib/android/sdk/platforms/android-35-ext14/data/res/values-mcc310-mnc210-iw: Cannot utime: Operation not permitted
build	Cache Android SDK	2026-06-06T12:22:43.7945038Z /usr/bin/tar: ../../../../../usr/local/lib/android/sdk/platforms/android-35-ext14/data/res/values-mcc310-mnc210-iw: Cannot change mode to rwxr-xr-x: Operation not permitted
build	Cache Android SDK	2026-06-06T12:22:43.7951603Z /usr/bin/tar: ../../../../../usr/local/lib/android/sdk/platforms/android-35-ext14/data/res/values-mcc001-mnc01-or: Cannot utime: Operation not permitted
build	Cache Android SDK	2026-06-06T12:22:43.7952922Z /usr/bin/tar: ../../../../../usr/local/lib/android/sdk/platforms/android-35-ext14/data/res/values-mcc001-mnc01-or: Cannot change mode to rwxr-xr-x: Operation not permitted
build	Cache Android SDK	2026-06-06T12:22:43.7954307Z /usr/bin/tar: ../../../../../usr/local/lib/android/sdk/platforms/android-35-ext14/data/res/values-mcc310-mnc230-pl: Cannot utime: Operation not permitted
build	Cache Android SDK	2026-06-06T12:22:43.7955257Z /usr/bin/tar: ../../../../../usr/local/lib/android/sdk/platforms/android-35-ext14/data/res/values-mcc310-mnc230-pl: Cannot change mode to rwxr-xr-x: Operation not permitted
build	Cache Android SDK	2026-06-06T12:22:43.7957826Z /usr/bin/tar: ../../../../../usr/local/lib/android/sdk/platforms/android-35-ext14/data/res/values-de-watch: Cannot utime: Operation not permitted
build	Cache Android SDK	2026-06-06T12:22:43.7958760Z /usr/bin/tar: ../../../../../usr/local/lib/android/sdk/platforms/android-35-ext14/data/res/values-de-watch: Cannot change mode to rwxr-xr-x: Operation not permitted
build	Cache Android SDK	2026-06-06T12:22:43.7963820Z /usr/bin/tar: ../../../../../usr/local/lib/android/sdk/platforms/android-35-ext14/data/res/raw: Cannot utime: Operation not permitted
build	Cache Android SDK	2026-06-06T12:22:43.7964994Z /usr/bin/tar: ../../../../../usr/local/lib/android/sdk/platforms/android-35-ext14/data/res/raw: Cannot change mode to rwxr-xr-x: Operation not permitted
build	Cache Android SDK	2026-06-06T12:22:43.7967338Z /usr/bin/tar: ../../../../../usr/local/lib/android/sdk/platforms/android-35-ext14/data/res/values-mcc310-mnc380-ml: Cannot utime: Operation not permitted
build	Cache Android SDK	2026-06-06T12:22:43.7968743Z /usr/bin/tar: ../../../../../usr/local/lib/android/sdk/platforms/android-35-ext14/data/res/values-mcc310-mnc380-ml: Cannot change mode to rwxr-xr-x: Operation not permitted
build	Cache Android SDK	2026-06-06T12:22:43.7971181Z /usr/bin/tar: ../../../../../usr/local/lib/android/sdk/platforms/android-35-ext14/data/res/values-mcc310-mnc660-pt-rPT: Cannot utime: Operation not permitted
build	Cache Android SDK	2026-06-06T12:22:43.7972356Z /usr/bin/tar: ../../../../../usr/local/lib/android/sdk/platforms/android-35-ext14/data/res/values-mcc310-mnc660-pt-rPT: Cannot change mode to rwxr-xr-x: Operation not permitted
build	Cache Android SDK	2026-06-06T12:22:43.7974122Z /usr/bin/tar: ../../../../../usr/local/lib/android/sdk/platforms/android-35-ext14/data/res/values-mcc310-mnc800-zh-rCN: Cannot utime: Operation not permitted
build	Cache Android SDK	2026-06-06T12:22:43.7975285Z /usr/bin/tar: ../../../../../usr/local/lib/android/sdk/platforms/android-35-ext14/data/res/values-mcc310-mnc800-zh-rCN: Cannot change mode to rwxr-xr-x: Operation not permitted
build	Cache Android SDK	2026-06-06T12:22:43.7984649Z /usr/bin/tar: ../../../../../usr/local/lib/android/sdk/platforms/android-35-ext14/data/res/values-ky: Cannot utime: Operation not permitted
build	Cache Android SDK	2026-06-06T12:22:43.7986406Z /usr/bin/tar: ../../../../../usr/local/lib/android/sdk/platforms/android-35-ext14/data/res/values-ky: Cannot change mode to rwxr-xr-x: Operation not permitted
build	Cache Android SDK	2026-06-06T12:22:43.7990238Z /usr/bin/tar: ../../../../../usr/local/lib/android/sdk/platforms/android-35-ext14/data/res/values-mcc311-mnc180-my: Cannot utime: Operation not permitted
build	Cache Android SDK	2026-06-06T12:22:43.7992111Z /usr/bin/tar: ../../../../../usr/local/lib/android/sdk/platforms/android-35-ext14/data/res/values-mcc311-mnc180-my: Cannot change mode to rwxr-xr-x: Operation not permitted
build	Cache Android SDK	2026-06-06T12:22:43.7996355Z /usr/bin/tar: ../../../../../usr/local/lib/android/sdk/platforms/android-35-ext14/data/res/values-mcc310-mnc240-da: Cannot utime: Operation not permitted
build	Cache Android SDK	2026-06-06T12:22:43.7997529Z /usr/bin/tar: ../../../../../usr/local/lib/android/sdk/platforms/android-35-ext14/data/res/values-mcc310-mnc240-da: Cannot change mode to rwxr-xr-x: Operation not permitted
build	Cache Android SDK	2026-06-06T12:22:43.7998964Z /usr/bin/tar: ../../../../../usr/local/lib/android/sdk/platforms/android-35-ext14/data/res/values-mcc310-mnc660-fa: Cannot utime: Operation not permitted
build	Cache Android SDK	2026-06-06T12:22:43.8000001Z /usr/bin/tar: ../../../../../usr/local/lib/android/sdk/platforms/android-35-ext14/data/res/values-mcc310-mnc660-fa: Cannot change mode to rwxr-xr-x: Operation not permitted
build	Cache Android SDK	2026-06-06T12:22:43.8002075Z /usr/bin/tar: ../../../../../usr/local/lib/android/sdk/platforms/android-35-ext14/data/res/values-mcc310-mnc270-sr: Cannot utime: Operation not permitted
build	Cache Android SDK	2026-06-06T12:22:43.8003150Z /usr/bin/tar: ../../../../../usr/local/lib/android/sdk/platforms/android-35-ext14/data/res/values-mcc310-mnc270-sr: Cannot change mode to rwxr-xr-x: Operation not permitted
build	Cache Android SDK	2026-06-06T12:22:43.8004660Z /usr/bin/tar: ../../../../../usr/local/lib/android/sdk/platforms/android-35-ext14/data/res/values-mcc310-mnc220-en-rIN: Cannot utime: Operation not permitted
build	Cache Android SDK	2026-06-06T12:22:43.8005746Z /usr/bin/tar: ../../../../../usr/local/lib/android/sdk/platforms/android-35-ext14/data/res/values-mcc310-mnc220-en-rIN: Cannot change mode to rwxr-xr-x: Operation not permitted
build	Cache Android SDK	2026-06-06T12:22:43.8012404Z /usr/bin/tar: ../../../../../usr/local/lib/android/sdk/platforms/android-35-ext14/data/res/values-bg: Cannot utime: Operation not permitted
build	Cache Android SDK	2026-06-06T12:22:43.8014240Z /usr/bin/tar: ../../../../../usr/local/lib/android/sdk/platforms/android-35-ext14/data/res/values-bg: Cannot change mode to rwxr-xr-x: Operation not permitted
build	Cache Android SDK	2026-06-06T12:22:43.8016036Z /usr/bin/tar: ../../../../../usr/local/lib/android/sdk/platforms/android-35-ext14/data/res/values-mcc310-mnc200-kn: Cannot utime: Operation not permitted
build	Cache Android SDK	2026-06-06T12:22:43.8017987Z /usr/bin/tar: ../../../../../usr/local/lib/android/sdk/platforms/android-35-ext14/data/res/values-mcc310-mnc200-kn: Cannot change mode to rwxr-xr-x: Operation not permitted
build	Cache Android SDK	2026-06-06T12:22:43.8019709Z /usr/bin/tar: ../../../../../usr/local/lib/android/sdk/platforms/android-35-ext14/data/res/values-mcc310-mnc230-nb: Cannot utime: Operation not permitted
build	Cache Android SDK	2026-06-06T12:22:43.8021457Z /usr/bin/tar: ../../../../../usr/local/lib/android/sdk/platforms/android-35-ext14/data/res/values-mcc310-mnc230-nb: Cannot change mode to rwxr-xr-x: Operation not permitted
build	Cache Android SDK	2026-06-06T12:22:43.8023313Z /usr/bin/tar: ../../../../../usr/local/lib/android/sdk/platforms/android-35-ext14/data/res/values-mcc310-mnc280-af: Cannot utime: Operation not permitted
build	Cache Android SDK	2026-06-06T12:22:43.8024929Z /usr/bin/tar: ../../../../../usr/local/lib/android/sdk/platforms/android-35-ext14/data/res/values-mcc310-mnc280-af: Cannot change mode to rwxr-xr-x: Operation not permitted
build	Cache Android SDK	2026-06-06T12:22:43.8026552Z /usr/bin/tar: ../../../../../usr/local/lib/android/sdk/platforms/android-35-ext14/data/res/values-mcc310-mnc800-te: Cannot utime: Operation not permitted
build	Cache Android SDK	2026-06-06T12:22:43.8028274Z /usr/bin/tar: ../../../../../usr/local/lib/android/sdk/platforms/android-35-ext14/data/res/values-mcc310-mnc800-te: Cannot change mode to rwxr-xr-x: Operation not permitted
build	Cache Android SDK	2026-06-06T12:22:43.8030066Z /usr/bin/tar: ../../../../../usr/local/lib/android/sdk/platforms/android-35-ext14/data/res/values-gl-watch: Cannot utime: Operation not permitted
build	Cache Android SDK	2026-06-06T12:22:43.8031943Z /usr/bin/tar: ../../../../../usr/local/lib/android/sdk/platforms/android-35-ext14/data/res/values-gl-watch: Cannot change mode to rwxr-xr-x: Operation not permitted
build	Cache Android SDK	2026-06-06T12:22:43.8033516Z /usr/bin/tar: ../../../../../usr/local/lib/android/sdk/platforms/android-35-ext14/data/res/values-mcc310-mnc240-hu: Cannot utime: Operation not permitted
build	Cache Android SDK	2026-06-06T12:22:43.8035196Z /usr/bin/tar: ../../../../../usr/local/lib/android/sdk/platforms/android-35-ext14/data/res/values-mcc310-mnc240-hu: Cannot change mode to rwxr-xr-x: Operation not permitted
build	Cache Android SDK	2026-06-06T12:22:43.8037149Z /usr/bin/tar: ../../../../../usr/local/lib/android/sdk/platforms/android-35-ext14/data/res/values-mcc310-mnc950-bs: Cannot utime: Operation not permitted
build	Cache Android SDK	2026-06-06T12:22:43.8039032Z /usr/bin/tar: ../../../../../usr/local/lib/android/sdk/platforms/android-35-ext14/data/res/values-mcc310-mnc950-bs: Cannot change mode to rwxr-xr-x: Operation not permitted
build	Cache Android SDK	2026-06-06T12:22:43.8040111Z /usr/bin/tar: ../../../../../usr/local/lib/android/sdk/platforms/android-35-ext14/data/res/values-bn-television: Cannot utime: Operation not permitted
build	Cache Android SDK	2026-06-06T12:22:43.8041529Z /usr/bin/tar: ../../../../../usr/local/lib/android/sdk/platforms/android-35-ext14/data/res/values-bn-television: Cannot change mode to rwxr-xr-x: Operation not permitted
build	Cache Android SDK	2026-06-06T12:22:43.8042935Z /usr/bin/tar: ../../../../../usr/local/lib/android/sdk/platforms/android-35-ext14/data/res/values-mcc310-mnc250-te: Cannot utime: Operation not permitted
build	Cache Android SDK	2026-06-06T12:22:43.8044331Z /usr/bin/tar: ../../../../../usr/local/lib/android/sdk/platforms/android-35-ext14/data/res/values-mcc310-mnc250-te: Cannot change mode to rwxr-xr-x: Operation not permitted
build	Cache Android SDK	2026-06-06T12:22:43.8045860Z /usr/bin/tar: ../../../../../usr/local/lib/android/sdk/platforms/android-35-ext14/data/res/values-mcc302-mnc720-cs: Cannot utime: Operation not permitted
build	Cache Android SDK	2026-06-06T12:22:43.8047335Z /usr/bin/tar: ../../../../../usr/local/lib/android/sdk/platforms/android-35-ext14/data/res/values-mcc302-mnc720-cs: Cannot change mode to rwxr-xr-x: Operation not permitted
build	Cache Android SDK	2026-06-06T12:22:43.8049440Z /usr/bin/tar: ../../../../../usr/local/lib/android/sdk/platforms/android-35-ext14/data/res/values-mcc310-mnc410-or: Cannot utime: Operation not permitted
build	Cache Android SDK	2026-06-06T12:22:43.8050958Z /usr/bin/tar: ../../../../../usr/local/lib/android/sdk/platforms/android-35-ext14/data/res/values-mcc310-mnc410-or: Cannot change mode to rwxr-xr-x: Operation not permitted
build	Cache Android SDK	2026-06-06T12:22:43.8052578Z /usr/bin/tar: ../../../../../usr/local/lib/android/sdk/platforms/android-35-ext14/data/res/values-mcc313-mnc100-af: Cannot utime: Operation not permitted
build	Cache Android SDK	2026-06-06T12:22:43.8054138Z /usr/bin/tar: ../../../../../usr/local/lib/android/sdk/platforms/android-35-ext14/data/res/values-mcc313-mnc100-af: Cannot change mode to rwxr-xr-x: Operation not permitted
build	Cache Android SDK	2026-06-06T12:22:43.8055780Z /usr/bin/tar: ../../../../../usr/local/lib/android/sdk/platforms/android-35-ext14/data/res/values-mcc310-mnc170-zu: Cannot utime: Operation not permitted
build	Cache Android SDK	2026-06-06T12:22:43.8057493Z /usr/bin/tar: ../../../../../usr/local/lib/android/sdk/platforms/android-35-ext14/data/res/values-mcc310-mnc170-zu: Cannot change mode to rwxr-xr-x: Operation not permitted
build	Cache Android SDK	2026-06-06T12:22:43.8058952Z /usr/bin/tar: ../../../../../usr/local/lib/android/sdk/platforms/android-35-ext14/data/res/values-mcc311-mnc180-vi: Cannot utime: Operation not permitted
build	Cache Android SDK	2026-06-06T12:22:43.8060584Z /usr/bin/tar: ../../../../../usr/local/lib/android/sdk/platforms/android-35-ext14/data/res/values-mcc311-mnc180-vi: Cannot change mode to rwxr-xr-x: Operation not permitted
build	Cache Android SDK	2026-06-06T12:22:43.8062218Z /usr/bin/tar: ../../../../../usr/local/lib/android/sdk/platforms/android-35-ext14/data/res/values-ca-television: Cannot utime: Operation not permitted
build	Cache Android SDK	2026-06-06T12:22:43.8063801Z /usr/bin/tar: ../../../../../usr/local/lib/android/sdk/platforms/android-35-ext14/data/res/values-ca-television: Cannot change mode to rwxr-xr-x: Operation not permitted
build	Cache Android SDK	2026-06-06T12:22:43.8065856Z /usr/bin/tar: ../../../../../usr/local/lib/android/sdk/platforms/android-35-ext14/data/res/values-mcc001-mnc01-pa: Cannot utime: Operation not permitted
build	Cache Android SDK	2026-06-06T12:22:43.8067550Z /usr/bin/tar: ../../../../../usr/local/lib/android/sdk/platforms/android-35-ext14/data/res/values-mcc001-mnc01-pa: Cannot change mode to rwxr-xr-x: Operation not permitted
build	Cache Android SDK	2026-06-06T12:22:43.8069157Z /usr/bin/tar: ../../../../../usr/local/lib/android/sdk/platforms/android-35-ext14/data/res/values-mcc302-mnc720-ar: Cannot utime: Operation not permitted
build	Cache Android SDK	2026-06-06T12:22:43.8070757Z /usr/bin/tar: ../../../../../usr/local/lib/android/sdk/platforms/android-35-ext14/data/res/values-mcc302-mnc720-ar: Cannot change mode to rwxr-xr-x: Operation not permitted
build	Cache Android SDK	2026-06-06T12:22:43.8072246Z /usr/bin/tar: ../../../../../usr/local/lib/android/sdk/platforms/android-35-ext14/data/res/values-mcc001-mnc01-ka: Cannot utime: Operation not permitted
build	Cache Android SDK	2026-06-06T12:22:43.8073967Z /usr/bin/tar: ../../../../../usr/local/lib/android/sdk/platforms/android-35-ext14/data/res/values-mcc001-mnc01-ka: Cannot change mode to rwxr-xr-x: Operation not permitted
build	Cache Android SDK	2026-06-06T12:22:43.8075874Z /usr/bin/tar: ../../../../../usr/local/lib/android/sdk/platforms/android-35-ext14/data/res/values-mcc310-mnc230-te: Cannot utime: Operation not permitted
build	Cache Android SDK	2026-06-06T12:22:43.8077592Z /usr/bin/tar: ../../../../../usr/local/lib/android/sdk/platforms/android-35-ext14/data/res/values-mcc310-mnc230-te: Cannot change mode to rwxr-xr-x: Operation not permitted
build	Cache Android SDK	2026-06-06T12:22:43.8079910Z /usr/bin/tar: ../../../../../usr/local/lib/android/sdk/platforms/android-35-ext14/data/res/values-mcc310-mnc030-or: Cannot utime: Operation not permitted
build	Cache Android SDK	2026-06-06T12:22:43.8082840Z /usr/bin/tar: ../../../../../usr/local/lib/android/sdk/platforms/android-35-ext14/data/res/values-mcc310-mnc030-or: Cannot change mode to rwxr-xr-x: Operation not permitted
build	Cache Android SDK	2026-06-06T12:22:43.8084162Z /usr/bin/tar: ../../../../../usr/local/lib/android/sdk/platforms/android-35-ext14/data/res/values-mcc310-mnc310-fr: Cannot utime: Operation not permitted
build	Cache Android SDK	2026-06-06T12:22:43.8085695Z /usr/bin/tar: ../../../../../usr/local/lib/android/sdk/platforms/android-35-ext14/data/res/values-mcc310-mnc310-fr: Cannot change mode to rwxr-xr-x: Operation not permitted
build	Cache Android SDK	2026-06-06T12:22:43.8087631Z /usr/bin/tar: ../../../../../usr/local/lib/android/sdk/platforms/android-35-ext14/data/res/values-mcc310-mnc210-ml: Cannot utime: Operation not permitted
build	Cache Android SDK	2026-06-06T12:22:43.8089070Z /usr/bin/tar: ../../../../../usr/local/lib/android/sdk/platforms/android-35-ext14/data/res/values-mcc310-mnc210-ml: Cannot change mode to rwxr-xr-x: Operation not permitted
build	Cache Android SDK	2026-06-06T12:22:43.8090201Z /usr/bin/tar: ../../../../../usr/local/lib/android/sdk/platforms/android-35-ext14/data/res/values-mcc310-mnc150-bg: Cannot utime: Operation not permitted
build	Cache Android SDK	2026-06-06T12:22:43.8091696Z /usr/bin/tar: ../../../../../usr/local/lib/android/sdk/platforms/android-35-ext14/data/res/values-mcc310-mnc150-bg: Cannot change mode to rwxr-xr-x: Operation not permitted
build	Cache Android SDK	2026-06-06T12:22:43.8093383Z /usr/bin/tar: ../../../../../usr/local/lib/android/sdk/platforms/android-35-ext14/data/res/values-mcc310-mnc230-ta: Cannot utime: Operation not permitted
build	Cache Android SDK	2026-06-06T12:22:43.8095085Z /usr/bin/tar: ../../../../../usr/local/lib/android/sdk/platforms/android-35-ext14/data/res/values-mcc310-mnc230-ta: Cannot change mode to rwxr-xr-x: Operation not permitted
build	Cache Android SDK	2026-06-06T12:22:43.8096763Z /usr/bin/tar: ../../../../../usr/local/lib/android/sdk/platforms/android-35-ext14/data/res/values-mcc310-mnc800-hr: Cannot utime: Operation not permitted
build	Cache Android SDK	2026-06-06T12:22:43.8098530Z /usr/bin/tar: ../../../../../usr/local/lib/android/sdk/platforms/android-35-ext14/data/res/values-mcc310-mnc800-hr: Cannot change mode to rwxr-xr-x: Operation not permitted
build	Cache Android SDK	2026-06-06T12:22:43.8099987Z /usr/bin/tar: ../../../../../usr/local/lib/android/sdk/platforms/android-35-ext14/data/res/values-mcc310-mnc240-sq: Cannot utime: Operation not permitted
build	Cache Android SDK	2026-06-06T12:22:43.8101436Z /usr/bin/tar: ../../../../../usr/local/lib/android/sdk/platforms/android-35-ext14/data/res/values-mcc310-mnc240-sq: Cannot change mode to rwxr-xr-x: Operation not permitted
build	Cache Android SDK	2026-06-06T12:22:43.8103470Z /usr/bin/tar: ../../../../../usr/local/lib/android/sdk/platforms/android-35-ext14/data/res/values-mcc311-mnc180-pt: Cannot utime: Operation not permitted
build	Cache Android SDK	2026-06-06T12:22:43.8105196Z /usr/bin/tar: ../../../../../usr/local/lib/android/sdk/platforms/android-35-ext14/data/res/values-mcc311-mnc180-pt: Cannot change mode to rwxr-xr-x: Operation not permitted
build	Cache Android SDK	2026-06-06T12:22:43.8106733Z /usr/bin/tar: ../../../../../usr/local/lib/android/sdk/platforms/android-35-ext14/data/res/values-mcc310-mnc660-hy: Cannot utime: Operation not permitted
build	Cache Android SDK	2026-06-06T12:22:43.8108460Z /usr/bin/tar: ../../../../../usr/local/lib/android/sdk/platforms/android-35-ext14/data/res/values-mcc310-mnc660-hy: Cannot change mode to rwxr-xr-x: Operation not permitted
build	Cache Android SDK	2026-06-06T12:22:43.8110372Z /usr/bin/tar: ../../../../../usr/local/lib/android/sdk/platforms/android-35-ext14/data/res/values-mcc001-mnc01: Cannot utime: Operation not permitted
build	Cache Android SDK	2026-06-06T12:22:43.8111975Z /usr/bin/tar: ../../../../../usr/local/lib/android/sdk/platforms/android-35-ext14/data/res/values-mcc001-mnc01: Cannot change mode to rwxr-xr-x: Operation not permitted
build	Cache Android SDK	2026-06-06T12:22:43.8113809Z /usr/bin/tar: ../../../../../usr/local/lib/android/sdk/platforms/android-35-ext14/data/res/values-mcc310-mnc220-sl: Cannot utime: Operation not permitted
build	Cache Android SDK	2026-06-06T12:22:43.8114931Z /usr/bin/tar: ../../../../../usr/local/lib/android/sdk/platforms/android-35-ext14/data/res/values-mcc310-mnc220-sl: Cannot change mode to rwxr-xr-x: Operation not permitted
build	Cache Android SDK	2026-06-06T12:22:43.8117857Z /usr/bin/tar: ../../../../../usr/local/lib/android/sdk/platforms/android-35-ext14/data/res/values-mcc310-mnc560-fi: Cannot utime: Operation not permitted
build	Cache Android SDK	2026-06-06T12:22:43.8118987Z /usr/bin/tar: ../../../../../usr/local/lib/android/sdk/platforms/android-35-ext14/data/res/values-mcc310-mnc560-fi: Cannot change mode to rwxr-xr-x: Operation not permitted
build	Cache Android SDK	2026-06-06T12:22:43.8121367Z /usr/bin/tar: ../../../../../usr/local/lib/android/sdk/platforms/android-35-ext14/data/res/values-mcc312-mnc670-en-rCA: Cannot utime: Operation not permitted
build	Cache Android SDK	2026-06-06T12:22:43.8122521Z /usr/bin/tar: ../../../../../usr/local/lib/android/sdk/platforms/android-35-ext14/data/res/values-mcc312-mnc670-en-rCA: Cannot change mode to rwxr-xr-x: Operation not permitted
build	Cache Android SDK	2026-06-06T12:22:43.8129076Z /usr/bin/tar: ../../../../../usr/local/lib/android/sdk/platforms/android-35-ext14/data/res/values-mcc312-mnc670-fa: Cannot utime: Operation not permitted
build	Cache Android SDK	2026-06-06T12:22:43.8130545Z /usr/bin/tar: ../../../../../usr/local/lib/android/sdk/platforms/android-35-ext14/data/res/values-mcc312-mnc670-fa: Cannot change mode to rwxr-xr-x: Operation not permitted
build	Cache Android SDK	2026-06-06T12:22:43.8132574Z /usr/bin/tar: ../../../../../usr/local/lib/android/sdk/platforms/android-35-ext14/data/res/values-mcc310-mnc230-ne: Cannot utime: Operation not permitted
build	Cache Android SDK	2026-06-06T12:22:43.8134142Z /usr/bin/tar: ../../../../../usr/local/lib/android/sdk/platforms/android-35-ext14/data/res/values-mcc310-mnc230-ne: Cannot change mode to rwxr-xr-x: Operation not permitted
build	Cache Android SDK	2026-06-06T12:22:43.8135991Z /usr/bin/tar: ../../../../../usr/local/lib/android/sdk/platforms/android-35-ext14/data/res/values-es-rCR: Cannot utime: Operation not permitted
build	Cache Android SDK	2026-06-06T12:22:43.8136913Z /usr/bin/tar: ../../../../../usr/local/lib/android/sdk/platforms/android-35-ext14/data/res/values-es-rCR: Cannot change mode to rwxr-xr-x: Operation not permitted
build	Cache Android SDK	2026-06-06T12:22:43.8139989Z /usr/bin/tar: ../../../../../usr/local/lib/android/sdk/platforms/android-35-ext14/data/res/values-mcc312-mnc670-en-rGB: Cannot utime: Operation not permitted
build	Cache Android SDK	2026-06-06T12:22:43.8141371Z /usr/bin/tar: ../../../../../usr/local/lib/android/sdk/platforms/android-35-ext14/data/res/values-mcc312-mnc670-en-rGB: Cannot change mode to rwxr-xr-x: Operation not permitted
build	Cache Android SDK	2026-06-06T12:22:43.8143471Z /usr/bin/tar: ../../../../../usr/local/lib/android/sdk/platforms/android-35-ext14/data/res/values-mcc310-mnc950-bg: Cannot utime: Operation not permitted
build	Cache Android SDK	2026-06-06T12:22:43.8144568Z /usr/bin/tar: ../../../../../usr/local/lib/android/sdk/platforms/android-35-ext14/data/res/values-mcc310-mnc950-bg: Cannot change mode to rwxr-xr-x: Operation not permitted
build	Cache Android SDK	2026-06-06T12:22:43.8149682Z /usr/bin/tar: ../../../../../usr/local/lib/android/sdk/platforms/android-35-ext14/data/res/values-mcc310-mnc210-be: Cannot utime: Operation not permitted
build	Cache Android SDK	2026-06-06T12:22:43.8150644Z /usr/bin/tar: ../../../../../usr/local/lib/android/sdk/platforms/android-35-ext14/data/res/values-mcc310-mnc210-be: Cannot change mode to rwxr-xr-x: Operation not permitted
build	Cache Android SDK	2026-06-06T12:22:43.8154011Z /usr/bin/tar: ../../../../../usr/local/lib/android/sdk/platforms/android-35-ext14/data/res/values-mcc302-mnc720-tr: Cannot utime: Operation not permitted
build	Cache Android SDK	2026-06-06T12:22:43.8155535Z /usr/bin/tar: ../../../../../usr/local/lib/android/sdk/platforms/android-35-ext14/data/res/values-mcc302-mnc720-tr: Cannot change mode to rwxr-xr-x: Operation not permitted
build	Cache Android SDK	2026-06-06T12:22:43.8157587Z /usr/bin/tar: ../../../../../usr/local/lib/android/sdk/platforms/android-35-ext14/data/res/values-mcc310-mnc240-ar: Cannot utime: Operation not permitted
build	Cache Android SDK	2026-06-06T12:22:43.8159271Z /usr/bin/tar: ../../../../../usr/local/lib/android/sdk/platforms/android-35-ext14/data/res/values-mcc310-mnc240-ar: Cannot change mode to rwxr-xr-x: Operation not permitted
build	Cache Android SDK	2026-06-06T12:22:43.8160977Z /usr/bin/tar: ../../../../../usr/local/lib/android/sdk/platforms/android-35-ext14/data/res/values-mcc310-mnc220-vi: Cannot utime: Operation not permitted
build	Cache Android SDK	2026-06-06T12:22:43.8162494Z /usr/bin/tar: ../../../../../usr/local/lib/android/sdk/platforms/android-35-ext14/data/res/values-mcc310-mnc220-vi: Cannot change mode to rwxr-xr-x: Operation not permitted
build	Cache Android SDK	2026-06-06T12:22:43.8164204Z /usr/bin/tar: ../../../../../usr/local/lib/android/sdk/platforms/android-35-ext14/data/res/values-mcc310-mnc310-ja: Cannot utime: Operation not permitted
build	Cache Android SDK	2026-06-06T12:22:43.8165622Z /usr/bin/tar: ../../../../../usr/local/lib/android/sdk/platforms/android-35-ext14/data/res/values-mcc310-mnc310-ja: Cannot change mode to rwxr-xr-x: Operation not permitted
build	Cache Android SDK	2026-06-06T12:22:43.8167681Z /usr/bin/tar: ../../../../../usr/local/lib/android/sdk/platforms/android-35-ext14/data/res/values-mcc310-mnc150-fr: Cannot utime: Operation not permitted
build	Cache Android SDK	2026-06-06T12:22:43.8168890Z /usr/bin/tar: ../../../../../usr/local/lib/android/sdk/platforms/android-35-ext14/data/res/values-mcc310-mnc150-fr: Cannot change mode to rwxr-xr-x: Operation not permitted
build	Cache Android SDK	2026-06-06T12:22:43.8170707Z /usr/bin/tar: ../../../../../usr/local/lib/android/sdk/platforms/android-35-ext14/data/res/values-mcc310-mnc280-iw: Cannot utime: Operation not permitted
build	Cache Android SDK	2026-06-06T12:22:43.8171910Z /usr/bin/tar: ../../../../../usr/local/lib/android/sdk/platforms/android-35-ext14/data/res/values-mcc310-mnc280-iw: Cannot change mode to rwxr-xr-x: Operation not permitted
build	Cache Android SDK	2026-06-06T12:22:43.8174040Z /usr/bin/tar: ../../../../../usr/local/lib/android/sdk/platforms/android-35-ext14/data/res/values-mcc310-mnc950-ar: Cannot utime: Operation not permitted
build	Cache Android SDK	2026-06-06T12:22:43.8175591Z /usr/bin/tar: ../../../../../usr/local/lib/android/sdk/platforms/android-35-ext14/data/res/values-mcc310-mnc950-ar: Cannot change mode to rwxr-xr-x: Operation not permitted
build	Cache Android SDK	2026-06-06T12:22:43.8177737Z /usr/bin/tar: ../../../../../usr/local/lib/android/sdk/platforms/android-35-ext14/data/res/values-mcc310-mnc160-gl: Cannot utime: Operation not permitted
build	Cache Android SDK	2026-06-06T12:22:43.8179194Z /usr/bin/tar: ../../../../../usr/local/lib/android/sdk/platforms/android-35-ext14/data/res/values-mcc310-mnc160-gl: Cannot change mode to rwxr-xr-x: Operation not permitted
build	Cache Android SDK	2026-06-06T12:22:43.8182600Z /usr/bin/tar: ../../../../../usr/local/lib/android/sdk/platforms/android-35-ext14/data/res/values-mcc310-mnc250-tr: Cannot utime: Operation not permitted
build	Cache Android SDK	2026-06-06T12:22:43.8184103Z /usr/bin/tar: ../../../../../usr/local/lib/android/sdk/platforms/android-35-ext14/data/res/values-mcc310-mnc250-tr: Cannot change mode to rwxr-xr-x: Operation not permitted
build	Cache Android SDK	2026-06-06T12:22:43.8186292Z /usr/bin/tar: ../../../../../usr/local/lib/android/sdk/platforms/android-35-ext14/data/res/values-mcc313-mnc100-es-rUS: Cannot utime: Operation not permitted
build	Cache Android SDK	2026-06-06T12:22:43.8187867Z /usr/bin/tar: ../../../../../usr/local/lib/android/sdk/platforms/android-35-ext14/data/res/values-mcc313-mnc100-es-rUS: Cannot change mode to rwxr-xr-x: Operation not permitted
build	Cache Android SDK	2026-06-06T12:22:43.8189870Z /usr/bin/tar: ../../../../../usr/local/lib/android/sdk/platforms/android-35-ext14/data/res/values-mcc310-mnc250-hy: Cannot utime: Operation not permitted
build	Cache Android SDK	2026-06-06T12:22:43.8191193Z /usr/bin/tar: ../../../../../usr/local/lib/android/sdk/platforms/android-35-ext14/data/res/values-mcc310-mnc250-hy: Cannot change mode to rwxr-xr-x: Operation not permitted
build	Cache Android SDK	2026-06-06T12:22:43.8194137Z /usr/bin/tar: ../../../../../usr/local/lib/android/sdk/platforms/android-35-ext14/data/res/values-mcc310-mnc950-in: Cannot utime: Operation not permitted
build	Cache Android SDK	2026-06-06T12:22:43.8195274Z /usr/bin/tar: ../../../../../usr/local/lib/android/sdk/platforms/android-35-ext14/data/res/values-mcc310-mnc950-in: Cannot change mode to rwxr-xr-x: Operation not permitted
build	Cache Android SDK	2026-06-06T12:22:43.8197912Z /usr/bin/tar: ../../../../../usr/local/lib/android/sdk/platforms/android-35-ext14/data/res/values-mcc310-mnc270-sk: Cannot utime: Operation not permitted
build	Cache Android SDK	2026-06-06T12:22:43.8199371Z /usr/bin/tar: ../../../../../usr/local/lib/android/sdk/platforms/android-35-ext14/data/res/values-mcc310-mnc270-sk: Cannot change mode to rwxr-xr-x: Operation not permitted
build	Cache Android SDK	2026-06-06T12:22:43.8201343Z /usr/bin/tar: ../../../../../usr/local/lib/android/sdk/platforms/android-35-ext14/data/res/values-mcc310-mnc230-iw: Cannot utime: Operation not permitted
build	Cache Android SDK	2026-06-06T12:22:43.8203130Z /usr/bin/tar: ../../../../../usr/local/lib/android/sdk/platforms/android-35-ext14/data/res/values-mcc310-mnc230-iw: Cannot change mode to rwxr-xr-x: Operation not permitted
build	Cache Android SDK	2026-06-06T12:22:43.8205705Z /usr/bin/tar: ../../../../../usr/local/lib/android/sdk/platforms/android-35-ext14/data/res/values-mcc310-mnc230-en-rAU: Cannot utime: Operation not permitted
build	Cache Android SDK	2026-06-06T12:22:43.8206716Z /usr/bin/tar: ../../../../../usr/local/lib/android/sdk/platforms/android-35-ext14/data/res/values-mcc310-mnc230-en-rAU: Cannot change mode to rwxr-xr-x: Operation not permitted
build	Cache Android SDK	2026-06-06T12:22:43.8208601Z /usr/bin/tar: ../../../../../usr/local/lib/android/sdk/platforms/android-35-ext14/data/res/values-ru-rRU: Cannot utime: Operation not permitted
build	Cache Android SDK	2026-06-06T12:22:43.8209604Z /usr/bin/tar: ../../../../../usr/local/lib/android/sdk/platforms/android-35-ext14/data/res/values-ru-rRU: Cannot change mode to rwxr-xr-x: Operation not permitted
build	Cache Android SDK	2026-06-06T12:22:43.8218381Z /usr/bin/tar: ../../../../../usr/local/lib/android/sdk/platforms/android-35-ext14/data/res/values-uk: Cannot utime: Operation not permitted
build	Cache Android SDK	2026-06-06T12:22:43.8219838Z /usr/bin/tar: ../../../../../usr/local/lib/android/sdk/platforms/android-35-ext14/data/res/values-uk: Cannot change mode to rwxr-xr-x: Operation not permitted
build	Cache Android SDK	2026-06-06T12:22:43.8222317Z /usr/bin/tar: ../../../../../usr/local/lib/android/sdk/platforms/android-35-ext14/data/res/values-mcc310-mnc310-sv: Cannot utime: Operation not permitted
build	Cache Android SDK	2026-06-06T12:22:43.8223940Z /usr/bin/tar: ../../../../../usr/local/lib/android/sdk/platforms/android-35-ext14/data/res/values-mcc310-mnc310-sv: Cannot change mode to rwxr-xr-x: Operation not permitted
build	Cache Android SDK	2026-06-06T12:22:43.8225655Z /usr/bin/tar: ../../../../../usr/local/lib/android/sdk/platforms/android-35-ext14/data/res/values-mcc310-mnc230-it: Cannot utime: Operation not permitted
build	Cache Android SDK	2026-06-06T12:22:43.8226611Z /usr/bin/tar: ../../../../../usr/local/lib/android/sdk/platforms/android-35-ext14/data/res/values-mcc310-mnc230-it: Cannot change mode to rwxr-xr-x: Operation not permitted
build	Cache Android SDK	2026-06-06T12:22:43.8229718Z /usr/bin/tar: ../../../../../usr/local/lib/android/sdk/platforms/android-35-ext14/data/res/values-eu-television: Cannot utime: Operation not permitted
build	Cache Android SDK	2026-06-06T12:22:43.8231433Z /usr/bin/tar: ../../../../../usr/local/lib/android/sdk/platforms/android-35-ext14/data/res/values-eu-television: Cannot change mode to rwxr-xr-x: Operation not permitted
build	Cache Android SDK	2026-06-06T12:22:43.8233943Z /usr/bin/tar: ../../../../../usr/local/lib/android/sdk/platforms/android-35-ext14/data/res/values-zh-rHK-television: Cannot utime: Operation not permitted
build	Cache Android SDK	2026-06-06T12:22:43.8235720Z /usr/bin/tar: ../../../../../usr/local/lib/android/sdk/platforms/android-35-ext14/data/res/values-zh-rHK-television: Cannot change mode to rwxr-xr-x: Operation not permitted
build	Cache Android SDK	2026-06-06T12:22:43.8238415Z /usr/bin/tar: ../../../../../usr/local/lib/android/sdk/platforms/android-35-ext14/data/res/values-mcc310-mnc490-cs: Cannot utime: Operation not permitted
build	Cache Android SDK	2026-06-06T12:22:43.8240257Z /usr/bin/tar: ../../../../../usr/local/lib/android/sdk/platforms/android-35-ext14/data/res/values-mcc310-mnc490-cs: Cannot change mode to rwxr-xr-x: Operation not permitted
build	Cache Android SDK	2026-06-06T12:22:43.8242610Z /usr/bin/tar: ../../../../../usr/local/lib/android/sdk/platforms/android-35-ext14/data/res/values-mcc310-mnc800-zh-rTW: Cannot utime: Operation not permitted
build	Cache Android SDK	2026-06-06T12:22:43.8244116Z /usr/bin/tar: ../../../../../usr/local/lib/android/sdk/platforms/android-35-ext14/data/res/values-mcc310-mnc800-zh-rTW: Cannot change mode to rwxr-xr-x: Operation not permitted
build	Cache Android SDK	2026-06-06T12:22:43.8246096Z /usr/bin/tar: ../../../../../usr/local/lib/android/sdk/platforms/android-35-ext14/data/res/values-es-rPA: Cannot utime: Operation not permitted
build	Cache Android SDK	2026-06-06T12:22:43.8247880Z /usr/bin/tar: ../../../../../usr/local/lib/android/sdk/platforms/android-35-ext14/data/res/values-es-rPA: Cannot change mode to rwxr-xr-x: Operation not permitted
build	Cache Android SDK	2026-06-06T12:22:43.8252632Z /usr/bin/tar: ../../../../../usr/local/lib/android/sdk/platforms/android-35-ext14/data/res/values-mcc001-mnc01-mk: Cannot utime: Operation not permitted
build	Cache Android SDK	2026-06-06T12:22:43.8254297Z /usr/bin/tar: ../../../../../usr/local/lib/android/sdk/platforms/android-35-ext14/data/res/values-mcc001-mnc01-mk: Cannot change mode to rwxr-xr-x: Operation not permitted
build	Cache Android SDK	2026-06-06T12:22:43.8256536Z /usr/bin/tar: ../../../../../usr/local/lib/android/sdk/platforms/android-35-ext14/data/res/values-mk-watch: Cannot utime: Operation not permitted
build	Cache Android SDK	2026-06-06T12:22:43.8257994Z /usr/bin/tar: ../../../../../usr/local/lib/android/sdk/platforms/android-35-ext14/data/res/values-mk-watch: Cannot change mode to rwxr-xr-x: Operation not permitted
build	Cache Android SDK	2026-06-06T12:22:43.8261443Z /usr/bin/tar: ../../../../../usr/local/lib/android/sdk/platforms/android-35-ext14/data/res/values-mcc310-mnc150-am: Cannot utime: Operation not permitted
build	Cache Android SDK	2026-06-06T12:22:43.8263301Z /usr/bin/tar: ../../../../../usr/local/lib/android/sdk/platforms/android-35-ext14/data/res/values-mcc310-mnc150-am: Cannot change mode to rwxr-xr-x: Operation not permitted
build	Cache Android SDK	2026-06-06T12:22:43.8264916Z /usr/bin/tar: ../../../../../usr/local/lib/android/sdk/platforms/android-35-ext14/data/res/values-mcc310-mnc250-hr: Cannot utime: Operation not permitted
build	Cache Android SDK	2026-06-06T12:22:43.8266586Z /usr/bin/tar: ../../../../../usr/local/lib/android/sdk/platforms/android-35-ext14/data/res/values-mcc310-mnc250-hr: Cannot change mode to rwxr-xr-x: Operation not permitted
build	Cache Android SDK	2026-06-06T12:22:43.8268499Z /usr/bin/tar: ../../../../../usr/local/lib/android/sdk/platforms/android-35-ext14/data/res/values-mcc334-mnc020-fr: Cannot utime: Operation not permitted
build	Cache Android SDK	2026-06-06T12:22:43.8270223Z /usr/bin/tar: ../../../../../usr/local/lib/android/sdk/platforms/android-35-ext14/data/res/values-mcc334-mnc020-fr: Cannot change mode to rwxr-xr-x: Operation not permitted
build	Cache Android SDK	2026-06-06T12:22:43.8273216Z /usr/bin/tar: ../../../../../usr/local/lib/android/sdk/platforms/android-35-ext14/data/res/values-mcc310-mnc220-uk: Cannot utime: Operation not permitted
build	Cache Android SDK	2026-06-06T12:22:43.8274617Z /usr/bin/tar: ../../../../../usr/local/lib/android/sdk/platforms/android-35-ext14/data/res/values-mcc310-mnc220-uk: Cannot change mode to rwxr-xr-x: Operation not permitted
build	Cache Android SDK	2026-06-06T12:22:43.8277696Z /usr/bin/tar: ../../../../../usr/local/lib/android/sdk/platforms/android-35-ext14/data/res/values-mcc313-mnc100-te: Cannot utime: Operation not permitted
build	Cache Android SDK	2026-06-06T12:22:43.8279327Z /usr/bin/tar: ../../../../../usr/local/lib/android/sdk/platforms/android-35-ext14/data/res/values-mcc313-mnc100-te: Cannot change mode to rwxr-xr-x: Operation not permitted
build	Cache Android SDK	2026-06-06T12:22:43.8281600Z /usr/bin/tar: ../../../../../usr/local/lib/android/sdk/platforms/android-35-ext14/data/res/values-si-watch: Cannot utime: Operation not permitted
build	Cache Android SDK	2026-06-06T12:22:43.8282989Z /usr/bin/tar: ../../../../../usr/local/lib/android/sdk/platforms/android-35-ext14/data/res/values-si-watch: Cannot change mode to rwxr-xr-x: Operation not permitted
build	Cache Android SDK	2026-06-06T12:22:43.8285860Z /usr/bin/tar: ../../../../../usr/local/lib/android/sdk/platforms/android-35-ext14/data/res/values-mcc310-mnc270-lo: Cannot utime: Operation not permitted
build	Cache Android SDK	2026-06-06T12:22:43.8287005Z /usr/bin/tar: ../../../../../usr/local/lib/android/sdk/platforms/android-35-ext14/data/res/values-mcc310-mnc270-lo: Cannot change mode to rwxr-xr-x: Operation not permitted
build	Cache Android SDK	2026-06-06T12:22:43.8289580Z /usr/bin/tar: ../../../../../usr/local/lib/android/sdk/platforms/android-35-ext14/data/res/values-mcc310-mnc170-km: Cannot utime: Operation not permitted
build	Cache Android SDK	2026-06-06T12:22:43.8290987Z /usr/bin/tar: ../../../../../usr/local/lib/android/sdk/platforms/android-35-ext14/data/res/values-mcc310-mnc170-km: Cannot change mode to rwxr-xr-x: Operation not permitted
build	Cache Android SDK	2026-06-06T12:22:43.8293626Z /usr/bin/tar: ../../../../../usr/local/lib/android/sdk/platforms/android-35-ext14/data/res/values-mcc310-mnc660-af: Cannot utime: Operation not permitted
build	Cache Android SDK	2026-06-06T12:22:43.8294857Z /usr/bin/tar: ../../../../../usr/local/lib/android/sdk/platforms/android-35-ext14/data/res/values-mcc310-mnc660-af: Cannot change mode to rwxr-xr-x: Operation not permitted
build	Cache Android SDK	2026-06-06T12:22:43.8297831Z /usr/bin/tar: ../../../../../usr/local/lib/android/sdk/platforms/android-35-ext14/data/res/values-mcc001-mnc01-it: Cannot utime: Operation not permitted
build	Cache Android SDK	2026-06-06T12:22:43.8299217Z /usr/bin/tar: ../../../../../usr/local/lib/android/sdk/platforms/android-35-ext14/data/res/values-mcc001-mnc01-it: Cannot change mode to rwxr-xr-x: Operation not permitted
build	Cache Android SDK	2026-06-06T12:22:43.8301315Z /usr/bin/tar: ../../../../../usr/local/lib/android/sdk/platforms/android-35-ext14/data/res/values-mcc310-mnc280-th: Cannot utime: Operation not permitted
build	Cache Android SDK	2026-06-06T12:22:43.8302680Z /usr/bin/tar: ../../../../../usr/local/lib/android/sdk/platforms/android-35-ext14/data/res/values-mcc310-mnc280-th: Cannot change mode to rwxr-xr-x: Operation not permitted
build	Cache Android SDK	2026-06-06T12:22:43.8307095Z /usr/bin/tar: ../../../../../usr/local/lib/android/sdk/platforms/android-35-ext14/data/res/values-mcc310-mnc380-mk: Cannot utime: Operation not permitted
build	Cache Android SDK	2026-06-06T12:22:43.8308699Z /usr/bin/tar: ../../../../../usr/local/lib/android/sdk/platforms/android-35-ext14/data/res/values-mcc310-mnc380-mk: Cannot change mode to rwxr-xr-x: Operation not permitted
build	Cache Android SDK	2026-06-06T12:22:43.8310176Z /usr/bin/tar: ../../../../../usr/local/lib/android/sdk/platforms/android-35-ext14/data/res/values-mcc310-mnc250-is: Cannot utime: Operation not permitted
build	Cache Android SDK	2026-06-06T12:22:43.8311157Z /usr/bin/tar: ../../../../../usr/local/lib/android/sdk/platforms/android-35-ext14/data/res/values-mcc310-mnc250-is: Cannot change mode to rwxr-xr-x: Operation not permitted
build	Cache Android SDK	2026-06-06T12:22:43.8315292Z /usr/bin/tar: ../../../../../usr/local/lib/android/sdk/platforms/android-35-ext14/data/res/values-th-rTH: Cannot utime: Operation not permitted
build	Cache Android SDK	2026-06-06T12:22:43.8316243Z /usr/bin/tar: ../../../../../usr/local/lib/android/sdk/platforms/android-35-ext14/data/res/values-th-rTH: Cannot change mode to rwxr-xr-x: Operation not permitted
build	Cache Android SDK	2026-06-06T12:22:43.8319344Z /usr/bin/tar: ../../../../../usr/local/lib/android/sdk/platforms/android-35-ext14/data/res/values-mcc310-mnc560-ml: Cannot utime: Operation not permitted
build	Cache Android SDK	2026-06-06T12:22:43.8320613Z /usr/bin/tar: ../../../../../usr/local/lib/android/sdk/platforms/android-35-ext14/data/res/values-mcc310-mnc560-ml: Cannot change mode to rwxr-xr-x: Operation not permitted
build	Cache Android SDK	2026-06-06T12:22:43.8322263Z /usr/bin/tar: ../../../../../usr/local/lib/android/sdk/platforms/android-35-ext14/data/res/values-mcc310-mnc210-th: Cannot utime: Operation not permitted
build	Cache Android SDK	2026-06-06T12:22:43.8324140Z /usr/bin/tar: ../../../../../usr/local/lib/android/sdk/platforms/android-35-ext14/data/res/values-mcc310-mnc210-th: Cannot change mode to rwxr-xr-x: Operation not permitted
build	Cache Android SDK	2026-06-06T12:22:43.8326275Z /usr/bin/tar: ../../../../../usr/local/lib/android/sdk/platforms/android-35-ext14/data/res/values-mcc310-mnc380-sr: Cannot utime: Operation not permitted
build	Cache Android SDK	2026-06-06T12:22:43.8328038Z /usr/bin/tar: ../../../../../usr/local/lib/android/sdk/platforms/android-35-ext14/data/res/values-mcc310-mnc380-sr: Cannot change mode to rwxr-xr-x: Operation not permitted
build	Cache Android SDK	2026-06-06T12:22:43.8329784Z /usr/bin/tar: ../../../../../usr/local/lib/android/sdk/platforms/android-35-ext14/data/res/values-mcc310-mnc410-et: Cannot utime: Operation not permitted
build	Cache Android SDK	2026-06-06T12:22:43.8331425Z /usr/bin/tar: ../../../../../usr/local/lib/android/sdk/platforms/android-35-ext14/data/res/values-mcc310-mnc410-et: Cannot change mode to rwxr-xr-x: Operation not permitted
build	Cache Android SDK	2026-06-06T12:22:43.8333093Z /usr/bin/tar: ../../../../../usr/local/lib/android/sdk/platforms/android-35-ext14/data/res/values-mcc310-mnc380-uz: Cannot utime: Operation not permitted
build	Cache Android SDK	2026-06-06T12:22:43.8334660Z /usr/bin/tar: ../../../../../usr/local/lib/android/sdk/platforms/android-35-ext14/data/res/values-mcc310-mnc380-uz: Cannot change mode to rwxr-xr-x: Operation not permitted
build	Cache Android SDK	2026-06-06T12:22:43.8336336Z /usr/bin/tar: ../../../../../usr/local/lib/android/sdk/platforms/android-35-ext14/data/res/values-mcc311-mnc180-gu: Cannot utime: Operation not permitted
build	Cache Android SDK	2026-06-06T12:22:43.8338084Z /usr/bin/tar: ../../../../../usr/local/lib/android/sdk/platforms/android-35-ext14/data/res/values-mcc311-mnc180-gu: Cannot change mode to rwxr-xr-x: Operation not permitted
build	Cache Android SDK	2026-06-06T12:22:43.8339734Z /usr/bin/tar: ../../../../../usr/local/lib/android/sdk/platforms/android-35-ext14/data/res/values-mcc311-mnc180-is: Cannot utime: Operation not permitted
build	Cache Android SDK	2026-06-06T12:22:43.8341084Z /usr/bin/tar: ../../../../../usr/local/lib/android/sdk/platforms/android-35-ext14/data/res/values-mcc311-mnc180-is: Cannot change mode to rwxr-xr-x: Operation not permitted
build	Cache Android SDK	2026-06-06T12:22:43.8343444Z /usr/bin/tar: ../../../../../usr/local/lib/android/sdk/platforms/android-35-ext14/data/res/values-mcc312-mnc670-ml: Cannot utime: Operation not permitted
build	Cache Android SDK	2026-06-06T12:22:43.8344601Z /usr/bin/tar: ../../../../../usr/local/lib/android/sdk/platforms/android-35-ext14/data/res/values-mcc312-mnc670-ml: Cannot change mode to rwxr-xr-x: Operation not permitted
build	Cache Android SDK	2026-06-06T12:22:43.8347122Z /usr/bin/tar: ../../../../../usr/local/lib/android/sdk/platforms/android-35-ext14/data/res/values-mcc310-mnc170-sr: Cannot utime: Operation not permitted
build	Cache Android SDK	2026-06-06T12:22:43.8348805Z /usr/bin/tar: ../../../../../usr/local/lib/android/sdk/platforms/android-35-ext14/data/res/values-mcc310-mnc170-sr: Cannot change mode to rwxr-xr-x: Operation not permitted
build	Cache Android SDK	2026-06-06T12:22:43.8350810Z /usr/bin/tar: ../../../../../usr/local/lib/android/sdk/platforms/android-35-ext14/data/res/values-mcc311: Cannot utime: Operation not permitted
build	Cache Android SDK	2026-06-06T12:22:43.8351938Z /usr/bin/tar: ../../../../../usr/local/lib/android/sdk/platforms/android-35-ext14/data/res/values-mcc311: Cannot change mode to rwxr-xr-x: Operation not permitted
build	Cache Android SDK	2026-06-06T12:22:43.8354958Z /usr/bin/tar: ../../../../../usr/local/lib/android/sdk/platforms/android-35-ext14/data/res/values-es-watch: Cannot utime: Operation not permitted
build	Cache Android SDK	2026-06-06T12:22:43.8356095Z /usr/bin/tar: ../../../../../usr/local/lib/android/sdk/platforms/android-35-ext14/data/res/values-es-watch: Cannot change mode to rwxr-xr-x: Operation not permitted
build	Cache Android SDK	2026-06-06T12:22:43.8497142Z /usr/bin/tar: ../../../../../usr/local/lib/android/sdk/platforms/android-35-ext14/data/res/layout: Cannot utime: Operation not permitted
build	Cache Android SDK	2026-06-06T12:22:43.8498295Z /usr/bin/tar: ../../../../../usr/local/lib/android/sdk/platforms/android-35-ext14/data/res/layout: Cannot change mode to rwxr-xr-x: Operation not permitted
build	Cache Android SDK	2026-06-06T12:22:43.8500557Z /usr/bin/tar: ../../../../../usr/local/lib/android/sdk/platforms/android-35-ext14/data/res/values-mcc311-mnc180-zh-rCN: Cannot utime: Operation not permitted
build	Cache Android SDK	2026-06-06T12:22:43.8502441Z /usr/bin/tar: ../../../../../usr/local/lib/android/sdk/platforms/android-35-ext14/data/res/values-mcc311-mnc180-zh-rCN: Cannot change mode to rwxr-xr-x: Operation not permitted
build	Cache Android SDK	2026-06-06T12:22:43.8504296Z /usr/bin/tar: ../../../../../usr/local/lib/android/sdk/platforms/android-35-ext14/data/res/values-mcc310-mnc150-hi: Cannot utime: Operation not permitted
build	Cache Android SDK	2026-06-06T12:22:43.8506068Z /usr/bin/tar: ../../../../../usr/local/lib/android/sdk/platforms/android-35-ext14/data/res/values-mcc310-mnc150-hi: Cannot change mode to rwxr-xr-x: Operation not permitted
build	Cache Android SDK	2026-06-06T12:22:43.8508282Z /usr/bin/tar: ../../../../../usr/local/lib/android/sdk/platforms/android-35-ext14/data/res/values-mcc310-mnc490-it: Cannot utime: Operation not permitted
build	Cache Android SDK	2026-06-06T12:22:43.8509532Z /usr/bin/tar: ../../../../../usr/local/lib/android/sdk/platforms/android-35-ext14/data/res/values-mcc310-mnc490-it: Cannot change mode to rwxr-xr-x: Operation not permitted
build	Cache Android SDK	2026-06-06T12:22:43.8512470Z /usr/bin/tar: ../../../../../usr/local/lib/android/sdk/platforms/android-35-ext14/data/res/values-mcc334-mnc020-ru: Cannot utime: Operation not permitted
build	Cache Android SDK	2026-06-06T12:22:43.8513608Z /usr/bin/tar: ../../../../../usr/local/lib/android/sdk/platforms/android-35-ext14/data/res/values-mcc334-mnc020-ru: Cannot change mode to rwxr-xr-x: Operation not permitted
build	Cache Android SDK	2026-06-06T12:22:43.8517544Z /usr/bin/tar: ../../../../../usr/local/lib/android/sdk/platforms/android-35-ext14/data/res/values-mcc310-mnc280-ta: Cannot utime: Operation not permitted
build	Cache Android SDK	2026-06-06T12:22:43.8519165Z /usr/bin/tar: ../../../../../usr/local/lib/android/sdk/platforms/android-35-ext14/data/res/values-mcc310-mnc280-ta: Cannot change mode to rwxr-xr-x: Operation not permitted
build	Cache Android SDK	2026-06-06T12:22:43.8521276Z /usr/bin/tar: ../../../../../usr/local/lib/android/sdk/platforms/android-35-ext14/data/res/values-ne-watch: Cannot utime: Operation not permitted
build	Cache Android SDK	2026-06-06T12:22:43.8522454Z /usr/bin/tar: ../../../../../usr/local/lib/android/sdk/platforms/android-35-ext14/data/res/values-ne-watch: Cannot change mode to rwxr-xr-x: Operation not permitted
build	Cache Android SDK	2026-06-06T12:22:43.8525253Z /usr/bin/tar: ../../../../../usr/local/lib/android/sdk/platforms/android-35-ext14/data/res/values-mcc310-mnc200-ml: Cannot utime: Operation not permitted
build	Cache Android SDK	2026-06-06T12:22:43.8526890Z /usr/bin/tar: ../../../../../usr/local/lib/android/sdk/platforms/android-35-ext14/data/res/values-mcc310-mnc200-ml: Cannot change mode to rwxr-xr-x: Operation not permitted
build	Cache Android SDK	2026-06-06T12:22:43.8528662Z /usr/bin/tar: ../../../../../usr/local/lib/android/sdk/platforms/android-35-ext14/data/res/values-mcc310-mnc280-nb: Cannot utime: Operation not permitted
build	Cache Android SDK	2026-06-06T12:22:43.8530228Z /usr/bin/tar: ../../../../../usr/local/lib/android/sdk/platforms/android-35-ext14/data/res/values-mcc310-mnc280-nb: Cannot change mode to rwxr-xr-x: Operation not permitted
build	Cache Android SDK	2026-06-06T12:22:43.8531934Z /usr/bin/tar: ../../../../../usr/local/lib/android/sdk/platforms/android-35-ext14/data/res/values-mcc302-mnc370-pt-rPT: Cannot utime: Operation not permitted
build	Cache Android SDK	2026-06-06T12:22:43.8533087Z /usr/bin/tar: ../../../../../usr/local/lib/android/sdk/platforms/android-35-ext14/data/res/values-mcc302-mnc370-pt-rPT: Cannot change mode to rwxr-xr-x: Operation not permitted
build	Cache Android SDK	2026-06-06T12:22:43.8571489Z /usr/bin/tar: ../../../../../usr/local/lib/android/sdk/platforms/android-35-ext14/data/res/drawable-sw600dp-nodpi: Cannot utime: Operation not permitted
build	Cache Android SDK	2026-06-06T12:22:43.8573092Z /usr/bin/tar: ../../../../../usr/local/lib/android/sdk/platforms/android-35-ext14/data/res/drawable-sw600dp-nodpi: Cannot change mode to rwxr-xr-x: Operation not permitted
build	Cache Android SDK	2026-06-06T12:22:43.8575105Z /usr/bin/tar: ../../../../../usr/local/lib/android/sdk/platforms/android-35-ext14/data/res/values-mcc310-mnc490-mr: Cannot utime: Operation not permitted
build	Cache Android SDK	2026-06-06T12:22:43.8576700Z /usr/bin/tar: ../../../../../usr/local/lib/android/sdk/platforms/android-35-ext14/data/res/values-mcc310-mnc490-mr: Cannot change mode to rwxr-xr-x: Operation not permitted
build	Cache Android SDK	2026-06-06T12:22:43.8578851Z /usr/bin/tar: ../../../../../usr/local/lib/android/sdk/platforms/android-35-ext14/data/res/values-mcc310-mnc200-ms: Cannot utime: Operation not permitted
build	Cache Android SDK	2026-06-06T12:22:43.8580520Z /usr/bin/tar: ../../../../../usr/local/lib/android/sdk/platforms/android-35-ext14/data/res/values-mcc310-mnc200-ms: Cannot change mode to rwxr-xr-x: Operation not permitted
build	Cache Android SDK	2026-06-06T12:22:43.8582407Z /usr/bin/tar: ../../../../../usr/local/lib/android/sdk/platforms/android-35-ext14/data/res/values-mcc313-mnc100-fa: Cannot utime: Operation not permitted
build	Cache Android SDK	2026-06-06T12:22:43.8583911Z /usr/bin/tar: ../../../../../usr/local/lib/android/sdk/platforms/android-35-ext14/data/res/values-mcc313-mnc100-fa: Cannot change mode to rwxr-xr-x: Operation not permitted
build	Cache Android SDK	2026-06-06T12:22:43.8586120Z /usr/bin/tar: ../../../../../usr/local/lib/android/sdk/platforms/android-35-ext14/data/res/values-mcc310-mnc490-bs: Cannot utime: Operation not permitted
build	Cache Android SDK	2026-06-06T12:22:43.8587316Z /usr/bin/tar: ../../../../../usr/local/lib/android/sdk/platforms/android-35-ext14/data/res/values-mcc310-mnc490-bs: Cannot change mode to rwxr-xr-x: Operation not permitted
build	Cache Android SDK	2026-06-06T12:22:43.8590098Z /usr/bin/tar: ../../../../../usr/local/lib/android/sdk/platforms/android-35-ext14/data/res/values-sw900dp: Cannot utime: Operation not permitted
build	Cache Android SDK	2026-06-06T12:22:43.8591370Z /usr/bin/tar: ../../../../../usr/local/lib/android/sdk/platforms/android-35-ext14/data/res/values-sw900dp: Cannot change mode to rwxr-xr-x: Operation not permitted
build	Cache Android SDK	2026-06-06T12:22:43.8594406Z /usr/bin/tar: ../../../../../usr/local/lib/android/sdk/platforms/android-35-ext14/data/res/values-mcc302-mnc720-mn: Cannot utime: Operation not permitted
build	Cache Android SDK	2026-06-06T12:22:43.8595482Z /usr/bin/tar: ../../../../../usr/local/lib/android/sdk/platforms/android-35-ext14/data/res/values-mcc302-mnc720-mn: Cannot change mode to rwxr-xr-x: Operation not permitted
build	Cache Android SDK	2026-06-06T12:22:43.8598224Z /usr/bin/tar: ../../../../../usr/local/lib/android/sdk/platforms/android-35-ext14/data/res/values-mcc302-mnc720-or: Cannot utime: Operation not permitted
build	Cache Android SDK	2026-06-06T12:22:43.8599840Z /usr/bin/tar: ../../../../../usr/local/lib/android/sdk/platforms/android-35-ext14/data/res/values-mcc302-mnc720-or: Cannot change mode to rwxr-xr-x: Operation not permitted
build	Cache Android SDK	2026-06-06T12:22:43.8601604Z /usr/bin/tar: ../../../../../usr/local/lib/android/sdk/platforms/android-35-ext14/data/res/values-mcc310-mnc220-es: Cannot utime: Operation not permitted
build	Cache Android SDK	2026-06-06T12:22:43.8602934Z /usr/bin/tar: ../../../../../usr/local/lib/android/sdk/platforms/android-35-ext14/data/res/values-mcc310-mnc220-es: Cannot change mode to rwxr-xr-x: Operation not permitted
build	Cache Android SDK	2026-06-06T12:22:43.8604716Z /usr/bin/tar: ../../../../../usr/local/lib/android/sdk/platforms/android-35-ext14/data/res/values-mcc310-mnc410-da: Cannot utime: Operation not permitted
build	Cache Android SDK	2026-06-06T12:22:43.8605973Z /usr/bin/tar: ../../../../../usr/local/lib/android/sdk/platforms/android-35-ext14/data/res/values-mcc310-mnc410-da: Cannot change mode to rwxr-xr-x: Operation not permitted
build	Cache Android SDK	2026-06-06T12:22:43.8609256Z /usr/bin/tar: ../../../../../usr/local/lib/android/sdk/platforms/android-35-ext14/data/res/values-mcc310-mnc030-iw: Cannot utime: Operation not permitted
build	Cache Android SDK	2026-06-06T12:22:43.8611269Z /usr/bin/tar: ../../../../../usr/local/lib/android/sdk/platforms/android-35-ext14/data/res/values-mcc310-mnc030-iw: Cannot change mode to rwxr-xr-x: Operation not permitted
build	Cache Android SDK	2026-06-06T12:22:43.8612715Z /usr/bin/tar: ../../../../../usr/local/lib/android/sdk/platforms/android-35-ext14/data/res/values-mcc312-mnc670-as: Cannot utime: Operation not permitted
build	Cache Android SDK	2026-06-06T12:22:43.8614163Z /usr/bin/tar: ../../../../../usr/local/lib/android/sdk/platforms/android-35-ext14/data/res/values-mcc312-mnc670-as: Cannot change mode to rwxr-xr-x: Operation not permitted
build	Cache Android SDK	2026-06-06T12:22:43.8616479Z /usr/bin/tar: ../../../../../usr/local/lib/android/sdk/platforms/android-35-ext14/data/res/values-mcc310-mnc150-ms: Cannot utime: Operation not permitted
build	Cache Android SDK	2026-06-06T12:22:43.8619400Z /usr/bin/tar: ../../../../../usr/local/lib/android/sdk/platforms/android-35-ext14/data/res/values-mcc310-mnc150-ms: Cannot change mode to rwxr-xr-x: Operation not permitted
build	Cache Android SDK	2026-06-06T12:22:43.8621134Z /usr/bin/tar: ../../../../../usr/local/lib/android/sdk/platforms/android-35-ext14/data/res/values-mcc214-mnc01: Cannot utime: Operation not permitted
build	Cache Android SDK	2026-06-06T12:22:43.8623223Z /usr/bin/tar: ../../../../../usr/local/lib/android/sdk/platforms/android-35-ext14/data/res/values-mcc214-mnc01: Cannot change mode to rwxr-xr-x: Operation not permitted
build	Cache Android SDK	2026-06-06T12:22:43.8625066Z /usr/bin/tar: ../../../../../usr/local/lib/android/sdk/platforms/android-35-ext14/data/res/values-ro-watch: Cannot utime: Operation not permitted
build	Cache Android SDK	2026-06-06T12:22:43.8627073Z /usr/bin/tar: ../../../../../usr/local/lib/android/sdk/platforms/android-35-ext14/data/res/values-ro-watch: Cannot change mode to rwxr-xr-x: Operation not permitted
build	Cache Android SDK	2026-06-06T12:22:43.8629052Z /usr/bin/tar: ../../../../../usr/local/lib/android/sdk/platforms/android-35-ext14/data/res/values-mcc334-mnc020-bg: Cannot utime: Operation not permitted
build	Cache Android SDK	2026-06-06T12:22:43.8630694Z /usr/bin/tar: ../../../../../usr/local/lib/android/sdk/platforms/android-35-ext14/data/res/values-mcc334-mnc020-bg: Cannot change mode to rwxr-xr-x: Operation not permitted
build	Cache Android SDK	2026-06-06T12:22:43.8632502Z /usr/bin/tar: ../../../../../usr/local/lib/android/sdk/platforms/android-35-ext14/data/res/values-mcc001-mnc01-pt: Cannot utime: Operation not permitted
build	Cache Android SDK	2026-06-06T12:22:43.8634349Z /usr/bin/tar: ../../../../../usr/local/lib/android/sdk/platforms/android-35-ext14/data/res/values-mcc001-mnc01-pt: Cannot change mode to rwxr-xr-x: Operation not permitted
build	Cache Android SDK	2026-06-06T12:22:43.8636142Z /usr/bin/tar: ../../../../../usr/local/lib/android/sdk/platforms/android-35-ext14/data/res/values-mcc310-mnc280-pt-rBR: Cannot utime: Operation not permitted
build	Cache Android SDK	2026-06-06T12:22:43.8638140Z /usr/bin/tar: ../../../../../usr/local/lib/android/sdk/platforms/android-35-ext14/data/res/values-mcc310-mnc280-pt-rBR: Cannot change mode to rwxr-xr-x: Operation not permitted
build	Cache Android SDK	2026-06-06T12:22:43.8639612Z /usr/bin/tar: ../../../../../usr/local/lib/android/sdk/platforms/android-35-ext14/data/res/values-mcc310-mnc170-uk: Cannot utime: Operation not permitted
build	Cache Android SDK	2026-06-06T12:22:43.8641367Z /usr/bin/tar: ../../../../../usr/local/lib/android/sdk/platforms/android-35-ext14/data/res/values-mcc310-mnc170-uk: Cannot change mode to rwxr-xr-x: Operation not permitted
build	Cache Android SDK	2026-06-06T12:22:43.8642936Z /usr/bin/tar: ../../../../../usr/local/lib/android/sdk/platforms/android-35-ext14/data/res/values-mcc302-mnc370-lv: Cannot utime: Operation not permitted
build	Cache Android SDK	2026-06-06T12:22:43.8644691Z /usr/bin/tar: ../../../../../usr/local/lib/android/sdk/platforms/android-35-ext14/data/res/values-mcc302-mnc370-lv: Cannot change mode to rwxr-xr-x: Operation not permitted
build	Cache Android SDK	2026-06-06T12:22:43.8646598Z /usr/bin/tar: ../../../../../usr/local/lib/android/sdk/platforms/android-35-ext14/data/res/values-mcc310-mnc160-vi: Cannot utime: Operation not permitted
build	Cache Android SDK	2026-06-06T12:22:43.8648450Z /usr/bin/tar: ../../../../../usr/local/lib/android/sdk/platforms/android-35-ext14/data/res/values-mcc310-mnc160-vi: Cannot change mode to rwxr-xr-x: Operation not permitted
build	Cache Android SDK	2026-06-06T12:22:43.8653824Z /usr/bin/tar: ../../../../../usr/local/lib/android/sdk/platforms/android-35-ext14/data/res/values-kk: Cannot utime: Operation not permitted
build	Cache Android SDK	2026-06-06T12:22:43.8656181Z /usr/bin/tar: ../../../../../usr/local/lib/android/sdk/platforms/android-35-ext14/data/res/values-kk: Cannot change mode to rwxr-xr-x: Operation not permitted
build	Cache Android SDK	2026-06-06T12:22:43.8658615Z /usr/bin/tar: ../../../../../usr/local/lib/android/sdk/platforms/android-35-ext14/data/res/values-mcc310-mnc560-sl: Cannot utime: Operation not permitted
build	Cache Android SDK	2026-06-06T12:22:43.8659824Z /usr/bin/tar: ../../../../../usr/local/lib/android/sdk/platforms/android-35-ext14/data/res/values-mcc310-mnc560-sl: Cannot change mode to rwxr-xr-x: Operation not permitted
build	Cache Android SDK	2026-06-06T12:22:43.8662303Z /usr/bin/tar: ../../../../../usr/local/lib/android/sdk/platforms/android-35-ext14/data/res/values-zh-rTW-watch: Cannot utime: Operation not permitted
build	Cache Android SDK	2026-06-06T12:22:43.8664291Z /usr/bin/tar: ../../../../../usr/local/lib/android/sdk/platforms/android-35-ext14/data/res/values-zh-rTW-watch: Cannot change mode to rwxr-xr-x: Operation not permitted
build	Cache Android SDK	2026-06-06T12:22:43.8668708Z /usr/bin/tar: ../../../../../usr/local/lib/android/sdk/platforms/android-35-ext14/data/res/values-mcc001-mnc01-ta: Cannot utime: Operation not permitted
build	Cache Android SDK	2026-06-06T12:22:43.8669807Z /usr/bin/tar: ../../../../../usr/local/lib/android/sdk/platforms/android-35-ext14/data/res/values-mcc001-mnc01-ta: Cannot change mode to rwxr-xr-x: Operation not permitted
build	Cache Android SDK	2026-06-06T12:22:43.8674359Z /usr/bin/tar: ../../../../../usr/local/lib/android/sdk/platforms/android-35-ext14/data/res/values-large: Cannot utime: Operation not permitted
build	Cache Android SDK	2026-06-06T12:22:43.8675713Z /usr/bin/tar: ../../../../../usr/local/lib/android/sdk/platforms/android-35-ext14/data/res/values-large: Cannot change mode to rwxr-xr-x: Operation not permitted
build	Cache Android SDK	2026-06-06T12:22:43.8680329Z /usr/bin/tar: ../../../../../usr/local/lib/android/sdk/platforms/android-35-ext14/data/res/values-es-television: Cannot utime: Operation not permitted
build	Cache Android SDK	2026-06-06T12:22:43.8681570Z /usr/bin/tar: ../../../../../usr/local/lib/android/sdk/platforms/android-35-ext14/data/res/values-es-television: Cannot change mode to rwxr-xr-x: Operation not permitted
build	Cache Android SDK	2026-06-06T12:22:43.8684504Z /usr/bin/tar: ../../../../../usr/local/lib/android/sdk/platforms/android-35-ext14/data/res/values-mcc310-mnc200-hy: Cannot utime: Operation not permitted
build	Cache Android SDK	2026-06-06T12:22:43.8685560Z /usr/bin/tar: ../../../../../usr/local/lib/android/sdk/platforms/android-35-ext14/data/res/values-mcc310-mnc200-hy: Cannot change mode to rwxr-xr-x: Operation not permitted
build	Cache Android SDK	2026-06-06T12:22:43.8688211Z /usr/bin/tar: ../../../../../usr/local/lib/android/sdk/platforms/android-35-ext14/data/res/values-mcc310-mnc800-sq: Cannot utime: Operation not permitted
build	Cache Android SDK	2026-06-06T12:22:43.8689226Z /usr/bin/tar: ../../../../../usr/local/lib/android/sdk/platforms/android-35-ext14/data/res/values-mcc310-mnc800-sq: Cannot change mode to rwxr-xr-x: Operation not permitted
build	Cache Android SDK	2026-06-06T12:22:43.8691315Z /usr/bin/tar: ../../../../../usr/local/lib/android/sdk/platforms/android-35-ext14/data/res/values-mcc302-mnc720-ko: Cannot utime: Operation not permitted
build	Cache Android SDK	2026-06-06T12:22:43.8692303Z /usr/bin/tar: ../../../../../usr/local/lib/android/sdk/platforms/android-35-ext14/data/res/values-mcc302-mnc720-ko: Cannot change mode to rwxr-xr-x: Operation not permitted
build	Cache Android SDK	2026-06-06T12:22:43.8695264Z /usr/bin/tar: ../../../../../usr/local/lib/android/sdk/platforms/android-35-ext14/data/res/values-mcc310-mnc240-ca: Cannot utime: Operation not permitted
build	Cache Android SDK	2026-06-06T12:22:43.8696239Z /usr/bin/tar: ../../../../../usr/local/lib/android/sdk/platforms/android-35-ext14/data/res/values-mcc310-mnc240-ca: Cannot change mode to rwxr-xr-x: Operation not permitted
build	Cache Android SDK	2026-06-06T12:22:43.8699712Z /usr/bin/tar: ../../../../../usr/local/lib/android/sdk/platforms/android-35-ext14/data/res/values-mcc310-mnc170-fr-rCA: Cannot utime: Operation not permitted
build	Cache Android SDK	2026-06-06T12:22:43.8700754Z /usr/bin/tar: ../../../../../usr/local/lib/android/sdk/platforms/android-35-ext14/data/res/values-mcc310-mnc170-fr-rCA: Cannot change mode to rwxr-xr-x: Operation not permitted
build	Cache Android SDK	2026-06-06T12:22:43.8703426Z /usr/bin/tar: ../../../../../usr/local/lib/android/sdk/platforms/android-35-ext14/data/res/values-mcc310-mnc230-el: Cannot utime: Operation not permitted
build	Cache Android SDK	2026-06-06T12:22:43.8704397Z /usr/bin/tar: ../../../../../usr/local/lib/android/sdk/platforms/android-35-ext14/data/res/values-mcc310-mnc230-el: Cannot change mode to rwxr-xr-x: Operation not permitted
build	Cache Android SDK	2026-06-06T12:22:43.8706907Z /usr/bin/tar: ../../../../../usr/local/lib/android/sdk/platforms/android-35-ext14/data/res/values-mcc310-mnc210-tl: Cannot utime: Operation not permitted
build	Cache Android SDK	2026-06-06T12:22:43.8708063Z /usr/bin/tar: ../../../../../usr/local/lib/android/sdk/platforms/android-35-ext14/data/res/values-mcc310-mnc210-tl: Cannot change mode to rwxr-xr-x: Operation not permitted
build	Cache Android SDK	2026-06-06T12:22:43.8709898Z /usr/bin/tar: ../../../../../usr/local/lib/android/sdk/platforms/android-35-ext14/data/res/values-mcc302-mnc720-fr-rCA: Cannot utime: Operation not permitted
build	Cache Android SDK	2026-06-06T12:22:43.8710900Z /usr/bin/tar: ../../../../../usr/local/lib/android/sdk/platforms/android-35-ext14/data/res/values-mcc302-mnc720-fr-rCA: Cannot change mode to rwxr-xr-x: Operation not permitted
build	Cache Android SDK	2026-06-06T12:22:43.8713110Z /usr/bin/tar: ../../../../../usr/local/lib/android/sdk/platforms/android-35-ext14/data/res/values-mcc310-mnc030-as: Cannot utime: Operation not permitted
build	Cache Android SDK	2026-06-06T12:22:43.8714086Z /usr/bin/tar: ../../../../../usr/local/lib/android/sdk/platforms/android-35-ext14/data/res/values-mcc310-mnc030-as: Cannot change mode to rwxr-xr-x: Operation not permitted
build	Cache Android SDK	2026-06-06T12:22:43.8715864Z /usr/bin/tar: ../../../../../usr/local/lib/android/sdk/platforms/android-35-ext14/data/res/values-mcc001-mnc01-ru: Cannot utime: Operation not permitted
build	Cache Android SDK	2026-06-06T12:22:43.8716863Z /usr/bin/tar: ../../../../../usr/local/lib/android/sdk/platforms/android-35-ext14/data/res/values-mcc001-mnc01-ru: Cannot change mode to rwxr-xr-x: Operation not permitted
build	Cache Android SDK	2026-06-06T12:22:43.8719157Z /usr/bin/tar: ../../../../../usr/local/lib/android/sdk/platforms/android-35-ext14/data/res/values-be-television: Cannot utime: Operation not permitted
build	Cache Android SDK	2026-06-06T12:22:43.8720132Z /usr/bin/tar: ../../../../../usr/local/lib/android/sdk/platforms/android-35-ext14/data/res/values-be-television: Cannot change mode to rwxr-xr-x: Operation not permitted
build	Cache Android SDK	2026-06-06T12:22:43.8721586Z /usr/bin/tar: ../../../../../usr/local/lib/android/sdk/platforms/android-35-ext14/data/res/values-mcc334-mnc020-si: Cannot utime: Operation not permitted
build	Cache Android SDK	2026-06-06T12:22:43.8723369Z /usr/bin/tar: ../../../../../usr/local/lib/android/sdk/platforms/android-35-ext14/data/res/values-mcc334-mnc020-si: Cannot change mode to rwxr-xr-x: Operation not permitted
build	Cache Android SDK	2026-06-06T12:22:43.8724940Z /usr/bin/tar: ../../../../../usr/local/lib/android/sdk/platforms/android-35-ext14/data/res/values-mcc302-mnc370-am: Cannot utime: Operation not permitted
build	Cache Android SDK	2026-06-06T12:22:43.8725898Z /usr/bin/tar: ../../../../../usr/local/lib/android/sdk/platforms/android-35-ext14/data/res/values-mcc302-mnc370-am: Cannot change mode to rwxr-xr-x: Operation not permitted
build	Cache Android SDK	2026-06-06T12:22:43.8728453Z /usr/bin/tar: ../../../../../usr/local/lib/android/sdk/platforms/android-35-ext14/data/res/values-mcc310-mnc240-ro: Cannot utime: Operation not permitted
build	Cache Android SDK	2026-06-06T12:22:43.8729407Z /usr/bin/tar: ../../../../../usr/local/lib/android/sdk/platforms/android-35-ext14/data/res/values-mcc310-mnc240-ro: Cannot change mode to rwxr-xr-x: Operation not permitted
build	Cache Android SDK	2026-06-06T12:22:43.8731952Z /usr/bin/tar: ../../../../../usr/local/lib/android/sdk/platforms/android-35-ext14/data/res/values-mcc334-mnc020-ar: Cannot utime: Operation not permitted
build	Cache Android SDK	2026-06-06T12:22:43.8733139Z /usr/bin/tar: ../../../../../usr/local/lib/android/sdk/platforms/android-35-ext14/data/res/values-mcc334-mnc020-ar: Cannot change mode to rwxr-xr-x: Operation not permitted
build	Cache Android SDK	2026-06-06T12:22:43.8734722Z /usr/bin/tar: ../../../../../usr/local/lib/android/sdk/platforms/android-35-ext14/data/res/values-mcc310-mnc560-az: Cannot utime: Operation not permitted
build	Cache Android SDK	2026-06-06T12:22:43.8735714Z /usr/bin/tar: ../../../../../usr/local/lib/android/sdk/platforms/android-35-ext14/data/res/values-mcc310-mnc560-az: Cannot change mode to rwxr-xr-x: Operation not permitted
build	Cache Android SDK	2026-06-06T12:22:43.8738105Z /usr/bin/tar: ../../../../../usr/local/lib/android/sdk/platforms/android-35-ext14/data/res/values-mcc310-mnc210-ja: Cannot utime: Operation not permitted
build	Cache Android SDK	2026-06-06T12:22:43.8739065Z /usr/bin/tar: ../../../../../usr/local/lib/android/sdk/platforms/android-35-ext14/data/res/values-mcc310-mnc210-ja: Cannot change mode to rwxr-xr-x: Operation not permitted
build	Cache Android SDK	2026-06-06T12:22:43.8740725Z /usr/bin/tar: ../../../../../usr/local/lib/android/sdk/platforms/android-35-ext14/data/res/values-mcc310-mnc280-ja: Cannot utime: Operation not permitted
build	Cache Android SDK	2026-06-06T12:22:43.8741838Z /usr/bin/tar: ../../../../../usr/local/lib/android/sdk/platforms/android-35-ext14/data/res/values-mcc310-mnc280-ja: Cannot change mode to rwxr-xr-x: Operation not permitted
build	Cache Android SDK	2026-06-06T12:22:43.8743961Z /usr/bin/tar: ../../../../../usr/local/lib/android/sdk/platforms/android-35-ext14/data/res/values-pl-watch: Cannot utime: Operation not permitted
build	Cache Android SDK	2026-06-06T12:22:43.8745325Z /usr/bin/tar: ../../../../../usr/local/lib/android/sdk/platforms/android-35-ext14/data/res/values-pl-watch: Cannot change mode to rwxr-xr-x: Operation not permitted
build	Cache Android SDK	2026-06-06T12:22:43.8746985Z /usr/bin/tar: ../../../../../usr/local/lib/android/sdk/platforms/android-35-ext14/data/res/values-mcc302-mnc370-sl: Cannot utime: Operation not permitted
build	Cache Android SDK	2026-06-06T12:22:43.8748226Z /usr/bin/tar: ../../../../../usr/local/lib/android/sdk/platforms/android-35-ext14/data/res/values-mcc302-mnc370-sl: Cannot change mode to rwxr-xr-x: Operation not permitted
build	Cache Android SDK	2026-06-06T12:22:43.8750042Z /usr/bin/tar: ../../../../../usr/local/lib/android/sdk/platforms/android-35-ext14/data/res/values-mcc310-mnc950-ru: Cannot utime: Operation not permitted
build	Cache Android SDK	2026-06-06T12:22:43.8751000Z /usr/bin/tar: ../../../../../usr/local/lib/android/sdk/platforms/android-35-ext14/data/res/values-mcc310-mnc950-ru: Cannot change mode to rwxr-xr-x: Operation not permitted
build	Cache Android SDK	2026-06-06T12:22:43.8753310Z /usr/bin/tar: ../../../../../usr/local/lib/android/sdk/platforms/android-35-ext14/data/res/values-mcc310-mnc220-my: Cannot utime: Operation not permitted
build	Cache Android SDK	2026-06-06T12:22:43.8754267Z /usr/bin/tar: ../../../../../usr/local/lib/android/sdk/platforms/android-35-ext14/data/res/values-mcc310-mnc220-my: Cannot change mode to rwxr-xr-x: Operation not permitted
build	Cache Android SDK	2026-06-06T12:22:43.8756720Z /usr/bin/tar: ../../../../../usr/local/lib/android/sdk/platforms/android-35-ext14/data/res/values-mcc310-mnc240-bs: Cannot utime: Operation not permitted
build	Cache Android SDK	2026-06-06T12:22:43.8757843Z /usr/bin/tar: ../../../../../usr/local/lib/android/sdk/platforms/android-35-ext14/data/res/values-mcc310-mnc240-bs: Cannot change mode to rwxr-xr-x: Operation not permitted
build	Cache Android SDK	2026-06-06T12:22:43.8764845Z /usr/bin/tar: ../../../../../usr/local/lib/android/sdk/platforms/android-35-ext14/data/res/values-el: Cannot utime: Operation not permitted
build	Cache Android SDK	2026-06-06T12:22:43.8765757Z /usr/bin/tar: ../../../../../usr/local/lib/android/sdk/platforms/android-35-ext14/data/res/values-el: Cannot change mode to rwxr-xr-x: Operation not permitted
build	Cache Android SDK	2026-06-06T12:22:43.8767294Z /usr/bin/tar: ../../../../../usr/local/lib/android/sdk/platforms/android-35-ext14/data/res/values-mcc310-mnc800-kk: Cannot utime: Operation not permitted
build	Cache Android SDK	2026-06-06T12:22:43.8768439Z /usr/bin/tar: ../../../../../usr/local/lib/android/sdk/platforms/android-35-ext14/data/res/values-mcc310-mnc800-kk: Cannot change mode to rwxr-xr-x: Operation not permitted
build	Cache Android SDK	2026-06-06T12:22:43.8770224Z /usr/bin/tar: ../../../../../usr/local/lib/android/sdk/platforms/android-35-ext14/data/res/values-mcc310-mnc160-hu: Cannot utime: Operation not permitted
build	Cache Android SDK	2026-06-06T12:22:43.8771181Z /usr/bin/tar: ../../../../../usr/local/lib/android/sdk/platforms/android-35-ext14/data/res/values-mcc310-mnc160-hu: Cannot change mode to rwxr-xr-x: Operation not permitted
build	Cache Android SDK	2026-06-06T12:22:43.8773484Z /usr/bin/tar: ../../../../../usr/local/lib/android/sdk/platforms/android-35-ext14/data/res/values-mcc310-mnc170-lt: Cannot utime: Operation not permitted
build	Cache Android SDK	2026-06-06T12:22:43.8774461Z /usr/bin/tar: ../../../../../usr/local/lib/android/sdk/platforms/android-35-ext14/data/res/values-mcc310-mnc170-lt: Cannot change mode to rwxr-xr-x: Operation not permitted
build	Cache Android SDK	2026-06-06T12:22:43.8776757Z /usr/bin/tar: ../../../../../usr/local/lib/android/sdk/platforms/android-35-ext14/data/res/values-ca-rES: Cannot utime: Operation not permitted
build	Cache Android SDK	2026-06-06T12:22:43.8777828Z /usr/bin/tar: ../../../../../usr/local/lib/android/sdk/platforms/android-35-ext14/data/res/values-ca-rES: Cannot change mode to rwxr-xr-x: Operation not permitted
build	Cache Android SDK	2026-06-06T12:22:43.8785510Z /usr/bin/tar: ../../../../../usr/local/lib/android/sdk/platforms/android-35-ext14/data/res/drawable-car: Cannot utime: Operation not permitted
build	Cache Android SDK	2026-06-06T12:22:43.8786618Z /usr/bin/tar: ../../../../../usr/local/lib/android/sdk/platforms/android-35-ext14/data/res/drawable-car: Cannot change mode to rwxr-xr-x: Operation not permitted
build	Cache Android SDK	2026-06-06T12:22:43.8789120Z /usr/bin/tar: ../../../../../usr/local/lib/android/sdk/platforms/android-35-ext14/data/res/values-mcc310-mnc310-et: Cannot utime: Operation not permitted
build	Cache Android SDK	2026-06-06T12:22:43.8790085Z /usr/bin/tar: ../../../../../usr/local/lib/android/sdk/platforms/android-35-ext14/data/res/values-mcc310-mnc310-et: Cannot change mode to rwxr-xr-x: Operation not permitted
build	Cache Android SDK	2026-06-06T12:22:43.8792462Z /usr/bin/tar: ../../../../../usr/local/lib/android/sdk/platforms/android-35-ext14/data/res/values-mcc310-mnc560-mr: Cannot utime: Operation not permitted
build	Cache Android SDK	2026-06-06T12:22:43.8793569Z /usr/bin/tar: ../../../../../usr/local/lib/android/sdk/platforms/android-35-ext14/data/res/values-mcc310-mnc560-mr: Cannot change mode to rwxr-xr-x: Operation not permitted
build	Cache Android SDK	2026-06-06T12:22:43.8795922Z /usr/bin/tar: ../../../../../usr/local/lib/android/sdk/platforms/android-35-ext14/data/res/values-mcc310-mnc150-pt-rPT: Cannot utime: Operation not permitted
build	Cache Android SDK	2026-06-06T12:22:43.8797905Z /usr/bin/tar: ../../../../../usr/local/lib/android/sdk/platforms/android-35-ext14/data/res/values-mcc310-mnc150-pt-rPT: Cannot change mode to rwxr-xr-x: Operation not permitted
build	Cache Android SDK	2026-06-06T12:22:43.8799779Z /usr/bin/tar: ../../../../../usr/local/lib/android/sdk/platforms/android-35-ext14/data/res/values-mcc310-mnc800-mn: Cannot utime: Operation not permitted
build	Cache Android SDK	2026-06-06T12:22:43.8800910Z /usr/bin/tar: ../../../../../usr/local/lib/android/sdk/platforms/android-35-ext14/data/res/values-mcc310-mnc800-mn: Cannot change mode to rwxr-xr-x: Operation not permitted
build	Cache Android SDK	2026-06-06T12:22:43.8803908Z /usr/bin/tar: ../../../../../usr/local/lib/android/sdk/platforms/android-35-ext14/data/res/values-km-watch: Cannot utime: Operation not permitted
build	Cache Android SDK	2026-06-06T12:22:43.8805036Z /usr/bin/tar: ../../../../../usr/local/lib/android/sdk/platforms/android-35-ext14/data/res/values-km-watch: Cannot change mode to rwxr-xr-x: Operation not permitted
build	Cache Android SDK	2026-06-06T12:22:43.8806760Z /usr/bin/tar: ../../../../../usr/local/lib/android/sdk/platforms/android-35-ext14/data/res/values-en-rGB-television: Cannot utime: Operation not permitted
build	Cache Android SDK	2026-06-06T12:22:43.8808008Z /usr/bin/tar: ../../../../../usr/local/lib/android/sdk/platforms/android-35-ext14/data/res/values-en-rGB-television: Cannot change mode to rwxr-xr-x: Operation not permitted
build	Cache Android SDK	2026-06-06T12:22:43.8809614Z /usr/bin/tar: ../../../../../usr/local/lib/android/sdk/platforms/android-35-ext14/data/res/values-mcc334-mnc020-mn: Cannot utime: Operation not permitted
build	Cache Android SDK	2026-06-06T12:22:43.8810609Z /usr/bin/tar: ../../../../../usr/local/lib/android/sdk/platforms/android-35-ext14/data/res/values-mcc334-mnc020-mn: Cannot change mode to rwxr-xr-x: Operation not permitted
build	Cache Android SDK	2026-06-06T12:22:43.8812951Z /usr/bin/tar: ../../../../../usr/local/lib/android/sdk/platforms/android-35-ext14/data/res/values-mcc001-mnc01-lv: Cannot utime: Operation not permitted
build	Cache Android SDK	2026-06-06T12:22:43.8814008Z /usr/bin/tar: ../../../../../usr/local/lib/android/sdk/platforms/android-35-ext14/data/res/values-mcc001-mnc01-lv: Cannot change mode to rwxr-xr-x: Operation not permitted
build	Cache Android SDK	2026-06-06T12:22:43.8815793Z /usr/bin/tar: ../../../../../usr/local/lib/android/sdk/platforms/android-35-ext14/data/res/values-mcc310-mnc170-hi: Cannot utime: Operation not permitted
build	Cache Android SDK	2026-06-06T12:22:43.8816765Z /usr/bin/tar: ../../../../../usr/local/lib/android/sdk/platforms/android-35-ext14/data/res/values-mcc310-mnc170-hi: Cannot change mode to rwxr-xr-x: Operation not permitted
build	Cache Android SDK	2026-06-06T12:22:43.8819452Z /usr/bin/tar: ../../../../../usr/local/lib/android/sdk/platforms/android-35-ext14/data/res/values-mcc310-mnc800-ro: Cannot utime: Operation not permitted
build	Cache Android SDK	2026-06-06T12:22:43.8820421Z /usr/bin/tar: ../../../../../usr/local/lib/android/sdk/platforms/android-35-ext14/data/res/values-mcc310-mnc800-ro: Cannot change mode to rwxr-xr-x: Operation not permitted
build	Cache Android SDK	2026-06-06T12:22:43.8822431Z /usr/bin/tar: ../../../../../usr/local/lib/android/sdk/platforms/android-35-ext14/data/res/values-mcc310-mnc270-km: Cannot utime: Operation not permitted
build	Cache Android SDK	2026-06-06T12:22:43.8823410Z /usr/bin/tar: ../../../../../usr/local/lib/android/sdk/platforms/android-35-ext14/data/res/values-mcc310-mnc270-km: Cannot change mode to rwxr-xr-x: Operation not permitted
build	Cache Android SDK	2026-06-06T12:22:43.8825599Z /usr/bin/tar: ../../../../../usr/local/lib/android/sdk/platforms/android-35-ext14/data/res/values-mcc310-mnc160-ml: Cannot utime: Operation not permitted
build	Cache Android SDK	2026-06-06T12:22:43.8826648Z /usr/bin/tar: ../../../../../usr/local/lib/android/sdk/platforms/android-35-ext14/data/res/values-mcc310-mnc160-ml: Cannot change mode to rwxr-xr-x: Operation not permitted
build	Cache Android SDK	2026-06-06T12:22:43.8828582Z /usr/bin/tar: ../../../../../usr/local/lib/android/sdk/platforms/android-35-ext14/data/res/values-mcc310-mnc270-es-rUS: Cannot utime: Operation not permitted
build	Cache Android SDK	2026-06-06T12:22:43.8829592Z /usr/bin/tar: ../../../../../usr/local/lib/android/sdk/platforms/android-35-ext14/data/res/values-mcc310-mnc270-es-rUS: Cannot change mode to rwxr-xr-x: Operation not permitted
build	Cache Android SDK	2026-06-06T12:22:43.8832094Z /usr/bin/tar: ../../../../../usr/local/lib/android/sdk/platforms/android-35-ext14/data/res/values-es-rEC: Cannot utime: Operation not permitted
build	Cache Android SDK	2026-06-06T12:22:43.8833040Z /usr/bin/tar: ../../../../../usr/local/lib/android/sdk/platforms/android-35-ext14/data/res/values-es-rEC: Cannot change mode to rwxr-xr-x: Operation not permitted
build	Cache Android SDK	2026-06-06T12:22:43.8835318Z /usr/bin/tar: ../../../../../usr/local/lib/android/sdk/platforms/android-35-ext14/data/res/values-mcc311-mnc180-zu: Cannot utime: Operation not permitted
build	Cache Android SDK	2026-06-06T12:22:43.8836293Z /usr/bin/tar: ../../../../../usr/local/lib/android/sdk/platforms/android-35-ext14/data/res/values-mcc311-mnc180-zu: Cannot change mode to rwxr-xr-x: Operation not permitted
build	Cache Android SDK	2026-06-06T12:22:43.8838976Z /usr/bin/tar: ../../../../../usr/local/lib/android/sdk/platforms/android-35-ext14/data/res/values-mcc310-mnc240-hi: Cannot utime: Operation not permitted
build	Cache Android SDK	2026-06-06T12:22:43.8840027Z /usr/bin/tar: ../../../../../usr/local/lib/android/sdk/platforms/android-35-ext14/data/res/values-mcc310-mnc240-hi: Cannot change mode to rwxr-xr-x: Operation not permitted
build	Cache Android SDK	2026-06-06T12:22:43.8841568Z /usr/bin/tar: ../../../../../usr/local/lib/android/sdk/platforms/android-35-ext14/data/res/values-mcc334-mnc020-kk: Cannot utime: Operation not permitted
build	Cache Android SDK	2026-06-06T12:22:43.8842540Z /usr/bin/tar: ../../../../../usr/local/lib/android/sdk/platforms/android-35-ext14/data/res/values-mcc334-mnc020-kk: Cannot change mode to rwxr-xr-x: Operation not permitted
build	Cache Android SDK	2026-06-06T12:22:43.8844522Z /usr/bin/tar: ../../../../../usr/local/lib/android/sdk/platforms/android-35-ext14/data/res/values-mcc310-mnc240-in: Cannot utime: Operation not permitted
build	Cache Android SDK	2026-06-06T12:22:43.8845489Z /usr/bin/tar: ../../../../../usr/local/lib/android/sdk/platforms/android-35-ext14/data/res/values-mcc310-mnc240-in: Cannot change mode to rwxr-xr-x: Operation not permitted
build	Cache Android SDK	2026-06-06T12:22:43.8851627Z /usr/bin/tar: ../../../../../usr/local/lib/android/sdk/platforms/android-35-ext14/data/res/values-et: Cannot utime: Operation not permitted
build	Cache Android SDK	2026-06-06T12:22:43.8852598Z /usr/bin/tar: ../../../../../usr/local/lib/android/sdk/platforms/android-35-ext14/data/res/values-et: Cannot change mode to rwxr-xr-x: Operation not permitted
build	Cache Android SDK	2026-06-06T12:22:43.8854744Z /usr/bin/tar: ../../../../../usr/local/lib/android/sdk/platforms/android-35-ext14/data/res/values-mcc310-mnc220-da: Cannot utime: Operation not permitted
build	Cache Android SDK	2026-06-06T12:22:43.8855694Z /usr/bin/tar: ../../../../../usr/local/lib/android/sdk/platforms/android-35-ext14/data/res/values-mcc310-mnc220-da: Cannot change mode to rwxr-xr-x: Operation not permitted
build	Cache Android SDK	2026-06-06T12:22:43.8858041Z /usr/bin/tar: ../../../../../usr/local/lib/android/sdk/platforms/android-35-ext14/data/res/values-mcc310-mnc280-en-rGB: Cannot utime: Operation not permitted
build	Cache Android SDK	2026-06-06T12:22:43.8859123Z /usr/bin/tar: ../../../../../usr/local/lib/android/sdk/platforms/android-35-ext14/data/res/values-mcc310-mnc280-en-rGB: Cannot change mode to rwxr-xr-x: Operation not permitted
build	Cache Android SDK	2026-06-06T12:22:43.8862508Z /usr/bin/tar: ../../../../../usr/local/lib/android/sdk/platforms/android-35-ext14/data/res/layout-land: Cannot utime: Operation not permitted
build	Cache Android SDK	2026-06-06T12:22:43.8863449Z /usr/bin/tar: ../../../../../usr/local/lib/android/sdk/platforms/android-35-ext14/data/res/layout-land: Cannot change mode to rwxr-xr-x: Operation not permitted
build	Cache Android SDK	2026-06-06T12:22:43.8865871Z /usr/bin/tar: ../../../../../usr/local/lib/android/sdk/platforms/android-35-ext14/data/res/values-mcc310-mnc380-km: Cannot utime: Operation not permitted
build	Cache Android SDK	2026-06-06T12:22:43.8866852Z /usr/bin/tar: ../../../../../usr/local/lib/android/sdk/platforms/android-35-ext14/data/res/values-mcc310-mnc380-km: Cannot change mode to rwxr-xr-x: Operation not permitted
build	Cache Android SDK	2026-06-06T12:22:43.8868906Z /usr/bin/tar: ../../../../../usr/local/lib/android/sdk/platforms/android-35-ext14/data/res/values-mcc310-mnc270-da: Cannot utime: Operation not permitted
build	Cache Android SDK	2026-06-06T12:22:43.8869853Z /usr/bin/tar: ../../../../../usr/local/lib/android/sdk/platforms/android-35-ext14/data/res/values-mcc310-mnc270-da: Cannot change mode to rwxr-xr-x: Operation not permitted
build	Cache Android SDK	2026-06-06T12:22:43.8872331Z /usr/bin/tar: ../../../../../usr/local/lib/android/sdk/platforms/android-35-ext14/data/res/values-mcc310-mnc660-my: Cannot utime: Operation not permitted
build	Cache Android SDK	2026-06-06T12:22:43.8873296Z /usr/bin/tar: ../../../../../usr/local/lib/android/sdk/platforms/android-35-ext14/data/res/values-mcc310-mnc660-my: Cannot change mode to rwxr-xr-x: Operation not permitted
build	Cache Android SDK	2026-06-06T12:22:43.8876005Z /usr/bin/tar: ../../../../../usr/local/lib/android/sdk/platforms/android-35-ext14/data/res/values-mcc310-mnc280-et: Cannot utime: Operation not permitted
build	Cache Android SDK	2026-06-06T12:22:43.8877216Z /usr/bin/tar: ../../../../../usr/local/lib/android/sdk/platforms/android-35-ext14/data/res/values-mcc310-mnc280-et: Cannot change mode to rwxr-xr-x: Operation not permitted
build	Cache Android SDK	2026-06-06T12:22:43.8879302Z /usr/bin/tar: ../../../../../usr/local/lib/android/sdk/platforms/android-35-ext14/data/res/values-mcc310-mnc380-sv: Cannot utime: Operation not permitted
build	Cache Android SDK	2026-06-06T12:22:43.8880353Z /usr/bin/tar: ../../../../../usr/local/lib/android/sdk/platforms/android-35-ext14/data/res/values-mcc310-mnc380-sv: Cannot change mode to rwxr-xr-x: Operation not permitted
build	Cache Android SDK	2026-06-06T12:22:43.8883050Z /usr/bin/tar: ../../../../../usr/local/lib/android/sdk/platforms/android-35-ext14/data/res/values-mcc310-mnc250-be: Cannot utime: Operation not permitted
build	Cache Android SDK	2026-06-06T12:22:43.8884042Z /usr/bin/tar: ../../../../../usr/local/lib/android/sdk/platforms/android-35-ext14/data/res/values-mcc310-mnc250-be: Cannot change mode to rwxr-xr-x: Operation not permitted
build	Cache Android SDK	2026-06-06T12:22:43.8885931Z /usr/bin/tar: ../../../../../usr/local/lib/android/sdk/platforms/android-35-ext14/data/res/values-mcc310-mnc270-sq: Cannot utime: Operation not permitted
build	Cache Android SDK	2026-06-06T12:22:43.8886916Z /usr/bin/tar: ../../../../../usr/local/lib/android/sdk/platforms/android-35-ext14/data/res/values-mcc310-mnc270-sq: Cannot change mode to rwxr-xr-x: Operation not permitted
build	Cache Android SDK	2026-06-06T12:22:43.8890419Z /usr/bin/tar: ../../../../../usr/local/lib/android/sdk/platforms/android-35-ext14/data/res/values-mcc312-mnc670-km: Cannot utime: Operation not permitted
build	Cache Android SDK	2026-06-06T12:22:43.8891409Z /usr/bin/tar: ../../../../../usr/local/lib/android/sdk/platforms/android-35-ext14/data/res/values-mcc312-mnc670-km: Cannot change mode to rwxr-xr-x: Operation not permitted
build	Cache Android SDK	2026-06-06T12:22:43.8894140Z /usr/bin/tar: ../../../../../usr/local/lib/android/sdk/platforms/android-35-ext14/data/res/values-mcc310-mnc230-ur: Cannot utime: Operation not permitted
build	Cache Android SDK	2026-06-06T12:22:43.8895124Z /usr/bin/tar: ../../../../../usr/local/lib/android/sdk/platforms/android-35-ext14/data/res/values-mcc310-mnc230-ur: Cannot change mode to rwxr-xr-x: Operation not permitted
build	Cache Android SDK	2026-06-06T12:22:43.8897923Z /usr/bin/tar: ../../../../../usr/local/lib/android/sdk/platforms/android-35-ext14/data/res/values-mcc310-mnc950-mk: Cannot utime: Operation not permitted
build	Cache Android SDK	2026-06-06T12:22:43.8899078Z /usr/bin/tar: ../../../../../usr/local/lib/android/sdk/platforms/android-35-ext14/data/res/values-mcc310-mnc950-mk: Cannot change mode to rwxr-xr-x: Operation not permitted
build	Cache Android SDK	2026-06-06T12:22:43.8901644Z /usr/bin/tar: ../../../../../usr/local/lib/android/sdk/platforms/android-35-ext14/data/res/values-mcc310-mnc030-fr: Cannot utime: Operation not permitted
build	Cache Android SDK	2026-06-06T12:22:43.8902601Z /usr/bin/tar: ../../../../../usr/local/lib/android/sdk/platforms/android-35-ext14/data/res/values-mcc310-mnc030-fr: Cannot change mode to rwxr-xr-x: Operation not permitted
build	Cache Android SDK	2026-06-06T12:22:43.8905315Z /usr/bin/tar: ../../../../../usr/local/lib/android/sdk/platforms/android-35-ext14/data/res/values-mcc310-mnc490-az: Cannot utime: Operation not permitted
build	Cache Android SDK	2026-06-06T12:22:43.8906384Z /usr/bin/tar: ../../../../../usr/local/lib/android/sdk/platforms/android-35-ext14/data/res/values-mcc310-mnc490-az: Cannot change mode to rwxr-xr-x: Operation not permitted
build	Cache Android SDK	2026-06-06T12:22:43.8909196Z /usr/bin/tar: ../../../../../usr/local/lib/android/sdk/platforms/android-35-ext14/data/res/values-mcc310-mnc200-es: Cannot utime: Operation not permitted
build	Cache Android SDK	2026-06-06T12:22:43.8910153Z /usr/bin/tar: ../../../../../usr/local/lib/android/sdk/platforms/android-35-ext14/data/res/values-mcc310-mnc200-es: Cannot change mode to rwxr-xr-x: Operation not permitted
build	Cache Android SDK	2026-06-06T12:22:43.8912368Z /usr/bin/tar: ../../../../../usr/local/lib/android/sdk/platforms/android-35-ext14/data/res/values-mcc310-mnc250-mk: Cannot utime: Operation not permitted
build	Cache Android SDK	2026-06-06T12:22:43.8913325Z /usr/bin/tar: ../../../../../usr/local/lib/android/sdk/platforms/android-35-ext14/data/res/values-mcc310-mnc250-mk: Cannot change mode to rwxr-xr-x: Operation not permitted
build	Cache Android SDK	2026-06-06T12:22:43.8915870Z /usr/bin/tar: ../../../../../usr/local/lib/android/sdk/platforms/android-35-ext14/data/res/values-nb-rNO: Cannot utime: Operation not permitted
build	Cache Android SDK	2026-06-06T12:22:43.8916798Z /usr/bin/tar: ../../../../../usr/local/lib/android/sdk/platforms/android-35-ext14/data/res/values-nb-rNO: Cannot change mode to rwxr-xr-x: Operation not permitted
build	Cache Android SDK	2026-06-06T12:22:43.8919135Z /usr/bin/tar: ../../../../../usr/local/lib/android/sdk/platforms/android-35-ext14/data/res/values-mcc310-mnc950-my: Cannot utime: Operation not permitted
build	Cache Android SDK	2026-06-06T12:22:43.8920091Z /usr/bin/tar: ../../../../../usr/local/lib/android/sdk/platforms/android-35-ext14/data/res/values-mcc310-mnc950-my: Cannot change mode to rwxr-xr-x: Operation not permitted
build	Cache Android SDK	2026-06-06T12:22:43.8922523Z /usr/bin/tar: ../../../../../usr/local/lib/android/sdk/platforms/android-35-ext14/data/res/values-mcc001-mnc01-lo: Cannot utime: Operation not permitted
build	Cache Android SDK	2026-06-06T12:22:43.8923470Z /usr/bin/tar: ../../../../../usr/local/lib/android/sdk/platforms/android-35-ext14/data/res/values-mcc001-mnc01-lo: Cannot change mode to rwxr-xr-x: Operation not permitted
build	Cache Android SDK	2026-06-06T12:22:43.8925780Z /usr/bin/tar: ../../../../../usr/local/lib/android/sdk/platforms/android-35-ext14/data/res/values-mcc302-mnc370-ta: Cannot utime: Operation not permitted
build	Cache Android SDK	2026-06-06T12:22:43.8926729Z /usr/bin/tar: ../../../../../usr/local/lib/android/sdk/platforms/android-35-ext14/data/res/values-mcc302-mnc370-ta: Cannot change mode to rwxr-xr-x: Operation not permitted
build	Cache Android SDK	2026-06-06T12:22:43.8929196Z /usr/bin/tar: ../../../../../usr/local/lib/android/sdk/platforms/android-35-ext14/data/res/values-mcc310-mnc220-pt: Cannot utime: Operation not permitted
build	Cache Android SDK	2026-06-06T12:22:43.8930153Z /usr/bin/tar: ../../../../../usr/local/lib/android/sdk/platforms/android-35-ext14/data/res/values-mcc310-mnc220-pt: Cannot change mode to rwxr-xr-x: Operation not permitted
build	Cache Android SDK	2026-06-06T12:22:43.8932477Z /usr/bin/tar: ../../../../../usr/local/lib/android/sdk/platforms/android-35-ext14/data/res/values-w213dp-round-watch: Cannot utime: Operation not permitted
build	Cache Android SDK	2026-06-06T12:22:43.8933473Z /usr/bin/tar: ../../../../../usr/local/lib/android/sdk/platforms/android-35-ext14/data/res/values-w213dp-round-watch: Cannot change mode to rwxr-xr-x: Operation not permitted
build	Cache Android SDK	2026-06-06T12:22:43.8935628Z /usr/bin/tar: ../../../../../usr/local/lib/android/sdk/platforms/android-35-ext14/data/res/values-mcc310-mnc800-bg: Cannot utime: Operation not permitted
build	Cache Android SDK	2026-06-06T12:22:43.8936594Z /usr/bin/tar: ../../../../../usr/local/lib/android/sdk/platforms/android-35-ext14/data/res/values-mcc310-mnc800-bg: Cannot change mode to rwxr-xr-x: Operation not permitted
build	Cache Android SDK	2026-06-06T12:22:43.8938813Z /usr/bin/tar: ../../../../../usr/local/lib/android/sdk/platforms/android-35-ext14/data/res/values-rm-rCH: Cannot utime: Operation not permitted
build	Cache Android SDK	2026-06-06T12:22:43.8939706Z /usr/bin/tar: ../../../../../usr/local/lib/android/sdk/platforms/android-35-ext14/data/res/values-rm-rCH: Cannot change mode to rwxr-xr-x: Operation not permitted
build	Cache Android SDK	2026-06-06T12:22:43.8944109Z /usr/bin/tar: ../../../../../usr/local/lib/android/sdk/platforms/android-35-ext14/data/res/values-mcc310-mnc270-af: Cannot utime: Operation not permitted
build	Cache Android SDK	2026-06-06T12:22:43.8945330Z /usr/bin/tar: ../../../../../usr/local/lib/android/sdk/platforms/android-35-ext14/data/res/values-mcc310-mnc270-af: Cannot change mode to rwxr-xr-x: Operation not permitted
build	Cache Android SDK	2026-06-06T12:22:43.8947760Z /usr/bin/tar: ../../../../../usr/local/lib/android/sdk/platforms/android-35-ext14/data/res/values-mcc310-mnc270-gu: Cannot utime: Operation not permitted
build	Cache Android SDK	2026-06-06T12:22:43.8948742Z /usr/bin/tar: ../../../../../usr/local/lib/android/sdk/platforms/android-35-ext14/data/res/values-mcc310-mnc270-gu: Cannot change mode to rwxr-xr-x: Operation not permitted
build	Cache Android SDK	2026-06-06T12:22:43.8950045Z /usr/bin/tar: ../../../../../usr/local/lib/android/sdk/platforms/android-35-ext14/data/res/values-mcc310-mnc380-en-rCA: Cannot utime: Operation not permitted
build	Cache Android SDK	2026-06-06T12:22:43.8951024Z /usr/bin/tar: ../../../../../usr/local/lib/android/sdk/platforms/android-35-ext14/data/res/values-mcc310-mnc380-en-rCA: Cannot change mode to rwxr-xr-x: Operation not permitted
build	Cache Android SDK	2026-06-06T12:22:43.8953195Z /usr/bin/tar: ../../../../../usr/local/lib/android/sdk/platforms/android-35-ext14/data/res/values-mcc310-mnc270: Cannot utime: Operation not permitted
build	Cache Android SDK	2026-06-06T12:22:43.8954151Z /usr/bin/tar: ../../../../../usr/local/lib/android/sdk/platforms/android-35-ext14/data/res/values-mcc310-mnc270: Cannot change mode to rwxr-xr-x: Operation not permitted
build	Cache Android SDK	2026-06-06T12:22:43.8956901Z /usr/bin/tar: ../../../../../usr/local/lib/android/sdk/platforms/android-35-ext14/data/res/mipmap-watch-anydpi: Cannot utime: Operation not permitted
build	Cache Android SDK	2026-06-06T12:22:43.8957989Z /usr/bin/tar: ../../../../../usr/local/lib/android/sdk/platforms/android-35-ext14/data/res/mipmap-watch-anydpi: Cannot change mode to rwxr-xr-x: Operation not permitted
build	Cache Android SDK	2026-06-06T12:22:43.8960212Z /usr/bin/tar: ../../../../../usr/local/lib/android/sdk/platforms/android-35-ext14/data/res/values-sq-television: Cannot utime: Operation not permitted
build	Cache Android SDK	2026-06-06T12:22:43.8961278Z /usr/bin/tar: ../../../../../usr/local/lib/android/sdk/platforms/android-35-ext14/data/res/values-sq-television: Cannot change mode to rwxr-xr-x: Operation not permitted
build	Cache Android SDK	2026-06-06T12:22:43.8962884Z /usr/bin/tar: ../../../../../usr/local/lib/android/sdk/platforms/android-35-ext14/data/res/values-mcc310-mnc030-en-rCA: Cannot utime: Operation not permitted
build	Cache Android SDK	2026-06-06T12:22:43.8963859Z /usr/bin/tar: ../../../../../usr/local/lib/android/sdk/platforms/android-35-ext14/data/res/values-mcc310-mnc030-en-rCA: Cannot change mode to rwxr-xr-x: Operation not permitted
build	Cache Android SDK	2026-06-06T12:22:43.8966463Z /usr/bin/tar: ../../../../../usr/local/lib/android/sdk/platforms/android-35-ext14/data/res/values-mcc001-mnc01-in: Cannot utime: Operation not permitted
build	Cache Android SDK	2026-06-06T12:22:43.8967615Z /usr/bin/tar: ../../../../../usr/local/lib/android/sdk/platforms/android-35-ext14/data/res/values-mcc001-mnc01-in: Cannot change mode to rwxr-xr-x: Operation not permitted
build	Cache Android SDK	2026-06-06T12:22:43.8969499Z /usr/bin/tar: ../../../../../usr/local/lib/android/sdk/platforms/android-35-ext14/data/res/values-mcc310-mnc800-zh-rHK: Cannot utime: Operation not permitted
build	Cache Android SDK	2026-06-06T12:22:43.8969981Z /usr/bin/tar: ../../../../../usr/local/lib/android/sdk/platforms/android-35-ext14/data/res/values-mcc310-mnc800-zh-rHK: Cannot change mode to rwxr-xr-x: Operation not permitted
build	Cache Android SDK	2026-06-06T12:22:43.8973199Z /usr/bin/tar: ../../../../../usr/local/lib/android/sdk/platforms/android-35-ext14/data/res/values-mcc310-mnc170-nb: Cannot utime: Operation not permitted
build	Cache Android SDK	2026-06-06T12:22:43.8973670Z /usr/bin/tar: ../../../../../usr/local/lib/android/sdk/platforms/android-35-ext14/data/res/values-mcc310-mnc170-nb: Cannot change mode to rwxr-xr-x: Operation not permitted
build	Cache Android SDK	2026-06-06T12:22:43.8976621Z /usr/bin/tar: ../../../../../usr/local/lib/android/sdk/platforms/android-35-ext14/data/res/values-mcc311-mnc180-hu: Cannot utime: Operation not permitted
build	Cache Android SDK	2026-06-06T12:22:43.8977076Z /usr/bin/tar: ../../../../../usr/local/lib/android/sdk/platforms/android-35-ext14/data/res/values-mcc311-mnc180-hu: Cannot change mode to rwxr-xr-x: Operation not permitted
build	Cache Android SDK	2026-06-06T12:22:43.8979581Z /usr/bin/tar: ../../../../../usr/local/lib/android/sdk/platforms/android-35-ext14/data/res/values-mcc310-mnc210-sv: Cannot utime: Operation not permitted
build	Cache Android SDK	2026-06-06T12:22:43.8980044Z /usr/bin/tar: ../../../../../usr/local/lib/android/sdk/platforms/android-35-ext14/data/res/values-mcc310-mnc210-sv: Cannot change mode to rwxr-xr-x: Operation not permitted
build	Cache Android SDK	2026-06-06T12:22:43.8982442Z /usr/bin/tar: ../../../../../usr/local/lib/android/sdk/platforms/android-35-ext14/data/res/values-mcc310-mnc280-be: Cannot utime: Operation not permitted
build	Cache Android SDK	2026-06-06T12:22:43.8982904Z /usr/bin/tar: ../../../../../usr/local/lib/android/sdk/platforms/android-35-ext14/data/res/values-mcc310-mnc280-be: Cannot change mode to rwxr-xr-x: Operation not permitted
build	Cache Android SDK	2026-06-06T12:22:43.8985402Z /usr/bin/tar: ../../../../../usr/local/lib/android/sdk/platforms/android-35-ext14/data/res/values-mcc310-mnc220-en-rGB: Cannot utime: Operation not permitted
build	Cache Android SDK	2026-06-06T12:22:43.8985877Z /usr/bin/tar: ../../../../../usr/local/lib/android/sdk/platforms/android-35-ext14/data/res/values-mcc310-mnc220-en-rGB: Cannot change mode to rwxr-xr-x: Operation not permitted
build	Cache Android SDK	2026-06-06T12:22:43.8989083Z /usr/bin/tar: ../../../../../usr/local/lib/android/sdk/platforms/android-35-ext14/data/res/values-mcc310-mnc950-el: Cannot utime: Operation not permitted
build	Cache Android SDK	2026-06-06T12:22:43.8989543Z /usr/bin/tar: ../../../../../usr/local/lib/android/sdk/platforms/android-35-ext14/data/res/values-mcc310-mnc950-el: Cannot change mode to rwxr-xr-x: Operation not permitted
build	Cache Android SDK	2026-06-06T12:22:43.8992159Z /usr/bin/tar: ../../../../../usr/local/lib/android/sdk/platforms/android-35-ext14/data/res/values-mcc310-mnc220-gu: Cannot utime: Operation not permitted
build	Cache Android SDK	2026-06-06T12:22:43.8992619Z /usr/bin/tar: ../../../../../usr/local/lib/android/sdk/platforms/android-35-ext14/data/res/values-mcc310-mnc220-gu: Cannot change mode to rwxr-xr-x: Operation not permitted
build	Cache Android SDK	2026-06-06T12:22:43.8995323Z /usr/bin/tar: ../../../../../usr/local/lib/android/sdk/platforms/android-35-ext14/data/res/values-mcc310-mnc590: Cannot utime: Operation not permitted
build	Cache Android SDK	2026-06-06T12:22:43.8995779Z /usr/bin/tar: ../../../../../usr/local/lib/android/sdk/platforms/android-35-ext14/data/res/values-mcc310-mnc590: Cannot change mode to rwxr-xr-x: Operation not permitted
build	Cache Android SDK	2026-06-06T12:22:43.8998410Z /usr/bin/tar: ../../../../../usr/local/lib/android/sdk/platforms/android-35-ext14/data/res/values-mcc310-mnc800-tr: Cannot utime: Operation not permitted
build	Cache Android SDK	2026-06-06T12:22:43.8998875Z /usr/bin/tar: ../../../../../usr/local/lib/android/sdk/platforms/android-35-ext14/data/res/values-mcc310-mnc800-tr: Cannot change mode to rwxr-xr-x: Operation not permitted
build	Cache Android SDK	2026-06-06T12:22:43.9002092Z /usr/bin/tar: ../../../../../usr/local/lib/android/sdk/platforms/android-35-ext14/data/res/values-mcc310-mnc800-fr-rCA: Cannot utime: Operation not permitted
build	Cache Android SDK	2026-06-06T12:22:43.9002654Z /usr/bin/tar: ../../../../../usr/local/lib/android/sdk/platforms/android-35-ext14/data/res/values-mcc310-mnc800-fr-rCA: Cannot change mode to rwxr-xr-x: Operation not permitted
build	Cache Android SDK	2026-06-06T12:22:43.9005061Z /usr/bin/tar: ../../../../../usr/local/lib/android/sdk/platforms/android-35-ext14/data/res/values-mcc310-mnc250-ml: Cannot utime: Operation not permitted
build	Cache Android SDK	2026-06-06T12:22:43.9005712Z /usr/bin/tar: ../../../../../usr/local/lib/android/sdk/platforms/android-35-ext14/data/res/values-mcc310-mnc250-ml: Cannot change mode to rwxr-xr-x: Operation not permitted
build	Cache Android SDK	2026-06-06T12:22:43.9008158Z /usr/bin/tar: ../../../../../usr/local/lib/android/sdk/platforms/android-35-ext14/data/res/values-mcc310-mnc220-ar: Cannot utime: Operation not permitted
build	Cache Android SDK	2026-06-06T12:22:43.9008770Z /usr/bin/tar: ../../../../../usr/local/lib/android/sdk/platforms/android-35-ext14/data/res/values-mcc310-mnc220-ar: Cannot change mode to rwxr-xr-x: Operation not permitted
build	Cache Android SDK	2026-06-06T12:22:43.9011372Z /usr/bin/tar: ../../../../../usr/local/lib/android/sdk/platforms/android-35-ext14/data/res/values-mcc334-mnc030: Cannot utime: Operation not permitted
build	Cache Android SDK	2026-06-06T12:22:43.9012047Z /usr/bin/tar: ../../../../../usr/local/lib/android/sdk/platforms/android-35-ext14/data/res/values-mcc334-mnc030: Cannot change mode to rwxr-xr-x: Operation not permitted
build	Cache Android SDK	2026-06-06T12:22:43.9015392Z /usr/bin/tar: ../../../../../usr/local/lib/android/sdk/platforms/android-35-ext14/data/res/values-mcc312-mnc670-lv: Cannot utime: Operation not permitted
build	Cache Android SDK	2026-06-06T12:22:43.9015879Z /usr/bin/tar: ../../../../../usr/local/lib/android/sdk/platforms/android-35-ext14/data/res/values-mcc312-mnc670-lv: Cannot change mode to rwxr-xr-x: Operation not permitted
build	Cache Android SDK	2026-06-06T12:22:43.9019237Z /usr/bin/tar: ../../../../../usr/local/lib/android/sdk/platforms/android-35-ext14/data/res/values-mcc310-mnc220-lo: Cannot utime: Operation not permitted
build	Cache Android SDK	2026-06-06T12:22:43.9019705Z /usr/bin/tar: ../../../../../usr/local/lib/android/sdk/platforms/android-35-ext14/data/res/values-mcc310-mnc220-lo: Cannot change mode to rwxr-xr-x: Operation not permitted
build	Cache Android SDK	2026-06-06T12:22:43.9022144Z /usr/bin/tar: ../../../../../usr/local/lib/android/sdk/platforms/android-35-ext14/data/res/values-mcc310-mnc230-pt-rBR: Cannot utime: Operation not permitted
build	Cache Android SDK	2026-06-06T12:22:43.9022638Z /usr/bin/tar: ../../../../../usr/local/lib/android/sdk/platforms/android-35-ext14/data/res/values-mcc310-mnc230-pt-rBR: Cannot change mode to rwxr-xr-x: Operation not permitted
build	Cache Android SDK	2026-06-06T12:22:43.9025290Z /usr/bin/tar: ../../../../../usr/local/lib/android/sdk/platforms/android-35-ext14/data/res/values-mcc310-mnc380: Cannot utime: Operation not permitted
build	Cache Android SDK	2026-06-06T12:22:43.9025752Z /usr/bin/tar: ../../../../../usr/local/lib/android/sdk/platforms/android-35-ext14/data/res/values-mcc310-mnc380: Cannot change mode to rwxr-xr-x: Operation not permitted
build	Cache Android SDK	2026-06-06T12:22:43.9028184Z /usr/bin/tar: ../../../../../usr/local/lib/android/sdk/platforms/android-35-ext14/data/res/values-mcc310-mnc170-pt: Cannot utime: Operation not permitted
build	Cache Android SDK	2026-06-06T12:22:43.9028650Z /usr/bin/tar: ../../../../../usr/local/lib/android/sdk/platforms/android-35-ext14/data/res/values-mcc310-mnc170-pt: Cannot change mode to rwxr-xr-x: Operation not permitted
build	Cache Android SDK	2026-06-06T12:22:43.9031506Z /usr/bin/tar: ../../../../../usr/local/lib/android/sdk/platforms/android-35-ext14/data/res/values-mcc311-mnc180-ne: Cannot utime: Operation not permitted
build	Cache Android SDK	2026-06-06T12:22:43.9032556Z /usr/bin/tar: ../../../../../usr/local/lib/android/sdk/platforms/android-35-ext14/data/res/values-mcc311-mnc180-ne: Cannot change mode to rwxr-xr-x: Operation not permitted
build	Cache Android SDK	2026-06-06T12:22:43.9034502Z /usr/bin/tar: ../../../../../usr/local/lib/android/sdk/platforms/android-35-ext14/data/res/values-bs-television: Cannot utime: Operation not permitted
build	Cache Android SDK	2026-06-06T12:22:43.9034981Z /usr/bin/tar: ../../../../../usr/local/lib/android/sdk/platforms/android-35-ext14/data/res/values-bs-television: Cannot change mode to rwxr-xr-x: Operation not permitted
build	Cache Android SDK	2026-06-06T12:22:43.9037528Z /usr/bin/tar: ../../../../../usr/local/lib/android/sdk/platforms/android-35-ext14/data/res/values-mcc310-mnc270-ru: Cannot utime: Operation not permitted
build	Cache Android SDK	2026-06-06T12:22:43.9038208Z /usr/bin/tar: ../../../../../usr/local/lib/android/sdk/platforms/android-35-ext14/data/res/values-mcc310-mnc270-ru: Cannot change mode to rwxr-xr-x: Operation not permitted
build	Cache Android SDK	2026-06-06T12:22:43.9040666Z /usr/bin/tar: ../../../../../usr/local/lib/android/sdk/platforms/android-35-ext14/data/res/values-mcc310-mnc220-sk: Cannot utime: Operation not permitted
build	Cache Android SDK	2026-06-06T12:22:43.9041141Z /usr/bin/tar: ../../../../../usr/local/lib/android/sdk/platforms/android-35-ext14/data/res/values-mcc310-mnc220-sk: Cannot change mode to rwxr-xr-x: Operation not permitted
build	Cache Android SDK	2026-06-06T12:22:43.9043886Z /usr/bin/tar: ../../../../../usr/local/lib/android/sdk/platforms/android-35-ext14/data/res/values-mcc310-mnc150: Cannot utime: Operation not permitted
build	Cache Android SDK	2026-06-06T12:22:43.9044353Z /usr/bin/tar: ../../../../../usr/local/lib/android/sdk/platforms/android-35-ext14/data/res/values-mcc310-mnc150: Cannot change mode to rwxr-xr-x: Operation not permitted
build	Cache Android SDK	2026-06-06T12:22:43.9047117Z /usr/bin/tar: ../../../../../usr/local/lib/android/sdk/platforms/android-35-ext14/data/res/values-mcc310-mnc410-sv: Cannot utime: Operation not permitted
build	Cache Android SDK	2026-06-06T12:22:43.9047865Z /usr/bin/tar: ../../../../../usr/local/lib/android/sdk/platforms/android-35-ext14/data/res/values-mcc310-mnc410-sv: Cannot change mode to rwxr-xr-x: Operation not permitted
build	Cache Android SDK	2026-06-06T12:22:43.9050644Z /usr/bin/tar: ../../../../../usr/local/lib/android/sdk/platforms/android-35-ext14/data/res/values-mcc310-mnc210-lv: Cannot utime: Operation not permitted
build	Cache Android SDK	2026-06-06T12:22:43.9051113Z /usr/bin/tar: ../../../../../usr/local/lib/android/sdk/platforms/android-35-ext14/data/res/values-mcc310-mnc210-lv: Cannot change mode to rwxr-xr-x: Operation not permitted
build	Cache Android SDK	2026-06-06T12:22:43.9054276Z /usr/bin/tar: ../../../../../usr/local/lib/android/sdk/platforms/android-35-ext14/data/res/values-mcc310-mnc280-sv: Cannot utime: Operation not permitted
build	Cache Android SDK	2026-06-06T12:22:43.9054743Z /usr/bin/tar: ../../../../../usr/local/lib/android/sdk/platforms/android-35-ext14/data/res/values-mcc310-mnc280-sv: Cannot change mode to rwxr-xr-x: Operation not permitted
build	Cache Android SDK	2026-06-06T12:22:43.9058005Z /usr/bin/tar: ../../../../../usr/local/lib/android/sdk/platforms/android-35-ext14/data/res/values-mcc310-mnc660-ar: Cannot utime: Operation not permitted
build	Cache Android SDK	2026-06-06T12:22:43.9058473Z /usr/bin/tar: ../../../../../usr/local/lib/android/sdk/platforms/android-35-ext14/data/res/values-mcc310-mnc660-ar: Cannot change mode to rwxr-xr-x: Operation not permitted
build	Cache Android SDK	2026-06-06T12:22:43.9064675Z /usr/bin/tar: ../../../../../usr/local/lib/android/sdk/platforms/android-35-ext14/data/res/values-sw: Cannot utime: Operation not permitted
build	Cache Android SDK	2026-06-06T12:22:43.9065107Z /usr/bin/tar: ../../../../../usr/local/lib/android/sdk/platforms/android-35-ext14/data/res/values-sw: Cannot change mode to rwxr-xr-x: Operation not permitted
build	Cache Android SDK	2026-06-06T12:22:43.9068451Z /usr/bin/tar: ../../../../../usr/local/lib/android/sdk/platforms/android-35-ext14/data/res/values-mcc313-mnc100-ne: Cannot utime: Operation not permitted
build	Cache Android SDK	2026-06-06T12:22:43.9069081Z /usr/bin/tar: ../../../../../usr/local/lib/android/sdk/platforms/android-35-ext14/data/res/values-mcc313-mnc100-ne: Cannot change mode to rwxr-xr-x: Operation not permitted
build	Cache Android SDK	2026-06-06T12:22:43.9071361Z /usr/bin/tar: ../../../../../usr/local/lib/android/sdk/platforms/android-35-ext14/data/res/values-mcc310-mnc200-zh-rHK: Cannot utime: Operation not permitted
build	Cache Android SDK	2026-06-06T12:22:43.9071979Z /usr/bin/tar: ../../../../../usr/local/lib/android/sdk/platforms/android-35-ext14/data/res/values-mcc310-mnc200-zh-rHK: Cannot change mode to rwxr-xr-x: Operation not permitted
build	Cache Android SDK	2026-06-06T12:22:43.9075834Z /usr/bin/tar: ../../../../../usr/local/lib/android/sdk/platforms/android-35-ext14/data/res/values-mcc310-mnc310-mn: Cannot utime: Operation not permitted
build	Cache Android SDK	2026-06-06T12:22:43.9076441Z /usr/bin/tar: ../../../../../usr/local/lib/android/sdk/platforms/android-35-ext14/data/res/values-mcc310-mnc310-mn: Cannot change mode to rwxr-xr-x: Operation not permitted
build	Cache Android SDK	2026-06-06T12:22:43.9078273Z /usr/bin/tar: ../../../../../usr/local/lib/android/sdk/platforms/android-35-ext14/data/res/values-mcc311-mnc180-th: Cannot utime: Operation not permitted
build	Cache Android SDK	2026-06-06T12:22:43.9078758Z /usr/bin/tar: ../../../../../usr/local/lib/android/sdk/platforms/android-35-ext14/data/res/values-mcc311-mnc180-th: Cannot change mode to rwxr-xr-x: Operation not permitted
build	Cache Android SDK	2026-06-06T12:22:43.9082049Z /usr/bin/tar: ../../../../../usr/local/lib/android/sdk/platforms/android-35-ext14/data/res/values-mcc311-mnc180-fr-rCA: Cannot utime: Operation not permitted
build	Cache Android SDK	2026-06-06T12:22:43.9082533Z /usr/bin/tar: ../../../../../usr/local/lib/android/sdk/platforms/android-35-ext14/data/res/values-mcc311-mnc180-fr-rCA: Cannot change mode to rwxr-xr-x: Operation not permitted
build	Cache Android SDK	2026-06-06T12:22:43.9085343Z /usr/bin/tar: ../../../../../usr/local/lib/android/sdk/platforms/android-35-ext14/data/res/values-sl-rSI: Cannot utime: Operation not permitted
build	Cache Android SDK	2026-06-06T12:22:43.9085923Z /usr/bin/tar: ../../../../../usr/local/lib/android/sdk/platforms/android-35-ext14/data/res/values-sl-rSI: Cannot change mode to rwxr-xr-x: Operation not permitted
build	Cache Android SDK	2026-06-06T12:22:43.9089604Z /usr/bin/tar: ../../../../../usr/local/lib/android/sdk/platforms/android-35-ext14/data/res/values-ja-rJP: Cannot utime: Operation not permitted
build	Cache Android SDK	2026-06-06T12:22:43.9090056Z /usr/bin/tar: ../../../../../usr/local/lib/android/sdk/platforms/android-35-ext14/data/res/values-ja-rJP: Cannot change mode to rwxr-xr-x: Operation not permitted
build	Cache Android SDK	2026-06-06T12:22:43.9092771Z /usr/bin/tar: ../../../../../usr/local/lib/android/sdk/platforms/android-35-ext14/data/res/values-mcc313-mnc100-uz: Cannot utime: Operation not permitted
build	Cache Android SDK	2026-06-06T12:22:43.9093236Z /usr/bin/tar: ../../../../../usr/local/lib/android/sdk/platforms/android-35-ext14/data/res/values-mcc313-mnc100-uz: Cannot change mode to rwxr-xr-x: Operation not permitted
build	Cache Android SDK	2026-06-06T12:22:43.9096329Z /usr/bin/tar: ../../../../../usr/local/lib/android/sdk/platforms/android-35-ext14/data/res/values-mcc310-mnc230-vi: Cannot utime: Operation not permitted
build	Cache Android SDK	2026-06-06T12:22:43.9096789Z /usr/bin/tar: ../../../../../usr/local/lib/android/sdk/platforms/android-35-ext14/data/res/values-mcc310-mnc230-vi: Cannot change mode to rwxr-xr-x: Operation not permitted
build	Cache Android SDK	2026-06-06T12:22:43.9100734Z /usr/bin/tar: ../../../../../usr/local/lib/android/sdk/platforms/android-35-ext14/data/res/values-mcc310-mnc560-iw: Cannot utime: Operation not permitted
build	Cache Android SDK	2026-06-06T12:22:43.9101199Z /usr/bin/tar: ../../../../../usr/local/lib/android/sdk/platforms/android-35-ext14/data/res/values-mcc310-mnc560-iw: Cannot change mode to rwxr-xr-x: Operation not permitted
build	Cache Android SDK	2026-06-06T12:22:43.9104031Z /usr/bin/tar: ../../../../../usr/local/lib/android/sdk/platforms/android-35-ext14/data/res/values-mcc310-mnc170-sv: Cannot utime: Operation not permitted
build	Cache Android SDK	2026-06-06T12:22:43.9104493Z /usr/bin/tar: ../../../../../usr/local/lib/android/sdk/platforms/android-35-ext14/data/res/values-mcc310-mnc170-sv: Cannot change mode to rwxr-xr-x: Operation not permitted
build	Cache Android SDK	2026-06-06T12:22:43.9108247Z /usr/bin/tar: ../../../../../usr/local/lib/android/sdk/platforms/android-35-ext14/data/res/values-mcc310-mnc260: Cannot utime: Operation not permitted
build	Cache Android SDK	2026-06-06T12:22:43.9109013Z /usr/bin/tar: ../../../../../usr/local/lib/android/sdk/platforms/android-35-ext14/data/res/values-mcc310-mnc260: Cannot change mode to rwxr-xr-x: Operation not permitted
build	Cache Android SDK	2026-06-06T12:22:43.9112187Z /usr/bin/tar: ../../../../../usr/local/lib/android/sdk/platforms/android-35-ext14/data/res/values-mcc302-mnc720-mr: Cannot utime: Operation not permitted
build	Cache Android SDK	2026-06-06T12:22:43.9112642Z /usr/bin/tar: ../../../../../usr/local/lib/android/sdk/platforms/android-35-ext14/data/res/values-mcc302-mnc720-mr: Cannot change mode to rwxr-xr-x: Operation not permitted
build	Cache Android SDK	2026-06-06T12:22:43.9115709Z /usr/bin/tar: ../../../../../usr/local/lib/android/sdk/platforms/android-35-ext14/data/res/values-mcc310-mnc210-lo: Cannot utime: Operation not permitted
build	Cache Android SDK	2026-06-06T12:22:43.9116170Z /usr/bin/tar: ../../../../../usr/local/lib/android/sdk/platforms/android-35-ext14/data/res/values-mcc310-mnc210-lo: Cannot change mode to rwxr-xr-x: Operation not permitted
build	Cache Android SDK	2026-06-06T12:22:43.9120181Z /usr/bin/tar: ../../../../../usr/local/lib/android/sdk/platforms/android-35-ext14/data/res/values-mcc310-mnc150-af: Cannot utime: Operation not permitted
build	Cache Android SDK	2026-06-06T12:22:43.9120813Z /usr/bin/tar: ../../../../../usr/local/lib/android/sdk/platforms/android-35-ext14/data/res/values-mcc310-mnc150-af: Cannot change mode to rwxr-xr-x: Operation not permitted
build	Cache Android SDK	2026-06-06T12:22:43.9125359Z /usr/bin/tar: ../../../../../usr/local/lib/android/sdk/platforms/android-35-ext14/data/res/layout-car: Cannot utime: Operation not permitted
build	Cache Android SDK	2026-06-06T12:22:43.9125775Z /usr/bin/tar: ../../../../../usr/local/lib/android/sdk/platforms/android-35-ext14/data/res/layout-car: Cannot change mode to rwxr-xr-x: Operation not permitted
build	Cache Android SDK	2026-06-06T12:22:43.9128711Z /usr/bin/tar: ../../../../../usr/local/lib/android/sdk/platforms/android-35-ext14/data/res/values-mcc310-mnc270-iw: Cannot utime: Operation not permitted
build	Cache Android SDK	2026-06-06T12:22:43.9129173Z /usr/bin/tar: ../../../../../usr/local/lib/android/sdk/platforms/android-35-ext14/data/res/values-mcc310-mnc270-iw: Cannot change mode to rwxr-xr-x: Operation not permitted
build	Cache Android SDK	2026-06-06T12:22:43.9132474Z /usr/bin/tar: ../../../../../usr/local/lib/android/sdk/platforms/android-35-ext14/data/res/values-mcc310-mnc660-ne: Cannot utime: Operation not permitted
build	Cache Android SDK	2026-06-06T12:22:43.9132941Z /usr/bin/tar: ../../../../../usr/local/lib/android/sdk/platforms/android-35-ext14/data/res/values-mcc310-mnc660-ne: Cannot change mode to rwxr-xr-x: Operation not permitted
build	Cache Android SDK	2026-06-06T12:22:43.9135713Z /usr/bin/tar: ../../../../../usr/local/lib/android/sdk/platforms/android-35-ext14/data/res/values-sw-rTZ: Cannot utime: Operation not permitted
build	Cache Android SDK	2026-06-06T12:22:43.9136141Z /usr/bin/tar: ../../../../../usr/local/lib/android/sdk/platforms/android-35-ext14/data/res/values-sw-rTZ: Cannot change mode to rwxr-xr-x: Operation not permitted
build	Cache Android SDK	2026-06-06T12:22:43.9139168Z /usr/bin/tar: ../../../../../usr/local/lib/android/sdk/platforms/android-35-ext14/data/res/values-mcc310-mnc160-zu: Cannot utime: Operation not permitted
build	Cache Android SDK	2026-06-06T12:22:43.9139638Z /usr/bin/tar: ../../../../../usr/local/lib/android/sdk/platforms/android-35-ext14/data/res/values-mcc310-mnc160-zu: Cannot change mode to rwxr-xr-x: Operation not permitted
build	Cache Android SDK	2026-06-06T12:22:43.9143205Z /usr/bin/tar: ../../../../../usr/local/lib/android/sdk/platforms/android-35-ext14/data/res/values-mcc334-mnc020-ne: Cannot utime: Operation not permitted
build	Cache Android SDK	2026-06-06T12:22:43.9144046Z /usr/bin/tar: ../../../../../usr/local/lib/android/sdk/platforms/android-35-ext14/data/res/values-mcc334-mnc020-ne: Cannot change mode to rwxr-xr-x: Operation not permitted
build	Cache Android SDK	2026-06-06T12:22:43.9146232Z /usr/bin/tar: ../../../../../usr/local/lib/android/sdk/platforms/android-35-ext14/data/res/values-mcc302-mnc720-ro: Cannot utime: Operation not permitted
build	Cache Android SDK	2026-06-06T12:22:43.9146697Z /usr/bin/tar: ../../../../../usr/local/lib/android/sdk/platforms/android-35-ext14/data/res/values-mcc302-mnc720-ro: Cannot change mode to rwxr-xr-x: Operation not permitted
build	Cache Android SDK	2026-06-06T12:22:43.9149611Z /usr/bin/tar: ../../../../../usr/local/lib/android/sdk/platforms/android-35-ext14/data/res/values-mcc310-mnc490-en-rGB: Cannot utime: Operation not permitted
build	Cache Android SDK	2026-06-06T12:22:43.9150105Z /usr/bin/tar: ../../../../../usr/local/lib/android/sdk/platforms/android-35-ext14/data/res/values-mcc310-mnc490-en-rGB: Cannot change mode to rwxr-xr-x: Operation not permitted
build	Cache Android SDK	2026-06-06T12:22:43.9153317Z /usr/bin/tar: ../../../../../usr/local/lib/android/sdk/platforms/android-35-ext14/data/res/values-de-rDE: Cannot utime: Operation not permitted
build	Cache Android SDK	2026-06-06T12:22:43.9153753Z /usr/bin/tar: ../../../../../usr/local/lib/android/sdk/platforms/android-35-ext14/data/res/values-de-rDE: Cannot change mode to rwxr-xr-x: Operation not permitted
build	Cache Android SDK	2026-06-06T12:22:43.9156713Z /usr/bin/tar: ../../../../../usr/local/lib/android/sdk/platforms/android-35-ext14/data/res/values-mcc334-mnc020-ml: Cannot utime: Operation not permitted
build	Cache Android SDK	2026-06-06T12:22:43.9157178Z /usr/bin/tar: ../../../../../usr/local/lib/android/sdk/platforms/android-35-ext14/data/res/values-mcc334-mnc020-ml: Cannot change mode to rwxr-xr-x: Operation not permitted
build	Cache Android SDK	2026-06-06T12:22:43.9160165Z /usr/bin/tar: ../../../../../usr/local/lib/android/sdk/platforms/android-35-ext14/data/res/values-mcc334-mnc020-zh-rCN: Cannot utime: Operation not permitted
build	Cache Android SDK	2026-06-06T12:22:43.9160824Z /usr/bin/tar: ../../../../../usr/local/lib/android/sdk/platforms/android-35-ext14/data/res/values-mcc334-mnc020-zh-rCN: Cannot change mode to rwxr-xr-x: Operation not permitted
build	Cache Android SDK	2026-06-06T12:22:43.9163833Z /usr/bin/tar: ../../../../../usr/local/lib/android/sdk/platforms/android-35-ext14/data/res/values-mcc310-mnc150-te: Cannot utime: Operation not permitted
build	Cache Android SDK	2026-06-06T12:22:43.9164302Z /usr/bin/tar: ../../../../../usr/local/lib/android/sdk/platforms/android-35-ext14/data/res/values-mcc310-mnc150-te: Cannot change mode to rwxr-xr-x: Operation not permitted
build	Cache Android SDK	2026-06-06T12:22:43.9167533Z /usr/bin/tar: ../../../../../usr/local/lib/android/sdk/platforms/android-35-ext14/data/res/values-mcc310-mnc200-b+sr+Latn: Cannot utime: Operation not permitted
build	Cache Android SDK	2026-06-06T12:22:43.9168138Z /usr/bin/tar: ../../../../../usr/local/lib/android/sdk/platforms/android-35-ext14/data/res/values-mcc310-mnc200-b+sr+Latn: Cannot change mode to rwxr-xr-x: Operation not permitted
build	Cache Android SDK	2026-06-06T12:22:43.9170538Z /usr/bin/tar: ../../../../../usr/local/lib/android/sdk/platforms/android-35-ext14/data/res/values-mcc310-mnc150-ml: Cannot utime: Operation not permitted
build	Cache Android SDK	2026-06-06T12:22:43.9170996Z /usr/bin/tar: ../../../../../usr/local/lib/android/sdk/platforms/android-35-ext14/data/res/values-mcc310-mnc150-ml: Cannot change mode to rwxr-xr-x: Operation not permitted
build	Cache Android SDK	2026-06-06T12:22:43.9174463Z /usr/bin/tar: ../../../../../usr/local/lib/android/sdk/platforms/android-35-ext14/data/res/values-mcc001-mnc01-ja: Cannot utime: Operation not permitted
build	Cache Android SDK	2026-06-06T12:22:43.9175047Z /usr/bin/tar: ../../../../../usr/local/lib/android/sdk/platforms/android-35-ext14/data/res/values-mcc001-mnc01-ja: Cannot change mode to rwxr-xr-x: Operation not permitted
build	Cache Android SDK	2026-06-06T12:22:43.9178008Z /usr/bin/tar: ../../../../../usr/local/lib/android/sdk/platforms/android-35-ext14/data/res/values-mcc310-mnc150-uk: Cannot utime: Operation not permitted
build	Cache Android SDK	2026-06-06T12:22:43.9178498Z /usr/bin/tar: ../../../../../usr/local/lib/android/sdk/platforms/android-35-ext14/data/res/values-mcc310-mnc150-uk: Cannot change mode to rwxr-xr-x: Operation not permitted
build	Cache Android SDK	2026-06-06T12:22:43.9186576Z /usr/bin/tar: ../../../../../usr/local/lib/android/sdk/platforms/android-35-ext14/data/res/values-mcc334-mnc020-de: Cannot utime: Operation not permitted
build	Cache Android SDK	2026-06-06T12:22:43.9187173Z /usr/bin/tar: ../../../../../usr/local/lib/android/sdk/platforms/android-35-ext14/data/res/values-mcc334-mnc020-de: Cannot change mode to rwxr-xr-x: Operation not permitted
build	Cache Android SDK	2026-06-06T12:22:43.9191855Z /usr/bin/tar: ../../../../../usr/local/lib/android/sdk/platforms/android-35-ext14/data/res/values-mcc310-mnc230-es: Cannot utime: Operation not permitted
build	Cache Android SDK	2026-06-06T12:22:43.9192442Z /usr/bin/tar: ../../../../../usr/local/lib/android/sdk/platforms/android-35-ext14/data/res/values-mcc310-mnc230-es: Cannot change mode to rwxr-xr-x: Operation not permitted
build	Cache Android SDK	2026-06-06T12:22:43.9195145Z /usr/bin/tar: ../../../../../usr/local/lib/android/sdk/platforms/android-35-ext14/data/res/values-mcc310-mnc280-fr: Cannot utime: Operation not permitted
build	Cache Android SDK	2026-06-06T12:22:43.9195633Z /usr/bin/tar: ../../../../../usr/local/lib/android/sdk/platforms/android-35-ext14/data/res/values-mcc310-mnc280-fr: Cannot change mode to rwxr-xr-x: Operation not permitted
build	Cache Android SDK	2026-06-06T12:22:43.9198823Z /usr/bin/tar: ../../../../../usr/local/lib/android/sdk/platforms/android-35-ext14/data/res/values-mcc302-mnc370-eu: Cannot utime: Operation not permitted
build	Cache Android SDK	2026-06-06T12:22:43.9199292Z /usr/bin/tar: ../../../../../usr/local/lib/android/sdk/platforms/android-35-ext14/data/res/values-mcc302-mnc370-eu: Cannot change mode to rwxr-xr-x: Operation not permitted
build	Cache Android SDK	2026-06-06T12:22:43.9202407Z /usr/bin/tar: ../../../../../usr/local/lib/android/sdk/platforms/android-35-ext14/data/res/values-mcc334-mnc020-ja: Cannot utime: Operation not permitted
build	Cache Android SDK	2026-06-06T12:22:43.9202882Z /usr/bin/tar: ../../../../../usr/local/lib/android/sdk/platforms/android-35-ext14/data/res/values-mcc334-mnc020-ja: Cannot change mode to rwxr-xr-x: Operation not permitted
build	Cache Android SDK	2026-06-06T12:22:43.9205768Z /usr/bin/tar: ../../../../../usr/local/lib/android/sdk/platforms/android-35-ext14/data/res/values-mcc310-mnc250-my: Cannot utime: Operation not permitted
build	Cache Android SDK	2026-06-06T12:22:43.9206224Z /usr/bin/tar: ../../../../../usr/local/lib/android/sdk/platforms/android-35-ext14/data/res/values-mcc310-mnc250-my: Cannot change mode to rwxr-xr-x: Operation not permitted
build	Cache Android SDK	2026-06-06T12:22:43.9209143Z /usr/bin/tar: ../../../../../usr/local/lib/android/sdk/platforms/android-35-ext14/data/res/values-mcc310-mnc380-b+sr+Latn: Cannot utime: Operation not permitted
build	Cache Android SDK	2026-06-06T12:22:43.9209645Z /usr/bin/tar: ../../../../../usr/local/lib/android/sdk/platforms/android-35-ext14/data/res/values-mcc310-mnc380-b+sr+Latn: Cannot change mode to rwxr-xr-x: Operation not permitted
build	Cache Android SDK	2026-06-06T12:22:43.9212629Z /usr/bin/tar: ../../../../../usr/local/lib/android/sdk/platforms/android-35-ext14/data/res/values-mcc405: Cannot utime: Operation not permitted
build	Cache Android SDK	2026-06-06T12:22:43.9213075Z /usr/bin/tar: ../../../../../usr/local/lib/android/sdk/platforms/android-35-ext14/data/res/values-mcc405: Cannot change mode to rwxr-xr-x: Operation not permitted
build	Cache Android SDK	2026-06-06T12:22:43.9216989Z /usr/bin/tar: ../../../../../usr/local/lib/android/sdk/platforms/android-35-ext14/data/res/values-mcc310-mnc560-km: Cannot utime: Operation not permitted
build	Cache Android SDK	2026-06-06T12:22:43.9217567Z /usr/bin/tar: ../../../../../usr/local/lib/android/sdk/platforms/android-35-ext14/data/res/values-mcc310-mnc560-km: Cannot change mode to rwxr-xr-x: Operation not permitted
build	Cache Android SDK	2026-06-06T12:22:43.9223620Z /usr/bin/tar: ../../../../../usr/local/lib/android/sdk/platforms/android-35-ext14/data/res/values-is: Cannot utime: Operation not permitted
build	Cache Android SDK	2026-06-06T12:22:43.9224692Z /usr/bin/tar: ../../../../../usr/local/lib/android/sdk/platforms/android-35-ext14/data/res/values-is: Cannot change mode to rwxr-xr-x: Operation not permitted
build	Cache Android SDK	2026-06-06T12:22:43.9227064Z /usr/bin/tar: ../../../../../usr/local/lib/android/sdk/platforms/android-35-ext14/data/res/values-mcc334-mnc020-it: Cannot utime: Operation not permitted
build	Cache Android SDK	2026-06-06T12:22:43.9227688Z /usr/bin/tar: ../../../../../usr/local/lib/android/sdk/platforms/android-35-ext14/data/res/values-mcc334-mnc020-it: Cannot change mode to rwxr-xr-x: Operation not permitted
build	Cache Android SDK	2026-06-06T12:22:43.9230049Z /usr/bin/tar: ../../../../../usr/local/lib/android/sdk/platforms/android-35-ext14/data/res/values-mcc310-mnc230-nl: Cannot utime: Operation not permitted
build	Cache Android SDK	2026-06-06T12:22:43.9230517Z /usr/bin/tar: ../../../../../usr/local/lib/android/sdk/platforms/android-35-ext14/data/res/values-mcc310-mnc230-nl: Cannot change mode to rwxr-xr-x: Operation not permitted
build	Cache Android SDK	2026-06-06T12:22:43.9233101Z /usr/bin/tar: ../../../../../usr/local/lib/android/sdk/platforms/android-35-ext14/data/res/values-mcc310-mnc800-vi: Cannot utime: Operation not permitted
build	Cache Android SDK	2026-06-06T12:22:43.9233568Z /usr/bin/tar: ../../../../../usr/local/lib/android/sdk/platforms/android-35-ext14/data/res/values-mcc310-mnc800-vi: Cannot change mode to rwxr-xr-x: Operation not permitted
build	Cache Android SDK	2026-06-06T12:22:43.9236479Z /usr/bin/tar: ../../../../../usr/local/lib/android/sdk/platforms/android-35-ext14/data/res/values-ta-television: Cannot utime: Operation not permitted
build	Cache Android SDK	2026-06-06T12:22:43.9236941Z /usr/bin/tar: ../../../../../usr/local/lib/android/sdk/platforms/android-35-ext14/data/res/values-ta-television: Cannot change mode to rwxr-xr-x: Operation not permitted
build	Cache Android SDK	2026-06-06T12:22:43.9242086Z /usr/bin/tar: ../../../../../usr/local/lib/android/sdk/platforms/android-35-ext14/data/res/values-mcc302-mnc370-bs: Cannot utime: Operation not permitted
build	Cache Android SDK	2026-06-06T12:22:43.9242544Z /usr/bin/tar: ../../../../../usr/local/lib/android/sdk/platforms/android-35-ext14/data/res/values-mcc302-mnc370-bs: Cannot change mode to rwxr-xr-x: Operation not permitted
build	Cache Android SDK	2026-06-06T12:22:43.9247544Z /usr/bin/tar: ../../../../../usr/local/lib/android/sdk/platforms/android-35-ext14/data/res/values-sw600dp: Cannot utime: Operation not permitted
build	Cache Android SDK	2026-06-06T12:22:43.9247994Z /usr/bin/tar: ../../../../../usr/local/lib/android/sdk/platforms/android-35-ext14/data/res/values-sw600dp: Cannot change mode to rwxr-xr-x: Operation not permitted
build	Cache Android SDK	2026-06-06T12:22:43.9250844Z /usr/bin/tar: ../../../../../usr/local/lib/android/sdk/platforms/android-35-ext14/data/res/values-mcc310-mnc490-pl: Cannot utime: Operation not permitted
build	Cache Android SDK	2026-06-06T12:22:43.9251304Z /usr/bin/tar: ../../../../../usr/local/lib/android/sdk/platforms/android-35-ext14/data/res/values-mcc310-mnc490-pl: Cannot change mode to rwxr-xr-x: Operation not permitted
build	Cache Android SDK	2026-06-06T12:22:43.9253964Z /usr/bin/tar: ../../../../../usr/local/lib/android/sdk/platforms/android-35-ext14/data/res/values-mcc313-mnc100-da: Cannot utime: Operation not permitted
build	Cache Android SDK	2026-06-06T12:22:43.9254424Z /usr/bin/tar: ../../../../../usr/local/lib/android/sdk/platforms/android-35-ext14/data/res/values-mcc313-mnc100-da: Cannot change mode to rwxr-xr-x: Operation not permitted
build	Cache Android SDK	2026-06-06T12:22:43.9257212Z /usr/bin/tar: ../../../../../usr/local/lib/android/sdk/platforms/android-35-ext14/data/res/values-mcc313-mnc100-ta: Cannot utime: Operation not permitted
build	Cache Android SDK	2026-06-06T12:22:43.9257834Z /usr/bin/tar: ../../../../../usr/local/lib/android/sdk/platforms/android-35-ext14/data/res/values-mcc313-mnc100-ta: Cannot change mode to rwxr-xr-x: Operation not permitted
build	Cache Android SDK	2026-06-06T12:22:43.9260514Z /usr/bin/tar: ../../../../../usr/local/lib/android/sdk/platforms/android-35-ext14/data/res/values-mcc310-mnc220-sq: Cannot utime: Operation not permitted
build	Cache Android SDK	2026-06-06T12:22:43.9260972Z /usr/bin/tar: ../../../../../usr/local/lib/android/sdk/platforms/android-35-ext14/data/res/values-mcc310-mnc220-sq: Cannot change mode to rwxr-xr-x: Operation not permitted
build	Cache Android SDK	2026-06-06T12:22:43.9263840Z /usr/bin/tar: ../../../../../usr/local/lib/android/sdk/platforms/android-35-ext14/data/res/values-mcc310-mnc250-zh-rCN: Cannot utime: Operation not permitted
build	Cache Android SDK	2026-06-06T12:22:43.9264325Z /usr/bin/tar: ../../../../../usr/local/lib/android/sdk/platforms/android-35-ext14/data/res/values-mcc310-mnc250-zh-rCN: Cannot change mode to rwxr-xr-x: Operation not permitted
build	Cache Android SDK	2026-06-06T12:22:43.9267715Z /usr/bin/tar: ../../../../../usr/local/lib/android/sdk/platforms/android-35-ext14/data/res/values-mcc310-mnc150-gu: Cannot utime: Operation not permitted
build	Cache Android SDK	2026-06-06T12:22:43.9268176Z /usr/bin/tar: ../../../../../usr/local/lib/android/sdk/platforms/android-35-ext14/data/res/values-mcc310-mnc150-gu: Cannot change mode to rwxr-xr-x: Operation not permitted
build	Cache Android SDK	2026-06-06T12:22:43.9271536Z /usr/bin/tar: ../../../../../usr/local/lib/android/sdk/platforms/android-35-ext14/data/res/values-mcc310-mnc230-si: Cannot utime: Operation not permitted
build	Cache Android SDK	2026-06-06T12:22:43.9271991Z /usr/bin/tar: ../../../../../usr/local/lib/android/sdk/platforms/android-35-ext14/data/res/values-mcc310-mnc230-si: Cannot change mode to rwxr-xr-x: Operation not permitted
build	Cache Android SDK	2026-06-06T12:22:43.9275686Z /usr/bin/tar: ../../../../../usr/local/lib/android/sdk/platforms/android-35-ext14/data/res/values-mcc311-mnc180-ar: Cannot utime: Operation not permitted
build	Cache Android SDK	2026-06-06T12:22:43.9276152Z /usr/bin/tar: ../../../../../usr/local/lib/android/sdk/platforms/android-35-ext14/data/res/values-mcc311-mnc180-ar: Cannot change mode to rwxr-xr-x: Operation not permitted
build	Cache Android SDK	2026-06-06T12:22:43.9278944Z /usr/bin/tar: ../../../../../usr/local/lib/android/sdk/platforms/android-35-ext14/data/res/values-mcc310-mnc800-ca: Cannot utime: Operation not permitted
build	Cache Android SDK	2026-06-06T12:22:43.9279404Z /usr/bin/tar: ../../../../../usr/local/lib/android/sdk/platforms/android-35-ext14/data/res/values-mcc310-mnc800-ca: Cannot change mode to rwxr-xr-x: Operation not permitted
build	Cache Android SDK	2026-06-06T12:22:43.9281854Z /usr/bin/tar: ../../../../../usr/local/lib/android/sdk/platforms/android-35-ext14/data/res/values-mcc310-mnc560-as: Cannot utime: Operation not permitted
build	Cache Android SDK	2026-06-06T12:22:43.9282313Z /usr/bin/tar: ../../../../../usr/local/lib/android/sdk/platforms/android-35-ext14/data/res/values-mcc310-mnc560-as: Cannot change mode to rwxr-xr-x: Operation not permitted
build	Cache Android SDK	2026-06-06T12:22:43.9285824Z /usr/bin/tar: ../../../../../usr/local/lib/android/sdk/platforms/android-35-ext14/data/res/values-mcc310-mnc310-zh-rCN: Cannot utime: Operation not permitted
build	Cache Android SDK	2026-06-06T12:22:43.9286446Z /usr/bin/tar: ../../../../../usr/local/lib/android/sdk/platforms/android-35-ext14/data/res/values-mcc310-mnc310-zh-rCN: Cannot change mode to rwxr-xr-x: Operation not permitted
build	Cache Android SDK	2026-06-06T12:22:43.9289054Z /usr/bin/tar: ../../../../../usr/local/lib/android/sdk/platforms/android-35-ext14/data/res/values-mcc310-mnc800-gl: Cannot utime: Operation not permitted
build	Cache Android SDK	2026-06-06T12:22:43.9289509Z /usr/bin/tar: ../../../../../usr/local/lib/android/sdk/platforms/android-35-ext14/data/res/values-mcc310-mnc800-gl: Cannot change mode to rwxr-xr-x: Operation not permitted
build	Cache Android SDK	2026-06-06T12:22:43.9292027Z /usr/bin/tar: ../../../../../usr/local/lib/android/sdk/platforms/android-35-ext14/data/res/values-mcc310-mnc240-si: Cannot utime: Operation not permitted
build	Cache Android SDK	2026-06-06T12:22:43.9292606Z /usr/bin/tar: ../../../../../usr/local/lib/android/sdk/platforms/android-35-ext14/data/res/values-mcc310-mnc240-si: Cannot change mode to rwxr-xr-x: Operation not permitted
build	Cache Android SDK	2026-06-06T12:22:43.9295102Z /usr/bin/tar: ../../../../../usr/local/lib/android/sdk/platforms/android-35-ext14/data/res/values-mcc313-mnc100-en-rAU: Cannot utime: Operation not permitted
build	Cache Android SDK	2026-06-06T12:22:43.9295585Z /usr/bin/tar: ../../../../../usr/local/lib/android/sdk/platforms/android-35-ext14/data/res/values-mcc313-mnc100-en-rAU: Cannot change mode to rwxr-xr-x: Operation not permitted
build	Cache Android SDK	2026-06-06T12:22:43.9298310Z /usr/bin/tar: ../../../../../usr/local/lib/android/sdk/platforms/android-35-ext14/data/res/values-mcc310-mnc280-sk: Cannot utime: Operation not permitted
build	Cache Android SDK	2026-06-06T12:22:43.9298931Z /usr/bin/tar: ../../../../../usr/local/lib/android/sdk/platforms/android-35-ext14/data/res/values-mcc310-mnc280-sk: Cannot change mode to rwxr-xr-x: Operation not permitted
build	Cache Android SDK	2026-06-06T12:22:43.9301424Z /usr/bin/tar: ../../../../../usr/local/lib/android/sdk/platforms/android-35-ext14/data/res/values-mcc310-mnc170-or: Cannot utime: Operation not permitted
build	Cache Android SDK	2026-06-06T12:22:43.9301892Z /usr/bin/tar: ../../../../../usr/local/lib/android/sdk/platforms/android-35-ext14/data/res/values-mcc310-mnc170-or: Cannot change mode to rwxr-xr-x: Operation not permitted
build	Cache Android SDK	2026-06-06T12:22:43.9304297Z /usr/bin/tar: ../../../../../usr/local/lib/android/sdk/platforms/android-35-ext14/data/res/values-mcc310-mnc200-ko: Cannot utime: Operation not permitted
build	Cache Android SDK	2026-06-06T12:22:43.9304757Z /usr/bin/tar: ../../../../../usr/local/lib/android/sdk/platforms/android-35-ext14/data/res/values-mcc310-mnc200-ko: Cannot change mode to rwxr-xr-x: Operation not permitted
build	Cache Android SDK	2026-06-06T12:22:43.9308422Z /usr/bin/tar: ../../../../../usr/local/lib/android/sdk/platforms/android-35-ext14/data/res/values-mcc310-mnc270-b+sr+Latn: Cannot utime: Operation not permitted
build	Cache Android SDK	2026-06-06T12:22:43.9309025Z /usr/bin/tar: ../../../../../usr/local/lib/android/sdk/platforms/android-35-ext14/data/res/values-mcc310-mnc270-b+sr+Latn: Cannot change mode to rwxr-xr-x: Operation not permitted
build	Cache Android SDK	2026-06-06T12:22:43.9312270Z /usr/bin/tar: ../../../../../usr/local/lib/android/sdk/platforms/android-35-ext14/data/res/values-uz-television: Cannot utime: Operation not permitted
build	Cache Android SDK	2026-06-06T12:22:43.9312789Z /usr/bin/tar: ../../../../../usr/local/lib/android/sdk/platforms/android-35-ext14/data/res/values-uz-television: Cannot change mode to rwxr-xr-x: Operation not permitted
build	Cache Android SDK	2026-06-06T12:22:43.9315605Z /usr/bin/tar: ../../../../../usr/local/lib/android/sdk/platforms/android-35-ext14/data/res/values-mcc310-mnc030-tr: Cannot utime: Operation not permitted
build	Cache Android SDK	2026-06-06T12:22:43.9316099Z /usr/bin/tar: ../../../../../usr/local/lib/android/sdk/platforms/android-35-ext14/data/res/values-mcc310-mnc030-tr: Cannot change mode to rwxr-xr-x: Operation not permitted
build	Cache Android SDK	2026-06-06T12:22:43.9319258Z /usr/bin/tar: ../../../../../usr/local/lib/android/sdk/platforms/android-35-ext14/data/res/values-vi-television: Cannot utime: Operation not permitted
build	Cache Android SDK	2026-06-06T12:22:43.9319754Z /usr/bin/tar: ../../../../../usr/local/lib/android/sdk/platforms/android-35-ext14/data/res/values-vi-television: Cannot change mode to rwxr-xr-x: Operation not permitted
build	Cache Android SDK	2026-06-06T12:22:43.9323281Z /usr/bin/tar: ../../../../../usr/local/lib/android/sdk/platforms/android-35-ext14/data/res/values-mcc310-mnc800-sv: Cannot utime: Operation not permitted
build	Cache Android SDK	2026-06-06T12:22:43.9323764Z /usr/bin/tar: ../../../../../usr/local/lib/android/sdk/platforms/android-35-ext14/data/res/values-mcc310-mnc800-sv: Cannot change mode to rwxr-xr-x: Operation not permitted
build	Cache Android SDK	2026-06-06T12:22:43.9326604Z /usr/bin/tar: ../../../../../usr/local/lib/android/sdk/platforms/android-35-ext14/data/res/values-mcc001-mnc01-mn: Cannot utime: Operation not permitted
build	Cache Android SDK	2026-06-06T12:22:43.9327092Z /usr/bin/tar: ../../../../../usr/local/lib/android/sdk/platforms/android-35-ext14/data/res/values-mcc001-mnc01-mn: Cannot change mode to rwxr-xr-x: Operation not permitted
build	Cache Android SDK	2026-06-06T12:22:43.9330552Z /usr/bin/tar: ../../../../../usr/local/lib/android/sdk/platforms/android-35-ext14/data/res/values-mcc001-mnc01-sk: Cannot utime: Operation not permitted
build	Cache Android SDK	2026-06-06T12:22:43.9331043Z /usr/bin/tar: ../../../../../usr/local/lib/android/sdk/platforms/android-35-ext14/data/res/values-mcc001-mnc01-sk: Cannot change mode to rwxr-xr-x: Operation not permitted
build	Cache Android SDK	2026-06-06T12:22:43.9333367Z /usr/bin/tar: ../../../../../usr/local/lib/android/sdk/platforms/android-35-ext14/data/res/values-mcc311-mnc180-ko: Cannot utime: Operation not permitted
build	Cache Android SDK	2026-06-06T12:22:43.9333844Z /usr/bin/tar: ../../../../../usr/local/lib/android/sdk/platforms/android-35-ext14/data/res/values-mcc311-mnc180-ko: Cannot change mode to rwxr-xr-x: Operation not permitted
build	Cache Android SDK	2026-06-06T12:22:43.9336864Z /usr/bin/tar: ../../../../../usr/local/lib/android/sdk/platforms/android-35-ext14/data/res/raw-fi: Cannot utime: Operation not permitted
build	Cache Android SDK	2026-06-06T12:22:43.9337305Z /usr/bin/tar: ../../../../../usr/local/lib/android/sdk/platforms/android-35-ext14/data/res/raw-fi: Cannot change mode to rwxr-xr-x: Operation not permitted
build	Cache Android SDK	2026-06-06T12:22:43.9340118Z /usr/bin/tar: ../../../../../usr/local/lib/android/sdk/platforms/android-35-ext14/data/res/values-mcc313-mnc100-gu: Cannot utime: Operation not permitted
build	Cache Android SDK	2026-06-06T12:22:43.9340619Z /usr/bin/tar: ../../../../../usr/local/lib/android/sdk/platforms/android-35-ext14/data/res/values-mcc313-mnc100-gu: Cannot change mode to rwxr-xr-x: Operation not permitted
build	Cache Android SDK	2026-06-06T12:22:43.9343486Z /usr/bin/tar: ../../../../../usr/local/lib/android/sdk/platforms/android-35-ext14/data/res/values-mcc310-mnc240-lv: Cannot utime: Operation not permitted
build	Cache Android SDK	2026-06-06T12:22:43.9343963Z /usr/bin/tar: ../../../../../usr/local/lib/android/sdk/platforms/android-35-ext14/data/res/values-mcc310-mnc240-lv: Cannot change mode to rwxr-xr-x: Operation not permitted
build	Cache Android SDK	2026-06-06T12:22:43.9347252Z /usr/bin/tar: ../../../../../usr/local/lib/android/sdk/platforms/android-35-ext14/data/res/values-mcc310-mnc280-zh-rCN: Cannot utime: Operation not permitted
build	Cache Android SDK	2026-06-06T12:22:43.9347896Z /usr/bin/tar: ../../../../../usr/local/lib/android/sdk/platforms/android-35-ext14/data/res/values-mcc310-mnc280-zh-rCN: Cannot change mode to rwxr-xr-x: Operation not permitted
build	Cache Android SDK	2026-06-06T12:22:43.9350829Z /usr/bin/tar: ../../../../../usr/local/lib/android/sdk/platforms/android-35-ext14/data/res/values-en-rNZ: Cannot utime: Operation not permitted
build	Cache Android SDK	2026-06-06T12:22:43.9351291Z /usr/bin/tar: ../../../../../usr/local/lib/android/sdk/platforms/android-35-ext14/data/res/values-en-rNZ: Cannot change mode to rwxr-xr-x: Operation not permitted
build	Cache Android SDK	2026-06-06T12:22:43.9354640Z /usr/bin/tar: ../../../../../usr/local/lib/android/sdk/platforms/android-35-ext14/data/res/values-mcc310-mnc240-fr: Cannot utime: Operation not permitted
build	Cache Android SDK	2026-06-06T12:22:43.9355129Z /usr/bin/tar: ../../../../../usr/local/lib/android/sdk/platforms/android-35-ext14/data/res/values-mcc310-mnc240-fr: Cannot change mode to rwxr-xr-x: Operation not permitted
build	Cache Android SDK	2026-06-06T12:22:43.9358621Z /usr/bin/tar: ../../../../../usr/local/lib/android/sdk/platforms/android-35-ext14/data/res/values-mcc310-mnc250-si: Cannot utime: Operation not permitted
build	Cache Android SDK	2026-06-06T12:22:43.9359167Z /usr/bin/tar: ../../../../../usr/local/lib/android/sdk/platforms/android-35-ext14/data/res/values-mcc310-mnc250-si: Cannot change mode to rwxr-xr-x: Operation not permitted
build	Cache Android SDK	2026-06-06T12:22:43.9361637Z /usr/bin/tar: ../../../../../usr/local/lib/android/sdk/platforms/android-35-ext14/data/res/values-mcc310-mnc170-ja: Cannot utime: Operation not permitted
build	Cache Android SDK	2026-06-06T12:22:43.9362113Z /usr/bin/tar: ../../../../../usr/local/lib/android/sdk/platforms/android-35-ext14/data/res/values-mcc310-mnc170-ja: Cannot change mode to rwxr-xr-x: Operation not permitted
build	Cache Android SDK	2026-06-06T12:22:43.9364624Z /usr/bin/tar: ../../../../../usr/local/lib/android/sdk/platforms/android-35-ext14/data/res/values-mcc302-mnc720-hu: Cannot utime: Operation not permitted
build	Cache Android SDK	2026-06-06T12:22:43.9365088Z /usr/bin/tar: ../../../../../usr/local/lib/android/sdk/platforms/android-35-ext14/data/res/values-mcc302-mnc720-hu: Cannot change mode to rwxr-xr-x: Operation not permitted
build	Cache Android SDK	2026-06-06T12:22:43.9368301Z /usr/bin/tar: ../../../../../usr/local/lib/android/sdk/platforms/android-35-ext14/data/res/values-mcc310-mnc160-zh-rTW: Cannot utime: Operation not permitted
build	Cache Android SDK	2026-06-06T12:22:43.9368812Z /usr/bin/tar: ../../../../../usr/local/lib/android/sdk/platforms/android-35-ext14/data/res/values-mcc310-mnc160-zh-rTW: Cannot change mode to rwxr-xr-x: Operation not permitted
build	Cache Android SDK	2026-06-06T12:22:43.9371784Z /usr/bin/tar: ../../../../../usr/local/lib/android/sdk/platforms/android-35-ext14/data/res/values-mcc310-mnc310-gl: Cannot utime: Operation not permitted
build	Cache Android SDK	2026-06-06T12:22:43.9372261Z /usr/bin/tar: ../../../../../usr/local/lib/android/sdk/platforms/android-35-ext14/data/res/values-mcc310-mnc310-gl: Cannot change mode to rwxr-xr-x: Operation not permitted
build	Cache Android SDK	2026-06-06T12:22:43.9374527Z /usr/bin/tar: ../../../../../usr/local/lib/android/sdk/platforms/android-35-ext14/data/res/values-mcc310-mnc030-hr: Cannot utime: Operation not permitted
build	Cache Android SDK	2026-06-06T12:22:43.9375011Z /usr/bin/tar: ../../../../../usr/local/lib/android/sdk/platforms/android-35-ext14/data/res/values-mcc310-mnc030-hr: Cannot change mode to rwxr-xr-x: Operation not permitted
build	Cache Android SDK	2026-06-06T12:22:43.9377607Z /usr/bin/tar: ../../../../../usr/local/lib/android/sdk/platforms/android-35-ext14/data/res/values-mcc310-mnc280-ka: Cannot utime: Operation not permitted
build	Cache Android SDK	2026-06-06T12:22:43.9378124Z /usr/bin/tar: ../../../../../usr/local/lib/android/sdk/platforms/android-35-ext14/data/res/values-mcc310-mnc280-ka: Cannot change mode to rwxr-xr-x: Operation not permitted
build	Cache Android SDK	2026-06-06T12:22:43.9380654Z /usr/bin/tar: ../../../../../usr/local/lib/android/sdk/platforms/android-35-ext14/data/res/values-mcc310-mnc950-te: Cannot utime: Operation not permitted
build	Cache Android SDK	2026-06-06T12:22:43.9381164Z /usr/bin/tar: ../../../../../usr/local/lib/android/sdk/platforms/android-35-ext14/data/res/values-mcc310-mnc950-te: Cannot change mode to rwxr-xr-x: Operation not permitted
build	Cache Android SDK	2026-06-06T12:22:43.9383608Z /usr/bin/tar: ../../../../../usr/local/lib/android/sdk/platforms/android-35-ext14/data/res/values-mcc302-mnc720-ka: Cannot utime: Operation not permitted
build	Cache Android SDK	2026-06-06T12:22:43.9384082Z /usr/bin/tar: ../../../../../usr/local/lib/android/sdk/platforms/android-35-ext14/data/res/values-mcc302-mnc720-ka: Cannot change mode to rwxr-xr-x: Operation not permitted
build	Cache Android SDK	2026-06-06T12:22:43.9386467Z /usr/bin/tar: ../../../../../usr/local/lib/android/sdk/platforms/android-35-ext14/data/res/values-mcc310-mnc210-pt: Cannot utime: Operation not permitted
build	Cache Android SDK	2026-06-06T12:22:43.9386946Z /usr/bin/tar: ../../../../../usr/local/lib/android/sdk/platforms/android-35-ext14/data/res/values-mcc310-mnc210-pt: Cannot change mode to rwxr-xr-x: Operation not permitted
build	Cache Android SDK	2026-06-06T12:22:43.9389573Z /usr/bin/tar: ../../../../../usr/local/lib/android/sdk/platforms/android-35-ext14/data/res/values-mcc310-mnc250-b+sr+Latn: Cannot utime: Operation not permitted
build	Cache Android SDK	2026-06-06T12:22:43.9390073Z /usr/bin/tar: ../../../../../usr/local/lib/android/sdk/platforms/android-35-ext14/data/res/values-mcc310-mnc250-b+sr+Latn: Cannot change mode to rwxr-xr-x: Operation not permitted
build	Cache Android SDK	2026-06-06T12:22:43.9392916Z /usr/bin/tar: ../../../../../usr/local/lib/android/sdk/platforms/android-35-ext14/data/res/values-mcc310-mnc380-iw: Cannot utime: Operation not permitted
build	Cache Android SDK	2026-06-06T12:22:43.9393609Z /usr/bin/tar: ../../../../../usr/local/lib/android/sdk/platforms/android-35-ext14/data/res/values-mcc310-mnc380-iw: Cannot change mode to rwxr-xr-x: Operation not permitted
build	Cache Android SDK	2026-06-06T12:22:43.9395755Z /usr/bin/tar: ../../../../../usr/local/lib/android/sdk/platforms/android-35-ext14/data/res/values-mcc732-mnc123: Cannot utime: Operation not permitted
build	Cache Android SDK	2026-06-06T12:22:43.9396213Z /usr/bin/tar: ../../../../../usr/local/lib/android/sdk/platforms/android-35-ext14/data/res/values-mcc732-mnc123: Cannot change mode to rwxr-xr-x: Operation not permitted
build	Cache Android SDK	2026-06-06T12:22:43.9399796Z /usr/bin/tar: ../../../../../usr/local/lib/android/sdk/platforms/android-35-ext14/data/res/values-mcc302-mnc370-cs: Cannot utime: Operation not permitted
build	Cache Android SDK	2026-06-06T12:22:43.9400600Z /usr/bin/tar: ../../../../../usr/local/lib/android/sdk/platforms/android-35-ext14/data/res/values-mcc302-mnc370-cs: Cannot change mode to rwxr-xr-x: Operation not permitted
build	Cache Android SDK	2026-06-06T12:22:43.9403009Z /usr/bin/tar: ../../../../../usr/local/lib/android/sdk/platforms/android-35-ext14/data/res/values-mcc311-mnc180-sr: Cannot utime: Operation not permitted
build	Cache Android SDK	2026-06-06T12:22:43.9403494Z /usr/bin/tar: ../../../../../usr/local/lib/android/sdk/platforms/android-35-ext14/data/res/values-mcc311-mnc180-sr: Cannot change mode to rwxr-xr-x: Operation not permitted
build	Cache Android SDK	2026-06-06T12:22:43.9406392Z /usr/bin/tar: ../../../../../usr/local/lib/android/sdk/platforms/android-35-ext14/data/res/values-mcc302-mnc370-ur: Cannot utime: Operation not permitted
build	Cache Android SDK	2026-06-06T12:22:43.9406871Z /usr/bin/tar: ../../../../../usr/local/lib/android/sdk/platforms/android-35-ext14/data/res/values-mcc302-mnc370-ur: Cannot change mode to rwxr-xr-x: Operation not permitted
build	Cache Android SDK	2026-06-06T12:22:43.9409530Z /usr/bin/tar: ../../../../../usr/local/lib/android/sdk/platforms/android-35-ext14/data/res/values-mcc310-mnc230-kk: Cannot utime: Operation not permitted
build	Cache Android SDK	2026-06-06T12:22:43.9410020Z /usr/bin/tar: ../../../../../usr/local/lib/android/sdk/platforms/android-35-ext14/data/res/values-mcc310-mnc230-kk: Cannot change mode to rwxr-xr-x: Operation not permitted
build	Cache Android SDK	2026-06-06T12:22:43.9412596Z /usr/bin/tar: ../../../../../usr/local/lib/android/sdk/platforms/android-35-ext14/data/res/values-mcc310-mnc490-eu: Cannot utime: Operation not permitted
build	Cache Android SDK	2026-06-06T12:22:43.9413067Z /usr/bin/tar: ../../../../../usr/local/lib/android/sdk/platforms/android-35-ext14/data/res/values-mcc310-mnc490-eu: Cannot change mode to rwxr-xr-x: Operation not permitted
build	Cache Android SDK	2026-06-06T12:22:43.9415417Z /usr/bin/tar: ../../../../../usr/local/lib/android/sdk/platforms/android-35-ext14/data/res/values-mcc310-mnc170-az: Cannot utime: Operation not permitted
build	Cache Android SDK	2026-06-06T12:22:43.9415912Z /usr/bin/tar: ../../../../../usr/local/lib/android/sdk/platforms/android-35-ext14/data/res/values-mcc310-mnc170-az: Cannot change mode to rwxr-xr-x: Operation not permitted
build	Cache Android SDK	2026-06-06T12:22:43.9418924Z /usr/bin/tar: ../../../../../usr/local/lib/android/sdk/platforms/android-35-ext14/data/res/values-mcc311-mnc480: Cannot utime: Operation not permitted
build	Cache Android SDK	2026-06-06T12:22:43.9419409Z /usr/bin/tar: ../../../../../usr/local/lib/android/sdk/platforms/android-35-ext14/data/res/values-mcc311-mnc480: Cannot change mode to rwxr-xr-x: Operation not permitted
build	Cache Android SDK	2026-06-06T12:22:43.9422533Z /usr/bin/tar: ../../../../../usr/local/lib/android/sdk/platforms/android-35-ext14/data/res/values-mcc310-mnc250-sw: Cannot utime: Operation not permitted
build	Cache Android SDK	2026-06-06T12:22:43.9423066Z /usr/bin/tar: ../../../../../usr/local/lib/android/sdk/platforms/android-35-ext14/data/res/values-mcc310-mnc250-sw: Cannot change mode to rwxr-xr-x: Operation not permitted
build	Cache Android SDK	2026-06-06T12:22:43.9429176Z /usr/bin/tar: ../../../../../usr/local/lib/android/sdk/platforms/android-35-ext14/data/res/values-gl: Cannot utime: Operation not permitted
build	Cache Android SDK	2026-06-06T12:22:43.9429949Z /usr/bin/tar: ../../../../../usr/local/lib/android/sdk/platforms/android-35-ext14/data/res/values-gl: Cannot change mode to rwxr-xr-x: Operation not permitted
build	Cache Android SDK	2026-06-06T12:22:43.9432472Z /usr/bin/tar: ../../../../../usr/local/lib/android/sdk/platforms/android-35-ext14/data/res/values-mcc001-mnc01-pt-rPT: Cannot utime: Operation not permitted
build	Cache Android SDK	2026-06-06T12:22:43.9432972Z /usr/bin/tar: ../../../../../usr/local/lib/android/sdk/platforms/android-35-ext14/data/res/values-mcc001-mnc01-pt-rPT: Cannot change mode to rwxr-xr-x: Operation not permitted
build	Cache Android SDK	2026-06-06T12:22:43.9436147Z /usr/bin/tar: ../../../../../usr/local/lib/android/sdk/platforms/android-35-ext14/data/res/values-mcc310-mnc250-ja: Cannot utime: Operation not permitted
build	Cache Android SDK	2026-06-06T12:22:43.9436611Z /usr/bin/tar: ../../../../../usr/local/lib/android/sdk/platforms/android-35-ext14/data/res/values-mcc310-mnc250-ja: Cannot change mode to rwxr-xr-x: Operation not permitted
build	Cache Android SDK	2026-06-06T12:22:43.9439879Z /usr/bin/tar: ../../../../../usr/local/lib/android/sdk/platforms/android-35-ext14/data/res/values-mcc311-mnc180-en-rGB: Cannot utime: Operation not permitted
build	Cache Android SDK	2026-06-06T12:22:43.9440378Z /usr/bin/tar: ../../../../../usr/local/lib/android/sdk/platforms/android-35-ext14/data/res/values-mcc311-mnc180-en-rGB: Cannot change mode to rwxr-xr-x: Operation not permitted
build	Cache Android SDK	2026-06-06T12:22:43.9443103Z /usr/bin/tar: ../../../../../usr/local/lib/android/sdk/platforms/android-35-ext14/data/res/values-mcc310-mnc220-tr: Cannot utime: Operation not permitted
build	Cache Android SDK	2026-06-06T12:22:43.9443577Z /usr/bin/tar: ../../../../../usr/local/lib/android/sdk/platforms/android-35-ext14/data/res/values-mcc310-mnc220-tr: Cannot change mode to rwxr-xr-x: Operation not permitted
build	Cache Android SDK	2026-06-06T12:22:43.9446403Z /usr/bin/tar: ../../../../../usr/local/lib/android/sdk/platforms/android-35-ext14/data/res/values-ms-television: Cannot utime: Operation not permitted
build	Cache Android SDK	2026-06-06T12:22:43.9446862Z /usr/bin/tar: ../../../../../usr/local/lib/android/sdk/platforms/android-35-ext14/data/res/values-ms-television: Cannot change mode to rwxr-xr-x: Operation not permitted
build	Cache Android SDK	2026-06-06T12:22:43.9450020Z /usr/bin/tar: ../../../../../usr/local/lib/android/sdk/platforms/android-35-ext14/data/res/values-mcc310-mnc380-hr: Cannot utime: Operation not permitted
build	Cache Android SDK	2026-06-06T12:22:43.9450503Z /usr/bin/tar: ../../../../../usr/local/lib/android/sdk/platforms/android-35-ext14/data/res/values-mcc310-mnc380-hr: Cannot change mode to rwxr-xr-x: Operation not permitted
build	Cache Android SDK	2026-06-06T12:22:43.9453139Z /usr/bin/tar: ../../../../../usr/local/lib/android/sdk/platforms/android-35-ext14/data/res/values-mcc313-mnc100-es: Cannot utime: Operation not permitted
build	Cache Android SDK	2026-06-06T12:22:43.9453612Z /usr/bin/tar: ../../../../../usr/local/lib/android/sdk/platforms/android-35-ext14/data/res/values-mcc313-mnc100-es: Cannot change mode to rwxr-xr-x: Operation not permitted
build	Cache Android SDK	2026-06-06T12:22:43.9456538Z /usr/bin/tar: ../../../../../usr/local/lib/android/sdk/platforms/android-35-ext14/data/res/values-mcc310-mnc410-uk: Cannot utime: Operation not permitted
build	Cache Android SDK	2026-06-06T12:22:43.9457014Z /usr/bin/tar: ../../../../../usr/local/lib/android/sdk/platforms/android-35-ext14/data/res/values-mcc310-mnc410-uk: Cannot change mode to rwxr-xr-x: Operation not permitted
build	Cache Android SDK	2026-06-06T12:22:43.9459603Z /usr/bin/tar: ../../../../../usr/local/lib/android/sdk/platforms/android-35-ext14/data/res/values-mcc310-mnc280-fa: Cannot utime: Operation not permitted
build	Cache Android SDK	2026-06-06T12:22:43.9460075Z /usr/bin/tar: ../../../../../usr/local/lib/android/sdk/platforms/android-35-ext14/data/res/values-mcc310-mnc280-fa: Cannot change mode to rwxr-xr-x: Operation not permitted
build	Cache Android SDK	2026-06-06T12:22:43.9462637Z /usr/bin/tar: ../../../../../usr/local/lib/android/sdk/platforms/android-35-ext14/data/res/values-mcc302-mnc720-bn: Cannot utime: Operation not permitted
build	Cache Android SDK	2026-06-06T12:22:43.9463126Z /usr/bin/tar: ../../../../../usr/local/lib/android/sdk/platforms/android-35-ext14/data/res/values-mcc302-mnc720-bn: Cannot change mode to rwxr-xr-x: Operation not permitted
build	Cache Android SDK	2026-06-06T12:22:43.9466425Z /usr/bin/tar: ../../../../../usr/local/lib/android/sdk/platforms/android-35-ext14/data/res/values-mcc262-mnc02: Cannot utime: Operation not permitted
build	Cache Android SDK	2026-06-06T12:22:43.9467040Z /usr/bin/tar: ../../../../../usr/local/lib/android/sdk/platforms/android-35-ext14/data/res/values-mcc262-mnc02: Cannot change mode to rwxr-xr-x: Operation not permitted
build	Cache Android SDK	2026-06-06T12:22:43.9469682Z /usr/bin/tar: ../../../../../usr/local/lib/android/sdk/platforms/android-35-ext14/data/res/values-mcc310-mnc230-cs: Cannot utime: Operation not permitted
build	Cache Android SDK	2026-06-06T12:22:43.9470146Z /usr/bin/tar: ../../../../../usr/local/lib/android/sdk/platforms/android-35-ext14/data/res/values-mcc310-mnc230-cs: Cannot change mode to rwxr-xr-x: Operation not permitted
build	Cache Android SDK	2026-06-06T12:22:43.9473023Z /usr/bin/tar: ../../../../../usr/local/lib/android/sdk/platforms/android-35-ext14/data/res/values-mcc310-mnc800-zu: Cannot utime: Operation not permitted
build	Cache Android SDK	2026-06-06T12:22:43.9473488Z /usr/bin/tar: ../../../../../usr/local/lib/android/sdk/platforms/android-35-ext14/data/res/values-mcc310-mnc800-zu: Cannot change mode to rwxr-xr-x: Operation not permitted
build	Cache Android SDK	2026-06-06T12:22:43.9479784Z /usr/bin/tar: ../../../../../usr/local/lib/android/sdk/platforms/android-35-ext14/data/res/values-fr: Cannot utime: Operation not permitted
build	Cache Android SDK	2026-06-06T12:22:43.9480500Z /usr/bin/tar: ../../../../../usr/local/lib/android/sdk/platforms/android-35-ext14/data/res/values-fr: Cannot change mode to rwxr-xr-x: Operation not permitted
build	Cache Android SDK	2026-06-06T12:22:43.9484122Z /usr/bin/tar: ../../../../../usr/local/lib/android/sdk/platforms/android-35-ext14/data/res/values-mcc310-mnc380-is: Cannot utime: Operation not permitted
build	Cache Android SDK	2026-06-06T12:22:43.9485043Z /usr/bin/tar: ../../../../../usr/local/lib/android/sdk/platforms/android-35-ext14/data/res/values-mcc310-mnc380-is: Cannot change mode to rwxr-xr-x: Operation not permitted
build	Cache Android SDK	2026-06-06T12:22:43.9487273Z /usr/bin/tar: ../../../../../usr/local/lib/android/sdk/platforms/android-35-ext14/data/res/values-mcc466-mnc06: Cannot utime: Operation not permitted
build	Cache Android SDK	2026-06-06T12:22:43.9487931Z /usr/bin/tar: ../../../../../usr/local/lib/android/sdk/platforms/android-35-ext14/data/res/values-mcc466-mnc06: Cannot change mode to rwxr-xr-x: Operation not permitted
build	Cache Android SDK	2026-06-06T12:22:43.9490961Z /usr/bin/tar: ../../../../../usr/local/lib/android/sdk/platforms/android-35-ext14/data/res/values-mcc310-mnc490-uz: Cannot utime: Operation not permitted
build	Cache Android SDK	2026-06-06T12:22:43.9491668Z /usr/bin/tar: ../../../../../usr/local/lib/android/sdk/platforms/android-35-ext14/data/res/values-mcc310-mnc490-uz: Cannot change mode to rwxr-xr-x: Operation not permitted
build	Cache Android SDK	2026-06-06T12:22:43.9494220Z /usr/bin/tar: ../../../../../usr/local/lib/android/sdk/platforms/android-35-ext14/data/res/values-mcc310-mnc270-ja: Cannot utime: Operation not permitted
build	Cache Android SDK	2026-06-06T12:22:43.9494733Z /usr/bin/tar: ../../../../../usr/local/lib/android/sdk/platforms/android-35-ext14/data/res/values-mcc310-mnc270-ja: Cannot change mode to rwxr-xr-x: Operation not permitted
build	Cache Android SDK	2026-06-06T12:22:43.9500463Z /usr/bin/tar: ../../../../../usr/local/lib/android/sdk/platforms/android-35-ext14/data/res/values-mcc302-mnc720-hi: Cannot utime: Operation not permitted
build	Cache Android SDK	2026-06-06T12:22:43.9515400Z /usr/bin/tar: ../../../../../usr/local/lib/android/sdk/platforms/android-35-ext14/data/res/values-mcc302-mnc720-hi: Cannot change mode to rwxr-xr-x: Operation not permitted
build	Cache Android SDK	2026-06-06T12:22:43.9516765Z /usr/bin/tar: ../../../../../usr/local/lib/android/sdk/platforms/android-35-ext14/data/res/values-mcc302-mnc720-bg: Cannot utime: Operation not permitted
build	Cache Android SDK	2026-06-06T12:22:43.9518013Z /usr/bin/tar: ../../../../../usr/local/lib/android/sdk/platforms/android-35-ext14/data/res/values-mcc302-mnc720-bg: Cannot change mode to rwxr-xr-x: Operation not permitted
build	Cache Android SDK	2026-06-06T12:22:43.9518718Z /usr/bin/tar: ../../../../../usr/local/lib/android/sdk/platforms/android-35-ext14/data/res/values-mcc310-mnc380-af: Cannot utime: Operation not permitted
build	Cache Android SDK	2026-06-06T12:22:43.9519619Z /usr/bin/tar: ../../../../../usr/local/lib/android/sdk/platforms/android-35-ext14/data/res/values-mcc310-mnc380-af: Cannot change mode to rwxr-xr-x: Operation not permitted
build	Cache Android SDK	2026-06-06T12:22:43.9520481Z /usr/bin/tar: ../../../../../usr/local/lib/android/sdk/platforms/android-35-ext14/data/res/values-mcc001-mnc01-fi: Cannot utime: Operation not permitted
build	Cache Android SDK	2026-06-06T12:22:43.9521626Z /usr/bin/tar: ../../../../../usr/local/lib/android/sdk/platforms/android-35-ext14/data/res/values-mcc001-mnc01-fi: Cannot change mode to rwxr-xr-x: Operation not permitted
build	Cache Android SDK	2026-06-06T12:22:43.9522413Z /usr/bin/tar: ../../../../../usr/local/lib/android/sdk/platforms/android-35-ext14/data/res/values-mcc310-mnc490-mn: Cannot utime: Operation not permitted
build	Cache Android SDK	2026-06-06T12:22:43.9523341Z /usr/bin/tar: ../../../../../usr/local/lib/android/sdk/platforms/android-35-ext14/data/res/values-mcc310-mnc490-mn: Cannot change mode to rwxr-xr-x: Operation not permitted
build	Cache Android SDK	2026-06-06T12:22:43.9524470Z /usr/bin/tar: ../../../../../usr/local/lib/android/sdk/platforms/android-35-ext14/data/res/values-mcc310-mnc410-fa: Cannot utime: Operation not permitted
build	Cache Android SDK	2026-06-06T12:22:43.9525655Z /usr/bin/tar: ../../../../../usr/local/lib/android/sdk/platforms/android-35-ext14/data/res/values-mcc310-mnc410-fa: Cannot change mode to rwxr-xr-x: Operation not permitted
build	Cache Android SDK	2026-06-06T12:22:43.9526508Z /usr/bin/tar: ../../../../../usr/local/lib/android/sdk/platforms/android-35-ext14/data/res/values-mcc310-mnc410-iw: Cannot utime: Operation not permitted
build	Cache Android SDK	2026-06-06T12:22:43.9527625Z /usr/bin/tar: ../../../../../usr/local/lib/android/sdk/platforms/android-35-ext14/data/res/values-mcc310-mnc410-iw: Cannot change mode to rwxr-xr-x: Operation not permitted
build	Cache Android SDK	2026-06-06T12:22:43.9528508Z /usr/bin/tar: ../../../../../usr/local/lib/android/sdk/platforms/android-35-ext14/data/res/values-mcc310-mnc380-zu: Cannot utime: Operation not permitted
build	Cache Android SDK	2026-06-06T12:22:43.9529157Z /usr/bin/tar: ../../../../../usr/local/lib/android/sdk/platforms/android-35-ext14/data/res/values-mcc310-mnc380-zu: Cannot change mode to rwxr-xr-x: Operation not permitted
build	Cache Android SDK	2026-06-06T12:22:43.9536469Z /usr/bin/tar: ../../../../../usr/local/lib/android/sdk/platforms/android-35-ext14/data/res/values-iw: Cannot utime: Operation not permitted
build	Cache Android SDK	2026-06-06T12:22:43.9536944Z /usr/bin/tar: ../../../../../usr/local/lib/android/sdk/platforms/android-35-ext14/data/res/values-iw: Cannot change mode to rwxr-xr-x: Operation not permitted
build	Cache Android SDK	2026-06-06T12:22:43.9538483Z /usr/bin/tar: ../../../../../usr/local/lib/android/sdk/platforms/android-35-ext14/data/res/values-mcc310-mnc150-en-rIN: Cannot utime: Operation not permitted
build	Cache Android SDK	2026-06-06T12:22:43.9538980Z /usr/bin/tar: ../../../../../usr/local/lib/android/sdk/platforms/android-35-ext14/data/res/values-mcc310-mnc150-en-rIN: Cannot change mode to rwxr-xr-x: Operation not permitted
build	Cache Android SDK	2026-06-06T12:22:43.9541816Z /usr/bin/tar: ../../../../../usr/local/lib/android/sdk/platforms/android-35-ext14/data/res/values-mcc311-mnc180-en-rIN: Cannot utime: Operation not permitted
build	Cache Android SDK	2026-06-06T12:22:43.9542292Z /usr/bin/tar: ../../../../../usr/local/lib/android/sdk/platforms/android-35-ext14/data/res/values-mcc311-mnc180-en-rIN: Cannot change mode to rwxr-xr-x: Operation not permitted
build	Cache Android SDK	2026-06-06T12:22:43.9544926Z /usr/bin/tar: ../../../../../usr/local/lib/android/sdk/platforms/android-35-ext14/data/res/values-mcc310-mnc800-is: Cannot utime: Operation not permitted
build	Cache Android SDK	2026-06-06T12:22:43.9545403Z /usr/bin/tar: ../../../../../usr/local/lib/android/sdk/platforms/android-35-ext14/data/res/values-mcc310-mnc800-is: Cannot change mode to rwxr-xr-x: Operation not permitted
build	Cache Android SDK	2026-06-06T12:22:43.9548247Z /usr/bin/tar: ../../../../../usr/local/lib/android/sdk/platforms/android-35-ext14/data/res/values-mcc302-mnc370-mr: Cannot utime: Operation not permitted
build	Cache Android SDK	2026-06-06T12:22:43.9548719Z /usr/bin/tar: ../../../../../usr/local/lib/android/sdk/platforms/android-35-ext14/data/res/values-mcc302-mnc370-mr: Cannot change mode to rwxr-xr-x: Operation not permitted
build	Cache Android SDK	2026-06-06T12:22:43.9551404Z /usr/bin/tar: ../../../../../usr/local/lib/android/sdk/platforms/android-35-ext14/data/res/values-mcc310-mnc800-ta: Cannot utime: Operation not permitted
build	Cache Android SDK	2026-06-06T12:22:43.9551866Z /usr/bin/tar: ../../../../../usr/local/lib/android/sdk/platforms/android-35-ext14/data/res/values-mcc310-mnc800-ta: Cannot change mode to rwxr-xr-x: Operation not permitted
build	Cache Android SDK	2026-06-06T12:22:43.9554514Z /usr/bin/tar: ../../../../../usr/local/lib/android/sdk/platforms/android-35-ext14/data/res/values-mcc310-mnc380-mn: Cannot utime: Operation not permitted
build	Cache Android SDK	2026-06-06T12:22:43.9554975Z /usr/bin/tar: ../../../../../usr/local/lib/android/sdk/platforms/android-35-ext14/data/res/values-mcc310-mnc380-mn: Cannot change mode to rwxr-xr-x: Operation not permitted
build	Cache Android SDK	2026-06-06T12:22:43.9557900Z /usr/bin/tar: ../../../../../usr/local/lib/android/sdk/platforms/android-35-ext14/data/res/values-mcc310-mnc560-ta: Cannot utime: Operation not permitted
build	Cache Android SDK	2026-06-06T12:22:43.9558362Z /usr/bin/tar: ../../../../../usr/local/lib/android/sdk/platforms/android-35-ext14/data/res/values-mcc310-mnc560-ta: Cannot change mode to rwxr-xr-x: Operation not permitted
build	Cache Android SDK	2026-06-06T12:22:43.9560889Z /usr/bin/tar: ../../../../../usr/local/lib/android/sdk/platforms/android-35-ext14/data/res/values-mcc310-mnc160-el: Cannot utime: Operation not permitted
build	Cache Android SDK	2026-06-06T12:22:43.9561472Z /usr/bin/tar: ../../../../../usr/local/lib/android/sdk/platforms/android-35-ext14/data/res/values-mcc310-mnc160-el: Cannot change mode to rwxr-xr-x: Operation not permitted
build	Cache Android SDK	2026-06-06T12:22:43.9564063Z /usr/bin/tar: ../../../../../usr/local/lib/android/sdk/platforms/android-35-ext14/data/res/values-mcc310-mnc240-en-rAU: Cannot utime: Operation not permitted
build	Cache Android SDK	2026-06-06T12:22:43.9564546Z /usr/bin/tar: ../../../../../usr/local/lib/android/sdk/platforms/android-35-ext14/data/res/values-mcc310-mnc240-en-rAU: Cannot change mode to rwxr-xr-x: Operation not permitted
build	Cache Android SDK	2026-06-06T12:22:43.9567167Z /usr/bin/tar: ../../../../../usr/local/lib/android/sdk/platforms/android-35-ext14/data/res/values-mcc310-mnc410-zh-rCN: Cannot utime: Operation not permitted
build	Cache Android SDK	2026-06-06T12:22:43.9567787Z /usr/bin/tar: ../../../../../usr/local/lib/android/sdk/platforms/android-35-ext14/data/res/values-mcc310-mnc410-zh-rCN: Cannot change mode to rwxr-xr-x: Operation not permitted
build	Cache Android SDK	2026-06-06T12:22:43.9570514Z /usr/bin/tar: ../../../../../usr/local/lib/android/sdk/platforms/android-35-ext14/data/res/values-mcc310-mnc250-lt: Cannot utime: Operation not permitted
build	Cache Android SDK	2026-06-06T12:22:43.9570994Z /usr/bin/tar: ../../../../../usr/local/lib/android/sdk/platforms/android-35-ext14/data/res/values-mcc310-mnc250-lt: Cannot change mode to rwxr-xr-x: Operation not permitted
build	Cache Android SDK	2026-06-06T12:22:43.9574687Z /usr/bin/tar: ../../../../../usr/local/lib/android/sdk/platforms/android-35-ext14/data/res/values-mcc310-mnc410-ta: Cannot utime: Operation not permitted
build	Cache Android SDK	2026-06-06T12:22:43.9575530Z /usr/bin/tar: ../../../../../usr/local/lib/android/sdk/platforms/android-35-ext14/data/res/values-mcc310-mnc410-ta: Cannot change mode to rwxr-xr-x: Operation not permitted
build	Cache Android SDK	2026-06-06T12:22:43.9577883Z /usr/bin/tar: ../../../../../usr/local/lib/android/sdk/platforms/android-35-ext14/data/res/values-pt-television: Cannot utime: Operation not permitted
build	Cache Android SDK	2026-06-06T12:22:43.9578385Z /usr/bin/tar: ../../../../../usr/local/lib/android/sdk/platforms/android-35-ext14/data/res/values-pt-television: Cannot change mode to rwxr-xr-x: Operation not permitted
build	Cache Android SDK	2026-06-06T12:22:43.9580880Z /usr/bin/tar: ../../../../../usr/local/lib/android/sdk/platforms/android-35-ext14/data/res/values-mcc310-mnc220-fr: Cannot utime: Operation not permitted
build	Cache Android SDK	2026-06-06T12:22:43.9581877Z /usr/bin/tar: ../../../../../usr/local/lib/android/sdk/platforms/android-35-ext14/data/res/values-mcc310-mnc220-fr: Cannot change mode to rwxr-xr-x: Operation not permitted
build	Cache Android SDK	2026-06-06T12:22:43.9583757Z /usr/bin/tar: ../../../../../usr/local/lib/android/sdk/platforms/android-35-ext14/data/res/values-mcc302-mnc370-mk: Cannot utime: Operation not permitted
build	Cache Android SDK	2026-06-06T12:22:43.9585066Z /usr/bin/tar: ../../../../../usr/local/lib/android/sdk/platforms/android-35-ext14/data/res/values-mcc302-mnc370-mk: Cannot change mode to rwxr-xr-x: Operation not permitted
build	Cache Android SDK	2026-06-06T12:22:43.9587101Z /usr/bin/tar: ../../../../../usr/local/lib/android/sdk/platforms/android-35-ext14/data/res/values-mcc310-mnc410-ne: Cannot utime: Operation not permitted
build	Cache Android SDK	2026-06-06T12:22:43.9587807Z /usr/bin/tar: ../../../../../usr/local/lib/android/sdk/platforms/android-35-ext14/data/res/values-mcc310-mnc410-ne: Cannot change mode to rwxr-xr-x: Operation not permitted
build	Cache Android SDK	2026-06-06T12:22:43.9590789Z /usr/bin/tar: ../../../../../usr/local/lib/android/sdk/platforms/android-35-ext14/data/res/values-mcc310-mnc200-pa: Cannot utime: Operation not permitted
build	Cache Android SDK	2026-06-06T12:22:43.9591318Z /usr/bin/tar: ../../../../../usr/local/lib/android/sdk/platforms/android-35-ext14/data/res/values-mcc310-mnc200-pa: Cannot change mode to rwxr-xr-x: Operation not permitted
build	Cache Android SDK	2026-06-06T12:22:43.9594228Z /usr/bin/tar: ../../../../../usr/local/lib/android/sdk/platforms/android-35-ext14/data/res/values-mcc302-mnc370-ms: Cannot utime: Operation not permitted
build	Cache Android SDK	2026-06-06T12:22:43.9594710Z /usr/bin/tar: ../../../../../usr/local/lib/android/sdk/platforms/android-35-ext14/data/res/values-mcc302-mnc370-ms: Cannot change mode to rwxr-xr-x: Operation not permitted
build	Cache Android SDK	2026-06-06T12:22:43.9597180Z /usr/bin/tar: ../../../../../usr/local/lib/android/sdk/platforms/android-35-ext14/data/res/values-mcc310-mnc220-ro: Cannot utime: Operation not permitted
build	Cache Android SDK	2026-06-06T12:22:43.9597833Z /usr/bin/tar: ../../../../../usr/local/lib/android/sdk/platforms/android-35-ext14/data/res/values-mcc310-mnc220-ro: Cannot change mode to rwxr-xr-x: Operation not permitted
build	Cache Android SDK	2026-06-06T12:22:43.9600446Z /usr/bin/tar: ../../../../../usr/local/lib/android/sdk/platforms/android-35-ext14/data/res/values-mcc310-mnc280-ms: Cannot utime: Operation not permitted
build	Cache Android SDK	2026-06-06T12:22:43.9601053Z /usr/bin/tar: ../../../../../usr/local/lib/android/sdk/platforms/android-35-ext14/data/res/values-mcc310-mnc280-ms: Cannot change mode to rwxr-xr-x: Operation not permitted
build	Cache Android SDK	2026-06-06T12:22:43.9603393Z /usr/bin/tar: ../../../../../usr/local/lib/android/sdk/platforms/android-35-ext14/data/res/values-mcc310-mnc170-hr: Cannot utime: Operation not permitted
build	Cache Android SDK	2026-06-06T12:22:43.9603892Z /usr/bin/tar: ../../../../../usr/local/lib/android/sdk/platforms/android-35-ext14/data/res/values-mcc310-mnc170-hr: Cannot change mode to rwxr-xr-x: Operation not permitted
build	Cache Android SDK	2026-06-06T12:22:43.9607103Z /usr/bin/tar: ../../../../../usr/local/lib/android/sdk/platforms/android-35-ext14/data/res/values-mcc310-mnc030-nb: Cannot utime: Operation not permitted
build	Cache Android SDK	2026-06-06T12:22:43.9607755Z /usr/bin/tar: ../../../../../usr/local/lib/android/sdk/platforms/android-35-ext14/data/res/values-mcc310-mnc030-nb: Cannot change mode to rwxr-xr-x: Operation not permitted
build	Cache Android SDK	2026-06-06T12:22:43.9610600Z /usr/bin/tar: ../../../../../usr/local/lib/android/sdk/platforms/android-35-ext14/data/res/values-mcc302-mnc780: Cannot utime: Operation not permitted
build	Cache Android SDK	2026-06-06T12:22:43.9611094Z /usr/bin/tar: ../../../../../usr/local/lib/android/sdk/platforms/android-35-ext14/data/res/values-mcc302-mnc780: Cannot change mode to rwxr-xr-x: Operation not permitted
build	Cache Android SDK	2026-06-06T12:22:43.9613844Z /usr/bin/tar: ../../../../../usr/local/lib/android/sdk/platforms/android-35-ext14/data/res/values-mcc310-mnc560-fr-rCA: Cannot utime: Operation not permitted
build	Cache Android SDK	2026-06-06T12:22:43.9614369Z /usr/bin/tar: ../../../../../usr/local/lib/android/sdk/platforms/android-35-ext14/data/res/values-mcc310-mnc560-fr-rCA: Cannot change mode to rwxr-xr-x: Operation not permitted
build	Cache Android SDK	2026-06-06T12:22:43.9617886Z /usr/bin/tar: ../../../../../usr/local/lib/android/sdk/platforms/android-35-ext14/data/res/values-mcc310-mnc560-ms: Cannot utime: Operation not permitted
build	Cache Android SDK	2026-06-06T12:22:43.9618422Z /usr/bin/tar: ../../../../../usr/local/lib/android/sdk/platforms/android-35-ext14/data/res/values-mcc310-mnc560-ms: Cannot change mode to rwxr-xr-x: Operation not permitted
build	Cache Android SDK	2026-06-06T12:22:43.9621013Z /usr/bin/tar: ../../../../../usr/local/lib/android/sdk/platforms/android-35-ext14/data/res/values-mcc311-mnc180-en-rCA: Cannot utime: Operation not permitted
build	Cache Android SDK	2026-06-06T12:22:43.9621510Z /usr/bin/tar: ../../../../../usr/local/lib/android/sdk/platforms/android-35-ext14/data/res/values-mcc311-mnc180-en-rCA: Cannot change mode to rwxr-xr-x: Operation not permitted
build	Cache Android SDK	2026-06-06T12:22:43.9624738Z /usr/bin/tar: ../../../../../usr/local/lib/android/sdk/platforms/android-35-ext14/data/res/values-hu-television: Cannot utime: Operation not permitted
build	Cache Android SDK	2026-06-06T12:22:43.9625481Z /usr/bin/tar: ../../../../../usr/local/lib/android/sdk/platforms/android-35-ext14/data/res/values-hu-television: Cannot change mode to rwxr-xr-x: Operation not permitted
build	Cache Android SDK	2026-06-06T12:22:43.9628255Z /usr/bin/tar: ../../../../../usr/local/lib/android/sdk/platforms/android-35-ext14/data/res/values-mcc310-mnc410-ur: Cannot utime: Operation not permitted
build	Cache Android SDK	2026-06-06T12:22:43.9628733Z /usr/bin/tar: ../../../../../usr/local/lib/android/sdk/platforms/android-35-ext14/data/res/values-mcc310-mnc410-ur: Cannot change mode to rwxr-xr-x: Operation not permitted
build	Cache Android SDK	2026-06-06T12:22:43.9631730Z /usr/bin/tar: ../../../../../usr/local/lib/android/sdk/platforms/android-35-ext14/data/res/values-mcc310-mnc560-si: Cannot utime: Operation not permitted
build	Cache Android SDK	2026-06-06T12:22:43.9632427Z /usr/bin/tar: ../../../../../usr/local/lib/android/sdk/platforms/android-35-ext14/data/res/values-mcc310-mnc560-si: Cannot change mode to rwxr-xr-x: Operation not permitted
build	Cache Android SDK	2026-06-06T12:22:43.9634695Z /usr/bin/tar: ../../../../../usr/local/lib/android/sdk/platforms/android-35-ext14/data/res/values-mcc001-mnc01-ml: Cannot utime: Operation not permitted
build	Cache Android SDK	2026-06-06T12:22:43.9635212Z /usr/bin/tar: ../../../../../usr/local/lib/android/sdk/platforms/android-35-ext14/data/res/values-mcc001-mnc01-ml: Cannot change mode to rwxr-xr-x: Operation not permitted
build	Cache Android SDK	2026-06-06T12:22:43.9638052Z /usr/bin/tar: ../../../../../usr/local/lib/android/sdk/platforms/android-35-ext14/data/res/values-mcc310-mnc950-lv: Cannot utime: Operation not permitted
build	Cache Android SDK	2026-06-06T12:22:43.9638601Z /usr/bin/tar: ../../../../../usr/local/lib/android/sdk/platforms/android-35-ext14/data/res/values-mcc310-mnc950-lv: Cannot change mode to rwxr-xr-x: Operation not permitted
build	Cache Android SDK	2026-06-06T12:22:43.9640843Z /usr/bin/tar: ../../../../../usr/local/lib/android/sdk/platforms/android-35-ext14/data/res/values-mcc310-mnc170-be: Cannot utime: Operation not permitted
build	Cache Android SDK	2026-06-06T12:22:43.9641335Z /usr/bin/tar: ../../../../../usr/local/lib/android/sdk/platforms/android-35-ext14/data/res/values-mcc310-mnc170-be: Cannot change mode to rwxr-xr-x: Operation not permitted
build	Cache Android SDK	2026-06-06T12:22:43.9643834Z /usr/bin/tar: ../../../../../usr/local/lib/android/sdk/platforms/android-35-ext14/data/res/values-mcc313-mnc100-hr: Cannot utime: Operation not permitted
build	Cache Android SDK	2026-06-06T12:22:43.9644384Z /usr/bin/tar: ../../../../../usr/local/lib/android/sdk/platforms/android-35-ext14/data/res/values-mcc313-mnc100-hr: Cannot change mode to rwxr-xr-x: Operation not permitted
build	Cache Android SDK	2026-06-06T12:22:43.9646692Z /usr/bin/tar: ../../../../../usr/local/lib/android/sdk/platforms/android-35-ext14/data/res/values-mcc310-mnc380-lv: Cannot utime: Operation not permitted
build	Cache Android SDK	2026-06-06T12:22:43.9647167Z /usr/bin/tar: ../../../../../usr/local/lib/android/sdk/platforms/android-35-ext14/data/res/values-mcc310-mnc380-lv: Cannot change mode to rwxr-xr-x: Operation not permitted
build	Cache Android SDK	2026-06-06T12:22:43.9649885Z /usr/bin/tar: ../../../../../usr/local/lib/android/sdk/platforms/android-35-ext14/data/res/values-mcc310-mnc030-hi: Cannot utime: Operation not permitted
build	Cache Android SDK	2026-06-06T12:22:43.9650375Z /usr/bin/tar: ../../../../../usr/local/lib/android/sdk/platforms/android-35-ext14/data/res/values-mcc310-mnc030-hi: Cannot change mode to rwxr-xr-x: Operation not permitted
build	Cache Android SDK	2026-06-06T12:22:43.9652756Z /usr/bin/tar: ../../../../../usr/local/lib/android/sdk/platforms/android-35-ext14/data/res/values-mcc310-mnc560-lv: Cannot utime: Operation not permitted
build	Cache Android SDK	2026-06-06T12:22:43.9653223Z /usr/bin/tar: ../../../../../usr/local/lib/android/sdk/platforms/android-35-ext14/data/res/values-mcc310-mnc560-lv: Cannot change mode to rwxr-xr-x: Operation not permitted
build	Cache Android SDK	2026-06-06T12:22:43.9655438Z /usr/bin/tar: ../../../../../usr/local/lib/android/sdk/platforms/android-35-ext14/data/res/values-mcc311-mnc180-zh-rTW: Cannot utime: Operation not permitted
build	Cache Android SDK	2026-06-06T12:22:43.9655924Z /usr/bin/tar: ../../../../../usr/local/lib/android/sdk/platforms/android-35-ext14/data/res/values-mcc311-mnc180-zh-rTW: Cannot change mode to rwxr-xr-x: Operation not permitted
build	Cache Android SDK	2026-06-06T12:22:43.9658711Z /usr/bin/tar: ../../../../../usr/local/lib/android/sdk/platforms/android-35-ext14/data/res/values-mcc310-mnc380-az: Cannot utime: Operation not permitted
build	Cache Android SDK	2026-06-06T12:22:43.9659230Z /usr/bin/tar: ../../../../../usr/local/lib/android/sdk/platforms/android-35-ext14/data/res/values-mcc310-mnc380-az: Cannot change mode to rwxr-xr-x: Operation not permitted
build	Cache Android SDK	2026-06-06T12:22:43.9662036Z /usr/bin/tar: ../../../../../usr/local/lib/android/sdk/platforms/android-35-ext14/data/res/values-mcc310-mnc030-b+sr+Latn: Cannot utime: Operation not permitted
build	Cache Android SDK	2026-06-06T12:22:43.9662546Z /usr/bin/tar: ../../../../../usr/local/lib/android/sdk/platforms/android-35-ext14/data/res/values-mcc310-mnc030-b+sr+Latn: Cannot change mode to rwxr-xr-x: Operation not permitted
build	Cache Android SDK	2026-06-06T12:22:43.9665129Z /usr/bin/tar: ../../../../../usr/local/lib/android/sdk/platforms/android-35-ext14/data/res/values-mcc310-mnc200-mn: Cannot utime: Operation not permitted
build	Cache Android SDK	2026-06-06T12:22:43.9665604Z /usr/bin/tar: ../../../../../usr/local/lib/android/sdk/platforms/android-35-ext14/data/res/values-mcc310-mnc200-mn: Cannot change mode to rwxr-xr-x: Operation not permitted
build	Cache Android SDK	2026-06-06T12:22:43.9668132Z /usr/bin/tar: ../../../../../usr/local/lib/android/sdk/platforms/android-35-ext14/data/res/values-mcc310-mnc230-fa: Cannot utime: Operation not permitted
build	Cache Android SDK	2026-06-06T12:22:43.9668639Z /usr/bin/tar: ../../../../../usr/local/lib/android/sdk/platforms/android-35-ext14/data/res/values-mcc310-mnc230-fa: Cannot change mode to rwxr-xr-x: Operation not permitted
build	Cache Android SDK	2026-06-06T12:22:43.9672010Z /usr/bin/tar: ../../../../../usr/local/lib/android/sdk/platforms/android-35-ext14/data/res/values-mcc311-mnc180-lo: Cannot utime: Operation not permitted
build	Cache Android SDK	2026-06-06T12:22:43.9672489Z /usr/bin/tar: ../../../../../usr/local/lib/android/sdk/platforms/android-35-ext14/data/res/values-mcc311-mnc180-lo: Cannot change mode to rwxr-xr-x: Operation not permitted
build	Cache Android SDK	2026-06-06T12:22:43.9675510Z /usr/bin/tar: ../../../../../usr/local/lib/android/sdk/platforms/android-35-ext14/data/res/values-in-watch: Cannot utime: Operation not permitted
build	Cache Android SDK	2026-06-06T12:22:43.9676053Z /usr/bin/tar: ../../../../../usr/local/lib/android/sdk/platforms/android-35-ext14/data/res/values-in-watch: Cannot change mode to rwxr-xr-x: Operation not permitted
build	Cache Android SDK	2026-06-06T12:22:43.9681297Z /usr/bin/tar: ../../../../../usr/local/lib/android/sdk/platforms/android-35-ext14/data/res/values-mcc001-mnc01-en-rXC: Cannot utime: Operation not permitted
build	Cache Android SDK	2026-06-06T12:22:43.9681810Z /usr/bin/tar: ../../../../../usr/local/lib/android/sdk/platforms/android-35-ext14/data/res/values-mcc001-mnc01-en-rXC: Cannot change mode to rwxr-xr-x: Operation not permitted
build	Cache Android SDK	2026-06-06T12:22:43.9687578Z /usr/bin/tar: ../../../../../usr/local/lib/android/sdk/platforms/android-35-ext14/data/res/values-mcc310-mnc270-sl: Cannot utime: Operation not permitted
build	Cache Android SDK	2026-06-06T12:22:43.9688087Z /usr/bin/tar: ../../../../../usr/local/lib/android/sdk/platforms/android-35-ext14/data/res/values-mcc310-mnc270-sl: Cannot change mode to rwxr-xr-x: Operation not permitted
build	Cache Android SDK	2026-06-06T12:22:43.9690584Z /usr/bin/tar: ../../../../../usr/local/lib/android/sdk/platforms/android-35-ext14/data/res/values-mcc312-mnc670-af: Cannot utime: Operation not permitted
build	Cache Android SDK	2026-06-06T12:22:43.9691062Z /usr/bin/tar: ../../../../../usr/local/lib/android/sdk/platforms/android-35-ext14/data/res/values-mcc312-mnc670-af: Cannot change mode to rwxr-xr-x: Operation not permitted
build	Cache Android SDK	2026-06-06T12:22:43.9694243Z /usr/bin/tar: ../../../../../usr/local/lib/android/sdk/platforms/android-35-ext14/data/res/values-mcc310-mnc950-bn: Cannot utime: Operation not permitted
build	Cache Android SDK	2026-06-06T12:22:43.9694706Z /usr/bin/tar: ../../../../../usr/local/lib/android/sdk/platforms/android-35-ext14/data/res/values-mcc310-mnc950-bn: Cannot change mode to rwxr-xr-x: Operation not permitted
build	Cache Android SDK	2026-06-06T12:22:43.9698080Z /usr/bin/tar: ../../../../../usr/local/lib/android/sdk/platforms/android-35-ext14/data/res/values-mcc310-mnc580: Cannot utime: Operation not permitted
build	Cache Android SDK	2026-06-06T12:22:43.9698778Z /usr/bin/tar: ../../../../../usr/local/lib/android/sdk/platforms/android-35-ext14/data/res/values-mcc310-mnc580: Cannot change mode to rwxr-xr-x: Operation not permitted
build	Cache Android SDK	2026-06-06T12:22:43.9701575Z /usr/bin/tar: ../../../../../usr/local/lib/android/sdk/platforms/android-35-ext14/data/res/values-mcc310-mnc200-es-rUS: Cannot utime: Operation not permitted
build	Cache Android SDK	2026-06-06T12:22:43.9702066Z /usr/bin/tar: ../../../../../usr/local/lib/android/sdk/platforms/android-35-ext14/data/res/values-mcc310-mnc200-es-rUS: Cannot change mode to rwxr-xr-x: Operation not permitted
build	Cache Android SDK	2026-06-06T12:22:43.9707568Z /usr/bin/tar: ../../../../../usr/local/lib/android/sdk/platforms/android-35-ext14/data/res/values-mcc310-mnc800-ms: Cannot utime: Operation not permitted
build	Cache Android SDK	2026-06-06T12:22:43.9708199Z /usr/bin/tar: ../../../../../usr/local/lib/android/sdk/platforms/android-35-ext14/data/res/values-mcc310-mnc800-ms: Cannot change mode to rwxr-xr-x: Operation not permitted
build	Cache Android SDK	2026-06-06T12:22:43.9714106Z /usr/bin/tar: ../../../../../usr/local/lib/android/sdk/platforms/android-35-ext14/data/res/values-mcc310-mnc200-bs: Cannot utime: Operation not permitted
build	Cache Android SDK	2026-06-06T12:22:43.9714619Z /usr/bin/tar: ../../../../../usr/local/lib/android/sdk/platforms/android-35-ext14/data/res/values-mcc310-mnc200-bs: Cannot change mode to rwxr-xr-x: Operation not permitted
build	Cache Android SDK	2026-06-06T12:22:43.9718424Z /usr/bin/tar: ../../../../../usr/local/lib/android/sdk/platforms/android-35-ext14/data/res/values-mcc310-mnc280-uz: Cannot utime: Operation not permitted
build	Cache Android SDK	2026-06-06T12:22:43.9718909Z /usr/bin/tar: ../../../../../usr/local/lib/android/sdk/platforms/android-35-ext14/data/res/values-mcc310-mnc280-uz: Cannot change mode to rwxr-xr-x: Operation not permitted
build	Cache Android SDK	2026-06-06T12:22:43.9727302Z /usr/bin/tar: ../../../../../usr/local/lib/android/sdk/platforms/android-35-ext14/data/res/values-mcc310-mnc230-hr: Cannot utime: Operation not permitted
build	Cache Android SDK	2026-06-06T12:22:43.9728090Z /usr/bin/tar: ../../../../../usr/local/lib/android/sdk/platforms/android-35-ext14/data/res/values-mcc310-mnc230-hr: Cannot change mode to rwxr-xr-x: Operation not permitted
build	Cache Android SDK	2026-06-06T12:22:43.9731445Z /usr/bin/tar: ../../../../../usr/local/lib/android/sdk/platforms/android-35-ext14/data/res/values-mcc310-mnc240-it: Cannot utime: Operation not permitted
build	Cache Android SDK	2026-06-06T12:22:43.9732047Z /usr/bin/tar: ../../../../../usr/local/lib/android/sdk/platforms/android-35-ext14/data/res/values-mcc310-mnc240-it: Cannot change mode to rwxr-xr-x: Operation not permitted
build	Cache Android SDK	2026-06-06T12:22:43.9737018Z /usr/bin/tar: ../../../../../usr/local/lib/android/sdk/platforms/android-35-ext14/data/res/values-mcc440: Cannot utime: Operation not permitted
build	Cache Android SDK	2026-06-06T12:22:43.9737648Z /usr/bin/tar: ../../../../../usr/local/lib/android/sdk/platforms/android-35-ext14/data/res/values-mcc440: Cannot change mode to rwxr-xr-x: Operation not permitted
build	Cache Android SDK	2026-06-06T12:22:43.9740747Z /usr/bin/tar: ../../../../../usr/local/lib/android/sdk/platforms/android-35-ext14/data/res/values-mcc310-mnc310-es: Cannot utime: Operation not permitted
build	Cache Android SDK	2026-06-06T12:22:43.9741251Z /usr/bin/tar: ../../../../../usr/local/lib/android/sdk/platforms/android-35-ext14/data/res/values-mcc310-mnc310-es: Cannot change mode to rwxr-xr-x: Operation not permitted
build	Cache Android SDK	2026-06-06T12:22:43.9744627Z /usr/bin/tar: ../../../../../usr/local/lib/android/sdk/platforms/android-35-ext14/data/res/values-mcc310-mnc560-cs: Cannot utime: Operation not permitted
build	Cache Android SDK	2026-06-06T12:22:43.9745100Z /usr/bin/tar: ../../../../../usr/local/lib/android/sdk/platforms/android-35-ext14/data/res/values-mcc310-mnc560-cs: Cannot change mode to rwxr-xr-x: Operation not permitted
build	Cache Android SDK	2026-06-06T12:22:43.9750737Z /usr/bin/tar: ../../../../../usr/local/lib/android/sdk/platforms/android-35-ext14/data/res/values-mcc310-mnc160-ky: Cannot utime: Operation not permitted
build	Cache Android SDK	2026-06-06T12:22:43.9751222Z /usr/bin/tar: ../../../../../usr/local/lib/android/sdk/platforms/android-35-ext14/data/res/values-mcc310-mnc160-ky: Cannot change mode to rwxr-xr-x: Operation not permitted
build	Cache Android SDK	2026-06-06T12:22:43.9754907Z /usr/bin/tar: ../../../../../usr/local/lib/android/sdk/platforms/android-35-ext14/data/res/values-mcc310-mnc270-mk: Cannot utime: Operation not permitted
build	Cache Android SDK	2026-06-06T12:22:43.9755566Z /usr/bin/tar: ../../../../../usr/local/lib/android/sdk/platforms/android-35-ext14/data/res/values-mcc310-mnc270-mk: Cannot change mode to rwxr-xr-x: Operation not permitted
build	Cache Android SDK	2026-06-06T12:22:43.9759261Z /usr/bin/tar: ../../../../../usr/local/lib/android/sdk/platforms/android-35-ext14/data/res/values-et-watch: Cannot utime: Operation not permitted
build	Cache Android SDK	2026-06-06T12:22:43.9759715Z /usr/bin/tar: ../../../../../usr/local/lib/android/sdk/platforms/android-35-ext14/data/res/values-et-watch: Cannot change mode to rwxr-xr-x: Operation not permitted
build	Cache Android SDK	2026-06-06T12:22:43.9763236Z /usr/bin/tar: ../../../../../usr/local/lib/android/sdk/platforms/android-35-ext14/data/res/values-mcc310-mnc800-da: Cannot utime: Operation not permitted
build	Cache Android SDK	2026-06-06T12:22:43.9763859Z /usr/bin/tar: ../../../../../usr/local/lib/android/sdk/platforms/android-35-ext14/data/res/values-mcc310-mnc800-da: Cannot change mode to rwxr-xr-x: Operation not permitted
build	Cache Android SDK	2026-06-06T12:22:43.9767591Z /usr/bin/tar: ../../../../../usr/local/lib/android/sdk/platforms/android-35-ext14/data/res/values-mcc310-mnc310-sq: Cannot utime: Operation not permitted
build	Cache Android SDK	2026-06-06T12:22:43.9768070Z /usr/bin/tar: ../../../../../usr/local/lib/android/sdk/platforms/android-35-ext14/data/res/values-mcc310-mnc310-sq: Cannot change mode to rwxr-xr-x: Operation not permitted
build	Cache Android SDK	2026-06-06T12:22:43.9771679Z /usr/bin/tar: ../../../../../usr/local/lib/android/sdk/platforms/android-35-ext14/data/res/values-mcc310-mnc310-my: Cannot utime: Operation not permitted
build	Cache Android SDK	2026-06-06T12:22:43.9772151Z /usr/bin/tar: ../../../../../usr/local/lib/android/sdk/platforms/android-35-ext14/data/res/values-mcc310-mnc310-my: Cannot change mode to rwxr-xr-x: Operation not permitted
build	Cache Android SDK	2026-06-06T12:22:43.9778590Z /usr/bin/tar: ../../../../../usr/local/lib/android/sdk/platforms/android-35-ext14/data/res/values-mcc311-mnc180-be: Cannot utime: Operation not permitted
build	Cache Android SDK	2026-06-06T12:22:43.9779165Z /usr/bin/tar: ../../../../../usr/local/lib/android/sdk/platforms/android-35-ext14/data/res/values-mcc311-mnc180-be: Cannot change mode to rwxr-xr-x: Operation not permitted
build	Cache Android SDK	2026-06-06T12:22:43.9779610Z /usr/bin/tar: ../../../../../usr/local/lib/android/sdk/platforms/android-35-ext14/data/res/values-fr-neuter: Cannot utime: Operation not permitted
build	Cache Android SDK	2026-06-06T12:22:43.9780117Z /usr/bin/tar: ../../../../../usr/local/lib/android/sdk/platforms/android-35-ext14/data/res/values-fr-neuter: Cannot change mode to rwxr-xr-x: Operation not permitted
build	Cache Android SDK	2026-06-06T12:22:43.9783189Z /usr/bin/tar: ../../../../../usr/local/lib/android/sdk/platforms/android-35-ext14/data/res/values-mcc310-mnc490-zu: Cannot utime: Operation not permitted
build	Cache Android SDK	2026-06-06T12:22:43.9783830Z /usr/bin/tar: ../../../../../usr/local/lib/android/sdk/platforms/android-35-ext14/data/res/values-mcc310-mnc490-zu: Cannot change mode to rwxr-xr-x: Operation not permitted
build	Cache Android SDK	2026-06-06T12:22:43.9789246Z /usr/bin/tar: ../../../../../usr/local/lib/android/sdk/platforms/android-35-ext14/data/res/values-mcc310-mnc410-am: Cannot utime: Operation not permitted
build	Cache Android SDK	2026-06-06T12:22:43.9789937Z /usr/bin/tar: ../../../../../usr/local/lib/android/sdk/platforms/android-35-ext14/data/res/values-mcc310-mnc410-am: Cannot change mode to rwxr-xr-x: Operation not permitted
build	Cache Android SDK	2026-06-06T12:22:43.9795585Z /usr/bin/tar: ../../../../../usr/local/lib/android/sdk/platforms/android-35-ext14/data/res/values-mcc310-mnc950-hr: Cannot utime: Operation not permitted
build	Cache Android SDK	2026-06-06T12:22:43.9796105Z /usr/bin/tar: ../../../../../usr/local/lib/android/sdk/platforms/android-35-ext14/data/res/values-mcc310-mnc950-hr: Cannot change mode to rwxr-xr-x: Operation not permitted
build	Cache Android SDK	2026-06-06T12:22:43.9802047Z /usr/bin/tar: ../../../../../usr/local/lib/android/sdk/platforms/android-35-ext14/data/res/values-mcc716-mnc10: Cannot utime: Operation not permitted
build	Cache Android SDK	2026-06-06T12:22:43.9802535Z /usr/bin/tar: ../../../../../usr/local/lib/android/sdk/platforms/android-35-ext14/data/res/values-mcc716-mnc10: Cannot change mode to rwxr-xr-x: Operation not permitted
build	Cache Android SDK	2026-06-06T12:22:43.9806366Z /usr/bin/tar: ../../../../../usr/local/lib/android/sdk/platforms/android-35-ext14/data/res/values-mcc310-mnc280-hr: Cannot utime: Operation not permitted
build	Cache Android SDK	2026-06-06T12:22:43.9806853Z /usr/bin/tar: ../../../../../usr/local/lib/android/sdk/platforms/android-35-ext14/data/res/values-mcc310-mnc280-hr: Cannot change mode to rwxr-xr-x: Operation not permitted
build	Cache Android SDK	2026-06-06T12:22:43.9812888Z /usr/bin/tar: ../../../../../usr/local/lib/android/sdk/platforms/android-35-ext14/data/res/values-mcc310-mnc490-zh-rCN: Cannot utime: Operation not permitted
build	Cache Android SDK	2026-06-06T12:22:43.9813382Z /usr/bin/tar: ../../../../../usr/local/lib/android/sdk/platforms/android-35-ext14/data/res/values-mcc310-mnc490-zh-rCN: Cannot change mode to rwxr-xr-x: Operation not permitted
build	Cache Android SDK	2026-06-06T12:22:43.9816939Z /usr/bin/tar: ../../../../../usr/local/lib/android/sdk/platforms/android-35-ext14/data/res/values-mcc001-mnc01-hi: Cannot utime: Operation not permitted
build	Cache Android SDK	2026-06-06T12:22:43.9817740Z /usr/bin/tar: ../../../../../usr/local/lib/android/sdk/platforms/android-35-ext14/data/res/values-mcc001-mnc01-hi: Cannot change mode to rwxr-xr-x: Operation not permitted
build	Cache Android SDK	2026-06-06T12:22:43.9821173Z /usr/bin/tar: ../../../../../usr/local/lib/android/sdk/platforms/android-35-ext14/data/res/values-mcc310-mnc220-ne: Cannot utime: Operation not permitted
build	Cache Android SDK	2026-06-06T12:22:43.9821642Z /usr/bin/tar: ../../../../../usr/local/lib/android/sdk/platforms/android-35-ext14/data/res/values-mcc310-mnc220-ne: Cannot change mode to rwxr-xr-x: Operation not permitted
build	Cache Android SDK	2026-06-06T12:22:43.9826360Z /usr/bin/tar: ../../../../../usr/local/lib/android/sdk/platforms/android-35-ext14/data/res/values-de-rAT: Cannot utime: Operation not permitted
build	Cache Android SDK	2026-06-06T12:22:43.9826816Z /usr/bin/tar: ../../../../../usr/local/lib/android/sdk/platforms/android-35-ext14/data/res/values-de-rAT: Cannot change mode to rwxr-xr-x: Operation not permitted
build	Cache Android SDK	2026-06-06T12:22:43.9832994Z /usr/bin/tar: ../../../../../usr/local/lib/android/sdk/platforms/android-35-ext14/data/res/values-mcc310-mnc030-es: Cannot utime: Operation not permitted
build	Cache Android SDK	2026-06-06T12:22:43.9833487Z /usr/bin/tar: ../../../../../usr/local/lib/android/sdk/platforms/android-35-ext14/data/res/values-mcc310-mnc030-es: Cannot change mode to rwxr-xr-x: Operation not permitted
build	Cache Android SDK	2026-06-06T12:22:43.9841166Z /usr/bin/tar: ../../../../../usr/local/lib/android/sdk/platforms/android-35-ext14/data/res/values-mcc001-mnc01-es: Cannot utime: Operation not permitted
build	Cache Android SDK	2026-06-06T12:22:43.9841764Z /usr/bin/tar: ../../../../../usr/local/lib/android/sdk/platforms/android-35-ext14/data/res/values-mcc001-mnc01-es: Cannot change mode to rwxr-xr-x: Operation not permitted
build	Cache Android SDK	2026-06-06T12:22:43.9845151Z /usr/bin/tar: ../../../../../usr/local/lib/android/sdk/platforms/android-35-ext14/data/res/values-mcc310-mnc270-el: Cannot utime: Operation not permitted
build	Cache Android SDK	2026-06-06T12:22:43.9845749Z /usr/bin/tar: ../../../../../usr/local/lib/android/sdk/platforms/android-35-ext14/data/res/values-mcc310-mnc270-el: Cannot change mode to rwxr-xr-x: Operation not permitted
build	Cache Android SDK	2026-06-06T12:22:43.9852672Z /usr/bin/tar: ../../../../../usr/local/lib/android/sdk/platforms/android-35-ext14/data/res/values-mcc310-mnc410-en-rIN: Cannot utime: Operation not permitted
build	Cache Android SDK	2026-06-06T12:22:43.9853172Z /usr/bin/tar: ../../../../../usr/local/lib/android/sdk/platforms/android-35-ext14/data/res/values-mcc310-mnc410-en-rIN: Cannot change mode to rwxr-xr-x: Operation not permitted
build	Cache Android SDK	2026-06-06T12:22:43.9859609Z /usr/bin/tar: ../../../../../usr/local/lib/android/sdk/platforms/android-35-ext14/data/res/values-mcc311-mnc180-tl: Cannot utime: Operation not permitted
build	Cache Android SDK	2026-06-06T12:22:43.9860085Z /usr/bin/tar: ../../../../../usr/local/lib/android/sdk/platforms/android-35-ext14/data/res/values-mcc311-mnc180-tl: Cannot change mode to rwxr-xr-x: Operation not permitted
build	Cache Android SDK	2026-06-06T12:22:43.9863924Z /usr/bin/tar: ../../../../../usr/local/lib/android/sdk/platforms/android-35-ext14/data/res/values-mcc310-mnc210-en-rIN: Cannot utime: Operation not permitted
build	Cache Android SDK	2026-06-06T12:22:43.9864553Z /usr/bin/tar: ../../../../../usr/local/lib/android/sdk/platforms/android-35-ext14/data/res/values-mcc310-mnc210-en-rIN: Cannot change mode to rwxr-xr-x: Operation not permitted
build	Cache Android SDK	2026-06-06T12:22:43.9868317Z /usr/bin/tar: ../../../../../usr/local/lib/android/sdk/platforms/android-35-ext14/data/res/values-mcc312-mnc670-kn: Cannot utime: Operation not permitted
build	Cache Android SDK	2026-06-06T12:22:43.9868863Z /usr/bin/tar: ../../../../../usr/local/lib/android/sdk/platforms/android-35-ext14/data/res/values-mcc312-mnc670-kn: Cannot change mode to rwxr-xr-x: Operation not permitted
build	Cache Android SDK	2026-06-06T12:22:43.9876298Z /usr/bin/tar: ../../../../../usr/local/lib/android/sdk/platforms/android-35-ext14/data/res/values-ro-television: Cannot utime: Operation not permitted
build	Cache Android SDK	2026-06-06T12:22:43.9876909Z /usr/bin/tar: ../../../../../usr/local/lib/android/sdk/platforms/android-35-ext14/data/res/values-ro-television: Cannot change mode to rwxr-xr-x: Operation not permitted
build	Cache Android SDK	2026-06-06T12:22:43.9882475Z /usr/bin/tar: ../../../../../usr/local/lib/android/sdk/platforms/android-35-ext14/data/res/values-mcc310-mnc210-pt-rPT: Cannot utime: Operation not permitted
build	Cache Android SDK	2026-06-06T12:22:43.9883094Z /usr/bin/tar: ../../../../../usr/local/lib/android/sdk/platforms/android-35-ext14/data/res/values-mcc310-mnc210-pt-rPT: Cannot change mode to rwxr-xr-x: Operation not permitted
build	Cache Android SDK	2026-06-06T12:22:43.9887808Z /usr/bin/tar: ../../../../../usr/local/lib/android/sdk/platforms/android-35-ext14/data/res/values-vi-rVN: Cannot utime: Operation not permitted
build	Cache Android SDK	2026-06-06T12:22:43.9888308Z /usr/bin/tar: ../../../../../usr/local/lib/android/sdk/platforms/android-35-ext14/data/res/values-vi-rVN: Cannot change mode to rwxr-xr-x: Operation not permitted
build	Cache Android SDK	2026-06-06T12:22:43.9891955Z /usr/bin/tar: ../../../../../usr/local/lib/android/sdk/platforms/android-35-ext14/data/res/values-mcc302-mnc720-el: Cannot utime: Operation not permitted
build	Cache Android SDK	2026-06-06T12:22:43.9892487Z /usr/bin/tar: ../../../../../usr/local/lib/android/sdk/platforms/android-35-ext14/data/res/values-mcc302-mnc720-el: Cannot change mode to rwxr-xr-x: Operation not permitted
build	Cache Android SDK	2026-06-06T12:22:43.9895287Z /usr/bin/tar: ../../../../../usr/local/lib/android/sdk/platforms/android-35-ext14/data/res/values-mcc310-mnc270-sw: Cannot utime: Operation not permitted
build	Cache Android SDK	2026-06-06T12:22:43.9895766Z /usr/bin/tar: ../../../../../usr/local/lib/android/sdk/platforms/android-35-ext14/data/res/values-mcc310-mnc270-sw: Cannot change mode to rwxr-xr-x: Operation not permitted
build	Cache Android SDK	2026-06-06T12:22:43.9903086Z /usr/bin/tar: ../../../../../usr/local/lib/android/sdk/platforms/android-35-ext14/data/res/values-pt-rPT: Cannot utime: Operation not permitted
build	Cache Android SDK	2026-06-06T12:22:43.9903648Z /usr/bin/tar: ../../../../../usr/local/lib/android/sdk/platforms/android-35-ext14/data/res/values-pt-rPT: Cannot change mode to rwxr-xr-x: Operation not permitted
build	Cache Android SDK	2026-06-06T12:22:43.9906549Z /usr/bin/tar: ../../../../../usr/local/lib/android/sdk/platforms/android-35-ext14/data/res/values-mcc334-mnc020-sv: Cannot utime: Operation not permitted
build	Cache Android SDK	2026-06-06T12:22:43.9907070Z /usr/bin/tar: ../../../../../usr/local/lib/android/sdk/platforms/android-35-ext14/data/res/values-mcc334-mnc020-sv: Cannot change mode to rwxr-xr-x: Operation not permitted
build	Cache Android SDK	2026-06-06T12:22:43.9910189Z /usr/bin/tar: ../../../../../usr/local/lib/android/sdk/platforms/android-35-ext14/data/res/values-mcc530-mnc05: Cannot utime: Operation not permitted
build	Cache Android SDK	2026-06-06T12:22:43.9910670Z /usr/bin/tar: ../../../../../usr/local/lib/android/sdk/platforms/android-35-ext14/data/res/values-mcc530-mnc05: Cannot change mode to rwxr-xr-x: Operation not permitted
build	Cache Android SDK	2026-06-06T12:22:43.9916697Z /usr/bin/tar: ../../../../../usr/local/lib/android/sdk/platforms/android-35-ext14/data/res/values-mcc310-mnc030-uk: Cannot utime: Operation not permitted
build	Cache Android SDK	2026-06-06T12:22:43.9917175Z /usr/bin/tar: ../../../../../usr/local/lib/android/sdk/platforms/android-35-ext14/data/res/values-mcc310-mnc030-uk: Cannot change mode to rwxr-xr-x: Operation not permitted
build	Cache Android SDK	2026-06-06T12:22:43.9920128Z /usr/bin/tar: ../../../../../usr/local/lib/android/sdk/platforms/android-35-ext14/data/res/values-mcc310-mnc030-hy: Cannot utime: Operation not permitted
build	Cache Android SDK	2026-06-06T12:22:43.9920825Z /usr/bin/tar: ../../../../../usr/local/lib/android/sdk/platforms/android-35-ext14/data/res/values-mcc310-mnc030-hy: Cannot change mode to rwxr-xr-x: Operation not permitted
build	Cache Android SDK	2026-06-06T12:22:43.9924110Z /usr/bin/tar: ../../../../../usr/local/lib/android/sdk/platforms/android-35-ext14/data/res/values-mcc310-mnc950-kk: Cannot utime: Operation not permitted
build	Cache Android SDK	2026-06-06T12:22:43.9924597Z /usr/bin/tar: ../../../../../usr/local/lib/android/sdk/platforms/android-35-ext14/data/res/values-mcc310-mnc950-kk: Cannot change mode to rwxr-xr-x: Operation not permitted
build	Cache Android SDK	2026-06-06T12:22:43.9930208Z /usr/bin/tar: ../../../../../usr/local/lib/android/sdk/platforms/android-35-ext14/data/res/values-mcc310-mnc170-ne: Cannot utime: Operation not permitted
build	Cache Android SDK	2026-06-06T12:22:43.9930840Z /usr/bin/tar: ../../../../../usr/local/lib/android/sdk/platforms/android-35-ext14/data/res/values-mcc310-mnc170-ne: Cannot change mode to rwxr-xr-x: Operation not permitted
build	Cache Android SDK	2026-06-06T12:22:43.9934671Z /usr/bin/tar: ../../../../../usr/local/lib/android/sdk/platforms/android-35-ext14/data/res/values-mcc310-mnc150-lt: Cannot utime: Operation not permitted
build	Cache Android SDK	2026-06-06T12:22:43.9935154Z /usr/bin/tar: ../../../../../usr/local/lib/android/sdk/platforms/android-35-ext14/data/res/values-mcc310-mnc150-lt: Cannot change mode to rwxr-xr-x: Operation not permitted
build	Cache Android SDK	2026-06-06T12:22:43.9940842Z /usr/bin/tar: ../../../../../usr/local/lib/android/sdk/platforms/android-35-ext14/data/res/values-mcc310-mnc240-iw: Cannot utime: Operation not permitted
build	Cache Android SDK	2026-06-06T12:22:43.9941321Z /usr/bin/tar: ../../../../../usr/local/lib/android/sdk/platforms/android-35-ext14/data/res/values-mcc310-mnc240-iw: Cannot change mode to rwxr-xr-x: Operation not permitted
build	Cache Android SDK	2026-06-06T12:22:43.9950451Z /usr/bin/tar: ../../../../../usr/local/lib/android/sdk/platforms/android-35-ext14/data/res/values-mcc310-mnc240-sr: Cannot utime: Operation not permitted
build	Cache Android SDK	2026-06-06T12:22:43.9951056Z /usr/bin/tar: ../../../../../usr/local/lib/android/sdk/platforms/android-35-ext14/data/res/values-mcc310-mnc240-sr: Cannot change mode to rwxr-xr-x: Operation not permitted
build	Cache Android SDK	2026-06-06T12:22:43.9954649Z /usr/bin/tar: ../../../../../usr/local/lib/android/sdk/platforms/android-35-ext14/data/res/values-w240dp: Cannot utime: Operation not permitted
build	Cache Android SDK	2026-06-06T12:22:43.9955204Z /usr/bin/tar: ../../../../../usr/local/lib/android/sdk/platforms/android-35-ext14/data/res/values-w240dp: Cannot change mode to rwxr-xr-x: Operation not permitted
build	Cache Android SDK	2026-06-06T12:22:43.9960379Z /usr/bin/tar: ../../../../../usr/local/lib/android/sdk/platforms/android-35-ext14/data/res/values-mcc310-mnc240-zh-rCN: Cannot utime: Operation not permitted
build	Cache Android SDK	2026-06-06T12:22:43.9960995Z /usr/bin/tar: ../../../../../usr/local/lib/android/sdk/platforms/android-35-ext14/data/res/values-mcc310-mnc240-zh-rCN: Cannot change mode to rwxr-xr-x: Operation not permitted
build	Cache Android SDK	2026-06-06T12:22:43.9965696Z /usr/bin/tar: ../../../../../usr/local/lib/android/sdk/platforms/android-35-ext14/data/res/values-mcc310-mnc380-tr: Cannot utime: Operation not permitted
build	Cache Android SDK	2026-06-06T12:22:43.9966312Z /usr/bin/tar: ../../../../../usr/local/lib/android/sdk/platforms/android-35-ext14/data/res/values-mcc310-mnc380-tr: Cannot change mode to rwxr-xr-x: Operation not permitted
build	Cache Android SDK	2026-06-06T12:22:43.9972438Z /usr/bin/tar: ../../../../../usr/local/lib/android/sdk/platforms/android-35-ext14/data/res/values-mcc310-mnc250-nb: Cannot utime: Operation not permitted
build	Cache Android SDK	2026-06-06T12:22:43.9972958Z /usr/bin/tar: ../../../../../usr/local/lib/android/sdk/platforms/android-35-ext14/data/res/values-mcc310-mnc250-nb: Cannot change mode to rwxr-xr-x: Operation not permitted
build	Cache Android SDK	2026-06-06T12:22:43.9979450Z /usr/bin/tar: ../../../../../usr/local/lib/android/sdk/platforms/android-35-ext14/data/res/drawable-en-ldpi: Cannot utime: Operation not permitted
build	Cache Android SDK	2026-06-06T12:22:43.9979928Z /usr/bin/tar: ../../../../../usr/local/lib/android/sdk/platforms/android-35-ext14/data/res/drawable-en-ldpi: Cannot change mode to rwxr-xr-x: Operation not permitted
build	Cache Android SDK	2026-06-06T12:22:43.9982770Z /usr/bin/tar: ../../../../../usr/local/lib/android/sdk/platforms/android-35-ext14/data/res/values-mcc334-mnc020-gl: Cannot utime: Operation not permitted
build	Cache Android SDK	2026-06-06T12:22:43.9983295Z /usr/bin/tar: ../../../../../usr/local/lib/android/sdk/platforms/android-35-ext14/data/res/values-mcc334-mnc020-gl: Cannot change mode to rwxr-xr-x: Operation not permitted
build	Cache Android SDK	2026-06-06T12:22:43.9987269Z /usr/bin/tar: ../../../../../usr/local/lib/android/sdk/platforms/android-35-ext14/data/res/values-mcc310-mnc170-fr: Cannot utime: Operation not permitted
build	Cache Android SDK	2026-06-06T12:22:43.9987973Z /usr/bin/tar: ../../../../../usr/local/lib/android/sdk/platforms/android-35-ext14/data/res/values-mcc310-mnc170-fr: Cannot change mode to rwxr-xr-x: Operation not permitted
build	Cache Android SDK	2026-06-06T12:22:43.9990910Z /usr/bin/tar: ../../../../../usr/local/lib/android/sdk/platforms/android-35-ext14/data/res/values-mcc310-mnc280-eu: Cannot utime: Operation not permitted
build	Cache Android SDK	2026-06-06T12:22:43.9991546Z /usr/bin/tar: ../../../../../usr/local/lib/android/sdk/platforms/android-35-ext14/data/res/values-mcc310-mnc280-eu: Cannot change mode to rwxr-xr-x: Operation not permitted
build	Cache Android SDK	2026-06-06T12:22:43.9993952Z /usr/bin/tar: ../../../../../usr/local/lib/android/sdk/platforms/android-35-ext14/data/res/values-mcc310-mnc270-si: Cannot utime: Operation not permitted
build	Cache Android SDK	2026-06-06T12:22:43.9994452Z /usr/bin/tar: ../../../../../usr/local/lib/android/sdk/platforms/android-35-ext14/data/res/values-mcc310-mnc270-si: Cannot change mode to rwxr-xr-x: Operation not permitted
build	Cache Android SDK	2026-06-06T12:22:43.9998198Z /usr/bin/tar: ../../../../../usr/local/lib/android/sdk/platforms/android-35-ext14/data/res/values-mcc310-mnc380-my: Cannot utime: Operation not permitted
build	Cache Android SDK	2026-06-06T12:22:43.9998713Z /usr/bin/tar: ../../../../../usr/local/lib/android/sdk/platforms/android-35-ext14/data/res/values-mcc310-mnc380-my: Cannot change mode to rwxr-xr-x: Operation not permitted
build	Cache Android SDK	2026-06-06T12:22:44.0002861Z /usr/bin/tar: ../../../../../usr/local/lib/android/sdk/platforms/android-35-ext14/data/res/values-mcc311-mnc180-fi: Cannot utime: Operation not permitted
build	Cache Android SDK	2026-06-06T12:22:44.0003346Z /usr/bin/tar: ../../../../../usr/local/lib/android/sdk/platforms/android-35-ext14/data/res/values-mcc311-mnc180-fi: Cannot change mode to rwxr-xr-x: Operation not permitted
build	Cache Android SDK	2026-06-06T12:22:44.0007983Z /usr/bin/tar: ../../../../../usr/local/lib/android/sdk/platforms/android-35-ext14/data/res/values-mcc310-mnc150-el: Cannot utime: Operation not permitted
build	Cache Android SDK	2026-06-06T12:22:44.0008450Z /usr/bin/tar: ../../../../../usr/local/lib/android/sdk/platforms/android-35-ext14/data/res/values-mcc310-mnc150-el: Cannot change mode to rwxr-xr-x: Operation not permitted
build	Cache Android SDK	2026-06-06T12:22:44.0012504Z /usr/bin/tar: ../../../../../usr/local/lib/android/sdk/platforms/android-35-ext14/data/res/values-ldrtl-television: Cannot utime: Operation not permitted
build	Cache Android SDK	2026-06-06T12:22:44.0013423Z /usr/bin/tar: ../../../../../usr/local/lib/android/sdk/platforms/android-35-ext14/data/res/values-ldrtl-television: Cannot change mode to rwxr-xr-x: Operation not permitted
build	Cache Android SDK	2026-06-06T12:22:44.0015717Z /usr/bin/tar: ../../../../../usr/local/lib/android/sdk/platforms/android-35-ext14/data/res/values-nb-watch: Cannot utime: Operation not permitted
build	Cache Android SDK	2026-06-06T12:22:44.0016186Z /usr/bin/tar: ../../../../../usr/local/lib/android/sdk/platforms/android-35-ext14/data/res/values-nb-watch: Cannot change mode to rwxr-xr-x: Operation not permitted
build	Cache Android SDK	2026-06-06T12:22:44.0022345Z /usr/bin/tar: ../../../../../usr/local/lib/android/sdk/platforms/android-35-ext14/data/res/values-mcc310-mnc490: Cannot utime: Operation not permitted
build	Cache Android SDK	2026-06-06T12:22:44.0022814Z /usr/bin/tar: ../../../../../usr/local/lib/android/sdk/platforms/android-35-ext14/data/res/values-mcc310-mnc490: Cannot change mode to rwxr-xr-x: Operation not permitted
build	Cache Android SDK	2026-06-06T12:22:44.0026220Z /usr/bin/tar: ../../../../../usr/local/lib/android/sdk/platforms/android-35-ext14/data/res/values-mcc310-mnc230-gu: Cannot utime: Operation not permitted
build	Cache Android SDK	2026-06-06T12:22:44.0026689Z /usr/bin/tar: ../../../../../usr/local/lib/android/sdk/platforms/android-35-ext14/data/res/values-mcc310-mnc230-gu: Cannot change mode to rwxr-xr-x: Operation not permitted
build	Cache Android SDK	2026-06-06T12:22:44.0029307Z /usr/bin/tar: ../../../../../usr/local/lib/android/sdk/platforms/android-35-ext14/data/res/values-mcc310-mnc230-lv: Cannot utime: Operation not permitted
build	Cache Android SDK	2026-06-06T12:22:44.0029775Z /usr/bin/tar: ../../../../../usr/local/lib/android/sdk/platforms/android-35-ext14/data/res/values-mcc310-mnc230-lv: Cannot change mode to rwxr-xr-x: Operation not permitted
build	Cache Android SDK	2026-06-06T12:22:44.0033702Z /usr/bin/tar: ../../../../../usr/local/lib/android/sdk/platforms/android-35-ext14/data/res/values-mcc310-mnc410-bs: Cannot utime: Operation not permitted
build	Cache Android SDK	2026-06-06T12:22:44.0034293Z /usr/bin/tar: ../../../../../usr/local/lib/android/sdk/platforms/android-35-ext14/data/res/values-mcc310-mnc410-bs: Cannot change mode to rwxr-xr-x: Operation not permitted
build	Cache Android SDK	2026-06-06T12:22:44.0038185Z /usr/bin/tar: ../../../../../usr/local/lib/android/sdk/platforms/android-35-ext14/data/res/values-mcc302-mnc370-pt: Cannot utime: Operation not permitted
build	Cache Android SDK	2026-06-06T12:22:44.0038675Z /usr/bin/tar: ../../../../../usr/local/lib/android/sdk/platforms/android-35-ext14/data/res/values-mcc302-mnc370-pt: Cannot change mode to rwxr-xr-x: Operation not permitted
build	Cache Android SDK	2026-06-06T12:22:44.0042428Z /usr/bin/tar: ../../../../../usr/local/lib/android/sdk/platforms/android-35-ext14/data/res/raw-ja: Cannot utime: Operation not permitted
build	Cache Android SDK	2026-06-06T12:22:44.0042870Z /usr/bin/tar: ../../../../../usr/local/lib/android/sdk/platforms/android-35-ext14/data/res/raw-ja: Cannot change mode to rwxr-xr-x: Operation not permitted
build	Cache Android SDK	2026-06-06T12:22:44.0048434Z /usr/bin/tar: ../../../../../usr/local/lib/android/sdk/platforms/android-35-ext14/data/res/values-mcc310-mnc270-ne: Cannot utime: Operation not permitted
build	Cache Android SDK	2026-06-06T12:22:44.0048911Z /usr/bin/tar: ../../../../../usr/local/lib/android/sdk/platforms/android-35-ext14/data/res/values-mcc310-mnc270-ne: Cannot change mode to rwxr-xr-x: Operation not permitted
build	Cache Android SDK	2026-06-06T12:22:44.0051714Z /usr/bin/tar: ../../../../../usr/local/lib/android/sdk/platforms/android-35-ext14/data/res/values-mcc310-mnc150-sl: Cannot utime: Operation not permitted
build	Cache Android SDK	2026-06-06T12:22:44.0052202Z /usr/bin/tar: ../../../../../usr/local/lib/android/sdk/platforms/android-35-ext14/data/res/values-mcc310-mnc150-sl: Cannot change mode to rwxr-xr-x: Operation not permitted
build	Cache Android SDK	2026-06-06T12:22:44.0055814Z /usr/bin/tar: ../../../../../usr/local/lib/android/sdk/platforms/android-35-ext14/data/res/values-mcc310-mnc380-de: Cannot utime: Operation not permitted
build	Cache Android SDK	2026-06-06T12:22:44.0056313Z /usr/bin/tar: ../../../../../usr/local/lib/android/sdk/platforms/android-35-ext14/data/res/values-mcc310-mnc380-de: Cannot change mode to rwxr-xr-x: Operation not permitted
build	Cache Android SDK	2026-06-06T12:22:44.0061028Z /usr/bin/tar: ../../../../../usr/local/lib/android/sdk/platforms/android-35-ext14/data/res/values-mcc310-mnc950-hu: Cannot utime: Operation not permitted
build	Cache Android SDK	2026-06-06T12:22:44.0066688Z /usr/bin/tar: ../../../../../usr/local/lib/android/sdk/platforms/android-35-ext14/data/res/values-mcc310-mnc950-hu: Cannot change mode to rwxr-xr-x: Operation not permitted
build	Cache Android SDK	2026-06-06T12:22:44.0067115Z /usr/bin/tar: ../../../../../usr/local/lib/android/sdk/platforms/android-35-ext14/data/res/values-mcc310-mnc230-pa: Cannot utime: Operation not permitted
build	Cache Android SDK	2026-06-06T12:22:44.0067695Z /usr/bin/tar: ../../../../../usr/local/lib/android/sdk/platforms/android-35-ext14/data/res/values-mcc310-mnc230-pa: Cannot change mode to rwxr-xr-x: Operation not permitted
build	Cache Android SDK	2026-06-06T12:22:44.0071461Z /usr/bin/tar: ../../../../../usr/local/lib/android/sdk/platforms/android-35-ext14/data/res/values-w320dp: Cannot utime: Operation not permitted
build	Cache Android SDK	2026-06-06T12:22:44.0071900Z /usr/bin/tar: ../../../../../usr/local/lib/android/sdk/platforms/android-35-ext14/data/res/values-w320dp: Cannot change mode to rwxr-xr-x: Operation not permitted
build	Cache Android SDK	2026-06-06T12:22:44.0075647Z /usr/bin/tar: ../../../../../usr/local/lib/android/sdk/platforms/android-35-ext14/data/res/values-mcc310-mnc270-kk: Cannot utime: Operation not permitted
build	Cache Android SDK	2026-06-06T12:22:44.0076325Z /usr/bin/tar: ../../../../../usr/local/lib/android/sdk/platforms/android-35-ext14/data/res/values-mcc310-mnc270-kk: Cannot change mode to rwxr-xr-x: Operation not permitted
build	Cache Android SDK	2026-06-06T12:22:44.0079682Z /usr/bin/tar: ../../../../../usr/local/lib/android/sdk/platforms/android-35-ext14/data/res/values-mcc313-mnc100-nb: Cannot utime: Operation not permitted
build	Cache Android SDK	2026-06-06T12:22:44.0080689Z /usr/bin/tar: ../../../../../usr/local/lib/android/sdk/platforms/android-35-ext14/data/res/values-mcc313-mnc100-nb: Cannot change mode to rwxr-xr-x: Operation not permitted
build	Cache Android SDK	2026-06-06T12:22:44.0083824Z /usr/bin/tar: ../../../../../usr/local/lib/android/sdk/platforms/android-35-ext14/data/res/values-mcc310-mnc250-ky: Cannot utime: Operation not permitted
build	Cache Android SDK	2026-06-06T12:22:44.0084801Z /usr/bin/tar: ../../../../../usr/local/lib/android/sdk/platforms/android-35-ext14/data/res/values-mcc310-mnc250-ky: Cannot change mode to rwxr-xr-x: Operation not permitted
build	Cache Android SDK	2026-06-06T12:22:44.0089035Z /usr/bin/tar: ../../../../../usr/local/lib/android/sdk/platforms/android-35-ext14/data/res/values-mcc310-mnc800-gu: Cannot utime: Operation not permitted
build	Cache Android SDK	2026-06-06T12:22:44.0090016Z /usr/bin/tar: ../../../../../usr/local/lib/android/sdk/platforms/android-35-ext14/data/res/values-mcc310-mnc800-gu: Cannot change mode to rwxr-xr-x: Operation not permitted
build	Cache Android SDK	2026-06-06T12:22:44.0094070Z /usr/bin/tar: ../../../../../usr/local/lib/android/sdk/platforms/android-35-ext14/data/res/values-mcc310-mnc200-sv: Cannot utime: Operation not permitted
build	Cache Android SDK	2026-06-06T12:22:44.0095041Z /usr/bin/tar: ../../../../../usr/local/lib/android/sdk/platforms/android-35-ext14/data/res/values-mcc310-mnc200-sv: Cannot change mode to rwxr-xr-x: Operation not permitted
build	Cache Android SDK	2026-06-06T12:22:44.0100404Z /usr/bin/tar: ../../../../../usr/local/lib/android/sdk/platforms/android-35-ext14/data/res/values-mcc334-mnc020-en-rGB: Cannot utime: Operation not permitted
build	Cache Android SDK	2026-06-06T12:22:44.0101442Z /usr/bin/tar: ../../../../../usr/local/lib/android/sdk/platforms/android-35-ext14/data/res/values-mcc334-mnc020-en-rGB: Cannot change mode to rwxr-xr-x: Operation not permitted
build	Cache Android SDK	2026-06-06T12:22:44.0103827Z /usr/bin/tar: ../../../../../usr/local/lib/android/sdk/platforms/android-35-ext14/data/res/values-mcc302-mnc720-en-rIN: Cannot utime: Operation not permitted
build	Cache Android SDK	2026-06-06T12:22:44.0104803Z /usr/bin/tar: ../../../../../usr/local/lib/android/sdk/platforms/android-35-ext14/data/res/values-mcc302-mnc720-en-rIN: Cannot change mode to rwxr-xr-x: Operation not permitted
build	Cache Android SDK	2026-06-06T12:22:44.0112568Z /usr/bin/tar: ../../../../../usr/local/lib/android/sdk/platforms/android-35-ext14/data/res/xml-en: Cannot utime: Operation not permitted
build	Cache Android SDK	2026-06-06T12:22:44.0113467Z /usr/bin/tar: ../../../../../usr/local/lib/android/sdk/platforms/android-35-ext14/data/res/xml-en: Cannot change mode to rwxr-xr-x: Operation not permitted
build	Cache Android SDK	2026-06-06T12:22:44.0117071Z /usr/bin/tar: ../../../../../usr/local/lib/android/sdk/platforms/android-35-ext14/data/res/values-mcc310-mnc950-es-rUS: Cannot utime: Operation not permitted
build	Cache Android SDK	2026-06-06T12:22:44.0118211Z /usr/bin/tar: ../../../../../usr/local/lib/android/sdk/platforms/android-35-ext14/data/res/values-mcc310-mnc950-es-rUS: Cannot change mode to rwxr-xr-x: Operation not permitted
build	Cache Android SDK	2026-06-06T12:22:44.0120965Z /usr/bin/tar: ../../../../../usr/local/lib/android/sdk/platforms/android-35-ext14/data/res/values-mcc310-mnc950-tr: Cannot utime: Operation not permitted
build	Cache Android SDK	2026-06-06T12:22:44.0121919Z /usr/bin/tar: ../../../../../usr/local/lib/android/sdk/platforms/android-35-ext14/data/res/values-mcc310-mnc950-tr: Cannot change mode to rwxr-xr-x: Operation not permitted
build	Cache Android SDK	2026-06-06T12:22:44.0127218Z /usr/bin/tar: ../../../../../usr/local/lib/android/sdk/platforms/android-35-ext14/data/res/values-mcc310-mnc200-de: Cannot utime: Operation not permitted
build	Cache Android SDK	2026-06-06T12:22:44.0128316Z /usr/bin/tar: ../../../../../usr/local/lib/android/sdk/platforms/android-35-ext14/data/res/values-mcc310-mnc200-de: Cannot change mode to rwxr-xr-x: Operation not permitted
build	Cache Android SDK	2026-06-06T12:22:44.0133250Z /usr/bin/tar: ../../../../../usr/local/lib/android/sdk/platforms/android-35-ext14/data/res/values-is-watch: Cannot utime: Operation not permitted
build	Cache Android SDK	2026-06-06T12:22:44.0134590Z /usr/bin/tar: ../../../../../usr/local/lib/android/sdk/platforms/android-35-ext14/data/res/values-is-watch: Cannot change mode to rwxr-xr-x: Operation not permitted
build	Cache Android SDK	2026-06-06T12:22:44.0138092Z /usr/bin/tar: ../../../../../usr/local/lib/android/sdk/platforms/android-35-ext14/data/res/values-mcc310-mnc660-lo: Cannot utime: Operation not permitted
build	Cache Android SDK	2026-06-06T12:22:44.0139163Z /usr/bin/tar: ../../../../../usr/local/lib/android/sdk/platforms/android-35-ext14/data/res/values-mcc310-mnc660-lo: Cannot change mode to rwxr-xr-x: Operation not permitted
build	Cache Android SDK	2026-06-06T12:22:44.0141288Z /usr/bin/tar: ../../../../../usr/local/lib/android/sdk/platforms/android-35-ext14/data/res/values-mcc310-mnc380-or: Cannot utime: Operation not permitted
build	Cache Android SDK	2026-06-06T12:22:44.0142606Z /usr/bin/tar: ../../../../../usr/local/lib/android/sdk/platforms/android-35-ext14/data/res/values-mcc310-mnc380-or: Cannot change mode to rwxr-xr-x: Operation not permitted
build	Cache Android SDK	2026-06-06T12:22:44.0146595Z /usr/bin/tar: ../../../../../usr/local/lib/android/sdk/platforms/android-35-ext14/data/res/values-mcc334-mnc020-ky: Cannot utime: Operation not permitted
build	Cache Android SDK	2026-06-06T12:22:44.0147830Z /usr/bin/tar: ../../../../../usr/local/lib/android/sdk/platforms/android-35-ext14/data/res/values-mcc334-mnc020-ky: Cannot change mode to rwxr-xr-x: Operation not permitted
build	Cache Android SDK	2026-06-06T12:22:44.0150289Z /usr/bin/tar: ../../../../../usr/local/lib/android/sdk/platforms/android-35-ext14/data/res/values-mcc334-mnc020-pt-rPT: Cannot utime: Operation not permitted
build	Cache Android SDK	2026-06-06T12:22:44.0151306Z /usr/bin/tar: ../../../../../usr/local/lib/android/sdk/platforms/android-35-ext14/data/res/values-mcc334-mnc020-pt-rPT: Cannot change mode to rwxr-xr-x: Operation not permitted
build	Cache Android SDK	2026-06-06T12:22:44.0154111Z /usr/bin/tar: ../../../../../usr/local/lib/android/sdk/platforms/android-35-ext14/data/res/values-mcc310-mnc250-en-rIN: Cannot utime: Operation not permitted
build	Cache Android SDK	2026-06-06T12:22:44.0155118Z /usr/bin/tar: ../../../../../usr/local/lib/android/sdk/platforms/android-35-ext14/data/res/values-mcc310-mnc250-en-rIN: Cannot change mode to rwxr-xr-x: Operation not permitted
build	Cache Android SDK	2026-06-06T12:22:44.0159721Z /usr/bin/tar: ../../../../../usr/local/lib/android/sdk/platforms/android-35-ext14/data/res/values-mcc466-mnc03: Cannot utime: Operation not permitted
build	Cache Android SDK	2026-06-06T12:22:44.0160682Z /usr/bin/tar: ../../../../../usr/local/lib/android/sdk/platforms/android-35-ext14/data/res/values-mcc466-mnc03: Cannot change mode to rwxr-xr-x: Operation not permitted
build	Cache Android SDK	2026-06-06T12:22:44.0163409Z /usr/bin/tar: ../../../../../usr/local/lib/android/sdk/platforms/android-35-ext14/data/res/values-mcc310-mnc200-fr-rCA: Cannot utime: Operation not permitted
build	Cache Android SDK	2026-06-06T12:22:44.0164417Z /usr/bin/tar: ../../../../../usr/local/lib/android/sdk/platforms/android-35-ext14/data/res/values-mcc310-mnc200-fr-rCA: Cannot change mode to rwxr-xr-x: Operation not permitted
build	Cache Android SDK	2026-06-06T12:22:44.0166900Z /usr/bin/tar: ../../../../../usr/local/lib/android/sdk/platforms/android-35-ext14/data/res/values-mcc340-mnc01: Cannot utime: Operation not permitted
build	Cache Android SDK	2026-06-06T12:22:44.0168095Z /usr/bin/tar: ../../../../../usr/local/lib/android/sdk/platforms/android-35-ext14/data/res/values-mcc340-mnc01: Cannot change mode to rwxr-xr-x: Operation not permitted
build	Cache Android SDK	2026-06-06T12:22:44.0171204Z /usr/bin/tar: ../../../../../usr/local/lib/android/sdk/platforms/android-35-ext14/data/res/values-mcc310-mnc240-kn: Cannot utime: Operation not permitted
build	Cache Android SDK	2026-06-06T12:22:44.0172202Z /usr/bin/tar: ../../../../../usr/local/lib/android/sdk/platforms/android-35-ext14/data/res/values-mcc310-mnc240-kn: Cannot change mode to rwxr-xr-x: Operation not permitted
build	Cache Android SDK	2026-06-06T12:22:44.0176799Z /usr/bin/tar: ../../../../../usr/local/lib/android/sdk/platforms/android-35-ext14/data/res/values-land: Cannot utime: Operation not permitted
build	Cache Android SDK	2026-06-06T12:22:44.0177865Z /usr/bin/tar: ../../../../../usr/local/lib/android/sdk/platforms/android-35-ext14/data/res/values-land: Cannot change mode to rwxr-xr-x: Operation not permitted
build	Cache Android SDK	2026-06-06T12:22:44.0181069Z /usr/bin/tar: ../../../../../usr/local/lib/android/sdk/platforms/android-35-ext14/data/res/values-mcc302-mnc370-ka: Cannot utime: Operation not permitted
build	Cache Android SDK	2026-06-06T12:22:44.0182032Z /usr/bin/tar: ../../../../../usr/local/lib/android/sdk/platforms/android-35-ext14/data/res/values-mcc302-mnc370-ka: Cannot change mode to rwxr-xr-x: Operation not permitted
build	Cache Android SDK	2026-06-06T12:22:44.0185520Z /usr/bin/tar: ../../../../../usr/local/lib/android/sdk/platforms/android-35-ext14/data/res/values-mcc302-mnc720-sl: Cannot utime: Operation not permitted
build	Cache Android SDK	2026-06-06T12:22:44.0186545Z /usr/bin/tar: ../../../../../usr/local/lib/android/sdk/platforms/android-35-ext14/data/res/values-mcc302-mnc720-sl: Cannot change mode to rwxr-xr-x: Operation not permitted
build	Cache Android SDK	2026-06-06T12:22:44.0190291Z /usr/bin/tar: ../../../../../usr/local/lib/android/sdk/platforms/android-35-ext14/data/res/values-mcc310-mnc240-mr: Cannot utime: Operation not permitted
build	Cache Android SDK	2026-06-06T12:22:44.0191259Z /usr/bin/tar: ../../../../../usr/local/lib/android/sdk/platforms/android-35-ext14/data/res/values-mcc310-mnc240-mr: Cannot change mode to rwxr-xr-x: Operation not permitted
build	Cache Android SDK	2026-06-06T12:22:44.0194721Z /usr/bin/tar: ../../../../../usr/local/lib/android/sdk/platforms/android-35-ext14/data/res/values-mcc334-mnc020-fr-neuter: Cannot utime: Operation not permitted
build	Cache Android SDK	2026-06-06T12:22:44.0195749Z /usr/bin/tar: ../../../../../usr/local/lib/android/sdk/platforms/android-35-ext14/data/res/values-mcc334-mnc020-fr-neuter: Cannot change mode to rwxr-xr-x: Operation not permitted
build	Cache Android SDK	2026-06-06T12:22:44.0198283Z /usr/bin/tar: ../../../../../usr/local/lib/android/sdk/platforms/android-35-ext14/data/res/values-mcc310-mnc560-fa: Cannot utime: Operation not permitted
build	Cache Android SDK	2026-06-06T12:22:44.0199332Z /usr/bin/tar: ../../../../../usr/local/lib/android/sdk/platforms/android-35-ext14/data/res/values-mcc310-mnc560-fa: Cannot change mode to rwxr-xr-x: Operation not permitted
build	Cache Android SDK	2026-06-06T12:22:44.0202049Z /usr/bin/tar: ../../../../../usr/local/lib/android/sdk/platforms/android-35-ext14/data/res/values-mcc312-mnc670-ro: Cannot utime: Operation not permitted
build	Cache Android SDK	2026-06-06T12:22:44.0203040Z /usr/bin/tar: ../../../../../usr/local/lib/android/sdk/platforms/android-35-ext14/data/res/values-mcc312-mnc670-ro: Cannot change mode to rwxr-xr-x: Operation not permitted
build	Cache Android SDK	2026-06-06T12:22:44.0209692Z /usr/bin/tar: ../../../../../usr/local/lib/android/sdk/platforms/android-35-ext14/data/res/values-mcc310-mnc250-cs: Cannot utime: Operation not permitted
build	Cache Android SDK	2026-06-06T12:22:44.0210704Z /usr/bin/tar: ../../../../../usr/local/lib/android/sdk/platforms/android-35-ext14/data/res/values-mcc310-mnc250-cs: Cannot change mode to rwxr-xr-x: Operation not permitted
build	Cache Android SDK	2026-06-06T12:22:44.0213880Z /usr/bin/tar: ../../../../../usr/local/lib/android/sdk/platforms/android-35-ext14/data/res/values-hu-rHU: Cannot utime: Operation not permitted
build	Cache Android SDK	2026-06-06T12:22:44.0214815Z /usr/bin/tar: ../../../../../usr/local/lib/android/sdk/platforms/android-35-ext14/data/res/values-hu-rHU: Cannot change mode to rwxr-xr-x: Operation not permitted
build	Cache Android SDK	2026-06-06T12:22:44.0217889Z /usr/bin/tar: ../../../../../usr/local/lib/android/sdk/platforms/android-35-ext14/data/res/values-mcc315: Cannot utime: Operation not permitted
build	Cache Android SDK	2026-06-06T12:22:44.0218844Z /usr/bin/tar: ../../../../../usr/local/lib/android/sdk/platforms/android-35-ext14/data/res/values-mcc315: Cannot change mode to rwxr-xr-x: Operation not permitted
build	Cache Android SDK	2026-06-06T12:22:44.0222659Z /usr/bin/tar: ../../../../../usr/local/lib/android/sdk/platforms/android-35-ext14/data/res/values-mcc310-mnc660-gl: Cannot utime: Operation not permitted
build	Cache Android SDK	2026-06-06T12:22:44.0223625Z /usr/bin/tar: ../../../../../usr/local/lib/android/sdk/platforms/android-35-ext14/data/res/values-mcc310-mnc660-gl: Cannot change mode to rwxr-xr-x: Operation not permitted
build	Cache Android SDK	2026-06-06T12:22:44.0227004Z /usr/bin/tar: ../../../../../usr/local/lib/android/sdk/platforms/android-35-ext14/data/res/values-mcc313-mnc100-de: Cannot utime: Operation not permitted
build	Cache Android SDK	2026-06-06T12:22:44.0228392Z /usr/bin/tar: ../../../../../usr/local/lib/android/sdk/platforms/android-35-ext14/data/res/values-mcc313-mnc100-de: Cannot change mode to rwxr-xr-x: Operation not permitted
build	Cache Android SDK	2026-06-06T12:22:44.0231031Z /usr/bin/tar: ../../../../../usr/local/lib/android/sdk/platforms/android-35-ext14/data/res/values-mcc311-mnc180-it: Cannot utime: Operation not permitted
build	Cache Android SDK	2026-06-06T12:22:44.0232010Z /usr/bin/tar: ../../../../../usr/local/lib/android/sdk/platforms/android-35-ext14/data/res/values-mcc311-mnc180-it: Cannot change mode to rwxr-xr-x: Operation not permitted
build	Cache Android SDK	2026-06-06T12:22:44.0235357Z /usr/bin/tar: ../../../../../usr/local/lib/android/sdk/platforms/android-35-ext14/data/res/values-mcc310-mnc150-ta: Cannot utime: Operation not permitted
build	Cache Android SDK	2026-06-06T12:22:44.0236330Z /usr/bin/tar: ../../../../../usr/local/lib/android/sdk/platforms/android-35-ext14/data/res/values-mcc310-mnc150-ta: Cannot change mode to rwxr-xr-x: Operation not permitted
build	Cache Android SDK	2026-06-06T12:22:44.0242483Z /usr/bin/tar: ../../../../../usr/local/lib/android/sdk/platforms/android-35-ext14/data/res/values-mcc334-mnc050: Cannot utime: Operation not permitted
build	Cache Android SDK	2026-06-06T12:22:44.0243455Z /usr/bin/tar: ../../../../../usr/local/lib/android/sdk/platforms/android-35-ext14/data/res/values-mcc334-mnc050: Cannot change mode to rwxr-xr-x: Operation not permitted
build	Cache Android SDK	2026-06-06T12:22:44.0246869Z /usr/bin/tar: ../../../../../usr/local/lib/android/sdk/platforms/android-35-ext14/data/res/values-mcc001-mnc01-gl: Cannot utime: Operation not permitted
build	Cache Android SDK	2026-06-06T12:22:44.0247976Z /usr/bin/tar: ../../../../../usr/local/lib/android/sdk/platforms/android-35-ext14/data/res/values-mcc001-mnc01-gl: Cannot change mode to rwxr-xr-x: Operation not permitted
build	Cache Android SDK	2026-06-06T12:22:44.0252510Z /usr/bin/tar: ../../../../../usr/local/lib/android/sdk/platforms/android-35-ext14/data/res/values-mcc310-mnc950-vi: Cannot utime: Operation not permitted
build	Cache Android SDK	2026-06-06T12:22:44.0253471Z /usr/bin/tar: ../../../../../usr/local/lib/android/sdk/platforms/android-35-ext14/data/res/values-mcc310-mnc950-vi: Cannot change mode to rwxr-xr-x: Operation not permitted
build	Cache Android SDK	2026-06-06T12:22:44.0259015Z /usr/bin/tar: ../../../../../usr/local/lib/android/sdk/platforms/android-35-ext14/data/res/values-mcc432-mnc20: Cannot utime: Operation not permitted
build	Cache Android SDK	2026-06-06T12:22:44.0259949Z /usr/bin/tar: ../../../../../usr/local/lib/android/sdk/platforms/android-35-ext14/data/res/values-mcc432-mnc20: Cannot change mode to rwxr-xr-x: Operation not permitted
build	Cache Android SDK	2026-06-06T12:22:44.0267130Z /usr/bin/tar: ../../../../../usr/local/lib/android/sdk/platforms/android-35-ext14/data/res/values-mcc310-mnc800-de: Cannot utime: Operation not permitted
build	Cache Android SDK	2026-06-06T12:22:44.0268255Z /usr/bin/tar: ../../../../../usr/local/lib/android/sdk/platforms/android-35-ext14/data/res/values-mcc310-mnc800-de: Cannot change mode to rwxr-xr-x: Operation not permitted
build	Cache Android SDK	2026-06-06T12:22:44.0274120Z /usr/bin/tar: ../../../../../usr/local/lib/android/sdk/platforms/android-35-ext14/data/res/values-mcc310-mnc660-sq: Cannot utime: Operation not permitted
build	Cache Android SDK	2026-06-06T12:22:44.0275081Z /usr/bin/tar: ../../../../../usr/local/lib/android/sdk/platforms/android-35-ext14/data/res/values-mcc310-mnc660-sq: Cannot change mode to rwxr-xr-x: Operation not permitted
build	Cache Android SDK	2026-06-06T12:22:44.0282194Z /usr/bin/tar: ../../../../../usr/local/lib/android/sdk/platforms/android-35-ext14/data/res/values-mcc302-mnc720-sv: Cannot utime: Operation not permitted
build	Cache Android SDK	2026-06-06T12:22:44.0283157Z /usr/bin/tar: ../../../../../usr/local/lib/android/sdk/platforms/android-35-ext14/data/res/values-mcc302-mnc720-sv: Cannot change mode to rwxr-xr-x: Operation not permitted
build	Cache Android SDK	2026-06-06T12:22:44.0286685Z /usr/bin/tar: ../../../../../usr/local/lib/android/sdk/platforms/android-35-ext14/data/res/values-mcc310-mnc560-nl: Cannot utime: Operation not permitted
build	Cache Android SDK	2026-06-06T12:22:44.0287836Z /usr/bin/tar: ../../../../../usr/local/lib/android/sdk/platforms/android-35-ext14/data/res/values-mcc310-mnc560-nl: Cannot change mode to rwxr-xr-x: Operation not permitted
build	Cache Android SDK	2026-06-06T12:22:44.0289866Z /usr/bin/tar: ../../../../../usr/local/lib/android/sdk/platforms/android-35-ext14/data/res/values-mcc334-mnc020-hr: Cannot utime: Operation not permitted
build	Cache Android SDK	2026-06-06T12:22:44.0291102Z /usr/bin/tar: ../../../../../usr/local/lib/android/sdk/platforms/android-35-ext14/data/res/values-mcc334-mnc020-hr: Cannot change mode to rwxr-xr-x: Operation not permitted
build	Cache Android SDK	2026-06-06T12:22:44.0293980Z /usr/bin/tar: ../../../../../usr/local/lib/android/sdk/platforms/android-35-ext14/data/res/values-mcc001-mnc01-am: Cannot utime: Operation not permitted
build	Cache Android SDK	2026-06-06T12:22:44.0294927Z /usr/bin/tar: ../../../../../usr/local/lib/android/sdk/platforms/android-35-ext14/data/res/values-mcc001-mnc01-am: Cannot change mode to rwxr-xr-x: Operation not permitted
build	Cache Android SDK	2026-06-06T12:22:44.0298394Z /usr/bin/tar: ../../../../../usr/local/lib/android/sdk/platforms/android-35-ext14/data/res/values-mcc310-mnc560-en-rXC: Cannot utime: Operation not permitted
build	Cache Android SDK	2026-06-06T12:22:44.0299536Z /usr/bin/tar: ../../../../../usr/local/lib/android/sdk/platforms/android-35-ext14/data/res/values-mcc310-mnc560-en-rXC: Cannot change mode to rwxr-xr-x: Operation not permitted
build	Cache Android SDK	2026-06-06T12:22:44.0302767Z /usr/bin/tar: ../../../../../usr/local/lib/android/sdk/platforms/android-35-ext14/data/res/values-mcc310-mnc240-ne: Cannot utime: Operation not permitted
build	Cache Android SDK	2026-06-06T12:22:44.0303713Z /usr/bin/tar: ../../../../../usr/local/lib/android/sdk/platforms/android-35-ext14/data/res/values-mcc310-mnc240-ne: Cannot change mode to rwxr-xr-x: Operation not permitted
build	Cache Android SDK	2026-06-06T12:22:44.0306157Z /usr/bin/tar: ../../../../../usr/local/lib/android/sdk/platforms/android-35-ext14/data/res/values-mcc310-mnc150-lv: Cannot utime: Operation not permitted
build	Cache Android SDK	2026-06-06T12:22:44.0307094Z /usr/bin/tar: ../../../../../usr/local/lib/android/sdk/platforms/android-35-ext14/data/res/values-mcc310-mnc150-lv: Cannot change mode to rwxr-xr-x: Operation not permitted
build	Cache Android SDK	2026-06-06T12:22:44.0310386Z /usr/bin/tar: ../../../../../usr/local/lib/android/sdk/platforms/android-35-ext14/data/res/values-mcc310-mnc490-ro: Cannot utime: Operation not permitted
build	Cache Android SDK	2026-06-06T12:22:44.0311334Z /usr/bin/tar: ../../../../../usr/local/lib/android/sdk/platforms/android-35-ext14/data/res/values-mcc310-mnc490-ro: Cannot change mode to rwxr-xr-x: Operation not permitted
build	Cache Android SDK	2026-06-06T12:22:44.0318420Z /usr/bin/tar: ../../../../../usr/local/lib/android/sdk/platforms/android-35-ext14/data/res/values-mcc310-mnc270-zh-rTW: Cannot utime: Operation not permitted
build	Cache Android SDK	2026-06-06T12:22:44.0319403Z /usr/bin/tar: ../../../../../usr/local/lib/android/sdk/platforms/android-35-ext14/data/res/values-mcc310-mnc270-zh-rTW: Cannot change mode to rwxr-xr-x: Operation not permitted
build	Cache Android SDK	2026-06-06T12:22:44.0321560Z /usr/bin/tar: ../../../../../usr/local/lib/android/sdk/platforms/android-35-ext14/data/res/values-mcc310-mnc380-nl: Cannot utime: Operation not permitted
build	Cache Android SDK	2026-06-06T12:22:44.0322510Z /usr/bin/tar: ../../../../../usr/local/lib/android/sdk/platforms/android-35-ext14/data/res/values-mcc310-mnc380-nl: Cannot change mode to rwxr-xr-x: Operation not permitted
build	Cache Android SDK	2026-06-06T12:22:44.0326322Z /usr/bin/tar: ../../../../../usr/local/lib/android/sdk/platforms/android-35-ext14/data/res/values-en-rSG: Cannot utime: Operation not permitted
build	Cache Android SDK	2026-06-06T12:22:44.0327791Z /usr/bin/tar: ../../../../../usr/local/lib/android/sdk/platforms/android-35-ext14/data/res/values-en-rSG: Cannot change mode to rwxr-xr-x: Operation not permitted
build	Cache Android SDK	2026-06-06T12:22:44.0329758Z /usr/bin/tar: ../../../../../usr/local/lib/android/sdk/platforms/android-35-ext14/data/res/drawable-en-mdpi: Cannot utime: Operation not permitted
build	Cache Android SDK	2026-06-06T12:22:44.0330689Z /usr/bin/tar: ../../../../../usr/local/lib/android/sdk/platforms/android-35-ext14/data/res/drawable-en-mdpi: Cannot change mode to rwxr-xr-x: Operation not permitted
build	Cache Android SDK	2026-06-06T12:22:44.0333937Z /usr/bin/tar: ../../../../../usr/local/lib/android/sdk/platforms/android-35-ext14/data/res/values-mcc302-mnc720-pt-rPT: Cannot utime: Operation not permitted
build	Cache Android SDK	2026-06-06T12:22:44.0334935Z /usr/bin/tar: ../../../../../usr/local/lib/android/sdk/platforms/android-35-ext14/data/res/values-mcc302-mnc720-pt-rPT: Cannot change mode to rwxr-xr-x: Operation not permitted
build	Cache Android SDK	2026-06-06T12:22:44.0337927Z /usr/bin/tar: ../../../../../usr/local/lib/android/sdk/platforms/android-35-ext14/data/res/raw-fr: Cannot utime: Operation not permitted
build	Cache Android SDK	2026-06-06T12:22:44.0338786Z /usr/bin/tar: ../../../../../usr/local/lib/android/sdk/platforms/android-35-ext14/data/res/raw-fr: Cannot change mode to rwxr-xr-x: Operation not permitted
build	Cache Android SDK	2026-06-06T12:22:44.0344121Z /usr/bin/tar: ../../../../../usr/local/lib/android/sdk/platforms/android-35-ext14/data/res/values-mcc310-mnc530: Cannot utime: Operation not permitted
build	Cache Android SDK	2026-06-06T12:22:44.0345049Z /usr/bin/tar: ../../../../../usr/local/lib/android/sdk/platforms/android-35-ext14/data/res/values-mcc310-mnc530: Cannot change mode to rwxr-xr-x: Operation not permitted
build	Cache Android SDK	2026-06-06T12:22:44.0348648Z /usr/bin/tar: ../../../../../usr/local/lib/android/sdk/platforms/android-35-ext14/data/res/values-mcc311-mnc180-ru: Cannot utime: Operation not permitted
build	Cache Android SDK	2026-06-06T12:22:44.0349744Z /usr/bin/tar: ../../../../../usr/local/lib/android/sdk/platforms/android-35-ext14/data/res/values-mcc311-mnc180-ru: Cannot change mode to rwxr-xr-x: Operation not permitted
build	Cache Android SDK	2026-06-06T12:22:44.0352971Z /usr/bin/tar: ../../../../../usr/local/lib/android/sdk/platforms/android-35-ext14/data/res/values-mcc302-mnc370-hu: Cannot utime: Operation not permitted
build	Cache Android SDK	2026-06-06T12:22:44.0353930Z /usr/bin/tar: ../../../../../usr/local/lib/android/sdk/platforms/android-35-ext14/data/res/values-mcc302-mnc370-hu: Cannot change mode to rwxr-xr-x: Operation not permitted
build	Cache Android SDK	2026-06-06T12:22:44.0356909Z /usr/bin/tar: ../../../../../usr/local/lib/android/sdk/platforms/android-35-ext14/data/res/values-mcc310-mnc210-cs: Cannot utime: Operation not permitted
build	Cache Android SDK	2026-06-06T12:22:44.0358046Z /usr/bin/tar: ../../../../../usr/local/lib/android/sdk/platforms/android-35-ext14/data/res/values-mcc310-mnc210-cs: Cannot change mode to rwxr-xr-x: Operation not permitted
build	Cache Android SDK	2026-06-06T12:22:44.0361086Z /usr/bin/tar: ../../../../../usr/local/lib/android/sdk/platforms/android-35-ext14/data/res/values-mcc312-mnc670-hi: Cannot utime: Operation not permitted
build	Cache Android SDK	2026-06-06T12:22:44.0362044Z /usr/bin/tar: ../../../../../usr/local/lib/android/sdk/platforms/android-35-ext14/data/res/values-mcc312-mnc670-hi: Cannot change mode to rwxr-xr-x: Operation not permitted
build	Cache Android SDK	2026-06-06T12:22:44.0365445Z /usr/bin/tar: ../../../../../usr/local/lib/android/sdk/platforms/android-35-ext14/data/res/values-mcc302-mnc720-km: Cannot utime: Operation not permitted
build	Cache Android SDK	2026-06-06T12:22:44.0366450Z /usr/bin/tar: ../../../../../usr/local/lib/android/sdk/platforms/android-35-ext14/data/res/values-mcc302-mnc720-km: Cannot change mode to rwxr-xr-x: Operation not permitted
build	Cache Android SDK	2026-06-06T12:22:44.0371352Z /usr/bin/tar: ../../../../../usr/local/lib/android/sdk/platforms/android-35-ext14/data/res/values-sl-television: Cannot utime: Operation not permitted
build	Cache Android SDK	2026-06-06T12:22:44.0372306Z /usr/bin/tar: ../../../../../usr/local/lib/android/sdk/platforms/android-35-ext14/data/res/values-sl-television: Cannot change mode to rwxr-xr-x: Operation not permitted
build	Cache Android SDK	2026-06-06T12:22:44.0376211Z /usr/bin/tar: ../../../../../usr/local/lib/android/sdk/platforms/android-35-ext14/data/res/values-fr-feminine: Cannot utime: Operation not permitted
build	Cache Android SDK	2026-06-06T12:22:44.0377149Z /usr/bin/tar: ../../../../../usr/local/lib/android/sdk/platforms/android-35-ext14/data/res/values-fr-feminine: Cannot change mode to rwxr-xr-x: Operation not permitted
build	Cache Android SDK	2026-06-06T12:22:44.0384287Z /usr/bin/tar: ../../../../../usr/local/lib/android/sdk/platforms/android-35-ext14/data/res/values-mcc310-mnc220-en-rAU: Cannot utime: Operation not permitted
build	Cache Android SDK	2026-06-06T12:22:44.0385279Z /usr/bin/tar: ../../../../../usr/local/lib/android/sdk/platforms/android-35-ext14/data/res/values-mcc310-mnc220-en-rAU: Cannot change mode to rwxr-xr-x: Operation not permitted
build	Cache Android SDK	2026-06-06T12:22:44.0391368Z /usr/bin/tar: ../../../../../usr/local/lib/android/sdk/platforms/android-35-ext14/data/res/values-mcc310-mnc490-ko: Cannot utime: Operation not permitted
build	Cache Android SDK	2026-06-06T12:22:44.0392435Z /usr/bin/tar: ../../../../../usr/local/lib/android/sdk/platforms/android-35-ext14/data/res/values-mcc310-mnc490-ko: Cannot change mode to rwxr-xr-x: Operation not permitted
build	Cache Android SDK	2026-06-06T12:22:44.0395451Z /usr/bin/tar: ../../../../../usr/local/lib/android/sdk/platforms/android-35-ext14/data/res/values-mcc302-mnc370-ml: Cannot utime: Operation not permitted
build	Cache Android SDK	2026-06-06T12:22:44.0396406Z /usr/bin/tar: ../../../../../usr/local/lib/android/sdk/platforms/android-35-ext14/data/res/values-mcc302-mnc370-ml: Cannot change mode to rwxr-xr-x: Operation not permitted
build	Cache Android SDK	2026-06-06T12:22:44.0401912Z /usr/bin/tar: ../../../../../usr/local/lib/android/sdk/platforms/android-35-ext14/data/res/values-mcc310-mnc170-ka: Cannot utime: Operation not permitted
build	Cache Android SDK	2026-06-06T12:22:44.0402866Z /usr/bin/tar: ../../../../../usr/local/lib/android/sdk/platforms/android-35-ext14/data/res/values-mcc310-mnc170-ka: Cannot change mode to rwxr-xr-x: Operation not permitted
build	Cache Android SDK	2026-06-06T12:22:44.0410487Z /usr/bin/tar: ../../../../../usr/local/lib/android/sdk/platforms/android-35-ext14/data/res/values-b+sr+Latn: Cannot utime: Operation not permitted
build	Cache Android SDK	2026-06-06T12:22:44.0411910Z /usr/bin/tar: ../../../../../usr/local/lib/android/sdk/platforms/android-35-ext14/data/res/values-b+sr+Latn: Cannot change mode to rwxr-xr-x: Operation not permitted
build	Cache Android SDK	2026-06-06T12:22:44.0416421Z /usr/bin/tar: ../../../../../usr/local/lib/android/sdk/platforms/android-35-ext14/data/res/values-mcc310-mnc280-uk: Cannot utime: Operation not permitted
build	Cache Android SDK	2026-06-06T12:22:44.0417726Z /usr/bin/tar: ../../../../../usr/local/lib/android/sdk/platforms/android-35-ext14/data/res/values-mcc310-mnc280-uk: Cannot change mode to rwxr-xr-x: Operation not permitted
build	Cache Android SDK	2026-06-06T12:22:44.0420735Z /usr/bin/tar: ../../../../../usr/local/lib/android/sdk/platforms/android-35-ext14/data/res/values-mcc310-mnc220-hu: Cannot utime: Operation not permitted
build	Cache Android SDK	2026-06-06T12:22:44.0421746Z /usr/bin/tar: ../../../../../usr/local/lib/android/sdk/platforms/android-35-ext14/data/res/values-mcc310-mnc220-hu: Cannot change mode to rwxr-xr-x: Operation not permitted
build	Cache Android SDK	2026-06-06T12:22:44.0424195Z /usr/bin/tar: ../../../../../usr/local/lib/android/sdk/platforms/android-35-ext14/data/res/values-mcc310-mnc230-tr: Cannot utime: Operation not permitted
build	Cache Android SDK	2026-06-06T12:22:44.0425171Z /usr/bin/tar: ../../../../../usr/local/lib/android/sdk/platforms/android-35-ext14/data/res/values-mcc310-mnc230-tr: Cannot change mode to rwxr-xr-x: Operation not permitted
build	Cache Android SDK	2026-06-06T12:22:44.0428283Z /usr/bin/tar: ../../../../../usr/local/lib/android/sdk/platforms/android-35-ext14/data/res/values-mcc310-mnc230-sv: Cannot utime: Operation not permitted
build	Cache Android SDK	2026-06-06T12:22:44.0429306Z /usr/bin/tar: ../../../../../usr/local/lib/android/sdk/platforms/android-35-ext14/data/res/values-mcc310-mnc230-sv: Cannot change mode to rwxr-xr-x: Operation not permitted
build	Cache Android SDK	2026-06-06T12:22:44.0431520Z /usr/bin/tar: ../../../../../usr/local/lib/android/sdk/platforms/android-35-ext14/data/res/values-ar-rIL: Cannot utime: Operation not permitted
build	Cache Android SDK	2026-06-06T12:22:44.0432437Z /usr/bin/tar: ../../../../../usr/local/lib/android/sdk/platforms/android-35-ext14/data/res/values-ar-rIL: Cannot change mode to rwxr-xr-x: Operation not permitted
build	Cache Android SDK	2026-06-06T12:22:44.0436505Z /usr/bin/tar: ../../../../../usr/local/lib/android/sdk/platforms/android-35-ext14/data/res/values-te-television: Cannot utime: Operation not permitted
build	Cache Android SDK	2026-06-06T12:22:44.0437631Z /usr/bin/tar: ../../../../../usr/local/lib/android/sdk/platforms/android-35-ext14/data/res/values-te-television: Cannot change mode to rwxr-xr-x: Operation not permitted
build	Cache Android SDK	2026-06-06T12:22:44.0441913Z /usr/bin/tar: ../../../../../usr/local/lib/android/sdk/platforms/android-35-ext14/data/res/values-mcc310-mnc160-pt: Cannot utime: Operation not permitted
build	Cache Android SDK	2026-06-06T12:22:44.0442885Z /usr/bin/tar: ../../../../../usr/local/lib/android/sdk/platforms/android-35-ext14/data/res/values-mcc310-mnc160-pt: Cannot change mode to rwxr-xr-x: Operation not permitted
build	Cache Android SDK	2026-06-06T12:22:44.0451095Z /usr/bin/tar: ../../../../../usr/local/lib/android/sdk/platforms/android-35-ext14/data/res/values-mcc310-mnc660-ur: Cannot utime: Operation not permitted
build	Cache Android SDK	2026-06-06T12:22:44.0452517Z /usr/bin/tar: ../../../../../usr/local/lib/android/sdk/platforms/android-35-ext14/data/res/values-mcc310-mnc660-ur: Cannot change mode to rwxr-xr-x: Operation not permitted
build	Cache Android SDK	2026-06-06T12:22:44.0455299Z /usr/bin/tar: ../../../../../usr/local/lib/android/sdk/platforms/android-35-ext14/data/res/values-mcc334-mnc020-cs: Cannot utime: Operation not permitted
build	Cache Android SDK	2026-06-06T12:22:44.0456264Z /usr/bin/tar: ../../../../../usr/local/lib/android/sdk/platforms/android-35-ext14/data/res/values-mcc334-mnc020-cs: Cannot change mode to rwxr-xr-x: Operation not permitted
build	Cache Android SDK	2026-06-06T12:22:44.0463366Z /usr/bin/tar: ../../../../../usr/local/lib/android/sdk/platforms/android-35-ext14/data/res/values-zh-rTW: Cannot utime: Operation not permitted
build	Cache Android SDK	2026-06-06T12:22:44.0464293Z /usr/bin/tar: ../../../../../usr/local/lib/android/sdk/platforms/android-35-ext14/data/res/values-zh-rTW: Cannot change mode to rwxr-xr-x: Operation not permitted
build	Cache Android SDK	2026-06-06T12:22:44.0466810Z /usr/bin/tar: ../../../../../usr/local/lib/android/sdk/platforms/android-35-ext14/data/res/values-mcc310-mnc200-uz: Cannot utime: Operation not permitted
build	Cache Android SDK	2026-06-06T12:22:44.0468320Z /usr/bin/tar: ../../../../../usr/local/lib/android/sdk/platforms/android-35-ext14/data/res/values-mcc310-mnc200-uz: Cannot change mode to rwxr-xr-x: Operation not permitted
build	Cache Android SDK	2026-06-06T12:22:44.0472539Z /usr/bin/tar: ../../../../../usr/local/lib/android/sdk/platforms/android-35-ext14/data/res/values-mcc310-mnc410-sw: Cannot utime: Operation not permitted
build	Cache Android SDK	2026-06-06T12:22:44.0473485Z /usr/bin/tar: ../../../../../usr/local/lib/android/sdk/platforms/android-35-ext14/data/res/values-mcc310-mnc410-sw: Cannot change mode to rwxr-xr-x: Operation not permitted
build	Cache Android SDK	2026-06-06T12:22:44.0477817Z /usr/bin/tar: ../../../../../usr/local/lib/android/sdk/platforms/android-35-ext14/data/res/values-el-rGR: Cannot utime: Operation not permitted
build	Cache Android SDK	2026-06-06T12:22:44.0478725Z /usr/bin/tar: ../../../../../usr/local/lib/android/sdk/platforms/android-35-ext14/data/res/values-el-rGR: Cannot change mode to rwxr-xr-x: Operation not permitted
build	Cache Android SDK	2026-06-06T12:22:44.0485466Z /usr/bin/tar: ../../../../../usr/local/lib/android/sdk/platforms/android-35-ext14/data/res/values-mcc310-mnc800-hy: Cannot utime: Operation not permitted
build	Cache Android SDK	2026-06-06T12:22:44.0486434Z /usr/bin/tar: ../../../../../usr/local/lib/android/sdk/platforms/android-35-ext14/data/res/values-mcc310-mnc800-hy: Cannot change mode to rwxr-xr-x: Operation not permitted
build	Cache Android SDK	2026-06-06T12:22:44.0489575Z /usr/bin/tar: ../../../../../usr/local/lib/android/sdk/platforms/android-35-ext14/data/res/values-mcc302-mnc720: Cannot utime: Operation not permitted
build	Cache Android SDK	2026-06-06T12:22:44.0490517Z /usr/bin/tar: ../../../../../usr/local/lib/android/sdk/platforms/android-35-ext14/data/res/values-mcc302-mnc720: Cannot change mode to rwxr-xr-x: Operation not permitted
build	Cache Android SDK	2026-06-06T12:22:44.0496850Z /usr/bin/tar: ../../../../../usr/local/lib/android/sdk/platforms/android-35-ext14/data/res/values-mcc313-mnc100-sl: Cannot utime: Operation not permitted
build	Cache Android SDK	2026-06-06T12:22:44.0498035Z /usr/bin/tar: ../../../../../usr/local/lib/android/sdk/platforms/android-35-ext14/data/res/values-mcc313-mnc100-sl: Cannot change mode to rwxr-xr-x: Operation not permitted
build	Cache Android SDK	2026-06-06T12:22:44.0503446Z /usr/bin/tar: ../../../../../usr/local/lib/android/sdk/platforms/android-35-ext14/data/res/values-mcc312-mnc670-zh-rTW: Cannot utime: Operation not permitted
build	Cache Android SDK	2026-06-06T12:22:44.0504436Z /usr/bin/tar: ../../../../../usr/local/lib/android/sdk/platforms/android-35-ext14/data/res/values-mcc312-mnc670-zh-rTW: Cannot change mode to rwxr-xr-x: Operation not permitted
build	Cache Android SDK	2026-06-06T12:22:44.0507191Z /usr/bin/tar: ../../../../../usr/local/lib/android/sdk/platforms/android-35-ext14/data/res/values-mcc310-mnc560-ur: Cannot utime: Operation not permitted
build	Cache Android SDK	2026-06-06T12:22:44.0508280Z /usr/bin/tar: ../../../../../usr/local/lib/android/sdk/platforms/android-35-ext14/data/res/values-mcc310-mnc560-ur: Cannot change mode to rwxr-xr-x: Operation not permitted
build	Cache Android SDK	2026-06-06T12:22:44.0511380Z /usr/bin/tar: ../../../../../usr/local/lib/android/sdk/platforms/android-35-ext14/data/res/values-mcc310-mnc170-am: Cannot utime: Operation not permitted
build	Cache Android SDK	2026-06-06T12:22:44.0512540Z /usr/bin/tar: ../../../../../usr/local/lib/android/sdk/platforms/android-35-ext14/data/res/values-mcc310-mnc170-am: Cannot change mode to rwxr-xr-x: Operation not permitted
build	Cache Android SDK	2026-06-06T12:22:44.0515513Z /usr/bin/tar: ../../../../../usr/local/lib/android/sdk/platforms/android-35-ext14/data/res/values-mcc310-mnc800-nb: Cannot utime: Operation not permitted
build	Cache Android SDK	2026-06-06T12:22:44.0517062Z /usr/bin/tar: ../../../../../usr/local/lib/android/sdk/platforms/android-35-ext14/data/res/values-mcc310-mnc800-nb: Cannot change mode to rwxr-xr-x: Operation not permitted
build	Cache Android SDK	2026-06-06T12:22:44.0519506Z /usr/bin/tar: ../../../../../usr/local/lib/android/sdk/platforms/android-35-ext14/data/res/values-mcc310-mnc800-b+sr+Latn: Cannot utime: Operation not permitted
build	Cache Android SDK	2026-06-06T12:22:44.0520691Z /usr/bin/tar: ../../../../../usr/local/lib/android/sdk/platforms/android-35-ext14/data/res/values-mcc310-mnc800-b+sr+Latn: Cannot change mode to rwxr-xr-x: Operation not permitted
build	Cache Android SDK	2026-06-06T12:22:44.0523646Z /usr/bin/tar: ../../../../../usr/local/lib/android/sdk/platforms/android-35-ext14/data/res/values-mcc310-mnc150-be: Cannot utime: Operation not permitted
build	Cache Android SDK	2026-06-06T12:22:44.0524592Z /usr/bin/tar: ../../../../../usr/local/lib/android/sdk/platforms/android-35-ext14/data/res/values-mcc310-mnc150-be: Cannot change mode to rwxr-xr-x: Operation not permitted
build	Cache Android SDK	2026-06-06T12:22:44.0528651Z /usr/bin/tar: ../../../../../usr/local/lib/android/sdk/platforms/android-35-ext14/data/res/values-mcc310-mnc560-ja: Cannot utime: Operation not permitted
build	Cache Android SDK	2026-06-06T12:22:44.0529607Z /usr/bin/tar: ../../../../../usr/local/lib/android/sdk/platforms/android-35-ext14/data/res/values-mcc310-mnc560-ja: Cannot change mode to rwxr-xr-x: Operation not permitted
build	Cache Android SDK	2026-06-06T12:22:44.0533957Z /usr/bin/tar: ../../../../../usr/local/lib/android/sdk/platforms/android-35-ext14/data/res/values-mcc310-mnc210-sq: Cannot utime: Operation not permitted
build	Cache Android SDK	2026-06-06T12:22:44.0534920Z /usr/bin/tar: ../../../../../usr/local/lib/android/sdk/platforms/android-35-ext14/data/res/values-mcc310-mnc210-sq: Cannot change mode to rwxr-xr-x: Operation not permitted
build	Cache Android SDK	2026-06-06T12:22:44.0538979Z /usr/bin/tar: ../../../../../usr/local/lib/android/sdk/platforms/android-35-ext14/data/res/values-w228dp: Cannot utime: Operation not permitted
build	Cache Android SDK	2026-06-06T12:22:44.0540006Z /usr/bin/tar: ../../../../../usr/local/lib/android/sdk/platforms/android-35-ext14/data/res/values-w228dp: Cannot change mode to rwxr-xr-x: Operation not permitted
build	Cache Android SDK	2026-06-06T12:22:44.0542481Z /usr/bin/tar: ../../../../../usr/local/lib/android/sdk/platforms/android-35-ext14/data/res/values-mcc312-mnc670-ms: Cannot utime: Operation not permitted
build	Cache Android SDK	2026-06-06T12:22:44.0543435Z /usr/bin/tar: ../../../../../usr/local/lib/android/sdk/platforms/android-35-ext14/data/res/values-mcc312-mnc670-ms: Cannot change mode to rwxr-xr-x: Operation not permitted
build	Cache Android SDK	2026-06-06T12:22:44.0546505Z /usr/bin/tar: ../../../../../usr/local/lib/android/sdk/platforms/android-35-ext14/data/res/values-mcc302-mnc720-sw: Cannot utime: Operation not permitted
build	Cache Android SDK	2026-06-06T12:22:44.0547611Z /usr/bin/tar: ../../../../../usr/local/lib/android/sdk/platforms/android-35-ext14/data/res/values-mcc302-mnc720-sw: Cannot change mode to rwxr-xr-x: Operation not permitted
build	Cache Android SDK	2026-06-06T12:22:44.0550686Z /usr/bin/tar: ../../../../../usr/local/lib/android/sdk/platforms/android-35-ext14/data/res/values-mcc310-mnc160-de: Cannot utime: Operation not permitted
build	Cache Android SDK	2026-06-06T12:22:44.0551631Z /usr/bin/tar: ../../../../../usr/local/lib/android/sdk/platforms/android-35-ext14/data/res/values-mcc310-mnc160-de: Cannot change mode to rwxr-xr-x: Operation not permitted
build	Cache Android SDK	2026-06-06T12:22:44.0555578Z /usr/bin/tar: ../../../../../usr/local/lib/android/sdk/platforms/android-35-ext14/data/res/values-mcc310-mnc230-ru: Cannot utime: Operation not permitted
build	Cache Android SDK	2026-06-06T12:22:44.0556646Z /usr/bin/tar: ../../../../../usr/local/lib/android/sdk/platforms/android-35-ext14/data/res/values-mcc310-mnc230-ru: Cannot change mode to rwxr-xr-x: Operation not permitted
build	Cache Android SDK	2026-06-06T12:22:44.0559820Z /usr/bin/tar: ../../../../../usr/local/lib/android/sdk/platforms/android-35-ext14/data/res/values-mcc310-mnc170-en-rCA: Cannot utime: Operation not permitted
build	Cache Android SDK	2026-06-06T12:22:44.0560813Z /usr/bin/tar: ../../../../../usr/local/lib/android/sdk/platforms/android-35-ext14/data/res/values-mcc310-mnc170-en-rCA: Cannot change mode to rwxr-xr-x: Operation not permitted
build	Cache Android SDK	2026-06-06T12:22:44.0563795Z /usr/bin/tar: ../../../../../usr/local/lib/android/sdk/platforms/android-35-ext14/data/res/values-mcc313-mnc100-or: Cannot utime: Operation not permitted
build	Cache Android SDK	2026-06-06T12:22:44.0564755Z /usr/bin/tar: ../../../../../usr/local/lib/android/sdk/platforms/android-35-ext14/data/res/values-mcc313-mnc100-or: Cannot change mode to rwxr-xr-x: Operation not permitted
build	Cache Android SDK	2026-06-06T12:22:44.0567171Z /usr/bin/tar: ../../../../../usr/local/lib/android/sdk/platforms/android-35-ext14/data/res/values-mcc312-mnc670-sv: Cannot utime: Operation not permitted
build	Cache Android SDK	2026-06-06T12:22:44.0568323Z /usr/bin/tar: ../../../../../usr/local/lib/android/sdk/platforms/android-35-ext14/data/res/values-mcc312-mnc670-sv: Cannot change mode to rwxr-xr-x: Operation not permitted
build	Cache Android SDK	2026-06-06T12:22:44.0571629Z /usr/bin/tar: ../../../../../usr/local/lib/android/sdk/platforms/android-35-ext14/data/res/values-mcc334-mnc020-ca: Cannot utime: Operation not permitted
build	Cache Android SDK	2026-06-06T12:22:44.0572576Z /usr/bin/tar: ../../../../../usr/local/lib/android/sdk/platforms/android-35-ext14/data/res/values-mcc334-mnc020-ca: Cannot change mode to rwxr-xr-x: Operation not permitted
build	Cache Android SDK	2026-06-06T12:22:44.0576426Z /usr/bin/tar: ../../../../../usr/local/lib/android/sdk/platforms/android-35-ext14/data/res/menu: Cannot utime: Operation not permitted
build	Cache Android SDK	2026-06-06T12:22:44.0577277Z /usr/bin/tar: ../../../../../usr/local/lib/android/sdk/platforms/android-35-ext14/data/res/menu: Cannot change mode to rwxr-xr-x: Operation not permitted
build	Cache Android SDK	2026-06-06T12:22:44.0580276Z /usr/bin/tar: ../../../../../usr/local/lib/android/sdk/platforms/android-35-ext14/data/res/values-mcc310-mnc560-bn: Cannot utime: Operation not permitted
build	Cache Android SDK	2026-06-06T12:22:44.0581340Z /usr/bin/tar: ../../../../../usr/local/lib/android/sdk/platforms/android-35-ext14/data/res/values-mcc310-mnc560-bn: Cannot change mode to rwxr-xr-x: Operation not permitted
build	Cache Android SDK	2026-06-06T12:22:44.0586855Z /usr/bin/tar: ../../../../../usr/local/lib/android/sdk/platforms/android-35-ext14/data/res/values-mcc310-mnc270-hy: Cannot utime: Operation not permitted
build	Cache Android SDK	2026-06-06T12:22:44.0587973Z /usr/bin/tar: ../../../../../usr/local/lib/android/sdk/platforms/android-35-ext14/data/res/values-mcc310-mnc270-hy: Cannot change mode to rwxr-xr-x: Operation not permitted
build	Cache Android SDK	2026-06-06T12:22:44.0590692Z /usr/bin/tar: ../../../../../usr/local/lib/android/sdk/platforms/android-35-ext14/data/res/values-mcc310-mnc200-az: Cannot utime: Operation not permitted
build	Cache Android SDK	2026-06-06T12:22:44.0591640Z /usr/bin/tar: ../../../../../usr/local/lib/android/sdk/platforms/android-35-ext14/data/res/values-mcc310-mnc200-az: Cannot change mode to rwxr-xr-x: Operation not permitted
build	Cache Android SDK	2026-06-06T12:22:44.0595270Z /usr/bin/tar: ../../../../../usr/local/lib/android/sdk/platforms/android-35-ext14/data/res/values-mcc310-mnc220-cs: Cannot utime: Operation not permitted
build	Cache Android SDK	2026-06-06T12:22:44.0596218Z /usr/bin/tar: ../../../../../usr/local/lib/android/sdk/platforms/android-35-ext14/data/res/values-mcc310-mnc220-cs: Cannot change mode to rwxr-xr-x: Operation not permitted
build	Cache Android SDK	2026-06-06T12:22:44.0602419Z /usr/bin/tar: ../../../../../usr/local/lib/android/sdk/platforms/android-35-ext14/data/res/values-w720dp: Cannot utime: Operation not permitted
build	Cache Android SDK	2026-06-06T12:22:44.0603318Z /usr/bin/tar: ../../../../../usr/local/lib/android/sdk/platforms/android-35-ext14/data/res/values-w720dp: Cannot change mode to rwxr-xr-x: Operation not permitted
build	Cache Android SDK	2026-06-06T12:22:44.0606332Z /usr/bin/tar: ../../../../../usr/local/lib/android/sdk/platforms/android-35-ext14/data/res/values-mcc310-mnc200-sw: Cannot utime: Operation not permitted
build	Cache Android SDK	2026-06-06T12:22:44.0607288Z /usr/bin/tar: ../../../../../usr/local/lib/android/sdk/platforms/android-35-ext14/data/res/values-mcc310-mnc200-sw: Cannot change mode to rwxr-xr-x: Operation not permitted
build	Cache Android SDK	2026-06-06T12:22:44.0609824Z /usr/bin/tar: ../../../../../usr/local/lib/android/sdk/platforms/android-35-ext14/data/res/values-mcc310-mnc950-it: Cannot utime: Operation not permitted
build	Cache Android SDK	2026-06-06T12:22:44.0610798Z /usr/bin/tar: ../../../../../usr/local/lib/android/sdk/platforms/android-35-ext14/data/res/values-mcc310-mnc950-it: Cannot change mode to rwxr-xr-x: Operation not permitted
build	Cache Android SDK	2026-06-06T12:22:44.0615851Z /usr/bin/tar: ../../../../../usr/local/lib/android/sdk/platforms/android-35-ext14/data/res/values-mcc312-mnc670-en-rXC: Cannot utime: Operation not permitted
build	Cache Android SDK	2026-06-06T12:22:44.0616831Z /usr/bin/tar: ../../../../../usr/local/lib/android/sdk/platforms/android-35-ext14/data/res/values-mcc312-mnc670-en-rXC: Cannot change mode to rwxr-xr-x: Operation not permitted
build	Cache Android SDK	2026-06-06T12:22:44.0620208Z /usr/bin/tar: ../../../../../usr/local/lib/android/sdk/platforms/android-35-ext14/data/res/values-mcc310-mnc030-ru: Cannot utime: Operation not permitted
build	Cache Android SDK	2026-06-06T12:22:44.0621177Z /usr/bin/tar: ../../../../../usr/local/lib/android/sdk/platforms/android-35-ext14/data/res/values-mcc310-mnc030-ru: Cannot change mode to rwxr-xr-x: Operation not permitted
build	Cache Android SDK	2026-06-06T12:22:44.0628533Z /usr/bin/tar: ../../../../../usr/local/lib/android/sdk/platforms/android-35-ext14/data/res/values-mcc310-mnc950-ko: Cannot utime: Operation not permitted
build	Cache Android SDK	2026-06-06T12:22:44.0629486Z /usr/bin/tar: ../../../../../usr/local/lib/android/sdk/platforms/android-35-ext14/data/res/values-mcc310-mnc950-ko: Cannot change mode to rwxr-xr-x: Operation not permitted
build	Cache Android SDK	2026-06-06T12:22:44.0633717Z /usr/bin/tar: ../../../../../usr/local/lib/android/sdk/platforms/android-35-ext14/data/res/values-mcc310-mnc490-iw: Cannot utime: Operation not permitted
build	Cache Android SDK	2026-06-06T12:22:44.0634675Z /usr/bin/tar: ../../../../../usr/local/lib/android/sdk/platforms/android-35-ext14/data/res/values-mcc310-mnc490-iw: Cannot change mode to rwxr-xr-x: Operation not permitted
build	Cache Android SDK	2026-06-06T12:22:44.0639650Z /usr/bin/tar: ../../../../../usr/local/lib/android/sdk/platforms/android-35-ext14/data/res/values-mcc310-mnc660-uk: Cannot utime: Operation not permitted
build	Cache Android SDK	2026-06-06T12:22:44.0640613Z /usr/bin/tar: ../../../../../usr/local/lib/android/sdk/platforms/android-35-ext14/data/res/values-mcc310-mnc660-uk: Cannot change mode to rwxr-xr-x: Operation not permitted
build	Cache Android SDK	2026-06-06T12:22:44.0643918Z /usr/bin/tar: ../../../../../usr/local/lib/android/sdk/platforms/android-35-ext14/data/res/values-mcc310-mnc030-sv: Cannot utime: Operation not permitted
build	Cache Android SDK	2026-06-06T12:22:44.0644869Z /usr/bin/tar: ../../../../../usr/local/lib/android/sdk/platforms/android-35-ext14/data/res/values-mcc310-mnc030-sv: Cannot change mode to rwxr-xr-x: Operation not permitted
build	Cache Android SDK	2026-06-06T12:22:44.0649588Z /usr/bin/tar: ../../../../../usr/local/lib/android/sdk/platforms/android-35-ext14/data/res/values-w205dp: Cannot utime: Operation not permitted
build	Cache Android SDK	2026-06-06T12:22:44.0650735Z /usr/bin/tar: ../../../../../usr/local/lib/android/sdk/platforms/android-35-ext14/data/res/values-w205dp: Cannot change mode to rwxr-xr-x: Operation not permitted
build	Cache Android SDK	2026-06-06T12:22:44.0653028Z /usr/bin/tar: ../../../../../usr/local/lib/android/sdk/platforms/android-35-ext14/data/res/values-mcc310-mnc490-in: Cannot utime: Operation not permitted
build	Cache Android SDK	2026-06-06T12:22:44.0654038Z /usr/bin/tar: ../../../../../usr/local/lib/android/sdk/platforms/android-35-ext14/data/res/values-mcc310-mnc490-in: Cannot change mode to rwxr-xr-x: Operation not permitted
build	Cache Android SDK	2026-06-06T12:22:44.0656750Z /usr/bin/tar: ../../../../../usr/local/lib/android/sdk/platforms/android-35-ext14/data/res/values-mcc310-mnc220-hi: Cannot utime: Operation not permitted
build	Cache Android SDK	2026-06-06T12:22:44.0658003Z /usr/bin/tar: ../../../../../usr/local/lib/android/sdk/platforms/android-35-ext14/data/res/values-mcc310-mnc220-hi: Cannot change mode to rwxr-xr-x: Operation not permitted
build	Cache Android SDK	2026-06-06T12:22:44.0665046Z /usr/bin/tar: ../../../../../usr/local/lib/android/sdk/platforms/android-35-ext14/data/res/values-de: Cannot utime: Operation not permitted
build	Cache Android SDK	2026-06-06T12:22:44.0666127Z /usr/bin/tar: ../../../../../usr/local/lib/android/sdk/platforms/android-35-ext14/data/res/values-de: Cannot change mode to rwxr-xr-x: Operation not permitted
build	Cache Android SDK	2026-06-06T12:22:44.0673322Z /usr/bin/tar: ../../../../../usr/local/lib/android/sdk/platforms/android-35-ext14/data/res/values-mcc310-mnc250-bs: Cannot utime: Operation not permitted
build	Cache Android SDK	2026-06-06T12:22:44.0674303Z /usr/bin/tar: ../../../../../usr/local/lib/android/sdk/platforms/android-35-ext14/data/res/values-mcc310-mnc250-bs: Cannot change mode to rwxr-xr-x: Operation not permitted
build	Cache Android SDK	2026-06-06T12:22:44.0681888Z /usr/bin/tar: ../../../../../usr/local/lib/android/sdk/platforms/android-35-ext14/data/res/values-mcc310-mnc170-cs: Cannot utime: Operation not permitted
build	Cache Android SDK	2026-06-06T12:22:44.0683255Z /usr/bin/tar: ../../../../../usr/local/lib/android/sdk/platforms/android-35-ext14/data/res/values-mcc310-mnc170-cs: Cannot change mode to rwxr-xr-x: Operation not permitted
build	Cache Android SDK	2026-06-06T12:22:44.0687883Z /usr/bin/tar: ../../../../../usr/local/lib/android/sdk/platforms/android-35-ext14/data/res/values-mcc310-mnc660-es: Cannot utime: Operation not permitted
build	Cache Android SDK	2026-06-06T12:22:44.0688876Z /usr/bin/tar: ../../../../../usr/local/lib/android/sdk/platforms/android-35-ext14/data/res/values-mcc310-mnc660-es: Cannot change mode to rwxr-xr-x: Operation not permitted
build	Cache Android SDK	2026-06-06T12:22:44.0691358Z /usr/bin/tar: ../../../../../usr/local/lib/android/sdk/platforms/android-35-ext14/data/res/values-mcc313-mnc100-sk: Cannot utime: Operation not permitted
build	Cache Android SDK	2026-06-06T12:22:44.0692336Z /usr/bin/tar: ../../../../../usr/local/lib/android/sdk/platforms/android-35-ext14/data/res/values-mcc313-mnc100-sk: Cannot change mode to rwxr-xr-x: Operation not permitted
build	Cache Android SDK	2026-06-06T12:22:44.0695829Z /usr/bin/tar: ../../../../../usr/local/lib/android/sdk/platforms/android-35-ext14/data/res/values-mcc310-mnc310-zh-rHK: Cannot utime: Operation not permitted
build	Cache Android SDK	2026-06-06T12:22:44.0696933Z /usr/bin/tar: ../../../../../usr/local/lib/android/sdk/platforms/android-35-ext14/data/res/values-mcc310-mnc310-zh-rHK: Cannot change mode to rwxr-xr-x: Operation not permitted
build	Cache Android SDK	2026-06-06T12:22:44.0703213Z /usr/bin/tar: ../../../../../usr/local/lib/android/sdk/platforms/android-35-ext14/data/res/values-mcc001-mnc01-pl: Cannot utime: Operation not permitted
build	Cache Android SDK	2026-06-06T12:22:44.0704189Z /usr/bin/tar: ../../../../../usr/local/lib/android/sdk/platforms/android-35-ext14/data/res/values-mcc001-mnc01-pl: Cannot change mode to rwxr-xr-x: Operation not permitted
build	Cache Android SDK	2026-06-06T12:22:44.0707031Z /usr/bin/tar: ../../../../../usr/local/lib/android/sdk/platforms/android-35-ext14/data/res/values-mcc310-mnc250-gu: Cannot utime: Operation not permitted
build	Cache Android SDK	2026-06-06T12:22:44.0708177Z /usr/bin/tar: ../../../../../usr/local/lib/android/sdk/platforms/android-35-ext14/data/res/values-mcc310-mnc250-gu: Cannot change mode to rwxr-xr-x: Operation not permitted
build	Cache Android SDK	2026-06-06T12:22:44.0714564Z /usr/bin/tar: ../../../../../usr/local/lib/android/sdk/platforms/android-35-ext14/data/res/values-mcc311-mnc180-sq: Cannot utime: Operation not permitted
build	Cache Android SDK	2026-06-06T12:22:44.0715547Z /usr/bin/tar: ../../../../../usr/local/lib/android/sdk/platforms/android-35-ext14/data/res/values-mcc311-mnc180-sq: Cannot change mode to rwxr-xr-x: Operation not permitted
build	Cache Android SDK	2026-06-06T12:22:44.0719430Z /usr/bin/tar: ../../../../../usr/local/lib/android/sdk/platforms/android-35-ext14/data/res/values-mcc310-mnc950-zu: Cannot utime: Operation not permitted
build	Cache Android SDK	2026-06-06T12:22:44.0720560Z /usr/bin/tar: ../../../../../usr/local/lib/android/sdk/platforms/android-35-ext14/data/res/values-mcc310-mnc950-zu: Cannot change mode to rwxr-xr-x: Operation not permitted
build	Cache Android SDK	2026-06-06T12:22:44.0724311Z /usr/bin/tar: ../../../../../usr/local/lib/android/sdk/platforms/android-35-ext14/data/res/values-mcc312-mnc670-gl: Cannot utime: Operation not permitted
build	Cache Android SDK	2026-06-06T12:22:44.0725368Z /usr/bin/tar: ../../../../../usr/local/lib/android/sdk/platforms/android-35-ext14/data/res/values-mcc312-mnc670-gl: Cannot change mode to rwxr-xr-x: Operation not permitted
build	Cache Android SDK	2026-06-06T12:22:44.0728965Z /usr/bin/tar: ../../../../../usr/local/lib/android/sdk/platforms/android-35-ext14/data/res/values-mcc313-mnc100-eu: Cannot utime: Operation not permitted
build	Cache Android SDK	2026-06-06T12:22:44.0730037Z /usr/bin/tar: ../../../../../usr/local/lib/android/sdk/platforms/android-35-ext14/data/res/values-mcc313-mnc100-eu: Cannot change mode to rwxr-xr-x: Operation not permitted
build	Cache Android SDK	2026-06-06T12:22:44.0733135Z /usr/bin/tar: ../../../../../usr/local/lib/android/sdk/platforms/android-35-ext14/data/res/values-mcc310-mnc410-pa: Cannot utime: Operation not permitted
build	Cache Android SDK	2026-06-06T12:22:44.0734141Z /usr/bin/tar: ../../../../../usr/local/lib/android/sdk/platforms/android-35-ext14/data/res/values-mcc310-mnc410-pa: Cannot change mode to rwxr-xr-x: Operation not permitted
build	Cache Android SDK	2026-06-06T12:22:44.0741354Z /usr/bin/tar: ../../../../../usr/local/lib/android/sdk/platforms/android-35-ext14/data/res/values-pt-rBR: Cannot utime: Operation not permitted
build	Cache Android SDK	2026-06-06T12:22:44.0742266Z /usr/bin/tar: ../../../../../usr/local/lib/android/sdk/platforms/android-35-ext14/data/res/values-pt-rBR: Cannot change mode to rwxr-xr-x: Operation not permitted
build	Cache Android SDK	2026-06-06T12:22:44.0745238Z /usr/bin/tar: ../../../../../usr/local/lib/android/sdk/platforms/android-35-ext14/data/res/values-mcc310-mnc410-pt-rPT: Cannot utime: Operation not permitted
build	Cache Android SDK	2026-06-06T12:22:44.0746273Z /usr/bin/tar: ../../../../../usr/local/lib/android/sdk/platforms/android-35-ext14/data/res/values-mcc310-mnc410-pt-rPT: Cannot change mode to rwxr-xr-x: Operation not permitted
build	Cache Android SDK	2026-06-06T12:22:44.0749006Z /usr/bin/tar: ../../../../../usr/local/lib/android/sdk/platforms/android-35-ext14/data/res/values-mcc310-mnc380-pt-rBR: Cannot utime: Operation not permitted
build	Cache Android SDK	2026-06-06T12:22:44.0749995Z /usr/bin/tar: ../../../../../usr/local/lib/android/sdk/platforms/android-35-ext14/data/res/values-mcc310-mnc380-pt-rBR: Cannot change mode to rwxr-xr-x: Operation not permitted
build	Cache Android SDK	2026-06-06T12:22:44.0752699Z /usr/bin/tar: ../../../../../usr/local/lib/android/sdk/platforms/android-35-ext14/data/res/values-mcc310-mnc560-pl: Cannot utime: Operation not permitted
build	Cache Android SDK	2026-06-06T12:22:44.0753705Z /usr/bin/tar: ../../../../../usr/local/lib/android/sdk/platforms/android-35-ext14/data/res/values-mcc310-mnc560-pl: Cannot change mode to rwxr-xr-x: Operation not permitted
build	Cache Android SDK	2026-06-06T12:22:44.0756865Z /usr/bin/tar: ../../../../../usr/local/lib/android/sdk/platforms/android-35-ext14/data/res/values-mcc310-mnc200-fa: Cannot utime: Operation not permitted
build	Cache Android SDK	2026-06-06T12:22:44.0758004Z /usr/bin/tar: ../../../../../usr/local/lib/android/sdk/platforms/android-35-ext14/data/res/values-mcc310-mnc200-fa: Cannot change mode to rwxr-xr-x: Operation not permitted
build	Cache Android SDK	2026-06-06T12:22:44.0761531Z /usr/bin/tar: ../../../../../usr/local/lib/android/sdk/platforms/android-35-ext14/data/res/values-mcc310-mnc280-my: Cannot utime: Operation not permitted
build	Cache Android SDK	2026-06-06T12:22:44.0762541Z /usr/bin/tar: ../../../../../usr/local/lib/android/sdk/platforms/android-35-ext14/data/res/values-mcc310-mnc280-my: Cannot change mode to rwxr-xr-x: Operation not permitted
build	Cache Android SDK	2026-06-06T12:22:44.0765094Z /usr/bin/tar: ../../../../../usr/local/lib/android/sdk/platforms/android-35-ext14/data/res/values-mcc313-mnc100-en-rXC: Cannot utime: Operation not permitted
build	Cache Android SDK	2026-06-06T12:22:44.0766095Z /usr/bin/tar: ../../../../../usr/local/lib/android/sdk/platforms/android-35-ext14/data/res/values-mcc313-mnc100-en-rXC: Cannot change mode to rwxr-xr-x: Operation not permitted
build	Cache Android SDK	2026-06-06T12:22:44.0768681Z /usr/bin/tar: ../../../../../usr/local/lib/android/sdk/platforms/android-35-ext14/data/res/values-mcc001-mnc01-zu: Cannot utime: Operation not permitted
build	Cache Android SDK	2026-06-06T12:22:44.0769724Z /usr/bin/tar: ../../../../../usr/local/lib/android/sdk/platforms/android-35-ext14/data/res/values-mcc001-mnc01-zu: Cannot change mode to rwxr-xr-x: Operation not permitted
build	Cache Android SDK	2026-06-06T12:22:44.0772601Z /usr/bin/tar: ../../../../../usr/local/lib/android/sdk/platforms/android-35-ext14/data/res/values-mcc310-mnc560-tr: Cannot utime: Operation not permitted
build	Cache Android SDK	2026-06-06T12:22:44.0773581Z /usr/bin/tar: ../../../../../usr/local/lib/android/sdk/platforms/android-35-ext14/data/res/values-mcc310-mnc560-tr: Cannot change mode to rwxr-xr-x: Operation not permitted
build	Cache Android SDK	2026-06-06T12:22:44.0777802Z /usr/bin/tar: ../../../../../usr/local/lib/android/sdk/platforms/android-35-ext14/data/res/values-kk-television: Cannot utime: Operation not permitted
build	Cache Android SDK	2026-06-06T12:22:44.0778806Z /usr/bin/tar: ../../../../../usr/local/lib/android/sdk/platforms/android-35-ext14/data/res/values-kk-television: Cannot change mode to rwxr-xr-x: Operation not permitted
build	Cache Android SDK	2026-06-06T12:22:44.0781309Z /usr/bin/tar: ../../../../../usr/local/lib/android/sdk/platforms/android-35-ext14/data/res/values-mcc310-mnc250-pl: Cannot utime: Operation not permitted
build	Cache Android SDK	2026-06-06T12:22:44.0782316Z /usr/bin/tar: ../../../../../usr/local/lib/android/sdk/platforms/android-35-ext14/data/res/values-mcc310-mnc250-pl: Cannot change mode to rwxr-xr-x: Operation not permitted
build	Cache Android SDK	2026-06-06T12:22:44.1311137Z /usr/bin/tar: ../../../../../usr/local/lib/android/sdk/platforms/android-35-ext14/data/res/drawable-xhdpi: Cannot utime: Operation not permitted
build	Cache Android SDK	2026-06-06T12:22:44.1312831Z /usr/bin/tar: ../../../../../usr/local/lib/android/sdk/platforms/android-35-ext14/data/res/drawable-xhdpi: Cannot change mode to rwxr-xr-x: Operation not permitted
build	Cache Android SDK	2026-06-06T12:22:44.1313990Z /usr/bin/tar: ../../../../../usr/local/lib/android/sdk/platforms/android-35-ext14/data/res/values-mcc310-mnc410-ml: Cannot utime: Operation not permitted
build	Cache Android SDK	2026-06-06T12:22:44.1315132Z /usr/bin/tar: ../../../../../usr/local/lib/android/sdk/platforms/android-35-ext14/data/res/values-mcc310-mnc410-ml: Cannot change mode to rwxr-xr-x: Operation not permitted
build	Cache Android SDK	2026-06-06T12:22:44.1316701Z /usr/bin/tar: ../../../../../usr/local/lib/android/sdk/platforms/android-35-ext14/data/res/values-mcc466-mnc92: Cannot utime: Operation not permitted
build	Cache Android SDK	2026-06-06T12:22:44.1317894Z /usr/bin/tar: ../../../../../usr/local/lib/android/sdk/platforms/android-35-ext14/data/res/values-mcc466-mnc92: Cannot change mode to rwxr-xr-x: Operation not permitted
build	Cache Android SDK	2026-06-06T12:22:44.1320779Z /usr/bin/tar: ../../../../../usr/local/lib/android/sdk/platforms/android-35-ext14/data/res/values-mcc310-mnc210-sl: Cannot utime: Operation not permitted
build	Cache Android SDK	2026-06-06T12:22:44.1321877Z /usr/bin/tar: ../../../../../usr/local/lib/android/sdk/platforms/android-35-ext14/data/res/values-mcc310-mnc210-sl: Cannot change mode to rwxr-xr-x: Operation not permitted
build	Cache Android SDK	2026-06-06T12:22:44.1323484Z /usr/bin/tar: ../../../../../usr/local/lib/android/sdk/platforms/android-35-ext14/data/res/values-as-television: Cannot utime: Operation not permitted
build	Cache Android SDK	2026-06-06T12:22:44.1324431Z /usr/bin/tar: ../../../../../usr/local/lib/android/sdk/platforms/android-35-ext14/data/res/values-as-television: Cannot change mode to rwxr-xr-x: Operation not permitted
build	Cache Android SDK	2026-06-06T12:22:44.1327190Z /usr/bin/tar: ../../../../../usr/local/lib/android/sdk/platforms/android-35-ext14/data/res/values-mcc310-mnc380-sq: Cannot utime: Operation not permitted
build	Cache Android SDK	2026-06-06T12:22:44.1330385Z /usr/bin/tar: ../../../../../usr/local/lib/android/sdk/platforms/android-35-ext14/data/res/values-mcc310-mnc380-sq: Cannot change mode to rwxr-xr-x: Operation not permitted
build	Cache Android SDK	2026-06-06T12:22:44.1331348Z /usr/bin/tar: ../../../../../usr/local/lib/android/sdk/platforms/android-35-ext14/data/res/values-en-rIE: Cannot utime: Operation not permitted
build	Cache Android SDK	2026-06-06T12:22:44.1332518Z /usr/bin/tar: ../../../../../usr/local/lib/android/sdk/platforms/android-35-ext14/data/res/values-en-rIE: Cannot change mode to rwxr-xr-x: Operation not permitted
build	Cache Android SDK	2026-06-06T12:22:44.1333937Z /usr/bin/tar: ../../../../../usr/local/lib/android/sdk/platforms/android-35-ext14/data/res/values-mcc310-mnc250-zu: Cannot utime: Operation not permitted
build	Cache Android SDK	2026-06-06T12:22:44.1334901Z /usr/bin/tar: ../../../../../usr/local/lib/android/sdk/platforms/android-35-ext14/data/res/values-mcc310-mnc250-zu: Cannot change mode to rwxr-xr-x: Operation not permitted
build	Cache Android SDK	2026-06-06T12:22:44.1340373Z /usr/bin/tar: ../../../../../usr/local/lib/android/sdk/platforms/android-35-ext14/data/res/values-mcc310-mnc410-lo: Cannot utime: Operation not permitted
build	Cache Android SDK	2026-06-06T12:22:44.1341583Z /usr/bin/tar: ../../../../../usr/local/lib/android/sdk/platforms/android-35-ext14/data/res/values-mcc310-mnc410-lo: Cannot change mode to rwxr-xr-x: Operation not permitted
build	Cache Android SDK	2026-06-06T12:22:44.1343273Z /usr/bin/tar: ../../../../../usr/local/lib/android/sdk/platforms/android-35-ext14/data/res/values-kk-watch: Cannot utime: Operation not permitted
build	Cache Android SDK	2026-06-06T12:22:44.1344187Z /usr/bin/tar: ../../../../../usr/local/lib/android/sdk/platforms/android-35-ext14/data/res/values-kk-watch: Cannot change mode to rwxr-xr-x: Operation not permitted
build	Cache Android SDK	2026-06-06T12:22:44.1346612Z /usr/bin/tar: ../../../../../usr/local/lib/android/sdk/platforms/android-35-ext14/data/res/values-mcc432: Cannot utime: Operation not permitted
build	Cache Android SDK	2026-06-06T12:22:44.1347671Z /usr/bin/tar: ../../../../../usr/local/lib/android/sdk/platforms/android-35-ext14/data/res/values-mcc432: Cannot change mode to rwxr-xr-x: Operation not permitted
build	Cache Android SDK	2026-06-06T12:22:44.1350094Z /usr/bin/tar: ../../../../../usr/local/lib/android/sdk/platforms/android-35-ext14/data/res/values-mcc310-mnc380-ne: Cannot utime: Operation not permitted
build	Cache Android SDK	2026-06-06T12:22:44.1351071Z /usr/bin/tar: ../../../../../usr/local/lib/android/sdk/platforms/android-35-ext14/data/res/values-mcc310-mnc380-ne: Cannot change mode to rwxr-xr-x: Operation not permitted
build	Cache Android SDK	2026-06-06T12:22:44.1353771Z /usr/bin/tar: ../../../../../usr/local/lib/android/sdk/platforms/android-35-ext14/data/res/values-mcc001-mnc01-uz: Cannot utime: Operation not permitted
build	Cache Android SDK	2026-06-06T12:22:44.1354736Z /usr/bin/tar: ../../../../../usr/local/lib/android/sdk/platforms/android-35-ext14/data/res/values-mcc001-mnc01-uz: Cannot change mode to rwxr-xr-x: Operation not permitted
build	Cache Android SDK	2026-06-06T12:22:44.1357669Z /usr/bin/tar: ../../../../../usr/local/lib/android/sdk/platforms/android-35-ext14/data/res/values-mcc312-mnc670-it: Cannot utime: Operation not permitted
build	Cache Android SDK	2026-06-06T12:22:44.1358682Z /usr/bin/tar: ../../../../../usr/local/lib/android/sdk/platforms/android-35-ext14/data/res/values-mcc312-mnc670-it: Cannot change mode to rwxr-xr-x: Operation not permitted
build	Cache Android SDK	2026-06-06T12:22:44.1360599Z /usr/bin/tar: ../../../../../usr/local/lib/android/sdk/platforms/android-35-ext14/data/res/values-mcc722-mnc07: Cannot utime: Operation not permitted
build	Cache Android SDK	2026-06-06T12:22:44.1361563Z /usr/bin/tar: ../../../../../usr/local/lib/android/sdk/platforms/android-35-ext14/data/res/values-mcc722-mnc07: Cannot change mode to rwxr-xr-x: Operation not permitted
build	Cache Android SDK	2026-06-06T12:22:44.1364238Z /usr/bin/tar: ../../../../../usr/local/lib/android/sdk/platforms/android-35-ext14/data/res/values-mcc310-mnc310-eu: Cannot utime: Operation not permitted
build	Cache Android SDK	2026-06-06T12:22:44.1365245Z /usr/bin/tar: ../../../../../usr/local/lib/android/sdk/platforms/android-35-ext14/data/res/values-mcc310-mnc310-eu: Cannot change mode to rwxr-xr-x: Operation not permitted
build	Cache Android SDK	2026-06-06T12:22:44.1367095Z /usr/bin/tar: ../../../../../usr/local/lib/android/sdk/platforms/android-35-ext14/data/res/values-mcc235-mnc94: Cannot utime: Operation not permitted
build	Cache Android SDK	2026-06-06T12:22:44.1369047Z /usr/bin/tar: ../../../../../usr/local/lib/android/sdk/platforms/android-35-ext14/data/res/values-mcc235-mnc94: Cannot change mode to rwxr-xr-x: Operation not permitted
build	Cache Android SDK	2026-06-06T12:22:44.1370919Z /usr/bin/tar: ../../../../../usr/local/lib/android/sdk/platforms/android-35-ext14/data/res/values-mcc311-mnc180-sk: Cannot utime: Operation not permitted
build	Cache Android SDK	2026-06-06T12:22:44.1371882Z /usr/bin/tar: ../../../../../usr/local/lib/android/sdk/platforms/android-35-ext14/data/res/values-mcc311-mnc180-sk: Cannot change mode to rwxr-xr-x: Operation not permitted
build	Cache Android SDK	2026-06-06T12:22:44.1375160Z /usr/bin/tar: ../../../../../usr/local/lib/android/sdk/platforms/android-35-ext14/data/res/values-mcc310-mnc170-es: Cannot utime: Operation not permitted
build	Cache Android SDK	2026-06-06T12:22:44.1376119Z /usr/bin/tar: ../../../../../usr/local/lib/android/sdk/platforms/android-35-ext14/data/res/values-mcc310-mnc170-es: Cannot change mode to rwxr-xr-x: Operation not permitted
build	Cache Android SDK	2026-06-06T12:22:44.1378277Z /usr/bin/tar: ../../../../../usr/local/lib/android/sdk/platforms/android-35-ext14/data/res/values-mcc310-mnc240-my: Cannot utime: Operation not permitted
build	Cache Android SDK	2026-06-06T12:22:44.1379391Z /usr/bin/tar: ../../../../../usr/local/lib/android/sdk/platforms/android-35-ext14/data/res/values-mcc310-mnc240-my: Cannot change mode to rwxr-xr-x: Operation not permitted
build	Cache Android SDK	2026-06-06T12:22:44.1382179Z /usr/bin/tar: ../../../../../usr/local/lib/android/sdk/platforms/android-35-ext14/data/res/values-am-television: Cannot utime: Operation not permitted
build	Cache Android SDK	2026-06-06T12:22:44.1383241Z /usr/bin/tar: ../../../../../usr/local/lib/android/sdk/platforms/android-35-ext14/data/res/values-am-television: Cannot change mode to rwxr-xr-x: Operation not permitted
build	Cache Android SDK	2026-06-06T12:22:44.1385096Z /usr/bin/tar: ../../../../../usr/local/lib/android/sdk/platforms/android-35-ext14/data/res/values-mcc302-mnc370-in: Cannot utime: Operation not permitted
build	Cache Android SDK	2026-06-06T12:22:44.1386300Z /usr/bin/tar: ../../../../../usr/local/lib/android/sdk/platforms/android-35-ext14/data/res/values-mcc302-mnc370-in: Cannot change mode to rwxr-xr-x: Operation not permitted
build	Cache Android SDK	2026-06-06T12:22:44.1388603Z /usr/bin/tar: ../../../../../usr/local/lib/android/sdk/platforms/android-35-ext14/data/res/values-mcc310-mnc270-ml: Cannot utime: Operation not permitted
build	Cache Android SDK	2026-06-06T12:22:44.1389562Z /usr/bin/tar: ../../../../../usr/local/lib/android/sdk/platforms/android-35-ext14/data/res/values-mcc310-mnc270-ml: Cannot change mode to rwxr-xr-x: Operation not permitted
build	Cache Android SDK	2026-06-06T12:22:44.1391784Z /usr/bin/tar: ../../../../../usr/local/lib/android/sdk/platforms/android-35-ext14/data/res/values-mcc302-mnc370-ru: Cannot utime: Operation not permitted
build	Cache Android SDK	2026-06-06T12:22:44.1392855Z /usr/bin/tar: ../../../../../usr/local/lib/android/sdk/platforms/android-35-ext14/data/res/values-mcc302-mnc370-ru: Cannot change mode to rwxr-xr-x: Operation not permitted
build	Cache Android SDK	2026-06-06T12:22:44.1394951Z /usr/bin/tar: ../../../../../usr/local/lib/android/sdk/platforms/android-35-ext14/data/res/values-mcc310-mnc950-ro: Cannot utime: Operation not permitted
build	Cache Android SDK	2026-06-06T12:22:44.1396020Z /usr/bin/tar: ../../../../../usr/local/lib/android/sdk/platforms/android-35-ext14/data/res/values-mcc310-mnc950-ro: Cannot change mode to rwxr-xr-x: Operation not permitted
build	Cache Android SDK	2026-06-06T12:22:44.1399928Z /usr/bin/tar: ../../../../../usr/local/lib/android/sdk/platforms/android-35-ext14/data/res/values-te-watch: Cannot utime: Operation not permitted
build	Cache Android SDK	2026-06-06T12:22:44.1401188Z /usr/bin/tar: ../../../../../usr/local/lib/android/sdk/platforms/android-35-ext14/data/res/values-te-watch: Cannot change mode to rwxr-xr-x: Operation not permitted
build	Cache Android SDK	2026-06-06T12:22:44.1402643Z /usr/bin/tar: ../../../../../usr/local/lib/android/sdk/platforms/android-35-ext14/data/res/values-mcc310-mnc410-pl: Cannot utime: Operation not permitted
build	Cache Android SDK	2026-06-06T12:22:44.1403594Z /usr/bin/tar: ../../../../../usr/local/lib/android/sdk/platforms/android-35-ext14/data/res/values-mcc310-mnc410-pl: Cannot change mode to rwxr-xr-x: Operation not permitted
build	Cache Android SDK	2026-06-06T12:22:44.1407210Z /usr/bin/tar: ../../../../../usr/local/lib/android/sdk/platforms/android-35-ext14/data/res/values-mcc310-mnc220-is: Cannot utime: Operation not permitted
build	Cache Android SDK	2026-06-06T12:22:44.1408451Z /usr/bin/tar: ../../../../../usr/local/lib/android/sdk/platforms/android-35-ext14/data/res/values-mcc310-mnc220-is: Cannot change mode to rwxr-xr-x: Operation not permitted
build	Cache Android SDK	2026-06-06T12:22:44.1410449Z /usr/bin/tar: ../../../../../usr/local/lib/android/sdk/platforms/android-35-ext14/data/res/values-mcc310-mnc170-nl: Cannot utime: Operation not permitted
build	Cache Android SDK	2026-06-06T12:22:44.1411503Z /usr/bin/tar: ../../../../../usr/local/lib/android/sdk/platforms/android-35-ext14/data/res/values-mcc310-mnc170-nl: Cannot change mode to rwxr-xr-x: Operation not permitted
build	Cache Android SDK	2026-06-06T12:22:44.1413267Z /usr/bin/tar: ../../../../../usr/local/lib/android/sdk/platforms/android-35-ext14/data/res/values-mcc310-mnc380-el: Cannot utime: Operation not permitted
build	Cache Android SDK	2026-06-06T12:22:44.1414265Z /usr/bin/tar: ../../../../../usr/local/lib/android/sdk/platforms/android-35-ext14/data/res/values-mcc310-mnc380-el: Cannot change mode to rwxr-xr-x: Operation not permitted
build	Cache Android SDK	2026-06-06T12:22:44.1417200Z /usr/bin/tar: ../../../../../usr/local/lib/android/sdk/platforms/android-35-ext14/data/res/values-mcc334-mnc020-lt: Cannot utime: Operation not permitted
build	Cache Android SDK	2026-06-06T12:22:44.1418643Z /usr/bin/tar: ../../../../../usr/local/lib/android/sdk/platforms/android-35-ext14/data/res/values-mcc334-mnc020-lt: Cannot change mode to rwxr-xr-x: Operation not permitted
build	Cache Android SDK	2026-06-06T12:22:44.1420445Z /usr/bin/tar: ../../../../../usr/local/lib/android/sdk/platforms/android-35-ext14/data/res/values-mcc302-mnc370-si: Cannot utime: Operation not permitted
build	Cache Android SDK	2026-06-06T12:22:44.1421821Z /usr/bin/tar: ../../../../../usr/local/lib/android/sdk/platforms/android-35-ext14/data/res/values-mcc302-mnc370-si: Cannot change mode to rwxr-xr-x: Operation not permitted
build	Cache Android SDK	2026-06-06T12:22:44.1425497Z /usr/bin/tar: ../../../../../usr/local/lib/android/sdk/platforms/android-35-ext14/data/res/drawable-land-xhdpi: Cannot utime: Operation not permitted
build	Cache Android SDK	2026-06-06T12:22:44.1426720Z /usr/bin/tar: ../../../../../usr/local/lib/android/sdk/platforms/android-35-ext14/data/res/drawable-land-xhdpi: Cannot change mode to rwxr-xr-x: Operation not permitted
build	Cache Android SDK	2026-06-06T12:22:44.1428418Z /usr/bin/tar: ../../../../../usr/local/lib/android/sdk/platforms/android-35-ext14/data/res/values-mcc310-mnc560-ko: Cannot utime: Operation not permitted
build	Cache Android SDK	2026-06-06T12:22:44.1429481Z /usr/bin/tar: ../../../../../usr/local/lib/android/sdk/platforms/android-35-ext14/data/res/values-mcc310-mnc560-ko: Cannot change mode to rwxr-xr-x: Operation not permitted
build	Cache Android SDK	2026-06-06T12:22:44.1431858Z /usr/bin/tar: ../../../../../usr/local/lib/android/sdk/platforms/android-35-ext14/data/res/values-ms-rMY: Cannot utime: Operation not permitted
build	Cache Android SDK	2026-06-06T12:22:44.1432864Z /usr/bin/tar: ../../../../../usr/local/lib/android/sdk/platforms/android-35-ext14/data/res/values-ms-rMY: Cannot change mode to rwxr-xr-x: Operation not permitted
build	Cache Android SDK	2026-06-06T12:22:44.1434823Z /usr/bin/tar: ../../../../../usr/local/lib/android/sdk/platforms/android-35-ext14/data/res/values-mcc310-mnc230-de: Cannot utime: Operation not permitted
build	Cache Android SDK	2026-06-06T12:22:44.1435924Z /usr/bin/tar: ../../../../../usr/local/lib/android/sdk/platforms/android-35-ext14/data/res/values-mcc310-mnc230-de: Cannot change mode to rwxr-xr-x: Operation not permitted
build	Cache Android SDK	2026-06-06T12:22:44.1437661Z /usr/bin/tar: ../../../../../usr/local/lib/android/sdk/platforms/android-35-ext14/data/res/values-mcc310-mnc280-zu: Cannot utime: Operation not permitted
build	Cache Android SDK	2026-06-06T12:22:44.1439384Z /usr/bin/tar: ../../../../../usr/local/lib/android/sdk/platforms/android-35-ext14/data/res/values-mcc310-mnc280-zu: Cannot change mode to rwxr-xr-x: Operation not permitted
build	Cache Android SDK	2026-06-06T12:22:44.1440654Z /usr/bin/tar: ../../../../../usr/local/lib/android/sdk/platforms/android-35-ext14/data/res/values-mcc310-mnc230-tl: Cannot utime: Operation not permitted
build	Cache Android SDK	2026-06-06T12:22:44.1441671Z /usr/bin/tar: ../../../../../usr/local/lib/android/sdk/platforms/android-35-ext14/data/res/values-mcc310-mnc230-tl: Cannot change mode to rwxr-xr-x: Operation not permitted
build	Cache Android SDK	2026-06-06T12:22:44.1443578Z /usr/bin/tar: ../../../../../usr/local/lib/android/sdk/platforms/android-35-ext14/data/res/values-mcc310-mnc280-bs: Cannot utime: Operation not permitted
build	Cache Android SDK	2026-06-06T12:22:44.1444530Z /usr/bin/tar: ../../../../../usr/local/lib/android/sdk/platforms/android-35-ext14/data/res/values-mcc310-mnc280-bs: Cannot change mode to rwxr-xr-x: Operation not permitted
build	Cache Android SDK	2026-06-06T12:22:44.1447028Z /usr/bin/tar: ../../../../../usr/local/lib/android/sdk/platforms/android-35-ext14/data/res/values-mcc310-mnc230-af: Cannot utime: Operation not permitted
build	Cache Android SDK	2026-06-06T12:22:44.1448220Z /usr/bin/tar: ../../../../../usr/local/lib/android/sdk/platforms/android-35-ext14/data/res/values-mcc310-mnc230-af: Cannot change mode to rwxr-xr-x: Operation not permitted
build	Cache Android SDK	2026-06-06T12:22:44.1450016Z /usr/bin/tar: ../../../../../usr/local/lib/android/sdk/platforms/android-35-ext14/data/res/values-mcc310-mnc160-mk: Cannot utime: Operation not permitted
build	Cache Android SDK	2026-06-06T12:22:44.1451160Z /usr/bin/tar: ../../../../../usr/local/lib/android/sdk/platforms/android-35-ext14/data/res/values-mcc310-mnc160-mk: Cannot change mode to rwxr-xr-x: Operation not permitted
build	Cache Android SDK	2026-06-06T12:22:44.1453727Z /usr/bin/tar: ../../../../../usr/local/lib/android/sdk/platforms/android-35-ext14/data/res/values-mcc312-mnc670-bg: Cannot utime: Operation not permitted
build	Cache Android SDK	2026-06-06T12:22:44.1454685Z /usr/bin/tar: ../../../../../usr/local/lib/android/sdk/platforms/android-35-ext14/data/res/values-mcc312-mnc670-bg: Cannot change mode to rwxr-xr-x: Operation not permitted
build	Cache Android SDK	2026-06-06T12:22:44.1456893Z /usr/bin/tar: ../../../../../usr/local/lib/android/sdk/platforms/android-35-ext14/data/res/values-mcc312-mnc670-pa: Cannot utime: Operation not permitted
build	Cache Android SDK	2026-06-06T12:22:44.1458151Z /usr/bin/tar: ../../../../../usr/local/lib/android/sdk/platforms/android-35-ext14/data/res/values-mcc312-mnc670-pa: Cannot change mode to rwxr-xr-x: Operation not permitted
build	Cache Android SDK	2026-06-06T12:22:44.1459874Z /usr/bin/tar: ../../../../../usr/local/lib/android/sdk/platforms/android-35-ext14/data/res/values-w192dp: Cannot utime: Operation not permitted
build	Cache Android SDK	2026-06-06T12:22:44.1460778Z /usr/bin/tar: ../../../../../usr/local/lib/android/sdk/platforms/android-35-ext14/data/res/values-w192dp: Cannot change mode to rwxr-xr-x: Operation not permitted
build	Cache Android SDK	2026-06-06T12:22:44.1463212Z /usr/bin/tar: ../../../../../usr/local/lib/android/sdk/platforms/android-35-ext14/data/res/values-mcc310-mnc170-my: Cannot utime: Operation not permitted
build	Cache Android SDK	2026-06-06T12:22:44.1464165Z /usr/bin/tar: ../../../../../usr/local/lib/android/sdk/platforms/android-35-ext14/data/res/values-mcc310-mnc170-my: Cannot change mode to rwxr-xr-x: Operation not permitted
build	Cache Android SDK	2026-06-06T12:22:44.1466607Z /usr/bin/tar: ../../../../../usr/local/lib/android/sdk/platforms/android-35-ext14/data/res/values-sw720dp-land: Cannot utime: Operation not permitted
build	Cache Android SDK	2026-06-06T12:22:44.1467807Z /usr/bin/tar: ../../../../../usr/local/lib/android/sdk/platforms/android-35-ext14/data/res/values-sw720dp-land: Cannot change mode to rwxr-xr-x: Operation not permitted
build	Cache Android SDK	2026-06-06T12:22:44.1469315Z /usr/bin/tar: ../../../../../usr/local/lib/android/sdk/platforms/android-35-ext14/data/res/values-mcc310-mnc200-en-rAU: Cannot utime: Operation not permitted
build	Cache Android SDK	2026-06-06T12:22:44.1470316Z /usr/bin/tar: ../../../../../usr/local/lib/android/sdk/platforms/android-35-ext14/data/res/values-mcc310-mnc200-en-rAU: Cannot change mode to rwxr-xr-x: Operation not permitted
build	Cache Android SDK	2026-06-06T12:22:44.1473654Z /usr/bin/tar: ../../../../../usr/local/lib/android/sdk/platforms/android-35-ext14/data/res/values-mcc312-mnc670-pl: Cannot utime: Operation not permitted
build	Cache Android SDK	2026-06-06T12:22:44.1474615Z /usr/bin/tar: ../../../../../usr/local/lib/android/sdk/platforms/android-35-ext14/data/res/values-mcc312-mnc670-pl: Cannot change mode to rwxr-xr-x: Operation not permitted
build	Cache Android SDK	2026-06-06T12:22:44.1477215Z /usr/bin/tar: ../../../../../usr/local/lib/android/sdk/platforms/android-35-ext14/data/res/values-mcc310-mnc120: Cannot utime: Operation not permitted
build	Cache Android SDK	2026-06-06T12:22:44.1478446Z /usr/bin/tar: ../../../../../usr/local/lib/android/sdk/platforms/android-35-ext14/data/res/values-mcc310-mnc120: Cannot change mode to rwxr-xr-x: Operation not permitted
build	Cache Android SDK	2026-06-06T12:22:44.1479970Z /usr/bin/tar: ../../../../../usr/local/lib/android/sdk/platforms/android-35-ext14/data/res/values-mcc310-mnc950-b+sr+Latn: Cannot utime: Operation not permitted
build	Cache Android SDK	2026-06-06T12:22:44.1480984Z /usr/bin/tar: ../../../../../usr/local/lib/android/sdk/platforms/android-35-ext14/data/res/values-mcc310-mnc950-b+sr+Latn: Cannot change mode to rwxr-xr-x: Operation not permitted
build	Cache Android SDK	2026-06-06T12:22:44.1483265Z /usr/bin/tar: ../../../../../usr/local/lib/android/sdk/platforms/android-35-ext14/data/res/values-mcc310-mnc490-ne: Cannot utime: Operation not permitted
build	Cache Android SDK	2026-06-06T12:22:44.1484229Z /usr/bin/tar: ../../../../../usr/local/lib/android/sdk/platforms/android-35-ext14/data/res/values-mcc310-mnc490-ne: Cannot change mode to rwxr-xr-x: Operation not permitted
build	Cache Android SDK	2026-06-06T12:22:44.1486421Z /usr/bin/tar: ../../../../../usr/local/lib/android/sdk/platforms/android-35-ext14/data/res/values-mcc310-mnc230: Cannot utime: Operation not permitted
build	Cache Android SDK	2026-06-06T12:22:44.1487862Z /usr/bin/tar: ../../../../../usr/local/lib/android/sdk/platforms/android-35-ext14/data/res/values-mcc310-mnc230: Cannot change mode to rwxr-xr-x: Operation not permitted
build	Cache Android SDK	2026-06-06T12:22:44.1490653Z /usr/bin/tar: ../../../../../usr/local/lib/android/sdk/platforms/android-35-ext14/data/res/values-mcc310-mnc230-am: Cannot utime: Operation not permitted
build	Cache Android SDK	2026-06-06T12:22:44.1491692Z /usr/bin/tar: ../../../../../usr/local/lib/android/sdk/platforms/android-35-ext14/data/res/values-mcc310-mnc230-am: Cannot change mode to rwxr-xr-x: Operation not permitted
build	Cache Android SDK	2026-06-06T12:22:44.1493829Z /usr/bin/tar: ../../../../../usr/local/lib/android/sdk/platforms/android-35-ext14/data/res/raw-zh-rTW: Cannot utime: Operation not permitted
build	Cache Android SDK	2026-06-06T12:22:44.1494868Z /usr/bin/tar: ../../../../../usr/local/lib/android/sdk/platforms/android-35-ext14/data/res/raw-zh-rTW: Cannot change mode to rwxr-xr-x: Operation not permitted
build	Cache Android SDK	2026-06-06T12:22:44.1497205Z /usr/bin/tar: ../../../../../usr/local/lib/android/sdk/platforms/android-35-ext14/data/res/values-mcc310-mnc160-sv: Cannot utime: Operation not permitted
build	Cache Android SDK	2026-06-06T12:22:44.1498480Z /usr/bin/tar: ../../../../../usr/local/lib/android/sdk/platforms/android-35-ext14/data/res/values-mcc310-mnc160-sv: Cannot change mode to rwxr-xr-x: Operation not permitted
build	Cache Android SDK	2026-06-06T12:22:44.1500150Z /usr/bin/tar: ../../../../../usr/local/lib/android/sdk/platforms/android-35-ext14/data/res/values-mcc001-mnc01-et: Cannot utime: Operation not permitted
build	Cache Android SDK	2026-06-06T12:22:44.1501100Z /usr/bin/tar: ../../../../../usr/local/lib/android/sdk/platforms/android-35-ext14/data/res/values-mcc001-mnc01-et: Cannot change mode to rwxr-xr-x: Operation not permitted
build	Cache Android SDK	2026-06-06T12:22:44.1503328Z /usr/bin/tar: ../../../../../usr/local/lib/android/sdk/platforms/android-35-ext14/data/res/values-es-rGT: Cannot utime: Operation not permitted
build	Cache Android SDK	2026-06-06T12:22:44.1504230Z /usr/bin/tar: ../../../../../usr/local/lib/android/sdk/platforms/android-35-ext14/data/res/values-es-rGT: Cannot change mode to rwxr-xr-x: Operation not permitted
build	Cache Android SDK	2026-06-06T12:22:44.1506647Z /usr/bin/tar: ../../../../../usr/local/lib/android/sdk/platforms/android-35-ext14/data/res/values-mcc310-mnc030-en-rIN: Cannot utime: Operation not permitted
build	Cache Android SDK	2026-06-06T12:22:44.1507856Z /usr/bin/tar: ../../../../../usr/local/lib/android/sdk/platforms/android-35-ext14/data/res/values-mcc310-mnc030-en-rIN: Cannot change mode to rwxr-xr-x: Operation not permitted
build	Cache Android SDK	2026-06-06T12:22:44.1512115Z /usr/bin/tar: ../../../../../usr/local/lib/android/sdk/platforms/android-35-ext14/data/res/values-mcc311-mnc180-el: Cannot utime: Operation not permitted
build	Cache Android SDK	2026-06-06T12:22:44.1513059Z /usr/bin/tar: ../../../../../usr/local/lib/android/sdk/platforms/android-35-ext14/data/res/values-mcc311-mnc180-el: Cannot change mode to rwxr-xr-x: Operation not permitted
build	Cache Android SDK	2026-06-06T12:22:44.1515092Z /usr/bin/tar: ../../../../../usr/local/lib/android/sdk/platforms/android-35-ext14/data/res/values-mcc310-mnc160-en-rAU: Cannot utime: Operation not permitted
build	Cache Android SDK	2026-06-06T12:22:44.1516097Z /usr/bin/tar: ../../../../../usr/local/lib/android/sdk/platforms/android-35-ext14/data/res/values-mcc310-mnc160-en-rAU: Cannot change mode to rwxr-xr-x: Operation not permitted
build	Cache Android SDK	2026-06-06T12:22:44.1518997Z /usr/bin/tar: ../../../../../usr/local/lib/android/sdk/platforms/android-35-ext14/data/res/values-mcc302-mnc370-mn: Cannot utime: Operation not permitted
build	Cache Android SDK	2026-06-06T12:22:44.1520242Z /usr/bin/tar: ../../../../../usr/local/lib/android/sdk/platforms/android-35-ext14/data/res/values-mcc302-mnc370-mn: Cannot change mode to rwxr-xr-x: Operation not permitted
build	Cache Android SDK	2026-06-06T12:22:44.1522387Z /usr/bin/tar: ../../../../../usr/local/lib/android/sdk/platforms/android-35-ext14/data/res/values-ja-television: Cannot utime: Operation not permitted
build	Cache Android SDK	2026-06-06T12:22:44.1523376Z /usr/bin/tar: ../../../../../usr/local/lib/android/sdk/platforms/android-35-ext14/data/res/values-ja-television: Cannot change mode to rwxr-xr-x: Operation not permitted
build	Cache Android SDK	2026-06-06T12:22:44.1525485Z /usr/bin/tar: ../../../../../usr/local/lib/android/sdk/platforms/android-35-ext14/data/res/values-mcc310-mnc250-lo: Cannot utime: Operation not permitted
build	Cache Android SDK	2026-06-06T12:22:44.1526453Z /usr/bin/tar: ../../../../../usr/local/lib/android/sdk/platforms/android-35-ext14/data/res/values-mcc310-mnc250-lo: Cannot change mode to rwxr-xr-x: Operation not permitted
build	Cache Android SDK	2026-06-06T12:22:44.1529212Z /usr/bin/tar: ../../../../../usr/local/lib/android/sdk/platforms/android-35-ext14/data/res/values-mcc310-mnc410-kn: Cannot utime: Operation not permitted
build	Cache Android SDK	2026-06-06T12:22:44.1530236Z /usr/bin/tar: ../../../../../usr/local/lib/android/sdk/platforms/android-35-ext14/data/res/values-mcc310-mnc410-kn: Cannot change mode to rwxr-xr-x: Operation not permitted
build	Cache Android SDK	2026-06-06T12:22:44.1531933Z /usr/bin/tar: ../../../../../usr/local/lib/android/sdk/platforms/android-35-ext14/data/res/values-mcc310-mnc380-es: Cannot utime: Operation not permitted
build	Cache Android SDK	2026-06-06T12:22:44.1533113Z /usr/bin/tar: ../../../../../usr/local/lib/android/sdk/platforms/android-35-ext14/data/res/values-mcc310-mnc380-es: Cannot change mode to rwxr-xr-x: Operation not permitted
build	Cache Android SDK	2026-06-06T12:22:44.1536246Z /usr/bin/tar: ../../../../../usr/local/lib/android/sdk/platforms/android-35-ext14/data/res/values-mcc310-mnc160-iw: Cannot utime: Operation not permitted
build	Cache Android SDK	2026-06-06T12:22:44.1537280Z /usr/bin/tar: ../../../../../usr/local/lib/android/sdk/platforms/android-35-ext14/data/res/values-mcc310-mnc160-iw: Cannot change mode to rwxr-xr-x: Operation not permitted
build	Cache Android SDK	2026-06-06T12:22:44.1539118Z /usr/bin/tar: ../../../../../usr/local/lib/android/sdk/platforms/android-35-ext14/data/res/values-mcc310-mnc380-zh-rHK: Cannot utime: Operation not permitted
build	Cache Android SDK	2026-06-06T12:22:44.1540150Z /usr/bin/tar: ../../../../../usr/local/lib/android/sdk/platforms/android-35-ext14/data/res/values-mcc310-mnc380-zh-rHK: Cannot change mode to rwxr-xr-x: Operation not permitted
build	Cache Android SDK	2026-06-06T12:22:44.1542624Z /usr/bin/tar: ../../../../../usr/local/lib/android/sdk/platforms/android-35-ext14/data/res/values-mcc310-mnc280-ur: Cannot utime: Operation not permitted
build	Cache Android SDK	2026-06-06T12:22:44.1543623Z /usr/bin/tar: ../../../../../usr/local/lib/android/sdk/platforms/android-35-ext14/data/res/values-mcc310-mnc280-ur: Cannot change mode to rwxr-xr-x: Operation not permitted
build	Cache Android SDK	2026-06-06T12:22:44.1545885Z /usr/bin/tar: ../../../../../usr/local/lib/android/sdk/platforms/android-35-ext14/data/res/values-mcc310-mnc200-kk: Cannot utime: Operation not permitted
build	Cache Android SDK	2026-06-06T12:22:44.1546844Z /usr/bin/tar: ../../../../../usr/local/lib/android/sdk/platforms/android-35-ext14/data/res/values-mcc310-mnc200-kk: Cannot change mode to rwxr-xr-x: Operation not permitted
build	Cache Android SDK	2026-06-06T12:22:44.1549454Z /usr/bin/tar: ../../../../../usr/local/lib/android/sdk/platforms/android-35-ext14/data/res/values-es-rNI: Cannot utime: Operation not permitted
build	Cache Android SDK	2026-06-06T12:22:44.1550391Z /usr/bin/tar: ../../../../../usr/local/lib/android/sdk/platforms/android-35-ext14/data/res/values-es-rNI: Cannot change mode to rwxr-xr-x: Operation not permitted
build	Cache Android SDK	2026-06-06T12:22:44.1553638Z /usr/bin/tar: ../../../../../usr/local/lib/android/sdk/platforms/android-35-ext14/data/res/values-mcc310-mnc170-bg: Cannot utime: Operation not permitted
build	Cache Android SDK	2026-06-06T12:22:44.1555276Z /usr/bin/tar: ../../../../../usr/local/lib/android/sdk/platforms/android-35-ext14/data/res/values-mcc310-mnc170-bg: Cannot change mode to rwxr-xr-x: Operation not permitted
build	Cache Android SDK	2026-06-06T12:22:44.1557300Z /usr/bin/tar: ../../../../../usr/local/lib/android/sdk/platforms/android-35-ext14/data/res/values-nb-television: Cannot utime: Operation not permitted
build	Cache Android SDK	2026-06-06T12:22:44.1558416Z /usr/bin/tar: ../../../../../usr/local/lib/android/sdk/platforms/android-35-ext14/data/res/values-nb-television: Cannot change mode to rwxr-xr-x: Operation not permitted
build	Cache Android SDK	2026-06-06T12:22:44.1561324Z /usr/bin/tar: ../../../../../usr/local/lib/android/sdk/platforms/android-35-ext14/data/res/values-mcc310-mnc380-in: Cannot utime: Operation not permitted
build	Cache Android SDK	2026-06-06T12:22:44.1562321Z /usr/bin/tar: ../../../../../usr/local/lib/android/sdk/platforms/android-35-ext14/data/res/values-mcc310-mnc380-in: Cannot change mode to rwxr-xr-x: Operation not permitted
build	Cache Android SDK	2026-06-06T12:22:44.1564552Z /usr/bin/tar: ../../../../../usr/local/lib/android/sdk/platforms/android-35-ext14/data/res/values-zh-rTW-television: Cannot utime: Operation not permitted
build	Cache Android SDK	2026-06-06T12:22:44.1565518Z /usr/bin/tar: ../../../../../usr/local/lib/android/sdk/platforms/android-35-ext14/data/res/values-zh-rTW-television: Cannot change mode to rwxr-xr-x: Operation not permitted
build	Cache Android SDK	2026-06-06T12:22:44.1568163Z /usr/bin/tar: ../../../../../usr/local/lib/android/sdk/platforms/android-35-ext14/data/res/values-mcc310-mnc380-pt: Cannot utime: Operation not permitted
build	Cache Android SDK	2026-06-06T12:22:44.1569123Z /usr/bin/tar: ../../../../../usr/local/lib/android/sdk/platforms/android-35-ext14/data/res/values-mcc310-mnc380-pt: Cannot change mode to rwxr-xr-x: Operation not permitted
build	Cache Android SDK	2026-06-06T12:22:44.1571031Z /usr/bin/tar: ../../../../../usr/local/lib/android/sdk/platforms/android-35-ext14/data/res/values-mcc310-mnc560-kn: Cannot utime: Operation not permitted
build	Cache Android SDK	2026-06-06T12:22:44.1572730Z /usr/bin/tar: ../../../../../usr/local/lib/android/sdk/platforms/android-35-ext14/data/res/values-mcc310-mnc560-kn: Cannot change mode to rwxr-xr-x: Operation not permitted
build	Cache Android SDK	2026-06-06T12:22:44.1574280Z /usr/bin/tar: ../../../../../usr/local/lib/android/sdk/platforms/android-35-ext14/data/res/values-mcc310-mnc490-am: Cannot utime: Operation not permitted
build	Cache Android SDK	2026-06-06T12:22:44.1575232Z /usr/bin/tar: ../../../../../usr/local/lib/android/sdk/platforms/android-35-ext14/data/res/values-mcc310-mnc490-am: Cannot change mode to rwxr-xr-x: Operation not permitted
build	Cache Android SDK	2026-06-06T12:22:44.1577660Z /usr/bin/tar: ../../../../../usr/local/lib/android/sdk/platforms/android-35-ext14/data/res/values-mcc310-mnc490-sl: Cannot utime: Operation not permitted
build	Cache Android SDK	2026-06-06T12:22:44.1578634Z /usr/bin/tar: ../../../../../usr/local/lib/android/sdk/platforms/android-35-ext14/data/res/values-mcc310-mnc490-sl: Cannot change mode to rwxr-xr-x: Operation not permitted
build	Cache Android SDK	2026-06-06T12:22:44.1581138Z /usr/bin/tar: ../../../../../usr/local/lib/android/sdk/platforms/android-35-ext14/data/res/values-mcc310-mnc160-ur: Cannot utime: Operation not permitted
build	Cache Android SDK	2026-06-06T12:22:44.1582099Z /usr/bin/tar: ../../../../../usr/local/lib/android/sdk/platforms/android-35-ext14/data/res/values-mcc310-mnc160-ur: Cannot change mode to rwxr-xr-x: Operation not permitted
build	Cache Android SDK	2026-06-06T12:22:44.1750571Z /usr/bin/tar: ../../../../../usr/local/lib/android/sdk/platforms/android-35-ext14/data/res/drawable-xxxhdpi: Cannot utime: Operation not permitted
build	Cache Android SDK	2026-06-06T12:22:44.1751560Z /usr/bin/tar: ../../../../../usr/local/lib/android/sdk/platforms/android-35-ext14/data/res/drawable-xxxhdpi: Cannot change mode to rwxr-xr-x: Operation not permitted
build	Cache Android SDK	2026-06-06T12:22:44.1755604Z /usr/bin/tar: ../../../../../usr/local/lib/android/sdk/platforms/android-35-ext14/data/res/values-mcc310-mnc210-af: Cannot utime: Operation not permitted
build	Cache Android SDK	2026-06-06T12:22:44.1756612Z /usr/bin/tar: ../../../../../usr/local/lib/android/sdk/platforms/android-35-ext14/data/res/values-mcc310-mnc210-af: Cannot change mode to rwxr-xr-x: Operation not permitted
build	Cache Android SDK	2026-06-06T12:22:44.1759455Z /usr/bin/tar: ../../../../../usr/local/lib/android/sdk/platforms/android-35-ext14/data/res/values-mcc310-mnc270-ky: Cannot utime: Operation not permitted
build	Cache Android SDK	2026-06-06T12:22:44.1760438Z /usr/bin/tar: ../../../../../usr/local/lib/android/sdk/platforms/android-35-ext14/data/res/values-mcc310-mnc270-ky: Cannot change mode to rwxr-xr-x: Operation not permitted
build	Cache Android SDK	2026-06-06T12:22:44.1763900Z /usr/bin/tar: ../../../../../usr/local/lib/android/sdk/platforms/android-35-ext14/data/res/values-mcc302-mnc720-te: Cannot utime: Operation not permitted
build	Cache Android SDK	2026-06-06T12:22:44.1764862Z /usr/bin/tar: ../../../../../usr/local/lib/android/sdk/platforms/android-35-ext14/data/res/values-mcc302-mnc720-te: Cannot change mode to rwxr-xr-x: Operation not permitted
build	Cache Android SDK	2026-06-06T12:22:44.1766748Z /usr/bin/tar: ../../../../../usr/local/lib/android/sdk/platforms/android-35-ext14/data/res/values-mcc312-mnc670-en-rIN: Cannot utime: Operation not permitted
build	Cache Android SDK	2026-06-06T12:22:44.1768721Z /usr/bin/tar: ../../../../../usr/local/lib/android/sdk/platforms/android-35-ext14/data/res/values-mcc312-mnc670-en-rIN: Cannot change mode to rwxr-xr-x: Operation not permitted
build	Cache Android SDK	2026-06-06T12:22:44.1770429Z /usr/bin/tar: ../../../../../usr/local/lib/android/sdk/platforms/android-35-ext14/data/res/values-mr-watch: Cannot utime: Operation not permitted
build	Cache Android SDK	2026-06-06T12:22:44.1772119Z /usr/bin/tar: ../../../../../usr/local/lib/android/sdk/platforms/android-35-ext14/data/res/values-mr-watch: Cannot change mode to rwxr-xr-x: Operation not permitted
build	Cache Android SDK	2026-06-06T12:22:44.1773587Z /usr/bin/tar: ../../../../../usr/local/lib/android/sdk/platforms/android-35-ext14/data/res/values-mcc310-mnc160-hi: Cannot utime: Operation not permitted
build	Cache Android SDK	2026-06-06T12:22:44.1774695Z /usr/bin/tar: ../../../../../usr/local/lib/android/sdk/platforms/android-35-ext14/data/res/values-mcc310-mnc160-hi: Cannot change mode to rwxr-xr-x: Operation not permitted
build	Cache Android SDK	2026-06-06T12:22:44.1776836Z /usr/bin/tar: ../../../../../usr/local/lib/android/sdk/platforms/android-35-ext14/data/res/values-mcc334-mnc020-fr-rCA: Cannot utime: Operation not permitted
build	Cache Android SDK	2026-06-06T12:22:44.1777977Z /usr/bin/tar: ../../../../../usr/local/lib/android/sdk/platforms/android-35-ext14/data/res/values-mcc334-mnc020-fr-rCA: Cannot change mode to rwxr-xr-x: Operation not permitted
build	Cache Android SDK	2026-06-06T12:22:44.1780618Z /usr/bin/tar: ../../../../../usr/local/lib/android/sdk/platforms/android-35-ext14/data/res/values-mcc302-mnc720-lv: Cannot utime: Operation not permitted
build	Cache Android SDK	2026-06-06T12:22:44.1781607Z /usr/bin/tar: ../../../../../usr/local/lib/android/sdk/platforms/android-35-ext14/data/res/values-mcc302-mnc720-lv: Cannot change mode to rwxr-xr-x: Operation not permitted
build	Cache Android SDK	2026-06-06T12:22:44.1783411Z /usr/bin/tar: ../../../../../usr/local/lib/android/sdk/platforms/android-35-ext14/data/res/values-mcc334-mnc020-pl: Cannot utime: Operation not permitted
build	Cache Android SDK	2026-06-06T12:22:44.1784377Z /usr/bin/tar: ../../../../../usr/local/lib/android/sdk/platforms/android-35-ext14/data/res/values-mcc334-mnc020-pl: Cannot change mode to rwxr-xr-x: Operation not permitted
build	Cache Android SDK	2026-06-06T12:22:44.1786890Z /usr/bin/tar: ../../../../../usr/local/lib/android/sdk/platforms/android-35-ext14/data/res/values-mcc310-mnc230-zh-rTW: Cannot utime: Operation not permitted
build	Cache Android SDK	2026-06-06T12:22:44.1787985Z /usr/bin/tar: ../../../../../usr/local/lib/android/sdk/platforms/android-35-ext14/data/res/values-mcc310-mnc230-zh-rTW: Cannot change mode to rwxr-xr-x: Operation not permitted
build	Cache Android SDK	2026-06-06T12:22:44.1790262Z /usr/bin/tar: ../../../../../usr/local/lib/android/sdk/platforms/android-35-ext14/data/res/values-mcc311-mnc180-pt-rBR: Cannot utime: Operation not permitted
build	Cache Android SDK	2026-06-06T12:22:44.1791256Z /usr/bin/tar: ../../../../../usr/local/lib/android/sdk/platforms/android-35-ext14/data/res/values-mcc311-mnc180-pt-rBR: Cannot change mode to rwxr-xr-x: Operation not permitted
build	Cache Android SDK	2026-06-06T12:22:44.1793517Z /usr/bin/tar: ../../../../../usr/local/lib/android/sdk/platforms/android-35-ext14/data/res/values-sw600dp-port: Cannot utime: Operation not permitted
build	Cache Android SDK	2026-06-06T12:22:44.1794474Z /usr/bin/tar: ../../../../../usr/local/lib/android/sdk/platforms/android-35-ext14/data/res/values-sw600dp-port: Cannot change mode to rwxr-xr-x: Operation not permitted
build	Cache Android SDK	2026-06-06T12:22:44.1797233Z /usr/bin/tar: ../../../../../usr/local/lib/android/sdk/platforms/android-35-ext14/data/res/values-mcc310-mnc380-be: Cannot utime: Operation not permitted
build	Cache Android SDK	2026-06-06T12:22:44.1798302Z /usr/bin/tar: ../../../../../usr/local/lib/android/sdk/platforms/android-35-ext14/data/res/values-mcc310-mnc380-be: Cannot change mode to rwxr-xr-x: Operation not permitted
build	Cache Android SDK	2026-06-06T12:22:44.1800721Z /usr/bin/tar: ../../../../../usr/local/lib/android/sdk/platforms/android-35-ext14/data/res/values-mcc310-mnc280-es-rUS: Cannot utime: Operation not permitted
build	Cache Android SDK	2026-06-06T12:22:44.1801728Z /usr/bin/tar: ../../../../../usr/local/lib/android/sdk/platforms/android-35-ext14/data/res/values-mcc310-mnc280-es-rUS: Cannot change mode to rwxr-xr-x: Operation not permitted
build	Cache Android SDK	2026-06-06T12:22:44.1809186Z /usr/bin/tar: ../../../../../usr/local/lib/android/sdk/platforms/android-35-ext14/data/res/values-mcc310-mnc410-hu: Cannot utime: Operation not permitted
build	Cache Android SDK	2026-06-06T12:22:44.1810150Z /usr/bin/tar: ../../../../../usr/local/lib/android/sdk/platforms/android-35-ext14/data/res/values-mcc310-mnc410-hu: Cannot change mode to rwxr-xr-x: Operation not permitted
build	Cache Android SDK	2026-06-06T12:22:44.1815291Z /usr/bin/tar: ../../../../../usr/local/lib/android/sdk/platforms/android-35-ext14/data/res/values-mcc310-mnc170-en-rIN: Cannot utime: Operation not permitted
build	Cache Android SDK	2026-06-06T12:22:44.1816422Z /usr/bin/tar: ../../../../../usr/local/lib/android/sdk/platforms/android-35-ext14/data/res/values-mcc310-mnc170-en-rIN: Cannot change mode to rwxr-xr-x: Operation not permitted
build	Cache Android SDK	2026-06-06T12:22:44.1819556Z /usr/bin/tar: ../../../../../usr/local/lib/android/sdk/platforms/android-35-ext14/data/res/values-mcc310-mnc030-bs: Cannot utime: Operation not permitted
build	Cache Android SDK	2026-06-06T12:22:44.1820561Z /usr/bin/tar: ../../../../../usr/local/lib/android/sdk/platforms/android-35-ext14/data/res/values-mcc310-mnc030-bs: Cannot change mode to rwxr-xr-x: Operation not permitted
build	Cache Android SDK	2026-06-06T12:22:44.1827782Z /usr/bin/tar: ../../../../../usr/local/lib/android/sdk/platforms/android-35-ext14/data/res/values-mcc310-mnc250-da: Cannot utime: Operation not permitted
build	Cache Android SDK	2026-06-06T12:22:44.1828789Z /usr/bin/tar: ../../../../../usr/local/lib/android/sdk/platforms/android-35-ext14/data/res/values-mcc310-mnc250-da: Cannot change mode to rwxr-xr-x: Operation not permitted
build	Cache Android SDK	2026-06-06T12:22:44.1831851Z /usr/bin/tar: ../../../../../usr/local/lib/android/sdk/platforms/android-35-ext14/data/res/values-mcc310-mnc560-en-rGB: Cannot utime: Operation not permitted
build	Cache Android SDK	2026-06-06T12:22:44.1832867Z /usr/bin/tar: ../../../../../usr/local/lib/android/sdk/platforms/android-35-ext14/data/res/values-mcc310-mnc560-en-rGB: Cannot change mode to rwxr-xr-x: Operation not permitted
build	Cache Android SDK	2026-06-06T12:22:44.1837903Z /usr/bin/tar: ../../../../../usr/local/lib/android/sdk/platforms/android-35-ext14/data/res/values-mcc310-mnc950-sr: Cannot utime: Operation not permitted
build	Cache Android SDK	2026-06-06T12:22:44.1839131Z /usr/bin/tar: ../../../../../usr/local/lib/android/sdk/platforms/android-35-ext14/data/res/values-mcc310-mnc950-sr: Cannot change mode to rwxr-xr-x: Operation not permitted
build	Cache Android SDK	2026-06-06T12:22:44.1846785Z /usr/bin/tar: ../../../../../usr/local/lib/android/sdk/platforms/android-35-ext14/data/res/values-mcc310-mnc030-mk: Cannot utime: Operation not permitted
build	Cache Android SDK	2026-06-06T12:22:44.1847964Z /usr/bin/tar: ../../../../../usr/local/lib/android/sdk/platforms/android-35-ext14/data/res/values-mcc310-mnc030-mk: Cannot change mode to rwxr-xr-x: Operation not permitted
build	Cache Android SDK	2026-06-06T12:22:44.1851488Z /usr/bin/tar: ../../../../../usr/local/lib/android/sdk/platforms/android-35-ext14/data/res/values-mcc310-mnc560-ru: Cannot utime: Operation not permitted
build	Cache Android SDK	2026-06-06T12:22:44.1852473Z /usr/bin/tar: ../../../../../usr/local/lib/android/sdk/platforms/android-35-ext14/data/res/values-mcc310-mnc560-ru: Cannot change mode to rwxr-xr-x: Operation not permitted
build	Cache Android SDK	2026-06-06T12:22:44.1855899Z /usr/bin/tar: ../../../../../usr/local/lib/android/sdk/platforms/android-35-ext14/data/res/values-mcc310-mnc380-nb: Cannot utime: Operation not permitted
build	Cache Android SDK	2026-06-06T12:22:44.1857245Z /usr/bin/tar: ../../../../../usr/local/lib/android/sdk/platforms/android-35-ext14/data/res/values-mcc310-mnc380-nb: Cannot change mode to rwxr-xr-x: Operation not permitted
build	Cache Android SDK	2026-06-06T12:22:44.1860888Z /usr/bin/tar: ../../../../../usr/local/lib/android/sdk/platforms/android-35-ext14/data/res/values-mcc310-mnc160-fa: Cannot utime: Operation not permitted
build	Cache Android SDK	2026-06-06T12:22:44.1861864Z /usr/bin/tar: ../../../../../usr/local/lib/android/sdk/platforms/android-35-ext14/data/res/values-mcc310-mnc160-fa: Cannot change mode to rwxr-xr-x: Operation not permitted
build	Cache Android SDK	2026-06-06T12:22:44.1864552Z /usr/bin/tar: ../../../../../usr/local/lib/android/sdk/platforms/android-35-ext14/data/res/layout-sw600dp: Cannot utime: Operation not permitted
build	Cache Android SDK	2026-06-06T12:22:44.1865706Z /usr/bin/tar: ../../../../../usr/local/lib/android/sdk/platforms/android-35-ext14/data/res/layout-sw600dp: Cannot change mode to rwxr-xr-x: Operation not permitted
build	Cache Android SDK	2026-06-06T12:22:44.1869988Z /usr/bin/tar: ../../../../../usr/local/lib/android/sdk/platforms/android-35-ext14/data/res/values-mcc302-mnc720-ms: Cannot utime: Operation not permitted
build	Cache Android SDK	2026-06-06T12:22:44.1871012Z /usr/bin/tar: ../../../../../usr/local/lib/android/sdk/platforms/android-35-ext14/data/res/values-mcc302-mnc720-ms: Cannot change mode to rwxr-xr-x: Operation not permitted
build	Cache Android SDK	2026-06-06T12:22:44.1873166Z /usr/bin/tar: ../../../../../usr/local/lib/android/sdk/platforms/android-35-ext14/data/res/values-el-watch: Cannot utime: Operation not permitted
build	Cache Android SDK	2026-06-06T12:22:44.1874263Z /usr/bin/tar: ../../../../../usr/local/lib/android/sdk/platforms/android-35-ext14/data/res/values-el-watch: Cannot change mode to rwxr-xr-x: Operation not permitted
build	Cache Android SDK	2026-06-06T12:22:44.1876088Z /usr/bin/tar: ../../../../../usr/local/lib/android/sdk/platforms/android-35-ext14/data/res/values-mcc310-mnc170-mr: Cannot utime: Operation not permitted
build	Cache Android SDK	2026-06-06T12:22:44.1877052Z /usr/bin/tar: ../../../../../usr/local/lib/android/sdk/platforms/android-35-ext14/data/res/values-mcc310-mnc170-mr: Cannot change mode to rwxr-xr-x: Operation not permitted
build	Cache Android SDK	2026-06-06T12:22:44.1879400Z /usr/bin/tar: ../../../../../usr/local/lib/android/sdk/platforms/android-35-ext14/data/res/values-mcc310-mnc250-nl: Cannot utime: Operation not permitted
build	Cache Android SDK	2026-06-06T12:22:44.1880368Z /usr/bin/tar: ../../../../../usr/local/lib/android/sdk/platforms/android-35-ext14/data/res/values-mcc310-mnc250-nl: Cannot change mode to rwxr-xr-x: Operation not permitted
build	Cache Android SDK	2026-06-06T12:22:44.1882921Z /usr/bin/tar: ../../../../../usr/local/lib/android/sdk/platforms/android-35-ext14/data/res/values-mcc310-mnc950-pl: Cannot utime: Operation not permitted
build	Cache Android SDK	2026-06-06T12:22:44.1885662Z /usr/bin/tar: ../../../../../usr/local/lib/android/sdk/platforms/android-35-ext14/data/res/values-mcc310-mnc950-pl: Cannot change mode to rwxr-xr-x: Operation not permitted
build	Cache Android SDK	2026-06-06T12:22:44.1886713Z /usr/bin/tar: ../../../../../usr/local/lib/android/sdk/platforms/android-35-ext14/data/res/values-mcc312-mnc670-mk: Cannot utime: Operation not permitted
build	Cache Android SDK	2026-06-06T12:22:44.1887194Z /usr/bin/tar: ../../../../../usr/local/lib/android/sdk/platforms/android-35-ext14/data/res/values-mcc312-mnc670-mk: Cannot change mode to rwxr-xr-x: Operation not permitted
build	Cache Android SDK	2026-06-06T12:22:44.1890280Z /usr/bin/tar: ../../../../../usr/local/lib/android/sdk/platforms/android-35-ext14/data/res/values-mcc313-mnc100-fi: Cannot utime: Operation not permitted
build	Cache Android SDK	2026-06-06T12:22:44.1890755Z /usr/bin/tar: ../../../../../usr/local/lib/android/sdk/platforms/android-35-ext14/data/res/values-mcc313-mnc100-fi: Cannot change mode to rwxr-xr-x: Operation not permitted
build	Cache Android SDK	2026-06-06T12:22:44.1893361Z /usr/bin/tar: ../../../../../usr/local/lib/android/sdk/platforms/android-35-ext14/data/res/values-mcc310-mnc200-is: Cannot utime: Operation not permitted
build	Cache Android SDK	2026-06-06T12:22:44.1893838Z /usr/bin/tar: ../../../../../usr/local/lib/android/sdk/platforms/android-35-ext14/data/res/values-mcc310-mnc200-is: Cannot change mode to rwxr-xr-x: Operation not permitted
build	Cache Android SDK	2026-06-06T12:22:44.1896433Z /usr/bin/tar: ../../../../../usr/local/lib/android/sdk/platforms/android-35-ext14/data/res/values-mcc312-mnc670-sw: Cannot utime: Operation not permitted
build	Cache Android SDK	2026-06-06T12:22:44.1896958Z /usr/bin/tar: ../../../../../usr/local/lib/android/sdk/platforms/android-35-ext14/data/res/values-mcc312-mnc670-sw: Cannot change mode to rwxr-xr-x: Operation not permitted
build	Cache Android SDK	2026-06-06T12:22:44.1899604Z /usr/bin/tar: ../../../../../usr/local/lib/android/sdk/platforms/android-35-ext14/data/res/values-mcc310-mnc220-ur: Cannot utime: Operation not permitted
build	Cache Android SDK	2026-06-06T12:22:44.1900082Z /usr/bin/tar: ../../../../../usr/local/lib/android/sdk/platforms/android-35-ext14/data/res/values-mcc310-mnc220-ur: Cannot change mode to rwxr-xr-x: Operation not permitted
build	Cache Android SDK	2026-06-06T12:22:44.1902665Z /usr/bin/tar: ../../../../../usr/local/lib/android/sdk/platforms/android-35-ext14/data/res/values-mcc302-mnc370-hy: Cannot utime: Operation not permitted
build	Cache Android SDK	2026-06-06T12:22:44.1903379Z /usr/bin/tar: ../../../../../usr/local/lib/android/sdk/platforms/android-35-ext14/data/res/values-mcc302-mnc370-hy: Cannot change mode to rwxr-xr-x: Operation not permitted
build	Cache Android SDK	2026-06-06T12:22:44.1905787Z /usr/bin/tar: ../../../../../usr/local/lib/android/sdk/platforms/android-35-ext14/data/res/values-mcc310-mnc250-mn: Cannot utime: Operation not permitted
build	Cache Android SDK	2026-06-06T12:22:44.1906294Z /usr/bin/tar: ../../../../../usr/local/lib/android/sdk/platforms/android-35-ext14/data/res/values-mcc310-mnc250-mn: Cannot change mode to rwxr-xr-x: Operation not permitted
build	Cache Android SDK	2026-06-06T12:22:44.1908978Z /usr/bin/tar: ../../../../../usr/local/lib/android/sdk/platforms/android-35-ext14/data/res/values-mcc310-mnc030-sk: Cannot utime: Operation not permitted
build	Cache Android SDK	2026-06-06T12:22:44.1909614Z /usr/bin/tar: ../../../../../usr/local/lib/android/sdk/platforms/android-35-ext14/data/res/values-mcc310-mnc030-sk: Cannot change mode to rwxr-xr-x: Operation not permitted
build	Cache Android SDK	2026-06-06T12:22:44.1912187Z /usr/bin/tar: ../../../../../usr/local/lib/android/sdk/platforms/android-35-ext14/data/res/values-mcc310-mnc660-cs: Cannot utime: Operation not permitted
build	Cache Android SDK	2026-06-06T12:22:44.1912660Z /usr/bin/tar: ../../../../../usr/local/lib/android/sdk/platforms/android-35-ext14/data/res/values-mcc310-mnc660-cs: Cannot change mode to rwxr-xr-x: Operation not permitted
build	Cache Android SDK	2026-06-06T12:22:44.1915435Z /usr/bin/tar: ../../../../../usr/local/lib/android/sdk/platforms/android-35-ext14/data/res/values-mcc313-mnc100-hy: Cannot utime: Operation not permitted
build	Cache Android SDK	2026-06-06T12:22:44.1915924Z /usr/bin/tar: ../../../../../usr/local/lib/android/sdk/platforms/android-35-ext14/data/res/values-mcc313-mnc100-hy: Cannot change mode to rwxr-xr-x: Operation not permitted
build	Cache Android SDK	2026-06-06T12:22:44.1918435Z /usr/bin/tar: ../../../../../usr/local/lib/android/sdk/platforms/android-35-ext14/data/res/values-mcc310-mnc220-pt-rPT: Cannot utime: Operation not permitted
build	Cache Android SDK	2026-06-06T12:22:44.1918977Z /usr/bin/tar: ../../../../../usr/local/lib/android/sdk/platforms/android-35-ext14/data/res/values-mcc310-mnc220-pt-rPT: Cannot change mode to rwxr-xr-x: Operation not permitted
build	Cache Android SDK	2026-06-06T12:22:44.1921684Z /usr/bin/tar: ../../../../../usr/local/lib/android/sdk/platforms/android-35-ext14/data/res/values-b+sr+Latn-watch: Cannot utime: Operation not permitted
build	Cache Android SDK	2026-06-06T12:22:44.1922219Z /usr/bin/tar: ../../../../../usr/local/lib/android/sdk/platforms/android-35-ext14/data/res/values-b+sr+Latn-watch: Cannot change mode to rwxr-xr-x: Operation not permitted
build	Cache Android SDK	2026-06-06T12:22:44.1924409Z /usr/bin/tar: ../../../../../usr/local/lib/android/sdk/platforms/android-35-ext14/data/res/values-mcc334-mnc020-km: Cannot utime: Operation not permitted
build	Cache Android SDK	2026-06-06T12:22:44.1924886Z /usr/bin/tar: ../../../../../usr/local/lib/android/sdk/platforms/android-35-ext14/data/res/values-mcc334-mnc020-km: Cannot change mode to rwxr-xr-x: Operation not permitted
build	Cache Android SDK	2026-06-06T12:22:44.1927701Z /usr/bin/tar: ../../../../../usr/local/lib/android/sdk/platforms/android-35-ext14/data/res/values-mcc311-mnc180-bn: Cannot utime: Operation not permitted
build	Cache Android SDK	2026-06-06T12:22:44.1928246Z /usr/bin/tar: ../../../../../usr/local/lib/android/sdk/platforms/android-35-ext14/data/res/values-mcc311-mnc180-bn: Cannot change mode to rwxr-xr-x: Operation not permitted
build	Cache Android SDK	2026-06-06T12:22:44.1930607Z /usr/bin/tar: ../../../../../usr/local/lib/android/sdk/platforms/android-35-ext14/data/res/values-mcc334-mnc020-en-rXC: Cannot utime: Operation not permitted
build	Cache Android SDK	2026-06-06T12:22:44.1931093Z /usr/bin/tar: ../../../../../usr/local/lib/android/sdk/platforms/android-35-ext14/data/res/values-mcc334-mnc020-en-rXC: Cannot change mode to rwxr-xr-x: Operation not permitted
build	Cache Android SDK	2026-06-06T12:22:44.1936908Z /usr/bin/tar: ../../../../../usr/local/lib/android/sdk/platforms/android-35-ext14/data/res/values-ro: Cannot utime: Operation not permitted
build	Cache Android SDK	2026-06-06T12:22:44.1937832Z /usr/bin/tar: ../../../../../usr/local/lib/android/sdk/platforms/android-35-ext14/data/res/values-ro: Cannot change mode to rwxr-xr-x: Operation not permitted
build	Cache Android SDK	2026-06-06T12:22:44.1940435Z /usr/bin/tar: ../../../../../usr/local/lib/android/sdk/platforms/android-35-ext14/data/res/values-mcc310-mnc310-cs: Cannot utime: Operation not permitted
build	Cache Android SDK	2026-06-06T12:22:44.1940936Z /usr/bin/tar: ../../../../../usr/local/lib/android/sdk/platforms/android-35-ext14/data/res/values-mcc310-mnc310-cs: Cannot change mode to rwxr-xr-x: Operation not permitted
build	Cache Android SDK	2026-06-06T12:22:44.1943363Z /usr/bin/tar: ../../../../../usr/local/lib/android/sdk/platforms/android-35-ext14/data/res/values-mcc310-mnc210-bs: Cannot utime: Operation not permitted
build	Cache Android SDK	2026-06-06T12:22:44.1943860Z /usr/bin/tar: ../../../../../usr/local/lib/android/sdk/platforms/android-35-ext14/data/res/values-mcc310-mnc210-bs: Cannot change mode to rwxr-xr-x: Operation not permitted
build	Cache Android SDK	2026-06-06T12:22:44.1946415Z /usr/bin/tar: ../../../../../usr/local/lib/android/sdk/platforms/android-35-ext14/data/res/values-mcc310-mnc220-hr: Cannot utime: Operation not permitted
build	Cache Android SDK	2026-06-06T12:22:44.1946896Z /usr/bin/tar: ../../../../../usr/local/lib/android/sdk/platforms/android-35-ext14/data/res/values-mcc310-mnc220-hr: Cannot change mode to rwxr-xr-x: Operation not permitted
build	Cache Android SDK	2026-06-06T12:22:44.1950136Z /usr/bin/tar: ../../../../../usr/local/lib/android/sdk/platforms/android-35-ext14/data/res/values-mcc310-mnc560-hu: Cannot utime: Operation not permitted
build	Cache Android SDK	2026-06-06T12:22:44.1950615Z /usr/bin/tar: ../../../../../usr/local/lib/android/sdk/platforms/android-35-ext14/data/res/values-mcc310-mnc560-hu: Cannot change mode to rwxr-xr-x: Operation not permitted
build	Cache Android SDK	2026-06-06T12:22:44.1953188Z /usr/bin/tar: ../../../../../usr/local/lib/android/sdk/platforms/android-35-ext14/data/res/values-mcc313: Cannot utime: Operation not permitted
build	Cache Android SDK	2026-06-06T12:22:44.1953647Z /usr/bin/tar: ../../../../../usr/local/lib/android/sdk/platforms/android-35-ext14/data/res/values-mcc313: Cannot change mode to rwxr-xr-x: Operation not permitted
build	Cache Android SDK	2026-06-06T12:22:44.1956981Z /usr/bin/tar: ../../../../../usr/local/lib/android/sdk/platforms/android-35-ext14/data/res/values-mcc302-mnc720-uz: Cannot utime: Operation not permitted
build	Cache Android SDK	2026-06-06T12:22:44.1957638Z /usr/bin/tar: ../../../../../usr/local/lib/android/sdk/platforms/android-35-ext14/data/res/values-mcc302-mnc720-uz: Cannot change mode to rwxr-xr-x: Operation not permitted
build	Cache Android SDK	2026-06-06T12:22:44.1959979Z /usr/bin/tar: ../../../../../usr/local/lib/android/sdk/platforms/android-35-ext14/data/res/values-mcc334-mnc020-hi: Cannot utime: Operation not permitted
build	Cache Android SDK	2026-06-06T12:22:44.1960454Z /usr/bin/tar: ../../../../../usr/local/lib/android/sdk/platforms/android-35-ext14/data/res/values-mcc334-mnc020-hi: Cannot change mode to rwxr-xr-x: Operation not permitted
build	Cache Android SDK	2026-06-06T12:22:44.1963358Z /usr/bin/tar: ../../../../../usr/local/lib/android/sdk/platforms/android-35-ext14/data/res/values-mcc310-mnc410-ja: Cannot utime: Operation not permitted
build	Cache Android SDK	2026-06-06T12:22:44.1963936Z /usr/bin/tar: ../../../../../usr/local/lib/android/sdk/platforms/android-35-ext14/data/res/values-mcc310-mnc410-ja: Cannot change mode to rwxr-xr-x: Operation not permitted
build	Cache Android SDK	2026-06-06T12:22:44.1966341Z /usr/bin/tar: ../../../../../usr/local/lib/android/sdk/platforms/android-35-ext14/data/res/values-mcc310-mnc490-gl: Cannot utime: Operation not permitted
build	Cache Android SDK	2026-06-06T12:22:44.1966808Z /usr/bin/tar: ../../../../../usr/local/lib/android/sdk/platforms/android-35-ext14/data/res/values-mcc310-mnc490-gl: Cannot change mode to rwxr-xr-x: Operation not permitted
build	Cache Android SDK	2026-06-06T12:22:44.1970097Z /usr/bin/tar: ../../../../../usr/local/lib/android/sdk/platforms/android-35-ext14/data/res/values-mcc310-mnc310-de: Cannot utime: Operation not permitted
build	Cache Android SDK	2026-06-06T12:22:44.1970575Z /usr/bin/tar: ../../../../../usr/local/lib/android/sdk/platforms/android-35-ext14/data/res/values-mcc310-mnc310-de: Cannot change mode to rwxr-xr-x: Operation not permitted
build	Cache Android SDK	2026-06-06T12:22:44.1975279Z /usr/bin/tar: ../../../../../usr/local/lib/android/sdk/platforms/android-35-ext14/data/res/values-cs-television: Cannot utime: Operation not permitted
build	Cache Android SDK	2026-06-06T12:22:44.1975759Z /usr/bin/tar: ../../../../../usr/local/lib/android/sdk/platforms/android-35-ext14/data/res/values-cs-television: Cannot change mode to rwxr-xr-x: Operation not permitted
build	Cache Android SDK	2026-06-06T12:22:44.1978755Z /usr/bin/tar: ../../../../../usr/local/lib/android/sdk/platforms/android-35-ext14/data/res/values-w192dp-round-watch: Cannot utime: Operation not permitted
build	Cache Android SDK	2026-06-06T12:22:44.1979247Z /usr/bin/tar: ../../../../../usr/local/lib/android/sdk/platforms/android-35-ext14/data/res/values-w192dp-round-watch: Cannot change mode to rwxr-xr-x: Operation not permitted
build	Cache Android SDK	2026-06-06T12:22:44.1981612Z /usr/bin/tar: ../../../../../usr/local/lib/android/sdk/platforms/android-35-ext14/data/res/values-mcc334-mnc03: Cannot utime: Operation not permitted
build	Cache Android SDK	2026-06-06T12:22:44.1982084Z /usr/bin/tar: ../../../../../usr/local/lib/android/sdk/platforms/android-35-ext14/data/res/values-mcc334-mnc03: Cannot change mode to rwxr-xr-x: Operation not permitted
build	Cache Android SDK	2026-06-06T12:22:44.1985095Z /usr/bin/tar: ../../../../../usr/local/lib/android/sdk/platforms/android-35-ext14/data/res/values-mcc312-mnc670-ne: Cannot utime: Operation not permitted
build	Cache Android SDK	2026-06-06T12:22:44.1985569Z /usr/bin/tar: ../../../../../usr/local/lib/android/sdk/platforms/android-35-ext14/data/res/values-mcc312-mnc670-ne: Cannot change mode to rwxr-xr-x: Operation not permitted
build	Cache Android SDK	2026-06-06T12:22:44.1988533Z /usr/bin/tar: ../../../../../usr/local/lib/android/sdk/platforms/android-35-ext14/data/res/values-mcc310-mnc230-en-rIN: Cannot utime: Operation not permitted
build	Cache Android SDK	2026-06-06T12:22:44.1989030Z /usr/bin/tar: ../../../../../usr/local/lib/android/sdk/platforms/android-35-ext14/data/res/values-mcc310-mnc230-en-rIN: Cannot change mode to rwxr-xr-x: Operation not permitted
build	Cache Android SDK	2026-06-06T12:22:44.1991441Z /usr/bin/tar: ../../../../../usr/local/lib/android/sdk/platforms/android-35-ext14/data/res/values-mcc310-mnc150-ne: Cannot utime: Operation not permitted
build	Cache Android SDK	2026-06-06T12:22:44.1991922Z /usr/bin/tar: ../../../../../usr/local/lib/android/sdk/platforms/android-35-ext14/data/res/values-mcc310-mnc150-ne: Cannot change mode to rwxr-xr-x: Operation not permitted
build	Cache Android SDK	2026-06-06T12:22:44.1994424Z /usr/bin/tar: ../../../../../usr/local/lib/android/sdk/platforms/android-35-ext14/data/res/values-mcc310-mnc200-ca: Cannot utime: Operation not permitted
build	Cache Android SDK	2026-06-06T12:22:44.1994897Z /usr/bin/tar: ../../../../../usr/local/lib/android/sdk/platforms/android-35-ext14/data/res/values-mcc310-mnc200-ca: Cannot change mode to rwxr-xr-x: Operation not permitted
build	Cache Android SDK	2026-06-06T12:22:44.1997313Z /usr/bin/tar: ../../../../../usr/local/lib/android/sdk/platforms/android-35-ext14/data/res/values-mcc310-mnc030-km: Cannot utime: Operation not permitted
build	Cache Android SDK	2026-06-06T12:22:44.1997980Z /usr/bin/tar: ../../../../../usr/local/lib/android/sdk/platforms/android-35-ext14/data/res/values-mcc310-mnc030-km: Cannot change mode to rwxr-xr-x: Operation not permitted
build	Cache Android SDK	2026-06-06T12:22:44.2000505Z /usr/bin/tar: ../../../../../usr/local/lib/android/sdk/platforms/android-35-ext14/data/res/values-mcc313-mnc100-pa: Cannot utime: Operation not permitted
build	Cache Android SDK	2026-06-06T12:22:44.2000976Z /usr/bin/tar: ../../../../../usr/local/lib/android/sdk/platforms/android-35-ext14/data/res/values-mcc313-mnc100-pa: Cannot change mode to rwxr-xr-x: Operation not permitted
build	Cache Android SDK	2026-06-06T12:22:44.2003936Z /usr/bin/tar: ../../../../../usr/local/lib/android/sdk/platforms/android-35-ext14/data/res/values-mcc310-mnc150-ru: Cannot utime: Operation not permitted
build	Cache Android SDK	2026-06-06T12:22:44.2004403Z /usr/bin/tar: ../../../../../usr/local/lib/android/sdk/platforms/android-35-ext14/data/res/values-mcc310-mnc150-ru: Cannot change mode to rwxr-xr-x: Operation not permitted
build	Cache Android SDK	2026-06-06T12:22:44.2006819Z /usr/bin/tar: ../../../../../usr/local/lib/android/sdk/platforms/android-35-ext14/data/res/values-mcc310-mnc560-eu: Cannot utime: Operation not permitted
build	Cache Android SDK	2026-06-06T12:22:44.2007277Z /usr/bin/tar: ../../../../../usr/local/lib/android/sdk/platforms/android-35-ext14/data/res/values-mcc310-mnc560-eu: Cannot change mode to rwxr-xr-x: Operation not permitted
build	Cache Android SDK	2026-06-06T12:22:44.2009832Z /usr/bin/tar: ../../../../../usr/local/lib/android/sdk/platforms/android-35-ext14/data/res/values-mcc310-mnc170-zh-rTW: Cannot utime: Operation not permitted
build	Cache Android SDK	2026-06-06T12:22:44.2010459Z /usr/bin/tar: ../../../../../usr/local/lib/android/sdk/platforms/android-35-ext14/data/res/values-mcc310-mnc170-zh-rTW: Cannot change mode to rwxr-xr-x: Operation not permitted
build	Cache Android SDK	2026-06-06T12:22:44.2012711Z /usr/bin/tar: ../../../../../usr/local/lib/android/sdk/platforms/android-35-ext14/data/res/values-lo-television: Cannot utime: Operation not permitted
build	Cache Android SDK	2026-06-06T12:22:44.2013180Z /usr/bin/tar: ../../../../../usr/local/lib/android/sdk/platforms/android-35-ext14/data/res/values-lo-television: Cannot change mode to rwxr-xr-x: Operation not permitted
build	Cache Android SDK	2026-06-06T12:22:44.2016072Z /usr/bin/tar: ../../../../../usr/local/lib/android/sdk/platforms/android-35-ext14/data/res/values-mcc311-mnc180-mr: Cannot utime: Operation not permitted
build	Cache Android SDK	2026-06-06T12:22:44.2016669Z /usr/bin/tar: ../../../../../usr/local/lib/android/sdk/platforms/android-35-ext14/data/res/values-mcc311-mnc180-mr: Cannot change mode to rwxr-xr-x: Operation not permitted
build	Cache Android SDK	2026-06-06T12:22:44.2019651Z /usr/bin/tar: ../../../../../usr/local/lib/android/sdk/platforms/android-35-ext14/data/res/values-mcc001-mnc01-ne: Cannot utime: Operation not permitted
build	Cache Android SDK	2026-06-06T12:22:44.2020128Z /usr/bin/tar: ../../../../../usr/local/lib/android/sdk/platforms/android-35-ext14/data/res/values-mcc001-mnc01-ne: Cannot change mode to rwxr-xr-x: Operation not permitted
build	Cache Android SDK	2026-06-06T12:22:44.2022653Z /usr/bin/tar: ../../../../../usr/local/lib/android/sdk/platforms/android-35-ext14/data/res/values-iw-watch: Cannot utime: Operation not permitted
build	Cache Android SDK	2026-06-06T12:22:44.2023102Z /usr/bin/tar: ../../../../../usr/local/lib/android/sdk/platforms/android-35-ext14/data/res/values-iw-watch: Cannot change mode to rwxr-xr-x: Operation not permitted
build	Cache Android SDK	2026-06-06T12:22:44.2025874Z /usr/bin/tar: ../../../../../usr/local/lib/android/sdk/platforms/android-35-ext14/data/res/values-mcc310-mnc560-it: Cannot utime: Operation not permitted
build	Cache Android SDK	2026-06-06T12:22:44.2026356Z /usr/bin/tar: ../../../../../usr/local/lib/android/sdk/platforms/android-35-ext14/data/res/values-mcc310-mnc560-it: Cannot change mode to rwxr-xr-x: Operation not permitted
build	Cache Android SDK	2026-06-06T12:22:44.2029043Z /usr/bin/tar: ../../../../../usr/local/lib/android/sdk/platforms/android-35-ext14/data/res/values-mcc313-mnc100-it: Cannot utime: Operation not permitted
build	Cache Android SDK	2026-06-06T12:22:44.2029513Z /usr/bin/tar: ../../../../../usr/local/lib/android/sdk/platforms/android-35-ext14/data/res/values-mcc313-mnc100-it: Cannot change mode to rwxr-xr-x: Operation not permitted
build	Cache Android SDK	2026-06-06T12:22:44.2032539Z /usr/bin/tar: ../../../../../usr/local/lib/android/sdk/platforms/android-35-ext14/data/res/values-mcc310-mnc270-pl: Cannot utime: Operation not permitted
build	Cache Android SDK	2026-06-06T12:22:44.2033033Z /usr/bin/tar: ../../../../../usr/local/lib/android/sdk/platforms/android-35-ext14/data/res/values-mcc310-mnc270-pl: Cannot change mode to rwxr-xr-x: Operation not permitted
build	Cache Android SDK	2026-06-06T12:22:44.2035905Z /usr/bin/tar: ../../../../../usr/local/lib/android/sdk/platforms/android-35-ext14/data/res/values-ca-watch: Cannot utime: Operation not permitted
build	Cache Android SDK	2026-06-06T12:22:44.2036461Z /usr/bin/tar: ../../../../../usr/local/lib/android/sdk/platforms/android-35-ext14/data/res/values-ca-watch: Cannot change mode to rwxr-xr-x: Operation not permitted
build	Cache Android SDK	2026-06-06T12:22:44.2039690Z /usr/bin/tar: ../../../../../usr/local/lib/android/sdk/platforms/android-35-ext14/data/res/values-mcc310-mnc380-ja: Cannot utime: Operation not permitted
build	Cache Android SDK	2026-06-06T12:22:44.2040186Z /usr/bin/tar: ../../../../../usr/local/lib/android/sdk/platforms/android-35-ext14/data/res/values-mcc310-mnc380-ja: Cannot change mode to rwxr-xr-x: Operation not permitted
build	Cache Android SDK	2026-06-06T12:22:44.2103482Z /usr/bin/tar: ../../../../../usr/local/lib/android/sdk/platforms/android-35-ext14/data/res/values: Cannot utime: Operation not permitted
build	Cache Android SDK	2026-06-06T12:22:44.2104015Z /usr/bin/tar: ../../../../../usr/local/lib/android/sdk/platforms/android-35-ext14/data/res/values: Cannot change mode to rwxr-xr-x: Operation not permitted
build	Cache Android SDK	2026-06-06T12:22:44.2106570Z /usr/bin/tar: ../../../../../usr/local/lib/android/sdk/platforms/android-35-ext14/data/res/raw-zh-rCN: Cannot utime: Operation not permitted
build	Cache Android SDK	2026-06-06T12:22:44.2107042Z /usr/bin/tar: ../../../../../usr/local/lib/android/sdk/platforms/android-35-ext14/data/res/raw-zh-rCN: Cannot change mode to rwxr-xr-x: Operation not permitted
build	Cache Android SDK	2026-06-06T12:22:44.2113304Z /usr/bin/tar: ../../../../../usr/local/lib/android/sdk/platforms/android-35-ext14/data/res/values-mcc310-mnc280-ro: Cannot utime: Operation not permitted
build	Cache Android SDK	2026-06-06T12:22:44.2113802Z /usr/bin/tar: ../../../../../usr/local/lib/android/sdk/platforms/android-35-ext14/data/res/values-mcc310-mnc280-ro: Cannot change mode to rwxr-xr-x: Operation not permitted
build	Cache Android SDK	2026-06-06T12:22:44.2116358Z /usr/bin/tar: ../../../../../usr/local/lib/android/sdk/platforms/android-35-ext14/data/res/values-mcc310-mnc250-en-rGB: Cannot utime: Operation not permitted
build	Cache Android SDK	2026-06-06T12:22:44.2117027Z /usr/bin/tar: ../../../../../usr/local/lib/android/sdk/platforms/android-35-ext14/data/res/values-mcc310-mnc250-en-rGB: Cannot change mode to rwxr-xr-x: Operation not permitted
build	Cache Android SDK	2026-06-06T12:22:44.2120439Z /usr/bin/tar: ../../../../../usr/local/lib/android/sdk/platforms/android-35-ext14/data/res/values-es-rCO: Cannot utime: Operation not permitted
build	Cache Android SDK	2026-06-06T12:22:44.2120954Z /usr/bin/tar: ../../../../../usr/local/lib/android/sdk/platforms/android-35-ext14/data/res/values-es-rCO: Cannot change mode to rwxr-xr-x: Operation not permitted
build	Cache Android SDK	2026-06-06T12:22:44.2123363Z /usr/bin/tar: ../../../../../usr/local/lib/android/sdk/platforms/android-35-ext14/data/res/values-mcc310-mnc170-uz: Cannot utime: Operation not permitted
build	Cache Android SDK	2026-06-06T12:22:44.2123914Z /usr/bin/tar: ../../../../../usr/local/lib/android/sdk/platforms/android-35-ext14/data/res/values-mcc310-mnc170-uz: Cannot change mode to rwxr-xr-x: Operation not permitted
build	Cache Android SDK	2026-06-06T12:22:44.2126455Z /usr/bin/tar: ../../../../../usr/local/lib/android/sdk/platforms/android-35-ext14/data/res/values-mcc310-mnc950-is: Cannot utime: Operation not permitted
build	Cache Android SDK	2026-06-06T12:22:44.2126926Z /usr/bin/tar: ../../../../../usr/local/lib/android/sdk/platforms/android-35-ext14/data/res/values-mcc310-mnc950-is: Cannot change mode to rwxr-xr-x: Operation not permitted
build	Cache Android SDK	2026-06-06T12:22:44.2129562Z /usr/bin/tar: ../../../../../usr/local/lib/android/sdk/platforms/android-35-ext14/data/res/values-pt-watch: Cannot utime: Operation not permitted
build	Cache Android SDK	2026-06-06T12:22:44.2130076Z /usr/bin/tar: ../../../../../usr/local/lib/android/sdk/platforms/android-35-ext14/data/res/values-pt-watch: Cannot change mode to rwxr-xr-x: Operation not permitted
build	Cache Android SDK	2026-06-06T12:22:44.2132691Z /usr/bin/tar: ../../../../../usr/local/lib/android/sdk/platforms/android-35-ext14/data/res/values-mcc313-mnc100-pl: Cannot utime: Operation not permitted
build	Cache Android SDK	2026-06-06T12:22:44.2133166Z /usr/bin/tar: ../../../../../usr/local/lib/android/sdk/platforms/android-35-ext14/data/res/values-mcc313-mnc100-pl: Cannot change mode to rwxr-xr-x: Operation not permitted
build	Cache Android SDK	2026-06-06T12:22:44.2135935Z /usr/bin/tar: ../../../../../usr/local/lib/android/sdk/platforms/android-35-ext14/data/res/values-mcc001-mnc01-vi: Cannot utime: Operation not permitted
build	Cache Android SDK	2026-06-06T12:22:44.2136418Z /usr/bin/tar: ../../../../../usr/local/lib/android/sdk/platforms/android-35-ext14/data/res/values-mcc001-mnc01-vi: Cannot change mode to rwxr-xr-x: Operation not permitted
build	Cache Android SDK	2026-06-06T12:22:44.2139165Z /usr/bin/tar: ../../../../../usr/local/lib/android/sdk/platforms/android-35-ext14/data/res/values-mcc313-mnc100-lv: Cannot utime: Operation not permitted
build	Cache Android SDK	2026-06-06T12:22:44.2139632Z /usr/bin/tar: ../../../../../usr/local/lib/android/sdk/platforms/android-35-ext14/data/res/values-mcc313-mnc100-lv: Cannot change mode to rwxr-xr-x: Operation not permitted
build	Cache Android SDK	2026-06-06T12:22:44.2142443Z /usr/bin/tar: ../../../../../usr/local/lib/android/sdk/platforms/android-35-ext14/data/res/values-mcc302-mnc720-gu: Cannot utime: Operation not permitted
build	Cache Android SDK	2026-06-06T12:22:44.2142914Z /usr/bin/tar: ../../../../../usr/local/lib/android/sdk/platforms/android-35-ext14/data/res/values-mcc302-mnc720-gu: Cannot change mode to rwxr-xr-x: Operation not permitted
build	Cache Android SDK	2026-06-06T12:22:44.2145540Z /usr/bin/tar: ../../../../../usr/local/lib/android/sdk/platforms/android-35-ext14/data/res/values-mcc302-mnc370-zh-rCN: Cannot utime: Operation not permitted
build	Cache Android SDK	2026-06-06T12:22:44.2146022Z /usr/bin/tar: ../../../../../usr/local/lib/android/sdk/platforms/android-35-ext14/data/res/values-mcc302-mnc370-zh-rCN: Cannot change mode to rwxr-xr-x: Operation not permitted
build	Cache Android SDK	2026-06-06T12:22:44.2148834Z /usr/bin/tar: ../../../../../usr/local/lib/android/sdk/platforms/android-35-ext14/data/res/values-th-watch: Cannot utime: Operation not permitted
build	Cache Android SDK	2026-06-06T12:22:44.2149288Z /usr/bin/tar: ../../../../../usr/local/lib/android/sdk/platforms/android-35-ext14/data/res/values-th-watch: Cannot change mode to rwxr-xr-x: Operation not permitted
build	Cache Android SDK	2026-06-06T12:22:44.2151917Z /usr/bin/tar: ../../../../../usr/local/lib/android/sdk/platforms/android-35-ext14/data/res/values-mcc310-mnc250-ta: Cannot utime: Operation not permitted
build	Cache Android SDK	2026-06-06T12:22:44.2152385Z /usr/bin/tar: ../../../../../usr/local/lib/android/sdk/platforms/android-35-ext14/data/res/values-mcc310-mnc250-ta: Cannot change mode to rwxr-xr-x: Operation not permitted
build	Cache Android SDK	2026-06-06T12:22:44.2154917Z /usr/bin/tar: ../../../../../usr/local/lib/android/sdk/platforms/android-35-ext14/data/res/values-mcc310-mnc560-mk: Cannot utime: Operation not permitted
build	Cache Android SDK	2026-06-06T12:22:44.2155386Z /usr/bin/tar: ../../../../../usr/local/lib/android/sdk/platforms/android-35-ext14/data/res/values-mcc310-mnc560-mk: Cannot change mode to rwxr-xr-x: Operation not permitted
build	Cache Android SDK	2026-06-06T12:22:44.2157957Z /usr/bin/tar: ../../../../../usr/local/lib/android/sdk/platforms/android-35-ext14/data/res/values-mcc466-mnc02: Cannot utime: Operation not permitted
build	Cache Android SDK	2026-06-06T12:22:44.2158422Z /usr/bin/tar: ../../../../../usr/local/lib/android/sdk/platforms/android-35-ext14/data/res/values-mcc466-mnc02: Cannot change mode to rwxr-xr-x: Operation not permitted
build	Cache Android SDK	2026-06-06T12:22:44.2161038Z /usr/bin/tar: ../../../../../usr/local/lib/android/sdk/platforms/android-35-ext14/data/res/values-mcc310-mnc030: Cannot utime: Operation not permitted
build	Cache Android SDK	2026-06-06T12:22:44.2161505Z /usr/bin/tar: ../../../../../usr/local/lib/android/sdk/platforms/android-35-ext14/data/res/values-mcc310-mnc030: Cannot change mode to rwxr-xr-x: Operation not permitted
build	Cache Android SDK	2026-06-06T12:22:44.2164657Z /usr/bin/tar: ../../../../../usr/local/lib/android/sdk/platforms/android-35-ext14/data/res/values-mcc310-mnc150-sq: Cannot utime: Operation not permitted
build	Cache Android SDK	2026-06-06T12:22:44.2165177Z /usr/bin/tar: ../../../../../usr/local/lib/android/sdk/platforms/android-35-ext14/data/res/values-mcc310-mnc150-sq: Cannot change mode to rwxr-xr-x: Operation not permitted
build	Cache Android SDK	2026-06-06T12:22:44.2167609Z /usr/bin/tar: ../../../../../usr/local/lib/android/sdk/platforms/android-35-ext14/data/res/values-mcc310-mnc220-uz: Cannot utime: Operation not permitted
build	Cache Android SDK	2026-06-06T12:22:44.2168089Z /usr/bin/tar: ../../../../../usr/local/lib/android/sdk/platforms/android-35-ext14/data/res/values-mcc310-mnc220-uz: Cannot change mode to rwxr-xr-x: Operation not permitted
build	Cache Android SDK	2026-06-06T12:22:44.2171806Z /usr/bin/tar: ../../../../../usr/local/lib/android/sdk/platforms/android-35-ext14/data/res/values-mcc310-mnc380-es-rUS: Cannot utime: Operation not permitted
build	Cache Android SDK	2026-06-06T12:22:44.2172297Z /usr/bin/tar: ../../../../../usr/local/lib/android/sdk/platforms/android-35-ext14/data/res/values-mcc310-mnc380-es-rUS: Cannot change mode to rwxr-xr-x: Operation not permitted
build	Cache Android SDK	2026-06-06T12:22:44.2174164Z /usr/bin/tar: ../../../../../usr/local/lib/android/sdk/platforms/android-35-ext14/data/res/values-hu-watch: Cannot utime: Operation not permitted
build	Cache Android SDK	2026-06-06T12:22:44.2174673Z /usr/bin/tar: ../../../../../usr/local/lib/android/sdk/platforms/android-35-ext14/data/res/values-hu-watch: Cannot change mode to rwxr-xr-x: Operation not permitted
build	Cache Android SDK	2026-06-06T12:22:44.2177106Z /usr/bin/tar: ../../../../../usr/local/lib/android/sdk/platforms/android-35-ext14/data/res/values-mcc311-mnc180-et: Cannot utime: Operation not permitted
build	Cache Android SDK	2026-06-06T12:22:44.2177727Z /usr/bin/tar: ../../../../../usr/local/lib/android/sdk/platforms/android-35-ext14/data/res/values-mcc311-mnc180-et: Cannot change mode to rwxr-xr-x: Operation not permitted
build	Cache Android SDK	2026-06-06T12:22:44.2180825Z /usr/bin/tar: ../../../../../usr/local/lib/android/sdk/platforms/android-35-ext14/data/res/values-mcc310-mnc800-my: Cannot utime: Operation not permitted
build	Cache Android SDK	2026-06-06T12:22:44.2181310Z /usr/bin/tar: ../../../../../usr/local/lib/android/sdk/platforms/android-35-ext14/data/res/values-mcc310-mnc800-my: Cannot change mode to rwxr-xr-x: Operation not permitted
build	Cache Android SDK	2026-06-06T12:22:44.2183497Z /usr/bin/tar: ../../../../../usr/local/lib/android/sdk/platforms/android-35-ext14/data/res/values-mcc310-mnc150-pl: Cannot utime: Operation not permitted
build	Cache Android SDK	2026-06-06T12:22:44.2184262Z /usr/bin/tar: ../../../../../usr/local/lib/android/sdk/platforms/android-35-ext14/data/res/values-mcc310-mnc150-pl: Cannot change mode to rwxr-xr-x: Operation not permitted
build	Cache Android SDK	2026-06-06T12:22:44.2186901Z /usr/bin/tar: ../../../../../usr/local/lib/android/sdk/platforms/android-35-ext14/data/res/values-mcc302-mnc370-ja: Cannot utime: Operation not permitted
build	Cache Android SDK	2026-06-06T12:22:44.2187515Z /usr/bin/tar: ../../../../../usr/local/lib/android/sdk/platforms/android-35-ext14/data/res/values-mcc302-mnc370-ja: Cannot change mode to rwxr-xr-x: Operation not permitted
build	Cache Android SDK	2026-06-06T12:22:44.2189936Z /usr/bin/tar: ../../../../../usr/local/lib/android/sdk/platforms/android-35-ext14/data/res/values-mcc302-mnc370-my: Cannot utime: Operation not permitted
build	Cache Android SDK	2026-06-06T12:22:44.2190434Z /usr/bin/tar: ../../../../../usr/local/lib/android/sdk/platforms/android-35-ext14/data/res/values-mcc302-mnc370-my: Cannot change mode to rwxr-xr-x: Operation not permitted
build	Cache Android SDK	2026-06-06T12:22:44.2197588Z /usr/bin/tar: ../../../../../usr/local/lib/android/sdk/platforms/android-35-ext14/data/res/drawable-sw600dp-xhdpi: Cannot utime: Operation not permitted
build	Cache Android SDK	2026-06-06T12:22:44.2198129Z /usr/bin/tar: ../../../../../usr/local/lib/android/sdk/platforms/android-35-ext14/data/res/drawable-sw600dp-xhdpi: Cannot change mode to rwxr-xr-x: Operation not permitted
build	Cache Android SDK	2026-06-06T12:22:44.2200249Z /usr/bin/tar: ../../../../../usr/local/lib/android/sdk/platforms/android-35-ext14/data/res/values-mcc510-mnc89: Cannot utime: Operation not permitted
build	Cache Android SDK	2026-06-06T12:22:44.2200799Z /usr/bin/tar: ../../../../../usr/local/lib/android/sdk/platforms/android-35-ext14/data/res/values-mcc510-mnc89: Cannot change mode to rwxr-xr-x: Operation not permitted
build	Cache Android SDK	2026-06-06T12:22:44.2203332Z /usr/bin/tar: ../../../../../usr/local/lib/android/sdk/platforms/android-35-ext14/data/res/values-mcc313-mnc100-gl: Cannot utime: Operation not permitted
build	Cache Android SDK	2026-06-06T12:22:44.2203837Z /usr/bin/tar: ../../../../../usr/local/lib/android/sdk/platforms/android-35-ext14/data/res/values-mcc313-mnc100-gl: Cannot change mode to rwxr-xr-x: Operation not permitted
build	Cache Android SDK	2026-06-06T12:22:44.2206577Z /usr/bin/tar: ../../../../../usr/local/lib/android/sdk/platforms/android-35-ext14/data/res/values-mcc310-mnc490-da: Cannot utime: Operation not permitted
build	Cache Android SDK	2026-06-06T12:22:44.2207058Z /usr/bin/tar: ../../../../../usr/local/lib/android/sdk/platforms/android-35-ext14/data/res/values-mcc310-mnc490-da: Cannot change mode to rwxr-xr-x: Operation not permitted
build	Cache Android SDK	2026-06-06T12:22:44.2210092Z /usr/bin/tar: ../../../../../usr/local/lib/android/sdk/platforms/android-35-ext14/data/res/values-mcc310-mnc240-uz: Cannot utime: Operation not permitted
build	Cache Android SDK	2026-06-06T12:22:44.2210645Z /usr/bin/tar: ../../../../../usr/local/lib/android/sdk/platforms/android-35-ext14/data/res/values-mcc310-mnc240-uz: Cannot change mode to rwxr-xr-x: Operation not permitted
build	Cache Android SDK	2026-06-06T12:22:44.2213240Z /usr/bin/tar: ../../../../../usr/local/lib/android/sdk/platforms/android-35-ext14/data/res/values-mcc310-mnc170-ky: Cannot utime: Operation not permitted
build	Cache Android SDK	2026-06-06T12:22:44.2213784Z /usr/bin/tar: ../../../../../usr/local/lib/android/sdk/platforms/android-35-ext14/data/res/values-mcc310-mnc170-ky: Cannot change mode to rwxr-xr-x: Operation not permitted
build	Cache Android SDK	2026-06-06T12:22:44.2215858Z /usr/bin/tar: ../../../../../usr/local/lib/android/sdk/platforms/android-35-ext14/data/res/values-mcc310-mnc950-az: Cannot utime: Operation not permitted
build	Cache Android SDK	2026-06-06T12:22:44.2216503Z /usr/bin/tar: ../../../../../usr/local/lib/android/sdk/platforms/android-35-ext14/data/res/values-mcc310-mnc950-az: Cannot change mode to rwxr-xr-x: Operation not permitted
build	Cache Android SDK	2026-06-06T12:22:44.2219253Z /usr/bin/tar: ../../../../../usr/local/lib/android/sdk/platforms/android-35-ext14/data/res/values-mcc310-mnc220-zh-rTW: Cannot utime: Operation not permitted
build	Cache Android SDK	2026-06-06T12:22:44.2219748Z /usr/bin/tar: ../../../../../usr/local/lib/android/sdk/platforms/android-35-ext14/data/res/values-mcc310-mnc220-zh-rTW: Cannot change mode to rwxr-xr-x: Operation not permitted
build	Cache Android SDK	2026-06-06T12:22:44.2222337Z /usr/bin/tar: ../../../../../usr/local/lib/android/sdk/platforms/android-35-ext14/data/res/values-mcc310-mnc150-ky: Cannot utime: Operation not permitted
build	Cache Android SDK	2026-06-06T12:22:44.2222937Z /usr/bin/tar: ../../../../../usr/local/lib/android/sdk/platforms/android-35-ext14/data/res/values-mcc310-mnc150-ky: Cannot change mode to rwxr-xr-x: Operation not permitted
build	Cache Android SDK	2026-06-06T12:22:44.2225722Z /usr/bin/tar: ../../../../../usr/local/lib/android/sdk/platforms/android-35-ext14/data/res/values-mcc310-mnc950-hi: Cannot utime: Operation not permitted
build	Cache Android SDK	2026-06-06T12:22:44.2226217Z /usr/bin/tar: ../../../../../usr/local/lib/android/sdk/platforms/android-35-ext14/data/res/values-mcc310-mnc950-hi: Cannot change mode to rwxr-xr-x: Operation not permitted
build	Cache Android SDK	2026-06-06T12:22:44.2228815Z /usr/bin/tar: ../../../../../usr/local/lib/android/sdk/platforms/android-35-ext14/data/res/values-mcc310-mnc250-th: Cannot utime: Operation not permitted
build	Cache Android SDK	2026-06-06T12:22:44.2229289Z /usr/bin/tar: ../../../../../usr/local/lib/android/sdk/platforms/android-35-ext14/data/res/values-mcc310-mnc250-th: Cannot change mode to rwxr-xr-x: Operation not permitted
build	Cache Android SDK	2026-06-06T12:22:44.2233858Z /usr/bin/tar: ../../../../../usr/local/lib/android/sdk/platforms/android-35-ext14/data/res/values-round-watch: Cannot utime: Operation not permitted
build	Cache Android SDK	2026-06-06T12:22:44.2234345Z /usr/bin/tar: ../../../../../usr/local/lib/android/sdk/platforms/android-35-ext14/data/res/values-round-watch: Cannot change mode to rwxr-xr-x: Operation not permitted
build	Cache Android SDK	2026-06-06T12:22:44.2237856Z /usr/bin/tar: ../../../../../usr/local/lib/android/sdk/platforms/android-35-ext14/data/res/values-mcc310-mnc160-te: Cannot utime: Operation not permitted
build	Cache Android SDK	2026-06-06T12:22:44.2238390Z /usr/bin/tar: ../../../../../usr/local/lib/android/sdk/platforms/android-35-ext14/data/res/values-mcc310-mnc160-te: Cannot change mode to rwxr-xr-x: Operation not permitted
build	Cache Android SDK	2026-06-06T12:22:44.2249364Z /usr/bin/tar: ../../../../../usr/local/lib/android/sdk/platforms/android-35-ext14/data/res/color-watch: Cannot utime: Operation not permitted
build	Cache Android SDK	2026-06-06T12:22:44.2249941Z /usr/bin/tar: ../../../../../usr/local/lib/android/sdk/platforms/android-35-ext14/data/res/color-watch: Cannot change mode to rwxr-xr-x: Operation not permitted
build	Cache Android SDK	2026-06-06T12:22:44.2252309Z /usr/bin/tar: ../../../../../usr/local/lib/android/sdk/platforms/android-35-ext14/data/res/values-mcc310-mnc950-mr: Cannot utime: Operation not permitted
build	Cache Android SDK	2026-06-06T12:22:44.2252802Z /usr/bin/tar: ../../../../../usr/local/lib/android/sdk/platforms/android-35-ext14/data/res/values-mcc310-mnc950-mr: Cannot change mode to rwxr-xr-x: Operation not permitted
build	Cache Android SDK	2026-06-06T12:22:44.2255387Z /usr/bin/tar: ../../../../../usr/local/lib/android/sdk/platforms/android-35-ext14/data/res/values-mcc312-mnc670-is: Cannot utime: Operation not permitted
build	Cache Android SDK	2026-06-06T12:22:44.2255861Z /usr/bin/tar: ../../../../../usr/local/lib/android/sdk/platforms/android-35-ext14/data/res/values-mcc312-mnc670-is: Cannot change mode to rwxr-xr-x: Operation not permitted
build	Cache Android SDK	2026-06-06T12:22:44.2261182Z /usr/bin/tar: ../../../../../usr/local/lib/android/sdk/platforms/android-35-ext14/data/res/values-mcc310-mnc030-it: Cannot utime: Operation not permitted
build	Cache Android SDK	2026-06-06T12:22:44.2261674Z /usr/bin/tar: ../../../../../usr/local/lib/android/sdk/platforms/android-35-ext14/data/res/values-mcc310-mnc030-it: Cannot change mode to rwxr-xr-x: Operation not permitted
build	Cache Android SDK	2026-06-06T12:22:44.2266415Z /usr/bin/tar: ../../../../../usr/local/lib/android/sdk/platforms/android-35-ext14/data/res/values-mcc313-mnc100-ky: Cannot utime: Operation not permitted
build	Cache Android SDK	2026-06-06T12:22:44.2266886Z /usr/bin/tar: ../../../../../usr/local/lib/android/sdk/platforms/android-35-ext14/data/res/values-mcc313-mnc100-ky: Cannot change mode to rwxr-xr-x: Operation not permitted
build	Cache Android SDK	2026-06-06T12:22:44.2278515Z /usr/bin/tar: ../../../../../usr/local/lib/android/sdk/platforms/android-35-ext14/data/res/values-mcc311-mnc180-en-rAU: Cannot utime: Operation not permitted
build	Cache Android SDK	2026-06-06T12:22:44.2279061Z /usr/bin/tar: ../../../../../usr/local/lib/android/sdk/platforms/android-35-ext14/data/res/values-mcc311-mnc180-en-rAU: Cannot change mode to rwxr-xr-x: Operation not permitted
build	Cache Android SDK	2026-06-06T12:22:44.2285253Z /usr/bin/tar: ../../../../../usr/local/lib/android/sdk/platforms/android-35-ext14/data/res/values-mcc310-mnc490-sr: Cannot utime: Operation not permitted
build	Cache Android SDK	2026-06-06T12:22:44.2285720Z /usr/bin/tar: ../../../../../usr/local/lib/android/sdk/platforms/android-35-ext14/data/res/values-mcc310-mnc490-sr: Cannot change mode to rwxr-xr-x: Operation not permitted
build	Cache Android SDK	2026-06-06T12:22:44.2289535Z /usr/bin/tar: ../../../../../usr/local/lib/android/sdk/platforms/android-35-ext14/data/res/values-mcc310-mnc560-uz: Cannot utime: Operation not permitted
build	Cache Android SDK	2026-06-06T12:22:44.2290016Z /usr/bin/tar: ../../../../../usr/local/lib/android/sdk/platforms/android-35-ext14/data/res/values-mcc310-mnc560-uz: Cannot change mode to rwxr-xr-x: Operation not permitted
build	Cache Android SDK	2026-06-06T12:22:44.2295131Z /usr/bin/tar: ../../../../../usr/local/lib/android/sdk/platforms/android-35-ext14/data/res/values-mcc310-mnc490-sw: Cannot utime: Operation not permitted
build	Cache Android SDK	2026-06-06T12:22:44.2295727Z /usr/bin/tar: ../../../../../usr/local/lib/android/sdk/platforms/android-35-ext14/data/res/values-mcc310-mnc490-sw: Cannot change mode to rwxr-xr-x: Operation not permitted
build	Cache Android SDK	2026-06-06T12:22:44.2299355Z /usr/bin/tar: ../../../../../usr/local/lib/android/sdk/platforms/android-35-ext14/data/res/values-mcc302-mnc370-is: Cannot utime: Operation not permitted
build	Cache Android SDK	2026-06-06T12:22:44.2299833Z /usr/bin/tar: ../../../../../usr/local/lib/android/sdk/platforms/android-35-ext14/data/res/values-mcc302-mnc370-is: Cannot change mode to rwxr-xr-x: Operation not permitted
build	Cache Android SDK	2026-06-06T12:22:44.2303968Z /usr/bin/tar: ../../../../../usr/local/lib/android/sdk/platforms/android-35-ext14/data/res/values-mcc302-mnc610: Cannot utime: Operation not permitted
build	Cache Android SDK	2026-06-06T12:22:44.2304438Z /usr/bin/tar: ../../../../../usr/local/lib/android/sdk/platforms/android-35-ext14/data/res/values-mcc302-mnc610: Cannot change mode to rwxr-xr-x: Operation not permitted
build	Cache Android SDK	2026-06-06T12:22:44.2308534Z /usr/bin/tar: ../../../../../usr/local/lib/android/sdk/platforms/android-35-ext14/data/res/values-mcc310-mnc800-el: Cannot utime: Operation not permitted
build	Cache Android SDK	2026-06-06T12:22:44.2309026Z /usr/bin/tar: ../../../../../usr/local/lib/android/sdk/platforms/android-35-ext14/data/res/values-mcc310-mnc800-el: Cannot change mode to rwxr-xr-x: Operation not permitted
build	Cache Android SDK	2026-06-06T12:22:44.2314882Z /usr/bin/tar: ../../../../../usr/local/lib/android/sdk/platforms/android-35-ext14/data/res/values-mcc302-mnc720-gl: Cannot utime: Operation not permitted
build	Cache Android SDK	2026-06-06T12:22:44.2315358Z /usr/bin/tar: ../../../../../usr/local/lib/android/sdk/platforms/android-35-ext14/data/res/values-mcc302-mnc720-gl: Cannot change mode to rwxr-xr-x: Operation not permitted
build	Cache Android SDK	2026-06-06T12:22:44.2320957Z /usr/bin/tar: ../../../../../usr/local/lib/android/sdk/platforms/android-35-ext14/data/res/values-nl-television: Cannot utime: Operation not permitted
build	Cache Android SDK	2026-06-06T12:22:44.2321474Z /usr/bin/tar: ../../../../../usr/local/lib/android/sdk/platforms/android-35-ext14/data/res/values-nl-television: Cannot change mode to rwxr-xr-x: Operation not permitted
build	Cache Android SDK	2026-06-06T12:22:44.2327689Z /usr/bin/tar: ../../../../../usr/local/lib/android/sdk/platforms/android-35-ext14/data/res/values-mcc334-mnc020-mk: Cannot utime: Operation not permitted
build	Cache Android SDK	2026-06-06T12:22:44.2328170Z /usr/bin/tar: ../../../../../usr/local/lib/android/sdk/platforms/android-35-ext14/data/res/values-mcc334-mnc020-mk: Cannot change mode to rwxr-xr-x: Operation not permitted
build	Cache Android SDK	2026-06-06T12:22:44.2331764Z /usr/bin/tar: ../../../../../usr/local/lib/android/sdk/platforms/android-35-ext14/data/res/values-mcc310-mnc950-de: Cannot utime: Operation not permitted
build	Cache Android SDK	2026-06-06T12:22:44.2332234Z /usr/bin/tar: ../../../../../usr/local/lib/android/sdk/platforms/android-35-ext14/data/res/values-mcc310-mnc950-de: Cannot change mode to rwxr-xr-x: Operation not permitted
build	Cache Android SDK	2026-06-06T12:22:44.2335735Z /usr/bin/tar: ../../../../../usr/local/lib/android/sdk/platforms/android-35-ext14/data/res/values-mcc310-mnc270-lt: Cannot utime: Operation not permitted
build	Cache Android SDK	2026-06-06T12:22:44.2336215Z /usr/bin/tar: ../../../../../usr/local/lib/android/sdk/platforms/android-35-ext14/data/res/values-mcc310-mnc270-lt: Cannot change mode to rwxr-xr-x: Operation not permitted
build	Cache Android SDK	2026-06-06T12:22:44.2342901Z /usr/bin/tar: ../../../../../usr/local/lib/android/sdk/platforms/android-35-ext14/data/res/values-mcc310-mnc410-sk: Cannot utime: Operation not permitted
build	Cache Android SDK	2026-06-06T12:22:44.2343401Z /usr/bin/tar: ../../../../../usr/local/lib/android/sdk/platforms/android-35-ext14/data/res/values-mcc310-mnc410-sk: Cannot change mode to rwxr-xr-x: Operation not permitted
build	Cache Android SDK	2026-06-06T12:22:44.2349512Z /usr/bin/tar: ../../../../../usr/local/lib/android/sdk/platforms/android-35-ext14/data/res/values-mcc001-mnc01-sq: Cannot utime: Operation not permitted
build	Cache Android SDK	2026-06-06T12:22:44.2349982Z /usr/bin/tar: ../../../../../usr/local/lib/android/sdk/platforms/android-35-ext14/data/res/values-mcc001-mnc01-sq: Cannot change mode to rwxr-xr-x: Operation not permitted
build	Cache Android SDK	2026-06-06T12:22:44.2354091Z /usr/bin/tar: ../../../../../usr/local/lib/android/sdk/platforms/android-35-ext14/data/res/values-mcc310-mnc230-sl: Cannot utime: Operation not permitted
build	Cache Android SDK	2026-06-06T12:22:44.2354576Z /usr/bin/tar: ../../../../../usr/local/lib/android/sdk/platforms/android-35-ext14/data/res/values-mcc310-mnc230-sl: Cannot change mode to rwxr-xr-x: Operation not permitted
build	Cache Android SDK	2026-06-06T12:22:44.2359296Z /usr/bin/tar: ../../../../../usr/local/lib/android/sdk/platforms/android-35-ext14/data/res/values-mcc310-mnc240-en-rIN: Cannot utime: Operation not permitted
build	Cache Android SDK	2026-06-06T12:22:44.2359791Z /usr/bin/tar: ../../../../../usr/local/lib/android/sdk/platforms/android-35-ext14/data/res/values-mcc310-mnc240-en-rIN: Cannot change mode to rwxr-xr-x: Operation not permitted
build	Cache Android SDK	2026-06-06T12:22:44.2363131Z /usr/bin/tar: ../../../../../usr/local/lib/android/sdk/platforms/android-35-ext14/data/res/values-mcc310-mnc560-my: Cannot utime: Operation not permitted
build	Cache Android SDK	2026-06-06T12:22:44.2363606Z /usr/bin/tar: ../../../../../usr/local/lib/android/sdk/platforms/android-35-ext14/data/res/values-mcc310-mnc560-my: Cannot change mode to rwxr-xr-x: Operation not permitted
build	Cache Android SDK	2026-06-06T12:22:44.2367007Z /usr/bin/tar: ../../../../../usr/local/lib/android/sdk/platforms/android-35-ext14/data/res/values-mcc001-mnc01-ca: Cannot utime: Operation not permitted
build	Cache Android SDK	2026-06-06T12:22:44.2367716Z /usr/bin/tar: ../../../../../usr/local/lib/android/sdk/platforms/android-35-ext14/data/res/values-mcc001-mnc01-ca: Cannot change mode to rwxr-xr-x: Operation not permitted
build	Cache Android SDK	2026-06-06T12:22:44.2371995Z /usr/bin/tar: ../../../../../usr/local/lib/android/sdk/platforms/android-35-ext14/data/res/values-mcc310-mnc220-be: Cannot utime: Operation not permitted
build	Cache Android SDK	2026-06-06T12:22:44.2372477Z /usr/bin/tar: ../../../../../usr/local/lib/android/sdk/platforms/android-35-ext14/data/res/values-mcc310-mnc220-be: Cannot change mode to rwxr-xr-x: Operation not permitted
build	Cache Android SDK	2026-06-06T12:22:44.2376558Z /usr/bin/tar: ../../../../../usr/local/lib/android/sdk/platforms/android-35-ext14/data/res/values-mcc334-mnc020-fi: Cannot utime: Operation not permitted
build	Cache Android SDK	2026-06-06T12:22:44.2377034Z /usr/bin/tar: ../../../../../usr/local/lib/android/sdk/platforms/android-35-ext14/data/res/values-mcc334-mnc020-fi: Cannot change mode to rwxr-xr-x: Operation not permitted
build	Cache Android SDK	2026-06-06T12:22:44.2381010Z /usr/bin/tar: ../../../../../usr/local/lib/android/sdk/platforms/android-35-ext14/data/res/values-mcc302-mnc370-kk: Cannot utime: Operation not permitted
build	Cache Android SDK	2026-06-06T12:22:44.2381649Z /usr/bin/tar: ../../../../../usr/local/lib/android/sdk/platforms/android-35-ext14/data/res/values-mcc302-mnc370-kk: Cannot change mode to rwxr-xr-x: Operation not permitted
build	Cache Android SDK	2026-06-06T12:22:44.2385063Z /usr/bin/tar: ../../../../../usr/local/lib/android/sdk/platforms/android-35-ext14/data/res/values-mcc311-mnc180-kk: Cannot utime: Operation not permitted
build	Cache Android SDK	2026-06-06T12:22:44.2385576Z /usr/bin/tar: ../../../../../usr/local/lib/android/sdk/platforms/android-35-ext14/data/res/values-mcc311-mnc180-kk: Cannot change mode to rwxr-xr-x: Operation not permitted
build	Cache Android SDK	2026-06-06T12:22:44.2390117Z /usr/bin/tar: ../../../../../usr/local/lib/android/sdk/platforms/android-35-ext14/data/res/drawable-round-watch: Cannot utime: Operation not permitted
build	Cache Android SDK	2026-06-06T12:22:44.2390742Z /usr/bin/tar: ../../../../../usr/local/lib/android/sdk/platforms/android-35-ext14/data/res/drawable-round-watch: Cannot change mode to rwxr-xr-x: Operation not permitted
build	Cache Android SDK	2026-06-06T12:22:44.2396558Z /usr/bin/tar: ../../../../../usr/local/lib/android/sdk/platforms/android-35-ext14/data/res/values-pt-rPT-television: Cannot utime: Operation not permitted
build	Cache Android SDK	2026-06-06T12:22:44.2397077Z /usr/bin/tar: ../../../../../usr/local/lib/android/sdk/platforms/android-35-ext14/data/res/values-pt-rPT-television: Cannot change mode to rwxr-xr-x: Operation not permitted
build	Cache Android SDK	2026-06-06T12:22:44.2400421Z /usr/bin/tar: ../../../../../usr/local/lib/android/sdk/platforms/android-35-ext14/data/res/values-mcc302-mnc720-ur: Cannot utime: Operation not permitted
build	Cache Android SDK	2026-06-06T12:22:44.2400901Z /usr/bin/tar: ../../../../../usr/local/lib/android/sdk/platforms/android-35-ext14/data/res/values-mcc302-mnc720-ur: Cannot change mode to rwxr-xr-x: Operation not permitted
build	Cache Android SDK	2026-06-06T12:22:44.2768896Z /usr/bin/tar: ../../../../../usr/local/lib/android/sdk/platforms/android-35-ext14/data/res/drawable-xxhdpi: Cannot utime: Operation not permitted
build	Cache Android SDK	2026-06-06T12:22:44.2769963Z /usr/bin/tar: ../../../../../usr/local/lib/android/sdk/platforms/android-35-ext14/data/res/drawable-xxhdpi: Cannot change mode to rwxr-xr-x: Operation not permitted
build	Cache Android SDK	2026-06-06T12:22:44.2773495Z /usr/bin/tar: ../../../../../usr/local/lib/android/sdk/platforms/android-35-ext14/data/res/values-mcc310-mnc380-th: Cannot utime: Operation not permitted
build	Cache Android SDK	2026-06-06T12:22:44.2774614Z /usr/bin/tar: ../../../../../usr/local/lib/android/sdk/platforms/android-35-ext14/data/res/values-mcc310-mnc380-th: Cannot change mode to rwxr-xr-x: Operation not permitted
build	Cache Android SDK	2026-06-06T12:22:44.2781034Z /usr/bin/tar: ../../../../../usr/local/lib/android/sdk/platforms/android-35-ext14/data/res/values-mcc310-mnc380-en-rXC: Cannot utime: Operation not permitted
build	Cache Android SDK	2026-06-06T12:22:44.2782072Z /usr/bin/tar: ../../../../../usr/local/lib/android/sdk/platforms/android-35-ext14/data/res/values-mcc310-mnc380-en-rXC: Cannot change mode to rwxr-xr-x: Operation not permitted
build	Cache Android SDK	2026-06-06T12:22:44.2784973Z /usr/bin/tar: ../../../../../usr/local/lib/android/sdk/platforms/android-35-ext14/data/res/values-mcc310-mnc410-es: Cannot utime: Operation not permitted
build	Cache Android SDK	2026-06-06T12:22:44.2786022Z /usr/bin/tar: ../../../../../usr/local/lib/android/sdk/platforms/android-35-ext14/data/res/values-mcc310-mnc410-es: Cannot change mode to rwxr-xr-x: Operation not permitted
build	Cache Android SDK	2026-06-06T12:22:44.2789966Z /usr/bin/tar: ../../../../../usr/local/lib/android/sdk/platforms/android-35-ext14/data/res/values-mcc310-mnc660-pt-rBR: Cannot utime: Operation not permitted
build	Cache Android SDK	2026-06-06T12:22:44.2790988Z /usr/bin/tar: ../../../../../usr/local/lib/android/sdk/platforms/android-35-ext14/data/res/values-mcc310-mnc660-pt-rBR: Cannot change mode to rwxr-xr-x: Operation not permitted
build	Cache Android SDK	2026-06-06T12:22:44.2793926Z /usr/bin/tar: ../../../../../usr/local/lib/android/sdk/platforms/android-35-ext14/data/res/values-mcc310-mnc250-ka: Cannot utime: Operation not permitted
build	Cache Android SDK	2026-06-06T12:22:44.2794914Z /usr/bin/tar: ../../../../../usr/local/lib/android/sdk/platforms/android-35-ext14/data/res/values-mcc310-mnc250-ka: Cannot change mode to rwxr-xr-x: Operation not permitted
build	Cache Android SDK	2026-06-06T12:22:44.2796970Z /usr/bin/tar: ../../../../../usr/local/lib/android/sdk/platforms/android-35-ext14/data/res/values-mcc310-mnc800-lt: Cannot utime: Operation not permitted
build	Cache Android SDK	2026-06-06T12:22:44.2798090Z /usr/bin/tar: ../../../../../usr/local/lib/android/sdk/platforms/android-35-ext14/data/res/values-mcc310-mnc800-lt: Cannot change mode to rwxr-xr-x: Operation not permitted
build	Cache Android SDK	2026-06-06T12:22:44.2801315Z /usr/bin/tar: ../../../../../usr/local/lib/android/sdk/platforms/android-35-ext14/data/res/values-my-watch: Cannot utime: Operation not permitted
build	Cache Android SDK	2026-06-06T12:22:44.2802421Z /usr/bin/tar: ../../../../../usr/local/lib/android/sdk/platforms/android-35-ext14/data/res/values-my-watch: Cannot change mode to rwxr-xr-x: Operation not permitted
build	Cache Android SDK	2026-06-06T12:22:44.2804125Z /usr/bin/tar: ../../../../../usr/local/lib/android/sdk/platforms/android-35-ext14/data/res/values-mcc310-mnc950-sl: Cannot utime: Operation not permitted
build	Cache Android SDK	2026-06-06T12:22:44.2805113Z /usr/bin/tar: ../../../../../usr/local/lib/android/sdk/platforms/android-35-ext14/data/res/values-mcc310-mnc950-sl: Cannot change mode to rwxr-xr-x: Operation not permitted
build	Cache Android SDK	2026-06-06T12:22:44.2810431Z /usr/bin/tar: ../../../../../usr/local/lib/android/sdk/platforms/android-35-ext14/data/res/values-uz: Cannot utime: Operation not permitted
build	Cache Android SDK	2026-06-06T12:22:44.2811337Z /usr/bin/tar: ../../../../../usr/local/lib/android/sdk/platforms/android-35-ext14/data/res/values-uz: Cannot change mode to rwxr-xr-x: Operation not permitted
build	Cache Android SDK	2026-06-06T12:22:44.2813345Z /usr/bin/tar: ../../../../../usr/local/lib/android/sdk/platforms/android-35-ext14/data/res/values-mcc310-mnc380-mr: Cannot utime: Operation not permitted
build	Cache Android SDK	2026-06-06T12:22:44.2814302Z /usr/bin/tar: ../../../../../usr/local/lib/android/sdk/platforms/android-35-ext14/data/res/values-mcc310-mnc380-mr: Cannot change mode to rwxr-xr-x: Operation not permitted
build	Cache Android SDK	2026-06-06T12:22:44.2817028Z /usr/bin/tar: ../../../../../usr/local/lib/android/sdk/platforms/android-35-ext14/data/res/values-mcc310-mnc160-kk: Cannot utime: Operation not permitted
build	Cache Android SDK	2026-06-06T12:22:44.2818165Z /usr/bin/tar: ../../../../../usr/local/lib/android/sdk/platforms/android-35-ext14/data/res/values-mcc310-mnc160-kk: Cannot change mode to rwxr-xr-x: Operation not permitted
build	Cache Android SDK	2026-06-06T12:22:44.2821546Z /usr/bin/tar: ../../../../../usr/local/lib/android/sdk/platforms/android-35-ext14/data/res/values-mcc310-mnc240-is: Cannot utime: Operation not permitted
build	Cache Android SDK	2026-06-06T12:22:44.2822501Z /usr/bin/tar: ../../../../../usr/local/lib/android/sdk/platforms/android-35-ext14/data/res/values-mcc310-mnc240-is: Cannot change mode to rwxr-xr-x: Operation not permitted
build	Cache Android SDK	2026-06-06T12:22:44.2828251Z /usr/bin/tar: ../../../../../usr/local/lib/android/sdk/platforms/android-35-ext14/data/res/values-mcc313-mnc100: Cannot utime: Operation not permitted
build	Cache Android SDK	2026-06-06T12:22:44.2829211Z /usr/bin/tar: ../../../../../usr/local/lib/android/sdk/platforms/android-35-ext14/data/res/values-mcc313-mnc100: Cannot change mode to rwxr-xr-x: Operation not permitted
build	Cache Android SDK	2026-06-06T12:22:44.2832503Z /usr/bin/tar: ../../../../../usr/local/lib/android/sdk/platforms/android-35-ext14/data/res/values-mcc313-mnc100-mk: Cannot utime: Operation not permitted
build	Cache Android SDK	2026-06-06T12:22:44.2833469Z /usr/bin/tar: ../../../../../usr/local/lib/android/sdk/platforms/android-35-ext14/data/res/values-mcc313-mnc100-mk: Cannot change mode to rwxr-xr-x: Operation not permitted
build	Cache Android SDK	2026-06-06T12:22:44.2838927Z /usr/bin/tar: ../../../../../usr/local/lib/android/sdk/platforms/android-35-ext14/data/res/values-mcc310-mnc030-bg: Cannot utime: Operation not permitted
build	Cache Android SDK	2026-06-06T12:22:44.2839878Z /usr/bin/tar: ../../../../../usr/local/lib/android/sdk/platforms/android-35-ext14/data/res/values-mcc310-mnc030-bg: Cannot change mode to rwxr-xr-x: Operation not permitted
build	Cache Android SDK	2026-06-06T12:22:44.2844761Z /usr/bin/tar: ../../../../../usr/local/lib/android/sdk/platforms/android-35-ext14/data/res/values-hi-watch: Cannot utime: Operation not permitted
build	Cache Android SDK	2026-06-06T12:22:44.2845698Z /usr/bin/tar: ../../../../../usr/local/lib/android/sdk/platforms/android-35-ext14/data/res/values-hi-watch: Cannot change mode to rwxr-xr-x: Operation not permitted
build	Cache Android SDK	2026-06-06T12:22:44.2850111Z /usr/bin/tar: ../../../../../usr/local/lib/android/sdk/platforms/android-35-ext14/data/res/values-mcc310-mnc160-ru: Cannot utime: Operation not permitted
build	Cache Android SDK	2026-06-06T12:22:44.2851385Z /usr/bin/tar: ../../../../../usr/local/lib/android/sdk/platforms/android-35-ext14/data/res/values-mcc310-mnc160-ru: Cannot change mode to rwxr-xr-x: Operation not permitted
build	Cache Android SDK	2026-06-06T12:22:44.2868478Z /usr/bin/tar: ../../../../../usr/local/lib/android/sdk/platforms/android-35-ext14/data/res/values-mcc310-mnc240-km: Cannot utime: Operation not permitted
build	Cache Android SDK	2026-06-06T12:22:44.2869943Z /usr/bin/tar: ../../../../../usr/local/lib/android/sdk/platforms/android-35-ext14/data/res/values-mcc310-mnc240-km: Cannot change mode to rwxr-xr-x: Operation not permitted
build	Cache Android SDK	2026-06-06T12:22:44.2871154Z /usr/bin/tar: ../../../../../usr/local/lib/android/sdk/platforms/android-35-ext14/data/res/values-mcc310-mnc270-ro: Cannot utime: Operation not permitted
build	Cache Android SDK	2026-06-06T12:22:44.2872344Z /usr/bin/tar: ../../../../../usr/local/lib/android/sdk/platforms/android-35-ext14/data/res/values-mcc310-mnc270-ro: Cannot change mode to rwxr-xr-x: Operation not permitted
build	Cache Android SDK	2026-06-06T12:22:44.2873277Z /usr/bin/tar: ../../../../../usr/local/lib/android/sdk/platforms/android-35-ext14/data/res/values-ko-television: Cannot utime: Operation not permitted
build	Cache Android SDK	2026-06-06T12:22:44.2874201Z /usr/bin/tar: ../../../../../usr/local/lib/android/sdk/platforms/android-35-ext14/data/res/values-ko-television: Cannot change mode to rwxr-xr-x: Operation not permitted
build	Cache Android SDK	2026-06-06T12:22:44.2875179Z /usr/bin/tar: ../../../../../usr/local/lib/android/sdk/platforms/android-35-ext14/data/res/values-mcc310-mnc230-ja: Cannot utime: Operation not permitted
build	Cache Android SDK	2026-06-06T12:22:44.2876538Z /usr/bin/tar: ../../../../../usr/local/lib/android/sdk/platforms/android-35-ext14/data/res/values-mcc310-mnc230-ja: Cannot change mode to rwxr-xr-x: Operation not permitted
build	Cache Android SDK	2026-06-06T12:22:44.2877602Z /usr/bin/tar: ../../../../../usr/local/lib/android/sdk/platforms/android-35-ext14/data/res/values-mcc312-mnc670-kk: Cannot utime: Operation not permitted
build	Cache Android SDK	2026-06-06T12:22:44.2878538Z /usr/bin/tar: ../../../../../usr/local/lib/android/sdk/platforms/android-35-ext14/data/res/values-mcc312-mnc670-kk: Cannot change mode to rwxr-xr-x: Operation not permitted
build	Cache Android SDK	2026-06-06T12:22:44.2880618Z /usr/bin/tar: ../../../../../usr/local/lib/android/sdk/platforms/android-35-ext14/data/res/values-sw360dp: Cannot utime: Operation not permitted
build	Cache Android SDK	2026-06-06T12:22:44.2881537Z /usr/bin/tar: ../../../../../usr/local/lib/android/sdk/platforms/android-35-ext14/data/res/values-sw360dp: Cannot change mode to rwxr-xr-x: Operation not permitted
build	Cache Android SDK	2026-06-06T12:22:44.2884656Z /usr/bin/tar: ../../../../../usr/local/lib/android/sdk/platforms/android-35-ext14/data/res/values-mcc310-mnc150-sw: Cannot utime: Operation not permitted
build	Cache Android SDK	2026-06-06T12:22:44.2885611Z /usr/bin/tar: ../../../../../usr/local/lib/android/sdk/platforms/android-35-ext14/data/res/values-mcc310-mnc150-sw: Cannot change mode to rwxr-xr-x: Operation not permitted
build	Cache Android SDK	2026-06-06T12:22:44.2893066Z /usr/bin/tar: ../../../../../usr/local/lib/android/sdk/platforms/android-35-ext14/data/res/values-ar: Cannot utime: Operation not permitted
build	Cache Android SDK	2026-06-06T12:22:44.2893953Z /usr/bin/tar: ../../../../../usr/local/lib/android/sdk/platforms/android-35-ext14/data/res/values-ar: Cannot change mode to rwxr-xr-x: Operation not permitted
build	Cache Android SDK	2026-06-06T12:22:44.2897853Z /usr/bin/tar: ../../../../../usr/local/lib/android/sdk/platforms/android-35-ext14/data/res/values-mcc310-mnc660-en-rAU: Cannot utime: Operation not permitted
build	Cache Android SDK	2026-06-06T12:22:44.2898848Z /usr/bin/tar: ../../../../../usr/local/lib/android/sdk/platforms/android-35-ext14/data/res/values-mcc310-mnc660-en-rAU: Cannot change mode to rwxr-xr-x: Operation not permitted
build	Cache Android SDK	2026-06-06T12:22:44.2901690Z /usr/bin/tar: ../../../../../usr/local/lib/android/sdk/platforms/android-35-ext14/data/res/values-mcc310-mnc230-sw: Cannot utime: Operation not permitted
build	Cache Android SDK	2026-06-06T12:22:44.2902841Z /usr/bin/tar: ../../../../../usr/local/lib/android/sdk/platforms/android-35-ext14/data/res/values-mcc310-mnc230-sw: Cannot change mode to rwxr-xr-x: Operation not permitted
build	Cache Android SDK	2026-06-06T12:22:44.2905421Z /usr/bin/tar: ../../../../../usr/local/lib/android/sdk/platforms/android-35-ext14/data/res/values-mcc310-mnc280-ky: Cannot utime: Operation not permitted
build	Cache Android SDK	2026-06-06T12:22:44.2906376Z /usr/bin/tar: ../../../../../usr/local/lib/android/sdk/platforms/android-35-ext14/data/res/values-mcc310-mnc280-ky: Cannot change mode to rwxr-xr-x: Operation not permitted
build	Cache Android SDK	2026-06-06T12:22:44.2909312Z /usr/bin/tar: ../../../../../usr/local/lib/android/sdk/platforms/android-35-ext14/data/res/values-mcc310-mnc490-mk: Cannot utime: Operation not permitted
build	Cache Android SDK	2026-06-06T12:22:44.2910270Z /usr/bin/tar: ../../../../../usr/local/lib/android/sdk/platforms/android-35-ext14/data/res/values-mcc310-mnc490-mk: Cannot change mode to rwxr-xr-x: Operation not permitted
build	Cache Android SDK	2026-06-06T12:22:44.2913504Z /usr/bin/tar: ../../../../../usr/local/lib/android/sdk/platforms/android-35-ext14/data/res/values-mcc310-mnc200-fr: Cannot utime: Operation not permitted
build	Cache Android SDK	2026-06-06T12:22:44.2914470Z /usr/bin/tar: ../../../../../usr/local/lib/android/sdk/platforms/android-35-ext14/data/res/values-mcc310-mnc200-fr: Cannot change mode to rwxr-xr-x: Operation not permitted
build	Cache Android SDK	2026-06-06T12:22:44.2916665Z /usr/bin/tar: ../../../../../usr/local/lib/android/sdk/platforms/android-35-ext14/data/res/values-mcc310-mnc150-fi: Cannot utime: Operation not permitted
build	Cache Android SDK	2026-06-06T12:22:44.2917728Z /usr/bin/tar: ../../../../../usr/local/lib/android/sdk/platforms/android-35-ext14/data/res/values-mcc310-mnc150-fi: Cannot change mode to rwxr-xr-x: Operation not permitted
build	Cache Android SDK	2026-06-06T12:22:44.2920558Z /usr/bin/tar: ../../../../../usr/local/lib/android/sdk/platforms/android-35-ext14/data/res/values-mcc310-mnc560-kk: Cannot utime: Operation not permitted
build	Cache Android SDK	2026-06-06T12:22:44.2921517Z /usr/bin/tar: ../../../../../usr/local/lib/android/sdk/platforms/android-35-ext14/data/res/values-mcc310-mnc560-kk: Cannot change mode to rwxr-xr-x: Operation not permitted
build	Cache Android SDK	2026-06-06T12:22:44.2924047Z /usr/bin/tar: ../../../../../usr/local/lib/android/sdk/platforms/android-35-ext14/data/res/values-mcc310-mnc220-nl: Cannot utime: Operation not permitted
build	Cache Android SDK	2026-06-06T12:22:44.2925001Z /usr/bin/tar: ../../../../../usr/local/lib/android/sdk/platforms/android-35-ext14/data/res/values-mcc310-mnc220-nl: Cannot change mode to rwxr-xr-x: Operation not permitted
build	Cache Android SDK	2026-06-06T12:22:44.2929553Z /usr/bin/tar: ../../../../../usr/local/lib/android/sdk/platforms/android-35-ext14/data/res/values-mcc310-mnc800-bn: Cannot utime: Operation not permitted
build	Cache Android SDK	2026-06-06T12:22:44.2930509Z /usr/bin/tar: ../../../../../usr/local/lib/android/sdk/platforms/android-35-ext14/data/res/values-mcc310-mnc800-bn: Cannot change mode to rwxr-xr-x: Operation not permitted
build	Cache Android SDK	2026-06-06T12:22:44.2933315Z /usr/bin/tar: ../../../../../usr/local/lib/android/sdk/platforms/android-35-ext14/data/res/values-mcc310-mnc950-pt-rPT: Cannot utime: Operation not permitted
build	Cache Android SDK	2026-06-06T12:22:44.2934327Z /usr/bin/tar: ../../../../../usr/local/lib/android/sdk/platforms/android-35-ext14/data/res/values-mcc310-mnc950-pt-rPT: Cannot change mode to rwxr-xr-x: Operation not permitted
build	Cache Android SDK	2026-06-06T12:22:44.2937320Z /usr/bin/tar: ../../../../../usr/local/lib/android/sdk/platforms/android-35-ext14/data/res/values-mcc001-mnc01-de: Cannot utime: Operation not permitted
build	Cache Android SDK	2026-06-06T12:22:44.2938438Z /usr/bin/tar: ../../../../../usr/local/lib/android/sdk/platforms/android-35-ext14/data/res/values-mcc001-mnc01-de: Cannot change mode to rwxr-xr-x: Operation not permitted
build	Cache Android SDK	2026-06-06T12:22:44.2940999Z /usr/bin/tar: ../../../../../usr/local/lib/android/sdk/platforms/android-35-ext14/data/res/values-mcc310-mnc210-nb: Cannot utime: Operation not permitted
build	Cache Android SDK	2026-06-06T12:22:44.2941963Z /usr/bin/tar: ../../../../../usr/local/lib/android/sdk/platforms/android-35-ext14/data/res/values-mcc310-mnc210-nb: Cannot change mode to rwxr-xr-x: Operation not permitted
build	Cache Android SDK	2026-06-06T12:22:44.2951449Z /usr/bin/tar: ../../../../../usr/local/lib/android/sdk/platforms/android-35-ext14/data/res/values-fa: Cannot utime: Operation not permitted
build	Cache Android SDK	2026-06-06T12:22:44.2952548Z /usr/bin/tar: ../../../../../usr/local/lib/android/sdk/platforms/android-35-ext14/data/res/values-fa: Cannot change mode to rwxr-xr-x: Operation not permitted
build	Cache Android SDK	2026-06-06T12:22:44.2959655Z /usr/bin/tar: ../../../../../usr/local/lib/android/sdk/platforms/android-35-ext14/data/res/values-mcc310-mnc380-ms: Cannot utime: Operation not permitted
build	Cache Android SDK	2026-06-06T12:22:44.2960781Z /usr/bin/tar: ../../../../../usr/local/lib/android/sdk/platforms/android-35-ext14/data/res/values-mcc310-mnc380-ms: Cannot change mode to rwxr-xr-x: Operation not permitted
build	Cache Android SDK	2026-06-06T12:22:44.2964091Z /usr/bin/tar: ../../../../../usr/local/lib/android/sdk/platforms/android-35-ext14/data/res/values-mcc310-mnc310-tl: Cannot utime: Operation not permitted
build	Cache Android SDK	2026-06-06T12:22:44.2965240Z /usr/bin/tar: ../../../../../usr/local/lib/android/sdk/platforms/android-35-ext14/data/res/values-mcc310-mnc310-tl: Cannot change mode to rwxr-xr-x: Operation not permitted
build	Cache Android SDK	2026-06-06T12:22:44.2970521Z /usr/bin/tar: ../../../../../usr/local/lib/android/sdk/platforms/android-35-ext14/data/res/xml-mdpi: Cannot utime: Operation not permitted
build	Cache Android SDK	2026-06-06T12:22:44.2971391Z /usr/bin/tar: ../../../../../usr/local/lib/android/sdk/platforms/android-35-ext14/data/res/xml-mdpi: Cannot change mode to rwxr-xr-x: Operation not permitted
build	Cache Android SDK	2026-06-06T12:22:44.2976021Z /usr/bin/tar: ../../../../../usr/local/lib/android/sdk/platforms/android-35-ext14/data/res/values-mcc310-mnc150-zh-rTW: Cannot utime: Operation not permitted
build	Cache Android SDK	2026-06-06T12:22:44.2977822Z /usr/bin/tar: ../../../../../usr/local/lib/android/sdk/platforms/android-35-ext14/data/res/values-mcc310-mnc150-zh-rTW: Cannot change mode to rwxr-xr-x: Operation not permitted
build	Cache Android SDK	2026-06-06T12:22:44.2980966Z /usr/bin/tar: ../../../../../usr/local/lib/android/sdk/platforms/android-35-ext14/data/res/values-mcc334-mnc020-zh-rHK: Cannot utime: Operation not permitted
build	Cache Android SDK	2026-06-06T12:22:44.2981950Z /usr/bin/tar: ../../../../../usr/local/lib/android/sdk/platforms/android-35-ext14/data/res/values-mcc334-mnc020-zh-rHK: Cannot change mode to rwxr-xr-x: Operation not permitted
build	Cache Android SDK	2026-06-06T12:22:44.2986253Z /usr/bin/tar: ../../../../../usr/local/lib/android/sdk/platforms/android-35-ext14/data/res/values-mcc310-mnc250-es-rUS: Cannot utime: Operation not permitted
build	Cache Android SDK	2026-06-06T12:22:44.2987237Z /usr/bin/tar: ../../../../../usr/local/lib/android/sdk/platforms/android-35-ext14/data/res/values-mcc310-mnc250-es-rUS: Cannot change mode to rwxr-xr-x: Operation not permitted
build	Cache Android SDK	2026-06-06T12:22:44.2990630Z /usr/bin/tar: ../../../../../usr/local/lib/android/sdk/platforms/android-35-ext14/data/res/values-mcc310-mnc800-uz: Cannot utime: Operation not permitted
build	Cache Android SDK	2026-06-06T12:22:44.2991588Z /usr/bin/tar: ../../../../../usr/local/lib/android/sdk/platforms/android-35-ext14/data/res/values-mcc310-mnc800-uz: Cannot change mode to rwxr-xr-x: Operation not permitted
build	Cache Android SDK	2026-06-06T12:22:44.2994538Z /usr/bin/tar: ../../../../../usr/local/lib/android/sdk/platforms/android-35-ext14/data/res/values-mcc310-mnc660-th: Cannot utime: Operation not permitted
build	Cache Android SDK	2026-06-06T12:22:44.2995539Z /usr/bin/tar: ../../../../../usr/local/lib/android/sdk/platforms/android-35-ext14/data/res/values-mcc310-mnc660-th: Cannot change mode to rwxr-xr-x: Operation not permitted
build	Cache Android SDK	2026-06-06T12:22:44.3002790Z /usr/bin/tar: ../../../../../usr/local/lib/android/sdk/platforms/android-35-ext14/data/res/values-mcc310-mnc490-ru: Cannot utime: Operation not permitted
build	Cache Android SDK	2026-06-06T12:22:44.3003751Z /usr/bin/tar: ../../../../../usr/local/lib/android/sdk/platforms/android-35-ext14/data/res/values-mcc310-mnc490-ru: Cannot change mode to rwxr-xr-x: Operation not permitted
build	Cache Android SDK	2026-06-06T12:22:44.3006059Z /usr/bin/tar: ../../../../../usr/local/lib/android/sdk/platforms/android-35-ext14/data/res/values-mcc312-mnc670-in: Cannot utime: Operation not permitted
build	Cache Android SDK	2026-06-06T12:22:44.3007037Z /usr/bin/tar: ../../../../../usr/local/lib/android/sdk/platforms/android-35-ext14/data/res/values-mcc312-mnc670-in: Cannot change mode to rwxr-xr-x: Operation not permitted
build	Cache Android SDK	2026-06-06T12:22:44.3012077Z /usr/bin/tar: ../../../../../usr/local/lib/android/sdk/platforms/android-35-ext14/data/res/values-mcc310-mnc310-bn: Cannot utime: Operation not permitted
build	Cache Android SDK	2026-06-06T12:22:44.3013049Z /usr/bin/tar: ../../../../../usr/local/lib/android/sdk/platforms/android-35-ext14/data/res/values-mcc310-mnc310-bn: Cannot change mode to rwxr-xr-x: Operation not permitted
build	Cache Android SDK	2026-06-06T12:22:44.3015966Z /usr/bin/tar: ../../../../../usr/local/lib/android/sdk/platforms/android-35-ext14/data/res/values-mcc310-mnc280: Cannot utime: Operation not permitted
build	Cache Android SDK	2026-06-06T12:22:44.3016928Z /usr/bin/tar: ../../../../../usr/local/lib/android/sdk/platforms/android-35-ext14/data/res/values-mcc310-mnc280: Cannot change mode to rwxr-xr-x: Operation not permitted
build	Cache Android SDK	2026-06-06T12:22:44.3020913Z /usr/bin/tar: ../../../../../usr/local/lib/android/sdk/platforms/android-35-ext14/data/res/values-mcc310-mnc310-ca: Cannot utime: Operation not permitted
build	Cache Android SDK	2026-06-06T12:22:44.3021858Z /usr/bin/tar: ../../../../../usr/local/lib/android/sdk/platforms/android-35-ext14/data/res/values-mcc310-mnc310-ca: Cannot change mode to rwxr-xr-x: Operation not permitted
build	Cache Android SDK	2026-06-06T12:22:44.3025860Z /usr/bin/tar: ../../../../../usr/local/lib/android/sdk/platforms/android-35-ext14/data/res/values-mcc310-mnc490-gu: Cannot utime: Operation not permitted
build	Cache Android SDK	2026-06-06T12:22:44.3026810Z /usr/bin/tar: ../../../../../usr/local/lib/android/sdk/platforms/android-35-ext14/data/res/values-mcc310-mnc490-gu: Cannot change mode to rwxr-xr-x: Operation not permitted
build	Cache Android SDK	2026-06-06T12:22:44.3029522Z /usr/bin/tar: ../../../../../usr/local/lib/android/sdk/platforms/android-35-ext14/data/res/values-mcc334-mnc020-as: Cannot utime: Operation not permitted
build	Cache Android SDK	2026-06-06T12:22:44.3030463Z /usr/bin/tar: ../../../../../usr/local/lib/android/sdk/platforms/android-35-ext14/data/res/values-mcc334-mnc020-as: Cannot change mode to rwxr-xr-x: Operation not permitted
build	Cache Android SDK	2026-06-06T12:22:44.3036104Z /usr/bin/tar: ../../../../../usr/local/lib/android/sdk/platforms/android-35-ext14/data/res/values-mcc001-mnc01-th: Cannot utime: Operation not permitted
build	Cache Android SDK	2026-06-06T12:22:44.3037058Z /usr/bin/tar: ../../../../../usr/local/lib/android/sdk/platforms/android-35-ext14/data/res/values-mcc001-mnc01-th: Cannot change mode to rwxr-xr-x: Operation not permitted
build	Cache Android SDK	2026-06-06T12:22:44.3040444Z /usr/bin/tar: ../../../../../usr/local/lib/android/sdk/platforms/android-35-ext14/data/res/values-mcc310-mnc150-iw: Cannot utime: Operation not permitted
build	Cache Android SDK	2026-06-06T12:22:44.3041392Z /usr/bin/tar: ../../../../../usr/local/lib/android/sdk/platforms/android-35-ext14/data/res/values-mcc310-mnc150-iw: Cannot change mode to rwxr-xr-x: Operation not permitted
build	Cache Android SDK	2026-06-06T12:22:44.3044509Z /usr/bin/tar: ../../../../../usr/local/lib/android/sdk/platforms/android-35-ext14/data/res/values-mcc440-mnc20: Cannot utime: Operation not permitted
build	Cache Android SDK	2026-06-06T12:22:44.3045450Z /usr/bin/tar: ../../../../../usr/local/lib/android/sdk/platforms/android-35-ext14/data/res/values-mcc440-mnc20: Cannot change mode to rwxr-xr-x: Operation not permitted
build	Cache Android SDK	2026-06-06T12:22:44.3049963Z /usr/bin/tar: ../../../../../usr/local/lib/android/sdk/platforms/android-35-ext14/data/res/values-mcc310-mnc030-ky: Cannot utime: Operation not permitted
build	Cache Android SDK	2026-06-06T12:22:44.3050911Z /usr/bin/tar: ../../../../../usr/local/lib/android/sdk/platforms/android-35-ext14/data/res/values-mcc310-mnc030-ky: Cannot change mode to rwxr-xr-x: Operation not permitted
build	Cache Android SDK	2026-06-06T12:22:44.3056782Z /usr/bin/tar: ../../../../../usr/local/lib/android/sdk/platforms/android-35-ext14/data/res/values-mcc230: Cannot utime: Operation not permitted
build	Cache Android SDK	2026-06-06T12:22:44.3057796Z /usr/bin/tar: ../../../../../usr/local/lib/android/sdk/platforms/android-35-ext14/data/res/values-mcc230: Cannot change mode to rwxr-xr-x: Operation not permitted
build	Cache Android SDK	2026-06-06T12:22:44.3066528Z /usr/bin/tar: ../../../../../usr/local/lib/android/sdk/platforms/android-35-ext14/data/res/values-mcc310-mnc800-mk: Cannot utime: Operation not permitted
build	Cache Android SDK	2026-06-06T12:22:44.3068006Z /usr/bin/tar: ../../../../../usr/local/lib/android/sdk/platforms/android-35-ext14/data/res/values-mcc310-mnc800-mk: Cannot change mode to rwxr-xr-x: Operation not permitted
build	Cache Android SDK	2026-06-06T12:22:44.3073191Z /usr/bin/tar: ../../../../../usr/local/lib/android/sdk/platforms/android-35-ext14/data/res/values-mcc310-mnc410-th: Cannot utime: Operation not permitted
build	Cache Android SDK	2026-06-06T12:22:44.3074147Z /usr/bin/tar: ../../../../../usr/local/lib/android/sdk/platforms/android-35-ext14/data/res/values-mcc310-mnc410-th: Cannot change mode to rwxr-xr-x: Operation not permitted
build	Cache Android SDK	2026-06-06T12:22:44.3079977Z /usr/bin/tar: ../../../../../usr/local/lib/android/sdk/platforms/android-35-ext14/data/res/values-mcc310-mnc200-mr: Cannot utime: Operation not permitted
build	Cache Android SDK	2026-06-06T12:22:44.3080936Z /usr/bin/tar: ../../../../../usr/local/lib/android/sdk/platforms/android-35-ext14/data/res/values-mcc310-mnc200-mr: Cannot change mode to rwxr-xr-x: Operation not permitted
build	Cache Android SDK	2026-06-06T12:22:44.3621759Z /usr/bin/tar: ../../../../../usr/local/lib/android/sdk/platforms/android-35-ext14/data/res/drawable-hdpi: Cannot utime: Operation not permitted
build	Cache Android SDK	2026-06-06T12:22:44.3622782Z /usr/bin/tar: ../../../../../usr/local/lib/android/sdk/platforms/android-35-ext14/data/res/drawable-hdpi: Cannot change mode to rwxr-xr-x: Operation not permitted
build	Cache Android SDK	2026-06-06T12:22:44.3624041Z /usr/bin/tar: ../../../../../usr/local/lib/android/sdk/platforms/android-35-ext14/data/res/values-mcc310-mnc380-pl: Cannot utime: Operation not permitted
build	Cache Android SDK	2026-06-06T12:22:44.3625027Z /usr/bin/tar: ../../../../../usr/local/lib/android/sdk/platforms/android-35-ext14/data/res/values-mcc310-mnc380-pl: Cannot change mode to rwxr-xr-x: Operation not permitted
build	Cache Android SDK	2026-06-06T12:22:44.3626914Z /usr/bin/tar: ../../../../../usr/local/lib/android/sdk/platforms/android-35-ext14/data/res/values-mcc312-mnc670-th: Cannot utime: Operation not permitted
build	Cache Android SDK	2026-06-06T12:22:44.3628028Z /usr/bin/tar: ../../../../../usr/local/lib/android/sdk/platforms/android-35-ext14/data/res/values-mcc312-mnc670-th: Cannot change mode to rwxr-xr-x: Operation not permitted
build	Cache Android SDK	2026-06-06T12:22:44.3631075Z /usr/bin/tar: ../../../../../usr/local/lib/android/sdk/platforms/android-35-ext14/data/res/values-pa-television: Cannot utime: Operation not permitted
build	Cache Android SDK	2026-06-06T12:22:44.3632159Z /usr/bin/tar: ../../../../../usr/local/lib/android/sdk/platforms/android-35-ext14/data/res/values-pa-television: Cannot change mode to rwxr-xr-x: Operation not permitted
build	Cache Android SDK	2026-06-06T12:22:44.3634752Z /usr/bin/tar: ../../../../../usr/local/lib/android/sdk/platforms/android-35-ext14/data/res/values-mcc310-mnc030-uz: Cannot utime: Operation not permitted
build	Cache Android SDK	2026-06-06T12:22:44.3635708Z /usr/bin/tar: ../../../../../usr/local/lib/android/sdk/platforms/android-35-ext14/data/res/values-mcc310-mnc030-uz: Cannot change mode to rwxr-xr-x: Operation not permitted
build	Cache Android SDK	2026-06-06T12:22:44.3638071Z /usr/bin/tar: ../../../../../usr/local/lib/android/sdk/platforms/android-35-ext14/data/res/values-mcc716-mnc06: Cannot utime: Operation not permitted
build	Cache Android SDK	2026-06-06T12:22:44.3639163Z /usr/bin/tar: ../../../../../usr/local/lib/android/sdk/platforms/android-35-ext14/data/res/values-mcc716-mnc06: Cannot change mode to rwxr-xr-x: Operation not permitted
build	Cache Android SDK	2026-06-06T12:22:44.3641270Z /usr/bin/tar: ../../../../../usr/local/lib/android/sdk/platforms/android-35-ext14/data/res/values-es-rPE: Cannot utime: Operation not permitted
build	Cache Android SDK	2026-06-06T12:22:44.3642319Z /usr/bin/tar: ../../../../../usr/local/lib/android/sdk/platforms/android-35-ext14/data/res/values-es-rPE: Cannot change mode to rwxr-xr-x: Operation not permitted
build	Cache Android SDK	2026-06-06T12:22:44.3644667Z /usr/bin/tar: ../../../../../usr/local/lib/android/sdk/platforms/android-35-ext14/data/res/values-mcc001-mnc01-my: Cannot utime: Operation not permitted
build	Cache Android SDK	2026-06-06T12:22:44.3645664Z /usr/bin/tar: ../../../../../usr/local/lib/android/sdk/platforms/android-35-ext14/data/res/values-mcc001-mnc01-my: Cannot change mode to rwxr-xr-x: Operation not permitted
build	Cache Android SDK	2026-06-06T12:22:44.3647930Z /usr/bin/tar: ../../../../../usr/local/lib/android/sdk/platforms/android-35-ext14/data/res/values-mcc302-mnc720-si: Cannot utime: Operation not permitted
build	Cache Android SDK	2026-06-06T12:22:44.3649208Z /usr/bin/tar: ../../../../../usr/local/lib/android/sdk/platforms/android-35-ext14/data/res/values-mcc302-mnc720-si: Cannot change mode to rwxr-xr-x: Operation not permitted
build	Cache Android SDK	2026-06-06T12:22:44.3650967Z /usr/bin/tar: ../../../../../usr/local/lib/android/sdk/platforms/android-35-ext14/data/res/values-mcc310-mnc170-eu: Cannot utime: Operation not permitted
build	Cache Android SDK	2026-06-06T12:22:44.3651922Z /usr/bin/tar: ../../../../../usr/local/lib/android/sdk/platforms/android-35-ext14/data/res/values-mcc310-mnc170-eu: Cannot change mode to rwxr-xr-x: Operation not permitted
build	Cache Android SDK	2026-06-06T12:22:44.3654366Z /usr/bin/tar: ../../../../../usr/local/lib/android/sdk/platforms/android-35-ext14/data/res/values-mcc310-mnc560-vi: Cannot utime: Operation not permitted
build	Cache Android SDK	2026-06-06T12:22:44.3655422Z /usr/bin/tar: ../../../../../usr/local/lib/android/sdk/platforms/android-35-ext14/data/res/values-mcc310-mnc560-vi: Cannot change mode to rwxr-xr-x: Operation not permitted
build	Cache Android SDK	2026-06-06T12:22:44.3657639Z /usr/bin/tar: ../../../../../usr/local/lib/android/sdk/platforms/android-35-ext14/data/res/values-mcc310-mnc380-et: Cannot utime: Operation not permitted
build	Cache Android SDK	2026-06-06T12:22:44.3658581Z /usr/bin/tar: ../../../../../usr/local/lib/android/sdk/platforms/android-35-ext14/data/res/values-mcc310-mnc380-et: Cannot change mode to rwxr-xr-x: Operation not permitted
build	Cache Android SDK	2026-06-06T12:22:44.3660840Z /usr/bin/tar: ../../../../../usr/local/lib/android/sdk/platforms/android-35-ext14/data/res/values-mcc310-mnc800-lo: Cannot utime: Operation not permitted
build	Cache Android SDK	2026-06-06T12:22:44.3661786Z /usr/bin/tar: ../../../../../usr/local/lib/android/sdk/platforms/android-35-ext14/data/res/values-mcc310-mnc800-lo: Cannot change mode to rwxr-xr-x: Operation not permitted
build	Cache Android SDK	2026-06-06T12:22:44.3663846Z /usr/bin/tar: ../../../../../usr/local/lib/android/sdk/platforms/android-35-ext14/data/res/values-mcc310-mnc200-ar: Cannot utime: Operation not permitted
build	Cache Android SDK	2026-06-06T12:22:44.3664793Z /usr/bin/tar: ../../../../../usr/local/lib/android/sdk/platforms/android-35-ext14/data/res/values-mcc310-mnc200-ar: Cannot change mode to rwxr-xr-x: Operation not permitted
build	Cache Android SDK	2026-06-06T12:22:44.3667137Z /usr/bin/tar: ../../../../../usr/local/lib/android/sdk/platforms/android-35-ext14/data/res/values-mcc310-mnc490-ar: Cannot utime: Operation not permitted
build	Cache Android SDK	2026-06-06T12:22:44.3668197Z /usr/bin/tar: ../../../../../usr/local/lib/android/sdk/platforms/android-35-ext14/data/res/values-mcc310-mnc490-ar: Cannot change mode to rwxr-xr-x: Operation not permitted
build	Cache Android SDK	2026-06-06T12:22:44.3670453Z /usr/bin/tar: ../../../../../usr/local/lib/android/sdk/platforms/android-35-ext14/data/res/values-mcc310-mnc310-si: Cannot utime: Operation not permitted
build	Cache Android SDK	2026-06-06T12:22:44.3671396Z /usr/bin/tar: ../../../../../usr/local/lib/android/sdk/platforms/android-35-ext14/data/res/values-mcc310-mnc310-si: Cannot change mode to rwxr-xr-x: Operation not permitted
build	Cache Android SDK	2026-06-06T12:22:44.3673863Z /usr/bin/tar: ../../../../../usr/local/lib/android/sdk/platforms/android-35-ext14/data/res/values-mcc310-mnc410-te: Cannot utime: Operation not permitted
build	Cache Android SDK	2026-06-06T12:22:44.3674811Z /usr/bin/tar: ../../../../../usr/local/lib/android/sdk/platforms/android-35-ext14/data/res/values-mcc310-mnc410-te: Cannot change mode to rwxr-xr-x: Operation not permitted
build	Cache Android SDK	2026-06-06T12:22:44.3677082Z /usr/bin/tar: ../../../../../usr/local/lib/android/sdk/platforms/android-35-ext14/data/res/values-mcc312-mnc670-cs: Cannot utime: Operation not permitted
build	Cache Android SDK	2026-06-06T12:22:44.3678135Z /usr/bin/tar: ../../../../../usr/local/lib/android/sdk/platforms/android-35-ext14/data/res/values-mcc312-mnc670-cs: Cannot change mode to rwxr-xr-x: Operation not permitted
build	Cache Android SDK	2026-06-06T12:22:44.3684227Z /usr/bin/tar: ../../../../../usr/local/lib/android/sdk/platforms/android-35-ext14/data/res/values-mcc310-mnc410-lv: Cannot utime: Operation not permitted
build	Cache Android SDK	2026-06-06T12:22:44.3685666Z /usr/bin/tar: ../../../../../usr/local/lib/android/sdk/platforms/android-35-ext14/data/res/values-mcc310-mnc410-lv: Cannot change mode to rwxr-xr-x: Operation not permitted
build	Cache Android SDK	2026-06-06T12:22:44.3688416Z /usr/bin/tar: ../../../../../usr/local/lib/android/sdk/platforms/android-35-ext14/data/res/values-mcc310-mnc660-en-rGB: Cannot utime: Operation not permitted
build	Cache Android SDK	2026-06-06T12:22:44.3689444Z /usr/bin/tar: ../../../../../usr/local/lib/android/sdk/platforms/android-35-ext14/data/res/values-mcc310-mnc660-en-rGB: Cannot change mode to rwxr-xr-x: Operation not permitted
build	Cache Android SDK	2026-06-06T12:22:44.3692244Z /usr/bin/tar: ../../../../../usr/local/lib/android/sdk/platforms/android-35-ext14/data/res/values-mcc310-mnc230-zh-rHK: Cannot utime: Operation not permitted
build	Cache Android SDK	2026-06-06T12:22:44.3693220Z /usr/bin/tar: ../../../../../usr/local/lib/android/sdk/platforms/android-35-ext14/data/res/values-mcc310-mnc230-zh-rHK: Cannot change mode to rwxr-xr-x: Operation not permitted
build	Cache Android SDK	2026-06-06T12:22:44.3697736Z /usr/bin/tar: ../../../../../usr/local/lib/android/sdk/platforms/android-35-ext14/data/res/values-mcc310-mnc280-in: Cannot utime: Operation not permitted
build	Cache Android SDK	2026-06-06T12:22:44.3698708Z /usr/bin/tar: ../../../../../usr/local/lib/android/sdk/platforms/android-35-ext14/data/res/values-mcc310-mnc280-in: Cannot change mode to rwxr-xr-x: Operation not permitted
build	Cache Android SDK	2026-06-06T12:22:44.3705245Z /usr/bin/tar: ../../../../../usr/local/lib/android/sdk/platforms/android-35-ext14/data/res/values-mcc313-mnc100-mn: Cannot utime: Operation not permitted
build	Cache Android SDK	2026-06-06T12:22:44.3706197Z /usr/bin/tar: ../../../../../usr/local/lib/android/sdk/platforms/android-35-ext14/data/res/values-mcc313-mnc100-mn: Cannot change mode to rwxr-xr-x: Operation not permitted
build	Cache Android SDK	2026-06-06T12:22:44.3713605Z /usr/bin/tar: ../../../../../usr/local/lib/android/sdk/platforms/android-35-ext14/data/res/values-zh-rCN: Cannot utime: Operation not permitted
build	Cache Android SDK	2026-06-06T12:22:44.3714616Z /usr/bin/tar: ../../../../../usr/local/lib/android/sdk/platforms/android-35-ext14/data/res/values-zh-rCN: Cannot change mode to rwxr-xr-x: Operation not permitted
build	Cache Android SDK	2026-06-06T12:22:44.3716715Z /usr/bin/tar: ../../../../../usr/local/lib/android/sdk/platforms/android-35-ext14/data/res/values-mcc310-mnc310-nb: Cannot utime: Operation not permitted
build	Cache Android SDK	2026-06-06T12:22:44.3718179Z /usr/bin/tar: ../../../../../usr/local/lib/android/sdk/platforms/android-35-ext14/data/res/values-mcc310-mnc310-nb: Cannot change mode to rwxr-xr-x: Operation not permitted
build	Cache Android SDK	2026-06-06T12:22:44.3720093Z /usr/bin/tar: ../../../../../usr/local/lib/android/sdk/platforms/android-35-ext14/data/res/values-mcc310-mnc230-my: Cannot utime: Operation not permitted
build	Cache Android SDK	2026-06-06T12:22:44.3721159Z /usr/bin/tar: ../../../../../usr/local/lib/android/sdk/platforms/android-35-ext14/data/res/values-mcc310-mnc230-my: Cannot change mode to rwxr-xr-x: Operation not permitted
build	Cache Android SDK	2026-06-06T12:22:44.3726848Z /usr/bin/tar: ../../../../../usr/local/lib/android/sdk/platforms/android-35-ext14/data/res/values-mcc302-mnc720-bs: Cannot utime: Operation not permitted
build	Cache Android SDK	2026-06-06T12:22:44.3728241Z /usr/bin/tar: ../../../../../usr/local/lib/android/sdk/platforms/android-35-ext14/data/res/values-mcc302-mnc720-bs: Cannot change mode to rwxr-xr-x: Operation not permitted
build	Cache Android SDK	2026-06-06T12:22:44.3733480Z /usr/bin/tar: ../../../../../usr/local/lib/android/sdk/platforms/android-35-ext14/data/res/values-fi-watch: Cannot utime: Operation not permitted
build	Cache Android SDK	2026-06-06T12:22:44.3734472Z /usr/bin/tar: ../../../../../usr/local/lib/android/sdk/platforms/android-35-ext14/data/res/values-fi-watch: Cannot change mode to rwxr-xr-x: Operation not permitted
build	Cache Android SDK	2026-06-06T12:22:44.3737135Z /usr/bin/tar: ../../../../../usr/local/lib/android/sdk/platforms/android-35-ext14/data/res/values-mcc310-mnc270-mr: Cannot utime: Operation not permitted
build	Cache Android SDK	2026-06-06T12:22:44.3738281Z /usr/bin/tar: ../../../../../usr/local/lib/android/sdk/platforms/android-35-ext14/data/res/values-mcc310-mnc270-mr: Cannot change mode to rwxr-xr-x: Operation not permitted
build	Cache Android SDK	2026-06-06T12:22:44.3741492Z /usr/bin/tar: ../../../../../usr/local/lib/android/sdk/platforms/android-35-ext14/data/res/values-mcc310-mnc280-lv: Cannot utime: Operation not permitted
build	Cache Android SDK	2026-06-06T12:22:44.3742484Z /usr/bin/tar: ../../../../../usr/local/lib/android/sdk/platforms/android-35-ext14/data/res/values-mcc310-mnc280-lv: Cannot change mode to rwxr-xr-x: Operation not permitted
build	Cache Android SDK	2026-06-06T12:22:44.3745866Z /usr/bin/tar: ../../../../../usr/local/lib/android/sdk/platforms/android-35-ext14/data/res/values-mcc310-mnc270-az: Cannot utime: Operation not permitted
build	Cache Android SDK	2026-06-06T12:22:44.3746841Z /usr/bin/tar: ../../../../../usr/local/lib/android/sdk/platforms/android-35-ext14/data/res/values-mcc310-mnc270-az: Cannot change mode to rwxr-xr-x: Operation not permitted
build	Cache Android SDK	2026-06-06T12:22:44.3750224Z /usr/bin/tar: ../../../../../usr/local/lib/android/sdk/platforms/android-35-ext14/data/res/values-mcc310-mnc560-ne: Cannot utime: Operation not permitted
build	Cache Android SDK	2026-06-06T12:22:44.3751546Z /usr/bin/tar: ../../../../../usr/local/lib/android/sdk/platforms/android-35-ext14/data/res/values-mcc310-mnc560-ne: Cannot change mode to rwxr-xr-x: Operation not permitted
build	Cache Android SDK	2026-06-06T12:22:44.3754405Z /usr/bin/tar: ../../../../../usr/local/lib/android/sdk/platforms/android-35-ext14/data/res/values-mcc312-mnc670-ur: Cannot utime: Operation not permitted
build	Cache Android SDK	2026-06-06T12:22:44.3755387Z /usr/bin/tar: ../../../../../usr/local/lib/android/sdk/platforms/android-35-ext14/data/res/values-mcc312-mnc670-ur: Cannot change mode to rwxr-xr-x: Operation not permitted
build	Cache Android SDK	2026-06-06T12:22:44.3759188Z /usr/bin/tar: ../../../../../usr/local/lib/android/sdk/platforms/android-35-ext14/data/res/values-mcc310-mnc380-te: Cannot utime: Operation not permitted
build	Cache Android SDK	2026-06-06T12:22:44.3760160Z /usr/bin/tar: ../../../../../usr/local/lib/android/sdk/platforms/android-35-ext14/data/res/values-mcc310-mnc380-te: Cannot change mode to rwxr-xr-x: Operation not permitted
build	Cache Android SDK	2026-06-06T12:22:44.3765497Z /usr/bin/tar: ../../../../../usr/local/lib/android/sdk/platforms/android-35-ext14/data/res/values-mcc310-mnc270-ur: Cannot utime: Operation not permitted
build	Cache Android SDK	2026-06-06T12:22:44.3766495Z /usr/bin/tar: ../../../../../usr/local/lib/android/sdk/platforms/android-35-ext14/data/res/values-mcc310-mnc270-ur: Cannot change mode to rwxr-xr-x: Operation not permitted
build	Cache Android SDK	2026-06-06T12:22:44.3769922Z /usr/bin/tar: ../../../../../usr/local/lib/android/sdk/platforms/android-35-ext14/data/res/values-mcc310-mnc800-ru: Cannot utime: Operation not permitted
build	Cache Android SDK	2026-06-06T12:22:44.3770894Z /usr/bin/tar: ../../../../../usr/local/lib/android/sdk/platforms/android-35-ext14/data/res/values-mcc310-mnc800-ru: Cannot change mode to rwxr-xr-x: Operation not permitted
build	Cache Android SDK	2026-06-06T12:22:44.3772894Z /usr/bin/tar: ../../../../../usr/local/lib/android/sdk/platforms/android-35-ext14/data/res/values-mcc310-mnc560-zh-rHK: Cannot utime: Operation not permitted
build	Cache Android SDK	2026-06-06T12:22:44.3773919Z /usr/bin/tar: ../../../../../usr/local/lib/android/sdk/platforms/android-35-ext14/data/res/values-mcc310-mnc560-zh-rHK: Cannot change mode to rwxr-xr-x: Operation not permitted
build	Cache Android SDK	2026-06-06T12:22:44.3776204Z /usr/bin/tar: ../../../../../usr/local/lib/android/sdk/platforms/android-35-ext14/data/res/values-mcc001-mnc01-ro: Cannot utime: Operation not permitted
build	Cache Android SDK	2026-06-06T12:22:44.3777162Z /usr/bin/tar: ../../../../../usr/local/lib/android/sdk/platforms/android-35-ext14/data/res/values-mcc001-mnc01-ro: Cannot change mode to rwxr-xr-x: Operation not permitted
build	Cache Android SDK	2026-06-06T12:22:44.3780816Z /usr/bin/tar: ../../../../../usr/local/lib/android/sdk/platforms/android-35-ext14/data/res/values-mcc310-mnc150-ko: Cannot utime: Operation not permitted
build	Cache Android SDK	2026-06-06T12:22:44.3781790Z /usr/bin/tar: ../../../../../usr/local/lib/android/sdk/platforms/android-35-ext14/data/res/values-mcc310-mnc150-ko: Cannot change mode to rwxr-xr-x: Operation not permitted
build	Cache Android SDK	2026-06-06T12:22:44.3788823Z /usr/bin/tar: ../../../../../usr/local/lib/android/sdk/platforms/android-35-ext14/data/res/values-mcc310-mnc150-sr: Cannot utime: Operation not permitted
build	Cache Android SDK	2026-06-06T12:22:44.3789942Z /usr/bin/tar: ../../../../../usr/local/lib/android/sdk/platforms/android-35-ext14/data/res/values-mcc310-mnc150-sr: Cannot change mode to rwxr-xr-x: Operation not permitted
build	Cache Android SDK	2026-06-06T12:22:44.3791725Z /usr/bin/tar: ../../../../../usr/local/lib/android/sdk/platforms/android-35-ext14/data/res/values-mcc704-mnc03: Cannot utime: Operation not permitted
build	Cache Android SDK	2026-06-06T12:22:44.3792821Z /usr/bin/tar: ../../../../../usr/local/lib/android/sdk/platforms/android-35-ext14/data/res/values-mcc704-mnc03: Cannot change mode to rwxr-xr-x: Operation not permitted
build	Cache Android SDK	2026-06-06T12:22:44.3795567Z /usr/bin/tar: ../../../../../usr/local/lib/android/sdk/platforms/android-35-ext14/data/res/values-mcc310-mnc220-it: Cannot utime: Operation not permitted
build	Cache Android SDK	2026-06-06T12:22:44.3796535Z /usr/bin/tar: ../../../../../usr/local/lib/android/sdk/platforms/android-35-ext14/data/res/values-mcc310-mnc220-it: Cannot change mode to rwxr-xr-x: Operation not permitted
build	Cache Android SDK	2026-06-06T12:22:44.3800407Z /usr/bin/tar: ../../../../../usr/local/lib/android/sdk/platforms/android-35-ext14/data/res/values-mcc310-mnc230-ka: Cannot utime: Operation not permitted
build	Cache Android SDK	2026-06-06T12:22:44.3801506Z /usr/bin/tar: ../../../../../usr/local/lib/android/sdk/platforms/android-35-ext14/data/res/values-mcc310-mnc230-ka: Cannot change mode to rwxr-xr-x: Operation not permitted
build	Cache Android SDK	2026-06-06T12:22:44.3804005Z /usr/bin/tar: ../../../../../usr/local/lib/android/sdk/platforms/android-35-ext14/data/res/values-bn-watch: Cannot utime: Operation not permitted
build	Cache Android SDK	2026-06-06T12:22:44.3804936Z /usr/bin/tar: ../../../../../usr/local/lib/android/sdk/platforms/android-35-ext14/data/res/values-bn-watch: Cannot change mode to rwxr-xr-x: Operation not permitted
build	Cache Android SDK	2026-06-06T12:22:44.3806849Z /usr/bin/tar: ../../../../../usr/local/lib/android/sdk/platforms/android-35-ext14/data/res/values-mcc302-mnc370-pt-rBR: Cannot utime: Operation not permitted
build	Cache Android SDK	2026-06-06T12:22:44.3808053Z /usr/bin/tar: ../../../../../usr/local/lib/android/sdk/platforms/android-35-ext14/data/res/values-mcc302-mnc370-pt-rBR: Cannot change mode to rwxr-xr-x: Operation not permitted
build	Cache Android SDK	2026-06-06T12:22:44.3811695Z /usr/bin/tar: ../../../../../usr/local/lib/android/sdk/platforms/android-35-ext14/data/res/mipmap-xxhdpi: Cannot utime: Operation not permitted
build	Cache Android SDK	2026-06-06T12:22:44.3812624Z /usr/bin/tar: ../../../../../usr/local/lib/android/sdk/platforms/android-35-ext14/data/res/mipmap-xxhdpi: Cannot change mode to rwxr-xr-x: Operation not permitted
build	Cache Android SDK	2026-06-06T12:22:44.3817050Z /usr/bin/tar: ../../../../../usr/local/lib/android/sdk/platforms/android-35-ext14/data/res/values-mcc311-mnc180-ja: Cannot utime: Operation not permitted
build	Cache Android SDK	2026-06-06T12:22:44.3818232Z /usr/bin/tar: ../../../../../usr/local/lib/android/sdk/platforms/android-35-ext14/data/res/values-mcc311-mnc180-ja: Cannot change mode to rwxr-xr-x: Operation not permitted
build	Cache Android SDK	2026-06-06T12:22:44.3820695Z /usr/bin/tar: ../../../../../usr/local/lib/android/sdk/platforms/android-35-ext14/data/res/values-sl-watch: Cannot utime: Operation not permitted
build	Cache Android SDK	2026-06-06T12:22:44.3821611Z /usr/bin/tar: ../../../../../usr/local/lib/android/sdk/platforms/android-35-ext14/data/res/values-sl-watch: Cannot change mode to rwxr-xr-x: Operation not permitted
build	Cache Android SDK	2026-06-06T12:22:44.3823762Z /usr/bin/tar: ../../../../../usr/local/lib/android/sdk/platforms/android-35-ext14/data/res/values-mcc310-mnc270-th: Cannot utime: Operation not permitted
build	Cache Android SDK	2026-06-06T12:22:44.3824729Z /usr/bin/tar: ../../../../../usr/local/lib/android/sdk/platforms/android-35-ext14/data/res/values-mcc310-mnc270-th: Cannot change mode to rwxr-xr-x: Operation not permitted
build	Cache Android SDK	2026-06-06T12:22:44.3828063Z /usr/bin/tar: ../../../../../usr/local/lib/android/sdk/platforms/android-35-ext14/data/res/values-mcc310-mnc660-zh-rHK: Cannot utime: Operation not permitted
build	Cache Android SDK	2026-06-06T12:22:44.3829063Z /usr/bin/tar: ../../../../../usr/local/lib/android/sdk/platforms/android-35-ext14/data/res/values-mcc310-mnc660-zh-rHK: Cannot change mode to rwxr-xr-x: Operation not permitted
build	Cache Android SDK	2026-06-06T12:22:44.3831691Z /usr/bin/tar: ../../../../../usr/local/lib/android/sdk/platforms/android-35-ext14/data/res/values-mcc334-mnc020-be: Cannot utime: Operation not permitted
build	Cache Android SDK	2026-06-06T12:22:44.3832668Z /usr/bin/tar: ../../../../../usr/local/lib/android/sdk/platforms/android-35-ext14/data/res/values-mcc334-mnc020-be: Cannot change mode to rwxr-xr-x: Operation not permitted
build	Cache Android SDK	2026-06-06T12:22:44.3835635Z /usr/bin/tar: ../../../../../usr/local/lib/android/sdk/platforms/android-35-ext14/data/res/values-mcc310-mnc270-fi: Cannot utime: Operation not permitted
build	Cache Android SDK	2026-06-06T12:22:44.3836595Z /usr/bin/tar: ../../../../../usr/local/lib/android/sdk/platforms/android-35-ext14/data/res/values-mcc310-mnc270-fi: Cannot change mode to rwxr-xr-x: Operation not permitted
build	Cache Android SDK	2026-06-06T12:22:44.3840112Z /usr/bin/tar: ../../../../../usr/local/lib/android/sdk/platforms/android-35-ext14/data/res/values-mcc334: Cannot utime: Operation not permitted
build	Cache Android SDK	2026-06-06T12:22:44.3841033Z /usr/bin/tar: ../../../../../usr/local/lib/android/sdk/platforms/android-35-ext14/data/res/values-mcc334: Cannot change mode to rwxr-xr-x: Operation not permitted
build	Cache Android SDK	2026-06-06T12:22:44.3843687Z /usr/bin/tar: ../../../../../usr/local/lib/android/sdk/platforms/android-35-ext14/data/res/values-mcc310-mnc800-az: Cannot utime: Operation not permitted
build	Cache Android SDK	2026-06-06T12:22:44.3844829Z /usr/bin/tar: ../../../../../usr/local/lib/android/sdk/platforms/android-35-ext14/data/res/values-mcc310-mnc800-az: Cannot change mode to rwxr-xr-x: Operation not permitted
build	Cache Android SDK	2026-06-06T12:22:44.3851285Z /usr/bin/tar: ../../../../../usr/local/lib/android/sdk/platforms/android-35-ext14/data/res/values-mcc310-mnc280-es: Cannot utime: Operation not permitted
build	Cache Android SDK	2026-06-06T12:22:44.3852267Z /usr/bin/tar: ../../../../../usr/local/lib/android/sdk/platforms/android-35-ext14/data/res/values-mcc310-mnc280-es: Cannot change mode to rwxr-xr-x: Operation not permitted
build	Cache Android SDK	2026-06-06T12:22:44.3856690Z /usr/bin/tar: ../../../../../usr/local/lib/android/sdk/platforms/android-35-ext14/data/res/values-mcc310-mnc200-hu: Cannot utime: Operation not permitted
build	Cache Android SDK	2026-06-06T12:22:44.3857872Z /usr/bin/tar: ../../../../../usr/local/lib/android/sdk/platforms/android-35-ext14/data/res/values-mcc310-mnc200-hu: Cannot change mode to rwxr-xr-x: Operation not permitted
build	Cache Android SDK	2026-06-06T12:22:44.3861280Z /usr/bin/tar: ../../../../../usr/local/lib/android/sdk/platforms/android-35-ext14/data/res/values-ur-television: Cannot utime: Operation not permitted
build	Cache Android SDK	2026-06-06T12:22:44.3862251Z /usr/bin/tar: ../../../../../usr/local/lib/android/sdk/platforms/android-35-ext14/data/res/values-ur-television: Cannot change mode to rwxr-xr-x: Operation not permitted
build	Cache Android SDK	2026-06-06T12:22:44.3865156Z /usr/bin/tar: ../../../../../usr/local/lib/android/sdk/platforms/android-35-ext14/data/res/values-mcc001-mnc01-sv: Cannot utime: Operation not permitted
build	Cache Android SDK	2026-06-06T12:22:44.3866156Z /usr/bin/tar: ../../../../../usr/local/lib/android/sdk/platforms/android-35-ext14/data/res/values-mcc001-mnc01-sv: Cannot change mode to rwxr-xr-x: Operation not permitted
build	Cache Android SDK	2026-06-06T12:22:44.3869053Z /usr/bin/tar: ../../../../../usr/local/lib/android/sdk/platforms/android-35-ext14/data/res/values-mcc302-mnc370-kn: Cannot utime: Operation not permitted
build	Cache Android SDK	2026-06-06T12:22:44.3870046Z /usr/bin/tar: ../../../../../usr/local/lib/android/sdk/platforms/android-35-ext14/data/res/values-mcc302-mnc370-kn: Cannot change mode to rwxr-xr-x: Operation not permitted
build	Cache Android SDK	2026-06-06T12:22:44.3872757Z /usr/bin/tar: ../../../../../usr/local/lib/android/sdk/platforms/android-35-ext14/data/res/values-en-rCA-watch: Cannot utime: Operation not permitted
build	Cache Android SDK	2026-06-06T12:22:44.3873708Z /usr/bin/tar: ../../../../../usr/local/lib/android/sdk/platforms/android-35-ext14/data/res/values-en-rCA-watch: Cannot change mode to rwxr-xr-x: Operation not permitted
build	Cache Android SDK	2026-06-06T12:22:44.3876520Z /usr/bin/tar: ../../../../../usr/local/lib/android/sdk/platforms/android-35-ext14/data/res/values-mcc310-mnc250-fi: Cannot utime: Operation not permitted
build	Cache Android SDK	2026-06-06T12:22:44.3877664Z /usr/bin/tar: ../../../../../usr/local/lib/android/sdk/platforms/android-35-ext14/data/res/values-mcc310-mnc250-fi: Cannot change mode to rwxr-xr-x: Operation not permitted
build	Cache Android SDK	2026-06-06T12:22:44.3880756Z /usr/bin/tar: ../../../../../usr/local/lib/android/sdk/platforms/android-35-ext14/data/res/values-mcc001-mnc01-tl: Cannot utime: Operation not permitted
build	Cache Android SDK	2026-06-06T12:22:44.3881735Z /usr/bin/tar: ../../../../../usr/local/lib/android/sdk/platforms/android-35-ext14/data/res/values-mcc001-mnc01-tl: Cannot change mode to rwxr-xr-x: Operation not permitted
build	Cache Android SDK	2026-06-06T12:22:44.3885050Z /usr/bin/tar: ../../../../../usr/local/lib/android/sdk/platforms/android-35-ext14/data/res/values-it-rCH: Cannot utime: Operation not permitted
build	Cache Android SDK	2026-06-06T12:22:44.3885961Z /usr/bin/tar: ../../../../../usr/local/lib/android/sdk/platforms/android-35-ext14/data/res/values-it-rCH: Cannot change mode to rwxr-xr-x: Operation not permitted
build	Cache Android SDK	2026-06-06T12:22:44.3893842Z /usr/bin/tar: ../../../../../usr/local/lib/android/sdk/platforms/android-35-ext14/data/res/values-mcc310-mnc950-kn: Cannot utime: Operation not permitted
build	Cache Android SDK	2026-06-06T12:22:44.3895049Z /usr/bin/tar: ../../../../../usr/local/lib/android/sdk/platforms/android-35-ext14/data/res/values-mcc310-mnc950-kn: Cannot change mode to rwxr-xr-x: Operation not permitted
build	Cache Android SDK	2026-06-06T12:22:44.3897835Z /usr/bin/tar: ../../../../../usr/local/lib/android/sdk/platforms/android-35-ext14/data/res/values-mcc302-mnc720-ja: Cannot utime: Operation not permitted
build	Cache Android SDK	2026-06-06T12:22:44.3898822Z /usr/bin/tar: ../../../../../usr/local/lib/android/sdk/platforms/android-35-ext14/data/res/values-mcc302-mnc720-ja: Cannot change mode to rwxr-xr-x: Operation not permitted
build	Cache Android SDK	2026-06-06T12:22:44.3901946Z /usr/bin/tar: ../../../../../usr/local/lib/android/sdk/platforms/android-35-ext14/data/res/values-mcc302-mnc720-ca: Cannot utime: Operation not permitted
build	Cache Android SDK	2026-06-06T12:22:44.3902912Z /usr/bin/tar: ../../../../../usr/local/lib/android/sdk/platforms/android-35-ext14/data/res/values-mcc302-mnc720-ca: Cannot change mode to rwxr-xr-x: Operation not permitted
build	Cache Android SDK	2026-06-06T12:22:44.3908368Z /usr/bin/tar: ../../../../../usr/local/lib/android/sdk/platforms/android-35-ext14/data/res/values-de-rCH: Cannot utime: Operation not permitted
build	Cache Android SDK	2026-06-06T12:22:44.3909279Z /usr/bin/tar: ../../../../../usr/local/lib/android/sdk/platforms/android-35-ext14/data/res/values-de-rCH: Cannot change mode to rwxr-xr-x: Operation not permitted
build	Cache Android SDK	2026-06-06T12:22:44.3914373Z /usr/bin/tar: ../../../../../usr/local/lib/android/sdk/platforms/android-35-ext14/data/res/values-mcc310-mnc210-kn: Cannot utime: Operation not permitted
build	Cache Android SDK	2026-06-06T12:22:44.3915330Z /usr/bin/tar: ../../../../../usr/local/lib/android/sdk/platforms/android-35-ext14/data/res/values-mcc310-mnc210-kn: Cannot change mode to rwxr-xr-x: Operation not permitted
build	Cache Android SDK	2026-06-06T12:22:44.3920646Z /usr/bin/tar: ../../../../../usr/local/lib/android/sdk/platforms/android-35-ext14/data/res/values-mcc310-mnc250-ar: Cannot utime: Operation not permitted
build	Cache Android SDK	2026-06-06T12:22:44.3921618Z /usr/bin/tar: ../../../../../usr/local/lib/android/sdk/platforms/android-35-ext14/data/res/values-mcc310-mnc250-ar: Cannot change mode to rwxr-xr-x: Operation not permitted
build	Cache Android SDK	2026-06-06T12:22:44.3924072Z /usr/bin/tar: ../../../../../usr/local/lib/android/sdk/platforms/android-35-ext14/data/res/values-mcc310-mnc030-kn: Cannot utime: Operation not permitted
build	Cache Android SDK	2026-06-06T12:22:44.3925025Z /usr/bin/tar: ../../../../../usr/local/lib/android/sdk/platforms/android-35-ext14/data/res/values-mcc310-mnc030-kn: Cannot change mode to rwxr-xr-x: Operation not permitted
build	Cache Android SDK	2026-06-06T12:22:44.3928212Z /usr/bin/tar: ../../../../../usr/local/lib/android/sdk/platforms/android-35-ext14/data/res/values-w210dp-round-watch: Cannot utime: Operation not permitted
build	Cache Android SDK	2026-06-06T12:22:44.3929215Z /usr/bin/tar: ../../../../../usr/local/lib/android/sdk/platforms/android-35-ext14/data/res/values-w210dp-round-watch: Cannot change mode to rwxr-xr-x: Operation not permitted
build	Cache Android SDK	2026-06-06T12:22:44.3931550Z /usr/bin/tar: ../../../../../usr/local/lib/android/sdk/platforms/android-35-ext14/data/res/values-mcc310-mnc200-ka: Cannot utime: Operation not permitted
build	Cache Android SDK	2026-06-06T12:22:44.3932519Z /usr/bin/tar: ../../../../../usr/local/lib/android/sdk/platforms/android-35-ext14/data/res/values-mcc310-mnc200-ka: Cannot change mode to rwxr-xr-x: Operation not permitted
build	Cache Android SDK	2026-06-06T12:22:44.3935206Z /usr/bin/tar: ../../../../../usr/local/lib/android/sdk/platforms/android-35-ext14/data/res/values-mcc310-mnc380-pa: Cannot utime: Operation not permitted
build	Cache Android SDK	2026-06-06T12:22:44.3936393Z /usr/bin/tar: ../../../../../usr/local/lib/android/sdk/platforms/android-35-ext14/data/res/values-mcc310-mnc380-pa: Cannot change mode to rwxr-xr-x: Operation not permitted
build	Cache Android SDK	2026-06-06T12:22:44.3938723Z /usr/bin/tar: ../../../../../usr/local/lib/android/sdk/platforms/android-35-ext14/data/res/values-mcc302-mnc720-sr: Cannot utime: Operation not permitted
build	Cache Android SDK	2026-06-06T12:22:44.3939686Z /usr/bin/tar: ../../../../../usr/local/lib/android/sdk/platforms/android-35-ext14/data/res/values-mcc302-mnc720-sr: Cannot change mode to rwxr-xr-x: Operation not permitted
build	Cache Android SDK	2026-06-06T12:22:44.3944874Z /usr/bin/tar: ../../../../../usr/local/lib/android/sdk/platforms/android-35-ext14/data/res/values-mcc310-mnc800-ka: Cannot utime: Operation not permitted
build	Cache Android SDK	2026-06-06T12:22:44.3945822Z /usr/bin/tar: ../../../../../usr/local/lib/android/sdk/platforms/android-35-ext14/data/res/values-mcc310-mnc800-ka: Cannot change mode to rwxr-xr-x: Operation not permitted
build	Cache Android SDK	2026-06-06T12:22:44.3949030Z /usr/bin/tar: ../../../../../usr/local/lib/android/sdk/platforms/android-35-ext14/data/res/values-mcc310-mnc660-nl: Cannot utime: Operation not permitted
build	Cache Android SDK	2026-06-06T12:22:44.3949983Z /usr/bin/tar: ../../../../../usr/local/lib/android/sdk/platforms/android-35-ext14/data/res/values-mcc310-mnc660-nl: Cannot change mode to rwxr-xr-x: Operation not permitted
build	Cache Android SDK	2026-06-06T12:22:44.3953857Z /usr/bin/tar: ../../../../../usr/local/lib/android/sdk/platforms/android-35-ext14/data/res/values-mcc310-mnc030-zh-rHK: Cannot utime: Operation not permitted
build	Cache Android SDK	2026-06-06T12:22:44.3954849Z /usr/bin/tar: ../../../../../usr/local/lib/android/sdk/platforms/android-35-ext14/data/res/values-mcc310-mnc030-zh-rHK: Cannot change mode to rwxr-xr-x: Operation not permitted
build	Cache Android SDK	2026-06-06T12:22:44.3957145Z /usr/bin/tar: ../../../../../usr/local/lib/android/sdk/platforms/android-35-ext14/data/res/values-mcc302-mnc370-sv: Cannot utime: Operation not permitted
build	Cache Android SDK	2026-06-06T12:22:44.3958228Z /usr/bin/tar: ../../../../../usr/local/lib/android/sdk/platforms/android-35-ext14/data/res/values-mcc302-mnc370-sv: Cannot change mode to rwxr-xr-x: Operation not permitted
build	Cache Android SDK	2026-06-06T12:22:44.3960438Z /usr/bin/tar: ../../../../../usr/local/lib/android/sdk/platforms/android-35-ext14/data/res/values-mcc310-mnc170-fa: Cannot utime: Operation not permitted
build	Cache Android SDK	2026-06-06T12:22:44.3961394Z /usr/bin/tar: ../../../../../usr/local/lib/android/sdk/platforms/android-35-ext14/data/res/values-mcc310-mnc170-fa: Cannot change mode to rwxr-xr-x: Operation not permitted
build	Cache Android SDK	2026-06-06T12:22:44.3964365Z /usr/bin/tar: ../../../../../usr/local/lib/android/sdk/platforms/android-35-ext14/data/res/values-port: Cannot utime: Operation not permitted
build	Cache Android SDK	2026-06-06T12:22:44.3966009Z /usr/bin/tar: ../../../../../usr/local/lib/android/sdk/platforms/android-35-ext14/data/res/values-port: Cannot change mode to rwxr-xr-x: Operation not permitted
build	Cache Android SDK	2026-06-06T12:22:44.3967488Z /usr/bin/tar: ../../../../../usr/local/lib/android/sdk/platforms/android-35-ext14/data/res/drawable-en-hdpi: Cannot utime: Operation not permitted
build	Cache Android SDK	2026-06-06T12:22:44.3968419Z /usr/bin/tar: ../../../../../usr/local/lib/android/sdk/platforms/android-35-ext14/data/res/drawable-en-hdpi: Cannot change mode to rwxr-xr-x: Operation not permitted
build	Cache Android SDK	2026-06-06T12:22:44.3970552Z /usr/bin/tar: ../../../../../usr/local/lib/android/sdk/platforms/android-35-ext14/data/res/values-mcc310-mnc230-mn: Cannot utime: Operation not permitted
build	Cache Android SDK	2026-06-06T12:22:44.3971512Z /usr/bin/tar: ../../../../../usr/local/lib/android/sdk/platforms/android-35-ext14/data/res/values-mcc310-mnc230-mn: Cannot change mode to rwxr-xr-x: Operation not permitted
build	Cache Android SDK	2026-06-06T12:22:44.3977769Z /usr/bin/tar: ../../../../../usr/local/lib/android/sdk/platforms/android-35-ext14/data/res/values-es: Cannot utime: Operation not permitted
build	Cache Android SDK	2026-06-06T12:22:44.3978667Z /usr/bin/tar: ../../../../../usr/local/lib/android/sdk/platforms/android-35-ext14/data/res/values-es: Cannot change mode to rwxr-xr-x: Operation not permitted
build	Cache Android SDK	2026-06-06T12:22:44.3980628Z /usr/bin/tar: ../../../../../usr/local/lib/android/sdk/platforms/android-35-ext14/data/res/values-mcc310-mnc800-km: Cannot utime: Operation not permitted
build	Cache Android SDK	2026-06-06T12:22:44.3981780Z /usr/bin/tar: ../../../../../usr/local/lib/android/sdk/platforms/android-35-ext14/data/res/values-mcc310-mnc800-km: Cannot change mode to rwxr-xr-x: Operation not permitted
build	Cache Android SDK	2026-06-06T12:22:44.3984108Z /usr/bin/tar: ../../../../../usr/local/lib/android/sdk/platforms/android-35-ext14/data/res/values-mcc334-mnc020-en-rAU: Cannot utime: Operation not permitted
build	Cache Android SDK	2026-06-06T12:22:44.3985091Z /usr/bin/tar: ../../../../../usr/local/lib/android/sdk/platforms/android-35-ext14/data/res/values-mcc334-mnc020-en-rAU: Cannot change mode to rwxr-xr-x: Operation not permitted
build	Cache Android SDK	2026-06-06T12:22:44.3987118Z /usr/bin/tar: ../../../../../usr/local/lib/android/sdk/platforms/android-35-ext14/data/res/values-mcc310-mnc170-tl: Cannot utime: Operation not permitted
build	Cache Android SDK	2026-06-06T12:22:44.3988296Z /usr/bin/tar: ../../../../../usr/local/lib/android/sdk/platforms/android-35-ext14/data/res/values-mcc310-mnc170-tl: Cannot change mode to rwxr-xr-x: Operation not permitted
build	Cache Android SDK	2026-06-06T12:22:44.3990466Z /usr/bin/tar: ../../../../../usr/local/lib/android/sdk/platforms/android-35-ext14/data/res/values-mcc311-mnc180-lt: Cannot utime: Operation not permitted
build	Cache Android SDK	2026-06-06T12:22:44.3991431Z /usr/bin/tar: ../../../../../usr/local/lib/android/sdk/platforms/android-35-ext14/data/res/values-mcc311-mnc180-lt: Cannot change mode to rwxr-xr-x: Operation not permitted
build	Cache Android SDK	2026-06-06T12:22:44.3993785Z /usr/bin/tar: ../../../../../usr/local/lib/android/sdk/platforms/android-35-ext14/data/res/values-en-rIN-television: Cannot utime: Operation not permitted
build	Cache Android SDK	2026-06-06T12:22:44.3994763Z /usr/bin/tar: ../../../../../usr/local/lib/android/sdk/platforms/android-35-ext14/data/res/values-en-rIN-television: Cannot change mode to rwxr-xr-x: Operation not permitted
build	Cache Android SDK	2026-06-06T12:22:44.3998229Z /usr/bin/tar: ../../../../../usr/local/lib/android/sdk/platforms/android-35-ext14/data/res/values-mcc310-mnc270-nl: Cannot utime: Operation not permitted
build	Cache Android SDK	2026-06-06T12:22:44.3999198Z /usr/bin/tar: ../../../../../usr/local/lib/android/sdk/platforms/android-35-ext14/data/res/values-mcc310-mnc270-nl: Cannot change mode to rwxr-xr-x: Operation not permitted
build	Cache Android SDK	2026-06-06T12:22:44.4001820Z /usr/bin/tar: ../../../../../usr/local/lib/android/sdk/platforms/android-35-ext14/data/res/values-mcc334-mnc020-hu: Cannot utime: Operation not permitted
build	Cache Android SDK	2026-06-06T12:22:44.4002771Z /usr/bin/tar: ../../../../../usr/local/lib/android/sdk/platforms/android-35-ext14/data/res/values-mcc334-mnc020-hu: Cannot change mode to rwxr-xr-x: Operation not permitted
build	Cache Android SDK	2026-06-06T12:22:44.4005016Z /usr/bin/tar: ../../../../../usr/local/lib/android/sdk/platforms/android-35-ext14/data/res/values-mcc310-mnc220-gl: Cannot utime: Operation not permitted
build	Cache Android SDK	2026-06-06T12:22:44.4005968Z /usr/bin/tar: ../../../../../usr/local/lib/android/sdk/platforms/android-35-ext14/data/res/values-mcc310-mnc220-gl: Cannot change mode to rwxr-xr-x: Operation not permitted
build	Cache Android SDK	2026-06-06T12:22:44.4009254Z /usr/bin/tar: ../../../../../usr/local/lib/android/sdk/platforms/android-35-ext14/data/res/values-mcc310-mnc220-zh-rHK: Cannot utime: Operation not permitted
build	Cache Android SDK	2026-06-06T12:22:44.4010263Z /usr/bin/tar: ../../../../../usr/local/lib/android/sdk/platforms/android-35-ext14/data/res/values-mcc310-mnc220-zh-rHK: Cannot change mode to rwxr-xr-x: Operation not permitted
build	Cache Android SDK	2026-06-06T12:22:44.4012774Z /usr/bin/tar: ../../../../../usr/local/lib/android/sdk/platforms/android-35-ext14/data/res/values-sw720dp-w1280dp: Cannot utime: Operation not permitted
build	Cache Android SDK	2026-06-06T12:22:44.4013736Z /usr/bin/tar: ../../../../../usr/local/lib/android/sdk/platforms/android-35-ext14/data/res/values-sw720dp-w1280dp: Cannot change mode to rwxr-xr-x: Operation not permitted
build	Cache Android SDK	2026-06-06T12:22:44.4016511Z /usr/bin/tar: ../../../../../usr/local/lib/android/sdk/platforms/android-35-ext14/data/res/values-mcc310-mnc030-pt-rPT: Cannot utime: Operation not permitted
build	Cache Android SDK	2026-06-06T12:22:44.4018298Z /usr/bin/tar: ../../../../../usr/local/lib/android/sdk/platforms/android-35-ext14/data/res/values-mcc310-mnc030-pt-rPT: Cannot change mode to rwxr-xr-x: Operation not permitted
build	Cache Android SDK	2026-06-06T12:22:44.4019585Z /usr/bin/tar: ../../../../../usr/local/lib/android/sdk/platforms/android-35-ext14/data/res/values-mcc313-mnc100-ca: Cannot utime: Operation not permitted
build	Cache Android SDK	2026-06-06T12:22:44.4020641Z /usr/bin/tar: ../../../../../usr/local/lib/android/sdk/platforms/android-35-ext14/data/res/values-mcc313-mnc100-ca: Cannot change mode to rwxr-xr-x: Operation not permitted
build	Cache Android SDK	2026-06-06T12:22:44.4023356Z /usr/bin/tar: ../../../../../usr/local/lib/android/sdk/platforms/android-35-ext14/data/res/values-mcc310-mnc660-de: Cannot utime: Operation not permitted
build	Cache Android SDK	2026-06-06T12:22:44.4024330Z /usr/bin/tar: ../../../../../usr/local/lib/android/sdk/platforms/android-35-ext14/data/res/values-mcc310-mnc660-de: Cannot change mode to rwxr-xr-x: Operation not permitted
build	Cache Android SDK	2026-06-06T12:22:44.4026522Z /usr/bin/tar: ../../../../../usr/local/lib/android/sdk/platforms/android-35-ext14/data/res/values-mcc310-mnc160-fr-rCA: Cannot utime: Operation not permitted
build	Cache Android SDK	2026-06-06T12:22:44.4027641Z /usr/bin/tar: ../../../../../usr/local/lib/android/sdk/platforms/android-35-ext14/data/res/values-mcc310-mnc160-fr-rCA: Cannot change mode to rwxr-xr-x: Operation not permitted
build	Cache Android SDK	2026-06-06T12:22:44.4030597Z /usr/bin/tar: ../../../../../usr/local/lib/android/sdk/platforms/android-35-ext14/data/res/values-mcc312-mnc670-or: Cannot utime: Operation not permitted
build	Cache Android SDK	2026-06-06T12:22:44.4031554Z /usr/bin/tar: ../../../../../usr/local/lib/android/sdk/platforms/android-35-ext14/data/res/values-mcc312-mnc670-or: Cannot change mode to rwxr-xr-x: Operation not permitted
build	Cache Android SDK	2026-06-06T12:22:44.4033901Z /usr/bin/tar: ../../../../../usr/local/lib/android/sdk/platforms/android-35-ext14/data/res/values-mcc310-mnc210-da: Cannot utime: Operation not permitted
build	Cache Android SDK	2026-06-06T12:22:44.4034858Z /usr/bin/tar: ../../../../../usr/local/lib/android/sdk/platforms/android-35-ext14/data/res/values-mcc310-mnc210-da: Cannot change mode to rwxr-xr-x: Operation not permitted
build	Cache Android SDK	2026-06-06T12:22:44.4037296Z /usr/bin/tar: ../../../../../usr/local/lib/android/sdk/platforms/android-35-ext14/data/res/values-mcc310-mnc310-sk: Cannot utime: Operation not permitted
build	Cache Android SDK	2026-06-06T12:22:44.4038348Z /usr/bin/tar: ../../../../../usr/local/lib/android/sdk/platforms/android-35-ext14/data/res/values-mcc310-mnc310-sk: Cannot change mode to rwxr-xr-x: Operation not permitted
build	Cache Android SDK	2026-06-06T12:22:44.4040759Z /usr/bin/tar: ../../../../../usr/local/lib/android/sdk/platforms/android-35-ext14/data/res/values-mcc310-mnc200-in: Cannot utime: Operation not permitted
build	Cache Android SDK	2026-06-06T12:22:44.4041709Z /usr/bin/tar: ../../../../../usr/local/lib/android/sdk/platforms/android-35-ext14/data/res/values-mcc310-mnc200-in: Cannot change mode to rwxr-xr-x: Operation not permitted
build	Cache Android SDK	2026-06-06T12:22:44.4044205Z /usr/bin/tar: ../../../../../usr/local/lib/android/sdk/platforms/android-35-ext14/data/res/values-mcc310-mnc170-af: Cannot utime: Operation not permitted
build	Cache Android SDK	2026-06-06T12:22:44.4045175Z /usr/bin/tar: ../../../../../usr/local/lib/android/sdk/platforms/android-35-ext14/data/res/values-mcc310-mnc170-af: Cannot change mode to rwxr-xr-x: Operation not permitted
build	Cache Android SDK	2026-06-06T12:22:44.4051772Z /usr/bin/tar: ../../../../../usr/local/lib/android/sdk/platforms/android-35-ext14/data/res/values-hu: Cannot utime: Operation not permitted
build	Cache Android SDK	2026-06-06T12:22:44.4052717Z /usr/bin/tar: ../../../../../usr/local/lib/android/sdk/platforms/android-35-ext14/data/res/values-hu: Cannot change mode to rwxr-xr-x: Operation not permitted
build	Cache Android SDK	2026-06-06T12:22:44.4055392Z /usr/bin/tar: ../../../../../usr/local/lib/android/sdk/platforms/android-35-ext14/data/res/values-mcc310-mnc950-en-rXC: Cannot utime: Operation not permitted
build	Cache Android SDK	2026-06-06T12:22:44.4056924Z /usr/bin/tar: ../../../../../usr/local/lib/android/sdk/platforms/android-35-ext14/data/res/values-mcc310-mnc950-en-rXC: Cannot change mode to rwxr-xr-x: Operation not permitted
build	Cache Android SDK	2026-06-06T12:22:44.4058457Z /usr/bin/tar: ../../../../../usr/local/lib/android/sdk/platforms/android-35-ext14/data/res/values-mcc310: Cannot utime: Operation not permitted
build	Cache Android SDK	2026-06-06T12:22:44.4059606Z /usr/bin/tar: ../../../../../usr/local/lib/android/sdk/platforms/android-35-ext14/data/res/values-mcc310: Cannot change mode to rwxr-xr-x: Operation not permitted
build	Cache Android SDK	2026-06-06T12:22:44.4061274Z /usr/bin/tar: ../../../../../usr/local/lib/android/sdk/platforms/android-35-ext14/data/res/values-mcc312-mnc670-fi: Cannot utime: Operation not permitted
build	Cache Android SDK	2026-06-06T12:22:44.4062256Z /usr/bin/tar: ../../../../../usr/local/lib/android/sdk/platforms/android-35-ext14/data/res/values-mcc312-mnc670-fi: Cannot change mode to rwxr-xr-x: Operation not permitted
build	Cache Android SDK	2026-06-06T12:22:44.4064864Z /usr/bin/tar: ../../../../../usr/local/lib/android/sdk/platforms/android-35-ext14/data/res/values-es-rUS-television: Cannot utime: Operation not permitted
build	Cache Android SDK	2026-06-06T12:22:44.4065863Z /usr/bin/tar: ../../../../../usr/local/lib/android/sdk/platforms/android-35-ext14/data/res/values-es-rUS-television: Cannot change mode to rwxr-xr-x: Operation not permitted
build	Cache Android SDK	2026-06-06T12:22:44.4068276Z /usr/bin/tar: ../../../../../usr/local/lib/android/sdk/platforms/android-35-ext14/data/res/values-mcc310-mnc950-mn: Cannot utime: Operation not permitted
build	Cache Android SDK	2026-06-06T12:22:44.4069264Z /usr/bin/tar: ../../../../../usr/local/lib/android/sdk/platforms/android-35-ext14/data/res/values-mcc310-mnc950-mn: Cannot change mode to rwxr-xr-x: Operation not permitted
build	Cache Android SDK	2026-06-06T12:22:44.4071360Z /usr/bin/tar: ../../../../../usr/local/lib/android/sdk/platforms/android-35-ext14/data/res/values-mcc310-mnc660-et: Cannot utime: Operation not permitted
build	Cache Android SDK	2026-06-06T12:22:44.4074939Z /usr/bin/tar: ../../../../../usr/local/lib/android/sdk/platforms/android-35-ext14/data/res/values-mcc310-mnc660-et: Cannot change mode to rwxr-xr-x: Operation not permitted
build	Cache Android SDK	2026-06-06T12:22:44.4075904Z /usr/bin/tar: ../../../../../usr/local/lib/android/sdk/platforms/android-35-ext14/data/res/values-mcc310-mnc210-ar: Cannot utime: Operation not permitted
build	Cache Android SDK	2026-06-06T12:22:44.4076867Z /usr/bin/tar: ../../../../../usr/local/lib/android/sdk/platforms/android-35-ext14/data/res/values-mcc310-mnc210-ar: Cannot change mode to rwxr-xr-x: Operation not permitted
build	Cache Android SDK	2026-06-06T12:22:44.4078338Z /usr/bin/tar: ../../../../../usr/local/lib/android/sdk/platforms/android-35-ext14/data/res/values-mcc310-mnc270-hi: Cannot utime: Operation not permitted
build	Cache Android SDK	2026-06-06T12:22:44.4079381Z /usr/bin/tar: ../../../../../usr/local/lib/android/sdk/platforms/android-35-ext14/data/res/values-mcc310-mnc270-hi: Cannot change mode to rwxr-xr-x: Operation not permitted
build	Cache Android SDK	2026-06-06T12:22:44.4081865Z /usr/bin/tar: ../../../../../usr/local/lib/android/sdk/platforms/android-35-ext14/data/res/values-mcc311-mnc180-in: Cannot utime: Operation not permitted
build	Cache Android SDK	2026-06-06T12:22:44.4082835Z /usr/bin/tar: ../../../../../usr/local/lib/android/sdk/platforms/android-35-ext14/data/res/values-mcc311-mnc180-in: Cannot change mode to rwxr-xr-x: Operation not permitted
build	Cache Android SDK	2026-06-06T12:22:44.4085325Z /usr/bin/tar: ../../../../../usr/local/lib/android/sdk/platforms/android-35-ext14/data/res/values-mcc310-mnc240-hy: Cannot utime: Operation not permitted
build	Cache Android SDK	2026-06-06T12:22:44.4086303Z /usr/bin/tar: ../../../../../usr/local/lib/android/sdk/platforms/android-35-ext14/data/res/values-mcc310-mnc240-hy: Cannot change mode to rwxr-xr-x: Operation not permitted
build	Cache Android SDK	2026-06-06T12:22:44.4088922Z /usr/bin/tar: ../../../../../usr/local/lib/android/sdk/platforms/android-35-ext14/data/res/values-lv-watch: Cannot utime: Operation not permitted
build	Cache Android SDK	2026-06-06T12:22:44.4089837Z /usr/bin/tar: ../../../../../usr/local/lib/android/sdk/platforms/android-35-ext14/data/res/values-lv-watch: Cannot change mode to rwxr-xr-x: Operation not permitted
build	Cache Android SDK	2026-06-06T12:22:44.4092180Z /usr/bin/tar: ../../../../../usr/local/lib/android/sdk/platforms/android-35-ext14/data/res/values-mcc302-mnc720-ta: Cannot utime: Operation not permitted
build	Cache Android SDK	2026-06-06T12:22:44.4093135Z /usr/bin/tar: ../../../../../usr/local/lib/android/sdk/platforms/android-35-ext14/data/res/values-mcc302-mnc720-ta: Cannot change mode to rwxr-xr-x: Operation not permitted
build	Cache Android SDK	2026-06-06T12:22:44.4095197Z /usr/bin/tar: ../../../../../usr/local/lib/android/sdk/platforms/android-35-ext14/data/res/values-mcc310-mnc200-th: Cannot utime: Operation not permitted
build	Cache Android SDK	2026-06-06T12:22:44.4096323Z /usr/bin/tar: ../../../../../usr/local/lib/android/sdk/platforms/android-35-ext14/data/res/values-mcc310-mnc200-th: Cannot change mode to rwxr-xr-x: Operation not permitted
build	Cache Android SDK	2026-06-06T12:22:44.4099064Z /usr/bin/tar: ../../../../../usr/local/lib/android/sdk/platforms/android-35-ext14/data/res/values-mcc310-mnc160-ta: Cannot utime: Operation not permitted
build	Cache Android SDK	2026-06-06T12:22:44.4100092Z /usr/bin/tar: ../../../../../usr/local/lib/android/sdk/platforms/android-35-ext14/data/res/values-mcc310-mnc160-ta: Cannot change mode to rwxr-xr-x: Operation not permitted
build	Cache Android SDK	2026-06-06T12:22:44.4102299Z /usr/bin/tar: ../../../../../usr/local/lib/android/sdk/platforms/android-35-ext14/data/res/values-mcc310-mnc210-lt: Cannot utime: Operation not permitted
build	Cache Android SDK	2026-06-06T12:22:44.4103459Z /usr/bin/tar: ../../../../../usr/local/lib/android/sdk/platforms/android-35-ext14/data/res/values-mcc310-mnc210-lt: Cannot change mode to rwxr-xr-x: Operation not permitted
build	Cache Android SDK	2026-06-06T12:22:44.4106632Z /usr/bin/tar: ../../../../../usr/local/lib/android/sdk/platforms/android-35-ext14/data/res/values-mcc310-mnc490-my: Cannot utime: Operation not permitted
build	Cache Android SDK	2026-06-06T12:22:44.4107705Z /usr/bin/tar: ../../../../../usr/local/lib/android/sdk/platforms/android-35-ext14/data/res/values-mcc310-mnc490-my: Cannot change mode to rwxr-xr-x: Operation not permitted
build	Cache Android SDK	2026-06-06T12:22:44.4110080Z /usr/bin/tar: ../../../../../usr/local/lib/android/sdk/platforms/android-35-ext14/data/res/values-it-watch: Cannot utime: Operation not permitted
build	Cache Android SDK	2026-06-06T12:22:44.4110989Z /usr/bin/tar: ../../../../../usr/local/lib/android/sdk/platforms/android-35-ext14/data/res/values-it-watch: Cannot change mode to rwxr-xr-x: Operation not permitted
build	Cache Android SDK	2026-06-06T12:22:44.4113297Z /usr/bin/tar: ../../../../../usr/local/lib/android/sdk/platforms/android-35-ext14/data/res/values-mcc310-mnc240-ja: Cannot utime: Operation not permitted
build	Cache Android SDK	2026-06-06T12:22:44.4114249Z /usr/bin/tar: ../../../../../usr/local/lib/android/sdk/platforms/android-35-ext14/data/res/values-mcc310-mnc240-ja: Cannot change mode to rwxr-xr-x: Operation not permitted
build	Cache Android SDK	2026-06-06T12:22:44.4116667Z /usr/bin/tar: ../../../../../usr/local/lib/android/sdk/platforms/android-35-ext14/data/res/values-mcc310-mnc210-zu: Cannot utime: Operation not permitted
build	Cache Android SDK	2026-06-06T12:22:44.4117839Z /usr/bin/tar: ../../../../../usr/local/lib/android/sdk/platforms/android-35-ext14/data/res/values-mcc310-mnc210-zu: Cannot change mode to rwxr-xr-x: Operation not permitted
build	Cache Android SDK	2026-06-06T12:22:44.4121241Z /usr/bin/tar: ../../../../../usr/local/lib/android/sdk/platforms/android-35-ext14/data/res/values-mcc310-mnc250-pa: Cannot utime: Operation not permitted
build	Cache Android SDK	2026-06-06T12:22:44.4122205Z /usr/bin/tar: ../../../../../usr/local/lib/android/sdk/platforms/android-35-ext14/data/res/values-mcc310-mnc250-pa: Cannot change mode to rwxr-xr-x: Operation not permitted
build	Cache Android SDK	2026-06-06T12:22:44.4124592Z /usr/bin/tar: ../../../../../usr/local/lib/android/sdk/platforms/android-35-ext14/data/res/values-mcc310-mnc030-sr: Cannot utime: Operation not permitted
build	Cache Android SDK	2026-06-06T12:22:44.4125562Z /usr/bin/tar: ../../../../../usr/local/lib/android/sdk/platforms/android-35-ext14/data/res/values-mcc310-mnc030-sr: Cannot change mode to rwxr-xr-x: Operation not permitted
build	Cache Android SDK	2026-06-06T12:22:44.4128195Z /usr/bin/tar: ../../../../../usr/local/lib/android/sdk/platforms/android-35-ext14/data/res/values-mcc310-mnc950-pt: Cannot utime: Operation not permitted
build	Cache Android SDK	2026-06-06T12:22:44.4129259Z /usr/bin/tar: ../../../../../usr/local/lib/android/sdk/platforms/android-35-ext14/data/res/values-mcc310-mnc950-pt: Cannot change mode to rwxr-xr-x: Operation not permitted
build	Cache Android SDK	2026-06-06T12:22:44.4131444Z /usr/bin/tar: ../../../../../usr/local/lib/android/sdk/platforms/android-35-ext14/data/res/values-mcc310-mnc560-pa: Cannot utime: Operation not permitted
build	Cache Android SDK	2026-06-06T12:22:44.4132405Z /usr/bin/tar: ../../../../../usr/local/lib/android/sdk/platforms/android-35-ext14/data/res/values-mcc310-mnc560-pa: Cannot change mode to rwxr-xr-x: Operation not permitted
build	Cache Android SDK	2026-06-06T12:22:44.4144050Z /usr/bin/tar: ../../../../../usr/local/lib/android/sdk/platforms/android-35-ext14/data/res/values-mcc310-mnc220-es-rUS: Cannot utime: Operation not permitted
build	Cache Android SDK	2026-06-06T12:22:44.4145720Z /usr/bin/tar: ../../../../../usr/local/lib/android/sdk/platforms/android-35-ext14/data/res/values-mcc310-mnc220-es-rUS: Cannot change mode to rwxr-xr-x: Operation not permitted
build	Cache Android SDK	2026-06-06T12:22:44.4147531Z /usr/bin/tar: ../../../../../usr/local/lib/android/sdk/platforms/android-35-ext14/data/res/values-mcc310-mnc660-bg: Cannot utime: Operation not permitted
build	Cache Android SDK	2026-06-06T12:22:44.4149334Z /usr/bin/tar: ../../../../../usr/local/lib/android/sdk/platforms/android-35-ext14/data/res/values-mcc310-mnc660-bg: Cannot change mode to rwxr-xr-x: Operation not permitted
build	Cache Android SDK	2026-06-06T12:22:44.4151362Z /usr/bin/tar: ../../../../../usr/local/lib/android/sdk/platforms/android-35-ext14/data/res/values-mcc310-mnc380-fa: Cannot utime: Operation not permitted
build	Cache Android SDK	2026-06-06T12:22:44.4152932Z /usr/bin/tar: ../../../../../usr/local/lib/android/sdk/platforms/android-35-ext14/data/res/values-mcc310-mnc380-fa: Cannot change mode to rwxr-xr-x: Operation not permitted
build	Cache Android SDK	2026-06-06T12:22:44.4154509Z /usr/bin/tar: ../../../../../usr/local/lib/android/sdk/platforms/android-35-ext14/data/res/values-mcc001-mnc01-km: Cannot utime: Operation not permitted
build	Cache Android SDK	2026-06-06T12:22:44.4155572Z /usr/bin/tar: ../../../../../usr/local/lib/android/sdk/platforms/android-35-ext14/data/res/values-mcc001-mnc01-km: Cannot change mode to rwxr-xr-x: Operation not permitted
build	Cache Android SDK	2026-06-06T12:22:44.4157193Z /usr/bin/tar: ../../../../../usr/local/lib/android/sdk/platforms/android-35-ext14/data/res/values-mcc310-mnc030-el: Cannot utime: Operation not permitted
build	Cache Android SDK	2026-06-06T12:22:44.4159098Z /usr/bin/tar: ../../../../../usr/local/lib/android/sdk/platforms/android-35-ext14/data/res/values-mcc310-mnc030-el: Cannot change mode to rwxr-xr-x: Operation not permitted
build	Cache Android SDK	2026-06-06T12:22:44.4160842Z /usr/bin/tar: ../../../../../usr/local/lib/android/sdk/platforms/android-35-ext14/data/res/values-mcc310-mnc660-ky: Cannot utime: Operation not permitted
build	Cache Android SDK	2026-06-06T12:22:44.4162579Z /usr/bin/tar: ../../../../../usr/local/lib/android/sdk/platforms/android-35-ext14/data/res/values-mcc310-mnc660-ky: Cannot change mode to rwxr-xr-x: Operation not permitted
build	Cache Android SDK	2026-06-06T12:22:44.4163961Z /usr/bin/tar: ../../../../../usr/local/lib/android/sdk/platforms/android-35-ext14/data/res/values-mcc310-mnc210-uz: Cannot utime: Operation not permitted
build	Cache Android SDK	2026-06-06T12:22:44.4164997Z /usr/bin/tar: ../../../../../usr/local/lib/android/sdk/platforms/android-35-ext14/data/res/values-mcc310-mnc210-uz: Cannot change mode to rwxr-xr-x: Operation not permitted
build	Cache Android SDK	2026-06-06T12:22:44.4166447Z /usr/bin/tar: ../../../../../usr/local/lib/android/sdk/platforms/android-35-ext14/data/res/values-mcc310-mnc310-ur: Cannot utime: Operation not permitted
build	Cache Android SDK	2026-06-06T12:22:44.4167577Z /usr/bin/tar: ../../../../../usr/local/lib/android/sdk/platforms/android-35-ext14/data/res/values-mcc310-mnc310-ur: Cannot change mode to rwxr-xr-x: Operation not permitted
build	Cache Android SDK	2026-06-06T12:22:44.4170463Z /usr/bin/tar: ../../../../../usr/local/lib/android/sdk/platforms/android-35-ext14/data/res/values-mcc310-mnc270-kn: Cannot utime: Operation not permitted
build	Cache Android SDK	2026-06-06T12:22:44.4171902Z /usr/bin/tar: ../../../../../usr/local/lib/android/sdk/platforms/android-35-ext14/data/res/values-mcc310-mnc270-kn: Cannot change mode to rwxr-xr-x: Operation not permitted
build	Cache Android SDK	2026-06-06T12:22:44.4173929Z /usr/bin/tar: ../../../../../usr/local/lib/android/sdk/platforms/android-35-ext14/data/res/values-mcc302-mnc370-or: Cannot utime: Operation not permitted
build	Cache Android SDK	2026-06-06T12:22:44.4174965Z /usr/bin/tar: ../../../../../usr/local/lib/android/sdk/platforms/android-35-ext14/data/res/values-mcc302-mnc370-or: Cannot change mode to rwxr-xr-x: Operation not permitted
build	Cache Android SDK	2026-06-06T12:22:44.4179118Z /usr/bin/tar: ../../../../../usr/local/lib/android/sdk/platforms/android-35-ext14/data/res/values-mcc310-mnc150-hr: Cannot utime: Operation not permitted
build	Cache Android SDK	2026-06-06T12:22:44.4180262Z /usr/bin/tar: ../../../../../usr/local/lib/android/sdk/platforms/android-35-ext14/data/res/values-mcc310-mnc150-hr: Cannot change mode to rwxr-xr-x: Operation not permitted
build	Cache Android SDK	2026-06-06T12:22:44.4186837Z /usr/bin/tar: ../../../../../usr/local/lib/android/sdk/platforms/android-35-ext14/data/res/values-te: Cannot utime: Operation not permitted
build	Cache Android SDK	2026-06-06T12:22:44.4187937Z /usr/bin/tar: ../../../../../usr/local/lib/android/sdk/platforms/android-35-ext14/data/res/values-te: Cannot change mode to rwxr-xr-x: Operation not permitted
build	Cache Android SDK	2026-06-06T12:22:44.4189905Z /usr/bin/tar: ../../../../../usr/local/lib/android/sdk/platforms/android-35-ext14/data/res/values-fr-masculine: Cannot utime: Operation not permitted
build	Cache Android SDK	2026-06-06T12:22:44.4190853Z /usr/bin/tar: ../../../../../usr/local/lib/android/sdk/platforms/android-35-ext14/data/res/values-fr-masculine: Cannot change mode to rwxr-xr-x: Operation not permitted
build	Cache Android SDK	2026-06-06T12:22:44.4193046Z /usr/bin/tar: ../../../../../usr/local/lib/android/sdk/platforms/android-35-ext14/data/res/values-mcc310-mnc490-es-rUS: Cannot utime: Operation not permitted
build	Cache Android SDK	2026-06-06T12:22:44.4194057Z /usr/bin/tar: ../../../../../usr/local/lib/android/sdk/platforms/android-35-ext14/data/res/values-mcc310-mnc490-es-rUS: Cannot change mode to rwxr-xr-x: Operation not permitted
build	Cache Android SDK	2026-06-06T12:22:44.4196066Z /usr/bin/tar: ../../../../../usr/local/lib/android/sdk/platforms/android-35-ext14/data/res/values-mcc310-mnc310-pt: Cannot utime: Operation not permitted
build	Cache Android SDK	2026-06-06T12:22:44.4197047Z /usr/bin/tar: ../../../../../usr/local/lib/android/sdk/platforms/android-35-ext14/data/res/values-mcc310-mnc310-pt: Cannot change mode to rwxr-xr-x: Operation not permitted
build	Cache Android SDK	2026-06-06T12:22:44.4199134Z /usr/bin/tar: ../../../../../usr/local/lib/android/sdk/platforms/android-35-ext14/data/res/values-mcc310-mnc200-bg: Cannot utime: Operation not permitted
build	Cache Android SDK	2026-06-06T12:22:44.4200089Z /usr/bin/tar: ../../../../../usr/local/lib/android/sdk/platforms/android-35-ext14/data/res/values-mcc310-mnc200-bg: Cannot change mode to rwxr-xr-x: Operation not permitted
build	Cache Android SDK	2026-06-06T12:22:44.4202457Z /usr/bin/tar: ../../../../../usr/local/lib/android/sdk/platforms/android-35-ext14/data/res/values-mcc312-mnc670-fr: Cannot utime: Operation not permitted
build	Cache Android SDK	2026-06-06T12:22:44.4203410Z /usr/bin/tar: ../../../../../usr/local/lib/android/sdk/platforms/android-35-ext14/data/res/values-mcc312-mnc670-fr: Cannot change mode to rwxr-xr-x: Operation not permitted
build	Cache Android SDK	2026-06-06T12:22:44.4205699Z /usr/bin/tar: ../../../../../usr/local/lib/android/sdk/platforms/android-35-ext14/data/res/values-mcc310-mnc560-th: Cannot utime: Operation not permitted
build	Cache Android SDK	2026-06-06T12:22:44.4206647Z /usr/bin/tar: ../../../../../usr/local/lib/android/sdk/platforms/android-35-ext14/data/res/values-mcc310-mnc560-th: Cannot change mode to rwxr-xr-x: Operation not permitted
build	Cache Android SDK	2026-06-06T12:22:44.4209018Z /usr/bin/tar: ../../../../../usr/local/lib/android/sdk/platforms/android-35-ext14/data/res/values-mcc312-mnc670-ta: Cannot utime: Operation not permitted
build	Cache Android SDK	2026-06-06T12:22:44.4209983Z /usr/bin/tar: ../../../../../usr/local/lib/android/sdk/platforms/android-35-ext14/data/res/values-mcc312-mnc670-ta: Cannot change mode to rwxr-xr-x: Operation not permitted
build	Cache Android SDK	2026-06-06T12:22:44.4211859Z /usr/bin/tar: ../../../../../usr/local/lib/android/sdk/platforms/android-35-ext14/data/res/values-mcc312-mnc670-tr: Cannot utime: Operation not permitted
build	Cache Android SDK	2026-06-06T12:22:44.4212824Z /usr/bin/tar: ../../../../../usr/local/lib/android/sdk/platforms/android-35-ext14/data/res/values-mcc312-mnc670-tr: Cannot change mode to rwxr-xr-x: Operation not permitted
build	Cache Android SDK	2026-06-06T12:22:44.4215154Z /usr/bin/tar: ../../../../../usr/local/lib/android/sdk/platforms/android-35-ext14/data/res/values-mcc310-mnc210-zh-rTW: Cannot utime: Operation not permitted
build	Cache Android SDK	2026-06-06T12:22:44.4216133Z /usr/bin/tar: ../../../../../usr/local/lib/android/sdk/platforms/android-35-ext14/data/res/values-mcc310-mnc210-zh-rTW: Cannot change mode to rwxr-xr-x: Operation not permitted
build	Cache Android SDK	2026-06-06T12:22:44.4218607Z /usr/bin/tar: ../../../../../usr/local/lib/android/sdk/platforms/android-35-ext14/data/res/raw-de: Cannot utime: Operation not permitted
build	Cache Android SDK	2026-06-06T12:22:44.4219593Z /usr/bin/tar: ../../../../../usr/local/lib/android/sdk/platforms/android-35-ext14/data/res/raw-de: Cannot change mode to rwxr-xr-x: Operation not permitted
build	Cache Android SDK	2026-06-06T12:22:44.4221970Z /usr/bin/tar: ../../../../../usr/local/lib/android/sdk/platforms/android-35-ext14/data/res/values-mcc312-mnc670-zh-rHK: Cannot utime: Operation not permitted
build	Cache Android SDK	2026-06-06T12:22:44.4222975Z /usr/bin/tar: ../../../../../usr/local/lib/android/sdk/platforms/android-35-ext14/data/res/values-mcc312-mnc670-zh-rHK: Cannot change mode to rwxr-xr-x: Operation not permitted
build	Cache Android SDK	2026-06-06T12:22:44.4224938Z /usr/bin/tar: ../../../../../usr/local/lib/android/sdk/platforms/android-35-ext14/data/res/values-mcc302-mnc370-ro: Cannot utime: Operation not permitted
build	Cache Android SDK	2026-06-06T12:22:44.4226008Z /usr/bin/tar: ../../../../../usr/local/lib/android/sdk/platforms/android-35-ext14/data/res/values-mcc302-mnc370-ro: Cannot change mode to rwxr-xr-x: Operation not permitted
build	Cache Android SDK	2026-06-06T12:22:44.4228318Z /usr/bin/tar: ../../../../../usr/local/lib/android/sdk/platforms/android-35-ext14/data/res/values-mcc310-mnc240-mn: Cannot utime: Operation not permitted
build	Cache Android SDK	2026-06-06T12:22:44.4229282Z /usr/bin/tar: ../../../../../usr/local/lib/android/sdk/platforms/android-35-ext14/data/res/values-mcc310-mnc240-mn: Cannot change mode to rwxr-xr-x: Operation not permitted
build	Cache Android SDK	2026-06-06T12:22:44.4231959Z /usr/bin/tar: ../../../../../usr/local/lib/android/sdk/platforms/android-35-ext14/data/res/values-mcc310-mnc240-bn: Cannot utime: Operation not permitted
build	Cache Android SDK	2026-06-06T12:22:44.4232916Z /usr/bin/tar: ../../../../../usr/local/lib/android/sdk/platforms/android-35-ext14/data/res/values-mcc310-mnc240-bn: Cannot change mode to rwxr-xr-x: Operation not permitted
build	Cache Android SDK	2026-06-06T12:22:44.4235063Z /usr/bin/tar: ../../../../../usr/local/lib/android/sdk/platforms/android-35-ext14/data/res/values-mcc310-mnc560-be: Cannot utime: Operation not permitted
build	Cache Android SDK	2026-06-06T12:22:44.4236027Z /usr/bin/tar: ../../../../../usr/local/lib/android/sdk/platforms/android-35-ext14/data/res/values-mcc310-mnc560-be: Cannot change mode to rwxr-xr-x: Operation not permitted
build	Cache Android SDK	2026-06-06T12:22:44.4238803Z /usr/bin/tar: ../../../../../usr/local/lib/android/sdk/platforms/android-35-ext14/data/res/values-mcc313-mnc100-th: Cannot utime: Operation not permitted
build	Cache Android SDK	2026-06-06T12:22:44.4239838Z /usr/bin/tar: ../../../../../usr/local/lib/android/sdk/platforms/android-35-ext14/data/res/values-mcc313-mnc100-th: Cannot change mode to rwxr-xr-x: Operation not permitted
build	Cache Android SDK	2026-06-06T12:22:44.4242208Z /usr/bin/tar: ../../../../../usr/local/lib/android/sdk/platforms/android-35-ext14/data/res/values-mcc310-mnc220-el: Cannot utime: Operation not permitted
build	Cache Android SDK	2026-06-06T12:22:44.4243175Z /usr/bin/tar: ../../../../../usr/local/lib/android/sdk/platforms/android-35-ext14/data/res/values-mcc310-mnc220-el: Cannot change mode to rwxr-xr-x: Operation not permitted
build	Cache Android SDK	2026-06-06T12:22:44.4245636Z /usr/bin/tar: ../../../../../usr/local/lib/android/sdk/platforms/android-35-ext14/data/res/values-mcc311-mnc180-si: Cannot utime: Operation not permitted
build	Cache Android SDK	2026-06-06T12:22:44.4246614Z /usr/bin/tar: ../../../../../usr/local/lib/android/sdk/platforms/android-35-ext14/data/res/values-mcc311-mnc180-si: Cannot change mode to rwxr-xr-x: Operation not permitted
build	Cache Android SDK	2026-06-06T12:22:44.4249028Z /usr/bin/tar: ../../../../../usr/local/lib/android/sdk/platforms/android-35-ext14/data/res/values-mcc310-mnc250-uk: Cannot utime: Operation not permitted
build	Cache Android SDK	2026-06-06T12:22:44.4249978Z /usr/bin/tar: ../../../../../usr/local/lib/android/sdk/platforms/android-35-ext14/data/res/values-mcc310-mnc250-uk: Cannot change mode to rwxr-xr-x: Operation not permitted
build	Cache Android SDK	2026-06-06T12:22:44.4252401Z /usr/bin/tar: ../../../../../usr/local/lib/android/sdk/platforms/android-35-ext14/data/res/values-mcc313-mnc100-en-rCA: Cannot utime: Operation not permitted
build	Cache Android SDK	2026-06-06T12:22:44.4253411Z /usr/bin/tar: ../../../../../usr/local/lib/android/sdk/platforms/android-35-ext14/data/res/values-mcc313-mnc100-en-rCA: Cannot change mode to rwxr-xr-x: Operation not permitted
build	Cache Android SDK	2026-06-06T12:22:44.4255838Z /usr/bin/tar: ../../../../../usr/local/lib/android/sdk/platforms/android-35-ext14/data/res/raw-ar: Cannot utime: Operation not permitted
build	Cache Android SDK	2026-06-06T12:22:44.4256706Z /usr/bin/tar: ../../../../../usr/local/lib/android/sdk/platforms/android-35-ext14/data/res/raw-ar: Cannot change mode to rwxr-xr-x: Operation not permitted
build	Cache Android SDK	2026-06-06T12:22:44.4259243Z /usr/bin/tar: ../../../../../usr/local/lib/android/sdk/platforms/android-35-ext14/data/res/values-mcc310-mnc660-ro: Cannot utime: Operation not permitted
build	Cache Android SDK	2026-06-06T12:22:44.4260206Z /usr/bin/tar: ../../../../../usr/local/lib/android/sdk/platforms/android-35-ext14/data/res/values-mcc310-mnc660-ro: Cannot change mode to rwxr-xr-x: Operation not permitted
build	Cache Android SDK	2026-06-06T12:22:44.4262677Z /usr/bin/tar: ../../../../../usr/local/lib/android/sdk/platforms/android-35-ext14/data/res/values-mcc312-mnc670-az: Cannot utime: Operation not permitted
build	Cache Android SDK	2026-06-06T12:22:44.4263839Z /usr/bin/tar: ../../../../../usr/local/lib/android/sdk/platforms/android-35-ext14/data/res/values-mcc312-mnc670-az: Cannot change mode to rwxr-xr-x: Operation not permitted
build	Cache Android SDK	2026-06-06T12:22:44.4266142Z /usr/bin/tar: ../../../../../usr/local/lib/android/sdk/platforms/android-35-ext14/data/res/values-mcc310-mnc250-in: Cannot utime: Operation not permitted
build	Cache Android SDK	2026-06-06T12:22:44.4267093Z /usr/bin/tar: ../../../../../usr/local/lib/android/sdk/platforms/android-35-ext14/data/res/values-mcc310-mnc250-in: Cannot change mode to rwxr-xr-x: Operation not permitted
build	Cache Android SDK	2026-06-06T12:22:44.4269813Z /usr/bin/tar: ../../../../../usr/local/lib/android/sdk/platforms/android-35-ext14/data/res/values-mcc313-mnc100-iw: Cannot utime: Operation not permitted
build	Cache Android SDK	2026-06-06T12:22:44.4270760Z /usr/bin/tar: ../../../../../usr/local/lib/android/sdk/platforms/android-35-ext14/data/res/values-mcc313-mnc100-iw: Cannot change mode to rwxr-xr-x: Operation not permitted
build	Cache Android SDK	2026-06-06T12:22:44.4273321Z /usr/bin/tar: ../../../../../usr/local/lib/android/sdk/platforms/android-35-ext14/data/res/values-w170dp-notround-watch: Cannot utime: Operation not permitted
build	Cache Android SDK	2026-06-06T12:22:44.4274343Z /usr/bin/tar: ../../../../../usr/local/lib/android/sdk/platforms/android-35-ext14/data/res/values-w170dp-notround-watch: Cannot change mode to rwxr-xr-x: Operation not permitted
build	Cache Android SDK	2026-06-06T12:22:44.4281310Z /usr/bin/tar: ../../../../../usr/local/lib/android/sdk/platforms/android-35-ext14/data/res/values-pa: Cannot utime: Operation not permitted
build	Cache Android SDK	2026-06-06T12:22:44.4282199Z /usr/bin/tar: ../../../../../usr/local/lib/android/sdk/platforms/android-35-ext14/data/res/values-pa: Cannot change mode to rwxr-xr-x: Operation not permitted
build	Cache Android SDK	2026-06-06T12:22:44.4284167Z /usr/bin/tar: ../../../../../usr/local/lib/android/sdk/platforms/android-35-ext14/data/res/values-mcc310-mnc240-sl: Cannot utime: Operation not permitted
build	Cache Android SDK	2026-06-06T12:22:44.4285127Z /usr/bin/tar: ../../../../../usr/local/lib/android/sdk/platforms/android-35-ext14/data/res/values-mcc310-mnc240-sl: Cannot change mode to rwxr-xr-x: Operation not permitted
build	Cache Android SDK	2026-06-06T12:22:44.4287663Z /usr/bin/tar: ../../../../../usr/local/lib/android/sdk/platforms/android-35-ext14/data/res/values-mcc310-mnc490-ky: Cannot utime: Operation not permitted
build	Cache Android SDK	2026-06-06T12:22:44.4288603Z /usr/bin/tar: ../../../../../usr/local/lib/android/sdk/platforms/android-35-ext14/data/res/values-mcc310-mnc490-ky: Cannot change mode to rwxr-xr-x: Operation not permitted
build	Cache Android SDK	2026-06-06T12:22:44.4290409Z /usr/bin/tar: ../../../../../usr/local/lib/android/sdk/platforms/android-35-ext14/data/res/values-mcc310-mnc170-pt-rPT: Cannot utime: Operation not permitted
build	Cache Android SDK	2026-06-06T12:22:44.4291386Z /usr/bin/tar: ../../../../../usr/local/lib/android/sdk/platforms/android-35-ext14/data/res/values-mcc310-mnc170-pt-rPT: Cannot change mode to rwxr-xr-x: Operation not permitted
build	Cache Android SDK	2026-06-06T12:22:44.4293604Z /usr/bin/tar: ../../../../../usr/local/lib/android/sdk/platforms/android-35-ext14/data/res/values-mcc310-mnc560-bg: Cannot utime: Operation not permitted
build	Cache Android SDK	2026-06-06T12:22:44.4294570Z /usr/bin/tar: ../../../../../usr/local/lib/android/sdk/platforms/android-35-ext14/data/res/values-mcc310-mnc560-bg: Cannot change mode to rwxr-xr-x: Operation not permitted
build	Cache Android SDK	2026-06-06T12:22:44.4296767Z /usr/bin/tar: ../../../../../usr/local/lib/android/sdk/platforms/android-35-ext14/data/res/values-mcc310-mnc150-en-rCA: Cannot utime: Operation not permitted
build	Cache Android SDK	2026-06-06T12:22:44.4297926Z /usr/bin/tar: ../../../../../usr/local/lib/android/sdk/platforms/android-35-ext14/data/res/values-mcc310-mnc150-en-rCA: Cannot change mode to rwxr-xr-x: Operation not permitted
build	Cache Android SDK	2026-06-06T12:22:44.4300112Z /usr/bin/tar: ../../../../../usr/local/lib/android/sdk/platforms/android-35-ext14/data/res/values-mcc310-mnc800-es: Cannot utime: Operation not permitted
build	Cache Android SDK	2026-06-06T12:22:44.4301058Z /usr/bin/tar: ../../../../../usr/local/lib/android/sdk/platforms/android-35-ext14/data/res/values-mcc310-mnc800-es: Cannot change mode to rwxr-xr-x: Operation not permitted
build	Cache Android SDK	2026-06-06T12:22:44.4303239Z /usr/bin/tar: ../../../../../usr/local/lib/android/sdk/platforms/android-35-ext14/data/res/values-mcc001-mnc01-cs: Cannot utime: Operation not permitted
build	Cache Android SDK	2026-06-06T12:22:44.4304196Z /usr/bin/tar: ../../../../../usr/local/lib/android/sdk/platforms/android-35-ext14/data/res/values-mcc001-mnc01-cs: Cannot change mode to rwxr-xr-x: Operation not permitted
build	Cache Android SDK	2026-06-06T12:22:44.4306537Z /usr/bin/tar: ../../../../../usr/local/lib/android/sdk/platforms/android-35-ext14/data/res/values-mcc311-mnc180-tr: Cannot utime: Operation not permitted
build	Cache Android SDK	2026-06-06T12:22:44.4307652Z /usr/bin/tar: ../../../../../usr/local/lib/android/sdk/platforms/android-35-ext14/data/res/values-mcc311-mnc180-tr: Cannot change mode to rwxr-xr-x: Operation not permitted
build	Cache Android SDK	2026-06-06T12:22:44.4310859Z /usr/bin/tar: ../../../../../usr/local/lib/android/sdk/platforms/android-35-ext14/data/res/values-mcc310-mnc030-vi: Cannot utime: Operation not permitted
build	Cache Android SDK	2026-06-06T12:22:44.4311814Z /usr/bin/tar: ../../../../../usr/local/lib/android/sdk/platforms/android-35-ext14/data/res/values-mcc310-mnc030-vi: Cannot change mode to rwxr-xr-x: Operation not permitted
build	Cache Android SDK	2026-06-06T12:22:44.4314257Z /usr/bin/tar: ../../../../../usr/local/lib/android/sdk/platforms/android-35-ext14/data/res/values-mcc310-mnc280-sw: Cannot utime: Operation not permitted
build	Cache Android SDK	2026-06-06T12:22:44.4315208Z /usr/bin/tar: ../../../../../usr/local/lib/android/sdk/platforms/android-35-ext14/data/res/values-mcc310-mnc280-sw: Cannot change mode to rwxr-xr-x: Operation not permitted
build	Cache Android SDK	2026-06-06T12:22:44.4317740Z /usr/bin/tar: ../../../../../usr/local/lib/android/sdk/platforms/android-35-ext14/data/res/values-mcc302-mnc720-hr: Cannot utime: Operation not permitted
build	Cache Android SDK	2026-06-06T12:22:44.4318702Z /usr/bin/tar: ../../../../../usr/local/lib/android/sdk/platforms/android-35-ext14/data/res/values-mcc302-mnc720-hr: Cannot change mode to rwxr-xr-x: Operation not permitted
build	Cache Android SDK	2026-06-06T12:22:44.4320591Z /usr/bin/tar: ../../../../../usr/local/lib/android/sdk/platforms/android-35-ext14/data/res/values-mcc310-mnc170-fi: Cannot utime: Operation not permitted
build	Cache Android SDK	2026-06-06T12:22:44.4321545Z /usr/bin/tar: ../../../../../usr/local/lib/android/sdk/platforms/android-35-ext14/data/res/values-mcc310-mnc170-fi: Cannot change mode to rwxr-xr-x: Operation not permitted
build	Cache Android SDK	2026-06-06T12:22:44.4323895Z /usr/bin/tar: ../../../../../usr/local/lib/android/sdk/platforms/android-35-ext14/data/res/values-mcc312-mnc670-es-rUS: Cannot utime: Operation not permitted
build	Cache Android SDK	2026-06-06T12:22:44.4324876Z /usr/bin/tar: ../../../../../usr/local/lib/android/sdk/platforms/android-35-ext14/data/res/values-mcc312-mnc670-es-rUS: Cannot change mode to rwxr-xr-x: Operation not permitted
build	Cache Android SDK	2026-06-06T12:22:44.4333415Z /usr/bin/tar: ../../../../../usr/local/lib/android/sdk/platforms/android-35-ext14/data/res/values-w198dp: Cannot utime: Operation not permitted
build	Cache Android SDK	2026-06-06T12:22:44.4334535Z /usr/bin/tar: ../../../../../usr/local/lib/android/sdk/platforms/android-35-ext14/data/res/values-w198dp: Cannot change mode to rwxr-xr-x: Operation not permitted
build	Cache Android SDK	2026-06-06T12:22:44.4337121Z /usr/bin/tar: ../../../../../usr/local/lib/android/sdk/platforms/android-35-ext14/data/res/values-mcc310-mnc280-ne: Cannot utime: Operation not permitted
build	Cache Android SDK	2026-06-06T12:22:44.4338365Z /usr/bin/tar: ../../../../../usr/local/lib/android/sdk/platforms/android-35-ext14/data/res/values-mcc310-mnc280-ne: Cannot change mode to rwxr-xr-x: Operation not permitted
build	Cache Android SDK	2026-06-06T12:22:44.4340519Z /usr/bin/tar: ../../../../../usr/local/lib/android/sdk/platforms/android-35-ext14/data/res/values-bs-watch: Cannot utime: Operation not permitted
build	Cache Android SDK	2026-06-06T12:22:44.4341502Z /usr/bin/tar: ../../../../../usr/local/lib/android/sdk/platforms/android-35-ext14/data/res/values-bs-watch: Cannot change mode to rwxr-xr-x: Operation not permitted
build	Cache Android SDK	2026-06-06T12:22:44.4343570Z /usr/bin/tar: ../../../../../usr/local/lib/android/sdk/platforms/android-35-ext14/data/res/values-mcc310-mnc160-ca: Cannot utime: Operation not permitted
build	Cache Android SDK	2026-06-06T12:22:44.4344619Z /usr/bin/tar: ../../../../../usr/local/lib/android/sdk/platforms/android-35-ext14/data/res/values-mcc310-mnc160-ca: Cannot change mode to rwxr-xr-x: Operation not permitted
build	Cache Android SDK	2026-06-06T12:22:44.4346873Z /usr/bin/tar: ../../../../../usr/local/lib/android/sdk/platforms/android-35-ext14/data/res/values-mcc310-mnc150-hu: Cannot utime: Operation not permitted
build	Cache Android SDK	2026-06-06T12:22:44.4347911Z /usr/bin/tar: ../../../../../usr/local/lib/android/sdk/platforms/android-35-ext14/data/res/values-mcc310-mnc150-hu: Cannot change mode to rwxr-xr-x: Operation not permitted
build	Cache Android SDK	2026-06-06T12:22:44.4352788Z /usr/bin/tar: ../../../../../usr/local/lib/android/sdk/platforms/android-35-ext14/data/res/transition: Cannot utime: Operation not permitted
build	Cache Android SDK	2026-06-06T12:22:44.4353675Z /usr/bin/tar: ../../../../../usr/local/lib/android/sdk/platforms/android-35-ext14/data/res/transition: Cannot change mode to rwxr-xr-x: Operation not permitted
build	Cache Android SDK	2026-06-06T12:22:44.4355807Z /usr/bin/tar: ../../../../../usr/local/lib/android/sdk/platforms/android-35-ext14/data/res/values-mcc310-mnc230-ko: Cannot utime: Operation not permitted
build	Cache Android SDK	2026-06-06T12:22:44.4356770Z /usr/bin/tar: ../../../../../usr/local/lib/android/sdk/platforms/android-35-ext14/data/res/values-mcc310-mnc230-ko: Cannot change mode to rwxr-xr-x: Operation not permitted
build	Cache Android SDK	2026-06-06T12:22:44.4359272Z /usr/bin/tar: ../../../../../usr/local/lib/android/sdk/platforms/android-35-ext14/data/res/values-mcc310-mnc270-am: Cannot utime: Operation not permitted
build	Cache Android SDK	2026-06-06T12:22:44.4360227Z /usr/bin/tar: ../../../../../usr/local/lib/android/sdk/platforms/android-35-ext14/data/res/values-mcc310-mnc270-am: Cannot change mode to rwxr-xr-x: Operation not permitted
build	Cache Android SDK	2026-06-06T12:22:44.4362461Z /usr/bin/tar: ../../../../../usr/local/lib/android/sdk/platforms/android-35-ext14/data/res/values-mcc312-mnc670-uk: Cannot utime: Operation not permitted
build	Cache Android SDK	2026-06-06T12:22:44.4363442Z /usr/bin/tar: ../../../../../usr/local/lib/android/sdk/platforms/android-35-ext14/data/res/values-mcc312-mnc670-uk: Cannot change mode to rwxr-xr-x: Operation not permitted
build	Cache Android SDK	2026-06-06T12:22:44.4365616Z /usr/bin/tar: ../../../../../usr/local/lib/android/sdk/platforms/android-35-ext14/data/res/values-mcc310-mnc210-zh-rCN: Cannot utime: Operation not permitted
build	Cache Android SDK	2026-06-06T12:22:44.4366601Z /usr/bin/tar: ../../../../../usr/local/lib/android/sdk/platforms/android-35-ext14/data/res/values-mcc310-mnc210-zh-rCN: Cannot change mode to rwxr-xr-x: Operation not permitted
build	Cache Android SDK	2026-06-06T12:22:44.4369101Z /usr/bin/tar: ../../../../../usr/local/lib/android/sdk/platforms/android-35-ext14/data/res/values-mcc302-mnc660: Cannot utime: Operation not permitted
build	Cache Android SDK	2026-06-06T12:22:44.4370048Z /usr/bin/tar: ../../../../../usr/local/lib/android/sdk/platforms/android-35-ext14/data/res/values-mcc302-mnc660: Cannot change mode to rwxr-xr-x: Operation not permitted
build	Cache Android SDK	2026-06-06T12:22:44.4372443Z /usr/bin/tar: ../../../../../usr/local/lib/android/sdk/platforms/android-35-ext14/data/res/values-mcc310-mnc950-gl: Cannot utime: Operation not permitted
build	Cache Android SDK	2026-06-06T12:22:44.4372915Z /usr/bin/tar: ../../../../../usr/local/lib/android/sdk/platforms/android-35-ext14/data/res/values-mcc310-mnc950-gl: Cannot change mode to rwxr-xr-x: Operation not permitted
build	Cache Android SDK	2026-06-06T12:22:44.4377620Z /usr/bin/tar: ../../../../../usr/local/lib/android/sdk/platforms/android-35-ext14/data/res/values-mcc302-mnc720-is: Cannot utime: Operation not permitted
build	Cache Android SDK	2026-06-06T12:22:44.4378274Z /usr/bin/tar: ../../../../../usr/local/lib/android/sdk/platforms/android-35-ext14/data/res/values-mcc302-mnc720-is: Cannot change mode to rwxr-xr-x: Operation not permitted
build	Cache Android SDK	2026-06-06T12:22:44.4380374Z /usr/bin/tar: ../../../../../usr/local/lib/android/sdk/platforms/android-35-ext14/data/res/values-mcc310-mnc240-ms: Cannot utime: Operation not permitted
build	Cache Android SDK	2026-06-06T12:22:44.4380953Z /usr/bin/tar: ../../../../../usr/local/lib/android/sdk/platforms/android-35-ext14/data/res/values-mcc310-mnc240-ms: Cannot change mode to rwxr-xr-x: Operation not permitted
build	Cache Android SDK	2026-06-06T12:22:44.4387292Z /usr/bin/tar: ../../../../../usr/local/lib/android/sdk/platforms/android-35-ext14/data/res/values-sk: Cannot utime: Operation not permitted
build	Cache Android SDK	2026-06-06T12:22:44.4388138Z /usr/bin/tar: ../../../../../usr/local/lib/android/sdk/platforms/android-35-ext14/data/res/values-sk: Cannot change mode to rwxr-xr-x: Operation not permitted
build	Cache Android SDK	2026-06-06T12:22:44.4390720Z /usr/bin/tar: ../../../../../usr/local/lib/android/sdk/platforms/android-35-ext14/data/res/values-mcc310-mnc160-eu: Cannot utime: Operation not permitted
build	Cache Android SDK	2026-06-06T12:22:44.4391193Z /usr/bin/tar: ../../../../../usr/local/lib/android/sdk/platforms/android-35-ext14/data/res/values-mcc310-mnc160-eu: Cannot change mode to rwxr-xr-x: Operation not permitted
build	Cache Android SDK	2026-06-06T12:22:44.4394182Z /usr/bin/tar: ../../../../../usr/local/lib/android/sdk/platforms/android-35-ext14/data/res/values-mcc310-mnc660-es-rUS: Cannot utime: Operation not permitted
build	Cache Android SDK	2026-06-06T12:22:44.4394776Z /usr/bin/tar: ../../../../../usr/local/lib/android/sdk/platforms/android-35-ext14/data/res/values-mcc310-mnc660-es-rUS: Cannot change mode to rwxr-xr-x: Operation not permitted
build	Cache Android SDK	2026-06-06T12:22:44.4397187Z /usr/bin/tar: ../../../../../usr/local/lib/android/sdk/platforms/android-35-ext14/data/res/values-mcc310-mnc210-az: Cannot utime: Operation not permitted
build	Cache Android SDK	2026-06-06T12:22:44.4397825Z /usr/bin/tar: ../../../../../usr/local/lib/android/sdk/platforms/android-35-ext14/data/res/values-mcc310-mnc210-az: Cannot change mode to rwxr-xr-x: Operation not permitted
build	Cache Android SDK	2026-06-06T12:22:44.4400423Z /usr/bin/tar: ../../../../../usr/local/lib/android/sdk/platforms/android-35-ext14/data/res/values-mcc312-mnc670-el: Cannot utime: Operation not permitted
build	Cache Android SDK	2026-06-06T12:22:44.4400899Z /usr/bin/tar: ../../../../../usr/local/lib/android/sdk/platforms/android-35-ext14/data/res/values-mcc312-mnc670-el: Cannot change mode to rwxr-xr-x: Operation not permitted
build	Cache Android SDK	2026-06-06T12:22:44.4403615Z /usr/bin/tar: ../../../../../usr/local/lib/android/sdk/platforms/android-35-ext14/data/res/values-mcc310-mnc310-en-rIN: Cannot utime: Operation not permitted
build	Cache Android SDK	2026-06-06T12:22:44.4404104Z /usr/bin/tar: ../../../../../usr/local/lib/android/sdk/platforms/android-35-ext14/data/res/values-mcc310-mnc310-en-rIN: Cannot change mode to rwxr-xr-x: Operation not permitted
build	Cache Android SDK	2026-06-06T12:22:44.4406743Z /usr/bin/tar: ../../../../../usr/local/lib/android/sdk/platforms/android-35-ext14/data/res/values-mcc310-mnc380-am: Cannot utime: Operation not permitted
build	Cache Android SDK	2026-06-06T12:22:44.4407201Z /usr/bin/tar: ../../../../../usr/local/lib/android/sdk/platforms/android-35-ext14/data/res/values-mcc310-mnc380-am: Cannot change mode to rwxr-xr-x: Operation not permitted
build	Cache Android SDK	2026-06-06T12:22:44.4409926Z /usr/bin/tar: ../../../../../usr/local/lib/android/sdk/platforms/android-35-ext14/data/res/values-mcc310-mnc280-fr-rCA: Cannot utime: Operation not permitted
build	Cache Android SDK	2026-06-06T12:22:44.4410419Z /usr/bin/tar: ../../../../../usr/local/lib/android/sdk/platforms/android-35-ext14/data/res/values-mcc310-mnc280-fr-rCA: Cannot change mode to rwxr-xr-x: Operation not permitted
build	Cache Android SDK	2026-06-06T12:22:44.4413283Z /usr/bin/tar: ../../../../../usr/local/lib/android/sdk/platforms/android-35-ext14/data/res/values-mcc311-mnc180-es-rUS: Cannot utime: Operation not permitted
build	Cache Android SDK	2026-06-06T12:22:44.4413782Z /usr/bin/tar: ../../../../../usr/local/lib/android/sdk/platforms/android-35-ext14/data/res/values-mcc311-mnc180-es-rUS: Cannot change mode to rwxr-xr-x: Operation not permitted
build	Cache Android SDK	2026-06-06T12:22:44.4416809Z /usr/bin/tar: ../../../../../usr/local/lib/android/sdk/platforms/android-35-ext14/data/res/raw-rm: Cannot utime: Operation not permitted
build	Cache Android SDK	2026-06-06T12:22:44.4417215Z /usr/bin/tar: ../../../../../usr/local/lib/android/sdk/platforms/android-35-ext14/data/res/raw-rm: Cannot change mode to rwxr-xr-x: Operation not permitted
build	Cache Android SDK	2026-06-06T12:22:44.4419891Z /usr/bin/tar: ../../../../../usr/local/lib/android/sdk/platforms/android-35-ext14/data/res/values-mcc310-mnc310-bs: Cannot utime: Operation not permitted
build	Cache Android SDK	2026-06-06T12:22:44.4420368Z /usr/bin/tar: ../../../../../usr/local/lib/android/sdk/platforms/android-35-ext14/data/res/values-mcc310-mnc310-bs: Cannot change mode to rwxr-xr-x: Operation not permitted
build	Cache Android SDK	2026-06-06T12:22:44.4423171Z /usr/bin/tar: ../../../../../usr/local/lib/android/sdk/platforms/android-35-ext14/data/res/values-lt-watch: Cannot utime: Operation not permitted
build	Cache Android SDK	2026-06-06T12:22:44.4423711Z /usr/bin/tar: ../../../../../usr/local/lib/android/sdk/platforms/android-35-ext14/data/res/values-lt-watch: Cannot change mode to rwxr-xr-x: Operation not permitted
build	Cache Android SDK	2026-06-06T12:22:44.4426443Z /usr/bin/tar: ../../../../../usr/local/lib/android/sdk/platforms/android-35-ext14/data/res/values-mcc302-mnc720-de: Cannot utime: Operation not permitted
build	Cache Android SDK	2026-06-06T12:22:44.4426896Z /usr/bin/tar: ../../../../../usr/local/lib/android/sdk/platforms/android-35-ext14/data/res/values-mcc302-mnc720-de: Cannot change mode to rwxr-xr-x: Operation not permitted
build	Cache Android SDK	2026-06-06T12:22:44.4429488Z /usr/bin/tar: ../../../../../usr/local/lib/android/sdk/platforms/android-35-ext14/data/res/values-mcc310-mnc660-vi: Cannot utime: Operation not permitted
build	Cache Android SDK	2026-06-06T12:22:44.4429950Z /usr/bin/tar: ../../../../../usr/local/lib/android/sdk/platforms/android-35-ext14/data/res/values-mcc310-mnc660-vi: Cannot change mode to rwxr-xr-x: Operation not permitted
build	Cache Android SDK	2026-06-06T12:22:44.4432928Z /usr/bin/tar: ../../../../../usr/local/lib/android/sdk/platforms/android-35-ext14/data/res/values-mcc310-mnc950-lt: Cannot utime: Operation not permitted
build	Cache Android SDK	2026-06-06T12:22:44.4433403Z /usr/bin/tar: ../../../../../usr/local/lib/android/sdk/platforms/android-35-ext14/data/res/values-mcc310-mnc950-lt: Cannot change mode to rwxr-xr-x: Operation not permitted
build	Cache Android SDK	2026-06-06T12:22:44.4436342Z /usr/bin/tar: ../../../../../usr/local/lib/android/sdk/platforms/android-35-ext14/data/res/values-mcc310-mnc280-sr: Cannot utime: Operation not permitted
build	Cache Android SDK	2026-06-06T12:22:44.4436799Z /usr/bin/tar: ../../../../../usr/local/lib/android/sdk/platforms/android-35-ext14/data/res/values-mcc310-mnc280-sr: Cannot change mode to rwxr-xr-x: Operation not permitted
build	Cache Android SDK	2026-06-06T12:22:44.4440696Z /usr/bin/tar: ../../../../../usr/local/lib/android/sdk/platforms/android-35-ext14/data/res/mipmap-xxxhdpi: Cannot utime: Operation not permitted
build	Cache Android SDK	2026-06-06T12:22:44.4441161Z /usr/bin/tar: ../../../../../usr/local/lib/android/sdk/platforms/android-35-ext14/data/res/mipmap-xxxhdpi: Cannot change mode to rwxr-xr-x: Operation not permitted
build	Cache Android SDK	2026-06-06T12:22:44.4444730Z /usr/bin/tar: ../../../../../usr/local/lib/android/sdk/platforms/android-35-ext14/data/res/values-notround-watch: Cannot utime: Operation not permitted
build	Cache Android SDK	2026-06-06T12:22:44.4445262Z /usr/bin/tar: ../../../../../usr/local/lib/android/sdk/platforms/android-35-ext14/data/res/values-notround-watch: Cannot change mode to rwxr-xr-x: Operation not permitted
build	Cache Android SDK	2026-06-06T12:22:44.4448017Z /usr/bin/tar: ../../../../../usr/local/lib/android/sdk/platforms/android-35-ext14/data/res/values-mcc310-mnc660-bn: Cannot utime: Operation not permitted
build	Cache Android SDK	2026-06-06T12:22:44.4448475Z /usr/bin/tar: ../../../../../usr/local/lib/android/sdk/platforms/android-35-ext14/data/res/values-mcc310-mnc660-bn: Cannot change mode to rwxr-xr-x: Operation not permitted
build	Cache Android SDK	2026-06-06T12:22:44.4451213Z /usr/bin/tar: ../../../../../usr/local/lib/android/sdk/platforms/android-35-ext14/data/res/values-mcc313-mnc100-as: Cannot utime: Operation not permitted
build	Cache Android SDK	2026-06-06T12:22:44.4451842Z /usr/bin/tar: ../../../../../usr/local/lib/android/sdk/platforms/android-35-ext14/data/res/values-mcc313-mnc100-as: Cannot change mode to rwxr-xr-x: Operation not permitted
build	Cache Android SDK	2026-06-06T12:22:44.4454120Z /usr/bin/tar: ../../../../../usr/local/lib/android/sdk/platforms/android-35-ext14/data/res/values-mcc310-mnc170-pt-rBR: Cannot utime: Operation not permitted
build	Cache Android SDK	2026-06-06T12:22:44.4454606Z /usr/bin/tar: ../../../../../usr/local/lib/android/sdk/platforms/android-35-ext14/data/res/values-mcc310-mnc170-pt-rBR: Cannot change mode to rwxr-xr-x: Operation not permitted
build	Cache Android SDK	2026-06-06T12:22:44.4457469Z /usr/bin/tar: ../../../../../usr/local/lib/android/sdk/platforms/android-35-ext14/data/res/values-mcc310-mnc200-nb: Cannot utime: Operation not permitted
build	Cache Android SDK	2026-06-06T12:22:44.4458048Z /usr/bin/tar: ../../../../../usr/local/lib/android/sdk/platforms/android-35-ext14/data/res/values-mcc310-mnc200-nb: Cannot change mode to rwxr-xr-x: Operation not permitted
build	Cache Android SDK	2026-06-06T12:22:44.4460763Z /usr/bin/tar: ../../../../../usr/local/lib/android/sdk/platforms/android-35-ext14/data/res/values-mcc313-mnc100-nl: Cannot utime: Operation not permitted
build	Cache Android SDK	2026-06-06T12:22:44.4461348Z /usr/bin/tar: ../../../../../usr/local/lib/android/sdk/platforms/android-35-ext14/data/res/values-mcc313-mnc100-nl: Cannot change mode to rwxr-xr-x: Operation not permitted
build	Cache Android SDK	2026-06-06T12:22:44.4464331Z /usr/bin/tar: ../../../../../usr/local/lib/android/sdk/platforms/android-35-ext14/data/res/values-mcc310-mnc380-ka: Cannot utime: Operation not permitted
build	Cache Android SDK	2026-06-06T12:22:44.4464795Z /usr/bin/tar: ../../../../../usr/local/lib/android/sdk/platforms/android-35-ext14/data/res/values-mcc310-mnc380-ka: Cannot change mode to rwxr-xr-x: Operation not permitted
build	Cache Android SDK	2026-06-06T12:22:44.4468536Z /usr/bin/tar: ../../../../../usr/local/lib/android/sdk/platforms/android-35-ext14/data/res/values-mcc310-mnc240-nl: Cannot utime: Operation not permitted
build	Cache Android SDK	2026-06-06T12:22:44.4469007Z /usr/bin/tar: ../../../../../usr/local/lib/android/sdk/platforms/android-35-ext14/data/res/values-mcc310-mnc240-nl: Cannot change mode to rwxr-xr-x: Operation not permitted
build	Cache Android SDK	2026-06-06T12:22:44.4471992Z /usr/bin/tar: ../../../../../usr/local/lib/android/sdk/platforms/android-35-ext14/data/res/values-mcc001-mnc01-uk: Cannot utime: Operation not permitted
build	Cache Android SDK	2026-06-06T12:22:44.4472458Z /usr/bin/tar: ../../../../../usr/local/lib/android/sdk/platforms/android-35-ext14/data/res/values-mcc001-mnc01-uk: Cannot change mode to rwxr-xr-x: Operation not permitted
build	Cache Android SDK	2026-06-06T12:22:44.4475665Z /usr/bin/tar: ../../../../../usr/local/lib/android/sdk/platforms/android-35-ext14/data/res/values-bg-television: Cannot utime: Operation not permitted
build	Cache Android SDK	2026-06-06T12:22:44.4476128Z /usr/bin/tar: ../../../../../usr/local/lib/android/sdk/platforms/android-35-ext14/data/res/values-bg-television: Cannot change mode to rwxr-xr-x: Operation not permitted
build	Cache Android SDK	2026-06-06T12:22:44.4479346Z /usr/bin/tar: ../../../../../usr/local/lib/android/sdk/platforms/android-35-ext14/data/res/values-mcc310-mnc800-ur: Cannot utime: Operation not permitted
build	Cache Android SDK	2026-06-06T12:22:44.4479808Z /usr/bin/tar: ../../../../../usr/local/lib/android/sdk/platforms/android-35-ext14/data/res/values-mcc310-mnc800-ur: Cannot change mode to rwxr-xr-x: Operation not permitted
build	Cache Android SDK	2026-06-06T12:22:44.4483257Z /usr/bin/tar: ../../../../../usr/local/lib/android/sdk/platforms/android-35-ext14/data/res/values-mcc310-mnc410-hy: Cannot utime: Operation not permitted
build	Cache Android SDK	2026-06-06T12:22:44.4483723Z /usr/bin/tar: ../../../../../usr/local/lib/android/sdk/platforms/android-35-ext14/data/res/values-mcc310-mnc410-hy: Cannot change mode to rwxr-xr-x: Operation not permitted
build	Cache Android SDK	2026-06-06T12:22:44.4486475Z /usr/bin/tar: ../../../../../usr/local/lib/android/sdk/platforms/android-35-ext14/data/res/values-w213dp: Cannot utime: Operation not permitted
build	Cache Android SDK	2026-06-06T12:22:44.4486918Z /usr/bin/tar: ../../../../../usr/local/lib/android/sdk/platforms/android-35-ext14/data/res/values-w213dp: Cannot change mode to rwxr-xr-x: Operation not permitted
build	Cache Android SDK	2026-06-06T12:22:44.4489737Z /usr/bin/tar: ../../../../../usr/local/lib/android/sdk/platforms/android-35-ext14/data/res/values-mcc310-mnc410-es-rUS: Cannot utime: Operation not permitted
build	Cache Android SDK	2026-06-06T12:22:44.4490370Z /usr/bin/tar: ../../../../../usr/local/lib/android/sdk/platforms/android-35-ext14/data/res/values-mcc310-mnc410-es-rUS: Cannot change mode to rwxr-xr-x: Operation not permitted
build	Cache Android SDK	2026-06-06T12:22:44.4492986Z /usr/bin/tar: ../../../../../usr/local/lib/android/sdk/platforms/android-35-ext14/data/res/values-mcc310-mnc660-tl: Cannot utime: Operation not permitted
build	Cache Android SDK	2026-06-06T12:22:44.4493450Z /usr/bin/tar: ../../../../../usr/local/lib/android/sdk/platforms/android-35-ext14/data/res/values-mcc310-mnc660-tl: Cannot change mode to rwxr-xr-x: Operation not permitted
build	Cache Android SDK	2026-06-06T12:22:44.4498535Z /usr/bin/tar: ../../../../../usr/local/lib/android/sdk/platforms/android-35-ext14/data/res/values-mcc310-mnc280-bn: Cannot utime: Operation not permitted
build	Cache Android SDK	2026-06-06T12:22:44.4499109Z /usr/bin/tar: ../../../../../usr/local/lib/android/sdk/platforms/android-35-ext14/data/res/values-mcc310-mnc280-bn: Cannot change mode to rwxr-xr-x: Operation not permitted
build	Cache Android SDK	2026-06-06T12:22:44.4502845Z /usr/bin/tar: ../../../../../usr/local/lib/android/sdk/platforms/android-35-ext14/data/res/values-mcc313-mnc100-b+sr+Latn: Cannot utime: Operation not permitted
build	Cache Android SDK	2026-06-06T12:22:44.4503455Z /usr/bin/tar: ../../../../../usr/local/lib/android/sdk/platforms/android-35-ext14/data/res/values-mcc313-mnc100-b+sr+Latn: Cannot change mode to rwxr-xr-x: Operation not permitted
build	Cache Android SDK	2026-06-06T12:22:44.4505744Z /usr/bin/tar: ../../../../../usr/local/lib/android/sdk/platforms/android-35-ext14/data/res/values-mcc466-mnc01: Cannot utime: Operation not permitted
build	Cache Android SDK	2026-06-06T12:22:44.4506230Z /usr/bin/tar: ../../../../../usr/local/lib/android/sdk/platforms/android-35-ext14/data/res/values-mcc466-mnc01: Cannot change mode to rwxr-xr-x: Operation not permitted
build	Cache Android SDK	2026-06-06T12:22:44.4509656Z /usr/bin/tar: ../../../../../usr/local/lib/android/sdk/platforms/android-35-ext14/data/res/raw-th: Cannot utime: Operation not permitted
build	Cache Android SDK	2026-06-06T12:22:44.4510089Z /usr/bin/tar: ../../../../../usr/local/lib/android/sdk/platforms/android-35-ext14/data/res/raw-th: Cannot change mode to rwxr-xr-x: Operation not permitted
build	Cache Android SDK	2026-06-06T12:22:44.4513216Z /usr/bin/tar: ../../../../../usr/local/lib/android/sdk/platforms/android-35-ext14/data/res/values-mcc302-mnc720-in: Cannot utime: Operation not permitted
build	Cache Android SDK	2026-06-06T12:22:44.4513701Z /usr/bin/tar: ../../../../../usr/local/lib/android/sdk/platforms/android-35-ext14/data/res/values-mcc302-mnc720-in: Cannot change mode to rwxr-xr-x: Operation not permitted
build	Cache Android SDK	2026-06-06T12:22:44.4516717Z /usr/bin/tar: ../../../../../usr/local/lib/android/sdk/platforms/android-35-ext14/data/res/values-mcc310-mnc210-gl: Cannot utime: Operation not permitted
build	Cache Android SDK	2026-06-06T12:22:44.4517202Z /usr/bin/tar: ../../../../../usr/local/lib/android/sdk/platforms/android-35-ext14/data/res/values-mcc310-mnc210-gl: Cannot change mode to rwxr-xr-x: Operation not permitted
build	Cache Android SDK	2026-06-06T12:22:44.4519777Z /usr/bin/tar: ../../../../../usr/local/lib/android/sdk/platforms/android-35-ext14/data/res/values-fr-rCH: Cannot utime: Operation not permitted
build	Cache Android SDK	2026-06-06T12:22:44.4520241Z /usr/bin/tar: ../../../../../usr/local/lib/android/sdk/platforms/android-35-ext14/data/res/values-fr-rCH: Cannot change mode to rwxr-xr-x: Operation not permitted
build	Cache Android SDK	2026-06-06T12:22:44.4523022Z /usr/bin/tar: ../../../../../usr/local/lib/android/sdk/platforms/android-35-ext14/data/res/values-hr-television: Cannot utime: Operation not permitted
build	Cache Android SDK	2026-06-06T12:22:44.4523499Z /usr/bin/tar: ../../../../../usr/local/lib/android/sdk/platforms/android-35-ext14/data/res/values-hr-television: Cannot change mode to rwxr-xr-x: Operation not permitted
build	Cache Android SDK	2026-06-06T12:22:44.4526534Z /usr/bin/tar: ../../../../../usr/local/lib/android/sdk/platforms/android-35-ext14/data/res/values-mcc313-mnc100-fr: Cannot utime: Operation not permitted
build	Cache Android SDK	2026-06-06T12:22:44.4527017Z /usr/bin/tar: ../../../../../usr/local/lib/android/sdk/platforms/android-35-ext14/data/res/values-mcc313-mnc100-fr: Cannot change mode to rwxr-xr-x: Operation not permitted
build	Cache Android SDK	2026-06-06T12:22:44.4530249Z /usr/bin/tar: ../../../../../usr/local/lib/android/sdk/platforms/android-35-ext14/data/res/values-km-television: Cannot utime: Operation not permitted
build	Cache Android SDK	2026-06-06T12:22:44.4530724Z /usr/bin/tar: ../../../../../usr/local/lib/android/sdk/platforms/android-35-ext14/data/res/values-km-television: Cannot change mode to rwxr-xr-x: Operation not permitted
build	Cache Android SDK	2026-06-06T12:22:44.4534984Z /usr/bin/tar: ../../../../../usr/local/lib/android/sdk/platforms/android-35-ext14/data/res/values-mcc310-mnc410-ar: Cannot utime: Operation not permitted
build	Cache Android SDK	2026-06-06T12:22:44.4535462Z /usr/bin/tar: ../../../../../usr/local/lib/android/sdk/platforms/android-35-ext14/data/res/values-mcc310-mnc410-ar: Cannot change mode to rwxr-xr-x: Operation not permitted
build	Cache Android SDK	2026-06-06T12:22:44.4538350Z /usr/bin/tar: ../../../../../usr/local/lib/android/sdk/platforms/android-35-ext14/data/res/values-mcc310-mnc660-fr: Cannot utime: Operation not permitted
build	Cache Android SDK	2026-06-06T12:22:44.4538951Z /usr/bin/tar: ../../../../../usr/local/lib/android/sdk/platforms/android-35-ext14/data/res/values-mcc310-mnc660-fr: Cannot change mode to rwxr-xr-x: Operation not permitted
build	Cache Android SDK	2026-06-06T12:22:44.4542397Z /usr/bin/tar: ../../../../../usr/local/lib/android/sdk/platforms/android-35-ext14/data/res/values-mcc310-mnc160-es-rUS: Cannot utime: Operation not permitted
build	Cache Android SDK	2026-06-06T12:22:44.4543066Z /usr/bin/tar: ../../../../../usr/local/lib/android/sdk/platforms/android-35-ext14/data/res/values-mcc310-mnc160-es-rUS: Cannot change mode to rwxr-xr-x: Operation not permitted
build	Cache Android SDK	2026-06-06T12:22:44.4545284Z /usr/bin/tar: ../../../../../usr/local/lib/android/sdk/platforms/android-35-ext14/data/res/values-mcc310-mnc200: Cannot utime: Operation not permitted
build	Cache Android SDK	2026-06-06T12:22:44.4545758Z /usr/bin/tar: ../../../../../usr/local/lib/android/sdk/platforms/android-35-ext14/data/res/values-mcc310-mnc200: Cannot change mode to rwxr-xr-x: Operation not permitted
build	Cache Android SDK	2026-06-06T12:22:44.4548599Z /usr/bin/tar: ../../../../../usr/local/lib/android/sdk/platforms/android-35-ext14/data/res/values-mcc310-mnc270-tl: Cannot utime: Operation not permitted
build	Cache Android SDK	2026-06-06T12:22:44.4549077Z /usr/bin/tar: ../../../../../usr/local/lib/android/sdk/platforms/android-35-ext14/data/res/values-mcc310-mnc270-tl: Cannot change mode to rwxr-xr-x: Operation not permitted
build	Cache Android SDK	2026-06-06T12:22:44.4551911Z /usr/bin/tar: ../../../../../usr/local/lib/android/sdk/platforms/android-35-ext14/data/res/values-mcc310-mnc950-sk: Cannot utime: Operation not permitted
build	Cache Android SDK	2026-06-06T12:22:44.4552389Z /usr/bin/tar: ../../../../../usr/local/lib/android/sdk/platforms/android-35-ext14/data/res/values-mcc310-mnc950-sk: Cannot change mode to rwxr-xr-x: Operation not permitted
build	Cache Android SDK	2026-06-06T12:22:44.4554779Z /usr/bin/tar: ../../../../../usr/local/lib/android/sdk/platforms/android-35-ext14/data/res/values-mcc310-mnc240-ky: Cannot utime: Operation not permitted
build	Cache Android SDK	2026-06-06T12:22:44.4555257Z /usr/bin/tar: ../../../../../usr/local/lib/android/sdk/platforms/android-35-ext14/data/res/values-mcc310-mnc240-ky: Cannot change mode to rwxr-xr-x: Operation not permitted
build	Cache Android SDK	2026-06-06T12:22:44.4558343Z /usr/bin/tar: ../../../../../usr/local/lib/android/sdk/platforms/android-35-ext14/data/res/values-mcc310-mnc310-ky: Cannot utime: Operation not permitted
build	Cache Android SDK	2026-06-06T12:22:44.4558817Z /usr/bin/tar: ../../../../../usr/local/lib/android/sdk/platforms/android-35-ext14/data/res/values-mcc310-mnc310-ky: Cannot change mode to rwxr-xr-x: Operation not permitted
build	Cache Android SDK	2026-06-06T12:22:44.4561517Z /usr/bin/tar: ../../../../../usr/local/lib/android/sdk/platforms/android-35-ext14/data/res/values-mcc310-mnc250-hu: Cannot utime: Operation not permitted
build	Cache Android SDK	2026-06-06T12:22:44.4561985Z /usr/bin/tar: ../../../../../usr/local/lib/android/sdk/platforms/android-35-ext14/data/res/values-mcc310-mnc250-hu: Cannot change mode to rwxr-xr-x: Operation not permitted
build	Cache Android SDK	2026-06-06T12:22:44.4565121Z /usr/bin/tar: ../../../../../usr/local/lib/android/sdk/platforms/android-35-ext14/data/res/values-mcc311-mnc490: Cannot utime: Operation not permitted
build	Cache Android SDK	2026-06-06T12:22:44.4565610Z /usr/bin/tar: ../../../../../usr/local/lib/android/sdk/platforms/android-35-ext14/data/res/values-mcc311-mnc490: Cannot change mode to rwxr-xr-x: Operation not permitted
build	Cache Android SDK	2026-06-06T12:22:44.4568443Z /usr/bin/tar: ../../../../../usr/local/lib/android/sdk/platforms/android-35-ext14/data/res/values-mcc310-mnc220-zu: Cannot utime: Operation not permitted
build	Cache Android SDK	2026-06-06T12:22:44.4568929Z /usr/bin/tar: ../../../../../usr/local/lib/android/sdk/platforms/android-35-ext14/data/res/values-mcc310-mnc220-zu: Cannot change mode to rwxr-xr-x: Operation not permitted
build	Cache Android SDK	2026-06-06T12:22:44.4572379Z /usr/bin/tar: ../../../../../usr/local/lib/android/sdk/platforms/android-35-ext14/data/res/values-mcc310-mnc150-gl: Cannot utime: Operation not permitted
build	Cache Android SDK	2026-06-06T12:22:44.4572853Z /usr/bin/tar: ../../../../../usr/local/lib/android/sdk/platforms/android-35-ext14/data/res/values-mcc310-mnc150-gl: Cannot change mode to rwxr-xr-x: Operation not permitted
build	Cache Android SDK	2026-06-06T12:22:44.4575630Z /usr/bin/tar: ../../../../../usr/local/lib/android/sdk/platforms/android-35-ext14/data/res/values-mcc302-mnc220: Cannot utime: Operation not permitted
build	Cache Android SDK	2026-06-06T12:22:44.4576108Z /usr/bin/tar: ../../../../../usr/local/lib/android/sdk/platforms/android-35-ext14/data/res/values-mcc302-mnc220: Cannot change mode to rwxr-xr-x: Operation not permitted
build	Cache Android SDK	2026-06-06T12:22:44.4579096Z /usr/bin/tar: ../../../../../usr/local/lib/android/sdk/platforms/android-35-ext14/data/res/values-mcc310-mnc560-sv: Cannot utime: Operation not permitted
build	Cache Android SDK	2026-06-06T12:22:44.4579560Z /usr/bin/tar: ../../../../../usr/local/lib/android/sdk/platforms/android-35-ext14/data/res/values-mcc310-mnc560-sv: Cannot change mode to rwxr-xr-x: Operation not permitted
build	Cache Android SDK	2026-06-06T12:22:44.4582545Z /usr/bin/tar: ../../../../../usr/local/lib/android/sdk/platforms/android-35-ext14/data/res/values-mcc310-mnc560-hy: Cannot utime: Operation not permitted
build	Cache Android SDK	2026-06-06T12:22:44.4583031Z /usr/bin/tar: ../../../../../usr/local/lib/android/sdk/platforms/android-35-ext14/data/res/values-mcc310-mnc560-hy: Cannot change mode to rwxr-xr-x: Operation not permitted
build	Cache Android SDK	2026-06-06T12:22:44.4585901Z /usr/bin/tar: ../../../../../usr/local/lib/android/sdk/platforms/android-35-ext14/data/res/values-mcc310-mnc170-en-rGB: Cannot utime: Operation not permitted
build	Cache Android SDK	2026-06-06T12:22:44.4586395Z /usr/bin/tar: ../../../../../usr/local/lib/android/sdk/platforms/android-35-ext14/data/res/values-mcc310-mnc170-en-rGB: Cannot change mode to rwxr-xr-x: Operation not permitted
build	Cache Android SDK	2026-06-06T12:22:44.4625343Z /usr/bin/tar: ../../../../../usr/local/lib/android/sdk/platforms/android-35-ext14/data/res/drawable-sw720dp-nodpi: Cannot utime: Operation not permitted
build	Cache Android SDK	2026-06-06T12:22:44.4626140Z /usr/bin/tar: ../../../../../usr/local/lib/android/sdk/platforms/android-35-ext14/data/res/drawable-sw720dp-nodpi: Cannot change mode to rwxr-xr-x: Operation not permitted
build	Cache Android SDK	2026-06-06T12:22:44.4628162Z /usr/bin/tar: ../../../../../usr/local/lib/android/sdk/platforms/android-35-ext14/data/res/values-mcc310-mnc410-ru: Cannot utime: Operation not permitted
build	Cache Android SDK	2026-06-06T12:22:44.4628665Z /usr/bin/tar: ../../../../../usr/local/lib/android/sdk/platforms/android-35-ext14/data/res/values-mcc310-mnc410-ru: Cannot change mode to rwxr-xr-x: Operation not permitted
build	Cache Android SDK	2026-06-06T12:22:44.4631154Z /usr/bin/tar: ../../../../../usr/local/lib/android/sdk/platforms/android-35-ext14/data/res/values-mcc310-mnc380-ko: Cannot utime: Operation not permitted
build	Cache Android SDK	2026-06-06T12:22:44.4631632Z /usr/bin/tar: ../../../../../usr/local/lib/android/sdk/platforms/android-35-ext14/data/res/values-mcc310-mnc380-ko: Cannot change mode to rwxr-xr-x: Operation not permitted
build	Cache Android SDK	2026-06-06T12:22:44.4635015Z /usr/bin/tar: ../../../../../usr/local/lib/android/sdk/platforms/android-35-ext14/data/res/values-mcc302-mnc720-fr: Cannot utime: Operation not permitted
build	Cache Android SDK	2026-06-06T12:22:44.4635521Z /usr/bin/tar: ../../../../../usr/local/lib/android/sdk/platforms/android-35-ext14/data/res/values-mcc302-mnc720-fr: Cannot change mode to rwxr-xr-x: Operation not permitted
build	Cache Android SDK	2026-06-06T12:22:44.4648916Z /usr/bin/tar: ../../../../../usr/local/lib/android/sdk/platforms/android-35-ext14/data/res/drawable-land-hdpi: Cannot utime: Operation not permitted
build	Cache Android SDK	2026-06-06T12:22:44.4649686Z /usr/bin/tar: ../../../../../usr/local/lib/android/sdk/platforms/android-35-ext14/data/res/drawable-land-hdpi: Cannot change mode to rwxr-xr-x: Operation not permitted
build	Cache Android SDK	2026-06-06T12:22:44.4652098Z /usr/bin/tar: ../../../../../usr/local/lib/android/sdk/platforms/android-35-ext14/data/res/values-mcc310-mnc660-it: Cannot utime: Operation not permitted
build	Cache Android SDK	2026-06-06T12:22:44.4652592Z /usr/bin/tar: ../../../../../usr/local/lib/android/sdk/platforms/android-35-ext14/data/res/values-mcc310-mnc660-it: Cannot change mode to rwxr-xr-x: Operation not permitted
build	Cache Android SDK	2026-06-06T12:22:44.4658120Z /usr/bin/tar: ../../../../../usr/local/lib/android/sdk/platforms/android-35-ext14/data/res/values-mcc310-mnc250-ru: Cannot utime: Operation not permitted
build	Cache Android SDK	2026-06-06T12:22:44.4658762Z /usr/bin/tar: ../../../../../usr/local/lib/android/sdk/platforms/android-35-ext14/data/res/values-mcc310-mnc250-ru: Cannot change mode to rwxr-xr-x: Operation not permitted
build	Cache Android SDK	2026-06-06T12:22:44.4662880Z /usr/bin/tar: ../../../../../usr/local/lib/android/sdk/platforms/android-35-ext14/data/res/values-et-television: Cannot utime: Operation not permitted
build	Cache Android SDK	2026-06-06T12:22:44.4663421Z /usr/bin/tar: ../../../../../usr/local/lib/android/sdk/platforms/android-35-ext14/data/res/values-et-television: Cannot change mode to rwxr-xr-x: Operation not permitted
build	Cache Android SDK	2026-06-06T12:22:44.4667276Z /usr/bin/tar: ../../../../../usr/local/lib/android/sdk/platforms/android-35-ext14/data/res/values-mcc310-mnc280-si: Cannot utime: Operation not permitted
build	Cache Android SDK	2026-06-06T12:22:44.4667864Z /usr/bin/tar: ../../../../../usr/local/lib/android/sdk/platforms/android-35-ext14/data/res/values-mcc310-mnc280-si: Cannot change mode to rwxr-xr-x: Operation not permitted
build	Cache Android SDK	2026-06-06T12:22:44.4671106Z /usr/bin/tar: ../../../../../usr/local/lib/android/sdk/platforms/android-35-ext14/data/res/values-mcc311-mnc180-nl: Cannot utime: Operation not permitted
build	Cache Android SDK	2026-06-06T12:22:44.4671594Z /usr/bin/tar: ../../../../../usr/local/lib/android/sdk/platforms/android-35-ext14/data/res/values-mcc311-mnc180-nl: Cannot change mode to rwxr-xr-x: Operation not permitted
build	Cache Android SDK	2026-06-06T12:22:44.4677830Z /usr/bin/tar: ../../../../../usr/local/lib/android/sdk/platforms/android-35-ext14/data/res/drawable-sw600dp-hdpi: Cannot utime: Operation not permitted
build	Cache Android SDK	2026-06-06T12:22:44.4678326Z /usr/bin/tar: ../../../../../usr/local/lib/android/sdk/platforms/android-35-ext14/data/res/drawable-sw600dp-hdpi: Cannot change mode to rwxr-xr-x: Operation not permitted
build	Cache Android SDK	2026-06-06T12:22:44.4681816Z /usr/bin/tar: ../../../../../usr/local/lib/android/sdk/platforms/android-35-ext14/data/res/values-mcc302-mnc370-sr: Cannot utime: Operation not permitted
build	Cache Android SDK	2026-06-06T12:22:44.4682666Z /usr/bin/tar: ../../../../../usr/local/lib/android/sdk/platforms/android-35-ext14/data/res/values-mcc302-mnc370-sr: Cannot change mode to rwxr-xr-x: Operation not permitted
build	Cache Android SDK	2026-06-06T12:22:44.4684537Z /usr/bin/tar: ../../../../../usr/local/lib/android/sdk/platforms/android-35-ext14/data/res/values-mcc310-mnc310-is: Cannot utime: Operation not permitted
build	Cache Android SDK	2026-06-06T12:22:44.4685143Z /usr/bin/tar: ../../../../../usr/local/lib/android/sdk/platforms/android-35-ext14/data/res/values-mcc310-mnc310-is: Cannot change mode to rwxr-xr-x: Operation not permitted
build	Cache Android SDK	2026-06-06T12:22:44.4688176Z /usr/bin/tar: ../../../../../usr/local/lib/android/sdk/platforms/android-35-ext14/data/res/values-mcc310-mnc240-es-rUS: Cannot utime: Operation not permitted
build	Cache Android SDK	2026-06-06T12:22:44.4688806Z /usr/bin/tar: ../../../../../usr/local/lib/android/sdk/platforms/android-35-ext14/data/res/values-mcc310-mnc240-es-rUS: Cannot change mode to rwxr-xr-x: Operation not permitted
build	Cache Android SDK	2026-06-06T12:22:44.4691057Z /usr/bin/tar: ../../../../../usr/local/lib/android/sdk/platforms/android-35-ext14/data/res/values-mcc310-mnc170-gl: Cannot utime: Operation not permitted
build	Cache Android SDK	2026-06-06T12:22:44.4691661Z /usr/bin/tar: ../../../../../usr/local/lib/android/sdk/platforms/android-35-ext14/data/res/values-mcc310-mnc170-gl: Cannot change mode to rwxr-xr-x: Operation not permitted
build	Cache Android SDK	2026-06-06T12:22:44.4694244Z /usr/bin/tar: ../../../../../usr/local/lib/android/sdk/platforms/android-35-ext14/data/res/values-mcc310-mnc270-uk: Cannot utime: Operation not permitted
build	Cache Android SDK	2026-06-06T12:22:44.4694819Z /usr/bin/tar: ../../../../../usr/local/lib/android/sdk/platforms/android-35-ext14/data/res/values-mcc310-mnc270-uk: Cannot change mode to rwxr-xr-x: Operation not permitted
build	Cache Android SDK	2026-06-06T12:22:44.4697299Z /usr/bin/tar: ../../../../../usr/local/lib/android/sdk/platforms/android-35-ext14/data/res/values-mcc310-mnc800-fi: Cannot utime: Operation not permitted
build	Cache Android SDK	2026-06-06T12:22:44.4697911Z /usr/bin/tar: ../../../../../usr/local/lib/android/sdk/platforms/android-35-ext14/data/res/values-mcc310-mnc800-fi: Cannot change mode to rwxr-xr-x: Operation not permitted
build	Cache Android SDK	2026-06-06T12:22:44.4700074Z /usr/bin/tar: ../../../../../usr/local/lib/android/sdk/platforms/android-35-ext14/data/res/values-mcc450: Cannot utime: Operation not permitted
build	Cache Android SDK	2026-06-06T12:22:44.4700787Z /usr/bin/tar: ../../../../../usr/local/lib/android/sdk/platforms/android-35-ext14/data/res/values-mcc450: Cannot change mode to rwxr-xr-x: Operation not permitted
build	Cache Android SDK	2026-06-06T12:22:44.4703470Z /usr/bin/tar: ../../../../../usr/local/lib/android/sdk/platforms/android-35-ext14/data/res/values-or-television: Cannot utime: Operation not permitted
build	Cache Android SDK	2026-06-06T12:22:44.4703945Z /usr/bin/tar: ../../../../../usr/local/lib/android/sdk/platforms/android-35-ext14/data/res/values-or-television: Cannot change mode to rwxr-xr-x: Operation not permitted
build	Cache Android SDK	2026-06-06T12:22:44.4707101Z /usr/bin/tar: ../../../../../usr/local/lib/android/sdk/platforms/android-35-ext14/data/res/values-es-rES: Cannot utime: Operation not permitted
build	Cache Android SDK	2026-06-06T12:22:44.4707677Z /usr/bin/tar: ../../../../../usr/local/lib/android/sdk/platforms/android-35-ext14/data/res/values-es-rES: Cannot change mode to rwxr-xr-x: Operation not permitted
build	Cache Android SDK	2026-06-06T12:22:44.4710429Z /usr/bin/tar: ../../../../../usr/local/lib/android/sdk/platforms/android-35-ext14/data/res/values-mcc302-mnc370-nl: Cannot utime: Operation not permitted
build	Cache Android SDK	2026-06-06T12:22:44.4710933Z /usr/bin/tar: ../../../../../usr/local/lib/android/sdk/platforms/android-35-ext14/data/res/values-mcc302-mnc370-nl: Cannot change mode to rwxr-xr-x: Operation not permitted
build	Cache Android SDK	2026-06-06T12:22:44.4713490Z /usr/bin/tar: ../../../../../usr/local/lib/android/sdk/platforms/android-35-ext14/data/res/values-mcc310-mnc950-fr-rCA: Cannot utime: Operation not permitted
build	Cache Android SDK	2026-06-06T12:22:44.4713991Z /usr/bin/tar: ../../../../../usr/local/lib/android/sdk/platforms/android-35-ext14/data/res/values-mcc310-mnc950-fr-rCA: Cannot change mode to rwxr-xr-x: Operation not permitted
build	Cache Android SDK	2026-06-06T12:22:44.4716916Z /usr/bin/tar: ../../../../../usr/local/lib/android/sdk/platforms/android-35-ext14/data/res/values-mcc310-mnc210-ca: Cannot utime: Operation not permitted
build	Cache Android SDK	2026-06-06T12:22:44.4717502Z /usr/bin/tar: ../../../../../usr/local/lib/android/sdk/platforms/android-35-ext14/data/res/values-mcc310-mnc210-ca: Cannot change mode to rwxr-xr-x: Operation not permitted
build	Cache Android SDK	2026-06-06T12:22:44.4720099Z /usr/bin/tar: ../../../../../usr/local/lib/android/sdk/platforms/android-35-ext14/data/res/values-mcc310-mnc490-el: Cannot utime: Operation not permitted
build	Cache Android SDK	2026-06-06T12:22:44.4720576Z /usr/bin/tar: ../../../../../usr/local/lib/android/sdk/platforms/android-35-ext14/data/res/values-mcc310-mnc490-el: Cannot change mode to rwxr-xr-x: Operation not permitted
build	Cache Android SDK	2026-06-06T12:22:44.4722866Z /usr/bin/tar: ../../../../../usr/local/lib/android/sdk/platforms/android-35-ext14/data/res/values-mcc311-mnc180-uk: Cannot utime: Operation not permitted
build	Cache Android SDK	2026-06-06T12:22:44.4723412Z /usr/bin/tar: ../../../../../usr/local/lib/android/sdk/platforms/android-35-ext14/data/res/values-mcc311-mnc180-uk: Cannot change mode to rwxr-xr-x: Operation not permitted
build	Cache Android SDK	2026-06-06T12:22:44.4725657Z /usr/bin/tar: ../../../../../usr/local/lib/android/sdk/platforms/android-35-ext14/data/res/values-ms-watch: Cannot utime: Operation not permitted
build	Cache Android SDK	2026-06-06T12:22:44.4726207Z /usr/bin/tar: ../../../../../usr/local/lib/android/sdk/platforms/android-35-ext14/data/res/values-ms-watch: Cannot change mode to rwxr-xr-x: Operation not permitted
build	Cache Android SDK	2026-06-06T12:22:44.4729151Z /usr/bin/tar: ../../../../../usr/local/lib/android/sdk/platforms/android-35-ext14/data/res/values-mcc310-mnc220-mr: Cannot utime: Operation not permitted
build	Cache Android SDK	2026-06-06T12:22:44.4729627Z /usr/bin/tar: ../../../../../usr/local/lib/android/sdk/platforms/android-35-ext14/data/res/values-mcc310-mnc220-mr: Cannot change mode to rwxr-xr-x: Operation not permitted
build	Cache Android SDK	2026-06-06T12:22:44.4732221Z /usr/bin/tar: ../../../../../usr/local/lib/android/sdk/platforms/android-35-ext14/data/res/values-mcc310-mnc660-kn: Cannot utime: Operation not permitted
build	Cache Android SDK	2026-06-06T12:22:44.4732689Z /usr/bin/tar: ../../../../../usr/local/lib/android/sdk/platforms/android-35-ext14/data/res/values-mcc310-mnc660-kn: Cannot change mode to rwxr-xr-x: Operation not permitted
build	Cache Android SDK	2026-06-06T12:22:44.4735170Z /usr/bin/tar: ../../../../../usr/local/lib/android/sdk/platforms/android-35-ext14/data/res/values-mcc310-mnc210-b+sr+Latn: Cannot utime: Operation not permitted
build	Cache Android SDK	2026-06-06T12:22:44.4735674Z /usr/bin/tar: ../../../../../usr/local/lib/android/sdk/platforms/android-35-ext14/data/res/values-mcc310-mnc210-b+sr+Latn: Cannot change mode to rwxr-xr-x: Operation not permitted
build	Cache Android SDK	2026-06-06T12:22:44.4738698Z /usr/bin/tar: ../../../../../usr/local/lib/android/sdk/platforms/android-35-ext14/data/res/values-mcc310-mnc220-iw: Cannot utime: Operation not permitted
build	Cache Android SDK	2026-06-06T12:22:44.4739178Z /usr/bin/tar: ../../../../../usr/local/lib/android/sdk/platforms/android-35-ext14/data/res/values-mcc310-mnc220-iw: Cannot change mode to rwxr-xr-x: Operation not permitted
build	Cache Android SDK	2026-06-06T12:22:44.4741738Z /usr/bin/tar: ../../../../../usr/local/lib/android/sdk/platforms/android-35-ext14/data/res/values-mcc334-mnc020-uk: Cannot utime: Operation not permitted
build	Cache Android SDK	2026-06-06T12:22:44.4742279Z /usr/bin/tar: ../../../../../usr/local/lib/android/sdk/platforms/android-35-ext14/data/res/values-mcc334-mnc020-uk: Cannot change mode to rwxr-xr-x: Operation not permitted
build	Cache Android SDK	2026-06-06T12:22:44.4744582Z /usr/bin/tar: ../../../../../usr/local/lib/android/sdk/platforms/android-35-ext14/data/res/values-mcc313-mnc100-et: Cannot utime: Operation not permitted
build	Cache Android SDK	2026-06-06T12:22:44.4745059Z /usr/bin/tar: ../../../../../usr/local/lib/android/sdk/platforms/android-35-ext14/data/res/values-mcc313-mnc100-et: Cannot change mode to rwxr-xr-x: Operation not permitted
build	Cache Android SDK	2026-06-06T12:22:44.4747887Z /usr/bin/tar: ../../../../../usr/local/lib/android/sdk/platforms/android-35-ext14/data/res/values-nl-rBE: Cannot utime: Operation not permitted
build	Cache Android SDK	2026-06-06T12:22:44.4748419Z /usr/bin/tar: ../../../../../usr/local/lib/android/sdk/platforms/android-35-ext14/data/res/values-nl-rBE: Cannot change mode to rwxr-xr-x: Operation not permitted
build	Cache Android SDK	2026-06-06T12:22:44.4751267Z /usr/bin/tar: ../../../../../usr/local/lib/android/sdk/platforms/android-35-ext14/data/res/values-mcc310-mnc560-gu: Cannot utime: Operation not permitted
build	Cache Android SDK	2026-06-06T12:22:44.4751841Z /usr/bin/tar: ../../../../../usr/local/lib/android/sdk/platforms/android-35-ext14/data/res/values-mcc310-mnc560-gu: Cannot change mode to rwxr-xr-x: Operation not permitted
build	Cache Android SDK	2026-06-06T12:22:44.4754203Z /usr/bin/tar: ../../../../../usr/local/lib/android/sdk/platforms/android-35-ext14/data/res/values-mcc310-mnc800-lv: Cannot utime: Operation not permitted
build	Cache Android SDK	2026-06-06T12:22:44.4754674Z /usr/bin/tar: ../../../../../usr/local/lib/android/sdk/platforms/android-35-ext14/data/res/values-mcc310-mnc800-lv: Cannot change mode to rwxr-xr-x: Operation not permitted
build	Cache Android SDK	2026-06-06T12:22:44.4757614Z /usr/bin/tar: ../../../../../usr/local/lib/android/sdk/platforms/android-35-ext14/data/res/values-mcc302-mnc720-nb: Cannot utime: Operation not permitted
build	Cache Android SDK	2026-06-06T12:22:44.4758149Z /usr/bin/tar: ../../../../../usr/local/lib/android/sdk/platforms/android-35-ext14/data/res/values-mcc302-mnc720-nb: Cannot change mode to rwxr-xr-x: Operation not permitted
build	Cache Android SDK	2026-06-06T12:22:44.4760431Z /usr/bin/tar: ../../../../../usr/local/lib/android/sdk/platforms/android-35-ext14/data/res/values-mcc313-mnc100-ru: Cannot utime: Operation not permitted
build	Cache Android SDK	2026-06-06T12:22:44.4761171Z /usr/bin/tar: ../../../../../usr/local/lib/android/sdk/platforms/android-35-ext14/data/res/values-mcc313-mnc100-ru: Cannot change mode to rwxr-xr-x: Operation not permitted
build	Cache Android SDK	2026-06-06T12:22:44.4763828Z /usr/bin/tar: ../../../../../usr/local/lib/android/sdk/platforms/android-35-ext14/data/res/values-mcc310-mnc380-sk: Cannot utime: Operation not permitted
build	Cache Android SDK	2026-06-06T12:22:44.4764308Z /usr/bin/tar: ../../../../../usr/local/lib/android/sdk/platforms/android-35-ext14/data/res/values-mcc310-mnc380-sk: Cannot change mode to rwxr-xr-x: Operation not permitted
build	Cache Android SDK	2026-06-06T12:22:44.4768449Z /usr/bin/tar: ../../../../../usr/local/lib/android/sdk/platforms/android-35-ext14/data/res/xml-xlarge: Cannot utime: Operation not permitted
build	Cache Android SDK	2026-06-06T12:22:44.4769093Z /usr/bin/tar: ../../../../../usr/local/lib/android/sdk/platforms/android-35-ext14/data/res/xml-xlarge: Cannot change mode to rwxr-xr-x: Operation not permitted
build	Cache Android SDK	2026-06-06T12:22:44.4771380Z /usr/bin/tar: ../../../../../usr/local/lib/android/sdk/platforms/android-35-ext14/data/res/values-mcc310-mnc240-uk: Cannot utime: Operation not permitted
build	Cache Android SDK	2026-06-06T12:22:44.4771860Z /usr/bin/tar: ../../../../../usr/local/lib/android/sdk/platforms/android-35-ext14/data/res/values-mcc310-mnc240-uk: Cannot change mode to rwxr-xr-x: Operation not permitted
build	Cache Android SDK	2026-06-06T12:22:44.4774841Z /usr/bin/tar: ../../../../../usr/local/lib/android/sdk/platforms/android-35-ext14/data/res/values-sw372dp: Cannot utime: Operation not permitted
build	Cache Android SDK	2026-06-06T12:22:44.4775291Z /usr/bin/tar: ../../../../../usr/local/lib/android/sdk/platforms/android-35-ext14/data/res/values-sw372dp: Cannot change mode to rwxr-xr-x: Operation not permitted
build	Cache Android SDK	2026-06-06T12:22:44.4778409Z /usr/bin/tar: ../../../../../usr/local/lib/android/sdk/platforms/android-35-ext14/data/res/values-mcc310-mnc160-b+sr+Latn: Cannot utime: Operation not permitted
build	Cache Android SDK	2026-06-06T12:22:44.4778936Z /usr/bin/tar: ../../../../../usr/local/lib/android/sdk/platforms/android-35-ext14/data/res/values-mcc310-mnc160-b+sr+Latn: Cannot change mode to rwxr-xr-x: Operation not permitted
build	Cache Android SDK	2026-06-06T12:22:44.4781552Z /usr/bin/tar: ../../../../../usr/local/lib/android/sdk/platforms/android-35-ext14/data/res/values-mcc334-mnc020-az: Cannot utime: Operation not permitted
build	Cache Android SDK	2026-06-06T12:22:44.4782026Z /usr/bin/tar: ../../../../../usr/local/lib/android/sdk/platforms/android-35-ext14/data/res/values-mcc334-mnc020-az: Cannot change mode to rwxr-xr-x: Operation not permitted
build	Cache Android SDK	2026-06-06T12:22:44.4785821Z /usr/bin/tar: ../../../../../usr/local/lib/android/sdk/platforms/android-35-ext14/data/res/raw-ru: Cannot utime: Operation not permitted
build	Cache Android SDK	2026-06-06T12:22:44.4786242Z /usr/bin/tar: ../../../../../usr/local/lib/android/sdk/platforms/android-35-ext14/data/res/raw-ru: Cannot change mode to rwxr-xr-x: Operation not permitted
build	Cache Android SDK	2026-06-06T12:22:44.4788888Z /usr/bin/tar: ../../../../../usr/local/lib/android/sdk/platforms/android-35-ext14/data/res/values-mcc310-mnc280-en-rIN: Cannot utime: Operation not permitted
build	Cache Android SDK	2026-06-06T12:22:44.4789378Z /usr/bin/tar: ../../../../../usr/local/lib/android/sdk/platforms/android-35-ext14/data/res/values-mcc310-mnc280-en-rIN: Cannot change mode to rwxr-xr-x: Operation not permitted
build	Cache Android SDK	2026-06-06T12:22:44.4792394Z /usr/bin/tar: ../../../../../usr/local/lib/android/sdk/platforms/android-35-ext14/data/res/values-mcc310-mnc270-lv: Cannot utime: Operation not permitted
build	Cache Android SDK	2026-06-06T12:22:44.4792853Z /usr/bin/tar: ../../../../../usr/local/lib/android/sdk/platforms/android-35-ext14/data/res/values-mcc310-mnc270-lv: Cannot change mode to rwxr-xr-x: Operation not permitted
build	Cache Android SDK	2026-06-06T12:22:44.4796458Z /usr/bin/tar: ../../../../../usr/local/lib/android/sdk/platforms/android-35-ext14/data/res/values-mcc310-mnc380-hu: Cannot utime: Operation not permitted
build	Cache Android SDK	2026-06-06T12:22:44.4796939Z /usr/bin/tar: ../../../../../usr/local/lib/android/sdk/platforms/android-35-ext14/data/res/values-mcc310-mnc380-hu: Cannot change mode to rwxr-xr-x: Operation not permitted
build	Cache Android SDK	2026-06-06T12:22:44.4800097Z /usr/bin/tar: ../../../../../usr/local/lib/android/sdk/platforms/android-35-ext14/data/res/values-mcc310-mnc660-hr: Cannot utime: Operation not permitted
build	Cache Android SDK	2026-06-06T12:22:44.4800745Z /usr/bin/tar: ../../../../../usr/local/lib/android/sdk/platforms/android-35-ext14/data/res/values-mcc310-mnc660-hr: Cannot change mode to rwxr-xr-x: Operation not permitted
build	Cache Android SDK	2026-06-06T12:22:44.4803668Z /usr/bin/tar: ../../../../../usr/local/lib/android/sdk/platforms/android-35-ext14/data/res/values-mcc310-mnc200-da: Cannot utime: Operation not permitted
build	Cache Android SDK	2026-06-06T12:22:44.4804131Z /usr/bin/tar: ../../../../../usr/local/lib/android/sdk/platforms/android-35-ext14/data/res/values-mcc310-mnc200-da: Cannot change mode to rwxr-xr-x: Operation not permitted
build	Cache Android SDK	2026-06-06T12:22:44.4806788Z /usr/bin/tar: ../../../../../usr/local/lib/android/sdk/platforms/android-35-ext14/data/res/values-mcc310-mnc280-mk: Cannot utime: Operation not permitted
build	Cache Android SDK	2026-06-06T12:22:44.4807506Z /usr/bin/tar: ../../../../../usr/local/lib/android/sdk/platforms/android-35-ext14/data/res/values-mcc310-mnc280-mk: Cannot change mode to rwxr-xr-x: Operation not permitted
build	Cache Android SDK	2026-06-06T12:22:44.4810204Z /usr/bin/tar: ../../../../../usr/local/lib/android/sdk/platforms/android-35-ext14/data/res/values-az-watch: Cannot utime: Operation not permitted
build	Cache Android SDK	2026-06-06T12:22:44.4810647Z /usr/bin/tar: ../../../../../usr/local/lib/android/sdk/platforms/android-35-ext14/data/res/values-az-watch: Cannot change mode to rwxr-xr-x: Operation not permitted
build	Cache Android SDK	2026-06-06T12:22:44.4813553Z /usr/bin/tar: ../../../../../usr/local/lib/android/sdk/platforms/android-35-ext14/data/res/values-mcc310-mnc200-pt-rPT: Cannot utime: Operation not permitted
build	Cache Android SDK	2026-06-06T12:22:44.4814029Z /usr/bin/tar: ../../../../../usr/local/lib/android/sdk/platforms/android-35-ext14/data/res/values-mcc310-mnc200-pt-rPT: Cannot change mode to rwxr-xr-x: Operation not permitted
build	Cache Android SDK	2026-06-06T12:22:44.4817143Z /usr/bin/tar: ../../../../../usr/local/lib/android/sdk/platforms/android-35-ext14/data/res/values-mcc310-mnc800-uk: Cannot utime: Operation not permitted
build	Cache Android SDK	2026-06-06T12:22:44.4817705Z /usr/bin/tar: ../../../../../usr/local/lib/android/sdk/platforms/android-35-ext14/data/res/values-mcc310-mnc800-uk: Cannot change mode to rwxr-xr-x: Operation not permitted
build	Cache Android SDK	2026-06-06T12:22:44.4820613Z /usr/bin/tar: ../../../../../usr/local/lib/android/sdk/platforms/android-35-ext14/data/res/values-mcc310-mnc950-ur: Cannot utime: Operation not permitted
build	Cache Android SDK	2026-06-06T12:22:44.4821084Z /usr/bin/tar: ../../../../../usr/local/lib/android/sdk/platforms/android-35-ext14/data/res/values-mcc310-mnc950-ur: Cannot change mode to rwxr-xr-x: Operation not permitted
build	Cache Android SDK	2026-06-06T12:22:44.4827833Z /usr/bin/tar: ../../../../../usr/local/lib/android/sdk/platforms/android-35-ext14/data/res/values-bn: Cannot utime: Operation not permitted
build	Cache Android SDK	2026-06-06T12:22:44.4828300Z /usr/bin/tar: ../../../../../usr/local/lib/android/sdk/platforms/android-35-ext14/data/res/values-bn: Cannot change mode to rwxr-xr-x: Operation not permitted
build	Cache Android SDK	2026-06-06T12:22:44.4831048Z /usr/bin/tar: ../../../../../usr/local/lib/android/sdk/platforms/android-35-ext14/data/res/values-mcc302-mnc370: Cannot utime: Operation not permitted
build	Cache Android SDK	2026-06-06T12:22:44.4831534Z /usr/bin/tar: ../../../../../usr/local/lib/android/sdk/platforms/android-35-ext14/data/res/values-mcc302-mnc370: Cannot change mode to rwxr-xr-x: Operation not permitted
build	Cache Android SDK	2026-06-06T12:22:44.4834229Z /usr/bin/tar: ../../../../../usr/local/lib/android/sdk/platforms/android-35-ext14/data/res/values-mcc310-mnc560-sq: Cannot utime: Operation not permitted
build	Cache Android SDK	2026-06-06T12:22:44.4834698Z /usr/bin/tar: ../../../../../usr/local/lib/android/sdk/platforms/android-35-ext14/data/res/values-mcc310-mnc560-sq: Cannot change mode to rwxr-xr-x: Operation not permitted
build	Cache Android SDK	2026-06-06T12:22:44.4845424Z /usr/bin/tar: ../../../../../usr/local/lib/android/sdk/platforms/android-35-ext14/data/res/drawable-watch: Cannot utime: Operation not permitted
build	Cache Android SDK	2026-06-06T12:22:44.4845980Z /usr/bin/tar: ../../../../../usr/local/lib/android/sdk/platforms/android-35-ext14/data/res/drawable-watch: Cannot change mode to rwxr-xr-x: Operation not permitted
build	Cache Android SDK	2026-06-06T12:22:44.4849120Z /usr/bin/tar: ../../../../../usr/local/lib/android/sdk/platforms/android-35-ext14/data/res/values-mcc310-mnc150-as: Cannot utime: Operation not permitted
build	Cache Android SDK	2026-06-06T12:22:44.4849586Z /usr/bin/tar: ../../../../../usr/local/lib/android/sdk/platforms/android-35-ext14/data/res/values-mcc310-mnc150-as: Cannot change mode to rwxr-xr-x: Operation not permitted
build	Cache Android SDK	2026-06-06T12:22:44.4852475Z /usr/bin/tar: ../../../../../usr/local/lib/android/sdk/platforms/android-35-ext14/data/res/values-mcc310-mnc560-uk: Cannot utime: Operation not permitted
build	Cache Android SDK	2026-06-06T12:22:44.4852938Z /usr/bin/tar: ../../../../../usr/local/lib/android/sdk/platforms/android-35-ext14/data/res/values-mcc310-mnc560-uk: Cannot change mode to rwxr-xr-x: Operation not permitted
build	Cache Android SDK	2026-06-06T12:22:44.4855392Z /usr/bin/tar: ../../../../../usr/local/lib/android/sdk/platforms/android-35-ext14/data/res/values-mcc334-mnc020-hy: Cannot utime: Operation not permitted
build	Cache Android SDK	2026-06-06T12:22:44.4855998Z /usr/bin/tar: ../../../../../usr/local/lib/android/sdk/platforms/android-35-ext14/data/res/values-mcc334-mnc020-hy: Cannot change mode to rwxr-xr-x: Operation not permitted
build	Cache Android SDK	2026-06-06T12:22:44.4858735Z /usr/bin/tar: ../../../../../usr/local/lib/android/sdk/platforms/android-35-ext14/data/res/values-mcc310-mnc240-pa: Cannot utime: Operation not permitted
build	Cache Android SDK	2026-06-06T12:22:44.4859202Z /usr/bin/tar: ../../../../../usr/local/lib/android/sdk/platforms/android-35-ext14/data/res/values-mcc310-mnc240-pa: Cannot change mode to rwxr-xr-x: Operation not permitted
build	Cache Android SDK	2026-06-06T12:22:44.4862210Z /usr/bin/tar: ../../../../../usr/local/lib/android/sdk/platforms/android-35-ext14/data/res/values-mcc302-mnc370-ca: Cannot utime: Operation not permitted
build	Cache Android SDK	2026-06-06T12:22:44.4862679Z /usr/bin/tar: ../../../../../usr/local/lib/android/sdk/platforms/android-35-ext14/data/res/values-mcc302-mnc370-ca: Cannot change mode to rwxr-xr-x: Operation not permitted
build	Cache Android SDK	2026-06-06T12:22:44.4865551Z /usr/bin/tar: ../../../../../usr/local/lib/android/sdk/platforms/android-35-ext14/data/res/values-mcc310-mnc240-zh-rHK: Cannot utime: Operation not permitted
build	Cache Android SDK	2026-06-06T12:22:44.4866039Z /usr/bin/tar: ../../../../../usr/local/lib/android/sdk/platforms/android-35-ext14/data/res/values-mcc310-mnc240-zh-rHK: Cannot change mode to rwxr-xr-x: Operation not permitted
build	Cache Android SDK	2026-06-06T12:22:44.4868769Z /usr/bin/tar: ../../../../../usr/local/lib/android/sdk/platforms/android-35-ext14/data/res/values-mcc310-mnc950-lo: Cannot utime: Operation not permitted
build	Cache Android SDK	2026-06-06T12:22:44.4869237Z /usr/bin/tar: ../../../../../usr/local/lib/android/sdk/platforms/android-35-ext14/data/res/values-mcc310-mnc950-lo: Cannot change mode to rwxr-xr-x: Operation not permitted
build	Cache Android SDK	2026-06-06T12:22:44.4871887Z /usr/bin/tar: ../../../../../usr/local/lib/android/sdk/platforms/android-35-ext14/data/res/values-mcc310-mnc660-ta: Cannot utime: Operation not permitted
build	Cache Android SDK	2026-06-06T12:22:44.4872356Z /usr/bin/tar: ../../../../../usr/local/lib/android/sdk/platforms/android-35-ext14/data/res/values-mcc310-mnc660-ta: Cannot change mode to rwxr-xr-x: Operation not permitted
build	Cache Android SDK	2026-06-06T12:22:44.4876000Z /usr/bin/tar: ../../../../../usr/local/lib/android/sdk/platforms/android-35-ext14/data/res/values-mcc310-mnc270-ms: Cannot utime: Operation not permitted
build	Cache Android SDK	2026-06-06T12:22:44.4876456Z /usr/bin/tar: ../../../../../usr/local/lib/android/sdk/platforms/android-35-ext14/data/res/values-mcc310-mnc270-ms: Cannot change mode to rwxr-xr-x: Operation not permitted
build	Cache Android SDK	2026-06-06T12:22:44.4879316Z /usr/bin/tar: ../../../../../usr/local/lib/android/sdk/platforms/android-35-ext14/data/res/values-mcc310-mnc280-ca: Cannot utime: Operation not permitted
build	Cache Android SDK	2026-06-06T12:22:44.4879784Z /usr/bin/tar: ../../../../../usr/local/lib/android/sdk/platforms/android-35-ext14/data/res/values-mcc310-mnc280-ca: Cannot change mode to rwxr-xr-x: Operation not permitted
build	Cache Android SDK	2026-06-06T12:22:44.4882586Z /usr/bin/tar: ../../../../../usr/local/lib/android/sdk/platforms/android-35-ext14/data/res/values-mcc310-mnc280-az: Cannot utime: Operation not permitted
build	Cache Android SDK	2026-06-06T12:22:44.4883274Z /usr/bin/tar: ../../../../../usr/local/lib/android/sdk/platforms/android-35-ext14/data/res/values-mcc310-mnc280-az: Cannot change mode to rwxr-xr-x: Operation not permitted
build	Cache Android SDK	2026-06-06T12:22:44.4885687Z /usr/bin/tar: ../../../../../usr/local/lib/android/sdk/platforms/android-35-ext14/data/res/values-mcc310-mnc240-tr: Cannot utime: Operation not permitted
build	Cache Android SDK	2026-06-06T12:22:44.4886155Z /usr/bin/tar: ../../../../../usr/local/lib/android/sdk/platforms/android-35-ext14/data/res/values-mcc310-mnc240-tr: Cannot change mode to rwxr-xr-x: Operation not permitted
build	Cache Android SDK	2026-06-06T12:22:44.4889217Z /usr/bin/tar: ../../../../../usr/local/lib/android/sdk/platforms/android-35-ext14/data/res/values-mcc001-mnc01-sr: Cannot utime: Operation not permitted
build	Cache Android SDK	2026-06-06T12:22:44.4889690Z /usr/bin/tar: ../../../../../usr/local/lib/android/sdk/platforms/android-35-ext14/data/res/values-mcc001-mnc01-sr: Cannot change mode to rwxr-xr-x: Operation not permitted
build	Cache Android SDK	2026-06-06T12:22:44.4892576Z /usr/bin/tar: ../../../../../usr/local/lib/android/sdk/platforms/android-35-ext14/data/res/values-mcc312-mnc670-ja: Cannot utime: Operation not permitted
build	Cache Android SDK	2026-06-06T12:22:44.4893047Z /usr/bin/tar: ../../../../../usr/local/lib/android/sdk/platforms/android-35-ext14/data/res/values-mcc312-mnc670-ja: Cannot change mode to rwxr-xr-x: Operation not permitted
build	Cache Android SDK	2026-06-06T12:22:44.4896079Z /usr/bin/tar: ../../../../../usr/local/lib/android/sdk/platforms/android-35-ext14/data/res/values-mcc001-mnc01-gu: Cannot utime: Operation not permitted
build	Cache Android SDK	2026-06-06T12:22:44.4896542Z /usr/bin/tar: ../../../../../usr/local/lib/android/sdk/platforms/android-35-ext14/data/res/values-mcc001-mnc01-gu: Cannot change mode to rwxr-xr-x: Operation not permitted
build	Cache Android SDK	2026-06-06T12:22:44.4899506Z /usr/bin/tar: ../../../../../usr/local/lib/android/sdk/platforms/android-35-ext14/data/res/values-mcc334-mnc020-et: Cannot utime: Operation not permitted
build	Cache Android SDK	2026-06-06T12:22:44.4899975Z /usr/bin/tar: ../../../../../usr/local/lib/android/sdk/platforms/android-35-ext14/data/res/values-mcc334-mnc020-et: Cannot change mode to rwxr-xr-x: Operation not permitted
build	Cache Android SDK	2026-06-06T12:22:44.4902634Z /usr/bin/tar: ../../../../../usr/local/lib/android/sdk/platforms/android-35-ext14/data/res/values-mcc310-mnc560-am: Cannot utime: Operation not permitted
build	Cache Android SDK	2026-06-06T12:22:44.4903093Z /usr/bin/tar: ../../../../../usr/local/lib/android/sdk/platforms/android-35-ext14/data/res/values-mcc310-mnc560-am: Cannot change mode to rwxr-xr-x: Operation not permitted
build	Cache Android SDK	2026-06-06T12:22:44.4906285Z /usr/bin/tar: ../../../../../usr/local/lib/android/sdk/platforms/android-35-ext14/data/res/values-sw600dp-land: Cannot utime: Operation not permitted
build	Cache Android SDK	2026-06-06T12:22:44.4906733Z /usr/bin/tar: ../../../../../usr/local/lib/android/sdk/platforms/android-35-ext14/data/res/values-sw600dp-land: Cannot change mode to rwxr-xr-x: Operation not permitted
build	Cache Android SDK	2026-06-06T12:22:44.4909356Z /usr/bin/tar: ../../../../../usr/local/lib/android/sdk/platforms/android-35-ext14/data/res/values-mcc310-mnc950-ta: Cannot utime: Operation not permitted
build	Cache Android SDK	2026-06-06T12:22:44.4909815Z /usr/bin/tar: ../../../../../usr/local/lib/android/sdk/platforms/android-35-ext14/data/res/values-mcc310-mnc950-ta: Cannot change mode to rwxr-xr-x: Operation not permitted
build	Cache Android SDK	2026-06-06T12:22:44.4912571Z /usr/bin/tar: ../../../../../usr/local/lib/android/sdk/platforms/android-35-ext14/data/res/values-mcc310-mnc410-en-rGB: Cannot utime: Operation not permitted
build	Cache Android SDK	2026-06-06T12:22:44.4913056Z /usr/bin/tar: ../../../../../usr/local/lib/android/sdk/platforms/android-35-ext14/data/res/values-mcc310-mnc410-en-rGB: Cannot change mode to rwxr-xr-x: Operation not permitted
build	Cache Android SDK	2026-06-06T12:22:44.4915665Z /usr/bin/tar: ../../../../../usr/local/lib/android/sdk/platforms/android-35-ext14/data/res/values-mcc310-mnc230-es-rUS: Cannot utime: Operation not permitted
build	Cache Android SDK	2026-06-06T12:22:44.4916149Z /usr/bin/tar: ../../../../../usr/local/lib/android/sdk/platforms/android-35-ext14/data/res/values-mcc310-mnc230-es-rUS: Cannot change mode to rwxr-xr-x: Operation not permitted
build	Cache Android SDK	2026-06-06T12:22:44.4918942Z /usr/bin/tar: ../../../../../usr/local/lib/android/sdk/platforms/android-35-ext14/data/res/values-ar-television: Cannot utime: Operation not permitted
build	Cache Android SDK	2026-06-06T12:22:44.4919555Z /usr/bin/tar: ../../../../../usr/local/lib/android/sdk/platforms/android-35-ext14/data/res/values-ar-television: Cannot change mode to rwxr-xr-x: Operation not permitted
build	Cache Android SDK	2026-06-06T12:22:44.4922168Z /usr/bin/tar: ../../../../../usr/local/lib/android/sdk/platforms/android-35-ext14/data/res/values-mcc313-mnc100-bs: Cannot utime: Operation not permitted
build	Cache Android SDK	2026-06-06T12:22:44.4922642Z /usr/bin/tar: ../../../../../usr/local/lib/android/sdk/platforms/android-35-ext14/data/res/values-mcc313-mnc100-bs: Cannot change mode to rwxr-xr-x: Operation not permitted
build	Cache Android SDK	2026-06-06T12:22:44.4925352Z /usr/bin/tar: ../../../../../usr/local/lib/android/sdk/platforms/android-35-ext14/data/res/values-mcc310-mnc200-en-rGB: Cannot utime: Operation not permitted
build	Cache Android SDK	2026-06-06T12:22:44.4925939Z /usr/bin/tar: ../../../../../usr/local/lib/android/sdk/platforms/android-35-ext14/data/res/values-mcc310-mnc200-en-rGB: Cannot change mode to rwxr-xr-x: Operation not permitted
build	Cache Android SDK	2026-06-06T12:22:44.4929321Z /usr/bin/tar: ../../../../../usr/local/lib/android/sdk/platforms/android-35-ext14/data/res/values-mcc310-mnc950-ne: Cannot utime: Operation not permitted
build	Cache Android SDK	2026-06-06T12:22:44.4929789Z /usr/bin/tar: ../../../../../usr/local/lib/android/sdk/platforms/android-35-ext14/data/res/values-mcc310-mnc950-ne: Cannot change mode to rwxr-xr-x: Operation not permitted
build	Cache Android SDK	2026-06-06T12:22:44.4933030Z /usr/bin/tar: ../../../../../usr/local/lib/android/sdk/platforms/android-35-ext14/data/res/values-mcc310-mnc560-es: Cannot utime: Operation not permitted
build	Cache Android SDK	2026-06-06T12:22:44.4933496Z /usr/bin/tar: ../../../../../usr/local/lib/android/sdk/platforms/android-35-ext14/data/res/values-mcc310-mnc560-es: Cannot change mode to rwxr-xr-x: Operation not permitted
build	Cache Android SDK	2026-06-06T12:22:44.4936501Z /usr/bin/tar: ../../../../../usr/local/lib/android/sdk/platforms/android-35-ext14/data/res/values-mcc001-mnc01-b+sr+Latn: Cannot utime: Operation not permitted
build	Cache Android SDK	2026-06-06T12:22:44.4936997Z /usr/bin/tar: ../../../../../usr/local/lib/android/sdk/platforms/android-35-ext14/data/res/values-mcc001-mnc01-b+sr+Latn: Cannot change mode to rwxr-xr-x: Operation not permitted
build	Cache Android SDK	2026-06-06T12:22:44.4940191Z /usr/bin/tar: ../../../../../usr/local/lib/android/sdk/platforms/android-35-ext14/data/res/values-mcc310-mnc800-sk: Cannot utime: Operation not permitted
build	Cache Android SDK	2026-06-06T12:22:44.4940655Z /usr/bin/tar: ../../../../../usr/local/lib/android/sdk/platforms/android-35-ext14/data/res/values-mcc310-mnc800-sk: Cannot change mode to rwxr-xr-x: Operation not permitted
build	Cache Android SDK	2026-06-06T12:22:44.4943225Z /usr/bin/tar: ../../../../../usr/local/lib/android/sdk/platforms/android-35-ext14/data/res/values-mcc310-mnc410-ms: Cannot utime: Operation not permitted
build	Cache Android SDK	2026-06-06T12:22:44.4943684Z /usr/bin/tar: ../../../../../usr/local/lib/android/sdk/platforms/android-35-ext14/data/res/values-mcc310-mnc410-ms: Cannot change mode to rwxr-xr-x: Operation not permitted
build	Cache Android SDK	2026-06-06T12:22:44.4946492Z /usr/bin/tar: ../../../../../usr/local/lib/android/sdk/platforms/android-35-ext14/data/res/values-mcc313-mnc100-en-rIN: Cannot utime: Operation not permitted
build	Cache Android SDK	2026-06-06T12:22:44.4946972Z /usr/bin/tar: ../../../../../usr/local/lib/android/sdk/platforms/android-35-ext14/data/res/values-mcc313-mnc100-en-rIN: Cannot change mode to rwxr-xr-x: Operation not permitted
build	Cache Android SDK	2026-06-06T12:22:44.4949711Z /usr/bin/tar: ../../../../../usr/local/lib/android/sdk/platforms/android-35-ext14/data/res/values-mcc310-mnc160-mn: Cannot utime: Operation not permitted
build	Cache Android SDK	2026-06-06T12:22:44.4950167Z /usr/bin/tar: ../../../../../usr/local/lib/android/sdk/platforms/android-35-ext14/data/res/values-mcc310-mnc160-mn: Cannot change mode to rwxr-xr-x: Operation not permitted
build	Cache Android SDK	2026-06-06T12:22:44.4953498Z /usr/bin/tar: ../../../../../usr/local/lib/android/sdk/platforms/android-35-ext14/data/res/values-mcc310-mnc240-el: Cannot utime: Operation not permitted
build	Cache Android SDK	2026-06-06T12:22:44.4953965Z /usr/bin/tar: ../../../../../usr/local/lib/android/sdk/platforms/android-35-ext14/data/res/values-mcc310-mnc240-el: Cannot change mode to rwxr-xr-x: Operation not permitted
build	Cache Android SDK	2026-06-06T12:22:44.4957599Z /usr/bin/tar: ../../../../../usr/local/lib/android/sdk/platforms/android-35-ext14/data/res/values-mcc312-mnc670-ko: Cannot utime: Operation not permitted
build	Cache Android SDK	2026-06-06T12:22:44.4958064Z /usr/bin/tar: ../../../../../usr/local/lib/android/sdk/platforms/android-35-ext14/data/res/values-mcc312-mnc670-ko: Cannot change mode to rwxr-xr-x: Operation not permitted
build	Cache Android SDK	2026-06-06T12:22:44.4960790Z /usr/bin/tar: ../../../../../usr/local/lib/android/sdk/platforms/android-35-ext14/data/res/values-mcc001-mnc01-as: Cannot utime: Operation not permitted
build	Cache Android SDK	2026-06-06T12:22:44.4961244Z /usr/bin/tar: ../../../../../usr/local/lib/android/sdk/platforms/android-35-ext14/data/res/values-mcc001-mnc01-as: Cannot change mode to rwxr-xr-x: Operation not permitted
build	Cache Android SDK	2026-06-06T12:22:44.4964842Z /usr/bin/tar: ../../../../../usr/local/lib/android/sdk/platforms/android-35-ext14/data/res/values-mcc310-mnc950-en-rGB: Cannot utime: Operation not permitted
build	Cache Android SDK	2026-06-06T12:22:44.4965322Z /usr/bin/tar: ../../../../../usr/local/lib/android/sdk/platforms/android-35-ext14/data/res/values-mcc310-mnc950-en-rGB: Cannot change mode to rwxr-xr-x: Operation not permitted
build	Cache Android SDK	2026-06-06T12:22:44.4968057Z /usr/bin/tar: ../../../../../usr/local/lib/android/sdk/platforms/android-35-ext14/data/res/values-mcc310-mnc250-zh-rTW: Cannot utime: Operation not permitted
build	Cache Android SDK	2026-06-06T12:22:44.4968536Z /usr/bin/tar: ../../../../../usr/local/lib/android/sdk/platforms/android-35-ext14/data/res/values-mcc310-mnc250-zh-rTW: Cannot change mode to rwxr-xr-x: Operation not permitted
build	Cache Android SDK	2026-06-06T12:22:44.4972363Z /usr/bin/tar: ../../../../../usr/local/lib/android/sdk/platforms/android-35-ext14/data/res/values-mcc312-mnc670-bs: Cannot utime: Operation not permitted
build	Cache Android SDK	2026-06-06T12:22:44.4972831Z /usr/bin/tar: ../../../../../usr/local/lib/android/sdk/platforms/android-35-ext14/data/res/values-mcc312-mnc670-bs: Cannot change mode to rwxr-xr-x: Operation not permitted
build	Cache Android SDK	2026-06-06T12:22:44.4975659Z /usr/bin/tar: ../../../../../usr/local/lib/android/sdk/platforms/android-35-ext14/data/res/values-mcc302-mnc370-uz: Cannot utime: Operation not permitted
build	Cache Android SDK	2026-06-06T12:22:44.4976117Z /usr/bin/tar: ../../../../../usr/local/lib/android/sdk/platforms/android-35-ext14/data/res/values-mcc302-mnc370-uz: Cannot change mode to rwxr-xr-x: Operation not permitted
build	Cache Android SDK	2026-06-06T12:22:44.4979081Z /usr/bin/tar: ../../../../../usr/local/lib/android/sdk/platforms/android-35-ext14/data/res/values-mcc310-mnc220-nb: Cannot utime: Operation not permitted
build	Cache Android SDK	2026-06-06T12:22:44.4979537Z /usr/bin/tar: ../../../../../usr/local/lib/android/sdk/platforms/android-35-ext14/data/res/values-mcc310-mnc220-nb: Cannot change mode to rwxr-xr-x: Operation not permitted
build	Cache Android SDK	2026-06-06T12:22:44.4982264Z /usr/bin/tar: ../../../../../usr/local/lib/android/sdk/platforms/android-35-ext14/data/res/values-mcc310-mnc150-nb: Cannot utime: Operation not permitted
build	Cache Android SDK	2026-06-06T12:22:44.4983243Z /usr/bin/tar: ../../../../../usr/local/lib/android/sdk/platforms/android-35-ext14/data/res/values-mcc310-mnc150-nb: Cannot change mode to rwxr-xr-x: Operation not permitted
build	Cache Android SDK	2026-06-06T12:22:44.4985306Z /usr/bin/tar: ../../../../../usr/local/lib/android/sdk/platforms/android-35-ext14/data/res/values-mcc310-mnc030-et: Cannot utime: Operation not permitted
build	Cache Android SDK	2026-06-06T12:22:44.4985787Z /usr/bin/tar: ../../../../../usr/local/lib/android/sdk/platforms/android-35-ext14/data/res/values-mcc310-mnc030-et: Cannot change mode to rwxr-xr-x: Operation not permitted
build	Cache Android SDK	2026-06-06T12:22:44.4988800Z /usr/bin/tar: ../../../../../usr/local/lib/android/sdk/platforms/android-35-ext14/data/res/values-mcc310-mnc310-sr: Cannot utime: Operation not permitted
build	Cache Android SDK	2026-06-06T12:22:44.4989572Z /usr/bin/tar: ../../../../../usr/local/lib/android/sdk/platforms/android-35-ext14/data/res/values-mcc310-mnc310-sr: Cannot change mode to rwxr-xr-x: Operation not permitted
build	Cache Android SDK	2026-06-06T12:22:44.4992110Z /usr/bin/tar: ../../../../../usr/local/lib/android/sdk/platforms/android-35-ext14/data/res/values-mcc310-mnc250-ro: Cannot utime: Operation not permitted
build	Cache Android SDK	2026-06-06T12:22:44.4992905Z /usr/bin/tar: ../../../../../usr/local/lib/android/sdk/platforms/android-35-ext14/data/res/values-mcc310-mnc250-ro: Cannot change mode to rwxr-xr-x: Operation not permitted
build	Cache Android SDK	2026-06-06T12:22:44.4995644Z /usr/bin/tar: ../../../../../usr/local/lib/android/sdk/platforms/android-35-ext14/data/res/values-mcc302-mnc370-tr: Cannot utime: Operation not permitted
build	Cache Android SDK	2026-06-06T12:22:44.4996109Z /usr/bin/tar: ../../../../../usr/local/lib/android/sdk/platforms/android-35-ext14/data/res/values-mcc302-mnc370-tr: Cannot change mode to rwxr-xr-x: Operation not permitted
build	Cache Android SDK	2026-06-06T12:22:44.4999099Z /usr/bin/tar: ../../../../../usr/local/lib/android/sdk/platforms/android-35-ext14/data/res/values-mcc310-mnc200-nl: Cannot utime: Operation not permitted
build	Cache Android SDK	2026-06-06T12:22:44.4999685Z /usr/bin/tar: ../../../../../usr/local/lib/android/sdk/platforms/android-35-ext14/data/res/values-mcc310-mnc200-nl: Cannot change mode to rwxr-xr-x: Operation not permitted
build	Cache Android SDK	2026-06-06T12:22:44.5002366Z /usr/bin/tar: ../../../../../usr/local/lib/android/sdk/platforms/android-35-ext14/data/res/values-mcc310-mnc660-sw: Cannot utime: Operation not permitted
build	Cache Android SDK	2026-06-06T12:22:44.5002824Z /usr/bin/tar: ../../../../../usr/local/lib/android/sdk/platforms/android-35-ext14/data/res/values-mcc310-mnc660-sw: Cannot change mode to rwxr-xr-x: Operation not permitted
build	Cache Android SDK	2026-06-06T12:22:44.5005328Z /usr/bin/tar: ../../../../../usr/local/lib/android/sdk/platforms/android-35-ext14/data/res/values-mcc313-mnc100-sr: Cannot utime: Operation not permitted
build	Cache Android SDK	2026-06-06T12:22:44.5005786Z /usr/bin/tar: ../../../../../usr/local/lib/android/sdk/platforms/android-35-ext14/data/res/values-mcc313-mnc100-sr: Cannot change mode to rwxr-xr-x: Operation not permitted
build	Cache Android SDK	2026-06-06T12:22:44.5009441Z /usr/bin/tar: ../../../../../usr/local/lib/android/sdk/platforms/android-35-ext14/data/res/raw-da: Cannot utime: Operation not permitted
build	Cache Android SDK	2026-06-06T12:22:44.5009970Z /usr/bin/tar: ../../../../../usr/local/lib/android/sdk/platforms/android-35-ext14/data/res/raw-da: Cannot change mode to rwxr-xr-x: Operation not permitted
build	Cache Android SDK	2026-06-06T12:22:44.5012608Z /usr/bin/tar: ../../../../../usr/local/lib/android/sdk/platforms/android-35-ext14/data/res/values-mcc334-mnc020-fr-masculine: Cannot utime: Operation not permitted
build	Cache Android SDK	2026-06-06T12:22:44.5013119Z /usr/bin/tar: ../../../../../usr/local/lib/android/sdk/platforms/android-35-ext14/data/res/values-mcc334-mnc020-fr-masculine: Cannot change mode to rwxr-xr-x: Operation not permitted
build	Cache Android SDK	2026-06-06T12:22:44.5016108Z /usr/bin/tar: ../../../../../usr/local/lib/android/sdk/platforms/android-35-ext14/data/res/values-mcc260: Cannot utime: Operation not permitted
build	Cache Android SDK	2026-06-06T12:22:44.5016535Z /usr/bin/tar: ../../../../../usr/local/lib/android/sdk/platforms/android-35-ext14/data/res/values-mcc260: Cannot change mode to rwxr-xr-x: Operation not permitted
build	Cache Android SDK	2026-06-06T12:22:44.5019750Z /usr/bin/tar: ../../../../../usr/local/lib/android/sdk/platforms/android-35-ext14/data/res/values-mcc310-mnc220-ja: Cannot utime: Operation not permitted
build	Cache Android SDK	2026-06-06T12:22:44.5020215Z /usr/bin/tar: ../../../../../usr/local/lib/android/sdk/platforms/android-35-ext14/data/res/values-mcc310-mnc220-ja: Cannot change mode to rwxr-xr-x: Operation not permitted
build	Cache Android SDK	2026-06-06T12:22:44.5023187Z /usr/bin/tar: ../../../../../usr/local/lib/android/sdk/platforms/android-35-ext14/data/res/values-mcc310-mnc800-en-rIN: Cannot utime: Operation not permitted
build	Cache Android SDK	2026-06-06T12:22:44.5023671Z /usr/bin/tar: ../../../../../usr/local/lib/android/sdk/platforms/android-35-ext14/data/res/values-mcc310-mnc800-en-rIN: Cannot change mode to rwxr-xr-x: Operation not permitted
build	Cache Android SDK	2026-06-06T12:22:44.5026532Z /usr/bin/tar: ../../../../../usr/local/lib/android/sdk/platforms/android-35-ext14/data/res/values-mcc310-mnc250-pt-rPT: Cannot utime: Operation not permitted
build	Cache Android SDK	2026-06-06T12:22:44.5027003Z /usr/bin/tar: ../../../../../usr/local/lib/android/sdk/platforms/android-35-ext14/data/res/values-mcc310-mnc250-pt-rPT: Cannot change mode to rwxr-xr-x: Operation not permitted
build	Cache Android SDK	2026-06-06T12:22:44.5030244Z /usr/bin/tar: ../../../../../usr/local/lib/android/sdk/platforms/android-35-ext14/data/res/values-mcc310-mnc490-ka: Cannot utime: Operation not permitted
build	Cache Android SDK	2026-06-06T12:22:44.5030777Z /usr/bin/tar: ../../../../../usr/local/lib/android/sdk/platforms/android-35-ext14/data/res/values-mcc310-mnc490-ka: Cannot change mode to rwxr-xr-x: Operation not permitted
build	Cache Android SDK	2026-06-06T12:22:44.5033499Z /usr/bin/tar: ../../../../../usr/local/lib/android/sdk/platforms/android-35-ext14/data/res/values-mcc310-mnc490-be: Cannot utime: Operation not permitted
build	Cache Android SDK	2026-06-06T12:22:44.5033969Z /usr/bin/tar: ../../../../../usr/local/lib/android/sdk/platforms/android-35-ext14/data/res/values-mcc310-mnc490-be: Cannot change mode to rwxr-xr-x: Operation not permitted
build	Cache Android SDK	2026-06-06T12:22:44.5037037Z /usr/bin/tar: ../../../../../usr/local/lib/android/sdk/platforms/android-35-ext14/data/res/values-mcc204: Cannot utime: Operation not permitted
build	Cache Android SDK	2026-06-06T12:22:44.5037698Z /usr/bin/tar: ../../../../../usr/local/lib/android/sdk/platforms/android-35-ext14/data/res/values-mcc204: Cannot change mode to rwxr-xr-x: Operation not permitted
build	Cache Android SDK	2026-06-06T12:22:44.5040850Z /usr/bin/tar: ../../../../../usr/local/lib/android/sdk/platforms/android-35-ext14/data/res/values-mcc310-mnc660-sr: Cannot utime: Operation not permitted
build	Cache Android SDK	2026-06-06T12:22:44.5041326Z /usr/bin/tar: ../../../../../usr/local/lib/android/sdk/platforms/android-35-ext14/data/res/values-mcc310-mnc660-sr: Cannot change mode to rwxr-xr-x: Operation not permitted
build	Cache Android SDK	2026-06-06T12:22:44.5044591Z /usr/bin/tar: ../../../../../usr/local/lib/android/sdk/platforms/android-35-ext14/data/res/values-mcc310-mnc220-lv: Cannot utime: Operation not permitted
build	Cache Android SDK	2026-06-06T12:22:44.5045168Z /usr/bin/tar: ../../../../../usr/local/lib/android/sdk/platforms/android-35-ext14/data/res/values-mcc310-mnc220-lv: Cannot change mode to rwxr-xr-x: Operation not permitted
build	Cache Android SDK	2026-06-06T12:22:44.5047896Z /usr/bin/tar: ../../../../../usr/local/lib/android/sdk/platforms/android-35-ext14/data/res/values-mcc310-mnc200-gl: Cannot utime: Operation not permitted
build	Cache Android SDK	2026-06-06T12:22:44.5048387Z /usr/bin/tar: ../../../../../usr/local/lib/android/sdk/platforms/android-35-ext14/data/res/values-mcc310-mnc200-gl: Cannot change mode to rwxr-xr-x: Operation not permitted
build	Cache Android SDK	2026-06-06T12:22:44.5052020Z /usr/bin/tar: ../../../../../usr/local/lib/android/sdk/platforms/android-35-ext14/data/res/values-en-rUS: Cannot utime: Operation not permitted
build	Cache Android SDK	2026-06-06T12:22:44.5053067Z /usr/bin/tar: ../../../../../usr/local/lib/android/sdk/platforms/android-35-ext14/data/res/values-en-rUS: Cannot change mode to rwxr-xr-x: Operation not permitted
build	Cache Android SDK	2026-06-06T12:22:44.5055359Z /usr/bin/tar: ../../../../../usr/local/lib/android/sdk/platforms/android-35-ext14/data/res/values-mcc310-mnc240-gu: Cannot utime: Operation not permitted
build	Cache Android SDK	2026-06-06T12:22:44.5055848Z /usr/bin/tar: ../../../../../usr/local/lib/android/sdk/platforms/android-35-ext14/data/res/values-mcc310-mnc240-gu: Cannot change mode to rwxr-xr-x: Operation not permitted
build	Cache Android SDK	2026-06-06T12:22:44.5058847Z /usr/bin/tar: ../../../../../usr/local/lib/android/sdk/platforms/android-35-ext14/data/res/values-mcc310-mnc150-es-rUS: Cannot utime: Operation not permitted
build	Cache Android SDK	2026-06-06T12:22:44.5059349Z /usr/bin/tar: ../../../../../usr/local/lib/android/sdk/platforms/android-35-ext14/data/res/values-mcc310-mnc150-es-rUS: Cannot change mode to rwxr-xr-x: Operation not permitted
build	Cache Android SDK	2026-06-06T12:22:44.5065323Z /usr/bin/tar: ../../../../../usr/local/lib/android/sdk/platforms/android-35-ext14/data/res/values-ru: Cannot utime: Operation not permitted
build	Cache Android SDK	2026-06-06T12:22:44.5066155Z /usr/bin/tar: ../../../../../usr/local/lib/android/sdk/platforms/android-35-ext14/data/res/values-ru: Cannot change mode to rwxr-xr-x: Operation not permitted
build	Cache Android SDK	2026-06-06T12:22:44.5069324Z /usr/bin/tar: ../../../../../usr/local/lib/android/sdk/platforms/android-35-ext14/data/res/values-mcc310-mnc150-ar: Cannot utime: Operation not permitted
build	Cache Android SDK	2026-06-06T12:22:44.5069812Z /usr/bin/tar: ../../../../../usr/local/lib/android/sdk/platforms/android-35-ext14/data/res/values-mcc310-mnc150-ar: Cannot change mode to rwxr-xr-x: Operation not permitted
build	Cache Android SDK	2026-06-06T12:22:44.5072713Z /usr/bin/tar: ../../../../../usr/local/lib/android/sdk/platforms/android-35-ext14/data/res/values-mcc310-mnc310-bg: Cannot utime: Operation not permitted
build	Cache Android SDK	2026-06-06T12:22:44.5073188Z /usr/bin/tar: ../../../../../usr/local/lib/android/sdk/platforms/android-35-ext14/data/res/values-mcc310-mnc310-bg: Cannot change mode to rwxr-xr-x: Operation not permitted
build	Cache Android SDK	2026-06-06T12:22:44.5076675Z /usr/bin/tar: ../../../../../usr/local/lib/android/sdk/platforms/android-35-ext14/data/res/values-ro-rRO: Cannot utime: Operation not permitted
build	Cache Android SDK	2026-06-06T12:22:44.5077245Z /usr/bin/tar: ../../../../../usr/local/lib/android/sdk/platforms/android-35-ext14/data/res/values-ro-rRO: Cannot change mode to rwxr-xr-x: Operation not permitted
build	Cache Android SDK	2026-06-06T12:22:44.5079967Z /usr/bin/tar: ../../../../../usr/local/lib/android/sdk/platforms/android-35-ext14/data/res/values-mcc302-mnc370-az: Cannot utime: Operation not permitted
build	Cache Android SDK	2026-06-06T12:22:44.5080551Z /usr/bin/tar: ../../../../../usr/local/lib/android/sdk/platforms/android-35-ext14/data/res/values-mcc302-mnc370-az: Cannot change mode to rwxr-xr-x: Operation not permitted
build	Cache Android SDK	2026-06-06T12:22:44.5086772Z /usr/bin/tar: ../../../../../usr/local/lib/android/sdk/platforms/android-35-ext14/data/res/values-hr: Cannot utime: Operation not permitted
build	Cache Android SDK	2026-06-06T12:22:44.5087239Z /usr/bin/tar: ../../../../../usr/local/lib/android/sdk/platforms/android-35-ext14/data/res/values-hr: Cannot change mode to rwxr-xr-x: Operation not permitted
build	Cache Android SDK	2026-06-06T12:22:44.5089796Z /usr/bin/tar: ../../../../../usr/local/lib/android/sdk/platforms/android-35-ext14/data/res/values-mcc310-mnc280-zh-rTW: Cannot utime: Operation not permitted
build	Cache Android SDK	2026-06-06T12:22:44.5090285Z /usr/bin/tar: ../../../../../usr/local/lib/android/sdk/platforms/android-35-ext14/data/res/values-mcc310-mnc280-zh-rTW: Cannot change mode to rwxr-xr-x: Operation not permitted
build	Cache Android SDK	2026-06-06T12:22:44.5093448Z /usr/bin/tar: ../../../../../usr/local/lib/android/sdk/platforms/android-35-ext14/data/res/values-mcc310-mnc490-pa: Cannot utime: Operation not permitted
build	Cache Android SDK	2026-06-06T12:22:44.5093933Z /usr/bin/tar: ../../../../../usr/local/lib/android/sdk/platforms/android-35-ext14/data/res/values-mcc310-mnc490-pa: Cannot change mode to rwxr-xr-x: Operation not permitted
build	Cache Android SDK	2026-06-06T12:22:44.5096473Z /usr/bin/tar: ../../../../../usr/local/lib/android/sdk/platforms/android-35-ext14/data/res/values-mcc310-mnc030-kk: Cannot utime: Operation not permitted
build	Cache Android SDK	2026-06-06T12:22:44.5096929Z /usr/bin/tar: ../../../../../usr/local/lib/android/sdk/platforms/android-35-ext14/data/res/values-mcc310-mnc030-kk: Cannot change mode to rwxr-xr-x: Operation not permitted
build	Cache Android SDK	2026-06-06T12:22:44.5099702Z /usr/bin/tar: ../../../../../usr/local/lib/android/sdk/platforms/android-35-ext14/data/res/values-mcc302-mnc720-pt-rBR: Cannot utime: Operation not permitted
build	Cache Android SDK	2026-06-06T12:22:44.5100272Z /usr/bin/tar: ../../../../../usr/local/lib/android/sdk/platforms/android-35-ext14/data/res/values-mcc302-mnc720-pt-rBR: Cannot change mode to rwxr-xr-x: Operation not permitted
build	Cache Android SDK	2026-06-06T12:22:44.5103691Z /usr/bin/tar: ../../../../../usr/local/lib/android/sdk/platforms/android-35-ext14/data/res/values-mcc310-mnc160-ka: Cannot utime: Operation not permitted
build	Cache Android SDK	2026-06-06T12:22:44.5105797Z /usr/bin/tar: ../../../../../usr/local/lib/android/sdk/platforms/android-35-ext14/data/res/values-mcc310-mnc160-ka: Cannot change mode to rwxr-xr-x: Operation not permitted
build	Cache Android SDK	2026-06-06T12:22:44.5108022Z /usr/bin/tar: ../../../../../usr/local/lib/android/sdk/platforms/android-35-ext14/data/res/values-mcc310-mnc280-am: Cannot utime: Operation not permitted
build	Cache Android SDK	2026-06-06T12:22:44.5110256Z /usr/bin/tar: ../../../../../usr/local/lib/android/sdk/platforms/android-35-ext14/data/res/values-mcc310-mnc280-am: Cannot change mode to rwxr-xr-x: Operation not permitted
build	Cache Android SDK	2026-06-06T12:22:44.5112450Z /usr/bin/tar: ../../../../../usr/local/lib/android/sdk/platforms/android-35-ext14/data/res/values-mcc310-mnc410: Cannot utime: Operation not permitted
build	Cache Android SDK	2026-06-06T12:22:44.5114484Z /usr/bin/tar: ../../../../../usr/local/lib/android/sdk/platforms/android-35-ext14/data/res/values-mcc310-mnc410: Cannot change mode to rwxr-xr-x: Operation not permitted
build	Cache Android SDK	2026-06-06T12:22:44.5116622Z /usr/bin/tar: ../../../../../usr/local/lib/android/sdk/platforms/android-35-ext14/data/res/values-mcc310-mnc950-en-rIN: Cannot utime: Operation not permitted
build	Cache Android SDK	2026-06-06T12:22:44.5118262Z /usr/bin/tar: ../../../../../usr/local/lib/android/sdk/platforms/android-35-ext14/data/res/values-mcc310-mnc950-en-rIN: Cannot change mode to rwxr-xr-x: Operation not permitted
build	Cache Android SDK	2026-06-06T12:22:44.5119753Z /usr/bin/tar: ../../../../../usr/local/lib/android/sdk/platforms/android-35-ext14/data/res/values-mcc334-mnc020-fa: Cannot utime: Operation not permitted
build	Cache Android SDK	2026-06-06T12:22:44.5121144Z /usr/bin/tar: ../../../../../usr/local/lib/android/sdk/platforms/android-35-ext14/data/res/values-mcc334-mnc020-fa: Cannot change mode to rwxr-xr-x: Operation not permitted
build	Cache Android SDK	2026-06-06T12:22:44.5122734Z /usr/bin/tar: ../../../../../usr/local/lib/android/sdk/platforms/android-35-ext14/data/res/values-mcc310-mnc240-ko: Cannot utime: Operation not permitted
build	Cache Android SDK	2026-06-06T12:22:44.5124150Z /usr/bin/tar: ../../../../../usr/local/lib/android/sdk/platforms/android-35-ext14/data/res/values-mcc310-mnc240-ko: Cannot change mode to rwxr-xr-x: Operation not permitted
build	Cache Android SDK	2026-06-06T12:22:44.5125540Z /usr/bin/tar: ../../../../../usr/local/lib/android/sdk/platforms/android-35-ext14/data/res/values-mcc310-mnc410-en-rAU: Cannot utime: Operation not permitted
build	Cache Android SDK	2026-06-06T12:22:44.5127006Z /usr/bin/tar: ../../../../../usr/local/lib/android/sdk/platforms/android-35-ext14/data/res/values-mcc310-mnc410-en-rAU: Cannot change mode to rwxr-xr-x: Operation not permitted
build	Cache Android SDK	2026-06-06T12:22:44.5128974Z /usr/bin/tar: ../../../../../usr/local/lib/android/sdk/platforms/android-35-ext14/data/res/values-mcc302-mnc370-fr: Cannot utime: Operation not permitted
build	Cache Android SDK	2026-06-06T12:22:44.5130343Z /usr/bin/tar: ../../../../../usr/local/lib/android/sdk/platforms/android-35-ext14/data/res/values-mcc302-mnc370-fr: Cannot change mode to rwxr-xr-x: Operation not permitted
build	Cache Android SDK	2026-06-06T12:22:44.5131927Z /usr/bin/tar: ../../../../../usr/local/lib/android/sdk/platforms/android-35-ext14/data/res/values-mcc310-mnc410-fr: Cannot utime: Operation not permitted
build	Cache Android SDK	2026-06-06T12:22:44.5133001Z /usr/bin/tar: ../../../../../usr/local/lib/android/sdk/platforms/android-35-ext14/data/res/values-mcc310-mnc410-fr: Cannot change mode to rwxr-xr-x: Operation not permitted
build	Cache Android SDK	2026-06-06T12:22:44.5134957Z /usr/bin/tar: ../../../../../usr/local/lib/android/sdk/platforms/android-35-ext14/data/res/values-mcc310-mnc240-ur: Cannot utime: Operation not permitted
build	Cache Android SDK	2026-06-06T12:22:44.5135950Z /usr/bin/tar: ../../../../../usr/local/lib/android/sdk/platforms/android-35-ext14/data/res/values-mcc310-mnc240-ur: Cannot change mode to rwxr-xr-x: Operation not permitted
build	Cache Android SDK	2026-06-06T12:22:44.5138949Z /usr/bin/tar: ../../../../../usr/local/lib/android/sdk/platforms/android-35-ext14/data/res/values-mcc310-mnc220-de: Cannot utime: Operation not permitted
build	Cache Android SDK	2026-06-06T12:22:44.5139932Z /usr/bin/tar: ../../../../../usr/local/lib/android/sdk/platforms/android-35-ext14/data/res/values-mcc310-mnc220-de: Cannot change mode to rwxr-xr-x: Operation not permitted
build	Cache Android SDK	2026-06-06T12:22:44.5141686Z /usr/bin/tar: ../../../../../usr/local/lib/android/sdk/platforms/android-35-ext14/data/res/values-mcc310-mnc030-en-rXC: Cannot utime: Operation not permitted
build	Cache Android SDK	2026-06-06T12:22:44.5142701Z /usr/bin/tar: ../../../../../usr/local/lib/android/sdk/platforms/android-35-ext14/data/res/values-mcc310-mnc030-en-rXC: Cannot change mode to rwxr-xr-x: Operation not permitted
build	Cache Android SDK	2026-06-06T12:22:44.5144616Z /usr/bin/tar: ../../../../../usr/local/lib/android/sdk/platforms/android-35-ext14/data/res/values-mcc001-mnc01-ko: Cannot utime: Operation not permitted
build	Cache Android SDK	2026-06-06T12:22:44.5145580Z /usr/bin/tar: ../../../../../usr/local/lib/android/sdk/platforms/android-35-ext14/data/res/values-mcc001-mnc01-ko: Cannot change mode to rwxr-xr-x: Operation not permitted
build	Cache Android SDK	2026-06-06T12:22:44.5148159Z /usr/bin/tar: ../../../../../usr/local/lib/android/sdk/platforms/android-35-ext14/data/res/values-mcc334-mnc020-gu: Cannot utime: Operation not permitted
build	Cache Android SDK	2026-06-06T12:22:44.5149353Z /usr/bin/tar: ../../../../../usr/local/lib/android/sdk/platforms/android-35-ext14/data/res/values-mcc334-mnc020-gu: Cannot change mode to rwxr-xr-x: Operation not permitted
build	Cache Android SDK	2026-06-06T12:22:44.5151082Z /usr/bin/tar: ../../../../../usr/local/lib/android/sdk/platforms/android-35-ext14/data/res/values-mcc310-mnc560-zh-rTW: Cannot utime: Operation not permitted
build	Cache Android SDK	2026-06-06T12:22:44.5152739Z /usr/bin/tar: ../../../../../usr/local/lib/android/sdk/platforms/android-35-ext14/data/res/values-mcc310-mnc560-zh-rTW: Cannot change mode to rwxr-xr-x: Operation not permitted
build	Cache Android SDK	2026-06-06T12:22:44.5153989Z /usr/bin/tar: ../../../../../usr/local/lib/android/sdk/platforms/android-35-ext14/data/res/values-mcc310-mnc280-en-rAU: Cannot utime: Operation not permitted
build	Cache Android SDK	2026-06-06T12:22:44.5155102Z /usr/bin/tar: ../../../../../usr/local/lib/android/sdk/platforms/android-35-ext14/data/res/values-mcc310-mnc280-en-rAU: Cannot change mode to rwxr-xr-x: Operation not permitted
build	Cache Android SDK	2026-06-06T12:22:44.5156680Z /usr/bin/tar: ../../../../../usr/local/lib/android/sdk/platforms/android-35-ext14/data/res/values-mcc310-mnc210-fi: Cannot utime: Operation not permitted
build	Cache Android SDK	2026-06-06T12:22:44.5158017Z /usr/bin/tar: ../../../../../usr/local/lib/android/sdk/platforms/android-35-ext14/data/res/values-mcc310-mnc210-fi: Cannot change mode to rwxr-xr-x: Operation not permitted
build	Cache Android SDK	2026-06-06T12:22:44.5160324Z /usr/bin/tar: ../../../../../usr/local/lib/android/sdk/platforms/android-35-ext14/data/res/values-mcc310-mnc170-de: Cannot utime: Operation not permitted
build	Cache Android SDK	2026-06-06T12:22:44.5161277Z /usr/bin/tar: ../../../../../usr/local/lib/android/sdk/platforms/android-35-ext14/data/res/values-mcc310-mnc170-de: Cannot change mode to rwxr-xr-x: Operation not permitted
build	Cache Android SDK	2026-06-06T12:22:44.5163466Z /usr/bin/tar: ../../../../../usr/local/lib/android/sdk/platforms/android-35-ext14/data/res/values-mcc310-mnc210-gu: Cannot utime: Operation not permitted
build	Cache Android SDK	2026-06-06T12:22:44.5164421Z /usr/bin/tar: ../../../../../usr/local/lib/android/sdk/platforms/android-35-ext14/data/res/values-mcc310-mnc210-gu: Cannot change mode to rwxr-xr-x: Operation not permitted
build	Cache Android SDK	2026-06-06T12:22:44.5166831Z /usr/bin/tar: ../../../../../usr/local/lib/android/sdk/platforms/android-35-ext14/data/res/values-mcc310-mnc660-hi: Cannot utime: Operation not permitted
build	Cache Android SDK	2026-06-06T12:22:44.5167910Z /usr/bin/tar: ../../../../../usr/local/lib/android/sdk/platforms/android-35-ext14/data/res/values-mcc310-mnc660-hi: Cannot change mode to rwxr-xr-x: Operation not permitted
build	Cache Android SDK	2026-06-06T12:22:44.5169944Z /usr/bin/tar: ../../../../../usr/local/lib/android/sdk/platforms/android-35-ext14/data/res/values-mcc310-mnc210-nl: Cannot utime: Operation not permitted
build	Cache Android SDK	2026-06-06T12:22:44.5170900Z /usr/bin/tar: ../../../../../usr/local/lib/android/sdk/platforms/android-35-ext14/data/res/values-mcc310-mnc210-nl: Cannot change mode to rwxr-xr-x: Operation not permitted
build	Cache Android SDK	2026-06-06T12:22:44.5173331Z /usr/bin/tar: ../../../../../usr/local/lib/android/sdk/platforms/android-35-ext14/data/res/values-mcc334-mnc020-am: Cannot utime: Operation not permitted
build	Cache Android SDK	2026-06-06T12:22:44.5174307Z /usr/bin/tar: ../../../../../usr/local/lib/android/sdk/platforms/android-35-ext14/data/res/values-mcc334-mnc020-am: Cannot change mode to rwxr-xr-x: Operation not permitted
build	Cache Android SDK	2026-06-06T12:22:44.5176418Z /usr/bin/tar: ../../../../../usr/local/lib/android/sdk/platforms/android-35-ext14/data/res/values-mcc334-mnc020-my: Cannot utime: Operation not permitted
build	Cache Android SDK	2026-06-06T12:22:44.5177784Z /usr/bin/tar: ../../../../../usr/local/lib/android/sdk/platforms/android-35-ext14/data/res/values-mcc334-mnc020-my: Cannot change mode to rwxr-xr-x: Operation not permitted
build	Cache Android SDK	2026-06-06T12:22:44.5179974Z /usr/bin/tar: ../../../../../usr/local/lib/android/sdk/platforms/android-35-ext14/data/res/values-mcc740-mnc00: Cannot utime: Operation not permitted
build	Cache Android SDK	2026-06-06T12:22:44.5181174Z /usr/bin/tar: ../../../../../usr/local/lib/android/sdk/platforms/android-35-ext14/data/res/values-mcc740-mnc00: Cannot change mode to rwxr-xr-x: Operation not permitted
build	Cache Android SDK	2026-06-06T12:22:44.5182980Z /usr/bin/tar: ../../../../../usr/local/lib/android/sdk/platforms/android-35-ext14/data/res/values-mcc310-mnc200-ky: Cannot utime: Operation not permitted
build	Cache Android SDK	2026-06-06T12:22:44.5183981Z /usr/bin/tar: ../../../../../usr/local/lib/android/sdk/platforms/android-35-ext14/data/res/values-mcc310-mnc200-ky: Cannot change mode to rwxr-xr-x: Operation not permitted
build	Cache Android SDK	2026-06-06T12:22:44.5186845Z /usr/bin/tar: ../../../../../usr/local/lib/android/sdk/platforms/android-35-ext14/data/res/values-mcc302-mnc370-el: Cannot utime: Operation not permitted
build	Cache Android SDK	2026-06-06T12:22:44.5187961Z /usr/bin/tar: ../../../../../usr/local/lib/android/sdk/platforms/android-35-ext14/data/res/values-mcc302-mnc370-el: Cannot change mode to rwxr-xr-x: Operation not permitted
build	Cache Android SDK	2026-06-06T12:22:44.5190068Z /usr/bin/tar: ../../../../../usr/local/lib/android/sdk/platforms/android-35-ext14/data/res/values-mcc310-mnc560-ro: Cannot utime: Operation not permitted
build	Cache Android SDK	2026-06-06T12:22:44.5191041Z /usr/bin/tar: ../../../../../usr/local/lib/android/sdk/platforms/android-35-ext14/data/res/values-mcc310-mnc560-ro: Cannot change mode to rwxr-xr-x: Operation not permitted
build	Cache Android SDK	2026-06-06T12:22:44.5193509Z /usr/bin/tar: ../../../../../usr/local/lib/android/sdk/platforms/android-35-ext14/data/res/values-mcc310-mnc150-kk: Cannot utime: Operation not permitted
build	Cache Android SDK	2026-06-06T12:22:44.5194494Z /usr/bin/tar: ../../../../../usr/local/lib/android/sdk/platforms/android-35-ext14/data/res/values-mcc310-mnc150-kk: Cannot change mode to rwxr-xr-x: Operation not permitted
build	Cache Android SDK	2026-06-06T12:22:44.5196493Z /usr/bin/tar: ../../../../../usr/local/lib/android/sdk/platforms/android-35-ext14/data/res/values-mcc334-mnc020-pt: Cannot utime: Operation not permitted
build	Cache Android SDK	2026-06-06T12:22:44.5197651Z /usr/bin/tar: ../../../../../usr/local/lib/android/sdk/platforms/android-35-ext14/data/res/values-mcc334-mnc020-pt: Cannot change mode to rwxr-xr-x: Operation not permitted
build	Cache Android SDK	2026-06-06T12:22:44.5200241Z /usr/bin/tar: ../../../../../usr/local/lib/android/sdk/platforms/android-35-ext14/data/res/values-mcc310-mnc210-en-rGB: Cannot utime: Operation not permitted
build	Cache Android SDK	2026-06-06T12:22:44.5201284Z /usr/bin/tar: ../../../../../usr/local/lib/android/sdk/platforms/android-35-ext14/data/res/values-mcc310-mnc210-en-rGB: Cannot change mode to rwxr-xr-x: Operation not permitted
build	Cache Android SDK	2026-06-06T12:22:44.5203685Z /usr/bin/tar: ../../../../../usr/local/lib/android/sdk/platforms/android-35-ext14/data/res/values-mcc302-mnc720-pt: Cannot utime: Operation not permitted
build	Cache Android SDK	2026-06-06T12:22:44.5204650Z /usr/bin/tar: ../../../../../usr/local/lib/android/sdk/platforms/android-35-ext14/data/res/values-mcc302-mnc720-pt: Cannot change mode to rwxr-xr-x: Operation not permitted
build	Cache Android SDK	2026-06-06T12:22:44.5209620Z /usr/bin/tar: ../../../../../usr/local/lib/android/sdk/platforms/android-35-ext14/data/res/values-mcc302-mnc720-zh-rCN: Cannot utime: Operation not permitted
build	Cache Android SDK	2026-06-06T12:22:44.5210854Z /usr/bin/tar: ../../../../../usr/local/lib/android/sdk/platforms/android-35-ext14/data/res/values-mcc302-mnc720-zh-rCN: Cannot change mode to rwxr-xr-x: Operation not permitted
build	Cache Android SDK	2026-06-06T12:22:44.5212484Z /usr/bin/tar: ../../../../../usr/local/lib/android/sdk/platforms/android-35-ext14/data/res/values-mcc310-mnc210-fr-rCA: Cannot utime: Operation not permitted
build	Cache Android SDK	2026-06-06T12:22:44.5213483Z /usr/bin/tar: ../../../../../usr/local/lib/android/sdk/platforms/android-35-ext14/data/res/values-mcc310-mnc210-fr-rCA: Cannot change mode to rwxr-xr-x: Operation not permitted
build	Cache Android SDK	2026-06-06T12:22:44.5216061Z /usr/bin/tar: ../../../../../usr/local/lib/android/sdk/platforms/android-35-ext14/data/res/values-mcc310-mnc270-nb: Cannot utime: Operation not permitted
build	Cache Android SDK	2026-06-06T12:22:44.5217021Z /usr/bin/tar: ../../../../../usr/local/lib/android/sdk/platforms/android-35-ext14/data/res/values-mcc310-mnc270-nb: Cannot change mode to rwxr-xr-x: Operation not permitted
build	Cache Android SDK	2026-06-06T12:22:44.5219165Z /usr/bin/tar: ../../../../../usr/local/lib/android/sdk/platforms/android-35-ext14/data/res/values-mcc334-mnc020-zu: Cannot utime: Operation not permitted
build	Cache Android SDK	2026-06-06T12:22:44.5220259Z /usr/bin/tar: ../../../../../usr/local/lib/android/sdk/platforms/android-35-ext14/data/res/values-mcc334-mnc020-zu: Cannot change mode to rwxr-xr-x: Operation not permitted
build	Cache Android SDK	2026-06-06T12:22:44.5222683Z /usr/bin/tar: ../../../../../usr/local/lib/android/sdk/platforms/android-35-ext14/data/res/values-port-mdpi: Cannot utime: Operation not permitted
build	Cache Android SDK	2026-06-06T12:22:44.5223629Z /usr/bin/tar: ../../../../../usr/local/lib/android/sdk/platforms/android-35-ext14/data/res/values-port-mdpi: Cannot change mode to rwxr-xr-x: Operation not permitted
build	Cache Android SDK	2026-06-06T12:22:44.5225973Z /usr/bin/tar: ../../../../../usr/local/lib/android/sdk/platforms/android-35-ext14/data/res/values-mcc302-mnc720-th: Cannot utime: Operation not permitted
build	Cache Android SDK	2026-06-06T12:22:44.5226946Z /usr/bin/tar: ../../../../../usr/local/lib/android/sdk/platforms/android-35-ext14/data/res/values-mcc302-mnc720-th: Cannot change mode to rwxr-xr-x: Operation not permitted
build	Cache Android SDK	2026-06-06T12:22:44.5229703Z /usr/bin/tar: ../../../../../usr/local/lib/android/sdk/platforms/android-35-ext14/data/res/values-mcc310-mnc950-ka: Cannot utime: Operation not permitted
build	Cache Android SDK	2026-06-06T12:22:44.5230793Z /usr/bin/tar: ../../../../../usr/local/lib/android/sdk/platforms/android-35-ext14/data/res/values-mcc310-mnc950-ka: Cannot change mode to rwxr-xr-x: Operation not permitted
build	Cache Android SDK	2026-06-06T12:22:44.5232589Z /usr/bin/tar: ../../../../../usr/local/lib/android/sdk/platforms/android-35-ext14/data/res/values-mcc302-mnc720-en-rGB: Cannot utime: Operation not permitted
build	Cache Android SDK	2026-06-06T12:22:44.5233725Z /usr/bin/tar: ../../../../../usr/local/lib/android/sdk/platforms/android-35-ext14/data/res/values-mcc302-mnc720-en-rGB: Cannot change mode to rwxr-xr-x: Operation not permitted
build	Cache Android SDK	2026-06-06T12:22:44.5236340Z /usr/bin/tar: ../../../../../usr/local/lib/android/sdk/platforms/android-35-ext14/data/res/values-mcc310-mnc250-az: Cannot utime: Operation not permitted
build	Cache Android SDK	2026-06-06T12:22:44.5237323Z /usr/bin/tar: ../../../../../usr/local/lib/android/sdk/platforms/android-35-ext14/data/res/values-mcc310-mnc250-az: Cannot change mode to rwxr-xr-x: Operation not permitted
build	Cache Android SDK	2026-06-06T12:22:44.5239375Z /usr/bin/tar: ../../../../../usr/local/lib/android/sdk/platforms/android-35-ext14/data/res/values-mcc310-mnc200-be: Cannot utime: Operation not permitted
build	Cache Android SDK	2026-06-06T12:22:44.5240336Z /usr/bin/tar: ../../../../../usr/local/lib/android/sdk/platforms/android-35-ext14/data/res/values-mcc310-mnc200-be: Cannot change mode to rwxr-xr-x: Operation not permitted
build	Cache Android SDK	2026-06-06T12:22:44.5242732Z /usr/bin/tar: ../../../../../usr/local/lib/android/sdk/platforms/android-35-ext14/data/res/values-zu-rZA: Cannot utime: Operation not permitted
build	Cache Android SDK	2026-06-06T12:22:44.5243653Z /usr/bin/tar: ../../../../../usr/local/lib/android/sdk/platforms/android-35-ext14/data/res/values-zu-rZA: Cannot change mode to rwxr-xr-x: Operation not permitted
build	Cache Android SDK	2026-06-06T12:22:44.5246322Z /usr/bin/tar: ../../../../../usr/local/lib/android/sdk/platforms/android-35-ext14/data/res/values-ka-watch: Cannot utime: Operation not permitted
build	Cache Android SDK	2026-06-06T12:22:44.5247521Z /usr/bin/tar: ../../../../../usr/local/lib/android/sdk/platforms/android-35-ext14/data/res/values-ka-watch: Cannot change mode to rwxr-xr-x: Operation not permitted
build	Cache Android SDK	2026-06-06T12:22:44.5249341Z /usr/bin/tar: ../../../../../usr/local/lib/android/sdk/platforms/android-35-ext14/data/res/values-mcc310-mnc490-ms: Cannot utime: Operation not permitted
build	Cache Android SDK	2026-06-06T12:22:44.5250386Z /usr/bin/tar: ../../../../../usr/local/lib/android/sdk/platforms/android-35-ext14/data/res/values-mcc310-mnc490-ms: Cannot change mode to rwxr-xr-x: Operation not permitted
build	Cache Android SDK	2026-06-06T12:22:44.5252330Z /usr/bin/tar: ../../../../../usr/local/lib/android/sdk/platforms/android-35-ext14/data/res/values-mcc310-mnc310-pl: Cannot utime: Operation not permitted
build	Cache Android SDK	2026-06-06T12:22:44.5253376Z /usr/bin/tar: ../../../../../usr/local/lib/android/sdk/platforms/android-35-ext14/data/res/values-mcc310-mnc310-pl: Cannot change mode to rwxr-xr-x: Operation not permitted
build	Cache Android SDK	2026-06-06T12:22:44.5261139Z /usr/bin/tar: ../../../../../usr/local/lib/android/sdk/platforms/android-35-ext14/data/res/values-hi: Cannot utime: Operation not permitted
build	Cache Android SDK	2026-06-06T12:22:44.5262346Z /usr/bin/tar: ../../../../../usr/local/lib/android/sdk/platforms/android-35-ext14/data/res/values-hi: Cannot change mode to rwxr-xr-x: Operation not permitted
build	Cache Android SDK	2026-06-06T12:22:44.5265230Z /usr/bin/tar: ../../../../../usr/local/lib/android/sdk/platforms/android-35-ext14/data/res/values-mcc310-mnc200-zu: Cannot utime: Operation not permitted
build	Cache Android SDK	2026-06-06T12:22:44.5266300Z /usr/bin/tar: ../../../../../usr/local/lib/android/sdk/platforms/android-35-ext14/data/res/values-mcc310-mnc200-zu: Cannot change mode to rwxr-xr-x: Operation not permitted
build	Cache Android SDK	2026-06-06T12:22:44.5268536Z /usr/bin/tar: ../../../../../usr/local/lib/android/sdk/platforms/android-35-ext14/data/res/values-mcc310-mnc410-mr: Cannot utime: Operation not permitted
build	Cache Android SDK	2026-06-06T12:22:44.5269680Z /usr/bin/tar: ../../../../../usr/local/lib/android/sdk/platforms/android-35-ext14/data/res/values-mcc310-mnc410-mr: Cannot change mode to rwxr-xr-x: Operation not permitted
build	Cache Android SDK	2026-06-06T12:22:44.5272182Z /usr/bin/tar: ../../../../../usr/local/lib/android/sdk/platforms/android-35-ext14/data/res/values-mcc310-mnc210-mr: Cannot utime: Operation not permitted
build	Cache Android SDK	2026-06-06T12:22:44.5273228Z /usr/bin/tar: ../../../../../usr/local/lib/android/sdk/platforms/android-35-ext14/data/res/values-mcc310-mnc210-mr: Cannot change mode to rwxr-xr-x: Operation not permitted
build	Cache Android SDK	2026-06-06T12:22:44.5275605Z /usr/bin/tar: ../../../../../usr/local/lib/android/sdk/platforms/android-35-ext14/data/res/values-mcc310-mnc150-si: Cannot utime: Operation not permitted
build	Cache Android SDK	2026-06-06T12:22:44.5276604Z /usr/bin/tar: ../../../../../usr/local/lib/android/sdk/platforms/android-35-ext14/data/res/values-mcc310-mnc150-si: Cannot change mode to rwxr-xr-x: Operation not permitted
build	Cache Android SDK	2026-06-06T12:22:44.5279455Z /usr/bin/tar: ../../../../../usr/local/lib/android/sdk/platforms/android-35-ext14/data/res/values-mcc310-mnc240-et: Cannot utime: Operation not permitted
build	Cache Android SDK	2026-06-06T12:22:44.5280455Z /usr/bin/tar: ../../../../../usr/local/lib/android/sdk/platforms/android-35-ext14/data/res/values-mcc310-mnc240-et: Cannot change mode to rwxr-xr-x: Operation not permitted
build	Cache Android SDK	2026-06-06T12:22:44.5282960Z /usr/bin/tar: ../../../../../usr/local/lib/android/sdk/platforms/android-35-ext14/data/res/values-mcc310-mnc380-kk: Cannot utime: Operation not permitted
build	Cache Android SDK	2026-06-06T12:22:44.5283945Z /usr/bin/tar: ../../../../../usr/local/lib/android/sdk/platforms/android-35-ext14/data/res/values-mcc310-mnc380-kk: Cannot change mode to rwxr-xr-x: Operation not permitted
build	Cache Android SDK	2026-06-06T12:22:44.5286180Z /usr/bin/tar: ../../../../../usr/local/lib/android/sdk/platforms/android-35-ext14/data/res/values-mcc310-mnc280-kk: Cannot utime: Operation not permitted
build	Cache Android SDK	2026-06-06T12:22:44.5287158Z /usr/bin/tar: ../../../../../usr/local/lib/android/sdk/platforms/android-35-ext14/data/res/values-mcc310-mnc280-kk: Cannot change mode to rwxr-xr-x: Operation not permitted
build	Cache Android SDK	2026-06-06T12:22:44.5289564Z /usr/bin/tar: ../../../../../usr/local/lib/android/sdk/platforms/android-35-ext14/data/res/values-mcc310-mnc160-sq: Cannot utime: Operation not permitted
build	Cache Android SDK	2026-06-06T12:22:44.5290537Z /usr/bin/tar: ../../../../../usr/local/lib/android/sdk/platforms/android-35-ext14/data/res/values-mcc310-mnc160-sq: Cannot change mode to rwxr-xr-x: Operation not permitted
build	Cache Android SDK	2026-06-06T12:22:44.5292440Z /usr/bin/tar: ../../../../../usr/local/lib/android/sdk/platforms/android-35-ext14/data/res/values-mcc334-mnc020-kn: Cannot utime: Operation not permitted
build	Cache Android SDK	2026-06-06T12:22:44.5293411Z /usr/bin/tar: ../../../../../usr/local/lib/android/sdk/platforms/android-35-ext14/data/res/values-mcc334-mnc020-kn: Cannot change mode to rwxr-xr-x: Operation not permitted
build	Cache Android SDK	2026-06-06T12:22:44.5296282Z /usr/bin/tar: ../../../../../usr/local/lib/android/sdk/platforms/android-35-ext14/data/res/values-mcc312-mnc530: Cannot utime: Operation not permitted
build	Cache Android SDK	2026-06-06T12:22:44.5297257Z /usr/bin/tar: ../../../../../usr/local/lib/android/sdk/platforms/android-35-ext14/data/res/values-mcc312-mnc530: Cannot change mode to rwxr-xr-x: Operation not permitted
build	Cache Android SDK	2026-06-06T12:22:44.5299387Z /usr/bin/tar: ../../../../../usr/local/lib/android/sdk/platforms/android-35-ext14/data/res/values-mcc310-mnc270-vi: Cannot utime: Operation not permitted
build	Cache Android SDK	2026-06-06T12:22:44.5300370Z /usr/bin/tar: ../../../../../usr/local/lib/android/sdk/platforms/android-35-ext14/data/res/values-mcc310-mnc270-vi: Cannot change mode to rwxr-xr-x: Operation not permitted
build	Cache Android SDK	2026-06-06T12:22:44.5308569Z /usr/bin/tar: ../../../../../usr/local/lib/android/sdk/platforms/android-35-ext14/data/res/values-ne: Cannot utime: Operation not permitted
build	Cache Android SDK	2026-06-06T12:22:44.5310008Z /usr/bin/tar: ../../../../../usr/local/lib/android/sdk/platforms/android-35-ext14/data/res/values-ne: Cannot change mode to rwxr-xr-x: Operation not permitted
build	Cache Android SDK	2026-06-06T12:22:44.5311821Z /usr/bin/tar: ../../../../../usr/local/lib/android/sdk/platforms/android-35-ext14/data/res/values-mcc310-mnc250-et: Cannot utime: Operation not permitted
build	Cache Android SDK	2026-06-06T12:22:44.5312931Z /usr/bin/tar: ../../../../../usr/local/lib/android/sdk/platforms/android-35-ext14/data/res/values-mcc310-mnc250-et: Cannot change mode to rwxr-xr-x: Operation not permitted
build	Cache Android SDK	2026-06-06T12:22:44.5315329Z /usr/bin/tar: ../../../../../usr/local/lib/android/sdk/platforms/android-35-ext14/data/res/values-es-rSV: Cannot utime: Operation not permitted
build	Cache Android SDK	2026-06-06T12:22:44.5316448Z /usr/bin/tar: ../../../../../usr/local/lib/android/sdk/platforms/android-35-ext14/data/res/values-es-rSV: Cannot change mode to rwxr-xr-x: Operation not permitted
build	Cache Android SDK	2026-06-06T12:22:44.5318194Z /usr/bin/tar: ../../../../../usr/local/lib/android/sdk/platforms/android-35-ext14/data/res/values-mcc310-mnc220-pl: Cannot utime: Operation not permitted
build	Cache Android SDK	2026-06-06T12:22:44.5319161Z /usr/bin/tar: ../../../../../usr/local/lib/android/sdk/platforms/android-35-ext14/data/res/values-mcc310-mnc220-pl: Cannot change mode to rwxr-xr-x: Operation not permitted
build	Cache Android SDK	2026-06-06T12:22:44.5321304Z /usr/bin/tar: ../../../../../usr/local/lib/android/sdk/platforms/android-35-ext14/data/res/values-mcc302-mnc720-az: Cannot utime: Operation not permitted
build	Cache Android SDK	2026-06-06T12:22:44.5322302Z /usr/bin/tar: ../../../../../usr/local/lib/android/sdk/platforms/android-35-ext14/data/res/values-mcc302-mnc720-az: Cannot change mode to rwxr-xr-x: Operation not permitted
build	Cache Android SDK	2026-06-06T12:22:44.5324051Z /usr/bin/tar: ../../../../../usr/local/lib/android/sdk/platforms/android-35-ext14/data/res/values-mcc415-mnc01: Cannot utime: Operation not permitted
build	Cache Android SDK	2026-06-06T12:22:44.5324986Z /usr/bin/tar: ../../../../../usr/local/lib/android/sdk/platforms/android-35-ext14/data/res/values-mcc415-mnc01: Cannot change mode to rwxr-xr-x: Operation not permitted
build	Cache Android SDK	2026-06-06T12:22:44.5327546Z /usr/bin/tar: ../../../../../usr/local/lib/android/sdk/platforms/android-35-ext14/data/res/values-mcc310-mnc250-de: Cannot utime: Operation not permitted
build	Cache Android SDK	2026-06-06T12:22:44.5328659Z /usr/bin/tar: ../../../../../usr/local/lib/android/sdk/platforms/android-35-ext14/data/res/values-mcc310-mnc250-de: Cannot change mode to rwxr-xr-x: Operation not permitted
build	Cache Android SDK	2026-06-06T12:22:44.5330134Z /usr/bin/tar: ../../../../../usr/local/lib/android/sdk/platforms/android-35-ext14/data/res/values-mcc310-mnc220-am: Cannot utime: Operation not permitted
build	Cache Android SDK	2026-06-06T12:22:44.5331140Z /usr/bin/tar: ../../../../../usr/local/lib/android/sdk/platforms/android-35-ext14/data/res/values-mcc310-mnc220-am: Cannot change mode to rwxr-xr-x: Operation not permitted
build	Cache Android SDK	2026-06-06T12:22:44.5333063Z /usr/bin/tar: ../../../../../usr/local/lib/android/sdk/platforms/android-35-ext14/data/res/values-mcc302-mnc370-tl: Cannot utime: Operation not permitted
build	Cache Android SDK	2026-06-06T12:22:44.5334058Z /usr/bin/tar: ../../../../../usr/local/lib/android/sdk/platforms/android-35-ext14/data/res/values-mcc302-mnc370-tl: Cannot change mode to rwxr-xr-x: Operation not permitted
build	Cache Android SDK	2026-06-06T12:22:44.5336230Z /usr/bin/tar: ../../../../../usr/local/lib/android/sdk/platforms/android-35-ext14/data/res/values-mcc310-mnc210-bg: Cannot utime: Operation not permitted
build	Cache Android SDK	2026-06-06T12:22:44.5337289Z /usr/bin/tar: ../../../../../usr/local/lib/android/sdk/platforms/android-35-ext14/data/res/values-mcc310-mnc210-bg: Cannot change mode to rwxr-xr-x: Operation not permitted
build	Cache Android SDK	2026-06-06T12:22:44.5339327Z /usr/bin/tar: ../../../../../usr/local/lib/android/sdk/platforms/android-35-ext14/data/res/values-mcc302-mnc370-zh-rHK: Cannot utime: Operation not permitted
build	Cache Android SDK	2026-06-06T12:22:44.5340389Z /usr/bin/tar: ../../../../../usr/local/lib/android/sdk/platforms/android-35-ext14/data/res/values-mcc302-mnc370-zh-rHK: Cannot change mode to rwxr-xr-x: Operation not permitted
build	Cache Android SDK	2026-06-06T12:22:44.5342579Z /usr/bin/tar: ../../../../../usr/local/lib/android/sdk/platforms/android-35-ext14/data/res/values-ar-rEG: Cannot utime: Operation not permitted
build	Cache Android SDK	2026-06-06T12:22:44.5343625Z /usr/bin/tar: ../../../../../usr/local/lib/android/sdk/platforms/android-35-ext14/data/res/values-ar-rEG: Cannot change mode to rwxr-xr-x: Operation not permitted
build	Cache Android SDK	2026-06-06T12:22:44.5345298Z /usr/bin/tar: ../../../../../usr/local/lib/android/sdk/platforms/android-35-ext14/data/res/values-mcc310-mnc310-uz: Cannot utime: Operation not permitted
build	Cache Android SDK	2026-06-06T12:22:44.5346278Z /usr/bin/tar: ../../../../../usr/local/lib/android/sdk/platforms/android-35-ext14/data/res/values-mcc310-mnc310-uz: Cannot change mode to rwxr-xr-x: Operation not permitted
build	Cache Android SDK	2026-06-06T12:22:44.5348737Z /usr/bin/tar: ../../../../../usr/local/lib/android/sdk/platforms/android-35-ext14/data/res/values-mcc310-mnc800-it: Cannot utime: Operation not permitted
build	Cache Android SDK	2026-06-06T12:22:44.5349806Z /usr/bin/tar: ../../../../../usr/local/lib/android/sdk/platforms/android-35-ext14/data/res/values-mcc310-mnc800-it: Cannot change mode to rwxr-xr-x: Operation not permitted
build	Cache Android SDK	2026-06-06T12:22:44.5351737Z /usr/bin/tar: ../../../../../usr/local/lib/android/sdk/platforms/android-35-ext14/data/res/values-mcc310-mnc410-kk: Cannot utime: Operation not permitted
build	Cache Android SDK	2026-06-06T12:22:44.5352709Z /usr/bin/tar: ../../../../../usr/local/lib/android/sdk/platforms/android-35-ext14/data/res/values-mcc310-mnc410-kk: Cannot change mode to rwxr-xr-x: Operation not permitted
build	Cache Android SDK	2026-06-06T12:22:44.5355219Z /usr/bin/tar: ../../../../../usr/local/lib/android/sdk/platforms/android-35-ext14/data/res/values-mcc310-mnc950-eu: Cannot utime: Operation not permitted
build	Cache Android SDK	2026-06-06T12:22:44.5356265Z /usr/bin/tar: ../../../../../usr/local/lib/android/sdk/platforms/android-35-ext14/data/res/values-mcc310-mnc950-eu: Cannot change mode to rwxr-xr-x: Operation not permitted
build	Cache Android SDK	2026-06-06T12:22:44.5358011Z /usr/bin/tar: ../../../../../usr/local/lib/android/sdk/platforms/android-35-ext14/data/res/values-mcc302-mnc720-af: Cannot utime: Operation not permitted
build	Cache Android SDK	2026-06-06T12:22:44.5358971Z /usr/bin/tar: ../../../../../usr/local/lib/android/sdk/platforms/android-35-ext14/data/res/values-mcc302-mnc720-af: Cannot change mode to rwxr-xr-x: Operation not permitted
build	Cache Android SDK	2026-06-06T12:22:44.5361257Z /usr/bin/tar: ../../../../../usr/local/lib/android/sdk/platforms/android-35-ext14/data/res/values-mcc334-mnc020-es: Cannot utime: Operation not permitted
build	Cache Android SDK	2026-06-06T12:22:44.5362303Z /usr/bin/tar: ../../../../../usr/local/lib/android/sdk/platforms/android-35-ext14/data/res/values-mcc334-mnc020-es: Cannot change mode to rwxr-xr-x: Operation not permitted
build	Cache Android SDK	2026-06-06T12:22:44.5364074Z /usr/bin/tar: ../../../../../usr/local/lib/android/sdk/platforms/android-35-ext14/data/res/values-mcc310-mnc410-be: Cannot utime: Operation not permitted
build	Cache Android SDK	2026-06-06T12:22:44.5379420Z /usr/bin/tar: ../../../../../usr/local/lib/android/sdk/platforms/android-35-ext14/data/res/values-mcc310-mnc410-be: Cannot change mode to rwxr-xr-x: Operation not permitted
build	Cache Android SDK	2026-06-06T12:22:44.5381009Z /usr/bin/tar: ../../../../../usr/local/lib/android/sdk/platforms/android-35-ext14/data/res/values-mcc310-mnc030-am: Cannot utime: Operation not permitted
build	Cache Android SDK	2026-06-06T12:22:44.5382079Z /usr/bin/tar: ../../../../../usr/local/lib/android/sdk/platforms/android-35-ext14/data/res/values-mcc310-mnc030-am: Cannot change mode to rwxr-xr-x: Operation not permitted
build	Cache Android SDK	2026-06-06T12:22:44.5383466Z /usr/bin/tar: ../../../../../usr/local/lib/android/sdk/platforms/android-35-ext14/data/res/values-sq: Cannot utime: Operation not permitted
build	Cache Android SDK	2026-06-06T12:22:44.5384589Z /usr/bin/tar: ../../../../../usr/local/lib/android/sdk/platforms/android-35-ext14/data/res/values-sq: Cannot change mode to rwxr-xr-x: Operation not permitted
build	Cache Android SDK	2026-06-06T12:22:44.5385542Z /usr/bin/tar: ../../../../../usr/local/lib/android/sdk/platforms/android-35-ext14/data/res/values-mcc310-mnc380-bs: Cannot utime: Operation not permitted
build	Cache Android SDK	2026-06-06T12:22:44.5386849Z /usr/bin/tar: ../../../../../usr/local/lib/android/sdk/platforms/android-35-ext14/data/res/values-mcc310-mnc380-bs: Cannot change mode to rwxr-xr-x: Operation not permitted
build	Cache Android SDK	2026-06-06T12:22:44.5387991Z /usr/bin/tar: ../../../../../usr/local/lib/android/sdk/platforms/android-35-ext14/data/res/values-mcc310-mnc660-te: Cannot utime: Operation not permitted
build	Cache Android SDK	2026-06-06T12:22:44.5389146Z /usr/bin/tar: ../../../../../usr/local/lib/android/sdk/platforms/android-35-ext14/data/res/values-mcc310-mnc660-te: Cannot change mode to rwxr-xr-x: Operation not permitted
build	Cache Android SDK	2026-06-06T12:22:44.5390475Z /usr/bin/tar: ../../../../../usr/local/lib/android/sdk/platforms/android-35-ext14/data/res/values-mcc310-mnc950-es: Cannot utime: Operation not permitted
build	Cache Android SDK	2026-06-06T12:22:44.5391411Z /usr/bin/tar: ../../../../../usr/local/lib/android/sdk/platforms/android-35-ext14/data/res/values-mcc310-mnc950-es: Cannot change mode to rwxr-xr-x: Operation not permitted
build	Cache Android SDK	2026-06-06T12:22:44.5392395Z /usr/bin/tar: ../../../../../usr/local/lib/android/sdk/platforms/android-35-ext14/data/res/xml-land: Cannot utime: Operation not permitted
build	Cache Android SDK	2026-06-06T12:22:44.5393606Z /usr/bin/tar: ../../../../../usr/local/lib/android/sdk/platforms/android-35-ext14/data/res/xml-land: Cannot change mode to rwxr-xr-x: Operation not permitted
build	Cache Android SDK	2026-06-06T12:22:44.5394540Z /usr/bin/tar: ../../../../../usr/local/lib/android/sdk/platforms/android-35-ext14/data/res/values-w225dp: Cannot utime: Operation not permitted
build	Cache Android SDK	2026-06-06T12:22:44.5395504Z /usr/bin/tar: ../../../../../usr/local/lib/android/sdk/platforms/android-35-ext14/data/res/values-w225dp: Cannot change mode to rwxr-xr-x: Operation not permitted
build	Cache Android SDK	2026-06-06T12:22:44.5396645Z /usr/bin/tar: ../../../../../usr/local/lib/android/sdk/platforms/android-35-ext14/data/res/values-mcc311-mnc180-pt-rPT: Cannot utime: Operation not permitted
build	Cache Android SDK	2026-06-06T12:22:44.5398176Z /usr/bin/tar: ../../../../../usr/local/lib/android/sdk/platforms/android-35-ext14/data/res/values-mcc311-mnc180-pt-rPT: Cannot change mode to rwxr-xr-x: Operation not permitted
build	Cache Android SDK	2026-06-06T12:22:44.5399386Z /usr/bin/tar: ../../../../../usr/local/lib/android/sdk/platforms/android-35-ext14/data/res/values-mcc310-mnc490-de: Cannot utime: Operation not permitted
build	Cache Android SDK	2026-06-06T12:22:44.5400500Z /usr/bin/tar: ../../../../../usr/local/lib/android/sdk/platforms/android-35-ext14/data/res/values-mcc310-mnc490-de: Cannot change mode to rwxr-xr-x: Operation not permitted
build	Cache Android SDK	2026-06-06T12:22:44.5401713Z /usr/bin/tar: ../../../../../usr/local/lib/android/sdk/platforms/android-35-ext14/data/res/values-mcc310-mnc150-sk: Cannot utime: Operation not permitted
build	Cache Android SDK	2026-06-06T12:22:44.5402830Z /usr/bin/tar: ../../../../../usr/local/lib/android/sdk/platforms/android-35-ext14/data/res/values-mcc310-mnc150-sk: Cannot change mode to rwxr-xr-x: Operation not permitted
build	Cache Android SDK	2026-06-06T12:22:44.5403971Z /usr/bin/tar: ../../../../../usr/local/lib/android/sdk/platforms/android-35-ext14/data/res/values-mcc310-mnc950-hy: Cannot utime: Operation not permitted
build	Cache Android SDK	2026-06-06T12:22:44.5404913Z /usr/bin/tar: ../../../../../usr/local/lib/android/sdk/platforms/android-35-ext14/data/res/values-mcc310-mnc950-hy: Cannot change mode to rwxr-xr-x: Operation not permitted
build	Cache Android SDK	2026-06-06T12:22:44.5407060Z /usr/bin/tar: ../../../../../usr/local/lib/android/sdk/platforms/android-35-ext14/data/res/values-am-rET: Cannot utime: Operation not permitted
build	Cache Android SDK	2026-06-06T12:22:44.5408446Z /usr/bin/tar: ../../../../../usr/local/lib/android/sdk/platforms/android-35-ext14/data/res/values-am-rET: Cannot change mode to rwxr-xr-x: Operation not permitted
build	Cache Android SDK	2026-06-06T12:22:44.5410974Z /usr/bin/tar: ../../../../../usr/local/lib/android/sdk/platforms/android-35-ext14/data/res/values-mcc310-mnc030-zh-rCN: Cannot utime: Operation not permitted
build	Cache Android SDK	2026-06-06T12:22:44.5412146Z /usr/bin/tar: ../../../../../usr/local/lib/android/sdk/platforms/android-35-ext14/data/res/values-mcc310-mnc030-zh-rCN: Cannot change mode to rwxr-xr-x: Operation not permitted
build	Cache Android SDK	2026-06-06T12:22:44.5414604Z /usr/bin/tar: ../../../../../usr/local/lib/android/sdk/platforms/android-35-ext14/data/res/raw-tr: Cannot utime: Operation not permitted
build	Cache Android SDK	2026-06-06T12:22:44.5415454Z /usr/bin/tar: ../../../../../usr/local/lib/android/sdk/platforms/android-35-ext14/data/res/raw-tr: Cannot change mode to rwxr-xr-x: Operation not permitted
build	Cache Android SDK	2026-06-06T12:22:44.5418000Z /usr/bin/tar: ../../../../../usr/local/lib/android/sdk/platforms/android-35-ext14/data/res/values-mcc310-mnc230-lo: Cannot utime: Operation not permitted
build	Cache Android SDK	2026-06-06T12:22:44.5419055Z /usr/bin/tar: ../../../../../usr/local/lib/android/sdk/platforms/android-35-ext14/data/res/values-mcc310-mnc230-lo: Cannot change mode to rwxr-xr-x: Operation not permitted
build	Cache Android SDK	2026-06-06T12:22:44.5421189Z /usr/bin/tar: ../../../../../usr/local/lib/android/sdk/platforms/android-35-ext14/data/res/values-mcc310-mnc240-kk: Cannot utime: Operation not permitted
build	Cache Android SDK	2026-06-06T12:22:44.5422132Z /usr/bin/tar: ../../../../../usr/local/lib/android/sdk/platforms/android-35-ext14/data/res/values-mcc310-mnc240-kk: Cannot change mode to rwxr-xr-x: Operation not permitted
build	Cache Android SDK	2026-06-06T12:22:44.5424722Z /usr/bin/tar: ../../../../../usr/local/lib/android/sdk/platforms/android-35-ext14/data/res/values-mcc312-mnc670-ru: Cannot utime: Operation not permitted
build	Cache Android SDK	2026-06-06T12:22:44.5425797Z /usr/bin/tar: ../../../../../usr/local/lib/android/sdk/platforms/android-35-ext14/data/res/values-mcc312-mnc670-ru: Cannot change mode to rwxr-xr-x: Operation not permitted
build	Cache Android SDK	2026-06-06T12:22:44.5428067Z /usr/bin/tar: ../../../../../usr/local/lib/android/sdk/platforms/android-35-ext14/data/res/values-mcc310-mnc210-ky: Cannot utime: Operation not permitted
build	Cache Android SDK	2026-06-06T12:22:44.5429034Z /usr/bin/tar: ../../../../../usr/local/lib/android/sdk/platforms/android-35-ext14/data/res/values-mcc310-mnc210-ky: Cannot change mode to rwxr-xr-x: Operation not permitted
build	Cache Android SDK	2026-06-06T12:22:44.5434581Z /usr/bin/tar: ../../../../../usr/local/lib/android/sdk/platforms/android-35-ext14/data/res/values-en-rAU: Cannot utime: Operation not permitted
build	Cache Android SDK	2026-06-06T12:22:44.5436079Z /usr/bin/tar: ../../../../../usr/local/lib/android/sdk/platforms/android-35-ext14/data/res/values-en-rAU: Cannot change mode to rwxr-xr-x: Operation not permitted
build	Cache Android SDK	2026-06-06T12:22:44.5437481Z /usr/bin/tar: ../../../../../usr/local/lib/android/sdk/platforms/android-35-ext14/data/res/values-mcc310-mnc230-hy: Cannot utime: Operation not permitted
build	Cache Android SDK	2026-06-06T12:22:44.5438579Z /usr/bin/tar: ../../../../../usr/local/lib/android/sdk/platforms/android-35-ext14/data/res/values-mcc310-mnc230-hy: Cannot change mode to rwxr-xr-x: Operation not permitted
build	Cache Android SDK	2026-06-06T12:22:44.5440964Z /usr/bin/tar: ../../../../../usr/local/lib/android/sdk/platforms/android-35-ext14/data/res/values-mcc310-mnc150-en-rXC: Cannot utime: Operation not permitted
build	Cache Android SDK	2026-06-06T12:22:44.5441981Z /usr/bin/tar: ../../../../../usr/local/lib/android/sdk/platforms/android-35-ext14/data/res/values-mcc310-mnc150-en-rXC: Cannot change mode to rwxr-xr-x: Operation not permitted
build	Cache Android SDK	2026-06-06T12:22:44.5447110Z /usr/bin/tar: ../../../../../usr/local/lib/android/sdk/platforms/android-35-ext14/data/res/values-zh-rHK: Cannot utime: Operation not permitted
build	Cache Android SDK	2026-06-06T12:22:44.5448314Z /usr/bin/tar: ../../../../../usr/local/lib/android/sdk/platforms/android-35-ext14/data/res/values-zh-rHK: Cannot change mode to rwxr-xr-x: Operation not permitted
build	Cache Android SDK	2026-06-06T12:22:44.5449674Z /usr/bin/tar: ../../../../../usr/local/lib/android/sdk/platforms/android-35-ext14/data/res/values-en-rIN-watch: Cannot utime: Operation not permitted
build	Cache Android SDK	2026-06-06T12:22:44.5450624Z /usr/bin/tar: ../../../../../usr/local/lib/android/sdk/platforms/android-35-ext14/data/res/values-en-rIN-watch: Cannot change mode to rwxr-xr-x: Operation not permitted
build	Cache Android SDK	2026-06-06T12:22:44.5452679Z /usr/bin/tar: ../../../../../usr/local/lib/android/sdk/platforms/android-35-ext14/data/res/values-mcc312-mnc670-am: Cannot utime: Operation not permitted
build	Cache Android SDK	2026-06-06T12:22:44.5453640Z /usr/bin/tar: ../../../../../usr/local/lib/android/sdk/platforms/android-35-ext14/data/res/values-mcc312-mnc670-am: Cannot change mode to rwxr-xr-x: Operation not permitted
build	Cache Android SDK	2026-06-06T12:22:44.5455631Z /usr/bin/tar: ../../../../../usr/local/lib/android/sdk/platforms/android-35-ext14/data/res/values-mcc310-mnc660-el: Cannot utime: Operation not permitted
build	Cache Android SDK	2026-06-06T12:22:44.5456573Z /usr/bin/tar: ../../../../../usr/local/lib/android/sdk/platforms/android-35-ext14/data/res/values-mcc310-mnc660-el: Cannot change mode to rwxr-xr-x: Operation not permitted
build	Cache Android SDK	2026-06-06T12:22:44.5459186Z /usr/bin/tar: ../../../../../usr/local/lib/android/sdk/platforms/android-35-ext14/data/res/values-mcc310-mnc310-vi: Cannot utime: Operation not permitted
build	Cache Android SDK	2026-06-06T12:22:44.5460479Z /usr/bin/tar: ../../../../../usr/local/lib/android/sdk/platforms/android-35-ext14/data/res/values-mcc310-mnc310-vi: Cannot change mode to rwxr-xr-x: Operation not permitted
build	Cache Android SDK	2026-06-06T12:22:44.5462856Z /usr/bin/tar: ../../../../../usr/local/lib/android/sdk/platforms/android-35-ext14/data/res/values-mcc310-mnc240-af: Cannot utime: Operation not permitted
build	Cache Android SDK	2026-06-06T12:22:44.5463831Z /usr/bin/tar: ../../../../../usr/local/lib/android/sdk/platforms/android-35-ext14/data/res/values-mcc310-mnc240-af: Cannot change mode to rwxr-xr-x: Operation not permitted
build	Cache Android SDK	2026-06-06T12:22:44.5466076Z /usr/bin/tar: ../../../../../usr/local/lib/android/sdk/platforms/android-35-ext14/data/res/values-mcc310-mnc490-uk: Cannot utime: Operation not permitted
build	Cache Android SDK	2026-06-06T12:22:44.5467321Z /usr/bin/tar: ../../../../../usr/local/lib/android/sdk/platforms/android-35-ext14/data/res/values-mcc310-mnc490-uk: Cannot change mode to rwxr-xr-x: Operation not permitted
build	Cache Android SDK	2026-06-06T12:22:44.5469506Z /usr/bin/tar: ../../../../../usr/local/lib/android/sdk/platforms/android-35-ext14/data/res/values-mcc310-mnc210-pa: Cannot utime: Operation not permitted
build	Cache Android SDK	2026-06-06T12:22:44.5470708Z /usr/bin/tar: ../../../../../usr/local/lib/android/sdk/platforms/android-35-ext14/data/res/values-mcc310-mnc210-pa: Cannot change mode to rwxr-xr-x: Operation not permitted
build	Cache Android SDK	2026-06-06T12:22:44.5473142Z /usr/bin/tar: ../../../../../usr/local/lib/android/sdk/platforms/android-35-ext14/data/res/values-mcc310-mnc380-ro: Cannot utime: Operation not permitted
build	Cache Android SDK	2026-06-06T12:22:44.5474104Z /usr/bin/tar: ../../../../../usr/local/lib/android/sdk/platforms/android-35-ext14/data/res/values-mcc310-mnc380-ro: Cannot change mode to rwxr-xr-x: Operation not permitted
build	Cache Android SDK	2026-06-06T12:22:44.5481624Z /usr/bin/tar: ../../../../../usr/local/lib/android/sdk/platforms/android-35-ext14/data/res/values-ta: Cannot utime: Operation not permitted
build	Cache Android SDK	2026-06-06T12:22:44.5482679Z /usr/bin/tar: ../../../../../usr/local/lib/android/sdk/platforms/android-35-ext14/data/res/values-ta: Cannot change mode to rwxr-xr-x: Operation not permitted
build	Cache Android SDK	2026-06-06T12:22:44.5485670Z /usr/bin/tar: ../../../../../usr/local/lib/android/sdk/platforms/android-35-ext14/data/res/values-mcc310-mnc800-ml: Cannot utime: Operation not permitted
build	Cache Android SDK	2026-06-06T12:22:44.5486727Z /usr/bin/tar: ../../../../../usr/local/lib/android/sdk/platforms/android-35-ext14/data/res/values-mcc310-mnc800-ml: Cannot change mode to rwxr-xr-x: Operation not permitted
build	Cache Android SDK	2026-06-06T12:22:44.5488389Z /usr/bin/tar: ../../../../../usr/local/lib/android/sdk/platforms/android-35-ext14/data/res/values-mcc313-mnc100-mr: Cannot utime: Operation not permitted
build	Cache Android SDK	2026-06-06T12:22:44.5489436Z /usr/bin/tar: ../../../../../usr/local/lib/android/sdk/platforms/android-35-ext14/data/res/values-mcc313-mnc100-mr: Cannot change mode to rwxr-xr-x: Operation not permitted
build	Cache Android SDK	2026-06-06T12:22:44.5491359Z /usr/bin/tar: ../../../../../usr/local/lib/android/sdk/platforms/android-35-ext14/data/res/values-mcc302-mnc370-sw: Cannot utime: Operation not permitted
build	Cache Android SDK	2026-06-06T12:22:44.5492388Z /usr/bin/tar: ../../../../../usr/local/lib/android/sdk/platforms/android-35-ext14/data/res/values-mcc302-mnc370-sw: Cannot change mode to rwxr-xr-x: Operation not permitted
build	Cache Android SDK	2026-06-06T12:22:44.5494040Z /usr/bin/tar: ../../../../../usr/local/lib/android/sdk/platforms/android-35-ext14/data/res/values-mcc302-mnc720-en-rAU: Cannot utime: Operation not permitted
build	Cache Android SDK	2026-06-06T12:22:44.5495028Z /usr/bin/tar: ../../../../../usr/local/lib/android/sdk/platforms/android-35-ext14/data/res/values-mcc302-mnc720-en-rAU: Cannot change mode to rwxr-xr-x: Operation not permitted
build	Cache Android SDK	2026-06-06T12:22:44.5502065Z /usr/bin/tar: ../../../../../usr/local/lib/android/sdk/platforms/android-35-ext14/data/res/values-pt: Cannot utime: Operation not permitted
build	Cache Android SDK	2026-06-06T12:22:44.5503071Z /usr/bin/tar: ../../../../../usr/local/lib/android/sdk/platforms/android-35-ext14/data/res/values-pt: Cannot change mode to rwxr-xr-x: Operation not permitted
build	Cache Android SDK	2026-06-06T12:22:44.5504587Z /usr/bin/tar: ../../../../../usr/local/lib/android/sdk/platforms/android-35-ext14/data/res/values-ur-watch: Cannot utime: Operation not permitted
build	Cache Android SDK	2026-06-06T12:22:44.5505580Z /usr/bin/tar: ../../../../../usr/local/lib/android/sdk/platforms/android-35-ext14/data/res/values-ur-watch: Cannot change mode to rwxr-xr-x: Operation not permitted
build	Cache Android SDK	2026-06-06T12:22:44.5507544Z /usr/bin/tar: ../../../../../usr/local/lib/android/sdk/platforms/android-35-ext14/data/res/values-mcc310-mnc310-lt: Cannot utime: Operation not permitted
build	Cache Android SDK	2026-06-06T12:22:44.5508518Z /usr/bin/tar: ../../../../../usr/local/lib/android/sdk/platforms/android-35-ext14/data/res/values-mcc310-mnc310-lt: Cannot change mode to rwxr-xr-x: Operation not permitted
build	Cache Android SDK	2026-06-06T12:22:44.5510841Z /usr/bin/tar: ../../../../../usr/local/lib/android/sdk/platforms/android-35-ext14/data/res/values-mcc310-mnc660-kk: Cannot utime: Operation not permitted
build	Cache Android SDK	2026-06-06T12:22:44.5511796Z /usr/bin/tar: ../../../../../usr/local/lib/android/sdk/platforms/android-35-ext14/data/res/values-mcc310-mnc660-kk: Cannot change mode to rwxr-xr-x: Operation not permitted
build	Cache Android SDK	2026-06-06T12:22:44.5514136Z /usr/bin/tar: ../../../../../usr/local/lib/android/sdk/platforms/android-35-ext14/data/res/values-cs-rCZ: Cannot utime: Operation not permitted
build	Cache Android SDK	2026-06-06T12:22:44.5515033Z /usr/bin/tar: ../../../../../usr/local/lib/android/sdk/platforms/android-35-ext14/data/res/values-cs-rCZ: Cannot change mode to rwxr-xr-x: Operation not permitted
build	Cache Android SDK	2026-06-06T12:22:44.5517134Z /usr/bin/tar: ../../../../../usr/local/lib/android/sdk/platforms/android-35-ext14/data/res/values-mcc450-mnc05: Cannot utime: Operation not permitted
build	Cache Android SDK	2026-06-06T12:22:44.5518270Z /usr/bin/tar: ../../../../../usr/local/lib/android/sdk/platforms/android-35-ext14/data/res/values-mcc450-mnc05: Cannot change mode to rwxr-xr-x: Operation not permitted
build	Cache Android SDK	2026-06-06T12:22:44.5520411Z /usr/bin/tar: ../../../../../usr/local/lib/android/sdk/platforms/android-35-ext14/data/res/values-mcc313-mnc100-vi: Cannot utime: Operation not permitted
build	Cache Android SDK	2026-06-06T12:22:44.5521375Z /usr/bin/tar: ../../../../../usr/local/lib/android/sdk/platforms/android-35-ext14/data/res/values-mcc313-mnc100-vi: Cannot change mode to rwxr-xr-x: Operation not permitted
build	Cache Android SDK	2026-06-06T12:22:44.5523833Z /usr/bin/tar: ../../../../../usr/local/lib/android/sdk/platforms/android-35-ext14/data/res/values-it-television: Cannot utime: Operation not permitted
build	Cache Android SDK	2026-06-06T12:22:44.5524789Z /usr/bin/tar: ../../../../../usr/local/lib/android/sdk/platforms/android-35-ext14/data/res/values-it-television: Cannot change mode to rwxr-xr-x: Operation not permitted
build	Cache Android SDK	2026-06-06T12:22:44.5526770Z /usr/bin/tar: ../../../../../usr/local/lib/android/sdk/platforms/android-35-ext14/data/res/values-mcc310-mnc950-as: Cannot utime: Operation not permitted
build	Cache Android SDK	2026-06-06T12:22:44.5527869Z /usr/bin/tar: ../../../../../usr/local/lib/android/sdk/platforms/android-35-ext14/data/res/values-mcc310-mnc950-as: Cannot change mode to rwxr-xr-x: Operation not permitted
build	Cache Android SDK	2026-06-06T12:22:44.5530168Z /usr/bin/tar: ../../../../../usr/local/lib/android/sdk/platforms/android-35-ext14/data/res/values-mcc302-mnc370-lt: Cannot utime: Operation not permitted
build	Cache Android SDK	2026-06-06T12:22:44.5531259Z /usr/bin/tar: ../../../../../usr/local/lib/android/sdk/platforms/android-35-ext14/data/res/values-mcc302-mnc370-lt: Cannot change mode to rwxr-xr-x: Operation not permitted
build	Cache Android SDK	2026-06-06T12:22:44.5533414Z /usr/bin/tar: ../../../../../usr/local/lib/android/sdk/platforms/android-35-ext14/data/res/values-mcc310-mnc230-ky: Cannot utime: Operation not permitted
build	Cache Android SDK	2026-06-06T12:22:44.5534362Z /usr/bin/tar: ../../../../../usr/local/lib/android/sdk/platforms/android-35-ext14/data/res/values-mcc310-mnc230-ky: Cannot change mode to rwxr-xr-x: Operation not permitted
build	Cache Android SDK	2026-06-06T12:22:44.5536370Z /usr/bin/tar: ../../../../../usr/local/lib/android/sdk/platforms/android-35-ext14/data/res/values-mcc310-mnc210-sw: Cannot utime: Operation not permitted
build	Cache Android SDK	2026-06-06T12:22:44.5537333Z /usr/bin/tar: ../../../../../usr/local/lib/android/sdk/platforms/android-35-ext14/data/res/values-mcc310-mnc210-sw: Cannot change mode to rwxr-xr-x: Operation not permitted
build	Cache Android SDK	2026-06-06T12:22:44.5539639Z /usr/bin/tar: ../../../../../usr/local/lib/android/sdk/platforms/android-35-ext14/data/res/values-mcc310-mnc490-hr: Cannot utime: Operation not permitted
build	Cache Android SDK	2026-06-06T12:22:44.5540708Z /usr/bin/tar: ../../../../../usr/local/lib/android/sdk/platforms/android-35-ext14/data/res/values-mcc310-mnc490-hr: Cannot change mode to rwxr-xr-x: Operation not permitted
build	Cache Android SDK	2026-06-06T12:22:44.5542804Z /usr/bin/tar: ../../../../../usr/local/lib/android/sdk/platforms/android-35-ext14/data/res/values-mcc310-mnc410-az: Cannot utime: Operation not permitted
build	Cache Android SDK	2026-06-06T12:22:44.5543850Z /usr/bin/tar: ../../../../../usr/local/lib/android/sdk/platforms/android-35-ext14/data/res/values-mcc310-mnc410-az: Cannot change mode to rwxr-xr-x: Operation not permitted
build	Cache Android SDK	2026-06-06T12:22:44.5545820Z /usr/bin/tar: ../../../../../usr/local/lib/android/sdk/platforms/android-35-ext14/data/res/values-mcc310-mnc380-kn: Cannot utime: Operation not permitted
build	Cache Android SDK	2026-06-06T12:22:44.5546774Z /usr/bin/tar: ../../../../../usr/local/lib/android/sdk/platforms/android-35-ext14/data/res/values-mcc310-mnc380-kn: Cannot change mode to rwxr-xr-x: Operation not permitted
build	Cache Android SDK	2026-06-06T12:22:44.5549092Z /usr/bin/tar: ../../../../../usr/local/lib/android/sdk/platforms/android-35-ext14/data/res/values-mcc310-mnc150-mn: Cannot utime: Operation not permitted
build	Cache Android SDK	2026-06-06T12:22:44.5550043Z /usr/bin/tar: ../../../../../usr/local/lib/android/sdk/platforms/android-35-ext14/data/res/values-mcc310-mnc150-mn: Cannot change mode to rwxr-xr-x: Operation not permitted
build	Cache Android SDK	2026-06-06T12:22:44.5552374Z /usr/bin/tar: ../../../../../usr/local/lib/android/sdk/platforms/android-35-ext14/data/res/values-mcc310-mnc150-mr: Cannot utime: Operation not permitted
build	Cache Android SDK	2026-06-06T12:22:44.5554360Z /usr/bin/tar: ../../../../../usr/local/lib/android/sdk/platforms/android-35-ext14/data/res/values-mcc310-mnc150-mr: Cannot change mode to rwxr-xr-x: Operation not permitted
build	Cache Android SDK	2026-06-06T12:22:44.5555492Z /usr/bin/tar: ../../../../../usr/local/lib/android/sdk/platforms/android-35-ext14/data/res/values-mcc310-mnc220-ca: Cannot utime: Operation not permitted
build	Cache Android SDK	2026-06-06T12:22:44.5556598Z /usr/bin/tar: ../../../../../usr/local/lib/android/sdk/platforms/android-35-ext14/data/res/values-mcc310-mnc220-ca: Cannot change mode to rwxr-xr-x: Operation not permitted
build	Cache Android SDK	2026-06-06T12:22:44.5559353Z /usr/bin/tar: ../../../../../usr/local/lib/android/sdk/platforms/android-35-ext14/data/res/values-mcc310-mnc490-hu: Cannot utime: Operation not permitted
build	Cache Android SDK	2026-06-06T12:22:44.5560394Z /usr/bin/tar: ../../../../../usr/local/lib/android/sdk/platforms/android-35-ext14/data/res/values-mcc310-mnc490-hu: Cannot change mode to rwxr-xr-x: Operation not permitted
build	Cache Android SDK	2026-06-06T12:22:44.5562150Z /usr/bin/tar: ../../../../../usr/local/lib/android/sdk/platforms/android-35-ext14/data/res/values-mcc310-mnc310-it: Cannot utime: Operation not permitted
build	Cache Android SDK	2026-06-06T12:22:44.5563107Z /usr/bin/tar: ../../../../../usr/local/lib/android/sdk/platforms/android-35-ext14/data/res/values-mcc310-mnc310-it: Cannot change mode to rwxr-xr-x: Operation not permitted
build	Cache Android SDK	2026-06-06T12:22:44.5565565Z /usr/bin/tar: ../../../../../usr/local/lib/android/sdk/platforms/android-35-ext14/data/res/values-mcc310-mnc220-zh-rCN: Cannot utime: Operation not permitted
build	Cache Android SDK	2026-06-06T12:22:44.5566777Z /usr/bin/tar: ../../../../../usr/local/lib/android/sdk/platforms/android-35-ext14/data/res/values-mcc310-mnc220-zh-rCN: Cannot change mode to rwxr-xr-x: Operation not permitted
build	Cache Android SDK	2026-06-06T12:22:44.5568900Z /usr/bin/tar: ../../../../../usr/local/lib/android/sdk/platforms/android-35-ext14/data/res/values-mcc311-mnc180-ro: Cannot utime: Operation not permitted
build	Cache Android SDK	2026-06-06T12:22:44.5569850Z /usr/bin/tar: ../../../../../usr/local/lib/android/sdk/platforms/android-35-ext14/data/res/values-mcc311-mnc180-ro: Cannot change mode to rwxr-xr-x: Operation not permitted
build	Cache Android SDK	2026-06-06T12:22:44.5572189Z /usr/bin/tar: ../../../../../usr/local/lib/android/sdk/platforms/android-35-ext14/data/res/values-es-rMX: Cannot utime: Operation not permitted
build	Cache Android SDK	2026-06-06T12:22:44.5573310Z /usr/bin/tar: ../../../../../usr/local/lib/android/sdk/platforms/android-35-ext14/data/res/values-es-rMX: Cannot change mode to rwxr-xr-x: Operation not permitted
build	Cache Android SDK	2026-06-06T12:22:44.5579053Z /usr/bin/tar: ../../../../../usr/local/lib/android/sdk/platforms/android-35-ext14/data/res/values-hy: Cannot utime: Operation not permitted
build	Cache Android SDK	2026-06-06T12:22:44.5579932Z /usr/bin/tar: ../../../../../usr/local/lib/android/sdk/platforms/android-35-ext14/data/res/values-hy: Cannot change mode to rwxr-xr-x: Operation not permitted
build	Cache Android SDK	2026-06-06T12:22:44.5582144Z /usr/bin/tar: ../../../../../usr/local/lib/android/sdk/platforms/android-35-ext14/data/res/values-mcc310-mnc950-en-rAU: Cannot utime: Operation not permitted
build	Cache Android SDK	2026-06-06T12:22:44.5583124Z /usr/bin/tar: ../../../../../usr/local/lib/android/sdk/platforms/android-35-ext14/data/res/values-mcc310-mnc950-en-rAU: Cannot change mode to rwxr-xr-x: Operation not permitted
build	Cache Android SDK	2026-06-06T12:22:44.5586051Z /usr/bin/tar: ../../../../../usr/local/lib/android/sdk/platforms/android-35-ext14/data/res/values-mcc302-mnc370-it: Cannot utime: Operation not permitted
build	Cache Android SDK	2026-06-06T12:22:44.5587004Z /usr/bin/tar: ../../../../../usr/local/lib/android/sdk/platforms/android-35-ext14/data/res/values-mcc302-mnc370-it: Cannot change mode to rwxr-xr-x: Operation not permitted
build	Cache Android SDK	2026-06-06T12:22:44.5590600Z /usr/bin/tar: ../../../../../usr/local/lib/android/sdk/platforms/android-35-ext14/data/res/values-sw720dp: Cannot utime: Operation not permitted
build	Cache Android SDK	2026-06-06T12:22:44.5591520Z /usr/bin/tar: ../../../../../usr/local/lib/android/sdk/platforms/android-35-ext14/data/res/values-sw720dp: Cannot change mode to rwxr-xr-x: Operation not permitted
build	Cache Android SDK	2026-06-06T12:22:44.5595767Z /usr/bin/tar: ../../../../../usr/local/lib/android/sdk/platforms/android-35-ext14/data/res/layout-notround-watch: Cannot utime: Operation not permitted
build	Cache Android SDK	2026-06-06T12:22:44.5596741Z /usr/bin/tar: ../../../../../usr/local/lib/android/sdk/platforms/android-35-ext14/data/res/layout-notround-watch: Cannot change mode to rwxr-xr-x: Operation not permitted
build	Cache Android SDK	2026-06-06T12:22:44.5599319Z /usr/bin/tar: ../../../../../usr/local/lib/android/sdk/platforms/android-35-ext14/data/res/values-mcc310-mnc220-af: Cannot utime: Operation not permitted
build	Cache Android SDK	2026-06-06T12:22:44.5600423Z /usr/bin/tar: ../../../../../usr/local/lib/android/sdk/platforms/android-35-ext14/data/res/values-mcc310-mnc220-af: Cannot change mode to rwxr-xr-x: Operation not permitted
build	Cache Android SDK	2026-06-06T12:22:44.5602160Z /usr/bin/tar: ../../../../../usr/local/lib/android/sdk/platforms/android-35-ext14/data/res/values-mcc310-mnc270-cs: Cannot utime: Operation not permitted
build	Cache Android SDK	2026-06-06T12:22:44.5603155Z /usr/bin/tar: ../../../../../usr/local/lib/android/sdk/platforms/android-35-ext14/data/res/values-mcc310-mnc270-cs: Cannot change mode to rwxr-xr-x: Operation not permitted
build	Cache Android SDK	2026-06-06T12:22:44.5605470Z /usr/bin/tar: ../../../../../usr/local/lib/android/sdk/platforms/android-35-ext14/data/res/values-mcc310-mnc490-kn: Cannot utime: Operation not permitted
build	Cache Android SDK	2026-06-06T12:22:44.5606426Z /usr/bin/tar: ../../../../../usr/local/lib/android/sdk/platforms/android-35-ext14/data/res/values-mcc310-mnc490-kn: Cannot change mode to rwxr-xr-x: Operation not permitted
build	Cache Android SDK	2026-06-06T12:22:44.5609092Z /usr/bin/tar: ../../../../../usr/local/lib/android/sdk/platforms/android-35-ext14/data/res/values-mcc310-mnc660-pl: Cannot utime: Operation not permitted
build	Cache Android SDK	2026-06-06T12:22:44.5610045Z /usr/bin/tar: ../../../../../usr/local/lib/android/sdk/platforms/android-35-ext14/data/res/values-mcc310-mnc660-pl: Cannot change mode to rwxr-xr-x: Operation not permitted
build	Cache Android SDK	2026-06-06T12:22:44.5612362Z /usr/bin/tar: ../../../../../usr/local/lib/android/sdk/platforms/android-35-ext14/data/res/values-mcc312-mnc670-te: Cannot utime: Operation not permitted
build	Cache Android SDK	2026-06-06T12:22:44.5613313Z /usr/bin/tar: ../../../../../usr/local/lib/android/sdk/platforms/android-35-ext14/data/res/values-mcc312-mnc670-te: Cannot change mode to rwxr-xr-x: Operation not permitted
build	Cache Android SDK	2026-06-06T12:22:44.5615534Z /usr/bin/tar: ../../../../../usr/local/lib/android/sdk/platforms/android-35-ext14/data/res/values-mcc310-mnc160-hr: Cannot utime: Operation not permitted
build	Cache Android SDK	2026-06-06T12:22:44.5616591Z /usr/bin/tar: ../../../../../usr/local/lib/android/sdk/platforms/android-35-ext14/data/res/values-mcc310-mnc160-hr: Cannot change mode to rwxr-xr-x: Operation not permitted
build	Cache Android SDK	2026-06-06T12:22:44.5618984Z /usr/bin/tar: ../../../../../usr/local/lib/android/sdk/platforms/android-35-ext14/data/res/values-mcc310-mnc800-af: Cannot utime: Operation not permitted
build	Cache Android SDK	2026-06-06T12:22:44.5620060Z /usr/bin/tar: ../../../../../usr/local/lib/android/sdk/platforms/android-35-ext14/data/res/values-mcc310-mnc800-af: Cannot change mode to rwxr-xr-x: Operation not permitted
build	Cache Android SDK	2026-06-06T12:22:44.5624842Z /usr/bin/tar: ../../../../../usr/local/lib/android/sdk/platforms/android-35-ext14/data/res/values-mcc310-mnc310-nl: Cannot utime: Operation not permitted
build	Cache Android SDK	2026-06-06T12:22:44.5625800Z /usr/bin/tar: ../../../../../usr/local/lib/android/sdk/platforms/android-35-ext14/data/res/values-mcc310-mnc310-nl: Cannot change mode to rwxr-xr-x: Operation not permitted
build	Cache Android SDK	2026-06-06T12:22:44.5628429Z /usr/bin/tar: ../../../../../usr/local/lib/android/sdk/platforms/android-35-ext14/data/res/values-sv-rSE: Cannot utime: Operation not permitted
build	Cache Android SDK	2026-06-06T12:22:44.5629329Z /usr/bin/tar: ../../../../../usr/local/lib/android/sdk/platforms/android-35-ext14/data/res/values-sv-rSE: Cannot change mode to rwxr-xr-x: Operation not permitted
build	Cache Android SDK	2026-06-06T12:22:44.5631474Z /usr/bin/tar: ../../../../../usr/local/lib/android/sdk/platforms/android-35-ext14/data/res/values-mcc310-mnc170-hu: Cannot utime: Operation not permitted
build	Cache Android SDK	2026-06-06T12:22:44.5632429Z /usr/bin/tar: ../../../../../usr/local/lib/android/sdk/platforms/android-35-ext14/data/res/values-mcc310-mnc170-hu: Cannot change mode to rwxr-xr-x: Operation not permitted
build	Cache Android SDK	2026-06-06T12:22:44.5634430Z /usr/bin/tar: ../../../../../usr/local/lib/android/sdk/platforms/android-35-ext14/data/res/values-mcc302-mnc720-tl: Cannot utime: Operation not permitted
build	Cache Android SDK	2026-06-06T12:22:44.5635379Z /usr/bin/tar: ../../../../../usr/local/lib/android/sdk/platforms/android-35-ext14/data/res/values-mcc302-mnc720-tl: Cannot change mode to rwxr-xr-x: Operation not permitted
build	Cache Android SDK	2026-06-06T12:22:44.5638002Z /usr/bin/tar: ../../../../../usr/local/lib/android/sdk/platforms/android-35-ext14/data/res/values-mcc001-mnc01-nb: Cannot utime: Operation not permitted
build	Cache Android SDK	2026-06-06T12:22:44.5639066Z /usr/bin/tar: ../../../../../usr/local/lib/android/sdk/platforms/android-35-ext14/data/res/values-mcc001-mnc01-nb: Cannot change mode to rwxr-xr-x: Operation not permitted
build	Cache Android SDK	2026-06-06T12:22:44.5641269Z /usr/bin/tar: ../../../../../usr/local/lib/android/sdk/platforms/android-35-ext14/data/res/values-mcc310-mnc150-tr: Cannot utime: Operation not permitted
build	Cache Android SDK	2026-06-06T12:22:44.5642224Z /usr/bin/tar: ../../../../../usr/local/lib/android/sdk/platforms/android-35-ext14/data/res/values-mcc310-mnc150-tr: Cannot change mode to rwxr-xr-x: Operation not permitted
build	Cache Android SDK	2026-06-06T12:22:44.5645513Z /usr/bin/tar: ../../../../../usr/local/lib/android/sdk/platforms/android-35-ext14/data/res/values-mcc310-mnc160-da: Cannot utime: Operation not permitted
build	Cache Android SDK	2026-06-06T12:22:44.5646612Z /usr/bin/tar: ../../../../../usr/local/lib/android/sdk/platforms/android-35-ext14/data/res/values-mcc310-mnc160-da: Cannot change mode to rwxr-xr-x: Operation not permitted
build	Cache Android SDK	2026-06-06T12:22:44.5648010Z /usr/bin/tar: ../../../../../usr/local/lib/android/sdk/platforms/android-35-ext14/data/res/values-mcc310-mnc240-lo: Cannot utime: Operation not permitted
build	Cache Android SDK	2026-06-06T12:22:44.5648970Z /usr/bin/tar: ../../../../../usr/local/lib/android/sdk/platforms/android-35-ext14/data/res/values-mcc310-mnc240-lo: Cannot change mode to rwxr-xr-x: Operation not permitted
build	Cache Android SDK	2026-06-06T12:22:44.5651535Z /usr/bin/tar: ../../../../../usr/local/lib/android/sdk/platforms/android-35-ext14/data/res/values-mcc310-mnc250-eu: Cannot utime: Operation not permitted
build	Cache Android SDK	2026-06-06T12:22:44.5652494Z /usr/bin/tar: ../../../../../usr/local/lib/android/sdk/platforms/android-35-ext14/data/res/values-mcc310-mnc250-eu: Cannot change mode to rwxr-xr-x: Operation not permitted
build	Cache Android SDK	2026-06-06T12:22:44.5654644Z /usr/bin/tar: ../../../../../usr/local/lib/android/sdk/platforms/android-35-ext14/data/res/raw-hu: Cannot utime: Operation not permitted
build	Cache Android SDK	2026-06-06T12:22:44.5655523Z /usr/bin/tar: ../../../../../usr/local/lib/android/sdk/platforms/android-35-ext14/data/res/raw-hu: Cannot change mode to rwxr-xr-x: Operation not permitted
build	Cache Android SDK	2026-06-06T12:22:44.5658034Z /usr/bin/tar: ../../../../../usr/local/lib/android/sdk/platforms/android-35-ext14/data/res/values-mcc302-mnc370-nb: Cannot utime: Operation not permitted
build	Cache Android SDK	2026-06-06T12:22:44.5658991Z /usr/bin/tar: ../../../../../usr/local/lib/android/sdk/platforms/android-35-ext14/data/res/values-mcc302-mnc370-nb: Cannot change mode to rwxr-xr-x: Operation not permitted
build	Cache Android SDK	2026-06-06T12:22:44.5661453Z /usr/bin/tar: ../../../../../usr/local/lib/android/sdk/platforms/android-35-ext14/data/res/values-pt-rBR-watch: Cannot utime: Operation not permitted
build	Cache Android SDK	2026-06-06T12:22:44.5662406Z /usr/bin/tar: ../../../../../usr/local/lib/android/sdk/platforms/android-35-ext14/data/res/values-pt-rBR-watch: Cannot change mode to rwxr-xr-x: Operation not permitted
build	Cache Android SDK	2026-06-06T12:22:44.5664407Z /usr/bin/tar: ../../../../../usr/local/lib/android/sdk/platforms/android-35-ext14/data/res/values-mcc310-mnc150-pt-rBR: Cannot utime: Operation not permitted
build	Cache Android SDK	2026-06-06T12:22:44.5665401Z /usr/bin/tar: ../../../../../usr/local/lib/android/sdk/platforms/android-35-ext14/data/res/values-mcc310-mnc150-pt-rBR: Cannot change mode to rwxr-xr-x: Operation not permitted
build	Cache Android SDK	2026-06-06T12:22:44.5667923Z /usr/bin/tar: ../../../../../usr/local/lib/android/sdk/platforms/android-35-ext14/data/res/values-mcc310-mnc660-b+sr+Latn: Cannot utime: Operation not permitted
build	Cache Android SDK	2026-06-06T12:22:44.5669031Z /usr/bin/tar: ../../../../../usr/local/lib/android/sdk/platforms/android-35-ext14/data/res/values-mcc310-mnc660-b+sr+Latn: Cannot change mode to rwxr-xr-x: Operation not permitted
build	Cache Android SDK	2026-06-06T12:22:44.5685440Z /usr/bin/tar: ../../../../../usr/local/lib/android/sdk/platforms/android-35-ext14/data/res/interpolator: Cannot utime: Operation not permitted
build	Cache Android SDK	2026-06-06T12:22:44.5686358Z /usr/bin/tar: ../../../../../usr/local/lib/android/sdk/platforms/android-35-ext14/data/res/interpolator: Cannot change mode to rwxr-xr-x: Operation not permitted
build	Cache Android SDK	2026-06-06T12:22:44.5688828Z /usr/bin/tar: ../../../../../usr/local/lib/android/sdk/platforms/android-35-ext14/data/res/values-mcc310-mnc030-ar: Cannot utime: Operation not permitted
build	Cache Android SDK	2026-06-06T12:22:44.5689790Z /usr/bin/tar: ../../../../../usr/local/lib/android/sdk/platforms/android-35-ext14/data/res/values-mcc310-mnc030-ar: Cannot change mode to rwxr-xr-x: Operation not permitted
build	Cache Android SDK	2026-06-06T12:22:44.5691738Z /usr/bin/tar: ../../../../../usr/local/lib/android/sdk/platforms/android-35-ext14/data/res/values-es-rUS-watch: Cannot utime: Operation not permitted
build	Cache Android SDK	2026-06-06T12:22:44.5692675Z /usr/bin/tar: ../../../../../usr/local/lib/android/sdk/platforms/android-35-ext14/data/res/values-es-rUS-watch: Cannot change mode to rwxr-xr-x: Operation not permitted
build	Cache Android SDK	2026-06-06T12:22:44.5694931Z /usr/bin/tar: ../../../../../usr/local/lib/android/sdk/platforms/android-35-ext14/data/res/values-gl-television: Cannot utime: Operation not permitted
build	Cache Android SDK	2026-06-06T12:22:44.5696044Z /usr/bin/tar: ../../../../../usr/local/lib/android/sdk/platforms/android-35-ext14/data/res/values-gl-television: Cannot change mode to rwxr-xr-x: Operation not permitted
build	Cache Android SDK	2026-06-06T12:22:44.5698218Z /usr/bin/tar: ../../../../../usr/local/lib/android/sdk/platforms/android-35-ext14/data/res/values-w227dp: Cannot utime: Operation not permitted
build	Cache Android SDK	2026-06-06T12:22:44.5699109Z /usr/bin/tar: ../../../../../usr/local/lib/android/sdk/platforms/android-35-ext14/data/res/values-w227dp: Cannot change mode to rwxr-xr-x: Operation not permitted
build	Cache Android SDK	2026-06-06T12:22:44.5701327Z /usr/bin/tar: ../../../../../usr/local/lib/android/sdk/platforms/android-35-ext14/data/res/values-mcc310-mnc160-in: Cannot utime: Operation not permitted
build	Cache Android SDK	2026-06-06T12:22:44.5702272Z /usr/bin/tar: ../../../../../usr/local/lib/android/sdk/platforms/android-35-ext14/data/res/values-mcc310-mnc160-in: Cannot change mode to rwxr-xr-x: Operation not permitted
build	Cache Android SDK	2026-06-06T12:22:44.5704579Z /usr/bin/tar: ../../../../../usr/local/lib/android/sdk/platforms/android-35-ext14/data/res/values-mcc310-mnc280-lt: Cannot utime: Operation not permitted
build	Cache Android SDK	2026-06-06T12:22:44.5705542Z /usr/bin/tar: ../../../../../usr/local/lib/android/sdk/platforms/android-35-ext14/data/res/values-mcc310-mnc280-lt: Cannot change mode to rwxr-xr-x: Operation not permitted
build	Cache Android SDK	2026-06-06T12:22:44.5708090Z /usr/bin/tar: ../../../../../usr/local/lib/android/sdk/platforms/android-35-ext14/data/res/values-mcc310-mnc230-fr-rCA: Cannot utime: Operation not permitted
build	Cache Android SDK	2026-06-06T12:22:44.5709087Z /usr/bin/tar: ../../../../../usr/local/lib/android/sdk/platforms/android-35-ext14/data/res/values-mcc310-mnc230-fr-rCA: Cannot change mode to rwxr-xr-x: Operation not permitted
build	Cache Android SDK	2026-06-06T12:22:44.5711541Z /usr/bin/tar: ../../../../../usr/local/lib/android/sdk/platforms/android-35-ext14/data/res/values-mcc310-mnc170-ar: Cannot utime: Operation not permitted
build	Cache Android SDK	2026-06-06T12:22:44.5712497Z /usr/bin/tar: ../../../../../usr/local/lib/android/sdk/platforms/android-35-ext14/data/res/values-mcc310-mnc170-ar: Cannot change mode to rwxr-xr-x: Operation not permitted
build	Cache Android SDK	2026-06-06T12:22:44.5720366Z /usr/bin/tar: ../../../../../usr/local/lib/android/sdk/platforms/android-35-ext14/data/res/values-sl: Cannot utime: Operation not permitted
build	Cache Android SDK	2026-06-06T12:22:44.5722019Z /usr/bin/tar: ../../../../../usr/local/lib/android/sdk/platforms/android-35-ext14/data/res/values-sl: Cannot change mode to rwxr-xr-x: Operation not permitted
build	Cache Android SDK	2026-06-06T12:22:44.5723699Z /usr/bin/tar: ../../../../../usr/local/lib/android/sdk/platforms/android-35-ext14/data/res/values-mcc310-mnc030-da: Cannot utime: Operation not permitted
build	Cache Android SDK	2026-06-06T12:22:44.5725377Z /usr/bin/tar: ../../../../../usr/local/lib/android/sdk/platforms/android-35-ext14/data/res/values-mcc310-mnc030-da: Cannot change mode to rwxr-xr-x: Operation not permitted
build	Cache Android SDK	2026-06-06T12:22:44.5726723Z /usr/bin/tar: ../../../../../usr/local/lib/android/sdk/platforms/android-35-ext14/data/res/values-mcc510-mnc08: Cannot utime: Operation not permitted
build	Cache Android SDK	2026-06-06T12:22:44.5727893Z /usr/bin/tar: ../../../../../usr/local/lib/android/sdk/platforms/android-35-ext14/data/res/values-mcc510-mnc08: Cannot change mode to rwxr-xr-x: Operation not permitted
build	Cache Android SDK	2026-06-06T12:22:44.5728814Z /usr/bin/tar: ../../../../../usr/local/lib/android/sdk/platforms/android-35-ext14/data/res/values-fa-rIR: Cannot utime: Operation not permitted
build	Cache Android SDK	2026-06-06T12:22:44.5730217Z /usr/bin/tar: ../../../../../usr/local/lib/android/sdk/platforms/android-35-ext14/data/res/values-fa-rIR: Cannot change mode to rwxr-xr-x: Operation not permitted
build	Cache Android SDK	2026-06-06T12:22:44.5731166Z /usr/bin/tar: ../../../../../usr/local/lib/android/sdk/platforms/android-35-ext14/data/res/values-en-rZA: Cannot utime: Operation not permitted
build	Cache Android SDK	2026-06-06T12:22:44.5732222Z /usr/bin/tar: ../../../../../usr/local/lib/android/sdk/platforms/android-35-ext14/data/res/values-en-rZA: Cannot change mode to rwxr-xr-x: Operation not permitted
build	Cache Android SDK	2026-06-06T12:22:44.5733539Z /usr/bin/tar: ../../../../../usr/local/lib/android/sdk/platforms/android-35-ext14/data/res/values-mcc310-mnc310-en-rGB: Cannot utime: Operation not permitted
build	Cache Android SDK	2026-06-06T12:22:44.5734806Z /usr/bin/tar: ../../../../../usr/local/lib/android/sdk/platforms/android-35-ext14/data/res/values-mcc310-mnc310-en-rGB: Cannot change mode to rwxr-xr-x: Operation not permitted
build	Cache Android SDK	2026-06-06T12:22:44.5736203Z /usr/bin/tar: ../../../../../usr/local/lib/android/sdk/platforms/android-35-ext14/data/res/values-mcc310-mnc270-tr: Cannot utime: Operation not permitted
build	Cache Android SDK	2026-06-06T12:22:44.5737198Z /usr/bin/tar: ../../../../../usr/local/lib/android/sdk/platforms/android-35-ext14/data/res/values-mcc310-mnc270-tr: Cannot change mode to rwxr-xr-x: Operation not permitted
build	Cache Android SDK	2026-06-06T12:22:44.5739095Z /usr/bin/tar: ../../../../../usr/local/lib/android/sdk/platforms/android-35-ext14/data/res/values-mcc312-mnc670-vi: Cannot utime: Operation not permitted
build	Cache Android SDK	2026-06-06T12:22:44.5740167Z /usr/bin/tar: ../../../../../usr/local/lib/android/sdk/platforms/android-35-ext14/data/res/values-mcc312-mnc670-vi: Cannot change mode to rwxr-xr-x: Operation not permitted
build	Cache Android SDK	2026-06-06T12:22:44.5742222Z /usr/bin/tar: ../../../../../usr/local/lib/android/sdk/platforms/android-35-ext14/data/res/values-mcc310-mnc200-tl: Cannot utime: Operation not permitted
build	Cache Android SDK	2026-06-06T12:22:44.5743173Z /usr/bin/tar: ../../../../../usr/local/lib/android/sdk/platforms/android-35-ext14/data/res/values-mcc310-mnc200-tl: Cannot change mode to rwxr-xr-x: Operation not permitted
build	Cache Android SDK	2026-06-06T12:22:44.5745835Z /usr/bin/tar: ../../../../../usr/local/lib/android/sdk/platforms/android-35-ext14/data/res/values-mcc311-mnc180-az: Cannot utime: Operation not permitted
build	Cache Android SDK	2026-06-06T12:22:44.5746797Z /usr/bin/tar: ../../../../../usr/local/lib/android/sdk/platforms/android-35-ext14/data/res/values-mcc311-mnc180-az: Cannot change mode to rwxr-xr-x: Operation not permitted
build	Cache Android SDK	2026-06-06T12:22:44.5749174Z /usr/bin/tar: ../../../../../usr/local/lib/android/sdk/platforms/android-35-ext14/data/res/values-mcc310-mnc800-ky: Cannot utime: Operation not permitted
build	Cache Android SDK	2026-06-06T12:22:44.5750126Z /usr/bin/tar: ../../../../../usr/local/lib/android/sdk/platforms/android-35-ext14/data/res/values-mcc310-mnc800-ky: Cannot change mode to rwxr-xr-x: Operation not permitted
build	Cache Android SDK	2026-06-06T12:22:44.5752546Z /usr/bin/tar: ../../../../../usr/local/lib/android/sdk/platforms/android-35-ext14/data/res/values-mcc310-mnc170-da: Cannot utime: Operation not permitted
build	Cache Android SDK	2026-06-06T12:22:44.5753485Z /usr/bin/tar: ../../../../../usr/local/lib/android/sdk/platforms/android-35-ext14/data/res/values-mcc310-mnc170-da: Cannot change mode to rwxr-xr-x: Operation not permitted
build	Cache Android SDK	2026-06-06T12:22:44.5755714Z /usr/bin/tar: ../../../../../usr/local/lib/android/sdk/platforms/android-35-ext14/data/res/values-mcc310-mnc280-hu: Cannot utime: Operation not permitted
build	Cache Android SDK	2026-06-06T12:22:44.5756658Z /usr/bin/tar: ../../../../../usr/local/lib/android/sdk/platforms/android-35-ext14/data/res/values-mcc310-mnc280-hu: Cannot change mode to rwxr-xr-x: Operation not permitted
build	Cache Android SDK	2026-06-06T12:22:44.5759073Z /usr/bin/tar: ../../../../../usr/local/lib/android/sdk/platforms/android-35-ext14/data/res/values-es-rHN: Cannot utime: Operation not permitted
build	Cache Android SDK	2026-06-06T12:22:44.5759974Z /usr/bin/tar: ../../../../../usr/local/lib/android/sdk/platforms/android-35-ext14/data/res/values-es-rHN: Cannot change mode to rwxr-xr-x: Operation not permitted
build	Cache Android SDK	2026-06-06T12:22:44.5762627Z /usr/bin/tar: ../../../../../usr/local/lib/android/sdk/platforms/android-35-ext14/data/res/values-mcc310-mnc200-en-rIN: Cannot utime: Operation not permitted
build	Cache Android SDK	2026-06-06T12:22:44.5763714Z /usr/bin/tar: ../../../../../usr/local/lib/android/sdk/platforms/android-35-ext14/data/res/values-mcc310-mnc200-en-rIN: Cannot change mode to rwxr-xr-x: Operation not permitted
build	Cache Android SDK	2026-06-06T12:22:44.5765286Z /usr/bin/tar: ../../../../../usr/local/lib/android/sdk/platforms/android-35-ext14/data/res/values-mcc310-mnc280-ko: Cannot utime: Operation not permitted
build	Cache Android SDK	2026-06-06T12:22:44.5766248Z /usr/bin/tar: ../../../../../usr/local/lib/android/sdk/platforms/android-35-ext14/data/res/values-mcc310-mnc280-ko: Cannot change mode to rwxr-xr-x: Operation not permitted
build	Cache Android SDK	2026-06-06T12:22:44.5768598Z /usr/bin/tar: ../../../../../usr/local/lib/android/sdk/platforms/android-35-ext14/data/res/values-mcc310-mnc490-en-rIN: Cannot utime: Operation not permitted
build	Cache Android SDK	2026-06-06T12:22:44.5769570Z /usr/bin/tar: ../../../../../usr/local/lib/android/sdk/platforms/android-35-ext14/data/res/values-mcc310-mnc490-en-rIN: Cannot change mode to rwxr-xr-x: Operation not permitted
build	Cache Android SDK	2026-06-06T12:22:44.5771640Z /usr/bin/tar: ../../../../../usr/local/lib/android/sdk/platforms/android-35-ext14/data/res/values-mcc310-mnc160-hy: Cannot utime: Operation not permitted
build	Cache Android SDK	2026-06-06T12:22:44.5772582Z /usr/bin/tar: ../../../../../usr/local/lib/android/sdk/platforms/android-35-ext14/data/res/values-mcc310-mnc160-hy: Cannot change mode to rwxr-xr-x: Operation not permitted
build	Cache Android SDK	2026-06-06T12:22:44.5774557Z /usr/bin/tar: ../../../../../usr/local/lib/android/sdk/platforms/android-35-ext14/data/res/values-mcc310-mnc200-af: Cannot utime: Operation not permitted
build	Cache Android SDK	2026-06-06T12:22:44.5775514Z /usr/bin/tar: ../../../../../usr/local/lib/android/sdk/platforms/android-35-ext14/data/res/values-mcc310-mnc200-af: Cannot change mode to rwxr-xr-x: Operation not permitted
build	Cache Android SDK	2026-06-06T12:22:44.5777756Z /usr/bin/tar: ../../../../../usr/local/lib/android/sdk/platforms/android-35-ext14/data/res/values-mcc313-mnc100-ms: Cannot utime: Operation not permitted
build	Cache Android SDK	2026-06-06T12:22:44.5778739Z /usr/bin/tar: ../../../../../usr/local/lib/android/sdk/platforms/android-35-ext14/data/res/values-mcc313-mnc100-ms: Cannot change mode to rwxr-xr-x: Operation not permitted
build	Cache Android SDK	2026-06-06T12:22:44.5780597Z /usr/bin/tar: ../../../../../usr/local/lib/android/sdk/platforms/android-35-ext14/data/res/values-mcc302-mnc370-pl: Cannot utime: Operation not permitted
build	Cache Android SDK	2026-06-06T12:22:44.5781563Z /usr/bin/tar: ../../../../../usr/local/lib/android/sdk/platforms/android-35-ext14/data/res/values-mcc302-mnc370-pl: Cannot change mode to rwxr-xr-x: Operation not permitted
build	Cache Android SDK	2026-06-06T12:22:44.5784017Z /usr/bin/tar: ../../../../../usr/local/lib/android/sdk/platforms/android-35-ext14/data/res/values-mcc310-mnc150-bn: Cannot utime: Operation not permitted
build	Cache Android SDK	2026-06-06T12:22:44.5785072Z /usr/bin/tar: ../../../../../usr/local/lib/android/sdk/platforms/android-35-ext14/data/res/values-mcc310-mnc150-bn: Cannot change mode to rwxr-xr-x: Operation not permitted
build	Cache Android SDK	2026-06-06T12:22:44.5786890Z /usr/bin/tar: ../../../../../usr/local/lib/android/sdk/platforms/android-35-ext14/data/res/values-mcc312-mnc670-iw: Cannot utime: Operation not permitted
build	Cache Android SDK	2026-06-06T12:22:44.5787990Z /usr/bin/tar: ../../../../../usr/local/lib/android/sdk/platforms/android-35-ext14/data/res/values-mcc312-mnc670-iw: Cannot change mode to rwxr-xr-x: Operation not permitted
build	Cache Android SDK	2026-06-06T12:22:44.5790756Z /usr/bin/tar: ../../../../../usr/local/lib/android/sdk/platforms/android-35-ext14/data/res/values-mcc310-mnc310-sw: Cannot utime: Operation not permitted
build	Cache Android SDK	2026-06-06T12:22:44.5791741Z /usr/bin/tar: ../../../../../usr/local/lib/android/sdk/platforms/android-35-ext14/data/res/values-mcc310-mnc310-sw: Cannot change mode to rwxr-xr-x: Operation not permitted
build	Cache Android SDK	2026-06-06T12:22:44.5793500Z /usr/bin/tar: ../../../../../usr/local/lib/android/sdk/platforms/android-35-ext14/data/res/values-mcc312-mnc670-zu: Cannot utime: Operation not permitted
build	Cache Android SDK	2026-06-06T12:22:44.5794451Z /usr/bin/tar: ../../../../../usr/local/lib/android/sdk/platforms/android-35-ext14/data/res/values-mcc312-mnc670-zu: Cannot change mode to rwxr-xr-x: Operation not permitted
build	Cache Android SDK	2026-06-06T12:22:44.5797089Z /usr/bin/tar: ../../../../../usr/local/lib/android/sdk/platforms/android-35-ext14/data/res/values-mcc310-mnc230-uz: Cannot utime: Operation not permitted
build	Cache Android SDK	2026-06-06T12:22:44.5798222Z /usr/bin/tar: ../../../../../usr/local/lib/android/sdk/platforms/android-35-ext14/data/res/values-mcc310-mnc230-uz: Cannot change mode to rwxr-xr-x: Operation not permitted
build	Cache Android SDK	2026-06-06T12:22:44.5800540Z /usr/bin/tar: ../../../../../usr/local/lib/android/sdk/platforms/android-35-ext14/data/res/values-mcc310-mnc410-b+sr+Latn: Cannot utime: Operation not permitted
build	Cache Android SDK	2026-06-06T12:22:44.5801749Z /usr/bin/tar: ../../../../../usr/local/lib/android/sdk/platforms/android-35-ext14/data/res/values-mcc310-mnc410-b+sr+Latn: Cannot change mode to rwxr-xr-x: Operation not permitted
build	Cache Android SDK	2026-06-06T12:22:44.5803400Z /usr/bin/tar: ../../../../../usr/local/lib/android/sdk/platforms/android-35-ext14/data/res/values-mcc312-mnc670-gu: Cannot utime: Operation not permitted
build	Cache Android SDK	2026-06-06T12:22:44.5804338Z /usr/bin/tar: ../../../../../usr/local/lib/android/sdk/platforms/android-35-ext14/data/res/values-mcc312-mnc670-gu: Cannot change mode to rwxr-xr-x: Operation not permitted
build	Cache Android SDK	2026-06-06T12:22:44.5806460Z /usr/bin/tar: ../../../../../usr/local/lib/android/sdk/platforms/android-35-ext14/data/res/values-mcc310-mnc410-gl: Cannot utime: Operation not permitted
build	Cache Android SDK	2026-06-06T12:22:44.5807549Z /usr/bin/tar: ../../../../../usr/local/lib/android/sdk/platforms/android-35-ext14/data/res/values-mcc310-mnc410-gl: Cannot change mode to rwxr-xr-x: Operation not permitted
build	Cache Android SDK	2026-06-06T12:22:44.5809509Z /usr/bin/tar: ../../../../../usr/local/lib/android/sdk/platforms/android-35-ext14/data/res/values-mk-television: Cannot utime: Operation not permitted
build	Cache Android SDK	2026-06-06T12:22:44.5810449Z /usr/bin/tar: ../../../../../usr/local/lib/android/sdk/platforms/android-35-ext14/data/res/values-mk-television: Cannot change mode to rwxr-xr-x: Operation not permitted
build	Cache Android SDK	2026-06-06T12:22:44.5815156Z /usr/bin/tar: ../../../../../usr/local/lib/android/sdk/platforms/android-35-ext14/data/res/values-mcc310-mnc030-ca: Cannot utime: Operation not permitted
build	Cache Android SDK	2026-06-06T12:22:44.5817045Z /usr/bin/tar: ../../../../../usr/local/lib/android/sdk/platforms/android-35-ext14/data/res/values-mcc310-mnc030-ca: Cannot change mode to rwxr-xr-x: Operation not permitted
build	Cache Android SDK	2026-06-06T12:22:44.5819915Z /usr/bin/tar: ../../../../../usr/local/lib/android/sdk/platforms/android-35-ext14/data/res/values-vi: Cannot utime: Operation not permitted
build	Cache Android SDK	2026-06-06T12:22:44.5821258Z /usr/bin/tar: ../../../../../usr/local/lib/android/sdk/platforms/android-35-ext14/data/res/values-vi: Cannot change mode to rwxr-xr-x: Operation not permitted
build	Cache Android SDK	2026-06-06T12:22:44.5823476Z /usr/bin/tar: ../../../../../usr/local/lib/android/sdk/platforms/android-35-ext14/data/res/values-mcc310-mnc280-cs: Cannot utime: Operation not permitted
build	Cache Android SDK	2026-06-06T12:22:44.5824447Z /usr/bin/tar: ../../../../../usr/local/lib/android/sdk/platforms/android-35-ext14/data/res/values-mcc310-mnc280-cs: Cannot change mode to rwxr-xr-x: Operation not permitted
build	Cache Android SDK	2026-06-06T12:22:44.5827090Z /usr/bin/tar: ../../../../../usr/local/lib/android/sdk/platforms/android-35-ext14/data/res/values-mcc310-mnc310-da: Cannot utime: Operation not permitted
build	Cache Android SDK	2026-06-06T12:22:44.5828202Z /usr/bin/tar: ../../../../../usr/local/lib/android/sdk/platforms/android-35-ext14/data/res/values-mcc310-mnc310-da: Cannot change mode to rwxr-xr-x: Operation not permitted
build	Cache Android SDK	2026-06-06T12:22:44.5830442Z /usr/bin/tar: ../../../../../usr/local/lib/android/sdk/platforms/android-35-ext14/data/res/values-mcc450-mnc08: Cannot utime: Operation not permitted
build	Cache Android SDK	2026-06-06T12:22:44.5831395Z /usr/bin/tar: ../../../../../usr/local/lib/android/sdk/platforms/android-35-ext14/data/res/values-mcc450-mnc08: Cannot change mode to rwxr-xr-x: Operation not permitted
build	Cache Android SDK	2026-06-06T12:22:44.5834482Z /usr/bin/tar: ../../../../../usr/local/lib/android/sdk/platforms/android-35-ext14/data/res/values-mcc302-mnc370-es: Cannot utime: Operation not permitted
build	Cache Android SDK	2026-06-06T12:22:44.5835453Z /usr/bin/tar: ../../../../../usr/local/lib/android/sdk/platforms/android-35-ext14/data/res/values-mcc302-mnc370-es: Cannot change mode to rwxr-xr-x: Operation not permitted
build	Cache Android SDK	2026-06-06T12:22:44.5837918Z /usr/bin/tar: ../../../../../usr/local/lib/android/sdk/platforms/android-35-ext14/data/res/values-mcc310-mnc490-nb: Cannot utime: Operation not permitted
build	Cache Android SDK	2026-06-06T12:22:44.5838971Z /usr/bin/tar: ../../../../../usr/local/lib/android/sdk/platforms/android-35-ext14/data/res/values-mcc310-mnc490-nb: Cannot change mode to rwxr-xr-x: Operation not permitted
build	Cache Android SDK	2026-06-06T12:22:44.5840555Z /usr/bin/tar: ../../../../../usr/local/lib/android/sdk/platforms/android-35-ext14/data/res/values-mcc310-mnc170-hy: Cannot utime: Operation not permitted
build	Cache Android SDK	2026-06-06T12:22:44.5842744Z /usr/bin/tar: ../../../../../usr/local/lib/android/sdk/platforms/android-35-ext14/data/res/values-mcc310-mnc170-hy: Cannot change mode to rwxr-xr-x: Operation not permitted
build	Cache Android SDK	2026-06-06T12:22:44.5844132Z /usr/bin/tar: ../../../../../usr/local/lib/android/sdk/platforms/android-35-ext14/data/res/values-mcc310-mnc230-km: Cannot utime: Operation not permitted
build	Cache Android SDK	2026-06-06T12:22:44.5845162Z /usr/bin/tar: ../../../../../usr/local/lib/android/sdk/platforms/android-35-ext14/data/res/values-mcc310-mnc230-km: Cannot change mode to rwxr-xr-x: Operation not permitted
build	Cache Android SDK	2026-06-06T12:22:44.5846856Z /usr/bin/tar: ../../../../../usr/local/lib/android/sdk/platforms/android-35-ext14/data/res/values-mcc310-mnc490-km: Cannot utime: Operation not permitted
build	Cache Android SDK	2026-06-06T12:22:44.5848198Z /usr/bin/tar: ../../../../../usr/local/lib/android/sdk/platforms/android-35-ext14/data/res/values-mcc310-mnc490-km: Cannot change mode to rwxr-xr-x: Operation not permitted
build	Cache Android SDK	2026-06-06T12:22:44.5849924Z /usr/bin/tar: ../../../../../usr/local/lib/android/sdk/platforms/android-35-ext14/data/res/values-mcc310-mnc280-sl: Cannot utime: Operation not permitted
build	Cache Android SDK	2026-06-06T12:22:44.5850971Z /usr/bin/tar: ../../../../../usr/local/lib/android/sdk/platforms/android-35-ext14/data/res/values-mcc310-mnc280-sl: Cannot change mode to rwxr-xr-x: Operation not permitted
build	Cache Android SDK	2026-06-06T12:22:44.5853674Z /usr/bin/tar: ../../../../../usr/local/lib/android/sdk/platforms/android-35-ext14/data/res/values-en-rGB-watch: Cannot utime: Operation not permitted
build	Cache Android SDK	2026-06-06T12:22:44.5855091Z /usr/bin/tar: ../../../../../usr/local/lib/android/sdk/platforms/android-35-ext14/data/res/values-en-rGB-watch: Cannot change mode to rwxr-xr-x: Operation not permitted
build	Cache Android SDK	2026-06-06T12:22:44.5857046Z /usr/bin/tar: ../../../../../usr/local/lib/android/sdk/platforms/android-35-ext14/data/res/values-mcc302-mnc720-ky: Cannot utime: Operation not permitted
build	Cache Android SDK	2026-06-06T12:22:44.5858507Z /usr/bin/tar: ../../../../../usr/local/lib/android/sdk/platforms/android-35-ext14/data/res/values-mcc302-mnc720-ky: Cannot change mode to rwxr-xr-x: Operation not permitted
build	Cache Android SDK	2026-06-06T12:22:44.5860198Z /usr/bin/tar: ../../../../../usr/local/lib/android/sdk/platforms/android-35-ext14/data/res/values-sv-watch: Cannot utime: Operation not permitted
build	Cache Android SDK	2026-06-06T12:22:44.5861133Z /usr/bin/tar: ../../../../../usr/local/lib/android/sdk/platforms/android-35-ext14/data/res/values-sv-watch: Cannot change mode to rwxr-xr-x: Operation not permitted
build	Cache Android SDK	2026-06-06T12:22:44.5863747Z /usr/bin/tar: ../../../../../usr/local/lib/android/sdk/platforms/android-35-ext14/data/res/values-mcc204-mnc04: Cannot utime: Operation not permitted
build	Cache Android SDK	2026-06-06T12:22:44.5864729Z /usr/bin/tar: ../../../../../usr/local/lib/android/sdk/platforms/android-35-ext14/data/res/values-mcc204-mnc04: Cannot change mode to rwxr-xr-x: Operation not permitted
build	Cache Android SDK	2026-06-06T12:22:44.5866567Z /usr/bin/tar: ../../../../../usr/local/lib/android/sdk/platforms/android-35-ext14/data/res/values-mcc310-mnc410-fi: Cannot utime: Operation not permitted
build	Cache Android SDK	2026-06-06T12:22:44.5867957Z /usr/bin/tar: ../../../../../usr/local/lib/android/sdk/platforms/android-35-ext14/data/res/values-mcc310-mnc410-fi: Cannot change mode to rwxr-xr-x: Operation not permitted
build	Cache Android SDK	2026-06-06T12:22:44.5870722Z /usr/bin/tar: ../../../../../usr/local/lib/android/sdk/platforms/android-35-ext14/data/res/values-mcc310-mnc800-be: Cannot utime: Operation not permitted
build	Cache Android SDK	2026-06-06T12:22:44.5871692Z /usr/bin/tar: ../../../../../usr/local/lib/android/sdk/platforms/android-35-ext14/data/res/values-mcc310-mnc800-be: Cannot change mode to rwxr-xr-x: Operation not permitted
build	Cache Android SDK	2026-06-06T12:22:44.5874417Z /usr/bin/tar: ../../../../../usr/local/lib/android/sdk/platforms/android-35-ext14/data/res/raw-iw: Cannot utime: Operation not permitted
build	Cache Android SDK	2026-06-06T12:22:44.5875295Z /usr/bin/tar: ../../../../../usr/local/lib/android/sdk/platforms/android-35-ext14/data/res/raw-iw: Cannot change mode to rwxr-xr-x: Operation not permitted
build	Cache Android SDK	2026-06-06T12:22:44.5879705Z /usr/bin/tar: ../../../../../usr/local/lib/android/sdk/platforms/android-35-ext14/data/res/values-mcc312-mnc670-mn: Cannot utime: Operation not permitted
build	Cache Android SDK	2026-06-06T12:22:44.5880896Z /usr/bin/tar: ../../../../../usr/local/lib/android/sdk/platforms/android-35-ext14/data/res/values-mcc312-mnc670-mn: Cannot change mode to rwxr-xr-x: Operation not permitted
build	Cache Android SDK	2026-06-06T12:22:44.5882878Z /usr/bin/tar: ../../../../../usr/local/lib/android/sdk/platforms/android-35-ext14/data/res/values-mcc310-mnc240-gl: Cannot utime: Operation not permitted
build	Cache Android SDK	2026-06-06T12:22:44.5883835Z /usr/bin/tar: ../../../../../usr/local/lib/android/sdk/platforms/android-35-ext14/data/res/values-mcc310-mnc240-gl: Cannot change mode to rwxr-xr-x: Operation not permitted
build	Cache Android SDK	2026-06-06T12:22:44.5886270Z /usr/bin/tar: ../../../../../usr/local/lib/android/sdk/platforms/android-35-ext14/data/res/values-mcc310-mnc270-gl: Cannot utime: Operation not permitted
build	Cache Android SDK	2026-06-06T12:22:44.5887474Z /usr/bin/tar: ../../../../../usr/local/lib/android/sdk/platforms/android-35-ext14/data/res/values-mcc310-mnc270-gl: Cannot change mode to rwxr-xr-x: Operation not permitted
build	Cache Android SDK	2026-06-06T12:22:44.5889812Z /usr/bin/tar: ../../../../../usr/local/lib/android/sdk/platforms/android-35-ext14/data/res/values-mcc310-mnc380-ru: Cannot utime: Operation not permitted
build	Cache Android SDK	2026-06-06T12:22:44.5890777Z /usr/bin/tar: ../../../../../usr/local/lib/android/sdk/platforms/android-35-ext14/data/res/values-mcc310-mnc380-ru: Cannot change mode to rwxr-xr-x: Operation not permitted
build	Cache Android SDK	2026-06-06T12:22:44.5893287Z /usr/bin/tar: ../../../../../usr/local/lib/android/sdk/platforms/android-35-ext14/data/res/values-mcc001-mnc01-fr-rCA: Cannot utime: Operation not permitted
build	Cache Android SDK	2026-06-06T12:22:44.5894285Z /usr/bin/tar: ../../../../../usr/local/lib/android/sdk/platforms/android-35-ext14/data/res/values-mcc001-mnc01-fr-rCA: Cannot change mode to rwxr-xr-x: Operation not permitted
build	Cache Android SDK	2026-06-06T12:22:44.5896999Z /usr/bin/tar: ../../../../../usr/local/lib/android/sdk/platforms/android-35-ext14/data/res/values-zu-television: Cannot utime: Operation not permitted
build	Cache Android SDK	2026-06-06T12:22:44.5898130Z /usr/bin/tar: ../../../../../usr/local/lib/android/sdk/platforms/android-35-ext14/data/res/values-zu-television: Cannot change mode to rwxr-xr-x: Operation not permitted
build	Cache Android SDK	2026-06-06T12:22:44.5900451Z /usr/bin/tar: ../../../../../usr/local/lib/android/sdk/platforms/android-35-ext14/data/res/values-mcc310-mnc240-pl: Cannot utime: Operation not permitted
build	Cache Android SDK	2026-06-06T12:22:44.5901421Z /usr/bin/tar: ../../../../../usr/local/lib/android/sdk/platforms/android-35-ext14/data/res/values-mcc310-mnc240-pl: Cannot change mode to rwxr-xr-x: Operation not permitted
build	Cache Android SDK	2026-06-06T12:22:44.5904475Z /usr/bin/tar: ../../../../../usr/local/lib/android/sdk/platforms/android-35-ext14/data/res/values-mcc334-mnc020-lo: Cannot utime: Operation not permitted
build	Cache Android SDK	2026-06-06T12:22:44.5905496Z /usr/bin/tar: ../../../../../usr/local/lib/android/sdk/platforms/android-35-ext14/data/res/values-mcc334-mnc020-lo: Cannot change mode to rwxr-xr-x: Operation not permitted
build	Cache Android SDK	2026-06-06T12:22:44.5908290Z /usr/bin/tar: ../../../../../usr/local/lib/android/sdk/platforms/android-35-ext14/data/res/values-mcc310-mnc240-nb: Cannot utime: Operation not permitted
build	Cache Android SDK	2026-06-06T12:22:44.5909373Z /usr/bin/tar: ../../../../../usr/local/lib/android/sdk/platforms/android-35-ext14/data/res/values-mcc310-mnc240-nb: Cannot change mode to rwxr-xr-x: Operation not permitted
build	Cache Android SDK	2026-06-06T12:22:44.5910887Z /usr/bin/tar: ../../../../../usr/local/lib/android/sdk/platforms/android-35-ext14/data/res/values-mcc310-mnc240-fa: Cannot utime: Operation not permitted
build	Cache Android SDK	2026-06-06T12:22:44.5912600Z /usr/bin/tar: ../../../../../usr/local/lib/android/sdk/platforms/android-35-ext14/data/res/values-mcc310-mnc240-fa: Cannot change mode to rwxr-xr-x: Operation not permitted
build	Cache Android SDK	2026-06-06T12:22:44.5914978Z /usr/bin/tar: ../../../../../usr/local/lib/android/sdk/platforms/android-35-ext14/data/res/values-pl-rPL: Cannot utime: Operation not permitted
build	Cache Android SDK	2026-06-06T12:22:44.5915909Z /usr/bin/tar: ../../../../../usr/local/lib/android/sdk/platforms/android-35-ext14/data/res/values-pl-rPL: Cannot change mode to rwxr-xr-x: Operation not permitted
build	Cache Android SDK	2026-06-06T12:22:44.5919873Z /usr/bin/tar: ../../../../../usr/local/lib/android/sdk/platforms/android-35-ext14/data/res/values-mcc310-mnc660-mr: Cannot utime: Operation not permitted
build	Cache Android SDK	2026-06-06T12:22:44.5920921Z /usr/bin/tar: ../../../../../usr/local/lib/android/sdk/platforms/android-35-ext14/data/res/values-mcc310-mnc660-mr: Cannot change mode to rwxr-xr-x: Operation not permitted
build	Cache Android SDK	2026-06-06T12:22:44.5925240Z /usr/bin/tar: ../../../../../usr/local/lib/android/sdk/platforms/android-35-ext14/data/res/values-mcc310-mnc270-bn: Cannot utime: Operation not permitted
build	Cache Android SDK	2026-06-06T12:22:44.5926199Z /usr/bin/tar: ../../../../../usr/local/lib/android/sdk/platforms/android-35-ext14/data/res/values-mcc310-mnc270-bn: Cannot change mode to rwxr-xr-x: Operation not permitted
build	Cache Android SDK	2026-06-06T12:22:44.5928256Z /usr/bin/tar: ../../../../../usr/local/lib/android/sdk/platforms/android-35-ext14/data/res/values-mcc310-mnc660-mk: Cannot utime: Operation not permitted
build	Cache Android SDK	2026-06-06T12:22:44.5929225Z /usr/bin/tar: ../../../../../usr/local/lib/android/sdk/platforms/android-35-ext14/data/res/values-mcc310-mnc660-mk: Cannot change mode to rwxr-xr-x: Operation not permitted
build	Cache Android SDK	2026-06-06T12:22:44.5931604Z /usr/bin/tar: ../../../../../usr/local/lib/android/sdk/platforms/android-35-ext14/data/res/values-mcc310-mnc160-et: Cannot utime: Operation not permitted
build	Cache Android SDK	2026-06-06T12:22:44.5932677Z /usr/bin/tar: ../../../../../usr/local/lib/android/sdk/platforms/android-35-ext14/data/res/values-mcc310-mnc160-et: Cannot change mode to rwxr-xr-x: Operation not permitted
build	Cache Android SDK	2026-06-06T12:22:44.5934305Z /usr/bin/tar: ../../../../../usr/local/lib/android/sdk/platforms/android-35-ext14/data/res/values-fa-television: Cannot utime: Operation not permitted
build	Cache Android SDK	2026-06-06T12:22:44.5936037Z /usr/bin/tar: ../../../../../usr/local/lib/android/sdk/platforms/android-35-ext14/data/res/values-fa-television: Cannot change mode to rwxr-xr-x: Operation not permitted
build	Cache Android SDK	2026-06-06T12:22:44.5937629Z /usr/bin/tar: ../../../../../usr/local/lib/android/sdk/platforms/android-35-ext14/data/res/values-mcc310-mnc560-hi: Cannot utime: Operation not permitted
build	Cache Android SDK	2026-06-06T12:22:44.5938659Z /usr/bin/tar: ../../../../../usr/local/lib/android/sdk/platforms/android-35-ext14/data/res/values-mcc310-mnc560-hi: Cannot change mode to rwxr-xr-x: Operation not permitted
build	Cache Android SDK	2026-06-06T12:22:44.5941050Z /usr/bin/tar: ../../../../../usr/local/lib/android/sdk/platforms/android-35-ext14/data/res/raw-en-rGB: Cannot utime: Operation not permitted
build	Cache Android SDK	2026-06-06T12:22:44.5942060Z /usr/bin/tar: ../../../../../usr/local/lib/android/sdk/platforms/android-35-ext14/data/res/raw-en-rGB: Cannot change mode to rwxr-xr-x: Operation not permitted
build	Cache Android SDK	2026-06-06T12:22:44.5943474Z /usr/bin/tar: ../../../../../usr/local/lib/android/sdk/platforms/android-35-ext14/data/res/values-eu-watch: Cannot utime: Operation not permitted
build	Cache Android SDK	2026-06-06T12:22:44.5944433Z /usr/bin/tar: ../../../../../usr/local/lib/android/sdk/platforms/android-35-ext14/data/res/values-eu-watch: Cannot change mode to rwxr-xr-x: Operation not permitted
build	Cache Android SDK	2026-06-06T12:22:44.5946781Z /usr/bin/tar: ../../../../../usr/local/lib/android/sdk/platforms/android-35-ext14/data/res/values-mcc310-mnc660-ko: Cannot utime: Operation not permitted
build	Cache Android SDK	2026-06-06T12:22:44.5947993Z /usr/bin/tar: ../../../../../usr/local/lib/android/sdk/platforms/android-35-ext14/data/res/values-mcc310-mnc660-ko: Cannot change mode to rwxr-xr-x: Operation not permitted
build	Cache Android SDK	2026-06-06T12:22:44.5949751Z /usr/bin/tar: ../../../../../usr/local/lib/android/sdk/platforms/android-35-ext14/data/res/values-mcc311-mnc180-mn: Cannot utime: Operation not permitted
build	Cache Android SDK	2026-06-06T12:22:44.5950772Z /usr/bin/tar: ../../../../../usr/local/lib/android/sdk/platforms/android-35-ext14/data/res/values-mcc311-mnc180-mn: Cannot change mode to rwxr-xr-x: Operation not permitted
build	Cache Android SDK	2026-06-06T12:22:44.5952321Z /usr/bin/tar: ../../../../../usr/local/lib/android/sdk/platforms/android-35-ext14/data/res/values-mcc310-mnc240-ml: Cannot utime: Operation not permitted
build	Cache Android SDK	2026-06-06T12:22:44.5953426Z /usr/bin/tar: ../../../../../usr/local/lib/android/sdk/platforms/android-35-ext14/data/res/values-mcc310-mnc240-ml: Cannot change mode to rwxr-xr-x: Operation not permitted
build	Cache Android SDK	2026-06-06T12:22:44.5955842Z /usr/bin/tar: ../../../../../usr/local/lib/android/sdk/platforms/android-35-ext14/data/res/values-mcc310-mnc490-kk: Cannot utime: Operation not permitted
build	Cache Android SDK	2026-06-06T12:22:44.5956818Z /usr/bin/tar: ../../../../../usr/local/lib/android/sdk/platforms/android-35-ext14/data/res/values-mcc310-mnc490-kk: Cannot change mode to rwxr-xr-x: Operation not permitted
build	Cache Android SDK	2026-06-06T12:22:44.5959288Z /usr/bin/tar: ../../../../../usr/local/lib/android/sdk/platforms/android-35-ext14/data/res/values-mcc310-mnc240-bg: Cannot utime: Operation not permitted
build	Cache Android SDK	2026-06-06T12:22:44.5960326Z /usr/bin/tar: ../../../../../usr/local/lib/android/sdk/platforms/android-35-ext14/data/res/values-mcc310-mnc240-bg: Cannot change mode to rwxr-xr-x: Operation not permitted
build	Cache Android SDK	2026-06-06T12:22:44.5961999Z /usr/bin/tar: ../../../../../usr/local/lib/android/sdk/platforms/android-35-ext14/data/res/values-mcc310-mnc240-zu: Cannot utime: Operation not permitted
build	Cache Android SDK	2026-06-06T12:22:44.5962980Z /usr/bin/tar: ../../../../../usr/local/lib/android/sdk/platforms/android-35-ext14/data/res/values-mcc310-mnc240-zu: Cannot change mode to rwxr-xr-x: Operation not permitted
build	Cache Android SDK	2026-06-06T12:22:44.5965479Z /usr/bin/tar: ../../../../../usr/local/lib/android/sdk/platforms/android-35-ext14/data/res/values-mcc310-mnc410-tl: Cannot utime: Operation not permitted
build	Cache Android SDK	2026-06-06T12:22:44.5966474Z /usr/bin/tar: ../../../../../usr/local/lib/android/sdk/platforms/android-35-ext14/data/res/values-mcc310-mnc410-tl: Cannot change mode to rwxr-xr-x: Operation not permitted
build	Cache Android SDK	2026-06-06T12:22:44.5968934Z /usr/bin/tar: ../../../../../usr/local/lib/android/sdk/platforms/android-35-ext14/data/res/values-mcc310-mnc220-ky: Cannot utime: Operation not permitted
build	Cache Android SDK	2026-06-06T12:22:44.5969916Z /usr/bin/tar: ../../../../../usr/local/lib/android/sdk/platforms/android-35-ext14/data/res/values-mcc310-mnc220-ky: Cannot change mode to rwxr-xr-x: Operation not permitted
build	Cache Android SDK	2026-06-06T12:22:44.5972005Z /usr/bin/tar: ../../../../../usr/local/lib/android/sdk/platforms/android-35-ext14/data/res/values-mcc310-mnc560-or: Cannot utime: Operation not permitted
build	Cache Android SDK	2026-06-06T12:22:44.5973024Z /usr/bin/tar: ../../../../../usr/local/lib/android/sdk/platforms/android-35-ext14/data/res/values-mcc310-mnc560-or: Cannot change mode to rwxr-xr-x: Operation not permitted
build	Cache Android SDK	2026-06-06T12:22:44.5974795Z /usr/bin/tar: ../../../../../usr/local/lib/android/sdk/platforms/android-35-ext14/data/res/values-mcc302-mnc720-da: Cannot utime: Operation not permitted
build	Cache Android SDK	2026-06-06T12:22:44.5975753Z /usr/bin/tar: ../../../../../usr/local/lib/android/sdk/platforms/android-35-ext14/data/res/values-mcc302-mnc720-da: Cannot change mode to rwxr-xr-x: Operation not permitted
build	Cache Android SDK	2026-06-06T12:22:44.5978268Z /usr/bin/tar: ../../../../../usr/local/lib/android/sdk/platforms/android-35-ext14/data/res/values-mcc302-mnc720-pa: Cannot utime: Operation not permitted
build	Cache Android SDK	2026-06-06T12:22:44.5979390Z /usr/bin/tar: ../../../../../usr/local/lib/android/sdk/platforms/android-35-ext14/data/res/values-mcc302-mnc720-pa: Cannot change mode to rwxr-xr-x: Operation not permitted
build	Cache Android SDK	2026-06-06T12:22:44.5980922Z /usr/bin/tar: ../../../../../usr/local/lib/android/sdk/platforms/android-35-ext14/data/res/values-mcc334-mnc020-in: Cannot utime: Operation not permitted
build	Cache Android SDK	2026-06-06T12:22:44.5981930Z /usr/bin/tar: ../../../../../usr/local/lib/android/sdk/platforms/android-35-ext14/data/res/values-mcc334-mnc020-in: Cannot change mode to rwxr-xr-x: Operation not permitted
build	Cache Android SDK	2026-06-06T12:22:44.5983527Z /usr/bin/tar: ../../../../../usr/local/lib/android/sdk/platforms/android-35-ext14/data/res/values-mcc310-mnc490-fr-rCA: Cannot utime: Operation not permitted
build	Cache Android SDK	2026-06-06T12:22:44.5984517Z /usr/bin/tar: ../../../../../usr/local/lib/android/sdk/platforms/android-35-ext14/data/res/values-mcc310-mnc490-fr-rCA: Cannot change mode to rwxr-xr-x: Operation not permitted
build	Cache Android SDK	2026-06-06T12:22:44.5986577Z /usr/bin/tar: ../../../../../usr/local/lib/android/sdk/platforms/android-35-ext14/data/res/values-mcc312-mnc670-en-rAU: Cannot utime: Operation not permitted
build	Cache Android SDK	2026-06-06T12:22:44.5987953Z /usr/bin/tar: ../../../../../usr/local/lib/android/sdk/platforms/android-35-ext14/data/res/values-mcc312-mnc670-en-rAU: Cannot change mode to rwxr-xr-x: Operation not permitted
build	Cache Android SDK	2026-06-06T12:22:44.5989632Z /usr/bin/tar: ../../../../../usr/local/lib/android/sdk/platforms/android-35-ext14/data/res/values-mcc302-mnc370-et: Cannot utime: Operation not permitted
build	Cache Android SDK	2026-06-06T12:22:44.5990606Z /usr/bin/tar: ../../../../../usr/local/lib/android/sdk/platforms/android-35-ext14/data/res/values-mcc302-mnc370-et: Cannot change mode to rwxr-xr-x: Operation not permitted
build	Cache Android SDK	2026-06-06T12:22:44.5992921Z /usr/bin/tar: ../../../../../usr/local/lib/android/sdk/platforms/android-35-ext14/data/res/values-mcc313-mnc100-fr-rCA: Cannot utime: Operation not permitted
build	Cache Android SDK	2026-06-06T12:22:44.5993544Z /usr/bin/tar: ../../../../../usr/local/lib/android/sdk/platforms/android-35-ext14/data/res/values-mcc313-mnc100-fr-rCA: Cannot change mode to rwxr-xr-x: Operation not permitted
build	Cache Android SDK	2026-06-06T12:22:44.5995880Z /usr/bin/tar: ../../../../../usr/local/lib/android/sdk/platforms/android-35-ext14/data/res/values-mcc310-mnc150-en-rAU: Cannot utime: Operation not permitted
build	Cache Android SDK	2026-06-06T12:22:44.5996359Z /usr/bin/tar: ../../../../../usr/local/lib/android/sdk/platforms/android-35-ext14/data/res/values-mcc310-mnc150-en-rAU: Cannot change mode to rwxr-xr-x: Operation not permitted
build	Cache Android SDK	2026-06-06T12:22:44.6008279Z /usr/bin/tar: ../../../../../usr/local/lib/android/sdk/platforms/android-35-ext14/data/res/xml: Cannot utime: Operation not permitted
build	Cache Android SDK	2026-06-06T12:22:44.6008836Z /usr/bin/tar: ../../../../../usr/local/lib/android/sdk/platforms/android-35-ext14/data/res/xml: Cannot change mode to rwxr-xr-x: Operation not permitted
build	Cache Android SDK	2026-06-06T12:22:44.6011545Z /usr/bin/tar: ../../../../../usr/local/lib/android/sdk/platforms/android-35-ext14/data/res/values-mcc310-mnc800-sr: Cannot utime: Operation not permitted
build	Cache Android SDK	2026-06-06T12:22:44.6012454Z /usr/bin/tar: ../../../../../usr/local/lib/android/sdk/platforms/android-35-ext14/data/res/values-mcc310-mnc800-sr: Cannot change mode to rwxr-xr-x: Operation not permitted
build	Cache Android SDK	2026-06-06T12:22:44.6015559Z /usr/bin/tar: ../../../../../usr/local/lib/android/sdk/platforms/android-35-ext14/data/res/values-mcc310-mnc380-zh-rCN: Cannot utime: Operation not permitted
build	Cache Android SDK	2026-06-06T12:22:44.6016218Z /usr/bin/tar: ../../../../../usr/local/lib/android/sdk/platforms/android-35-ext14/data/res/values-mcc310-mnc380-zh-rCN: Cannot change mode to rwxr-xr-x: Operation not permitted
build	Cache Android SDK	2026-06-06T12:22:44.6018553Z /usr/bin/tar: ../../../../../usr/local/lib/android/sdk/platforms/android-35-ext14/data/res/values-mcc310-mnc950-ms: Cannot utime: Operation not permitted
build	Cache Android SDK	2026-06-06T12:22:44.6019148Z /usr/bin/tar: ../../../../../usr/local/lib/android/sdk/platforms/android-35-ext14/data/res/values-mcc310-mnc950-ms: Cannot change mode to rwxr-xr-x: Operation not permitted
build	Cache Android SDK	2026-06-06T12:22:44.6022011Z /usr/bin/tar: ../../../../../usr/local/lib/android/sdk/platforms/android-35-ext14/data/res/values-mcc310-mnc170-ms: Cannot utime: Operation not permitted
build	Cache Android SDK	2026-06-06T12:22:44.6022501Z /usr/bin/tar: ../../../../../usr/local/lib/android/sdk/platforms/android-35-ext14/data/res/values-mcc310-mnc170-ms: Cannot change mode to rwxr-xr-x: Operation not permitted
build	Cache Android SDK	2026-06-06T12:22:44.6025331Z /usr/bin/tar: ../../../../../usr/local/lib/android/sdk/platforms/android-35-ext14/data/res/values-mcc310-mnc230-sq: Cannot utime: Operation not permitted
build	Cache Android SDK	2026-06-06T12:22:44.6025810Z /usr/bin/tar: ../../../../../usr/local/lib/android/sdk/platforms/android-35-ext14/data/res/values-mcc310-mnc230-sq: Cannot change mode to rwxr-xr-x: Operation not permitted
build	Cache Android SDK	2026-06-06T12:22:44.6028563Z /usr/bin/tar: ../../../../../usr/local/lib/android/sdk/platforms/android-35-ext14/data/res/values-mcc334-mnc020-b+sr+Latn: Cannot utime: Operation not permitted
build	Cache Android SDK	2026-06-06T12:22:44.6029089Z /usr/bin/tar: ../../../../../usr/local/lib/android/sdk/platforms/android-35-ext14/data/res/values-mcc334-mnc020-b+sr+Latn: Cannot change mode to rwxr-xr-x: Operation not permitted
build	Cache Android SDK	2026-06-06T12:22:44.6032016Z /usr/bin/tar: ../../../../../usr/local/lib/android/sdk/platforms/android-35-ext14/data/res/values-mcc310-mnc800-pt: Cannot utime: Operation not permitted
build	Cache Android SDK	2026-06-06T12:22:44.6032502Z /usr/bin/tar: ../../../../../usr/local/lib/android/sdk/platforms/android-35-ext14/data/res/values-mcc310-mnc800-pt: Cannot change mode to rwxr-xr-x: Operation not permitted
build	Cache Android SDK	2026-06-06T12:22:44.6035222Z /usr/bin/tar: ../../../../../usr/local/lib/android/sdk/platforms/android-35-ext14/data/res/values-mcc310-mnc250-iw: Cannot utime: Operation not permitted
build	Cache Android SDK	2026-06-06T12:22:44.6035695Z /usr/bin/tar: ../../../../../usr/local/lib/android/sdk/platforms/android-35-ext14/data/res/values-mcc310-mnc250-iw: Cannot change mode to rwxr-xr-x: Operation not permitted
build	Cache Android SDK	2026-06-06T12:22:44.6039446Z /usr/bin/tar: ../../../../../usr/local/lib/android/sdk/platforms/android-35-ext14/data/res/mipmap-hdpi: Cannot utime: Operation not permitted
build	Cache Android SDK	2026-06-06T12:22:44.6039897Z /usr/bin/tar: ../../../../../usr/local/lib/android/sdk/platforms/android-35-ext14/data/res/mipmap-hdpi: Cannot change mode to rwxr-xr-x: Operation not permitted
build	Cache Android SDK	2026-06-06T12:22:44.6042188Z /usr/bin/tar: ../../../../../usr/local/lib/android/sdk/platforms/android-35-ext14/data/res/values-mcc310-mnc950-af: Cannot utime: Operation not permitted
build	Cache Android SDK	2026-06-06T12:22:44.6042661Z /usr/bin/tar: ../../../../../usr/local/lib/android/sdk/platforms/android-35-ext14/data/res/values-mcc310-mnc950-af: Cannot change mode to rwxr-xr-x: Operation not permitted
build	Cache Android SDK	2026-06-06T12:22:44.6045196Z /usr/bin/tar: ../../../../../usr/local/lib/android/sdk/platforms/android-35-ext14/data/res/values-mcc310-mnc210-kk: Cannot utime: Operation not permitted
build	Cache Android SDK	2026-06-06T12:22:44.6045666Z /usr/bin/tar: ../../../../../usr/local/lib/android/sdk/platforms/android-35-ext14/data/res/values-mcc310-mnc210-kk: Cannot change mode to rwxr-xr-x: Operation not permitted
build	Cache Android SDK	2026-06-06T12:22:44.6048648Z /usr/bin/tar: ../../../../../usr/local/lib/android/sdk/platforms/android-35-ext14/data/res/values-mcc302-mnc720-ne: Cannot utime: Operation not permitted
build	Cache Android SDK	2026-06-06T12:22:44.6049135Z /usr/bin/tar: ../../../../../usr/local/lib/android/sdk/platforms/android-35-ext14/data/res/values-mcc302-mnc720-ne: Cannot change mode to rwxr-xr-x: Operation not permitted
build	Cache Android SDK	2026-06-06T12:22:44.6051874Z /usr/bin/tar: ../../../../../usr/local/lib/android/sdk/platforms/android-35-ext14/data/res/values-mcc334-mnc020-th: Cannot utime: Operation not permitted
build	Cache Android SDK	2026-06-06T12:22:44.6052344Z /usr/bin/tar: ../../../../../usr/local/lib/android/sdk/platforms/android-35-ext14/data/res/values-mcc334-mnc020-th: Cannot change mode to rwxr-xr-x: Operation not permitted
build	Cache Android SDK	2026-06-06T12:22:44.6055562Z /usr/bin/tar: ../../../../../usr/local/lib/android/sdk/platforms/android-35-ext14/data/res/values-mcc310-mnc280-is: Cannot utime: Operation not permitted
build	Cache Android SDK	2026-06-06T12:22:44.6056058Z /usr/bin/tar: ../../../../../usr/local/lib/android/sdk/platforms/android-35-ext14/data/res/values-mcc310-mnc280-is: Cannot change mode to rwxr-xr-x: Operation not permitted
build	Cache Android SDK	2026-06-06T12:22:44.6058609Z /usr/bin/tar: ../../../../../usr/local/lib/android/sdk/platforms/android-35-ext14/data/res/values-mcc313-mnc100-be: Cannot utime: Operation not permitted
build	Cache Android SDK	2026-06-06T12:22:44.6059101Z /usr/bin/tar: ../../../../../usr/local/lib/android/sdk/platforms/android-35-ext14/data/res/values-mcc313-mnc100-be: Cannot change mode to rwxr-xr-x: Operation not permitted
build	Cache Android SDK	2026-06-06T12:22:44.6066166Z /usr/bin/tar: ../../../../../usr/local/lib/android/sdk/platforms/android-35-ext14/data/res/values-es-rUS: Cannot utime: Operation not permitted
build	Cache Android SDK	2026-06-06T12:22:44.6066878Z /usr/bin/tar: ../../../../../usr/local/lib/android/sdk/platforms/android-35-ext14/data/res/values-es-rUS: Cannot change mode to rwxr-xr-x: Operation not permitted
build	Cache Android SDK	2026-06-06T12:22:44.6068806Z /usr/bin/tar: ../../../../../usr/local/lib/android/sdk/platforms/android-35-ext14/data/res/values-mcc311-mnc180-te: Cannot utime: Operation not permitted
build	Cache Android SDK	2026-06-06T12:22:44.6069428Z /usr/bin/tar: ../../../../../usr/local/lib/android/sdk/platforms/android-35-ext14/data/res/values-mcc311-mnc180-te: Cannot change mode to rwxr-xr-x: Operation not permitted
build	Cache Android SDK	2026-06-06T12:22:44.6072195Z /usr/bin/tar: ../../../../../usr/local/lib/android/sdk/platforms/android-35-ext14/data/res/values-mcc310-mnc030-ko: Cannot utime: Operation not permitted
build	Cache Android SDK	2026-06-06T12:22:44.6072678Z /usr/bin/tar: ../../../../../usr/local/lib/android/sdk/platforms/android-35-ext14/data/res/values-mcc310-mnc030-ko: Cannot change mode to rwxr-xr-x: Operation not permitted
build	Cache Android SDK	2026-06-06T12:22:44.6075171Z /usr/bin/tar: ../../../../../usr/local/lib/android/sdk/platforms/android-35-ext14/data/res/values-da-television: Cannot utime: Operation not permitted
build	Cache Android SDK	2026-06-06T12:22:44.6075648Z /usr/bin/tar: ../../../../../usr/local/lib/android/sdk/platforms/android-35-ext14/data/res/values-da-television: Cannot change mode to rwxr-xr-x: Operation not permitted
build	Cache Android SDK	2026-06-06T12:22:44.6078511Z /usr/bin/tar: ../../../../../usr/local/lib/android/sdk/platforms/android-35-ext14/data/res/values-mcc310-mnc240-be: Cannot utime: Operation not permitted
build	Cache Android SDK	2026-06-06T12:22:44.6079006Z /usr/bin/tar: ../../../../../usr/local/lib/android/sdk/platforms/android-35-ext14/data/res/values-mcc310-mnc240-be: Cannot change mode to rwxr-xr-x: Operation not permitted
build	Cache Android SDK	2026-06-06T12:22:44.6081737Z /usr/bin/tar: ../../../../../usr/local/lib/android/sdk/platforms/android-35-ext14/data/res/values-mr-television: Cannot utime: Operation not permitted
build	Cache Android SDK	2026-06-06T12:22:44.6082207Z /usr/bin/tar: ../../../../../usr/local/lib/android/sdk/platforms/android-35-ext14/data/res/values-mr-television: Cannot change mode to rwxr-xr-x: Operation not permitted
build	Cache Android SDK	2026-06-06T12:22:44.6084663Z /usr/bin/tar: ../../../../../usr/local/lib/android/sdk/platforms/android-35-ext14/data/res/values-mcc310-mnc490-tl: Cannot utime: Operation not permitted
build	Cache Android SDK	2026-06-06T12:22:44.6085163Z /usr/bin/tar: ../../../../../usr/local/lib/android/sdk/platforms/android-35-ext14/data/res/values-mcc310-mnc490-tl: Cannot change mode to rwxr-xr-x: Operation not permitted
build	Cache Android SDK	2026-06-06T12:22:44.6088322Z /usr/bin/tar: ../../../../../usr/local/lib/android/sdk/platforms/android-35-ext14/data/res/values-mcc310-mnc240-cs: Cannot utime: Operation not permitted
build	Cache Android SDK	2026-06-06T12:22:44.6088964Z /usr/bin/tar: ../../../../../usr/local/lib/android/sdk/platforms/android-35-ext14/data/res/values-mcc310-mnc240-cs: Cannot change mode to rwxr-xr-x: Operation not permitted
build	Cache Android SDK	2026-06-06T12:22:44.6090569Z /usr/bin/tar: ../../../../../usr/local/lib/android/sdk/platforms/android-35-ext14/data/res/values-mcc310-mnc250-af: Cannot utime: Operation not permitted
build	Cache Android SDK	2026-06-06T12:22:44.6091043Z /usr/bin/tar: ../../../../../usr/local/lib/android/sdk/platforms/android-35-ext14/data/res/values-mcc310-mnc250-af: Cannot change mode to rwxr-xr-x: Operation not permitted
build	Cache Android SDK	2026-06-06T12:22:44.6093559Z /usr/bin/tar: ../../../../../usr/local/lib/android/sdk/platforms/android-35-ext14/data/res/values-xlarge: Cannot utime: Operation not permitted
build	Cache Android SDK	2026-06-06T12:22:44.6094006Z /usr/bin/tar: ../../../../../usr/local/lib/android/sdk/platforms/android-35-ext14/data/res/values-xlarge: Cannot change mode to rwxr-xr-x: Operation not permitted
build	Cache Android SDK	2026-06-06T12:22:44.6096776Z /usr/bin/tar: ../../../../../usr/local/lib/android/sdk/platforms/android-35-ext14/data/res/values-mcc302-mnc370-zh-rTW: Cannot utime: Operation not permitted
build	Cache Android SDK	2026-06-06T12:22:44.6097278Z /usr/bin/tar: ../../../../../usr/local/lib/android/sdk/platforms/android-35-ext14/data/res/values-mcc302-mnc370-zh-rTW: Cannot change mode to rwxr-xr-x: Operation not permitted
build	Cache Android SDK	2026-06-06T12:22:44.6099810Z /usr/bin/tar: ../../../../../usr/local/lib/android/sdk/platforms/android-35-ext14/data/res/values-mcc310-mnc410-ca: Cannot utime: Operation not permitted
build	Cache Android SDK	2026-06-06T12:22:44.6100273Z /usr/bin/tar: ../../../../../usr/local/lib/android/sdk/platforms/android-35-ext14/data/res/values-mcc310-mnc410-ca: Cannot change mode to rwxr-xr-x: Operation not permitted
build	Cache Android SDK	2026-06-06T12:22:44.6102728Z /usr/bin/tar: ../../../../../usr/local/lib/android/sdk/platforms/android-35-ext14/data/res/values-mcc310-mnc410-my: Cannot utime: Operation not permitted
build	Cache Android SDK	2026-06-06T12:22:44.6103332Z /usr/bin/tar: ../../../../../usr/local/lib/android/sdk/platforms/android-35-ext14/data/res/values-mcc310-mnc410-my: Cannot change mode to rwxr-xr-x: Operation not permitted
build	Cache Android SDK	2026-06-06T12:22:44.6106329Z /usr/bin/tar: ../../../../../usr/local/lib/android/sdk/platforms/android-35-ext14/data/res/values-mcc310-mnc160-lo: Cannot utime: Operation not permitted
build	Cache Android SDK	2026-06-06T12:22:44.6106799Z /usr/bin/tar: ../../../../../usr/local/lib/android/sdk/platforms/android-35-ext14/data/res/values-mcc310-mnc160-lo: Cannot change mode to rwxr-xr-x: Operation not permitted
build	Cache Android SDK	2026-06-06T12:22:44.6109487Z /usr/bin/tar: ../../../../../usr/local/lib/android/sdk/platforms/android-35-ext14/data/res/values-mcc310-mnc660-ka: Cannot utime: Operation not permitted
build	Cache Android SDK	2026-06-06T12:22:44.6110094Z /usr/bin/tar: ../../../../../usr/local/lib/android/sdk/platforms/android-35-ext14/data/res/values-mcc310-mnc660-ka: Cannot change mode to rwxr-xr-x: Operation not permitted
build	Cache Android SDK	2026-06-06T12:22:44.6112697Z /usr/bin/tar: ../../../../../usr/local/lib/android/sdk/platforms/android-35-ext14/data/res/values-mcc310-mnc170-lv: Cannot utime: Operation not permitted
build	Cache Android SDK	2026-06-06T12:22:44.6113174Z /usr/bin/tar: ../../../../../usr/local/lib/android/sdk/platforms/android-35-ext14/data/res/values-mcc310-mnc170-lv: Cannot change mode to rwxr-xr-x: Operation not permitted
build	Cache Android SDK	2026-06-06T12:22:44.6115460Z /usr/bin/tar: ../../../../../usr/local/lib/android/sdk/platforms/android-35-ext14/data/res/values-mcc505-mnc01: Cannot utime: Operation not permitted
build	Cache Android SDK	2026-06-06T12:22:44.6115930Z /usr/bin/tar: ../../../../../usr/local/lib/android/sdk/platforms/android-35-ext14/data/res/values-mcc505-mnc01: Cannot change mode to rwxr-xr-x: Operation not permitted
build	Cache Android SDK	2026-06-06T12:22:44.6118369Z /usr/bin/tar: ../../../../../usr/local/lib/android/sdk/platforms/android-35-ext14/data/res/values-mcc310-mnc560-ky: Cannot utime: Operation not permitted
build	Cache Android SDK	2026-06-06T12:22:44.6118845Z /usr/bin/tar: ../../../../../usr/local/lib/android/sdk/platforms/android-35-ext14/data/res/values-mcc310-mnc560-ky: Cannot change mode to rwxr-xr-x: Operation not permitted
build	Cache Android SDK	2026-06-06T12:22:44.6121554Z /usr/bin/tar: ../../../../../usr/local/lib/android/sdk/platforms/android-35-ext14/data/res/values-my-television: Cannot utime: Operation not permitted
build	Cache Android SDK	2026-06-06T12:22:44.6122027Z /usr/bin/tar: ../../../../../usr/local/lib/android/sdk/platforms/android-35-ext14/data/res/values-my-television: Cannot change mode to rwxr-xr-x: Operation not permitted
build	Cache Android SDK	2026-06-06T12:22:44.6124850Z /usr/bin/tar: ../../../../../usr/local/lib/android/sdk/platforms/android-35-ext14/data/res/values-mcc310-mnc160-km: Cannot utime: Operation not permitted
build	Cache Android SDK	2026-06-06T12:22:44.6125774Z /usr/bin/tar: ../../../../../usr/local/lib/android/sdk/platforms/android-35-ext14/data/res/values-mcc310-mnc160-km: Cannot change mode to rwxr-xr-x: Operation not permitted
build	Cache Android SDK	2026-06-06T12:22:44.6128164Z /usr/bin/tar: ../../../../../usr/local/lib/android/sdk/platforms/android-35-ext14/data/res/layout-port: Cannot utime: Operation not permitted
build	Cache Android SDK	2026-06-06T12:22:44.6128654Z /usr/bin/tar: ../../../../../usr/local/lib/android/sdk/platforms/android-35-ext14/data/res/layout-port: Cannot change mode to rwxr-xr-x: Operation not permitted
build	Cache Android SDK	2026-06-06T12:22:44.6131596Z /usr/bin/tar: ../../../../../usr/local/lib/android/sdk/platforms/android-35-ext14/data/res/values-mcc310-mnc030-gl: Cannot utime: Operation not permitted
build	Cache Android SDK	2026-06-06T12:22:44.6132081Z /usr/bin/tar: ../../../../../usr/local/lib/android/sdk/platforms/android-35-ext14/data/res/values-mcc310-mnc030-gl: Cannot change mode to rwxr-xr-x: Operation not permitted
build	Cache Android SDK	2026-06-06T12:22:44.6134294Z /usr/bin/tar: ../../../../../usr/local/lib/android/sdk/platforms/android-35-ext14/data/res/values-mcc310-mnc230-ar: Cannot utime: Operation not permitted
build	Cache Android SDK	2026-06-06T12:22:44.6134774Z /usr/bin/tar: ../../../../../usr/local/lib/android/sdk/platforms/android-35-ext14/data/res/values-mcc310-mnc230-ar: Cannot change mode to rwxr-xr-x: Operation not permitted
build	Cache Android SDK	2026-06-06T12:22:44.6137620Z /usr/bin/tar: ../../../../../usr/local/lib/android/sdk/platforms/android-35-ext14/data/res/values-mcc310-mnc230-kn: Cannot utime: Operation not permitted
build	Cache Android SDK	2026-06-06T12:22:44.6138097Z /usr/bin/tar: ../../../../../usr/local/lib/android/sdk/platforms/android-35-ext14/data/res/values-mcc310-mnc230-kn: Cannot change mode to rwxr-xr-x: Operation not permitted
build	Cache Android SDK	2026-06-06T12:22:44.6141181Z /usr/bin/tar: ../../../../../usr/local/lib/android/sdk/platforms/android-35-ext14/data/res/values-in-rID: Cannot utime: Operation not permitted
build	Cache Android SDK	2026-06-06T12:22:44.6141637Z /usr/bin/tar: ../../../../../usr/local/lib/android/sdk/platforms/android-35-ext14/data/res/values-in-rID: Cannot change mode to rwxr-xr-x: Operation not permitted
build	Cache Android SDK	2026-06-06T12:22:44.6144173Z /usr/bin/tar: ../../../../../usr/local/lib/android/sdk/platforms/android-35-ext14/data/res/values-mcc310-mnc210-si: Cannot utime: Operation not permitted
build	Cache Android SDK	2026-06-06T12:22:44.6145242Z /usr/bin/tar: ../../../../../usr/local/lib/android/sdk/platforms/android-35-ext14/data/res/values-mcc310-mnc210-si: Cannot change mode to rwxr-xr-x: Operation not permitted
build	Cache Android SDK	2026-06-06T12:22:44.6147338Z /usr/bin/tar: ../../../../../usr/local/lib/android/sdk/platforms/android-35-ext14/data/res/layout-large: Cannot utime: Operation not permitted
build	Cache Android SDK	2026-06-06T12:22:44.6147948Z /usr/bin/tar: ../../../../../usr/local/lib/android/sdk/platforms/android-35-ext14/data/res/layout-large: Cannot change mode to rwxr-xr-x: Operation not permitted
build	Cache Android SDK	2026-06-06T12:22:44.6150298Z /usr/bin/tar: ../../../../../usr/local/lib/android/sdk/platforms/android-35-ext14/data/res/values-mcc310-mnc150-or: Cannot utime: Operation not permitted
build	Cache Android SDK	2026-06-06T12:22:44.6150761Z /usr/bin/tar: ../../../../../usr/local/lib/android/sdk/platforms/android-35-ext14/data/res/values-mcc310-mnc150-or: Cannot change mode to rwxr-xr-x: Operation not permitted
build	Cache Android SDK	2026-06-06T12:22:44.6153398Z /usr/bin/tar: ../../../../../usr/local/lib/android/sdk/platforms/android-35-ext14/data/res/values-mcc310-mnc250-sv: Cannot utime: Operation not permitted
build	Cache Android SDK	2026-06-06T12:22:44.6153877Z /usr/bin/tar: ../../../../../usr/local/lib/android/sdk/platforms/android-35-ext14/data/res/values-mcc310-mnc250-sv: Cannot change mode to rwxr-xr-x: Operation not permitted
build	Cache Android SDK	2026-06-06T12:22:44.6156239Z /usr/bin/tar: ../../../../../usr/local/lib/android/sdk/platforms/android-35-ext14/data/res/values-mcc310-mnc270-pa: Cannot utime: Operation not permitted
build	Cache Android SDK	2026-06-06T12:22:44.6156716Z /usr/bin/tar: ../../../../../usr/local/lib/android/sdk/platforms/android-35-ext14/data/res/values-mcc310-mnc270-pa: Cannot change mode to rwxr-xr-x: Operation not permitted
build	Cache Android SDK	2026-06-06T12:22:44.6162837Z /usr/bin/tar: ../../../../../usr/local/lib/android/sdk/platforms/android-35-ext14/data/res/values-pl: Cannot utime: Operation not permitted
build	Cache Android SDK	2026-06-06T12:22:44.6163379Z /usr/bin/tar: ../../../../../usr/local/lib/android/sdk/platforms/android-35-ext14/data/res/values-pl: Cannot change mode to rwxr-xr-x: Operation not permitted
build	Cache Android SDK	2026-06-06T12:22:44.6165095Z /usr/bin/tar: ../../../../../usr/local/lib/android/sdk/platforms/android-35-ext14/data/res/values-mcc310-mnc490-ml: Cannot utime: Operation not permitted
build	Cache Android SDK	2026-06-06T12:22:44.6165578Z /usr/bin/tar: ../../../../../usr/local/lib/android/sdk/platforms/android-35-ext14/data/res/values-mcc310-mnc490-ml: Cannot change mode to rwxr-xr-x: Operation not permitted
build	Cache Android SDK	2026-06-06T12:22:44.6171484Z /usr/bin/tar: ../../../../../usr/local/lib/android/sdk/platforms/android-35-ext14/data/res/values-mcc310-mnc160-am: Cannot utime: Operation not permitted
build	Cache Android SDK	2026-06-06T12:22:44.6171985Z /usr/bin/tar: ../../../../../usr/local/lib/android/sdk/platforms/android-35-ext14/data/res/values-mcc310-mnc160-am: Cannot change mode to rwxr-xr-x: Operation not permitted
build	Cache Android SDK	2026-06-06T12:22:44.6172510Z /usr/bin/tar: ../../../../../usr/local/lib/android/sdk/platforms/android-35-ext14/data/res/values-mcc310-mnc170-es-rUS: Cannot utime: Operation not permitted
build	Cache Android SDK	2026-06-06T12:22:44.6173000Z /usr/bin/tar: ../../../../../usr/local/lib/android/sdk/platforms/android-35-ext14/data/res/values-mcc310-mnc170-es-rUS: Cannot change mode to rwxr-xr-x: Operation not permitted
build	Cache Android SDK	2026-06-06T12:22:44.6178253Z /usr/bin/tar: ../../../../../usr/local/lib/android/sdk/platforms/android-35-ext14/data/res/values-ca: Cannot utime: Operation not permitted
build	Cache Android SDK	2026-06-06T12:22:44.6178694Z /usr/bin/tar: ../../../../../usr/local/lib/android/sdk/platforms/android-35-ext14/data/res/values-ca: Cannot change mode to rwxr-xr-x: Operation not permitted
build	Cache Android SDK	2026-06-06T12:22:44.6180975Z /usr/bin/tar: ../../../../../usr/local/lib/android/sdk/platforms/android-35-ext14/data/res/values-mcc310-mnc210-am: Cannot utime: Operation not permitted
build	Cache Android SDK	2026-06-06T12:22:44.6181482Z /usr/bin/tar: ../../../../../usr/local/lib/android/sdk/platforms/android-35-ext14/data/res/values-mcc310-mnc210-am: Cannot change mode to rwxr-xr-x: Operation not permitted
build	Cache Android SDK	2026-06-06T12:22:44.6183958Z /usr/bin/tar: ../../../../../usr/local/lib/android/sdk/platforms/android-35-ext14/data/res/values-mcc310-mnc030-eu: Cannot utime: Operation not permitted
build	Cache Android SDK	2026-06-06T12:22:44.6184444Z /usr/bin/tar: ../../../../../usr/local/lib/android/sdk/platforms/android-35-ext14/data/res/values-mcc310-mnc030-eu: Cannot change mode to rwxr-xr-x: Operation not permitted
build	Cache Android SDK	2026-06-06T12:22:44.6187275Z /usr/bin/tar: ../../../../../usr/local/lib/android/sdk/platforms/android-35-ext14/data/res/values-mcc706-mnc04: Cannot utime: Operation not permitted
build	Cache Android SDK	2026-06-06T12:22:44.6187885Z /usr/bin/tar: ../../../../../usr/local/lib/android/sdk/platforms/android-35-ext14/data/res/values-mcc706-mnc04: Cannot change mode to rwxr-xr-x: Operation not permitted
build	Cache Android SDK	2026-06-06T12:22:44.6191279Z /usr/bin/tar: ../../../../../usr/local/lib/android/sdk/platforms/android-35-ext14/data/res/values-si-television: Cannot utime: Operation not permitted
build	Cache Android SDK	2026-06-06T12:22:44.6191748Z /usr/bin/tar: ../../../../../usr/local/lib/android/sdk/platforms/android-35-ext14/data/res/values-si-television: Cannot change mode to rwxr-xr-x: Operation not permitted
build	Cache Android SDK	2026-06-06T12:22:44.6194359Z /usr/bin/tar: ../../../../../usr/local/lib/android/sdk/platforms/android-35-ext14/data/res/values-mcc334-mnc020-sl: Cannot utime: Operation not permitted
build	Cache Android SDK	2026-06-06T12:22:44.6194828Z /usr/bin/tar: ../../../../../usr/local/lib/android/sdk/platforms/android-35-ext14/data/res/values-mcc334-mnc020-sl: Cannot change mode to rwxr-xr-x: Operation not permitted
build	Cache Android SDK	2026-06-06T12:22:44.6197553Z /usr/bin/tar: ../../../../../usr/local/lib/android/sdk/platforms/android-35-ext14/data/res/values-mcc310-mnc660-sv: Cannot utime: Operation not permitted
build	Cache Android SDK	2026-06-06T12:22:44.6198028Z /usr/bin/tar: ../../../../../usr/local/lib/android/sdk/platforms/android-35-ext14/data/res/values-mcc310-mnc660-sv: Cannot change mode to rwxr-xr-x: Operation not permitted
build	Cache Android SDK	2026-06-06T12:22:44.6200520Z /usr/bin/tar: ../../../../../usr/local/lib/android/sdk/platforms/android-35-ext14/data/res/values-mcc268-mnc03: Cannot utime: Operation not permitted
build	Cache Android SDK	2026-06-06T12:22:44.6201014Z /usr/bin/tar: ../../../../../usr/local/lib/android/sdk/platforms/android-35-ext14/data/res/values-mcc268-mnc03: Cannot change mode to rwxr-xr-x: Operation not permitted
build	Cache Android SDK	2026-06-06T12:22:44.6203689Z /usr/bin/tar: ../../../../../usr/local/lib/android/sdk/platforms/android-35-ext14/data/res/values-mcc310-mnc950-zh-rTW: Cannot utime: Operation not permitted
build	Cache Android SDK	2026-06-06T12:22:44.6204175Z /usr/bin/tar: ../../../../../usr/local/lib/android/sdk/platforms/android-35-ext14/data/res/values-mcc310-mnc950-zh-rTW: Cannot change mode to rwxr-xr-x: Operation not permitted
build	Cache Android SDK	2026-06-06T12:22:44.6206777Z /usr/bin/tar: ../../../../../usr/local/lib/android/sdk/platforms/android-35-ext14/data/res/values-mcc313-mnc100-sq: Cannot utime: Operation not permitted
build	Cache Android SDK	2026-06-06T12:22:44.6207254Z /usr/bin/tar: ../../../../../usr/local/lib/android/sdk/platforms/android-35-ext14/data/res/values-mcc313-mnc100-sq: Cannot change mode to rwxr-xr-x: Operation not permitted
build	Cache Android SDK	2026-06-06T12:22:44.6209705Z /usr/bin/tar: ../../../../../usr/local/lib/android/sdk/platforms/android-35-ext14/data/res/values-mcc334-mnc020-fr-feminine: Cannot utime: Operation not permitted
build	Cache Android SDK	2026-06-06T12:22:44.6210364Z /usr/bin/tar: ../../../../../usr/local/lib/android/sdk/platforms/android-35-ext14/data/res/values-mcc334-mnc020-fr-feminine: Cannot change mode to rwxr-xr-x: Operation not permitted
build	Cache Android SDK	2026-06-06T12:22:44.6212465Z /usr/bin/tar: ../../../../../usr/local/lib/android/sdk/platforms/android-35-ext14/data/res/values-mcc310-mnc280-tr: Cannot utime: Operation not permitted
build	Cache Android SDK	2026-06-06T12:22:44.6212982Z /usr/bin/tar: ../../../../../usr/local/lib/android/sdk/platforms/android-35-ext14/data/res/values-mcc310-mnc280-tr: Cannot change mode to rwxr-xr-x: Operation not permitted
build	Cache Android SDK	2026-06-06T12:22:44.6215537Z /usr/bin/tar: ../../../../../usr/local/lib/android/sdk/platforms/android-35-ext14/data/res/values-mcc302-mnc370-fi: Cannot utime: Operation not permitted
build	Cache Android SDK	2026-06-06T12:22:44.6215999Z /usr/bin/tar: ../../../../../usr/local/lib/android/sdk/platforms/android-35-ext14/data/res/values-mcc302-mnc370-fi: Cannot change mode to rwxr-xr-x: Operation not permitted
build	Cache Android SDK	2026-06-06T12:22:44.6218381Z /usr/bin/tar: ../../../../../usr/local/lib/android/sdk/platforms/android-35-ext14/data/res/values-mcc310-mnc230-hi: Cannot utime: Operation not permitted
build	Cache Android SDK	2026-06-06T12:22:44.6218869Z /usr/bin/tar: ../../../../../usr/local/lib/android/sdk/platforms/android-35-ext14/data/res/values-mcc310-mnc230-hi: Cannot change mode to rwxr-xr-x: Operation not permitted
build	Cache Android SDK	2026-06-06T12:22:44.6224091Z /usr/bin/tar: ../../../../../usr/local/lib/android/sdk/platforms/android-35-ext14/data/res/values-az: Cannot utime: Operation not permitted
build	Cache Android SDK	2026-06-06T12:22:44.6224554Z /usr/bin/tar: ../../../../../usr/local/lib/android/sdk/platforms/android-35-ext14/data/res/values-az: Cannot change mode to rwxr-xr-x: Operation not permitted
build	Cache Android SDK	2026-06-06T12:22:44.6227636Z /usr/bin/tar: ../../../../../usr/local/lib/android/sdk/platforms/android-35-ext14/data/res/values-mcc310-mnc160-sr: Cannot utime: Operation not permitted
build	Cache Android SDK	2026-06-06T12:22:44.6228337Z /usr/bin/tar: ../../../../../usr/local/lib/android/sdk/platforms/android-35-ext14/data/res/values-mcc310-mnc160-sr: Cannot change mode to rwxr-xr-x: Operation not permitted
build	Cache Android SDK	2026-06-06T12:22:44.6230272Z /usr/bin/tar: ../../../../../usr/local/lib/android/sdk/platforms/android-35-ext14/data/res/values-mcc310-mnc250-vi: Cannot utime: Operation not permitted
build	Cache Android SDK	2026-06-06T12:22:44.6230761Z /usr/bin/tar: ../../../../../usr/local/lib/android/sdk/platforms/android-35-ext14/data/res/values-mcc310-mnc250-vi: Cannot change mode to rwxr-xr-x: Operation not permitted
build	Cache Android SDK	2026-06-06T12:22:44.6233602Z /usr/bin/tar: ../../../../../usr/local/lib/android/sdk/platforms/android-35-ext14/data/res/values-mcc302-mnc720-zu: Cannot utime: Operation not permitted
build	Cache Android SDK	2026-06-06T12:22:44.6234082Z /usr/bin/tar: ../../../../../usr/local/lib/android/sdk/platforms/android-35-ext14/data/res/values-mcc302-mnc720-zu: Cannot change mode to rwxr-xr-x: Operation not permitted
build	Cache Android SDK	2026-06-06T12:22:44.6238042Z /usr/bin/tar: ../../../../../usr/local/lib/android/sdk/platforms/android-35-ext14/data/res/values-lt-television: Cannot utime: Operation not permitted
build	Cache Android SDK	2026-06-06T12:22:44.6238522Z /usr/bin/tar: ../../../../../usr/local/lib/android/sdk/platforms/android-35-ext14/data/res/values-lt-television: Cannot change mode to rwxr-xr-x: Operation not permitted
build	Cache Android SDK	2026-06-06T12:22:44.6240700Z /usr/bin/tar: ../../../../../usr/local/lib/android/sdk/platforms/android-35-ext14/data/res/values-mcc313-mnc100-pt: Cannot utime: Operation not permitted
build	Cache Android SDK	2026-06-06T12:22:44.6241195Z /usr/bin/tar: ../../../../../usr/local/lib/android/sdk/platforms/android-35-ext14/data/res/values-mcc313-mnc100-pt: Cannot change mode to rwxr-xr-x: Operation not permitted
build	Cache Android SDK	2026-06-06T12:22:44.6244387Z /usr/bin/tar: ../../../../../usr/local/lib/android/sdk/platforms/android-35-ext14/data/res/values-mcc310-mnc660-km: Cannot utime: Operation not permitted
build	Cache Android SDK	2026-06-06T12:22:44.6244858Z /usr/bin/tar: ../../../../../usr/local/lib/android/sdk/platforms/android-35-ext14/data/res/values-mcc310-mnc660-km: Cannot change mode to rwxr-xr-x: Operation not permitted
build	Cache Android SDK	2026-06-06T12:22:44.6247284Z /usr/bin/tar: ../../../../../usr/local/lib/android/sdk/platforms/android-35-ext14/data/res/values-en-rXC-watch: Cannot utime: Operation not permitted
build	Cache Android SDK	2026-06-06T12:22:44.6248137Z /usr/bin/tar: ../../../../../usr/local/lib/android/sdk/platforms/android-35-ext14/data/res/values-en-rXC-watch: Cannot change mode to rwxr-xr-x: Operation not permitted
build	Cache Android SDK	2026-06-06T12:22:44.6250471Z /usr/bin/tar: ../../../../../usr/local/lib/android/sdk/platforms/android-35-ext14/data/res/values-mcc310-mnc310-pa: Cannot utime: Operation not permitted
build	Cache Android SDK	2026-06-06T12:22:44.6250951Z /usr/bin/tar: ../../../../../usr/local/lib/android/sdk/platforms/android-35-ext14/data/res/values-mcc310-mnc310-pa: Cannot change mode to rwxr-xr-x: Operation not permitted
build	Cache Android SDK	2026-06-06T12:22:44.6253593Z /usr/bin/tar: ../../../../../usr/local/lib/android/sdk/platforms/android-35-ext14/data/res/values-mcc312-mnc670-hy: Cannot utime: Operation not permitted
build	Cache Android SDK	2026-06-06T12:22:44.6254273Z /usr/bin/tar: ../../../../../usr/local/lib/android/sdk/platforms/android-35-ext14/data/res/values-mcc312-mnc670-hy: Cannot change mode to rwxr-xr-x: Operation not permitted
build	Cache Android SDK	2026-06-06T12:22:44.6256812Z /usr/bin/tar: ../../../../../usr/local/lib/android/sdk/platforms/android-35-ext14/data/res/values-mcc310-mnc220-ms: Cannot utime: Operation not permitted
build	Cache Android SDK	2026-06-06T12:22:44.6257528Z /usr/bin/tar: ../../../../../usr/local/lib/android/sdk/platforms/android-35-ext14/data/res/values-mcc310-mnc220-ms: Cannot change mode to rwxr-xr-x: Operation not permitted
build	Cache Android SDK	2026-06-06T12:22:44.6274402Z /usr/bin/tar: ../../../../../usr/local/lib/android/sdk/platforms/android-35-ext14/data/res/values-mcc302-mnc370-ko: Cannot utime: Operation not permitted
build	Cache Android SDK	2026-06-06T12:22:44.6274980Z /usr/bin/tar: ../../../../../usr/local/lib/android/sdk/platforms/android-35-ext14/data/res/values-mcc302-mnc370-ko: Cannot change mode to rwxr-xr-x: Operation not permitted
build	Cache Android SDK	2026-06-06T12:22:44.6277229Z /usr/bin/tar: ../../../../../usr/local/lib/android/sdk/platforms/android-35-ext14/data/res/values-mcc302-mnc720-my: Cannot utime: Operation not permitted
build	Cache Android SDK	2026-06-06T12:22:44.6277903Z /usr/bin/tar: ../../../../../usr/local/lib/android/sdk/platforms/android-35-ext14/data/res/values-mcc302-mnc720-my: Cannot change mode to rwxr-xr-x: Operation not permitted
build	Cache Android SDK	2026-06-06T12:22:44.6284961Z /usr/bin/tar: ../../../../../usr/local/lib/android/sdk/platforms/android-35-ext14/data/res/values-gu: Cannot utime: Operation not permitted
build	Cache Android SDK	2026-06-06T12:22:44.6285435Z /usr/bin/tar: ../../../../../usr/local/lib/android/sdk/platforms/android-35-ext14/data/res/values-gu: Cannot change mode to rwxr-xr-x: Operation not permitted
build	Cache Android SDK	2026-06-06T12:22:44.6287891Z /usr/bin/tar: ../../../../../usr/local/lib/android/sdk/platforms/android-35-ext14/data/res/values-mcc310-mnc270-in: Cannot utime: Operation not permitted
build	Cache Android SDK	2026-06-06T12:22:44.6288382Z /usr/bin/tar: ../../../../../usr/local/lib/android/sdk/platforms/android-35-ext14/data/res/values-mcc310-mnc270-in: Cannot change mode to rwxr-xr-x: Operation not permitted
build	Cache Android SDK	2026-06-06T12:22:44.6294018Z /usr/bin/tar: ../../../../../usr/local/lib/android/sdk/platforms/android-35-ext14/data/res/values-pa-watch: Cannot utime: Operation not permitted
build	Cache Android SDK	2026-06-06T12:22:44.6294503Z /usr/bin/tar: ../../../../../usr/local/lib/android/sdk/platforms/android-35-ext14/data/res/values-pa-watch: Cannot change mode to rwxr-xr-x: Operation not permitted
build	Cache Android SDK	2026-06-06T12:22:44.6294920Z /usr/bin/tar: ../../../../../usr/local/lib/android/sdk/platforms/android-35-ext14/data/res/values-mcc310-mnc170-ca: Cannot utime: Operation not permitted
build	Cache Android SDK	2026-06-06T12:22:44.6295395Z /usr/bin/tar: ../../../../../usr/local/lib/android/sdk/platforms/android-35-ext14/data/res/values-mcc310-mnc170-ca: Cannot change mode to rwxr-xr-x: Operation not permitted
build	Cache Android SDK	2026-06-06T12:22:44.6297739Z /usr/bin/tar: ../../../../../usr/local/lib/android/sdk/platforms/android-35-ext14/data/res/values-mcc310-mnc280-el: Cannot utime: Operation not permitted
build	Cache Android SDK	2026-06-06T12:22:44.6298263Z /usr/bin/tar: ../../../../../usr/local/lib/android/sdk/platforms/android-35-ext14/data/res/values-mcc310-mnc280-el: Cannot change mode to rwxr-xr-x: Operation not permitted
build	Cache Android SDK	2026-06-06T12:22:44.6300484Z /usr/bin/tar: ../../../../../usr/local/lib/android/sdk/platforms/android-35-ext14/data/res/values-mcc310-mnc310-km: Cannot utime: Operation not permitted
build	Cache Android SDK	2026-06-06T12:22:44.6300970Z /usr/bin/tar: ../../../../../usr/local/lib/android/sdk/platforms/android-35-ext14/data/res/values-mcc310-mnc310-km: Cannot change mode to rwxr-xr-x: Operation not permitted
build	Cache Android SDK	2026-06-06T12:22:44.6303676Z /usr/bin/tar: ../../../../../usr/local/lib/android/sdk/platforms/android-35-ext14/data/res/values-mcc302-mnc720-lt: Cannot utime: Operation not permitted
build	Cache Android SDK	2026-06-06T12:22:44.6304166Z /usr/bin/tar: ../../../../../usr/local/lib/android/sdk/platforms/android-35-ext14/data/res/values-mcc302-mnc720-lt: Cannot change mode to rwxr-xr-x: Operation not permitted
build	Cache Android SDK	2026-06-06T12:22:44.6306795Z /usr/bin/tar: ../../../../../usr/local/lib/android/sdk/platforms/android-35-ext14/data/res/values-mcc310-mnc230-en-rGB: Cannot utime: Operation not permitted
build	Cache Android SDK	2026-06-06T12:22:44.6307592Z /usr/bin/tar: ../../../../../usr/local/lib/android/sdk/platforms/android-35-ext14/data/res/values-mcc310-mnc230-en-rGB: Cannot change mode to rwxr-xr-x: Operation not permitted
build	Cache Android SDK	2026-06-06T12:22:44.6310224Z /usr/bin/tar: ../../../../../usr/local/lib/android/sdk/platforms/android-35-ext14/data/res/values-mcc310-mnc150-sv: Cannot utime: Operation not permitted
build	Cache Android SDK	2026-06-06T12:22:44.6310700Z /usr/bin/tar: ../../../../../usr/local/lib/android/sdk/platforms/android-35-ext14/data/res/values-mcc310-mnc150-sv: Cannot change mode to rwxr-xr-x: Operation not permitted
build	Cache Android SDK	2026-06-06T12:22:44.6313782Z /usr/bin/tar: ../../../../../usr/local/lib/android/sdk/platforms/android-35-ext14/data/res/mipmap-xhdpi: Cannot utime: Operation not permitted
build	Cache Android SDK	2026-06-06T12:22:44.6314232Z /usr/bin/tar: ../../../../../usr/local/lib/android/sdk/platforms/android-35-ext14/data/res/mipmap-xhdpi: Cannot change mode to rwxr-xr-x: Operation not permitted
build	Cache Android SDK	2026-06-06T12:22:44.6316464Z /usr/bin/tar: ../../../../../usr/local/lib/android/sdk/platforms/android-35-ext14/data/res/values-mcc310-mnc310-in: Cannot utime: Operation not permitted
build	Cache Android SDK	2026-06-06T12:22:44.6316950Z /usr/bin/tar: ../../../../../usr/local/lib/android/sdk/platforms/android-35-ext14/data/res/values-mcc310-mnc310-in: Cannot change mode to rwxr-xr-x: Operation not permitted
build	Cache Android SDK	2026-06-06T12:22:44.6319786Z /usr/bin/tar: ../../../../../usr/local/lib/android/sdk/platforms/android-35-ext14/data/res/values-mcc310-mnc950-pt-rBR: Cannot utime: Operation not permitted
build	Cache Android SDK	2026-06-06T12:22:44.6320275Z /usr/bin/tar: ../../../../../usr/local/lib/android/sdk/platforms/android-35-ext14/data/res/values-mcc310-mnc950-pt-rBR: Cannot change mode to rwxr-xr-x: Operation not permitted
build	Cache Android SDK	2026-06-06T12:22:44.6322861Z /usr/bin/tar: ../../../../../usr/local/lib/android/sdk/platforms/android-35-ext14/data/res/values-mn-television: Cannot utime: Operation not permitted
build	Cache Android SDK	2026-06-06T12:22:44.6323341Z /usr/bin/tar: ../../../../../usr/local/lib/android/sdk/platforms/android-35-ext14/data/res/values-mn-television: Cannot change mode to rwxr-xr-x: Operation not permitted
build	Cache Android SDK	2026-06-06T12:22:44.6329426Z /usr/bin/tar: ../../../../../usr/local/lib/android/sdk/platforms/android-35-ext14/data/res/values-it: Cannot utime: Operation not permitted
build	Cache Android SDK	2026-06-06T12:22:44.6329868Z /usr/bin/tar: ../../../../../usr/local/lib/android/sdk/platforms/android-35-ext14/data/res/values-it: Cannot change mode to rwxr-xr-x: Operation not permitted
build	Cache Android SDK	2026-06-06T12:22:44.6332616Z /usr/bin/tar: ../../../../../usr/local/lib/android/sdk/platforms/android-35-ext14/data/res/values-mcc310-mnc200-km: Cannot utime: Operation not permitted
build	Cache Android SDK	2026-06-06T12:22:44.6333219Z /usr/bin/tar: ../../../../../usr/local/lib/android/sdk/platforms/android-35-ext14/data/res/values-mcc310-mnc200-km: Cannot change mode to rwxr-xr-x: Operation not permitted
build	Cache Android SDK	2026-06-06T12:22:44.6335690Z /usr/bin/tar: ../../../../../usr/local/lib/android/sdk/platforms/android-35-ext14/data/res/values-mcc311-mnc180-af: Cannot utime: Operation not permitted
build	Cache Android SDK	2026-06-06T12:22:44.6336178Z /usr/bin/tar: ../../../../../usr/local/lib/android/sdk/platforms/android-35-ext14/data/res/values-mcc311-mnc180-af: Cannot change mode to rwxr-xr-x: Operation not permitted
build	Cache Android SDK	2026-06-06T12:22:44.6338563Z /usr/bin/tar: ../../../../../usr/local/lib/android/sdk/platforms/android-35-ext14/data/res/values-mcc310-mnc210: Cannot utime: Operation not permitted
build	Cache Android SDK	2026-06-06T12:22:44.6339030Z /usr/bin/tar: ../../../../../usr/local/lib/android/sdk/platforms/android-35-ext14/data/res/values-mcc310-mnc210: Cannot change mode to rwxr-xr-x: Operation not permitted
build	Cache Android SDK	2026-06-06T12:22:44.6341568Z /usr/bin/tar: ../../../../../usr/local/lib/android/sdk/platforms/android-35-ext14/data/res/values-mcc310-mnc030-hu: Cannot utime: Operation not permitted
build	Cache Android SDK	2026-06-06T12:22:44.6342044Z /usr/bin/tar: ../../../../../usr/local/lib/android/sdk/platforms/android-35-ext14/data/res/values-mcc310-mnc030-hu: Cannot change mode to rwxr-xr-x: Operation not permitted
build	Cache Android SDK	2026-06-06T12:22:44.6349197Z /usr/bin/tar: ../../../../../usr/local/lib/android/sdk/platforms/android-35-ext14/data/res/values-tl: Cannot utime: Operation not permitted
build	Cache Android SDK	2026-06-06T12:22:44.6349633Z /usr/bin/tar: ../../../../../usr/local/lib/android/sdk/platforms/android-35-ext14/data/res/values-tl: Cannot change mode to rwxr-xr-x: Operation not permitted
build	Cache Android SDK	2026-06-06T12:22:44.6352207Z /usr/bin/tar: ../../../../../usr/local/lib/android/sdk/platforms/android-35-ext14/data/res/values-fr-watch: Cannot utime: Operation not permitted
build	Cache Android SDK	2026-06-06T12:22:44.6352663Z /usr/bin/tar: ../../../../../usr/local/lib/android/sdk/platforms/android-35-ext14/data/res/values-fr-watch: Cannot change mode to rwxr-xr-x: Operation not permitted
build	Cache Android SDK	2026-06-06T12:22:44.6355315Z /usr/bin/tar: ../../../../../usr/local/lib/android/sdk/platforms/android-35-ext14/data/res/values-mcc310-mnc030-en-rGB: Cannot utime: Operation not permitted
build	Cache Android SDK	2026-06-06T12:22:44.6355804Z /usr/bin/tar: ../../../../../usr/local/lib/android/sdk/platforms/android-35-ext14/data/res/values-mcc310-mnc030-en-rGB: Cannot change mode to rwxr-xr-x: Operation not permitted
build	Cache Android SDK	2026-06-06T12:22:44.6358587Z /usr/bin/tar: ../../../../../usr/local/lib/android/sdk/platforms/android-35-ext14/data/res/values-mcc302-mnc720-mk: Cannot utime: Operation not permitted
build	Cache Android SDK	2026-06-06T12:22:44.6359066Z /usr/bin/tar: ../../../../../usr/local/lib/android/sdk/platforms/android-35-ext14/data/res/values-mcc302-mnc720-mk: Cannot change mode to rwxr-xr-x: Operation not permitted
build	Cache Android SDK	2026-06-06T12:22:44.6362125Z /usr/bin/tar: ../../../../../usr/local/lib/android/sdk/platforms/android-35-ext14/data/res/values-mcc310-mnc800-hu: Cannot utime: Operation not permitted
build	Cache Android SDK	2026-06-06T12:22:44.6362605Z /usr/bin/tar: ../../../../../usr/local/lib/android/sdk/platforms/android-35-ext14/data/res/values-mcc310-mnc800-hu: Cannot change mode to rwxr-xr-x: Operation not permitted
build	Cache Android SDK	2026-06-06T12:22:44.6365428Z /usr/bin/tar: ../../../../../usr/local/lib/android/sdk/platforms/android-35-ext14/data/res/values-mcc310-mnc250-hi: Cannot utime: Operation not permitted
build	Cache Android SDK	2026-06-06T12:22:44.6365911Z /usr/bin/tar: ../../../../../usr/local/lib/android/sdk/platforms/android-35-ext14/data/res/values-mcc310-mnc250-hi: Cannot change mode to rwxr-xr-x: Operation not permitted
build	Cache Android SDK	2026-06-06T12:22:44.6368499Z /usr/bin/tar: ../../../../../usr/local/lib/android/sdk/platforms/android-35-ext14/data/res/values-mcc310-mnc160-my: Cannot utime: Operation not permitted
build	Cache Android SDK	2026-06-06T12:22:44.6368968Z /usr/bin/tar: ../../../../../usr/local/lib/android/sdk/platforms/android-35-ext14/data/res/values-mcc310-mnc160-my: Cannot change mode to rwxr-xr-x: Operation not permitted
build	Cache Android SDK	2026-06-06T12:22:44.6371471Z /usr/bin/tar: ../../../../../usr/local/lib/android/sdk/platforms/android-35-ext14/data/res/values-mcc310-mnc410-mn: Cannot utime: Operation not permitted
build	Cache Android SDK	2026-06-06T12:22:44.6371945Z /usr/bin/tar: ../../../../../usr/local/lib/android/sdk/platforms/android-35-ext14/data/res/values-mcc310-mnc410-mn: Cannot change mode to rwxr-xr-x: Operation not permitted
build	Cache Android SDK	2026-06-06T12:22:44.6374662Z /usr/bin/tar: ../../../../../usr/local/lib/android/sdk/platforms/android-35-ext14/data/res/values-mcc310-mnc380-ur: Cannot utime: Operation not permitted
build	Cache Android SDK	2026-06-06T12:22:44.6375261Z /usr/bin/tar: ../../../../../usr/local/lib/android/sdk/platforms/android-35-ext14/data/res/values-mcc310-mnc380-ur: Cannot change mode to rwxr-xr-x: Operation not permitted
build	Cache Android SDK	2026-06-06T12:22:44.6377657Z /usr/bin/tar: ../../../../../usr/local/lib/android/sdk/platforms/android-35-ext14/data/res/values-mcc310-mnc150-ja: Cannot utime: Operation not permitted
build	Cache Android SDK	2026-06-06T12:22:44.6378130Z /usr/bin/tar: ../../../../../usr/local/lib/android/sdk/platforms/android-35-ext14/data/res/values-mcc310-mnc150-ja: Cannot change mode to rwxr-xr-x: Operation not permitted
build	Cache Android SDK	2026-06-06T12:22:44.6380550Z /usr/bin/tar: ../../../../../usr/local/lib/android/sdk/platforms/android-35-ext14/data/res/values-mcc310-mnc030-nl: Cannot utime: Operation not permitted
build	Cache Android SDK	2026-06-06T12:22:44.6381014Z /usr/bin/tar: ../../../../../usr/local/lib/android/sdk/platforms/android-35-ext14/data/res/values-mcc310-mnc030-nl: Cannot change mode to rwxr-xr-x: Operation not permitted
build	Cache Android SDK	2026-06-06T12:22:44.6383762Z /usr/bin/tar: ../../../../../usr/local/lib/android/sdk/platforms/android-35-ext14/data/res/values-mcc334-mnc020-ur: Cannot utime: Operation not permitted
build	Cache Android SDK	2026-06-06T12:22:44.6384245Z /usr/bin/tar: ../../../../../usr/local/lib/android/sdk/platforms/android-35-ext14/data/res/values-mcc334-mnc020-ur: Cannot change mode to rwxr-xr-x: Operation not permitted
build	Cache Android SDK	2026-06-06T12:22:44.6386865Z /usr/bin/tar: ../../../../../usr/local/lib/android/sdk/platforms/android-35-ext14/data/res/values-mcc001-mnc01-ky: Cannot utime: Operation not permitted
build	Cache Android SDK	2026-06-06T12:22:44.6387336Z /usr/bin/tar: ../../../../../usr/local/lib/android/sdk/platforms/android-35-ext14/data/res/values-mcc001-mnc01-ky: Cannot change mode to rwxr-xr-x: Operation not permitted
build	Cache Android SDK	2026-06-06T12:22:44.6391004Z /usr/bin/tar: ../../../../../usr/local/lib/android/sdk/platforms/android-35-ext14/data/res/values-mcc310-mnc250-it: Cannot utime: Operation not permitted
build	Cache Android SDK	2026-06-06T12:22:44.6391960Z /usr/bin/tar: ../../../../../usr/local/lib/android/sdk/platforms/android-35-ext14/data/res/values-mcc310-mnc250-it: Cannot change mode to rwxr-xr-x: Operation not permitted
build	Cache Android SDK	2026-06-06T12:22:44.6393766Z /usr/bin/tar: ../../../../../usr/local/lib/android/sdk/platforms/android-35-ext14/data/res/values-mcc310-mnc800-en-rAU: Cannot utime: Operation not permitted
build	Cache Android SDK	2026-06-06T12:22:44.6394263Z /usr/bin/tar: ../../../../../usr/local/lib/android/sdk/platforms/android-35-ext14/data/res/values-mcc310-mnc800-en-rAU: Cannot change mode to rwxr-xr-x: Operation not permitted
build	Cache Android SDK	2026-06-06T12:22:44.6396634Z /usr/bin/tar: ../../../../../usr/local/lib/android/sdk/platforms/android-35-ext14/data/res/values-mcc001: Cannot utime: Operation not permitted
build	Cache Android SDK	2026-06-06T12:22:44.6397108Z /usr/bin/tar: ../../../../../usr/local/lib/android/sdk/platforms/android-35-ext14/data/res/values-mcc001: Cannot change mode to rwxr-xr-x: Operation not permitted
build	Cache Android SDK	2026-06-06T12:22:44.6399516Z /usr/bin/tar: ../../../../../usr/local/lib/android/sdk/platforms/android-35-ext14/data/res/values-mcc310-mnc270-bg: Cannot utime: Operation not permitted
build	Cache Android SDK	2026-06-06T12:22:44.6399996Z /usr/bin/tar: ../../../../../usr/local/lib/android/sdk/platforms/android-35-ext14/data/res/values-mcc310-mnc270-bg: Cannot change mode to rwxr-xr-x: Operation not permitted
build	Cache Android SDK	2026-06-06T12:22:44.6402621Z /usr/bin/tar: ../../../../../usr/local/lib/android/sdk/platforms/android-35-ext14/data/res/values-xlarge-land: Cannot utime: Operation not permitted
build	Cache Android SDK	2026-06-06T12:22:44.6403095Z /usr/bin/tar: ../../../../../usr/local/lib/android/sdk/platforms/android-35-ext14/data/res/values-xlarge-land: Cannot change mode to rwxr-xr-x: Operation not permitted
build	Cache Android SDK	2026-06-06T12:22:44.6405549Z /usr/bin/tar: ../../../../../usr/local/lib/android/sdk/platforms/android-35-ext14/data/res/values-uk-watch: Cannot utime: Operation not permitted
build	Cache Android SDK	2026-06-06T12:22:44.6406008Z /usr/bin/tar: ../../../../../usr/local/lib/android/sdk/platforms/android-35-ext14/data/res/values-uk-watch: Cannot change mode to rwxr-xr-x: Operation not permitted
build	Cache Android SDK	2026-06-06T12:22:44.6408083Z /usr/bin/tar: ../../../../../usr/local/lib/android/sdk/platforms/android-35-ext14/data/res/values-mcc302-mnc720-sk: Cannot utime: Operation not permitted
build	Cache Android SDK	2026-06-06T12:22:44.6408798Z /usr/bin/tar: ../../../../../usr/local/lib/android/sdk/platforms/android-35-ext14/data/res/values-mcc302-mnc720-sk: Cannot change mode to rwxr-xr-x: Operation not permitted
build	Cache Android SDK	2026-06-06T12:22:44.6411618Z /usr/bin/tar: ../../../../../usr/local/lib/android/sdk/platforms/android-35-ext14/data/res/values-mcc310-mnc200-zh-rTW: Cannot utime: Operation not permitted
build	Cache Android SDK	2026-06-06T12:22:44.6412123Z /usr/bin/tar: ../../../../../usr/local/lib/android/sdk/platforms/android-35-ext14/data/res/values-mcc310-mnc200-zh-rTW: Cannot change mode to rwxr-xr-x: Operation not permitted
build	Cache Android SDK	2026-06-06T12:22:44.6414320Z /usr/bin/tar: ../../../../../usr/local/lib/android/sdk/platforms/android-35-ext14/data/res/values-mcc310-mnc410-si: Cannot utime: Operation not permitted
build	Cache Android SDK	2026-06-06T12:22:44.6414924Z /usr/bin/tar: ../../../../../usr/local/lib/android/sdk/platforms/android-35-ext14/data/res/values-mcc310-mnc410-si: Cannot change mode to rwxr-xr-x: Operation not permitted
build	Cache Android SDK	2026-06-06T12:22:44.6417509Z /usr/bin/tar: ../../../../../usr/local/lib/android/sdk/platforms/android-35-ext14/data/res/values-mcc310-mnc270-hu: Cannot utime: Operation not permitted
build	Cache Android SDK	2026-06-06T12:22:44.6418002Z /usr/bin/tar: ../../../../../usr/local/lib/android/sdk/platforms/android-35-ext14/data/res/values-mcc310-mnc270-hu: Cannot change mode to rwxr-xr-x: Operation not permitted
build	Cache Android SDK	2026-06-06T12:22:44.6420626Z /usr/bin/tar: ../../../../../usr/local/lib/android/sdk/platforms/android-35-ext14/data/res/values-mcc310-mnc800-pa: Cannot utime: Operation not permitted
build	Cache Android SDK	2026-06-06T12:22:44.6421093Z /usr/bin/tar: ../../../../../usr/local/lib/android/sdk/platforms/android-35-ext14/data/res/values-mcc310-mnc800-pa: Cannot change mode to rwxr-xr-x: Operation not permitted
build	Cache Android SDK	2026-06-06T12:22:44.6427235Z /usr/bin/tar: ../../../../../usr/local/lib/android/sdk/platforms/android-35-ext14/data/res/values-mn: Cannot utime: Operation not permitted
build	Cache Android SDK	2026-06-06T12:22:44.6427890Z /usr/bin/tar: ../../../../../usr/local/lib/android/sdk/platforms/android-35-ext14/data/res/values-mn: Cannot change mode to rwxr-xr-x: Operation not permitted
build	Cache Android SDK	2026-06-06T12:22:44.6430679Z /usr/bin/tar: ../../../../../usr/local/lib/android/sdk/platforms/android-35-ext14/data/res/values-lv-rLV: Cannot utime: Operation not permitted
build	Cache Android SDK	2026-06-06T12:22:44.6431123Z /usr/bin/tar: ../../../../../usr/local/lib/android/sdk/platforms/android-35-ext14/data/res/values-lv-rLV: Cannot change mode to rwxr-xr-x: Operation not permitted
build	Cache Android SDK	2026-06-06T12:22:44.6433247Z /usr/bin/tar: ../../../../../usr/local/lib/android/sdk/platforms/android-35-ext14/data/res/values-mcc313-mnc100-lt: Cannot utime: Operation not permitted
build	Cache Android SDK	2026-06-06T12:22:44.6433750Z /usr/bin/tar: ../../../../../usr/local/lib/android/sdk/platforms/android-35-ext14/data/res/values-mcc313-mnc100-lt: Cannot change mode to rwxr-xr-x: Operation not permitted
build	Cache Android SDK	2026-06-06T12:22:44.6435837Z /usr/bin/tar: ../../../../../usr/local/lib/android/sdk/platforms/android-35-ext14/data/res/raw-it: Cannot utime: Operation not permitted
build	Cache Android SDK	2026-06-06T12:22:44.6436267Z /usr/bin/tar: ../../../../../usr/local/lib/android/sdk/platforms/android-35-ext14/data/res/raw-it: Cannot change mode to rwxr-xr-x: Operation not permitted
build	Cache Android SDK	2026-06-06T12:22:44.6439460Z /usr/bin/tar: ../../../../../usr/local/lib/android/sdk/platforms/android-35-ext14/data/res/values-mcc312-mnc670-my: Cannot utime: Operation not permitted
build	Cache Android SDK	2026-06-06T12:22:44.6439930Z /usr/bin/tar: ../../../../../usr/local/lib/android/sdk/platforms/android-35-ext14/data/res/values-mcc312-mnc670-my: Cannot change mode to rwxr-xr-x: Operation not permitted
build	Cache Android SDK	2026-06-06T12:22:44.6442358Z /usr/bin/tar: ../../../../../usr/local/lib/android/sdk/platforms/android-35-ext14/data/res/values-sr-watch: Cannot utime: Operation not permitted
build	Cache Android SDK	2026-06-06T12:22:44.6442817Z /usr/bin/tar: ../../../../../usr/local/lib/android/sdk/platforms/android-35-ext14/data/res/values-sr-watch: Cannot change mode to rwxr-xr-x: Operation not permitted
build	Cache Android SDK	2026-06-06T12:22:44.6445543Z /usr/bin/tar: ../../../../../usr/local/lib/android/sdk/platforms/android-35-ext14/data/res/values-mcc310-mnc660-lv: Cannot utime: Operation not permitted
build	Cache Android SDK	2026-06-06T12:22:44.6446139Z /usr/bin/tar: ../../../../../usr/local/lib/android/sdk/platforms/android-35-ext14/data/res/values-mcc310-mnc660-lv: Cannot change mode to rwxr-xr-x: Operation not permitted
build	Cache Android SDK	2026-06-06T12:22:44.6448601Z /usr/bin/tar: ../../../../../usr/local/lib/android/sdk/platforms/android-35-ext14/data/res/values-mcc001-mnc01-en-rAU: Cannot utime: Operation not permitted
build	Cache Android SDK	2026-06-06T12:22:44.6449094Z /usr/bin/tar: ../../../../../usr/local/lib/android/sdk/platforms/android-35-ext14/data/res/values-mcc001-mnc01-en-rAU: Cannot change mode to rwxr-xr-x: Operation not permitted
build	Cache Android SDK	2026-06-06T12:22:44.6451790Z /usr/bin/tar: ../../../../../usr/local/lib/android/sdk/platforms/android-35-ext14/data/res/values-mcc310-mnc660-mn: Cannot utime: Operation not permitted
build	Cache Android SDK	2026-06-06T12:22:44.6452401Z /usr/bin/tar: ../../../../../usr/local/lib/android/sdk/platforms/android-35-ext14/data/res/values-mcc310-mnc660-mn: Cannot change mode to rwxr-xr-x: Operation not permitted
build	Cache Android SDK	2026-06-06T12:22:44.6454752Z /usr/bin/tar: ../../../../../usr/local/lib/android/sdk/platforms/android-35-ext14/data/res/values-mcc313-mnc100-pt-rPT: Cannot utime: Operation not permitted
build	Cache Android SDK	2026-06-06T12:22:44.6455253Z /usr/bin/tar: ../../../../../usr/local/lib/android/sdk/platforms/android-35-ext14/data/res/values-mcc313-mnc100-pt-rPT: Cannot change mode to rwxr-xr-x: Operation not permitted
build	Cache Android SDK	2026-06-06T12:22:44.6458171Z /usr/bin/tar: ../../../../../usr/local/lib/android/sdk/platforms/android-35-ext14/data/res/values-mcc302-mnc720-et: Cannot utime: Operation not permitted
build	Cache Android SDK	2026-06-06T12:22:44.6458645Z /usr/bin/tar: ../../../../../usr/local/lib/android/sdk/platforms/android-35-ext14/data/res/values-mcc302-mnc720-et: Cannot change mode to rwxr-xr-x: Operation not permitted
build	Cache Android SDK	2026-06-06T12:22:44.6460982Z /usr/bin/tar: ../../../../../usr/local/lib/android/sdk/platforms/android-35-ext14/data/res/values-mcc310-mnc410-zu: Cannot utime: Operation not permitted
build	Cache Android SDK	2026-06-06T12:22:44.6461459Z /usr/bin/tar: ../../../../../usr/local/lib/android/sdk/platforms/android-35-ext14/data/res/values-mcc310-mnc410-zu: Cannot change mode to rwxr-xr-x: Operation not permitted
build	Cache Android SDK	2026-06-06T12:22:44.6467745Z /usr/bin/tar: ../../../../../usr/local/lib/android/sdk/platforms/android-35-ext14/data/res/values-zu: Cannot utime: Operation not permitted
build	Cache Android SDK	2026-06-06T12:22:44.6468200Z /usr/bin/tar: ../../../../../usr/local/lib/android/sdk/platforms/android-35-ext14/data/res/values-zu: Cannot change mode to rwxr-xr-x: Operation not permitted
build	Cache Android SDK	2026-06-06T12:22:44.6470536Z /usr/bin/tar: ../../../../../usr/local/lib/android/sdk/platforms/android-35-ext14/data/res/values-mcc310-mnc150-mk: Cannot utime: Operation not permitted
build	Cache Android SDK	2026-06-06T12:22:44.6471018Z /usr/bin/tar: ../../../../../usr/local/lib/android/sdk/platforms/android-35-ext14/data/res/values-mcc310-mnc150-mk: Cannot change mode to rwxr-xr-x: Operation not permitted
build	Cache Android SDK	2026-06-06T12:22:44.6473635Z /usr/bin/tar: ../../../../../usr/local/lib/android/sdk/platforms/android-35-ext14/data/res/values-mcc310-mnc410-zh-rHK: Cannot utime: Operation not permitted
build	Cache Android SDK	2026-06-06T12:22:44.6474171Z /usr/bin/tar: ../../../../../usr/local/lib/android/sdk/platforms/android-35-ext14/data/res/values-mcc310-mnc410-zh-rHK: Cannot change mode to rwxr-xr-x: Operation not permitted
build	Cache Android SDK	2026-06-06T12:22:44.6476130Z /usr/bin/tar: ../../../../../usr/local/lib/android/sdk/platforms/android-35-ext14/data/res/values-mcc310-mnc280-tl: Cannot utime: Operation not permitted
build	Cache Android SDK	2026-06-06T12:22:44.6476598Z /usr/bin/tar: ../../../../../usr/local/lib/android/sdk/platforms/android-35-ext14/data/res/values-mcc310-mnc280-tl: Cannot change mode to rwxr-xr-x: Operation not permitted
build	Cache Android SDK	2026-06-06T12:22:44.6479114Z /usr/bin/tar: ../../../../../usr/local/lib/android/sdk/platforms/android-35-ext14/data/res/values-mcc310-mnc200-pt-rBR: Cannot utime: Operation not permitted
build	Cache Android SDK	2026-06-06T12:22:44.6479598Z /usr/bin/tar: ../../../../../usr/local/lib/android/sdk/platforms/android-35-ext14/data/res/values-mcc310-mnc200-pt-rBR: Cannot change mode to rwxr-xr-x: Operation not permitted
build	Cache Android SDK	2026-06-06T12:22:44.6482491Z /usr/bin/tar: ../../../../../usr/local/lib/android/sdk/platforms/android-35-ext14/data/res/values-mcc310-mnc410-en-rCA: Cannot utime: Operation not permitted
build	Cache Android SDK	2026-06-06T12:22:44.6483120Z /usr/bin/tar: ../../../../../usr/local/lib/android/sdk/platforms/android-35-ext14/data/res/values-mcc310-mnc410-en-rCA: Cannot change mode to rwxr-xr-x: Operation not permitted
build	Cache Android SDK	2026-06-06T12:22:44.6485750Z /usr/bin/tar: ../../../../../usr/local/lib/android/sdk/platforms/android-35-ext14/data/res/values-mcc310-mnc030-ro: Cannot utime: Operation not permitted
build	Cache Android SDK	2026-06-06T12:22:44.6486227Z /usr/bin/tar: ../../../../../usr/local/lib/android/sdk/platforms/android-35-ext14/data/res/values-mcc310-mnc030-ro: Cannot change mode to rwxr-xr-x: Operation not permitted
build	Cache Android SDK	2026-06-06T12:22:44.6488795Z /usr/bin/tar: ../../../../../usr/local/lib/android/sdk/platforms/android-35-ext14/data/res/values-mcc310-mnc380-ky: Cannot utime: Operation not permitted
build	Cache Android SDK	2026-06-06T12:22:44.6489285Z /usr/bin/tar: ../../../../../usr/local/lib/android/sdk/platforms/android-35-ext14/data/res/values-mcc310-mnc380-ky: Cannot change mode to rwxr-xr-x: Operation not permitted
build	Cache Android SDK	2026-06-06T12:22:44.6492411Z /usr/bin/tar: ../../../../../usr/local/lib/android/sdk/platforms/android-35-ext14/data/res/values-mcc310-mnc800-et: Cannot utime: Operation not permitted
build	Cache Android SDK	2026-06-06T12:22:44.6492890Z /usr/bin/tar: ../../../../../usr/local/lib/android/sdk/platforms/android-35-ext14/data/res/values-mcc310-mnc800-et: Cannot change mode to rwxr-xr-x: Operation not permitted
build	Cache Android SDK	2026-06-06T12:22:44.6499801Z /usr/bin/tar: ../../../../../usr/local/lib/android/sdk/platforms/android-35-ext14/data/res/values-be: Cannot utime: Operation not permitted
build	Cache Android SDK	2026-06-06T12:22:44.6500575Z /usr/bin/tar: ../../../../../usr/local/lib/android/sdk/platforms/android-35-ext14/data/res/values-be: Cannot change mode to rwxr-xr-x: Operation not permitted
build	Cache Android SDK	2026-06-06T12:22:44.6502521Z /usr/bin/tar: ../../../../../usr/local/lib/android/sdk/platforms/android-35-ext14/data/res/values-mcc310-mnc310-el: Cannot utime: Operation not permitted
build	Cache Android SDK	2026-06-06T12:22:44.6503123Z /usr/bin/tar: ../../../../../usr/local/lib/android/sdk/platforms/android-35-ext14/data/res/values-mcc310-mnc310-el: Cannot change mode to rwxr-xr-x: Operation not permitted
build	Cache Android SDK	2026-06-06T12:22:44.6505278Z /usr/bin/tar: ../../../../../usr/local/lib/android/sdk/platforms/android-35-ext14/data/res/values-mcc310-mnc490-ta: Cannot utime: Operation not permitted
build	Cache Android SDK	2026-06-06T12:22:44.6505758Z /usr/bin/tar: ../../../../../usr/local/lib/android/sdk/platforms/android-35-ext14/data/res/values-mcc310-mnc490-ta: Cannot change mode to rwxr-xr-x: Operation not permitted
build	Cache Android SDK	2026-06-06T12:22:44.6508355Z /usr/bin/tar: ../../../../../usr/local/lib/android/sdk/platforms/android-35-ext14/data/res/values-mcc310-mnc310-hu: Cannot utime: Operation not permitted
build	Cache Android SDK	2026-06-06T12:22:44.6508849Z /usr/bin/tar: ../../../../../usr/local/lib/android/sdk/platforms/android-35-ext14/data/res/values-mcc310-mnc310-hu: Cannot change mode to rwxr-xr-x: Operation not permitted
build	Cache Android SDK	2026-06-06T12:22:44.6511663Z /usr/bin/tar: ../../../../../usr/local/lib/android/sdk/platforms/android-35-ext14/data/res/values-mcc310-mnc800-ko: Cannot utime: Operation not permitted
build	Cache Android SDK	2026-06-06T12:22:44.6512142Z /usr/bin/tar: ../../../../../usr/local/lib/android/sdk/platforms/android-35-ext14/data/res/values-mcc310-mnc800-ko: Cannot change mode to rwxr-xr-x: Operation not permitted
build	Cache Android SDK	2026-06-06T12:22:44.6514409Z /usr/bin/tar: ../../../../../usr/local/lib/android/sdk/platforms/android-35-ext14/data/res/values-mcc311-mnc180-km: Cannot utime: Operation not permitted
build	Cache Android SDK	2026-06-06T12:22:44.6514869Z /usr/bin/tar: ../../../../../usr/local/lib/android/sdk/platforms/android-35-ext14/data/res/values-mcc311-mnc180-km: Cannot change mode to rwxr-xr-x: Operation not permitted
build	Cache Android SDK	2026-06-06T12:22:44.6517739Z /usr/bin/tar: ../../../../../usr/local/lib/android/sdk/platforms/android-35-ext14/data/res/values-mcc310-mnc660-az: Cannot utime: Operation not permitted
build	Cache Android SDK	2026-06-06T12:22:44.6518360Z /usr/bin/tar: ../../../../../usr/local/lib/android/sdk/platforms/android-35-ext14/data/res/values-mcc310-mnc660-az: Cannot change mode to rwxr-xr-x: Operation not permitted
build	Cache Android SDK	2026-06-06T12:22:44.6520432Z /usr/bin/tar: ../../../../../usr/local/lib/android/sdk/platforms/android-35-ext14/data/res/values-mcc310-mnc210-zh-rHK: Cannot utime: Operation not permitted
build	Cache Android SDK	2026-06-06T12:22:44.6520932Z /usr/bin/tar: ../../../../../usr/local/lib/android/sdk/platforms/android-35-ext14/data/res/values-mcc310-mnc210-zh-rHK: Cannot change mode to rwxr-xr-x: Operation not permitted
build	Cache Android SDK	2026-06-06T12:22:44.6523346Z /usr/bin/tar: ../../../../../usr/local/lib/android/sdk/platforms/android-35-ext14/data/res/values-ja-watch: Cannot utime: Operation not permitted
build	Cache Android SDK	2026-06-06T12:22:44.6523954Z /usr/bin/tar: ../../../../../usr/local/lib/android/sdk/platforms/android-35-ext14/data/res/values-ja-watch: Cannot change mode to rwxr-xr-x: Operation not permitted
build	Cache Android SDK	2026-06-06T12:22:44.6526359Z /usr/bin/tar: ../../../../../usr/local/lib/android/sdk/platforms/android-35-ext14/data/res/values-mcc312-mnc670-zh-rCN: Cannot utime: Operation not permitted
build	Cache Android SDK	2026-06-06T12:22:44.6526860Z /usr/bin/tar: ../../../../../usr/local/lib/android/sdk/platforms/android-35-ext14/data/res/values-mcc312-mnc670-zh-rCN: Cannot change mode to rwxr-xr-x: Operation not permitted
build	Cache Android SDK	2026-06-06T12:22:44.6529558Z /usr/bin/tar: ../../../../../usr/local/lib/android/sdk/platforms/android-35-ext14/data/res/values-mcc302-mnc370-en-rXC: Cannot utime: Operation not permitted
build	Cache Android SDK	2026-06-06T12:22:44.6530055Z /usr/bin/tar: ../../../../../usr/local/lib/android/sdk/platforms/android-35-ext14/data/res/values-mcc302-mnc370-en-rXC: Cannot change mode to rwxr-xr-x: Operation not permitted
build	Cache Android SDK	2026-06-06T12:22:44.6532534Z /usr/bin/tar: ../../../../../usr/local/lib/android/sdk/platforms/android-35-ext14/data/res/values-mcc310-mnc160-kn: Cannot utime: Operation not permitted
build	Cache Android SDK	2026-06-06T12:22:44.6533022Z /usr/bin/tar: ../../../../../usr/local/lib/android/sdk/platforms/android-35-ext14/data/res/values-mcc310-mnc160-kn: Cannot change mode to rwxr-xr-x: Operation not permitted
build	Cache Android SDK	2026-06-06T12:22:44.6535681Z /usr/bin/tar: ../../../../../usr/local/lib/android/sdk/platforms/android-35-ext14/data/res/values-mcc310-mnc170-th: Cannot utime: Operation not permitted
build	Cache Android SDK	2026-06-06T12:22:44.6536143Z /usr/bin/tar: ../../../../../usr/local/lib/android/sdk/platforms/android-35-ext14/data/res/values-mcc310-mnc170-th: Cannot change mode to rwxr-xr-x: Operation not permitted
build	Cache Android SDK	2026-06-06T12:22:44.6542767Z /usr/bin/tar: ../../../../../usr/local/lib/android/sdk/platforms/android-35-ext14/data/res/values-en-rCA: Cannot utime: Operation not permitted
build	Cache Android SDK	2026-06-06T12:22:44.6543428Z /usr/bin/tar: ../../../../../usr/local/lib/android/sdk/platforms/android-35-ext14/data/res/values-en-rCA: Cannot change mode to rwxr-xr-x: Operation not permitted
build	Cache Android SDK	2026-06-06T12:22:44.6545477Z /usr/bin/tar: ../../../../../usr/local/lib/android/sdk/platforms/android-35-ext14/data/res/values-mcc310-mnc490-vi: Cannot utime: Operation not permitted
build	Cache Android SDK	2026-06-06T12:22:44.6546071Z /usr/bin/tar: ../../../../../usr/local/lib/android/sdk/platforms/android-35-ext14/data/res/values-mcc310-mnc490-vi: Cannot change mode to rwxr-xr-x: Operation not permitted
build	Cache Android SDK	2026-06-06T12:22:44.6550700Z /usr/bin/tar: ../../../../../usr/local/lib/android/sdk/platforms/android-35-ext14/data/res/values-mcc310-mnc210-eu: Cannot utime: Operation not permitted
build	Cache Android SDK	2026-06-06T12:22:44.6551169Z /usr/bin/tar: ../../../../../usr/local/lib/android/sdk/platforms/android-35-ext14/data/res/values-mcc310-mnc210-eu: Cannot change mode to rwxr-xr-x: Operation not permitted
build	Cache Android SDK	2026-06-06T12:22:44.6553837Z /usr/bin/tar: ../../../../../usr/local/lib/android/sdk/platforms/android-35-ext14/data/res/values-mcc312-mnc670-si: Cannot utime: Operation not permitted
build	Cache Android SDK	2026-06-06T12:22:44.6554294Z /usr/bin/tar: ../../../../../usr/local/lib/android/sdk/platforms/android-35-ext14/data/res/values-mcc312-mnc670-si: Cannot change mode to rwxr-xr-x: Operation not permitted
build	Cache Android SDK	2026-06-06T12:22:44.6557266Z /usr/bin/tar: ../../../../../usr/local/lib/android/sdk/platforms/android-35-ext14/data/res/mipmap-mdpi: Cannot utime: Operation not permitted
build	Cache Android SDK	2026-06-06T12:22:44.6557961Z /usr/bin/tar: ../../../../../usr/local/lib/android/sdk/platforms/android-35-ext14/data/res/mipmap-mdpi: Cannot change mode to rwxr-xr-x: Operation not permitted
build	Cache Android SDK	2026-06-06T12:22:44.6559718Z /usr/bin/tar: ../../../../../usr/local/lib/android/sdk/platforms/android-35-ext14/data/res/values-mcc310-mnc170-is: Cannot utime: Operation not permitted
build	Cache Android SDK	2026-06-06T12:22:44.6560185Z /usr/bin/tar: ../../../../../usr/local/lib/android/sdk/platforms/android-35-ext14/data/res/values-mcc310-mnc170-is: Cannot change mode to rwxr-xr-x: Operation not permitted
build	Cache Android SDK	2026-06-06T12:22:44.6563307Z /usr/bin/tar: ../../../../../usr/local/lib/android/sdk/platforms/android-35-ext14/data/res/values-mcc310-mnc950-et: Cannot utime: Operation not permitted
build	Cache Android SDK	2026-06-06T12:22:44.6563948Z /usr/bin/tar: ../../../../../usr/local/lib/android/sdk/platforms/android-35-ext14/data/res/values-mcc310-mnc950-et: Cannot change mode to rwxr-xr-x: Operation not permitted
build	Cache Android SDK	2026-06-06T12:22:44.6566123Z /usr/bin/tar: ../../../../../usr/local/lib/android/sdk/platforms/android-35-ext14/data/res/values-mcc310-mnc200-gu: Cannot utime: Operation not permitted
build	Cache Android SDK	2026-06-06T12:22:44.6566600Z /usr/bin/tar: ../../../../../usr/local/lib/android/sdk/platforms/android-35-ext14/data/res/values-mcc310-mnc200-gu: Cannot change mode to rwxr-xr-x: Operation not permitted
build	Cache Android SDK	2026-06-06T12:22:44.6569296Z /usr/bin/tar: ../../../../../usr/local/lib/android/sdk/platforms/android-35-ext14/data/res/values-mcc313-mnc100-ar: Cannot utime: Operation not permitted
build	Cache Android SDK	2026-06-06T12:22:44.6569768Z /usr/bin/tar: ../../../../../usr/local/lib/android/sdk/platforms/android-35-ext14/data/res/values-mcc313-mnc100-ar: Cannot change mode to rwxr-xr-x: Operation not permitted
build	Cache Android SDK	2026-06-06T12:22:44.6572396Z /usr/bin/tar: ../../../../../usr/local/lib/android/sdk/platforms/android-35-ext14/data/res/values-mcc001-mnc01-nl: Cannot utime: Operation not permitted
build	Cache Android SDK	2026-06-06T12:22:44.6572881Z /usr/bin/tar: ../../../../../usr/local/lib/android/sdk/platforms/android-35-ext14/data/res/values-mcc001-mnc01-nl: Cannot change mode to rwxr-xr-x: Operation not permitted
build	Cache Android SDK	2026-06-06T12:22:44.6575255Z /usr/bin/tar: ../../../../../usr/local/lib/android/sdk/platforms/android-35-ext14/data/res/values-mcc310-mnc270-pt-rBR: Cannot utime: Operation not permitted
build	Cache Android SDK	2026-06-06T12:22:44.6575736Z /usr/bin/tar: ../../../../../usr/local/lib/android/sdk/platforms/android-35-ext14/data/res/values-mcc310-mnc270-pt-rBR: Cannot change mode to rwxr-xr-x: Operation not permitted
build	Cache Android SDK	2026-06-06T12:22:44.6578286Z /usr/bin/tar: ../../../../../usr/local/lib/android/sdk/platforms/android-35-ext14/data/res/values-mcc310-mnc410-nb: Cannot utime: Operation not permitted
build	Cache Android SDK	2026-06-06T12:22:44.6578760Z /usr/bin/tar: ../../../../../usr/local/lib/android/sdk/platforms/android-35-ext14/data/res/values-mcc310-mnc410-nb: Cannot change mode to rwxr-xr-x: Operation not permitted
build	Cache Android SDK	2026-06-06T12:22:44.6581112Z /usr/bin/tar: ../../../../../usr/local/lib/android/sdk/platforms/android-35-ext14/data/res/values-iw-television: Cannot utime: Operation not permitted
build	Cache Android SDK	2026-06-06T12:22:44.6581594Z /usr/bin/tar: ../../../../../usr/local/lib/android/sdk/platforms/android-35-ext14/data/res/values-iw-television: Cannot change mode to rwxr-xr-x: Operation not permitted
build	Cache Android SDK	2026-06-06T12:22:44.6584410Z /usr/bin/tar: ../../../../../usr/local/lib/android/sdk/platforms/android-35-ext14/data/res/values-mcc334-mnc020-da: Cannot utime: Operation not permitted
build	Cache Android SDK	2026-06-06T12:22:44.6584881Z /usr/bin/tar: ../../../../../usr/local/lib/android/sdk/platforms/android-35-ext14/data/res/values-mcc334-mnc020-da: Cannot change mode to rwxr-xr-x: Operation not permitted
build	Cache Android SDK	2026-06-06T12:22:44.6587668Z /usr/bin/tar: ../../../../../usr/local/lib/android/sdk/platforms/android-35-ext14/data/res/values-mcc001-mnc01-zh-rHK: Cannot utime: Operation not permitted
build	Cache Android SDK	2026-06-06T12:22:44.6588179Z /usr/bin/tar: ../../../../../usr/local/lib/android/sdk/platforms/android-35-ext14/data/res/values-mcc001-mnc01-zh-rHK: Cannot change mode to rwxr-xr-x: Operation not permitted
build	Cache Android SDK	2026-06-06T12:22:44.6590705Z /usr/bin/tar: ../../../../../usr/local/lib/android/sdk/platforms/android-35-ext14/data/res/values-mcc310-mnc270-ar: Cannot utime: Operation not permitted
build	Cache Android SDK	2026-06-06T12:22:44.6591173Z /usr/bin/tar: ../../../../../usr/local/lib/android/sdk/platforms/android-35-ext14/data/res/values-mcc310-mnc270-ar: Cannot change mode to rwxr-xr-x: Operation not permitted
build	Cache Android SDK	2026-06-06T12:22:44.6593885Z /usr/bin/tar: ../../../../../usr/local/lib/android/sdk/platforms/android-35-ext14/data/res/values-mcc001-mnc01-tr: Cannot utime: Operation not permitted
build	Cache Android SDK	2026-06-06T12:22:44.6594365Z /usr/bin/tar: ../../../../../usr/local/lib/android/sdk/platforms/android-35-ext14/data/res/values-mcc001-mnc01-tr: Cannot change mode to rwxr-xr-x: Operation not permitted
build	Cache Android SDK	2026-06-06T12:22:44.6597558Z /usr/bin/tar: ../../../../../usr/local/lib/android/sdk/platforms/android-35-ext14/data/res/values-mcc310-mnc030-mn: Cannot utime: Operation not permitted
build	Cache Android SDK	2026-06-06T12:22:44.6598520Z /usr/bin/tar: ../../../../../usr/local/lib/android/sdk/platforms/android-35-ext14/data/res/values-mcc310-mnc030-mn: Cannot change mode to rwxr-xr-x: Operation not permitted
build	Cache Android SDK	2026-06-06T12:22:44.6600679Z /usr/bin/tar: ../../../../../usr/local/lib/android/sdk/platforms/android-35-ext14/data/res/values-mcc302-mnc720-en-rXC: Cannot utime: Operation not permitted
build	Cache Android SDK	2026-06-06T12:22:44.6601213Z /usr/bin/tar: ../../../../../usr/local/lib/android/sdk/platforms/android-35-ext14/data/res/values-mcc302-mnc720-en-rXC: Cannot change mode to rwxr-xr-x: Operation not permitted
build	Cache Android SDK	2026-06-06T12:22:44.6603560Z /usr/bin/tar: ../../../../../usr/local/lib/android/sdk/platforms/android-35-ext14/data/res/values-mcc310-mnc160-nb: Cannot utime: Operation not permitted
build	Cache Android SDK	2026-06-06T12:22:44.6604042Z /usr/bin/tar: ../../../../../usr/local/lib/android/sdk/platforms/android-35-ext14/data/res/values-mcc310-mnc160-nb: Cannot change mode to rwxr-xr-x: Operation not permitted
build	Cache Android SDK	2026-06-06T12:22:44.6606806Z /usr/bin/tar: ../../../../../usr/local/lib/android/sdk/platforms/android-35-ext14/data/res/values-mcc310-mnc150-da: Cannot utime: Operation not permitted
build	Cache Android SDK	2026-06-06T12:22:44.6607279Z /usr/bin/tar: ../../../../../usr/local/lib/android/sdk/platforms/android-35-ext14/data/res/values-mcc310-mnc150-da: Cannot change mode to rwxr-xr-x: Operation not permitted
build	Cache Android SDK	2026-06-06T12:22:44.6609831Z /usr/bin/tar: ../../../../../usr/local/lib/android/sdk/platforms/android-35-ext14/data/res/values-mcc310-mnc800-en-rGB: Cannot utime: Operation not permitted
build	Cache Android SDK	2026-06-06T12:22:44.6610319Z /usr/bin/tar: ../../../../../usr/local/lib/android/sdk/platforms/android-35-ext14/data/res/values-mcc310-mnc800-en-rGB: Cannot change mode to rwxr-xr-x: Operation not permitted
build	Cache Android SDK	2026-06-06T12:22:44.6613118Z /usr/bin/tar: ../../../../../usr/local/lib/android/sdk/platforms/android-35-ext14/data/res/values-mcc310-mnc170-bn: Cannot utime: Operation not permitted
build	Cache Android SDK	2026-06-06T12:22:44.6613595Z /usr/bin/tar: ../../../../../usr/local/lib/android/sdk/platforms/android-35-ext14/data/res/values-mcc310-mnc170-bn: Cannot change mode to rwxr-xr-x: Operation not permitted
build	Cache Android SDK	2026-06-06T12:22:44.6616241Z /usr/bin/tar: ../../../../../usr/local/lib/android/sdk/platforms/android-35-ext14/data/res/values-mcc310-mnc150-zh-rHK: Cannot utime: Operation not permitted
build	Cache Android SDK	2026-06-06T12:22:44.6616725Z /usr/bin/tar: ../../../../../usr/local/lib/android/sdk/platforms/android-35-ext14/data/res/values-mcc310-mnc150-zh-rHK: Cannot change mode to rwxr-xr-x: Operation not permitted
build	Cache Android SDK	2026-06-06T12:22:44.6619200Z /usr/bin/tar: ../../../../../usr/local/lib/android/sdk/platforms/android-35-ext14/data/res/values-de-television: Cannot utime: Operation not permitted
build	Cache Android SDK	2026-06-06T12:22:44.6619673Z /usr/bin/tar: ../../../../../usr/local/lib/android/sdk/platforms/android-35-ext14/data/res/values-de-television: Cannot change mode to rwxr-xr-x: Operation not permitted
build	Cache Android SDK	2026-06-06T12:22:44.6621966Z /usr/bin/tar: ../../../../../usr/local/lib/android/sdk/platforms/android-35-ext14/data/res/values-mcc310-mnc230-da: Cannot utime: Operation not permitted
build	Cache Android SDK	2026-06-06T12:22:44.6622610Z /usr/bin/tar: ../../../../../usr/local/lib/android/sdk/platforms/android-35-ext14/data/res/values-mcc310-mnc230-da: Cannot change mode to rwxr-xr-x: Operation not permitted
build	Cache Android SDK	2026-06-06T12:22:44.6625157Z /usr/bin/tar: ../../../../../usr/local/lib/android/sdk/platforms/android-35-ext14/data/res/values-mcc302-mnc370-af: Cannot utime: Operation not permitted
build	Cache Android SDK	2026-06-06T12:22:44.6625628Z /usr/bin/tar: ../../../../../usr/local/lib/android/sdk/platforms/android-35-ext14/data/res/values-mcc302-mnc370-af: Cannot change mode to rwxr-xr-x: Operation not permitted
build	Cache Android SDK	2026-06-06T12:22:44.6627846Z /usr/bin/tar: ../../../../../usr/local/lib/android/sdk/platforms/android-35-ext14/data/res/values-mcc310-mnc800-th: Cannot utime: Operation not permitted
build	Cache Android SDK	2026-06-06T12:22:44.6628478Z /usr/bin/tar: ../../../../../usr/local/lib/android/sdk/platforms/android-35-ext14/data/res/values-mcc310-mnc800-th: Cannot change mode to rwxr-xr-x: Operation not permitted
build	Cache Android SDK	2026-06-06T12:22:44.6630911Z /usr/bin/tar: ../../../../../usr/local/lib/android/sdk/platforms/android-35-ext14/data/res/values-mcc310-mnc490-lo: Cannot utime: Operation not permitted
build	Cache Android SDK	2026-06-06T12:22:44.6631376Z /usr/bin/tar: ../../../../../usr/local/lib/android/sdk/platforms/android-35-ext14/data/res/values-mcc310-mnc490-lo: Cannot change mode to rwxr-xr-x: Operation not permitted
build	Cache Android SDK	2026-06-06T12:22:44.6633587Z /usr/bin/tar: ../../../../../usr/local/lib/android/sdk/platforms/android-35-ext14/data/res/values-mcc310-mnc950-sq: Cannot utime: Operation not permitted
build	Cache Android SDK	2026-06-06T12:22:44.6634079Z /usr/bin/tar: ../../../../../usr/local/lib/android/sdk/platforms/android-35-ext14/data/res/values-mcc310-mnc950-sq: Cannot change mode to rwxr-xr-x: Operation not permitted
build	Cache Android SDK	2026-06-06T12:22:44.6636496Z /usr/bin/tar: ../../../../../usr/local/lib/android/sdk/platforms/android-35-ext14/data/res/values-fa-watch: Cannot utime: Operation not permitted
build	Cache Android SDK	2026-06-06T12:22:44.6636956Z /usr/bin/tar: ../../../../../usr/local/lib/android/sdk/platforms/android-35-ext14/data/res/values-fa-watch: Cannot change mode to rwxr-xr-x: Operation not permitted
build	Cache Android SDK	2026-06-06T12:22:44.6639378Z /usr/bin/tar: ../../../../../usr/local/lib/android/sdk/platforms/android-35-ext14/data/res/values-mcc310-mnc170-sw: Cannot utime: Operation not permitted
build	Cache Android SDK	2026-06-06T12:22:44.6639846Z /usr/bin/tar: ../../../../../usr/local/lib/android/sdk/platforms/android-35-ext14/data/res/values-mcc310-mnc170-sw: Cannot change mode to rwxr-xr-x: Operation not permitted
build	Cache Android SDK	2026-06-06T12:22:44.6642301Z /usr/bin/tar: ../../../../../usr/local/lib/android/sdk/platforms/android-35-ext14/data/res/values-mcc310-mnc250-sr: Cannot utime: Operation not permitted
build	Cache Android SDK	2026-06-06T12:22:44.6642774Z /usr/bin/tar: ../../../../../usr/local/lib/android/sdk/platforms/android-35-ext14/data/res/values-mcc310-mnc250-sr: Cannot change mode to rwxr-xr-x: Operation not permitted
build	Cache Android SDK	2026-06-06T12:22:44.6645307Z /usr/bin/tar: ../../../../../usr/local/lib/android/sdk/platforms/android-35-ext14/data/res/values-mcc311-mnc180-hr: Cannot utime: Operation not permitted
build	Cache Android SDK	2026-06-06T12:22:44.6645783Z /usr/bin/tar: ../../../../../usr/local/lib/android/sdk/platforms/android-35-ext14/data/res/values-mcc311-mnc180-hr: Cannot change mode to rwxr-xr-x: Operation not permitted
build	Cache Android SDK	2026-06-06T12:22:44.6648096Z /usr/bin/tar: ../../../../../usr/local/lib/android/sdk/platforms/android-35-ext14/data/res/values-mcc310-mnc560-da: Cannot utime: Operation not permitted
build	Cache Android SDK	2026-06-06T12:22:44.6648589Z /usr/bin/tar: ../../../../../usr/local/lib/android/sdk/platforms/android-35-ext14/data/res/values-mcc310-mnc560-da: Cannot change mode to rwxr-xr-x: Operation not permitted
build	Cache Android SDK	2026-06-06T12:22:44.6651421Z /usr/bin/tar: ../../../../../usr/local/lib/android/sdk/platforms/android-35-ext14/data/res/values-af-television: Cannot utime: Operation not permitted
build	Cache Android SDK	2026-06-06T12:22:44.6651889Z /usr/bin/tar: ../../../../../usr/local/lib/android/sdk/platforms/android-35-ext14/data/res/values-af-television: Cannot change mode to rwxr-xr-x: Operation not permitted
build	Cache Android SDK	2026-06-06T12:22:44.6658025Z /usr/bin/tar: ../../../../../usr/local/lib/android/sdk/platforms/android-35-ext14/data/res/values-tr: Cannot utime: Operation not permitted
build	Cache Android SDK	2026-06-06T12:22:44.6658676Z /usr/bin/tar: ../../../../../usr/local/lib/android/sdk/platforms/android-35-ext14/data/res/values-tr: Cannot change mode to rwxr-xr-x: Operation not permitted
build	Cache Android SDK	2026-06-06T12:22:44.6661160Z /usr/bin/tar: ../../../../../usr/local/lib/android/sdk/platforms/android-35-ext14/data/res/values-mcc232: Cannot utime: Operation not permitted
build	Cache Android SDK	2026-06-06T12:22:44.6661697Z /usr/bin/tar: ../../../../../usr/local/lib/android/sdk/platforms/android-35-ext14/data/res/values-mcc232: Cannot change mode to rwxr-xr-x: Operation not permitted
build	Cache Android SDK	2026-06-06T12:22:44.6663722Z /usr/bin/tar: ../../../../../usr/local/lib/android/sdk/platforms/android-35-ext14/data/res/values-mcc310-mnc950-ca: Cannot utime: Operation not permitted
build	Cache Android SDK	2026-06-06T12:22:44.6664338Z /usr/bin/tar: ../../../../../usr/local/lib/android/sdk/platforms/android-35-ext14/data/res/values-mcc310-mnc950-ca: Cannot change mode to rwxr-xr-x: Operation not permitted
build	Cache Android SDK	2026-06-06T12:22:44.6667056Z /usr/bin/tar: ../../../../../usr/local/lib/android/sdk/platforms/android-35-ext14/data/res/values-mcc001-mnc01-zh-rTW: Cannot utime: Operation not permitted
build	Cache Android SDK	2026-06-06T12:22:44.6667733Z /usr/bin/tar: ../../../../../usr/local/lib/android/sdk/platforms/android-35-ext14/data/res/values-mcc001-mnc01-zh-rTW: Cannot change mode to rwxr-xr-x: Operation not permitted
build	Cache Android SDK	2026-06-06T12:22:44.6669921Z /usr/bin/tar: ../../../../../usr/local/lib/android/sdk/platforms/android-35-ext14/data/res/values-mcc310-mnc410-bg: Cannot utime: Operation not permitted
build	Cache Android SDK	2026-06-06T12:22:44.6670396Z /usr/bin/tar: ../../../../../usr/local/lib/android/sdk/platforms/android-35-ext14/data/res/values-mcc310-mnc410-bg: Cannot change mode to rwxr-xr-x: Operation not permitted
build	Cache Android SDK	2026-06-06T12:22:44.6673111Z /usr/bin/tar: ../../../../../usr/local/lib/android/sdk/platforms/android-35-ext14/data/res/values-mcc310-mnc270-be: Cannot utime: Operation not permitted
build	Cache Android SDK	2026-06-06T12:22:44.6673589Z /usr/bin/tar: ../../../../../usr/local/lib/android/sdk/platforms/android-35-ext14/data/res/values-mcc310-mnc270-be: Cannot change mode to rwxr-xr-x: Operation not permitted
build	Cache Android SDK	2026-06-06T12:22:44.6676103Z /usr/bin/tar: ../../../../../usr/local/lib/android/sdk/platforms/android-35-ext14/data/res/values-mcc302-mnc370-ar: Cannot utime: Operation not permitted
build	Cache Android SDK	2026-06-06T12:22:44.6676611Z /usr/bin/tar: ../../../../../usr/local/lib/android/sdk/platforms/android-35-ext14/data/res/values-mcc302-mnc370-ar: Cannot change mode to rwxr-xr-x: Operation not permitted
build	Cache Android SDK	2026-06-06T12:22:44.6679323Z /usr/bin/tar: ../../../../../usr/local/lib/android/sdk/platforms/android-35-ext14/data/res/values-mcc310-mnc250-lv: Cannot utime: Operation not permitted
build	Cache Android SDK	2026-06-06T12:22:44.6679803Z /usr/bin/tar: ../../../../../usr/local/lib/android/sdk/platforms/android-35-ext14/data/res/values-mcc310-mnc250-lv: Cannot change mode to rwxr-xr-x: Operation not permitted
build	Cache Android SDK	2026-06-06T12:22:44.6683131Z /usr/bin/tar: ../../../../../usr/local/lib/android/sdk/platforms/android-35-ext14/data/res/values-mcc310-mnc230-th: Cannot utime: Operation not permitted
build	Cache Android SDK	2026-06-06T12:22:44.6683613Z /usr/bin/tar: ../../../../../usr/local/lib/android/sdk/platforms/android-35-ext14/data/res/values-mcc310-mnc230-th: Cannot change mode to rwxr-xr-x: Operation not permitted
build	Cache Android SDK	2026-06-06T12:22:44.6686556Z /usr/bin/tar: ../../../../../usr/local/lib/android/sdk/platforms/android-35-ext14/data/res/values-mcc286: Cannot utime: Operation not permitted
build	Cache Android SDK	2026-06-06T12:22:44.6686998Z /usr/bin/tar: ../../../../../usr/local/lib/android/sdk/platforms/android-35-ext14/data/res/values-mcc286: Cannot change mode to rwxr-xr-x: Operation not permitted
build	Cache Android SDK	2026-06-06T12:22:44.6689556Z /usr/bin/tar: ../../../../../usr/local/lib/android/sdk/platforms/android-35-ext14/data/res/values-mcc310-mnc250-uz: Cannot utime: Operation not permitted
build	Cache Android SDK	2026-06-06T12:22:44.6690030Z /usr/bin/tar: ../../../../../usr/local/lib/android/sdk/platforms/android-35-ext14/data/res/values-mcc310-mnc250-uz: Cannot change mode to rwxr-xr-x: Operation not permitted
build	Cache Android SDK	2026-06-06T12:22:44.6692725Z /usr/bin/tar: ../../../../../usr/local/lib/android/sdk/platforms/android-35-ext14/data/res/values-mcc310-mnc240-eu: Cannot utime: Operation not permitted
build	Cache Android SDK	2026-06-06T12:22:44.6693196Z /usr/bin/tar: ../../../../../usr/local/lib/android/sdk/platforms/android-35-ext14/data/res/values-mcc310-mnc240-eu: Cannot change mode to rwxr-xr-x: Operation not permitted
build	Cache Android SDK	2026-06-06T12:22:44.6695684Z /usr/bin/tar: ../../../../../usr/local/lib/android/sdk/platforms/android-35-ext14/data/res/values-mcc310-mnc280-km: Cannot utime: Operation not permitted
build	Cache Android SDK	2026-06-06T12:22:44.6696165Z /usr/bin/tar: ../../../../../usr/local/lib/android/sdk/platforms/android-35-ext14/data/res/values-mcc310-mnc280-km: Cannot change mode to rwxr-xr-x: Operation not permitted
build	Cache Android SDK	2026-06-06T12:22:44.6699154Z /usr/bin/tar: ../../../../../usr/local/lib/android/sdk/platforms/android-35-ext14/data/res/values-mcc310-mnc150-et: Cannot utime: Operation not permitted
build	Cache Android SDK	2026-06-06T12:22:44.6699642Z /usr/bin/tar: ../../../../../usr/local/lib/android/sdk/platforms/android-35-ext14/data/res/values-mcc310-mnc150-et: Cannot change mode to rwxr-xr-x: Operation not permitted
build	Cache Android SDK	2026-06-06T12:22:44.6702389Z /usr/bin/tar: ../../../../../usr/local/lib/android/sdk/platforms/android-35-ext14/data/res/values-mcc310-mnc800-tl: Cannot utime: Operation not permitted
build	Cache Android SDK	2026-06-06T12:22:44.6702860Z /usr/bin/tar: ../../../../../usr/local/lib/android/sdk/platforms/android-35-ext14/data/res/values-mcc310-mnc800-tl: Cannot change mode to rwxr-xr-x: Operation not permitted
build	Cache Android SDK	2026-06-06T12:22:44.6705966Z /usr/bin/tar: ../../../../../usr/local/lib/android/sdk/platforms/android-35-ext14/data/res/values-mcc312-mnc670-bn: Cannot utime: Operation not permitted
build	Cache Android SDK	2026-06-06T12:22:44.6706438Z /usr/bin/tar: ../../../../../usr/local/lib/android/sdk/platforms/android-35-ext14/data/res/values-mcc312-mnc670-bn: Cannot change mode to rwxr-xr-x: Operation not permitted
build	Cache Android SDK	2026-06-06T12:22:44.6709017Z /usr/bin/tar: ../../../../../usr/local/lib/android/sdk/platforms/android-35-ext14/data/res/values-mcc234-mnc91: Cannot utime: Operation not permitted
build	Cache Android SDK	2026-06-06T12:22:44.6709494Z /usr/bin/tar: ../../../../../usr/local/lib/android/sdk/platforms/android-35-ext14/data/res/values-mcc234-mnc91: Cannot change mode to rwxr-xr-x: Operation not permitted
build	Cache Android SDK	2026-06-06T12:22:44.6712237Z /usr/bin/tar: ../../../../../usr/local/lib/android/sdk/platforms/android-35-ext14/data/res/values-mcc310-mnc210-hu: Cannot utime: Operation not permitted
build	Cache Android SDK	2026-06-06T12:22:44.6712719Z /usr/bin/tar: ../../../../../usr/local/lib/android/sdk/platforms/android-35-ext14/data/res/values-mcc310-mnc210-hu: Cannot change mode to rwxr-xr-x: Operation not permitted
build	Cache Android SDK	2026-06-06T12:22:44.6715481Z /usr/bin/tar: ../../../../../usr/local/lib/android/sdk/platforms/android-35-ext14/data/res/values-mcc310-mnc200-ne: Cannot utime: Operation not permitted
build	Cache Android SDK	2026-06-06T12:22:44.6715969Z /usr/bin/tar: ../../../../../usr/local/lib/android/sdk/platforms/android-35-ext14/data/res/values-mcc310-mnc200-ne: Cannot change mode to rwxr-xr-x: Operation not permitted
build	Cache Android SDK	2026-06-06T12:22:44.6718223Z /usr/bin/tar: ../../../../../usr/local/lib/android/sdk/platforms/android-35-ext14/data/res/values-mcc240-mnc05: Cannot utime: Operation not permitted
build	Cache Android SDK	2026-06-06T12:22:44.6718689Z /usr/bin/tar: ../../../../../usr/local/lib/android/sdk/platforms/android-35-ext14/data/res/values-mcc240-mnc05: Cannot change mode to rwxr-xr-x: Operation not permitted
build	Cache Android SDK	2026-06-06T12:22:44.6721725Z /usr/bin/tar: ../../../../../usr/local/lib/android/sdk/platforms/android-35-ext14/data/res/values-mcc312-mnc670-et: Cannot utime: Operation not permitted
build	Cache Android SDK	2026-06-06T12:22:44.6722190Z /usr/bin/tar: ../../../../../usr/local/lib/android/sdk/platforms/android-35-ext14/data/res/values-mcc312-mnc670-et: Cannot change mode to rwxr-xr-x: Operation not permitted
build	Cache Android SDK	2026-06-06T12:22:44.6724590Z /usr/bin/tar: ../../../../../usr/local/lib/android/sdk/platforms/android-35-ext14/data/res/values-mcc334-mnc020-bn: Cannot utime: Operation not permitted
build	Cache Android SDK	2026-06-06T12:22:44.6725202Z /usr/bin/tar: ../../../../../usr/local/lib/android/sdk/platforms/android-35-ext14/data/res/values-mcc334-mnc020-bn: Cannot change mode to rwxr-xr-x: Operation not permitted
build	Cache Android SDK	2026-06-06T12:22:44.6728262Z /usr/bin/tar: ../../../../../usr/local/lib/android/sdk/platforms/android-35-ext14/data/res/values-sw600dp-w960dp: Cannot utime: Operation not permitted
build	Cache Android SDK	2026-06-06T12:22:44.6728734Z /usr/bin/tar: ../../../../../usr/local/lib/android/sdk/platforms/android-35-ext14/data/res/values-sw600dp-w960dp: Cannot change mode to rwxr-xr-x: Operation not permitted
build	Cache Android SDK	2026-06-06T12:22:44.6731342Z /usr/bin/tar: ../../../../../usr/local/lib/android/sdk/platforms/android-35-ext14/data/res/values-mcc310-mnc660-is: Cannot utime: Operation not permitted
build	Cache Android SDK	2026-06-06T12:22:44.6731814Z /usr/bin/tar: ../../../../../usr/local/lib/android/sdk/platforms/android-35-ext14/data/res/values-mcc310-mnc660-is: Cannot change mode to rwxr-xr-x: Operation not permitted
build	Cache Android SDK	2026-06-06T12:22:44.6734242Z /usr/bin/tar: ../../../../../usr/local/lib/android/sdk/platforms/android-35-ext14/data/res/values-fr-rBE: Cannot utime: Operation not permitted
build	Cache Android SDK	2026-06-06T12:22:44.6735737Z /usr/bin/tar: ../../../../../usr/local/lib/android/sdk/platforms/android-35-ext14/data/res/values-fr-rBE: Cannot change mode to rwxr-xr-x: Operation not permitted
build	Cache Android SDK	2026-06-06T12:22:44.6737166Z /usr/bin/tar: ../../../../../usr/local/lib/android/sdk/platforms/android-35-ext14/data/res/values-mcc312-mnc670-es: Cannot utime: Operation not permitted
build	Cache Android SDK	2026-06-06T12:22:44.6737870Z /usr/bin/tar: ../../../../../usr/local/lib/android/sdk/platforms/android-35-ext14/data/res/values-mcc312-mnc670-es: Cannot change mode to rwxr-xr-x: Operation not permitted
build	Cache Android SDK	2026-06-06T12:22:44.6740562Z /usr/bin/tar: ../../../../../usr/local/lib/android/sdk/platforms/android-35-ext14/data/res/values-mcc310-mnc380-gu: Cannot utime: Operation not permitted
build	Cache Android SDK	2026-06-06T12:22:44.6741051Z /usr/bin/tar: ../../../../../usr/local/lib/android/sdk/platforms/android-35-ext14/data/res/values-mcc310-mnc380-gu: Cannot change mode to rwxr-xr-x: Operation not permitted
build	Cache Android SDK	2026-06-06T12:22:44.6743487Z /usr/bin/tar: ../../../../../usr/local/lib/android/sdk/platforms/android-35-ext14/data/res/values-mcc334-mnc020-uz: Cannot utime: Operation not permitted
build	Cache Android SDK	2026-06-06T12:22:44.6744036Z /usr/bin/tar: ../../../../../usr/local/lib/android/sdk/platforms/android-35-ext14/data/res/values-mcc334-mnc020-uz: Cannot change mode to rwxr-xr-x: Operation not permitted
build	Cache Android SDK	2026-06-06T12:22:44.6746489Z /usr/bin/tar: ../../../../../usr/local/lib/android/sdk/platforms/android-35-ext14/data/res/values-mcc302-mnc720-b+sr+Latn: Cannot utime: Operation not permitted
build	Cache Android SDK	2026-06-06T12:22:44.6746991Z /usr/bin/tar: ../../../../../usr/local/lib/android/sdk/platforms/android-35-ext14/data/res/values-mcc302-mnc720-b+sr+Latn: Cannot change mode to rwxr-xr-x: Operation not permitted
build	Cache Android SDK	2026-06-06T12:22:44.6754429Z /usr/bin/tar: ../../../../../usr/local/lib/android/sdk/platforms/android-35-ext14/data/res/values-af: Cannot utime: Operation not permitted
build	Cache Android SDK	2026-06-06T12:22:44.6755108Z /usr/bin/tar: ../../../../../usr/local/lib/android/sdk/platforms/android-35-ext14/data/res/values-af: Cannot change mode to rwxr-xr-x: Operation not permitted
build	Cache Android SDK	2026-06-06T12:22:44.6758129Z /usr/bin/tar: ../../../../../usr/local/lib/android/sdk/platforms/android-35-ext14/data/res/values-mcc334-mnc020-sk: Cannot utime: Operation not permitted
build	Cache Android SDK	2026-06-06T12:22:44.6758672Z /usr/bin/tar: ../../../../../usr/local/lib/android/sdk/platforms/android-35-ext14/data/res/values-mcc334-mnc020-sk: Cannot change mode to rwxr-xr-x: Operation not permitted
build	Cache Android SDK	2026-06-06T12:22:44.6761606Z /usr/bin/tar: ../../../../../usr/local/lib/android/sdk/platforms/android-35-ext14/data/res/values-mcc312-mnc670-de: Cannot utime: Operation not permitted
build	Cache Android SDK	2026-06-06T12:22:44.6762082Z /usr/bin/tar: ../../../../../usr/local/lib/android/sdk/platforms/android-35-ext14/data/res/values-mcc312-mnc670-de: Cannot change mode to rwxr-xr-x: Operation not permitted
build	Cache Android SDK	2026-06-06T12:22:44.6764574Z /usr/bin/tar: ../../../../../usr/local/lib/android/sdk/platforms/android-35-ext14/data/res/values-mcc310-mnc950-iw: Cannot utime: Operation not permitted
build	Cache Android SDK	2026-06-06T12:22:44.6765291Z /usr/bin/tar: ../../../../../usr/local/lib/android/sdk/platforms/android-35-ext14/data/res/values-mcc310-mnc950-iw: Cannot change mode to rwxr-xr-x: Operation not permitted
build	Cache Android SDK	2026-06-06T12:22:44.6768346Z /usr/bin/tar: ../../../../../usr/local/lib/android/sdk/platforms/android-35-ext14/data/res/values-mcc302-mnc370-de: Cannot utime: Operation not permitted
build	Cache Android SDK	2026-06-06T12:22:44.6768816Z /usr/bin/tar: ../../../../../usr/local/lib/android/sdk/platforms/android-35-ext14/data/res/values-mcc302-mnc370-de: Cannot change mode to rwxr-xr-x: Operation not permitted
build	Cache Android SDK	2026-06-06T12:22:44.6770918Z /usr/bin/tar: ../../../../../usr/local/lib/android/sdk/platforms/android-35-ext14/data/res/values-mcc310-mnc310-be: Cannot utime: Operation not permitted
build	Cache Android SDK	2026-06-06T12:22:44.6771549Z /usr/bin/tar: ../../../../../usr/local/lib/android/sdk/platforms/android-35-ext14/data/res/values-mcc310-mnc310-be: Cannot change mode to rwxr-xr-x: Operation not permitted
build	Cache Android SDK	2026-06-06T12:22:44.6773942Z /usr/bin/tar: ../../../../../usr/local/lib/android/sdk/platforms/android-35-ext14/data/res/values-da-watch: Cannot utime: Operation not permitted
build	Cache Android SDK	2026-06-06T12:22:44.6774399Z /usr/bin/tar: ../../../../../usr/local/lib/android/sdk/platforms/android-35-ext14/data/res/values-da-watch: Cannot change mode to rwxr-xr-x: Operation not permitted
build	Cache Android SDK	2026-06-06T12:22:44.6777011Z /usr/bin/tar: ../../../../../usr/local/lib/android/sdk/platforms/android-35-ext14/data/res/values-mcc312-mnc670-fr-rCA: Cannot utime: Operation not permitted
build	Cache Android SDK	2026-06-06T12:22:44.6777661Z /usr/bin/tar: ../../../../../usr/local/lib/android/sdk/platforms/android-35-ext14/data/res/values-mcc312-mnc670-fr-rCA: Cannot change mode to rwxr-xr-x: Operation not permitted
build	Cache Android SDK	2026-06-06T12:22:44.6780004Z /usr/bin/tar: ../../../../../usr/local/lib/android/sdk/platforms/android-35-ext14/data/res/values-mcc310-mnc410-lt: Cannot utime: Operation not permitted
build	Cache Android SDK	2026-06-06T12:22:44.6780493Z /usr/bin/tar: ../../../../../usr/local/lib/android/sdk/platforms/android-35-ext14/data/res/values-mcc310-mnc410-lt: Cannot change mode to rwxr-xr-x: Operation not permitted
build	Cache Android SDK	2026-06-06T12:22:44.6783316Z /usr/bin/tar: ../../../../../usr/local/lib/android/sdk/platforms/android-35-ext14/data/res/values-mcc311-mnc180-am: Cannot utime: Operation not permitted
build	Cache Android SDK	2026-06-06T12:22:44.6783791Z /usr/bin/tar: ../../../../../usr/local/lib/android/sdk/platforms/android-35-ext14/data/res/values-mcc311-mnc180-am: Cannot change mode to rwxr-xr-x: Operation not permitted
build	Cache Android SDK	2026-06-06T12:22:44.6786513Z /usr/bin/tar: ../../../../../usr/local/lib/android/sdk/platforms/android-35-ext14/data/res/values-mcc310-mnc410-pt-rBR: Cannot utime: Operation not permitted
build	Cache Android SDK	2026-06-06T12:22:44.6787010Z /usr/bin/tar: ../../../../../usr/local/lib/android/sdk/platforms/android-35-ext14/data/res/values-mcc310-mnc410-pt-rBR: Cannot change mode to rwxr-xr-x: Operation not permitted
build	Cache Android SDK	2026-06-06T12:22:44.6789503Z /usr/bin/tar: ../../../../../usr/local/lib/android/sdk/platforms/android-35-ext14/data/res/layout-television: Cannot utime: Operation not permitted
build	Cache Android SDK	2026-06-06T12:22:44.6789984Z /usr/bin/tar: ../../../../../usr/local/lib/android/sdk/platforms/android-35-ext14/data/res/layout-television: Cannot change mode to rwxr-xr-x: Operation not permitted
build	Cache Android SDK	2026-06-06T12:22:44.6792542Z /usr/bin/tar: ../../../../../usr/local/lib/android/sdk/platforms/android-35-ext14/data/res/values-mcc001-mnc01-hy: Cannot utime: Operation not permitted
build	Cache Android SDK	2026-06-06T12:22:44.6793025Z /usr/bin/tar: ../../../../../usr/local/lib/android/sdk/platforms/android-35-ext14/data/res/values-mcc001-mnc01-hy: Cannot change mode to rwxr-xr-x: Operation not permitted
build	Cache Android SDK	2026-06-06T12:22:44.6795795Z /usr/bin/tar: ../../../../../usr/local/lib/android/sdk/platforms/android-35-ext14/data/res/values-mcc310-mnc800-fa: Cannot utime: Operation not permitted
build	Cache Android SDK	2026-06-06T12:22:44.6796282Z /usr/bin/tar: ../../../../../usr/local/lib/android/sdk/platforms/android-35-ext14/data/res/values-mcc310-mnc800-fa: Cannot change mode to rwxr-xr-x: Operation not permitted
build	Cache Android SDK	2026-06-06T12:22:44.6799051Z /usr/bin/tar: ../../../../../usr/local/lib/android/sdk/platforms/android-35-ext14/data/res/values-mcc310-mnc220-ru: Cannot utime: Operation not permitted
build	Cache Android SDK	2026-06-06T12:22:44.6800320Z /usr/bin/tar: ../../../../../usr/local/lib/android/sdk/platforms/android-35-ext14/data/res/values-mcc310-mnc220-ru: Cannot change mode to rwxr-xr-x: Operation not permitted
build	Cache Android SDK	2026-06-06T12:22:44.6801968Z /usr/bin/tar: ../../../../../usr/local/lib/android/sdk/platforms/android-35-ext14/data/res/values-mcc302-mnc370-as: Cannot utime: Operation not permitted
build	Cache Android SDK	2026-06-06T12:22:44.6802467Z /usr/bin/tar: ../../../../../usr/local/lib/android/sdk/platforms/android-35-ext14/data/res/values-mcc302-mnc370-as: Cannot change mode to rwxr-xr-x: Operation not permitted
build	Cache Android SDK	2026-06-06T12:22:44.6810563Z /usr/bin/tar: ../../../../../usr/local/lib/android/sdk/platforms/android-35-ext14/data/res/values-my: Cannot utime: Operation not permitted
build	Cache Android SDK	2026-06-06T12:22:44.6811793Z /usr/bin/tar: ../../../../../usr/local/lib/android/sdk/platforms/android-35-ext14/data/res/values-my: Cannot change mode to rwxr-xr-x: Operation not permitted
build	Cache Android SDK	2026-06-06T12:22:44.6815576Z /usr/bin/tar: ../../../../../usr/local/lib/android/sdk/platforms/android-35-ext14/data/res/values-h480dp: Cannot utime: Operation not permitted
build	Cache Android SDK	2026-06-06T12:22:44.6816017Z /usr/bin/tar: ../../../../../usr/local/lib/android/sdk/platforms/android-35-ext14/data/res/values-h480dp: Cannot change mode to rwxr-xr-x: Operation not permitted
build	Cache Android SDK	2026-06-06T12:22:44.6818862Z /usr/bin/tar: ../../../../../usr/local/lib/android/sdk/platforms/android-35-ext14/data/res/values-mcc310-mnc150-km: Cannot utime: Operation not permitted
build	Cache Android SDK	2026-06-06T12:22:44.6819328Z /usr/bin/tar: ../../../../../usr/local/lib/android/sdk/platforms/android-35-ext14/data/res/values-mcc310-mnc150-km: Cannot change mode to rwxr-xr-x: Operation not permitted
build	Cache Android SDK	2026-06-06T12:22:44.6821922Z /usr/bin/tar: ../../../../../usr/local/lib/android/sdk/platforms/android-35-ext14/data/res/values-mcc310-mnc410-in: Cannot utime: Operation not permitted
build	Cache Android SDK	2026-06-06T12:22:44.6822480Z /usr/bin/tar: ../../../../../usr/local/lib/android/sdk/platforms/android-35-ext14/data/res/values-mcc310-mnc410-in: Cannot change mode to rwxr-xr-x: Operation not permitted
build	Cache Android SDK	2026-06-06T12:22:44.6824865Z /usr/bin/tar: ../../../../../usr/local/lib/android/sdk/platforms/android-35-ext14/data/res/values-mcc310-mnc950: Cannot utime: Operation not permitted
build	Cache Android SDK	2026-06-06T12:22:44.6825331Z /usr/bin/tar: ../../../../../usr/local/lib/android/sdk/platforms/android-35-ext14/data/res/values-mcc310-mnc950: Cannot change mode to rwxr-xr-x: Operation not permitted
build	Cache Android SDK	2026-06-06T12:22:44.6829981Z /usr/bin/tar: ../../../../../usr/local/lib/android/sdk/platforms/android-35-ext14/data/res/values-mcc310-mnc220-mn: Cannot utime: Operation not permitted
build	Cache Android SDK	2026-06-06T12:22:44.6830461Z /usr/bin/tar: ../../../../../usr/local/lib/android/sdk/platforms/android-35-ext14/data/res/values-mcc310-mnc220-mn: Cannot change mode to rwxr-xr-x: Operation not permitted
build	Cache Android SDK	2026-06-06T12:22:44.6835498Z /usr/bin/tar: ../../../../../usr/local/lib/android/sdk/platforms/android-35-ext14/data/res/values-mcc310-mnc950-ml: Cannot utime: Operation not permitted
build	Cache Android SDK	2026-06-06T12:22:44.6835989Z /usr/bin/tar: ../../../../../usr/local/lib/android/sdk/platforms/android-35-ext14/data/res/values-mcc310-mnc950-ml: Cannot change mode to rwxr-xr-x: Operation not permitted
build	Cache Android SDK	2026-06-06T12:22:44.6840966Z /usr/bin/tar: ../../../../../usr/local/lib/android/sdk/platforms/android-35-ext14/data/res/interpolator-watch: Cannot utime: Operation not permitted
build	Cache Android SDK	2026-06-06T12:22:44.6841823Z /usr/bin/tar: ../../../../../usr/local/lib/android/sdk/platforms/android-35-ext14/data/res/interpolator-watch: Cannot change mode to rwxr-xr-x: Operation not permitted
build	Cache Android SDK	2026-06-06T12:22:44.6846000Z /usr/bin/tar: ../../../../../usr/local/lib/android/sdk/platforms/android-35-ext14/data/res/values-lt: Cannot utime: Operation not permitted
build	Cache Android SDK	2026-06-06T12:22:44.6846905Z /usr/bin/tar: ../../../../../usr/local/lib/android/sdk/platforms/android-35-ext14/data/res/values-lt: Cannot change mode to rwxr-xr-x: Operation not permitted
build	Cache Android SDK	2026-06-06T12:22:44.6849646Z /usr/bin/tar: ../../../../../usr/local/lib/android/sdk/platforms/android-35-ext14/data/res/values-mcc310-mnc270-zu: Cannot utime: Operation not permitted
build	Cache Android SDK	2026-06-06T12:22:44.6850285Z /usr/bin/tar: ../../../../../usr/local/lib/android/sdk/platforms/android-35-ext14/data/res/values-mcc310-mnc270-zu: Cannot change mode to rwxr-xr-x: Operation not permitted
build	Cache Android SDK	2026-06-06T12:22:44.6853392Z /usr/bin/tar: ../../../../../usr/local/lib/android/sdk/platforms/android-35-ext14/data/res/values-sr-television: Cannot utime: Operation not permitted
build	Cache Android SDK	2026-06-06T12:22:44.6853971Z /usr/bin/tar: ../../../../../usr/local/lib/android/sdk/platforms/android-35-ext14/data/res/values-sr-television: Cannot change mode to rwxr-xr-x: Operation not permitted
build	Cache Android SDK	2026-06-06T12:22:44.6856477Z /usr/bin/tar: ../../../../../usr/local/lib/android/sdk/platforms/android-35-ext14/data/res/values-mcc312-mnc670-pt-rPT: Cannot utime: Operation not permitted
build	Cache Android SDK	2026-06-06T12:22:44.6856996Z /usr/bin/tar: ../../../../../usr/local/lib/android/sdk/platforms/android-35-ext14/data/res/values-mcc312-mnc670-pt-rPT: Cannot change mode to rwxr-xr-x: Operation not permitted
build	Cache Android SDK	2026-06-06T12:22:44.6859251Z /usr/bin/tar: ../../../../../usr/local/lib/android/sdk/platforms/android-35-ext14/data/res/values-bg-rBG: Cannot utime: Operation not permitted
build	Cache Android SDK	2026-06-06T12:22:44.6859709Z /usr/bin/tar: ../../../../../usr/local/lib/android/sdk/platforms/android-35-ext14/data/res/values-bg-rBG: Cannot change mode to rwxr-xr-x: Operation not permitted
build	Cache Android SDK	2026-06-06T12:22:44.6862116Z /usr/bin/tar: ../../../../../usr/local/lib/android/sdk/platforms/android-35-ext14/data/res/values-mcc310-mnc270-ko: Cannot utime: Operation not permitted
build	Cache Android SDK	2026-06-06T12:22:44.6862609Z /usr/bin/tar: ../../../../../usr/local/lib/android/sdk/platforms/android-35-ext14/data/res/values-mcc310-mnc270-ko: Cannot change mode to rwxr-xr-x: Operation not permitted
build	Cache Android SDK	2026-06-06T12:22:44.6865752Z /usr/bin/tar: ../../../../../usr/local/lib/android/sdk/platforms/android-35-ext14/data/res/values-mcc334-mnc020-nb: Cannot utime: Operation not permitted
build	Cache Android SDK	2026-06-06T12:22:44.6866241Z /usr/bin/tar: ../../../../../usr/local/lib/android/sdk/platforms/android-35-ext14/data/res/values-mcc334-mnc020-nb: Cannot change mode to rwxr-xr-x: Operation not permitted
build	Cache Android SDK	2026-06-06T12:22:44.6869208Z /usr/bin/tar: ../../../../../usr/local/lib/android/sdk/platforms/android-35-ext14/data/res/values-mcc310-mnc150-en-rGB: Cannot utime: Operation not permitted
build	Cache Android SDK	2026-06-06T12:22:44.6869709Z /usr/bin/tar: ../../../../../usr/local/lib/android/sdk/platforms/android-35-ext14/data/res/values-mcc310-mnc150-en-rGB: Cannot change mode to rwxr-xr-x: Operation not permitted
build	Cache Android SDK	2026-06-06T12:22:44.6872159Z /usr/bin/tar: ../../../../../usr/local/lib/android/sdk/platforms/android-35-ext14/data/res/values-mcc310-mnc380-en-rIN: Cannot utime: Operation not permitted
build	Cache Android SDK	2026-06-06T12:22:44.6872655Z /usr/bin/tar: ../../../../../usr/local/lib/android/sdk/platforms/android-35-ext14/data/res/values-mcc310-mnc380-en-rIN: Cannot change mode to rwxr-xr-x: Operation not permitted
build	Cache Android SDK	2026-06-06T12:22:44.6875247Z /usr/bin/tar: ../../../../../usr/local/lib/android/sdk/platforms/android-35-ext14/data/res/values-mcc310-mnc490-en-rAU: Cannot utime: Operation not permitted
build	Cache Android SDK	2026-06-06T12:22:44.6875738Z /usr/bin/tar: ../../../../../usr/local/lib/android/sdk/platforms/android-35-ext14/data/res/values-mcc310-mnc490-en-rAU: Cannot change mode to rwxr-xr-x: Operation not permitted
build	Cache Android SDK	2026-06-06T12:22:44.6878293Z /usr/bin/tar: ../../../../../usr/local/lib/android/sdk/platforms/android-35-ext14/data/res/values-mcc310-mnc380-vi: Cannot utime: Operation not permitted
build	Cache Android SDK	2026-06-06T12:22:44.6878770Z /usr/bin/tar: ../../../../../usr/local/lib/android/sdk/platforms/android-35-ext14/data/res/values-mcc310-mnc380-vi: Cannot change mode to rwxr-xr-x: Operation not permitted
build	Cache Android SDK	2026-06-06T12:22:44.6881648Z /usr/bin/tar: ../../../../../usr/local/lib/android/sdk/platforms/android-35-ext14/data/res/values-mcc310-mnc220-km: Cannot utime: Operation not permitted
build	Cache Android SDK	2026-06-06T12:22:44.6882308Z /usr/bin/tar: ../../../../../usr/local/lib/android/sdk/platforms/android-35-ext14/data/res/values-mcc310-mnc220-km: Cannot change mode to rwxr-xr-x: Operation not permitted
build	Cache Android SDK	2026-06-06T12:22:44.6885437Z /usr/bin/tar: ../../../../../usr/local/lib/android/sdk/platforms/android-35-ext14/data/res/values-mcc311-mnc180-b+sr+Latn: Cannot utime: Operation not permitted
build	Cache Android SDK	2026-06-06T12:22:44.6885940Z /usr/bin/tar: ../../../../../usr/local/lib/android/sdk/platforms/android-35-ext14/data/res/values-mcc311-mnc180-b+sr+Latn: Cannot change mode to rwxr-xr-x: Operation not permitted
build	Cache Android SDK	2026-06-06T12:22:44.6888668Z /usr/bin/tar: ../../../../../usr/local/lib/android/sdk/platforms/android-35-ext14/data/res/values-mcc313-mnc100-tr: Cannot utime: Operation not permitted
build	Cache Android SDK	2026-06-06T12:22:44.6889154Z /usr/bin/tar: ../../../../../usr/local/lib/android/sdk/platforms/android-35-ext14/data/res/values-mcc313-mnc100-tr: Cannot change mode to rwxr-xr-x: Operation not permitted
build	Cache Android SDK	2026-06-06T12:22:44.6891296Z /usr/bin/tar: ../../../../../usr/local/lib/android/sdk/platforms/android-35-ext14/data/res/values-mcc234-mnc15: Cannot utime: Operation not permitted
build	Cache Android SDK	2026-06-06T12:22:44.6891754Z /usr/bin/tar: ../../../../../usr/local/lib/android/sdk/platforms/android-35-ext14/data/res/values-mcc234-mnc15: Cannot change mode to rwxr-xr-x: Operation not permitted
build	Cache Android SDK	2026-06-06T12:22:44.6895036Z /usr/bin/tar: ../../../../../usr/local/lib/android/sdk/platforms/android-35-ext14/data/res/values-or-watch: Cannot utime: Operation not permitted
build	Cache Android SDK	2026-06-06T12:22:44.6895497Z /usr/bin/tar: ../../../../../usr/local/lib/android/sdk/platforms/android-35-ext14/data/res/values-or-watch: Cannot change mode to rwxr-xr-x: Operation not permitted
build	Cache Android SDK	2026-06-06T12:22:44.6898178Z /usr/bin/tar: ../../../../../usr/local/lib/android/sdk/platforms/android-35-ext14/data/res/values-mcc262: Cannot utime: Operation not permitted
build	Cache Android SDK	2026-06-06T12:22:44.6898635Z /usr/bin/tar: ../../../../../usr/local/lib/android/sdk/platforms/android-35-ext14/data/res/values-mcc262: Cannot change mode to rwxr-xr-x: Operation not permitted
build	Cache Android SDK	2026-06-06T12:22:44.6901591Z /usr/bin/tar: ../../../../../usr/local/lib/android/sdk/platforms/android-35-ext14/data/res/values-mcc310-mnc160-lt: Cannot utime: Operation not permitted
build	Cache Android SDK	2026-06-06T12:22:44.6902067Z /usr/bin/tar: ../../../../../usr/local/lib/android/sdk/platforms/android-35-ext14/data/res/values-mcc310-mnc160-lt: Cannot change mode to rwxr-xr-x: Operation not permitted
build	Cache Android SDK	2026-06-06T12:22:44.6904541Z /usr/bin/tar: ../../../../../usr/local/lib/android/sdk/platforms/android-35-ext14/data/res/values-mcc310-mnc280-gu: Cannot utime: Operation not permitted
build	Cache Android SDK	2026-06-06T12:22:44.6905013Z /usr/bin/tar: ../../../../../usr/local/lib/android/sdk/platforms/android-35-ext14/data/res/values-mcc310-mnc280-gu: Cannot change mode to rwxr-xr-x: Operation not permitted
build	Cache Android SDK	2026-06-06T12:22:44.6907760Z /usr/bin/tar: ../../../../../usr/local/lib/android/sdk/platforms/android-35-ext14/data/res/values-mcc310-mnc030-sq: Cannot utime: Operation not permitted
build	Cache Android SDK	2026-06-06T12:22:44.6908246Z /usr/bin/tar: ../../../../../usr/local/lib/android/sdk/platforms/android-35-ext14/data/res/values-mcc310-mnc030-sq: Cannot change mode to rwxr-xr-x: Operation not permitted
build	Cache Android SDK	2026-06-06T12:22:44.6910944Z /usr/bin/tar: ../../../../../usr/local/lib/android/sdk/platforms/android-35-ext14/data/res/values-mcc310-mnc240-pt: Cannot utime: Operation not permitted
build	Cache Android SDK	2026-06-06T12:22:44.6911418Z /usr/bin/tar: ../../../../../usr/local/lib/android/sdk/platforms/android-35-ext14/data/res/values-mcc310-mnc240-pt: Cannot change mode to rwxr-xr-x: Operation not permitted
build	Cache Android SDK	2026-06-06T12:22:44.6914218Z /usr/bin/tar: ../../../../../usr/local/lib/android/sdk/platforms/android-35-ext14/data/res/values-mcc302-mnc370-es-rUS: Cannot utime: Operation not permitted
build	Cache Android SDK	2026-06-06T12:22:44.6914730Z /usr/bin/tar: ../../../../../usr/local/lib/android/sdk/platforms/android-35-ext14/data/res/values-mcc302-mnc370-es-rUS: Cannot change mode to rwxr-xr-x: Operation not permitted
build	Cache Android SDK	2026-06-06T12:22:44.6917640Z /usr/bin/tar: ../../../../../usr/local/lib/android/sdk/platforms/android-35-ext14/data/res/values-nl-watch: Cannot utime: Operation not permitted
build	Cache Android SDK	2026-06-06T12:22:44.6918363Z /usr/bin/tar: ../../../../../usr/local/lib/android/sdk/platforms/android-35-ext14/data/res/values-nl-watch: Cannot change mode to rwxr-xr-x: Operation not permitted
build	Cache Android SDK	2026-06-06T12:22:44.6925054Z /usr/bin/tar: ../../../../../usr/local/lib/android/sdk/platforms/android-35-ext14/data/res/values-cs: Cannot utime: Operation not permitted
build	Cache Android SDK	2026-06-06T12:22:44.6925487Z /usr/bin/tar: ../../../../../usr/local/lib/android/sdk/platforms/android-35-ext14/data/res/values-cs: Cannot change mode to rwxr-xr-x: Operation not permitted
build	Cache Android SDK	2026-06-06T12:22:44.6928443Z /usr/bin/tar: ../../../../../usr/local/lib/android/sdk/platforms/android-35-ext14/data/res/values-mcc311-mnc180-eu: Cannot utime: Operation not permitted
build	Cache Android SDK	2026-06-06T12:22:44.6929050Z /usr/bin/tar: ../../../../../usr/local/lib/android/sdk/platforms/android-35-ext14/data/res/values-mcc311-mnc180-eu: Cannot change mode to rwxr-xr-x: Operation not permitted
build	Cache Android SDK	2026-06-06T12:22:44.6931515Z /usr/bin/tar: ../../../../../usr/local/lib/android/sdk/platforms/android-35-ext14/data/res/values-mcc310-mnc210-km: Cannot utime: Operation not permitted
build	Cache Android SDK	2026-06-06T12:22:44.6931982Z /usr/bin/tar: ../../../../../usr/local/lib/android/sdk/platforms/android-35-ext14/data/res/values-mcc310-mnc210-km: Cannot change mode to rwxr-xr-x: Operation not permitted
build	Cache Android SDK	2026-06-06T12:22:44.6934691Z /usr/bin/tar: ../../../../../usr/local/lib/android/sdk/platforms/android-35-ext14/data/res/values-mcc313-mnc100-ja: Cannot utime: Operation not permitted
build	Cache Android SDK	2026-06-06T12:22:44.6935164Z /usr/bin/tar: ../../../../../usr/local/lib/android/sdk/platforms/android-35-ext14/data/res/values-mcc313-mnc100-ja: Cannot change mode to rwxr-xr-x: Operation not permitted
build	Cache Android SDK	2026-06-06T12:22:44.6937728Z /usr/bin/tar: ../../../../../usr/local/lib/android/sdk/platforms/android-35-ext14/data/res/values-mcc334-mnc020-sw: Cannot utime: Operation not permitted
build	Cache Android SDK	2026-06-06T12:22:44.6938199Z /usr/bin/tar: ../../../../../usr/local/lib/android/sdk/platforms/android-35-ext14/data/res/values-mcc334-mnc020-sw: Cannot change mode to rwxr-xr-x: Operation not permitted
build	Cache Android SDK	2026-06-06T12:22:44.6941201Z /usr/bin/tar: ../../../../../usr/local/lib/android/sdk/platforms/android-35-ext14/data/res/values-mcc310-mnc200-ta: Cannot utime: Operation not permitted
build	Cache Android SDK	2026-06-06T12:22:44.6941680Z /usr/bin/tar: ../../../../../usr/local/lib/android/sdk/platforms/android-35-ext14/data/res/values-mcc310-mnc200-ta: Cannot change mode to rwxr-xr-x: Operation not permitted
build	Cache Android SDK	2026-06-06T12:22:44.6944113Z /usr/bin/tar: ../../../../../usr/local/lib/android/sdk/platforms/android-35-ext14/data/res/values-mcc310-mnc800-kn: Cannot utime: Operation not permitted
build	Cache Android SDK	2026-06-06T12:22:44.6944586Z /usr/bin/tar: ../../../../../usr/local/lib/android/sdk/platforms/android-35-ext14/data/res/values-mcc310-mnc800-kn: Cannot change mode to rwxr-xr-x: Operation not permitted
build	Cache Android SDK	2026-06-06T12:22:44.6947160Z /usr/bin/tar: ../../../../../usr/local/lib/android/sdk/platforms/android-35-ext14/data/res/values-mcc310-mnc800: Cannot utime: Operation not permitted
build	Cache Android SDK	2026-06-06T12:22:44.6947810Z /usr/bin/tar: ../../../../../usr/local/lib/android/sdk/platforms/android-35-ext14/data/res/values-mcc310-mnc800: Cannot change mode to rwxr-xr-x: Operation not permitted
build	Cache Android SDK	2026-06-06T12:22:44.6950147Z /usr/bin/tar: ../../../../../usr/local/lib/android/sdk/platforms/android-35-ext14/data/res/values-mcc310-mnc410-en-rXC: Cannot utime: Operation not permitted
build	Cache Android SDK	2026-06-06T12:22:44.6950639Z /usr/bin/tar: ../../../../../usr/local/lib/android/sdk/platforms/android-35-ext14/data/res/values-mcc310-mnc410-en-rXC: Cannot change mode to rwxr-xr-x: Operation not permitted
build	Cache Android SDK	2026-06-06T12:22:44.6953428Z /usr/bin/tar: ../../../../../usr/local/lib/android/sdk/platforms/android-35-ext14/data/res/values-mcc310-mnc220-bn: Cannot utime: Operation not permitted
build	Cache Android SDK	2026-06-06T12:22:44.6953901Z /usr/bin/tar: ../../../../../usr/local/lib/android/sdk/platforms/android-35-ext14/data/res/values-mcc310-mnc220-bn: Cannot change mode to rwxr-xr-x: Operation not permitted
build	Cache Android SDK	2026-06-06T12:22:44.6956500Z /usr/bin/tar: ../../../../../usr/local/lib/android/sdk/platforms/android-35-ext14/data/res/values-mcc310-mnc490-ca: Cannot utime: Operation not permitted
build	Cache Android SDK	2026-06-06T12:22:44.6956973Z /usr/bin/tar: ../../../../../usr/local/lib/android/sdk/platforms/android-35-ext14/data/res/values-mcc310-mnc490-ca: Cannot change mode to rwxr-xr-x: Operation not permitted
build	Cache Android SDK	2026-06-06T12:22:44.6959720Z /usr/bin/tar: ../../../../../usr/local/lib/android/sdk/platforms/android-35-ext14/data/res/values-en-rAU-watch: Cannot utime: Operation not permitted
build	Cache Android SDK	2026-06-06T12:22:44.6960187Z /usr/bin/tar: ../../../../../usr/local/lib/android/sdk/platforms/android-35-ext14/data/res/values-en-rAU-watch: Cannot change mode to rwxr-xr-x: Operation not permitted
build	Cache Android SDK	2026-06-06T12:22:44.6962723Z /usr/bin/tar: ../../../../../usr/local/lib/android/sdk/platforms/android-35-ext14/data/res/values-mcc310-mnc220-et: Cannot utime: Operation not permitted
build	Cache Android SDK	2026-06-06T12:22:44.6963194Z /usr/bin/tar: ../../../../../usr/local/lib/android/sdk/platforms/android-35-ext14/data/res/values-mcc310-mnc220-et: Cannot change mode to rwxr-xr-x: Operation not permitted
build	Cache Android SDK	2026-06-06T12:22:44.6965677Z /usr/bin/tar: ../../../../../usr/local/lib/android/sdk/platforms/android-35-ext14/data/res/values-w195dp: Cannot utime: Operation not permitted
build	Cache Android SDK	2026-06-06T12:22:44.6966131Z /usr/bin/tar: ../../../../../usr/local/lib/android/sdk/platforms/android-35-ext14/data/res/values-w195dp: Cannot change mode to rwxr-xr-x: Operation not permitted
build	Cache Android SDK	2026-06-06T12:22:44.6968957Z /usr/bin/tar: ../../../../../usr/local/lib/android/sdk/platforms/android-35-ext14/data/res/values-mcc310-mnc410-is: Cannot utime: Operation not permitted
build	Cache Android SDK	2026-06-06T12:22:44.6969429Z /usr/bin/tar: ../../../../../usr/local/lib/android/sdk/platforms/android-35-ext14/data/res/values-mcc310-mnc410-is: Cannot change mode to rwxr-xr-x: Operation not permitted
build	Cache Android SDK	2026-06-06T12:22:44.6971728Z /usr/bin/tar: ../../../../../usr/local/lib/android/sdk/platforms/android-35-ext14/data/res/values-mcc302-mnc370-vi: Cannot utime: Operation not permitted
build	Cache Android SDK	2026-06-06T12:22:44.6972211Z /usr/bin/tar: ../../../../../usr/local/lib/android/sdk/platforms/android-35-ext14/data/res/values-mcc302-mnc370-vi: Cannot change mode to rwxr-xr-x: Operation not permitted
build	Cache Android SDK	2026-06-06T12:22:44.6974952Z /usr/bin/tar: ../../../../../usr/local/lib/android/sdk/platforms/android-35-ext14/data/res/values-w426dp-h320dp: Cannot utime: Operation not permitted
build	Cache Android SDK	2026-06-06T12:22:44.6975409Z /usr/bin/tar: ../../../../../usr/local/lib/android/sdk/platforms/android-35-ext14/data/res/values-w426dp-h320dp: Cannot change mode to rwxr-xr-x: Operation not permitted
build	Cache Android SDK	2026-06-06T12:22:44.6978642Z /usr/bin/tar: ../../../../../usr/local/lib/android/sdk/platforms/android-35-ext14/data/res/values-mcc310-mnc200-iw: Cannot utime: Operation not permitted
build	Cache Android SDK	2026-06-06T12:22:44.6979125Z /usr/bin/tar: ../../../../../usr/local/lib/android/sdk/platforms/android-35-ext14/data/res/values-mcc310-mnc200-iw: Cannot change mode to rwxr-xr-x: Operation not permitted
build	Cache Android SDK	2026-06-06T12:22:44.6981756Z /usr/bin/tar: ../../../../../usr/local/lib/android/sdk/platforms/android-35-ext14/data/res/values-mcc001-mnc01-sl: Cannot utime: Operation not permitted
build	Cache Android SDK	2026-06-06T12:22:44.6982243Z /usr/bin/tar: ../../../../../usr/local/lib/android/sdk/platforms/android-35-ext14/data/res/values-mcc001-mnc01-sl: Cannot change mode to rwxr-xr-x: Operation not permitted
build	Cache Android SDK	2026-06-06T12:22:44.6984763Z /usr/bin/tar: ../../../../../usr/local/lib/android/sdk/platforms/android-35-ext14/data/res/values-mcc313-mnc100-ro: Cannot utime: Operation not permitted
build	Cache Android SDK	2026-06-06T12:22:44.6985250Z /usr/bin/tar: ../../../../../usr/local/lib/android/sdk/platforms/android-35-ext14/data/res/values-mcc313-mnc100-ro: Cannot change mode to rwxr-xr-x: Operation not permitted
build	Cache Android SDK	2026-06-06T12:22:44.6990755Z /usr/bin/tar: ../../../../../usr/local/lib/android/sdk/platforms/android-35-ext14/data/res/values-mcc001-mnc01-en-rGB: Cannot utime: Operation not permitted
build	Cache Android SDK	2026-06-06T12:22:44.6991261Z /usr/bin/tar: ../../../../../usr/local/lib/android/sdk/platforms/android-35-ext14/data/res/values-mcc001-mnc01-en-rGB: Cannot change mode to rwxr-xr-x: Operation not permitted
build	Cache Android SDK	2026-06-06T12:22:44.6993785Z /usr/bin/tar: ../../../../../usr/local/lib/android/sdk/platforms/android-35-ext14/data/res/values-mcc310-mnc230-et: Cannot utime: Operation not permitted
build	Cache Android SDK	2026-06-06T12:22:44.6994251Z /usr/bin/tar: ../../../../../usr/local/lib/android/sdk/platforms/android-35-ext14/data/res/values-mcc310-mnc230-et: Cannot change mode to rwxr-xr-x: Operation not permitted
build	Cache Android SDK	2026-06-06T12:22:44.6996727Z /usr/bin/tar: ../../../../../usr/local/lib/android/sdk/platforms/android-35-ext14/data/res/values-mcc313-mnc100-ko: Cannot utime: Operation not permitted
build	Cache Android SDK	2026-06-06T12:22:44.6997195Z /usr/bin/tar: ../../../../../usr/local/lib/android/sdk/platforms/android-35-ext14/data/res/values-mcc313-mnc100-ko: Cannot change mode to rwxr-xr-x: Operation not permitted
build	Cache Android SDK	2026-06-06T12:22:44.7000160Z /usr/bin/tar: ../../../../../usr/local/lib/android/sdk/platforms/android-35-ext14/data/res/values-mcc310-mnc380-fr: Cannot utime: Operation not permitted
build	Cache Android SDK	2026-06-06T12:22:44.7000643Z /usr/bin/tar: ../../../../../usr/local/lib/android/sdk/platforms/android-35-ext14/data/res/values-mcc310-mnc380-fr: Cannot change mode to rwxr-xr-x: Operation not permitted
build	Cache Android SDK	2026-06-06T12:22:44.7003569Z /usr/bin/tar: ../../../../../usr/local/lib/android/sdk/platforms/android-35-ext14/data/res/values-mcc310-mnc250-bn: Cannot utime: Operation not permitted
build	Cache Android SDK	2026-06-06T12:22:44.7004042Z /usr/bin/tar: ../../../../../usr/local/lib/android/sdk/platforms/android-35-ext14/data/res/values-mcc310-mnc250-bn: Cannot change mode to rwxr-xr-x: Operation not permitted
build	Cache Android SDK	2026-06-06T12:22:44.7006749Z /usr/bin/tar: ../../../../../usr/local/lib/android/sdk/platforms/android-35-ext14/data/res/values-mcc302-mnc720-lo: Cannot utime: Operation not permitted
build	Cache Android SDK	2026-06-06T12:22:44.7007245Z /usr/bin/tar: ../../../../../usr/local/lib/android/sdk/platforms/android-35-ext14/data/res/values-mcc302-mnc720-lo: Cannot change mode to rwxr-xr-x: Operation not permitted
build	Cache Android SDK	2026-06-06T12:22:44.7011386Z /usr/bin/tar: ../../../../../usr/local/lib/android/sdk/platforms/android-35-ext14/data/res/values-mcc310-mnc210-mn: Cannot utime: Operation not permitted
build	Cache Android SDK	2026-06-06T12:22:44.7011986Z /usr/bin/tar: ../../../../../usr/local/lib/android/sdk/platforms/android-35-ext14/data/res/values-mcc310-mnc210-mn: Cannot change mode to rwxr-xr-x: Operation not permitted
build	Cache Android SDK	2026-06-06T12:22:44.7014457Z /usr/bin/tar: ../../../../../usr/local/lib/android/sdk/platforms/android-35-ext14/data/res/values-mcc310-mnc230-gl: Cannot utime: Operation not permitted
build	Cache Android SDK	2026-06-06T12:22:44.7015000Z /usr/bin/tar: ../../../../../usr/local/lib/android/sdk/platforms/android-35-ext14/data/res/values-mcc310-mnc230-gl: Cannot change mode to rwxr-xr-x: Operation not permitted
build	Cache Android SDK	2026-06-06T12:22:44.7018050Z /usr/bin/tar: ../../../../../usr/local/lib/android/sdk/platforms/android-35-ext14/data/res/values-mcc310-mnc230-bg: Cannot utime: Operation not permitted
build	Cache Android SDK	2026-06-06T12:22:44.7018525Z /usr/bin/tar: ../../../../../usr/local/lib/android/sdk/platforms/android-35-ext14/data/res/values-mcc310-mnc230-bg: Cannot change mode to rwxr-xr-x: Operation not permitted
build	Cache Android SDK	2026-06-06T12:22:44.7020789Z /usr/bin/tar: ../../../../../usr/local/lib/android/sdk/platforms/android-35-ext14/data/res/values-mcc310-mnc250-pt: Cannot utime: Operation not permitted
build	Cache Android SDK	2026-06-06T12:22:44.7021263Z /usr/bin/tar: ../../../../../usr/local/lib/android/sdk/platforms/android-35-ext14/data/res/values-mcc310-mnc250-pt: Cannot change mode to rwxr-xr-x: Operation not permitted
build	Cache Android SDK	2026-06-06T12:22:44.7024022Z /usr/bin/tar: ../../../../../usr/local/lib/android/sdk/platforms/android-35-ext14/data/res/values-mcc310-mnc160-ko: Cannot utime: Operation not permitted
build	Cache Android SDK	2026-06-06T12:22:44.7024503Z /usr/bin/tar: ../../../../../usr/local/lib/android/sdk/platforms/android-35-ext14/data/res/values-mcc310-mnc160-ko: Cannot change mode to rwxr-xr-x: Operation not permitted
build	Cache Android SDK	2026-06-06T12:22:44.7026910Z /usr/bin/tar: ../../../../../usr/local/lib/android/sdk/platforms/android-35-ext14/data/res/values-mcc310-mnc410-sq: Cannot utime: Operation not permitted
build	Cache Android SDK	2026-06-06T12:22:44.7027680Z /usr/bin/tar: ../../../../../usr/local/lib/android/sdk/platforms/android-35-ext14/data/res/values-mcc310-mnc410-sq: Cannot change mode to rwxr-xr-x: Operation not permitted
build	Cache Android SDK	2026-06-06T12:22:44.7030473Z /usr/bin/tar: ../../../../../usr/local/lib/android/sdk/platforms/android-35-ext14/data/res/values-w480dp: Cannot utime: Operation not permitted
build	Cache Android SDK	2026-06-06T12:22:44.7030922Z /usr/bin/tar: ../../../../../usr/local/lib/android/sdk/platforms/android-35-ext14/data/res/values-w480dp: Cannot change mode to rwxr-xr-x: Operation not permitted
build	Cache Android SDK	2026-06-06T12:22:44.7033617Z /usr/bin/tar: ../../../../../usr/local/lib/android/sdk/platforms/android-35-ext14/data/res/values-mcc310-mnc560-is: Cannot utime: Operation not permitted
build	Cache Android SDK	2026-06-06T12:22:44.7034209Z /usr/bin/tar: ../../../../../usr/local/lib/android/sdk/platforms/android-35-ext14/data/res/values-mcc310-mnc560-is: Cannot change mode to rwxr-xr-x: Operation not permitted
build	Cache Android SDK	2026-06-06T12:22:44.7037063Z /usr/bin/tar: ../../../../../usr/local/lib/android/sdk/platforms/android-35-ext14/data/res/values-mn-watch: Cannot utime: Operation not permitted
build	Cache Android SDK	2026-06-06T12:22:44.7037840Z /usr/bin/tar: ../../../../../usr/local/lib/android/sdk/platforms/android-35-ext14/data/res/values-mn-watch: Cannot change mode to rwxr-xr-x: Operation not permitted
build	Cache Android SDK	2026-06-06T12:22:44.7039763Z /usr/bin/tar: ../../../../../usr/local/lib/android/sdk/platforms/android-35-ext14/data/res/values-mcc302-mnc720-ru: Cannot utime: Operation not permitted
build	Cache Android SDK	2026-06-06T12:22:44.7040238Z /usr/bin/tar: ../../../../../usr/local/lib/android/sdk/platforms/android-35-ext14/data/res/values-mcc302-mnc720-ru: Cannot change mode to rwxr-xr-x: Operation not permitted
build	Cache Android SDK	2026-06-06T12:22:44.7042670Z /usr/bin/tar: ../../../../../usr/local/lib/android/sdk/platforms/android-35-ext14/data/res/values-mcc310-mnc950-zh-rCN: Cannot utime: Operation not permitted
build	Cache Android SDK	2026-06-06T12:22:44.7043177Z /usr/bin/tar: ../../../../../usr/local/lib/android/sdk/platforms/android-35-ext14/data/res/values-mcc310-mnc950-zh-rCN: Cannot change mode to rwxr-xr-x: Operation not permitted
build	Cache Android SDK	2026-06-06T12:22:44.7046601Z /usr/bin/tar: ../../../../../usr/local/lib/android/sdk/platforms/android-35-ext14/data/res/values-mcc310-mnc950-cs: Cannot utime: Operation not permitted
build	Cache Android SDK	2026-06-06T12:22:44.7047082Z /usr/bin/tar: ../../../../../usr/local/lib/android/sdk/platforms/android-35-ext14/data/res/values-mcc310-mnc950-cs: Cannot change mode to rwxr-xr-x: Operation not permitted
build	Cache Android SDK	2026-06-06T12:22:44.7049698Z /usr/bin/tar: ../../../../../usr/local/lib/android/sdk/platforms/android-35-ext14/data/res/values-mcc310-mnc200-pt: Cannot utime: Operation not permitted
build	Cache Android SDK	2026-06-06T12:22:44.7050178Z /usr/bin/tar: ../../../../../usr/local/lib/android/sdk/platforms/android-35-ext14/data/res/values-mcc310-mnc200-pt: Cannot change mode to rwxr-xr-x: Operation not permitted
build	Cache Android SDK	2026-06-06T12:22:44.7052797Z /usr/bin/tar: ../../../../../usr/local/lib/android/sdk/platforms/android-35-ext14/data/res/values-mcc310-mnc240-fr-rCA: Cannot utime: Operation not permitted
build	Cache Android SDK	2026-06-06T12:22:44.7053296Z /usr/bin/tar: ../../../../../usr/local/lib/android/sdk/platforms/android-35-ext14/data/res/values-mcc310-mnc240-fr-rCA: Cannot change mode to rwxr-xr-x: Operation not permitted
build	Cache Android SDK	2026-06-06T12:22:44.7055725Z /usr/bin/tar: ../../../../../usr/local/lib/android/sdk/platforms/android-35-ext14/data/res/values-mcc311-mnc180-pl: Cannot utime: Operation not permitted
build	Cache Android SDK	2026-06-06T12:22:44.7056198Z /usr/bin/tar: ../../../../../usr/local/lib/android/sdk/platforms/android-35-ext14/data/res/values-mcc311-mnc180-pl: Cannot change mode to rwxr-xr-x: Operation not permitted
build	Cache Android SDK	2026-06-06T12:22:44.7058736Z /usr/bin/tar: ../../../../../usr/local/lib/android/sdk/platforms/android-35-ext14/data/res/values-ka-television: Cannot utime: Operation not permitted
build	Cache Android SDK	2026-06-06T12:22:44.7059220Z /usr/bin/tar: ../../../../../usr/local/lib/android/sdk/platforms/android-35-ext14/data/res/values-ka-television: Cannot change mode to rwxr-xr-x: Operation not permitted
build	Cache Android SDK	2026-06-06T12:22:44.7061773Z /usr/bin/tar: ../../../../../usr/local/lib/android/sdk/platforms/android-35-ext14/data/res/values-mcc310-mnc310-hr: Cannot utime: Operation not permitted
build	Cache Android SDK	2026-06-06T12:22:44.7062243Z /usr/bin/tar: ../../../../../usr/local/lib/android/sdk/platforms/android-35-ext14/data/res/values-mcc310-mnc310-hr: Cannot change mode to rwxr-xr-x: Operation not permitted
build	Cache Android SDK	2026-06-06T12:22:44.7067953Z /usr/bin/tar: ../../../../../usr/local/lib/android/sdk/platforms/android-35-ext14/data/res/animator: Cannot utime: Operation not permitted
build	Cache Android SDK	2026-06-06T12:22:44.7068397Z /usr/bin/tar: ../../../../../usr/local/lib/android/sdk/platforms/android-35-ext14/data/res/animator: Cannot change mode to rwxr-xr-x: Operation not permitted
build	Cache Android SDK	2026-06-06T12:22:44.7070718Z /usr/bin/tar: ../../../../../usr/local/lib/android/sdk/platforms/android-35-ext14/data/res/values-az-television: Cannot utime: Operation not permitted
build	Cache Android SDK	2026-06-06T12:22:44.7071311Z /usr/bin/tar: ../../../../../usr/local/lib/android/sdk/platforms/android-35-ext14/data/res/values-az-television: Cannot change mode to rwxr-xr-x: Operation not permitted
build	Cache Android SDK	2026-06-06T12:22:44.7076655Z /usr/bin/tar: ../../../../../usr/local/lib/android/sdk/platforms/android-35-ext14/data/res/values-en-rGB: Cannot utime: Operation not permitted
build	Cache Android SDK	2026-06-06T12:22:44.7077109Z /usr/bin/tar: ../../../../../usr/local/lib/android/sdk/platforms/android-35-ext14/data/res/values-en-rGB: Cannot change mode to rwxr-xr-x: Operation not permitted
build	Cache Android SDK	2026-06-06T12:22:44.7080358Z /usr/bin/tar: ../../../../../usr/local/lib/android/sdk/platforms/android-35-ext14/data/res/values-mcc310-mnc230-pt: Cannot utime: Operation not permitted
build	Cache Android SDK	2026-06-06T12:22:44.7081260Z /usr/bin/tar: ../../../../../usr/local/lib/android/sdk/platforms/android-35-ext14/data/res/values-mcc310-mnc230-pt: Cannot change mode to rwxr-xr-x: Operation not permitted
build	Cache Android SDK	2026-06-06T12:22:44.7083796Z /usr/bin/tar: ../../../../../usr/local/lib/android/sdk/platforms/android-35-ext14/data/res/values-mcc302-mnc370-bn: Cannot utime: Operation not permitted
build	Cache Android SDK	2026-06-06T12:22:44.7084319Z /usr/bin/tar: ../../../../../usr/local/lib/android/sdk/platforms/android-35-ext14/data/res/values-mcc302-mnc370-bn: Cannot change mode to rwxr-xr-x: Operation not permitted
build	Cache Android SDK	2026-06-06T12:22:44.7086674Z /usr/bin/tar: ../../../../../usr/local/lib/android/sdk/platforms/android-35-ext14/data/res/values-mcc310-mnc410-ro: Cannot utime: Operation not permitted
build	Cache Android SDK	2026-06-06T12:22:44.7087150Z /usr/bin/tar: ../../../../../usr/local/lib/android/sdk/platforms/android-35-ext14/data/res/values-mcc310-mnc410-ro: Cannot change mode to rwxr-xr-x: Operation not permitted
build	Cache Android SDK	2026-06-06T12:22:44.7090173Z /usr/bin/tar: ../../../../../usr/local/lib/android/sdk/platforms/android-35-ext14/data/res/values-mcc310-mnc170-en-rXC: Cannot utime: Operation not permitted
build	Cache Android SDK	2026-06-06T12:22:44.7090692Z /usr/bin/tar: ../../../../../usr/local/lib/android/sdk/platforms/android-35-ext14/data/res/values-mcc310-mnc170-en-rXC: Cannot change mode to rwxr-xr-x: Operation not permitted
build	Cache Android SDK	2026-06-06T12:22:44.7097927Z /usr/bin/tar: ../../../../../usr/local/lib/android/sdk/platforms/android-35-ext14/data/res/values-ka: Cannot utime: Operation not permitted
build	Cache Android SDK	2026-06-06T12:22:44.7098843Z /usr/bin/tar: ../../../../../usr/local/lib/android/sdk/platforms/android-35-ext14/data/res/values-ka: Cannot change mode to rwxr-xr-x: Operation not permitted
build	Cache Android SDK	2026-06-06T12:22:44.7100783Z /usr/bin/tar: ../../../../../usr/local/lib/android/sdk/platforms/android-35-ext14/data/res/values-ky-watch: Cannot utime: Operation not permitted
build	Cache Android SDK	2026-06-06T12:22:44.7101239Z /usr/bin/tar: ../../../../../usr/local/lib/android/sdk/platforms/android-35-ext14/data/res/values-ky-watch: Cannot change mode to rwxr-xr-x: Operation not permitted
build	Cache Android SDK	2026-06-06T12:22:44.7103741Z /usr/bin/tar: ../../../../../usr/local/lib/android/sdk/platforms/android-35-ext14/data/res/values-am-watch: Cannot utime: Operation not permitted
build	Cache Android SDK	2026-06-06T12:22:44.7104198Z /usr/bin/tar: ../../../../../usr/local/lib/android/sdk/platforms/android-35-ext14/data/res/values-am-watch: Cannot change mode to rwxr-xr-x: Operation not permitted
build	Cache Android SDK	2026-06-06T12:22:44.7107085Z /usr/bin/tar: ../../../../../usr/local/lib/android/sdk/platforms/android-35-ext14/data/res/values-mcc310-mnc004: Cannot utime: Operation not permitted
build	Cache Android SDK	2026-06-06T12:22:44.7107753Z /usr/bin/tar: ../../../../../usr/local/lib/android/sdk/platforms/android-35-ext14/data/res/values-mcc310-mnc004: Cannot change mode to rwxr-xr-x: Operation not permitted
build	Cache Android SDK	2026-06-06T12:22:44.7110339Z /usr/bin/tar: ../../../../../usr/local/lib/android/sdk/platforms/android-35-ext14/data/res/values-mcc310-mnc230-hu: Cannot utime: Operation not permitted
build	Cache Android SDK	2026-06-06T12:22:44.7110922Z /usr/bin/tar: ../../../../../usr/local/lib/android/sdk/platforms/android-35-ext14/data/res/values-mcc310-mnc230-hu: Cannot change mode to rwxr-xr-x: Operation not permitted
build	Cache Android SDK	2026-06-06T12:22:44.7113389Z /usr/bin/tar: ../../../../../usr/local/lib/android/sdk/platforms/android-35-ext14/data/res/values-mcc310-mnc660-hu: Cannot utime: Operation not permitted
build	Cache Android SDK	2026-06-06T12:22:44.7113854Z /usr/bin/tar: ../../../../../usr/local/lib/android/sdk/platforms/android-35-ext14/data/res/values-mcc310-mnc660-hu: Cannot change mode to rwxr-xr-x: Operation not permitted
build	Cache Android SDK	2026-06-06T12:22:44.7116740Z /usr/bin/tar: ../../../../../usr/local/lib/android/sdk/platforms/android-35-ext14/data/res/raw-es: Cannot utime: Operation not permitted
build	Cache Android SDK	2026-06-06T12:22:44.7117154Z /usr/bin/tar: ../../../../../usr/local/lib/android/sdk/platforms/android-35-ext14/data/res/raw-es: Cannot change mode to rwxr-xr-x: Operation not permitted
build	Cache Android SDK	2026-06-06T12:22:44.7120275Z /usr/bin/tar: ../../../../../usr/local/lib/android/sdk/platforms/android-35-ext14/data/res/values-mcc310-mnc220-ta: Cannot utime: Operation not permitted
build	Cache Android SDK	2026-06-06T12:22:44.7120743Z /usr/bin/tar: ../../../../../usr/local/lib/android/sdk/platforms/android-35-ext14/data/res/values-mcc310-mnc220-ta: Cannot change mode to rwxr-xr-x: Operation not permitted
build	Cache Android SDK	2026-06-06T12:22:44.7123485Z /usr/bin/tar: ../../../../../usr/local/lib/android/sdk/platforms/android-35-ext14/data/res/values-mcc302-mnc370-fa: Cannot utime: Operation not permitted
build	Cache Android SDK	2026-06-06T12:22:44.7124076Z /usr/bin/tar: ../../../../../usr/local/lib/android/sdk/platforms/android-35-ext14/data/res/values-mcc302-mnc370-fa: Cannot change mode to rwxr-xr-x: Operation not permitted
build	Cache Android SDK	2026-06-06T12:22:44.7126847Z /usr/bin/tar: ../../../../../usr/local/lib/android/sdk/platforms/android-35-ext14/data/res/values-mcc310-mnc270-en-rAU: Cannot utime: Operation not permitted
build	Cache Android SDK	2026-06-06T12:22:44.7127594Z /usr/bin/tar: ../../../../../usr/local/lib/android/sdk/platforms/android-35-ext14/data/res/values-mcc310-mnc270-en-rAU: Cannot change mode to rwxr-xr-x: Operation not permitted
build	Cache Android SDK	2026-06-06T12:22:44.7139794Z /usr/bin/tar: ../../../../../usr/local/lib/android/sdk/platforms/android-35-ext14/data/res/drawable-land-mdpi: Cannot utime: Operation not permitted
build	Cache Android SDK	2026-06-06T12:22:44.7140372Z /usr/bin/tar: ../../../../../usr/local/lib/android/sdk/platforms/android-35-ext14/data/res/drawable-land-mdpi: Cannot change mode to rwxr-xr-x: Operation not permitted
build	Cache Android SDK	2026-06-06T12:22:44.7143095Z /usr/bin/tar: ../../../../../usr/local/lib/android/sdk/platforms/android-35-ext14/data/res/values-mcc310-mnc210-ta: Cannot utime: Operation not permitted
build	Cache Android SDK	2026-06-06T12:22:44.7143571Z /usr/bin/tar: ../../../../../usr/local/lib/android/sdk/platforms/android-35-ext14/data/res/values-mcc310-mnc210-ta: Cannot change mode to rwxr-xr-x: Operation not permitted
build	Cache Android SDK	2026-06-06T12:22:44.7148768Z /usr/bin/tar: ../../../../../usr/local/lib/android/sdk/platforms/android-35-ext14/data/res/values-mcc310-mnc410-ko: Cannot utime: Operation not permitted
build	Cache Android SDK	2026-06-06T12:22:44.7149435Z /usr/bin/tar: ../../../../../usr/local/lib/android/sdk/platforms/android-35-ext14/data/res/values-mcc310-mnc410-ko: Cannot change mode to rwxr-xr-x: Operation not permitted
build	Cache Android SDK	2026-06-06T12:22:44.7152152Z /usr/bin/tar: ../../../../../usr/local/lib/android/sdk/platforms/android-35-ext14/data/res/values-mcc310-mnc030-ms: Cannot utime: Operation not permitted
build	Cache Android SDK	2026-06-06T12:22:44.7152633Z /usr/bin/tar: ../../../../../usr/local/lib/android/sdk/platforms/android-35-ext14/data/res/values-mcc310-mnc030-ms: Cannot change mode to rwxr-xr-x: Operation not permitted
build	Cache Android SDK	2026-06-06T12:22:44.7156138Z /usr/bin/tar: ../../../../../usr/local/lib/android/sdk/platforms/android-35-ext14/data/res/values-mcc310-mnc280-hi: Cannot utime: Operation not permitted
build	Cache Android SDK	2026-06-06T12:22:44.7156604Z /usr/bin/tar: ../../../../../usr/local/lib/android/sdk/platforms/android-35-ext14/data/res/values-mcc310-mnc280-hi: Cannot change mode to rwxr-xr-x: Operation not permitted
build	Cache Android SDK	2026-06-06T12:22:44.7161109Z /usr/bin/tar: ../../../../../usr/local/lib/android/sdk/platforms/android-35-ext14/data/res/values-mcc310-mnc310-ro: Cannot utime: Operation not permitted
build	Cache Android SDK	2026-06-06T12:22:44.7161572Z /usr/bin/tar: ../../../../../usr/local/lib/android/sdk/platforms/android-35-ext14/data/res/values-mcc310-mnc310-ro: Cannot change mode to rwxr-xr-x: Operation not permitted
build	Cache Android SDK	2026-06-06T12:22:44.7164033Z /usr/bin/tar: ../../../../../usr/local/lib/android/sdk/platforms/android-35-ext14/data/res/values-mcc310-mnc240-pt-rBR: Cannot utime: Operation not permitted
build	Cache Android SDK	2026-06-06T12:22:44.7164528Z /usr/bin/tar: ../../../../../usr/local/lib/android/sdk/platforms/android-35-ext14/data/res/values-mcc310-mnc240-pt-rBR: Cannot change mode to rwxr-xr-x: Operation not permitted
build	Cache Android SDK	2026-06-06T12:22:44.7169744Z /usr/bin/tar: ../../../../../usr/local/lib/android/sdk/platforms/android-35-ext14/data/res/values-mcc310-mnc490-fr: Cannot utime: Operation not permitted
build	Cache Android SDK	2026-06-06T12:22:44.7170274Z /usr/bin/tar: ../../../../../usr/local/lib/android/sdk/platforms/android-35-ext14/data/res/values-mcc310-mnc490-fr: Cannot change mode to rwxr-xr-x: Operation not permitted
build	Cache Android SDK	2026-06-06T12:22:44.7172759Z /usr/bin/tar: ../../../../../usr/local/lib/android/sdk/platforms/android-35-ext14/data/res/values-mcc310-mnc160-gu: Cannot utime: Operation not permitted
build	Cache Android SDK	2026-06-06T12:22:44.7173236Z /usr/bin/tar: ../../../../../usr/local/lib/android/sdk/platforms/android-35-ext14/data/res/values-mcc310-mnc160-gu: Cannot change mode to rwxr-xr-x: Operation not permitted
build	Cache Android SDK	2026-06-06T12:22:44.7176545Z /usr/bin/tar: ../../../../../usr/local/lib/android/sdk/platforms/android-35-ext14/data/res/values-mcc310-mnc150-es: Cannot utime: Operation not permitted
build	Cache Android SDK	2026-06-06T12:22:44.7177002Z /usr/bin/tar: ../../../../../usr/local/lib/android/sdk/platforms/android-35-ext14/data/res/values-mcc310-mnc150-es: Cannot change mode to rwxr-xr-x: Operation not permitted
build	Cache Android SDK	2026-06-06T12:22:44.7179940Z /usr/bin/tar: ../../../../../usr/local/lib/android/sdk/platforms/android-35-ext14/data/res/values-mcc310-mnc800-hi: Cannot utime: Operation not permitted
build	Cache Android SDK	2026-06-06T12:22:44.7180402Z /usr/bin/tar: ../../../../../usr/local/lib/android/sdk/platforms/android-35-ext14/data/res/values-mcc310-mnc800-hi: Cannot change mode to rwxr-xr-x: Operation not permitted
build	Cache Android SDK	2026-06-06T12:22:44.7183284Z /usr/bin/tar: ../../../../../usr/local/lib/android/sdk/platforms/android-35-ext14/data/res/values-mcc450-ko: Cannot utime: Operation not permitted
build	Cache Android SDK	2026-06-06T12:22:44.7183738Z /usr/bin/tar: ../../../../../usr/local/lib/android/sdk/platforms/android-35-ext14/data/res/values-mcc450-ko: Cannot change mode to rwxr-xr-x: Operation not permitted
build	Cache Android SDK	2026-06-06T12:22:44.7186766Z /usr/bin/tar: ../../../../../usr/local/lib/android/sdk/platforms/android-35-ext14/data/res/values-ml-television: Cannot utime: Operation not permitted
build	Cache Android SDK	2026-06-06T12:22:44.7187226Z /usr/bin/tar: ../../../../../usr/local/lib/android/sdk/platforms/android-35-ext14/data/res/values-ml-television: Cannot change mode to rwxr-xr-x: Operation not permitted
build	Cache Android SDK	2026-06-06T12:22:44.7189985Z /usr/bin/tar: ../../../../../usr/local/lib/android/sdk/platforms/android-35-ext14/data/res/values-mcc310-mnc240-vi: Cannot utime: Operation not permitted
build	Cache Android SDK	2026-06-06T12:22:44.7190520Z /usr/bin/tar: ../../../../../usr/local/lib/android/sdk/platforms/android-35-ext14/data/res/values-mcc310-mnc240-vi: Cannot change mode to rwxr-xr-x: Operation not permitted
build	Cache Android SDK	2026-06-06T12:22:44.7193524Z /usr/bin/tar: ../../../../../usr/local/lib/android/sdk/platforms/android-35-ext14/data/res/values-mcc311-mnc180-de: Cannot utime: Operation not permitted
build	Cache Android SDK	2026-06-06T12:22:44.7194179Z /usr/bin/tar: ../../../../../usr/local/lib/android/sdk/platforms/android-35-ext14/data/res/values-mcc311-mnc180-de: Cannot change mode to rwxr-xr-x: Operation not permitted
build	Cache Android SDK	2026-06-06T12:22:44.7196712Z /usr/bin/tar: ../../../../../usr/local/lib/android/sdk/platforms/android-35-ext14/data/res/values-mcc310-mnc210-pt-rBR: Cannot utime: Operation not permitted
build	Cache Android SDK	2026-06-06T12:22:44.7197272Z /usr/bin/tar: ../../../../../usr/local/lib/android/sdk/platforms/android-35-ext14/data/res/values-mcc310-mnc210-pt-rBR: Cannot change mode to rwxr-xr-x: Operation not permitted
build	Cache Android SDK	2026-06-06T12:22:44.7199833Z /usr/bin/tar: ../../../../../usr/local/lib/android/sdk/platforms/android-35-ext14/data/res/values-mcc732: Cannot utime: Operation not permitted
build	Cache Android SDK	2026-06-06T12:22:44.7200391Z /usr/bin/tar: ../../../../../usr/local/lib/android/sdk/platforms/android-35-ext14/data/res/values-mcc732: Cannot change mode to rwxr-xr-x: Operation not permitted
build	Cache Android SDK	2026-06-06T12:22:44.7203351Z /usr/bin/tar: ../../../../../usr/local/lib/android/sdk/platforms/android-35-ext14/data/res/values-mcc313-mnc100-zh-rHK: Cannot utime: Operation not permitted
build	Cache Android SDK	2026-06-06T12:22:44.7203832Z /usr/bin/tar: ../../../../../usr/local/lib/android/sdk/platforms/android-35-ext14/data/res/values-mcc313-mnc100-zh-rHK: Cannot change mode to rwxr-xr-x: Operation not permitted
build	Cache Android SDK	2026-06-06T12:22:44.7207121Z /usr/bin/tar: ../../../../../usr/local/lib/android/sdk/platforms/android-35-ext14/data/res/values-mcc334-mnc020-or: Cannot utime: Operation not permitted
build	Cache Android SDK	2026-06-06T12:22:44.7207858Z /usr/bin/tar: ../../../../../usr/local/lib/android/sdk/platforms/android-35-ext14/data/res/values-mcc334-mnc020-or: Cannot change mode to rwxr-xr-x: Operation not permitted
build	Cache Android SDK	2026-06-06T12:22:44.7210548Z /usr/bin/tar: ../../../../../usr/local/lib/android/sdk/platforms/android-35-ext14/data/res/values-mcc310-mnc150-in: Cannot utime: Operation not permitted
build	Cache Android SDK	2026-06-06T12:22:44.7211041Z /usr/bin/tar: ../../../../../usr/local/lib/android/sdk/platforms/android-35-ext14/data/res/values-mcc310-mnc150-in: Cannot change mode to rwxr-xr-x: Operation not permitted
build	Cache Android SDK	2026-06-06T12:22:44.7213697Z /usr/bin/tar: ../../../../../usr/local/lib/android/sdk/platforms/android-35-ext14/data/res/values-kn-television: Cannot utime: Operation not permitted
build	Cache Android SDK	2026-06-06T12:22:44.7214244Z /usr/bin/tar: ../../../../../usr/local/lib/android/sdk/platforms/android-35-ext14/data/res/values-kn-television: Cannot change mode to rwxr-xr-x: Operation not permitted
build	Cache Android SDK	2026-06-06T12:22:44.7216778Z /usr/bin/tar: ../../../../../usr/local/lib/android/sdk/platforms/android-35-ext14/data/res/values-mcc310-mnc410-cs: Cannot utime: Operation not permitted
build	Cache Android SDK	2026-06-06T12:22:44.7217250Z /usr/bin/tar: ../../../../../usr/local/lib/android/sdk/platforms/android-35-ext14/data/res/values-mcc310-mnc410-cs: Cannot change mode to rwxr-xr-x: Operation not permitted
build	Cache Android SDK	2026-06-06T12:22:44.7219588Z /usr/bin/tar: ../../../../../usr/local/lib/android/sdk/platforms/android-35-ext14/data/res/values-mcc310-mnc200-tr: Cannot utime: Operation not permitted
build	Cache Android SDK	2026-06-06T12:22:44.7220064Z /usr/bin/tar: ../../../../../usr/local/lib/android/sdk/platforms/android-35-ext14/data/res/values-mcc310-mnc200-tr: Cannot change mode to rwxr-xr-x: Operation not permitted
build	Cache Android SDK	2026-06-06T12:22:44.7223572Z /usr/bin/tar: ../../../../../usr/local/lib/android/sdk/platforms/android-35-ext14/data/res/values-mcc310-mnc030-sw: Cannot utime: Operation not permitted
build	Cache Android SDK	2026-06-06T12:22:44.7224052Z /usr/bin/tar: ../../../../../usr/local/lib/android/sdk/platforms/android-35-ext14/data/res/values-mcc310-mnc030-sw: Cannot change mode to rwxr-xr-x: Operation not permitted
build	Cache Android SDK	2026-06-06T12:22:44.7226886Z /usr/bin/tar: ../../../../../usr/local/lib/android/sdk/platforms/android-35-ext14/data/res/values-hi-rIN: Cannot utime: Operation not permitted
build	Cache Android SDK	2026-06-06T12:22:44.7227340Z /usr/bin/tar: ../../../../../usr/local/lib/android/sdk/platforms/android-35-ext14/data/res/values-hi-rIN: Cannot change mode to rwxr-xr-x: Operation not permitted
build	Cache Android SDK	2026-06-06T12:22:44.7229941Z /usr/bin/tar: ../../../../../usr/local/lib/android/sdk/platforms/android-35-ext14/data/res/values-mcc310-mnc170-sk: Cannot utime: Operation not permitted
build	Cache Android SDK	2026-06-06T12:22:44.7230720Z /usr/bin/tar: ../../../../../usr/local/lib/android/sdk/platforms/android-35-ext14/data/res/values-mcc310-mnc170-sk: Cannot change mode to rwxr-xr-x: Operation not permitted
build	Cache Android SDK	2026-06-06T12:22:44.7232781Z /usr/bin/tar: ../../../../../usr/local/lib/android/sdk/platforms/android-35-ext14/data/res/values-mcc310-mnc030-pt: Cannot utime: Operation not permitted
build	Cache Android SDK	2026-06-06T12:22:44.7233262Z /usr/bin/tar: ../../../../../usr/local/lib/android/sdk/platforms/android-35-ext14/data/res/values-mcc310-mnc030-pt: Cannot change mode to rwxr-xr-x: Operation not permitted
build	Cache Android SDK	2026-06-06T12:22:44.7236277Z /usr/bin/tar: ../../../../../usr/local/lib/android/sdk/platforms/android-35-ext14/data/res/values-mcc310-mnc150-b+sr+Latn: Cannot utime: Operation not permitted
build	Cache Android SDK	2026-06-06T12:22:44.7236966Z /usr/bin/tar: ../../../../../usr/local/lib/android/sdk/platforms/android-35-ext14/data/res/values-mcc310-mnc150-b+sr+Latn: Cannot change mode to rwxr-xr-x: Operation not permitted
build	Cache Android SDK	2026-06-06T12:22:44.7239470Z /usr/bin/tar: ../../../../../usr/local/lib/android/sdk/platforms/android-35-ext14/data/res/values-mcc310-mnc160-tl: Cannot utime: Operation not permitted
build	Cache Android SDK	2026-06-06T12:22:44.7239926Z /usr/bin/tar: ../../../../../usr/local/lib/android/sdk/platforms/android-35-ext14/data/res/values-mcc310-mnc160-tl: Cannot change mode to rwxr-xr-x: Operation not permitted
build	Cache Android SDK	2026-06-06T12:22:44.7242486Z /usr/bin/tar: ../../../../../usr/local/lib/android/sdk/platforms/android-35-ext14/data/res/values-mcc310-mnc310-am: Cannot utime: Operation not permitted
build	Cache Android SDK	2026-06-06T12:22:44.7243311Z /usr/bin/tar: ../../../../../usr/local/lib/android/sdk/platforms/android-35-ext14/data/res/values-mcc310-mnc310-am: Cannot change mode to rwxr-xr-x: Operation not permitted
build	Cache Android SDK	2026-06-06T12:22:44.7246252Z /usr/bin/tar: ../../../../../usr/local/lib/android/sdk/platforms/android-35-ext14/data/res/values-mcc310-mnc490-et: Cannot utime: Operation not permitted
build	Cache Android SDK	2026-06-06T12:22:44.7246747Z /usr/bin/tar: ../../../../../usr/local/lib/android/sdk/platforms/android-35-ext14/data/res/values-mcc310-mnc490-et: Cannot change mode to rwxr-xr-x: Operation not permitted
build	Cache Android SDK	2026-06-06T12:22:44.7249346Z /usr/bin/tar: ../../../../../usr/local/lib/android/sdk/platforms/android-35-ext14/data/res/values-mcc310-mnc280-en-rCA: Cannot utime: Operation not permitted
build	Cache Android SDK	2026-06-06T12:22:44.7249834Z /usr/bin/tar: ../../../../../usr/local/lib/android/sdk/platforms/android-35-ext14/data/res/values-mcc310-mnc280-en-rCA: Cannot change mode to rwxr-xr-x: Operation not permitted
build	Cache Android SDK	2026-06-06T12:22:44.7252693Z /usr/bin/tar: ../../../../../usr/local/lib/android/sdk/platforms/android-35-ext14/data/res/values-mcc310-mnc030-az: Cannot utime: Operation not permitted
build	Cache Android SDK	2026-06-06T12:22:44.7253190Z /usr/bin/tar: ../../../../../usr/local/lib/android/sdk/platforms/android-35-ext14/data/res/values-mcc310-mnc030-az: Cannot change mode to rwxr-xr-x: Operation not permitted
build	Cache Android SDK	2026-06-06T12:22:44.7255851Z /usr/bin/tar: ../../../../../usr/local/lib/android/sdk/platforms/android-35-ext14/data/res/values-mcc310-mnc280-mr: Cannot utime: Operation not permitted
build	Cache Android SDK	2026-06-06T12:22:44.7256333Z /usr/bin/tar: ../../../../../usr/local/lib/android/sdk/platforms/android-35-ext14/data/res/values-mcc310-mnc280-mr: Cannot change mode to rwxr-xr-x: Operation not permitted
build	Cache Android SDK	2026-06-06T12:22:44.7259399Z /usr/bin/tar: ../../../../../usr/local/lib/android/sdk/platforms/android-35-ext14/data/res/values-mcc310-mnc170-ko: Cannot utime: Operation not permitted
build	Cache Android SDK	2026-06-06T12:22:44.7259870Z /usr/bin/tar: ../../../../../usr/local/lib/android/sdk/platforms/android-35-ext14/data/res/values-mcc310-mnc170-ko: Cannot change mode to rwxr-xr-x: Operation not permitted
build	Cache Android SDK	2026-06-06T12:22:44.7262559Z /usr/bin/tar: ../../../../../usr/local/lib/android/sdk/platforms/android-35-ext14/data/res/values-mcc310-mnc250-kn: Cannot utime: Operation not permitted
build	Cache Android SDK	2026-06-06T12:22:44.7263028Z /usr/bin/tar: ../../../../../usr/local/lib/android/sdk/platforms/android-35-ext14/data/res/values-mcc310-mnc250-kn: Cannot change mode to rwxr-xr-x: Operation not permitted
build	Cache Android SDK	2026-06-06T12:22:44.7265700Z /usr/bin/tar: ../../../../../usr/local/lib/android/sdk/platforms/android-35-ext14/data/res/values-mcc440-mnc54: Cannot utime: Operation not permitted
build	Cache Android SDK	2026-06-06T12:22:44.7266321Z /usr/bin/tar: ../../../../../usr/local/lib/android/sdk/platforms/android-35-ext14/data/res/values-mcc440-mnc54: Cannot change mode to rwxr-xr-x: Operation not permitted
build	Cache Android SDK	2026-06-06T12:22:44.7269154Z /usr/bin/tar: ../../../../../usr/local/lib/android/sdk/platforms/android-35-ext14/data/res/values-mcc310-mnc660-en-rIN: Cannot utime: Operation not permitted
build	Cache Android SDK	2026-06-06T12:22:44.7269641Z /usr/bin/tar: ../../../../../usr/local/lib/android/sdk/platforms/android-35-ext14/data/res/values-mcc310-mnc660-en-rIN: Cannot change mode to rwxr-xr-x: Operation not permitted
build	Cache Android SDK	2026-06-06T12:22:44.7272257Z /usr/bin/tar: ../../../../../usr/local/lib/android/sdk/platforms/android-35-ext14/data/res/values-iw-rIL: Cannot utime: Operation not permitted
build	Cache Android SDK	2026-06-06T12:22:44.7272702Z /usr/bin/tar: ../../../../../usr/local/lib/android/sdk/platforms/android-35-ext14/data/res/values-iw-rIL: Cannot change mode to rwxr-xr-x: Operation not permitted
build	Cache Android SDK	2026-06-06T12:22:44.7275556Z /usr/bin/tar: ../../../../../usr/local/lib/android/sdk/platforms/android-35-ext14/data/res/values-mcc310-mnc220-az: Cannot utime: Operation not permitted
build	Cache Android SDK	2026-06-06T12:22:44.7276018Z /usr/bin/tar: ../../../../../usr/local/lib/android/sdk/platforms/android-35-ext14/data/res/values-mcc310-mnc220-az: Cannot change mode to rwxr-xr-x: Operation not permitted
build	Cache Android SDK	2026-06-06T12:22:44.7279100Z /usr/bin/tar: ../../../../../usr/local/lib/android/sdk/platforms/android-35-ext14/data/res/values-mcc310-mnc200-mk: Cannot utime: Operation not permitted
build	Cache Android SDK	2026-06-06T12:22:44.7279576Z /usr/bin/tar: ../../../../../usr/local/lib/android/sdk/platforms/android-35-ext14/data/res/values-mcc310-mnc200-mk: Cannot change mode to rwxr-xr-x: Operation not permitted
build	Cache Android SDK	2026-06-06T12:22:44.7282382Z /usr/bin/tar: ../../../../../usr/local/lib/android/sdk/platforms/android-35-ext14/data/res/values-mcc334-mnc020-iw: Cannot utime: Operation not permitted
build	Cache Android SDK	2026-06-06T12:22:44.7282948Z /usr/bin/tar: ../../../../../usr/local/lib/android/sdk/platforms/android-35-ext14/data/res/values-mcc334-mnc020-iw: Cannot change mode to rwxr-xr-x: Operation not permitted
build	Cache Android SDK	2026-06-06T12:22:44.7285465Z /usr/bin/tar: ../../../../../usr/local/lib/android/sdk/platforms/android-35-ext14/data/res/values-mcc310-mnc380-pt-rPT: Cannot utime: Operation not permitted
build	Cache Android SDK	2026-06-06T12:22:44.7285947Z /usr/bin/tar: ../../../../../usr/local/lib/android/sdk/platforms/android-35-ext14/data/res/values-mcc310-mnc380-pt-rPT: Cannot change mode to rwxr-xr-x: Operation not permitted
build	Cache Android SDK	2026-06-06T12:22:44.7288757Z /usr/bin/tar: ../../../../../usr/local/lib/android/sdk/platforms/android-35-ext14/data/res/values-mcc310-mnc210-sk: Cannot utime: Operation not permitted
build	Cache Android SDK	2026-06-06T12:22:44.7289224Z /usr/bin/tar: ../../../../../usr/local/lib/android/sdk/platforms/android-35-ext14/data/res/values-mcc310-mnc210-sk: Cannot change mode to rwxr-xr-x: Operation not permitted
build	Cache Android SDK	2026-06-06T12:22:44.7291929Z /usr/bin/tar: ../../../../../usr/local/lib/android/sdk/platforms/android-35-ext14/data/res/values-mcc310-mnc160-uz: Cannot utime: Operation not permitted
build	Cache Android SDK	2026-06-06T12:22:44.7292395Z /usr/bin/tar: ../../../../../usr/local/lib/android/sdk/platforms/android-35-ext14/data/res/values-mcc310-mnc160-uz: Cannot change mode to rwxr-xr-x: Operation not permitted
build	Cache Android SDK	2026-06-06T12:22:44.7295083Z /usr/bin/tar: ../../../../../usr/local/lib/android/sdk/platforms/android-35-ext14/data/res/values-mcc310-mnc250-bg: Cannot utime: Operation not permitted
build	Cache Android SDK	2026-06-06T12:22:44.7295543Z /usr/bin/tar: ../../../../../usr/local/lib/android/sdk/platforms/android-35-ext14/data/res/values-mcc310-mnc250-bg: Cannot change mode to rwxr-xr-x: Operation not permitted
build	Cache Android SDK	2026-06-06T12:22:44.7298439Z /usr/bin/tar: ../../../../../usr/local/lib/android/sdk/platforms/android-35-ext14/data/res/values-mcc310-mnc410-km: Cannot utime: Operation not permitted
build	Cache Android SDK	2026-06-06T12:22:44.7299083Z /usr/bin/tar: ../../../../../usr/local/lib/android/sdk/platforms/android-35-ext14/data/res/values-mcc310-mnc410-km: Cannot change mode to rwxr-xr-x: Operation not permitted
build	Cache Android SDK	2026-06-06T12:22:44.7305090Z /usr/bin/tar: ../../../../../usr/local/lib/android/sdk/platforms/android-35-ext14/data/res/values-lv: Cannot utime: Operation not permitted
build	Cache Android SDK	2026-06-06T12:22:44.7306272Z /usr/bin/tar: ../../../../../usr/local/lib/android/sdk/platforms/android-35-ext14/data/res/values-lv: Cannot change mode to rwxr-xr-x: Operation not permitted
build	Cache Android SDK	2026-06-06T12:22:44.7307701Z /usr/bin/tar: ../../../../../usr/local/lib/android/sdk/platforms/android-35-ext14/data/res/values-mcc334-mnc020-vi: Cannot utime: Operation not permitted
build	Cache Android SDK	2026-06-06T12:22:44.7328683Z /usr/bin/tar: ../../../../../usr/local/lib/android/sdk/platforms/android-35-ext14/data/res/values-mcc334-mnc020-vi: Cannot change mode to rwxr-xr-x: Operation not permitted
build	Cache Android SDK	2026-06-06T12:22:44.7329188Z /usr/bin/tar: ../../../../../usr/local/lib/android/sdk/platforms/android-35-ext14/data/res/values-mcc310-mnc210-en-rAU: Cannot utime: Operation not permitted
build	Cache Android SDK	2026-06-06T12:22:44.7329689Z /usr/bin/tar: ../../../../../usr/local/lib/android/sdk/platforms/android-35-ext14/data/res/values-mcc310-mnc210-en-rAU: Cannot change mode to rwxr-xr-x: Operation not permitted
build	Cache Android SDK	2026-06-06T12:22:44.7330108Z /usr/bin/tar: ../../../../../usr/local/lib/android/sdk/platforms/android-35-ext14/data/res/values-mcc310-mnc560-ka: Cannot utime: Operation not permitted
build	Cache Android SDK	2026-06-06T12:22:44.7330669Z /usr/bin/tar: ../../../../../usr/local/lib/android/sdk/platforms/android-35-ext14/data/res/values-mcc310-mnc560-ka: Cannot change mode to rwxr-xr-x: Operation not permitted
build	Cache Android SDK	2026-06-06T12:22:44.7331048Z /usr/bin/tar: ../../../../../usr/local/lib/android/sdk/platforms/android-35-ext14/data/res/values-mr: Cannot utime: Operation not permitted
build	Cache Android SDK	2026-06-06T12:22:44.7331466Z /usr/bin/tar: ../../../../../usr/local/lib/android/sdk/platforms/android-35-ext14/data/res/values-mr: Cannot change mode to rwxr-xr-x: Operation not permitted
build	Cache Android SDK	2026-06-06T12:22:44.7331896Z /usr/bin/tar: ../../../../../usr/local/lib/android/sdk/platforms/android-35-ext14/data/res/values-mcc310-mnc030-en-rAU: Cannot utime: Operation not permitted
build	Cache Android SDK	2026-06-06T12:22:44.7332380Z /usr/bin/tar: ../../../../../usr/local/lib/android/sdk/platforms/android-35-ext14/data/res/values-mcc310-mnc030-en-rAU: Cannot change mode to rwxr-xr-x: Operation not permitted
build	Cache Android SDK	2026-06-06T12:22:44.7334050Z /usr/bin/tar: ../../../../../usr/local/lib/android/sdk/platforms/android-35-ext14/data/res/values-sk-television: Cannot utime: Operation not permitted
build	Cache Android SDK	2026-06-06T12:22:44.7334733Z /usr/bin/tar: ../../../../../usr/local/lib/android/sdk/platforms/android-35-ext14/data/res/values-sk-television: Cannot change mode to rwxr-xr-x: Operation not permitted
build	Cache Android SDK	2026-06-06T12:22:44.7335500Z /usr/bin/tar: ../../../../../usr/local/lib/android/sdk/platforms/android-35-ext14/data/res/values-mcc310-mnc310-fr-rCA: Cannot utime: Operation not permitted
build	Cache Android SDK	2026-06-06T12:22:44.7336127Z /usr/bin/tar: ../../../../../usr/local/lib/android/sdk/platforms/android-35-ext14/data/res/values-mcc310-mnc310-fr-rCA: Cannot change mode to rwxr-xr-x: Operation not permitted
build	Cache Android SDK	2026-06-06T12:22:44.7336626Z /usr/bin/tar: ../../../../../usr/local/lib/android/sdk/platforms/android-35-ext14/data/res/values-mcc310-mnc230-fr: Cannot utime: Operation not permitted
build	Cache Android SDK	2026-06-06T12:22:44.7337090Z /usr/bin/tar: ../../../../../usr/local/lib/android/sdk/platforms/android-35-ext14/data/res/values-mcc310-mnc230-fr: Cannot change mode to rwxr-xr-x: Operation not permitted
build	Cache Android SDK	2026-06-06T12:22:44.7338345Z /usr/bin/tar: ../../../../../usr/local/lib/android/sdk/platforms/android-35-ext14/data/res/values-mcc313-mnc100-kk: Cannot utime: Operation not permitted
build	Cache Android SDK	2026-06-06T12:22:44.7338821Z /usr/bin/tar: ../../../../../usr/local/lib/android/sdk/platforms/android-35-ext14/data/res/values-mcc313-mnc100-kk: Cannot change mode to rwxr-xr-x: Operation not permitted
build	Cache Android SDK	2026-06-06T12:22:44.7342033Z /usr/bin/tar: ../../../../../usr/local/lib/android/sdk/platforms/android-35-ext14/data/res/values-mcc313-mnc100-zh-rCN: Cannot utime: Operation not permitted
build	Cache Android SDK	2026-06-06T12:22:44.7342598Z /usr/bin/tar: ../../../../../usr/local/lib/android/sdk/platforms/android-35-ext14/data/res/values-mcc313-mnc100-zh-rCN: Cannot change mode to rwxr-xr-x: Operation not permitted
build	Cache Android SDK	2026-06-06T12:22:44.7344528Z /usr/bin/tar: ../../../../../usr/local/lib/android/sdk/platforms/android-35-ext14/data/res/values-mcc310-mnc170-zh-rHK: Cannot utime: Operation not permitted
build	Cache Android SDK	2026-06-06T12:22:44.7345032Z /usr/bin/tar: ../../../../../usr/local/lib/android/sdk/platforms/android-35-ext14/data/res/values-mcc310-mnc170-zh-rHK: Cannot change mode to rwxr-xr-x: Operation not permitted
build	Cache Android SDK	2026-06-06T12:22:44.7348316Z /usr/bin/tar: ../../../../../usr/local/lib/android/sdk/platforms/android-35-ext14/data/res/values-mcc310-mnc270-ta: Cannot utime: Operation not permitted
build	Cache Android SDK	2026-06-06T12:22:44.7348955Z /usr/bin/tar: ../../../../../usr/local/lib/android/sdk/platforms/android-35-ext14/data/res/values-mcc310-mnc270-ta: Cannot change mode to rwxr-xr-x: Operation not permitted
build	Cache Android SDK	2026-06-06T12:22:44.7351641Z /usr/bin/tar: ../../../../../usr/local/lib/android/sdk/platforms/android-35-ext14/data/res/values-hy-television: Cannot utime: Operation not permitted
build	Cache Android SDK	2026-06-06T12:22:44.7352130Z /usr/bin/tar: ../../../../../usr/local/lib/android/sdk/platforms/android-35-ext14/data/res/values-hy-television: Cannot change mode to rwxr-xr-x: Operation not permitted
build	Cache Android SDK	2026-06-06T12:22:44.7354616Z /usr/bin/tar: ../../../../../usr/local/lib/android/sdk/platforms/android-35-ext14/data/res/values-mcc310-mnc150-pt: Cannot utime: Operation not permitted
build	Cache Android SDK	2026-06-06T12:22:44.7355077Z /usr/bin/tar: ../../../../../usr/local/lib/android/sdk/platforms/android-35-ext14/data/res/values-mcc310-mnc150-pt: Cannot change mode to rwxr-xr-x: Operation not permitted
build	Cache Android SDK	2026-06-06T12:22:44.7358097Z /usr/bin/tar: ../../../../../usr/local/lib/android/sdk/platforms/android-35-ext14/data/res/values-mcc310-mnc270-hr: Cannot utime: Operation not permitted
build	Cache Android SDK	2026-06-06T12:22:44.7358634Z /usr/bin/tar: ../../../../../usr/local/lib/android/sdk/platforms/android-35-ext14/data/res/values-mcc310-mnc270-hr: Cannot change mode to rwxr-xr-x: Operation not permitted
build	Cache Android SDK	2026-06-06T12:22:44.7360959Z /usr/bin/tar: ../../../../../usr/local/lib/android/sdk/platforms/android-35-ext14/data/res/values-mcc302-mnc720-fa: Cannot utime: Operation not permitted
build	Cache Android SDK	2026-06-06T12:22:44.7361426Z /usr/bin/tar: ../../../../../usr/local/lib/android/sdk/platforms/android-35-ext14/data/res/values-mcc302-mnc720-fa: Cannot change mode to rwxr-xr-x: Operation not permitted
build	Cache Android SDK	2026-06-06T12:22:44.7364175Z /usr/bin/tar: ../../../../../usr/local/lib/android/sdk/platforms/android-35-ext14/data/res/values-mcc310-mnc310-ml: Cannot utime: Operation not permitted
build	Cache Android SDK	2026-06-06T12:22:44.7364642Z /usr/bin/tar: ../../../../../usr/local/lib/android/sdk/platforms/android-35-ext14/data/res/values-mcc310-mnc310-ml: Cannot change mode to rwxr-xr-x: Operation not permitted
build	Cache Android SDK	2026-06-06T12:22:44.7367575Z /usr/bin/tar: ../../../../../usr/local/lib/android/sdk/platforms/android-35-ext14/data/res/values-mcc310-mnc380-hy: Cannot utime: Operation not permitted
build	Cache Android SDK	2026-06-06T12:22:44.7368075Z /usr/bin/tar: ../../../../../usr/local/lib/android/sdk/platforms/android-35-ext14/data/res/values-mcc310-mnc380-hy: Cannot change mode to rwxr-xr-x: Operation not permitted
build	Cache Android SDK	2026-06-06T12:22:44.7370154Z /usr/bin/tar: ../../../../../usr/local/lib/android/sdk/platforms/android-35-ext14/data/res/values-mcc001-mnc01-kk: Cannot utime: Operation not permitted
build	Cache Android SDK	2026-06-06T12:22:44.7370633Z /usr/bin/tar: ../../../../../usr/local/lib/android/sdk/platforms/android-35-ext14/data/res/values-mcc001-mnc01-kk: Cannot change mode to rwxr-xr-x: Operation not permitted
build	Cache Android SDK	2026-06-06T12:22:44.7377600Z /usr/bin/tar: ../../../../../usr/local/lib/android/sdk/platforms/android-35-ext14/data/res/values-ja: Cannot utime: Operation not permitted
build	Cache Android SDK	2026-06-06T12:22:44.7378525Z /usr/bin/tar: ../../../../../usr/local/lib/android/sdk/platforms/android-35-ext14/data/res/values-ja: Cannot change mode to rwxr-xr-x: Operation not permitted
build	Cache Android SDK	2026-06-06T12:22:44.7381061Z /usr/bin/tar: ../../../../../usr/local/lib/android/sdk/platforms/android-35-ext14/data/res/values-mcc310-mnc270-es: Cannot utime: Operation not permitted
build	Cache Android SDK	2026-06-06T12:22:44.7381645Z /usr/bin/tar: ../../../../../usr/local/lib/android/sdk/platforms/android-35-ext14/data/res/values-mcc310-mnc270-es: Cannot change mode to rwxr-xr-x: Operation not permitted
build	Cache Android SDK	2026-06-06T12:22:44.7383865Z /usr/bin/tar: ../../../../../usr/local/lib/android/sdk/platforms/android-35-ext14/data/res/values-mcc310-mnc230-az: Cannot utime: Operation not permitted
build	Cache Android SDK	2026-06-06T12:22:44.7384340Z /usr/bin/tar: ../../../../../usr/local/lib/android/sdk/platforms/android-35-ext14/data/res/values-mcc310-mnc230-az: Cannot change mode to rwxr-xr-x: Operation not permitted
build	Cache Android SDK	2026-06-06T12:22:44.7387042Z /usr/bin/tar: ../../../../../usr/local/lib/android/sdk/platforms/android-35-ext14/data/res/values-mcc313-mnc100-hi: Cannot utime: Operation not permitted
build	Cache Android SDK	2026-06-06T12:22:44.7387846Z /usr/bin/tar: ../../../../../usr/local/lib/android/sdk/platforms/android-35-ext14/data/res/values-mcc313-mnc100-hi: Cannot change mode to rwxr-xr-x: Operation not permitted
build	Cache Android SDK	2026-06-06T12:22:44.7390372Z /usr/bin/tar: ../../../../../usr/local/lib/android/sdk/platforms/android-35-ext14/data/res/values-mcc310-mnc240-zh-rTW: Cannot utime: Operation not permitted
build	Cache Android SDK	2026-06-06T12:22:44.7390870Z /usr/bin/tar: ../../../../../usr/local/lib/android/sdk/platforms/android-35-ext14/data/res/values-mcc310-mnc240-zh-rTW: Cannot change mode to rwxr-xr-x: Operation not permitted
build	Cache Android SDK	2026-06-06T12:22:44.7393342Z /usr/bin/tar: ../../../../../usr/local/lib/android/sdk/platforms/android-35-ext14/data/res/values-mcc310-mnc210-es: Cannot utime: Operation not permitted
build	Cache Android SDK	2026-06-06T12:22:44.7393830Z /usr/bin/tar: ../../../../../usr/local/lib/android/sdk/platforms/android-35-ext14/data/res/values-mcc310-mnc210-es: Cannot change mode to rwxr-xr-x: Operation not permitted
build	Cache Android SDK	2026-06-06T12:22:44.7396476Z /usr/bin/tar: ../../../../../usr/local/lib/android/sdk/platforms/android-35-ext14/data/res/values-mcc310-mnc150-ca: Cannot utime: Operation not permitted
build	Cache Android SDK	2026-06-06T12:22:44.7396955Z /usr/bin/tar: ../../../../../usr/local/lib/android/sdk/platforms/android-35-ext14/data/res/values-mcc310-mnc150-ca: Cannot change mode to rwxr-xr-x: Operation not permitted
build	Cache Android SDK	2026-06-06T12:22:44.7399703Z /usr/bin/tar: ../../../../../usr/local/lib/android/sdk/platforms/android-35-ext14/data/res/values-mcc310-mnc210-te: Cannot utime: Operation not permitted
build	Cache Android SDK	2026-06-06T12:22:44.7400184Z /usr/bin/tar: ../../../../../usr/local/lib/android/sdk/platforms/android-35-ext14/data/res/values-mcc310-mnc210-te: Cannot change mode to rwxr-xr-x: Operation not permitted
build	Cache Android SDK	2026-06-06T12:22:44.7402625Z /usr/bin/tar: ../../../../../usr/local/lib/android/sdk/platforms/android-35-ext14/data/res/values-mcc310-mnc210-hy: Cannot utime: Operation not permitted
build	Cache Android SDK	2026-06-06T12:22:44.7403117Z /usr/bin/tar: ../../../../../usr/local/lib/android/sdk/platforms/android-35-ext14/data/res/values-mcc310-mnc210-hy: Cannot change mode to rwxr-xr-x: Operation not permitted
build	Cache Android SDK	2026-06-06T12:22:44.7405813Z /usr/bin/tar: ../../../../../usr/local/lib/android/sdk/platforms/android-35-ext14/data/res/values-mcc334-mnc020-is: Cannot utime: Operation not permitted
build	Cache Android SDK	2026-06-06T12:22:44.7406294Z /usr/bin/tar: ../../../../../usr/local/lib/android/sdk/platforms/android-35-ext14/data/res/values-mcc334-mnc020-is: Cannot change mode to rwxr-xr-x: Operation not permitted
build	Cache Android SDK	2026-06-06T12:22:44.7409329Z /usr/bin/tar: ../../../../../usr/local/lib/android/sdk/platforms/android-35-ext14/data/res/values-mcc310-mnc220-b+sr+Latn: Cannot utime: Operation not permitted
build	Cache Android SDK	2026-06-06T12:22:44.7409843Z /usr/bin/tar: ../../../../../usr/local/lib/android/sdk/platforms/android-35-ext14/data/res/values-mcc310-mnc220-b+sr+Latn: Cannot change mode to rwxr-xr-x: Operation not permitted
build	Cache Android SDK	2026-06-06T12:22:44.7412554Z /usr/bin/tar: ../../../../../usr/local/lib/android/sdk/platforms/android-35-ext14/data/res/values-mcc310-mnc200-cs: Cannot utime: Operation not permitted
build	Cache Android SDK	2026-06-06T12:22:44.7413168Z /usr/bin/tar: ../../../../../usr/local/lib/android/sdk/platforms/android-35-ext14/data/res/values-mcc310-mnc200-cs: Cannot change mode to rwxr-xr-x: Operation not permitted
build	Cache Android SDK	2026-06-06T12:22:44.7415893Z /usr/bin/tar: ../../../../../usr/local/lib/android/sdk/platforms/android-35-ext14/data/res/values-it-rIT: Cannot utime: Operation not permitted
build	Cache Android SDK	2026-06-06T12:22:44.7416354Z /usr/bin/tar: ../../../../../usr/local/lib/android/sdk/platforms/android-35-ext14/data/res/values-it-rIT: Cannot change mode to rwxr-xr-x: Operation not permitted
build	Cache Android SDK	2026-06-06T12:22:44.7419043Z /usr/bin/tar: ../../../../../usr/local/lib/android/sdk/platforms/android-35-ext14/data/res/values-mcc310-mnc950-sv: Cannot utime: Operation not permitted
build	Cache Android SDK	2026-06-06T12:22:44.7419758Z /usr/bin/tar: ../../../../../usr/local/lib/android/sdk/platforms/android-35-ext14/data/res/values-mcc310-mnc950-sv: Cannot change mode to rwxr-xr-x: Operation not permitted
build	Cache Android SDK	2026-06-06T12:22:44.7422140Z /usr/bin/tar: ../../../../../usr/local/lib/android/sdk/platforms/android-35-ext14/data/res/values-mcc310-mnc030-pl: Cannot utime: Operation not permitted
build	Cache Android SDK	2026-06-06T12:22:44.7422610Z /usr/bin/tar: ../../../../../usr/local/lib/android/sdk/platforms/android-35-ext14/data/res/values-mcc310-mnc030-pl: Cannot change mode to rwxr-xr-x: Operation not permitted
build	Cache Android SDK	2026-06-06T12:22:44.7424778Z /usr/bin/tar: ../../../../../usr/local/lib/android/sdk/platforms/android-35-ext14/data/res/values-mcc404: Cannot utime: Operation not permitted
build	Cache Android SDK	2026-06-06T12:22:44.7425226Z /usr/bin/tar: ../../../../../usr/local/lib/android/sdk/platforms/android-35-ext14/data/res/values-mcc404: Cannot change mode to rwxr-xr-x: Operation not permitted
build	Cache Android SDK	2026-06-06T12:22:44.7428143Z /usr/bin/tar: ../../../../../usr/local/lib/android/sdk/platforms/android-35-ext14/data/res/values-mcc310-mnc490-zh-rHK: Cannot utime: Operation not permitted
build	Cache Android SDK	2026-06-06T12:22:44.7428661Z /usr/bin/tar: ../../../../../usr/local/lib/android/sdk/platforms/android-35-ext14/data/res/values-mcc310-mnc490-zh-rHK: Cannot change mode to rwxr-xr-x: Operation not permitted
build	Cache Android SDK	2026-06-06T12:22:44.7431012Z /usr/bin/tar: ../../../../../usr/local/lib/android/sdk/platforms/android-35-ext14/data/res/values-mcc334-mnc020-eu: Cannot utime: Operation not permitted
build	Cache Android SDK	2026-06-06T12:22:44.7431487Z /usr/bin/tar: ../../../../../usr/local/lib/android/sdk/platforms/android-35-ext14/data/res/values-mcc334-mnc020-eu: Cannot change mode to rwxr-xr-x: Operation not permitted
build	Cache Android SDK	2026-06-06T12:22:44.7434193Z /usr/bin/tar: ../../../../../usr/local/lib/android/sdk/platforms/android-35-ext14/data/res/values-mcc302-mnc370-gl: Cannot utime: Operation not permitted
build	Cache Android SDK	2026-06-06T12:22:44.7434670Z /usr/bin/tar: ../../../../../usr/local/lib/android/sdk/platforms/android-35-ext14/data/res/values-mcc302-mnc370-gl: Cannot change mode to rwxr-xr-x: Operation not permitted
build	Cache Android SDK	2026-06-06T12:22:44.7437182Z /usr/bin/tar: ../../../../../usr/local/lib/android/sdk/platforms/android-35-ext14/data/res/values-mcc310-mnc210-hr: Cannot utime: Operation not permitted
build	Cache Android SDK	2026-06-06T12:22:44.7437865Z /usr/bin/tar: ../../../../../usr/local/lib/android/sdk/platforms/android-35-ext14/data/res/values-mcc310-mnc210-hr: Cannot change mode to rwxr-xr-x: Operation not permitted
build	Cache Android SDK	2026-06-06T12:22:44.7440477Z /usr/bin/tar: ../../../../../usr/local/lib/android/sdk/platforms/android-35-ext14/data/res/values-mcc001-mnc01-mr: Cannot utime: Operation not permitted
build	Cache Android SDK	2026-06-06T12:22:44.7440955Z /usr/bin/tar: ../../../../../usr/local/lib/android/sdk/platforms/android-35-ext14/data/res/values-mcc001-mnc01-mr: Cannot change mode to rwxr-xr-x: Operation not permitted
build	Cache Android SDK	2026-06-06T12:22:44.7443675Z /usr/bin/tar: ../../../../../usr/local/lib/android/sdk/platforms/android-35-ext14/data/res/values-mcc310-mnc150-tl: Cannot utime: Operation not permitted
build	Cache Android SDK	2026-06-06T12:22:44.7444153Z /usr/bin/tar: ../../../../../usr/local/lib/android/sdk/platforms/android-35-ext14/data/res/values-mcc310-mnc150-tl: Cannot change mode to rwxr-xr-x: Operation not permitted
build	Cache Android SDK	2026-06-06T12:22:44.7453486Z /usr/bin/tar: ../../../../../usr/local/lib/android/sdk/platforms/android-35-ext14/data/res/values-km: Cannot utime: Operation not permitted
build	Cache Android SDK	2026-06-06T12:22:44.7454052Z /usr/bin/tar: ../../../../../usr/local/lib/android/sdk/platforms/android-35-ext14/data/res/values-km: Cannot change mode to rwxr-xr-x: Operation not permitted
build	Cache Android SDK	2026-06-06T12:22:44.7457127Z /usr/bin/tar: ../../../../../usr/local/lib/android/sdk/platforms/android-35-ext14/data/res/values-mcc302-mnc370-be: Cannot utime: Operation not permitted
build	Cache Android SDK	2026-06-06T12:22:44.7457861Z /usr/bin/tar: ../../../../../usr/local/lib/android/sdk/platforms/android-35-ext14/data/res/values-mcc302-mnc370-be: Cannot change mode to rwxr-xr-x: Operation not permitted
build	Cache Android SDK	2026-06-06T12:22:44.7460118Z /usr/bin/tar: ../../../../../usr/local/lib/android/sdk/platforms/android-35-ext14/data/res/values-mcc310-mnc380-uk: Cannot utime: Operation not permitted
build	Cache Android SDK	2026-06-06T12:22:44.7460828Z /usr/bin/tar: ../../../../../usr/local/lib/android/sdk/platforms/android-35-ext14/data/res/values-mcc310-mnc380-uk: Cannot change mode to rwxr-xr-x: Operation not permitted
build	Cache Android SDK	2026-06-06T12:22:44.7463674Z /usr/bin/tar: ../../../../../usr/local/lib/android/sdk/platforms/android-35-ext14/data/res/values-mcc302-mnc370-uk: Cannot utime: Operation not permitted
build	Cache Android SDK	2026-06-06T12:22:44.7464159Z /usr/bin/tar: ../../../../../usr/local/lib/android/sdk/platforms/android-35-ext14/data/res/values-mcc302-mnc370-uk: Cannot change mode to rwxr-xr-x: Operation not permitted
build	Cache Android SDK	2026-06-06T12:22:44.7466703Z /usr/bin/tar: ../../../../../usr/local/lib/android/sdk/platforms/android-35-ext14/data/res/values-mcc001-mnc01-lt: Cannot utime: Operation not permitted
build	Cache Android SDK	2026-06-06T12:22:44.7467236Z /usr/bin/tar: ../../../../../usr/local/lib/android/sdk/platforms/android-35-ext14/data/res/values-mcc001-mnc01-lt: Cannot change mode to rwxr-xr-x: Operation not permitted
build	Cache Android SDK	2026-06-06T12:22:44.7469770Z /usr/bin/tar: ../../../../../usr/local/lib/android/sdk/platforms/android-35-ext14/data/res/values-mcc310-mnc560-en-rCA: Cannot utime: Operation not permitted
build	Cache Android SDK	2026-06-06T12:22:44.7470274Z /usr/bin/tar: ../../../../../usr/local/lib/android/sdk/platforms/android-35-ext14/data/res/values-mcc310-mnc560-en-rCA: Cannot change mode to rwxr-xr-x: Operation not permitted
build	Cache Android SDK	2026-06-06T12:22:44.7473001Z /usr/bin/tar: ../../../../../usr/local/lib/android/sdk/platforms/android-35-ext14/data/res/values-mcc310-mnc310-uk: Cannot utime: Operation not permitted
build	Cache Android SDK	2026-06-06T12:22:44.7473737Z /usr/bin/tar: ../../../../../usr/local/lib/android/sdk/platforms/android-35-ext14/data/res/values-mcc310-mnc310-uk: Cannot change mode to rwxr-xr-x: Operation not permitted
build	Cache Android SDK	2026-06-06T12:22:44.7477243Z /usr/bin/tar: ../../../../../usr/local/lib/android/sdk/platforms/android-35-ext14/data/res/values-mcc302-mnc720-uk: Cannot utime: Operation not permitted
build	Cache Android SDK	2026-06-06T12:22:44.7478488Z /usr/bin/tar: ../../../../../usr/local/lib/android/sdk/platforms/android-35-ext14/data/res/values-mcc302-mnc720-uk: Cannot change mode to rwxr-xr-x: Operation not permitted
build	Cache Android SDK	2026-06-06T12:22:44.7481079Z /usr/bin/tar: ../../../../../usr/local/lib/android/sdk/platforms/android-35-ext14/data/res/values-mcc310-mnc240-ka: Cannot utime: Operation not permitted
build	Cache Android SDK	2026-06-06T12:22:44.7481975Z /usr/bin/tar: ../../../../../usr/local/lib/android/sdk/platforms/android-35-ext14/data/res/values-mcc310-mnc240-ka: Cannot change mode to rwxr-xr-x: Operation not permitted
build	Cache Android SDK	2026-06-06T12:22:44.7492340Z /usr/bin/tar: ../../../../../usr/local/lib/android/sdk/platforms/android-35-ext14/data/res/values-watch: Cannot utime: Operation not permitted
build	Cache Android SDK	2026-06-06T12:22:44.7493493Z /usr/bin/tar: ../../../../../usr/local/lib/android/sdk/platforms/android-35-ext14/data/res/values-watch: Cannot change mode to rwxr-xr-x: Operation not permitted
build	Cache Android SDK	2026-06-06T12:22:44.7495495Z /usr/bin/tar: ../../../../../usr/local/lib/android/sdk/platforms/android-35-ext14/data/res/values-mcc310-mnc800-bs: Cannot utime: Operation not permitted
build	Cache Android SDK	2026-06-06T12:22:44.7496609Z /usr/bin/tar: ../../../../../usr/local/lib/android/sdk/platforms/android-35-ext14/data/res/values-mcc310-mnc800-bs: Cannot change mode to rwxr-xr-x: Operation not permitted
build	Cache Android SDK	2026-06-06T12:22:44.7499187Z /usr/bin/tar: ../../../../../usr/local/lib/android/sdk/platforms/android-35-ext14/data/res/values-mcc310-mnc150-az: Cannot utime: Operation not permitted
build	Cache Android SDK	2026-06-06T12:22:44.7500203Z /usr/bin/tar: ../../../../../usr/local/lib/android/sdk/platforms/android-35-ext14/data/res/values-mcc310-mnc150-az: Cannot change mode to rwxr-xr-x: Operation not permitted
build	Cache Android SDK	2026-06-06T12:22:44.7509205Z /usr/bin/tar: ../../../../../usr/local/lib/android/sdk/platforms/android-35-ext14/data/res/values-kn: Cannot utime: Operation not permitted
build	Cache Android SDK	2026-06-06T12:22:44.7510359Z /usr/bin/tar: ../../../../../usr/local/lib/android/sdk/platforms/android-35-ext14/data/res/values-kn: Cannot change mode to rwxr-xr-x: Operation not permitted
build	Cache Android SDK	2026-06-06T12:22:44.7511664Z /usr/bin/tar: ../../../../../usr/local/lib/android/sdk/platforms/android-35-ext14/data/res/values-mcc310-mnc490-pt: Cannot utime: Operation not permitted
build	Cache Android SDK	2026-06-06T12:22:44.7512989Z /usr/bin/tar: ../../../../../usr/local/lib/android/sdk/platforms/android-35-ext14/data/res/values-mcc310-mnc490-pt: Cannot change mode to rwxr-xr-x: Operation not permitted
build	Cache Android SDK	2026-06-06T12:22:44.7514257Z /usr/bin/tar: ../../../../../usr/local/lib/android/sdk/platforms/android-35-ext14/data/res/values-mcc310-mnc280-or: Cannot utime: Operation not permitted
build	Cache Android SDK	2026-06-06T12:22:44.7515390Z /usr/bin/tar: ../../../../../usr/local/lib/android/sdk/platforms/android-35-ext14/data/res/values-mcc310-mnc280-or: Cannot change mode to rwxr-xr-x: Operation not permitted
build	Cache Android SDK	2026-06-06T12:22:44.7517728Z /usr/bin/tar: ../../../../../usr/local/lib/android/sdk/platforms/android-35-ext14/data/res/values-mcc311-mnc180-iw: Cannot utime: Operation not permitted
build	Cache Android SDK	2026-06-06T12:22:44.7518819Z /usr/bin/tar: ../../../../../usr/local/lib/android/sdk/platforms/android-35-ext14/data/res/values-mcc311-mnc180-iw: Cannot change mode to rwxr-xr-x: Operation not permitted
build	Cache Android SDK	2026-06-06T12:22:44.7520389Z /usr/bin/tar: ../../../../../usr/local/lib/android/sdk/platforms/android-35-ext14/data/res/values-ru-watch: Cannot utime: Operation not permitted
build	Cache Android SDK	2026-06-06T12:22:44.7521358Z /usr/bin/tar: ../../../../../usr/local/lib/android/sdk/platforms/android-35-ext14/data/res/values-ru-watch: Cannot change mode to rwxr-xr-x: Operation not permitted
build	Cache Android SDK	2026-06-06T12:22:44.7523718Z /usr/bin/tar: ../../../../../usr/local/lib/android/sdk/platforms/android-35-ext14/data/res/values-mcc310-mnc800-sl: Cannot utime: Operation not permitted
build	Cache Android SDK	2026-06-06T12:22:44.7524292Z /usr/bin/tar: ../../../../../usr/local/lib/android/sdk/platforms/android-35-ext14/data/res/values-mcc310-mnc800-sl: Cannot change mode to rwxr-xr-x: Operation not permitted
build	Cache Android SDK	2026-06-06T12:22:44.7527269Z /usr/bin/tar: ../../../../../usr/local/lib/android/sdk/platforms/android-35-ext14/data/res/layout-round-watch: Cannot utime: Operation not permitted
build	Cache Android SDK	2026-06-06T12:22:44.7528131Z /usr/bin/tar: ../../../../../usr/local/lib/android/sdk/platforms/android-35-ext14/data/res/layout-round-watch: Cannot change mode to rwxr-xr-x: Operation not permitted
build	Cache Android SDK	2026-06-06T12:22:44.7531001Z /usr/bin/tar: ../../../../../usr/local/lib/android/sdk/platforms/android-35-ext14/data/res/values-w640dp: Cannot utime: Operation not permitted
build	Cache Android SDK	2026-06-06T12:22:44.7531599Z /usr/bin/tar: ../../../../../usr/local/lib/android/sdk/platforms/android-35-ext14/data/res/values-w640dp: Cannot change mode to rwxr-xr-x: Operation not permitted
build	Cache Android SDK	2026-06-06T12:22:44.7533985Z /usr/bin/tar: ../../../../../usr/local/lib/android/sdk/platforms/android-35-ext14/data/res/values-af-rZA: Cannot utime: Operation not permitted
build	Cache Android SDK	2026-06-06T12:22:44.7534445Z /usr/bin/tar: ../../../../../usr/local/lib/android/sdk/platforms/android-35-ext14/data/res/values-af-rZA: Cannot change mode to rwxr-xr-x: Operation not permitted
build	Cache Android SDK	2026-06-06T12:22:44.7536935Z /usr/bin/tar: ../../../../../usr/local/lib/android/sdk/platforms/android-35-ext14/data/res/values-mcc310-mnc410-hr: Cannot utime: Operation not permitted
build	Cache Android SDK	2026-06-06T12:22:44.7537608Z /usr/bin/tar: ../../../../../usr/local/lib/android/sdk/platforms/android-35-ext14/data/res/values-mcc310-mnc410-hr: Cannot change mode to rwxr-xr-x: Operation not permitted
build	Cache Android SDK	2026-06-06T12:22:44.7539899Z /usr/bin/tar: ../../../../../usr/local/lib/android/sdk/platforms/android-35-ext14/data/res/values-mcc312-mnc670-ka: Cannot utime: Operation not permitted
build	Cache Android SDK	2026-06-06T12:22:44.7540374Z /usr/bin/tar: ../../../../../usr/local/lib/android/sdk/platforms/android-35-ext14/data/res/values-mcc312-mnc670-ka: Cannot change mode to rwxr-xr-x: Operation not permitted
build	Cache Android SDK	2026-06-06T12:22:44.7542847Z /usr/bin/tar: ../../../../../usr/local/lib/android/sdk/platforms/android-35-ext14/data/res/values-mcc310-mnc950-am: Cannot utime: Operation not permitted
build	Cache Android SDK	2026-06-06T12:22:44.7543315Z /usr/bin/tar: ../../../../../usr/local/lib/android/sdk/platforms/android-35-ext14/data/res/values-mcc310-mnc950-am: Cannot change mode to rwxr-xr-x: Operation not permitted
build	Cache Android SDK	2026-06-06T12:22:44.7546110Z /usr/bin/tar: ../../../../../usr/local/lib/android/sdk/platforms/android-35-ext14/data/res/values-mcc313-mnc100-kn: Cannot utime: Operation not permitted
build	Cache Android SDK	2026-06-06T12:22:44.7546591Z /usr/bin/tar: ../../../../../usr/local/lib/android/sdk/platforms/android-35-ext14/data/res/values-mcc313-mnc100-kn: Cannot change mode to rwxr-xr-x: Operation not permitted
build	Cache Android SDK	2026-06-06T12:22:44.7551319Z /usr/bin/tar: ../../../../../usr/local/lib/android/sdk/platforms/android-35-ext14/data/res/values-mcc311-mnc180-pa: Cannot utime: Operation not permitted
build	Cache Android SDK	2026-06-06T12:22:44.7551811Z /usr/bin/tar: ../../../../../usr/local/lib/android/sdk/platforms/android-35-ext14/data/res/values-mcc311-mnc180-pa: Cannot change mode to rwxr-xr-x: Operation not permitted
build	Cache Android SDK	2026-06-06T12:22:44.7553956Z /usr/bin/tar: ../../../../../usr/local/lib/android/sdk/platforms/android-35-ext14/data/res/values-mcc334-mnc020-ko: Cannot utime: Operation not permitted
build	Cache Android SDK	2026-06-06T12:22:44.7554445Z /usr/bin/tar: ../../../../../usr/local/lib/android/sdk/platforms/android-35-ext14/data/res/values-mcc334-mnc020-ko: Cannot change mode to rwxr-xr-x: Operation not permitted
build	Cache Android SDK	2026-06-06T12:22:44.7557773Z /usr/bin/tar: ../../../../../usr/local/lib/android/sdk/platforms/android-35-ext14/data/res/values-sk-rSK: Cannot utime: Operation not permitted
build	Cache Android SDK	2026-06-06T12:22:44.7558255Z /usr/bin/tar: ../../../../../usr/local/lib/android/sdk/platforms/android-35-ext14/data/res/values-sk-rSK: Cannot change mode to rwxr-xr-x: Operation not permitted
build	Cache Android SDK	2026-06-06T12:22:44.7560960Z /usr/bin/tar: ../../../../../usr/local/lib/android/sdk/platforms/android-35-ext14/data/res/values-mcc302-mnc370-sk: Cannot utime: Operation not permitted
build	Cache Android SDK	2026-06-06T12:22:44.7561506Z /usr/bin/tar: ../../../../../usr/local/lib/android/sdk/platforms/android-35-ext14/data/res/values-mcc302-mnc370-sk: Cannot change mode to rwxr-xr-x: Operation not permitted
build	Cache Android SDK	2026-06-06T12:22:44.7563916Z /usr/bin/tar: ../../../../../usr/local/lib/android/sdk/platforms/android-35-ext14/data/res/values-mcc001-mnc01-iw: Cannot utime: Operation not permitted
build	Cache Android SDK	2026-06-06T12:22:44.7564417Z /usr/bin/tar: ../../../../../usr/local/lib/android/sdk/platforms/android-35-ext14/data/res/values-mcc001-mnc01-iw: Cannot change mode to rwxr-xr-x: Operation not permitted
build	Cache Android SDK	2026-06-06T12:22:44.7567237Z /usr/bin/tar: ../../../../../usr/local/lib/android/sdk/platforms/android-35-ext14/data/res/values-mcc310-mnc310-te: Cannot utime: Operation not permitted
build	Cache Android SDK	2026-06-06T12:22:44.7567903Z /usr/bin/tar: ../../../../../usr/local/lib/android/sdk/platforms/android-35-ext14/data/res/values-mcc310-mnc310-te: Cannot change mode to rwxr-xr-x: Operation not permitted
build	Cache Android SDK	2026-06-06T12:22:44.7570294Z /usr/bin/tar: ../../../../../usr/local/lib/android/sdk/platforms/android-35-ext14/data/res/values-mcc310-mnc200-fi: Cannot utime: Operation not permitted
build	Cache Android SDK	2026-06-06T12:22:44.7570765Z /usr/bin/tar: ../../../../../usr/local/lib/android/sdk/platforms/android-35-ext14/data/res/values-mcc310-mnc200-fi: Cannot change mode to rwxr-xr-x: Operation not permitted
build	Cache Android SDK	2026-06-06T12:22:44.7573646Z /usr/bin/tar: ../../../../../usr/local/lib/android/sdk/platforms/android-35-ext14/data/res/values-mcc310-mnc270-fr: Cannot utime: Operation not permitted
build	Cache Android SDK	2026-06-06T12:22:44.7574269Z /usr/bin/tar: ../../../../../usr/local/lib/android/sdk/platforms/android-35-ext14/data/res/values-mcc310-mnc270-fr: Cannot change mode to rwxr-xr-x: Operation not permitted
build	Cache Android SDK	2026-06-06T12:22:44.7580484Z /usr/bin/tar: ../../../../../usr/local/lib/android/sdk/platforms/android-35-ext14/data/res/values-sv: Cannot utime: Operation not permitted
build	Cache Android SDK	2026-06-06T12:22:44.7580927Z /usr/bin/tar: ../../../../../usr/local/lib/android/sdk/platforms/android-35-ext14/data/res/values-sv: Cannot change mode to rwxr-xr-x: Operation not permitted
build	Cache Android SDK	2026-06-06T12:22:44.7583312Z /usr/bin/tar: ../../../../../usr/local/lib/android/sdk/platforms/android-35-ext14/data/res/values-mcc310-mnc160-pa: Cannot utime: Operation not permitted
build	Cache Android SDK	2026-06-06T12:22:44.7583924Z /usr/bin/tar: ../../../../../usr/local/lib/android/sdk/platforms/android-35-ext14/data/res/values-mcc310-mnc160-pa: Cannot change mode to rwxr-xr-x: Operation not permitted
build	Cache Android SDK	2026-06-06T12:22:44.7586333Z /usr/bin/tar: ../../../../../usr/local/lib/android/sdk/platforms/android-35-ext14/data/res/values-mcc310-mnc270-ca: Cannot utime: Operation not permitted
build	Cache Android SDK	2026-06-06T12:22:44.7586809Z /usr/bin/tar: ../../../../../usr/local/lib/android/sdk/platforms/android-35-ext14/data/res/values-mcc310-mnc270-ca: Cannot change mode to rwxr-xr-x: Operation not permitted
build	Cache Android SDK	2026-06-06T12:22:44.7589721Z /usr/bin/tar: ../../../../../usr/local/lib/android/sdk/platforms/android-35-ext14/data/res/values-en-rCA-television: Cannot utime: Operation not permitted
build	Cache Android SDK	2026-06-06T12:22:44.7590205Z /usr/bin/tar: ../../../../../usr/local/lib/android/sdk/platforms/android-35-ext14/data/res/values-en-rCA-television: Cannot change mode to rwxr-xr-x: Operation not permitted
build	Cache Android SDK	2026-06-06T12:22:44.7592970Z /usr/bin/tar: ../../../../../usr/local/lib/android/sdk/platforms/android-35-ext14/data/res/values-mcc310-mnc150-zh-rCN: Cannot utime: Operation not permitted
build	Cache Android SDK	2026-06-06T12:22:44.7593472Z /usr/bin/tar: ../../../../../usr/local/lib/android/sdk/platforms/android-35-ext14/data/res/values-mcc310-mnc150-zh-rCN: Cannot change mode to rwxr-xr-x: Operation not permitted
build	Cache Android SDK	2026-06-06T12:22:44.7595853Z /usr/bin/tar: ../../../../../usr/local/lib/android/sdk/platforms/android-35-ext14/data/res/values-mcc310-mnc660-uz: Cannot utime: Operation not permitted
build	Cache Android SDK	2026-06-06T12:22:44.7596323Z /usr/bin/tar: ../../../../../usr/local/lib/android/sdk/platforms/android-35-ext14/data/res/values-mcc310-mnc660-uz: Cannot change mode to rwxr-xr-x: Operation not permitted
build	Cache Android SDK	2026-06-06T12:22:44.7598818Z /usr/bin/tar: ../../../../../usr/local/lib/android/sdk/platforms/android-35-ext14/data/res/values-mcc310-mnc560-bs: Cannot utime: Operation not permitted
build	Cache Android SDK	2026-06-06T12:22:44.7599289Z /usr/bin/tar: ../../../../../usr/local/lib/android/sdk/platforms/android-35-ext14/data/res/values-mcc310-mnc560-bs: Cannot change mode to rwxr-xr-x: Operation not permitted
build	Cache Android SDK	2026-06-06T12:22:44.7602256Z /usr/bin/tar: ../../../../../usr/local/lib/android/sdk/platforms/android-35-ext14/data/res/values-mcc302-mnc720-hy: Cannot utime: Operation not permitted
build	Cache Android SDK	2026-06-06T12:22:44.7602746Z /usr/bin/tar: ../../../../../usr/local/lib/android/sdk/platforms/android-35-ext14/data/res/values-mcc302-mnc720-hy: Cannot change mode to rwxr-xr-x: Operation not permitted
build	Cache Android SDK	2026-06-06T12:22:44.7605166Z /usr/bin/tar: ../../../../../usr/local/lib/android/sdk/platforms/android-35-ext14/data/res/values-mcc310-mnc210-mk: Cannot utime: Operation not permitted
build	Cache Android SDK	2026-06-06T12:22:44.7608714Z /usr/bin/tar: ../../../../../usr/local/lib/android/sdk/platforms/android-35-ext14/data/res/values-mcc310-mnc210-mk: Cannot change mode to rwxr-xr-x: Operation not permitted
build	Cache Android SDK	2026-06-06T12:22:44.7609173Z /usr/bin/tar: ../../../../../usr/local/lib/android/sdk/platforms/android-35-ext14/data/res/values-mcc334-mnc020-ro: Cannot utime: Operation not permitted
build	Cache Android SDK	2026-06-06T12:22:44.7609729Z /usr/bin/tar: ../../../../../usr/local/lib/android/sdk/platforms/android-35-ext14/data/res/values-mcc334-mnc020-ro: Cannot change mode to rwxr-xr-x: Operation not permitted
build	Cache Android SDK	2026-06-06T12:22:44.7611551Z /usr/bin/tar: ../../../../../usr/local/lib/android/sdk/platforms/android-35-ext14/data/res/values-mcc310-mnc280-lo: Cannot utime: Operation not permitted
build	Cache Android SDK	2026-06-06T12:22:44.7612018Z /usr/bin/tar: ../../../../../usr/local/lib/android/sdk/platforms/android-35-ext14/data/res/values-mcc310-mnc280-lo: Cannot change mode to rwxr-xr-x: Operation not permitted
build	Cache Android SDK	2026-06-06T12:22:44.7628959Z /usr/bin/tar: ../../../../../usr/local/lib/android/sdk/platforms/android-35-ext14/data/res/values-mcc311-mnc180-ka: Cannot utime: Operation not permitted
build	Cache Android SDK	2026-06-06T12:22:44.7630855Z /usr/bin/tar: ../../../../../usr/local/lib/android/sdk/platforms/android-35-ext14/data/res/values-mcc311-mnc180-ka: Cannot change mode to rwxr-xr-x: Operation not permitted
build	Cache Android SDK	2026-06-06T12:22:44.7632325Z /usr/bin/tar: ../../../../../usr/local/lib/android/sdk/platforms/android-35-ext14/data/res/values-mcc310-mnc280-nl: Cannot utime: Operation not permitted
build	Cache Android SDK	2026-06-06T12:22:44.7634068Z /usr/bin/tar: ../../../../../usr/local/lib/android/sdk/platforms/android-35-ext14/data/res/values-mcc310-mnc280-nl: Cannot change mode to rwxr-xr-x: Operation not permitted
build	Cache Android SDK	2026-06-06T12:22:44.7635443Z /usr/bin/tar: ../../../../../usr/local/lib/android/sdk/platforms/android-35-ext14/data/res/values-mcc310-mnc160: Cannot utime: Operation not permitted
build	Cache Android SDK	2026-06-06T12:22:44.7637113Z /usr/bin/tar: ../../../../../usr/local/lib/android/sdk/platforms/android-35-ext14/data/res/values-mcc310-mnc160: Cannot change mode to rwxr-xr-x: Operation not permitted
build	Cache Android SDK	2026-06-06T12:22:44.7638806Z /usr/bin/tar: ../../../../../usr/local/lib/android/sdk/platforms/android-35-ext14/data/res/values-mcc310-mnc170-as: Cannot utime: Operation not permitted
build	Cache Android SDK	2026-06-06T12:22:44.7640393Z /usr/bin/tar: ../../../../../usr/local/lib/android/sdk/platforms/android-35-ext14/data/res/values-mcc310-mnc170-as: Cannot change mode to rwxr-xr-x: Operation not permitted
build	Cache Android SDK	2026-06-06T12:22:44.7641792Z /usr/bin/tar: ../../../../../usr/local/lib/android/sdk/platforms/android-35-ext14/data/res/values-mcc310-mnc230-uk: Cannot utime: Operation not permitted
build	Cache Android SDK	2026-06-06T12:22:44.7642778Z /usr/bin/tar: ../../../../../usr/local/lib/android/sdk/platforms/android-35-ext14/data/res/values-mcc310-mnc230-uk: Cannot change mode to rwxr-xr-x: Operation not permitted
build	Cache Android SDK	2026-06-06T12:22:44.7644515Z /usr/bin/tar: ../../../../../usr/local/lib/android/sdk/platforms/android-35-ext14/data/res/values-mcc302-mnc370-ky: Cannot utime: Operation not permitted
build	Cache Android SDK	2026-06-06T12:22:44.7645475Z /usr/bin/tar: ../../../../../usr/local/lib/android/sdk/platforms/android-35-ext14/data/res/values-mcc302-mnc370-ky: Cannot change mode to rwxr-xr-x: Operation not permitted
build	Cache Android SDK	2026-06-06T12:22:44.7646408Z /usr/bin/tar: ../../../../../usr/local/lib/android/sdk/platforms/android-35-ext14/data/res/values-mcc310-mnc950-ky: Cannot utime: Operation not permitted
build	Cache Android SDK	2026-06-06T12:22:44.7647985Z /usr/bin/tar: ../../../../../usr/local/lib/android/sdk/platforms/android-35-ext14/data/res/values-mcc310-mnc950-ky: Cannot change mode to rwxr-xr-x: Operation not permitted
build	Cache Android SDK	2026-06-06T12:22:44.7649258Z /usr/bin/tar: ../../../../../usr/local/lib/android/sdk/platforms/android-35-ext14/data/res/values-vi-watch: Cannot utime: Operation not permitted
build	Cache Android SDK	2026-06-06T12:22:44.7650281Z /usr/bin/tar: ../../../../../usr/local/lib/android/sdk/platforms/android-35-ext14/data/res/values-vi-watch: Cannot change mode to rwxr-xr-x: Operation not permitted
build	Cache Android SDK	2026-06-06T12:22:44.7651899Z /usr/bin/tar: ../../../../../usr/local/lib/android/sdk/platforms/android-35-ext14/data/res/values-mcc310-mnc410-ka: Cannot utime: Operation not permitted
build	Cache Android SDK	2026-06-06T12:22:44.7652857Z /usr/bin/tar: ../../../../../usr/local/lib/android/sdk/platforms/android-35-ext14/data/res/values-mcc310-mnc410-ka: Cannot change mode to rwxr-xr-x: Operation not permitted
build	Cache Android SDK	2026-06-06T12:22:44.7654272Z /usr/bin/tar: ../../../../../usr/local/lib/android/sdk/platforms/android-35-ext14/data/res/values-mcc310-mnc220-in: Cannot utime: Operation not permitted
build	Cache Android SDK	2026-06-06T12:22:44.7655527Z /usr/bin/tar: ../../../../../usr/local/lib/android/sdk/platforms/android-35-ext14/data/res/values-mcc310-mnc220-in: Cannot change mode to rwxr-xr-x: Operation not permitted
build	Cache Android SDK	2026-06-06T12:22:44.7656980Z /usr/bin/tar: ../../../../../usr/local/lib/android/sdk/platforms/android-35-ext14/data/res/values-lo-watch: Cannot utime: Operation not permitted
build	Cache Android SDK	2026-06-06T12:22:44.7658411Z /usr/bin/tar: ../../../../../usr/local/lib/android/sdk/platforms/android-35-ext14/data/res/values-lo-watch: Cannot change mode to rwxr-xr-x: Operation not permitted
build	Cache Android SDK	2026-06-06T12:22:44.7659335Z /usr/bin/tar: ../../../../../usr/local/lib/android/sdk/platforms/android-35-ext14/data/res/values-mcc310-mnc240-sw: Cannot utime: Operation not permitted
build	Cache Android SDK	2026-06-06T12:22:44.7661024Z /usr/bin/tar: ../../../../../usr/local/lib/android/sdk/platforms/android-35-ext14/data/res/values-mcc310-mnc240-sw: Cannot change mode to rwxr-xr-x: Operation not permitted
build	Cache Android SDK	2026-06-06T12:22:44.7662144Z /usr/bin/tar: ../../../../../usr/local/lib/android/sdk/platforms/android-35-ext14/data/res/values-mcc310-mnc200-vi: Cannot utime: Operation not permitted
build	Cache Android SDK	2026-06-06T12:22:44.7663198Z /usr/bin/tar: ../../../../../usr/local/lib/android/sdk/platforms/android-35-ext14/data/res/values-mcc310-mnc200-vi: Cannot change mode to rwxr-xr-x: Operation not permitted
build	Cache Android SDK	2026-06-06T12:22:44.7664807Z /usr/bin/tar: ../../../../../usr/local/lib/android/sdk/platforms/android-35-ext14/data/res/values-mcc310-mnc030-is: Cannot utime: Operation not permitted
build	Cache Android SDK	2026-06-06T12:22:44.7665749Z /usr/bin/tar: ../../../../../usr/local/lib/android/sdk/platforms/android-35-ext14/data/res/values-mcc310-mnc030-is: Cannot change mode to rwxr-xr-x: Operation not permitted
build	Cache Android SDK	2026-06-06T12:22:44.7667061Z /usr/bin/tar: ../../../../../usr/local/lib/android/sdk/platforms/android-35-ext14/data/res/values-mcc302-mnc720-it: Cannot utime: Operation not permitted
build	Cache Android SDK	2026-06-06T12:22:44.7668571Z /usr/bin/tar: ../../../../../usr/local/lib/android/sdk/platforms/android-35-ext14/data/res/values-mcc302-mnc720-it: Cannot change mode to rwxr-xr-x: Operation not permitted
build	Cache Android SDK	2026-06-06T12:22:44.7669555Z /usr/bin/tar: ../../../../../usr/local/lib/android/sdk/platforms/android-35-ext14/data/res/values-mcc310-mnc160-zh-rHK: Cannot utime: Operation not permitted
build	Cache Android SDK	2026-06-06T12:22:44.7671319Z /usr/bin/tar: ../../../../../usr/local/lib/android/sdk/platforms/android-35-ext14/data/res/values-mcc310-mnc160-zh-rHK: Cannot change mode to rwxr-xr-x: Operation not permitted
build	Cache Android SDK	2026-06-06T12:22:44.7672294Z /usr/bin/tar: ../../../../../usr/local/lib/android/sdk/platforms/android-35-ext14/data/res/values-mcc310-mnc410-vi: Cannot utime: Operation not permitted
build	Cache Android SDK	2026-06-06T12:22:44.7673591Z /usr/bin/tar: ../../../../../usr/local/lib/android/sdk/platforms/android-35-ext14/data/res/values-mcc310-mnc410-vi: Cannot change mode to rwxr-xr-x: Operation not permitted
build	Cache Android SDK	2026-06-06T12:22:44.7674985Z /usr/bin/tar: ../../../../../usr/local/lib/android/sdk/platforms/android-35-ext14/data/res/values-mcc311-mnc180-fa: Cannot utime: Operation not permitted
build	Cache Android SDK	2026-06-06T12:22:44.7675946Z /usr/bin/tar: ../../../../../usr/local/lib/android/sdk/platforms/android-35-ext14/data/res/values-mcc311-mnc180-fa: Cannot change mode to rwxr-xr-x: Operation not permitted
build	Cache Android SDK	2026-06-06T12:22:44.7678633Z /usr/bin/tar: ../../../../../usr/local/lib/android/sdk/platforms/android-35-ext14/data/res/values-mcc310-mnc150-th: Cannot utime: Operation not permitted
build	Cache Android SDK	2026-06-06T12:22:44.7679594Z /usr/bin/tar: ../../../../../usr/local/lib/android/sdk/platforms/android-35-ext14/data/res/values-mcc310-mnc150-th: Cannot change mode to rwxr-xr-x: Operation not permitted
build	Cache Android SDK	2026-06-06T12:22:44.7681854Z /usr/bin/tar: ../../../../../usr/local/lib/android/sdk/platforms/android-35-ext14/data/res/values-mcc001-mnc01-az: Cannot utime: Operation not permitted
build	Cache Android SDK	2026-06-06T12:22:44.7682809Z /usr/bin/tar: ../../../../../usr/local/lib/android/sdk/platforms/android-35-ext14/data/res/values-mcc001-mnc01-az: Cannot change mode to rwxr-xr-x: Operation not permitted
build	Cache Android SDK	2026-06-06T12:22:44.7685440Z /usr/bin/tar: ../../../../../usr/local/lib/android/sdk/platforms/android-35-ext14/data/res/values-mcc310-mnc660-lt: Cannot utime: Operation not permitted
build	Cache Android SDK	2026-06-06T12:22:44.7686648Z /usr/bin/tar: ../../../../../usr/local/lib/android/sdk/platforms/android-35-ext14/data/res/values-mcc310-mnc660-lt: Cannot change mode to rwxr-xr-x: Operation not permitted
build	Cache Android SDK	2026-06-06T12:22:44.7688651Z /usr/bin/tar: ../../../../../usr/local/lib/android/sdk/platforms/android-35-ext14/data/res/values-mcc310-mnc490-zh-rTW: Cannot utime: Operation not permitted
build	Cache Android SDK	2026-06-06T12:22:44.7689647Z /usr/bin/tar: ../../../../../usr/local/lib/android/sdk/platforms/android-35-ext14/data/res/values-mcc310-mnc490-zh-rTW: Cannot change mode to rwxr-xr-x: Operation not permitted
build	Cache Android SDK	2026-06-06T12:22:44.7692063Z /usr/bin/tar: ../../../../../usr/local/lib/android/sdk/platforms/android-35-ext14/data/res/values-mcc311-mnc180-hy: Cannot utime: Operation not permitted
build	Cache Android SDK	2026-06-06T12:22:44.7693167Z /usr/bin/tar: ../../../../../usr/local/lib/android/sdk/platforms/android-35-ext14/data/res/values-mcc311-mnc180-hy: Cannot change mode to rwxr-xr-x: Operation not permitted
build	Cache Android SDK	2026-06-06T12:22:44.7695625Z /usr/bin/tar: ../../../../../usr/local/lib/android/sdk/platforms/android-35-ext14/data/res/values-mcc310-mnc490-ja: Cannot utime: Operation not permitted
build	Cache Android SDK	2026-06-06T12:22:44.7696586Z /usr/bin/tar: ../../../../../usr/local/lib/android/sdk/platforms/android-35-ext14/data/res/values-mcc310-mnc490-ja: Cannot change mode to rwxr-xr-x: Operation not permitted
build	Cache Android SDK	2026-06-06T12:22:44.7699141Z /usr/bin/tar: ../../../../../usr/local/lib/android/sdk/platforms/android-35-ext14/data/res/values-mcc310-mnc560-te: Cannot utime: Operation not permitted
build	Cache Android SDK	2026-06-06T12:22:44.7700111Z /usr/bin/tar: ../../../../../usr/local/lib/android/sdk/platforms/android-35-ext14/data/res/values-mcc310-mnc560-te: Cannot change mode to rwxr-xr-x: Operation not permitted
build	Cache Android SDK	2026-06-06T12:22:44.7702464Z /usr/bin/tar: ../../../../../usr/local/lib/android/sdk/platforms/android-35-ext14/data/res/values-mcc310-mnc310-iw: Cannot utime: Operation not permitted
build	Cache Android SDK	2026-06-06T12:22:44.7703443Z /usr/bin/tar: ../../../../../usr/local/lib/android/sdk/platforms/android-35-ext14/data/res/values-mcc310-mnc310-iw: Cannot change mode to rwxr-xr-x: Operation not permitted
build	Cache Android SDK	2026-06-06T12:22:44.7705730Z /usr/bin/tar: ../../../../../usr/local/lib/android/sdk/platforms/android-35-ext14/data/res/values-sw-television: Cannot utime: Operation not permitted
build	Cache Android SDK	2026-06-06T12:22:44.7706700Z /usr/bin/tar: ../../../../../usr/local/lib/android/sdk/platforms/android-35-ext14/data/res/values-sw-television: Cannot change mode to rwxr-xr-x: Operation not permitted
build	Cache Android SDK	2026-06-06T12:22:44.7710189Z /usr/bin/tar: ../../../../../usr/local/lib/android/sdk/platforms/android-35-ext14/data/res/values-mcc310-mnc250-kk: Cannot utime: Operation not permitted
build	Cache Android SDK	2026-06-06T12:22:44.7711474Z /usr/bin/tar: ../../../../../usr/local/lib/android/sdk/platforms/android-35-ext14/data/res/values-mcc310-mnc250-kk: Cannot change mode to rwxr-xr-x: Operation not permitted
build	Cache Android SDK	2026-06-06T12:22:44.7716125Z /usr/bin/tar: ../../../../../usr/local/lib/android/sdk/platforms/android-35-ext14/data/res/values-mcc310-mnc030-th: Cannot utime: Operation not permitted
build	Cache Android SDK	2026-06-06T12:22:44.7717089Z /usr/bin/tar: ../../../../../usr/local/lib/android/sdk/platforms/android-35-ext14/data/res/values-mcc310-mnc030-th: Cannot change mode to rwxr-xr-x: Operation not permitted
build	Cache Android SDK	2026-06-06T12:22:44.7720019Z /usr/bin/tar: ../../../../../usr/local/lib/android/sdk/platforms/android-35-ext14/data/res/values-lt-rLT: Cannot utime: Operation not permitted
build	Cache Android SDK	2026-06-06T12:22:44.7721027Z /usr/bin/tar: ../../../../../usr/local/lib/android/sdk/platforms/android-35-ext14/data/res/values-lt-rLT: Cannot change mode to rwxr-xr-x: Operation not permitted
build	Cache Android SDK	2026-06-06T12:22:44.7723142Z /usr/bin/tar: ../../../../../usr/local/lib/android/sdk/platforms/android-35-ext14/data/res/values-mcc310-mnc800-ar: Cannot utime: Operation not permitted
build	Cache Android SDK	2026-06-06T12:22:44.7724127Z /usr/bin/tar: ../../../../../usr/local/lib/android/sdk/platforms/android-35-ext14/data/res/values-mcc310-mnc800-ar: Cannot change mode to rwxr-xr-x: Operation not permitted
build	Cache Android SDK	2026-06-06T12:22:44.7726422Z /usr/bin/tar: ../../../../../usr/local/lib/android/sdk/platforms/android-35-ext14/data/res/values-mcc310-mnc410-eu: Cannot utime: Operation not permitted
build	Cache Android SDK	2026-06-06T12:22:44.7727495Z /usr/bin/tar: ../../../../../usr/local/lib/android/sdk/platforms/android-35-ext14/data/res/values-mcc310-mnc410-eu: Cannot change mode to rwxr-xr-x: Operation not permitted
build	Cache Android SDK	2026-06-06T12:22:44.7729599Z /usr/bin/tar: ../../../../../usr/local/lib/android/sdk/platforms/android-35-ext14/data/res/values-mcc310-mnc560-hr: Cannot utime: Operation not permitted
build	Cache Android SDK	2026-06-06T12:22:44.7730551Z /usr/bin/tar: ../../../../../usr/local/lib/android/sdk/platforms/android-35-ext14/data/res/values-mcc310-mnc560-hr: Cannot change mode to rwxr-xr-x: Operation not permitted
build	Cache Android SDK	2026-06-06T12:22:44.7737565Z /usr/bin/tar: ../../../../../usr/local/lib/android/sdk/platforms/android-35-ext14/data/res/anim-ldrtl: Cannot utime: Operation not permitted
build	Cache Android SDK	2026-06-06T12:22:44.7738597Z /usr/bin/tar: ../../../../../usr/local/lib/android/sdk/platforms/android-35-ext14/data/res/anim-ldrtl: Cannot change mode to rwxr-xr-x: Operation not permitted
build	Cache Android SDK	2026-06-06T12:22:44.7745881Z /usr/bin/tar: ../../../../../usr/local/lib/android/sdk/platforms/android-35-ext14/data/res/values-mk: Cannot utime: Operation not permitted
build	Cache Android SDK	2026-06-06T12:22:44.7747762Z /usr/bin/tar: ../../../../../usr/local/lib/android/sdk/platforms/android-35-ext14/data/res/values-mk: Cannot change mode to rwxr-xr-x: Operation not permitted
build	Cache Android SDK	2026-06-06T12:22:44.7749556Z /usr/bin/tar: ../../../../../usr/local/lib/android/sdk/platforms/android-35-ext14/data/res/values-mcc310-mnc030-ja: Cannot utime: Operation not permitted
build	Cache Android SDK	2026-06-06T12:22:44.7750525Z /usr/bin/tar: ../../../../../usr/local/lib/android/sdk/platforms/android-35-ext14/data/res/values-mcc310-mnc030-ja: Cannot change mode to rwxr-xr-x: Operation not permitted
build	Cache Android SDK	2026-06-06T12:22:44.7752544Z /usr/bin/tar: ../../../../../usr/local/lib/android/sdk/platforms/android-35-ext14/data/res/values-mcc310-mnc160-ro: Cannot utime: Operation not permitted
build	Cache Android SDK	2026-06-06T12:22:44.7753516Z /usr/bin/tar: ../../../../../usr/local/lib/android/sdk/platforms/android-35-ext14/data/res/values-mcc310-mnc160-ro: Cannot change mode to rwxr-xr-x: Operation not permitted
build	Cache Android SDK	2026-06-06T12:22:44.7755550Z /usr/bin/tar: ../../../../../usr/local/lib/android/sdk/platforms/android-35-ext14/data/res/values-mcc310-mnc200-sk: Cannot utime: Operation not permitted
build	Cache Android SDK	2026-06-06T12:22:44.7756497Z /usr/bin/tar: ../../../../../usr/local/lib/android/sdk/platforms/android-35-ext14/data/res/values-mcc310-mnc200-sk: Cannot change mode to rwxr-xr-x: Operation not permitted
build	Cache Android SDK	2026-06-06T12:22:44.7758957Z /usr/bin/tar: ../../../../../usr/local/lib/android/sdk/platforms/android-35-ext14/data/res/values-mcc310-mnc660-sl: Cannot utime: Operation not permitted
build	Cache Android SDK	2026-06-06T12:22:44.7759897Z /usr/bin/tar: ../../../../../usr/local/lib/android/sdk/platforms/android-35-ext14/data/res/values-mcc310-mnc660-sl: Cannot change mode to rwxr-xr-x: Operation not permitted
build	Cache Android SDK	2026-06-06T12:22:44.7762231Z /usr/bin/tar: ../../../../../usr/local/lib/android/sdk/platforms/android-35-ext14/data/res/values-mcc310-mnc200-eu: Cannot utime: Operation not permitted
build	Cache Android SDK	2026-06-06T12:22:44.7765416Z /usr/bin/tar: ../../../../../usr/local/lib/android/sdk/platforms/android-35-ext14/data/res/values-mcc310-mnc200-eu: Cannot change mode to rwxr-xr-x: Operation not permitted
build	Cache Android SDK	2026-06-06T12:22:44.7766367Z /usr/bin/tar: ../../../../../usr/local/lib/android/sdk/platforms/android-35-ext14/data/res/values-mcc334-mnc020-sq: Cannot utime: Operation not permitted
build	Cache Android SDK	2026-06-06T12:22:44.7767315Z /usr/bin/tar: ../../../../../usr/local/lib/android/sdk/platforms/android-35-ext14/data/res/values-mcc334-mnc020-sq: Cannot change mode to rwxr-xr-x: Operation not permitted
build	Cache Android SDK	2026-06-06T12:22:44.7768944Z /usr/bin/tar: ../../../../../usr/local/lib/android/sdk/platforms/android-35-ext14/data/res/values-mcc310-mnc220-fa: Cannot utime: Operation not permitted
build	Cache Android SDK	2026-06-06T12:22:44.7769938Z /usr/bin/tar: ../../../../../usr/local/lib/android/sdk/platforms/android-35-ext14/data/res/values-mcc310-mnc220-fa: Cannot change mode to rwxr-xr-x: Operation not permitted
build	Cache Android SDK	2026-06-06T12:22:44.7772125Z /usr/bin/tar: ../../../../../usr/local/lib/android/sdk/platforms/android-35-ext14/data/res/values-mcc313-mnc100-ml: Cannot utime: Operation not permitted
build	Cache Android SDK	2026-06-06T12:22:44.7773101Z /usr/bin/tar: ../../../../../usr/local/lib/android/sdk/platforms/android-35-ext14/data/res/values-mcc313-mnc100-ml: Cannot change mode to rwxr-xr-x: Operation not permitted
build	Cache Android SDK	2026-06-06T12:22:44.7776056Z /usr/bin/tar: ../../../../../usr/local/lib/android/sdk/platforms/android-35-ext14/data/res/values-mcc310-mnc280-pa: Cannot utime: Operation not permitted
build	Cache Android SDK	2026-06-06T12:22:44.7777270Z /usr/bin/tar: ../../../../../usr/local/lib/android/sdk/platforms/android-35-ext14/data/res/values-mcc310-mnc280-pa: Cannot change mode to rwxr-xr-x: Operation not permitted
build	Cache Android SDK	2026-06-06T12:22:44.7779219Z /usr/bin/tar: ../../../../../usr/local/lib/android/sdk/platforms/android-35-ext14/data/res/values-mcc310-mnc160-sw: Cannot utime: Operation not permitted
build	Cache Android SDK	2026-06-06T12:22:44.7780201Z /usr/bin/tar: ../../../../../usr/local/lib/android/sdk/platforms/android-35-ext14/data/res/values-mcc310-mnc160-sw: Cannot change mode to rwxr-xr-x: Operation not permitted
build	Cache Android SDK	2026-06-06T12:22:44.7783383Z /usr/bin/tar: ../../../../../usr/local/lib/android/sdk/platforms/android-35-ext14/data/res/values-mcc310-mnc800-nl: Cannot utime: Operation not permitted
build	Cache Android SDK	2026-06-06T12:22:44.7784895Z /usr/bin/tar: ../../../../../usr/local/lib/android/sdk/platforms/android-35-ext14/data/res/values-mcc310-mnc800-nl: Cannot change mode to rwxr-xr-x: Operation not permitted
build	Cache Android SDK	2026-06-06T12:22:44.7786363Z /usr/bin/tar: ../../../../../usr/local/lib/android/sdk/platforms/android-35-ext14/data/res/raw-pl: Cannot utime: Operation not permitted
build	Cache Android SDK	2026-06-06T12:22:44.7787225Z /usr/bin/tar: ../../../../../usr/local/lib/android/sdk/platforms/android-35-ext14/data/res/raw-pl: Cannot change mode to rwxr-xr-x: Operation not permitted
build	Cache Android SDK	2026-06-06T12:22:44.7789326Z /usr/bin/tar: ../../../../../usr/local/lib/android/sdk/platforms/android-35-ext14/data/res/values-mcc310-mnc950-sw: Cannot utime: Operation not permitted
build	Cache Android SDK	2026-06-06T12:22:44.7790302Z /usr/bin/tar: ../../../../../usr/local/lib/android/sdk/platforms/android-35-ext14/data/res/values-mcc310-mnc950-sw: Cannot change mode to rwxr-xr-x: Operation not permitted
build	Cache Android SDK	2026-06-06T12:22:44.7793150Z /usr/bin/tar: ../../../../../usr/local/lib/android/sdk/platforms/android-35-ext14/data/res/values-mcc310-mnc170-en-rAU: Cannot utime: Operation not permitted
build	Cache Android SDK	2026-06-06T12:22:44.7794172Z /usr/bin/tar: ../../../../../usr/local/lib/android/sdk/platforms/android-35-ext14/data/res/values-mcc310-mnc170-en-rAU: Cannot change mode to rwxr-xr-x: Operation not permitted
build	Cache Android SDK	2026-06-06T12:22:44.7807631Z /usr/bin/tar: ../../../../../usr/local/lib/android/sdk/platforms/android-35-ext14/data/res/drawable-land-ldpi: Cannot utime: Operation not permitted
build	Cache Android SDK	2026-06-06T12:22:44.7808665Z /usr/bin/tar: ../../../../../usr/local/lib/android/sdk/platforms/android-35-ext14/data/res/drawable-land-ldpi: Cannot change mode to rwxr-xr-x: Operation not permitted
build	Cache Android SDK	2026-06-06T12:22:44.7810547Z /usr/bin/tar: ../../../../../usr/local/lib/android/sdk/platforms/android-35-ext14/data/res/values-mcc311-mnc180-cs: Cannot utime: Operation not permitted
build	Cache Android SDK	2026-06-06T12:22:44.7811511Z /usr/bin/tar: ../../../../../usr/local/lib/android/sdk/platforms/android-35-ext14/data/res/values-mcc311-mnc180-cs: Cannot change mode to rwxr-xr-x: Operation not permitted
build	Cache Android SDK	2026-06-06T12:22:44.7814184Z /usr/bin/tar: ../../../../../usr/local/lib/android/sdk/platforms/android-35-ext14/data/res/values-mcc312-mnc670-sk: Cannot utime: Operation not permitted
build	Cache Android SDK	2026-06-06T12:22:44.7815275Z /usr/bin/tar: ../../../../../usr/local/lib/android/sdk/platforms/android-35-ext14/data/res/values-mcc312-mnc670-sk: Cannot change mode to rwxr-xr-x: Operation not permitted
build	Cache Android SDK	2026-06-06T12:22:44.7817122Z /usr/bin/tar: ../../../../../usr/local/lib/android/sdk/platforms/android-35-ext14/data/res/values-mcc302-mnc720-pl: Cannot utime: Operation not permitted
build	Cache Android SDK	2026-06-06T12:22:44.7818274Z /usr/bin/tar: ../../../../../usr/local/lib/android/sdk/platforms/android-35-ext14/data/res/values-mcc302-mnc720-pl: Cannot change mode to rwxr-xr-x: Operation not permitted
build	Cache Android SDK	2026-06-06T12:22:44.7820080Z /usr/bin/tar: ../../../../../usr/local/lib/android/sdk/platforms/android-35-ext14/data/res/values-mcc310-mnc200-zh-rCN: Cannot utime: Operation not permitted
build	Cache Android SDK	2026-06-06T12:22:44.7821099Z /usr/bin/tar: ../../../../../usr/local/lib/android/sdk/platforms/android-35-ext14/data/res/values-mcc310-mnc200-zh-rCN: Cannot change mode to rwxr-xr-x: Operation not permitted
build	Cache Android SDK	2026-06-06T12:22:44.7823011Z /usr/bin/tar: ../../../../../usr/local/lib/android/sdk/platforms/android-35-ext14/data/res/values-mcc310-mnc220-sr: Cannot utime: Operation not permitted
build	Cache Android SDK	2026-06-06T12:22:44.7824001Z /usr/bin/tar: ../../../../../usr/local/lib/android/sdk/platforms/android-35-ext14/data/res/values-mcc310-mnc220-sr: Cannot change mode to rwxr-xr-x: Operation not permitted
build	Cache Android SDK	2026-06-06T12:22:44.7826108Z /usr/bin/tar: ../../../../../usr/local/lib/android/sdk/platforms/android-35-ext14/data/res/values-mcc310-mnc160-tr: Cannot utime: Operation not permitted
build	Cache Android SDK	2026-06-06T12:22:44.7828246Z /usr/bin/tar: ../../../../../usr/local/lib/android/sdk/platforms/android-35-ext14/data/res/values-mcc310-mnc160-tr: Cannot change mode to rwxr-xr-x: Operation not permitted
build	Cache Android SDK	2026-06-06T12:22:44.7829678Z /usr/bin/tar: ../../../../../usr/local/lib/android/sdk/platforms/android-35-ext14/data/res/values-pt-rPT-watch: Cannot utime: Operation not permitted
build	Cache Android SDK	2026-06-06T12:22:44.7830621Z /usr/bin/tar: ../../../../../usr/local/lib/android/sdk/platforms/android-35-ext14/data/res/values-pt-rPT-watch: Cannot change mode to rwxr-xr-x: Operation not permitted
build	Cache Android SDK	2026-06-06T12:22:44.7833117Z /usr/bin/tar: ../../../../../usr/local/lib/android/sdk/platforms/android-35-ext14/data/res/values-mcc310-mnc410-zh-rTW: Cannot utime: Operation not permitted
build	Cache Android SDK	2026-06-06T12:22:44.7834140Z /usr/bin/tar: ../../../../../usr/local/lib/android/sdk/platforms/android-35-ext14/data/res/values-mcc310-mnc410-zh-rTW: Cannot change mode to rwxr-xr-x: Operation not permitted
build	Cache Android SDK	2026-06-06T12:22:44.7836141Z /usr/bin/tar: ../../../../../usr/local/lib/android/sdk/platforms/android-35-ext14/data/res/values-mcc334-mnc020-sr: Cannot utime: Operation not permitted
build	Cache Android SDK	2026-06-06T12:22:44.7837105Z /usr/bin/tar: ../../../../../usr/local/lib/android/sdk/platforms/android-35-ext14/data/res/values-mcc334-mnc020-sr: Cannot change mode to rwxr-xr-x: Operation not permitted
build	Cache Android SDK	2026-06-06T12:22:44.7840643Z /usr/bin/tar: ../../../../../usr/local/lib/android/sdk/platforms/android-35-ext14/data/res/values-mcc310-mnc240-fi: Cannot utime: Operation not permitted
build	Cache Android SDK	2026-06-06T12:22:44.7841677Z /usr/bin/tar: ../../../../../usr/local/lib/android/sdk/platforms/android-35-ext14/data/res/values-mcc310-mnc240-fi: Cannot change mode to rwxr-xr-x: Operation not permitted
build	Cache Android SDK	2026-06-06T12:22:44.7843868Z /usr/bin/tar: ../../../../../usr/local/lib/android/sdk/platforms/android-35-ext14/data/res/values-mcc310-mnc560-sr: Cannot utime: Operation not permitted
build	Cache Android SDK	2026-06-06T12:22:44.7844832Z /usr/bin/tar: ../../../../../usr/local/lib/android/sdk/platforms/android-35-ext14/data/res/values-mcc310-mnc560-sr: Cannot change mode to rwxr-xr-x: Operation not permitted
build	Cache Android SDK	2026-06-06T12:22:44.7847910Z /usr/bin/tar: ../../../../../usr/local/lib/android/sdk/platforms/android-35-ext14/data/res/values-da-rDK: Cannot utime: Operation not permitted
build	Cache Android SDK	2026-06-06T12:22:44.7848825Z /usr/bin/tar: ../../../../../usr/local/lib/android/sdk/platforms/android-35-ext14/data/res/values-da-rDK: Cannot change mode to rwxr-xr-x: Operation not permitted
build	Cache Android SDK	2026-06-06T12:22:44.7852181Z /usr/bin/tar: ../../../../../usr/local/lib/android/sdk/platforms/android-35-ext14/data/res/values-mcc310-mnc410-gu: Cannot utime: Operation not permitted
build	Cache Android SDK	2026-06-06T12:22:44.7853149Z /usr/bin/tar: ../../../../../usr/local/lib/android/sdk/platforms/android-35-ext14/data/res/values-mcc310-mnc410-gu: Cannot change mode to rwxr-xr-x: Operation not permitted
build	Cache Android SDK	2026-06-06T12:22:44.7855534Z /usr/bin/tar: ../../../../../usr/local/lib/android/sdk/platforms/android-35-ext14/data/res/values-mcc334-mnc020-ka: Cannot utime: Operation not permitted
build	Cache Android SDK	2026-06-06T12:22:44.7856926Z /usr/bin/tar: ../../../../../usr/local/lib/android/sdk/platforms/android-35-ext14/data/res/values-mcc334-mnc020-ka: Cannot change mode to rwxr-xr-x: Operation not permitted
build	Cache Android SDK	2026-06-06T12:22:44.7858741Z /usr/bin/tar: ../../../../../usr/local/lib/android/sdk/platforms/android-35-ext14/data/res/values-mcc310-mnc560-nb: Cannot utime: Operation not permitted
build	Cache Android SDK	2026-06-06T12:22:44.7859735Z /usr/bin/tar: ../../../../../usr/local/lib/android/sdk/platforms/android-35-ext14/data/res/values-mcc310-mnc560-nb: Cannot change mode to rwxr-xr-x: Operation not permitted
build	Cache Android SDK	2026-06-06T12:22:44.7861989Z /usr/bin/tar: ../../../../../usr/local/lib/android/sdk/platforms/android-35-ext14/data/res/values-mcc310-mnc240-en-rGB: Cannot utime: Operation not permitted
build	Cache Android SDK	2026-06-06T12:22:44.7863104Z /usr/bin/tar: ../../../../../usr/local/lib/android/sdk/platforms/android-35-ext14/data/res/values-mcc310-mnc240-en-rGB: Cannot change mode to rwxr-xr-x: Operation not permitted
build	Cache Android SDK	2026-06-06T12:22:44.7865289Z /usr/bin/tar: ../../../../../usr/local/lib/android/sdk/platforms/android-35-ext14/data/res/values-mcc310-mnc380-zh-rTW: Cannot utime: Operation not permitted
build	Cache Android SDK	2026-06-06T12:22:44.7866291Z /usr/bin/tar: ../../../../../usr/local/lib/android/sdk/platforms/android-35-ext14/data/res/values-mcc310-mnc380-zh-rTW: Cannot change mode to rwxr-xr-x: Operation not permitted
build	Cache Android SDK	2026-06-06T12:22:44.7870593Z /usr/bin/tar: ../../../../../usr/local/lib/android/sdk/platforms/android-35-ext14/data/res/values-mcc310-mnc210-sr: Cannot utime: Operation not permitted
build	Cache Android SDK	2026-06-06T12:22:44.7871548Z /usr/bin/tar: ../../../../../usr/local/lib/android/sdk/platforms/android-35-ext14/data/res/values-mcc310-mnc210-sr: Cannot change mode to rwxr-xr-x: Operation not permitted
build	Cache Android SDK	2026-06-06T12:22:44.7873633Z /usr/bin/tar: ../../../../../usr/local/lib/android/sdk/platforms/android-35-ext14/data/res/values-mcc310-mnc380-as: Cannot utime: Operation not permitted
build	Cache Android SDK	2026-06-06T12:22:44.7874590Z /usr/bin/tar: ../../../../../usr/local/lib/android/sdk/platforms/android-35-ext14/data/res/values-mcc310-mnc380-as: Cannot change mode to rwxr-xr-x: Operation not permitted
build	Cache Android SDK	2026-06-06T12:22:44.7878041Z /usr/bin/tar: ../../../../../usr/local/lib/android/sdk/platforms/android-35-ext14/data/res/values-mcc312-mnc670-nb: Cannot utime: Operation not permitted
build	Cache Android SDK	2026-06-06T12:22:44.7878998Z /usr/bin/tar: ../../../../../usr/local/lib/android/sdk/platforms/android-35-ext14/data/res/values-mcc312-mnc670-nb: Cannot change mode to rwxr-xr-x: Operation not permitted
build	Cache Android SDK	2026-06-06T12:22:44.7881107Z /usr/bin/tar: ../../../../../usr/local/lib/android/sdk/platforms/android-35-ext14/data/res/values-mcc302-mnc370-bg: Cannot utime: Operation not permitted
build	Cache Android SDK	2026-06-06T12:22:44.7882069Z /usr/bin/tar: ../../../../../usr/local/lib/android/sdk/platforms/android-35-ext14/data/res/values-mcc302-mnc370-bg: Cannot change mode to rwxr-xr-x: Operation not permitted
build	Cache Android SDK	2026-06-06T12:22:44.7884076Z /usr/bin/tar: ../../../../../usr/local/lib/android/sdk/platforms/android-35-ext14/data/res/values-mcc310-mnc200-it: Cannot utime: Operation not permitted
build	Cache Android SDK	2026-06-06T12:22:44.7885056Z /usr/bin/tar: ../../../../../usr/local/lib/android/sdk/platforms/android-35-ext14/data/res/values-mcc310-mnc200-it: Cannot change mode to rwxr-xr-x: Operation not permitted
build	Cache Android SDK	2026-06-06T12:22:44.7887231Z /usr/bin/tar: ../../../../../usr/local/lib/android/sdk/platforms/android-35-ext14/data/res/values-w211dp: Cannot utime: Operation not permitted
build	Cache Android SDK	2026-06-06T12:22:44.7888299Z /usr/bin/tar: ../../../../../usr/local/lib/android/sdk/platforms/android-35-ext14/data/res/values-w211dp: Cannot change mode to rwxr-xr-x: Operation not permitted
build	Cache Android SDK	2026-06-06T12:22:44.7890649Z /usr/bin/tar: ../../../../../usr/local/lib/android/sdk/platforms/android-35-ext14/data/res/values-sk-watch: Cannot utime: Operation not permitted
build	Cache Android SDK	2026-06-06T12:22:44.7891668Z /usr/bin/tar: ../../../../../usr/local/lib/android/sdk/platforms/android-35-ext14/data/res/values-sk-watch: Cannot change mode to rwxr-xr-x: Operation not permitted
build	Cache Android SDK	2026-06-06T12:22:44.7894581Z /usr/bin/tar: ../../../../../usr/local/lib/android/sdk/platforms/android-35-ext14/data/res/values-mcc310-mnc030-te: Cannot utime: Operation not permitted
build	Cache Android SDK	2026-06-06T12:22:44.7895576Z /usr/bin/tar: ../../../../../usr/local/lib/android/sdk/platforms/android-35-ext14/data/res/values-mcc310-mnc030-te: Cannot change mode to rwxr-xr-x: Operation not permitted
build	Cache Android SDK	2026-06-06T12:22:44.7898021Z /usr/bin/tar: ../../../../../usr/local/lib/android/sdk/platforms/android-35-ext14/data/res/values-mcc310-mnc250-es: Cannot utime: Operation not permitted
build	Cache Android SDK	2026-06-06T12:22:44.7899000Z /usr/bin/tar: ../../../../../usr/local/lib/android/sdk/platforms/android-35-ext14/data/res/values-mcc310-mnc250-es: Cannot change mode to rwxr-xr-x: Operation not permitted
build	Cache Android SDK	2026-06-06T12:22:44.7901446Z /usr/bin/tar: ../../../../../usr/local/lib/android/sdk/platforms/android-35-ext14/data/res/values-th-television: Cannot utime: Operation not permitted
build	Cache Android SDK	2026-06-06T12:22:44.7902562Z /usr/bin/tar: ../../../../../usr/local/lib/android/sdk/platforms/android-35-ext14/data/res/values-th-television: Cannot change mode to rwxr-xr-x: Operation not permitted
build	Cache Android SDK	2026-06-06T12:22:44.7904431Z /usr/bin/tar: ../../../../../usr/local/lib/android/sdk/platforms/android-35-ext14/data/res/values-mcc310-mnc160-es: Cannot utime: Operation not permitted
build	Cache Android SDK	2026-06-06T12:22:44.7905408Z /usr/bin/tar: ../../../../../usr/local/lib/android/sdk/platforms/android-35-ext14/data/res/values-mcc310-mnc160-es: Cannot change mode to rwxr-xr-x: Operation not permitted
build	Cache Android SDK	2026-06-06T12:22:44.7908910Z /usr/bin/tar: ../../../../../usr/local/lib/android/sdk/platforms/android-35-ext14/data/res/values-ko-rKR: Cannot utime: Operation not permitted
build	Cache Android SDK	2026-06-06T12:22:44.7909822Z /usr/bin/tar: ../../../../../usr/local/lib/android/sdk/platforms/android-35-ext14/data/res/values-ko-rKR: Cannot change mode to rwxr-xr-x: Operation not permitted
build	Cache Android SDK	2026-06-06T12:22:44.7912107Z /usr/bin/tar: ../../../../../usr/local/lib/android/sdk/platforms/android-35-ext14/data/res/values-mcc310-mnc310-sl: Cannot utime: Operation not permitted
build	Cache Android SDK	2026-06-06T12:22:44.7913088Z /usr/bin/tar: ../../../../../usr/local/lib/android/sdk/platforms/android-35-ext14/data/res/values-mcc310-mnc310-sl: Cannot change mode to rwxr-xr-x: Operation not permitted
build	Cache Android SDK	2026-06-06T12:22:44.7915508Z /usr/bin/tar: ../../../../../usr/local/lib/android/sdk/platforms/android-35-ext14/data/res/values-mcc001-mnc01-zh-rCN: Cannot utime: Operation not permitted
build	Cache Android SDK	2026-06-06T12:22:44.7916508Z /usr/bin/tar: ../../../../../usr/local/lib/android/sdk/platforms/android-35-ext14/data/res/values-mcc001-mnc01-zh-rCN: Cannot change mode to rwxr-xr-x: Operation not permitted
build	Cache Android SDK	2026-06-06T12:22:44.7919688Z /usr/bin/tar: ../../../../../usr/local/lib/android/sdk/platforms/android-35-ext14/data/res/values-mcc310-mnc220: Cannot utime: Operation not permitted
build	Cache Android SDK	2026-06-06T12:22:44.7920663Z /usr/bin/tar: ../../../../../usr/local/lib/android/sdk/platforms/android-35-ext14/data/res/values-mcc310-mnc220: Cannot change mode to rwxr-xr-x: Operation not permitted
build	Cache Android SDK	2026-06-06T12:22:44.7923686Z /usr/bin/tar: ../../../../../usr/local/lib/android/sdk/platforms/android-35-ext14/data/res/values-mcc310-mnc220-hy: Cannot utime: Operation not permitted
build	Cache Android SDK	2026-06-06T12:22:44.7925470Z /usr/bin/tar: ../../../../../usr/local/lib/android/sdk/platforms/android-35-ext14/data/res/values-mcc310-mnc220-hy: Cannot change mode to rwxr-xr-x: Operation not permitted
build	Cache Android SDK	2026-06-06T12:22:44.7927232Z /usr/bin/tar: ../../../../../usr/local/lib/android/sdk/platforms/android-35-ext14/data/res/values-zu-watch: Cannot utime: Operation not permitted
build	Cache Android SDK	2026-06-06T12:22:44.7928777Z /usr/bin/tar: ../../../../../usr/local/lib/android/sdk/platforms/android-35-ext14/data/res/values-zu-watch: Cannot change mode to rwxr-xr-x: Operation not permitted
build	Cache Android SDK	2026-06-06T12:22:44.7930148Z /usr/bin/tar: ../../../../../usr/local/lib/android/sdk/platforms/android-35-ext14/data/res/values-mcc310-mnc560-b+sr+Latn: Cannot utime: Operation not permitted
build	Cache Android SDK	2026-06-06T12:22:44.7931166Z /usr/bin/tar: ../../../../../usr/local/lib/android/sdk/platforms/android-35-ext14/data/res/values-mcc310-mnc560-b+sr+Latn: Cannot change mode to rwxr-xr-x: Operation not permitted
build	Cache Android SDK	2026-06-06T12:22:44.7933161Z /usr/bin/tar: ../../../../../usr/local/lib/android/sdk/platforms/android-35-ext14/data/res/values-mcc310-mnc200-lo: Cannot utime: Operation not permitted
build	Cache Android SDK	2026-06-06T12:22:44.7934130Z /usr/bin/tar: ../../../../../usr/local/lib/android/sdk/platforms/android-35-ext14/data/res/values-mcc310-mnc200-lo: Cannot change mode to rwxr-xr-x: Operation not permitted
build	Cache Android SDK	2026-06-06T12:22:44.7937214Z /usr/bin/tar: ../../../../../usr/local/lib/android/sdk/platforms/android-35-ext14/data/res/values-mcc310-mnc150-it: Cannot utime: Operation not permitted
build	Cache Android SDK	2026-06-06T12:22:44.7938626Z /usr/bin/tar: ../../../../../usr/local/lib/android/sdk/platforms/android-35-ext14/data/res/values-mcc310-mnc150-it: Cannot change mode to rwxr-xr-x: Operation not permitted
build	Cache Android SDK	2026-06-06T12:22:44.7940301Z /usr/bin/tar: ../../../../../usr/local/lib/android/sdk/platforms/android-35-ext14/data/res/values-mcc310-mnc230-bs: Cannot utime: Operation not permitted
build	Cache Android SDK	2026-06-06T12:22:44.7941247Z /usr/bin/tar: ../../../../../usr/local/lib/android/sdk/platforms/android-35-ext14/data/res/values-mcc310-mnc230-bs: Cannot change mode to rwxr-xr-x: Operation not permitted
build	Cache Android SDK	2026-06-06T12:22:44.7943546Z /usr/bin/tar: ../../../../../usr/local/lib/android/sdk/platforms/android-35-ext14/data/res/values-mcc313-mnc100-az: Cannot utime: Operation not permitted
build	Cache Android SDK	2026-06-06T12:22:44.7944514Z /usr/bin/tar: ../../../../../usr/local/lib/android/sdk/platforms/android-35-ext14/data/res/values-mcc313-mnc100-az: Cannot change mode to rwxr-xr-x: Operation not permitted
build	Cache Android SDK	2026-06-06T12:22:44.7947235Z /usr/bin/tar: ../../../../../usr/local/lib/android/sdk/platforms/android-35-ext14/data/res/values-mcc310-mnc250-sl: Cannot utime: Operation not permitted
build	Cache Android SDK	2026-06-06T12:22:44.7948456Z /usr/bin/tar: ../../../../../usr/local/lib/android/sdk/platforms/android-35-ext14/data/res/values-mcc310-mnc250-sl: Cannot change mode to rwxr-xr-x: Operation not permitted
build	Cache Android SDK	2026-06-06T12:22:44.7950796Z /usr/bin/tar: ../../../../../usr/local/lib/android/sdk/platforms/android-35-ext14/data/res/values-mcc311-mnc180-ms: Cannot utime: Operation not permitted
build	Cache Android SDK	2026-06-06T12:22:44.7951767Z /usr/bin/tar: ../../../../../usr/local/lib/android/sdk/platforms/android-35-ext14/data/res/values-mcc311-mnc180-ms: Cannot change mode to rwxr-xr-x: Operation not permitted
build	Cache Android SDK	2026-06-06T12:22:44.7954185Z /usr/bin/tar: ../../../../../usr/local/lib/android/sdk/platforms/android-35-ext14/data/res/values-mcc310-mnc220-th: Cannot utime: Operation not permitted
build	Cache Android SDK	2026-06-06T12:22:44.7955136Z /usr/bin/tar: ../../../../../usr/local/lib/android/sdk/platforms/android-35-ext14/data/res/values-mcc310-mnc220-th: Cannot change mode to rwxr-xr-x: Operation not permitted
build	Cache Android SDK	2026-06-06T12:22:44.7957479Z /usr/bin/tar: ../../../../../usr/local/lib/android/sdk/platforms/android-35-ext14/data/res/values-mcc334-mnc020-ta: Cannot utime: Operation not permitted
build	Cache Android SDK	2026-06-06T12:22:44.7958466Z /usr/bin/tar: ../../../../../usr/local/lib/android/sdk/platforms/android-35-ext14/data/res/values-mcc334-mnc020-ta: Cannot change mode to rwxr-xr-x: Operation not permitted
build	Cache Android SDK	2026-06-06T12:22:44.7961128Z /usr/bin/tar: ../../../../../usr/local/lib/android/sdk/platforms/android-35-ext14/data/res/values-mcc302-mnc370-fr-rCA: Cannot utime: Operation not permitted
build	Cache Android SDK	2026-06-06T12:22:44.7962129Z /usr/bin/tar: ../../../../../usr/local/lib/android/sdk/platforms/android-35-ext14/data/res/values-mcc302-mnc370-fr-rCA: Cannot change mode to rwxr-xr-x: Operation not permitted
build	Cache Android SDK	2026-06-06T12:22:44.7964044Z /usr/bin/tar: ../../../../../usr/local/lib/android/sdk/platforms/android-35-ext14/data/res/values-mcc310-mnc660-in: Cannot utime: Operation not permitted
build	Cache Android SDK	2026-06-06T12:22:44.7965024Z /usr/bin/tar: ../../../../../usr/local/lib/android/sdk/platforms/android-35-ext14/data/res/values-mcc310-mnc660-in: Cannot change mode to rwxr-xr-x: Operation not permitted
build	Cache Android SDK	2026-06-06T12:22:44.7967895Z /usr/bin/tar: ../../../../../usr/local/lib/android/sdk/platforms/android-35-ext14/data/res/values-mcc001-mnc01-bs: Cannot utime: Operation not permitted
build	Cache Android SDK	2026-06-06T12:22:44.7969236Z /usr/bin/tar: ../../../../../usr/local/lib/android/sdk/platforms/android-35-ext14/data/res/values-mcc001-mnc01-bs: Cannot change mode to rwxr-xr-x: Operation not permitted
build	Cache Android SDK	2026-06-06T12:22:44.7970809Z /usr/bin/tar: ../../../../../usr/local/lib/android/sdk/platforms/android-35-ext14/data/res/values-mcc310-mnc280-de: Cannot utime: Operation not permitted
build	Cache Android SDK	2026-06-06T12:22:44.7971756Z /usr/bin/tar: ../../../../../usr/local/lib/android/sdk/platforms/android-35-ext14/data/res/values-mcc310-mnc280-de: Cannot change mode to rwxr-xr-x: Operation not permitted
build	Cache Android SDK	2026-06-06T12:22:44.7973705Z /usr/bin/tar: ../../../../../usr/local/lib/android/sdk/platforms/android-35-ext14/data/res/values-mcc416-mnc77: Cannot utime: Operation not permitted
build	Cache Android SDK	2026-06-06T12:22:44.7974755Z /usr/bin/tar: ../../../../../usr/local/lib/android/sdk/platforms/android-35-ext14/data/res/values-mcc416-mnc77: Cannot change mode to rwxr-xr-x: Operation not permitted
build	Cache Android SDK	2026-06-06T12:22:44.7977085Z /usr/bin/tar: ../../../../../usr/local/lib/android/sdk/platforms/android-35-ext14/data/res/values-pl-television: Cannot utime: Operation not permitted
build	Cache Android SDK	2026-06-06T12:22:44.7978296Z /usr/bin/tar: ../../../../../usr/local/lib/android/sdk/platforms/android-35-ext14/data/res/values-pl-television: Cannot change mode to rwxr-xr-x: Operation not permitted
build	Cache Android SDK	2026-06-06T12:22:44.7980181Z /usr/bin/tar: ../../../../../usr/local/lib/android/sdk/platforms/android-35-ext14/data/res/values-h720dp: Cannot utime: Operation not permitted
build	Cache Android SDK	2026-06-06T12:22:44.7981085Z /usr/bin/tar: ../../../../../usr/local/lib/android/sdk/platforms/android-35-ext14/data/res/values-h720dp: Cannot change mode to rwxr-xr-x: Operation not permitted
build	Cache Android SDK	2026-06-06T12:22:44.7983704Z /usr/bin/tar: ../../../../../usr/local/lib/android/sdk/platforms/android-35-ext14/data/res/values-mcc310-mnc310-b+sr+Latn: Cannot utime: Operation not permitted
build	Cache Android SDK	2026-06-06T12:22:44.7984736Z /usr/bin/tar: ../../../../../usr/local/lib/android/sdk/platforms/android-35-ext14/data/res/values-mcc310-mnc310-b+sr+Latn: Cannot change mode to rwxr-xr-x: Operation not permitted
build	Cache Android SDK	2026-06-06T12:22:44.7987722Z /usr/bin/tar: ../../../../../usr/local/lib/android/sdk/platforms/android-35-ext14/data/res/values-mcc001-mnc01-eu: Cannot utime: Operation not permitted
build	Cache Android SDK	2026-06-06T12:22:44.7988831Z /usr/bin/tar: ../../../../../usr/local/lib/android/sdk/platforms/android-35-ext14/data/res/values-mcc001-mnc01-eu: Cannot change mode to rwxr-xr-x: Operation not permitted
build	Cache Android SDK	2026-06-06T12:22:44.7990667Z /usr/bin/tar: ../../../../../usr/local/lib/android/sdk/platforms/android-35-ext14/data/res/values-mcc310-mnc170-mn: Cannot utime: Operation not permitted
build	Cache Android SDK	2026-06-06T12:22:44.7991673Z /usr/bin/tar: ../../../../../usr/local/lib/android/sdk/platforms/android-35-ext14/data/res/values-mcc310-mnc170-mn: Cannot change mode to rwxr-xr-x: Operation not permitted
build	Cache Android SDK	2026-06-06T12:22:44.7994333Z /usr/bin/tar: ../../../../../usr/local/lib/android/sdk/platforms/android-35-ext14/data/res/values-mcc234: Cannot utime: Operation not permitted
build	Cache Android SDK	2026-06-06T12:22:44.7995339Z /usr/bin/tar: ../../../../../usr/local/lib/android/sdk/platforms/android-35-ext14/data/res/values-mcc234: Cannot change mode to rwxr-xr-x: Operation not permitted
build	Cache Android SDK	2026-06-06T12:22:44.8002684Z /usr/bin/tar: ../../../../../usr/local/lib/android/sdk/platforms/android-35-ext14/data/res/values-th: Cannot utime: Operation not permitted
build	Cache Android SDK	2026-06-06T12:22:44.8003672Z /usr/bin/tar: ../../../../../usr/local/lib/android/sdk/platforms/android-35-ext14/data/res/values-th: Cannot change mode to rwxr-xr-x: Operation not permitted
build	Cache Android SDK	2026-06-06T12:22:44.8005925Z /usr/bin/tar: ../../../../../usr/local/lib/android/sdk/platforms/android-35-ext14/data/res/values-mcc310-mnc030-mr: Cannot utime: Operation not permitted
build	Cache Android SDK	2026-06-06T12:22:44.8006949Z /usr/bin/tar: ../../../../../usr/local/lib/android/sdk/platforms/android-35-ext14/data/res/values-mcc310-mnc030-mr: Cannot change mode to rwxr-xr-x: Operation not permitted
build	Cache Android SDK	2026-06-06T12:22:44.8009315Z /usr/bin/tar: ../../../../../usr/local/lib/android/sdk/platforms/android-35-ext14/data/res/values-mcc310-mnc310-ka: Cannot utime: Operation not permitted
build	Cache Android SDK	2026-06-06T12:22:44.8010517Z /usr/bin/tar: ../../../../../usr/local/lib/android/sdk/platforms/android-35-ext14/data/res/values-mcc310-mnc310-ka: Cannot change mode to rwxr-xr-x: Operation not permitted
build	Cache Android SDK	2026-06-06T12:22:44.8012111Z /usr/bin/tar: ../../../../../usr/local/lib/android/sdk/platforms/android-35-ext14/data/res/values-mcc310-mnc240-tl: Cannot utime: Operation not permitted
build	Cache Android SDK	2026-06-06T12:22:44.8013055Z /usr/bin/tar: ../../../../../usr/local/lib/android/sdk/platforms/android-35-ext14/data/res/values-mcc310-mnc240-tl: Cannot change mode to rwxr-xr-x: Operation not permitted
build	Cache Android SDK	2026-06-06T12:22:44.8014837Z /usr/bin/tar: ../../../../../usr/local/lib/android/sdk/platforms/android-35-ext14/data/res/values-el-television: Cannot utime: Operation not permitted
build	Cache Android SDK	2026-06-06T12:22:44.8015929Z /usr/bin/tar: ../../../../../usr/local/lib/android/sdk/platforms/android-35-ext14/data/res/values-el-television: Cannot change mode to rwxr-xr-x: Operation not permitted
build	Cache Android SDK	2026-06-06T12:22:44.8018724Z /usr/bin/tar: ../../../../../usr/local/lib/android/sdk/platforms/android-35-ext14/data/res/values-mcc312-mnc670-nl: Cannot utime: Operation not permitted
build	Cache Android SDK	2026-06-06T12:22:44.8019761Z /usr/bin/tar: ../../../../../usr/local/lib/android/sdk/platforms/android-35-ext14/data/res/values-mcc312-mnc670-nl: Cannot change mode to rwxr-xr-x: Operation not permitted
build	Cache Android SDK	2026-06-06T12:22:44.8021423Z /usr/bin/tar: ../../../../../usr/local/lib/android/sdk/platforms/android-35-ext14/data/res/values-mcc310-mnc310-hy: Cannot utime: Operation not permitted
build	Cache Android SDK	2026-06-06T12:22:44.8022389Z /usr/bin/tar: ../../../../../usr/local/lib/android/sdk/platforms/android-35-ext14/data/res/values-mcc310-mnc310-hy: Cannot change mode to rwxr-xr-x: Operation not permitted
build	Cache Android SDK	2026-06-06T12:22:44.8024130Z /usr/bin/tar: ../../../../../usr/local/lib/android/sdk/platforms/android-35-ext14/data/res/values-mcc310-mnc250-ur: Cannot utime: Operation not permitted
build	Cache Android SDK	2026-06-06T12:22:44.8025095Z /usr/bin/tar: ../../../../../usr/local/lib/android/sdk/platforms/android-35-ext14/data/res/values-mcc310-mnc250-ur: Cannot change mode to rwxr-xr-x: Operation not permitted
build	Cache Android SDK	2026-06-06T12:22:44.8027756Z /usr/bin/tar: ../../../../../usr/local/lib/android/sdk/platforms/android-35-ext14/data/res/values-mcc310-mnc490-si: Cannot utime: Operation not permitted
build	Cache Android SDK	2026-06-06T12:22:44.8028879Z /usr/bin/tar: ../../../../../usr/local/lib/android/sdk/platforms/android-35-ext14/data/res/values-mcc310-mnc490-si: Cannot change mode to rwxr-xr-x: Operation not permitted
build	Cache Android SDK	2026-06-06T12:22:44.8030371Z /usr/bin/tar: ../../../../../usr/local/lib/android/sdk/platforms/android-35-ext14/data/res/values-mcc313-mnc100-am: Cannot utime: Operation not permitted
build	Cache Android SDK	2026-06-06T12:22:44.8031327Z /usr/bin/tar: ../../../../../usr/local/lib/android/sdk/platforms/android-35-ext14/data/res/values-mcc313-mnc100-am: Cannot change mode to rwxr-xr-x: Operation not permitted
build	Cache Android SDK	2026-06-06T12:22:44.8032916Z /usr/bin/tar: ../../../../../usr/local/lib/android/sdk/platforms/android-35-ext14/data/res/values-mcc310-mnc660-gu: Cannot utime: Operation not permitted
build	Cache Android SDK	2026-06-06T12:22:44.8033886Z /usr/bin/tar: ../../../../../usr/local/lib/android/sdk/platforms/android-35-ext14/data/res/values-mcc310-mnc660-gu: Cannot change mode to rwxr-xr-x: Operation not permitted
build	Cache Android SDK	2026-06-06T12:22:44.8035839Z /usr/bin/tar: ../../../../../usr/local/lib/android/sdk/platforms/android-35-ext14/data/res/values-mcc310-mnc410-fr-rCA: Cannot utime: Operation not permitted
build	Cache Android SDK	2026-06-06T12:22:44.8036835Z /usr/bin/tar: ../../../../../usr/local/lib/android/sdk/platforms/android-35-ext14/data/res/values-mcc310-mnc410-fr-rCA: Cannot change mode to rwxr-xr-x: Operation not permitted
build	Cache Android SDK	2026-06-06T12:22:44.8039021Z /usr/bin/tar: ../../../../../usr/local/lib/android/sdk/platforms/android-35-ext14/data/res/values-mcc310-mnc220-te: Cannot utime: Operation not permitted
build	Cache Android SDK	2026-06-06T12:22:44.8040000Z /usr/bin/tar: ../../../../../usr/local/lib/android/sdk/platforms/android-35-ext14/data/res/values-mcc310-mnc220-te: Cannot change mode to rwxr-xr-x: Operation not permitted
build	Cache Android SDK	2026-06-06T12:22:44.8042673Z /usr/bin/tar: ../../../../../usr/local/lib/android/sdk/platforms/android-35-ext14/data/res/values-af-watch: Cannot utime: Operation not permitted
build	Cache Android SDK	2026-06-06T12:22:44.8043592Z /usr/bin/tar: ../../../../../usr/local/lib/android/sdk/platforms/android-35-ext14/data/res/values-af-watch: Cannot change mode to rwxr-xr-x: Operation not permitted
build	Cache Android SDK	2026-06-06T12:22:44.8045690Z /usr/bin/tar: ../../../../../usr/local/lib/android/sdk/platforms/android-35-ext14/data/res/values-mcc310-mnc410-el: Cannot utime: Operation not permitted
build	Cache Android SDK	2026-06-06T12:22:44.8046642Z /usr/bin/tar: ../../../../../usr/local/lib/android/sdk/platforms/android-35-ext14/data/res/values-mcc310-mnc410-el: Cannot change mode to rwxr-xr-x: Operation not permitted
build	Cache Android SDK	2026-06-06T12:22:44.8049518Z /usr/bin/tar: ../../../../../usr/local/lib/android/sdk/platforms/android-35-ext14/data/res/values-mcc310-mnc250-en-rAU: Cannot utime: Operation not permitted
build	Cache Android SDK	2026-06-06T12:22:44.8050509Z /usr/bin/tar: ../../../../../usr/local/lib/android/sdk/platforms/android-35-ext14/data/res/values-mcc310-mnc250-en-rAU: Cannot change mode to rwxr-xr-x: Operation not permitted
build	Cache Android SDK	2026-06-06T12:22:44.8053215Z /usr/bin/tar: ../../../../../usr/local/lib/android/sdk/platforms/android-35-ext14/data/res/values-mcc312-mnc670-mr: Cannot utime: Operation not permitted
build	Cache Android SDK	2026-06-06T12:22:44.8054266Z /usr/bin/tar: ../../../../../usr/local/lib/android/sdk/platforms/android-35-ext14/data/res/values-mcc312-mnc670-mr: Cannot change mode to rwxr-xr-x: Operation not permitted
build	Cache Android SDK	2026-06-06T12:22:44.8056537Z /usr/bin/tar: ../../../../../usr/local/lib/android/sdk/platforms/android-35-ext14/data/res/values-mcc310-mnc660-sk: Cannot utime: Operation not permitted
build	Cache Android SDK	2026-06-06T12:22:44.8057714Z /usr/bin/tar: ../../../../../usr/local/lib/android/sdk/platforms/android-35-ext14/data/res/values-mcc310-mnc660-sk: Cannot change mode to rwxr-xr-x: Operation not permitted
build	Cache Android SDK	2026-06-06T12:22:44.8060102Z /usr/bin/tar: ../../../../../usr/local/lib/android/sdk/platforms/android-35-ext14/data/res/values-mcc310-mnc800-pt-rBR: Cannot utime: Operation not permitted
build	Cache Android SDK	2026-06-06T12:22:44.8061195Z /usr/bin/tar: ../../../../../usr/local/lib/android/sdk/platforms/android-35-ext14/data/res/values-mcc310-mnc800-pt-rBR: Cannot change mode to rwxr-xr-x: Operation not permitted
build	Cache Android SDK	2026-06-06T12:22:44.8062984Z /usr/bin/tar: ../../../../../usr/local/lib/android/sdk/platforms/android-35-ext14/data/res/values-mcc310-mnc410-uz: Cannot utime: Operation not permitted
build	Cache Android SDK	2026-06-06T12:22:44.8063944Z /usr/bin/tar: ../../../../../usr/local/lib/android/sdk/platforms/android-35-ext14/data/res/values-mcc310-mnc410-uz: Cannot change mode to rwxr-xr-x: Operation not permitted
build	Cache Android SDK	2026-06-06T12:22:44.8065830Z /usr/bin/tar: ../../../../../usr/local/lib/android/sdk/platforms/android-35-ext14/data/res/values-mcc310-mnc230-ms: Cannot utime: Operation not permitted
build	Cache Android SDK	2026-06-06T12:22:44.8066800Z /usr/bin/tar: ../../../../../usr/local/lib/android/sdk/platforms/android-35-ext14/data/res/values-mcc310-mnc230-ms: Cannot change mode to rwxr-xr-x: Operation not permitted
build	Cache Android SDK	2026-06-06T12:22:44.8069292Z /usr/bin/tar: ../../../../../usr/local/lib/android/sdk/platforms/android-35-ext14/data/res/values-mcc302-mnc720-vi: Cannot utime: Operation not permitted
build	Cache Android SDK	2026-06-06T12:22:44.8070264Z /usr/bin/tar: ../../../../../usr/local/lib/android/sdk/platforms/android-35-ext14/data/res/values-mcc302-mnc720-vi: Cannot change mode to rwxr-xr-x: Operation not permitted
build	Cache Android SDK	2026-06-06T12:22:44.8072768Z /usr/bin/tar: ../../../../../usr/local/lib/android/sdk/platforms/android-35-ext14/data/res/values-tr-rTR: Cannot utime: Operation not permitted
build	Cache Android SDK	2026-06-06T12:22:44.8073670Z /usr/bin/tar: ../../../../../usr/local/lib/android/sdk/platforms/android-35-ext14/data/res/values-tr-rTR: Cannot change mode to rwxr-xr-x: Operation not permitted
build	Cache Android SDK	2026-06-06T12:22:44.8085892Z /usr/bin/tar: ../../../../../usr/local/lib/android/sdk/platforms/android-35-ext14/data/res/values-en-rXC: Cannot utime: Operation not permitted
build	Cache Android SDK	2026-06-06T12:22:44.8088867Z /usr/bin/tar: ../../../../../usr/local/lib/android/sdk/platforms/android-35-ext14/data/res/values-en-rXC: Cannot change mode to rwxr-xr-x: Operation not permitted
build	Cache Android SDK	2026-06-06T12:22:44.8089842Z /usr/bin/tar: ../../../../../usr/local/lib/android/sdk/platforms/android-35-ext14/data/res/values-mcc310-mnc560-pt-rPT: Cannot utime: Operation not permitted
build	Cache Android SDK	2026-06-06T12:22:44.8090835Z /usr/bin/tar: ../../../../../usr/local/lib/android/sdk/platforms/android-35-ext14/data/res/values-mcc310-mnc560-pt-rPT: Cannot change mode to rwxr-xr-x: Operation not permitted
build	Cache Android SDK	2026-06-06T12:22:44.8092209Z /usr/bin/tar: ../../../../../usr/local/lib/android/sdk/platforms/android-35-ext14/data/res/values-mcc310-mnc490-es: Cannot utime: Operation not permitted
build	Cache Android SDK	2026-06-06T12:22:44.8093185Z /usr/bin/tar: ../../../../../usr/local/lib/android/sdk/platforms/android-35-ext14/data/res/values-mcc310-mnc490-es: Cannot change mode to rwxr-xr-x: Operation not permitted
build	Cache Android SDK	2026-06-06T12:22:44.8095885Z /usr/bin/tar: ../../../../../usr/local/lib/android/sdk/platforms/android-35-ext14/data/res/values-mcc310-mnc310-th: Cannot utime: Operation not permitted
build	Cache Android SDK	2026-06-06T12:22:44.8096855Z /usr/bin/tar: ../../../../../usr/local/lib/android/sdk/platforms/android-35-ext14/data/res/values-mcc310-mnc310-th: Cannot change mode to rwxr-xr-x: Operation not permitted
build	Cache Android SDK	2026-06-06T12:22:44.8099394Z /usr/bin/tar: ../../../../../usr/local/lib/android/sdk/platforms/android-35-ext14/data/res/values-mcc310-mnc030-fa: Cannot utime: Operation not permitted
build	Cache Android SDK	2026-06-06T12:22:44.8100350Z /usr/bin/tar: ../../../../../usr/local/lib/android/sdk/platforms/android-35-ext14/data/res/values-mcc310-mnc030-fa: Cannot change mode to rwxr-xr-x: Operation not permitted
build	Cache Android SDK	2026-06-06T12:22:44.8102584Z /usr/bin/tar: ../../../../../usr/local/lib/android/sdk/platforms/android-35-ext14/data/res/values-mcc001-mnc01-be: Cannot utime: Operation not permitted
build	Cache Android SDK	2026-06-06T12:22:44.8103556Z /usr/bin/tar: ../../../../../usr/local/lib/android/sdk/platforms/android-35-ext14/data/res/values-mcc001-mnc01-be: Cannot change mode to rwxr-xr-x: Operation not permitted
build	Cache Android SDK	2026-06-06T12:22:44.8107959Z /usr/bin/tar: ../../../../../usr/local/lib/android/sdk/platforms/android-35-ext14/data/res/values-mcc310-mnc210-el: Cannot utime: Operation not permitted
build	Cache Android SDK	2026-06-06T12:22:44.8108913Z /usr/bin/tar: ../../../../../usr/local/lib/android/sdk/platforms/android-35-ext14/data/res/values-mcc310-mnc210-el: Cannot change mode to rwxr-xr-x: Operation not permitted
build	Cache Android SDK	2026-06-06T12:22:44.8111213Z /usr/bin/tar: ../../../../../usr/local/lib/android/sdk/platforms/android-35-ext14/data/res/values-mcc310-mnc200-ja: Cannot utime: Operation not permitted
build	Cache Android SDK	2026-06-06T12:22:44.8112255Z /usr/bin/tar: ../../../../../usr/local/lib/android/sdk/platforms/android-35-ext14/data/res/values-mcc310-mnc200-ja: Cannot change mode to rwxr-xr-x: Operation not permitted
build	Cache Android SDK	2026-06-06T12:22:44.8120056Z /usr/bin/tar: ../../../../../usr/local/lib/android/sdk/platforms/android-35-ext14/data/res/values-eu: Cannot utime: Operation not permitted
build	Cache Android SDK	2026-06-06T12:22:44.8121024Z /usr/bin/tar: ../../../../../usr/local/lib/android/sdk/platforms/android-35-ext14/data/res/values-eu: Cannot change mode to rwxr-xr-x: Operation not permitted
build	Cache Android SDK	2026-06-06T12:22:44.8124052Z /usr/bin/tar: ../../../../../usr/local/lib/android/sdk/platforms/android-35-ext14/data/res/values-mcc310-mnc160-ms: Cannot utime: Operation not permitted
build	Cache Android SDK	2026-06-06T12:22:44.8125130Z /usr/bin/tar: ../../../../../usr/local/lib/android/sdk/platforms/android-35-ext14/data/res/values-mcc310-mnc160-ms: Cannot change mode to rwxr-xr-x: Operation not permitted
build	Cache Android SDK	2026-06-06T12:22:44.8127221Z /usr/bin/tar: ../../../../../usr/local/lib/android/sdk/platforms/android-35-ext14/data/res/values-mcc310-mnc240-az: Cannot utime: Operation not permitted
build	Cache Android SDK	2026-06-06T12:22:44.8128494Z /usr/bin/tar: ../../../../../usr/local/lib/android/sdk/platforms/android-35-ext14/data/res/values-mcc310-mnc240-az: Cannot change mode to rwxr-xr-x: Operation not permitted
build	Cache Android SDK	2026-06-06T12:22:44.8130979Z /usr/bin/tar: ../../../../../usr/local/lib/android/sdk/platforms/android-35-ext14/data/res/values-mcc310-mnc220-kk: Cannot utime: Operation not permitted
build	Cache Android SDK	2026-06-06T12:22:44.8132083Z /usr/bin/tar: ../../../../../usr/local/lib/android/sdk/platforms/android-35-ext14/data/res/values-mcc310-mnc220-kk: Cannot change mode to rwxr-xr-x: Operation not permitted
build	Cache Android SDK	2026-06-06T12:22:44.8134030Z /usr/bin/tar: ../../../../../usr/local/lib/android/sdk/platforms/android-35-ext14/data/res/values-mcc310-mnc200-ru: Cannot utime: Operation not permitted
build	Cache Android SDK	2026-06-06T12:22:44.8134991Z /usr/bin/tar: ../../../../../usr/local/lib/android/sdk/platforms/android-35-ext14/data/res/values-mcc310-mnc200-ru: Cannot change mode to rwxr-xr-x: Operation not permitted
build	Cache Android SDK	2026-06-06T12:22:44.8137784Z /usr/bin/tar: ../../../../../usr/local/lib/android/sdk/platforms/android-35-ext14/data/res/values-mcc001-mnc01-da: Cannot utime: Operation not permitted
build	Cache Android SDK	2026-06-06T12:22:44.8138920Z /usr/bin/tar: ../../../../../usr/local/lib/android/sdk/platforms/android-35-ext14/data/res/values-mcc001-mnc01-da: Cannot change mode to rwxr-xr-x: Operation not permitted
build	Cache Android SDK	2026-06-06T12:22:44.8140761Z /usr/bin/tar: ../../../../../usr/local/lib/android/sdk/platforms/android-35-ext14/data/res/values-mcc310-mnc160-it: Cannot utime: Operation not permitted
build	Cache Android SDK	2026-06-06T12:22:44.8141734Z /usr/bin/tar: ../../../../../usr/local/lib/android/sdk/platforms/android-35-ext14/data/res/values-mcc310-mnc160-it: Cannot change mode to rwxr-xr-x: Operation not permitted
build	Cache Android SDK	2026-06-06T12:22:44.8144150Z /usr/bin/tar: ../../../../../usr/local/lib/android/sdk/platforms/android-35-ext14/data/res/values-mcc310-mnc200-sq: Cannot utime: Operation not permitted
build	Cache Android SDK	2026-06-06T12:22:44.8145107Z /usr/bin/tar: ../../../../../usr/local/lib/android/sdk/platforms/android-35-ext14/data/res/values-mcc310-mnc200-sq: Cannot change mode to rwxr-xr-x: Operation not permitted
build	Cache Android SDK	2026-06-06T12:22:44.8147555Z /usr/bin/tar: ../../../../../usr/local/lib/android/sdk/platforms/android-35-ext14/data/res/values-mcc302-mnc370-b+sr+Latn: Cannot utime: Operation not permitted
build	Cache Android SDK	2026-06-06T12:22:44.8148612Z /usr/bin/tar: ../../../../../usr/local/lib/android/sdk/platforms/android-35-ext14/data/res/values-mcc302-mnc370-b+sr+Latn: Cannot change mode to rwxr-xr-x: Operation not permitted
build	Cache Android SDK	2026-06-06T12:22:44.8150582Z /usr/bin/tar: ../../../../../usr/local/lib/android/sdk/platforms/android-35-ext14/data/res/values-mcc302-mnc720-am: Cannot utime: Operation not permitted
build	Cache Android SDK	2026-06-06T12:22:44.8151545Z /usr/bin/tar: ../../../../../usr/local/lib/android/sdk/platforms/android-35-ext14/data/res/values-mcc302-mnc720-am: Cannot change mode to rwxr-xr-x: Operation not permitted
build	Cache Android SDK	2026-06-06T12:22:44.8154188Z /usr/bin/tar: ../../../../../usr/local/lib/android/sdk/platforms/android-35-ext14/data/res/values-mcc310-mnc210-ru: Cannot utime: Operation not permitted
build	Cache Android SDK	2026-06-06T12:22:44.8155302Z /usr/bin/tar: ../../../../../usr/local/lib/android/sdk/platforms/android-35-ext14/data/res/values-mcc310-mnc210-ru: Cannot change mode to rwxr-xr-x: Operation not permitted
build	Cache Android SDK	2026-06-06T12:22:44.8156927Z /usr/bin/tar: ../../../../../usr/local/lib/android/sdk/platforms/android-35-ext14/data/res/values-mcc311-mnc180-sv: Cannot utime: Operation not permitted
build	Cache Android SDK	2026-06-06T12:22:44.8158143Z /usr/bin/tar: ../../../../../usr/local/lib/android/sdk/platforms/android-35-ext14/data/res/values-mcc311-mnc180-sv: Cannot change mode to rwxr-xr-x: Operation not permitted
build	Cache Android SDK	2026-06-06T12:22:44.8160472Z /usr/bin/tar: ../../../../../usr/local/lib/android/sdk/platforms/android-35-ext14/data/res/values-mcc312-mnc670-pt-rBR: Cannot utime: Operation not permitted
build	Cache Android SDK	2026-06-06T12:22:44.8161587Z /usr/bin/tar: ../../../../../usr/local/lib/android/sdk/platforms/android-35-ext14/data/res/values-mcc312-mnc670-pt-rBR: Cannot change mode to rwxr-xr-x: Operation not permitted
build	Cache Android SDK	2026-06-06T12:22:44.8163920Z /usr/bin/tar: ../../../../../usr/local/lib/android/sdk/platforms/android-35-ext14/data/res/values-mcc313-mnc100-km: Cannot utime: Operation not permitted
build	Cache Android SDK	2026-06-06T12:22:44.8164893Z /usr/bin/tar: ../../../../../usr/local/lib/android/sdk/platforms/android-35-ext14/data/res/values-mcc313-mnc100-km: Cannot change mode to rwxr-xr-x: Operation not permitted
build	Cache Android SDK	2026-06-06T12:22:44.8167555Z /usr/bin/tar: ../../../../../usr/local/lib/android/sdk/platforms/android-35-ext14/data/res/values-mcc310-mnc170-ur: Cannot utime: Operation not permitted
build	Cache Android SDK	2026-06-06T12:22:44.8168524Z /usr/bin/tar: ../../../../../usr/local/lib/android/sdk/platforms/android-35-ext14/data/res/values-mcc310-mnc170-ur: Cannot change mode to rwxr-xr-x: Operation not permitted
build	Cache Android SDK	2026-06-06T12:22:44.8173288Z /usr/bin/tar: ../../../../../usr/local/lib/android/sdk/platforms/android-35-ext14/data/res/values-mcc310-mnc380-bn: Cannot utime: Operation not permitted
build	Cache Android SDK	2026-06-06T12:22:44.8174321Z /usr/bin/tar: ../../../../../usr/local/lib/android/sdk/platforms/android-35-ext14/data/res/values-mcc310-mnc380-bn: Cannot change mode to rwxr-xr-x: Operation not permitted
build	Cache Android SDK	2026-06-06T12:22:44.8176204Z /usr/bin/tar: ../../../../../usr/local/lib/android/sdk/platforms/android-35-ext14/data/res/values-mcc310-mnc160-pt-rBR: Cannot utime: Operation not permitted
build	Cache Android SDK	2026-06-06T12:22:44.8177199Z /usr/bin/tar: ../../../../../usr/local/lib/android/sdk/platforms/android-35-ext14/data/res/values-mcc310-mnc160-pt-rBR: Cannot change mode to rwxr-xr-x: Operation not permitted
build	Cache Android SDK	2026-06-06T12:22:44.8179397Z /usr/bin/tar: ../../../../../usr/local/lib/android/sdk/platforms/android-35-ext14/data/res/values-mcc313-mnc100-ka: Cannot utime: Operation not permitted
build	Cache Android SDK	2026-06-06T12:22:44.8180371Z /usr/bin/tar: ../../../../../usr/local/lib/android/sdk/platforms/android-35-ext14/data/res/values-mcc313-mnc100-ka: Cannot change mode to rwxr-xr-x: Operation not permitted
build	Cache Android SDK	2026-06-06T12:22:44.8182663Z /usr/bin/tar: ../../../../../usr/local/lib/android/sdk/platforms/android-35-ext14/data/res/values-mcc001-mnc01-ar: Cannot utime: Operation not permitted
build	Cache Android SDK	2026-06-06T12:22:44.8183635Z /usr/bin/tar: ../../../../../usr/local/lib/android/sdk/platforms/android-35-ext14/data/res/values-mcc001-mnc01-ar: Cannot change mode to rwxr-xr-x: Operation not permitted
build	Cache Android SDK	2026-06-06T12:22:44.8185904Z /usr/bin/tar: ../../../../../usr/local/lib/android/sdk/platforms/android-35-ext14/data/res/values-mcc312-mnc670-da: Cannot utime: Operation not permitted
build	Cache Android SDK	2026-06-06T12:22:44.8186868Z /usr/bin/tar: ../../../../../usr/local/lib/android/sdk/platforms/android-35-ext14/data/res/values-mcc312-mnc670-da: Cannot change mode to rwxr-xr-x: Operation not permitted
build	Cache Android SDK	2026-06-06T12:22:44.8189575Z /usr/bin/tar: ../../../../../usr/local/lib/android/sdk/platforms/android-35-ext14/data/res/values-mcc001-mnc01-is: Cannot utime: Operation not permitted
build	Cache Android SDK	2026-06-06T12:22:44.8190556Z /usr/bin/tar: ../../../../../usr/local/lib/android/sdk/platforms/android-35-ext14/data/res/values-mcc001-mnc01-is: Cannot change mode to rwxr-xr-x: Operation not permitted
build	Cache Android SDK	2026-06-06T12:22:44.8192950Z /usr/bin/tar: ../../../../../usr/local/lib/android/sdk/platforms/android-35-ext14/data/res/values-mcc310-mnc280-mn: Cannot utime: Operation not permitted
build	Cache Android SDK	2026-06-06T12:22:44.8193918Z /usr/bin/tar: ../../../../../usr/local/lib/android/sdk/platforms/android-35-ext14/data/res/values-mcc310-mnc280-mn: Cannot change mode to rwxr-xr-x: Operation not permitted
build	Cache Android SDK	2026-06-06T12:22:44.8196539Z /usr/bin/tar: ../../../../../usr/local/lib/android/sdk/platforms/android-35-ext14/data/res/values-mcc311-mnc180-es: Cannot utime: Operation not permitted
build	Cache Android SDK	2026-06-06T12:22:44.8197742Z /usr/bin/tar: ../../../../../usr/local/lib/android/sdk/platforms/android-35-ext14/data/res/values-mcc311-mnc180-es: Cannot change mode to rwxr-xr-x: Operation not permitted
build	Cache Android SDK	2026-06-06T12:22:44.8199520Z /usr/bin/tar: ../../../../../usr/local/lib/android/sdk/platforms/android-35-ext14/data/res/values-mcc310-mnc270-uz: Cannot utime: Operation not permitted
build	Cache Android SDK	2026-06-06T12:22:44.8200505Z /usr/bin/tar: ../../../../../usr/local/lib/android/sdk/platforms/android-35-ext14/data/res/values-mcc310-mnc270-uz: Cannot change mode to rwxr-xr-x: Operation not permitted
build	Cache Android SDK	2026-06-06T12:22:44.8203065Z /usr/bin/tar: ../../../../../usr/local/lib/android/sdk/platforms/android-35-ext14/data/res/values-mcc310-mnc220-fr-rCA: Cannot utime: Operation not permitted
build	Cache Android SDK	2026-06-06T12:22:44.8204204Z /usr/bin/tar: ../../../../../usr/local/lib/android/sdk/platforms/android-35-ext14/data/res/values-mcc310-mnc220-fr-rCA: Cannot change mode to rwxr-xr-x: Operation not permitted
build	Cache Android SDK	2026-06-06T12:22:44.8206557Z /usr/bin/tar: ../../../../../usr/local/lib/android/sdk/platforms/android-35-ext14/data/res/values-mcc001-mnc01-af: Cannot utime: Operation not permitted
build	Cache Android SDK	2026-06-06T12:22:44.8207788Z /usr/bin/tar: ../../../../../usr/local/lib/android/sdk/platforms/android-35-ext14/data/res/values-mcc001-mnc01-af: Cannot change mode to rwxr-xr-x: Operation not permitted
build	Cache Android SDK	2026-06-06T12:22:44.8209732Z /usr/bin/tar: ../../../../../usr/local/lib/android/sdk/platforms/android-35-ext14/data/res/values-mcc310-mnc280-fi: Cannot utime: Operation not permitted
build	Cache Android SDK	2026-06-06T12:22:44.8211092Z /usr/bin/tar: ../../../../../usr/local/lib/android/sdk/platforms/android-35-ext14/data/res/values-mcc310-mnc280-fi: Cannot change mode to rwxr-xr-x: Operation not permitted
build	Cache Android SDK	2026-06-06T12:22:44.8215067Z /usr/bin/tar: ../../../../../usr/local/lib/android/sdk/platforms/android-35-ext14/data/res/values-fr-rFR: Cannot utime: Operation not permitted
build	Cache Android SDK	2026-06-06T12:22:44.8216044Z /usr/bin/tar: ../../../../../usr/local/lib/android/sdk/platforms/android-35-ext14/data/res/values-fr-rFR: Cannot change mode to rwxr-xr-x: Operation not permitted
build	Cache Android SDK	2026-06-06T12:22:44.8218295Z /usr/bin/tar: ../../../../../usr/local/lib/android/sdk/platforms/android-35-ext14/data/res/values-mcc310-mnc380-sw: Cannot utime: Operation not permitted
build	Cache Android SDK	2026-06-06T12:22:44.8219398Z /usr/bin/tar: ../../../../../usr/local/lib/android/sdk/platforms/android-35-ext14/data/res/values-mcc310-mnc380-sw: Cannot change mode to rwxr-xr-x: Operation not permitted
build	Cache Android SDK	2026-06-06T12:22:44.8221525Z /usr/bin/tar: ../../../../../usr/local/lib/android/sdk/platforms/android-35-ext14/data/res/values-mcc310-mnc270-de: Cannot utime: Operation not permitted
build	Cache Android SDK	2026-06-06T12:22:44.8222483Z /usr/bin/tar: ../../../../../usr/local/lib/android/sdk/platforms/android-35-ext14/data/res/values-mcc310-mnc270-de: Cannot change mode to rwxr-xr-x: Operation not permitted
build	Cache Android SDK	2026-06-06T12:22:44.8225390Z /usr/bin/tar: ../../../../../usr/local/lib/android/sdk/platforms/android-35-ext14/data/res/values-mcc310-mnc030-ta: Cannot utime: Operation not permitted
build	Cache Android SDK	2026-06-06T12:22:44.8226348Z /usr/bin/tar: ../../../../../usr/local/lib/android/sdk/platforms/android-35-ext14/data/res/values-mcc310-mnc030-ta: Cannot change mode to rwxr-xr-x: Operation not permitted
build	Cache Android SDK	2026-06-06T12:22:44.8229079Z /usr/bin/tar: ../../../../../usr/local/lib/android/sdk/platforms/android-35-ext14/data/res/values-mcc310-mnc800-si: Cannot utime: Operation not permitted
build	Cache Android SDK	2026-06-06T12:22:44.8230040Z /usr/bin/tar: ../../../../../usr/local/lib/android/sdk/platforms/android-35-ext14/data/res/values-mcc310-mnc800-si: Cannot change mode to rwxr-xr-x: Operation not permitted
build	Cache Android SDK	2026-06-06T12:22:44.8232778Z /usr/bin/tar: ../../../../../usr/local/lib/android/sdk/platforms/android-35-ext14/data/res/values-mcc310-mnc660-zu: Cannot utime: Operation not permitted
build	Cache Android SDK	2026-06-06T12:22:44.8233820Z /usr/bin/tar: ../../../../../usr/local/lib/android/sdk/platforms/android-35-ext14/data/res/values-mcc310-mnc660-zu: Cannot change mode to rwxr-xr-x: Operation not permitted
build	Cache Android SDK	2026-06-06T12:22:44.8236191Z /usr/bin/tar: ../../../../../usr/local/lib/android/sdk/platforms/android-35-ext14/data/res/values-mcc310-mnc310-es-rUS: Cannot utime: Operation not permitted
build	Cache Android SDK	2026-06-06T12:22:44.8237204Z /usr/bin/tar: ../../../../../usr/local/lib/android/sdk/platforms/android-35-ext14/data/res/values-mcc310-mnc310-es-rUS: Cannot change mode to rwxr-xr-x: Operation not permitted
build	Cache Android SDK	2026-06-06T12:22:44.8239168Z /usr/bin/tar: ../../../../../usr/local/lib/android/sdk/platforms/android-35-ext14/data/res/values-mcc311-mnc180-ky: Cannot utime: Operation not permitted
build	Cache Android SDK	2026-06-06T12:22:44.8240167Z /usr/bin/tar: ../../../../../usr/local/lib/android/sdk/platforms/android-35-ext14/data/res/values-mcc311-mnc180-ky: Cannot change mode to rwxr-xr-x: Operation not permitted
build	Cache Android SDK	2026-06-06T12:22:44.8242749Z /usr/bin/tar: ../../../../../usr/local/lib/android/sdk/platforms/android-35-ext14/data/res/values-mcc310-mnc490-fi: Cannot utime: Operation not permitted
build	Cache Android SDK	2026-06-06T12:22:44.8243723Z /usr/bin/tar: ../../../../../usr/local/lib/android/sdk/platforms/android-35-ext14/data/res/values-mcc310-mnc490-fi: Cannot change mode to rwxr-xr-x: Operation not permitted
build	Cache Android SDK	2026-06-06T12:22:44.8245954Z /usr/bin/tar: ../../../../../usr/local/lib/android/sdk/platforms/android-35-ext14/data/res/values-mcc310-mnc310-hi: Cannot utime: Operation not permitted
build	Cache Android SDK	2026-06-06T12:22:44.8246934Z /usr/bin/tar: ../../../../../usr/local/lib/android/sdk/platforms/android-35-ext14/data/res/values-mcc310-mnc310-hi: Cannot change mode to rwxr-xr-x: Operation not permitted
build	Cache Android SDK	2026-06-06T12:22:44.8249232Z /usr/bin/tar: ../../../../../usr/local/lib/android/sdk/platforms/android-35-ext14/data/res/values-mcc302-mnc720-nl: Cannot utime: Operation not permitted
build	Cache Android SDK	2026-06-06T12:22:44.8250331Z /usr/bin/tar: ../../../../../usr/local/lib/android/sdk/platforms/android-35-ext14/data/res/values-mcc302-mnc720-nl: Cannot change mode to rwxr-xr-x: Operation not permitted
build	Cache Android SDK	2026-06-06T12:22:44.8252216Z /usr/bin/tar: ../../../../../usr/local/lib/android/sdk/platforms/android-35-ext14/data/res/values-mcc310-mnc170-lo: Cannot utime: Operation not permitted
build	Cache Android SDK	2026-06-06T12:22:44.8253170Z /usr/bin/tar: ../../../../../usr/local/lib/android/sdk/platforms/android-35-ext14/data/res/values-mcc310-mnc170-lo: Cannot change mode to rwxr-xr-x: Operation not permitted
build	Cache Android SDK	2026-06-06T12:22:44.8255531Z /usr/bin/tar: ../../../../../usr/local/lib/android/sdk/platforms/android-35-ext14/data/res/values-mcc310-mnc380-fi: Cannot utime: Operation not permitted
build	Cache Android SDK	2026-06-06T12:22:44.8256480Z /usr/bin/tar: ../../../../../usr/local/lib/android/sdk/platforms/android-35-ext14/data/res/values-mcc310-mnc380-fi: Cannot change mode to rwxr-xr-x: Operation not permitted
build	Cache Android SDK	2026-06-06T12:22:44.8258682Z /usr/bin/tar: ../../../../../usr/local/lib/android/sdk/platforms/android-35-ext14/data/res/values-mcc310-mnc150-kn: Cannot utime: Operation not permitted
build	Cache Android SDK	2026-06-06T12:22:44.8259756Z /usr/bin/tar: ../../../../../usr/local/lib/android/sdk/platforms/android-35-ext14/data/res/values-mcc310-mnc150-kn: Cannot change mode to rwxr-xr-x: Operation not permitted
build	Cache Android SDK	2026-06-06T12:22:44.8262017Z /usr/bin/tar: ../../../../../usr/local/lib/android/sdk/platforms/android-35-ext14/data/res/values-mcc310-mnc170: Cannot utime: Operation not permitted
build	Cache Android SDK	2026-06-06T12:22:44.8263192Z /usr/bin/tar: ../../../../../usr/local/lib/android/sdk/platforms/android-35-ext14/data/res/values-mcc310-mnc170: Cannot change mode to rwxr-xr-x: Operation not permitted
build	Cache Android SDK	2026-06-06T12:22:44.8264701Z /usr/bin/tar: ../../../../../usr/local/lib/android/sdk/platforms/android-35-ext14/data/res/values-mcc310-mnc150-hy: Cannot utime: Operation not permitted
build	Cache Android SDK	2026-06-06T12:22:44.8265673Z /usr/bin/tar: ../../../../../usr/local/lib/android/sdk/platforms/android-35-ext14/data/res/values-mcc310-mnc150-hy: Cannot change mode to rwxr-xr-x: Operation not permitted
build	Cache Android SDK	2026-06-06T12:22:44.8267955Z /usr/bin/tar: ../../../../../usr/local/lib/android/sdk/platforms/android-35-ext14/data/res/values-mcc310-mnc560-en-rAU: Cannot utime: Operation not permitted
build	Cache Android SDK	2026-06-06T12:22:44.8269025Z /usr/bin/tar: ../../../../../usr/local/lib/android/sdk/platforms/android-35-ext14/data/res/values-mcc310-mnc560-en-rAU: Cannot change mode to rwxr-xr-x: Operation not permitted
build	Cache Android SDK	2026-06-06T12:22:44.8271598Z /usr/bin/tar: ../../../../../usr/local/lib/android/sdk/platforms/android-35-ext14/data/res/values-mcc716-mnc17: Cannot utime: Operation not permitted
build	Cache Android SDK	2026-06-06T12:22:44.8272545Z /usr/bin/tar: ../../../../../usr/local/lib/android/sdk/platforms/android-35-ext14/data/res/values-mcc716-mnc17: Cannot change mode to rwxr-xr-x: Operation not permitted
build	Cache Android SDK	2026-06-06T12:22:44.8274766Z /usr/bin/tar: ../../../../../usr/local/lib/android/sdk/platforms/android-35-ext14/data/res/values-mcc310-mnc560-de: Cannot utime: Operation not permitted
build	Cache Android SDK	2026-06-06T12:22:44.8275731Z /usr/bin/tar: ../../../../../usr/local/lib/android/sdk/platforms/android-35-ext14/data/res/values-mcc310-mnc560-de: Cannot change mode to rwxr-xr-x: Operation not permitted
build	Cache Android SDK	2026-06-06T12:22:44.8278240Z /usr/bin/tar: ../../../../../usr/local/lib/android/sdk/platforms/android-35-ext14/data/res/values-mcc334-mnc020-tl: Cannot utime: Operation not permitted
build	Cache Android SDK	2026-06-06T12:22:44.8279196Z /usr/bin/tar: ../../../../../usr/local/lib/android/sdk/platforms/android-35-ext14/data/res/values-mcc334-mnc020-tl: Cannot change mode to rwxr-xr-x: Operation not permitted
build	Cache Android SDK	2026-06-06T12:22:44.8281639Z /usr/bin/tar: ../../../../../usr/local/lib/android/sdk/platforms/android-35-ext14/data/res/values-mcc310-mnc150-ur: Cannot utime: Operation not permitted
build	Cache Android SDK	2026-06-06T12:22:44.8282591Z /usr/bin/tar: ../../../../../usr/local/lib/android/sdk/platforms/android-35-ext14/data/res/values-mcc310-mnc150-ur: Cannot change mode to rwxr-xr-x: Operation not permitted
build	Cache Android SDK	2026-06-06T12:22:44.8285317Z /usr/bin/tar: ../../../../../usr/local/lib/android/sdk/platforms/android-35-ext14/data/res/values-mcc310-mnc250-fr: Cannot utime: Operation not permitted
build	Cache Android SDK	2026-06-06T12:22:44.8286279Z /usr/bin/tar: ../../../../../usr/local/lib/android/sdk/platforms/android-35-ext14/data/res/values-mcc310-mnc250-fr: Cannot change mode to rwxr-xr-x: Operation not permitted
build	Cache Android SDK	2026-06-06T12:22:44.8288655Z /usr/bin/tar: ../../../../../usr/local/lib/android/sdk/platforms/android-35-ext14/data/res/values-mcc310-mnc950-tl: Cannot utime: Operation not permitted
build	Cache Android SDK	2026-06-06T12:22:44.8289654Z /usr/bin/tar: ../../../../../usr/local/lib/android/sdk/platforms/android-35-ext14/data/res/values-mcc310-mnc950-tl: Cannot change mode to rwxr-xr-x: Operation not permitted
build	Cache Android SDK	2026-06-06T12:22:44.8291984Z /usr/bin/tar: ../../../../../usr/local/lib/android/sdk/platforms/android-35-ext14/data/res/values-mcc310-mnc160-fr: Cannot utime: Operation not permitted
build	Cache Android SDK	2026-06-06T12:22:44.8292945Z /usr/bin/tar: ../../../../../usr/local/lib/android/sdk/platforms/android-35-ext14/data/res/values-mcc310-mnc160-fr: Cannot change mode to rwxr-xr-x: Operation not permitted
build	Cache Android SDK	2026-06-06T12:22:44.8295015Z /usr/bin/tar: ../../../../../usr/local/lib/android/sdk/platforms/android-35-ext14/data/res/values-mcc313-mnc100-en-rGB: Cannot utime: Operation not permitted
build	Cache Android SDK	2026-06-06T12:22:44.8296000Z /usr/bin/tar: ../../../../../usr/local/lib/android/sdk/platforms/android-35-ext14/data/res/values-mcc313-mnc100-en-rGB: Cannot change mode to rwxr-xr-x: Operation not permitted
build	Cache Android SDK	2026-06-06T12:22:44.8298205Z /usr/bin/tar: ../../../../../usr/local/lib/android/sdk/platforms/android-35-ext14/data/res/values-mcc310-mnc560-gl: Cannot utime: Operation not permitted
build	Cache Android SDK	2026-06-06T12:22:44.8299167Z /usr/bin/tar: ../../../../../usr/local/lib/android/sdk/platforms/android-35-ext14/data/res/values-mcc310-mnc560-gl: Cannot change mode to rwxr-xr-x: Operation not permitted
build	Cache Android SDK	2026-06-06T12:22:44.8301519Z /usr/bin/tar: ../../../../../usr/local/lib/android/sdk/platforms/android-35-ext14/data/res/values-mcc310-mnc560-lo: Cannot utime: Operation not permitted
build	Cache Android SDK	2026-06-06T12:22:44.8302560Z /usr/bin/tar: ../../../../../usr/local/lib/android/sdk/platforms/android-35-ext14/data/res/values-mcc310-mnc560-lo: Cannot change mode to rwxr-xr-x: Operation not permitted
build	Cache Android SDK	2026-06-06T12:22:44.8304246Z /usr/bin/tar: ../../../../../usr/local/lib/android/sdk/platforms/android-35-ext14/data/res/values-mcc310-mnc160-pl: Cannot utime: Operation not permitted
build	Cache Android SDK	2026-06-06T12:22:44.8305206Z /usr/bin/tar: ../../../../../usr/local/lib/android/sdk/platforms/android-35-ext14/data/res/values-mcc310-mnc160-pl: Cannot change mode to rwxr-xr-x: Operation not permitted
build	Cache Android SDK	2026-06-06T12:22:44.8307945Z /usr/bin/tar: ../../../../../usr/local/lib/android/sdk/platforms/android-35-ext14/data/res/values-mcc310-mnc250-ca: Cannot utime: Operation not permitted
build	Cache Android SDK	2026-06-06T12:22:44.8308897Z /usr/bin/tar: ../../../../../usr/local/lib/android/sdk/platforms/android-35-ext14/data/res/values-mcc310-mnc250-ca: Cannot change mode to rwxr-xr-x: Operation not permitted
build	Cache Android SDK	2026-06-06T12:22:44.8311130Z /usr/bin/tar: ../../../../../usr/local/lib/android/sdk/platforms/android-35-ext14/data/res/values-mcc310-mnc240-pt-rPT: Cannot utime: Operation not permitted
build	Cache Android SDK	2026-06-06T12:22:44.8312387Z /usr/bin/tar: ../../../../../usr/local/lib/android/sdk/platforms/android-35-ext14/data/res/values-mcc310-mnc240-pt-rPT: Cannot change mode to rwxr-xr-x: Operation not permitted
build	Cache Android SDK	2026-06-06T12:22:44.8314067Z /usr/bin/tar: ../../../../../usr/local/lib/android/sdk/platforms/android-35-ext14/data/res/values-mcc310-mnc560-in: Cannot utime: Operation not permitted
build	Cache Android SDK	2026-06-06T12:22:44.8315045Z /usr/bin/tar: ../../../../../usr/local/lib/android/sdk/platforms/android-35-ext14/data/res/values-mcc310-mnc560-in: Cannot change mode to rwxr-xr-x: Operation not permitted
build	Cache Android SDK	2026-06-06T12:22:44.8317200Z /usr/bin/tar: ../../../../../usr/local/lib/android/sdk/platforms/android-35-ext14/data/res/values-mcc425-mnc07: Cannot utime: Operation not permitted
build	Cache Android SDK	2026-06-06T12:22:44.8318576Z /usr/bin/tar: ../../../../../usr/local/lib/android/sdk/platforms/android-35-ext14/data/res/values-mcc425-mnc07: Cannot change mode to rwxr-xr-x: Operation not permitted
build	Cache Android SDK	2026-06-06T12:22:44.8319990Z /usr/bin/tar: ../../../../../usr/local/lib/android/sdk/platforms/android-35-ext14/data/res/values-mcc311-mnc190: Cannot utime: Operation not permitted
build	Cache Android SDK	2026-06-06T12:22:44.8320975Z /usr/bin/tar: ../../../../../usr/local/lib/android/sdk/platforms/android-35-ext14/data/res/values-mcc311-mnc190: Cannot change mode to rwxr-xr-x: Operation not permitted
build	Cache Android SDK	2026-06-06T12:22:44.8324249Z /usr/bin/tar: ../../../../../usr/local/lib/android/sdk/platforms/android-35-ext14/data/res/values-mcc310-mnc030-cs: Cannot utime: Operation not permitted
build	Cache Android SDK	2026-06-06T12:22:44.8325584Z /usr/bin/tar: ../../../../../usr/local/lib/android/sdk/platforms/android-35-ext14/data/res/values-mcc310-mnc030-cs: Cannot change mode to rwxr-xr-x: Operation not permitted
build	Cache Android SDK	2026-06-06T12:22:44.8327135Z /usr/bin/tar: ../../../../../usr/local/lib/android/sdk/platforms/android-35-ext14/data/res/values-mcc310-mnc250-mr: Cannot utime: Operation not permitted
build	Cache Android SDK	2026-06-06T12:22:44.8328530Z /usr/bin/tar: ../../../../../usr/local/lib/android/sdk/platforms/android-35-ext14/data/res/values-mcc310-mnc250-mr: Cannot change mode to rwxr-xr-x: Operation not permitted
build	Cache Android SDK	2026-06-06T12:22:44.8330212Z /usr/bin/tar: ../../../../../usr/local/lib/android/sdk/platforms/android-35-ext14/data/res/values-mcc310-mnc270-pt-rPT: Cannot utime: Operation not permitted
build	Cache Android SDK	2026-06-06T12:22:44.8331302Z /usr/bin/tar: ../../../../../usr/local/lib/android/sdk/platforms/android-35-ext14/data/res/values-mcc310-mnc270-pt-rPT: Cannot change mode to rwxr-xr-x: Operation not permitted
build	Cache Android SDK	2026-06-06T12:22:44.8333498Z /usr/bin/tar: ../../../../../usr/local/lib/android/sdk/platforms/android-35-ext14/data/res/values-fr-television: Cannot utime: Operation not permitted
build	Cache Android SDK	2026-06-06T12:22:44.8334455Z /usr/bin/tar: ../../../../../usr/local/lib/android/sdk/platforms/android-35-ext14/data/res/values-fr-television: Cannot change mode to rwxr-xr-x: Operation not permitted
build	Cache Android SDK	2026-06-06T12:22:44.8336992Z /usr/bin/tar: ../../../../../usr/local/lib/android/sdk/platforms/android-35-ext14/data/res/values-ar-watch: Cannot utime: Operation not permitted
build	Cache Android SDK	2026-06-06T12:22:44.8338126Z /usr/bin/tar: ../../../../../usr/local/lib/android/sdk/platforms/android-35-ext14/data/res/values-ar-watch: Cannot change mode to rwxr-xr-x: Operation not permitted
build	Cache Android SDK	2026-06-06T12:22:44.8339790Z /usr/bin/tar: ../../../../../usr/local/lib/android/sdk/platforms/android-35-ext14/data/res/values-mcc310-mnc030-es-rUS: Cannot utime: Operation not permitted
build	Cache Android SDK	2026-06-06T12:22:44.8340794Z /usr/bin/tar: ../../../../../usr/local/lib/android/sdk/platforms/android-35-ext14/data/res/values-mcc310-mnc030-es-rUS: Cannot change mode to rwxr-xr-x: Operation not permitted
build	Cache Android SDK	2026-06-06T12:22:44.8343441Z /usr/bin/tar: ../../../../../usr/local/lib/android/sdk/platforms/android-35-ext14/data/res/values-mcc310-mnc030-zh-rTW: Cannot utime: Operation not permitted
build	Cache Android SDK	2026-06-06T12:22:44.8344454Z /usr/bin/tar: ../../../../../usr/local/lib/android/sdk/platforms/android-35-ext14/data/res/values-mcc310-mnc030-zh-rTW: Cannot change mode to rwxr-xr-x: Operation not permitted
build	Cache Android SDK	2026-06-06T12:22:44.8346399Z /usr/bin/tar: ../../../../../usr/local/lib/android/sdk/platforms/android-35-ext14/data/res/values-mcc001-mnc01-en-rIN: Cannot utime: Operation not permitted
build	Cache Android SDK	2026-06-06T12:22:44.8347682Z /usr/bin/tar: ../../../../../usr/local/lib/android/sdk/platforms/android-35-ext14/data/res/values-mcc001-mnc01-en-rIN: Cannot change mode to rwxr-xr-x: Operation not permitted
build	Cache Android SDK	2026-06-06T12:22:44.8349938Z /usr/bin/tar: ../../../../../usr/local/lib/android/sdk/platforms/android-35-ext14/data/res/values-mcc310-mnc310-mk: Cannot utime: Operation not permitted
build	Cache Android SDK	2026-06-06T12:22:44.8351062Z /usr/bin/tar: ../../../../../usr/local/lib/android/sdk/platforms/android-35-ext14/data/res/values-mcc310-mnc310-mk: Cannot change mode to rwxr-xr-x: Operation not permitted
build	Cache Android SDK	2026-06-06T12:22:44.8353040Z /usr/bin/tar: ../../../../../usr/local/lib/android/sdk/platforms/android-35-ext14/data/res/values-mcc302-mnc370-hi: Cannot utime: Operation not permitted
build	Cache Android SDK	2026-06-06T12:22:44.8354282Z /usr/bin/tar: ../../../../../usr/local/lib/android/sdk/platforms/android-35-ext14/data/res/values-mcc302-mnc370-hi: Cannot change mode to rwxr-xr-x: Operation not permitted
build	Cache Android SDK	2026-06-06T12:22:44.8355905Z /usr/bin/tar: ../../../../../usr/local/lib/android/sdk/platforms/android-35-ext14/data/res/values-mcc312-mnc670-uz: Cannot utime: Operation not permitted
build	Cache Android SDK	2026-06-06T12:22:44.8356881Z /usr/bin/tar: ../../../../../usr/local/lib/android/sdk/platforms/android-35-ext14/data/res/values-mcc312-mnc670-uz: Cannot change mode to rwxr-xr-x: Operation not permitted
build	Cache Android SDK	2026-06-06T12:22:44.8359567Z /usr/bin/tar: ../../../../../usr/local/lib/android/sdk/platforms/android-35-ext14/data/res/values-mcc311-mnc180-ml: Cannot utime: Operation not permitted
build	Cache Android SDK	2026-06-06T12:22:44.8360555Z /usr/bin/tar: ../../../../../usr/local/lib/android/sdk/platforms/android-35-ext14/data/res/values-mcc311-mnc180-ml: Cannot change mode to rwxr-xr-x: Operation not permitted
build	Cache Android SDK	2026-06-06T12:22:44.8362507Z /usr/bin/tar: ../../../../../usr/local/lib/android/sdk/platforms/android-35-ext14/data/res/values-zh-rCN-watch: Cannot utime: Operation not permitted
build	Cache Android SDK	2026-06-06T12:22:44.8363471Z /usr/bin/tar: ../../../../../usr/local/lib/android/sdk/platforms/android-35-ext14/data/res/values-zh-rCN-watch: Cannot change mode to rwxr-xr-x: Operation not permitted
build	Cache Android SDK	2026-06-06T12:22:44.8366600Z /usr/bin/tar: ../../../../../usr/local/lib/android/sdk/platforms/android-35-ext14/data/res/values-mcc310-mnc170-kk: Cannot utime: Operation not permitted
build	Cache Android SDK	2026-06-06T12:22:44.8367883Z /usr/bin/tar: ../../../../../usr/local/lib/android/sdk/platforms/android-35-ext14/data/res/values-mcc310-mnc170-kk: Cannot change mode to rwxr-xr-x: Operation not permitted
build	Cache Android SDK	2026-06-06T12:22:44.8369564Z /usr/bin/tar: ../../../../../usr/local/lib/android/sdk/platforms/android-35-ext14/data/res/values-mcc310-mnc660-fi: Cannot utime: Operation not permitted
build	Cache Android SDK	2026-06-06T12:22:44.8370555Z /usr/bin/tar: ../../../../../usr/local/lib/android/sdk/platforms/android-35-ext14/data/res/values-mcc310-mnc660-fi: Cannot change mode to rwxr-xr-x: Operation not permitted
build	Cache Android SDK	2026-06-06T12:22:44.8373064Z /usr/bin/tar: ../../../../../usr/local/lib/android/sdk/platforms/android-35-ext14/data/res/values-mcc310-mnc240-mk: Cannot utime: Operation not permitted
build	Cache Android SDK	2026-06-06T12:22:44.8374034Z /usr/bin/tar: ../../../../../usr/local/lib/android/sdk/platforms/android-35-ext14/data/res/values-mcc310-mnc240-mk: Cannot change mode to rwxr-xr-x: Operation not permitted
build	Cache Android SDK	2026-06-06T12:22:44.8376221Z /usr/bin/tar: ../../../../../usr/local/lib/android/sdk/platforms/android-35-ext14/data/res/values-tl-television: Cannot utime: Operation not permitted
build	Cache Android SDK	2026-06-06T12:22:44.8377193Z /usr/bin/tar: ../../../../../usr/local/lib/android/sdk/platforms/android-35-ext14/data/res/values-tl-television: Cannot change mode to rwxr-xr-x: Operation not permitted
build	Cache Android SDK	2026-06-06T12:22:44.8379892Z /usr/bin/tar: ../../../../../usr/local/lib/android/sdk/platforms/android-35-ext14/data/res/values-mcc310-mnc950-uz: Cannot utime: Operation not permitted
build	Cache Android SDK	2026-06-06T12:22:44.8380861Z /usr/bin/tar: ../../../../../usr/local/lib/android/sdk/platforms/android-35-ext14/data/res/values-mcc310-mnc950-uz: Cannot change mode to rwxr-xr-x: Operation not permitted
build	Cache Android SDK	2026-06-06T12:22:44.8384500Z /usr/bin/tar: ../../../../../usr/local/lib/android/sdk/platforms/android-35-ext14/data/res/color-car: Cannot utime: Operation not permitted
build	Cache Android SDK	2026-06-06T12:22:44.8385395Z /usr/bin/tar: ../../../../../usr/local/lib/android/sdk/platforms/android-35-ext14/data/res/color-car: Cannot change mode to rwxr-xr-x: Operation not permitted
build	Cache Android SDK	2026-06-06T12:22:44.8387622Z /usr/bin/tar: ../../../../../usr/local/lib/android/sdk/platforms/android-35-ext14/data/res/values-mcc310-mnc220-ml: Cannot utime: Operation not permitted
build	Cache Android SDK	2026-06-06T12:22:44.8388651Z /usr/bin/tar: ../../../../../usr/local/lib/android/sdk/platforms/android-35-ext14/data/res/values-mcc310-mnc220-ml: Cannot change mode to rwxr-xr-x: Operation not permitted
build	Cache Android SDK	2026-06-06T12:22:44.8391378Z /usr/bin/tar: ../../../../../usr/local/lib/android/sdk/platforms/android-35-ext14/data/res/values-mcc310-mnc160-zh-rCN: Cannot utime: Operation not permitted
build	Cache Android SDK	2026-06-06T12:22:44.8392394Z /usr/bin/tar: ../../../../../usr/local/lib/android/sdk/platforms/android-35-ext14/data/res/values-mcc310-mnc160-zh-rCN: Cannot change mode to rwxr-xr-x: Operation not permitted
build	Cache Android SDK	2026-06-06T12:22:44.8394237Z /usr/bin/tar: ../../../../../usr/local/lib/android/sdk/platforms/android-35-ext14/data/res/values-mcc310-mnc160-sl: Cannot utime: Operation not permitted
build	Cache Android SDK	2026-06-06T12:22:44.8395201Z /usr/bin/tar: ../../../../../usr/local/lib/android/sdk/platforms/android-35-ext14/data/res/values-mcc310-mnc160-sl: Cannot change mode to rwxr-xr-x: Operation not permitted
build	Cache Android SDK	2026-06-06T12:22:44.8397703Z /usr/bin/tar: ../../../../../usr/local/lib/android/sdk/platforms/android-35-ext14/data/res/values-mcc310-mnc410-bn: Cannot utime: Operation not permitted
build	Cache Android SDK	2026-06-06T12:22:44.8398674Z /usr/bin/tar: ../../../../../usr/local/lib/android/sdk/platforms/android-35-ext14/data/res/values-mcc310-mnc410-bn: Cannot change mode to rwxr-xr-x: Operation not permitted
build	Cache Android SDK	2026-06-06T12:22:44.8400675Z /usr/bin/tar: ../../../../../usr/local/lib/android/sdk/platforms/android-35-ext14/data/res/values-mcc310-mnc380-da: Cannot utime: Operation not permitted
build	Cache Android SDK	2026-06-06T12:22:44.8401647Z /usr/bin/tar: ../../../../../usr/local/lib/android/sdk/platforms/android-35-ext14/data/res/values-mcc310-mnc380-da: Cannot change mode to rwxr-xr-x: Operation not permitted
build	Cache Android SDK	2026-06-06T12:22:44.8404026Z /usr/bin/tar: ../../../../../usr/local/lib/android/sdk/platforms/android-35-ext14/data/res/values-mcc310-mnc950-nb: Cannot utime: Operation not permitted
build	Cache Android SDK	2026-06-06T12:22:44.8404989Z /usr/bin/tar: ../../../../../usr/local/lib/android/sdk/platforms/android-35-ext14/data/res/values-mcc310-mnc950-nb: Cannot change mode to rwxr-xr-x: Operation not permitted
build	Cache Android SDK	2026-06-06T12:22:44.8407818Z /usr/bin/tar: ../../../../../usr/local/lib/android/sdk/platforms/android-35-ext14/data/res/values-mcc001-mnc01-hr: Cannot utime: Operation not permitted
build	Cache Android SDK	2026-06-06T12:22:44.8408868Z /usr/bin/tar: ../../../../../usr/local/lib/android/sdk/platforms/android-35-ext14/data/res/values-mcc001-mnc01-hr: Cannot change mode to rwxr-xr-x: Operation not permitted
build	Cache Android SDK	2026-06-06T12:22:44.8414408Z /usr/bin/tar: ../../../../../usr/local/lib/android/sdk/platforms/android-35-ext14/data/res/values-sr: Cannot utime: Operation not permitted
build	Cache Android SDK	2026-06-06T12:22:44.8415298Z /usr/bin/tar: ../../../../../usr/local/lib/android/sdk/platforms/android-35-ext14/data/res/values-sr: Cannot change mode to rwxr-xr-x: Operation not permitted
build	Cache Android SDK	2026-06-06T12:22:44.8418100Z /usr/bin/tar: ../../../../../usr/local/lib/android/sdk/platforms/android-35-ext14/data/res/values-mcc310-mnc660-ca: Cannot utime: Operation not permitted
build	Cache Android SDK	2026-06-06T12:22:44.8419341Z /usr/bin/tar: ../../../../../usr/local/lib/android/sdk/platforms/android-35-ext14/data/res/values-mcc310-mnc660-ca: Cannot change mode to rwxr-xr-x: Operation not permitted
build	Cache Android SDK	2026-06-06T12:22:44.8420784Z /usr/bin/tar: ../../../../../usr/local/lib/android/sdk/platforms/android-35-ext14/data/res/values-mcc310-mnc380-cs: Cannot utime: Operation not permitted
build	Cache Android SDK	2026-06-06T12:22:44.8421886Z /usr/bin/tar: ../../../../../usr/local/lib/android/sdk/platforms/android-35-ext14/data/res/values-mcc310-mnc380-cs: Cannot change mode to rwxr-xr-x: Operation not permitted
build	Cache Android SDK	2026-06-06T12:22:44.8423759Z /usr/bin/tar: ../../../../../usr/local/lib/android/sdk/platforms/android-35-ext14/data/res/values-mcc310-mnc280-gl: Cannot utime: Operation not permitted
build	Cache Android SDK	2026-06-06T12:22:44.8424720Z /usr/bin/tar: ../../../../../usr/local/lib/android/sdk/platforms/android-35-ext14/data/res/values-mcc310-mnc280-gl: Cannot change mode to rwxr-xr-x: Operation not permitted
build	Cache Android SDK	2026-06-06T12:22:44.8427210Z /usr/bin/tar: ../../../../../usr/local/lib/android/sdk/platforms/android-35-ext14/data/res/values-mcc310-mnc280-ml: Cannot utime: Operation not permitted
build	Cache Android SDK	2026-06-06T12:22:44.8428642Z /usr/bin/tar: ../../../../../usr/local/lib/android/sdk/platforms/android-35-ext14/data/res/values-mcc310-mnc280-ml: Cannot change mode to rwxr-xr-x: Operation not permitted
build	Cache Android SDK	2026-06-06T12:22:44.8430294Z /usr/bin/tar: ../../../../../usr/local/lib/android/sdk/platforms/android-35-ext14/data/res/values-mcc310-mnc950-be: Cannot utime: Operation not permitted
build	Cache Android SDK	2026-06-06T12:22:44.8431249Z /usr/bin/tar: ../../../../../usr/local/lib/android/sdk/platforms/android-35-ext14/data/res/values-mcc310-mnc950-be: Cannot change mode to rwxr-xr-x: Operation not permitted
build	Cache Android SDK	2026-06-06T12:22:44.8433991Z /usr/bin/tar: ../../../../../usr/local/lib/android/sdk/platforms/android-35-ext14/data/res/values-mcc334-mnc020-el: Cannot utime: Operation not permitted
build	Cache Android SDK	2026-06-06T12:22:44.8434970Z /usr/bin/tar: ../../../../../usr/local/lib/android/sdk/platforms/android-35-ext14/data/res/values-mcc334-mnc020-el: Cannot change mode to rwxr-xr-x: Operation not permitted
build	Cache Android SDK	2026-06-06T12:22:44.8436895Z /usr/bin/tar: ../../../../../usr/local/lib/android/sdk/platforms/android-35-ext14/data/res/values-mcc313-mnc100-tl: Cannot utime: Operation not permitted
build	Cache Android SDK	2026-06-06T12:22:44.8438077Z /usr/bin/tar: ../../../../../usr/local/lib/android/sdk/platforms/android-35-ext14/data/res/values-mcc313-mnc100-tl: Cannot change mode to rwxr-xr-x: Operation not permitted
build	Cache Android SDK	2026-06-06T12:22:44.8440673Z /usr/bin/tar: ../../../../../usr/local/lib/android/sdk/platforms/android-35-ext14/data/res/values-mcc310-mnc800-mr: Cannot utime: Operation not permitted
build	Cache Android SDK	2026-06-06T12:22:44.8441645Z /usr/bin/tar: ../../../../../usr/local/lib/android/sdk/platforms/android-35-ext14/data/res/values-mcc310-mnc800-mr: Cannot change mode to rwxr-xr-x: Operation not permitted
build	Cache Android SDK	2026-06-06T12:22:44.8443809Z /usr/bin/tar: ../../../../../usr/local/lib/android/sdk/platforms/android-35-ext14/data/res/values-mcc310-mnc150-pa: Cannot utime: Operation not permitted
build	Cache Android SDK	2026-06-06T12:22:44.8444769Z /usr/bin/tar: ../../../../../usr/local/lib/android/sdk/platforms/android-35-ext14/data/res/values-mcc310-mnc150-pa: Cannot change mode to rwxr-xr-x: Operation not permitted
build	Cache Android SDK	2026-06-06T12:22:44.8447787Z /usr/bin/tar: ../../../../../usr/local/lib/android/sdk/platforms/android-35-ext14/data/res/values-hr-rHR: Cannot utime: Operation not permitted
build	Cache Android SDK	2026-06-06T12:22:44.8448709Z /usr/bin/tar: ../../../../../usr/local/lib/android/sdk/platforms/android-35-ext14/data/res/values-hr-rHR: Cannot change mode to rwxr-xr-x: Operation not permitted
build	Cache Android SDK	2026-06-06T12:22:44.8450869Z /usr/bin/tar: ../../../../../usr/local/lib/android/sdk/platforms/android-35-ext14/data/res/values-mcc740: Cannot utime: Operation not permitted
build	Cache Android SDK	2026-06-06T12:22:44.8451782Z /usr/bin/tar: ../../../../../usr/local/lib/android/sdk/platforms/android-35-ext14/data/res/values-mcc740: Cannot change mode to rwxr-xr-x: Operation not permitted
build	Cache Android SDK	2026-06-06T12:22:44.8454484Z /usr/bin/tar: ../../../../../usr/local/lib/android/sdk/platforms/android-35-ext14/data/res/values-mcc310-mnc560-lt: Cannot utime: Operation not permitted
build	Cache Android SDK	2026-06-06T12:22:44.8455509Z /usr/bin/tar: ../../../../../usr/local/lib/android/sdk/platforms/android-35-ext14/data/res/values-mcc310-mnc560-lt: Cannot change mode to rwxr-xr-x: Operation not permitted
build	Cache Android SDK	2026-06-06T12:22:44.8458715Z /usr/bin/tar: ../../../../../usr/local/lib/android/sdk/platforms/android-35-ext14/data/res/values-mcc310-mnc150-ro: Cannot utime: Operation not permitted
build	Cache Android SDK	2026-06-06T12:22:44.8460038Z /usr/bin/tar: ../../../../../usr/local/lib/android/sdk/platforms/android-35-ext14/data/res/values-mcc310-mnc150-ro: Cannot change mode to rwxr-xr-x: Operation not permitted
build	Cache Android SDK	2026-06-06T12:22:44.8461583Z /usr/bin/tar: ../../../../../usr/local/lib/android/sdk/platforms/android-35-ext14/data/res/values-mcc310-mnc170-ta: Cannot utime: Operation not permitted
build	Cache Android SDK	2026-06-06T12:22:44.8462590Z /usr/bin/tar: ../../../../../usr/local/lib/android/sdk/platforms/android-35-ext14/data/res/values-mcc310-mnc170-ta: Cannot change mode to rwxr-xr-x: Operation not permitted
build	Cache Android SDK	2026-06-06T12:22:44.8465190Z /usr/bin/tar: ../../../../../usr/local/lib/android/sdk/platforms/android-35-ext14/data/res/values-mcc310-mnc950-fa: Cannot utime: Operation not permitted
build	Cache Android SDK	2026-06-06T12:22:44.8466403Z /usr/bin/tar: ../../../../../usr/local/lib/android/sdk/platforms/android-35-ext14/data/res/values-mcc310-mnc950-fa: Cannot change mode to rwxr-xr-x: Operation not permitted
build	Cache Android SDK	2026-06-06T12:22:44.8468080Z /usr/bin/tar: ../../../../../usr/local/lib/android/sdk/platforms/android-35-ext14/data/res/values-mcc310-mnc210-uk: Cannot utime: Operation not permitted
build	Cache Android SDK	2026-06-06T12:22:44.8469186Z /usr/bin/tar: ../../../../../usr/local/lib/android/sdk/platforms/android-35-ext14/data/res/values-mcc310-mnc210-uk: Cannot change mode to rwxr-xr-x: Operation not permitted
build	Cache Android SDK	2026-06-06T12:22:44.8471509Z /usr/bin/tar: ../../../../../usr/local/lib/android/sdk/platforms/android-35-ext14/data/res/values-mcc310-mnc410-as: Cannot utime: Operation not permitted
build	Cache Android SDK	2026-06-06T12:22:44.8472595Z /usr/bin/tar: ../../../../../usr/local/lib/android/sdk/platforms/android-35-ext14/data/res/values-mcc310-mnc410-as: Cannot change mode to rwxr-xr-x: Operation not permitted
build	Cache Android SDK	2026-06-06T12:22:44.8474122Z /usr/bin/tar: ../../../../../usr/local/lib/android/sdk/platforms/android-35-ext14/data/res/values-mcc310-mnc160-ja: Cannot utime: Operation not permitted
build	Cache Android SDK	2026-06-06T12:22:44.8475152Z /usr/bin/tar: ../../../../../usr/local/lib/android/sdk/platforms/android-35-ext14/data/res/values-mcc310-mnc160-ja: Cannot change mode to rwxr-xr-x: Operation not permitted
build	Cache Android SDK	2026-06-06T12:22:44.8478024Z /usr/bin/tar: ../../../../../usr/local/lib/android/sdk/platforms/android-35-ext14/data/res/values-mcc001-mnc01-si: Cannot utime: Operation not permitted
build	Cache Android SDK	2026-06-06T12:22:44.8479067Z /usr/bin/tar: ../../../../../usr/local/lib/android/sdk/platforms/android-35-ext14/data/res/values-mcc001-mnc01-si: Cannot change mode to rwxr-xr-x: Operation not permitted
build	Cache Android SDK	2026-06-06T12:22:44.8481235Z /usr/bin/tar: ../../../../../usr/local/lib/android/sdk/platforms/android-35-ext14/data/res/values-mcc001-mnc01-kn: Cannot utime: Operation not permitted
build	Cache Android SDK	2026-06-06T12:22:44.8482305Z /usr/bin/tar: ../../../../../usr/local/lib/android/sdk/platforms/android-35-ext14/data/res/values-mcc001-mnc01-kn: Cannot change mode to rwxr-xr-x: Operation not permitted
build	Cache Android SDK	2026-06-06T12:22:44.8484183Z /usr/bin/tar: ../../../../../usr/local/lib/android/sdk/platforms/android-35-ext14/data/res/values-mcc311-mnc180-ta: Cannot utime: Operation not permitted
build	Cache Android SDK	2026-06-06T12:22:44.8485210Z /usr/bin/tar: ../../../../../usr/local/lib/android/sdk/platforms/android-35-ext14/data/res/values-mcc311-mnc180-ta: Cannot change mode to rwxr-xr-x: Operation not permitted
build	Cache Android SDK	2026-06-06T12:22:44.8487758Z /usr/bin/tar: ../../../../../usr/local/lib/android/sdk/platforms/android-35-ext14/data/res/values-fr-rCA-television: Cannot utime: Operation not permitted
build	Cache Android SDK	2026-06-06T12:22:44.8488745Z /usr/bin/tar: ../../../../../usr/local/lib/android/sdk/platforms/android-35-ext14/data/res/values-fr-rCA-television: Cannot change mode to rwxr-xr-x: Operation not permitted
build	Cache Android SDK	2026-06-06T12:22:44.8491613Z /usr/bin/tar: ../../../../../usr/local/lib/android/sdk/platforms/android-35-ext14/data/res/values-mcc311-mnc180: Cannot utime: Operation not permitted
build	Cache Android SDK	2026-06-06T12:22:44.8492585Z /usr/bin/tar: ../../../../../usr/local/lib/android/sdk/platforms/android-35-ext14/data/res/values-mcc311-mnc180: Cannot change mode to rwxr-xr-x: Operation not permitted
build	Cache Android SDK	2026-06-06T12:22:44.8495242Z /usr/bin/tar: ../../../../../usr/local/lib/android/sdk/platforms/android-35-ext14/data/res/values-mcc310-mnc200-lv: Cannot utime: Operation not permitted
build	Cache Android SDK	2026-06-06T12:22:44.8496418Z /usr/bin/tar: ../../../../../usr/local/lib/android/sdk/platforms/android-35-ext14/data/res/values-mcc310-mnc200-lv: Cannot change mode to rwxr-xr-x: Operation not permitted
build	Cache Android SDK	2026-06-06T12:22:44.8498282Z /usr/bin/tar: ../../../../../usr/local/lib/android/sdk/platforms/android-35-ext14/data/res/values-mcc310-mnc310-ta: Cannot utime: Operation not permitted
build	Cache Android SDK	2026-06-06T12:22:44.8499268Z /usr/bin/tar: ../../../../../usr/local/lib/android/sdk/platforms/android-35-ext14/data/res/values-mcc310-mnc310-ta: Cannot change mode to rwxr-xr-x: Operation not permitted
build	Cache Android SDK	2026-06-06T12:22:44.8501782Z /usr/bin/tar: ../../../../../usr/local/lib/android/sdk/platforms/android-35-ext14/data/res/values-mcc310-mnc270-it: Cannot utime: Operation not permitted
build	Cache Android SDK	2026-06-06T12:22:44.8502939Z /usr/bin/tar: ../../../../../usr/local/lib/android/sdk/platforms/android-35-ext14/data/res/values-mcc310-mnc270-it: Cannot change mode to rwxr-xr-x: Operation not permitted
build	Cache Android SDK	2026-06-06T12:22:44.8504540Z /usr/bin/tar: ../../../../../usr/local/lib/android/sdk/platforms/android-35-ext14/data/res/values-mcc311-mnc180-hi: Cannot utime: Operation not permitted
build	Cache Android SDK	2026-06-06T12:22:44.8505540Z /usr/bin/tar: ../../../../../usr/local/lib/android/sdk/platforms/android-35-ext14/data/res/values-mcc311-mnc180-hi: Cannot change mode to rwxr-xr-x: Operation not permitted
build	Cache Android SDK	2026-06-06T12:22:44.8508016Z /usr/bin/tar: ../../../../../usr/local/lib/android/sdk/platforms/android-35-ext14/data/res/values-mcc310-mnc280-b+sr+Latn: Cannot utime: Operation not permitted
build	Cache Android SDK	2026-06-06T12:22:44.8509196Z /usr/bin/tar: ../../../../../usr/local/lib/android/sdk/platforms/android-35-ext14/data/res/values-mcc310-mnc280-b+sr+Latn: Cannot change mode to rwxr-xr-x: Operation not permitted
build	Cache Android SDK	2026-06-06T12:22:44.8510825Z /usr/bin/tar: ../../../../../usr/local/lib/android/sdk/platforms/android-35-ext14/data/res/values-en-rXC-television: Cannot utime: Operation not permitted
build	Cache Android SDK	2026-06-06T12:22:44.8511919Z /usr/bin/tar: ../../../../../usr/local/lib/android/sdk/platforms/android-35-ext14/data/res/values-en-rXC-television: Cannot change mode to rwxr-xr-x: Operation not permitted
build	Cache Android SDK	2026-06-06T12:22:44.8514008Z /usr/bin/tar: ../../../../../usr/local/lib/android/sdk/platforms/android-35-ext14/data/res/values-mcc310-mnc170-kn: Cannot utime: Operation not permitted
build	Cache Android SDK	2026-06-06T12:22:44.8514507Z /usr/bin/tar: ../../../../../usr/local/lib/android/sdk/platforms/android-35-ext14/data/res/values-mcc310-mnc170-kn: Cannot change mode to rwxr-xr-x: Operation not permitted
build	Cache Android SDK	2026-06-06T12:22:44.8517279Z /usr/bin/tar: ../../../../../usr/local/lib/android/sdk/platforms/android-35-ext14/data/res/values-mcc001-mnc01-ur: Cannot utime: Operation not permitted
build	Cache Android SDK	2026-06-06T12:22:44.8518040Z /usr/bin/tar: ../../../../../usr/local/lib/android/sdk/platforms/android-35-ext14/data/res/values-mcc001-mnc01-ur: Cannot change mode to rwxr-xr-x: Operation not permitted
build	Cache Android SDK	2026-06-06T12:22:44.8520285Z /usr/bin/tar: ../../../../../usr/local/lib/android/sdk/platforms/android-35-ext14/data/res/values-mcc310-mnc560-zu: Cannot utime: Operation not permitted
build	Cache Android SDK	2026-06-06T12:22:44.8520783Z /usr/bin/tar: ../../../../../usr/local/lib/android/sdk/platforms/android-35-ext14/data/res/values-mcc310-mnc560-zu: Cannot change mode to rwxr-xr-x: Operation not permitted
build	Cache Android SDK	2026-06-06T12:22:44.8525365Z /usr/bin/tar: ../../../../../usr/local/lib/android/sdk/platforms/android-35-ext14/data/res/values-mcc310-mnc200-uk: Cannot utime: Operation not permitted
build	Cache Android SDK	2026-06-06T12:22:44.8525838Z /usr/bin/tar: ../../../../../usr/local/lib/android/sdk/platforms/android-35-ext14/data/res/values-mcc310-mnc200-uk: Cannot change mode to rwxr-xr-x: Operation not permitted
build	Cache Android SDK	2026-06-06T12:22:44.8749605Z /usr/bin/tar: ../../../../../usr/local/lib/android/sdk/platforms/android-35-ext14/data/res/drawable-ldpi: Cannot utime: Operation not permitted
build	Cache Android SDK	2026-06-06T12:22:44.8750307Z /usr/bin/tar: ../../../../../usr/local/lib/android/sdk/platforms/android-35-ext14/data/res/drawable-ldpi: Cannot change mode to rwxr-xr-x: Operation not permitted
build	Cache Android SDK	2026-06-06T12:22:44.8753629Z /usr/bin/tar: ../../../../../usr/local/lib/android/sdk/platforms/android-35-ext14/data/res/values-mcc310-mnc220-ka: Cannot utime: Operation not permitted
build	Cache Android SDK	2026-06-06T12:22:44.8754146Z /usr/bin/tar: ../../../../../usr/local/lib/android/sdk/platforms/android-35-ext14/data/res/values-mcc310-mnc220-ka: Cannot change mode to rwxr-xr-x: Operation not permitted
build	Cache Android SDK	2026-06-06T12:22:44.8757674Z /usr/bin/tar: ../../../../../usr/local/lib/android/sdk/platforms/android-35-ext14/data/res/values-mcc310-mnc170-ml: Cannot utime: Operation not permitted
build	Cache Android SDK	2026-06-06T12:22:44.8758268Z /usr/bin/tar: ../../../../../usr/local/lib/android/sdk/platforms/android-35-ext14/data/res/values-mcc310-mnc170-ml: Cannot change mode to rwxr-xr-x: Operation not permitted
build	Cache Android SDK	2026-06-06T12:22:44.8763904Z /usr/bin/tar: ../../../../../usr/local/lib/android/sdk/platforms/android-35-ext14/data/res/values-mcc310-mnc380-ar: Cannot utime: Operation not permitted
build	Cache Android SDK	2026-06-06T12:22:44.8764413Z /usr/bin/tar: ../../../../../usr/local/lib/android/sdk/platforms/android-35-ext14/data/res/values-mcc310-mnc380-ar: Cannot change mode to rwxr-xr-x: Operation not permitted
build	Cache Android SDK	2026-06-06T12:22:44.8767817Z /usr/bin/tar: ../../../../../usr/local/lib/android/sdk/platforms/android-35-ext14/data/res/values-mcc310-mnc160-af: Cannot utime: Operation not permitted
build	Cache Android SDK	2026-06-06T12:22:44.8768299Z /usr/bin/tar: ../../../../../usr/local/lib/android/sdk/platforms/android-35-ext14/data/res/values-mcc310-mnc160-af: Cannot change mode to rwxr-xr-x: Operation not permitted
build	Cache Android SDK	2026-06-06T12:22:44.8771848Z /usr/bin/tar: ../../../../../usr/local/lib/android/sdk/platforms/android-35-ext14/data/res/values-mcc310-mnc660-bs: Cannot utime: Operation not permitted
build	Cache Android SDK	2026-06-06T12:22:44.8772329Z /usr/bin/tar: ../../../../../usr/local/lib/android/sdk/platforms/android-35-ext14/data/res/values-mcc310-mnc660-bs: Cannot change mode to rwxr-xr-x: Operation not permitted
build	Cache Android SDK	2026-06-06T12:22:44.8774746Z /usr/bin/tar: ../../../../../usr/local/lib/android/sdk/platforms/android-35-ext14/data/res/values-sv-television: Cannot utime: Operation not permitted
build	Cache Android SDK	2026-06-06T12:22:44.8775215Z /usr/bin/tar: ../../../../../usr/local/lib/android/sdk/platforms/android-35-ext14/data/res/values-sv-television: Cannot change mode to rwxr-xr-x: Operation not permitted
build	Cache Android SDK	2026-06-06T12:22:44.8778021Z /usr/bin/tar: ../../../../../usr/local/lib/android/sdk/platforms/android-35-ext14/data/res/values-mcc310-mnc150-nl: Cannot utime: Operation not permitted
build	Cache Android SDK	2026-06-06T12:22:44.8778507Z /usr/bin/tar: ../../../../../usr/local/lib/android/sdk/platforms/android-35-ext14/data/res/values-mcc310-mnc150-nl: Cannot change mode to rwxr-xr-x: Operation not permitted
build	Cache Android SDK	2026-06-06T12:22:44.8781086Z /usr/bin/tar: ../../../../../usr/local/lib/android/sdk/platforms/android-35-ext14/data/res/values-mcc310-mnc270-en-rGB: Cannot utime: Operation not permitted
build	Cache Android SDK	2026-06-06T12:22:44.8781594Z /usr/bin/tar: ../../../../../usr/local/lib/android/sdk/platforms/android-35-ext14/data/res/values-mcc310-mnc270-en-rGB: Cannot change mode to rwxr-xr-x: Operation not permitted
build	Cache Android SDK	2026-06-06T12:22:44.8784256Z /usr/bin/tar: ../../../../../usr/local/lib/android/sdk/platforms/android-35-ext14/data/res/values-mcc316: Cannot utime: Operation not permitted
build	Cache Android SDK	2026-06-06T12:22:44.8784721Z /usr/bin/tar: ../../../../../usr/local/lib/android/sdk/platforms/android-35-ext14/data/res/values-mcc316: Cannot change mode to rwxr-xr-x: Operation not permitted
build	Cache Android SDK	2026-06-06T12:22:44.8788037Z /usr/bin/tar: ../../../../../usr/local/lib/android/sdk/platforms/android-35-ext14/data/res/values-mcc001-mnc01-fa: Cannot utime: Operation not permitted
build	Cache Android SDK	2026-06-06T12:22:44.8788513Z /usr/bin/tar: ../../../../../usr/local/lib/android/sdk/platforms/android-35-ext14/data/res/values-mcc001-mnc01-fa: Cannot change mode to rwxr-xr-x: Operation not permitted
build	Cache Android SDK	2026-06-06T12:22:44.8790900Z /usr/bin/tar: ../../../../../usr/local/lib/android/sdk/platforms/android-35-ext14/data/res/values-mcc310-mnc220-eu: Cannot utime: Operation not permitted
build	Cache Android SDK	2026-06-06T12:22:44.8791529Z /usr/bin/tar: ../../../../../usr/local/lib/android/sdk/platforms/android-35-ext14/data/res/values-mcc310-mnc220-eu: Cannot change mode to rwxr-xr-x: Operation not permitted
build	Cache Android SDK	2026-06-06T12:22:44.8794287Z /usr/bin/tar: ../../../../../usr/local/lib/android/sdk/platforms/android-35-ext14/data/res/values-mcc310-mnc240: Cannot utime: Operation not permitted
build	Cache Android SDK	2026-06-06T12:22:44.8794757Z /usr/bin/tar: ../../../../../usr/local/lib/android/sdk/platforms/android-35-ext14/data/res/values-mcc310-mnc240: Cannot change mode to rwxr-xr-x: Operation not permitted
build	Cache Android SDK	2026-06-06T12:22:44.8798472Z /usr/bin/tar: ../../../../../usr/local/lib/android/sdk/platforms/android-35-ext14/data/res/values-mcc313-mnc100-sw: Cannot utime: Operation not permitted
build	Cache Android SDK	2026-06-06T12:22:44.8799153Z /usr/bin/tar: ../../../../../usr/local/lib/android/sdk/platforms/android-35-ext14/data/res/values-mcc313-mnc100-sw: Cannot change mode to rwxr-xr-x: Operation not permitted
build	Cache Android SDK	2026-06-06T12:22:44.8801322Z /usr/bin/tar: ../../../../../usr/local/lib/android/sdk/platforms/android-35-ext14/data/res/values-mcc310-mnc230-ro: Cannot utime: Operation not permitted
build	Cache Android SDK	2026-06-06T12:22:44.8801796Z /usr/bin/tar: ../../../../../usr/local/lib/android/sdk/platforms/android-35-ext14/data/res/values-mcc310-mnc230-ro: Cannot change mode to rwxr-xr-x: Operation not permitted
build	Cache Android SDK	2026-06-06T12:22:44.8805201Z /usr/bin/tar: ../../../../../usr/local/lib/android/sdk/platforms/android-35-ext14/data/res/values-mcc310-mnc660-zh-rCN: Cannot utime: Operation not permitted
build	Cache Android SDK	2026-06-06T12:22:44.8805704Z /usr/bin/tar: ../../../../../usr/local/lib/android/sdk/platforms/android-35-ext14/data/res/values-mcc310-mnc660-zh-rCN: Cannot change mode to rwxr-xr-x: Operation not permitted
build	Cache Android SDK	2026-06-06T12:22:44.8810016Z /usr/bin/tar: ../../../../../usr/local/lib/android/sdk/platforms/android-35-ext14/data/res/values-mcc310-mnc310-lv: Cannot utime: Operation not permitted
build	Cache Android SDK	2026-06-06T12:22:44.8810508Z /usr/bin/tar: ../../../../../usr/local/lib/android/sdk/platforms/android-35-ext14/data/res/values-mcc310-mnc310-lv: Cannot change mode to rwxr-xr-x: Operation not permitted
build	Cache Android SDK	2026-06-06T12:22:44.8813598Z /usr/bin/tar: ../../../../../usr/local/lib/android/sdk/platforms/android-35-ext14/data/res/values-mcc310-mnc950-km: Cannot utime: Operation not permitted
build	Cache Android SDK	2026-06-06T12:22:44.8814062Z /usr/bin/tar: ../../../../../usr/local/lib/android/sdk/platforms/android-35-ext14/data/res/values-mcc310-mnc950-km: Cannot change mode to rwxr-xr-x: Operation not permitted
build	Cache Android SDK	2026-06-06T12:22:44.8816537Z /usr/bin/tar: ../../../../../usr/local/lib/android/sdk/platforms/android-35-ext14/data/res/values-mcc310-mnc560-ar: Cannot utime: Operation not permitted
build	Cache Android SDK	2026-06-06T12:22:44.8817013Z /usr/bin/tar: ../../../../../usr/local/lib/android/sdk/platforms/android-35-ext14/data/res/values-mcc310-mnc560-ar: Cannot change mode to rwxr-xr-x: Operation not permitted
build	Cache Android SDK	2026-06-06T12:22:44.8819450Z /usr/bin/tar: ../../../../../usr/local/lib/android/sdk/platforms/android-35-ext14/data/res/values-mcc310-mnc230-mr: Cannot utime: Operation not permitted
build	Cache Android SDK	2026-06-06T12:22:44.8819942Z /usr/bin/tar: ../../../../../usr/local/lib/android/sdk/platforms/android-35-ext14/data/res/values-mcc310-mnc230-mr: Cannot change mode to rwxr-xr-x: Operation not permitted
build	Cache Android SDK	2026-06-06T12:22:44.8821998Z /usr/bin/tar: ../../../../../usr/local/lib/android/sdk/platforms/android-35-ext14/data/res/values-mcc310-mnc230-mk: Cannot utime: Operation not permitted
build	Cache Android SDK	2026-06-06T12:22:44.8822474Z /usr/bin/tar: ../../../../../usr/local/lib/android/sdk/platforms/android-35-ext14/data/res/values-mcc310-mnc230-mk: Cannot change mode to rwxr-xr-x: Operation not permitted
build	Cache Android SDK	2026-06-06T12:22:44.8825530Z /usr/bin/tar: ../../../../../usr/local/lib/android/sdk/platforms/android-35-ext14/data/res/values-mcc311-mnc180-ca: Cannot utime: Operation not permitted
build	Cache Android SDK	2026-06-06T12:22:44.8826016Z /usr/bin/tar: ../../../../../usr/local/lib/android/sdk/platforms/android-35-ext14/data/res/values-mcc311-mnc180-ca: Cannot change mode to rwxr-xr-x: Operation not permitted
build	Cache Android SDK	2026-06-06T12:22:44.8844733Z /usr/bin/tar: ../../../../../usr/local/lib/android/sdk/platforms/android-35-ext14/data/res/drawable-nodpi: Cannot utime: Operation not permitted
build	Cache Android SDK	2026-06-06T12:22:44.8845246Z /usr/bin/tar: ../../../../../usr/local/lib/android/sdk/platforms/android-35-ext14/data/res/drawable-nodpi: Cannot change mode to rwxr-xr-x: Operation not permitted
build	Cache Android SDK	2026-06-06T12:22:44.8847480Z /usr/bin/tar: ../../../../../usr/local/lib/android/sdk/platforms/android-35-ext14/data/res/values-w208dp: Cannot utime: Operation not permitted
build	Cache Android SDK	2026-06-06T12:22:44.8847960Z /usr/bin/tar: ../../../../../usr/local/lib/android/sdk/platforms/android-35-ext14/data/res/values-w208dp: Cannot change mode to rwxr-xr-x: Operation not permitted
build	Cache Android SDK	2026-06-06T12:22:44.8850420Z /usr/bin/tar: ../../../../../usr/local/lib/android/sdk/platforms/android-35-ext14/data/res/values-mcc310-mnc030-lo: Cannot utime: Operation not permitted
build	Cache Android SDK	2026-06-06T12:22:44.8850908Z /usr/bin/tar: ../../../../../usr/local/lib/android/sdk/platforms/android-35-ext14/data/res/values-mcc310-mnc030-lo: Cannot change mode to rwxr-xr-x: Operation not permitted
build	Cache Android SDK	2026-06-06T12:22:44.8853745Z /usr/bin/tar: ../../../../../usr/local/lib/android/sdk/platforms/android-35-ext14/data/res/values-mcc310-mnc240-sv: Cannot utime: Operation not permitted
build	Cache Android SDK	2026-06-06T12:22:44.8854258Z /usr/bin/tar: ../../../../../usr/local/lib/android/sdk/platforms/android-35-ext14/data/res/values-mcc310-mnc240-sv: Cannot change mode to rwxr-xr-x: Operation not permitted
build	Cache Android SDK	2026-06-06T12:22:44.8858091Z /usr/bin/tar: ../../../../../usr/local/lib/android/sdk/platforms/android-35-ext14/data/res/values-mcc310-mnc240-am: Cannot utime: Operation not permitted
build	Cache Android SDK	2026-06-06T12:22:44.8858582Z /usr/bin/tar: ../../../../../usr/local/lib/android/sdk/platforms/android-35-ext14/data/res/values-mcc310-mnc240-am: Cannot change mode to rwxr-xr-x: Operation not permitted
build	Cache Android SDK	2026-06-06T12:22:44.8860958Z /usr/bin/tar: ../../../../../usr/local/lib/android/sdk/platforms/android-35-ext14/data/res/values-mcc234-mnc20: Cannot utime: Operation not permitted
build	Cache Android SDK	2026-06-06T12:22:44.8861429Z /usr/bin/tar: ../../../../../usr/local/lib/android/sdk/platforms/android-35-ext14/data/res/values-mcc234-mnc20: Cannot change mode to rwxr-xr-x: Operation not permitted
build	Cache Android SDK	2026-06-06T12:22:44.8864314Z /usr/bin/tar: ../../../../../usr/local/lib/android/sdk/platforms/android-35-ext14/data/res/values-mcc310-mnc380-ta: Cannot utime: Operation not permitted
build	Cache Android SDK	2026-06-06T12:22:44.8864796Z /usr/bin/tar: ../../../../../usr/local/lib/android/sdk/platforms/android-35-ext14/data/res/values-mcc310-mnc380-ta: Cannot change mode to rwxr-xr-x: Operation not permitted
build	Cache Android SDK	2026-06-06T12:22:44.8867490Z /usr/bin/tar: ../../../../../usr/local/lib/android/sdk/platforms/android-35-ext14/data/res/values-mcc310-mnc170-sq: Cannot utime: Operation not permitted
build	Cache Android SDK	2026-06-06T12:22:44.8867988Z /usr/bin/tar: ../../../../../usr/local/lib/android/sdk/platforms/android-35-ext14/data/res/values-mcc310-mnc170-sq: Cannot change mode to rwxr-xr-x: Operation not permitted
build	Cache Android SDK	2026-06-06T12:22:44.8870352Z /usr/bin/tar: ../../../../../usr/local/lib/android/sdk/platforms/android-35-ext14/data/res/values-mcc425: Cannot utime: Operation not permitted
build	Cache Android SDK	2026-06-06T12:22:44.8870800Z /usr/bin/tar: ../../../../../usr/local/lib/android/sdk/platforms/android-35-ext14/data/res/values-mcc425: Cannot change mode to rwxr-xr-x: Operation not permitted
build	Cache Android SDK	2026-06-06T12:22:44.8873190Z /usr/bin/tar: ../../../../../usr/local/lib/android/sdk/platforms/android-35-ext14/data/res/values-mcc310-mnc270-et: Cannot utime: Operation not permitted
build	Cache Android SDK	2026-06-06T12:22:44.8873665Z /usr/bin/tar: ../../../../../usr/local/lib/android/sdk/platforms/android-35-ext14/data/res/values-mcc310-mnc270-et: Cannot change mode to rwxr-xr-x: Operation not permitted
build	Cache Android SDK	2026-06-06T12:22:44.8876293Z /usr/bin/tar: ../../../../../usr/local/lib/android/sdk/platforms/android-35-ext14/data/res/values-mcc302-mnc720-as: Cannot utime: Operation not permitted
build	Cache Android SDK	2026-06-06T12:22:44.8876769Z /usr/bin/tar: ../../../../../usr/local/lib/android/sdk/platforms/android-35-ext14/data/res/values-mcc302-mnc720-as: Cannot change mode to rwxr-xr-x: Operation not permitted
build	Cache Android SDK	2026-06-06T12:22:44.8879396Z /usr/bin/tar: ../../../../../usr/local/lib/android/sdk/platforms/android-35-ext14/data/res/values-mcc310-mnc490-te: Cannot utime: Operation not permitted
build	Cache Android SDK	2026-06-06T12:22:44.8879873Z /usr/bin/tar: ../../../../../usr/local/lib/android/sdk/platforms/android-35-ext14/data/res/values-mcc310-mnc490-te: Cannot change mode to rwxr-xr-x: Operation not permitted
build	Cache Android SDK	2026-06-06T12:22:44.8882463Z /usr/bin/tar: ../../../../../usr/local/lib/android/sdk/platforms/android-35-ext14/data/res/values-mcc310-mnc160-th: Cannot utime: Operation not permitted
build	Cache Android SDK	2026-06-06T12:22:44.8882941Z /usr/bin/tar: ../../../../../usr/local/lib/android/sdk/platforms/android-35-ext14/data/res/values-mcc310-mnc160-th: Cannot change mode to rwxr-xr-x: Operation not permitted
build	Cache Android SDK	2026-06-06T12:22:44.8885534Z /usr/bin/tar: ../../../../../usr/local/lib/android/sdk/platforms/android-35-ext14/data/res/values-mcc310-mnc200-sr: Cannot utime: Operation not permitted
build	Cache Android SDK	2026-06-06T12:22:44.8886017Z /usr/bin/tar: ../../../../../usr/local/lib/android/sdk/platforms/android-35-ext14/data/res/values-mcc310-mnc200-sr: Cannot change mode to rwxr-xr-x: Operation not permitted
build	Cache Android SDK	2026-06-06T12:22:44.8892436Z /usr/bin/tar: ../../../../../usr/local/lib/android/sdk/platforms/android-35-ext14/data/res/values-da: Cannot utime: Operation not permitted
build	Cache Android SDK	2026-06-06T12:22:44.8892999Z /usr/bin/tar: ../../../../../usr/local/lib/android/sdk/platforms/android-35-ext14/data/res/values-da: Cannot change mode to rwxr-xr-x: Operation not permitted
build	Cache Android SDK	2026-06-06T12:22:44.8895369Z /usr/bin/tar: ../../../../../usr/local/lib/android/sdk/platforms/android-35-ext14/data/res/values-mcc310-mnc170-et: Cannot utime: Operation not permitted
build	Cache Android SDK	2026-06-06T12:22:44.8896070Z /usr/bin/tar: ../../../../../usr/local/lib/android/sdk/platforms/android-35-ext14/data/res/values-mcc310-mnc170-et: Cannot change mode to rwxr-xr-x: Operation not permitted
build	Cache Android SDK	2026-06-06T12:22:44.8898396Z /usr/bin/tar: ../../../../../usr/local/lib/android/sdk/platforms/android-35-ext14/data/res/values-mcc310-mnc160-en-rIN: Cannot utime: Operation not permitted
build	Cache Android SDK	2026-06-06T12:22:44.8898889Z /usr/bin/tar: ../../../../../usr/local/lib/android/sdk/platforms/android-35-ext14/data/res/values-mcc310-mnc160-en-rIN: Cannot change mode to rwxr-xr-x: Operation not permitted
build	Cache Android SDK	2026-06-06T12:22:44.8901540Z /usr/bin/tar: ../../../../../usr/local/lib/android/sdk/platforms/android-35-ext14/data/res/values-mcc302-mnc370-da: Cannot utime: Operation not permitted
build	Cache Android SDK	2026-06-06T12:22:44.8902028Z /usr/bin/tar: ../../../../../usr/local/lib/android/sdk/platforms/android-35-ext14/data/res/values-mcc302-mnc370-da: Cannot change mode to rwxr-xr-x: Operation not permitted
build	Cache Android SDK	2026-06-06T12:22:44.8904759Z /usr/bin/tar: ../../../../../usr/local/lib/android/sdk/platforms/android-35-ext14/data/res/values-mcc310-mnc490-sv: Cannot utime: Operation not permitted
build	Cache Android SDK	2026-06-06T12:22:44.8905247Z /usr/bin/tar: ../../../../../usr/local/lib/android/sdk/platforms/android-35-ext14/data/res/values-mcc310-mnc490-sv: Cannot change mode to rwxr-xr-x: Operation not permitted
build	Cache Android SDK	2026-06-06T12:22:44.8908272Z /usr/bin/tar: ../../../../../usr/local/lib/android/sdk/platforms/android-35-ext14/data/res/values-ru-television: Cannot utime: Operation not permitted
build	Cache Android SDK	2026-06-06T12:22:44.8908879Z /usr/bin/tar: ../../../../../usr/local/lib/android/sdk/platforms/android-35-ext14/data/res/values-ru-television: Cannot change mode to rwxr-xr-x: Operation not permitted
build	Cache Android SDK	2026-06-06T12:22:44.8912800Z /usr/bin/tar: ../../../../../usr/local/lib/android/sdk/platforms/android-35-ext14/data/res/values-mcc310-mnc380-it: Cannot utime: Operation not permitted
build	Cache Android SDK	2026-06-06T12:22:44.8913281Z /usr/bin/tar: ../../../../../usr/local/lib/android/sdk/platforms/android-35-ext14/data/res/values-mcc310-mnc380-it: Cannot change mode to rwxr-xr-x: Operation not permitted
build	Cache Android SDK	2026-06-06T12:22:44.8915826Z /usr/bin/tar: ../../../../../usr/local/lib/android/sdk/platforms/android-35-ext14/data/res/values-mcc001-mnc01-sw: Cannot utime: Operation not permitted
build	Cache Android SDK	2026-06-06T12:22:44.8916432Z /usr/bin/tar: ../../../../../usr/local/lib/android/sdk/platforms/android-35-ext14/data/res/values-mcc001-mnc01-sw: Cannot change mode to rwxr-xr-x: Operation not permitted
build	Cache Android SDK	2026-06-06T12:22:44.8919123Z /usr/bin/tar: ../../../../../usr/local/lib/android/sdk/platforms/android-35-ext14/data/res/values-kn-watch: Cannot utime: Operation not permitted
build	Cache Android SDK	2026-06-06T12:22:44.8919573Z /usr/bin/tar: ../../../../../usr/local/lib/android/sdk/platforms/android-35-ext14/data/res/values-kn-watch: Cannot change mode to rwxr-xr-x: Operation not permitted
build	Cache Android SDK	2026-06-06T12:22:44.8922315Z /usr/bin/tar: ../../../../../usr/local/lib/android/sdk/platforms/android-35-ext14/data/res/values-mcc310-mnc660-am: Cannot utime: Operation not permitted
build	Cache Android SDK	2026-06-06T12:22:44.8922921Z /usr/bin/tar: ../../../../../usr/local/lib/android/sdk/platforms/android-35-ext14/data/res/values-mcc310-mnc660-am: Cannot change mode to rwxr-xr-x: Operation not permitted
build	Cache Android SDK	2026-06-06T12:22:44.8925939Z /usr/bin/tar: ../../../../../usr/local/lib/android/sdk/platforms/android-35-ext14/data/res/values-mcc310-mnc240-b+sr+Latn: Cannot utime: Operation not permitted
build	Cache Android SDK	2026-06-06T12:22:44.8926450Z /usr/bin/tar: ../../../../../usr/local/lib/android/sdk/platforms/android-35-ext14/data/res/values-mcc310-mnc240-b+sr+Latn: Cannot change mode to rwxr-xr-x: Operation not permitted
build	Cache Android SDK	2026-06-06T12:22:44.8931368Z /usr/bin/tar: ../../../../../usr/local/lib/android/sdk/platforms/android-35-ext14/data/res/values-as-watch: Cannot utime: Operation not permitted
build	Cache Android SDK	2026-06-06T12:22:44.8931818Z /usr/bin/tar: ../../../../../usr/local/lib/android/sdk/platforms/android-35-ext14/data/res/values-as-watch: Cannot change mode to rwxr-xr-x: Operation not permitted
build	Cache Android SDK	2026-06-06T12:22:44.8934401Z /usr/bin/tar: ../../../../../usr/local/lib/android/sdk/platforms/android-35-ext14/data/res/values-mcc310-mnc270-fa: Cannot utime: Operation not permitted
build	Cache Android SDK	2026-06-06T12:22:44.8934912Z /usr/bin/tar: ../../../../../usr/local/lib/android/sdk/platforms/android-35-ext14/data/res/values-mcc310-mnc270-fa: Cannot change mode to rwxr-xr-x: Operation not permitted
build	Cache Android SDK	2026-06-06T12:22:44.8938428Z /usr/bin/tar: ../../../../../usr/local/lib/android/sdk/platforms/android-35-ext14/data/res/values-mcc310-mnc410-ky: Cannot utime: Operation not permitted
build	Cache Android SDK	2026-06-06T12:22:44.8938924Z /usr/bin/tar: ../../../../../usr/local/lib/android/sdk/platforms/android-35-ext14/data/res/values-mcc310-mnc410-ky: Cannot change mode to rwxr-xr-x: Operation not permitted
build	Cache Android SDK	2026-06-06T12:22:44.8941052Z /usr/bin/tar: ../../../../../usr/local/lib/android/sdk/platforms/android-35-ext14/data/res/values-mcc310-mnc030-lt: Cannot utime: Operation not permitted
build	Cache Android SDK	2026-06-06T12:22:44.8941529Z /usr/bin/tar: ../../../../../usr/local/lib/android/sdk/platforms/android-35-ext14/data/res/values-mcc310-mnc030-lt: Cannot change mode to rwxr-xr-x: Operation not permitted
build	Cache Android SDK	2026-06-06T12:22:44.8944431Z /usr/bin/tar: ../../../../../usr/local/lib/android/sdk/platforms/android-35-ext14/data/res/values-mcc310-mnc030-my: Cannot utime: Operation not permitted
build	Cache Android SDK	2026-06-06T12:22:44.8944938Z /usr/bin/tar: ../../../../../usr/local/lib/android/sdk/platforms/android-35-ext14/data/res/values-mcc310-mnc030-my: Cannot change mode to rwxr-xr-x: Operation not permitted
build	Cache Android SDK	2026-06-06T12:22:44.8947275Z /usr/bin/tar: ../../../../../usr/local/lib/android/sdk/platforms/android-35-ext14/data/res/values-mcc310-mnc270-my: Cannot utime: Operation not permitted
build	Cache Android SDK	2026-06-06T12:22:44.8947911Z /usr/bin/tar: ../../../../../usr/local/lib/android/sdk/platforms/android-35-ext14/data/res/values-mcc310-mnc270-my: Cannot change mode to rwxr-xr-x: Operation not permitted
build	Cache Android SDK	2026-06-06T12:22:44.8950683Z /usr/bin/tar: ../../../../../usr/local/lib/android/sdk/platforms/android-35-ext14/data/res/values-hi-television: Cannot utime: Operation not permitted
build	Cache Android SDK	2026-06-06T12:22:44.8951170Z /usr/bin/tar: ../../../../../usr/local/lib/android/sdk/platforms/android-35-ext14/data/res/values-hi-television: Cannot change mode to rwxr-xr-x: Operation not permitted
build	Cache Android SDK	2026-06-06T12:22:44.8953654Z /usr/bin/tar: ../../../../../usr/local/lib/android/sdk/platforms/android-35-ext14/data/res/values-mcc312-mnc670-sr: Cannot utime: Operation not permitted
build	Cache Android SDK	2026-06-06T12:22:44.8954121Z /usr/bin/tar: ../../../../../usr/local/lib/android/sdk/platforms/android-35-ext14/data/res/values-mcc312-mnc670-sr: Cannot change mode to rwxr-xr-x: Operation not permitted
build	Cache Android SDK	2026-06-06T12:22:44.8956778Z /usr/bin/tar: ../../../../../usr/local/lib/android/sdk/platforms/android-35-ext14/data/res/values-mcc310-mnc270-zh-rHK: Cannot utime: Operation not permitted
build	Cache Android SDK	2026-06-06T12:22:44.8957279Z /usr/bin/tar: ../../../../../usr/local/lib/android/sdk/platforms/android-35-ext14/data/res/values-mcc310-mnc270-zh-rHK: Cannot change mode to rwxr-xr-x: Operation not permitted
build	Cache Android SDK	2026-06-06T12:22:44.8959981Z /usr/bin/tar: ../../../../../usr/local/lib/android/sdk/platforms/android-35-ext14/data/res/values-mcc310-mnc560-pt: Cannot utime: Operation not permitted
build	Cache Android SDK	2026-06-06T12:22:44.8960637Z /usr/bin/tar: ../../../../../usr/local/lib/android/sdk/platforms/android-35-ext14/data/res/values-mcc310-mnc560-pt: Cannot change mode to rwxr-xr-x: Operation not permitted
build	Cache Android SDK	2026-06-06T12:22:44.8963583Z /usr/bin/tar: ../../../../../usr/local/lib/android/sdk/platforms/android-35-ext14/data/res/values-mcc310-mnc160-pt-rPT: Cannot utime: Operation not permitted
build	Cache Android SDK	2026-06-06T12:22:44.8964085Z /usr/bin/tar: ../../../../../usr/local/lib/android/sdk/platforms/android-35-ext14/data/res/values-mcc310-mnc160-pt-rPT: Cannot change mode to rwxr-xr-x: Operation not permitted
build	Cache Android SDK	2026-06-06T12:22:44.8966227Z /usr/bin/tar: ../../../../../usr/local/lib/android/sdk/platforms/android-35-ext14/data/res/values-mcc310-mnc490-fa: Cannot utime: Operation not permitted
build	Cache Android SDK	2026-06-06T12:22:44.8966765Z /usr/bin/tar: ../../../../../usr/local/lib/android/sdk/platforms/android-35-ext14/data/res/values-mcc310-mnc490-fa: Cannot change mode to rwxr-xr-x: Operation not permitted
build	Cache Android SDK	2026-06-06T12:22:44.8968795Z /usr/bin/tar: ../../../../../usr/local/lib/android/sdk/platforms/android-35-ext14/data/res/values-mcc302-mnc370-sq: Cannot utime: Operation not permitted
build	Cache Android SDK	2026-06-06T12:22:44.8969271Z /usr/bin/tar: ../../../../../usr/local/lib/android/sdk/platforms/android-35-ext14/data/res/values-mcc302-mnc370-sq: Cannot change mode to rwxr-xr-x: Operation not permitted
build	Cache Android SDK	2026-06-06T12:22:44.8972025Z /usr/bin/tar: ../../../../../usr/local/lib/android/sdk/platforms/android-35-ext14/data/res/values-mcc310-mnc210-fr: Cannot utime: Operation not permitted
build	Cache Android SDK	2026-06-06T12:22:44.8972488Z /usr/bin/tar: ../../../../../usr/local/lib/android/sdk/platforms/android-35-ext14/data/res/values-mcc310-mnc210-fr: Cannot change mode to rwxr-xr-x: Operation not permitted
build	Cache Android SDK	2026-06-06T12:22:44.8974979Z /usr/bin/tar: ../../../../../usr/local/lib/android/sdk/platforms/android-35-ext14/data/res/values-mcc310-mnc030-sl: Cannot utime: Operation not permitted
build	Cache Android SDK	2026-06-06T12:22:44.8975462Z /usr/bin/tar: ../../../../../usr/local/lib/android/sdk/platforms/android-35-ext14/data/res/values-mcc310-mnc030-sl: Cannot change mode to rwxr-xr-x: Operation not permitted
build	Cache Android SDK	2026-06-06T12:22:44.8978502Z /usr/bin/tar: ../../../../../usr/local/lib/android/sdk/platforms/android-35-ext14/data/res/values-mcc310-mnc410-tr: Cannot utime: Operation not permitted
build	Cache Android SDK	2026-06-06T12:22:44.8979091Z /usr/bin/tar: ../../../../../usr/local/lib/android/sdk/platforms/android-35-ext14/data/res/values-mcc310-mnc410-tr: Cannot change mode to rwxr-xr-x: Operation not permitted
build	Cache Android SDK	2026-06-06T12:22:44.8981488Z /usr/bin/tar: ../../../../../usr/local/lib/android/sdk/platforms/android-35-ext14/data/res/values-mcc302-mnc720-kn: Cannot utime: Operation not permitted
build	Cache Android SDK	2026-06-06T12:22:44.8981972Z /usr/bin/tar: ../../../../../usr/local/lib/android/sdk/platforms/android-35-ext14/data/res/values-mcc302-mnc720-kn: Cannot change mode to rwxr-xr-x: Operation not permitted
build	Cache Android SDK	2026-06-06T12:22:44.8984577Z /usr/bin/tar: ../../../../../usr/local/lib/android/sdk/platforms/android-35-ext14/data/res/values-mcc001-mnc01-fr: Cannot utime: Operation not permitted
build	Cache Android SDK	2026-06-06T12:22:44.8985051Z /usr/bin/tar: ../../../../../usr/local/lib/android/sdk/platforms/android-35-ext14/data/res/values-mcc001-mnc01-fr: Cannot change mode to rwxr-xr-x: Operation not permitted
build	Cache Android SDK	2026-06-06T12:22:44.8987765Z /usr/bin/tar: ../../../../../usr/local/lib/android/sdk/platforms/android-35-ext14/data/res/values-mcc310-mnc490-sq: Cannot utime: Operation not permitted
build	Cache Android SDK	2026-06-06T12:22:44.8988239Z /usr/bin/tar: ../../../../../usr/local/lib/android/sdk/platforms/android-35-ext14/data/res/values-mcc310-mnc490-sq: Cannot change mode to rwxr-xr-x: Operation not permitted
build	Cache Android SDK	2026-06-06T12:22:44.8990777Z /usr/bin/tar: ../../../../../usr/local/lib/android/sdk/platforms/android-35-ext14/data/res/values-mcc310-mnc170-el: Cannot utime: Operation not permitted
build	Cache Android SDK	2026-06-06T12:22:44.8991255Z /usr/bin/tar: ../../../../../usr/local/lib/android/sdk/platforms/android-35-ext14/data/res/values-mcc310-mnc170-el: Cannot change mode to rwxr-xr-x: Operation not permitted
build	Cache Android SDK	2026-06-06T12:22:44.8993793Z /usr/bin/tar: ../../../../../usr/local/lib/android/sdk/platforms/android-35-ext14/data/res/values-mcc310-mnc030-fi: Cannot utime: Operation not permitted
build	Cache Android SDK	2026-06-06T12:22:44.8994260Z /usr/bin/tar: ../../../../../usr/local/lib/android/sdk/platforms/android-35-ext14/data/res/values-mcc310-mnc030-fi: Cannot change mode to rwxr-xr-x: Operation not permitted
build	Cache Android SDK	2026-06-06T12:22:44.8996807Z /usr/bin/tar: ../../../../../usr/local/lib/android/sdk/platforms/android-35-ext14/data/res/values-mcc310-mnc560-pt-rBR: Cannot utime: Operation not permitted
build	Cache Android SDK	2026-06-06T12:22:44.8997299Z /usr/bin/tar: ../../../../../usr/local/lib/android/sdk/platforms/android-35-ext14/data/res/values-mcc310-mnc560-pt-rBR: Cannot change mode to rwxr-xr-x: Operation not permitted
build	Cache Android SDK	2026-06-06T12:22:44.9000160Z /usr/bin/tar: ../../../../../usr/local/lib/android/sdk/platforms/android-35-ext14/data/res/values-mcc310-mnc230-fi: Cannot utime: Operation not permitted
build	Cache Android SDK	2026-06-06T12:22:44.9000642Z /usr/bin/tar: ../../../../../usr/local/lib/android/sdk/platforms/android-35-ext14/data/res/values-mcc310-mnc230-fi: Cannot change mode to rwxr-xr-x: Operation not permitted
build	Cache Android SDK	2026-06-06T12:22:44.9003459Z /usr/bin/tar: ../../../../../usr/local/lib/android/sdk/platforms/android-35-ext14/data/res/values-mcc310-mnc170-it: Cannot utime: Operation not permitted
build	Cache Android SDK	2026-06-06T12:22:44.9003973Z /usr/bin/tar: ../../../../../usr/local/lib/android/sdk/platforms/android-35-ext14/data/res/values-mcc310-mnc170-it: Cannot change mode to rwxr-xr-x: Operation not permitted
build	Cache Android SDK	2026-06-06T12:22:44.9011266Z /usr/bin/tar: ../../../../../usr/local/lib/android/sdk/platforms/android-35-ext14/data/res/values-as: Cannot utime: Operation not permitted
build	Cache Android SDK	2026-06-06T12:22:44.9011811Z /usr/bin/tar: ../../../../../usr/local/lib/android/sdk/platforms/android-35-ext14/data/res/values-as: Cannot change mode to rwxr-xr-x: Operation not permitted
build	Cache Android SDK	2026-06-06T12:22:44.9014235Z /usr/bin/tar: ../../../../../usr/local/lib/android/sdk/platforms/android-35-ext14/data/res/values-w320dp-h426dp: Cannot utime: Operation not permitted
build	Cache Android SDK	2026-06-06T12:22:44.9014764Z /usr/bin/tar: ../../../../../usr/local/lib/android/sdk/platforms/android-35-ext14/data/res/values-w320dp-h426dp: Cannot change mode to rwxr-xr-x: Operation not permitted
build	Cache Android SDK	2026-06-06T12:22:44.9017331Z /usr/bin/tar: ../../../../../usr/local/lib/android/sdk/platforms/android-35-ext14/data/res/values-mcc310-mnc270-bs: Cannot utime: Operation not permitted
build	Cache Android SDK	2026-06-06T12:22:44.9017949Z /usr/bin/tar: ../../../../../usr/local/lib/android/sdk/platforms/android-35-ext14/data/res/values-mcc310-mnc270-bs: Cannot change mode to rwxr-xr-x: Operation not permitted
build	Cache Android SDK	2026-06-06T12:22:44.9020383Z /usr/bin/tar: ../../../../../usr/local/lib/android/sdk/platforms/android-35-ext14/data/res/values-mcc310-mnc230-sr: Cannot utime: Operation not permitted
build	Cache Android SDK	2026-06-06T12:22:44.9020851Z /usr/bin/tar: ../../../../../usr/local/lib/android/sdk/platforms/android-35-ext14/data/res/values-mcc310-mnc230-sr: Cannot change mode to rwxr-xr-x: Operation not permitted
build	Cache Android SDK	2026-06-06T12:22:44.9023263Z /usr/bin/tar: ../../../../../usr/local/lib/android/sdk/platforms/android-35-ext14/data/res/values-mcc313-mnc100-si: Cannot utime: Operation not permitted
build	Cache Android SDK	2026-06-06T12:22:44.9023877Z /usr/bin/tar: ../../../../../usr/local/lib/android/sdk/platforms/android-35-ext14/data/res/values-mcc313-mnc100-si: Cannot change mode to rwxr-xr-x: Operation not permitted
build	Cache Android SDK	2026-06-06T12:22:44.9030192Z /usr/bin/tar: ../../../../../usr/local/lib/android/sdk/platforms/android-35-ext14/data/res/values-bs: Cannot utime: Operation not permitted
build	Cache Android SDK	2026-06-06T12:22:44.9030628Z /usr/bin/tar: ../../../../../usr/local/lib/android/sdk/platforms/android-35-ext14/data/res/values-bs: Cannot change mode to rwxr-xr-x: Operation not permitted
build	Cache Android SDK	2026-06-06T12:22:44.9033322Z /usr/bin/tar: ../../../../../usr/local/lib/android/sdk/platforms/android-35-ext14/data/res/values-mcc310-mnc230-pt-rPT: Cannot utime: Operation not permitted
build	Cache Android SDK	2026-06-06T12:22:44.9034127Z /usr/bin/tar: ../../../../../usr/local/lib/android/sdk/platforms/android-35-ext14/data/res/values-mcc310-mnc230-pt-rPT: Cannot change mode to rwxr-xr-x: Operation not permitted
build	Cache Android SDK	2026-06-06T12:22:44.9036671Z /usr/bin/tar: ../../../../../usr/local/lib/android/sdk/platforms/android-35-ext14/data/res/values-mcc310-mnc170-zh-rCN: Cannot utime: Operation not permitted
build	Cache Android SDK	2026-06-06T12:22:44.9037298Z /usr/bin/tar: ../../../../../usr/local/lib/android/sdk/platforms/android-35-ext14/data/res/values-mcc310-mnc170-zh-rCN: Cannot change mode to rwxr-xr-x: Operation not permitted
build	Cache Android SDK	2026-06-06T12:22:44.9040110Z /usr/bin/tar: ../../../../../usr/local/lib/android/sdk/platforms/android-35-ext14/data/res/values-mcc313-mnc100-lo: Cannot utime: Operation not permitted
build	Cache Android SDK	2026-06-06T12:22:44.9040580Z /usr/bin/tar: ../../../../../usr/local/lib/android/sdk/platforms/android-35-ext14/data/res/values-mcc313-mnc100-lo: Cannot change mode to rwxr-xr-x: Operation not permitted
build	Cache Android SDK	2026-06-06T12:22:44.9043431Z /usr/bin/tar: ../../../../../usr/local/lib/android/sdk/platforms/android-35-ext14/data/res/values-mcc302-mnc370-th: Cannot utime: Operation not permitted
build	Cache Android SDK	2026-06-06T12:22:44.9043904Z /usr/bin/tar: ../../../../../usr/local/lib/android/sdk/platforms/android-35-ext14/data/res/values-mcc302-mnc370-th: Cannot change mode to rwxr-xr-x: Operation not permitted
build	Cache Android SDK	2026-06-06T12:22:44.9047114Z /usr/bin/tar: ../../../../../usr/local/lib/android/sdk/platforms/android-35-ext14/data/res/values-mcc310-mnc160-si: Cannot utime: Operation not permitted
build	Cache Android SDK	2026-06-06T12:22:44.9048040Z /usr/bin/tar: ../../../../../usr/local/lib/android/sdk/platforms/android-35-ext14/data/res/values-mcc310-mnc160-si: Cannot change mode to rwxr-xr-x: Operation not permitted
build	Cache Android SDK	2026-06-06T12:22:44.9050628Z /usr/bin/tar: ../../../../../usr/local/lib/android/sdk/platforms/android-35-ext14/data/res/values-mcc311-mnc180-or: Cannot utime: Operation not permitted
build	Cache Android SDK	2026-06-06T12:22:44.9051099Z /usr/bin/tar: ../../../../../usr/local/lib/android/sdk/platforms/android-35-ext14/data/res/values-mcc311-mnc180-or: Cannot change mode to rwxr-xr-x: Operation not permitted
build	Cache Android SDK	2026-06-06T12:22:44.9054094Z /usr/bin/tar: ../../../../../usr/local/lib/android/sdk/platforms/android-35-ext14/data/res/values-mcc312-mnc670-hu: Cannot utime: Operation not permitted
build	Cache Android SDK	2026-06-06T12:22:44.9054581Z /usr/bin/tar: ../../../../../usr/local/lib/android/sdk/platforms/android-35-ext14/data/res/values-mcc312-mnc670-hu: Cannot change mode to rwxr-xr-x: Operation not permitted
build	Cache Android SDK	2026-06-06T12:22:44.9060131Z /usr/bin/tar: ../../../../../usr/local/lib/android/sdk/platforms/android-35-ext14/data/res/values-mcc302-mnc720-ml: Cannot utime: Operation not permitted
build	Cache Android SDK	2026-06-06T12:22:44.9060613Z /usr/bin/tar: ../../../../../usr/local/lib/android/sdk/platforms/android-35-ext14/data/res/values-mcc302-mnc720-ml: Cannot change mode to rwxr-xr-x: Operation not permitted
build	Cache Android SDK	2026-06-06T12:22:44.9063212Z /usr/bin/tar: ../../../../../usr/local/lib/android/sdk/platforms/android-35-ext14/data/res/values-mcc310-mnc410-pt: Cannot utime: Operation not permitted
build	Cache Android SDK	2026-06-06T12:22:44.9063704Z /usr/bin/tar: ../../../../../usr/local/lib/android/sdk/platforms/android-35-ext14/data/res/values-mcc310-mnc410-pt: Cannot change mode to rwxr-xr-x: Operation not permitted
build	Cache Android SDK	2026-06-06T12:22:44.9066735Z /usr/bin/tar: ../../../../../usr/local/lib/android/sdk/platforms/android-35-ext14/data/res/values-mcc313-mnc100-zu: Cannot utime: Operation not permitted
build	Cache Android SDK	2026-06-06T12:22:44.9067278Z /usr/bin/tar: ../../../../../usr/local/lib/android/sdk/platforms/android-35-ext14/data/res/values-mcc313-mnc100-zu: Cannot change mode to rwxr-xr-x: Operation not permitted
build	Cache Android SDK	2026-06-06T12:22:44.9069636Z /usr/bin/tar: ../../../../../usr/local/lib/android/sdk/platforms/android-35-ext14/data/res/values-mcc310-mnc560-ca: Cannot utime: Operation not permitted
build	Cache Android SDK	2026-06-06T12:22:44.9070108Z /usr/bin/tar: ../../../../../usr/local/lib/android/sdk/platforms/android-35-ext14/data/res/values-mcc310-mnc560-ca: Cannot change mode to rwxr-xr-x: Operation not permitted
build	Cache Android SDK	2026-06-06T12:22:44.9073359Z /usr/bin/tar: ../../../../../usr/local/lib/android/sdk/platforms/android-35-ext14/data/res/values-bg-watch: Cannot utime: Operation not permitted
build	Cache Android SDK	2026-06-06T12:22:44.9073964Z /usr/bin/tar: ../../../../../usr/local/lib/android/sdk/platforms/android-35-ext14/data/res/values-bg-watch: Cannot change mode to rwxr-xr-x: Operation not permitted
build	Cache Android SDK	2026-06-06T12:22:44.9368309Z /usr/bin/tar: ../../../../../usr/local/lib/android/sdk/platforms/android-35-ext14/data/res/drawable: Cannot utime: Operation not permitted
build	Cache Android SDK	2026-06-06T12:22:44.9368769Z /usr/bin/tar: ../../../../../usr/local/lib/android/sdk/platforms/android-35-ext14/data/res/drawable: Cannot change mode to rwxr-xr-x: Operation not permitted
build	Cache Android SDK	2026-06-06T12:22:44.9371102Z /usr/bin/tar: ../../../../../usr/local/lib/android/sdk/platforms/android-35-ext14/data/res/values-mcc310-mnc280-te: Cannot utime: Operation not permitted
build	Cache Android SDK	2026-06-06T12:22:44.9371641Z /usr/bin/tar: ../../../../../usr/local/lib/android/sdk/platforms/android-35-ext14/data/res/values-mcc310-mnc280-te: Cannot change mode to rwxr-xr-x: Operation not permitted
build	Cache Android SDK	2026-06-06T12:22:44.9374883Z /usr/bin/tar: ../../../../../usr/local/lib/android/sdk/platforms/android-35-ext14/data/res/values-mcc312-mnc670-lo: Cannot utime: Operation not permitted
build	Cache Android SDK	2026-06-06T12:22:44.9375362Z /usr/bin/tar: ../../../../../usr/local/lib/android/sdk/platforms/android-35-ext14/data/res/values-mcc312-mnc670-lo: Cannot change mode to rwxr-xr-x: Operation not permitted
build	Cache Android SDK	2026-06-06T12:22:44.9378284Z /usr/bin/tar: ../../../../../usr/local/lib/android/sdk/platforms/android-35-ext14/data/res/values-mcc310-mnc210-ro: Cannot utime: Operation not permitted
build	Cache Android SDK	2026-06-06T12:22:44.9378743Z /usr/bin/tar: ../../../../../usr/local/lib/android/sdk/platforms/android-35-ext14/data/res/values-mcc310-mnc210-ro: Cannot change mode to rwxr-xr-x: Operation not permitted
build	Cache Android SDK	2026-06-06T12:22:44.9381475Z /usr/bin/tar: ../../../../../usr/local/lib/android/sdk/platforms/android-35-ext14/data/res/values-mcc302-mnc720-be: Cannot utime: Operation not permitted
build	Cache Android SDK	2026-06-06T12:22:44.9381945Z /usr/bin/tar: ../../../../../usr/local/lib/android/sdk/platforms/android-35-ext14/data/res/values-mcc302-mnc720-be: Cannot change mode to rwxr-xr-x: Operation not permitted
build	Cache Android SDK	2026-06-06T12:22:44.9385454Z /usr/bin/tar: ../../../../../usr/local/lib/android/sdk/platforms/android-35-ext14/data/res/values-ne-television: Cannot utime: Operation not permitted
build	Cache Android SDK	2026-06-06T12:22:44.9385919Z /usr/bin/tar: ../../../../../usr/local/lib/android/sdk/platforms/android-35-ext14/data/res/values-ne-television: Cannot change mode to rwxr-xr-x: Operation not permitted
build	Cache Android SDK	2026-06-06T12:22:44.9389111Z /usr/bin/tar: ../../../../../usr/local/lib/android/sdk/platforms/android-35-ext14/data/res/values-mcc310-mnc660-ms: Cannot utime: Operation not permitted
build	Cache Android SDK	2026-06-06T12:22:44.9389574Z /usr/bin/tar: ../../../../../usr/local/lib/android/sdk/platforms/android-35-ext14/data/res/values-mcc310-mnc660-ms: Cannot change mode to rwxr-xr-x: Operation not permitted
build	Cache Android SDK	2026-06-06T12:22:44.9393850Z /usr/bin/tar: ../../../../../usr/local/lib/android/sdk/platforms/android-35-ext14/data/res/values-mcc310-mnc490-hy: Cannot utime: Operation not permitted
build	Cache Android SDK	2026-06-06T12:22:44.9394516Z /usr/bin/tar: ../../../../../usr/local/lib/android/sdk/platforms/android-35-ext14/data/res/values-mcc310-mnc490-hy: Cannot change mode to rwxr-xr-x: Operation not permitted
build	Cache Android SDK	2026-06-06T12:22:44.9396859Z /usr/bin/tar: ../../../../../usr/local/lib/android/sdk/platforms/android-35-ext14/data/res/values-mcc311-mnc180-as: Cannot utime: Operation not permitted
build	Cache Android SDK	2026-06-06T12:22:44.9397499Z /usr/bin/tar: ../../../../../usr/local/lib/android/sdk/platforms/android-35-ext14/data/res/values-mcc311-mnc180-as: Cannot change mode to rwxr-xr-x: Operation not permitted
build	Cache Android SDK	2026-06-06T12:22:44.9399651Z /usr/bin/tar: ../../../../../usr/local/lib/android/sdk/platforms/android-35-ext14/data/res/values-zh-rHK-watch: Cannot utime: Operation not permitted
build	Cache Android SDK	2026-06-06T12:22:44.9400135Z /usr/bin/tar: ../../../../../usr/local/lib/android/sdk/platforms/android-35-ext14/data/res/values-zh-rHK-watch: Cannot change mode to rwxr-xr-x: Operation not permitted
build	Cache Android SDK	2026-06-06T12:22:44.9403288Z /usr/bin/tar: ../../../../../usr/local/lib/android/sdk/platforms/android-35-ext14/data/res/values-mcc310-mnc560-tl: Cannot utime: Operation not permitted
build	Cache Android SDK	2026-06-06T12:22:44.9403770Z /usr/bin/tar: ../../../../../usr/local/lib/android/sdk/platforms/android-35-ext14/data/res/values-mcc310-mnc560-tl: Cannot change mode to rwxr-xr-x: Operation not permitted
build	Cache Android SDK	2026-06-06T12:22:44.9406515Z /usr/bin/tar: ../../../../../usr/local/lib/android/sdk/platforms/android-35-ext14/data/res/values-mcc310-mnc210-es-rUS: Cannot utime: Operation not permitted
build	Cache Android SDK	2026-06-06T12:22:44.9407014Z /usr/bin/tar: ../../../../../usr/local/lib/android/sdk/platforms/android-35-ext14/data/res/values-mcc310-mnc210-es-rUS: Cannot change mode to rwxr-xr-x: Operation not permitted
build	Cache Android SDK	2026-06-06T12:22:44.9410659Z /usr/bin/tar: ../../../../../usr/local/lib/android/sdk/platforms/android-35-ext14/data/res/values-mcc312-mnc670-b+sr+Latn: Cannot utime: Operation not permitted
build	Cache Android SDK	2026-06-06T12:22:44.9411198Z /usr/bin/tar: ../../../../../usr/local/lib/android/sdk/platforms/android-35-ext14/data/res/values-mcc312-mnc670-b+sr+Latn: Cannot change mode to rwxr-xr-x: Operation not permitted
build	Cache Android SDK	2026-06-06T12:22:44.9414205Z /usr/bin/tar: ../../../../../usr/local/lib/android/sdk/platforms/android-35-ext14/data/res/values-mcc310-mnc210-tr: Cannot utime: Operation not permitted
build	Cache Android SDK	2026-06-06T12:22:44.9414690Z /usr/bin/tar: ../../../../../usr/local/lib/android/sdk/platforms/android-35-ext14/data/res/values-mcc310-mnc210-tr: Cannot change mode to rwxr-xr-x: Operation not permitted
build	Cache Android SDK	2026-06-06T12:22:44.9417673Z /usr/bin/tar: ../../../../../usr/local/lib/android/sdk/platforms/android-35-ext14/data/res/values-mcc302-mnc720-iw: Cannot utime: Operation not permitted
build	Cache Android SDK	2026-06-06T12:22:44.9418158Z /usr/bin/tar: ../../../../../usr/local/lib/android/sdk/platforms/android-35-ext14/data/res/values-mcc302-mnc720-iw: Cannot change mode to rwxr-xr-x: Operation not permitted
build	Cache Android SDK	2026-06-06T12:22:44.9421110Z /usr/bin/tar: ../../../../../usr/local/lib/android/sdk/platforms/android-35-ext14/data/res/values-mcc310-mnc230-eu: Cannot utime: Operation not permitted
build	Cache Android SDK	2026-06-06T12:22:44.9421604Z /usr/bin/tar: ../../../../../usr/local/lib/android/sdk/platforms/android-35-ext14/data/res/values-mcc310-mnc230-eu: Cannot change mode to rwxr-xr-x: Operation not permitted
build	Cache Android SDK	2026-06-06T12:22:44.9424609Z /usr/bin/tar: ../../../../../usr/local/lib/android/sdk/platforms/android-35-ext14/data/res/values-mcc310-mnc160-ar: Cannot utime: Operation not permitted
build	Cache Android SDK	2026-06-06T12:22:44.9425089Z /usr/bin/tar: ../../../../../usr/local/lib/android/sdk/platforms/android-35-ext14/data/res/values-mcc310-mnc160-ar: Cannot change mode to rwxr-xr-x: Operation not permitted
build	Cache Android SDK	2026-06-06T12:22:44.9428026Z /usr/bin/tar: ../../../../../usr/local/lib/android/sdk/platforms/android-35-ext14/data/res/values-cs-watch: Cannot utime: Operation not permitted
build	Cache Android SDK	2026-06-06T12:22:44.9428480Z /usr/bin/tar: ../../../../../usr/local/lib/android/sdk/platforms/android-35-ext14/data/res/values-cs-watch: Cannot change mode to rwxr-xr-x: Operation not permitted
build	Cache Android SDK	2026-06-06T12:22:44.9430874Z /usr/bin/tar: ../../../../../usr/local/lib/android/sdk/platforms/android-35-ext14/data/res/values-mcc302-mnc720-en-rCA: Cannot utime: Operation not permitted
build	Cache Android SDK	2026-06-06T12:22:44.9431527Z /usr/bin/tar: ../../../../../usr/local/lib/android/sdk/platforms/android-35-ext14/data/res/values-mcc302-mnc720-en-rCA: Cannot change mode to rwxr-xr-x: Operation not permitted
build	Cache Android SDK	2026-06-06T12:22:44.9439981Z /usr/bin/tar: ../../../../../usr/local/lib/android/sdk/platforms/android-35-ext14/data/res/values-ml: Cannot utime: Operation not permitted
build	Cache Android SDK	2026-06-06T12:22:44.9440515Z /usr/bin/tar: ../../../../../usr/local/lib/android/sdk/platforms/android-35-ext14/data/res/values-ml: Cannot change mode to rwxr-xr-x: Operation not permitted
build	Cache Android SDK	2026-06-06T12:22:44.9443652Z /usr/bin/tar: ../../../../../usr/local/lib/android/sdk/platforms/android-35-ext14/data/res/values-mcc310-mnc150-my: Cannot utime: Operation not permitted
build	Cache Android SDK	2026-06-06T12:22:44.9444148Z /usr/bin/tar: ../../../../../usr/local/lib/android/sdk/platforms/android-35-ext14/data/res/values-mcc310-mnc150-my: Cannot change mode to rwxr-xr-x: Operation not permitted
build	Cache Android SDK	2026-06-06T12:22:44.9451888Z /usr/bin/tar: ../../../../../usr/local/lib/android/sdk/platforms/android-35-ext14/data/res/values-pt-rBR-television: Cannot utime: Operation not permitted
build	Cache Android SDK	2026-06-06T12:22:44.9452511Z /usr/bin/tar: ../../../../../usr/local/lib/android/sdk/platforms/android-35-ext14/data/res/values-pt-rBR-television: Cannot change mode to rwxr-xr-x: Operation not permitted
build	Cache Android SDK	2026-06-06T12:22:44.9455106Z /usr/bin/tar: ../../../../../usr/local/lib/android/sdk/platforms/android-35-ext14/data/res/values-mcc310-mnc030-af: Cannot utime: Operation not permitted
build	Cache Android SDK	2026-06-06T12:22:44.9455693Z /usr/bin/tar: ../../../../../usr/local/lib/android/sdk/platforms/android-35-ext14/data/res/values-mcc310-mnc030-af: Cannot change mode to rwxr-xr-x: Operation not permitted
build	Cache Android SDK	2026-06-06T12:22:44.9458085Z /usr/bin/tar: ../../../../../usr/local/lib/android/sdk/platforms/android-35-ext14/data/res/values-mcc310-mnc280-ar: Cannot utime: Operation not permitted
build	Cache Android SDK	2026-06-06T12:22:44.9458666Z /usr/bin/tar: ../../../../../usr/local/lib/android/sdk/platforms/android-35-ext14/data/res/values-mcc310-mnc280-ar: Cannot change mode to rwxr-xr-x: Operation not permitted
build	Cache Android SDK	2026-06-06T12:22:44.9461336Z /usr/bin/tar: ../../../../../usr/local/lib/android/sdk/platforms/android-35-ext14/data/res/values-mcc310-mnc160-bg: Cannot utime: Operation not permitted
build	Cache Android SDK	2026-06-06T12:22:44.9461805Z /usr/bin/tar: ../../../../../usr/local/lib/android/sdk/platforms/android-35-ext14/data/res/values-mcc310-mnc160-bg: Cannot change mode to rwxr-xr-x: Operation not permitted
build	Cache Android SDK	2026-06-06T12:22:44.9464044Z /usr/bin/tar: ../../../../../usr/local/lib/android/sdk/platforms/android-35-ext14/data/res/values-ml-watch: Cannot utime: Operation not permitted
build	Cache Android SDK	2026-06-06T12:22:44.9464497Z /usr/bin/tar: ../../../../../usr/local/lib/android/sdk/platforms/android-35-ext14/data/res/values-ml-watch: Cannot change mode to rwxr-xr-x: Operation not permitted
build	Cache Android SDK	2026-06-06T12:22:44.9467011Z /usr/bin/tar: ../../../../../usr/local/lib/android/sdk/platforms/android-35-ext14/data/res/values-mcc310-mnc210-ur: Cannot utime: Operation not permitted
build	Cache Android SDK	2026-06-06T12:22:44.9467686Z /usr/bin/tar: ../../../../../usr/local/lib/android/sdk/platforms/android-35-ext14/data/res/values-mcc310-mnc210-ur: Cannot change mode to rwxr-xr-x: Operation not permitted
build	Cache Android SDK	2026-06-06T12:22:44.9470075Z /usr/bin/tar: ../../../../../usr/local/lib/android/sdk/platforms/android-35-ext14/data/res/values-mcc310-mnc240-hr: Cannot utime: Operation not permitted
build	Cache Android SDK	2026-06-06T12:22:44.9470536Z /usr/bin/tar: ../../../../../usr/local/lib/android/sdk/platforms/android-35-ext14/data/res/values-mcc310-mnc240-hr: Cannot change mode to rwxr-xr-x: Operation not permitted
build	Cache Android SDK	2026-06-06T12:22:44.9473065Z /usr/bin/tar: ../../../../../usr/local/lib/android/sdk/platforms/android-35-ext14/data/res/values-mcc310-mnc160-en-rGB: Cannot utime: Operation not permitted
build	Cache Android SDK	2026-06-06T12:22:44.9473554Z /usr/bin/tar: ../../../../../usr/local/lib/android/sdk/platforms/android-35-ext14/data/res/values-mcc310-mnc160-en-rGB: Cannot change mode to rwxr-xr-x: Operation not permitted
build	Cache Android SDK	2026-06-06T12:22:44.9475988Z /usr/bin/tar: ../../../../../usr/local/lib/android/sdk/platforms/android-35-ext14/data/res/values-fr-rCA-watch: Cannot utime: Operation not permitted
build	Cache Android SDK	2026-06-06T12:22:44.9476649Z /usr/bin/tar: ../../../../../usr/local/lib/android/sdk/platforms/android-35-ext14/data/res/values-fr-rCA-watch: Cannot change mode to rwxr-xr-x: Operation not permitted
build	Cache Android SDK	2026-06-06T12:22:44.9479095Z /usr/bin/tar: ../../../../../usr/local/lib/android/sdk/platforms/android-35-ext14/data/res/values-mcc310-mnc560-es-rUS: Cannot utime: Operation not permitted
build	Cache Android SDK	2026-06-06T12:22:44.9479578Z /usr/bin/tar: ../../../../../usr/local/lib/android/sdk/platforms/android-35-ext14/data/res/values-mcc310-mnc560-es-rUS: Cannot change mode to rwxr-xr-x: Operation not permitted
build	Cache Android SDK	2026-06-06T12:22:44.9481920Z /usr/bin/tar: ../../../../../usr/local/lib/android/sdk/platforms/android-35-ext14/data/res/values-mcc310-mnc300: Cannot utime: Operation not permitted
build	Cache Android SDK	2026-06-06T12:22:44.9482548Z /usr/bin/tar: ../../../../../usr/local/lib/android/sdk/platforms/android-35-ext14/data/res/values-mcc310-mnc300: Cannot change mode to rwxr-xr-x: Operation not permitted
build	Cache Android SDK	2026-06-06T12:22:44.9485062Z /usr/bin/tar: ../../../../../usr/local/lib/android/sdk/platforms/android-35-ext14/data/res/values-mcc310-mnc310-gu: Cannot utime: Operation not permitted
build	Cache Android SDK	2026-06-06T12:22:44.9485534Z /usr/bin/tar: ../../../../../usr/local/lib/android/sdk/platforms/android-35-ext14/data/res/values-mcc310-mnc310-gu: Cannot change mode to rwxr-xr-x: Operation not permitted
build	Cache Android SDK	2026-06-06T12:22:44.9488102Z /usr/bin/tar: ../../../../../usr/local/lib/android/sdk/platforms/android-35-ext14/data/res/values-mcc310-mnc560-en-rIN: Cannot utime: Operation not permitted
build	Cache Android SDK	2026-06-06T12:22:44.9488756Z /usr/bin/tar: ../../../../../usr/local/lib/android/sdk/platforms/android-35-ext14/data/res/values-mcc310-mnc560-en-rIN: Cannot change mode to rwxr-xr-x: Operation not permitted
build	Cache Android SDK	2026-06-06T12:22:44.9491473Z /usr/bin/tar: ../../../../../usr/local/lib/android/sdk/platforms/android-35-ext14/data/res/values-mcc310-mnc280-da: Cannot utime: Operation not permitted
build	Cache Android SDK	2026-06-06T12:22:44.9491950Z /usr/bin/tar: ../../../../../usr/local/lib/android/sdk/platforms/android-35-ext14/data/res/values-mcc310-mnc280-da: Cannot change mode to rwxr-xr-x: Operation not permitted
build	Cache Android SDK	2026-06-06T12:22:44.9494552Z /usr/bin/tar: ../../../../../usr/local/lib/android/sdk/platforms/android-35-ext14/data/res/values-mcc311-mnc180-fr: Cannot utime: Operation not permitted
build	Cache Android SDK	2026-06-06T12:22:44.9495028Z /usr/bin/tar: ../../../../../usr/local/lib/android/sdk/platforms/android-35-ext14/data/res/values-mcc311-mnc180-fr: Cannot change mode to rwxr-xr-x: Operation not permitted
build	Cache Android SDK	2026-06-06T12:22:44.9497614Z /usr/bin/tar: ../../../../../usr/local/lib/android/sdk/platforms/android-35-ext14/data/res/values-mcc310-mnc310-ms: Cannot utime: Operation not permitted
build	Cache Android SDK	2026-06-06T12:22:44.9498104Z /usr/bin/tar: ../../../../../usr/local/lib/android/sdk/platforms/android-35-ext14/data/res/values-mcc310-mnc310-ms: Cannot change mode to rwxr-xr-x: Operation not permitted
build	Cache Android SDK	2026-06-06T12:22:44.9500745Z /usr/bin/tar: ../../../../../usr/local/lib/android/sdk/platforms/android-35-ext14/data/res/values-mcc310-mnc170-te: Cannot utime: Operation not permitted
build	Cache Android SDK	2026-06-06T12:22:44.9501212Z /usr/bin/tar: ../../../../../usr/local/lib/android/sdk/platforms/android-35-ext14/data/res/values-mcc310-mnc170-te: Cannot change mode to rwxr-xr-x: Operation not permitted
build	Cache Android SDK	2026-06-06T12:22:44.9504171Z /usr/bin/tar: ../../../../../usr/local/lib/android/sdk/platforms/android-35-ext14/data/res/values-mcc001-mnc01-te: Cannot utime: Operation not permitted
build	Cache Android SDK	2026-06-06T12:22:44.9504645Z /usr/bin/tar: ../../../../../usr/local/lib/android/sdk/platforms/android-35-ext14/data/res/values-mcc001-mnc01-te: Cannot change mode to rwxr-xr-x: Operation not permitted
build	Cache Android SDK	2026-06-06T12:22:44.9507139Z /usr/bin/tar: ../../../../../usr/local/lib/android/sdk/platforms/android-35-ext14/data/res/values-mcc310-mnc310-mr: Cannot utime: Operation not permitted
build	Cache Android SDK	2026-06-06T12:22:44.9510332Z /usr/bin/tar: ../../../../../usr/local/lib/android/sdk/platforms/android-35-ext14/data/res/values-mcc310-mnc310-mr: Cannot change mode to rwxr-xr-x: Operation not permitted
build	Cache Android SDK	2026-06-06T12:22:44.9510898Z /usr/bin/tar: ../../../../../usr/local/lib/android/sdk/platforms/android-35-ext14/data/res/values-mcc310-mnc660-tr: Cannot utime: Operation not permitted
build	Cache Android SDK	2026-06-06T12:22:44.9511440Z /usr/bin/tar: ../../../../../usr/local/lib/android/sdk/platforms/android-35-ext14/data/res/values-mcc310-mnc660-tr: Cannot change mode to rwxr-xr-x: Operation not permitted
build	Cache Android SDK	2026-06-06T12:22:44.9514239Z /usr/bin/tar: ../../../../../usr/local/lib/android/sdk/platforms/android-35-ext14/data/res/values-mcc302-mnc370-iw: Cannot utime: Operation not permitted
build	Cache Android SDK	2026-06-06T12:22:44.9514783Z /usr/bin/tar: ../../../../../usr/local/lib/android/sdk/platforms/android-35-ext14/data/res/values-mcc302-mnc370-iw: Cannot change mode to rwxr-xr-x: Operation not permitted
build	Cache Android SDK	2026-06-06T12:22:44.9517974Z /usr/bin/tar: ../../../../../usr/local/lib/android/sdk/platforms/android-35-ext14/data/res/values-mcc334-mnc020-tr: Cannot utime: Operation not permitted
build	Cache Android SDK	2026-06-06T12:22:44.9518539Z /usr/bin/tar: ../../../../../usr/local/lib/android/sdk/platforms/android-35-ext14/data/res/values-mcc334-mnc020-tr: Cannot change mode to rwxr-xr-x: Operation not permitted
build	Cache Android SDK	2026-06-06T12:22:44.9520978Z /usr/bin/tar: ../../../../../usr/local/lib/android/sdk/platforms/android-35-ext14/data/res/values-mcc310-mnc030-in: Cannot utime: Operation not permitted
build	Cache Android SDK	2026-06-06T12:22:44.9521483Z /usr/bin/tar: ../../../../../usr/local/lib/android/sdk/platforms/android-35-ext14/data/res/values-mcc310-mnc030-in: Cannot change mode to rwxr-xr-x: Operation not permitted
build	Cache Android SDK	2026-06-06T12:22:44.9524283Z /usr/bin/tar: ../../../../../usr/local/lib/android/sdk/platforms/android-35-ext14/data/res/values-mcc310-mnc310-ne: Cannot utime: Operation not permitted
build	Cache Android SDK	2026-06-06T12:22:44.9524792Z /usr/bin/tar: ../../../../../usr/local/lib/android/sdk/platforms/android-35-ext14/data/res/values-mcc310-mnc310-ne: Cannot change mode to rwxr-xr-x: Operation not permitted
build	Cache Android SDK	2026-06-06T12:22:44.9527866Z /usr/bin/tar: ../../../../../usr/local/lib/android/sdk/platforms/android-35-ext14/data/res/values-mcc310-mnc240-de: Cannot utime: Operation not permitted
build	Cache Android SDK	2026-06-06T12:22:44.9528369Z /usr/bin/tar: ../../../../../usr/local/lib/android/sdk/platforms/android-35-ext14/data/res/values-mcc310-mnc240-de: Cannot change mode to rwxr-xr-x: Operation not permitted
build	Cache Android SDK	2026-06-06T12:22:44.9531363Z /usr/bin/tar: ../../../../../usr/local/lib/android/sdk/platforms/android-35-ext14/data/res/values-mcc310-mnc490-bn: Cannot utime: Operation not permitted
build	Cache Android SDK	2026-06-06T12:22:44.9531842Z /usr/bin/tar: ../../../../../usr/local/lib/android/sdk/platforms/android-35-ext14/data/res/values-mcc310-mnc490-bn: Cannot change mode to rwxr-xr-x: Operation not permitted
build	Cache Android SDK	2026-06-06T12:22:44.9533951Z /usr/bin/tar: ../../../../../usr/local/lib/android/sdk/platforms/android-35-ext14/data/res/values-mcc310-mnc280-sq: Cannot utime: Operation not permitted
build	Cache Android SDK	2026-06-06T12:22:44.9534443Z /usr/bin/tar: ../../../../../usr/local/lib/android/sdk/platforms/android-35-ext14/data/res/values-mcc310-mnc280-sq: Cannot change mode to rwxr-xr-x: Operation not permitted
build	Cache Android SDK	2026-06-06T12:22:44.9538054Z /usr/bin/tar: ../../../../../usr/local/lib/android/sdk/platforms/android-35-ext14/data/res/values-mcc310-mnc380-si: Cannot utime: Operation not permitted
build	Cache Android SDK	2026-06-06T12:22:44.9538537Z /usr/bin/tar: ../../../../../usr/local/lib/android/sdk/platforms/android-35-ext14/data/res/values-mcc310-mnc380-si: Cannot change mode to rwxr-xr-x: Operation not permitted
build	Cache Android SDK	2026-06-06T12:22:44.9541028Z /usr/bin/tar: ../../../../../usr/local/lib/android/sdk/platforms/android-35-ext14/data/res/values-mcc313-mnc100-zh-rTW: Cannot utime: Operation not permitted
build	Cache Android SDK	2026-06-06T12:22:44.9541534Z /usr/bin/tar: ../../../../../usr/local/lib/android/sdk/platforms/android-35-ext14/data/res/values-mcc313-mnc100-zh-rTW: Cannot change mode to rwxr-xr-x: Operation not permitted
build	Cache Android SDK	2026-06-06T12:22:44.9544285Z /usr/bin/tar: ../../../../../usr/local/lib/android/sdk/platforms/android-35-ext14/data/res/values-mcc310-mnc250-pt-rBR: Cannot utime: Operation not permitted
build	Cache Android SDK	2026-06-06T12:22:44.9544998Z /usr/bin/tar: ../../../../../usr/local/lib/android/sdk/platforms/android-35-ext14/data/res/values-mcc310-mnc250-pt-rBR: Cannot change mode to rwxr-xr-x: Operation not permitted
build	Cache Android SDK	2026-06-06T12:22:44.9547787Z /usr/bin/tar: ../../../../../usr/local/lib/android/sdk/platforms/android-35-ext14/data/res/values-mcc310-mnc310-kn: Cannot utime: Operation not permitted
build	Cache Android SDK	2026-06-06T12:22:44.9548258Z /usr/bin/tar: ../../../../../usr/local/lib/android/sdk/platforms/android-35-ext14/data/res/values-mcc310-mnc310-kn: Cannot change mode to rwxr-xr-x: Operation not permitted
build	Cache Android SDK	2026-06-06T12:22:44.9550689Z /usr/bin/tar: ../../../../../usr/local/lib/android/sdk/platforms/android-35-ext14/data/res/values-mcc310-mnc230-sk: Cannot utime: Operation not permitted
build	Cache Android SDK	2026-06-06T12:22:44.9551269Z /usr/bin/tar: ../../../../../usr/local/lib/android/sdk/platforms/android-35-ext14/data/res/values-mcc310-mnc230-sk: Cannot change mode to rwxr-xr-x: Operation not permitted
build	Cache Android SDK	2026-06-06T12:22:44.9554056Z /usr/bin/tar: ../../../../../usr/local/lib/android/sdk/platforms/android-35-ext14/data/res/values-mcc310-mnc800-ne: Cannot utime: Operation not permitted
build	Cache Android SDK	2026-06-06T12:22:44.9554530Z /usr/bin/tar: ../../../../../usr/local/lib/android/sdk/platforms/android-35-ext14/data/res/values-mcc310-mnc800-ne: Cannot change mode to rwxr-xr-x: Operation not permitted
build	Cache Android SDK	2026-06-06T12:22:44.9557503Z /usr/bin/tar: ../../../../../usr/local/lib/android/sdk/platforms/android-35-ext14/data/res/values-mcc310-mnc220-mk: Cannot utime: Operation not permitted
build	Cache Android SDK	2026-06-06T12:22:44.9557986Z /usr/bin/tar: ../../../../../usr/local/lib/android/sdk/platforms/android-35-ext14/data/res/values-mcc310-mnc220-mk: Cannot change mode to rwxr-xr-x: Operation not permitted
build	Cache Android SDK	2026-06-06T12:22:44.9560994Z /usr/bin/tar: ../../../../../usr/local/lib/android/sdk/platforms/android-35-ext14/data/res/values-mcc312-mnc670-lt: Cannot utime: Operation not permitted
build	Cache Android SDK	2026-06-06T12:22:44.9561480Z /usr/bin/tar: ../../../../../usr/local/lib/android/sdk/platforms/android-35-ext14/data/res/values-mcc312-mnc670-lt: Cannot change mode to rwxr-xr-x: Operation not permitted
build	Cache Android SDK	2026-06-06T12:22:44.9563956Z /usr/bin/tar: ../../../../../usr/local/lib/android/sdk/platforms/android-35-ext14/data/res/values-mcc310-mnc950-fi: Cannot utime: Operation not permitted
build	Cache Android SDK	2026-06-06T12:22:44.9564437Z /usr/bin/tar: ../../../../../usr/local/lib/android/sdk/platforms/android-35-ext14/data/res/values-mcc310-mnc950-fi: Cannot change mode to rwxr-xr-x: Operation not permitted
build	Cache Android SDK	2026-06-06T12:22:44.9567725Z /usr/bin/tar: ../../../../../usr/local/lib/android/sdk/platforms/android-35-ext14/data/res/values-mcc302-mnc720-zh-rTW: Cannot utime: Operation not permitted
build	Cache Android SDK	2026-06-06T12:22:44.9568231Z /usr/bin/tar: ../../../../../usr/local/lib/android/sdk/platforms/android-35-ext14/data/res/values-mcc302-mnc720-zh-rTW: Cannot change mode to rwxr-xr-x: Operation not permitted
build	Cache Android SDK	2026-06-06T12:22:44.9570617Z /usr/bin/tar: ../../../../../usr/local/lib/android/sdk/platforms/android-35-ext14/data/res/values-mcc302-mnc370-te: Cannot utime: Operation not permitted
build	Cache Android SDK	2026-06-06T12:22:44.9571089Z /usr/bin/tar: ../../../../../usr/local/lib/android/sdk/platforms/android-35-ext14/data/res/values-mcc302-mnc370-te: Cannot change mode to rwxr-xr-x: Operation not permitted
build	Cache Android SDK	2026-06-06T12:22:44.9577876Z /usr/bin/tar: ../../../../../usr/local/lib/android/sdk/platforms/android-35-ext14/data/res/values-ms: Cannot utime: Operation not permitted
build	Cache Android SDK	2026-06-06T12:22:44.9578315Z /usr/bin/tar: ../../../../../usr/local/lib/android/sdk/platforms/android-35-ext14/data/res/values-ms: Cannot change mode to rwxr-xr-x: Operation not permitted
build	Cache Android SDK	2026-06-06T12:22:44.9580734Z /usr/bin/tar: ../../../../../usr/local/lib/android/sdk/platforms/android-35-ext14/data/res/values-mcc310-mnc270-pt: Cannot utime: Operation not permitted
build	Cache Android SDK	2026-06-06T12:22:44.9581221Z /usr/bin/tar: ../../../../../usr/local/lib/android/sdk/platforms/android-35-ext14/data/res/values-mcc310-mnc270-pt: Cannot change mode to rwxr-xr-x: Operation not permitted
build	Cache Android SDK	2026-06-06T12:22:44.9584001Z /usr/bin/tar: ../../../../../usr/local/lib/android/sdk/platforms/android-35-ext14/data/res/values-mcc310-mnc310-kk: Cannot utime: Operation not permitted
build	Cache Android SDK	2026-06-06T12:22:44.9584492Z /usr/bin/tar: ../../../../../usr/local/lib/android/sdk/platforms/android-35-ext14/data/res/values-mcc310-mnc310-kk: Cannot change mode to rwxr-xr-x: Operation not permitted
build	Cache Android SDK	2026-06-06T12:22:44.9587693Z /usr/bin/tar: ../../../../../usr/local/lib/android/sdk/platforms/android-35-ext14/data/res/raw-pt-rBR: Cannot utime: Operation not permitted
build	Cache Android SDK	2026-06-06T12:22:44.9588128Z /usr/bin/tar: ../../../../../usr/local/lib/android/sdk/platforms/android-35-ext14/data/res/raw-pt-rBR: Cannot change mode to rwxr-xr-x: Operation not permitted
build	Cache Android SDK	2026-06-06T12:22:44.9590621Z /usr/bin/tar: ../../../../../usr/local/lib/android/sdk/platforms/android-35-ext14/data/res/values-mcc310-mnc160-fi: Cannot utime: Operation not permitted
build	Cache Android SDK	2026-06-06T12:22:44.9591194Z /usr/bin/tar: ../../../../../usr/local/lib/android/sdk/platforms/android-35-ext14/data/res/values-mcc310-mnc160-fi: Cannot change mode to rwxr-xr-x: Operation not permitted
build	Cache Android SDK	2026-06-06T12:22:44.9593421Z /usr/bin/tar: ../../../../../usr/local/lib/android/sdk/platforms/android-35-ext14/data/res/values-mcc310-mnc950-da: Cannot utime: Operation not permitted
build	Cache Android SDK	2026-06-06T12:22:44.9593890Z /usr/bin/tar: ../../../../../usr/local/lib/android/sdk/platforms/android-35-ext14/data/res/values-mcc310-mnc950-da: Cannot change mode to rwxr-xr-x: Operation not permitted
build	Cache Android SDK	2026-06-06T12:22:44.9596288Z /usr/bin/tar: ../../../../../usr/local/lib/android/sdk/platforms/android-35-ext14/data/res/values-mcc310-mnc220-fi: Cannot utime: Operation not permitted
build	Cache Android SDK	2026-06-06T12:22:44.9596760Z /usr/bin/tar: ../../../../../usr/local/lib/android/sdk/platforms/android-35-ext14/data/res/values-mcc310-mnc220-fi: Cannot change mode to rwxr-xr-x: Operation not permitted
build	Cache Android SDK	2026-06-06T12:22:44.9599916Z /usr/bin/tar: ../../../../../usr/local/lib/android/sdk/platforms/android-35-ext14/data/res/values-mcc310-mnc210-it: Cannot utime: Operation not permitted
build	Cache Android SDK	2026-06-06T12:22:44.9600618Z /usr/bin/tar: ../../../../../usr/local/lib/android/sdk/platforms/android-35-ext14/data/res/values-mcc310-mnc210-it: Cannot change mode to rwxr-xr-x: Operation not permitted
build	Cache Android SDK	2026-06-06T12:22:44.9603544Z /usr/bin/tar: ../../../../../usr/local/lib/android/sdk/platforms/android-35-ext14/data/res/values-mcc310-mnc490-lt: Cannot utime: Operation not permitted
build	Cache Android SDK	2026-06-06T12:22:44.9604027Z /usr/bin/tar: ../../../../../usr/local/lib/android/sdk/platforms/android-35-ext14/data/res/values-mcc310-mnc490-lt: Cannot change mode to rwxr-xr-x: Operation not permitted
build	Cache Android SDK	2026-06-06T12:22:44.9606382Z /usr/bin/tar: ../../../../../usr/local/lib/android/sdk/platforms/android-35-ext14/data/res/values-mcc310-mnc220-bg: Cannot utime: Operation not permitted
build	Cache Android SDK	2026-06-06T12:22:44.9606865Z /usr/bin/tar: ../../../../../usr/local/lib/android/sdk/platforms/android-35-ext14/data/res/values-mcc310-mnc220-bg: Cannot change mode to rwxr-xr-x: Operation not permitted
build	Cache Android SDK	2026-06-06T12:22:44.9610530Z /usr/bin/tar: ../../../../../usr/local/lib/android/sdk/platforms/android-35-ext14/data/res/values-mcc334-mnc020-ms: Cannot utime: Operation not permitted
build	Cache Android SDK	2026-06-06T12:22:44.9610999Z /usr/bin/tar: ../../../../../usr/local/lib/android/sdk/platforms/android-35-ext14/data/res/values-mcc334-mnc020-ms: Cannot change mode to rwxr-xr-x: Operation not permitted
build	Cache Android SDK	2026-06-06T12:22:44.9613858Z /usr/bin/tar: ../../../../../usr/local/lib/android/sdk/platforms/android-35-ext14/data/res/values-mcc310-mnc950-or: Cannot utime: Operation not permitted
build	Cache Android SDK	2026-06-06T12:22:44.9614335Z /usr/bin/tar: ../../../../../usr/local/lib/android/sdk/platforms/android-35-ext14/data/res/values-mcc310-mnc950-or: Cannot change mode to rwxr-xr-x: Operation not permitted
build	Cache Android SDK	2026-06-06T12:22:44.9617866Z /usr/bin/tar: ../../../../../usr/local/lib/android/sdk/platforms/android-35-ext14/data/res/values-mcc310-mnc800-eu: Cannot utime: Operation not permitted
build	Cache Android SDK	2026-06-06T12:22:44.9618486Z /usr/bin/tar: ../../../../../usr/local/lib/android/sdk/platforms/android-35-ext14/data/res/values-mcc310-mnc800-eu: Cannot change mode to rwxr-xr-x: Operation not permitted
build	Cache Android SDK	2026-06-06T12:22:44.9621138Z /usr/bin/tar: ../../../../../usr/local/lib/android/sdk/platforms/android-35-ext14/data/res/values-mcc310-mnc030-lv: Cannot utime: Operation not permitted
build	Cache Android SDK	2026-06-06T12:22:44.9621598Z /usr/bin/tar: ../../../../../usr/local/lib/android/sdk/platforms/android-35-ext14/data/res/values-mcc310-mnc030-lv: Cannot change mode to rwxr-xr-x: Operation not permitted
build	Cache Android SDK	2026-06-06T12:22:44.9624646Z /usr/bin/tar: ../../../../../usr/local/lib/android/sdk/platforms/android-35-ext14/data/res/values-mcc311-mnc180-da: Cannot utime: Operation not permitted
build	Cache Android SDK	2026-06-06T12:22:44.9625124Z /usr/bin/tar: ../../../../../usr/local/lib/android/sdk/platforms/android-35-ext14/data/res/values-mcc311-mnc180-da: Cannot change mode to rwxr-xr-x: Operation not permitted
build	Cache Android SDK	2026-06-06T12:22:44.9627903Z /usr/bin/tar: ../../../../../usr/local/lib/android/sdk/platforms/android-35-ext14/data/res/values-mcc310-mnc210-my: Cannot utime: Operation not permitted
build	Cache Android SDK	2026-06-06T12:22:44.9628382Z /usr/bin/tar: ../../../../../usr/local/lib/android/sdk/platforms/android-35-ext14/data/res/values-mcc310-mnc210-my: Cannot change mode to rwxr-xr-x: Operation not permitted
build	Cache Android SDK	2026-06-06T12:22:44.9631076Z /usr/bin/tar: ../../../../../usr/local/lib/android/sdk/platforms/android-35-ext14/data/res/values-mcc310-mnc660: Cannot utime: Operation not permitted
build	Cache Android SDK	2026-06-06T12:22:44.9631531Z /usr/bin/tar: ../../../../../usr/local/lib/android/sdk/platforms/android-35-ext14/data/res/values-mcc310-mnc660: Cannot change mode to rwxr-xr-x: Operation not permitted
build	Cache Android SDK	2026-06-06T12:22:44.9634326Z /usr/bin/tar: ../../../../../usr/local/lib/android/sdk/platforms/android-35-ext14/data/res/values-mcc312-mnc670-eu: Cannot utime: Operation not permitted
build	Cache Android SDK	2026-06-06T12:22:44.9634802Z /usr/bin/tar: ../../../../../usr/local/lib/android/sdk/platforms/android-35-ext14/data/res/values-mcc312-mnc670-eu: Cannot change mode to rwxr-xr-x: Operation not permitted
build	Cache Android SDK	2026-06-06T12:22:44.9637952Z /usr/bin/tar: ../../../../../usr/local/lib/android/sdk/platforms/android-35-ext14/data/res/values-uk-television: Cannot utime: Operation not permitted
build	Cache Android SDK	2026-06-06T12:22:44.9638423Z /usr/bin/tar: ../../../../../usr/local/lib/android/sdk/platforms/android-35-ext14/data/res/values-uk-television: Cannot change mode to rwxr-xr-x: Operation not permitted
build	Cache Android SDK	2026-06-06T12:22:44.9641202Z /usr/bin/tar: ../../../../../usr/local/lib/android/sdk/platforms/android-35-ext14/data/res/values-mcc310-mnc950-en-rCA: Cannot utime: Operation not permitted
build	Cache Android SDK	2026-06-06T12:22:44.9641715Z /usr/bin/tar: ../../../../../usr/local/lib/android/sdk/platforms/android-35-ext14/data/res/values-mcc310-mnc950-en-rCA: Cannot change mode to rwxr-xr-x: Operation not permitted
build	Cache Android SDK	2026-06-06T12:22:44.9645520Z /usr/bin/tar: ../../../../../usr/local/lib/android/sdk/platforms/android-35-ext14/data/res/values-mcc310-mnc560-et: Cannot utime: Operation not permitted
build	Cache Android SDK	2026-06-06T12:22:44.9646003Z /usr/bin/tar: ../../../../../usr/local/lib/android/sdk/platforms/android-35-ext14/data/res/values-mcc310-mnc560-et: Cannot change mode to rwxr-xr-x: Operation not permitted
build	Cache Android SDK	2026-06-06T12:22:44.9648705Z /usr/bin/tar: ../../../../../usr/local/lib/android/sdk/platforms/android-35-ext14/data/res/values-mcc310-mnc560: Cannot utime: Operation not permitted
build	Cache Android SDK	2026-06-06T12:22:44.9649170Z /usr/bin/tar: ../../../../../usr/local/lib/android/sdk/platforms/android-35-ext14/data/res/values-mcc310-mnc560: Cannot change mode to rwxr-xr-x: Operation not permitted
build	Cache Android SDK	2026-06-06T12:22:44.9652442Z /usr/bin/tar: ../../../../../usr/local/lib/android/sdk/platforms/android-35-ext14/data/res/values-mcc310-mnc660-eu: Cannot utime: Operation not permitted
build	Cache Android SDK	2026-06-06T12:22:44.9652905Z /usr/bin/tar: ../../../../../usr/local/lib/android/sdk/platforms/android-35-ext14/data/res/values-mcc310-mnc660-eu: Cannot change mode to rwxr-xr-x: Operation not permitted
build	Cache Android SDK	2026-06-06T12:22:44.9656144Z /usr/bin/tar: ../../../../../usr/local/lib/android/sdk/platforms/android-35-ext14/data/res/values-mcc310-mnc150-uz: Cannot utime: Operation not permitted
build	Cache Android SDK	2026-06-06T12:22:44.9656840Z /usr/bin/tar: ../../../../../usr/local/lib/android/sdk/platforms/android-35-ext14/data/res/values-mcc310-mnc150-uz: Cannot change mode to rwxr-xr-x: Operation not permitted
build	Cache Android SDK	2026-06-06T12:22:44.9659689Z /usr/bin/tar: ../../../../../usr/local/lib/android/sdk/platforms/android-35-ext14/data/res/values-mcc302-mnc370-lo: Cannot utime: Operation not permitted
build	Cache Android SDK	2026-06-06T12:22:44.9660275Z /usr/bin/tar: ../../../../../usr/local/lib/android/sdk/platforms/android-35-ext14/data/res/values-mcc302-mnc370-lo: Cannot change mode to rwxr-xr-x: Operation not permitted
build	Cache Android SDK	2026-06-06T12:22:44.9662833Z /usr/bin/tar: ../../../../../usr/local/lib/android/sdk/platforms/android-35-ext14/data/res/values-mcc310-mnc380-tl: Cannot utime: Operation not permitted
build	Cache Android SDK	2026-06-06T12:22:44.9663378Z /usr/bin/tar: ../../../../../usr/local/lib/android/sdk/platforms/android-35-ext14/data/res/values-mcc310-mnc380-tl: Cannot change mode to rwxr-xr-x: Operation not permitted
build	Cache Android SDK	2026-06-06T12:22:44.9666460Z /usr/bin/tar: ../../../../../usr/local/lib/android/sdk/platforms/android-35-ext14/data/res/values-fi-rFI: Cannot utime: Operation not permitted
build	Cache Android SDK	2026-06-06T12:22:44.9666901Z /usr/bin/tar: ../../../../../usr/local/lib/android/sdk/platforms/android-35-ext14/data/res/values-fi-rFI: Cannot change mode to rwxr-xr-x: Operation not permitted
build	Cache Android SDK	2026-06-06T12:22:44.9670407Z /usr/bin/tar: ../../../../../usr/local/lib/android/sdk/platforms/android-35-ext14/data/res/values-mcc310-mnc280-vi: Cannot utime: Operation not permitted
build	Cache Android SDK	2026-06-06T12:22:44.9670952Z /usr/bin/tar: ../../../../../usr/local/lib/android/sdk/platforms/android-35-ext14/data/res/values-mcc310-mnc280-vi: Cannot change mode to rwxr-xr-x: Operation not permitted
build	Cache Android SDK	2026-06-06T12:22:44.9673452Z /usr/bin/tar: ../../../../../usr/local/lib/android/sdk/platforms/android-35-ext14/data/res/values-mcc310-mnc280-ru: Cannot utime: Operation not permitted
build	Cache Android SDK	2026-06-06T12:22:44.9673969Z /usr/bin/tar: ../../../../../usr/local/lib/android/sdk/platforms/android-35-ext14/data/res/values-mcc310-mnc280-ru: Cannot change mode to rwxr-xr-x: Operation not permitted
build	Cache Android SDK	2026-06-06T12:22:44.9676737Z /usr/bin/tar: ../../../../../usr/local/lib/android/sdk/platforms/android-35-ext14/data/res/values-mcc310-mnc800-in: Cannot utime: Operation not permitted
build	Cache Android SDK	2026-06-06T12:22:44.9677213Z /usr/bin/tar: ../../../../../usr/local/lib/android/sdk/platforms/android-35-ext14/data/res/values-mcc310-mnc800-in: Cannot change mode to rwxr-xr-x: Operation not permitted
build	Cache Android SDK	2026-06-06T12:22:44.9680026Z /usr/bin/tar: ../../../../../usr/local/lib/android/sdk/platforms/android-35-ext14/data/res/values-mcc310-mnc490-tr: Cannot utime: Operation not permitted
build	Cache Android SDK	2026-06-06T12:22:44.9680509Z /usr/bin/tar: ../../../../../usr/local/lib/android/sdk/platforms/android-35-ext14/data/res/values-mcc310-mnc490-tr: Cannot change mode to rwxr-xr-x: Operation not permitted
build	Cache Android SDK	2026-06-06T12:22:44.9683226Z /usr/bin/tar: ../../../../../usr/local/lib/android/sdk/platforms/android-35-ext14/data/res/values-mcc310-mnc380-bg: Cannot utime: Operation not permitted
build	Cache Android SDK	2026-06-06T12:22:44.9683712Z /usr/bin/tar: ../../../../../usr/local/lib/android/sdk/platforms/android-35-ext14/data/res/values-mcc310-mnc380-bg: Cannot change mode to rwxr-xr-x: Operation not permitted
build	Cache Android SDK	2026-06-06T12:22:44.9686597Z /usr/bin/tar: ../../../../../usr/local/lib/android/sdk/platforms/android-35-ext14/data/res/values-mcc302-mnc370-km: Cannot utime: Operation not permitted
build	Cache Android SDK	2026-06-06T12:22:44.9687061Z /usr/bin/tar: ../../../../../usr/local/lib/android/sdk/platforms/android-35-ext14/data/res/values-mcc302-mnc370-km: Cannot change mode to rwxr-xr-x: Operation not permitted
build	Cache Android SDK	2026-06-06T12:22:44.9689736Z /usr/bin/tar: ../../../../../usr/local/lib/android/sdk/platforms/android-35-ext14/data/res/values-mcc310-mnc170-si: Cannot utime: Operation not permitted
build	Cache Android SDK	2026-06-06T12:22:44.9690209Z /usr/bin/tar: ../../../../../usr/local/lib/android/sdk/platforms/android-35-ext14/data/res/values-mcc310-mnc170-si: Cannot change mode to rwxr-xr-x: Operation not permitted
build	Cache Android SDK	2026-06-06T12:22:44.9693211Z /usr/bin/tar: ../../../../../usr/local/lib/android/sdk/platforms/android-35-ext14/data/res/values-de-rLI: Cannot utime: Operation not permitted
build	Cache Android SDK	2026-06-06T12:22:44.9693803Z /usr/bin/tar: ../../../../../usr/local/lib/android/sdk/platforms/android-35-ext14/data/res/values-de-rLI: Cannot change mode to rwxr-xr-x: Operation not permitted
build	Cache Android SDK	2026-06-06T12:22:44.9696563Z /usr/bin/tar: ../../../../../usr/local/lib/android/sdk/platforms/android-35-ext14/data/res/values-mcc310-mnc200-pl: Cannot utime: Operation not permitted
build	Cache Android SDK	2026-06-06T12:22:44.9697025Z /usr/bin/tar: ../../../../../usr/local/lib/android/sdk/platforms/android-35-ext14/data/res/values-mcc310-mnc200-pl: Cannot change mode to rwxr-xr-x: Operation not permitted
build	Cache Android SDK	2026-06-06T12:22:44.9699821Z /usr/bin/tar: ../../../../../usr/local/lib/android/sdk/platforms/android-35-ext14/data/res/values-mcc001-mnc01-en-rCA: Cannot utime: Operation not permitted
build	Cache Android SDK	2026-06-06T12:22:44.9700403Z /usr/bin/tar: ../../../../../usr/local/lib/android/sdk/platforms/android-35-ext14/data/res/values-mcc001-mnc01-en-rCA: Cannot change mode to rwxr-xr-x: Operation not permitted
build	Cache Android SDK	2026-06-06T12:22:44.9702836Z /usr/bin/tar: ../../../../../usr/local/lib/android/sdk/platforms/android-35-ext14/data/res/values-mcc310-mnc170-tr: Cannot utime: Operation not permitted
build	Cache Android SDK	2026-06-06T12:22:44.9703313Z /usr/bin/tar: ../../../../../usr/local/lib/android/sdk/platforms/android-35-ext14/data/res/values-mcc310-mnc170-tr: Cannot change mode to rwxr-xr-x: Operation not permitted
build	Cache Android SDK	2026-06-06T12:22:44.9706108Z /usr/bin/tar: ../../../../../usr/local/lib/android/sdk/platforms/android-35-ext14/data/res/values-mcc310-mnc490-nl: Cannot utime: Operation not permitted
build	Cache Android SDK	2026-06-06T12:22:44.9706566Z /usr/bin/tar: ../../../../../usr/local/lib/android/sdk/platforms/android-35-ext14/data/res/values-mcc310-mnc490-nl: Cannot change mode to rwxr-xr-x: Operation not permitted
build	Cache Android SDK	2026-06-06T12:22:44.9709494Z /usr/bin/tar: ../../../../../usr/local/lib/android/sdk/platforms/android-35-ext14/data/res/values-mcc310-mnc030-ne: Cannot utime: Operation not permitted
build	Cache Android SDK	2026-06-06T12:22:44.9709979Z /usr/bin/tar: ../../../../../usr/local/lib/android/sdk/platforms/android-35-ext14/data/res/values-mcc310-mnc030-ne: Cannot change mode to rwxr-xr-x: Operation not permitted
build	Cache Android SDK	2026-06-06T12:22:44.9712435Z /usr/bin/tar: ../../../../../usr/local/lib/android/sdk/platforms/android-35-ext14/data/res/values-mcc310-mnc150-lo: Cannot utime: Operation not permitted
build	Cache Android SDK	2026-06-06T12:22:44.9712936Z /usr/bin/tar: ../../../../../usr/local/lib/android/sdk/platforms/android-35-ext14/data/res/values-mcc310-mnc150-lo: Cannot change mode to rwxr-xr-x: Operation not permitted
build	Cache Android SDK	2026-06-06T12:22:44.9715735Z /usr/bin/tar: ../../../../../usr/local/lib/android/sdk/platforms/android-35-ext14/data/res/values-mcc310-mnc800-iw: Cannot utime: Operation not permitted
build	Cache Android SDK	2026-06-06T12:22:44.9716192Z /usr/bin/tar: ../../../../../usr/local/lib/android/sdk/platforms/android-35-ext14/data/res/values-mcc310-mnc800-iw: Cannot change mode to rwxr-xr-x: Operation not permitted
build	Cache Android SDK	2026-06-06T12:22:44.9721496Z /usr/bin/tar: ../../../../../usr/local/lib/android/sdk/platforms/android-35-ext14/data/res/values-mcc310-mnc250-sq: Cannot utime: Operation not permitted
build	Cache Android SDK	2026-06-06T12:22:44.9721966Z /usr/bin/tar: ../../../../../usr/local/lib/android/sdk/platforms/android-35-ext14/data/res/values-mcc310-mnc250-sq: Cannot change mode to rwxr-xr-x: Operation not permitted
build	Cache Android SDK	2026-06-06T12:22:44.9725100Z /usr/bin/tar: ../../../../../usr/local/lib/android/sdk/platforms/android-35-ext14/data/res/values-mcc310-mnc150-ka: Cannot utime: Operation not permitted
build	Cache Android SDK	2026-06-06T12:22:44.9725663Z /usr/bin/tar: ../../../../../usr/local/lib/android/sdk/platforms/android-35-ext14/data/res/values-mcc310-mnc150-ka: Cannot change mode to rwxr-xr-x: Operation not permitted
build	Cache Android SDK	2026-06-06T12:22:44.9728737Z /usr/bin/tar: ../../../../../usr/local/lib/android/sdk/platforms/android-35-ext14/data/res/values-h320dp: Cannot utime: Operation not permitted
build	Cache Android SDK	2026-06-06T12:22:44.9729205Z /usr/bin/tar: ../../../../../usr/local/lib/android/sdk/platforms/android-35-ext14/data/res/values-h320dp: Cannot change mode to rwxr-xr-x: Operation not permitted
build	Cache Android SDK	2026-06-06T12:22:44.9733410Z /usr/bin/tar: ../../../../../usr/local/lib/android/sdk/platforms/android-35-ext14/data/res/values-television: Cannot utime: Operation not permitted
build	Cache Android SDK	2026-06-06T12:22:44.9733892Z /usr/bin/tar: ../../../../../usr/local/lib/android/sdk/platforms/android-35-ext14/data/res/values-television: Cannot change mode to rwxr-xr-x: Operation not permitted
build	Cache Android SDK	2026-06-06T12:22:44.9736945Z /usr/bin/tar: ../../../../../usr/local/lib/android/sdk/platforms/android-35-ext14/data/res/values-mcc310-mnc220-lt: Cannot utime: Operation not permitted
build	Cache Android SDK	2026-06-06T12:22:44.9737583Z /usr/bin/tar: ../../../../../usr/local/lib/android/sdk/platforms/android-35-ext14/data/res/values-mcc310-mnc220-lt: Cannot change mode to rwxr-xr-x: Operation not permitted
build	Cache Android SDK	2026-06-06T12:22:44.9740798Z /usr/bin/tar: ../../../../../usr/local/lib/android/sdk/platforms/android-35-ext14/data/res/values-mcc311-mnc180-en-rXC: Cannot utime: Operation not permitted
build	Cache Android SDK	2026-06-06T12:22:44.9741302Z /usr/bin/tar: ../../../../../usr/local/lib/android/sdk/platforms/android-35-ext14/data/res/values-mcc311-mnc180-en-rXC: Cannot change mode to rwxr-xr-x: Operation not permitted
build	Cache Android SDK	2026-06-06T12:22:44.9744000Z /usr/bin/tar: ../../../../../usr/local/lib/android/sdk/platforms/android-35-ext14/data/res/values-mcc310-mnc640: Cannot utime: Operation not permitted
build	Cache Android SDK	2026-06-06T12:22:44.9744470Z /usr/bin/tar: ../../../../../usr/local/lib/android/sdk/platforms/android-35-ext14/data/res/values-mcc310-mnc640: Cannot change mode to rwxr-xr-x: Operation not permitted
build	Cache Android SDK	2026-06-06T12:22:44.9746883Z /usr/bin/tar: ../../../../../usr/local/lib/android/sdk/platforms/android-35-ext14/data/res/values-mcc208-mnc10-fr: Cannot utime: Operation not permitted
build	Cache Android SDK	2026-06-06T12:22:44.9747527Z /usr/bin/tar: ../../../../../usr/local/lib/android/sdk/platforms/android-35-ext14/data/res/values-mcc208-mnc10-fr: Cannot change mode to rwxr-xr-x: Operation not permitted
build	Cache Android SDK	2026-06-06T12:22:44.9750046Z /usr/bin/tar: ../../../../../usr/local/lib/android/sdk/platforms/android-35-ext14/data/res/values-mcc310-mnc250-ne: Cannot utime: Operation not permitted
build	Cache Android SDK	2026-06-06T12:22:44.9750519Z /usr/bin/tar: ../../../../../usr/local/lib/android/sdk/platforms/android-35-ext14/data/res/values-mcc310-mnc250-ne: Cannot change mode to rwxr-xr-x: Operation not permitted
build	Cache Android SDK	2026-06-06T12:22:44.9753052Z /usr/bin/tar: ../../../../../usr/local/lib/android/sdk/platforms/android-35-ext14/data/res/values-mcc310-mnc310: Cannot utime: Operation not permitted
build	Cache Android SDK	2026-06-06T12:22:44.9753513Z /usr/bin/tar: ../../../../../usr/local/lib/android/sdk/platforms/android-35-ext14/data/res/values-mcc310-mnc310: Cannot change mode to rwxr-xr-x: Operation not permitted
build	Cache Android SDK	2026-06-06T12:22:44.9756686Z /usr/bin/tar: ../../../../../usr/local/lib/android/sdk/platforms/android-35-ext14/data/res/values-mcc310-mnc380-fr-rCA: Cannot utime: Operation not permitted
build	Cache Android SDK	﻿2026-06-06T12:22:44.9759896Z /usr/bin/tar: ../../../../../usr/local/lib/android/sdk/platforms/android-35-ext14/data/res/values-mcc310-mnc380-fr-rCA: Cannot change mode to rwxr-xr-x: Operation not permitted
build	Cache Android SDK	2026-06-06T12:22:44.9760544Z /usr/bin/tar: ../../../../../usr/local/lib/android/sdk/platforms/android-35-ext14/data/res/mipmap-ldpi: Cannot utime: Operation not permitted
build	Cache Android SDK	2026-06-06T12:22:44.9760978Z /usr/bin/tar: ../../../../../usr/local/lib/android/sdk/platforms/android-35-ext14/data/res/mipmap-ldpi: Cannot change mode to rwxr-xr-x: Operation not permitted
build	Cache Android SDK	2026-06-06T12:22:44.9763690Z /usr/bin/tar: ../../../../../usr/local/lib/android/sdk/platforms/android-35-ext14/data/res/values-mcc310-mnc170-iw: Cannot utime: Operation not permitted
build	Cache Android SDK	2026-06-06T12:22:44.9764155Z /usr/bin/tar: ../../../../../usr/local/lib/android/sdk/platforms/android-35-ext14/data/res/values-mcc310-mnc170-iw: Cannot change mode to rwxr-xr-x: Operation not permitted
build	Cache Android SDK	2026-06-06T12:22:44.9774334Z /usr/bin/tar: ../../../../../usr/local/lib/android/sdk/platforms/android-35-ext14/data/res/layout-watch: Cannot utime: Operation not permitted
build	Cache Android SDK	2026-06-06T12:22:44.9775071Z /usr/bin/tar: ../../../../../usr/local/lib/android/sdk/platforms/android-35-ext14/data/res/layout-watch: Cannot change mode to rwxr-xr-x: Operation not permitted
build	Cache Android SDK	2026-06-06T12:22:44.9778079Z /usr/bin/tar: ../../../../../usr/local/lib/android/sdk/platforms/android-35-ext14/data/res/values-mcc311-mnc180-gl: Cannot utime: Operation not permitted
build	Cache Android SDK	2026-06-06T12:22:44.9778668Z /usr/bin/tar: ../../../../../usr/local/lib/android/sdk/platforms/android-35-ext14/data/res/values-mcc311-mnc180-gl: Cannot change mode to rwxr-xr-x: Operation not permitted
build	Cache Android SDK	2026-06-06T12:22:44.9781291Z /usr/bin/tar: ../../../../../usr/local/lib/android/sdk/platforms/android-35-ext14/data/res/values-mcc313-mnc100-pt-rBR: Cannot utime: Operation not permitted
build	Cache Android SDK	2026-06-06T12:22:44.9781776Z /usr/bin/tar: ../../../../../usr/local/lib/android/sdk/platforms/android-35-ext14/data/res/values-mcc313-mnc100-pt-rBR: Cannot change mode to rwxr-xr-x: Operation not permitted
build	Cache Android SDK	2026-06-06T12:22:44.9784120Z /usr/bin/tar: ../../../../../usr/local/lib/android/sdk/platforms/android-35-ext14/data/res/values-mcc310-mnc240-ru: Cannot utime: Operation not permitted
build	Cache Android SDK	2026-06-06T12:22:44.9784586Z /usr/bin/tar: ../../../../../usr/local/lib/android/sdk/platforms/android-35-ext14/data/res/values-mcc310-mnc240-ru: Cannot change mode to rwxr-xr-x: Operation not permitted
build	Cache Android SDK	2026-06-06T12:22:44.9787707Z /usr/bin/tar: ../../../../../usr/local/lib/android/sdk/platforms/android-35-ext14/data/res/values-mcc310-mnc950-ja: Cannot utime: Operation not permitted
build	Cache Android SDK	2026-06-06T12:22:44.9788165Z /usr/bin/tar: ../../../../../usr/local/lib/android/sdk/platforms/android-35-ext14/data/res/values-mcc310-mnc950-ja: Cannot change mode to rwxr-xr-x: Operation not permitted
build	Cache Android SDK	2026-06-06T12:22:44.9794662Z /usr/bin/tar: ../../../../../usr/local/lib/android/sdk/platforms/android-35-ext14/data/res/values-lo: Cannot utime: Operation not permitted
build	Cache Android SDK	2026-06-06T12:22:44.9795138Z /usr/bin/tar: ../../../../../usr/local/lib/android/sdk/platforms/android-35-ext14/data/res/values-lo: Cannot change mode to rwxr-xr-x: Operation not permitted
build	Cache Android SDK	2026-06-06T12:22:44.9797274Z /usr/bin/tar: ../../../../../usr/local/lib/android/sdk/platforms/android-35-ext14/data/res/values-mcc310-mnc170-ru: Cannot utime: Operation not permitted
build	Cache Android SDK	2026-06-06T12:22:44.9797904Z /usr/bin/tar: ../../../../../usr/local/lib/android/sdk/platforms/android-35-ext14/data/res/values-mcc310-mnc170-ru: Cannot change mode to rwxr-xr-x: Operation not permitted
build	Cache Android SDK	2026-06-06T12:22:44.9800538Z /usr/bin/tar: ../../../../../usr/local/lib/android/sdk/platforms/android-35-ext14/data/res/values-mcc310-mnc310-pt-rPT: Cannot utime: Operation not permitted
build	Cache Android SDK	2026-06-06T12:22:44.9801020Z /usr/bin/tar: ../../../../../usr/local/lib/android/sdk/platforms/android-35-ext14/data/res/values-mcc310-mnc310-pt-rPT: Cannot change mode to rwxr-xr-x: Operation not permitted
build	Cache Android SDK	2026-06-06T12:22:44.9803647Z /usr/bin/tar: ../../../../../usr/local/lib/android/sdk/platforms/android-35-ext14/data/res/values-mcc310-mnc150-fa: Cannot utime: Operation not permitted
build	Cache Android SDK	2026-06-06T12:22:44.9804287Z /usr/bin/tar: ../../../../../usr/local/lib/android/sdk/platforms/android-35-ext14/data/res/values-mcc310-mnc150-fa: Cannot change mode to rwxr-xr-x: Operation not permitted
build	Cache Android SDK	2026-06-06T12:22:44.9807178Z /usr/bin/tar: ../../../../../usr/local/lib/android/sdk/platforms/android-35-ext14/data/res/values-mcc310-mnc380-gl: Cannot utime: Operation not permitted
build	Cache Android SDK	2026-06-06T12:22:44.9807882Z /usr/bin/tar: ../../../../../usr/local/lib/android/sdk/platforms/android-35-ext14/data/res/values-mcc310-mnc380-gl: Cannot change mode to rwxr-xr-x: Operation not permitted
build	Cache Android SDK	2026-06-06T12:22:44.9810680Z /usr/bin/tar: ../../../../../usr/local/lib/android/sdk/platforms/android-35-ext14/data/res/values-mcc310-mnc210-de: Cannot utime: Operation not permitted
build	Cache Android SDK	2026-06-06T12:22:44.9811134Z /usr/bin/tar: ../../../../../usr/local/lib/android/sdk/platforms/android-35-ext14/data/res/values-mcc310-mnc210-de: Cannot change mode to rwxr-xr-x: Operation not permitted
build	Cache Android SDK	2026-06-06T12:22:44.9813724Z /usr/bin/tar: ../../../../../usr/local/lib/android/sdk/platforms/android-35-ext14/data/res/values-mcc310-mnc310-ko: Cannot utime: Operation not permitted
build	Cache Android SDK	2026-06-06T12:22:44.9814338Z /usr/bin/tar: ../../../../../usr/local/lib/android/sdk/platforms/android-35-ext14/data/res/values-mcc310-mnc310-ko: Cannot change mode to rwxr-xr-x: Operation not permitted
build	Cache Android SDK	2026-06-06T12:22:44.9816964Z /usr/bin/tar: ../../../../../usr/local/lib/android/sdk/platforms/android-35-ext14/data/res/values-mcc310-mnc220-sv: Cannot utime: Operation not permitted
build	Cache Android SDK	2026-06-06T12:22:44.9817543Z /usr/bin/tar: ../../../../../usr/local/lib/android/sdk/platforms/android-35-ext14/data/res/values-mcc310-mnc220-sv: Cannot change mode to rwxr-xr-x: Operation not permitted
build	Cache Android SDK	2026-06-06T12:22:44.9819964Z /usr/bin/tar: ../../../../../usr/local/lib/android/sdk/platforms/android-35-ext14/data/res/values-b+sr+Latn-television: Cannot utime: Operation not permitted
build	Cache Android SDK	2026-06-06T12:22:44.9820531Z /usr/bin/tar: ../../../../../usr/local/lib/android/sdk/platforms/android-35-ext14/data/res/values-b+sr+Latn-television: Cannot change mode to rwxr-xr-x: Operation not permitted
build	Cache Android SDK	2026-06-06T12:22:44.9823120Z /usr/bin/tar: ../../../../../usr/local/lib/android/sdk/platforms/android-35-ext14/data/res/values-mcc310-mnc660-fr-rCA: Cannot utime: Operation not permitted
build	Cache Android SDK	2026-06-06T12:22:44.9823598Z /usr/bin/tar: ../../../../../usr/local/lib/android/sdk/platforms/android-35-ext14/data/res/values-mcc310-mnc660-fr-rCA: Cannot change mode to rwxr-xr-x: Operation not permitted
build	Cache Android SDK	2026-06-06T12:22:44.9826444Z /usr/bin/tar: ../../../../../usr/local/lib/android/sdk/platforms/android-35-ext14/data/res/values-mcc310-mnc280-hy: Cannot utime: Operation not permitted
build	Cache Android SDK	2026-06-06T12:22:44.9826908Z /usr/bin/tar: ../../../../../usr/local/lib/android/sdk/platforms/android-35-ext14/data/res/values-mcc310-mnc280-hy: Cannot change mode to rwxr-xr-x: Operation not permitted
build	Cache Android SDK	2026-06-06T12:22:44.9829515Z /usr/bin/tar: ../../../../../usr/local/lib/android/sdk/platforms/android-35-ext14/data/res/values-mcc334-mnc020-zh-rTW: Cannot utime: Operation not permitted
build	Cache Android SDK	2026-06-06T12:22:44.9829992Z /usr/bin/tar: ../../../../../usr/local/lib/android/sdk/platforms/android-35-ext14/data/res/values-mcc334-mnc020-zh-rTW: Cannot change mode to rwxr-xr-x: Operation not permitted
build	Cache Android SDK	2026-06-06T12:22:44.9832684Z /usr/bin/tar: ../../../../../usr/local/lib/android/sdk/platforms/android-35-ext14/data/res/values-mcc310-mnc270-fr-rCA: Cannot utime: Operation not permitted
build	Cache Android SDK	2026-06-06T12:22:44.9833163Z /usr/bin/tar: ../../../../../usr/local/lib/android/sdk/platforms/android-35-ext14/data/res/values-mcc310-mnc270-fr-rCA: Cannot change mode to rwxr-xr-x: Operation not permitted
build	Cache Android SDK	2026-06-06T12:22:44.9835722Z /usr/bin/tar: ../../../../../usr/local/lib/android/sdk/platforms/android-35-ext14/data/res/values-mcc310-mnc410-de: Cannot utime: Operation not permitted
build	Cache Android SDK	2026-06-06T12:22:44.9836181Z /usr/bin/tar: ../../../../../usr/local/lib/android/sdk/platforms/android-35-ext14/data/res/values-mcc310-mnc410-de: Cannot change mode to rwxr-xr-x: Operation not permitted
build	Cache Android SDK	2026-06-06T12:22:44.9839041Z /usr/bin/tar: ../../../../../usr/local/lib/android/sdk/platforms/android-35-ext14/data/res/values-mcc310-mnc560-zh-rCN: Cannot utime: Operation not permitted
build	Cache Android SDK	2026-06-06T12:22:44.9839522Z /usr/bin/tar: ../../../../../usr/local/lib/android/sdk/platforms/android-35-ext14/data/res/values-mcc310-mnc560-zh-rCN: Cannot change mode to rwxr-xr-x: Operation not permitted
build	Cache Android SDK	2026-06-06T12:22:44.9842260Z /usr/bin/tar: ../../../../../usr/local/lib/android/sdk/platforms/android-35-ext14/data/res/values-mcc310-mnc240-th: Cannot utime: Operation not permitted
build	Cache Android SDK	2026-06-06T12:22:44.9842727Z /usr/bin/tar: ../../../../../usr/local/lib/android/sdk/platforms/android-35-ext14/data/res/values-mcc310-mnc240-th: Cannot change mode to rwxr-xr-x: Operation not permitted
build	Cache Android SDK	2026-06-06T12:22:44.9845929Z /usr/bin/tar: ../../../../../usr/local/lib/android/sdk/platforms/android-35-ext14/data/res/values-mcc310-mnc030-fr-rCA: Cannot utime: Operation not permitted
build	Cache Android SDK	2026-06-06T12:22:44.9846406Z /usr/bin/tar: ../../../../../usr/local/lib/android/sdk/platforms/android-35-ext14/data/res/values-mcc310-mnc030-fr-rCA: Cannot change mode to rwxr-xr-x: Operation not permitted
build	Cache Android SDK	2026-06-06T12:22:44.9849123Z /usr/bin/tar: ../../../../../usr/local/lib/android/sdk/platforms/android-35-ext14/data/res/values-mcc310-mnc380-en-rGB: Cannot utime: Operation not permitted
build	Cache Android SDK	2026-06-06T12:22:44.9849598Z /usr/bin/tar: ../../../../../usr/local/lib/android/sdk/platforms/android-35-ext14/data/res/values-mcc310-mnc380-en-rGB: Cannot change mode to rwxr-xr-x: Operation not permitted
build	Cache Android SDK	2026-06-06T12:22:44.9852724Z /usr/bin/tar: ../../../../../usr/local/lib/android/sdk/platforms/android-35-ext14/data/res/values-mcc310-mnc250-ms: Cannot utime: Operation not permitted
build	Cache Android SDK	2026-06-06T12:22:44.9853184Z /usr/bin/tar: ../../../../../usr/local/lib/android/sdk/platforms/android-35-ext14/data/res/values-mcc310-mnc250-ms: Cannot change mode to rwxr-xr-x: Operation not permitted
build	Cache Android SDK	2026-06-06T12:22:44.9856129Z /usr/bin/tar: ../../../../../usr/local/lib/android/sdk/platforms/android-35-ext14/data/res/values-zh-rCN-television: Cannot utime: Operation not permitted
build	Cache Android SDK	2026-06-06T12:22:44.9856762Z /usr/bin/tar: ../../../../../usr/local/lib/android/sdk/platforms/android-35-ext14/data/res/values-zh-rCN-television: Cannot change mode to rwxr-xr-x: Operation not permitted
build	Cache Android SDK	2026-06-06T12:22:44.9859441Z /usr/bin/tar: ../../../../../usr/local/lib/android/sdk/platforms/android-35-ext14/data/res/values-mcc310-mnc150-cs: Cannot utime: Operation not permitted
build	Cache Android SDK	2026-06-06T12:22:44.9859914Z /usr/bin/tar: ../../../../../usr/local/lib/android/sdk/platforms/android-35-ext14/data/res/values-mcc310-mnc150-cs: Cannot change mode to rwxr-xr-x: Operation not permitted
build	Cache Android SDK	2026-06-06T12:22:44.9862531Z /usr/bin/tar: ../../../../../usr/local/lib/android/sdk/platforms/android-35-ext14/data/res/values-mcc310-mnc200-lt: Cannot utime: Operation not permitted
build	Cache Android SDK	2026-06-06T12:22:44.9862996Z /usr/bin/tar: ../../../../../usr/local/lib/android/sdk/platforms/android-35-ext14/data/res/values-mcc310-mnc200-lt: Cannot change mode to rwxr-xr-x: Operation not permitted
build	Cache Android SDK	2026-06-06T12:22:44.9866158Z /usr/bin/tar: ../../../../../usr/local/lib/android/sdk/platforms/android-35-ext14/data/res/values-mcc310-mnc150-de: Cannot utime: Operation not permitted
build	Cache Android SDK	2026-06-06T12:22:44.9866613Z /usr/bin/tar: ../../../../../usr/local/lib/android/sdk/platforms/android-35-ext14/data/res/values-mcc310-mnc150-de: Cannot change mode to rwxr-xr-x: Operation not permitted
build	Cache Android SDK	2026-06-06T12:22:44.9869406Z /usr/bin/tar: ../../../../../usr/local/lib/android/sdk/platforms/android-35-ext14/data/res/values-mcc001-mnc01-ms: Cannot utime: Operation not permitted
build	Cache Android SDK	2026-06-06T12:22:44.9869873Z /usr/bin/tar: ../../../../../usr/local/lib/android/sdk/platforms/android-35-ext14/data/res/values-mcc001-mnc01-ms: Cannot change mode to rwxr-xr-x: Operation not permitted
build	Cache Android SDK	2026-06-06T12:22:44.9872455Z /usr/bin/tar: ../../../../../usr/local/lib/android/sdk/platforms/android-35-ext14/data/res/values-ta-watch: Cannot utime: Operation not permitted
build	Cache Android SDK	2026-06-06T12:22:44.9873059Z /usr/bin/tar: ../../../../../usr/local/lib/android/sdk/platforms/android-35-ext14/data/res/values-ta-watch: Cannot change mode to rwxr-xr-x: Operation not permitted
build	Cache Android SDK	2026-06-06T12:22:44.9875897Z /usr/bin/tar: ../../../../../usr/local/lib/android/sdk/platforms/android-35-ext14/data/res/values-mcc310-mnc160-is: Cannot utime: Operation not permitted
build	Cache Android SDK	2026-06-06T12:22:44.9876361Z /usr/bin/tar: ../../../../../usr/local/lib/android/sdk/platforms/android-35-ext14/data/res/values-mcc310-mnc160-is: Cannot change mode to rwxr-xr-x: Operation not permitted
build	Cache Android SDK	2026-06-06T12:22:44.9879426Z /usr/bin/tar: ../../../../../usr/local/lib/android/sdk/platforms/android-35-ext14/data/res/values-mcc310-mnc230-zu: Cannot utime: Operation not permitted
build	Cache Android SDK	2026-06-06T12:22:44.9879886Z /usr/bin/tar: ../../../../../usr/local/lib/android/sdk/platforms/android-35-ext14/data/res/values-mcc310-mnc230-zu: Cannot change mode to rwxr-xr-x: Operation not permitted
build	Cache Android SDK	2026-06-06T12:22:44.9882895Z /usr/bin/tar: ../../../../../usr/local/lib/android/sdk/platforms/android-35-ext14/data/res/values-mcc312-mnc670-ca: Cannot utime: Operation not permitted
build	Cache Android SDK	2026-06-06T12:22:44.9883498Z /usr/bin/tar: ../../../../../usr/local/lib/android/sdk/platforms/android-35-ext14/data/res/values-mcc312-mnc670-ca: Cannot change mode to rwxr-xr-x: Operation not permitted
build	Cache Android SDK	2026-06-06T12:22:44.9886434Z /usr/bin/tar: ../../../../../usr/local/lib/android/sdk/platforms/android-35-ext14/data/res/values-mcc302-mnc720-es: Cannot utime: Operation not permitted
build	Cache Android SDK	2026-06-06T12:22:44.9886897Z /usr/bin/tar: ../../../../../usr/local/lib/android/sdk/platforms/android-35-ext14/data/res/values-mcc302-mnc720-es: Cannot change mode to rwxr-xr-x: Operation not permitted
build	Cache Android SDK	2026-06-06T12:22:44.9889458Z /usr/bin/tar: ../../../../../usr/local/lib/android/sdk/platforms/android-35-ext14/data/res/values-mcc310-mnc280-zh-rHK: Cannot utime: Operation not permitted
build	Cache Android SDK	2026-06-06T12:22:44.9889933Z /usr/bin/tar: ../../../../../usr/local/lib/android/sdk/platforms/android-35-ext14/data/res/values-mcc310-mnc280-zh-rHK: Cannot change mode to rwxr-xr-x: Operation not permitted
build	Cache Android SDK	2026-06-06T12:22:44.9892990Z /usr/bin/tar: ../../../../../usr/local/lib/android/sdk/platforms/android-35-ext14/data/res/values-mcc334-mnc020-en-rIN: Cannot utime: Operation not permitted
build	Cache Android SDK	2026-06-06T12:22:44.9893458Z /usr/bin/tar: ../../../../../usr/local/lib/android/sdk/platforms/android-35-ext14/data/res/values-mcc334-mnc020-en-rIN: Cannot change mode to rwxr-xr-x: Operation not permitted
build	Cache Android SDK	2026-06-06T12:22:44.9895948Z /usr/bin/tar: ../../../../../usr/local/lib/android/sdk/platforms/android-35-ext14/data/res/values-mcc001-mnc01-bg: Cannot utime: Operation not permitted
build	Cache Android SDK	2026-06-06T12:22:44.9896414Z /usr/bin/tar: ../../../../../usr/local/lib/android/sdk/platforms/android-35-ext14/data/res/values-mcc001-mnc01-bg: Cannot change mode to rwxr-xr-x: Operation not permitted
build	Cache Android SDK	2026-06-06T12:22:44.9899277Z /usr/bin/tar: ../../../../../usr/local/lib/android/sdk/platforms/android-35-ext14/data/res/values-mcc312: Cannot utime: Operation not permitted
build	Cache Android SDK	2026-06-06T12:22:44.9899718Z /usr/bin/tar: ../../../../../usr/local/lib/android/sdk/platforms/android-35-ext14/data/res/values-mcc312: Cannot change mode to rwxr-xr-x: Operation not permitted
build	Cache Android SDK	2026-06-06T12:22:44.9902531Z /usr/bin/tar: ../../../../../usr/local/lib/android/sdk/platforms/android-35-ext14/data/res/raw-ko: Cannot utime: Operation not permitted
build	Cache Android SDK	2026-06-06T12:22:44.9902935Z /usr/bin/tar: ../../../../../usr/local/lib/android/sdk/platforms/android-35-ext14/data/res/raw-ko: Cannot change mode to rwxr-xr-x: Operation not permitted
build	Cache Android SDK	2026-06-06T12:22:44.9905451Z /usr/bin/tar: ../../../../../usr/local/lib/android/sdk/platforms/android-35-ext14/data/res/values-mcc466-mnc07: Cannot utime: Operation not permitted
build	Cache Android SDK	2026-06-06T12:22:44.9905901Z /usr/bin/tar: ../../../../../usr/local/lib/android/sdk/platforms/android-35-ext14/data/res/values-mcc466-mnc07: Cannot change mode to rwxr-xr-x: Operation not permitted
build	Cache Android SDK	2026-06-06T12:22:45.0413828Z /usr/bin/tar: ../../../../../usr/local/lib/android/sdk/platforms/android-35-ext14/data/res/drawable-mdpi: Cannot utime: Operation not permitted
build	Cache Android SDK	2026-06-06T12:22:45.0415342Z /usr/bin/tar: ../../../../../usr/local/lib/android/sdk/platforms/android-35-ext14/data/res/drawable-mdpi: Cannot change mode to rwxr-xr-x: Operation not permitted
build	Cache Android SDK	2026-06-06T12:22:45.0416614Z /usr/bin/tar: ../../../../../usr/local/lib/android/sdk/platforms/android-35-ext14/data/res/values-mcc310-mnc170-gu: Cannot utime: Operation not permitted
build	Cache Android SDK	2026-06-06T12:22:45.0417714Z /usr/bin/tar: ../../../../../usr/local/lib/android/sdk/platforms/android-35-ext14/data/res/values-mcc310-mnc170-gu: Cannot change mode to rwxr-xr-x: Operation not permitted
build	Cache Android SDK	2026-06-06T12:22:45.0419979Z /usr/bin/tar: ../../../../../usr/local/lib/android/sdk/platforms/android-35-ext14/data/res/values-mcc313-mnc100-bg: Cannot utime: Operation not permitted
build	Cache Android SDK	2026-06-06T12:22:45.0420943Z /usr/bin/tar: ../../../../../usr/local/lib/android/sdk/platforms/android-35-ext14/data/res/values-mcc313-mnc100-bg: Cannot change mode to rwxr-xr-x: Operation not permitted
build	Cache Android SDK	2026-06-06T12:22:45.0422939Z /usr/bin/tar: ../../../../../usr/local/lib/android/sdk/platforms/android-35-ext14/data/res/values-mcc312-mnc670-hr: Cannot utime: Operation not permitted
build	Cache Android SDK	2026-06-06T12:22:45.0424071Z /usr/bin/tar: ../../../../../usr/local/lib/android/sdk/platforms/android-35-ext14/data/res/values-mcc312-mnc670-hr: Cannot change mode to rwxr-xr-x: Operation not permitted
build	Cache Android SDK	2026-06-06T12:22:45.0426372Z /usr/bin/tar: ../../../../../usr/local/lib/android/sdk/platforms/android-35-ext14/data/res/values-mcc310-mnc170-bs: Cannot utime: Operation not permitted
build	Cache Android SDK	2026-06-06T12:22:45.0427574Z /usr/bin/tar: ../../../../../usr/local/lib/android/sdk/platforms/android-35-ext14/data/res/values-mcc310-mnc170-bs: Cannot change mode to rwxr-xr-x: Operation not permitted
build	Cache Android SDK	2026-06-06T12:22:45.0429306Z /usr/bin/tar: ../../../../../usr/local/lib/android/sdk/platforms/android-35-ext14/data/res/values-mcc310-mnc030-bn: Cannot utime: Operation not permitted
build	Cache Android SDK	2026-06-06T12:22:45.0430394Z /usr/bin/tar: ../../../../../usr/local/lib/android/sdk/platforms/android-35-ext14/data/res/values-mcc310-mnc030-bn: Cannot change mode to rwxr-xr-x: Operation not permitted
build	Cache Android SDK	2026-06-06T12:22:45.0432381Z /usr/bin/tar: ../../../../../usr/local/lib/android/sdk/platforms/android-35-ext14/data/res/values-mcc310-mnc230-lt: Cannot utime: Operation not permitted
build	Cache Android SDK	2026-06-06T12:22:45.0433341Z /usr/bin/tar: ../../../../../usr/local/lib/android/sdk/platforms/android-35-ext14/data/res/values-mcc310-mnc230-lt: Cannot change mode to rwxr-xr-x: Operation not permitted
build	Cache Android SDK	2026-06-06T12:22:45.0435682Z /usr/bin/tar: ../../../../../usr/local/lib/android/sdk/platforms/android-35-ext14/data/res/values-mcc310-mnc150-vi: Cannot utime: Operation not permitted
build	Cache Android SDK	2026-06-06T12:22:45.0436696Z /usr/bin/tar: ../../../../../usr/local/lib/android/sdk/platforms/android-35-ext14/data/res/values-mcc310-mnc150-vi: Cannot change mode to rwxr-xr-x: Operation not permitted
build	Cache Android SDK	2026-06-06T12:22:45.0439298Z /usr/bin/tar: ../../../../../usr/local/lib/android/sdk/platforms/android-35-ext14/data/res/values-mcc001-mnc01-el: Cannot utime: Operation not permitted
build	Cache Android SDK	2026-06-06T12:22:45.0440286Z /usr/bin/tar: ../../../../../usr/local/lib/android/sdk/platforms/android-35-ext14/data/res/values-mcc001-mnc01-el: Cannot change mode to rwxr-xr-x: Operation not permitted
build	Cache Android SDK	2026-06-06T12:22:45.0442387Z /usr/bin/tar: ../../../../../usr/local/lib/android/sdk/platforms/android-35-ext14/data/res/values-mcc310-mnc230-ca: Cannot utime: Operation not permitted
build	Cache Android SDK	2026-06-06T12:22:45.0443396Z /usr/bin/tar: ../../../../../usr/local/lib/android/sdk/platforms/android-35-ext14/data/res/values-mcc310-mnc230-ca: Cannot change mode to rwxr-xr-x: Operation not permitted
build	Cache Android SDK	2026-06-06T12:22:45.0445094Z /usr/bin/tar: ../../../../../usr/local/lib/android/sdk/platforms/android-35-ext14/data/res/values-mcc310-mnc200-el: Cannot utime: Operation not permitted
build	Cache Android SDK	2026-06-06T12:22:45.0446069Z /usr/bin/tar: ../../../../../usr/local/lib/android/sdk/platforms/android-35-ext14/data/res/values-mcc310-mnc200-el: Cannot change mode to rwxr-xr-x: Operation not permitted
build	Cache Android SDK	2026-06-06T12:22:45.0448206Z /usr/bin/tar: ../../../../../usr/local/lib/android/sdk/platforms/android-35-ext14/data/res/values-mcc310-mnc160-lv: Cannot utime: Operation not permitted
build	Cache Android SDK	2026-06-06T12:22:45.0449161Z /usr/bin/tar: ../../../../../usr/local/lib/android/sdk/platforms/android-35-ext14/data/res/values-mcc310-mnc160-lv: Cannot change mode to rwxr-xr-x: Operation not permitted
build	Cache Android SDK	2026-06-06T12:22:45.0451908Z /usr/bin/tar: ../../../../../usr/local/lib/android/sdk/platforms/android-35-ext14/data/res/values-mcc310-mnc220-ko: Cannot utime: Operation not permitted
build	Cache Android SDK	2026-06-06T12:22:45.0452912Z /usr/bin/tar: ../../../../../usr/local/lib/android/sdk/platforms/android-35-ext14/data/res/values-mcc310-mnc220-ko: Cannot change mode to rwxr-xr-x: Operation not permitted
build	Cache Android SDK	2026-06-06T12:22:45.0454685Z /usr/bin/tar: ../../../../../usr/local/lib/android/sdk/platforms/android-35-ext14/data/res/values-mcc310-mnc280-pl: Cannot utime: Operation not permitted
build	Cache Android SDK	2026-06-06T12:22:45.0455652Z /usr/bin/tar: ../../../../../usr/local/lib/android/sdk/platforms/android-35-ext14/data/res/values-mcc310-mnc280-pl: Cannot change mode to rwxr-xr-x: Operation not permitted
build	Cache Android SDK	2026-06-06T12:22:45.0458023Z /usr/bin/tar: ../../../../../usr/local/lib/android/sdk/platforms/android-35-ext14/data/res/values-nl-rNL: Cannot utime: Operation not permitted
build	Cache Android SDK	2026-06-06T12:22:45.0458943Z /usr/bin/tar: ../../../../../usr/local/lib/android/sdk/platforms/android-35-ext14/data/res/values-nl-rNL: Cannot change mode to rwxr-xr-x: Operation not permitted
build	Cache Android SDK	2026-06-06T12:22:45.0462349Z /usr/bin/tar: ../../../../../usr/local/lib/android/sdk/platforms/android-35-ext14/data/res/values-mcc001-mnc01-es-rUS: Cannot utime: Operation not permitted
build	Cache Android SDK	2026-06-06T12:22:45.0463970Z /usr/bin/tar: ../../../../../usr/local/lib/android/sdk/platforms/android-35-ext14/data/res/values-mcc001-mnc01-es-rUS: Cannot change mode to rwxr-xr-x: Operation not permitted
build	Cache Android SDK	2026-06-06T12:22:45.0465563Z /usr/bin/tar: ../../../../../usr/local/lib/android/sdk/platforms/android-35-ext14/data/res/values-mcc302-mnc370-gu: Cannot utime: Operation not permitted
build	Cache Android SDK	2026-06-06T12:22:45.0466702Z /usr/bin/tar: ../../../../../usr/local/lib/android/sdk/platforms/android-35-ext14/data/res/values-mcc302-mnc370-gu: Cannot change mode to rwxr-xr-x: Operation not permitted
build	Cache Android SDK	2026-06-06T12:22:45.0469624Z /usr/bin/tar: ../../../../../usr/local/lib/android/sdk/platforms/android-35-ext14/data/res/values-mcc310-mnc490-b+sr+Latn: Cannot utime: Operation not permitted
build	Cache Android SDK	2026-06-06T12:22:45.0470684Z /usr/bin/tar: ../../../../../usr/local/lib/android/sdk/platforms/android-35-ext14/data/res/values-mcc310-mnc490-b+sr+Latn: Cannot change mode to rwxr-xr-x: Operation not permitted
build	Cache Android SDK	2026-06-06T12:22:45.0473172Z /usr/bin/tar: ../../../../../usr/local/lib/android/sdk/platforms/android-35-ext14/data/res/values-mcc310-mnc950-uk: Cannot utime: Operation not permitted
build	Cache Android SDK	2026-06-06T12:22:45.0474166Z /usr/bin/tar: ../../../../../usr/local/lib/android/sdk/platforms/android-35-ext14/data/res/values-mcc310-mnc950-uk: Cannot change mode to rwxr-xr-x: Operation not permitted
build	Cache Android SDK	2026-06-06T12:22:45.0476753Z /usr/bin/tar: ../../../../../usr/local/lib/android/sdk/platforms/android-35-ext14/data/res/values-mcc310-mnc660-ml: Cannot utime: Operation not permitted
build	Cache Android SDK	2026-06-06T12:22:45.0478025Z /usr/bin/tar: ../../../../../usr/local/lib/android/sdk/platforms/android-35-ext14/data/res/values-mcc310-mnc660-ml: Cannot change mode to rwxr-xr-x: Operation not permitted
build	Cache Android SDK	2026-06-06T12:22:45.0493999Z /usr/bin/tar: ../../../../../usr/local/lib/android/sdk/platforms/android-35-ext14/data/res/values-mcc314: Cannot utime: Operation not permitted
build	Cache Android SDK	2026-06-06T12:22:45.0495519Z /usr/bin/tar: ../../../../../usr/local/lib/android/sdk/platforms/android-35-ext14/data/res/values-mcc314: Cannot change mode to rwxr-xr-x: Operation not permitted
build	Cache Android SDK	2026-06-06T12:22:45.0496487Z /usr/bin/tar: ../../../../../usr/local/lib/android/sdk/platforms/android-35-ext14/data/res/values-mcc310-mnc200-te: Cannot utime: Operation not permitted
build	Cache Android SDK	2026-06-06T12:22:45.0498118Z /usr/bin/tar: ../../../../../usr/local/lib/android/sdk/platforms/android-35-ext14/data/res/values-mcc310-mnc200-te: Cannot change mode to rwxr-xr-x: Operation not permitted
build	Cache Android SDK	2026-06-06T12:22:45.0499499Z /usr/bin/tar: ../../../../../usr/local/lib/android/sdk/platforms/android-35-ext14/data/res/values-mcc311-mnc180-nb: Cannot utime: Operation not permitted
build	Cache Android SDK	2026-06-06T12:22:45.0500456Z /usr/bin/tar: ../../../../../usr/local/lib/android/sdk/platforms/android-35-ext14/data/res/values-mcc311-mnc180-nb: Cannot change mode to rwxr-xr-x: Operation not permitted
build	Cache Android SDK	2026-06-06T12:22:45.0502184Z /usr/bin/tar: ../../../../../usr/local/lib/android/sdk/platforms/android-35-ext14/data/res/values-mcc310-mnc250-zh-rHK: Cannot utime: Operation not permitted
build	Cache Android SDK	2026-06-06T12:22:45.0503230Z /usr/bin/tar: ../../../../../usr/local/lib/android/sdk/platforms/android-35-ext14/data/res/values-mcc310-mnc250-zh-rHK: Cannot change mode to rwxr-xr-x: Operation not permitted
build	Cache Android SDK	2026-06-06T12:22:45.0504557Z /usr/bin/tar: ../../../../../usr/local/lib/android/sdk/platforms/android-35-ext14/data/res/values-mcc310-mnc310-lo: Cannot utime: Operation not permitted
build	Cache Android SDK	2026-06-06T12:22:45.0506018Z /usr/bin/tar: ../../../../../usr/local/lib/android/sdk/platforms/android-35-ext14/data/res/values-mcc310-mnc310-lo: Cannot change mode to rwxr-xr-x: Operation not permitted
build	Cache Android SDK	2026-06-06T12:22:45.0507078Z /usr/bin/tar: ../../../../../usr/local/lib/android/sdk/platforms/android-35-ext14/data/res/values-mcc001-mnc01-pt-rBR: Cannot utime: Operation not permitted
build	Cache Android SDK	2026-06-06T12:22:45.0510338Z /usr/bin/tar: ../../../../../usr/local/lib/android/sdk/platforms/android-35-ext14/data/res/values-mcc001-mnc01-pt-rBR: Cannot change mode to rwxr-xr-x: Operation not permitted
build	Cache Android SDK	2026-06-06T12:22:45.0512120Z /usr/bin/tar: ../../../../../usr/local/lib/android/sdk/platforms/android-35-ext14/data/res/values-mcc310-mnc660-ja: Cannot utime: Operation not permitted
build	Cache Android SDK	2026-06-06T12:22:45.0513602Z /usr/bin/tar: ../../../../../usr/local/lib/android/sdk/platforms/android-35-ext14/data/res/values-mcc310-mnc660-ja: Cannot change mode to rwxr-xr-x: Operation not permitted
build	Cache Android SDK	2026-06-06T12:22:45.0515445Z /usr/bin/tar: ../../../../../usr/local/lib/android/sdk/platforms/android-35-ext14/data/res/values-mcc310-mnc280-bg: Cannot utime: Operation not permitted
build	Cache Android SDK	2026-06-06T12:22:45.0517309Z /usr/bin/tar: ../../../../../usr/local/lib/android/sdk/platforms/android-35-ext14/data/res/values-mcc310-mnc280-bg: Cannot change mode to rwxr-xr-x: Operation not permitted
build	Cache Android SDK	2026-06-06T12:22:45.0519145Z /usr/bin/tar: ../../../../../usr/local/lib/android/sdk/platforms/android-35-ext14/data/res/values-mcc310-mnc800-am: Cannot utime: Operation not permitted
build	Cache Android SDK	2026-06-06T12:22:45.0520682Z /usr/bin/tar: ../../../../../usr/local/lib/android/sdk/platforms/android-35-ext14/data/res/values-mcc310-mnc800-am: Cannot change mode to rwxr-xr-x: Operation not permitted
build	Cache Android SDK	2026-06-06T12:22:45.0522176Z /usr/bin/tar: ../../../../../usr/local/lib/android/sdk/platforms/android-35-ext14/data/res/values-mcc310-mnc170-vi: Cannot utime: Operation not permitted
build	Cache Android SDK	2026-06-06T12:22:45.0523996Z /usr/bin/tar: ../../../../../usr/local/lib/android/sdk/platforms/android-35-ext14/data/res/values-mcc310-mnc170-vi: Cannot change mode to rwxr-xr-x: Operation not permitted
build	Cache Android SDK	2026-06-06T12:22:45.0525063Z /usr/bin/tar: ../../../../../usr/local/lib/android/sdk/platforms/android-35-ext14/data/res/values-mcc310-mnc310-zu: Cannot utime: Operation not permitted
build	Cache Android SDK	2026-06-06T12:22:45.0526166Z /usr/bin/tar: ../../../../../usr/local/lib/android/sdk/platforms/android-35-ext14/data/res/values-mcc310-mnc310-zu: Cannot change mode to rwxr-xr-x: Operation not permitted
build	Cache Android SDK	2026-06-06T12:22:45.0527968Z /usr/bin/tar: ../../../../../usr/local/lib/android/sdk/platforms/android-35-ext14/data/res/values-mcc310-mnc160-bs: Cannot utime: Operation not permitted
build	Cache Android SDK	2026-06-06T12:22:45.0529011Z /usr/bin/tar: ../../../../../usr/local/lib/android/sdk/platforms/android-35-ext14/data/res/values-mcc310-mnc160-bs: Cannot change mode to rwxr-xr-x: Operation not permitted
build	Cache Android SDK	2026-06-06T12:22:45.0530216Z /usr/bin/tar: ../../../../../usr/local/lib/android/sdk/platforms/android-35-ext14/data/res/anim-watch: Cannot utime: Operation not permitted
build	Cache Android SDK	2026-06-06T12:22:45.0531753Z /usr/bin/tar: ../../../../../usr/local/lib/android/sdk/platforms/android-35-ext14/data/res/anim-watch: Cannot change mode to rwxr-xr-x: Operation not permitted
build	Cache Android SDK	2026-06-06T12:22:45.0532706Z /usr/bin/tar: ../../../../../usr/local/lib/android/sdk/platforms/android-35-ext14/data/res/values-mcc334-mnc020-en-rCA: Cannot utime: Operation not permitted
build	Cache Android SDK	2026-06-06T12:22:45.0534223Z /usr/bin/tar: ../../../../../usr/local/lib/android/sdk/platforms/android-35-ext14/data/res/values-mcc334-mnc020-en-rCA: Cannot change mode to rwxr-xr-x: Operation not permitted
build	Cache Android SDK	2026-06-06T12:22:45.0535476Z /usr/bin/tar: ../../../../../usr/local/lib/android/sdk/platforms/android-35-ext14/data/res/values-lv-television: Cannot utime: Operation not permitted
build	Cache Android SDK	2026-06-06T12:22:45.0536518Z /usr/bin/tar: ../../../../../usr/local/lib/android/sdk/platforms/android-35-ext14/data/res/values-lv-television: Cannot change mode to rwxr-xr-x: Operation not permitted
build	Cache Android SDK	2026-06-06T12:22:45.0538766Z /usr/bin/tar: ../../../../../usr/local/lib/android/sdk/platforms/android-35-ext14/data/res/values-mcc310-mnc210-ko: Cannot utime: Operation not permitted
build	Cache Android SDK	2026-06-06T12:22:45.0539910Z /usr/bin/tar: ../../../../../usr/local/lib/android/sdk/platforms/android-35-ext14/data/res/values-mcc310-mnc210-ko: Cannot change mode to rwxr-xr-x: Operation not permitted
build	Cache Android SDK	2026-06-06T12:22:45.0541641Z /usr/bin/tar: ../../../../../usr/local/lib/android/sdk/platforms/android-35-ext14/data/res/values-mcc310-mnc150-fr-rCA: Cannot utime: Operation not permitted
build	Cache Android SDK	2026-06-06T12:22:45.0542635Z /usr/bin/tar: ../../../../../usr/local/lib/android/sdk/platforms/android-35-ext14/data/res/values-mcc310-mnc150-fr-rCA: Cannot change mode to rwxr-xr-x: Operation not permitted
build	Cache Android SDK	2026-06-06T12:22:45.0544176Z /usr/bin/tar: ../../../../../usr/local/lib/android/sdk/platforms/android-35-ext14/data/res/values-mcc310-mnc030-pt-rBR: Cannot utime: Operation not permitted
build	Cache Android SDK	2026-06-06T12:22:45.0545820Z /usr/bin/tar: ../../../../../usr/local/lib/android/sdk/platforms/android-35-ext14/data/res/values-mcc310-mnc030-pt-rBR: Cannot change mode to rwxr-xr-x: Operation not permitted
build	Cache Android SDK	2026-06-06T12:22:45.0547207Z /usr/bin/tar: ../../../../../usr/local/lib/android/sdk/platforms/android-35-ext14/data/res/values-mcc334-mnc020-lv: Cannot utime: Operation not permitted
build	Cache Android SDK	2026-06-06T12:22:45.0548372Z /usr/bin/tar: ../../../../../usr/local/lib/android/sdk/platforms/android-35-ext14/data/res/values-mcc334-mnc020-lv: Cannot change mode to rwxr-xr-x: Operation not permitted
build	Cache Android SDK	2026-06-06T12:22:45.0551117Z /usr/bin/tar: ../../../../../usr/local/lib/android/sdk/platforms/android-35-ext14/data/res/values-hr-watch: Cannot utime: Operation not permitted
build	Cache Android SDK	2026-06-06T12:22:45.0552031Z /usr/bin/tar: ../../../../../usr/local/lib/android/sdk/platforms/android-35-ext14/data/res/values-hr-watch: Cannot change mode to rwxr-xr-x: Operation not permitted
build	Cache Android SDK	2026-06-06T12:22:45.0554044Z /usr/bin/tar: ../../../../../usr/local/lib/android/sdk/platforms/android-35-ext14/data/res/values-mcc310-mnc380-lo: Cannot utime: Operation not permitted
build	Cache Android SDK	2026-06-06T12:22:45.0555007Z /usr/bin/tar: ../../../../../usr/local/lib/android/sdk/platforms/android-35-ext14/data/res/values-mcc310-mnc380-lo: Cannot change mode to rwxr-xr-x: Operation not permitted
build	Cache Android SDK	2026-06-06T12:22:45.0557649Z /usr/bin/tar: ../../../../../usr/local/lib/android/sdk/platforms/android-35-ext14/data/res/values-mcc311-mnc180-mk: Cannot utime: Operation not permitted
build	Cache Android SDK	2026-06-06T12:22:45.0558834Z /usr/bin/tar: ../../../../../usr/local/lib/android/sdk/platforms/android-35-ext14/data/res/values-mcc311-mnc180-mk: Cannot change mode to rwxr-xr-x: Operation not permitted
build	Cache Android SDK	2026-06-06T12:22:45.0560467Z /usr/bin/tar: ../../../../../usr/local/lib/android/sdk/platforms/android-35-ext14/data/res/values-mcc310-mnc170-ro: Cannot utime: Operation not permitted
build	Cache Android SDK	2026-06-06T12:22:45.0561422Z /usr/bin/tar: ../../../../../usr/local/lib/android/sdk/platforms/android-35-ext14/data/res/values-mcc310-mnc170-ro: Cannot change mode to rwxr-xr-x: Operation not permitted
build	Cache Android SDK	2026-06-06T12:22:45.0563698Z /usr/bin/tar: ../../../../../usr/local/lib/android/sdk/platforms/android-35-ext14/data/res/values-mcc310-mnc200-bn: Cannot utime: Operation not permitted
build	Cache Android SDK	2026-06-06T12:22:45.0564670Z /usr/bin/tar: ../../../../../usr/local/lib/android/sdk/platforms/android-35-ext14/data/res/values-mcc310-mnc200-bn: Cannot change mode to rwxr-xr-x: Operation not permitted
build	Cache Android SDK	2026-06-06T12:22:45.0567231Z /usr/bin/tar: ../../../../../usr/local/lib/android/sdk/platforms/android-35-ext14/data/res/values-mcc310-mnc250: Cannot utime: Operation not permitted
build	Cache Android SDK	2026-06-06T12:22:45.0568390Z /usr/bin/tar: ../../../../../usr/local/lib/android/sdk/platforms/android-35-ext14/data/res/values-mcc310-mnc250: Cannot change mode to rwxr-xr-x: Operation not permitted
build	Cache Android SDK	2026-06-06T12:22:45.0570610Z /usr/bin/tar: ../../../../../usr/local/lib/android/sdk/platforms/android-35-ext14/data/res/values-mcc310-mnc660-ru: Cannot utime: Operation not permitted
build	Cache Android SDK	2026-06-06T12:22:45.0571586Z /usr/bin/tar: ../../../../../usr/local/lib/android/sdk/platforms/android-35-ext14/data/res/values-mcc310-mnc660-ru: Cannot change mode to rwxr-xr-x: Operation not permitted
build	Cache Android SDK	2026-06-06T12:22:45.0574318Z /usr/bin/tar: ../../../../../usr/local/lib/android/sdk/platforms/android-35-ext14/data/res/values-mcc310-mnc220-pa: Cannot utime: Operation not permitted
build	Cache Android SDK	2026-06-06T12:22:45.0575288Z /usr/bin/tar: ../../../../../usr/local/lib/android/sdk/platforms/android-35-ext14/data/res/values-mcc310-mnc220-pa: Cannot change mode to rwxr-xr-x: Operation not permitted
build	Cache Android SDK	2026-06-06T12:22:45.0577879Z /usr/bin/tar: ../../../../../usr/local/lib/android/sdk/platforms/android-35-ext14/data/res/values-w204dp-round-watch: Cannot utime: Operation not permitted
build	Cache Android SDK	2026-06-06T12:22:45.0578935Z /usr/bin/tar: ../../../../../usr/local/lib/android/sdk/platforms/android-35-ext14/data/res/values-w204dp-round-watch: Cannot change mode to rwxr-xr-x: Operation not permitted
build	Cache Android SDK	2026-06-06T12:22:45.0581125Z /usr/bin/tar: ../../../../../usr/local/lib/android/sdk/platforms/android-35-ext14/data/res/values-mcc310-mnc800-ja: Cannot utime: Operation not permitted
build	Cache Android SDK	2026-06-06T12:22:45.0582103Z /usr/bin/tar: ../../../../../usr/local/lib/android/sdk/platforms/android-35-ext14/data/res/values-mcc310-mnc800-ja: Cannot change mode to rwxr-xr-x: Operation not permitted
build	Cache Android SDK	2026-06-06T12:22:45.0584868Z /usr/bin/tar: ../../../../../usr/local/lib/android/sdk/platforms/android-35-ext14/data/res/values-mcc310-mnc490-is: Cannot utime: Operation not permitted
build	Cache Android SDK	2026-06-06T12:22:45.0585838Z /usr/bin/tar: ../../../../../usr/local/lib/android/sdk/platforms/android-35-ext14/data/res/values-mcc310-mnc490-is: Cannot change mode to rwxr-xr-x: Operation not permitted
build	Cache Android SDK	2026-06-06T12:22:45.0588143Z /usr/bin/tar: ../../../../../usr/local/lib/android/sdk/platforms/android-35-ext14/data/res/values-mcc302-mnc720-fi: Cannot utime: Operation not permitted
build	Cache Android SDK	2026-06-06T12:22:45.0589116Z /usr/bin/tar: ../../../../../usr/local/lib/android/sdk/platforms/android-35-ext14/data/res/values-mcc302-mnc720-fi: Cannot change mode to rwxr-xr-x: Operation not permitted
build	Cache Android SDK	2026-06-06T12:22:45.0591884Z /usr/bin/tar: ../../../../../usr/local/lib/android/sdk/platforms/android-35-ext14/data/res/values-mcc310-mnc270-mn: Cannot utime: Operation not permitted
build	Cache Android SDK	2026-06-06T12:22:45.0592860Z /usr/bin/tar: ../../../../../usr/local/lib/android/sdk/platforms/android-35-ext14/data/res/values-mcc310-mnc270-mn: Cannot change mode to rwxr-xr-x: Operation not permitted
build	Cache Android SDK	2026-06-06T12:22:45.0595316Z /usr/bin/tar: ../../../../../usr/local/lib/android/sdk/platforms/android-35-ext14/data/res/values-mcc312-mnc670-ar: Cannot utime: Operation not permitted
build	Cache Android SDK	2026-06-06T12:22:45.0596272Z /usr/bin/tar: ../../../../../usr/local/lib/android/sdk/platforms/android-35-ext14/data/res/values-mcc312-mnc670-ar: Cannot change mode to rwxr-xr-x: Operation not permitted
build	Cache Android SDK	2026-06-06T12:22:45.0599063Z /usr/bin/tar: ../../../../../usr/local/lib/android/sdk/platforms/android-35-ext14/data/res/values-mcc313-mnc100-hu: Cannot utime: Operation not permitted
build	Cache Android SDK	2026-06-06T12:22:45.0600029Z /usr/bin/tar: ../../../../../usr/local/lib/android/sdk/platforms/android-35-ext14/data/res/values-mcc313-mnc100-hu: Cannot change mode to rwxr-xr-x: Operation not permitted
build	Cache Android SDK	2026-06-06T12:22:45.0602441Z /usr/bin/tar: ../../../../../usr/local/lib/android/sdk/platforms/android-35-ext14/data/res/values-in-television: Cannot utime: Operation not permitted
build	Cache Android SDK	2026-06-06T12:22:45.0603404Z /usr/bin/tar: ../../../../../usr/local/lib/android/sdk/platforms/android-35-ext14/data/res/values-in-television: Cannot change mode to rwxr-xr-x: Operation not permitted
build	Cache Android SDK	2026-06-06T12:22:45.0611260Z /usr/bin/tar: ../../../../../usr/local/lib/android/sdk/platforms/android-35-ext14/data/res/values-or: Cannot utime: Operation not permitted
build	Cache Android SDK	2026-06-06T12:22:45.0612576Z /usr/bin/tar: ../../../../../usr/local/lib/android/sdk/platforms/android-35-ext14/data/res/values-or: Cannot change mode to rwxr-xr-x: Operation not permitted
build	Cache Android SDK	2026-06-06T12:22:45.0614023Z /usr/bin/tar: ../../../../../usr/local/lib/android/sdk/platforms/android-35-ext14/data/res/values-mcc310-mnc230-b+sr+Latn: Cannot utime: Operation not permitted
build	Cache Android SDK	2026-06-06T12:22:45.0615120Z /usr/bin/tar: ../../../../../usr/local/lib/android/sdk/platforms/android-35-ext14/data/res/values-mcc310-mnc230-b+sr+Latn: Cannot change mode to rwxr-xr-x: Operation not permitted
build	Cache Android SDK	2026-06-06T12:22:45.0617221Z /usr/bin/tar: ../../../../../usr/local/lib/android/sdk/platforms/android-35-ext14/data/res/values-mcc222-mnc10: Cannot utime: Operation not permitted
build	Cache Android SDK	2026-06-06T12:22:45.0618404Z /usr/bin/tar: ../../../../../usr/local/lib/android/sdk/platforms/android-35-ext14/data/res/values-mcc222-mnc10: Cannot change mode to rwxr-xr-x: Operation not permitted
build	Cache Android SDK	2026-06-06T12:22:45.0621085Z /usr/bin/tar: ../../../../../usr/local/lib/android/sdk/platforms/android-35-ext14/data/res/values-mcc310-mnc310-ru: Cannot utime: Operation not permitted
build	Cache Android SDK	2026-06-06T12:22:45.0622129Z /usr/bin/tar: ../../../../../usr/local/lib/android/sdk/platforms/android-35-ext14/data/res/values-mcc310-mnc310-ru: Cannot change mode to rwxr-xr-x: Operation not permitted
build	Cache Android SDK	2026-06-06T12:22:45.0623953Z /usr/bin/tar: ../../../../../usr/local/lib/android/sdk/platforms/android-35-ext14/data/res/values-mcc310-mnc240-sk: Cannot utime: Operation not permitted
build	Cache Android SDK	2026-06-06T12:22:45.0624956Z /usr/bin/tar: ../../../../../usr/local/lib/android/sdk/platforms/android-35-ext14/data/res/values-mcc310-mnc240-sk: Cannot change mode to rwxr-xr-x: Operation not permitted
build	Cache Android SDK	2026-06-06T12:22:45.0627934Z /usr/bin/tar: ../../../../../usr/local/lib/android/sdk/platforms/android-35-ext14/data/res/values-mcc310-mnc210-fa: Cannot utime: Operation not permitted
build	Cache Android SDK	2026-06-06T12:22:45.0628933Z /usr/bin/tar: ../../../../../usr/local/lib/android/sdk/platforms/android-35-ext14/data/res/values-mcc310-mnc210-fa: Cannot change mode to rwxr-xr-x: Operation not permitted
build	Cache Android SDK	2026-06-06T12:22:45.0631282Z /usr/bin/tar: ../../../../../usr/local/lib/android/sdk/platforms/android-35-ext14/data/res/values-mcc310-mnc200-et: Cannot utime: Operation not permitted
build	Cache Android SDK	2026-06-06T12:22:45.0632267Z /usr/bin/tar: ../../../../../usr/local/lib/android/sdk/platforms/android-35-ext14/data/res/values-mcc310-mnc200-et: Cannot change mode to rwxr-xr-x: Operation not permitted
build	Cache Android SDK	2026-06-06T12:22:45.0638268Z /usr/bin/tar: ../../../../../usr/local/lib/android/sdk/platforms/android-35-ext14/data/res/values-ko: Cannot utime: Operation not permitted
build	Cache Android SDK	2026-06-06T12:22:45.0639644Z /usr/bin/tar: ../../../../../usr/local/lib/android/sdk/platforms/android-35-ext14/data/res/values-ko: Cannot change mode to rwxr-xr-x: Operation not permitted
build	Cache Android SDK	2026-06-06T12:22:45.0640936Z /usr/bin/tar: ../../../../../usr/local/lib/android/sdk/platforms/android-35-ext14/data/res/values-en-rAU-television: Cannot utime: Operation not permitted
build	Cache Android SDK	2026-06-06T12:22:45.0641904Z /usr/bin/tar: ../../../../../usr/local/lib/android/sdk/platforms/android-35-ext14/data/res/values-en-rAU-television: Cannot change mode to rwxr-xr-x: Operation not permitted
build	Cache Android SDK	2026-06-06T12:22:45.0643975Z /usr/bin/tar: ../../../../../usr/local/lib/android/sdk/platforms/android-35-ext14/data/res/values-hy-watch: Cannot utime: Operation not permitted
build	Cache Android SDK	2026-06-06T12:22:45.0644993Z /usr/bin/tar: ../../../../../usr/local/lib/android/sdk/platforms/android-35-ext14/data/res/values-hy-watch: Cannot change mode to rwxr-xr-x: Operation not permitted
build	Cache Android SDK	2026-06-06T12:22:45.0647136Z /usr/bin/tar: ../../../../../usr/local/lib/android/sdk/platforms/android-35-ext14/data/res/values-mcc311-mnc180-kn: Cannot utime: Operation not permitted
build	Cache Android SDK	2026-06-06T12:22:45.0648275Z /usr/bin/tar: ../../../../../usr/local/lib/android/sdk/platforms/android-35-ext14/data/res/values-mcc311-mnc180-kn: Cannot change mode to rwxr-xr-x: Operation not permitted
build	Cache Android SDK	2026-06-06T12:22:45.0650479Z /usr/bin/tar: ../../../../../usr/local/lib/android/sdk/platforms/android-35-ext14/data/res/values-mcc310-mnc210-pl: Cannot utime: Operation not permitted
build	Cache Android SDK	2026-06-06T12:22:45.0651452Z /usr/bin/tar: ../../../../../usr/local/lib/android/sdk/platforms/android-35-ext14/data/res/values-mcc310-mnc210-pl: Cannot change mode to rwxr-xr-x: Operation not permitted
build	Cache Android SDK	2026-06-06T12:22:45.0653735Z /usr/bin/tar: ../../../../../usr/local/lib/android/sdk/platforms/android-35-ext14/data/res/values-mcc310-mnc230-is: Cannot utime: Operation not permitted
build	Cache Android SDK	2026-06-06T12:22:45.0654827Z /usr/bin/tar: ../../../../../usr/local/lib/android/sdk/platforms/android-35-ext14/data/res/values-mcc310-mnc230-is: Cannot change mode to rwxr-xr-x: Operation not permitted
build	Cache Android SDK	2026-06-06T12:22:45.0657317Z /usr/bin/tar: ../../../../../usr/local/lib/android/sdk/platforms/android-35-ext14/data/res/values-mcc712-mnc04: Cannot utime: Operation not permitted
build	Cache Android SDK	2026-06-06T12:22:45.0658563Z /usr/bin/tar: ../../../../../usr/local/lib/android/sdk/platforms/android-35-ext14/data/res/values-mcc712-mnc04: Cannot change mode to rwxr-xr-x: Operation not permitted
build	Cache Android SDK	2026-06-06T12:22:45.0660305Z /usr/bin/tar: ../../../../../usr/local/lib/android/sdk/platforms/android-35-ext14/data/res/values-mcc310-mnc490-ur: Cannot utime: Operation not permitted
build	Cache Android SDK	2026-06-06T12:22:45.0661361Z /usr/bin/tar: ../../../../../usr/local/lib/android/sdk/platforms/android-35-ext14/data/res/values-mcc310-mnc490-ur: Cannot change mode to rwxr-xr-x: Operation not permitted
build	Cache Android SDK	2026-06-06T12:22:45.0663824Z /usr/bin/tar: ../../../../../usr/local/lib/android/sdk/platforms/android-35-ext14/data/res/values-mcc311-mnc180-sl: Cannot utime: Operation not permitted
build	Cache Android SDK	2026-06-06T12:22:45.0664806Z /usr/bin/tar: ../../../../../usr/local/lib/android/sdk/platforms/android-35-ext14/data/res/values-mcc311-mnc180-sl: Cannot change mode to rwxr-xr-x: Operation not permitted
build	Cache Android SDK	2026-06-06T12:22:45.0666865Z /usr/bin/tar: ../../../../../usr/local/lib/android/sdk/platforms/android-35-ext14/data/res/values-mcc310-mnc170-mk: Cannot utime: Operation not permitted
build	Cache Android SDK	2026-06-06T12:22:45.0668534Z /usr/bin/tar: ../../../../../usr/local/lib/android/sdk/platforms/android-35-ext14/data/res/values-mcc310-mnc170-mk: Cannot change mode to rwxr-xr-x: Operation not permitted
build	Cache Android SDK	2026-06-06T12:22:45.0670218Z /usr/bin/tar: ../../../../../usr/local/lib/android/sdk/platforms/android-35-ext14/data/res/values-mcc310-mnc950-th: Cannot utime: Operation not permitted
build	Cache Android SDK	2026-06-06T12:22:45.0671194Z /usr/bin/tar: ../../../../../usr/local/lib/android/sdk/platforms/android-35-ext14/data/res/values-mcc310-mnc950-th: Cannot change mode to rwxr-xr-x: Operation not permitted
build	Cache Android SDK	2026-06-06T12:22:45.0673817Z /usr/bin/tar: ../../../../../usr/local/lib/android/sdk/platforms/android-35-ext14/data/res/values-mcc310-mnc660-nb: Cannot utime: Operation not permitted
build	Cache Android SDK	2026-06-06T12:22:45.0674802Z /usr/bin/tar: ../../../../../usr/local/lib/android/sdk/platforms/android-35-ext14/data/res/values-mcc310-mnc660-nb: Cannot change mode to rwxr-xr-x: Operation not permitted
build	Cache Android SDK	2026-06-06T12:22:45.0677959Z /usr/bin/tar: ../../../../../usr/local/lib/android/sdk/platforms/android-35-ext14/data/res/values-mcc310-mnc030-pa: Cannot utime: Operation not permitted
build	Cache Android SDK	2026-06-06T12:22:45.0678952Z /usr/bin/tar: ../../../../../usr/local/lib/android/sdk/platforms/android-35-ext14/data/res/values-mcc310-mnc030-pa: Cannot change mode to rwxr-xr-x: Operation not permitted
build	Cache Android SDK	2026-06-06T12:22:45.0681603Z /usr/bin/tar: ../../../../../usr/local/lib/android/sdk/platforms/android-35-ext14/data/res/values-gu-watch: Cannot utime: Operation not permitted
build	Cache Android SDK	2026-06-06T12:22:45.0682681Z /usr/bin/tar: ../../../../../usr/local/lib/android/sdk/platforms/android-35-ext14/data/res/values-gu-watch: Cannot change mode to rwxr-xr-x: Operation not permitted
build	Cache Android SDK	2026-06-06T12:22:45.0685090Z /usr/bin/tar: ../../../../../usr/local/lib/android/sdk/platforms/android-35-ext14/data/res/values-mcc310-mnc660-si: Cannot utime: Operation not permitted
build	Cache Android SDK	2026-06-06T12:22:45.0686044Z /usr/bin/tar: ../../../../../usr/local/lib/android/sdk/platforms/android-35-ext14/data/res/values-mcc310-mnc660-si: Cannot change mode to rwxr-xr-x: Operation not permitted
build	Cache Android SDK	2026-06-06T12:22:45.0688532Z /usr/bin/tar: ../../../../../usr/local/lib/android/sdk/platforms/android-35-ext14/data/res/values-mcc310-mnc380-eu: Cannot utime: Operation not permitted
build	Cache Android SDK	2026-06-06T12:22:45.0689506Z /usr/bin/tar: ../../../../../usr/local/lib/android/sdk/platforms/android-35-ext14/data/res/values-mcc310-mnc380-eu: Cannot change mode to rwxr-xr-x: Operation not permitted
build	Cache Android SDK	2026-06-06T12:22:45.0692190Z /usr/bin/tar: ../../../../../usr/local/lib/android/sdk/platforms/android-35-ext14/data/res/values-mcc334-mnc020-pa: Cannot utime: Operation not permitted
build	Cache Android SDK	2026-06-06T12:22:45.0693162Z /usr/bin/tar: ../../../../../usr/local/lib/android/sdk/platforms/android-35-ext14/data/res/values-mcc334-mnc020-pa: Cannot change mode to rwxr-xr-x: Operation not permitted
build	Cache Android SDK	2026-06-06T12:22:45.0695894Z /usr/bin/tar: ../../../../../usr/local/lib/android/sdk/platforms/android-35-ext14/data/res/values-mcc310-mnc560-fr: Cannot utime: Operation not permitted
build	Cache Android SDK	2026-06-06T12:22:45.0696870Z /usr/bin/tar: ../../../../../usr/local/lib/android/sdk/platforms/android-35-ext14/data/res/values-mcc310-mnc560-fr: Cannot change mode to rwxr-xr-x: Operation not permitted
build	Cache Android SDK	2026-06-06T12:22:45.0698998Z /usr/bin/tar: ../../../../../usr/local/lib/android/sdk/platforms/android-35-ext14/data/res/values-mcc334-mnc020-pt-rBR: Cannot utime: Operation not permitted
build	Cache Android SDK	2026-06-06T12:22:45.0700102Z /usr/bin/tar: ../../../../../usr/local/lib/android/sdk/platforms/android-35-ext14/data/res/values-mcc334-mnc020-pt-rBR: Cannot change mode to rwxr-xr-x: Operation not permitted
build	Cache Android SDK	2026-06-06T12:22:45.0702729Z /usr/bin/tar: ../../../../../usr/local/lib/android/sdk/platforms/android-35-ext14/data/res/values-mcc313-mnc100-ur: Cannot utime: Operation not permitted
build	Cache Android SDK	2026-06-06T12:22:45.0703892Z /usr/bin/tar: ../../../../../usr/local/lib/android/sdk/platforms/android-35-ext14/data/res/values-mcc313-mnc100-ur: Cannot change mode to rwxr-xr-x: Operation not permitted
build	Cache Android SDK	2026-06-06T12:22:45.0705486Z /usr/bin/tar: ../../../../../usr/local/lib/android/sdk/platforms/android-35-ext14/data/res/values-mcc310-mnc230-ml: Cannot utime: Operation not permitted
build	Cache Android SDK	2026-06-06T12:22:45.0706447Z /usr/bin/tar: ../../../../../usr/local/lib/android/sdk/platforms/android-35-ext14/data/res/values-mcc310-mnc230-ml: Cannot change mode to rwxr-xr-x: Operation not permitted
build	Cache Android SDK	2026-06-06T12:22:45.0709956Z /usr/bin/tar: ../../../../../usr/local/lib/android/sdk/platforms/android-35-ext14/data/res/values-sr-rRS: Cannot utime: Operation not permitted
build	Cache Android SDK	2026-06-06T12:22:45.0711207Z /usr/bin/tar: ../../../../../usr/local/lib/android/sdk/platforms/android-35-ext14/data/res/values-sr-rRS: Cannot change mode to rwxr-xr-x: Operation not permitted
build	Cache Android SDK	2026-06-06T12:22:45.0712739Z /usr/bin/tar: ../../../../../usr/local/lib/android/sdk/platforms/android-35-ext14/data/res/values-mcc310-mnc160-cs: Cannot utime: Operation not permitted
build	Cache Android SDK	2026-06-06T12:22:45.0713703Z /usr/bin/tar: ../../../../../usr/local/lib/android/sdk/platforms/android-35-ext14/data/res/values-mcc310-mnc160-cs: Cannot change mode to rwxr-xr-x: Operation not permitted
build	Cache Android SDK	2026-06-06T12:22:45.0716248Z /usr/bin/tar: ../../../../../usr/local/lib/android/sdk/platforms/android-35-ext14/data/res/values-mcc240-mnc01: Cannot utime: Operation not permitted
build	Cache Android SDK	2026-06-06T12:22:45.0717190Z /usr/bin/tar: ../../../../../usr/local/lib/android/sdk/platforms/android-35-ext14/data/res/values-mcc240-mnc01: Cannot change mode to rwxr-xr-x: Operation not permitted
build	Cache Android SDK	2026-06-06T12:22:45.0719564Z /usr/bin/tar: ../../../../../usr/local/lib/android/sdk/platforms/android-35-ext14/data/res/values-mcc310-mnc800-fr: Cannot utime: Operation not permitted
build	Cache Android SDK	2026-06-06T12:22:45.0720977Z /usr/bin/tar: ../../../../../usr/local/lib/android/sdk/platforms/android-35-ext14/data/res/values-mcc310-mnc800-fr: Cannot change mode to rwxr-xr-x: Operation not permitted
build	Cache Android SDK	2026-06-06T12:22:45.0723104Z /usr/bin/tar: ../../../../../usr/local/lib/android/sdk/platforms/android-35-ext14/data/res/values-mcc310-mnc490-pt-rPT: Cannot utime: Operation not permitted
build	Cache Android SDK	2026-06-06T12:22:45.0724113Z /usr/bin/tar: ../../../../../usr/local/lib/android/sdk/platforms/android-35-ext14/data/res/values-mcc310-mnc490-pt-rPT: Cannot change mode to rwxr-xr-x: Operation not permitted
build	Cache Android SDK	2026-06-06T12:22:45.0726621Z /usr/bin/tar: ../../../../../usr/local/lib/android/sdk/platforms/android-35-ext14/data/res/values-mcc310-mnc160-bn: Cannot utime: Operation not permitted
build	Cache Android SDK	2026-06-06T12:22:45.0728056Z /usr/bin/tar: ../../../../../usr/local/lib/android/sdk/platforms/android-35-ext14/data/res/values-mcc310-mnc160-bn: Cannot change mode to rwxr-xr-x: Operation not permitted
build	Cache Android SDK	2026-06-06T12:22:45.0734398Z /usr/bin/tar: ../../../../../usr/local/lib/android/sdk/platforms/android-35-ext14/data/res/values-in: Cannot utime: Operation not permitted
build	Cache Android SDK	2026-06-06T12:22:45.0735292Z /usr/bin/tar: ../../../../../usr/local/lib/android/sdk/platforms/android-35-ext14/data/res/values-in: Cannot change mode to rwxr-xr-x: Operation not permitted
build	Cache Android SDK	2026-06-06T12:22:45.0737574Z /usr/bin/tar: ../../../../../usr/local/lib/android/sdk/platforms/android-35-ext14/data/res/values-mcc310-mnc220-kn: Cannot utime: Operation not permitted
build	Cache Android SDK	2026-06-06T12:22:45.0738637Z /usr/bin/tar: ../../../../../usr/local/lib/android/sdk/platforms/android-35-ext14/data/res/values-mcc310-mnc220-kn: Cannot change mode to rwxr-xr-x: Operation not permitted
build	Cache Android SDK	2026-06-06T12:22:45.0740853Z /usr/bin/tar: ../../../../../usr/local/lib/android/sdk/platforms/android-35-ext14/data/res/values-mcc214: Cannot utime: Operation not permitted
build	Cache Android SDK	2026-06-06T12:22:45.0741806Z /usr/bin/tar: ../../../../../usr/local/lib/android/sdk/platforms/android-35-ext14/data/res/values-mcc214: Cannot change mode to rwxr-xr-x: Operation not permitted
build	Cache Android SDK	2026-06-06T12:22:45.0744516Z /usr/bin/tar: ../../../../../usr/local/lib/android/sdk/platforms/android-35-ext14/data/res/values-mcc310-mnc660-zh-rTW: Cannot utime: Operation not permitted
build	Cache Android SDK	2026-06-06T12:22:45.0745513Z /usr/bin/tar: ../../../../../usr/local/lib/android/sdk/platforms/android-35-ext14/data/res/values-mcc310-mnc660-zh-rTW: Cannot change mode to rwxr-xr-x: Operation not permitted
build	Cache Android SDK	2026-06-06T12:22:45.0747677Z /usr/bin/tar: ../../../../../usr/local/lib/android/sdk/platforms/android-35-ext14/data/res/values-is-television: Cannot utime: Operation not permitted
build	Cache Android SDK	2026-06-06T12:22:45.0748652Z /usr/bin/tar: ../../../../../usr/local/lib/android/sdk/platforms/android-35-ext14/data/res/values-is-television: Cannot change mode to rwxr-xr-x: Operation not permitted
build	Cache Android SDK	2026-06-06T12:22:45.0754906Z /usr/bin/tar: ../../../../../usr/local/lib/android/sdk/platforms/android-35-ext14/data/res/values-en-rIN: Cannot utime: Operation not permitted
build	Cache Android SDK	2026-06-06T12:22:45.0757764Z /usr/bin/tar: ../../../../../usr/local/lib/android/sdk/platforms/android-35-ext14/data/res/values-en-rIN: Cannot change mode to rwxr-xr-x: Operation not permitted
build	Cache Android SDK	2026-06-06T12:22:45.0759179Z /usr/bin/tar: ../../../../../usr/local/lib/android/sdk/platforms/android-35-ext14/data/res/values-sw-watch: Cannot utime: Operation not permitted
build	Cache Android SDK	2026-06-06T12:22:45.0760605Z /usr/bin/tar: ../../../../../usr/local/lib/android/sdk/platforms/android-35-ext14/data/res/values-sw-watch: Cannot change mode to rwxr-xr-x: Operation not permitted
build	Cache Android SDK	2026-06-06T12:22:45.0761895Z /usr/bin/tar: ../../../../../usr/local/lib/android/sdk/platforms/android-35-ext14/data/res/values-mcc310-mnc270-sv: Cannot utime: Operation not permitted
build	Cache Android SDK	2026-06-06T12:22:45.0763141Z /usr/bin/tar: ../../../../../usr/local/lib/android/sdk/platforms/android-35-ext14/data/res/values-mcc310-mnc270-sv: Cannot change mode to rwxr-xr-x: Operation not permitted
build	Cache Android SDK	2026-06-06T12:22:45.0764869Z /usr/bin/tar: ../../../../../usr/local/lib/android/sdk/platforms/android-35-ext14/data/res/values-mcc310-mnc490-bg: Cannot utime: Operation not permitted
build	Cache Android SDK	2026-06-06T12:22:45.0766111Z /usr/bin/tar: ../../../../../usr/local/lib/android/sdk/platforms/android-35-ext14/data/res/values-mcc310-mnc490-bg: Cannot change mode to rwxr-xr-x: Operation not permitted
build	Cache Android SDK	2026-06-06T12:22:45.0768050Z /usr/bin/tar: ../../../../../usr/local/lib/android/sdk/platforms/android-35-ext14/data/res/values-mcc466-mnc11: Cannot utime: Operation not permitted
build	Cache Android SDK	2026-06-06T12:22:45.0769625Z /usr/bin/tar: ../../../../../usr/local/lib/android/sdk/platforms/android-35-ext14/data/res/values-mcc466-mnc11: Cannot change mode to rwxr-xr-x: Operation not permitted
build	Cache Android SDK	2026-06-06T12:22:45.0771107Z /usr/bin/tar: ../../../../../usr/local/lib/android/sdk/platforms/android-35-ext14/data/res/values-mcc310-mnc200-my: Cannot utime: Operation not permitted
build	Cache Android SDK	2026-06-06T12:22:45.0772402Z /usr/bin/tar: ../../../../../usr/local/lib/android/sdk/platforms/android-35-ext14/data/res/values-mcc310-mnc200-my: Cannot change mode to rwxr-xr-x: Operation not permitted
build	Cache Android SDK	2026-06-06T12:22:45.0773993Z /usr/bin/tar: ../../../../../usr/local/lib/android/sdk/platforms/android-35-ext14/data/res/values-mcc310-mnc210-ka: Cannot utime: Operation not permitted
build	Cache Android SDK	2026-06-06T12:22:45.0775185Z /usr/bin/tar: ../../../../../usr/local/lib/android/sdk/platforms/android-35-ext14/data/res/values-mcc310-mnc210-ka: Cannot change mode to rwxr-xr-x: Operation not permitted
build	Cache Android SDK	2026-06-06T12:22:45.0844603Z /usr/bin/tar: ../../../../../usr/local/lib/android/sdk/platforms/android-35-ext14/data/res/anim: Cannot utime: Operation not permitted
build	Cache Android SDK	2026-06-06T12:22:45.0845525Z /usr/bin/tar: ../../../../../usr/local/lib/android/sdk/platforms/android-35-ext14/data/res/anim: Cannot change mode to rwxr-xr-x: Operation not permitted
build	Cache Android SDK	2026-06-06T12:22:45.0847555Z /usr/bin/tar: ../../../../../usr/local/lib/android/sdk/platforms/android-35-ext14/data/res/values-mcc310-mnc560-sw: Cannot utime: Operation not permitted
build	Cache Android SDK	2026-06-06T12:22:45.0848542Z /usr/bin/tar: ../../../../../usr/local/lib/android/sdk/platforms/android-35-ext14/data/res/values-mcc310-mnc560-sw: Cannot change mode to rwxr-xr-x: Operation not permitted
build	Cache Android SDK	2026-06-06T12:22:45.0850755Z /usr/bin/tar: ../../../../../usr/local/lib/android/sdk/platforms/android-35-ext14/data/res/values-mcc310-mnc270-ka: Cannot utime: Operation not permitted
build	Cache Android SDK	2026-06-06T12:22:45.0851711Z /usr/bin/tar: ../../../../../usr/local/lib/android/sdk/platforms/android-35-ext14/data/res/values-mcc310-mnc270-ka: Cannot change mode to rwxr-xr-x: Operation not permitted
build	Cache Android SDK	2026-06-06T12:22:45.0853934Z /usr/bin/tar: ../../../../../usr/local/lib/android/sdk/platforms/android-35-ext14/data/res/values-mcc334-mnc020-af: Cannot utime: Operation not permitted
build	Cache Android SDK	2026-06-06T12:22:45.0855256Z /usr/bin/tar: ../../../../../usr/local/lib/android/sdk/platforms/android-35-ext14/data/res/values-mcc334-mnc020-af: Cannot change mode to rwxr-xr-x: Operation not permitted
build	Cache Android SDK	2026-06-06T12:22:45.0857582Z /usr/bin/tar: ../../../../../usr/local/lib/android/sdk/platforms/android-35-ext14/data/res/values-mcc310-mnc560-el: Cannot utime: Operation not permitted
build	Cache Android SDK	2026-06-06T12:22:45.0858608Z /usr/bin/tar: ../../../../../usr/local/lib/android/sdk/platforms/android-35-ext14/data/res/values-mcc310-mnc560-el: Cannot change mode to rwxr-xr-x: Operation not permitted
build	Cache Android SDK	2026-06-06T12:22:45.0864493Z /usr/bin/tar: ../../../../../usr/local/lib/android/sdk/platforms/android-35-ext14/data/res/layout-xlarge: Cannot utime: Operation not permitted
build	Cache Android SDK	2026-06-06T12:22:45.0865860Z /usr/bin/tar: ../../../../../usr/local/lib/android/sdk/platforms/android-35-ext14/data/res/layout-xlarge: Cannot change mode to rwxr-xr-x: Operation not permitted
build	Cache Android SDK	2026-06-06T12:22:45.0866789Z /usr/bin/tar: ../../../../../usr/local/lib/android/sdk/platforms/android-35-ext14/data/res/values-mcc001-mnc01-bn: Cannot utime: Operation not permitted
build	Cache Android SDK	2026-06-06T12:22:45.0868039Z /usr/bin/tar: ../../../../../usr/local/lib/android/sdk/platforms/android-35-ext14/data/res/values-mcc001-mnc01-bn: Cannot change mode to rwxr-xr-x: Operation not permitted
build	Cache Android SDK	2026-06-06T12:22:45.0869500Z /usr/bin/tar: ../../../../../usr/local/lib/android/sdk/platforms/android-35-ext14/data/res/values-mcc310-mnc270-zh-rCN: Cannot utime: Operation not permitted
build	Cache Android SDK	2026-06-06T12:22:45.0870492Z /usr/bin/tar: ../../../../../usr/local/lib/android/sdk/platforms/android-35-ext14/data/res/values-mcc310-mnc270-zh-rCN: Cannot change mode to rwxr-xr-x: Operation not permitted
build	Cache Android SDK	2026-06-06T12:22:45.0872219Z /usr/bin/tar: ../../../../../usr/local/lib/android/sdk/platforms/android-35-ext14/data/res/values-mcc302-mnc370-zu: Cannot utime: Operation not permitted
build	Cache Android SDK	2026-06-06T12:22:45.0873241Z /usr/bin/tar: ../../../../../usr/local/lib/android/sdk/platforms/android-35-ext14/data/res/values-mcc302-mnc370-zu: Cannot change mode to rwxr-xr-x: Operation not permitted
build	Cache Android SDK	2026-06-06T12:22:45.0875463Z /usr/bin/tar: ../../../../../usr/local/lib/android/sdk/platforms/android-35-ext14/data/res/values-mcc310-mnc210-ne: Cannot utime: Operation not permitted
build	Cache Android SDK	2026-06-06T12:22:45.0876558Z /usr/bin/tar: ../../../../../usr/local/lib/android/sdk/platforms/android-35-ext14/data/res/values-mcc310-mnc210-ne: Cannot change mode to rwxr-xr-x: Operation not permitted
build	Cache Android SDK	2026-06-06T12:22:45.0879223Z /usr/bin/tar: ../../../../../usr/local/lib/android/sdk/platforms/android-35-ext14/data/res/values-mcc302-mnc370-en-rIN: Cannot utime: Operation not permitted
build	Cache Android SDK	2026-06-06T12:22:45.0880235Z /usr/bin/tar: ../../../../../usr/local/lib/android/sdk/platforms/android-35-ext14/data/res/values-mcc302-mnc370-en-rIN: Cannot change mode to rwxr-xr-x: Operation not permitted
build	Cache Android SDK	2026-06-06T12:22:45.0883486Z /usr/bin/tar: ../../../../../usr/local/lib/android/sdk/platforms/android-35-ext14/data/res/values-ky-television: Cannot utime: Operation not permitted
build	Cache Android SDK	2026-06-06T12:22:45.0884552Z /usr/bin/tar: ../../../../../usr/local/lib/android/sdk/platforms/android-35-ext14/data/res/values-ky-television: Cannot change mode to rwxr-xr-x: Operation not permitted
build	Cache Android SDK	2026-06-06T12:22:45.0886890Z /usr/bin/tar: ../../../../../usr/local/lib/android/sdk/platforms/android-35-ext14/data/res/values-mcc310-mnc210-ms: Cannot utime: Operation not permitted
build	Cache Android SDK	2026-06-06T12:22:45.0887953Z /usr/bin/tar: ../../../../../usr/local/lib/android/sdk/platforms/android-35-ext14/data/res/values-mcc310-mnc210-ms: Cannot change mode to rwxr-xr-x: Operation not permitted
build	Cache Android SDK	2026-06-06T12:22:45.0890210Z /usr/bin/tar: ../../../../../usr/local/lib/android/sdk/platforms/android-35-ext14/data/res/values-mcc310-mnc210-hi: Cannot utime: Operation not permitted
build	Cache Android SDK	2026-06-06T12:22:45.0891166Z /usr/bin/tar: ../../../../../usr/local/lib/android/sdk/platforms/android-35-ext14/data/res/values-mcc310-mnc210-hi: Cannot change mode to rwxr-xr-x: Operation not permitted
build	Cache Android SDK	2026-06-06T12:22:45.0893150Z /usr/bin/tar: ../../../../../usr/local/lib/android/sdk/platforms/android-35-ext14/data/res/values-mcc310-mnc210-is: Cannot utime: Operation not permitted
build	Cache Android SDK	2026-06-06T12:22:45.0894111Z /usr/bin/tar: ../../../../../usr/local/lib/android/sdk/platforms/android-35-ext14/data/res/values-mcc310-mnc210-is: Cannot change mode to rwxr-xr-x: Operation not permitted
build	Cache Android SDK	2026-06-06T12:22:45.0896501Z /usr/bin/tar: ../../../../../usr/local/lib/android/sdk/platforms/android-35-ext14/data/res/values-mcc312-mnc670-tl: Cannot utime: Operation not permitted
build	Cache Android SDK	2026-06-06T12:22:45.0897549Z /usr/bin/tar: ../../../../../usr/local/lib/android/sdk/platforms/android-35-ext14/data/res/values-mcc312-mnc670-tl: Cannot change mode to rwxr-xr-x: Operation not permitted
build	Cache Android SDK	2026-06-06T12:22:45.0900209Z /usr/bin/tar: ../../../../../usr/local/lib/android/sdk/platforms/android-35-ext14/data/res/values-mcc310-mnc950-pa: Cannot utime: Operation not permitted
build	Cache Android SDK	2026-06-06T12:22:45.0901177Z /usr/bin/tar: ../../../../../usr/local/lib/android/sdk/platforms/android-35-ext14/data/res/values-mcc310-mnc950-pa: Cannot change mode to rwxr-xr-x: Operation not permitted
build	Cache Android SDK	2026-06-06T12:22:45.0903736Z /usr/bin/tar: ../../../../../usr/local/lib/android/sdk/platforms/android-35-ext14/data/res/values-mcc310-mnc660-be: Cannot utime: Operation not permitted
build	Cache Android SDK	2026-06-06T12:22:45.0904809Z /usr/bin/tar: ../../../../../usr/local/lib/android/sdk/platforms/android-35-ext14/data/res/values-mcc310-mnc660-be: Cannot change mode to rwxr-xr-x: Operation not permitted
build	Cache Android SDK	2026-06-06T12:22:45.0907191Z /usr/bin/tar: ../../../../../usr/local/lib/android/sdk/platforms/android-35-ext14/data/res/values-mcc310-mnc250-el: Cannot utime: Operation not permitted
build	Cache Android SDK	2026-06-06T12:22:45.0908253Z /usr/bin/tar: ../../../../../usr/local/lib/android/sdk/platforms/android-35-ext14/data/res/values-mcc310-mnc250-el: Cannot change mode to rwxr-xr-x: Operation not permitted
build	Cache Android SDK	2026-06-06T12:22:45.0910651Z /usr/bin/tar: ../../../../../usr/local/lib/android/sdk/platforms/android-35-ext14/data/res/values-mcc310-mnc160-az: Cannot utime: Operation not permitted
build	Cache Android SDK	2026-06-06T12:22:45.0911591Z /usr/bin/tar: ../../../../../usr/local/lib/android/sdk/platforms/android-35-ext14/data/res/values-mcc310-mnc160-az: Cannot change mode to rwxr-xr-x: Operation not permitted
build	Cache Android SDK	2026-06-06T12:22:45.0913829Z /usr/bin/tar: ../../../../../usr/local/lib/android/sdk/platforms/android-35-ext14/data/res/values-mcc312-mnc670-sl: Cannot utime: Operation not permitted
build	Cache Android SDK	2026-06-06T12:22:45.0914770Z /usr/bin/tar: ../../../../../usr/local/lib/android/sdk/platforms/android-35-ext14/data/res/values-mcc312-mnc670-sl: Cannot change mode to rwxr-xr-x: Operation not permitted
build	Cache Android SDK	2026-06-06T12:22:45.0917134Z /usr/bin/tar: ../../../../../usr/local/lib/android/sdk/platforms/android-35-ext14/data/res/values-mcc312-mnc670: Cannot utime: Operation not permitted
build	Cache Android SDK	2026-06-06T12:22:45.0918174Z /usr/bin/tar: ../../../../../usr/local/lib/android/sdk/platforms/android-35-ext14/data/res/values-mcc312-mnc670: Cannot change mode to rwxr-xr-x: Operation not permitted
build	Cache Android SDK	2026-06-06T12:22:45.0920835Z /usr/bin/tar: ../../../../../usr/local/lib/android/sdk/platforms/android-35-ext14/data/res/values-mcc310-mnc380-en-rAU: Cannot utime: Operation not permitted
build	Cache Android SDK	2026-06-06T12:22:45.0921918Z /usr/bin/tar: ../../../../../usr/local/lib/android/sdk/platforms/android-35-ext14/data/res/values-mcc310-mnc380-en-rAU: Cannot change mode to rwxr-xr-x: Operation not permitted
build	Cache Android SDK	2026-06-06T12:22:45.0924085Z /usr/bin/tar: ../../../../../usr/local/lib/android/sdk/platforms/android-35-ext14/data/res/values-mcc310-mnc200-sl: Cannot utime: Operation not permitted
build	Cache Android SDK	2026-06-06T12:22:45.0925051Z /usr/bin/tar: ../../../../../usr/local/lib/android/sdk/platforms/android-35-ext14/data/res/values-mcc310-mnc200-sl: Cannot change mode to rwxr-xr-x: Operation not permitted
build	Cache Android SDK	2026-06-06T12:22:45.0927650Z /usr/bin/tar: ../../../../../usr/local/lib/android/sdk/platforms/android-35-ext14/data/res/values-mcc310-mnc250-sk: Cannot utime: Operation not permitted
build	Cache Android SDK	2026-06-06T12:22:45.0928599Z /usr/bin/tar: ../../../../../usr/local/lib/android/sdk/platforms/android-35-ext14/data/res/values-mcc310-mnc250-sk: Cannot change mode to rwxr-xr-x: Operation not permitted
build	Cache Android SDK	2026-06-06T12:22:45.0930704Z /usr/bin/tar: ../../../../../usr/local/lib/android/sdk/platforms/android-35-ext14/data/res/values-mcc310-mnc280-en-rXC: Cannot utime: Operation not permitted
build	Cache Android SDK	2026-06-06T12:22:45.0931684Z /usr/bin/tar: ../../../../../usr/local/lib/android/sdk/platforms/android-35-ext14/data/res/values-mcc310-mnc280-en-rXC: Cannot change mode to rwxr-xr-x: Operation not permitted
build	Cache Android SDK	2026-06-06T12:22:45.0934310Z /usr/bin/tar: ../../../../../usr/local/lib/android/sdk/platforms/android-35-ext14/data/res/values-mcc310-mnc230-zh-rCN: Cannot utime: Operation not permitted
build	Cache Android SDK	2026-06-06T12:22:45.0935296Z /usr/bin/tar: ../../../../../usr/local/lib/android/sdk/platforms/android-35-ext14/data/res/values-mcc310-mnc230-zh-rCN: Cannot change mode to rwxr-xr-x: Operation not permitted
build	Cache Android SDK	2026-06-06T12:22:45.0937609Z /usr/bin/tar: ../../../../../usr/local/lib/android/sdk/platforms/android-35-ext14/data/res/values-mcc310-mnc220-sw: Cannot utime: Operation not permitted
build	Cache Android SDK	2026-06-06T12:22:45.0938568Z /usr/bin/tar: ../../../../../usr/local/lib/android/sdk/platforms/android-35-ext14/data/res/values-mcc310-mnc220-sw: Cannot change mode to rwxr-xr-x: Operation not permitted
build	Cache Android SDK	2026-06-06T12:22:45.0940758Z /usr/bin/tar: ../../../../../usr/local/lib/android/sdk/platforms/android-35-ext14/data/res/values-mcc310-mnc170-b+sr+Latn: Cannot utime: Operation not permitted
build	Cache Android SDK	2026-06-06T12:22:45.0941769Z /usr/bin/tar: ../../../../../usr/local/lib/android/sdk/platforms/android-35-ext14/data/res/values-mcc310-mnc170-b+sr+Latn: Cannot change mode to rwxr-xr-x: Operation not permitted
build	Cache Android SDK	2026-06-06T12:22:45.0943937Z /usr/bin/tar: ../../../../../usr/local/lib/android/sdk/platforms/android-35-ext14/data/res/values-sw720dp-port: Cannot utime: Operation not permitted
build	Cache Android SDK	2026-06-06T12:22:45.0944869Z /usr/bin/tar: ../../../../../usr/local/lib/android/sdk/platforms/android-35-ext14/data/res/values-sw720dp-port: Cannot change mode to rwxr-xr-x: Operation not permitted
build	Cache Android SDK	2026-06-06T12:22:45.0947090Z /usr/bin/tar: ../../../../../usr/local/lib/android/sdk/platforms/android-35-ext14/data/res/values-mcc310-mnc030-si: Cannot utime: Operation not permitted
build	Cache Android SDK	2026-06-06T12:22:45.0948223Z /usr/bin/tar: ../../../../../usr/local/lib/android/sdk/platforms/android-35-ext14/data/res/values-mcc310-mnc030-si: Cannot change mode to rwxr-xr-x: Operation not permitted
build	Cache Android SDK	2026-06-06T12:22:45.0950400Z /usr/bin/tar: ../../../../../usr/local/lib/android/sdk/platforms/android-35-ext14/data/res/values-mcc310-mnc150-is: Cannot utime: Operation not permitted
build	Cache Android SDK	2026-06-06T12:22:45.0951357Z /usr/bin/tar: ../../../../../usr/local/lib/android/sdk/platforms/android-35-ext14/data/res/values-mcc310-mnc150-is: Cannot change mode to rwxr-xr-x: Operation not permitted
build	Cache Android SDK	2026-06-06T12:22:45.0954034Z /usr/bin/tar: ../../../../../usr/local/lib/android/sdk/platforms/android-35-ext14/data/res/values-mcc310-mnc030-tl: Cannot utime: Operation not permitted
build	Cache Android SDK	2026-06-06T12:22:45.0954987Z /usr/bin/tar: ../../../../../usr/local/lib/android/sdk/platforms/android-35-ext14/data/res/values-mcc310-mnc030-tl: Cannot change mode to rwxr-xr-x: Operation not permitted
build	Cache Android SDK	2026-06-06T12:22:45.0957560Z /usr/bin/tar: ../../../../../usr/local/lib/android/sdk/platforms/android-35-ext14/data/res/values-mcc310-mnc490-af: Cannot utime: Operation not permitted
build	Cache Android SDK	2026-06-06T12:22:45.0958686Z /usr/bin/tar: ../../../../../usr/local/lib/android/sdk/platforms/android-35-ext14/data/res/values-mcc310-mnc490-af: Cannot change mode to rwxr-xr-x: Operation not permitted
build	Cache Android SDK	2026-06-06T12:22:45.0960722Z /usr/bin/tar: ../../../../../usr/local/lib/android/sdk/platforms/android-35-ext14/data/res/values-mcc313-mnc100-el: Cannot utime: Operation not permitted
build	Cache Android SDK	2026-06-06T12:22:45.0961686Z /usr/bin/tar: ../../../../../usr/local/lib/android/sdk/platforms/android-35-ext14/data/res/values-mcc313-mnc100-el: Cannot change mode to rwxr-xr-x: Operation not permitted
build	Cache Android SDK	2026-06-06T12:22:45.0963757Z /usr/bin/tar: ../../../../../usr/local/lib/android/sdk/platforms/android-35-ext14/data/res/values-mcc310-mnc220-pt-rBR: Cannot utime: Operation not permitted
build	Cache Android SDK	2026-06-06T12:22:45.0964752Z /usr/bin/tar: ../../../../../usr/local/lib/android/sdk/platforms/android-35-ext14/data/res/values-mcc310-mnc220-pt-rBR: Cannot change mode to rwxr-xr-x: Operation not permitted
build	Cache Android SDK	2026-06-06T12:22:45.0966631Z /usr/bin/tar: ../../../../../usr/local/lib/android/sdk/platforms/android-35-ext14/data/res/values-mcc310-mnc240-te: Cannot utime: Operation not permitted
build	Cache Android SDK	2026-06-06T12:22:45.0967694Z /usr/bin/tar: ../../../../../usr/local/lib/android/sdk/platforms/android-35-ext14/data/res/values-mcc310-mnc240-te: Cannot change mode to rwxr-xr-x: Operation not permitted
build	Cache Android SDK	2026-06-06T12:22:45.0970107Z /usr/bin/tar: ../../../../../usr/local/lib/android/sdk/platforms/android-35-ext14/data/res/values-mcc334-mnc020-es-rUS: Cannot utime: Operation not permitted
build	Cache Android SDK	2026-06-06T12:22:45.0971089Z /usr/bin/tar: ../../../../../usr/local/lib/android/sdk/platforms/android-35-ext14/data/res/values-mcc334-mnc020-es-rUS: Cannot change mode to rwxr-xr-x: Operation not permitted
build	Cache Android SDK	2026-06-06T12:22:45.0973521Z /usr/bin/tar: ../../../../../usr/local/lib/android/sdk/platforms/android-35-ext14/data/res/values-mcc302-mnc370-en-rCA: Cannot utime: Operation not permitted
build	Cache Android SDK	2026-06-06T12:22:45.0974645Z /usr/bin/tar: ../../../../../usr/local/lib/android/sdk/platforms/android-35-ext14/data/res/values-mcc302-mnc370-en-rCA: Cannot change mode to rwxr-xr-x: Operation not permitted
build	Cache Android SDK	2026-06-06T12:22:45.0976591Z /usr/bin/tar: ../../../../../usr/local/lib/android/sdk/platforms/android-35-ext14/data/res/values-mcc310-mnc170-pl: Cannot utime: Operation not permitted
build	Cache Android SDK	2026-06-06T12:22:45.0978034Z /usr/bin/tar: ../../../../../usr/local/lib/android/sdk/platforms/android-35-ext14/data/res/values-mcc310-mnc170-pl: Cannot change mode to rwxr-xr-x: Operation not permitted
build	Cache Android SDK	2026-06-06T12:22:45.0980281Z /usr/bin/tar: ../../../../../usr/local/lib/android/sdk/platforms/android-35-ext14/data/res/values-be-watch: Cannot utime: Operation not permitted
build	Cache Android SDK	2026-06-06T12:22:45.0981225Z /usr/bin/tar: ../../../../../usr/local/lib/android/sdk/platforms/android-35-ext14/data/res/values-be-watch: Cannot change mode to rwxr-xr-x: Operation not permitted
build	Cache Android SDK	2026-06-06T12:22:45.0983540Z /usr/bin/tar: ../../../../../usr/local/lib/android/sdk/platforms/android-35-ext14/data/res/values-fi-television: Cannot utime: Operation not permitted
build	Cache Android SDK	2026-06-06T12:22:45.0984603Z /usr/bin/tar: ../../../../../usr/local/lib/android/sdk/platforms/android-35-ext14/data/res/values-fi-television: Cannot change mode to rwxr-xr-x: Operation not permitted
build	Cache Android SDK	2026-06-06T12:22:45.0988668Z /usr/bin/tar: ../../../../../usr/local/lib/android/sdk/platforms/android-35-ext14/data/res/values-mcc310-mnc800-pt-rPT: Cannot utime: Operation not permitted
build	Cache Android SDK	2026-06-06T12:22:45.0989701Z /usr/bin/tar: ../../../../../usr/local/lib/android/sdk/platforms/android-35-ext14/data/res/values-mcc310-mnc800-pt-rPT: Cannot change mode to rwxr-xr-x: Operation not permitted
build	Cache Android SDK	2026-06-06T12:22:45.0992418Z /usr/bin/tar: ../../../../../usr/local/lib/android/sdk/platforms/android-35-ext14/data/res/values-mcc310-mnc490-hi: Cannot utime: Operation not permitted
build	Cache Android SDK	2026-06-06T12:22:45.0993489Z /usr/bin/tar: ../../../../../usr/local/lib/android/sdk/platforms/android-35-ext14/data/res/values-mcc310-mnc490-hi: Cannot change mode to rwxr-xr-x: Operation not permitted
build	Cache Android SDK	2026-06-06T12:22:45.0995989Z /usr/bin/tar: ../../../../../usr/local/lib/android/sdk/platforms/android-35-ext14/data/res/values-mcc001-mnc01-hu: Cannot utime: Operation not permitted
build	Cache Android SDK	2026-06-06T12:22:45.0996978Z /usr/bin/tar: ../../../../../usr/local/lib/android/sdk/platforms/android-35-ext14/data/res/values-mcc001-mnc01-hu: Cannot change mode to rwxr-xr-x: Operation not permitted
build	Cache Android SDK	2026-06-06T12:22:45.0999571Z /usr/bin/tar: ../../../../../usr/local/lib/android/sdk/platforms/android-35-ext14/data/res/values-mcc724: Cannot utime: Operation not permitted
build	Cache Android SDK	2026-06-06T12:22:45.1000490Z /usr/bin/tar: ../../../../../usr/local/lib/android/sdk/platforms/android-35-ext14/data/res/values-mcc724: Cannot change mode to rwxr-xr-x: Operation not permitted
build	Cache Android SDK	2026-06-06T12:22:45.1002903Z /usr/bin/tar: ../../../../../usr/local/lib/android/sdk/platforms/android-35-ext14/data/res/values-mcc310-mnc310-ar: Cannot utime: Operation not permitted
build	Cache Android SDK	2026-06-06T12:22:45.1003874Z /usr/bin/tar: ../../../../../usr/local/lib/android/sdk/platforms/android-35-ext14/data/res/values-mcc310-mnc310-ar: Cannot change mode to rwxr-xr-x: Operation not permitted
build	Cache Android SDK	2026-06-06T12:22:45.1006380Z /usr/bin/tar: ../../../../../usr/local/lib/android/sdk/platforms/android-35-ext14/data/res/values-mcc310-mnc310-tr: Cannot utime: Operation not permitted
build	Cache Android SDK	2026-06-06T12:22:45.1007334Z /usr/bin/tar: ../../../../../usr/local/lib/android/sdk/platforms/android-35-ext14/data/res/values-mcc310-mnc310-tr: Cannot change mode to rwxr-xr-x: Operation not permitted
build	Cache Android SDK	2026-06-06T12:22:45.1009656Z /usr/bin/tar: ../../../../../usr/local/lib/android/sdk/platforms/android-35-ext14/data/res/values-mcc310-mnc410-sr: Cannot utime: Operation not permitted
build	Cache Android SDK	2026-06-06T12:22:45.1010615Z /usr/bin/tar: ../../../../../usr/local/lib/android/sdk/platforms/android-35-ext14/data/res/values-mcc310-mnc410-sr: Cannot change mode to rwxr-xr-x: Operation not permitted
build	Cache Android SDK	2026-06-06T12:22:45.1015815Z /usr/bin/tar: ../../../../../usr/local/lib/android/sdk/platforms/android-35-ext14/data/res/values-mcc310-mnc250-fa: Cannot utime: Operation not permitted
build	Cache Android SDK	2026-06-06T12:22:45.1016782Z /usr/bin/tar: ../../../../../usr/local/lib/android/sdk/platforms/android-35-ext14/data/res/values-mcc310-mnc250-fa: Cannot change mode to rwxr-xr-x: Operation not permitted
build	Cache Android SDK	2026-06-06T12:22:45.1019012Z /usr/bin/tar: ../../../../../usr/local/lib/android/sdk/platforms/android-35-ext14/data/res/values-mcc310-mnc660-pt: Cannot utime: Operation not permitted
build	Cache Android SDK	2026-06-06T12:22:45.1019996Z /usr/bin/tar: ../../../../../usr/local/lib/android/sdk/platforms/android-35-ext14/data/res/values-mcc310-mnc660-pt: Cannot change mode to rwxr-xr-x: Operation not permitted
build	Cache Android SDK	2026-06-06T12:22:45.1026311Z /usr/bin/tar: ../../../../../usr/local/lib/android/sdk/platforms/android-35-ext14/data/res/values-am: Cannot utime: Operation not permitted
build	Cache Android SDK	2026-06-06T12:22:45.1027202Z /usr/bin/tar: ../../../../../usr/local/lib/android/sdk/platforms/android-35-ext14/data/res/values-am: Cannot change mode to rwxr-xr-x: Operation not permitted
build	Cache Android SDK	2026-06-06T12:22:45.1030257Z /usr/bin/tar: ../../../../../usr/local/lib/android/sdk/platforms/android-35-ext14/data/res/values-mcc310-mnc030-be: Cannot utime: Operation not permitted
build	Cache Android SDK	2026-06-06T12:22:45.1031720Z /usr/bin/tar: ../../../../../usr/local/lib/android/sdk/platforms/android-35-ext14/data/res/values-mcc310-mnc030-be: Cannot change mode to rwxr-xr-x: Operation not permitted
build	Cache Android SDK	2026-06-06T12:22:45.1033167Z /usr/bin/tar: ../../../../../usr/local/lib/android/sdk/platforms/android-35-ext14/data/res/values-mcc310-mnc950-si: Cannot utime: Operation not permitted
build	Cache Android SDK	2026-06-06T12:22:45.1034134Z /usr/bin/tar: ../../../../../usr/local/lib/android/sdk/platforms/android-35-ext14/data/res/values-mcc310-mnc950-si: Cannot change mode to rwxr-xr-x: Operation not permitted
build	Cache Android SDK	2026-06-06T12:22:45.1036069Z /usr/bin/tar: ../../../../../usr/local/lib/android/sdk/platforms/android-35-ext14/data/res/values-mcc310-mnc270-eu: Cannot utime: Operation not permitted
build	Cache Android SDK	2026-06-06T12:22:45.1037178Z /usr/bin/tar: ../../../../../usr/local/lib/android/sdk/platforms/android-35-ext14/data/res/values-mcc310-mnc270-eu: Cannot change mode to rwxr-xr-x: Operation not permitted
build	Cache Android SDK	2026-06-06T12:22:45.1039324Z /usr/bin/tar: ../../../../../usr/local/lib/android/sdk/platforms/android-35-ext14/data/res/values-mcc310-mnc220-si: Cannot utime: Operation not permitted
build	Cache Android SDK	2026-06-06T12:22:45.1040332Z /usr/bin/tar: ../../../../../usr/local/lib/android/sdk/platforms/android-35-ext14/data/res/values-mcc310-mnc220-si: Cannot change mode to rwxr-xr-x: Operation not permitted
build	Cache Android SDK	2026-06-06T12:22:45.1042950Z /usr/bin/tar: ../../../../../usr/local/lib/android/sdk/platforms/android-35-ext14/data/res/values-mcc313-mnc100-uk: Cannot utime: Operation not permitted
build	Cache Android SDK	2026-06-06T12:22:45.1043921Z /usr/bin/tar: ../../../../../usr/local/lib/android/sdk/platforms/android-35-ext14/data/res/values-mcc313-mnc100-uk: Cannot change mode to rwxr-xr-x: Operation not permitted
build	Cache Android SDK	2026-06-06T12:22:45.1045895Z /usr/bin/tar: ../../../../../usr/local/lib/android/sdk/platforms/android-35-ext14/data/res/values-mcc311-mnc180-bs: Cannot utime: Operation not permitted
build	Cache Android SDK	2026-06-06T12:22:45.1046887Z /usr/bin/tar: ../../../../../usr/local/lib/android/sdk/platforms/android-35-ext14/data/res/values-mcc311-mnc180-bs: Cannot change mode to rwxr-xr-x: Operation not permitted
build	Cache Android SDK	2026-06-06T12:22:45.1053203Z /usr/bin/tar: ../../../../../usr/local/lib/android/sdk/platforms/android-35-ext14/data/res/values-nb: Cannot utime: Operation not permitted
build	Cache Android SDK	2026-06-06T12:22:45.1054129Z /usr/bin/tar: ../../../../../usr/local/lib/android/sdk/platforms/android-35-ext14/data/res/values-nb: Cannot change mode to rwxr-xr-x: Operation not permitted
build	Cache Android SDK	2026-06-06T12:22:45.1056645Z /usr/bin/tar: ../../../../../usr/local/lib/android/sdk/platforms/android-35-ext14/data/res/values-mcc310-mnc250-gl: Cannot utime: Operation not permitted
build	Cache Android SDK	2026-06-06T12:22:45.1057873Z /usr/bin/tar: ../../../../../usr/local/lib/android/sdk/platforms/android-35-ext14/data/res/values-mcc310-mnc250-gl: Cannot change mode to rwxr-xr-x: Operation not permitted
build	Cache Android SDK	2026-06-06T12:22:45.1059640Z /usr/bin/tar: ../../../../../usr/local/lib/android/sdk/platforms/android-35-ext14/data/res/values-mcc310-mnc270-en-rIN: Cannot utime: Operation not permitted
build	Cache Android SDK	2026-06-06T12:22:45.1060645Z /usr/bin/tar: ../../../../../usr/local/lib/android/sdk/platforms/android-35-ext14/data/res/values-mcc310-mnc270-en-rIN: Cannot change mode to rwxr-xr-x: Operation not permitted
build	Cache Android SDK	2026-06-06T12:22:45.1063464Z /usr/bin/tar: ../../../../../usr/local/lib/android/sdk/platforms/android-35-ext14/data/res/raw-cs: Cannot utime: Operation not permitted
build	Cache Android SDK	2026-06-06T12:22:45.1066542Z /usr/bin/tar: ../../../../../usr/local/lib/android/sdk/platforms/android-35-ext14/data/res/raw-cs: Cannot change mode to rwxr-xr-x: Operation not permitted
build	Cache Android SDK	2026-06-06T12:22:45.1067628Z /usr/bin/tar: ../../../../../usr/local/lib/android/sdk/platforms/android-35-ext14/data/res/values-mcc310-mnc160-mr: Cannot utime: Operation not permitted
build	Cache Android SDK	2026-06-06T12:22:45.1068657Z /usr/bin/tar: ../../../../../usr/local/lib/android/sdk/platforms/android-35-ext14/data/res/values-mcc310-mnc160-mr: Cannot change mode to rwxr-xr-x: Operation not permitted
build	Cache Android SDK	2026-06-06T12:22:45.1070426Z /usr/bin/tar: ../../../../../usr/local/lib/android/sdk/platforms/android-35-ext14/data/res/values-mcc302-mnc370-en-rGB: Cannot utime: Operation not permitted
build	Cache Android SDK	2026-06-06T12:22:45.1071496Z /usr/bin/tar: ../../../../../usr/local/lib/android/sdk/platforms/android-35-ext14/data/res/values-mcc302-mnc370-en-rGB: Cannot change mode to rwxr-xr-x: Operation not permitted
build	Cache Android SDK	2026-06-06T12:22:45.1072902Z /usr/bin/tar: ../../../../../usr/local/lib/android/sdk/platforms/android-35-ext14/data/res/values-mcc310-mnc490-pt-rBR: Cannot utime: Operation not permitted
build	Cache Android SDK	2026-06-06T12:22:45.1073973Z /usr/bin/tar: ../../../../../usr/local/lib/android/sdk/platforms/android-35-ext14/data/res/values-mcc310-mnc490-pt-rBR: Cannot change mode to rwxr-xr-x: Operation not permitted
build	Cache Android SDK	2026-06-06T12:22:45.1075541Z /usr/bin/tar: ../../../../../usr/local/lib/android/sdk/platforms/android-35-ext14/data/res/values-mcc311-mnc180-ur: Cannot utime: Operation not permitted
build	Cache Android SDK	2026-06-06T12:22:45.1076587Z /usr/bin/tar: ../../../../../usr/local/lib/android/sdk/platforms/android-35-ext14/data/res/values-mcc311-mnc180-ur: Cannot change mode to rwxr-xr-x: Operation not permitted
build	Cache Android SDK	2026-06-06T12:22:45.1078726Z /usr/bin/tar: ../../../../../usr/local/lib/android/sdk/platforms/android-35-ext14/data/res/values-mcc334-mnc020-te: Cannot utime: Operation not permitted
build	Cache Android SDK	2026-06-06T12:22:45.1079701Z /usr/bin/tar: ../../../../../usr/local/lib/android/sdk/platforms/android-35-ext14/data/res/values-mcc334-mnc020-te: Cannot change mode to rwxr-xr-x: Operation not permitted
build	Cache Android SDK	2026-06-06T12:22:45.1082408Z /usr/bin/tar: ../../../../../usr/local/lib/android/sdk/platforms/android-35-ext14/data/res/values-mcc312-mnc670-ky: Cannot utime: Operation not permitted
build	Cache Android SDK	2026-06-06T12:22:45.1083380Z /usr/bin/tar: ../../../../../usr/local/lib/android/sdk/platforms/android-35-ext14/data/res/values-mcc312-mnc670-ky: Cannot change mode to rwxr-xr-x: Operation not permitted
build	Cache Android SDK	2026-06-06T12:22:45.1085642Z /usr/bin/tar: ../../../../../usr/local/lib/android/sdk/platforms/android-35-ext14/data/res/values-mcc310-mnc030-ml: Cannot utime: Operation not permitted
build	Cache Android SDK	2026-06-06T12:22:45.1086612Z /usr/bin/tar: ../../../../../usr/local/lib/android/sdk/platforms/android-35-ext14/data/res/values-mcc310-mnc030-ml: Cannot change mode to rwxr-xr-x: Operation not permitted
build	Cache Android SDK	2026-06-06T12:22:45.1089003Z /usr/bin/tar: ../../../../../usr/local/lib/android/sdk/platforms/android-35-ext14/data/res/values-mcc310-mnc380-sl: Cannot utime: Operation not permitted
build	Cache Android SDK	2026-06-06T12:22:45.1089981Z /usr/bin/tar: ../../../../../usr/local/lib/android/sdk/platforms/android-35-ext14/data/res/values-mcc310-mnc380-sl: Cannot change mode to rwxr-xr-x: Operation not permitted
build	Cache Android SDK	2026-06-06T12:22:45.1092005Z /usr/bin/tar: ../../../../../usr/local/lib/android/sdk/platforms/android-35-ext14/data/res/values-mcc310-mnc030-ka: Cannot utime: Operation not permitted
build	Cache Android SDK	2026-06-06T12:22:45.1093073Z /usr/bin/tar: ../../../../../usr/local/lib/android/sdk/platforms/android-35-ext14/data/res/values-mcc310-mnc030-ka: Cannot change mode to rwxr-xr-x: Operation not permitted
build	Cache Android SDK	2026-06-06T12:22:45.1095392Z /usr/bin/tar: ../../../../../usr/local/lib/android/sdk/platforms/android-35-ext14/data/res/values-mcc310-mnc950-nl: Cannot utime: Operation not permitted
build	Cache Android SDK	2026-06-06T12:22:45.1096349Z /usr/bin/tar: ../../../../../usr/local/lib/android/sdk/platforms/android-35-ext14/data/res/values-mcc310-mnc950-nl: Cannot change mode to rwxr-xr-x: Operation not permitted
build	Cache Android SDK	2026-06-06T12:22:45.1098681Z /usr/bin/tar: ../../../../../usr/local/lib/android/sdk/platforms/android-35-ext14/data/res/values-mcc312-mnc670-sq: Cannot utime: Operation not permitted
build	Cache Android SDK	2026-06-06T12:22:45.1099800Z /usr/bin/tar: ../../../../../usr/local/lib/android/sdk/platforms/android-35-ext14/data/res/values-mcc312-mnc670-sq: Cannot change mode to rwxr-xr-x: Operation not permitted
build	Cache Android SDK	2026-06-06T12:22:45.1105383Z /usr/bin/tar: ../../../../../usr/local/lib/android/sdk/platforms/android-35-ext14/data/res/values-ur: Cannot utime: Operation not permitted
build	Cache Android SDK	2026-06-06T12:22:45.1106576Z /usr/bin/tar: ../../../../../usr/local/lib/android/sdk/platforms/android-35-ext14/data/res/values-ur: Cannot change mode to rwxr-xr-x: Operation not permitted
build	Cache Android SDK	2026-06-06T12:22:45.1108668Z /usr/bin/tar: ../../../../../usr/local/lib/android/sdk/platforms/android-35-ext14/data/res/values-mcc310-mnc270-te: Cannot utime: Operation not permitted
build	Cache Android SDK	2026-06-06T12:22:45.1109807Z /usr/bin/tar: ../../../../../usr/local/lib/android/sdk/platforms/android-35-ext14/data/res/values-mcc310-mnc270-te: Cannot change mode to rwxr-xr-x: Operation not permitted
build	Cache Android SDK	2026-06-06T12:22:45.1111533Z /usr/bin/tar: ../../../../../usr/local/lib/android/sdk/platforms/android-35-ext14/data/res/values-mcc310-mnc160-nl: Cannot utime: Operation not permitted
build	Cache Android SDK	2026-06-06T12:22:45.1112644Z /usr/bin/tar: ../../../../../usr/local/lib/android/sdk/platforms/android-35-ext14/data/res/values-mcc310-mnc160-nl: Cannot change mode to rwxr-xr-x: Operation not permitted
build	Cache Android SDK	2026-06-06T12:22:45.1114407Z /usr/bin/tar: ../../../../../usr/local/lib/android/sdk/platforms/android-35-ext14/data/res/values-mcc302-mnc720-eu: Cannot utime: Operation not permitted
build	Cache Android SDK	2026-06-06T12:22:45.1115394Z /usr/bin/tar: ../../../../../usr/local/lib/android/sdk/platforms/android-35-ext14/data/res/values-mcc302-mnc720-eu: Cannot change mode to rwxr-xr-x: Operation not permitted
build	Cache Android SDK	2026-06-06T12:22:45.1117596Z /usr/bin/tar: ../../../../../usr/local/lib/android/sdk/platforms/android-35-ext14/data/res/values-mcc310-mnc250-am: Cannot utime: Operation not permitted
build	Cache Android SDK	2026-06-06T12:22:45.1118604Z /usr/bin/tar: ../../../../../usr/local/lib/android/sdk/platforms/android-35-ext14/data/res/values-mcc310-mnc250-am: Cannot change mode to rwxr-xr-x: Operation not permitted
build	Cache Android SDK	2026-06-06T12:22:45.1120504Z /usr/bin/tar: ../../../../../usr/local/lib/android/sdk/platforms/android-35-ext14/data/res/values-mcc310-mnc210-bn: Cannot utime: Operation not permitted
build	Cache Android SDK	2026-06-06T12:22:45.1121469Z /usr/bin/tar: ../../../../../usr/local/lib/android/sdk/platforms/android-35-ext14/data/res/values-mcc310-mnc210-bn: Cannot change mode to rwxr-xr-x: Operation not permitted
build	Cache Android SDK	2026-06-06T12:22:45.1123792Z /usr/bin/tar: ../../../../../usr/local/lib/android/sdk/platforms/android-35-ext14/data/res/values-sw640dp: Cannot utime: Operation not permitted
build	Cache Android SDK	2026-06-06T12:22:45.1124707Z /usr/bin/tar: ../../../../../usr/local/lib/android/sdk/platforms/android-35-ext14/data/res/values-sw640dp: Cannot change mode to rwxr-xr-x: Operation not permitted
build	Cache Android SDK	2026-06-06T12:22:45.1131289Z /usr/bin/tar: ../../../../../usr/local/lib/android/sdk/platforms/android-35-ext14/data/res/values-nl: Cannot utime: Operation not permitted
build	Cache Android SDK	2026-06-06T12:22:45.1132416Z /usr/bin/tar: ../../../../../usr/local/lib/android/sdk/platforms/android-35-ext14/data/res/values-nl: Cannot change mode to rwxr-xr-x: Operation not permitted
build	Cache Android SDK	2026-06-06T12:22:45.1134288Z /usr/bin/tar: ../../../../../usr/local/lib/android/sdk/platforms/android-35-ext14/data/res/values-tr-watch: Cannot utime: Operation not permitted
build	Cache Android SDK	2026-06-06T12:22:45.1135313Z /usr/bin/tar: ../../../../../usr/local/lib/android/sdk/platforms/android-35-ext14/data/res/values-tr-watch: Cannot change mode to rwxr-xr-x: Operation not permitted
build	Cache Android SDK	2026-06-06T12:22:45.1137538Z /usr/bin/tar: ../../../../../usr/local/lib/android/sdk/platforms/android-35-ext14/data/res/values-mcc310-mnc310-az: Cannot utime: Operation not permitted
build	Cache Android SDK	2026-06-06T12:22:45.1138528Z /usr/bin/tar: ../../../../../usr/local/lib/android/sdk/platforms/android-35-ext14/data/res/values-mcc310-mnc310-az: Cannot change mode to rwxr-xr-x: Operation not permitted
build	Cache Android SDK	2026-06-06T12:22:45.1140620Z /usr/bin/tar: ../../../../../usr/local/lib/android/sdk/platforms/android-35-ext14/data/res/values-mcc310-mnc240-es: Cannot utime: Operation not permitted
build	Cache Android SDK	2026-06-06T12:22:45.1141571Z /usr/bin/tar: ../../../../../usr/local/lib/android/sdk/platforms/android-35-ext14/data/res/values-mcc310-mnc240-es: Cannot change mode to rwxr-xr-x: Operation not permitted
build	Cache Android SDK	2026-06-06T12:22:45.1143808Z /usr/bin/tar: ../../../../../usr/local/lib/android/sdk/platforms/android-35-ext14/data/res/values-mcc310-mnc200-hi: Cannot utime: Operation not permitted
build	Cache Android SDK	2026-06-06T12:22:45.1144824Z /usr/bin/tar: ../../../../../usr/local/lib/android/sdk/platforms/android-35-ext14/data/res/values-mcc310-mnc200-hi: Cannot change mode to rwxr-xr-x: Operation not permitted
build	Cache Android SDK	2026-06-06T12:22:45.1147084Z /usr/bin/tar: ../../../../../usr/local/lib/android/sdk/platforms/android-35-ext14/data/res/values-gu-television: Cannot utime: Operation not permitted
build	Cache Android SDK	2026-06-06T12:22:45.1148185Z /usr/bin/tar: ../../../../../usr/local/lib/android/sdk/platforms/android-35-ext14/data/res/values-gu-television: Cannot change mode to rwxr-xr-x: Operation not permitted
build	Cache Android SDK	2026-06-06T12:22:45.1150175Z /usr/bin/tar: ../../../../../usr/local/lib/android/sdk/platforms/android-35-ext14/data/res/values-mcc310-mnc230-be: Cannot utime: Operation not permitted
build	Cache Android SDK	2026-06-06T12:22:45.1151191Z /usr/bin/tar: ../../../../../usr/local/lib/android/sdk/platforms/android-35-ext14/data/res/values-mcc310-mnc230-be: Cannot change mode to rwxr-xr-x: Operation not permitted
build	Cache Android SDK	2026-06-06T12:22:45.1153554Z /usr/bin/tar: ../../../../../usr/local/lib/android/sdk/platforms/android-35-ext14/data/res/values-mcc334-mnc020: Cannot utime: Operation not permitted
build	Cache Android SDK	2026-06-06T12:22:45.1154496Z /usr/bin/tar: ../../../../../usr/local/lib/android/sdk/platforms/android-35-ext14/data/res/values-mcc334-mnc020: Cannot change mode to rwxr-xr-x: Operation not permitted
build	Cache Android SDK	2026-06-06T12:22:45.1156649Z /usr/bin/tar: ../../../../../usr/local/lib/android/sdk/platforms/android-35-ext14/data/res/values-mcc310-mnc950-fr: Cannot utime: Operation not permitted
build	Cache Android SDK	2026-06-06T12:22:45.1157835Z /usr/bin/tar: ../../../../../usr/local/lib/android/sdk/platforms/android-35-ext14/data/res/values-mcc310-mnc950-fr: Cannot change mode to rwxr-xr-x: Operation not permitted
build	Cache Android SDK	2026-06-06T12:22:45.1159968Z /usr/bin/tar: ../../../../../usr/local/lib/android/sdk/platforms/android-35-ext14/data/res/values-mcc334-mnc020-mr: Cannot utime: Operation not permitted
build	Cache Android SDK	2026-06-06T12:22:45.1161171Z /usr/bin/tar: ../../../../../usr/local/lib/android/sdk/platforms/android-35-ext14/data/res/values-mcc334-mnc020-mr: Cannot change mode to rwxr-xr-x: Operation not permitted
build	Cache Android SDK	2026-06-06T12:22:45.1163965Z /usr/bin/tar: ../../../../../usr/local/lib/android/sdk/platforms/android-35-ext14/data/res/values-mcc310-mnc220-tl: Cannot utime: Operation not permitted
build	Cache Android SDK	2026-06-06T12:22:45.1164919Z /usr/bin/tar: ../../../../../usr/local/lib/android/sdk/platforms/android-35-ext14/data/res/values-mcc310-mnc220-tl: Cannot change mode to rwxr-xr-x: Operation not permitted
build	Cache Android SDK	2026-06-06T12:22:45.1168995Z /usr/bin/tar: ../../../../../usr/local/lib/android/sdk/platforms/android-35-ext14/data/res/values-night: Cannot utime: Operation not permitted
build	Cache Android SDK	2026-06-06T12:22:45.1169904Z /usr/bin/tar: ../../../../../usr/local/lib/android/sdk/platforms/android-35-ext14/data/res/values-night: Cannot change mode to rwxr-xr-x: Operation not permitted
build	Cache Android SDK	2026-06-06T12:22:45.1171927Z /usr/bin/tar: ../../../../../usr/local/lib/android/sdk/platforms/android-35-ext14/data/res/values-mcc310-mnc030-de: Cannot utime: Operation not permitted
build	Cache Android SDK	2026-06-06T12:22:45.1172906Z /usr/bin/tar: ../../../../../usr/local/lib/android/sdk/platforms/android-35-ext14/data/res/values-mcc310-mnc030-de: Cannot change mode to rwxr-xr-x: Operation not permitted
build	Cache Android SDK	2026-06-06T12:22:45.1175466Z /usr/bin/tar: ../../../../../usr/local/lib/android/sdk/platforms/android-35-ext14/data/res/values-tl-watch: Cannot utime: Operation not permitted
build	Cache Android SDK	2026-06-06T12:22:45.1176402Z /usr/bin/tar: ../../../../../usr/local/lib/android/sdk/platforms/android-35-ext14/data/res/values-tl-watch: Cannot change mode to rwxr-xr-x: Operation not permitted
build	Cache Android SDK	2026-06-06T12:22:45.1178694Z /usr/bin/tar: ../../../../../usr/local/lib/android/sdk/platforms/android-35-ext14/data/res/values-mcc313-mnc100-my: Cannot utime: Operation not permitted
build	Cache Android SDK	2026-06-06T12:22:45.1179676Z /usr/bin/tar: ../../../../../usr/local/lib/android/sdk/platforms/android-35-ext14/data/res/values-mcc313-mnc100-my: Cannot change mode to rwxr-xr-x: Operation not permitted
build	Cache Android SDK	2026-06-06T12:22:45.1182160Z /usr/bin/tar: ../../../../../usr/local/lib/android/sdk/platforms/android-35-ext14/data/res/values-mcc310-mnc160-ne: Cannot utime: Operation not permitted
build	Cache Android SDK	2026-06-06T12:22:45.1183217Z /usr/bin/tar: ../../../../../usr/local/lib/android/sdk/platforms/android-35-ext14/data/res/values-mcc310-mnc160-ne: Cannot change mode to rwxr-xr-x: Operation not permitted
build	Cache Android SDK	2026-06-06T12:22:45.1185090Z /usr/bin/tar: ../../../../../usr/local/lib/android/sdk/platforms/android-35-ext14/data/res/values-mcc311-mnc180-sw: Cannot utime: Operation not permitted
build	Cache Android SDK	2026-06-06T12:22:45.1186135Z /usr/bin/tar: ../../../../../usr/local/lib/android/sdk/platforms/android-35-ext14/data/res/values-mcc311-mnc180-sw: Cannot change mode to rwxr-xr-x: Operation not permitted
build	Cache Android SDK	2026-06-06T12:22:45.1188653Z /usr/bin/tar: ../../../../../usr/local/lib/android/sdk/platforms/android-35-ext14/data/res/values-mcc310-mnc660-iw: Cannot utime: Operation not permitted
build	Cache Android SDK	2026-06-06T12:22:45.1189812Z /usr/bin/tar: ../../../../../usr/local/lib/android/sdk/platforms/android-35-ext14/data/res/values-mcc310-mnc660-iw: Cannot change mode to rwxr-xr-x: Operation not permitted
build	Cache Android SDK	2026-06-06T12:22:45.1192483Z /usr/bin/tar: ../../../../../usr/local/lib/android/sdk/platforms/android-35-ext14/data/res/values-mcc310-mnc150-zu: Cannot utime: Operation not permitted
build	Cache Android SDK	2026-06-06T12:22:45.1193537Z /usr/bin/tar: ../../../../../usr/local/lib/android/sdk/platforms/android-35-ext14/data/res/values-mcc310-mnc150-zu: Cannot change mode to rwxr-xr-x: Operation not permitted
build	Cache Android SDK	2026-06-06T12:22:45.1195891Z /usr/bin/tar: ../../../../../usr/local/lib/android/sdk/platforms/android-35-ext14/data/res/values-mcc313-mnc100-in: Cannot utime: Operation not permitted
build	Cache Android SDK	2026-06-06T12:22:45.1196936Z /usr/bin/tar: ../../../../../usr/local/lib/android/sdk/platforms/android-35-ext14/data/res/values-mcc313-mnc100-in: Cannot change mode to rwxr-xr-x: Operation not permitted
build	Cache Android SDK	2026-06-06T12:22:45.1199358Z /usr/bin/tar: ../../../../../usr/local/lib/android/sdk/platforms/android-35-ext14/data/res/values-mcc310-mnc160-uk: Cannot utime: Operation not permitted
build	Cache Android SDK	2026-06-06T12:22:45.1200407Z /usr/bin/tar: ../../../../../usr/local/lib/android/sdk/platforms/android-35-ext14/data/res/values-mcc310-mnc160-uk: Cannot change mode to rwxr-xr-x: Operation not permitted
build	Cache Android SDK	2026-06-06T12:22:45.1203375Z /usr/bin/tar: ../../../../../usr/local/lib/android/sdk/platforms/android-35-ext14/data/res/values-uk-rUA: Cannot utime: Operation not permitted
build	Cache Android SDK	2026-06-06T12:22:45.1204273Z /usr/bin/tar: ../../../../../usr/local/lib/android/sdk/platforms/android-35-ext14/data/res/values-uk-rUA: Cannot change mode to rwxr-xr-x: Operation not permitted
build	Cache Android SDK	2026-06-06T12:22:45.1207052Z /usr/bin/tar: ../../../../../usr/local/lib/android/sdk/platforms/android-35-ext14/data/res/values-mcc310-mnc230-bn: Cannot utime: Operation not permitted
build	Cache Android SDK	2026-06-06T12:22:45.1208671Z /usr/bin/tar: ../../../../../usr/local/lib/android/sdk/platforms/android-35-ext14/data/res/values-mcc310-mnc230-bn: Cannot change mode to rwxr-xr-x: Operation not permitted
build	Cache Android SDK	2026-06-06T12:22:45.1210567Z /usr/bin/tar: ../../../../../usr/local/lib/android/sdk/platforms/android-35-ext14/data/res/values-tl-rPH: Cannot utime: Operation not permitted
build	Cache Android SDK	2026-06-06T12:22:45.1211719Z /usr/bin/tar: ../../../../../usr/local/lib/android/sdk/platforms/android-35-ext14/data/res/values-tl-rPH: Cannot change mode to rwxr-xr-x: Operation not permitted
build	Cache Android SDK	2026-06-06T12:22:45.1214117Z /usr/bin/tar: ../../../../../usr/local/lib/android/sdk/platforms/android-35-ext14/data/res/values-mcc310-mnc200-si: Cannot utime: Operation not permitted
build	Cache Android SDK	2026-06-06T12:22:45.1215089Z /usr/bin/tar: ../../../../../usr/local/lib/android/sdk/platforms/android-35-ext14/data/res/values-mcc310-mnc200-si: Cannot change mode to rwxr-xr-x: Operation not permitted
build	Cache Android SDK	2026-06-06T12:22:45.1217807Z /usr/bin/tar: ../../../../../usr/local/lib/android/sdk/platforms/android-35-ext14/data/res/values-mcc310-mnc310-af: Cannot utime: Operation not permitted
build	Cache Android SDK	2026-06-06T12:22:45.1218870Z /usr/bin/tar: ../../../../../usr/local/lib/android/sdk/platforms/android-35-ext14/data/res/values-mcc310-mnc310-af: Cannot change mode to rwxr-xr-x: Operation not permitted
build	Cache Android SDK	2026-06-06T12:22:45.1221027Z /usr/bin/tar: ../../../../../usr/local/lib/android/sdk/platforms/android-35-ext14/data/res/values-mcc310-mnc240-lt: Cannot utime: Operation not permitted
build	Cache Android SDK	2026-06-06T12:22:45.1221985Z /usr/bin/tar: ../../../../../usr/local/lib/android/sdk/platforms/android-35-ext14/data/res/values-mcc310-mnc240-lt: Cannot change mode to rwxr-xr-x: Operation not permitted
build	Cache Android SDK	2026-06-06T12:22:45.1224790Z /usr/bin/tar: ../../../../../usr/local/lib/android/sdk/platforms/android-35-ext14/data/res/values-mcc310-mnc660-pa: Cannot utime: Operation not permitted
build	Cache Android SDK	2026-06-06T12:22:45.1225762Z /usr/bin/tar: ../../../../../usr/local/lib/android/sdk/platforms/android-35-ext14/data/res/values-mcc310-mnc660-pa: Cannot change mode to rwxr-xr-x: Operation not permitted
build	Cache Android SDK	2026-06-06T12:22:45.1227933Z /usr/bin/tar: ../../../../../usr/local/lib/android/sdk/platforms/android-35-ext14/data/res/values-mcc310-mnc310-fa: Cannot utime: Operation not permitted
build	Cache Android SDK	2026-06-06T12:22:45.1228912Z /usr/bin/tar: ../../../../../usr/local/lib/android/sdk/platforms/android-35-ext14/data/res/values-mcc310-mnc310-fa: Cannot change mode to rwxr-xr-x: Operation not permitted
build	Cache Android SDK	2026-06-06T12:22:45.1231456Z /usr/bin/tar: ../../../../../usr/local/lib/android/sdk/platforms/android-35-ext14/data/res/values-mcc310-mnc230-in: Cannot utime: Operation not permitted
build	Cache Android SDK	2026-06-06T12:22:45.1232419Z /usr/bin/tar: ../../../../../usr/local/lib/android/sdk/platforms/android-35-ext14/data/res/values-mcc310-mnc230-in: Cannot change mode to rwxr-xr-x: Operation not permitted
build	Cache Android SDK	2026-06-06T12:22:45.1267581Z /usr/bin/tar: ../../../../../usr/local/lib/android/sdk/platforms/android-35-ext14/data/res/color: Cannot utime: Operation not permitted
build	Cache Android SDK	2026-06-06T12:22:45.1268645Z /usr/bin/tar: ../../../../../usr/local/lib/android/sdk/platforms/android-35-ext14/data/res/color: Cannot change mode to rwxr-xr-x: Operation not permitted
build	Cache Android SDK	2026-06-06T12:22:45.1270674Z /usr/bin/tar: ../../../../../usr/local/lib/android/sdk/platforms/android-35-ext14/data/res/values-mcc312-mnc670-be: Cannot utime: Operation not permitted
build	Cache Android SDK	2026-06-06T12:22:45.1271651Z /usr/bin/tar: ../../../../../usr/local/lib/android/sdk/platforms/android-35-ext14/data/res/values-mcc312-mnc670-be: Cannot change mode to rwxr-xr-x: Operation not permitted
build	Cache Android SDK	2026-06-06T12:22:45.1274145Z /usr/bin/tar: ../../../../../usr/local/lib/android/sdk/platforms/android-35-ext14/data/res/values-mcc310-mnc410-mk: Cannot utime: Operation not permitted
build	Cache Android SDK	2026-06-06T12:22:45.1275121Z /usr/bin/tar: ../../../../../usr/local/lib/android/sdk/platforms/android-35-ext14/data/res/values-mcc310-mnc410-mk: Cannot change mode to rwxr-xr-x: Operation not permitted
build	Cache Android SDK	2026-06-06T12:22:45.1277771Z /usr/bin/tar: ../../../../../usr/local/lib/android/sdk/platforms/android-35-ext14/data/res/values-mcc313-mnc100-sv: Cannot utime: Operation not permitted
build	Cache Android SDK	2026-06-06T12:22:45.1278967Z /usr/bin/tar: ../../../../../usr/local/lib/android/sdk/platforms/android-35-ext14/data/res/values-mcc313-mnc100-sv: Cannot change mode to rwxr-xr-x: Operation not permitted
build	Cache Android SDK	2026-06-06T12:22:45.1280809Z /usr/bin/tar: ../../../../../usr/local/lib/android/sdk/platforms/android-35-ext14/data/res/values-mcc310-mnc410-sl: Cannot utime: Operation not permitted
build	Cache Android SDK	2026-06-06T12:22:45.1281766Z /usr/bin/tar: ../../../../../usr/local/lib/android/sdk/platforms/android-35-ext14/data/res/values-mcc310-mnc410-sl: Cannot change mode to rwxr-xr-x: Operation not permitted
build	Cache Android SDK	2026-06-06T12:22:45.1284770Z /usr/bin/tar: ../../../../../usr/local/lib/android/sdk/platforms/android-35-ext14/data/res/values-mcc302-mnc370-en-rAU: Cannot utime: Operation not permitted
build	Cache Android SDK	2026-06-06T12:22:45.1286055Z /usr/bin/tar: ../../../../../usr/local/lib/android/sdk/platforms/android-35-ext14/data/res/values-mcc302-mnc370-en-rAU: Cannot change mode to rwxr-xr-x: Operation not permitted
build	Cache Android SDK	2026-06-06T12:22:45.1287811Z /usr/bin/tar: ../../../../../usr/local/lib/android/sdk/platforms/android-35-ext14/data/res/values-mcc310-mnc210-vi: Cannot utime: Operation not permitted
build	Cache Android SDK	2026-06-06T12:22:45.1288905Z /usr/bin/tar: ../../../../../usr/local/lib/android/sdk/platforms/android-35-ext14/data/res/values-mcc310-mnc210-vi: Cannot change mode to rwxr-xr-x: Operation not permitted
build	Cache Android SDK	2026-06-06T12:22:45.1291466Z /usr/bin/tar: ../../../../../usr/local/lib/android/sdk/platforms/android-35-ext14/data/res/values-mcc310-mnc030-ur: Cannot utime: Operation not permitted
build	Cache Android SDK	2026-06-06T12:22:45.1292426Z /usr/bin/tar: ../../../../../usr/local/lib/android/sdk/platforms/android-35-ext14/data/res/values-mcc310-mnc030-ur: Cannot change mode to rwxr-xr-x: Operation not permitted
build	Cache Android SDK	2026-06-06T12:22:45.1295747Z /usr/bin/tar: ../../../../../usr/local/lib/android/sdk/platforms/android-35-ext14/data/res/color-night: Cannot utime: Operation not permitted
build	Cache Android SDK	2026-06-06T12:22:45.1296761Z /usr/bin/tar: ../../../../../usr/local/lib/android/sdk/platforms/android-35-ext14/data/res/color-night: Cannot change mode to rwxr-xr-x: Operation not permitted
build	Cache Android SDK	2026-06-06T12:22:45.1298683Z /usr/bin/tar: ../../../../../usr/local/lib/android/sdk/platforms/android-35-ext14/data/res/values-mcc310-mnc240-ta: Cannot utime: Operation not permitted
build	Cache Android SDK	2026-06-06T12:22:45.1299645Z /usr/bin/tar: ../../../../../usr/local/lib/android/sdk/platforms/android-35-ext14/data/res/values-mcc310-mnc240-ta: Cannot change mode to rwxr-xr-x: Operation not permitted
build	Cache Android SDK	2026-06-06T12:22:45.1302368Z /usr/bin/tar: ../../../../../usr/local/lib/android/sdk/platforms/android-35-ext14/data/res/values-mcc313-mnc100-cs: Cannot utime: Operation not permitted
build	Cache Android SDK	2026-06-06T12:22:45.1303629Z /usr/bin/tar: ../../../../../usr/local/lib/android/sdk/platforms/android-35-ext14/data/res/values-mcc313-mnc100-cs: Cannot change mode to rwxr-xr-x: Operation not permitted
build	Cache Android SDK	2026-06-06T12:22:45.1305156Z /usr/bin/tar: ../../../../../usr/local/lib/android/sdk/platforms/android-35-ext14/data/res/values-mcc311-mnc180-uz: Cannot utime: Operation not permitted
build	Cache Android SDK	2026-06-06T12:22:45.1306115Z /usr/bin/tar: ../../../../../usr/local/lib/android/sdk/platforms/android-35-ext14/data/res/values-mcc311-mnc180-uz: Cannot change mode to rwxr-xr-x: Operation not permitted
build	Cache Android SDK	2026-06-06T12:22:45.1309726Z /usr/bin/tar: ../../../../../usr/local/lib/android/sdk/platforms/android-35-ext14/data/res/values-mcc312-mnc670-pt: Cannot utime: Operation not permitted
build	Cache Android SDK	2026-06-06T12:22:45.1310712Z /usr/bin/tar: ../../../../../usr/local/lib/android/sdk/platforms/android-35-ext14/data/res/values-mcc312-mnc670-pt: Cannot change mode to rwxr-xr-x: Operation not permitted
build	Cache Android SDK	2026-06-06T12:22:45.1312928Z /usr/bin/tar: ../../../../../usr/local/lib/android/sdk/platforms/android-35-ext14/data/res/values-mcc310-mnc250-tl: Cannot utime: Operation not permitted
build	Cache Android SDK	2026-06-06T12:22:45.1313881Z /usr/bin/tar: ../../../../../usr/local/lib/android/sdk/platforms/android-35-ext14/data/res/values-mcc310-mnc250-tl: Cannot change mode to rwxr-xr-x: Operation not permitted
build	Cache Android SDK	2026-06-06T12:22:45.1316755Z /usr/bin/tar: ../../../../../usr/local/lib/android/sdk/platforms/android-35-ext14/data/res/values-mcc310-mnc250-fr-rCA: Cannot utime: Operation not permitted
build	Cache Android SDK	2026-06-06T12:22:45.1318142Z /usr/bin/tar: ../../../../../usr/local/lib/android/sdk/platforms/android-35-ext14/data/res/values-mcc310-mnc250-fr-rCA: Cannot change mode to rwxr-xr-x: Operation not permitted
build	Cache Android SDK	2026-06-06T12:22:45.1320455Z /usr/bin/tar: ../../../../../usr/local/lib/android/sdk/platforms/android-35-ext14/data/res/values-mcc310-mnc150-bs: Cannot utime: Operation not permitted
build	Cache Android SDK	2026-06-06T12:22:45.1321439Z /usr/bin/tar: ../../../../../usr/local/lib/android/sdk/platforms/android-35-ext14/data/res/values-mcc310-mnc150-bs: Cannot change mode to rwxr-xr-x: Operation not permitted
build	Cache Android SDK	2026-06-06T12:22:45.1323412Z /usr/bin/tar: ../../../../../usr/local/lib/android/sdk/platforms/android-35-ext14/data/res/values-mcc310-mnc560-sk: Cannot utime: Operation not permitted
build	Cache Android SDK	2026-06-06T12:22:45.1324388Z /usr/bin/tar: ../../../../../usr/local/lib/android/sdk/platforms/android-35-ext14/data/res/values-mcc310-mnc560-sk: Cannot change mode to rwxr-xr-x: Operation not permitted
build	Cache Android SDK	2026-06-06T12:22:45.1327920Z /usr/bin/tar: ../../../../../usr/local/lib/android/sdk/platforms/android-35-ext14/data/res/values-mcc310-mnc030-zu: Cannot utime: Operation not permitted
build	Cache Android SDK	2026-06-06T12:22:45.1329695Z /usr/bin/tar: ../../../../../usr/local/lib/android/sdk/platforms/android-35-ext14/data/res/values-mcc310-mnc030-zu: Cannot change mode to rwxr-xr-x: Operation not permitted
build	Cache Android SDK	2026-06-06T12:22:45.1331133Z /usr/bin/tar: ../../../../../usr/local/lib/android/sdk/platforms/android-35-ext14/data/res/values-mcc450-mnc06: Cannot utime: Operation not permitted
build	Cache Android SDK	2026-06-06T12:22:45.1332138Z /usr/bin/tar: ../../../../../usr/local/lib/android/sdk/platforms/android-35-ext14/data/res/values-mcc450-mnc06: Cannot change mode to rwxr-xr-x: Operation not permitted
build	Cache Android SDK	2026-06-06T12:22:45.1334254Z /usr/bin/tar: ../../../../../usr/local/lib/android/sdk/platforms/android-35-ext14/data/res/values-mcc310-mnc800-es-rUS: Cannot utime: Operation not permitted
build	Cache Android SDK	2026-06-06T12:22:45.1335453Z /usr/bin/tar: ../../../../../usr/local/lib/android/sdk/platforms/android-35-ext14/data/res/values-mcc310-mnc800-es-rUS: Cannot change mode to rwxr-xr-x: Operation not permitted
build	Cache Android SDK	2026-06-06T12:22:45.1337763Z /usr/bin/tar: ../../../../../usr/local/lib/android/sdk/platforms/android-35-ext14/data/res/values-mcc310-mnc560-mn: Cannot utime: Operation not permitted
build	Cache Android SDK	2026-06-06T12:22:45.1339098Z /usr/bin/tar: ../../../../../usr/local/lib/android/sdk/platforms/android-35-ext14/data/res/values-mcc310-mnc560-mn: Cannot change mode to rwxr-xr-x: Operation not permitted
build	Cache Android SDK	2026-06-06T12:22:45.1341831Z /usr/bin/tar: ../../../../../usr/local/lib/android/sdk/platforms/android-35-ext14/data/res/values-mcc313-mnc100-bn: Cannot utime: Operation not permitted
build	Cache Android SDK	2026-06-06T12:22:45.1342882Z /usr/bin/tar: ../../../../../usr/local/lib/android/sdk/platforms/android-35-ext14/data/res/values-mcc313-mnc100-bn: Cannot change mode to rwxr-xr-x: Operation not permitted
build	Cache Android SDK	2026-06-06T12:22:45.1345535Z /usr/bin/tar: ../../../../../usr/local/lib/android/sdk/platforms/android-35-ext14/data/res/values-mcc310-mnc200-hr: Cannot utime: Operation not permitted
build	Cache Android SDK	2026-06-06T12:22:45.1346606Z /usr/bin/tar: ../../../../../usr/local/lib/android/sdk/platforms/android-35-ext14/data/res/values-mcc310-mnc200-hr: Cannot change mode to rwxr-xr-x: Operation not permitted
build	Cache Android SDK	2026-06-06T12:22:45.1349037Z /usr/bin/tar: ../../../../../usr/local/lib/android/sdk/platforms/android-35-ext14/data/res/values-mcc310-mnc200-am: Cannot utime: Operation not permitted
build	Cache Android SDK	2026-06-06T12:22:45.1350094Z /usr/bin/tar: ../../../../../usr/local/lib/android/sdk/platforms/android-35-ext14/data/res/values-mcc310-mnc200-am: Cannot change mode to rwxr-xr-x: Operation not permitted
build	Cache Android SDK	2026-06-06T12:22:45.1352280Z /usr/bin/tar: ../../../../../usr/local/lib/android/sdk/platforms/android-35-ext14/data/res/values-mcc310-mnc800-sw: Cannot utime: Operation not permitted
build	Cache Android SDK	2026-06-06T12:22:45.1353355Z /usr/bin/tar: ../../../../../usr/local/lib/android/sdk/platforms/android-35-ext14/data/res/values-mcc310-mnc800-sw: Cannot change mode to rwxr-xr-x: Operation not permitted
build	Cache Android SDK	2026-06-06T12:22:45.1355850Z /usr/bin/tar: ../../../../../usr/local/lib/android/sdk/platforms/android-35-ext14/data/res/values-mcc302-mnc370-ne: Cannot utime: Operation not permitted
build	Cache Android SDK	2026-06-06T12:22:45.1356959Z /usr/bin/tar: ../../../../../usr/local/lib/android/sdk/platforms/android-35-ext14/data/res/values-mcc302-mnc370-ne: Cannot change mode to rwxr-xr-x: Operation not permitted
build	Cache Android SDK	2026-06-06T12:22:45.1362877Z /usr/bin/tar: ../../../../../usr/local/lib/android/sdk/platforms/android-35-ext14/data/res/drawable-sw600dp-mdpi: Cannot utime: Operation not permitted
build	Cache Android SDK	2026-06-06T12:22:45.1364543Z /usr/bin/tar: ../../../../../usr/local/lib/android/sdk/platforms/android-35-ext14/data/res/drawable-sw600dp-mdpi: Cannot change mode to rwxr-xr-x: Operation not permitted
build	Cache Android SDK	2026-06-06T12:22:45.1367768Z /usr/bin/tar: ../../../../../usr/local/lib/android/sdk/platforms/android-35-ext14/data/res/values-mcc310-mnc560-af: Cannot utime: Operation not permitted
build	Cache Android SDK	2026-06-06T12:22:45.1368832Z /usr/bin/tar: ../../../../../usr/local/lib/android/sdk/platforms/android-35-ext14/data/res/values-mcc310-mnc560-af: Cannot change mode to rwxr-xr-x: Operation not permitted
build	Cache Android SDK	2026-06-06T12:22:45.1371096Z /usr/bin/tar: ../../../../../usr/local/lib/android/sdk/platforms/android-35-ext14/data/res/values-mcc310-mnc310-pt-rBR: Cannot utime: Operation not permitted
build	Cache Android SDK	2026-06-06T12:22:45.1372329Z /usr/bin/tar: ../../../../../usr/local/lib/android/sdk/platforms/android-35-ext14/data/res/values-mcc310-mnc310-pt-rBR: Cannot change mode to rwxr-xr-x: Operation not permitted
build	Cache Android SDK	2026-06-06T12:22:45.1374508Z /usr/bin/tar: ../../../../../usr/local/lib/android/sdk/platforms/android-35-ext14/data/res/values-mcc302-mnc720-es-rUS: Cannot utime: Operation not permitted
build	Cache Android SDK	2026-06-06T12:22:45.1375558Z /usr/bin/tar: ../../../../../usr/local/lib/android/sdk/platforms/android-35-ext14/data/res/values-mcc302-mnc720-es-rUS: Cannot change mode to rwxr-xr-x: Operation not permitted
build	Cache Android SDK	2026-06-06T12:22:45.1377975Z /usr/bin/tar: ../../../../../usr/local/lib/android/sdk/platforms/android-35-ext14/data/res/values-mcc310-mnc270-is: Cannot utime: Operation not permitted
build	Cache Android SDK	2026-06-06T12:22:45.1379016Z /usr/bin/tar: ../../../../../usr/local/lib/android/sdk/platforms/android-35-ext14/data/res/values-mcc310-mnc270-is: Cannot change mode to rwxr-xr-x: Operation not permitted
build	Cache Android SDK	2026-06-06T12:22:45.1380856Z /usr/bin/tar: ../../../../../usr/local/lib/android/sdk/platforms/android-35-ext14/data/res/values-mcc310-mnc250-ko: Cannot utime: Operation not permitted
build	Cache Android SDK	2026-06-06T12:22:45.1382561Z /usr/bin/tar: ../../../../../usr/local/lib/android/sdk/platforms/android-35-ext14/data/res/values-mcc310-mnc250-ko: Cannot change mode to rwxr-xr-x: Operation not permitted
build	Cache Android SDK	2026-06-06T12:22:45.1384060Z /usr/bin/tar: ../../../../../usr/local/lib/android/sdk/platforms/android-35-ext14/data/res/values-mcc310-mnc200-ro: Cannot utime: Operation not permitted
build	Cache Android SDK	2026-06-06T12:22:45.1385072Z /usr/bin/tar: ../../../../../usr/local/lib/android/sdk/platforms/android-35-ext14/data/res/values-mcc310-mnc200-ro: Cannot change mode to rwxr-xr-x: Operation not permitted
build	Cache Android SDK	2026-06-06T12:22:45.1387506Z /usr/bin/tar: ../../../../../usr/local/lib/android/sdk/platforms/android-35-ext14/data/res/values-mcc310-mnc310-zh-rTW: Cannot utime: Operation not permitted
build	Cache Android SDK	2026-06-06T12:22:45.1388597Z /usr/bin/tar: ../../../../../usr/local/lib/android/sdk/platforms/android-35-ext14/data/res/values-mcc310-mnc310-zh-rTW: Cannot change mode to rwxr-xr-x: Operation not permitted
build	Cache Android SDK	2026-06-06T12:22:45.1390274Z /usr/bin/tar: ../../../../../usr/local/lib/android/sdk/platforms/android-35-ext14/data/res/values-mcc310-mnc380-lt: Cannot utime: Operation not permitted
build	Cache Android SDK	2026-06-06T12:22:45.1391974Z /usr/bin/tar: ../../../../../usr/local/lib/android/sdk/platforms/android-35-ext14/data/res/values-mcc310-mnc380-lt: Cannot change mode to rwxr-xr-x: Operation not permitted
build	Cache Android SDK	2026-06-06T12:22:45.1393561Z /usr/bin/tar: ../../../../../usr/local/lib/android/sdk/platforms/android-35-ext14/data/res/values-mcc310-mnc410-it: Cannot utime: Operation not permitted
build	Cache Android SDK	2026-06-06T12:22:45.1394733Z /usr/bin/tar: ../../../../../usr/local/lib/android/sdk/platforms/android-35-ext14/data/res/values-mcc310-mnc410-it: Cannot change mode to rwxr-xr-x: Operation not permitted
build	Cache Android SDK	2026-06-06T12:22:45.1396473Z /usr/bin/tar: ../../../../../usr/local/lib/android/sdk/platforms/android-35-ext14/data/res/values-mcc311-mnc870: Cannot utime: Operation not permitted
build	Cache Android SDK	2026-06-06T12:22:45.1397509Z /usr/bin/tar: ../../../../../usr/local/lib/android/sdk/platforms/android-35-ext14/data/res/values-mcc311-mnc870: Cannot change mode to rwxr-xr-x: Operation not permitted
build	Cache Android SDK	2026-06-06T12:22:45.1400081Z /usr/bin/tar: ../../../../../usr/local/lib/android/sdk/platforms/android-35-ext14/data/res/values-mcc310-mnc280-kn: Cannot utime: Operation not permitted
build	Cache Android SDK	2026-06-06T12:22:45.1401119Z /usr/bin/tar: ../../../../../usr/local/lib/android/sdk/platforms/android-35-ext14/data/res/values-mcc310-mnc280-kn: Cannot change mode to rwxr-xr-x: Operation not permitted
build	Cache Android SDK	2026-06-06T12:22:45.1408887Z /usr/bin/tar: ../../../../../usr/local/lib/android/sdk/platforms/android-35-ext14/data/res/values-fr-rCA: Cannot utime: Operation not permitted
build	Cache Android SDK	2026-06-06T12:22:45.1410894Z /usr/bin/tar: ../../../../../usr/local/lib/android/sdk/platforms/android-35-ext14/data/res/values-fr-rCA: Cannot change mode to rwxr-xr-x: Operation not permitted
build	Cache Android SDK	2026-06-06T12:22:45.1412856Z /usr/bin/tar: ../../../../../usr/local/lib/android/sdk/platforms/android-35-ext14/data/res/values-ko-watch: Cannot utime: Operation not permitted
build	Cache Android SDK	2026-06-06T12:22:45.1413851Z /usr/bin/tar: ../../../../../usr/local/lib/android/sdk/platforms/android-35-ext14/data/res/values-ko-watch: Cannot change mode to rwxr-xr-x: Operation not permitted
build	Cache Android SDK	2026-06-06T12:22:45.1414272Z /usr/bin/tar: ../../../../../usr/local/lib/android/sdk/platforms/android-35-ext14/data/res/values-mcc310-mnc170-in: Cannot utime: Operation not permitted
build	Cache Android SDK	2026-06-06T12:22:45.1414828Z /usr/bin/tar: ../../../../../usr/local/lib/android/sdk/platforms/android-35-ext14/data/res/values-mcc310-mnc170-in: Cannot change mode to rwxr-xr-x: Operation not permitted
build	Cache Android SDK	2026-06-06T12:22:45.1416220Z /usr/bin/tar: ../../../../../usr/local/lib/android/sdk/platforms/android-35-ext14/data/res/values-mcc310-mnc170-pa: Cannot utime: Operation not permitted
build	Cache Android SDK	2026-06-06T12:22:45.1416690Z /usr/bin/tar: ../../../../../usr/local/lib/android/sdk/platforms/android-35-ext14/data/res/values-mcc310-mnc170-pa: Cannot change mode to rwxr-xr-x: Operation not permitted
build	Cache Android SDK	2026-06-06T12:22:45.1419699Z /usr/bin/tar: ../../../../../usr/local/lib/android/sdk/platforms/android-35-ext14/data/res/values-mcc310-mnc220-bs: Cannot utime: Operation not permitted
build	Cache Android SDK	2026-06-06T12:22:45.1420185Z /usr/bin/tar: ../../../../../usr/local/lib/android/sdk/platforms/android-35-ext14/data/res/values-mcc310-mnc220-bs: Cannot change mode to rwxr-xr-x: Operation not permitted
build	Cache Android SDK	2026-06-06T12:22:45.1422680Z /usr/bin/tar: ../../../../../usr/local/lib/android/sdk/platforms/android-35-ext14/data/res/values-mcc310-mnc280-pt-rPT: Cannot utime: Operation not permitted
build	Cache Android SDK	2026-06-06T12:22:45.1423256Z /usr/bin/tar: ../../../../../usr/local/lib/android/sdk/platforms/android-35-ext14/data/res/values-mcc310-mnc280-pt-rPT: Cannot change mode to rwxr-xr-x: Operation not permitted
build	Cache Android SDK	2026-06-06T12:22:45.1425077Z /usr/bin/tar: ../../../../../usr/local/lib/android/sdk/platforms/android-35-ext14/data/res/values-mcc310-mnc200-ur: Cannot utime: Operation not permitted
build	Cache Android SDK	2026-06-06T12:22:45.1425559Z /usr/bin/tar: ../../../../../usr/local/lib/android/sdk/platforms/android-35-ext14/data/res/values-mcc310-mnc200-ur: Cannot change mode to rwxr-xr-x: Operation not permitted
build	Cache Android SDK	2026-06-06T12:22:45.1428394Z /usr/bin/tar: ../../../../../usr/local/lib/android/sdk/platforms/android-35-ext14/data/res/values-mcc310-mnc490-lv: Cannot utime: Operation not permitted
build	Cache Android SDK	2026-06-06T12:22:45.1428874Z /usr/bin/tar: ../../../../../usr/local/lib/android/sdk/platforms/android-35-ext14/data/res/values-mcc310-mnc490-lv: Cannot change mode to rwxr-xr-x: Operation not permitted
build	Cache Android SDK	2026-06-06T12:22:45.1431082Z /usr/bin/tar: ../../../../../usr/local/lib/android/sdk/platforms/android-35-ext14/data/res/values-uz-watch: Cannot utime: Operation not permitted
build	Cache Android SDK	2026-06-06T12:22:45.1431740Z /usr/bin/tar: ../../../../../usr/local/lib/android/sdk/platforms/android-35-ext14/data/res/values-uz-watch: Cannot change mode to rwxr-xr-x: Operation not permitted
build	Cache Android SDK	2026-06-06T12:22:45.1434232Z /usr/bin/tar: ../../../../../usr/local/lib/android/sdk/platforms/android-35-ext14/data/res/values-mcc310-mnc660-da: Cannot utime: Operation not permitted
build	Cache Android SDK	2026-06-06T12:22:45.1434734Z /usr/bin/tar: ../../../../../usr/local/lib/android/sdk/platforms/android-35-ext14/data/res/values-mcc310-mnc660-da: Cannot change mode to rwxr-xr-x: Operation not permitted
build	Cache Android SDK	2026-06-06T12:22:45.1440234Z /usr/bin/tar: ../../../../../usr/local/lib/android/sdk/platforms/android-35-ext14/data/res/values-fi: Cannot utime: Operation not permitted
build	Cache Android SDK	2026-06-06T12:22:45.1440682Z /usr/bin/tar: ../../../../../usr/local/lib/android/sdk/platforms/android-35-ext14/data/res/values-fi: Cannot change mode to rwxr-xr-x: Operation not permitted
build	Cache Android SDK	2026-06-06T12:22:45.1444574Z /usr/bin/tar: ../../../../../usr/local/lib/android/sdk/platforms/android-35-ext14/data/res/values-mcc310-mnc800-cs: Cannot utime: Operation not permitted
build	Cache Android SDK	2026-06-06T12:22:45.1445385Z /usr/bin/tar: ../../../../../usr/local/lib/android/sdk/platforms/android-35-ext14/data/res/values-mcc310-mnc800-cs: Cannot change mode to rwxr-xr-x: Operation not permitted
build	Cache Android SDK	2026-06-06T12:22:45.1446235Z /usr/bin/tar: ../../../../../usr/local/lib/android/sdk/platforms/android-35-ext14/data/res/values-mcc310-mnc380-hi: Cannot utime: Operation not permitted
build	Cache Android SDK	2026-06-06T12:22:45.1446769Z /usr/bin/tar: ../../../../../usr/local/lib/android/sdk/platforms/android-35-ext14/data/res/values-mcc310-mnc380-hi: Cannot change mode to rwxr-xr-x: Operation not permitted
build	Cache Android SDK	2026-06-06T12:22:45.1449761Z /usr/bin/tar: ../../../../../usr/local/lib/android/sdk/platforms/android-35-ext14/data/res/values-mcc310-mnc410-af: Cannot utime: Operation not permitted
build	Cache Android SDK	2026-06-06T12:22:45.1450359Z /usr/bin/tar: ../../../../../usr/local/lib/android/sdk/platforms/android-35-ext14/data/res/values-mcc310-mnc410-af: Cannot change mode to rwxr-xr-x: Operation not permitted
build	Cache Android SDK	2026-06-06T12:22:45.1453128Z /usr/bin/tar: ../../../../../usr/local/lib/android/sdk/platforms/android-35-ext14/data/res/values-mcc310-mnc250-km: Cannot utime: Operation not permitted
build	Cache Android SDK	2026-06-06T12:22:45.1453612Z /usr/bin/tar: ../../../../../usr/local/lib/android/sdk/platforms/android-35-ext14/data/res/values-mcc310-mnc250-km: Cannot change mode to rwxr-xr-x: Operation not permitted
build	Cache Android SDK	2026-06-06T12:22:45.1455973Z /usr/bin/tar: ../../../../../usr/local/lib/android/sdk/platforms/android-35-ext14/data/res/values-mcc302-mnc370-pa: Cannot utime: Operation not permitted
build	Cache Android SDK	2026-06-06T12:22:45.1456459Z /usr/bin/tar: ../../../../../usr/local/lib/android/sdk/platforms/android-35-ext14/data/res/values-mcc302-mnc370-pa: Cannot change mode to rwxr-xr-x: Operation not permitted
build	Cache Android SDK	2026-06-06T12:22:45.1459187Z /usr/bin/tar: ../../../../../usr/local/lib/android/sdk/platforms/android-35-ext14/data/res/values-mcc310-mnc380-ca: Cannot utime: Operation not permitted
build	Cache Android SDK	2026-06-06T12:22:45.1459683Z /usr/bin/tar: ../../../../../usr/local/lib/android/sdk/platforms/android-35-ext14/data/res/values-mcc310-mnc380-ca: Cannot change mode to rwxr-xr-x: Operation not permitted
build	Cache Android SDK	2026-06-06T12:22:45.1462370Z /usr/bin/tar: ../../../../../usr/local/lib/android/sdk/platforms/android-35-ext14/data/res/values-mcc310-mnc950-gu: Cannot utime: Operation not permitted
build	Cache Android SDK	2026-06-06T12:22:45.1462844Z /usr/bin/tar: ../../../../../usr/local/lib/android/sdk/platforms/android-35-ext14/data/res/values-mcc310-mnc950-gu: Cannot change mode to rwxr-xr-x: Operation not permitted
build	Cache Android SDK	2026-06-06T12:22:45.1465840Z /usr/bin/tar: ../../../../../usr/local/lib/android/sdk/platforms/android-35-ext14/data/res/values-mcc302-mnc720-sq: Cannot utime: Operation not permitted
build	Cache Android SDK	2026-06-06T12:22:45.1466329Z /usr/bin/tar: ../../../../../usr/local/lib/android/sdk/platforms/android-35-ext14/data/res/values-mcc302-mnc720-sq: Cannot change mode to rwxr-xr-x: Operation not permitted
build	Cache Android SDK	2026-06-06T12:22:45.1469276Z /usr/bin/tar: ../../../../../usr/local/lib/android/sdk/platforms/android-35-ext14/data/res/values-sq-watch: Cannot utime: Operation not permitted
build	Cache Android SDK	2026-06-06T12:22:45.1469768Z /usr/bin/tar: ../../../../../usr/local/lib/android/sdk/platforms/android-35-ext14/data/res/values-sq-watch: Cannot change mode to rwxr-xr-x: Operation not permitted
build	Cache Android SDK	2026-06-06T12:22:45.1472425Z /usr/bin/tar: ../../../../../usr/local/lib/android/sdk/platforms/android-35-ext14/data/res/values-mcc311-mnc180-lv: Cannot utime: Operation not permitted
build	Cache Android SDK	2026-06-06T12:22:45.1472889Z /usr/bin/tar: ../../../../../usr/local/lib/android/sdk/platforms/android-35-ext14/data/res/values-mcc311-mnc180-lv: Cannot change mode to rwxr-xr-x: Operation not permitted
build	Cache Android SDK	2026-06-06T12:22:45.1475305Z /usr/bin/tar: ../../../../../usr/local/lib/android/sdk/platforms/android-35-ext14/data/res/values-mcc310-mnc280-it: Cannot utime: Operation not permitted
build	Cache Android SDK	2026-06-06T12:22:45.1475773Z /usr/bin/tar: ../../../../../usr/local/lib/android/sdk/platforms/android-35-ext14/data/res/values-mcc310-mnc280-it: Cannot change mode to rwxr-xr-x: Operation not permitted
build	Cache Android SDK	2026-06-06T12:22:45.1478607Z /usr/bin/tar: ../../../../../usr/local/lib/android/sdk/platforms/android-35-ext14/data/res/values-mcc302-mnc720-kk: Cannot utime: Operation not permitted
build	Cache Android SDK	2026-06-06T12:22:45.1479384Z /usr/bin/tar: ../../../../../usr/local/lib/android/sdk/platforms/android-35-ext14/data/res/values-mcc302-mnc720-kk: Cannot change mode to rwxr-xr-x: Operation not permitted
build	Cache Android SDK	2026-06-06T12:22:45.1479960Z /usr/bin/tar: ../../../../../usr/local/lib/android/sdk/platforms/android-35-ext14/data/res: Cannot utime: Operation not permitted
build	Cache Android SDK	2026-06-06T12:22:45.1480632Z /usr/bin/tar: ../../../../../usr/local/lib/android/sdk/platforms/android-35-ext14/data/res: Cannot change mode to rwxr-xr-x: Operation not permitted
build	Cache Android SDK	2026-06-06T12:22:45.1543295Z /usr/bin/tar: ../../../../../usr/local/lib/android/sdk/platforms/android-35-ext14/data: Cannot utime: Operation not permitted
build	Cache Android SDK	2026-06-06T12:22:45.1543951Z /usr/bin/tar: ../../../../../usr/local/lib/android/sdk/platforms/android-35-ext14/data: Cannot change mode to rwxr-xr-x: Operation not permitted
build	Cache Android SDK	2026-06-06T12:22:45.1544287Z /usr/bin/tar: ../../../../../usr/local/lib/android/sdk/platforms/android-35-ext14: Cannot utime: Operation not permitted
build	Cache Android SDK	2026-06-06T12:22:45.1544652Z /usr/bin/tar: ../../../../../usr/local/lib/android/sdk/platforms/android-35-ext14: Cannot change mode to rwxr-xr-x: Operation not permitted
build	Cache Android SDK	2026-06-06T12:22:45.1560729Z /usr/bin/tar: ../../../../../usr/local/lib/android/sdk/platforms/android-35/optional/libbinder_ndk_cpp/android: Cannot utime: Operation not permitted
build	Cache Android SDK	2026-06-06T12:22:45.1561705Z /usr/bin/tar: ../../../../../usr/local/lib/android/sdk/platforms/android-35/optional/libbinder_ndk_cpp/android: Cannot change mode to rwxr-xr-x: Operation not permitted
build	Cache Android SDK	2026-06-06T12:22:45.1564563Z /usr/bin/tar: ../../../../../usr/local/lib/android/sdk/platforms/android-35/optional/libbinder_ndk_cpp: Cannot utime: Operation not permitted
build	Cache Android SDK	2026-06-06T12:22:45.1568841Z /usr/bin/tar: ../../../../../usr/local/lib/android/sdk/platforms/android-35/optional/libbinder_ndk_cpp: Cannot change mode to rwxr-xr-x: Operation not permitted
build	Cache Android SDK	2026-06-06T12:22:45.1574241Z /usr/bin/tar: ../../../../../usr/local/lib/android/sdk/platforms/android-35/optional: Cannot utime: Operation not permitted
build	Cache Android SDK	2026-06-06T12:22:45.1575184Z /usr/bin/tar: ../../../../../usr/local/lib/android/sdk/platforms/android-35/optional: Cannot change mode to rwxr-xr-x: Operation not permitted
build	Cache Android SDK	2026-06-06T12:22:45.1664308Z /usr/bin/tar: ../../../../../usr/local/lib/android/sdk/platforms/android-35/skins/WXGA800: Cannot utime: Operation not permitted
build	Cache Android SDK	2026-06-06T12:22:45.1665126Z /usr/bin/tar: ../../../../../usr/local/lib/android/sdk/platforms/android-35/skins/WXGA800: Cannot change mode to rwxr-xr-x: Operation not permitted
build	Cache Android SDK	2026-06-06T12:22:45.1670376Z /usr/bin/tar: ../../../../../usr/local/lib/android/sdk/platforms/android-35/skins/HVGA: Cannot utime: Operation not permitted
build	Cache Android SDK	2026-06-06T12:22:45.1671361Z /usr/bin/tar: ../../../../../usr/local/lib/android/sdk/platforms/android-35/skins/HVGA: Cannot change mode to rwxr-xr-x: Operation not permitted
build	Cache Android SDK	2026-06-06T12:22:45.1677064Z /usr/bin/tar: ../../../../../usr/local/lib/android/sdk/platforms/android-35/skins/WSVGA: Cannot utime: Operation not permitted
build	Cache Android SDK	2026-06-06T12:22:45.1677686Z /usr/bin/tar: ../../../../../usr/local/lib/android/sdk/platforms/android-35/skins/WSVGA: Cannot change mode to rwxr-xr-x: Operation not permitted
build	Cache Android SDK	2026-06-06T12:22:45.1685010Z /usr/bin/tar: ../../../../../usr/local/lib/android/sdk/platforms/android-35/skins/WQVGA432: Cannot utime: Operation not permitted
build	Cache Android SDK	2026-06-06T12:22:45.1685522Z /usr/bin/tar: ../../../../../usr/local/lib/android/sdk/platforms/android-35/skins/WQVGA432: Cannot change mode to rwxr-xr-x: Operation not permitted
build	Cache Android SDK	2026-06-06T12:22:45.1693035Z /usr/bin/tar: ../../../../../usr/local/lib/android/sdk/platforms/android-35/skins/WVGA854: Cannot utime: Operation not permitted
build	Cache Android SDK	2026-06-06T12:22:45.1693549Z /usr/bin/tar: ../../../../../usr/local/lib/android/sdk/platforms/android-35/skins/WVGA854: Cannot change mode to rwxr-xr-x: Operation not permitted
build	Cache Android SDK	2026-06-06T12:22:45.1700752Z /usr/bin/tar: ../../../../../usr/local/lib/android/sdk/platforms/android-35/skins/WXGA800-7in: Cannot utime: Operation not permitted
build	Cache Android SDK	2026-06-06T12:22:45.1701190Z /usr/bin/tar: ../../../../../usr/local/lib/android/sdk/platforms/android-35/skins/WXGA800-7in: Cannot change mode to rwxr-xr-x: Operation not permitted
build	Cache Android SDK	2026-06-06T12:22:45.1708275Z /usr/bin/tar: ../../../../../usr/local/lib/android/sdk/platforms/android-35/skins/QVGA: Cannot utime: Operation not permitted
build	Cache Android SDK	2026-06-06T12:22:45.1708927Z /usr/bin/tar: ../../../../../usr/local/lib/android/sdk/platforms/android-35/skins/QVGA: Cannot change mode to rwxr-xr-x: Operation not permitted
build	Cache Android SDK	2026-06-06T12:22:45.1717550Z /usr/bin/tar: ../../../../../usr/local/lib/android/sdk/platforms/android-35/skins/WQVGA400: Cannot utime: Operation not permitted
build	Cache Android SDK	2026-06-06T12:22:45.1718364Z /usr/bin/tar: ../../../../../usr/local/lib/android/sdk/platforms/android-35/skins/WQVGA400: Cannot change mode to rwxr-xr-x: Operation not permitted
build	Cache Android SDK	2026-06-06T12:22:45.1732114Z /usr/bin/tar: ../../../../../usr/local/lib/android/sdk/platforms/android-35/skins/WVGA800: Cannot utime: Operation not permitted
build	Cache Android SDK	2026-06-06T12:22:45.1732517Z /usr/bin/tar: ../../../../../usr/local/lib/android/sdk/platforms/android-35/skins/WVGA800: Cannot change mode to rwxr-xr-x: Operation not permitted
build	Cache Android SDK	2026-06-06T12:22:45.1739043Z /usr/bin/tar: ../../../../../usr/local/lib/android/sdk/platforms/android-35/skins/WXGA720: Cannot utime: Operation not permitted
build	Cache Android SDK	2026-06-06T12:22:45.1739440Z /usr/bin/tar: ../../../../../usr/local/lib/android/sdk/platforms/android-35/skins/WXGA720: Cannot change mode to rwxr-xr-x: Operation not permitted
build	Cache Android SDK	2026-06-06T12:22:45.1739742Z /usr/bin/tar: ../../../../../usr/local/lib/android/sdk/platforms/android-35/skins: Cannot utime: Operation not permitted
build	Cache Android SDK	2026-06-06T12:22:45.1740118Z /usr/bin/tar: ../../../../../usr/local/lib/android/sdk/platforms/android-35/skins: Cannot change mode to rwxr-xr-x: Operation not permitted
build	Cache Android SDK	2026-06-06T12:22:45.2070529Z /usr/bin/tar: ../../../../../usr/local/lib/android/sdk/platforms/android-35/templates: Cannot utime: Operation not permitted
build	Cache Android SDK	2026-06-06T12:22:45.2070982Z /usr/bin/tar: ../../../../../usr/local/lib/android/sdk/platforms/android-35/templates: Cannot change mode to rwxr-xr-x: Operation not permitted
build	Cache Android SDK	2026-06-06T12:22:45.3195144Z /usr/bin/tar: ../../../../../usr/local/lib/android/sdk/platforms/android-35/data/res/values-mcc310-mnc160-sk: Cannot utime: Operation not permitted
build	Cache Android SDK	2026-06-06T12:22:45.3196717Z /usr/bin/tar: ../../../../../usr/local/lib/android/sdk/platforms/android-35/data/res/values-mcc310-mnc160-sk: Cannot change mode to rwxr-xr-x: Operation not permitted
build	Cache Android SDK	2026-06-06T12:22:45.3202534Z /usr/bin/tar: ../../../../../usr/local/lib/android/sdk/platforms/android-35/data/res/values-mcc302-mnc370-hr: Cannot utime: Operation not permitted
build	Cache Android SDK	2026-06-06T12:22:45.3203794Z /usr/bin/tar: ../../../../../usr/local/lib/android/sdk/platforms/android-35/data/res/values-mcc302-mnc370-hr: Cannot change mode to rwxr-xr-x: Operation not permitted
build	Cache Android SDK	2026-06-06T12:22:45.3209836Z /usr/bin/tar: ../../../../../usr/local/lib/android/sdk/platforms/android-35/data/res/values-mcc310-mnc950-zh-rHK: Cannot utime: Operation not permitted
build	Cache Android SDK	2026-06-06T12:22:45.3210865Z /usr/bin/tar: ../../../../../usr/local/lib/android/sdk/platforms/android-35/data/res/values-mcc310-mnc950-zh-rHK: Cannot change mode to rwxr-xr-x: Operation not permitted
build	Cache Android SDK	2026-06-06T12:22:45.3218078Z /usr/bin/tar: ../../../../../usr/local/lib/android/sdk/platforms/android-35/data/res/values-mcc310-mnc210-et: Cannot utime: Operation not permitted
build	Cache Android SDK	2026-06-06T12:22:45.3219941Z /usr/bin/tar: ../../../../../usr/local/lib/android/sdk/platforms/android-35/data/res/values-mcc310-mnc210-et: Cannot change mode to rwxr-xr-x: Operation not permitted
build	Cache Android SDK	2026-06-06T12:22:45.3222778Z /usr/bin/tar: ../../../../../usr/local/lib/android/sdk/platforms/android-35/data/res/values-mcc310-mnc170-sl: Cannot utime: Operation not permitted
build	Cache Android SDK	2026-06-06T12:22:45.3224865Z /usr/bin/tar: ../../../../../usr/local/lib/android/sdk/platforms/android-35/data/res/values-mcc310-mnc170-sl: Cannot change mode to rwxr-xr-x: Operation not permitted
build	Cache Android SDK	2026-06-06T12:22:45.3226596Z /usr/bin/tar: ../../../../../usr/local/lib/android/sdk/platforms/android-35/data/res/values-mcc310-mnc150-eu: Cannot utime: Operation not permitted
build	Cache Android SDK	2026-06-06T12:22:45.3227874Z /usr/bin/tar: ../../../../../usr/local/lib/android/sdk/platforms/android-35/data/res/values-mcc310-mnc150-eu: Cannot change mode to rwxr-xr-x: Operation not permitted
build	Cache Android SDK	2026-06-06T12:22:45.3233274Z /usr/bin/tar: ../../../../../usr/local/lib/android/sdk/platforms/android-35/data/res/values-mcc334-mnc020-bs: Cannot utime: Operation not permitted
build	Cache Android SDK	2026-06-06T12:22:45.3234377Z /usr/bin/tar: ../../../../../usr/local/lib/android/sdk/platforms/android-35/data/res/values-mcc334-mnc020-bs: Cannot change mode to rwxr-xr-x: Operation not permitted
build	Cache Android SDK	2026-06-06T12:22:45.3244466Z /usr/bin/tar: ../../../../../usr/local/lib/android/sdk/platforms/android-35/data/res/values-mcc310-mnc310-en-rAU: Cannot utime: Operation not permitted
build	Cache Android SDK	2026-06-06T12:22:45.3247069Z /usr/bin/tar: ../../../../../usr/local/lib/android/sdk/platforms/android-35/data/res/values-mcc310-mnc310-en-rAU: Cannot change mode to rwxr-xr-x: Operation not permitted
build	Cache Android SDK	2026-06-06T12:22:45.3248898Z /usr/bin/tar: ../../../../../usr/local/lib/android/sdk/platforms/android-35/data/res/values-mcc334-mnc020-nl: Cannot utime: Operation not permitted
build	Cache Android SDK	2026-06-06T12:22:45.3250772Z /usr/bin/tar: ../../../../../usr/local/lib/android/sdk/platforms/android-35/data/res/values-mcc334-mnc020-nl: Cannot change mode to rwxr-xr-x: Operation not permitted
build	Cache Android SDK	2026-06-06T12:22:45.3259491Z /usr/bin/tar: ../../../../../usr/local/lib/android/sdk/platforms/android-35/data/res/raw-nl: Cannot utime: Operation not permitted
build	Cache Android SDK	2026-06-06T12:22:45.3261570Z /usr/bin/tar: ../../../../../usr/local/lib/android/sdk/platforms/android-35/data/res/raw-nl: Cannot change mode to rwxr-xr-x: Operation not permitted
build	Cache Android SDK	2026-06-06T12:22:45.3268126Z /usr/bin/tar: ../../../../../usr/local/lib/android/sdk/platforms/android-35/data/res/values-mcc310-mnc800-pl: Cannot utime: Operation not permitted
build	Cache Android SDK	2026-06-06T12:22:45.3269848Z /usr/bin/tar: ../../../../../usr/local/lib/android/sdk/platforms/android-35/data/res/values-mcc310-mnc800-pl: Cannot change mode to rwxr-xr-x: Operation not permitted
build	Cache Android SDK	2026-06-06T12:22:45.3271437Z /usr/bin/tar: ../../../../../usr/local/lib/android/sdk/platforms/android-35/data/res/values-mcc310-mnc490-sk: Cannot utime: Operation not permitted
build	Cache Android SDK	2026-06-06T12:22:45.3272853Z /usr/bin/tar: ../../../../../usr/local/lib/android/sdk/platforms/android-35/data/res/values-mcc310-mnc490-sk: Cannot change mode to rwxr-xr-x: Operation not permitted
build	Cache Android SDK	2026-06-06T12:22:45.3279570Z /usr/bin/tar: ../../../../../usr/local/lib/android/sdk/platforms/android-35/data/res/values-si: Cannot utime: Operation not permitted
build	Cache Android SDK	2026-06-06T12:22:45.3280643Z /usr/bin/tar: ../../../../../usr/local/lib/android/sdk/platforms/android-35/data/res/values-si: Cannot change mode to rwxr-xr-x: Operation not permitted
build	Cache Android SDK	2026-06-06T12:22:45.3283928Z /usr/bin/tar: ../../../../../usr/local/lib/android/sdk/platforms/android-35/data/res/values-mcc311-mnc180-bg: Cannot utime: Operation not permitted
build	Cache Android SDK	2026-06-06T12:22:45.3285458Z /usr/bin/tar: ../../../../../usr/local/lib/android/sdk/platforms/android-35/data/res/values-mcc311-mnc180-bg: Cannot change mode to rwxr-xr-x: Operation not permitted
build	Cache Android SDK	2026-06-06T12:22:45.3288816Z /usr/bin/tar: ../../../../../usr/local/lib/android/sdk/platforms/android-35/data/res/values-mcc310-mnc160-be: Cannot utime: Operation not permitted
build	Cache Android SDK	2026-06-06T12:22:45.3290356Z /usr/bin/tar: ../../../../../usr/local/lib/android/sdk/platforms/android-35/data/res/values-mcc310-mnc160-be: Cannot change mode to rwxr-xr-x: Operation not permitted
build	Cache Android SDK	2026-06-06T12:22:45.3292427Z /usr/bin/tar: ../../../../../usr/local/lib/android/sdk/platforms/android-35/data/res/values-mcc310-mnc280-pt: Cannot utime: Operation not permitted
build	Cache Android SDK	2026-06-06T12:22:45.3293527Z /usr/bin/tar: ../../../../../usr/local/lib/android/sdk/platforms/android-35/data/res/values-mcc310-mnc280-pt: Cannot change mode to rwxr-xr-x: Operation not permitted
build	Cache Android SDK	2026-06-06T12:22:45.3296405Z /usr/bin/tar: ../../../../../usr/local/lib/android/sdk/platforms/android-35/data/res/values-mcc302-mnc720-zh-rHK: Cannot utime: Operation not permitted
build	Cache Android SDK	2026-06-06T12:22:45.3297706Z /usr/bin/tar: ../../../../../usr/local/lib/android/sdk/platforms/android-35/data/res/values-mcc302-mnc720-zh-rHK: Cannot change mode to rwxr-xr-x: Operation not permitted
build	Cache Android SDK	2026-06-06T12:22:45.3300485Z /usr/bin/tar: ../../../../../usr/local/lib/android/sdk/platforms/android-35/data/res/values-mcc440-mnc50: Cannot utime: Operation not permitted
build	Cache Android SDK	2026-06-06T12:22:45.3301769Z /usr/bin/tar: ../../../../../usr/local/lib/android/sdk/platforms/android-35/data/res/values-mcc440-mnc50: Cannot change mode to rwxr-xr-x: Operation not permitted
build	Cache Android SDK	2026-06-06T12:22:45.3305109Z /usr/bin/tar: ../../../../../usr/local/lib/android/sdk/platforms/android-35/data/res/values-tr-television: Cannot utime: Operation not permitted
build	Cache Android SDK	2026-06-06T12:22:45.3306062Z /usr/bin/tar: ../../../../../usr/local/lib/android/sdk/platforms/android-35/data/res/values-tr-television: Cannot change mode to rwxr-xr-x: Operation not permitted
build	Cache Android SDK	2026-06-06T12:22:45.3310969Z /usr/bin/tar: ../../../../../usr/local/lib/android/sdk/platforms/android-35/data/res/values-mcc310-mnc490-th: Cannot utime: Operation not permitted
build	Cache Android SDK	2026-06-06T12:22:45.3312001Z /usr/bin/tar: ../../../../../usr/local/lib/android/sdk/platforms/android-35/data/res/values-mcc310-mnc490-th: Cannot change mode to rwxr-xr-x: Operation not permitted
build	Cache Android SDK	2026-06-06T12:22:45.3315779Z /usr/bin/tar: ../../../../../usr/local/lib/android/sdk/platforms/android-35/data/res/values-mcc311-mnc180-zh-rHK: Cannot utime: Operation not permitted
build	Cache Android SDK	2026-06-06T12:22:45.3317171Z /usr/bin/tar: ../../../../../usr/local/lib/android/sdk/platforms/android-35/data/res/values-mcc311-mnc180-zh-rHK: Cannot change mode to rwxr-xr-x: Operation not permitted
build	Cache Android SDK	2026-06-06T12:22:45.3319420Z /usr/bin/tar: ../../../../../usr/local/lib/android/sdk/platforms/android-35/data/res/values-mcc310-mnc310-fi: Cannot utime: Operation not permitted
build	Cache Android SDK	2026-06-06T12:22:45.3320629Z /usr/bin/tar: ../../../../../usr/local/lib/android/sdk/platforms/android-35/data/res/values-mcc310-mnc310-fi: Cannot change mode to rwxr-xr-x: Operation not permitted
build	Cache Android SDK	2026-06-06T12:22:45.3322330Z /usr/bin/tar: ../../../../../usr/local/lib/android/sdk/platforms/android-35/data/res/values-mcc313-mnc100-is: Cannot utime: Operation not permitted
build	Cache Android SDK	2026-06-06T12:22:45.3323481Z /usr/bin/tar: ../../../../../usr/local/lib/android/sdk/platforms/android-35/data/res/values-mcc313-mnc100-is: Cannot change mode to rwxr-xr-x: Operation not permitted
build	Cache Android SDK	2026-06-06T12:22:45.3326355Z /usr/bin/tar: ../../../../../usr/local/lib/android/sdk/platforms/android-35/data/res/values-mcc310-mnc280-as: Cannot utime: Operation not permitted
build	Cache Android SDK	2026-06-06T12:22:45.3328126Z /usr/bin/tar: ../../../../../usr/local/lib/android/sdk/platforms/android-35/data/res/values-mcc310-mnc280-as: Cannot change mode to rwxr-xr-x: Operation not permitted
build	Cache Android SDK	2026-06-06T12:22:45.3330321Z /usr/bin/tar: ../../../../../usr/local/lib/android/sdk/platforms/android-35/data/res/values-w180dp-notround-watch: Cannot utime: Operation not permitted
build	Cache Android SDK	2026-06-06T12:22:45.3332076Z /usr/bin/tar: ../../../../../usr/local/lib/android/sdk/platforms/android-35/data/res/values-w180dp-notround-watch: Cannot change mode to rwxr-xr-x: Operation not permitted
build	Cache Android SDK	2026-06-06T12:22:45.3335865Z /usr/bin/tar: ../../../../../usr/local/lib/android/sdk/platforms/android-35/data/res/values-mcc310-mnc030-gu: Cannot utime: Operation not permitted
build	Cache Android SDK	2026-06-06T12:22:45.3338197Z /usr/bin/tar: ../../../../../usr/local/lib/android/sdk/platforms/android-35/data/res/values-mcc310-mnc030-gu: Cannot change mode to rwxr-xr-x: Operation not permitted
build	Cache Android SDK	2026-06-06T12:22:45.3339888Z /usr/bin/tar: ../../../../../usr/local/lib/android/sdk/platforms/android-35/data/res/values-mcc310-mnc210-in: Cannot utime: Operation not permitted
build	Cache Android SDK	2026-06-06T12:22:45.3342449Z /usr/bin/tar: ../../../../../usr/local/lib/android/sdk/platforms/android-35/data/res/values-mcc310-mnc210-in: Cannot change mode to rwxr-xr-x: Operation not permitted
build	Cache Android SDK	2026-06-06T12:22:45.3346201Z /usr/bin/tar: ../../../../../usr/local/lib/android/sdk/platforms/android-35/data/res/values-mcc310-mnc410-nl: Cannot utime: Operation not permitted
build	Cache Android SDK	2026-06-06T12:22:45.3347569Z /usr/bin/tar: ../../../../../usr/local/lib/android/sdk/platforms/android-35/data/res/values-mcc310-mnc410-nl: Cannot change mode to rwxr-xr-x: Operation not permitted
build	Cache Android SDK	2026-06-06T12:22:45.3349851Z /usr/bin/tar: ../../../../../usr/local/lib/android/sdk/platforms/android-35/data/res/values-mcc310-mnc410-hi: Cannot utime: Operation not permitted
build	Cache Android SDK	2026-06-06T12:22:45.3351139Z /usr/bin/tar: ../../../../../usr/local/lib/android/sdk/platforms/android-35/data/res/values-mcc310-mnc410-hi: Cannot change mode to rwxr-xr-x: Operation not permitted
build	Cache Android SDK	2026-06-06T12:22:45.3354000Z /usr/bin/tar: ../../../../../usr/local/lib/android/sdk/platforms/android-35/data/res/values-mcc310-mnc210-iw: Cannot utime: Operation not permitted
build	Cache Android SDK	2026-06-06T12:22:45.3355370Z /usr/bin/tar: ../../../../../usr/local/lib/android/sdk/platforms/android-35/data/res/values-mcc310-mnc210-iw: Cannot change mode to rwxr-xr-x: Operation not permitted
build	Cache Android SDK	2026-06-06T12:22:45.3363299Z /usr/bin/tar: ../../../../../usr/local/lib/android/sdk/platforms/android-35/data/res/values-mcc001-mnc01-or: Cannot utime: Operation not permitted
build	Cache Android SDK	2026-06-06T12:22:45.3364457Z /usr/bin/tar: ../../../../../usr/local/lib/android/sdk/platforms/android-35/data/res/values-mcc001-mnc01-or: Cannot change mode to rwxr-xr-x: Operation not permitted
build	Cache Android SDK	2026-06-06T12:22:45.3371433Z /usr/bin/tar: ../../../../../usr/local/lib/android/sdk/platforms/android-35/data/res/values-mcc310-mnc230-pl: Cannot utime: Operation not permitted
build	Cache Android SDK	2026-06-06T12:22:45.3372748Z /usr/bin/tar: ../../../../../usr/local/lib/android/sdk/platforms/android-35/data/res/values-mcc310-mnc230-pl: Cannot change mode to rwxr-xr-x: Operation not permitted
build	Cache Android SDK	2026-06-06T12:22:45.3374974Z /usr/bin/tar: ../../../../../usr/local/lib/android/sdk/platforms/android-35/data/res/values-de-watch: Cannot utime: Operation not permitted
build	Cache Android SDK	2026-06-06T12:22:45.3376500Z /usr/bin/tar: ../../../../../usr/local/lib/android/sdk/platforms/android-35/data/res/values-de-watch: Cannot change mode to rwxr-xr-x: Operation not permitted
build	Cache Android SDK	2026-06-06T12:22:45.3380830Z /usr/bin/tar: ../../../../../usr/local/lib/android/sdk/platforms/android-35/data/res/raw: Cannot utime: Operation not permitted
build	Cache Android SDK	2026-06-06T12:22:45.3382278Z /usr/bin/tar: ../../../../../usr/local/lib/android/sdk/platforms/android-35/data/res/raw: Cannot change mode to rwxr-xr-x: Operation not permitted
build	Cache Android SDK	2026-06-06T12:22:45.3384442Z /usr/bin/tar: ../../../../../usr/local/lib/android/sdk/platforms/android-35/data/res/values-mcc310-mnc380-ml: Cannot utime: Operation not permitted
build	Cache Android SDK	2026-06-06T12:22:45.3385560Z /usr/bin/tar: ../../../../../usr/local/lib/android/sdk/platforms/android-35/data/res/values-mcc310-mnc380-ml: Cannot change mode to rwxr-xr-x: Operation not permitted
build	Cache Android SDK	2026-06-06T12:22:45.3387865Z /usr/bin/tar: ../../../../../usr/local/lib/android/sdk/platforms/android-35/data/res/values-mcc310-mnc660-pt-rPT: Cannot utime: Operation not permitted
build	Cache Android SDK	2026-06-06T12:22:45.3389377Z /usr/bin/tar: ../../../../../usr/local/lib/android/sdk/platforms/android-35/data/res/values-mcc310-mnc660-pt-rPT: Cannot change mode to rwxr-xr-x: Operation not permitted
build	Cache Android SDK	2026-06-06T12:22:45.3391601Z /usr/bin/tar: ../../../../../usr/local/lib/android/sdk/platforms/android-35/data/res/values-mcc310-mnc800-zh-rCN: Cannot utime: Operation not permitted
build	Cache Android SDK	2026-06-06T12:22:45.3393337Z /usr/bin/tar: ../../../../../usr/local/lib/android/sdk/platforms/android-35/data/res/values-mcc310-mnc800-zh-rCN: Cannot change mode to rwxr-xr-x: Operation not permitted
build	Cache Android SDK	2026-06-06T12:22:45.3401891Z /usr/bin/tar: ../../../../../usr/local/lib/android/sdk/platforms/android-35/data/res/values-ky: Cannot utime: Operation not permitted
build	Cache Android SDK	2026-06-06T12:22:45.3403279Z /usr/bin/tar: ../../../../../usr/local/lib/android/sdk/platforms/android-35/data/res/values-ky: Cannot change mode to rwxr-xr-x: Operation not permitted
build	Cache Android SDK	2026-06-06T12:22:45.3404863Z /usr/bin/tar: ../../../../../usr/local/lib/android/sdk/platforms/android-35/data/res/values-mcc311-mnc180-my: Cannot utime: Operation not permitted
build	Cache Android SDK	2026-06-06T12:22:45.3406285Z /usr/bin/tar: ../../../../../usr/local/lib/android/sdk/platforms/android-35/data/res/values-mcc311-mnc180-my: Cannot change mode to rwxr-xr-x: Operation not permitted
build	Cache Android SDK	2026-06-06T12:22:45.3409426Z /usr/bin/tar: ../../../../../usr/local/lib/android/sdk/platforms/android-35/data/res/values-mcc310-mnc240-da: Cannot utime: Operation not permitted
build	Cache Android SDK	2026-06-06T12:22:45.3411041Z /usr/bin/tar: ../../../../../usr/local/lib/android/sdk/platforms/android-35/data/res/values-mcc310-mnc240-da: Cannot change mode to rwxr-xr-x: Operation not permitted
build	Cache Android SDK	2026-06-06T12:22:45.3413132Z /usr/bin/tar: ../../../../../usr/local/lib/android/sdk/platforms/android-35/data/res/values-mcc310-mnc660-fa: Cannot utime: Operation not permitted
build	Cache Android SDK	2026-06-06T12:22:45.3414846Z /usr/bin/tar: ../../../../../usr/local/lib/android/sdk/platforms/android-35/data/res/values-mcc310-mnc660-fa: Cannot change mode to rwxr-xr-x: Operation not permitted
build	Cache Android SDK	2026-06-06T12:22:45.3418726Z /usr/bin/tar: ../../../../../usr/local/lib/android/sdk/platforms/android-35/data/res/values-mcc310-mnc270-sr: Cannot utime: Operation not permitted
build	Cache Android SDK	2026-06-06T12:22:45.3420349Z /usr/bin/tar: ../../../../../usr/local/lib/android/sdk/platforms/android-35/data/res/values-mcc310-mnc270-sr: Cannot change mode to rwxr-xr-x: Operation not permitted
build	Cache Android SDK	2026-06-06T12:22:45.3426600Z /usr/bin/tar: ../../../../../usr/local/lib/android/sdk/platforms/android-35/data/res/values-mcc310-mnc220-en-rIN: Cannot utime: Operation not permitted
build	Cache Android SDK	2026-06-06T12:22:45.3428201Z /usr/bin/tar: ../../../../../usr/local/lib/android/sdk/platforms/android-35/data/res/values-mcc310-mnc220-en-rIN: Cannot change mode to rwxr-xr-x: Operation not permitted
build	Cache Android SDK	2026-06-06T12:22:45.3435044Z /usr/bin/tar: ../../../../../usr/local/lib/android/sdk/platforms/android-35/data/res/values-bg: Cannot utime: Operation not permitted
build	Cache Android SDK	2026-06-06T12:22:45.3435918Z /usr/bin/tar: ../../../../../usr/local/lib/android/sdk/platforms/android-35/data/res/values-bg: Cannot change mode to rwxr-xr-x: Operation not permitted
build	Cache Android SDK	2026-06-06T12:22:45.3440061Z /usr/bin/tar: ../../../../../usr/local/lib/android/sdk/platforms/android-35/data/res/values-mcc310-mnc200-kn: Cannot utime: Operation not permitted
build	Cache Android SDK	2026-06-06T12:22:45.3441002Z /usr/bin/tar: ../../../../../usr/local/lib/android/sdk/platforms/android-35/data/res/values-mcc310-mnc200-kn: Cannot change mode to rwxr-xr-x: Operation not permitted
build	Cache Android SDK	2026-06-06T12:22:45.3444822Z /usr/bin/tar: ../../../../../usr/local/lib/android/sdk/platforms/android-35/data/res/values-mcc310-mnc230-nb: Cannot utime: Operation not permitted
build	Cache Android SDK	2026-06-06T12:22:45.3447091Z /usr/bin/tar: ../../../../../usr/local/lib/android/sdk/platforms/android-35/data/res/values-mcc310-mnc230-nb: Cannot change mode to rwxr-xr-x: Operation not permitted
build	Cache Android SDK	2026-06-06T12:22:45.3449203Z /usr/bin/tar: ../../../../../usr/local/lib/android/sdk/platforms/android-35/data/res/values-mcc310-mnc280-af: Cannot utime: Operation not permitted
build	Cache Android SDK	2026-06-06T12:22:45.3451192Z /usr/bin/tar: ../../../../../usr/local/lib/android/sdk/platforms/android-35/data/res/values-mcc310-mnc280-af: Cannot change mode to rwxr-xr-x: Operation not permitted
build	Cache Android SDK	2026-06-06T12:22:45.3453559Z /usr/bin/tar: ../../../../../usr/local/lib/android/sdk/platforms/android-35/data/res/values-mcc310-mnc800-te: Cannot utime: Operation not permitted
build	Cache Android SDK	2026-06-06T12:22:45.3455538Z /usr/bin/tar: ../../../../../usr/local/lib/android/sdk/platforms/android-35/data/res/values-mcc310-mnc800-te: Cannot change mode to rwxr-xr-x: Operation not permitted
build	Cache Android SDK	2026-06-06T12:22:45.3457668Z /usr/bin/tar: ../../../../../usr/local/lib/android/sdk/platforms/android-35/data/res/values-gl-watch: Cannot utime: Operation not permitted
build	Cache Android SDK	2026-06-06T12:22:45.3459323Z /usr/bin/tar: ../../../../../usr/local/lib/android/sdk/platforms/android-35/data/res/values-gl-watch: Cannot change mode to rwxr-xr-x: Operation not permitted
build	Cache Android SDK	2026-06-06T12:22:45.3461302Z /usr/bin/tar: ../../../../../usr/local/lib/android/sdk/platforms/android-35/data/res/values-mcc310-mnc240-hu: Cannot utime: Operation not permitted
build	Cache Android SDK	2026-06-06T12:22:45.3462824Z /usr/bin/tar: ../../../../../usr/local/lib/android/sdk/platforms/android-35/data/res/values-mcc310-mnc240-hu: Cannot change mode to rwxr-xr-x: Operation not permitted
build	Cache Android SDK	2026-06-06T12:22:45.3465042Z /usr/bin/tar: ../../../../../usr/local/lib/android/sdk/platforms/android-35/data/res/values-mcc310-mnc950-bs: Cannot utime: Operation not permitted
build	Cache Android SDK	2026-06-06T12:22:45.3466716Z /usr/bin/tar: ../../../../../usr/local/lib/android/sdk/platforms/android-35/data/res/values-mcc310-mnc950-bs: Cannot change mode to rwxr-xr-x: Operation not permitted
build	Cache Android SDK	2026-06-06T12:22:45.3468386Z /usr/bin/tar: ../../../../../usr/local/lib/android/sdk/platforms/android-35/data/res/values-bn-television: Cannot utime: Operation not permitted
build	Cache Android SDK	2026-06-06T12:22:45.3469603Z /usr/bin/tar: ../../../../../usr/local/lib/android/sdk/platforms/android-35/data/res/values-bn-television: Cannot change mode to rwxr-xr-x: Operation not permitted
build	Cache Android SDK	2026-06-06T12:22:45.3472702Z /usr/bin/tar: ../../../../../usr/local/lib/android/sdk/platforms/android-35/data/res/values-mcc310-mnc250-te: Cannot utime: Operation not permitted
build	Cache Android SDK	2026-06-06T12:22:45.3474485Z /usr/bin/tar: ../../../../../usr/local/lib/android/sdk/platforms/android-35/data/res/values-mcc310-mnc250-te: Cannot change mode to rwxr-xr-x: Operation not permitted
build	Cache Android SDK	2026-06-06T12:22:45.3476039Z /usr/bin/tar: ../../../../../usr/local/lib/android/sdk/platforms/android-35/data/res/values-mcc302-mnc720-cs: Cannot utime: Operation not permitted
build	Cache Android SDK	2026-06-06T12:22:45.3477849Z /usr/bin/tar: ../../../../../usr/local/lib/android/sdk/platforms/android-35/data/res/values-mcc302-mnc720-cs: Cannot change mode to rwxr-xr-x: Operation not permitted
build	Cache Android SDK	2026-06-06T12:22:45.3479327Z /usr/bin/tar: ../../../../../usr/local/lib/android/sdk/platforms/android-35/data/res/values-mcc310-mnc410-or: Cannot utime: Operation not permitted
build	Cache Android SDK	2026-06-06T12:22:45.3480952Z /usr/bin/tar: ../../../../../usr/local/lib/android/sdk/platforms/android-35/data/res/values-mcc310-mnc410-or: Cannot change mode to rwxr-xr-x: Operation not permitted
build	Cache Android SDK	2026-06-06T12:22:45.3483091Z /usr/bin/tar: ../../../../../usr/local/lib/android/sdk/platforms/android-35/data/res/values-mcc313-mnc100-af: Cannot utime: Operation not permitted
build	Cache Android SDK	2026-06-06T12:22:45.3484516Z /usr/bin/tar: ../../../../../usr/local/lib/android/sdk/platforms/android-35/data/res/values-mcc313-mnc100-af: Cannot change mode to rwxr-xr-x: Operation not permitted
build	Cache Android SDK	2026-06-06T12:22:45.3486947Z /usr/bin/tar: ../../../../../usr/local/lib/android/sdk/platforms/android-35/data/res/values-mcc310-mnc170-zu: Cannot utime: Operation not permitted
build	Cache Android SDK	2026-06-06T12:22:45.3488110Z /usr/bin/tar: ../../../../../usr/local/lib/android/sdk/platforms/android-35/data/res/values-mcc310-mnc170-zu: Cannot change mode to rwxr-xr-x: Operation not permitted
build	Cache Android SDK	2026-06-06T12:22:45.3489787Z /usr/bin/tar: ../../../../../usr/local/lib/android/sdk/platforms/android-35/data/res/values-mcc311-mnc180-vi: Cannot utime: Operation not permitted
build	Cache Android SDK	2026-06-06T12:22:45.3490722Z /usr/bin/tar: ../../../../../usr/local/lib/android/sdk/platforms/android-35/data/res/values-mcc311-mnc180-vi: Cannot change mode to rwxr-xr-x: Operation not permitted
build	Cache Android SDK	2026-06-06T12:22:45.3497058Z /usr/bin/tar: ../../../../../usr/local/lib/android/sdk/platforms/android-35/data/res/values-ca-television: Cannot utime: Operation not permitted
build	Cache Android SDK	2026-06-06T12:22:45.3498841Z /usr/bin/tar: ../../../../../usr/local/lib/android/sdk/platforms/android-35/data/res/values-ca-television: Cannot change mode to rwxr-xr-x: Operation not permitted
build	Cache Android SDK	2026-06-06T12:22:45.3502644Z /usr/bin/tar: ../../../../../usr/local/lib/android/sdk/platforms/android-35/data/res/values-mcc001-mnc01-pa: Cannot utime: Operation not permitted
build	Cache Android SDK	2026-06-06T12:22:45.3505057Z /usr/bin/tar: ../../../../../usr/local/lib/android/sdk/platforms/android-35/data/res/values-mcc001-mnc01-pa: Cannot change mode to rwxr-xr-x: Operation not permitted
build	Cache Android SDK	2026-06-06T12:22:45.3508187Z /usr/bin/tar: ../../../../../usr/local/lib/android/sdk/platforms/android-35/data/res/values-mcc302-mnc720-ar: Cannot utime: Operation not permitted
build	Cache Android SDK	2026-06-06T12:22:45.3509754Z /usr/bin/tar: ../../../../../usr/local/lib/android/sdk/platforms/android-35/data/res/values-mcc302-mnc720-ar: Cannot change mode to rwxr-xr-x: Operation not permitted
build	Cache Android SDK	2026-06-06T12:22:45.3511087Z /usr/bin/tar: ../../../../../usr/local/lib/android/sdk/platforms/android-35/data/res/values-mcc001-mnc01-ka: Cannot utime: Operation not permitted
build	Cache Android SDK	2026-06-06T12:22:45.3513076Z /usr/bin/tar: ../../../../../usr/local/lib/android/sdk/platforms/android-35/data/res/values-mcc001-mnc01-ka: Cannot change mode to rwxr-xr-x: Operation not permitted
build	Cache Android SDK	2026-06-06T12:22:45.3514618Z /usr/bin/tar: ../../../../../usr/local/lib/android/sdk/platforms/android-35/data/res/values-mcc310-mnc230-te: Cannot utime: Operation not permitted
build	Cache Android SDK	2026-06-06T12:22:45.3516875Z /usr/bin/tar: ../../../../../usr/local/lib/android/sdk/platforms/android-35/data/res/values-mcc310-mnc230-te: Cannot change mode to rwxr-xr-x: Operation not permitted
build	Cache Android SDK	2026-06-06T12:22:45.3518656Z /usr/bin/tar: ../../../../../usr/local/lib/android/sdk/platforms/android-35/data/res/values-mcc310-mnc030-or: Cannot utime: Operation not permitted
build	Cache Android SDK	2026-06-06T12:22:45.3520584Z /usr/bin/tar: ../../../../../usr/local/lib/android/sdk/platforms/android-35/data/res/values-mcc310-mnc030-or: Cannot change mode to rwxr-xr-x: Operation not permitted
build	Cache Android SDK	2026-06-06T12:22:45.3524846Z /usr/bin/tar: ../../../../../usr/local/lib/android/sdk/platforms/android-35/data/res/values-mcc310-mnc310-fr: Cannot utime: Operation not permitted
build	Cache Android SDK	2026-06-06T12:22:45.3526076Z /usr/bin/tar: ../../../../../usr/local/lib/android/sdk/platforms/android-35/data/res/values-mcc310-mnc310-fr: Cannot change mode to rwxr-xr-x: Operation not permitted
build	Cache Android SDK	2026-06-06T12:22:45.3529577Z /usr/bin/tar: ../../../../../usr/local/lib/android/sdk/platforms/android-35/data/res/values-mcc310-mnc210-ml: Cannot utime: Operation not permitted
build	Cache Android SDK	2026-06-06T12:22:45.3531109Z /usr/bin/tar: ../../../../../usr/local/lib/android/sdk/platforms/android-35/data/res/values-mcc310-mnc210-ml: Cannot change mode to rwxr-xr-x: Operation not permitted
build	Cache Android SDK	2026-06-06T12:22:45.3533315Z /usr/bin/tar: ../../../../../usr/local/lib/android/sdk/platforms/android-35/data/res/values-mcc310-mnc150-bg: Cannot utime: Operation not permitted
build	Cache Android SDK	2026-06-06T12:22:45.3534247Z /usr/bin/tar: ../../../../../usr/local/lib/android/sdk/platforms/android-35/data/res/values-mcc310-mnc150-bg: Cannot change mode to rwxr-xr-x: Operation not permitted
build	Cache Android SDK	2026-06-06T12:22:45.3544788Z /usr/bin/tar: ../../../../../usr/local/lib/android/sdk/platforms/android-35/data/res/values-mcc310-mnc230-ta: Cannot utime: Operation not permitted
build	Cache Android SDK	2026-06-06T12:22:45.3546398Z /usr/bin/tar: ../../../../../usr/local/lib/android/sdk/platforms/android-35/data/res/values-mcc310-mnc230-ta: Cannot change mode to rwxr-xr-x: Operation not permitted
build	Cache Android SDK	2026-06-06T12:22:45.3548740Z /usr/bin/tar: ../../../../../usr/local/lib/android/sdk/platforms/android-35/data/res/values-mcc310-mnc800-hr: Cannot utime: Operation not permitted
build	Cache Android SDK	2026-06-06T12:22:45.3550339Z /usr/bin/tar: ../../../../../usr/local/lib/android/sdk/platforms/android-35/data/res/values-mcc310-mnc800-hr: Cannot change mode to rwxr-xr-x: Operation not permitted
build	Cache Android SDK	2026-06-06T12:22:45.3552288Z /usr/bin/tar: ../../../../../usr/local/lib/android/sdk/platforms/android-35/data/res/values-mcc310-mnc240-sq: Cannot utime: Operation not permitted
build	Cache Android SDK	2026-06-06T12:22:45.3554091Z /usr/bin/tar: ../../../../../usr/local/lib/android/sdk/platforms/android-35/data/res/values-mcc310-mnc240-sq: Cannot change mode to rwxr-xr-x: Operation not permitted
build	Cache Android SDK	2026-06-06T12:22:45.3560794Z /usr/bin/tar: ../../../../../usr/local/lib/android/sdk/platforms/android-35/data/res/values-mcc311-mnc180-pt: Cannot utime: Operation not permitted
build	Cache Android SDK	2026-06-06T12:22:45.3562432Z /usr/bin/tar: ../../../../../usr/local/lib/android/sdk/platforms/android-35/data/res/values-mcc311-mnc180-pt: Cannot change mode to rwxr-xr-x: Operation not permitted
build	Cache Android SDK	2026-06-06T12:22:45.3564559Z /usr/bin/tar: ../../../../../usr/local/lib/android/sdk/platforms/android-35/data/res/values-mcc310-mnc660-hy: Cannot utime: Operation not permitted
build	Cache Android SDK	2026-06-06T12:22:45.3566144Z /usr/bin/tar: ../../../../../usr/local/lib/android/sdk/platforms/android-35/data/res/values-mcc310-mnc660-hy: Cannot change mode to rwxr-xr-x: Operation not permitted
build	Cache Android SDK	2026-06-06T12:22:45.3569723Z /usr/bin/tar: ../../../../../usr/local/lib/android/sdk/platforms/android-35/data/res/values-mcc001-mnc01: Cannot utime: Operation not permitted
build	Cache Android SDK	2026-06-06T12:22:45.3571414Z /usr/bin/tar: ../../../../../usr/local/lib/android/sdk/platforms/android-35/data/res/values-mcc001-mnc01: Cannot change mode to rwxr-xr-x: Operation not permitted
build	Cache Android SDK	2026-06-06T12:22:45.3574140Z /usr/bin/tar: ../../../../../usr/local/lib/android/sdk/platforms/android-35/data/res/values-mcc310-mnc220-sl: Cannot utime: Operation not permitted
build	Cache Android SDK	2026-06-06T12:22:45.3575844Z /usr/bin/tar: ../../../../../usr/local/lib/android/sdk/platforms/android-35/data/res/values-mcc310-mnc220-sl: Cannot change mode to rwxr-xr-x: Operation not permitted
build	Cache Android SDK	2026-06-06T12:22:45.3577969Z /usr/bin/tar: ../../../../../usr/local/lib/android/sdk/platforms/android-35/data/res/values-mcc310-mnc560-fi: Cannot utime: Operation not permitted
build	Cache Android SDK	2026-06-06T12:22:45.3579350Z /usr/bin/tar: ../../../../../usr/local/lib/android/sdk/platforms/android-35/data/res/values-mcc310-mnc560-fi: Cannot change mode to rwxr-xr-x: Operation not permitted
build	Cache Android SDK	2026-06-06T12:22:45.3581499Z /usr/bin/tar: ../../../../../usr/local/lib/android/sdk/platforms/android-35/data/res/values-mcc312-mnc670-en-rCA: Cannot utime: Operation not permitted
build	Cache Android SDK	2026-06-06T12:22:45.3583184Z /usr/bin/tar: ../../../../../usr/local/lib/android/sdk/platforms/android-35/data/res/values-mcc312-mnc670-en-rCA: Cannot change mode to rwxr-xr-x: Operation not permitted
build	Cache Android SDK	2026-06-06T12:22:45.3585086Z /usr/bin/tar: ../../../../../usr/local/lib/android/sdk/platforms/android-35/data/res/values-mcc312-mnc670-fa: Cannot utime: Operation not permitted
build	Cache Android SDK	2026-06-06T12:22:45.3586781Z /usr/bin/tar: ../../../../../usr/local/lib/android/sdk/platforms/android-35/data/res/values-mcc312-mnc670-fa: Cannot change mode to rwxr-xr-x: Operation not permitted
build	Cache Android SDK	2026-06-06T12:22:45.3589810Z /usr/bin/tar: ../../../../../usr/local/lib/android/sdk/platforms/android-35/data/res/values-mcc310-mnc230-ne: Cannot utime: Operation not permitted
build	Cache Android SDK	2026-06-06T12:22:45.3591652Z /usr/bin/tar: ../../../../../usr/local/lib/android/sdk/platforms/android-35/data/res/values-mcc310-mnc230-ne: Cannot change mode to rwxr-xr-x: Operation not permitted
build	Cache Android SDK	2026-06-06T12:22:45.3593691Z /usr/bin/tar: ../../../../../usr/local/lib/android/sdk/platforms/android-35/data/res/values-es-rCR: Cannot utime: Operation not permitted
build	Cache Android SDK	2026-06-06T12:22:45.3595474Z /usr/bin/tar: ../../../../../usr/local/lib/android/sdk/platforms/android-35/data/res/values-es-rCR: Cannot change mode to rwxr-xr-x: Operation not permitted
build	Cache Android SDK	2026-06-06T12:22:45.3597941Z /usr/bin/tar: ../../../../../usr/local/lib/android/sdk/platforms/android-35/data/res/values-mcc312-mnc670-en-rGB: Cannot utime: Operation not permitted
build	Cache Android SDK	2026-06-06T12:22:45.3600153Z /usr/bin/tar: ../../../../../usr/local/lib/android/sdk/platforms/android-35/data/res/values-mcc312-mnc670-en-rGB: Cannot change mode to rwxr-xr-x: Operation not permitted
build	Cache Android SDK	2026-06-06T12:22:45.3602212Z /usr/bin/tar: ../../../../../usr/local/lib/android/sdk/platforms/android-35/data/res/values-mcc310-mnc950-bg: Cannot utime: Operation not permitted
build	Cache Android SDK	2026-06-06T12:22:45.3603316Z /usr/bin/tar: ../../../../../usr/local/lib/android/sdk/platforms/android-35/data/res/values-mcc310-mnc950-bg: Cannot change mode to rwxr-xr-x: Operation not permitted
build	Cache Android SDK	2026-06-06T12:22:45.3605876Z /usr/bin/tar: ../../../../../usr/local/lib/android/sdk/platforms/android-35/data/res/values-mcc310-mnc210-be: Cannot utime: Operation not permitted
build	Cache Android SDK	2026-06-06T12:22:45.3608115Z /usr/bin/tar: ../../../../../usr/local/lib/android/sdk/platforms/android-35/data/res/values-mcc310-mnc210-be: Cannot change mode to rwxr-xr-x: Operation not permitted
build	Cache Android SDK	2026-06-06T12:22:45.3610469Z /usr/bin/tar: ../../../../../usr/local/lib/android/sdk/platforms/android-35/data/res/values-mcc302-mnc720-tr: Cannot utime: Operation not permitted
build	Cache Android SDK	2026-06-06T12:22:45.3612665Z /usr/bin/tar: ../../../../../usr/local/lib/android/sdk/platforms/android-35/data/res/values-mcc302-mnc720-tr: Cannot change mode to rwxr-xr-x: Operation not permitted
build	Cache Android SDK	2026-06-06T12:22:45.3615104Z /usr/bin/tar: ../../../../../usr/local/lib/android/sdk/platforms/android-35/data/res/values-mcc310-mnc240-ar: Cannot utime: Operation not permitted
build	Cache Android SDK	2026-06-06T12:22:45.3617010Z /usr/bin/tar: ../../../../../usr/local/lib/android/sdk/platforms/android-35/data/res/values-mcc310-mnc240-ar: Cannot change mode to rwxr-xr-x: Operation not permitted
build	Cache Android SDK	2026-06-06T12:22:45.3619414Z /usr/bin/tar: ../../../../../usr/local/lib/android/sdk/platforms/android-35/data/res/values-mcc310-mnc220-vi: Cannot utime: Operation not permitted
build	Cache Android SDK	2026-06-06T12:22:45.3621390Z /usr/bin/tar: ../../../../../usr/local/lib/android/sdk/platforms/android-35/data/res/values-mcc310-mnc220-vi: Cannot change mode to rwxr-xr-x: Operation not permitted
build	Cache Android SDK	2026-06-06T12:22:45.3624536Z /usr/bin/tar: ../../../../../usr/local/lib/android/sdk/platforms/android-35/data/res/values-mcc310-mnc310-ja: Cannot utime: Operation not permitted
build	Cache Android SDK	2026-06-06T12:22:45.3626552Z /usr/bin/tar: ../../../../../usr/local/lib/android/sdk/platforms/android-35/data/res/values-mcc310-mnc310-ja: Cannot change mode to rwxr-xr-x: Operation not permitted
build	Cache Android SDK	2026-06-06T12:22:45.3628981Z /usr/bin/tar: ../../../../../usr/local/lib/android/sdk/platforms/android-35/data/res/values-mcc310-mnc150-fr: Cannot utime: Operation not permitted
build	Cache Android SDK	2026-06-06T12:22:45.3630528Z /usr/bin/tar: ../../../../../usr/local/lib/android/sdk/platforms/android-35/data/res/values-mcc310-mnc150-fr: Cannot change mode to rwxr-xr-x: Operation not permitted
build	Cache Android SDK	2026-06-06T12:22:45.3634530Z /usr/bin/tar: ../../../../../usr/local/lib/android/sdk/platforms/android-35/data/res/values-mcc310-mnc280-iw: Cannot utime: Operation not permitted
build	Cache Android SDK	2026-06-06T12:22:45.3636494Z /usr/bin/tar: ../../../../../usr/local/lib/android/sdk/platforms/android-35/data/res/values-mcc310-mnc280-iw: Cannot change mode to rwxr-xr-x: Operation not permitted
build	Cache Android SDK	2026-06-06T12:22:45.3641348Z /usr/bin/tar: ../../../../../usr/local/lib/android/sdk/platforms/android-35/data/res/values-mcc310-mnc950-ar: Cannot utime: Operation not permitted
build	Cache Android SDK	2026-06-06T12:22:45.3642444Z /usr/bin/tar: ../../../../../usr/local/lib/android/sdk/platforms/android-35/data/res/values-mcc310-mnc950-ar: Cannot change mode to rwxr-xr-x: Operation not permitted
build	Cache Android SDK	2026-06-06T12:22:45.3648267Z /usr/bin/tar: ../../../../../usr/local/lib/android/sdk/platforms/android-35/data/res/values-mcc310-mnc160-gl: Cannot utime: Operation not permitted
build	Cache Android SDK	2026-06-06T12:22:45.3649383Z /usr/bin/tar: ../../../../../usr/local/lib/android/sdk/platforms/android-35/data/res/values-mcc310-mnc160-gl: Cannot change mode to rwxr-xr-x: Operation not permitted
build	Cache Android SDK	2026-06-06T12:22:45.3651801Z /usr/bin/tar: ../../../../../usr/local/lib/android/sdk/platforms/android-35/data/res/values-mcc310-mnc250-tr: Cannot utime: Operation not permitted
build	Cache Android SDK	2026-06-06T12:22:45.3653185Z /usr/bin/tar: ../../../../../usr/local/lib/android/sdk/platforms/android-35/data/res/values-mcc310-mnc250-tr: Cannot change mode to rwxr-xr-x: Operation not permitted
build	Cache Android SDK	2026-06-06T12:22:45.3654914Z /usr/bin/tar: ../../../../../usr/local/lib/android/sdk/platforms/android-35/data/res/values-mcc313-mnc100-es-rUS: Cannot utime: Operation not permitted
build	Cache Android SDK	2026-06-06T12:22:45.3656478Z /usr/bin/tar: ../../../../../usr/local/lib/android/sdk/platforms/android-35/data/res/values-mcc313-mnc100-es-rUS: Cannot change mode to rwxr-xr-x: Operation not permitted
build	Cache Android SDK	2026-06-06T12:22:45.3659930Z /usr/bin/tar: ../../../../../usr/local/lib/android/sdk/platforms/android-35/data/res/values-mcc310-mnc250-hy: Cannot utime: Operation not permitted
build	Cache Android SDK	2026-06-06T12:22:45.3661045Z /usr/bin/tar: ../../../../../usr/local/lib/android/sdk/platforms/android-35/data/res/values-mcc310-mnc250-hy: Cannot change mode to rwxr-xr-x: Operation not permitted
build	Cache Android SDK	2026-06-06T12:22:45.3664814Z /usr/bin/tar: ../../../../../usr/local/lib/android/sdk/platforms/android-35/data/res/values-mcc310-mnc950-in: Cannot utime: Operation not permitted
build	Cache Android SDK	2026-06-06T12:22:45.3667211Z /usr/bin/tar: ../../../../../usr/local/lib/android/sdk/platforms/android-35/data/res/values-mcc310-mnc950-in: Cannot change mode to rwxr-xr-x: Operation not permitted
build	Cache Android SDK	2026-06-06T12:22:45.3669465Z /usr/bin/tar: ../../../../../usr/local/lib/android/sdk/platforms/android-35/data/res/values-mcc310-mnc270-sk: Cannot utime: Operation not permitted
build	Cache Android SDK	2026-06-06T12:22:45.3672563Z /usr/bin/tar: ../../../../../usr/local/lib/android/sdk/platforms/android-35/data/res/values-mcc310-mnc270-sk: Cannot change mode to rwxr-xr-x: Operation not permitted
build	Cache Android SDK	2026-06-06T12:22:45.3673960Z /usr/bin/tar: ../../../../../usr/local/lib/android/sdk/platforms/android-35/data/res/values-mcc310-mnc230-iw: Cannot utime: Operation not permitted
build	Cache Android SDK	2026-06-06T12:22:45.3676365Z /usr/bin/tar: ../../../../../usr/local/lib/android/sdk/platforms/android-35/data/res/values-mcc310-mnc230-iw: Cannot change mode to rwxr-xr-x: Operation not permitted
build	Cache Android SDK	2026-06-06T12:22:45.3677540Z /usr/bin/tar: ../../../../../usr/local/lib/android/sdk/platforms/android-35/data/res/values-mcc310-mnc230-en-rAU: Cannot utime: Operation not permitted
build	Cache Android SDK	2026-06-06T12:22:45.3679264Z /usr/bin/tar: ../../../../../usr/local/lib/android/sdk/platforms/android-35/data/res/values-mcc310-mnc230-en-rAU: Cannot change mode to rwxr-xr-x: Operation not permitted
build	Cache Android SDK	2026-06-06T12:22:45.3680437Z /usr/bin/tar: ../../../../../usr/local/lib/android/sdk/platforms/android-35/data/res/values-ru-rRU: Cannot utime: Operation not permitted
build	Cache Android SDK	2026-06-06T12:22:45.3681362Z /usr/bin/tar: ../../../../../usr/local/lib/android/sdk/platforms/android-35/data/res/values-ru-rRU: Cannot change mode to rwxr-xr-x: Operation not permitted
build	Cache Android SDK	2026-06-06T12:22:45.3688682Z /usr/bin/tar: ../../../../../usr/local/lib/android/sdk/platforms/android-35/data/res/values-uk: Cannot utime: Operation not permitted
build	Cache Android SDK	2026-06-06T12:22:45.3690167Z /usr/bin/tar: ../../../../../usr/local/lib/android/sdk/platforms/android-35/data/res/values-uk: Cannot change mode to rwxr-xr-x: Operation not permitted
build	Cache Android SDK	2026-06-06T12:22:45.3691901Z /usr/bin/tar: ../../../../../usr/local/lib/android/sdk/platforms/android-35/data/res/values-mcc310-mnc310-sv: Cannot utime: Operation not permitted
build	Cache Android SDK	2026-06-06T12:22:45.3693514Z /usr/bin/tar: ../../../../../usr/local/lib/android/sdk/platforms/android-35/data/res/values-mcc310-mnc310-sv: Cannot change mode to rwxr-xr-x: Operation not permitted
build	Cache Android SDK	2026-06-06T12:22:45.3695307Z /usr/bin/tar: ../../../../../usr/local/lib/android/sdk/platforms/android-35/data/res/values-mcc310-mnc230-it: Cannot utime: Operation not permitted
build	Cache Android SDK	2026-06-06T12:22:45.3696903Z /usr/bin/tar: ../../../../../usr/local/lib/android/sdk/platforms/android-35/data/res/values-mcc310-mnc230-it: Cannot change mode to rwxr-xr-x: Operation not permitted
build	Cache Android SDK	2026-06-06T12:22:45.3699384Z /usr/bin/tar: ../../../../../usr/local/lib/android/sdk/platforms/android-35/data/res/values-eu-television: Cannot utime: Operation not permitted
build	Cache Android SDK	2026-06-06T12:22:45.3700767Z /usr/bin/tar: ../../../../../usr/local/lib/android/sdk/platforms/android-35/data/res/values-eu-television: Cannot change mode to rwxr-xr-x: Operation not permitted
build	Cache Android SDK	2026-06-06T12:22:45.3702603Z /usr/bin/tar: ../../../../../usr/local/lib/android/sdk/platforms/android-35/data/res/values-zh-rHK-television: Cannot utime: Operation not permitted
build	Cache Android SDK	2026-06-06T12:22:45.3703826Z /usr/bin/tar: ../../../../../usr/local/lib/android/sdk/platforms/android-35/data/res/values-zh-rHK-television: Cannot change mode to rwxr-xr-x: Operation not permitted
build	Cache Android SDK	2026-06-06T12:22:45.3706166Z /usr/bin/tar: ../../../../../usr/local/lib/android/sdk/platforms/android-35/data/res/values-mcc310-mnc490-cs: Cannot utime: Operation not permitted
build	Cache Android SDK	2026-06-06T12:22:45.3707954Z /usr/bin/tar: ../../../../../usr/local/lib/android/sdk/platforms/android-35/data/res/values-mcc310-mnc490-cs: Cannot change mode to rwxr-xr-x: Operation not permitted
build	Cache Android SDK	2026-06-06T12:22:45.3709811Z /usr/bin/tar: ../../../../../usr/local/lib/android/sdk/platforms/android-35/data/res/values-mcc310-mnc800-zh-rTW: Cannot utime: Operation not permitted
build	Cache Android SDK	2026-06-06T12:22:45.3711522Z /usr/bin/tar: ../../../../../usr/local/lib/android/sdk/platforms/android-35/data/res/values-mcc310-mnc800-zh-rTW: Cannot change mode to rwxr-xr-x: Operation not permitted
build	Cache Android SDK	2026-06-06T12:22:45.3713117Z /usr/bin/tar: ../../../../../usr/local/lib/android/sdk/platforms/android-35/data/res/values-es-rPA: Cannot utime: Operation not permitted
build	Cache Android SDK	2026-06-06T12:22:45.3714228Z /usr/bin/tar: ../../../../../usr/local/lib/android/sdk/platforms/android-35/data/res/values-es-rPA: Cannot change mode to rwxr-xr-x: Operation not permitted
build	Cache Android SDK	2026-06-06T12:22:45.3716531Z /usr/bin/tar: ../../../../../usr/local/lib/android/sdk/platforms/android-35/data/res/values-mcc001-mnc01-mk: Cannot utime: Operation not permitted
build	Cache Android SDK	2026-06-06T12:22:45.3718093Z /usr/bin/tar: ../../../../../usr/local/lib/android/sdk/platforms/android-35/data/res/values-mcc001-mnc01-mk: Cannot change mode to rwxr-xr-x: Operation not permitted
build	Cache Android SDK	2026-06-06T12:22:45.3720105Z /usr/bin/tar: ../../../../../usr/local/lib/android/sdk/platforms/android-35/data/res/values-mk-watch: Cannot utime: Operation not permitted
build	Cache Android SDK	2026-06-06T12:22:45.3721783Z /usr/bin/tar: ../../../../../usr/local/lib/android/sdk/platforms/android-35/data/res/values-mk-watch: Cannot change mode to rwxr-xr-x: Operation not permitted
build	Cache Android SDK	2026-06-06T12:22:45.3723381Z /usr/bin/tar: ../../../../../usr/local/lib/android/sdk/platforms/android-35/data/res/values-mcc310-mnc150-am: Cannot utime: Operation not permitted
build	Cache Android SDK	2026-06-06T12:22:45.3724917Z /usr/bin/tar: ../../../../../usr/local/lib/android/sdk/platforms/android-35/data/res/values-mcc310-mnc150-am: Cannot change mode to rwxr-xr-x: Operation not permitted
build	Cache Android SDK	2026-06-06T12:22:45.3726446Z /usr/bin/tar: ../../../../../usr/local/lib/android/sdk/platforms/android-35/data/res/values-mcc310-mnc250-hr: Cannot utime: Operation not permitted
build	Cache Android SDK	2026-06-06T12:22:45.3728323Z /usr/bin/tar: ../../../../../usr/local/lib/android/sdk/platforms/android-35/data/res/values-mcc310-mnc250-hr: Cannot change mode to rwxr-xr-x: Operation not permitted
build	Cache Android SDK	2026-06-06T12:22:45.3729886Z /usr/bin/tar: ../../../../../usr/local/lib/android/sdk/platforms/android-35/data/res/values-mcc334-mnc020-fr: Cannot utime: Operation not permitted
build	Cache Android SDK	2026-06-06T12:22:45.3731197Z /usr/bin/tar: ../../../../../usr/local/lib/android/sdk/platforms/android-35/data/res/values-mcc334-mnc020-fr: Cannot change mode to rwxr-xr-x: Operation not permitted
build	Cache Android SDK	2026-06-06T12:22:45.3733068Z /usr/bin/tar: ../../../../../usr/local/lib/android/sdk/platforms/android-35/data/res/values-mcc310-mnc220-uk: Cannot utime: Operation not permitted
build	Cache Android SDK	2026-06-06T12:22:45.3734375Z /usr/bin/tar: ../../../../../usr/local/lib/android/sdk/platforms/android-35/data/res/values-mcc310-mnc220-uk: Cannot change mode to rwxr-xr-x: Operation not permitted
build	Cache Android SDK	2026-06-06T12:22:45.3740061Z /usr/bin/tar: ../../../../../usr/local/lib/android/sdk/platforms/android-35/data/res/values-mcc313-mnc100-te: Cannot utime: Operation not permitted
build	Cache Android SDK	2026-06-06T12:22:45.3741330Z /usr/bin/tar: ../../../../../usr/local/lib/android/sdk/platforms/android-35/data/res/values-mcc313-mnc100-te: Cannot change mode to rwxr-xr-x: Operation not permitted
build	Cache Android SDK	2026-06-06T12:22:45.3742848Z /usr/bin/tar: ../../../../../usr/local/lib/android/sdk/platforms/android-35/data/res/values-si-watch: Cannot utime: Operation not permitted
build	Cache Android SDK	2026-06-06T12:22:45.3744008Z /usr/bin/tar: ../../../../../usr/local/lib/android/sdk/platforms/android-35/data/res/values-si-watch: Cannot change mode to rwxr-xr-x: Operation not permitted
build	Cache Android SDK	2026-06-06T12:22:45.3746866Z /usr/bin/tar: ../../../../../usr/local/lib/android/sdk/platforms/android-35/data/res/values-mcc310-mnc270-lo: Cannot utime: Operation not permitted
build	Cache Android SDK	2026-06-06T12:22:45.3748366Z /usr/bin/tar: ../../../../../usr/local/lib/android/sdk/platforms/android-35/data/res/values-mcc310-mnc270-lo: Cannot change mode to rwxr-xr-x: Operation not permitted
build	Cache Android SDK	2026-06-06T12:22:45.3750213Z /usr/bin/tar: ../../../../../usr/local/lib/android/sdk/platforms/android-35/data/res/values-mcc310-mnc170-km: Cannot utime: Operation not permitted
build	Cache Android SDK	2026-06-06T12:22:45.3751571Z /usr/bin/tar: ../../../../../usr/local/lib/android/sdk/platforms/android-35/data/res/values-mcc310-mnc170-km: Cannot change mode to rwxr-xr-x: Operation not permitted
build	Cache Android SDK	2026-06-06T12:22:45.3753661Z /usr/bin/tar: ../../../../../usr/local/lib/android/sdk/platforms/android-35/data/res/values-mcc310-mnc660-af: Cannot utime: Operation not permitted
build	Cache Android SDK	2026-06-06T12:22:45.3754853Z /usr/bin/tar: ../../../../../usr/local/lib/android/sdk/platforms/android-35/data/res/values-mcc310-mnc660-af: Cannot change mode to rwxr-xr-x: Operation not permitted
build	Cache Android SDK	2026-06-06T12:22:45.3757116Z /usr/bin/tar: ../../../../../usr/local/lib/android/sdk/platforms/android-35/data/res/values-mcc001-mnc01-it: Cannot utime: Operation not permitted
build	Cache Android SDK	2026-06-06T12:22:45.3758738Z /usr/bin/tar: ../../../../../usr/local/lib/android/sdk/platforms/android-35/data/res/values-mcc001-mnc01-it: Cannot change mode to rwxr-xr-x: Operation not permitted
build	Cache Android SDK	2026-06-06T12:22:45.3762609Z /usr/bin/tar: ../../../../../usr/local/lib/android/sdk/platforms/android-35/data/res/values-mcc310-mnc280-th: Cannot utime: Operation not permitted
build	Cache Android SDK	2026-06-06T12:22:45.3764077Z /usr/bin/tar: ../../../../../usr/local/lib/android/sdk/platforms/android-35/data/res/values-mcc310-mnc280-th: Cannot change mode to rwxr-xr-x: Operation not permitted
build	Cache Android SDK	2026-06-06T12:22:45.3767192Z /usr/bin/tar: ../../../../../usr/local/lib/android/sdk/platforms/android-35/data/res/values-mcc310-mnc380-mk: Cannot utime: Operation not permitted
build	Cache Android SDK	2026-06-06T12:22:45.3768799Z /usr/bin/tar: ../../../../../usr/local/lib/android/sdk/platforms/android-35/data/res/values-mcc310-mnc380-mk: Cannot change mode to rwxr-xr-x: Operation not permitted
build	Cache Android SDK	2026-06-06T12:22:45.3770366Z /usr/bin/tar: ../../../../../usr/local/lib/android/sdk/platforms/android-35/data/res/values-mcc310-mnc250-is: Cannot utime: Operation not permitted
build	Cache Android SDK	2026-06-06T12:22:45.3771443Z /usr/bin/tar: ../../../../../usr/local/lib/android/sdk/platforms/android-35/data/res/values-mcc310-mnc250-is: Cannot change mode to rwxr-xr-x: Operation not permitted
build	Cache Android SDK	2026-06-06T12:22:45.3780119Z /usr/bin/tar: ../../../../../usr/local/lib/android/sdk/platforms/android-35/data/res/values-th-rTH: Cannot utime: Operation not permitted
build	Cache Android SDK	2026-06-06T12:22:45.3781439Z /usr/bin/tar: ../../../../../usr/local/lib/android/sdk/platforms/android-35/data/res/values-th-rTH: Cannot change mode to rwxr-xr-x: Operation not permitted
build	Cache Android SDK	2026-06-06T12:22:45.3783532Z /usr/bin/tar: ../../../../../usr/local/lib/android/sdk/platforms/android-35/data/res/values-mcc310-mnc560-ml: Cannot utime: Operation not permitted
build	Cache Android SDK	2026-06-06T12:22:45.3785291Z /usr/bin/tar: ../../../../../usr/local/lib/android/sdk/platforms/android-35/data/res/values-mcc310-mnc560-ml: Cannot change mode to rwxr-xr-x: Operation not permitted
build	Cache Android SDK	2026-06-06T12:22:45.3786847Z /usr/bin/tar: ../../../../../usr/local/lib/android/sdk/platforms/android-35/data/res/values-mcc310-mnc210-th: Cannot utime: Operation not permitted
build	Cache Android SDK	2026-06-06T12:22:45.3788193Z /usr/bin/tar: ../../../../../usr/local/lib/android/sdk/platforms/android-35/data/res/values-mcc310-mnc210-th: Cannot change mode to rwxr-xr-x: Operation not permitted
build	Cache Android SDK	2026-06-06T12:22:45.3792228Z /usr/bin/tar: ../../../../../usr/local/lib/android/sdk/platforms/android-35/data/res/values-mcc310-mnc380-sr: Cannot utime: Operation not permitted
build	Cache Android SDK	2026-06-06T12:22:45.3793462Z /usr/bin/tar: ../../../../../usr/local/lib/android/sdk/platforms/android-35/data/res/values-mcc310-mnc380-sr: Cannot change mode to rwxr-xr-x: Operation not permitted
build	Cache Android SDK	2026-06-06T12:22:45.3795438Z /usr/bin/tar: ../../../../../usr/local/lib/android/sdk/platforms/android-35/data/res/values-mcc310-mnc410-et: Cannot utime: Operation not permitted
build	Cache Android SDK	2026-06-06T12:22:45.3796717Z /usr/bin/tar: ../../../../../usr/local/lib/android/sdk/platforms/android-35/data/res/values-mcc310-mnc410-et: Cannot change mode to rwxr-xr-x: Operation not permitted
build	Cache Android SDK	2026-06-06T12:22:45.3798552Z /usr/bin/tar: ../../../../../usr/local/lib/android/sdk/platforms/android-35/data/res/values-mcc310-mnc380-uz: Cannot utime: Operation not permitted
build	Cache Android SDK	2026-06-06T12:22:45.3799621Z /usr/bin/tar: ../../../../../usr/local/lib/android/sdk/platforms/android-35/data/res/values-mcc310-mnc380-uz: Cannot change mode to rwxr-xr-x: Operation not permitted
build	Cache Android SDK	2026-06-06T12:22:45.3803396Z /usr/bin/tar: ../../../../../usr/local/lib/android/sdk/platforms/android-35/data/res/values-mcc311-mnc180-gu: Cannot utime: Operation not permitted
build	Cache Android SDK	2026-06-06T12:22:45.3804736Z /usr/bin/tar: ../../../../../usr/local/lib/android/sdk/platforms/android-35/data/res/values-mcc311-mnc180-gu: Cannot change mode to rwxr-xr-x: Operation not permitted
build	Cache Android SDK	2026-06-06T12:22:45.3807179Z /usr/bin/tar: ../../../../../usr/local/lib/android/sdk/platforms/android-35/data/res/values-mcc311-mnc180-is: Cannot utime: Operation not permitted
build	Cache Android SDK	2026-06-06T12:22:45.3808994Z /usr/bin/tar: ../../../../../usr/local/lib/android/sdk/platforms/android-35/data/res/values-mcc311-mnc180-is: Cannot change mode to rwxr-xr-x: Operation not permitted
build	Cache Android SDK	2026-06-06T12:22:45.3811610Z /usr/bin/tar: ../../../../../usr/local/lib/android/sdk/platforms/android-35/data/res/values-mcc312-mnc670-ml: Cannot utime: Operation not permitted
build	Cache Android SDK	2026-06-06T12:22:45.3812815Z /usr/bin/tar: ../../../../../usr/local/lib/android/sdk/platforms/android-35/data/res/values-mcc312-mnc670-ml: Cannot change mode to rwxr-xr-x: Operation not permitted
build	Cache Android SDK	2026-06-06T12:22:45.3817965Z /usr/bin/tar: ../../../../../usr/local/lib/android/sdk/platforms/android-35/data/res/values-mcc310-mnc170-sr: Cannot utime: Operation not permitted
build	Cache Android SDK	2026-06-06T12:22:45.3819026Z /usr/bin/tar: ../../../../../usr/local/lib/android/sdk/platforms/android-35/data/res/values-mcc310-mnc170-sr: Cannot change mode to rwxr-xr-x: Operation not permitted
build	Cache Android SDK	2026-06-06T12:22:45.3823623Z /usr/bin/tar: ../../../../../usr/local/lib/android/sdk/platforms/android-35/data/res/values-mcc311: Cannot utime: Operation not permitted
build	Cache Android SDK	2026-06-06T12:22:45.3824711Z /usr/bin/tar: ../../../../../usr/local/lib/android/sdk/platforms/android-35/data/res/values-mcc311: Cannot change mode to rwxr-xr-x: Operation not permitted
build	Cache Android SDK	2026-06-06T12:22:45.3833730Z /usr/bin/tar: ../../../../../usr/local/lib/android/sdk/platforms/android-35/data/res/values-es-watch: Cannot utime: Operation not permitted
build	Cache Android SDK	2026-06-06T12:22:45.3834974Z /usr/bin/tar: ../../../../../usr/local/lib/android/sdk/platforms/android-35/data/res/values-es-watch: Cannot change mode to rwxr-xr-x: Operation not permitted
build	Cache Android SDK	2026-06-06T12:22:45.3956408Z /usr/bin/tar: ../../../../../usr/local/lib/android/sdk/platforms/android-35/data/res/layout: Cannot utime: Operation not permitted
build	Cache Android SDK	2026-06-06T12:22:45.3957706Z /usr/bin/tar: ../../../../../usr/local/lib/android/sdk/platforms/android-35/data/res/layout: Cannot change mode to rwxr-xr-x: Operation not permitted
build	Cache Android SDK	2026-06-06T12:22:45.3958949Z /usr/bin/tar: ../../../../../usr/local/lib/android/sdk/platforms/android-35/data/res/values-mcc311-mnc180-zh-rCN: Cannot utime: Operation not permitted
build	Cache Android SDK	2026-06-06T12:22:45.3960119Z /usr/bin/tar: ../../../../../usr/local/lib/android/sdk/platforms/android-35/data/res/values-mcc311-mnc180-zh-rCN: Cannot change mode to rwxr-xr-x: Operation not permitted
build	Cache Android SDK	2026-06-06T12:22:45.3962527Z /usr/bin/tar: ../../../../../usr/local/lib/android/sdk/platforms/android-35/data/res/values-mcc310-mnc150-hi: Cannot utime: Operation not permitted
build	Cache Android SDK	2026-06-06T12:22:45.3963536Z /usr/bin/tar: ../../../../../usr/local/lib/android/sdk/platforms/android-35/data/res/values-mcc310-mnc150-hi: Cannot change mode to rwxr-xr-x: Operation not permitted
build	Cache Android SDK	2026-06-06T12:22:45.3965328Z /usr/bin/tar: ../../../../../usr/local/lib/android/sdk/platforms/android-35/data/res/values-mcc310-mnc490-it: Cannot utime: Operation not permitted
build	Cache Android SDK	2026-06-06T12:22:45.3966246Z /usr/bin/tar: ../../../../../usr/local/lib/android/sdk/platforms/android-35/data/res/values-mcc310-mnc490-it: Cannot change mode to rwxr-xr-x: Operation not permitted
build	Cache Android SDK	2026-06-06T12:22:45.3971286Z /usr/bin/tar: ../../../../../usr/local/lib/android/sdk/platforms/android-35/data/res/values-mcc334-mnc020-ru: Cannot utime: Operation not permitted
build	Cache Android SDK	2026-06-06T12:22:45.3972428Z /usr/bin/tar: ../../../../../usr/local/lib/android/sdk/platforms/android-35/data/res/values-mcc334-mnc020-ru: Cannot change mode to rwxr-xr-x: Operation not permitted
build	Cache Android SDK	2026-06-06T12:22:45.3974540Z /usr/bin/tar: ../../../../../usr/local/lib/android/sdk/platforms/android-35/data/res/values-mcc310-mnc280-ta: Cannot utime: Operation not permitted
build	Cache Android SDK	2026-06-06T12:22:45.3975471Z /usr/bin/tar: ../../../../../usr/local/lib/android/sdk/platforms/android-35/data/res/values-mcc310-mnc280-ta: Cannot change mode to rwxr-xr-x: Operation not permitted
build	Cache Android SDK	2026-06-06T12:22:45.3977828Z /usr/bin/tar: ../../../../../usr/local/lib/android/sdk/platforms/android-35/data/res/values-ne-watch: Cannot utime: Operation not permitted
build	Cache Android SDK	2026-06-06T12:22:45.3978922Z /usr/bin/tar: ../../../../../usr/local/lib/android/sdk/platforms/android-35/data/res/values-ne-watch: Cannot change mode to rwxr-xr-x: Operation not permitted
build	Cache Android SDK	2026-06-06T12:22:45.3981476Z /usr/bin/tar: ../../../../../usr/local/lib/android/sdk/platforms/android-35/data/res/values-mcc310-mnc200-ml: Cannot utime: Operation not permitted
build	Cache Android SDK	2026-06-06T12:22:45.3982471Z /usr/bin/tar: ../../../../../usr/local/lib/android/sdk/platforms/android-35/data/res/values-mcc310-mnc200-ml: Cannot change mode to rwxr-xr-x: Operation not permitted
build	Cache Android SDK	2026-06-06T12:22:45.3984739Z /usr/bin/tar: ../../../../../usr/local/lib/android/sdk/platforms/android-35/data/res/values-mcc310-mnc280-nb: Cannot utime: Operation not permitted
build	Cache Android SDK	2026-06-06T12:22:45.3985723Z /usr/bin/tar: ../../../../../usr/local/lib/android/sdk/platforms/android-35/data/res/values-mcc310-mnc280-nb: Cannot change mode to rwxr-xr-x: Operation not permitted
build	Cache Android SDK	2026-06-06T12:22:45.3988833Z /usr/bin/tar: ../../../../../usr/local/lib/android/sdk/platforms/android-35/data/res/values-mcc302-mnc370-pt-rPT: Cannot utime: Operation not permitted
build	Cache Android SDK	2026-06-06T12:22:45.3990563Z /usr/bin/tar: ../../../../../usr/local/lib/android/sdk/platforms/android-35/data/res/values-mcc302-mnc370-pt-rPT: Cannot change mode to rwxr-xr-x: Operation not permitted
build	Cache Android SDK	2026-06-06T12:22:45.4021623Z /usr/bin/tar: ../../../../../usr/local/lib/android/sdk/platforms/android-35/data/res/drawable-sw600dp-nodpi: Cannot utime: Operation not permitted
build	Cache Android SDK	2026-06-06T12:22:45.4023083Z /usr/bin/tar: ../../../../../usr/local/lib/android/sdk/platforms/android-35/data/res/drawable-sw600dp-nodpi: Cannot change mode to rwxr-xr-x: Operation not permitted
build	Cache Android SDK	2026-06-06T12:22:45.4025399Z /usr/bin/tar: ../../../../../usr/local/lib/android/sdk/platforms/android-35/data/res/values-mcc310-mnc490-mr: Cannot utime: Operation not permitted
build	Cache Android SDK	2026-06-06T12:22:45.4026775Z /usr/bin/tar: ../../../../../usr/local/lib/android/sdk/platforms/android-35/data/res/values-mcc310-mnc490-mr: Cannot change mode to rwxr-xr-x: Operation not permitted
build	Cache Android SDK	2026-06-06T12:22:45.4029632Z /usr/bin/tar: ../../../../../usr/local/lib/android/sdk/platforms/android-35/data/res/values-mcc310-mnc200-ms: Cannot utime: Operation not permitted
build	Cache Android SDK	2026-06-06T12:22:45.4030822Z /usr/bin/tar: ../../../../../usr/local/lib/android/sdk/platforms/android-35/data/res/values-mcc310-mnc200-ms: Cannot change mode to rwxr-xr-x: Operation not permitted
build	Cache Android SDK	2026-06-06T12:22:45.4032786Z /usr/bin/tar: ../../../../../usr/local/lib/android/sdk/platforms/android-35/data/res/values-mcc313-mnc100-fa: Cannot utime: Operation not permitted
build	Cache Android SDK	2026-06-06T12:22:45.4033739Z /usr/bin/tar: ../../../../../usr/local/lib/android/sdk/platforms/android-35/data/res/values-mcc313-mnc100-fa: Cannot change mode to rwxr-xr-x: Operation not permitted
build	Cache Android SDK	2026-06-06T12:22:45.4038044Z /usr/bin/tar: ../../../../../usr/local/lib/android/sdk/platforms/android-35/data/res/values-mcc310-mnc490-bs: Cannot utime: Operation not permitted
build	Cache Android SDK	2026-06-06T12:22:45.4039360Z /usr/bin/tar: ../../../../../usr/local/lib/android/sdk/platforms/android-35/data/res/values-mcc310-mnc490-bs: Cannot change mode to rwxr-xr-x: Operation not permitted
build	Cache Android SDK	2026-06-06T12:22:45.4041943Z /usr/bin/tar: ../../../../../usr/local/lib/android/sdk/platforms/android-35/data/res/values-sw900dp: Cannot utime: Operation not permitted
build	Cache Android SDK	2026-06-06T12:22:45.4043075Z /usr/bin/tar: ../../../../../usr/local/lib/android/sdk/platforms/android-35/data/res/values-sw900dp: Cannot change mode to rwxr-xr-x: Operation not permitted
build	Cache Android SDK	2026-06-06T12:22:45.4045358Z /usr/bin/tar: ../../../../../usr/local/lib/android/sdk/platforms/android-35/data/res/values-mcc302-mnc720-mn: Cannot utime: Operation not permitted
build	Cache Android SDK	2026-06-06T12:22:45.4046276Z /usr/bin/tar: ../../../../../usr/local/lib/android/sdk/platforms/android-35/data/res/values-mcc302-mnc720-mn: Cannot change mode to rwxr-xr-x: Operation not permitted
build	Cache Android SDK	2026-06-06T12:22:45.4050782Z /usr/bin/tar: ../../../../../usr/local/lib/android/sdk/platforms/android-35/data/res/values-mcc302-mnc720-or: Cannot utime: Operation not permitted
build	Cache Android SDK	2026-06-06T12:22:45.4051809Z /usr/bin/tar: ../../../../../usr/local/lib/android/sdk/platforms/android-35/data/res/values-mcc302-mnc720-or: Cannot change mode to rwxr-xr-x: Operation not permitted
build	Cache Android SDK	2026-06-06T12:22:45.4053915Z /usr/bin/tar: ../../../../../usr/local/lib/android/sdk/platforms/android-35/data/res/values-mcc310-mnc220-es: Cannot utime: Operation not permitted
build	Cache Android SDK	2026-06-06T12:22:45.4054839Z /usr/bin/tar: ../../../../../usr/local/lib/android/sdk/platforms/android-35/data/res/values-mcc310-mnc220-es: Cannot change mode to rwxr-xr-x: Operation not permitted
build	Cache Android SDK	2026-06-06T12:22:45.4062220Z /usr/bin/tar: ../../../../../usr/local/lib/android/sdk/platforms/android-35/data/res/values-mcc310-mnc410-da: Cannot utime: Operation not permitted
build	Cache Android SDK	2026-06-06T12:22:45.4063146Z /usr/bin/tar: ../../../../../usr/local/lib/android/sdk/platforms/android-35/data/res/values-mcc310-mnc410-da: Cannot change mode to rwxr-xr-x: Operation not permitted
build	Cache Android SDK	2026-06-06T12:22:45.4065567Z /usr/bin/tar: ../../../../../usr/local/lib/android/sdk/platforms/android-35/data/res/values-mcc310-mnc030-iw: Cannot utime: Operation not permitted
build	Cache Android SDK	2026-06-06T12:22:45.4066498Z /usr/bin/tar: ../../../../../usr/local/lib/android/sdk/platforms/android-35/data/res/values-mcc310-mnc030-iw: Cannot change mode to rwxr-xr-x: Operation not permitted
build	Cache Android SDK	2026-06-06T12:22:45.4069318Z /usr/bin/tar: ../../../../../usr/local/lib/android/sdk/platforms/android-35/data/res/values-mcc312-mnc670-as: Cannot utime: Operation not permitted
build	Cache Android SDK	2026-06-06T12:22:45.4070450Z /usr/bin/tar: ../../../../../usr/local/lib/android/sdk/platforms/android-35/data/res/values-mcc312-mnc670-as: Cannot change mode to rwxr-xr-x: Operation not permitted
build	Cache Android SDK	2026-06-06T12:22:45.4073026Z /usr/bin/tar: ../../../../../usr/local/lib/android/sdk/platforms/android-35/data/res/values-mcc310-mnc150-ms: Cannot utime: Operation not permitted
build	Cache Android SDK	2026-06-06T12:22:45.4160029Z /usr/bin/tar: ../../../../../usr/local/lib/android/sdk/platforms/android-35/data/res/values-mcc310-mnc150-ms: Cannot change mode to rwxr-xr-x: Operation not permitted
build	Cache Android SDK	2026-06-06T12:22:45.4161668Z /usr/bin/tar: ../../../../../usr/local/lib/android/sdk/platforms/android-35/data/res/values-mcc214-mnc01: Cannot utime: Operation not permitted
build	Cache Android SDK	2026-06-06T12:22:45.4163091Z /usr/bin/tar: ../../../../../usr/local/lib/android/sdk/platforms/android-35/data/res/values-mcc214-mnc01: Cannot change mode to rwxr-xr-x: Operation not permitted
build	Cache Android SDK	2026-06-06T12:22:45.4163997Z /usr/bin/tar: ../../../../../usr/local/lib/android/sdk/platforms/android-35/data/res/values-ro-watch: Cannot utime: Operation not permitted
build	Cache Android SDK	2026-06-06T12:22:45.4165176Z /usr/bin/tar: ../../../../../usr/local/lib/android/sdk/platforms/android-35/data/res/values-ro-watch: Cannot change mode to rwxr-xr-x: Operation not permitted
build	Cache Android SDK	2026-06-06T12:22:45.4166067Z /usr/bin/tar: ../../../../../usr/local/lib/android/sdk/platforms/android-35/data/res/values-mcc334-mnc020-bg: Cannot utime: Operation not permitted
build	Cache Android SDK	2026-06-06T12:22:45.4166974Z /usr/bin/tar: ../../../../../usr/local/lib/android/sdk/platforms/android-35/data/res/values-mcc334-mnc020-bg: Cannot change mode to rwxr-xr-x: Operation not permitted
build	Cache Android SDK	2026-06-06T12:22:45.4168408Z /usr/bin/tar: ../../../../../usr/local/lib/android/sdk/platforms/android-35/data/res/values-mcc001-mnc01-pt: Cannot utime: Operation not permitted
build	Cache Android SDK	2026-06-06T12:22:45.4169654Z /usr/bin/tar: ../../../../../usr/local/lib/android/sdk/platforms/android-35/data/res/values-mcc001-mnc01-pt: Cannot change mode to rwxr-xr-x: Operation not permitted
build	Cache Android SDK	2026-06-06T12:22:45.4170569Z /usr/bin/tar: ../../../../../usr/local/lib/android/sdk/platforms/android-35/data/res/values-mcc310-mnc280-pt-rBR: Cannot utime: Operation not permitted
build	Cache Android SDK	2026-06-06T12:22:45.4171821Z /usr/bin/tar: ../../../../../usr/local/lib/android/sdk/platforms/android-35/data/res/values-mcc310-mnc280-pt-rBR: Cannot change mode to rwxr-xr-x: Operation not permitted
build	Cache Android SDK	2026-06-06T12:22:45.4172756Z /usr/bin/tar: ../../../../../usr/local/lib/android/sdk/platforms/android-35/data/res/values-mcc310-mnc170-uk: Cannot utime: Operation not permitted
build	Cache Android SDK	2026-06-06T12:22:45.4173658Z /usr/bin/tar: ../../../../../usr/local/lib/android/sdk/platforms/android-35/data/res/values-mcc310-mnc170-uk: Cannot change mode to rwxr-xr-x: Operation not permitted
build	Cache Android SDK	2026-06-06T12:22:45.4174982Z /usr/bin/tar: ../../../../../usr/local/lib/android/sdk/platforms/android-35/data/res/values-mcc302-mnc370-lv: Cannot utime: Operation not permitted
build	Cache Android SDK	2026-06-06T12:22:45.4176119Z /usr/bin/tar: ../../../../../usr/local/lib/android/sdk/platforms/android-35/data/res/values-mcc302-mnc370-lv: Cannot change mode to rwxr-xr-x: Operation not permitted
build	Cache Android SDK	2026-06-06T12:22:45.4177032Z /usr/bin/tar: ../../../../../usr/local/lib/android/sdk/platforms/android-35/data/res/values-mcc310-mnc160-vi: Cannot utime: Operation not permitted
build	Cache Android SDK	2026-06-06T12:22:45.4178474Z /usr/bin/tar: ../../../../../usr/local/lib/android/sdk/platforms/android-35/data/res/values-mcc310-mnc160-vi: Cannot change mode to rwxr-xr-x: Operation not permitted
build	Cache Android SDK	2026-06-06T12:22:45.4179541Z /usr/bin/tar: ../../../../../usr/local/lib/android/sdk/platforms/android-35/data/res/values-kk: Cannot utime: Operation not permitted
build	Cache Android SDK	2026-06-06T12:22:45.4180371Z /usr/bin/tar: ../../../../../usr/local/lib/android/sdk/platforms/android-35/data/res/values-kk: Cannot change mode to rwxr-xr-x: Operation not permitted
build	Cache Android SDK	2026-06-06T12:22:45.4181758Z /usr/bin/tar: ../../../../../usr/local/lib/android/sdk/platforms/android-35/data/res/values-mcc310-mnc560-sl: Cannot utime: Operation not permitted
build	Cache Android SDK	2026-06-06T12:22:45.4182716Z /usr/bin/tar: ../../../../../usr/local/lib/android/sdk/platforms/android-35/data/res/values-mcc310-mnc560-sl: Cannot change mode to rwxr-xr-x: Operation not permitted
build	Cache Android SDK	2026-06-06T12:22:45.4183896Z /usr/bin/tar: ../../../../../usr/local/lib/android/sdk/platforms/android-35/data/res/values-zh-rTW-watch: Cannot utime: Operation not permitted
build	Cache Android SDK	2026-06-06T12:22:45.4185087Z /usr/bin/tar: ../../../../../usr/local/lib/android/sdk/platforms/android-35/data/res/values-zh-rTW-watch: Cannot change mode to rwxr-xr-x: Operation not permitted
build	Cache Android SDK	2026-06-06T12:22:45.4185980Z /usr/bin/tar: ../../../../../usr/local/lib/android/sdk/platforms/android-35/data/res/values-mcc001-mnc01-ta: Cannot utime: Operation not permitted
build	Cache Android SDK	2026-06-06T12:22:45.4187221Z /usr/bin/tar: ../../../../../usr/local/lib/android/sdk/platforms/android-35/data/res/values-mcc001-mnc01-ta: Cannot change mode to rwxr-xr-x: Operation not permitted
build	Cache Android SDK	2026-06-06T12:22:45.4188266Z /usr/bin/tar: ../../../../../usr/local/lib/android/sdk/platforms/android-35/data/res/values-large: Cannot utime: Operation not permitted
build	Cache Android SDK	2026-06-06T12:22:45.4189115Z /usr/bin/tar: ../../../../../usr/local/lib/android/sdk/platforms/android-35/data/res/values-large: Cannot change mode to rwxr-xr-x: Operation not permitted
build	Cache Android SDK	2026-06-06T12:22:45.4190332Z /usr/bin/tar: ../../../../../usr/local/lib/android/sdk/platforms/android-35/data/res/values-es-television: Cannot utime: Operation not permitted
build	Cache Android SDK	2026-06-06T12:22:45.4191234Z /usr/bin/tar: ../../../../../usr/local/lib/android/sdk/platforms/android-35/data/res/values-es-television: Cannot change mode to rwxr-xr-x: Operation not permitted
build	Cache Android SDK	2026-06-06T12:22:45.4192144Z /usr/bin/tar: ../../../../../usr/local/lib/android/sdk/platforms/android-35/data/res/values-mcc310-mnc200-hy: Cannot utime: Operation not permitted
build	Cache Android SDK	2026-06-06T12:22:45.4193195Z /usr/bin/tar: ../../../../../usr/local/lib/android/sdk/platforms/android-35/data/res/values-mcc310-mnc200-hy: Cannot change mode to rwxr-xr-x: Operation not permitted
build	Cache Android SDK	2026-06-06T12:22:45.4194374Z /usr/bin/tar: ../../../../../usr/local/lib/android/sdk/platforms/android-35/data/res/values-mcc310-mnc800-sq: Cannot utime: Operation not permitted
build	Cache Android SDK	2026-06-06T12:22:45.4195542Z /usr/bin/tar: ../../../../../usr/local/lib/android/sdk/platforms/android-35/data/res/values-mcc310-mnc800-sq: Cannot change mode to rwxr-xr-x: Operation not permitted
build	Cache Android SDK	2026-06-06T12:22:45.4196446Z /usr/bin/tar: ../../../../../usr/local/lib/android/sdk/platforms/android-35/data/res/values-mcc302-mnc720-ko: Cannot utime: Operation not permitted
build	Cache Android SDK	2026-06-06T12:22:45.4197963Z /usr/bin/tar: ../../../../../usr/local/lib/android/sdk/platforms/android-35/data/res/values-mcc302-mnc720-ko: Cannot change mode to rwxr-xr-x: Operation not permitted
build	Cache Android SDK	2026-06-06T12:22:45.4199014Z /usr/bin/tar: ../../../../../usr/local/lib/android/sdk/platforms/android-35/data/res/values-mcc310-mnc240-ca: Cannot utime: Operation not permitted
build	Cache Android SDK	2026-06-06T12:22:45.4200099Z /usr/bin/tar: ../../../../../usr/local/lib/android/sdk/platforms/android-35/data/res/values-mcc310-mnc240-ca: Cannot change mode to rwxr-xr-x: Operation not permitted
build	Cache Android SDK	2026-06-06T12:22:45.4201413Z /usr/bin/tar: ../../../../../usr/local/lib/android/sdk/platforms/android-35/data/res/values-mcc310-mnc170-fr-rCA: Cannot utime: Operation not permitted
build	Cache Android SDK	2026-06-06T12:22:45.4202364Z /usr/bin/tar: ../../../../../usr/local/lib/android/sdk/platforms/android-35/data/res/values-mcc310-mnc170-fr-rCA: Cannot change mode to rwxr-xr-x: Operation not permitted
build	Cache Android SDK	2026-06-06T12:22:45.4203693Z /usr/bin/tar: ../../../../../usr/local/lib/android/sdk/platforms/android-35/data/res/values-mcc310-mnc230-el: Cannot utime: Operation not permitted
build	Cache Android SDK	2026-06-06T12:22:45.4204765Z /usr/bin/tar: ../../../../../usr/local/lib/android/sdk/platforms/android-35/data/res/values-mcc310-mnc230-el: Cannot change mode to rwxr-xr-x: Operation not permitted
build	Cache Android SDK	2026-06-06T12:22:45.4205664Z /usr/bin/tar: ../../../../../usr/local/lib/android/sdk/platforms/android-35/data/res/values-mcc310-mnc210-tl: Cannot utime: Operation not permitted
build	Cache Android SDK	2026-06-06T12:22:45.4206850Z /usr/bin/tar: ../../../../../usr/local/lib/android/sdk/platforms/android-35/data/res/values-mcc310-mnc210-tl: Cannot change mode to rwxr-xr-x: Operation not permitted
build	Cache Android SDK	2026-06-06T12:22:45.4207908Z /usr/bin/tar: ../../../../../usr/local/lib/android/sdk/platforms/android-35/data/res/values-mcc302-mnc720-fr-rCA: Cannot utime: Operation not permitted
build	Cache Android SDK	2026-06-06T12:22:45.4208847Z /usr/bin/tar: ../../../../../usr/local/lib/android/sdk/platforms/android-35/data/res/values-mcc302-mnc720-fr-rCA: Cannot change mode to rwxr-xr-x: Operation not permitted
build	Cache Android SDK	2026-06-06T12:22:45.4210261Z /usr/bin/tar: ../../../../../usr/local/lib/android/sdk/platforms/android-35/data/res/values-mcc310-mnc030-as: Cannot utime: Operation not permitted
build	Cache Android SDK	2026-06-06T12:22:45.4212108Z /usr/bin/tar: ../../../../../usr/local/lib/android/sdk/platforms/android-35/data/res/values-mcc310-mnc030-as: Cannot change mode to rwxr-xr-x: Operation not permitted
build	Cache Android SDK	2026-06-06T12:22:45.4213818Z /usr/bin/tar: ../../../../../usr/local/lib/android/sdk/platforms/android-35/data/res/values-mcc001-mnc01-ru: Cannot utime: Operation not permitted
build	Cache Android SDK	2026-06-06T12:22:45.4215256Z /usr/bin/tar: ../../../../../usr/local/lib/android/sdk/platforms/android-35/data/res/values-mcc001-mnc01-ru: Cannot change mode to rwxr-xr-x: Operation not permitted
build	Cache Android SDK	2026-06-06T12:22:45.4216150Z /usr/bin/tar: ../../../../../usr/local/lib/android/sdk/platforms/android-35/data/res/values-be-television: Cannot utime: Operation not permitted
build	Cache Android SDK	2026-06-06T12:22:45.4217047Z /usr/bin/tar: ../../../../../usr/local/lib/android/sdk/platforms/android-35/data/res/values-be-television: Cannot change mode to rwxr-xr-x: Operation not permitted
build	Cache Android SDK	2026-06-06T12:22:45.4218550Z /usr/bin/tar: ../../../../../usr/local/lib/android/sdk/platforms/android-35/data/res/values-mcc334-mnc020-si: Cannot utime: Operation not permitted
build	Cache Android SDK	2026-06-06T12:22:45.4219603Z /usr/bin/tar: ../../../../../usr/local/lib/android/sdk/platforms/android-35/data/res/values-mcc334-mnc020-si: Cannot change mode to rwxr-xr-x: Operation not permitted
build	Cache Android SDK	2026-06-06T12:22:45.4220625Z /usr/bin/tar: ../../../../../usr/local/lib/android/sdk/platforms/android-35/data/res/values-mcc302-mnc370-am: Cannot utime: Operation not permitted
build	Cache Android SDK	2026-06-06T12:22:45.4221824Z /usr/bin/tar: ../../../../../usr/local/lib/android/sdk/platforms/android-35/data/res/values-mcc302-mnc370-am: Cannot change mode to rwxr-xr-x: Operation not permitted
build	Cache Android SDK	2026-06-06T12:22:45.4222723Z /usr/bin/tar: ../../../../../usr/local/lib/android/sdk/platforms/android-35/data/res/values-mcc310-mnc240-ro: Cannot utime: Operation not permitted
build	Cache Android SDK	2026-06-06T12:22:45.4223848Z /usr/bin/tar: ../../../../../usr/local/lib/android/sdk/platforms/android-35/data/res/values-mcc310-mnc240-ro: Cannot change mode to rwxr-xr-x: Operation not permitted
build	Cache Android SDK	2026-06-06T12:22:45.4225631Z /usr/bin/tar: ../../../../../usr/local/lib/android/sdk/platforms/android-35/data/res/values-mcc334-mnc020-ar: Cannot utime: Operation not permitted
build	Cache Android SDK	2026-06-06T12:22:45.4226738Z /usr/bin/tar: ../../../../../usr/local/lib/android/sdk/platforms/android-35/data/res/values-mcc334-mnc020-ar: Cannot change mode to rwxr-xr-x: Operation not permitted
build	Cache Android SDK	2026-06-06T12:22:45.4228154Z /usr/bin/tar: ../../../../../usr/local/lib/android/sdk/platforms/android-35/data/res/values-mcc310-mnc560-az: Cannot utime: Operation not permitted
build	Cache Android SDK	2026-06-06T12:22:45.4229055Z /usr/bin/tar: ../../../../../usr/local/lib/android/sdk/platforms/android-35/data/res/values-mcc310-mnc560-az: Cannot change mode to rwxr-xr-x: Operation not permitted
build	Cache Android SDK	2026-06-06T12:22:45.4229951Z /usr/bin/tar: ../../../../../usr/local/lib/android/sdk/platforms/android-35/data/res/values-mcc310-mnc210-ja: Cannot utime: Operation not permitted
build	Cache Android SDK	2026-06-06T12:22:45.4230857Z /usr/bin/tar: ../../../../../usr/local/lib/android/sdk/platforms/android-35/data/res/values-mcc310-mnc210-ja: Cannot change mode to rwxr-xr-x: Operation not permitted
build	Cache Android SDK	2026-06-06T12:22:45.4231759Z /usr/bin/tar: ../../../../../usr/local/lib/android/sdk/platforms/android-35/data/res/values-mcc310-mnc280-ja: Cannot utime: Operation not permitted
build	Cache Android SDK	2026-06-06T12:22:45.4232664Z /usr/bin/tar: ../../../../../usr/local/lib/android/sdk/platforms/android-35/data/res/values-mcc310-mnc280-ja: Cannot change mode to rwxr-xr-x: Operation not permitted
build	Cache Android SDK	2026-06-06T12:22:45.4233550Z /usr/bin/tar: ../../../../../usr/local/lib/android/sdk/platforms/android-35/data/res/values-pl-watch: Cannot utime: Operation not permitted
build	Cache Android SDK	2026-06-06T12:22:45.4234424Z /usr/bin/tar: ../../../../../usr/local/lib/android/sdk/platforms/android-35/data/res/values-pl-watch: Cannot change mode to rwxr-xr-x: Operation not permitted
build	Cache Android SDK	2026-06-06T12:22:45.4235309Z /usr/bin/tar: ../../../../../usr/local/lib/android/sdk/platforms/android-35/data/res/values-mcc302-mnc370-sl: Cannot utime: Operation not permitted
build	Cache Android SDK	2026-06-06T12:22:45.4236768Z /usr/bin/tar: ../../../../../usr/local/lib/android/sdk/platforms/android-35/data/res/values-mcc302-mnc370-sl: Cannot change mode to rwxr-xr-x: Operation not permitted
build	Cache Android SDK	2026-06-06T12:22:45.4237752Z /usr/bin/tar: ../../../../../usr/local/lib/android/sdk/platforms/android-35/data/res/values-mcc310-mnc950-ru: Cannot utime: Operation not permitted
build	Cache Android SDK	2026-06-06T12:22:45.4238648Z /usr/bin/tar: ../../../../../usr/local/lib/android/sdk/platforms/android-35/data/res/values-mcc310-mnc950-ru: Cannot change mode to rwxr-xr-x: Operation not permitted
build	Cache Android SDK	2026-06-06T12:22:45.4240002Z /usr/bin/tar: ../../../../../usr/local/lib/android/sdk/platforms/android-35/data/res/values-mcc310-mnc220-my: Cannot utime: Operation not permitted
build	Cache Android SDK	2026-06-06T12:22:45.4240898Z /usr/bin/tar: ../../../../../usr/local/lib/android/sdk/platforms/android-35/data/res/values-mcc310-mnc220-my: Cannot change mode to rwxr-xr-x: Operation not permitted
build	Cache Android SDK	2026-06-06T12:22:45.4241814Z /usr/bin/tar: ../../../../../usr/local/lib/android/sdk/platforms/android-35/data/res/values-mcc310-mnc240-bs: Cannot utime: Operation not permitted
build	Cache Android SDK	2026-06-06T12:22:45.4243205Z /usr/bin/tar: ../../../../../usr/local/lib/android/sdk/platforms/android-35/data/res/values-mcc310-mnc240-bs: Cannot change mode to rwxr-xr-x: Operation not permitted
build	Cache Android SDK	2026-06-06T12:22:45.4244089Z /usr/bin/tar: ../../../../../usr/local/lib/android/sdk/platforms/android-35/data/res/values-el: Cannot utime: Operation not permitted
build	Cache Android SDK	2026-06-06T12:22:45.4245006Z /usr/bin/tar: ../../../../../usr/local/lib/android/sdk/platforms/android-35/data/res/values-el: Cannot change mode to rwxr-xr-x: Operation not permitted
build	Cache Android SDK	2026-06-06T12:22:45.4246322Z /usr/bin/tar: ../../../../../usr/local/lib/android/sdk/platforms/android-35/data/res/values-mcc310-mnc800-kk: Cannot utime: Operation not permitted
build	Cache Android SDK	2026-06-06T12:22:45.4247285Z /usr/bin/tar: ../../../../../usr/local/lib/android/sdk/platforms/android-35/data/res/values-mcc310-mnc800-kk: Cannot change mode to rwxr-xr-x: Operation not permitted
build	Cache Android SDK	2026-06-06T12:22:45.4248311Z /usr/bin/tar: ../../../../../usr/local/lib/android/sdk/platforms/android-35/data/res/values-mcc310-mnc160-hu: Cannot utime: Operation not permitted
build	Cache Android SDK	2026-06-06T12:22:45.4249451Z /usr/bin/tar: ../../../../../usr/local/lib/android/sdk/platforms/android-35/data/res/values-mcc310-mnc160-hu: Cannot change mode to rwxr-xr-x: Operation not permitted
build	Cache Android SDK	2026-06-06T12:22:45.4250535Z /usr/bin/tar: ../../../../../usr/local/lib/android/sdk/platforms/android-35/data/res/values-mcc310-mnc170-lt: Cannot utime: Operation not permitted
build	Cache Android SDK	2026-06-06T12:22:45.4251430Z /usr/bin/tar: ../../../../../usr/local/lib/android/sdk/platforms/android-35/data/res/values-mcc310-mnc170-lt: Cannot change mode to rwxr-xr-x: Operation not permitted
build	Cache Android SDK	2026-06-06T12:22:45.4252876Z /usr/bin/tar: ../../../../../usr/local/lib/android/sdk/platforms/android-35/data/res/values-ca-rES: Cannot utime: Operation not permitted
build	Cache Android SDK	2026-06-06T12:22:45.4253719Z /usr/bin/tar: ../../../../../usr/local/lib/android/sdk/platforms/android-35/data/res/values-ca-rES: Cannot change mode to rwxr-xr-x: Operation not permitted
build	Cache Android SDK	2026-06-06T12:22:45.4254563Z /usr/bin/tar: ../../../../../usr/local/lib/android/sdk/platforms/android-35/data/res/drawable-car: Cannot utime: Operation not permitted
build	Cache Android SDK	2026-06-06T12:22:45.4255546Z /usr/bin/tar: ../../../../../usr/local/lib/android/sdk/platforms/android-35/data/res/drawable-car: Cannot change mode to rwxr-xr-x: Operation not permitted
build	Cache Android SDK	2026-06-06T12:22:45.4256756Z /usr/bin/tar: ../../../../../usr/local/lib/android/sdk/platforms/android-35/data/res/values-mcc310-mnc310-et: Cannot utime: Operation not permitted
build	Cache Android SDK	2026-06-06T12:22:45.4257750Z /usr/bin/tar: ../../../../../usr/local/lib/android/sdk/platforms/android-35/data/res/values-mcc310-mnc310-et: Cannot change mode to rwxr-xr-x: Operation not permitted
build	Cache Android SDK	2026-06-06T12:22:45.4258839Z /usr/bin/tar: ../../../../../usr/local/lib/android/sdk/platforms/android-35/data/res/values-mcc310-mnc560-mr: Cannot utime: Operation not permitted
build	Cache Android SDK	2026-06-06T12:22:45.4260082Z /usr/bin/tar: ../../../../../usr/local/lib/android/sdk/platforms/android-35/data/res/values-mcc310-mnc560-mr: Cannot change mode to rwxr-xr-x: Operation not permitted
build	Cache Android SDK	2026-06-06T12:22:45.4261107Z /usr/bin/tar: ../../../../../usr/local/lib/android/sdk/platforms/android-35/data/res/values-mcc310-mnc150-pt-rPT: Cannot utime: Operation not permitted
build	Cache Android SDK	2026-06-06T12:22:45.4262254Z /usr/bin/tar: ../../../../../usr/local/lib/android/sdk/platforms/android-35/data/res/values-mcc310-mnc150-pt-rPT: Cannot change mode to rwxr-xr-x: Operation not permitted
build	Cache Android SDK	2026-06-06T12:22:45.4264004Z /usr/bin/tar: ../../../../../usr/local/lib/android/sdk/platforms/android-35/data/res/values-mcc310-mnc800-mn: Cannot utime: Operation not permitted
build	Cache Android SDK	2026-06-06T12:22:45.4265231Z /usr/bin/tar: ../../../../../usr/local/lib/android/sdk/platforms/android-35/data/res/values-mcc310-mnc800-mn: Cannot change mode to rwxr-xr-x: Operation not permitted
build	Cache Android SDK	2026-06-06T12:22:45.4266888Z /usr/bin/tar: ../../../../../usr/local/lib/android/sdk/platforms/android-35/data/res/values-km-watch: Cannot utime: Operation not permitted
build	Cache Android SDK	2026-06-06T12:22:45.4268163Z /usr/bin/tar: ../../../../../usr/local/lib/android/sdk/platforms/android-35/data/res/values-km-watch: Cannot change mode to rwxr-xr-x: Operation not permitted
build	Cache Android SDK	2026-06-06T12:22:45.4269566Z /usr/bin/tar: ../../../../../usr/local/lib/android/sdk/platforms/android-35/data/res/values-en-rGB-television: Cannot utime: Operation not permitted
build	Cache Android SDK	2026-06-06T12:22:45.4270490Z /usr/bin/tar: ../../../../../usr/local/lib/android/sdk/platforms/android-35/data/res/values-en-rGB-television: Cannot change mode to rwxr-xr-x: Operation not permitted
build	Cache Android SDK	2026-06-06T12:22:45.4271415Z /usr/bin/tar: ../../../../../usr/local/lib/android/sdk/platforms/android-35/data/res/values-mcc334-mnc020-mn: Cannot utime: Operation not permitted
build	Cache Android SDK	2026-06-06T12:22:45.4272685Z /usr/bin/tar: ../../../../../usr/local/lib/android/sdk/platforms/android-35/data/res/values-mcc334-mnc020-mn: Cannot change mode to rwxr-xr-x: Operation not permitted
build	Cache Android SDK	2026-06-06T12:22:45.4273694Z /usr/bin/tar: ../../../../../usr/local/lib/android/sdk/platforms/android-35/data/res/values-mcc001-mnc01-lv: Cannot utime: Operation not permitted
build	Cache Android SDK	2026-06-06T12:22:45.4274614Z /usr/bin/tar: ../../../../../usr/local/lib/android/sdk/platforms/android-35/data/res/values-mcc001-mnc01-lv: Cannot change mode to rwxr-xr-x: Operation not permitted
build	Cache Android SDK	2026-06-06T12:22:45.4275776Z /usr/bin/tar: ../../../../../usr/local/lib/android/sdk/platforms/android-35/data/res/values-mcc310-mnc170-hi: Cannot utime: Operation not permitted
build	Cache Android SDK	2026-06-06T12:22:45.4276688Z /usr/bin/tar: ../../../../../usr/local/lib/android/sdk/platforms/android-35/data/res/values-mcc310-mnc170-hi: Cannot change mode to rwxr-xr-x: Operation not permitted
build	Cache Android SDK	2026-06-06T12:22:45.4277666Z /usr/bin/tar: ../../../../../usr/local/lib/android/sdk/platforms/android-35/data/res/values-mcc310-mnc800-ro: Cannot utime: Operation not permitted
build	Cache Android SDK	2026-06-06T12:22:45.4278576Z /usr/bin/tar: ../../../../../usr/local/lib/android/sdk/platforms/android-35/data/res/values-mcc310-mnc800-ro: Cannot change mode to rwxr-xr-x: Operation not permitted
build	Cache Android SDK	2026-06-06T12:22:45.4279772Z /usr/bin/tar: ../../../../../usr/local/lib/android/sdk/platforms/android-35/data/res/values-mcc310-mnc270-km: Cannot utime: Operation not permitted
build	Cache Android SDK	2026-06-06T12:22:45.4280673Z /usr/bin/tar: ../../../../../usr/local/lib/android/sdk/platforms/android-35/data/res/values-mcc310-mnc270-km: Cannot change mode to rwxr-xr-x: Operation not permitted
build	Cache Android SDK	2026-06-06T12:22:45.4281586Z /usr/bin/tar: ../../../../../usr/local/lib/android/sdk/platforms/android-35/data/res/values-mcc310-mnc160-ml: Cannot utime: Operation not permitted
build	Cache Android SDK	2026-06-06T12:22:45.4282490Z /usr/bin/tar: ../../../../../usr/local/lib/android/sdk/platforms/android-35/data/res/values-mcc310-mnc160-ml: Cannot change mode to rwxr-xr-x: Operation not permitted
build	Cache Android SDK	2026-06-06T12:22:45.4283412Z /usr/bin/tar: ../../../../../usr/local/lib/android/sdk/platforms/android-35/data/res/values-mcc310-mnc270-es-rUS: Cannot utime: Operation not permitted
build	Cache Android SDK	2026-06-06T12:22:45.4284456Z /usr/bin/tar: ../../../../../usr/local/lib/android/sdk/platforms/android-35/data/res/values-mcc310-mnc270-es-rUS: Cannot change mode to rwxr-xr-x: Operation not permitted
build	Cache Android SDK	2026-06-06T12:22:45.4285921Z /usr/bin/tar: ../../../../../usr/local/lib/android/sdk/platforms/android-35/data/res/values-es-rEC: Cannot utime: Operation not permitted
build	Cache Android SDK	2026-06-06T12:22:45.4286895Z /usr/bin/tar: ../../../../../usr/local/lib/android/sdk/platforms/android-35/data/res/values-es-rEC: Cannot change mode to rwxr-xr-x: Operation not permitted
build	Cache Android SDK	2026-06-06T12:22:45.4289568Z /usr/bin/tar: ../../../../../usr/local/lib/android/sdk/platforms/android-35/data/res/values-mcc311-mnc180-zu: Cannot utime: Operation not permitted
build	Cache Android SDK	2026-06-06T12:22:45.4290494Z /usr/bin/tar: ../../../../../usr/local/lib/android/sdk/platforms/android-35/data/res/values-mcc311-mnc180-zu: Cannot change mode to rwxr-xr-x: Operation not permitted
build	Cache Android SDK	2026-06-06T12:22:45.4293169Z /usr/bin/tar: ../../../../../usr/local/lib/android/sdk/platforms/android-35/data/res/values-mcc310-mnc240-hi: Cannot utime: Operation not permitted
build	Cache Android SDK	2026-06-06T12:22:45.4294173Z /usr/bin/tar: ../../../../../usr/local/lib/android/sdk/platforms/android-35/data/res/values-mcc310-mnc240-hi: Cannot change mode to rwxr-xr-x: Operation not permitted
build	Cache Android SDK	2026-06-06T12:22:45.4296774Z /usr/bin/tar: ../../../../../usr/local/lib/android/sdk/platforms/android-35/data/res/values-mcc334-mnc020-kk: Cannot utime: Operation not permitted
build	Cache Android SDK	2026-06-06T12:22:45.4297780Z /usr/bin/tar: ../../../../../usr/local/lib/android/sdk/platforms/android-35/data/res/values-mcc334-mnc020-kk: Cannot change mode to rwxr-xr-x: Operation not permitted
build	Cache Android SDK	2026-06-06T12:22:45.4300322Z /usr/bin/tar: ../../../../../usr/local/lib/android/sdk/platforms/android-35/data/res/values-mcc310-mnc240-in: Cannot utime: Operation not permitted
build	Cache Android SDK	2026-06-06T12:22:45.4301225Z /usr/bin/tar: ../../../../../usr/local/lib/android/sdk/platforms/android-35/data/res/values-mcc310-mnc240-in: Cannot change mode to rwxr-xr-x: Operation not permitted
build	Cache Android SDK	2026-06-06T12:22:45.4307311Z /usr/bin/tar: ../../../../../usr/local/lib/android/sdk/platforms/android-35/data/res/values-et: Cannot utime: Operation not permitted
build	Cache Android SDK	2026-06-06T12:22:45.4308724Z /usr/bin/tar: ../../../../../usr/local/lib/android/sdk/platforms/android-35/data/res/values-et: Cannot change mode to rwxr-xr-x: Operation not permitted
build	Cache Android SDK	2026-06-06T12:22:45.4310485Z /usr/bin/tar: ../../../../../usr/local/lib/android/sdk/platforms/android-35/data/res/values-mcc310-mnc220-da: Cannot utime: Operation not permitted
build	Cache Android SDK	2026-06-06T12:22:45.4311397Z /usr/bin/tar: ../../../../../usr/local/lib/android/sdk/platforms/android-35/data/res/values-mcc310-mnc220-da: Cannot change mode to rwxr-xr-x: Operation not permitted
build	Cache Android SDK	2026-06-06T12:22:45.4313111Z /usr/bin/tar: ../../../../../usr/local/lib/android/sdk/platforms/android-35/data/res/values-mcc310-mnc280-en-rGB: Cannot utime: Operation not permitted
build	Cache Android SDK	2026-06-06T12:22:45.4314055Z /usr/bin/tar: ../../../../../usr/local/lib/android/sdk/platforms/android-35/data/res/values-mcc310-mnc280-en-rGB: Cannot change mode to rwxr-xr-x: Operation not permitted
build	Cache Android SDK	2026-06-06T12:22:45.4317905Z /usr/bin/tar: ../../../../../usr/local/lib/android/sdk/platforms/android-35/data/res/layout-land: Cannot utime: Operation not permitted
build	Cache Android SDK	2026-06-06T12:22:45.4319233Z /usr/bin/tar: ../../../../../usr/local/lib/android/sdk/platforms/android-35/data/res/layout-land: Cannot change mode to rwxr-xr-x: Operation not permitted
build	Cache Android SDK	2026-06-06T12:22:45.4321444Z /usr/bin/tar: ../../../../../usr/local/lib/android/sdk/platforms/android-35/data/res/values-mcc310-mnc380-km: Cannot utime: Operation not permitted
build	Cache Android SDK	2026-06-06T12:22:45.4322802Z /usr/bin/tar: ../../../../../usr/local/lib/android/sdk/platforms/android-35/data/res/values-mcc310-mnc380-km: Cannot change mode to rwxr-xr-x: Operation not permitted
build	Cache Android SDK	2026-06-06T12:22:45.4325573Z /usr/bin/tar: ../../../../../usr/local/lib/android/sdk/platforms/android-35/data/res/values-mcc310-mnc270-da: Cannot utime: Operation not permitted
build	Cache Android SDK	2026-06-06T12:22:45.4327187Z /usr/bin/tar: ../../../../../usr/local/lib/android/sdk/platforms/android-35/data/res/values-mcc310-mnc270-da: Cannot change mode to rwxr-xr-x: Operation not permitted
build	Cache Android SDK	2026-06-06T12:22:45.4328706Z /usr/bin/tar: ../../../../../usr/local/lib/android/sdk/platforms/android-35/data/res/values-mcc310-mnc660-my: Cannot utime: Operation not permitted
build	Cache Android SDK	2026-06-06T12:22:45.4329774Z /usr/bin/tar: ../../../../../usr/local/lib/android/sdk/platforms/android-35/data/res/values-mcc310-mnc660-my: Cannot change mode to rwxr-xr-x: Operation not permitted
build	Cache Android SDK	2026-06-06T12:22:45.4331434Z /usr/bin/tar: ../../../../../usr/local/lib/android/sdk/platforms/android-35/data/res/values-mcc310-mnc280-et: Cannot utime: Operation not permitted
build	Cache Android SDK	2026-06-06T12:22:45.4332375Z /usr/bin/tar: ../../../../../usr/local/lib/android/sdk/platforms/android-35/data/res/values-mcc310-mnc280-et: Cannot change mode to rwxr-xr-x: Operation not permitted
build	Cache Android SDK	2026-06-06T12:22:45.4334484Z /usr/bin/tar: ../../../../../usr/local/lib/android/sdk/platforms/android-35/data/res/values-mcc310-mnc380-sv: Cannot utime: Operation not permitted
build	Cache Android SDK	2026-06-06T12:22:45.4335590Z /usr/bin/tar: ../../../../../usr/local/lib/android/sdk/platforms/android-35/data/res/values-mcc310-mnc380-sv: Cannot change mode to rwxr-xr-x: Operation not permitted
build	Cache Android SDK	2026-06-06T12:22:45.4337482Z /usr/bin/tar: ../../../../../usr/local/lib/android/sdk/platforms/android-35/data/res/values-mcc310-mnc250-be: Cannot utime: Operation not permitted
build	Cache Android SDK	2026-06-06T12:22:45.4338488Z /usr/bin/tar: ../../../../../usr/local/lib/android/sdk/platforms/android-35/data/res/values-mcc310-mnc250-be: Cannot change mode to rwxr-xr-x: Operation not permitted
build	Cache Android SDK	2026-06-06T12:22:45.4340426Z /usr/bin/tar: ../../../../../usr/local/lib/android/sdk/platforms/android-35/data/res/values-mcc310-mnc270-sq: Cannot utime: Operation not permitted
build	Cache Android SDK	2026-06-06T12:22:45.4341362Z /usr/bin/tar: ../../../../../usr/local/lib/android/sdk/platforms/android-35/data/res/values-mcc310-mnc270-sq: Cannot change mode to rwxr-xr-x: Operation not permitted
build	Cache Android SDK	2026-06-06T12:22:45.4343477Z /usr/bin/tar: ../../../../../usr/local/lib/android/sdk/platforms/android-35/data/res/values-mcc312-mnc670-km: Cannot utime: Operation not permitted
build	Cache Android SDK	2026-06-06T12:22:45.4344422Z /usr/bin/tar: ../../../../../usr/local/lib/android/sdk/platforms/android-35/data/res/values-mcc312-mnc670-km: Cannot change mode to rwxr-xr-x: Operation not permitted
build	Cache Android SDK	2026-06-06T12:22:45.4347924Z /usr/bin/tar: ../../../../../usr/local/lib/android/sdk/platforms/android-35/data/res/values-mcc310-mnc230-ur: Cannot utime: Operation not permitted
build	Cache Android SDK	2026-06-06T12:22:45.4348854Z /usr/bin/tar: ../../../../../usr/local/lib/android/sdk/platforms/android-35/data/res/values-mcc310-mnc230-ur: Cannot change mode to rwxr-xr-x: Operation not permitted
build	Cache Android SDK	2026-06-06T12:22:45.4350755Z /usr/bin/tar: ../../../../../usr/local/lib/android/sdk/platforms/android-35/data/res/values-mcc310-mnc950-mk: Cannot utime: Operation not permitted
build	Cache Android SDK	2026-06-06T12:22:45.4351675Z /usr/bin/tar: ../../../../../usr/local/lib/android/sdk/platforms/android-35/data/res/values-mcc310-mnc950-mk: Cannot change mode to rwxr-xr-x: Operation not permitted
build	Cache Android SDK	2026-06-06T12:22:45.4354138Z /usr/bin/tar: ../../../../../usr/local/lib/android/sdk/platforms/android-35/data/res/values-mcc310-mnc030-fr: Cannot utime: Operation not permitted
build	Cache Android SDK	2026-06-06T12:22:45.4355157Z /usr/bin/tar: ../../../../../usr/local/lib/android/sdk/platforms/android-35/data/res/values-mcc310-mnc030-fr: Cannot change mode to rwxr-xr-x: Operation not permitted
build	Cache Android SDK	2026-06-06T12:22:45.4356902Z /usr/bin/tar: ../../../../../usr/local/lib/android/sdk/platforms/android-35/data/res/values-mcc310-mnc490-az: Cannot utime: Operation not permitted
build	Cache Android SDK	2026-06-06T12:22:45.4358000Z /usr/bin/tar: ../../../../../usr/local/lib/android/sdk/platforms/android-35/data/res/values-mcc310-mnc490-az: Cannot change mode to rwxr-xr-x: Operation not permitted
build	Cache Android SDK	2026-06-06T12:22:45.4360387Z /usr/bin/tar: ../../../../../usr/local/lib/android/sdk/platforms/android-35/data/res/values-mcc310-mnc200-es: Cannot utime: Operation not permitted
build	Cache Android SDK	2026-06-06T12:22:45.4361325Z /usr/bin/tar: ../../../../../usr/local/lib/android/sdk/platforms/android-35/data/res/values-mcc310-mnc200-es: Cannot change mode to rwxr-xr-x: Operation not permitted
build	Cache Android SDK	2026-06-06T12:22:45.4364296Z /usr/bin/tar: ../../../../../usr/local/lib/android/sdk/platforms/android-35/data/res/values-mcc310-mnc250-mk: Cannot utime: Operation not permitted
build	Cache Android SDK	2026-06-06T12:22:45.4365245Z /usr/bin/tar: ../../../../../usr/local/lib/android/sdk/platforms/android-35/data/res/values-mcc310-mnc250-mk: Cannot change mode to rwxr-xr-x: Operation not permitted
build	Cache Android SDK	2026-06-06T12:22:45.4367321Z /usr/bin/tar: ../../../../../usr/local/lib/android/sdk/platforms/android-35/data/res/values-nb-rNO: Cannot utime: Operation not permitted
build	Cache Android SDK	2026-06-06T12:22:45.4368390Z /usr/bin/tar: ../../../../../usr/local/lib/android/sdk/platforms/android-35/data/res/values-nb-rNO: Cannot change mode to rwxr-xr-x: Operation not permitted
build	Cache Android SDK	2026-06-06T12:22:45.4370406Z /usr/bin/tar: ../../../../../usr/local/lib/android/sdk/platforms/android-35/data/res/values-mcc310-mnc950-my: Cannot utime: Operation not permitted
build	Cache Android SDK	2026-06-06T12:22:45.4371408Z /usr/bin/tar: ../../../../../usr/local/lib/android/sdk/platforms/android-35/data/res/values-mcc310-mnc950-my: Cannot change mode to rwxr-xr-x: Operation not permitted
build	Cache Android SDK	2026-06-06T12:22:45.4373212Z /usr/bin/tar: ../../../../../usr/local/lib/android/sdk/platforms/android-35/data/res/values-mcc001-mnc01-lo: Cannot utime: Operation not permitted
build	Cache Android SDK	2026-06-06T12:22:45.4374248Z /usr/bin/tar: ../../../../../usr/local/lib/android/sdk/platforms/android-35/data/res/values-mcc001-mnc01-lo: Cannot change mode to rwxr-xr-x: Operation not permitted
build	Cache Android SDK	2026-06-06T12:22:45.4376328Z /usr/bin/tar: ../../../../../usr/local/lib/android/sdk/platforms/android-35/data/res/values-mcc302-mnc370-ta: Cannot utime: Operation not permitted
build	Cache Android SDK	2026-06-06T12:22:45.4377268Z /usr/bin/tar: ../../../../../usr/local/lib/android/sdk/platforms/android-35/data/res/values-mcc302-mnc370-ta: Cannot change mode to rwxr-xr-x: Operation not permitted
build	Cache Android SDK	2026-06-06T12:22:45.4379802Z /usr/bin/tar: ../../../../../usr/local/lib/android/sdk/platforms/android-35/data/res/values-mcc310-mnc220-pt: Cannot utime: Operation not permitted
build	Cache Android SDK	2026-06-06T12:22:45.4380759Z /usr/bin/tar: ../../../../../usr/local/lib/android/sdk/platforms/android-35/data/res/values-mcc310-mnc220-pt: Cannot change mode to rwxr-xr-x: Operation not permitted
build	Cache Android SDK	2026-06-06T12:22:45.4382519Z /usr/bin/tar: ../../../../../usr/local/lib/android/sdk/platforms/android-35/data/res/values-w213dp-round-watch: Cannot utime: Operation not permitted
build	Cache Android SDK	2026-06-06T12:22:45.4384211Z /usr/bin/tar: ../../../../../usr/local/lib/android/sdk/platforms/android-35/data/res/values-w213dp-round-watch: Cannot change mode to rwxr-xr-x: Operation not permitted
build	Cache Android SDK	2026-06-06T12:22:45.4385786Z /usr/bin/tar: ../../../../../usr/local/lib/android/sdk/platforms/android-35/data/res/values-mcc310-mnc800-bg: Cannot utime: Operation not permitted
build	Cache Android SDK	2026-06-06T12:22:45.4386742Z /usr/bin/tar: ../../../../../usr/local/lib/android/sdk/platforms/android-35/data/res/values-mcc310-mnc800-bg: Cannot change mode to rwxr-xr-x: Operation not permitted
build	Cache Android SDK	2026-06-06T12:22:45.4389283Z /usr/bin/tar: ../../../../../usr/local/lib/android/sdk/platforms/android-35/data/res/values-rm-rCH: Cannot utime: Operation not permitted
build	Cache Android SDK	2026-06-06T12:22:45.4390279Z /usr/bin/tar: ../../../../../usr/local/lib/android/sdk/platforms/android-35/data/res/values-rm-rCH: Cannot change mode to rwxr-xr-x: Operation not permitted
build	Cache Android SDK	2026-06-06T12:22:45.4395051Z /usr/bin/tar: ../../../../../usr/local/lib/android/sdk/platforms/android-35/data/res/values-mcc310-mnc270-af: Cannot utime: Operation not permitted
build	Cache Android SDK	2026-06-06T12:22:45.4395994Z /usr/bin/tar: ../../../../../usr/local/lib/android/sdk/platforms/android-35/data/res/values-mcc310-mnc270-af: Cannot change mode to rwxr-xr-x: Operation not permitted
build	Cache Android SDK	2026-06-06T12:22:45.4397922Z /usr/bin/tar: ../../../../../usr/local/lib/android/sdk/platforms/android-35/data/res/values-mcc310-mnc270-gu: Cannot utime: Operation not permitted
build	Cache Android SDK	2026-06-06T12:22:45.4398914Z /usr/bin/tar: ../../../../../usr/local/lib/android/sdk/platforms/android-35/data/res/values-mcc310-mnc270-gu: Cannot change mode to rwxr-xr-x: Operation not permitted
build	Cache Android SDK	2026-06-06T12:22:45.4400548Z /usr/bin/tar: ../../../../../usr/local/lib/android/sdk/platforms/android-35/data/res/values-mcc310-mnc380-en-rCA: Cannot utime: Operation not permitted
build	Cache Android SDK	2026-06-06T12:22:45.4401576Z /usr/bin/tar: ../../../../../usr/local/lib/android/sdk/platforms/android-35/data/res/values-mcc310-mnc380-en-rCA: Cannot change mode to rwxr-xr-x: Operation not permitted
build	Cache Android SDK	2026-06-06T12:22:45.4404196Z /usr/bin/tar: ../../../../../usr/local/lib/android/sdk/platforms/android-35/data/res/values-mcc310-mnc270: Cannot utime: Operation not permitted
build	Cache Android SDK	2026-06-06T12:22:45.4405108Z /usr/bin/tar: ../../../../../usr/local/lib/android/sdk/platforms/android-35/data/res/values-mcc310-mnc270: Cannot change mode to rwxr-xr-x: Operation not permitted
build	Cache Android SDK	2026-06-06T12:22:45.4406823Z /usr/bin/tar: ../../../../../usr/local/lib/android/sdk/platforms/android-35/data/res/mipmap-watch-anydpi: Cannot utime: Operation not permitted
build	Cache Android SDK	2026-06-06T12:22:45.4407972Z /usr/bin/tar: ../../../../../usr/local/lib/android/sdk/platforms/android-35/data/res/mipmap-watch-anydpi: Cannot change mode to rwxr-xr-x: Operation not permitted
build	Cache Android SDK	2026-06-06T12:22:45.4410962Z /usr/bin/tar: ../../../../../usr/local/lib/android/sdk/platforms/android-35/data/res/values-sq-television: Cannot utime: Operation not permitted
build	Cache Android SDK	2026-06-06T12:22:45.4412665Z /usr/bin/tar: ../../../../../usr/local/lib/android/sdk/platforms/android-35/data/res/values-sq-television: Cannot change mode to rwxr-xr-x: Operation not permitted
build	Cache Android SDK	2026-06-06T12:22:45.4414291Z /usr/bin/tar: ../../../../../usr/local/lib/android/sdk/platforms/android-35/data/res/values-mcc310-mnc030-en-rCA: Cannot utime: Operation not permitted
build	Cache Android SDK	2026-06-06T12:22:45.4415342Z /usr/bin/tar: ../../../../../usr/local/lib/android/sdk/platforms/android-35/data/res/values-mcc310-mnc030-en-rCA: Cannot change mode to rwxr-xr-x: Operation not permitted
build	Cache Android SDK	2026-06-06T12:22:45.4416765Z /usr/bin/tar: ../../../../../usr/local/lib/android/sdk/platforms/android-35/data/res/values-mcc001-mnc01-in: Cannot utime: Operation not permitted
build	Cache Android SDK	2026-06-06T12:22:45.4418046Z /usr/bin/tar: ../../../../../usr/local/lib/android/sdk/platforms/android-35/data/res/values-mcc001-mnc01-in: Cannot change mode to rwxr-xr-x: Operation not permitted
build	Cache Android SDK	2026-06-06T12:22:45.4419862Z /usr/bin/tar: ../../../../../usr/local/lib/android/sdk/platforms/android-35/data/res/values-mcc310-mnc800-zh-rHK: Cannot utime: Operation not permitted
build	Cache Android SDK	2026-06-06T12:22:45.4420334Z /usr/bin/tar: ../../../../../usr/local/lib/android/sdk/platforms/android-35/data/res/values-mcc310-mnc800-zh-rHK: Cannot change mode to rwxr-xr-x: Operation not permitted
build	Cache Android SDK	2026-06-06T12:22:45.4423267Z /usr/bin/tar: ../../../../../usr/local/lib/android/sdk/platforms/android-35/data/res/values-mcc310-mnc170-nb: Cannot utime: Operation not permitted
build	Cache Android SDK	2026-06-06T12:22:45.4423903Z /usr/bin/tar: ../../../../../usr/local/lib/android/sdk/platforms/android-35/data/res/values-mcc310-mnc170-nb: Cannot change mode to rwxr-xr-x: Operation not permitted
build	Cache Android SDK	2026-06-06T12:22:45.4426148Z /usr/bin/tar: ../../../../../usr/local/lib/android/sdk/platforms/android-35/data/res/values-mcc311-mnc180-hu: Cannot utime: Operation not permitted
build	Cache Android SDK	2026-06-06T12:22:45.4426916Z /usr/bin/tar: ../../../../../usr/local/lib/android/sdk/platforms/android-35/data/res/values-mcc311-mnc180-hu: Cannot change mode to rwxr-xr-x: Operation not permitted
build	Cache Android SDK	2026-06-06T12:22:45.4429350Z /usr/bin/tar: ../../../../../usr/local/lib/android/sdk/platforms/android-35/data/res/values-mcc310-mnc210-sv: Cannot utime: Operation not permitted
build	Cache Android SDK	2026-06-06T12:22:45.4429992Z /usr/bin/tar: ../../../../../usr/local/lib/android/sdk/platforms/android-35/data/res/values-mcc310-mnc210-sv: Cannot change mode to rwxr-xr-x: Operation not permitted
build	Cache Android SDK	2026-06-06T12:22:45.4433381Z /usr/bin/tar: ../../../../../usr/local/lib/android/sdk/platforms/android-35/data/res/values-mcc310-mnc280-be: Cannot utime: Operation not permitted
build	Cache Android SDK	2026-06-06T12:22:45.4434150Z /usr/bin/tar: ../../../../../usr/local/lib/android/sdk/platforms/android-35/data/res/values-mcc310-mnc280-be: Cannot change mode to rwxr-xr-x: Operation not permitted
build	Cache Android SDK	2026-06-06T12:22:45.4436149Z /usr/bin/tar: ../../../../../usr/local/lib/android/sdk/platforms/android-35/data/res/values-mcc310-mnc220-en-rGB: Cannot utime: Operation not permitted
build	Cache Android SDK	2026-06-06T12:22:45.4437073Z /usr/bin/tar: ../../../../../usr/local/lib/android/sdk/platforms/android-35/data/res/values-mcc310-mnc220-en-rGB: Cannot change mode to rwxr-xr-x: Operation not permitted
build	Cache Android SDK	2026-06-06T12:22:45.4439561Z /usr/bin/tar: ../../../../../usr/local/lib/android/sdk/platforms/android-35/data/res/values-mcc310-mnc950-el: Cannot utime: Operation not permitted
build	Cache Android SDK	2026-06-06T12:22:45.4440407Z /usr/bin/tar: ../../../../../usr/local/lib/android/sdk/platforms/android-35/data/res/values-mcc310-mnc950-el: Cannot change mode to rwxr-xr-x: Operation not permitted
build	Cache Android SDK	2026-06-06T12:22:45.4442899Z /usr/bin/tar: ../../../../../usr/local/lib/android/sdk/platforms/android-35/data/res/values-mcc310-mnc220-gu: Cannot utime: Operation not permitted
build	Cache Android SDK	2026-06-06T12:22:45.4443784Z /usr/bin/tar: ../../../../../usr/local/lib/android/sdk/platforms/android-35/data/res/values-mcc310-mnc220-gu: Cannot change mode to rwxr-xr-x: Operation not permitted
build	Cache Android SDK	2026-06-06T12:22:45.4446464Z /usr/bin/tar: ../../../../../usr/local/lib/android/sdk/platforms/android-35/data/res/values-mcc310-mnc590: Cannot utime: Operation not permitted
build	Cache Android SDK	2026-06-06T12:22:45.4447507Z /usr/bin/tar: ../../../../../usr/local/lib/android/sdk/platforms/android-35/data/res/values-mcc310-mnc590: Cannot change mode to rwxr-xr-x: Operation not permitted
build	Cache Android SDK	2026-06-06T12:22:45.4450227Z /usr/bin/tar: ../../../../../usr/local/lib/android/sdk/platforms/android-35/data/res/values-mcc310-mnc800-tr: Cannot utime: Operation not permitted
build	Cache Android SDK	2026-06-06T12:22:45.4451119Z /usr/bin/tar: ../../../../../usr/local/lib/android/sdk/platforms/android-35/data/res/values-mcc310-mnc800-tr: Cannot change mode to rwxr-xr-x: Operation not permitted
build	Cache Android SDK	2026-06-06T12:22:45.4453191Z /usr/bin/tar: ../../../../../usr/local/lib/android/sdk/platforms/android-35/data/res/values-mcc310-mnc800-fr-rCA: Cannot utime: Operation not permitted
build	Cache Android SDK	2026-06-06T12:22:45.4453744Z /usr/bin/tar: ../../../../../usr/local/lib/android/sdk/platforms/android-35/data/res/values-mcc310-mnc800-fr-rCA: Cannot change mode to rwxr-xr-x: Operation not permitted
build	Cache Android SDK	2026-06-06T12:22:45.4457506Z /usr/bin/tar: ../../../../../usr/local/lib/android/sdk/platforms/android-35/data/res/values-mcc310-mnc250-ml: Cannot utime: Operation not permitted
build	Cache Android SDK	2026-06-06T12:22:45.4458127Z /usr/bin/tar: ../../../../../usr/local/lib/android/sdk/platforms/android-35/data/res/values-mcc310-mnc250-ml: Cannot change mode to rwxr-xr-x: Operation not permitted
build	Cache Android SDK	2026-06-06T12:22:45.4460253Z /usr/bin/tar: ../../../../../usr/local/lib/android/sdk/platforms/android-35/data/res/values-mcc310-mnc220-ar: Cannot utime: Operation not permitted
build	Cache Android SDK	2026-06-06T12:22:45.4461135Z /usr/bin/tar: ../../../../../usr/local/lib/android/sdk/platforms/android-35/data/res/values-mcc310-mnc220-ar: Cannot change mode to rwxr-xr-x: Operation not permitted
build	Cache Android SDK	2026-06-06T12:22:45.4463203Z /usr/bin/tar: ../../../../../usr/local/lib/android/sdk/platforms/android-35/data/res/values-mcc334-mnc030: Cannot utime: Operation not permitted
build	Cache Android SDK	2026-06-06T12:22:45.4463667Z /usr/bin/tar: ../../../../../usr/local/lib/android/sdk/platforms/android-35/data/res/values-mcc334-mnc030: Cannot change mode to rwxr-xr-x: Operation not permitted
build	Cache Android SDK	2026-06-06T12:22:45.4466948Z /usr/bin/tar: ../../../../../usr/local/lib/android/sdk/platforms/android-35/data/res/values-mcc312-mnc670-lv: Cannot utime: Operation not permitted
build	Cache Android SDK	2026-06-06T12:22:45.4467552Z /usr/bin/tar: ../../../../../usr/local/lib/android/sdk/platforms/android-35/data/res/values-mcc312-mnc670-lv: Cannot change mode to rwxr-xr-x: Operation not permitted
build	Cache Android SDK	2026-06-06T12:22:45.4469962Z /usr/bin/tar: ../../../../../usr/local/lib/android/sdk/platforms/android-35/data/res/values-mcc310-mnc220-lo: Cannot utime: Operation not permitted
build	Cache Android SDK	2026-06-06T12:22:45.4470427Z /usr/bin/tar: ../../../../../usr/local/lib/android/sdk/platforms/android-35/data/res/values-mcc310-mnc220-lo: Cannot change mode to rwxr-xr-x: Operation not permitted
build	Cache Android SDK	2026-06-06T12:22:45.4475041Z /usr/bin/tar: ../../../../../usr/local/lib/android/sdk/platforms/android-35/data/res/values-mcc310-mnc230-pt-rBR: Cannot utime: Operation not permitted
build	Cache Android SDK	2026-06-06T12:22:45.4475520Z /usr/bin/tar: ../../../../../usr/local/lib/android/sdk/platforms/android-35/data/res/values-mcc310-mnc230-pt-rBR: Cannot change mode to rwxr-xr-x: Operation not permitted
build	Cache Android SDK	2026-06-06T12:22:45.4478054Z /usr/bin/tar: ../../../../../usr/local/lib/android/sdk/platforms/android-35/data/res/values-mcc310-mnc380: Cannot utime: Operation not permitted
build	Cache Android SDK	2026-06-06T12:22:45.4479374Z /usr/bin/tar: ../../../../../usr/local/lib/android/sdk/platforms/android-35/data/res/values-mcc310-mnc380: Cannot change mode to rwxr-xr-x: Operation not permitted
build	Cache Android SDK	2026-06-06T12:22:45.4481065Z /usr/bin/tar: ../../../../../usr/local/lib/android/sdk/platforms/android-35/data/res/values-mcc310-mnc170-pt: Cannot utime: Operation not permitted
build	Cache Android SDK	2026-06-06T12:22:45.4481821Z /usr/bin/tar: ../../../../../usr/local/lib/android/sdk/platforms/android-35/data/res/values-mcc310-mnc170-pt: Cannot change mode to rwxr-xr-x: Operation not permitted
build	Cache Android SDK	2026-06-06T12:22:45.4484391Z /usr/bin/tar: ../../../../../usr/local/lib/android/sdk/platforms/android-35/data/res/values-mcc311-mnc180-ne: Cannot utime: Operation not permitted
build	Cache Android SDK	2026-06-06T12:22:45.4485376Z /usr/bin/tar: ../../../../../usr/local/lib/android/sdk/platforms/android-35/data/res/values-mcc311-mnc180-ne: Cannot change mode to rwxr-xr-x: Operation not permitted
build	Cache Android SDK	2026-06-06T12:22:45.4487691Z /usr/bin/tar: ../../../../../usr/local/lib/android/sdk/platforms/android-35/data/res/values-bs-television: Cannot utime: Operation not permitted
build	Cache Android SDK	2026-06-06T12:22:45.4488476Z /usr/bin/tar: ../../../../../usr/local/lib/android/sdk/platforms/android-35/data/res/values-bs-television: Cannot change mode to rwxr-xr-x: Operation not permitted
build	Cache Android SDK	2026-06-06T12:22:45.4490997Z /usr/bin/tar: ../../../../../usr/local/lib/android/sdk/platforms/android-35/data/res/values-mcc310-mnc270-ru: Cannot utime: Operation not permitted
build	Cache Android SDK	2026-06-06T12:22:45.4491929Z /usr/bin/tar: ../../../../../usr/local/lib/android/sdk/platforms/android-35/data/res/values-mcc310-mnc270-ru: Cannot change mode to rwxr-xr-x: Operation not permitted
build	Cache Android SDK	2026-06-06T12:22:45.4494974Z /usr/bin/tar: ../../../../../usr/local/lib/android/sdk/platforms/android-35/data/res/values-mcc310-mnc220-sk: Cannot utime: Operation not permitted
build	Cache Android SDK	2026-06-06T12:22:45.4495820Z /usr/bin/tar: ../../../../../usr/local/lib/android/sdk/platforms/android-35/data/res/values-mcc310-mnc220-sk: Cannot change mode to rwxr-xr-x: Operation not permitted
build	Cache Android SDK	2026-06-06T12:22:45.4498969Z /usr/bin/tar: ../../../../../usr/local/lib/android/sdk/platforms/android-35/data/res/values-mcc310-mnc150: Cannot utime: Operation not permitted
build	Cache Android SDK	2026-06-06T12:22:45.4499827Z /usr/bin/tar: ../../../../../usr/local/lib/android/sdk/platforms/android-35/data/res/values-mcc310-mnc150: Cannot change mode to rwxr-xr-x: Operation not permitted
build	Cache Android SDK	2026-06-06T12:22:45.4502561Z /usr/bin/tar: ../../../../../usr/local/lib/android/sdk/platforms/android-35/data/res/values-mcc310-mnc410-sv: Cannot utime: Operation not permitted
build	Cache Android SDK	2026-06-06T12:22:45.4503410Z /usr/bin/tar: ../../../../../usr/local/lib/android/sdk/platforms/android-35/data/res/values-mcc310-mnc410-sv: Cannot change mode to rwxr-xr-x: Operation not permitted
build	Cache Android SDK	2026-06-06T12:22:45.4506328Z /usr/bin/tar: ../../../../../usr/local/lib/android/sdk/platforms/android-35/data/res/values-mcc310-mnc210-lv: Cannot utime: Operation not permitted
build	Cache Android SDK	2026-06-06T12:22:45.4506799Z /usr/bin/tar: ../../../../../usr/local/lib/android/sdk/platforms/android-35/data/res/values-mcc310-mnc210-lv: Cannot change mode to rwxr-xr-x: Operation not permitted
build	Cache Android SDK	2026-06-06T12:22:45.4510422Z /usr/bin/tar: ../../../../../usr/local/lib/android/sdk/platforms/android-35/data/res/values-mcc310-mnc280-sv: Cannot utime: Operation not permitted
build	Cache Android SDK	2026-06-06T12:22:45.4511323Z /usr/bin/tar: ../../../../../usr/local/lib/android/sdk/platforms/android-35/data/res/values-mcc310-mnc280-sv: Cannot change mode to rwxr-xr-x: Operation not permitted
build	Cache Android SDK	2026-06-06T12:22:45.4513694Z /usr/bin/tar: ../../../../../usr/local/lib/android/sdk/platforms/android-35/data/res/values-mcc310-mnc660-ar: Cannot utime: Operation not permitted
build	Cache Android SDK	2026-06-06T12:22:45.4514570Z /usr/bin/tar: ../../../../../usr/local/lib/android/sdk/platforms/android-35/data/res/values-mcc310-mnc660-ar: Cannot change mode to rwxr-xr-x: Operation not permitted
build	Cache Android SDK	2026-06-06T12:22:45.4523393Z /usr/bin/tar: ../../../../../usr/local/lib/android/sdk/platforms/android-35/data/res/values-sw: Cannot utime: Operation not permitted
build	Cache Android SDK	2026-06-06T12:22:45.4524243Z /usr/bin/tar: ../../../../../usr/local/lib/android/sdk/platforms/android-35/data/res/values-sw: Cannot change mode to rwxr-xr-x: Operation not permitted
build	Cache Android SDK	2026-06-06T12:22:45.4525136Z /usr/bin/tar: ../../../../../usr/local/lib/android/sdk/platforms/android-35/data/res/values-mcc313-mnc100-ne: Cannot utime: Operation not permitted
build	Cache Android SDK	2026-06-06T12:22:45.4526005Z /usr/bin/tar: ../../../../../usr/local/lib/android/sdk/platforms/android-35/data/res/values-mcc313-mnc100-ne: Cannot change mode to rwxr-xr-x: Operation not permitted
build	Cache Android SDK	2026-06-06T12:22:45.4529219Z /usr/bin/tar: ../../../../../usr/local/lib/android/sdk/platforms/android-35/data/res/values-mcc310-mnc200-zh-rHK: Cannot utime: Operation not permitted
build	Cache Android SDK	2026-06-06T12:22:45.4529880Z /usr/bin/tar: ../../../../../usr/local/lib/android/sdk/platforms/android-35/data/res/values-mcc310-mnc200-zh-rHK: Cannot change mode to rwxr-xr-x: Operation not permitted
build	Cache Android SDK	2026-06-06T12:22:45.4534182Z /usr/bin/tar: ../../../../../usr/local/lib/android/sdk/platforms/android-35/data/res/values-mcc310-mnc310-mn: Cannot utime: Operation not permitted
build	Cache Android SDK	2026-06-06T12:22:45.4535112Z /usr/bin/tar: ../../../../../usr/local/lib/android/sdk/platforms/android-35/data/res/values-mcc310-mnc310-mn: Cannot change mode to rwxr-xr-x: Operation not permitted
build	Cache Android SDK	2026-06-06T12:22:45.4536684Z /usr/bin/tar: ../../../../../usr/local/lib/android/sdk/platforms/android-35/data/res/values-mcc311-mnc180-th: Cannot utime: Operation not permitted
build	Cache Android SDK	2026-06-06T12:22:45.4537920Z /usr/bin/tar: ../../../../../usr/local/lib/android/sdk/platforms/android-35/data/res/values-mcc311-mnc180-th: Cannot change mode to rwxr-xr-x: Operation not permitted
build	Cache Android SDK	2026-06-06T12:22:45.4543342Z /usr/bin/tar: ../../../../../usr/local/lib/android/sdk/platforms/android-35/data/res/values-mcc311-mnc180-fr-rCA: Cannot utime: Operation not permitted
build	Cache Android SDK	2026-06-06T12:22:45.4544275Z /usr/bin/tar: ../../../../../usr/local/lib/android/sdk/platforms/android-35/data/res/values-mcc311-mnc180-fr-rCA: Cannot change mode to rwxr-xr-x: Operation not permitted
build	Cache Android SDK	2026-06-06T12:22:45.4555102Z /usr/bin/tar: ../../../../../usr/local/lib/android/sdk/platforms/android-35/data/res/values-sl-rSI: Cannot utime: Operation not permitted
build	Cache Android SDK	2026-06-06T12:22:45.4555925Z /usr/bin/tar: ../../../../../usr/local/lib/android/sdk/platforms/android-35/data/res/values-sl-rSI: Cannot change mode to rwxr-xr-x: Operation not permitted
build	Cache Android SDK	2026-06-06T12:22:45.4561862Z /usr/bin/tar: ../../../../../usr/local/lib/android/sdk/platforms/android-35/data/res/values-ja-rJP: Cannot utime: Operation not permitted
build	Cache Android SDK	2026-06-06T12:22:45.4562344Z /usr/bin/tar: ../../../../../usr/local/lib/android/sdk/platforms/android-35/data/res/values-ja-rJP: Cannot change mode to rwxr-xr-x: Operation not permitted
build	Cache Android SDK	2026-06-06T12:22:45.4566068Z /usr/bin/tar: ../../../../../usr/local/lib/android/sdk/platforms/android-35/data/res/values-mcc313-mnc100-uz: Cannot utime: Operation not permitted
build	Cache Android SDK	2026-06-06T12:22:45.4566545Z /usr/bin/tar: ../../../../../usr/local/lib/android/sdk/platforms/android-35/data/res/values-mcc313-mnc100-uz: Cannot change mode to rwxr-xr-x: Operation not permitted
build	Cache Android SDK	2026-06-06T12:22:45.4571311Z /usr/bin/tar: ../../../../../usr/local/lib/android/sdk/platforms/android-35/data/res/values-mcc310-mnc230-vi: Cannot utime: Operation not permitted
build	Cache Android SDK	2026-06-06T12:22:45.4571771Z /usr/bin/tar: ../../../../../usr/local/lib/android/sdk/platforms/android-35/data/res/values-mcc310-mnc230-vi: Cannot change mode to rwxr-xr-x: Operation not permitted
build	Cache Android SDK	2026-06-06T12:22:45.4576326Z /usr/bin/tar: ../../../../../usr/local/lib/android/sdk/platforms/android-35/data/res/values-mcc310-mnc560-iw: Cannot utime: Operation not permitted
build	Cache Android SDK	2026-06-06T12:22:45.4576779Z /usr/bin/tar: ../../../../../usr/local/lib/android/sdk/platforms/android-35/data/res/values-mcc310-mnc560-iw: Cannot change mode to rwxr-xr-x: Operation not permitted
build	Cache Android SDK	2026-06-06T12:22:45.4579848Z /usr/bin/tar: ../../../../../usr/local/lib/android/sdk/platforms/android-35/data/res/values-mcc310-mnc170-sv: Cannot utime: Operation not permitted
build	Cache Android SDK	2026-06-06T12:22:45.4580730Z /usr/bin/tar: ../../../../../usr/local/lib/android/sdk/platforms/android-35/data/res/values-mcc310-mnc170-sv: Cannot change mode to rwxr-xr-x: Operation not permitted
build	Cache Android SDK	2026-06-06T12:22:45.4586627Z /usr/bin/tar: ../../../../../usr/local/lib/android/sdk/platforms/android-35/data/res/values-mcc310-mnc260: Cannot utime: Operation not permitted
build	Cache Android SDK	2026-06-06T12:22:45.4587202Z /usr/bin/tar: ../../../../../usr/local/lib/android/sdk/platforms/android-35/data/res/values-mcc310-mnc260: Cannot change mode to rwxr-xr-x: Operation not permitted
build	Cache Android SDK	2026-06-06T12:22:45.4590167Z /usr/bin/tar: ../../../../../usr/local/lib/android/sdk/platforms/android-35/data/res/values-mcc302-mnc720-mr: Cannot utime: Operation not permitted
build	Cache Android SDK	2026-06-06T12:22:45.4590659Z /usr/bin/tar: ../../../../../usr/local/lib/android/sdk/platforms/android-35/data/res/values-mcc302-mnc720-mr: Cannot change mode to rwxr-xr-x: Operation not permitted
build	Cache Android SDK	2026-06-06T12:22:45.4593816Z /usr/bin/tar: ../../../../../usr/local/lib/android/sdk/platforms/android-35/data/res/values-mcc310-mnc210-lo: Cannot utime: Operation not permitted
build	Cache Android SDK	2026-06-06T12:22:45.4594270Z /usr/bin/tar: ../../../../../usr/local/lib/android/sdk/platforms/android-35/data/res/values-mcc310-mnc210-lo: Cannot change mode to rwxr-xr-x: Operation not permitted
build	Cache Android SDK	2026-06-06T12:22:45.4598225Z /usr/bin/tar: ../../../../../usr/local/lib/android/sdk/platforms/android-35/data/res/values-mcc310-mnc150-af: Cannot utime: Operation not permitted
build	Cache Android SDK	2026-06-06T12:22:45.4598774Z /usr/bin/tar: ../../../../../usr/local/lib/android/sdk/platforms/android-35/data/res/values-mcc310-mnc150-af: Cannot change mode to rwxr-xr-x: Operation not permitted
build	Cache Android SDK	2026-06-06T12:22:45.4603658Z /usr/bin/tar: ../../../../../usr/local/lib/android/sdk/platforms/android-35/data/res/layout-car: Cannot utime: Operation not permitted
build	Cache Android SDK	2026-06-06T12:22:45.4604088Z /usr/bin/tar: ../../../../../usr/local/lib/android/sdk/platforms/android-35/data/res/layout-car: Cannot change mode to rwxr-xr-x: Operation not permitted
build	Cache Android SDK	2026-06-06T12:22:45.4606655Z /usr/bin/tar: ../../../../../usr/local/lib/android/sdk/platforms/android-35/data/res/values-mcc310-mnc270-iw: Cannot utime: Operation not permitted
build	Cache Android SDK	2026-06-06T12:22:45.4607111Z /usr/bin/tar: ../../../../../usr/local/lib/android/sdk/platforms/android-35/data/res/values-mcc310-mnc270-iw: Cannot change mode to rwxr-xr-x: Operation not permitted
build	Cache Android SDK	2026-06-06T12:22:45.4610537Z /usr/bin/tar: ../../../../../usr/local/lib/android/sdk/platforms/android-35/data/res/values-mcc310-mnc660-ne: Cannot utime: Operation not permitted
build	Cache Android SDK	2026-06-06T12:22:45.4611001Z /usr/bin/tar: ../../../../../usr/local/lib/android/sdk/platforms/android-35/data/res/values-mcc310-mnc660-ne: Cannot change mode to rwxr-xr-x: Operation not permitted
build	Cache Android SDK	2026-06-06T12:22:45.4614671Z /usr/bin/tar: ../../../../../usr/local/lib/android/sdk/platforms/android-35/data/res/values-sw-rTZ: Cannot utime: Operation not permitted
build	Cache Android SDK	2026-06-06T12:22:45.4615105Z /usr/bin/tar: ../../../../../usr/local/lib/android/sdk/platforms/android-35/data/res/values-sw-rTZ: Cannot change mode to rwxr-xr-x: Operation not permitted
build	Cache Android SDK	2026-06-06T12:22:45.4618886Z /usr/bin/tar: ../../../../../usr/local/lib/android/sdk/platforms/android-35/data/res/values-mcc310-mnc160-zu: Cannot utime: Operation not permitted
build	Cache Android SDK	2026-06-06T12:22:45.4619342Z /usr/bin/tar: ../../../../../usr/local/lib/android/sdk/platforms/android-35/data/res/values-mcc310-mnc160-zu: Cannot change mode to rwxr-xr-x: Operation not permitted
build	Cache Android SDK	2026-06-06T12:22:45.4623352Z /usr/bin/tar: ../../../../../usr/local/lib/android/sdk/platforms/android-35/data/res/values-mcc334-mnc020-ne: Cannot utime: Operation not permitted
build	Cache Android SDK	2026-06-06T12:22:45.4623832Z /usr/bin/tar: ../../../../../usr/local/lib/android/sdk/platforms/android-35/data/res/values-mcc334-mnc020-ne: Cannot change mode to rwxr-xr-x: Operation not permitted
build	Cache Android SDK	2026-06-06T12:22:45.4626859Z /usr/bin/tar: ../../../../../usr/local/lib/android/sdk/platforms/android-35/data/res/values-mcc302-mnc720-ro: Cannot utime: Operation not permitted
build	Cache Android SDK	2026-06-06T12:22:45.4627303Z /usr/bin/tar: ../../../../../usr/local/lib/android/sdk/platforms/android-35/data/res/values-mcc302-mnc720-ro: Cannot change mode to rwxr-xr-x: Operation not permitted
build	Cache Android SDK	2026-06-06T12:22:45.4629985Z /usr/bin/tar: ../../../../../usr/local/lib/android/sdk/platforms/android-35/data/res/values-mcc310-mnc490-en-rGB: Cannot utime: Operation not permitted
build	Cache Android SDK	2026-06-06T12:22:45.4630459Z /usr/bin/tar: ../../../../../usr/local/lib/android/sdk/platforms/android-35/data/res/values-mcc310-mnc490-en-rGB: Cannot change mode to rwxr-xr-x: Operation not permitted
build	Cache Android SDK	2026-06-06T12:22:45.4633987Z /usr/bin/tar: ../../../../../usr/local/lib/android/sdk/platforms/android-35/data/res/values-de-rDE: Cannot utime: Operation not permitted
build	Cache Android SDK	2026-06-06T12:22:45.4634435Z /usr/bin/tar: ../../../../../usr/local/lib/android/sdk/platforms/android-35/data/res/values-de-rDE: Cannot change mode to rwxr-xr-x: Operation not permitted
build	Cache Android SDK	2026-06-06T12:22:45.4638786Z /usr/bin/tar: ../../../../../usr/local/lib/android/sdk/platforms/android-35/data/res/values-mcc334-mnc020-ml: Cannot utime: Operation not permitted
build	Cache Android SDK	2026-06-06T12:22:45.4639248Z /usr/bin/tar: ../../../../../usr/local/lib/android/sdk/platforms/android-35/data/res/values-mcc334-mnc020-ml: Cannot change mode to rwxr-xr-x: Operation not permitted
build	Cache Android SDK	2026-06-06T12:22:45.4641773Z /usr/bin/tar: ../../../../../usr/local/lib/android/sdk/platforms/android-35/data/res/values-mcc334-mnc020-zh-rCN: Cannot utime: Operation not permitted
build	Cache Android SDK	2026-06-06T12:22:45.4642348Z /usr/bin/tar: ../../../../../usr/local/lib/android/sdk/platforms/android-35/data/res/values-mcc334-mnc020-zh-rCN: Cannot change mode to rwxr-xr-x: Operation not permitted
build	Cache Android SDK	2026-06-06T12:22:45.4645037Z /usr/bin/tar: ../../../../../usr/local/lib/android/sdk/platforms/android-35/data/res/values-mcc310-mnc150-te: Cannot utime: Operation not permitted
build	Cache Android SDK	2026-06-06T12:22:45.4645514Z /usr/bin/tar: ../../../../../usr/local/lib/android/sdk/platforms/android-35/data/res/values-mcc310-mnc150-te: Cannot change mode to rwxr-xr-x: Operation not permitted
build	Cache Android SDK	2026-06-06T12:22:45.4649413Z /usr/bin/tar: ../../../../../usr/local/lib/android/sdk/platforms/android-35/data/res/values-mcc310-mnc200-b+sr+Latn: Cannot utime: Operation not permitted
build	Cache Android SDK	2026-06-06T12:22:45.4649897Z /usr/bin/tar: ../../../../../usr/local/lib/android/sdk/platforms/android-35/data/res/values-mcc310-mnc200-b+sr+Latn: Cannot change mode to rwxr-xr-x: Operation not permitted
build	Cache Android SDK	2026-06-06T12:22:45.4659292Z /usr/bin/tar: ../../../../../usr/local/lib/android/sdk/platforms/android-35/data/res/values-mcc310-mnc150-ml: Cannot utime: Operation not permitted
build	Cache Android SDK	2026-06-06T12:22:45.4659869Z /usr/bin/tar: ../../../../../usr/local/lib/android/sdk/platforms/android-35/data/res/values-mcc310-mnc150-ml: Cannot change mode to rwxr-xr-x: Operation not permitted
build	Cache Android SDK	2026-06-06T12:22:45.4663042Z /usr/bin/tar: ../../../../../usr/local/lib/android/sdk/platforms/android-35/data/res/values-mcc001-mnc01-ja: Cannot utime: Operation not permitted
build	Cache Android SDK	2026-06-06T12:22:45.4663564Z /usr/bin/tar: ../../../../../usr/local/lib/android/sdk/platforms/android-35/data/res/values-mcc001-mnc01-ja: Cannot change mode to rwxr-xr-x: Operation not permitted
build	Cache Android SDK	2026-06-06T12:22:45.4667173Z /usr/bin/tar: ../../../../../usr/local/lib/android/sdk/platforms/android-35/data/res/values-mcc310-mnc150-uk: Cannot utime: Operation not permitted
build	Cache Android SDK	2026-06-06T12:22:45.4667799Z /usr/bin/tar: ../../../../../usr/local/lib/android/sdk/platforms/android-35/data/res/values-mcc310-mnc150-uk: Cannot change mode to rwxr-xr-x: Operation not permitted
build	Cache Android SDK	2026-06-06T12:22:45.4670932Z /usr/bin/tar: ../../../../../usr/local/lib/android/sdk/platforms/android-35/data/res/values-mcc334-mnc020-de: Cannot utime: Operation not permitted
build	Cache Android SDK	2026-06-06T12:22:45.4671380Z /usr/bin/tar: ../../../../../usr/local/lib/android/sdk/platforms/android-35/data/res/values-mcc334-mnc020-de: Cannot change mode to rwxr-xr-x: Operation not permitted
build	Cache Android SDK	2026-06-06T12:22:45.4674506Z /usr/bin/tar: ../../../../../usr/local/lib/android/sdk/platforms/android-35/data/res/values-mcc310-mnc230-es: Cannot utime: Operation not permitted
build	Cache Android SDK	2026-06-06T12:22:45.4674964Z /usr/bin/tar: ../../../../../usr/local/lib/android/sdk/platforms/android-35/data/res/values-mcc310-mnc230-es: Cannot change mode to rwxr-xr-x: Operation not permitted
build	Cache Android SDK	2026-06-06T12:22:45.4678401Z /usr/bin/tar: ../../../../../usr/local/lib/android/sdk/platforms/android-35/data/res/values-mcc310-mnc280-fr: Cannot utime: Operation not permitted
build	Cache Android SDK	2026-06-06T12:22:45.4678892Z /usr/bin/tar: ../../../../../usr/local/lib/android/sdk/platforms/android-35/data/res/values-mcc310-mnc280-fr: Cannot change mode to rwxr-xr-x: Operation not permitted
build	Cache Android SDK	2026-06-06T12:22:45.4682588Z /usr/bin/tar: ../../../../../usr/local/lib/android/sdk/platforms/android-35/data/res/values-mcc302-mnc370-eu: Cannot utime: Operation not permitted
build	Cache Android SDK	2026-06-06T12:22:45.4683032Z /usr/bin/tar: ../../../../../usr/local/lib/android/sdk/platforms/android-35/data/res/values-mcc302-mnc370-eu: Cannot change mode to rwxr-xr-x: Operation not permitted
build	Cache Android SDK	2026-06-06T12:22:45.4686133Z /usr/bin/tar: ../../../../../usr/local/lib/android/sdk/platforms/android-35/data/res/values-mcc334-mnc020-ja: Cannot utime: Operation not permitted
build	Cache Android SDK	2026-06-06T12:22:45.4686603Z /usr/bin/tar: ../../../../../usr/local/lib/android/sdk/platforms/android-35/data/res/values-mcc334-mnc020-ja: Cannot change mode to rwxr-xr-x: Operation not permitted
build	Cache Android SDK	2026-06-06T12:22:45.4690373Z /usr/bin/tar: ../../../../../usr/local/lib/android/sdk/platforms/android-35/data/res/values-mcc310-mnc250-my: Cannot utime: Operation not permitted
build	Cache Android SDK	2026-06-06T12:22:45.4690936Z /usr/bin/tar: ../../../../../usr/local/lib/android/sdk/platforms/android-35/data/res/values-mcc310-mnc250-my: Cannot change mode to rwxr-xr-x: Operation not permitted
build	Cache Android SDK	2026-06-06T12:22:45.4696455Z /usr/bin/tar: ../../../../../usr/local/lib/android/sdk/platforms/android-35/data/res/values-mcc310-mnc380-b+sr+Latn: Cannot utime: Operation not permitted
build	Cache Android SDK	2026-06-06T12:22:45.4696940Z /usr/bin/tar: ../../../../../usr/local/lib/android/sdk/platforms/android-35/data/res/values-mcc310-mnc380-b+sr+Latn: Cannot change mode to rwxr-xr-x: Operation not permitted
build	Cache Android SDK	2026-06-06T12:22:45.4699599Z /usr/bin/tar: ../../../../../usr/local/lib/android/sdk/platforms/android-35/data/res/values-mcc405: Cannot utime: Operation not permitted
build	Cache Android SDK	2026-06-06T12:22:45.4700046Z /usr/bin/tar: ../../../../../usr/local/lib/android/sdk/platforms/android-35/data/res/values-mcc405: Cannot change mode to rwxr-xr-x: Operation not permitted
build	Cache Android SDK	2026-06-06T12:22:45.4703546Z /usr/bin/tar: ../../../../../usr/local/lib/android/sdk/platforms/android-35/data/res/values-mcc310-mnc560-km: Cannot utime: Operation not permitted
build	Cache Android SDK	2026-06-06T12:22:45.4704011Z /usr/bin/tar: ../../../../../usr/local/lib/android/sdk/platforms/android-35/data/res/values-mcc310-mnc560-km: Cannot change mode to rwxr-xr-x: Operation not permitted
build	Cache Android SDK	2026-06-06T12:22:45.4710018Z /usr/bin/tar: ../../../../../usr/local/lib/android/sdk/platforms/android-35/data/res/values-is: Cannot utime: Operation not permitted
build	Cache Android SDK	2026-06-06T12:22:45.4710433Z /usr/bin/tar: ../../../../../usr/local/lib/android/sdk/platforms/android-35/data/res/values-is: Cannot change mode to rwxr-xr-x: Operation not permitted
build	Cache Android SDK	2026-06-06T12:22:45.4718027Z /usr/bin/tar: ../../../../../usr/local/lib/android/sdk/platforms/android-35/data/res/values-mcc334-mnc020-it: Cannot utime: Operation not permitted
build	Cache Android SDK	2026-06-06T12:22:45.4718542Z /usr/bin/tar: ../../../../../usr/local/lib/android/sdk/platforms/android-35/data/res/values-mcc334-mnc020-it: Cannot change mode to rwxr-xr-x: Operation not permitted
build	Cache Android SDK	2026-06-06T12:22:45.4720952Z /usr/bin/tar: ../../../../../usr/local/lib/android/sdk/platforms/android-35/data/res/values-mcc310-mnc230-nl: Cannot utime: Operation not permitted
build	Cache Android SDK	2026-06-06T12:22:45.4721420Z /usr/bin/tar: ../../../../../usr/local/lib/android/sdk/platforms/android-35/data/res/values-mcc310-mnc230-nl: Cannot change mode to rwxr-xr-x: Operation not permitted
build	Cache Android SDK	2026-06-06T12:22:45.4724977Z /usr/bin/tar: ../../../../../usr/local/lib/android/sdk/platforms/android-35/data/res/values-mcc310-mnc800-vi: Cannot utime: Operation not permitted
build	Cache Android SDK	2026-06-06T12:22:45.4725442Z /usr/bin/tar: ../../../../../usr/local/lib/android/sdk/platforms/android-35/data/res/values-mcc310-mnc800-vi: Cannot change mode to rwxr-xr-x: Operation not permitted
build	Cache Android SDK	2026-06-06T12:22:45.4728213Z /usr/bin/tar: ../../../../../usr/local/lib/android/sdk/platforms/android-35/data/res/values-ta-television: Cannot utime: Operation not permitted
build	Cache Android SDK	2026-06-06T12:22:45.4728679Z /usr/bin/tar: ../../../../../usr/local/lib/android/sdk/platforms/android-35/data/res/values-ta-television: Cannot change mode to rwxr-xr-x: Operation not permitted
build	Cache Android SDK	2026-06-06T12:22:45.4735304Z /usr/bin/tar: ../../../../../usr/local/lib/android/sdk/platforms/android-35/data/res/values-mcc302-mnc370-bs: Cannot utime: Operation not permitted
build	Cache Android SDK	2026-06-06T12:22:45.4735894Z /usr/bin/tar: ../../../../../usr/local/lib/android/sdk/platforms/android-35/data/res/values-mcc302-mnc370-bs: Cannot change mode to rwxr-xr-x: Operation not permitted
build	Cache Android SDK	2026-06-06T12:22:45.4740142Z /usr/bin/tar: ../../../../../usr/local/lib/android/sdk/platforms/android-35/data/res/values-sw600dp: Cannot utime: Operation not permitted
build	Cache Android SDK	2026-06-06T12:22:45.4740579Z /usr/bin/tar: ../../../../../usr/local/lib/android/sdk/platforms/android-35/data/res/values-sw600dp: Cannot change mode to rwxr-xr-x: Operation not permitted
build	Cache Android SDK	2026-06-06T12:22:45.4743624Z /usr/bin/tar: ../../../../../usr/local/lib/android/sdk/platforms/android-35/data/res/values-mcc310-mnc490-pl: Cannot utime: Operation not permitted
build	Cache Android SDK	2026-06-06T12:22:45.4744174Z /usr/bin/tar: ../../../../../usr/local/lib/android/sdk/platforms/android-35/data/res/values-mcc310-mnc490-pl: Cannot change mode to rwxr-xr-x: Operation not permitted
build	Cache Android SDK	2026-06-06T12:22:45.4747770Z /usr/bin/tar: ../../../../../usr/local/lib/android/sdk/platforms/android-35/data/res/values-mcc313-mnc100-da: Cannot utime: Operation not permitted
build	Cache Android SDK	2026-06-06T12:22:45.4748236Z /usr/bin/tar: ../../../../../usr/local/lib/android/sdk/platforms/android-35/data/res/values-mcc313-mnc100-da: Cannot change mode to rwxr-xr-x: Operation not permitted
build	Cache Android SDK	2026-06-06T12:22:45.4751129Z /usr/bin/tar: ../../../../../usr/local/lib/android/sdk/platforms/android-35/data/res/values-mcc313-mnc100-ta: Cannot utime: Operation not permitted
build	Cache Android SDK	2026-06-06T12:22:45.4751581Z /usr/bin/tar: ../../../../../usr/local/lib/android/sdk/platforms/android-35/data/res/values-mcc313-mnc100-ta: Cannot change mode to rwxr-xr-x: Operation not permitted
build	Cache Android SDK	2026-06-06T12:22:45.4754984Z /usr/bin/tar: ../../../../../usr/local/lib/android/sdk/platforms/android-35/data/res/values-mcc310-mnc220-sq: Cannot utime: Operation not permitted
build	Cache Android SDK	2026-06-06T12:22:45.4756001Z /usr/bin/tar: ../../../../../usr/local/lib/android/sdk/platforms/android-35/data/res/values-mcc310-mnc220-sq: Cannot change mode to rwxr-xr-x: Operation not permitted
build	Cache Android SDK	2026-06-06T12:22:45.4759170Z /usr/bin/tar: ../../../../../usr/local/lib/android/sdk/platforms/android-35/data/res/values-mcc310-mnc250-zh-rCN: Cannot utime: Operation not permitted
build	Cache Android SDK	2026-06-06T12:22:45.4759665Z /usr/bin/tar: ../../../../../usr/local/lib/android/sdk/platforms/android-35/data/res/values-mcc310-mnc250-zh-rCN: Cannot change mode to rwxr-xr-x: Operation not permitted
build	Cache Android SDK	2026-06-06T12:22:45.4763068Z /usr/bin/tar: ../../../../../usr/local/lib/android/sdk/platforms/android-35/data/res/values-mcc310-mnc150-gu: Cannot utime: Operation not permitted
build	Cache Android SDK	2026-06-06T12:22:45.4763519Z /usr/bin/tar: ../../../../../usr/local/lib/android/sdk/platforms/android-35/data/res/values-mcc310-mnc150-gu: Cannot change mode to rwxr-xr-x: Operation not permitted
build	Cache Android SDK	2026-06-06T12:22:45.4767693Z /usr/bin/tar: ../../../../../usr/local/lib/android/sdk/platforms/android-35/data/res/values-mcc310-mnc230-si: Cannot utime: Operation not permitted
build	Cache Android SDK	2026-06-06T12:22:45.4768308Z /usr/bin/tar: ../../../../../usr/local/lib/android/sdk/platforms/android-35/data/res/values-mcc310-mnc230-si: Cannot change mode to rwxr-xr-x: Operation not permitted
build	Cache Android SDK	2026-06-06T12:22:45.4771152Z /usr/bin/tar: ../../../../../usr/local/lib/android/sdk/platforms/android-35/data/res/values-mcc311-mnc180-ar: Cannot utime: Operation not permitted
build	Cache Android SDK	2026-06-06T12:22:45.4771610Z /usr/bin/tar: ../../../../../usr/local/lib/android/sdk/platforms/android-35/data/res/values-mcc311-mnc180-ar: Cannot change mode to rwxr-xr-x: Operation not permitted
build	Cache Android SDK	2026-06-06T12:22:45.4775365Z /usr/bin/tar: ../../../../../usr/local/lib/android/sdk/platforms/android-35/data/res/values-mcc310-mnc800-ca: Cannot utime: Operation not permitted
build	Cache Android SDK	2026-06-06T12:22:45.4775819Z /usr/bin/tar: ../../../../../usr/local/lib/android/sdk/platforms/android-35/data/res/values-mcc310-mnc800-ca: Cannot change mode to rwxr-xr-x: Operation not permitted
build	Cache Android SDK	2026-06-06T12:22:45.4779504Z /usr/bin/tar: ../../../../../usr/local/lib/android/sdk/platforms/android-35/data/res/values-mcc310-mnc560-as: Cannot utime: Operation not permitted
build	Cache Android SDK	2026-06-06T12:22:45.4780120Z /usr/bin/tar: ../../../../../usr/local/lib/android/sdk/platforms/android-35/data/res/values-mcc310-mnc560-as: Cannot change mode to rwxr-xr-x: Operation not permitted
build	Cache Android SDK	2026-06-06T12:22:45.4785812Z /usr/bin/tar: ../../../../../usr/local/lib/android/sdk/platforms/android-35/data/res/values-mcc310-mnc310-zh-rCN: Cannot utime: Operation not permitted
build	Cache Android SDK	2026-06-06T12:22:45.4786308Z /usr/bin/tar: ../../../../../usr/local/lib/android/sdk/platforms/android-35/data/res/values-mcc310-mnc310-zh-rCN: Cannot change mode to rwxr-xr-x: Operation not permitted
build	Cache Android SDK	2026-06-06T12:22:45.4789652Z /usr/bin/tar: ../../../../../usr/local/lib/android/sdk/platforms/android-35/data/res/values-mcc310-mnc800-gl: Cannot utime: Operation not permitted
build	Cache Android SDK	2026-06-06T12:22:45.4790223Z /usr/bin/tar: ../../../../../usr/local/lib/android/sdk/platforms/android-35/data/res/values-mcc310-mnc800-gl: Cannot change mode to rwxr-xr-x: Operation not permitted
build	Cache Android SDK	2026-06-06T12:22:45.4793205Z /usr/bin/tar: ../../../../../usr/local/lib/android/sdk/platforms/android-35/data/res/values-mcc310-mnc240-si: Cannot utime: Operation not permitted
build	Cache Android SDK	2026-06-06T12:22:45.4793684Z /usr/bin/tar: ../../../../../usr/local/lib/android/sdk/platforms/android-35/data/res/values-mcc310-mnc240-si: Cannot change mode to rwxr-xr-x: Operation not permitted
build	Cache Android SDK	2026-06-06T12:22:45.4799283Z /usr/bin/tar: ../../../../../usr/local/lib/android/sdk/platforms/android-35/data/res/values-mcc313-mnc100-en-rAU: Cannot utime: Operation not permitted
build	Cache Android SDK	2026-06-06T12:22:45.4799753Z /usr/bin/tar: ../../../../../usr/local/lib/android/sdk/platforms/android-35/data/res/values-mcc313-mnc100-en-rAU: Cannot change mode to rwxr-xr-x: Operation not permitted
build	Cache Android SDK	2026-06-06T12:22:45.4805477Z /usr/bin/tar: ../../../../../usr/local/lib/android/sdk/platforms/android-35/data/res/values-mcc310-mnc280-sk: Cannot utime: Operation not permitted
build	Cache Android SDK	2026-06-06T12:22:45.4805973Z /usr/bin/tar: ../../../../../usr/local/lib/android/sdk/platforms/android-35/data/res/values-mcc310-mnc280-sk: Cannot change mode to rwxr-xr-x: Operation not permitted
build	Cache Android SDK	2026-06-06T12:22:45.4813767Z /usr/bin/tar: ../../../../../usr/local/lib/android/sdk/platforms/android-35/data/res/values-mcc310-mnc170-or: Cannot utime: Operation not permitted
build	Cache Android SDK	2026-06-06T12:22:45.4814334Z /usr/bin/tar: ../../../../../usr/local/lib/android/sdk/platforms/android-35/data/res/values-mcc310-mnc170-or: Cannot change mode to rwxr-xr-x: Operation not permitted
build	Cache Android SDK	2026-06-06T12:22:45.4816496Z /usr/bin/tar: ../../../../../usr/local/lib/android/sdk/platforms/android-35/data/res/values-mcc310-mnc200-ko: Cannot utime: Operation not permitted
build	Cache Android SDK	2026-06-06T12:22:45.4816952Z /usr/bin/tar: ../../../../../usr/local/lib/android/sdk/platforms/android-35/data/res/values-mcc310-mnc200-ko: Cannot change mode to rwxr-xr-x: Operation not permitted
build	Cache Android SDK	2026-06-06T12:22:45.4820097Z /usr/bin/tar: ../../../../../usr/local/lib/android/sdk/platforms/android-35/data/res/values-mcc310-mnc270-b+sr+Latn: Cannot utime: Operation not permitted
build	Cache Android SDK	2026-06-06T12:22:45.4820948Z /usr/bin/tar: ../../../../../usr/local/lib/android/sdk/platforms/android-35/data/res/values-mcc310-mnc270-b+sr+Latn: Cannot change mode to rwxr-xr-x: Operation not permitted
build	Cache Android SDK	2026-06-06T12:22:45.4827643Z /usr/bin/tar: ../../../../../usr/local/lib/android/sdk/platforms/android-35/data/res/values-uz-television: Cannot utime: Operation not permitted
build	Cache Android SDK	2026-06-06T12:22:45.4828210Z /usr/bin/tar: ../../../../../usr/local/lib/android/sdk/platforms/android-35/data/res/values-uz-television: Cannot change mode to rwxr-xr-x: Operation not permitted
build	Cache Android SDK	2026-06-06T12:22:45.4831433Z /usr/bin/tar: ../../../../../usr/local/lib/android/sdk/platforms/android-35/data/res/values-mcc310-mnc030-tr: Cannot utime: Operation not permitted
build	Cache Android SDK	2026-06-06T12:22:45.4831932Z /usr/bin/tar: ../../../../../usr/local/lib/android/sdk/platforms/android-35/data/res/values-mcc310-mnc030-tr: Cannot change mode to rwxr-xr-x: Operation not permitted
build	Cache Android SDK	2026-06-06T12:22:45.4834321Z /usr/bin/tar: ../../../../../usr/local/lib/android/sdk/platforms/android-35/data/res/values-vi-television: Cannot utime: Operation not permitted
build	Cache Android SDK	2026-06-06T12:22:45.4835252Z /usr/bin/tar: ../../../../../usr/local/lib/android/sdk/platforms/android-35/data/res/values-vi-television: Cannot change mode to rwxr-xr-x: Operation not permitted
build	Cache Android SDK	2026-06-06T12:22:45.4837193Z /usr/bin/tar: ../../../../../usr/local/lib/android/sdk/platforms/android-35/data/res/values-mcc310-mnc800-sv: Cannot utime: Operation not permitted
build	Cache Android SDK	2026-06-06T12:22:45.4837798Z /usr/bin/tar: ../../../../../usr/local/lib/android/sdk/platforms/android-35/data/res/values-mcc310-mnc800-sv: Cannot change mode to rwxr-xr-x: Operation not permitted
build	Cache Android SDK	2026-06-06T12:22:45.4840299Z /usr/bin/tar: ../../../../../usr/local/lib/android/sdk/platforms/android-35/data/res/values-mcc001-mnc01-mn: Cannot utime: Operation not permitted
build	Cache Android SDK	2026-06-06T12:22:45.4841361Z /usr/bin/tar: ../../../../../usr/local/lib/android/sdk/platforms/android-35/data/res/values-mcc001-mnc01-mn: Cannot change mode to rwxr-xr-x: Operation not permitted
build	Cache Android SDK	2026-06-06T12:22:45.4843827Z /usr/bin/tar: ../../../../../usr/local/lib/android/sdk/platforms/android-35/data/res/values-mcc001-mnc01-sk: Cannot utime: Operation not permitted
build	Cache Android SDK	2026-06-06T12:22:45.4844305Z /usr/bin/tar: ../../../../../usr/local/lib/android/sdk/platforms/android-35/data/res/values-mcc001-mnc01-sk: Cannot change mode to rwxr-xr-x: Operation not permitted
build	Cache Android SDK	2026-06-06T12:22:45.4846559Z /usr/bin/tar: ../../../../../usr/local/lib/android/sdk/platforms/android-35/data/res/values-mcc311-mnc180-ko: Cannot utime: Operation not permitted
build	Cache Android SDK	2026-06-06T12:22:45.4847016Z /usr/bin/tar: ../../../../../usr/local/lib/android/sdk/platforms/android-35/data/res/values-mcc311-mnc180-ko: Cannot change mode to rwxr-xr-x: Operation not permitted
build	Cache Android SDK	2026-06-06T12:22:45.4849753Z /usr/bin/tar: ../../../../../usr/local/lib/android/sdk/platforms/android-35/data/res/raw-fi: Cannot utime: Operation not permitted
build	Cache Android SDK	2026-06-06T12:22:45.4850175Z /usr/bin/tar: ../../../../../usr/local/lib/android/sdk/platforms/android-35/data/res/raw-fi: Cannot change mode to rwxr-xr-x: Operation not permitted
build	Cache Android SDK	2026-06-06T12:22:45.4852861Z /usr/bin/tar: ../../../../../usr/local/lib/android/sdk/platforms/android-35/data/res/values-mcc313-mnc100-gu: Cannot utime: Operation not permitted
build	Cache Android SDK	2026-06-06T12:22:45.4853333Z /usr/bin/tar: ../../../../../usr/local/lib/android/sdk/platforms/android-35/data/res/values-mcc313-mnc100-gu: Cannot change mode to rwxr-xr-x: Operation not permitted
build	Cache Android SDK	2026-06-06T12:22:45.4856006Z /usr/bin/tar: ../../../../../usr/local/lib/android/sdk/platforms/android-35/data/res/values-mcc310-mnc240-lv: Cannot utime: Operation not permitted
build	Cache Android SDK	2026-06-06T12:22:45.4856519Z /usr/bin/tar: ../../../../../usr/local/lib/android/sdk/platforms/android-35/data/res/values-mcc310-mnc240-lv: Cannot change mode to rwxr-xr-x: Operation not permitted
build	Cache Android SDK	2026-06-06T12:22:45.4859722Z /usr/bin/tar: ../../../../../usr/local/lib/android/sdk/platforms/android-35/data/res/values-mcc310-mnc280-zh-rCN: Cannot utime: Operation not permitted
build	Cache Android SDK	2026-06-06T12:22:45.4860314Z /usr/bin/tar: ../../../../../usr/local/lib/android/sdk/platforms/android-35/data/res/values-mcc310-mnc280-zh-rCN: Cannot change mode to rwxr-xr-x: Operation not permitted
build	Cache Android SDK	2026-06-06T12:22:45.4862983Z /usr/bin/tar: ../../../../../usr/local/lib/android/sdk/platforms/android-35/data/res/values-en-rNZ: Cannot utime: Operation not permitted
build	Cache Android SDK	2026-06-06T12:22:45.4863415Z /usr/bin/tar: ../../../../../usr/local/lib/android/sdk/platforms/android-35/data/res/values-en-rNZ: Cannot change mode to rwxr-xr-x: Operation not permitted
build	Cache Android SDK	2026-06-06T12:22:45.4866599Z /usr/bin/tar: ../../../../../usr/local/lib/android/sdk/platforms/android-35/data/res/values-mcc310-mnc240-fr: Cannot utime: Operation not permitted
build	Cache Android SDK	2026-06-06T12:22:45.4867164Z /usr/bin/tar: ../../../../../usr/local/lib/android/sdk/platforms/android-35/data/res/values-mcc310-mnc240-fr: Cannot change mode to rwxr-xr-x: Operation not permitted
build	Cache Android SDK	2026-06-06T12:22:45.4868957Z /usr/bin/tar: ../../../../../usr/local/lib/android/sdk/platforms/android-35/data/res/values-mcc310-mnc250-si: Cannot utime: Operation not permitted
build	Cache Android SDK	2026-06-06T12:22:45.4869695Z /usr/bin/tar: ../../../../../usr/local/lib/android/sdk/platforms/android-35/data/res/values-mcc310-mnc250-si: Cannot change mode to rwxr-xr-x: Operation not permitted
build	Cache Android SDK	2026-06-06T12:22:45.4872418Z /usr/bin/tar: ../../../../../usr/local/lib/android/sdk/platforms/android-35/data/res/values-mcc310-mnc170-ja: Cannot utime: Operation not permitted
build	Cache Android SDK	2026-06-06T12:22:45.4872901Z /usr/bin/tar: ../../../../../usr/local/lib/android/sdk/platforms/android-35/data/res/values-mcc310-mnc170-ja: Cannot change mode to rwxr-xr-x: Operation not permitted
build	Cache Android SDK	2026-06-06T12:22:45.4875435Z /usr/bin/tar: ../../../../../usr/local/lib/android/sdk/platforms/android-35/data/res/values-mcc302-mnc720-hu: Cannot utime: Operation not permitted
build	Cache Android SDK	2026-06-06T12:22:45.4876043Z /usr/bin/tar: ../../../../../usr/local/lib/android/sdk/platforms/android-35/data/res/values-mcc302-mnc720-hu: Cannot change mode to rwxr-xr-x: Operation not permitted
build	Cache Android SDK	2026-06-06T12:22:45.4878763Z /usr/bin/tar: ../../../../../usr/local/lib/android/sdk/platforms/android-35/data/res/values-mcc310-mnc160-zh-rTW: Cannot utime: Operation not permitted
build	Cache Android SDK	2026-06-06T12:22:45.4879251Z /usr/bin/tar: ../../../../../usr/local/lib/android/sdk/platforms/android-35/data/res/values-mcc310-mnc160-zh-rTW: Cannot change mode to rwxr-xr-x: Operation not permitted
build	Cache Android SDK	2026-06-06T12:22:45.4881541Z /usr/bin/tar: ../../../../../usr/local/lib/android/sdk/platforms/android-35/data/res/values-mcc310-mnc310-gl: Cannot utime: Operation not permitted
build	Cache Android SDK	2026-06-06T12:22:45.4881984Z /usr/bin/tar: ../../../../../usr/local/lib/android/sdk/platforms/android-35/data/res/values-mcc310-mnc310-gl: Cannot change mode to rwxr-xr-x: Operation not permitted
build	Cache Android SDK	2026-06-06T12:22:45.4884659Z /usr/bin/tar: ../../../../../usr/local/lib/android/sdk/platforms/android-35/data/res/values-mcc310-mnc030-hr: Cannot utime: Operation not permitted
build	Cache Android SDK	2026-06-06T12:22:45.4885207Z /usr/bin/tar: ../../../../../usr/local/lib/android/sdk/platforms/android-35/data/res/values-mcc310-mnc030-hr: Cannot change mode to rwxr-xr-x: Operation not permitted
build	Cache Android SDK	2026-06-06T12:22:45.4887742Z /usr/bin/tar: ../../../../../usr/local/lib/android/sdk/platforms/android-35/data/res/values-mcc310-mnc280-ka: Cannot utime: Operation not permitted
build	Cache Android SDK	2026-06-06T12:22:45.4888254Z /usr/bin/tar: ../../../../../usr/local/lib/android/sdk/platforms/android-35/data/res/values-mcc310-mnc280-ka: Cannot change mode to rwxr-xr-x: Operation not permitted
build	Cache Android SDK	2026-06-06T12:22:45.4890898Z /usr/bin/tar: ../../../../../usr/local/lib/android/sdk/platforms/android-35/data/res/values-mcc310-mnc950-te: Cannot utime: Operation not permitted
build	Cache Android SDK	2026-06-06T12:22:45.4891347Z /usr/bin/tar: ../../../../../usr/local/lib/android/sdk/platforms/android-35/data/res/values-mcc310-mnc950-te: Cannot change mode to rwxr-xr-x: Operation not permitted
build	Cache Android SDK	2026-06-06T12:22:45.4894048Z /usr/bin/tar: ../../../../../usr/local/lib/android/sdk/platforms/android-35/data/res/values-mcc302-mnc720-ka: Cannot utime: Operation not permitted
build	Cache Android SDK	2026-06-06T12:22:45.4894683Z /usr/bin/tar: ../../../../../usr/local/lib/android/sdk/platforms/android-35/data/res/values-mcc302-mnc720-ka: Cannot change mode to rwxr-xr-x: Operation not permitted
build	Cache Android SDK	2026-06-06T12:22:45.4896817Z /usr/bin/tar: ../../../../../usr/local/lib/android/sdk/platforms/android-35/data/res/values-mcc310-mnc210-pt: Cannot utime: Operation not permitted
build	Cache Android SDK	2026-06-06T12:22:45.4897264Z /usr/bin/tar: ../../../../../usr/local/lib/android/sdk/platforms/android-35/data/res/values-mcc310-mnc210-pt: Cannot change mode to rwxr-xr-x: Operation not permitted
build	Cache Android SDK	2026-06-06T12:22:45.4900897Z /usr/bin/tar: ../../../../../usr/local/lib/android/sdk/platforms/android-35/data/res/values-mcc310-mnc250-b+sr+Latn: Cannot utime: Operation not permitted
build	Cache Android SDK	2026-06-06T12:22:45.4901388Z /usr/bin/tar: ../../../../../usr/local/lib/android/sdk/platforms/android-35/data/res/values-mcc310-mnc250-b+sr+Latn: Cannot change mode to rwxr-xr-x: Operation not permitted
build	Cache Android SDK	2026-06-06T12:22:45.4903804Z /usr/bin/tar: ../../../../../usr/local/lib/android/sdk/platforms/android-35/data/res/values-mcc310-mnc380-iw: Cannot utime: Operation not permitted
build	Cache Android SDK	2026-06-06T12:22:45.4904350Z /usr/bin/tar: ../../../../../usr/local/lib/android/sdk/platforms/android-35/data/res/values-mcc310-mnc380-iw: Cannot change mode to rwxr-xr-x: Operation not permitted
build	Cache Android SDK	2026-06-06T12:22:45.4907175Z /usr/bin/tar: ../../../../../usr/local/lib/android/sdk/platforms/android-35/data/res/values-mcc732-mnc123: Cannot utime: Operation not permitted
build	Cache Android SDK	2026-06-06T12:22:45.4907837Z /usr/bin/tar: ../../../../../usr/local/lib/android/sdk/platforms/android-35/data/res/values-mcc732-mnc123: Cannot change mode to rwxr-xr-x: Operation not permitted
build	Cache Android SDK	2026-06-06T12:22:45.4910674Z /usr/bin/tar: ../../../../../usr/local/lib/android/sdk/platforms/android-35/data/res/values-mcc302-mnc370-cs: Cannot utime: Operation not permitted
build	Cache Android SDK	2026-06-06T12:22:45.4911573Z /usr/bin/tar: ../../../../../usr/local/lib/android/sdk/platforms/android-35/data/res/values-mcc302-mnc370-cs: Cannot change mode to rwxr-xr-x: Operation not permitted
build	Cache Android SDK	2026-06-06T12:22:45.4916494Z /usr/bin/tar: ../../../../../usr/local/lib/android/sdk/platforms/android-35/data/res/values-mcc311-mnc180-sr: Cannot utime: Operation not permitted
build	Cache Android SDK	2026-06-06T12:22:45.4916949Z /usr/bin/tar: ../../../../../usr/local/lib/android/sdk/platforms/android-35/data/res/values-mcc311-mnc180-sr: Cannot change mode to rwxr-xr-x: Operation not permitted
build	Cache Android SDK	2026-06-06T12:22:45.4919684Z /usr/bin/tar: ../../../../../usr/local/lib/android/sdk/platforms/android-35/data/res/values-mcc302-mnc370-ur: Cannot utime: Operation not permitted
build	Cache Android SDK	2026-06-06T12:22:45.4920135Z /usr/bin/tar: ../../../../../usr/local/lib/android/sdk/platforms/android-35/data/res/values-mcc302-mnc370-ur: Cannot change mode to rwxr-xr-x: Operation not permitted
build	Cache Android SDK	2026-06-06T12:22:45.4923161Z /usr/bin/tar: ../../../../../usr/local/lib/android/sdk/platforms/android-35/data/res/values-mcc310-mnc230-kk: Cannot utime: Operation not permitted
build	Cache Android SDK	2026-06-06T12:22:45.4923647Z /usr/bin/tar: ../../../../../usr/local/lib/android/sdk/platforms/android-35/data/res/values-mcc310-mnc230-kk: Cannot change mode to rwxr-xr-x: Operation not permitted
build	Cache Android SDK	2026-06-06T12:22:45.4926594Z /usr/bin/tar: ../../../../../usr/local/lib/android/sdk/platforms/android-35/data/res/values-mcc310-mnc490-eu: Cannot utime: Operation not permitted
build	Cache Android SDK	2026-06-06T12:22:45.4927053Z /usr/bin/tar: ../../../../../usr/local/lib/android/sdk/platforms/android-35/data/res/values-mcc310-mnc490-eu: Cannot change mode to rwxr-xr-x: Operation not permitted
build	Cache Android SDK	2026-06-06T12:22:45.4929432Z /usr/bin/tar: ../../../../../usr/local/lib/android/sdk/platforms/android-35/data/res/values-mcc310-mnc170-az: Cannot utime: Operation not permitted
build	Cache Android SDK	2026-06-06T12:22:45.4929892Z /usr/bin/tar: ../../../../../usr/local/lib/android/sdk/platforms/android-35/data/res/values-mcc310-mnc170-az: Cannot change mode to rwxr-xr-x: Operation not permitted
build	Cache Android SDK	2026-06-06T12:22:45.4932698Z /usr/bin/tar: ../../../../../usr/local/lib/android/sdk/platforms/android-35/data/res/values-mcc311-mnc480: Cannot utime: Operation not permitted
build	Cache Android SDK	2026-06-06T12:22:45.4933166Z /usr/bin/tar: ../../../../../usr/local/lib/android/sdk/platforms/android-35/data/res/values-mcc311-mnc480: Cannot change mode to rwxr-xr-x: Operation not permitted
build	Cache Android SDK	2026-06-06T12:22:45.4935427Z /usr/bin/tar: ../../../../../usr/local/lib/android/sdk/platforms/android-35/data/res/values-mcc310-mnc250-sw: Cannot utime: Operation not permitted
build	Cache Android SDK	2026-06-06T12:22:45.4935961Z /usr/bin/tar: ../../../../../usr/local/lib/android/sdk/platforms/android-35/data/res/values-mcc310-mnc250-sw: Cannot change mode to rwxr-xr-x: Operation not permitted
build	Cache Android SDK	2026-06-06T12:22:45.4941787Z /usr/bin/tar: ../../../../../usr/local/lib/android/sdk/platforms/android-35/data/res/values-gl: Cannot utime: Operation not permitted
build	Cache Android SDK	2026-06-06T12:22:45.4942270Z /usr/bin/tar: ../../../../../usr/local/lib/android/sdk/platforms/android-35/data/res/values-gl: Cannot change mode to rwxr-xr-x: Operation not permitted
build	Cache Android SDK	2026-06-06T12:22:45.4944994Z /usr/bin/tar: ../../../../../usr/local/lib/android/sdk/platforms/android-35/data/res/values-mcc001-mnc01-pt-rPT: Cannot utime: Operation not permitted
build	Cache Android SDK	2026-06-06T12:22:45.4945882Z /usr/bin/tar: ../../../../../usr/local/lib/android/sdk/platforms/android-35/data/res/values-mcc001-mnc01-pt-rPT: Cannot change mode to rwxr-xr-x: Operation not permitted
build	Cache Android SDK	2026-06-06T12:22:45.4947929Z /usr/bin/tar: ../../../../../usr/local/lib/android/sdk/platforms/android-35/data/res/values-mcc310-mnc250-ja: Cannot utime: Operation not permitted
build	Cache Android SDK	2026-06-06T12:22:45.4948372Z /usr/bin/tar: ../../../../../usr/local/lib/android/sdk/platforms/android-35/data/res/values-mcc310-mnc250-ja: Cannot change mode to rwxr-xr-x: Operation not permitted
build	Cache Android SDK	2026-06-06T12:22:45.4951138Z /usr/bin/tar: ../../../../../usr/local/lib/android/sdk/platforms/android-35/data/res/values-mcc311-mnc180-en-rGB: Cannot utime: Operation not permitted
build	Cache Android SDK	2026-06-06T12:22:45.4951768Z /usr/bin/tar: ../../../../../usr/local/lib/android/sdk/platforms/android-35/data/res/values-mcc311-mnc180-en-rGB: Cannot change mode to rwxr-xr-x: Operation not permitted
build	Cache Android SDK	2026-06-06T12:22:45.4954072Z /usr/bin/tar: ../../../../../usr/local/lib/android/sdk/platforms/android-35/data/res/values-mcc310-mnc220-tr: Cannot utime: Operation not permitted
build	Cache Android SDK	2026-06-06T12:22:45.4954532Z /usr/bin/tar: ../../../../../usr/local/lib/android/sdk/platforms/android-35/data/res/values-mcc310-mnc220-tr: Cannot change mode to rwxr-xr-x: Operation not permitted
build	Cache Android SDK	2026-06-06T12:22:45.4957068Z /usr/bin/tar: ../../../../../usr/local/lib/android/sdk/platforms/android-35/data/res/values-ms-television: Cannot utime: Operation not permitted
build	Cache Android SDK	2026-06-06T12:22:45.4957732Z /usr/bin/tar: ../../../../../usr/local/lib/android/sdk/platforms/android-35/data/res/values-ms-television: Cannot change mode to rwxr-xr-x: Operation not permitted
build	Cache Android SDK	2026-06-06T12:22:45.4960486Z /usr/bin/tar: ../../../../../usr/local/lib/android/sdk/platforms/android-35/data/res/values-mcc310-mnc380-hr: Cannot utime: Operation not permitted
build	Cache Android SDK	2026-06-06T12:22:45.4960937Z /usr/bin/tar: ../../../../../usr/local/lib/android/sdk/platforms/android-35/data/res/values-mcc310-mnc380-hr: Cannot change mode to rwxr-xr-x: Operation not permitted
build	Cache Android SDK	2026-06-06T12:22:45.4963907Z /usr/bin/tar: ../../../../../usr/local/lib/android/sdk/platforms/android-35/data/res/values-mcc313-mnc100-es: Cannot utime: Operation not permitted
build	Cache Android SDK	2026-06-06T12:22:45.4964345Z /usr/bin/tar: ../../../../../usr/local/lib/android/sdk/platforms/android-35/data/res/values-mcc313-mnc100-es: Cannot change mode to rwxr-xr-x: Operation not permitted
build	Cache Android SDK	2026-06-06T12:22:45.4966959Z /usr/bin/tar: ../../../../../usr/local/lib/android/sdk/platforms/android-35/data/res/values-mcc310-mnc410-uk: Cannot utime: Operation not permitted
build	Cache Android SDK	2026-06-06T12:22:45.4967541Z /usr/bin/tar: ../../../../../usr/local/lib/android/sdk/platforms/android-35/data/res/values-mcc310-mnc410-uk: Cannot change mode to rwxr-xr-x: Operation not permitted
build	Cache Android SDK	2026-06-06T12:22:45.4970084Z /usr/bin/tar: ../../../../../usr/local/lib/android/sdk/platforms/android-35/data/res/values-mcc310-mnc280-fa: Cannot utime: Operation not permitted
build	Cache Android SDK	2026-06-06T12:22:45.4970619Z /usr/bin/tar: ../../../../../usr/local/lib/android/sdk/platforms/android-35/data/res/values-mcc310-mnc280-fa: Cannot change mode to rwxr-xr-x: Operation not permitted
build	Cache Android SDK	2026-06-06T12:22:45.4973219Z /usr/bin/tar: ../../../../../usr/local/lib/android/sdk/platforms/android-35/data/res/values-mcc302-mnc720-bn: Cannot utime: Operation not permitted
build	Cache Android SDK	2026-06-06T12:22:45.4973658Z /usr/bin/tar: ../../../../../usr/local/lib/android/sdk/platforms/android-35/data/res/values-mcc302-mnc720-bn: Cannot change mode to rwxr-xr-x: Operation not permitted
build	Cache Android SDK	2026-06-06T12:22:45.4976354Z /usr/bin/tar: ../../../../../usr/local/lib/android/sdk/platforms/android-35/data/res/values-mcc262-mnc02: Cannot utime: Operation not permitted
build	Cache Android SDK	2026-06-06T12:22:45.4976801Z /usr/bin/tar: ../../../../../usr/local/lib/android/sdk/platforms/android-35/data/res/values-mcc262-mnc02: Cannot change mode to rwxr-xr-x: Operation not permitted
build	Cache Android SDK	2026-06-06T12:22:45.4979148Z /usr/bin/tar: ../../../../../usr/local/lib/android/sdk/platforms/android-35/data/res/values-mcc310-mnc230-cs: Cannot utime: Operation not permitted
build	Cache Android SDK	2026-06-06T12:22:45.4979655Z /usr/bin/tar: ../../../../../usr/local/lib/android/sdk/platforms/android-35/data/res/values-mcc310-mnc230-cs: Cannot change mode to rwxr-xr-x: Operation not permitted
build	Cache Android SDK	2026-06-06T12:22:45.4982189Z /usr/bin/tar: ../../../../../usr/local/lib/android/sdk/platforms/android-35/data/res/values-mcc310-mnc800-zu: Cannot utime: Operation not permitted
build	Cache Android SDK	2026-06-06T12:22:45.4982631Z /usr/bin/tar: ../../../../../usr/local/lib/android/sdk/platforms/android-35/data/res/values-mcc310-mnc800-zu: Cannot change mode to rwxr-xr-x: Operation not permitted
build	Cache Android SDK	2026-06-06T12:22:45.4989697Z /usr/bin/tar: ../../../../../usr/local/lib/android/sdk/platforms/android-35/data/res/values-fr: Cannot utime: Operation not permitted
build	Cache Android SDK	2026-06-06T12:22:45.4990264Z /usr/bin/tar: ../../../../../usr/local/lib/android/sdk/platforms/android-35/data/res/values-fr: Cannot change mode to rwxr-xr-x: Operation not permitted
build	Cache Android SDK	2026-06-06T12:22:45.4992976Z /usr/bin/tar: ../../../../../usr/local/lib/android/sdk/platforms/android-35/data/res/values-mcc310-mnc380-is: Cannot utime: Operation not permitted
build	Cache Android SDK	2026-06-06T12:22:45.4993606Z /usr/bin/tar: ../../../../../usr/local/lib/android/sdk/platforms/android-35/data/res/values-mcc310-mnc380-is: Cannot change mode to rwxr-xr-x: Operation not permitted
build	Cache Android SDK	2026-06-06T12:22:45.4996101Z /usr/bin/tar: ../../../../../usr/local/lib/android/sdk/platforms/android-35/data/res/values-mcc466-mnc06: Cannot utime: Operation not permitted
build	Cache Android SDK	2026-06-06T12:22:45.4996540Z /usr/bin/tar: ../../../../../usr/local/lib/android/sdk/platforms/android-35/data/res/values-mcc466-mnc06: Cannot change mode to rwxr-xr-x: Operation not permitted
build	Cache Android SDK	2026-06-06T12:22:45.4999245Z /usr/bin/tar: ../../../../../usr/local/lib/android/sdk/platforms/android-35/data/res/values-mcc310-mnc490-uz: Cannot utime: Operation not permitted
build	Cache Android SDK	2026-06-06T12:22:45.4999707Z /usr/bin/tar: ../../../../../usr/local/lib/android/sdk/platforms/android-35/data/res/values-mcc310-mnc490-uz: Cannot change mode to rwxr-xr-x: Operation not permitted
build	Cache Android SDK	2026-06-06T12:22:45.5002660Z /usr/bin/tar: ../../../../../usr/local/lib/android/sdk/platforms/android-35/data/res/values-mcc310-mnc270-ja: Cannot utime: Operation not permitted
build	Cache Android SDK	2026-06-06T12:22:45.5003122Z /usr/bin/tar: ../../../../../usr/local/lib/android/sdk/platforms/android-35/data/res/values-mcc310-mnc270-ja: Cannot change mode to rwxr-xr-x: Operation not permitted
build	Cache Android SDK	2026-06-06T12:22:45.5006130Z /usr/bin/tar: ../../../../../usr/local/lib/android/sdk/platforms/android-35/data/res/values-mcc302-mnc720-hi: Cannot utime: Operation not permitted
build	Cache Android SDK	2026-06-06T12:22:45.5006583Z /usr/bin/tar: ../../../../../usr/local/lib/android/sdk/platforms/android-35/data/res/values-mcc302-mnc720-hi: Cannot change mode to rwxr-xr-x: Operation not permitted
build	Cache Android SDK	2026-06-06T12:22:45.5009269Z /usr/bin/tar: ../../../../../usr/local/lib/android/sdk/platforms/android-35/data/res/values-mcc302-mnc720-bg: Cannot utime: Operation not permitted
build	Cache Android SDK	2026-06-06T12:22:45.5009848Z /usr/bin/tar: ../../../../../usr/local/lib/android/sdk/platforms/android-35/data/res/values-mcc302-mnc720-bg: Cannot change mode to rwxr-xr-x: Operation not permitted
build	Cache Android SDK	2026-06-06T12:22:45.5012557Z /usr/bin/tar: ../../../../../usr/local/lib/android/sdk/platforms/android-35/data/res/values-mcc310-mnc380-af: Cannot utime: Operation not permitted
build	Cache Android SDK	2026-06-06T12:22:45.5012999Z /usr/bin/tar: ../../../../../usr/local/lib/android/sdk/platforms/android-35/data/res/values-mcc310-mnc380-af: Cannot change mode to rwxr-xr-x: Operation not permitted
build	Cache Android SDK	2026-06-06T12:22:45.5015458Z /usr/bin/tar: ../../../../../usr/local/lib/android/sdk/platforms/android-35/data/res/values-mcc001-mnc01-fi: Cannot utime: Operation not permitted
build	Cache Android SDK	2026-06-06T12:22:45.5015916Z /usr/bin/tar: ../../../../../usr/local/lib/android/sdk/platforms/android-35/data/res/values-mcc001-mnc01-fi: Cannot change mode to rwxr-xr-x: Operation not permitted
build	Cache Android SDK	2026-06-06T12:22:45.5018646Z /usr/bin/tar: ../../../../../usr/local/lib/android/sdk/platforms/android-35/data/res/values-mcc310-mnc490-mn: Cannot utime: Operation not permitted
build	Cache Android SDK	2026-06-06T12:22:45.5019155Z /usr/bin/tar: ../../../../../usr/local/lib/android/sdk/platforms/android-35/data/res/values-mcc310-mnc490-mn: Cannot change mode to rwxr-xr-x: Operation not permitted
build	Cache Android SDK	2026-06-06T12:22:45.5021600Z /usr/bin/tar: ../../../../../usr/local/lib/android/sdk/platforms/android-35/data/res/values-mcc310-mnc410-fa: Cannot utime: Operation not permitted
build	Cache Android SDK	2026-06-06T12:22:45.5022050Z /usr/bin/tar: ../../../../../usr/local/lib/android/sdk/platforms/android-35/data/res/values-mcc310-mnc410-fa: Cannot change mode to rwxr-xr-x: Operation not permitted
build	Cache Android SDK	2026-06-06T12:22:45.5024687Z /usr/bin/tar: ../../../../../usr/local/lib/android/sdk/platforms/android-35/data/res/values-mcc310-mnc410-iw: Cannot utime: Operation not permitted
build	Cache Android SDK	2026-06-06T12:22:45.5025211Z /usr/bin/tar: ../../../../../usr/local/lib/android/sdk/platforms/android-35/data/res/values-mcc310-mnc410-iw: Cannot change mode to rwxr-xr-x: Operation not permitted
build	Cache Android SDK	2026-06-06T12:22:45.5027983Z /usr/bin/tar: ../../../../../usr/local/lib/android/sdk/platforms/android-35/data/res/values-mcc310-mnc380-zu: Cannot utime: Operation not permitted
build	Cache Android SDK	2026-06-06T12:22:45.5028417Z /usr/bin/tar: ../../../../../usr/local/lib/android/sdk/platforms/android-35/data/res/values-mcc310-mnc380-zu: Cannot change mode to rwxr-xr-x: Operation not permitted
build	Cache Android SDK	2026-06-06T12:22:45.5036944Z /usr/bin/tar: ../../../../../usr/local/lib/android/sdk/platforms/android-35/data/res/values-iw: Cannot utime: Operation not permitted
build	Cache Android SDK	2026-06-06T12:22:45.5037544Z /usr/bin/tar: ../../../../../usr/local/lib/android/sdk/platforms/android-35/data/res/values-iw: Cannot change mode to rwxr-xr-x: Operation not permitted
build	Cache Android SDK	2026-06-06T12:22:45.5040183Z /usr/bin/tar: ../../../../../usr/local/lib/android/sdk/platforms/android-35/data/res/values-mcc310-mnc150-en-rIN: Cannot utime: Operation not permitted
build	Cache Android SDK	2026-06-06T12:22:45.5040692Z /usr/bin/tar: ../../../../../usr/local/lib/android/sdk/platforms/android-35/data/res/values-mcc310-mnc150-en-rIN: Cannot change mode to rwxr-xr-x: Operation not permitted
build	Cache Android SDK	2026-06-06T12:22:45.5043264Z /usr/bin/tar: ../../../../../usr/local/lib/android/sdk/platforms/android-35/data/res/values-mcc311-mnc180-en-rIN: Cannot utime: Operation not permitted
build	Cache Android SDK	2026-06-06T12:22:45.5043739Z /usr/bin/tar: ../../../../../usr/local/lib/android/sdk/platforms/android-35/data/res/values-mcc311-mnc180-en-rIN: Cannot change mode to rwxr-xr-x: Operation not permitted
build	Cache Android SDK	2026-06-06T12:22:45.5046384Z /usr/bin/tar: ../../../../../usr/local/lib/android/sdk/platforms/android-35/data/res/values-mcc310-mnc800-is: Cannot utime: Operation not permitted
build	Cache Android SDK	2026-06-06T12:22:45.5046839Z /usr/bin/tar: ../../../../../usr/local/lib/android/sdk/platforms/android-35/data/res/values-mcc310-mnc800-is: Cannot change mode to rwxr-xr-x: Operation not permitted
build	Cache Android SDK	2026-06-06T12:22:45.5049717Z /usr/bin/tar: ../../../../../usr/local/lib/android/sdk/platforms/android-35/data/res/values-mcc302-mnc370-mr: Cannot utime: Operation not permitted
build	Cache Android SDK	2026-06-06T12:22:45.5050286Z /usr/bin/tar: ../../../../../usr/local/lib/android/sdk/platforms/android-35/data/res/values-mcc302-mnc370-mr: Cannot change mode to rwxr-xr-x: Operation not permitted
build	Cache Android SDK	2026-06-06T12:22:45.5052489Z /usr/bin/tar: ../../../../../usr/local/lib/android/sdk/platforms/android-35/data/res/values-mcc310-mnc800-ta: Cannot utime: Operation not permitted
build	Cache Android SDK	2026-06-06T12:22:45.5052943Z /usr/bin/tar: ../../../../../usr/local/lib/android/sdk/platforms/android-35/data/res/values-mcc310-mnc800-ta: Cannot change mode to rwxr-xr-x: Operation not permitted
build	Cache Android SDK	2026-06-06T12:22:45.5055306Z /usr/bin/tar: ../../../../../usr/local/lib/android/sdk/platforms/android-35/data/res/values-mcc310-mnc380-mn: Cannot utime: Operation not permitted
build	Cache Android SDK	2026-06-06T12:22:45.5055792Z /usr/bin/tar: ../../../../../usr/local/lib/android/sdk/platforms/android-35/data/res/values-mcc310-mnc380-mn: Cannot change mode to rwxr-xr-x: Operation not permitted
build	Cache Android SDK	2026-06-06T12:22:45.5058844Z /usr/bin/tar: ../../../../../usr/local/lib/android/sdk/platforms/android-35/data/res/values-mcc310-mnc560-ta: Cannot utime: Operation not permitted
build	Cache Android SDK	2026-06-06T12:22:45.5059406Z /usr/bin/tar: ../../../../../usr/local/lib/android/sdk/platforms/android-35/data/res/values-mcc310-mnc560-ta: Cannot change mode to rwxr-xr-x: Operation not permitted
build	Cache Android SDK	2026-06-06T12:22:45.5061864Z /usr/bin/tar: ../../../../../usr/local/lib/android/sdk/platforms/android-35/data/res/values-mcc310-mnc160-el: Cannot utime: Operation not permitted
build	Cache Android SDK	2026-06-06T12:22:45.5062350Z /usr/bin/tar: ../../../../../usr/local/lib/android/sdk/platforms/android-35/data/res/values-mcc310-mnc160-el: Cannot change mode to rwxr-xr-x: Operation not permitted
build	Cache Android SDK	2026-06-06T12:22:45.5064939Z /usr/bin/tar: ../../../../../usr/local/lib/android/sdk/platforms/android-35/data/res/values-mcc310-mnc240-en-rAU: Cannot utime: Operation not permitted
build	Cache Android SDK	2026-06-06T12:22:45.5065526Z /usr/bin/tar: ../../../../../usr/local/lib/android/sdk/platforms/android-35/data/res/values-mcc310-mnc240-en-rAU: Cannot change mode to rwxr-xr-x: Operation not permitted
build	Cache Android SDK	2026-06-06T12:22:45.5068106Z /usr/bin/tar: ../../../../../usr/local/lib/android/sdk/platforms/android-35/data/res/values-mcc310-mnc410-zh-rCN: Cannot utime: Operation not permitted
build	Cache Android SDK	2026-06-06T12:22:45.5068598Z /usr/bin/tar: ../../../../../usr/local/lib/android/sdk/platforms/android-35/data/res/values-mcc310-mnc410-zh-rCN: Cannot change mode to rwxr-xr-x: Operation not permitted
build	Cache Android SDK	2026-06-06T12:22:45.5071995Z /usr/bin/tar: ../../../../../usr/local/lib/android/sdk/platforms/android-35/data/res/values-mcc310-mnc250-lt: Cannot utime: Operation not permitted
build	Cache Android SDK	2026-06-06T12:22:45.5072438Z /usr/bin/tar: ../../../../../usr/local/lib/android/sdk/platforms/android-35/data/res/values-mcc310-mnc250-lt: Cannot change mode to rwxr-xr-x: Operation not permitted
build	Cache Android SDK	2026-06-06T12:22:45.5075348Z /usr/bin/tar: ../../../../../usr/local/lib/android/sdk/platforms/android-35/data/res/values-mcc310-mnc410-ta: Cannot utime: Operation not permitted
build	Cache Android SDK	2026-06-06T12:22:45.5075858Z /usr/bin/tar: ../../../../../usr/local/lib/android/sdk/platforms/android-35/data/res/values-mcc310-mnc410-ta: Cannot change mode to rwxr-xr-x: Operation not permitted
build	Cache Android SDK	2026-06-06T12:22:45.5078508Z /usr/bin/tar: ../../../../../usr/local/lib/android/sdk/platforms/android-35/data/res/values-pt-television: Cannot utime: Operation not permitted
build	Cache Android SDK	2026-06-06T12:22:45.5078967Z /usr/bin/tar: ../../../../../usr/local/lib/android/sdk/platforms/android-35/data/res/values-pt-television: Cannot change mode to rwxr-xr-x: Operation not permitted
build	Cache Android SDK	2026-06-06T12:22:45.5082178Z /usr/bin/tar: ../../../../../usr/local/lib/android/sdk/platforms/android-35/data/res/values-mcc310-mnc220-fr: Cannot utime: Operation not permitted
build	Cache Android SDK	2026-06-06T12:22:45.5082628Z /usr/bin/tar: ../../../../../usr/local/lib/android/sdk/platforms/android-35/data/res/values-mcc310-mnc220-fr: Cannot change mode to rwxr-xr-x: Operation not permitted
build	Cache Android SDK	2026-06-06T12:22:45.5085391Z /usr/bin/tar: ../../../../../usr/local/lib/android/sdk/platforms/android-35/data/res/values-mcc302-mnc370-mk: Cannot utime: Operation not permitted
build	Cache Android SDK	2026-06-06T12:22:45.5085965Z /usr/bin/tar: ../../../../../usr/local/lib/android/sdk/platforms/android-35/data/res/values-mcc302-mnc370-mk: Cannot change mode to rwxr-xr-x: Operation not permitted
build	Cache Android SDK	2026-06-06T12:22:45.5088448Z /usr/bin/tar: ../../../../../usr/local/lib/android/sdk/platforms/android-35/data/res/values-mcc310-mnc410-ne: Cannot utime: Operation not permitted
build	Cache Android SDK	2026-06-06T12:22:45.5088934Z /usr/bin/tar: ../../../../../usr/local/lib/android/sdk/platforms/android-35/data/res/values-mcc310-mnc410-ne: Cannot change mode to rwxr-xr-x: Operation not permitted
build	Cache Android SDK	2026-06-06T12:22:45.5091862Z /usr/bin/tar: ../../../../../usr/local/lib/android/sdk/platforms/android-35/data/res/values-mcc310-mnc200-pa: Cannot utime: Operation not permitted
build	Cache Android SDK	2026-06-06T12:22:45.5092314Z /usr/bin/tar: ../../../../../usr/local/lib/android/sdk/platforms/android-35/data/res/values-mcc310-mnc200-pa: Cannot change mode to rwxr-xr-x: Operation not permitted
build	Cache Android SDK	2026-06-06T12:22:45.5095168Z /usr/bin/tar: ../../../../../usr/local/lib/android/sdk/platforms/android-35/data/res/values-mcc302-mnc370-ms: Cannot utime: Operation not permitted
build	Cache Android SDK	2026-06-06T12:22:45.5095728Z /usr/bin/tar: ../../../../../usr/local/lib/android/sdk/platforms/android-35/data/res/values-mcc302-mnc370-ms: Cannot change mode to rwxr-xr-x: Operation not permitted
build	Cache Android SDK	2026-06-06T12:22:45.5098762Z /usr/bin/tar: ../../../../../usr/local/lib/android/sdk/platforms/android-35/data/res/values-mcc310-mnc220-ro: Cannot utime: Operation not permitted
build	Cache Android SDK	2026-06-06T12:22:45.5099228Z /usr/bin/tar: ../../../../../usr/local/lib/android/sdk/platforms/android-35/data/res/values-mcc310-mnc220-ro: Cannot change mode to rwxr-xr-x: Operation not permitted
build	Cache Android SDK	2026-06-06T12:22:45.5102423Z /usr/bin/tar: ../../../../../usr/local/lib/android/sdk/platforms/android-35/data/res/values-mcc310-mnc280-ms: Cannot utime: Operation not permitted
build	Cache Android SDK	2026-06-06T12:22:45.5102976Z /usr/bin/tar: ../../../../../usr/local/lib/android/sdk/platforms/android-35/data/res/values-mcc310-mnc280-ms: Cannot change mode to rwxr-xr-x: Operation not permitted
build	Cache Android SDK	2026-06-06T12:22:45.5105809Z /usr/bin/tar: ../../../../../usr/local/lib/android/sdk/platforms/android-35/data/res/values-mcc310-mnc170-hr: Cannot utime: Operation not permitted
build	Cache Android SDK	2026-06-06T12:22:45.5106256Z /usr/bin/tar: ../../../../../usr/local/lib/android/sdk/platforms/android-35/data/res/values-mcc310-mnc170-hr: Cannot change mode to rwxr-xr-x: Operation not permitted
build	Cache Android SDK	2026-06-06T12:22:45.5111034Z /usr/bin/tar: ../../../../../usr/local/lib/android/sdk/platforms/android-35/data/res/values-mcc310-mnc030-nb: Cannot utime: Operation not permitted
build	Cache Android SDK	2026-06-06T12:22:45.5111670Z /usr/bin/tar: ../../../../../usr/local/lib/android/sdk/platforms/android-35/data/res/values-mcc310-mnc030-nb: Cannot change mode to rwxr-xr-x: Operation not permitted
build	Cache Android SDK	2026-06-06T12:22:45.5112241Z /usr/bin/tar: ../../../../../usr/local/lib/android/sdk/platforms/android-35/data/res/values-mcc302-mnc780: Cannot utime: Operation not permitted
build	Cache Android SDK	2026-06-06T12:22:45.5112708Z /usr/bin/tar: ../../../../../usr/local/lib/android/sdk/platforms/android-35/data/res/values-mcc302-mnc780: Cannot change mode to rwxr-xr-x: Operation not permitted
build	Cache Android SDK	2026-06-06T12:22:45.5115468Z /usr/bin/tar: ../../../../../usr/local/lib/android/sdk/platforms/android-35/data/res/values-mcc310-mnc560-fr-rCA: Cannot utime: Operation not permitted
build	Cache Android SDK	2026-06-06T12:22:45.5115960Z /usr/bin/tar: ../../../../../usr/local/lib/android/sdk/platforms/android-35/data/res/values-mcc310-mnc560-fr-rCA: Cannot change mode to rwxr-xr-x: Operation not permitted
build	Cache Android SDK	2026-06-06T12:22:45.5118821Z /usr/bin/tar: ../../../../../usr/local/lib/android/sdk/platforms/android-35/data/res/values-mcc310-mnc560-ms: Cannot utime: Operation not permitted
build	Cache Android SDK	2026-06-06T12:22:45.5119280Z /usr/bin/tar: ../../../../../usr/local/lib/android/sdk/platforms/android-35/data/res/values-mcc310-mnc560-ms: Cannot change mode to rwxr-xr-x: Operation not permitted
build	Cache Android SDK	2026-06-06T12:22:45.5121460Z /usr/bin/tar: ../../../../../usr/local/lib/android/sdk/platforms/android-35/data/res/values-mcc311-mnc180-en-rCA: Cannot utime: Operation not permitted
build	Cache Android SDK	2026-06-06T12:22:45.5122053Z /usr/bin/tar: ../../../../../usr/local/lib/android/sdk/platforms/android-35/data/res/values-mcc311-mnc180-en-rCA: Cannot change mode to rwxr-xr-x: Operation not permitted
build	Cache Android SDK	2026-06-06T12:22:45.5126975Z /usr/bin/tar: ../../../../../usr/local/lib/android/sdk/platforms/android-35/data/res/values-hu-television: Cannot utime: Operation not permitted
build	Cache Android SDK	2026-06-06T12:22:45.5127604Z /usr/bin/tar: ../../../../../usr/local/lib/android/sdk/platforms/android-35/data/res/values-hu-television: Cannot change mode to rwxr-xr-x: Operation not permitted
build	Cache Android SDK	2026-06-06T12:22:45.5129725Z /usr/bin/tar: ../../../../../usr/local/lib/android/sdk/platforms/android-35/data/res/values-mcc310-mnc410-ur: Cannot utime: Operation not permitted
build	Cache Android SDK	2026-06-06T12:22:45.5130169Z /usr/bin/tar: ../../../../../usr/local/lib/android/sdk/platforms/android-35/data/res/values-mcc310-mnc410-ur: Cannot change mode to rwxr-xr-x: Operation not permitted
build	Cache Android SDK	2026-06-06T12:22:45.5132703Z /usr/bin/tar: ../../../../../usr/local/lib/android/sdk/platforms/android-35/data/res/values-mcc310-mnc560-si: Cannot utime: Operation not permitted
build	Cache Android SDK	2026-06-06T12:22:45.5133248Z /usr/bin/tar: ../../../../../usr/local/lib/android/sdk/platforms/android-35/data/res/values-mcc310-mnc560-si: Cannot change mode to rwxr-xr-x: Operation not permitted
build	Cache Android SDK	2026-06-06T12:22:45.5135907Z /usr/bin/tar: ../../../../../usr/local/lib/android/sdk/platforms/android-35/data/res/values-mcc001-mnc01-ml: Cannot utime: Operation not permitted
build	Cache Android SDK	2026-06-06T12:22:45.5136363Z /usr/bin/tar: ../../../../../usr/local/lib/android/sdk/platforms/android-35/data/res/values-mcc001-mnc01-ml: Cannot change mode to rwxr-xr-x: Operation not permitted
build	Cache Android SDK	2026-06-06T12:22:45.5139967Z /usr/bin/tar: ../../../../../usr/local/lib/android/sdk/platforms/android-35/data/res/values-mcc310-mnc950-lv: Cannot utime: Operation not permitted
build	Cache Android SDK	2026-06-06T12:22:45.5140527Z /usr/bin/tar: ../../../../../usr/local/lib/android/sdk/platforms/android-35/data/res/values-mcc310-mnc950-lv: Cannot change mode to rwxr-xr-x: Operation not permitted
build	Cache Android SDK	2026-06-06T12:22:45.5142622Z /usr/bin/tar: ../../../../../usr/local/lib/android/sdk/platforms/android-35/data/res/values-mcc310-mnc170-be: Cannot utime: Operation not permitted
build	Cache Android SDK	2026-06-06T12:22:45.5143075Z /usr/bin/tar: ../../../../../usr/local/lib/android/sdk/platforms/android-35/data/res/values-mcc310-mnc170-be: Cannot change mode to rwxr-xr-x: Operation not permitted
build	Cache Android SDK	2026-06-06T12:22:45.5145550Z /usr/bin/tar: ../../../../../usr/local/lib/android/sdk/platforms/android-35/data/res/values-mcc313-mnc100-hr: Cannot utime: Operation not permitted
build	Cache Android SDK	2026-06-06T12:22:45.5146039Z /usr/bin/tar: ../../../../../usr/local/lib/android/sdk/platforms/android-35/data/res/values-mcc313-mnc100-hr: Cannot change mode to rwxr-xr-x: Operation not permitted
build	Cache Android SDK	2026-06-06T12:22:45.5148587Z /usr/bin/tar: ../../../../../usr/local/lib/android/sdk/platforms/android-35/data/res/values-mcc310-mnc380-lv: Cannot utime: Operation not permitted
build	Cache Android SDK	2026-06-06T12:22:45.5149051Z /usr/bin/tar: ../../../../../usr/local/lib/android/sdk/platforms/android-35/data/res/values-mcc310-mnc380-lv: Cannot change mode to rwxr-xr-x: Operation not permitted
build	Cache Android SDK	2026-06-06T12:22:45.5151661Z /usr/bin/tar: ../../../../../usr/local/lib/android/sdk/platforms/android-35/data/res/values-mcc310-mnc030-hi: Cannot utime: Operation not permitted
build	Cache Android SDK	2026-06-06T12:22:45.5152109Z /usr/bin/tar: ../../../../../usr/local/lib/android/sdk/platforms/android-35/data/res/values-mcc310-mnc030-hi: Cannot change mode to rwxr-xr-x: Operation not permitted
build	Cache Android SDK	2026-06-06T12:22:45.5155242Z /usr/bin/tar: ../../../../../usr/local/lib/android/sdk/platforms/android-35/data/res/values-mcc310-mnc560-lv: Cannot utime: Operation not permitted
build	Cache Android SDK	2026-06-06T12:22:45.5155694Z /usr/bin/tar: ../../../../../usr/local/lib/android/sdk/platforms/android-35/data/res/values-mcc310-mnc560-lv: Cannot change mode to rwxr-xr-x: Operation not permitted
build	Cache Android SDK	2026-06-06T12:22:45.5158230Z /usr/bin/tar: ../../../../../usr/local/lib/android/sdk/platforms/android-35/data/res/values-mcc311-mnc180-zh-rTW: Cannot utime: Operation not permitted
build	Cache Android SDK	2026-06-06T12:22:45.5158820Z /usr/bin/tar: ../../../../../usr/local/lib/android/sdk/platforms/android-35/data/res/values-mcc311-mnc180-zh-rTW: Cannot change mode to rwxr-xr-x: Operation not permitted
build	Cache Android SDK	2026-06-06T12:22:45.5161184Z /usr/bin/tar: ../../../../../usr/local/lib/android/sdk/platforms/android-35/data/res/values-mcc310-mnc380-az: Cannot utime: Operation not permitted
build	Cache Android SDK	2026-06-06T12:22:45.5161630Z /usr/bin/tar: ../../../../../usr/local/lib/android/sdk/platforms/android-35/data/res/values-mcc310-mnc380-az: Cannot change mode to rwxr-xr-x: Operation not permitted
build	Cache Android SDK	2026-06-06T12:22:45.5164497Z /usr/bin/tar: ../../../../../usr/local/lib/android/sdk/platforms/android-35/data/res/values-mcc310-mnc030-b+sr+Latn: Cannot utime: Operation not permitted
build	Cache Android SDK	2026-06-06T12:22:45.5164986Z /usr/bin/tar: ../../../../../usr/local/lib/android/sdk/platforms/android-35/data/res/values-mcc310-mnc030-b+sr+Latn: Cannot change mode to rwxr-xr-x: Operation not permitted
build	Cache Android SDK	2026-06-06T12:22:45.5167872Z /usr/bin/tar: ../../../../../usr/local/lib/android/sdk/platforms/android-35/data/res/values-mcc310-mnc200-mn: Cannot utime: Operation not permitted
build	Cache Android SDK	2026-06-06T12:22:45.5168428Z /usr/bin/tar: ../../../../../usr/local/lib/android/sdk/platforms/android-35/data/res/values-mcc310-mnc200-mn: Cannot change mode to rwxr-xr-x: Operation not permitted
build	Cache Android SDK	2026-06-06T12:22:45.5171269Z /usr/bin/tar: ../../../../../usr/local/lib/android/sdk/platforms/android-35/data/res/values-mcc310-mnc230-fa: Cannot utime: Operation not permitted
build	Cache Android SDK	2026-06-06T12:22:45.5171718Z /usr/bin/tar: ../../../../../usr/local/lib/android/sdk/platforms/android-35/data/res/values-mcc310-mnc230-fa: Cannot change mode to rwxr-xr-x: Operation not permitted
build	Cache Android SDK	2026-06-06T12:22:45.5174419Z /usr/bin/tar: ../../../../../usr/local/lib/android/sdk/platforms/android-35/data/res/values-mcc311-mnc180-lo: Cannot utime: Operation not permitted
build	Cache Android SDK	2026-06-06T12:22:45.5174967Z /usr/bin/tar: ../../../../../usr/local/lib/android/sdk/platforms/android-35/data/res/values-mcc311-mnc180-lo: Cannot change mode to rwxr-xr-x: Operation not permitted
build	Cache Android SDK	2026-06-06T12:22:45.5177804Z /usr/bin/tar: ../../../../../usr/local/lib/android/sdk/platforms/android-35/data/res/values-in-watch: Cannot utime: Operation not permitted
build	Cache Android SDK	2026-06-06T12:22:45.5178244Z /usr/bin/tar: ../../../../../usr/local/lib/android/sdk/platforms/android-35/data/res/values-in-watch: Cannot change mode to rwxr-xr-x: Operation not permitted
build	Cache Android SDK	2026-06-06T12:22:45.5180809Z /usr/bin/tar: ../../../../../usr/local/lib/android/sdk/platforms/android-35/data/res/values-mcc001-mnc01-en-rXC: Cannot utime: Operation not permitted
build	Cache Android SDK	2026-06-06T12:22:45.5181278Z /usr/bin/tar: ../../../../../usr/local/lib/android/sdk/platforms/android-35/data/res/values-mcc001-mnc01-en-rXC: Cannot change mode to rwxr-xr-x: Operation not permitted
build	Cache Android SDK	2026-06-06T12:22:45.5184393Z /usr/bin/tar: ../../../../../usr/local/lib/android/sdk/platforms/android-35/data/res/values-mcc310-mnc270-sl: Cannot utime: Operation not permitted
build	Cache Android SDK	2026-06-06T12:22:45.5184850Z /usr/bin/tar: ../../../../../usr/local/lib/android/sdk/platforms/android-35/data/res/values-mcc310-mnc270-sl: Cannot change mode to rwxr-xr-x: Operation not permitted
build	Cache Android SDK	2026-06-06T12:22:45.5187664Z /usr/bin/tar: ../../../../../usr/local/lib/android/sdk/platforms/android-35/data/res/values-mcc312-mnc670-af: Cannot utime: Operation not permitted
build	Cache Android SDK	2026-06-06T12:22:45.5188167Z /usr/bin/tar: ../../../../../usr/local/lib/android/sdk/platforms/android-35/data/res/values-mcc312-mnc670-af: Cannot change mode to rwxr-xr-x: Operation not permitted
build	Cache Android SDK	2026-06-06T12:22:45.5190388Z /usr/bin/tar: ../../../../../usr/local/lib/android/sdk/platforms/android-35/data/res/values-mcc310-mnc950-bn: Cannot utime: Operation not permitted
build	Cache Android SDK	2026-06-06T12:22:45.5190877Z /usr/bin/tar: ../../../../../usr/local/lib/android/sdk/platforms/android-35/data/res/values-mcc310-mnc950-bn: Cannot change mode to rwxr-xr-x: Operation not permitted
build	Cache Android SDK	2026-06-06T12:22:45.5193138Z /usr/bin/tar: ../../../../../usr/local/lib/android/sdk/platforms/android-35/data/res/values-mcc310-mnc580: Cannot utime: Operation not permitted
build	Cache Android SDK	2026-06-06T12:22:45.5193718Z /usr/bin/tar: ../../../../../usr/local/lib/android/sdk/platforms/android-35/data/res/values-mcc310-mnc580: Cannot change mode to rwxr-xr-x: Operation not permitted
build	Cache Android SDK	2026-06-06T12:22:45.5196230Z /usr/bin/tar: ../../../../../usr/local/lib/android/sdk/platforms/android-35/data/res/values-mcc310-mnc200-es-rUS: Cannot utime: Operation not permitted
build	Cache Android SDK	2026-06-06T12:22:45.5196697Z /usr/bin/tar: ../../../../../usr/local/lib/android/sdk/platforms/android-35/data/res/values-mcc310-mnc200-es-rUS: Cannot change mode to rwxr-xr-x: Operation not permitted
build	Cache Android SDK	2026-06-06T12:22:45.5199375Z /usr/bin/tar: ../../../../../usr/local/lib/android/sdk/platforms/android-35/data/res/values-mcc310-mnc800-ms: Cannot utime: Operation not permitted
build	Cache Android SDK	2026-06-06T12:22:45.5199833Z /usr/bin/tar: ../../../../../usr/local/lib/android/sdk/platforms/android-35/data/res/values-mcc310-mnc800-ms: Cannot change mode to rwxr-xr-x: Operation not permitted
build	Cache Android SDK	2026-06-06T12:22:45.5202198Z /usr/bin/tar: ../../../../../usr/local/lib/android/sdk/platforms/android-35/data/res/values-mcc310-mnc200-bs: Cannot utime: Operation not permitted
build	Cache Android SDK	2026-06-06T12:22:45.5202730Z /usr/bin/tar: ../../../../../usr/local/lib/android/sdk/platforms/android-35/data/res/values-mcc310-mnc200-bs: Cannot change mode to rwxr-xr-x: Operation not permitted
build	Cache Android SDK	2026-06-06T12:22:45.5205362Z /usr/bin/tar: ../../../../../usr/local/lib/android/sdk/platforms/android-35/data/res/values-mcc310-mnc280-uz: Cannot utime: Operation not permitted
build	Cache Android SDK	2026-06-06T12:22:45.5206296Z /usr/bin/tar: ../../../../../usr/local/lib/android/sdk/platforms/android-35/data/res/values-mcc310-mnc280-uz: Cannot change mode to rwxr-xr-x: Operation not permitted
build	Cache Android SDK	2026-06-06T12:22:45.5209652Z /usr/bin/tar: ../../../../../usr/local/lib/android/sdk/platforms/android-35/data/res/values-mcc310-mnc230-hr: Cannot utime: Operation not permitted
build	Cache Android SDK	2026-06-06T12:22:45.5210375Z /usr/bin/tar: ../../../../../usr/local/lib/android/sdk/platforms/android-35/data/res/values-mcc310-mnc230-hr: Cannot change mode to rwxr-xr-x: Operation not permitted
build	Cache Android SDK	2026-06-06T12:22:45.5212764Z /usr/bin/tar: ../../../../../usr/local/lib/android/sdk/platforms/android-35/data/res/values-mcc310-mnc240-it: Cannot utime: Operation not permitted
build	Cache Android SDK	2026-06-06T12:22:45.5213253Z /usr/bin/tar: ../../../../../usr/local/lib/android/sdk/platforms/android-35/data/res/values-mcc310-mnc240-it: Cannot change mode to rwxr-xr-x: Operation not permitted
build	Cache Android SDK	2026-06-06T12:22:45.5215671Z /usr/bin/tar: ../../../../../usr/local/lib/android/sdk/platforms/android-35/data/res/values-mcc440: Cannot utime: Operation not permitted
build	Cache Android SDK	2026-06-06T12:22:45.5216093Z /usr/bin/tar: ../../../../../usr/local/lib/android/sdk/platforms/android-35/data/res/values-mcc440: Cannot change mode to rwxr-xr-x: Operation not permitted
build	Cache Android SDK	2026-06-06T12:22:45.5218769Z /usr/bin/tar: ../../../../../usr/local/lib/android/sdk/platforms/android-35/data/res/values-mcc310-mnc310-es: Cannot utime: Operation not permitted
build	Cache Android SDK	2026-06-06T12:22:45.5219247Z /usr/bin/tar: ../../../../../usr/local/lib/android/sdk/platforms/android-35/data/res/values-mcc310-mnc310-es: Cannot change mode to rwxr-xr-x: Operation not permitted
build	Cache Android SDK	2026-06-06T12:22:45.5221837Z /usr/bin/tar: ../../../../../usr/local/lib/android/sdk/platforms/android-35/data/res/values-mcc310-mnc560-cs: Cannot utime: Operation not permitted
build	Cache Android SDK	2026-06-06T12:22:45.5222299Z /usr/bin/tar: ../../../../../usr/local/lib/android/sdk/platforms/android-35/data/res/values-mcc310-mnc560-cs: Cannot change mode to rwxr-xr-x: Operation not permitted
build	Cache Android SDK	2026-06-06T12:22:45.5225165Z /usr/bin/tar: ../../../../../usr/local/lib/android/sdk/platforms/android-35/data/res/values-mcc310-mnc160-ky: Cannot utime: Operation not permitted
build	Cache Android SDK	2026-06-06T12:22:45.5225616Z /usr/bin/tar: ../../../../../usr/local/lib/android/sdk/platforms/android-35/data/res/values-mcc310-mnc160-ky: Cannot change mode to rwxr-xr-x: Operation not permitted
build	Cache Android SDK	2026-06-06T12:22:45.5229166Z /usr/bin/tar: ../../../../../usr/local/lib/android/sdk/platforms/android-35/data/res/values-mcc310-mnc270-mk: Cannot utime: Operation not permitted
build	Cache Android SDK	2026-06-06T12:22:45.5229757Z /usr/bin/tar: ../../../../../usr/local/lib/android/sdk/platforms/android-35/data/res/values-mcc310-mnc270-mk: Cannot change mode to rwxr-xr-x: Operation not permitted
build	Cache Android SDK	2026-06-06T12:22:45.5232648Z /usr/bin/tar: ../../../../../usr/local/lib/android/sdk/platforms/android-35/data/res/values-et-watch: Cannot utime: Operation not permitted
build	Cache Android SDK	2026-06-06T12:22:45.5233098Z /usr/bin/tar: ../../../../../usr/local/lib/android/sdk/platforms/android-35/data/res/values-et-watch: Cannot change mode to rwxr-xr-x: Operation not permitted
build	Cache Android SDK	2026-06-06T12:22:45.5235844Z /usr/bin/tar: ../../../../../usr/local/lib/android/sdk/platforms/android-35/data/res/values-mcc310-mnc800-da: Cannot utime: Operation not permitted
build	Cache Android SDK	2026-06-06T12:22:45.5236292Z /usr/bin/tar: ../../../../../usr/local/lib/android/sdk/platforms/android-35/data/res/values-mcc310-mnc800-da: Cannot change mode to rwxr-xr-x: Operation not permitted
build	Cache Android SDK	2026-06-06T12:22:45.5238862Z /usr/bin/tar: ../../../../../usr/local/lib/android/sdk/platforms/android-35/data/res/values-mcc310-mnc310-sq: Cannot utime: Operation not permitted
build	Cache Android SDK	2026-06-06T12:22:45.5239599Z /usr/bin/tar: ../../../../../usr/local/lib/android/sdk/platforms/android-35/data/res/values-mcc310-mnc310-sq: Cannot change mode to rwxr-xr-x: Operation not permitted
build	Cache Android SDK	2026-06-06T12:22:45.5241912Z /usr/bin/tar: ../../../../../usr/local/lib/android/sdk/platforms/android-35/data/res/values-mcc310-mnc310-my: Cannot utime: Operation not permitted
build	Cache Android SDK	2026-06-06T12:22:45.5243429Z /usr/bin/tar: ../../../../../usr/local/lib/android/sdk/platforms/android-35/data/res/values-mcc310-mnc310-my: Cannot change mode to rwxr-xr-x: Operation not permitted
build	Cache Android SDK	2026-06-06T12:22:45.5245791Z /usr/bin/tar: ../../../../../usr/local/lib/android/sdk/platforms/android-35/data/res/values-mcc311-mnc180-be: Cannot utime: Operation not permitted
build	Cache Android SDK	2026-06-06T12:22:45.5247329Z /usr/bin/tar: ../../../../../usr/local/lib/android/sdk/platforms/android-35/data/res/values-mcc311-mnc180-be: Cannot change mode to rwxr-xr-x: Operation not permitted
build	Cache Android SDK	2026-06-06T12:22:45.5249736Z /usr/bin/tar: ../../../../../usr/local/lib/android/sdk/platforms/android-35/data/res/values-fr-neuter: Cannot utime: Operation not permitted
build	Cache Android SDK	2026-06-06T12:22:45.5251137Z /usr/bin/tar: ../../../../../usr/local/lib/android/sdk/platforms/android-35/data/res/values-fr-neuter: Cannot change mode to rwxr-xr-x: Operation not permitted
build	Cache Android SDK	2026-06-06T12:22:45.5253404Z /usr/bin/tar: ../../../../../usr/local/lib/android/sdk/platforms/android-35/data/res/values-mcc310-mnc490-zu: Cannot utime: Operation not permitted
build	Cache Android SDK	2026-06-06T12:22:45.5254387Z /usr/bin/tar: ../../../../../usr/local/lib/android/sdk/platforms/android-35/data/res/values-mcc310-mnc490-zu: Cannot change mode to rwxr-xr-x: Operation not permitted
build	Cache Android SDK	2026-06-06T12:22:45.5256609Z /usr/bin/tar: ../../../../../usr/local/lib/android/sdk/platforms/android-35/data/res/values-mcc310-mnc410-am: Cannot utime: Operation not permitted
build	Cache Android SDK	2026-06-06T12:22:45.5257694Z /usr/bin/tar: ../../../../../usr/local/lib/android/sdk/platforms/android-35/data/res/values-mcc310-mnc410-am: Cannot change mode to rwxr-xr-x: Operation not permitted
build	Cache Android SDK	2026-06-06T12:22:45.5259847Z /usr/bin/tar: ../../../../../usr/local/lib/android/sdk/platforms/android-35/data/res/values-mcc310-mnc950-hr: Cannot utime: Operation not permitted
build	Cache Android SDK	2026-06-06T12:22:45.5260914Z /usr/bin/tar: ../../../../../usr/local/lib/android/sdk/platforms/android-35/data/res/values-mcc310-mnc950-hr: Cannot change mode to rwxr-xr-x: Operation not permitted
build	Cache Android SDK	2026-06-06T12:22:45.5262591Z /usr/bin/tar: ../../../../../usr/local/lib/android/sdk/platforms/android-35/data/res/values-mcc716-mnc10: Cannot utime: Operation not permitted
build	Cache Android SDK	2026-06-06T12:22:45.5263523Z /usr/bin/tar: ../../../../../usr/local/lib/android/sdk/platforms/android-35/data/res/values-mcc716-mnc10: Cannot change mode to rwxr-xr-x: Operation not permitted
build	Cache Android SDK	2026-06-06T12:22:45.5266704Z /usr/bin/tar: ../../../../../usr/local/lib/android/sdk/platforms/android-35/data/res/values-mcc310-mnc280-hr: Cannot utime: Operation not permitted
build	Cache Android SDK	2026-06-06T12:22:45.5268380Z /usr/bin/tar: ../../../../../usr/local/lib/android/sdk/platforms/android-35/data/res/values-mcc310-mnc280-hr: Cannot change mode to rwxr-xr-x: Operation not permitted
build	Cache Android SDK	2026-06-06T12:22:45.5269828Z /usr/bin/tar: ../../../../../usr/local/lib/android/sdk/platforms/android-35/data/res/values-mcc310-mnc490-zh-rCN: Cannot utime: Operation not permitted
build	Cache Android SDK	2026-06-06T12:22:45.5271267Z /usr/bin/tar: ../../../../../usr/local/lib/android/sdk/platforms/android-35/data/res/values-mcc310-mnc490-zh-rCN: Cannot change mode to rwxr-xr-x: Operation not permitted
build	Cache Android SDK	2026-06-06T12:22:45.5273999Z /usr/bin/tar: ../../../../../usr/local/lib/android/sdk/platforms/android-35/data/res/values-mcc001-mnc01-hi: Cannot utime: Operation not permitted
build	Cache Android SDK	2026-06-06T12:22:45.5275649Z /usr/bin/tar: ../../../../../usr/local/lib/android/sdk/platforms/android-35/data/res/values-mcc001-mnc01-hi: Cannot change mode to rwxr-xr-x: Operation not permitted
build	Cache Android SDK	2026-06-06T12:22:45.5277760Z /usr/bin/tar: ../../../../../usr/local/lib/android/sdk/platforms/android-35/data/res/values-mcc310-mnc220-ne: Cannot utime: Operation not permitted
build	Cache Android SDK	2026-06-06T12:22:45.5279670Z /usr/bin/tar: ../../../../../usr/local/lib/android/sdk/platforms/android-35/data/res/values-mcc310-mnc220-ne: Cannot change mode to rwxr-xr-x: Operation not permitted
build	Cache Android SDK	2026-06-06T12:22:45.5281183Z /usr/bin/tar: ../../../../../usr/local/lib/android/sdk/platforms/android-35/data/res/values-de-rAT: Cannot utime: Operation not permitted
build	Cache Android SDK	2026-06-06T12:22:45.5282839Z /usr/bin/tar: ../../../../../usr/local/lib/android/sdk/platforms/android-35/data/res/values-de-rAT: Cannot change mode to rwxr-xr-x: Operation not permitted
build	Cache Android SDK	2026-06-06T12:22:45.5284425Z /usr/bin/tar: ../../../../../usr/local/lib/android/sdk/platforms/android-35/data/res/values-mcc310-mnc030-es: Cannot utime: Operation not permitted
build	Cache Android SDK	2026-06-06T12:22:45.5286387Z /usr/bin/tar: ../../../../../usr/local/lib/android/sdk/platforms/android-35/data/res/values-mcc310-mnc030-es: Cannot change mode to rwxr-xr-x: Operation not permitted
build	Cache Android SDK	2026-06-06T12:22:45.5289545Z /usr/bin/tar: ../../../../../usr/local/lib/android/sdk/platforms/android-35/data/res/values-mcc001-mnc01-es: Cannot utime: Operation not permitted
build	Cache Android SDK	2026-06-06T12:22:45.5291238Z /usr/bin/tar: ../../../../../usr/local/lib/android/sdk/platforms/android-35/data/res/values-mcc001-mnc01-es: Cannot change mode to rwxr-xr-x: Operation not permitted
build	Cache Android SDK	2026-06-06T12:22:45.5297026Z /usr/bin/tar: ../../../../../usr/local/lib/android/sdk/platforms/android-35/data/res/values-mcc310-mnc270-el: Cannot utime: Operation not permitted
build	Cache Android SDK	2026-06-06T12:22:45.5298532Z /usr/bin/tar: ../../../../../usr/local/lib/android/sdk/platforms/android-35/data/res/values-mcc310-mnc270-el: Cannot change mode to rwxr-xr-x: Operation not permitted
build	Cache Android SDK	2026-06-06T12:22:45.5300692Z /usr/bin/tar: ../../../../../usr/local/lib/android/sdk/platforms/android-35/data/res/values-mcc310-mnc410-en-rIN: Cannot utime: Operation not permitted
build	Cache Android SDK	2026-06-06T12:22:45.5301973Z /usr/bin/tar: ../../../../../usr/local/lib/android/sdk/platforms/android-35/data/res/values-mcc310-mnc410-en-rIN: Cannot change mode to rwxr-xr-x: Operation not permitted
build	Cache Android SDK	2026-06-06T12:22:45.5303785Z /usr/bin/tar: ../../../../../usr/local/lib/android/sdk/platforms/android-35/data/res/values-mcc311-mnc180-tl: Cannot utime: Operation not permitted
build	Cache Android SDK	2026-06-06T12:22:45.5304755Z /usr/bin/tar: ../../../../../usr/local/lib/android/sdk/platforms/android-35/data/res/values-mcc311-mnc180-tl: Cannot change mode to rwxr-xr-x: Operation not permitted
build	Cache Android SDK	2026-06-06T12:22:45.5306994Z /usr/bin/tar: ../../../../../usr/local/lib/android/sdk/platforms/android-35/data/res/values-mcc310-mnc210-en-rIN: Cannot utime: Operation not permitted
build	Cache Android SDK	2026-06-06T12:22:45.5308289Z /usr/bin/tar: ../../../../../usr/local/lib/android/sdk/platforms/android-35/data/res/values-mcc310-mnc210-en-rIN: Cannot change mode to rwxr-xr-x: Operation not permitted
build	Cache Android SDK	2026-06-06T12:22:45.5310368Z /usr/bin/tar: ../../../../../usr/local/lib/android/sdk/platforms/android-35/data/res/values-mcc312-mnc670-kn: Cannot utime: Operation not permitted
build	Cache Android SDK	2026-06-06T12:22:45.5311599Z /usr/bin/tar: ../../../../../usr/local/lib/android/sdk/platforms/android-35/data/res/values-mcc312-mnc670-kn: Cannot change mode to rwxr-xr-x: Operation not permitted
build	Cache Android SDK	2026-06-06T12:22:45.5313748Z /usr/bin/tar: ../../../../../usr/local/lib/android/sdk/platforms/android-35/data/res/values-ro-television: Cannot utime: Operation not permitted
build	Cache Android SDK	2026-06-06T12:22:45.5314660Z /usr/bin/tar: ../../../../../usr/local/lib/android/sdk/platforms/android-35/data/res/values-ro-television: Cannot change mode to rwxr-xr-x: Operation not permitted
build	Cache Android SDK	2026-06-06T12:22:45.5317160Z /usr/bin/tar: ../../../../../usr/local/lib/android/sdk/platforms/android-35/data/res/values-mcc310-mnc210-pt-rPT: Cannot utime: Operation not permitted
build	Cache Android SDK	2026-06-06T12:22:45.5318374Z /usr/bin/tar: ../../../../../usr/local/lib/android/sdk/platforms/android-35/data/res/values-mcc310-mnc210-pt-rPT: Cannot change mode to rwxr-xr-x: Operation not permitted
build	Cache Android SDK	2026-06-06T12:22:45.5321463Z /usr/bin/tar: ../../../../../usr/local/lib/android/sdk/platforms/android-35/data/res/values-vi-rVN: Cannot utime: Operation not permitted
build	Cache Android SDK	2026-06-06T12:22:45.5322591Z /usr/bin/tar: ../../../../../usr/local/lib/android/sdk/platforms/android-35/data/res/values-vi-rVN: Cannot change mode to rwxr-xr-x: Operation not permitted
build	Cache Android SDK	2026-06-06T12:22:45.5325220Z /usr/bin/tar: ../../../../../usr/local/lib/android/sdk/platforms/android-35/data/res/values-mcc302-mnc720-el: Cannot utime: Operation not permitted
build	Cache Android SDK	2026-06-06T12:22:45.5326281Z /usr/bin/tar: ../../../../../usr/local/lib/android/sdk/platforms/android-35/data/res/values-mcc302-mnc720-el: Cannot change mode to rwxr-xr-x: Operation not permitted
build	Cache Android SDK	2026-06-06T12:22:45.5329063Z /usr/bin/tar: ../../../../../usr/local/lib/android/sdk/platforms/android-35/data/res/values-mcc310-mnc270-sw: Cannot utime: Operation not permitted
build	Cache Android SDK	2026-06-06T12:22:45.5330245Z /usr/bin/tar: ../../../../../usr/local/lib/android/sdk/platforms/android-35/data/res/values-mcc310-mnc270-sw: Cannot change mode to rwxr-xr-x: Operation not permitted
build	Cache Android SDK	2026-06-06T12:22:45.5339473Z /usr/bin/tar: ../../../../../usr/local/lib/android/sdk/platforms/android-35/data/res/values-pt-rPT: Cannot utime: Operation not permitted
build	Cache Android SDK	2026-06-06T12:22:45.5341166Z /usr/bin/tar: ../../../../../usr/local/lib/android/sdk/platforms/android-35/data/res/values-pt-rPT: Cannot change mode to rwxr-xr-x: Operation not permitted
build	Cache Android SDK	2026-06-06T12:22:45.5342513Z /usr/bin/tar: ../../../../../usr/local/lib/android/sdk/platforms/android-35/data/res/values-mcc334-mnc020-sv: Cannot utime: Operation not permitted
build	Cache Android SDK	2026-06-06T12:22:45.5344111Z /usr/bin/tar: ../../../../../usr/local/lib/android/sdk/platforms/android-35/data/res/values-mcc334-mnc020-sv: Cannot change mode to rwxr-xr-x: Operation not permitted
build	Cache Android SDK	2026-06-06T12:22:45.5345837Z /usr/bin/tar: ../../../../../usr/local/lib/android/sdk/platforms/android-35/data/res/values-mcc530-mnc05: Cannot utime: Operation not permitted
build	Cache Android SDK	2026-06-06T12:22:45.5347080Z /usr/bin/tar: ../../../../../usr/local/lib/android/sdk/platforms/android-35/data/res/values-mcc530-mnc05: Cannot change mode to rwxr-xr-x: Operation not permitted
build	Cache Android SDK	2026-06-06T12:22:45.5348712Z /usr/bin/tar: ../../../../../usr/local/lib/android/sdk/platforms/android-35/data/res/values-mcc310-mnc030-uk: Cannot utime: Operation not permitted
build	Cache Android SDK	2026-06-06T12:22:45.5350422Z /usr/bin/tar: ../../../../../usr/local/lib/android/sdk/platforms/android-35/data/res/values-mcc310-mnc030-uk: Cannot change mode to rwxr-xr-x: Operation not permitted
build	Cache Android SDK	2026-06-06T12:22:45.5352727Z /usr/bin/tar: ../../../../../usr/local/lib/android/sdk/platforms/android-35/data/res/values-mcc310-mnc030-hy: Cannot utime: Operation not permitted
build	Cache Android SDK	2026-06-06T12:22:45.5354164Z /usr/bin/tar: ../../../../../usr/local/lib/android/sdk/platforms/android-35/data/res/values-mcc310-mnc030-hy: Cannot change mode to rwxr-xr-x: Operation not permitted
build	Cache Android SDK	2026-06-06T12:22:45.5367222Z /usr/bin/tar: ../../../../../usr/local/lib/android/sdk/platforms/android-35/data/res/values-mcc310-mnc950-kk: Cannot utime: Operation not permitted
build	Cache Android SDK	2026-06-06T12:22:45.5369286Z /usr/bin/tar: ../../../../../usr/local/lib/android/sdk/platforms/android-35/data/res/values-mcc310-mnc950-kk: Cannot change mode to rwxr-xr-x: Operation not permitted
build	Cache Android SDK	2026-06-06T12:22:45.5370917Z /usr/bin/tar: ../../../../../usr/local/lib/android/sdk/platforms/android-35/data/res/values-mcc310-mnc170-ne: Cannot utime: Operation not permitted
build	Cache Android SDK	2026-06-06T12:22:45.5372665Z /usr/bin/tar: ../../../../../usr/local/lib/android/sdk/platforms/android-35/data/res/values-mcc310-mnc170-ne: Cannot change mode to rwxr-xr-x: Operation not permitted
build	Cache Android SDK	2026-06-06T12:22:45.5373867Z /usr/bin/tar: ../../../../../usr/local/lib/android/sdk/platforms/android-35/data/res/values-mcc310-mnc150-lt: Cannot utime: Operation not permitted
build	Cache Android SDK	2026-06-06T12:22:45.5375589Z /usr/bin/tar: ../../../../../usr/local/lib/android/sdk/platforms/android-35/data/res/values-mcc310-mnc150-lt: Cannot change mode to rwxr-xr-x: Operation not permitted
build	Cache Android SDK	2026-06-06T12:22:45.5376900Z /usr/bin/tar: ../../../../../usr/local/lib/android/sdk/platforms/android-35/data/res/values-mcc310-mnc240-iw: Cannot utime: Operation not permitted
build	Cache Android SDK	2026-06-06T12:22:45.5378558Z /usr/bin/tar: ../../../../../usr/local/lib/android/sdk/platforms/android-35/data/res/values-mcc310-mnc240-iw: Cannot change mode to rwxr-xr-x: Operation not permitted
build	Cache Android SDK	2026-06-06T12:22:45.5380286Z /usr/bin/tar: ../../../../../usr/local/lib/android/sdk/platforms/android-35/data/res/values-mcc310-mnc240-sr: Cannot utime: Operation not permitted
build	Cache Android SDK	2026-06-06T12:22:45.5381289Z /usr/bin/tar: ../../../../../usr/local/lib/android/sdk/platforms/android-35/data/res/values-mcc310-mnc240-sr: Cannot change mode to rwxr-xr-x: Operation not permitted
build	Cache Android SDK	2026-06-06T12:22:45.5382733Z /usr/bin/tar: ../../../../../usr/local/lib/android/sdk/platforms/android-35/data/res/values-w240dp: Cannot utime: Operation not permitted
build	Cache Android SDK	2026-06-06T12:22:45.5384332Z /usr/bin/tar: ../../../../../usr/local/lib/android/sdk/platforms/android-35/data/res/values-w240dp: Cannot change mode to rwxr-xr-x: Operation not permitted
build	Cache Android SDK	2026-06-06T12:22:45.5385630Z /usr/bin/tar: ../../../../../usr/local/lib/android/sdk/platforms/android-35/data/res/values-mcc310-mnc240-zh-rCN: Cannot utime: Operation not permitted
build	Cache Android SDK	2026-06-06T12:22:45.5387140Z /usr/bin/tar: ../../../../../usr/local/lib/android/sdk/platforms/android-35/data/res/values-mcc310-mnc240-zh-rCN: Cannot change mode to rwxr-xr-x: Operation not permitted
build	Cache Android SDK	2026-06-06T12:22:45.5388253Z /usr/bin/tar: ../../../../../usr/local/lib/android/sdk/platforms/android-35/data/res/values-mcc310-mnc380-tr: Cannot utime: Operation not permitted
build	Cache Android SDK	2026-06-06T12:22:45.5389167Z /usr/bin/tar: ../../../../../usr/local/lib/android/sdk/platforms/android-35/data/res/values-mcc310-mnc380-tr: Cannot change mode to rwxr-xr-x: Operation not permitted
build	Cache Android SDK	2026-06-06T12:22:45.5390556Z /usr/bin/tar: ../../../../../usr/local/lib/android/sdk/platforms/android-35/data/res/values-mcc310-mnc250-nb: Cannot utime: Operation not permitted
build	Cache Android SDK	2026-06-06T12:22:45.5392312Z /usr/bin/tar: ../../../../../usr/local/lib/android/sdk/platforms/android-35/data/res/values-mcc310-mnc250-nb: Cannot change mode to rwxr-xr-x: Operation not permitted
build	Cache Android SDK	2026-06-06T12:22:45.5393344Z /usr/bin/tar: ../../../../../usr/local/lib/android/sdk/platforms/android-35/data/res/drawable-en-ldpi: Cannot utime: Operation not permitted
build	Cache Android SDK	2026-06-06T12:22:45.5394736Z /usr/bin/tar: ../../../../../usr/local/lib/android/sdk/platforms/android-35/data/res/drawable-en-ldpi: Cannot change mode to rwxr-xr-x: Operation not permitted
build	Cache Android SDK	2026-06-06T12:22:45.5396434Z /usr/bin/tar: ../../../../../usr/local/lib/android/sdk/platforms/android-35/data/res/values-mcc334-mnc020-gl: Cannot utime: Operation not permitted
build	Cache Android SDK	2026-06-06T12:22:45.5397955Z /usr/bin/tar: ../../../../../usr/local/lib/android/sdk/platforms/android-35/data/res/values-mcc334-mnc020-gl: Cannot change mode to rwxr-xr-x: Operation not permitted
build	Cache Android SDK	2026-06-06T12:22:45.5399132Z /usr/bin/tar: ../../../../../usr/local/lib/android/sdk/platforms/android-35/data/res/values-mcc310-mnc170-fr: Cannot utime: Operation not permitted
build	Cache Android SDK	2026-06-06T12:22:45.5400157Z /usr/bin/tar: ../../../../../usr/local/lib/android/sdk/platforms/android-35/data/res/values-mcc310-mnc170-fr: Cannot change mode to rwxr-xr-x: Operation not permitted
build	Cache Android SDK	2026-06-06T12:22:45.5401715Z /usr/bin/tar: ../../../../../usr/local/lib/android/sdk/platforms/android-35/data/res/values-mcc310-mnc280-eu: Cannot utime: Operation not permitted
build	Cache Android SDK	2026-06-06T12:22:45.5402680Z /usr/bin/tar: ../../../../../usr/local/lib/android/sdk/platforms/android-35/data/res/values-mcc310-mnc280-eu: Cannot change mode to rwxr-xr-x: Operation not permitted
build	Cache Android SDK	2026-06-06T12:22:45.5405792Z /usr/bin/tar: ../../../../../usr/local/lib/android/sdk/platforms/android-35/data/res/values-mcc310-mnc270-si: Cannot utime: Operation not permitted
build	Cache Android SDK	2026-06-06T12:22:45.5406953Z /usr/bin/tar: ../../../../../usr/local/lib/android/sdk/platforms/android-35/data/res/values-mcc310-mnc270-si: Cannot change mode to rwxr-xr-x: Operation not permitted
build	Cache Android SDK	2026-06-06T12:22:45.5408727Z /usr/bin/tar: ../../../../../usr/local/lib/android/sdk/platforms/android-35/data/res/values-mcc310-mnc380-my: Cannot utime: Operation not permitted
build	Cache Android SDK	2026-06-06T12:22:45.5409827Z /usr/bin/tar: ../../../../../usr/local/lib/android/sdk/platforms/android-35/data/res/values-mcc310-mnc380-my: Cannot change mode to rwxr-xr-x: Operation not permitted
build	Cache Android SDK	2026-06-06T12:22:45.5412179Z /usr/bin/tar: ../../../../../usr/local/lib/android/sdk/platforms/android-35/data/res/values-mcc311-mnc180-fi: Cannot utime: Operation not permitted
build	Cache Android SDK	2026-06-06T12:22:45.5413120Z /usr/bin/tar: ../../../../../usr/local/lib/android/sdk/platforms/android-35/data/res/values-mcc311-mnc180-fi: Cannot change mode to rwxr-xr-x: Operation not permitted
build	Cache Android SDK	2026-06-06T12:22:45.5415845Z /usr/bin/tar: ../../../../../usr/local/lib/android/sdk/platforms/android-35/data/res/values-mcc310-mnc150-el: Cannot utime: Operation not permitted
build	Cache Android SDK	2026-06-06T12:22:45.5416797Z /usr/bin/tar: ../../../../../usr/local/lib/android/sdk/platforms/android-35/data/res/values-mcc310-mnc150-el: Cannot change mode to rwxr-xr-x: Operation not permitted
build	Cache Android SDK	2026-06-06T12:22:45.5419742Z /usr/bin/tar: ../../../../../usr/local/lib/android/sdk/platforms/android-35/data/res/values-ldrtl-television: Cannot utime: Operation not permitted
build	Cache Android SDK	2026-06-06T12:22:45.5420726Z /usr/bin/tar: ../../../../../usr/local/lib/android/sdk/platforms/android-35/data/res/values-ldrtl-television: Cannot change mode to rwxr-xr-x: Operation not permitted
build	Cache Android SDK	2026-06-06T12:22:45.5423541Z /usr/bin/tar: ../../../../../usr/local/lib/android/sdk/platforms/android-35/data/res/values-nb-watch: Cannot utime: Operation not permitted
build	Cache Android SDK	2026-06-06T12:22:45.5424427Z /usr/bin/tar: ../../../../../usr/local/lib/android/sdk/platforms/android-35/data/res/values-nb-watch: Cannot change mode to rwxr-xr-x: Operation not permitted
build	Cache Android SDK	2026-06-06T12:22:45.5426865Z /usr/bin/tar: ../../../../../usr/local/lib/android/sdk/platforms/android-35/data/res/values-mcc310-mnc490: Cannot utime: Operation not permitted
build	Cache Android SDK	2026-06-06T12:22:45.5427988Z /usr/bin/tar: ../../../../../usr/local/lib/android/sdk/platforms/android-35/data/res/values-mcc310-mnc490: Cannot change mode to rwxr-xr-x: Operation not permitted
build	Cache Android SDK	2026-06-06T12:22:45.5430442Z /usr/bin/tar: ../../../../../usr/local/lib/android/sdk/platforms/android-35/data/res/values-mcc310-mnc230-gu: Cannot utime: Operation not permitted
build	Cache Android SDK	2026-06-06T12:22:45.5431375Z /usr/bin/tar: ../../../../../usr/local/lib/android/sdk/platforms/android-35/data/res/values-mcc310-mnc230-gu: Cannot change mode to rwxr-xr-x: Operation not permitted
build	Cache Android SDK	2026-06-06T12:22:45.5433945Z /usr/bin/tar: ../../../../../usr/local/lib/android/sdk/platforms/android-35/data/res/values-mcc310-mnc230-lv: Cannot utime: Operation not permitted
build	Cache Android SDK	2026-06-06T12:22:45.5434866Z /usr/bin/tar: ../../../../../usr/local/lib/android/sdk/platforms/android-35/data/res/values-mcc310-mnc230-lv: Cannot change mode to rwxr-xr-x: Operation not permitted
build	Cache Android SDK	2026-06-06T12:22:45.5437746Z /usr/bin/tar: ../../../../../usr/local/lib/android/sdk/platforms/android-35/data/res/values-mcc310-mnc410-bs: Cannot utime: Operation not permitted
build	Cache Android SDK	2026-06-06T12:22:45.5440747Z /usr/bin/tar: ../../../../../usr/local/lib/android/sdk/platforms/android-35/data/res/values-mcc310-mnc410-bs: Cannot change mode to rwxr-xr-x: Operation not permitted
build	Cache Android SDK	2026-06-06T12:22:45.5441957Z /usr/bin/tar: ../../../../../usr/local/lib/android/sdk/platforms/android-35/data/res/values-mcc302-mnc370-pt: Cannot utime: Operation not permitted
build	Cache Android SDK	2026-06-06T12:22:45.5443046Z /usr/bin/tar: ../../../../../usr/local/lib/android/sdk/platforms/android-35/data/res/values-mcc302-mnc370-pt: Cannot change mode to rwxr-xr-x: Operation not permitted
build	Cache Android SDK	2026-06-06T12:22:45.5444257Z /usr/bin/tar: ../../../../../usr/local/lib/android/sdk/platforms/android-35/data/res/raw-ja: Cannot utime: Operation not permitted
build	Cache Android SDK	2026-06-06T12:22:45.5445214Z /usr/bin/tar: ../../../../../usr/local/lib/android/sdk/platforms/android-35/data/res/raw-ja: Cannot change mode to rwxr-xr-x: Operation not permitted
build	Cache Android SDK	2026-06-06T12:22:45.5447099Z /usr/bin/tar: ../../../../../usr/local/lib/android/sdk/platforms/android-35/data/res/values-mcc310-mnc270-ne: Cannot utime: Operation not permitted
build	Cache Android SDK	2026-06-06T12:22:45.5448643Z /usr/bin/tar: ../../../../../usr/local/lib/android/sdk/platforms/android-35/data/res/values-mcc310-mnc270-ne: Cannot change mode to rwxr-xr-x: Operation not permitted
build	Cache Android SDK	2026-06-06T12:22:45.5450658Z /usr/bin/tar: ../../../../../usr/local/lib/android/sdk/platforms/android-35/data/res/values-mcc310-mnc150-sl: Cannot utime: Operation not permitted
build	Cache Android SDK	2026-06-06T12:22:45.5451618Z /usr/bin/tar: ../../../../../usr/local/lib/android/sdk/platforms/android-35/data/res/values-mcc310-mnc150-sl: Cannot change mode to rwxr-xr-x: Operation not permitted
build	Cache Android SDK	2026-06-06T12:22:45.5453363Z /usr/bin/tar: ../../../../../usr/local/lib/android/sdk/platforms/android-35/data/res/values-mcc310-mnc380-de: Cannot utime: Operation not permitted
build	Cache Android SDK	2026-06-06T12:22:45.5454280Z /usr/bin/tar: ../../../../../usr/local/lib/android/sdk/platforms/android-35/data/res/values-mcc310-mnc380-de: Cannot change mode to rwxr-xr-x: Operation not permitted
build	Cache Android SDK	2026-06-06T12:22:45.5456430Z /usr/bin/tar: ../../../../../usr/local/lib/android/sdk/platforms/android-35/data/res/values-mcc310-mnc950-hu: Cannot utime: Operation not permitted
build	Cache Android SDK	2026-06-06T12:22:45.5457475Z /usr/bin/tar: ../../../../../usr/local/lib/android/sdk/platforms/android-35/data/res/values-mcc310-mnc950-hu: Cannot change mode to rwxr-xr-x: Operation not permitted
build	Cache Android SDK	2026-06-06T12:22:45.5459800Z /usr/bin/tar: ../../../../../usr/local/lib/android/sdk/platforms/android-35/data/res/values-mcc310-mnc230-pa: Cannot utime: Operation not permitted
build	Cache Android SDK	2026-06-06T12:22:45.5460706Z /usr/bin/tar: ../../../../../usr/local/lib/android/sdk/platforms/android-35/data/res/values-mcc310-mnc230-pa: Cannot change mode to rwxr-xr-x: Operation not permitted
build	Cache Android SDK	2026-06-06T12:22:45.5462718Z /usr/bin/tar: ../../../../../usr/local/lib/android/sdk/platforms/android-35/data/res/values-w320dp: Cannot utime: Operation not permitted
build	Cache Android SDK	2026-06-06T12:22:45.5463686Z /usr/bin/tar: ../../../../../usr/local/lib/android/sdk/platforms/android-35/data/res/values-w320dp: Cannot change mode to rwxr-xr-x: Operation not permitted
build	Cache Android SDK	2026-06-06T12:22:45.5465729Z /usr/bin/tar: ../../../../../usr/local/lib/android/sdk/platforms/android-35/data/res/values-mcc310-mnc270-kk: Cannot utime: Operation not permitted
build	Cache Android SDK	2026-06-06T12:22:45.5466650Z /usr/bin/tar: ../../../../../usr/local/lib/android/sdk/platforms/android-35/data/res/values-mcc310-mnc270-kk: Cannot change mode to rwxr-xr-x: Operation not permitted
build	Cache Android SDK	2026-06-06T12:22:45.5468927Z /usr/bin/tar: ../../../../../usr/local/lib/android/sdk/platforms/android-35/data/res/values-mcc313-mnc100-nb: Cannot utime: Operation not permitted
build	Cache Android SDK	2026-06-06T12:22:45.5469845Z /usr/bin/tar: ../../../../../usr/local/lib/android/sdk/platforms/android-35/data/res/values-mcc313-mnc100-nb: Cannot change mode to rwxr-xr-x: Operation not permitted
build	Cache Android SDK	2026-06-06T12:22:45.5473465Z /usr/bin/tar: ../../../../../usr/local/lib/android/sdk/platforms/android-35/data/res/values-mcc310-mnc250-ky: Cannot utime: Operation not permitted
build	Cache Android SDK	2026-06-06T12:22:45.5474482Z /usr/bin/tar: ../../../../../usr/local/lib/android/sdk/platforms/android-35/data/res/values-mcc310-mnc250-ky: Cannot change mode to rwxr-xr-x: Operation not permitted
build	Cache Android SDK	2026-06-06T12:22:45.5476968Z /usr/bin/tar: ../../../../../usr/local/lib/android/sdk/platforms/android-35/data/res/values-mcc310-mnc800-gu: Cannot utime: Operation not permitted
build	Cache Android SDK	2026-06-06T12:22:45.5477966Z /usr/bin/tar: ../../../../../usr/local/lib/android/sdk/platforms/android-35/data/res/values-mcc310-mnc800-gu: Cannot change mode to rwxr-xr-x: Operation not permitted
build	Cache Android SDK	2026-06-06T12:22:45.5480221Z /usr/bin/tar: ../../../../../usr/local/lib/android/sdk/platforms/android-35/data/res/values-mcc310-mnc200-sv: Cannot utime: Operation not permitted
build	Cache Android SDK	2026-06-06T12:22:45.5481131Z /usr/bin/tar: ../../../../../usr/local/lib/android/sdk/platforms/android-35/data/res/values-mcc310-mnc200-sv: Cannot change mode to rwxr-xr-x: Operation not permitted
build	Cache Android SDK	2026-06-06T12:22:45.5483474Z /usr/bin/tar: ../../../../../usr/local/lib/android/sdk/platforms/android-35/data/res/values-mcc334-mnc020-en-rGB: Cannot utime: Operation not permitted
build	Cache Android SDK	2026-06-06T12:22:45.5484576Z /usr/bin/tar: ../../../../../usr/local/lib/android/sdk/platforms/android-35/data/res/values-mcc334-mnc020-en-rGB: Cannot change mode to rwxr-xr-x: Operation not permitted
build	Cache Android SDK	2026-06-06T12:22:45.5487114Z /usr/bin/tar: ../../../../../usr/local/lib/android/sdk/platforms/android-35/data/res/values-mcc302-mnc720-en-rIN: Cannot utime: Operation not permitted
build	Cache Android SDK	2026-06-06T12:22:45.5488150Z /usr/bin/tar: ../../../../../usr/local/lib/android/sdk/platforms/android-35/data/res/values-mcc302-mnc720-en-rIN: Cannot change mode to rwxr-xr-x: Operation not permitted
build	Cache Android SDK	2026-06-06T12:22:45.5490127Z /usr/bin/tar: ../../../../../usr/local/lib/android/sdk/platforms/android-35/data/res/xml-en: Cannot utime: Operation not permitted
build	Cache Android SDK	2026-06-06T12:22:45.5490938Z /usr/bin/tar: ../../../../../usr/local/lib/android/sdk/platforms/android-35/data/res/xml-en: Cannot change mode to rwxr-xr-x: Operation not permitted
build	Cache Android SDK	2026-06-06T12:22:45.5493306Z /usr/bin/tar: ../../../../../usr/local/lib/android/sdk/platforms/android-35/data/res/values-mcc310-mnc950-es-rUS: Cannot utime: Operation not permitted
build	Cache Android SDK	2026-06-06T12:22:45.5494341Z /usr/bin/tar: ../../../../../usr/local/lib/android/sdk/platforms/android-35/data/res/values-mcc310-mnc950-es-rUS: Cannot change mode to rwxr-xr-x: Operation not permitted
build	Cache Android SDK	2026-06-06T12:22:45.5496353Z /usr/bin/tar: ../../../../../usr/local/lib/android/sdk/platforms/android-35/data/res/values-mcc310-mnc950-tr: Cannot utime: Operation not permitted
build	Cache Android SDK	2026-06-06T12:22:45.5497268Z /usr/bin/tar: ../../../../../usr/local/lib/android/sdk/platforms/android-35/data/res/values-mcc310-mnc950-tr: Cannot change mode to rwxr-xr-x: Operation not permitted
build	Cache Android SDK	2026-06-06T12:22:45.5499324Z /usr/bin/tar: ../../../../../usr/local/lib/android/sdk/platforms/android-35/data/res/values-mcc310-mnc200-de: Cannot utime: Operation not permitted
build	Cache Android SDK	2026-06-06T12:22:45.5500238Z /usr/bin/tar: ../../../../../usr/local/lib/android/sdk/platforms/android-35/data/res/values-mcc310-mnc200-de: Cannot change mode to rwxr-xr-x: Operation not permitted
build	Cache Android SDK	2026-06-06T12:22:45.5502684Z /usr/bin/tar: ../../../../../usr/local/lib/android/sdk/platforms/android-35/data/res/values-is-watch: Cannot utime: Operation not permitted
build	Cache Android SDK	2026-06-06T12:22:45.5503600Z /usr/bin/tar: ../../../../../usr/local/lib/android/sdk/platforms/android-35/data/res/values-is-watch: Cannot change mode to rwxr-xr-x: Operation not permitted
build	Cache Android SDK	2026-06-06T12:22:45.5506063Z /usr/bin/tar: ../../../../../usr/local/lib/android/sdk/platforms/android-35/data/res/values-mcc310-mnc660-lo: Cannot utime: Operation not permitted
build	Cache Android SDK	2026-06-06T12:22:45.5507106Z /usr/bin/tar: ../../../../../usr/local/lib/android/sdk/platforms/android-35/data/res/values-mcc310-mnc660-lo: Cannot change mode to rwxr-xr-x: Operation not permitted
build	Cache Android SDK	2026-06-06T12:22:45.5509090Z /usr/bin/tar: ../../../../../usr/local/lib/android/sdk/platforms/android-35/data/res/values-mcc310-mnc380-or: Cannot utime: Operation not permitted
build	Cache Android SDK	2026-06-06T12:22:45.5510020Z /usr/bin/tar: ../../../../../usr/local/lib/android/sdk/platforms/android-35/data/res/values-mcc310-mnc380-or: Cannot change mode to rwxr-xr-x: Operation not permitted
build	Cache Android SDK	2026-06-06T12:22:45.5512452Z /usr/bin/tar: ../../../../../usr/local/lib/android/sdk/platforms/android-35/data/res/values-mcc334-mnc020-ky: Cannot utime: Operation not permitted
build	Cache Android SDK	2026-06-06T12:22:45.5513352Z /usr/bin/tar: ../../../../../usr/local/lib/android/sdk/platforms/android-35/data/res/values-mcc334-mnc020-ky: Cannot change mode to rwxr-xr-x: Operation not permitted
build	Cache Android SDK	2026-06-06T12:22:45.5515723Z /usr/bin/tar: ../../../../../usr/local/lib/android/sdk/platforms/android-35/data/res/values-mcc334-mnc020-pt-rPT: Cannot utime: Operation not permitted
build	Cache Android SDK	2026-06-06T12:22:45.5516676Z /usr/bin/tar: ../../../../../usr/local/lib/android/sdk/platforms/android-35/data/res/values-mcc334-mnc020-pt-rPT: Cannot change mode to rwxr-xr-x: Operation not permitted
build	Cache Android SDK	2026-06-06T12:22:45.5519444Z /usr/bin/tar: ../../../../../usr/local/lib/android/sdk/platforms/android-35/data/res/values-mcc310-mnc250-en-rIN: Cannot utime: Operation not permitted
build	Cache Android SDK	2026-06-06T12:22:45.5520527Z /usr/bin/tar: ../../../../../usr/local/lib/android/sdk/platforms/android-35/data/res/values-mcc310-mnc250-en-rIN: Cannot change mode to rwxr-xr-x: Operation not permitted
build	Cache Android SDK	2026-06-06T12:22:45.5522706Z /usr/bin/tar: ../../../../../usr/local/lib/android/sdk/platforms/android-35/data/res/values-mcc466-mnc03: Cannot utime: Operation not permitted
build	Cache Android SDK	2026-06-06T12:22:45.5523616Z /usr/bin/tar: ../../../../../usr/local/lib/android/sdk/platforms/android-35/data/res/values-mcc466-mnc03: Cannot change mode to rwxr-xr-x: Operation not permitted
build	Cache Android SDK	2026-06-06T12:22:45.5525764Z /usr/bin/tar: ../../../../../usr/local/lib/android/sdk/platforms/android-35/data/res/values-mcc310-mnc200-fr-rCA: Cannot utime: Operation not permitted
build	Cache Android SDK	2026-06-06T12:22:45.5527547Z /usr/bin/tar: ../../../../../usr/local/lib/android/sdk/platforms/android-35/data/res/values-mcc310-mnc200-fr-rCA: Cannot change mode to rwxr-xr-x: Operation not permitted
build	Cache Android SDK	2026-06-06T12:22:45.5528949Z /usr/bin/tar: ../../../../../usr/local/lib/android/sdk/platforms/android-35/data/res/values-mcc340-mnc01: Cannot utime: Operation not permitted
build	Cache Android SDK	2026-06-06T12:22:45.5529846Z /usr/bin/tar: ../../../../../usr/local/lib/android/sdk/platforms/android-35/data/res/values-mcc340-mnc01: Cannot change mode to rwxr-xr-x: Operation not permitted
build	Cache Android SDK	2026-06-06T12:22:45.5532025Z /usr/bin/tar: ../../../../../usr/local/lib/android/sdk/platforms/android-35/data/res/values-mcc310-mnc240-kn: Cannot utime: Operation not permitted
build	Cache Android SDK	2026-06-06T12:22:45.5532937Z /usr/bin/tar: ../../../../../usr/local/lib/android/sdk/platforms/android-35/data/res/values-mcc310-mnc240-kn: Cannot change mode to rwxr-xr-x: Operation not permitted
build	Cache Android SDK	2026-06-06T12:22:45.5536439Z /usr/bin/tar: ../../../../../usr/local/lib/android/sdk/platforms/android-35/data/res/values-land: Cannot utime: Operation not permitted
build	Cache Android SDK	2026-06-06T12:22:45.5537295Z /usr/bin/tar: ../../../../../usr/local/lib/android/sdk/platforms/android-35/data/res/values-land: Cannot change mode to rwxr-xr-x: Operation not permitted
build	Cache Android SDK	2026-06-06T12:22:45.5540204Z /usr/bin/tar: ../../../../../usr/local/lib/android/sdk/platforms/android-35/data/res/values-mcc302-mnc370-ka: Cannot utime: Operation not permitted
build	Cache Android SDK	2026-06-06T12:22:45.5541128Z /usr/bin/tar: ../../../../../usr/local/lib/android/sdk/platforms/android-35/data/res/values-mcc302-mnc370-ka: Cannot change mode to rwxr-xr-x: Operation not permitted
build	Cache Android SDK	2026-06-06T12:22:45.5543676Z /usr/bin/tar: ../../../../../usr/local/lib/android/sdk/platforms/android-35/data/res/values-mcc302-mnc720-sl: Cannot utime: Operation not permitted
build	Cache Android SDK	2026-06-06T12:22:45.5544598Z /usr/bin/tar: ../../../../../usr/local/lib/android/sdk/platforms/android-35/data/res/values-mcc302-mnc720-sl: Cannot change mode to rwxr-xr-x: Operation not permitted
build	Cache Android SDK	2026-06-06T12:22:45.5546586Z /usr/bin/tar: ../../../../../usr/local/lib/android/sdk/platforms/android-35/data/res/values-mcc310-mnc240-mr: Cannot utime: Operation not permitted
build	Cache Android SDK	2026-06-06T12:22:45.5547610Z /usr/bin/tar: ../../../../../usr/local/lib/android/sdk/platforms/android-35/data/res/values-mcc310-mnc240-mr: Cannot change mode to rwxr-xr-x: Operation not permitted
build	Cache Android SDK	2026-06-06T12:22:45.5549913Z /usr/bin/tar: ../../../../../usr/local/lib/android/sdk/platforms/android-35/data/res/values-mcc334-mnc020-fr-neuter: Cannot utime: Operation not permitted
build	Cache Android SDK	2026-06-06T12:22:45.5550888Z /usr/bin/tar: ../../../../../usr/local/lib/android/sdk/platforms/android-35/data/res/values-mcc334-mnc020-fr-neuter: Cannot change mode to rwxr-xr-x: Operation not permitted
build	Cache Android SDK	2026-06-06T12:22:45.5552826Z /usr/bin/tar: ../../../../../usr/local/lib/android/sdk/platforms/android-35/data/res/values-mcc310-mnc560-fa: Cannot utime: Operation not permitted
build	Cache Android SDK	2026-06-06T12:22:45.5553808Z /usr/bin/tar: ../../../../../usr/local/lib/android/sdk/platforms/android-35/data/res/values-mcc310-mnc560-fa: Cannot change mode to rwxr-xr-x: Operation not permitted
build	Cache Android SDK	2026-06-06T12:22:45.5556003Z /usr/bin/tar: ../../../../../usr/local/lib/android/sdk/platforms/android-35/data/res/values-mcc312-mnc670-ro: Cannot utime: Operation not permitted
build	Cache Android SDK	2026-06-06T12:22:45.5557096Z /usr/bin/tar: ../../../../../usr/local/lib/android/sdk/platforms/android-35/data/res/values-mcc312-mnc670-ro: Cannot change mode to rwxr-xr-x: Operation not permitted
build	Cache Android SDK	2026-06-06T12:22:45.5559122Z /usr/bin/tar: ../../../../../usr/local/lib/android/sdk/platforms/android-35/data/res/values-mcc310-mnc250-cs: Cannot utime: Operation not permitted
build	Cache Android SDK	2026-06-06T12:22:45.5560046Z /usr/bin/tar: ../../../../../usr/local/lib/android/sdk/platforms/android-35/data/res/values-mcc310-mnc250-cs: Cannot change mode to rwxr-xr-x: Operation not permitted
build	Cache Android SDK	2026-06-06T12:22:45.5562568Z /usr/bin/tar: ../../../../../usr/local/lib/android/sdk/platforms/android-35/data/res/values-hu-rHU: Cannot utime: Operation not permitted
build	Cache Android SDK	2026-06-06T12:22:45.5563424Z /usr/bin/tar: ../../../../../usr/local/lib/android/sdk/platforms/android-35/data/res/values-hu-rHU: Cannot change mode to rwxr-xr-x: Operation not permitted
build	Cache Android SDK	2026-06-06T12:22:45.5565532Z /usr/bin/tar: ../../../../../usr/local/lib/android/sdk/platforms/android-35/data/res/values-mcc315: Cannot utime: Operation not permitted
build	Cache Android SDK	2026-06-06T12:22:45.5566387Z /usr/bin/tar: ../../../../../usr/local/lib/android/sdk/platforms/android-35/data/res/values-mcc315: Cannot change mode to rwxr-xr-x: Operation not permitted
build	Cache Android SDK	2026-06-06T12:22:45.5568976Z /usr/bin/tar: ../../../../../usr/local/lib/android/sdk/platforms/android-35/data/res/values-mcc310-mnc660-gl: Cannot utime: Operation not permitted
build	Cache Android SDK	2026-06-06T12:22:45.5569889Z /usr/bin/tar: ../../../../../usr/local/lib/android/sdk/platforms/android-35/data/res/values-mcc310-mnc660-gl: Cannot change mode to rwxr-xr-x: Operation not permitted
build	Cache Android SDK	2026-06-06T12:22:45.5572453Z /usr/bin/tar: ../../../../../usr/local/lib/android/sdk/platforms/android-35/data/res/values-mcc313-mnc100-de: Cannot utime: Operation not permitted
build	Cache Android SDK	2026-06-06T12:22:45.5573368Z /usr/bin/tar: ../../../../../usr/local/lib/android/sdk/platforms/android-35/data/res/values-mcc313-mnc100-de: Cannot change mode to rwxr-xr-x: Operation not permitted
build	Cache Android SDK	2026-06-06T12:22:45.5575329Z /usr/bin/tar: ../../../../../usr/local/lib/android/sdk/platforms/android-35/data/res/values-mcc311-mnc180-it: Cannot utime: Operation not permitted
build	Cache Android SDK	2026-06-06T12:22:45.5576246Z /usr/bin/tar: ../../../../../usr/local/lib/android/sdk/platforms/android-35/data/res/values-mcc311-mnc180-it: Cannot change mode to rwxr-xr-x: Operation not permitted
build	Cache Android SDK	2026-06-06T12:22:45.5578639Z /usr/bin/tar: ../../../../../usr/local/lib/android/sdk/platforms/android-35/data/res/values-mcc310-mnc150-ta: Cannot utime: Operation not permitted
build	Cache Android SDK	2026-06-06T12:22:45.5579606Z /usr/bin/tar: ../../../../../usr/local/lib/android/sdk/platforms/android-35/data/res/values-mcc310-mnc150-ta: Cannot change mode to rwxr-xr-x: Operation not permitted
build	Cache Android SDK	2026-06-06T12:22:45.5581978Z /usr/bin/tar: ../../../../../usr/local/lib/android/sdk/platforms/android-35/data/res/values-mcc334-mnc050: Cannot utime: Operation not permitted
build	Cache Android SDK	2026-06-06T12:22:45.5582866Z /usr/bin/tar: ../../../../../usr/local/lib/android/sdk/platforms/android-35/data/res/values-mcc334-mnc050: Cannot change mode to rwxr-xr-x: Operation not permitted
build	Cache Android SDK	2026-06-06T12:22:45.5585093Z /usr/bin/tar: ../../../../../usr/local/lib/android/sdk/platforms/android-35/data/res/values-mcc001-mnc01-gl: Cannot utime: Operation not permitted
build	Cache Android SDK	2026-06-06T12:22:45.5586000Z /usr/bin/tar: ../../../../../usr/local/lib/android/sdk/platforms/android-35/data/res/values-mcc001-mnc01-gl: Cannot change mode to rwxr-xr-x: Operation not permitted
build	Cache Android SDK	2026-06-06T12:22:45.5588361Z /usr/bin/tar: ../../../../../usr/local/lib/android/sdk/platforms/android-35/data/res/values-mcc310-mnc950-vi: Cannot utime: Operation not permitted
build	Cache Android SDK	2026-06-06T12:22:45.5589278Z /usr/bin/tar: ../../../../../usr/local/lib/android/sdk/platforms/android-35/data/res/values-mcc310-mnc950-vi: Cannot change mode to rwxr-xr-x: Operation not permitted
build	Cache Android SDK	2026-06-06T12:22:45.5591137Z /usr/bin/tar: ../../../../../usr/local/lib/android/sdk/platforms/android-35/data/res/values-mcc432-mnc20: Cannot utime: Operation not permitted
build	Cache Android SDK	2026-06-06T12:22:45.5592124Z /usr/bin/tar: ../../../../../usr/local/lib/android/sdk/platforms/android-35/data/res/values-mcc432-mnc20: Cannot change mode to rwxr-xr-x: Operation not permitted
build	Cache Android SDK	2026-06-06T12:22:45.5594549Z /usr/bin/tar: ../../../../../usr/local/lib/android/sdk/platforms/android-35/data/res/values-mcc310-mnc800-de: Cannot utime: Operation not permitted
build	Cache Android SDK	2026-06-06T12:22:45.5595456Z /usr/bin/tar: ../../../../../usr/local/lib/android/sdk/platforms/android-35/data/res/values-mcc310-mnc800-de: Cannot change mode to rwxr-xr-x: Operation not permitted
build	Cache Android SDK	2026-06-06T12:22:45.5597512Z /usr/bin/tar: ../../../../../usr/local/lib/android/sdk/platforms/android-35/data/res/values-mcc310-mnc660-sq: Cannot utime: Operation not permitted
build	Cache Android SDK	2026-06-06T12:22:45.5598436Z /usr/bin/tar: ../../../../../usr/local/lib/android/sdk/platforms/android-35/data/res/values-mcc310-mnc660-sq: Cannot change mode to rwxr-xr-x: Operation not permitted
build	Cache Android SDK	2026-06-06T12:22:45.5602636Z /usr/bin/tar: ../../../../../usr/local/lib/android/sdk/platforms/android-35/data/res/values-mcc302-mnc720-sv: Cannot utime: Operation not permitted
build	Cache Android SDK	2026-06-06T12:22:45.5603550Z /usr/bin/tar: ../../../../../usr/local/lib/android/sdk/platforms/android-35/data/res/values-mcc302-mnc720-sv: Cannot change mode to rwxr-xr-x: Operation not permitted
build	Cache Android SDK	2026-06-06T12:22:45.5605523Z /usr/bin/tar: ../../../../../usr/local/lib/android/sdk/platforms/android-35/data/res/values-mcc310-mnc560-nl: Cannot utime: Operation not permitted
build	Cache Android SDK	2026-06-06T12:22:45.5606415Z /usr/bin/tar: ../../../../../usr/local/lib/android/sdk/platforms/android-35/data/res/values-mcc310-mnc560-nl: Cannot change mode to rwxr-xr-x: Operation not permitted
build	Cache Android SDK	2026-06-06T12:22:45.5608916Z /usr/bin/tar: ../../../../../usr/local/lib/android/sdk/platforms/android-35/data/res/values-mcc334-mnc020-hr: Cannot utime: Operation not permitted
build	Cache Android SDK	2026-06-06T12:22:45.5609989Z /usr/bin/tar: ../../../../../usr/local/lib/android/sdk/platforms/android-35/data/res/values-mcc334-mnc020-hr: Cannot change mode to rwxr-xr-x: Operation not permitted
build	Cache Android SDK	2026-06-06T12:22:45.5612313Z /usr/bin/tar: ../../../../../usr/local/lib/android/sdk/platforms/android-35/data/res/values-mcc001-mnc01-am: Cannot utime: Operation not permitted
build	Cache Android SDK	2026-06-06T12:22:45.5613229Z /usr/bin/tar: ../../../../../usr/local/lib/android/sdk/platforms/android-35/data/res/values-mcc001-mnc01-am: Cannot change mode to rwxr-xr-x: Operation not permitted
build	Cache Android SDK	2026-06-06T12:22:45.5615741Z /usr/bin/tar: ../../../../../usr/local/lib/android/sdk/platforms/android-35/data/res/values-mcc310-mnc560-en-rXC: Cannot utime: Operation not permitted
build	Cache Android SDK	2026-06-06T12:22:45.5616698Z /usr/bin/tar: ../../../../../usr/local/lib/android/sdk/platforms/android-35/data/res/values-mcc310-mnc560-en-rXC: Cannot change mode to rwxr-xr-x: Operation not permitted
build	Cache Android SDK	2026-06-06T12:22:45.5618856Z /usr/bin/tar: ../../../../../usr/local/lib/android/sdk/platforms/android-35/data/res/values-mcc310-mnc240-ne: Cannot utime: Operation not permitted
build	Cache Android SDK	2026-06-06T12:22:45.5619777Z /usr/bin/tar: ../../../../../usr/local/lib/android/sdk/platforms/android-35/data/res/values-mcc310-mnc240-ne: Cannot change mode to rwxr-xr-x: Operation not permitted
build	Cache Android SDK	2026-06-06T12:22:45.5621678Z /usr/bin/tar: ../../../../../usr/local/lib/android/sdk/platforms/android-35/data/res/values-mcc310-mnc150-lv: Cannot utime: Operation not permitted
build	Cache Android SDK	2026-06-06T12:22:45.5622612Z /usr/bin/tar: ../../../../../usr/local/lib/android/sdk/platforms/android-35/data/res/values-mcc310-mnc150-lv: Cannot change mode to rwxr-xr-x: Operation not permitted
build	Cache Android SDK	2026-06-06T12:22:45.5624889Z /usr/bin/tar: ../../../../../usr/local/lib/android/sdk/platforms/android-35/data/res/values-mcc310-mnc490-ro: Cannot utime: Operation not permitted
build	Cache Android SDK	2026-06-06T12:22:45.5625866Z /usr/bin/tar: ../../../../../usr/local/lib/android/sdk/platforms/android-35/data/res/values-mcc310-mnc490-ro: Cannot change mode to rwxr-xr-x: Operation not permitted
build	Cache Android SDK	2026-06-06T12:22:45.5627827Z /usr/bin/tar: ../../../../../usr/local/lib/android/sdk/platforms/android-35/data/res/values-mcc310-mnc270-zh-rTW: Cannot utime: Operation not permitted
build	Cache Android SDK	2026-06-06T12:22:45.5628854Z /usr/bin/tar: ../../../../../usr/local/lib/android/sdk/platforms/android-35/data/res/values-mcc310-mnc270-zh-rTW: Cannot change mode to rwxr-xr-x: Operation not permitted
build	Cache Android SDK	2026-06-06T12:22:45.5630745Z /usr/bin/tar: ../../../../../usr/local/lib/android/sdk/platforms/android-35/data/res/values-mcc310-mnc380-nl: Cannot utime: Operation not permitted
build	Cache Android SDK	2026-06-06T12:22:45.5631660Z /usr/bin/tar: ../../../../../usr/local/lib/android/sdk/platforms/android-35/data/res/values-mcc310-mnc380-nl: Cannot change mode to rwxr-xr-x: Operation not permitted
build	Cache Android SDK	2026-06-06T12:22:45.5634939Z /usr/bin/tar: ../../../../../usr/local/lib/android/sdk/platforms/android-35/data/res/values-en-rSG: Cannot utime: Operation not permitted
build	Cache Android SDK	2026-06-06T12:22:45.5635793Z /usr/bin/tar: ../../../../../usr/local/lib/android/sdk/platforms/android-35/data/res/values-en-rSG: Cannot change mode to rwxr-xr-x: Operation not permitted
build	Cache Android SDK	2026-06-06T12:22:45.5638316Z /usr/bin/tar: ../../../../../usr/local/lib/android/sdk/platforms/android-35/data/res/drawable-en-mdpi: Cannot utime: Operation not permitted
build	Cache Android SDK	2026-06-06T12:22:45.5639375Z /usr/bin/tar: ../../../../../usr/local/lib/android/sdk/platforms/android-35/data/res/drawable-en-mdpi: Cannot change mode to rwxr-xr-x: Operation not permitted
build	Cache Android SDK	2026-06-06T12:22:45.5641405Z /usr/bin/tar: ../../../../../usr/local/lib/android/sdk/platforms/android-35/data/res/values-mcc302-mnc720-pt-rPT: Cannot utime: Operation not permitted
build	Cache Android SDK	2026-06-06T12:22:45.5642361Z /usr/bin/tar: ../../../../../usr/local/lib/android/sdk/platforms/android-35/data/res/values-mcc302-mnc720-pt-rPT: Cannot change mode to rwxr-xr-x: Operation not permitted
build	Cache Android SDK	2026-06-06T12:22:45.5644631Z /usr/bin/tar: ../../../../../usr/local/lib/android/sdk/platforms/android-35/data/res/raw-fr: Cannot utime: Operation not permitted
build	Cache Android SDK	2026-06-06T12:22:45.5645436Z /usr/bin/tar: ../../../../../usr/local/lib/android/sdk/platforms/android-35/data/res/raw-fr: Cannot change mode to rwxr-xr-x: Operation not permitted
build	Cache Android SDK	2026-06-06T12:22:45.5647932Z /usr/bin/tar: ../../../../../usr/local/lib/android/sdk/platforms/android-35/data/res/values-mcc310-mnc530: Cannot utime: Operation not permitted
build	Cache Android SDK	2026-06-06T12:22:45.5648844Z /usr/bin/tar: ../../../../../usr/local/lib/android/sdk/platforms/android-35/data/res/values-mcc310-mnc530: Cannot change mode to rwxr-xr-x: Operation not permitted
build	Cache Android SDK	2026-06-06T12:22:45.5651832Z /usr/bin/tar: ../../../../../usr/local/lib/android/sdk/platforms/android-35/data/res/values-mcc311-mnc180-ru: Cannot utime: Operation not permitted
build	Cache Android SDK	2026-06-06T12:22:45.5653317Z /usr/bin/tar: ../../../../../usr/local/lib/android/sdk/platforms/android-35/data/res/values-mcc311-mnc180-ru: Cannot change mode to rwxr-xr-x: Operation not permitted
build	Cache Android SDK	2026-06-06T12:22:45.5654607Z /usr/bin/tar: ../../../../../usr/local/lib/android/sdk/platforms/android-35/data/res/values-mcc302-mnc370-hu: Cannot utime: Operation not permitted
build	Cache Android SDK	2026-06-06T12:22:45.5655535Z /usr/bin/tar: ../../../../../usr/local/lib/android/sdk/platforms/android-35/data/res/values-mcc302-mnc370-hu: Cannot change mode to rwxr-xr-x: Operation not permitted
build	Cache Android SDK	2026-06-06T12:22:45.5657976Z /usr/bin/tar: ../../../../../usr/local/lib/android/sdk/platforms/android-35/data/res/values-mcc310-mnc210-cs: Cannot utime: Operation not permitted
build	Cache Android SDK	2026-06-06T12:22:45.5658927Z /usr/bin/tar: ../../../../../usr/local/lib/android/sdk/platforms/android-35/data/res/values-mcc310-mnc210-cs: Cannot change mode to rwxr-xr-x: Operation not permitted
build	Cache Android SDK	2026-06-06T12:22:45.5661746Z /usr/bin/tar: ../../../../../usr/local/lib/android/sdk/platforms/android-35/data/res/values-mcc312-mnc670-hi: Cannot utime: Operation not permitted
build	Cache Android SDK	2026-06-06T12:22:45.5662692Z /usr/bin/tar: ../../../../../usr/local/lib/android/sdk/platforms/android-35/data/res/values-mcc312-mnc670-hi: Cannot change mode to rwxr-xr-x: Operation not permitted
build	Cache Android SDK	2026-06-06T12:22:45.5664602Z /usr/bin/tar: ../../../../../usr/local/lib/android/sdk/platforms/android-35/data/res/values-mcc302-mnc720-km: Cannot utime: Operation not permitted
build	Cache Android SDK	2026-06-06T12:22:45.5665735Z /usr/bin/tar: ../../../../../usr/local/lib/android/sdk/platforms/android-35/data/res/values-mcc302-mnc720-km: Cannot change mode to rwxr-xr-x: Operation not permitted
build	Cache Android SDK	2026-06-06T12:22:45.5668122Z /usr/bin/tar: ../../../../../usr/local/lib/android/sdk/platforms/android-35/data/res/values-sl-television: Cannot utime: Operation not permitted
build	Cache Android SDK	2026-06-06T12:22:45.5669230Z /usr/bin/tar: ../../../../../usr/local/lib/android/sdk/platforms/android-35/data/res/values-sl-television: Cannot change mode to rwxr-xr-x: Operation not permitted
build	Cache Android SDK	2026-06-06T12:22:45.5671425Z /usr/bin/tar: ../../../../../usr/local/lib/android/sdk/platforms/android-35/data/res/values-fr-feminine: Cannot utime: Operation not permitted
build	Cache Android SDK	2026-06-06T12:22:45.5672332Z /usr/bin/tar: ../../../../../usr/local/lib/android/sdk/platforms/android-35/data/res/values-fr-feminine: Cannot change mode to rwxr-xr-x: Operation not permitted
build	Cache Android SDK	2026-06-06T12:22:45.5674427Z /usr/bin/tar: ../../../../../usr/local/lib/android/sdk/platforms/android-35/data/res/values-mcc310-mnc220-en-rAU: Cannot utime: Operation not permitted
build	Cache Android SDK	2026-06-06T12:22:45.5675415Z /usr/bin/tar: ../../../../../usr/local/lib/android/sdk/platforms/android-35/data/res/values-mcc310-mnc220-en-rAU: Cannot change mode to rwxr-xr-x: Operation not permitted
build	Cache Android SDK	2026-06-06T12:22:45.5677949Z /usr/bin/tar: ../../../../../usr/local/lib/android/sdk/platforms/android-35/data/res/values-mcc310-mnc490-ko: Cannot utime: Operation not permitted
build	Cache Android SDK	2026-06-06T12:22:45.5678883Z /usr/bin/tar: ../../../../../usr/local/lib/android/sdk/platforms/android-35/data/res/values-mcc310-mnc490-ko: Cannot change mode to rwxr-xr-x: Operation not permitted
build	Cache Android SDK	2026-06-06T12:22:45.5680800Z /usr/bin/tar: ../../../../../usr/local/lib/android/sdk/platforms/android-35/data/res/values-mcc302-mnc370-ml: Cannot utime: Operation not permitted
build	Cache Android SDK	2026-06-06T12:22:45.5681713Z /usr/bin/tar: ../../../../../usr/local/lib/android/sdk/platforms/android-35/data/res/values-mcc302-mnc370-ml: Cannot change mode to rwxr-xr-x: Operation not permitted
build	Cache Android SDK	2026-06-06T12:22:45.5684153Z /usr/bin/tar: ../../../../../usr/local/lib/android/sdk/platforms/android-35/data/res/values-mcc310-mnc170-ka: Cannot utime: Operation not permitted
build	Cache Android SDK	2026-06-06T12:22:45.5685081Z /usr/bin/tar: ../../../../../usr/local/lib/android/sdk/platforms/android-35/data/res/values-mcc310-mnc170-ka: Cannot change mode to rwxr-xr-x: Operation not permitted
build	Cache Android SDK	2026-06-06T12:22:45.5690553Z /usr/bin/tar: ../../../../../usr/local/lib/android/sdk/platforms/android-35/data/res/values-b+sr+Latn: Cannot utime: Operation not permitted
build	Cache Android SDK	2026-06-06T12:22:45.5691557Z /usr/bin/tar: ../../../../../usr/local/lib/android/sdk/platforms/android-35/data/res/values-b+sr+Latn: Cannot change mode to rwxr-xr-x: Operation not permitted
build	Cache Android SDK	2026-06-06T12:22:45.5694075Z /usr/bin/tar: ../../../../../usr/local/lib/android/sdk/platforms/android-35/data/res/values-mcc310-mnc280-uk: Cannot utime: Operation not permitted
build	Cache Android SDK	2026-06-06T12:22:45.5694990Z /usr/bin/tar: ../../../../../usr/local/lib/android/sdk/platforms/android-35/data/res/values-mcc310-mnc280-uk: Cannot change mode to rwxr-xr-x: Operation not permitted
build	Cache Android SDK	2026-06-06T12:22:45.5698565Z /usr/bin/tar: ../../../../../usr/local/lib/android/sdk/platforms/android-35/data/res/values-mcc310-mnc220-hu: Cannot utime: Operation not permitted
build	Cache Android SDK	2026-06-06T12:22:45.5699601Z /usr/bin/tar: ../../../../../usr/local/lib/android/sdk/platforms/android-35/data/res/values-mcc310-mnc220-hu: Cannot change mode to rwxr-xr-x: Operation not permitted
build	Cache Android SDK	2026-06-06T12:22:45.5704768Z /usr/bin/tar: ../../../../../usr/local/lib/android/sdk/platforms/android-35/data/res/values-mcc310-mnc230-tr: Cannot utime: Operation not permitted
build	Cache Android SDK	2026-06-06T12:22:45.5705670Z /usr/bin/tar: ../../../../../usr/local/lib/android/sdk/platforms/android-35/data/res/values-mcc310-mnc230-tr: Cannot change mode to rwxr-xr-x: Operation not permitted
build	Cache Android SDK	2026-06-06T12:22:45.5711101Z /usr/bin/tar: ../../../../../usr/local/lib/android/sdk/platforms/android-35/data/res/values-mcc310-mnc230-sv: Cannot utime: Operation not permitted
build	Cache Android SDK	2026-06-06T12:22:45.5712017Z /usr/bin/tar: ../../../../../usr/local/lib/android/sdk/platforms/android-35/data/res/values-mcc310-mnc230-sv: Cannot change mode to rwxr-xr-x: Operation not permitted
build	Cache Android SDK	2026-06-06T12:22:45.5714226Z /usr/bin/tar: ../../../../../usr/local/lib/android/sdk/platforms/android-35/data/res/values-ar-rIL: Cannot utime: Operation not permitted
build	Cache Android SDK	2026-06-06T12:22:45.5715079Z /usr/bin/tar: ../../../../../usr/local/lib/android/sdk/platforms/android-35/data/res/values-ar-rIL: Cannot change mode to rwxr-xr-x: Operation not permitted
build	Cache Android SDK	2026-06-06T12:22:45.5717900Z /usr/bin/tar: ../../../../../usr/local/lib/android/sdk/platforms/android-35/data/res/values-te-television: Cannot utime: Operation not permitted
build	Cache Android SDK	2026-06-06T12:22:45.5718858Z /usr/bin/tar: ../../../../../usr/local/lib/android/sdk/platforms/android-35/data/res/values-te-television: Cannot change mode to rwxr-xr-x: Operation not permitted
build	Cache Android SDK	2026-06-06T12:22:45.5721618Z /usr/bin/tar: ../../../../../usr/local/lib/android/sdk/platforms/android-35/data/res/values-mcc310-mnc160-pt: Cannot utime: Operation not permitted
build	Cache Android SDK	2026-06-06T12:22:45.5723173Z /usr/bin/tar: ../../../../../usr/local/lib/android/sdk/platforms/android-35/data/res/values-mcc310-mnc160-pt: Cannot change mode to rwxr-xr-x: Operation not permitted
build	Cache Android SDK	2026-06-06T12:22:45.5724848Z /usr/bin/tar: ../../../../../usr/local/lib/android/sdk/platforms/android-35/data/res/values-mcc310-mnc660-ur: Cannot utime: Operation not permitted
build	Cache Android SDK	2026-06-06T12:22:45.5725760Z /usr/bin/tar: ../../../../../usr/local/lib/android/sdk/platforms/android-35/data/res/values-mcc310-mnc660-ur: Cannot change mode to rwxr-xr-x: Operation not permitted
build	Cache Android SDK	2026-06-06T12:22:45.5728054Z /usr/bin/tar: ../../../../../usr/local/lib/android/sdk/platforms/android-35/data/res/values-mcc334-mnc020-cs: Cannot utime: Operation not permitted
build	Cache Android SDK	2026-06-06T12:22:45.5728955Z /usr/bin/tar: ../../../../../usr/local/lib/android/sdk/platforms/android-35/data/res/values-mcc334-mnc020-cs: Cannot change mode to rwxr-xr-x: Operation not permitted
build	Cache Android SDK	2026-06-06T12:22:45.5735158Z /usr/bin/tar: ../../../../../usr/local/lib/android/sdk/platforms/android-35/data/res/values-zh-rTW: Cannot utime: Operation not permitted
build	Cache Android SDK	2026-06-06T12:22:45.5736050Z /usr/bin/tar: ../../../../../usr/local/lib/android/sdk/platforms/android-35/data/res/values-zh-rTW: Cannot change mode to rwxr-xr-x: Operation not permitted
build	Cache Android SDK	2026-06-06T12:22:45.5738652Z /usr/bin/tar: ../../../../../usr/local/lib/android/sdk/platforms/android-35/data/res/values-mcc310-mnc200-uz: Cannot utime: Operation not permitted
build	Cache Android SDK	2026-06-06T12:22:45.5739578Z /usr/bin/tar: ../../../../../usr/local/lib/android/sdk/platforms/android-35/data/res/values-mcc310-mnc200-uz: Cannot change mode to rwxr-xr-x: Operation not permitted
build	Cache Android SDK	2026-06-06T12:22:45.5741675Z /usr/bin/tar: ../../../../../usr/local/lib/android/sdk/platforms/android-35/data/res/values-mcc310-mnc410-sw: Cannot utime: Operation not permitted
build	Cache Android SDK	2026-06-06T12:22:45.5742596Z /usr/bin/tar: ../../../../../usr/local/lib/android/sdk/platforms/android-35/data/res/values-mcc310-mnc410-sw: Cannot change mode to rwxr-xr-x: Operation not permitted
build	Cache Android SDK	2026-06-06T12:22:45.5745968Z /usr/bin/tar: ../../../../../usr/local/lib/android/sdk/platforms/android-35/data/res/values-el-rGR: Cannot utime: Operation not permitted
build	Cache Android SDK	2026-06-06T12:22:45.5746849Z /usr/bin/tar: ../../../../../usr/local/lib/android/sdk/platforms/android-35/data/res/values-el-rGR: Cannot change mode to rwxr-xr-x: Operation not permitted
build	Cache Android SDK	2026-06-06T12:22:45.5749076Z /usr/bin/tar: ../../../../../usr/local/lib/android/sdk/platforms/android-35/data/res/values-mcc310-mnc800-hy: Cannot utime: Operation not permitted
build	Cache Android SDK	2026-06-06T12:22:45.5749982Z /usr/bin/tar: ../../../../../usr/local/lib/android/sdk/platforms/android-35/data/res/values-mcc310-mnc800-hy: Cannot change mode to rwxr-xr-x: Operation not permitted
build	Cache Android SDK	2026-06-06T12:22:45.5753398Z /usr/bin/tar: ../../../../../usr/local/lib/android/sdk/platforms/android-35/data/res/values-mcc302-mnc720: Cannot utime: Operation not permitted
build	Cache Android SDK	2026-06-06T12:22:45.5754311Z /usr/bin/tar: ../../../../../usr/local/lib/android/sdk/platforms/android-35/data/res/values-mcc302-mnc720: Cannot change mode to rwxr-xr-x: Operation not permitted
build	Cache Android SDK	2026-06-06T12:22:45.5756383Z /usr/bin/tar: ../../../../../usr/local/lib/android/sdk/platforms/android-35/data/res/values-mcc313-mnc100-sl: Cannot utime: Operation not permitted
build	Cache Android SDK	2026-06-06T12:22:45.5757279Z /usr/bin/tar: ../../../../../usr/local/lib/android/sdk/platforms/android-35/data/res/values-mcc313-mnc100-sl: Cannot change mode to rwxr-xr-x: Operation not permitted
build	Cache Android SDK	2026-06-06T12:22:45.5759716Z /usr/bin/tar: ../../../../../usr/local/lib/android/sdk/platforms/android-35/data/res/values-mcc312-mnc670-zh-rTW: Cannot utime: Operation not permitted
build	Cache Android SDK	2026-06-06T12:22:45.5760671Z /usr/bin/tar: ../../../../../usr/local/lib/android/sdk/platforms/android-35/data/res/values-mcc312-mnc670-zh-rTW: Cannot change mode to rwxr-xr-x: Operation not permitted
build	Cache Android SDK	2026-06-06T12:22:45.5762662Z /usr/bin/tar: ../../../../../usr/local/lib/android/sdk/platforms/android-35/data/res/values-mcc310-mnc560-ur: Cannot utime: Operation not permitted
build	Cache Android SDK	2026-06-06T12:22:45.5763658Z /usr/bin/tar: ../../../../../usr/local/lib/android/sdk/platforms/android-35/data/res/values-mcc310-mnc560-ur: Cannot change mode to rwxr-xr-x: Operation not permitted
build	Cache Android SDK	2026-06-06T12:22:45.5765731Z /usr/bin/tar: ../../../../../usr/local/lib/android/sdk/platforms/android-35/data/res/values-mcc310-mnc170-am: Cannot utime: Operation not permitted
build	Cache Android SDK	2026-06-06T12:22:45.5766638Z /usr/bin/tar: ../../../../../usr/local/lib/android/sdk/platforms/android-35/data/res/values-mcc310-mnc170-am: Cannot change mode to rwxr-xr-x: Operation not permitted
build	Cache Android SDK	2026-06-06T12:22:45.5769200Z /usr/bin/tar: ../../../../../usr/local/lib/android/sdk/platforms/android-35/data/res/values-mcc310-mnc800-nb: Cannot utime: Operation not permitted
build	Cache Android SDK	2026-06-06T12:22:45.5770102Z /usr/bin/tar: ../../../../../usr/local/lib/android/sdk/platforms/android-35/data/res/values-mcc310-mnc800-nb: Cannot change mode to rwxr-xr-x: Operation not permitted
build	Cache Android SDK	2026-06-06T12:22:45.5772408Z /usr/bin/tar: ../../../../../usr/local/lib/android/sdk/platforms/android-35/data/res/values-mcc310-mnc800-b+sr+Latn: Cannot utime: Operation not permitted
build	Cache Android SDK	2026-06-06T12:22:45.5773374Z /usr/bin/tar: ../../../../../usr/local/lib/android/sdk/platforms/android-35/data/res/values-mcc310-mnc800-b+sr+Latn: Cannot change mode to rwxr-xr-x: Operation not permitted
build	Cache Android SDK	2026-06-06T12:22:45.5775935Z /usr/bin/tar: ../../../../../usr/local/lib/android/sdk/platforms/android-35/data/res/values-mcc310-mnc150-be: Cannot utime: Operation not permitted
build	Cache Android SDK	2026-06-06T12:22:45.5776853Z /usr/bin/tar: ../../../../../usr/local/lib/android/sdk/platforms/android-35/data/res/values-mcc310-mnc150-be: Cannot change mode to rwxr-xr-x: Operation not permitted
build	Cache Android SDK	2026-06-06T12:22:45.5778979Z /usr/bin/tar: ../../../../../usr/local/lib/android/sdk/platforms/android-35/data/res/values-mcc310-mnc560-ja: Cannot utime: Operation not permitted
build	Cache Android SDK	2026-06-06T12:22:45.5779891Z /usr/bin/tar: ../../../../../usr/local/lib/android/sdk/platforms/android-35/data/res/values-mcc310-mnc560-ja: Cannot change mode to rwxr-xr-x: Operation not permitted
build	Cache Android SDK	2026-06-06T12:22:45.5782318Z /usr/bin/tar: ../../../../../usr/local/lib/android/sdk/platforms/android-35/data/res/values-mcc310-mnc210-sq: Cannot utime: Operation not permitted
build	Cache Android SDK	2026-06-06T12:22:45.5783230Z /usr/bin/tar: ../../../../../usr/local/lib/android/sdk/platforms/android-35/data/res/values-mcc310-mnc210-sq: Cannot change mode to rwxr-xr-x: Operation not permitted
build	Cache Android SDK	2026-06-06T12:22:45.5785639Z /usr/bin/tar: ../../../../../usr/local/lib/android/sdk/platforms/android-35/data/res/values-w228dp: Cannot utime: Operation not permitted
build	Cache Android SDK	2026-06-06T12:22:45.5786638Z /usr/bin/tar: ../../../../../usr/local/lib/android/sdk/platforms/android-35/data/res/values-w228dp: Cannot change mode to rwxr-xr-x: Operation not permitted
build	Cache Android SDK	2026-06-06T12:22:45.5788986Z /usr/bin/tar: ../../../../../usr/local/lib/android/sdk/platforms/android-35/data/res/values-mcc312-mnc670-ms: Cannot utime: Operation not permitted
build	Cache Android SDK	2026-06-06T12:22:45.5789900Z /usr/bin/tar: ../../../../../usr/local/lib/android/sdk/platforms/android-35/data/res/values-mcc312-mnc670-ms: Cannot change mode to rwxr-xr-x: Operation not permitted
build	Cache Android SDK	2026-06-06T12:22:45.5792181Z /usr/bin/tar: ../../../../../usr/local/lib/android/sdk/platforms/android-35/data/res/values-mcc302-mnc720-sw: Cannot utime: Operation not permitted
build	Cache Android SDK	2026-06-06T12:22:45.5793100Z /usr/bin/tar: ../../../../../usr/local/lib/android/sdk/platforms/android-35/data/res/values-mcc302-mnc720-sw: Cannot change mode to rwxr-xr-x: Operation not permitted
build	Cache Android SDK	2026-06-06T12:22:45.5795567Z /usr/bin/tar: ../../../../../usr/local/lib/android/sdk/platforms/android-35/data/res/values-mcc310-mnc160-de: Cannot utime: Operation not permitted
build	Cache Android SDK	2026-06-06T12:22:45.5796486Z /usr/bin/tar: ../../../../../usr/local/lib/android/sdk/platforms/android-35/data/res/values-mcc310-mnc160-de: Cannot change mode to rwxr-xr-x: Operation not permitted
build	Cache Android SDK	2026-06-06T12:22:45.5799329Z /usr/bin/tar: ../../../../../usr/local/lib/android/sdk/platforms/android-35/data/res/values-mcc310-mnc230-ru: Cannot utime: Operation not permitted
build	Cache Android SDK	2026-06-06T12:22:45.5800372Z /usr/bin/tar: ../../../../../usr/local/lib/android/sdk/platforms/android-35/data/res/values-mcc310-mnc230-ru: Cannot change mode to rwxr-xr-x: Operation not permitted
build	Cache Android SDK	2026-06-06T12:22:45.5802832Z /usr/bin/tar: ../../../../../usr/local/lib/android/sdk/platforms/android-35/data/res/values-mcc310-mnc170-en-rCA: Cannot utime: Operation not permitted
build	Cache Android SDK	2026-06-06T12:22:45.5803780Z /usr/bin/tar: ../../../../../usr/local/lib/android/sdk/platforms/android-35/data/res/values-mcc310-mnc170-en-rCA: Cannot change mode to rwxr-xr-x: Operation not permitted
build	Cache Android SDK	2026-06-06T12:22:45.5806086Z /usr/bin/tar: ../../../../../usr/local/lib/android/sdk/platforms/android-35/data/res/values-mcc313-mnc100-or: Cannot utime: Operation not permitted
build	Cache Android SDK	2026-06-06T12:22:45.5807078Z /usr/bin/tar: ../../../../../usr/local/lib/android/sdk/platforms/android-35/data/res/values-mcc313-mnc100-or: Cannot change mode to rwxr-xr-x: Operation not permitted
build	Cache Android SDK	2026-06-06T12:22:45.5809173Z /usr/bin/tar: ../../../../../usr/local/lib/android/sdk/platforms/android-35/data/res/values-mcc312-mnc670-sv: Cannot utime: Operation not permitted
build	Cache Android SDK	2026-06-06T12:22:45.5810109Z /usr/bin/tar: ../../../../../usr/local/lib/android/sdk/platforms/android-35/data/res/values-mcc312-mnc670-sv: Cannot change mode to rwxr-xr-x: Operation not permitted
build	Cache Android SDK	2026-06-06T12:22:45.5812081Z /usr/bin/tar: ../../../../../usr/local/lib/android/sdk/platforms/android-35/data/res/values-mcc334-mnc020-ca: Cannot utime: Operation not permitted
build	Cache Android SDK	2026-06-06T12:22:45.5813000Z /usr/bin/tar: ../../../../../usr/local/lib/android/sdk/platforms/android-35/data/res/values-mcc334-mnc020-ca: Cannot change mode to rwxr-xr-x: Operation not permitted
build	Cache Android SDK	2026-06-06T12:22:45.5815496Z /usr/bin/tar: ../../../../../usr/local/lib/android/sdk/platforms/android-35/data/res/menu: Cannot utime: Operation not permitted
build	Cache Android SDK	2026-06-06T12:22:45.5816309Z /usr/bin/tar: ../../../../../usr/local/lib/android/sdk/platforms/android-35/data/res/menu: Cannot change mode to rwxr-xr-x: Operation not permitted
build	Cache Android SDK	2026-06-06T12:22:45.5819107Z /usr/bin/tar: ../../../../../usr/local/lib/android/sdk/platforms/android-35/data/res/values-mcc310-mnc560-bn: Cannot utime: Operation not permitted
build	Cache Android SDK	2026-06-06T12:22:45.5820023Z /usr/bin/tar: ../../../../../usr/local/lib/android/sdk/platforms/android-35/data/res/values-mcc310-mnc560-bn: Cannot change mode to rwxr-xr-x: Operation not permitted
build	Cache Android SDK	2026-06-06T12:22:45.5822117Z /usr/bin/tar: ../../../../../usr/local/lib/android/sdk/platforms/android-35/data/res/values-mcc310-mnc270-hy: Cannot utime: Operation not permitted
build	Cache Android SDK	2026-06-06T12:22:45.5823026Z /usr/bin/tar: ../../../../../usr/local/lib/android/sdk/platforms/android-35/data/res/values-mcc310-mnc270-hy: Cannot change mode to rwxr-xr-x: Operation not permitted
build	Cache Android SDK	2026-06-06T12:22:45.5825110Z /usr/bin/tar: ../../../../../usr/local/lib/android/sdk/platforms/android-35/data/res/values-mcc310-mnc200-az: Cannot utime: Operation not permitted
build	Cache Android SDK	2026-06-06T12:22:45.5826009Z /usr/bin/tar: ../../../../../usr/local/lib/android/sdk/platforms/android-35/data/res/values-mcc310-mnc200-az: Cannot change mode to rwxr-xr-x: Operation not permitted
build	Cache Android SDK	2026-06-06T12:22:45.5828022Z /usr/bin/tar: ../../../../../usr/local/lib/android/sdk/platforms/android-35/data/res/values-mcc310-mnc220-cs: Cannot utime: Operation not permitted
build	Cache Android SDK	2026-06-06T12:22:45.5828932Z /usr/bin/tar: ../../../../../usr/local/lib/android/sdk/platforms/android-35/data/res/values-mcc310-mnc220-cs: Cannot change mode to rwxr-xr-x: Operation not permitted
build	Cache Android SDK	2026-06-06T12:22:45.5831197Z /usr/bin/tar: ../../../../../usr/local/lib/android/sdk/platforms/android-35/data/res/values-w720dp: Cannot utime: Operation not permitted
build	Cache Android SDK	2026-06-06T12:22:45.5832051Z /usr/bin/tar: ../../../../../usr/local/lib/android/sdk/platforms/android-35/data/res/values-w720dp: Cannot change mode to rwxr-xr-x: Operation not permitted
build	Cache Android SDK	2026-06-06T12:22:45.5834261Z /usr/bin/tar: ../../../../../usr/local/lib/android/sdk/platforms/android-35/data/res/values-mcc310-mnc200-sw: Cannot utime: Operation not permitted
build	Cache Android SDK	2026-06-06T12:22:45.5835270Z /usr/bin/tar: ../../../../../usr/local/lib/android/sdk/platforms/android-35/data/res/values-mcc310-mnc200-sw: Cannot change mode to rwxr-xr-x: Operation not permitted
build	Cache Android SDK	2026-06-06T12:22:45.5838563Z /usr/bin/tar: ../../../../../usr/local/lib/android/sdk/platforms/android-35/data/res/values-mcc310-mnc950-it: Cannot utime: Operation not permitted
build	Cache Android SDK	2026-06-06T12:22:45.5839653Z /usr/bin/tar: ../../../../../usr/local/lib/android/sdk/platforms/android-35/data/res/values-mcc310-mnc950-it: Cannot change mode to rwxr-xr-x: Operation not permitted
build	Cache Android SDK	2026-06-06T12:22:45.5841406Z /usr/bin/tar: ../../../../../usr/local/lib/android/sdk/platforms/android-35/data/res/values-mcc312-mnc670-en-rXC: Cannot utime: Operation not permitted
build	Cache Android SDK	2026-06-06T12:22:45.5842376Z /usr/bin/tar: ../../../../../usr/local/lib/android/sdk/platforms/android-35/data/res/values-mcc312-mnc670-en-rXC: Cannot change mode to rwxr-xr-x: Operation not permitted
build	Cache Android SDK	2026-06-06T12:22:45.5844868Z /usr/bin/tar: ../../../../../usr/local/lib/android/sdk/platforms/android-35/data/res/values-mcc310-mnc030-ru: Cannot utime: Operation not permitted
build	Cache Android SDK	2026-06-06T12:22:45.5845836Z /usr/bin/tar: ../../../../../usr/local/lib/android/sdk/platforms/android-35/data/res/values-mcc310-mnc030-ru: Cannot change mode to rwxr-xr-x: Operation not permitted
build	Cache Android SDK	2026-06-06T12:22:45.5847686Z /usr/bin/tar: ../../../../../usr/local/lib/android/sdk/platforms/android-35/data/res/values-mcc310-mnc950-ko: Cannot utime: Operation not permitted
build	Cache Android SDK	2026-06-06T12:22:45.5848637Z /usr/bin/tar: ../../../../../usr/local/lib/android/sdk/platforms/android-35/data/res/values-mcc310-mnc950-ko: Cannot change mode to rwxr-xr-x: Operation not permitted
build	Cache Android SDK	2026-06-06T12:22:45.5850738Z /usr/bin/tar: ../../../../../usr/local/lib/android/sdk/platforms/android-35/data/res/values-mcc310-mnc490-iw: Cannot utime: Operation not permitted
build	Cache Android SDK	2026-06-06T12:22:45.5851676Z /usr/bin/tar: ../../../../../usr/local/lib/android/sdk/platforms/android-35/data/res/values-mcc310-mnc490-iw: Cannot change mode to rwxr-xr-x: Operation not permitted
build	Cache Android SDK	2026-06-06T12:22:45.5854418Z /usr/bin/tar: ../../../../../usr/local/lib/android/sdk/platforms/android-35/data/res/values-mcc310-mnc660-uk: Cannot utime: Operation not permitted
build	Cache Android SDK	2026-06-06T12:22:45.5855340Z /usr/bin/tar: ../../../../../usr/local/lib/android/sdk/platforms/android-35/data/res/values-mcc310-mnc660-uk: Cannot change mode to rwxr-xr-x: Operation not permitted
build	Cache Android SDK	2026-06-06T12:22:45.5857553Z /usr/bin/tar: ../../../../../usr/local/lib/android/sdk/platforms/android-35/data/res/values-mcc310-mnc030-sv: Cannot utime: Operation not permitted
build	Cache Android SDK	2026-06-06T12:22:45.5858483Z /usr/bin/tar: ../../../../../usr/local/lib/android/sdk/platforms/android-35/data/res/values-mcc310-mnc030-sv: Cannot change mode to rwxr-xr-x: Operation not permitted
build	Cache Android SDK	2026-06-06T12:22:45.5860734Z /usr/bin/tar: ../../../../../usr/local/lib/android/sdk/platforms/android-35/data/res/values-w205dp: Cannot utime: Operation not permitted
build	Cache Android SDK	2026-06-06T12:22:45.5861684Z /usr/bin/tar: ../../../../../usr/local/lib/android/sdk/platforms/android-35/data/res/values-w205dp: Cannot change mode to rwxr-xr-x: Operation not permitted
build	Cache Android SDK	2026-06-06T12:22:45.5864634Z /usr/bin/tar: ../../../../../usr/local/lib/android/sdk/platforms/android-35/data/res/values-mcc310-mnc490-in: Cannot utime: Operation not permitted
build	Cache Android SDK	2026-06-06T12:22:45.5865680Z /usr/bin/tar: ../../../../../usr/local/lib/android/sdk/platforms/android-35/data/res/values-mcc310-mnc490-in: Cannot change mode to rwxr-xr-x: Operation not permitted
build	Cache Android SDK	2026-06-06T12:22:45.5868391Z /usr/bin/tar: ../../../../../usr/local/lib/android/sdk/platforms/android-35/data/res/values-mcc310-mnc220-hi: Cannot utime: Operation not permitted
build	Cache Android SDK	2026-06-06T12:22:45.5870086Z /usr/bin/tar: ../../../../../usr/local/lib/android/sdk/platforms/android-35/data/res/values-mcc310-mnc220-hi: Cannot change mode to rwxr-xr-x: Operation not permitted
build	Cache Android SDK	2026-06-06T12:22:45.5875962Z /usr/bin/tar: ../../../../../usr/local/lib/android/sdk/platforms/android-35/data/res/values-de: Cannot utime: Operation not permitted
build	Cache Android SDK	2026-06-06T12:22:45.5876969Z /usr/bin/tar: ../../../../../usr/local/lib/android/sdk/platforms/android-35/data/res/values-de: Cannot change mode to rwxr-xr-x: Operation not permitted
build	Cache Android SDK	2026-06-06T12:22:45.5879133Z /usr/bin/tar: ../../../../../usr/local/lib/android/sdk/platforms/android-35/data/res/values-mcc310-mnc250-bs: Cannot utime: Operation not permitted
build	Cache Android SDK	2026-06-06T12:22:45.5880076Z /usr/bin/tar: ../../../../../usr/local/lib/android/sdk/platforms/android-35/data/res/values-mcc310-mnc250-bs: Cannot change mode to rwxr-xr-x: Operation not permitted
build	Cache Android SDK	2026-06-06T12:22:45.5882467Z /usr/bin/tar: ../../../../../usr/local/lib/android/sdk/platforms/android-35/data/res/values-mcc310-mnc170-cs: Cannot utime: Operation not permitted
build	Cache Android SDK	2026-06-06T12:22:45.5883393Z /usr/bin/tar: ../../../../../usr/local/lib/android/sdk/platforms/android-35/data/res/values-mcc310-mnc170-cs: Cannot change mode to rwxr-xr-x: Operation not permitted
build	Cache Android SDK	2026-06-06T12:22:45.5885445Z /usr/bin/tar: ../../../../../usr/local/lib/android/sdk/platforms/android-35/data/res/values-mcc310-mnc660-es: Cannot utime: Operation not permitted
build	Cache Android SDK	2026-06-06T12:22:45.5886384Z /usr/bin/tar: ../../../../../usr/local/lib/android/sdk/platforms/android-35/data/res/values-mcc310-mnc660-es: Cannot change mode to rwxr-xr-x: Operation not permitted
build	Cache Android SDK	2026-06-06T12:22:45.5888360Z /usr/bin/tar: ../../../../../usr/local/lib/android/sdk/platforms/android-35/data/res/values-mcc313-mnc100-sk: Cannot utime: Operation not permitted
build	Cache Android SDK	2026-06-06T12:22:45.5889306Z /usr/bin/tar: ../../../../../usr/local/lib/android/sdk/platforms/android-35/data/res/values-mcc313-mnc100-sk: Cannot change mode to rwxr-xr-x: Operation not permitted
build	Cache Android SDK	2026-06-06T12:22:45.5891466Z /usr/bin/tar: ../../../../../usr/local/lib/android/sdk/platforms/android-35/data/res/values-mcc310-mnc310-zh-rHK: Cannot utime: Operation not permitted
build	Cache Android SDK	2026-06-06T12:22:45.5892414Z /usr/bin/tar: ../../../../../usr/local/lib/android/sdk/platforms/android-35/data/res/values-mcc310-mnc310-zh-rHK: Cannot change mode to rwxr-xr-x: Operation not permitted
build	Cache Android SDK	2026-06-06T12:22:45.5896171Z /usr/bin/tar: ../../../../../usr/local/lib/android/sdk/platforms/android-35/data/res/values-mcc001-mnc01-pl: Cannot utime: Operation not permitted
build	Cache Android SDK	2026-06-06T12:22:45.5897225Z /usr/bin/tar: ../../../../../usr/local/lib/android/sdk/platforms/android-35/data/res/values-mcc001-mnc01-pl: Cannot change mode to rwxr-xr-x: Operation not permitted
build	Cache Android SDK	2026-06-06T12:22:45.5899877Z /usr/bin/tar: ../../../../../usr/local/lib/android/sdk/platforms/android-35/data/res/values-mcc310-mnc250-gu: Cannot utime: Operation not permitted
build	Cache Android SDK	2026-06-06T12:22:45.5900796Z /usr/bin/tar: ../../../../../usr/local/lib/android/sdk/platforms/android-35/data/res/values-mcc310-mnc250-gu: Cannot change mode to rwxr-xr-x: Operation not permitted
build	Cache Android SDK	2026-06-06T12:22:45.5901884Z /usr/bin/tar: ../../../../../usr/local/lib/android/sdk/platforms/android-35/data/res/values-mcc311-mnc180-sq: Cannot utime: Operation not permitted
build	Cache Android SDK	2026-06-06T12:22:45.5902788Z /usr/bin/tar: ../../../../../usr/local/lib/android/sdk/platforms/android-35/data/res/values-mcc311-mnc180-sq: Cannot change mode to rwxr-xr-x: Operation not permitted
build	Cache Android SDK	2026-06-06T12:22:45.5905785Z /usr/bin/tar: ../../../../../usr/local/lib/android/sdk/platforms/android-35/data/res/values-mcc310-mnc950-zu: Cannot utime: Operation not permitted
build	Cache Android SDK	2026-06-06T12:22:45.5906763Z /usr/bin/tar: ../../../../../usr/local/lib/android/sdk/platforms/android-35/data/res/values-mcc310-mnc950-zu: Cannot change mode to rwxr-xr-x: Operation not permitted
build	Cache Android SDK	2026-06-06T12:22:45.5908967Z /usr/bin/tar: ../../../../../usr/local/lib/android/sdk/platforms/android-35/data/res/values-mcc312-mnc670-gl: Cannot utime: Operation not permitted
build	Cache Android SDK	2026-06-06T12:22:45.5909878Z /usr/bin/tar: ../../../../../usr/local/lib/android/sdk/platforms/android-35/data/res/values-mcc312-mnc670-gl: Cannot change mode to rwxr-xr-x: Operation not permitted
build	Cache Android SDK	2026-06-06T12:22:45.5911977Z /usr/bin/tar: ../../../../../usr/local/lib/android/sdk/platforms/android-35/data/res/values-mcc313-mnc100-eu: Cannot utime: Operation not permitted
build	Cache Android SDK	2026-06-06T12:22:45.5912957Z /usr/bin/tar: ../../../../../usr/local/lib/android/sdk/platforms/android-35/data/res/values-mcc313-mnc100-eu: Cannot change mode to rwxr-xr-x: Operation not permitted
build	Cache Android SDK	2026-06-06T12:22:45.5915107Z /usr/bin/tar: ../../../../../usr/local/lib/android/sdk/platforms/android-35/data/res/values-mcc310-mnc410-pa: Cannot utime: Operation not permitted
build	Cache Android SDK	2026-06-06T12:22:45.5916048Z /usr/bin/tar: ../../../../../usr/local/lib/android/sdk/platforms/android-35/data/res/values-mcc310-mnc410-pa: Cannot change mode to rwxr-xr-x: Operation not permitted
build	Cache Android SDK	2026-06-06T12:22:45.5921452Z /usr/bin/tar: ../../../../../usr/local/lib/android/sdk/platforms/android-35/data/res/values-pt-rBR: Cannot utime: Operation not permitted
build	Cache Android SDK	2026-06-06T12:22:45.5922481Z /usr/bin/tar: ../../../../../usr/local/lib/android/sdk/platforms/android-35/data/res/values-pt-rBR: Cannot change mode to rwxr-xr-x: Operation not permitted
build	Cache Android SDK	2026-06-06T12:22:45.5924684Z /usr/bin/tar: ../../../../../usr/local/lib/android/sdk/platforms/android-35/data/res/values-mcc310-mnc410-pt-rPT: Cannot utime: Operation not permitted
build	Cache Android SDK	2026-06-06T12:22:45.5947688Z /usr/bin/tar: ../../../../../usr/local/lib/android/sdk/platforms/android-35/data/res/values-mcc310-mnc410-pt-rPT: Cannot change mode to rwxr-xr-x: Operation not permitted
build	Cache Android SDK	2026-06-06T12:22:45.5949224Z /usr/bin/tar: ../../../../../usr/local/lib/android/sdk/platforms/android-35/data/res/values-mcc310-mnc380-pt-rBR: Cannot utime: Operation not permitted
build	Cache Android SDK	2026-06-06T12:22:45.5950182Z /usr/bin/tar: ../../../../../usr/local/lib/android/sdk/platforms/android-35/data/res/values-mcc310-mnc380-pt-rBR: Cannot change mode to rwxr-xr-x: Operation not permitted
build	Cache Android SDK	2026-06-06T12:22:45.5951117Z /usr/bin/tar: ../../../../../usr/local/lib/android/sdk/platforms/android-35/data/res/values-mcc310-mnc560-pl: Cannot utime: Operation not permitted
build	Cache Android SDK	2026-06-06T12:22:45.5952033Z /usr/bin/tar: ../../../../../usr/local/lib/android/sdk/platforms/android-35/data/res/values-mcc310-mnc560-pl: Cannot change mode to rwxr-xr-x: Operation not permitted
build	Cache Android SDK	2026-06-06T12:22:45.5952952Z /usr/bin/tar: ../../../../../usr/local/lib/android/sdk/platforms/android-35/data/res/values-mcc310-mnc200-fa: Cannot utime: Operation not permitted
build	Cache Android SDK	2026-06-06T12:22:45.5954001Z /usr/bin/tar: ../../../../../usr/local/lib/android/sdk/platforms/android-35/data/res/values-mcc310-mnc200-fa: Cannot change mode to rwxr-xr-x: Operation not permitted
build	Cache Android SDK	2026-06-06T12:22:45.5954915Z /usr/bin/tar: ../../../../../usr/local/lib/android/sdk/platforms/android-35/data/res/values-mcc310-mnc280-my: Cannot utime: Operation not permitted
build	Cache Android SDK	2026-06-06T12:22:45.5955816Z /usr/bin/tar: ../../../../../usr/local/lib/android/sdk/platforms/android-35/data/res/values-mcc310-mnc280-my: Cannot change mode to rwxr-xr-x: Operation not permitted
build	Cache Android SDK	2026-06-06T12:22:45.5956747Z /usr/bin/tar: ../../../../../usr/local/lib/android/sdk/platforms/android-35/data/res/values-mcc313-mnc100-en-rXC: Cannot utime: Operation not permitted
build	Cache Android SDK	2026-06-06T12:22:45.5958202Z /usr/bin/tar: ../../../../../usr/local/lib/android/sdk/platforms/android-35/data/res/values-mcc313-mnc100-en-rXC: Cannot change mode to rwxr-xr-x: Operation not permitted
build	Cache Android SDK	2026-06-06T12:22:45.5959220Z /usr/bin/tar: ../../../../../usr/local/lib/android/sdk/platforms/android-35/data/res/values-mcc001-mnc01-zu: Cannot utime: Operation not permitted
build	Cache Android SDK	2026-06-06T12:22:45.5960194Z /usr/bin/tar: ../../../../../usr/local/lib/android/sdk/platforms/android-35/data/res/values-mcc001-mnc01-zu: Cannot change mode to rwxr-xr-x: Operation not permitted
build	Cache Android SDK	2026-06-06T12:22:45.5963117Z /usr/bin/tar: ../../../../../usr/local/lib/android/sdk/platforms/android-35/data/res/values-mcc310-mnc560-tr: Cannot utime: Operation not permitted
build	Cache Android SDK	2026-06-06T12:22:45.5964173Z /usr/bin/tar: ../../../../../usr/local/lib/android/sdk/platforms/android-35/data/res/values-mcc310-mnc560-tr: Cannot change mode to rwxr-xr-x: Operation not permitted
build	Cache Android SDK	2026-06-06T12:22:45.5967079Z /usr/bin/tar: ../../../../../usr/local/lib/android/sdk/platforms/android-35/data/res/values-kk-television: Cannot utime: Operation not permitted
build	Cache Android SDK	2026-06-06T12:22:45.5968491Z /usr/bin/tar: ../../../../../usr/local/lib/android/sdk/platforms/android-35/data/res/values-kk-television: Cannot change mode to rwxr-xr-x: Operation not permitted
build	Cache Android SDK	2026-06-06T12:22:45.5969925Z /usr/bin/tar: ../../../../../usr/local/lib/android/sdk/platforms/android-35/data/res/values-mcc310-mnc250-pl: Cannot utime: Operation not permitted
build	Cache Android SDK	2026-06-06T12:22:45.5970916Z /usr/bin/tar: ../../../../../usr/local/lib/android/sdk/platforms/android-35/data/res/values-mcc310-mnc250-pl: Cannot change mode to rwxr-xr-x: Operation not permitted
build	Cache Android SDK	2026-06-06T12:22:45.6524382Z /usr/bin/tar: ../../../../../usr/local/lib/android/sdk/platforms/android-35/data/res/drawable-xhdpi: Cannot utime: Operation not permitted
build	Cache Android SDK	2026-06-06T12:22:45.6525348Z /usr/bin/tar: ../../../../../usr/local/lib/android/sdk/platforms/android-35/data/res/drawable-xhdpi: Cannot change mode to rwxr-xr-x: Operation not permitted
build	Cache Android SDK	2026-06-06T12:22:45.6527287Z /usr/bin/tar: ../../../../../usr/local/lib/android/sdk/platforms/android-35/data/res/values-mcc310-mnc410-ml: Cannot utime: Operation not permitted
build	Cache Android SDK	2026-06-06T12:22:45.6528369Z /usr/bin/tar: ../../../../../usr/local/lib/android/sdk/platforms/android-35/data/res/values-mcc310-mnc410-ml: Cannot change mode to rwxr-xr-x: Operation not permitted
build	Cache Android SDK	2026-06-06T12:22:45.6534306Z /usr/bin/tar: ../../../../../usr/local/lib/android/sdk/platforms/android-35/data/res/values-mcc466-mnc92: Cannot utime: Operation not permitted
build	Cache Android SDK	2026-06-06T12:22:45.6535204Z /usr/bin/tar: ../../../../../usr/local/lib/android/sdk/platforms/android-35/data/res/values-mcc466-mnc92: Cannot change mode to rwxr-xr-x: Operation not permitted
build	Cache Android SDK	2026-06-06T12:22:45.6542080Z /usr/bin/tar: ../../../../../usr/local/lib/android/sdk/platforms/android-35/data/res/values-mcc310-mnc210-sl: Cannot utime: Operation not permitted
build	Cache Android SDK	2026-06-06T12:22:45.6543010Z /usr/bin/tar: ../../../../../usr/local/lib/android/sdk/platforms/android-35/data/res/values-mcc310-mnc210-sl: Cannot change mode to rwxr-xr-x: Operation not permitted
build	Cache Android SDK	2026-06-06T12:22:45.6545070Z /usr/bin/tar: ../../../../../usr/local/lib/android/sdk/platforms/android-35/data/res/values-as-television: Cannot utime: Operation not permitted
build	Cache Android SDK	2026-06-06T12:22:45.6546124Z /usr/bin/tar: ../../../../../usr/local/lib/android/sdk/platforms/android-35/data/res/values-as-television: Cannot change mode to rwxr-xr-x: Operation not permitted
build	Cache Android SDK	2026-06-06T12:22:45.6548347Z /usr/bin/tar: ../../../../../usr/local/lib/android/sdk/platforms/android-35/data/res/values-mcc310-mnc380-sq: Cannot utime: Operation not permitted
build	Cache Android SDK	2026-06-06T12:22:45.6549277Z /usr/bin/tar: ../../../../../usr/local/lib/android/sdk/platforms/android-35/data/res/values-mcc310-mnc380-sq: Cannot change mode to rwxr-xr-x: Operation not permitted
build	Cache Android SDK	2026-06-06T12:22:45.6551784Z /usr/bin/tar: ../../../../../usr/local/lib/android/sdk/platforms/android-35/data/res/values-en-rIE: Cannot utime: Operation not permitted
build	Cache Android SDK	2026-06-06T12:22:45.6552644Z /usr/bin/tar: ../../../../../usr/local/lib/android/sdk/platforms/android-35/data/res/values-en-rIE: Cannot change mode to rwxr-xr-x: Operation not permitted
build	Cache Android SDK	2026-06-06T12:22:45.6555161Z /usr/bin/tar: ../../../../../usr/local/lib/android/sdk/platforms/android-35/data/res/values-mcc310-mnc250-zu: Cannot utime: Operation not permitted
build	Cache Android SDK	2026-06-06T12:22:45.6556552Z /usr/bin/tar: ../../../../../usr/local/lib/android/sdk/platforms/android-35/data/res/values-mcc310-mnc250-zu: Cannot change mode to rwxr-xr-x: Operation not permitted
build	Cache Android SDK	2026-06-06T12:22:45.6559831Z /usr/bin/tar: ../../../../../usr/local/lib/android/sdk/platforms/android-35/data/res/values-mcc310-mnc410-lo: Cannot utime: Operation not permitted
build	Cache Android SDK	2026-06-06T12:22:45.6560979Z /usr/bin/tar: ../../../../../usr/local/lib/android/sdk/platforms/android-35/data/res/values-mcc310-mnc410-lo: Cannot change mode to rwxr-xr-x: Operation not permitted
build	Cache Android SDK	2026-06-06T12:22:45.6563195Z /usr/bin/tar: ../../../../../usr/local/lib/android/sdk/platforms/android-35/data/res/values-kk-watch: Cannot utime: Operation not permitted
build	Cache Android SDK	2026-06-06T12:22:45.6564357Z /usr/bin/tar: ../../../../../usr/local/lib/android/sdk/platforms/android-35/data/res/values-kk-watch: Cannot change mode to rwxr-xr-x: Operation not permitted
build	Cache Android SDK	2026-06-06T12:22:45.6566619Z /usr/bin/tar: ../../../../../usr/local/lib/android/sdk/platforms/android-35/data/res/values-mcc432: Cannot utime: Operation not permitted
build	Cache Android SDK	2026-06-06T12:22:45.6567866Z /usr/bin/tar: ../../../../../usr/local/lib/android/sdk/platforms/android-35/data/res/values-mcc432: Cannot change mode to rwxr-xr-x: Operation not permitted
build	Cache Android SDK	2026-06-06T12:22:45.6570194Z /usr/bin/tar: ../../../../../usr/local/lib/android/sdk/platforms/android-35/data/res/values-mcc310-mnc380-ne: Cannot utime: Operation not permitted
build	Cache Android SDK	2026-06-06T12:22:45.6571131Z /usr/bin/tar: ../../../../../usr/local/lib/android/sdk/platforms/android-35/data/res/values-mcc310-mnc380-ne: Cannot change mode to rwxr-xr-x: Operation not permitted
build	Cache Android SDK	2026-06-06T12:22:45.6573809Z /usr/bin/tar: ../../../../../usr/local/lib/android/sdk/platforms/android-35/data/res/values-mcc001-mnc01-uz: Cannot utime: Operation not permitted
build	Cache Android SDK	2026-06-06T12:22:45.6574871Z /usr/bin/tar: ../../../../../usr/local/lib/android/sdk/platforms/android-35/data/res/values-mcc001-mnc01-uz: Cannot change mode to rwxr-xr-x: Operation not permitted
build	Cache Android SDK	2026-06-06T12:22:45.6577076Z /usr/bin/tar: ../../../../../usr/local/lib/android/sdk/platforms/android-35/data/res/values-mcc312-mnc670-it: Cannot utime: Operation not permitted
build	Cache Android SDK	2026-06-06T12:22:45.6578287Z /usr/bin/tar: ../../../../../usr/local/lib/android/sdk/platforms/android-35/data/res/values-mcc312-mnc670-it: Cannot change mode to rwxr-xr-x: Operation not permitted
build	Cache Android SDK	2026-06-06T12:22:45.6580376Z /usr/bin/tar: ../../../../../usr/local/lib/android/sdk/platforms/android-35/data/res/values-mcc722-mnc07: Cannot utime: Operation not permitted
build	Cache Android SDK	2026-06-06T12:22:45.6581416Z /usr/bin/tar: ../../../../../usr/local/lib/android/sdk/platforms/android-35/data/res/values-mcc722-mnc07: Cannot change mode to rwxr-xr-x: Operation not permitted
build	Cache Android SDK	2026-06-06T12:22:45.6583717Z /usr/bin/tar: ../../../../../usr/local/lib/android/sdk/platforms/android-35/data/res/values-mcc310-mnc310-eu: Cannot utime: Operation not permitted
build	Cache Android SDK	2026-06-06T12:22:45.6584887Z /usr/bin/tar: ../../../../../usr/local/lib/android/sdk/platforms/android-35/data/res/values-mcc310-mnc310-eu: Cannot change mode to rwxr-xr-x: Operation not permitted
build	Cache Android SDK	2026-06-06T12:22:45.6587494Z /usr/bin/tar: ../../../../../usr/local/lib/android/sdk/platforms/android-35/data/res/values-mcc235-mnc94: Cannot utime: Operation not permitted
build	Cache Android SDK	2026-06-06T12:22:45.6588939Z /usr/bin/tar: ../../../../../usr/local/lib/android/sdk/platforms/android-35/data/res/values-mcc235-mnc94: Cannot change mode to rwxr-xr-x: Operation not permitted
build	Cache Android SDK	2026-06-06T12:22:45.6591051Z /usr/bin/tar: ../../../../../usr/local/lib/android/sdk/platforms/android-35/data/res/values-mcc311-mnc180-sk: Cannot utime: Operation not permitted
build	Cache Android SDK	2026-06-06T12:22:45.6592104Z /usr/bin/tar: ../../../../../usr/local/lib/android/sdk/platforms/android-35/data/res/values-mcc311-mnc180-sk: Cannot change mode to rwxr-xr-x: Operation not permitted
build	Cache Android SDK	2026-06-06T12:22:45.6594858Z /usr/bin/tar: ../../../../../usr/local/lib/android/sdk/platforms/android-35/data/res/values-mcc310-mnc170-es: Cannot utime: Operation not permitted
build	Cache Android SDK	2026-06-06T12:22:45.6596083Z /usr/bin/tar: ../../../../../usr/local/lib/android/sdk/platforms/android-35/data/res/values-mcc310-mnc170-es: Cannot change mode to rwxr-xr-x: Operation not permitted
build	Cache Android SDK	2026-06-06T12:22:45.6598693Z /usr/bin/tar: ../../../../../usr/local/lib/android/sdk/platforms/android-35/data/res/values-mcc310-mnc240-my: Cannot utime: Operation not permitted
build	Cache Android SDK	2026-06-06T12:22:45.6599739Z /usr/bin/tar: ../../../../../usr/local/lib/android/sdk/platforms/android-35/data/res/values-mcc310-mnc240-my: Cannot change mode to rwxr-xr-x: Operation not permitted
build	Cache Android SDK	2026-06-06T12:22:45.6602304Z /usr/bin/tar: ../../../../../usr/local/lib/android/sdk/platforms/android-35/data/res/values-am-television: Cannot utime: Operation not permitted
build	Cache Android SDK	2026-06-06T12:22:45.6603987Z /usr/bin/tar: ../../../../../usr/local/lib/android/sdk/platforms/android-35/data/res/values-am-television: Cannot change mode to rwxr-xr-x: Operation not permitted
build	Cache Android SDK	2026-06-06T12:22:45.6606358Z /usr/bin/tar: ../../../../../usr/local/lib/android/sdk/platforms/android-35/data/res/values-mcc302-mnc370-in: Cannot utime: Operation not permitted
build	Cache Android SDK	2026-06-06T12:22:45.6608308Z /usr/bin/tar: ../../../../../usr/local/lib/android/sdk/platforms/android-35/data/res/values-mcc302-mnc370-in: Cannot change mode to rwxr-xr-x: Operation not permitted
build	Cache Android SDK	2026-06-06T12:22:45.6610082Z /usr/bin/tar: ../../../../../usr/local/lib/android/sdk/platforms/android-35/data/res/values-mcc310-mnc270-ml: Cannot utime: Operation not permitted
build	Cache Android SDK	2026-06-06T12:22:45.6611983Z /usr/bin/tar: ../../../../../usr/local/lib/android/sdk/platforms/android-35/data/res/values-mcc310-mnc270-ml: Cannot change mode to rwxr-xr-x: Operation not permitted
build	Cache Android SDK	2026-06-06T12:22:45.6613643Z /usr/bin/tar: ../../../../../usr/local/lib/android/sdk/platforms/android-35/data/res/values-mcc302-mnc370-ru: Cannot utime: Operation not permitted
build	Cache Android SDK	2026-06-06T12:22:45.6615403Z /usr/bin/tar: ../../../../../usr/local/lib/android/sdk/platforms/android-35/data/res/values-mcc302-mnc370-ru: Cannot change mode to rwxr-xr-x: Operation not permitted
build	Cache Android SDK	2026-06-06T12:22:45.6617126Z /usr/bin/tar: ../../../../../usr/local/lib/android/sdk/platforms/android-35/data/res/values-mcc310-mnc950-ro: Cannot utime: Operation not permitted
build	Cache Android SDK	2026-06-06T12:22:45.6619118Z /usr/bin/tar: ../../../../../usr/local/lib/android/sdk/platforms/android-35/data/res/values-mcc310-mnc950-ro: Cannot change mode to rwxr-xr-x: Operation not permitted
build	Cache Android SDK	2026-06-06T12:22:45.6620710Z /usr/bin/tar: ../../../../../usr/local/lib/android/sdk/platforms/android-35/data/res/values-te-watch: Cannot utime: Operation not permitted
build	Cache Android SDK	2026-06-06T12:22:45.6622455Z /usr/bin/tar: ../../../../../usr/local/lib/android/sdk/platforms/android-35/data/res/values-te-watch: Cannot change mode to rwxr-xr-x: Operation not permitted
build	Cache Android SDK	2026-06-06T12:22:45.6624120Z /usr/bin/tar: ../../../../../usr/local/lib/android/sdk/platforms/android-35/data/res/values-mcc310-mnc410-pl: Cannot utime: Operation not permitted
build	Cache Android SDK	2026-06-06T12:22:45.6626089Z /usr/bin/tar: ../../../../../usr/local/lib/android/sdk/platforms/android-35/data/res/values-mcc310-mnc410-pl: Cannot change mode to rwxr-xr-x: Operation not permitted
build	Cache Android SDK	2026-06-06T12:22:45.6628217Z /usr/bin/tar: ../../../../../usr/local/lib/android/sdk/platforms/android-35/data/res/values-mcc310-mnc220-is: Cannot utime: Operation not permitted
build	Cache Android SDK	2026-06-06T12:22:45.6629852Z /usr/bin/tar: ../../../../../usr/local/lib/android/sdk/platforms/android-35/data/res/values-mcc310-mnc220-is: Cannot change mode to rwxr-xr-x: Operation not permitted
build	Cache Android SDK	2026-06-06T12:22:45.6631617Z /usr/bin/tar: ../../../../../usr/local/lib/android/sdk/platforms/android-35/data/res/values-mcc310-mnc170-nl: Cannot utime: Operation not permitted
build	Cache Android SDK	2026-06-06T12:22:45.6633349Z /usr/bin/tar: ../../../../../usr/local/lib/android/sdk/platforms/android-35/data/res/values-mcc310-mnc170-nl: Cannot change mode to rwxr-xr-x: Operation not permitted
build	Cache Android SDK	2026-06-06T12:22:45.6635154Z /usr/bin/tar: ../../../../../usr/local/lib/android/sdk/platforms/android-35/data/res/values-mcc310-mnc380-el: Cannot utime: Operation not permitted
build	Cache Android SDK	2026-06-06T12:22:45.6637127Z /usr/bin/tar: ../../../../../usr/local/lib/android/sdk/platforms/android-35/data/res/values-mcc310-mnc380-el: Cannot change mode to rwxr-xr-x: Operation not permitted
build	Cache Android SDK	2026-06-06T12:22:45.6639084Z /usr/bin/tar: ../../../../../usr/local/lib/android/sdk/platforms/android-35/data/res/values-mcc334-mnc020-lt: Cannot utime: Operation not permitted
build	Cache Android SDK	2026-06-06T12:22:45.6640591Z /usr/bin/tar: ../../../../../usr/local/lib/android/sdk/platforms/android-35/data/res/values-mcc334-mnc020-lt: Cannot change mode to rwxr-xr-x: Operation not permitted
build	Cache Android SDK	2026-06-06T12:22:45.6642321Z /usr/bin/tar: ../../../../../usr/local/lib/android/sdk/platforms/android-35/data/res/values-mcc302-mnc370-si: Cannot utime: Operation not permitted
build	Cache Android SDK	2026-06-06T12:22:45.6643970Z /usr/bin/tar: ../../../../../usr/local/lib/android/sdk/platforms/android-35/data/res/values-mcc302-mnc370-si: Cannot change mode to rwxr-xr-x: Operation not permitted
build	Cache Android SDK	2026-06-06T12:22:45.6645863Z /usr/bin/tar: ../../../../../usr/local/lib/android/sdk/platforms/android-35/data/res/drawable-land-xhdpi: Cannot utime: Operation not permitted
build	Cache Android SDK	2026-06-06T12:22:45.6647734Z /usr/bin/tar: ../../../../../usr/local/lib/android/sdk/platforms/android-35/data/res/drawable-land-xhdpi: Cannot change mode to rwxr-xr-x: Operation not permitted
build	Cache Android SDK	2026-06-06T12:22:45.6649316Z /usr/bin/tar: ../../../../../usr/local/lib/android/sdk/platforms/android-35/data/res/values-mcc310-mnc560-ko: Cannot utime: Operation not permitted
build	Cache Android SDK	2026-06-06T12:22:45.6651018Z /usr/bin/tar: ../../../../../usr/local/lib/android/sdk/platforms/android-35/data/res/values-mcc310-mnc560-ko: Cannot change mode to rwxr-xr-x: Operation not permitted
build	Cache Android SDK	2026-06-06T12:22:45.6652611Z /usr/bin/tar: ../../../../../usr/local/lib/android/sdk/platforms/android-35/data/res/values-ms-rMY: Cannot utime: Operation not permitted
build	Cache Android SDK	2026-06-06T12:22:45.6654313Z /usr/bin/tar: ../../../../../usr/local/lib/android/sdk/platforms/android-35/data/res/values-ms-rMY: Cannot change mode to rwxr-xr-x: Operation not permitted
build	Cache Android SDK	2026-06-06T12:22:45.6655956Z /usr/bin/tar: ../../../../../usr/local/lib/android/sdk/platforms/android-35/data/res/values-mcc310-mnc230-de: Cannot utime: Operation not permitted
build	Cache Android SDK	2026-06-06T12:22:45.6657977Z /usr/bin/tar: ../../../../../usr/local/lib/android/sdk/platforms/android-35/data/res/values-mcc310-mnc230-de: Cannot change mode to rwxr-xr-x: Operation not permitted
build	Cache Android SDK	2026-06-06T12:22:45.6659524Z /usr/bin/tar: ../../../../../usr/local/lib/android/sdk/platforms/android-35/data/res/values-mcc310-mnc280-zu: Cannot utime: Operation not permitted
build	Cache Android SDK	2026-06-06T12:22:45.6661298Z /usr/bin/tar: ../../../../../usr/local/lib/android/sdk/platforms/android-35/data/res/values-mcc310-mnc280-zu: Cannot change mode to rwxr-xr-x: Operation not permitted
build	Cache Android SDK	2026-06-06T12:22:45.6662982Z /usr/bin/tar: ../../../../../usr/local/lib/android/sdk/platforms/android-35/data/res/values-mcc310-mnc230-tl: Cannot utime: Operation not permitted
build	Cache Android SDK	2026-06-06T12:22:45.6664836Z /usr/bin/tar: ../../../../../usr/local/lib/android/sdk/platforms/android-35/data/res/values-mcc310-mnc230-tl: Cannot change mode to rwxr-xr-x: Operation not permitted
build	Cache Android SDK	2026-06-06T12:22:45.6666470Z /usr/bin/tar: ../../../../../usr/local/lib/android/sdk/platforms/android-35/data/res/values-mcc310-mnc280-bs: Cannot utime: Operation not permitted
build	Cache Android SDK	2026-06-06T12:22:45.6668335Z /usr/bin/tar: ../../../../../usr/local/lib/android/sdk/platforms/android-35/data/res/values-mcc310-mnc280-bs: Cannot change mode to rwxr-xr-x: Operation not permitted
build	Cache Android SDK	2026-06-06T12:22:45.6669932Z /usr/bin/tar: ../../../../../usr/local/lib/android/sdk/platforms/android-35/data/res/values-mcc310-mnc230-af: Cannot utime: Operation not permitted
build	Cache Android SDK	2026-06-06T12:22:45.6673904Z /usr/bin/tar: ../../../../../usr/local/lib/android/sdk/platforms/android-35/data/res/values-mcc310-mnc230-af: Cannot change mode to rwxr-xr-x: Operation not permitted
build	Cache Android SDK	2026-06-06T12:22:45.6676028Z /usr/bin/tar: ../../../../../usr/local/lib/android/sdk/platforms/android-35/data/res/values-mcc310-mnc160-mk: Cannot utime: Operation not permitted
build	Cache Android SDK	2026-06-06T12:22:45.6678427Z /usr/bin/tar: ../../../../../usr/local/lib/android/sdk/platforms/android-35/data/res/values-mcc310-mnc160-mk: Cannot change mode to rwxr-xr-x: Operation not permitted
build	Cache Android SDK	2026-06-06T12:22:45.6680325Z /usr/bin/tar: ../../../../../usr/local/lib/android/sdk/platforms/android-35/data/res/values-mcc312-mnc670-bg: Cannot utime: Operation not permitted
build	Cache Android SDK	2026-06-06T12:22:45.6682224Z /usr/bin/tar: ../../../../../usr/local/lib/android/sdk/platforms/android-35/data/res/values-mcc312-mnc670-bg: Cannot change mode to rwxr-xr-x: Operation not permitted
build	Cache Android SDK	2026-06-06T12:22:45.6683999Z /usr/bin/tar: ../../../../../usr/local/lib/android/sdk/platforms/android-35/data/res/values-mcc312-mnc670-pa: Cannot utime: Operation not permitted
build	Cache Android SDK	2026-06-06T12:22:45.6685833Z /usr/bin/tar: ../../../../../usr/local/lib/android/sdk/platforms/android-35/data/res/values-mcc312-mnc670-pa: Cannot change mode to rwxr-xr-x: Operation not permitted
build	Cache Android SDK	2026-06-06T12:22:45.6687865Z /usr/bin/tar: ../../../../../usr/local/lib/android/sdk/platforms/android-35/data/res/values-w192dp: Cannot utime: Operation not permitted
build	Cache Android SDK	2026-06-06T12:22:45.6689599Z /usr/bin/tar: ../../../../../usr/local/lib/android/sdk/platforms/android-35/data/res/values-w192dp: Cannot change mode to rwxr-xr-x: Operation not permitted
build	Cache Android SDK	2026-06-06T12:22:45.6691283Z /usr/bin/tar: ../../../../../usr/local/lib/android/sdk/platforms/android-35/data/res/values-mcc310-mnc170-my: Cannot utime: Operation not permitted
build	Cache Android SDK	2026-06-06T12:22:45.6693166Z /usr/bin/tar: ../../../../../usr/local/lib/android/sdk/platforms/android-35/data/res/values-mcc310-mnc170-my: Cannot change mode to rwxr-xr-x: Operation not permitted
build	Cache Android SDK	2026-06-06T12:22:45.6695030Z /usr/bin/tar: ../../../../../usr/local/lib/android/sdk/platforms/android-35/data/res/values-sw720dp-land: Cannot utime: Operation not permitted
build	Cache Android SDK	2026-06-06T12:22:45.6696733Z /usr/bin/tar: ../../../../../usr/local/lib/android/sdk/platforms/android-35/data/res/values-sw720dp-land: Cannot change mode to rwxr-xr-x: Operation not permitted
build	Cache Android SDK	2026-06-06T12:22:45.6698662Z /usr/bin/tar: ../../../../../usr/local/lib/android/sdk/platforms/android-35/data/res/values-mcc310-mnc200-en-rAU: Cannot utime: Operation not permitted
build	Cache Android SDK	2026-06-06T12:22:45.6700126Z /usr/bin/tar: ../../../../../usr/local/lib/android/sdk/platforms/android-35/data/res/values-mcc310-mnc200-en-rAU: Cannot change mode to rwxr-xr-x: Operation not permitted
build	Cache Android SDK	2026-06-06T12:22:45.6701082Z /usr/bin/tar: ../../../../../usr/local/lib/android/sdk/platforms/android-35/data/res/values-mcc312-mnc670-pl: Cannot utime: Operation not permitted
build	Cache Android SDK	2026-06-06T12:22:45.6701997Z /usr/bin/tar: ../../../../../usr/local/lib/android/sdk/platforms/android-35/data/res/values-mcc312-mnc670-pl: Cannot change mode to rwxr-xr-x: Operation not permitted
build	Cache Android SDK	2026-06-06T12:22:45.6704327Z /usr/bin/tar: ../../../../../usr/local/lib/android/sdk/platforms/android-35/data/res/values-mcc310-mnc120: Cannot utime: Operation not permitted
build	Cache Android SDK	2026-06-06T12:22:45.6705368Z /usr/bin/tar: ../../../../../usr/local/lib/android/sdk/platforms/android-35/data/res/values-mcc310-mnc120: Cannot change mode to rwxr-xr-x: Operation not permitted
build	Cache Android SDK	2026-06-06T12:22:45.6707267Z /usr/bin/tar: ../../../../../usr/local/lib/android/sdk/platforms/android-35/data/res/values-mcc310-mnc950-b+sr+Latn: Cannot utime: Operation not permitted
build	Cache Android SDK	2026-06-06T12:22:45.6707966Z /usr/bin/tar: ../../../../../usr/local/lib/android/sdk/platforms/android-35/data/res/values-mcc310-mnc950-b+sr+Latn: Cannot change mode to rwxr-xr-x: Operation not permitted
build	Cache Android SDK	2026-06-06T12:22:45.6714194Z /usr/bin/tar: ../../../../../usr/local/lib/android/sdk/platforms/android-35/data/res/values-mcc310-mnc490-ne: Cannot utime: Operation not permitted
build	Cache Android SDK	2026-06-06T12:22:45.6714963Z /usr/bin/tar: ../../../../../usr/local/lib/android/sdk/platforms/android-35/data/res/values-mcc310-mnc490-ne: Cannot change mode to rwxr-xr-x: Operation not permitted
build	Cache Android SDK	2026-06-06T12:22:45.6715368Z /usr/bin/tar: ../../../../../usr/local/lib/android/sdk/platforms/android-35/data/res/values-mcc310-mnc230: Cannot utime: Operation not permitted
build	Cache Android SDK	2026-06-06T12:22:45.6716065Z /usr/bin/tar: ../../../../../usr/local/lib/android/sdk/platforms/android-35/data/res/values-mcc310-mnc230: Cannot change mode to rwxr-xr-x: Operation not permitted
build	Cache Android SDK	2026-06-06T12:22:45.6717963Z /usr/bin/tar: ../../../../../usr/local/lib/android/sdk/platforms/android-35/data/res/values-mcc310-mnc230-am: Cannot utime: Operation not permitted
build	Cache Android SDK	2026-06-06T12:22:45.6718529Z /usr/bin/tar: ../../../../../usr/local/lib/android/sdk/platforms/android-35/data/res/values-mcc310-mnc230-am: Cannot change mode to rwxr-xr-x: Operation not permitted
build	Cache Android SDK	2026-06-06T12:22:45.6721798Z /usr/bin/tar: ../../../../../usr/local/lib/android/sdk/platforms/android-35/data/res/raw-zh-rTW: Cannot utime: Operation not permitted
build	Cache Android SDK	2026-06-06T12:22:45.6723755Z /usr/bin/tar: ../../../../../usr/local/lib/android/sdk/platforms/android-35/data/res/raw-zh-rTW: Cannot change mode to rwxr-xr-x: Operation not permitted
build	Cache Android SDK	2026-06-06T12:22:45.6726186Z /usr/bin/tar: ../../../../../usr/local/lib/android/sdk/platforms/android-35/data/res/values-mcc310-mnc160-sv: Cannot utime: Operation not permitted
build	Cache Android SDK	2026-06-06T12:22:45.6726797Z /usr/bin/tar: ../../../../../usr/local/lib/android/sdk/platforms/android-35/data/res/values-mcc310-mnc160-sv: Cannot change mode to rwxr-xr-x: Operation not permitted
build	Cache Android SDK	2026-06-06T12:22:45.6729305Z /usr/bin/tar: ../../../../../usr/local/lib/android/sdk/platforms/android-35/data/res/values-mcc001-mnc01-et: Cannot utime: Operation not permitted
build	Cache Android SDK	2026-06-06T12:22:45.6729781Z /usr/bin/tar: ../../../../../usr/local/lib/android/sdk/platforms/android-35/data/res/values-mcc001-mnc01-et: Cannot change mode to rwxr-xr-x: Operation not permitted
build	Cache Android SDK	2026-06-06T12:22:45.6732420Z /usr/bin/tar: ../../../../../usr/local/lib/android/sdk/platforms/android-35/data/res/values-es-rGT: Cannot utime: Operation not permitted
build	Cache Android SDK	2026-06-06T12:22:45.6732863Z /usr/bin/tar: ../../../../../usr/local/lib/android/sdk/platforms/android-35/data/res/values-es-rGT: Cannot change mode to rwxr-xr-x: Operation not permitted
build	Cache Android SDK	2026-06-06T12:22:45.6735428Z /usr/bin/tar: ../../../../../usr/local/lib/android/sdk/platforms/android-35/data/res/values-mcc310-mnc030-en-rIN: Cannot utime: Operation not permitted
build	Cache Android SDK	2026-06-06T12:22:45.6735918Z /usr/bin/tar: ../../../../../usr/local/lib/android/sdk/platforms/android-35/data/res/values-mcc310-mnc030-en-rIN: Cannot change mode to rwxr-xr-x: Operation not permitted
build	Cache Android SDK	2026-06-06T12:22:45.6739949Z /usr/bin/tar: ../../../../../usr/local/lib/android/sdk/platforms/android-35/data/res/values-mcc311-mnc180-el: Cannot utime: Operation not permitted
build	Cache Android SDK	2026-06-06T12:22:45.6740410Z /usr/bin/tar: ../../../../../usr/local/lib/android/sdk/platforms/android-35/data/res/values-mcc311-mnc180-el: Cannot change mode to rwxr-xr-x: Operation not permitted
build	Cache Android SDK	2026-06-06T12:22:45.6743025Z /usr/bin/tar: ../../../../../usr/local/lib/android/sdk/platforms/android-35/data/res/values-mcc310-mnc160-en-rAU: Cannot utime: Operation not permitted
build	Cache Android SDK	2026-06-06T12:22:45.6743516Z /usr/bin/tar: ../../../../../usr/local/lib/android/sdk/platforms/android-35/data/res/values-mcc310-mnc160-en-rAU: Cannot change mode to rwxr-xr-x: Operation not permitted
build	Cache Android SDK	2026-06-06T12:22:45.6745784Z /usr/bin/tar: ../../../../../usr/local/lib/android/sdk/platforms/android-35/data/res/values-mcc302-mnc370-mn: Cannot utime: Operation not permitted
build	Cache Android SDK	2026-06-06T12:22:45.6746233Z /usr/bin/tar: ../../../../../usr/local/lib/android/sdk/platforms/android-35/data/res/values-mcc302-mnc370-mn: Cannot change mode to rwxr-xr-x: Operation not permitted
build	Cache Android SDK	2026-06-06T12:22:45.6748888Z /usr/bin/tar: ../../../../../usr/local/lib/android/sdk/platforms/android-35/data/res/values-ja-television: Cannot utime: Operation not permitted
build	Cache Android SDK	2026-06-06T12:22:45.6749342Z /usr/bin/tar: ../../../../../usr/local/lib/android/sdk/platforms/android-35/data/res/values-ja-television: Cannot change mode to rwxr-xr-x: Operation not permitted
build	Cache Android SDK	2026-06-06T12:22:45.6752194Z /usr/bin/tar: ../../../../../usr/local/lib/android/sdk/platforms/android-35/data/res/values-mcc310-mnc250-lo: Cannot utime: Operation not permitted
build	Cache Android SDK	2026-06-06T12:22:45.6752731Z /usr/bin/tar: ../../../../../usr/local/lib/android/sdk/platforms/android-35/data/res/values-mcc310-mnc250-lo: Cannot change mode to rwxr-xr-x: Operation not permitted
build	Cache Android SDK	2026-06-06T12:22:45.6755355Z /usr/bin/tar: ../../../../../usr/local/lib/android/sdk/platforms/android-35/data/res/values-mcc310-mnc410-kn: Cannot utime: Operation not permitted
build	Cache Android SDK	2026-06-06T12:22:45.6755809Z /usr/bin/tar: ../../../../../usr/local/lib/android/sdk/platforms/android-35/data/res/values-mcc310-mnc410-kn: Cannot change mode to rwxr-xr-x: Operation not permitted
build	Cache Android SDK	2026-06-06T12:22:45.6758278Z /usr/bin/tar: ../../../../../usr/local/lib/android/sdk/platforms/android-35/data/res/values-mcc310-mnc380-es: Cannot utime: Operation not permitted
build	Cache Android SDK	2026-06-06T12:22:45.6758731Z /usr/bin/tar: ../../../../../usr/local/lib/android/sdk/platforms/android-35/data/res/values-mcc310-mnc380-es: Cannot change mode to rwxr-xr-x: Operation not permitted
build	Cache Android SDK	2026-06-06T12:22:45.6761384Z /usr/bin/tar: ../../../../../usr/local/lib/android/sdk/platforms/android-35/data/res/values-mcc310-mnc160-iw: Cannot utime: Operation not permitted
build	Cache Android SDK	2026-06-06T12:22:45.6761849Z /usr/bin/tar: ../../../../../usr/local/lib/android/sdk/platforms/android-35/data/res/values-mcc310-mnc160-iw: Cannot change mode to rwxr-xr-x: Operation not permitted
build	Cache Android SDK	2026-06-06T12:22:45.6764589Z /usr/bin/tar: ../../../../../usr/local/lib/android/sdk/platforms/android-35/data/res/values-mcc310-mnc380-zh-rHK: Cannot utime: Operation not permitted
build	Cache Android SDK	2026-06-06T12:22:45.6765055Z /usr/bin/tar: ../../../../../usr/local/lib/android/sdk/platforms/android-35/data/res/values-mcc310-mnc380-zh-rHK: Cannot change mode to rwxr-xr-x: Operation not permitted
build	Cache Android SDK	2026-06-06T12:22:45.6767977Z /usr/bin/tar: ../../../../../usr/local/lib/android/sdk/platforms/android-35/data/res/values-mcc310-mnc280-ur: Cannot utime: Operation not permitted
build	Cache Android SDK	2026-06-06T12:22:45.6768426Z /usr/bin/tar: ../../../../../usr/local/lib/android/sdk/platforms/android-35/data/res/values-mcc310-mnc280-ur: Cannot change mode to rwxr-xr-x: Operation not permitted
build	Cache Android SDK	2026-06-06T12:22:45.6770975Z /usr/bin/tar: ../../../../../usr/local/lib/android/sdk/platforms/android-35/data/res/values-mcc310-mnc200-kk: Cannot utime: Operation not permitted
build	Cache Android SDK	2026-06-06T12:22:45.6771440Z /usr/bin/tar: ../../../../../usr/local/lib/android/sdk/platforms/android-35/data/res/values-mcc310-mnc200-kk: Cannot change mode to rwxr-xr-x: Operation not permitted
build	Cache Android SDK	2026-06-06T12:22:45.6773898Z /usr/bin/tar: ../../../../../usr/local/lib/android/sdk/platforms/android-35/data/res/values-es-rNI: Cannot utime: Operation not permitted
build	Cache Android SDK	2026-06-06T12:22:45.6774486Z /usr/bin/tar: ../../../../../usr/local/lib/android/sdk/platforms/android-35/data/res/values-es-rNI: Cannot change mode to rwxr-xr-x: Operation not permitted
build	Cache Android SDK	2026-06-06T12:22:45.6777638Z /usr/bin/tar: ../../../../../usr/local/lib/android/sdk/platforms/android-35/data/res/values-mcc310-mnc170-bg: Cannot utime: Operation not permitted
build	Cache Android SDK	2026-06-06T12:22:45.6778096Z /usr/bin/tar: ../../../../../usr/local/lib/android/sdk/platforms/android-35/data/res/values-mcc310-mnc170-bg: Cannot change mode to rwxr-xr-x: Operation not permitted
build	Cache Android SDK	2026-06-06T12:22:45.6780038Z /usr/bin/tar: ../../../../../usr/local/lib/android/sdk/platforms/android-35/data/res/values-nb-television: Cannot utime: Operation not permitted
build	Cache Android SDK	2026-06-06T12:22:45.6780498Z /usr/bin/tar: ../../../../../usr/local/lib/android/sdk/platforms/android-35/data/res/values-nb-television: Cannot change mode to rwxr-xr-x: Operation not permitted
build	Cache Android SDK	2026-06-06T12:22:45.6783521Z /usr/bin/tar: ../../../../../usr/local/lib/android/sdk/platforms/android-35/data/res/values-mcc310-mnc380-in: Cannot utime: Operation not permitted
build	Cache Android SDK	2026-06-06T12:22:45.6784038Z /usr/bin/tar: ../../../../../usr/local/lib/android/sdk/platforms/android-35/data/res/values-mcc310-mnc380-in: Cannot change mode to rwxr-xr-x: Operation not permitted
build	Cache Android SDK	2026-06-06T12:22:45.6786453Z /usr/bin/tar: ../../../../../usr/local/lib/android/sdk/platforms/android-35/data/res/values-zh-rTW-television: Cannot utime: Operation not permitted
build	Cache Android SDK	2026-06-06T12:22:45.6787058Z /usr/bin/tar: ../../../../../usr/local/lib/android/sdk/platforms/android-35/data/res/values-zh-rTW-television: Cannot change mode to rwxr-xr-x: Operation not permitted
build	Cache Android SDK	2026-06-06T12:22:45.6790018Z /usr/bin/tar: ../../../../../usr/local/lib/android/sdk/platforms/android-35/data/res/values-mcc310-mnc380-pt: Cannot utime: Operation not permitted
build	Cache Android SDK	2026-06-06T12:22:45.6790480Z /usr/bin/tar: ../../../../../usr/local/lib/android/sdk/platforms/android-35/data/res/values-mcc310-mnc380-pt: Cannot change mode to rwxr-xr-x: Operation not permitted
build	Cache Android SDK	2026-06-06T12:22:45.6793100Z /usr/bin/tar: ../../../../../usr/local/lib/android/sdk/platforms/android-35/data/res/values-mcc310-mnc560-kn: Cannot utime: Operation not permitted
build	Cache Android SDK	2026-06-06T12:22:45.6793573Z /usr/bin/tar: ../../../../../usr/local/lib/android/sdk/platforms/android-35/data/res/values-mcc310-mnc560-kn: Cannot change mode to rwxr-xr-x: Operation not permitted
build	Cache Android SDK	2026-06-06T12:22:45.6796070Z /usr/bin/tar: ../../../../../usr/local/lib/android/sdk/platforms/android-35/data/res/values-mcc310-mnc490-am: Cannot utime: Operation not permitted
build	Cache Android SDK	2026-06-06T12:22:45.6796540Z /usr/bin/tar: ../../../../../usr/local/lib/android/sdk/platforms/android-35/data/res/values-mcc310-mnc490-am: Cannot change mode to rwxr-xr-x: Operation not permitted
build	Cache Android SDK	2026-06-06T12:22:45.6800097Z /usr/bin/tar: ../../../../../usr/local/lib/android/sdk/platforms/android-35/data/res/values-mcc310-mnc490-sl: Cannot utime: Operation not permitted
build	Cache Android SDK	2026-06-06T12:22:45.6800557Z /usr/bin/tar: ../../../../../usr/local/lib/android/sdk/platforms/android-35/data/res/values-mcc310-mnc490-sl: Cannot change mode to rwxr-xr-x: Operation not permitted
build	Cache Android SDK	2026-06-06T12:22:45.6803012Z /usr/bin/tar: ../../../../../usr/local/lib/android/sdk/platforms/android-35/data/res/values-mcc310-mnc160-ur: Cannot utime: Operation not permitted
build	Cache Android SDK	2026-06-06T12:22:45.6803509Z /usr/bin/tar: ../../../../../usr/local/lib/android/sdk/platforms/android-35/data/res/values-mcc310-mnc160-ur: Cannot change mode to rwxr-xr-x: Operation not permitted
build	Cache Android SDK	2026-06-06T12:22:45.6871028Z /usr/bin/tar: ../../../../../usr/local/lib/android/sdk/platforms/android-35/data/res/drawable-xxxhdpi: Cannot utime: Operation not permitted
build	Cache Android SDK	2026-06-06T12:22:45.6871635Z /usr/bin/tar: ../../../../../usr/local/lib/android/sdk/platforms/android-35/data/res/drawable-xxxhdpi: Cannot change mode to rwxr-xr-x: Operation not permitted
build	Cache Android SDK	2026-06-06T12:22:45.6873413Z /usr/bin/tar: ../../../../../usr/local/lib/android/sdk/platforms/android-35/data/res/values-mcc310-mnc210-af: Cannot utime: Operation not permitted
build	Cache Android SDK	2026-06-06T12:22:45.6873864Z /usr/bin/tar: ../../../../../usr/local/lib/android/sdk/platforms/android-35/data/res/values-mcc310-mnc210-af: Cannot change mode to rwxr-xr-x: Operation not permitted
build	Cache Android SDK	2026-06-06T12:22:45.6876390Z /usr/bin/tar: ../../../../../usr/local/lib/android/sdk/platforms/android-35/data/res/values-mcc310-mnc270-ky: Cannot utime: Operation not permitted
build	Cache Android SDK	2026-06-06T12:22:45.6876853Z /usr/bin/tar: ../../../../../usr/local/lib/android/sdk/platforms/android-35/data/res/values-mcc310-mnc270-ky: Cannot change mode to rwxr-xr-x: Operation not permitted
build	Cache Android SDK	2026-06-06T12:22:45.6879678Z /usr/bin/tar: ../../../../../usr/local/lib/android/sdk/platforms/android-35/data/res/values-mcc302-mnc720-te: Cannot utime: Operation not permitted
build	Cache Android SDK	2026-06-06T12:22:45.6880126Z /usr/bin/tar: ../../../../../usr/local/lib/android/sdk/platforms/android-35/data/res/values-mcc302-mnc720-te: Cannot change mode to rwxr-xr-x: Operation not permitted
build	Cache Android SDK	2026-06-06T12:22:45.6882639Z /usr/bin/tar: ../../../../../usr/local/lib/android/sdk/platforms/android-35/data/res/values-mcc312-mnc670-en-rIN: Cannot utime: Operation not permitted
build	Cache Android SDK	2026-06-06T12:22:45.6883155Z /usr/bin/tar: ../../../../../usr/local/lib/android/sdk/platforms/android-35/data/res/values-mcc312-mnc670-en-rIN: Cannot change mode to rwxr-xr-x: Operation not permitted
build	Cache Android SDK	2026-06-06T12:22:45.6885544Z /usr/bin/tar: ../../../../../usr/local/lib/android/sdk/platforms/android-35/data/res/values-mr-watch: Cannot utime: Operation not permitted
build	Cache Android SDK	2026-06-06T12:22:45.6886112Z /usr/bin/tar: ../../../../../usr/local/lib/android/sdk/platforms/android-35/data/res/values-mr-watch: Cannot change mode to rwxr-xr-x: Operation not permitted
build	Cache Android SDK	2026-06-06T12:22:45.6888539Z /usr/bin/tar: ../../../../../usr/local/lib/android/sdk/platforms/android-35/data/res/values-mcc310-mnc160-hi: Cannot utime: Operation not permitted
build	Cache Android SDK	2026-06-06T12:22:45.6889099Z /usr/bin/tar: ../../../../../usr/local/lib/android/sdk/platforms/android-35/data/res/values-mcc310-mnc160-hi: Cannot change mode to rwxr-xr-x: Operation not permitted
build	Cache Android SDK	2026-06-06T12:22:45.6891728Z /usr/bin/tar: ../../../../../usr/local/lib/android/sdk/platforms/android-35/data/res/values-mcc334-mnc020-fr-rCA: Cannot utime: Operation not permitted
build	Cache Android SDK	2026-06-06T12:22:45.6892210Z /usr/bin/tar: ../../../../../usr/local/lib/android/sdk/platforms/android-35/data/res/values-mcc334-mnc020-fr-rCA: Cannot change mode to rwxr-xr-x: Operation not permitted
build	Cache Android SDK	2026-06-06T12:22:45.6894802Z /usr/bin/tar: ../../../../../usr/local/lib/android/sdk/platforms/android-35/data/res/values-mcc302-mnc720-lv: Cannot utime: Operation not permitted
build	Cache Android SDK	2026-06-06T12:22:45.6895391Z /usr/bin/tar: ../../../../../usr/local/lib/android/sdk/platforms/android-35/data/res/values-mcc302-mnc720-lv: Cannot change mode to rwxr-xr-x: Operation not permitted
build	Cache Android SDK	2026-06-06T12:22:45.6897795Z /usr/bin/tar: ../../../../../usr/local/lib/android/sdk/platforms/android-35/data/res/values-mcc334-mnc020-pl: Cannot utime: Operation not permitted
build	Cache Android SDK	2026-06-06T12:22:45.6898488Z /usr/bin/tar: ../../../../../usr/local/lib/android/sdk/platforms/android-35/data/res/values-mcc334-mnc020-pl: Cannot change mode to rwxr-xr-x: Operation not permitted
build	Cache Android SDK	2026-06-06T12:22:45.6901015Z /usr/bin/tar: ../../../../../usr/local/lib/android/sdk/platforms/android-35/data/res/values-mcc310-mnc230-zh-rTW: Cannot utime: Operation not permitted
build	Cache Android SDK	2026-06-06T12:22:45.6901586Z /usr/bin/tar: ../../../../../usr/local/lib/android/sdk/platforms/android-35/data/res/values-mcc310-mnc230-zh-rTW: Cannot change mode to rwxr-xr-x: Operation not permitted
build	Cache Android SDK	2026-06-06T12:22:45.6903335Z /usr/bin/tar: ../../../../../usr/local/lib/android/sdk/platforms/android-35/data/res/values-mcc311-mnc180-pt-rBR: Cannot utime: Operation not permitted
build	Cache Android SDK	2026-06-06T12:22:45.6903820Z /usr/bin/tar: ../../../../../usr/local/lib/android/sdk/platforms/android-35/data/res/values-mcc311-mnc180-pt-rBR: Cannot change mode to rwxr-xr-x: Operation not permitted
build	Cache Android SDK	2026-06-06T12:22:45.6906818Z /usr/bin/tar: ../../../../../usr/local/lib/android/sdk/platforms/android-35/data/res/values-sw600dp-port: Cannot utime: Operation not permitted
build	Cache Android SDK	2026-06-06T12:22:45.6907285Z /usr/bin/tar: ../../../../../usr/local/lib/android/sdk/platforms/android-35/data/res/values-sw600dp-port: Cannot change mode to rwxr-xr-x: Operation not permitted
build	Cache Android SDK	2026-06-06T12:22:45.6909829Z /usr/bin/tar: ../../../../../usr/local/lib/android/sdk/platforms/android-35/data/res/values-mcc310-mnc380-be: Cannot utime: Operation not permitted
build	Cache Android SDK	2026-06-06T12:22:45.6910302Z /usr/bin/tar: ../../../../../usr/local/lib/android/sdk/platforms/android-35/data/res/values-mcc310-mnc380-be: Cannot change mode to rwxr-xr-x: Operation not permitted
build	Cache Android SDK	2026-06-06T12:22:45.6913537Z /usr/bin/tar: ../../../../../usr/local/lib/android/sdk/platforms/android-35/data/res/values-mcc310-mnc280-es-rUS: Cannot utime: Operation not permitted
build	Cache Android SDK	2026-06-06T12:22:45.6914010Z /usr/bin/tar: ../../../../../usr/local/lib/android/sdk/platforms/android-35/data/res/values-mcc310-mnc280-es-rUS: Cannot change mode to rwxr-xr-x: Operation not permitted
build	Cache Android SDK	2026-06-06T12:22:45.6915900Z /usr/bin/tar: ../../../../../usr/local/lib/android/sdk/platforms/android-35/data/res/values-mcc310-mnc410-hu: Cannot utime: Operation not permitted
build	Cache Android SDK	2026-06-06T12:22:45.6916347Z /usr/bin/tar: ../../../../../usr/local/lib/android/sdk/platforms/android-35/data/res/values-mcc310-mnc410-hu: Cannot change mode to rwxr-xr-x: Operation not permitted
build	Cache Android SDK	2026-06-06T12:22:45.6919109Z /usr/bin/tar: ../../../../../usr/local/lib/android/sdk/platforms/android-35/data/res/values-mcc310-mnc170-en-rIN: Cannot utime: Operation not permitted
build	Cache Android SDK	2026-06-06T12:22:45.6919722Z /usr/bin/tar: ../../../../../usr/local/lib/android/sdk/platforms/android-35/data/res/values-mcc310-mnc170-en-rIN: Cannot change mode to rwxr-xr-x: Operation not permitted
build	Cache Android SDK	2026-06-06T12:22:45.6922444Z /usr/bin/tar: ../../../../../usr/local/lib/android/sdk/platforms/android-35/data/res/values-mcc310-mnc030-bs: Cannot utime: Operation not permitted
build	Cache Android SDK	2026-06-06T12:22:45.6922905Z /usr/bin/tar: ../../../../../usr/local/lib/android/sdk/platforms/android-35/data/res/values-mcc310-mnc030-bs: Cannot change mode to rwxr-xr-x: Operation not permitted
build	Cache Android SDK	2026-06-06T12:22:45.6925317Z /usr/bin/tar: ../../../../../usr/local/lib/android/sdk/platforms/android-35/data/res/values-mcc310-mnc250-da: Cannot utime: Operation not permitted
build	Cache Android SDK	2026-06-06T12:22:45.6925765Z /usr/bin/tar: ../../../../../usr/local/lib/android/sdk/platforms/android-35/data/res/values-mcc310-mnc250-da: Cannot change mode to rwxr-xr-x: Operation not permitted
build	Cache Android SDK	2026-06-06T12:22:45.6928698Z /usr/bin/tar: ../../../../../usr/local/lib/android/sdk/platforms/android-35/data/res/values-mcc310-mnc560-en-rGB: Cannot utime: Operation not permitted
build	Cache Android SDK	2026-06-06T12:22:45.6929189Z /usr/bin/tar: ../../../../../usr/local/lib/android/sdk/platforms/android-35/data/res/values-mcc310-mnc560-en-rGB: Cannot change mode to rwxr-xr-x: Operation not permitted
build	Cache Android SDK	2026-06-06T12:22:45.6931846Z /usr/bin/tar: ../../../../../usr/local/lib/android/sdk/platforms/android-35/data/res/values-mcc310-mnc950-sr: Cannot utime: Operation not permitted
build	Cache Android SDK	2026-06-06T12:22:45.6932358Z /usr/bin/tar: ../../../../../usr/local/lib/android/sdk/platforms/android-35/data/res/values-mcc310-mnc950-sr: Cannot change mode to rwxr-xr-x: Operation not permitted
build	Cache Android SDK	2026-06-06T12:22:45.6934509Z /usr/bin/tar: ../../../../../usr/local/lib/android/sdk/platforms/android-35/data/res/values-mcc310-mnc030-mk: Cannot utime: Operation not permitted
build	Cache Android SDK	2026-06-06T12:22:45.6934975Z /usr/bin/tar: ../../../../../usr/local/lib/android/sdk/platforms/android-35/data/res/values-mcc310-mnc030-mk: Cannot change mode to rwxr-xr-x: Operation not permitted
build	Cache Android SDK	2026-06-06T12:22:45.6938148Z /usr/bin/tar: ../../../../../usr/local/lib/android/sdk/platforms/android-35/data/res/values-mcc310-mnc560-ru: Cannot utime: Operation not permitted
build	Cache Android SDK	2026-06-06T12:22:45.6938600Z /usr/bin/tar: ../../../../../usr/local/lib/android/sdk/platforms/android-35/data/res/values-mcc310-mnc560-ru: Cannot change mode to rwxr-xr-x: Operation not permitted
build	Cache Android SDK	2026-06-06T12:22:45.6941686Z /usr/bin/tar: ../../../../../usr/local/lib/android/sdk/platforms/android-35/data/res/values-mcc310-mnc380-nb: Cannot utime: Operation not permitted
build	Cache Android SDK	2026-06-06T12:22:45.6942148Z /usr/bin/tar: ../../../../../usr/local/lib/android/sdk/platforms/android-35/data/res/values-mcc310-mnc380-nb: Cannot change mode to rwxr-xr-x: Operation not permitted
build	Cache Android SDK	2026-06-06T12:22:45.6944601Z /usr/bin/tar: ../../../../../usr/local/lib/android/sdk/platforms/android-35/data/res/values-mcc310-mnc160-fa: Cannot utime: Operation not permitted
build	Cache Android SDK	2026-06-06T12:22:45.6945157Z /usr/bin/tar: ../../../../../usr/local/lib/android/sdk/platforms/android-35/data/res/values-mcc310-mnc160-fa: Cannot change mode to rwxr-xr-x: Operation not permitted
build	Cache Android SDK	2026-06-06T12:22:45.6948421Z /usr/bin/tar: ../../../../../usr/local/lib/android/sdk/platforms/android-35/data/res/layout-sw600dp: Cannot utime: Operation not permitted
build	Cache Android SDK	2026-06-06T12:22:45.6949074Z /usr/bin/tar: ../../../../../usr/local/lib/android/sdk/platforms/android-35/data/res/layout-sw600dp: Cannot change mode to rwxr-xr-x: Operation not permitted
build	Cache Android SDK	2026-06-06T12:22:45.6951764Z /usr/bin/tar: ../../../../../usr/local/lib/android/sdk/platforms/android-35/data/res/values-mcc302-mnc720-ms: Cannot utime: Operation not permitted
build	Cache Android SDK	2026-06-06T12:22:45.6955112Z /usr/bin/tar: ../../../../../usr/local/lib/android/sdk/platforms/android-35/data/res/values-mcc302-mnc720-ms: Cannot change mode to rwxr-xr-x: Operation not permitted
build	Cache Android SDK	2026-06-06T12:22:45.6955504Z /usr/bin/tar: ../../../../../usr/local/lib/android/sdk/platforms/android-35/data/res/values-el-watch: Cannot utime: Operation not permitted
build	Cache Android SDK	2026-06-06T12:22:45.6956049Z /usr/bin/tar: ../../../../../usr/local/lib/android/sdk/platforms/android-35/data/res/values-el-watch: Cannot change mode to rwxr-xr-x: Operation not permitted
build	Cache Android SDK	2026-06-06T12:22:45.6958166Z /usr/bin/tar: ../../../../../usr/local/lib/android/sdk/platforms/android-35/data/res/values-mcc310-mnc170-mr: Cannot utime: Operation not permitted
build	Cache Android SDK	2026-06-06T12:22:45.6958750Z /usr/bin/tar: ../../../../../usr/local/lib/android/sdk/platforms/android-35/data/res/values-mcc310-mnc170-mr: Cannot change mode to rwxr-xr-x: Operation not permitted
build	Cache Android SDK	2026-06-06T12:22:45.6961168Z /usr/bin/tar: ../../../../../usr/local/lib/android/sdk/platforms/android-35/data/res/values-mcc310-mnc250-nl: Cannot utime: Operation not permitted
build	Cache Android SDK	2026-06-06T12:22:45.6962000Z /usr/bin/tar: ../../../../../usr/local/lib/android/sdk/platforms/android-35/data/res/values-mcc310-mnc250-nl: Cannot change mode to rwxr-xr-x: Operation not permitted
build	Cache Android SDK	2026-06-06T12:22:45.6964214Z /usr/bin/tar: ../../../../../usr/local/lib/android/sdk/platforms/android-35/data/res/values-mcc310-mnc950-pl: Cannot utime: Operation not permitted
build	Cache Android SDK	2026-06-06T12:22:45.6964806Z /usr/bin/tar: ../../../../../usr/local/lib/android/sdk/platforms/android-35/data/res/values-mcc310-mnc950-pl: Cannot change mode to rwxr-xr-x: Operation not permitted
build	Cache Android SDK	2026-06-06T12:22:45.6967915Z /usr/bin/tar: ../../../../../usr/local/lib/android/sdk/platforms/android-35/data/res/values-mcc312-mnc670-mk: Cannot utime: Operation not permitted
build	Cache Android SDK	2026-06-06T12:22:45.6968445Z /usr/bin/tar: ../../../../../usr/local/lib/android/sdk/platforms/android-35/data/res/values-mcc312-mnc670-mk: Cannot change mode to rwxr-xr-x: Operation not permitted
build	Cache Android SDK	2026-06-06T12:22:45.6970710Z /usr/bin/tar: ../../../../../usr/local/lib/android/sdk/platforms/android-35/data/res/values-mcc313-mnc100-fi: Cannot utime: Operation not permitted
build	Cache Android SDK	2026-06-06T12:22:45.6971241Z /usr/bin/tar: ../../../../../usr/local/lib/android/sdk/platforms/android-35/data/res/values-mcc313-mnc100-fi: Cannot change mode to rwxr-xr-x: Operation not permitted
build	Cache Android SDK	2026-06-06T12:22:45.6974204Z /usr/bin/tar: ../../../../../usr/local/lib/android/sdk/platforms/android-35/data/res/values-mcc310-mnc200-is: Cannot utime: Operation not permitted
build	Cache Android SDK	2026-06-06T12:22:45.6974701Z /usr/bin/tar: ../../../../../usr/local/lib/android/sdk/platforms/android-35/data/res/values-mcc310-mnc200-is: Cannot change mode to rwxr-xr-x: Operation not permitted
build	Cache Android SDK	2026-06-06T12:22:45.6977028Z /usr/bin/tar: ../../../../../usr/local/lib/android/sdk/platforms/android-35/data/res/values-mcc312-mnc670-sw: Cannot utime: Operation not permitted
build	Cache Android SDK	2026-06-06T12:22:45.6977661Z /usr/bin/tar: ../../../../../usr/local/lib/android/sdk/platforms/android-35/data/res/values-mcc312-mnc670-sw: Cannot change mode to rwxr-xr-x: Operation not permitted
build	Cache Android SDK	2026-06-06T12:22:45.6979996Z /usr/bin/tar: ../../../../../usr/local/lib/android/sdk/platforms/android-35/data/res/values-mcc310-mnc220-ur: Cannot utime: Operation not permitted
build	Cache Android SDK	2026-06-06T12:22:45.6980449Z /usr/bin/tar: ../../../../../usr/local/lib/android/sdk/platforms/android-35/data/res/values-mcc310-mnc220-ur: Cannot change mode to rwxr-xr-x: Operation not permitted
build	Cache Android SDK	2026-06-06T12:22:45.6982888Z /usr/bin/tar: ../../../../../usr/local/lib/android/sdk/platforms/android-35/data/res/values-mcc302-mnc370-hy: Cannot utime: Operation not permitted
build	Cache Android SDK	2026-06-06T12:22:45.6983339Z /usr/bin/tar: ../../../../../usr/local/lib/android/sdk/platforms/android-35/data/res/values-mcc302-mnc370-hy: Cannot change mode to rwxr-xr-x: Operation not permitted
build	Cache Android SDK	2026-06-06T12:22:45.6986483Z /usr/bin/tar: ../../../../../usr/local/lib/android/sdk/platforms/android-35/data/res/values-mcc310-mnc250-mn: Cannot utime: Operation not permitted
build	Cache Android SDK	2026-06-06T12:22:45.6986944Z /usr/bin/tar: ../../../../../usr/local/lib/android/sdk/platforms/android-35/data/res/values-mcc310-mnc250-mn: Cannot change mode to rwxr-xr-x: Operation not permitted
build	Cache Android SDK	2026-06-06T12:22:45.6989501Z /usr/bin/tar: ../../../../../usr/local/lib/android/sdk/platforms/android-35/data/res/values-mcc310-mnc030-sk: Cannot utime: Operation not permitted
build	Cache Android SDK	2026-06-06T12:22:45.6990049Z /usr/bin/tar: ../../../../../usr/local/lib/android/sdk/platforms/android-35/data/res/values-mcc310-mnc030-sk: Cannot change mode to rwxr-xr-x: Operation not permitted
build	Cache Android SDK	2026-06-06T12:22:45.6992355Z /usr/bin/tar: ../../../../../usr/local/lib/android/sdk/platforms/android-35/data/res/values-mcc310-mnc660-cs: Cannot utime: Operation not permitted
build	Cache Android SDK	2026-06-06T12:22:45.6992817Z /usr/bin/tar: ../../../../../usr/local/lib/android/sdk/platforms/android-35/data/res/values-mcc310-mnc660-cs: Cannot change mode to rwxr-xr-x: Operation not permitted
build	Cache Android SDK	2026-06-06T12:22:45.6995527Z /usr/bin/tar: ../../../../../usr/local/lib/android/sdk/platforms/android-35/data/res/values-mcc313-mnc100-hy: Cannot utime: Operation not permitted
build	Cache Android SDK	2026-06-06T12:22:45.6995987Z /usr/bin/tar: ../../../../../usr/local/lib/android/sdk/platforms/android-35/data/res/values-mcc313-mnc100-hy: Cannot change mode to rwxr-xr-x: Operation not permitted
build	Cache Android SDK	2026-06-06T12:22:45.6998734Z /usr/bin/tar: ../../../../../usr/local/lib/android/sdk/platforms/android-35/data/res/values-mcc310-mnc220-pt-rPT: Cannot utime: Operation not permitted
build	Cache Android SDK	2026-06-06T12:22:45.6999217Z /usr/bin/tar: ../../../../../usr/local/lib/android/sdk/platforms/android-35/data/res/values-mcc310-mnc220-pt-rPT: Cannot change mode to rwxr-xr-x: Operation not permitted
build	Cache Android SDK	2026-06-06T12:22:45.7001683Z /usr/bin/tar: ../../../../../usr/local/lib/android/sdk/platforms/android-35/data/res/values-b+sr+Latn-watch: Cannot utime: Operation not permitted
build	Cache Android SDK	2026-06-06T12:22:45.7002138Z /usr/bin/tar: ../../../../../usr/local/lib/android/sdk/platforms/android-35/data/res/values-b+sr+Latn-watch: Cannot change mode to rwxr-xr-x: Operation not permitted
build	Cache Android SDK	2026-06-06T12:22:45.7004661Z /usr/bin/tar: ../../../../../usr/local/lib/android/sdk/platforms/android-35/data/res/values-mcc334-mnc020-km: Cannot utime: Operation not permitted
build	Cache Android SDK	2026-06-06T12:22:45.7005118Z /usr/bin/tar: ../../../../../usr/local/lib/android/sdk/platforms/android-35/data/res/values-mcc334-mnc020-km: Cannot change mode to rwxr-xr-x: Operation not permitted
build	Cache Android SDK	2026-06-06T12:22:45.7007860Z /usr/bin/tar: ../../../../../usr/local/lib/android/sdk/platforms/android-35/data/res/values-mcc311-mnc180-bn: Cannot utime: Operation not permitted
build	Cache Android SDK	2026-06-06T12:22:45.7008328Z /usr/bin/tar: ../../../../../usr/local/lib/android/sdk/platforms/android-35/data/res/values-mcc311-mnc180-bn: Cannot change mode to rwxr-xr-x: Operation not permitted
build	Cache Android SDK	2026-06-06T12:22:45.7010940Z /usr/bin/tar: ../../../../../usr/local/lib/android/sdk/platforms/android-35/data/res/values-mcc334-mnc020-en-rXC: Cannot utime: Operation not permitted
build	Cache Android SDK	2026-06-06T12:22:45.7011448Z /usr/bin/tar: ../../../../../usr/local/lib/android/sdk/platforms/android-35/data/res/values-mcc334-mnc020-en-rXC: Cannot change mode to rwxr-xr-x: Operation not permitted
build	Cache Android SDK	2026-06-06T12:22:45.7018565Z /usr/bin/tar: ../../../../../usr/local/lib/android/sdk/platforms/android-35/data/res/values-ro: Cannot utime: Operation not permitted
build	Cache Android SDK	2026-06-06T12:22:45.7019102Z /usr/bin/tar: ../../../../../usr/local/lib/android/sdk/platforms/android-35/data/res/values-ro: Cannot change mode to rwxr-xr-x: Operation not permitted
build	Cache Android SDK	2026-06-06T12:22:45.7021776Z /usr/bin/tar: ../../../../../usr/local/lib/android/sdk/platforms/android-35/data/res/values-mcc310-mnc310-cs: Cannot utime: Operation not permitted
build	Cache Android SDK	2026-06-06T12:22:45.7022344Z /usr/bin/tar: ../../../../../usr/local/lib/android/sdk/platforms/android-35/data/res/values-mcc310-mnc310-cs: Cannot change mode to rwxr-xr-x: Operation not permitted
build	Cache Android SDK	2026-06-06T12:22:45.7024734Z /usr/bin/tar: ../../../../../usr/local/lib/android/sdk/platforms/android-35/data/res/values-mcc310-mnc210-bs: Cannot utime: Operation not permitted
build	Cache Android SDK	2026-06-06T12:22:45.7025180Z /usr/bin/tar: ../../../../../usr/local/lib/android/sdk/platforms/android-35/data/res/values-mcc310-mnc210-bs: Cannot change mode to rwxr-xr-x: Operation not permitted
build	Cache Android SDK	2026-06-06T12:22:45.7027888Z /usr/bin/tar: ../../../../../usr/local/lib/android/sdk/platforms/android-35/data/res/values-mcc310-mnc220-hr: Cannot utime: Operation not permitted
build	Cache Android SDK	2026-06-06T12:22:45.7028524Z /usr/bin/tar: ../../../../../usr/local/lib/android/sdk/platforms/android-35/data/res/values-mcc310-mnc220-hr: Cannot change mode to rwxr-xr-x: Operation not permitted
build	Cache Android SDK	2026-06-06T12:22:45.7031084Z /usr/bin/tar: ../../../../../usr/local/lib/android/sdk/platforms/android-35/data/res/values-mcc310-mnc560-hu: Cannot utime: Operation not permitted
build	Cache Android SDK	2026-06-06T12:22:45.7031593Z /usr/bin/tar: ../../../../../usr/local/lib/android/sdk/platforms/android-35/data/res/values-mcc310-mnc560-hu: Cannot change mode to rwxr-xr-x: Operation not permitted
build	Cache Android SDK	2026-06-06T12:22:45.7034407Z /usr/bin/tar: ../../../../../usr/local/lib/android/sdk/platforms/android-35/data/res/values-mcc313: Cannot utime: Operation not permitted
build	Cache Android SDK	2026-06-06T12:22:45.7034910Z /usr/bin/tar: ../../../../../usr/local/lib/android/sdk/platforms/android-35/data/res/values-mcc313: Cannot change mode to rwxr-xr-x: Operation not permitted
build	Cache Android SDK	2026-06-06T12:22:45.7037048Z /usr/bin/tar: ../../../../../usr/local/lib/android/sdk/platforms/android-35/data/res/values-mcc302-mnc720-uz: Cannot utime: Operation not permitted
build	Cache Android SDK	2026-06-06T12:22:45.7037708Z /usr/bin/tar: ../../../../../usr/local/lib/android/sdk/platforms/android-35/data/res/values-mcc302-mnc720-uz: Cannot change mode to rwxr-xr-x: Operation not permitted
build	Cache Android SDK	2026-06-06T12:22:45.7039885Z /usr/bin/tar: ../../../../../usr/local/lib/android/sdk/platforms/android-35/data/res/values-mcc334-mnc020-hi: Cannot utime: Operation not permitted
build	Cache Android SDK	2026-06-06T12:22:45.7040335Z /usr/bin/tar: ../../../../../usr/local/lib/android/sdk/platforms/android-35/data/res/values-mcc334-mnc020-hi: Cannot change mode to rwxr-xr-x: Operation not permitted
build	Cache Android SDK	2026-06-06T12:22:45.7044215Z /usr/bin/tar: ../../../../../usr/local/lib/android/sdk/platforms/android-35/data/res/values-mcc310-mnc410-ja: Cannot utime: Operation not permitted
build	Cache Android SDK	2026-06-06T12:22:45.7044801Z /usr/bin/tar: ../../../../../usr/local/lib/android/sdk/platforms/android-35/data/res/values-mcc310-mnc410-ja: Cannot change mode to rwxr-xr-x: Operation not permitted
build	Cache Android SDK	2026-06-06T12:22:45.7046975Z /usr/bin/tar: ../../../../../usr/local/lib/android/sdk/platforms/android-35/data/res/values-mcc310-mnc490-gl: Cannot utime: Operation not permitted
build	Cache Android SDK	2026-06-06T12:22:45.7047811Z /usr/bin/tar: ../../../../../usr/local/lib/android/sdk/platforms/android-35/data/res/values-mcc310-mnc490-gl: Cannot change mode to rwxr-xr-x: Operation not permitted
build	Cache Android SDK	2026-06-06T12:22:45.7050131Z /usr/bin/tar: ../../../../../usr/local/lib/android/sdk/platforms/android-35/data/res/values-mcc310-mnc310-de: Cannot utime: Operation not permitted
build	Cache Android SDK	2026-06-06T12:22:45.7050582Z /usr/bin/tar: ../../../../../usr/local/lib/android/sdk/platforms/android-35/data/res/values-mcc310-mnc310-de: Cannot change mode to rwxr-xr-x: Operation not permitted
build	Cache Android SDK	2026-06-06T12:22:45.7055290Z /usr/bin/tar: ../../../../../usr/local/lib/android/sdk/platforms/android-35/data/res/values-cs-television: Cannot utime: Operation not permitted
build	Cache Android SDK	2026-06-06T12:22:45.7056152Z /usr/bin/tar: ../../../../../usr/local/lib/android/sdk/platforms/android-35/data/res/values-cs-television: Cannot change mode to rwxr-xr-x: Operation not permitted
build	Cache Android SDK	2026-06-06T12:22:45.7059038Z /usr/bin/tar: ../../../../../usr/local/lib/android/sdk/platforms/android-35/data/res/values-w192dp-round-watch: Cannot utime: Operation not permitted
build	Cache Android SDK	2026-06-06T12:22:45.7059511Z /usr/bin/tar: ../../../../../usr/local/lib/android/sdk/platforms/android-35/data/res/values-w192dp-round-watch: Cannot change mode to rwxr-xr-x: Operation not permitted
build	Cache Android SDK	2026-06-06T12:22:45.7062773Z /usr/bin/tar: ../../../../../usr/local/lib/android/sdk/platforms/android-35/data/res/values-mcc334-mnc03: Cannot utime: Operation not permitted
build	Cache Android SDK	2026-06-06T12:22:45.7063215Z /usr/bin/tar: ../../../../../usr/local/lib/android/sdk/platforms/android-35/data/res/values-mcc334-mnc03: Cannot change mode to rwxr-xr-x: Operation not permitted
build	Cache Android SDK	2026-06-06T12:22:45.7066083Z /usr/bin/tar: ../../../../../usr/local/lib/android/sdk/platforms/android-35/data/res/values-mcc312-mnc670-ne: Cannot utime: Operation not permitted
build	Cache Android SDK	2026-06-06T12:22:45.7066738Z /usr/bin/tar: ../../../../../usr/local/lib/android/sdk/platforms/android-35/data/res/values-mcc312-mnc670-ne: Cannot change mode to rwxr-xr-x: Operation not permitted
build	Cache Android SDK	2026-06-06T12:22:45.7069877Z /usr/bin/tar: ../../../../../usr/local/lib/android/sdk/platforms/android-35/data/res/values-mcc310-mnc230-en-rIN: Cannot utime: Operation not permitted
build	Cache Android SDK	2026-06-06T12:22:45.7070350Z /usr/bin/tar: ../../../../../usr/local/lib/android/sdk/platforms/android-35/data/res/values-mcc310-mnc230-en-rIN: Cannot change mode to rwxr-xr-x: Operation not permitted
build	Cache Android SDK	2026-06-06T12:22:45.7073250Z /usr/bin/tar: ../../../../../usr/local/lib/android/sdk/platforms/android-35/data/res/values-mcc310-mnc150-ne: Cannot utime: Operation not permitted
build	Cache Android SDK	2026-06-06T12:22:45.7073702Z /usr/bin/tar: ../../../../../usr/local/lib/android/sdk/platforms/android-35/data/res/values-mcc310-mnc150-ne: Cannot change mode to rwxr-xr-x: Operation not permitted
build	Cache Android SDK	2026-06-06T12:22:45.7076449Z /usr/bin/tar: ../../../../../usr/local/lib/android/sdk/platforms/android-35/data/res/values-mcc310-mnc200-ca: Cannot utime: Operation not permitted
build	Cache Android SDK	2026-06-06T12:22:45.7076898Z /usr/bin/tar: ../../../../../usr/local/lib/android/sdk/platforms/android-35/data/res/values-mcc310-mnc200-ca: Cannot change mode to rwxr-xr-x: Operation not permitted
build	Cache Android SDK	2026-06-06T12:22:45.7079568Z /usr/bin/tar: ../../../../../usr/local/lib/android/sdk/platforms/android-35/data/res/values-mcc310-mnc030-km: Cannot utime: Operation not permitted
build	Cache Android SDK	2026-06-06T12:22:45.7080010Z /usr/bin/tar: ../../../../../usr/local/lib/android/sdk/platforms/android-35/data/res/values-mcc310-mnc030-km: Cannot change mode to rwxr-xr-x: Operation not permitted
build	Cache Android SDK	2026-06-06T12:22:45.7082585Z /usr/bin/tar: ../../../../../usr/local/lib/android/sdk/platforms/android-35/data/res/values-mcc313-mnc100-pa: Cannot utime: Operation not permitted
build	Cache Android SDK	2026-06-06T12:22:45.7083024Z /usr/bin/tar: ../../../../../usr/local/lib/android/sdk/platforms/android-35/data/res/values-mcc313-mnc100-pa: Cannot change mode to rwxr-xr-x: Operation not permitted
build	Cache Android SDK	2026-06-06T12:22:45.7085891Z /usr/bin/tar: ../../../../../usr/local/lib/android/sdk/platforms/android-35/data/res/values-mcc310-mnc150-ru: Cannot utime: Operation not permitted
build	Cache Android SDK	2026-06-06T12:22:45.7086339Z /usr/bin/tar: ../../../../../usr/local/lib/android/sdk/platforms/android-35/data/res/values-mcc310-mnc150-ru: Cannot change mode to rwxr-xr-x: Operation not permitted
build	Cache Android SDK	2026-06-06T12:22:45.7089162Z /usr/bin/tar: ../../../../../usr/local/lib/android/sdk/platforms/android-35/data/res/values-mcc310-mnc560-eu: Cannot utime: Operation not permitted
build	Cache Android SDK	2026-06-06T12:22:45.7089605Z /usr/bin/tar: ../../../../../usr/local/lib/android/sdk/platforms/android-35/data/res/values-mcc310-mnc560-eu: Cannot change mode to rwxr-xr-x: Operation not permitted
build	Cache Android SDK	2026-06-06T12:22:45.7092362Z /usr/bin/tar: ../../../../../usr/local/lib/android/sdk/platforms/android-35/data/res/values-mcc310-mnc170-zh-rTW: Cannot utime: Operation not permitted
build	Cache Android SDK	2026-06-06T12:22:45.7092826Z /usr/bin/tar: ../../../../../usr/local/lib/android/sdk/platforms/android-35/data/res/values-mcc310-mnc170-zh-rTW: Cannot change mode to rwxr-xr-x: Operation not permitted
build	Cache Android SDK	2026-06-06T12:22:45.7095744Z /usr/bin/tar: ../../../../../usr/local/lib/android/sdk/platforms/android-35/data/res/values-lo-television: Cannot utime: Operation not permitted
build	Cache Android SDK	2026-06-06T12:22:45.7096188Z /usr/bin/tar: ../../../../../usr/local/lib/android/sdk/platforms/android-35/data/res/values-lo-television: Cannot change mode to rwxr-xr-x: Operation not permitted
build	Cache Android SDK	2026-06-06T12:22:45.7099043Z /usr/bin/tar: ../../../../../usr/local/lib/android/sdk/platforms/android-35/data/res/values-mcc311-mnc180-mr: Cannot utime: Operation not permitted
build	Cache Android SDK	2026-06-06T12:22:45.7099492Z /usr/bin/tar: ../../../../../usr/local/lib/android/sdk/platforms/android-35/data/res/values-mcc311-mnc180-mr: Cannot change mode to rwxr-xr-x: Operation not permitted
build	Cache Android SDK	2026-06-06T12:22:45.7102320Z /usr/bin/tar: ../../../../../usr/local/lib/android/sdk/platforms/android-35/data/res/values-mcc001-mnc01-ne: Cannot utime: Operation not permitted
build	Cache Android SDK	2026-06-06T12:22:45.7102882Z /usr/bin/tar: ../../../../../usr/local/lib/android/sdk/platforms/android-35/data/res/values-mcc001-mnc01-ne: Cannot change mode to rwxr-xr-x: Operation not permitted
build	Cache Android SDK	2026-06-06T12:22:45.7105589Z /usr/bin/tar: ../../../../../usr/local/lib/android/sdk/platforms/android-35/data/res/values-iw-watch: Cannot utime: Operation not permitted
build	Cache Android SDK	2026-06-06T12:22:45.7106012Z /usr/bin/tar: ../../../../../usr/local/lib/android/sdk/platforms/android-35/data/res/values-iw-watch: Cannot change mode to rwxr-xr-x: Operation not permitted
build	Cache Android SDK	2026-06-06T12:22:45.7108869Z /usr/bin/tar: ../../../../../usr/local/lib/android/sdk/platforms/android-35/data/res/values-mcc310-mnc560-it: Cannot utime: Operation not permitted
build	Cache Android SDK	2026-06-06T12:22:45.7109311Z /usr/bin/tar: ../../../../../usr/local/lib/android/sdk/platforms/android-35/data/res/values-mcc310-mnc560-it: Cannot change mode to rwxr-xr-x: Operation not permitted
build	Cache Android SDK	2026-06-06T12:22:45.7111913Z /usr/bin/tar: ../../../../../usr/local/lib/android/sdk/platforms/android-35/data/res/values-mcc313-mnc100-it: Cannot utime: Operation not permitted
build	Cache Android SDK	2026-06-06T12:22:45.7112364Z /usr/bin/tar: ../../../../../usr/local/lib/android/sdk/platforms/android-35/data/res/values-mcc313-mnc100-it: Cannot change mode to rwxr-xr-x: Operation not permitted
build	Cache Android SDK	2026-06-06T12:22:45.7115000Z /usr/bin/tar: ../../../../../usr/local/lib/android/sdk/platforms/android-35/data/res/values-mcc310-mnc270-pl: Cannot utime: Operation not permitted
build	Cache Android SDK	2026-06-06T12:22:45.7115440Z /usr/bin/tar: ../../../../../usr/local/lib/android/sdk/platforms/android-35/data/res/values-mcc310-mnc270-pl: Cannot change mode to rwxr-xr-x: Operation not permitted
build	Cache Android SDK	2026-06-06T12:22:45.7118205Z /usr/bin/tar: ../../../../../usr/local/lib/android/sdk/platforms/android-35/data/res/values-ca-watch: Cannot utime: Operation not permitted
build	Cache Android SDK	2026-06-06T12:22:45.7118630Z /usr/bin/tar: ../../../../../usr/local/lib/android/sdk/platforms/android-35/data/res/values-ca-watch: Cannot change mode to rwxr-xr-x: Operation not permitted
build	Cache Android SDK	2026-06-06T12:22:45.7121613Z /usr/bin/tar: ../../../../../usr/local/lib/android/sdk/platforms/android-35/data/res/values-mcc310-mnc380-ja: Cannot utime: Operation not permitted
build	Cache Android SDK	2026-06-06T12:22:45.7122064Z /usr/bin/tar: ../../../../../usr/local/lib/android/sdk/platforms/android-35/data/res/values-mcc310-mnc380-ja: Cannot change mode to rwxr-xr-x: Operation not permitted
build	Cache Android SDK	2026-06-06T12:22:45.7183380Z /usr/bin/tar: ../../../../../usr/local/lib/android/sdk/platforms/android-35/data/res/values: Cannot utime: Operation not permitted
build	Cache Android SDK	2026-06-06T12:22:45.7183814Z /usr/bin/tar: ../../../../../usr/local/lib/android/sdk/platforms/android-35/data/res/values: Cannot change mode to rwxr-xr-x: Operation not permitted
build	Cache Android SDK	2026-06-06T12:22:45.7186951Z /usr/bin/tar: ../../../../../usr/local/lib/android/sdk/platforms/android-35/data/res/raw-zh-rCN: Cannot utime: Operation not permitted
build	Cache Android SDK	2026-06-06T12:22:45.7187532Z /usr/bin/tar: ../../../../../usr/local/lib/android/sdk/platforms/android-35/data/res/raw-zh-rCN: Cannot change mode to rwxr-xr-x: Operation not permitted
build	Cache Android SDK	2026-06-06T12:22:45.7190294Z /usr/bin/tar: ../../../../../usr/local/lib/android/sdk/platforms/android-35/data/res/values-mcc310-mnc280-ro: Cannot utime: Operation not permitted
build	Cache Android SDK	2026-06-06T12:22:45.7190833Z /usr/bin/tar: ../../../../../usr/local/lib/android/sdk/platforms/android-35/data/res/values-mcc310-mnc280-ro: Cannot change mode to rwxr-xr-x: Operation not permitted
build	Cache Android SDK	2026-06-06T12:22:45.7193059Z /usr/bin/tar: ../../../../../usr/local/lib/android/sdk/platforms/android-35/data/res/values-mcc310-mnc250-en-rGB: Cannot utime: Operation not permitted
build	Cache Android SDK	2026-06-06T12:22:45.7193514Z /usr/bin/tar: ../../../../../usr/local/lib/android/sdk/platforms/android-35/data/res/values-mcc310-mnc250-en-rGB: Cannot change mode to rwxr-xr-x: Operation not permitted
build	Cache Android SDK	2026-06-06T12:22:45.7196598Z /usr/bin/tar: ../../../../../usr/local/lib/android/sdk/platforms/android-35/data/res/values-es-rCO: Cannot utime: Operation not permitted
build	Cache Android SDK	2026-06-06T12:22:45.7197091Z /usr/bin/tar: ../../../../../usr/local/lib/android/sdk/platforms/android-35/data/res/values-es-rCO: Cannot change mode to rwxr-xr-x: Operation not permitted
build	Cache Android SDK	2026-06-06T12:22:45.7199717Z /usr/bin/tar: ../../../../../usr/local/lib/android/sdk/platforms/android-35/data/res/values-mcc310-mnc170-uz: Cannot utime: Operation not permitted
build	Cache Android SDK	2026-06-06T12:22:45.7200186Z /usr/bin/tar: ../../../../../usr/local/lib/android/sdk/platforms/android-35/data/res/values-mcc310-mnc170-uz: Cannot change mode to rwxr-xr-x: Operation not permitted
build	Cache Android SDK	2026-06-06T12:22:45.7202855Z /usr/bin/tar: ../../../../../usr/local/lib/android/sdk/platforms/android-35/data/res/values-mcc310-mnc950-is: Cannot utime: Operation not permitted
build	Cache Android SDK	2026-06-06T12:22:45.7203315Z /usr/bin/tar: ../../../../../usr/local/lib/android/sdk/platforms/android-35/data/res/values-mcc310-mnc950-is: Cannot change mode to rwxr-xr-x: Operation not permitted
build	Cache Android SDK	2026-06-06T12:22:45.7206180Z /usr/bin/tar: ../../../../../usr/local/lib/android/sdk/platforms/android-35/data/res/values-pt-watch: Cannot utime: Operation not permitted
build	Cache Android SDK	2026-06-06T12:22:45.7207016Z /usr/bin/tar: ../../../../../usr/local/lib/android/sdk/platforms/android-35/data/res/values-pt-watch: Cannot change mode to rwxr-xr-x: Operation not permitted
build	Cache Android SDK	2026-06-06T12:22:45.7208833Z /usr/bin/tar: ../../../../../usr/local/lib/android/sdk/platforms/android-35/data/res/values-mcc313-mnc100-pl: Cannot utime: Operation not permitted
build	Cache Android SDK	2026-06-06T12:22:45.7209286Z /usr/bin/tar: ../../../../../usr/local/lib/android/sdk/platforms/android-35/data/res/values-mcc313-mnc100-pl: Cannot change mode to rwxr-xr-x: Operation not permitted
build	Cache Android SDK	2026-06-06T12:22:45.7212300Z /usr/bin/tar: ../../../../../usr/local/lib/android/sdk/platforms/android-35/data/res/values-mcc001-mnc01-vi: Cannot utime: Operation not permitted
build	Cache Android SDK	2026-06-06T12:22:45.7212794Z /usr/bin/tar: ../../../../../usr/local/lib/android/sdk/platforms/android-35/data/res/values-mcc001-mnc01-vi: Cannot change mode to rwxr-xr-x: Operation not permitted
build	Cache Android SDK	2026-06-06T12:22:45.7215000Z /usr/bin/tar: ../../../../../usr/local/lib/android/sdk/platforms/android-35/data/res/values-mcc313-mnc100-lv: Cannot utime: Operation not permitted
build	Cache Android SDK	2026-06-06T12:22:45.7215469Z /usr/bin/tar: ../../../../../usr/local/lib/android/sdk/platforms/android-35/data/res/values-mcc313-mnc100-lv: Cannot change mode to rwxr-xr-x: Operation not permitted
build	Cache Android SDK	2026-06-06T12:22:45.7218572Z /usr/bin/tar: ../../../../../usr/local/lib/android/sdk/platforms/android-35/data/res/values-mcc302-mnc720-gu: Cannot utime: Operation not permitted
build	Cache Android SDK	2026-06-06T12:22:45.7219133Z /usr/bin/tar: ../../../../../usr/local/lib/android/sdk/platforms/android-35/data/res/values-mcc302-mnc720-gu: Cannot change mode to rwxr-xr-x: Operation not permitted
build	Cache Android SDK	2026-06-06T12:22:45.7221369Z /usr/bin/tar: ../../../../../usr/local/lib/android/sdk/platforms/android-35/data/res/values-mcc302-mnc370-zh-rCN: Cannot utime: Operation not permitted
build	Cache Android SDK	2026-06-06T12:22:45.7221842Z /usr/bin/tar: ../../../../../usr/local/lib/android/sdk/platforms/android-35/data/res/values-mcc302-mnc370-zh-rCN: Cannot change mode to rwxr-xr-x: Operation not permitted
build	Cache Android SDK	2026-06-06T12:22:45.7224425Z /usr/bin/tar: ../../../../../usr/local/lib/android/sdk/platforms/android-35/data/res/values-th-watch: Cannot utime: Operation not permitted
build	Cache Android SDK	2026-06-06T12:22:45.7224857Z /usr/bin/tar: ../../../../../usr/local/lib/android/sdk/platforms/android-35/data/res/values-th-watch: Cannot change mode to rwxr-xr-x: Operation not permitted
build	Cache Android SDK	2026-06-06T12:22:45.7227186Z /usr/bin/tar: ../../../../../usr/local/lib/android/sdk/platforms/android-35/data/res/values-mcc310-mnc250-ta: Cannot utime: Operation not permitted
build	Cache Android SDK	2026-06-06T12:22:45.7227915Z /usr/bin/tar: ../../../../../usr/local/lib/android/sdk/platforms/android-35/data/res/values-mcc310-mnc250-ta: Cannot change mode to rwxr-xr-x: Operation not permitted
build	Cache Android SDK	2026-06-06T12:22:45.7230178Z /usr/bin/tar: ../../../../../usr/local/lib/android/sdk/platforms/android-35/data/res/values-mcc310-mnc560-mk: Cannot utime: Operation not permitted
build	Cache Android SDK	2026-06-06T12:22:45.7230639Z /usr/bin/tar: ../../../../../usr/local/lib/android/sdk/platforms/android-35/data/res/values-mcc310-mnc560-mk: Cannot change mode to rwxr-xr-x: Operation not permitted
build	Cache Android SDK	2026-06-06T12:22:45.7233426Z /usr/bin/tar: ../../../../../usr/local/lib/android/sdk/platforms/android-35/data/res/values-mcc466-mnc02: Cannot utime: Operation not permitted
build	Cache Android SDK	2026-06-06T12:22:45.7233873Z /usr/bin/tar: ../../../../../usr/local/lib/android/sdk/platforms/android-35/data/res/values-mcc466-mnc02: Cannot change mode to rwxr-xr-x: Operation not permitted
build	Cache Android SDK	2026-06-06T12:22:45.7236430Z /usr/bin/tar: ../../../../../usr/local/lib/android/sdk/platforms/android-35/data/res/values-mcc310-mnc030: Cannot utime: Operation not permitted
build	Cache Android SDK	2026-06-06T12:22:45.7236880Z /usr/bin/tar: ../../../../../usr/local/lib/android/sdk/platforms/android-35/data/res/values-mcc310-mnc030: Cannot change mode to rwxr-xr-x: Operation not permitted
build	Cache Android SDK	2026-06-06T12:22:45.7239475Z /usr/bin/tar: ../../../../../usr/local/lib/android/sdk/platforms/android-35/data/res/values-mcc310-mnc150-sq: Cannot utime: Operation not permitted
build	Cache Android SDK	2026-06-06T12:22:45.7240014Z /usr/bin/tar: ../../../../../usr/local/lib/android/sdk/platforms/android-35/data/res/values-mcc310-mnc150-sq: Cannot change mode to rwxr-xr-x: Operation not permitted
build	Cache Android SDK	2026-06-06T12:22:45.7242275Z /usr/bin/tar: ../../../../../usr/local/lib/android/sdk/platforms/android-35/data/res/values-mcc310-mnc220-uz: Cannot utime: Operation not permitted
build	Cache Android SDK	2026-06-06T12:22:45.7242723Z /usr/bin/tar: ../../../../../usr/local/lib/android/sdk/platforms/android-35/data/res/values-mcc310-mnc220-uz: Cannot change mode to rwxr-xr-x: Operation not permitted
build	Cache Android SDK	2026-06-06T12:22:45.7245461Z /usr/bin/tar: ../../../../../usr/local/lib/android/sdk/platforms/android-35/data/res/values-mcc310-mnc380-es-rUS: Cannot utime: Operation not permitted
build	Cache Android SDK	2026-06-06T12:22:45.7245924Z /usr/bin/tar: ../../../../../usr/local/lib/android/sdk/platforms/android-35/data/res/values-mcc310-mnc380-es-rUS: Cannot change mode to rwxr-xr-x: Operation not permitted
build	Cache Android SDK	2026-06-06T12:22:45.7248748Z /usr/bin/tar: ../../../../../usr/local/lib/android/sdk/platforms/android-35/data/res/values-hu-watch: Cannot utime: Operation not permitted
build	Cache Android SDK	2026-06-06T12:22:45.7249195Z /usr/bin/tar: ../../../../../usr/local/lib/android/sdk/platforms/android-35/data/res/values-hu-watch: Cannot change mode to rwxr-xr-x: Operation not permitted
build	Cache Android SDK	2026-06-06T12:22:45.7252128Z /usr/bin/tar: ../../../../../usr/local/lib/android/sdk/platforms/android-35/data/res/values-mcc311-mnc180-et: Cannot utime: Operation not permitted
build	Cache Android SDK	2026-06-06T12:22:45.7252591Z /usr/bin/tar: ../../../../../usr/local/lib/android/sdk/platforms/android-35/data/res/values-mcc311-mnc180-et: Cannot change mode to rwxr-xr-x: Operation not permitted
build	Cache Android SDK	2026-06-06T12:22:45.7254778Z /usr/bin/tar: ../../../../../usr/local/lib/android/sdk/platforms/android-35/data/res/values-mcc310-mnc800-my: Cannot utime: Operation not permitted
build	Cache Android SDK	2026-06-06T12:22:45.7255223Z /usr/bin/tar: ../../../../../usr/local/lib/android/sdk/platforms/android-35/data/res/values-mcc310-mnc800-my: Cannot change mode to rwxr-xr-x: Operation not permitted
build	Cache Android SDK	2026-06-06T12:22:45.7258076Z /usr/bin/tar: ../../../../../usr/local/lib/android/sdk/platforms/android-35/data/res/values-mcc310-mnc150-pl: Cannot utime: Operation not permitted
build	Cache Android SDK	2026-06-06T12:22:45.7258638Z /usr/bin/tar: ../../../../../usr/local/lib/android/sdk/platforms/android-35/data/res/values-mcc310-mnc150-pl: Cannot change mode to rwxr-xr-x: Operation not permitted
build	Cache Android SDK	2026-06-06T12:22:45.7261374Z /usr/bin/tar: ../../../../../usr/local/lib/android/sdk/platforms/android-35/data/res/values-mcc302-mnc370-ja: Cannot utime: Operation not permitted
build	Cache Android SDK	2026-06-06T12:22:45.7261832Z /usr/bin/tar: ../../../../../usr/local/lib/android/sdk/platforms/android-35/data/res/values-mcc302-mnc370-ja: Cannot change mode to rwxr-xr-x: Operation not permitted
build	Cache Android SDK	2026-06-06T12:22:45.7263982Z /usr/bin/tar: ../../../../../usr/local/lib/android/sdk/platforms/android-35/data/res/values-mcc302-mnc370-my: Cannot utime: Operation not permitted
build	Cache Android SDK	2026-06-06T12:22:45.7264433Z /usr/bin/tar: ../../../../../usr/local/lib/android/sdk/platforms/android-35/data/res/values-mcc302-mnc370-my: Cannot change mode to rwxr-xr-x: Operation not permitted
build	Cache Android SDK	2026-06-06T12:22:45.7271131Z /usr/bin/tar: ../../../../../usr/local/lib/android/sdk/platforms/android-35/data/res/drawable-sw600dp-xhdpi: Cannot utime: Operation not permitted
build	Cache Android SDK	2026-06-06T12:22:45.7271599Z /usr/bin/tar: ../../../../../usr/local/lib/android/sdk/platforms/android-35/data/res/drawable-sw600dp-xhdpi: Cannot change mode to rwxr-xr-x: Operation not permitted
build	Cache Android SDK	2026-06-06T12:22:45.7274583Z /usr/bin/tar: ../../../../../usr/local/lib/android/sdk/platforms/android-35/data/res/values-mcc510-mnc89: Cannot utime: Operation not permitted
build	Cache Android SDK	2026-06-06T12:22:45.7275025Z /usr/bin/tar: ../../../../../usr/local/lib/android/sdk/platforms/android-35/data/res/values-mcc510-mnc89: Cannot change mode to rwxr-xr-x: Operation not permitted
build	Cache Android SDK	2026-06-06T12:22:45.7277747Z /usr/bin/tar: ../../../../../usr/local/lib/android/sdk/platforms/android-35/data/res/values-mcc313-mnc100-gl: Cannot utime: Operation not permitted
build	Cache Android SDK	2026-06-06T12:22:45.7278441Z /usr/bin/tar: ../../../../../usr/local/lib/android/sdk/platforms/android-35/data/res/values-mcc313-mnc100-gl: Cannot change mode to rwxr-xr-x: Operation not permitted
build	Cache Android SDK	2026-06-06T12:22:45.7280288Z /usr/bin/tar: ../../../../../usr/local/lib/android/sdk/platforms/android-35/data/res/values-mcc310-mnc490-da: Cannot utime: Operation not permitted
build	Cache Android SDK	2026-06-06T12:22:45.7280729Z /usr/bin/tar: ../../../../../usr/local/lib/android/sdk/platforms/android-35/data/res/values-mcc310-mnc490-da: Cannot change mode to rwxr-xr-x: Operation not permitted
build	Cache Android SDK	2026-06-06T12:22:45.7283612Z /usr/bin/tar: ../../../../../usr/local/lib/android/sdk/platforms/android-35/data/res/values-mcc310-mnc240-uz: Cannot utime: Operation not permitted
build	Cache Android SDK	2026-06-06T12:22:45.7284057Z /usr/bin/tar: ../../../../../usr/local/lib/android/sdk/platforms/android-35/data/res/values-mcc310-mnc240-uz: Cannot change mode to rwxr-xr-x: Operation not permitted
build	Cache Android SDK	2026-06-06T12:22:45.7286836Z /usr/bin/tar: ../../../../../usr/local/lib/android/sdk/platforms/android-35/data/res/values-mcc310-mnc170-ky: Cannot utime: Operation not permitted
build	Cache Android SDK	2026-06-06T12:22:45.7287293Z /usr/bin/tar: ../../../../../usr/local/lib/android/sdk/platforms/android-35/data/res/values-mcc310-mnc170-ky: Cannot change mode to rwxr-xr-x: Operation not permitted
build	Cache Android SDK	2026-06-06T12:22:45.7290259Z /usr/bin/tar: ../../../../../usr/local/lib/android/sdk/platforms/android-35/data/res/values-mcc310-mnc950-az: Cannot utime: Operation not permitted
build	Cache Android SDK	2026-06-06T12:22:45.7290696Z /usr/bin/tar: ../../../../../usr/local/lib/android/sdk/platforms/android-35/data/res/values-mcc310-mnc950-az: Cannot change mode to rwxr-xr-x: Operation not permitted
build	Cache Android SDK	2026-06-06T12:22:45.7293208Z /usr/bin/tar: ../../../../../usr/local/lib/android/sdk/platforms/android-35/data/res/values-mcc310-mnc220-zh-rTW: Cannot utime: Operation not permitted
build	Cache Android SDK	2026-06-06T12:22:45.7293678Z /usr/bin/tar: ../../../../../usr/local/lib/android/sdk/platforms/android-35/data/res/values-mcc310-mnc220-zh-rTW: Cannot change mode to rwxr-xr-x: Operation not permitted
build	Cache Android SDK	2026-06-06T12:22:45.7296448Z /usr/bin/tar: ../../../../../usr/local/lib/android/sdk/platforms/android-35/data/res/values-mcc310-mnc150-ky: Cannot utime: Operation not permitted
build	Cache Android SDK	2026-06-06T12:22:45.7296904Z /usr/bin/tar: ../../../../../usr/local/lib/android/sdk/platforms/android-35/data/res/values-mcc310-mnc150-ky: Cannot change mode to rwxr-xr-x: Operation not permitted
build	Cache Android SDK	2026-06-06T12:22:45.7300217Z /usr/bin/tar: ../../../../../usr/local/lib/android/sdk/platforms/android-35/data/res/values-mcc310-mnc950-hi: Cannot utime: Operation not permitted
build	Cache Android SDK	2026-06-06T12:22:45.7300665Z /usr/bin/tar: ../../../../../usr/local/lib/android/sdk/platforms/android-35/data/res/values-mcc310-mnc950-hi: Cannot change mode to rwxr-xr-x: Operation not permitted
build	Cache Android SDK	2026-06-06T12:22:45.7304253Z /usr/bin/tar: ../../../../../usr/local/lib/android/sdk/platforms/android-35/data/res/values-mcc310-mnc250-th: Cannot utime: Operation not permitted
build	Cache Android SDK	2026-06-06T12:22:45.7304717Z /usr/bin/tar: ../../../../../usr/local/lib/android/sdk/platforms/android-35/data/res/values-mcc310-mnc250-th: Cannot change mode to rwxr-xr-x: Operation not permitted
build	Cache Android SDK	2026-06-06T12:22:45.7310401Z /usr/bin/tar: ../../../../../usr/local/lib/android/sdk/platforms/android-35/data/res/values-round-watch: Cannot utime: Operation not permitted
build	Cache Android SDK	2026-06-06T12:22:45.7310964Z /usr/bin/tar: ../../../../../usr/local/lib/android/sdk/platforms/android-35/data/res/values-round-watch: Cannot change mode to rwxr-xr-x: Operation not permitted
build	Cache Android SDK	2026-06-06T12:22:45.7313431Z /usr/bin/tar: ../../../../../usr/local/lib/android/sdk/platforms/android-35/data/res/values-mcc310-mnc160-te: Cannot utime: Operation not permitted
build	Cache Android SDK	2026-06-06T12:22:45.7313896Z /usr/bin/tar: ../../../../../usr/local/lib/android/sdk/platforms/android-35/data/res/values-mcc310-mnc160-te: Cannot change mode to rwxr-xr-x: Operation not permitted
build	Cache Android SDK	2026-06-06T12:22:45.7320788Z /usr/bin/tar: ../../../../../usr/local/lib/android/sdk/platforms/android-35/data/res/color-watch: Cannot utime: Operation not permitted
build	Cache Android SDK	2026-06-06T12:22:45.7321445Z /usr/bin/tar: ../../../../../usr/local/lib/android/sdk/platforms/android-35/data/res/color-watch: Cannot change mode to rwxr-xr-x: Operation not permitted
build	Cache Android SDK	2026-06-06T12:22:45.7324120Z /usr/bin/tar: ../../../../../usr/local/lib/android/sdk/platforms/android-35/data/res/values-mcc310-mnc950-mr: Cannot utime: Operation not permitted
build	Cache Android SDK	2026-06-06T12:22:45.7324694Z /usr/bin/tar: ../../../../../usr/local/lib/android/sdk/platforms/android-35/data/res/values-mcc310-mnc950-mr: Cannot change mode to rwxr-xr-x: Operation not permitted
build	Cache Android SDK	2026-06-06T12:22:45.7326852Z /usr/bin/tar: ../../../../../usr/local/lib/android/sdk/platforms/android-35/data/res/values-mcc312-mnc670-is: Cannot utime: Operation not permitted
build	Cache Android SDK	2026-06-06T12:22:45.7327312Z /usr/bin/tar: ../../../../../usr/local/lib/android/sdk/platforms/android-35/data/res/values-mcc312-mnc670-is: Cannot change mode to rwxr-xr-x: Operation not permitted
build	Cache Android SDK	2026-06-06T12:22:45.7330922Z /usr/bin/tar: ../../../../../usr/local/lib/android/sdk/platforms/android-35/data/res/values-mcc310-mnc030-it: Cannot utime: Operation not permitted
build	Cache Android SDK	2026-06-06T12:22:45.7331641Z /usr/bin/tar: ../../../../../usr/local/lib/android/sdk/platforms/android-35/data/res/values-mcc310-mnc030-it: Cannot change mode to rwxr-xr-x: Operation not permitted
build	Cache Android SDK	2026-06-06T12:22:45.7334439Z /usr/bin/tar: ../../../../../usr/local/lib/android/sdk/platforms/android-35/data/res/values-mcc313-mnc100-ky: Cannot utime: Operation not permitted
build	Cache Android SDK	2026-06-06T12:22:45.7335392Z /usr/bin/tar: ../../../../../usr/local/lib/android/sdk/platforms/android-35/data/res/values-mcc313-mnc100-ky: Cannot change mode to rwxr-xr-x: Operation not permitted
build	Cache Android SDK	2026-06-06T12:22:45.7338385Z /usr/bin/tar: ../../../../../usr/local/lib/android/sdk/platforms/android-35/data/res/values-mcc311-mnc180-en-rAU: Cannot utime: Operation not permitted
build	Cache Android SDK	2026-06-06T12:22:45.7338974Z /usr/bin/tar: ../../../../../usr/local/lib/android/sdk/platforms/android-35/data/res/values-mcc311-mnc180-en-rAU: Cannot change mode to rwxr-xr-x: Operation not permitted
build	Cache Android SDK	2026-06-06T12:22:45.7341525Z /usr/bin/tar: ../../../../../usr/local/lib/android/sdk/platforms/android-35/data/res/values-mcc310-mnc490-sr: Cannot utime: Operation not permitted
build	Cache Android SDK	2026-06-06T12:22:45.7342021Z /usr/bin/tar: ../../../../../usr/local/lib/android/sdk/platforms/android-35/data/res/values-mcc310-mnc490-sr: Cannot change mode to rwxr-xr-x: Operation not permitted
build	Cache Android SDK	2026-06-06T12:22:45.7344429Z /usr/bin/tar: ../../../../../usr/local/lib/android/sdk/platforms/android-35/data/res/values-mcc310-mnc560-uz: Cannot utime: Operation not permitted
build	Cache Android SDK	2026-06-06T12:22:45.7344880Z /usr/bin/tar: ../../../../../usr/local/lib/android/sdk/platforms/android-35/data/res/values-mcc310-mnc560-uz: Cannot change mode to rwxr-xr-x: Operation not permitted
build	Cache Android SDK	2026-06-06T12:22:45.7347631Z /usr/bin/tar: ../../../../../usr/local/lib/android/sdk/platforms/android-35/data/res/values-mcc310-mnc490-sw: Cannot utime: Operation not permitted
build	Cache Android SDK	2026-06-06T12:22:45.7348126Z /usr/bin/tar: ../../../../../usr/local/lib/android/sdk/platforms/android-35/data/res/values-mcc310-mnc490-sw: Cannot change mode to rwxr-xr-x: Operation not permitted
build	Cache Android SDK	2026-06-06T12:22:45.7350323Z /usr/bin/tar: ../../../../../usr/local/lib/android/sdk/platforms/android-35/data/res/values-mcc302-mnc370-is: Cannot utime: Operation not permitted
build	Cache Android SDK	2026-06-06T12:22:45.7351044Z /usr/bin/tar: ../../../../../usr/local/lib/android/sdk/platforms/android-35/data/res/values-mcc302-mnc370-is: Cannot change mode to rwxr-xr-x: Operation not permitted
build	Cache Android SDK	2026-06-06T12:22:45.7353694Z /usr/bin/tar: ../../../../../usr/local/lib/android/sdk/platforms/android-35/data/res/values-mcc302-mnc610: Cannot utime: Operation not permitted
build	Cache Android SDK	2026-06-06T12:22:45.7354143Z /usr/bin/tar: ../../../../../usr/local/lib/android/sdk/platforms/android-35/data/res/values-mcc302-mnc610: Cannot change mode to rwxr-xr-x: Operation not permitted
build	Cache Android SDK	2026-06-06T12:22:45.7356757Z /usr/bin/tar: ../../../../../usr/local/lib/android/sdk/platforms/android-35/data/res/values-mcc310-mnc800-el: Cannot utime: Operation not permitted
build	Cache Android SDK	2026-06-06T12:22:45.7357275Z /usr/bin/tar: ../../../../../usr/local/lib/android/sdk/platforms/android-35/data/res/values-mcc310-mnc800-el: Cannot change mode to rwxr-xr-x: Operation not permitted
build	Cache Android SDK	2026-06-06T12:22:45.7360192Z /usr/bin/tar: ../../../../../usr/local/lib/android/sdk/platforms/android-35/data/res/values-mcc302-mnc720-gl: Cannot utime: Operation not permitted
build	Cache Android SDK	2026-06-06T12:22:45.7360638Z /usr/bin/tar: ../../../../../usr/local/lib/android/sdk/platforms/android-35/data/res/values-mcc302-mnc720-gl: Cannot change mode to rwxr-xr-x: Operation not permitted
build	Cache Android SDK	2026-06-06T12:22:45.7363223Z /usr/bin/tar: ../../../../../usr/local/lib/android/sdk/platforms/android-35/data/res/values-nl-television: Cannot utime: Operation not permitted
build	Cache Android SDK	2026-06-06T12:22:45.7363674Z /usr/bin/tar: ../../../../../usr/local/lib/android/sdk/platforms/android-35/data/res/values-nl-television: Cannot change mode to rwxr-xr-x: Operation not permitted
build	Cache Android SDK	2026-06-06T12:22:45.7366527Z /usr/bin/tar: ../../../../../usr/local/lib/android/sdk/platforms/android-35/data/res/values-mcc334-mnc020-mk: Cannot utime: Operation not permitted
build	Cache Android SDK	2026-06-06T12:22:45.7367045Z /usr/bin/tar: ../../../../../usr/local/lib/android/sdk/platforms/android-35/data/res/values-mcc334-mnc020-mk: Cannot change mode to rwxr-xr-x: Operation not permitted
build	Cache Android SDK	2026-06-06T12:22:45.7369317Z /usr/bin/tar: ../../../../../usr/local/lib/android/sdk/platforms/android-35/data/res/values-mcc310-mnc950-de: Cannot utime: Operation not permitted
build	Cache Android SDK	2026-06-06T12:22:45.7369775Z /usr/bin/tar: ../../../../../usr/local/lib/android/sdk/platforms/android-35/data/res/values-mcc310-mnc950-de: Cannot change mode to rwxr-xr-x: Operation not permitted
build	Cache Android SDK	2026-06-06T12:22:45.7372347Z /usr/bin/tar: ../../../../../usr/local/lib/android/sdk/platforms/android-35/data/res/values-mcc310-mnc270-lt: Cannot utime: Operation not permitted
build	Cache Android SDK	2026-06-06T12:22:45.7372786Z /usr/bin/tar: ../../../../../usr/local/lib/android/sdk/platforms/android-35/data/res/values-mcc310-mnc270-lt: Cannot change mode to rwxr-xr-x: Operation not permitted
build	Cache Android SDK	2026-06-06T12:22:45.7377104Z /usr/bin/tar: ../../../../../usr/local/lib/android/sdk/platforms/android-35/data/res/values-mcc310-mnc410-sk: Cannot utime: Operation not permitted
build	Cache Android SDK	2026-06-06T12:22:45.7377618Z /usr/bin/tar: ../../../../../usr/local/lib/android/sdk/platforms/android-35/data/res/values-mcc310-mnc410-sk: Cannot change mode to rwxr-xr-x: Operation not permitted
build	Cache Android SDK	2026-06-06T12:22:45.7380215Z /usr/bin/tar: ../../../../../usr/local/lib/android/sdk/platforms/android-35/data/res/values-mcc001-mnc01-sq: Cannot utime: Operation not permitted
build	Cache Android SDK	2026-06-06T12:22:45.7380657Z /usr/bin/tar: ../../../../../usr/local/lib/android/sdk/platforms/android-35/data/res/values-mcc001-mnc01-sq: Cannot change mode to rwxr-xr-x: Operation not permitted
build	Cache Android SDK	2026-06-06T12:22:45.7383510Z /usr/bin/tar: ../../../../../usr/local/lib/android/sdk/platforms/android-35/data/res/values-mcc310-mnc230-sl: Cannot utime: Operation not permitted
build	Cache Android SDK	2026-06-06T12:22:45.7383957Z /usr/bin/tar: ../../../../../usr/local/lib/android/sdk/platforms/android-35/data/res/values-mcc310-mnc230-sl: Cannot change mode to rwxr-xr-x: Operation not permitted
build	Cache Android SDK	2026-06-06T12:22:45.7386437Z /usr/bin/tar: ../../../../../usr/local/lib/android/sdk/platforms/android-35/data/res/values-mcc310-mnc240-en-rIN: Cannot utime: Operation not permitted
build	Cache Android SDK	2026-06-06T12:22:45.7386900Z /usr/bin/tar: ../../../../../usr/local/lib/android/sdk/platforms/android-35/data/res/values-mcc310-mnc240-en-rIN: Cannot change mode to rwxr-xr-x: Operation not permitted
build	Cache Android SDK	2026-06-06T12:22:45.7389447Z /usr/bin/tar: ../../../../../usr/local/lib/android/sdk/platforms/android-35/data/res/values-mcc310-mnc560-my: Cannot utime: Operation not permitted
build	Cache Android SDK	2026-06-06T12:22:45.7389878Z /usr/bin/tar: ../../../../../usr/local/lib/android/sdk/platforms/android-35/data/res/values-mcc310-mnc560-my: Cannot change mode to rwxr-xr-x: Operation not permitted
build	Cache Android SDK	2026-06-06T12:22:45.7392517Z /usr/bin/tar: ../../../../../usr/local/lib/android/sdk/platforms/android-35/data/res/values-mcc001-mnc01-ca: Cannot utime: Operation not permitted
build	Cache Android SDK	2026-06-06T12:22:45.7393047Z /usr/bin/tar: ../../../../../usr/local/lib/android/sdk/platforms/android-35/data/res/values-mcc001-mnc01-ca: Cannot change mode to rwxr-xr-x: Operation not permitted
build	Cache Android SDK	2026-06-06T12:22:45.7395982Z /usr/bin/tar: ../../../../../usr/local/lib/android/sdk/platforms/android-35/data/res/values-mcc310-mnc220-be: Cannot utime: Operation not permitted
build	Cache Android SDK	2026-06-06T12:22:45.7396600Z /usr/bin/tar: ../../../../../usr/local/lib/android/sdk/platforms/android-35/data/res/values-mcc310-mnc220-be: Cannot change mode to rwxr-xr-x: Operation not permitted
build	Cache Android SDK	2026-06-06T12:22:45.7399004Z /usr/bin/tar: ../../../../../usr/local/lib/android/sdk/platforms/android-35/data/res/values-mcc334-mnc020-fi: Cannot utime: Operation not permitted
build	Cache Android SDK	2026-06-06T12:22:45.7399451Z /usr/bin/tar: ../../../../../usr/local/lib/android/sdk/platforms/android-35/data/res/values-mcc334-mnc020-fi: Cannot change mode to rwxr-xr-x: Operation not permitted
build	Cache Android SDK	2026-06-06T12:22:45.7401850Z /usr/bin/tar: ../../../../../usr/local/lib/android/sdk/platforms/android-35/data/res/values-mcc302-mnc370-kk: Cannot utime: Operation not permitted
build	Cache Android SDK	2026-06-06T12:22:45.7402310Z /usr/bin/tar: ../../../../../usr/local/lib/android/sdk/platforms/android-35/data/res/values-mcc302-mnc370-kk: Cannot change mode to rwxr-xr-x: Operation not permitted
build	Cache Android SDK	2026-06-06T12:22:45.7404762Z /usr/bin/tar: ../../../../../usr/local/lib/android/sdk/platforms/android-35/data/res/values-mcc311-mnc180-kk: Cannot utime: Operation not permitted
build	Cache Android SDK	2026-06-06T12:22:45.7405208Z /usr/bin/tar: ../../../../../usr/local/lib/android/sdk/platforms/android-35/data/res/values-mcc311-mnc180-kk: Cannot change mode to rwxr-xr-x: Operation not permitted
build	Cache Android SDK	2026-06-06T12:22:45.7408355Z /usr/bin/tar: ../../../../../usr/local/lib/android/sdk/platforms/android-35/data/res/drawable-round-watch: Cannot utime: Operation not permitted
build	Cache Android SDK	2026-06-06T12:22:45.7408825Z /usr/bin/tar: ../../../../../usr/local/lib/android/sdk/platforms/android-35/data/res/drawable-round-watch: Cannot change mode to rwxr-xr-x: Operation not permitted
build	Cache Android SDK	2026-06-06T12:22:45.7411440Z /usr/bin/tar: ../../../../../usr/local/lib/android/sdk/platforms/android-35/data/res/values-pt-rPT-television: Cannot utime: Operation not permitted
build	Cache Android SDK	2026-06-06T12:22:45.7411911Z /usr/bin/tar: ../../../../../usr/local/lib/android/sdk/platforms/android-35/data/res/values-pt-rPT-television: Cannot change mode to rwxr-xr-x: Operation not permitted
build	Cache Android SDK	2026-06-06T12:22:45.7414852Z /usr/bin/tar: ../../../../../usr/local/lib/android/sdk/platforms/android-35/data/res/values-mcc302-mnc720-ur: Cannot utime: Operation not permitted
build	Cache Android SDK	2026-06-06T12:22:45.7415373Z /usr/bin/tar: ../../../../../usr/local/lib/android/sdk/platforms/android-35/data/res/values-mcc302-mnc720-ur: Cannot change mode to rwxr-xr-x: Operation not permitted
build	Cache Android SDK	2026-06-06T12:22:45.7708793Z /usr/bin/tar: ../../../../../usr/local/lib/android/sdk/platforms/android-35/data/res/drawable-xxhdpi: Cannot utime: Operation not permitted
build	Cache Android SDK	2026-06-06T12:22:45.7709320Z /usr/bin/tar: ../../../../../usr/local/lib/android/sdk/platforms/android-35/data/res/drawable-xxhdpi: Cannot change mode to rwxr-xr-x: Operation not permitted
build	Cache Android SDK	2026-06-06T12:22:45.7711641Z /usr/bin/tar: ../../../../../usr/local/lib/android/sdk/platforms/android-35/data/res/values-mcc310-mnc380-th: Cannot utime: Operation not permitted
build	Cache Android SDK	2026-06-06T12:22:45.7712364Z /usr/bin/tar: ../../../../../usr/local/lib/android/sdk/platforms/android-35/data/res/values-mcc310-mnc380-th: Cannot change mode to rwxr-xr-x: Operation not permitted
build	Cache Android SDK	2026-06-06T12:22:45.7714435Z /usr/bin/tar: ../../../../../usr/local/lib/android/sdk/platforms/android-35/data/res/values-mcc310-mnc380-en-rXC: Cannot utime: Operation not permitted
build	Cache Android SDK	2026-06-06T12:22:45.7715062Z /usr/bin/tar: ../../../../../usr/local/lib/android/sdk/platforms/android-35/data/res/values-mcc310-mnc380-en-rXC: Cannot change mode to rwxr-xr-x: Operation not permitted
build	Cache Android SDK	2026-06-06T12:22:45.7718381Z /usr/bin/tar: ../../../../../usr/local/lib/android/sdk/platforms/android-35/data/res/values-mcc310-mnc410-es: Cannot utime: Operation not permitted
build	Cache Android SDK	2026-06-06T12:22:45.7719157Z /usr/bin/tar: ../../../../../usr/local/lib/android/sdk/platforms/android-35/data/res/values-mcc310-mnc410-es: Cannot change mode to rwxr-xr-x: Operation not permitted
build	Cache Android SDK	2026-06-06T12:22:45.7721761Z /usr/bin/tar: ../../../../../usr/local/lib/android/sdk/platforms/android-35/data/res/values-mcc310-mnc660-pt-rBR: Cannot utime: Operation not permitted
build	Cache Android SDK	2026-06-06T12:22:45.7722449Z /usr/bin/tar: ../../../../../usr/local/lib/android/sdk/platforms/android-35/data/res/values-mcc310-mnc660-pt-rBR: Cannot change mode to rwxr-xr-x: Operation not permitted
build	Cache Android SDK	2026-06-06T12:22:45.7725167Z /usr/bin/tar: ../../../../../usr/local/lib/android/sdk/platforms/android-35/data/res/values-mcc310-mnc250-ka: Cannot utime: Operation not permitted
build	Cache Android SDK	2026-06-06T12:22:45.7725617Z /usr/bin/tar: ../../../../../usr/local/lib/android/sdk/platforms/android-35/data/res/values-mcc310-mnc250-ka: Cannot change mode to rwxr-xr-x: Operation not permitted
build	Cache Android SDK	2026-06-06T12:22:45.7728466Z /usr/bin/tar: ../../../../../usr/local/lib/android/sdk/platforms/android-35/data/res/values-mcc310-mnc800-lt: Cannot utime: Operation not permitted
build	Cache Android SDK	2026-06-06T12:22:45.7728927Z /usr/bin/tar: ../../../../../usr/local/lib/android/sdk/platforms/android-35/data/res/values-mcc310-mnc800-lt: Cannot change mode to rwxr-xr-x: Operation not permitted
build	Cache Android SDK	2026-06-06T12:22:45.7731476Z /usr/bin/tar: ../../../../../usr/local/lib/android/sdk/platforms/android-35/data/res/values-my-watch: Cannot utime: Operation not permitted
build	Cache Android SDK	2026-06-06T12:22:45.7731911Z /usr/bin/tar: ../../../../../usr/local/lib/android/sdk/platforms/android-35/data/res/values-my-watch: Cannot change mode to rwxr-xr-x: Operation not permitted
build	Cache Android SDK	2026-06-06T12:22:45.7734641Z /usr/bin/tar: ../../../../../usr/local/lib/android/sdk/platforms/android-35/data/res/values-mcc310-mnc950-sl: Cannot utime: Operation not permitted
build	Cache Android SDK	2026-06-06T12:22:45.7735085Z /usr/bin/tar: ../../../../../usr/local/lib/android/sdk/platforms/android-35/data/res/values-mcc310-mnc950-sl: Cannot change mode to rwxr-xr-x: Operation not permitted
build	Cache Android SDK	2026-06-06T12:22:45.7740849Z /usr/bin/tar: ../../../../../usr/local/lib/android/sdk/platforms/android-35/data/res/values-uz: Cannot utime: Operation not permitted
build	Cache Android SDK	2026-06-06T12:22:45.7741284Z /usr/bin/tar: ../../../../../usr/local/lib/android/sdk/platforms/android-35/data/res/values-uz: Cannot change mode to rwxr-xr-x: Operation not permitted
build	Cache Android SDK	2026-06-06T12:22:45.7743774Z /usr/bin/tar: ../../../../../usr/local/lib/android/sdk/platforms/android-35/data/res/values-mcc310-mnc380-mr: Cannot utime: Operation not permitted
build	Cache Android SDK	2026-06-06T12:22:45.7744234Z /usr/bin/tar: ../../../../../usr/local/lib/android/sdk/platforms/android-35/data/res/values-mcc310-mnc380-mr: Cannot change mode to rwxr-xr-x: Operation not permitted
build	Cache Android SDK	2026-06-06T12:22:45.7746634Z /usr/bin/tar: ../../../../../usr/local/lib/android/sdk/platforms/android-35/data/res/values-mcc310-mnc160-kk: Cannot utime: Operation not permitted
build	Cache Android SDK	2026-06-06T12:22:45.7747078Z /usr/bin/tar: ../../../../../usr/local/lib/android/sdk/platforms/android-35/data/res/values-mcc310-mnc160-kk: Cannot change mode to rwxr-xr-x: Operation not permitted
build	Cache Android SDK	2026-06-06T12:22:45.7749899Z /usr/bin/tar: ../../../../../usr/local/lib/android/sdk/platforms/android-35/data/res/values-mcc310-mnc240-is: Cannot utime: Operation not permitted
build	Cache Android SDK	2026-06-06T12:22:45.7750444Z /usr/bin/tar: ../../../../../usr/local/lib/android/sdk/platforms/android-35/data/res/values-mcc310-mnc240-is: Cannot change mode to rwxr-xr-x: Operation not permitted
build	Cache Android SDK	2026-06-06T12:22:45.7753021Z /usr/bin/tar: ../../../../../usr/local/lib/android/sdk/platforms/android-35/data/res/values-mcc313-mnc100: Cannot utime: Operation not permitted
build	Cache Android SDK	2026-06-06T12:22:45.7753705Z /usr/bin/tar: ../../../../../usr/local/lib/android/sdk/platforms/android-35/data/res/values-mcc313-mnc100: Cannot change mode to rwxr-xr-x: Operation not permitted
build	Cache Android SDK	2026-06-06T12:22:45.7756690Z /usr/bin/tar: ../../../../../usr/local/lib/android/sdk/platforms/android-35/data/res/values-mcc313-mnc100-mk: Cannot utime: Operation not permitted
build	Cache Android SDK	2026-06-06T12:22:45.7758479Z /usr/bin/tar: ../../../../../usr/local/lib/android/sdk/platforms/android-35/data/res/values-mcc313-mnc100-mk: Cannot change mode to rwxr-xr-x: Operation not permitted
build	Cache Android SDK	2026-06-06T12:22:45.7760724Z /usr/bin/tar: ../../../../../usr/local/lib/android/sdk/platforms/android-35/data/res/values-mcc310-mnc030-bg: Cannot utime: Operation not permitted
build	Cache Android SDK	2026-06-06T12:22:45.7761817Z /usr/bin/tar: ../../../../../usr/local/lib/android/sdk/platforms/android-35/data/res/values-mcc310-mnc030-bg: Cannot change mode to rwxr-xr-x: Operation not permitted
build	Cache Android SDK	2026-06-06T12:22:45.7764528Z /usr/bin/tar: ../../../../../usr/local/lib/android/sdk/platforms/android-35/data/res/values-hi-watch: Cannot utime: Operation not permitted
build	Cache Android SDK	2026-06-06T12:22:45.7765507Z /usr/bin/tar: ../../../../../usr/local/lib/android/sdk/platforms/android-35/data/res/values-hi-watch: Cannot change mode to rwxr-xr-x: Operation not permitted
build	Cache Android SDK	2026-06-06T12:22:45.7768128Z /usr/bin/tar: ../../../../../usr/local/lib/android/sdk/platforms/android-35/data/res/values-mcc310-mnc160-ru: Cannot utime: Operation not permitted
build	Cache Android SDK	2026-06-06T12:22:45.7769170Z /usr/bin/tar: ../../../../../usr/local/lib/android/sdk/platforms/android-35/data/res/values-mcc310-mnc160-ru: Cannot change mode to rwxr-xr-x: Operation not permitted
build	Cache Android SDK	2026-06-06T12:22:45.7771395Z /usr/bin/tar: ../../../../../usr/local/lib/android/sdk/platforms/android-35/data/res/values-mcc310-mnc240-km: Cannot utime: Operation not permitted
build	Cache Android SDK	2026-06-06T12:22:45.7772432Z /usr/bin/tar: ../../../../../usr/local/lib/android/sdk/platforms/android-35/data/res/values-mcc310-mnc240-km: Cannot change mode to rwxr-xr-x: Operation not permitted
build	Cache Android SDK	2026-06-06T12:22:45.7774602Z /usr/bin/tar: ../../../../../usr/local/lib/android/sdk/platforms/android-35/data/res/values-mcc310-mnc270-ro: Cannot utime: Operation not permitted
build	Cache Android SDK	2026-06-06T12:22:45.7775618Z /usr/bin/tar: ../../../../../usr/local/lib/android/sdk/platforms/android-35/data/res/values-mcc310-mnc270-ro: Cannot change mode to rwxr-xr-x: Operation not permitted
build	Cache Android SDK	2026-06-06T12:22:45.7778445Z /usr/bin/tar: ../../../../../usr/local/lib/android/sdk/platforms/android-35/data/res/values-ko-television: Cannot utime: Operation not permitted
build	Cache Android SDK	2026-06-06T12:22:45.7779862Z /usr/bin/tar: ../../../../../usr/local/lib/android/sdk/platforms/android-35/data/res/values-ko-television: Cannot change mode to rwxr-xr-x: Operation not permitted
build	Cache Android SDK	2026-06-06T12:22:45.7781354Z /usr/bin/tar: ../../../../../usr/local/lib/android/sdk/platforms/android-35/data/res/values-mcc310-mnc230-ja: Cannot utime: Operation not permitted
build	Cache Android SDK	2026-06-06T12:22:45.7782342Z /usr/bin/tar: ../../../../../usr/local/lib/android/sdk/platforms/android-35/data/res/values-mcc310-mnc230-ja: Cannot change mode to rwxr-xr-x: Operation not permitted
build	Cache Android SDK	2026-06-06T12:22:45.7784247Z /usr/bin/tar: ../../../../../usr/local/lib/android/sdk/platforms/android-35/data/res/values-mcc312-mnc670-kk: Cannot utime: Operation not permitted
build	Cache Android SDK	2026-06-06T12:22:45.7785264Z /usr/bin/tar: ../../../../../usr/local/lib/android/sdk/platforms/android-35/data/res/values-mcc312-mnc670-kk: Cannot change mode to rwxr-xr-x: Operation not permitted
build	Cache Android SDK	2026-06-06T12:22:45.7789373Z /usr/bin/tar: ../../../../../usr/local/lib/android/sdk/platforms/android-35/data/res/values-sw360dp: Cannot utime: Operation not permitted
build	Cache Android SDK	2026-06-06T12:22:45.7790446Z /usr/bin/tar: ../../../../../usr/local/lib/android/sdk/platforms/android-35/data/res/values-sw360dp: Cannot change mode to rwxr-xr-x: Operation not permitted
build	Cache Android SDK	2026-06-06T12:22:45.7792349Z /usr/bin/tar: ../../../../../usr/local/lib/android/sdk/platforms/android-35/data/res/values-mcc310-mnc150-sw: Cannot utime: Operation not permitted
build	Cache Android SDK	2026-06-06T12:22:45.7793340Z /usr/bin/tar: ../../../../../usr/local/lib/android/sdk/platforms/android-35/data/res/values-mcc310-mnc150-sw: Cannot change mode to rwxr-xr-x: Operation not permitted
build	Cache Android SDK	2026-06-06T12:22:45.7798926Z /usr/bin/tar: ../../../../../usr/local/lib/android/sdk/platforms/android-35/data/res/values-ar: Cannot utime: Operation not permitted
build	Cache Android SDK	2026-06-06T12:22:45.7799951Z /usr/bin/tar: ../../../../../usr/local/lib/android/sdk/platforms/android-35/data/res/values-ar: Cannot change mode to rwxr-xr-x: Operation not permitted
build	Cache Android SDK	2026-06-06T12:22:45.7801272Z /usr/bin/tar: ../../../../../usr/local/lib/android/sdk/platforms/android-35/data/res/values-mcc310-mnc660-en-rAU: Cannot utime: Operation not permitted
build	Cache Android SDK	2026-06-06T12:22:45.7802239Z /usr/bin/tar: ../../../../../usr/local/lib/android/sdk/platforms/android-35/data/res/values-mcc310-mnc660-en-rAU: Cannot change mode to rwxr-xr-x: Operation not permitted
build	Cache Android SDK	2026-06-06T12:22:45.7804777Z /usr/bin/tar: ../../../../../usr/local/lib/android/sdk/platforms/android-35/data/res/values-mcc310-mnc230-sw: Cannot utime: Operation not permitted
build	Cache Android SDK	2026-06-06T12:22:45.7805752Z /usr/bin/tar: ../../../../../usr/local/lib/android/sdk/platforms/android-35/data/res/values-mcc310-mnc230-sw: Cannot change mode to rwxr-xr-x: Operation not permitted
build	Cache Android SDK	2026-06-06T12:22:45.7807621Z /usr/bin/tar: ../../../../../usr/local/lib/android/sdk/platforms/android-35/data/res/values-mcc310-mnc280-ky: Cannot utime: Operation not permitted
build	Cache Android SDK	2026-06-06T12:22:45.7808557Z /usr/bin/tar: ../../../../../usr/local/lib/android/sdk/platforms/android-35/data/res/values-mcc310-mnc280-ky: Cannot change mode to rwxr-xr-x: Operation not permitted
build	Cache Android SDK	2026-06-06T12:22:45.7810900Z /usr/bin/tar: ../../../../../usr/local/lib/android/sdk/platforms/android-35/data/res/values-mcc310-mnc490-mk: Cannot utime: Operation not permitted
build	Cache Android SDK	2026-06-06T12:22:45.7811827Z /usr/bin/tar: ../../../../../usr/local/lib/android/sdk/platforms/android-35/data/res/values-mcc310-mnc490-mk: Cannot change mode to rwxr-xr-x: Operation not permitted
build	Cache Android SDK	2026-06-06T12:22:45.7813403Z /usr/bin/tar: ../../../../../usr/local/lib/android/sdk/platforms/android-35/data/res/values-mcc310-mnc200-fr: Cannot utime: Operation not permitted
build	Cache Android SDK	2026-06-06T12:22:45.7814355Z /usr/bin/tar: ../../../../../usr/local/lib/android/sdk/platforms/android-35/data/res/values-mcc310-mnc200-fr: Cannot change mode to rwxr-xr-x: Operation not permitted
build	Cache Android SDK	2026-06-06T12:22:45.7816569Z /usr/bin/tar: ../../../../../usr/local/lib/android/sdk/platforms/android-35/data/res/values-mcc310-mnc150-fi: Cannot utime: Operation not permitted
build	Cache Android SDK	2026-06-06T12:22:45.7817838Z /usr/bin/tar: ../../../../../usr/local/lib/android/sdk/platforms/android-35/data/res/values-mcc310-mnc150-fi: Cannot change mode to rwxr-xr-x: Operation not permitted
build	Cache Android SDK	2026-06-06T12:22:45.7820248Z /usr/bin/tar: ../../../../../usr/local/lib/android/sdk/platforms/android-35/data/res/values-mcc310-mnc560-kk: Cannot utime: Operation not permitted
build	Cache Android SDK	2026-06-06T12:22:45.7821264Z /usr/bin/tar: ../../../../../usr/local/lib/android/sdk/platforms/android-35/data/res/values-mcc310-mnc560-kk: Cannot change mode to rwxr-xr-x: Operation not permitted
build	Cache Android SDK	2026-06-06T12:22:45.7822945Z /usr/bin/tar: ../../../../../usr/local/lib/android/sdk/platforms/android-35/data/res/values-mcc310-mnc220-nl: Cannot utime: Operation not permitted
build	Cache Android SDK	2026-06-06T12:22:45.7823883Z /usr/bin/tar: ../../../../../usr/local/lib/android/sdk/platforms/android-35/data/res/values-mcc310-mnc220-nl: Cannot change mode to rwxr-xr-x: Operation not permitted
build	Cache Android SDK	2026-06-06T12:22:45.7826283Z /usr/bin/tar: ../../../../../usr/local/lib/android/sdk/platforms/android-35/data/res/values-mcc310-mnc800-bn: Cannot utime: Operation not permitted
build	Cache Android SDK	2026-06-06T12:22:45.7827517Z /usr/bin/tar: ../../../../../usr/local/lib/android/sdk/platforms/android-35/data/res/values-mcc310-mnc800-bn: Cannot change mode to rwxr-xr-x: Operation not permitted
build	Cache Android SDK	2026-06-06T12:22:45.7829159Z /usr/bin/tar: ../../../../../usr/local/lib/android/sdk/platforms/android-35/data/res/values-mcc310-mnc950-pt-rPT: Cannot utime: Operation not permitted
build	Cache Android SDK	2026-06-06T12:22:45.7830967Z /usr/bin/tar: ../../../../../usr/local/lib/android/sdk/platforms/android-35/data/res/values-mcc310-mnc950-pt-rPT: Cannot change mode to rwxr-xr-x: Operation not permitted
build	Cache Android SDK	2026-06-06T12:22:45.7832614Z /usr/bin/tar: ../../../../../usr/local/lib/android/sdk/platforms/android-35/data/res/values-mcc001-mnc01-de: Cannot utime: Operation not permitted
build	Cache Android SDK	2026-06-06T12:22:45.7833641Z /usr/bin/tar: ../../../../../usr/local/lib/android/sdk/platforms/android-35/data/res/values-mcc001-mnc01-de: Cannot change mode to rwxr-xr-x: Operation not permitted
build	Cache Android SDK	2026-06-06T12:22:45.7835247Z /usr/bin/tar: ../../../../../usr/local/lib/android/sdk/platforms/android-35/data/res/values-mcc310-mnc210-nb: Cannot utime: Operation not permitted
build	Cache Android SDK	2026-06-06T12:22:45.7836194Z /usr/bin/tar: ../../../../../usr/local/lib/android/sdk/platforms/android-35/data/res/values-mcc310-mnc210-nb: Cannot change mode to rwxr-xr-x: Operation not permitted
build	Cache Android SDK	2026-06-06T12:22:45.7843074Z /usr/bin/tar: ../../../../../usr/local/lib/android/sdk/platforms/android-35/data/res/values-fa: Cannot utime: Operation not permitted
build	Cache Android SDK	2026-06-06T12:22:45.7843976Z /usr/bin/tar: ../../../../../usr/local/lib/android/sdk/platforms/android-35/data/res/values-fa: Cannot change mode to rwxr-xr-x: Operation not permitted
build	Cache Android SDK	2026-06-06T12:22:45.7845893Z /usr/bin/tar: ../../../../../usr/local/lib/android/sdk/platforms/android-35/data/res/values-mcc310-mnc380-ms: Cannot utime: Operation not permitted
build	Cache Android SDK	2026-06-06T12:22:45.7846876Z /usr/bin/tar: ../../../../../usr/local/lib/android/sdk/platforms/android-35/data/res/values-mcc310-mnc380-ms: Cannot change mode to rwxr-xr-x: Operation not permitted
build	Cache Android SDK	2026-06-06T12:22:45.7848937Z /usr/bin/tar: ../../../../../usr/local/lib/android/sdk/platforms/android-35/data/res/values-mcc310-mnc310-tl: Cannot utime: Operation not permitted
build	Cache Android SDK	2026-06-06T12:22:45.7849873Z /usr/bin/tar: ../../../../../usr/local/lib/android/sdk/platforms/android-35/data/res/values-mcc310-mnc310-tl: Cannot change mode to rwxr-xr-x: Operation not permitted
build	Cache Android SDK	2026-06-06T12:22:45.7852159Z /usr/bin/tar: ../../../../../usr/local/lib/android/sdk/platforms/android-35/data/res/xml-mdpi: Cannot utime: Operation not permitted
build	Cache Android SDK	2026-06-06T12:22:45.7853057Z /usr/bin/tar: ../../../../../usr/local/lib/android/sdk/platforms/android-35/data/res/xml-mdpi: Cannot change mode to rwxr-xr-x: Operation not permitted
build	Cache Android SDK	2026-06-06T12:22:45.7855237Z /usr/bin/tar: ../../../../../usr/local/lib/android/sdk/platforms/android-35/data/res/values-mcc310-mnc150-zh-rTW: Cannot utime: Operation not permitted
build	Cache Android SDK	2026-06-06T12:22:45.7856337Z /usr/bin/tar: ../../../../../usr/local/lib/android/sdk/platforms/android-35/data/res/values-mcc310-mnc150-zh-rTW: Cannot change mode to rwxr-xr-x: Operation not permitted
build	Cache Android SDK	2026-06-06T12:22:45.7858733Z /usr/bin/tar: ../../../../../usr/local/lib/android/sdk/platforms/android-35/data/res/values-mcc334-mnc020-zh-rHK: Cannot utime: Operation not permitted
build	Cache Android SDK	2026-06-06T12:22:45.7859718Z /usr/bin/tar: ../../../../../usr/local/lib/android/sdk/platforms/android-35/data/res/values-mcc334-mnc020-zh-rHK: Cannot change mode to rwxr-xr-x: Operation not permitted
build	Cache Android SDK	2026-06-06T12:22:45.7862513Z /usr/bin/tar: ../../../../../usr/local/lib/android/sdk/platforms/android-35/data/res/values-mcc310-mnc250-es-rUS: Cannot utime: Operation not permitted
build	Cache Android SDK	2026-06-06T12:22:45.7863567Z /usr/bin/tar: ../../../../../usr/local/lib/android/sdk/platforms/android-35/data/res/values-mcc310-mnc250-es-rUS: Cannot change mode to rwxr-xr-x: Operation not permitted
build	Cache Android SDK	2026-06-06T12:22:45.7865372Z /usr/bin/tar: ../../../../../usr/local/lib/android/sdk/platforms/android-35/data/res/values-mcc310-mnc800-uz: Cannot utime: Operation not permitted
build	Cache Android SDK	2026-06-06T12:22:45.7866540Z /usr/bin/tar: ../../../../../usr/local/lib/android/sdk/platforms/android-35/data/res/values-mcc310-mnc800-uz: Cannot change mode to rwxr-xr-x: Operation not permitted
build	Cache Android SDK	2026-06-06T12:22:45.7868350Z /usr/bin/tar: ../../../../../usr/local/lib/android/sdk/platforms/android-35/data/res/values-mcc310-mnc660-th: Cannot utime: Operation not permitted
build	Cache Android SDK	2026-06-06T12:22:45.7869303Z /usr/bin/tar: ../../../../../usr/local/lib/android/sdk/platforms/android-35/data/res/values-mcc310-mnc660-th: Cannot change mode to rwxr-xr-x: Operation not permitted
build	Cache Android SDK	2026-06-06T12:22:45.7871154Z /usr/bin/tar: ../../../../../usr/local/lib/android/sdk/platforms/android-35/data/res/values-mcc310-mnc490-ru: Cannot utime: Operation not permitted
build	Cache Android SDK	2026-06-06T12:22:45.7872172Z /usr/bin/tar: ../../../../../usr/local/lib/android/sdk/platforms/android-35/data/res/values-mcc310-mnc490-ru: Cannot change mode to rwxr-xr-x: Operation not permitted
build	Cache Android SDK	2026-06-06T12:22:45.7874954Z /usr/bin/tar: ../../../../../usr/local/lib/android/sdk/platforms/android-35/data/res/values-mcc312-mnc670-in: Cannot utime: Operation not permitted
build	Cache Android SDK	2026-06-06T12:22:45.7875881Z /usr/bin/tar: ../../../../../usr/local/lib/android/sdk/platforms/android-35/data/res/values-mcc312-mnc670-in: Cannot change mode to rwxr-xr-x: Operation not permitted
build	Cache Android SDK	2026-06-06T12:22:45.7878105Z /usr/bin/tar: ../../../../../usr/local/lib/android/sdk/platforms/android-35/data/res/values-mcc310-mnc310-bn: Cannot utime: Operation not permitted
build	Cache Android SDK	2026-06-06T12:22:45.7879084Z /usr/bin/tar: ../../../../../usr/local/lib/android/sdk/platforms/android-35/data/res/values-mcc310-mnc310-bn: Cannot change mode to rwxr-xr-x: Operation not permitted
build	Cache Android SDK	2026-06-06T12:22:45.7881237Z /usr/bin/tar: ../../../../../usr/local/lib/android/sdk/platforms/android-35/data/res/values-mcc310-mnc280: Cannot utime: Operation not permitted
build	Cache Android SDK	2026-06-06T12:22:45.7882213Z /usr/bin/tar: ../../../../../usr/local/lib/android/sdk/platforms/android-35/data/res/values-mcc310-mnc280: Cannot change mode to rwxr-xr-x: Operation not permitted
build	Cache Android SDK	2026-06-06T12:22:45.7883976Z /usr/bin/tar: ../../../../../usr/local/lib/android/sdk/platforms/android-35/data/res/values-mcc310-mnc310-ca: Cannot utime: Operation not permitted
build	Cache Android SDK	2026-06-06T12:22:45.7884909Z /usr/bin/tar: ../../../../../usr/local/lib/android/sdk/platforms/android-35/data/res/values-mcc310-mnc310-ca: Cannot change mode to rwxr-xr-x: Operation not permitted
build	Cache Android SDK	2026-06-06T12:22:45.7887157Z /usr/bin/tar: ../../../../../usr/local/lib/android/sdk/platforms/android-35/data/res/values-mcc310-mnc490-gu: Cannot utime: Operation not permitted
build	Cache Android SDK	2026-06-06T12:22:45.7888745Z /usr/bin/tar: ../../../../../usr/local/lib/android/sdk/platforms/android-35/data/res/values-mcc310-mnc490-gu: Cannot change mode to rwxr-xr-x: Operation not permitted
build	Cache Android SDK	2026-06-06T12:22:45.7890368Z /usr/bin/tar: ../../../../../usr/local/lib/android/sdk/platforms/android-35/data/res/values-mcc334-mnc020-as: Cannot utime: Operation not permitted
build	Cache Android SDK	2026-06-06T12:22:45.7891402Z /usr/bin/tar: ../../../../../usr/local/lib/android/sdk/platforms/android-35/data/res/values-mcc334-mnc020-as: Cannot change mode to rwxr-xr-x: Operation not permitted
build	Cache Android SDK	2026-06-06T12:22:45.7893992Z /usr/bin/tar: ../../../../../usr/local/lib/android/sdk/platforms/android-35/data/res/values-mcc001-mnc01-th: Cannot utime: Operation not permitted
build	Cache Android SDK	2026-06-06T12:22:45.7894922Z /usr/bin/tar: ../../../../../usr/local/lib/android/sdk/platforms/android-35/data/res/values-mcc001-mnc01-th: Cannot change mode to rwxr-xr-x: Operation not permitted
build	Cache Android SDK	2026-06-06T12:22:45.7896773Z /usr/bin/tar: ../../../../../usr/local/lib/android/sdk/platforms/android-35/data/res/values-mcc310-mnc150-iw: Cannot utime: Operation not permitted
build	Cache Android SDK	2026-06-06T12:22:45.7897862Z /usr/bin/tar: ../../../../../usr/local/lib/android/sdk/platforms/android-35/data/res/values-mcc310-mnc150-iw: Cannot change mode to rwxr-xr-x: Operation not permitted
build	Cache Android SDK	2026-06-06T12:22:45.7900189Z /usr/bin/tar: ../../../../../usr/local/lib/android/sdk/platforms/android-35/data/res/values-mcc440-mnc20: Cannot utime: Operation not permitted
build	Cache Android SDK	2026-06-06T12:22:45.7901315Z /usr/bin/tar: ../../../../../usr/local/lib/android/sdk/platforms/android-35/data/res/values-mcc440-mnc20: Cannot change mode to rwxr-xr-x: Operation not permitted
build	Cache Android SDK	2026-06-06T12:22:45.7903215Z /usr/bin/tar: ../../../../../usr/local/lib/android/sdk/platforms/android-35/data/res/values-mcc310-mnc030-ky: Cannot utime: Operation not permitted
build	Cache Android SDK	2026-06-06T12:22:45.7904151Z /usr/bin/tar: ../../../../../usr/local/lib/android/sdk/platforms/android-35/data/res/values-mcc310-mnc030-ky: Cannot change mode to rwxr-xr-x: Operation not permitted
build	Cache Android SDK	2026-06-06T12:22:45.7906541Z /usr/bin/tar: ../../../../../usr/local/lib/android/sdk/platforms/android-35/data/res/values-mcc230: Cannot utime: Operation not permitted
build	Cache Android SDK	2026-06-06T12:22:45.7907565Z /usr/bin/tar: ../../../../../usr/local/lib/android/sdk/platforms/android-35/data/res/values-mcc230: Cannot change mode to rwxr-xr-x: Operation not permitted
build	Cache Android SDK	2026-06-06T12:22:45.7909687Z /usr/bin/tar: ../../../../../usr/local/lib/android/sdk/platforms/android-35/data/res/values-mcc310-mnc800-mk: Cannot utime: Operation not permitted
build	Cache Android SDK	2026-06-06T12:22:45.7910622Z /usr/bin/tar: ../../../../../usr/local/lib/android/sdk/platforms/android-35/data/res/values-mcc310-mnc800-mk: Cannot change mode to rwxr-xr-x: Operation not permitted
build	Cache Android SDK	2026-06-06T12:22:45.7913771Z /usr/bin/tar: ../../../../../usr/local/lib/android/sdk/platforms/android-35/data/res/values-mcc310-mnc410-th: Cannot utime: Operation not permitted
build	Cache Android SDK	2026-06-06T12:22:45.7914826Z /usr/bin/tar: ../../../../../usr/local/lib/android/sdk/platforms/android-35/data/res/values-mcc310-mnc410-th: Cannot change mode to rwxr-xr-x: Operation not permitted
build	Cache Android SDK	2026-06-06T12:22:45.7917075Z /usr/bin/tar: ../../../../../usr/local/lib/android/sdk/platforms/android-35/data/res/values-mcc310-mnc200-mr: Cannot utime: Operation not permitted
build	Cache Android SDK	2026-06-06T12:22:45.7918140Z /usr/bin/tar: ../../../../../usr/local/lib/android/sdk/platforms/android-35/data/res/values-mcc310-mnc200-mr: Cannot change mode to rwxr-xr-x: Operation not permitted
build	Cache Android SDK	2026-06-06T12:22:45.8392875Z /usr/bin/tar: ../../../../../usr/local/lib/android/sdk/platforms/android-35/data/res/drawable-hdpi: Cannot utime: Operation not permitted
build	Cache Android SDK	2026-06-06T12:22:45.8393869Z /usr/bin/tar: ../../../../../usr/local/lib/android/sdk/platforms/android-35/data/res/drawable-hdpi: Cannot change mode to rwxr-xr-x: Operation not permitted
build	Cache Android SDK	2026-06-06T12:22:45.8395515Z /usr/bin/tar: ../../../../../usr/local/lib/android/sdk/platforms/android-35/data/res/values-mcc310-mnc380-pl: Cannot utime: Operation not permitted
build	Cache Android SDK	2026-06-06T12:22:45.8396460Z /usr/bin/tar: ../../../../../usr/local/lib/android/sdk/platforms/android-35/data/res/values-mcc310-mnc380-pl: Cannot change mode to rwxr-xr-x: Operation not permitted
build	Cache Android SDK	2026-06-06T12:22:45.8398998Z /usr/bin/tar: ../../../../../usr/local/lib/android/sdk/platforms/android-35/data/res/values-mcc312-mnc670-th: Cannot utime: Operation not permitted
build	Cache Android SDK	2026-06-06T12:22:45.8400135Z /usr/bin/tar: ../../../../../usr/local/lib/android/sdk/platforms/android-35/data/res/values-mcc312-mnc670-th: Cannot change mode to rwxr-xr-x: Operation not permitted
build	Cache Android SDK	2026-06-06T12:22:45.8402906Z /usr/bin/tar: ../../../../../usr/local/lib/android/sdk/platforms/android-35/data/res/values-pa-television: Cannot utime: Operation not permitted
build	Cache Android SDK	2026-06-06T12:22:45.8403807Z /usr/bin/tar: ../../../../../usr/local/lib/android/sdk/platforms/android-35/data/res/values-pa-television: Cannot change mode to rwxr-xr-x: Operation not permitted
build	Cache Android SDK	2026-06-06T12:22:45.8406192Z /usr/bin/tar: ../../../../../usr/local/lib/android/sdk/platforms/android-35/data/res/values-mcc310-mnc030-uz: Cannot utime: Operation not permitted
build	Cache Android SDK	2026-06-06T12:22:45.8407109Z /usr/bin/tar: ../../../../../usr/local/lib/android/sdk/platforms/android-35/data/res/values-mcc310-mnc030-uz: Cannot change mode to rwxr-xr-x: Operation not permitted
build	Cache Android SDK	2026-06-06T12:22:45.8409114Z /usr/bin/tar: ../../../../../usr/local/lib/android/sdk/platforms/android-35/data/res/values-mcc716-mnc06: Cannot utime: Operation not permitted
build	Cache Android SDK	2026-06-06T12:22:45.8410161Z /usr/bin/tar: ../../../../../usr/local/lib/android/sdk/platforms/android-35/data/res/values-mcc716-mnc06: Cannot change mode to rwxr-xr-x: Operation not permitted
build	Cache Android SDK	2026-06-06T12:22:45.8412392Z /usr/bin/tar: ../../../../../usr/local/lib/android/sdk/platforms/android-35/data/res/values-es-rPE: Cannot utime: Operation not permitted
build	Cache Android SDK	2026-06-06T12:22:45.8413260Z /usr/bin/tar: ../../../../../usr/local/lib/android/sdk/platforms/android-35/data/res/values-es-rPE: Cannot change mode to rwxr-xr-x: Operation not permitted
build	Cache Android SDK	2026-06-06T12:22:45.8415496Z /usr/bin/tar: ../../../../../usr/local/lib/android/sdk/platforms/android-35/data/res/values-mcc001-mnc01-my: Cannot utime: Operation not permitted
build	Cache Android SDK	2026-06-06T12:22:45.8416412Z /usr/bin/tar: ../../../../../usr/local/lib/android/sdk/platforms/android-35/data/res/values-mcc001-mnc01-my: Cannot change mode to rwxr-xr-x: Operation not permitted
build	Cache Android SDK	2026-06-06T12:22:45.8418707Z /usr/bin/tar: ../../../../../usr/local/lib/android/sdk/platforms/android-35/data/res/values-mcc302-mnc720-si: Cannot utime: Operation not permitted
build	Cache Android SDK	2026-06-06T12:22:45.8419775Z /usr/bin/tar: ../../../../../usr/local/lib/android/sdk/platforms/android-35/data/res/values-mcc302-mnc720-si: Cannot change mode to rwxr-xr-x: Operation not permitted
build	Cache Android SDK	2026-06-06T12:22:45.8422203Z /usr/bin/tar: ../../../../../usr/local/lib/android/sdk/platforms/android-35/data/res/values-mcc310-mnc170-eu: Cannot utime: Operation not permitted
build	Cache Android SDK	2026-06-06T12:22:45.8423134Z /usr/bin/tar: ../../../../../usr/local/lib/android/sdk/platforms/android-35/data/res/values-mcc310-mnc170-eu: Cannot change mode to rwxr-xr-x: Operation not permitted
build	Cache Android SDK	2026-06-06T12:22:45.8425104Z /usr/bin/tar: ../../../../../usr/local/lib/android/sdk/platforms/android-35/data/res/values-mcc310-mnc560-vi: Cannot utime: Operation not permitted
build	Cache Android SDK	2026-06-06T12:22:45.8426029Z /usr/bin/tar: ../../../../../usr/local/lib/android/sdk/platforms/android-35/data/res/values-mcc310-mnc560-vi: Cannot change mode to rwxr-xr-x: Operation not permitted
build	Cache Android SDK	2026-06-06T12:22:45.8428953Z /usr/bin/tar: ../../../../../usr/local/lib/android/sdk/platforms/android-35/data/res/values-mcc310-mnc380-et: Cannot utime: Operation not permitted
build	Cache Android SDK	2026-06-06T12:22:45.8429879Z /usr/bin/tar: ../../../../../usr/local/lib/android/sdk/platforms/android-35/data/res/values-mcc310-mnc380-et: Cannot change mode to rwxr-xr-x: Operation not permitted
build	Cache Android SDK	2026-06-06T12:22:45.8432628Z /usr/bin/tar: ../../../../../usr/local/lib/android/sdk/platforms/android-35/data/res/values-mcc310-mnc800-lo: Cannot utime: Operation not permitted
build	Cache Android SDK	2026-06-06T12:22:45.8433537Z /usr/bin/tar: ../../../../../usr/local/lib/android/sdk/platforms/android-35/data/res/values-mcc310-mnc800-lo: Cannot change mode to rwxr-xr-x: Operation not permitted
build	Cache Android SDK	2026-06-06T12:22:45.8435773Z /usr/bin/tar: ../../../../../usr/local/lib/android/sdk/platforms/android-35/data/res/values-mcc310-mnc200-ar: Cannot utime: Operation not permitted
build	Cache Android SDK	2026-06-06T12:22:45.8436828Z /usr/bin/tar: ../../../../../usr/local/lib/android/sdk/platforms/android-35/data/res/values-mcc310-mnc200-ar: Cannot change mode to rwxr-xr-x: Operation not permitted
build	Cache Android SDK	2026-06-06T12:22:45.8438576Z /usr/bin/tar: ../../../../../usr/local/lib/android/sdk/platforms/android-35/data/res/values-mcc310-mnc490-ar: Cannot utime: Operation not permitted
build	Cache Android SDK	2026-06-06T12:22:45.8439481Z /usr/bin/tar: ../../../../../usr/local/lib/android/sdk/platforms/android-35/data/res/values-mcc310-mnc490-ar: Cannot change mode to rwxr-xr-x: Operation not permitted
build	Cache Android SDK	2026-06-06T12:22:45.8441769Z /usr/bin/tar: ../../../../../usr/local/lib/android/sdk/platforms/android-35/data/res/values-mcc310-mnc310-si: Cannot utime: Operation not permitted
build	Cache Android SDK	2026-06-06T12:22:45.8442681Z /usr/bin/tar: ../../../../../usr/local/lib/android/sdk/platforms/android-35/data/res/values-mcc310-mnc310-si: Cannot change mode to rwxr-xr-x: Operation not permitted
build	Cache Android SDK	2026-06-06T12:22:45.8444797Z /usr/bin/tar: ../../../../../usr/local/lib/android/sdk/platforms/android-35/data/res/values-mcc310-mnc410-te: Cannot utime: Operation not permitted
build	Cache Android SDK	2026-06-06T12:22:45.8445851Z /usr/bin/tar: ../../../../../usr/local/lib/android/sdk/platforms/android-35/data/res/values-mcc310-mnc410-te: Cannot change mode to rwxr-xr-x: Operation not permitted
build	Cache Android SDK	2026-06-06T12:22:45.8447771Z /usr/bin/tar: ../../../../../usr/local/lib/android/sdk/platforms/android-35/data/res/values-mcc312-mnc670-cs: Cannot utime: Operation not permitted
build	Cache Android SDK	2026-06-06T12:22:45.8448682Z /usr/bin/tar: ../../../../../usr/local/lib/android/sdk/platforms/android-35/data/res/values-mcc312-mnc670-cs: Cannot change mode to rwxr-xr-x: Operation not permitted
build	Cache Android SDK	2026-06-06T12:22:45.8450890Z /usr/bin/tar: ../../../../../usr/local/lib/android/sdk/platforms/android-35/data/res/values-mcc310-mnc410-lv: Cannot utime: Operation not permitted
build	Cache Android SDK	2026-06-06T12:22:45.8451801Z /usr/bin/tar: ../../../../../usr/local/lib/android/sdk/platforms/android-35/data/res/values-mcc310-mnc410-lv: Cannot change mode to rwxr-xr-x: Operation not permitted
build	Cache Android SDK	2026-06-06T12:22:45.8454169Z /usr/bin/tar: ../../../../../usr/local/lib/android/sdk/platforms/android-35/data/res/values-mcc310-mnc660-en-rGB: Cannot utime: Operation not permitted
build	Cache Android SDK	2026-06-06T12:22:45.8455117Z /usr/bin/tar: ../../../../../usr/local/lib/android/sdk/platforms/android-35/data/res/values-mcc310-mnc660-en-rGB: Cannot change mode to rwxr-xr-x: Operation not permitted
build	Cache Android SDK	2026-06-06T12:22:45.8457445Z /usr/bin/tar: ../../../../../usr/local/lib/android/sdk/platforms/android-35/data/res/values-mcc310-mnc230-zh-rHK: Cannot utime: Operation not permitted
build	Cache Android SDK	2026-06-06T12:22:45.8458396Z /usr/bin/tar: ../../../../../usr/local/lib/android/sdk/platforms/android-35/data/res/values-mcc310-mnc230-zh-rHK: Cannot change mode to rwxr-xr-x: Operation not permitted
build	Cache Android SDK	2026-06-06T12:22:45.8460554Z /usr/bin/tar: ../../../../../usr/local/lib/android/sdk/platforms/android-35/data/res/values-mcc310-mnc280-in: Cannot utime: Operation not permitted
build	Cache Android SDK	2026-06-06T12:22:45.8461476Z /usr/bin/tar: ../../../../../usr/local/lib/android/sdk/platforms/android-35/data/res/values-mcc310-mnc280-in: Cannot change mode to rwxr-xr-x: Operation not permitted
build	Cache Android SDK	2026-06-06T12:22:45.8463533Z /usr/bin/tar: ../../../../../usr/local/lib/android/sdk/platforms/android-35/data/res/values-mcc313-mnc100-mn: Cannot utime: Operation not permitted
build	Cache Android SDK	2026-06-06T12:22:45.8464450Z /usr/bin/tar: ../../../../../usr/local/lib/android/sdk/platforms/android-35/data/res/values-mcc313-mnc100-mn: Cannot change mode to rwxr-xr-x: Operation not permitted
build	Cache Android SDK	2026-06-06T12:22:45.8471000Z /usr/bin/tar: ../../../../../usr/local/lib/android/sdk/platforms/android-35/data/res/values-zh-rCN: Cannot utime: Operation not permitted
build	Cache Android SDK	2026-06-06T12:22:45.8471882Z /usr/bin/tar: ../../../../../usr/local/lib/android/sdk/platforms/android-35/data/res/values-zh-rCN: Cannot change mode to rwxr-xr-x: Operation not permitted
build	Cache Android SDK	2026-06-06T12:22:45.8473039Z /usr/bin/tar: ../../../../../usr/local/lib/android/sdk/platforms/android-35/data/res/values-mcc310-mnc310-nb: Cannot utime: Operation not permitted
build	Cache Android SDK	2026-06-06T12:22:45.8474087Z /usr/bin/tar: ../../../../../usr/local/lib/android/sdk/platforms/android-35/data/res/values-mcc310-mnc310-nb: Cannot change mode to rwxr-xr-x: Operation not permitted
build	Cache Android SDK	2026-06-06T12:22:45.8476479Z /usr/bin/tar: ../../../../../usr/local/lib/android/sdk/platforms/android-35/data/res/values-mcc310-mnc230-my: Cannot utime: Operation not permitted
build	Cache Android SDK	2026-06-06T12:22:45.8477560Z /usr/bin/tar: ../../../../../usr/local/lib/android/sdk/platforms/android-35/data/res/values-mcc310-mnc230-my: Cannot change mode to rwxr-xr-x: Operation not permitted
build	Cache Android SDK	2026-06-06T12:22:45.8479300Z /usr/bin/tar: ../../../../../usr/local/lib/android/sdk/platforms/android-35/data/res/values-mcc302-mnc720-bs: Cannot utime: Operation not permitted
build	Cache Android SDK	2026-06-06T12:22:45.8482633Z /usr/bin/tar: ../../../../../usr/local/lib/android/sdk/platforms/android-35/data/res/values-mcc302-mnc720-bs: Cannot change mode to rwxr-xr-x: Operation not permitted
build	Cache Android SDK	2026-06-06T12:22:45.8483533Z /usr/bin/tar: ../../../../../usr/local/lib/android/sdk/platforms/android-35/data/res/values-fi-watch: Cannot utime: Operation not permitted
build	Cache Android SDK	2026-06-06T12:22:45.8484536Z /usr/bin/tar: ../../../../../usr/local/lib/android/sdk/platforms/android-35/data/res/values-fi-watch: Cannot change mode to rwxr-xr-x: Operation not permitted
build	Cache Android SDK	2026-06-06T12:22:45.8485793Z /usr/bin/tar: ../../../../../usr/local/lib/android/sdk/platforms/android-35/data/res/values-mcc310-mnc270-mr: Cannot utime: Operation not permitted
build	Cache Android SDK	2026-06-06T12:22:45.8486763Z /usr/bin/tar: ../../../../../usr/local/lib/android/sdk/platforms/android-35/data/res/values-mcc310-mnc270-mr: Cannot change mode to rwxr-xr-x: Operation not permitted
build	Cache Android SDK	2026-06-06T12:22:45.8489426Z /usr/bin/tar: ../../../../../usr/local/lib/android/sdk/platforms/android-35/data/res/values-mcc310-mnc280-lv: Cannot utime: Operation not permitted
build	Cache Android SDK	2026-06-06T12:22:45.8490422Z /usr/bin/tar: ../../../../../usr/local/lib/android/sdk/platforms/android-35/data/res/values-mcc310-mnc280-lv: Cannot change mode to rwxr-xr-x: Operation not permitted
build	Cache Android SDK	2026-06-06T12:22:45.8492631Z /usr/bin/tar: ../../../../../usr/local/lib/android/sdk/platforms/android-35/data/res/values-mcc310-mnc270-az: Cannot utime: Operation not permitted
build	Cache Android SDK	2026-06-06T12:22:45.8493542Z /usr/bin/tar: ../../../../../usr/local/lib/android/sdk/platforms/android-35/data/res/values-mcc310-mnc270-az: Cannot change mode to rwxr-xr-x: Operation not permitted
build	Cache Android SDK	2026-06-06T12:22:45.8495798Z /usr/bin/tar: ../../../../../usr/local/lib/android/sdk/platforms/android-35/data/res/values-mcc310-mnc560-ne: Cannot utime: Operation not permitted
build	Cache Android SDK	2026-06-06T12:22:45.8496718Z /usr/bin/tar: ../../../../../usr/local/lib/android/sdk/platforms/android-35/data/res/values-mcc310-mnc560-ne: Cannot change mode to rwxr-xr-x: Operation not permitted
build	Cache Android SDK	2026-06-06T12:22:45.8499263Z /usr/bin/tar: ../../../../../usr/local/lib/android/sdk/platforms/android-35/data/res/values-mcc312-mnc670-ur: Cannot utime: Operation not permitted
build	Cache Android SDK	2026-06-06T12:22:45.8500176Z /usr/bin/tar: ../../../../../usr/local/lib/android/sdk/platforms/android-35/data/res/values-mcc312-mnc670-ur: Cannot change mode to rwxr-xr-x: Operation not permitted
build	Cache Android SDK	2026-06-06T12:22:45.8502172Z /usr/bin/tar: ../../../../../usr/local/lib/android/sdk/platforms/android-35/data/res/values-mcc310-mnc380-te: Cannot utime: Operation not permitted
build	Cache Android SDK	2026-06-06T12:22:45.8503074Z /usr/bin/tar: ../../../../../usr/local/lib/android/sdk/platforms/android-35/data/res/values-mcc310-mnc380-te: Cannot change mode to rwxr-xr-x: Operation not permitted
build	Cache Android SDK	2026-06-06T12:22:45.8505272Z /usr/bin/tar: ../../../../../usr/local/lib/android/sdk/platforms/android-35/data/res/values-mcc310-mnc270-ur: Cannot utime: Operation not permitted
build	Cache Android SDK	2026-06-06T12:22:45.8506174Z /usr/bin/tar: ../../../../../usr/local/lib/android/sdk/platforms/android-35/data/res/values-mcc310-mnc270-ur: Cannot change mode to rwxr-xr-x: Operation not permitted
build	Cache Android SDK	2026-06-06T12:22:45.8508367Z /usr/bin/tar: ../../../../../usr/local/lib/android/sdk/platforms/android-35/data/res/values-mcc310-mnc800-ru: Cannot utime: Operation not permitted
build	Cache Android SDK	2026-06-06T12:22:45.8509413Z /usr/bin/tar: ../../../../../usr/local/lib/android/sdk/platforms/android-35/data/res/values-mcc310-mnc800-ru: Cannot change mode to rwxr-xr-x: Operation not permitted
build	Cache Android SDK	2026-06-06T12:22:45.8511552Z /usr/bin/tar: ../../../../../usr/local/lib/android/sdk/platforms/android-35/data/res/values-mcc310-mnc560-zh-rHK: Cannot utime: Operation not permitted
build	Cache Android SDK	2026-06-06T12:22:45.8512508Z /usr/bin/tar: ../../../../../usr/local/lib/android/sdk/platforms/android-35/data/res/values-mcc310-mnc560-zh-rHK: Cannot change mode to rwxr-xr-x: Operation not permitted
build	Cache Android SDK	2026-06-06T12:22:45.8514631Z /usr/bin/tar: ../../../../../usr/local/lib/android/sdk/platforms/android-35/data/res/values-mcc001-mnc01-ro: Cannot utime: Operation not permitted
build	Cache Android SDK	2026-06-06T12:22:45.8515543Z /usr/bin/tar: ../../../../../usr/local/lib/android/sdk/platforms/android-35/data/res/values-mcc001-mnc01-ro: Cannot change mode to rwxr-xr-x: Operation not permitted
build	Cache Android SDK	2026-06-06T12:22:45.8518027Z /usr/bin/tar: ../../../../../usr/local/lib/android/sdk/platforms/android-35/data/res/values-mcc310-mnc150-ko: Cannot utime: Operation not permitted
build	Cache Android SDK	2026-06-06T12:22:45.8519064Z /usr/bin/tar: ../../../../../usr/local/lib/android/sdk/platforms/android-35/data/res/values-mcc310-mnc150-ko: Cannot change mode to rwxr-xr-x: Operation not permitted
build	Cache Android SDK	2026-06-06T12:22:45.8521943Z /usr/bin/tar: ../../../../../usr/local/lib/android/sdk/platforms/android-35/data/res/values-mcc310-mnc150-sr: Cannot utime: Operation not permitted
build	Cache Android SDK	2026-06-06T12:22:45.8522851Z /usr/bin/tar: ../../../../../usr/local/lib/android/sdk/platforms/android-35/data/res/values-mcc310-mnc150-sr: Cannot change mode to rwxr-xr-x: Operation not permitted
build	Cache Android SDK	2026-06-06T12:22:45.8525302Z /usr/bin/tar: ../../../../../usr/local/lib/android/sdk/platforms/android-35/data/res/values-mcc704-mnc03: Cannot utime: Operation not permitted
build	Cache Android SDK	2026-06-06T12:22:45.8526189Z /usr/bin/tar: ../../../../../usr/local/lib/android/sdk/platforms/android-35/data/res/values-mcc704-mnc03: Cannot change mode to rwxr-xr-x: Operation not permitted
build	Cache Android SDK	2026-06-06T12:22:45.8528169Z /usr/bin/tar: ../../../../../usr/local/lib/android/sdk/platforms/android-35/data/res/values-mcc310-mnc220-it: Cannot utime: Operation not permitted
build	Cache Android SDK	2026-06-06T12:22:45.8529085Z /usr/bin/tar: ../../../../../usr/local/lib/android/sdk/platforms/android-35/data/res/values-mcc310-mnc220-it: Cannot change mode to rwxr-xr-x: Operation not permitted
build	Cache Android SDK	2026-06-06T12:22:45.8531329Z /usr/bin/tar: ../../../../../usr/local/lib/android/sdk/platforms/android-35/data/res/values-mcc310-mnc230-ka: Cannot utime: Operation not permitted
build	Cache Android SDK	2026-06-06T12:22:45.8532241Z /usr/bin/tar: ../../../../../usr/local/lib/android/sdk/platforms/android-35/data/res/values-mcc310-mnc230-ka: Cannot change mode to rwxr-xr-x: Operation not permitted
build	Cache Android SDK	2026-06-06T12:22:45.8534418Z /usr/bin/tar: ../../../../../usr/local/lib/android/sdk/platforms/android-35/data/res/values-bn-watch: Cannot utime: Operation not permitted
build	Cache Android SDK	2026-06-06T12:22:45.8535303Z /usr/bin/tar: ../../../../../usr/local/lib/android/sdk/platforms/android-35/data/res/values-bn-watch: Cannot change mode to rwxr-xr-x: Operation not permitted
build	Cache Android SDK	2026-06-06T12:22:45.8537602Z /usr/bin/tar: ../../../../../usr/local/lib/android/sdk/platforms/android-35/data/res/values-mcc302-mnc370-pt-rBR: Cannot utime: Operation not permitted
build	Cache Android SDK	2026-06-06T12:22:45.8538554Z /usr/bin/tar: ../../../../../usr/local/lib/android/sdk/platforms/android-35/data/res/values-mcc302-mnc370-pt-rBR: Cannot change mode to rwxr-xr-x: Operation not permitted
build	Cache Android SDK	2026-06-06T12:22:45.8541990Z /usr/bin/tar: ../../../../../usr/local/lib/android/sdk/platforms/android-35/data/res/mipmap-xxhdpi: Cannot utime: Operation not permitted
build	Cache Android SDK	2026-06-06T12:22:45.8542859Z /usr/bin/tar: ../../../../../usr/local/lib/android/sdk/platforms/android-35/data/res/mipmap-xxhdpi: Cannot change mode to rwxr-xr-x: Operation not permitted
build	Cache Android SDK	2026-06-06T12:22:45.8545669Z /usr/bin/tar: ../../../../../usr/local/lib/android/sdk/platforms/android-35/data/res/values-mcc311-mnc180-ja: Cannot utime: Operation not permitted
build	Cache Android SDK	2026-06-06T12:22:45.8546592Z /usr/bin/tar: ../../../../../usr/local/lib/android/sdk/platforms/android-35/data/res/values-mcc311-mnc180-ja: Cannot change mode to rwxr-xr-x: Operation not permitted
build	Cache Android SDK	2026-06-06T12:22:45.8549141Z /usr/bin/tar: ../../../../../usr/local/lib/android/sdk/platforms/android-35/data/res/values-sl-watch: Cannot utime: Operation not permitted
build	Cache Android SDK	2026-06-06T12:22:45.8550100Z /usr/bin/tar: ../../../../../usr/local/lib/android/sdk/platforms/android-35/data/res/values-sl-watch: Cannot change mode to rwxr-xr-x: Operation not permitted
build	Cache Android SDK	2026-06-06T12:22:45.8552600Z /usr/bin/tar: ../../../../../usr/local/lib/android/sdk/platforms/android-35/data/res/values-mcc310-mnc270-th: Cannot utime: Operation not permitted
build	Cache Android SDK	2026-06-06T12:22:45.8553512Z /usr/bin/tar: ../../../../../usr/local/lib/android/sdk/platforms/android-35/data/res/values-mcc310-mnc270-th: Cannot change mode to rwxr-xr-x: Operation not permitted
build	Cache Android SDK	2026-06-06T12:22:45.8556160Z /usr/bin/tar: ../../../../../usr/local/lib/android/sdk/platforms/android-35/data/res/values-mcc310-mnc660-zh-rHK: Cannot utime: Operation not permitted
build	Cache Android SDK	2026-06-06T12:22:45.8557196Z /usr/bin/tar: ../../../../../usr/local/lib/android/sdk/platforms/android-35/data/res/values-mcc310-mnc660-zh-rHK: Cannot change mode to rwxr-xr-x: Operation not permitted
build	Cache Android SDK	2026-06-06T12:22:45.8559081Z /usr/bin/tar: ../../../../../usr/local/lib/android/sdk/platforms/android-35/data/res/values-mcc334-mnc020-be: Cannot utime: Operation not permitted
build	Cache Android SDK	2026-06-06T12:22:45.8559990Z /usr/bin/tar: ../../../../../usr/local/lib/android/sdk/platforms/android-35/data/res/values-mcc334-mnc020-be: Cannot change mode to rwxr-xr-x: Operation not permitted
build	Cache Android SDK	2026-06-06T12:22:45.8564063Z /usr/bin/tar: ../../../../../usr/local/lib/android/sdk/platforms/android-35/data/res/values-mcc310-mnc270-fi: Cannot utime: Operation not permitted
build	Cache Android SDK	2026-06-06T12:22:45.8565121Z /usr/bin/tar: ../../../../../usr/local/lib/android/sdk/platforms/android-35/data/res/values-mcc310-mnc270-fi: Cannot change mode to rwxr-xr-x: Operation not permitted
build	Cache Android SDK	2026-06-06T12:22:45.8566351Z /usr/bin/tar: ../../../../../usr/local/lib/android/sdk/platforms/android-35/data/res/values-mcc334: Cannot utime: Operation not permitted
build	Cache Android SDK	2026-06-06T12:22:45.8567210Z /usr/bin/tar: ../../../../../usr/local/lib/android/sdk/platforms/android-35/data/res/values-mcc334: Cannot change mode to rwxr-xr-x: Operation not permitted
build	Cache Android SDK	2026-06-06T12:22:45.8569408Z /usr/bin/tar: ../../../../../usr/local/lib/android/sdk/platforms/android-35/data/res/values-mcc310-mnc800-az: Cannot utime: Operation not permitted
build	Cache Android SDK	2026-06-06T12:22:45.8570323Z /usr/bin/tar: ../../../../../usr/local/lib/android/sdk/platforms/android-35/data/res/values-mcc310-mnc800-az: Cannot change mode to rwxr-xr-x: Operation not permitted
build	Cache Android SDK	2026-06-06T12:22:45.8572383Z /usr/bin/tar: ../../../../../usr/local/lib/android/sdk/platforms/android-35/data/res/values-mcc310-mnc280-es: Cannot utime: Operation not permitted
build	Cache Android SDK	2026-06-06T12:22:45.8573285Z /usr/bin/tar: ../../../../../usr/local/lib/android/sdk/platforms/android-35/data/res/values-mcc310-mnc280-es: Cannot change mode to rwxr-xr-x: Operation not permitted
build	Cache Android SDK	2026-06-06T12:22:45.8575451Z /usr/bin/tar: ../../../../../usr/local/lib/android/sdk/platforms/android-35/data/res/values-mcc310-mnc200-hu: Cannot utime: Operation not permitted
build	Cache Android SDK	2026-06-06T12:22:45.8576362Z /usr/bin/tar: ../../../../../usr/local/lib/android/sdk/platforms/android-35/data/res/values-mcc310-mnc200-hu: Cannot change mode to rwxr-xr-x: Operation not permitted
build	Cache Android SDK	2026-06-06T12:22:45.8578706Z /usr/bin/tar: ../../../../../usr/local/lib/android/sdk/platforms/android-35/data/res/values-ur-television: Cannot utime: Operation not permitted
build	Cache Android SDK	2026-06-06T12:22:45.8579603Z /usr/bin/tar: ../../../../../usr/local/lib/android/sdk/platforms/android-35/data/res/values-ur-television: Cannot change mode to rwxr-xr-x: Operation not permitted
build	Cache Android SDK	2026-06-06T12:22:45.8581818Z /usr/bin/tar: ../../../../../usr/local/lib/android/sdk/platforms/android-35/data/res/values-mcc001-mnc01-sv: Cannot utime: Operation not permitted
build	Cache Android SDK	2026-06-06T12:22:45.8582726Z /usr/bin/tar: ../../../../../usr/local/lib/android/sdk/platforms/android-35/data/res/values-mcc001-mnc01-sv: Cannot change mode to rwxr-xr-x: Operation not permitted
build	Cache Android SDK	2026-06-06T12:22:45.8584756Z /usr/bin/tar: ../../../../../usr/local/lib/android/sdk/platforms/android-35/data/res/values-mcc302-mnc370-kn: Cannot utime: Operation not permitted
build	Cache Android SDK	2026-06-06T12:22:45.8585666Z /usr/bin/tar: ../../../../../usr/local/lib/android/sdk/platforms/android-35/data/res/values-mcc302-mnc370-kn: Cannot change mode to rwxr-xr-x: Operation not permitted
build	Cache Android SDK	2026-06-06T12:22:45.8588373Z /usr/bin/tar: ../../../../../usr/local/lib/android/sdk/platforms/android-35/data/res/values-en-rCA-watch: Cannot utime: Operation not permitted
build	Cache Android SDK	2026-06-06T12:22:45.8589414Z /usr/bin/tar: ../../../../../usr/local/lib/android/sdk/platforms/android-35/data/res/values-en-rCA-watch: Cannot change mode to rwxr-xr-x: Operation not permitted
build	Cache Android SDK	2026-06-06T12:22:45.8591859Z /usr/bin/tar: ../../../../../usr/local/lib/android/sdk/platforms/android-35/data/res/values-mcc310-mnc250-fi: Cannot utime: Operation not permitted
build	Cache Android SDK	2026-06-06T12:22:45.8592857Z /usr/bin/tar: ../../../../../usr/local/lib/android/sdk/platforms/android-35/data/res/values-mcc310-mnc250-fi: Cannot change mode to rwxr-xr-x: Operation not permitted
build	Cache Android SDK	2026-06-06T12:22:45.8594955Z /usr/bin/tar: ../../../../../usr/local/lib/android/sdk/platforms/android-35/data/res/values-mcc001-mnc01-tl: Cannot utime: Operation not permitted
build	Cache Android SDK	2026-06-06T12:22:45.8595854Z /usr/bin/tar: ../../../../../usr/local/lib/android/sdk/platforms/android-35/data/res/values-mcc001-mnc01-tl: Cannot change mode to rwxr-xr-x: Operation not permitted
build	Cache Android SDK	2026-06-06T12:22:45.8598178Z /usr/bin/tar: ../../../../../usr/local/lib/android/sdk/platforms/android-35/data/res/values-it-rCH: Cannot utime: Operation not permitted
build	Cache Android SDK	2026-06-06T12:22:45.8599036Z /usr/bin/tar: ../../../../../usr/local/lib/android/sdk/platforms/android-35/data/res/values-it-rCH: Cannot change mode to rwxr-xr-x: Operation not permitted
build	Cache Android SDK	2026-06-06T12:22:45.8602034Z /usr/bin/tar: ../../../../../usr/local/lib/android/sdk/platforms/android-35/data/res/values-mcc310-mnc950-kn: Cannot utime: Operation not permitted
build	Cache Android SDK	2026-06-06T12:22:45.8602951Z /usr/bin/tar: ../../../../../usr/local/lib/android/sdk/platforms/android-35/data/res/values-mcc310-mnc950-kn: Cannot change mode to rwxr-xr-x: Operation not permitted
build	Cache Android SDK	2026-06-06T12:22:45.8605057Z /usr/bin/tar: ../../../../../usr/local/lib/android/sdk/platforms/android-35/data/res/values-mcc302-mnc720-ja: Cannot utime: Operation not permitted
build	Cache Android SDK	2026-06-06T12:22:45.8605967Z /usr/bin/tar: ../../../../../usr/local/lib/android/sdk/platforms/android-35/data/res/values-mcc302-mnc720-ja: Cannot change mode to rwxr-xr-x: Operation not permitted
build	Cache Android SDK	2026-06-06T12:22:45.8608311Z /usr/bin/tar: ../../../../../usr/local/lib/android/sdk/platforms/android-35/data/res/values-mcc302-mnc720-ca: Cannot utime: Operation not permitted
build	Cache Android SDK	2026-06-06T12:22:45.8609207Z /usr/bin/tar: ../../../../../usr/local/lib/android/sdk/platforms/android-35/data/res/values-mcc302-mnc720-ca: Cannot change mode to rwxr-xr-x: Operation not permitted
build	Cache Android SDK	2026-06-06T12:22:45.8611270Z /usr/bin/tar: ../../../../../usr/local/lib/android/sdk/platforms/android-35/data/res/values-de-rCH: Cannot utime: Operation not permitted
build	Cache Android SDK	2026-06-06T12:22:45.8612120Z /usr/bin/tar: ../../../../../usr/local/lib/android/sdk/platforms/android-35/data/res/values-de-rCH: Cannot change mode to rwxr-xr-x: Operation not permitted
build	Cache Android SDK	2026-06-06T12:22:45.8614226Z /usr/bin/tar: ../../../../../usr/local/lib/android/sdk/platforms/android-35/data/res/values-mcc310-mnc210-kn: Cannot utime: Operation not permitted
build	Cache Android SDK	2026-06-06T12:22:45.8615136Z /usr/bin/tar: ../../../../../usr/local/lib/android/sdk/platforms/android-35/data/res/values-mcc310-mnc210-kn: Cannot change mode to rwxr-xr-x: Operation not permitted
build	Cache Android SDK	2026-06-06T12:22:45.8619081Z /usr/bin/tar: ../../../../../usr/local/lib/android/sdk/platforms/android-35/data/res/values-mcc310-mnc250-ar: Cannot utime: Operation not permitted
build	Cache Android SDK	2026-06-06T12:22:45.8619987Z /usr/bin/tar: ../../../../../usr/local/lib/android/sdk/platforms/android-35/data/res/values-mcc310-mnc250-ar: Cannot change mode to rwxr-xr-x: Operation not permitted
build	Cache Android SDK	2026-06-06T12:22:45.8622267Z /usr/bin/tar: ../../../../../usr/local/lib/android/sdk/platforms/android-35/data/res/values-mcc310-mnc030-kn: Cannot utime: Operation not permitted
build	Cache Android SDK	2026-06-06T12:22:45.8623196Z /usr/bin/tar: ../../../../../usr/local/lib/android/sdk/platforms/android-35/data/res/values-mcc310-mnc030-kn: Cannot change mode to rwxr-xr-x: Operation not permitted
build	Cache Android SDK	2026-06-06T12:22:45.8625693Z /usr/bin/tar: ../../../../../usr/local/lib/android/sdk/platforms/android-35/data/res/values-w210dp-round-watch: Cannot utime: Operation not permitted
build	Cache Android SDK	2026-06-06T12:22:45.8626629Z /usr/bin/tar: ../../../../../usr/local/lib/android/sdk/platforms/android-35/data/res/values-w210dp-round-watch: Cannot change mode to rwxr-xr-x: Operation not permitted
build	Cache Android SDK	2026-06-06T12:22:45.8629245Z /usr/bin/tar: ../../../../../usr/local/lib/android/sdk/platforms/android-35/data/res/values-mcc310-mnc200-ka: Cannot utime: Operation not permitted
build	Cache Android SDK	2026-06-06T12:22:45.8630145Z /usr/bin/tar: ../../../../../usr/local/lib/android/sdk/platforms/android-35/data/res/values-mcc310-mnc200-ka: Cannot change mode to rwxr-xr-x: Operation not permitted
build	Cache Android SDK	2026-06-06T12:22:45.8632163Z /usr/bin/tar: ../../../../../usr/local/lib/android/sdk/platforms/android-35/data/res/values-mcc310-mnc380-pa: Cannot utime: Operation not permitted
build	Cache Android SDK	2026-06-06T12:22:45.8633069Z /usr/bin/tar: ../../../../../usr/local/lib/android/sdk/platforms/android-35/data/res/values-mcc310-mnc380-pa: Cannot change mode to rwxr-xr-x: Operation not permitted
build	Cache Android SDK	2026-06-06T12:22:45.8635628Z /usr/bin/tar: ../../../../../usr/local/lib/android/sdk/platforms/android-35/data/res/values-mcc302-mnc720-sr: Cannot utime: Operation not permitted
build	Cache Android SDK	2026-06-06T12:22:45.8636542Z /usr/bin/tar: ../../../../../usr/local/lib/android/sdk/platforms/android-35/data/res/values-mcc302-mnc720-sr: Cannot change mode to rwxr-xr-x: Operation not permitted
build	Cache Android SDK	2026-06-06T12:22:45.8638684Z /usr/bin/tar: ../../../../../usr/local/lib/android/sdk/platforms/android-35/data/res/values-mcc310-mnc800-ka: Cannot utime: Operation not permitted
build	Cache Android SDK	2026-06-06T12:22:45.8639602Z /usr/bin/tar: ../../../../../usr/local/lib/android/sdk/platforms/android-35/data/res/values-mcc310-mnc800-ka: Cannot change mode to rwxr-xr-x: Operation not permitted
build	Cache Android SDK	2026-06-06T12:22:45.8641625Z /usr/bin/tar: ../../../../../usr/local/lib/android/sdk/platforms/android-35/data/res/values-mcc310-mnc660-nl: Cannot utime: Operation not permitted
build	Cache Android SDK	2026-06-06T12:22:45.8642534Z /usr/bin/tar: ../../../../../usr/local/lib/android/sdk/platforms/android-35/data/res/values-mcc310-mnc660-nl: Cannot change mode to rwxr-xr-x: Operation not permitted
build	Cache Android SDK	2026-06-06T12:22:45.8646097Z /usr/bin/tar: ../../../../../usr/local/lib/android/sdk/platforms/android-35/data/res/values-mcc310-mnc030-zh-rHK: Cannot utime: Operation not permitted
build	Cache Android SDK	2026-06-06T12:22:45.8647058Z /usr/bin/tar: ../../../../../usr/local/lib/android/sdk/platforms/android-35/data/res/values-mcc310-mnc030-zh-rHK: Cannot change mode to rwxr-xr-x: Operation not permitted
build	Cache Android SDK	2026-06-06T12:22:45.8650561Z /usr/bin/tar: ../../../../../usr/local/lib/android/sdk/platforms/android-35/data/res/values-mcc302-mnc370-sv: Cannot utime: Operation not permitted
build	Cache Android SDK	2026-06-06T12:22:45.8651817Z /usr/bin/tar: ../../../../../usr/local/lib/android/sdk/platforms/android-35/data/res/values-mcc302-mnc370-sv: Cannot change mode to rwxr-xr-x: Operation not permitted
build	Cache Android SDK	2026-06-06T12:22:45.8655447Z /usr/bin/tar: ../../../../../usr/local/lib/android/sdk/platforms/android-35/data/res/values-mcc310-mnc170-fa: Cannot utime: Operation not permitted
build	Cache Android SDK	2026-06-06T12:22:45.8656557Z /usr/bin/tar: ../../../../../usr/local/lib/android/sdk/platforms/android-35/data/res/values-mcc310-mnc170-fa: Cannot change mode to rwxr-xr-x: Operation not permitted
build	Cache Android SDK	2026-06-06T12:22:45.8659325Z /usr/bin/tar: ../../../../../usr/local/lib/android/sdk/platforms/android-35/data/res/values-port: Cannot utime: Operation not permitted
build	Cache Android SDK	2026-06-06T12:22:45.8660333Z /usr/bin/tar: ../../../../../usr/local/lib/android/sdk/platforms/android-35/data/res/values-port: Cannot change mode to rwxr-xr-x: Operation not permitted
build	Cache Android SDK	2026-06-06T12:22:45.8663213Z /usr/bin/tar: ../../../../../usr/local/lib/android/sdk/platforms/android-35/data/res/drawable-en-hdpi: Cannot utime: Operation not permitted
build	Cache Android SDK	2026-06-06T12:22:45.8664361Z /usr/bin/tar: ../../../../../usr/local/lib/android/sdk/platforms/android-35/data/res/drawable-en-hdpi: Cannot change mode to rwxr-xr-x: Operation not permitted
build	Cache Android SDK	2026-06-06T12:22:45.8666387Z /usr/bin/tar: ../../../../../usr/local/lib/android/sdk/platforms/android-35/data/res/values-mcc310-mnc230-mn: Cannot utime: Operation not permitted
build	Cache Android SDK	2026-06-06T12:22:45.8667492Z /usr/bin/tar: ../../../../../usr/local/lib/android/sdk/platforms/android-35/data/res/values-mcc310-mnc230-mn: Cannot change mode to rwxr-xr-x: Operation not permitted
build	Cache Android SDK	2026-06-06T12:22:45.8673597Z /usr/bin/tar: ../../../../../usr/local/lib/android/sdk/platforms/android-35/data/res/values-es: Cannot utime: Operation not permitted
build	Cache Android SDK	2026-06-06T12:22:45.8674457Z /usr/bin/tar: ../../../../../usr/local/lib/android/sdk/platforms/android-35/data/res/values-es: Cannot change mode to rwxr-xr-x: Operation not permitted
build	Cache Android SDK	2026-06-06T12:22:45.8675916Z /usr/bin/tar: ../../../../../usr/local/lib/android/sdk/platforms/android-35/data/res/values-mcc310-mnc800-km: Cannot utime: Operation not permitted
build	Cache Android SDK	2026-06-06T12:22:45.8676834Z /usr/bin/tar: ../../../../../usr/local/lib/android/sdk/platforms/android-35/data/res/values-mcc310-mnc800-km: Cannot change mode to rwxr-xr-x: Operation not permitted
build	Cache Android SDK	2026-06-06T12:22:45.8679068Z /usr/bin/tar: ../../../../../usr/local/lib/android/sdk/platforms/android-35/data/res/values-mcc334-mnc020-en-rAU: Cannot utime: Operation not permitted
build	Cache Android SDK	2026-06-06T12:22:45.8680044Z /usr/bin/tar: ../../../../../usr/local/lib/android/sdk/platforms/android-35/data/res/values-mcc334-mnc020-en-rAU: Cannot change mode to rwxr-xr-x: Operation not permitted
build	Cache Android SDK	2026-06-06T12:22:45.8681914Z /usr/bin/tar: ../../../../../usr/local/lib/android/sdk/platforms/android-35/data/res/values-mcc310-mnc170-tl: Cannot utime: Operation not permitted
build	Cache Android SDK	2026-06-06T12:22:45.8682927Z /usr/bin/tar: ../../../../../usr/local/lib/android/sdk/platforms/android-35/data/res/values-mcc310-mnc170-tl: Cannot change mode to rwxr-xr-x: Operation not permitted
build	Cache Android SDK	2026-06-06T12:22:45.8684861Z /usr/bin/tar: ../../../../../usr/local/lib/android/sdk/platforms/android-35/data/res/values-mcc311-mnc180-lt: Cannot utime: Operation not permitted
build	Cache Android SDK	2026-06-06T12:22:45.8685769Z /usr/bin/tar: ../../../../../usr/local/lib/android/sdk/platforms/android-35/data/res/values-mcc311-mnc180-lt: Cannot change mode to rwxr-xr-x: Operation not permitted
build	Cache Android SDK	2026-06-06T12:22:45.8688347Z /usr/bin/tar: ../../../../../usr/local/lib/android/sdk/platforms/android-35/data/res/values-en-rIN-television: Cannot utime: Operation not permitted
build	Cache Android SDK	2026-06-06T12:22:45.8689287Z /usr/bin/tar: ../../../../../usr/local/lib/android/sdk/platforms/android-35/data/res/values-en-rIN-television: Cannot change mode to rwxr-xr-x: Operation not permitted
build	Cache Android SDK	2026-06-06T12:22:45.8695192Z /usr/bin/tar: ../../../../../usr/local/lib/android/sdk/platforms/android-35/data/res/values-mcc310-mnc270-nl: Cannot utime: Operation not permitted
build	Cache Android SDK	2026-06-06T12:22:45.8696129Z /usr/bin/tar: ../../../../../usr/local/lib/android/sdk/platforms/android-35/data/res/values-mcc310-mnc270-nl: Cannot change mode to rwxr-xr-x: Operation not permitted
build	Cache Android SDK	2026-06-06T12:22:45.8699238Z /usr/bin/tar: ../../../../../usr/local/lib/android/sdk/platforms/android-35/data/res/values-mcc334-mnc020-hu: Cannot utime: Operation not permitted
build	Cache Android SDK	2026-06-06T12:22:45.8700226Z /usr/bin/tar: ../../../../../usr/local/lib/android/sdk/platforms/android-35/data/res/values-mcc334-mnc020-hu: Cannot change mode to rwxr-xr-x: Operation not permitted
build	Cache Android SDK	2026-06-06T12:22:45.8702940Z /usr/bin/tar: ../../../../../usr/local/lib/android/sdk/platforms/android-35/data/res/values-mcc310-mnc220-gl: Cannot utime: Operation not permitted
build	Cache Android SDK	2026-06-06T12:22:45.8703897Z /usr/bin/tar: ../../../../../usr/local/lib/android/sdk/platforms/android-35/data/res/values-mcc310-mnc220-gl: Cannot change mode to rwxr-xr-x: Operation not permitted
build	Cache Android SDK	2026-06-06T12:22:45.8706519Z /usr/bin/tar: ../../../../../usr/local/lib/android/sdk/platforms/android-35/data/res/values-mcc310-mnc220-zh-rHK: Cannot utime: Operation not permitted
build	Cache Android SDK	2026-06-06T12:22:45.8708074Z /usr/bin/tar: ../../../../../usr/local/lib/android/sdk/platforms/android-35/data/res/values-mcc310-mnc220-zh-rHK: Cannot change mode to rwxr-xr-x: Operation not permitted
build	Cache Android SDK	2026-06-06T12:22:45.8709870Z /usr/bin/tar: ../../../../../usr/local/lib/android/sdk/platforms/android-35/data/res/values-sw720dp-w1280dp: Cannot utime: Operation not permitted
build	Cache Android SDK	2026-06-06T12:22:45.8711349Z /usr/bin/tar: ../../../../../usr/local/lib/android/sdk/platforms/android-35/data/res/values-sw720dp-w1280dp: Cannot change mode to rwxr-xr-x: Operation not permitted
build	Cache Android SDK	2026-06-06T12:22:45.8713468Z /usr/bin/tar: ../../../../../usr/local/lib/android/sdk/platforms/android-35/data/res/values-mcc310-mnc030-pt-rPT: Cannot utime: Operation not permitted
build	Cache Android SDK	2026-06-06T12:22:45.8714920Z /usr/bin/tar: ../../../../../usr/local/lib/android/sdk/platforms/android-35/data/res/values-mcc310-mnc030-pt-rPT: Cannot change mode to rwxr-xr-x: Operation not permitted
build	Cache Android SDK	2026-06-06T12:22:45.8717551Z /usr/bin/tar: ../../../../../usr/local/lib/android/sdk/platforms/android-35/data/res/values-mcc313-mnc100-ca: Cannot utime: Operation not permitted
build	Cache Android SDK	2026-06-06T12:22:45.8719040Z /usr/bin/tar: ../../../../../usr/local/lib/android/sdk/platforms/android-35/data/res/values-mcc313-mnc100-ca: Cannot change mode to rwxr-xr-x: Operation not permitted
build	Cache Android SDK	2026-06-06T12:22:45.8721635Z /usr/bin/tar: ../../../../../usr/local/lib/android/sdk/platforms/android-35/data/res/values-mcc310-mnc660-de: Cannot utime: Operation not permitted
build	Cache Android SDK	2026-06-06T12:22:45.8722801Z /usr/bin/tar: ../../../../../usr/local/lib/android/sdk/platforms/android-35/data/res/values-mcc310-mnc660-de: Cannot change mode to rwxr-xr-x: Operation not permitted
build	Cache Android SDK	2026-06-06T12:22:45.8729031Z /usr/bin/tar: ../../../../../usr/local/lib/android/sdk/platforms/android-35/data/res/values-mcc310-mnc160-fr-rCA: Cannot utime: Operation not permitted
build	Cache Android SDK	2026-06-06T12:22:45.8731145Z /usr/bin/tar: ../../../../../usr/local/lib/android/sdk/platforms/android-35/data/res/values-mcc310-mnc160-fr-rCA: Cannot change mode to rwxr-xr-x: Operation not permitted
build	Cache Android SDK	2026-06-06T12:22:45.8733030Z /usr/bin/tar: ../../../../../usr/local/lib/android/sdk/platforms/android-35/data/res/values-mcc312-mnc670-or: Cannot utime: Operation not permitted
build	Cache Android SDK	2026-06-06T12:22:45.8735045Z /usr/bin/tar: ../../../../../usr/local/lib/android/sdk/platforms/android-35/data/res/values-mcc312-mnc670-or: Cannot change mode to rwxr-xr-x: Operation not permitted
build	Cache Android SDK	2026-06-06T12:22:45.8736819Z /usr/bin/tar: ../../../../../usr/local/lib/android/sdk/platforms/android-35/data/res/values-mcc310-mnc210-da: Cannot utime: Operation not permitted
build	Cache Android SDK	2026-06-06T12:22:45.8738903Z /usr/bin/tar: ../../../../../usr/local/lib/android/sdk/platforms/android-35/data/res/values-mcc310-mnc210-da: Cannot change mode to rwxr-xr-x: Operation not permitted
build	Cache Android SDK	2026-06-06T12:22:45.8740781Z /usr/bin/tar: ../../../../../usr/local/lib/android/sdk/platforms/android-35/data/res/values-mcc310-mnc310-sk: Cannot utime: Operation not permitted
build	Cache Android SDK	2026-06-06T12:22:45.8742631Z /usr/bin/tar: ../../../../../usr/local/lib/android/sdk/platforms/android-35/data/res/values-mcc310-mnc310-sk: Cannot change mode to rwxr-xr-x: Operation not permitted
build	Cache Android SDK	2026-06-06T12:22:45.8744585Z /usr/bin/tar: ../../../../../usr/local/lib/android/sdk/platforms/android-35/data/res/values-mcc310-mnc200-in: Cannot utime: Operation not permitted
build	Cache Android SDK	2026-06-06T12:22:45.8746317Z /usr/bin/tar: ../../../../../usr/local/lib/android/sdk/platforms/android-35/data/res/values-mcc310-mnc200-in: Cannot change mode to rwxr-xr-x: Operation not permitted
build	Cache Android SDK	2026-06-06T12:22:45.8748004Z /usr/bin/tar: ../../../../../usr/local/lib/android/sdk/platforms/android-35/data/res/values-mcc310-mnc170-af: Cannot utime: Operation not permitted
build	Cache Android SDK	2026-06-06T12:22:45.8750868Z /usr/bin/tar: ../../../../../usr/local/lib/android/sdk/platforms/android-35/data/res/values-mcc310-mnc170-af: Cannot change mode to rwxr-xr-x: Operation not permitted
build	Cache Android SDK	2026-06-06T12:22:45.8752765Z /usr/bin/tar: ../../../../../usr/local/lib/android/sdk/platforms/android-35/data/res/values-hu: Cannot utime: Operation not permitted
build	Cache Android SDK	2026-06-06T12:22:45.8754142Z /usr/bin/tar: ../../../../../usr/local/lib/android/sdk/platforms/android-35/data/res/values-hu: Cannot change mode to rwxr-xr-x: Operation not permitted
build	Cache Android SDK	2026-06-06T12:22:45.8755820Z /usr/bin/tar: ../../../../../usr/local/lib/android/sdk/platforms/android-35/data/res/values-mcc310-mnc950-en-rXC: Cannot utime: Operation not permitted
build	Cache Android SDK	2026-06-06T12:22:45.8757616Z /usr/bin/tar: ../../../../../usr/local/lib/android/sdk/platforms/android-35/data/res/values-mcc310-mnc950-en-rXC: Cannot change mode to rwxr-xr-x: Operation not permitted
build	Cache Android SDK	2026-06-06T12:22:45.8759390Z /usr/bin/tar: ../../../../../usr/local/lib/android/sdk/platforms/android-35/data/res/values-mcc310: Cannot utime: Operation not permitted
build	Cache Android SDK	2026-06-06T12:22:45.8761024Z /usr/bin/tar: ../../../../../usr/local/lib/android/sdk/platforms/android-35/data/res/values-mcc310: Cannot change mode to rwxr-xr-x: Operation not permitted
build	Cache Android SDK	2026-06-06T12:22:45.8762986Z /usr/bin/tar: ../../../../../usr/local/lib/android/sdk/platforms/android-35/data/res/values-mcc312-mnc670-fi: Cannot utime: Operation not permitted
build	Cache Android SDK	2026-06-06T12:22:45.8764526Z /usr/bin/tar: ../../../../../usr/local/lib/android/sdk/platforms/android-35/data/res/values-mcc312-mnc670-fi: Cannot change mode to rwxr-xr-x: Operation not permitted
build	Cache Android SDK	2026-06-06T12:22:45.8766292Z /usr/bin/tar: ../../../../../usr/local/lib/android/sdk/platforms/android-35/data/res/values-es-rUS-television: Cannot utime: Operation not permitted
build	Cache Android SDK	2026-06-06T12:22:45.8768085Z /usr/bin/tar: ../../../../../usr/local/lib/android/sdk/platforms/android-35/data/res/values-es-rUS-television: Cannot change mode to rwxr-xr-x: Operation not permitted
build	Cache Android SDK	2026-06-06T12:22:45.8769808Z /usr/bin/tar: ../../../../../usr/local/lib/android/sdk/platforms/android-35/data/res/values-mcc310-mnc950-mn: Cannot utime: Operation not permitted
build	Cache Android SDK	2026-06-06T12:22:45.8771648Z /usr/bin/tar: ../../../../../usr/local/lib/android/sdk/platforms/android-35/data/res/values-mcc310-mnc950-mn: Cannot change mode to rwxr-xr-x: Operation not permitted
build	Cache Android SDK	2026-06-06T12:22:45.8773455Z /usr/bin/tar: ../../../../../usr/local/lib/android/sdk/platforms/android-35/data/res/values-mcc310-mnc660-et: Cannot utime: Operation not permitted
build	Cache Android SDK	2026-06-06T12:22:45.8775039Z /usr/bin/tar: ../../../../../usr/local/lib/android/sdk/platforms/android-35/data/res/values-mcc310-mnc660-et: Cannot change mode to rwxr-xr-x: Operation not permitted
build	Cache Android SDK	2026-06-06T12:22:45.8776813Z /usr/bin/tar: ../../../../../usr/local/lib/android/sdk/platforms/android-35/data/res/values-mcc310-mnc210-ar: Cannot utime: Operation not permitted
build	Cache Android SDK	2026-06-06T12:22:45.8779123Z /usr/bin/tar: ../../../../../usr/local/lib/android/sdk/platforms/android-35/data/res/values-mcc310-mnc210-ar: Cannot change mode to rwxr-xr-x: Operation not permitted
build	Cache Android SDK	2026-06-06T12:22:45.8780687Z /usr/bin/tar: ../../../../../usr/local/lib/android/sdk/platforms/android-35/data/res/values-mcc310-mnc270-hi: Cannot utime: Operation not permitted
build	Cache Android SDK	2026-06-06T12:22:45.8782403Z /usr/bin/tar: ../../../../../usr/local/lib/android/sdk/platforms/android-35/data/res/values-mcc310-mnc270-hi: Cannot change mode to rwxr-xr-x: Operation not permitted
build	Cache Android SDK	2026-06-06T12:22:45.8784038Z /usr/bin/tar: ../../../../../usr/local/lib/android/sdk/platforms/android-35/data/res/values-mcc311-mnc180-in: Cannot utime: Operation not permitted
build	Cache Android SDK	2026-06-06T12:22:45.8785827Z /usr/bin/tar: ../../../../../usr/local/lib/android/sdk/platforms/android-35/data/res/values-mcc311-mnc180-in: Cannot change mode to rwxr-xr-x: Operation not permitted
build	Cache Android SDK	2026-06-06T12:22:45.8787611Z /usr/bin/tar: ../../../../../usr/local/lib/android/sdk/platforms/android-35/data/res/values-mcc310-mnc240-hy: Cannot utime: Operation not permitted
build	Cache Android SDK	2026-06-06T12:22:45.8789446Z /usr/bin/tar: ../../../../../usr/local/lib/android/sdk/platforms/android-35/data/res/values-mcc310-mnc240-hy: Cannot change mode to rwxr-xr-x: Operation not permitted
build	Cache Android SDK	2026-06-06T12:22:45.8791250Z /usr/bin/tar: ../../../../../usr/local/lib/android/sdk/platforms/android-35/data/res/values-lv-watch: Cannot utime: Operation not permitted
build	Cache Android SDK	2026-06-06T12:22:45.8792976Z /usr/bin/tar: ../../../../../usr/local/lib/android/sdk/platforms/android-35/data/res/values-lv-watch: Cannot change mode to rwxr-xr-x: Operation not permitted
build	Cache Android SDK	2026-06-06T12:22:45.8794781Z /usr/bin/tar: ../../../../../usr/local/lib/android/sdk/platforms/android-35/data/res/values-mcc302-mnc720-ta: Cannot utime: Operation not permitted
build	Cache Android SDK	2026-06-06T12:22:45.8796598Z /usr/bin/tar: ../../../../../usr/local/lib/android/sdk/platforms/android-35/data/res/values-mcc302-mnc720-ta: Cannot change mode to rwxr-xr-x: Operation not permitted
build	Cache Android SDK	2026-06-06T12:22:45.8798562Z /usr/bin/tar: ../../../../../usr/local/lib/android/sdk/platforms/android-35/data/res/values-mcc310-mnc200-th: Cannot utime: Operation not permitted
build	Cache Android SDK	2026-06-06T12:22:45.8800134Z /usr/bin/tar: ../../../../../usr/local/lib/android/sdk/platforms/android-35/data/res/values-mcc310-mnc200-th: Cannot change mode to rwxr-xr-x: Operation not permitted
build	Cache Android SDK	2026-06-06T12:22:45.8802148Z /usr/bin/tar: ../../../../../usr/local/lib/android/sdk/platforms/android-35/data/res/values-mcc310-mnc160-ta: Cannot utime: Operation not permitted
build	Cache Android SDK	2026-06-06T12:22:45.8803711Z /usr/bin/tar: ../../../../../usr/local/lib/android/sdk/platforms/android-35/data/res/values-mcc310-mnc160-ta: Cannot change mode to rwxr-xr-x: Operation not permitted
build	Cache Android SDK	2026-06-06T12:22:45.8805414Z /usr/bin/tar: ../../../../../usr/local/lib/android/sdk/platforms/android-35/data/res/values-mcc310-mnc210-lt: Cannot utime: Operation not permitted
build	Cache Android SDK	2026-06-06T12:22:45.8807035Z /usr/bin/tar: ../../../../../usr/local/lib/android/sdk/platforms/android-35/data/res/values-mcc310-mnc210-lt: Cannot change mode to rwxr-xr-x: Operation not permitted
build	Cache Android SDK	2026-06-06T12:22:45.8809036Z /usr/bin/tar: ../../../../../usr/local/lib/android/sdk/platforms/android-35/data/res/values-mcc310-mnc490-my: Cannot utime: Operation not permitted
build	Cache Android SDK	2026-06-06T12:22:45.8810945Z /usr/bin/tar: ../../../../../usr/local/lib/android/sdk/platforms/android-35/data/res/values-mcc310-mnc490-my: Cannot change mode to rwxr-xr-x: Operation not permitted
build	Cache Android SDK	2026-06-06T12:22:45.8812703Z /usr/bin/tar: ../../../../../usr/local/lib/android/sdk/platforms/android-35/data/res/values-it-watch: Cannot utime: Operation not permitted
build	Cache Android SDK	2026-06-06T12:22:45.8814196Z /usr/bin/tar: ../../../../../usr/local/lib/android/sdk/platforms/android-35/data/res/values-it-watch: Cannot change mode to rwxr-xr-x: Operation not permitted
build	Cache Android SDK	2026-06-06T12:22:45.8815823Z /usr/bin/tar: ../../../../../usr/local/lib/android/sdk/platforms/android-35/data/res/values-mcc310-mnc240-ja: Cannot utime: Operation not permitted
build	Cache Android SDK	2026-06-06T12:22:45.8817664Z /usr/bin/tar: ../../../../../usr/local/lib/android/sdk/platforms/android-35/data/res/values-mcc310-mnc240-ja: Cannot change mode to rwxr-xr-x: Operation not permitted
build	Cache Android SDK	2026-06-06T12:22:45.8819487Z /usr/bin/tar: ../../../../../usr/local/lib/android/sdk/platforms/android-35/data/res/values-mcc310-mnc210-zu: Cannot utime: Operation not permitted
build	Cache Android SDK	2026-06-06T12:22:45.8821319Z /usr/bin/tar: ../../../../../usr/local/lib/android/sdk/platforms/android-35/data/res/values-mcc310-mnc210-zu: Cannot change mode to rwxr-xr-x: Operation not permitted
build	Cache Android SDK	2026-06-06T12:22:45.8823080Z /usr/bin/tar: ../../../../../usr/local/lib/android/sdk/platforms/android-35/data/res/values-mcc310-mnc250-pa: Cannot utime: Operation not permitted
build	Cache Android SDK	2026-06-06T12:22:45.8824868Z /usr/bin/tar: ../../../../../usr/local/lib/android/sdk/platforms/android-35/data/res/values-mcc310-mnc250-pa: Cannot change mode to rwxr-xr-x: Operation not permitted
build	Cache Android SDK	2026-06-06T12:22:45.8826385Z /usr/bin/tar: ../../../../../usr/local/lib/android/sdk/platforms/android-35/data/res/values-mcc310-mnc030-sr: Cannot utime: Operation not permitted
build	Cache Android SDK	2026-06-06T12:22:45.8828207Z /usr/bin/tar: ../../../../../usr/local/lib/android/sdk/platforms/android-35/data/res/values-mcc310-mnc030-sr: Cannot change mode to rwxr-xr-x: Operation not permitted
build	Cache Android SDK	2026-06-06T12:22:45.8830151Z /usr/bin/tar: ../../../../../usr/local/lib/android/sdk/platforms/android-35/data/res/values-mcc310-mnc950-pt: Cannot utime: Operation not permitted
build	Cache Android SDK	2026-06-06T12:22:45.8831897Z /usr/bin/tar: ../../../../../usr/local/lib/android/sdk/platforms/android-35/data/res/values-mcc310-mnc950-pt: Cannot change mode to rwxr-xr-x: Operation not permitted
build	Cache Android SDK	2026-06-06T12:22:45.8833495Z /usr/bin/tar: ../../../../../usr/local/lib/android/sdk/platforms/android-35/data/res/values-mcc310-mnc560-pa: Cannot utime: Operation not permitted
build	Cache Android SDK	2026-06-06T12:22:45.8835241Z /usr/bin/tar: ../../../../../usr/local/lib/android/sdk/platforms/android-35/data/res/values-mcc310-mnc560-pa: Cannot change mode to rwxr-xr-x: Operation not permitted
build	Cache Android SDK	2026-06-06T12:22:45.8836866Z /usr/bin/tar: ../../../../../usr/local/lib/android/sdk/platforms/android-35/data/res/values-mcc310-mnc220-es-rUS: Cannot utime: Operation not permitted
build	Cache Android SDK	2026-06-06T12:22:45.8838865Z /usr/bin/tar: ../../../../../usr/local/lib/android/sdk/platforms/android-35/data/res/values-mcc310-mnc220-es-rUS: Cannot change mode to rwxr-xr-x: Operation not permitted
build	Cache Android SDK	2026-06-06T12:22:45.8840762Z /usr/bin/tar: ../../../../../usr/local/lib/android/sdk/platforms/android-35/data/res/values-mcc310-mnc660-bg: Cannot utime: Operation not permitted
build	Cache Android SDK	2026-06-06T12:22:45.8842571Z /usr/bin/tar: ../../../../../usr/local/lib/android/sdk/platforms/android-35/data/res/values-mcc310-mnc660-bg: Cannot change mode to rwxr-xr-x: Operation not permitted
build	Cache Android SDK	2026-06-06T12:22:45.8844212Z /usr/bin/tar: ../../../../../usr/local/lib/android/sdk/platforms/android-35/data/res/values-mcc310-mnc380-fa: Cannot utime: Operation not permitted
build	Cache Android SDK	2026-06-06T12:22:45.8845967Z /usr/bin/tar: ../../../../../usr/local/lib/android/sdk/platforms/android-35/data/res/values-mcc310-mnc380-fa: Cannot change mode to rwxr-xr-x: Operation not permitted
build	Cache Android SDK	2026-06-06T12:22:45.8847723Z /usr/bin/tar: ../../../../../usr/local/lib/android/sdk/platforms/android-35/data/res/values-mcc001-mnc01-km: Cannot utime: Operation not permitted
build	Cache Android SDK	2026-06-06T12:22:45.8849691Z /usr/bin/tar: ../../../../../usr/local/lib/android/sdk/platforms/android-35/data/res/values-mcc001-mnc01-km: Cannot change mode to rwxr-xr-x: Operation not permitted
build	Cache Android SDK	2026-06-06T12:22:45.8851402Z /usr/bin/tar: ../../../../../usr/local/lib/android/sdk/platforms/android-35/data/res/values-mcc310-mnc030-el: Cannot utime: Operation not permitted
build	Cache Android SDK	2026-06-06T12:22:45.8853212Z /usr/bin/tar: ../../../../../usr/local/lib/android/sdk/platforms/android-35/data/res/values-mcc310-mnc030-el: Cannot change mode to rwxr-xr-x: Operation not permitted
build	Cache Android SDK	2026-06-06T12:22:45.8854926Z /usr/bin/tar: ../../../../../usr/local/lib/android/sdk/platforms/android-35/data/res/values-mcc310-mnc660-ky: Cannot utime: Operation not permitted
build	Cache Android SDK	2026-06-06T12:22:45.8856654Z /usr/bin/tar: ../../../../../usr/local/lib/android/sdk/platforms/android-35/data/res/values-mcc310-mnc660-ky: Cannot change mode to rwxr-xr-x: Operation not permitted
build	Cache Android SDK	2026-06-06T12:22:45.8858385Z /usr/bin/tar: ../../../../../usr/local/lib/android/sdk/platforms/android-35/data/res/values-mcc310-mnc210-uz: Cannot utime: Operation not permitted
build	Cache Android SDK	2026-06-06T12:22:45.8860010Z /usr/bin/tar: ../../../../../usr/local/lib/android/sdk/platforms/android-35/data/res/values-mcc310-mnc210-uz: Cannot change mode to rwxr-xr-x: Operation not permitted
build	Cache Android SDK	2026-06-06T12:22:45.8861774Z /usr/bin/tar: ../../../../../usr/local/lib/android/sdk/platforms/android-35/data/res/values-mcc310-mnc310-ur: Cannot utime: Operation not permitted
build	Cache Android SDK	2026-06-06T12:22:45.8863478Z /usr/bin/tar: ../../../../../usr/local/lib/android/sdk/platforms/android-35/data/res/values-mcc310-mnc310-ur: Cannot change mode to rwxr-xr-x: Operation not permitted
build	Cache Android SDK	2026-06-06T12:22:45.8865216Z /usr/bin/tar: ../../../../../usr/local/lib/android/sdk/platforms/android-35/data/res/values-mcc310-mnc270-kn: Cannot utime: Operation not permitted
build	Cache Android SDK	2026-06-06T12:22:45.8866919Z /usr/bin/tar: ../../../../../usr/local/lib/android/sdk/platforms/android-35/data/res/values-mcc310-mnc270-kn: Cannot change mode to rwxr-xr-x: Operation not permitted
build	Cache Android SDK	2026-06-06T12:22:45.8868983Z /usr/bin/tar: ../../../../../usr/local/lib/android/sdk/platforms/android-35/data/res/values-mcc302-mnc370-or: Cannot utime: Operation not permitted
build	Cache Android SDK	2026-06-06T12:22:45.8870599Z /usr/bin/tar: ../../../../../usr/local/lib/android/sdk/platforms/android-35/data/res/values-mcc302-mnc370-or: Cannot change mode to rwxr-xr-x: Operation not permitted
build	Cache Android SDK	2026-06-06T12:22:45.8872473Z /usr/bin/tar: ../../../../../usr/local/lib/android/sdk/platforms/android-35/data/res/values-mcc310-mnc150-hr: Cannot utime: Operation not permitted
build	Cache Android SDK	2026-06-06T12:22:45.8874119Z /usr/bin/tar: ../../../../../usr/local/lib/android/sdk/platforms/android-35/data/res/values-mcc310-mnc150-hr: Cannot change mode to rwxr-xr-x: Operation not permitted
build	Cache Android SDK	2026-06-06T12:22:45.8880696Z /usr/bin/tar: ../../../../../usr/local/lib/android/sdk/platforms/android-35/data/res/values-te: Cannot utime: Operation not permitted
build	Cache Android SDK	2026-06-06T12:22:45.8881792Z /usr/bin/tar: ../../../../../usr/local/lib/android/sdk/platforms/android-35/data/res/values-te: Cannot change mode to rwxr-xr-x: Operation not permitted
build	Cache Android SDK	2026-06-06T12:22:45.8884714Z /usr/bin/tar: ../../../../../usr/local/lib/android/sdk/platforms/android-35/data/res/values-fr-masculine: Cannot utime: Operation not permitted
build	Cache Android SDK	2026-06-06T12:22:45.8886251Z /usr/bin/tar: ../../../../../usr/local/lib/android/sdk/platforms/android-35/data/res/values-fr-masculine: Cannot change mode to rwxr-xr-x: Operation not permitted
build	Cache Android SDK	2026-06-06T12:22:45.8888434Z /usr/bin/tar: ../../../../../usr/local/lib/android/sdk/platforms/android-35/data/res/values-mcc310-mnc490-es-rUS: Cannot utime: Operation not permitted
build	Cache Android SDK	2026-06-06T12:22:45.8889444Z /usr/bin/tar: ../../../../../usr/local/lib/android/sdk/platforms/android-35/data/res/values-mcc310-mnc490-es-rUS: Cannot change mode to rwxr-xr-x: Operation not permitted
build	Cache Android SDK	2026-06-06T12:22:45.8891360Z /usr/bin/tar: ../../../../../usr/local/lib/android/sdk/platforms/android-35/data/res/values-mcc310-mnc310-pt: Cannot utime: Operation not permitted
build	Cache Android SDK	2026-06-06T12:22:45.8892439Z /usr/bin/tar: ../../../../../usr/local/lib/android/sdk/platforms/android-35/data/res/values-mcc310-mnc310-pt: Cannot change mode to rwxr-xr-x: Operation not permitted
build	Cache Android SDK	2026-06-06T12:22:45.8895072Z /usr/bin/tar: ../../../../../usr/local/lib/android/sdk/platforms/android-35/data/res/values-mcc310-mnc200-bg: Cannot utime: Operation not permitted
build	Cache Android SDK	2026-06-06T12:22:45.8896193Z /usr/bin/tar: ../../../../../usr/local/lib/android/sdk/platforms/android-35/data/res/values-mcc310-mnc200-bg: Cannot change mode to rwxr-xr-x: Operation not permitted
build	Cache Android SDK	2026-06-06T12:22:45.8898783Z /usr/bin/tar: ../../../../../usr/local/lib/android/sdk/platforms/android-35/data/res/values-mcc312-mnc670-fr: Cannot utime: Operation not permitted
build	Cache Android SDK	2026-06-06T12:22:45.8899956Z /usr/bin/tar: ../../../../../usr/local/lib/android/sdk/platforms/android-35/data/res/values-mcc312-mnc670-fr: Cannot change mode to rwxr-xr-x: Operation not permitted
build	Cache Android SDK	2026-06-06T12:22:45.8902515Z /usr/bin/tar: ../../../../../usr/local/lib/android/sdk/platforms/android-35/data/res/values-mcc310-mnc560-th: Cannot utime: Operation not permitted
build	Cache Android SDK	2026-06-06T12:22:45.8903498Z /usr/bin/tar: ../../../../../usr/local/lib/android/sdk/platforms/android-35/data/res/values-mcc310-mnc560-th: Cannot change mode to rwxr-xr-x: Operation not permitted
build	Cache Android SDK	2026-06-06T12:22:45.8905927Z /usr/bin/tar: ../../../../../usr/local/lib/android/sdk/platforms/android-35/data/res/values-mcc312-mnc670-ta: Cannot utime: Operation not permitted
build	Cache Android SDK	2026-06-06T12:22:45.8906888Z /usr/bin/tar: ../../../../../usr/local/lib/android/sdk/platforms/android-35/data/res/values-mcc312-mnc670-ta: Cannot change mode to rwxr-xr-x: Operation not permitted
build	Cache Android SDK	2026-06-06T12:22:45.8909688Z /usr/bin/tar: ../../../../../usr/local/lib/android/sdk/platforms/android-35/data/res/values-mcc312-mnc670-tr: Cannot utime: Operation not permitted
build	Cache Android SDK	2026-06-06T12:22:45.8910778Z /usr/bin/tar: ../../../../../usr/local/lib/android/sdk/platforms/android-35/data/res/values-mcc312-mnc670-tr: Cannot change mode to rwxr-xr-x: Operation not permitted
build	Cache Android SDK	2026-06-06T12:22:45.8912914Z /usr/bin/tar: ../../../../../usr/local/lib/android/sdk/platforms/android-35/data/res/values-mcc310-mnc210-zh-rTW: Cannot utime: Operation not permitted
build	Cache Android SDK	2026-06-06T12:22:45.8913872Z /usr/bin/tar: ../../../../../usr/local/lib/android/sdk/platforms/android-35/data/res/values-mcc310-mnc210-zh-rTW: Cannot change mode to rwxr-xr-x: Operation not permitted
build	Cache Android SDK	2026-06-06T12:22:45.8916321Z /usr/bin/tar: ../../../../../usr/local/lib/android/sdk/platforms/android-35/data/res/raw-de: Cannot utime: Operation not permitted
build	Cache Android SDK	2026-06-06T12:22:45.8917149Z /usr/bin/tar: ../../../../../usr/local/lib/android/sdk/platforms/android-35/data/res/raw-de: Cannot change mode to rwxr-xr-x: Operation not permitted
build	Cache Android SDK	2026-06-06T12:22:45.8920464Z /usr/bin/tar: ../../../../../usr/local/lib/android/sdk/platforms/android-35/data/res/values-mcc312-mnc670-zh-rHK: Cannot utime: Operation not permitted
build	Cache Android SDK	2026-06-06T12:22:45.8921437Z /usr/bin/tar: ../../../../../usr/local/lib/android/sdk/platforms/android-35/data/res/values-mcc312-mnc670-zh-rHK: Cannot change mode to rwxr-xr-x: Operation not permitted
build	Cache Android SDK	2026-06-06T12:22:45.8923871Z /usr/bin/tar: ../../../../../usr/local/lib/android/sdk/platforms/android-35/data/res/values-mcc302-mnc370-ro: Cannot utime: Operation not permitted
build	Cache Android SDK	2026-06-06T12:22:45.8924802Z /usr/bin/tar: ../../../../../usr/local/lib/android/sdk/platforms/android-35/data/res/values-mcc302-mnc370-ro: Cannot change mode to rwxr-xr-x: Operation not permitted
build	Cache Android SDK	2026-06-06T12:22:45.8927203Z /usr/bin/tar: ../../../../../usr/local/lib/android/sdk/platforms/android-35/data/res/values-mcc310-mnc240-mn: Cannot utime: Operation not permitted
build	Cache Android SDK	2026-06-06T12:22:45.8928353Z /usr/bin/tar: ../../../../../usr/local/lib/android/sdk/platforms/android-35/data/res/values-mcc310-mnc240-mn: Cannot change mode to rwxr-xr-x: Operation not permitted
build	Cache Android SDK	2026-06-06T12:22:45.8930568Z /usr/bin/tar: ../../../../../usr/local/lib/android/sdk/platforms/android-35/data/res/values-mcc310-mnc240-bn: Cannot utime: Operation not permitted
build	Cache Android SDK	2026-06-06T12:22:45.8931596Z /usr/bin/tar: ../../../../../usr/local/lib/android/sdk/platforms/android-35/data/res/values-mcc310-mnc240-bn: Cannot change mode to rwxr-xr-x: Operation not permitted
build	Cache Android SDK	2026-06-06T12:22:45.8934163Z /usr/bin/tar: ../../../../../usr/local/lib/android/sdk/platforms/android-35/data/res/values-mcc310-mnc560-be: Cannot utime: Operation not permitted
build	Cache Android SDK	2026-06-06T12:22:45.8935152Z /usr/bin/tar: ../../../../../usr/local/lib/android/sdk/platforms/android-35/data/res/values-mcc310-mnc560-be: Cannot change mode to rwxr-xr-x: Operation not permitted
build	Cache Android SDK	2026-06-06T12:22:45.8937570Z /usr/bin/tar: ../../../../../usr/local/lib/android/sdk/platforms/android-35/data/res/values-mcc313-mnc100-th: Cannot utime: Operation not permitted
build	Cache Android SDK	2026-06-06T12:22:45.8938566Z /usr/bin/tar: ../../../../../usr/local/lib/android/sdk/platforms/android-35/data/res/values-mcc313-mnc100-th: Cannot change mode to rwxr-xr-x: Operation not permitted
build	Cache Android SDK	2026-06-06T12:22:45.8941082Z /usr/bin/tar: ../../../../../usr/local/lib/android/sdk/platforms/android-35/data/res/values-mcc310-mnc220-el: Cannot utime: Operation not permitted
build	Cache Android SDK	2026-06-06T12:22:45.8942055Z /usr/bin/tar: ../../../../../usr/local/lib/android/sdk/platforms/android-35/data/res/values-mcc310-mnc220-el: Cannot change mode to rwxr-xr-x: Operation not permitted
build	Cache Android SDK	2026-06-06T12:22:45.8944042Z /usr/bin/tar: ../../../../../usr/local/lib/android/sdk/platforms/android-35/data/res/values-mcc311-mnc180-si: Cannot utime: Operation not permitted
build	Cache Android SDK	2026-06-06T12:22:45.8944961Z /usr/bin/tar: ../../../../../usr/local/lib/android/sdk/platforms/android-35/data/res/values-mcc311-mnc180-si: Cannot change mode to rwxr-xr-x: Operation not permitted
build	Cache Android SDK	2026-06-06T12:22:45.8947875Z /usr/bin/tar: ../../../../../usr/local/lib/android/sdk/platforms/android-35/data/res/values-mcc310-mnc250-uk: Cannot utime: Operation not permitted
build	Cache Android SDK	2026-06-06T12:22:45.8948797Z /usr/bin/tar: ../../../../../usr/local/lib/android/sdk/platforms/android-35/data/res/values-mcc310-mnc250-uk: Cannot change mode to rwxr-xr-x: Operation not permitted
build	Cache Android SDK	2026-06-06T12:22:45.8951227Z /usr/bin/tar: ../../../../../usr/local/lib/android/sdk/platforms/android-35/data/res/values-mcc313-mnc100-en-rCA: Cannot utime: Operation not permitted
build	Cache Android SDK	2026-06-06T12:22:45.8952191Z /usr/bin/tar: ../../../../../usr/local/lib/android/sdk/platforms/android-35/data/res/values-mcc313-mnc100-en-rCA: Cannot change mode to rwxr-xr-x: Operation not permitted
build	Cache Android SDK	2026-06-06T12:22:45.8954609Z /usr/bin/tar: ../../../../../usr/local/lib/android/sdk/platforms/android-35/data/res/raw-ar: Cannot utime: Operation not permitted
build	Cache Android SDK	2026-06-06T12:22:45.8955431Z /usr/bin/tar: ../../../../../usr/local/lib/android/sdk/platforms/android-35/data/res/raw-ar: Cannot change mode to rwxr-xr-x: Operation not permitted
build	Cache Android SDK	2026-06-06T12:22:45.8958065Z /usr/bin/tar: ../../../../../usr/local/lib/android/sdk/platforms/android-35/data/res/values-mcc310-mnc660-ro: Cannot utime: Operation not permitted
build	Cache Android SDK	2026-06-06T12:22:45.8959005Z /usr/bin/tar: ../../../../../usr/local/lib/android/sdk/platforms/android-35/data/res/values-mcc310-mnc660-ro: Cannot change mode to rwxr-xr-x: Operation not permitted
build	Cache Android SDK	2026-06-06T12:22:45.8961517Z /usr/bin/tar: ../../../../../usr/local/lib/android/sdk/platforms/android-35/data/res/values-mcc312-mnc670-az: Cannot utime: Operation not permitted
build	Cache Android SDK	2026-06-06T12:22:45.8962432Z /usr/bin/tar: ../../../../../usr/local/lib/android/sdk/platforms/android-35/data/res/values-mcc312-mnc670-az: Cannot change mode to rwxr-xr-x: Operation not permitted
build	Cache Android SDK	2026-06-06T12:22:45.8964839Z /usr/bin/tar: ../../../../../usr/local/lib/android/sdk/platforms/android-35/data/res/values-mcc310-mnc250-in: Cannot utime: Operation not permitted
build	Cache Android SDK	2026-06-06T12:22:45.8965759Z /usr/bin/tar: ../../../../../usr/local/lib/android/sdk/platforms/android-35/data/res/values-mcc310-mnc250-in: Cannot change mode to rwxr-xr-x: Operation not permitted
build	Cache Android SDK	2026-06-06T12:22:45.8968227Z /usr/bin/tar: ../../../../../usr/local/lib/android/sdk/platforms/android-35/data/res/values-mcc313-mnc100-iw: Cannot utime: Operation not permitted
build	Cache Android SDK	2026-06-06T12:22:45.8969272Z /usr/bin/tar: ../../../../../usr/local/lib/android/sdk/platforms/android-35/data/res/values-mcc313-mnc100-iw: Cannot change mode to rwxr-xr-x: Operation not permitted
build	Cache Android SDK	2026-06-06T12:22:45.8971699Z /usr/bin/tar: ../../../../../usr/local/lib/android/sdk/platforms/android-35/data/res/values-w170dp-notround-watch: Cannot utime: Operation not permitted
build	Cache Android SDK	2026-06-06T12:22:45.8972686Z /usr/bin/tar: ../../../../../usr/local/lib/android/sdk/platforms/android-35/data/res/values-w170dp-notround-watch: Cannot change mode to rwxr-xr-x: Operation not permitted
build	Cache Android SDK	2026-06-06T12:22:45.8979366Z /usr/bin/tar: ../../../../../usr/local/lib/android/sdk/platforms/android-35/data/res/values-pa: Cannot utime: Operation not permitted
build	Cache Android SDK	2026-06-06T12:22:45.8980225Z /usr/bin/tar: ../../../../../usr/local/lib/android/sdk/platforms/android-35/data/res/values-pa: Cannot change mode to rwxr-xr-x: Operation not permitted
build	Cache Android SDK	2026-06-06T12:22:45.8983475Z /usr/bin/tar: ../../../../../usr/local/lib/android/sdk/platforms/android-35/data/res/values-mcc310-mnc240-sl: Cannot utime: Operation not permitted
build	Cache Android SDK	2026-06-06T12:22:45.8984488Z /usr/bin/tar: ../../../../../usr/local/lib/android/sdk/platforms/android-35/data/res/values-mcc310-mnc240-sl: Cannot change mode to rwxr-xr-x: Operation not permitted
build	Cache Android SDK	2026-06-06T12:22:45.8986844Z /usr/bin/tar: ../../../../../usr/local/lib/android/sdk/platforms/android-35/data/res/values-mcc310-mnc490-ky: Cannot utime: Operation not permitted
build	Cache Android SDK	2026-06-06T12:22:45.8988330Z /usr/bin/tar: ../../../../../usr/local/lib/android/sdk/platforms/android-35/data/res/values-mcc310-mnc490-ky: Cannot change mode to rwxr-xr-x: Operation not permitted
build	Cache Android SDK	2026-06-06T12:22:45.8990663Z /usr/bin/tar: ../../../../../usr/local/lib/android/sdk/platforms/android-35/data/res/values-mcc310-mnc170-pt-rPT: Cannot utime: Operation not permitted
build	Cache Android SDK	2026-06-06T12:22:45.8992664Z /usr/bin/tar: ../../../../../usr/local/lib/android/sdk/platforms/android-35/data/res/values-mcc310-mnc170-pt-rPT: Cannot change mode to rwxr-xr-x: Operation not permitted
build	Cache Android SDK	2026-06-06T12:22:45.8993748Z /usr/bin/tar: ../../../../../usr/local/lib/android/sdk/platforms/android-35/data/res/values-mcc310-mnc560-bg: Cannot utime: Operation not permitted
build	Cache Android SDK	2026-06-06T12:22:45.8994961Z /usr/bin/tar: ../../../../../usr/local/lib/android/sdk/platforms/android-35/data/res/values-mcc310-mnc560-bg: Cannot change mode to rwxr-xr-x: Operation not permitted
build	Cache Android SDK	2026-06-06T12:22:45.8996818Z /usr/bin/tar: ../../../../../usr/local/lib/android/sdk/platforms/android-35/data/res/values-mcc310-mnc150-en-rCA: Cannot utime: Operation not permitted
build	Cache Android SDK	2026-06-06T12:22:45.8998218Z /usr/bin/tar: ../../../../../usr/local/lib/android/sdk/platforms/android-35/data/res/values-mcc310-mnc150-en-rCA: Cannot change mode to rwxr-xr-x: Operation not permitted
build	Cache Android SDK	2026-06-06T12:22:45.9000051Z /usr/bin/tar: ../../../../../usr/local/lib/android/sdk/platforms/android-35/data/res/values-mcc310-mnc800-es: Cannot utime: Operation not permitted
build	Cache Android SDK	2026-06-06T12:22:45.9001005Z /usr/bin/tar: ../../../../../usr/local/lib/android/sdk/platforms/android-35/data/res/values-mcc310-mnc800-es: Cannot change mode to rwxr-xr-x: Operation not permitted
build	Cache Android SDK	2026-06-06T12:22:45.9003123Z /usr/bin/tar: ../../../../../usr/local/lib/android/sdk/platforms/android-35/data/res/values-mcc001-mnc01-cs: Cannot utime: Operation not permitted
build	Cache Android SDK	2026-06-06T12:22:45.9004092Z /usr/bin/tar: ../../../../../usr/local/lib/android/sdk/platforms/android-35/data/res/values-mcc001-mnc01-cs: Cannot change mode to rwxr-xr-x: Operation not permitted
build	Cache Android SDK	2026-06-06T12:22:45.9006074Z /usr/bin/tar: ../../../../../usr/local/lib/android/sdk/platforms/android-35/data/res/values-mcc311-mnc180-tr: Cannot utime: Operation not permitted
build	Cache Android SDK	2026-06-06T12:22:45.9006998Z /usr/bin/tar: ../../../../../usr/local/lib/android/sdk/platforms/android-35/data/res/values-mcc311-mnc180-tr: Cannot change mode to rwxr-xr-x: Operation not permitted
build	Cache Android SDK	2026-06-06T12:22:45.9009808Z /usr/bin/tar: ../../../../../usr/local/lib/android/sdk/platforms/android-35/data/res/values-mcc310-mnc030-vi: Cannot utime: Operation not permitted
build	Cache Android SDK	2026-06-06T12:22:45.9010855Z /usr/bin/tar: ../../../../../usr/local/lib/android/sdk/platforms/android-35/data/res/values-mcc310-mnc030-vi: Cannot change mode to rwxr-xr-x: Operation not permitted
build	Cache Android SDK	2026-06-06T12:22:45.9014590Z /usr/bin/tar: ../../../../../usr/local/lib/android/sdk/platforms/android-35/data/res/values-mcc310-mnc280-sw: Cannot utime: Operation not permitted
build	Cache Android SDK	2026-06-06T12:22:45.9016218Z /usr/bin/tar: ../../../../../usr/local/lib/android/sdk/platforms/android-35/data/res/values-mcc310-mnc280-sw: Cannot change mode to rwxr-xr-x: Operation not permitted
build	Cache Android SDK	2026-06-06T12:22:45.9018617Z /usr/bin/tar: ../../../../../usr/local/lib/android/sdk/platforms/android-35/data/res/values-mcc302-mnc720-hr: Cannot utime: Operation not permitted
build	Cache Android SDK	2026-06-06T12:22:45.9019671Z /usr/bin/tar: ../../../../../usr/local/lib/android/sdk/platforms/android-35/data/res/values-mcc302-mnc720-hr: Cannot change mode to rwxr-xr-x: Operation not permitted
build	Cache Android SDK	2026-06-06T12:22:45.9022316Z /usr/bin/tar: ../../../../../usr/local/lib/android/sdk/platforms/android-35/data/res/values-mcc310-mnc170-fi: Cannot utime: Operation not permitted
build	Cache Android SDK	2026-06-06T12:22:45.9023307Z /usr/bin/tar: ../../../../../usr/local/lib/android/sdk/platforms/android-35/data/res/values-mcc310-mnc170-fi: Cannot change mode to rwxr-xr-x: Operation not permitted
build	Cache Android SDK	2026-06-06T12:22:45.9025970Z /usr/bin/tar: ../../../../../usr/local/lib/android/sdk/platforms/android-35/data/res/values-mcc312-mnc670-es-rUS: Cannot utime: Operation not permitted
build	Cache Android SDK	2026-06-06T12:22:45.9027010Z /usr/bin/tar: ../../../../../usr/local/lib/android/sdk/platforms/android-35/data/res/values-mcc312-mnc670-es-rUS: Cannot change mode to rwxr-xr-x: Operation not permitted
build	Cache Android SDK	2026-06-06T12:22:45.9029525Z /usr/bin/tar: ../../../../../usr/local/lib/android/sdk/platforms/android-35/data/res/values-w198dp: Cannot utime: Operation not permitted
build	Cache Android SDK	2026-06-06T12:22:45.9030513Z /usr/bin/tar: ../../../../../usr/local/lib/android/sdk/platforms/android-35/data/res/values-w198dp: Cannot change mode to rwxr-xr-x: Operation not permitted
build	Cache Android SDK	2026-06-06T12:22:45.9033298Z /usr/bin/tar: ../../../../../usr/local/lib/android/sdk/platforms/android-35/data/res/values-mcc310-mnc280-ne: Cannot utime: Operation not permitted
build	Cache Android SDK	2026-06-06T12:22:45.9034246Z /usr/bin/tar: ../../../../../usr/local/lib/android/sdk/platforms/android-35/data/res/values-mcc310-mnc280-ne: Cannot change mode to rwxr-xr-x: Operation not permitted
build	Cache Android SDK	2026-06-06T12:22:45.9036696Z /usr/bin/tar: ../../../../../usr/local/lib/android/sdk/platforms/android-35/data/res/values-bs-watch: Cannot utime: Operation not permitted
build	Cache Android SDK	2026-06-06T12:22:45.9037775Z /usr/bin/tar: ../../../../../usr/local/lib/android/sdk/platforms/android-35/data/res/values-bs-watch: Cannot change mode to rwxr-xr-x: Operation not permitted
build	Cache Android SDK	2026-06-06T12:22:45.9040073Z /usr/bin/tar: ../../../../../usr/local/lib/android/sdk/platforms/android-35/data/res/values-mcc310-mnc160-ca: Cannot utime: Operation not permitted
build	Cache Android SDK	2026-06-06T12:22:45.9041033Z /usr/bin/tar: ../../../../../usr/local/lib/android/sdk/platforms/android-35/data/res/values-mcc310-mnc160-ca: Cannot change mode to rwxr-xr-x: Operation not permitted
build	Cache Android SDK	2026-06-06T12:22:45.9043473Z /usr/bin/tar: ../../../../../usr/local/lib/android/sdk/platforms/android-35/data/res/values-mcc310-mnc150-hu: Cannot utime: Operation not permitted
build	Cache Android SDK	2026-06-06T12:22:45.9044852Z /usr/bin/tar: ../../../../../usr/local/lib/android/sdk/platforms/android-35/data/res/values-mcc310-mnc150-hu: Cannot change mode to rwxr-xr-x: Operation not permitted
build	Cache Android SDK	2026-06-06T12:22:45.9049798Z /usr/bin/tar: ../../../../../usr/local/lib/android/sdk/platforms/android-35/data/res/transition: Cannot utime: Operation not permitted
build	Cache Android SDK	2026-06-06T12:22:45.9050750Z /usr/bin/tar: ../../../../../usr/local/lib/android/sdk/platforms/android-35/data/res/transition: Cannot change mode to rwxr-xr-x: Operation not permitted
build	Cache Android SDK	2026-06-06T12:22:45.9053283Z /usr/bin/tar: ../../../../../usr/local/lib/android/sdk/platforms/android-35/data/res/values-mcc310-mnc230-ko: Cannot utime: Operation not permitted
build	Cache Android SDK	2026-06-06T12:22:45.9054298Z /usr/bin/tar: ../../../../../usr/local/lib/android/sdk/platforms/android-35/data/res/values-mcc310-mnc230-ko: Cannot change mode to rwxr-xr-x: Operation not permitted
build	Cache Android SDK	2026-06-06T12:22:45.9056811Z /usr/bin/tar: ../../../../../usr/local/lib/android/sdk/platforms/android-35/data/res/values-mcc310-mnc270-am: Cannot utime: Operation not permitted
build	Cache Android SDK	2026-06-06T12:22:45.9057902Z /usr/bin/tar: ../../../../../usr/local/lib/android/sdk/platforms/android-35/data/res/values-mcc310-mnc270-am: Cannot change mode to rwxr-xr-x: Operation not permitted
build	Cache Android SDK	2026-06-06T12:22:45.9060159Z /usr/bin/tar: ../../../../../usr/local/lib/android/sdk/platforms/android-35/data/res/values-mcc312-mnc670-uk: Cannot utime: Operation not permitted
build	Cache Android SDK	2026-06-06T12:22:45.9061078Z /usr/bin/tar: ../../../../../usr/local/lib/android/sdk/platforms/android-35/data/res/values-mcc312-mnc670-uk: Cannot change mode to rwxr-xr-x: Operation not permitted
build	Cache Android SDK	2026-06-06T12:22:45.9064056Z /usr/bin/tar: ../../../../../usr/local/lib/android/sdk/platforms/android-35/data/res/values-mcc310-mnc210-zh-rCN: Cannot utime: Operation not permitted
build	Cache Android SDK	2026-06-06T12:22:45.9065130Z /usr/bin/tar: ../../../../../usr/local/lib/android/sdk/platforms/android-35/data/res/values-mcc310-mnc210-zh-rCN: Cannot change mode to rwxr-xr-x: Operation not permitted
build	Cache Android SDK	2026-06-06T12:22:45.9067277Z /usr/bin/tar: ../../../../../usr/local/lib/android/sdk/platforms/android-35/data/res/values-mcc302-mnc660: Cannot utime: Operation not permitted
build	Cache Android SDK	2026-06-06T12:22:45.9068434Z /usr/bin/tar: ../../../../../usr/local/lib/android/sdk/platforms/android-35/data/res/values-mcc302-mnc660: Cannot change mode to rwxr-xr-x: Operation not permitted
build	Cache Android SDK	2026-06-06T12:22:45.9071129Z /usr/bin/tar: ../../../../../usr/local/lib/android/sdk/platforms/android-35/data/res/values-mcc310-mnc950-gl: Cannot utime: Operation not permitted
build	Cache Android SDK	2026-06-06T12:22:45.9072059Z /usr/bin/tar: ../../../../../usr/local/lib/android/sdk/platforms/android-35/data/res/values-mcc310-mnc950-gl: Cannot change mode to rwxr-xr-x: Operation not permitted
build	Cache Android SDK	2026-06-06T12:22:45.9075615Z /usr/bin/tar: ../../../../../usr/local/lib/android/sdk/platforms/android-35/data/res/values-mcc302-mnc720-is: Cannot utime: Operation not permitted
build	Cache Android SDK	2026-06-06T12:22:45.9076788Z /usr/bin/tar: ../../../../../usr/local/lib/android/sdk/platforms/android-35/data/res/values-mcc302-mnc720-is: Cannot change mode to rwxr-xr-x: Operation not permitted
build	Cache Android SDK	2026-06-06T12:22:45.9079202Z /usr/bin/tar: ../../../../../usr/local/lib/android/sdk/platforms/android-35/data/res/values-mcc310-mnc240-ms: Cannot utime: Operation not permitted
build	Cache Android SDK	2026-06-06T12:22:45.9080187Z /usr/bin/tar: ../../../../../usr/local/lib/android/sdk/platforms/android-35/data/res/values-mcc310-mnc240-ms: Cannot change mode to rwxr-xr-x: Operation not permitted
build	Cache Android SDK	2026-06-06T12:22:45.9087854Z /usr/bin/tar: ../../../../../usr/local/lib/android/sdk/platforms/android-35/data/res/values-sk: Cannot utime: Operation not permitted
build	Cache Android SDK	2026-06-06T12:22:45.9088973Z /usr/bin/tar: ../../../../../usr/local/lib/android/sdk/platforms/android-35/data/res/values-sk: Cannot change mode to rwxr-xr-x: Operation not permitted
build	Cache Android SDK	2026-06-06T12:22:45.9090900Z /usr/bin/tar: ../../../../../usr/local/lib/android/sdk/platforms/android-35/data/res/values-mcc310-mnc160-eu: Cannot utime: Operation not permitted
build	Cache Android SDK	2026-06-06T12:22:45.9092136Z /usr/bin/tar: ../../../../../usr/local/lib/android/sdk/platforms/android-35/data/res/values-mcc310-mnc160-eu: Cannot change mode to rwxr-xr-x: Operation not permitted
build	Cache Android SDK	2026-06-06T12:22:45.9094011Z /usr/bin/tar: ../../../../../usr/local/lib/android/sdk/platforms/android-35/data/res/values-mcc310-mnc660-es-rUS: Cannot utime: Operation not permitted
build	Cache Android SDK	2026-06-06T12:22:45.9095033Z /usr/bin/tar: ../../../../../usr/local/lib/android/sdk/platforms/android-35/data/res/values-mcc310-mnc660-es-rUS: Cannot change mode to rwxr-xr-x: Operation not permitted
build	Cache Android SDK	2026-06-06T12:22:45.9098083Z /usr/bin/tar: ../../../../../usr/local/lib/android/sdk/platforms/android-35/data/res/values-mcc310-mnc210-az: Cannot utime: Operation not permitted
build	Cache Android SDK	2026-06-06T12:22:45.9099117Z /usr/bin/tar: ../../../../../usr/local/lib/android/sdk/platforms/android-35/data/res/values-mcc310-mnc210-az: Cannot change mode to rwxr-xr-x: Operation not permitted
build	Cache Android SDK	2026-06-06T12:22:45.9101823Z /usr/bin/tar: ../../../../../usr/local/lib/android/sdk/platforms/android-35/data/res/values-mcc312-mnc670-el: Cannot utime: Operation not permitted
build	Cache Android SDK	2026-06-06T12:22:45.9102743Z /usr/bin/tar: ../../../../../usr/local/lib/android/sdk/platforms/android-35/data/res/values-mcc312-mnc670-el: Cannot change mode to rwxr-xr-x: Operation not permitted
build	Cache Android SDK	2026-06-06T12:22:45.9105160Z /usr/bin/tar: ../../../../../usr/local/lib/android/sdk/platforms/android-35/data/res/values-mcc310-mnc310-en-rIN: Cannot utime: Operation not permitted
build	Cache Android SDK	2026-06-06T12:22:45.9106107Z /usr/bin/tar: ../../../../../usr/local/lib/android/sdk/platforms/android-35/data/res/values-mcc310-mnc310-en-rIN: Cannot change mode to rwxr-xr-x: Operation not permitted
build	Cache Android SDK	2026-06-06T12:22:45.9108872Z /usr/bin/tar: ../../../../../usr/local/lib/android/sdk/platforms/android-35/data/res/values-mcc310-mnc380-am: Cannot utime: Operation not permitted
build	Cache Android SDK	2026-06-06T12:22:45.9109823Z /usr/bin/tar: ../../../../../usr/local/lib/android/sdk/platforms/android-35/data/res/values-mcc310-mnc380-am: Cannot change mode to rwxr-xr-x: Operation not permitted
build	Cache Android SDK	2026-06-06T12:22:45.9124556Z /usr/bin/tar: ../../../../../usr/local/lib/android/sdk/platforms/android-35/data/res/values-mcc310-mnc280-fr-rCA: Cannot utime: Operation not permitted
build	Cache Android SDK	2026-06-06T12:22:45.9126061Z /usr/bin/tar: ../../../../../usr/local/lib/android/sdk/platforms/android-35/data/res/values-mcc310-mnc280-fr-rCA: Cannot change mode to rwxr-xr-x: Operation not permitted
build	Cache Android SDK	2026-06-06T12:22:45.9127779Z /usr/bin/tar: ../../../../../usr/local/lib/android/sdk/platforms/android-35/data/res/values-mcc311-mnc180-es-rUS: Cannot utime: Operation not permitted
build	Cache Android SDK	2026-06-06T12:22:45.9129029Z /usr/bin/tar: ../../../../../usr/local/lib/android/sdk/platforms/android-35/data/res/values-mcc311-mnc180-es-rUS: Cannot change mode to rwxr-xr-x: Operation not permitted
build	Cache Android SDK	2026-06-06T12:22:45.9130383Z /usr/bin/tar: ../../../../../usr/local/lib/android/sdk/platforms/android-35/data/res/raw-rm: Cannot utime: Operation not permitted
build	Cache Android SDK	2026-06-06T12:22:45.9131565Z /usr/bin/tar: ../../../../../usr/local/lib/android/sdk/platforms/android-35/data/res/raw-rm: Cannot change mode to rwxr-xr-x: Operation not permitted
build	Cache Android SDK	2026-06-06T12:22:45.9132428Z /usr/bin/tar: ../../../../../usr/local/lib/android/sdk/platforms/android-35/data/res/values-mcc310-mnc310-bs: Cannot utime: Operation not permitted
build	Cache Android SDK	2026-06-06T12:22:45.9132873Z /usr/bin/tar: ../../../../../usr/local/lib/android/sdk/platforms/android-35/data/res/values-mcc310-mnc310-bs: Cannot change mode to rwxr-xr-x: Operation not permitted
build	Cache Android SDK	2026-06-06T12:22:45.9133245Z /usr/bin/tar: ../../../../../usr/local/lib/android/sdk/platforms/android-35/data/res/values-lt-watch: Cannot utime: Operation not permitted
build	Cache Android SDK	2026-06-06T12:22:45.9133666Z /usr/bin/tar: ../../../../../usr/local/lib/android/sdk/platforms/android-35/data/res/values-lt-watch: Cannot change mode to rwxr-xr-x: Operation not permitted
build	Cache Android SDK	2026-06-06T12:22:45.9134496Z /usr/bin/tar: ../../../../../usr/local/lib/android/sdk/platforms/android-35/data/res/values-mcc302-mnc720-de: Cannot utime: Operation not permitted
build	Cache Android SDK	2026-06-06T12:22:45.9135214Z /usr/bin/tar: ../../../../../usr/local/lib/android/sdk/platforms/android-35/data/res/values-mcc302-mnc720-de: Cannot change mode to rwxr-xr-x: Operation not permitted
build	Cache Android SDK	2026-06-06T12:22:45.9136112Z /usr/bin/tar: ../../../../../usr/local/lib/android/sdk/platforms/android-35/data/res/values-mcc310-mnc660-vi: Cannot utime: Operation not permitted
build	Cache Android SDK	2026-06-06T12:22:45.9136635Z /usr/bin/tar: ../../../../../usr/local/lib/android/sdk/platforms/android-35/data/res/values-mcc310-mnc660-vi: Cannot change mode to rwxr-xr-x: Operation not permitted
build	Cache Android SDK	2026-06-06T12:22:45.9148499Z /usr/bin/tar: ../../../../../usr/local/lib/android/sdk/platforms/android-35/data/res/values-mcc310-mnc950-lt: Cannot utime: Operation not permitted
build	Cache Android SDK	2026-06-06T12:22:45.9149127Z /usr/bin/tar: ../../../../../usr/local/lib/android/sdk/platforms/android-35/data/res/values-mcc310-mnc950-lt: Cannot change mode to rwxr-xr-x: Operation not permitted
build	Cache Android SDK	2026-06-06T12:22:45.9149570Z /usr/bin/tar: ../../../../../usr/local/lib/android/sdk/platforms/android-35/data/res/values-mcc310-mnc280-sr: Cannot utime: Operation not permitted
build	Cache Android SDK	2026-06-06T12:22:45.9150385Z /usr/bin/tar: ../../../../../usr/local/lib/android/sdk/platforms/android-35/data/res/values-mcc310-mnc280-sr: Cannot change mode to rwxr-xr-x: Operation not permitted
build	Cache Android SDK	2026-06-06T12:22:45.9151057Z /usr/bin/tar: ../../../../../usr/local/lib/android/sdk/platforms/android-35/data/res/mipmap-xxxhdpi: Cannot utime: Operation not permitted
build	Cache Android SDK	2026-06-06T12:22:45.9151840Z /usr/bin/tar: ../../../../../usr/local/lib/android/sdk/platforms/android-35/data/res/mipmap-xxxhdpi: Cannot change mode to rwxr-xr-x: Operation not permitted
build	Cache Android SDK	2026-06-06T12:22:45.9152254Z /usr/bin/tar: ../../../../../usr/local/lib/android/sdk/platforms/android-35/data/res/values-notround-watch: Cannot utime: Operation not permitted
build	Cache Android SDK	2026-06-06T12:22:45.9152711Z /usr/bin/tar: ../../../../../usr/local/lib/android/sdk/platforms/android-35/data/res/values-notround-watch: Cannot change mode to rwxr-xr-x: Operation not permitted
build	Cache Android SDK	2026-06-06T12:22:45.9170638Z /usr/bin/tar: ../../../../../usr/local/lib/android/sdk/platforms/android-35/data/res/values-mcc310-mnc660-bn: Cannot utime: Operation not permitted
build	Cache Android SDK	2026-06-06T12:22:45.9171573Z /usr/bin/tar: ../../../../../usr/local/lib/android/sdk/platforms/android-35/data/res/values-mcc310-mnc660-bn: Cannot change mode to rwxr-xr-x: Operation not permitted
build	Cache Android SDK	2026-06-06T12:22:45.9172015Z /usr/bin/tar: ../../../../../usr/local/lib/android/sdk/platforms/android-35/data/res/values-mcc313-mnc100-as: Cannot utime: Operation not permitted
build	Cache Android SDK	2026-06-06T12:22:45.9172457Z /usr/bin/tar: ../../../../../usr/local/lib/android/sdk/platforms/android-35/data/res/values-mcc313-mnc100-as: Cannot change mode to rwxr-xr-x: Operation not permitted
build	Cache Android SDK	2026-06-06T12:22:45.9172880Z /usr/bin/tar: ../../../../../usr/local/lib/android/sdk/platforms/android-35/data/res/values-mcc310-mnc170-pt-rBR: Cannot utime: Operation not permitted
build	Cache Android SDK	2026-06-06T12:22:45.9173449Z /usr/bin/tar: ../../../../../usr/local/lib/android/sdk/platforms/android-35/data/res/values-mcc310-mnc170-pt-rBR: Cannot change mode to rwxr-xr-x: Operation not permitted
build	Cache Android SDK	2026-06-06T12:22:45.9173880Z /usr/bin/tar: ../../../../../usr/local/lib/android/sdk/platforms/android-35/data/res/values-mcc310-mnc200-nb: Cannot utime: Operation not permitted
build	Cache Android SDK	2026-06-06T12:22:45.9174687Z /usr/bin/tar: ../../../../../usr/local/lib/android/sdk/platforms/android-35/data/res/values-mcc310-mnc200-nb: Cannot change mode to rwxr-xr-x: Operation not permitted
build	Cache Android SDK	2026-06-06T12:22:45.9175422Z /usr/bin/tar: ../../../../../usr/local/lib/android/sdk/platforms/android-35/data/res/values-mcc313-mnc100-nl: Cannot utime: Operation not permitted
build	Cache Android SDK	2026-06-06T12:22:45.9175957Z /usr/bin/tar: ../../../../../usr/local/lib/android/sdk/platforms/android-35/data/res/values-mcc313-mnc100-nl: Cannot change mode to rwxr-xr-x: Operation not permitted
build	Cache Android SDK	2026-06-06T12:22:45.9176357Z /usr/bin/tar: ../../../../../usr/local/lib/android/sdk/platforms/android-35/data/res/values-mcc310-mnc380-ka: Cannot utime: Operation not permitted
build	Cache Android SDK	2026-06-06T12:22:45.9176906Z /usr/bin/tar: ../../../../../usr/local/lib/android/sdk/platforms/android-35/data/res/values-mcc310-mnc380-ka: Cannot change mode to rwxr-xr-x: Operation not permitted
build	Cache Android SDK	2026-06-06T12:22:45.9188596Z /usr/bin/tar: ../../../../../usr/local/lib/android/sdk/platforms/android-35/data/res/values-mcc310-mnc240-nl: Cannot utime: Operation not permitted
build	Cache Android SDK	2026-06-06T12:22:45.9189473Z /usr/bin/tar: ../../../../../usr/local/lib/android/sdk/platforms/android-35/data/res/values-mcc310-mnc240-nl: Cannot change mode to rwxr-xr-x: Operation not permitted
build	Cache Android SDK	2026-06-06T12:22:45.9190221Z /usr/bin/tar: ../../../../../usr/local/lib/android/sdk/platforms/android-35/data/res/values-mcc001-mnc01-uk: Cannot utime: Operation not permitted
build	Cache Android SDK	2026-06-06T12:22:45.9190806Z /usr/bin/tar: ../../../../../usr/local/lib/android/sdk/platforms/android-35/data/res/values-mcc001-mnc01-uk: Cannot change mode to rwxr-xr-x: Operation not permitted
build	Cache Android SDK	2026-06-06T12:22:45.9191209Z /usr/bin/tar: ../../../../../usr/local/lib/android/sdk/platforms/android-35/data/res/values-bg-television: Cannot utime: Operation not permitted
build	Cache Android SDK	2026-06-06T12:22:45.9191662Z /usr/bin/tar: ../../../../../usr/local/lib/android/sdk/platforms/android-35/data/res/values-bg-television: Cannot change mode to rwxr-xr-x: Operation not permitted
build	Cache Android SDK	2026-06-06T12:22:45.9192147Z /usr/bin/tar: ../../../../../usr/local/lib/android/sdk/platforms/android-35/data/res/values-mcc310-mnc800-ur: Cannot utime: Operation not permitted
build	Cache Android SDK	2026-06-06T12:22:45.9192956Z /usr/bin/tar: ../../../../../usr/local/lib/android/sdk/platforms/android-35/data/res/values-mcc310-mnc800-ur: Cannot change mode to rwxr-xr-x: Operation not permitted
build	Cache Android SDK	2026-06-06T12:22:45.9198666Z /usr/bin/tar: ../../../../../usr/local/lib/android/sdk/platforms/android-35/data/res/values-mcc310-mnc410-hy: Cannot utime: Operation not permitted
build	Cache Android SDK	2026-06-06T12:22:45.9199677Z /usr/bin/tar: ../../../../../usr/local/lib/android/sdk/platforms/android-35/data/res/values-mcc310-mnc410-hy: Cannot change mode to rwxr-xr-x: Operation not permitted
build	Cache Android SDK	2026-06-06T12:22:45.9200354Z /usr/bin/tar: ../../../../../usr/local/lib/android/sdk/platforms/android-35/data/res/values-w213dp: Cannot utime: Operation not permitted
build	Cache Android SDK	2026-06-06T12:22:45.9201033Z /usr/bin/tar: ../../../../../usr/local/lib/android/sdk/platforms/android-35/data/res/values-w213dp: Cannot change mode to rwxr-xr-x: Operation not permitted
build	Cache Android SDK	2026-06-06T12:22:45.9201736Z /usr/bin/tar: ../../../../../usr/local/lib/android/sdk/platforms/android-35/data/res/values-mcc310-mnc410-es-rUS: Cannot utime: Operation not permitted
build	Cache Android SDK	2026-06-06T12:22:45.9202534Z /usr/bin/tar: ../../../../../usr/local/lib/android/sdk/platforms/android-35/data/res/values-mcc310-mnc410-es-rUS: Cannot change mode to rwxr-xr-x: Operation not permitted
build	Cache Android SDK	2026-06-06T12:22:45.9205014Z /usr/bin/tar: ../../../../../usr/local/lib/android/sdk/platforms/android-35/data/res/values-mcc310-mnc660-tl: Cannot utime: Operation not permitted
build	Cache Android SDK	2026-06-06T12:22:45.9206002Z /usr/bin/tar: ../../../../../usr/local/lib/android/sdk/platforms/android-35/data/res/values-mcc310-mnc660-tl: Cannot change mode to rwxr-xr-x: Operation not permitted
build	Cache Android SDK	2026-06-06T12:22:45.9210932Z /usr/bin/tar: ../../../../../usr/local/lib/android/sdk/platforms/android-35/data/res/values-mcc310-mnc280-bn: Cannot utime: Operation not permitted
build	Cache Android SDK	2026-06-06T12:22:45.9212783Z /usr/bin/tar: ../../../../../usr/local/lib/android/sdk/platforms/android-35/data/res/values-mcc310-mnc280-bn: Cannot change mode to rwxr-xr-x: Operation not permitted
build	Cache Android SDK	2026-06-06T12:22:45.9214917Z /usr/bin/tar: ../../../../../usr/local/lib/android/sdk/platforms/android-35/data/res/values-mcc313-mnc100-b+sr+Latn: Cannot utime: Operation not permitted
build	Cache Android SDK	2026-06-06T12:22:45.9215813Z /usr/bin/tar: ../../../../../usr/local/lib/android/sdk/platforms/android-35/data/res/values-mcc313-mnc100-b+sr+Latn: Cannot change mode to rwxr-xr-x: Operation not permitted
build	Cache Android SDK	2026-06-06T12:22:45.9219033Z /usr/bin/tar: ../../../../../usr/local/lib/android/sdk/platforms/android-35/data/res/values-mcc466-mnc01: Cannot utime: Operation not permitted
build	Cache Android SDK	2026-06-06T12:22:45.9220194Z /usr/bin/tar: ../../../../../usr/local/lib/android/sdk/platforms/android-35/data/res/values-mcc466-mnc01: Cannot change mode to rwxr-xr-x: Operation not permitted
build	Cache Android SDK	2026-06-06T12:22:45.9222942Z /usr/bin/tar: ../../../../../usr/local/lib/android/sdk/platforms/android-35/data/res/raw-th: Cannot utime: Operation not permitted
build	Cache Android SDK	2026-06-06T12:22:45.9223903Z /usr/bin/tar: ../../../../../usr/local/lib/android/sdk/platforms/android-35/data/res/raw-th: Cannot change mode to rwxr-xr-x: Operation not permitted
build	Cache Android SDK	2026-06-06T12:22:45.9226734Z /usr/bin/tar: ../../../../../usr/local/lib/android/sdk/platforms/android-35/data/res/values-mcc302-mnc720-in: Cannot utime: Operation not permitted
build	Cache Android SDK	2026-06-06T12:22:45.9227739Z /usr/bin/tar: ../../../../../usr/local/lib/android/sdk/platforms/android-35/data/res/values-mcc302-mnc720-in: Cannot change mode to rwxr-xr-x: Operation not permitted
build	Cache Android SDK	2026-06-06T12:22:45.9230382Z /usr/bin/tar: ../../../../../usr/local/lib/android/sdk/platforms/android-35/data/res/values-mcc310-mnc210-gl: Cannot utime: Operation not permitted
build	Cache Android SDK	2026-06-06T12:22:45.9231346Z /usr/bin/tar: ../../../../../usr/local/lib/android/sdk/platforms/android-35/data/res/values-mcc310-mnc210-gl: Cannot change mode to rwxr-xr-x: Operation not permitted
build	Cache Android SDK	2026-06-06T12:22:45.9233854Z /usr/bin/tar: ../../../../../usr/local/lib/android/sdk/platforms/android-35/data/res/values-fr-rCH: Cannot utime: Operation not permitted
build	Cache Android SDK	2026-06-06T12:22:45.9234799Z /usr/bin/tar: ../../../../../usr/local/lib/android/sdk/platforms/android-35/data/res/values-fr-rCH: Cannot change mode to rwxr-xr-x: Operation not permitted
build	Cache Android SDK	2026-06-06T12:22:45.9237913Z /usr/bin/tar: ../../../../../usr/local/lib/android/sdk/platforms/android-35/data/res/values-hr-television: Cannot utime: Operation not permitted
build	Cache Android SDK	2026-06-06T12:22:45.9238855Z /usr/bin/tar: ../../../../../usr/local/lib/android/sdk/platforms/android-35/data/res/values-hr-television: Cannot change mode to rwxr-xr-x: Operation not permitted
build	Cache Android SDK	2026-06-06T12:22:45.9241459Z /usr/bin/tar: ../../../../../usr/local/lib/android/sdk/platforms/android-35/data/res/values-mcc313-mnc100-fr: Cannot utime: Operation not permitted
build	Cache Android SDK	2026-06-06T12:22:45.9242439Z /usr/bin/tar: ../../../../../usr/local/lib/android/sdk/platforms/android-35/data/res/values-mcc313-mnc100-fr: Cannot change mode to rwxr-xr-x: Operation not permitted
build	Cache Android SDK	2026-06-06T12:22:45.9244933Z /usr/bin/tar: ../../../../../usr/local/lib/android/sdk/platforms/android-35/data/res/values-km-television: Cannot utime: Operation not permitted
build	Cache Android SDK	2026-06-06T12:22:45.9245903Z /usr/bin/tar: ../../../../../usr/local/lib/android/sdk/platforms/android-35/data/res/values-km-television: Cannot change mode to rwxr-xr-x: Operation not permitted
build	Cache Android SDK	2026-06-06T12:22:45.9248999Z /usr/bin/tar: ../../../../../usr/local/lib/android/sdk/platforms/android-35/data/res/values-mcc310-mnc410-ar: Cannot utime: Operation not permitted
build	Cache Android SDK	2026-06-06T12:22:45.9250098Z /usr/bin/tar: ../../../../../usr/local/lib/android/sdk/platforms/android-35/data/res/values-mcc310-mnc410-ar: Cannot change mode to rwxr-xr-x: Operation not permitted
build	Cache Android SDK	2026-06-06T12:22:45.9253556Z /usr/bin/tar: ../../../../../usr/local/lib/android/sdk/platforms/android-35/data/res/values-mcc310-mnc660-fr: Cannot utime: Operation not permitted
build	Cache Android SDK	2026-06-06T12:22:45.9254497Z /usr/bin/tar: ../../../../../usr/local/lib/android/sdk/platforms/android-35/data/res/values-mcc310-mnc660-fr: Cannot change mode to rwxr-xr-x: Operation not permitted
build	Cache Android SDK	2026-06-06T12:22:45.9257603Z /usr/bin/tar: ../../../../../usr/local/lib/android/sdk/platforms/android-35/data/res/values-mcc310-mnc160-es-rUS: Cannot utime: Operation not permitted
build	Cache Android SDK	2026-06-06T12:22:45.9258400Z /usr/bin/tar: ../../../../../usr/local/lib/android/sdk/platforms/android-35/data/res/values-mcc310-mnc160-es-rUS: Cannot change mode to rwxr-xr-x: Operation not permitted
build	Cache Android SDK	2026-06-06T12:22:45.9261282Z /usr/bin/tar: ../../../../../usr/local/lib/android/sdk/platforms/android-35/data/res/values-mcc310-mnc200: Cannot utime: Operation not permitted
build	Cache Android SDK	2026-06-06T12:22:45.9262404Z /usr/bin/tar: ../../../../../usr/local/lib/android/sdk/platforms/android-35/data/res/values-mcc310-mnc200: Cannot change mode to rwxr-xr-x: Operation not permitted
build	Cache Android SDK	2026-06-06T12:22:45.9265112Z /usr/bin/tar: ../../../../../usr/local/lib/android/sdk/platforms/android-35/data/res/values-mcc310-mnc270-tl: Cannot utime: Operation not permitted
build	Cache Android SDK	2026-06-06T12:22:45.9266022Z /usr/bin/tar: ../../../../../usr/local/lib/android/sdk/platforms/android-35/data/res/values-mcc310-mnc270-tl: Cannot change mode to rwxr-xr-x: Operation not permitted
build	Cache Android SDK	2026-06-06T12:22:45.9268997Z /usr/bin/tar: ../../../../../usr/local/lib/android/sdk/platforms/android-35/data/res/values-mcc310-mnc950-sk: Cannot utime: Operation not permitted
build	Cache Android SDK	2026-06-06T12:22:45.9269972Z /usr/bin/tar: ../../../../../usr/local/lib/android/sdk/platforms/android-35/data/res/values-mcc310-mnc950-sk: Cannot change mode to rwxr-xr-x: Operation not permitted
build	Cache Android SDK	2026-06-06T12:22:45.9273422Z /usr/bin/tar: ../../../../../usr/local/lib/android/sdk/platforms/android-35/data/res/values-mcc310-mnc240-ky: Cannot utime: Operation not permitted
build	Cache Android SDK	2026-06-06T12:22:45.9274384Z /usr/bin/tar: ../../../../../usr/local/lib/android/sdk/platforms/android-35/data/res/values-mcc310-mnc240-ky: Cannot change mode to rwxr-xr-x: Operation not permitted
build	Cache Android SDK	2026-06-06T12:22:45.9276966Z /usr/bin/tar: ../../../../../usr/local/lib/android/sdk/platforms/android-35/data/res/values-mcc310-mnc310-ky: Cannot utime: Operation not permitted
build	Cache Android SDK	2026-06-06T12:22:45.9278001Z /usr/bin/tar: ../../../../../usr/local/lib/android/sdk/platforms/android-35/data/res/values-mcc310-mnc310-ky: Cannot change mode to rwxr-xr-x: Operation not permitted
build	Cache Android SDK	2026-06-06T12:22:45.9280632Z /usr/bin/tar: ../../../../../usr/local/lib/android/sdk/platforms/android-35/data/res/values-mcc310-mnc250-hu: Cannot utime: Operation not permitted
build	Cache Android SDK	2026-06-06T12:22:45.9281538Z /usr/bin/tar: ../../../../../usr/local/lib/android/sdk/platforms/android-35/data/res/values-mcc310-mnc250-hu: Cannot change mode to rwxr-xr-x: Operation not permitted
build	Cache Android SDK	2026-06-06T12:22:45.9283992Z /usr/bin/tar: ../../../../../usr/local/lib/android/sdk/platforms/android-35/data/res/values-mcc311-mnc490: Cannot utime: Operation not permitted
build	Cache Android SDK	2026-06-06T12:22:45.9284993Z /usr/bin/tar: ../../../../../usr/local/lib/android/sdk/platforms/android-35/data/res/values-mcc311-mnc490: Cannot change mode to rwxr-xr-x: Operation not permitted
build	Cache Android SDK	2026-06-06T12:22:45.9287598Z /usr/bin/tar: ../../../../../usr/local/lib/android/sdk/platforms/android-35/data/res/values-mcc310-mnc220-zu: Cannot utime: Operation not permitted
build	Cache Android SDK	2026-06-06T12:22:45.9288506Z /usr/bin/tar: ../../../../../usr/local/lib/android/sdk/platforms/android-35/data/res/values-mcc310-mnc220-zu: Cannot change mode to rwxr-xr-x: Operation not permitted
build	Cache Android SDK	2026-06-06T12:22:45.9291191Z /usr/bin/tar: ../../../../../usr/local/lib/android/sdk/platforms/android-35/data/res/values-mcc310-mnc150-gl: Cannot utime: Operation not permitted
build	Cache Android SDK	2026-06-06T12:22:45.9292249Z /usr/bin/tar: ../../../../../usr/local/lib/android/sdk/platforms/android-35/data/res/values-mcc310-mnc150-gl: Cannot change mode to rwxr-xr-x: Operation not permitted
build	Cache Android SDK	2026-06-06T12:22:45.9294724Z /usr/bin/tar: ../../../../../usr/local/lib/android/sdk/platforms/android-35/data/res/values-mcc302-mnc220: Cannot utime: Operation not permitted
build	Cache Android SDK	2026-06-06T12:22:45.9295686Z /usr/bin/tar: ../../../../../usr/local/lib/android/sdk/platforms/android-35/data/res/values-mcc302-mnc220: Cannot change mode to rwxr-xr-x: Operation not permitted
build	Cache Android SDK	2026-06-06T12:22:45.9298807Z /usr/bin/tar: ../../../../../usr/local/lib/android/sdk/platforms/android-35/data/res/values-mcc310-mnc560-sv: Cannot utime: Operation not permitted
build	Cache Android SDK	2026-06-06T12:22:45.9299685Z /usr/bin/tar: ../../../../../usr/local/lib/android/sdk/platforms/android-35/data/res/values-mcc310-mnc560-sv: Cannot change mode to rwxr-xr-x: Operation not permitted
build	Cache Android SDK	2026-06-06T12:22:45.9302398Z /usr/bin/tar: ../../../../../usr/local/lib/android/sdk/platforms/android-35/data/res/values-mcc310-mnc560-hy: Cannot utime: Operation not permitted
build	Cache Android SDK	2026-06-06T12:22:45.9303463Z /usr/bin/tar: ../../../../../usr/local/lib/android/sdk/platforms/android-35/data/res/values-mcc310-mnc560-hy: Cannot change mode to rwxr-xr-x: Operation not permitted
build	Cache Android SDK	2026-06-06T12:22:45.9306829Z /usr/bin/tar: ../../../../../usr/local/lib/android/sdk/platforms/android-35/data/res/values-mcc310-mnc170-en-rGB: Cannot utime: Operation not permitted
build	Cache Android SDK	2026-06-06T12:22:45.9307872Z /usr/bin/tar: ../../../../../usr/local/lib/android/sdk/platforms/android-35/data/res/values-mcc310-mnc170-en-rGB: Cannot change mode to rwxr-xr-x: Operation not permitted
build	Cache Android SDK	2026-06-06T12:22:45.9353316Z /usr/bin/tar: ../../../../../usr/local/lib/android/sdk/platforms/android-35/data/res/drawable-sw720dp-nodpi: Cannot utime: Operation not permitted
build	Cache Android SDK	2026-06-06T12:22:45.9354293Z /usr/bin/tar: ../../../../../usr/local/lib/android/sdk/platforms/android-35/data/res/drawable-sw720dp-nodpi: Cannot change mode to rwxr-xr-x: Operation not permitted
build	Cache Android SDK	2026-06-06T12:22:45.9356529Z /usr/bin/tar: ../../../../../usr/local/lib/android/sdk/platforms/android-35/data/res/values-mcc310-mnc410-ru: Cannot utime: Operation not permitted
build	Cache Android SDK	2026-06-06T12:22:45.9357640Z /usr/bin/tar: ../../../../../usr/local/lib/android/sdk/platforms/android-35/data/res/values-mcc310-mnc410-ru: Cannot change mode to rwxr-xr-x: Operation not permitted
build	Cache Android SDK	2026-06-06T12:22:45.9360139Z /usr/bin/tar: ../../../../../usr/local/lib/android/sdk/platforms/android-35/data/res/values-mcc310-mnc380-ko: Cannot utime: Operation not permitted
build	Cache Android SDK	2026-06-06T12:22:45.9361065Z /usr/bin/tar: ../../../../../usr/local/lib/android/sdk/platforms/android-35/data/res/values-mcc310-mnc380-ko: Cannot change mode to rwxr-xr-x: Operation not permitted
build	Cache Android SDK	2026-06-06T12:22:45.9363877Z /usr/bin/tar: ../../../../../usr/local/lib/android/sdk/platforms/android-35/data/res/values-mcc302-mnc720-fr: Cannot utime: Operation not permitted
build	Cache Android SDK	2026-06-06T12:22:45.9364807Z /usr/bin/tar: ../../../../../usr/local/lib/android/sdk/platforms/android-35/data/res/values-mcc302-mnc720-fr: Cannot change mode to rwxr-xr-x: Operation not permitted
build	Cache Android SDK	2026-06-06T12:22:45.9381597Z /usr/bin/tar: ../../../../../usr/local/lib/android/sdk/platforms/android-35/data/res/drawable-land-hdpi: Cannot utime: Operation not permitted
build	Cache Android SDK	2026-06-06T12:22:45.9382519Z /usr/bin/tar: ../../../../../usr/local/lib/android/sdk/platforms/android-35/data/res/drawable-land-hdpi: Cannot change mode to rwxr-xr-x: Operation not permitted
build	Cache Android SDK	2026-06-06T12:22:45.9385267Z /usr/bin/tar: ../../../../../usr/local/lib/android/sdk/platforms/android-35/data/res/values-mcc310-mnc660-it: Cannot utime: Operation not permitted
build	Cache Android SDK	2026-06-06T12:22:45.9386152Z /usr/bin/tar: ../../../../../usr/local/lib/android/sdk/platforms/android-35/data/res/values-mcc310-mnc660-it: Cannot change mode to rwxr-xr-x: Operation not permitted
build	Cache Android SDK	2026-06-06T12:22:45.9388839Z /usr/bin/tar: ../../../../../usr/local/lib/android/sdk/platforms/android-35/data/res/values-mcc310-mnc250-ru: Cannot utime: Operation not permitted
build	Cache Android SDK	2026-06-06T12:22:45.9389433Z /usr/bin/tar: ../../../../../usr/local/lib/android/sdk/platforms/android-35/data/res/values-mcc310-mnc250-ru: Cannot change mode to rwxr-xr-x: Operation not permitted
build	Cache Android SDK	2026-06-06T12:22:45.9393078Z /usr/bin/tar: ../../../../../usr/local/lib/android/sdk/platforms/android-35/data/res/values-et-television: Cannot utime: Operation not permitted
build	Cache Android SDK	2026-06-06T12:22:45.9394001Z /usr/bin/tar: ../../../../../usr/local/lib/android/sdk/platforms/android-35/data/res/values-et-television: Cannot change mode to rwxr-xr-x: Operation not permitted
build	Cache Android SDK	2026-06-06T12:22:45.9397874Z /usr/bin/tar: ../../../../../usr/local/lib/android/sdk/platforms/android-35/data/res/values-mcc310-mnc280-si: Cannot utime: Operation not permitted
build	Cache Android SDK	2026-06-06T12:22:45.9398753Z /usr/bin/tar: ../../../../../usr/local/lib/android/sdk/platforms/android-35/data/res/values-mcc310-mnc280-si: Cannot change mode to rwxr-xr-x: Operation not permitted
build	Cache Android SDK	2026-06-06T12:22:45.9402567Z /usr/bin/tar: ../../../../../usr/local/lib/android/sdk/platforms/android-35/data/res/values-mcc311-mnc180-nl: Cannot utime: Operation not permitted
build	Cache Android SDK	2026-06-06T12:22:45.9403653Z /usr/bin/tar: ../../../../../usr/local/lib/android/sdk/platforms/android-35/data/res/values-mcc311-mnc180-nl: Cannot change mode to rwxr-xr-x: Operation not permitted
build	Cache Android SDK	2026-06-06T12:22:45.9410466Z /usr/bin/tar: ../../../../../usr/local/lib/android/sdk/platforms/android-35/data/res/drawable-sw600dp-hdpi: Cannot utime: Operation not permitted
build	Cache Android SDK	2026-06-06T12:22:45.9411371Z /usr/bin/tar: ../../../../../usr/local/lib/android/sdk/platforms/android-35/data/res/drawable-sw600dp-hdpi: Cannot change mode to rwxr-xr-x: Operation not permitted
build	Cache Android SDK	2026-06-06T12:22:45.9413065Z /usr/bin/tar: ../../../../../usr/local/lib/android/sdk/platforms/android-35/data/res/values-mcc302-mnc370-sr: Cannot utime: Operation not permitted
build	Cache Android SDK	2026-06-06T12:22:45.9413950Z /usr/bin/tar: ../../../../../usr/local/lib/android/sdk/platforms/android-35/data/res/values-mcc302-mnc370-sr: Cannot change mode to rwxr-xr-x: Operation not permitted
build	Cache Android SDK	2026-06-06T12:22:45.9416516Z /usr/bin/tar: ../../../../../usr/local/lib/android/sdk/platforms/android-35/data/res/values-mcc310-mnc310-is: Cannot utime: Operation not permitted
build	Cache Android SDK	2026-06-06T12:22:45.9417633Z /usr/bin/tar: ../../../../../usr/local/lib/android/sdk/platforms/android-35/data/res/values-mcc310-mnc310-is: Cannot change mode to rwxr-xr-x: Operation not permitted
build	Cache Android SDK	2026-06-06T12:22:45.9419990Z /usr/bin/tar: ../../../../../usr/local/lib/android/sdk/platforms/android-35/data/res/values-mcc310-mnc240-es-rUS: Cannot utime: Operation not permitted
build	Cache Android SDK	2026-06-06T12:22:45.9420915Z /usr/bin/tar: ../../../../../usr/local/lib/android/sdk/platforms/android-35/data/res/values-mcc310-mnc240-es-rUS: Cannot change mode to rwxr-xr-x: Operation not permitted
build	Cache Android SDK	2026-06-06T12:22:45.9423283Z /usr/bin/tar: ../../../../../usr/local/lib/android/sdk/platforms/android-35/data/res/values-mcc310-mnc170-gl: Cannot utime: Operation not permitted
build	Cache Android SDK	2026-06-06T12:22:45.9424187Z /usr/bin/tar: ../../../../../usr/local/lib/android/sdk/platforms/android-35/data/res/values-mcc310-mnc170-gl: Cannot change mode to rwxr-xr-x: Operation not permitted
build	Cache Android SDK	2026-06-06T12:22:45.9426855Z /usr/bin/tar: ../../../../../usr/local/lib/android/sdk/platforms/android-35/data/res/values-mcc310-mnc270-uk: Cannot utime: Operation not permitted
build	Cache Android SDK	2026-06-06T12:22:45.9427878Z /usr/bin/tar: ../../../../../usr/local/lib/android/sdk/platforms/android-35/data/res/values-mcc310-mnc270-uk: Cannot change mode to rwxr-xr-x: Operation not permitted
build	Cache Android SDK	2026-06-06T12:22:45.9430083Z /usr/bin/tar: ../../../../../usr/local/lib/android/sdk/platforms/android-35/data/res/values-mcc310-mnc800-fi: Cannot utime: Operation not permitted
build	Cache Android SDK	2026-06-06T12:22:45.9431017Z /usr/bin/tar: ../../../../../usr/local/lib/android/sdk/platforms/android-35/data/res/values-mcc310-mnc800-fi: Cannot change mode to rwxr-xr-x: Operation not permitted
build	Cache Android SDK	2026-06-06T12:22:45.9433509Z /usr/bin/tar: ../../../../../usr/local/lib/android/sdk/platforms/android-35/data/res/values-mcc450: Cannot utime: Operation not permitted
build	Cache Android SDK	2026-06-06T12:22:45.9434520Z /usr/bin/tar: ../../../../../usr/local/lib/android/sdk/platforms/android-35/data/res/values-mcc450: Cannot change mode to rwxr-xr-x: Operation not permitted
build	Cache Android SDK	2026-06-06T12:22:45.9437092Z /usr/bin/tar: ../../../../../usr/local/lib/android/sdk/platforms/android-35/data/res/values-or-television: Cannot utime: Operation not permitted
build	Cache Android SDK	2026-06-06T12:22:45.9438097Z /usr/bin/tar: ../../../../../usr/local/lib/android/sdk/platforms/android-35/data/res/values-or-television: Cannot change mode to rwxr-xr-x: Operation not permitted
build	Cache Android SDK	2026-06-06T12:22:45.9440755Z /usr/bin/tar: ../../../../../usr/local/lib/android/sdk/platforms/android-35/data/res/values-es-rES: Cannot utime: Operation not permitted
build	Cache Android SDK	2026-06-06T12:22:45.9441608Z /usr/bin/tar: ../../../../../usr/local/lib/android/sdk/platforms/android-35/data/res/values-es-rES: Cannot change mode to rwxr-xr-x: Operation not permitted
build	Cache Android SDK	2026-06-06T12:22:45.9444496Z /usr/bin/tar: ../../../../../usr/local/lib/android/sdk/platforms/android-35/data/res/values-mcc302-mnc370-nl: Cannot utime: Operation not permitted
build	Cache Android SDK	2026-06-06T12:22:45.9445517Z /usr/bin/tar: ../../../../../usr/local/lib/android/sdk/platforms/android-35/data/res/values-mcc302-mnc370-nl: Cannot change mode to rwxr-xr-x: Operation not permitted
build	Cache Android SDK	2026-06-06T12:22:45.9447985Z /usr/bin/tar: ../../../../../usr/local/lib/android/sdk/platforms/android-35/data/res/values-mcc310-mnc950-fr-rCA: Cannot utime: Operation not permitted
build	Cache Android SDK	2026-06-06T12:22:45.9448906Z /usr/bin/tar: ../../../../../usr/local/lib/android/sdk/platforms/android-35/data/res/values-mcc310-mnc950-fr-rCA: Cannot change mode to rwxr-xr-x: Operation not permitted
build	Cache Android SDK	2026-06-06T12:22:45.9452201Z /usr/bin/tar: ../../../../../usr/local/lib/android/sdk/platforms/android-35/data/res/values-mcc310-mnc210-ca: Cannot utime: Operation not permitted
build	Cache Android SDK	2026-06-06T12:22:45.9452826Z /usr/bin/tar: ../../../../../usr/local/lib/android/sdk/platforms/android-35/data/res/values-mcc310-mnc210-ca: Cannot change mode to rwxr-xr-x: Operation not permitted
build	Cache Android SDK	2026-06-06T12:22:45.9455544Z /usr/bin/tar: ../../../../../usr/local/lib/android/sdk/platforms/android-35/data/res/values-mcc310-mnc490-el: Cannot utime: Operation not permitted
build	Cache Android SDK	2026-06-06T12:22:45.9456139Z /usr/bin/tar: ../../../../../usr/local/lib/android/sdk/platforms/android-35/data/res/values-mcc310-mnc490-el: Cannot change mode to rwxr-xr-x: Operation not permitted
build	Cache Android SDK	2026-06-06T12:22:45.9459381Z /usr/bin/tar: ../../../../../usr/local/lib/android/sdk/platforms/android-35/data/res/values-mcc311-mnc180-uk: Cannot utime: Operation not permitted
build	Cache Android SDK	2026-06-06T12:22:45.9460270Z /usr/bin/tar: ../../../../../usr/local/lib/android/sdk/platforms/android-35/data/res/values-mcc311-mnc180-uk: Cannot change mode to rwxr-xr-x: Operation not permitted
build	Cache Android SDK	2026-06-06T12:22:45.9462922Z /usr/bin/tar: ../../../../../usr/local/lib/android/sdk/platforms/android-35/data/res/values-ms-watch: Cannot utime: Operation not permitted
build	Cache Android SDK	2026-06-06T12:22:45.9463807Z /usr/bin/tar: ../../../../../usr/local/lib/android/sdk/platforms/android-35/data/res/values-ms-watch: Cannot change mode to rwxr-xr-x: Operation not permitted
build	Cache Android SDK	2026-06-06T12:22:45.9468573Z /usr/bin/tar: ../../../../../usr/local/lib/android/sdk/platforms/android-35/data/res/values-mcc310-mnc220-mr: Cannot utime: Operation not permitted
build	Cache Android SDK	2026-06-06T12:22:45.9469493Z /usr/bin/tar: ../../../../../usr/local/lib/android/sdk/platforms/android-35/data/res/values-mcc310-mnc220-mr: Cannot change mode to rwxr-xr-x: Operation not permitted
build	Cache Android SDK	2026-06-06T12:22:45.9470306Z /usr/bin/tar: ../../../../../usr/local/lib/android/sdk/platforms/android-35/data/res/values-mcc310-mnc660-kn: Cannot utime: Operation not permitted
build	Cache Android SDK	2026-06-06T12:22:45.9470949Z /usr/bin/tar: ../../../../../usr/local/lib/android/sdk/platforms/android-35/data/res/values-mcc310-mnc660-kn: Cannot change mode to rwxr-xr-x: Operation not permitted
build	Cache Android SDK	2026-06-06T12:22:45.9474367Z /usr/bin/tar: ../../../../../usr/local/lib/android/sdk/platforms/android-35/data/res/values-mcc310-mnc210-b+sr+Latn: Cannot utime: Operation not permitted
build	Cache Android SDK	2026-06-06T12:22:45.9475428Z /usr/bin/tar: ../../../../../usr/local/lib/android/sdk/platforms/android-35/data/res/values-mcc310-mnc210-b+sr+Latn: Cannot change mode to rwxr-xr-x: Operation not permitted
build	Cache Android SDK	2026-06-06T12:22:45.9477667Z /usr/bin/tar: ../../../../../usr/local/lib/android/sdk/platforms/android-35/data/res/values-mcc310-mnc220-iw: Cannot utime: Operation not permitted
build	Cache Android SDK	2026-06-06T12:22:45.9478580Z /usr/bin/tar: ../../../../../usr/local/lib/android/sdk/platforms/android-35/data/res/values-mcc310-mnc220-iw: Cannot change mode to rwxr-xr-x: Operation not permitted
build	Cache Android SDK	2026-06-06T12:22:45.9481537Z /usr/bin/tar: ../../../../../usr/local/lib/android/sdk/platforms/android-35/data/res/values-mcc334-mnc020-uk: Cannot utime: Operation not permitted
build	Cache Android SDK	2026-06-06T12:22:45.9482440Z /usr/bin/tar: ../../../../../usr/local/lib/android/sdk/platforms/android-35/data/res/values-mcc334-mnc020-uk: Cannot change mode to rwxr-xr-x: Operation not permitted
build	Cache Android SDK	2026-06-06T12:22:45.9485268Z /usr/bin/tar: ../../../../../usr/local/lib/android/sdk/platforms/android-35/data/res/values-mcc313-mnc100-et: Cannot utime: Operation not permitted
build	Cache Android SDK	2026-06-06T12:22:45.9486342Z /usr/bin/tar: ../../../../../usr/local/lib/android/sdk/platforms/android-35/data/res/values-mcc313-mnc100-et: Cannot change mode to rwxr-xr-x: Operation not permitted
build	Cache Android SDK	2026-06-06T12:22:45.9489718Z /usr/bin/tar: ../../../../../usr/local/lib/android/sdk/platforms/android-35/data/res/values-nl-rBE: Cannot utime: Operation not permitted
build	Cache Android SDK	2026-06-06T12:22:45.9490604Z /usr/bin/tar: ../../../../../usr/local/lib/android/sdk/platforms/android-35/data/res/values-nl-rBE: Cannot change mode to rwxr-xr-x: Operation not permitted
build	Cache Android SDK	2026-06-06T12:22:45.9493823Z /usr/bin/tar: ../../../../../usr/local/lib/android/sdk/platforms/android-35/data/res/values-mcc310-mnc560-gu: Cannot utime: Operation not permitted
build	Cache Android SDK	2026-06-06T12:22:45.9494634Z /usr/bin/tar: ../../../../../usr/local/lib/android/sdk/platforms/android-35/data/res/values-mcc310-mnc560-gu: Cannot change mode to rwxr-xr-x: Operation not permitted
build	Cache Android SDK	2026-06-06T12:22:45.9497894Z /usr/bin/tar: ../../../../../usr/local/lib/android/sdk/platforms/android-35/data/res/values-mcc310-mnc800-lv: Cannot utime: Operation not permitted
build	Cache Android SDK	2026-06-06T12:22:45.9498783Z /usr/bin/tar: ../../../../../usr/local/lib/android/sdk/platforms/android-35/data/res/values-mcc310-mnc800-lv: Cannot change mode to rwxr-xr-x: Operation not permitted
build	Cache Android SDK	2026-06-06T12:22:45.9501741Z /usr/bin/tar: ../../../../../usr/local/lib/android/sdk/platforms/android-35/data/res/values-mcc302-mnc720-nb: Cannot utime: Operation not permitted
build	Cache Android SDK	2026-06-06T12:22:45.9502645Z /usr/bin/tar: ../../../../../usr/local/lib/android/sdk/platforms/android-35/data/res/values-mcc302-mnc720-nb: Cannot change mode to rwxr-xr-x: Operation not permitted
build	Cache Android SDK	2026-06-06T12:22:45.9505364Z /usr/bin/tar: ../../../../../usr/local/lib/android/sdk/platforms/android-35/data/res/values-mcc313-mnc100-ru: Cannot utime: Operation not permitted
build	Cache Android SDK	2026-06-06T12:22:45.9506276Z /usr/bin/tar: ../../../../../usr/local/lib/android/sdk/platforms/android-35/data/res/values-mcc313-mnc100-ru: Cannot change mode to rwxr-xr-x: Operation not permitted
build	Cache Android SDK	2026-06-06T12:22:45.9508988Z /usr/bin/tar: ../../../../../usr/local/lib/android/sdk/platforms/android-35/data/res/values-mcc310-mnc380-sk: Cannot utime: Operation not permitted
build	Cache Android SDK	2026-06-06T12:22:45.9509950Z /usr/bin/tar: ../../../../../usr/local/lib/android/sdk/platforms/android-35/data/res/values-mcc310-mnc380-sk: Cannot change mode to rwxr-xr-x: Operation not permitted
build	Cache Android SDK	2026-06-06T12:22:45.9515430Z /usr/bin/tar: ../../../../../usr/local/lib/android/sdk/platforms/android-35/data/res/xml-xlarge: Cannot utime: Operation not permitted
build	Cache Android SDK	2026-06-06T12:22:45.9516281Z /usr/bin/tar: ../../../../../usr/local/lib/android/sdk/platforms/android-35/data/res/xml-xlarge: Cannot change mode to rwxr-xr-x: Operation not permitted
build	Cache Android SDK	2026-06-06T12:22:45.9520975Z /usr/bin/tar: ../../../../../usr/local/lib/android/sdk/platforms/android-35/data/res/values-mcc310-mnc240-uk: Cannot utime: Operation not permitted
build	Cache Android SDK	2026-06-06T12:22:45.9521880Z /usr/bin/tar: ../../../../../usr/local/lib/android/sdk/platforms/android-35/data/res/values-mcc310-mnc240-uk: Cannot change mode to rwxr-xr-x: Operation not permitted
build	Cache Android SDK	2026-06-06T12:22:45.9524201Z /usr/bin/tar: ../../../../../usr/local/lib/android/sdk/platforms/android-35/data/res/values-sw372dp: Cannot utime: Operation not permitted
build	Cache Android SDK	2026-06-06T12:22:45.9525040Z /usr/bin/tar: ../../../../../usr/local/lib/android/sdk/platforms/android-35/data/res/values-sw372dp: Cannot change mode to rwxr-xr-x: Operation not permitted
build	Cache Android SDK	2026-06-06T12:22:45.9528169Z /usr/bin/tar: ../../../../../usr/local/lib/android/sdk/platforms/android-35/data/res/values-mcc310-mnc160-b+sr+Latn: Cannot utime: Operation not permitted
build	Cache Android SDK	2026-06-06T12:22:45.9529148Z /usr/bin/tar: ../../../../../usr/local/lib/android/sdk/platforms/android-35/data/res/values-mcc310-mnc160-b+sr+Latn: Cannot change mode to rwxr-xr-x: Operation not permitted
build	Cache Android SDK	2026-06-06T12:22:45.9531409Z /usr/bin/tar: ../../../../../usr/local/lib/android/sdk/platforms/android-35/data/res/values-mcc334-mnc020-az: Cannot utime: Operation not permitted
build	Cache Android SDK	2026-06-06T12:22:45.9532441Z /usr/bin/tar: ../../../../../usr/local/lib/android/sdk/platforms/android-35/data/res/values-mcc334-mnc020-az: Cannot change mode to rwxr-xr-x: Operation not permitted
build	Cache Android SDK	2026-06-06T12:22:45.9535124Z /usr/bin/tar: ../../../../../usr/local/lib/android/sdk/platforms/android-35/data/res/raw-ru: Cannot utime: Operation not permitted
build	Cache Android SDK	2026-06-06T12:22:45.9535988Z /usr/bin/tar: ../../../../../usr/local/lib/android/sdk/platforms/android-35/data/res/raw-ru: Cannot change mode to rwxr-xr-x: Operation not permitted
build	Cache Android SDK	2026-06-06T12:22:45.9538734Z /usr/bin/tar: ../../../../../usr/local/lib/android/sdk/platforms/android-35/data/res/values-mcc310-mnc280-en-rIN: Cannot utime: Operation not permitted
build	Cache Android SDK	2026-06-06T12:22:45.9539622Z /usr/bin/tar: ../../../../../usr/local/lib/android/sdk/platforms/android-35/data/res/values-mcc310-mnc280-en-rIN: Cannot change mode to rwxr-xr-x: Operation not permitted
build	Cache Android SDK	2026-06-06T12:22:45.9542365Z /usr/bin/tar: ../../../../../usr/local/lib/android/sdk/platforms/android-35/data/res/values-mcc310-mnc270-lv: Cannot utime: Operation not permitted
build	Cache Android SDK	2026-06-06T12:22:45.9543258Z /usr/bin/tar: ../../../../../usr/local/lib/android/sdk/platforms/android-35/data/res/values-mcc310-mnc270-lv: Cannot change mode to rwxr-xr-x: Operation not permitted
build	Cache Android SDK	2026-06-06T12:22:45.9545835Z /usr/bin/tar: ../../../../../usr/local/lib/android/sdk/platforms/android-35/data/res/values-mcc310-mnc380-hu: Cannot utime: Operation not permitted
build	Cache Android SDK	2026-06-06T12:22:45.9546721Z /usr/bin/tar: ../../../../../usr/local/lib/android/sdk/platforms/android-35/data/res/values-mcc310-mnc380-hu: Cannot change mode to rwxr-xr-x: Operation not permitted
build	Cache Android SDK	2026-06-06T12:22:45.9549586Z /usr/bin/tar: ../../../../../usr/local/lib/android/sdk/platforms/android-35/data/res/values-mcc310-mnc660-hr: Cannot utime: Operation not permitted
build	Cache Android SDK	2026-06-06T12:22:45.9550475Z /usr/bin/tar: ../../../../../usr/local/lib/android/sdk/platforms/android-35/data/res/values-mcc310-mnc660-hr: Cannot change mode to rwxr-xr-x: Operation not permitted
build	Cache Android SDK	2026-06-06T12:22:45.9553397Z /usr/bin/tar: ../../../../../usr/local/lib/android/sdk/platforms/android-35/data/res/values-mcc310-mnc200-da: Cannot utime: Operation not permitted
build	Cache Android SDK	2026-06-06T12:22:45.9554274Z /usr/bin/tar: ../../../../../usr/local/lib/android/sdk/platforms/android-35/data/res/values-mcc310-mnc200-da: Cannot change mode to rwxr-xr-x: Operation not permitted
build	Cache Android SDK	2026-06-06T12:22:45.9557142Z /usr/bin/tar: ../../../../../usr/local/lib/android/sdk/platforms/android-35/data/res/values-mcc310-mnc280-mk: Cannot utime: Operation not permitted
build	Cache Android SDK	2026-06-06T12:22:45.9558150Z /usr/bin/tar: ../../../../../usr/local/lib/android/sdk/platforms/android-35/data/res/values-mcc310-mnc280-mk: Cannot change mode to rwxr-xr-x: Operation not permitted
build	Cache Android SDK	2026-06-06T12:22:45.9560772Z /usr/bin/tar: ../../../../../usr/local/lib/android/sdk/platforms/android-35/data/res/values-az-watch: Cannot utime: Operation not permitted
build	Cache Android SDK	2026-06-06T12:22:45.9561653Z /usr/bin/tar: ../../../../../usr/local/lib/android/sdk/platforms/android-35/data/res/values-az-watch: Cannot change mode to rwxr-xr-x: Operation not permitted
build	Cache Android SDK	2026-06-06T12:22:45.9565118Z /usr/bin/tar: ../../../../../usr/local/lib/android/sdk/platforms/android-35/data/res/values-mcc310-mnc200-pt-rPT: Cannot utime: Operation not permitted
build	Cache Android SDK	2026-06-06T12:22:45.9565845Z /usr/bin/tar: ../../../../../usr/local/lib/android/sdk/platforms/android-35/data/res/values-mcc310-mnc200-pt-rPT: Cannot change mode to rwxr-xr-x: Operation not permitted
build	Cache Android SDK	2026-06-06T12:22:45.9567740Z /usr/bin/tar: ../../../../../usr/local/lib/android/sdk/platforms/android-35/data/res/values-mcc310-mnc800-uk: Cannot utime: Operation not permitted
build	Cache Android SDK	2026-06-06T12:22:45.9568212Z /usr/bin/tar: ../../../../../usr/local/lib/android/sdk/platforms/android-35/data/res/values-mcc310-mnc800-uk: Cannot change mode to rwxr-xr-x: Operation not permitted
build	Cache Android SDK	2026-06-06T12:22:45.9570773Z /usr/bin/tar: ../../../../../usr/local/lib/android/sdk/platforms/android-35/data/res/values-mcc310-mnc950-ur: Cannot utime: Operation not permitted
build	Cache Android SDK	2026-06-06T12:22:45.9571342Z /usr/bin/tar: ../../../../../usr/local/lib/android/sdk/platforms/android-35/data/res/values-mcc310-mnc950-ur: Cannot change mode to rwxr-xr-x: Operation not permitted
build	Cache Android SDK	2026-06-06T12:22:45.9577909Z /usr/bin/tar: ../../../../../usr/local/lib/android/sdk/platforms/android-35/data/res/values-bn: Cannot utime: Operation not permitted
build	Cache Android SDK	2026-06-06T12:22:45.9578340Z /usr/bin/tar: ../../../../../usr/local/lib/android/sdk/platforms/android-35/data/res/values-bn: Cannot change mode to rwxr-xr-x: Operation not permitted
build	Cache Android SDK	2026-06-06T12:22:45.9581359Z /usr/bin/tar: ../../../../../usr/local/lib/android/sdk/platforms/android-35/data/res/values-mcc302-mnc370: Cannot utime: Operation not permitted
build	Cache Android SDK	2026-06-06T12:22:45.9581811Z /usr/bin/tar: ../../../../../usr/local/lib/android/sdk/platforms/android-35/data/res/values-mcc302-mnc370: Cannot change mode to rwxr-xr-x: Operation not permitted
build	Cache Android SDK	2026-06-06T12:22:45.9584496Z /usr/bin/tar: ../../../../../usr/local/lib/android/sdk/platforms/android-35/data/res/values-mcc310-mnc560-sq: Cannot utime: Operation not permitted
build	Cache Android SDK	2026-06-06T12:22:45.9584950Z /usr/bin/tar: ../../../../../usr/local/lib/android/sdk/platforms/android-35/data/res/values-mcc310-mnc560-sq: Cannot change mode to rwxr-xr-x: Operation not permitted
build	Cache Android SDK	2026-06-06T12:22:45.9594822Z /usr/bin/tar: ../../../../../usr/local/lib/android/sdk/platforms/android-35/data/res/drawable-watch: Cannot utime: Operation not permitted
build	Cache Android SDK	2026-06-06T12:22:45.9595301Z /usr/bin/tar: ../../../../../usr/local/lib/android/sdk/platforms/android-35/data/res/drawable-watch: Cannot change mode to rwxr-xr-x: Operation not permitted
build	Cache Android SDK	2026-06-06T12:22:45.9597831Z /usr/bin/tar: ../../../../../usr/local/lib/android/sdk/platforms/android-35/data/res/values-mcc310-mnc150-as: Cannot utime: Operation not permitted
build	Cache Android SDK	2026-06-06T12:22:45.9598308Z /usr/bin/tar: ../../../../../usr/local/lib/android/sdk/platforms/android-35/data/res/values-mcc310-mnc150-as: Cannot change mode to rwxr-xr-x: Operation not permitted
build	Cache Android SDK	2026-06-06T12:22:45.9600405Z /usr/bin/tar: ../../../../../usr/local/lib/android/sdk/platforms/android-35/data/res/values-mcc310-mnc560-uk: Cannot utime: Operation not permitted
build	Cache Android SDK	2026-06-06T12:22:45.9600861Z /usr/bin/tar: ../../../../../usr/local/lib/android/sdk/platforms/android-35/data/res/values-mcc310-mnc560-uk: Cannot change mode to rwxr-xr-x: Operation not permitted
build	Cache Android SDK	2026-06-06T12:22:45.9603332Z /usr/bin/tar: ../../../../../usr/local/lib/android/sdk/platforms/android-35/data/res/values-mcc334-mnc020-hy: Cannot utime: Operation not permitted
build	Cache Android SDK	2026-06-06T12:22:45.9603789Z /usr/bin/tar: ../../../../../usr/local/lib/android/sdk/platforms/android-35/data/res/values-mcc334-mnc020-hy: Cannot change mode to rwxr-xr-x: Operation not permitted
build	Cache Android SDK	2026-06-06T12:22:45.9606274Z /usr/bin/tar: ../../../../../usr/local/lib/android/sdk/platforms/android-35/data/res/values-mcc310-mnc240-pa: Cannot utime: Operation not permitted
build	Cache Android SDK	2026-06-06T12:22:45.9606808Z /usr/bin/tar: ../../../../../usr/local/lib/android/sdk/platforms/android-35/data/res/values-mcc310-mnc240-pa: Cannot change mode to rwxr-xr-x: Operation not permitted
build	Cache Android SDK	2026-06-06T12:22:45.9609531Z /usr/bin/tar: ../../../../../usr/local/lib/android/sdk/platforms/android-35/data/res/values-mcc302-mnc370-ca: Cannot utime: Operation not permitted
build	Cache Android SDK	2026-06-06T12:22:45.9609983Z /usr/bin/tar: ../../../../../usr/local/lib/android/sdk/platforms/android-35/data/res/values-mcc302-mnc370-ca: Cannot change mode to rwxr-xr-x: Operation not permitted
build	Cache Android SDK	2026-06-06T12:22:45.9612401Z /usr/bin/tar: ../../../../../usr/local/lib/android/sdk/platforms/android-35/data/res/values-mcc310-mnc240-zh-rHK: Cannot utime: Operation not permitted
build	Cache Android SDK	2026-06-06T12:22:45.9612890Z /usr/bin/tar: ../../../../../usr/local/lib/android/sdk/platforms/android-35/data/res/values-mcc310-mnc240-zh-rHK: Cannot change mode to rwxr-xr-x: Operation not permitted
build	Cache Android SDK	2026-06-06T12:22:45.9615296Z /usr/bin/tar: ../../../../../usr/local/lib/android/sdk/platforms/android-35/data/res/values-mcc310-mnc950-lo: Cannot utime: Operation not permitted
build	Cache Android SDK	2026-06-06T12:22:45.9615824Z /usr/bin/tar: ../../../../../usr/local/lib/android/sdk/platforms/android-35/data/res/values-mcc310-mnc950-lo: Cannot change mode to rwxr-xr-x: Operation not permitted
build	Cache Android SDK	2026-06-06T12:22:45.9618395Z /usr/bin/tar: ../../../../../usr/local/lib/android/sdk/platforms/android-35/data/res/values-mcc310-mnc660-ta: Cannot utime: Operation not permitted
build	Cache Android SDK	2026-06-06T12:22:45.9618910Z /usr/bin/tar: ../../../../../usr/local/lib/android/sdk/platforms/android-35/data/res/values-mcc310-mnc660-ta: Cannot change mode to rwxr-xr-x: Operation not permitted
build	Cache Android SDK	2026-06-06T12:22:45.9621198Z /usr/bin/tar: ../../../../../usr/local/lib/android/sdk/platforms/android-35/data/res/values-mcc310-mnc270-ms: Cannot utime: Operation not permitted
build	Cache Android SDK	2026-06-06T12:22:45.9621719Z /usr/bin/tar: ../../../../../usr/local/lib/android/sdk/platforms/android-35/data/res/values-mcc310-mnc270-ms: Cannot change mode to rwxr-xr-x: Operation not permitted
build	Cache Android SDK	2026-06-06T12:22:45.9624444Z /usr/bin/tar: ../../../../../usr/local/lib/android/sdk/platforms/android-35/data/res/values-mcc310-mnc280-ca: Cannot utime: Operation not permitted
build	Cache Android SDK	2026-06-06T12:22:45.9624912Z /usr/bin/tar: ../../../../../usr/local/lib/android/sdk/platforms/android-35/data/res/values-mcc310-mnc280-ca: Cannot change mode to rwxr-xr-x: Operation not permitted
build	Cache Android SDK	2026-06-06T12:22:45.9627246Z /usr/bin/tar: ../../../../../usr/local/lib/android/sdk/platforms/android-35/data/res/values-mcc310-mnc280-az: Cannot utime: Operation not permitted
build	Cache Android SDK	2026-06-06T12:22:45.9628190Z /usr/bin/tar: ../../../../../usr/local/lib/android/sdk/platforms/android-35/data/res/values-mcc310-mnc280-az: Cannot change mode to rwxr-xr-x: Operation not permitted
build	Cache Android SDK	2026-06-06T12:22:45.9630354Z /usr/bin/tar: ../../../../../usr/local/lib/android/sdk/platforms/android-35/data/res/values-mcc310-mnc240-tr: Cannot utime: Operation not permitted
build	Cache Android SDK	2026-06-06T12:22:45.9630806Z /usr/bin/tar: ../../../../../usr/local/lib/android/sdk/platforms/android-35/data/res/values-mcc310-mnc240-tr: Cannot change mode to rwxr-xr-x: Operation not permitted
build	Cache Android SDK	2026-06-06T12:22:45.9633022Z /usr/bin/tar: ../../../../../usr/local/lib/android/sdk/platforms/android-35/data/res/values-mcc001-mnc01-sr: Cannot utime: Operation not permitted
build	Cache Android SDK	2026-06-06T12:22:45.9633481Z /usr/bin/tar: ../../../../../usr/local/lib/android/sdk/platforms/android-35/data/res/values-mcc001-mnc01-sr: Cannot change mode to rwxr-xr-x: Operation not permitted
build	Cache Android SDK	2026-06-06T12:22:45.9635939Z /usr/bin/tar: ../../../../../usr/local/lib/android/sdk/platforms/android-35/data/res/values-mcc312-mnc670-ja: Cannot utime: Operation not permitted
build	Cache Android SDK	2026-06-06T12:22:45.9636396Z /usr/bin/tar: ../../../../../usr/local/lib/android/sdk/platforms/android-35/data/res/values-mcc312-mnc670-ja: Cannot change mode to rwxr-xr-x: Operation not permitted
build	Cache Android SDK	2026-06-06T12:22:45.9638969Z /usr/bin/tar: ../../../../../usr/local/lib/android/sdk/platforms/android-35/data/res/values-mcc001-mnc01-gu: Cannot utime: Operation not permitted
build	Cache Android SDK	2026-06-06T12:22:45.9639462Z /usr/bin/tar: ../../../../../usr/local/lib/android/sdk/platforms/android-35/data/res/values-mcc001-mnc01-gu: Cannot change mode to rwxr-xr-x: Operation not permitted
build	Cache Android SDK	2026-06-06T12:22:45.9642141Z /usr/bin/tar: ../../../../../usr/local/lib/android/sdk/platforms/android-35/data/res/values-mcc334-mnc020-et: Cannot utime: Operation not permitted
build	Cache Android SDK	2026-06-06T12:22:45.9642585Z /usr/bin/tar: ../../../../../usr/local/lib/android/sdk/platforms/android-35/data/res/values-mcc334-mnc020-et: Cannot change mode to rwxr-xr-x: Operation not permitted
build	Cache Android SDK	2026-06-06T12:22:45.9645813Z /usr/bin/tar: ../../../../../usr/local/lib/android/sdk/platforms/android-35/data/res/values-mcc310-mnc560-am: Cannot utime: Operation not permitted
build	Cache Android SDK	2026-06-06T12:22:45.9646270Z /usr/bin/tar: ../../../../../usr/local/lib/android/sdk/platforms/android-35/data/res/values-mcc310-mnc560-am: Cannot change mode to rwxr-xr-x: Operation not permitted
build	Cache Android SDK	2026-06-06T12:22:45.9650078Z /usr/bin/tar: ../../../../../usr/local/lib/android/sdk/platforms/android-35/data/res/values-sw600dp-land: Cannot utime: Operation not permitted
build	Cache Android SDK	2026-06-06T12:22:45.9650535Z /usr/bin/tar: ../../../../../usr/local/lib/android/sdk/platforms/android-35/data/res/values-sw600dp-land: Cannot change mode to rwxr-xr-x: Operation not permitted
build	Cache Android SDK	2026-06-06T12:22:45.9653498Z /usr/bin/tar: ../../../../../usr/local/lib/android/sdk/platforms/android-35/data/res/values-mcc310-mnc950-ta: Cannot utime: Operation not permitted
build	Cache Android SDK	2026-06-06T12:22:45.9653955Z /usr/bin/tar: ../../../../../usr/local/lib/android/sdk/platforms/android-35/data/res/values-mcc310-mnc950-ta: Cannot change mode to rwxr-xr-x: Operation not permitted
build	Cache Android SDK	2026-06-06T12:22:45.9657521Z /usr/bin/tar: ../../../../../usr/local/lib/android/sdk/platforms/android-35/data/res/values-mcc310-mnc410-en-rGB: Cannot utime: Operation not permitted
build	Cache Android SDK	2026-06-06T12:22:45.9658005Z /usr/bin/tar: ../../../../../usr/local/lib/android/sdk/platforms/android-35/data/res/values-mcc310-mnc410-en-rGB: Cannot change mode to rwxr-xr-x: Operation not permitted
build	Cache Android SDK	2026-06-06T12:22:45.9661137Z /usr/bin/tar: ../../../../../usr/local/lib/android/sdk/platforms/android-35/data/res/values-mcc310-mnc230-es-rUS: Cannot utime: Operation not permitted
build	Cache Android SDK	2026-06-06T12:22:45.9661621Z /usr/bin/tar: ../../../../../usr/local/lib/android/sdk/platforms/android-35/data/res/values-mcc310-mnc230-es-rUS: Cannot change mode to rwxr-xr-x: Operation not permitted
build	Cache Android SDK	2026-06-06T12:22:45.9664073Z /usr/bin/tar: ../../../../../usr/local/lib/android/sdk/platforms/android-35/data/res/values-ar-television: Cannot utime: Operation not permitted
build	Cache Android SDK	2026-06-06T12:22:45.9664546Z /usr/bin/tar: ../../../../../usr/local/lib/android/sdk/platforms/android-35/data/res/values-ar-television: Cannot change mode to rwxr-xr-x: Operation not permitted
build	Cache Android SDK	2026-06-06T12:22:45.9667596Z /usr/bin/tar: ../../../../../usr/local/lib/android/sdk/platforms/android-35/data/res/values-mcc313-mnc100-bs: Cannot utime: Operation not permitted
build	Cache Android SDK	2026-06-06T12:22:45.9668053Z /usr/bin/tar: ../../../../../usr/local/lib/android/sdk/platforms/android-35/data/res/values-mcc313-mnc100-bs: Cannot change mode to rwxr-xr-x: Operation not permitted
build	Cache Android SDK	2026-06-06T12:22:45.9671003Z /usr/bin/tar: ../../../../../usr/local/lib/android/sdk/platforms/android-35/data/res/values-mcc310-mnc200-en-rGB: Cannot utime: Operation not permitted
build	Cache Android SDK	2026-06-06T12:22:45.9671479Z /usr/bin/tar: ../../../../../usr/local/lib/android/sdk/platforms/android-35/data/res/values-mcc310-mnc200-en-rGB: Cannot change mode to rwxr-xr-x: Operation not permitted
build	Cache Android SDK	2026-06-06T12:22:45.9674125Z /usr/bin/tar: ../../../../../usr/local/lib/android/sdk/platforms/android-35/data/res/values-mcc310-mnc950-ne: Cannot utime: Operation not permitted
build	Cache Android SDK	2026-06-06T12:22:45.9674579Z /usr/bin/tar: ../../../../../usr/local/lib/android/sdk/platforms/android-35/data/res/values-mcc310-mnc950-ne: Cannot change mode to rwxr-xr-x: Operation not permitted
build	Cache Android SDK	2026-06-06T12:22:45.9677471Z /usr/bin/tar: ../../../../../usr/local/lib/android/sdk/platforms/android-35/data/res/values-mcc310-mnc560-es: Cannot utime: Operation not permitted
build	Cache Android SDK	2026-06-06T12:22:45.9677938Z /usr/bin/tar: ../../../../../usr/local/lib/android/sdk/platforms/android-35/data/res/values-mcc310-mnc560-es: Cannot change mode to rwxr-xr-x: Operation not permitted
build	Cache Android SDK	2026-06-06T12:22:45.9681478Z /usr/bin/tar: ../../../../../usr/local/lib/android/sdk/platforms/android-35/data/res/values-mcc001-mnc01-b+sr+Latn: Cannot utime: Operation not permitted
build	Cache Android SDK	2026-06-06T12:22:45.9681945Z /usr/bin/tar: ../../../../../usr/local/lib/android/sdk/platforms/android-35/data/res/values-mcc001-mnc01-b+sr+Latn: Cannot change mode to rwxr-xr-x: Operation not permitted
build	Cache Android SDK	2026-06-06T12:22:45.9684353Z /usr/bin/tar: ../../../../../usr/local/lib/android/sdk/platforms/android-35/data/res/values-mcc310-mnc800-sk: Cannot utime: Operation not permitted
build	Cache Android SDK	2026-06-06T12:22:45.9684818Z /usr/bin/tar: ../../../../../usr/local/lib/android/sdk/platforms/android-35/data/res/values-mcc310-mnc800-sk: Cannot change mode to rwxr-xr-x: Operation not permitted
build	Cache Android SDK	2026-06-06T12:22:45.9687663Z /usr/bin/tar: ../../../../../usr/local/lib/android/sdk/platforms/android-35/data/res/values-mcc310-mnc410-ms: Cannot utime: Operation not permitted
build	Cache Android SDK	2026-06-06T12:22:45.9688237Z /usr/bin/tar: ../../../../../usr/local/lib/android/sdk/platforms/android-35/data/res/values-mcc310-mnc410-ms: Cannot change mode to rwxr-xr-x: Operation not permitted
build	Cache Android SDK	2026-06-06T12:22:45.9691483Z /usr/bin/tar: ../../../../../usr/local/lib/android/sdk/platforms/android-35/data/res/values-mcc313-mnc100-en-rIN: Cannot utime: Operation not permitted
build	Cache Android SDK	2026-06-06T12:22:45.9691946Z /usr/bin/tar: ../../../../../usr/local/lib/android/sdk/platforms/android-35/data/res/values-mcc313-mnc100-en-rIN: Cannot change mode to rwxr-xr-x: Operation not permitted
build	Cache Android SDK	2026-06-06T12:22:45.9694667Z /usr/bin/tar: ../../../../../usr/local/lib/android/sdk/platforms/android-35/data/res/values-mcc310-mnc160-mn: Cannot utime: Operation not permitted
build	Cache Android SDK	2026-06-06T12:22:45.9695127Z /usr/bin/tar: ../../../../../usr/local/lib/android/sdk/platforms/android-35/data/res/values-mcc310-mnc160-mn: Cannot change mode to rwxr-xr-x: Operation not permitted
build	Cache Android SDK	2026-06-06T12:22:45.9697829Z /usr/bin/tar: ../../../../../usr/local/lib/android/sdk/platforms/android-35/data/res/values-mcc310-mnc240-el: Cannot utime: Operation not permitted
build	Cache Android SDK	2026-06-06T12:22:45.9698284Z /usr/bin/tar: ../../../../../usr/local/lib/android/sdk/platforms/android-35/data/res/values-mcc310-mnc240-el: Cannot change mode to rwxr-xr-x: Operation not permitted
build	Cache Android SDK	2026-06-06T12:22:45.9700917Z /usr/bin/tar: ../../../../../usr/local/lib/android/sdk/platforms/android-35/data/res/values-mcc312-mnc670-ko: Cannot utime: Operation not permitted
build	Cache Android SDK	2026-06-06T12:22:45.9701389Z /usr/bin/tar: ../../../../../usr/local/lib/android/sdk/platforms/android-35/data/res/values-mcc312-mnc670-ko: Cannot change mode to rwxr-xr-x: Operation not permitted
build	Cache Android SDK	2026-06-06T12:22:45.9704022Z /usr/bin/tar: ../../../../../usr/local/lib/android/sdk/platforms/android-35/data/res/values-mcc001-mnc01-as: Cannot utime: Operation not permitted
build	Cache Android SDK	2026-06-06T12:22:45.9704486Z /usr/bin/tar: ../../../../../usr/local/lib/android/sdk/platforms/android-35/data/res/values-mcc001-mnc01-as: Cannot change mode to rwxr-xr-x: Operation not permitted
build	Cache Android SDK	2026-06-06T12:22:45.9706868Z /usr/bin/tar: ../../../../../usr/local/lib/android/sdk/platforms/android-35/data/res/values-mcc310-mnc950-en-rGB: Cannot utime: Operation not permitted
build	Cache Android SDK	2026-06-06T12:22:45.9707469Z /usr/bin/tar: ../../../../../usr/local/lib/android/sdk/platforms/android-35/data/res/values-mcc310-mnc950-en-rGB: Cannot change mode to rwxr-xr-x: Operation not permitted
build	Cache Android SDK	2026-06-06T12:22:45.9710009Z /usr/bin/tar: ../../../../../usr/local/lib/android/sdk/platforms/android-35/data/res/values-mcc310-mnc250-zh-rTW: Cannot utime: Operation not permitted
build	Cache Android SDK	2026-06-06T12:22:45.9710477Z /usr/bin/tar: ../../../../../usr/local/lib/android/sdk/platforms/android-35/data/res/values-mcc310-mnc250-zh-rTW: Cannot change mode to rwxr-xr-x: Operation not permitted
build	Cache Android SDK	2026-06-06T12:22:45.9713192Z /usr/bin/tar: ../../../../../usr/local/lib/android/sdk/platforms/android-35/data/res/values-mcc312-mnc670-bs: Cannot utime: Operation not permitted
build	Cache Android SDK	2026-06-06T12:22:45.9713680Z /usr/bin/tar: ../../../../../usr/local/lib/android/sdk/platforms/android-35/data/res/values-mcc312-mnc670-bs: Cannot change mode to rwxr-xr-x: Operation not permitted
build	Cache Android SDK	2026-06-06T12:22:45.9716189Z /usr/bin/tar: ../../../../../usr/local/lib/android/sdk/platforms/android-35/data/res/values-mcc302-mnc370-uz: Cannot utime: Operation not permitted
build	Cache Android SDK	2026-06-06T12:22:45.9716642Z /usr/bin/tar: ../../../../../usr/local/lib/android/sdk/platforms/android-35/data/res/values-mcc302-mnc370-uz: Cannot change mode to rwxr-xr-x: Operation not permitted
build	Cache Android SDK	2026-06-06T12:22:45.9719438Z /usr/bin/tar: ../../../../../usr/local/lib/android/sdk/platforms/android-35/data/res/values-mcc310-mnc220-nb: Cannot utime: Operation not permitted
build	Cache Android SDK	2026-06-06T12:22:45.9719974Z /usr/bin/tar: ../../../../../usr/local/lib/android/sdk/platforms/android-35/data/res/values-mcc310-mnc220-nb: Cannot change mode to rwxr-xr-x: Operation not permitted
build	Cache Android SDK	2026-06-06T12:22:45.9722489Z /usr/bin/tar: ../../../../../usr/local/lib/android/sdk/platforms/android-35/data/res/values-mcc310-mnc150-nb: Cannot utime: Operation not permitted
build	Cache Android SDK	2026-06-06T12:22:45.9723405Z /usr/bin/tar: ../../../../../usr/local/lib/android/sdk/platforms/android-35/data/res/values-mcc310-mnc150-nb: Cannot change mode to rwxr-xr-x: Operation not permitted
build	Cache Android SDK	2026-06-06T12:22:45.9725502Z /usr/bin/tar: ../../../../../usr/local/lib/android/sdk/platforms/android-35/data/res/values-mcc310-mnc030-et: Cannot utime: Operation not permitted
build	Cache Android SDK	2026-06-06T12:22:45.9725947Z /usr/bin/tar: ../../../../../usr/local/lib/android/sdk/platforms/android-35/data/res/values-mcc310-mnc030-et: Cannot change mode to rwxr-xr-x: Operation not permitted
build	Cache Android SDK	2026-06-06T12:22:45.9728242Z /usr/bin/tar: ../../../../../usr/local/lib/android/sdk/platforms/android-35/data/res/values-mcc310-mnc310-sr: Cannot utime: Operation not permitted
build	Cache Android SDK	2026-06-06T12:22:45.9728710Z /usr/bin/tar: ../../../../../usr/local/lib/android/sdk/platforms/android-35/data/res/values-mcc310-mnc310-sr: Cannot change mode to rwxr-xr-x: Operation not permitted
build	Cache Android SDK	2026-06-06T12:22:45.9731053Z /usr/bin/tar: ../../../../../usr/local/lib/android/sdk/platforms/android-35/data/res/values-mcc310-mnc250-ro: Cannot utime: Operation not permitted
build	Cache Android SDK	2026-06-06T12:22:45.9731503Z /usr/bin/tar: ../../../../../usr/local/lib/android/sdk/platforms/android-35/data/res/values-mcc310-mnc250-ro: Cannot change mode to rwxr-xr-x: Operation not permitted
build	Cache Android SDK	2026-06-06T12:22:45.9733803Z /usr/bin/tar: ../../../../../usr/local/lib/android/sdk/platforms/android-35/data/res/values-mcc302-mnc370-tr: Cannot utime: Operation not permitted
build	Cache Android SDK	2026-06-06T12:22:45.9734259Z /usr/bin/tar: ../../../../../usr/local/lib/android/sdk/platforms/android-35/data/res/values-mcc302-mnc370-tr: Cannot change mode to rwxr-xr-x: Operation not permitted
build	Cache Android SDK	2026-06-06T12:22:45.9736848Z /usr/bin/tar: ../../../../../usr/local/lib/android/sdk/platforms/android-35/data/res/values-mcc310-mnc200-nl: Cannot utime: Operation not permitted
build	Cache Android SDK	2026-06-06T12:22:45.9737299Z /usr/bin/tar: ../../../../../usr/local/lib/android/sdk/platforms/android-35/data/res/values-mcc310-mnc200-nl: Cannot change mode to rwxr-xr-x: Operation not permitted
build	Cache Android SDK	2026-06-06T12:22:45.9739760Z /usr/bin/tar: ../../../../../usr/local/lib/android/sdk/platforms/android-35/data/res/values-mcc310-mnc660-sw: Cannot utime: Operation not permitted
build	Cache Android SDK	2026-06-06T12:22:45.9740210Z /usr/bin/tar: ../../../../../usr/local/lib/android/sdk/platforms/android-35/data/res/values-mcc310-mnc660-sw: Cannot change mode to rwxr-xr-x: Operation not permitted
build	Cache Android SDK	2026-06-06T12:22:45.9742534Z /usr/bin/tar: ../../../../../usr/local/lib/android/sdk/platforms/android-35/data/res/values-mcc313-mnc100-sr: Cannot utime: Operation not permitted
build	Cache Android SDK	2026-06-06T12:22:45.9742992Z /usr/bin/tar: ../../../../../usr/local/lib/android/sdk/platforms/android-35/data/res/values-mcc313-mnc100-sr: Cannot change mode to rwxr-xr-x: Operation not permitted
build	Cache Android SDK	2026-06-06T12:22:45.9745270Z /usr/bin/tar: ../../../../../usr/local/lib/android/sdk/platforms/android-35/data/res/raw-da: Cannot utime: Operation not permitted
build	Cache Android SDK	2026-06-06T12:22:45.9745726Z /usr/bin/tar: ../../../../../usr/local/lib/android/sdk/platforms/android-35/data/res/raw-da: Cannot change mode to rwxr-xr-x: Operation not permitted
build	Cache Android SDK	2026-06-06T12:22:45.9748623Z /usr/bin/tar: ../../../../../usr/local/lib/android/sdk/platforms/android-35/data/res/values-mcc334-mnc020-fr-masculine: Cannot utime: Operation not permitted
build	Cache Android SDK	2026-06-06T12:22:45.9749116Z /usr/bin/tar: ../../../../../usr/local/lib/android/sdk/platforms/android-35/data/res/values-mcc334-mnc020-fr-masculine: Cannot change mode to rwxr-xr-x: Operation not permitted
build	Cache Android SDK	2026-06-06T12:22:45.9751778Z /usr/bin/tar: ../../../../../usr/local/lib/android/sdk/platforms/android-35/data/res/values-mcc260: Cannot utime: Operation not permitted
build	Cache Android SDK	2026-06-06T12:22:45.9752251Z /usr/bin/tar: ../../../../../usr/local/lib/android/sdk/platforms/android-35/data/res/values-mcc260: Cannot change mode to rwxr-xr-x: Operation not permitted
build	Cache Android SDK	2026-06-06T12:22:45.9754490Z /usr/bin/tar: ../../../../../usr/local/lib/android/sdk/platforms/android-35/data/res/values-mcc310-mnc220-ja: Cannot utime: Operation not permitted
build	Cache Android SDK	2026-06-06T12:22:45.9755060Z /usr/bin/tar: ../../../../../usr/local/lib/android/sdk/platforms/android-35/data/res/values-mcc310-mnc220-ja: Cannot change mode to rwxr-xr-x: Operation not permitted
build	Cache Android SDK	2026-06-06T12:22:45.9757680Z /usr/bin/tar: ../../../../../usr/local/lib/android/sdk/platforms/android-35/data/res/values-mcc310-mnc800-en-rIN: Cannot utime: Operation not permitted
build	Cache Android SDK	2026-06-06T12:22:45.9758142Z /usr/bin/tar: ../../../../../usr/local/lib/android/sdk/platforms/android-35/data/res/values-mcc310-mnc800-en-rIN: Cannot change mode to rwxr-xr-x: Operation not permitted
build	Cache Android SDK	2026-06-06T12:22:45.9760284Z /usr/bin/tar: ../../../../../usr/local/lib/android/sdk/platforms/android-35/data/res/values-mcc310-mnc250-pt-rPT: Cannot utime: Operation not permitted
build	Cache Android SDK	2026-06-06T12:22:45.9760747Z /usr/bin/tar: ../../../../../usr/local/lib/android/sdk/platforms/android-35/data/res/values-mcc310-mnc250-pt-rPT: Cannot change mode to rwxr-xr-x: Operation not permitted
build	Cache Android SDK	2026-06-06T12:22:45.9763348Z /usr/bin/tar: ../../../../../usr/local/lib/android/sdk/platforms/android-35/data/res/values-mcc310-mnc490-ka: Cannot utime: Operation not permitted
build	Cache Android SDK	2026-06-06T12:22:45.9763806Z /usr/bin/tar: ../../../../../usr/local/lib/android/sdk/platforms/android-35/data/res/values-mcc310-mnc490-ka: Cannot change mode to rwxr-xr-x: Operation not permitted
build	Cache Android SDK	2026-06-06T12:22:45.9766042Z /usr/bin/tar: ../../../../../usr/local/lib/android/sdk/platforms/android-35/data/res/values-mcc310-mnc490-be: Cannot utime: Operation not permitted
build	Cache Android SDK	2026-06-06T12:22:45.9766478Z /usr/bin/tar: ../../../../../usr/local/lib/android/sdk/platforms/android-35/data/res/values-mcc310-mnc490-be: Cannot change mode to rwxr-xr-x: Operation not permitted
build	Cache Android SDK	2026-06-06T12:22:45.9769771Z /usr/bin/tar: ../../../../../usr/local/lib/android/sdk/platforms/android-35/data/res/values-mcc204: Cannot utime: Operation not permitted
build	Cache Android SDK	2026-06-06T12:22:45.9770246Z /usr/bin/tar: ../../../../../usr/local/lib/android/sdk/platforms/android-35/data/res/values-mcc204: Cannot change mode to rwxr-xr-x: Operation not permitted
build	Cache Android SDK	2026-06-06T12:22:45.9772538Z /usr/bin/tar: ../../../../../usr/local/lib/android/sdk/platforms/android-35/data/res/values-mcc310-mnc660-sr: Cannot utime: Operation not permitted
build	Cache Android SDK	2026-06-06T12:22:45.9772995Z /usr/bin/tar: ../../../../../usr/local/lib/android/sdk/platforms/android-35/data/res/values-mcc310-mnc660-sr: Cannot change mode to rwxr-xr-x: Operation not permitted
build	Cache Android SDK	2026-06-06T12:22:45.9775932Z /usr/bin/tar: ../../../../../usr/local/lib/android/sdk/platforms/android-35/data/res/values-mcc310-mnc220-lv: Cannot utime: Operation not permitted
build	Cache Android SDK	2026-06-06T12:22:45.9776903Z /usr/bin/tar: ../../../../../usr/local/lib/android/sdk/platforms/android-35/data/res/values-mcc310-mnc220-lv: Cannot change mode to rwxr-xr-x: Operation not permitted
build	Cache Android SDK	2026-06-06T12:22:45.9779224Z /usr/bin/tar: ../../../../../usr/local/lib/android/sdk/platforms/android-35/data/res/values-mcc310-mnc200-gl: Cannot utime: Operation not permitted
build	Cache Android SDK	2026-06-06T12:22:45.9779734Z /usr/bin/tar: ../../../../../usr/local/lib/android/sdk/platforms/android-35/data/res/values-mcc310-mnc200-gl: Cannot change mode to rwxr-xr-x: Operation not permitted
build	Cache Android SDK	2026-06-06T12:22:45.9782381Z /usr/bin/tar: ../../../../../usr/local/lib/android/sdk/platforms/android-35/data/res/values-en-rUS: Cannot utime: Operation not permitted
build	Cache Android SDK	2026-06-06T12:22:45.9782804Z /usr/bin/tar: ../../../../../usr/local/lib/android/sdk/platforms/android-35/data/res/values-en-rUS: Cannot change mode to rwxr-xr-x: Operation not permitted
build	Cache Android SDK	2026-06-06T12:22:45.9785431Z /usr/bin/tar: ../../../../../usr/local/lib/android/sdk/platforms/android-35/data/res/values-mcc310-mnc240-gu: Cannot utime: Operation not permitted
build	Cache Android SDK	2026-06-06T12:22:45.9785879Z /usr/bin/tar: ../../../../../usr/local/lib/android/sdk/platforms/android-35/data/res/values-mcc310-mnc240-gu: Cannot change mode to rwxr-xr-x: Operation not permitted
build	Cache Android SDK	2026-06-06T12:22:45.9788555Z /usr/bin/tar: ../../../../../usr/local/lib/android/sdk/platforms/android-35/data/res/values-mcc310-mnc150-es-rUS: Cannot utime: Operation not permitted
build	Cache Android SDK	2026-06-06T12:22:45.9789016Z /usr/bin/tar: ../../../../../usr/local/lib/android/sdk/platforms/android-35/data/res/values-mcc310-mnc150-es-rUS: Cannot change mode to rwxr-xr-x: Operation not permitted
build	Cache Android SDK	2026-06-06T12:22:45.9795337Z /usr/bin/tar: ../../../../../usr/local/lib/android/sdk/platforms/android-35/data/res/values-ru: Cannot utime: Operation not permitted
build	Cache Android SDK	2026-06-06T12:22:45.9796411Z /usr/bin/tar: ../../../../../usr/local/lib/android/sdk/platforms/android-35/data/res/values-ru: Cannot change mode to rwxr-xr-x: Operation not permitted
build	Cache Android SDK	2026-06-06T12:22:45.9798086Z /usr/bin/tar: ../../../../../usr/local/lib/android/sdk/platforms/android-35/data/res/values-mcc310-mnc150-ar: Cannot utime: Operation not permitted
build	Cache Android SDK	2026-06-06T12:22:45.9798543Z /usr/bin/tar: ../../../../../usr/local/lib/android/sdk/platforms/android-35/data/res/values-mcc310-mnc150-ar: Cannot change mode to rwxr-xr-x: Operation not permitted
build	Cache Android SDK	2026-06-06T12:22:45.9801261Z /usr/bin/tar: ../../../../../usr/local/lib/android/sdk/platforms/android-35/data/res/values-mcc310-mnc310-bg: Cannot utime: Operation not permitted
build	Cache Android SDK	2026-06-06T12:22:45.9801716Z /usr/bin/tar: ../../../../../usr/local/lib/android/sdk/platforms/android-35/data/res/values-mcc310-mnc310-bg: Cannot change mode to rwxr-xr-x: Operation not permitted
build	Cache Android SDK	2026-06-06T12:22:45.9807137Z /usr/bin/tar: ../../../../../usr/local/lib/android/sdk/platforms/android-35/data/res/values-ro-rRO: Cannot utime: Operation not permitted
build	Cache Android SDK	2026-06-06T12:22:45.9808353Z /usr/bin/tar: ../../../../../usr/local/lib/android/sdk/platforms/android-35/data/res/values-ro-rRO: Cannot change mode to rwxr-xr-x: Operation not permitted
build	Cache Android SDK	2026-06-06T12:22:45.9810142Z /usr/bin/tar: ../../../../../usr/local/lib/android/sdk/platforms/android-35/data/res/values-mcc302-mnc370-az: Cannot utime: Operation not permitted
build	Cache Android SDK	2026-06-06T12:22:45.9810593Z /usr/bin/tar: ../../../../../usr/local/lib/android/sdk/platforms/android-35/data/res/values-mcc302-mnc370-az: Cannot change mode to rwxr-xr-x: Operation not permitted
build	Cache Android SDK	2026-06-06T12:22:45.9816737Z /usr/bin/tar: ../../../../../usr/local/lib/android/sdk/platforms/android-35/data/res/values-hr: Cannot utime: Operation not permitted
build	Cache Android SDK	2026-06-06T12:22:45.9817170Z /usr/bin/tar: ../../../../../usr/local/lib/android/sdk/platforms/android-35/data/res/values-hr: Cannot change mode to rwxr-xr-x: Operation not permitted
build	Cache Android SDK	2026-06-06T12:22:45.9819605Z /usr/bin/tar: ../../../../../usr/local/lib/android/sdk/platforms/android-35/data/res/values-mcc310-mnc280-zh-rTW: Cannot utime: Operation not permitted
build	Cache Android SDK	2026-06-06T12:22:45.9820074Z /usr/bin/tar: ../../../../../usr/local/lib/android/sdk/platforms/android-35/data/res/values-mcc310-mnc280-zh-rTW: Cannot change mode to rwxr-xr-x: Operation not permitted
build	Cache Android SDK	2026-06-06T12:22:45.9822515Z /usr/bin/tar: ../../../../../usr/local/lib/android/sdk/platforms/android-35/data/res/values-mcc310-mnc490-pa: Cannot utime: Operation not permitted
build	Cache Android SDK	2026-06-06T12:22:45.9822959Z /usr/bin/tar: ../../../../../usr/local/lib/android/sdk/platforms/android-35/data/res/values-mcc310-mnc490-pa: Cannot change mode to rwxr-xr-x: Operation not permitted
build	Cache Android SDK	2026-06-06T12:22:45.9825434Z /usr/bin/tar: ../../../../../usr/local/lib/android/sdk/platforms/android-35/data/res/values-mcc310-mnc030-kk: Cannot utime: Operation not permitted
build	Cache Android SDK	2026-06-06T12:22:45.9825881Z /usr/bin/tar: ../../../../../usr/local/lib/android/sdk/platforms/android-35/data/res/values-mcc310-mnc030-kk: Cannot change mode to rwxr-xr-x: Operation not permitted
build	Cache Android SDK	2026-06-06T12:22:45.9828741Z /usr/bin/tar: ../../../../../usr/local/lib/android/sdk/platforms/android-35/data/res/values-mcc302-mnc720-pt-rBR: Cannot utime: Operation not permitted
build	Cache Android SDK	2026-06-06T12:22:45.9829207Z /usr/bin/tar: ../../../../../usr/local/lib/android/sdk/platforms/android-35/data/res/values-mcc302-mnc720-pt-rBR: Cannot change mode to rwxr-xr-x: Operation not permitted
build	Cache Android SDK	2026-06-06T12:22:45.9831548Z /usr/bin/tar: ../../../../../usr/local/lib/android/sdk/platforms/android-35/data/res/values-mcc310-mnc160-ka: Cannot utime: Operation not permitted
build	Cache Android SDK	2026-06-06T12:22:45.9831996Z /usr/bin/tar: ../../../../../usr/local/lib/android/sdk/platforms/android-35/data/res/values-mcc310-mnc160-ka: Cannot change mode to rwxr-xr-x: Operation not permitted
build	Cache Android SDK	2026-06-06T12:22:45.9834381Z /usr/bin/tar: ../../../../../usr/local/lib/android/sdk/platforms/android-35/data/res/values-mcc310-mnc280-am: Cannot utime: Operation not permitted
build	Cache Android SDK	2026-06-06T12:22:45.9834825Z /usr/bin/tar: ../../../../../usr/local/lib/android/sdk/platforms/android-35/data/res/values-mcc310-mnc280-am: Cannot change mode to rwxr-xr-x: Operation not permitted
build	Cache Android SDK	2026-06-06T12:22:45.9838064Z /usr/bin/tar: ../../../../../usr/local/lib/android/sdk/platforms/android-35/data/res/values-mcc310-mnc410: Cannot utime: Operation not permitted
build	Cache Android SDK	2026-06-06T12:22:45.9838510Z /usr/bin/tar: ../../../../../usr/local/lib/android/sdk/platforms/android-35/data/res/values-mcc310-mnc410: Cannot change mode to rwxr-xr-x: Operation not permitted
build	Cache Android SDK	2026-06-06T12:22:45.9841011Z /usr/bin/tar: ../../../../../usr/local/lib/android/sdk/platforms/android-35/data/res/values-mcc310-mnc950-en-rIN: Cannot utime: Operation not permitted
build	Cache Android SDK	2026-06-06T12:22:45.9841557Z /usr/bin/tar: ../../../../../usr/local/lib/android/sdk/platforms/android-35/data/res/values-mcc310-mnc950-en-rIN: Cannot change mode to rwxr-xr-x: Operation not permitted
build	Cache Android SDK	2026-06-06T12:22:45.9843979Z /usr/bin/tar: ../../../../../usr/local/lib/android/sdk/platforms/android-35/data/res/values-mcc334-mnc020-fa: Cannot utime: Operation not permitted
build	Cache Android SDK	2026-06-06T12:22:45.9844426Z /usr/bin/tar: ../../../../../usr/local/lib/android/sdk/platforms/android-35/data/res/values-mcc334-mnc020-fa: Cannot change mode to rwxr-xr-x: Operation not permitted
build	Cache Android SDK	2026-06-06T12:22:45.9846991Z /usr/bin/tar: ../../../../../usr/local/lib/android/sdk/platforms/android-35/data/res/values-mcc310-mnc240-ko: Cannot utime: Operation not permitted
build	Cache Android SDK	2026-06-06T12:22:45.9847528Z /usr/bin/tar: ../../../../../usr/local/lib/android/sdk/platforms/android-35/data/res/values-mcc310-mnc240-ko: Cannot change mode to rwxr-xr-x: Operation not permitted
build	Cache Android SDK	2026-06-06T12:22:45.9850409Z /usr/bin/tar: ../../../../../usr/local/lib/android/sdk/platforms/android-35/data/res/values-mcc310-mnc410-en-rAU: Cannot utime: Operation not permitted
build	Cache Android SDK	2026-06-06T12:22:45.9850876Z /usr/bin/tar: ../../../../../usr/local/lib/android/sdk/platforms/android-35/data/res/values-mcc310-mnc410-en-rAU: Cannot change mode to rwxr-xr-x: Operation not permitted
build	Cache Android SDK	2026-06-06T12:22:45.9853292Z /usr/bin/tar: ../../../../../usr/local/lib/android/sdk/platforms/android-35/data/res/values-mcc302-mnc370-fr: Cannot utime: Operation not permitted
build	Cache Android SDK	2026-06-06T12:22:45.9853740Z /usr/bin/tar: ../../../../../usr/local/lib/android/sdk/platforms/android-35/data/res/values-mcc302-mnc370-fr: Cannot change mode to rwxr-xr-x: Operation not permitted
build	Cache Android SDK	2026-06-06T12:22:45.9856590Z /usr/bin/tar: ../../../../../usr/local/lib/android/sdk/platforms/android-35/data/res/values-mcc310-mnc410-fr: Cannot utime: Operation not permitted
build	Cache Android SDK	2026-06-06T12:22:45.9857024Z /usr/bin/tar: ../../../../../usr/local/lib/android/sdk/platforms/android-35/data/res/values-mcc310-mnc410-fr: Cannot change mode to rwxr-xr-x: Operation not permitted
build	Cache Android SDK	2026-06-06T12:22:45.9859795Z /usr/bin/tar: ../../../../../usr/local/lib/android/sdk/platforms/android-35/data/res/values-mcc310-mnc240-ur: Cannot utime: Operation not permitted
build	Cache Android SDK	2026-06-06T12:22:45.9860241Z /usr/bin/tar: ../../../../../usr/local/lib/android/sdk/platforms/android-35/data/res/values-mcc310-mnc240-ur: Cannot change mode to rwxr-xr-x: Operation not permitted
build	Cache Android SDK	2026-06-06T12:22:45.9862555Z /usr/bin/tar: ../../../../../usr/local/lib/android/sdk/platforms/android-35/data/res/values-mcc310-mnc220-de: Cannot utime: Operation not permitted
build	Cache Android SDK	2026-06-06T12:22:45.9862995Z /usr/bin/tar: ../../../../../usr/local/lib/android/sdk/platforms/android-35/data/res/values-mcc310-mnc220-de: Cannot change mode to rwxr-xr-x: Operation not permitted
build	Cache Android SDK	2026-06-06T12:22:45.9865690Z /usr/bin/tar: ../../../../../usr/local/lib/android/sdk/platforms/android-35/data/res/values-mcc310-mnc030-en-rXC: Cannot utime: Operation not permitted
build	Cache Android SDK	2026-06-06T12:22:45.9866149Z /usr/bin/tar: ../../../../../usr/local/lib/android/sdk/platforms/android-35/data/res/values-mcc310-mnc030-en-rXC: Cannot change mode to rwxr-xr-x: Operation not permitted
build	Cache Android SDK	2026-06-06T12:22:45.9868994Z /usr/bin/tar: ../../../../../usr/local/lib/android/sdk/platforms/android-35/data/res/values-mcc001-mnc01-ko: Cannot utime: Operation not permitted
build	Cache Android SDK	2026-06-06T12:22:45.9869446Z /usr/bin/tar: ../../../../../usr/local/lib/android/sdk/platforms/android-35/data/res/values-mcc001-mnc01-ko: Cannot change mode to rwxr-xr-x: Operation not permitted
build	Cache Android SDK	2026-06-06T12:22:45.9871951Z /usr/bin/tar: ../../../../../usr/local/lib/android/sdk/platforms/android-35/data/res/values-mcc334-mnc020-gu: Cannot utime: Operation not permitted
build	Cache Android SDK	2026-06-06T12:22:45.9872393Z /usr/bin/tar: ../../../../../usr/local/lib/android/sdk/platforms/android-35/data/res/values-mcc334-mnc020-gu: Cannot change mode to rwxr-xr-x: Operation not permitted
build	Cache Android SDK	2026-06-06T12:22:45.9874904Z /usr/bin/tar: ../../../../../usr/local/lib/android/sdk/platforms/android-35/data/res/values-mcc310-mnc560-zh-rTW: Cannot utime: Operation not permitted
build	Cache Android SDK	2026-06-06T12:22:45.9875360Z /usr/bin/tar: ../../../../../usr/local/lib/android/sdk/platforms/android-35/data/res/values-mcc310-mnc560-zh-rTW: Cannot change mode to rwxr-xr-x: Operation not permitted
build	Cache Android SDK	2026-06-06T12:22:45.9879682Z /usr/bin/tar: ../../../../../usr/local/lib/android/sdk/platforms/android-35/data/res/values-mcc310-mnc280-en-rAU: Cannot utime: Operation not permitted
build	Cache Android SDK	2026-06-06T12:22:45.9880358Z /usr/bin/tar: ../../../../../usr/local/lib/android/sdk/platforms/android-35/data/res/values-mcc310-mnc280-en-rAU: Cannot change mode to rwxr-xr-x: Operation not permitted
build	Cache Android SDK	2026-06-06T12:22:45.9881046Z /usr/bin/tar: ../../../../../usr/local/lib/android/sdk/platforms/android-35/data/res/values-mcc310-mnc210-fi: Cannot utime: Operation not permitted
build	Cache Android SDK	2026-06-06T12:22:45.9881491Z /usr/bin/tar: ../../../../../usr/local/lib/android/sdk/platforms/android-35/data/res/values-mcc310-mnc210-fi: Cannot change mode to rwxr-xr-x: Operation not permitted
build	Cache Android SDK	2026-06-06T12:22:45.9884171Z /usr/bin/tar: ../../../../../usr/local/lib/android/sdk/platforms/android-35/data/res/values-mcc310-mnc170-de: Cannot utime: Operation not permitted
build	Cache Android SDK	2026-06-06T12:22:45.9884615Z /usr/bin/tar: ../../../../../usr/local/lib/android/sdk/platforms/android-35/data/res/values-mcc310-mnc170-de: Cannot change mode to rwxr-xr-x: Operation not permitted
build	Cache Android SDK	2026-06-06T12:22:45.9886945Z /usr/bin/tar: ../../../../../usr/local/lib/android/sdk/platforms/android-35/data/res/values-mcc310-mnc210-gu: Cannot utime: Operation not permitted
build	Cache Android SDK	2026-06-06T12:22:45.9887538Z /usr/bin/tar: ../../../../../usr/local/lib/android/sdk/platforms/android-35/data/res/values-mcc310-mnc210-gu: Cannot change mode to rwxr-xr-x: Operation not permitted
build	Cache Android SDK	2026-06-06T12:22:45.9890353Z /usr/bin/tar: ../../../../../usr/local/lib/android/sdk/platforms/android-35/data/res/values-mcc310-mnc660-hi: Cannot utime: Operation not permitted
build	Cache Android SDK	2026-06-06T12:22:45.9890822Z /usr/bin/tar: ../../../../../usr/local/lib/android/sdk/platforms/android-35/data/res/values-mcc310-mnc660-hi: Cannot change mode to rwxr-xr-x: Operation not permitted
build	Cache Android SDK	2026-06-06T12:22:45.9893180Z /usr/bin/tar: ../../../../../usr/local/lib/android/sdk/platforms/android-35/data/res/values-mcc310-mnc210-nl: Cannot utime: Operation not permitted
build	Cache Android SDK	2026-06-06T12:22:45.9893628Z /usr/bin/tar: ../../../../../usr/local/lib/android/sdk/platforms/android-35/data/res/values-mcc310-mnc210-nl: Cannot change mode to rwxr-xr-x: Operation not permitted
build	Cache Android SDK	2026-06-06T12:22:45.9895965Z /usr/bin/tar: ../../../../../usr/local/lib/android/sdk/platforms/android-35/data/res/values-mcc334-mnc020-am: Cannot utime: Operation not permitted
build	Cache Android SDK	2026-06-06T12:22:45.9896416Z /usr/bin/tar: ../../../../../usr/local/lib/android/sdk/platforms/android-35/data/res/values-mcc334-mnc020-am: Cannot change mode to rwxr-xr-x: Operation not permitted
build	Cache Android SDK	2026-06-06T12:22:45.9899239Z /usr/bin/tar: ../../../../../usr/local/lib/android/sdk/platforms/android-35/data/res/values-mcc334-mnc020-my: Cannot utime: Operation not permitted
build	Cache Android SDK	2026-06-06T12:22:45.9899700Z /usr/bin/tar: ../../../../../usr/local/lib/android/sdk/platforms/android-35/data/res/values-mcc334-mnc020-my: Cannot change mode to rwxr-xr-x: Operation not permitted
build	Cache Android SDK	2026-06-06T12:22:45.9901972Z /usr/bin/tar: ../../../../../usr/local/lib/android/sdk/platforms/android-35/data/res/values-mcc740-mnc00: Cannot utime: Operation not permitted
build	Cache Android SDK	2026-06-06T12:22:45.9902438Z /usr/bin/tar: ../../../../../usr/local/lib/android/sdk/platforms/android-35/data/res/values-mcc740-mnc00: Cannot change mode to rwxr-xr-x: Operation not permitted
build	Cache Android SDK	2026-06-06T12:22:45.9905209Z /usr/bin/tar: ../../../../../usr/local/lib/android/sdk/platforms/android-35/data/res/values-mcc310-mnc200-ky: Cannot utime: Operation not permitted
build	Cache Android SDK	2026-06-06T12:22:45.9905678Z /usr/bin/tar: ../../../../../usr/local/lib/android/sdk/platforms/android-35/data/res/values-mcc310-mnc200-ky: Cannot change mode to rwxr-xr-x: Operation not permitted
build	Cache Android SDK	2026-06-06T12:22:45.9908606Z /usr/bin/tar: ../../../../../usr/local/lib/android/sdk/platforms/android-35/data/res/values-mcc302-mnc370-el: Cannot utime: Operation not permitted
build	Cache Android SDK	2026-06-06T12:22:45.9909081Z /usr/bin/tar: ../../../../../usr/local/lib/android/sdk/platforms/android-35/data/res/values-mcc302-mnc370-el: Cannot change mode to rwxr-xr-x: Operation not permitted
build	Cache Android SDK	2026-06-06T12:22:45.9911810Z /usr/bin/tar: ../../../../../usr/local/lib/android/sdk/platforms/android-35/data/res/values-mcc310-mnc560-ro: Cannot utime: Operation not permitted
build	Cache Android SDK	2026-06-06T12:22:45.9912264Z /usr/bin/tar: ../../../../../usr/local/lib/android/sdk/platforms/android-35/data/res/values-mcc310-mnc560-ro: Cannot change mode to rwxr-xr-x: Operation not permitted
build	Cache Android SDK	2026-06-06T12:22:45.9914634Z /usr/bin/tar: ../../../../../usr/local/lib/android/sdk/platforms/android-35/data/res/values-mcc310-mnc150-kk: Cannot utime: Operation not permitted
build	Cache Android SDK	2026-06-06T12:22:45.9915082Z /usr/bin/tar: ../../../../../usr/local/lib/android/sdk/platforms/android-35/data/res/values-mcc310-mnc150-kk: Cannot change mode to rwxr-xr-x: Operation not permitted
build	Cache Android SDK	2026-06-06T12:22:45.9917755Z /usr/bin/tar: ../../../../../usr/local/lib/android/sdk/platforms/android-35/data/res/values-mcc334-mnc020-pt: Cannot utime: Operation not permitted
build	Cache Android SDK	2026-06-06T12:22:45.9918216Z /usr/bin/tar: ../../../../../usr/local/lib/android/sdk/platforms/android-35/data/res/values-mcc334-mnc020-pt: Cannot change mode to rwxr-xr-x: Operation not permitted
build	Cache Android SDK	2026-06-06T12:22:45.9920842Z /usr/bin/tar: ../../../../../usr/local/lib/android/sdk/platforms/android-35/data/res/values-mcc310-mnc210-en-rGB: Cannot utime: Operation not permitted
build	Cache Android SDK	2026-06-06T12:22:45.9921304Z /usr/bin/tar: ../../../../../usr/local/lib/android/sdk/platforms/android-35/data/res/values-mcc310-mnc210-en-rGB: Cannot change mode to rwxr-xr-x: Operation not permitted
build	Cache Android SDK	2026-06-06T12:22:45.9923898Z /usr/bin/tar: ../../../../../usr/local/lib/android/sdk/platforms/android-35/data/res/values-mcc302-mnc720-pt: Cannot utime: Operation not permitted
build	Cache Android SDK	2026-06-06T12:22:45.9924343Z /usr/bin/tar: ../../../../../usr/local/lib/android/sdk/platforms/android-35/data/res/values-mcc302-mnc720-pt: Cannot change mode to rwxr-xr-x: Operation not permitted
build	Cache Android SDK	2026-06-06T12:22:45.9929054Z /usr/bin/tar: ../../../../../usr/local/lib/android/sdk/platforms/android-35/data/res/values-mcc302-mnc720-zh-rCN: Cannot utime: Operation not permitted
build	Cache Android SDK	2026-06-06T12:22:45.9929537Z /usr/bin/tar: ../../../../../usr/local/lib/android/sdk/platforms/android-35/data/res/values-mcc302-mnc720-zh-rCN: Cannot change mode to rwxr-xr-x: Operation not permitted
build	Cache Android SDK	2026-06-06T12:22:45.9931867Z /usr/bin/tar: ../../../../../usr/local/lib/android/sdk/platforms/android-35/data/res/values-mcc310-mnc210-fr-rCA: Cannot utime: Operation not permitted
build	Cache Android SDK	2026-06-06T12:22:45.9932329Z /usr/bin/tar: ../../../../../usr/local/lib/android/sdk/platforms/android-35/data/res/values-mcc310-mnc210-fr-rCA: Cannot change mode to rwxr-xr-x: Operation not permitted
build	Cache Android SDK	2026-06-06T12:22:45.9934688Z /usr/bin/tar: ../../../../../usr/local/lib/android/sdk/platforms/android-35/data/res/values-mcc310-mnc270-nb: Cannot utime: Operation not permitted
build	Cache Android SDK	2026-06-06T12:22:45.9935234Z /usr/bin/tar: ../../../../../usr/local/lib/android/sdk/platforms/android-35/data/res/values-mcc310-mnc270-nb: Cannot change mode to rwxr-xr-x: Operation not permitted
build	Cache Android SDK	2026-06-06T12:22:45.9937727Z /usr/bin/tar: ../../../../../usr/local/lib/android/sdk/platforms/android-35/data/res/values-mcc334-mnc020-zu: Cannot utime: Operation not permitted
build	Cache Android SDK	2026-06-06T12:22:45.9938183Z /usr/bin/tar: ../../../../../usr/local/lib/android/sdk/platforms/android-35/data/res/values-mcc334-mnc020-zu: Cannot change mode to rwxr-xr-x: Operation not permitted
build	Cache Android SDK	2026-06-06T12:22:45.9940596Z /usr/bin/tar: ../../../../../usr/local/lib/android/sdk/platforms/android-35/data/res/values-port-mdpi: Cannot utime: Operation not permitted
build	Cache Android SDK	2026-06-06T12:22:45.9941057Z /usr/bin/tar: ../../../../../usr/local/lib/android/sdk/platforms/android-35/data/res/values-port-mdpi: Cannot change mode to rwxr-xr-x: Operation not permitted
build	Cache Android SDK	2026-06-06T12:22:45.9943316Z /usr/bin/tar: ../../../../../usr/local/lib/android/sdk/platforms/android-35/data/res/values-mcc302-mnc720-th: Cannot utime: Operation not permitted
build	Cache Android SDK	2026-06-06T12:22:45.9943768Z /usr/bin/tar: ../../../../../usr/local/lib/android/sdk/platforms/android-35/data/res/values-mcc302-mnc720-th: Cannot change mode to rwxr-xr-x: Operation not permitted
build	Cache Android SDK	2026-06-06T12:22:45.9946286Z /usr/bin/tar: ../../../../../usr/local/lib/android/sdk/platforms/android-35/data/res/values-mcc310-mnc950-ka: Cannot utime: Operation not permitted
build	Cache Android SDK	2026-06-06T12:22:45.9946739Z /usr/bin/tar: ../../../../../usr/local/lib/android/sdk/platforms/android-35/data/res/values-mcc310-mnc950-ka: Cannot change mode to rwxr-xr-x: Operation not permitted
build	Cache Android SDK	2026-06-06T12:22:45.9949757Z /usr/bin/tar: ../../../../../usr/local/lib/android/sdk/platforms/android-35/data/res/values-mcc302-mnc720-en-rGB: Cannot utime: Operation not permitted
build	Cache Android SDK	2026-06-06T12:22:45.9950219Z /usr/bin/tar: ../../../../../usr/local/lib/android/sdk/platforms/android-35/data/res/values-mcc302-mnc720-en-rGB: Cannot change mode to rwxr-xr-x: Operation not permitted
build	Cache Android SDK	2026-06-06T12:22:45.9952378Z /usr/bin/tar: ../../../../../usr/local/lib/android/sdk/platforms/android-35/data/res/values-mcc310-mnc250-az: Cannot utime: Operation not permitted
build	Cache Android SDK	2026-06-06T12:22:45.9952819Z /usr/bin/tar: ../../../../../usr/local/lib/android/sdk/platforms/android-35/data/res/values-mcc310-mnc250-az: Cannot change mode to rwxr-xr-x: Operation not permitted
build	Cache Android SDK	2026-06-06T12:22:45.9955280Z /usr/bin/tar: ../../../../../usr/local/lib/android/sdk/platforms/android-35/data/res/values-mcc310-mnc200-be: Cannot utime: Operation not permitted
build	Cache Android SDK	2026-06-06T12:22:45.9955731Z /usr/bin/tar: ../../../../../usr/local/lib/android/sdk/platforms/android-35/data/res/values-mcc310-mnc200-be: Cannot change mode to rwxr-xr-x: Operation not permitted
build	Cache Android SDK	2026-06-06T12:22:45.9958108Z /usr/bin/tar: ../../../../../usr/local/lib/android/sdk/platforms/android-35/data/res/values-zu-rZA: Cannot utime: Operation not permitted
build	Cache Android SDK	2026-06-06T12:22:45.9958555Z /usr/bin/tar: ../../../../../usr/local/lib/android/sdk/platforms/android-35/data/res/values-zu-rZA: Cannot change mode to rwxr-xr-x: Operation not permitted
build	Cache Android SDK	2026-06-06T12:22:45.9961173Z /usr/bin/tar: ../../../../../usr/local/lib/android/sdk/platforms/android-35/data/res/values-ka-watch: Cannot utime: Operation not permitted
build	Cache Android SDK	2026-06-06T12:22:45.9961596Z /usr/bin/tar: ../../../../../usr/local/lib/android/sdk/platforms/android-35/data/res/values-ka-watch: Cannot change mode to rwxr-xr-x: Operation not permitted
build	Cache Android SDK	2026-06-06T12:22:45.9964974Z /usr/bin/tar: ../../../../../usr/local/lib/android/sdk/platforms/android-35/data/res/values-mcc310-mnc490-ms: Cannot utime: Operation not permitted
build	Cache Android SDK	2026-06-06T12:22:45.9965420Z /usr/bin/tar: ../../../../../usr/local/lib/android/sdk/platforms/android-35/data/res/values-mcc310-mnc490-ms: Cannot change mode to rwxr-xr-x: Operation not permitted
build	Cache Android SDK	2026-06-06T12:22:45.9970796Z /usr/bin/tar: ../../../../../usr/local/lib/android/sdk/platforms/android-35/data/res/values-mcc310-mnc310-pl: Cannot utime: Operation not permitted
build	Cache Android SDK	2026-06-06T12:22:45.9971386Z /usr/bin/tar: ../../../../../usr/local/lib/android/sdk/platforms/android-35/data/res/values-mcc310-mnc310-pl: Cannot change mode to rwxr-xr-x: Operation not permitted
build	Cache Android SDK	2026-06-06T12:22:45.9978175Z /usr/bin/tar: ../../../../../usr/local/lib/android/sdk/platforms/android-35/data/res/values-hi: Cannot utime: Operation not permitted
build	Cache Android SDK	2026-06-06T12:22:45.9978603Z /usr/bin/tar: ../../../../../usr/local/lib/android/sdk/platforms/android-35/data/res/values-hi: Cannot change mode to rwxr-xr-x: Operation not permitted
build	Cache Android SDK	2026-06-06T12:22:45.9980750Z /usr/bin/tar: ../../../../../usr/local/lib/android/sdk/platforms/android-35/data/res/values-mcc310-mnc200-zu: Cannot utime: Operation not permitted
build	Cache Android SDK	2026-06-06T12:22:45.9981208Z /usr/bin/tar: ../../../../../usr/local/lib/android/sdk/platforms/android-35/data/res/values-mcc310-mnc200-zu: Cannot change mode to rwxr-xr-x: Operation not permitted
build	Cache Android SDK	2026-06-06T12:22:45.9983691Z /usr/bin/tar: ../../../../../usr/local/lib/android/sdk/platforms/android-35/data/res/values-mcc310-mnc410-mr: Cannot utime: Operation not permitted
build	Cache Android SDK	2026-06-06T12:22:45.9984276Z /usr/bin/tar: ../../../../../usr/local/lib/android/sdk/platforms/android-35/data/res/values-mcc310-mnc410-mr: Cannot change mode to rwxr-xr-x: Operation not permitted
build	Cache Android SDK	2026-06-06T12:22:45.9986924Z /usr/bin/tar: ../../../../../usr/local/lib/android/sdk/platforms/android-35/data/res/values-mcc310-mnc210-mr: Cannot utime: Operation not permitted
build	Cache Android SDK	2026-06-06T12:22:45.9987476Z /usr/bin/tar: ../../../../../usr/local/lib/android/sdk/platforms/android-35/data/res/values-mcc310-mnc210-mr: Cannot change mode to rwxr-xr-x: Operation not permitted
build	Cache Android SDK	2026-06-06T12:22:45.9989738Z /usr/bin/tar: ../../../../../usr/local/lib/android/sdk/platforms/android-35/data/res/values-mcc310-mnc150-si: Cannot utime: Operation not permitted
build	Cache Android SDK	2026-06-06T12:22:45.9990187Z /usr/bin/tar: ../../../../../usr/local/lib/android/sdk/platforms/android-35/data/res/values-mcc310-mnc150-si: Cannot change mode to rwxr-xr-x: Operation not permitted
build	Cache Android SDK	2026-06-06T12:22:45.9993454Z /usr/bin/tar: ../../../../../usr/local/lib/android/sdk/platforms/android-35/data/res/values-mcc310-mnc240-et: Cannot utime: Operation not permitted
build	Cache Android SDK	2026-06-06T12:22:45.9994327Z /usr/bin/tar: ../../../../../usr/local/lib/android/sdk/platforms/android-35/data/res/values-mcc310-mnc240-et: Cannot change mode to rwxr-xr-x: Operation not permitted
build	Cache Android SDK	2026-06-06T12:22:45.9996332Z /usr/bin/tar: ../../../../../usr/local/lib/android/sdk/platforms/android-35/data/res/values-mcc310-mnc380-kk: Cannot utime: Operation not permitted
build	Cache Android SDK	2026-06-06T12:22:45.9996798Z /usr/bin/tar: ../../../../../usr/local/lib/android/sdk/platforms/android-35/data/res/values-mcc310-mnc380-kk: Cannot change mode to rwxr-xr-x: Operation not permitted
build	Cache Android SDK	2026-06-06T12:22:45.9999485Z /usr/bin/tar: ../../../../../usr/local/lib/android/sdk/platforms/android-35/data/res/values-mcc310-mnc280-kk: Cannot utime: Operation not permitted
build	Cache Android SDK	2026-06-06T12:22:45.9999997Z /usr/bin/tar: ../../../../../usr/local/lib/android/sdk/platforms/android-35/data/res/values-mcc310-mnc280-kk: Cannot change mode to rwxr-xr-x: Operation not permitted
build	Cache Android SDK	2026-06-06T12:22:46.0002570Z /usr/bin/tar: ../../../../../usr/local/lib/android/sdk/platforms/android-35/data/res/values-mcc310-mnc160-sq: Cannot utime: Operation not permitted
build	Cache Android SDK	2026-06-06T12:22:46.0003037Z /usr/bin/tar: ../../../../../usr/local/lib/android/sdk/platforms/android-35/data/res/values-mcc310-mnc160-sq: Cannot change mode to rwxr-xr-x: Operation not permitted
build	Cache Android SDK	2026-06-06T12:22:46.0005575Z /usr/bin/tar: ../../../../../usr/local/lib/android/sdk/platforms/android-35/data/res/values-mcc334-mnc020-kn: Cannot utime: Operation not permitted
build	Cache Android SDK	2026-06-06T12:22:46.0006035Z /usr/bin/tar: ../../../../../usr/local/lib/android/sdk/platforms/android-35/data/res/values-mcc334-mnc020-kn: Cannot change mode to rwxr-xr-x: Operation not permitted
build	Cache Android SDK	2026-06-06T12:22:46.0008919Z /usr/bin/tar: ../../../../../usr/local/lib/android/sdk/platforms/android-35/data/res/values-mcc312-mnc530: Cannot utime: Operation not permitted
build	Cache Android SDK	2026-06-06T12:22:46.0009383Z /usr/bin/tar: ../../../../../usr/local/lib/android/sdk/platforms/android-35/data/res/values-mcc312-mnc530: Cannot change mode to rwxr-xr-x: Operation not permitted
build	Cache Android SDK	2026-06-06T12:22:46.0011758Z /usr/bin/tar: ../../../../../usr/local/lib/android/sdk/platforms/android-35/data/res/values-mcc310-mnc270-vi: Cannot utime: Operation not permitted
build	Cache Android SDK	2026-06-06T12:22:46.0012202Z /usr/bin/tar: ../../../../../usr/local/lib/android/sdk/platforms/android-35/data/res/values-mcc310-mnc270-vi: Cannot change mode to rwxr-xr-x: Operation not permitted
build	Cache Android SDK	2026-06-06T12:22:46.0018202Z /usr/bin/tar: ../../../../../usr/local/lib/android/sdk/platforms/android-35/data/res/values-ne: Cannot utime: Operation not permitted
build	Cache Android SDK	2026-06-06T12:22:46.0018624Z /usr/bin/tar: ../../../../../usr/local/lib/android/sdk/platforms/android-35/data/res/values-ne: Cannot change mode to rwxr-xr-x: Operation not permitted
build	Cache Android SDK	2026-06-06T12:22:46.0021418Z /usr/bin/tar: ../../../../../usr/local/lib/android/sdk/platforms/android-35/data/res/values-mcc310-mnc250-et: Cannot utime: Operation not permitted
build	Cache Android SDK	2026-06-06T12:22:46.0021983Z /usr/bin/tar: ../../../../../usr/local/lib/android/sdk/platforms/android-35/data/res/values-mcc310-mnc250-et: Cannot change mode to rwxr-xr-x: Operation not permitted
build	Cache Android SDK	2026-06-06T12:22:46.0024352Z /usr/bin/tar: ../../../../../usr/local/lib/android/sdk/platforms/android-35/data/res/values-es-rSV: Cannot utime: Operation not permitted
build	Cache Android SDK	2026-06-06T12:22:46.0024781Z /usr/bin/tar: ../../../../../usr/local/lib/android/sdk/platforms/android-35/data/res/values-es-rSV: Cannot change mode to rwxr-xr-x: Operation not permitted
build	Cache Android SDK	2026-06-06T12:22:46.0027641Z /usr/bin/tar: ../../../../../usr/local/lib/android/sdk/platforms/android-35/data/res/values-mcc310-mnc220-pl: Cannot utime: Operation not permitted
build	Cache Android SDK	2026-06-06T12:22:46.0028101Z /usr/bin/tar: ../../../../../usr/local/lib/android/sdk/platforms/android-35/data/res/values-mcc310-mnc220-pl: Cannot change mode to rwxr-xr-x: Operation not permitted
build	Cache Android SDK	2026-06-06T12:22:46.0030314Z /usr/bin/tar: ../../../../../usr/local/lib/android/sdk/platforms/android-35/data/res/values-mcc302-mnc720-az: Cannot utime: Operation not permitted
build	Cache Android SDK	2026-06-06T12:22:46.0030780Z /usr/bin/tar: ../../../../../usr/local/lib/android/sdk/platforms/android-35/data/res/values-mcc302-mnc720-az: Cannot change mode to rwxr-xr-x: Operation not permitted
build	Cache Android SDK	2026-06-06T12:22:46.0033243Z /usr/bin/tar: ../../../../../usr/local/lib/android/sdk/platforms/android-35/data/res/values-mcc415-mnc01: Cannot utime: Operation not permitted
build	Cache Android SDK	2026-06-06T12:22:46.0033692Z /usr/bin/tar: ../../../../../usr/local/lib/android/sdk/platforms/android-35/data/res/values-mcc415-mnc01: Cannot change mode to rwxr-xr-x: Operation not permitted
build	Cache Android SDK	2026-06-06T12:22:46.0036984Z /usr/bin/tar: ../../../../../usr/local/lib/android/sdk/platforms/android-35/data/res/values-mcc310-mnc250-de: Cannot utime: Operation not permitted
build	Cache Android SDK	2026-06-06T12:22:46.0037588Z /usr/bin/tar: ../../../../../usr/local/lib/android/sdk/platforms/android-35/data/res/values-mcc310-mnc250-de: Cannot change mode to rwxr-xr-x: Operation not permitted
build	Cache Android SDK	2026-06-06T12:22:46.0039835Z /usr/bin/tar: ../../../../../usr/local/lib/android/sdk/platforms/android-35/data/res/values-mcc310-mnc220-am: Cannot utime: Operation not permitted
build	Cache Android SDK	2026-06-06T12:22:46.0040334Z /usr/bin/tar: ../../../../../usr/local/lib/android/sdk/platforms/android-35/data/res/values-mcc310-mnc220-am: Cannot change mode to rwxr-xr-x: Operation not permitted
build	Cache Android SDK	2026-06-06T12:22:46.0042585Z /usr/bin/tar: ../../../../../usr/local/lib/android/sdk/platforms/android-35/data/res/values-mcc302-mnc370-tl: Cannot utime: Operation not permitted
build	Cache Android SDK	2026-06-06T12:22:46.0043043Z /usr/bin/tar: ../../../../../usr/local/lib/android/sdk/platforms/android-35/data/res/values-mcc302-mnc370-tl: Cannot change mode to rwxr-xr-x: Operation not permitted
build	Cache Android SDK	2026-06-06T12:22:46.0045840Z /usr/bin/tar: ../../../../../usr/local/lib/android/sdk/platforms/android-35/data/res/values-mcc310-mnc210-bg: Cannot utime: Operation not permitted
build	Cache Android SDK	2026-06-06T12:22:46.0046288Z /usr/bin/tar: ../../../../../usr/local/lib/android/sdk/platforms/android-35/data/res/values-mcc310-mnc210-bg: Cannot change mode to rwxr-xr-x: Operation not permitted
build	Cache Android SDK	2026-06-06T12:22:46.0049145Z /usr/bin/tar: ../../../../../usr/local/lib/android/sdk/platforms/android-35/data/res/values-mcc302-mnc370-zh-rHK: Cannot utime: Operation not permitted
build	Cache Android SDK	2026-06-06T12:22:46.0049620Z /usr/bin/tar: ../../../../../usr/local/lib/android/sdk/platforms/android-35/data/res/values-mcc302-mnc370-zh-rHK: Cannot change mode to rwxr-xr-x: Operation not permitted
build	Cache Android SDK	2026-06-06T12:22:46.0052133Z /usr/bin/tar: ../../../../../usr/local/lib/android/sdk/platforms/android-35/data/res/values-ar-rEG: Cannot utime: Operation not permitted
build	Cache Android SDK	2026-06-06T12:22:46.0052556Z /usr/bin/tar: ../../../../../usr/local/lib/android/sdk/platforms/android-35/data/res/values-ar-rEG: Cannot change mode to rwxr-xr-x: Operation not permitted
build	Cache Android SDK	2026-06-06T12:22:46.0055120Z /usr/bin/tar: ../../../../../usr/local/lib/android/sdk/platforms/android-35/data/res/values-mcc310-mnc310-uz: Cannot utime: Operation not permitted
build	Cache Android SDK	2026-06-06T12:22:46.0055618Z /usr/bin/tar: ../../../../../usr/local/lib/android/sdk/platforms/android-35/data/res/values-mcc310-mnc310-uz: Cannot change mode to rwxr-xr-x: Operation not permitted
build	Cache Android SDK	2026-06-06T12:22:46.0058187Z /usr/bin/tar: ../../../../../usr/local/lib/android/sdk/platforms/android-35/data/res/values-mcc310-mnc800-it: Cannot utime: Operation not permitted
build	Cache Android SDK	2026-06-06T12:22:46.0058636Z /usr/bin/tar: ../../../../../usr/local/lib/android/sdk/platforms/android-35/data/res/values-mcc310-mnc800-it: Cannot change mode to rwxr-xr-x: Operation not permitted
build	Cache Android SDK	2026-06-06T12:22:46.0061286Z /usr/bin/tar: ../../../../../usr/local/lib/android/sdk/platforms/android-35/data/res/values-mcc310-mnc410-kk: Cannot utime: Operation not permitted
build	Cache Android SDK	2026-06-06T12:22:46.0061732Z /usr/bin/tar: ../../../../../usr/local/lib/android/sdk/platforms/android-35/data/res/values-mcc310-mnc410-kk: Cannot change mode to rwxr-xr-x: Operation not permitted
build	Cache Android SDK	2026-06-06T12:22:46.0064125Z /usr/bin/tar: ../../../../../usr/local/lib/android/sdk/platforms/android-35/data/res/values-mcc310-mnc950-eu: Cannot utime: Operation not permitted
build	Cache Android SDK	2026-06-06T12:22:46.0064579Z /usr/bin/tar: ../../../../../usr/local/lib/android/sdk/platforms/android-35/data/res/values-mcc310-mnc950-eu: Cannot change mode to rwxr-xr-x: Operation not permitted
build	Cache Android SDK	2026-06-06T12:22:46.0067800Z /usr/bin/tar: ../../../../../usr/local/lib/android/sdk/platforms/android-35/data/res/values-mcc302-mnc720-af: Cannot utime: Operation not permitted
build	Cache Android SDK	2026-06-06T12:22:46.0068253Z /usr/bin/tar: ../../../../../usr/local/lib/android/sdk/platforms/android-35/data/res/values-mcc302-mnc720-af: Cannot change mode to rwxr-xr-x: Operation not permitted
build	Cache Android SDK	2026-06-06T12:22:46.0071281Z /usr/bin/tar: ../../../../../usr/local/lib/android/sdk/platforms/android-35/data/res/values-mcc334-mnc020-es: Cannot utime: Operation not permitted
build	Cache Android SDK	2026-06-06T12:22:46.0071729Z /usr/bin/tar: ../../../../../usr/local/lib/android/sdk/platforms/android-35/data/res/values-mcc334-mnc020-es: Cannot change mode to rwxr-xr-x: Operation not permitted
build	Cache Android SDK	2026-06-06T12:22:46.0074738Z /usr/bin/tar: ../../../../../usr/local/lib/android/sdk/platforms/android-35/data/res/values-mcc310-mnc410-be: Cannot utime: Operation not permitted
build	Cache Android SDK	2026-06-06T12:22:46.0075178Z /usr/bin/tar: ../../../../../usr/local/lib/android/sdk/platforms/android-35/data/res/values-mcc310-mnc410-be: Cannot change mode to rwxr-xr-x: Operation not permitted
build	Cache Android SDK	2026-06-06T12:22:46.0077768Z /usr/bin/tar: ../../../../../usr/local/lib/android/sdk/platforms/android-35/data/res/values-mcc310-mnc030-am: Cannot utime: Operation not permitted
build	Cache Android SDK	2026-06-06T12:22:46.0078216Z /usr/bin/tar: ../../../../../usr/local/lib/android/sdk/platforms/android-35/data/res/values-mcc310-mnc030-am: Cannot change mode to rwxr-xr-x: Operation not permitted
build	Cache Android SDK	2026-06-06T12:22:46.0083362Z /usr/bin/tar: ../../../../../usr/local/lib/android/sdk/platforms/android-35/data/res/values-sq: Cannot utime: Operation not permitted
build	Cache Android SDK	2026-06-06T12:22:46.0084355Z /usr/bin/tar: ../../../../../usr/local/lib/android/sdk/platforms/android-35/data/res/values-sq: Cannot change mode to rwxr-xr-x: Operation not permitted
build	Cache Android SDK	2026-06-06T12:22:46.0086142Z /usr/bin/tar: ../../../../../usr/local/lib/android/sdk/platforms/android-35/data/res/values-mcc310-mnc380-bs: Cannot utime: Operation not permitted
build	Cache Android SDK	2026-06-06T12:22:46.0087176Z /usr/bin/tar: ../../../../../usr/local/lib/android/sdk/platforms/android-35/data/res/values-mcc310-mnc380-bs: Cannot change mode to rwxr-xr-x: Operation not permitted
build	Cache Android SDK	2026-06-06T12:22:46.0089121Z /usr/bin/tar: ../../../../../usr/local/lib/android/sdk/platforms/android-35/data/res/values-mcc310-mnc660-te: Cannot utime: Operation not permitted
build	Cache Android SDK	2026-06-06T12:22:46.0089576Z /usr/bin/tar: ../../../../../usr/local/lib/android/sdk/platforms/android-35/data/res/values-mcc310-mnc660-te: Cannot change mode to rwxr-xr-x: Operation not permitted
build	Cache Android SDK	2026-06-06T12:22:46.0091785Z /usr/bin/tar: ../../../../../usr/local/lib/android/sdk/platforms/android-35/data/res/values-mcc310-mnc950-es: Cannot utime: Operation not permitted
build	Cache Android SDK	2026-06-06T12:22:46.0092327Z /usr/bin/tar: ../../../../../usr/local/lib/android/sdk/platforms/android-35/data/res/values-mcc310-mnc950-es: Cannot change mode to rwxr-xr-x: Operation not permitted
build	Cache Android SDK	2026-06-06T12:22:46.0094959Z /usr/bin/tar: ../../../../../usr/local/lib/android/sdk/platforms/android-35/data/res/xml-land: Cannot utime: Operation not permitted
build	Cache Android SDK	2026-06-06T12:22:46.0095359Z /usr/bin/tar: ../../../../../usr/local/lib/android/sdk/platforms/android-35/data/res/xml-land: Cannot change mode to rwxr-xr-x: Operation not permitted
build	Cache Android SDK	2026-06-06T12:22:46.0098268Z /usr/bin/tar: ../../../../../usr/local/lib/android/sdk/platforms/android-35/data/res/values-w225dp: Cannot utime: Operation not permitted
build	Cache Android SDK	2026-06-06T12:22:46.0098688Z /usr/bin/tar: ../../../../../usr/local/lib/android/sdk/platforms/android-35/data/res/values-w225dp: Cannot change mode to rwxr-xr-x: Operation not permitted
build	Cache Android SDK	2026-06-06T12:22:46.0101236Z /usr/bin/tar: ../../../../../usr/local/lib/android/sdk/platforms/android-35/data/res/values-mcc311-mnc180-pt-rPT: Cannot utime: Operation not permitted
build	Cache Android SDK	2026-06-06T12:22:46.0101711Z /usr/bin/tar: ../../../../../usr/local/lib/android/sdk/platforms/android-35/data/res/values-mcc311-mnc180-pt-rPT: Cannot change mode to rwxr-xr-x: Operation not permitted
build	Cache Android SDK	2026-06-06T12:22:46.0103929Z /usr/bin/tar: ../../../../../usr/local/lib/android/sdk/platforms/android-35/data/res/values-mcc310-mnc490-de: Cannot utime: Operation not permitted
build	Cache Android SDK	2026-06-06T12:22:46.0104367Z /usr/bin/tar: ../../../../../usr/local/lib/android/sdk/platforms/android-35/data/res/values-mcc310-mnc490-de: Cannot change mode to rwxr-xr-x: Operation not permitted
build	Cache Android SDK	2026-06-06T12:22:46.0106918Z /usr/bin/tar: ../../../../../usr/local/lib/android/sdk/platforms/android-35/data/res/values-mcc310-mnc150-sk: Cannot utime: Operation not permitted
build	Cache Android SDK	2026-06-06T12:22:46.0107439Z /usr/bin/tar: ../../../../../usr/local/lib/android/sdk/platforms/android-35/data/res/values-mcc310-mnc150-sk: Cannot change mode to rwxr-xr-x: Operation not permitted
build	Cache Android SDK	2026-06-06T12:22:46.0109869Z /usr/bin/tar: ../../../../../usr/local/lib/android/sdk/platforms/android-35/data/res/values-mcc310-mnc950-hy: Cannot utime: Operation not permitted
build	Cache Android SDK	2026-06-06T12:22:46.0110397Z /usr/bin/tar: ../../../../../usr/local/lib/android/sdk/platforms/android-35/data/res/values-mcc310-mnc950-hy: Cannot change mode to rwxr-xr-x: Operation not permitted
build	Cache Android SDK	2026-06-06T12:22:46.0112367Z /usr/bin/tar: ../../../../../usr/local/lib/android/sdk/platforms/android-35/data/res/values-am-rET: Cannot utime: Operation not permitted
build	Cache Android SDK	2026-06-06T12:22:46.0112784Z /usr/bin/tar: ../../../../../usr/local/lib/android/sdk/platforms/android-35/data/res/values-am-rET: Cannot change mode to rwxr-xr-x: Operation not permitted
build	Cache Android SDK	2026-06-06T12:22:46.0115800Z /usr/bin/tar: ../../../../../usr/local/lib/android/sdk/platforms/android-35/data/res/values-mcc310-mnc030-zh-rCN: Cannot utime: Operation not permitted
build	Cache Android SDK	2026-06-06T12:22:46.0116275Z /usr/bin/tar: ../../../../../usr/local/lib/android/sdk/platforms/android-35/data/res/values-mcc310-mnc030-zh-rCN: Cannot change mode to rwxr-xr-x: Operation not permitted
build	Cache Android SDK	2026-06-06T12:22:46.0119194Z /usr/bin/tar: ../../../../../usr/local/lib/android/sdk/platforms/android-35/data/res/raw-tr: Cannot utime: Operation not permitted
build	Cache Android SDK	2026-06-06T12:22:46.0119645Z /usr/bin/tar: ../../../../../usr/local/lib/android/sdk/platforms/android-35/data/res/raw-tr: Cannot change mode to rwxr-xr-x: Operation not permitted
build	Cache Android SDK	2026-06-06T12:22:46.0122368Z /usr/bin/tar: ../../../../../usr/local/lib/android/sdk/platforms/android-35/data/res/values-mcc310-mnc230-lo: Cannot utime: Operation not permitted
build	Cache Android SDK	2026-06-06T12:22:46.0122809Z /usr/bin/tar: ../../../../../usr/local/lib/android/sdk/platforms/android-35/data/res/values-mcc310-mnc230-lo: Cannot change mode to rwxr-xr-x: Operation not permitted
build	Cache Android SDK	2026-06-06T12:22:46.0125447Z /usr/bin/tar: ../../../../../usr/local/lib/android/sdk/platforms/android-35/data/res/values-mcc310-mnc240-kk: Cannot utime: Operation not permitted
build	Cache Android SDK	2026-06-06T12:22:46.0125958Z /usr/bin/tar: ../../../../../usr/local/lib/android/sdk/platforms/android-35/data/res/values-mcc310-mnc240-kk: Cannot change mode to rwxr-xr-x: Operation not permitted
build	Cache Android SDK	2026-06-06T12:22:46.0128382Z /usr/bin/tar: ../../../../../usr/local/lib/android/sdk/platforms/android-35/data/res/values-mcc312-mnc670-ru: Cannot utime: Operation not permitted
build	Cache Android SDK	2026-06-06T12:22:46.0128823Z /usr/bin/tar: ../../../../../usr/local/lib/android/sdk/platforms/android-35/data/res/values-mcc312-mnc670-ru: Cannot change mode to rwxr-xr-x: Operation not permitted
build	Cache Android SDK	2026-06-06T12:22:46.0131398Z /usr/bin/tar: ../../../../../usr/local/lib/android/sdk/platforms/android-35/data/res/values-mcc310-mnc210-ky: Cannot utime: Operation not permitted
build	Cache Android SDK	2026-06-06T12:22:46.0131839Z /usr/bin/tar: ../../../../../usr/local/lib/android/sdk/platforms/android-35/data/res/values-mcc310-mnc210-ky: Cannot change mode to rwxr-xr-x: Operation not permitted
build	Cache Android SDK	2026-06-06T12:22:46.0137213Z /usr/bin/tar: ../../../../../usr/local/lib/android/sdk/platforms/android-35/data/res/values-en-rAU: Cannot utime: Operation not permitted
build	Cache Android SDK	2026-06-06T12:22:46.0138004Z /usr/bin/tar: ../../../../../usr/local/lib/android/sdk/platforms/android-35/data/res/values-en-rAU: Cannot change mode to rwxr-xr-x: Operation not permitted
build	Cache Android SDK	2026-06-06T12:22:46.0140202Z /usr/bin/tar: ../../../../../usr/local/lib/android/sdk/platforms/android-35/data/res/values-mcc310-mnc230-hy: Cannot utime: Operation not permitted
build	Cache Android SDK	2026-06-06T12:22:46.0140962Z /usr/bin/tar: ../../../../../usr/local/lib/android/sdk/platforms/android-35/data/res/values-mcc310-mnc230-hy: Cannot change mode to rwxr-xr-x: Operation not permitted
build	Cache Android SDK	2026-06-06T12:22:46.0142997Z /usr/bin/tar: ../../../../../usr/local/lib/android/sdk/platforms/android-35/data/res/values-mcc310-mnc150-en-rXC: Cannot utime: Operation not permitted
build	Cache Android SDK	2026-06-06T12:22:46.0143460Z /usr/bin/tar: ../../../../../usr/local/lib/android/sdk/platforms/android-35/data/res/values-mcc310-mnc150-en-rXC: Cannot change mode to rwxr-xr-x: Operation not permitted
build	Cache Android SDK	2026-06-06T12:22:46.0150353Z /usr/bin/tar: ../../../../../usr/local/lib/android/sdk/platforms/android-35/data/res/values-zh-rHK: Cannot utime: Operation not permitted
build	Cache Android SDK	2026-06-06T12:22:46.0151077Z /usr/bin/tar: ../../../../../usr/local/lib/android/sdk/platforms/android-35/data/res/values-zh-rHK: Cannot change mode to rwxr-xr-x: Operation not permitted
build	Cache Android SDK	2026-06-06T12:22:46.0151866Z /usr/bin/tar: ../../../../../usr/local/lib/android/sdk/platforms/android-35/data/res/values-en-rIN-watch: Cannot utime: Operation not permitted
build	Cache Android SDK	2026-06-06T12:22:46.0152310Z /usr/bin/tar: ../../../../../usr/local/lib/android/sdk/platforms/android-35/data/res/values-en-rIN-watch: Cannot change mode to rwxr-xr-x: Operation not permitted
build	Cache Android SDK	2026-06-06T12:22:46.0154696Z /usr/bin/tar: ../../../../../usr/local/lib/android/sdk/platforms/android-35/data/res/values-mcc312-mnc670-am: Cannot utime: Operation not permitted
build	Cache Android SDK	2026-06-06T12:22:46.0155178Z /usr/bin/tar: ../../../../../usr/local/lib/android/sdk/platforms/android-35/data/res/values-mcc312-mnc670-am: Cannot change mode to rwxr-xr-x: Operation not permitted
build	Cache Android SDK	2026-06-06T12:22:46.0157744Z /usr/bin/tar: ../../../../../usr/local/lib/android/sdk/platforms/android-35/data/res/values-mcc310-mnc660-el: Cannot utime: Operation not permitted
build	Cache Android SDK	2026-06-06T12:22:46.0158331Z /usr/bin/tar: ../../../../../usr/local/lib/android/sdk/platforms/android-35/data/res/values-mcc310-mnc660-el: Cannot change mode to rwxr-xr-x: Operation not permitted
build	Cache Android SDK	2026-06-06T12:22:46.0160481Z /usr/bin/tar: ../../../../../usr/local/lib/android/sdk/platforms/android-35/data/res/values-mcc310-mnc310-vi: Cannot utime: Operation not permitted
build	Cache Android SDK	2026-06-06T12:22:46.0160942Z /usr/bin/tar: ../../../../../usr/local/lib/android/sdk/platforms/android-35/data/res/values-mcc310-mnc310-vi: Cannot change mode to rwxr-xr-x: Operation not permitted
build	Cache Android SDK	2026-06-06T12:22:46.0163387Z /usr/bin/tar: ../../../../../usr/local/lib/android/sdk/platforms/android-35/data/res/values-mcc310-mnc240-af: Cannot utime: Operation not permitted
build	Cache Android SDK	2026-06-06T12:22:46.0163850Z /usr/bin/tar: ../../../../../usr/local/lib/android/sdk/platforms/android-35/data/res/values-mcc310-mnc240-af: Cannot change mode to rwxr-xr-x: Operation not permitted
build	Cache Android SDK	2026-06-06T12:22:46.0166202Z /usr/bin/tar: ../../../../../usr/local/lib/android/sdk/platforms/android-35/data/res/values-mcc310-mnc490-uk: Cannot utime: Operation not permitted
build	Cache Android SDK	2026-06-06T12:22:46.0166645Z /usr/bin/tar: ../../../../../usr/local/lib/android/sdk/platforms/android-35/data/res/values-mcc310-mnc490-uk: Cannot change mode to rwxr-xr-x: Operation not permitted
build	Cache Android SDK	2026-06-06T12:22:46.0169397Z /usr/bin/tar: ../../../../../usr/local/lib/android/sdk/platforms/android-35/data/res/values-mcc310-mnc210-pa: Cannot utime: Operation not permitted
build	Cache Android SDK	2026-06-06T12:22:46.0169855Z /usr/bin/tar: ../../../../../usr/local/lib/android/sdk/platforms/android-35/data/res/values-mcc310-mnc210-pa: Cannot change mode to rwxr-xr-x: Operation not permitted
build	Cache Android SDK	2026-06-06T12:22:46.0172114Z /usr/bin/tar: ../../../../../usr/local/lib/android/sdk/platforms/android-35/data/res/values-mcc310-mnc380-ro: Cannot utime: Operation not permitted
build	Cache Android SDK	2026-06-06T12:22:46.0172571Z /usr/bin/tar: ../../../../../usr/local/lib/android/sdk/platforms/android-35/data/res/values-mcc310-mnc380-ro: Cannot change mode to rwxr-xr-x: Operation not permitted
build	Cache Android SDK	2026-06-06T12:22:46.0179146Z /usr/bin/tar: ../../../../../usr/local/lib/android/sdk/platforms/android-35/data/res/values-ta: Cannot utime: Operation not permitted
build	Cache Android SDK	2026-06-06T12:22:46.0179663Z /usr/bin/tar: ../../../../../usr/local/lib/android/sdk/platforms/android-35/data/res/values-ta: Cannot change mode to rwxr-xr-x: Operation not permitted
build	Cache Android SDK	2026-06-06T12:22:46.0182215Z /usr/bin/tar: ../../../../../usr/local/lib/android/sdk/platforms/android-35/data/res/values-mcc310-mnc800-ml: Cannot utime: Operation not permitted
build	Cache Android SDK	2026-06-06T12:22:46.0182733Z /usr/bin/tar: ../../../../../usr/local/lib/android/sdk/platforms/android-35/data/res/values-mcc310-mnc800-ml: Cannot change mode to rwxr-xr-x: Operation not permitted
build	Cache Android SDK	2026-06-06T12:22:46.0185211Z /usr/bin/tar: ../../../../../usr/local/lib/android/sdk/platforms/android-35/data/res/values-mcc313-mnc100-mr: Cannot utime: Operation not permitted
build	Cache Android SDK	2026-06-06T12:22:46.0185775Z /usr/bin/tar: ../../../../../usr/local/lib/android/sdk/platforms/android-35/data/res/values-mcc313-mnc100-mr: Cannot change mode to rwxr-xr-x: Operation not permitted
build	Cache Android SDK	2026-06-06T12:22:46.0188627Z /usr/bin/tar: ../../../../../usr/local/lib/android/sdk/platforms/android-35/data/res/values-mcc302-mnc370-sw: Cannot utime: Operation not permitted
build	Cache Android SDK	2026-06-06T12:22:46.0189089Z /usr/bin/tar: ../../../../../usr/local/lib/android/sdk/platforms/android-35/data/res/values-mcc302-mnc370-sw: Cannot change mode to rwxr-xr-x: Operation not permitted
build	Cache Android SDK	2026-06-06T12:22:46.0191547Z /usr/bin/tar: ../../../../../usr/local/lib/android/sdk/platforms/android-35/data/res/values-mcc302-mnc720-en-rAU: Cannot utime: Operation not permitted
build	Cache Android SDK	2026-06-06T12:22:46.0192017Z /usr/bin/tar: ../../../../../usr/local/lib/android/sdk/platforms/android-35/data/res/values-mcc302-mnc720-en-rAU: Cannot change mode to rwxr-xr-x: Operation not permitted
build	Cache Android SDK	2026-06-06T12:22:46.0197787Z /usr/bin/tar: ../../../../../usr/local/lib/android/sdk/platforms/android-35/data/res/values-pt: Cannot utime: Operation not permitted
build	Cache Android SDK	2026-06-06T12:22:46.0198369Z /usr/bin/tar: ../../../../../usr/local/lib/android/sdk/platforms/android-35/data/res/values-pt: Cannot change mode to rwxr-xr-x: Operation not permitted
build	Cache Android SDK	2026-06-06T12:22:46.0199958Z /usr/bin/tar: ../../../../../usr/local/lib/android/sdk/platforms/android-35/data/res/values-ur-watch: Cannot utime: Operation not permitted
build	Cache Android SDK	2026-06-06T12:22:46.0200420Z /usr/bin/tar: ../../../../../usr/local/lib/android/sdk/platforms/android-35/data/res/values-ur-watch: Cannot change mode to rwxr-xr-x: Operation not permitted
build	Cache Android SDK	2026-06-06T12:22:46.0203098Z /usr/bin/tar: ../../../../../usr/local/lib/android/sdk/platforms/android-35/data/res/values-mcc310-mnc310-lt: Cannot utime: Operation not permitted
build	Cache Android SDK	2026-06-06T12:22:46.0203554Z /usr/bin/tar: ../../../../../usr/local/lib/android/sdk/platforms/android-35/data/res/values-mcc310-mnc310-lt: Cannot change mode to rwxr-xr-x: Operation not permitted
build	Cache Android SDK	2026-06-06T12:22:46.0206782Z /usr/bin/tar: ../../../../../usr/local/lib/android/sdk/platforms/android-35/data/res/values-mcc310-mnc660-kk: Cannot utime: Operation not permitted
build	Cache Android SDK	2026-06-06T12:22:46.0207316Z /usr/bin/tar: ../../../../../usr/local/lib/android/sdk/platforms/android-35/data/res/values-mcc310-mnc660-kk: Cannot change mode to rwxr-xr-x: Operation not permitted
build	Cache Android SDK	2026-06-06T12:22:46.0209341Z /usr/bin/tar: ../../../../../usr/local/lib/android/sdk/platforms/android-35/data/res/values-cs-rCZ: Cannot utime: Operation not permitted
build	Cache Android SDK	2026-06-06T12:22:46.0209767Z /usr/bin/tar: ../../../../../usr/local/lib/android/sdk/platforms/android-35/data/res/values-cs-rCZ: Cannot change mode to rwxr-xr-x: Operation not permitted
build	Cache Android SDK	2026-06-06T12:22:46.0212417Z /usr/bin/tar: ../../../../../usr/local/lib/android/sdk/platforms/android-35/data/res/values-mcc450-mnc05: Cannot utime: Operation not permitted
build	Cache Android SDK	2026-06-06T12:22:46.0212848Z /usr/bin/tar: ../../../../../usr/local/lib/android/sdk/platforms/android-35/data/res/values-mcc450-mnc05: Cannot change mode to rwxr-xr-x: Operation not permitted
build	Cache Android SDK	2026-06-06T12:22:46.0215631Z /usr/bin/tar: ../../../../../usr/local/lib/android/sdk/platforms/android-35/data/res/values-mcc313-mnc100-vi: Cannot utime: Operation not permitted
build	Cache Android SDK	2026-06-06T12:22:46.0216075Z /usr/bin/tar: ../../../../../usr/local/lib/android/sdk/platforms/android-35/data/res/values-mcc313-mnc100-vi: Cannot change mode to rwxr-xr-x: Operation not permitted
build	Cache Android SDK	2026-06-06T12:22:46.0219126Z /usr/bin/tar: ../../../../../usr/local/lib/android/sdk/platforms/android-35/data/res/values-it-television: Cannot utime: Operation not permitted
build	Cache Android SDK	2026-06-06T12:22:46.0219572Z /usr/bin/tar: ../../../../../usr/local/lib/android/sdk/platforms/android-35/data/res/values-it-television: Cannot change mode to rwxr-xr-x: Operation not permitted
build	Cache Android SDK	2026-06-06T12:22:46.0222571Z /usr/bin/tar: ../../../../../usr/local/lib/android/sdk/platforms/android-35/data/res/values-mcc310-mnc950-as: Cannot utime: Operation not permitted
build	Cache Android SDK	2026-06-06T12:22:46.0223063Z /usr/bin/tar: ../../../../../usr/local/lib/android/sdk/platforms/android-35/data/res/values-mcc310-mnc950-as: Cannot change mode to rwxr-xr-x: Operation not permitted
build	Cache Android SDK	2026-06-06T12:22:46.0225576Z /usr/bin/tar: ../../../../../usr/local/lib/android/sdk/platforms/android-35/data/res/values-mcc302-mnc370-lt: Cannot utime: Operation not permitted
build	Cache Android SDK	2026-06-06T12:22:46.0226021Z /usr/bin/tar: ../../../../../usr/local/lib/android/sdk/platforms/android-35/data/res/values-mcc302-mnc370-lt: Cannot change mode to rwxr-xr-x: Operation not permitted
build	Cache Android SDK	2026-06-06T12:22:46.0229252Z /usr/bin/tar: ../../../../../usr/local/lib/android/sdk/platforms/android-35/data/res/values-mcc310-mnc230-ky: Cannot utime: Operation not permitted
build	Cache Android SDK	2026-06-06T12:22:46.0229692Z /usr/bin/tar: ../../../../../usr/local/lib/android/sdk/platforms/android-35/data/res/values-mcc310-mnc230-ky: Cannot change mode to rwxr-xr-x: Operation not permitted
build	Cache Android SDK	2026-06-06T12:22:46.0234204Z /usr/bin/tar: ../../../../../usr/local/lib/android/sdk/platforms/android-35/data/res/values-mcc310-mnc210-sw: Cannot utime: Operation not permitted
build	Cache Android SDK	2026-06-06T12:22:46.0234711Z /usr/bin/tar: ../../../../../usr/local/lib/android/sdk/platforms/android-35/data/res/values-mcc310-mnc210-sw: Cannot change mode to rwxr-xr-x: Operation not permitted
build	Cache Android SDK	2026-06-06T12:22:46.0237613Z /usr/bin/tar: ../../../../../usr/local/lib/android/sdk/platforms/android-35/data/res/values-mcc310-mnc490-hr: Cannot utime: Operation not permitted
build	Cache Android SDK	2026-06-06T12:22:46.0238062Z /usr/bin/tar: ../../../../../usr/local/lib/android/sdk/platforms/android-35/data/res/values-mcc310-mnc490-hr: Cannot change mode to rwxr-xr-x: Operation not permitted
build	Cache Android SDK	2026-06-06T12:22:46.0240807Z /usr/bin/tar: ../../../../../usr/local/lib/android/sdk/platforms/android-35/data/res/values-mcc310-mnc410-az: Cannot utime: Operation not permitted
build	Cache Android SDK	2026-06-06T12:22:46.0241254Z /usr/bin/tar: ../../../../../usr/local/lib/android/sdk/platforms/android-35/data/res/values-mcc310-mnc410-az: Cannot change mode to rwxr-xr-x: Operation not permitted
build	Cache Android SDK	2026-06-06T12:22:46.0244118Z /usr/bin/tar: ../../../../../usr/local/lib/android/sdk/platforms/android-35/data/res/values-mcc310-mnc380-kn: Cannot utime: Operation not permitted
build	Cache Android SDK	2026-06-06T12:22:46.0244569Z /usr/bin/tar: ../../../../../usr/local/lib/android/sdk/platforms/android-35/data/res/values-mcc310-mnc380-kn: Cannot change mode to rwxr-xr-x: Operation not permitted
build	Cache Android SDK	2026-06-06T12:22:46.0247420Z /usr/bin/tar: ../../../../../usr/local/lib/android/sdk/platforms/android-35/data/res/values-mcc310-mnc150-mn: Cannot utime: Operation not permitted
build	Cache Android SDK	2026-06-06T12:22:46.0247870Z /usr/bin/tar: ../../../../../usr/local/lib/android/sdk/platforms/android-35/data/res/values-mcc310-mnc150-mn: Cannot change mode to rwxr-xr-x: Operation not permitted
build	Cache Android SDK	2026-06-06T12:22:46.0250678Z /usr/bin/tar: ../../../../../usr/local/lib/android/sdk/platforms/android-35/data/res/values-mcc310-mnc150-mr: Cannot utime: Operation not permitted
build	Cache Android SDK	2026-06-06T12:22:46.0251119Z /usr/bin/tar: ../../../../../usr/local/lib/android/sdk/platforms/android-35/data/res/values-mcc310-mnc150-mr: Cannot change mode to rwxr-xr-x: Operation not permitted
build	Cache Android SDK	2026-06-06T12:22:46.0254004Z /usr/bin/tar: ../../../../../usr/local/lib/android/sdk/platforms/android-35/data/res/values-mcc310-mnc220-ca: Cannot utime: Operation not permitted
build	Cache Android SDK	2026-06-06T12:22:46.0254444Z /usr/bin/tar: ../../../../../usr/local/lib/android/sdk/platforms/android-35/data/res/values-mcc310-mnc220-ca: Cannot change mode to rwxr-xr-x: Operation not permitted
build	Cache Android SDK	2026-06-06T12:22:46.0257036Z /usr/bin/tar: ../../../../../usr/local/lib/android/sdk/platforms/android-35/data/res/values-mcc310-mnc490-hu: Cannot utime: Operation not permitted
build	Cache Android SDK	2026-06-06T12:22:46.0257587Z /usr/bin/tar: ../../../../../usr/local/lib/android/sdk/platforms/android-35/data/res/values-mcc310-mnc490-hu: Cannot change mode to rwxr-xr-x: Operation not permitted
build	Cache Android SDK	2026-06-06T12:22:46.0260166Z /usr/bin/tar: ../../../../../usr/local/lib/android/sdk/platforms/android-35/data/res/values-mcc310-mnc310-it: Cannot utime: Operation not permitted
build	Cache Android SDK	2026-06-06T12:22:46.0260614Z /usr/bin/tar: ../../../../../usr/local/lib/android/sdk/platforms/android-35/data/res/values-mcc310-mnc310-it: Cannot change mode to rwxr-xr-x: Operation not permitted
build	Cache Android SDK	2026-06-06T12:22:46.0263174Z /usr/bin/tar: ../../../../../usr/local/lib/android/sdk/platforms/android-35/data/res/values-mcc310-mnc220-zh-rCN: Cannot utime: Operation not permitted
build	Cache Android SDK	2026-06-06T12:22:46.0263629Z /usr/bin/tar: ../../../../../usr/local/lib/android/sdk/platforms/android-35/data/res/values-mcc310-mnc220-zh-rCN: Cannot change mode to rwxr-xr-x: Operation not permitted
build	Cache Android SDK	2026-06-06T12:22:46.0266741Z /usr/bin/tar: ../../../../../usr/local/lib/android/sdk/platforms/android-35/data/res/values-mcc311-mnc180-ro: Cannot utime: Operation not permitted
build	Cache Android SDK	2026-06-06T12:22:46.0267926Z /usr/bin/tar: ../../../../../usr/local/lib/android/sdk/platforms/android-35/data/res/values-mcc311-mnc180-ro: Cannot change mode to rwxr-xr-x: Operation not permitted
build	Cache Android SDK	2026-06-06T12:22:46.0280146Z /usr/bin/tar: ../../../../../usr/local/lib/android/sdk/platforms/android-35/data/res/values-es-rMX: Cannot utime: Operation not permitted
build	Cache Android SDK	2026-06-06T12:22:46.0281604Z /usr/bin/tar: ../../../../../usr/local/lib/android/sdk/platforms/android-35/data/res/values-es-rMX: Cannot change mode to rwxr-xr-x: Operation not permitted
build	Cache Android SDK	2026-06-06T12:22:46.0289661Z /usr/bin/tar: ../../../../../usr/local/lib/android/sdk/platforms/android-35/data/res/values-hy: Cannot utime: Operation not permitted
build	Cache Android SDK	2026-06-06T12:22:46.0290634Z /usr/bin/tar: ../../../../../usr/local/lib/android/sdk/platforms/android-35/data/res/values-hy: Cannot change mode to rwxr-xr-x: Operation not permitted
build	Cache Android SDK	2026-06-06T12:22:46.0292157Z /usr/bin/tar: ../../../../../usr/local/lib/android/sdk/platforms/android-35/data/res/values-mcc310-mnc950-en-rAU: Cannot utime: Operation not permitted
build	Cache Android SDK	2026-06-06T12:22:46.0293115Z /usr/bin/tar: ../../../../../usr/local/lib/android/sdk/platforms/android-35/data/res/values-mcc310-mnc950-en-rAU: Cannot change mode to rwxr-xr-x: Operation not permitted
build	Cache Android SDK	2026-06-06T12:22:46.0295042Z /usr/bin/tar: ../../../../../usr/local/lib/android/sdk/platforms/android-35/data/res/values-mcc302-mnc370-it: Cannot utime: Operation not permitted
build	Cache Android SDK	2026-06-06T12:22:46.0295978Z /usr/bin/tar: ../../../../../usr/local/lib/android/sdk/platforms/android-35/data/res/values-mcc302-mnc370-it: Cannot change mode to rwxr-xr-x: Operation not permitted
build	Cache Android SDK	2026-06-06T12:22:46.0299607Z /usr/bin/tar: ../../../../../usr/local/lib/android/sdk/platforms/android-35/data/res/values-sw720dp: Cannot utime: Operation not permitted
build	Cache Android SDK	2026-06-06T12:22:46.0300552Z /usr/bin/tar: ../../../../../usr/local/lib/android/sdk/platforms/android-35/data/res/values-sw720dp: Cannot change mode to rwxr-xr-x: Operation not permitted
build	Cache Android SDK	2026-06-06T12:22:46.0304637Z /usr/bin/tar: ../../../../../usr/local/lib/android/sdk/platforms/android-35/data/res/layout-notround-watch: Cannot utime: Operation not permitted
build	Cache Android SDK	2026-06-06T12:22:46.0305585Z /usr/bin/tar: ../../../../../usr/local/lib/android/sdk/platforms/android-35/data/res/layout-notround-watch: Cannot change mode to rwxr-xr-x: Operation not permitted
build	Cache Android SDK	2026-06-06T12:22:46.0307989Z /usr/bin/tar: ../../../../../usr/local/lib/android/sdk/platforms/android-35/data/res/values-mcc310-mnc220-af: Cannot utime: Operation not permitted
build	Cache Android SDK	2026-06-06T12:22:46.0309017Z /usr/bin/tar: ../../../../../usr/local/lib/android/sdk/platforms/android-35/data/res/values-mcc310-mnc220-af: Cannot change mode to rwxr-xr-x: Operation not permitted
build	Cache Android SDK	2026-06-06T12:22:46.0311285Z /usr/bin/tar: ../../../../../usr/local/lib/android/sdk/platforms/android-35/data/res/values-mcc310-mnc270-cs: Cannot utime: Operation not permitted
build	Cache Android SDK	2026-06-06T12:22:46.0312210Z /usr/bin/tar: ../../../../../usr/local/lib/android/sdk/platforms/android-35/data/res/values-mcc310-mnc270-cs: Cannot change mode to rwxr-xr-x: Operation not permitted
build	Cache Android SDK	2026-06-06T12:22:46.0314342Z /usr/bin/tar: ../../../../../usr/local/lib/android/sdk/platforms/android-35/data/res/values-mcc310-mnc490-kn: Cannot utime: Operation not permitted
build	Cache Android SDK	2026-06-06T12:22:46.0315347Z /usr/bin/tar: ../../../../../usr/local/lib/android/sdk/platforms/android-35/data/res/values-mcc310-mnc490-kn: Cannot change mode to rwxr-xr-x: Operation not permitted
build	Cache Android SDK	2026-06-06T12:22:46.0316936Z /usr/bin/tar: ../../../../../usr/local/lib/android/sdk/platforms/android-35/data/res/values-mcc310-mnc660-pl: Cannot utime: Operation not permitted
build	Cache Android SDK	2026-06-06T12:22:46.0318060Z /usr/bin/tar: ../../../../../usr/local/lib/android/sdk/platforms/android-35/data/res/values-mcc310-mnc660-pl: Cannot change mode to rwxr-xr-x: Operation not permitted
build	Cache Android SDK	2026-06-06T12:22:46.0321604Z /usr/bin/tar: ../../../../../usr/local/lib/android/sdk/platforms/android-35/data/res/values-mcc312-mnc670-te: Cannot utime: Operation not permitted
build	Cache Android SDK	2026-06-06T12:22:46.0322946Z /usr/bin/tar: ../../../../../usr/local/lib/android/sdk/platforms/android-35/data/res/values-mcc312-mnc670-te: Cannot change mode to rwxr-xr-x: Operation not permitted
build	Cache Android SDK	2026-06-06T12:22:46.0323851Z /usr/bin/tar: ../../../../../usr/local/lib/android/sdk/platforms/android-35/data/res/values-mcc310-mnc160-hr: Cannot utime: Operation not permitted
build	Cache Android SDK	2026-06-06T12:22:46.0324912Z /usr/bin/tar: ../../../../../usr/local/lib/android/sdk/platforms/android-35/data/res/values-mcc310-mnc160-hr: Cannot change mode to rwxr-xr-x: Operation not permitted
build	Cache Android SDK	2026-06-06T12:22:46.0326291Z /usr/bin/tar: ../../../../../usr/local/lib/android/sdk/platforms/android-35/data/res/values-mcc310-mnc800-af: Cannot utime: Operation not permitted
build	Cache Android SDK	2026-06-06T12:22:46.0327197Z /usr/bin/tar: ../../../../../usr/local/lib/android/sdk/platforms/android-35/data/res/values-mcc310-mnc800-af: Cannot change mode to rwxr-xr-x: Operation not permitted
build	Cache Android SDK	2026-06-06T12:22:46.0328931Z /usr/bin/tar: ../../../../../usr/local/lib/android/sdk/platforms/android-35/data/res/values-mcc310-mnc310-nl: Cannot utime: Operation not permitted
build	Cache Android SDK	2026-06-06T12:22:46.0329841Z /usr/bin/tar: ../../../../../usr/local/lib/android/sdk/platforms/android-35/data/res/values-mcc310-mnc310-nl: Cannot change mode to rwxr-xr-x: Operation not permitted
build	Cache Android SDK	2026-06-06T12:22:46.0331903Z /usr/bin/tar: ../../../../../usr/local/lib/android/sdk/platforms/android-35/data/res/values-sv-rSE: Cannot utime: Operation not permitted
build	Cache Android SDK	2026-06-06T12:22:46.0332759Z /usr/bin/tar: ../../../../../usr/local/lib/android/sdk/platforms/android-35/data/res/values-sv-rSE: Cannot change mode to rwxr-xr-x: Operation not permitted
build	Cache Android SDK	2026-06-06T12:22:46.0335531Z /usr/bin/tar: ../../../../../usr/local/lib/android/sdk/platforms/android-35/data/res/values-mcc310-mnc170-hu: Cannot utime: Operation not permitted
build	Cache Android SDK	2026-06-06T12:22:46.0336451Z /usr/bin/tar: ../../../../../usr/local/lib/android/sdk/platforms/android-35/data/res/values-mcc310-mnc170-hu: Cannot change mode to rwxr-xr-x: Operation not permitted
build	Cache Android SDK	2026-06-06T12:22:46.0339333Z /usr/bin/tar: ../../../../../usr/local/lib/android/sdk/platforms/android-35/data/res/values-mcc302-mnc720-tl: Cannot utime: Operation not permitted
build	Cache Android SDK	2026-06-06T12:22:46.0340252Z /usr/bin/tar: ../../../../../usr/local/lib/android/sdk/platforms/android-35/data/res/values-mcc302-mnc720-tl: Cannot change mode to rwxr-xr-x: Operation not permitted
build	Cache Android SDK	2026-06-06T12:22:46.0342853Z /usr/bin/tar: ../../../../../usr/local/lib/android/sdk/platforms/android-35/data/res/values-mcc001-mnc01-nb: Cannot utime: Operation not permitted
build	Cache Android SDK	2026-06-06T12:22:46.0343798Z /usr/bin/tar: ../../../../../usr/local/lib/android/sdk/platforms/android-35/data/res/values-mcc001-mnc01-nb: Cannot change mode to rwxr-xr-x: Operation not permitted
build	Cache Android SDK	2026-06-06T12:22:46.0346041Z /usr/bin/tar: ../../../../../usr/local/lib/android/sdk/platforms/android-35/data/res/values-mcc310-mnc150-tr: Cannot utime: Operation not permitted
build	Cache Android SDK	2026-06-06T12:22:46.0346952Z /usr/bin/tar: ../../../../../usr/local/lib/android/sdk/platforms/android-35/data/res/values-mcc310-mnc150-tr: Cannot change mode to rwxr-xr-x: Operation not permitted
build	Cache Android SDK	2026-06-06T12:22:46.0349152Z /usr/bin/tar: ../../../../../usr/local/lib/android/sdk/platforms/android-35/data/res/values-mcc310-mnc160-da: Cannot utime: Operation not permitted
build	Cache Android SDK	2026-06-06T12:22:46.0350080Z /usr/bin/tar: ../../../../../usr/local/lib/android/sdk/platforms/android-35/data/res/values-mcc310-mnc160-da: Cannot change mode to rwxr-xr-x: Operation not permitted
build	Cache Android SDK	2026-06-06T12:22:46.0352513Z /usr/bin/tar: ../../../../../usr/local/lib/android/sdk/platforms/android-35/data/res/values-mcc310-mnc240-lo: Cannot utime: Operation not permitted
build	Cache Android SDK	2026-06-06T12:22:46.0353435Z /usr/bin/tar: ../../../../../usr/local/lib/android/sdk/platforms/android-35/data/res/values-mcc310-mnc240-lo: Cannot change mode to rwxr-xr-x: Operation not permitted
build	Cache Android SDK	2026-06-06T12:22:46.0355900Z /usr/bin/tar: ../../../../../usr/local/lib/android/sdk/platforms/android-35/data/res/values-mcc310-mnc250-eu: Cannot utime: Operation not permitted
build	Cache Android SDK	2026-06-06T12:22:46.0356821Z /usr/bin/tar: ../../../../../usr/local/lib/android/sdk/platforms/android-35/data/res/values-mcc310-mnc250-eu: Cannot change mode to rwxr-xr-x: Operation not permitted
build	Cache Android SDK	2026-06-06T12:22:46.0359302Z /usr/bin/tar: ../../../../../usr/local/lib/android/sdk/platforms/android-35/data/res/raw-hu: Cannot utime: Operation not permitted
build	Cache Android SDK	2026-06-06T12:22:46.0360147Z /usr/bin/tar: ../../../../../usr/local/lib/android/sdk/platforms/android-35/data/res/raw-hu: Cannot change mode to rwxr-xr-x: Operation not permitted
build	Cache Android SDK	2026-06-06T12:22:46.0362271Z /usr/bin/tar: ../../../../../usr/local/lib/android/sdk/platforms/android-35/data/res/values-mcc302-mnc370-nb: Cannot utime: Operation not permitted
build	Cache Android SDK	2026-06-06T12:22:46.0363204Z /usr/bin/tar: ../../../../../usr/local/lib/android/sdk/platforms/android-35/data/res/values-mcc302-mnc370-nb: Cannot change mode to rwxr-xr-x: Operation not permitted
build	Cache Android SDK	2026-06-06T12:22:46.0365665Z /usr/bin/tar: ../../../../../usr/local/lib/android/sdk/platforms/android-35/data/res/values-pt-rBR-watch: Cannot utime: Operation not permitted
build	Cache Android SDK	2026-06-06T12:22:46.0366586Z /usr/bin/tar: ../../../../../usr/local/lib/android/sdk/platforms/android-35/data/res/values-pt-rBR-watch: Cannot change mode to rwxr-xr-x: Operation not permitted
build	Cache Android SDK	2026-06-06T12:22:46.0369590Z /usr/bin/tar: ../../../../../usr/local/lib/android/sdk/platforms/android-35/data/res/values-mcc310-mnc150-pt-rBR: Cannot utime: Operation not permitted
build	Cache Android SDK	2026-06-06T12:22:46.0370670Z /usr/bin/tar: ../../../../../usr/local/lib/android/sdk/platforms/android-35/data/res/values-mcc310-mnc150-pt-rBR: Cannot change mode to rwxr-xr-x: Operation not permitted
build	Cache Android SDK	2026-06-06T12:22:46.0372953Z /usr/bin/tar: ../../../../../usr/local/lib/android/sdk/platforms/android-35/data/res/values-mcc310-mnc660-b+sr+Latn: Cannot utime: Operation not permitted
build	Cache Android SDK	2026-06-06T12:22:46.0373931Z /usr/bin/tar: ../../../../../usr/local/lib/android/sdk/platforms/android-35/data/res/values-mcc310-mnc660-b+sr+Latn: Cannot change mode to rwxr-xr-x: Operation not permitted
build	Cache Android SDK	2026-06-06T12:22:46.0393404Z /usr/bin/tar: ../../../../../usr/local/lib/android/sdk/platforms/android-35/data/res/interpolator: Cannot utime: Operation not permitted
build	Cache Android SDK	2026-06-06T12:22:46.0394291Z /usr/bin/tar: ../../../../../usr/local/lib/android/sdk/platforms/android-35/data/res/interpolator: Cannot change mode to rwxr-xr-x: Operation not permitted
build	Cache Android SDK	2026-06-06T12:22:46.0396187Z /usr/bin/tar: ../../../../../usr/local/lib/android/sdk/platforms/android-35/data/res/values-mcc310-mnc030-ar: Cannot utime: Operation not permitted
build	Cache Android SDK	2026-06-06T12:22:46.0397125Z /usr/bin/tar: ../../../../../usr/local/lib/android/sdk/platforms/android-35/data/res/values-mcc310-mnc030-ar: Cannot change mode to rwxr-xr-x: Operation not permitted
build	Cache Android SDK	2026-06-06T12:22:46.0399817Z /usr/bin/tar: ../../../../../usr/local/lib/android/sdk/platforms/android-35/data/res/values-es-rUS-watch: Cannot utime: Operation not permitted
build	Cache Android SDK	2026-06-06T12:22:46.0400709Z /usr/bin/tar: ../../../../../usr/local/lib/android/sdk/platforms/android-35/data/res/values-es-rUS-watch: Cannot change mode to rwxr-xr-x: Operation not permitted
build	Cache Android SDK	2026-06-06T12:22:46.0402891Z /usr/bin/tar: ../../../../../usr/local/lib/android/sdk/platforms/android-35/data/res/values-gl-television: Cannot utime: Operation not permitted
build	Cache Android SDK	2026-06-06T12:22:46.0403810Z /usr/bin/tar: ../../../../../usr/local/lib/android/sdk/platforms/android-35/data/res/values-gl-television: Cannot change mode to rwxr-xr-x: Operation not permitted
build	Cache Android SDK	2026-06-06T12:22:46.0405872Z /usr/bin/tar: ../../../../../usr/local/lib/android/sdk/platforms/android-35/data/res/values-w227dp: Cannot utime: Operation not permitted
build	Cache Android SDK	2026-06-06T12:22:46.0406727Z /usr/bin/tar: ../../../../../usr/local/lib/android/sdk/platforms/android-35/data/res/values-w227dp: Cannot change mode to rwxr-xr-x: Operation not permitted
build	Cache Android SDK	2026-06-06T12:22:46.0409250Z /usr/bin/tar: ../../../../../usr/local/lib/android/sdk/platforms/android-35/data/res/values-mcc310-mnc160-in: Cannot utime: Operation not permitted
build	Cache Android SDK	2026-06-06T12:22:46.0410164Z /usr/bin/tar: ../../../../../usr/local/lib/android/sdk/platforms/android-35/data/res/values-mcc310-mnc160-in: Cannot change mode to rwxr-xr-x: Operation not permitted
build	Cache Android SDK	2026-06-06T12:22:46.0412641Z /usr/bin/tar: ../../../../../usr/local/lib/android/sdk/platforms/android-35/data/res/values-mcc310-mnc280-lt: Cannot utime: Operation not permitted
build	Cache Android SDK	2026-06-06T12:22:46.0413554Z /usr/bin/tar: ../../../../../usr/local/lib/android/sdk/platforms/android-35/data/res/values-mcc310-mnc280-lt: Cannot change mode to rwxr-xr-x: Operation not permitted
build	Cache Android SDK	2026-06-06T12:22:46.0416179Z /usr/bin/tar: ../../../../../usr/local/lib/android/sdk/platforms/android-35/data/res/values-mcc310-mnc230-fr-rCA: Cannot utime: Operation not permitted
build	Cache Android SDK	2026-06-06T12:22:46.0417125Z /usr/bin/tar: ../../../../../usr/local/lib/android/sdk/platforms/android-35/data/res/values-mcc310-mnc230-fr-rCA: Cannot change mode to rwxr-xr-x: Operation not permitted
build	Cache Android SDK	2026-06-06T12:22:46.0419392Z /usr/bin/tar: ../../../../../usr/local/lib/android/sdk/platforms/android-35/data/res/values-mcc310-mnc170-ar: Cannot utime: Operation not permitted
build	Cache Android SDK	2026-06-06T12:22:46.0420295Z /usr/bin/tar: ../../../../../usr/local/lib/android/sdk/platforms/android-35/data/res/values-mcc310-mnc170-ar: Cannot change mode to rwxr-xr-x: Operation not permitted
build	Cache Android SDK	2026-06-06T12:22:46.0426701Z /usr/bin/tar: ../../../../../usr/local/lib/android/sdk/platforms/android-35/data/res/values-sl: Cannot utime: Operation not permitted
build	Cache Android SDK	2026-06-06T12:22:46.0428459Z /usr/bin/tar: ../../../../../usr/local/lib/android/sdk/platforms/android-35/data/res/values-sl: Cannot change mode to rwxr-xr-x: Operation not permitted
build	Cache Android SDK	2026-06-06T12:22:46.0430015Z /usr/bin/tar: ../../../../../usr/local/lib/android/sdk/platforms/android-35/data/res/values-mcc310-mnc030-da: Cannot utime: Operation not permitted
build	Cache Android SDK	2026-06-06T12:22:46.0431001Z /usr/bin/tar: ../../../../../usr/local/lib/android/sdk/platforms/android-35/data/res/values-mcc310-mnc030-da: Cannot change mode to rwxr-xr-x: Operation not permitted
build	Cache Android SDK	2026-06-06T12:22:46.0434579Z /usr/bin/tar: ../../../../../usr/local/lib/android/sdk/platforms/android-35/data/res/values-mcc510-mnc08: Cannot utime: Operation not permitted
build	Cache Android SDK	2026-06-06T12:22:46.0435492Z /usr/bin/tar: ../../../../../usr/local/lib/android/sdk/platforms/android-35/data/res/values-mcc510-mnc08: Cannot change mode to rwxr-xr-x: Operation not permitted
build	Cache Android SDK	2026-06-06T12:22:46.0438738Z /usr/bin/tar: ../../../../../usr/local/lib/android/sdk/platforms/android-35/data/res/values-fa-rIR: Cannot utime: Operation not permitted
build	Cache Android SDK	2026-06-06T12:22:46.0439618Z /usr/bin/tar: ../../../../../usr/local/lib/android/sdk/platforms/android-35/data/res/values-fa-rIR: Cannot change mode to rwxr-xr-x: Operation not permitted
build	Cache Android SDK	2026-06-06T12:22:46.0443261Z /usr/bin/tar: ../../../../../usr/local/lib/android/sdk/platforms/android-35/data/res/values-en-rZA: Cannot utime: Operation not permitted
build	Cache Android SDK	2026-06-06T12:22:46.0444119Z /usr/bin/tar: ../../../../../usr/local/lib/android/sdk/platforms/android-35/data/res/values-en-rZA: Cannot change mode to rwxr-xr-x: Operation not permitted
build	Cache Android SDK	2026-06-06T12:22:46.0447251Z /usr/bin/tar: ../../../../../usr/local/lib/android/sdk/platforms/android-35/data/res/values-mcc310-mnc310-en-rGB: Cannot utime: Operation not permitted
build	Cache Android SDK	2026-06-06T12:22:46.0448404Z /usr/bin/tar: ../../../../../usr/local/lib/android/sdk/platforms/android-35/data/res/values-mcc310-mnc310-en-rGB: Cannot change mode to rwxr-xr-x: Operation not permitted
build	Cache Android SDK	2026-06-06T12:22:46.0450683Z /usr/bin/tar: ../../../../../usr/local/lib/android/sdk/platforms/android-35/data/res/values-mcc310-mnc270-tr: Cannot utime: Operation not permitted
build	Cache Android SDK	2026-06-06T12:22:46.0451611Z /usr/bin/tar: ../../../../../usr/local/lib/android/sdk/platforms/android-35/data/res/values-mcc310-mnc270-tr: Cannot change mode to rwxr-xr-x: Operation not permitted
build	Cache Android SDK	2026-06-06T12:22:46.0454017Z /usr/bin/tar: ../../../../../usr/local/lib/android/sdk/platforms/android-35/data/res/values-mcc312-mnc670-vi: Cannot utime: Operation not permitted
build	Cache Android SDK	2026-06-06T12:22:46.0454938Z /usr/bin/tar: ../../../../../usr/local/lib/android/sdk/platforms/android-35/data/res/values-mcc312-mnc670-vi: Cannot change mode to rwxr-xr-x: Operation not permitted
build	Cache Android SDK	2026-06-06T12:22:46.0456994Z /usr/bin/tar: ../../../../../usr/local/lib/android/sdk/platforms/android-35/data/res/values-mcc310-mnc200-tl: Cannot utime: Operation not permitted
build	Cache Android SDK	2026-06-06T12:22:46.0458212Z /usr/bin/tar: ../../../../../usr/local/lib/android/sdk/platforms/android-35/data/res/values-mcc310-mnc200-tl: Cannot change mode to rwxr-xr-x: Operation not permitted
build	Cache Android SDK	2026-06-06T12:22:46.0460358Z /usr/bin/tar: ../../../../../usr/local/lib/android/sdk/platforms/android-35/data/res/values-mcc311-mnc180-az: Cannot utime: Operation not permitted
build	Cache Android SDK	2026-06-06T12:22:46.0461354Z /usr/bin/tar: ../../../../../usr/local/lib/android/sdk/platforms/android-35/data/res/values-mcc311-mnc180-az: Cannot change mode to rwxr-xr-x: Operation not permitted
build	Cache Android SDK	2026-06-06T12:22:46.0463388Z /usr/bin/tar: ../../../../../usr/local/lib/android/sdk/platforms/android-35/data/res/values-mcc310-mnc800-ky: Cannot utime: Operation not permitted
build	Cache Android SDK	2026-06-06T12:22:46.0464308Z /usr/bin/tar: ../../../../../usr/local/lib/android/sdk/platforms/android-35/data/res/values-mcc310-mnc800-ky: Cannot change mode to rwxr-xr-x: Operation not permitted
build	Cache Android SDK	2026-06-06T12:22:46.0467058Z /usr/bin/tar: ../../../../../usr/local/lib/android/sdk/platforms/android-35/data/res/values-mcc310-mnc170-da: Cannot utime: Operation not permitted
build	Cache Android SDK	2026-06-06T12:22:46.0468250Z /usr/bin/tar: ../../../../../usr/local/lib/android/sdk/platforms/android-35/data/res/values-mcc310-mnc170-da: Cannot change mode to rwxr-xr-x: Operation not permitted
build	Cache Android SDK	2026-06-06T12:22:46.0469915Z /usr/bin/tar: ../../../../../usr/local/lib/android/sdk/platforms/android-35/data/res/values-mcc310-mnc280-hu: Cannot utime: Operation not permitted
build	Cache Android SDK	2026-06-06T12:22:46.0470823Z /usr/bin/tar: ../../../../../usr/local/lib/android/sdk/platforms/android-35/data/res/values-mcc310-mnc280-hu: Cannot change mode to rwxr-xr-x: Operation not permitted
build	Cache Android SDK	2026-06-06T12:22:46.0473058Z /usr/bin/tar: ../../../../../usr/local/lib/android/sdk/platforms/android-35/data/res/values-es-rHN: Cannot utime: Operation not permitted
build	Cache Android SDK	2026-06-06T12:22:46.0473910Z /usr/bin/tar: ../../../../../usr/local/lib/android/sdk/platforms/android-35/data/res/values-es-rHN: Cannot change mode to rwxr-xr-x: Operation not permitted
build	Cache Android SDK	2026-06-06T12:22:46.0476188Z /usr/bin/tar: ../../../../../usr/local/lib/android/sdk/platforms/android-35/data/res/values-mcc310-mnc200-en-rIN: Cannot utime: Operation not permitted
build	Cache Android SDK	2026-06-06T12:22:46.0477141Z /usr/bin/tar: ../../../../../usr/local/lib/android/sdk/platforms/android-35/data/res/values-mcc310-mnc200-en-rIN: Cannot change mode to rwxr-xr-x: Operation not permitted
build	Cache Android SDK	2026-06-06T12:22:46.0479208Z /usr/bin/tar: ../../../../../usr/local/lib/android/sdk/platforms/android-35/data/res/values-mcc310-mnc280-ko: Cannot utime: Operation not permitted
build	Cache Android SDK	2026-06-06T12:22:46.0480243Z /usr/bin/tar: ../../../../../usr/local/lib/android/sdk/platforms/android-35/data/res/values-mcc310-mnc280-ko: Cannot change mode to rwxr-xr-x: Operation not permitted
build	Cache Android SDK	2026-06-06T12:22:46.0482439Z /usr/bin/tar: ../../../../../usr/local/lib/android/sdk/platforms/android-35/data/res/values-mcc310-mnc490-en-rIN: Cannot utime: Operation not permitted
build	Cache Android SDK	2026-06-06T12:22:46.0483396Z /usr/bin/tar: ../../../../../usr/local/lib/android/sdk/platforms/android-35/data/res/values-mcc310-mnc490-en-rIN: Cannot change mode to rwxr-xr-x: Operation not permitted
build	Cache Android SDK	2026-06-06T12:22:46.0485660Z /usr/bin/tar: ../../../../../usr/local/lib/android/sdk/platforms/android-35/data/res/values-mcc310-mnc160-hy: Cannot utime: Operation not permitted
build	Cache Android SDK	2026-06-06T12:22:46.0486736Z /usr/bin/tar: ../../../../../usr/local/lib/android/sdk/platforms/android-35/data/res/values-mcc310-mnc160-hy: Cannot change mode to rwxr-xr-x: Operation not permitted
build	Cache Android SDK	2026-06-06T12:22:46.0488995Z /usr/bin/tar: ../../../../../usr/local/lib/android/sdk/platforms/android-35/data/res/values-mcc310-mnc200-af: Cannot utime: Operation not permitted
build	Cache Android SDK	2026-06-06T12:22:46.0489908Z /usr/bin/tar: ../../../../../usr/local/lib/android/sdk/platforms/android-35/data/res/values-mcc310-mnc200-af: Cannot change mode to rwxr-xr-x: Operation not permitted
build	Cache Android SDK	2026-06-06T12:22:46.0491958Z /usr/bin/tar: ../../../../../usr/local/lib/android/sdk/platforms/android-35/data/res/values-mcc313-mnc100-ms: Cannot utime: Operation not permitted
build	Cache Android SDK	2026-06-06T12:22:46.0492870Z /usr/bin/tar: ../../../../../usr/local/lib/android/sdk/platforms/android-35/data/res/values-mcc313-mnc100-ms: Cannot change mode to rwxr-xr-x: Operation not permitted
build	Cache Android SDK	2026-06-06T12:22:46.0495378Z /usr/bin/tar: ../../../../../usr/local/lib/android/sdk/platforms/android-35/data/res/values-mcc302-mnc370-pl: Cannot utime: Operation not permitted
build	Cache Android SDK	2026-06-06T12:22:46.0496368Z /usr/bin/tar: ../../../../../usr/local/lib/android/sdk/platforms/android-35/data/res/values-mcc302-mnc370-pl: Cannot change mode to rwxr-xr-x: Operation not permitted
build	Cache Android SDK	2026-06-06T12:22:46.0498912Z /usr/bin/tar: ../../../../../usr/local/lib/android/sdk/platforms/android-35/data/res/values-mcc310-mnc150-bn: Cannot utime: Operation not permitted
build	Cache Android SDK	2026-06-06T12:22:46.0499845Z /usr/bin/tar: ../../../../../usr/local/lib/android/sdk/platforms/android-35/data/res/values-mcc310-mnc150-bn: Cannot change mode to rwxr-xr-x: Operation not permitted
build	Cache Android SDK	2026-06-06T12:22:46.0501695Z /usr/bin/tar: ../../../../../usr/local/lib/android/sdk/platforms/android-35/data/res/values-mcc312-mnc670-iw: Cannot utime: Operation not permitted
build	Cache Android SDK	2026-06-06T12:22:46.0502861Z /usr/bin/tar: ../../../../../usr/local/lib/android/sdk/platforms/android-35/data/res/values-mcc312-mnc670-iw: Cannot change mode to rwxr-xr-x: Operation not permitted
build	Cache Android SDK	2026-06-06T12:22:46.0504939Z /usr/bin/tar: ../../../../../usr/local/lib/android/sdk/platforms/android-35/data/res/values-mcc310-mnc310-sw: Cannot utime: Operation not permitted
build	Cache Android SDK	2026-06-06T12:22:46.0505860Z /usr/bin/tar: ../../../../../usr/local/lib/android/sdk/platforms/android-35/data/res/values-mcc310-mnc310-sw: Cannot change mode to rwxr-xr-x: Operation not permitted
build	Cache Android SDK	2026-06-06T12:22:46.0508607Z /usr/bin/tar: ../../../../../usr/local/lib/android/sdk/platforms/android-35/data/res/values-mcc312-mnc670-zu: Cannot utime: Operation not permitted
build	Cache Android SDK	2026-06-06T12:22:46.0509523Z /usr/bin/tar: ../../../../../usr/local/lib/android/sdk/platforms/android-35/data/res/values-mcc312-mnc670-zu: Cannot change mode to rwxr-xr-x: Operation not permitted
build	Cache Android SDK	2026-06-06T12:22:46.0512048Z /usr/bin/tar: ../../../../../usr/local/lib/android/sdk/platforms/android-35/data/res/values-mcc310-mnc230-uz: Cannot utime: Operation not permitted
build	Cache Android SDK	2026-06-06T12:22:46.0512975Z /usr/bin/tar: ../../../../../usr/local/lib/android/sdk/platforms/android-35/data/res/values-mcc310-mnc230-uz: Cannot change mode to rwxr-xr-x: Operation not permitted
build	Cache Android SDK	2026-06-06T12:22:46.0515372Z /usr/bin/tar: ../../../../../usr/local/lib/android/sdk/platforms/android-35/data/res/values-mcc310-mnc410-b+sr+Latn: Cannot utime: Operation not permitted
build	Cache Android SDK	2026-06-06T12:22:46.0516354Z /usr/bin/tar: ../../../../../usr/local/lib/android/sdk/platforms/android-35/data/res/values-mcc310-mnc410-b+sr+Latn: Cannot change mode to rwxr-xr-x: Operation not permitted
build	Cache Android SDK	2026-06-06T12:22:46.0518799Z /usr/bin/tar: ../../../../../usr/local/lib/android/sdk/platforms/android-35/data/res/values-mcc312-mnc670-gu: Cannot utime: Operation not permitted
build	Cache Android SDK	2026-06-06T12:22:46.0519759Z /usr/bin/tar: ../../../../../usr/local/lib/android/sdk/platforms/android-35/data/res/values-mcc312-mnc670-gu: Cannot change mode to rwxr-xr-x: Operation not permitted
build	Cache Android SDK	2026-06-06T12:22:46.0521761Z /usr/bin/tar: ../../../../../usr/local/lib/android/sdk/platforms/android-35/data/res/values-mcc310-mnc410-gl: Cannot utime: Operation not permitted
build	Cache Android SDK	2026-06-06T12:22:46.0522671Z /usr/bin/tar: ../../../../../usr/local/lib/android/sdk/platforms/android-35/data/res/values-mcc310-mnc410-gl: Cannot change mode to rwxr-xr-x: Operation not permitted
build	Cache Android SDK	2026-06-06T12:22:46.0524530Z /usr/bin/tar: ../../../../../usr/local/lib/android/sdk/platforms/android-35/data/res/values-mk-television: Cannot utime: Operation not permitted
build	Cache Android SDK	2026-06-06T12:22:46.0525429Z /usr/bin/tar: ../../../../../usr/local/lib/android/sdk/platforms/android-35/data/res/values-mk-television: Cannot change mode to rwxr-xr-x: Operation not permitted
build	Cache Android SDK	2026-06-06T12:22:46.0528055Z /usr/bin/tar: ../../../../../usr/local/lib/android/sdk/platforms/android-35/data/res/values-mcc310-mnc030-ca: Cannot utime: Operation not permitted
build	Cache Android SDK	2026-06-06T12:22:46.0528983Z /usr/bin/tar: ../../../../../usr/local/lib/android/sdk/platforms/android-35/data/res/values-mcc310-mnc030-ca: Cannot change mode to rwxr-xr-x: Operation not permitted
build	Cache Android SDK	2026-06-06T12:22:46.0535301Z /usr/bin/tar: ../../../../../usr/local/lib/android/sdk/platforms/android-35/data/res/values-vi: Cannot utime: Operation not permitted
build	Cache Android SDK	2026-06-06T12:22:46.0539057Z /usr/bin/tar: ../../../../../usr/local/lib/android/sdk/platforms/android-35/data/res/values-vi: Cannot change mode to rwxr-xr-x: Operation not permitted
build	Cache Android SDK	2026-06-06T12:22:46.0540156Z /usr/bin/tar: ../../../../../usr/local/lib/android/sdk/platforms/android-35/data/res/values-mcc310-mnc280-cs: Cannot utime: Operation not permitted
build	Cache Android SDK	2026-06-06T12:22:46.0541660Z /usr/bin/tar: ../../../../../usr/local/lib/android/sdk/platforms/android-35/data/res/values-mcc310-mnc280-cs: Cannot change mode to rwxr-xr-x: Operation not permitted
build	Cache Android SDK	2026-06-06T12:22:46.0542585Z /usr/bin/tar: ../../../../../usr/local/lib/android/sdk/platforms/android-35/data/res/values-mcc310-mnc310-da: Cannot utime: Operation not permitted
build	Cache Android SDK	2026-06-06T12:22:46.0543819Z /usr/bin/tar: ../../../../../usr/local/lib/android/sdk/platforms/android-35/data/res/values-mcc310-mnc310-da: Cannot change mode to rwxr-xr-x: Operation not permitted
build	Cache Android SDK	2026-06-06T12:22:46.0545228Z /usr/bin/tar: ../../../../../usr/local/lib/android/sdk/platforms/android-35/data/res/values-mcc450-mnc08: Cannot utime: Operation not permitted
build	Cache Android SDK	2026-06-06T12:22:46.0546125Z /usr/bin/tar: ../../../../../usr/local/lib/android/sdk/platforms/android-35/data/res/values-mcc450-mnc08: Cannot change mode to rwxr-xr-x: Operation not permitted
build	Cache Android SDK	2026-06-06T12:22:46.0549223Z /usr/bin/tar: ../../../../../usr/local/lib/android/sdk/platforms/android-35/data/res/values-mcc302-mnc370-es: Cannot utime: Operation not permitted
build	Cache Android SDK	2026-06-06T12:22:46.0550152Z /usr/bin/tar: ../../../../../usr/local/lib/android/sdk/platforms/android-35/data/res/values-mcc302-mnc370-es: Cannot change mode to rwxr-xr-x: Operation not permitted
build	Cache Android SDK	2026-06-06T12:22:46.0552785Z /usr/bin/tar: ../../../../../usr/local/lib/android/sdk/platforms/android-35/data/res/values-mcc310-mnc490-nb: Cannot utime: Operation not permitted
build	Cache Android SDK	2026-06-06T12:22:46.0553721Z /usr/bin/tar: ../../../../../usr/local/lib/android/sdk/platforms/android-35/data/res/values-mcc310-mnc490-nb: Cannot change mode to rwxr-xr-x: Operation not permitted
build	Cache Android SDK	2026-06-06T12:22:46.0555598Z /usr/bin/tar: ../../../../../usr/local/lib/android/sdk/platforms/android-35/data/res/values-mcc310-mnc170-hy: Cannot utime: Operation not permitted
build	Cache Android SDK	2026-06-06T12:22:46.0556510Z /usr/bin/tar: ../../../../../usr/local/lib/android/sdk/platforms/android-35/data/res/values-mcc310-mnc170-hy: Cannot change mode to rwxr-xr-x: Operation not permitted
build	Cache Android SDK	2026-06-06T12:22:46.0558988Z /usr/bin/tar: ../../../../../usr/local/lib/android/sdk/platforms/android-35/data/res/values-mcc310-mnc230-km: Cannot utime: Operation not permitted
build	Cache Android SDK	2026-06-06T12:22:46.0559898Z /usr/bin/tar: ../../../../../usr/local/lib/android/sdk/platforms/android-35/data/res/values-mcc310-mnc230-km: Cannot change mode to rwxr-xr-x: Operation not permitted
build	Cache Android SDK	2026-06-06T12:22:46.0562488Z /usr/bin/tar: ../../../../../usr/local/lib/android/sdk/platforms/android-35/data/res/values-mcc310-mnc490-km: Cannot utime: Operation not permitted
build	Cache Android SDK	2026-06-06T12:22:46.0563507Z /usr/bin/tar: ../../../../../usr/local/lib/android/sdk/platforms/android-35/data/res/values-mcc310-mnc490-km: Cannot change mode to rwxr-xr-x: Operation not permitted
build	Cache Android SDK	2026-06-06T12:22:46.0565805Z /usr/bin/tar: ../../../../../usr/local/lib/android/sdk/platforms/android-35/data/res/values-mcc310-mnc280-sl: Cannot utime: Operation not permitted
build	Cache Android SDK	2026-06-06T12:22:46.0567042Z /usr/bin/tar: ../../../../../usr/local/lib/android/sdk/platforms/android-35/data/res/values-mcc310-mnc280-sl: Cannot change mode to rwxr-xr-x: Operation not permitted
build	Cache Android SDK	2026-06-06T12:22:46.0569201Z /usr/bin/tar: ../../../../../usr/local/lib/android/sdk/platforms/android-35/data/res/values-en-rGB-watch: Cannot utime: Operation not permitted
build	Cache Android SDK	2026-06-06T12:22:46.0570104Z /usr/bin/tar: ../../../../../usr/local/lib/android/sdk/platforms/android-35/data/res/values-en-rGB-watch: Cannot change mode to rwxr-xr-x: Operation not permitted
build	Cache Android SDK	2026-06-06T12:22:46.0572575Z /usr/bin/tar: ../../../../../usr/local/lib/android/sdk/platforms/android-35/data/res/values-mcc302-mnc720-ky: Cannot utime: Operation not permitted
build	Cache Android SDK	2026-06-06T12:22:46.0573571Z /usr/bin/tar: ../../../../../usr/local/lib/android/sdk/platforms/android-35/data/res/values-mcc302-mnc720-ky: Cannot change mode to rwxr-xr-x: Operation not permitted
build	Cache Android SDK	2026-06-06T12:22:46.0575730Z /usr/bin/tar: ../../../../../usr/local/lib/android/sdk/platforms/android-35/data/res/values-sv-watch: Cannot utime: Operation not permitted
build	Cache Android SDK	2026-06-06T12:22:46.0576623Z /usr/bin/tar: ../../../../../usr/local/lib/android/sdk/platforms/android-35/data/res/values-sv-watch: Cannot change mode to rwxr-xr-x: Operation not permitted
build	Cache Android SDK	2026-06-06T12:22:46.0579055Z /usr/bin/tar: ../../../../../usr/local/lib/android/sdk/platforms/android-35/data/res/values-mcc204-mnc04: Cannot utime: Operation not permitted
build	Cache Android SDK	2026-06-06T12:22:46.0580054Z /usr/bin/tar: ../../../../../usr/local/lib/android/sdk/platforms/android-35/data/res/values-mcc204-mnc04: Cannot change mode to rwxr-xr-x: Operation not permitted
build	Cache Android SDK	2026-06-06T12:22:46.0582261Z /usr/bin/tar: ../../../../../usr/local/lib/android/sdk/platforms/android-35/data/res/values-mcc310-mnc410-fi: Cannot utime: Operation not permitted
build	Cache Android SDK	2026-06-06T12:22:46.0583177Z /usr/bin/tar: ../../../../../usr/local/lib/android/sdk/platforms/android-35/data/res/values-mcc310-mnc410-fi: Cannot change mode to rwxr-xr-x: Operation not permitted
build	Cache Android SDK	2026-06-06T12:22:46.0585657Z /usr/bin/tar: ../../../../../usr/local/lib/android/sdk/platforms/android-35/data/res/values-mcc310-mnc800-be: Cannot utime: Operation not permitted
build	Cache Android SDK	2026-06-06T12:22:46.0586589Z /usr/bin/tar: ../../../../../usr/local/lib/android/sdk/platforms/android-35/data/res/values-mcc310-mnc800-be: Cannot change mode to rwxr-xr-x: Operation not permitted
build	Cache Android SDK	2026-06-06T12:22:46.0589385Z /usr/bin/tar: ../../../../../usr/local/lib/android/sdk/platforms/android-35/data/res/raw-iw: Cannot utime: Operation not permitted
build	Cache Android SDK	2026-06-06T12:22:46.0590217Z /usr/bin/tar: ../../../../../usr/local/lib/android/sdk/platforms/android-35/data/res/raw-iw: Cannot change mode to rwxr-xr-x: Operation not permitted
build	Cache Android SDK	2026-06-06T12:22:46.0593715Z /usr/bin/tar: ../../../../../usr/local/lib/android/sdk/platforms/android-35/data/res/values-mcc312-mnc670-mn: Cannot utime: Operation not permitted
build	Cache Android SDK	2026-06-06T12:22:46.0594643Z /usr/bin/tar: ../../../../../usr/local/lib/android/sdk/platforms/android-35/data/res/values-mcc312-mnc670-mn: Cannot change mode to rwxr-xr-x: Operation not permitted
build	Cache Android SDK	2026-06-06T12:22:46.0597689Z /usr/bin/tar: ../../../../../usr/local/lib/android/sdk/platforms/android-35/data/res/values-mcc310-mnc240-gl: Cannot utime: Operation not permitted
build	Cache Android SDK	2026-06-06T12:22:46.0598622Z /usr/bin/tar: ../../../../../usr/local/lib/android/sdk/platforms/android-35/data/res/values-mcc310-mnc240-gl: Cannot change mode to rwxr-xr-x: Operation not permitted
build	Cache Android SDK	2026-06-06T12:22:46.0600598Z /usr/bin/tar: ../../../../../usr/local/lib/android/sdk/platforms/android-35/data/res/values-mcc310-mnc270-gl: Cannot utime: Operation not permitted
build	Cache Android SDK	2026-06-06T12:22:46.0601604Z /usr/bin/tar: ../../../../../usr/local/lib/android/sdk/platforms/android-35/data/res/values-mcc310-mnc270-gl: Cannot change mode to rwxr-xr-x: Operation not permitted
build	Cache Android SDK	2026-06-06T12:22:46.0603842Z /usr/bin/tar: ../../../../../usr/local/lib/android/sdk/platforms/android-35/data/res/values-mcc310-mnc380-ru: Cannot utime: Operation not permitted
build	Cache Android SDK	2026-06-06T12:22:46.0604756Z /usr/bin/tar: ../../../../../usr/local/lib/android/sdk/platforms/android-35/data/res/values-mcc310-mnc380-ru: Cannot change mode to rwxr-xr-x: Operation not permitted
build	Cache Android SDK	2026-06-06T12:22:46.0607174Z /usr/bin/tar: ../../../../../usr/local/lib/android/sdk/platforms/android-35/data/res/values-mcc001-mnc01-fr-rCA: Cannot utime: Operation not permitted
build	Cache Android SDK	2026-06-06T12:22:46.0608619Z /usr/bin/tar: ../../../../../usr/local/lib/android/sdk/platforms/android-35/data/res/values-mcc001-mnc01-fr-rCA: Cannot change mode to rwxr-xr-x: Operation not permitted
build	Cache Android SDK	2026-06-06T12:22:46.0611774Z /usr/bin/tar: ../../../../../usr/local/lib/android/sdk/platforms/android-35/data/res/values-zu-television: Cannot utime: Operation not permitted
build	Cache Android SDK	2026-06-06T12:22:46.0613545Z /usr/bin/tar: ../../../../../usr/local/lib/android/sdk/platforms/android-35/data/res/values-zu-television: Cannot change mode to rwxr-xr-x: Operation not permitted
build	Cache Android SDK	2026-06-06T12:22:46.0614467Z /usr/bin/tar: ../../../../../usr/local/lib/android/sdk/platforms/android-35/data/res/values-mcc310-mnc240-pl: Cannot utime: Operation not permitted
build	Cache Android SDK	2026-06-06T12:22:46.0615403Z /usr/bin/tar: ../../../../../usr/local/lib/android/sdk/platforms/android-35/data/res/values-mcc310-mnc240-pl: Cannot change mode to rwxr-xr-x: Operation not permitted
build	Cache Android SDK	2026-06-06T12:22:46.0617190Z /usr/bin/tar: ../../../../../usr/local/lib/android/sdk/platforms/android-35/data/res/values-mcc334-mnc020-lo: Cannot utime: Operation not permitted
build	Cache Android SDK	2026-06-06T12:22:46.0618394Z /usr/bin/tar: ../../../../../usr/local/lib/android/sdk/platforms/android-35/data/res/values-mcc334-mnc020-lo: Cannot change mode to rwxr-xr-x: Operation not permitted
build	Cache Android SDK	2026-06-06T12:22:46.0620518Z /usr/bin/tar: ../../../../../usr/local/lib/android/sdk/platforms/android-35/data/res/values-mcc310-mnc240-nb: Cannot utime: Operation not permitted
build	Cache Android SDK	2026-06-06T12:22:46.0621432Z /usr/bin/tar: ../../../../../usr/local/lib/android/sdk/platforms/android-35/data/res/values-mcc310-mnc240-nb: Cannot change mode to rwxr-xr-x: Operation not permitted
build	Cache Android SDK	2026-06-06T12:22:46.0623883Z /usr/bin/tar: ../../../../../usr/local/lib/android/sdk/platforms/android-35/data/res/values-mcc310-mnc240-fa: Cannot utime: Operation not permitted
build	Cache Android SDK	2026-06-06T12:22:46.0624799Z /usr/bin/tar: ../../../../../usr/local/lib/android/sdk/platforms/android-35/data/res/values-mcc310-mnc240-fa: Cannot change mode to rwxr-xr-x: Operation not permitted
build	Cache Android SDK	2026-06-06T12:22:46.0628005Z /usr/bin/tar: ../../../../../usr/local/lib/android/sdk/platforms/android-35/data/res/values-pl-rPL: Cannot utime: Operation not permitted
build	Cache Android SDK	2026-06-06T12:22:46.0628889Z /usr/bin/tar: ../../../../../usr/local/lib/android/sdk/platforms/android-35/data/res/values-pl-rPL: Cannot change mode to rwxr-xr-x: Operation not permitted
build	Cache Android SDK	2026-06-06T12:22:46.0631254Z /usr/bin/tar: ../../../../../usr/local/lib/android/sdk/platforms/android-35/data/res/values-mcc310-mnc660-mr: Cannot utime: Operation not permitted
build	Cache Android SDK	2026-06-06T12:22:46.0632171Z /usr/bin/tar: ../../../../../usr/local/lib/android/sdk/platforms/android-35/data/res/values-mcc310-mnc660-mr: Cannot change mode to rwxr-xr-x: Operation not permitted
build	Cache Android SDK	2026-06-06T12:22:46.0637273Z /usr/bin/tar: ../../../../../usr/local/lib/android/sdk/platforms/android-35/data/res/values-mcc310-mnc270-bn: Cannot utime: Operation not permitted
build	Cache Android SDK	2026-06-06T12:22:46.0638405Z /usr/bin/tar: ../../../../../usr/local/lib/android/sdk/platforms/android-35/data/res/values-mcc310-mnc270-bn: Cannot change mode to rwxr-xr-x: Operation not permitted
build	Cache Android SDK	2026-06-06T12:22:46.0640218Z /usr/bin/tar: ../../../../../usr/local/lib/android/sdk/platforms/android-35/data/res/values-mcc310-mnc660-mk: Cannot utime: Operation not permitted
build	Cache Android SDK	2026-06-06T12:22:46.0641222Z /usr/bin/tar: ../../../../../usr/local/lib/android/sdk/platforms/android-35/data/res/values-mcc310-mnc660-mk: Cannot change mode to rwxr-xr-x: Operation not permitted
build	Cache Android SDK	2026-06-06T12:22:46.0643873Z /usr/bin/tar: ../../../../../usr/local/lib/android/sdk/platforms/android-35/data/res/values-mcc310-mnc160-et: Cannot utime: Operation not permitted
build	Cache Android SDK	2026-06-06T12:22:46.0644790Z /usr/bin/tar: ../../../../../usr/local/lib/android/sdk/platforms/android-35/data/res/values-mcc310-mnc160-et: Cannot change mode to rwxr-xr-x: Operation not permitted
build	Cache Android SDK	2026-06-06T12:22:46.0647874Z /usr/bin/tar: ../../../../../usr/local/lib/android/sdk/platforms/android-35/data/res/values-fa-television: Cannot utime: Operation not permitted
build	Cache Android SDK	2026-06-06T12:22:46.0648862Z /usr/bin/tar: ../../../../../usr/local/lib/android/sdk/platforms/android-35/data/res/values-fa-television: Cannot change mode to rwxr-xr-x: Operation not permitted
build	Cache Android SDK	2026-06-06T12:22:46.0651064Z /usr/bin/tar: ../../../../../usr/local/lib/android/sdk/platforms/android-35/data/res/values-mcc310-mnc560-hi: Cannot utime: Operation not permitted
build	Cache Android SDK	2026-06-06T12:22:46.0652272Z /usr/bin/tar: ../../../../../usr/local/lib/android/sdk/platforms/android-35/data/res/values-mcc310-mnc560-hi: Cannot change mode to rwxr-xr-x: Operation not permitted
build	Cache Android SDK	2026-06-06T12:22:46.0653600Z /usr/bin/tar: ../../../../../usr/local/lib/android/sdk/platforms/android-35/data/res/raw-en-rGB: Cannot utime: Operation not permitted
build	Cache Android SDK	2026-06-06T12:22:46.0654446Z /usr/bin/tar: ../../../../../usr/local/lib/android/sdk/platforms/android-35/data/res/raw-en-rGB: Cannot change mode to rwxr-xr-x: Operation not permitted
build	Cache Android SDK	2026-06-06T12:22:46.0657631Z /usr/bin/tar: ../../../../../usr/local/lib/android/sdk/platforms/android-35/data/res/values-eu-watch: Cannot utime: Operation not permitted
build	Cache Android SDK	2026-06-06T12:22:46.0658519Z /usr/bin/tar: ../../../../../usr/local/lib/android/sdk/platforms/android-35/data/res/values-eu-watch: Cannot change mode to rwxr-xr-x: Operation not permitted
build	Cache Android SDK	2026-06-06T12:22:46.0660462Z /usr/bin/tar: ../../../../../usr/local/lib/android/sdk/platforms/android-35/data/res/values-mcc310-mnc660-ko: Cannot utime: Operation not permitted
build	Cache Android SDK	2026-06-06T12:22:46.0661383Z /usr/bin/tar: ../../../../../usr/local/lib/android/sdk/platforms/android-35/data/res/values-mcc310-mnc660-ko: Cannot change mode to rwxr-xr-x: Operation not permitted
build	Cache Android SDK	2026-06-06T12:22:46.0663449Z /usr/bin/tar: ../../../../../usr/local/lib/android/sdk/platforms/android-35/data/res/values-mcc311-mnc180-mn: Cannot utime: Operation not permitted
build	Cache Android SDK	2026-06-06T12:22:46.0664366Z /usr/bin/tar: ../../../../../usr/local/lib/android/sdk/platforms/android-35/data/res/values-mcc311-mnc180-mn: Cannot change mode to rwxr-xr-x: Operation not permitted
build	Cache Android SDK	2026-06-06T12:22:46.0669331Z /usr/bin/tar: ../../../../../usr/local/lib/android/sdk/platforms/android-35/data/res/values-mcc310-mnc240-ml: Cannot utime: Operation not permitted
build	Cache Android SDK	2026-06-06T12:22:46.0670299Z /usr/bin/tar: ../../../../../usr/local/lib/android/sdk/platforms/android-35/data/res/values-mcc310-mnc240-ml: Cannot change mode to rwxr-xr-x: Operation not permitted
build	Cache Android SDK	2026-06-06T12:22:46.0672709Z /usr/bin/tar: ../../../../../usr/local/lib/android/sdk/platforms/android-35/data/res/values-mcc310-mnc490-kk: Cannot utime: Operation not permitted
build	Cache Android SDK	2026-06-06T12:22:46.0673628Z /usr/bin/tar: ../../../../../usr/local/lib/android/sdk/platforms/android-35/data/res/values-mcc310-mnc490-kk: Cannot change mode to rwxr-xr-x: Operation not permitted
build	Cache Android SDK	2026-06-06T12:22:46.0675579Z /usr/bin/tar: ../../../../../usr/local/lib/android/sdk/platforms/android-35/data/res/values-mcc310-mnc240-bg: Cannot utime: Operation not permitted
build	Cache Android SDK	2026-06-06T12:22:46.0676690Z /usr/bin/tar: ../../../../../usr/local/lib/android/sdk/platforms/android-35/data/res/values-mcc310-mnc240-bg: Cannot change mode to rwxr-xr-x: Operation not permitted
build	Cache Android SDK	2026-06-06T12:22:46.0678658Z /usr/bin/tar: ../../../../../usr/local/lib/android/sdk/platforms/android-35/data/res/values-mcc310-mnc240-zu: Cannot utime: Operation not permitted
build	Cache Android SDK	2026-06-06T12:22:46.0679677Z /usr/bin/tar: ../../../../../usr/local/lib/android/sdk/platforms/android-35/data/res/values-mcc310-mnc240-zu: Cannot change mode to rwxr-xr-x: Operation not permitted
build	Cache Android SDK	2026-06-06T12:22:46.0682006Z /usr/bin/tar: ../../../../../usr/local/lib/android/sdk/platforms/android-35/data/res/values-mcc310-mnc410-tl: Cannot utime: Operation not permitted
build	Cache Android SDK	2026-06-06T12:22:46.0682935Z /usr/bin/tar: ../../../../../usr/local/lib/android/sdk/platforms/android-35/data/res/values-mcc310-mnc410-tl: Cannot change mode to rwxr-xr-x: Operation not permitted
build	Cache Android SDK	2026-06-06T12:22:46.0685160Z /usr/bin/tar: ../../../../../usr/local/lib/android/sdk/platforms/android-35/data/res/values-mcc310-mnc220-ky: Cannot utime: Operation not permitted
build	Cache Android SDK	2026-06-06T12:22:46.0686081Z /usr/bin/tar: ../../../../../usr/local/lib/android/sdk/platforms/android-35/data/res/values-mcc310-mnc220-ky: Cannot change mode to rwxr-xr-x: Operation not permitted
build	Cache Android SDK	2026-06-06T12:22:46.0688811Z /usr/bin/tar: ../../../../../usr/local/lib/android/sdk/platforms/android-35/data/res/values-mcc310-mnc560-or: Cannot utime: Operation not permitted
build	Cache Android SDK	2026-06-06T12:22:46.0689939Z /usr/bin/tar: ../../../../../usr/local/lib/android/sdk/platforms/android-35/data/res/values-mcc310-mnc560-or: Cannot change mode to rwxr-xr-x: Operation not permitted
build	Cache Android SDK	2026-06-06T12:22:46.0692339Z /usr/bin/tar: ../../../../../usr/local/lib/android/sdk/platforms/android-35/data/res/values-mcc302-mnc720-da: Cannot utime: Operation not permitted
build	Cache Android SDK	2026-06-06T12:22:46.0693249Z /usr/bin/tar: ../../../../../usr/local/lib/android/sdk/platforms/android-35/data/res/values-mcc302-mnc720-da: Cannot change mode to rwxr-xr-x: Operation not permitted
build	Cache Android SDK	2026-06-06T12:22:46.0696306Z /usr/bin/tar: ../../../../../usr/local/lib/android/sdk/platforms/android-35/data/res/values-mcc302-mnc720-pa: Cannot utime: Operation not permitted
build	Cache Android SDK	2026-06-06T12:22:46.0697241Z /usr/bin/tar: ../../../../../usr/local/lib/android/sdk/platforms/android-35/data/res/values-mcc302-mnc720-pa: Cannot change mode to rwxr-xr-x: Operation not permitted
build	Cache Android SDK	2026-06-06T12:22:46.0699501Z /usr/bin/tar: ../../../../../usr/local/lib/android/sdk/platforms/android-35/data/res/values-mcc334-mnc020-in: Cannot utime: Operation not permitted
build	Cache Android SDK	2026-06-06T12:22:46.0700433Z /usr/bin/tar: ../../../../../usr/local/lib/android/sdk/platforms/android-35/data/res/values-mcc334-mnc020-in: Cannot change mode to rwxr-xr-x: Operation not permitted
build	Cache Android SDK	2026-06-06T12:22:46.0702644Z /usr/bin/tar: ../../../../../usr/local/lib/android/sdk/platforms/android-35/data/res/values-mcc310-mnc490-fr-rCA: Cannot utime: Operation not permitted
build	Cache Android SDK	2026-06-06T12:22:46.0703603Z /usr/bin/tar: ../../../../../usr/local/lib/android/sdk/platforms/android-35/data/res/values-mcc310-mnc490-fr-rCA: Cannot change mode to rwxr-xr-x: Operation not permitted
build	Cache Android SDK	2026-06-06T12:22:46.0705773Z /usr/bin/tar: ../../../../../usr/local/lib/android/sdk/platforms/android-35/data/res/values-mcc312-mnc670-en-rAU: Cannot utime: Operation not permitted
build	Cache Android SDK	2026-06-06T12:22:46.0706719Z /usr/bin/tar: ../../../../../usr/local/lib/android/sdk/platforms/android-35/data/res/values-mcc312-mnc670-en-rAU: Cannot change mode to rwxr-xr-x: Operation not permitted
build	Cache Android SDK	2026-06-06T12:22:46.0709426Z /usr/bin/tar: ../../../../../usr/local/lib/android/sdk/platforms/android-35/data/res/values-mcc302-mnc370-et: Cannot utime: Operation not permitted
build	Cache Android SDK	2026-06-06T12:22:46.0711104Z /usr/bin/tar: ../../../../../usr/local/lib/android/sdk/platforms/android-35/data/res/values-mcc302-mnc370-et: Cannot change mode to rwxr-xr-x: Operation not permitted
build	Cache Android SDK	2026-06-06T12:22:46.0712188Z /usr/bin/tar: ../../../../../usr/local/lib/android/sdk/platforms/android-35/data/res/values-mcc313-mnc100-fr-rCA: Cannot utime: Operation not permitted
build	Cache Android SDK	2026-06-06T12:22:46.0713254Z /usr/bin/tar: ../../../../../usr/local/lib/android/sdk/platforms/android-35/data/res/values-mcc313-mnc100-fr-rCA: Cannot change mode to rwxr-xr-x: Operation not permitted
build	Cache Android SDK	2026-06-06T12:22:46.0715994Z /usr/bin/tar: ../../../../../usr/local/lib/android/sdk/platforms/android-35/data/res/values-mcc310-mnc150-en-rAU: Cannot utime: Operation not permitted
build	Cache Android SDK	2026-06-06T12:22:46.0717115Z /usr/bin/tar: ../../../../../usr/local/lib/android/sdk/platforms/android-35/data/res/values-mcc310-mnc150-en-rAU: Cannot change mode to rwxr-xr-x: Operation not permitted
build	Cache Android SDK	2026-06-06T12:22:46.0726441Z /usr/bin/tar: ../../../../../usr/local/lib/android/sdk/platforms/android-35/data/res/xml: Cannot utime: Operation not permitted
build	Cache Android SDK	2026-06-06T12:22:46.0727570Z /usr/bin/tar: ../../../../../usr/local/lib/android/sdk/platforms/android-35/data/res/xml: Cannot change mode to rwxr-xr-x: Operation not permitted
build	Cache Android SDK	2026-06-06T12:22:46.0729911Z /usr/bin/tar: ../../../../../usr/local/lib/android/sdk/platforms/android-35/data/res/values-mcc310-mnc800-sr: Cannot utime: Operation not permitted
build	Cache Android SDK	2026-06-06T12:22:46.0731003Z /usr/bin/tar: ../../../../../usr/local/lib/android/sdk/platforms/android-35/data/res/values-mcc310-mnc800-sr: Cannot change mode to rwxr-xr-x: Operation not permitted
build	Cache Android SDK	2026-06-06T12:22:46.0732709Z /usr/bin/tar: ../../../../../usr/local/lib/android/sdk/platforms/android-35/data/res/values-mcc310-mnc380-zh-rCN: Cannot utime: Operation not permitted
build	Cache Android SDK	2026-06-06T12:22:46.0733848Z /usr/bin/tar: ../../../../../usr/local/lib/android/sdk/platforms/android-35/data/res/values-mcc310-mnc380-zh-rCN: Cannot change mode to rwxr-xr-x: Operation not permitted
build	Cache Android SDK	2026-06-06T12:22:46.0735928Z /usr/bin/tar: ../../../../../usr/local/lib/android/sdk/platforms/android-35/data/res/values-mcc310-mnc950-ms: Cannot utime: Operation not permitted
build	Cache Android SDK	2026-06-06T12:22:46.0736861Z /usr/bin/tar: ../../../../../usr/local/lib/android/sdk/platforms/android-35/data/res/values-mcc310-mnc950-ms: Cannot change mode to rwxr-xr-x: Operation not permitted
build	Cache Android SDK	2026-06-06T12:22:46.0740782Z /usr/bin/tar: ../../../../../usr/local/lib/android/sdk/platforms/android-35/data/res/values-mcc310-mnc170-ms: Cannot utime: Operation not permitted
build	Cache Android SDK	2026-06-06T12:22:46.0741771Z /usr/bin/tar: ../../../../../usr/local/lib/android/sdk/platforms/android-35/data/res/values-mcc310-mnc170-ms: Cannot change mode to rwxr-xr-x: Operation not permitted
build	Cache Android SDK	2026-06-06T12:22:46.0744605Z /usr/bin/tar: ../../../../../usr/local/lib/android/sdk/platforms/android-35/data/res/values-mcc310-mnc230-sq: Cannot utime: Operation not permitted
build	Cache Android SDK	2026-06-06T12:22:46.0745607Z /usr/bin/tar: ../../../../../usr/local/lib/android/sdk/platforms/android-35/data/res/values-mcc310-mnc230-sq: Cannot change mode to rwxr-xr-x: Operation not permitted
build	Cache Android SDK	2026-06-06T12:22:46.0748245Z /usr/bin/tar: ../../../../../usr/local/lib/android/sdk/platforms/android-35/data/res/values-mcc334-mnc020-b+sr+Latn: Cannot utime: Operation not permitted
build	Cache Android SDK	2026-06-06T12:22:46.0749221Z /usr/bin/tar: ../../../../../usr/local/lib/android/sdk/platforms/android-35/data/res/values-mcc334-mnc020-b+sr+Latn: Cannot change mode to rwxr-xr-x: Operation not permitted
build	Cache Android SDK	2026-06-06T12:22:46.0751910Z /usr/bin/tar: ../../../../../usr/local/lib/android/sdk/platforms/android-35/data/res/values-mcc310-mnc800-pt: Cannot utime: Operation not permitted
build	Cache Android SDK	2026-06-06T12:22:46.0752855Z /usr/bin/tar: ../../../../../usr/local/lib/android/sdk/platforms/android-35/data/res/values-mcc310-mnc800-pt: Cannot change mode to rwxr-xr-x: Operation not permitted
build	Cache Android SDK	2026-06-06T12:22:46.0754957Z /usr/bin/tar: ../../../../../usr/local/lib/android/sdk/platforms/android-35/data/res/values-mcc310-mnc250-iw: Cannot utime: Operation not permitted
build	Cache Android SDK	2026-06-06T12:22:46.0755881Z /usr/bin/tar: ../../../../../usr/local/lib/android/sdk/platforms/android-35/data/res/values-mcc310-mnc250-iw: Cannot change mode to rwxr-xr-x: Operation not permitted
build	Cache Android SDK	2026-06-06T12:22:46.0758476Z /usr/bin/tar: ../../../../../usr/local/lib/android/sdk/platforms/android-35/data/res/mipmap-hdpi: Cannot utime: Operation not permitted
build	Cache Android SDK	2026-06-06T12:22:46.0759340Z /usr/bin/tar: ../../../../../usr/local/lib/android/sdk/platforms/android-35/data/res/mipmap-hdpi: Cannot change mode to rwxr-xr-x: Operation not permitted
build	Cache Android SDK	2026-06-06T12:22:46.0761566Z /usr/bin/tar: ../../../../../usr/local/lib/android/sdk/platforms/android-35/data/res/values-mcc310-mnc950-af: Cannot utime: Operation not permitted
build	Cache Android SDK	2026-06-06T12:22:46.0762570Z /usr/bin/tar: ../../../../../usr/local/lib/android/sdk/platforms/android-35/data/res/values-mcc310-mnc950-af: Cannot change mode to rwxr-xr-x: Operation not permitted
build	Cache Android SDK	2026-06-06T12:22:46.0764587Z /usr/bin/tar: ../../../../../usr/local/lib/android/sdk/platforms/android-35/data/res/values-mcc310-mnc210-kk: Cannot utime: Operation not permitted
build	Cache Android SDK	2026-06-06T12:22:46.0765529Z /usr/bin/tar: ../../../../../usr/local/lib/android/sdk/platforms/android-35/data/res/values-mcc310-mnc210-kk: Cannot change mode to rwxr-xr-x: Operation not permitted
build	Cache Android SDK	2026-06-06T12:22:46.0768198Z /usr/bin/tar: ../../../../../usr/local/lib/android/sdk/platforms/android-35/data/res/values-mcc302-mnc720-ne: Cannot utime: Operation not permitted
build	Cache Android SDK	2026-06-06T12:22:46.0769348Z /usr/bin/tar: ../../../../../usr/local/lib/android/sdk/platforms/android-35/data/res/values-mcc302-mnc720-ne: Cannot change mode to rwxr-xr-x: Operation not permitted
build	Cache Android SDK	2026-06-06T12:22:46.0770838Z /usr/bin/tar: ../../../../../usr/local/lib/android/sdk/platforms/android-35/data/res/values-mcc334-mnc020-th: Cannot utime: Operation not permitted
build	Cache Android SDK	2026-06-06T12:22:46.0771893Z /usr/bin/tar: ../../../../../usr/local/lib/android/sdk/platforms/android-35/data/res/values-mcc334-mnc020-th: Cannot change mode to rwxr-xr-x: Operation not permitted
build	Cache Android SDK	2026-06-06T12:22:46.0774284Z /usr/bin/tar: ../../../../../usr/local/lib/android/sdk/platforms/android-35/data/res/values-mcc310-mnc280-is: Cannot utime: Operation not permitted
build	Cache Android SDK	2026-06-06T12:22:46.0775210Z /usr/bin/tar: ../../../../../usr/local/lib/android/sdk/platforms/android-35/data/res/values-mcc310-mnc280-is: Cannot change mode to rwxr-xr-x: Operation not permitted
build	Cache Android SDK	2026-06-06T12:22:46.0777997Z /usr/bin/tar: ../../../../../usr/local/lib/android/sdk/platforms/android-35/data/res/values-mcc313-mnc100-be: Cannot utime: Operation not permitted
build	Cache Android SDK	2026-06-06T12:22:46.0779096Z /usr/bin/tar: ../../../../../usr/local/lib/android/sdk/platforms/android-35/data/res/values-mcc313-mnc100-be: Cannot change mode to rwxr-xr-x: Operation not permitted
build	Cache Android SDK	2026-06-06T12:22:46.0784588Z /usr/bin/tar: ../../../../../usr/local/lib/android/sdk/platforms/android-35/data/res/values-es-rUS: Cannot utime: Operation not permitted
build	Cache Android SDK	2026-06-06T12:22:46.0785530Z /usr/bin/tar: ../../../../../usr/local/lib/android/sdk/platforms/android-35/data/res/values-es-rUS: Cannot change mode to rwxr-xr-x: Operation not permitted
build	Cache Android SDK	2026-06-06T12:22:46.0788281Z /usr/bin/tar: ../../../../../usr/local/lib/android/sdk/platforms/android-35/data/res/values-mcc311-mnc180-te: Cannot utime: Operation not permitted
build	Cache Android SDK	2026-06-06T12:22:46.0789767Z /usr/bin/tar: ../../../../../usr/local/lib/android/sdk/platforms/android-35/data/res/values-mcc311-mnc180-te: Cannot change mode to rwxr-xr-x: Operation not permitted
build	Cache Android SDK	2026-06-06T12:22:46.0791131Z /usr/bin/tar: ../../../../../usr/local/lib/android/sdk/platforms/android-35/data/res/values-mcc310-mnc030-ko: Cannot utime: Operation not permitted
build	Cache Android SDK	2026-06-06T12:22:46.0792057Z /usr/bin/tar: ../../../../../usr/local/lib/android/sdk/platforms/android-35/data/res/values-mcc310-mnc030-ko: Cannot change mode to rwxr-xr-x: Operation not permitted
build	Cache Android SDK	2026-06-06T12:22:46.0793913Z /usr/bin/tar: ../../../../../usr/local/lib/android/sdk/platforms/android-35/data/res/values-da-television: Cannot utime: Operation not permitted
build	Cache Android SDK	2026-06-06T12:22:46.0794929Z /usr/bin/tar: ../../../../../usr/local/lib/android/sdk/platforms/android-35/data/res/values-da-television: Cannot change mode to rwxr-xr-x: Operation not permitted
build	Cache Android SDK	2026-06-06T12:22:46.0797255Z /usr/bin/tar: ../../../../../usr/local/lib/android/sdk/platforms/android-35/data/res/values-mcc310-mnc240-be: Cannot utime: Operation not permitted
build	Cache Android SDK	2026-06-06T12:22:46.0798420Z /usr/bin/tar: ../../../../../usr/local/lib/android/sdk/platforms/android-35/data/res/values-mcc310-mnc240-be: Cannot change mode to rwxr-xr-x: Operation not permitted
build	Cache Android SDK	2026-06-06T12:22:46.0801502Z /usr/bin/tar: ../../../../../usr/local/lib/android/sdk/platforms/android-35/data/res/values-mr-television: Cannot utime: Operation not permitted
build	Cache Android SDK	2026-06-06T12:22:46.0802568Z /usr/bin/tar: ../../../../../usr/local/lib/android/sdk/platforms/android-35/data/res/values-mr-television: Cannot change mode to rwxr-xr-x: Operation not permitted
build	Cache Android SDK	2026-06-06T12:22:46.0804522Z /usr/bin/tar: ../../../../../usr/local/lib/android/sdk/platforms/android-35/data/res/values-mcc310-mnc490-tl: Cannot utime: Operation not permitted
build	Cache Android SDK	2026-06-06T12:22:46.0805458Z /usr/bin/tar: ../../../../../usr/local/lib/android/sdk/platforms/android-35/data/res/values-mcc310-mnc490-tl: Cannot change mode to rwxr-xr-x: Operation not permitted
build	Cache Android SDK	2026-06-06T12:22:46.0808084Z /usr/bin/tar: ../../../../../usr/local/lib/android/sdk/platforms/android-35/data/res/values-mcc310-mnc240-cs: Cannot utime: Operation not permitted
build	Cache Android SDK	2026-06-06T12:22:46.0809232Z /usr/bin/tar: ../../../../../usr/local/lib/android/sdk/platforms/android-35/data/res/values-mcc310-mnc240-cs: Cannot change mode to rwxr-xr-x: Operation not permitted
build	Cache Android SDK	2026-06-06T12:22:46.0810716Z /usr/bin/tar: ../../../../../usr/local/lib/android/sdk/platforms/android-35/data/res/values-mcc310-mnc250-af: Cannot utime: Operation not permitted
build	Cache Android SDK	2026-06-06T12:22:46.0811754Z /usr/bin/tar: ../../../../../usr/local/lib/android/sdk/platforms/android-35/data/res/values-mcc310-mnc250-af: Cannot change mode to rwxr-xr-x: Operation not permitted
build	Cache Android SDK	2026-06-06T12:22:46.0814043Z /usr/bin/tar: ../../../../../usr/local/lib/android/sdk/platforms/android-35/data/res/values-xlarge: Cannot utime: Operation not permitted
build	Cache Android SDK	2026-06-06T12:22:46.0815013Z /usr/bin/tar: ../../../../../usr/local/lib/android/sdk/platforms/android-35/data/res/values-xlarge: Cannot change mode to rwxr-xr-x: Operation not permitted
build	Cache Android SDK	2026-06-06T12:22:46.0817868Z /usr/bin/tar: ../../../../../usr/local/lib/android/sdk/platforms/android-35/data/res/values-mcc302-mnc370-zh-rTW: Cannot utime: Operation not permitted
build	Cache Android SDK	2026-06-06T12:22:46.0818918Z /usr/bin/tar: ../../../../../usr/local/lib/android/sdk/platforms/android-35/data/res/values-mcc302-mnc370-zh-rTW: Cannot change mode to rwxr-xr-x: Operation not permitted
build	Cache Android SDK	2026-06-06T12:22:46.0821500Z /usr/bin/tar: ../../../../../usr/local/lib/android/sdk/platforms/android-35/data/res/values-mcc310-mnc410-ca: Cannot utime: Operation not permitted
build	Cache Android SDK	2026-06-06T12:22:46.0822513Z /usr/bin/tar: ../../../../../usr/local/lib/android/sdk/platforms/android-35/data/res/values-mcc310-mnc410-ca: Cannot change mode to rwxr-xr-x: Operation not permitted
build	Cache Android SDK	2026-06-06T12:22:46.0825551Z /usr/bin/tar: ../../../../../usr/local/lib/android/sdk/platforms/android-35/data/res/values-mcc310-mnc410-my: Cannot utime: Operation not permitted
build	Cache Android SDK	2026-06-06T12:22:46.0826641Z /usr/bin/tar: ../../../../../usr/local/lib/android/sdk/platforms/android-35/data/res/values-mcc310-mnc410-my: Cannot change mode to rwxr-xr-x: Operation not permitted
build	Cache Android SDK	2026-06-06T12:22:46.0829293Z /usr/bin/tar: ../../../../../usr/local/lib/android/sdk/platforms/android-35/data/res/values-mcc310-mnc160-lo: Cannot utime: Operation not permitted
build	Cache Android SDK	2026-06-06T12:22:46.0830307Z /usr/bin/tar: ../../../../../usr/local/lib/android/sdk/platforms/android-35/data/res/values-mcc310-mnc160-lo: Cannot change mode to rwxr-xr-x: Operation not permitted
build	Cache Android SDK	2026-06-06T12:22:46.0832790Z /usr/bin/tar: ../../../../../usr/local/lib/android/sdk/platforms/android-35/data/res/values-mcc310-mnc660-ka: Cannot utime: Operation not permitted
build	Cache Android SDK	2026-06-06T12:22:46.0833800Z /usr/bin/tar: ../../../../../usr/local/lib/android/sdk/platforms/android-35/data/res/values-mcc310-mnc660-ka: Cannot change mode to rwxr-xr-x: Operation not permitted
build	Cache Android SDK	2026-06-06T12:22:46.0838194Z /usr/bin/tar: ../../../../../usr/local/lib/android/sdk/platforms/android-35/data/res/values-mcc310-mnc170-lv: Cannot utime: Operation not permitted
build	Cache Android SDK	2026-06-06T12:22:46.0839217Z /usr/bin/tar: ../../../../../usr/local/lib/android/sdk/platforms/android-35/data/res/values-mcc310-mnc170-lv: Cannot change mode to rwxr-xr-x: Operation not permitted
build	Cache Android SDK	2026-06-06T12:22:46.0840491Z /usr/bin/tar: ../../../../../usr/local/lib/android/sdk/platforms/android-35/data/res/values-mcc505-mnc01: Cannot utime: Operation not permitted
build	Cache Android SDK	2026-06-06T12:22:46.0841578Z /usr/bin/tar: ../../../../../usr/local/lib/android/sdk/platforms/android-35/data/res/values-mcc505-mnc01: Cannot change mode to rwxr-xr-x: Operation not permitted
build	Cache Android SDK	2026-06-06T12:22:46.0844170Z /usr/bin/tar: ../../../../../usr/local/lib/android/sdk/platforms/android-35/data/res/values-mcc310-mnc560-ky: Cannot utime: Operation not permitted
build	Cache Android SDK	2026-06-06T12:22:46.0845173Z /usr/bin/tar: ../../../../../usr/local/lib/android/sdk/platforms/android-35/data/res/values-mcc310-mnc560-ky: Cannot change mode to rwxr-xr-x: Operation not permitted
build	Cache Android SDK	2026-06-06T12:22:46.0847698Z /usr/bin/tar: ../../../../../usr/local/lib/android/sdk/platforms/android-35/data/res/values-my-television: Cannot utime: Operation not permitted
build	Cache Android SDK	2026-06-06T12:22:46.0848687Z /usr/bin/tar: ../../../../../usr/local/lib/android/sdk/platforms/android-35/data/res/values-my-television: Cannot change mode to rwxr-xr-x: Operation not permitted
build	Cache Android SDK	2026-06-06T12:22:46.0851116Z /usr/bin/tar: ../../../../../usr/local/lib/android/sdk/platforms/android-35/data/res/values-mcc310-mnc160-km: Cannot utime: Operation not permitted
build	Cache Android SDK	2026-06-06T12:22:46.0852266Z /usr/bin/tar: ../../../../../usr/local/lib/android/sdk/platforms/android-35/data/res/values-mcc310-mnc160-km: Cannot change mode to rwxr-xr-x: Operation not permitted
build	Cache Android SDK	2026-06-06T12:22:46.0854860Z /usr/bin/tar: ../../../../../usr/local/lib/android/sdk/platforms/android-35/data/res/layout-port: Cannot utime: Operation not permitted
build	Cache Android SDK	2026-06-06T12:22:46.0855790Z /usr/bin/tar: ../../../../../usr/local/lib/android/sdk/platforms/android-35/data/res/layout-port: Cannot change mode to rwxr-xr-x: Operation not permitted
build	Cache Android SDK	2026-06-06T12:22:46.0858746Z /usr/bin/tar: ../../../../../usr/local/lib/android/sdk/platforms/android-35/data/res/values-mcc310-mnc030-gl: Cannot utime: Operation not permitted
build	Cache Android SDK	2026-06-06T12:22:46.0859742Z /usr/bin/tar: ../../../../../usr/local/lib/android/sdk/platforms/android-35/data/res/values-mcc310-mnc030-gl: Cannot change mode to rwxr-xr-x: Operation not permitted
build	Cache Android SDK	2026-06-06T12:22:46.0862104Z /usr/bin/tar: ../../../../../usr/local/lib/android/sdk/platforms/android-35/data/res/values-mcc310-mnc230-ar: Cannot utime: Operation not permitted
build	Cache Android SDK	2026-06-06T12:22:46.0863106Z /usr/bin/tar: ../../../../../usr/local/lib/android/sdk/platforms/android-35/data/res/values-mcc310-mnc230-ar: Cannot change mode to rwxr-xr-x: Operation not permitted
build	Cache Android SDK	2026-06-06T12:22:46.0866346Z /usr/bin/tar: ../../../../../usr/local/lib/android/sdk/platforms/android-35/data/res/values-mcc310-mnc230-kn: Cannot utime: Operation not permitted
build	Cache Android SDK	2026-06-06T12:22:46.0867339Z /usr/bin/tar: ../../../../../usr/local/lib/android/sdk/platforms/android-35/data/res/values-mcc310-mnc230-kn: Cannot change mode to rwxr-xr-x: Operation not permitted
build	Cache Android SDK	2026-06-06T12:22:46.0870138Z /usr/bin/tar: ../../../../../usr/local/lib/android/sdk/platforms/android-35/data/res/values-in-rID: Cannot utime: Operation not permitted
build	Cache Android SDK	2026-06-06T12:22:46.0871021Z /usr/bin/tar: ../../../../../usr/local/lib/android/sdk/platforms/android-35/data/res/values-in-rID: Cannot change mode to rwxr-xr-x: Operation not permitted
build	Cache Android SDK	2026-06-06T12:22:46.0873227Z /usr/bin/tar: ../../../../../usr/local/lib/android/sdk/platforms/android-35/data/res/values-mcc310-mnc210-si: Cannot utime: Operation not permitted
build	Cache Android SDK	2026-06-06T12:22:46.0874294Z /usr/bin/tar: ../../../../../usr/local/lib/android/sdk/platforms/android-35/data/res/values-mcc310-mnc210-si: Cannot change mode to rwxr-xr-x: Operation not permitted
build	Cache Android SDK	2026-06-06T12:22:46.0876544Z /usr/bin/tar: ../../../../../usr/local/lib/android/sdk/platforms/android-35/data/res/layout-large: Cannot utime: Operation not permitted
build	Cache Android SDK	2026-06-06T12:22:46.0877548Z /usr/bin/tar: ../../../../../usr/local/lib/android/sdk/platforms/android-35/data/res/layout-large: Cannot change mode to rwxr-xr-x: Operation not permitted
build	Cache Android SDK	2026-06-06T12:22:46.0879911Z /usr/bin/tar: ../../../../../usr/local/lib/android/sdk/platforms/android-35/data/res/values-mcc310-mnc150-or: Cannot utime: Operation not permitted
build	Cache Android SDK	2026-06-06T12:22:46.0880843Z /usr/bin/tar: ../../../../../usr/local/lib/android/sdk/platforms/android-35/data/res/values-mcc310-mnc150-or: Cannot change mode to rwxr-xr-x: Operation not permitted
build	Cache Android SDK	2026-06-06T12:22:46.0883048Z /usr/bin/tar: ../../../../../usr/local/lib/android/sdk/platforms/android-35/data/res/values-mcc310-mnc250-sv: Cannot utime: Operation not permitted
build	Cache Android SDK	2026-06-06T12:22:46.0883975Z /usr/bin/tar: ../../../../../usr/local/lib/android/sdk/platforms/android-35/data/res/values-mcc310-mnc250-sv: Cannot change mode to rwxr-xr-x: Operation not permitted
build	Cache Android SDK	2026-06-06T12:22:46.0886006Z /usr/bin/tar: ../../../../../usr/local/lib/android/sdk/platforms/android-35/data/res/values-mcc310-mnc270-pa: Cannot utime: Operation not permitted
build	Cache Android SDK	2026-06-06T12:22:46.0886965Z /usr/bin/tar: ../../../../../usr/local/lib/android/sdk/platforms/android-35/data/res/values-mcc310-mnc270-pa: Cannot change mode to rwxr-xr-x: Operation not permitted
build	Cache Android SDK	2026-06-06T12:22:46.0893650Z /usr/bin/tar: ../../../../../usr/local/lib/android/sdk/platforms/android-35/data/res/values-pl: Cannot utime: Operation not permitted
build	Cache Android SDK	2026-06-06T12:22:46.0894754Z /usr/bin/tar: ../../../../../usr/local/lib/android/sdk/platforms/android-35/data/res/values-pl: Cannot change mode to rwxr-xr-x: Operation not permitted
build	Cache Android SDK	2026-06-06T12:22:46.0895860Z /usr/bin/tar: ../../../../../usr/local/lib/android/sdk/platforms/android-35/data/res/values-mcc310-mnc490-ml: Cannot utime: Operation not permitted
build	Cache Android SDK	2026-06-06T12:22:46.0896778Z /usr/bin/tar: ../../../../../usr/local/lib/android/sdk/platforms/android-35/data/res/values-mcc310-mnc490-ml: Cannot change mode to rwxr-xr-x: Operation not permitted
build	Cache Android SDK	2026-06-06T12:22:46.0899145Z /usr/bin/tar: ../../../../../usr/local/lib/android/sdk/platforms/android-35/data/res/values-mcc310-mnc160-am: Cannot utime: Operation not permitted
build	Cache Android SDK	2026-06-06T12:22:46.0900056Z /usr/bin/tar: ../../../../../usr/local/lib/android/sdk/platforms/android-35/data/res/values-mcc310-mnc160-am: Cannot change mode to rwxr-xr-x: Operation not permitted
build	Cache Android SDK	2026-06-06T12:22:46.0902579Z /usr/bin/tar: ../../../../../usr/local/lib/android/sdk/platforms/android-35/data/res/values-mcc310-mnc170-es-rUS: Cannot utime: Operation not permitted
build	Cache Android SDK	2026-06-06T12:22:46.0903544Z /usr/bin/tar: ../../../../../usr/local/lib/android/sdk/platforms/android-35/data/res/values-mcc310-mnc170-es-rUS: Cannot change mode to rwxr-xr-x: Operation not permitted
build	Cache Android SDK	2026-06-06T12:22:46.0910124Z /usr/bin/tar: ../../../../../usr/local/lib/android/sdk/platforms/android-35/data/res/values-ca: Cannot utime: Operation not permitted
build	Cache Android SDK	2026-06-06T12:22:46.0911171Z /usr/bin/tar: ../../../../../usr/local/lib/android/sdk/platforms/android-35/data/res/values-ca: Cannot change mode to rwxr-xr-x: Operation not permitted
build	Cache Android SDK	2026-06-06T12:22:46.0913274Z /usr/bin/tar: ../../../../../usr/local/lib/android/sdk/platforms/android-35/data/res/values-mcc310-mnc210-am: Cannot utime: Operation not permitted
build	Cache Android SDK	2026-06-06T12:22:46.0914185Z /usr/bin/tar: ../../../../../usr/local/lib/android/sdk/platforms/android-35/data/res/values-mcc310-mnc210-am: Cannot change mode to rwxr-xr-x: Operation not permitted
build	Cache Android SDK	2026-06-06T12:22:46.0916326Z /usr/bin/tar: ../../../../../usr/local/lib/android/sdk/platforms/android-35/data/res/values-mcc310-mnc030-eu: Cannot utime: Operation not permitted
build	Cache Android SDK	2026-06-06T12:22:46.0917237Z /usr/bin/tar: ../../../../../usr/local/lib/android/sdk/platforms/android-35/data/res/values-mcc310-mnc030-eu: Cannot change mode to rwxr-xr-x: Operation not permitted
build	Cache Android SDK	2026-06-06T12:22:46.0919806Z /usr/bin/tar: ../../../../../usr/local/lib/android/sdk/platforms/android-35/data/res/values-mcc706-mnc04: Cannot utime: Operation not permitted
build	Cache Android SDK	2026-06-06T12:22:46.0920705Z /usr/bin/tar: ../../../../../usr/local/lib/android/sdk/platforms/android-35/data/res/values-mcc706-mnc04: Cannot change mode to rwxr-xr-x: Operation not permitted
build	Cache Android SDK	2026-06-06T12:22:46.0922854Z /usr/bin/tar: ../../../../../usr/local/lib/android/sdk/platforms/android-35/data/res/values-si-television: Cannot utime: Operation not permitted
build	Cache Android SDK	2026-06-06T12:22:46.0923764Z /usr/bin/tar: ../../../../../usr/local/lib/android/sdk/platforms/android-35/data/res/values-si-television: Cannot change mode to rwxr-xr-x: Operation not permitted
build	Cache Android SDK	2026-06-06T12:22:46.0926303Z /usr/bin/tar: ../../../../../usr/local/lib/android/sdk/platforms/android-35/data/res/values-mcc334-mnc020-sl: Cannot utime: Operation not permitted
build	Cache Android SDK	2026-06-06T12:22:46.0927459Z /usr/bin/tar: ../../../../../usr/local/lib/android/sdk/platforms/android-35/data/res/values-mcc334-mnc020-sl: Cannot change mode to rwxr-xr-x: Operation not permitted
build	Cache Android SDK	2026-06-06T12:22:46.0929562Z /usr/bin/tar: ../../../../../usr/local/lib/android/sdk/platforms/android-35/data/res/values-mcc310-mnc660-sv: Cannot utime: Operation not permitted
build	Cache Android SDK	2026-06-06T12:22:46.0930479Z /usr/bin/tar: ../../../../../usr/local/lib/android/sdk/platforms/android-35/data/res/values-mcc310-mnc660-sv: Cannot change mode to rwxr-xr-x: Operation not permitted
build	Cache Android SDK	2026-06-06T12:22:46.0932779Z /usr/bin/tar: ../../../../../usr/local/lib/android/sdk/platforms/android-35/data/res/values-mcc268-mnc03: Cannot utime: Operation not permitted
build	Cache Android SDK	2026-06-06T12:22:46.0933665Z /usr/bin/tar: ../../../../../usr/local/lib/android/sdk/platforms/android-35/data/res/values-mcc268-mnc03: Cannot change mode to rwxr-xr-x: Operation not permitted
build	Cache Android SDK	2026-06-06T12:22:46.0936587Z /usr/bin/tar: ../../../../../usr/local/lib/android/sdk/platforms/android-35/data/res/values-mcc310-mnc950-zh-rTW: Cannot utime: Operation not permitted
build	Cache Android SDK	2026-06-06T12:22:46.0937729Z /usr/bin/tar: ../../../../../usr/local/lib/android/sdk/platforms/android-35/data/res/values-mcc310-mnc950-zh-rTW: Cannot change mode to rwxr-xr-x: Operation not permitted
build	Cache Android SDK	2026-06-06T12:22:46.0939682Z /usr/bin/tar: ../../../../../usr/local/lib/android/sdk/platforms/android-35/data/res/values-mcc313-mnc100-sq: Cannot utime: Operation not permitted
build	Cache Android SDK	2026-06-06T12:22:46.0940599Z /usr/bin/tar: ../../../../../usr/local/lib/android/sdk/platforms/android-35/data/res/values-mcc313-mnc100-sq: Cannot change mode to rwxr-xr-x: Operation not permitted
build	Cache Android SDK	2026-06-06T12:22:46.0943422Z /usr/bin/tar: ../../../../../usr/local/lib/android/sdk/platforms/android-35/data/res/values-mcc334-mnc020-fr-feminine: Cannot utime: Operation not permitted
build	Cache Android SDK	2026-06-06T12:22:46.0944949Z /usr/bin/tar: ../../../../../usr/local/lib/android/sdk/platforms/android-35/data/res/values-mcc334-mnc020-fr-feminine: Cannot change mode to rwxr-xr-x: Operation not permitted
build	Cache Android SDK	2026-06-06T12:22:46.0946339Z /usr/bin/tar: ../../../../../usr/local/lib/android/sdk/platforms/android-35/data/res/values-mcc310-mnc280-tr: Cannot utime: Operation not permitted
build	Cache Android SDK	2026-06-06T12:22:46.0949474Z /usr/bin/tar: ../../../../../usr/local/lib/android/sdk/platforms/android-35/data/res/values-mcc310-mnc280-tr: Cannot change mode to rwxr-xr-x: Operation not permitted
build	Cache Android SDK	2026-06-06T12:22:46.0950406Z /usr/bin/tar: ../../../../../usr/local/lib/android/sdk/platforms/android-35/data/res/values-mcc302-mnc370-fi: Cannot utime: Operation not permitted
build	Cache Android SDK	2026-06-06T12:22:46.0951386Z /usr/bin/tar: ../../../../../usr/local/lib/android/sdk/platforms/android-35/data/res/values-mcc302-mnc370-fi: Cannot change mode to rwxr-xr-x: Operation not permitted
build	Cache Android SDK	2026-06-06T12:22:46.0952853Z /usr/bin/tar: ../../../../../usr/local/lib/android/sdk/platforms/android-35/data/res/values-mcc310-mnc230-hi: Cannot utime: Operation not permitted
build	Cache Android SDK	2026-06-06T12:22:46.0953780Z /usr/bin/tar: ../../../../../usr/local/lib/android/sdk/platforms/android-35/data/res/values-mcc310-mnc230-hi: Cannot change mode to rwxr-xr-x: Operation not permitted
build	Cache Android SDK	2026-06-06T12:22:46.0959292Z /usr/bin/tar: ../../../../../usr/local/lib/android/sdk/platforms/android-35/data/res/values-az: Cannot utime: Operation not permitted
build	Cache Android SDK	2026-06-06T12:22:46.0961255Z /usr/bin/tar: ../../../../../usr/local/lib/android/sdk/platforms/android-35/data/res/values-az: Cannot change mode to rwxr-xr-x: Operation not permitted
build	Cache Android SDK	2026-06-06T12:22:46.0962416Z /usr/bin/tar: ../../../../../usr/local/lib/android/sdk/platforms/android-35/data/res/values-mcc310-mnc160-sr: Cannot utime: Operation not permitted
build	Cache Android SDK	2026-06-06T12:22:46.0963457Z /usr/bin/tar: ../../../../../usr/local/lib/android/sdk/platforms/android-35/data/res/values-mcc310-mnc160-sr: Cannot change mode to rwxr-xr-x: Operation not permitted
build	Cache Android SDK	2026-06-06T12:22:46.0966047Z /usr/bin/tar: ../../../../../usr/local/lib/android/sdk/platforms/android-35/data/res/values-mcc310-mnc250-vi: Cannot utime: Operation not permitted
build	Cache Android SDK	2026-06-06T12:22:46.0966963Z /usr/bin/tar: ../../../../../usr/local/lib/android/sdk/platforms/android-35/data/res/values-mcc310-mnc250-vi: Cannot change mode to rwxr-xr-x: Operation not permitted
build	Cache Android SDK	2026-06-06T12:22:46.0969173Z /usr/bin/tar: ../../../../../usr/local/lib/android/sdk/platforms/android-35/data/res/values-mcc302-mnc720-zu: Cannot utime: Operation not permitted
build	Cache Android SDK	2026-06-06T12:22:46.0970084Z /usr/bin/tar: ../../../../../usr/local/lib/android/sdk/platforms/android-35/data/res/values-mcc302-mnc720-zu: Cannot change mode to rwxr-xr-x: Operation not permitted
build	Cache Android SDK	2026-06-06T12:22:46.0973275Z /usr/bin/tar: ../../../../../usr/local/lib/android/sdk/platforms/android-35/data/res/values-lt-television: Cannot utime: Operation not permitted
build	Cache Android SDK	2026-06-06T12:22:46.0974514Z /usr/bin/tar: ../../../../../usr/local/lib/android/sdk/platforms/android-35/data/res/values-lt-television: Cannot change mode to rwxr-xr-x: Operation not permitted
build	Cache Android SDK	2026-06-06T12:22:46.0977124Z /usr/bin/tar: ../../../../../usr/local/lib/android/sdk/platforms/android-35/data/res/values-mcc313-mnc100-pt: Cannot utime: Operation not permitted
build	Cache Android SDK	2026-06-06T12:22:46.0978192Z /usr/bin/tar: ../../../../../usr/local/lib/android/sdk/platforms/android-35/data/res/values-mcc313-mnc100-pt: Cannot change mode to rwxr-xr-x: Operation not permitted
build	Cache Android SDK	2026-06-06T12:22:46.0980587Z /usr/bin/tar: ../../../../../usr/local/lib/android/sdk/platforms/android-35/data/res/values-mcc310-mnc660-km: Cannot utime: Operation not permitted
build	Cache Android SDK	2026-06-06T12:22:46.0981612Z /usr/bin/tar: ../../../../../usr/local/lib/android/sdk/platforms/android-35/data/res/values-mcc310-mnc660-km: Cannot change mode to rwxr-xr-x: Operation not permitted
build	Cache Android SDK	2026-06-06T12:22:46.0983865Z /usr/bin/tar: ../../../../../usr/local/lib/android/sdk/platforms/android-35/data/res/values-en-rXC-watch: Cannot utime: Operation not permitted
build	Cache Android SDK	2026-06-06T12:22:46.0984818Z /usr/bin/tar: ../../../../../usr/local/lib/android/sdk/platforms/android-35/data/res/values-en-rXC-watch: Cannot change mode to rwxr-xr-x: Operation not permitted
build	Cache Android SDK	2026-06-06T12:22:46.0987894Z /usr/bin/tar: ../../../../../usr/local/lib/android/sdk/platforms/android-35/data/res/values-mcc310-mnc310-pa: Cannot utime: Operation not permitted
build	Cache Android SDK	2026-06-06T12:22:46.0988802Z /usr/bin/tar: ../../../../../usr/local/lib/android/sdk/platforms/android-35/data/res/values-mcc310-mnc310-pa: Cannot change mode to rwxr-xr-x: Operation not permitted
build	Cache Android SDK	2026-06-06T12:22:46.0991124Z /usr/bin/tar: ../../../../../usr/local/lib/android/sdk/platforms/android-35/data/res/values-mcc312-mnc670-hy: Cannot utime: Operation not permitted
build	Cache Android SDK	2026-06-06T12:22:46.0992032Z /usr/bin/tar: ../../../../../usr/local/lib/android/sdk/platforms/android-35/data/res/values-mcc312-mnc670-hy: Cannot change mode to rwxr-xr-x: Operation not permitted
build	Cache Android SDK	2026-06-06T12:22:46.0994270Z /usr/bin/tar: ../../../../../usr/local/lib/android/sdk/platforms/android-35/data/res/values-mcc310-mnc220-ms: Cannot utime: Operation not permitted
build	Cache Android SDK	2026-06-06T12:22:46.0995250Z /usr/bin/tar: ../../../../../usr/local/lib/android/sdk/platforms/android-35/data/res/values-mcc310-mnc220-ms: Cannot change mode to rwxr-xr-x: Operation not permitted
build	Cache Android SDK	2026-06-06T12:22:46.0999184Z /usr/bin/tar: ../../../../../usr/local/lib/android/sdk/platforms/android-35/data/res/values-mcc302-mnc370-ko: Cannot utime: Operation not permitted
build	Cache Android SDK	2026-06-06T12:22:46.1000108Z /usr/bin/tar: ../../../../../usr/local/lib/android/sdk/platforms/android-35/data/res/values-mcc302-mnc370-ko: Cannot change mode to rwxr-xr-x: Operation not permitted
build	Cache Android SDK	2026-06-06T12:22:46.1002319Z /usr/bin/tar: ../../../../../usr/local/lib/android/sdk/platforms/android-35/data/res/values-mcc302-mnc720-my: Cannot utime: Operation not permitted
build	Cache Android SDK	2026-06-06T12:22:46.1003237Z /usr/bin/tar: ../../../../../usr/local/lib/android/sdk/platforms/android-35/data/res/values-mcc302-mnc720-my: Cannot change mode to rwxr-xr-x: Operation not permitted
build	Cache Android SDK	2026-06-06T12:22:46.1009666Z /usr/bin/tar: ../../../../../usr/local/lib/android/sdk/platforms/android-35/data/res/values-gu: Cannot utime: Operation not permitted
build	Cache Android SDK	2026-06-06T12:22:46.1011602Z /usr/bin/tar: ../../../../../usr/local/lib/android/sdk/platforms/android-35/data/res/values-gu: Cannot change mode to rwxr-xr-x: Operation not permitted
build	Cache Android SDK	2026-06-06T12:22:46.1013300Z /usr/bin/tar: ../../../../../usr/local/lib/android/sdk/platforms/android-35/data/res/values-mcc310-mnc270-in: Cannot utime: Operation not permitted
build	Cache Android SDK	2026-06-06T12:22:46.1014342Z /usr/bin/tar: ../../../../../usr/local/lib/android/sdk/platforms/android-35/data/res/values-mcc310-mnc270-in: Cannot change mode to rwxr-xr-x: Operation not permitted
build	Cache Android SDK	2026-06-06T12:22:46.1016580Z /usr/bin/tar: ../../../../../usr/local/lib/android/sdk/platforms/android-35/data/res/values-pa-watch: Cannot utime: Operation not permitted
build	Cache Android SDK	2026-06-06T12:22:46.1017640Z /usr/bin/tar: ../../../../../usr/local/lib/android/sdk/platforms/android-35/data/res/values-pa-watch: Cannot change mode to rwxr-xr-x: Operation not permitted
build	Cache Android SDK	2026-06-06T12:22:46.1019963Z /usr/bin/tar: ../../../../../usr/local/lib/android/sdk/platforms/android-35/data/res/values-mcc310-mnc170-ca: Cannot utime: Operation not permitted
build	Cache Android SDK	2026-06-06T12:22:46.1020892Z /usr/bin/tar: ../../../../../usr/local/lib/android/sdk/platforms/android-35/data/res/values-mcc310-mnc170-ca: Cannot change mode to rwxr-xr-x: Operation not permitted
build	Cache Android SDK	2026-06-06T12:22:46.1022891Z /usr/bin/tar: ../../../../../usr/local/lib/android/sdk/platforms/android-35/data/res/values-mcc310-mnc280-el: Cannot utime: Operation not permitted
build	Cache Android SDK	2026-06-06T12:22:46.1023806Z /usr/bin/tar: ../../../../../usr/local/lib/android/sdk/platforms/android-35/data/res/values-mcc310-mnc280-el: Cannot change mode to rwxr-xr-x: Operation not permitted
build	Cache Android SDK	2026-06-06T12:22:46.1025942Z /usr/bin/tar: ../../../../../usr/local/lib/android/sdk/platforms/android-35/data/res/values-mcc310-mnc310-km: Cannot utime: Operation not permitted
build	Cache Android SDK	2026-06-06T12:22:46.1026924Z /usr/bin/tar: ../../../../../usr/local/lib/android/sdk/platforms/android-35/data/res/values-mcc310-mnc310-km: Cannot change mode to rwxr-xr-x: Operation not permitted
build	Cache Android SDK	2026-06-06T12:22:46.1029140Z /usr/bin/tar: ../../../../../usr/local/lib/android/sdk/platforms/android-35/data/res/values-mcc302-mnc720-lt: Cannot utime: Operation not permitted
build	Cache Android SDK	2026-06-06T12:22:46.1030051Z /usr/bin/tar: ../../../../../usr/local/lib/android/sdk/platforms/android-35/data/res/values-mcc302-mnc720-lt: Cannot change mode to rwxr-xr-x: Operation not permitted
build	Cache Android SDK	2026-06-06T12:22:46.1032457Z /usr/bin/tar: ../../../../../usr/local/lib/android/sdk/platforms/android-35/data/res/values-mcc310-mnc230-en-rGB: Cannot utime: Operation not permitted
build	Cache Android SDK	2026-06-06T12:22:46.1033407Z /usr/bin/tar: ../../../../../usr/local/lib/android/sdk/platforms/android-35/data/res/values-mcc310-mnc230-en-rGB: Cannot change mode to rwxr-xr-x: Operation not permitted
build	Cache Android SDK	2026-06-06T12:22:46.1035618Z /usr/bin/tar: ../../../../../usr/local/lib/android/sdk/platforms/android-35/data/res/values-mcc310-mnc150-sv: Cannot utime: Operation not permitted
build	Cache Android SDK	2026-06-06T12:22:46.1036538Z /usr/bin/tar: ../../../../../usr/local/lib/android/sdk/platforms/android-35/data/res/values-mcc310-mnc150-sv: Cannot change mode to rwxr-xr-x: Operation not permitted
build	Cache Android SDK	2026-06-06T12:22:46.1038967Z /usr/bin/tar: ../../../../../usr/local/lib/android/sdk/platforms/android-35/data/res/mipmap-xhdpi: Cannot utime: Operation not permitted
build	Cache Android SDK	2026-06-06T12:22:46.1039813Z /usr/bin/tar: ../../../../../usr/local/lib/android/sdk/platforms/android-35/data/res/mipmap-xhdpi: Cannot change mode to rwxr-xr-x: Operation not permitted
build	Cache Android SDK	2026-06-06T12:22:46.1042402Z /usr/bin/tar: ../../../../../usr/local/lib/android/sdk/platforms/android-35/data/res/values-mcc310-mnc310-in: Cannot utime: Operation not permitted
build	Cache Android SDK	2026-06-06T12:22:46.1043302Z /usr/bin/tar: ../../../../../usr/local/lib/android/sdk/platforms/android-35/data/res/values-mcc310-mnc310-in: Cannot change mode to rwxr-xr-x: Operation not permitted
build	Cache Android SDK	2026-06-06T12:22:46.1045627Z /usr/bin/tar: ../../../../../usr/local/lib/android/sdk/platforms/android-35/data/res/values-mcc310-mnc950-pt-rBR: Cannot utime: Operation not permitted
build	Cache Android SDK	2026-06-06T12:22:46.1046618Z /usr/bin/tar: ../../../../../usr/local/lib/android/sdk/platforms/android-35/data/res/values-mcc310-mnc950-pt-rBR: Cannot change mode to rwxr-xr-x: Operation not permitted
build	Cache Android SDK	2026-06-06T12:22:46.1049084Z /usr/bin/tar: ../../../../../usr/local/lib/android/sdk/platforms/android-35/data/res/values-mn-television: Cannot utime: Operation not permitted
build	Cache Android SDK	2026-06-06T12:22:46.1049999Z /usr/bin/tar: ../../../../../usr/local/lib/android/sdk/platforms/android-35/data/res/values-mn-television: Cannot change mode to rwxr-xr-x: Operation not permitted
build	Cache Android SDK	2026-06-06T12:22:46.1056494Z /usr/bin/tar: ../../../../../usr/local/lib/android/sdk/platforms/android-35/data/res/values-it: Cannot utime: Operation not permitted
build	Cache Android SDK	2026-06-06T12:22:46.1057589Z /usr/bin/tar: ../../../../../usr/local/lib/android/sdk/platforms/android-35/data/res/values-it: Cannot change mode to rwxr-xr-x: Operation not permitted
build	Cache Android SDK	2026-06-06T12:22:46.1058807Z /usr/bin/tar: ../../../../../usr/local/lib/android/sdk/platforms/android-35/data/res/values-mcc310-mnc200-km: Cannot utime: Operation not permitted
build	Cache Android SDK	2026-06-06T12:22:46.1059720Z /usr/bin/tar: ../../../../../usr/local/lib/android/sdk/platforms/android-35/data/res/values-mcc310-mnc200-km: Cannot change mode to rwxr-xr-x: Operation not permitted
build	Cache Android SDK	2026-06-06T12:22:46.1061748Z /usr/bin/tar: ../../../../../usr/local/lib/android/sdk/platforms/android-35/data/res/values-mcc311-mnc180-af: Cannot utime: Operation not permitted
build	Cache Android SDK	2026-06-06T12:22:46.1062660Z /usr/bin/tar: ../../../../../usr/local/lib/android/sdk/platforms/android-35/data/res/values-mcc311-mnc180-af: Cannot change mode to rwxr-xr-x: Operation not permitted
build	Cache Android SDK	2026-06-06T12:22:46.1065517Z /usr/bin/tar: ../../../../../usr/local/lib/android/sdk/platforms/android-35/data/res/values-mcc310-mnc210: Cannot utime: Operation not permitted
build	Cache Android SDK	2026-06-06T12:22:46.1066489Z /usr/bin/tar: ../../../../../usr/local/lib/android/sdk/platforms/android-35/data/res/values-mcc310-mnc210: Cannot change mode to rwxr-xr-x: Operation not permitted
build	Cache Android SDK	2026-06-06T12:22:46.1068782Z /usr/bin/tar: ../../../../../usr/local/lib/android/sdk/platforms/android-35/data/res/values-mcc310-mnc030-hu: Cannot utime: Operation not permitted
build	Cache Android SDK	2026-06-06T12:22:46.1069698Z /usr/bin/tar: ../../../../../usr/local/lib/android/sdk/platforms/android-35/data/res/values-mcc310-mnc030-hu: Cannot change mode to rwxr-xr-x: Operation not permitted
build	Cache Android SDK	2026-06-06T12:22:46.1074769Z /usr/bin/tar: ../../../../../usr/local/lib/android/sdk/platforms/android-35/data/res/values-tl: Cannot utime: Operation not permitted
build	Cache Android SDK	2026-06-06T12:22:46.1076515Z /usr/bin/tar: ../../../../../usr/local/lib/android/sdk/platforms/android-35/data/res/values-tl: Cannot change mode to rwxr-xr-x: Operation not permitted
build	Cache Android SDK	2026-06-06T12:22:46.1078560Z /usr/bin/tar: ../../../../../usr/local/lib/android/sdk/platforms/android-35/data/res/values-fr-watch: Cannot utime: Operation not permitted
build	Cache Android SDK	2026-06-06T12:22:46.1079859Z /usr/bin/tar: ../../../../../usr/local/lib/android/sdk/platforms/android-35/data/res/values-fr-watch: Cannot change mode to rwxr-xr-x: Operation not permitted
build	Cache Android SDK	2026-06-06T12:22:46.1081203Z /usr/bin/tar: ../../../../../usr/local/lib/android/sdk/platforms/android-35/data/res/values-mcc310-mnc030-en-rGB: Cannot utime: Operation not permitted
build	Cache Android SDK	2026-06-06T12:22:46.1082258Z /usr/bin/tar: ../../../../../usr/local/lib/android/sdk/platforms/android-35/data/res/values-mcc310-mnc030-en-rGB: Cannot change mode to rwxr-xr-x: Operation not permitted
build	Cache Android SDK	2026-06-06T12:22:46.1084185Z /usr/bin/tar: ../../../../../usr/local/lib/android/sdk/platforms/android-35/data/res/values-mcc302-mnc720-mk: Cannot utime: Operation not permitted
build	Cache Android SDK	2026-06-06T12:22:46.1085091Z /usr/bin/tar: ../../../../../usr/local/lib/android/sdk/platforms/android-35/data/res/values-mcc302-mnc720-mk: Cannot change mode to rwxr-xr-x: Operation not permitted
build	Cache Android SDK	2026-06-06T12:22:46.1086809Z /usr/bin/tar: ../../../../../usr/local/lib/android/sdk/platforms/android-35/data/res/values-mcc310-mnc800-hu: Cannot utime: Operation not permitted
build	Cache Android SDK	2026-06-06T12:22:46.1087967Z /usr/bin/tar: ../../../../../usr/local/lib/android/sdk/platforms/android-35/data/res/values-mcc310-mnc800-hu: Cannot change mode to rwxr-xr-x: Operation not permitted
build	Cache Android SDK	2026-06-06T12:22:46.1089701Z /usr/bin/tar: ../../../../../usr/local/lib/android/sdk/platforms/android-35/data/res/values-mcc310-mnc250-hi: Cannot utime: Operation not permitted
build	Cache Android SDK	2026-06-06T12:22:46.1090613Z /usr/bin/tar: ../../../../../usr/local/lib/android/sdk/platforms/android-35/data/res/values-mcc310-mnc250-hi: Cannot change mode to rwxr-xr-x: Operation not permitted
build	Cache Android SDK	2026-06-06T12:22:46.1093210Z /usr/bin/tar: ../../../../../usr/local/lib/android/sdk/platforms/android-35/data/res/values-mcc310-mnc160-my: Cannot utime: Operation not permitted
build	Cache Android SDK	2026-06-06T12:22:46.1094355Z /usr/bin/tar: ../../../../../usr/local/lib/android/sdk/platforms/android-35/data/res/values-mcc310-mnc160-my: Cannot change mode to rwxr-xr-x: Operation not permitted
build	Cache Android SDK	2026-06-06T12:22:46.1095998Z /usr/bin/tar: ../../../../../usr/local/lib/android/sdk/platforms/android-35/data/res/values-mcc310-mnc410-mn: Cannot utime: Operation not permitted
build	Cache Android SDK	2026-06-06T12:22:46.1096981Z /usr/bin/tar: ../../../../../usr/local/lib/android/sdk/platforms/android-35/data/res/values-mcc310-mnc410-mn: Cannot change mode to rwxr-xr-x: Operation not permitted
build	Cache Android SDK	2026-06-06T12:22:46.1099874Z /usr/bin/tar: ../../../../../usr/local/lib/android/sdk/platforms/android-35/data/res/values-mcc310-mnc380-ur: Cannot utime: Operation not permitted
build	Cache Android SDK	2026-06-06T12:22:46.1100815Z /usr/bin/tar: ../../../../../usr/local/lib/android/sdk/platforms/android-35/data/res/values-mcc310-mnc380-ur: Cannot change mode to rwxr-xr-x: Operation not permitted
build	Cache Android SDK	2026-06-06T12:22:46.1103253Z /usr/bin/tar: ../../../../../usr/local/lib/android/sdk/platforms/android-35/data/res/values-mcc310-mnc150-ja: Cannot utime: Operation not permitted
build	Cache Android SDK	2026-06-06T12:22:46.1104282Z /usr/bin/tar: ../../../../../usr/local/lib/android/sdk/platforms/android-35/data/res/values-mcc310-mnc150-ja: Cannot change mode to rwxr-xr-x: Operation not permitted
build	Cache Android SDK	2026-06-06T12:22:46.1106764Z /usr/bin/tar: ../../../../../usr/local/lib/android/sdk/platforms/android-35/data/res/values-mcc310-mnc030-nl: Cannot utime: Operation not permitted
build	Cache Android SDK	2026-06-06T12:22:46.1108001Z /usr/bin/tar: ../../../../../usr/local/lib/android/sdk/platforms/android-35/data/res/values-mcc310-mnc030-nl: Cannot change mode to rwxr-xr-x: Operation not permitted
build	Cache Android SDK	2026-06-06T12:22:46.1110324Z /usr/bin/tar: ../../../../../usr/local/lib/android/sdk/platforms/android-35/data/res/values-mcc334-mnc020-ur: Cannot utime: Operation not permitted
build	Cache Android SDK	2026-06-06T12:22:46.1111253Z /usr/bin/tar: ../../../../../usr/local/lib/android/sdk/platforms/android-35/data/res/values-mcc334-mnc020-ur: Cannot change mode to rwxr-xr-x: Operation not permitted
build	Cache Android SDK	2026-06-06T12:22:46.1113578Z /usr/bin/tar: ../../../../../usr/local/lib/android/sdk/platforms/android-35/data/res/values-mcc001-mnc01-ky: Cannot utime: Operation not permitted
build	Cache Android SDK	2026-06-06T12:22:46.1114500Z /usr/bin/tar: ../../../../../usr/local/lib/android/sdk/platforms/android-35/data/res/values-mcc001-mnc01-ky: Cannot change mode to rwxr-xr-x: Operation not permitted
build	Cache Android SDK	2026-06-06T12:22:46.1116540Z /usr/bin/tar: ../../../../../usr/local/lib/android/sdk/platforms/android-35/data/res/values-mcc310-mnc250-it: Cannot utime: Operation not permitted
build	Cache Android SDK	2026-06-06T12:22:46.1117571Z /usr/bin/tar: ../../../../../usr/local/lib/android/sdk/platforms/android-35/data/res/values-mcc310-mnc250-it: Cannot change mode to rwxr-xr-x: Operation not permitted
build	Cache Android SDK	2026-06-06T12:22:46.1120246Z /usr/bin/tar: ../../../../../usr/local/lib/android/sdk/platforms/android-35/data/res/values-mcc310-mnc800-en-rAU: Cannot utime: Operation not permitted
build	Cache Android SDK	2026-06-06T12:22:46.1121197Z /usr/bin/tar: ../../../../../usr/local/lib/android/sdk/platforms/android-35/data/res/values-mcc310-mnc800-en-rAU: Cannot change mode to rwxr-xr-x: Operation not permitted
build	Cache Android SDK	2026-06-06T12:22:46.1123442Z /usr/bin/tar: ../../../../../usr/local/lib/android/sdk/platforms/android-35/data/res/values-mcc001: Cannot utime: Operation not permitted
build	Cache Android SDK	2026-06-06T12:22:46.1124407Z /usr/bin/tar: ../../../../../usr/local/lib/android/sdk/platforms/android-35/data/res/values-mcc001: Cannot change mode to rwxr-xr-x: Operation not permitted
build	Cache Android SDK	2026-06-06T12:22:46.1127455Z /usr/bin/tar: ../../../../../usr/local/lib/android/sdk/platforms/android-35/data/res/values-mcc310-mnc270-bg: Cannot utime: Operation not permitted
build	Cache Android SDK	2026-06-06T12:22:46.1128377Z /usr/bin/tar: ../../../../../usr/local/lib/android/sdk/platforms/android-35/data/res/values-mcc310-mnc270-bg: Cannot change mode to rwxr-xr-x: Operation not permitted
build	Cache Android SDK	2026-06-06T12:22:46.1130141Z /usr/bin/tar: ../../../../../usr/local/lib/android/sdk/platforms/android-35/data/res/values-xlarge-land: Cannot utime: Operation not permitted
build	Cache Android SDK	2026-06-06T12:22:46.1131038Z /usr/bin/tar: ../../../../../usr/local/lib/android/sdk/platforms/android-35/data/res/values-xlarge-land: Cannot change mode to rwxr-xr-x: Operation not permitted
build	Cache Android SDK	2026-06-06T12:22:46.1133081Z /usr/bin/tar: ../../../../../usr/local/lib/android/sdk/platforms/android-35/data/res/values-uk-watch: Cannot utime: Operation not permitted
build	Cache Android SDK	2026-06-06T12:22:46.1134061Z /usr/bin/tar: ../../../../../usr/local/lib/android/sdk/platforms/android-35/data/res/values-uk-watch: Cannot change mode to rwxr-xr-x: Operation not permitted
build	Cache Android SDK	2026-06-06T12:22:46.1136109Z /usr/bin/tar: ../../../../../usr/local/lib/android/sdk/platforms/android-35/data/res/values-mcc302-mnc720-sk: Cannot utime: Operation not permitted
build	Cache Android SDK	2026-06-06T12:22:46.1137027Z /usr/bin/tar: ../../../../../usr/local/lib/android/sdk/platforms/android-35/data/res/values-mcc302-mnc720-sk: Cannot change mode to rwxr-xr-x: Operation not permitted
build	Cache Android SDK	2026-06-06T12:22:46.1139293Z /usr/bin/tar: ../../../../../usr/local/lib/android/sdk/platforms/android-35/data/res/values-mcc310-mnc200-zh-rTW: Cannot utime: Operation not permitted
build	Cache Android SDK	2026-06-06T12:22:46.1140313Z /usr/bin/tar: ../../../../../usr/local/lib/android/sdk/platforms/android-35/data/res/values-mcc310-mnc200-zh-rTW: Cannot change mode to rwxr-xr-x: Operation not permitted
build	Cache Android SDK	2026-06-06T12:22:46.1142426Z /usr/bin/tar: ../../../../../usr/local/lib/android/sdk/platforms/android-35/data/res/values-mcc310-mnc410-si: Cannot utime: Operation not permitted
build	Cache Android SDK	2026-06-06T12:22:46.1143347Z /usr/bin/tar: ../../../../../usr/local/lib/android/sdk/platforms/android-35/data/res/values-mcc310-mnc410-si: Cannot change mode to rwxr-xr-x: Operation not permitted
build	Cache Android SDK	2026-06-06T12:22:46.1145289Z /usr/bin/tar: ../../../../../usr/local/lib/android/sdk/platforms/android-35/data/res/values-mcc310-mnc270-hu: Cannot utime: Operation not permitted
build	Cache Android SDK	2026-06-06T12:22:46.1146215Z /usr/bin/tar: ../../../../../usr/local/lib/android/sdk/platforms/android-35/data/res/values-mcc310-mnc270-hu: Cannot change mode to rwxr-xr-x: Operation not permitted
build	Cache Android SDK	2026-06-06T12:22:46.1148559Z /usr/bin/tar: ../../../../../usr/local/lib/android/sdk/platforms/android-35/data/res/values-mcc310-mnc800-pa: Cannot utime: Operation not permitted
build	Cache Android SDK	2026-06-06T12:22:46.1149472Z /usr/bin/tar: ../../../../../usr/local/lib/android/sdk/platforms/android-35/data/res/values-mcc310-mnc800-pa: Cannot change mode to rwxr-xr-x: Operation not permitted
build	Cache Android SDK	2026-06-06T12:22:46.1154929Z /usr/bin/tar: ../../../../../usr/local/lib/android/sdk/platforms/android-35/data/res/values-mn: Cannot utime: Operation not permitted
build	Cache Android SDK	2026-06-06T12:22:46.1155785Z /usr/bin/tar: ../../../../../usr/local/lib/android/sdk/platforms/android-35/data/res/values-mn: Cannot change mode to rwxr-xr-x: Operation not permitted
build	Cache Android SDK	2026-06-06T12:22:46.1158559Z /usr/bin/tar: ../../../../../usr/local/lib/android/sdk/platforms/android-35/data/res/values-lv-rLV: Cannot utime: Operation not permitted
build	Cache Android SDK	2026-06-06T12:22:46.1159420Z /usr/bin/tar: ../../../../../usr/local/lib/android/sdk/platforms/android-35/data/res/values-lv-rLV: Cannot change mode to rwxr-xr-x: Operation not permitted
build	Cache Android SDK	2026-06-06T12:22:46.1161380Z /usr/bin/tar: ../../../../../usr/local/lib/android/sdk/platforms/android-35/data/res/values-mcc313-mnc100-lt: Cannot utime: Operation not permitted
build	Cache Android SDK	2026-06-06T12:22:46.1162430Z /usr/bin/tar: ../../../../../usr/local/lib/android/sdk/platforms/android-35/data/res/values-mcc313-mnc100-lt: Cannot change mode to rwxr-xr-x: Operation not permitted
build	Cache Android SDK	2026-06-06T12:22:46.1164478Z /usr/bin/tar: ../../../../../usr/local/lib/android/sdk/platforms/android-35/data/res/raw-it: Cannot utime: Operation not permitted
build	Cache Android SDK	2026-06-06T12:22:46.1177106Z /usr/bin/tar: ../../../../../usr/local/lib/android/sdk/platforms/android-35/data/res/raw-it: Cannot change mode to rwxr-xr-x: Operation not permitted
build	Cache Android SDK	2026-06-06T12:22:46.1178801Z /usr/bin/tar: ../../../../../usr/local/lib/android/sdk/platforms/android-35/data/res/values-mcc312-mnc670-my: Cannot utime: Operation not permitted
build	Cache Android SDK	2026-06-06T12:22:46.1179918Z /usr/bin/tar: ../../../../../usr/local/lib/android/sdk/platforms/android-35/data/res/values-mcc312-mnc670-my: Cannot change mode to rwxr-xr-x: Operation not permitted
build	Cache Android SDK	2026-06-06T12:22:46.1180836Z /usr/bin/tar: ../../../../../usr/local/lib/android/sdk/platforms/android-35/data/res/values-sr-watch: Cannot utime: Operation not permitted
build	Cache Android SDK	2026-06-06T12:22:46.1181995Z /usr/bin/tar: ../../../../../usr/local/lib/android/sdk/platforms/android-35/data/res/values-sr-watch: Cannot change mode to rwxr-xr-x: Operation not permitted
build	Cache Android SDK	2026-06-06T12:22:46.1183285Z /usr/bin/tar: ../../../../../usr/local/lib/android/sdk/platforms/android-35/data/res/values-mcc310-mnc660-lv: Cannot utime: Operation not permitted
build	Cache Android SDK	2026-06-06T12:22:46.1184190Z /usr/bin/tar: ../../../../../usr/local/lib/android/sdk/platforms/android-35/data/res/values-mcc310-mnc660-lv: Cannot change mode to rwxr-xr-x: Operation not permitted
build	Cache Android SDK	2026-06-06T12:22:46.1185108Z /usr/bin/tar: ../../../../../usr/local/lib/android/sdk/platforms/android-35/data/res/values-mcc001-mnc01-en-rAU: Cannot utime: Operation not permitted
build	Cache Android SDK	2026-06-06T12:22:46.1186394Z /usr/bin/tar: ../../../../../usr/local/lib/android/sdk/platforms/android-35/data/res/values-mcc001-mnc01-en-rAU: Cannot change mode to rwxr-xr-x: Operation not permitted
build	Cache Android SDK	2026-06-06T12:22:46.1187619Z /usr/bin/tar: ../../../../../usr/local/lib/android/sdk/platforms/android-35/data/res/values-mcc310-mnc660-mn: Cannot utime: Operation not permitted
build	Cache Android SDK	2026-06-06T12:22:46.1188608Z /usr/bin/tar: ../../../../../usr/local/lib/android/sdk/platforms/android-35/data/res/values-mcc310-mnc660-mn: Cannot change mode to rwxr-xr-x: Operation not permitted
build	Cache Android SDK	2026-06-06T12:22:46.1189738Z /usr/bin/tar: ../../../../../usr/local/lib/android/sdk/platforms/android-35/data/res/values-mcc313-mnc100-pt-rPT: Cannot utime: Operation not permitted
build	Cache Android SDK	2026-06-06T12:22:46.1190686Z /usr/bin/tar: ../../../../../usr/local/lib/android/sdk/platforms/android-35/data/res/values-mcc313-mnc100-pt-rPT: Cannot change mode to rwxr-xr-x: Operation not permitted
build	Cache Android SDK	2026-06-06T12:22:46.1192154Z /usr/bin/tar: ../../../../../usr/local/lib/android/sdk/platforms/android-35/data/res/values-mcc302-mnc720-et: Cannot utime: Operation not permitted
build	Cache Android SDK	2026-06-06T12:22:46.1193740Z /usr/bin/tar: ../../../../../usr/local/lib/android/sdk/platforms/android-35/data/res/values-mcc302-mnc720-et: Cannot change mode to rwxr-xr-x: Operation not permitted
build	Cache Android SDK	2026-06-06T12:22:46.1194171Z /usr/bin/tar: ../../../../../usr/local/lib/android/sdk/platforms/android-35/data/res/values-mcc310-mnc410-zu: Cannot utime: Operation not permitted
build	Cache Android SDK	2026-06-06T12:22:46.1194782Z /usr/bin/tar: ../../../../../usr/local/lib/android/sdk/platforms/android-35/data/res/values-mcc310-mnc410-zu: Cannot change mode to rwxr-xr-x: Operation not permitted
build	Cache Android SDK	2026-06-06T12:22:46.1195605Z /usr/bin/tar: ../../../../../usr/local/lib/android/sdk/platforms/android-35/data/res/values-zu: Cannot utime: Operation not permitted
build	Cache Android SDK	2026-06-06T12:22:46.1196005Z /usr/bin/tar: ../../../../../usr/local/lib/android/sdk/platforms/android-35/data/res/values-zu: Cannot change mode to rwxr-xr-x: Operation not permitted
build	Cache Android SDK	2026-06-06T12:22:46.1198744Z /usr/bin/tar: ../../../../../usr/local/lib/android/sdk/platforms/android-35/data/res/values-mcc310-mnc150-mk: Cannot utime: Operation not permitted
build	Cache Android SDK	2026-06-06T12:22:46.1199312Z /usr/bin/tar: ../../../../../usr/local/lib/android/sdk/platforms/android-35/data/res/values-mcc310-mnc150-mk: Cannot change mode to rwxr-xr-x: Operation not permitted
build	Cache Android SDK	2026-06-06T12:22:46.1201956Z /usr/bin/tar: ../../../../../usr/local/lib/android/sdk/platforms/android-35/data/res/values-mcc310-mnc410-zh-rHK: Cannot utime: Operation not permitted
build	Cache Android SDK	2026-06-06T12:22:46.1202486Z /usr/bin/tar: ../../../../../usr/local/lib/android/sdk/platforms/android-35/data/res/values-mcc310-mnc410-zh-rHK: Cannot change mode to rwxr-xr-x: Operation not permitted
build	Cache Android SDK	2026-06-06T12:22:46.1205054Z /usr/bin/tar: ../../../../../usr/local/lib/android/sdk/platforms/android-35/data/res/values-mcc310-mnc280-tl: Cannot utime: Operation not permitted
build	Cache Android SDK	2026-06-06T12:22:46.1205937Z /usr/bin/tar: ../../../../../usr/local/lib/android/sdk/platforms/android-35/data/res/values-mcc310-mnc280-tl: Cannot change mode to rwxr-xr-x: Operation not permitted
build	Cache Android SDK	2026-06-06T12:22:46.1208460Z /usr/bin/tar: ../../../../../usr/local/lib/android/sdk/platforms/android-35/data/res/values-mcc310-mnc200-pt-rBR: Cannot utime: Operation not permitted
build	Cache Android SDK	2026-06-06T12:22:46.1209118Z /usr/bin/tar: ../../../../../usr/local/lib/android/sdk/platforms/android-35/data/res/values-mcc310-mnc200-pt-rBR: Cannot change mode to rwxr-xr-x: Operation not permitted
build	Cache Android SDK	2026-06-06T12:22:46.1211130Z /usr/bin/tar: ../../../../../usr/local/lib/android/sdk/platforms/android-35/data/res/values-mcc310-mnc410-en-rCA: Cannot utime: Operation not permitted
build	Cache Android SDK	2026-06-06T12:22:46.1211616Z /usr/bin/tar: ../../../../../usr/local/lib/android/sdk/platforms/android-35/data/res/values-mcc310-mnc410-en-rCA: Cannot change mode to rwxr-xr-x: Operation not permitted
build	Cache Android SDK	2026-06-06T12:22:46.1214322Z /usr/bin/tar: ../../../../../usr/local/lib/android/sdk/platforms/android-35/data/res/values-mcc310-mnc030-ro: Cannot utime: Operation not permitted
build	Cache Android SDK	2026-06-06T12:22:46.1214784Z /usr/bin/tar: ../../../../../usr/local/lib/android/sdk/platforms/android-35/data/res/values-mcc310-mnc030-ro: Cannot change mode to rwxr-xr-x: Operation not permitted
build	Cache Android SDK	2026-06-06T12:22:46.1218226Z /usr/bin/tar: ../../../../../usr/local/lib/android/sdk/platforms/android-35/data/res/values-mcc310-mnc380-ky: Cannot utime: Operation not permitted
build	Cache Android SDK	2026-06-06T12:22:46.1218706Z /usr/bin/tar: ../../../../../usr/local/lib/android/sdk/platforms/android-35/data/res/values-mcc310-mnc380-ky: Cannot change mode to rwxr-xr-x: Operation not permitted
build	Cache Android SDK	2026-06-06T12:22:46.1221490Z /usr/bin/tar: ../../../../../usr/local/lib/android/sdk/platforms/android-35/data/res/values-mcc310-mnc800-et: Cannot utime: Operation not permitted
build	Cache Android SDK	2026-06-06T12:22:46.1221975Z /usr/bin/tar: ../../../../../usr/local/lib/android/sdk/platforms/android-35/data/res/values-mcc310-mnc800-et: Cannot change mode to rwxr-xr-x: Operation not permitted
build	Cache Android SDK	2026-06-06T12:22:46.1227953Z /usr/bin/tar: ../../../../../usr/local/lib/android/sdk/platforms/android-35/data/res/values-be: Cannot utime: Operation not permitted
build	Cache Android SDK	2026-06-06T12:22:46.1228377Z /usr/bin/tar: ../../../../../usr/local/lib/android/sdk/platforms/android-35/data/res/values-be: Cannot change mode to rwxr-xr-x: Operation not permitted
build	Cache Android SDK	2026-06-06T12:22:46.1231384Z /usr/bin/tar: ../../../../../usr/local/lib/android/sdk/platforms/android-35/data/res/values-mcc310-mnc310-el: Cannot utime: Operation not permitted
build	Cache Android SDK	2026-06-06T12:22:46.1231836Z /usr/bin/tar: ../../../../../usr/local/lib/android/sdk/platforms/android-35/data/res/values-mcc310-mnc310-el: Cannot change mode to rwxr-xr-x: Operation not permitted
build	Cache Android SDK	2026-06-06T12:22:46.1233719Z /usr/bin/tar: ../../../../../usr/local/lib/android/sdk/platforms/android-35/data/res/values-mcc310-mnc490-ta: Cannot utime: Operation not permitted
build	Cache Android SDK	2026-06-06T12:22:46.1234161Z /usr/bin/tar: ../../../../../usr/local/lib/android/sdk/platforms/android-35/data/res/values-mcc310-mnc490-ta: Cannot change mode to rwxr-xr-x: Operation not permitted
build	Cache Android SDK	2026-06-06T12:22:46.1236652Z /usr/bin/tar: ../../../../../usr/local/lib/android/sdk/platforms/android-35/data/res/values-mcc310-mnc310-hu: Cannot utime: Operation not permitted
build	Cache Android SDK	2026-06-06T12:22:46.1237233Z /usr/bin/tar: ../../../../../usr/local/lib/android/sdk/platforms/android-35/data/res/values-mcc310-mnc310-hu: Cannot change mode to rwxr-xr-x: Operation not permitted
build	Cache Android SDK	2026-06-06T12:22:46.1239697Z /usr/bin/tar: ../../../../../usr/local/lib/android/sdk/platforms/android-35/data/res/values-mcc310-mnc800-ko: Cannot utime: Operation not permitted
build	Cache Android SDK	2026-06-06T12:22:46.1240146Z /usr/bin/tar: ../../../../../usr/local/lib/android/sdk/platforms/android-35/data/res/values-mcc310-mnc800-ko: Cannot change mode to rwxr-xr-x: Operation not permitted
build	Cache Android SDK	2026-06-06T12:22:46.1242484Z /usr/bin/tar: ../../../../../usr/local/lib/android/sdk/platforms/android-35/data/res/values-mcc311-mnc180-km: Cannot utime: Operation not permitted
build	Cache Android SDK	2026-06-06T12:22:46.1242929Z /usr/bin/tar: ../../../../../usr/local/lib/android/sdk/platforms/android-35/data/res/values-mcc311-mnc180-km: Cannot change mode to rwxr-xr-x: Operation not permitted
build	Cache Android SDK	2026-06-06T12:22:46.1245264Z /usr/bin/tar: ../../../../../usr/local/lib/android/sdk/platforms/android-35/data/res/values-mcc310-mnc660-az: Cannot utime: Operation not permitted
build	Cache Android SDK	2026-06-06T12:22:46.1245821Z /usr/bin/tar: ../../../../../usr/local/lib/android/sdk/platforms/android-35/data/res/values-mcc310-mnc660-az: Cannot change mode to rwxr-xr-x: Operation not permitted
build	Cache Android SDK	2026-06-06T12:22:46.1249059Z /usr/bin/tar: ../../../../../usr/local/lib/android/sdk/platforms/android-35/data/res/values-mcc310-mnc210-zh-rHK: Cannot utime: Operation not permitted
build	Cache Android SDK	2026-06-06T12:22:46.1249523Z /usr/bin/tar: ../../../../../usr/local/lib/android/sdk/platforms/android-35/data/res/values-mcc310-mnc210-zh-rHK: Cannot change mode to rwxr-xr-x: Operation not permitted
build	Cache Android SDK	2026-06-06T12:22:46.1252165Z /usr/bin/tar: ../../../../../usr/local/lib/android/sdk/platforms/android-35/data/res/values-ja-watch: Cannot utime: Operation not permitted
build	Cache Android SDK	2026-06-06T12:22:46.1252588Z /usr/bin/tar: ../../../../../usr/local/lib/android/sdk/platforms/android-35/data/res/values-ja-watch: Cannot change mode to rwxr-xr-x: Operation not permitted
build	Cache Android SDK	2026-06-06T12:22:46.1255316Z /usr/bin/tar: ../../../../../usr/local/lib/android/sdk/platforms/android-35/data/res/values-mcc312-mnc670-zh-rCN: Cannot utime: Operation not permitted
build	Cache Android SDK	2026-06-06T12:22:46.1255778Z /usr/bin/tar: ../../../../../usr/local/lib/android/sdk/platforms/android-35/data/res/values-mcc312-mnc670-zh-rCN: Cannot change mode to rwxr-xr-x: Operation not permitted
build	Cache Android SDK	2026-06-06T12:22:46.1258852Z /usr/bin/tar: ../../../../../usr/local/lib/android/sdk/platforms/android-35/data/res/values-mcc302-mnc370-en-rXC: Cannot utime: Operation not permitted
build	Cache Android SDK	2026-06-06T12:22:46.1259314Z /usr/bin/tar: ../../../../../usr/local/lib/android/sdk/platforms/android-35/data/res/values-mcc302-mnc370-en-rXC: Cannot change mode to rwxr-xr-x: Operation not permitted
build	Cache Android SDK	2026-06-06T12:22:46.1261668Z /usr/bin/tar: ../../../../../usr/local/lib/android/sdk/platforms/android-35/data/res/values-mcc310-mnc160-kn: Cannot utime: Operation not permitted
build	Cache Android SDK	2026-06-06T12:22:46.1262116Z /usr/bin/tar: ../../../../../usr/local/lib/android/sdk/platforms/android-35/data/res/values-mcc310-mnc160-kn: Cannot change mode to rwxr-xr-x: Operation not permitted
build	Cache Android SDK	2026-06-06T12:22:46.1264486Z /usr/bin/tar: ../../../../../usr/local/lib/android/sdk/platforms/android-35/data/res/values-mcc310-mnc170-th: Cannot utime: Operation not permitted
build	Cache Android SDK	2026-06-06T12:22:46.1264929Z /usr/bin/tar: ../../../../../usr/local/lib/android/sdk/platforms/android-35/data/res/values-mcc310-mnc170-th: Cannot change mode to rwxr-xr-x: Operation not permitted
build	Cache Android SDK	2026-06-06T12:22:46.1272037Z /usr/bin/tar: ../../../../../usr/local/lib/android/sdk/platforms/android-35/data/res/values-en-rCA: Cannot utime: Operation not permitted
build	Cache Android SDK	2026-06-06T12:22:46.1272458Z /usr/bin/tar: ../../../../../usr/local/lib/android/sdk/platforms/android-35/data/res/values-en-rCA: Cannot change mode to rwxr-xr-x: Operation not permitted
build	Cache Android SDK	2026-06-06T12:22:46.1275164Z /usr/bin/tar: ../../../../../usr/local/lib/android/sdk/platforms/android-35/data/res/values-mcc310-mnc490-vi: Cannot utime: Operation not permitted
build	Cache Android SDK	2026-06-06T12:22:46.1275889Z /usr/bin/tar: ../../../../../usr/local/lib/android/sdk/platforms/android-35/data/res/values-mcc310-mnc490-vi: Cannot change mode to rwxr-xr-x: Operation not permitted
build	Cache Android SDK	2026-06-06T12:22:46.1280060Z /usr/bin/tar: ../../../../../usr/local/lib/android/sdk/platforms/android-35/data/res/values-mcc310-mnc210-eu: Cannot utime: Operation not permitted
build	Cache Android SDK	2026-06-06T12:22:46.1280521Z /usr/bin/tar: ../../../../../usr/local/lib/android/sdk/platforms/android-35/data/res/values-mcc310-mnc210-eu: Cannot change mode to rwxr-xr-x: Operation not permitted
build	Cache Android SDK	2026-06-06T12:22:46.1283150Z /usr/bin/tar: ../../../../../usr/local/lib/android/sdk/platforms/android-35/data/res/values-mcc312-mnc670-si: Cannot utime: Operation not permitted
build	Cache Android SDK	2026-06-06T12:22:46.1283609Z /usr/bin/tar: ../../../../../usr/local/lib/android/sdk/platforms/android-35/data/res/values-mcc312-mnc670-si: Cannot change mode to rwxr-xr-x: Operation not permitted
build	Cache Android SDK	2026-06-06T12:22:46.1286056Z /usr/bin/tar: ../../../../../usr/local/lib/android/sdk/platforms/android-35/data/res/mipmap-mdpi: Cannot utime: Operation not permitted
build	Cache Android SDK	2026-06-06T12:22:46.1286601Z /usr/bin/tar: ../../../../../usr/local/lib/android/sdk/platforms/android-35/data/res/mipmap-mdpi: Cannot change mode to rwxr-xr-x: Operation not permitted
build	Cache Android SDK	2026-06-06T12:22:46.1289514Z /usr/bin/tar: ../../../../../usr/local/lib/android/sdk/platforms/android-35/data/res/values-mcc310-mnc170-is: Cannot utime: Operation not permitted
build	Cache Android SDK	2026-06-06T12:22:46.1289964Z /usr/bin/tar: ../../../../../usr/local/lib/android/sdk/platforms/android-35/data/res/values-mcc310-mnc170-is: Cannot change mode to rwxr-xr-x: Operation not permitted
build	Cache Android SDK	2026-06-06T12:22:46.1292435Z /usr/bin/tar: ../../../../../usr/local/lib/android/sdk/platforms/android-35/data/res/values-mcc310-mnc950-et: Cannot utime: Operation not permitted
build	Cache Android SDK	2026-06-06T12:22:46.1292925Z /usr/bin/tar: ../../../../../usr/local/lib/android/sdk/platforms/android-35/data/res/values-mcc310-mnc950-et: Cannot change mode to rwxr-xr-x: Operation not permitted
build	Cache Android SDK	2026-06-06T12:22:46.1295167Z /usr/bin/tar: ../../../../../usr/local/lib/android/sdk/platforms/android-35/data/res/values-mcc310-mnc200-gu: Cannot utime: Operation not permitted
build	Cache Android SDK	2026-06-06T12:22:46.1295660Z /usr/bin/tar: ../../../../../usr/local/lib/android/sdk/platforms/android-35/data/res/values-mcc310-mnc200-gu: Cannot change mode to rwxr-xr-x: Operation not permitted
build	Cache Android SDK	2026-06-06T12:22:46.1298742Z /usr/bin/tar: ../../../../../usr/local/lib/android/sdk/platforms/android-35/data/res/values-mcc313-mnc100-ar: Cannot utime: Operation not permitted
build	Cache Android SDK	2026-06-06T12:22:46.1299193Z /usr/bin/tar: ../../../../../usr/local/lib/android/sdk/platforms/android-35/data/res/values-mcc313-mnc100-ar: Cannot change mode to rwxr-xr-x: Operation not permitted
build	Cache Android SDK	2026-06-06T12:22:46.1301550Z /usr/bin/tar: ../../../../../usr/local/lib/android/sdk/platforms/android-35/data/res/values-mcc001-mnc01-nl: Cannot utime: Operation not permitted
build	Cache Android SDK	2026-06-06T12:22:46.1302031Z /usr/bin/tar: ../../../../../usr/local/lib/android/sdk/platforms/android-35/data/res/values-mcc001-mnc01-nl: Cannot change mode to rwxr-xr-x: Operation not permitted
build	Cache Android SDK	2026-06-06T12:22:46.1304506Z /usr/bin/tar: ../../../../../usr/local/lib/android/sdk/platforms/android-35/data/res/values-mcc310-mnc270-pt-rBR: Cannot utime: Operation not permitted
build	Cache Android SDK	2026-06-06T12:22:46.1304974Z /usr/bin/tar: ../../../../../usr/local/lib/android/sdk/platforms/android-35/data/res/values-mcc310-mnc270-pt-rBR: Cannot change mode to rwxr-xr-x: Operation not permitted
build	Cache Android SDK	2026-06-06T12:22:46.1307756Z /usr/bin/tar: ../../../../../usr/local/lib/android/sdk/platforms/android-35/data/res/values-mcc310-mnc410-nb: Cannot utime: Operation not permitted
build	Cache Android SDK	2026-06-06T12:22:46.1308204Z /usr/bin/tar: ../../../../../usr/local/lib/android/sdk/platforms/android-35/data/res/values-mcc310-mnc410-nb: Cannot change mode to rwxr-xr-x: Operation not permitted
build	Cache Android SDK	2026-06-06T12:22:46.1310690Z /usr/bin/tar: ../../../../../usr/local/lib/android/sdk/platforms/android-35/data/res/values-iw-television: Cannot utime: Operation not permitted
build	Cache Android SDK	2026-06-06T12:22:46.1311256Z /usr/bin/tar: ../../../../../usr/local/lib/android/sdk/platforms/android-35/data/res/values-iw-television: Cannot change mode to rwxr-xr-x: Operation not permitted
build	Cache Android SDK	2026-06-06T12:22:46.1313614Z /usr/bin/tar: ../../../../../usr/local/lib/android/sdk/platforms/android-35/data/res/values-mcc334-mnc020-da: Cannot utime: Operation not permitted
build	Cache Android SDK	2026-06-06T12:22:46.1314058Z /usr/bin/tar: ../../../../../usr/local/lib/android/sdk/platforms/android-35/data/res/values-mcc334-mnc020-da: Cannot change mode to rwxr-xr-x: Operation not permitted
build	Cache Android SDK	2026-06-06T12:22:46.1316640Z /usr/bin/tar: ../../../../../usr/local/lib/android/sdk/platforms/android-35/data/res/values-mcc001-mnc01-zh-rHK: Cannot utime: Operation not permitted
build	Cache Android SDK	2026-06-06T12:22:46.1317102Z /usr/bin/tar: ../../../../../usr/local/lib/android/sdk/platforms/android-35/data/res/values-mcc001-mnc01-zh-rHK: Cannot change mode to rwxr-xr-x: Operation not permitted
build	Cache Android SDK	2026-06-06T12:22:46.1319941Z /usr/bin/tar: ../../../../../usr/local/lib/android/sdk/platforms/android-35/data/res/values-mcc310-mnc270-ar: Cannot utime: Operation not permitted
build	Cache Android SDK	2026-06-06T12:22:46.1320515Z /usr/bin/tar: ../../../../../usr/local/lib/android/sdk/platforms/android-35/data/res/values-mcc310-mnc270-ar: Cannot change mode to rwxr-xr-x: Operation not permitted
build	Cache Android SDK	2026-06-06T12:22:46.1322860Z /usr/bin/tar: ../../../../../usr/local/lib/android/sdk/platforms/android-35/data/res/values-mcc001-mnc01-tr: Cannot utime: Operation not permitted
build	Cache Android SDK	2026-06-06T12:22:46.1323309Z /usr/bin/tar: ../../../../../usr/local/lib/android/sdk/platforms/android-35/data/res/values-mcc001-mnc01-tr: Cannot change mode to rwxr-xr-x: Operation not permitted
build	Cache Android SDK	2026-06-06T12:22:46.1325719Z /usr/bin/tar: ../../../../../usr/local/lib/android/sdk/platforms/android-35/data/res/values-mcc310-mnc030-mn: Cannot utime: Operation not permitted
build	Cache Android SDK	2026-06-06T12:22:46.1326162Z /usr/bin/tar: ../../../../../usr/local/lib/android/sdk/platforms/android-35/data/res/values-mcc310-mnc030-mn: Cannot change mode to rwxr-xr-x: Operation not permitted
build	Cache Android SDK	2026-06-06T12:22:46.1329214Z /usr/bin/tar: ../../../../../usr/local/lib/android/sdk/platforms/android-35/data/res/values-mcc302-mnc720-en-rXC: Cannot utime: Operation not permitted
build	Cache Android SDK	2026-06-06T12:22:46.1329670Z /usr/bin/tar: ../../../../../usr/local/lib/android/sdk/platforms/android-35/data/res/values-mcc302-mnc720-en-rXC: Cannot change mode to rwxr-xr-x: Operation not permitted
build	Cache Android SDK	2026-06-06T12:22:46.1332047Z /usr/bin/tar: ../../../../../usr/local/lib/android/sdk/platforms/android-35/data/res/values-mcc310-mnc160-nb: Cannot utime: Operation not permitted
build	Cache Android SDK	2026-06-06T12:22:46.1332486Z /usr/bin/tar: ../../../../../usr/local/lib/android/sdk/platforms/android-35/data/res/values-mcc310-mnc160-nb: Cannot change mode to rwxr-xr-x: Operation not permitted
build	Cache Android SDK	2026-06-06T12:22:46.1335072Z /usr/bin/tar: ../../../../../usr/local/lib/android/sdk/platforms/android-35/data/res/values-mcc310-mnc150-da: Cannot utime: Operation not permitted
build	Cache Android SDK	2026-06-06T12:22:46.1335525Z /usr/bin/tar: ../../../../../usr/local/lib/android/sdk/platforms/android-35/data/res/values-mcc310-mnc150-da: Cannot change mode to rwxr-xr-x: Operation not permitted
build	Cache Android SDK	2026-06-06T12:22:46.1338339Z /usr/bin/tar: ../../../../../usr/local/lib/android/sdk/platforms/android-35/data/res/values-mcc310-mnc800-en-rGB: Cannot utime: Operation not permitted
build	Cache Android SDK	2026-06-06T12:22:46.1338791Z /usr/bin/tar: ../../../../../usr/local/lib/android/sdk/platforms/android-35/data/res/values-mcc310-mnc800-en-rGB: Cannot change mode to rwxr-xr-x: Operation not permitted
build	Cache Android SDK	2026-06-06T12:22:46.1341215Z /usr/bin/tar: ../../../../../usr/local/lib/android/sdk/platforms/android-35/data/res/values-mcc310-mnc170-bn: Cannot utime: Operation not permitted
build	Cache Android SDK	2026-06-06T12:22:46.1341652Z /usr/bin/tar: ../../../../../usr/local/lib/android/sdk/platforms/android-35/data/res/values-mcc310-mnc170-bn: Cannot change mode to rwxr-xr-x: Operation not permitted
build	Cache Android SDK	2026-06-06T12:22:46.1344197Z /usr/bin/tar: ../../../../../usr/local/lib/android/sdk/platforms/android-35/data/res/values-mcc310-mnc150-zh-rHK: Cannot utime: Operation not permitted
build	Cache Android SDK	2026-06-06T12:22:46.1344722Z /usr/bin/tar: ../../../../../usr/local/lib/android/sdk/platforms/android-35/data/res/values-mcc310-mnc150-zh-rHK: Cannot change mode to rwxr-xr-x: Operation not permitted
build	Cache Android SDK	2026-06-06T12:22:46.1347110Z /usr/bin/tar: ../../../../../usr/local/lib/android/sdk/platforms/android-35/data/res/values-de-television: Cannot utime: Operation not permitted
build	Cache Android SDK	2026-06-06T12:22:46.1347645Z /usr/bin/tar: ../../../../../usr/local/lib/android/sdk/platforms/android-35/data/res/values-de-television: Cannot change mode to rwxr-xr-x: Operation not permitted
build	Cache Android SDK	2026-06-06T12:22:46.1350922Z /usr/bin/tar: ../../../../../usr/local/lib/android/sdk/platforms/android-35/data/res/values-mcc310-mnc230-da: Cannot utime: Operation not permitted
build	Cache Android SDK	2026-06-06T12:22:46.1351366Z /usr/bin/tar: ../../../../../usr/local/lib/android/sdk/platforms/android-35/data/res/values-mcc310-mnc230-da: Cannot change mode to rwxr-xr-x: Operation not permitted
build	Cache Android SDK	2026-06-06T12:22:46.1353643Z /usr/bin/tar: ../../../../../usr/local/lib/android/sdk/platforms/android-35/data/res/values-mcc302-mnc370-af: Cannot utime: Operation not permitted
build	Cache Android SDK	2026-06-06T12:22:46.1354233Z /usr/bin/tar: ../../../../../usr/local/lib/android/sdk/platforms/android-35/data/res/values-mcc302-mnc370-af: Cannot change mode to rwxr-xr-x: Operation not permitted
build	Cache Android SDK	2026-06-06T12:22:46.1356303Z /usr/bin/tar: ../../../../../usr/local/lib/android/sdk/platforms/android-35/data/res/values-mcc310-mnc800-th: Cannot utime: Operation not permitted
build	Cache Android SDK	2026-06-06T12:22:46.1356742Z /usr/bin/tar: ../../../../../usr/local/lib/android/sdk/platforms/android-35/data/res/values-mcc310-mnc800-th: Cannot change mode to rwxr-xr-x: Operation not permitted
build	Cache Android SDK	2026-06-06T12:22:46.1360526Z /usr/bin/tar: ../../../../../usr/local/lib/android/sdk/platforms/android-35/data/res/values-mcc310-mnc490-lo: Cannot utime: Operation not permitted
build	Cache Android SDK	2026-06-06T12:22:46.1360968Z /usr/bin/tar: ../../../../../usr/local/lib/android/sdk/platforms/android-35/data/res/values-mcc310-mnc490-lo: Cannot change mode to rwxr-xr-x: Operation not permitted
build	Cache Android SDK	2026-06-06T12:22:46.1363498Z /usr/bin/tar: ../../../../../usr/local/lib/android/sdk/platforms/android-35/data/res/values-mcc310-mnc950-sq: Cannot utime: Operation not permitted
build	Cache Android SDK	2026-06-06T12:22:46.1363941Z /usr/bin/tar: ../../../../../usr/local/lib/android/sdk/platforms/android-35/data/res/values-mcc310-mnc950-sq: Cannot change mode to rwxr-xr-x: Operation not permitted
build	Cache Android SDK	2026-06-06T12:22:46.1366804Z /usr/bin/tar: ../../../../../usr/local/lib/android/sdk/platforms/android-35/data/res/values-fa-watch: Cannot utime: Operation not permitted
build	Cache Android SDK	2026-06-06T12:22:46.1367228Z /usr/bin/tar: ../../../../../usr/local/lib/android/sdk/platforms/android-35/data/res/values-fa-watch: Cannot change mode to rwxr-xr-x: Operation not permitted
build	Cache Android SDK	2026-06-06T12:22:46.1370176Z /usr/bin/tar: ../../../../../usr/local/lib/android/sdk/platforms/android-35/data/res/values-mcc310-mnc170-sw: Cannot utime: Operation not permitted
build	Cache Android SDK	2026-06-06T12:22:46.1370624Z /usr/bin/tar: ../../../../../usr/local/lib/android/sdk/platforms/android-35/data/res/values-mcc310-mnc170-sw: Cannot change mode to rwxr-xr-x: Operation not permitted
build	Cache Android SDK	2026-06-06T12:22:46.1373560Z /usr/bin/tar: ../../../../../usr/local/lib/android/sdk/platforms/android-35/data/res/values-mcc310-mnc250-sr: Cannot utime: Operation not permitted
build	Cache Android SDK	2026-06-06T12:22:46.1374002Z /usr/bin/tar: ../../../../../usr/local/lib/android/sdk/platforms/android-35/data/res/values-mcc310-mnc250-sr: Cannot change mode to rwxr-xr-x: Operation not permitted
build	Cache Android SDK	2026-06-06T12:22:46.1376687Z /usr/bin/tar: ../../../../../usr/local/lib/android/sdk/platforms/android-35/data/res/values-mcc311-mnc180-hr: Cannot utime: Operation not permitted
build	Cache Android SDK	2026-06-06T12:22:46.1377120Z /usr/bin/tar: ../../../../../usr/local/lib/android/sdk/platforms/android-35/data/res/values-mcc311-mnc180-hr: Cannot change mode to rwxr-xr-x: Operation not permitted
build	Cache Android SDK	2026-06-06T12:22:46.1379805Z /usr/bin/tar: ../../../../../usr/local/lib/android/sdk/platforms/android-35/data/res/values-mcc310-mnc560-da: Cannot utime: Operation not permitted
build	Cache Android SDK	2026-06-06T12:22:46.1380345Z /usr/bin/tar: ../../../../../usr/local/lib/android/sdk/platforms/android-35/data/res/values-mcc310-mnc560-da: Cannot change mode to rwxr-xr-x: Operation not permitted
build	Cache Android SDK	2026-06-06T12:22:46.1382925Z /usr/bin/tar: ../../../../../usr/local/lib/android/sdk/platforms/android-35/data/res/values-af-television: Cannot utime: Operation not permitted
build	Cache Android SDK	2026-06-06T12:22:46.1383501Z /usr/bin/tar: ../../../../../usr/local/lib/android/sdk/platforms/android-35/data/res/values-af-television: Cannot change mode to rwxr-xr-x: Operation not permitted
build	Cache Android SDK	2026-06-06T12:22:46.1388841Z /usr/bin/tar: ../../../../../usr/local/lib/android/sdk/platforms/android-35/data/res/values-tr: Cannot utime: Operation not permitted
build	Cache Android SDK	2026-06-06T12:22:46.1389800Z /usr/bin/tar: ../../../../../usr/local/lib/android/sdk/platforms/android-35/data/res/values-tr: Cannot change mode to rwxr-xr-x: Operation not permitted
build	Cache Android SDK	2026-06-06T12:22:46.1392123Z /usr/bin/tar: ../../../../../usr/local/lib/android/sdk/platforms/android-35/data/res/values-mcc232: Cannot utime: Operation not permitted
build	Cache Android SDK	2026-06-06T12:22:46.1392698Z /usr/bin/tar: ../../../../../usr/local/lib/android/sdk/platforms/android-35/data/res/values-mcc232: Cannot change mode to rwxr-xr-x: Operation not permitted
build	Cache Android SDK	2026-06-06T12:22:46.1394746Z /usr/bin/tar: ../../../../../usr/local/lib/android/sdk/platforms/android-35/data/res/values-mcc310-mnc950-ca: Cannot utime: Operation not permitted
build	Cache Android SDK	2026-06-06T12:22:46.1395202Z /usr/bin/tar: ../../../../../usr/local/lib/android/sdk/platforms/android-35/data/res/values-mcc310-mnc950-ca: Cannot change mode to rwxr-xr-x: Operation not permitted
build	Cache Android SDK	2026-06-06T12:22:46.1397894Z /usr/bin/tar: ../../../../../usr/local/lib/android/sdk/platforms/android-35/data/res/values-mcc001-mnc01-zh-rTW: Cannot utime: Operation not permitted
build	Cache Android SDK	2026-06-06T12:22:46.1398355Z /usr/bin/tar: ../../../../../usr/local/lib/android/sdk/platforms/android-35/data/res/values-mcc001-mnc01-zh-rTW: Cannot change mode to rwxr-xr-x: Operation not permitted
build	Cache Android SDK	2026-06-06T12:22:46.1401017Z /usr/bin/tar: ../../../../../usr/local/lib/android/sdk/platforms/android-35/data/res/values-mcc310-mnc410-bg: Cannot utime: Operation not permitted
build	Cache Android SDK	2026-06-06T12:22:46.1401474Z /usr/bin/tar: ../../../../../usr/local/lib/android/sdk/platforms/android-35/data/res/values-mcc310-mnc410-bg: Cannot change mode to rwxr-xr-x: Operation not permitted
build	Cache Android SDK	2026-06-06T12:22:46.1404444Z /usr/bin/tar: ../../../../../usr/local/lib/android/sdk/platforms/android-35/data/res/values-mcc310-mnc270-be: Cannot utime: Operation not permitted
build	Cache Android SDK	2026-06-06T12:22:46.1404894Z /usr/bin/tar: ../../../../../usr/local/lib/android/sdk/platforms/android-35/data/res/values-mcc310-mnc270-be: Cannot change mode to rwxr-xr-x: Operation not permitted
build	Cache Android SDK	2026-06-06T12:22:46.1407154Z /usr/bin/tar: ../../../../../usr/local/lib/android/sdk/platforms/android-35/data/res/values-mcc302-mnc370-ar: Cannot utime: Operation not permitted
build	Cache Android SDK	2026-06-06T12:22:46.1407740Z /usr/bin/tar: ../../../../../usr/local/lib/android/sdk/platforms/android-35/data/res/values-mcc302-mnc370-ar: Cannot change mode to rwxr-xr-x: Operation not permitted
build	Cache Android SDK	2026-06-06T12:22:46.1410192Z /usr/bin/tar: ../../../../../usr/local/lib/android/sdk/platforms/android-35/data/res/values-mcc310-mnc250-lv: Cannot utime: Operation not permitted
build	Cache Android SDK	2026-06-06T12:22:46.1410636Z /usr/bin/tar: ../../../../../usr/local/lib/android/sdk/platforms/android-35/data/res/values-mcc310-mnc250-lv: Cannot change mode to rwxr-xr-x: Operation not permitted
build	Cache Android SDK	2026-06-06T12:22:46.1413607Z /usr/bin/tar: ../../../../../usr/local/lib/android/sdk/platforms/android-35/data/res/values-mcc310-mnc230-th: Cannot utime: Operation not permitted
build	Cache Android SDK	2026-06-06T12:22:46.1414055Z /usr/bin/tar: ../../../../../usr/local/lib/android/sdk/platforms/android-35/data/res/values-mcc310-mnc230-th: Cannot change mode to rwxr-xr-x: Operation not permitted
build	Cache Android SDK	2026-06-06T12:22:46.1416468Z /usr/bin/tar: ../../../../../usr/local/lib/android/sdk/platforms/android-35/data/res/values-mcc286: Cannot utime: Operation not permitted
build	Cache Android SDK	2026-06-06T12:22:46.1416884Z /usr/bin/tar: ../../../../../usr/local/lib/android/sdk/platforms/android-35/data/res/values-mcc286: Cannot change mode to rwxr-xr-x: Operation not permitted
build	Cache Android SDK	2026-06-06T12:22:46.1419707Z /usr/bin/tar: ../../../../../usr/local/lib/android/sdk/platforms/android-35/data/res/values-mcc310-mnc250-uz: Cannot utime: Operation not permitted
build	Cache Android SDK	2026-06-06T12:22:46.1420159Z /usr/bin/tar: ../../../../../usr/local/lib/android/sdk/platforms/android-35/data/res/values-mcc310-mnc250-uz: Cannot change mode to rwxr-xr-x: Operation not permitted
build	Cache Android SDK	2026-06-06T12:22:46.1422712Z /usr/bin/tar: ../../../../../usr/local/lib/android/sdk/platforms/android-35/data/res/values-mcc310-mnc240-eu: Cannot utime: Operation not permitted
build	Cache Android SDK	2026-06-06T12:22:46.1423148Z /usr/bin/tar: ../../../../../usr/local/lib/android/sdk/platforms/android-35/data/res/values-mcc310-mnc240-eu: Cannot change mode to rwxr-xr-x: Operation not permitted
build	Cache Android SDK	2026-06-06T12:22:46.1425733Z /usr/bin/tar: ../../../../../usr/local/lib/android/sdk/platforms/android-35/data/res/values-mcc310-mnc280-km: Cannot utime: Operation not permitted
build	Cache Android SDK	2026-06-06T12:22:46.1426252Z /usr/bin/tar: ../../../../../usr/local/lib/android/sdk/platforms/android-35/data/res/values-mcc310-mnc280-km: Cannot change mode to rwxr-xr-x: Operation not permitted
build	Cache Android SDK	2026-06-06T12:22:46.1429154Z /usr/bin/tar: ../../../../../usr/local/lib/android/sdk/platforms/android-35/data/res/values-mcc310-mnc150-et: Cannot utime: Operation not permitted
build	Cache Android SDK	2026-06-06T12:22:46.1429594Z /usr/bin/tar: ../../../../../usr/local/lib/android/sdk/platforms/android-35/data/res/values-mcc310-mnc150-et: Cannot change mode to rwxr-xr-x: Operation not permitted
build	Cache Android SDK	2026-06-06T12:22:46.1432280Z /usr/bin/tar: ../../../../../usr/local/lib/android/sdk/platforms/android-35/data/res/values-mcc310-mnc800-tl: Cannot utime: Operation not permitted
build	Cache Android SDK	2026-06-06T12:22:46.1432732Z /usr/bin/tar: ../../../../../usr/local/lib/android/sdk/platforms/android-35/data/res/values-mcc310-mnc800-tl: Cannot change mode to rwxr-xr-x: Operation not permitted
build	Cache Android SDK	2026-06-06T12:22:46.1435937Z /usr/bin/tar: ../../../../../usr/local/lib/android/sdk/platforms/android-35/data/res/values-mcc312-mnc670-bn: Cannot utime: Operation not permitted
build	Cache Android SDK	2026-06-06T12:22:46.1436399Z /usr/bin/tar: ../../../../../usr/local/lib/android/sdk/platforms/android-35/data/res/values-mcc312-mnc670-bn: Cannot change mode to rwxr-xr-x: Operation not permitted
build	Cache Android SDK	2026-06-06T12:22:46.1439799Z /usr/bin/tar: ../../../../../usr/local/lib/android/sdk/platforms/android-35/data/res/values-mcc234-mnc91: Cannot utime: Operation not permitted
build	Cache Android SDK	2026-06-06T12:22:46.1440625Z /usr/bin/tar: ../../../../../usr/local/lib/android/sdk/platforms/android-35/data/res/values-mcc234-mnc91: Cannot change mode to rwxr-xr-x: Operation not permitted
build	Cache Android SDK	2026-06-06T12:22:46.1442780Z /usr/bin/tar: ../../../../../usr/local/lib/android/sdk/platforms/android-35/data/res/values-mcc310-mnc210-hu: Cannot utime: Operation not permitted
build	Cache Android SDK	2026-06-06T12:22:46.1443237Z /usr/bin/tar: ../../../../../usr/local/lib/android/sdk/platforms/android-35/data/res/values-mcc310-mnc210-hu: Cannot change mode to rwxr-xr-x: Operation not permitted
build	Cache Android SDK	2026-06-06T12:22:46.1445841Z /usr/bin/tar: ../../../../../usr/local/lib/android/sdk/platforms/android-35/data/res/values-mcc310-mnc200-ne: Cannot utime: Operation not permitted
build	Cache Android SDK	2026-06-06T12:22:46.1446296Z /usr/bin/tar: ../../../../../usr/local/lib/android/sdk/platforms/android-35/data/res/values-mcc310-mnc200-ne: Cannot change mode to rwxr-xr-x: Operation not permitted
build	Cache Android SDK	2026-06-06T12:22:46.1448770Z /usr/bin/tar: ../../../../../usr/local/lib/android/sdk/platforms/android-35/data/res/values-mcc240-mnc05: Cannot utime: Operation not permitted
build	Cache Android SDK	2026-06-06T12:22:46.1449201Z /usr/bin/tar: ../../../../../usr/local/lib/android/sdk/platforms/android-35/data/res/values-mcc240-mnc05: Cannot change mode to rwxr-xr-x: Operation not permitted
build	Cache Android SDK	2026-06-06T12:22:46.1452315Z /usr/bin/tar: ../../../../../usr/local/lib/android/sdk/platforms/android-35/data/res/values-mcc312-mnc670-et: Cannot utime: Operation not permitted
build	Cache Android SDK	2026-06-06T12:22:46.1452764Z /usr/bin/tar: ../../../../../usr/local/lib/android/sdk/platforms/android-35/data/res/values-mcc312-mnc670-et: Cannot change mode to rwxr-xr-x: Operation not permitted
build	Cache Android SDK	2026-06-06T12:22:46.1455514Z /usr/bin/tar: ../../../../../usr/local/lib/android/sdk/platforms/android-35/data/res/values-mcc334-mnc020-bn: Cannot utime: Operation not permitted
build	Cache Android SDK	2026-06-06T12:22:46.1455957Z /usr/bin/tar: ../../../../../usr/local/lib/android/sdk/platforms/android-35/data/res/values-mcc334-mnc020-bn: Cannot change mode to rwxr-xr-x: Operation not permitted
build	Cache Android SDK	2026-06-06T12:22:46.1458618Z /usr/bin/tar: ../../../../../usr/local/lib/android/sdk/platforms/android-35/data/res/values-sw600dp-w960dp: Cannot utime: Operation not permitted
build	Cache Android SDK	2026-06-06T12:22:46.1459055Z /usr/bin/tar: ../../../../../usr/local/lib/android/sdk/platforms/android-35/data/res/values-sw600dp-w960dp: Cannot change mode to rwxr-xr-x: Operation not permitted
build	Cache Android SDK	2026-06-06T12:22:46.1462021Z /usr/bin/tar: ../../../../../usr/local/lib/android/sdk/platforms/android-35/data/res/values-mcc310-mnc660-is: Cannot utime: Operation not permitted
build	Cache Android SDK	2026-06-06T12:22:46.1462551Z /usr/bin/tar: ../../../../../usr/local/lib/android/sdk/platforms/android-35/data/res/values-mcc310-mnc660-is: Cannot change mode to rwxr-xr-x: Operation not permitted
build	Cache Android SDK	2026-06-06T12:22:46.1465113Z /usr/bin/tar: ../../../../../usr/local/lib/android/sdk/platforms/android-35/data/res/values-fr-rBE: Cannot utime: Operation not permitted
build	Cache Android SDK	2026-06-06T12:22:46.1465527Z /usr/bin/tar: ../../../../../usr/local/lib/android/sdk/platforms/android-35/data/res/values-fr-rBE: Cannot change mode to rwxr-xr-x: Operation not permitted
build	Cache Android SDK	2026-06-06T12:22:46.1468129Z /usr/bin/tar: ../../../../../usr/local/lib/android/sdk/platforms/android-35/data/res/values-mcc312-mnc670-es: Cannot utime: Operation not permitted
build	Cache Android SDK	2026-06-06T12:22:46.1468564Z /usr/bin/tar: ../../../../../usr/local/lib/android/sdk/platforms/android-35/data/res/values-mcc312-mnc670-es: Cannot change mode to rwxr-xr-x: Operation not permitted
build	Cache Android SDK	2026-06-06T12:22:46.1471451Z /usr/bin/tar: ../../../../../usr/local/lib/android/sdk/platforms/android-35/data/res/values-mcc310-mnc380-gu: Cannot utime: Operation not permitted
build	Cache Android SDK	2026-06-06T12:22:46.1471896Z /usr/bin/tar: ../../../../../usr/local/lib/android/sdk/platforms/android-35/data/res/values-mcc310-mnc380-gu: Cannot change mode to rwxr-xr-x: Operation not permitted
build	Cache Android SDK	2026-06-06T12:22:46.1474417Z /usr/bin/tar: ../../../../../usr/local/lib/android/sdk/platforms/android-35/data/res/values-mcc334-mnc020-uz: Cannot utime: Operation not permitted
build	Cache Android SDK	2026-06-06T12:22:46.1474863Z /usr/bin/tar: ../../../../../usr/local/lib/android/sdk/platforms/android-35/data/res/values-mcc334-mnc020-uz: Cannot change mode to rwxr-xr-x: Operation not permitted
build	Cache Android SDK	2026-06-06T12:22:46.1478273Z /usr/bin/tar: ../../../../../usr/local/lib/android/sdk/platforms/android-35/data/res/values-mcc302-mnc720-b+sr+Latn: Cannot utime: Operation not permitted
build	Cache Android SDK	2026-06-06T12:22:46.1478751Z /usr/bin/tar: ../../../../../usr/local/lib/android/sdk/platforms/android-35/data/res/values-mcc302-mnc720-b+sr+Latn: Cannot change mode to rwxr-xr-x: Operation not permitted
build	Cache Android SDK	2026-06-06T12:22:46.1483853Z /usr/bin/tar: ../../../../../usr/local/lib/android/sdk/platforms/android-35/data/res/values-af: Cannot utime: Operation not permitted
build	Cache Android SDK	2026-06-06T12:22:46.1484277Z /usr/bin/tar: ../../../../../usr/local/lib/android/sdk/platforms/android-35/data/res/values-af: Cannot change mode to rwxr-xr-x: Operation not permitted
build	Cache Android SDK	2026-06-06T12:22:46.1486563Z /usr/bin/tar: ../../../../../usr/local/lib/android/sdk/platforms/android-35/data/res/values-mcc334-mnc020-sk: Cannot utime: Operation not permitted
build	Cache Android SDK	2026-06-06T12:22:46.1487006Z /usr/bin/tar: ../../../../../usr/local/lib/android/sdk/platforms/android-35/data/res/values-mcc334-mnc020-sk: Cannot change mode to rwxr-xr-x: Operation not permitted
build	Cache Android SDK	2026-06-06T12:22:46.1489967Z /usr/bin/tar: ../../../../../usr/local/lib/android/sdk/platforms/android-35/data/res/values-mcc312-mnc670-de: Cannot utime: Operation not permitted
build	Cache Android SDK	2026-06-06T12:22:46.1492606Z /usr/bin/tar: ../../../../../usr/local/lib/android/sdk/platforms/android-35/data/res/values-mcc312-mnc670-de: Cannot change mode to rwxr-xr-x: Operation not permitted
build	Cache Android SDK	2026-06-06T12:22:46.1493170Z /usr/bin/tar: ../../../../../usr/local/lib/android/sdk/platforms/android-35/data/res/values-mcc310-mnc950-iw: Cannot utime: Operation not permitted
build	Cache Android SDK	2026-06-06T12:22:46.1493610Z /usr/bin/tar: ../../../../../usr/local/lib/android/sdk/platforms/android-35/data/res/values-mcc310-mnc950-iw: Cannot change mode to rwxr-xr-x: Operation not permitted
build	Cache Android SDK	2026-06-06T12:22:46.1496044Z /usr/bin/tar: ../../../../../usr/local/lib/android/sdk/platforms/android-35/data/res/values-mcc302-mnc370-de: Cannot utime: Operation not permitted
build	Cache Android SDK	2026-06-06T12:22:46.1496487Z /usr/bin/tar: ../../../../../usr/local/lib/android/sdk/platforms/android-35/data/res/values-mcc302-mnc370-de: Cannot change mode to rwxr-xr-x: Operation not permitted
build	Cache Android SDK	2026-06-06T12:22:46.1499200Z /usr/bin/tar: ../../../../../usr/local/lib/android/sdk/platforms/android-35/data/res/values-mcc310-mnc310-be: Cannot utime: Operation not permitted
build	Cache Android SDK	2026-06-06T12:22:46.1499647Z /usr/bin/tar: ../../../../../usr/local/lib/android/sdk/platforms/android-35/data/res/values-mcc310-mnc310-be: Cannot change mode to rwxr-xr-x: Operation not permitted
build	Cache Android SDK	2026-06-06T12:22:46.1502150Z /usr/bin/tar: ../../../../../usr/local/lib/android/sdk/platforms/android-35/data/res/values-da-watch: Cannot utime: Operation not permitted
build	Cache Android SDK	2026-06-06T12:22:46.1502577Z /usr/bin/tar: ../../../../../usr/local/lib/android/sdk/platforms/android-35/data/res/values-da-watch: Cannot change mode to rwxr-xr-x: Operation not permitted
build	Cache Android SDK	2026-06-06T12:22:46.1505310Z /usr/bin/tar: ../../../../../usr/local/lib/android/sdk/platforms/android-35/data/res/values-mcc312-mnc670-fr-rCA: Cannot utime: Operation not permitted
build	Cache Android SDK	2026-06-06T12:22:46.1505778Z /usr/bin/tar: ../../../../../usr/local/lib/android/sdk/platforms/android-35/data/res/values-mcc312-mnc670-fr-rCA: Cannot change mode to rwxr-xr-x: Operation not permitted
build	Cache Android SDK	2026-06-06T12:22:46.1508813Z /usr/bin/tar: ../../../../../usr/local/lib/android/sdk/platforms/android-35/data/res/values-mcc310-mnc410-lt: Cannot utime: Operation not permitted
build	Cache Android SDK	2026-06-06T12:22:46.1509263Z /usr/bin/tar: ../../../../../usr/local/lib/android/sdk/platforms/android-35/data/res/values-mcc310-mnc410-lt: Cannot change mode to rwxr-xr-x: Operation not permitted
build	Cache Android SDK	2026-06-06T12:22:46.1512011Z /usr/bin/tar: ../../../../../usr/local/lib/android/sdk/platforms/android-35/data/res/values-mcc311-mnc180-am: Cannot utime: Operation not permitted
build	Cache Android SDK	2026-06-06T12:22:46.1512451Z /usr/bin/tar: ../../../../../usr/local/lib/android/sdk/platforms/android-35/data/res/values-mcc311-mnc180-am: Cannot change mode to rwxr-xr-x: Operation not permitted
build	Cache Android SDK	2026-06-06T12:22:46.1515129Z /usr/bin/tar: ../../../../../usr/local/lib/android/sdk/platforms/android-35/data/res/values-mcc310-mnc410-pt-rBR: Cannot utime: Operation not permitted
build	Cache Android SDK	2026-06-06T12:22:46.1515594Z /usr/bin/tar: ../../../../../usr/local/lib/android/sdk/platforms/android-35/data/res/values-mcc310-mnc410-pt-rBR: Cannot change mode to rwxr-xr-x: Operation not permitted
build	Cache Android SDK	2026-06-06T12:22:46.1517991Z /usr/bin/tar: ../../../../../usr/local/lib/android/sdk/platforms/android-35/data/res/layout-television: Cannot utime: Operation not permitted
build	Cache Android SDK	2026-06-06T12:22:46.1518420Z /usr/bin/tar: ../../../../../usr/local/lib/android/sdk/platforms/android-35/data/res/layout-television: Cannot change mode to rwxr-xr-x: Operation not permitted
build	Cache Android SDK	2026-06-06T12:22:46.1520781Z /usr/bin/tar: ../../../../../usr/local/lib/android/sdk/platforms/android-35/data/res/values-mcc001-mnc01-hy: Cannot utime: Operation not permitted
build	Cache Android SDK	2026-06-06T12:22:46.1521230Z /usr/bin/tar: ../../../../../usr/local/lib/android/sdk/platforms/android-35/data/res/values-mcc001-mnc01-hy: Cannot change mode to rwxr-xr-x: Operation not permitted
build	Cache Android SDK	2026-06-06T12:22:46.1523753Z /usr/bin/tar: ../../../../../usr/local/lib/android/sdk/platforms/android-35/data/res/values-mcc310-mnc800-fa: Cannot utime: Operation not permitted
build	Cache Android SDK	2026-06-06T12:22:46.1524210Z /usr/bin/tar: ../../../../../usr/local/lib/android/sdk/platforms/android-35/data/res/values-mcc310-mnc800-fa: Cannot change mode to rwxr-xr-x: Operation not permitted
build	Cache Android SDK	2026-06-06T12:22:46.1526977Z /usr/bin/tar: ../../../../../usr/local/lib/android/sdk/platforms/android-35/data/res/values-mcc310-mnc220-ru: Cannot utime: Operation not permitted
build	Cache Android SDK	2026-06-06T12:22:46.1527510Z /usr/bin/tar: ../../../../../usr/local/lib/android/sdk/platforms/android-35/data/res/values-mcc310-mnc220-ru: Cannot change mode to rwxr-xr-x: Operation not permitted
build	Cache Android SDK	2026-06-06T12:22:46.1530024Z /usr/bin/tar: ../../../../../usr/local/lib/android/sdk/platforms/android-35/data/res/values-mcc302-mnc370-as: Cannot utime: Operation not permitted
build	Cache Android SDK	2026-06-06T12:22:46.1530471Z /usr/bin/tar: ../../../../../usr/local/lib/android/sdk/platforms/android-35/data/res/values-mcc302-mnc370-as: Cannot change mode to rwxr-xr-x: Operation not permitted
build	Cache Android SDK	2026-06-06T12:22:46.1537868Z /usr/bin/tar: ../../../../../usr/local/lib/android/sdk/platforms/android-35/data/res/values-my: Cannot utime: Operation not permitted
build	Cache Android SDK	2026-06-06T12:22:46.1538415Z /usr/bin/tar: ../../../../../usr/local/lib/android/sdk/platforms/android-35/data/res/values-my: Cannot change mode to rwxr-xr-x: Operation not permitted
build	Cache Android SDK	2026-06-06T12:22:46.1543472Z /usr/bin/tar: ../../../../../usr/local/lib/android/sdk/platforms/android-35/data/res/values-h480dp: Cannot utime: Operation not permitted
build	Cache Android SDK	2026-06-06T12:22:46.1543920Z /usr/bin/tar: ../../../../../usr/local/lib/android/sdk/platforms/android-35/data/res/values-h480dp: Cannot change mode to rwxr-xr-x: Operation not permitted
build	Cache Android SDK	2026-06-06T12:22:46.1546160Z /usr/bin/tar: ../../../../../usr/local/lib/android/sdk/platforms/android-35/data/res/values-mcc310-mnc150-km: Cannot utime: Operation not permitted
build	Cache Android SDK	2026-06-06T12:22:46.1546619Z /usr/bin/tar: ../../../../../usr/local/lib/android/sdk/platforms/android-35/data/res/values-mcc310-mnc150-km: Cannot change mode to rwxr-xr-x: Operation not permitted
build	Cache Android SDK	2026-06-06T12:22:46.1550165Z /usr/bin/tar: ../../../../../usr/local/lib/android/sdk/platforms/android-35/data/res/values-mcc310-mnc410-in: Cannot utime: Operation not permitted
build	Cache Android SDK	2026-06-06T12:22:46.1551039Z /usr/bin/tar: ../../../../../usr/local/lib/android/sdk/platforms/android-35/data/res/values-mcc310-mnc410-in: Cannot change mode to rwxr-xr-x: Operation not permitted
build	Cache Android SDK	2026-06-06T12:22:46.1552734Z /usr/bin/tar: ../../../../../usr/local/lib/android/sdk/platforms/android-35/data/res/values-mcc310-mnc950: Cannot utime: Operation not permitted
build	Cache Android SDK	2026-06-06T12:22:46.1553184Z /usr/bin/tar: ../../../../../usr/local/lib/android/sdk/platforms/android-35/data/res/values-mcc310-mnc950: Cannot change mode to rwxr-xr-x: Operation not permitted
build	Cache Android SDK	2026-06-06T12:22:46.1555937Z /usr/bin/tar: ../../../../../usr/local/lib/android/sdk/platforms/android-35/data/res/values-mcc310-mnc220-mn: Cannot utime: Operation not permitted
build	Cache Android SDK	2026-06-06T12:22:46.1556401Z /usr/bin/tar: ../../../../../usr/local/lib/android/sdk/platforms/android-35/data/res/values-mcc310-mnc220-mn: Cannot change mode to rwxr-xr-x: Operation not permitted
build	Cache Android SDK	2026-06-06T12:22:46.1559125Z /usr/bin/tar: ../../../../../usr/local/lib/android/sdk/platforms/android-35/data/res/values-mcc310-mnc950-ml: Cannot utime: Operation not permitted
build	Cache Android SDK	2026-06-06T12:22:46.1559595Z /usr/bin/tar: ../../../../../usr/local/lib/android/sdk/platforms/android-35/data/res/values-mcc310-mnc950-ml: Cannot change mode to rwxr-xr-x: Operation not permitted
build	Cache Android SDK	2026-06-06T12:22:46.1563329Z /usr/bin/tar: ../../../../../usr/local/lib/android/sdk/platforms/android-35/data/res/interpolator-watch: Cannot utime: Operation not permitted
build	Cache Android SDK	2026-06-06T12:22:46.1563793Z /usr/bin/tar: ../../../../../usr/local/lib/android/sdk/platforms/android-35/data/res/interpolator-watch: Cannot change mode to rwxr-xr-x: Operation not permitted
build	Cache Android SDK	2026-06-06T12:22:46.1569982Z /usr/bin/tar: ../../../../../usr/local/lib/android/sdk/platforms/android-35/data/res/values-lt: Cannot utime: Operation not permitted
build	Cache Android SDK	2026-06-06T12:22:46.1570752Z /usr/bin/tar: ../../../../../usr/local/lib/android/sdk/platforms/android-35/data/res/values-lt: Cannot change mode to rwxr-xr-x: Operation not permitted
build	Cache Android SDK	2026-06-06T12:22:46.1573600Z /usr/bin/tar: ../../../../../usr/local/lib/android/sdk/platforms/android-35/data/res/values-mcc310-mnc270-zu: Cannot utime: Operation not permitted
build	Cache Android SDK	2026-06-06T12:22:46.1574076Z /usr/bin/tar: ../../../../../usr/local/lib/android/sdk/platforms/android-35/data/res/values-mcc310-mnc270-zu: Cannot change mode to rwxr-xr-x: Operation not permitted
build	Cache Android SDK	2026-06-06T12:22:46.1576785Z /usr/bin/tar: ../../../../../usr/local/lib/android/sdk/platforms/android-35/data/res/values-sr-television: Cannot utime: Operation not permitted
build	Cache Android SDK	2026-06-06T12:22:46.1577316Z /usr/bin/tar: ../../../../../usr/local/lib/android/sdk/platforms/android-35/data/res/values-sr-television: Cannot change mode to rwxr-xr-x: Operation not permitted
build	Cache Android SDK	2026-06-06T12:22:46.1579700Z /usr/bin/tar: ../../../../../usr/local/lib/android/sdk/platforms/android-35/data/res/values-mcc312-mnc670-pt-rPT: Cannot utime: Operation not permitted
build	Cache Android SDK	2026-06-06T12:22:46.1580242Z /usr/bin/tar: ../../../../../usr/local/lib/android/sdk/platforms/android-35/data/res/values-mcc312-mnc670-pt-rPT: Cannot change mode to rwxr-xr-x: Operation not permitted
build	Cache Android SDK	2026-06-06T12:22:46.1582513Z /usr/bin/tar: ../../../../../usr/local/lib/android/sdk/platforms/android-35/data/res/values-bg-rBG: Cannot utime: Operation not permitted
build	Cache Android SDK	2026-06-06T12:22:46.1583026Z /usr/bin/tar: ../../../../../usr/local/lib/android/sdk/platforms/android-35/data/res/values-bg-rBG: Cannot change mode to rwxr-xr-x: Operation not permitted
build	Cache Android SDK	2026-06-06T12:22:46.1585591Z /usr/bin/tar: ../../../../../usr/local/lib/android/sdk/platforms/android-35/data/res/values-mcc310-mnc270-ko: Cannot utime: Operation not permitted
build	Cache Android SDK	2026-06-06T12:22:46.1586122Z /usr/bin/tar: ../../../../../usr/local/lib/android/sdk/platforms/android-35/data/res/values-mcc310-mnc270-ko: Cannot change mode to rwxr-xr-x: Operation not permitted
build	Cache Android SDK	2026-06-06T12:22:46.1588741Z /usr/bin/tar: ../../../../../usr/local/lib/android/sdk/platforms/android-35/data/res/values-mcc334-mnc020-nb: Cannot utime: Operation not permitted
build	Cache Android SDK	2026-06-06T12:22:46.1589292Z /usr/bin/tar: ../../../../../usr/local/lib/android/sdk/platforms/android-35/data/res/values-mcc334-mnc020-nb: Cannot change mode to rwxr-xr-x: Operation not permitted
build	Cache Android SDK	2026-06-06T12:22:46.1592024Z /usr/bin/tar: ../../../../../usr/local/lib/android/sdk/platforms/android-35/data/res/values-mcc310-mnc150-en-rGB: Cannot utime: Operation not permitted
build	Cache Android SDK	2026-06-06T12:22:46.1592532Z /usr/bin/tar: ../../../../../usr/local/lib/android/sdk/platforms/android-35/data/res/values-mcc310-mnc150-en-rGB: Cannot change mode to rwxr-xr-x: Operation not permitted
build	Cache Android SDK	2026-06-06T12:22:46.1594722Z /usr/bin/tar: ../../../../../usr/local/lib/android/sdk/platforms/android-35/data/res/values-mcc310-mnc380-en-rIN: Cannot utime: Operation not permitted
build	Cache Android SDK	2026-06-06T12:22:46.1595190Z /usr/bin/tar: ../../../../../usr/local/lib/android/sdk/platforms/android-35/data/res/values-mcc310-mnc380-en-rIN: Cannot change mode to rwxr-xr-x: Operation not permitted
build	Cache Android SDK	2026-06-06T12:22:46.1597802Z /usr/bin/tar: ../../../../../usr/local/lib/android/sdk/platforms/android-35/data/res/values-mcc310-mnc490-en-rAU: Cannot utime: Operation not permitted
build	Cache Android SDK	2026-06-06T12:22:46.1598314Z /usr/bin/tar: ../../../../../usr/local/lib/android/sdk/platforms/android-35/data/res/values-mcc310-mnc490-en-rAU: Cannot change mode to rwxr-xr-x: Operation not permitted
build	Cache Android SDK	2026-06-06T12:22:46.1600895Z /usr/bin/tar: ../../../../../usr/local/lib/android/sdk/platforms/android-35/data/res/values-mcc310-mnc380-vi: Cannot utime: Operation not permitted
build	Cache Android SDK	2026-06-06T12:22:46.1601349Z /usr/bin/tar: ../../../../../usr/local/lib/android/sdk/platforms/android-35/data/res/values-mcc310-mnc380-vi: Cannot change mode to rwxr-xr-x: Operation not permitted
build	Cache Android SDK	2026-06-06T12:22:46.1603590Z /usr/bin/tar: ../../../../../usr/local/lib/android/sdk/platforms/android-35/data/res/values-mcc310-mnc220-km: Cannot utime: Operation not permitted
build	Cache Android SDK	2026-06-06T12:22:46.1604097Z /usr/bin/tar: ../../../../../usr/local/lib/android/sdk/platforms/android-35/data/res/values-mcc310-mnc220-km: Cannot change mode to rwxr-xr-x: Operation not permitted
build	Cache Android SDK	2026-06-06T12:22:46.1606740Z /usr/bin/tar: ../../../../../usr/local/lib/android/sdk/platforms/android-35/data/res/values-mcc311-mnc180-b+sr+Latn: Cannot utime: Operation not permitted
build	Cache Android SDK	2026-06-06T12:22:46.1607218Z /usr/bin/tar: ../../../../../usr/local/lib/android/sdk/platforms/android-35/data/res/values-mcc311-mnc180-b+sr+Latn: Cannot change mode to rwxr-xr-x: Operation not permitted
build	Cache Android SDK	2026-06-06T12:22:46.1609807Z /usr/bin/tar: ../../../../../usr/local/lib/android/sdk/platforms/android-35/data/res/values-mcc313-mnc100-tr: Cannot utime: Operation not permitted
build	Cache Android SDK	2026-06-06T12:22:46.1610260Z /usr/bin/tar: ../../../../../usr/local/lib/android/sdk/platforms/android-35/data/res/values-mcc313-mnc100-tr: Cannot change mode to rwxr-xr-x: Operation not permitted
build	Cache Android SDK	2026-06-06T12:22:46.1612767Z /usr/bin/tar: ../../../../../usr/local/lib/android/sdk/platforms/android-35/data/res/values-mcc234-mnc15: Cannot utime: Operation not permitted
build	Cache Android SDK	2026-06-06T12:22:46.1613244Z /usr/bin/tar: ../../../../../usr/local/lib/android/sdk/platforms/android-35/data/res/values-mcc234-mnc15: Cannot change mode to rwxr-xr-x: Operation not permitted
build	Cache Android SDK	2026-06-06T12:22:46.1615719Z /usr/bin/tar: ../../../../../usr/local/lib/android/sdk/platforms/android-35/data/res/values-or-watch: Cannot utime: Operation not permitted
build	Cache Android SDK	2026-06-06T12:22:46.1616160Z /usr/bin/tar: ../../../../../usr/local/lib/android/sdk/platforms/android-35/data/res/values-or-watch: Cannot change mode to rwxr-xr-x: Operation not permitted
build	Cache Android SDK	2026-06-06T12:22:46.1619504Z /usr/bin/tar: ../../../../../usr/local/lib/android/sdk/platforms/android-35/data/res/values-mcc262: Cannot utime: Operation not permitted
build	Cache Android SDK	2026-06-06T12:22:46.1620010Z /usr/bin/tar: ../../../../../usr/local/lib/android/sdk/platforms/android-35/data/res/values-mcc262: Cannot change mode to rwxr-xr-x: Operation not permitted
build	Cache Android SDK	2026-06-06T12:22:46.1622508Z /usr/bin/tar: ../../../../../usr/local/lib/android/sdk/platforms/android-35/data/res/values-mcc310-mnc160-lt: Cannot utime: Operation not permitted
build	Cache Android SDK	2026-06-06T12:22:46.1623066Z /usr/bin/tar: ../../../../../usr/local/lib/android/sdk/platforms/android-35/data/res/values-mcc310-mnc160-lt: Cannot change mode to rwxr-xr-x: Operation not permitted
build	Cache Android SDK	2026-06-06T12:22:46.1625501Z /usr/bin/tar: ../../../../../usr/local/lib/android/sdk/platforms/android-35/data/res/values-mcc310-mnc280-gu: Cannot utime: Operation not permitted
build	Cache Android SDK	2026-06-06T12:22:46.1625946Z /usr/bin/tar: ../../../../../usr/local/lib/android/sdk/platforms/android-35/data/res/values-mcc310-mnc280-gu: Cannot change mode to rwxr-xr-x: Operation not permitted
build	Cache Android SDK	2026-06-06T12:22:46.1628802Z /usr/bin/tar: ../../../../../usr/local/lib/android/sdk/platforms/android-35/data/res/values-mcc310-mnc030-sq: Cannot utime: Operation not permitted
build	Cache Android SDK	2026-06-06T12:22:46.1629258Z /usr/bin/tar: ../../../../../usr/local/lib/android/sdk/platforms/android-35/data/res/values-mcc310-mnc030-sq: Cannot change mode to rwxr-xr-x: Operation not permitted
build	Cache Android SDK	2026-06-06T12:22:46.1631820Z /usr/bin/tar: ../../../../../usr/local/lib/android/sdk/platforms/android-35/data/res/values-mcc310-mnc240-pt: Cannot utime: Operation not permitted
build	Cache Android SDK	2026-06-06T12:22:46.1632285Z /usr/bin/tar: ../../../../../usr/local/lib/android/sdk/platforms/android-35/data/res/values-mcc310-mnc240-pt: Cannot change mode to rwxr-xr-x: Operation not permitted
build	Cache Android SDK	2026-06-06T12:22:46.1635258Z /usr/bin/tar: ../../../../../usr/local/lib/android/sdk/platforms/android-35/data/res/values-mcc302-mnc370-es-rUS: Cannot utime: Operation not permitted
build	Cache Android SDK	2026-06-06T12:22:46.1635719Z /usr/bin/tar: ../../../../../usr/local/lib/android/sdk/platforms/android-35/data/res/values-mcc302-mnc370-es-rUS: Cannot change mode to rwxr-xr-x: Operation not permitted
build	Cache Android SDK	2026-06-06T12:22:46.1638277Z /usr/bin/tar: ../../../../../usr/local/lib/android/sdk/platforms/android-35/data/res/values-nl-watch: Cannot utime: Operation not permitted
build	Cache Android SDK	2026-06-06T12:22:46.1639243Z /usr/bin/tar: ../../../../../usr/local/lib/android/sdk/platforms/android-35/data/res/values-nl-watch: Cannot change mode to rwxr-xr-x: Operation not permitted
build	Cache Android SDK	2026-06-06T12:22:46.1645163Z /usr/bin/tar: ../../../../../usr/local/lib/android/sdk/platforms/android-35/data/res/values-cs: Cannot utime: Operation not permitted
build	Cache Android SDK	2026-06-06T12:22:46.1646078Z /usr/bin/tar: ../../../../../usr/local/lib/android/sdk/platforms/android-35/data/res/values-cs: Cannot change mode to rwxr-xr-x: Operation not permitted
build	Cache Android SDK	2026-06-06T12:22:46.1648471Z /usr/bin/tar: ../../../../../usr/local/lib/android/sdk/platforms/android-35/data/res/values-mcc311-mnc180-eu: Cannot utime: Operation not permitted
build	Cache Android SDK	2026-06-06T12:22:46.1649056Z /usr/bin/tar: ../../../../../usr/local/lib/android/sdk/platforms/android-35/data/res/values-mcc311-mnc180-eu: Cannot change mode to rwxr-xr-x: Operation not permitted
build	Cache Android SDK	2026-06-06T12:22:46.1651553Z /usr/bin/tar: ../../../../../usr/local/lib/android/sdk/platforms/android-35/data/res/values-mcc310-mnc210-km: Cannot utime: Operation not permitted
build	Cache Android SDK	2026-06-06T12:22:46.1652047Z /usr/bin/tar: ../../../../../usr/local/lib/android/sdk/platforms/android-35/data/res/values-mcc310-mnc210-km: Cannot change mode to rwxr-xr-x: Operation not permitted
build	Cache Android SDK	2026-06-06T12:22:46.1654189Z /usr/bin/tar: ../../../../../usr/local/lib/android/sdk/platforms/android-35/data/res/values-mcc313-mnc100-ja: Cannot utime: Operation not permitted
build	Cache Android SDK	2026-06-06T12:22:46.1654760Z /usr/bin/tar: ../../../../../usr/local/lib/android/sdk/platforms/android-35/data/res/values-mcc313-mnc100-ja: Cannot change mode to rwxr-xr-x: Operation not permitted
build	Cache Android SDK	2026-06-06T12:22:46.1657341Z /usr/bin/tar: ../../../../../usr/local/lib/android/sdk/platforms/android-35/data/res/values-mcc334-mnc020-sw: Cannot utime: Operation not permitted
build	Cache Android SDK	2026-06-06T12:22:46.1658001Z /usr/bin/tar: ../../../../../usr/local/lib/android/sdk/platforms/android-35/data/res/values-mcc334-mnc020-sw: Cannot change mode to rwxr-xr-x: Operation not permitted
build	Cache Android SDK	2026-06-06T12:22:46.1660793Z /usr/bin/tar: ../../../../../usr/local/lib/android/sdk/platforms/android-35/data/res/values-mcc310-mnc200-ta: Cannot utime: Operation not permitted
build	Cache Android SDK	2026-06-06T12:22:46.1661342Z /usr/bin/tar: ../../../../../usr/local/lib/android/sdk/platforms/android-35/data/res/values-mcc310-mnc200-ta: Cannot change mode to rwxr-xr-x: Operation not permitted
build	Cache Android SDK	2026-06-06T12:22:46.1663910Z /usr/bin/tar: ../../../../../usr/local/lib/android/sdk/platforms/android-35/data/res/values-mcc310-mnc800-kn: Cannot utime: Operation not permitted
build	Cache Android SDK	2026-06-06T12:22:46.1664514Z /usr/bin/tar: ../../../../../usr/local/lib/android/sdk/platforms/android-35/data/res/values-mcc310-mnc800-kn: Cannot change mode to rwxr-xr-x: Operation not permitted
build	Cache Android SDK	2026-06-06T12:22:46.1667847Z /usr/bin/tar: ../../../../../usr/local/lib/android/sdk/platforms/android-35/data/res/values-mcc310-mnc800: Cannot utime: Operation not permitted
build	Cache Android SDK	2026-06-06T12:22:46.1668338Z /usr/bin/tar: ../../../../../usr/local/lib/android/sdk/platforms/android-35/data/res/values-mcc310-mnc800: Cannot change mode to rwxr-xr-x: Operation not permitted
build	Cache Android SDK	2026-06-06T12:22:46.1670752Z /usr/bin/tar: ../../../../../usr/local/lib/android/sdk/platforms/android-35/data/res/values-mcc310-mnc410-en-rXC: Cannot utime: Operation not permitted
build	Cache Android SDK	2026-06-06T12:22:46.1671247Z /usr/bin/tar: ../../../../../usr/local/lib/android/sdk/platforms/android-35/data/res/values-mcc310-mnc410-en-rXC: Cannot change mode to rwxr-xr-x: Operation not permitted
build	Cache Android SDK	2026-06-06T12:22:46.1673817Z /usr/bin/tar: ../../../../../usr/local/lib/android/sdk/platforms/android-35/data/res/values-mcc310-mnc220-bn: Cannot utime: Operation not permitted
build	Cache Android SDK	2026-06-06T12:22:46.1674409Z /usr/bin/tar: ../../../../../usr/local/lib/android/sdk/platforms/android-35/data/res/values-mcc310-mnc220-bn: Cannot change mode to rwxr-xr-x: Operation not permitted
build	Cache Android SDK	2026-06-06T12:22:46.1676286Z /usr/bin/tar: ../../../../../usr/local/lib/android/sdk/platforms/android-35/data/res/values-mcc310-mnc490-ca: Cannot utime: Operation not permitted
build	Cache Android SDK	2026-06-06T12:22:46.1676740Z /usr/bin/tar: ../../../../../usr/local/lib/android/sdk/platforms/android-35/data/res/values-mcc310-mnc490-ca: Cannot change mode to rwxr-xr-x: Operation not permitted
build	Cache Android SDK	2026-06-06T12:22:46.1679633Z /usr/bin/tar: ../../../../../usr/local/lib/android/sdk/platforms/android-35/data/res/values-en-rAU-watch: Cannot utime: Operation not permitted
build	Cache Android SDK	2026-06-06T12:22:46.1680192Z /usr/bin/tar: ../../../../../usr/local/lib/android/sdk/platforms/android-35/data/res/values-en-rAU-watch: Cannot change mode to rwxr-xr-x: Operation not permitted
build	Cache Android SDK	2026-06-06T12:22:46.1682604Z /usr/bin/tar: ../../../../../usr/local/lib/android/sdk/platforms/android-35/data/res/values-mcc310-mnc220-et: Cannot utime: Operation not permitted
build	Cache Android SDK	2026-06-06T12:22:46.1683053Z /usr/bin/tar: ../../../../../usr/local/lib/android/sdk/platforms/android-35/data/res/values-mcc310-mnc220-et: Cannot change mode to rwxr-xr-x: Operation not permitted
build	Cache Android SDK	2026-06-06T12:22:46.1686226Z /usr/bin/tar: ../../../../../usr/local/lib/android/sdk/platforms/android-35/data/res/values-w195dp: Cannot utime: Operation not permitted
build	Cache Android SDK	2026-06-06T12:22:46.1686657Z /usr/bin/tar: ../../../../../usr/local/lib/android/sdk/platforms/android-35/data/res/values-w195dp: Cannot change mode to rwxr-xr-x: Operation not permitted
build	Cache Android SDK	2026-06-06T12:22:46.1689301Z /usr/bin/tar: ../../../../../usr/local/lib/android/sdk/platforms/android-35/data/res/values-mcc310-mnc410-is: Cannot utime: Operation not permitted
build	Cache Android SDK	2026-06-06T12:22:46.1689837Z /usr/bin/tar: ../../../../../usr/local/lib/android/sdk/platforms/android-35/data/res/values-mcc310-mnc410-is: Cannot change mode to rwxr-xr-x: Operation not permitted
build	Cache Android SDK	2026-06-06T12:22:46.1692245Z /usr/bin/tar: ../../../../../usr/local/lib/android/sdk/platforms/android-35/data/res/values-mcc302-mnc370-vi: Cannot utime: Operation not permitted
build	Cache Android SDK	2026-06-06T12:22:46.1692712Z /usr/bin/tar: ../../../../../usr/local/lib/android/sdk/platforms/android-35/data/res/values-mcc302-mnc370-vi: Cannot change mode to rwxr-xr-x: Operation not permitted
build	Cache Android SDK	2026-06-06T12:22:46.1694993Z /usr/bin/tar: ../../../../../usr/local/lib/android/sdk/platforms/android-35/data/res/values-w426dp-h320dp: Cannot utime: Operation not permitted
build	Cache Android SDK	2026-06-06T12:22:46.1695571Z /usr/bin/tar: ../../../../../usr/local/lib/android/sdk/platforms/android-35/data/res/values-w426dp-h320dp: Cannot change mode to rwxr-xr-x: Operation not permitted
build	Cache Android SDK	2026-06-06T12:22:46.1698179Z /usr/bin/tar: ../../../../../usr/local/lib/android/sdk/platforms/android-35/data/res/values-mcc310-mnc200-iw: Cannot utime: Operation not permitted
build	Cache Android SDK	2026-06-06T12:22:46.1698808Z /usr/bin/tar: ../../../../../usr/local/lib/android/sdk/platforms/android-35/data/res/values-mcc310-mnc200-iw: Cannot change mode to rwxr-xr-x: Operation not permitted
build	Cache Android SDK	2026-06-06T12:22:46.1701513Z /usr/bin/tar: ../../../../../usr/local/lib/android/sdk/platforms/android-35/data/res/values-mcc001-mnc01-sl: Cannot utime: Operation not permitted
build	Cache Android SDK	2026-06-06T12:22:46.1702008Z /usr/bin/tar: ../../../../../usr/local/lib/android/sdk/platforms/android-35/data/res/values-mcc001-mnc01-sl: Cannot change mode to rwxr-xr-x: Operation not permitted
build	Cache Android SDK	2026-06-06T12:22:46.1704555Z /usr/bin/tar: ../../../../../usr/local/lib/android/sdk/platforms/android-35/data/res/values-mcc313-mnc100-ro: Cannot utime: Operation not permitted
build	Cache Android SDK	2026-06-06T12:22:46.1705033Z /usr/bin/tar: ../../../../../usr/local/lib/android/sdk/platforms/android-35/data/res/values-mcc313-mnc100-ro: Cannot change mode to rwxr-xr-x: Operation not permitted
build	Cache Android SDK	2026-06-06T12:22:46.1707863Z /usr/bin/tar: ../../../../../usr/local/lib/android/sdk/platforms/android-35/data/res/values-mcc001-mnc01-en-rGB: Cannot utime: Operation not permitted
build	Cache Android SDK	2026-06-06T12:22:46.1708348Z /usr/bin/tar: ../../../../../usr/local/lib/android/sdk/platforms/android-35/data/res/values-mcc001-mnc01-en-rGB: Cannot change mode to rwxr-xr-x: Operation not permitted
build	Cache Android SDK	2026-06-06T12:22:46.1711335Z /usr/bin/tar: ../../../../../usr/local/lib/android/sdk/platforms/android-35/data/res/values-mcc310-mnc230-et: Cannot utime: Operation not permitted
build	Cache Android SDK	2026-06-06T12:22:46.1711794Z /usr/bin/tar: ../../../../../usr/local/lib/android/sdk/platforms/android-35/data/res/values-mcc310-mnc230-et: Cannot change mode to rwxr-xr-x: Operation not permitted
build	Cache Android SDK	2026-06-06T12:22:46.1714822Z /usr/bin/tar: ../../../../../usr/local/lib/android/sdk/platforms/android-35/data/res/values-mcc313-mnc100-ko: Cannot utime: Operation not permitted
build	Cache Android SDK	2026-06-06T12:22:46.1715367Z /usr/bin/tar: ../../../../../usr/local/lib/android/sdk/platforms/android-35/data/res/values-mcc313-mnc100-ko: Cannot change mode to rwxr-xr-x: Operation not permitted
build	Cache Android SDK	2026-06-06T12:22:46.1718235Z /usr/bin/tar: ../../../../../usr/local/lib/android/sdk/platforms/android-35/data/res/values-mcc310-mnc380-fr: Cannot utime: Operation not permitted
build	Cache Android SDK	2026-06-06T12:22:46.1718691Z /usr/bin/tar: ../../../../../usr/local/lib/android/sdk/platforms/android-35/data/res/values-mcc310-mnc380-fr: Cannot change mode to rwxr-xr-x: Operation not permitted
build	Cache Android SDK	2026-06-06T12:22:46.1721895Z /usr/bin/tar: ../../../../../usr/local/lib/android/sdk/platforms/android-35/data/res/values-mcc310-mnc250-bn: Cannot utime: Operation not permitted
build	Cache Android SDK	2026-06-06T12:22:46.1722351Z /usr/bin/tar: ../../../../../usr/local/lib/android/sdk/platforms/android-35/data/res/values-mcc310-mnc250-bn: Cannot change mode to rwxr-xr-x: Operation not permitted
build	Cache Android SDK	2026-06-06T12:22:46.1725725Z /usr/bin/tar: ../../../../../usr/local/lib/android/sdk/platforms/android-35/data/res/values-mcc302-mnc720-lo: Cannot utime: Operation not permitted
build	Cache Android SDK	2026-06-06T12:22:46.1726253Z /usr/bin/tar: ../../../../../usr/local/lib/android/sdk/platforms/android-35/data/res/values-mcc302-mnc720-lo: Cannot change mode to rwxr-xr-x: Operation not permitted
build	Cache Android SDK	2026-06-06T12:22:46.1728770Z /usr/bin/tar: ../../../../../usr/local/lib/android/sdk/platforms/android-35/data/res/values-mcc310-mnc210-mn: Cannot utime: Operation not permitted
build	Cache Android SDK	2026-06-06T12:22:46.1729226Z /usr/bin/tar: ../../../../../usr/local/lib/android/sdk/platforms/android-35/data/res/values-mcc310-mnc210-mn: Cannot change mode to rwxr-xr-x: Operation not permitted
build	Cache Android SDK	2026-06-06T12:22:46.1732340Z /usr/bin/tar: ../../../../../usr/local/lib/android/sdk/platforms/android-35/data/res/values-mcc310-mnc230-gl: Cannot utime: Operation not permitted
build	Cache Android SDK	2026-06-06T12:22:46.1732906Z /usr/bin/tar: ../../../../../usr/local/lib/android/sdk/platforms/android-35/data/res/values-mcc310-mnc230-gl: Cannot change mode to rwxr-xr-x: Operation not permitted
build	Cache Android SDK	2026-06-06T12:22:46.1735218Z /usr/bin/tar: ../../../../../usr/local/lib/android/sdk/platforms/android-35/data/res/values-mcc310-mnc230-bg: Cannot utime: Operation not permitted
build	Cache Android SDK	2026-06-06T12:22:46.1735661Z /usr/bin/tar: ../../../../../usr/local/lib/android/sdk/platforms/android-35/data/res/values-mcc310-mnc230-bg: Cannot change mode to rwxr-xr-x: Operation not permitted
build	Cache Android SDK	2026-06-06T12:22:46.1738550Z /usr/bin/tar: ../../../../../usr/local/lib/android/sdk/platforms/android-35/data/res/values-mcc310-mnc250-pt: Cannot utime: Operation not permitted
build	Cache Android SDK	2026-06-06T12:22:46.1739176Z /usr/bin/tar: ../../../../../usr/local/lib/android/sdk/platforms/android-35/data/res/values-mcc310-mnc250-pt: Cannot change mode to rwxr-xr-x: Operation not permitted
build	Cache Android SDK	2026-06-06T12:22:46.1742602Z /usr/bin/tar: ../../../../../usr/local/lib/android/sdk/platforms/android-35/data/res/values-mcc310-mnc160-ko: Cannot utime: Operation not permitted
build	Cache Android SDK	2026-06-06T12:22:46.1743287Z /usr/bin/tar: ../../../../../usr/local/lib/android/sdk/platforms/android-35/data/res/values-mcc310-mnc160-ko: Cannot change mode to rwxr-xr-x: Operation not permitted
build	Cache Android SDK	2026-06-06T12:22:46.1745115Z /usr/bin/tar: ../../../../../usr/local/lib/android/sdk/platforms/android-35/data/res/values-mcc310-mnc410-sq: Cannot utime: Operation not permitted
build	Cache Android SDK	2026-06-06T12:22:46.1745703Z /usr/bin/tar: ../../../../../usr/local/lib/android/sdk/platforms/android-35/data/res/values-mcc310-mnc410-sq: Cannot change mode to rwxr-xr-x: Operation not permitted
build	Cache Android SDK	2026-06-06T12:22:46.1747876Z /usr/bin/tar: ../../../../../usr/local/lib/android/sdk/platforms/android-35/data/res/values-w480dp: Cannot utime: Operation not permitted
build	Cache Android SDK	2026-06-06T12:22:46.1748453Z /usr/bin/tar: ../../../../../usr/local/lib/android/sdk/platforms/android-35/data/res/values-w480dp: Cannot change mode to rwxr-xr-x: Operation not permitted
build	Cache Android SDK	2026-06-06T12:22:46.1750919Z /usr/bin/tar: ../../../../../usr/local/lib/android/sdk/platforms/android-35/data/res/values-mcc310-mnc560-is: Cannot utime: Operation not permitted
build	Cache Android SDK	2026-06-06T12:22:46.1751484Z /usr/bin/tar: ../../../../../usr/local/lib/android/sdk/platforms/android-35/data/res/values-mcc310-mnc560-is: Cannot change mode to rwxr-xr-x: Operation not permitted
build	Cache Android SDK	2026-06-06T12:22:46.1753962Z /usr/bin/tar: ../../../../../usr/local/lib/android/sdk/platforms/android-35/data/res/values-mn-watch: Cannot utime: Operation not permitted
build	Cache Android SDK	2026-06-06T12:22:46.1754402Z /usr/bin/tar: ../../../../../usr/local/lib/android/sdk/platforms/android-35/data/res/values-mn-watch: Cannot change mode to rwxr-xr-x: Operation not permitted
build	Cache Android SDK	2026-06-06T12:22:46.1757150Z /usr/bin/tar: ../../../../../usr/local/lib/android/sdk/platforms/android-35/data/res/values-mcc302-mnc720-ru: Cannot utime: Operation not permitted
build	Cache Android SDK	2026-06-06T12:22:46.1757781Z /usr/bin/tar: ../../../../../usr/local/lib/android/sdk/platforms/android-35/data/res/values-mcc302-mnc720-ru: Cannot change mode to rwxr-xr-x: Operation not permitted
build	Cache Android SDK	2026-06-06T12:22:46.1760299Z /usr/bin/tar: ../../../../../usr/local/lib/android/sdk/platforms/android-35/data/res/values-mcc310-mnc950-zh-rCN: Cannot utime: Operation not permitted
build	Cache Android SDK	2026-06-06T12:22:46.1760861Z /usr/bin/tar: ../../../../../usr/local/lib/android/sdk/platforms/android-35/data/res/values-mcc310-mnc950-zh-rCN: Cannot change mode to rwxr-xr-x: Operation not permitted
build	Cache Android SDK	2026-06-06T12:22:46.1763107Z /usr/bin/tar: ../../../../../usr/local/lib/android/sdk/platforms/android-35/data/res/values-mcc310-mnc950-cs: Cannot utime: Operation not permitted
build	Cache Android SDK	2026-06-06T12:22:46.1763561Z /usr/bin/tar: ../../../../../usr/local/lib/android/sdk/platforms/android-35/data/res/values-mcc310-mnc950-cs: Cannot change mode to rwxr-xr-x: Operation not permitted
build	Cache Android SDK	2026-06-06T12:22:46.1766414Z /usr/bin/tar: ../../../../../usr/local/lib/android/sdk/platforms/android-35/data/res/values-mcc310-mnc200-pt: Cannot utime: Operation not permitted
build	Cache Android SDK	2026-06-06T12:22:46.1766961Z /usr/bin/tar: ../../../../../usr/local/lib/android/sdk/platforms/android-35/data/res/values-mcc310-mnc200-pt: Cannot change mode to rwxr-xr-x: Operation not permitted
build	Cache Android SDK	2026-06-06T12:22:46.1769260Z /usr/bin/tar: ../../../../../usr/local/lib/android/sdk/platforms/android-35/data/res/values-mcc310-mnc240-fr-rCA: Cannot utime: Operation not permitted
build	Cache Android SDK	2026-06-06T12:22:46.1769733Z /usr/bin/tar: ../../../../../usr/local/lib/android/sdk/platforms/android-35/data/res/values-mcc310-mnc240-fr-rCA: Cannot change mode to rwxr-xr-x: Operation not permitted
build	Cache Android SDK	2026-06-06T12:22:46.1772518Z /usr/bin/tar: ../../../../../usr/local/lib/android/sdk/platforms/android-35/data/res/values-mcc311-mnc180-pl: Cannot utime: Operation not permitted
build	Cache Android SDK	2026-06-06T12:22:46.1772975Z /usr/bin/tar: ../../../../../usr/local/lib/android/sdk/platforms/android-35/data/res/values-mcc311-mnc180-pl: Cannot change mode to rwxr-xr-x: Operation not permitted
build	Cache Android SDK	2026-06-06T12:22:46.1775882Z /usr/bin/tar: ../../../../../usr/local/lib/android/sdk/platforms/android-35/data/res/values-ka-television: Cannot utime: Operation not permitted
build	Cache Android SDK	2026-06-06T12:22:46.1776355Z /usr/bin/tar: ../../../../../usr/local/lib/android/sdk/platforms/android-35/data/res/values-ka-television: Cannot change mode to rwxr-xr-x: Operation not permitted
build	Cache Android SDK	2026-06-06T12:22:46.1778997Z /usr/bin/tar: ../../../../../usr/local/lib/android/sdk/platforms/android-35/data/res/values-mcc310-mnc310-hr: Cannot utime: Operation not permitted
build	Cache Android SDK	2026-06-06T12:22:46.1779454Z /usr/bin/tar: ../../../../../usr/local/lib/android/sdk/platforms/android-35/data/res/values-mcc310-mnc310-hr: Cannot change mode to rwxr-xr-x: Operation not permitted
build	Cache Android SDK	2026-06-06T12:22:46.1785675Z /usr/bin/tar: ../../../../../usr/local/lib/android/sdk/platforms/android-35/data/res/animator: Cannot utime: Operation not permitted
build	Cache Android SDK	2026-06-06T12:22:46.1786102Z /usr/bin/tar: ../../../../../usr/local/lib/android/sdk/platforms/android-35/data/res/animator: Cannot change mode to rwxr-xr-x: Operation not permitted
build	Cache Android SDK	2026-06-06T12:22:46.1788680Z /usr/bin/tar: ../../../../../usr/local/lib/android/sdk/platforms/android-35/data/res/values-az-television: Cannot utime: Operation not permitted
build	Cache Android SDK	2026-06-06T12:22:46.1789248Z /usr/bin/tar: ../../../../../usr/local/lib/android/sdk/platforms/android-35/data/res/values-az-television: Cannot change mode to rwxr-xr-x: Operation not permitted
build	Cache Android SDK	2026-06-06T12:22:46.1796169Z /usr/bin/tar: ../../../../../usr/local/lib/android/sdk/platforms/android-35/data/res/values-en-rGB: Cannot utime: Operation not permitted
build	Cache Android SDK	2026-06-06T12:22:46.1796597Z /usr/bin/tar: ../../../../../usr/local/lib/android/sdk/platforms/android-35/data/res/values-en-rGB: Cannot change mode to rwxr-xr-x: Operation not permitted
build	Cache Android SDK	2026-06-06T12:22:46.1799895Z /usr/bin/tar: ../../../../../usr/local/lib/android/sdk/platforms/android-35/data/res/values-mcc310-mnc230-pt: Cannot utime: Operation not permitted
build	Cache Android SDK	2026-06-06T12:22:46.1800417Z /usr/bin/tar: ../../../../../usr/local/lib/android/sdk/platforms/android-35/data/res/values-mcc310-mnc230-pt: Cannot change mode to rwxr-xr-x: Operation not permitted
build	Cache Android SDK	2026-06-06T12:22:46.1803032Z /usr/bin/tar: ../../../../../usr/local/lib/android/sdk/platforms/android-35/data/res/values-mcc302-mnc370-bn: Cannot utime: Operation not permitted
build	Cache Android SDK	2026-06-06T12:22:46.1803710Z /usr/bin/tar: ../../../../../usr/local/lib/android/sdk/platforms/android-35/data/res/values-mcc302-mnc370-bn: Cannot change mode to rwxr-xr-x: Operation not permitted
build	Cache Android SDK	2026-06-06T12:22:46.1806496Z /usr/bin/tar: ../../../../../usr/local/lib/android/sdk/platforms/android-35/data/res/values-mcc310-mnc410-ro: Cannot utime: Operation not permitted
build	Cache Android SDK	2026-06-06T12:22:46.1806965Z /usr/bin/tar: ../../../../../usr/local/lib/android/sdk/platforms/android-35/data/res/values-mcc310-mnc410-ro: Cannot change mode to rwxr-xr-x: Operation not permitted
build	Cache Android SDK	2026-06-06T12:22:46.1809851Z /usr/bin/tar: ../../../../../usr/local/lib/android/sdk/platforms/android-35/data/res/values-mcc310-mnc170-en-rXC: Cannot utime: Operation not permitted
build	Cache Android SDK	2026-06-06T12:22:46.1810363Z /usr/bin/tar: ../../../../../usr/local/lib/android/sdk/platforms/android-35/data/res/values-mcc310-mnc170-en-rXC: Cannot change mode to rwxr-xr-x: Operation not permitted
build	Cache Android SDK	2026-06-06T12:22:46.1818767Z /usr/bin/tar: ../../../../../usr/local/lib/android/sdk/platforms/android-35/data/res/values-ka: Cannot utime: Operation not permitted
build	Cache Android SDK	2026-06-06T12:22:46.1819265Z /usr/bin/tar: ../../../../../usr/local/lib/android/sdk/platforms/android-35/data/res/values-ka: Cannot change mode to rwxr-xr-x: Operation not permitted
build	Cache Android SDK	2026-06-06T12:22:46.1820863Z /usr/bin/tar: ../../../../../usr/local/lib/android/sdk/platforms/android-35/data/res/values-ky-watch: Cannot utime: Operation not permitted
build	Cache Android SDK	2026-06-06T12:22:46.1821340Z /usr/bin/tar: ../../../../../usr/local/lib/android/sdk/platforms/android-35/data/res/values-ky-watch: Cannot change mode to rwxr-xr-x: Operation not permitted
build	Cache Android SDK	2026-06-06T12:22:46.1823953Z /usr/bin/tar: ../../../../../usr/local/lib/android/sdk/platforms/android-35/data/res/values-am-watch: Cannot utime: Operation not permitted
build	Cache Android SDK	2026-06-06T12:22:46.1824389Z /usr/bin/tar: ../../../../../usr/local/lib/android/sdk/platforms/android-35/data/res/values-am-watch: Cannot change mode to rwxr-xr-x: Operation not permitted
build	Cache Android SDK	2026-06-06T12:22:46.1827960Z /usr/bin/tar: ../../../../../usr/local/lib/android/sdk/platforms/android-35/data/res/values-mcc310-mnc004: Cannot utime: Operation not permitted
build	Cache Android SDK	2026-06-06T12:22:46.1828411Z /usr/bin/tar: ../../../../../usr/local/lib/android/sdk/platforms/android-35/data/res/values-mcc310-mnc004: Cannot change mode to rwxr-xr-x: Operation not permitted
build	Cache Android SDK	2026-06-06T12:22:46.1831412Z /usr/bin/tar: ../../../../../usr/local/lib/android/sdk/platforms/android-35/data/res/values-mcc310-mnc230-hu: Cannot utime: Operation not permitted
build	Cache Android SDK	2026-06-06T12:22:46.1831863Z /usr/bin/tar: ../../../../../usr/local/lib/android/sdk/platforms/android-35/data/res/values-mcc310-mnc230-hu: Cannot change mode to rwxr-xr-x: Operation not permitted
build	Cache Android SDK	2026-06-06T12:22:46.1834827Z /usr/bin/tar: ../../../../../usr/local/lib/android/sdk/platforms/android-35/data/res/values-mcc310-mnc660-hu: Cannot utime: Operation not permitted
build	Cache Android SDK	2026-06-06T12:22:46.1835405Z /usr/bin/tar: ../../../../../usr/local/lib/android/sdk/platforms/android-35/data/res/values-mcc310-mnc660-hu: Cannot change mode to rwxr-xr-x: Operation not permitted
build	Cache Android SDK	2026-06-06T12:22:46.1837984Z /usr/bin/tar: ../../../../../usr/local/lib/android/sdk/platforms/android-35/data/res/raw-es: Cannot utime: Operation not permitted
build	Cache Android SDK	2026-06-06T12:22:46.1838386Z /usr/bin/tar: ../../../../../usr/local/lib/android/sdk/platforms/android-35/data/res/raw-es: Cannot change mode to rwxr-xr-x: Operation not permitted
build	Cache Android SDK	2026-06-06T12:22:46.1841374Z /usr/bin/tar: ../../../../../usr/local/lib/android/sdk/platforms/android-35/data/res/values-mcc310-mnc220-ta: Cannot utime: Operation not permitted
build	Cache Android SDK	2026-06-06T12:22:46.1841830Z /usr/bin/tar: ../../../../../usr/local/lib/android/sdk/platforms/android-35/data/res/values-mcc310-mnc220-ta: Cannot change mode to rwxr-xr-x: Operation not permitted
build	Cache Android SDK	2026-06-06T12:22:46.1844974Z /usr/bin/tar: ../../../../../usr/local/lib/android/sdk/platforms/android-35/data/res/values-mcc302-mnc370-fa: Cannot utime: Operation not permitted
build	Cache Android SDK	2026-06-06T12:22:46.1845539Z /usr/bin/tar: ../../../../../usr/local/lib/android/sdk/platforms/android-35/data/res/values-mcc302-mnc370-fa: Cannot change mode to rwxr-xr-x: Operation not permitted
build	Cache Android SDK	2026-06-06T12:22:46.1849573Z /usr/bin/tar: ../../../../../usr/local/lib/android/sdk/platforms/android-35/data/res/values-mcc310-mnc270-en-rAU: Cannot utime: Operation not permitted
build	Cache Android SDK	2026-06-06T12:22:46.1850051Z /usr/bin/tar: ../../../../../usr/local/lib/android/sdk/platforms/android-35/data/res/values-mcc310-mnc270-en-rAU: Cannot change mode to rwxr-xr-x: Operation not permitted
build	Cache Android SDK	2026-06-06T12:22:46.1863150Z /usr/bin/tar: ../../../../../usr/local/lib/android/sdk/platforms/android-35/data/res/drawable-land-mdpi: Cannot utime: Operation not permitted
build	Cache Android SDK	2026-06-06T12:22:46.1863619Z /usr/bin/tar: ../../../../../usr/local/lib/android/sdk/platforms/android-35/data/res/drawable-land-mdpi: Cannot change mode to rwxr-xr-x: Operation not permitted
build	Cache Android SDK	2026-06-06T12:22:46.1866420Z /usr/bin/tar: ../../../../../usr/local/lib/android/sdk/platforms/android-35/data/res/values-mcc310-mnc210-ta: Cannot utime: Operation not permitted
build	Cache Android SDK	2026-06-06T12:22:46.1866889Z /usr/bin/tar: ../../../../../usr/local/lib/android/sdk/platforms/android-35/data/res/values-mcc310-mnc210-ta: Cannot change mode to rwxr-xr-x: Operation not permitted
build	Cache Android SDK	2026-06-06T12:22:46.1872353Z /usr/bin/tar: ../../../../../usr/local/lib/android/sdk/platforms/android-35/data/res/values-mcc310-mnc410-ko: Cannot utime: Operation not permitted
build	Cache Android SDK	2026-06-06T12:22:46.1872825Z /usr/bin/tar: ../../../../../usr/local/lib/android/sdk/platforms/android-35/data/res/values-mcc310-mnc410-ko: Cannot change mode to rwxr-xr-x: Operation not permitted
build	Cache Android SDK	2026-06-06T12:22:46.1875533Z /usr/bin/tar: ../../../../../usr/local/lib/android/sdk/platforms/android-35/data/res/values-mcc310-mnc030-ms: Cannot utime: Operation not permitted
build	Cache Android SDK	2026-06-06T12:22:46.1875983Z /usr/bin/tar: ../../../../../usr/local/lib/android/sdk/platforms/android-35/data/res/values-mcc310-mnc030-ms: Cannot change mode to rwxr-xr-x: Operation not permitted
build	Cache Android SDK	2026-06-06T12:22:46.1878909Z /usr/bin/tar: ../../../../../usr/local/lib/android/sdk/platforms/android-35/data/res/values-mcc310-mnc280-hi: Cannot utime: Operation not permitted
build	Cache Android SDK	2026-06-06T12:22:46.1879362Z /usr/bin/tar: ../../../../../usr/local/lib/android/sdk/platforms/android-35/data/res/values-mcc310-mnc280-hi: Cannot change mode to rwxr-xr-x: Operation not permitted
build	Cache Android SDK	2026-06-06T12:22:46.1882415Z /usr/bin/tar: ../../../../../usr/local/lib/android/sdk/platforms/android-35/data/res/values-mcc310-mnc310-ro: Cannot utime: Operation not permitted
build	Cache Android SDK	2026-06-06T12:22:46.1882871Z /usr/bin/tar: ../../../../../usr/local/lib/android/sdk/platforms/android-35/data/res/values-mcc310-mnc310-ro: Cannot change mode to rwxr-xr-x: Operation not permitted
build	Cache Android SDK	2026-06-06T12:22:46.1886049Z /usr/bin/tar: ../../../../../usr/local/lib/android/sdk/platforms/android-35/data/res/values-mcc310-mnc240-pt-rBR: Cannot utime: Operation not permitted
build	Cache Android SDK	2026-06-06T12:22:46.1886663Z /usr/bin/tar: ../../../../../usr/local/lib/android/sdk/platforms/android-35/data/res/values-mcc310-mnc240-pt-rBR: Cannot change mode to rwxr-xr-x: Operation not permitted
build	Cache Android SDK	2026-06-06T12:22:46.1889202Z /usr/bin/tar: ../../../../../usr/local/lib/android/sdk/platforms/android-35/data/res/values-mcc310-mnc490-fr: Cannot utime: Operation not permitted
build	Cache Android SDK	2026-06-06T12:22:46.1889657Z /usr/bin/tar: ../../../../../usr/local/lib/android/sdk/platforms/android-35/data/res/values-mcc310-mnc490-fr: Cannot change mode to rwxr-xr-x: Operation not permitted
build	Cache Android SDK	2026-06-06T12:22:46.1892794Z /usr/bin/tar: ../../../../../usr/local/lib/android/sdk/platforms/android-35/data/res/values-mcc310-mnc160-gu: Cannot utime: Operation not permitted
build	Cache Android SDK	2026-06-06T12:22:46.1893243Z /usr/bin/tar: ../../../../../usr/local/lib/android/sdk/platforms/android-35/data/res/values-mcc310-mnc160-gu: Cannot change mode to rwxr-xr-x: Operation not permitted
build	Cache Android SDK	2026-06-06T12:22:46.1897056Z /usr/bin/tar: ../../../../../usr/local/lib/android/sdk/platforms/android-35/data/res/values-mcc310-mnc150-es: Cannot utime: Operation not permitted
build	Cache Android SDK	2026-06-06T12:22:46.1898122Z /usr/bin/tar: ../../../../../usr/local/lib/android/sdk/platforms/android-35/data/res/values-mcc310-mnc150-es: Cannot change mode to rwxr-xr-x: Operation not permitted
build	Cache Android SDK	2026-06-06T12:22:46.1901282Z /usr/bin/tar: ../../../../../usr/local/lib/android/sdk/platforms/android-35/data/res/values-mcc310-mnc800-hi: Cannot utime: Operation not permitted
build	Cache Android SDK	2026-06-06T12:22:46.1901742Z /usr/bin/tar: ../../../../../usr/local/lib/android/sdk/platforms/android-35/data/res/values-mcc310-mnc800-hi: Cannot change mode to rwxr-xr-x: Operation not permitted
build	Cache Android SDK	2026-06-06T12:22:46.1905014Z /usr/bin/tar: ../../../../../usr/local/lib/android/sdk/platforms/android-35/data/res/values-mcc450-ko: Cannot utime: Operation not permitted
build	Cache Android SDK	2026-06-06T12:22:46.1905465Z /usr/bin/tar: ../../../../../usr/local/lib/android/sdk/platforms/android-35/data/res/values-mcc450-ko: Cannot change mode to rwxr-xr-x: Operation not permitted
build	Cache Android SDK	2026-06-06T12:22:46.1908566Z /usr/bin/tar: ../../../../../usr/local/lib/android/sdk/platforms/android-35/data/res/values-ml-television: Cannot utime: Operation not permitted
build	Cache Android SDK	2026-06-06T12:22:46.1909029Z /usr/bin/tar: ../../../../../usr/local/lib/android/sdk/platforms/android-35/data/res/values-ml-television: Cannot change mode to rwxr-xr-x: Operation not permitted
build	Cache Android SDK	2026-06-06T12:22:46.1912104Z /usr/bin/tar: ../../../../../usr/local/lib/android/sdk/platforms/android-35/data/res/values-mcc310-mnc240-vi: Cannot utime: Operation not permitted
build	Cache Android SDK	2026-06-06T12:22:46.1912563Z /usr/bin/tar: ../../../../../usr/local/lib/android/sdk/platforms/android-35/data/res/values-mcc310-mnc240-vi: Cannot change mode to rwxr-xr-x: Operation not permitted
build	Cache Android SDK	2026-06-06T12:22:46.1915455Z /usr/bin/tar: ../../../../../usr/local/lib/android/sdk/platforms/android-35/data/res/values-mcc311-mnc180-de: Cannot utime: Operation not permitted
build	Cache Android SDK	2026-06-06T12:22:46.1915925Z /usr/bin/tar: ../../../../../usr/local/lib/android/sdk/platforms/android-35/data/res/values-mcc311-mnc180-de: Cannot change mode to rwxr-xr-x: Operation not permitted
build	Cache Android SDK	2026-06-06T12:22:46.1918750Z /usr/bin/tar: ../../../../../usr/local/lib/android/sdk/platforms/android-35/data/res/values-mcc310-mnc210-pt-rBR: Cannot utime: Operation not permitted
build	Cache Android SDK	2026-06-06T12:22:46.1919239Z /usr/bin/tar: ../../../../../usr/local/lib/android/sdk/platforms/android-35/data/res/values-mcc310-mnc210-pt-rBR: Cannot change mode to rwxr-xr-x: Operation not permitted
build	Cache Android SDK	2026-06-06T12:22:46.1921576Z /usr/bin/tar: ../../../../../usr/local/lib/android/sdk/platforms/android-35/data/res/values-mcc732: Cannot utime: Operation not permitted
build	Cache Android SDK	2026-06-06T12:22:46.1921999Z /usr/bin/tar: ../../../../../usr/local/lib/android/sdk/platforms/android-35/data/res/values-mcc732: Cannot change mode to rwxr-xr-x: Operation not permitted
build	Cache Android SDK	2026-06-06T12:22:46.1925137Z /usr/bin/tar: ../../../../../usr/local/lib/android/sdk/platforms/android-35/data/res/values-mcc313-mnc100-zh-rHK: Cannot utime: Operation not permitted
build	Cache Android SDK	2026-06-06T12:22:46.1925610Z /usr/bin/tar: ../../../../../usr/local/lib/android/sdk/platforms/android-35/data/res/values-mcc313-mnc100-zh-rHK: Cannot change mode to rwxr-xr-x: Operation not permitted
build	Cache Android SDK	2026-06-06T12:22:46.1928489Z /usr/bin/tar: ../../../../../usr/local/lib/android/sdk/platforms/android-35/data/res/values-mcc334-mnc020-or: Cannot utime: Operation not permitted
build	Cache Android SDK	2026-06-06T12:22:46.1928936Z /usr/bin/tar: ../../../../../usr/local/lib/android/sdk/platforms/android-35/data/res/values-mcc334-mnc020-or: Cannot change mode to rwxr-xr-x: Operation not permitted
build	Cache Android SDK	2026-06-06T12:22:46.1931813Z /usr/bin/tar: ../../../../../usr/local/lib/android/sdk/platforms/android-35/data/res/values-mcc310-mnc150-in: Cannot utime: Operation not permitted
build	Cache Android SDK	2026-06-06T12:22:46.1932253Z /usr/bin/tar: ../../../../../usr/local/lib/android/sdk/platforms/android-35/data/res/values-mcc310-mnc150-in: Cannot change mode to rwxr-xr-x: Operation not permitted
build	Cache Android SDK	2026-06-06T12:22:46.1934835Z /usr/bin/tar: ../../../../../usr/local/lib/android/sdk/platforms/android-35/data/res/values-kn-television: Cannot utime: Operation not permitted
build	Cache Android SDK	2026-06-06T12:22:46.1935396Z /usr/bin/tar: ../../../../../usr/local/lib/android/sdk/platforms/android-35/data/res/values-kn-television: Cannot change mode to rwxr-xr-x: Operation not permitted
build	Cache Android SDK	2026-06-06T12:22:46.1938699Z /usr/bin/tar: ../../../../../usr/local/lib/android/sdk/platforms/android-35/data/res/values-mcc310-mnc410-cs: Cannot utime: Operation not permitted
build	Cache Android SDK	2026-06-06T12:22:46.1939150Z /usr/bin/tar: ../../../../../usr/local/lib/android/sdk/platforms/android-35/data/res/values-mcc310-mnc410-cs: Cannot change mode to rwxr-xr-x: Operation not permitted
build	Cache Android SDK	2026-06-06T12:22:46.1941985Z /usr/bin/tar: ../../../../../usr/local/lib/android/sdk/platforms/android-35/data/res/values-mcc310-mnc200-tr: Cannot utime: Operation not permitted
build	Cache Android SDK	2026-06-06T12:22:46.1942424Z /usr/bin/tar: ../../../../../usr/local/lib/android/sdk/platforms/android-35/data/res/values-mcc310-mnc200-tr: Cannot change mode to rwxr-xr-x: Operation not permitted
build	Cache Android SDK	2026-06-06T12:22:46.1945222Z /usr/bin/tar: ../../../../../usr/local/lib/android/sdk/platforms/android-35/data/res/values-mcc310-mnc030-sw: Cannot utime: Operation not permitted
build	Cache Android SDK	2026-06-06T12:22:46.1945676Z /usr/bin/tar: ../../../../../usr/local/lib/android/sdk/platforms/android-35/data/res/values-mcc310-mnc030-sw: Cannot change mode to rwxr-xr-x: Operation not permitted
build	Cache Android SDK	2026-06-06T12:22:46.1950020Z /usr/bin/tar: ../../../../../usr/local/lib/android/sdk/platforms/android-35/data/res/values-hi-rIN: Cannot utime: Operation not permitted
build	Cache Android SDK	2026-06-06T12:22:46.1950526Z /usr/bin/tar: ../../../../../usr/local/lib/android/sdk/platforms/android-35/data/res/values-hi-rIN: Cannot change mode to rwxr-xr-x: Operation not permitted
build	Cache Android SDK	2026-06-06T12:22:46.1953138Z /usr/bin/tar: ../../../../../usr/local/lib/android/sdk/platforms/android-35/data/res/values-mcc310-mnc170-sk: Cannot utime: Operation not permitted
build	Cache Android SDK	2026-06-06T12:22:46.1953634Z /usr/bin/tar: ../../../../../usr/local/lib/android/sdk/platforms/android-35/data/res/values-mcc310-mnc170-sk: Cannot change mode to rwxr-xr-x: Operation not permitted
build	Cache Android SDK	2026-06-06T12:22:46.1956003Z /usr/bin/tar: ../../../../../usr/local/lib/android/sdk/platforms/android-35/data/res/values-mcc310-mnc030-pt: Cannot utime: Operation not permitted
build	Cache Android SDK	2026-06-06T12:22:46.1956482Z /usr/bin/tar: ../../../../../usr/local/lib/android/sdk/platforms/android-35/data/res/values-mcc310-mnc030-pt: Cannot change mode to rwxr-xr-x: Operation not permitted
build	Cache Android SDK	2026-06-06T12:22:46.1959486Z /usr/bin/tar: ../../../../../usr/local/lib/android/sdk/platforms/android-35/data/res/values-mcc310-mnc150-b+sr+Latn: Cannot utime: Operation not permitted
build	Cache Android SDK	2026-06-06T12:22:46.1959992Z /usr/bin/tar: ../../../../../usr/local/lib/android/sdk/platforms/android-35/data/res/values-mcc310-mnc150-b+sr+Latn: Cannot change mode to rwxr-xr-x: Operation not permitted
build	Cache Android SDK	2026-06-06T12:22:46.1962408Z /usr/bin/tar: ../../../../../usr/local/lib/android/sdk/platforms/android-35/data/res/values-mcc310-mnc160-tl: Cannot utime: Operation not permitted
build	Cache Android SDK	2026-06-06T12:22:46.1962879Z /usr/bin/tar: ../../../../../usr/local/lib/android/sdk/platforms/android-35/data/res/values-mcc310-mnc160-tl: Cannot change mode to rwxr-xr-x: Operation not permitted
build	Cache Android SDK	2026-06-06T12:22:46.1965537Z /usr/bin/tar: ../../../../../usr/local/lib/android/sdk/platforms/android-35/data/res/values-mcc310-mnc310-am: Cannot utime: Operation not permitted
build	Cache Android SDK	2026-06-06T12:22:46.1965981Z /usr/bin/tar: ../../../../../usr/local/lib/android/sdk/platforms/android-35/data/res/values-mcc310-mnc310-am: Cannot change mode to rwxr-xr-x: Operation not permitted
build	Cache Android SDK	2026-06-06T12:22:46.1968541Z /usr/bin/tar: ../../../../../usr/local/lib/android/sdk/platforms/android-35/data/res/values-mcc310-mnc490-et: Cannot utime: Operation not permitted
build	Cache Android SDK	2026-06-06T12:22:46.1969005Z /usr/bin/tar: ../../../../../usr/local/lib/android/sdk/platforms/android-35/data/res/values-mcc310-mnc490-et: Cannot change mode to rwxr-xr-x: Operation not permitted
build	Cache Android SDK	2026-06-06T12:22:46.1971636Z /usr/bin/tar: ../../../../../usr/local/lib/android/sdk/platforms/android-35/data/res/values-mcc310-mnc280-en-rCA: Cannot utime: Operation not permitted
build	Cache Android SDK	2026-06-06T12:22:46.1972237Z /usr/bin/tar: ../../../../../usr/local/lib/android/sdk/platforms/android-35/data/res/values-mcc310-mnc280-en-rCA: Cannot change mode to rwxr-xr-x: Operation not permitted
build	Cache Android SDK	2026-06-06T12:22:46.1974542Z /usr/bin/tar: ../../../../../usr/local/lib/android/sdk/platforms/android-35/data/res/values-mcc310-mnc030-az: Cannot utime: Operation not permitted
build	Cache Android SDK	2026-06-06T12:22:46.1974996Z /usr/bin/tar: ../../../../../usr/local/lib/android/sdk/platforms/android-35/data/res/values-mcc310-mnc030-az: Cannot change mode to rwxr-xr-x: Operation not permitted
build	Cache Android SDK	2026-06-06T12:22:46.1977280Z /usr/bin/tar: ../../../../../usr/local/lib/android/sdk/platforms/android-35/data/res/values-mcc310-mnc280-mr: Cannot utime: Operation not permitted
build	Cache Android SDK	2026-06-06T12:22:46.1977938Z /usr/bin/tar: ../../../../../usr/local/lib/android/sdk/platforms/android-35/data/res/values-mcc310-mnc280-mr: Cannot change mode to rwxr-xr-x: Operation not permitted
build	Cache Android SDK	2026-06-06T12:22:46.1980304Z /usr/bin/tar: ../../../../../usr/local/lib/android/sdk/platforms/android-35/data/res/values-mcc310-mnc170-ko: Cannot utime: Operation not permitted
build	Cache Android SDK	2026-06-06T12:22:46.1980770Z /usr/bin/tar: ../../../../../usr/local/lib/android/sdk/platforms/android-35/data/res/values-mcc310-mnc170-ko: Cannot change mode to rwxr-xr-x: Operation not permitted
build	Cache Android SDK	2026-06-06T12:22:46.1983271Z /usr/bin/tar: ../../../../../usr/local/lib/android/sdk/platforms/android-35/data/res/values-mcc310-mnc250-kn: Cannot utime: Operation not permitted
build	Cache Android SDK	2026-06-06T12:22:46.1983724Z /usr/bin/tar: ../../../../../usr/local/lib/android/sdk/platforms/android-35/data/res/values-mcc310-mnc250-kn: Cannot change mode to rwxr-xr-x: Operation not permitted
build	Cache Android SDK	2026-06-06T12:22:46.1986483Z /usr/bin/tar: ../../../../../usr/local/lib/android/sdk/platforms/android-35/data/res/values-mcc440-mnc54: Cannot utime: Operation not permitted
build	Cache Android SDK	2026-06-06T12:22:46.1986932Z /usr/bin/tar: ../../../../../usr/local/lib/android/sdk/platforms/android-35/data/res/values-mcc440-mnc54: Cannot change mode to rwxr-xr-x: Operation not permitted
build	Cache Android SDK	2026-06-06T12:22:46.1989377Z /usr/bin/tar: ../../../../../usr/local/lib/android/sdk/platforms/android-35/data/res/values-mcc310-mnc660-en-rIN: Cannot utime: Operation not permitted
build	Cache Android SDK	2026-06-06T12:22:46.1989858Z /usr/bin/tar: ../../../../../usr/local/lib/android/sdk/platforms/android-35/data/res/values-mcc310-mnc660-en-rIN: Cannot change mode to rwxr-xr-x: Operation not permitted
build	Cache Android SDK	2026-06-06T12:22:46.1992380Z /usr/bin/tar: ../../../../../usr/local/lib/android/sdk/platforms/android-35/data/res/values-iw-rIL: Cannot utime: Operation not permitted
build	Cache Android SDK	2026-06-06T12:22:46.1993287Z /usr/bin/tar: ../../../../../usr/local/lib/android/sdk/platforms/android-35/data/res/values-iw-rIL: Cannot change mode to rwxr-xr-x: Operation not permitted
build	Cache Android SDK	2026-06-06T12:22:46.1995482Z /usr/bin/tar: ../../../../../usr/local/lib/android/sdk/platforms/android-35/data/res/values-mcc310-mnc220-az: Cannot utime: Operation not permitted
build	Cache Android SDK	2026-06-06T12:22:46.1995948Z /usr/bin/tar: ../../../../../usr/local/lib/android/sdk/platforms/android-35/data/res/values-mcc310-mnc220-az: Cannot change mode to rwxr-xr-x: Operation not permitted
build	Cache Android SDK	2026-06-06T12:22:46.1998757Z /usr/bin/tar: ../../../../../usr/local/lib/android/sdk/platforms/android-35/data/res/values-mcc310-mnc200-mk: Cannot utime: Operation not permitted
build	Cache Android SDK	2026-06-06T12:22:46.1999203Z /usr/bin/tar: ../../../../../usr/local/lib/android/sdk/platforms/android-35/data/res/values-mcc310-mnc200-mk: Cannot change mode to rwxr-xr-x: Operation not permitted
build	Cache Android SDK	2026-06-06T12:22:46.2002067Z /usr/bin/tar: ../../../../../usr/local/lib/android/sdk/platforms/android-35/data/res/values-mcc334-mnc020-iw: Cannot utime: Operation not permitted
build	Cache Android SDK	2026-06-06T12:22:46.2002525Z /usr/bin/tar: ../../../../../usr/local/lib/android/sdk/platforms/android-35/data/res/values-mcc334-mnc020-iw: Cannot change mode to rwxr-xr-x: Operation not permitted
build	Cache Android SDK	2026-06-06T12:22:46.2005475Z /usr/bin/tar: ../../../../../usr/local/lib/android/sdk/platforms/android-35/data/res/values-mcc310-mnc380-pt-rPT: Cannot utime: Operation not permitted
build	Cache Android SDK	2026-06-06T12:22:46.2006039Z /usr/bin/tar: ../../../../../usr/local/lib/android/sdk/platforms/android-35/data/res/values-mcc310-mnc380-pt-rPT: Cannot change mode to rwxr-xr-x: Operation not permitted
build	Cache Android SDK	2026-06-06T12:22:46.2009327Z /usr/bin/tar: ../../../../../usr/local/lib/android/sdk/platforms/android-35/data/res/values-mcc310-mnc210-sk: Cannot utime: Operation not permitted
build	Cache Android SDK	2026-06-06T12:22:46.2009774Z /usr/bin/tar: ../../../../../usr/local/lib/android/sdk/platforms/android-35/data/res/values-mcc310-mnc210-sk: Cannot change mode to rwxr-xr-x: Operation not permitted
build	Cache Android SDK	2026-06-06T12:22:46.2012664Z /usr/bin/tar: ../../../../../usr/local/lib/android/sdk/platforms/android-35/data/res/values-mcc310-mnc160-uz: Cannot utime: Operation not permitted
build	Cache Android SDK	2026-06-06T12:22:46.2013114Z /usr/bin/tar: ../../../../../usr/local/lib/android/sdk/platforms/android-35/data/res/values-mcc310-mnc160-uz: Cannot change mode to rwxr-xr-x: Operation not permitted
build	Cache Android SDK	2026-06-06T12:22:46.2015775Z /usr/bin/tar: ../../../../../usr/local/lib/android/sdk/platforms/android-35/data/res/values-mcc310-mnc250-bg: Cannot utime: Operation not permitted
build	Cache Android SDK	2026-06-06T12:22:46.2016213Z /usr/bin/tar: ../../../../../usr/local/lib/android/sdk/platforms/android-35/data/res/values-mcc310-mnc250-bg: Cannot change mode to rwxr-xr-x: Operation not permitted
build	Cache Android SDK	2026-06-06T12:22:46.2019097Z /usr/bin/tar: ../../../../../usr/local/lib/android/sdk/platforms/android-35/data/res/values-mcc310-mnc410-km: Cannot utime: Operation not permitted
build	Cache Android SDK	2026-06-06T12:22:46.2019549Z /usr/bin/tar: ../../../../../usr/local/lib/android/sdk/platforms/android-35/data/res/values-mcc310-mnc410-km: Cannot change mode to rwxr-xr-x: Operation not permitted
build	Cache Android SDK	2026-06-06T12:22:46.2025284Z /usr/bin/tar: ../../../../../usr/local/lib/android/sdk/platforms/android-35/data/res/values-lv: Cannot utime: Operation not permitted
build	Cache Android SDK	2026-06-06T12:22:46.2025701Z /usr/bin/tar: ../../../../../usr/local/lib/android/sdk/platforms/android-35/data/res/values-lv: Cannot change mode to rwxr-xr-x: Operation not permitted
build	Cache Android SDK	2026-06-06T12:22:46.2028410Z /usr/bin/tar: ../../../../../usr/local/lib/android/sdk/platforms/android-35/data/res/values-mcc334-mnc020-vi: Cannot utime: Operation not permitted
build	Cache Android SDK	2026-06-06T12:22:46.2028867Z /usr/bin/tar: ../../../../../usr/local/lib/android/sdk/platforms/android-35/data/res/values-mcc334-mnc020-vi: Cannot change mode to rwxr-xr-x: Operation not permitted
build	Cache Android SDK	2026-06-06T12:22:46.2031506Z /usr/bin/tar: ../../../../../usr/local/lib/android/sdk/platforms/android-35/data/res/values-mcc310-mnc210-en-rAU: Cannot utime: Operation not permitted
build	Cache Android SDK	2026-06-06T12:22:46.2031977Z /usr/bin/tar: ../../../../../usr/local/lib/android/sdk/platforms/android-35/data/res/values-mcc310-mnc210-en-rAU: Cannot change mode to rwxr-xr-x: Operation not permitted
build	Cache Android SDK	2026-06-06T12:22:46.2034843Z /usr/bin/tar: ../../../../../usr/local/lib/android/sdk/platforms/android-35/data/res/values-mcc310-mnc560-ka: Cannot utime: Operation not permitted
build	Cache Android SDK	2026-06-06T12:22:46.2035397Z /usr/bin/tar: ../../../../../usr/local/lib/android/sdk/platforms/android-35/data/res/values-mcc310-mnc560-ka: Cannot change mode to rwxr-xr-x: Operation not permitted
build	Cache Android SDK	2026-06-06T12:22:46.2041388Z /usr/bin/tar: ../../../../../usr/local/lib/android/sdk/platforms/android-35/data/res/values-mr: Cannot utime: Operation not permitted
build	Cache Android SDK	2026-06-06T12:22:46.2042386Z /usr/bin/tar: ../../../../../usr/local/lib/android/sdk/platforms/android-35/data/res/values-mr: Cannot change mode to rwxr-xr-x: Operation not permitted
build	Cache Android SDK	2026-06-06T12:22:46.2044790Z /usr/bin/tar: ../../../../../usr/local/lib/android/sdk/platforms/android-35/data/res/values-mcc310-mnc030-en-rAU: Cannot utime: Operation not permitted
build	Cache Android SDK	2026-06-06T12:22:46.2045276Z /usr/bin/tar: ../../../../../usr/local/lib/android/sdk/platforms/android-35/data/res/values-mcc310-mnc030-en-rAU: Cannot change mode to rwxr-xr-x: Operation not permitted
build	Cache Android SDK	2026-06-06T12:22:46.2048033Z /usr/bin/tar: ../../../../../usr/local/lib/android/sdk/platforms/android-35/data/res/values-sk-television: Cannot utime: Operation not permitted
build	Cache Android SDK	2026-06-06T12:22:46.2048627Z /usr/bin/tar: ../../../../../usr/local/lib/android/sdk/platforms/android-35/data/res/values-sk-television: Cannot change mode to rwxr-xr-x: Operation not permitted
build	Cache Android SDK	2026-06-06T12:22:46.2051233Z /usr/bin/tar: ../../../../../usr/local/lib/android/sdk/platforms/android-35/data/res/values-mcc310-mnc310-fr-rCA: Cannot utime: Operation not permitted
build	Cache Android SDK	2026-06-06T12:22:46.2051703Z /usr/bin/tar: ../../../../../usr/local/lib/android/sdk/platforms/android-35/data/res/values-mcc310-mnc310-fr-rCA: Cannot change mode to rwxr-xr-x: Operation not permitted
build	Cache Android SDK	2026-06-06T12:22:46.2054918Z /usr/bin/tar: ../../../../../usr/local/lib/android/sdk/platforms/android-35/data/res/values-mcc310-mnc230-fr: Cannot utime: Operation not permitted
build	Cache Android SDK	2026-06-06T12:22:46.2055361Z /usr/bin/tar: ../../../../../usr/local/lib/android/sdk/platforms/android-35/data/res/values-mcc310-mnc230-fr: Cannot change mode to rwxr-xr-x: Operation not permitted
build	Cache Android SDK	2026-06-06T12:22:46.2058149Z /usr/bin/tar: ../../../../../usr/local/lib/android/sdk/platforms/android-35/data/res/values-mcc313-mnc100-kk: Cannot utime: Operation not permitted
build	Cache Android SDK	2026-06-06T12:22:46.2058608Z /usr/bin/tar: ../../../../../usr/local/lib/android/sdk/platforms/android-35/data/res/values-mcc313-mnc100-kk: Cannot change mode to rwxr-xr-x: Operation not permitted
build	Cache Android SDK	2026-06-06T12:22:46.2061422Z /usr/bin/tar: ../../../../../usr/local/lib/android/sdk/platforms/android-35/data/res/values-mcc313-mnc100-zh-rCN: Cannot utime: Operation not permitted
build	Cache Android SDK	2026-06-06T12:22:46.2061889Z /usr/bin/tar: ../../../../../usr/local/lib/android/sdk/platforms/android-35/data/res/values-mcc313-mnc100-zh-rCN: Cannot change mode to rwxr-xr-x: Operation not permitted
build	Cache Android SDK	2026-06-06T12:22:46.2064907Z /usr/bin/tar: ../../../../../usr/local/lib/android/sdk/platforms/android-35/data/res/values-mcc310-mnc170-zh-rHK: Cannot utime: Operation not permitted
build	Cache Android SDK	2026-06-06T12:22:46.2065367Z /usr/bin/tar: ../../../../../usr/local/lib/android/sdk/platforms/android-35/data/res/values-mcc310-mnc170-zh-rHK: Cannot change mode to rwxr-xr-x: Operation not permitted
build	Cache Android SDK	2026-06-06T12:22:46.2068675Z /usr/bin/tar: ../../../../../usr/local/lib/android/sdk/platforms/android-35/data/res/values-mcc310-mnc270-ta: Cannot utime: Operation not permitted
build	Cache Android SDK	2026-06-06T12:22:46.2069126Z /usr/bin/tar: ../../../../../usr/local/lib/android/sdk/platforms/android-35/data/res/values-mcc310-mnc270-ta: Cannot change mode to rwxr-xr-x: Operation not permitted
build	Cache Android SDK	2026-06-06T12:22:46.2072338Z /usr/bin/tar: ../../../../../usr/local/lib/android/sdk/platforms/android-35/data/res/values-hy-television: Cannot utime: Operation not permitted
build	Cache Android SDK	2026-06-06T12:22:46.2072788Z /usr/bin/tar: ../../../../../usr/local/lib/android/sdk/platforms/android-35/data/res/values-hy-television: Cannot change mode to rwxr-xr-x: Operation not permitted
build	Cache Android SDK	2026-06-06T12:22:46.2075497Z /usr/bin/tar: ../../../../../usr/local/lib/android/sdk/platforms/android-35/data/res/values-mcc310-mnc150-pt: Cannot utime: Operation not permitted
build	Cache Android SDK	2026-06-06T12:22:46.2075964Z /usr/bin/tar: ../../../../../usr/local/lib/android/sdk/platforms/android-35/data/res/values-mcc310-mnc150-pt: Cannot change mode to rwxr-xr-x: Operation not permitted
build	Cache Android SDK	2026-06-06T12:22:46.2078831Z /usr/bin/tar: ../../../../../usr/local/lib/android/sdk/platforms/android-35/data/res/values-mcc310-mnc270-hr: Cannot utime: Operation not permitted
build	Cache Android SDK	2026-06-06T12:22:46.2079288Z /usr/bin/tar: ../../../../../usr/local/lib/android/sdk/platforms/android-35/data/res/values-mcc310-mnc270-hr: Cannot change mode to rwxr-xr-x: Operation not permitted
build	Cache Android SDK	2026-06-06T12:22:46.2081991Z /usr/bin/tar: ../../../../../usr/local/lib/android/sdk/platforms/android-35/data/res/values-mcc302-mnc720-fa: Cannot utime: Operation not permitted
build	Cache Android SDK	2026-06-06T12:22:46.2082437Z /usr/bin/tar: ../../../../../usr/local/lib/android/sdk/platforms/android-35/data/res/values-mcc302-mnc720-fa: Cannot change mode to rwxr-xr-x: Operation not permitted
build	Cache Android SDK	2026-06-06T12:22:46.2085392Z /usr/bin/tar: ../../../../../usr/local/lib/android/sdk/platforms/android-35/data/res/values-mcc310-mnc310-ml: Cannot utime: Operation not permitted
build	Cache Android SDK	2026-06-06T12:22:46.2086078Z /usr/bin/tar: ../../../../../usr/local/lib/android/sdk/platforms/android-35/data/res/values-mcc310-mnc310-ml: Cannot change mode to rwxr-xr-x: Operation not permitted
build	Cache Android SDK	2026-06-06T12:22:46.2088612Z /usr/bin/tar: ../../../../../usr/local/lib/android/sdk/platforms/android-35/data/res/values-mcc310-mnc380-hy: Cannot utime: Operation not permitted
build	Cache Android SDK	2026-06-06T12:22:46.2089183Z /usr/bin/tar: ../../../../../usr/local/lib/android/sdk/platforms/android-35/data/res/values-mcc310-mnc380-hy: Cannot change mode to rwxr-xr-x: Operation not permitted
build	Cache Android SDK	2026-06-06T12:22:46.2091804Z /usr/bin/tar: ../../../../../usr/local/lib/android/sdk/platforms/android-35/data/res/values-mcc001-mnc01-kk: Cannot utime: Operation not permitted
build	Cache Android SDK	2026-06-06T12:22:46.2092255Z /usr/bin/tar: ../../../../../usr/local/lib/android/sdk/platforms/android-35/data/res/values-mcc001-mnc01-kk: Cannot change mode to rwxr-xr-x: Operation not permitted
build	Cache Android SDK	2026-06-06T12:22:46.2098920Z /usr/bin/tar: ../../../../../usr/local/lib/android/sdk/platforms/android-35/data/res/values-ja: Cannot utime: Operation not permitted
build	Cache Android SDK	2026-06-06T12:22:46.2099427Z /usr/bin/tar: ../../../../../usr/local/lib/android/sdk/platforms/android-35/data/res/values-ja: Cannot change mode to rwxr-xr-x: Operation not permitted
build	Cache Android SDK	2026-06-06T12:22:46.2102456Z /usr/bin/tar: ../../../../../usr/local/lib/android/sdk/platforms/android-35/data/res/values-mcc310-mnc270-es: Cannot utime: Operation not permitted
build	Cache Android SDK	2026-06-06T12:22:46.2102925Z /usr/bin/tar: ../../../../../usr/local/lib/android/sdk/platforms/android-35/data/res/values-mcc310-mnc270-es: Cannot change mode to rwxr-xr-x: Operation not permitted
build	Cache Android SDK	2026-06-06T12:22:46.2105237Z /usr/bin/tar: ../../../../../usr/local/lib/android/sdk/platforms/android-35/data/res/values-mcc310-mnc230-az: Cannot utime: Operation not permitted
build	Cache Android SDK	2026-06-06T12:22:46.2105691Z /usr/bin/tar: ../../../../../usr/local/lib/android/sdk/platforms/android-35/data/res/values-mcc310-mnc230-az: Cannot change mode to rwxr-xr-x: Operation not permitted
build	Cache Android SDK	2026-06-06T12:22:46.2108391Z /usr/bin/tar: ../../../../../usr/local/lib/android/sdk/platforms/android-35/data/res/values-mcc313-mnc100-hi: Cannot utime: Operation not permitted
build	Cache Android SDK	2026-06-06T12:22:46.2108846Z /usr/bin/tar: ../../../../../usr/local/lib/android/sdk/platforms/android-35/data/res/values-mcc313-mnc100-hi: Cannot change mode to rwxr-xr-x: Operation not permitted
build	Cache Android SDK	2026-06-06T12:22:46.2111453Z /usr/bin/tar: ../../../../../usr/local/lib/android/sdk/platforms/android-35/data/res/values-mcc310-mnc240-zh-rTW: Cannot utime: Operation not permitted
build	Cache Android SDK	2026-06-06T12:22:46.2111932Z /usr/bin/tar: ../../../../../usr/local/lib/android/sdk/platforms/android-35/data/res/values-mcc310-mnc240-zh-rTW: Cannot change mode to rwxr-xr-x: Operation not permitted
build	Cache Android SDK	2026-06-06T12:22:46.2114765Z /usr/bin/tar: ../../../../../usr/local/lib/android/sdk/platforms/android-35/data/res/values-mcc310-mnc210-es: Cannot utime: Operation not permitted
build	Cache Android SDK	2026-06-06T12:22:46.2115224Z /usr/bin/tar: ../../../../../usr/local/lib/android/sdk/platforms/android-35/data/res/values-mcc310-mnc210-es: Cannot change mode to rwxr-xr-x: Operation not permitted
build	Cache Android SDK	2026-06-06T12:22:46.2118668Z /usr/bin/tar: ../../../../../usr/local/lib/android/sdk/platforms/android-35/data/res/values-mcc310-mnc150-ca: Cannot utime: Operation not permitted
build	Cache Android SDK	2026-06-06T12:22:46.2119122Z /usr/bin/tar: ../../../../../usr/local/lib/android/sdk/platforms/android-35/data/res/values-mcc310-mnc150-ca: Cannot change mode to rwxr-xr-x: Operation not permitted
build	Cache Android SDK	2026-06-06T12:22:46.2122324Z /usr/bin/tar: ../../../../../usr/local/lib/android/sdk/platforms/android-35/data/res/values-mcc310-mnc210-te: Cannot utime: Operation not permitted
build	Cache Android SDK	2026-06-06T12:22:46.2122809Z /usr/bin/tar: ../../../../../usr/local/lib/android/sdk/platforms/android-35/data/res/values-mcc310-mnc210-te: Cannot change mode to rwxr-xr-x: Operation not permitted
build	Cache Android SDK	2026-06-06T12:22:46.2125338Z /usr/bin/tar: ../../../../../usr/local/lib/android/sdk/platforms/android-35/data/res/values-mcc310-mnc210-hy: Cannot utime: Operation not permitted
build	Cache Android SDK	2026-06-06T12:22:46.2125892Z /usr/bin/tar: ../../../../../usr/local/lib/android/sdk/platforms/android-35/data/res/values-mcc310-mnc210-hy: Cannot change mode to rwxr-xr-x: Operation not permitted
build	Cache Android SDK	2026-06-06T12:22:46.2128531Z /usr/bin/tar: ../../../../../usr/local/lib/android/sdk/platforms/android-35/data/res/values-mcc334-mnc020-is: Cannot utime: Operation not permitted
build	Cache Android SDK	2026-06-06T12:22:46.2128975Z /usr/bin/tar: ../../../../../usr/local/lib/android/sdk/platforms/android-35/data/res/values-mcc334-mnc020-is: Cannot change mode to rwxr-xr-x: Operation not permitted
build	Cache Android SDK	2026-06-06T12:22:46.2131488Z /usr/bin/tar: ../../../../../usr/local/lib/android/sdk/platforms/android-35/data/res/values-mcc310-mnc220-b+sr+Latn: Cannot utime: Operation not permitted
build	Cache Android SDK	2026-06-06T12:22:46.2131968Z /usr/bin/tar: ../../../../../usr/local/lib/android/sdk/platforms/android-35/data/res/values-mcc310-mnc220-b+sr+Latn: Cannot change mode to rwxr-xr-x: Operation not permitted
build	Cache Android SDK	2026-06-06T12:22:46.2134768Z /usr/bin/tar: ../../../../../usr/local/lib/android/sdk/platforms/android-35/data/res/values-mcc310-mnc200-cs: Cannot utime: Operation not permitted
build	Cache Android SDK	2026-06-06T12:22:46.2135225Z /usr/bin/tar: ../../../../../usr/local/lib/android/sdk/platforms/android-35/data/res/values-mcc310-mnc200-cs: Cannot change mode to rwxr-xr-x: Operation not permitted
build	Cache Android SDK	2026-06-06T12:22:46.2138389Z /usr/bin/tar: ../../../../../usr/local/lib/android/sdk/platforms/android-35/data/res/values-it-rIT: Cannot utime: Operation not permitted
build	Cache Android SDK	2026-06-06T12:22:46.2139347Z /usr/bin/tar: ../../../../../usr/local/lib/android/sdk/platforms/android-35/data/res/values-it-rIT: Cannot change mode to rwxr-xr-x: Operation not permitted
build	Cache Android SDK	2026-06-06T12:22:46.2141843Z /usr/bin/tar: ../../../../../usr/local/lib/android/sdk/platforms/android-35/data/res/values-mcc310-mnc950-sv: Cannot utime: Operation not permitted
build	Cache Android SDK	2026-06-06T12:22:46.2142336Z /usr/bin/tar: ../../../../../usr/local/lib/android/sdk/platforms/android-35/data/res/values-mcc310-mnc950-sv: Cannot change mode to rwxr-xr-x: Operation not permitted
build	Cache Android SDK	2026-06-06T12:22:46.2145111Z /usr/bin/tar: ../../../../../usr/local/lib/android/sdk/platforms/android-35/data/res/values-mcc310-mnc030-pl: Cannot utime: Operation not permitted
build	Cache Android SDK	2026-06-06T12:22:46.2145566Z /usr/bin/tar: ../../../../../usr/local/lib/android/sdk/platforms/android-35/data/res/values-mcc310-mnc030-pl: Cannot change mode to rwxr-xr-x: Operation not permitted
build	Cache Android SDK	2026-06-06T12:22:46.2148241Z /usr/bin/tar: ../../../../../usr/local/lib/android/sdk/platforms/android-35/data/res/values-mcc404: Cannot utime: Operation not permitted
build	Cache Android SDK	2026-06-06T12:22:46.2148674Z /usr/bin/tar: ../../../../../usr/local/lib/android/sdk/platforms/android-35/data/res/values-mcc404: Cannot change mode to rwxr-xr-x: Operation not permitted
build	Cache Android SDK	2026-06-06T12:22:46.2151337Z /usr/bin/tar: ../../../../../usr/local/lib/android/sdk/platforms/android-35/data/res/values-mcc310-mnc490-zh-rHK: Cannot utime: Operation not permitted
build	Cache Android SDK	2026-06-06T12:22:46.2151810Z /usr/bin/tar: ../../../../../usr/local/lib/android/sdk/platforms/android-35/data/res/values-mcc310-mnc490-zh-rHK: Cannot change mode to rwxr-xr-x: Operation not permitted
build	Cache Android SDK	2026-06-06T12:22:46.2154583Z /usr/bin/tar: ../../../../../usr/local/lib/android/sdk/platforms/android-35/data/res/values-mcc334-mnc020-eu: Cannot utime: Operation not permitted
build	Cache Android SDK	2026-06-06T12:22:46.2155035Z /usr/bin/tar: ../../../../../usr/local/lib/android/sdk/platforms/android-35/data/res/values-mcc334-mnc020-eu: Cannot change mode to rwxr-xr-x: Operation not permitted
build	Cache Android SDK	2026-06-06T12:22:46.2158668Z /usr/bin/tar: ../../../../../usr/local/lib/android/sdk/platforms/android-35/data/res/values-mcc302-mnc370-gl: Cannot utime: Operation not permitted
build	Cache Android SDK	2026-06-06T12:22:46.2159169Z /usr/bin/tar: ../../../../../usr/local/lib/android/sdk/platforms/android-35/data/res/values-mcc302-mnc370-gl: Cannot change mode to rwxr-xr-x: Operation not permitted
build	Cache Android SDK	2026-06-06T12:22:46.2162131Z /usr/bin/tar: ../../../../../usr/local/lib/android/sdk/platforms/android-35/data/res/values-mcc310-mnc210-hr: Cannot utime: Operation not permitted
build	Cache Android SDK	2026-06-06T12:22:46.2162684Z /usr/bin/tar: ../../../../../usr/local/lib/android/sdk/platforms/android-35/data/res/values-mcc310-mnc210-hr: Cannot change mode to rwxr-xr-x: Operation not permitted
build	Cache Android SDK	2026-06-06T12:22:46.2168821Z /usr/bin/tar: ../../../../../usr/local/lib/android/sdk/platforms/android-35/data/res/values-mcc001-mnc01-mr: Cannot utime: Operation not permitted
build	Cache Android SDK	2026-06-06T12:22:46.2169285Z /usr/bin/tar: ../../../../../usr/local/lib/android/sdk/platforms/android-35/data/res/values-mcc001-mnc01-mr: Cannot change mode to rwxr-xr-x: Operation not permitted
build	Cache Android SDK	2026-06-06T12:22:46.2172453Z /usr/bin/tar: ../../../../../usr/local/lib/android/sdk/platforms/android-35/data/res/values-mcc310-mnc150-tl: Cannot utime: Operation not permitted
build	Cache Android SDK	2026-06-06T12:22:46.2172900Z /usr/bin/tar: ../../../../../usr/local/lib/android/sdk/platforms/android-35/data/res/values-mcc310-mnc150-tl: Cannot change mode to rwxr-xr-x: Operation not permitted
build	Cache Android SDK	2026-06-06T12:22:46.2182475Z /usr/bin/tar: ../../../../../usr/local/lib/android/sdk/platforms/android-35/data/res/values-km: Cannot utime: Operation not permitted
build	Cache Android SDK	2026-06-06T12:22:46.2183279Z /usr/bin/tar: ../../../../../usr/local/lib/android/sdk/platforms/android-35/data/res/values-km: Cannot change mode to rwxr-xr-x: Operation not permitted
build	Cache Android SDK	2026-06-06T12:22:46.2185747Z /usr/bin/tar: ../../../../../usr/local/lib/android/sdk/platforms/android-35/data/res/values-mcc302-mnc370-be: Cannot utime: Operation not permitted
build	Cache Android SDK	2026-06-06T12:22:46.2186199Z /usr/bin/tar: ../../../../../usr/local/lib/android/sdk/platforms/android-35/data/res/values-mcc302-mnc370-be: Cannot change mode to rwxr-xr-x: Operation not permitted
build	Cache Android SDK	2026-06-06T12:22:46.2190071Z /usr/bin/tar: ../../../../../usr/local/lib/android/sdk/platforms/android-35/data/res/values-mcc310-mnc380-uk: Cannot utime: Operation not permitted
build	Cache Android SDK	2026-06-06T12:22:46.2190529Z /usr/bin/tar: ../../../../../usr/local/lib/android/sdk/platforms/android-35/data/res/values-mcc310-mnc380-uk: Cannot change mode to rwxr-xr-x: Operation not permitted
build	Cache Android SDK	2026-06-06T12:22:46.2194093Z /usr/bin/tar: ../../../../../usr/local/lib/android/sdk/platforms/android-35/data/res/values-mcc302-mnc370-uk: Cannot utime: Operation not permitted
build	Cache Android SDK	2026-06-06T12:22:46.2194537Z /usr/bin/tar: ../../../../../usr/local/lib/android/sdk/platforms/android-35/data/res/values-mcc302-mnc370-uk: Cannot change mode to rwxr-xr-x: Operation not permitted
build	Cache Android SDK	2026-06-06T12:22:46.2197168Z /usr/bin/tar: ../../../../../usr/local/lib/android/sdk/platforms/android-35/data/res/values-mcc001-mnc01-lt: Cannot utime: Operation not permitted
build	Cache Android SDK	2026-06-06T12:22:46.2197832Z /usr/bin/tar: ../../../../../usr/local/lib/android/sdk/platforms/android-35/data/res/values-mcc001-mnc01-lt: Cannot change mode to rwxr-xr-x: Operation not permitted
build	Cache Android SDK	2026-06-06T12:22:46.2200267Z /usr/bin/tar: ../../../../../usr/local/lib/android/sdk/platforms/android-35/data/res/values-mcc310-mnc560-en-rCA: Cannot utime: Operation not permitted
build	Cache Android SDK	2026-06-06T12:22:46.2200741Z /usr/bin/tar: ../../../../../usr/local/lib/android/sdk/platforms/android-35/data/res/values-mcc310-mnc560-en-rCA: Cannot change mode to rwxr-xr-x: Operation not permitted
build	Cache Android SDK	2026-06-06T12:22:46.2203451Z /usr/bin/tar: ../../../../../usr/local/lib/android/sdk/platforms/android-35/data/res/values-mcc310-mnc310-uk: Cannot utime: Operation not permitted
build	Cache Android SDK	2026-06-06T12:22:46.2203889Z /usr/bin/tar: ../../../../../usr/local/lib/android/sdk/platforms/android-35/data/res/values-mcc310-mnc310-uk: Cannot change mode to rwxr-xr-x: Operation not permitted
build	Cache Android SDK	2026-06-06T12:22:46.2206535Z /usr/bin/tar: ../../../../../usr/local/lib/android/sdk/platforms/android-35/data/res/values-mcc302-mnc720-uk: Cannot utime: Operation not permitted
build	Cache Android SDK	2026-06-06T12:22:46.2207026Z /usr/bin/tar: ../../../../../usr/local/lib/android/sdk/platforms/android-35/data/res/values-mcc302-mnc720-uk: Cannot change mode to rwxr-xr-x: Operation not permitted
build	Cache Android SDK	2026-06-06T12:22:46.2209577Z /usr/bin/tar: ../../../../../usr/local/lib/android/sdk/platforms/android-35/data/res/values-mcc310-mnc240-ka: Cannot utime: Operation not permitted
build	Cache Android SDK	2026-06-06T12:22:46.2210043Z /usr/bin/tar: ../../../../../usr/local/lib/android/sdk/platforms/android-35/data/res/values-mcc310-mnc240-ka: Cannot change mode to rwxr-xr-x: Operation not permitted
build	Cache Android SDK	2026-06-06T12:22:46.2217640Z /usr/bin/tar: ../../../../../usr/local/lib/android/sdk/platforms/android-35/data/res/values-watch: Cannot utime: Operation not permitted
build	Cache Android SDK	2026-06-06T12:22:46.2218190Z /usr/bin/tar: ../../../../../usr/local/lib/android/sdk/platforms/android-35/data/res/values-watch: Cannot change mode to rwxr-xr-x: Operation not permitted
build	Cache Android SDK	2026-06-06T12:22:46.2221425Z /usr/bin/tar: ../../../../../usr/local/lib/android/sdk/platforms/android-35/data/res/values-mcc310-mnc800-bs: Cannot utime: Operation not permitted
build	Cache Android SDK	2026-06-06T12:22:46.2221929Z /usr/bin/tar: ../../../../../usr/local/lib/android/sdk/platforms/android-35/data/res/values-mcc310-mnc800-bs: Cannot change mode to rwxr-xr-x: Operation not permitted
build	Cache Android SDK	2026-06-06T12:22:46.2224195Z /usr/bin/tar: ../../../../../usr/local/lib/android/sdk/platforms/android-35/data/res/values-mcc310-mnc150-az: Cannot utime: Operation not permitted
build	Cache Android SDK	2026-06-06T12:22:46.2224672Z /usr/bin/tar: ../../../../../usr/local/lib/android/sdk/platforms/android-35/data/res/values-mcc310-mnc150-az: Cannot change mode to rwxr-xr-x: Operation not permitted
build	Cache Android SDK	2026-06-06T12:22:46.2232749Z /usr/bin/tar: ../../../../../usr/local/lib/android/sdk/platforms/android-35/data/res/values-kn: Cannot utime: Operation not permitted
build	Cache Android SDK	2026-06-06T12:22:46.2233239Z /usr/bin/tar: ../../../../../usr/local/lib/android/sdk/platforms/android-35/data/res/values-kn: Cannot change mode to rwxr-xr-x: Operation not permitted
build	Cache Android SDK	2026-06-06T12:22:46.2235908Z /usr/bin/tar: ../../../../../usr/local/lib/android/sdk/platforms/android-35/data/res/values-mcc310-mnc490-pt: Cannot utime: Operation not permitted
build	Cache Android SDK	2026-06-06T12:22:46.2236422Z /usr/bin/tar: ../../../../../usr/local/lib/android/sdk/platforms/android-35/data/res/values-mcc310-mnc490-pt: Cannot change mode to rwxr-xr-x: Operation not permitted
build	Cache Android SDK	2026-06-06T12:22:46.2239132Z /usr/bin/tar: ../../../../../usr/local/lib/android/sdk/platforms/android-35/data/res/values-mcc310-mnc280-or: Cannot utime: Operation not permitted
build	Cache Android SDK	2026-06-06T12:22:46.2239716Z /usr/bin/tar: ../../../../../usr/local/lib/android/sdk/platforms/android-35/data/res/values-mcc310-mnc280-or: Cannot change mode to rwxr-xr-x: Operation not permitted
build	Cache Android SDK	2026-06-06T12:22:46.2242057Z /usr/bin/tar: ../../../../../usr/local/lib/android/sdk/platforms/android-35/data/res/values-mcc311-mnc180-iw: Cannot utime: Operation not permitted
build	Cache Android SDK	2026-06-06T12:22:46.2242512Z /usr/bin/tar: ../../../../../usr/local/lib/android/sdk/platforms/android-35/data/res/values-mcc311-mnc180-iw: Cannot change mode to rwxr-xr-x: Operation not permitted
build	Cache Android SDK	2026-06-06T12:22:46.2245119Z /usr/bin/tar: ../../../../../usr/local/lib/android/sdk/platforms/android-35/data/res/values-ru-watch: Cannot utime: Operation not permitted
build	Cache Android SDK	2026-06-06T12:22:46.2245552Z /usr/bin/tar: ../../../../../usr/local/lib/android/sdk/platforms/android-35/data/res/values-ru-watch: Cannot change mode to rwxr-xr-x: Operation not permitted
build	Cache Android SDK	2026-06-06T12:22:46.2248358Z /usr/bin/tar: ../../../../../usr/local/lib/android/sdk/platforms/android-35/data/res/values-mcc310-mnc800-sl: Cannot utime: Operation not permitted
build	Cache Android SDK	2026-06-06T12:22:46.2248822Z /usr/bin/tar: ../../../../../usr/local/lib/android/sdk/platforms/android-35/data/res/values-mcc310-mnc800-sl: Cannot change mode to rwxr-xr-x: Operation not permitted
build	Cache Android SDK	2026-06-06T12:22:46.2251249Z /usr/bin/tar: ../../../../../usr/local/lib/android/sdk/platforms/android-35/data/res/layout-round-watch: Cannot utime: Operation not permitted
build	Cache Android SDK	2026-06-06T12:22:46.2251721Z /usr/bin/tar: ../../../../../usr/local/lib/android/sdk/platforms/android-35/data/res/layout-round-watch: Cannot change mode to rwxr-xr-x: Operation not permitted
build	Cache Android SDK	2026-06-06T12:22:46.2255398Z /usr/bin/tar: ../../../../../usr/local/lib/android/sdk/platforms/android-35/data/res/values-w640dp: Cannot utime: Operation not permitted
build	Cache Android SDK	2026-06-06T12:22:46.2255842Z /usr/bin/tar: ../../../../../usr/local/lib/android/sdk/platforms/android-35/data/res/values-w640dp: Cannot change mode to rwxr-xr-x: Operation not permitted
build	Cache Android SDK	2026-06-06T12:22:46.2258718Z /usr/bin/tar: ../../../../../usr/local/lib/android/sdk/platforms/android-35/data/res/values-af-rZA: Cannot utime: Operation not permitted
build	Cache Android SDK	2026-06-06T12:22:46.2259174Z /usr/bin/tar: ../../../../../usr/local/lib/android/sdk/platforms/android-35/data/res/values-af-rZA: Cannot change mode to rwxr-xr-x: Operation not permitted
build	Cache Android SDK	2026-06-06T12:22:46.2262350Z /usr/bin/tar: ../../../../../usr/local/lib/android/sdk/platforms/android-35/data/res/values-mcc310-mnc410-hr: Cannot utime: Operation not permitted
build	Cache Android SDK	2026-06-06T12:22:46.2262812Z /usr/bin/tar: ../../../../../usr/local/lib/android/sdk/platforms/android-35/data/res/values-mcc310-mnc410-hr: Cannot change mode to rwxr-xr-x: Operation not permitted
build	Cache Android SDK	2026-06-06T12:22:46.2265400Z /usr/bin/tar: ../../../../../usr/local/lib/android/sdk/platforms/android-35/data/res/values-mcc312-mnc670-ka: Cannot utime: Operation not permitted
build	Cache Android SDK	2026-06-06T12:22:46.2265980Z /usr/bin/tar: ../../../../../usr/local/lib/android/sdk/platforms/android-35/data/res/values-mcc312-mnc670-ka: Cannot change mode to rwxr-xr-x: Operation not permitted
build	Cache Android SDK	2026-06-06T12:22:46.2268722Z /usr/bin/tar: ../../../../../usr/local/lib/android/sdk/platforms/android-35/data/res/values-mcc310-mnc950-am: Cannot utime: Operation not permitted
build	Cache Android SDK	2026-06-06T12:22:46.2269201Z /usr/bin/tar: ../../../../../usr/local/lib/android/sdk/platforms/android-35/data/res/values-mcc310-mnc950-am: Cannot change mode to rwxr-xr-x: Operation not permitted
build	Cache Android SDK	2026-06-06T12:22:46.2271732Z /usr/bin/tar: ../../../../../usr/local/lib/android/sdk/platforms/android-35/data/res/values-mcc313-mnc100-kn: Cannot utime: Operation not permitted
build	Cache Android SDK	2026-06-06T12:22:46.2272191Z /usr/bin/tar: ../../../../../usr/local/lib/android/sdk/platforms/android-35/data/res/values-mcc313-mnc100-kn: Cannot change mode to rwxr-xr-x: Operation not permitted
build	Cache Android SDK	2026-06-06T12:22:46.2274455Z /usr/bin/tar: ../../../../../usr/local/lib/android/sdk/platforms/android-35/data/res/values-mcc311-mnc180-pa: Cannot utime: Operation not permitted
build	Cache Android SDK	2026-06-06T12:22:46.2274903Z /usr/bin/tar: ../../../../../usr/local/lib/android/sdk/platforms/android-35/data/res/values-mcc311-mnc180-pa: Cannot change mode to rwxr-xr-x: Operation not permitted
build	Cache Android SDK	2026-06-06T12:22:46.2277711Z /usr/bin/tar: ../../../../../usr/local/lib/android/sdk/platforms/android-35/data/res/values-mcc334-mnc020-ko: Cannot utime: Operation not permitted
build	Cache Android SDK	2026-06-06T12:22:46.2278171Z /usr/bin/tar: ../../../../../usr/local/lib/android/sdk/platforms/android-35/data/res/values-mcc334-mnc020-ko: Cannot change mode to rwxr-xr-x: Operation not permitted
build	Cache Android SDK	2026-06-06T12:22:46.2281717Z /usr/bin/tar: ../../../../../usr/local/lib/android/sdk/platforms/android-35/data/res/values-sk-rSK: Cannot utime: Operation not permitted
build	Cache Android SDK	2026-06-06T12:22:46.2282227Z /usr/bin/tar: ../../../../../usr/local/lib/android/sdk/platforms/android-35/data/res/values-sk-rSK: Cannot change mode to rwxr-xr-x: Operation not permitted
build	Cache Android SDK	2026-06-06T12:22:46.2285486Z /usr/bin/tar: ../../../../../usr/local/lib/android/sdk/platforms/android-35/data/res/values-mcc302-mnc370-sk: Cannot utime: Operation not permitted
build	Cache Android SDK	2026-06-06T12:22:46.2286091Z /usr/bin/tar: ../../../../../usr/local/lib/android/sdk/platforms/android-35/data/res/values-mcc302-mnc370-sk: Cannot change mode to rwxr-xr-x: Operation not permitted
build	Cache Android SDK	2026-06-06T12:22:46.2288133Z /usr/bin/tar: ../../../../../usr/local/lib/android/sdk/platforms/android-35/data/res/values-mcc001-mnc01-iw: Cannot utime: Operation not permitted
build	Cache Android SDK	2026-06-06T12:22:46.2288585Z /usr/bin/tar: ../../../../../usr/local/lib/android/sdk/platforms/android-35/data/res/values-mcc001-mnc01-iw: Cannot change mode to rwxr-xr-x: Operation not permitted
build	Cache Android SDK	2026-06-06T12:22:46.2292115Z /usr/bin/tar: ../../../../../usr/local/lib/android/sdk/platforms/android-35/data/res/values-mcc310-mnc310-te: Cannot utime: Operation not permitted
build	Cache Android SDK	2026-06-06T12:22:46.2292597Z /usr/bin/tar: ../../../../../usr/local/lib/android/sdk/platforms/android-35/data/res/values-mcc310-mnc310-te: Cannot change mode to rwxr-xr-x: Operation not permitted
build	Cache Android SDK	2026-06-06T12:22:46.2295949Z /usr/bin/tar: ../../../../../usr/local/lib/android/sdk/platforms/android-35/data/res/values-mcc310-mnc200-fi: Cannot utime: Operation not permitted
build	Cache Android SDK	2026-06-06T12:22:46.2296650Z /usr/bin/tar: ../../../../../usr/local/lib/android/sdk/platforms/android-35/data/res/values-mcc310-mnc200-fi: Cannot change mode to rwxr-xr-x: Operation not permitted
build	Cache Android SDK	2026-06-06T12:22:46.2299252Z /usr/bin/tar: ../../../../../usr/local/lib/android/sdk/platforms/android-35/data/res/values-mcc310-mnc270-fr: Cannot utime: Operation not permitted
build	Cache Android SDK	2026-06-06T12:22:46.2299719Z /usr/bin/tar: ../../../../../usr/local/lib/android/sdk/platforms/android-35/data/res/values-mcc310-mnc270-fr: Cannot change mode to rwxr-xr-x: Operation not permitted
build	Cache Android SDK	2026-06-06T12:22:46.2306066Z /usr/bin/tar: ../../../../../usr/local/lib/android/sdk/platforms/android-35/data/res/values-sv: Cannot utime: Operation not permitted
build	Cache Android SDK	2026-06-06T12:22:46.2306965Z /usr/bin/tar: ../../../../../usr/local/lib/android/sdk/platforms/android-35/data/res/values-sv: Cannot change mode to rwxr-xr-x: Operation not permitted
build	Cache Android SDK	2026-06-06T12:22:46.2310108Z /usr/bin/tar: ../../../../../usr/local/lib/android/sdk/platforms/android-35/data/res/values-mcc310-mnc160-pa: Cannot utime: Operation not permitted
build	Cache Android SDK	2026-06-06T12:22:46.2310691Z /usr/bin/tar: ../../../../../usr/local/lib/android/sdk/platforms/android-35/data/res/values-mcc310-mnc160-pa: Cannot change mode to rwxr-xr-x: Operation not permitted
build	Cache Android SDK	2026-06-06T12:22:46.2313810Z /usr/bin/tar: ../../../../../usr/local/lib/android/sdk/platforms/android-35/data/res/values-mcc310-mnc270-ca: Cannot utime: Operation not permitted
build	Cache Android SDK	2026-06-06T12:22:46.2314383Z /usr/bin/tar: ../../../../../usr/local/lib/android/sdk/platforms/android-35/data/res/values-mcc310-mnc270-ca: Cannot change mode to rwxr-xr-x: Operation not permitted
build	Cache Android SDK	2026-06-06T12:22:46.2317926Z /usr/bin/tar: ../../../../../usr/local/lib/android/sdk/platforms/android-35/data/res/values-en-rCA-television: Cannot utime: Operation not permitted
build	Cache Android SDK	2026-06-06T12:22:46.2318546Z /usr/bin/tar: ../../../../../usr/local/lib/android/sdk/platforms/android-35/data/res/values-en-rCA-television: Cannot change mode to rwxr-xr-x: Operation not permitted
build	Cache Android SDK	2026-06-06T12:22:46.2321063Z /usr/bin/tar: ../../../../../usr/local/lib/android/sdk/platforms/android-35/data/res/values-mcc310-mnc150-zh-rCN: Cannot utime: Operation not permitted
build	Cache Android SDK	2026-06-06T12:22:46.2321653Z /usr/bin/tar: ../../../../../usr/local/lib/android/sdk/platforms/android-35/data/res/values-mcc310-mnc150-zh-rCN: Cannot change mode to rwxr-xr-x: Operation not permitted
build	Cache Android SDK	2026-06-06T12:22:46.2324492Z /usr/bin/tar: ../../../../../usr/local/lib/android/sdk/platforms/android-35/data/res/values-mcc310-mnc660-uz: Cannot utime: Operation not permitted
build	Cache Android SDK	2026-06-06T12:22:46.2324951Z /usr/bin/tar: ../../../../../usr/local/lib/android/sdk/platforms/android-35/data/res/values-mcc310-mnc660-uz: Cannot change mode to rwxr-xr-x: Operation not permitted
build	Cache Android SDK	2026-06-06T12:22:46.2327805Z /usr/bin/tar: ../../../../../usr/local/lib/android/sdk/platforms/android-35/data/res/values-mcc310-mnc560-bs: Cannot utime: Operation not permitted
build	Cache Android SDK	2026-06-06T12:22:46.2328416Z /usr/bin/tar: ../../../../../usr/local/lib/android/sdk/platforms/android-35/data/res/values-mcc310-mnc560-bs: Cannot change mode to rwxr-xr-x: Operation not permitted
build	Cache Android SDK	2026-06-06T12:22:46.2330976Z /usr/bin/tar: ../../../../../usr/local/lib/android/sdk/platforms/android-35/data/res/values-mcc302-mnc720-hy: Cannot utime: Operation not permitted
build	Cache Android SDK	2026-06-06T12:22:46.2331437Z /usr/bin/tar: ../../../../../usr/local/lib/android/sdk/platforms/android-35/data/res/values-mcc302-mnc720-hy: Cannot change mode to rwxr-xr-x: Operation not permitted
build	Cache Android SDK	2026-06-06T12:22:46.2334664Z /usr/bin/tar: ../../../../../usr/local/lib/android/sdk/platforms/android-35/data/res/values-mcc310-mnc210-mk: Cannot utime: Operation not permitted
build	Cache Android SDK	2026-06-06T12:22:46.2335119Z /usr/bin/tar: ../../../../../usr/local/lib/android/sdk/platforms/android-35/data/res/values-mcc310-mnc210-mk: Cannot change mode to rwxr-xr-x: Operation not permitted
build	Cache Android SDK	2026-06-06T12:22:46.2338231Z /usr/bin/tar: ../../../../../usr/local/lib/android/sdk/platforms/android-35/data/res/values-mcc334-mnc020-ro: Cannot utime: Operation not permitted
build	Cache Android SDK	2026-06-06T12:22:46.2338779Z /usr/bin/tar: ../../../../../usr/local/lib/android/sdk/platforms/android-35/data/res/values-mcc334-mnc020-ro: Cannot change mode to rwxr-xr-x: Operation not permitted
build	Cache Android SDK	2026-06-06T12:22:46.2342011Z /usr/bin/tar: ../../../../../usr/local/lib/android/sdk/platforms/android-35/data/res/values-mcc310-mnc280-lo: Cannot utime: Operation not permitted
build	Cache Android SDK	2026-06-06T12:22:46.2342469Z /usr/bin/tar: ../../../../../usr/local/lib/android/sdk/platforms/android-35/data/res/values-mcc310-mnc280-lo: Cannot change mode to rwxr-xr-x: Operation not permitted
build	Cache Android SDK	2026-06-06T12:22:46.2344982Z /usr/bin/tar: ../../../../../usr/local/lib/android/sdk/platforms/android-35/data/res/values-mcc311-mnc180-ka: Cannot utime: Operation not permitted
build	Cache Android SDK	2026-06-06T12:22:46.2345544Z /usr/bin/tar: ../../../../../usr/local/lib/android/sdk/platforms/android-35/data/res/values-mcc311-mnc180-ka: Cannot change mode to rwxr-xr-x: Operation not permitted
build	Cache Android SDK	2026-06-06T12:22:46.2348665Z /usr/bin/tar: ../../../../../usr/local/lib/android/sdk/platforms/android-35/data/res/values-mcc310-mnc280-nl: Cannot utime: Operation not permitted
build	Cache Android SDK	2026-06-06T12:22:46.2349113Z /usr/bin/tar: ../../../../../usr/local/lib/android/sdk/platforms/android-35/data/res/values-mcc310-mnc280-nl: Cannot change mode to rwxr-xr-x: Operation not permitted
build	Cache Android SDK	2026-06-06T12:22:46.2352150Z /usr/bin/tar: ../../../../../usr/local/lib/android/sdk/platforms/android-35/data/res/values-mcc310-mnc160: Cannot utime: Operation not permitted
build	Cache Android SDK	2026-06-06T12:22:46.2353039Z /usr/bin/tar: ../../../../../usr/local/lib/android/sdk/platforms/android-35/data/res/values-mcc310-mnc160: Cannot change mode to rwxr-xr-x: Operation not permitted
build	Cache Android SDK	2026-06-06T12:22:46.2356969Z /usr/bin/tar: ../../../../../usr/local/lib/android/sdk/platforms/android-35/data/res/values-mcc310-mnc170-as: Cannot utime: Operation not permitted
build	Cache Android SDK	2026-06-06T12:22:46.2357732Z /usr/bin/tar: ../../../../../usr/local/lib/android/sdk/platforms/android-35/data/res/values-mcc310-mnc170-as: Cannot change mode to rwxr-xr-x: Operation not permitted
build	Cache Android SDK	2026-06-06T12:22:46.2365383Z /usr/bin/tar: ../../../../../usr/local/lib/android/sdk/platforms/android-35/data/res/values-mcc310-mnc230-uk: Cannot utime: Operation not permitted
build	Cache Android SDK	2026-06-06T12:22:46.2365951Z /usr/bin/tar: ../../../../../usr/local/lib/android/sdk/platforms/android-35/data/res/values-mcc310-mnc230-uk: Cannot change mode to rwxr-xr-x: Operation not permitted
build	Cache Android SDK	2026-06-06T12:22:46.2368515Z /usr/bin/tar: ../../../../../usr/local/lib/android/sdk/platforms/android-35/data/res/values-mcc302-mnc370-ky: Cannot utime: Operation not permitted
build	Cache Android SDK	2026-06-06T12:22:46.2369014Z /usr/bin/tar: ../../../../../usr/local/lib/android/sdk/platforms/android-35/data/res/values-mcc302-mnc370-ky: Cannot change mode to rwxr-xr-x: Operation not permitted
build	Cache Android SDK	2026-06-06T12:22:46.2372024Z /usr/bin/tar: ../../../../../usr/local/lib/android/sdk/platforms/android-35/data/res/values-mcc310-mnc950-ky: Cannot utime: Operation not permitted
build	Cache Android SDK	2026-06-06T12:22:46.2372685Z /usr/bin/tar: ../../../../../usr/local/lib/android/sdk/platforms/android-35/data/res/values-mcc310-mnc950-ky: Cannot change mode to rwxr-xr-x: Operation not permitted
build	Cache Android SDK	2026-06-06T12:22:46.2374898Z /usr/bin/tar: ../../../../../usr/local/lib/android/sdk/platforms/android-35/data/res/values-vi-watch: Cannot utime: Operation not permitted
build	Cache Android SDK	2026-06-06T12:22:46.2375341Z /usr/bin/tar: ../../../../../usr/local/lib/android/sdk/platforms/android-35/data/res/values-vi-watch: Cannot change mode to rwxr-xr-x: Operation not permitted
build	Cache Android SDK	2026-06-06T12:22:46.2377931Z /usr/bin/tar: ../../../../../usr/local/lib/android/sdk/platforms/android-35/data/res/values-mcc310-mnc410-ka: Cannot utime: Operation not permitted
build	Cache Android SDK	2026-06-06T12:22:46.2378383Z /usr/bin/tar: ../../../../../usr/local/lib/android/sdk/platforms/android-35/data/res/values-mcc310-mnc410-ka: Cannot change mode to rwxr-xr-x: Operation not permitted
build	Cache Android SDK	2026-06-06T12:22:46.2381233Z /usr/bin/tar: ../../../../../usr/local/lib/android/sdk/platforms/android-35/data/res/values-mcc310-mnc220-in: Cannot utime: Operation not permitted
build	Cache Android SDK	2026-06-06T12:22:46.2381770Z /usr/bin/tar: ../../../../../usr/local/lib/android/sdk/platforms/android-35/data/res/values-mcc310-mnc220-in: Cannot change mode to rwxr-xr-x: Operation not permitted
build	Cache Android SDK	2026-06-06T12:22:46.2384660Z /usr/bin/tar: ../../../../../usr/local/lib/android/sdk/platforms/android-35/data/res/values-lo-watch: Cannot utime: Operation not permitted
build	Cache Android SDK	2026-06-06T12:22:46.2385090Z /usr/bin/tar: ../../../../../usr/local/lib/android/sdk/platforms/android-35/data/res/values-lo-watch: Cannot change mode to rwxr-xr-x: Operation not permitted
build	Cache Android SDK	2026-06-06T12:22:46.2388153Z /usr/bin/tar: ../../../../../usr/local/lib/android/sdk/platforms/android-35/data/res/values-mcc310-mnc240-sw: Cannot utime: Operation not permitted
build	Cache Android SDK	2026-06-06T12:22:46.2388709Z /usr/bin/tar: ../../../../../usr/local/lib/android/sdk/platforms/android-35/data/res/values-mcc310-mnc240-sw: Cannot change mode to rwxr-xr-x: Operation not permitted
build	Cache Android SDK	2026-06-06T12:22:46.2391085Z /usr/bin/tar: ../../../../../usr/local/lib/android/sdk/platforms/android-35/data/res/values-mcc310-mnc200-vi: Cannot utime: Operation not permitted
build	Cache Android SDK	2026-06-06T12:22:46.2391536Z /usr/bin/tar: ../../../../../usr/local/lib/android/sdk/platforms/android-35/data/res/values-mcc310-mnc200-vi: Cannot change mode to rwxr-xr-x: Operation not permitted
build	Cache Android SDK	2026-06-06T12:22:46.2394311Z /usr/bin/tar: ../../../../../usr/local/lib/android/sdk/platforms/android-35/data/res/values-mcc310-mnc030-is: Cannot utime: Operation not permitted
build	Cache Android SDK	2026-06-06T12:22:46.2394767Z /usr/bin/tar: ../../../../../usr/local/lib/android/sdk/platforms/android-35/data/res/values-mcc310-mnc030-is: Cannot change mode to rwxr-xr-x: Operation not permitted
build	Cache Android SDK	2026-06-06T12:22:46.2397692Z /usr/bin/tar: ../../../../../usr/local/lib/android/sdk/platforms/android-35/data/res/values-mcc302-mnc720-it: Cannot utime: Operation not permitted
build	Cache Android SDK	2026-06-06T12:22:46.2398164Z /usr/bin/tar: ../../../../../usr/local/lib/android/sdk/platforms/android-35/data/res/values-mcc302-mnc720-it: Cannot change mode to rwxr-xr-x: Operation not permitted
build	Cache Android SDK	2026-06-06T12:22:46.2400648Z /usr/bin/tar: ../../../../../usr/local/lib/android/sdk/platforms/android-35/data/res/values-mcc310-mnc160-zh-rHK: Cannot utime: Operation not permitted
build	Cache Android SDK	2026-06-06T12:22:46.2401131Z /usr/bin/tar: ../../../../../usr/local/lib/android/sdk/platforms/android-35/data/res/values-mcc310-mnc160-zh-rHK: Cannot change mode to rwxr-xr-x: Operation not permitted
build	Cache Android SDK	2026-06-06T12:22:46.2404069Z /usr/bin/tar: ../../../../../usr/local/lib/android/sdk/platforms/android-35/data/res/values-mcc310-mnc410-vi: Cannot utime: Operation not permitted
build	Cache Android SDK	2026-06-06T12:22:46.2404519Z /usr/bin/tar: ../../../../../usr/local/lib/android/sdk/platforms/android-35/data/res/values-mcc310-mnc410-vi: Cannot change mode to rwxr-xr-x: Operation not permitted
build	Cache Android SDK	2026-06-06T12:22:46.2406863Z /usr/bin/tar: ../../../../../usr/local/lib/android/sdk/platforms/android-35/data/res/values-mcc311-mnc180-fa: Cannot utime: Operation not permitted
build	Cache Android SDK	2026-06-06T12:22:46.2407583Z /usr/bin/tar: ../../../../../usr/local/lib/android/sdk/platforms/android-35/data/res/values-mcc311-mnc180-fa: Cannot change mode to rwxr-xr-x: Operation not permitted
build	Cache Android SDK	2026-06-06T12:22:46.2410827Z /usr/bin/tar: ../../../../../usr/local/lib/android/sdk/platforms/android-35/data/res/values-mcc310-mnc150-th: Cannot utime: Operation not permitted
build	Cache Android SDK	2026-06-06T12:22:46.2411329Z /usr/bin/tar: ../../../../../usr/local/lib/android/sdk/platforms/android-35/data/res/values-mcc310-mnc150-th: Cannot change mode to rwxr-xr-x: Operation not permitted
build	Cache Android SDK	2026-06-06T12:22:46.2413861Z /usr/bin/tar: ../../../../../usr/local/lib/android/sdk/platforms/android-35/data/res/values-mcc001-mnc01-az: Cannot utime: Operation not permitted
build	Cache Android SDK	2026-06-06T12:22:46.2414320Z /usr/bin/tar: ../../../../../usr/local/lib/android/sdk/platforms/android-35/data/res/values-mcc001-mnc01-az: Cannot change mode to rwxr-xr-x: Operation not permitted
build	Cache Android SDK	2026-06-06T12:22:46.2416829Z /usr/bin/tar: ../../../../../usr/local/lib/android/sdk/platforms/android-35/data/res/values-mcc310-mnc660-lt: Cannot utime: Operation not permitted
build	Cache Android SDK	2026-06-06T12:22:46.2417544Z /usr/bin/tar: ../../../../../usr/local/lib/android/sdk/platforms/android-35/data/res/values-mcc310-mnc660-lt: Cannot change mode to rwxr-xr-x: Operation not permitted
build	Cache Android SDK	2026-06-06T12:22:46.2439245Z /usr/bin/tar: ../../../../../usr/local/lib/android/sdk/platforms/android-35/data/res/values-mcc310-mnc490-zh-rTW: Cannot utime: Operation not permitted
build	Cache Android SDK	2026-06-06T12:22:46.2440283Z /usr/bin/tar: ../../../../../usr/local/lib/android/sdk/platforms/android-35/data/res/values-mcc310-mnc490-zh-rTW: Cannot change mode to rwxr-xr-x: Operation not permitted
build	Cache Android SDK	2026-06-06T12:22:46.2441033Z /usr/bin/tar: ../../../../../usr/local/lib/android/sdk/platforms/android-35/data/res/values-mcc311-mnc180-hy: Cannot utime: Operation not permitted
build	Cache Android SDK	2026-06-06T12:22:46.2441676Z /usr/bin/tar: ../../../../../usr/local/lib/android/sdk/platforms/android-35/data/res/values-mcc311-mnc180-hy: Cannot change mode to rwxr-xr-x: Operation not permitted
build	Cache Android SDK	2026-06-06T12:22:46.2442083Z /usr/bin/tar: ../../../../../usr/local/lib/android/sdk/platforms/android-35/data/res/values-mcc310-mnc490-ja: Cannot utime: Operation not permitted
build	Cache Android SDK	2026-06-06T12:22:46.2442520Z /usr/bin/tar: ../../../../../usr/local/lib/android/sdk/platforms/android-35/data/res/values-mcc310-mnc490-ja: Cannot change mode to rwxr-xr-x: Operation not permitted
build	Cache Android SDK	2026-06-06T12:22:46.2442910Z /usr/bin/tar: ../../../../../usr/local/lib/android/sdk/platforms/android-35/data/res/values-mcc310-mnc560-te: Cannot utime: Operation not permitted
build	Cache Android SDK	2026-06-06T12:22:46.2443598Z /usr/bin/tar: ../../../../../usr/local/lib/android/sdk/platforms/android-35/data/res/values-mcc310-mnc560-te: Cannot change mode to rwxr-xr-x: Operation not permitted
build	Cache Android SDK	2026-06-06T12:22:46.2444327Z /usr/bin/tar: ../../../../../usr/local/lib/android/sdk/platforms/android-35/data/res/values-mcc310-mnc310-iw: Cannot utime: Operation not permitted
build	Cache Android SDK	2026-06-06T12:22:46.2444939Z /usr/bin/tar: ../../../../../usr/local/lib/android/sdk/platforms/android-35/data/res/values-mcc310-mnc310-iw: Cannot change mode to rwxr-xr-x: Operation not permitted
build	Cache Android SDK	2026-06-06T12:22:46.2445327Z /usr/bin/tar: ../../../../../usr/local/lib/android/sdk/platforms/android-35/data/res/values-sw-television: Cannot utime: Operation not permitted
build	Cache Android SDK	2026-06-06T12:22:46.2445765Z /usr/bin/tar: ../../../../../usr/local/lib/android/sdk/platforms/android-35/data/res/values-sw-television: Cannot change mode to rwxr-xr-x: Operation not permitted
build	Cache Android SDK	2026-06-06T12:22:46.2446160Z /usr/bin/tar: ../../../../../usr/local/lib/android/sdk/platforms/android-35/data/res/values-mcc310-mnc250-kk: Cannot utime: Operation not permitted
build	Cache Android SDK	2026-06-06T12:22:46.2446598Z /usr/bin/tar: ../../../../../usr/local/lib/android/sdk/platforms/android-35/data/res/values-mcc310-mnc250-kk: Cannot change mode to rwxr-xr-x: Operation not permitted
build	Cache Android SDK	2026-06-06T12:22:46.2447296Z /usr/bin/tar: ../../../../../usr/local/lib/android/sdk/platforms/android-35/data/res/values-mcc310-mnc030-th: Cannot utime: Operation not permitted
build	Cache Android SDK	2026-06-06T12:22:46.2448355Z /usr/bin/tar: ../../../../../usr/local/lib/android/sdk/platforms/android-35/data/res/values-mcc310-mnc030-th: Cannot change mode to rwxr-xr-x: Operation not permitted
build	Cache Android SDK	2026-06-06T12:22:46.2449008Z /usr/bin/tar: ../../../../../usr/local/lib/android/sdk/platforms/android-35/data/res/values-lt-rLT: Cannot utime: Operation not permitted
build	Cache Android SDK	2026-06-06T12:22:46.2449539Z /usr/bin/tar: ../../../../../usr/local/lib/android/sdk/platforms/android-35/data/res/values-lt-rLT: Cannot change mode to rwxr-xr-x: Operation not permitted
build	Cache Android SDK	2026-06-06T12:22:46.2452596Z /usr/bin/tar: ../../../../../usr/local/lib/android/sdk/platforms/android-35/data/res/values-mcc310-mnc800-ar: Cannot utime: Operation not permitted
build	Cache Android SDK	2026-06-06T12:22:46.2453057Z /usr/bin/tar: ../../../../../usr/local/lib/android/sdk/platforms/android-35/data/res/values-mcc310-mnc800-ar: Cannot change mode to rwxr-xr-x: Operation not permitted
build	Cache Android SDK	2026-06-06T12:22:46.2455734Z /usr/bin/tar: ../../../../../usr/local/lib/android/sdk/platforms/android-35/data/res/values-mcc310-mnc410-eu: Cannot utime: Operation not permitted
build	Cache Android SDK	2026-06-06T12:22:46.2456287Z /usr/bin/tar: ../../../../../usr/local/lib/android/sdk/platforms/android-35/data/res/values-mcc310-mnc410-eu: Cannot change mode to rwxr-xr-x: Operation not permitted
build	Cache Android SDK	2026-06-06T12:22:46.2458720Z /usr/bin/tar: ../../../../../usr/local/lib/android/sdk/platforms/android-35/data/res/values-mcc310-mnc560-hr: Cannot utime: Operation not permitted
build	Cache Android SDK	2026-06-06T12:22:46.2459169Z /usr/bin/tar: ../../../../../usr/local/lib/android/sdk/platforms/android-35/data/res/values-mcc310-mnc560-hr: Cannot change mode to rwxr-xr-x: Operation not permitted
build	Cache Android SDK	2026-06-06T12:22:46.2467211Z /usr/bin/tar: ../../../../../usr/local/lib/android/sdk/platforms/android-35/data/res/anim-ldrtl: Cannot utime: Operation not permitted
build	Cache Android SDK	2026-06-06T12:22:46.2468002Z /usr/bin/tar: ../../../../../usr/local/lib/android/sdk/platforms/android-35/data/res/anim-ldrtl: Cannot change mode to rwxr-xr-x: Operation not permitted
build	Cache Android SDK	2026-06-06T12:22:46.2474102Z /usr/bin/tar: ../../../../../usr/local/lib/android/sdk/platforms/android-35/data/res/values-mk: Cannot utime: Operation not permitted
build	Cache Android SDK	2026-06-06T12:22:46.2475057Z /usr/bin/tar: ../../../../../usr/local/lib/android/sdk/platforms/android-35/data/res/values-mk: Cannot change mode to rwxr-xr-x: Operation not permitted
build	Cache Android SDK	2026-06-06T12:22:46.2477908Z /usr/bin/tar: ../../../../../usr/local/lib/android/sdk/platforms/android-35/data/res/values-mcc310-mnc030-ja: Cannot utime: Operation not permitted
build	Cache Android SDK	2026-06-06T12:22:46.2478846Z /usr/bin/tar: ../../../../../usr/local/lib/android/sdk/platforms/android-35/data/res/values-mcc310-mnc030-ja: Cannot change mode to rwxr-xr-x: Operation not permitted
build	Cache Android SDK	2026-06-06T12:22:46.2480695Z /usr/bin/tar: ../../../../../usr/local/lib/android/sdk/platforms/android-35/data/res/values-mcc310-mnc160-ro: Cannot utime: Operation not permitted
build	Cache Android SDK	2026-06-06T12:22:46.2481165Z /usr/bin/tar: ../../../../../usr/local/lib/android/sdk/platforms/android-35/data/res/values-mcc310-mnc160-ro: Cannot change mode to rwxr-xr-x: Operation not permitted
build	Cache Android SDK	2026-06-06T12:22:46.2483836Z /usr/bin/tar: ../../../../../usr/local/lib/android/sdk/platforms/android-35/data/res/values-mcc310-mnc200-sk: Cannot utime: Operation not permitted
build	Cache Android SDK	2026-06-06T12:22:46.2484295Z /usr/bin/tar: ../../../../../usr/local/lib/android/sdk/platforms/android-35/data/res/values-mcc310-mnc200-sk: Cannot change mode to rwxr-xr-x: Operation not permitted
build	Cache Android SDK	2026-06-06T12:22:46.2486727Z /usr/bin/tar: ../../../../../usr/local/lib/android/sdk/platforms/android-35/data/res/values-mcc310-mnc660-sl: Cannot utime: Operation not permitted
build	Cache Android SDK	2026-06-06T12:22:46.2487167Z /usr/bin/tar: ../../../../../usr/local/lib/android/sdk/platforms/android-35/data/res/values-mcc310-mnc660-sl: Cannot change mode to rwxr-xr-x: Operation not permitted
build	Cache Android SDK	2026-06-06T12:22:46.2489937Z /usr/bin/tar: ../../../../../usr/local/lib/android/sdk/platforms/android-35/data/res/values-mcc310-mnc200-eu: Cannot utime: Operation not permitted
build	Cache Android SDK	2026-06-06T12:22:46.2490618Z /usr/bin/tar: ../../../../../usr/local/lib/android/sdk/platforms/android-35/data/res/values-mcc310-mnc200-eu: Cannot change mode to rwxr-xr-x: Operation not permitted
build	Cache Android SDK	2026-06-06T12:22:46.2492949Z /usr/bin/tar: ../../../../../usr/local/lib/android/sdk/platforms/android-35/data/res/values-mcc334-mnc020-sq: Cannot utime: Operation not permitted
build	Cache Android SDK	2026-06-06T12:22:46.2493412Z /usr/bin/tar: ../../../../../usr/local/lib/android/sdk/platforms/android-35/data/res/values-mcc334-mnc020-sq: Cannot change mode to rwxr-xr-x: Operation not permitted
build	Cache Android SDK	2026-06-06T12:22:46.2495982Z /usr/bin/tar: ../../../../../usr/local/lib/android/sdk/platforms/android-35/data/res/values-mcc310-mnc220-fa: Cannot utime: Operation not permitted
build	Cache Android SDK	2026-06-06T12:22:46.2496432Z /usr/bin/tar: ../../../../../usr/local/lib/android/sdk/platforms/android-35/data/res/values-mcc310-mnc220-fa: Cannot change mode to rwxr-xr-x: Operation not permitted
build	Cache Android SDK	2026-06-06T12:22:46.2499180Z /usr/bin/tar: ../../../../../usr/local/lib/android/sdk/platforms/android-35/data/res/values-mcc313-mnc100-ml: Cannot utime: Operation not permitted
build	Cache Android SDK	2026-06-06T12:22:46.2499770Z /usr/bin/tar: ../../../../../usr/local/lib/android/sdk/platforms/android-35/data/res/values-mcc313-mnc100-ml: Cannot change mode to rwxr-xr-x: Operation not permitted
build	Cache Android SDK	2026-06-06T12:22:46.2502139Z /usr/bin/tar: ../../../../../usr/local/lib/android/sdk/platforms/android-35/data/res/values-mcc310-mnc280-pa: Cannot utime: Operation not permitted
build	Cache Android SDK	2026-06-06T12:22:46.2502596Z /usr/bin/tar: ../../../../../usr/local/lib/android/sdk/platforms/android-35/data/res/values-mcc310-mnc280-pa: Cannot change mode to rwxr-xr-x: Operation not permitted
build	Cache Android SDK	2026-06-06T12:22:46.2505342Z /usr/bin/tar: ../../../../../usr/local/lib/android/sdk/platforms/android-35/data/res/values-mcc310-mnc160-sw: Cannot utime: Operation not permitted
build	Cache Android SDK	2026-06-06T12:22:46.2505883Z /usr/bin/tar: ../../../../../usr/local/lib/android/sdk/platforms/android-35/data/res/values-mcc310-mnc160-sw: Cannot change mode to rwxr-xr-x: Operation not permitted
build	Cache Android SDK	2026-06-06T12:22:46.2508592Z /usr/bin/tar: ../../../../../usr/local/lib/android/sdk/platforms/android-35/data/res/values-mcc310-mnc800-nl: Cannot utime: Operation not permitted
build	Cache Android SDK	2026-06-06T12:22:46.2509049Z /usr/bin/tar: ../../../../../usr/local/lib/android/sdk/platforms/android-35/data/res/values-mcc310-mnc800-nl: Cannot change mode to rwxr-xr-x: Operation not permitted
build	Cache Android SDK	2026-06-06T12:22:46.2511693Z /usr/bin/tar: ../../../../../usr/local/lib/android/sdk/platforms/android-35/data/res/raw-pl: Cannot utime: Operation not permitted
build	Cache Android SDK	2026-06-06T12:22:46.2512104Z /usr/bin/tar: ../../../../../usr/local/lib/android/sdk/platforms/android-35/data/res/raw-pl: Cannot change mode to rwxr-xr-x: Operation not permitted
build	Cache Android SDK	2026-06-06T12:22:46.2515031Z /usr/bin/tar: ../../../../../usr/local/lib/android/sdk/platforms/android-35/data/res/values-mcc310-mnc950-sw: Cannot utime: Operation not permitted
build	Cache Android SDK	2026-06-06T12:22:46.2515499Z /usr/bin/tar: ../../../../../usr/local/lib/android/sdk/platforms/android-35/data/res/values-mcc310-mnc950-sw: Cannot change mode to rwxr-xr-x: Operation not permitted
build	Cache Android SDK	2026-06-06T12:22:46.2518619Z /usr/bin/tar: ../../../../../usr/local/lib/android/sdk/platforms/android-35/data/res/values-mcc310-mnc170-en-rAU: Cannot utime: Operation not permitted
build	Cache Android SDK	2026-06-06T12:22:46.2519094Z /usr/bin/tar: ../../../../../usr/local/lib/android/sdk/platforms/android-35/data/res/values-mcc310-mnc170-en-rAU: Cannot change mode to rwxr-xr-x: Operation not permitted
build	Cache Android SDK	2026-06-06T12:22:46.2532151Z /usr/bin/tar: ../../../../../usr/local/lib/android/sdk/platforms/android-35/data/res/drawable-land-ldpi: Cannot utime: Operation not permitted
build	Cache Android SDK	2026-06-06T12:22:46.2532657Z /usr/bin/tar: ../../../../../usr/local/lib/android/sdk/platforms/android-35/data/res/drawable-land-ldpi: Cannot change mode to rwxr-xr-x: Operation not permitted
build	Cache Android SDK	2026-06-06T12:22:46.2534852Z /usr/bin/tar: ../../../../../usr/local/lib/android/sdk/platforms/android-35/data/res/values-mcc311-mnc180-cs: Cannot utime: Operation not permitted
build	Cache Android SDK	2026-06-06T12:22:46.2535429Z /usr/bin/tar: ../../../../../usr/local/lib/android/sdk/platforms/android-35/data/res/values-mcc311-mnc180-cs: Cannot change mode to rwxr-xr-x: Operation not permitted
build	Cache Android SDK	2026-06-06T12:22:46.2538167Z /usr/bin/tar: ../../../../../usr/local/lib/android/sdk/platforms/android-35/data/res/values-mcc312-mnc670-sk: Cannot utime: Operation not permitted
build	Cache Android SDK	2026-06-06T12:22:46.2538626Z /usr/bin/tar: ../../../../../usr/local/lib/android/sdk/platforms/android-35/data/res/values-mcc312-mnc670-sk: Cannot change mode to rwxr-xr-x: Operation not permitted
build	Cache Android SDK	2026-06-06T12:22:46.2541289Z /usr/bin/tar: ../../../../../usr/local/lib/android/sdk/platforms/android-35/data/res/values-mcc302-mnc720-pl: Cannot utime: Operation not permitted
build	Cache Android SDK	2026-06-06T12:22:46.2541746Z /usr/bin/tar: ../../../../../usr/local/lib/android/sdk/platforms/android-35/data/res/values-mcc302-mnc720-pl: Cannot change mode to rwxr-xr-x: Operation not permitted
build	Cache Android SDK	2026-06-06T12:22:46.2544183Z /usr/bin/tar: ../../../../../usr/local/lib/android/sdk/platforms/android-35/data/res/values-mcc310-mnc200-zh-rCN: Cannot utime: Operation not permitted
build	Cache Android SDK	2026-06-06T12:22:46.2544800Z /usr/bin/tar: ../../../../../usr/local/lib/android/sdk/platforms/android-35/data/res/values-mcc310-mnc200-zh-rCN: Cannot change mode to rwxr-xr-x: Operation not permitted
build	Cache Android SDK	2026-06-06T12:22:46.2547958Z /usr/bin/tar: ../../../../../usr/local/lib/android/sdk/platforms/android-35/data/res/values-mcc310-mnc220-sr: Cannot utime: Operation not permitted
build	Cache Android SDK	2026-06-06T12:22:46.2548421Z /usr/bin/tar: ../../../../../usr/local/lib/android/sdk/platforms/android-35/data/res/values-mcc310-mnc220-sr: Cannot change mode to rwxr-xr-x: Operation not permitted
build	Cache Android SDK	2026-06-06T12:22:46.2550710Z /usr/bin/tar: ../../../../../usr/local/lib/android/sdk/platforms/android-35/data/res/values-mcc310-mnc160-tr: Cannot utime: Operation not permitted
build	Cache Android SDK	2026-06-06T12:22:46.2551167Z /usr/bin/tar: ../../../../../usr/local/lib/android/sdk/platforms/android-35/data/res/values-mcc310-mnc160-tr: Cannot change mode to rwxr-xr-x: Operation not permitted
build	Cache Android SDK	2026-06-06T12:22:46.2553820Z /usr/bin/tar: ../../../../../usr/local/lib/android/sdk/platforms/android-35/data/res/values-pt-rPT-watch: Cannot utime: Operation not permitted
build	Cache Android SDK	2026-06-06T12:22:46.2554275Z /usr/bin/tar: ../../../../../usr/local/lib/android/sdk/platforms/android-35/data/res/values-pt-rPT-watch: Cannot change mode to rwxr-xr-x: Operation not permitted
build	Cache Android SDK	2026-06-06T12:22:46.2556543Z /usr/bin/tar: ../../../../../usr/local/lib/android/sdk/platforms/android-35/data/res/values-mcc310-mnc410-zh-rTW: Cannot utime: Operation not permitted
build	Cache Android SDK	2026-06-06T12:22:46.2557021Z /usr/bin/tar: ../../../../../usr/local/lib/android/sdk/platforms/android-35/data/res/values-mcc310-mnc410-zh-rTW: Cannot change mode to rwxr-xr-x: Operation not permitted
build	Cache Android SDK	2026-06-06T12:22:46.2560061Z /usr/bin/tar: ../../../../../usr/local/lib/android/sdk/platforms/android-35/data/res/values-mcc334-mnc020-sr: Cannot utime: Operation not permitted
build	Cache Android SDK	2026-06-06T12:22:46.2560565Z /usr/bin/tar: ../../../../../usr/local/lib/android/sdk/platforms/android-35/data/res/values-mcc334-mnc020-sr: Cannot change mode to rwxr-xr-x: Operation not permitted
build	Cache Android SDK	2026-06-06T12:22:46.2563038Z /usr/bin/tar: ../../../../../usr/local/lib/android/sdk/platforms/android-35/data/res/values-mcc310-mnc240-fi: Cannot utime: Operation not permitted
build	Cache Android SDK	2026-06-06T12:22:46.2563490Z /usr/bin/tar: ../../../../../usr/local/lib/android/sdk/platforms/android-35/data/res/values-mcc310-mnc240-fi: Cannot change mode to rwxr-xr-x: Operation not permitted
build	Cache Android SDK	2026-06-06T12:22:46.2567279Z /usr/bin/tar: ../../../../../usr/local/lib/android/sdk/platforms/android-35/data/res/values-mcc310-mnc560-sr: Cannot utime: Operation not permitted
build	Cache Android SDK	2026-06-06T12:22:46.2567897Z /usr/bin/tar: ../../../../../usr/local/lib/android/sdk/platforms/android-35/data/res/values-mcc310-mnc560-sr: Cannot change mode to rwxr-xr-x: Operation not permitted
build	Cache Android SDK	2026-06-06T12:22:46.2570365Z /usr/bin/tar: ../../../../../usr/local/lib/android/sdk/platforms/android-35/data/res/values-da-rDK: Cannot utime: Operation not permitted
build	Cache Android SDK	2026-06-06T12:22:46.2570889Z /usr/bin/tar: ../../../../../usr/local/lib/android/sdk/platforms/android-35/data/res/values-da-rDK: Cannot change mode to rwxr-xr-x: Operation not permitted
build	Cache Android SDK	2026-06-06T12:22:46.2573186Z /usr/bin/tar: ../../../../../usr/local/lib/android/sdk/platforms/android-35/data/res/values-mcc310-mnc410-gu: Cannot utime: Operation not permitted
build	Cache Android SDK	2026-06-06T12:22:46.2573692Z /usr/bin/tar: ../../../../../usr/local/lib/android/sdk/platforms/android-35/data/res/values-mcc310-mnc410-gu: Cannot change mode to rwxr-xr-x: Operation not permitted
build	Cache Android SDK	2026-06-06T12:22:46.2576007Z /usr/bin/tar: ../../../../../usr/local/lib/android/sdk/platforms/android-35/data/res/values-mcc334-mnc020-ka: Cannot utime: Operation not permitted
build	Cache Android SDK	2026-06-06T12:22:46.2576451Z /usr/bin/tar: ../../../../../usr/local/lib/android/sdk/platforms/android-35/data/res/values-mcc334-mnc020-ka: Cannot change mode to rwxr-xr-x: Operation not permitted
build	Cache Android SDK	2026-06-06T12:22:46.2579195Z /usr/bin/tar: ../../../../../usr/local/lib/android/sdk/platforms/android-35/data/res/values-mcc310-mnc560-nb: Cannot utime: Operation not permitted
build	Cache Android SDK	2026-06-06T12:22:46.2582252Z /usr/bin/tar: ../../../../../usr/local/lib/android/sdk/platforms/android-35/data/res/values-mcc310-mnc560-nb: Cannot change mode to rwxr-xr-x: Operation not permitted
build	Cache Android SDK	2026-06-06T12:22:46.2582844Z /usr/bin/tar: ../../../../../usr/local/lib/android/sdk/platforms/android-35/data/res/values-mcc310-mnc240-en-rGB: Cannot utime: Operation not permitted
build	Cache Android SDK	2026-06-06T12:22:46.2583476Z /usr/bin/tar: ../../../../../usr/local/lib/android/sdk/platforms/android-35/data/res/values-mcc310-mnc240-en-rGB: Cannot change mode to rwxr-xr-x: Operation not permitted
build	Cache Android SDK	2026-06-06T12:22:46.2585126Z /usr/bin/tar: ../../../../../usr/local/lib/android/sdk/platforms/android-35/data/res/values-mcc310-mnc380-zh-rTW: Cannot utime: Operation not permitted
build	Cache Android SDK	2026-06-06T12:22:46.2585673Z /usr/bin/tar: ../../../../../usr/local/lib/android/sdk/platforms/android-35/data/res/values-mcc310-mnc380-zh-rTW: Cannot change mode to rwxr-xr-x: Operation not permitted
build	Cache Android SDK	2026-06-06T12:22:46.2590711Z /usr/bin/tar: ../../../../../usr/local/lib/android/sdk/platforms/android-35/data/res/values-mcc310-mnc210-sr: Cannot utime: Operation not permitted
build	Cache Android SDK	2026-06-06T12:22:46.2591180Z /usr/bin/tar: ../../../../../usr/local/lib/android/sdk/platforms/android-35/data/res/values-mcc310-mnc210-sr: Cannot change mode to rwxr-xr-x: Operation not permitted
build	Cache Android SDK	2026-06-06T12:22:46.2593680Z /usr/bin/tar: ../../../../../usr/local/lib/android/sdk/platforms/android-35/data/res/values-mcc310-mnc380-as: Cannot utime: Operation not permitted
build	Cache Android SDK	2026-06-06T12:22:46.2594130Z /usr/bin/tar: ../../../../../usr/local/lib/android/sdk/platforms/android-35/data/res/values-mcc310-mnc380-as: Cannot change mode to rwxr-xr-x: Operation not permitted
build	Cache Android SDK	2026-06-06T12:22:46.2596776Z /usr/bin/tar: ../../../../../usr/local/lib/android/sdk/platforms/android-35/data/res/values-mcc312-mnc670-nb: Cannot utime: Operation not permitted
build	Cache Android SDK	2026-06-06T12:22:46.2597234Z /usr/bin/tar: ../../../../../usr/local/lib/android/sdk/platforms/android-35/data/res/values-mcc312-mnc670-nb: Cannot change mode to rwxr-xr-x: Operation not permitted
build	Cache Android SDK	2026-06-06T12:22:46.2599708Z /usr/bin/tar: ../../../../../usr/local/lib/android/sdk/platforms/android-35/data/res/values-mcc302-mnc370-bg: Cannot utime: Operation not permitted
build	Cache Android SDK	2026-06-06T12:22:46.2600161Z /usr/bin/tar: ../../../../../usr/local/lib/android/sdk/platforms/android-35/data/res/values-mcc302-mnc370-bg: Cannot change mode to rwxr-xr-x: Operation not permitted
build	Cache Android SDK	2026-06-06T12:22:46.2602327Z /usr/bin/tar: ../../../../../usr/local/lib/android/sdk/platforms/android-35/data/res/values-mcc310-mnc200-it: Cannot utime: Operation not permitted
build	Cache Android SDK	2026-06-06T12:22:46.2602787Z /usr/bin/tar: ../../../../../usr/local/lib/android/sdk/platforms/android-35/data/res/values-mcc310-mnc200-it: Cannot change mode to rwxr-xr-x: Operation not permitted
build	Cache Android SDK	2026-06-06T12:22:46.2605227Z /usr/bin/tar: ../../../../../usr/local/lib/android/sdk/platforms/android-35/data/res/values-w211dp: Cannot utime: Operation not permitted
build	Cache Android SDK	2026-06-06T12:22:46.2605770Z /usr/bin/tar: ../../../../../usr/local/lib/android/sdk/platforms/android-35/data/res/values-w211dp: Cannot change mode to rwxr-xr-x: Operation not permitted
build	Cache Android SDK	2026-06-06T12:22:46.2608470Z /usr/bin/tar: ../../../../../usr/local/lib/android/sdk/platforms/android-35/data/res/values-sk-watch: Cannot utime: Operation not permitted
build	Cache Android SDK	2026-06-06T12:22:46.2609016Z /usr/bin/tar: ../../../../../usr/local/lib/android/sdk/platforms/android-35/data/res/values-sk-watch: Cannot change mode to rwxr-xr-x: Operation not permitted
build	Cache Android SDK	2026-06-06T12:22:46.2612616Z /usr/bin/tar: ../../../../../usr/local/lib/android/sdk/platforms/android-35/data/res/values-mcc310-mnc030-te: Cannot utime: Operation not permitted
build	Cache Android SDK	2026-06-06T12:22:46.2613080Z /usr/bin/tar: ../../../../../usr/local/lib/android/sdk/platforms/android-35/data/res/values-mcc310-mnc030-te: Cannot change mode to rwxr-xr-x: Operation not permitted
build	Cache Android SDK	2026-06-06T12:22:46.2616211Z /usr/bin/tar: ../../../../../usr/local/lib/android/sdk/platforms/android-35/data/res/values-mcc310-mnc250-es: Cannot utime: Operation not permitted
build	Cache Android SDK	2026-06-06T12:22:46.2616819Z /usr/bin/tar: ../../../../../usr/local/lib/android/sdk/platforms/android-35/data/res/values-mcc310-mnc250-es: Cannot change mode to rwxr-xr-x: Operation not permitted
build	Cache Android SDK	2026-06-06T12:22:46.2619543Z /usr/bin/tar: ../../../../../usr/local/lib/android/sdk/platforms/android-35/data/res/values-th-television: Cannot utime: Operation not permitted
build	Cache Android SDK	2026-06-06T12:22:46.2620003Z /usr/bin/tar: ../../../../../usr/local/lib/android/sdk/platforms/android-35/data/res/values-th-television: Cannot change mode to rwxr-xr-x: Operation not permitted
build	Cache Android SDK	2026-06-06T12:22:46.2622415Z /usr/bin/tar: ../../../../../usr/local/lib/android/sdk/platforms/android-35/data/res/values-mcc310-mnc160-es: Cannot utime: Operation not permitted
build	Cache Android SDK	2026-06-06T12:22:46.2622866Z /usr/bin/tar: ../../../../../usr/local/lib/android/sdk/platforms/android-35/data/res/values-mcc310-mnc160-es: Cannot change mode to rwxr-xr-x: Operation not permitted
build	Cache Android SDK	2026-06-06T12:22:46.2625132Z /usr/bin/tar: ../../../../../usr/local/lib/android/sdk/platforms/android-35/data/res/values-ko-rKR: Cannot utime: Operation not permitted
build	Cache Android SDK	2026-06-06T12:22:46.2625561Z /usr/bin/tar: ../../../../../usr/local/lib/android/sdk/platforms/android-35/data/res/values-ko-rKR: Cannot change mode to rwxr-xr-x: Operation not permitted
build	Cache Android SDK	2026-06-06T12:22:46.2628207Z /usr/bin/tar: ../../../../../usr/local/lib/android/sdk/platforms/android-35/data/res/values-mcc310-mnc310-sl: Cannot utime: Operation not permitted
build	Cache Android SDK	2026-06-06T12:22:46.2628653Z /usr/bin/tar: ../../../../../usr/local/lib/android/sdk/platforms/android-35/data/res/values-mcc310-mnc310-sl: Cannot change mode to rwxr-xr-x: Operation not permitted
build	Cache Android SDK	2026-06-06T12:22:46.2631066Z /usr/bin/tar: ../../../../../usr/local/lib/android/sdk/platforms/android-35/data/res/values-mcc001-mnc01-zh-rCN: Cannot utime: Operation not permitted
build	Cache Android SDK	2026-06-06T12:22:46.2631545Z /usr/bin/tar: ../../../../../usr/local/lib/android/sdk/platforms/android-35/data/res/values-mcc001-mnc01-zh-rCN: Cannot change mode to rwxr-xr-x: Operation not permitted
build	Cache Android SDK	2026-06-06T12:22:46.2633849Z /usr/bin/tar: ../../../../../usr/local/lib/android/sdk/platforms/android-35/data/res/values-mcc310-mnc220: Cannot utime: Operation not permitted
build	Cache Android SDK	2026-06-06T12:22:46.2634299Z /usr/bin/tar: ../../../../../usr/local/lib/android/sdk/platforms/android-35/data/res/values-mcc310-mnc220: Cannot change mode to rwxr-xr-x: Operation not permitted
build	Cache Android SDK	2026-06-06T12:22:46.2637034Z /usr/bin/tar: ../../../../../usr/local/lib/android/sdk/platforms/android-35/data/res/values-mcc310-mnc220-hy: Cannot utime: Operation not permitted
build	Cache Android SDK	2026-06-06T12:22:46.2637677Z /usr/bin/tar: ../../../../../usr/local/lib/android/sdk/platforms/android-35/data/res/values-mcc310-mnc220-hy: Cannot change mode to rwxr-xr-x: Operation not permitted
build	Cache Android SDK	2026-06-06T12:22:46.2639953Z /usr/bin/tar: ../../../../../usr/local/lib/android/sdk/platforms/android-35/data/res/values-zu-watch: Cannot utime: Operation not permitted
build	Cache Android SDK	2026-06-06T12:22:46.2640476Z /usr/bin/tar: ../../../../../usr/local/lib/android/sdk/platforms/android-35/data/res/values-zu-watch: Cannot change mode to rwxr-xr-x: Operation not permitted
build	Cache Android SDK	2026-06-06T12:22:46.2642908Z /usr/bin/tar: ../../../../../usr/local/lib/android/sdk/platforms/android-35/data/res/values-mcc310-mnc560-b+sr+Latn: Cannot utime: Operation not permitted
build	Cache Android SDK	2026-06-06T12:22:46.2643394Z /usr/bin/tar: ../../../../../usr/local/lib/android/sdk/platforms/android-35/data/res/values-mcc310-mnc560-b+sr+Latn: Cannot change mode to rwxr-xr-x: Operation not permitted
build	Cache Android SDK	2026-06-06T12:22:46.2646167Z /usr/bin/tar: ../../../../../usr/local/lib/android/sdk/platforms/android-35/data/res/values-mcc310-mnc200-lo: Cannot utime: Operation not permitted
build	Cache Android SDK	2026-06-06T12:22:46.2646624Z /usr/bin/tar: ../../../../../usr/local/lib/android/sdk/platforms/android-35/data/res/values-mcc310-mnc200-lo: Cannot change mode to rwxr-xr-x: Operation not permitted
build	Cache Android SDK	2026-06-06T12:22:46.2649396Z /usr/bin/tar: ../../../../../usr/local/lib/android/sdk/platforms/android-35/data/res/values-mcc310-mnc150-it: Cannot utime: Operation not permitted
build	Cache Android SDK	2026-06-06T12:22:46.2649958Z /usr/bin/tar: ../../../../../usr/local/lib/android/sdk/platforms/android-35/data/res/values-mcc310-mnc150-it: Cannot change mode to rwxr-xr-x: Operation not permitted
build	Cache Android SDK	2026-06-06T12:22:46.2652151Z /usr/bin/tar: ../../../../../usr/local/lib/android/sdk/platforms/android-35/data/res/values-mcc310-mnc230-bs: Cannot utime: Operation not permitted
build	Cache Android SDK	2026-06-06T12:22:46.2652606Z /usr/bin/tar: ../../../../../usr/local/lib/android/sdk/platforms/android-35/data/res/values-mcc310-mnc230-bs: Cannot change mode to rwxr-xr-x: Operation not permitted
build	Cache Android SDK	2026-06-06T12:22:46.2655327Z /usr/bin/tar: ../../../../../usr/local/lib/android/sdk/platforms/android-35/data/res/values-mcc313-mnc100-az: Cannot utime: Operation not permitted
build	Cache Android SDK	2026-06-06T12:22:46.2655773Z /usr/bin/tar: ../../../../../usr/local/lib/android/sdk/platforms/android-35/data/res/values-mcc313-mnc100-az: Cannot change mode to rwxr-xr-x: Operation not permitted
build	Cache Android SDK	2026-06-06T12:22:46.2658069Z /usr/bin/tar: ../../../../../usr/local/lib/android/sdk/platforms/android-35/data/res/values-mcc310-mnc250-sl: Cannot utime: Operation not permitted
build	Cache Android SDK	2026-06-06T12:22:46.2658531Z /usr/bin/tar: ../../../../../usr/local/lib/android/sdk/platforms/android-35/data/res/values-mcc310-mnc250-sl: Cannot change mode to rwxr-xr-x: Operation not permitted
build	Cache Android SDK	2026-06-06T12:22:46.2661037Z /usr/bin/tar: ../../../../../usr/local/lib/android/sdk/platforms/android-35/data/res/values-mcc311-mnc180-ms: Cannot utime: Operation not permitted
build	Cache Android SDK	2026-06-06T12:22:46.2661501Z /usr/bin/tar: ../../../../../usr/local/lib/android/sdk/platforms/android-35/data/res/values-mcc311-mnc180-ms: Cannot change mode to rwxr-xr-x: Operation not permitted
build	Cache Android SDK	2026-06-06T12:22:46.2663879Z /usr/bin/tar: ../../../../../usr/local/lib/android/sdk/platforms/android-35/data/res/values-mcc310-mnc220-th: Cannot utime: Operation not permitted
build	Cache Android SDK	2026-06-06T12:22:46.2664334Z /usr/bin/tar: ../../../../../usr/local/lib/android/sdk/platforms/android-35/data/res/values-mcc310-mnc220-th: Cannot change mode to rwxr-xr-x: Operation not permitted
build	Cache Android SDK	2026-06-06T12:22:46.2666669Z /usr/bin/tar: ../../../../../usr/local/lib/android/sdk/platforms/android-35/data/res/values-mcc334-mnc020-ta: Cannot utime: Operation not permitted
build	Cache Android SDK	2026-06-06T12:22:46.2667121Z /usr/bin/tar: ../../../../../usr/local/lib/android/sdk/platforms/android-35/data/res/values-mcc334-mnc020-ta: Cannot change mode to rwxr-xr-x: Operation not permitted
build	Cache Android SDK	2026-06-06T12:22:46.2669872Z /usr/bin/tar: ../../../../../usr/local/lib/android/sdk/platforms/android-35/data/res/values-mcc302-mnc370-fr-rCA: Cannot utime: Operation not permitted
build	Cache Android SDK	2026-06-06T12:22:46.2670471Z /usr/bin/tar: ../../../../../usr/local/lib/android/sdk/platforms/android-35/data/res/values-mcc302-mnc370-fr-rCA: Cannot change mode to rwxr-xr-x: Operation not permitted
build	Cache Android SDK	2026-06-06T12:22:46.2673600Z /usr/bin/tar: ../../../../../usr/local/lib/android/sdk/platforms/android-35/data/res/values-mcc310-mnc660-in: Cannot utime: Operation not permitted
build	Cache Android SDK	2026-06-06T12:22:46.2674733Z /usr/bin/tar: ../../../../../usr/local/lib/android/sdk/platforms/android-35/data/res/values-mcc310-mnc660-in: Cannot change mode to rwxr-xr-x: Operation not permitted
build	Cache Android SDK	2026-06-06T12:22:46.2676567Z /usr/bin/tar: ../../../../../usr/local/lib/android/sdk/platforms/android-35/data/res/values-mcc001-mnc01-bs: Cannot utime: Operation not permitted
build	Cache Android SDK	2026-06-06T12:22:46.2677023Z /usr/bin/tar: ../../../../../usr/local/lib/android/sdk/platforms/android-35/data/res/values-mcc001-mnc01-bs: Cannot change mode to rwxr-xr-x: Operation not permitted
build	Cache Android SDK	2026-06-06T12:22:46.2679385Z /usr/bin/tar: ../../../../../usr/local/lib/android/sdk/platforms/android-35/data/res/values-mcc310-mnc280-de: Cannot utime: Operation not permitted
build	Cache Android SDK	2026-06-06T12:22:46.2679826Z /usr/bin/tar: ../../../../../usr/local/lib/android/sdk/platforms/android-35/data/res/values-mcc310-mnc280-de: Cannot change mode to rwxr-xr-x: Operation not permitted
build	Cache Android SDK	2026-06-06T12:22:46.2682825Z /usr/bin/tar: ../../../../../usr/local/lib/android/sdk/platforms/android-35/data/res/values-mcc416-mnc77: Cannot utime: Operation not permitted
build	Cache Android SDK	2026-06-06T12:22:46.2683553Z /usr/bin/tar: ../../../../../usr/local/lib/android/sdk/platforms/android-35/data/res/values-mcc416-mnc77: Cannot change mode to rwxr-xr-x: Operation not permitted
build	Cache Android SDK	2026-06-06T12:22:46.2685880Z /usr/bin/tar: ../../../../../usr/local/lib/android/sdk/platforms/android-35/data/res/values-pl-television: Cannot utime: Operation not permitted
build	Cache Android SDK	2026-06-06T12:22:46.2686335Z /usr/bin/tar: ../../../../../usr/local/lib/android/sdk/platforms/android-35/data/res/values-pl-television: Cannot change mode to rwxr-xr-x: Operation not permitted
build	Cache Android SDK	2026-06-06T12:22:46.2689242Z /usr/bin/tar: ../../../../../usr/local/lib/android/sdk/platforms/android-35/data/res/values-h720dp: Cannot utime: Operation not permitted
build	Cache Android SDK	2026-06-06T12:22:46.2689656Z /usr/bin/tar: ../../../../../usr/local/lib/android/sdk/platforms/android-35/data/res/values-h720dp: Cannot change mode to rwxr-xr-x: Operation not permitted
build	Cache Android SDK	2026-06-06T12:22:46.2692313Z /usr/bin/tar: ../../../../../usr/local/lib/android/sdk/platforms/android-35/data/res/values-mcc310-mnc310-b+sr+Latn: Cannot utime: Operation not permitted
build	Cache Android SDK	2026-06-06T12:22:46.2692801Z /usr/bin/tar: ../../../../../usr/local/lib/android/sdk/platforms/android-35/data/res/values-mcc310-mnc310-b+sr+Latn: Cannot change mode to rwxr-xr-x: Operation not permitted
build	Cache Android SDK	2026-06-06T12:22:46.2695339Z /usr/bin/tar: ../../../../../usr/local/lib/android/sdk/platforms/android-35/data/res/values-mcc001-mnc01-eu: Cannot utime: Operation not permitted
build	Cache Android SDK	2026-06-06T12:22:46.2695793Z /usr/bin/tar: ../../../../../usr/local/lib/android/sdk/platforms/android-35/data/res/values-mcc001-mnc01-eu: Cannot change mode to rwxr-xr-x: Operation not permitted
build	Cache Android SDK	2026-06-06T12:22:46.2698346Z /usr/bin/tar: ../../../../../usr/local/lib/android/sdk/platforms/android-35/data/res/values-mcc310-mnc170-mn: Cannot utime: Operation not permitted
build	Cache Android SDK	2026-06-06T12:22:46.2698787Z /usr/bin/tar: ../../../../../usr/local/lib/android/sdk/platforms/android-35/data/res/values-mcc310-mnc170-mn: Cannot change mode to rwxr-xr-x: Operation not permitted
build	Cache Android SDK	2026-06-06T12:22:46.2701389Z /usr/bin/tar: ../../../../../usr/local/lib/android/sdk/platforms/android-35/data/res/values-mcc234: Cannot utime: Operation not permitted
build	Cache Android SDK	2026-06-06T12:22:46.2701811Z /usr/bin/tar: ../../../../../usr/local/lib/android/sdk/platforms/android-35/data/res/values-mcc234: Cannot change mode to rwxr-xr-x: Operation not permitted
build	Cache Android SDK	2026-06-06T12:22:46.2709819Z /usr/bin/tar: ../../../../../usr/local/lib/android/sdk/platforms/android-35/data/res/values-th: Cannot utime: Operation not permitted
build	Cache Android SDK	2026-06-06T12:22:46.2710264Z /usr/bin/tar: ../../../../../usr/local/lib/android/sdk/platforms/android-35/data/res/values-th: Cannot change mode to rwxr-xr-x: Operation not permitted
build	Cache Android SDK	2026-06-06T12:22:46.2713522Z /usr/bin/tar: ../../../../../usr/local/lib/android/sdk/platforms/android-35/data/res/values-mcc310-mnc030-mr: Cannot utime: Operation not permitted
build	Cache Android SDK	2026-06-06T12:22:46.2714043Z /usr/bin/tar: ../../../../../usr/local/lib/android/sdk/platforms/android-35/data/res/values-mcc310-mnc030-mr: Cannot change mode to rwxr-xr-x: Operation not permitted
build	Cache Android SDK	2026-06-06T12:22:46.2716028Z /usr/bin/tar: ../../../../../usr/local/lib/android/sdk/platforms/android-35/data/res/values-mcc310-mnc310-ka: Cannot utime: Operation not permitted
build	Cache Android SDK	2026-06-06T12:22:46.2716613Z /usr/bin/tar: ../../../../../usr/local/lib/android/sdk/platforms/android-35/data/res/values-mcc310-mnc310-ka: Cannot change mode to rwxr-xr-x: Operation not permitted
build	Cache Android SDK	2026-06-06T12:22:46.2719236Z /usr/bin/tar: ../../../../../usr/local/lib/android/sdk/platforms/android-35/data/res/values-mcc310-mnc240-tl: Cannot utime: Operation not permitted
build	Cache Android SDK	2026-06-06T12:22:46.2719692Z /usr/bin/tar: ../../../../../usr/local/lib/android/sdk/platforms/android-35/data/res/values-mcc310-mnc240-tl: Cannot change mode to rwxr-xr-x: Operation not permitted
build	Cache Android SDK	2026-06-06T12:22:46.2722343Z /usr/bin/tar: ../../../../../usr/local/lib/android/sdk/platforms/android-35/data/res/values-el-television: Cannot utime: Operation not permitted
build	Cache Android SDK	2026-06-06T12:22:46.2722903Z /usr/bin/tar: ../../../../../usr/local/lib/android/sdk/platforms/android-35/data/res/values-el-television: Cannot change mode to rwxr-xr-x: Operation not permitted
build	Cache Android SDK	2026-06-06T12:22:46.2725573Z /usr/bin/tar: ../../../../../usr/local/lib/android/sdk/platforms/android-35/data/res/values-mcc312-mnc670-nl: Cannot utime: Operation not permitted
build	Cache Android SDK	2026-06-06T12:22:46.2726012Z /usr/bin/tar: ../../../../../usr/local/lib/android/sdk/platforms/android-35/data/res/values-mcc312-mnc670-nl: Cannot change mode to rwxr-xr-x: Operation not permitted
build	Cache Android SDK	2026-06-06T12:22:46.2728823Z /usr/bin/tar: ../../../../../usr/local/lib/android/sdk/platforms/android-35/data/res/values-mcc310-mnc310-hy: Cannot utime: Operation not permitted
build	Cache Android SDK	2026-06-06T12:22:46.2729372Z /usr/bin/tar: ../../../../../usr/local/lib/android/sdk/platforms/android-35/data/res/values-mcc310-mnc310-hy: Cannot change mode to rwxr-xr-x: Operation not permitted
build	Cache Android SDK	2026-06-06T12:22:46.2732387Z /usr/bin/tar: ../../../../../usr/local/lib/android/sdk/platforms/android-35/data/res/values-mcc310-mnc250-ur: Cannot utime: Operation not permitted
build	Cache Android SDK	2026-06-06T12:22:46.2732841Z /usr/bin/tar: ../../../../../usr/local/lib/android/sdk/platforms/android-35/data/res/values-mcc310-mnc250-ur: Cannot change mode to rwxr-xr-x: Operation not permitted
build	Cache Android SDK	2026-06-06T12:22:46.2735294Z /usr/bin/tar: ../../../../../usr/local/lib/android/sdk/platforms/android-35/data/res/values-mcc310-mnc490-si: Cannot utime: Operation not permitted
build	Cache Android SDK	2026-06-06T12:22:46.2735730Z /usr/bin/tar: ../../../../../usr/local/lib/android/sdk/platforms/android-35/data/res/values-mcc310-mnc490-si: Cannot change mode to rwxr-xr-x: Operation not permitted
build	Cache Android SDK	2026-06-06T12:22:46.2738780Z /usr/bin/tar: ../../../../../usr/local/lib/android/sdk/platforms/android-35/data/res/values-mcc313-mnc100-am: Cannot utime: Operation not permitted
build	Cache Android SDK	2026-06-06T12:22:46.2739223Z /usr/bin/tar: ../../../../../usr/local/lib/android/sdk/platforms/android-35/data/res/values-mcc313-mnc100-am: Cannot change mode to rwxr-xr-x: Operation not permitted
build	Cache Android SDK	2026-06-06T12:22:46.2742029Z /usr/bin/tar: ../../../../../usr/local/lib/android/sdk/platforms/android-35/data/res/values-mcc310-mnc660-gu: Cannot utime: Operation not permitted
build	Cache Android SDK	2026-06-06T12:22:46.2742475Z /usr/bin/tar: ../../../../../usr/local/lib/android/sdk/platforms/android-35/data/res/values-mcc310-mnc660-gu: Cannot change mode to rwxr-xr-x: Operation not permitted
build	Cache Android SDK	2026-06-06T12:22:46.2745316Z /usr/bin/tar: ../../../../../usr/local/lib/android/sdk/platforms/android-35/data/res/values-mcc310-mnc410-fr-rCA: Cannot utime: Operation not permitted
build	Cache Android SDK	2026-06-06T12:22:46.2746237Z /usr/bin/tar: ../../../../../usr/local/lib/android/sdk/platforms/android-35/data/res/values-mcc310-mnc410-fr-rCA: Cannot change mode to rwxr-xr-x: Operation not permitted
build	Cache Android SDK	2026-06-06T12:22:46.2748596Z /usr/bin/tar: ../../../../../usr/local/lib/android/sdk/platforms/android-35/data/res/values-mcc310-mnc220-te: Cannot utime: Operation not permitted
build	Cache Android SDK	2026-06-06T12:22:46.2749062Z /usr/bin/tar: ../../../../../usr/local/lib/android/sdk/platforms/android-35/data/res/values-mcc310-mnc220-te: Cannot change mode to rwxr-xr-x: Operation not permitted
build	Cache Android SDK	2026-06-06T12:22:46.2752279Z /usr/bin/tar: ../../../../../usr/local/lib/android/sdk/platforms/android-35/data/res/values-af-watch: Cannot utime: Operation not permitted
build	Cache Android SDK	2026-06-06T12:22:46.2752712Z /usr/bin/tar: ../../../../../usr/local/lib/android/sdk/platforms/android-35/data/res/values-af-watch: Cannot change mode to rwxr-xr-x: Operation not permitted
build	Cache Android SDK	2026-06-06T12:22:46.2756372Z /usr/bin/tar: ../../../../../usr/local/lib/android/sdk/platforms/android-35/data/res/values-mcc310-mnc410-el: Cannot utime: Operation not permitted
build	Cache Android SDK	2026-06-06T12:22:46.2756821Z /usr/bin/tar: ../../../../../usr/local/lib/android/sdk/platforms/android-35/data/res/values-mcc310-mnc410-el: Cannot change mode to rwxr-xr-x: Operation not permitted
build	Cache Android SDK	2026-06-06T12:22:46.2760070Z /usr/bin/tar: ../../../../../usr/local/lib/android/sdk/platforms/android-35/data/res/values-mcc310-mnc250-en-rAU: Cannot utime: Operation not permitted
build	Cache Android SDK	2026-06-06T12:22:46.2760675Z /usr/bin/tar: ../../../../../usr/local/lib/android/sdk/platforms/android-35/data/res/values-mcc310-mnc250-en-rAU: Cannot change mode to rwxr-xr-x: Operation not permitted
build	Cache Android SDK	2026-06-06T12:22:46.2763628Z /usr/bin/tar: ../../../../../usr/local/lib/android/sdk/platforms/android-35/data/res/values-mcc312-mnc670-mr: Cannot utime: Operation not permitted
build	Cache Android SDK	2026-06-06T12:22:46.2764193Z /usr/bin/tar: ../../../../../usr/local/lib/android/sdk/platforms/android-35/data/res/values-mcc312-mnc670-mr: Cannot change mode to rwxr-xr-x: Operation not permitted
build	Cache Android SDK	2026-06-06T12:22:46.2766584Z /usr/bin/tar: ../../../../../usr/local/lib/android/sdk/platforms/android-35/data/res/values-mcc310-mnc660-sk: Cannot utime: Operation not permitted
build	Cache Android SDK	2026-06-06T12:22:46.2767039Z /usr/bin/tar: ../../../../../usr/local/lib/android/sdk/platforms/android-35/data/res/values-mcc310-mnc660-sk: Cannot change mode to rwxr-xr-x: Operation not permitted
build	Cache Android SDK	2026-06-06T12:22:46.2769795Z /usr/bin/tar: ../../../../../usr/local/lib/android/sdk/platforms/android-35/data/res/values-mcc310-mnc800-pt-rBR: Cannot utime: Operation not permitted
build	Cache Android SDK	2026-06-06T12:22:46.2770270Z /usr/bin/tar: ../../../../../usr/local/lib/android/sdk/platforms/android-35/data/res/values-mcc310-mnc800-pt-rBR: Cannot change mode to rwxr-xr-x: Operation not permitted
build	Cache Android SDK	2026-06-06T12:22:46.2773045Z /usr/bin/tar: ../../../../../usr/local/lib/android/sdk/platforms/android-35/data/res/values-mcc310-mnc410-uz: Cannot utime: Operation not permitted
build	Cache Android SDK	2026-06-06T12:22:46.2773496Z /usr/bin/tar: ../../../../../usr/local/lib/android/sdk/platforms/android-35/data/res/values-mcc310-mnc410-uz: Cannot change mode to rwxr-xr-x: Operation not permitted
build	Cache Android SDK	2026-06-06T12:22:46.2776259Z /usr/bin/tar: ../../../../../usr/local/lib/android/sdk/platforms/android-35/data/res/values-mcc310-mnc230-ms: Cannot utime: Operation not permitted
build	Cache Android SDK	2026-06-06T12:22:46.2776705Z /usr/bin/tar: ../../../../../usr/local/lib/android/sdk/platforms/android-35/data/res/values-mcc310-mnc230-ms: Cannot change mode to rwxr-xr-x: Operation not permitted
build	Cache Android SDK	2026-06-06T12:22:46.2779670Z /usr/bin/tar: ../../../../../usr/local/lib/android/sdk/platforms/android-35/data/res/values-mcc302-mnc720-vi: Cannot utime: Operation not permitted
build	Cache Android SDK	2026-06-06T12:22:46.2780230Z /usr/bin/tar: ../../../../../usr/local/lib/android/sdk/platforms/android-35/data/res/values-mcc302-mnc720-vi: Cannot change mode to rwxr-xr-x: Operation not permitted
build	Cache Android SDK	2026-06-06T12:22:46.2782642Z /usr/bin/tar: ../../../../../usr/local/lib/android/sdk/platforms/android-35/data/res/values-tr-rTR: Cannot utime: Operation not permitted
build	Cache Android SDK	2026-06-06T12:22:46.2783065Z /usr/bin/tar: ../../../../../usr/local/lib/android/sdk/platforms/android-35/data/res/values-tr-rTR: Cannot change mode to rwxr-xr-x: Operation not permitted
build	Cache Android SDK	2026-06-06T12:22:46.2797164Z /usr/bin/tar: ../../../../../usr/local/lib/android/sdk/platforms/android-35/data/res/values-en-rXC: Cannot utime: Operation not permitted
build	Cache Android SDK	2026-06-06T12:22:46.2798872Z /usr/bin/tar: ../../../../../usr/local/lib/android/sdk/platforms/android-35/data/res/values-en-rXC: Cannot change mode to rwxr-xr-x: Operation not permitted
build	Cache Android SDK	2026-06-06T12:22:46.2800456Z /usr/bin/tar: ../../../../../usr/local/lib/android/sdk/platforms/android-35/data/res/values-mcc310-mnc560-pt-rPT: Cannot utime: Operation not permitted
build	Cache Android SDK	2026-06-06T12:22:46.2801436Z /usr/bin/tar: ../../../../../usr/local/lib/android/sdk/platforms/android-35/data/res/values-mcc310-mnc560-pt-rPT: Cannot change mode to rwxr-xr-x: Operation not permitted
build	Cache Android SDK	2026-06-06T12:22:46.2804068Z /usr/bin/tar: ../../../../../usr/local/lib/android/sdk/platforms/android-35/data/res/values-mcc310-mnc490-es: Cannot utime: Operation not permitted
build	Cache Android SDK	2026-06-06T12:22:46.2805049Z /usr/bin/tar: ../../../../../usr/local/lib/android/sdk/platforms/android-35/data/res/values-mcc310-mnc490-es: Cannot change mode to rwxr-xr-x: Operation not permitted
build	Cache Android SDK	2026-06-06T12:22:46.2807245Z /usr/bin/tar: ../../../../../usr/local/lib/android/sdk/platforms/android-35/data/res/values-mcc310-mnc310-th: Cannot utime: Operation not permitted
build	Cache Android SDK	2026-06-06T12:22:46.2808521Z /usr/bin/tar: ../../../../../usr/local/lib/android/sdk/platforms/android-35/data/res/values-mcc310-mnc310-th: Cannot change mode to rwxr-xr-x: Operation not permitted
build	Cache Android SDK	2026-06-06T12:22:46.2810878Z /usr/bin/tar: ../../../../../usr/local/lib/android/sdk/platforms/android-35/data/res/values-mcc310-mnc030-fa: Cannot utime: Operation not permitted
build	Cache Android SDK	2026-06-06T12:22:46.2811824Z /usr/bin/tar: ../../../../../usr/local/lib/android/sdk/platforms/android-35/data/res/values-mcc310-mnc030-fa: Cannot change mode to rwxr-xr-x: Operation not permitted
build	Cache Android SDK	2026-06-06T12:22:46.2814153Z /usr/bin/tar: ../../../../../usr/local/lib/android/sdk/platforms/android-35/data/res/values-mcc001-mnc01-be: Cannot utime: Operation not permitted
build	Cache Android SDK	2026-06-06T12:22:46.2815074Z /usr/bin/tar: ../../../../../usr/local/lib/android/sdk/platforms/android-35/data/res/values-mcc001-mnc01-be: Cannot change mode to rwxr-xr-x: Operation not permitted
build	Cache Android SDK	2026-06-06T12:22:46.2818057Z /usr/bin/tar: ../../../../../usr/local/lib/android/sdk/platforms/android-35/data/res/values-mcc310-mnc210-el: Cannot utime: Operation not permitted
build	Cache Android SDK	2026-06-06T12:22:46.2819029Z /usr/bin/tar: ../../../../../usr/local/lib/android/sdk/platforms/android-35/data/res/values-mcc310-mnc210-el: Cannot change mode to rwxr-xr-x: Operation not permitted
build	Cache Android SDK	2026-06-06T12:22:46.2822313Z /usr/bin/tar: ../../../../../usr/local/lib/android/sdk/platforms/android-35/data/res/values-mcc310-mnc200-ja: Cannot utime: Operation not permitted
build	Cache Android SDK	2026-06-06T12:22:46.2823260Z /usr/bin/tar: ../../../../../usr/local/lib/android/sdk/platforms/android-35/data/res/values-mcc310-mnc200-ja: Cannot change mode to rwxr-xr-x: Operation not permitted
build	Cache Android SDK	2026-06-06T12:22:46.2829677Z /usr/bin/tar: ../../../../../usr/local/lib/android/sdk/platforms/android-35/data/res/values-eu: Cannot utime: Operation not permitted
build	Cache Android SDK	2026-06-06T12:22:46.2830561Z /usr/bin/tar: ../../../../../usr/local/lib/android/sdk/platforms/android-35/data/res/values-eu: Cannot change mode to rwxr-xr-x: Operation not permitted
build	Cache Android SDK	2026-06-06T12:22:46.2833457Z /usr/bin/tar: ../../../../../usr/local/lib/android/sdk/platforms/android-35/data/res/values-mcc310-mnc160-ms: Cannot utime: Operation not permitted
build	Cache Android SDK	2026-06-06T12:22:46.2834416Z /usr/bin/tar: ../../../../../usr/local/lib/android/sdk/platforms/android-35/data/res/values-mcc310-mnc160-ms: Cannot change mode to rwxr-xr-x: Operation not permitted
build	Cache Android SDK	2026-06-06T12:22:46.2837802Z /usr/bin/tar: ../../../../../usr/local/lib/android/sdk/platforms/android-35/data/res/values-mcc310-mnc240-az: Cannot utime: Operation not permitted
build	Cache Android SDK	2026-06-06T12:22:46.2839488Z /usr/bin/tar: ../../../../../usr/local/lib/android/sdk/platforms/android-35/data/res/values-mcc310-mnc240-az: Cannot change mode to rwxr-xr-x: Operation not permitted
build	Cache Android SDK	2026-06-06T12:22:46.2841202Z /usr/bin/tar: ../../../../../usr/local/lib/android/sdk/platforms/android-35/data/res/values-mcc310-mnc220-kk: Cannot utime: Operation not permitted
build	Cache Android SDK	2026-06-06T12:22:46.2842141Z /usr/bin/tar: ../../../../../usr/local/lib/android/sdk/platforms/android-35/data/res/values-mcc310-mnc220-kk: Cannot change mode to rwxr-xr-x: Operation not permitted
build	Cache Android SDK	2026-06-06T12:22:46.2844209Z /usr/bin/tar: ../../../../../usr/local/lib/android/sdk/platforms/android-35/data/res/values-mcc310-mnc200-ru: Cannot utime: Operation not permitted
build	Cache Android SDK	2026-06-06T12:22:46.2845125Z /usr/bin/tar: ../../../../../usr/local/lib/android/sdk/platforms/android-35/data/res/values-mcc310-mnc200-ru: Cannot change mode to rwxr-xr-x: Operation not permitted
build	Cache Android SDK	2026-06-06T12:22:46.2848184Z /usr/bin/tar: ../../../../../usr/local/lib/android/sdk/platforms/android-35/data/res/values-mcc001-mnc01-da: Cannot utime: Operation not permitted
build	Cache Android SDK	2026-06-06T12:22:46.2849306Z /usr/bin/tar: ../../../../../usr/local/lib/android/sdk/platforms/android-35/data/res/values-mcc001-mnc01-da: Cannot change mode to rwxr-xr-x: Operation not permitted
build	Cache Android SDK	2026-06-06T12:22:46.2851925Z /usr/bin/tar: ../../../../../usr/local/lib/android/sdk/platforms/android-35/data/res/values-mcc310-mnc160-it: Cannot utime: Operation not permitted
build	Cache Android SDK	2026-06-06T12:22:46.2853648Z /usr/bin/tar: ../../../../../usr/local/lib/android/sdk/platforms/android-35/data/res/values-mcc310-mnc160-it: Cannot change mode to rwxr-xr-x: Operation not permitted
build	Cache Android SDK	2026-06-06T12:22:46.2855745Z /usr/bin/tar: ../../../../../usr/local/lib/android/sdk/platforms/android-35/data/res/values-mcc310-mnc200-sq: Cannot utime: Operation not permitted
build	Cache Android SDK	2026-06-06T12:22:46.2857588Z /usr/bin/tar: ../../../../../usr/local/lib/android/sdk/platforms/android-35/data/res/values-mcc310-mnc200-sq: Cannot change mode to rwxr-xr-x: Operation not permitted
build	Cache Android SDK	2026-06-06T12:22:46.2859347Z /usr/bin/tar: ../../../../../usr/local/lib/android/sdk/platforms/android-35/data/res/values-mcc302-mnc370-b+sr+Latn: Cannot utime: Operation not permitted
build	Cache Android SDK	2026-06-06T12:22:46.2861167Z /usr/bin/tar: ../../../../../usr/local/lib/android/sdk/platforms/android-35/data/res/values-mcc302-mnc370-b+sr+Latn: Cannot change mode to rwxr-xr-x: Operation not permitted
build	Cache Android SDK	2026-06-06T12:22:46.2863746Z /usr/bin/tar: ../../../../../usr/local/lib/android/sdk/platforms/android-35/data/res/values-mcc302-mnc720-am: Cannot utime: Operation not permitted
build	Cache Android SDK	2026-06-06T12:22:46.2864940Z /usr/bin/tar: ../../../../../usr/local/lib/android/sdk/platforms/android-35/data/res/values-mcc302-mnc720-am: Cannot change mode to rwxr-xr-x: Operation not permitted
build	Cache Android SDK	2026-06-06T12:22:46.2867163Z /usr/bin/tar: ../../../../../usr/local/lib/android/sdk/platforms/android-35/data/res/values-mcc310-mnc210-ru: Cannot utime: Operation not permitted
build	Cache Android SDK	2026-06-06T12:22:46.2868354Z /usr/bin/tar: ../../../../../usr/local/lib/android/sdk/platforms/android-35/data/res/values-mcc310-mnc210-ru: Cannot change mode to rwxr-xr-x: Operation not permitted
build	Cache Android SDK	2026-06-06T12:22:46.2870805Z /usr/bin/tar: ../../../../../usr/local/lib/android/sdk/platforms/android-35/data/res/values-mcc311-mnc180-sv: Cannot utime: Operation not permitted
build	Cache Android SDK	2026-06-06T12:22:46.2871859Z /usr/bin/tar: ../../../../../usr/local/lib/android/sdk/platforms/android-35/data/res/values-mcc311-mnc180-sv: Cannot change mode to rwxr-xr-x: Operation not permitted
build	Cache Android SDK	2026-06-06T12:22:46.2874562Z /usr/bin/tar: ../../../../../usr/local/lib/android/sdk/platforms/android-35/data/res/values-mcc312-mnc670-pt-rBR: Cannot utime: Operation not permitted
build	Cache Android SDK	2026-06-06T12:22:46.2875671Z /usr/bin/tar: ../../../../../usr/local/lib/android/sdk/platforms/android-35/data/res/values-mcc312-mnc670-pt-rBR: Cannot change mode to rwxr-xr-x: Operation not permitted
build	Cache Android SDK	2026-06-06T12:22:46.2878026Z /usr/bin/tar: ../../../../../usr/local/lib/android/sdk/platforms/android-35/data/res/values-mcc313-mnc100-km: Cannot utime: Operation not permitted
build	Cache Android SDK	2026-06-06T12:22:46.2879897Z /usr/bin/tar: ../../../../../usr/local/lib/android/sdk/platforms/android-35/data/res/values-mcc313-mnc100-km: Cannot change mode to rwxr-xr-x: Operation not permitted
build	Cache Android SDK	2026-06-06T12:22:46.2881986Z /usr/bin/tar: ../../../../../usr/local/lib/android/sdk/platforms/android-35/data/res/values-mcc310-mnc170-ur: Cannot utime: Operation not permitted
build	Cache Android SDK	2026-06-06T12:22:46.2883858Z /usr/bin/tar: ../../../../../usr/local/lib/android/sdk/platforms/android-35/data/res/values-mcc310-mnc170-ur: Cannot change mode to rwxr-xr-x: Operation not permitted
build	Cache Android SDK	2026-06-06T12:22:46.2885752Z /usr/bin/tar: ../../../../../usr/local/lib/android/sdk/platforms/android-35/data/res/values-mcc310-mnc380-bn: Cannot utime: Operation not permitted
build	Cache Android SDK	2026-06-06T12:22:46.2887915Z /usr/bin/tar: ../../../../../usr/local/lib/android/sdk/platforms/android-35/data/res/values-mcc310-mnc380-bn: Cannot change mode to rwxr-xr-x: Operation not permitted
build	Cache Android SDK	2026-06-06T12:22:46.2889696Z /usr/bin/tar: ../../../../../usr/local/lib/android/sdk/platforms/android-35/data/res/values-mcc310-mnc160-pt-rBR: Cannot utime: Operation not permitted
build	Cache Android SDK	2026-06-06T12:22:46.2891541Z /usr/bin/tar: ../../../../../usr/local/lib/android/sdk/platforms/android-35/data/res/values-mcc310-mnc160-pt-rBR: Cannot change mode to rwxr-xr-x: Operation not permitted
build	Cache Android SDK	2026-06-06T12:22:46.2893495Z /usr/bin/tar: ../../../../../usr/local/lib/android/sdk/platforms/android-35/data/res/values-mcc313-mnc100-ka: Cannot utime: Operation not permitted
build	Cache Android SDK	2026-06-06T12:22:46.2895467Z /usr/bin/tar: ../../../../../usr/local/lib/android/sdk/platforms/android-35/data/res/values-mcc313-mnc100-ka: Cannot change mode to rwxr-xr-x: Operation not permitted
build	Cache Android SDK	2026-06-06T12:22:46.2897726Z /usr/bin/tar: ../../../../../usr/local/lib/android/sdk/platforms/android-35/data/res/values-mcc001-mnc01-ar: Cannot utime: Operation not permitted
build	Cache Android SDK	2026-06-06T12:22:46.2899657Z /usr/bin/tar: ../../../../../usr/local/lib/android/sdk/platforms/android-35/data/res/values-mcc001-mnc01-ar: Cannot change mode to rwxr-xr-x: Operation not permitted
build	Cache Android SDK	2026-06-06T12:22:46.2901707Z /usr/bin/tar: ../../../../../usr/local/lib/android/sdk/platforms/android-35/data/res/values-mcc312-mnc670-da: Cannot utime: Operation not permitted
build	Cache Android SDK	2026-06-06T12:22:46.2903492Z /usr/bin/tar: ../../../../../usr/local/lib/android/sdk/platforms/android-35/data/res/values-mcc312-mnc670-da: Cannot change mode to rwxr-xr-x: Operation not permitted
build	Cache Android SDK	2026-06-06T12:22:46.2905355Z /usr/bin/tar: ../../../../../usr/local/lib/android/sdk/platforms/android-35/data/res/values-mcc001-mnc01-is: Cannot utime: Operation not permitted
build	Cache Android SDK	2026-06-06T12:22:46.2907272Z /usr/bin/tar: ../../../../../usr/local/lib/android/sdk/platforms/android-35/data/res/values-mcc001-mnc01-is: Cannot change mode to rwxr-xr-x: Operation not permitted
build	Cache Android SDK	2026-06-06T12:22:46.2909296Z /usr/bin/tar: ../../../../../usr/local/lib/android/sdk/platforms/android-35/data/res/values-mcc310-mnc280-mn: Cannot utime: Operation not permitted
build	Cache Android SDK	2026-06-06T12:22:46.2911029Z /usr/bin/tar: ../../../../../usr/local/lib/android/sdk/platforms/android-35/data/res/values-mcc310-mnc280-mn: Cannot change mode to rwxr-xr-x: Operation not permitted
build	Cache Android SDK	2026-06-06T12:22:46.2912959Z /usr/bin/tar: ../../../../../usr/local/lib/android/sdk/platforms/android-35/data/res/values-mcc311-mnc180-es: Cannot utime: Operation not permitted
build	Cache Android SDK	2026-06-06T12:22:46.2914720Z /usr/bin/tar: ../../../../../usr/local/lib/android/sdk/platforms/android-35/data/res/values-mcc311-mnc180-es: Cannot change mode to rwxr-xr-x: Operation not permitted
build	Cache Android SDK	2026-06-06T12:22:46.2916632Z /usr/bin/tar: ../../../../../usr/local/lib/android/sdk/platforms/android-35/data/res/values-mcc310-mnc270-uz: Cannot utime: Operation not permitted
build	Cache Android SDK	2026-06-06T12:22:46.2918492Z /usr/bin/tar: ../../../../../usr/local/lib/android/sdk/platforms/android-35/data/res/values-mcc310-mnc270-uz: Cannot change mode to rwxr-xr-x: Operation not permitted
build	Cache Android SDK	2026-06-06T12:22:46.2920376Z /usr/bin/tar: ../../../../../usr/local/lib/android/sdk/platforms/android-35/data/res/values-mcc310-mnc220-fr-rCA: Cannot utime: Operation not permitted
build	Cache Android SDK	2026-06-06T12:22:46.2922297Z /usr/bin/tar: ../../../../../usr/local/lib/android/sdk/platforms/android-35/data/res/values-mcc310-mnc220-fr-rCA: Cannot change mode to rwxr-xr-x: Operation not permitted
build	Cache Android SDK	2026-06-06T12:22:46.2924174Z /usr/bin/tar: ../../../../../usr/local/lib/android/sdk/platforms/android-35/data/res/values-mcc001-mnc01-af: Cannot utime: Operation not permitted
build	Cache Android SDK	2026-06-06T12:22:46.2926054Z /usr/bin/tar: ../../../../../usr/local/lib/android/sdk/platforms/android-35/data/res/values-mcc001-mnc01-af: Cannot change mode to rwxr-xr-x: Operation not permitted
build	Cache Android SDK	2026-06-06T12:22:46.2928526Z /usr/bin/tar: ../../../../../usr/local/lib/android/sdk/platforms/android-35/data/res/values-mcc310-mnc280-fi: Cannot utime: Operation not permitted
build	Cache Android SDK	2026-06-06T12:22:46.2930199Z /usr/bin/tar: ../../../../../usr/local/lib/android/sdk/platforms/android-35/data/res/values-mcc310-mnc280-fi: Cannot change mode to rwxr-xr-x: Operation not permitted
build	Cache Android SDK	2026-06-06T12:22:46.2931877Z /usr/bin/tar: ../../../../../usr/local/lib/android/sdk/platforms/android-35/data/res/values-fr-rFR: Cannot utime: Operation not permitted
build	Cache Android SDK	2026-06-06T12:22:46.2933548Z /usr/bin/tar: ../../../../../usr/local/lib/android/sdk/platforms/android-35/data/res/values-fr-rFR: Cannot change mode to rwxr-xr-x: Operation not permitted
build	Cache Android SDK	2026-06-06T12:22:46.2935216Z /usr/bin/tar: ../../../../../usr/local/lib/android/sdk/platforms/android-35/data/res/values-mcc310-mnc380-sw: Cannot utime: Operation not permitted
build	Cache Android SDK	2026-06-06T12:22:46.2937057Z /usr/bin/tar: ../../../../../usr/local/lib/android/sdk/platforms/android-35/data/res/values-mcc310-mnc380-sw: Cannot change mode to rwxr-xr-x: Operation not permitted
build	Cache Android SDK	2026-06-06T12:22:46.2938917Z /usr/bin/tar: ../../../../../usr/local/lib/android/sdk/platforms/android-35/data/res/values-mcc310-mnc270-de: Cannot utime: Operation not permitted
build	Cache Android SDK	2026-06-06T12:22:46.2940741Z /usr/bin/tar: ../../../../../usr/local/lib/android/sdk/platforms/android-35/data/res/values-mcc310-mnc270-de: Cannot change mode to rwxr-xr-x: Operation not permitted
build	Cache Android SDK	2026-06-06T12:22:46.2942468Z /usr/bin/tar: ../../../../../usr/local/lib/android/sdk/platforms/android-35/data/res/values-mcc310-mnc030-ta: Cannot utime: Operation not permitted
build	Cache Android SDK	2026-06-06T12:22:46.2944336Z /usr/bin/tar: ../../../../../usr/local/lib/android/sdk/platforms/android-35/data/res/values-mcc310-mnc030-ta: Cannot change mode to rwxr-xr-x: Operation not permitted
build	Cache Android SDK	2026-06-06T12:22:46.2946351Z /usr/bin/tar: ../../../../../usr/local/lib/android/sdk/platforms/android-35/data/res/values-mcc310-mnc800-si: Cannot utime: Operation not permitted
build	Cache Android SDK	2026-06-06T12:22:46.2948108Z /usr/bin/tar: ../../../../../usr/local/lib/android/sdk/platforms/android-35/data/res/values-mcc310-mnc800-si: Cannot change mode to rwxr-xr-x: Operation not permitted
build	Cache Android SDK	2026-06-06T12:22:46.2949806Z /usr/bin/tar: ../../../../../usr/local/lib/android/sdk/platforms/android-35/data/res/values-mcc310-mnc660-zu: Cannot utime: Operation not permitted
build	Cache Android SDK	2026-06-06T12:22:46.2951429Z /usr/bin/tar: ../../../../../usr/local/lib/android/sdk/platforms/android-35/data/res/values-mcc310-mnc660-zu: Cannot change mode to rwxr-xr-x: Operation not permitted
build	Cache Android SDK	2026-06-06T12:22:46.2953168Z /usr/bin/tar: ../../../../../usr/local/lib/android/sdk/platforms/android-35/data/res/values-mcc310-mnc310-es-rUS: Cannot utime: Operation not permitted
build	Cache Android SDK	2026-06-06T12:22:46.2954915Z /usr/bin/tar: ../../../../../usr/local/lib/android/sdk/platforms/android-35/data/res/values-mcc310-mnc310-es-rUS: Cannot change mode to rwxr-xr-x: Operation not permitted
build	Cache Android SDK	2026-06-06T12:22:46.2956830Z /usr/bin/tar: ../../../../../usr/local/lib/android/sdk/platforms/android-35/data/res/values-mcc311-mnc180-ky: Cannot utime: Operation not permitted
build	Cache Android SDK	2026-06-06T12:22:46.2958818Z /usr/bin/tar: ../../../../../usr/local/lib/android/sdk/platforms/android-35/data/res/values-mcc311-mnc180-ky: Cannot change mode to rwxr-xr-x: Operation not permitted
build	Cache Android SDK	2026-06-06T12:22:46.2960441Z /usr/bin/tar: ../../../../../usr/local/lib/android/sdk/platforms/android-35/data/res/values-mcc310-mnc490-fi: Cannot utime: Operation not permitted
build	Cache Android SDK	2026-06-06T12:22:46.2962129Z /usr/bin/tar: ../../../../../usr/local/lib/android/sdk/platforms/android-35/data/res/values-mcc310-mnc490-fi: Cannot change mode to rwxr-xr-x: Operation not permitted
build	Cache Android SDK	2026-06-06T12:22:46.2964025Z /usr/bin/tar: ../../../../../usr/local/lib/android/sdk/platforms/android-35/data/res/values-mcc310-mnc310-hi: Cannot utime: Operation not permitted
build	Cache Android SDK	2026-06-06T12:22:46.2965778Z /usr/bin/tar: ../../../../../usr/local/lib/android/sdk/platforms/android-35/data/res/values-mcc310-mnc310-hi: Cannot change mode to rwxr-xr-x: Operation not permitted
build	Cache Android SDK	2026-06-06T12:22:46.2967966Z /usr/bin/tar: ../../../../../usr/local/lib/android/sdk/platforms/android-35/data/res/values-mcc302-mnc720-nl: Cannot utime: Operation not permitted
build	Cache Android SDK	2026-06-06T12:22:46.2969655Z /usr/bin/tar: ../../../../../usr/local/lib/android/sdk/platforms/android-35/data/res/values-mcc302-mnc720-nl: Cannot change mode to rwxr-xr-x: Operation not permitted
build	Cache Android SDK	2026-06-06T12:22:46.2971468Z /usr/bin/tar: ../../../../../usr/local/lib/android/sdk/platforms/android-35/data/res/values-mcc310-mnc170-lo: Cannot utime: Operation not permitted
build	Cache Android SDK	2026-06-06T12:22:46.2973325Z /usr/bin/tar: ../../../../../usr/local/lib/android/sdk/platforms/android-35/data/res/values-mcc310-mnc170-lo: Cannot change mode to rwxr-xr-x: Operation not permitted
build	Cache Android SDK	2026-06-06T12:22:46.2975209Z /usr/bin/tar: ../../../../../usr/local/lib/android/sdk/platforms/android-35/data/res/values-mcc310-mnc380-fi: Cannot utime: Operation not permitted
build	Cache Android SDK	2026-06-06T12:22:46.2977235Z /usr/bin/tar: ../../../../../usr/local/lib/android/sdk/platforms/android-35/data/res/values-mcc310-mnc380-fi: Cannot change mode to rwxr-xr-x: Operation not permitted
build	Cache Android SDK	2026-06-06T12:22:46.2979267Z /usr/bin/tar: ../../../../../usr/local/lib/android/sdk/platforms/android-35/data/res/values-mcc310-mnc150-kn: Cannot utime: Operation not permitted
build	Cache Android SDK	2026-06-06T12:22:46.2981063Z /usr/bin/tar: ../../../../../usr/local/lib/android/sdk/platforms/android-35/data/res/values-mcc310-mnc150-kn: Cannot change mode to rwxr-xr-x: Operation not permitted
build	Cache Android SDK	2026-06-06T12:22:46.2982786Z /usr/bin/tar: ../../../../../usr/local/lib/android/sdk/platforms/android-35/data/res/values-mcc310-mnc170: Cannot utime: Operation not permitted
build	Cache Android SDK	2026-06-06T12:22:46.2984495Z /usr/bin/tar: ../../../../../usr/local/lib/android/sdk/platforms/android-35/data/res/values-mcc310-mnc170: Cannot change mode to rwxr-xr-x: Operation not permitted
build	Cache Android SDK	2026-06-06T12:22:46.2986271Z /usr/bin/tar: ../../../../../usr/local/lib/android/sdk/platforms/android-35/data/res/values-mcc310-mnc150-hy: Cannot utime: Operation not permitted
build	Cache Android SDK	2026-06-06T12:22:46.2988227Z /usr/bin/tar: ../../../../../usr/local/lib/android/sdk/platforms/android-35/data/res/values-mcc310-mnc150-hy: Cannot change mode to rwxr-xr-x: Operation not permitted
build	Cache Android SDK	2026-06-06T12:22:46.2990121Z /usr/bin/tar: ../../../../../usr/local/lib/android/sdk/platforms/android-35/data/res/values-mcc310-mnc560-en-rAU: Cannot utime: Operation not permitted
build	Cache Android SDK	2026-06-06T12:22:46.2991849Z /usr/bin/tar: ../../../../../usr/local/lib/android/sdk/platforms/android-35/data/res/values-mcc310-mnc560-en-rAU: Cannot change mode to rwxr-xr-x: Operation not permitted
build	Cache Android SDK	2026-06-06T12:22:46.2993583Z /usr/bin/tar: ../../../../../usr/local/lib/android/sdk/platforms/android-35/data/res/values-mcc716-mnc17: Cannot utime: Operation not permitted
build	Cache Android SDK	2026-06-06T12:22:46.2995477Z /usr/bin/tar: ../../../../../usr/local/lib/android/sdk/platforms/android-35/data/res/values-mcc716-mnc17: Cannot change mode to rwxr-xr-x: Operation not permitted
build	Cache Android SDK	2026-06-06T12:22:46.2997497Z /usr/bin/tar: ../../../../../usr/local/lib/android/sdk/platforms/android-35/data/res/values-mcc310-mnc560-de: Cannot utime: Operation not permitted
build	Cache Android SDK	2026-06-06T12:22:46.2999186Z /usr/bin/tar: ../../../../../usr/local/lib/android/sdk/platforms/android-35/data/res/values-mcc310-mnc560-de: Cannot change mode to rwxr-xr-x: Operation not permitted
build	Cache Android SDK	2026-06-06T12:22:46.3001068Z /usr/bin/tar: ../../../../../usr/local/lib/android/sdk/platforms/android-35/data/res/values-mcc334-mnc020-tl: Cannot utime: Operation not permitted
build	Cache Android SDK	2026-06-06T12:22:46.3002791Z /usr/bin/tar: ../../../../../usr/local/lib/android/sdk/platforms/android-35/data/res/values-mcc334-mnc020-tl: Cannot change mode to rwxr-xr-x: Operation not permitted
build	Cache Android SDK	2026-06-06T12:22:46.3004754Z /usr/bin/tar: ../../../../../usr/local/lib/android/sdk/platforms/android-35/data/res/values-mcc310-mnc150-ur: Cannot utime: Operation not permitted
build	Cache Android SDK	2026-06-06T12:22:46.3006526Z /usr/bin/tar: ../../../../../usr/local/lib/android/sdk/platforms/android-35/data/res/values-mcc310-mnc150-ur: Cannot change mode to rwxr-xr-x: Operation not permitted
build	Cache Android SDK	2026-06-06T12:22:46.3008768Z /usr/bin/tar: ../../../../../usr/local/lib/android/sdk/platforms/android-35/data/res/values-mcc310-mnc250-fr: Cannot utime: Operation not permitted
build	Cache Android SDK	2026-06-06T12:22:46.3010660Z /usr/bin/tar: ../../../../../usr/local/lib/android/sdk/platforms/android-35/data/res/values-mcc310-mnc250-fr: Cannot change mode to rwxr-xr-x: Operation not permitted
build	Cache Android SDK	2026-06-06T12:22:46.3012593Z /usr/bin/tar: ../../../../../usr/local/lib/android/sdk/platforms/android-35/data/res/values-mcc310-mnc950-tl: Cannot utime: Operation not permitted
build	Cache Android SDK	2026-06-06T12:22:46.3014531Z /usr/bin/tar: ../../../../../usr/local/lib/android/sdk/platforms/android-35/data/res/values-mcc310-mnc950-tl: Cannot change mode to rwxr-xr-x: Operation not permitted
build	Cache Android SDK	2026-06-06T12:22:46.3016358Z /usr/bin/tar: ../../../../../usr/local/lib/android/sdk/platforms/android-35/data/res/values-mcc310-mnc160-fr: Cannot utime: Operation not permitted
build	Cache Android SDK	2026-06-06T12:22:46.3018733Z /usr/bin/tar: ../../../../../usr/local/lib/android/sdk/platforms/android-35/data/res/values-mcc310-mnc160-fr: Cannot change mode to rwxr-xr-x: Operation not permitted
build	Cache Android SDK	2026-06-06T12:22:46.3021078Z /usr/bin/tar: ../../../../../usr/local/lib/android/sdk/platforms/android-35/data/res/values-mcc313-mnc100-en-rGB: Cannot utime: Operation not permitted
build	Cache Android SDK	2026-06-06T12:22:46.3023118Z /usr/bin/tar: ../../../../../usr/local/lib/android/sdk/platforms/android-35/data/res/values-mcc313-mnc100-en-rGB: Cannot change mode to rwxr-xr-x: Operation not permitted
build	Cache Android SDK	2026-06-06T12:22:46.3024851Z /usr/bin/tar: ../../../../../usr/local/lib/android/sdk/platforms/android-35/data/res/values-mcc310-mnc560-gl: Cannot utime: Operation not permitted
build	Cache Android SDK	2026-06-06T12:22:46.3026522Z /usr/bin/tar: ../../../../../usr/local/lib/android/sdk/platforms/android-35/data/res/values-mcc310-mnc560-gl: Cannot change mode to rwxr-xr-x: Operation not permitted
build	Cache Android SDK	2026-06-06T12:22:46.3028548Z /usr/bin/tar: ../../../../../usr/local/lib/android/sdk/platforms/android-35/data/res/values-mcc310-mnc560-lo: Cannot utime: Operation not permitted
build	Cache Android SDK	2026-06-06T12:22:46.3030263Z /usr/bin/tar: ../../../../../usr/local/lib/android/sdk/platforms/android-35/data/res/values-mcc310-mnc560-lo: Cannot change mode to rwxr-xr-x: Operation not permitted
build	Cache Android SDK	2026-06-06T12:22:46.3032080Z /usr/bin/tar: ../../../../../usr/local/lib/android/sdk/platforms/android-35/data/res/values-mcc310-mnc160-pl: Cannot utime: Operation not permitted
build	Cache Android SDK	2026-06-06T12:22:46.3033859Z /usr/bin/tar: ../../../../../usr/local/lib/android/sdk/platforms/android-35/data/res/values-mcc310-mnc160-pl: Cannot change mode to rwxr-xr-x: Operation not permitted
build	Cache Android SDK	2026-06-06T12:22:46.3035621Z /usr/bin/tar: ../../../../../usr/local/lib/android/sdk/platforms/android-35/data/res/values-mcc310-mnc250-ca: Cannot utime: Operation not permitted
build	Cache Android SDK	2026-06-06T12:22:46.3037571Z /usr/bin/tar: ../../../../../usr/local/lib/android/sdk/platforms/android-35/data/res/values-mcc310-mnc250-ca: Cannot change mode to rwxr-xr-x: Operation not permitted
build	Cache Android SDK	2026-06-06T12:22:46.3039399Z /usr/bin/tar: ../../../../../usr/local/lib/android/sdk/platforms/android-35/data/res/values-mcc310-mnc240-pt-rPT: Cannot utime: Operation not permitted
build	Cache Android SDK	2026-06-06T12:22:46.3041309Z /usr/bin/tar: ../../../../../usr/local/lib/android/sdk/platforms/android-35/data/res/values-mcc310-mnc240-pt-rPT: Cannot change mode to rwxr-xr-x: Operation not permitted
build	Cache Android SDK	2026-06-06T12:22:46.3043091Z /usr/bin/tar: ../../../../../usr/local/lib/android/sdk/platforms/android-35/data/res/values-mcc310-mnc560-in: Cannot utime: Operation not permitted
build	Cache Android SDK	2026-06-06T12:22:46.3044996Z /usr/bin/tar: ../../../../../usr/local/lib/android/sdk/platforms/android-35/data/res/values-mcc310-mnc560-in: Cannot change mode to rwxr-xr-x: Operation not permitted
build	Cache Android SDK	2026-06-06T12:22:46.3046840Z /usr/bin/tar: ../../../../../usr/local/lib/android/sdk/platforms/android-35/data/res/values-mcc425-mnc07: Cannot utime: Operation not permitted
build	Cache Android SDK	2026-06-06T12:22:46.3048852Z /usr/bin/tar: ../../../../../usr/local/lib/android/sdk/platforms/android-35/data/res/values-mcc425-mnc07: Cannot change mode to rwxr-xr-x: Operation not permitted
build	Cache Android SDK	2026-06-06T12:22:46.3050649Z /usr/bin/tar: ../../../../../usr/local/lib/android/sdk/platforms/android-35/data/res/values-mcc311-mnc190: Cannot utime: Operation not permitted
build	Cache Android SDK	2026-06-06T12:22:46.3052560Z /usr/bin/tar: ../../../../../usr/local/lib/android/sdk/platforms/android-35/data/res/values-mcc311-mnc190: Cannot change mode to rwxr-xr-x: Operation not permitted
build	Cache Android SDK	2026-06-06T12:22:46.3054422Z /usr/bin/tar: ../../../../../usr/local/lib/android/sdk/platforms/android-35/data/res/values-mcc310-mnc030-cs: Cannot utime: Operation not permitted
build	Cache Android SDK	2026-06-06T12:22:46.3056056Z /usr/bin/tar: ../../../../../usr/local/lib/android/sdk/platforms/android-35/data/res/values-mcc310-mnc030-cs: Cannot change mode to rwxr-xr-x: Operation not permitted
build	Cache Android SDK	2026-06-06T12:22:46.3057988Z /usr/bin/tar: ../../../../../usr/local/lib/android/sdk/platforms/android-35/data/res/values-mcc310-mnc250-mr: Cannot utime: Operation not permitted
build	Cache Android SDK	2026-06-06T12:22:46.3059933Z /usr/bin/tar: ../../../../../usr/local/lib/android/sdk/platforms/android-35/data/res/values-mcc310-mnc250-mr: Cannot change mode to rwxr-xr-x: Operation not permitted
build	Cache Android SDK	2026-06-06T12:22:46.3062040Z /usr/bin/tar: ../../../../../usr/local/lib/android/sdk/platforms/android-35/data/res/values-mcc310-mnc270-pt-rPT: Cannot utime: Operation not permitted
build	Cache Android SDK	2026-06-06T12:22:46.3063902Z /usr/bin/tar: ../../../../../usr/local/lib/android/sdk/platforms/android-35/data/res/values-mcc310-mnc270-pt-rPT: Cannot change mode to rwxr-xr-x: Operation not permitted
build	Cache Android SDK	2026-06-06T12:22:46.3065928Z /usr/bin/tar: ../../../../../usr/local/lib/android/sdk/platforms/android-35/data/res/values-fr-television: Cannot utime: Operation not permitted
build	Cache Android SDK	2026-06-06T12:22:46.3067934Z /usr/bin/tar: ../../../../../usr/local/lib/android/sdk/platforms/android-35/data/res/values-fr-television: Cannot change mode to rwxr-xr-x: Operation not permitted
build	Cache Android SDK	2026-06-06T12:22:46.3069713Z /usr/bin/tar: ../../../../../usr/local/lib/android/sdk/platforms/android-35/data/res/values-ar-watch: Cannot utime: Operation not permitted
build	Cache Android SDK	2026-06-06T12:22:46.3071334Z /usr/bin/tar: ../../../../../usr/local/lib/android/sdk/platforms/android-35/data/res/values-ar-watch: Cannot change mode to rwxr-xr-x: Operation not permitted
build	Cache Android SDK	2026-06-06T12:22:46.3073112Z /usr/bin/tar: ../../../../../usr/local/lib/android/sdk/platforms/android-35/data/res/values-mcc310-mnc030-es-rUS: Cannot utime: Operation not permitted
build	Cache Android SDK	2026-06-06T12:22:46.3074992Z /usr/bin/tar: ../../../../../usr/local/lib/android/sdk/platforms/android-35/data/res/values-mcc310-mnc030-es-rUS: Cannot change mode to rwxr-xr-x: Operation not permitted
build	Cache Android SDK	2026-06-06T12:22:46.3076822Z /usr/bin/tar: ../../../../../usr/local/lib/android/sdk/platforms/android-35/data/res/values-mcc310-mnc030-zh-rTW: Cannot utime: Operation not permitted
build	Cache Android SDK	2026-06-06T12:22:46.3078831Z /usr/bin/tar: ../../../../../usr/local/lib/android/sdk/platforms/android-35/data/res/values-mcc310-mnc030-zh-rTW: Cannot change mode to rwxr-xr-x: Operation not permitted
build	Cache Android SDK	2026-06-06T12:22:46.3080866Z /usr/bin/tar: ../../../../../usr/local/lib/android/sdk/platforms/android-35/data/res/values-mcc001-mnc01-en-rIN: Cannot utime: Operation not permitted
build	Cache Android SDK	2026-06-06T12:22:46.3082725Z /usr/bin/tar: ../../../../../usr/local/lib/android/sdk/platforms/android-35/data/res/values-mcc001-mnc01-en-rIN: Cannot change mode to rwxr-xr-x: Operation not permitted
build	Cache Android SDK	2026-06-06T12:22:46.3084493Z /usr/bin/tar: ../../../../../usr/local/lib/android/sdk/platforms/android-35/data/res/values-mcc310-mnc310-mk: Cannot utime: Operation not permitted
build	Cache Android SDK	2026-06-06T12:22:46.3086380Z /usr/bin/tar: ../../../../../usr/local/lib/android/sdk/platforms/android-35/data/res/values-mcc310-mnc310-mk: Cannot change mode to rwxr-xr-x: Operation not permitted
build	Cache Android SDK	2026-06-06T12:22:46.3088440Z /usr/bin/tar: ../../../../../usr/local/lib/android/sdk/platforms/android-35/data/res/values-mcc302-mnc370-hi: Cannot utime: Operation not permitted
build	Cache Android SDK	2026-06-06T12:22:46.3090321Z /usr/bin/tar: ../../../../../usr/local/lib/android/sdk/platforms/android-35/data/res/values-mcc302-mnc370-hi: Cannot change mode to rwxr-xr-x: Operation not permitted
build	Cache Android SDK	2026-06-06T12:22:46.3092057Z /usr/bin/tar: ../../../../../usr/local/lib/android/sdk/platforms/android-35/data/res/values-mcc312-mnc670-uz: Cannot utime: Operation not permitted
build	Cache Android SDK	2026-06-06T12:22:46.3093803Z /usr/bin/tar: ../../../../../usr/local/lib/android/sdk/platforms/android-35/data/res/values-mcc312-mnc670-uz: Cannot change mode to rwxr-xr-x: Operation not permitted
build	Cache Android SDK	2026-06-06T12:22:46.3095675Z /usr/bin/tar: ../../../../../usr/local/lib/android/sdk/platforms/android-35/data/res/values-mcc311-mnc180-ml: Cannot utime: Operation not permitted
build	Cache Android SDK	2026-06-06T12:22:46.3097268Z /usr/bin/tar: ../../../../../usr/local/lib/android/sdk/platforms/android-35/data/res/values-mcc311-mnc180-ml: Cannot change mode to rwxr-xr-x: Operation not permitted
build	Cache Android SDK	2026-06-06T12:22:46.3099290Z /usr/bin/tar: ../../../../../usr/local/lib/android/sdk/platforms/android-35/data/res/values-zh-rCN-watch: Cannot utime: Operation not permitted
build	Cache Android SDK	2026-06-06T12:22:46.3101222Z /usr/bin/tar: ../../../../../usr/local/lib/android/sdk/platforms/android-35/data/res/values-zh-rCN-watch: Cannot change mode to rwxr-xr-x: Operation not permitted
build	Cache Android SDK	2026-06-06T12:22:46.3103112Z /usr/bin/tar: ../../../../../usr/local/lib/android/sdk/platforms/android-35/data/res/values-mcc310-mnc170-kk: Cannot utime: Operation not permitted
build	Cache Android SDK	2026-06-06T12:22:46.3104696Z /usr/bin/tar: ../../../../../usr/local/lib/android/sdk/platforms/android-35/data/res/values-mcc310-mnc170-kk: Cannot change mode to rwxr-xr-x: Operation not permitted
build	Cache Android SDK	2026-06-06T12:22:46.3106180Z /usr/bin/tar: ../../../../../usr/local/lib/android/sdk/platforms/android-35/data/res/values-mcc310-mnc660-fi: Cannot utime: Operation not permitted
build	Cache Android SDK	2026-06-06T12:22:46.3107928Z /usr/bin/tar: ../../../../../usr/local/lib/android/sdk/platforms/android-35/data/res/values-mcc310-mnc660-fi: Cannot change mode to rwxr-xr-x: Operation not permitted
build	Cache Android SDK	2026-06-06T12:22:46.3109579Z /usr/bin/tar: ../../../../../usr/local/lib/android/sdk/platforms/android-35/data/res/values-mcc310-mnc240-mk: Cannot utime: Operation not permitted
build	Cache Android SDK	2026-06-06T12:22:46.3111143Z /usr/bin/tar: ../../../../../usr/local/lib/android/sdk/platforms/android-35/data/res/values-mcc310-mnc240-mk: Cannot change mode to rwxr-xr-x: Operation not permitted
build	Cache Android SDK	2026-06-06T12:22:46.3112827Z /usr/bin/tar: ../../../../../usr/local/lib/android/sdk/platforms/android-35/data/res/values-tl-television: Cannot utime: Operation not permitted
build	Cache Android SDK	2026-06-06T12:22:46.3114473Z /usr/bin/tar: ../../../../../usr/local/lib/android/sdk/platforms/android-35/data/res/values-tl-television: Cannot change mode to rwxr-xr-x: Operation not permitted
build	Cache Android SDK	2026-06-06T12:22:46.3116246Z /usr/bin/tar: ../../../../../usr/local/lib/android/sdk/platforms/android-35/data/res/values-mcc310-mnc950-uz: Cannot utime: Operation not permitted
build	Cache Android SDK	2026-06-06T12:22:46.3118000Z /usr/bin/tar: ../../../../../usr/local/lib/android/sdk/platforms/android-35/data/res/values-mcc310-mnc950-uz: Cannot change mode to rwxr-xr-x: Operation not permitted
build	Cache Android SDK	2026-06-06T12:22:46.3120206Z /usr/bin/tar: ../../../../../usr/local/lib/android/sdk/platforms/android-35/data/res/color-car: Cannot utime: Operation not permitted
build	Cache Android SDK	2026-06-06T12:22:46.3121970Z /usr/bin/tar: ../../../../../usr/local/lib/android/sdk/platforms/android-35/data/res/color-car: Cannot change mode to rwxr-xr-x: Operation not permitted
build	Cache Android SDK	2026-06-06T12:22:46.3123649Z /usr/bin/tar: ../../../../../usr/local/lib/android/sdk/platforms/android-35/data/res/values-mcc310-mnc220-ml: Cannot utime: Operation not permitted
build	Cache Android SDK	2026-06-06T12:22:46.3125226Z /usr/bin/tar: ../../../../../usr/local/lib/android/sdk/platforms/android-35/data/res/values-mcc310-mnc220-ml: Cannot change mode to rwxr-xr-x: Operation not permitted
build	Cache Android SDK	2026-06-06T12:22:46.3127015Z /usr/bin/tar: ../../../../../usr/local/lib/android/sdk/platforms/android-35/data/res/values-mcc310-mnc160-zh-rCN: Cannot utime: Operation not permitted
build	Cache Android SDK	2026-06-06T12:22:46.3128806Z /usr/bin/tar: ../../../../../usr/local/lib/android/sdk/platforms/android-35/data/res/values-mcc310-mnc160-zh-rCN: Cannot change mode to rwxr-xr-x: Operation not permitted
build	Cache Android SDK	2026-06-06T12:22:46.3130797Z /usr/bin/tar: ../../../../../usr/local/lib/android/sdk/platforms/android-35/data/res/values-mcc310-mnc160-sl: Cannot utime: Operation not permitted
build	Cache Android SDK	2026-06-06T12:22:46.3132322Z /usr/bin/tar: ../../../../../usr/local/lib/android/sdk/platforms/android-35/data/res/values-mcc310-mnc160-sl: Cannot change mode to rwxr-xr-x: Operation not permitted
build	Cache Android SDK	2026-06-06T12:22:46.3133911Z /usr/bin/tar: ../../../../../usr/local/lib/android/sdk/platforms/android-35/data/res/values-mcc310-mnc410-bn: Cannot utime: Operation not permitted
build	Cache Android SDK	2026-06-06T12:22:46.3135602Z /usr/bin/tar: ../../../../../usr/local/lib/android/sdk/platforms/android-35/data/res/values-mcc310-mnc410-bn: Cannot change mode to rwxr-xr-x: Operation not permitted
build	Cache Android SDK	2026-06-06T12:22:46.3137788Z /usr/bin/tar: ../../../../../usr/local/lib/android/sdk/platforms/android-35/data/res/values-mcc310-mnc380-da: Cannot utime: Operation not permitted
build	Cache Android SDK	2026-06-06T12:22:46.3139810Z /usr/bin/tar: ../../../../../usr/local/lib/android/sdk/platforms/android-35/data/res/values-mcc310-mnc380-da: Cannot change mode to rwxr-xr-x: Operation not permitted
build	Cache Android SDK	2026-06-06T12:22:46.3141660Z /usr/bin/tar: ../../../../../usr/local/lib/android/sdk/platforms/android-35/data/res/values-mcc310-mnc950-nb: Cannot utime: Operation not permitted
build	Cache Android SDK	2026-06-06T12:22:46.3143517Z /usr/bin/tar: ../../../../../usr/local/lib/android/sdk/platforms/android-35/data/res/values-mcc310-mnc950-nb: Cannot change mode to rwxr-xr-x: Operation not permitted
build	Cache Android SDK	2026-06-06T12:22:46.3145083Z /usr/bin/tar: ../../../../../usr/local/lib/android/sdk/platforms/android-35/data/res/values-mcc001-mnc01-hr: Cannot utime: Operation not permitted
build	Cache Android SDK	2026-06-06T12:22:46.3146787Z /usr/bin/tar: ../../../../../usr/local/lib/android/sdk/platforms/android-35/data/res/values-mcc001-mnc01-hr: Cannot change mode to rwxr-xr-x: Operation not permitted
build	Cache Android SDK	2026-06-06T12:22:46.3148823Z /usr/bin/tar: ../../../../../usr/local/lib/android/sdk/platforms/android-35/data/res/values-sr: Cannot utime: Operation not permitted
build	Cache Android SDK	2026-06-06T12:22:46.3150218Z /usr/bin/tar: ../../../../../usr/local/lib/android/sdk/platforms/android-35/data/res/values-sr: Cannot change mode to rwxr-xr-x: Operation not permitted
build	Cache Android SDK	2026-06-06T12:22:46.3151811Z /usr/bin/tar: ../../../../../usr/local/lib/android/sdk/platforms/android-35/data/res/values-mcc310-mnc660-ca: Cannot utime: Operation not permitted
build	Cache Android SDK	2026-06-06T12:22:46.3153434Z /usr/bin/tar: ../../../../../usr/local/lib/android/sdk/platforms/android-35/data/res/values-mcc310-mnc660-ca: Cannot change mode to rwxr-xr-x: Operation not permitted
build	Cache Android SDK	2026-06-06T12:22:46.3155257Z /usr/bin/tar: ../../../../../usr/local/lib/android/sdk/platforms/android-35/data/res/values-mcc310-mnc380-cs: Cannot utime: Operation not permitted
build	Cache Android SDK	2026-06-06T12:22:46.3156944Z /usr/bin/tar: ../../../../../usr/local/lib/android/sdk/platforms/android-35/data/res/values-mcc310-mnc380-cs: Cannot change mode to rwxr-xr-x: Operation not permitted
build	Cache Android SDK	2026-06-06T12:22:46.3159065Z /usr/bin/tar: ../../../../../usr/local/lib/android/sdk/platforms/android-35/data/res/values-mcc310-mnc280-gl: Cannot utime: Operation not permitted
build	Cache Android SDK	2026-06-06T12:22:46.3160888Z /usr/bin/tar: ../../../../../usr/local/lib/android/sdk/platforms/android-35/data/res/values-mcc310-mnc280-gl: Cannot change mode to rwxr-xr-x: Operation not permitted
build	Cache Android SDK	2026-06-06T12:22:46.3162724Z /usr/bin/tar: ../../../../../usr/local/lib/android/sdk/platforms/android-35/data/res/values-mcc310-mnc280-ml: Cannot utime: Operation not permitted
build	Cache Android SDK	2026-06-06T12:22:46.3164450Z /usr/bin/tar: ../../../../../usr/local/lib/android/sdk/platforms/android-35/data/res/values-mcc310-mnc280-ml: Cannot change mode to rwxr-xr-x: Operation not permitted
build	Cache Android SDK	2026-06-06T12:22:46.3166040Z /usr/bin/tar: ../../../../../usr/local/lib/android/sdk/platforms/android-35/data/res/values-mcc310-mnc950-be: Cannot utime: Operation not permitted
build	Cache Android SDK	2026-06-06T12:22:46.3167920Z /usr/bin/tar: ../../../../../usr/local/lib/android/sdk/platforms/android-35/data/res/values-mcc310-mnc950-be: Cannot change mode to rwxr-xr-x: Operation not permitted
build	Cache Android SDK	2026-06-06T12:22:46.3169707Z /usr/bin/tar: ../../../../../usr/local/lib/android/sdk/platforms/android-35/data/res/values-mcc334-mnc020-el: Cannot utime: Operation not permitted
build	Cache Android SDK	2026-06-06T12:22:46.3171462Z /usr/bin/tar: ../../../../../usr/local/lib/android/sdk/platforms/android-35/data/res/values-mcc334-mnc020-el: Cannot change mode to rwxr-xr-x: Operation not permitted
build	Cache Android SDK	2026-06-06T12:22:46.3173015Z /usr/bin/tar: ../../../../../usr/local/lib/android/sdk/platforms/android-35/data/res/values-mcc313-mnc100-tl: Cannot utime: Operation not permitted
build	Cache Android SDK	2026-06-06T12:22:46.3175024Z /usr/bin/tar: ../../../../../usr/local/lib/android/sdk/platforms/android-35/data/res/values-mcc313-mnc100-tl: Cannot change mode to rwxr-xr-x: Operation not permitted
build	Cache Android SDK	2026-06-06T12:22:46.3176941Z /usr/bin/tar: ../../../../../usr/local/lib/android/sdk/platforms/android-35/data/res/values-mcc310-mnc800-mr: Cannot utime: Operation not permitted
build	Cache Android SDK	2026-06-06T12:22:46.3179162Z /usr/bin/tar: ../../../../../usr/local/lib/android/sdk/platforms/android-35/data/res/values-mcc310-mnc800-mr: Cannot change mode to rwxr-xr-x: Operation not permitted
build	Cache Android SDK	2026-06-06T12:22:46.3181098Z /usr/bin/tar: ../../../../../usr/local/lib/android/sdk/platforms/android-35/data/res/values-mcc310-mnc150-pa: Cannot utime: Operation not permitted
build	Cache Android SDK	2026-06-06T12:22:46.3182919Z /usr/bin/tar: ../../../../../usr/local/lib/android/sdk/platforms/android-35/data/res/values-mcc310-mnc150-pa: Cannot change mode to rwxr-xr-x: Operation not permitted
build	Cache Android SDK	2026-06-06T12:22:46.3184628Z /usr/bin/tar: ../../../../../usr/local/lib/android/sdk/platforms/android-35/data/res/values-hr-rHR: Cannot utime: Operation not permitted
build	Cache Android SDK	2026-06-06T12:22:46.3186040Z /usr/bin/tar: ../../../../../usr/local/lib/android/sdk/platforms/android-35/data/res/values-hr-rHR: Cannot change mode to rwxr-xr-x: Operation not permitted
build	Cache Android SDK	2026-06-06T12:22:46.3187992Z /usr/bin/tar: ../../../../../usr/local/lib/android/sdk/platforms/android-35/data/res/values-mcc740: Cannot utime: Operation not permitted
build	Cache Android SDK	2026-06-06T12:22:46.3189491Z /usr/bin/tar: ../../../../../usr/local/lib/android/sdk/platforms/android-35/data/res/values-mcc740: Cannot change mode to rwxr-xr-x: Operation not permitted
build	Cache Android SDK	2026-06-06T12:22:46.3191273Z /usr/bin/tar: ../../../../../usr/local/lib/android/sdk/platforms/android-35/data/res/values-mcc310-mnc560-lt: Cannot utime: Operation not permitted
build	Cache Android SDK	2026-06-06T12:22:46.3192997Z /usr/bin/tar: ../../../../../usr/local/lib/android/sdk/platforms/android-35/data/res/values-mcc310-mnc560-lt: Cannot change mode to rwxr-xr-x: Operation not permitted
build	Cache Android SDK	2026-06-06T12:22:46.3194701Z /usr/bin/tar: ../../../../../usr/local/lib/android/sdk/platforms/android-35/data/res/values-mcc310-mnc150-ro: Cannot utime: Operation not permitted
build	Cache Android SDK	2026-06-06T12:22:46.3196472Z /usr/bin/tar: ../../../../../usr/local/lib/android/sdk/platforms/android-35/data/res/values-mcc310-mnc150-ro: Cannot change mode to rwxr-xr-x: Operation not permitted
build	Cache Android SDK	2026-06-06T12:22:46.3198417Z /usr/bin/tar: ../../../../../usr/local/lib/android/sdk/platforms/android-35/data/res/values-mcc310-mnc170-ta: Cannot utime: Operation not permitted
build	Cache Android SDK	2026-06-06T12:22:46.3200154Z /usr/bin/tar: ../../../../../usr/local/lib/android/sdk/platforms/android-35/data/res/values-mcc310-mnc170-ta: Cannot change mode to rwxr-xr-x: Operation not permitted
build	Cache Android SDK	2026-06-06T12:22:46.3201890Z /usr/bin/tar: ../../../../../usr/local/lib/android/sdk/platforms/android-35/data/res/values-mcc310-mnc950-fa: Cannot utime: Operation not permitted
build	Cache Android SDK	2026-06-06T12:22:46.3203663Z /usr/bin/tar: ../../../../../usr/local/lib/android/sdk/platforms/android-35/data/res/values-mcc310-mnc950-fa: Cannot change mode to rwxr-xr-x: Operation not permitted
build	Cache Android SDK	2026-06-06T12:22:46.3205358Z /usr/bin/tar: ../../../../../usr/local/lib/android/sdk/platforms/android-35/data/res/values-mcc310-mnc210-uk: Cannot utime: Operation not permitted
build	Cache Android SDK	2026-06-06T12:22:46.3207189Z /usr/bin/tar: ../../../../../usr/local/lib/android/sdk/platforms/android-35/data/res/values-mcc310-mnc210-uk: Cannot change mode to rwxr-xr-x: Operation not permitted
build	Cache Android SDK	2026-06-06T12:22:46.3209398Z /usr/bin/tar: ../../../../../usr/local/lib/android/sdk/platforms/android-35/data/res/values-mcc310-mnc410-as: Cannot utime: Operation not permitted
build	Cache Android SDK	2026-06-06T12:22:46.3211223Z /usr/bin/tar: ../../../../../usr/local/lib/android/sdk/platforms/android-35/data/res/values-mcc310-mnc410-as: Cannot change mode to rwxr-xr-x: Operation not permitted
build	Cache Android SDK	2026-06-06T12:22:46.3212939Z /usr/bin/tar: ../../../../../usr/local/lib/android/sdk/platforms/android-35/data/res/values-mcc310-mnc160-ja: Cannot utime: Operation not permitted
build	Cache Android SDK	2026-06-06T12:22:46.3214782Z /usr/bin/tar: ../../../../../usr/local/lib/android/sdk/platforms/android-35/data/res/values-mcc310-mnc160-ja: Cannot change mode to rwxr-xr-x: Operation not permitted
build	Cache Android SDK	2026-06-06T12:22:46.3216611Z /usr/bin/tar: ../../../../../usr/local/lib/android/sdk/platforms/android-35/data/res/values-mcc001-mnc01-si: Cannot utime: Operation not permitted
build	Cache Android SDK	2026-06-06T12:22:46.3218500Z /usr/bin/tar: ../../../../../usr/local/lib/android/sdk/platforms/android-35/data/res/values-mcc001-mnc01-si: Cannot change mode to rwxr-xr-x: Operation not permitted
build	Cache Android SDK	2026-06-06T12:22:46.3220396Z /usr/bin/tar: ../../../../../usr/local/lib/android/sdk/platforms/android-35/data/res/values-mcc001-mnc01-kn: Cannot utime: Operation not permitted
build	Cache Android SDK	2026-06-06T12:22:46.3222031Z /usr/bin/tar: ../../../../../usr/local/lib/android/sdk/platforms/android-35/data/res/values-mcc001-mnc01-kn: Cannot change mode to rwxr-xr-x: Operation not permitted
build	Cache Android SDK	2026-06-06T12:22:46.3223951Z /usr/bin/tar: ../../../../../usr/local/lib/android/sdk/platforms/android-35/data/res/values-mcc311-mnc180-ta: Cannot utime: Operation not permitted
build	Cache Android SDK	2026-06-06T12:22:46.3225926Z /usr/bin/tar: ../../../../../usr/local/lib/android/sdk/platforms/android-35/data/res/values-mcc311-mnc180-ta: Cannot change mode to rwxr-xr-x: Operation not permitted
build	Cache Android SDK	2026-06-06T12:22:46.3227948Z /usr/bin/tar: ../../../../../usr/local/lib/android/sdk/platforms/android-35/data/res/values-fr-rCA-television: Cannot utime: Operation not permitted
build	Cache Android SDK	2026-06-06T12:22:46.3229784Z /usr/bin/tar: ../../../../../usr/local/lib/android/sdk/platforms/android-35/data/res/values-fr-rCA-television: Cannot change mode to rwxr-xr-x: Operation not permitted
build	Cache Android SDK	2026-06-06T12:22:46.3231526Z /usr/bin/tar: ../../../../../usr/local/lib/android/sdk/platforms/android-35/data/res/values-mcc311-mnc180: Cannot utime: Operation not permitted
build	Cache Android SDK	2026-06-06T12:22:46.3233541Z /usr/bin/tar: ../../../../../usr/local/lib/android/sdk/platforms/android-35/data/res/values-mcc311-mnc180: Cannot change mode to rwxr-xr-x: Operation not permitted
build	Cache Android SDK	2026-06-06T12:22:46.3235553Z /usr/bin/tar: ../../../../../usr/local/lib/android/sdk/platforms/android-35/data/res/values-mcc310-mnc200-lv: Cannot utime: Operation not permitted
build	Cache Android SDK	2026-06-06T12:22:46.3237562Z /usr/bin/tar: ../../../../../usr/local/lib/android/sdk/platforms/android-35/data/res/values-mcc310-mnc200-lv: Cannot change mode to rwxr-xr-x: Operation not permitted
build	Cache Android SDK	2026-06-06T12:22:46.3239490Z /usr/bin/tar: ../../../../../usr/local/lib/android/sdk/platforms/android-35/data/res/values-mcc310-mnc310-ta: Cannot utime: Operation not permitted
build	Cache Android SDK	2026-06-06T12:22:46.3241286Z /usr/bin/tar: ../../../../../usr/local/lib/android/sdk/platforms/android-35/data/res/values-mcc310-mnc310-ta: Cannot change mode to rwxr-xr-x: Operation not permitted
build	Cache Android SDK	2026-06-06T12:22:46.3243337Z /usr/bin/tar: ../../../../../usr/local/lib/android/sdk/platforms/android-35/data/res/values-mcc310-mnc270-it: Cannot utime: Operation not permitted
build	Cache Android SDK	2026-06-06T12:22:46.3245225Z /usr/bin/tar: ../../../../../usr/local/lib/android/sdk/platforms/android-35/data/res/values-mcc310-mnc270-it: Cannot change mode to rwxr-xr-x: Operation not permitted
build	Cache Android SDK	2026-06-06T12:22:46.3247615Z /usr/bin/tar: ../../../../../usr/local/lib/android/sdk/platforms/android-35/data/res/values-mcc311-mnc180-hi: Cannot utime: Operation not permitted
build	Cache Android SDK	2026-06-06T12:22:46.3249586Z /usr/bin/tar: ../../../../../usr/local/lib/android/sdk/platforms/android-35/data/res/values-mcc311-mnc180-hi: Cannot change mode to rwxr-xr-x: Operation not permitted
build	Cache Android SDK	2026-06-06T12:22:46.3251760Z /usr/bin/tar: ../../../../../usr/local/lib/android/sdk/platforms/android-35/data/res/values-mcc310-mnc280-b+sr+Latn: Cannot utime: Operation not permitted
build	Cache Android SDK	2026-06-06T12:22:46.3254302Z /usr/bin/tar: ../../../../../usr/local/lib/android/sdk/platforms/android-35/data/res/values-mcc310-mnc280-b+sr+Latn: Cannot change mode to rwxr-xr-x: Operation not permitted
build	Cache Android SDK	2026-06-06T12:22:46.3256616Z /usr/bin/tar: ../../../../../usr/local/lib/android/sdk/platforms/android-35/data/res/values-en-rXC-television: Cannot utime: Operation not permitted
build	Cache Android SDK	2026-06-06T12:22:46.3259129Z /usr/bin/tar: ../../../../../usr/local/lib/android/sdk/platforms/android-35/data/res/values-en-rXC-television: Cannot change mode to rwxr-xr-x: Operation not permitted
build	Cache Android SDK	2026-06-06T12:22:46.3261431Z /usr/bin/tar: ../../../../../usr/local/lib/android/sdk/platforms/android-35/data/res/values-mcc310-mnc170-kn: Cannot utime: Operation not permitted
build	Cache Android SDK	2026-06-06T12:22:46.3263732Z /usr/bin/tar: ../../../../../usr/local/lib/android/sdk/platforms/android-35/data/res/values-mcc310-mnc170-kn: Cannot change mode to rwxr-xr-x: Operation not permitted
build	Cache Android SDK	2026-06-06T12:22:46.3266216Z /usr/bin/tar: ../../../../../usr/local/lib/android/sdk/platforms/android-35/data/res/values-mcc001-mnc01-ur: Cannot utime: Operation not permitted
build	Cache Android SDK	2026-06-06T12:22:46.3268618Z /usr/bin/tar: ../../../../../usr/local/lib/android/sdk/platforms/android-35/data/res/values-mcc001-mnc01-ur: Cannot change mode to rwxr-xr-x: Operation not permitted
build	Cache Android SDK	2026-06-06T12:22:46.3270939Z /usr/bin/tar: ../../../../../usr/local/lib/android/sdk/platforms/android-35/data/res/values-mcc310-mnc560-zu: Cannot utime: Operation not permitted
build	Cache Android SDK	2026-06-06T12:22:46.3273561Z /usr/bin/tar: ../../../../../usr/local/lib/android/sdk/platforms/android-35/data/res/values-mcc310-mnc560-zu: Cannot change mode to rwxr-xr-x: Operation not permitted
build	Cache Android SDK	2026-06-06T12:22:46.3275992Z /usr/bin/tar: ../../../../../usr/local/lib/android/sdk/platforms/android-35/data/res/values-mcc310-mnc200-uk: Cannot utime: Operation not permitted
build	Cache Android SDK	2026-06-06T12:22:46.3278514Z /usr/bin/tar: ../../../../../usr/local/lib/android/sdk/platforms/android-35/data/res/values-mcc310-mnc200-uk: Cannot change mode to rwxr-xr-x: Operation not permitted
build	Cache Android SDK	2026-06-06T12:22:46.3469574Z /usr/bin/tar: ../../../../../usr/local/lib/android/sdk/platforms/android-35/data/res/drawable-ldpi: Cannot utime: Operation not permitted
build	Cache Android SDK	2026-06-06T12:22:46.3470525Z /usr/bin/tar: ../../../../../usr/local/lib/android/sdk/platforms/android-35/data/res/drawable-ldpi: Cannot change mode to rwxr-xr-x: Operation not permitted
build	Cache Android SDK	2026-06-06T12:22:46.3475263Z /usr/bin/tar: ../../../../../usr/local/lib/android/sdk/platforms/android-35/data/res/values-mcc310-mnc220-ka: Cannot utime: Operation not permitted
build	Cache Android SDK	2026-06-06T12:22:46.3477584Z /usr/bin/tar: ../../../../../usr/local/lib/android/sdk/platforms/android-35/data/res/values-mcc310-mnc220-ka: Cannot change mode to rwxr-xr-x: Operation not permitted
build	Cache Android SDK	2026-06-06T12:22:46.3479749Z /usr/bin/tar: ../../../../../usr/local/lib/android/sdk/platforms/android-35/data/res/values-mcc310-mnc170-ml: Cannot utime: Operation not permitted
build	Cache Android SDK	2026-06-06T12:22:46.3481879Z /usr/bin/tar: ../../../../../usr/local/lib/android/sdk/platforms/android-35/data/res/values-mcc310-mnc170-ml: Cannot change mode to rwxr-xr-x: Operation not permitted
build	Cache Android SDK	2026-06-06T12:22:46.3483937Z /usr/bin/tar: ../../../../../usr/local/lib/android/sdk/platforms/android-35/data/res/values-mcc310-mnc380-ar: Cannot utime: Operation not permitted
build	Cache Android SDK	2026-06-06T12:22:46.3485967Z /usr/bin/tar: ../../../../../usr/local/lib/android/sdk/platforms/android-35/data/res/values-mcc310-mnc380-ar: Cannot change mode to rwxr-xr-x: Operation not permitted
build	Cache Android SDK	2026-06-06T12:22:46.3487941Z /usr/bin/tar: ../../../../../usr/local/lib/android/sdk/platforms/android-35/data/res/values-mcc310-mnc160-af: Cannot utime: Operation not permitted
build	Cache Android SDK	2026-06-06T12:22:46.3490465Z /usr/bin/tar: ../../../../../usr/local/lib/android/sdk/platforms/android-35/data/res/values-mcc310-mnc160-af: Cannot change mode to rwxr-xr-x: Operation not permitted
build	Cache Android SDK	2026-06-06T12:22:46.3493023Z /usr/bin/tar: ../../../../../usr/local/lib/android/sdk/platforms/android-35/data/res/values-mcc310-mnc660-bs: Cannot utime: Operation not permitted
build	Cache Android SDK	2026-06-06T12:22:46.3495554Z /usr/bin/tar: ../../../../../usr/local/lib/android/sdk/platforms/android-35/data/res/values-mcc310-mnc660-bs: Cannot change mode to rwxr-xr-x: Operation not permitted
build	Cache Android SDK	2026-06-06T12:22:46.3497932Z /usr/bin/tar: ../../../../../usr/local/lib/android/sdk/platforms/android-35/data/res/values-sv-television: Cannot utime: Operation not permitted
build	Cache Android SDK	2026-06-06T12:22:46.3500318Z /usr/bin/tar: ../../../../../usr/local/lib/android/sdk/platforms/android-35/data/res/values-sv-television: Cannot change mode to rwxr-xr-x: Operation not permitted
build	Cache Android SDK	2026-06-06T12:22:46.3502433Z /usr/bin/tar: ../../../../../usr/local/lib/android/sdk/platforms/android-35/data/res/values-mcc310-mnc150-nl: Cannot utime: Operation not permitted
build	Cache Android SDK	2026-06-06T12:22:46.3504437Z /usr/bin/tar: ../../../../../usr/local/lib/android/sdk/platforms/android-35/data/res/values-mcc310-mnc150-nl: Cannot change mode to rwxr-xr-x: Operation not permitted
build	Cache Android SDK	2026-06-06T12:22:46.3506786Z /usr/bin/tar: ../../../../../usr/local/lib/android/sdk/platforms/android-35/data/res/values-mcc310-mnc270-en-rGB: Cannot utime: Operation not permitted
build	Cache Android SDK	2026-06-06T12:22:46.3508957Z /usr/bin/tar: ../../../../../usr/local/lib/android/sdk/platforms/android-35/data/res/values-mcc310-mnc270-en-rGB: Cannot change mode to rwxr-xr-x: Operation not permitted
build	Cache Android SDK	2026-06-06T12:22:46.3510797Z /usr/bin/tar: ../../../../../usr/local/lib/android/sdk/platforms/android-35/data/res/values-mcc316: Cannot utime: Operation not permitted
build	Cache Android SDK	2026-06-06T12:22:46.3512704Z /usr/bin/tar: ../../../../../usr/local/lib/android/sdk/platforms/android-35/data/res/values-mcc316: Cannot change mode to rwxr-xr-x: Operation not permitted
build	Cache Android SDK	2026-06-06T12:22:46.3514719Z /usr/bin/tar: ../../../../../usr/local/lib/android/sdk/platforms/android-35/data/res/values-mcc001-mnc01-fa: Cannot utime: Operation not permitted
build	Cache Android SDK	2026-06-06T12:22:46.3516766Z /usr/bin/tar: ../../../../../usr/local/lib/android/sdk/platforms/android-35/data/res/values-mcc001-mnc01-fa: Cannot change mode to rwxr-xr-x: Operation not permitted
build	Cache Android SDK	2026-06-06T12:22:46.3518946Z /usr/bin/tar: ../../../../../usr/local/lib/android/sdk/platforms/android-35/data/res/values-mcc310-mnc220-eu: Cannot utime: Operation not permitted
build	Cache Android SDK	2026-06-06T12:22:46.3520847Z /usr/bin/tar: ../../../../../usr/local/lib/android/sdk/platforms/android-35/data/res/values-mcc310-mnc220-eu: Cannot change mode to rwxr-xr-x: Operation not permitted
build	Cache Android SDK	2026-06-06T12:22:46.3522693Z /usr/bin/tar: ../../../../../usr/local/lib/android/sdk/platforms/android-35/data/res/values-mcc310-mnc240: Cannot utime: Operation not permitted
build	Cache Android SDK	2026-06-06T12:22:46.3524659Z /usr/bin/tar: ../../../../../usr/local/lib/android/sdk/platforms/android-35/data/res/values-mcc310-mnc240: Cannot change mode to rwxr-xr-x: Operation not permitted
build	Cache Android SDK	2026-06-06T12:22:46.3526542Z /usr/bin/tar: ../../../../../usr/local/lib/android/sdk/platforms/android-35/data/res/values-mcc313-mnc100-sw: Cannot utime: Operation not permitted
build	Cache Android SDK	2026-06-06T12:22:46.3528690Z /usr/bin/tar: ../../../../../usr/local/lib/android/sdk/platforms/android-35/data/res/values-mcc313-mnc100-sw: Cannot change mode to rwxr-xr-x: Operation not permitted
build	Cache Android SDK	2026-06-06T12:22:46.3530619Z /usr/bin/tar: ../../../../../usr/local/lib/android/sdk/platforms/android-35/data/res/values-mcc310-mnc230-ro: Cannot utime: Operation not permitted
build	Cache Android SDK	2026-06-06T12:22:46.3532389Z /usr/bin/tar: ../../../../../usr/local/lib/android/sdk/platforms/android-35/data/res/values-mcc310-mnc230-ro: Cannot change mode to rwxr-xr-x: Operation not permitted
build	Cache Android SDK	2026-06-06T12:22:46.3534478Z /usr/bin/tar: ../../../../../usr/local/lib/android/sdk/platforms/android-35/data/res/values-mcc310-mnc660-zh-rCN: Cannot utime: Operation not permitted
build	Cache Android SDK	2026-06-06T12:22:46.3536823Z /usr/bin/tar: ../../../../../usr/local/lib/android/sdk/platforms/android-35/data/res/values-mcc310-mnc660-zh-rCN: Cannot change mode to rwxr-xr-x: Operation not permitted
build	Cache Android SDK	2026-06-06T12:22:46.3539515Z /usr/bin/tar: ../../../../../usr/local/lib/android/sdk/platforms/android-35/data/res/values-mcc310-mnc310-lv: Cannot utime: Operation not permitted
build	Cache Android SDK	2026-06-06T12:22:46.3541470Z /usr/bin/tar: ../../../../../usr/local/lib/android/sdk/platforms/android-35/data/res/values-mcc310-mnc310-lv: Cannot change mode to rwxr-xr-x: Operation not permitted
build	Cache Android SDK	2026-06-06T12:22:46.3543341Z /usr/bin/tar: ../../../../../usr/local/lib/android/sdk/platforms/android-35/data/res/values-mcc310-mnc950-km: Cannot utime: Operation not permitted
build	Cache Android SDK	2026-06-06T12:22:46.3545318Z /usr/bin/tar: ../../../../../usr/local/lib/android/sdk/platforms/android-35/data/res/values-mcc310-mnc950-km: Cannot change mode to rwxr-xr-x: Operation not permitted
build	Cache Android SDK	2026-06-06T12:22:46.3547237Z /usr/bin/tar: ../../../../../usr/local/lib/android/sdk/platforms/android-35/data/res/values-mcc310-mnc560-ar: Cannot utime: Operation not permitted
build	Cache Android SDK	2026-06-06T12:22:46.3564980Z /usr/bin/tar: ../../../../../usr/local/lib/android/sdk/platforms/android-35/data/res/values-mcc310-mnc560-ar: Cannot change mode to rwxr-xr-x: Operation not permitted
build	Cache Android SDK	2026-06-06T12:22:46.3567225Z /usr/bin/tar: ../../../../../usr/local/lib/android/sdk/platforms/android-35/data/res/values-mcc310-mnc230-mr: Cannot utime: Operation not permitted
build	Cache Android SDK	2026-06-06T12:22:46.3569410Z /usr/bin/tar: ../../../../../usr/local/lib/android/sdk/platforms/android-35/data/res/values-mcc310-mnc230-mr: Cannot change mode to rwxr-xr-x: Operation not permitted
build	Cache Android SDK	2026-06-06T12:22:46.3571459Z /usr/bin/tar: ../../../../../usr/local/lib/android/sdk/platforms/android-35/data/res/values-mcc310-mnc230-mk: Cannot utime: Operation not permitted
build	Cache Android SDK	2026-06-06T12:22:46.3573369Z /usr/bin/tar: ../../../../../usr/local/lib/android/sdk/platforms/android-35/data/res/values-mcc310-mnc230-mk: Cannot change mode to rwxr-xr-x: Operation not permitted
build	Cache Android SDK	2026-06-06T12:22:46.3575548Z /usr/bin/tar: ../../../../../usr/local/lib/android/sdk/platforms/android-35/data/res/values-mcc311-mnc180-ca: Cannot utime: Operation not permitted
build	Cache Android SDK	2026-06-06T12:22:46.3577710Z /usr/bin/tar: ../../../../../usr/local/lib/android/sdk/platforms/android-35/data/res/values-mcc311-mnc180-ca: Cannot change mode to rwxr-xr-x: Operation not permitted
build	Cache Android SDK	2026-06-06T12:22:46.3579643Z /usr/bin/tar: ../../../../../usr/local/lib/android/sdk/platforms/android-35/data/res/drawable-nodpi: Cannot utime: Operation not permitted
build	Cache Android SDK	2026-06-06T12:22:46.3581552Z /usr/bin/tar: ../../../../../usr/local/lib/android/sdk/platforms/android-35/data/res/drawable-nodpi: Cannot change mode to rwxr-xr-x: Operation not permitted
build	Cache Android SDK	2026-06-06T12:22:46.3583505Z /usr/bin/tar: ../../../../../usr/local/lib/android/sdk/platforms/android-35/data/res/values-w208dp: Cannot utime: Operation not permitted
build	Cache Android SDK	2026-06-06T12:22:46.3585204Z /usr/bin/tar: ../../../../../usr/local/lib/android/sdk/platforms/android-35/data/res/values-w208dp: Cannot change mode to rwxr-xr-x: Operation not permitted
build	Cache Android SDK	2026-06-06T12:22:46.3587104Z /usr/bin/tar: ../../../../../usr/local/lib/android/sdk/platforms/android-35/data/res/values-mcc310-mnc030-lo: Cannot utime: Operation not permitted
build	Cache Android SDK	2026-06-06T12:22:46.3588978Z /usr/bin/tar: ../../../../../usr/local/lib/android/sdk/platforms/android-35/data/res/values-mcc310-mnc030-lo: Cannot change mode to rwxr-xr-x: Operation not permitted
build	Cache Android SDK	2026-06-06T12:22:46.3589929Z /usr/bin/tar: ../../../../../usr/local/lib/android/sdk/platforms/android-35/data/res/values-mcc310-mnc240-sv: Cannot utime: Operation not permitted
build	Cache Android SDK	2026-06-06T12:22:46.3590947Z /usr/bin/tar: ../../../../../usr/local/lib/android/sdk/platforms/android-35/data/res/values-mcc310-mnc240-sv: Cannot change mode to rwxr-xr-x: Operation not permitted
build	Cache Android SDK	2026-06-06T12:22:46.3591923Z /usr/bin/tar: ../../../../../usr/local/lib/android/sdk/platforms/android-35/data/res/values-mcc310-mnc240-am: Cannot utime: Operation not permitted
build	Cache Android SDK	2026-06-06T12:22:46.3592955Z /usr/bin/tar: ../../../../../usr/local/lib/android/sdk/platforms/android-35/data/res/values-mcc310-mnc240-am: Cannot change mode to rwxr-xr-x: Operation not permitted
build	Cache Android SDK	2026-06-06T12:22:46.3594073Z /usr/bin/tar: ../../../../../usr/local/lib/android/sdk/platforms/android-35/data/res/values-mcc234-mnc20: Cannot utime: Operation not permitted
build	Cache Android SDK	2026-06-06T12:22:46.3595073Z /usr/bin/tar: ../../../../../usr/local/lib/android/sdk/platforms/android-35/data/res/values-mcc234-mnc20: Cannot change mode to rwxr-xr-x: Operation not permitted
build	Cache Android SDK	2026-06-06T12:22:46.3595978Z /usr/bin/tar: ../../../../../usr/local/lib/android/sdk/platforms/android-35/data/res/values-mcc310-mnc380-ta: Cannot utime: Operation not permitted
build	Cache Android SDK	2026-06-06T12:22:46.3596881Z /usr/bin/tar: ../../../../../usr/local/lib/android/sdk/platforms/android-35/data/res/values-mcc310-mnc380-ta: Cannot change mode to rwxr-xr-x: Operation not permitted
build	Cache Android SDK	2026-06-06T12:22:46.3598068Z /usr/bin/tar: ../../../../../usr/local/lib/android/sdk/platforms/android-35/data/res/values-mcc310-mnc170-sq: Cannot utime: Operation not permitted
build	Cache Android SDK	2026-06-06T12:22:46.3599083Z /usr/bin/tar: ../../../../../usr/local/lib/android/sdk/platforms/android-35/data/res/values-mcc310-mnc170-sq: Cannot change mode to rwxr-xr-x: Operation not permitted
build	Cache Android SDK	2026-06-06T12:22:46.3600097Z /usr/bin/tar: ../../../../../usr/local/lib/android/sdk/platforms/android-35/data/res/values-mcc425: Cannot utime: Operation not permitted
build	Cache Android SDK	2026-06-06T12:22:46.3601023Z /usr/bin/tar: ../../../../../usr/local/lib/android/sdk/platforms/android-35/data/res/values-mcc425: Cannot change mode to rwxr-xr-x: Operation not permitted
build	Cache Android SDK	2026-06-06T12:22:46.3602043Z /usr/bin/tar: ../../../../../usr/local/lib/android/sdk/platforms/android-35/data/res/values-mcc310-mnc270-et: Cannot utime: Operation not permitted
build	Cache Android SDK	2026-06-06T12:22:46.3602956Z /usr/bin/tar: ../../../../../usr/local/lib/android/sdk/platforms/android-35/data/res/values-mcc310-mnc270-et: Cannot change mode to rwxr-xr-x: Operation not permitted
build	Cache Android SDK	2026-06-06T12:22:46.3603854Z /usr/bin/tar: ../../../../../usr/local/lib/android/sdk/platforms/android-35/data/res/values-mcc302-mnc720-as: Cannot utime: Operation not permitted
build	Cache Android SDK	2026-06-06T12:22:46.3605020Z /usr/bin/tar: ../../../../../usr/local/lib/android/sdk/platforms/android-35/data/res/values-mcc302-mnc720-as: Cannot change mode to rwxr-xr-x: Operation not permitted
build	Cache Android SDK	2026-06-06T12:22:46.3605930Z /usr/bin/tar: ../../../../../usr/local/lib/android/sdk/platforms/android-35/data/res/values-mcc310-mnc490-te: Cannot utime: Operation not permitted
build	Cache Android SDK	2026-06-06T12:22:46.3619612Z /usr/bin/tar: ../../../../../usr/local/lib/android/sdk/platforms/android-35/data/res/values-mcc310-mnc490-te: Cannot change mode to rwxr-xr-x: Operation not permitted
build	Cache Android SDK	2026-06-06T12:22:46.3620726Z /usr/bin/tar: ../../../../../usr/local/lib/android/sdk/platforms/android-35/data/res/values-mcc310-mnc160-th: Cannot utime: Operation not permitted
build	Cache Android SDK	2026-06-06T12:22:46.3621675Z /usr/bin/tar: ../../../../../usr/local/lib/android/sdk/platforms/android-35/data/res/values-mcc310-mnc160-th: Cannot change mode to rwxr-xr-x: Operation not permitted
build	Cache Android SDK	2026-06-06T12:22:46.3622747Z /usr/bin/tar: ../../../../../usr/local/lib/android/sdk/platforms/android-35/data/res/values-mcc310-mnc200-sr: Cannot utime: Operation not permitted
build	Cache Android SDK	2026-06-06T12:22:46.3623724Z /usr/bin/tar: ../../../../../usr/local/lib/android/sdk/platforms/android-35/data/res/values-mcc310-mnc200-sr: Cannot change mode to rwxr-xr-x: Operation not permitted
build	Cache Android SDK	2026-06-06T12:22:46.3624600Z /usr/bin/tar: ../../../../../usr/local/lib/android/sdk/platforms/android-35/data/res/values-da: Cannot utime: Operation not permitted
build	Cache Android SDK	2026-06-06T12:22:46.3625532Z /usr/bin/tar: ../../../../../usr/local/lib/android/sdk/platforms/android-35/data/res/values-da: Cannot change mode to rwxr-xr-x: Operation not permitted
build	Cache Android SDK	2026-06-06T12:22:46.3626392Z /usr/bin/tar: ../../../../../usr/local/lib/android/sdk/platforms/android-35/data/res/values-mcc310-mnc170-et: Cannot utime: Operation not permitted
build	Cache Android SDK	2026-06-06T12:22:46.3627459Z /usr/bin/tar: ../../../../../usr/local/lib/android/sdk/platforms/android-35/data/res/values-mcc310-mnc170-et: Cannot change mode to rwxr-xr-x: Operation not permitted
build	Cache Android SDK	2026-06-06T12:22:46.3628638Z /usr/bin/tar: ../../../../../usr/local/lib/android/sdk/platforms/android-35/data/res/values-mcc310-mnc160-en-rIN: Cannot utime: Operation not permitted
build	Cache Android SDK	2026-06-06T12:22:46.3629595Z /usr/bin/tar: ../../../../../usr/local/lib/android/sdk/platforms/android-35/data/res/values-mcc310-mnc160-en-rIN: Cannot change mode to rwxr-xr-x: Operation not permitted
build	Cache Android SDK	2026-06-06T12:22:46.3630590Z /usr/bin/tar: ../../../../../usr/local/lib/android/sdk/platforms/android-35/data/res/values-mcc302-mnc370-da: Cannot utime: Operation not permitted
build	Cache Android SDK	2026-06-06T12:22:46.3631662Z /usr/bin/tar: ../../../../../usr/local/lib/android/sdk/platforms/android-35/data/res/values-mcc302-mnc370-da: Cannot change mode to rwxr-xr-x: Operation not permitted
build	Cache Android SDK	2026-06-06T12:22:46.3632571Z /usr/bin/tar: ../../../../../usr/local/lib/android/sdk/platforms/android-35/data/res/values-mcc310-mnc490-sv: Cannot utime: Operation not permitted
build	Cache Android SDK	2026-06-06T12:22:46.3633473Z /usr/bin/tar: ../../../../../usr/local/lib/android/sdk/platforms/android-35/data/res/values-mcc310-mnc490-sv: Cannot change mode to rwxr-xr-x: Operation not permitted
build	Cache Android SDK	2026-06-06T12:22:46.3634730Z /usr/bin/tar: ../../../../../usr/local/lib/android/sdk/platforms/android-35/data/res/values-ru-television: Cannot utime: Operation not permitted
build	Cache Android SDK	2026-06-06T12:22:46.3635627Z /usr/bin/tar: ../../../../../usr/local/lib/android/sdk/platforms/android-35/data/res/values-ru-television: Cannot change mode to rwxr-xr-x: Operation not permitted
build	Cache Android SDK	2026-06-06T12:22:46.3636599Z /usr/bin/tar: ../../../../../usr/local/lib/android/sdk/platforms/android-35/data/res/values-mcc310-mnc380-it: Cannot utime: Operation not permitted
build	Cache Android SDK	2026-06-06T12:22:46.3637766Z /usr/bin/tar: ../../../../../usr/local/lib/android/sdk/platforms/android-35/data/res/values-mcc310-mnc380-it: Cannot change mode to rwxr-xr-x: Operation not permitted
build	Cache Android SDK	2026-06-06T12:22:46.3638677Z /usr/bin/tar: ../../../../../usr/local/lib/android/sdk/platforms/android-35/data/res/values-mcc001-mnc01-sw: Cannot utime: Operation not permitted
build	Cache Android SDK	2026-06-06T12:22:46.3639718Z /usr/bin/tar: ../../../../../usr/local/lib/android/sdk/platforms/android-35/data/res/values-mcc001-mnc01-sw: Cannot change mode to rwxr-xr-x: Operation not permitted
build	Cache Android SDK	2026-06-06T12:22:46.3640806Z /usr/bin/tar: ../../../../../usr/local/lib/android/sdk/platforms/android-35/data/res/values-kn-watch: Cannot utime: Operation not permitted
build	Cache Android SDK	2026-06-06T12:22:46.3641678Z /usr/bin/tar: ../../../../../usr/local/lib/android/sdk/platforms/android-35/data/res/values-kn-watch: Cannot change mode to rwxr-xr-x: Operation not permitted
build	Cache Android SDK	2026-06-06T12:22:46.3642627Z /usr/bin/tar: ../../../../../usr/local/lib/android/sdk/platforms/android-35/data/res/values-mcc310-mnc660-am: Cannot utime: Operation not permitted
build	Cache Android SDK	2026-06-06T12:22:46.3643680Z /usr/bin/tar: ../../../../../usr/local/lib/android/sdk/platforms/android-35/data/res/values-mcc310-mnc660-am: Cannot change mode to rwxr-xr-x: Operation not permitted
build	Cache Android SDK	2026-06-06T12:22:46.3644616Z /usr/bin/tar: ../../../../../usr/local/lib/android/sdk/platforms/android-35/data/res/values-mcc310-mnc240-b+sr+Latn: Cannot utime: Operation not permitted
build	Cache Android SDK	2026-06-06T12:22:46.3645642Z /usr/bin/tar: ../../../../../usr/local/lib/android/sdk/platforms/android-35/data/res/values-mcc310-mnc240-b+sr+Latn: Cannot change mode to rwxr-xr-x: Operation not permitted
build	Cache Android SDK	2026-06-06T12:22:46.3646722Z /usr/bin/tar: ../../../../../usr/local/lib/android/sdk/platforms/android-35/data/res/values-as-watch: Cannot utime: Operation not permitted
build	Cache Android SDK	2026-06-06T12:22:46.3647749Z /usr/bin/tar: ../../../../../usr/local/lib/android/sdk/platforms/android-35/data/res/values-as-watch: Cannot change mode to rwxr-xr-x: Operation not permitted
build	Cache Android SDK	2026-06-06T12:22:46.3650926Z /usr/bin/tar: ../../../../../usr/local/lib/android/sdk/platforms/android-35/data/res/values-mcc310-mnc270-fa: Cannot utime: Operation not permitted
build	Cache Android SDK	2026-06-06T12:22:46.3651865Z /usr/bin/tar: ../../../../../usr/local/lib/android/sdk/platforms/android-35/data/res/values-mcc310-mnc270-fa: Cannot change mode to rwxr-xr-x: Operation not permitted
build	Cache Android SDK	2026-06-06T12:22:46.3654299Z /usr/bin/tar: ../../../../../usr/local/lib/android/sdk/platforms/android-35/data/res/values-mcc310-mnc410-ky: Cannot utime: Operation not permitted
build	Cache Android SDK	2026-06-06T12:22:46.3655233Z /usr/bin/tar: ../../../../../usr/local/lib/android/sdk/platforms/android-35/data/res/values-mcc310-mnc410-ky: Cannot change mode to rwxr-xr-x: Operation not permitted
build	Cache Android SDK	2026-06-06T12:22:46.3657544Z /usr/bin/tar: ../../../../../usr/local/lib/android/sdk/platforms/android-35/data/res/values-mcc310-mnc030-lt: Cannot utime: Operation not permitted
build	Cache Android SDK	2026-06-06T12:22:46.3658467Z /usr/bin/tar: ../../../../../usr/local/lib/android/sdk/platforms/android-35/data/res/values-mcc310-mnc030-lt: Cannot change mode to rwxr-xr-x: Operation not permitted
build	Cache Android SDK	2026-06-06T12:22:46.3660392Z /usr/bin/tar: ../../../../../usr/local/lib/android/sdk/platforms/android-35/data/res/values-mcc310-mnc030-my: Cannot utime: Operation not permitted
build	Cache Android SDK	2026-06-06T12:22:46.3661304Z /usr/bin/tar: ../../../../../usr/local/lib/android/sdk/platforms/android-35/data/res/values-mcc310-mnc030-my: Cannot change mode to rwxr-xr-x: Operation not permitted
build	Cache Android SDK	2026-06-06T12:22:46.3663425Z /usr/bin/tar: ../../../../../usr/local/lib/android/sdk/platforms/android-35/data/res/values-mcc310-mnc270-my: Cannot utime: Operation not permitted
build	Cache Android SDK	2026-06-06T12:22:46.3664330Z /usr/bin/tar: ../../../../../usr/local/lib/android/sdk/platforms/android-35/data/res/values-mcc310-mnc270-my: Cannot change mode to rwxr-xr-x: Operation not permitted
build	Cache Android SDK	2026-06-06T12:22:46.3666829Z /usr/bin/tar: ../../../../../usr/local/lib/android/sdk/platforms/android-35/data/res/values-hi-television: Cannot utime: Operation not permitted
build	Cache Android SDK	2026-06-06T12:22:46.3667869Z /usr/bin/tar: ../../../../../usr/local/lib/android/sdk/platforms/android-35/data/res/values-hi-television: Cannot change mode to rwxr-xr-x: Operation not permitted
build	Cache Android SDK	2026-06-06T12:22:46.3669812Z /usr/bin/tar: ../../../../../usr/local/lib/android/sdk/platforms/android-35/data/res/values-mcc312-mnc670-sr: Cannot utime: Operation not permitted
build	Cache Android SDK	2026-06-06T12:22:46.3670865Z /usr/bin/tar: ../../../../../usr/local/lib/android/sdk/platforms/android-35/data/res/values-mcc312-mnc670-sr: Cannot change mode to rwxr-xr-x: Operation not permitted
build	Cache Android SDK	2026-06-06T12:22:46.3672731Z /usr/bin/tar: ../../../../../usr/local/lib/android/sdk/platforms/android-35/data/res/values-mcc310-mnc270-zh-rHK: Cannot utime: Operation not permitted
build	Cache Android SDK	2026-06-06T12:22:46.3673690Z /usr/bin/tar: ../../../../../usr/local/lib/android/sdk/platforms/android-35/data/res/values-mcc310-mnc270-zh-rHK: Cannot change mode to rwxr-xr-x: Operation not permitted
build	Cache Android SDK	2026-06-06T12:22:46.3676222Z /usr/bin/tar: ../../../../../usr/local/lib/android/sdk/platforms/android-35/data/res/values-mcc310-mnc560-pt: Cannot utime: Operation not permitted
build	Cache Android SDK	2026-06-06T12:22:46.3677274Z /usr/bin/tar: ../../../../../usr/local/lib/android/sdk/platforms/android-35/data/res/values-mcc310-mnc560-pt: Cannot change mode to rwxr-xr-x: Operation not permitted
build	Cache Android SDK	2026-06-06T12:22:46.3679498Z /usr/bin/tar: ../../../../../usr/local/lib/android/sdk/platforms/android-35/data/res/values-mcc310-mnc160-pt-rPT: Cannot utime: Operation not permitted
build	Cache Android SDK	2026-06-06T12:22:46.3680458Z /usr/bin/tar: ../../../../../usr/local/lib/android/sdk/platforms/android-35/data/res/values-mcc310-mnc160-pt-rPT: Cannot change mode to rwxr-xr-x: Operation not permitted
build	Cache Android SDK	2026-06-06T12:22:46.3682521Z /usr/bin/tar: ../../../../../usr/local/lib/android/sdk/platforms/android-35/data/res/values-mcc310-mnc490-fa: Cannot utime: Operation not permitted
build	Cache Android SDK	2026-06-06T12:22:46.3685711Z /usr/bin/tar: ../../../../../usr/local/lib/android/sdk/platforms/android-35/data/res/values-mcc310-mnc490-fa: Cannot change mode to rwxr-xr-x: Operation not permitted
build	Cache Android SDK	2026-06-06T12:22:46.3686615Z /usr/bin/tar: ../../../../../usr/local/lib/android/sdk/platforms/android-35/data/res/values-mcc302-mnc370-sq: Cannot utime: Operation not permitted
build	Cache Android SDK	2026-06-06T12:22:46.3687759Z /usr/bin/tar: ../../../../../usr/local/lib/android/sdk/platforms/android-35/data/res/values-mcc302-mnc370-sq: Cannot change mode to rwxr-xr-x: Operation not permitted
build	Cache Android SDK	2026-06-06T12:22:46.3689214Z /usr/bin/tar: ../../../../../usr/local/lib/android/sdk/platforms/android-35/data/res/values-mcc310-mnc210-fr: Cannot utime: Operation not permitted
build	Cache Android SDK	2026-06-06T12:22:46.3690128Z /usr/bin/tar: ../../../../../usr/local/lib/android/sdk/platforms/android-35/data/res/values-mcc310-mnc210-fr: Cannot change mode to rwxr-xr-x: Operation not permitted
build	Cache Android SDK	2026-06-06T12:22:46.3692242Z /usr/bin/tar: ../../../../../usr/local/lib/android/sdk/platforms/android-35/data/res/values-mcc310-mnc030-sl: Cannot utime: Operation not permitted
build	Cache Android SDK	2026-06-06T12:22:46.3693197Z /usr/bin/tar: ../../../../../usr/local/lib/android/sdk/platforms/android-35/data/res/values-mcc310-mnc030-sl: Cannot change mode to rwxr-xr-x: Operation not permitted
build	Cache Android SDK	2026-06-06T12:22:46.3695092Z /usr/bin/tar: ../../../../../usr/local/lib/android/sdk/platforms/android-35/data/res/values-mcc310-mnc410-tr: Cannot utime: Operation not permitted
build	Cache Android SDK	2026-06-06T12:22:46.3695997Z /usr/bin/tar: ../../../../../usr/local/lib/android/sdk/platforms/android-35/data/res/values-mcc310-mnc410-tr: Cannot change mode to rwxr-xr-x: Operation not permitted
build	Cache Android SDK	2026-06-06T12:22:46.3699241Z /usr/bin/tar: ../../../../../usr/local/lib/android/sdk/platforms/android-35/data/res/values-mcc302-mnc720-kn: Cannot utime: Operation not permitted
build	Cache Android SDK	2026-06-06T12:22:46.3700463Z /usr/bin/tar: ../../../../../usr/local/lib/android/sdk/platforms/android-35/data/res/values-mcc302-mnc720-kn: Cannot change mode to rwxr-xr-x: Operation not permitted
build	Cache Android SDK	2026-06-06T12:22:46.3702605Z /usr/bin/tar: ../../../../../usr/local/lib/android/sdk/platforms/android-35/data/res/values-mcc001-mnc01-fr: Cannot utime: Operation not permitted
build	Cache Android SDK	2026-06-06T12:22:46.3704268Z /usr/bin/tar: ../../../../../usr/local/lib/android/sdk/platforms/android-35/data/res/values-mcc001-mnc01-fr: Cannot change mode to rwxr-xr-x: Operation not permitted
build	Cache Android SDK	2026-06-06T12:22:46.3706259Z /usr/bin/tar: ../../../../../usr/local/lib/android/sdk/platforms/android-35/data/res/values-mcc310-mnc490-sq: Cannot utime: Operation not permitted
build	Cache Android SDK	2026-06-06T12:22:46.3707469Z /usr/bin/tar: ../../../../../usr/local/lib/android/sdk/platforms/android-35/data/res/values-mcc310-mnc490-sq: Cannot change mode to rwxr-xr-x: Operation not permitted
build	Cache Android SDK	2026-06-06T12:22:46.3709827Z /usr/bin/tar: ../../../../../usr/local/lib/android/sdk/platforms/android-35/data/res/values-mcc310-mnc170-el: Cannot utime: Operation not permitted
build	Cache Android SDK	2026-06-06T12:22:46.3710761Z /usr/bin/tar: ../../../../../usr/local/lib/android/sdk/platforms/android-35/data/res/values-mcc310-mnc170-el: Cannot change mode to rwxr-xr-x: Operation not permitted
build	Cache Android SDK	2026-06-06T12:22:46.3713168Z /usr/bin/tar: ../../../../../usr/local/lib/android/sdk/platforms/android-35/data/res/values-mcc310-mnc030-fi: Cannot utime: Operation not permitted
build	Cache Android SDK	2026-06-06T12:22:46.3714111Z /usr/bin/tar: ../../../../../usr/local/lib/android/sdk/platforms/android-35/data/res/values-mcc310-mnc030-fi: Cannot change mode to rwxr-xr-x: Operation not permitted
build	Cache Android SDK	2026-06-06T12:22:46.3716719Z /usr/bin/tar: ../../../../../usr/local/lib/android/sdk/platforms/android-35/data/res/values-mcc310-mnc560-pt-rBR: Cannot utime: Operation not permitted
build	Cache Android SDK	2026-06-06T12:22:46.3717854Z /usr/bin/tar: ../../../../../usr/local/lib/android/sdk/platforms/android-35/data/res/values-mcc310-mnc560-pt-rBR: Cannot change mode to rwxr-xr-x: Operation not permitted
build	Cache Android SDK	2026-06-06T12:22:46.3720165Z /usr/bin/tar: ../../../../../usr/local/lib/android/sdk/platforms/android-35/data/res/values-mcc310-mnc230-fi: Cannot utime: Operation not permitted
build	Cache Android SDK	2026-06-06T12:22:46.3721093Z /usr/bin/tar: ../../../../../usr/local/lib/android/sdk/platforms/android-35/data/res/values-mcc310-mnc230-fi: Cannot change mode to rwxr-xr-x: Operation not permitted
build	Cache Android SDK	2026-06-06T12:22:46.3723272Z /usr/bin/tar: ../../../../../usr/local/lib/android/sdk/platforms/android-35/data/res/values-mcc310-mnc170-it: Cannot utime: Operation not permitted
build	Cache Android SDK	2026-06-06T12:22:46.3724206Z /usr/bin/tar: ../../../../../usr/local/lib/android/sdk/platforms/android-35/data/res/values-mcc310-mnc170-it: Cannot change mode to rwxr-xr-x: Operation not permitted
build	Cache Android SDK	2026-06-06T12:22:46.3730954Z /usr/bin/tar: ../../../../../usr/local/lib/android/sdk/platforms/android-35/data/res/values-as: Cannot utime: Operation not permitted
build	Cache Android SDK	2026-06-06T12:22:46.3732285Z /usr/bin/tar: ../../../../../usr/local/lib/android/sdk/platforms/android-35/data/res/values-as: Cannot change mode to rwxr-xr-x: Operation not permitted
build	Cache Android SDK	2026-06-06T12:22:46.3733583Z /usr/bin/tar: ../../../../../usr/local/lib/android/sdk/platforms/android-35/data/res/values-w320dp-h426dp: Cannot utime: Operation not permitted
build	Cache Android SDK	2026-06-06T12:22:46.3734486Z /usr/bin/tar: ../../../../../usr/local/lib/android/sdk/platforms/android-35/data/res/values-w320dp-h426dp: Cannot change mode to rwxr-xr-x: Operation not permitted
build	Cache Android SDK	2026-06-06T12:22:46.3737190Z /usr/bin/tar: ../../../../../usr/local/lib/android/sdk/platforms/android-35/data/res/values-mcc310-mnc270-bs: Cannot utime: Operation not permitted
build	Cache Android SDK	2026-06-06T12:22:46.3738274Z /usr/bin/tar: ../../../../../usr/local/lib/android/sdk/platforms/android-35/data/res/values-mcc310-mnc270-bs: Cannot change mode to rwxr-xr-x: Operation not permitted
build	Cache Android SDK	2026-06-06T12:22:46.3740658Z /usr/bin/tar: ../../../../../usr/local/lib/android/sdk/platforms/android-35/data/res/values-mcc310-mnc230-sr: Cannot utime: Operation not permitted
build	Cache Android SDK	2026-06-06T12:22:46.3741579Z /usr/bin/tar: ../../../../../usr/local/lib/android/sdk/platforms/android-35/data/res/values-mcc310-mnc230-sr: Cannot change mode to rwxr-xr-x: Operation not permitted
build	Cache Android SDK	2026-06-06T12:22:46.3744090Z /usr/bin/tar: ../../../../../usr/local/lib/android/sdk/platforms/android-35/data/res/values-mcc313-mnc100-si: Cannot utime: Operation not permitted
build	Cache Android SDK	2026-06-06T12:22:46.3745015Z /usr/bin/tar: ../../../../../usr/local/lib/android/sdk/platforms/android-35/data/res/values-mcc313-mnc100-si: Cannot change mode to rwxr-xr-x: Operation not permitted
build	Cache Android SDK	2026-06-06T12:22:46.3750304Z /usr/bin/tar: ../../../../../usr/local/lib/android/sdk/platforms/android-35/data/res/values-bs: Cannot utime: Operation not permitted
build	Cache Android SDK	2026-06-06T12:22:46.3751263Z /usr/bin/tar: ../../../../../usr/local/lib/android/sdk/platforms/android-35/data/res/values-bs: Cannot change mode to rwxr-xr-x: Operation not permitted
build	Cache Android SDK	2026-06-06T12:22:46.3753993Z /usr/bin/tar: ../../../../../usr/local/lib/android/sdk/platforms/android-35/data/res/values-mcc310-mnc230-pt-rPT: Cannot utime: Operation not permitted
build	Cache Android SDK	2026-06-06T12:22:46.3755119Z /usr/bin/tar: ../../../../../usr/local/lib/android/sdk/platforms/android-35/data/res/values-mcc310-mnc230-pt-rPT: Cannot change mode to rwxr-xr-x: Operation not permitted
build	Cache Android SDK	2026-06-06T12:22:46.3757125Z /usr/bin/tar: ../../../../../usr/local/lib/android/sdk/platforms/android-35/data/res/values-mcc310-mnc170-zh-rCN: Cannot utime: Operation not permitted
build	Cache Android SDK	2026-06-06T12:22:46.3758179Z /usr/bin/tar: ../../../../../usr/local/lib/android/sdk/platforms/android-35/data/res/values-mcc310-mnc170-zh-rCN: Cannot change mode to rwxr-xr-x: Operation not permitted
build	Cache Android SDK	2026-06-06T12:22:46.3759974Z /usr/bin/tar: ../../../../../usr/local/lib/android/sdk/platforms/android-35/data/res/values-mcc313-mnc100-lo: Cannot utime: Operation not permitted
build	Cache Android SDK	2026-06-06T12:22:46.3760910Z /usr/bin/tar: ../../../../../usr/local/lib/android/sdk/platforms/android-35/data/res/values-mcc313-mnc100-lo: Cannot change mode to rwxr-xr-x: Operation not permitted
build	Cache Android SDK	2026-06-06T12:22:46.3762954Z /usr/bin/tar: ../../../../../usr/local/lib/android/sdk/platforms/android-35/data/res/values-mcc302-mnc370-th: Cannot utime: Operation not permitted
build	Cache Android SDK	2026-06-06T12:22:46.3763878Z /usr/bin/tar: ../../../../../usr/local/lib/android/sdk/platforms/android-35/data/res/values-mcc302-mnc370-th: Cannot change mode to rwxr-xr-x: Operation not permitted
build	Cache Android SDK	2026-06-06T12:22:46.3767037Z /usr/bin/tar: ../../../../../usr/local/lib/android/sdk/platforms/android-35/data/res/values-mcc310-mnc160-si: Cannot utime: Operation not permitted
build	Cache Android SDK	2026-06-06T12:22:46.3768743Z /usr/bin/tar: ../../../../../usr/local/lib/android/sdk/platforms/android-35/data/res/values-mcc310-mnc160-si: Cannot change mode to rwxr-xr-x: Operation not permitted
build	Cache Android SDK	2026-06-06T12:22:46.3770065Z /usr/bin/tar: ../../../../../usr/local/lib/android/sdk/platforms/android-35/data/res/values-mcc311-mnc180-or: Cannot utime: Operation not permitted
build	Cache Android SDK	2026-06-06T12:22:46.3771060Z /usr/bin/tar: ../../../../../usr/local/lib/android/sdk/platforms/android-35/data/res/values-mcc311-mnc180-or: Cannot change mode to rwxr-xr-x: Operation not permitted
build	Cache Android SDK	2026-06-06T12:22:46.3773046Z /usr/bin/tar: ../../../../../usr/local/lib/android/sdk/platforms/android-35/data/res/values-mcc312-mnc670-hu: Cannot utime: Operation not permitted
build	Cache Android SDK	2026-06-06T12:22:46.3774101Z /usr/bin/tar: ../../../../../usr/local/lib/android/sdk/platforms/android-35/data/res/values-mcc312-mnc670-hu: Cannot change mode to rwxr-xr-x: Operation not permitted
build	Cache Android SDK	2026-06-06T12:22:46.3778524Z /usr/bin/tar: ../../../../../usr/local/lib/android/sdk/platforms/android-35/data/res/values-mcc302-mnc720-ml: Cannot utime: Operation not permitted
build	Cache Android SDK	2026-06-06T12:22:46.3779555Z /usr/bin/tar: ../../../../../usr/local/lib/android/sdk/platforms/android-35/data/res/values-mcc302-mnc720-ml: Cannot change mode to rwxr-xr-x: Operation not permitted
build	Cache Android SDK	2026-06-06T12:22:46.3781286Z /usr/bin/tar: ../../../../../usr/local/lib/android/sdk/platforms/android-35/data/res/values-mcc310-mnc410-pt: Cannot utime: Operation not permitted
build	Cache Android SDK	2026-06-06T12:22:46.3782362Z /usr/bin/tar: ../../../../../usr/local/lib/android/sdk/platforms/android-35/data/res/values-mcc310-mnc410-pt: Cannot change mode to rwxr-xr-x: Operation not permitted
build	Cache Android SDK	2026-06-06T12:22:46.3784436Z /usr/bin/tar: ../../../../../usr/local/lib/android/sdk/platforms/android-35/data/res/values-mcc313-mnc100-zu: Cannot utime: Operation not permitted
build	Cache Android SDK	2026-06-06T12:22:46.3785365Z /usr/bin/tar: ../../../../../usr/local/lib/android/sdk/platforms/android-35/data/res/values-mcc313-mnc100-zu: Cannot change mode to rwxr-xr-x: Operation not permitted
build	Cache Android SDK	2026-06-06T12:22:46.3787184Z /usr/bin/tar: ../../../../../usr/local/lib/android/sdk/platforms/android-35/data/res/values-mcc310-mnc560-ca: Cannot utime: Operation not permitted
build	Cache Android SDK	2026-06-06T12:22:46.3788280Z /usr/bin/tar: ../../../../../usr/local/lib/android/sdk/platforms/android-35/data/res/values-mcc310-mnc560-ca: Cannot change mode to rwxr-xr-x: Operation not permitted
build	Cache Android SDK	2026-06-06T12:22:46.3790358Z /usr/bin/tar: ../../../../../usr/local/lib/android/sdk/platforms/android-35/data/res/values-bg-watch: Cannot utime: Operation not permitted
build	Cache Android SDK	2026-06-06T12:22:46.3791240Z /usr/bin/tar: ../../../../../usr/local/lib/android/sdk/platforms/android-35/data/res/values-bg-watch: Cannot change mode to rwxr-xr-x: Operation not permitted
build	Cache Android SDK	2026-06-06T12:22:46.4086809Z /usr/bin/tar: ../../../../../usr/local/lib/android/sdk/platforms/android-35/data/res/drawable: Cannot utime: Operation not permitted
build	Cache Android SDK	2026-06-06T12:22:46.4088068Z /usr/bin/tar: ../../../../../usr/local/lib/android/sdk/platforms/android-35/data/res/drawable: Cannot change mode to rwxr-xr-x: Operation not permitted
build	Cache Android SDK	2026-06-06T12:22:46.4089384Z /usr/bin/tar: ../../../../../usr/local/lib/android/sdk/platforms/android-35/data/res/values-mcc310-mnc280-te: Cannot utime: Operation not permitted
build	Cache Android SDK	2026-06-06T12:22:46.4090347Z /usr/bin/tar: ../../../../../usr/local/lib/android/sdk/platforms/android-35/data/res/values-mcc310-mnc280-te: Cannot change mode to rwxr-xr-x: Operation not permitted
build	Cache Android SDK	2026-06-06T12:22:46.4092729Z /usr/bin/tar: ../../../../../usr/local/lib/android/sdk/platforms/android-35/data/res/values-mcc312-mnc670-lo: Cannot utime: Operation not permitted
build	Cache Android SDK	2026-06-06T12:22:46.4093866Z /usr/bin/tar: ../../../../../usr/local/lib/android/sdk/platforms/android-35/data/res/values-mcc312-mnc670-lo: Cannot change mode to rwxr-xr-x: Operation not permitted
build	Cache Android SDK	2026-06-06T12:22:46.4095568Z /usr/bin/tar: ../../../../../usr/local/lib/android/sdk/platforms/android-35/data/res/values-mcc310-mnc210-ro: Cannot utime: Operation not permitted
build	Cache Android SDK	2026-06-06T12:22:46.4096493Z /usr/bin/tar: ../../../../../usr/local/lib/android/sdk/platforms/android-35/data/res/values-mcc310-mnc210-ro: Cannot change mode to rwxr-xr-x: Operation not permitted
build	Cache Android SDK	2026-06-06T12:22:46.4099067Z /usr/bin/tar: ../../../../../usr/local/lib/android/sdk/platforms/android-35/data/res/values-mcc302-mnc720-be: Cannot utime: Operation not permitted
build	Cache Android SDK	2026-06-06T12:22:46.4100304Z /usr/bin/tar: ../../../../../usr/local/lib/android/sdk/platforms/android-35/data/res/values-mcc302-mnc720-be: Cannot change mode to rwxr-xr-x: Operation not permitted
build	Cache Android SDK	2026-06-06T12:22:46.4101752Z /usr/bin/tar: ../../../../../usr/local/lib/android/sdk/platforms/android-35/data/res/values-ne-television: Cannot utime: Operation not permitted
build	Cache Android SDK	2026-06-06T12:22:46.4102656Z /usr/bin/tar: ../../../../../usr/local/lib/android/sdk/platforms/android-35/data/res/values-ne-television: Cannot change mode to rwxr-xr-x: Operation not permitted
build	Cache Android SDK	2026-06-06T12:22:46.4105055Z /usr/bin/tar: ../../../../../usr/local/lib/android/sdk/platforms/android-35/data/res/values-mcc310-mnc660-ms: Cannot utime: Operation not permitted
build	Cache Android SDK	2026-06-06T12:22:46.4106080Z /usr/bin/tar: ../../../../../usr/local/lib/android/sdk/platforms/android-35/data/res/values-mcc310-mnc660-ms: Cannot change mode to rwxr-xr-x: Operation not permitted
build	Cache Android SDK	2026-06-06T12:22:46.4107787Z /usr/bin/tar: ../../../../../usr/local/lib/android/sdk/platforms/android-35/data/res/values-mcc310-mnc490-hy: Cannot utime: Operation not permitted
build	Cache Android SDK	2026-06-06T12:22:46.4108781Z /usr/bin/tar: ../../../../../usr/local/lib/android/sdk/platforms/android-35/data/res/values-mcc310-mnc490-hy: Cannot change mode to rwxr-xr-x: Operation not permitted
build	Cache Android SDK	2026-06-06T12:22:46.4111307Z /usr/bin/tar: ../../../../../usr/local/lib/android/sdk/platforms/android-35/data/res/values-mcc311-mnc180-as: Cannot utime: Operation not permitted
build	Cache Android SDK	2026-06-06T12:22:46.4112319Z /usr/bin/tar: ../../../../../usr/local/lib/android/sdk/platforms/android-35/data/res/values-mcc311-mnc180-as: Cannot change mode to rwxr-xr-x: Operation not permitted
build	Cache Android SDK	2026-06-06T12:22:46.4113933Z /usr/bin/tar: ../../../../../usr/local/lib/android/sdk/platforms/android-35/data/res/values-zh-rHK-watch: Cannot utime: Operation not permitted
build	Cache Android SDK	2026-06-06T12:22:46.4114953Z /usr/bin/tar: ../../../../../usr/local/lib/android/sdk/platforms/android-35/data/res/values-zh-rHK-watch: Cannot change mode to rwxr-xr-x: Operation not permitted
build	Cache Android SDK	2026-06-06T12:22:46.4117341Z /usr/bin/tar: ../../../../../usr/local/lib/android/sdk/platforms/android-35/data/res/values-mcc310-mnc560-tl: Cannot utime: Operation not permitted
build	Cache Android SDK	2026-06-06T12:22:46.4118514Z /usr/bin/tar: ../../../../../usr/local/lib/android/sdk/platforms/android-35/data/res/values-mcc310-mnc560-tl: Cannot change mode to rwxr-xr-x: Operation not permitted
build	Cache Android SDK	2026-06-06T12:22:46.4120643Z /usr/bin/tar: ../../../../../usr/local/lib/android/sdk/platforms/android-35/data/res/values-mcc310-mnc210-es-rUS: Cannot utime: Operation not permitted
build	Cache Android SDK	2026-06-06T12:22:46.4121629Z /usr/bin/tar: ../../../../../usr/local/lib/android/sdk/platforms/android-35/data/res/values-mcc310-mnc210-es-rUS: Cannot change mode to rwxr-xr-x: Operation not permitted
build	Cache Android SDK	2026-06-06T12:22:46.4123996Z /usr/bin/tar: ../../../../../usr/local/lib/android/sdk/platforms/android-35/data/res/values-mcc312-mnc670-b+sr+Latn: Cannot utime: Operation not permitted
build	Cache Android SDK	2026-06-06T12:22:46.4125014Z /usr/bin/tar: ../../../../../usr/local/lib/android/sdk/platforms/android-35/data/res/values-mcc312-mnc670-b+sr+Latn: Cannot change mode to rwxr-xr-x: Operation not permitted
build	Cache Android SDK	2026-06-06T12:22:46.4127566Z /usr/bin/tar: ../../../../../usr/local/lib/android/sdk/platforms/android-35/data/res/values-mcc310-mnc210-tr: Cannot utime: Operation not permitted
build	Cache Android SDK	2026-06-06T12:22:46.4128556Z /usr/bin/tar: ../../../../../usr/local/lib/android/sdk/platforms/android-35/data/res/values-mcc310-mnc210-tr: Cannot change mode to rwxr-xr-x: Operation not permitted
build	Cache Android SDK	2026-06-06T12:22:46.4131236Z /usr/bin/tar: ../../../../../usr/local/lib/android/sdk/platforms/android-35/data/res/values-mcc302-mnc720-iw: Cannot utime: Operation not permitted
build	Cache Android SDK	2026-06-06T12:22:46.4132198Z /usr/bin/tar: ../../../../../usr/local/lib/android/sdk/platforms/android-35/data/res/values-mcc302-mnc720-iw: Cannot change mode to rwxr-xr-x: Operation not permitted
build	Cache Android SDK	2026-06-06T12:22:46.4134271Z /usr/bin/tar: ../../../../../usr/local/lib/android/sdk/platforms/android-35/data/res/values-mcc310-mnc230-eu: Cannot utime: Operation not permitted
build	Cache Android SDK	2026-06-06T12:22:46.4135337Z /usr/bin/tar: ../../../../../usr/local/lib/android/sdk/platforms/android-35/data/res/values-mcc310-mnc230-eu: Cannot change mode to rwxr-xr-x: Operation not permitted
build	Cache Android SDK	2026-06-06T12:22:46.4138259Z /usr/bin/tar: ../../../../../usr/local/lib/android/sdk/platforms/android-35/data/res/values-mcc310-mnc160-ar: Cannot utime: Operation not permitted
build	Cache Android SDK	2026-06-06T12:22:46.4139741Z /usr/bin/tar: ../../../../../usr/local/lib/android/sdk/platforms/android-35/data/res/values-mcc310-mnc160-ar: Cannot change mode to rwxr-xr-x: Operation not permitted
build	Cache Android SDK	2026-06-06T12:22:46.4141172Z /usr/bin/tar: ../../../../../usr/local/lib/android/sdk/platforms/android-35/data/res/values-cs-watch: Cannot utime: Operation not permitted
build	Cache Android SDK	2026-06-06T12:22:46.4142047Z /usr/bin/tar: ../../../../../usr/local/lib/android/sdk/platforms/android-35/data/res/values-cs-watch: Cannot change mode to rwxr-xr-x: Operation not permitted
build	Cache Android SDK	2026-06-06T12:22:46.4144484Z /usr/bin/tar: ../../../../../usr/local/lib/android/sdk/platforms/android-35/data/res/values-mcc302-mnc720-en-rCA: Cannot utime: Operation not permitted
build	Cache Android SDK	2026-06-06T12:22:46.4145756Z /usr/bin/tar: ../../../../../usr/local/lib/android/sdk/platforms/android-35/data/res/values-mcc302-mnc720-en-rCA: Cannot change mode to rwxr-xr-x: Operation not permitted
build	Cache Android SDK	2026-06-06T12:22:46.4151747Z /usr/bin/tar: ../../../../../usr/local/lib/android/sdk/platforms/android-35/data/res/values-ml: Cannot utime: Operation not permitted
build	Cache Android SDK	2026-06-06T12:22:46.4152607Z /usr/bin/tar: ../../../../../usr/local/lib/android/sdk/platforms/android-35/data/res/values-ml: Cannot change mode to rwxr-xr-x: Operation not permitted
build	Cache Android SDK	2026-06-06T12:22:46.4155327Z /usr/bin/tar: ../../../../../usr/local/lib/android/sdk/platforms/android-35/data/res/values-mcc310-mnc150-my: Cannot utime: Operation not permitted
build	Cache Android SDK	2026-06-06T12:22:46.4156380Z /usr/bin/tar: ../../../../../usr/local/lib/android/sdk/platforms/android-35/data/res/values-mcc310-mnc150-my: Cannot change mode to rwxr-xr-x: Operation not permitted
build	Cache Android SDK	2026-06-06T12:22:46.4158689Z /usr/bin/tar: ../../../../../usr/local/lib/android/sdk/platforms/android-35/data/res/values-pt-rBR-television: Cannot utime: Operation not permitted
build	Cache Android SDK	2026-06-06T12:22:46.4159634Z /usr/bin/tar: ../../../../../usr/local/lib/android/sdk/platforms/android-35/data/res/values-pt-rBR-television: Cannot change mode to rwxr-xr-x: Operation not permitted
build	Cache Android SDK	2026-06-06T12:22:46.4161715Z /usr/bin/tar: ../../../../../usr/local/lib/android/sdk/platforms/android-35/data/res/values-mcc310-mnc030-af: Cannot utime: Operation not permitted
build	Cache Android SDK	2026-06-06T12:22:46.4162638Z /usr/bin/tar: ../../../../../usr/local/lib/android/sdk/platforms/android-35/data/res/values-mcc310-mnc030-af: Cannot change mode to rwxr-xr-x: Operation not permitted
build	Cache Android SDK	2026-06-06T12:22:46.4165262Z /usr/bin/tar: ../../../../../usr/local/lib/android/sdk/platforms/android-35/data/res/values-mcc310-mnc280-ar: Cannot utime: Operation not permitted
build	Cache Android SDK	2026-06-06T12:22:46.4166211Z /usr/bin/tar: ../../../../../usr/local/lib/android/sdk/platforms/android-35/data/res/values-mcc310-mnc280-ar: Cannot change mode to rwxr-xr-x: Operation not permitted
build	Cache Android SDK	2026-06-06T12:22:46.4171200Z /usr/bin/tar: ../../../../../usr/local/lib/android/sdk/platforms/android-35/data/res/values-mcc310-mnc160-bg: Cannot utime: Operation not permitted
build	Cache Android SDK	2026-06-06T12:22:46.4172238Z /usr/bin/tar: ../../../../../usr/local/lib/android/sdk/platforms/android-35/data/res/values-mcc310-mnc160-bg: Cannot change mode to rwxr-xr-x: Operation not permitted
build	Cache Android SDK	2026-06-06T12:22:46.4173963Z /usr/bin/tar: ../../../../../usr/local/lib/android/sdk/platforms/android-35/data/res/values-ml-watch: Cannot utime: Operation not permitted
build	Cache Android SDK	2026-06-06T12:22:46.4174980Z /usr/bin/tar: ../../../../../usr/local/lib/android/sdk/platforms/android-35/data/res/values-ml-watch: Cannot change mode to rwxr-xr-x: Operation not permitted
build	Cache Android SDK	2026-06-06T12:22:46.4178794Z /usr/bin/tar: ../../../../../usr/local/lib/android/sdk/platforms/android-35/data/res/values-mcc310-mnc210-ur: Cannot utime: Operation not permitted
build	Cache Android SDK	2026-06-06T12:22:46.4180539Z /usr/bin/tar: ../../../../../usr/local/lib/android/sdk/platforms/android-35/data/res/values-mcc310-mnc210-ur: Cannot change mode to rwxr-xr-x: Operation not permitted
build	Cache Android SDK	2026-06-06T12:22:46.4181475Z /usr/bin/tar: ../../../../../usr/local/lib/android/sdk/platforms/android-35/data/res/values-mcc310-mnc240-hr: Cannot utime: Operation not permitted
build	Cache Android SDK	2026-06-06T12:22:46.4182672Z /usr/bin/tar: ../../../../../usr/local/lib/android/sdk/platforms/android-35/data/res/values-mcc310-mnc240-hr: Cannot change mode to rwxr-xr-x: Operation not permitted
build	Cache Android SDK	2026-06-06T12:22:46.4184038Z /usr/bin/tar: ../../../../../usr/local/lib/android/sdk/platforms/android-35/data/res/values-mcc310-mnc160-en-rGB: Cannot utime: Operation not permitted
build	Cache Android SDK	2026-06-06T12:22:46.4184984Z /usr/bin/tar: ../../../../../usr/local/lib/android/sdk/platforms/android-35/data/res/values-mcc310-mnc160-en-rGB: Cannot change mode to rwxr-xr-x: Operation not permitted
build	Cache Android SDK	2026-06-06T12:22:46.4187196Z /usr/bin/tar: ../../../../../usr/local/lib/android/sdk/platforms/android-35/data/res/values-fr-rCA-watch: Cannot utime: Operation not permitted
build	Cache Android SDK	2026-06-06T12:22:46.4188364Z /usr/bin/tar: ../../../../../usr/local/lib/android/sdk/platforms/android-35/data/res/values-fr-rCA-watch: Cannot change mode to rwxr-xr-x: Operation not permitted
build	Cache Android SDK	2026-06-06T12:22:46.4191023Z /usr/bin/tar: ../../../../../usr/local/lib/android/sdk/platforms/android-35/data/res/values-mcc310-mnc560-es-rUS: Cannot utime: Operation not permitted
build	Cache Android SDK	2026-06-06T12:22:46.4192022Z /usr/bin/tar: ../../../../../usr/local/lib/android/sdk/platforms/android-35/data/res/values-mcc310-mnc560-es-rUS: Cannot change mode to rwxr-xr-x: Operation not permitted
build	Cache Android SDK	2026-06-06T12:22:46.4193807Z /usr/bin/tar: ../../../../../usr/local/lib/android/sdk/platforms/android-35/data/res/values-mcc310-mnc300: Cannot utime: Operation not permitted
build	Cache Android SDK	2026-06-06T12:22:46.4194937Z /usr/bin/tar: ../../../../../usr/local/lib/android/sdk/platforms/android-35/data/res/values-mcc310-mnc300: Cannot change mode to rwxr-xr-x: Operation not permitted
build	Cache Android SDK	2026-06-06T12:22:46.4197555Z /usr/bin/tar: ../../../../../usr/local/lib/android/sdk/platforms/android-35/data/res/values-mcc310-mnc310-gu: Cannot utime: Operation not permitted
build	Cache Android SDK	2026-06-06T12:22:46.4198684Z /usr/bin/tar: ../../../../../usr/local/lib/android/sdk/platforms/android-35/data/res/values-mcc310-mnc310-gu: Cannot change mode to rwxr-xr-x: Operation not permitted
build	Cache Android SDK	2026-06-06T12:22:46.4200368Z /usr/bin/tar: ../../../../../usr/local/lib/android/sdk/platforms/android-35/data/res/values-mcc310-mnc560-en-rIN: Cannot utime: Operation not permitted
build	Cache Android SDK	2026-06-06T12:22:46.4201497Z /usr/bin/tar: ../../../../../usr/local/lib/android/sdk/platforms/android-35/data/res/values-mcc310-mnc560-en-rIN: Cannot change mode to rwxr-xr-x: Operation not permitted
build	Cache Android SDK	2026-06-06T12:22:46.4203811Z /usr/bin/tar: ../../../../../usr/local/lib/android/sdk/platforms/android-35/data/res/values-mcc310-mnc280-da: Cannot utime: Operation not permitted
build	Cache Android SDK	2026-06-06T12:22:46.4204312Z /usr/bin/tar: ../../../../../usr/local/lib/android/sdk/platforms/android-35/data/res/values-mcc310-mnc280-da: Cannot change mode to rwxr-xr-x: Operation not permitted
build	Cache Android SDK	2026-06-06T12:22:46.4206539Z /usr/bin/tar: ../../../../../usr/local/lib/android/sdk/platforms/android-35/data/res/values-mcc311-mnc180-fr: Cannot utime: Operation not permitted
build	Cache Android SDK	2026-06-06T12:22:46.4207031Z /usr/bin/tar: ../../../../../usr/local/lib/android/sdk/platforms/android-35/data/res/values-mcc311-mnc180-fr: Cannot change mode to rwxr-xr-x: Operation not permitted
build	Cache Android SDK	2026-06-06T12:22:46.4210086Z /usr/bin/tar: ../../../../../usr/local/lib/android/sdk/platforms/android-35/data/res/values-mcc310-mnc310-ms: Cannot utime: Operation not permitted
build	Cache Android SDK	2026-06-06T12:22:46.4210541Z /usr/bin/tar: ../../../../../usr/local/lib/android/sdk/platforms/android-35/data/res/values-mcc310-mnc310-ms: Cannot change mode to rwxr-xr-x: Operation not permitted
build	Cache Android SDK	2026-06-06T12:22:46.4215636Z /usr/bin/tar: ../../../../../usr/local/lib/android/sdk/platforms/android-35/data/res/values-mcc310-mnc170-te: Cannot utime: Operation not permitted
build	Cache Android SDK	2026-06-06T12:22:46.4216202Z /usr/bin/tar: ../../../../../usr/local/lib/android/sdk/platforms/android-35/data/res/values-mcc310-mnc170-te: Cannot change mode to rwxr-xr-x: Operation not permitted
build	Cache Android SDK	2026-06-06T12:22:46.4219642Z /usr/bin/tar: ../../../../../usr/local/lib/android/sdk/platforms/android-35/data/res/values-mcc001-mnc01-te: Cannot utime: Operation not permitted
build	Cache Android SDK	2026-06-06T12:22:46.4220092Z /usr/bin/tar: ../../../../../usr/local/lib/android/sdk/platforms/android-35/data/res/values-mcc001-mnc01-te: Cannot change mode to rwxr-xr-x: Operation not permitted
build	Cache Android SDK	2026-06-06T12:22:46.4223112Z /usr/bin/tar: ../../../../../usr/local/lib/android/sdk/platforms/android-35/data/res/values-mcc310-mnc310-mr: Cannot utime: Operation not permitted
build	Cache Android SDK	2026-06-06T12:22:46.4223557Z /usr/bin/tar: ../../../../../usr/local/lib/android/sdk/platforms/android-35/data/res/values-mcc310-mnc310-mr: Cannot change mode to rwxr-xr-x: Operation not permitted
build	Cache Android SDK	2026-06-06T12:22:46.4226268Z /usr/bin/tar: ../../../../../usr/local/lib/android/sdk/platforms/android-35/data/res/values-mcc310-mnc660-tr: Cannot utime: Operation not permitted
build	Cache Android SDK	2026-06-06T12:22:46.4226789Z /usr/bin/tar: ../../../../../usr/local/lib/android/sdk/platforms/android-35/data/res/values-mcc310-mnc660-tr: Cannot change mode to rwxr-xr-x: Operation not permitted
build	Cache Android SDK	2026-06-06T12:22:46.4229523Z /usr/bin/tar: ../../../../../usr/local/lib/android/sdk/platforms/android-35/data/res/values-mcc302-mnc370-iw: Cannot utime: Operation not permitted
build	Cache Android SDK	2026-06-06T12:22:46.4229970Z /usr/bin/tar: ../../../../../usr/local/lib/android/sdk/platforms/android-35/data/res/values-mcc302-mnc370-iw: Cannot change mode to rwxr-xr-x: Operation not permitted
build	Cache Android SDK	2026-06-06T12:22:46.4232761Z /usr/bin/tar: ../../../../../usr/local/lib/android/sdk/platforms/android-35/data/res/values-mcc334-mnc020-tr: Cannot utime: Operation not permitted
build	Cache Android SDK	2026-06-06T12:22:46.4233415Z /usr/bin/tar: ../../../../../usr/local/lib/android/sdk/platforms/android-35/data/res/values-mcc334-mnc020-tr: Cannot change mode to rwxr-xr-x: Operation not permitted
build	Cache Android SDK	2026-06-06T12:22:46.4236119Z /usr/bin/tar: ../../../../../usr/local/lib/android/sdk/platforms/android-35/data/res/values-mcc310-mnc030-in: Cannot utime: Operation not permitted
build	Cache Android SDK	2026-06-06T12:22:46.4236567Z /usr/bin/tar: ../../../../../usr/local/lib/android/sdk/platforms/android-35/data/res/values-mcc310-mnc030-in: Cannot change mode to rwxr-xr-x: Operation not permitted
build	Cache Android SDK	2026-06-06T12:22:46.4239594Z /usr/bin/tar: ../../../../../usr/local/lib/android/sdk/platforms/android-35/data/res/values-mcc310-mnc310-ne: Cannot utime: Operation not permitted
build	Cache Android SDK	2026-06-06T12:22:46.4240040Z /usr/bin/tar: ../../../../../usr/local/lib/android/sdk/platforms/android-35/data/res/values-mcc310-mnc310-ne: Cannot change mode to rwxr-xr-x: Operation not permitted
build	Cache Android SDK	2026-06-06T12:22:46.4242811Z /usr/bin/tar: ../../../../../usr/local/lib/android/sdk/platforms/android-35/data/res/values-mcc310-mnc240-de: Cannot utime: Operation not permitted
build	Cache Android SDK	2026-06-06T12:22:46.4243265Z /usr/bin/tar: ../../../../../usr/local/lib/android/sdk/platforms/android-35/data/res/values-mcc310-mnc240-de: Cannot change mode to rwxr-xr-x: Operation not permitted
build	Cache Android SDK	2026-06-06T12:22:46.4245876Z /usr/bin/tar: ../../../../../usr/local/lib/android/sdk/platforms/android-35/data/res/values-mcc310-mnc490-bn: Cannot utime: Operation not permitted
build	Cache Android SDK	2026-06-06T12:22:46.4246327Z /usr/bin/tar: ../../../../../usr/local/lib/android/sdk/platforms/android-35/data/res/values-mcc310-mnc490-bn: Cannot change mode to rwxr-xr-x: Operation not permitted
build	Cache Android SDK	2026-06-06T12:22:46.4249355Z /usr/bin/tar: ../../../../../usr/local/lib/android/sdk/platforms/android-35/data/res/values-mcc310-mnc280-sq: Cannot utime: Operation not permitted
build	Cache Android SDK	2026-06-06T12:22:46.4249799Z /usr/bin/tar: ../../../../../usr/local/lib/android/sdk/platforms/android-35/data/res/values-mcc310-mnc280-sq: Cannot change mode to rwxr-xr-x: Operation not permitted
build	Cache Android SDK	2026-06-06T12:22:46.4252384Z /usr/bin/tar: ../../../../../usr/local/lib/android/sdk/platforms/android-35/data/res/values-mcc310-mnc380-si: Cannot utime: Operation not permitted
build	Cache Android SDK	2026-06-06T12:22:46.4252929Z /usr/bin/tar: ../../../../../usr/local/lib/android/sdk/platforms/android-35/data/res/values-mcc310-mnc380-si: Cannot change mode to rwxr-xr-x: Operation not permitted
build	Cache Android SDK	2026-06-06T12:22:46.4255421Z /usr/bin/tar: ../../../../../usr/local/lib/android/sdk/platforms/android-35/data/res/values-mcc313-mnc100-zh-rTW: Cannot utime: Operation not permitted
build	Cache Android SDK	2026-06-06T12:22:46.4255881Z /usr/bin/tar: ../../../../../usr/local/lib/android/sdk/platforms/android-35/data/res/values-mcc313-mnc100-zh-rTW: Cannot change mode to rwxr-xr-x: Operation not permitted
build	Cache Android SDK	2026-06-06T12:22:46.4258789Z /usr/bin/tar: ../../../../../usr/local/lib/android/sdk/platforms/android-35/data/res/values-mcc310-mnc250-pt-rBR: Cannot utime: Operation not permitted
build	Cache Android SDK	2026-06-06T12:22:46.4259248Z /usr/bin/tar: ../../../../../usr/local/lib/android/sdk/platforms/android-35/data/res/values-mcc310-mnc250-pt-rBR: Cannot change mode to rwxr-xr-x: Operation not permitted
build	Cache Android SDK	2026-06-06T12:22:46.4262084Z /usr/bin/tar: ../../../../../usr/local/lib/android/sdk/platforms/android-35/data/res/values-mcc310-mnc310-kn: Cannot utime: Operation not permitted
build	Cache Android SDK	2026-06-06T12:22:46.4262582Z /usr/bin/tar: ../../../../../usr/local/lib/android/sdk/platforms/android-35/data/res/values-mcc310-mnc310-kn: Cannot change mode to rwxr-xr-x: Operation not permitted
build	Cache Android SDK	2026-06-06T12:22:46.4265571Z /usr/bin/tar: ../../../../../usr/local/lib/android/sdk/platforms/android-35/data/res/values-mcc310-mnc230-sk: Cannot utime: Operation not permitted
build	Cache Android SDK	2026-06-06T12:22:46.4266010Z /usr/bin/tar: ../../../../../usr/local/lib/android/sdk/platforms/android-35/data/res/values-mcc310-mnc230-sk: Cannot change mode to rwxr-xr-x: Operation not permitted
build	Cache Android SDK	2026-06-06T12:22:46.4269139Z /usr/bin/tar: ../../../../../usr/local/lib/android/sdk/platforms/android-35/data/res/values-mcc310-mnc800-ne: Cannot utime: Operation not permitted
build	Cache Android SDK	2026-06-06T12:22:46.4269657Z /usr/bin/tar: ../../../../../usr/local/lib/android/sdk/platforms/android-35/data/res/values-mcc310-mnc800-ne: Cannot change mode to rwxr-xr-x: Operation not permitted
build	Cache Android SDK	2026-06-06T12:22:46.4272226Z /usr/bin/tar: ../../../../../usr/local/lib/android/sdk/platforms/android-35/data/res/values-mcc310-mnc220-mk: Cannot utime: Operation not permitted
build	Cache Android SDK	2026-06-06T12:22:46.4272654Z /usr/bin/tar: ../../../../../usr/local/lib/android/sdk/platforms/android-35/data/res/values-mcc310-mnc220-mk: Cannot change mode to rwxr-xr-x: Operation not permitted
build	Cache Android SDK	2026-06-06T12:22:46.4275706Z /usr/bin/tar: ../../../../../usr/local/lib/android/sdk/platforms/android-35/data/res/values-mcc312-mnc670-lt: Cannot utime: Operation not permitted
build	Cache Android SDK	2026-06-06T12:22:46.4276140Z /usr/bin/tar: ../../../../../usr/local/lib/android/sdk/platforms/android-35/data/res/values-mcc312-mnc670-lt: Cannot change mode to rwxr-xr-x: Operation not permitted
build	Cache Android SDK	2026-06-06T12:22:46.4279078Z /usr/bin/tar: ../../../../../usr/local/lib/android/sdk/platforms/android-35/data/res/values-mcc310-mnc950-fi: Cannot utime: Operation not permitted
build	Cache Android SDK	2026-06-06T12:22:46.4279522Z /usr/bin/tar: ../../../../../usr/local/lib/android/sdk/platforms/android-35/data/res/values-mcc310-mnc950-fi: Cannot change mode to rwxr-xr-x: Operation not permitted
build	Cache Android SDK	2026-06-06T12:22:46.4282271Z /usr/bin/tar: ../../../../../usr/local/lib/android/sdk/platforms/android-35/data/res/values-mcc302-mnc720-zh-rTW: Cannot utime: Operation not permitted
build	Cache Android SDK	2026-06-06T12:22:46.4282725Z /usr/bin/tar: ../../../../../usr/local/lib/android/sdk/platforms/android-35/data/res/values-mcc302-mnc720-zh-rTW: Cannot change mode to rwxr-xr-x: Operation not permitted
build	Cache Android SDK	2026-06-06T12:22:46.4288021Z /usr/bin/tar: ../../../../../usr/local/lib/android/sdk/platforms/android-35/data/res/values-mcc302-mnc370-te: Cannot utime: Operation not permitted
build	Cache Android SDK	2026-06-06T12:22:46.4289164Z /usr/bin/tar: ../../../../../usr/local/lib/android/sdk/platforms/android-35/data/res/values-mcc302-mnc370-te: Cannot change mode to rwxr-xr-x: Operation not permitted
build	Cache Android SDK	2026-06-06T12:22:46.4295216Z /usr/bin/tar: ../../../../../usr/local/lib/android/sdk/platforms/android-35/data/res/values-ms: Cannot utime: Operation not permitted
build	Cache Android SDK	2026-06-06T12:22:46.4295795Z /usr/bin/tar: ../../../../../usr/local/lib/android/sdk/platforms/android-35/data/res/values-ms: Cannot change mode to rwxr-xr-x: Operation not permitted
build	Cache Android SDK	2026-06-06T12:22:46.4298433Z /usr/bin/tar: ../../../../../usr/local/lib/android/sdk/platforms/android-35/data/res/values-mcc310-mnc270-pt: Cannot utime: Operation not permitted
build	Cache Android SDK	2026-06-06T12:22:46.4298897Z /usr/bin/tar: ../../../../../usr/local/lib/android/sdk/platforms/android-35/data/res/values-mcc310-mnc270-pt: Cannot change mode to rwxr-xr-x: Operation not permitted
build	Cache Android SDK	2026-06-06T12:22:46.4301486Z /usr/bin/tar: ../../../../../usr/local/lib/android/sdk/platforms/android-35/data/res/values-mcc310-mnc310-kk: Cannot utime: Operation not permitted
build	Cache Android SDK	2026-06-06T12:22:46.4301940Z /usr/bin/tar: ../../../../../usr/local/lib/android/sdk/platforms/android-35/data/res/values-mcc310-mnc310-kk: Cannot change mode to rwxr-xr-x: Operation not permitted
build	Cache Android SDK	2026-06-06T12:22:46.4304910Z /usr/bin/tar: ../../../../../usr/local/lib/android/sdk/platforms/android-35/data/res/raw-pt-rBR: Cannot utime: Operation not permitted
build	Cache Android SDK	2026-06-06T12:22:46.4305419Z /usr/bin/tar: ../../../../../usr/local/lib/android/sdk/platforms/android-35/data/res/raw-pt-rBR: Cannot change mode to rwxr-xr-x: Operation not permitted
build	Cache Android SDK	2026-06-06T12:22:46.4308225Z /usr/bin/tar: ../../../../../usr/local/lib/android/sdk/platforms/android-35/data/res/values-mcc310-mnc160-fi: Cannot utime: Operation not permitted
build	Cache Android SDK	2026-06-06T12:22:46.4308679Z /usr/bin/tar: ../../../../../usr/local/lib/android/sdk/platforms/android-35/data/res/values-mcc310-mnc160-fi: Cannot change mode to rwxr-xr-x: Operation not permitted
build	Cache Android SDK	2026-06-06T12:22:46.4311233Z /usr/bin/tar: ../../../../../usr/local/lib/android/sdk/platforms/android-35/data/res/values-mcc310-mnc950-da: Cannot utime: Operation not permitted
build	Cache Android SDK	2026-06-06T12:22:46.4311801Z /usr/bin/tar: ../../../../../usr/local/lib/android/sdk/platforms/android-35/data/res/values-mcc310-mnc950-da: Cannot change mode to rwxr-xr-x: Operation not permitted
build	Cache Android SDK	2026-06-06T12:22:46.4314072Z /usr/bin/tar: ../../../../../usr/local/lib/android/sdk/platforms/android-35/data/res/values-mcc310-mnc220-fi: Cannot utime: Operation not permitted
build	Cache Android SDK	2026-06-06T12:22:46.4314512Z /usr/bin/tar: ../../../../../usr/local/lib/android/sdk/platforms/android-35/data/res/values-mcc310-mnc220-fi: Cannot change mode to rwxr-xr-x: Operation not permitted
build	Cache Android SDK	2026-06-06T12:22:46.4317110Z /usr/bin/tar: ../../../../../usr/local/lib/android/sdk/platforms/android-35/data/res/values-mcc310-mnc210-it: Cannot utime: Operation not permitted
build	Cache Android SDK	2026-06-06T12:22:46.4317672Z /usr/bin/tar: ../../../../../usr/local/lib/android/sdk/platforms/android-35/data/res/values-mcc310-mnc210-it: Cannot change mode to rwxr-xr-x: Operation not permitted
build	Cache Android SDK	2026-06-06T12:22:46.4320082Z /usr/bin/tar: ../../../../../usr/local/lib/android/sdk/platforms/android-35/data/res/values-mcc310-mnc490-lt: Cannot utime: Operation not permitted
build	Cache Android SDK	2026-06-06T12:22:46.4320545Z /usr/bin/tar: ../../../../../usr/local/lib/android/sdk/platforms/android-35/data/res/values-mcc310-mnc490-lt: Cannot change mode to rwxr-xr-x: Operation not permitted
build	Cache Android SDK	2026-06-06T12:22:46.4323812Z /usr/bin/tar: ../../../../../usr/local/lib/android/sdk/platforms/android-35/data/res/values-mcc310-mnc220-bg: Cannot utime: Operation not permitted
build	Cache Android SDK	2026-06-06T12:22:46.4324287Z /usr/bin/tar: ../../../../../usr/local/lib/android/sdk/platforms/android-35/data/res/values-mcc310-mnc220-bg: Cannot change mode to rwxr-xr-x: Operation not permitted
build	Cache Android SDK	2026-06-06T12:22:46.4333305Z /usr/bin/tar: ../../../../../usr/local/lib/android/sdk/platforms/android-35/data/res/values-mcc334-mnc020-ms: Cannot utime: Operation not permitted
build	Cache Android SDK	2026-06-06T12:22:46.4333938Z /usr/bin/tar: ../../../../../usr/local/lib/android/sdk/platforms/android-35/data/res/values-mcc334-mnc020-ms: Cannot change mode to rwxr-xr-x: Operation not permitted
build	Cache Android SDK	2026-06-06T12:22:46.4337001Z /usr/bin/tar: ../../../../../usr/local/lib/android/sdk/platforms/android-35/data/res/values-mcc310-mnc950-or: Cannot utime: Operation not permitted
build	Cache Android SDK	2026-06-06T12:22:46.4337782Z /usr/bin/tar: ../../../../../usr/local/lib/android/sdk/platforms/android-35/data/res/values-mcc310-mnc950-or: Cannot change mode to rwxr-xr-x: Operation not permitted
build	Cache Android SDK	2026-06-06T12:22:46.4339999Z /usr/bin/tar: ../../../../../usr/local/lib/android/sdk/platforms/android-35/data/res/values-mcc310-mnc800-eu: Cannot utime: Operation not permitted
build	Cache Android SDK	2026-06-06T12:22:46.4340452Z /usr/bin/tar: ../../../../../usr/local/lib/android/sdk/platforms/android-35/data/res/values-mcc310-mnc800-eu: Cannot change mode to rwxr-xr-x: Operation not permitted
build	Cache Android SDK	2026-06-06T12:22:46.4343184Z /usr/bin/tar: ../../../../../usr/local/lib/android/sdk/platforms/android-35/data/res/values-mcc310-mnc030-lv: Cannot utime: Operation not permitted
build	Cache Android SDK	2026-06-06T12:22:46.4343678Z /usr/bin/tar: ../../../../../usr/local/lib/android/sdk/platforms/android-35/data/res/values-mcc310-mnc030-lv: Cannot change mode to rwxr-xr-x: Operation not permitted
build	Cache Android SDK	2026-06-06T12:22:46.4346189Z /usr/bin/tar: ../../../../../usr/local/lib/android/sdk/platforms/android-35/data/res/values-mcc311-mnc180-da: Cannot utime: Operation not permitted
build	Cache Android SDK	2026-06-06T12:22:46.4346742Z /usr/bin/tar: ../../../../../usr/local/lib/android/sdk/platforms/android-35/data/res/values-mcc311-mnc180-da: Cannot change mode to rwxr-xr-x: Operation not permitted
build	Cache Android SDK	2026-06-06T12:22:46.4352282Z /usr/bin/tar: ../../../../../usr/local/lib/android/sdk/platforms/android-35/data/res/values-mcc310-mnc210-my: Cannot utime: Operation not permitted
build	Cache Android SDK	2026-06-06T12:22:46.4352736Z /usr/bin/tar: ../../../../../usr/local/lib/android/sdk/platforms/android-35/data/res/values-mcc310-mnc210-my: Cannot change mode to rwxr-xr-x: Operation not permitted
build	Cache Android SDK	2026-06-06T12:22:46.4354945Z /usr/bin/tar: ../../../../../usr/local/lib/android/sdk/platforms/android-35/data/res/values-mcc310-mnc660: Cannot utime: Operation not permitted
build	Cache Android SDK	2026-06-06T12:22:46.4355488Z /usr/bin/tar: ../../../../../usr/local/lib/android/sdk/platforms/android-35/data/res/values-mcc310-mnc660: Cannot change mode to rwxr-xr-x: Operation not permitted
build	Cache Android SDK	2026-06-06T12:22:46.4358149Z /usr/bin/tar: ../../../../../usr/local/lib/android/sdk/platforms/android-35/data/res/values-mcc312-mnc670-eu: Cannot utime: Operation not permitted
build	Cache Android SDK	2026-06-06T12:22:46.4358599Z /usr/bin/tar: ../../../../../usr/local/lib/android/sdk/platforms/android-35/data/res/values-mcc312-mnc670-eu: Cannot change mode to rwxr-xr-x: Operation not permitted
build	Cache Android SDK	2026-06-06T12:22:46.4361002Z /usr/bin/tar: ../../../../../usr/local/lib/android/sdk/platforms/android-35/data/res/values-uk-television: Cannot utime: Operation not permitted
build	Cache Android SDK	2026-06-06T12:22:46.4361453Z /usr/bin/tar: ../../../../../usr/local/lib/android/sdk/platforms/android-35/data/res/values-uk-television: Cannot change mode to rwxr-xr-x: Operation not permitted
build	Cache Android SDK	2026-06-06T12:22:46.4363900Z /usr/bin/tar: ../../../../../usr/local/lib/android/sdk/platforms/android-35/data/res/values-mcc310-mnc950-en-rCA: Cannot utime: Operation not permitted
build	Cache Android SDK	2026-06-06T12:22:46.4364377Z /usr/bin/tar: ../../../../../usr/local/lib/android/sdk/platforms/android-35/data/res/values-mcc310-mnc950-en-rCA: Cannot change mode to rwxr-xr-x: Operation not permitted
build	Cache Android SDK	2026-06-06T12:22:46.4368177Z /usr/bin/tar: ../../../../../usr/local/lib/android/sdk/platforms/android-35/data/res/values-mcc310-mnc560-et: Cannot utime: Operation not permitted
build	Cache Android SDK	2026-06-06T12:22:46.4368631Z /usr/bin/tar: ../../../../../usr/local/lib/android/sdk/platforms/android-35/data/res/values-mcc310-mnc560-et: Cannot change mode to rwxr-xr-x: Operation not permitted
build	Cache Android SDK	2026-06-06T12:22:46.4371316Z /usr/bin/tar: ../../../../../usr/local/lib/android/sdk/platforms/android-35/data/res/values-mcc310-mnc560: Cannot utime: Operation not permitted
build	Cache Android SDK	2026-06-06T12:22:46.4371768Z /usr/bin/tar: ../../../../../usr/local/lib/android/sdk/platforms/android-35/data/res/values-mcc310-mnc560: Cannot change mode to rwxr-xr-x: Operation not permitted
build	Cache Android SDK	2026-06-06T12:22:46.4374969Z /usr/bin/tar: ../../../../../usr/local/lib/android/sdk/platforms/android-35/data/res/values-mcc310-mnc660-eu: Cannot utime: Operation not permitted
build	Cache Android SDK	2026-06-06T12:22:46.4375608Z /usr/bin/tar: ../../../../../usr/local/lib/android/sdk/platforms/android-35/data/res/values-mcc310-mnc660-eu: Cannot change mode to rwxr-xr-x: Operation not permitted
build	Cache Android SDK	2026-06-06T12:22:46.4378156Z /usr/bin/tar: ../../../../../usr/local/lib/android/sdk/platforms/android-35/data/res/values-mcc310-mnc150-uz: Cannot utime: Operation not permitted
build	Cache Android SDK	2026-06-06T12:22:46.4378633Z /usr/bin/tar: ../../../../../usr/local/lib/android/sdk/platforms/android-35/data/res/values-mcc310-mnc150-uz: Cannot change mode to rwxr-xr-x: Operation not permitted
build	Cache Android SDK	2026-06-06T12:22:46.4381428Z /usr/bin/tar: ../../../../../usr/local/lib/android/sdk/platforms/android-35/data/res/values-mcc302-mnc370-lo: Cannot utime: Operation not permitted
build	Cache Android SDK	2026-06-06T12:22:46.4381877Z /usr/bin/tar: ../../../../../usr/local/lib/android/sdk/platforms/android-35/data/res/values-mcc302-mnc370-lo: Cannot change mode to rwxr-xr-x: Operation not permitted
build	Cache Android SDK	2026-06-06T12:22:46.4384792Z /usr/bin/tar: ../../../../../usr/local/lib/android/sdk/platforms/android-35/data/res/values-mcc310-mnc380-tl: Cannot utime: Operation not permitted
build	Cache Android SDK	2026-06-06T12:22:46.4385327Z /usr/bin/tar: ../../../../../usr/local/lib/android/sdk/platforms/android-35/data/res/values-mcc310-mnc380-tl: Cannot change mode to rwxr-xr-x: Operation not permitted
build	Cache Android SDK	2026-06-06T12:22:46.4388497Z /usr/bin/tar: ../../../../../usr/local/lib/android/sdk/platforms/android-35/data/res/values-fi-rFI: Cannot utime: Operation not permitted
build	Cache Android SDK	2026-06-06T12:22:46.4388913Z /usr/bin/tar: ../../../../../usr/local/lib/android/sdk/platforms/android-35/data/res/values-fi-rFI: Cannot change mode to rwxr-xr-x: Operation not permitted
build	Cache Android SDK	2026-06-06T12:22:46.4392055Z /usr/bin/tar: ../../../../../usr/local/lib/android/sdk/platforms/android-35/data/res/values-mcc310-mnc280-vi: Cannot utime: Operation not permitted
build	Cache Android SDK	2026-06-06T12:22:46.4392594Z /usr/bin/tar: ../../../../../usr/local/lib/android/sdk/platforms/android-35/data/res/values-mcc310-mnc280-vi: Cannot change mode to rwxr-xr-x: Operation not permitted
build	Cache Android SDK	2026-06-06T12:22:46.4395174Z /usr/bin/tar: ../../../../../usr/local/lib/android/sdk/platforms/android-35/data/res/values-mcc310-mnc280-ru: Cannot utime: Operation not permitted
build	Cache Android SDK	2026-06-06T12:22:46.4395623Z /usr/bin/tar: ../../../../../usr/local/lib/android/sdk/platforms/android-35/data/res/values-mcc310-mnc280-ru: Cannot change mode to rwxr-xr-x: Operation not permitted
build	Cache Android SDK	2026-06-06T12:22:46.4398820Z /usr/bin/tar: ../../../../../usr/local/lib/android/sdk/platforms/android-35/data/res/values-mcc310-mnc800-in: Cannot utime: Operation not permitted
build	Cache Android SDK	2026-06-06T12:22:46.4399272Z /usr/bin/tar: ../../../../../usr/local/lib/android/sdk/platforms/android-35/data/res/values-mcc310-mnc800-in: Cannot change mode to rwxr-xr-x: Operation not permitted
build	Cache Android SDK	2026-06-06T12:22:46.4401823Z /usr/bin/tar: ../../../../../usr/local/lib/android/sdk/platforms/android-35/data/res/values-mcc310-mnc490-tr: Cannot utime: Operation not permitted
build	Cache Android SDK	2026-06-06T12:22:46.4402282Z /usr/bin/tar: ../../../../../usr/local/lib/android/sdk/platforms/android-35/data/res/values-mcc310-mnc490-tr: Cannot change mode to rwxr-xr-x: Operation not permitted
build	Cache Android SDK	2026-06-06T12:22:46.4405227Z /usr/bin/tar: ../../../../../usr/local/lib/android/sdk/platforms/android-35/data/res/values-mcc310-mnc380-bg: Cannot utime: Operation not permitted
build	Cache Android SDK	2026-06-06T12:22:46.4405723Z /usr/bin/tar: ../../../../../usr/local/lib/android/sdk/platforms/android-35/data/res/values-mcc310-mnc380-bg: Cannot change mode to rwxr-xr-x: Operation not permitted
build	Cache Android SDK	2026-06-06T12:22:46.4408770Z /usr/bin/tar: ../../../../../usr/local/lib/android/sdk/platforms/android-35/data/res/values-mcc302-mnc370-km: Cannot utime: Operation not permitted
build	Cache Android SDK	2026-06-06T12:22:46.4409342Z /usr/bin/tar: ../../../../../usr/local/lib/android/sdk/platforms/android-35/data/res/values-mcc302-mnc370-km: Cannot change mode to rwxr-xr-x: Operation not permitted
build	Cache Android SDK	2026-06-06T12:22:46.4411319Z /usr/bin/tar: ../../../../../usr/local/lib/android/sdk/platforms/android-35/data/res/values-mcc310-mnc170-si: Cannot utime: Operation not permitted
build	Cache Android SDK	2026-06-06T12:22:46.4411912Z /usr/bin/tar: ../../../../../usr/local/lib/android/sdk/platforms/android-35/data/res/values-mcc310-mnc170-si: Cannot change mode to rwxr-xr-x: Operation not permitted
build	Cache Android SDK	2026-06-06T12:22:46.4414886Z /usr/bin/tar: ../../../../../usr/local/lib/android/sdk/platforms/android-35/data/res/values-de-rLI: Cannot utime: Operation not permitted
build	Cache Android SDK	2026-06-06T12:22:46.4415338Z /usr/bin/tar: ../../../../../usr/local/lib/android/sdk/platforms/android-35/data/res/values-de-rLI: Cannot change mode to rwxr-xr-x: Operation not permitted
build	Cache Android SDK	2026-06-06T12:22:46.4418075Z /usr/bin/tar: ../../../../../usr/local/lib/android/sdk/platforms/android-35/data/res/values-mcc310-mnc200-pl: Cannot utime: Operation not permitted
build	Cache Android SDK	2026-06-06T12:22:46.4418538Z /usr/bin/tar: ../../../../../usr/local/lib/android/sdk/platforms/android-35/data/res/values-mcc310-mnc200-pl: Cannot change mode to rwxr-xr-x: Operation not permitted
build	Cache Android SDK	2026-06-06T12:22:46.4421974Z /usr/bin/tar: ../../../../../usr/local/lib/android/sdk/platforms/android-35/data/res/values-mcc001-mnc01-en-rCA: Cannot utime: Operation not permitted
build	Cache Android SDK	2026-06-06T12:22:46.4422593Z /usr/bin/tar: ../../../../../usr/local/lib/android/sdk/platforms/android-35/data/res/values-mcc001-mnc01-en-rCA: Cannot change mode to rwxr-xr-x: Operation not permitted
build	Cache Android SDK	2026-06-06T12:22:46.4424854Z /usr/bin/tar: ../../../../../usr/local/lib/android/sdk/platforms/android-35/data/res/values-mcc310-mnc170-tr: Cannot utime: Operation not permitted
build	Cache Android SDK	2026-06-06T12:22:46.4425318Z /usr/bin/tar: ../../../../../usr/local/lib/android/sdk/platforms/android-35/data/res/values-mcc310-mnc170-tr: Cannot change mode to rwxr-xr-x: Operation not permitted
build	Cache Android SDK	2026-06-06T12:22:46.4427950Z /usr/bin/tar: ../../../../../usr/local/lib/android/sdk/platforms/android-35/data/res/values-mcc310-mnc490-nl: Cannot utime: Operation not permitted
build	Cache Android SDK	2026-06-06T12:22:46.4428502Z /usr/bin/tar: ../../../../../usr/local/lib/android/sdk/platforms/android-35/data/res/values-mcc310-mnc490-nl: Cannot change mode to rwxr-xr-x: Operation not permitted
build	Cache Android SDK	2026-06-06T12:22:46.4430878Z /usr/bin/tar: ../../../../../usr/local/lib/android/sdk/platforms/android-35/data/res/values-mcc310-mnc030-ne: Cannot utime: Operation not permitted
build	Cache Android SDK	2026-06-06T12:22:46.4431343Z /usr/bin/tar: ../../../../../usr/local/lib/android/sdk/platforms/android-35/data/res/values-mcc310-mnc030-ne: Cannot change mode to rwxr-xr-x: Operation not permitted
build	Cache Android SDK	2026-06-06T12:22:46.4433842Z /usr/bin/tar: ../../../../../usr/local/lib/android/sdk/platforms/android-35/data/res/values-mcc310-mnc150-lo: Cannot utime: Operation not permitted
build	Cache Android SDK	2026-06-06T12:22:46.4434287Z /usr/bin/tar: ../../../../../usr/local/lib/android/sdk/platforms/android-35/data/res/values-mcc310-mnc150-lo: Cannot change mode to rwxr-xr-x: Operation not permitted
build	Cache Android SDK	2026-06-06T12:22:46.4437523Z /usr/bin/tar: ../../../../../usr/local/lib/android/sdk/platforms/android-35/data/res/values-mcc310-mnc800-iw: Cannot utime: Operation not permitted
build	Cache Android SDK	2026-06-06T12:22:46.4438078Z /usr/bin/tar: ../../../../../usr/local/lib/android/sdk/platforms/android-35/data/res/values-mcc310-mnc800-iw: Cannot change mode to rwxr-xr-x: Operation not permitted
build	Cache Android SDK	2026-06-06T12:22:46.4442684Z /usr/bin/tar: ../../../../../usr/local/lib/android/sdk/platforms/android-35/data/res/values-mcc310-mnc250-sq: Cannot utime: Operation not permitted
build	Cache Android SDK	2026-06-06T12:22:46.4443339Z /usr/bin/tar: ../../../../../usr/local/lib/android/sdk/platforms/android-35/data/res/values-mcc310-mnc250-sq: Cannot change mode to rwxr-xr-x: Operation not permitted
build	Cache Android SDK	2026-06-06T12:22:46.4445395Z /usr/bin/tar: ../../../../../usr/local/lib/android/sdk/platforms/android-35/data/res/values-mcc310-mnc150-ka: Cannot utime: Operation not permitted
build	Cache Android SDK	2026-06-06T12:22:46.4445896Z /usr/bin/tar: ../../../../../usr/local/lib/android/sdk/platforms/android-35/data/res/values-mcc310-mnc150-ka: Cannot change mode to rwxr-xr-x: Operation not permitted
build	Cache Android SDK	2026-06-06T12:22:46.4449248Z /usr/bin/tar: ../../../../../usr/local/lib/android/sdk/platforms/android-35/data/res/values-h320dp: Cannot utime: Operation not permitted
build	Cache Android SDK	2026-06-06T12:22:46.4449871Z /usr/bin/tar: ../../../../../usr/local/lib/android/sdk/platforms/android-35/data/res/values-h320dp: Cannot change mode to rwxr-xr-x: Operation not permitted
build	Cache Android SDK	2026-06-06T12:22:46.4453878Z /usr/bin/tar: ../../../../../usr/local/lib/android/sdk/platforms/android-35/data/res/values-television: Cannot utime: Operation not permitted
build	Cache Android SDK	2026-06-06T12:22:46.4454341Z /usr/bin/tar: ../../../../../usr/local/lib/android/sdk/platforms/android-35/data/res/values-television: Cannot change mode to rwxr-xr-x: Operation not permitted
build	Cache Android SDK	2026-06-06T12:22:46.4456903Z /usr/bin/tar: ../../../../../usr/local/lib/android/sdk/platforms/android-35/data/res/values-mcc310-mnc220-lt: Cannot utime: Operation not permitted
build	Cache Android SDK	2026-06-06T12:22:46.4457464Z /usr/bin/tar: ../../../../../usr/local/lib/android/sdk/platforms/android-35/data/res/values-mcc310-mnc220-lt: Cannot change mode to rwxr-xr-x: Operation not permitted
build	Cache Android SDK	2026-06-06T12:22:46.4459905Z /usr/bin/tar: ../../../../../usr/local/lib/android/sdk/platforms/android-35/data/res/values-mcc311-mnc180-en-rXC: Cannot utime: Operation not permitted
build	Cache Android SDK	2026-06-06T12:22:46.4460570Z /usr/bin/tar: ../../../../../usr/local/lib/android/sdk/platforms/android-35/data/res/values-mcc311-mnc180-en-rXC: Cannot change mode to rwxr-xr-x: Operation not permitted
build	Cache Android SDK	2026-06-06T12:22:46.4462874Z /usr/bin/tar: ../../../../../usr/local/lib/android/sdk/platforms/android-35/data/res/values-mcc310-mnc640: Cannot utime: Operation not permitted
build	Cache Android SDK	2026-06-06T12:22:46.4463368Z /usr/bin/tar: ../../../../../usr/local/lib/android/sdk/platforms/android-35/data/res/values-mcc310-mnc640: Cannot change mode to rwxr-xr-x: Operation not permitted
build	Cache Android SDK	2026-06-06T12:22:46.4466020Z /usr/bin/tar: ../../../../../usr/local/lib/android/sdk/platforms/android-35/data/res/values-mcc208-mnc10-fr: Cannot utime: Operation not permitted
build	Cache Android SDK	2026-06-06T12:22:46.4466569Z /usr/bin/tar: ../../../../../usr/local/lib/android/sdk/platforms/android-35/data/res/values-mcc208-mnc10-fr: Cannot change mode to rwxr-xr-x: Operation not permitted
build	Cache Android SDK	2026-06-06T12:22:46.4469364Z /usr/bin/tar: ../../../../../usr/local/lib/android/sdk/platforms/android-35/data/res/values-mcc310-mnc250-ne: Cannot utime: Operation not permitted
build	Cache Android SDK	2026-06-06T12:22:46.4469860Z /usr/bin/tar: ../../../../../usr/local/lib/android/sdk/platforms/android-35/data/res/values-mcc310-mnc250-ne: Cannot change mode to rwxr-xr-x: Operation not permitted
build	Cache Android SDK	2026-06-06T12:22:46.4472292Z /usr/bin/tar: ../../../../../usr/local/lib/android/sdk/platforms/android-35/data/res/values-mcc310-mnc310: Cannot utime: Operation not permitted
build	Cache Android SDK	2026-06-06T12:22:46.4472752Z /usr/bin/tar: ../../../../../usr/local/lib/android/sdk/platforms/android-35/data/res/values-mcc310-mnc310: Cannot change mode to rwxr-xr-x: Operation not permitted
build	Cache Android SDK	2026-06-06T12:22:46.4475374Z /usr/bin/tar: ../../../../../usr/local/lib/android/sdk/platforms/android-35/data/res/values-mcc310-mnc380-fr-rCA: Cannot utime: Operation not permitted
build	Cache Android SDK	2026-06-06T12:22:46.4475850Z /usr/bin/tar: ../../../../../usr/local/lib/android/sdk/platforms/android-35/data/res/values-mcc310-mnc380-fr-rCA: Cannot change mode to rwxr-xr-x: Operation not permitted
build	Cache Android SDK	2026-06-06T12:22:46.4478422Z /usr/bin/tar: ../../../../../usr/local/lib/android/sdk/platforms/android-35/data/res/mipmap-ldpi: Cannot utime: Operation not permitted
build	Cache Android SDK	2026-06-06T12:22:46.4479983Z /usr/bin/tar: ../../../../../usr/local/lib/android/sdk/platforms/android-35/data/res/mipmap-ldpi: Cannot change mode to rwxr-xr-x: Operation not permitted
build	Cache Android SDK	2026-06-06T12:22:46.4482000Z /usr/bin/tar: ../../../../../usr/local/lib/android/sdk/platforms/android-35/data/res/values-mcc310-mnc170-iw: Cannot utime: Operation not permitted
build	Cache Android SDK	2026-06-06T12:22:46.4482460Z /usr/bin/tar: ../../../../../usr/local/lib/android/sdk/platforms/android-35/data/res/values-mcc310-mnc170-iw: Cannot change mode to rwxr-xr-x: Operation not permitted
build	Cache Android SDK	2026-06-06T12:22:46.4490935Z /usr/bin/tar: ../../../../../usr/local/lib/android/sdk/platforms/android-35/data/res/layout-watch: Cannot utime: Operation not permitted
build	Cache Android SDK	2026-06-06T12:22:46.4491631Z /usr/bin/tar: ../../../../../usr/local/lib/android/sdk/platforms/android-35/data/res/layout-watch: Cannot change mode to rwxr-xr-x: Operation not permitted
build	Cache Android SDK	2026-06-06T12:22:46.4493830Z /usr/bin/tar: ../../../../../usr/local/lib/android/sdk/platforms/android-35/data/res/values-mcc311-mnc180-gl: Cannot utime: Operation not permitted
build	Cache Android SDK	2026-06-06T12:22:46.4494283Z /usr/bin/tar: ../../../../../usr/local/lib/android/sdk/platforms/android-35/data/res/values-mcc311-mnc180-gl: Cannot change mode to rwxr-xr-x: Operation not permitted
build	Cache Android SDK	2026-06-06T12:22:46.4496597Z /usr/bin/tar: ../../../../../usr/local/lib/android/sdk/platforms/android-35/data/res/values-mcc313-mnc100-pt-rBR: Cannot utime: Operation not permitted
build	Cache Android SDK	2026-06-06T12:22:46.4497163Z /usr/bin/tar: ../../../../../usr/local/lib/android/sdk/platforms/android-35/data/res/values-mcc313-mnc100-pt-rBR: Cannot change mode to rwxr-xr-x: Operation not permitted
build	Cache Android SDK	2026-06-06T12:22:46.4499539Z /usr/bin/tar: ../../../../../usr/local/lib/android/sdk/platforms/android-35/data/res/values-mcc310-mnc240-ru: Cannot utime: Operation not permitted
build	Cache Android SDK	2026-06-06T12:22:46.4500143Z /usr/bin/tar: ../../../../../usr/local/lib/android/sdk/platforms/android-35/data/res/values-mcc310-mnc240-ru: Cannot change mode to rwxr-xr-x: Operation not permitted
build	Cache Android SDK	2026-06-06T12:22:46.4502477Z /usr/bin/tar: ../../../../../usr/local/lib/android/sdk/platforms/android-35/data/res/values-mcc310-mnc950-ja: Cannot utime: Operation not permitted
build	Cache Android SDK	2026-06-06T12:22:46.4503006Z /usr/bin/tar: ../../../../../usr/local/lib/android/sdk/platforms/android-35/data/res/values-mcc310-mnc950-ja: Cannot change mode to rwxr-xr-x: Operation not permitted
build	Cache Android SDK	2026-06-06T12:22:46.4509652Z /usr/bin/tar: ../../../../../usr/local/lib/android/sdk/platforms/android-35/data/res/values-lo: Cannot utime: Operation not permitted
build	Cache Android SDK	2026-06-06T12:22:46.4510083Z /usr/bin/tar: ../../../../../usr/local/lib/android/sdk/platforms/android-35/data/res/values-lo: Cannot change mode to rwxr-xr-x: Operation not permitted
build	Cache Android SDK	2026-06-06T12:22:46.4512627Z /usr/bin/tar: ../../../../../usr/local/lib/android/sdk/platforms/android-35/data/res/values-mcc310-mnc170-ru: Cannot utime: Operation not permitted
build	Cache Android SDK	2026-06-06T12:22:46.4513078Z /usr/bin/tar: ../../../../../usr/local/lib/android/sdk/platforms/android-35/data/res/values-mcc310-mnc170-ru: Cannot change mode to rwxr-xr-x: Operation not permitted
build	Cache Android SDK	2026-06-06T12:22:46.4515696Z /usr/bin/tar: ../../../../../usr/local/lib/android/sdk/platforms/android-35/data/res/values-mcc310-mnc310-pt-rPT: Cannot utime: Operation not permitted
build	Cache Android SDK	2026-06-06T12:22:46.4516167Z /usr/bin/tar: ../../../../../usr/local/lib/android/sdk/platforms/android-35/data/res/values-mcc310-mnc310-pt-rPT: Cannot change mode to rwxr-xr-x: Operation not permitted
build	Cache Android SDK	2026-06-06T12:22:46.4519057Z /usr/bin/tar: ../../../../../usr/local/lib/android/sdk/platforms/android-35/data/res/values-mcc310-mnc150-fa: Cannot utime: Operation not permitted
build	Cache Android SDK	2026-06-06T12:22:46.4519633Z /usr/bin/tar: ../../../../../usr/local/lib/android/sdk/platforms/android-35/data/res/values-mcc310-mnc150-fa: Cannot change mode to rwxr-xr-x: Operation not permitted
build	Cache Android SDK	2026-06-06T12:22:46.4522850Z /usr/bin/tar: ../../../../../usr/local/lib/android/sdk/platforms/android-35/data/res/values-mcc310-mnc380-gl: Cannot utime: Operation not permitted
build	Cache Android SDK	2026-06-06T12:22:46.4523343Z /usr/bin/tar: ../../../../../usr/local/lib/android/sdk/platforms/android-35/data/res/values-mcc310-mnc380-gl: Cannot change mode to rwxr-xr-x: Operation not permitted
build	Cache Android SDK	2026-06-06T12:22:46.4526259Z /usr/bin/tar: ../../../../../usr/local/lib/android/sdk/platforms/android-35/data/res/values-mcc310-mnc210-de: Cannot utime: Operation not permitted
build	Cache Android SDK	2026-06-06T12:22:46.4526828Z /usr/bin/tar: ../../../../../usr/local/lib/android/sdk/platforms/android-35/data/res/values-mcc310-mnc210-de: Cannot change mode to rwxr-xr-x: Operation not permitted
build	Cache Android SDK	2026-06-06T12:22:46.4529364Z /usr/bin/tar: ../../../../../usr/local/lib/android/sdk/platforms/android-35/data/res/values-mcc310-mnc310-ko: Cannot utime: Operation not permitted
build	Cache Android SDK	2026-06-06T12:22:46.4529957Z /usr/bin/tar: ../../../../../usr/local/lib/android/sdk/platforms/android-35/data/res/values-mcc310-mnc310-ko: Cannot change mode to rwxr-xr-x: Operation not permitted
build	Cache Android SDK	2026-06-06T12:22:46.4533012Z /usr/bin/tar: ../../../../../usr/local/lib/android/sdk/platforms/android-35/data/res/values-mcc310-mnc220-sv: Cannot utime: Operation not permitted
build	Cache Android SDK	2026-06-06T12:22:46.4533867Z /usr/bin/tar: ../../../../../usr/local/lib/android/sdk/platforms/android-35/data/res/values-mcc310-mnc220-sv: Cannot change mode to rwxr-xr-x: Operation not permitted
build	Cache Android SDK	2026-06-06T12:22:46.4536506Z /usr/bin/tar: ../../../../../usr/local/lib/android/sdk/platforms/android-35/data/res/values-b+sr+Latn-television: Cannot utime: Operation not permitted
build	Cache Android SDK	2026-06-06T12:22:46.4537029Z /usr/bin/tar: ../../../../../usr/local/lib/android/sdk/platforms/android-35/data/res/values-b+sr+Latn-television: Cannot change mode to rwxr-xr-x: Operation not permitted
build	Cache Android SDK	2026-06-06T12:22:46.4540099Z /usr/bin/tar: ../../../../../usr/local/lib/android/sdk/platforms/android-35/data/res/values-mcc310-mnc660-fr-rCA: Cannot utime: Operation not permitted
build	Cache Android SDK	2026-06-06T12:22:46.4540789Z /usr/bin/tar: ../../../../../usr/local/lib/android/sdk/platforms/android-35/data/res/values-mcc310-mnc660-fr-rCA: Cannot change mode to rwxr-xr-x: Operation not permitted
build	Cache Android SDK	2026-06-06T12:22:46.4543436Z /usr/bin/tar: ../../../../../usr/local/lib/android/sdk/platforms/android-35/data/res/values-mcc310-mnc280-hy: Cannot utime: Operation not permitted
build	Cache Android SDK	2026-06-06T12:22:46.4543907Z /usr/bin/tar: ../../../../../usr/local/lib/android/sdk/platforms/android-35/data/res/values-mcc310-mnc280-hy: Cannot change mode to rwxr-xr-x: Operation not permitted
build	Cache Android SDK	2026-06-06T12:22:46.4546447Z /usr/bin/tar: ../../../../../usr/local/lib/android/sdk/platforms/android-35/data/res/values-mcc334-mnc020-zh-rTW: Cannot utime: Operation not permitted
build	Cache Android SDK	2026-06-06T12:22:46.4546913Z /usr/bin/tar: ../../../../../usr/local/lib/android/sdk/platforms/android-35/data/res/values-mcc334-mnc020-zh-rTW: Cannot change mode to rwxr-xr-x: Operation not permitted
build	Cache Android SDK	2026-06-06T12:22:46.4549763Z /usr/bin/tar: ../../../../../usr/local/lib/android/sdk/platforms/android-35/data/res/values-mcc310-mnc270-fr-rCA: Cannot utime: Operation not permitted
build	Cache Android SDK	2026-06-06T12:22:46.4550242Z /usr/bin/tar: ../../../../../usr/local/lib/android/sdk/platforms/android-35/data/res/values-mcc310-mnc270-fr-rCA: Cannot change mode to rwxr-xr-x: Operation not permitted
build	Cache Android SDK	2026-06-06T12:22:46.4553049Z /usr/bin/tar: ../../../../../usr/local/lib/android/sdk/platforms/android-35/data/res/values-mcc310-mnc410-de: Cannot utime: Operation not permitted
build	Cache Android SDK	2026-06-06T12:22:46.4553508Z /usr/bin/tar: ../../../../../usr/local/lib/android/sdk/platforms/android-35/data/res/values-mcc310-mnc410-de: Cannot change mode to rwxr-xr-x: Operation not permitted
build	Cache Android SDK	2026-06-06T12:22:46.4556050Z /usr/bin/tar: ../../../../../usr/local/lib/android/sdk/platforms/android-35/data/res/values-mcc310-mnc560-zh-rCN: Cannot utime: Operation not permitted
build	Cache Android SDK	2026-06-06T12:22:46.4556527Z /usr/bin/tar: ../../../../../usr/local/lib/android/sdk/platforms/android-35/data/res/values-mcc310-mnc560-zh-rCN: Cannot change mode to rwxr-xr-x: Operation not permitted
build	Cache Android SDK	2026-06-06T12:22:46.4559468Z /usr/bin/tar: ../../../../../usr/local/lib/android/sdk/platforms/android-35/data/res/values-mcc310-mnc240-th: Cannot utime: Operation not permitted
build	Cache Android SDK	2026-06-06T12:22:46.4559955Z /usr/bin/tar: ../../../../../usr/local/lib/android/sdk/platforms/android-35/data/res/values-mcc310-mnc240-th: Cannot change mode to rwxr-xr-x: Operation not permitted
build	Cache Android SDK	2026-06-06T12:22:46.4563357Z /usr/bin/tar: ../../../../../usr/local/lib/android/sdk/platforms/android-35/data/res/values-mcc310-mnc030-fr-rCA: Cannot utime: Operation not permitted
build	Cache Android SDK	2026-06-06T12:22:46.4563837Z /usr/bin/tar: ../../../../../usr/local/lib/android/sdk/platforms/android-35/data/res/values-mcc310-mnc030-fr-rCA: Cannot change mode to rwxr-xr-x: Operation not permitted
build	Cache Android SDK	2026-06-06T12:22:46.4568258Z /usr/bin/tar: ../../../../../usr/local/lib/android/sdk/platforms/android-35/data/res/values-mcc310-mnc380-en-rGB: Cannot utime: Operation not permitted
build	Cache Android SDK	2026-06-06T12:22:46.4568840Z /usr/bin/tar: ../../../../../usr/local/lib/android/sdk/platforms/android-35/data/res/values-mcc310-mnc380-en-rGB: Cannot change mode to rwxr-xr-x: Operation not permitted
build	Cache Android SDK	2026-06-06T12:22:46.4571496Z /usr/bin/tar: ../../../../../usr/local/lib/android/sdk/platforms/android-35/data/res/values-mcc310-mnc250-ms: Cannot utime: Operation not permitted
build	Cache Android SDK	2026-06-06T12:22:46.4571956Z /usr/bin/tar: ../../../../../usr/local/lib/android/sdk/platforms/android-35/data/res/values-mcc310-mnc250-ms: Cannot change mode to rwxr-xr-x: Operation not permitted
build	Cache Android SDK	2026-06-06T12:22:46.4575411Z /usr/bin/tar: ../../../../../usr/local/lib/android/sdk/platforms/android-35/data/res/values-zh-rCN-television: Cannot utime: Operation not permitted
build	Cache Android SDK	2026-06-06T12:22:46.4575899Z /usr/bin/tar: ../../../../../usr/local/lib/android/sdk/platforms/android-35/data/res/values-zh-rCN-television: Cannot change mode to rwxr-xr-x: Operation not permitted
build	Cache Android SDK	2026-06-06T12:22:46.4578306Z /usr/bin/tar: ../../../../../usr/local/lib/android/sdk/platforms/android-35/data/res/values-mcc310-mnc150-cs: Cannot utime: Operation not permitted
build	Cache Android SDK	2026-06-06T12:22:46.4578895Z /usr/bin/tar: ../../../../../usr/local/lib/android/sdk/platforms/android-35/data/res/values-mcc310-mnc150-cs: Cannot change mode to rwxr-xr-x: Operation not permitted
build	Cache Android SDK	2026-06-06T12:22:46.4582486Z /usr/bin/tar: ../../../../../usr/local/lib/android/sdk/platforms/android-35/data/res/values-mcc310-mnc200-lt: Cannot utime: Operation not permitted
build	Cache Android SDK	2026-06-06T12:22:46.4582950Z /usr/bin/tar: ../../../../../usr/local/lib/android/sdk/platforms/android-35/data/res/values-mcc310-mnc200-lt: Cannot change mode to rwxr-xr-x: Operation not permitted
build	Cache Android SDK	2026-06-06T12:22:46.4585768Z /usr/bin/tar: ../../../../../usr/local/lib/android/sdk/platforms/android-35/data/res/values-mcc310-mnc150-de: Cannot utime: Operation not permitted
build	Cache Android SDK	2026-06-06T12:22:46.4586335Z /usr/bin/tar: ../../../../../usr/local/lib/android/sdk/platforms/android-35/data/res/values-mcc310-mnc150-de: Cannot change mode to rwxr-xr-x: Operation not permitted
build	Cache Android SDK	2026-06-06T12:22:46.4589541Z /usr/bin/tar: ../../../../../usr/local/lib/android/sdk/platforms/android-35/data/res/values-mcc001-mnc01-ms: Cannot utime: Operation not permitted
build	Cache Android SDK	2026-06-06T12:22:46.4590028Z /usr/bin/tar: ../../../../../usr/local/lib/android/sdk/platforms/android-35/data/res/values-mcc001-mnc01-ms: Cannot change mode to rwxr-xr-x: Operation not permitted
build	Cache Android SDK	2026-06-06T12:22:46.4592774Z /usr/bin/tar: ../../../../../usr/local/lib/android/sdk/platforms/android-35/data/res/values-ta-watch: Cannot utime: Operation not permitted
build	Cache Android SDK	2026-06-06T12:22:46.4593294Z /usr/bin/tar: ../../../../../usr/local/lib/android/sdk/platforms/android-35/data/res/values-ta-watch: Cannot change mode to rwxr-xr-x: Operation not permitted
build	Cache Android SDK	2026-06-06T12:22:46.4595465Z /usr/bin/tar: ../../../../../usr/local/lib/android/sdk/platforms/android-35/data/res/values-mcc310-mnc160-is: Cannot utime: Operation not permitted
build	Cache Android SDK	2026-06-06T12:22:46.4595936Z /usr/bin/tar: ../../../../../usr/local/lib/android/sdk/platforms/android-35/data/res/values-mcc310-mnc160-is: Cannot change mode to rwxr-xr-x: Operation not permitted
build	Cache Android SDK	2026-06-06T12:22:46.4599323Z /usr/bin/tar: ../../../../../usr/local/lib/android/sdk/platforms/android-35/data/res/values-mcc310-mnc230-zu: Cannot utime: Operation not permitted
build	Cache Android SDK	2026-06-06T12:22:46.4599798Z /usr/bin/tar: ../../../../../usr/local/lib/android/sdk/platforms/android-35/data/res/values-mcc310-mnc230-zu: Cannot change mode to rwxr-xr-x: Operation not permitted
build	Cache Android SDK	2026-06-06T12:22:46.4602080Z /usr/bin/tar: ../../../../../usr/local/lib/android/sdk/platforms/android-35/data/res/values-mcc312-mnc670-ca: Cannot utime: Operation not permitted
build	Cache Android SDK	2026-06-06T12:22:46.4602628Z /usr/bin/tar: ../../../../../usr/local/lib/android/sdk/platforms/android-35/data/res/values-mcc312-mnc670-ca: Cannot change mode to rwxr-xr-x: Operation not permitted
build	Cache Android SDK	2026-06-06T12:22:46.4605430Z /usr/bin/tar: ../../../../../usr/local/lib/android/sdk/platforms/android-35/data/res/values-mcc302-mnc720-es: Cannot utime: Operation not permitted
build	Cache Android SDK	2026-06-06T12:22:46.4605991Z /usr/bin/tar: ../../../../../usr/local/lib/android/sdk/platforms/android-35/data/res/values-mcc302-mnc720-es: Cannot change mode to rwxr-xr-x: Operation not permitted
build	Cache Android SDK	2026-06-06T12:22:46.4609289Z /usr/bin/tar: ../../../../../usr/local/lib/android/sdk/platforms/android-35/data/res/values-mcc310-mnc280-zh-rHK: Cannot utime: Operation not permitted
build	Cache Android SDK	2026-06-06T12:22:46.4609767Z /usr/bin/tar: ../../../../../usr/local/lib/android/sdk/platforms/android-35/data/res/values-mcc310-mnc280-zh-rHK: Cannot change mode to rwxr-xr-x: Operation not permitted
build	Cache Android SDK	2026-06-06T12:22:46.4612361Z /usr/bin/tar: ../../../../../usr/local/lib/android/sdk/platforms/android-35/data/res/values-mcc334-mnc020-en-rIN: Cannot utime: Operation not permitted
build	Cache Android SDK	2026-06-06T12:22:46.4612835Z /usr/bin/tar: ../../../../../usr/local/lib/android/sdk/platforms/android-35/data/res/values-mcc334-mnc020-en-rIN: Cannot change mode to rwxr-xr-x: Operation not permitted
build	Cache Android SDK	2026-06-06T12:22:46.4615515Z /usr/bin/tar: ../../../../../usr/local/lib/android/sdk/platforms/android-35/data/res/values-mcc001-mnc01-bg: Cannot utime: Operation not permitted
build	Cache Android SDK	2026-06-06T12:22:46.4616177Z /usr/bin/tar: ../../../../../usr/local/lib/android/sdk/platforms/android-35/data/res/values-mcc001-mnc01-bg: Cannot change mode to rwxr-xr-x: Operation not permitted
build	Cache Android SDK	2026-06-06T12:22:46.4618280Z /usr/bin/tar: ../../../../../usr/local/lib/android/sdk/platforms/android-35/data/res/values-mcc312: Cannot utime: Operation not permitted
build	Cache Android SDK	2026-06-06T12:22:46.4618864Z /usr/bin/tar: ../../../../../usr/local/lib/android/sdk/platforms/android-35/data/res/values-mcc312: Cannot change mode to rwxr-xr-x: Operation not permitted
build	Cache Android SDK	2026-06-06T12:22:46.4621990Z /usr/bin/tar: ../../../../../usr/local/lib/android/sdk/platforms/android-35/data/res/raw-ko: Cannot utime: Operation not permitted
build	Cache Android SDK	2026-06-06T12:22:46.4622397Z /usr/bin/tar: ../../../../../usr/local/lib/android/sdk/platforms/android-35/data/res/raw-ko: Cannot change mode to rwxr-xr-x: Operation not permitted
build	Cache Android SDK	2026-06-06T12:22:46.4625783Z /usr/bin/tar: ../../../../../usr/local/lib/android/sdk/platforms/android-35/data/res/values-mcc466-mnc07: Cannot utime: Operation not permitted
build	Cache Android SDK	2026-06-06T12:22:46.4626248Z /usr/bin/tar: ../../../../../usr/local/lib/android/sdk/platforms/android-35/data/res/values-mcc466-mnc07: Cannot change mode to rwxr-xr-x: Operation not permitted
build	Cache Android SDK	2026-06-06T12:22:46.5164054Z /usr/bin/tar: ../../../../../usr/local/lib/android/sdk/platforms/android-35/data/res/drawable-mdpi: Cannot utime: Operation not permitted
build	Cache Android SDK	2026-06-06T12:22:46.5164584Z /usr/bin/tar: ../../../../../usr/local/lib/android/sdk/platforms/android-35/data/res/drawable-mdpi: Cannot change mode to rwxr-xr-x: Operation not permitted
build	Cache Android SDK	2026-06-06T12:22:46.5166841Z /usr/bin/tar: ../../../../../usr/local/lib/android/sdk/platforms/android-35/data/res/values-mcc310-mnc170-gu: Cannot utime: Operation not permitted
build	Cache Android SDK	2026-06-06T12:22:46.5167329Z /usr/bin/tar: ../../../../../usr/local/lib/android/sdk/platforms/android-35/data/res/values-mcc310-mnc170-gu: Cannot change mode to rwxr-xr-x: Operation not permitted
build	Cache Android SDK	2026-06-06T12:22:46.5170528Z /usr/bin/tar: ../../../../../usr/local/lib/android/sdk/platforms/android-35/data/res/values-mcc313-mnc100-bg: Cannot utime: Operation not permitted
build	Cache Android SDK	2026-06-06T12:22:46.5170987Z /usr/bin/tar: ../../../../../usr/local/lib/android/sdk/platforms/android-35/data/res/values-mcc313-mnc100-bg: Cannot change mode to rwxr-xr-x: Operation not permitted
build	Cache Android SDK	2026-06-06T12:22:46.5173544Z /usr/bin/tar: ../../../../../usr/local/lib/android/sdk/platforms/android-35/data/res/values-mcc312-mnc670-hr: Cannot utime: Operation not permitted
build	Cache Android SDK	2026-06-06T12:22:46.5173982Z /usr/bin/tar: ../../../../../usr/local/lib/android/sdk/platforms/android-35/data/res/values-mcc312-mnc670-hr: Cannot change mode to rwxr-xr-x: Operation not permitted
build	Cache Android SDK	2026-06-06T12:22:46.5176897Z /usr/bin/tar: ../../../../../usr/local/lib/android/sdk/platforms/android-35/data/res/values-mcc310-mnc170-bs: Cannot utime: Operation not permitted
build	Cache Android SDK	2026-06-06T12:22:46.5177663Z /usr/bin/tar: ../../../../../usr/local/lib/android/sdk/platforms/android-35/data/res/values-mcc310-mnc170-bs: Cannot change mode to rwxr-xr-x: Operation not permitted
build	Cache Android SDK	2026-06-06T12:22:46.5180849Z /usr/bin/tar: ../../../../../usr/local/lib/android/sdk/platforms/android-35/data/res/values-mcc310-mnc030-bn: Cannot utime: Operation not permitted
build	Cache Android SDK	2026-06-06T12:22:46.5181287Z /usr/bin/tar: ../../../../../usr/local/lib/android/sdk/platforms/android-35/data/res/values-mcc310-mnc030-bn: Cannot change mode to rwxr-xr-x: Operation not permitted
build	Cache Android SDK	2026-06-06T12:22:46.5184515Z /usr/bin/tar: ../../../../../usr/local/lib/android/sdk/platforms/android-35/data/res/values-mcc310-mnc230-lt: Cannot utime: Operation not permitted
build	Cache Android SDK	2026-06-06T12:22:46.5184953Z /usr/bin/tar: ../../../../../usr/local/lib/android/sdk/platforms/android-35/data/res/values-mcc310-mnc230-lt: Cannot change mode to rwxr-xr-x: Operation not permitted
build	Cache Android SDK	2026-06-06T12:22:46.5187906Z /usr/bin/tar: ../../../../../usr/local/lib/android/sdk/platforms/android-35/data/res/values-mcc310-mnc150-vi: Cannot utime: Operation not permitted
build	Cache Android SDK	2026-06-06T12:22:46.5188518Z /usr/bin/tar: ../../../../../usr/local/lib/android/sdk/platforms/android-35/data/res/values-mcc310-mnc150-vi: Cannot change mode to rwxr-xr-x: Operation not permitted
build	Cache Android SDK	2026-06-06T12:22:46.5191531Z /usr/bin/tar: ../../../../../usr/local/lib/android/sdk/platforms/android-35/data/res/values-mcc001-mnc01-el: Cannot utime: Operation not permitted
build	Cache Android SDK	2026-06-06T12:22:46.5191978Z /usr/bin/tar: ../../../../../usr/local/lib/android/sdk/platforms/android-35/data/res/values-mcc001-mnc01-el: Cannot change mode to rwxr-xr-x: Operation not permitted
build	Cache Android SDK	2026-06-06T12:22:46.5195012Z /usr/bin/tar: ../../../../../usr/local/lib/android/sdk/platforms/android-35/data/res/values-mcc310-mnc230-ca: Cannot utime: Operation not permitted
build	Cache Android SDK	2026-06-06T12:22:46.5195456Z /usr/bin/tar: ../../../../../usr/local/lib/android/sdk/platforms/android-35/data/res/values-mcc310-mnc230-ca: Cannot change mode to rwxr-xr-x: Operation not permitted
build	Cache Android SDK	2026-06-06T12:22:46.5198666Z /usr/bin/tar: ../../../../../usr/local/lib/android/sdk/platforms/android-35/data/res/values-mcc310-mnc200-el: Cannot utime: Operation not permitted
build	Cache Android SDK	2026-06-06T12:22:46.5199116Z /usr/bin/tar: ../../../../../usr/local/lib/android/sdk/platforms/android-35/data/res/values-mcc310-mnc200-el: Cannot change mode to rwxr-xr-x: Operation not permitted
build	Cache Android SDK	2026-06-06T12:22:46.5201781Z /usr/bin/tar: ../../../../../usr/local/lib/android/sdk/platforms/android-35/data/res/values-mcc310-mnc160-lv: Cannot utime: Operation not permitted
build	Cache Android SDK	2026-06-06T12:22:46.5202219Z /usr/bin/tar: ../../../../../usr/local/lib/android/sdk/platforms/android-35/data/res/values-mcc310-mnc160-lv: Cannot change mode to rwxr-xr-x: Operation not permitted
build	Cache Android SDK	2026-06-06T12:22:46.5205953Z /usr/bin/tar: ../../../../../usr/local/lib/android/sdk/platforms/android-35/data/res/values-mcc310-mnc220-ko: Cannot utime: Operation not permitted
build	Cache Android SDK	2026-06-06T12:22:46.5206624Z /usr/bin/tar: ../../../../../usr/local/lib/android/sdk/platforms/android-35/data/res/values-mcc310-mnc220-ko: Cannot change mode to rwxr-xr-x: Operation not permitted
build	Cache Android SDK	2026-06-06T12:22:46.5208857Z /usr/bin/tar: ../../../../../usr/local/lib/android/sdk/platforms/android-35/data/res/values-mcc310-mnc280-pl: Cannot utime: Operation not permitted
build	Cache Android SDK	2026-06-06T12:22:46.5209316Z /usr/bin/tar: ../../../../../usr/local/lib/android/sdk/platforms/android-35/data/res/values-mcc310-mnc280-pl: Cannot change mode to rwxr-xr-x: Operation not permitted
build	Cache Android SDK	2026-06-06T12:22:46.5212026Z /usr/bin/tar: ../../../../../usr/local/lib/android/sdk/platforms/android-35/data/res/values-nl-rNL: Cannot utime: Operation not permitted
build	Cache Android SDK	2026-06-06T12:22:46.5212458Z /usr/bin/tar: ../../../../../usr/local/lib/android/sdk/platforms/android-35/data/res/values-nl-rNL: Cannot change mode to rwxr-xr-x: Operation not permitted
build	Cache Android SDK	2026-06-06T12:22:46.5215229Z /usr/bin/tar: ../../../../../usr/local/lib/android/sdk/platforms/android-35/data/res/values-mcc001-mnc01-es-rUS: Cannot utime: Operation not permitted
build	Cache Android SDK	2026-06-06T12:22:46.5215877Z /usr/bin/tar: ../../../../../usr/local/lib/android/sdk/platforms/android-35/data/res/values-mcc001-mnc01-es-rUS: Cannot change mode to rwxr-xr-x: Operation not permitted
build	Cache Android SDK	2026-06-06T12:22:46.5219050Z /usr/bin/tar: ../../../../../usr/local/lib/android/sdk/platforms/android-35/data/res/values-mcc302-mnc370-gu: Cannot utime: Operation not permitted
build	Cache Android SDK	2026-06-06T12:22:46.5219506Z /usr/bin/tar: ../../../../../usr/local/lib/android/sdk/platforms/android-35/data/res/values-mcc302-mnc370-gu: Cannot change mode to rwxr-xr-x: Operation not permitted
build	Cache Android SDK	2026-06-06T12:22:46.5222060Z /usr/bin/tar: ../../../../../usr/local/lib/android/sdk/platforms/android-35/data/res/values-mcc310-mnc490-b+sr+Latn: Cannot utime: Operation not permitted
build	Cache Android SDK	2026-06-06T12:22:46.5222538Z /usr/bin/tar: ../../../../../usr/local/lib/android/sdk/platforms/android-35/data/res/values-mcc310-mnc490-b+sr+Latn: Cannot change mode to rwxr-xr-x: Operation not permitted
build	Cache Android SDK	2026-06-06T12:22:46.5225580Z /usr/bin/tar: ../../../../../usr/local/lib/android/sdk/platforms/android-35/data/res/values-mcc310-mnc950-uk: Cannot utime: Operation not permitted
build	Cache Android SDK	2026-06-06T12:22:46.5226198Z /usr/bin/tar: ../../../../../usr/local/lib/android/sdk/platforms/android-35/data/res/values-mcc310-mnc950-uk: Cannot change mode to rwxr-xr-x: Operation not permitted
build	Cache Android SDK	2026-06-06T12:22:46.5228889Z /usr/bin/tar: ../../../../../usr/local/lib/android/sdk/platforms/android-35/data/res/values-mcc310-mnc660-ml: Cannot utime: Operation not permitted
build	Cache Android SDK	2026-06-06T12:22:46.5229334Z /usr/bin/tar: ../../../../../usr/local/lib/android/sdk/platforms/android-35/data/res/values-mcc310-mnc660-ml: Cannot change mode to rwxr-xr-x: Operation not permitted
build	Cache Android SDK	2026-06-06T12:22:46.5231612Z /usr/bin/tar: ../../../../../usr/local/lib/android/sdk/platforms/android-35/data/res/values-mcc314: Cannot utime: Operation not permitted
build	Cache Android SDK	2026-06-06T12:22:46.5232029Z /usr/bin/tar: ../../../../../usr/local/lib/android/sdk/platforms/android-35/data/res/values-mcc314: Cannot change mode to rwxr-xr-x: Operation not permitted
build	Cache Android SDK	2026-06-06T12:22:46.5234755Z /usr/bin/tar: ../../../../../usr/local/lib/android/sdk/platforms/android-35/data/res/values-mcc310-mnc200-te: Cannot utime: Operation not permitted
build	Cache Android SDK	2026-06-06T12:22:46.5235211Z /usr/bin/tar: ../../../../../usr/local/lib/android/sdk/platforms/android-35/data/res/values-mcc310-mnc200-te: Cannot change mode to rwxr-xr-x: Operation not permitted
build	Cache Android SDK	2026-06-06T12:22:46.5237959Z /usr/bin/tar: ../../../../../usr/local/lib/android/sdk/platforms/android-35/data/res/values-mcc311-mnc180-nb: Cannot utime: Operation not permitted
build	Cache Android SDK	2026-06-06T12:22:46.5238397Z /usr/bin/tar: ../../../../../usr/local/lib/android/sdk/platforms/android-35/data/res/values-mcc311-mnc180-nb: Cannot change mode to rwxr-xr-x: Operation not permitted
build	Cache Android SDK	2026-06-06T12:22:46.5241184Z /usr/bin/tar: ../../../../../usr/local/lib/android/sdk/platforms/android-35/data/res/values-mcc310-mnc250-zh-rHK: Cannot utime: Operation not permitted
build	Cache Android SDK	2026-06-06T12:22:46.5241656Z /usr/bin/tar: ../../../../../usr/local/lib/android/sdk/platforms/android-35/data/res/values-mcc310-mnc250-zh-rHK: Cannot change mode to rwxr-xr-x: Operation not permitted
build	Cache Android SDK	2026-06-06T12:22:46.5244424Z /usr/bin/tar: ../../../../../usr/local/lib/android/sdk/platforms/android-35/data/res/values-mcc310-mnc310-lo: Cannot utime: Operation not permitted
build	Cache Android SDK	2026-06-06T12:22:46.5244878Z /usr/bin/tar: ../../../../../usr/local/lib/android/sdk/platforms/android-35/data/res/values-mcc310-mnc310-lo: Cannot change mode to rwxr-xr-x: Operation not permitted
build	Cache Android SDK	2026-06-06T12:22:46.5247697Z /usr/bin/tar: ../../../../../usr/local/lib/android/sdk/platforms/android-35/data/res/values-mcc001-mnc01-pt-rBR: Cannot utime: Operation not permitted
build	Cache Android SDK	2026-06-06T12:22:46.5248156Z /usr/bin/tar: ../../../../../usr/local/lib/android/sdk/platforms/android-35/data/res/values-mcc001-mnc01-pt-rBR: Cannot change mode to rwxr-xr-x: Operation not permitted
build	Cache Android SDK	2026-06-06T12:22:46.5251218Z /usr/bin/tar: ../../../../../usr/local/lib/android/sdk/platforms/android-35/data/res/values-mcc310-mnc660-ja: Cannot utime: Operation not permitted
build	Cache Android SDK	2026-06-06T12:22:46.5251771Z /usr/bin/tar: ../../../../../usr/local/lib/android/sdk/platforms/android-35/data/res/values-mcc310-mnc660-ja: Cannot change mode to rwxr-xr-x: Operation not permitted
build	Cache Android SDK	2026-06-06T12:22:46.5254295Z /usr/bin/tar: ../../../../../usr/local/lib/android/sdk/platforms/android-35/data/res/values-mcc310-mnc280-bg: Cannot utime: Operation not permitted
build	Cache Android SDK	2026-06-06T12:22:46.5254738Z /usr/bin/tar: ../../../../../usr/local/lib/android/sdk/platforms/android-35/data/res/values-mcc310-mnc280-bg: Cannot change mode to rwxr-xr-x: Operation not permitted
build	Cache Android SDK	2026-06-06T12:22:46.5257871Z /usr/bin/tar: ../../../../../usr/local/lib/android/sdk/platforms/android-35/data/res/values-mcc310-mnc800-am: Cannot utime: Operation not permitted
build	Cache Android SDK	2026-06-06T12:22:46.5258321Z /usr/bin/tar: ../../../../../usr/local/lib/android/sdk/platforms/android-35/data/res/values-mcc310-mnc800-am: Cannot change mode to rwxr-xr-x: Operation not permitted
build	Cache Android SDK	2026-06-06T12:22:46.5283743Z /usr/bin/tar: ../../../../../usr/local/lib/android/sdk/platforms/android-35/data/res/values-mcc310-mnc170-vi: Cannot utime: Operation not permitted
build	Cache Android SDK	2026-06-06T12:22:46.5284411Z /usr/bin/tar: ../../../../../usr/local/lib/android/sdk/platforms/android-35/data/res/values-mcc310-mnc170-vi: Cannot change mode to rwxr-xr-x: Operation not permitted
build	Cache Android SDK	2026-06-06T12:22:46.5286776Z /usr/bin/tar: ../../../../../usr/local/lib/android/sdk/platforms/android-35/data/res/values-mcc310-mnc310-zu: Cannot utime: Operation not permitted
build	Cache Android SDK	2026-06-06T12:22:46.5287211Z /usr/bin/tar: ../../../../../usr/local/lib/android/sdk/platforms/android-35/data/res/values-mcc310-mnc310-zu: Cannot change mode to rwxr-xr-x: Operation not permitted
build	Cache Android SDK	2026-06-06T12:22:46.5290072Z /usr/bin/tar: ../../../../../usr/local/lib/android/sdk/platforms/android-35/data/res/values-mcc310-mnc160-bs: Cannot utime: Operation not permitted
build	Cache Android SDK	2026-06-06T12:22:46.5291017Z /usr/bin/tar: ../../../../../usr/local/lib/android/sdk/platforms/android-35/data/res/values-mcc310-mnc160-bs: Cannot change mode to rwxr-xr-x: Operation not permitted
build	Cache Android SDK	2026-06-06T12:22:46.5295007Z /usr/bin/tar: ../../../../../usr/local/lib/android/sdk/platforms/android-35/data/res/anim-watch: Cannot utime: Operation not permitted
build	Cache Android SDK	2026-06-06T12:22:46.5295942Z /usr/bin/tar: ../../../../../usr/local/lib/android/sdk/platforms/android-35/data/res/anim-watch: Cannot change mode to rwxr-xr-x: Operation not permitted
build	Cache Android SDK	2026-06-06T12:22:46.5298799Z /usr/bin/tar: ../../../../../usr/local/lib/android/sdk/platforms/android-35/data/res/values-mcc334-mnc020-en-rCA: Cannot utime: Operation not permitted
build	Cache Android SDK	2026-06-06T12:22:46.5299844Z /usr/bin/tar: ../../../../../usr/local/lib/android/sdk/platforms/android-35/data/res/values-mcc334-mnc020-en-rCA: Cannot change mode to rwxr-xr-x: Operation not permitted
build	Cache Android SDK	2026-06-06T12:22:46.5302645Z /usr/bin/tar: ../../../../../usr/local/lib/android/sdk/platforms/android-35/data/res/values-lv-television: Cannot utime: Operation not permitted
build	Cache Android SDK	2026-06-06T12:22:46.5303666Z /usr/bin/tar: ../../../../../usr/local/lib/android/sdk/platforms/android-35/data/res/values-lv-television: Cannot change mode to rwxr-xr-x: Operation not permitted
build	Cache Android SDK	2026-06-06T12:22:46.5306604Z /usr/bin/tar: ../../../../../usr/local/lib/android/sdk/platforms/android-35/data/res/values-mcc310-mnc210-ko: Cannot utime: Operation not permitted
build	Cache Android SDK	2026-06-06T12:22:46.5307737Z /usr/bin/tar: ../../../../../usr/local/lib/android/sdk/platforms/android-35/data/res/values-mcc310-mnc210-ko: Cannot change mode to rwxr-xr-x: Operation not permitted
build	Cache Android SDK	2026-06-06T12:22:46.5310032Z /usr/bin/tar: ../../../../../usr/local/lib/android/sdk/platforms/android-35/data/res/values-mcc310-mnc150-fr-rCA: Cannot utime: Operation not permitted
build	Cache Android SDK	2026-06-06T12:22:46.5311009Z /usr/bin/tar: ../../../../../usr/local/lib/android/sdk/platforms/android-35/data/res/values-mcc310-mnc150-fr-rCA: Cannot change mode to rwxr-xr-x: Operation not permitted
build	Cache Android SDK	2026-06-06T12:22:46.5313864Z /usr/bin/tar: ../../../../../usr/local/lib/android/sdk/platforms/android-35/data/res/values-mcc310-mnc030-pt-rBR: Cannot utime: Operation not permitted
build	Cache Android SDK	2026-06-06T12:22:46.5315053Z /usr/bin/tar: ../../../../../usr/local/lib/android/sdk/platforms/android-35/data/res/values-mcc310-mnc030-pt-rBR: Cannot change mode to rwxr-xr-x: Operation not permitted
build	Cache Android SDK	2026-06-06T12:22:46.5316494Z /usr/bin/tar: ../../../../../usr/local/lib/android/sdk/platforms/android-35/data/res/values-mcc334-mnc020-lv: Cannot utime: Operation not permitted
build	Cache Android SDK	2026-06-06T12:22:46.5317632Z /usr/bin/tar: ../../../../../usr/local/lib/android/sdk/platforms/android-35/data/res/values-mcc334-mnc020-lv: Cannot change mode to rwxr-xr-x: Operation not permitted
build	Cache Android SDK	2026-06-06T12:22:46.5326457Z /usr/bin/tar: ../../../../../usr/local/lib/android/sdk/platforms/android-35/data/res/values-hr-watch: Cannot utime: Operation not permitted
build	Cache Android SDK	2026-06-06T12:22:46.5327833Z /usr/bin/tar: ../../../../../usr/local/lib/android/sdk/platforms/android-35/data/res/values-hr-watch: Cannot change mode to rwxr-xr-x: Operation not permitted
build	Cache Android SDK	2026-06-06T12:22:46.5330032Z /usr/bin/tar: ../../../../../usr/local/lib/android/sdk/platforms/android-35/data/res/values-mcc310-mnc380-lo: Cannot utime: Operation not permitted
build	Cache Android SDK	2026-06-06T12:22:46.5331164Z /usr/bin/tar: ../../../../../usr/local/lib/android/sdk/platforms/android-35/data/res/values-mcc310-mnc380-lo: Cannot change mode to rwxr-xr-x: Operation not permitted
build	Cache Android SDK	2026-06-06T12:22:46.5334243Z /usr/bin/tar: ../../../../../usr/local/lib/android/sdk/platforms/android-35/data/res/values-mcc311-mnc180-mk: Cannot utime: Operation not permitted
build	Cache Android SDK	2026-06-06T12:22:46.5335225Z /usr/bin/tar: ../../../../../usr/local/lib/android/sdk/platforms/android-35/data/res/values-mcc311-mnc180-mk: Cannot change mode to rwxr-xr-x: Operation not permitted
build	Cache Android SDK	2026-06-06T12:22:46.5336981Z /usr/bin/tar: ../../../../../usr/local/lib/android/sdk/platforms/android-35/data/res/values-mcc310-mnc170-ro: Cannot utime: Operation not permitted
build	Cache Android SDK	2026-06-06T12:22:46.5338135Z /usr/bin/tar: ../../../../../usr/local/lib/android/sdk/platforms/android-35/data/res/values-mcc310-mnc170-ro: Cannot change mode to rwxr-xr-x: Operation not permitted
build	Cache Android SDK	2026-06-06T12:22:46.5340084Z /usr/bin/tar: ../../../../../usr/local/lib/android/sdk/platforms/android-35/data/res/values-mcc310-mnc200-bn: Cannot utime: Operation not permitted
build	Cache Android SDK	2026-06-06T12:22:46.5341032Z /usr/bin/tar: ../../../../../usr/local/lib/android/sdk/platforms/android-35/data/res/values-mcc310-mnc200-bn: Cannot change mode to rwxr-xr-x: Operation not permitted
build	Cache Android SDK	2026-06-06T12:22:46.5344331Z /usr/bin/tar: ../../../../../usr/local/lib/android/sdk/platforms/android-35/data/res/values-mcc310-mnc250: Cannot utime: Operation not permitted
build	Cache Android SDK	2026-06-06T12:22:46.5345262Z /usr/bin/tar: ../../../../../usr/local/lib/android/sdk/platforms/android-35/data/res/values-mcc310-mnc250: Cannot change mode to rwxr-xr-x: Operation not permitted
build	Cache Android SDK	2026-06-06T12:22:46.5348052Z /usr/bin/tar: ../../../../../usr/local/lib/android/sdk/platforms/android-35/data/res/values-mcc310-mnc660-ru: Cannot utime: Operation not permitted
build	Cache Android SDK	2026-06-06T12:22:46.5349006Z /usr/bin/tar: ../../../../../usr/local/lib/android/sdk/platforms/android-35/data/res/values-mcc310-mnc660-ru: Cannot change mode to rwxr-xr-x: Operation not permitted
build	Cache Android SDK	2026-06-06T12:22:46.5351613Z /usr/bin/tar: ../../../../../usr/local/lib/android/sdk/platforms/android-35/data/res/values-mcc310-mnc220-pa: Cannot utime: Operation not permitted
build	Cache Android SDK	2026-06-06T12:22:46.5352553Z /usr/bin/tar: ../../../../../usr/local/lib/android/sdk/platforms/android-35/data/res/values-mcc310-mnc220-pa: Cannot change mode to rwxr-xr-x: Operation not permitted
build	Cache Android SDK	2026-06-06T12:22:46.5354904Z /usr/bin/tar: ../../../../../usr/local/lib/android/sdk/platforms/android-35/data/res/values-mcc310-mnc800-ja: Cannot utime: Operation not permitted
build	Cache Android SDK	2026-06-06T12:22:46.5355842Z /usr/bin/tar: ../../../../../usr/local/lib/android/sdk/platforms/android-35/data/res/values-mcc310-mnc800-ja: Cannot change mode to rwxr-xr-x: Operation not permitted
build	Cache Android SDK	2026-06-06T12:22:46.5358827Z /usr/bin/tar: ../../../../../usr/local/lib/android/sdk/platforms/android-35/data/res/values-mcc310-mnc490-is: Cannot utime: Operation not permitted
build	Cache Android SDK	2026-06-06T12:22:46.5359962Z /usr/bin/tar: ../../../../../usr/local/lib/android/sdk/platforms/android-35/data/res/values-mcc310-mnc490-is: Cannot change mode to rwxr-xr-x: Operation not permitted
build	Cache Android SDK	2026-06-06T12:22:46.5362078Z /usr/bin/tar: ../../../../../usr/local/lib/android/sdk/platforms/android-35/data/res/values-mcc302-mnc720-fi: Cannot utime: Operation not permitted
build	Cache Android SDK	2026-06-06T12:22:46.5362998Z /usr/bin/tar: ../../../../../usr/local/lib/android/sdk/platforms/android-35/data/res/values-mcc302-mnc720-fi: Cannot change mode to rwxr-xr-x: Operation not permitted
build	Cache Android SDK	2026-06-06T12:22:46.5365606Z /usr/bin/tar: ../../../../../usr/local/lib/android/sdk/platforms/android-35/data/res/values-mcc310-mnc270-mn: Cannot utime: Operation not permitted
build	Cache Android SDK	2026-06-06T12:22:46.5367019Z /usr/bin/tar: ../../../../../usr/local/lib/android/sdk/platforms/android-35/data/res/values-mcc310-mnc270-mn: Cannot change mode to rwxr-xr-x: Operation not permitted
build	Cache Android SDK	2026-06-06T12:22:46.5368954Z /usr/bin/tar: ../../../../../usr/local/lib/android/sdk/platforms/android-35/data/res/values-mcc312-mnc670-ar: Cannot utime: Operation not permitted
build	Cache Android SDK	2026-06-06T12:22:46.5369986Z /usr/bin/tar: ../../../../../usr/local/lib/android/sdk/platforms/android-35/data/res/values-mcc312-mnc670-ar: Cannot change mode to rwxr-xr-x: Operation not permitted
build	Cache Android SDK	2026-06-06T12:22:46.5372212Z /usr/bin/tar: ../../../../../usr/local/lib/android/sdk/platforms/android-35/data/res/values-mcc313-mnc100-hu: Cannot utime: Operation not permitted
build	Cache Android SDK	2026-06-06T12:22:46.5373461Z /usr/bin/tar: ../../../../../usr/local/lib/android/sdk/platforms/android-35/data/res/values-mcc313-mnc100-hu: Cannot change mode to rwxr-xr-x: Operation not permitted
build	Cache Android SDK	2026-06-06T12:22:46.5375750Z /usr/bin/tar: ../../../../../usr/local/lib/android/sdk/platforms/android-35/data/res/values-in-television: Cannot utime: Operation not permitted
build	Cache Android SDK	2026-06-06T12:22:46.5376807Z /usr/bin/tar: ../../../../../usr/local/lib/android/sdk/platforms/android-35/data/res/values-in-television: Cannot change mode to rwxr-xr-x: Operation not permitted
build	Cache Android SDK	2026-06-06T12:22:46.5383808Z /usr/bin/tar: ../../../../../usr/local/lib/android/sdk/platforms/android-35/data/res/values-or: Cannot utime: Operation not permitted
build	Cache Android SDK	2026-06-06T12:22:46.5385035Z /usr/bin/tar: ../../../../../usr/local/lib/android/sdk/platforms/android-35/data/res/values-or: Cannot change mode to rwxr-xr-x: Operation not permitted
build	Cache Android SDK	2026-06-06T12:22:46.5386381Z /usr/bin/tar: ../../../../../usr/local/lib/android/sdk/platforms/android-35/data/res/values-mcc310-mnc230-b+sr+Latn: Cannot utime: Operation not permitted
build	Cache Android SDK	2026-06-06T12:22:46.5387558Z /usr/bin/tar: ../../../../../usr/local/lib/android/sdk/platforms/android-35/data/res/values-mcc310-mnc230-b+sr+Latn: Cannot change mode to rwxr-xr-x: Operation not permitted
build	Cache Android SDK	2026-06-06T12:22:46.5389865Z /usr/bin/tar: ../../../../../usr/local/lib/android/sdk/platforms/android-35/data/res/values-mcc222-mnc10: Cannot utime: Operation not permitted
build	Cache Android SDK	2026-06-06T12:22:46.5390773Z /usr/bin/tar: ../../../../../usr/local/lib/android/sdk/platforms/android-35/data/res/values-mcc222-mnc10: Cannot change mode to rwxr-xr-x: Operation not permitted
build	Cache Android SDK	2026-06-06T12:22:46.5393267Z /usr/bin/tar: ../../../../../usr/local/lib/android/sdk/platforms/android-35/data/res/values-mcc310-mnc310-ru: Cannot utime: Operation not permitted
build	Cache Android SDK	2026-06-06T12:22:46.5394205Z /usr/bin/tar: ../../../../../usr/local/lib/android/sdk/platforms/android-35/data/res/values-mcc310-mnc310-ru: Cannot change mode to rwxr-xr-x: Operation not permitted
build	Cache Android SDK	2026-06-06T12:22:46.5396382Z /usr/bin/tar: ../../../../../usr/local/lib/android/sdk/platforms/android-35/data/res/values-mcc310-mnc240-sk: Cannot utime: Operation not permitted
build	Cache Android SDK	2026-06-06T12:22:46.5397309Z /usr/bin/tar: ../../../../../usr/local/lib/android/sdk/platforms/android-35/data/res/values-mcc310-mnc240-sk: Cannot change mode to rwxr-xr-x: Operation not permitted
build	Cache Android SDK	2026-06-06T12:22:46.5399589Z /usr/bin/tar: ../../../../../usr/local/lib/android/sdk/platforms/android-35/data/res/values-mcc310-mnc210-fa: Cannot utime: Operation not permitted
build	Cache Android SDK	2026-06-06T12:22:46.5400512Z /usr/bin/tar: ../../../../../usr/local/lib/android/sdk/platforms/android-35/data/res/values-mcc310-mnc210-fa: Cannot change mode to rwxr-xr-x: Operation not permitted
build	Cache Android SDK	2026-06-06T12:22:46.5402607Z /usr/bin/tar: ../../../../../usr/local/lib/android/sdk/platforms/android-35/data/res/values-mcc310-mnc200-et: Cannot utime: Operation not permitted
build	Cache Android SDK	2026-06-06T12:22:46.5403513Z /usr/bin/tar: ../../../../../usr/local/lib/android/sdk/platforms/android-35/data/res/values-mcc310-mnc200-et: Cannot change mode to rwxr-xr-x: Operation not permitted
build	Cache Android SDK	2026-06-06T12:22:46.5408872Z /usr/bin/tar: ../../../../../usr/local/lib/android/sdk/platforms/android-35/data/res/values-ko: Cannot utime: Operation not permitted
build	Cache Android SDK	2026-06-06T12:22:46.5411669Z /usr/bin/tar: ../../../../../usr/local/lib/android/sdk/platforms/android-35/data/res/values-ko: Cannot change mode to rwxr-xr-x: Operation not permitted
build	Cache Android SDK	2026-06-06T12:22:46.5412559Z /usr/bin/tar: ../../../../../usr/local/lib/android/sdk/platforms/android-35/data/res/values-en-rAU-television: Cannot utime: Operation not permitted
build	Cache Android SDK	2026-06-06T12:22:46.5414032Z /usr/bin/tar: ../../../../../usr/local/lib/android/sdk/platforms/android-35/data/res/values-en-rAU-television: Cannot change mode to rwxr-xr-x: Operation not permitted
build	Cache Android SDK	2026-06-06T12:22:46.5415634Z /usr/bin/tar: ../../../../../usr/local/lib/android/sdk/platforms/android-35/data/res/values-hy-watch: Cannot utime: Operation not permitted
build	Cache Android SDK	2026-06-06T12:22:46.5416566Z /usr/bin/tar: ../../../../../usr/local/lib/android/sdk/platforms/android-35/data/res/values-hy-watch: Cannot change mode to rwxr-xr-x: Operation not permitted
build	Cache Android SDK	2026-06-06T12:22:46.5421506Z /usr/bin/tar: ../../../../../usr/local/lib/android/sdk/platforms/android-35/data/res/values-mcc311-mnc180-kn: Cannot utime: Operation not permitted
build	Cache Android SDK	2026-06-06T12:22:46.5423253Z /usr/bin/tar: ../../../../../usr/local/lib/android/sdk/platforms/android-35/data/res/values-mcc311-mnc180-kn: Cannot change mode to rwxr-xr-x: Operation not permitted
build	Cache Android SDK	2026-06-06T12:22:46.5453374Z /usr/bin/tar: ../../../../../usr/local/lib/android/sdk/platforms/android-35/data/res/values-mcc310-mnc210-pl: Cannot utime: Operation not permitted
build	Cache Android SDK	2026-06-06T12:22:46.5478800Z /usr/bin/tar: ../../../../../usr/local/lib/android/sdk/platforms/android-35/data/res/values-mcc310-mnc210-pl: Cannot change mode to rwxr-xr-x: Operation not permitted
build	Cache Android SDK	2026-06-06T12:22:46.5505029Z /usr/bin/tar: ../../../../../usr/local/lib/android/sdk/platforms/android-35/data/res/values-mcc310-mnc230-is: Cannot utime: Operation not permitted
build	Cache Android SDK	2026-06-06T12:22:46.5507325Z /usr/bin/tar: ../../../../../usr/local/lib/android/sdk/platforms/android-35/data/res/values-mcc310-mnc230-is: Cannot change mode to rwxr-xr-x: Operation not permitted
build	Cache Android SDK	2026-06-06T12:22:46.5509192Z /usr/bin/tar: ../../../../../usr/local/lib/android/sdk/platforms/android-35/data/res/values-mcc712-mnc04: Cannot utime: Operation not permitted
build	Cache Android SDK	2026-06-06T12:22:46.5510852Z /usr/bin/tar: ../../../../../usr/local/lib/android/sdk/platforms/android-35/data/res/values-mcc712-mnc04: Cannot change mode to rwxr-xr-x: Operation not permitted
build	Cache Android SDK	2026-06-06T12:22:46.5512503Z /usr/bin/tar: ../../../../../usr/local/lib/android/sdk/platforms/android-35/data/res/values-mcc310-mnc490-ur: Cannot utime: Operation not permitted
build	Cache Android SDK	2026-06-06T12:22:46.5514183Z /usr/bin/tar: ../../../../../usr/local/lib/android/sdk/platforms/android-35/data/res/values-mcc310-mnc490-ur: Cannot change mode to rwxr-xr-x: Operation not permitted
build	Cache Android SDK	2026-06-06T12:22:46.5515766Z /usr/bin/tar: ../../../../../usr/local/lib/android/sdk/platforms/android-35/data/res/values-mcc311-mnc180-sl: Cannot utime: Operation not permitted
build	Cache Android SDK	2026-06-06T12:22:46.5517604Z /usr/bin/tar: ../../../../../usr/local/lib/android/sdk/platforms/android-35/data/res/values-mcc311-mnc180-sl: Cannot change mode to rwxr-xr-x: Operation not permitted
build	Cache Android SDK	2026-06-06T12:22:46.5519086Z /usr/bin/tar: ../../../../../usr/local/lib/android/sdk/platforms/android-35/data/res/values-mcc310-mnc170-mk: Cannot utime: Operation not permitted
build	Cache Android SDK	2026-06-06T12:22:46.5520589Z /usr/bin/tar: ../../../../../usr/local/lib/android/sdk/platforms/android-35/data/res/values-mcc310-mnc170-mk: Cannot change mode to rwxr-xr-x: Operation not permitted
build	Cache Android SDK	2026-06-06T12:22:46.5522578Z /usr/bin/tar: ../../../../../usr/local/lib/android/sdk/platforms/android-35/data/res/values-mcc310-mnc950-th: Cannot utime: Operation not permitted
build	Cache Android SDK	2026-06-06T12:22:46.5524304Z /usr/bin/tar: ../../../../../usr/local/lib/android/sdk/platforms/android-35/data/res/values-mcc310-mnc950-th: Cannot change mode to rwxr-xr-x: Operation not permitted
build	Cache Android SDK	2026-06-06T12:22:46.5526046Z /usr/bin/tar: ../../../../../usr/local/lib/android/sdk/platforms/android-35/data/res/values-mcc310-mnc660-nb: Cannot utime: Operation not permitted
build	Cache Android SDK	2026-06-06T12:22:46.5527861Z /usr/bin/tar: ../../../../../usr/local/lib/android/sdk/platforms/android-35/data/res/values-mcc310-mnc660-nb: Cannot change mode to rwxr-xr-x: Operation not permitted
build	Cache Android SDK	2026-06-06T12:22:46.5529568Z /usr/bin/tar: ../../../../../usr/local/lib/android/sdk/platforms/android-35/data/res/values-mcc310-mnc030-pa: Cannot utime: Operation not permitted
build	Cache Android SDK	2026-06-06T12:22:46.5531423Z /usr/bin/tar: ../../../../../usr/local/lib/android/sdk/platforms/android-35/data/res/values-mcc310-mnc030-pa: Cannot change mode to rwxr-xr-x: Operation not permitted
build	Cache Android SDK	2026-06-06T12:22:46.5533151Z /usr/bin/tar: ../../../../../usr/local/lib/android/sdk/platforms/android-35/data/res/values-gu-watch: Cannot utime: Operation not permitted
build	Cache Android SDK	2026-06-06T12:22:46.5534766Z /usr/bin/tar: ../../../../../usr/local/lib/android/sdk/platforms/android-35/data/res/values-gu-watch: Cannot change mode to rwxr-xr-x: Operation not permitted
build	Cache Android SDK	2026-06-06T12:22:46.5536408Z /usr/bin/tar: ../../../../../usr/local/lib/android/sdk/platforms/android-35/data/res/values-mcc310-mnc660-si: Cannot utime: Operation not permitted
build	Cache Android SDK	2026-06-06T12:22:46.5538197Z /usr/bin/tar: ../../../../../usr/local/lib/android/sdk/platforms/android-35/data/res/values-mcc310-mnc660-si: Cannot change mode to rwxr-xr-x: Operation not permitted
build	Cache Android SDK	2026-06-06T12:22:46.5539981Z /usr/bin/tar: ../../../../../usr/local/lib/android/sdk/platforms/android-35/data/res/values-mcc310-mnc380-eu: Cannot utime: Operation not permitted
build	Cache Android SDK	2026-06-06T12:22:46.5540957Z /usr/bin/tar: ../../../../../usr/local/lib/android/sdk/platforms/android-35/data/res/values-mcc310-mnc380-eu: Cannot change mode to rwxr-xr-x: Operation not permitted
build	Cache Android SDK	2026-06-06T12:22:46.5542339Z /usr/bin/tar: ../../../../../usr/local/lib/android/sdk/platforms/android-35/data/res/values-mcc334-mnc020-pa: Cannot utime: Operation not permitted
build	Cache Android SDK	2026-06-06T12:22:46.5543805Z /usr/bin/tar: ../../../../../usr/local/lib/android/sdk/platforms/android-35/data/res/values-mcc334-mnc020-pa: Cannot change mode to rwxr-xr-x: Operation not permitted
build	Cache Android SDK	2026-06-06T12:22:46.5544726Z /usr/bin/tar: ../../../../../usr/local/lib/android/sdk/platforms/android-35/data/res/values-mcc310-mnc560-fr: Cannot utime: Operation not permitted
build	Cache Android SDK	2026-06-06T12:22:46.5545994Z /usr/bin/tar: ../../../../../usr/local/lib/android/sdk/platforms/android-35/data/res/values-mcc310-mnc560-fr: Cannot change mode to rwxr-xr-x: Operation not permitted
build	Cache Android SDK	2026-06-06T12:22:46.5547521Z /usr/bin/tar: ../../../../../usr/local/lib/android/sdk/platforms/android-35/data/res/values-mcc334-mnc020-pt-rBR: Cannot utime: Operation not permitted
build	Cache Android SDK	2026-06-06T12:22:46.5548843Z /usr/bin/tar: ../../../../../usr/local/lib/android/sdk/platforms/android-35/data/res/values-mcc334-mnc020-pt-rBR: Cannot change mode to rwxr-xr-x: Operation not permitted
build	Cache Android SDK	2026-06-06T12:22:46.5549782Z /usr/bin/tar: ../../../../../usr/local/lib/android/sdk/platforms/android-35/data/res/values-mcc313-mnc100-ur: Cannot utime: Operation not permitted
build	Cache Android SDK	2026-06-06T12:22:46.5550785Z /usr/bin/tar: ../../../../../usr/local/lib/android/sdk/platforms/android-35/data/res/values-mcc313-mnc100-ur: Cannot change mode to rwxr-xr-x: Operation not permitted
build	Cache Android SDK	2026-06-06T12:22:46.5552468Z /usr/bin/tar: ../../../../../usr/local/lib/android/sdk/platforms/android-35/data/res/values-mcc310-mnc230-ml: Cannot utime: Operation not permitted
build	Cache Android SDK	2026-06-06T12:22:46.5554282Z /usr/bin/tar: ../../../../../usr/local/lib/android/sdk/platforms/android-35/data/res/values-mcc310-mnc230-ml: Cannot change mode to rwxr-xr-x: Operation not permitted
build	Cache Android SDK	2026-06-06T12:22:46.5556159Z /usr/bin/tar: ../../../../../usr/local/lib/android/sdk/platforms/android-35/data/res/values-sr-rRS: Cannot utime: Operation not permitted
build	Cache Android SDK	2026-06-06T12:22:46.5557241Z /usr/bin/tar: ../../../../../usr/local/lib/android/sdk/platforms/android-35/data/res/values-sr-rRS: Cannot change mode to rwxr-xr-x: Operation not permitted
build	Cache Android SDK	2026-06-06T12:22:46.5558332Z /usr/bin/tar: ../../../../../usr/local/lib/android/sdk/platforms/android-35/data/res/values-mcc310-mnc160-cs: Cannot utime: Operation not permitted
build	Cache Android SDK	2026-06-06T12:22:46.5559236Z /usr/bin/tar: ../../../../../usr/local/lib/android/sdk/platforms/android-35/data/res/values-mcc310-mnc160-cs: Cannot change mode to rwxr-xr-x: Operation not permitted
build	Cache Android SDK	2026-06-06T12:22:46.5560299Z /usr/bin/tar: ../../../../../usr/local/lib/android/sdk/platforms/android-35/data/res/values-mcc240-mnc01: Cannot utime: Operation not permitted
build	Cache Android SDK	2026-06-06T12:22:46.5561418Z /usr/bin/tar: ../../../../../usr/local/lib/android/sdk/platforms/android-35/data/res/values-mcc240-mnc01: Cannot change mode to rwxr-xr-x: Operation not permitted
build	Cache Android SDK	2026-06-06T12:22:46.5562471Z /usr/bin/tar: ../../../../../usr/local/lib/android/sdk/platforms/android-35/data/res/values-mcc310-mnc800-fr: Cannot utime: Operation not permitted
build	Cache Android SDK	2026-06-06T12:22:46.5563619Z /usr/bin/tar: ../../../../../usr/local/lib/android/sdk/platforms/android-35/data/res/values-mcc310-mnc800-fr: Cannot change mode to rwxr-xr-x: Operation not permitted
build	Cache Android SDK	2026-06-06T12:22:46.5564723Z /usr/bin/tar: ../../../../../usr/local/lib/android/sdk/platforms/android-35/data/res/values-mcc310-mnc490-pt-rPT: Cannot utime: Operation not permitted
build	Cache Android SDK	2026-06-06T12:22:46.5565679Z /usr/bin/tar: ../../../../../usr/local/lib/android/sdk/platforms/android-35/data/res/values-mcc310-mnc490-pt-rPT: Cannot change mode to rwxr-xr-x: Operation not permitted
build	Cache Android SDK	2026-06-06T12:22:46.5566991Z /usr/bin/tar: ../../../../../usr/local/lib/android/sdk/platforms/android-35/data/res/values-mcc310-mnc160-bn: Cannot utime: Operation not permitted
build	Cache Android SDK	2026-06-06T12:22:46.5568108Z /usr/bin/tar: ../../../../../usr/local/lib/android/sdk/platforms/android-35/data/res/values-mcc310-mnc160-bn: Cannot change mode to rwxr-xr-x: Operation not permitted
build	Cache Android SDK	2026-06-06T12:22:46.5568973Z /usr/bin/tar: ../../../../../usr/local/lib/android/sdk/platforms/android-35/data/res/values-in: Cannot utime: Operation not permitted
build	Cache Android SDK	2026-06-06T12:22:46.5569797Z /usr/bin/tar: ../../../../../usr/local/lib/android/sdk/platforms/android-35/data/res/values-in: Cannot change mode to rwxr-xr-x: Operation not permitted
build	Cache Android SDK	2026-06-06T12:22:46.5571332Z /usr/bin/tar: ../../../../../usr/local/lib/android/sdk/platforms/android-35/data/res/values-mcc310-mnc220-kn: Cannot utime: Operation not permitted
build	Cache Android SDK	2026-06-06T12:22:46.5573113Z /usr/bin/tar: ../../../../../usr/local/lib/android/sdk/platforms/android-35/data/res/values-mcc310-mnc220-kn: Cannot change mode to rwxr-xr-x: Operation not permitted
build	Cache Android SDK	2026-06-06T12:22:46.5574864Z /usr/bin/tar: ../../../../../usr/local/lib/android/sdk/platforms/android-35/data/res/values-mcc214: Cannot utime: Operation not permitted
build	Cache Android SDK	2026-06-06T12:22:46.5576105Z /usr/bin/tar: ../../../../../usr/local/lib/android/sdk/platforms/android-35/data/res/values-mcc214: Cannot change mode to rwxr-xr-x: Operation not permitted
build	Cache Android SDK	2026-06-06T12:22:46.5577055Z /usr/bin/tar: ../../../../../usr/local/lib/android/sdk/platforms/android-35/data/res/values-mcc310-mnc660-zh-rTW: Cannot utime: Operation not permitted
build	Cache Android SDK	2026-06-06T12:22:46.5578081Z /usr/bin/tar: ../../../../../usr/local/lib/android/sdk/platforms/android-35/data/res/values-mcc310-mnc660-zh-rTW: Cannot change mode to rwxr-xr-x: Operation not permitted
build	Cache Android SDK	2026-06-06T12:22:46.5579047Z /usr/bin/tar: ../../../../../usr/local/lib/android/sdk/platforms/android-35/data/res/values-is-television: Cannot utime: Operation not permitted
build	Cache Android SDK	2026-06-06T12:22:46.5580078Z /usr/bin/tar: ../../../../../usr/local/lib/android/sdk/platforms/android-35/data/res/values-is-television: Cannot change mode to rwxr-xr-x: Operation not permitted
build	Cache Android SDK	2026-06-06T12:22:46.5581061Z /usr/bin/tar: ../../../../../usr/local/lib/android/sdk/platforms/android-35/data/res/values-en-rIN: Cannot utime: Operation not permitted
build	Cache Android SDK	2026-06-06T12:22:46.5582045Z /usr/bin/tar: ../../../../../usr/local/lib/android/sdk/platforms/android-35/data/res/values-en-rIN: Cannot change mode to rwxr-xr-x: Operation not permitted
build	Cache Android SDK	2026-06-06T12:22:46.5583201Z /usr/bin/tar: ../../../../../usr/local/lib/android/sdk/platforms/android-35/data/res/values-sw-watch: Cannot utime: Operation not permitted
build	Cache Android SDK	2026-06-06T12:22:46.5584062Z /usr/bin/tar: ../../../../../usr/local/lib/android/sdk/platforms/android-35/data/res/values-sw-watch: Cannot change mode to rwxr-xr-x: Operation not permitted
build	Cache Android SDK	2026-06-06T12:22:46.5585218Z /usr/bin/tar: ../../../../../usr/local/lib/android/sdk/platforms/android-35/data/res/values-mcc310-mnc270-sv: Cannot utime: Operation not permitted
build	Cache Android SDK	2026-06-06T12:22:46.5586336Z /usr/bin/tar: ../../../../../usr/local/lib/android/sdk/platforms/android-35/data/res/values-mcc310-mnc270-sv: Cannot change mode to rwxr-xr-x: Operation not permitted
build	Cache Android SDK	2026-06-06T12:22:46.5587559Z /usr/bin/tar: ../../../../../usr/local/lib/android/sdk/platforms/android-35/data/res/values-mcc310-mnc490-bg: Cannot utime: Operation not permitted
build	Cache Android SDK	2026-06-06T12:22:46.5588567Z /usr/bin/tar: ../../../../../usr/local/lib/android/sdk/platforms/android-35/data/res/values-mcc310-mnc490-bg: Cannot change mode to rwxr-xr-x: Operation not permitted
build	Cache Android SDK	2026-06-06T12:22:46.5589514Z /usr/bin/tar: ../../../../../usr/local/lib/android/sdk/platforms/android-35/data/res/values-mcc466-mnc11: Cannot utime: Operation not permitted
build	Cache Android SDK	2026-06-06T12:22:46.5590394Z /usr/bin/tar: ../../../../../usr/local/lib/android/sdk/platforms/android-35/data/res/values-mcc466-mnc11: Cannot change mode to rwxr-xr-x: Operation not permitted
build	Cache Android SDK	2026-06-06T12:22:46.5591298Z /usr/bin/tar: ../../../../../usr/local/lib/android/sdk/platforms/android-35/data/res/values-mcc310-mnc200-my: Cannot utime: Operation not permitted
build	Cache Android SDK	2026-06-06T12:22:46.5592666Z /usr/bin/tar: ../../../../../usr/local/lib/android/sdk/platforms/android-35/data/res/values-mcc310-mnc200-my: Cannot change mode to rwxr-xr-x: Operation not permitted
build	Cache Android SDK	2026-06-06T12:22:46.5593588Z /usr/bin/tar: ../../../../../usr/local/lib/android/sdk/platforms/android-35/data/res/values-mcc310-mnc210-ka: Cannot utime: Operation not permitted
build	Cache Android SDK	2026-06-06T12:22:46.5594499Z /usr/bin/tar: ../../../../../usr/local/lib/android/sdk/platforms/android-35/data/res/values-mcc310-mnc210-ka: Cannot change mode to rwxr-xr-x: Operation not permitted
build	Cache Android SDK	2026-06-06T12:22:46.5667849Z /usr/bin/tar: ../../../../../usr/local/lib/android/sdk/platforms/android-35/data/res/anim: Cannot utime: Operation not permitted
build	Cache Android SDK	2026-06-06T12:22:46.5668767Z /usr/bin/tar: ../../../../../usr/local/lib/android/sdk/platforms/android-35/data/res/anim: Cannot change mode to rwxr-xr-x: Operation not permitted
build	Cache Android SDK	2026-06-06T12:22:46.5669895Z /usr/bin/tar: ../../../../../usr/local/lib/android/sdk/platforms/android-35/data/res/values-mcc310-mnc560-sw: Cannot utime: Operation not permitted
build	Cache Android SDK	2026-06-06T12:22:46.5670847Z /usr/bin/tar: ../../../../../usr/local/lib/android/sdk/platforms/android-35/data/res/values-mcc310-mnc560-sw: Cannot change mode to rwxr-xr-x: Operation not permitted
build	Cache Android SDK	2026-06-06T12:22:46.5672700Z /usr/bin/tar: ../../../../../usr/local/lib/android/sdk/platforms/android-35/data/res/values-mcc310-mnc270-ka: Cannot utime: Operation not permitted
build	Cache Android SDK	2026-06-06T12:22:46.5673627Z /usr/bin/tar: ../../../../../usr/local/lib/android/sdk/platforms/android-35/data/res/values-mcc310-mnc270-ka: Cannot change mode to rwxr-xr-x: Operation not permitted
build	Cache Android SDK	2026-06-06T12:22:46.5675721Z /usr/bin/tar: ../../../../../usr/local/lib/android/sdk/platforms/android-35/data/res/values-mcc334-mnc020-af: Cannot utime: Operation not permitted
build	Cache Android SDK	2026-06-06T12:22:46.5677015Z /usr/bin/tar: ../../../../../usr/local/lib/android/sdk/platforms/android-35/data/res/values-mcc334-mnc020-af: Cannot change mode to rwxr-xr-x: Operation not permitted
build	Cache Android SDK	2026-06-06T12:22:46.5679424Z /usr/bin/tar: ../../../../../usr/local/lib/android/sdk/platforms/android-35/data/res/values-mcc310-mnc560-el: Cannot utime: Operation not permitted
build	Cache Android SDK	2026-06-06T12:22:46.5680351Z /usr/bin/tar: ../../../../../usr/local/lib/android/sdk/platforms/android-35/data/res/values-mcc310-mnc560-el: Cannot change mode to rwxr-xr-x: Operation not permitted
build	Cache Android SDK	2026-06-06T12:22:46.5683762Z /usr/bin/tar: ../../../../../usr/local/lib/android/sdk/platforms/android-35/data/res/layout-xlarge: Cannot utime: Operation not permitted
build	Cache Android SDK	2026-06-06T12:22:46.5684621Z /usr/bin/tar: ../../../../../usr/local/lib/android/sdk/platforms/android-35/data/res/layout-xlarge: Cannot change mode to rwxr-xr-x: Operation not permitted
build	Cache Android SDK	2026-06-06T12:22:46.5686989Z /usr/bin/tar: ../../../../../usr/local/lib/android/sdk/platforms/android-35/data/res/values-mcc001-mnc01-bn: Cannot utime: Operation not permitted
build	Cache Android SDK	2026-06-06T12:22:46.5688003Z /usr/bin/tar: ../../../../../usr/local/lib/android/sdk/platforms/android-35/data/res/values-mcc001-mnc01-bn: Cannot change mode to rwxr-xr-x: Operation not permitted
build	Cache Android SDK	2026-06-06T12:22:46.5689880Z /usr/bin/tar: ../../../../../usr/local/lib/android/sdk/platforms/android-35/data/res/values-mcc310-mnc270-zh-rCN: Cannot utime: Operation not permitted
build	Cache Android SDK	2026-06-06T12:22:46.5690908Z /usr/bin/tar: ../../../../../usr/local/lib/android/sdk/platforms/android-35/data/res/values-mcc310-mnc270-zh-rCN: Cannot change mode to rwxr-xr-x: Operation not permitted
build	Cache Android SDK	2026-06-06T12:22:46.5693356Z /usr/bin/tar: ../../../../../usr/local/lib/android/sdk/platforms/android-35/data/res/values-mcc302-mnc370-zu: Cannot utime: Operation not permitted
build	Cache Android SDK	2026-06-06T12:22:46.5695025Z /usr/bin/tar: ../../../../../usr/local/lib/android/sdk/platforms/android-35/data/res/values-mcc302-mnc370-zu: Cannot change mode to rwxr-xr-x: Operation not permitted
build	Cache Android SDK	2026-06-06T12:22:46.5696395Z /usr/bin/tar: ../../../../../usr/local/lib/android/sdk/platforms/android-35/data/res/values-mcc310-mnc210-ne: Cannot utime: Operation not permitted
build	Cache Android SDK	2026-06-06T12:22:46.5698016Z /usr/bin/tar: ../../../../../usr/local/lib/android/sdk/platforms/android-35/data/res/values-mcc310-mnc210-ne: Cannot change mode to rwxr-xr-x: Operation not permitted
build	Cache Android SDK	2026-06-06T12:22:46.5699959Z /usr/bin/tar: ../../../../../usr/local/lib/android/sdk/platforms/android-35/data/res/values-mcc302-mnc370-en-rIN: Cannot utime: Operation not permitted
build	Cache Android SDK	2026-06-06T12:22:46.5700911Z /usr/bin/tar: ../../../../../usr/local/lib/android/sdk/platforms/android-35/data/res/values-mcc302-mnc370-en-rIN: Cannot change mode to rwxr-xr-x: Operation not permitted
build	Cache Android SDK	2026-06-06T12:22:46.5702728Z /usr/bin/tar: ../../../../../usr/local/lib/android/sdk/platforms/android-35/data/res/values-ky-television: Cannot utime: Operation not permitted
build	Cache Android SDK	2026-06-06T12:22:46.5703632Z /usr/bin/tar: ../../../../../usr/local/lib/android/sdk/platforms/android-35/data/res/values-ky-television: Cannot change mode to rwxr-xr-x: Operation not permitted
build	Cache Android SDK	2026-06-06T12:22:46.5705812Z /usr/bin/tar: ../../../../../usr/local/lib/android/sdk/platforms/android-35/data/res/values-mcc310-mnc210-ms: Cannot utime: Operation not permitted
build	Cache Android SDK	2026-06-06T12:22:46.5706826Z /usr/bin/tar: ../../../../../usr/local/lib/android/sdk/platforms/android-35/data/res/values-mcc310-mnc210-ms: Cannot change mode to rwxr-xr-x: Operation not permitted
build	Cache Android SDK	2026-06-06T12:22:46.5709771Z /usr/bin/tar: ../../../../../usr/local/lib/android/sdk/platforms/android-35/data/res/values-mcc310-mnc210-hi: Cannot utime: Operation not permitted
build	Cache Android SDK	2026-06-06T12:22:46.5710677Z /usr/bin/tar: ../../../../../usr/local/lib/android/sdk/platforms/android-35/data/res/values-mcc310-mnc210-hi: Cannot change mode to rwxr-xr-x: Operation not permitted
build	Cache Android SDK	2026-06-06T12:22:46.5713932Z /usr/bin/tar: ../../../../../usr/local/lib/android/sdk/platforms/android-35/data/res/values-mcc310-mnc210-is: Cannot utime: Operation not permitted
build	Cache Android SDK	2026-06-06T12:22:46.5714837Z /usr/bin/tar: ../../../../../usr/local/lib/android/sdk/platforms/android-35/data/res/values-mcc310-mnc210-is: Cannot change mode to rwxr-xr-x: Operation not permitted
build	Cache Android SDK	2026-06-06T12:22:46.5716921Z /usr/bin/tar: ../../../../../usr/local/lib/android/sdk/platforms/android-35/data/res/values-mcc312-mnc670-tl: Cannot utime: Operation not permitted
build	Cache Android SDK	2026-06-06T12:22:46.5717943Z /usr/bin/tar: ../../../../../usr/local/lib/android/sdk/platforms/android-35/data/res/values-mcc312-mnc670-tl: Cannot change mode to rwxr-xr-x: Operation not permitted
build	Cache Android SDK	2026-06-06T12:22:46.5720003Z /usr/bin/tar: ../../../../../usr/local/lib/android/sdk/platforms/android-35/data/res/values-mcc310-mnc950-pa: Cannot utime: Operation not permitted
build	Cache Android SDK	2026-06-06T12:22:46.5721191Z /usr/bin/tar: ../../../../../usr/local/lib/android/sdk/platforms/android-35/data/res/values-mcc310-mnc950-pa: Cannot change mode to rwxr-xr-x: Operation not permitted
build	Cache Android SDK	2026-06-06T12:22:46.5723090Z /usr/bin/tar: ../../../../../usr/local/lib/android/sdk/platforms/android-35/data/res/values-mcc310-mnc660-be: Cannot utime: Operation not permitted
build	Cache Android SDK	2026-06-06T12:22:46.5723998Z /usr/bin/tar: ../../../../../usr/local/lib/android/sdk/platforms/android-35/data/res/values-mcc310-mnc660-be: Cannot change mode to rwxr-xr-x: Operation not permitted
build	Cache Android SDK	2026-06-06T12:22:46.5726417Z /usr/bin/tar: ../../../../../usr/local/lib/android/sdk/platforms/android-35/data/res/values-mcc310-mnc250-el: Cannot utime: Operation not permitted
build	Cache Android SDK	2026-06-06T12:22:46.5727489Z /usr/bin/tar: ../../../../../usr/local/lib/android/sdk/platforms/android-35/data/res/values-mcc310-mnc250-el: Cannot change mode to rwxr-xr-x: Operation not permitted
build	Cache Android SDK	2026-06-06T12:22:46.5729665Z /usr/bin/tar: ../../../../../usr/local/lib/android/sdk/platforms/android-35/data/res/values-mcc310-mnc160-az: Cannot utime: Operation not permitted
build	Cache Android SDK	2026-06-06T12:22:46.5730567Z /usr/bin/tar: ../../../../../usr/local/lib/android/sdk/platforms/android-35/data/res/values-mcc310-mnc160-az: Cannot change mode to rwxr-xr-x: Operation not permitted
build	Cache Android SDK	2026-06-06T12:22:46.5732659Z /usr/bin/tar: ../../../../../usr/local/lib/android/sdk/platforms/android-35/data/res/values-mcc312-mnc670-sl: Cannot utime: Operation not permitted
build	Cache Android SDK	2026-06-06T12:22:46.5735907Z /usr/bin/tar: ../../../../../usr/local/lib/android/sdk/platforms/android-35/data/res/values-mcc312-mnc670-sl: Cannot change mode to rwxr-xr-x: Operation not permitted
build	Cache Android SDK	2026-06-06T12:22:46.5736884Z /usr/bin/tar: ../../../../../usr/local/lib/android/sdk/platforms/android-35/data/res/values-mcc312-mnc670: Cannot utime: Operation not permitted
build	Cache Android SDK	2026-06-06T12:22:46.5737883Z /usr/bin/tar: ../../../../../usr/local/lib/android/sdk/platforms/android-35/data/res/values-mcc312-mnc670: Cannot change mode to rwxr-xr-x: Operation not permitted
build	Cache Android SDK	2026-06-06T12:22:46.5739200Z /usr/bin/tar: ../../../../../usr/local/lib/android/sdk/platforms/android-35/data/res/values-mcc310-mnc380-en-rAU: Cannot utime: Operation not permitted
build	Cache Android SDK	2026-06-06T12:22:46.5740149Z /usr/bin/tar: ../../../../../usr/local/lib/android/sdk/platforms/android-35/data/res/values-mcc310-mnc380-en-rAU: Cannot change mode to rwxr-xr-x: Operation not permitted
build	Cache Android SDK	2026-06-06T12:22:46.5742770Z /usr/bin/tar: ../../../../../usr/local/lib/android/sdk/platforms/android-35/data/res/values-mcc310-mnc200-sl: Cannot utime: Operation not permitted
build	Cache Android SDK	2026-06-06T12:22:46.5744175Z /usr/bin/tar: ../../../../../usr/local/lib/android/sdk/platforms/android-35/data/res/values-mcc310-mnc200-sl: Cannot change mode to rwxr-xr-x: Operation not permitted
build	Cache Android SDK	2026-06-06T12:22:46.5745945Z /usr/bin/tar: ../../../../../usr/local/lib/android/sdk/platforms/android-35/data/res/values-mcc310-mnc250-sk: Cannot utime: Operation not permitted
build	Cache Android SDK	2026-06-06T12:22:46.5747005Z /usr/bin/tar: ../../../../../usr/local/lib/android/sdk/platforms/android-35/data/res/values-mcc310-mnc250-sk: Cannot change mode to rwxr-xr-x: Operation not permitted
build	Cache Android SDK	2026-06-06T12:22:46.5749381Z /usr/bin/tar: ../../../../../usr/local/lib/android/sdk/platforms/android-35/data/res/values-mcc310-mnc280-en-rXC: Cannot utime: Operation not permitted
build	Cache Android SDK	2026-06-06T12:22:46.5750369Z /usr/bin/tar: ../../../../../usr/local/lib/android/sdk/platforms/android-35/data/res/values-mcc310-mnc280-en-rXC: Cannot change mode to rwxr-xr-x: Operation not permitted
build	Cache Android SDK	2026-06-06T12:22:46.5752882Z /usr/bin/tar: ../../../../../usr/local/lib/android/sdk/platforms/android-35/data/res/values-mcc310-mnc230-zh-rCN: Cannot utime: Operation not permitted
build	Cache Android SDK	2026-06-06T12:22:46.5753865Z /usr/bin/tar: ../../../../../usr/local/lib/android/sdk/platforms/android-35/data/res/values-mcc310-mnc230-zh-rCN: Cannot change mode to rwxr-xr-x: Operation not permitted
build	Cache Android SDK	2026-06-06T12:22:46.5756342Z /usr/bin/tar: ../../../../../usr/local/lib/android/sdk/platforms/android-35/data/res/values-mcc310-mnc220-sw: Cannot utime: Operation not permitted
build	Cache Android SDK	2026-06-06T12:22:46.5757287Z /usr/bin/tar: ../../../../../usr/local/lib/android/sdk/platforms/android-35/data/res/values-mcc310-mnc220-sw: Cannot change mode to rwxr-xr-x: Operation not permitted
build	Cache Android SDK	2026-06-06T12:22:46.5759803Z /usr/bin/tar: ../../../../../usr/local/lib/android/sdk/platforms/android-35/data/res/values-mcc310-mnc170-b+sr+Latn: Cannot utime: Operation not permitted
build	Cache Android SDK	2026-06-06T12:22:46.5760802Z /usr/bin/tar: ../../../../../usr/local/lib/android/sdk/platforms/android-35/data/res/values-mcc310-mnc170-b+sr+Latn: Cannot change mode to rwxr-xr-x: Operation not permitted
build	Cache Android SDK	2026-06-06T12:22:46.5763129Z /usr/bin/tar: ../../../../../usr/local/lib/android/sdk/platforms/android-35/data/res/values-sw720dp-port: Cannot utime: Operation not permitted
build	Cache Android SDK	2026-06-06T12:22:46.5764031Z /usr/bin/tar: ../../../../../usr/local/lib/android/sdk/platforms/android-35/data/res/values-sw720dp-port: Cannot change mode to rwxr-xr-x: Operation not permitted
build	Cache Android SDK	2026-06-06T12:22:46.5766261Z /usr/bin/tar: ../../../../../usr/local/lib/android/sdk/platforms/android-35/data/res/values-mcc310-mnc030-si: Cannot utime: Operation not permitted
build	Cache Android SDK	2026-06-06T12:22:46.5767183Z /usr/bin/tar: ../../../../../usr/local/lib/android/sdk/platforms/android-35/data/res/values-mcc310-mnc030-si: Cannot change mode to rwxr-xr-x: Operation not permitted
build	Cache Android SDK	2026-06-06T12:22:46.5769321Z /usr/bin/tar: ../../../../../usr/local/lib/android/sdk/platforms/android-35/data/res/values-mcc310-mnc150-is: Cannot utime: Operation not permitted
build	Cache Android SDK	2026-06-06T12:22:46.5770329Z /usr/bin/tar: ../../../../../usr/local/lib/android/sdk/platforms/android-35/data/res/values-mcc310-mnc150-is: Cannot change mode to rwxr-xr-x: Operation not permitted
build	Cache Android SDK	2026-06-06T12:22:46.5772699Z /usr/bin/tar: ../../../../../usr/local/lib/android/sdk/platforms/android-35/data/res/values-mcc310-mnc030-tl: Cannot utime: Operation not permitted
build	Cache Android SDK	2026-06-06T12:22:46.5773654Z /usr/bin/tar: ../../../../../usr/local/lib/android/sdk/platforms/android-35/data/res/values-mcc310-mnc030-tl: Cannot change mode to rwxr-xr-x: Operation not permitted
build	Cache Android SDK	2026-06-06T12:22:46.5775553Z /usr/bin/tar: ../../../../../usr/local/lib/android/sdk/platforms/android-35/data/res/values-mcc310-mnc490-af: Cannot utime: Operation not permitted
build	Cache Android SDK	2026-06-06T12:22:46.5776494Z /usr/bin/tar: ../../../../../usr/local/lib/android/sdk/platforms/android-35/data/res/values-mcc310-mnc490-af: Cannot change mode to rwxr-xr-x: Operation not permitted
build	Cache Android SDK	2026-06-06T12:22:46.5779224Z /usr/bin/tar: ../../../../../usr/local/lib/android/sdk/platforms/android-35/data/res/values-mcc313-mnc100-el: Cannot utime: Operation not permitted
build	Cache Android SDK	2026-06-06T12:22:46.5780148Z /usr/bin/tar: ../../../../../usr/local/lib/android/sdk/platforms/android-35/data/res/values-mcc313-mnc100-el: Cannot change mode to rwxr-xr-x: Operation not permitted
build	Cache Android SDK	2026-06-06T12:22:46.5783282Z /usr/bin/tar: ../../../../../usr/local/lib/android/sdk/platforms/android-35/data/res/values-mcc310-mnc220-pt-rBR: Cannot utime: Operation not permitted
build	Cache Android SDK	2026-06-06T12:22:46.5784235Z /usr/bin/tar: ../../../../../usr/local/lib/android/sdk/platforms/android-35/data/res/values-mcc310-mnc220-pt-rBR: Cannot change mode to rwxr-xr-x: Operation not permitted
build	Cache Android SDK	2026-06-06T12:22:46.5786482Z /usr/bin/tar: ../../../../../usr/local/lib/android/sdk/platforms/android-35/data/res/values-mcc310-mnc240-te: Cannot utime: Operation not permitted
build	Cache Android SDK	2026-06-06T12:22:46.5787491Z /usr/bin/tar: ../../../../../usr/local/lib/android/sdk/platforms/android-35/data/res/values-mcc310-mnc240-te: Cannot change mode to rwxr-xr-x: Operation not permitted
build	Cache Android SDK	2026-06-06T12:22:46.5790860Z /usr/bin/tar: ../../../../../usr/local/lib/android/sdk/platforms/android-35/data/res/values-mcc334-mnc020-es-rUS: Cannot utime: Operation not permitted
build	Cache Android SDK	2026-06-06T12:22:46.5791829Z /usr/bin/tar: ../../../../../usr/local/lib/android/sdk/platforms/android-35/data/res/values-mcc334-mnc020-es-rUS: Cannot change mode to rwxr-xr-x: Operation not permitted
build	Cache Android SDK	2026-06-06T12:22:46.5795874Z /usr/bin/tar: ../../../../../usr/local/lib/android/sdk/platforms/android-35/data/res/values-mcc302-mnc370-en-rCA: Cannot utime: Operation not permitted
build	Cache Android SDK	2026-06-06T12:22:46.5796963Z /usr/bin/tar: ../../../../../usr/local/lib/android/sdk/platforms/android-35/data/res/values-mcc302-mnc370-en-rCA: Cannot change mode to rwxr-xr-x: Operation not permitted
build	Cache Android SDK	2026-06-06T12:22:46.5800005Z /usr/bin/tar: ../../../../../usr/local/lib/android/sdk/platforms/android-35/data/res/values-mcc310-mnc170-pl: Cannot utime: Operation not permitted
build	Cache Android SDK	2026-06-06T12:22:46.5800972Z /usr/bin/tar: ../../../../../usr/local/lib/android/sdk/platforms/android-35/data/res/values-mcc310-mnc170-pl: Cannot change mode to rwxr-xr-x: Operation not permitted
build	Cache Android SDK	2026-06-06T12:22:46.5803913Z /usr/bin/tar: ../../../../../usr/local/lib/android/sdk/platforms/android-35/data/res/values-be-watch: Cannot utime: Operation not permitted
build	Cache Android SDK	2026-06-06T12:22:46.5804869Z /usr/bin/tar: ../../../../../usr/local/lib/android/sdk/platforms/android-35/data/res/values-be-watch: Cannot change mode to rwxr-xr-x: Operation not permitted
build	Cache Android SDK	2026-06-06T12:22:46.5812084Z /usr/bin/tar: ../../../../../usr/local/lib/android/sdk/platforms/android-35/data/res/values-fi-television: Cannot utime: Operation not permitted
build	Cache Android SDK	2026-06-06T12:22:46.5813262Z /usr/bin/tar: ../../../../../usr/local/lib/android/sdk/platforms/android-35/data/res/values-fi-television: Cannot change mode to rwxr-xr-x: Operation not permitted
build	Cache Android SDK	2026-06-06T12:22:46.5815728Z /usr/bin/tar: ../../../../../usr/local/lib/android/sdk/platforms/android-35/data/res/values-mcc310-mnc800-pt-rPT: Cannot utime: Operation not permitted
build	Cache Android SDK	2026-06-06T12:22:46.5816843Z /usr/bin/tar: ../../../../../usr/local/lib/android/sdk/platforms/android-35/data/res/values-mcc310-mnc800-pt-rPT: Cannot change mode to rwxr-xr-x: Operation not permitted
build	Cache Android SDK	2026-06-06T12:22:46.5819253Z /usr/bin/tar: ../../../../../usr/local/lib/android/sdk/platforms/android-35/data/res/values-mcc310-mnc490-hi: Cannot utime: Operation not permitted
build	Cache Android SDK	2026-06-06T12:22:46.5820183Z /usr/bin/tar: ../../../../../usr/local/lib/android/sdk/platforms/android-35/data/res/values-mcc310-mnc490-hi: Cannot change mode to rwxr-xr-x: Operation not permitted
build	Cache Android SDK	2026-06-06T12:22:46.5822319Z /usr/bin/tar: ../../../../../usr/local/lib/android/sdk/platforms/android-35/data/res/values-mcc001-mnc01-hu: Cannot utime: Operation not permitted
build	Cache Android SDK	2026-06-06T12:22:46.5823234Z /usr/bin/tar: ../../../../../usr/local/lib/android/sdk/platforms/android-35/data/res/values-mcc001-mnc01-hu: Cannot change mode to rwxr-xr-x: Operation not permitted
build	Cache Android SDK	2026-06-06T12:22:46.5827501Z /usr/bin/tar: ../../../../../usr/local/lib/android/sdk/platforms/android-35/data/res/values-mcc724: Cannot utime: Operation not permitted
build	Cache Android SDK	2026-06-06T12:22:46.5828468Z /usr/bin/tar: ../../../../../usr/local/lib/android/sdk/platforms/android-35/data/res/values-mcc724: Cannot change mode to rwxr-xr-x: Operation not permitted
build	Cache Android SDK	2026-06-06T12:22:46.5830572Z /usr/bin/tar: ../../../../../usr/local/lib/android/sdk/platforms/android-35/data/res/values-mcc310-mnc310-ar: Cannot utime: Operation not permitted
build	Cache Android SDK	2026-06-06T12:22:46.5831506Z /usr/bin/tar: ../../../../../usr/local/lib/android/sdk/platforms/android-35/data/res/values-mcc310-mnc310-ar: Cannot change mode to rwxr-xr-x: Operation not permitted
build	Cache Android SDK	2026-06-06T12:22:46.5833810Z /usr/bin/tar: ../../../../../usr/local/lib/android/sdk/platforms/android-35/data/res/values-mcc310-mnc310-tr: Cannot utime: Operation not permitted
build	Cache Android SDK	2026-06-06T12:22:46.5834838Z /usr/bin/tar: ../../../../../usr/local/lib/android/sdk/platforms/android-35/data/res/values-mcc310-mnc310-tr: Cannot change mode to rwxr-xr-x: Operation not permitted
build	Cache Android SDK	2026-06-06T12:22:46.5837069Z /usr/bin/tar: ../../../../../usr/local/lib/android/sdk/platforms/android-35/data/res/values-mcc310-mnc410-sr: Cannot utime: Operation not permitted
build	Cache Android SDK	2026-06-06T12:22:46.5838259Z /usr/bin/tar: ../../../../../usr/local/lib/android/sdk/platforms/android-35/data/res/values-mcc310-mnc410-sr: Cannot change mode to rwxr-xr-x: Operation not permitted
build	Cache Android SDK	2026-06-06T12:22:46.5843190Z /usr/bin/tar: ../../../../../usr/local/lib/android/sdk/platforms/android-35/data/res/values-mcc310-mnc250-fa: Cannot utime: Operation not permitted
build	Cache Android SDK	2026-06-06T12:22:46.5844107Z /usr/bin/tar: ../../../../../usr/local/lib/android/sdk/platforms/android-35/data/res/values-mcc310-mnc250-fa: Cannot change mode to rwxr-xr-x: Operation not permitted
build	Cache Android SDK	2026-06-06T12:22:46.5846917Z /usr/bin/tar: ../../../../../usr/local/lib/android/sdk/platforms/android-35/data/res/values-mcc310-mnc660-pt: Cannot utime: Operation not permitted
build	Cache Android SDK	2026-06-06T12:22:46.5848403Z /usr/bin/tar: ../../../../../usr/local/lib/android/sdk/platforms/android-35/data/res/values-mcc310-mnc660-pt: Cannot change mode to rwxr-xr-x: Operation not permitted
build	Cache Android SDK	2026-06-06T12:22:46.5854536Z /usr/bin/tar: ../../../../../usr/local/lib/android/sdk/platforms/android-35/data/res/values-am: Cannot utime: Operation not permitted
build	Cache Android SDK	2026-06-06T12:22:46.5855402Z /usr/bin/tar: ../../../../../usr/local/lib/android/sdk/platforms/android-35/data/res/values-am: Cannot change mode to rwxr-xr-x: Operation not permitted
build	Cache Android SDK	2026-06-06T12:22:46.5857720Z /usr/bin/tar: ../../../../../usr/local/lib/android/sdk/platforms/android-35/data/res/values-mcc310-mnc030-be: Cannot utime: Operation not permitted
build	Cache Android SDK	2026-06-06T12:22:46.5858658Z /usr/bin/tar: ../../../../../usr/local/lib/android/sdk/platforms/android-35/data/res/values-mcc310-mnc030-be: Cannot change mode to rwxr-xr-x: Operation not permitted
build	Cache Android SDK	2026-06-06T12:22:46.5861031Z /usr/bin/tar: ../../../../../usr/local/lib/android/sdk/platforms/android-35/data/res/values-mcc310-mnc950-si: Cannot utime: Operation not permitted
build	Cache Android SDK	2026-06-06T12:22:46.5862073Z /usr/bin/tar: ../../../../../usr/local/lib/android/sdk/platforms/android-35/data/res/values-mcc310-mnc950-si: Cannot change mode to rwxr-xr-x: Operation not permitted
build	Cache Android SDK	2026-06-06T12:22:46.5865157Z /usr/bin/tar: ../../../../../usr/local/lib/android/sdk/platforms/android-35/data/res/values-mcc310-mnc270-eu: Cannot utime: Operation not permitted
build	Cache Android SDK	2026-06-06T12:22:46.5866062Z /usr/bin/tar: ../../../../../usr/local/lib/android/sdk/platforms/android-35/data/res/values-mcc310-mnc270-eu: Cannot change mode to rwxr-xr-x: Operation not permitted
build	Cache Android SDK	2026-06-06T12:22:46.5868565Z /usr/bin/tar: ../../../../../usr/local/lib/android/sdk/platforms/android-35/data/res/values-mcc310-mnc220-si: Cannot utime: Operation not permitted
build	Cache Android SDK	2026-06-06T12:22:46.5869472Z /usr/bin/tar: ../../../../../usr/local/lib/android/sdk/platforms/android-35/data/res/values-mcc310-mnc220-si: Cannot change mode to rwxr-xr-x: Operation not permitted
build	Cache Android SDK	2026-06-06T12:22:46.5871573Z /usr/bin/tar: ../../../../../usr/local/lib/android/sdk/platforms/android-35/data/res/values-mcc313-mnc100-uk: Cannot utime: Operation not permitted
build	Cache Android SDK	2026-06-06T12:22:46.5872492Z /usr/bin/tar: ../../../../../usr/local/lib/android/sdk/platforms/android-35/data/res/values-mcc313-mnc100-uk: Cannot change mode to rwxr-xr-x: Operation not permitted
build	Cache Android SDK	2026-06-06T12:22:46.5874538Z /usr/bin/tar: ../../../../../usr/local/lib/android/sdk/platforms/android-35/data/res/values-mcc311-mnc180-bs: Cannot utime: Operation not permitted
build	Cache Android SDK	2026-06-06T12:22:46.5875455Z /usr/bin/tar: ../../../../../usr/local/lib/android/sdk/platforms/android-35/data/res/values-mcc311-mnc180-bs: Cannot change mode to rwxr-xr-x: Operation not permitted
build	Cache Android SDK	2026-06-06T12:22:46.5881209Z /usr/bin/tar: ../../../../../usr/local/lib/android/sdk/platforms/android-35/data/res/values-nb: Cannot utime: Operation not permitted
build	Cache Android SDK	2026-06-06T12:22:46.5882163Z /usr/bin/tar: ../../../../../usr/local/lib/android/sdk/platforms/android-35/data/res/values-nb: Cannot change mode to rwxr-xr-x: Operation not permitted
build	Cache Android SDK	2026-06-06T12:22:46.5883725Z /usr/bin/tar: ../../../../../usr/local/lib/android/sdk/platforms/android-35/data/res/values-mcc310-mnc250-gl: Cannot utime: Operation not permitted
build	Cache Android SDK	2026-06-06T12:22:46.5884763Z /usr/bin/tar: ../../../../../usr/local/lib/android/sdk/platforms/android-35/data/res/values-mcc310-mnc250-gl: Cannot change mode to rwxr-xr-x: Operation not permitted
build	Cache Android SDK	2026-06-06T12:22:46.5888560Z /usr/bin/tar: ../../../../../usr/local/lib/android/sdk/platforms/android-35/data/res/values-mcc310-mnc270-en-rIN: Cannot utime: Operation not permitted
build	Cache Android SDK	2026-06-06T12:22:46.5889610Z /usr/bin/tar: ../../../../../usr/local/lib/android/sdk/platforms/android-35/data/res/values-mcc310-mnc270-en-rIN: Cannot change mode to rwxr-xr-x: Operation not permitted
build	Cache Android SDK	2026-06-06T12:22:46.5890781Z /usr/bin/tar: ../../../../../usr/local/lib/android/sdk/platforms/android-35/data/res/raw-cs: Cannot utime: Operation not permitted
build	Cache Android SDK	2026-06-06T12:22:46.5891591Z /usr/bin/tar: ../../../../../usr/local/lib/android/sdk/platforms/android-35/data/res/raw-cs: Cannot change mode to rwxr-xr-x: Operation not permitted
build	Cache Android SDK	2026-06-06T12:22:46.5894025Z /usr/bin/tar: ../../../../../usr/local/lib/android/sdk/platforms/android-35/data/res/values-mcc310-mnc160-mr: Cannot utime: Operation not permitted
build	Cache Android SDK	2026-06-06T12:22:46.5895015Z /usr/bin/tar: ../../../../../usr/local/lib/android/sdk/platforms/android-35/data/res/values-mcc310-mnc160-mr: Cannot change mode to rwxr-xr-x: Operation not permitted
build	Cache Android SDK	2026-06-06T12:22:46.5898225Z /usr/bin/tar: ../../../../../usr/local/lib/android/sdk/platforms/android-35/data/res/values-mcc302-mnc370-en-rGB: Cannot utime: Operation not permitted
build	Cache Android SDK	2026-06-06T12:22:46.5899176Z /usr/bin/tar: ../../../../../usr/local/lib/android/sdk/platforms/android-35/data/res/values-mcc302-mnc370-en-rGB: Cannot change mode to rwxr-xr-x: Operation not permitted
build	Cache Android SDK	2026-06-06T12:22:46.5901203Z /usr/bin/tar: ../../../../../usr/local/lib/android/sdk/platforms/android-35/data/res/values-mcc310-mnc490-pt-rBR: Cannot utime: Operation not permitted
build	Cache Android SDK	2026-06-06T12:22:46.5902211Z /usr/bin/tar: ../../../../../usr/local/lib/android/sdk/platforms/android-35/data/res/values-mcc310-mnc490-pt-rBR: Cannot change mode to rwxr-xr-x: Operation not permitted
build	Cache Android SDK	2026-06-06T12:22:46.5904002Z /usr/bin/tar: ../../../../../usr/local/lib/android/sdk/platforms/android-35/data/res/values-mcc311-mnc180-ur: Cannot utime: Operation not permitted
build	Cache Android SDK	2026-06-06T12:22:46.5904928Z /usr/bin/tar: ../../../../../usr/local/lib/android/sdk/platforms/android-35/data/res/values-mcc311-mnc180-ur: Cannot change mode to rwxr-xr-x: Operation not permitted
build	Cache Android SDK	2026-06-06T12:22:46.5906900Z /usr/bin/tar: ../../../../../usr/local/lib/android/sdk/platforms/android-35/data/res/values-mcc334-mnc020-te: Cannot utime: Operation not permitted
build	Cache Android SDK	2026-06-06T12:22:46.5907954Z /usr/bin/tar: ../../../../../usr/local/lib/android/sdk/platforms/android-35/data/res/values-mcc334-mnc020-te: Cannot change mode to rwxr-xr-x: Operation not permitted
build	Cache Android SDK	2026-06-06T12:22:46.5909881Z /usr/bin/tar: ../../../../../usr/local/lib/android/sdk/platforms/android-35/data/res/values-mcc312-mnc670-ky: Cannot utime: Operation not permitted
build	Cache Android SDK	2026-06-06T12:22:46.5910799Z /usr/bin/tar: ../../../../../usr/local/lib/android/sdk/platforms/android-35/data/res/values-mcc312-mnc670-ky: Cannot change mode to rwxr-xr-x: Operation not permitted
build	Cache Android SDK	2026-06-06T12:22:46.5912803Z /usr/bin/tar: ../../../../../usr/local/lib/android/sdk/platforms/android-35/data/res/values-mcc310-mnc030-ml: Cannot utime: Operation not permitted
build	Cache Android SDK	2026-06-06T12:22:46.5913712Z /usr/bin/tar: ../../../../../usr/local/lib/android/sdk/platforms/android-35/data/res/values-mcc310-mnc030-ml: Cannot change mode to rwxr-xr-x: Operation not permitted
build	Cache Android SDK	2026-06-06T12:22:46.5915726Z /usr/bin/tar: ../../../../../usr/local/lib/android/sdk/platforms/android-35/data/res/values-mcc310-mnc380-sl: Cannot utime: Operation not permitted
build	Cache Android SDK	2026-06-06T12:22:46.5916633Z /usr/bin/tar: ../../../../../usr/local/lib/android/sdk/platforms/android-35/data/res/values-mcc310-mnc380-sl: Cannot change mode to rwxr-xr-x: Operation not permitted
build	Cache Android SDK	2026-06-06T12:22:46.5918908Z /usr/bin/tar: ../../../../../usr/local/lib/android/sdk/platforms/android-35/data/res/values-mcc310-mnc030-ka: Cannot utime: Operation not permitted
build	Cache Android SDK	2026-06-06T12:22:46.5919906Z /usr/bin/tar: ../../../../../usr/local/lib/android/sdk/platforms/android-35/data/res/values-mcc310-mnc030-ka: Cannot change mode to rwxr-xr-x: Operation not permitted
build	Cache Android SDK	2026-06-06T12:22:46.5922082Z /usr/bin/tar: ../../../../../usr/local/lib/android/sdk/platforms/android-35/data/res/values-mcc310-mnc950-nl: Cannot utime: Operation not permitted
build	Cache Android SDK	2026-06-06T12:22:46.5922988Z /usr/bin/tar: ../../../../../usr/local/lib/android/sdk/platforms/android-35/data/res/values-mcc310-mnc950-nl: Cannot change mode to rwxr-xr-x: Operation not permitted
build	Cache Android SDK	2026-06-06T12:22:46.5925128Z /usr/bin/tar: ../../../../../usr/local/lib/android/sdk/platforms/android-35/data/res/values-mcc312-mnc670-sq: Cannot utime: Operation not permitted
build	Cache Android SDK	2026-06-06T12:22:46.5926052Z /usr/bin/tar: ../../../../../usr/local/lib/android/sdk/platforms/android-35/data/res/values-mcc312-mnc670-sq: Cannot change mode to rwxr-xr-x: Operation not permitted
build	Cache Android SDK	2026-06-06T12:22:46.5932217Z /usr/bin/tar: ../../../../../usr/local/lib/android/sdk/platforms/android-35/data/res/values-ur: Cannot utime: Operation not permitted
build	Cache Android SDK	2026-06-06T12:22:46.5933512Z /usr/bin/tar: ../../../../../usr/local/lib/android/sdk/platforms/android-35/data/res/values-ur: Cannot change mode to rwxr-xr-x: Operation not permitted
build	Cache Android SDK	2026-06-06T12:22:46.5935740Z /usr/bin/tar: ../../../../../usr/local/lib/android/sdk/platforms/android-35/data/res/values-mcc310-mnc270-te: Cannot utime: Operation not permitted
build	Cache Android SDK	2026-06-06T12:22:46.5936662Z /usr/bin/tar: ../../../../../usr/local/lib/android/sdk/platforms/android-35/data/res/values-mcc310-mnc270-te: Cannot change mode to rwxr-xr-x: Operation not permitted
build	Cache Android SDK	2026-06-06T12:22:46.5938801Z /usr/bin/tar: ../../../../../usr/local/lib/android/sdk/platforms/android-35/data/res/values-mcc310-mnc160-nl: Cannot utime: Operation not permitted
build	Cache Android SDK	2026-06-06T12:22:46.5939812Z /usr/bin/tar: ../../../../../usr/local/lib/android/sdk/platforms/android-35/data/res/values-mcc310-mnc160-nl: Cannot change mode to rwxr-xr-x: Operation not permitted
build	Cache Android SDK	2026-06-06T12:22:46.5942185Z /usr/bin/tar: ../../../../../usr/local/lib/android/sdk/platforms/android-35/data/res/values-mcc302-mnc720-eu: Cannot utime: Operation not permitted
build	Cache Android SDK	2026-06-06T12:22:46.5943105Z /usr/bin/tar: ../../../../../usr/local/lib/android/sdk/platforms/android-35/data/res/values-mcc302-mnc720-eu: Cannot change mode to rwxr-xr-x: Operation not permitted
build	Cache Android SDK	2026-06-06T12:22:46.5945964Z /usr/bin/tar: ../../../../../usr/local/lib/android/sdk/platforms/android-35/data/res/values-mcc310-mnc250-am: Cannot utime: Operation not permitted
build	Cache Android SDK	2026-06-06T12:22:46.5946880Z /usr/bin/tar: ../../../../../usr/local/lib/android/sdk/platforms/android-35/data/res/values-mcc310-mnc250-am: Cannot change mode to rwxr-xr-x: Operation not permitted
build	Cache Android SDK	2026-06-06T12:22:46.5949760Z /usr/bin/tar: ../../../../../usr/local/lib/android/sdk/platforms/android-35/data/res/values-mcc310-mnc210-bn: Cannot utime: Operation not permitted
build	Cache Android SDK	2026-06-06T12:22:46.5950687Z /usr/bin/tar: ../../../../../usr/local/lib/android/sdk/platforms/android-35/data/res/values-mcc310-mnc210-bn: Cannot change mode to rwxr-xr-x: Operation not permitted
build	Cache Android SDK	2026-06-06T12:22:46.5953292Z /usr/bin/tar: ../../../../../usr/local/lib/android/sdk/platforms/android-35/data/res/values-sw640dp: Cannot utime: Operation not permitted
build	Cache Android SDK	2026-06-06T12:22:46.5954153Z /usr/bin/tar: ../../../../../usr/local/lib/android/sdk/platforms/android-35/data/res/values-sw640dp: Cannot change mode to rwxr-xr-x: Operation not permitted
build	Cache Android SDK	2026-06-06T12:22:46.5960505Z /usr/bin/tar: ../../../../../usr/local/lib/android/sdk/platforms/android-35/data/res/values-nl: Cannot utime: Operation not permitted
build	Cache Android SDK	2026-06-06T12:22:46.5961507Z /usr/bin/tar: ../../../../../usr/local/lib/android/sdk/platforms/android-35/data/res/values-nl: Cannot change mode to rwxr-xr-x: Operation not permitted
build	Cache Android SDK	2026-06-06T12:22:46.5963956Z /usr/bin/tar: ../../../../../usr/local/lib/android/sdk/platforms/android-35/data/res/values-tr-watch: Cannot utime: Operation not permitted
build	Cache Android SDK	2026-06-06T12:22:46.5965273Z /usr/bin/tar: ../../../../../usr/local/lib/android/sdk/platforms/android-35/data/res/values-tr-watch: Cannot change mode to rwxr-xr-x: Operation not permitted
build	Cache Android SDK	2026-06-06T12:22:46.5966676Z /usr/bin/tar: ../../../../../usr/local/lib/android/sdk/platforms/android-35/data/res/values-mcc310-mnc310-az: Cannot utime: Operation not permitted
build	Cache Android SDK	2026-06-06T12:22:46.5967873Z /usr/bin/tar: ../../../../../usr/local/lib/android/sdk/platforms/android-35/data/res/values-mcc310-mnc310-az: Cannot change mode to rwxr-xr-x: Operation not permitted
build	Cache Android SDK	2026-06-06T12:22:46.5970489Z /usr/bin/tar: ../../../../../usr/local/lib/android/sdk/platforms/android-35/data/res/values-mcc310-mnc240-es: Cannot utime: Operation not permitted
build	Cache Android SDK	2026-06-06T12:22:46.5971454Z /usr/bin/tar: ../../../../../usr/local/lib/android/sdk/platforms/android-35/data/res/values-mcc310-mnc240-es: Cannot change mode to rwxr-xr-x: Operation not permitted
build	Cache Android SDK	2026-06-06T12:22:46.5973252Z /usr/bin/tar: ../../../../../usr/local/lib/android/sdk/platforms/android-35/data/res/values-mcc310-mnc200-hi: Cannot utime: Operation not permitted
build	Cache Android SDK	2026-06-06T12:22:46.5974334Z /usr/bin/tar: ../../../../../usr/local/lib/android/sdk/platforms/android-35/data/res/values-mcc310-mnc200-hi: Cannot change mode to rwxr-xr-x: Operation not permitted
build	Cache Android SDK	2026-06-06T12:22:46.5977016Z /usr/bin/tar: ../../../../../usr/local/lib/android/sdk/platforms/android-35/data/res/values-gu-television: Cannot utime: Operation not permitted
build	Cache Android SDK	2026-06-06T12:22:46.5978208Z /usr/bin/tar: ../../../../../usr/local/lib/android/sdk/platforms/android-35/data/res/values-gu-television: Cannot change mode to rwxr-xr-x: Operation not permitted
build	Cache Android SDK	2026-06-06T12:22:46.5979765Z /usr/bin/tar: ../../../../../usr/local/lib/android/sdk/platforms/android-35/data/res/values-mcc310-mnc230-be: Cannot utime: Operation not permitted
build	Cache Android SDK	2026-06-06T12:22:46.5980847Z /usr/bin/tar: ../../../../../usr/local/lib/android/sdk/platforms/android-35/data/res/values-mcc310-mnc230-be: Cannot change mode to rwxr-xr-x: Operation not permitted
build	Cache Android SDK	2026-06-06T12:22:46.5983485Z /usr/bin/tar: ../../../../../usr/local/lib/android/sdk/platforms/android-35/data/res/values-mcc334-mnc020: Cannot utime: Operation not permitted
build	Cache Android SDK	2026-06-06T12:22:46.5984650Z /usr/bin/tar: ../../../../../usr/local/lib/android/sdk/platforms/android-35/data/res/values-mcc334-mnc020: Cannot change mode to rwxr-xr-x: Operation not permitted
build	Cache Android SDK	2026-06-06T12:22:46.5986479Z /usr/bin/tar: ../../../../../usr/local/lib/android/sdk/platforms/android-35/data/res/values-mcc310-mnc950-fr: Cannot utime: Operation not permitted
build	Cache Android SDK	2026-06-06T12:22:46.5987664Z /usr/bin/tar: ../../../../../usr/local/lib/android/sdk/platforms/android-35/data/res/values-mcc310-mnc950-fr: Cannot change mode to rwxr-xr-x: Operation not permitted
build	Cache Android SDK	2026-06-06T12:22:46.5990151Z /usr/bin/tar: ../../../../../usr/local/lib/android/sdk/platforms/android-35/data/res/values-mcc334-mnc020-mr: Cannot utime: Operation not permitted
build	Cache Android SDK	2026-06-06T12:22:46.5991082Z /usr/bin/tar: ../../../../../usr/local/lib/android/sdk/platforms/android-35/data/res/values-mcc334-mnc020-mr: Cannot change mode to rwxr-xr-x: Operation not permitted
build	Cache Android SDK	2026-06-06T12:22:46.5993285Z /usr/bin/tar: ../../../../../usr/local/lib/android/sdk/platforms/android-35/data/res/values-mcc310-mnc220-tl: Cannot utime: Operation not permitted
build	Cache Android SDK	2026-06-06T12:22:46.5994235Z /usr/bin/tar: ../../../../../usr/local/lib/android/sdk/platforms/android-35/data/res/values-mcc310-mnc220-tl: Cannot change mode to rwxr-xr-x: Operation not permitted
build	Cache Android SDK	2026-06-06T12:22:46.5998081Z /usr/bin/tar: ../../../../../usr/local/lib/android/sdk/platforms/android-35/data/res/values-night: Cannot utime: Operation not permitted
build	Cache Android SDK	2026-06-06T12:22:46.5999400Z /usr/bin/tar: ../../../../../usr/local/lib/android/sdk/platforms/android-35/data/res/values-night: Cannot change mode to rwxr-xr-x: Operation not permitted
build	Cache Android SDK	2026-06-06T12:22:46.6000850Z /usr/bin/tar: ../../../../../usr/local/lib/android/sdk/platforms/android-35/data/res/values-mcc310-mnc030-de: Cannot utime: Operation not permitted
build	Cache Android SDK	2026-06-06T12:22:46.6001868Z /usr/bin/tar: ../../../../../usr/local/lib/android/sdk/platforms/android-35/data/res/values-mcc310-mnc030-de: Cannot change mode to rwxr-xr-x: Operation not permitted
build	Cache Android SDK	2026-06-06T12:22:46.6004218Z /usr/bin/tar: ../../../../../usr/local/lib/android/sdk/platforms/android-35/data/res/values-tl-watch: Cannot utime: Operation not permitted
build	Cache Android SDK	2026-06-06T12:22:46.6005100Z /usr/bin/tar: ../../../../../usr/local/lib/android/sdk/platforms/android-35/data/res/values-tl-watch: Cannot change mode to rwxr-xr-x: Operation not permitted
build	Cache Android SDK	2026-06-06T12:22:46.6007240Z /usr/bin/tar: ../../../../../usr/local/lib/android/sdk/platforms/android-35/data/res/values-mcc313-mnc100-my: Cannot utime: Operation not permitted
build	Cache Android SDK	2026-06-06T12:22:46.6008317Z /usr/bin/tar: ../../../../../usr/local/lib/android/sdk/platforms/android-35/data/res/values-mcc313-mnc100-my: Cannot change mode to rwxr-xr-x: Operation not permitted
build	Cache Android SDK	2026-06-06T12:22:46.6010543Z /usr/bin/tar: ../../../../../usr/local/lib/android/sdk/platforms/android-35/data/res/values-mcc310-mnc160-ne: Cannot utime: Operation not permitted
build	Cache Android SDK	2026-06-06T12:22:46.6011612Z /usr/bin/tar: ../../../../../usr/local/lib/android/sdk/platforms/android-35/data/res/values-mcc310-mnc160-ne: Cannot change mode to rwxr-xr-x: Operation not permitted
build	Cache Android SDK	2026-06-06T12:22:46.6014162Z /usr/bin/tar: ../../../../../usr/local/lib/android/sdk/platforms/android-35/data/res/values-mcc311-mnc180-sw: Cannot utime: Operation not permitted
build	Cache Android SDK	2026-06-06T12:22:46.6015545Z /usr/bin/tar: ../../../../../usr/local/lib/android/sdk/platforms/android-35/data/res/values-mcc311-mnc180-sw: Cannot change mode to rwxr-xr-x: Operation not permitted
build	Cache Android SDK	2026-06-06T12:22:46.6018184Z /usr/bin/tar: ../../../../../usr/local/lib/android/sdk/platforms/android-35/data/res/values-mcc310-mnc660-iw: Cannot utime: Operation not permitted
build	Cache Android SDK	2026-06-06T12:22:46.6019547Z /usr/bin/tar: ../../../../../usr/local/lib/android/sdk/platforms/android-35/data/res/values-mcc310-mnc660-iw: Cannot change mode to rwxr-xr-x: Operation not permitted
build	Cache Android SDK	2026-06-06T12:22:46.6021139Z /usr/bin/tar: ../../../../../usr/local/lib/android/sdk/platforms/android-35/data/res/values-mcc310-mnc150-zu: Cannot utime: Operation not permitted
build	Cache Android SDK	2026-06-06T12:22:46.6022047Z /usr/bin/tar: ../../../../../usr/local/lib/android/sdk/platforms/android-35/data/res/values-mcc310-mnc150-zu: Cannot change mode to rwxr-xr-x: Operation not permitted
build	Cache Android SDK	2026-06-06T12:22:46.6024668Z /usr/bin/tar: ../../../../../usr/local/lib/android/sdk/platforms/android-35/data/res/values-mcc313-mnc100-in: Cannot utime: Operation not permitted
build	Cache Android SDK	2026-06-06T12:22:46.6025678Z /usr/bin/tar: ../../../../../usr/local/lib/android/sdk/platforms/android-35/data/res/values-mcc313-mnc100-in: Cannot change mode to rwxr-xr-x: Operation not permitted
build	Cache Android SDK	2026-06-06T12:22:46.6028045Z /usr/bin/tar: ../../../../../usr/local/lib/android/sdk/platforms/android-35/data/res/values-mcc310-mnc160-uk: Cannot utime: Operation not permitted
build	Cache Android SDK	2026-06-06T12:22:46.6028962Z /usr/bin/tar: ../../../../../usr/local/lib/android/sdk/platforms/android-35/data/res/values-mcc310-mnc160-uk: Cannot change mode to rwxr-xr-x: Operation not permitted
build	Cache Android SDK	2026-06-06T12:22:46.6031459Z /usr/bin/tar: ../../../../../usr/local/lib/android/sdk/platforms/android-35/data/res/values-uk-rUA: Cannot utime: Operation not permitted
build	Cache Android SDK	2026-06-06T12:22:46.6032318Z /usr/bin/tar: ../../../../../usr/local/lib/android/sdk/platforms/android-35/data/res/values-uk-rUA: Cannot change mode to rwxr-xr-x: Operation not permitted
build	Cache Android SDK	2026-06-06T12:22:46.6034225Z /usr/bin/tar: ../../../../../usr/local/lib/android/sdk/platforms/android-35/data/res/values-mcc310-mnc230-bn: Cannot utime: Operation not permitted
build	Cache Android SDK	2026-06-06T12:22:46.6035140Z /usr/bin/tar: ../../../../../usr/local/lib/android/sdk/platforms/android-35/data/res/values-mcc310-mnc230-bn: Cannot change mode to rwxr-xr-x: Operation not permitted
build	Cache Android SDK	2026-06-06T12:22:46.6037719Z /usr/bin/tar: ../../../../../usr/local/lib/android/sdk/platforms/android-35/data/res/values-tl-rPH: Cannot utime: Operation not permitted
build	Cache Android SDK	2026-06-06T12:22:46.6038687Z /usr/bin/tar: ../../../../../usr/local/lib/android/sdk/platforms/android-35/data/res/values-tl-rPH: Cannot change mode to rwxr-xr-x: Operation not permitted
build	Cache Android SDK	2026-06-06T12:22:46.6040969Z /usr/bin/tar: ../../../../../usr/local/lib/android/sdk/platforms/android-35/data/res/values-mcc310-mnc200-si: Cannot utime: Operation not permitted
build	Cache Android SDK	2026-06-06T12:22:46.6041880Z /usr/bin/tar: ../../../../../usr/local/lib/android/sdk/platforms/android-35/data/res/values-mcc310-mnc200-si: Cannot change mode to rwxr-xr-x: Operation not permitted
build	Cache Android SDK	2026-06-06T12:22:46.6045493Z /usr/bin/tar: ../../../../../usr/local/lib/android/sdk/platforms/android-35/data/res/values-mcc310-mnc310-af: Cannot utime: Operation not permitted
build	Cache Android SDK	2026-06-06T12:22:46.6049277Z /usr/bin/tar: ../../../../../usr/local/lib/android/sdk/platforms/android-35/data/res/values-mcc310-mnc310-af: Cannot change mode to rwxr-xr-x: Operation not permitted
build	Cache Android SDK	2026-06-06T12:22:46.6050200Z /usr/bin/tar: ../../../../../usr/local/lib/android/sdk/platforms/android-35/data/res/values-mcc310-mnc240-lt: Cannot utime: Operation not permitted
build	Cache Android SDK	2026-06-06T12:22:46.6051602Z /usr/bin/tar: ../../../../../usr/local/lib/android/sdk/platforms/android-35/data/res/values-mcc310-mnc240-lt: Cannot change mode to rwxr-xr-x: Operation not permitted
build	Cache Android SDK	2026-06-06T12:22:46.6052716Z /usr/bin/tar: ../../../../../usr/local/lib/android/sdk/platforms/android-35/data/res/values-mcc310-mnc660-pa: Cannot utime: Operation not permitted
build	Cache Android SDK	2026-06-06T12:22:46.6053684Z /usr/bin/tar: ../../../../../usr/local/lib/android/sdk/platforms/android-35/data/res/values-mcc310-mnc660-pa: Cannot change mode to rwxr-xr-x: Operation not permitted
build	Cache Android SDK	2026-06-06T12:22:46.6055047Z /usr/bin/tar: ../../../../../usr/local/lib/android/sdk/platforms/android-35/data/res/values-mcc310-mnc310-fa: Cannot utime: Operation not permitted
build	Cache Android SDK	2026-06-06T12:22:46.6055951Z /usr/bin/tar: ../../../../../usr/local/lib/android/sdk/platforms/android-35/data/res/values-mcc310-mnc310-fa: Cannot change mode to rwxr-xr-x: Operation not permitted
build	Cache Android SDK	2026-06-06T12:22:46.6057772Z /usr/bin/tar: ../../../../../usr/local/lib/android/sdk/platforms/android-35/data/res/values-mcc310-mnc230-in: Cannot utime: Operation not permitted
build	Cache Android SDK	2026-06-06T12:22:46.6058696Z /usr/bin/tar: ../../../../../usr/local/lib/android/sdk/platforms/android-35/data/res/values-mcc310-mnc230-in: Cannot change mode to rwxr-xr-x: Operation not permitted
build	Cache Android SDK	2026-06-06T12:22:46.6095397Z /usr/bin/tar: ../../../../../usr/local/lib/android/sdk/platforms/android-35/data/res/color: Cannot utime: Operation not permitted
build	Cache Android SDK	2026-06-06T12:22:46.6096279Z /usr/bin/tar: ../../../../../usr/local/lib/android/sdk/platforms/android-35/data/res/color: Cannot change mode to rwxr-xr-x: Operation not permitted
build	Cache Android SDK	2026-06-06T12:22:46.6098498Z /usr/bin/tar: ../../../../../usr/local/lib/android/sdk/platforms/android-35/data/res/values-mcc312-mnc670-be: Cannot utime: Operation not permitted
build	Cache Android SDK	2026-06-06T12:22:46.6099499Z /usr/bin/tar: ../../../../../usr/local/lib/android/sdk/platforms/android-35/data/res/values-mcc312-mnc670-be: Cannot change mode to rwxr-xr-x: Operation not permitted
build	Cache Android SDK	2026-06-06T12:22:46.6101360Z /usr/bin/tar: ../../../../../usr/local/lib/android/sdk/platforms/android-35/data/res/values-mcc310-mnc410-mk: Cannot utime: Operation not permitted
build	Cache Android SDK	2026-06-06T12:22:46.6102284Z /usr/bin/tar: ../../../../../usr/local/lib/android/sdk/platforms/android-35/data/res/values-mcc310-mnc410-mk: Cannot change mode to rwxr-xr-x: Operation not permitted
build	Cache Android SDK	2026-06-06T12:22:46.6105449Z /usr/bin/tar: ../../../../../usr/local/lib/android/sdk/platforms/android-35/data/res/values-mcc313-mnc100-sv: Cannot utime: Operation not permitted
build	Cache Android SDK	2026-06-06T12:22:46.6106390Z /usr/bin/tar: ../../../../../usr/local/lib/android/sdk/platforms/android-35/data/res/values-mcc313-mnc100-sv: Cannot change mode to rwxr-xr-x: Operation not permitted
build	Cache Android SDK	2026-06-06T12:22:46.6109216Z /usr/bin/tar: ../../../../../usr/local/lib/android/sdk/platforms/android-35/data/res/values-mcc310-mnc410-sl: Cannot utime: Operation not permitted
build	Cache Android SDK	2026-06-06T12:22:46.6110129Z /usr/bin/tar: ../../../../../usr/local/lib/android/sdk/platforms/android-35/data/res/values-mcc310-mnc410-sl: Cannot change mode to rwxr-xr-x: Operation not permitted
build	Cache Android SDK	2026-06-06T12:22:46.6113157Z /usr/bin/tar: ../../../../../usr/local/lib/android/sdk/platforms/android-35/data/res/values-mcc302-mnc370-en-rAU: Cannot utime: Operation not permitted
build	Cache Android SDK	2026-06-06T12:22:46.6114120Z /usr/bin/tar: ../../../../../usr/local/lib/android/sdk/platforms/android-35/data/res/values-mcc302-mnc370-en-rAU: Cannot change mode to rwxr-xr-x: Operation not permitted
build	Cache Android SDK	2026-06-06T12:22:46.6116303Z /usr/bin/tar: ../../../../../usr/local/lib/android/sdk/platforms/android-35/data/res/values-mcc310-mnc210-vi: Cannot utime: Operation not permitted
build	Cache Android SDK	2026-06-06T12:22:46.6117231Z /usr/bin/tar: ../../../../../usr/local/lib/android/sdk/platforms/android-35/data/res/values-mcc310-mnc210-vi: Cannot change mode to rwxr-xr-x: Operation not permitted
build	Cache Android SDK	2026-06-06T12:22:46.6119833Z /usr/bin/tar: ../../../../../usr/local/lib/android/sdk/platforms/android-35/data/res/values-mcc310-mnc030-ur: Cannot utime: Operation not permitted
build	Cache Android SDK	2026-06-06T12:22:46.6120916Z /usr/bin/tar: ../../../../../usr/local/lib/android/sdk/platforms/android-35/data/res/values-mcc310-mnc030-ur: Cannot change mode to rwxr-xr-x: Operation not permitted
build	Cache Android SDK	2026-06-06T12:22:46.6124109Z /usr/bin/tar: ../../../../../usr/local/lib/android/sdk/platforms/android-35/data/res/color-night: Cannot utime: Operation not permitted
build	Cache Android SDK	2026-06-06T12:22:46.6124970Z /usr/bin/tar: ../../../../../usr/local/lib/android/sdk/platforms/android-35/data/res/color-night: Cannot change mode to rwxr-xr-x: Operation not permitted
build	Cache Android SDK	2026-06-06T12:22:46.6127148Z /usr/bin/tar: ../../../../../usr/local/lib/android/sdk/platforms/android-35/data/res/values-mcc310-mnc240-ta: Cannot utime: Operation not permitted
build	Cache Android SDK	2026-06-06T12:22:46.6128325Z /usr/bin/tar: ../../../../../usr/local/lib/android/sdk/platforms/android-35/data/res/values-mcc310-mnc240-ta: Cannot change mode to rwxr-xr-x: Operation not permitted
build	Cache Android SDK	2026-06-06T12:22:46.6130592Z /usr/bin/tar: ../../../../../usr/local/lib/android/sdk/platforms/android-35/data/res/values-mcc313-mnc100-cs: Cannot utime: Operation not permitted
build	Cache Android SDK	2026-06-06T12:22:46.6131523Z /usr/bin/tar: ../../../../../usr/local/lib/android/sdk/platforms/android-35/data/res/values-mcc313-mnc100-cs: Cannot change mode to rwxr-xr-x: Operation not permitted
build	Cache Android SDK	2026-06-06T12:22:46.6133916Z /usr/bin/tar: ../../../../../usr/local/lib/android/sdk/platforms/android-35/data/res/values-mcc311-mnc180-uz: Cannot utime: Operation not permitted
build	Cache Android SDK	2026-06-06T12:22:46.6134844Z /usr/bin/tar: ../../../../../usr/local/lib/android/sdk/platforms/android-35/data/res/values-mcc311-mnc180-uz: Cannot change mode to rwxr-xr-x: Operation not permitted
build	Cache Android SDK	2026-06-06T12:22:46.6136963Z /usr/bin/tar: ../../../../../usr/local/lib/android/sdk/platforms/android-35/data/res/values-mcc312-mnc670-pt: Cannot utime: Operation not permitted
build	Cache Android SDK	2026-06-06T12:22:46.6138006Z /usr/bin/tar: ../../../../../usr/local/lib/android/sdk/platforms/android-35/data/res/values-mcc312-mnc670-pt: Cannot change mode to rwxr-xr-x: Operation not permitted
build	Cache Android SDK	2026-06-06T12:22:46.6140089Z /usr/bin/tar: ../../../../../usr/local/lib/android/sdk/platforms/android-35/data/res/values-mcc310-mnc250-tl: Cannot utime: Operation not permitted
build	Cache Android SDK	2026-06-06T12:22:46.6141014Z /usr/bin/tar: ../../../../../usr/local/lib/android/sdk/platforms/android-35/data/res/values-mcc310-mnc250-tl: Cannot change mode to rwxr-xr-x: Operation not permitted
build	Cache Android SDK	2026-06-06T12:22:46.6143672Z /usr/bin/tar: ../../../../../usr/local/lib/android/sdk/platforms/android-35/data/res/values-mcc310-mnc250-fr-rCA: Cannot utime: Operation not permitted
build	Cache Android SDK	2026-06-06T12:22:46.6144630Z /usr/bin/tar: ../../../../../usr/local/lib/android/sdk/platforms/android-35/data/res/values-mcc310-mnc250-fr-rCA: Cannot change mode to rwxr-xr-x: Operation not permitted
build	Cache Android SDK	2026-06-06T12:22:46.6147046Z /usr/bin/tar: ../../../../../usr/local/lib/android/sdk/platforms/android-35/data/res/values-mcc310-mnc150-bs: Cannot utime: Operation not permitted
build	Cache Android SDK	2026-06-06T12:22:46.6148074Z /usr/bin/tar: ../../../../../usr/local/lib/android/sdk/platforms/android-35/data/res/values-mcc310-mnc150-bs: Cannot change mode to rwxr-xr-x: Operation not permitted
build	Cache Android SDK	2026-06-06T12:22:46.6150520Z /usr/bin/tar: ../../../../../usr/local/lib/android/sdk/platforms/android-35/data/res/values-mcc310-mnc560-sk: Cannot utime: Operation not permitted
build	Cache Android SDK	2026-06-06T12:22:46.6151440Z /usr/bin/tar: ../../../../../usr/local/lib/android/sdk/platforms/android-35/data/res/values-mcc310-mnc560-sk: Cannot change mode to rwxr-xr-x: Operation not permitted
build	Cache Android SDK	2026-06-06T12:22:46.6153497Z /usr/bin/tar: ../../../../../usr/local/lib/android/sdk/platforms/android-35/data/res/values-mcc310-mnc030-zu: Cannot utime: Operation not permitted
build	Cache Android SDK	2026-06-06T12:22:46.6154421Z /usr/bin/tar: ../../../../../usr/local/lib/android/sdk/platforms/android-35/data/res/values-mcc310-mnc030-zu: Cannot change mode to rwxr-xr-x: Operation not permitted
build	Cache Android SDK	2026-06-06T12:22:46.6156839Z /usr/bin/tar: ../../../../../usr/local/lib/android/sdk/platforms/android-35/data/res/values-mcc450-mnc06: Cannot utime: Operation not permitted
build	Cache Android SDK	2026-06-06T12:22:46.6157921Z /usr/bin/tar: ../../../../../usr/local/lib/android/sdk/platforms/android-35/data/res/values-mcc450-mnc06: Cannot change mode to rwxr-xr-x: Operation not permitted
build	Cache Android SDK	2026-06-06T12:22:46.6160415Z /usr/bin/tar: ../../../../../usr/local/lib/android/sdk/platforms/android-35/data/res/values-mcc310-mnc800-es-rUS: Cannot utime: Operation not permitted
build	Cache Android SDK	2026-06-06T12:22:46.6161369Z /usr/bin/tar: ../../../../../usr/local/lib/android/sdk/platforms/android-35/data/res/values-mcc310-mnc800-es-rUS: Cannot change mode to rwxr-xr-x: Operation not permitted
build	Cache Android SDK	2026-06-06T12:22:46.6163501Z /usr/bin/tar: ../../../../../usr/local/lib/android/sdk/platforms/android-35/data/res/values-mcc310-mnc560-mn: Cannot utime: Operation not permitted
build	Cache Android SDK	2026-06-06T12:22:46.6164412Z /usr/bin/tar: ../../../../../usr/local/lib/android/sdk/platforms/android-35/data/res/values-mcc310-mnc560-mn: Cannot change mode to rwxr-xr-x: Operation not permitted
build	Cache Android SDK	2026-06-06T12:22:46.6166802Z /usr/bin/tar: ../../../../../usr/local/lib/android/sdk/platforms/android-35/data/res/values-mcc313-mnc100-bn: Cannot utime: Operation not permitted
build	Cache Android SDK	2026-06-06T12:22:46.6167845Z /usr/bin/tar: ../../../../../usr/local/lib/android/sdk/platforms/android-35/data/res/values-mcc313-mnc100-bn: Cannot change mode to rwxr-xr-x: Operation not permitted
build	Cache Android SDK	2026-06-06T12:22:46.6170119Z /usr/bin/tar: ../../../../../usr/local/lib/android/sdk/platforms/android-35/data/res/values-mcc310-mnc200-hr: Cannot utime: Operation not permitted
build	Cache Android SDK	2026-06-06T12:22:46.6171031Z /usr/bin/tar: ../../../../../usr/local/lib/android/sdk/platforms/android-35/data/res/values-mcc310-mnc200-hr: Cannot change mode to rwxr-xr-x: Operation not permitted
build	Cache Android SDK	2026-06-06T12:22:46.6172937Z /usr/bin/tar: ../../../../../usr/local/lib/android/sdk/platforms/android-35/data/res/values-mcc310-mnc200-am: Cannot utime: Operation not permitted
build	Cache Android SDK	2026-06-06T12:22:46.6173849Z /usr/bin/tar: ../../../../../usr/local/lib/android/sdk/platforms/android-35/data/res/values-mcc310-mnc200-am: Cannot change mode to rwxr-xr-x: Operation not permitted
build	Cache Android SDK	2026-06-06T12:22:46.6175930Z /usr/bin/tar: ../../../../../usr/local/lib/android/sdk/platforms/android-35/data/res/values-mcc310-mnc800-sw: Cannot utime: Operation not permitted
build	Cache Android SDK	2026-06-06T12:22:46.6176849Z /usr/bin/tar: ../../../../../usr/local/lib/android/sdk/platforms/android-35/data/res/values-mcc310-mnc800-sw: Cannot change mode to rwxr-xr-x: Operation not permitted
build	Cache Android SDK	2026-06-06T12:22:46.6179348Z /usr/bin/tar: ../../../../../usr/local/lib/android/sdk/platforms/android-35/data/res/values-mcc302-mnc370-ne: Cannot utime: Operation not permitted
build	Cache Android SDK	2026-06-06T12:22:46.6180254Z /usr/bin/tar: ../../../../../usr/local/lib/android/sdk/platforms/android-35/data/res/values-mcc302-mnc370-ne: Cannot change mode to rwxr-xr-x: Operation not permitted
build	Cache Android SDK	2026-06-06T12:22:46.6186257Z /usr/bin/tar: ../../../../../usr/local/lib/android/sdk/platforms/android-35/data/res/drawable-sw600dp-mdpi: Cannot utime: Operation not permitted
build	Cache Android SDK	2026-06-06T12:22:46.6187522Z /usr/bin/tar: ../../../../../usr/local/lib/android/sdk/platforms/android-35/data/res/drawable-sw600dp-mdpi: Cannot change mode to rwxr-xr-x: Operation not permitted
build	Cache Android SDK	2026-06-06T12:22:46.6189924Z /usr/bin/tar: ../../../../../usr/local/lib/android/sdk/platforms/android-35/data/res/values-mcc310-mnc560-af: Cannot utime: Operation not permitted
build	Cache Android SDK	2026-06-06T12:22:46.6191134Z /usr/bin/tar: ../../../../../usr/local/lib/android/sdk/platforms/android-35/data/res/values-mcc310-mnc560-af: Cannot change mode to rwxr-xr-x: Operation not permitted
build	Cache Android SDK	2026-06-06T12:22:46.6193244Z /usr/bin/tar: ../../../../../usr/local/lib/android/sdk/platforms/android-35/data/res/values-mcc310-mnc310-pt-rBR: Cannot utime: Operation not permitted
build	Cache Android SDK	2026-06-06T12:22:46.6194554Z /usr/bin/tar: ../../../../../usr/local/lib/android/sdk/platforms/android-35/data/res/values-mcc310-mnc310-pt-rBR: Cannot change mode to rwxr-xr-x: Operation not permitted
build	Cache Android SDK	2026-06-06T12:22:46.6196922Z /usr/bin/tar: ../../../../../usr/local/lib/android/sdk/platforms/android-35/data/res/values-mcc302-mnc720-es-rUS: Cannot utime: Operation not permitted
build	Cache Android SDK	2026-06-06T12:22:46.6198382Z /usr/bin/tar: ../../../../../usr/local/lib/android/sdk/platforms/android-35/data/res/values-mcc302-mnc720-es-rUS: Cannot change mode to rwxr-xr-x: Operation not permitted
build	Cache Android SDK	2026-06-06T12:22:46.6200437Z /usr/bin/tar: ../../../../../usr/local/lib/android/sdk/platforms/android-35/data/res/values-mcc310-mnc270-is: Cannot utime: Operation not permitted
build	Cache Android SDK	2026-06-06T12:22:46.6201403Z /usr/bin/tar: ../../../../../usr/local/lib/android/sdk/platforms/android-35/data/res/values-mcc310-mnc270-is: Cannot change mode to rwxr-xr-x: Operation not permitted
build	Cache Android SDK	2026-06-06T12:22:46.6204152Z /usr/bin/tar: ../../../../../usr/local/lib/android/sdk/platforms/android-35/data/res/values-mcc310-mnc250-ko: Cannot utime: Operation not permitted
build	Cache Android SDK	2026-06-06T12:22:46.6205095Z /usr/bin/tar: ../../../../../usr/local/lib/android/sdk/platforms/android-35/data/res/values-mcc310-mnc250-ko: Cannot change mode to rwxr-xr-x: Operation not permitted
build	Cache Android SDK	2026-06-06T12:22:46.6208071Z /usr/bin/tar: ../../../../../usr/local/lib/android/sdk/platforms/android-35/data/res/values-mcc310-mnc200-ro: Cannot utime: Operation not permitted
build	Cache Android SDK	2026-06-06T12:22:46.6209037Z /usr/bin/tar: ../../../../../usr/local/lib/android/sdk/platforms/android-35/data/res/values-mcc310-mnc200-ro: Cannot change mode to rwxr-xr-x: Operation not permitted
build	Cache Android SDK	2026-06-06T12:22:46.6211851Z /usr/bin/tar: ../../../../../usr/local/lib/android/sdk/platforms/android-35/data/res/values-mcc310-mnc310-zh-rTW: Cannot utime: Operation not permitted
build	Cache Android SDK	2026-06-06T12:22:46.6212976Z /usr/bin/tar: ../../../../../usr/local/lib/android/sdk/platforms/android-35/data/res/values-mcc310-mnc310-zh-rTW: Cannot change mode to rwxr-xr-x: Operation not permitted
build	Cache Android SDK	2026-06-06T12:22:46.6215112Z /usr/bin/tar: ../../../../../usr/local/lib/android/sdk/platforms/android-35/data/res/values-mcc310-mnc380-lt: Cannot utime: Operation not permitted
build	Cache Android SDK	2026-06-06T12:22:46.6216056Z /usr/bin/tar: ../../../../../usr/local/lib/android/sdk/platforms/android-35/data/res/values-mcc310-mnc380-lt: Cannot change mode to rwxr-xr-x: Operation not permitted
build	Cache Android SDK	2026-06-06T12:22:46.6218776Z /usr/bin/tar: ../../../../../usr/local/lib/android/sdk/platforms/android-35/data/res/values-mcc310-mnc410-it: Cannot utime: Operation not permitted
build	Cache Android SDK	2026-06-06T12:22:46.6219707Z /usr/bin/tar: ../../../../../usr/local/lib/android/sdk/platforms/android-35/data/res/values-mcc310-mnc410-it: Cannot change mode to rwxr-xr-x: Operation not permitted
build	Cache Android SDK	2026-06-06T12:22:46.6221958Z /usr/bin/tar: ../../../../../usr/local/lib/android/sdk/platforms/android-35/data/res/values-mcc311-mnc870: Cannot utime: Operation not permitted
build	Cache Android SDK	2026-06-06T12:22:46.6222861Z /usr/bin/tar: ../../../../../usr/local/lib/android/sdk/platforms/android-35/data/res/values-mcc311-mnc870: Cannot change mode to rwxr-xr-x: Operation not permitted
build	Cache Android SDK	2026-06-06T12:22:46.6225254Z /usr/bin/tar: ../../../../../usr/local/lib/android/sdk/platforms/android-35/data/res/values-mcc310-mnc280-kn: Cannot utime: Operation not permitted
build	Cache Android SDK	2026-06-06T12:22:46.6226185Z /usr/bin/tar: ../../../../../usr/local/lib/android/sdk/platforms/android-35/data/res/values-mcc310-mnc280-kn: Cannot change mode to rwxr-xr-x: Operation not permitted
build	Cache Android SDK	2026-06-06T12:22:46.6234926Z /usr/bin/tar: ../../../../../usr/local/lib/android/sdk/platforms/android-35/data/res/values-fr-rCA: Cannot utime: Operation not permitted
build	Cache Android SDK	2026-06-06T12:22:46.6236457Z /usr/bin/tar: ../../../../../usr/local/lib/android/sdk/platforms/android-35/data/res/values-fr-rCA: Cannot change mode to rwxr-xr-x: Operation not permitted
build	Cache Android SDK	2026-06-06T12:22:46.6237771Z /usr/bin/tar: ../../../../../usr/local/lib/android/sdk/platforms/android-35/data/res/values-ko-watch: Cannot utime: Operation not permitted
build	Cache Android SDK	2026-06-06T12:22:46.6239563Z /usr/bin/tar: ../../../../../usr/local/lib/android/sdk/platforms/android-35/data/res/values-ko-watch: Cannot change mode to rwxr-xr-x: Operation not permitted
build	Cache Android SDK	2026-06-06T12:22:46.6240460Z /usr/bin/tar: ../../../../../usr/local/lib/android/sdk/platforms/android-35/data/res/values-mcc310-mnc170-in: Cannot utime: Operation not permitted
build	Cache Android SDK	2026-06-06T12:22:46.6242018Z /usr/bin/tar: ../../../../../usr/local/lib/android/sdk/platforms/android-35/data/res/values-mcc310-mnc170-in: Cannot change mode to rwxr-xr-x: Operation not permitted
build	Cache Android SDK	2026-06-06T12:22:46.6243155Z /usr/bin/tar: ../../../../../usr/local/lib/android/sdk/platforms/android-35/data/res/values-mcc310-mnc170-pa: Cannot utime: Operation not permitted
build	Cache Android SDK	2026-06-06T12:22:46.6244068Z /usr/bin/tar: ../../../../../usr/local/lib/android/sdk/platforms/android-35/data/res/values-mcc310-mnc170-pa: Cannot change mode to rwxr-xr-x: Operation not permitted
build	Cache Android SDK	2026-06-06T12:22:46.6246019Z /usr/bin/tar: ../../../../../usr/local/lib/android/sdk/platforms/android-35/data/res/values-mcc310-mnc220-bs: Cannot utime: Operation not permitted
build	Cache Android SDK	2026-06-06T12:22:46.6246940Z /usr/bin/tar: ../../../../../usr/local/lib/android/sdk/platforms/android-35/data/res/values-mcc310-mnc220-bs: Cannot change mode to rwxr-xr-x: Operation not permitted
build	Cache Android SDK	2026-06-06T12:22:46.6249516Z /usr/bin/tar: ../../../../../usr/local/lib/android/sdk/platforms/android-35/data/res/values-mcc310-mnc280-pt-rPT: Cannot utime: Operation not permitted
build	Cache Android SDK	2026-06-06T12:22:46.6250490Z /usr/bin/tar: ../../../../../usr/local/lib/android/sdk/platforms/android-35/data/res/values-mcc310-mnc280-pt-rPT: Cannot change mode to rwxr-xr-x: Operation not permitted
build	Cache Android SDK	2026-06-06T12:22:46.6252805Z /usr/bin/tar: ../../../../../usr/local/lib/android/sdk/platforms/android-35/data/res/values-mcc310-mnc200-ur: Cannot utime: Operation not permitted
build	Cache Android SDK	2026-06-06T12:22:46.6253728Z /usr/bin/tar: ../../../../../usr/local/lib/android/sdk/platforms/android-35/data/res/values-mcc310-mnc200-ur: Cannot change mode to rwxr-xr-x: Operation not permitted
build	Cache Android SDK	2026-06-06T12:22:46.6255917Z /usr/bin/tar: ../../../../../usr/local/lib/android/sdk/platforms/android-35/data/res/values-mcc310-mnc490-lv: Cannot utime: Operation not permitted
build	Cache Android SDK	2026-06-06T12:22:46.6256837Z /usr/bin/tar: ../../../../../usr/local/lib/android/sdk/platforms/android-35/data/res/values-mcc310-mnc490-lv: Cannot change mode to rwxr-xr-x: Operation not permitted
build	Cache Android SDK	2026-06-06T12:22:46.6259436Z /usr/bin/tar: ../../../../../usr/local/lib/android/sdk/platforms/android-35/data/res/values-uz-watch: Cannot utime: Operation not permitted
build	Cache Android SDK	2026-06-06T12:22:46.6260324Z /usr/bin/tar: ../../../../../usr/local/lib/android/sdk/platforms/android-35/data/res/values-uz-watch: Cannot change mode to rwxr-xr-x: Operation not permitted
build	Cache Android SDK	2026-06-06T12:22:46.6263903Z /usr/bin/tar: ../../../../../usr/local/lib/android/sdk/platforms/android-35/data/res/values-mcc310-mnc660-da: Cannot utime: Operation not permitted
build	Cache Android SDK	2026-06-06T12:22:46.6265671Z /usr/bin/tar: ../../../../../usr/local/lib/android/sdk/platforms/android-35/data/res/values-mcc310-mnc660-da: Cannot change mode to rwxr-xr-x: Operation not permitted
build	Cache Android SDK	2026-06-06T12:22:46.6275392Z /usr/bin/tar: ../../../../../usr/local/lib/android/sdk/platforms/android-35/data/res/values-fi: Cannot utime: Operation not permitted
build	Cache Android SDK	2026-06-06T12:22:46.6277112Z /usr/bin/tar: ../../../../../usr/local/lib/android/sdk/platforms/android-35/data/res/values-fi: Cannot change mode to rwxr-xr-x: Operation not permitted
build	Cache Android SDK	2026-06-06T12:22:46.6279542Z /usr/bin/tar: ../../../../../usr/local/lib/android/sdk/platforms/android-35/data/res/values-mcc310-mnc800-cs: Cannot utime: Operation not permitted
build	Cache Android SDK	2026-06-06T12:22:46.6280466Z /usr/bin/tar: ../../../../../usr/local/lib/android/sdk/platforms/android-35/data/res/values-mcc310-mnc800-cs: Cannot change mode to rwxr-xr-x: Operation not permitted
build	Cache Android SDK	2026-06-06T12:22:46.6282973Z /usr/bin/tar: ../../../../../usr/local/lib/android/sdk/platforms/android-35/data/res/values-mcc310-mnc380-hi: Cannot utime: Operation not permitted
build	Cache Android SDK	2026-06-06T12:22:46.6283905Z /usr/bin/tar: ../../../../../usr/local/lib/android/sdk/platforms/android-35/data/res/values-mcc310-mnc380-hi: Cannot change mode to rwxr-xr-x: Operation not permitted
build	Cache Android SDK	2026-06-06T12:22:46.6288455Z /usr/bin/tar: ../../../../../usr/local/lib/android/sdk/platforms/android-35/data/res/values-mcc310-mnc410-af: Cannot utime: Operation not permitted
build	Cache Android SDK	2026-06-06T12:22:46.6290125Z /usr/bin/tar: ../../../../../usr/local/lib/android/sdk/platforms/android-35/data/res/values-mcc310-mnc410-af: Cannot change mode to rwxr-xr-x: Operation not permitted
build	Cache Android SDK	2026-06-06T12:22:46.6292020Z /usr/bin/tar: ../../../../../usr/local/lib/android/sdk/platforms/android-35/data/res/values-mcc310-mnc250-km: Cannot utime: Operation not permitted
build	Cache Android SDK	2026-06-06T12:22:46.6293358Z /usr/bin/tar: ../../../../../usr/local/lib/android/sdk/platforms/android-35/data/res/values-mcc310-mnc250-km: Cannot change mode to rwxr-xr-x: Operation not permitted
build	Cache Android SDK	2026-06-06T12:22:46.6294360Z /usr/bin/tar: ../../../../../usr/local/lib/android/sdk/platforms/android-35/data/res/values-mcc302-mnc370-pa: Cannot utime: Operation not permitted
build	Cache Android SDK	2026-06-06T12:22:46.6295277Z /usr/bin/tar: ../../../../../usr/local/lib/android/sdk/platforms/android-35/data/res/values-mcc302-mnc370-pa: Cannot change mode to rwxr-xr-x: Operation not permitted
build	Cache Android SDK	2026-06-06T12:22:46.6297282Z /usr/bin/tar: ../../../../../usr/local/lib/android/sdk/platforms/android-35/data/res/values-mcc310-mnc380-ca: Cannot utime: Operation not permitted
build	Cache Android SDK	2026-06-06T12:22:46.6298408Z /usr/bin/tar: ../../../../../usr/local/lib/android/sdk/platforms/android-35/data/res/values-mcc310-mnc380-ca: Cannot change mode to rwxr-xr-x: Operation not permitted
build	Cache Android SDK	2026-06-06T12:22:46.6300141Z /usr/bin/tar: ../../../../../usr/local/lib/android/sdk/platforms/android-35/data/res/values-mcc310-mnc950-gu: Cannot utime: Operation not permitted
build	Cache Android SDK	2026-06-06T12:22:46.6301045Z /usr/bin/tar: ../../../../../usr/local/lib/android/sdk/platforms/android-35/data/res/values-mcc310-mnc950-gu: Cannot change mode to rwxr-xr-x: Operation not permitted
build	Cache Android SDK	2026-06-06T12:22:46.6303372Z /usr/bin/tar: ../../../../../usr/local/lib/android/sdk/platforms/android-35/data/res/values-mcc302-mnc720-sq: Cannot utime: Operation not permitted
build	Cache Android SDK	2026-06-06T12:22:46.6304385Z /usr/bin/tar: ../../../../../usr/local/lib/android/sdk/platforms/android-35/data/res/values-mcc302-mnc720-sq: Cannot change mode to rwxr-xr-x: Operation not permitted
build	Cache Android SDK	2026-06-06T12:22:46.6305987Z /usr/bin/tar: ../../../../../usr/local/lib/android/sdk/platforms/android-35/data/res/values-sq-watch: Cannot utime: Operation not permitted
build	Cache Android SDK	2026-06-06T12:22:46.6306888Z /usr/bin/tar: ../../../../../usr/local/lib/android/sdk/platforms/android-35/data/res/values-sq-watch: Cannot change mode to rwxr-xr-x: Operation not permitted
build	Cache Android SDK	2026-06-06T12:22:46.6309397Z /usr/bin/tar: ../../../../../usr/local/lib/android/sdk/platforms/android-35/data/res/values-mcc311-mnc180-lv: Cannot utime: Operation not permitted
build	Cache Android SDK	2026-06-06T12:22:46.6310321Z /usr/bin/tar: ../../../../../usr/local/lib/android/sdk/platforms/android-35/data/res/values-mcc311-mnc180-lv: Cannot change mode to rwxr-xr-x: Operation not permitted
build	Cache Android SDK	2026-06-06T12:22:46.6311918Z /usr/bin/tar: ../../../../../usr/local/lib/android/sdk/platforms/android-35/data/res/values-mcc310-mnc280-it: Cannot utime: Operation not permitted
build	Cache Android SDK	2026-06-06T12:22:46.6312860Z /usr/bin/tar: ../../../../../usr/local/lib/android/sdk/platforms/android-35/data/res/values-mcc310-mnc280-it: Cannot change mode to rwxr-xr-x: Operation not permitted
build	Cache Android SDK	2026-06-06T12:22:46.6315382Z /usr/bin/tar: ../../../../../usr/local/lib/android/sdk/platforms/android-35/data/res/values-mcc302-mnc720-kk: Cannot utime: Operation not permitted
build	Cache Android SDK	2026-06-06T12:22:46.6317087Z /usr/bin/tar: ../../../../../usr/local/lib/android/sdk/platforms/android-35/data/res/values-mcc302-mnc720-kk: Cannot change mode to rwxr-xr-x: Operation not permitted
build	Cache Android SDK	2026-06-06T12:22:46.6319368Z /usr/bin/tar: ../../../../../usr/local/lib/android/sdk/platforms/android-35/data/res: Cannot utime: Operation not permitted
build	Cache Android SDK	2026-06-06T12:22:46.6320967Z /usr/bin/tar: ../../../../../usr/local/lib/android/sdk/platforms/android-35/data/res: Cannot change mode to rwxr-xr-x: Operation not permitted
build	Cache Android SDK	2026-06-06T12:22:46.6387976Z /usr/bin/tar: ../../../../../usr/local/lib/android/sdk/platforms/android-35/data: Cannot utime: Operation not permitted
build	Cache Android SDK	2026-06-06T12:22:46.6389021Z /usr/bin/tar: ../../../../../usr/local/lib/android/sdk/platforms/android-35/data: Cannot change mode to rwxr-xr-x: Operation not permitted
build	Cache Android SDK	2026-06-06T12:22:46.6390041Z /usr/bin/tar: ../../../../../usr/local/lib/android/sdk/platforms/android-35: Cannot utime: Operation not permitted
build	Cache Android SDK	2026-06-06T12:22:46.6390757Z /usr/bin/tar: ../../../../../usr/local/lib/android/sdk/platforms/android-35: Cannot change mode to rwxr-xr-x: Operation not permitted
build	Cache Android SDK	2026-06-06T12:22:46.6405326Z /usr/bin/tar: ../../../../../usr/local/lib/android/sdk/platforms/android-34-ext10/optional/libbinder_ndk_cpp/android: Cannot utime: Operation not permitted
build	Cache Android SDK	2026-06-06T12:22:46.6407603Z /usr/bin/tar: ../../../../../usr/local/lib/android/sdk/platforms/android-34-ext10/optional/libbinder_ndk_cpp/android: Cannot change mode to rwxr-xr-x: Operation not permitted
build	Cache Android SDK	2026-06-06T12:22:46.6410096Z /usr/bin/tar: ../../../../../usr/local/lib/android/sdk/platforms/android-34-ext10/optional/libbinder_ndk_cpp: Cannot utime: Operation not permitted
build	Cache Android SDK	2026-06-06T12:22:46.6412880Z /usr/bin/tar: ../../../../../usr/local/lib/android/sdk/platforms/android-34-ext10/optional/libbinder_ndk_cpp: Cannot change mode to rwxr-xr-x: Operation not permitted
build	Cache Android SDK	2026-06-06T12:22:46.6415305Z /usr/bin/tar: ../../../../../usr/local/lib/android/sdk/platforms/android-34-ext10/optional: Cannot utime: Operation not permitted
build	Cache Android SDK	2026-06-06T12:22:46.6417818Z /usr/bin/tar: ../../../../../usr/local/lib/android/sdk/platforms/android-34-ext10/optional: Cannot change mode to rwxr-xr-x: Operation not permitted
build	Cache Android SDK	2026-06-06T12:22:46.6504083Z /usr/bin/tar: ../../../../../usr/local/lib/android/sdk/platforms/android-34-ext10/skins/WXGA800: Cannot utime: Operation not permitted
build	Cache Android SDK	2026-06-06T12:22:46.6505099Z /usr/bin/tar: ../../../../../usr/local/lib/android/sdk/platforms/android-34-ext10/skins/WXGA800: Cannot change mode to rwxr-xr-x: Operation not permitted
build	Cache Android SDK	2026-06-06T12:22:46.6511277Z /usr/bin/tar: ../../../../../usr/local/lib/android/sdk/platforms/android-34-ext10/skins/HVGA: Cannot utime: Operation not permitted
build	Cache Android SDK	2026-06-06T12:22:46.6512180Z /usr/bin/tar: ../../../../../usr/local/lib/android/sdk/platforms/android-34-ext10/skins/HVGA: Cannot change mode to rwxr-xr-x: Operation not permitted
build	Cache Android SDK	2026-06-06T12:22:46.6519901Z /usr/bin/tar: ../../../../../usr/local/lib/android/sdk/platforms/android-34-ext10/skins/WSVGA: Cannot utime: Operation not permitted
build	Cache Android SDK	2026-06-06T12:22:46.6520797Z /usr/bin/tar: ../../../../../usr/local/lib/android/sdk/platforms/android-34-ext10/skins/WSVGA: Cannot change mode to rwxr-xr-x: Operation not permitted
build	Cache Android SDK	2026-06-06T12:22:46.6527229Z /usr/bin/tar: ../../../../../usr/local/lib/android/sdk/platforms/android-34-ext10/skins/WQVGA432: Cannot utime: Operation not permitted
build	Cache Android SDK	2026-06-06T12:22:46.6528225Z /usr/bin/tar: ../../../../../usr/local/lib/android/sdk/platforms/android-34-ext10/skins/WQVGA432: Cannot change mode to rwxr-xr-x: Operation not permitted
build	Cache Android SDK	2026-06-06T12:22:46.6535559Z /usr/bin/tar: ../../../../../usr/local/lib/android/sdk/platforms/android-34-ext10/skins/WVGA854: Cannot utime: Operation not permitted
build	Cache Android SDK	2026-06-06T12:22:46.6537122Z /usr/bin/tar: ../../../../../usr/local/lib/android/sdk/platforms/android-34-ext10/skins/WVGA854: Cannot change mode to rwxr-xr-x: Operation not permitted
build	Cache Android SDK	2026-06-06T12:22:46.6547546Z /usr/bin/tar: ../../../../../usr/local/lib/android/sdk/platforms/android-34-ext10/skins/WXGA800-7in: Cannot utime: Operation not permitted
build	Cache Android SDK	2026-06-06T12:22:46.6548002Z /usr/bin/tar: ../../../../../usr/local/lib/android/sdk/platforms/android-34-ext10/skins/WXGA800-7in: Cannot change mode to rwxr-xr-x: Operation not permitted
build	Cache Android SDK	2026-06-06T12:22:46.6556465Z /usr/bin/tar: ../../../../../usr/local/lib/android/sdk/platforms/android-34-ext10/skins/QVGA: Cannot utime: Operation not permitted
build	Cache Android SDK	2026-06-06T12:22:46.6556933Z /usr/bin/tar: ../../../../../usr/local/lib/android/sdk/platforms/android-34-ext10/skins/QVGA: Cannot change mode to rwxr-xr-x: Operation not permitted
build	Cache Android SDK	2026-06-06T12:22:46.6566860Z /usr/bin/tar: ../../../../../usr/local/lib/android/sdk/platforms/android-34-ext10/skins/WQVGA400: Cannot utime: Operation not permitted
build	Cache Android SDK	2026-06-06T12:22:46.6567834Z /usr/bin/tar: ../../../../../usr/local/lib/android/sdk/platforms/android-34-ext10/skins/WQVGA400: Cannot change mode to rwxr-xr-x: Operation not permitted
build	Cache Android SDK	2026-06-06T12:22:46.6583535Z /usr/bin/tar: ../../../../../usr/local/lib/android/sdk/platforms/android-34-ext10/skins/WVGA800: Cannot utime: Operation not permitted
build	Cache Android SDK	2026-06-06T12:22:46.6584195Z /usr/bin/tar: ../../../../../usr/local/lib/android/sdk/platforms/android-34-ext10/skins/WVGA800: Cannot change mode to rwxr-xr-x: Operation not permitted
build	Cache Android SDK	2026-06-06T12:22:46.6590997Z /usr/bin/tar: ../../../../../usr/local/lib/android/sdk/platforms/android-34-ext10/skins/WXGA720: Cannot utime: Operation not permitted
build	Cache Android SDK	2026-06-06T12:22:46.6591542Z /usr/bin/tar: ../../../../../usr/local/lib/android/sdk/platforms/android-34-ext10/skins/WXGA720: Cannot change mode to rwxr-xr-x: Operation not permitted
build	Cache Android SDK	2026-06-06T12:22:46.6592001Z /usr/bin/tar: ../../../../../usr/local/lib/android/sdk/platforms/android-34-ext10/skins: Cannot utime: Operation not permitted
build	Cache Android SDK	2026-06-06T12:22:46.6592883Z /usr/bin/tar: ../../../../../usr/local/lib/android/sdk/platforms/android-34-ext10/skins: Cannot change mode to rwxr-xr-x: Operation not permitted
build	Cache Android SDK	2026-06-06T12:22:47.0771525Z /usr/bin/tar: ../../../../../usr/local/lib/android/sdk/platforms/android-34-ext10/templates: Cannot utime: Operation not permitted
build	Cache Android SDK	2026-06-06T12:22:47.0772913Z /usr/bin/tar: ../../../../../usr/local/lib/android/sdk/platforms/android-34-ext10/templates: Cannot change mode to rwxr-xr-x: Operation not permitted
build	Cache Android SDK	2026-06-06T12:22:47.0787303Z /usr/bin/tar: ../../../../../usr/local/lib/android/sdk/platforms/android-34-ext10/data/res/values-mcc310-mnc160-sk: Cannot utime: Operation not permitted
build	Cache Android SDK	2026-06-06T12:22:47.0788951Z /usr/bin/tar: ../../../../../usr/local/lib/android/sdk/platforms/android-34-ext10/data/res/values-mcc310-mnc160-sk: Cannot change mode to rwxr-xr-x: Operation not permitted
build	Cache Android SDK	2026-06-06T12:22:47.0792276Z /usr/bin/tar: ../../../../../usr/local/lib/android/sdk/platforms/android-34-ext10/data/res/values-mcc302-mnc370-hr: Cannot utime: Operation not permitted
build	Cache Android SDK	2026-06-06T12:22:47.0793430Z /usr/bin/tar: ../../../../../usr/local/lib/android/sdk/platforms/android-34-ext10/data/res/values-mcc302-mnc370-hr: Cannot change mode to rwxr-xr-x: Operation not permitted
build	Cache Android SDK	2026-06-06T12:22:47.1038739Z /usr/bin/tar: ../../../../../usr/local/lib/android/sdk/platforms/android-34-ext10/data/res/values-mcc310-mnc950-zh-rHK: Cannot utime: Operation not permitted
build	Cache Android SDK	2026-06-06T12:22:47.1040190Z /usr/bin/tar: ../../../../../usr/local/lib/android/sdk/platforms/android-34-ext10/data/res/values-mcc310-mnc950-zh-rHK: Cannot change mode to rwxr-xr-x: Operation not permitted
build	Cache Android SDK	2026-06-06T12:22:47.1042374Z /usr/bin/tar: ../../../../../usr/local/lib/android/sdk/platforms/android-34-ext10/data/res/values-mcc310-mnc210-et: Cannot utime: Operation not permitted
build	Cache Android SDK	2026-06-06T12:22:47.1043427Z /usr/bin/tar: ../../../../../usr/local/lib/android/sdk/platforms/android-34-ext10/data/res/values-mcc310-mnc210-et: Cannot change mode to rwxr-xr-x: Operation not permitted
build	Cache Android SDK	2026-06-06T12:22:47.1045344Z /usr/bin/tar: ../../../../../usr/local/lib/android/sdk/platforms/android-34-ext10/data/res/values-mcc310-mnc170-sl: Cannot utime: Operation not permitted
build	Cache Android SDK	2026-06-06T12:22:47.1046326Z /usr/bin/tar: ../../../../../usr/local/lib/android/sdk/platforms/android-34-ext10/data/res/values-mcc310-mnc170-sl: Cannot change mode to rwxr-xr-x: Operation not permitted
build	Cache Android SDK	2026-06-06T12:22:47.1052755Z /usr/bin/tar: ../../../../../usr/local/lib/android/sdk/platforms/android-34-ext10/data/res/values-mcc310-mnc150-eu: Cannot utime: Operation not permitted
build	Cache Android SDK	2026-06-06T12:22:47.1053717Z /usr/bin/tar: ../../../../../usr/local/lib/android/sdk/platforms/android-34-ext10/data/res/values-mcc310-mnc150-eu: Cannot change mode to rwxr-xr-x: Operation not permitted
build	Cache Android SDK	2026-06-06T12:22:47.1058383Z /usr/bin/tar: ../../../../../usr/local/lib/android/sdk/platforms/android-34-ext10/data/res/values-mcc334-mnc020-bs: Cannot utime: Operation not permitted
build	Cache Android SDK	2026-06-06T12:22:47.1059344Z /usr/bin/tar: ../../../../../usr/local/lib/android/sdk/platforms/android-34-ext10/data/res/values-mcc334-mnc020-bs: Cannot change mode to rwxr-xr-x: Operation not permitted
build	Cache Android SDK	2026-06-06T12:22:47.1065204Z /usr/bin/tar: ../../../../../usr/local/lib/android/sdk/platforms/android-34-ext10/data/res/values-mcc310-mnc310-en-rAU: Cannot utime: Operation not permitted
build	Cache Android SDK	2026-06-06T12:22:47.1066302Z /usr/bin/tar: ../../../../../usr/local/lib/android/sdk/platforms/android-34-ext10/data/res/values-mcc310-mnc310-en-rAU: Cannot change mode to rwxr-xr-x: Operation not permitted
build	Cache Android SDK	2026-06-06T12:22:47.1068052Z /usr/bin/tar: ../../../../../usr/local/lib/android/sdk/platforms/android-34-ext10/data/res/values-mcc334-mnc020-nl: Cannot utime: Operation not permitted
build	Cache Android SDK	2026-06-06T12:22:47.1069727Z /usr/bin/tar: ../../../../../usr/local/lib/android/sdk/platforms/android-34-ext10/data/res/values-mcc334-mnc020-nl: Cannot change mode to rwxr-xr-x: Operation not permitted
build	Cache Android SDK	2026-06-06T12:22:47.1073560Z /usr/bin/tar: ../../../../../usr/local/lib/android/sdk/platforms/android-34-ext10/data/res/raw-nl: Cannot utime: Operation not permitted
build	Cache Android SDK	2026-06-06T12:22:47.1074806Z /usr/bin/tar: ../../../../../usr/local/lib/android/sdk/platforms/android-34-ext10/data/res/raw-nl: Cannot change mode to rwxr-xr-x: Operation not permitted
build	Cache Android SDK	2026-06-06T12:22:47.1076229Z /usr/bin/tar: ../../../../../usr/local/lib/android/sdk/platforms/android-34-ext10/data/res/values-mcc310-mnc800-pl: Cannot utime: Operation not permitted
build	Cache Android SDK	2026-06-06T12:22:47.1077213Z /usr/bin/tar: ../../../../../usr/local/lib/android/sdk/platforms/android-34-ext10/data/res/values-mcc310-mnc800-pl: Cannot change mode to rwxr-xr-x: Operation not permitted
build	Cache Android SDK	2026-06-06T12:22:47.1079782Z /usr/bin/tar: ../../../../../usr/local/lib/android/sdk/platforms/android-34-ext10/data/res/values-mcc310-mnc490-sk: Cannot utime: Operation not permitted
build	Cache Android SDK	2026-06-06T12:22:47.1080761Z /usr/bin/tar: ../../../../../usr/local/lib/android/sdk/platforms/android-34-ext10/data/res/values-mcc310-mnc490-sk: Cannot change mode to rwxr-xr-x: Operation not permitted
build	Cache Android SDK	2026-06-06T12:22:47.1087008Z /usr/bin/tar: ../../../../../usr/local/lib/android/sdk/platforms/android-34-ext10/data/res/values-si: Cannot utime: Operation not permitted
build	Cache Android SDK	2026-06-06T12:22:47.1088411Z /usr/bin/tar: ../../../../../usr/local/lib/android/sdk/platforms/android-34-ext10/data/res/values-si: Cannot change mode to rwxr-xr-x: Operation not permitted
build	Cache Android SDK	2026-06-06T12:22:47.1089977Z /usr/bin/tar: ../../../../../usr/local/lib/android/sdk/platforms/android-34-ext10/data/res/values-mcc311-mnc180-bg: Cannot utime: Operation not permitted
build	Cache Android SDK	2026-06-06T12:22:47.1091009Z /usr/bin/tar: ../../../../../usr/local/lib/android/sdk/platforms/android-34-ext10/data/res/values-mcc311-mnc180-bg: Cannot change mode to rwxr-xr-x: Operation not permitted
build	Cache Android SDK	2026-06-06T12:22:47.1093265Z /usr/bin/tar: ../../../../../usr/local/lib/android/sdk/platforms/android-34-ext10/data/res/values-mcc310-mnc160-be: Cannot utime: Operation not permitted
build	Cache Android SDK	2026-06-06T12:22:47.1094238Z /usr/bin/tar: ../../../../../usr/local/lib/android/sdk/platforms/android-34-ext10/data/res/values-mcc310-mnc160-be: Cannot change mode to rwxr-xr-x: Operation not permitted
build	Cache Android SDK	2026-06-06T12:22:47.1185463Z /usr/bin/tar: ../../../../../usr/local/lib/android/sdk/platforms/android-34-ext10/data/res/values-mcc310-mnc280-pt: Cannot utime: Operation not permitted
build	Cache Android SDK	2026-06-06T12:22:47.1186525Z /usr/bin/tar: ../../../../../usr/local/lib/android/sdk/platforms/android-34-ext10/data/res/values-mcc310-mnc280-pt: Cannot change mode to rwxr-xr-x: Operation not permitted
build	Cache Android SDK	2026-06-06T12:22:47.1192755Z /usr/bin/tar: ../../../../../usr/local/lib/android/sdk/platforms/android-34-ext10/data/res/values-mcc302-mnc720-zh-rHK: Cannot utime: Operation not permitted
build	Cache Android SDK	2026-06-06T12:22:47.1193775Z /usr/bin/tar: ../../../../../usr/local/lib/android/sdk/platforms/android-34-ext10/data/res/values-mcc302-mnc720-zh-rHK: Cannot change mode to rwxr-xr-x: Operation not permitted
build	Cache Android SDK	2026-06-06T12:22:47.1199482Z /usr/bin/tar: ../../../../../usr/local/lib/android/sdk/platforms/android-34-ext10/data/res/values-mcc440-mnc50: Cannot utime: Operation not permitted
build	Cache Android SDK	2026-06-06T12:22:47.1200599Z /usr/bin/tar: ../../../../../usr/local/lib/android/sdk/platforms/android-34-ext10/data/res/values-mcc440-mnc50: Cannot change mode to rwxr-xr-x: Operation not permitted
build	Cache Android SDK	2026-06-06T12:22:47.1202599Z /usr/bin/tar: ../../../../../usr/local/lib/android/sdk/platforms/android-34-ext10/data/res/values-tr-television: Cannot utime: Operation not permitted
build	Cache Android SDK	2026-06-06T12:22:47.1203657Z /usr/bin/tar: ../../../../../usr/local/lib/android/sdk/platforms/android-34-ext10/data/res/values-tr-television: Cannot change mode to rwxr-xr-x: Operation not permitted
build	Cache Android SDK	2026-06-06T12:22:47.1210832Z /usr/bin/tar: ../../../../../usr/local/lib/android/sdk/platforms/android-34-ext10/data/res/values-mcc310-mnc490-th: Cannot utime: Operation not permitted
build	Cache Android SDK	2026-06-06T12:22:47.1211816Z /usr/bin/tar: ../../../../../usr/local/lib/android/sdk/platforms/android-34-ext10/data/res/values-mcc310-mnc490-th: Cannot change mode to rwxr-xr-x: Operation not permitted
build	Cache Android SDK	2026-06-06T12:22:47.1213911Z /usr/bin/tar: ../../../../../usr/local/lib/android/sdk/platforms/android-34-ext10/data/res/values-mcc311-mnc180-zh-rHK: Cannot utime: Operation not permitted
build	Cache Android SDK	2026-06-06T12:22:47.1215108Z /usr/bin/tar: ../../../../../usr/local/lib/android/sdk/platforms/android-34-ext10/data/res/values-mcc311-mnc180-zh-rHK: Cannot change mode to rwxr-xr-x: Operation not permitted
build	Cache Android SDK	2026-06-06T12:22:47.1217477Z /usr/bin/tar: ../../../../../usr/local/lib/android/sdk/platforms/android-34-ext10/data/res/values-mcc310-mnc310-fi: Cannot utime: Operation not permitted
build	Cache Android SDK	2026-06-06T12:22:47.1218496Z /usr/bin/tar: ../../../../../usr/local/lib/android/sdk/platforms/android-34-ext10/data/res/values-mcc310-mnc310-fi: Cannot change mode to rwxr-xr-x: Operation not permitted
build	Cache Android SDK	2026-06-06T12:22:47.1221110Z /usr/bin/tar: ../../../../../usr/local/lib/android/sdk/platforms/android-34-ext10/data/res/values-mcc313-mnc100-is: Cannot utime: Operation not permitted
build	Cache Android SDK	2026-06-06T12:22:47.1222088Z /usr/bin/tar: ../../../../../usr/local/lib/android/sdk/platforms/android-34-ext10/data/res/values-mcc313-mnc100-is: Cannot change mode to rwxr-xr-x: Operation not permitted
build	Cache Android SDK	2026-06-06T12:22:47.1224179Z /usr/bin/tar: ../../../../../usr/local/lib/android/sdk/platforms/android-34-ext10/data/res/values-mcc310-mnc280-as: Cannot utime: Operation not permitted
build	Cache Android SDK	2026-06-06T12:22:47.1225190Z /usr/bin/tar: ../../../../../usr/local/lib/android/sdk/platforms/android-34-ext10/data/res/values-mcc310-mnc280-as: Cannot change mode to rwxr-xr-x: Operation not permitted
build	Cache Android SDK	2026-06-06T12:22:47.1230541Z /usr/bin/tar: ../../../../../usr/local/lib/android/sdk/platforms/android-34-ext10/data/res/values-w180dp-notround-watch: Cannot utime: Operation not permitted
build	Cache Android SDK	2026-06-06T12:22:47.1231586Z /usr/bin/tar: ../../../../../usr/local/lib/android/sdk/platforms/android-34-ext10/data/res/values-w180dp-notround-watch: Cannot change mode to rwxr-xr-x: Operation not permitted
build	Cache Android SDK	2026-06-06T12:22:47.1233451Z /usr/bin/tar: ../../../../../usr/local/lib/android/sdk/platforms/android-34-ext10/data/res/values-mcc310-mnc030-gu: Cannot utime: Operation not permitted
build	Cache Android SDK	2026-06-06T12:22:47.1234495Z /usr/bin/tar: ../../../../../usr/local/lib/android/sdk/platforms/android-34-ext10/data/res/values-mcc310-mnc030-gu: Cannot change mode to rwxr-xr-x: Operation not permitted
build	Cache Android SDK	2026-06-06T12:22:47.1236885Z /usr/bin/tar: ../../../../../usr/local/lib/android/sdk/platforms/android-34-ext10/data/res/values-mcc310-mnc210-in: Cannot utime: Operation not permitted
build	Cache Android SDK	2026-06-06T12:22:47.1238015Z /usr/bin/tar: ../../../../../usr/local/lib/android/sdk/platforms/android-34-ext10/data/res/values-mcc310-mnc210-in: Cannot change mode to rwxr-xr-x: Operation not permitted
build	Cache Android SDK	2026-06-06T12:22:47.1239957Z /usr/bin/tar: ../../../../../usr/local/lib/android/sdk/platforms/android-34-ext10/data/res/values-mcc310-mnc410-nl: Cannot utime: Operation not permitted
build	Cache Android SDK	2026-06-06T12:22:47.1240997Z /usr/bin/tar: ../../../../../usr/local/lib/android/sdk/platforms/android-34-ext10/data/res/values-mcc310-mnc410-nl: Cannot change mode to rwxr-xr-x: Operation not permitted
build	Cache Android SDK	2026-06-06T12:22:47.1243653Z /usr/bin/tar: ../../../../../usr/local/lib/android/sdk/platforms/android-34-ext10/data/res/values-mcc310-mnc410-hi: Cannot utime: Operation not permitted
build	Cache Android SDK	2026-06-06T12:22:47.1244763Z /usr/bin/tar: ../../../../../usr/local/lib/android/sdk/platforms/android-34-ext10/data/res/values-mcc310-mnc410-hi: Cannot change mode to rwxr-xr-x: Operation not permitted
build	Cache Android SDK	2026-06-06T12:22:47.1246684Z /usr/bin/tar: ../../../../../usr/local/lib/android/sdk/platforms/android-34-ext10/data/res/values-mcc310-mnc210-iw: Cannot utime: Operation not permitted
build	Cache Android SDK	2026-06-06T12:22:47.1247810Z /usr/bin/tar: ../../../../../usr/local/lib/android/sdk/platforms/android-34-ext10/data/res/values-mcc310-mnc210-iw: Cannot change mode to rwxr-xr-x: Operation not permitted
build	Cache Android SDK	2026-06-06T12:22:47.1249973Z /usr/bin/tar: ../../../../../usr/local/lib/android/sdk/platforms/android-34-ext10/data/res/values-mcc001-mnc01-or: Cannot utime: Operation not permitted
build	Cache Android SDK	2026-06-06T12:22:47.1251166Z /usr/bin/tar: ../../../../../usr/local/lib/android/sdk/platforms/android-34-ext10/data/res/values-mcc001-mnc01-or: Cannot change mode to rwxr-xr-x: Operation not permitted
build	Cache Android SDK	2026-06-06T12:22:47.1253703Z /usr/bin/tar: ../../../../../usr/local/lib/android/sdk/platforms/android-34-ext10/data/res/values-mcc310-mnc230-pl: Cannot utime: Operation not permitted
build	Cache Android SDK	2026-06-06T12:22:47.1254675Z /usr/bin/tar: ../../../../../usr/local/lib/android/sdk/platforms/android-34-ext10/data/res/values-mcc310-mnc230-pl: Cannot change mode to rwxr-xr-x: Operation not permitted
build	Cache Android SDK	2026-06-06T12:22:47.1257223Z /usr/bin/tar: ../../../../../usr/local/lib/android/sdk/platforms/android-34-ext10/data/res/values-de-watch: Cannot utime: Operation not permitted
build	Cache Android SDK	2026-06-06T12:22:47.1258311Z /usr/bin/tar: ../../../../../usr/local/lib/android/sdk/platforms/android-34-ext10/data/res/values-de-watch: Cannot change mode to rwxr-xr-x: Operation not permitted
build	Cache Android SDK	2026-06-06T12:22:47.1262453Z /usr/bin/tar: ../../../../../usr/local/lib/android/sdk/platforms/android-34-ext10/data/res/raw: Cannot utime: Operation not permitted
build	Cache Android SDK	2026-06-06T12:22:47.1263382Z /usr/bin/tar: ../../../../../usr/local/lib/android/sdk/platforms/android-34-ext10/data/res/raw: Cannot change mode to rwxr-xr-x: Operation not permitted
build	Cache Android SDK	2026-06-06T12:22:47.1265241Z /usr/bin/tar: ../../../../../usr/local/lib/android/sdk/platforms/android-34-ext10/data/res/values-mcc310-mnc380-ml: Cannot utime: Operation not permitted
build	Cache Android SDK	2026-06-06T12:22:47.1266215Z /usr/bin/tar: ../../../../../usr/local/lib/android/sdk/platforms/android-34-ext10/data/res/values-mcc310-mnc380-ml: Cannot change mode to rwxr-xr-x: Operation not permitted
build	Cache Android SDK	2026-06-06T12:22:47.1268926Z /usr/bin/tar: ../../../../../usr/local/lib/android/sdk/platforms/android-34-ext10/data/res/values-mcc310-mnc660-pt-rPT: Cannot utime: Operation not permitted
build	Cache Android SDK	2026-06-06T12:22:47.1270005Z /usr/bin/tar: ../../../../../usr/local/lib/android/sdk/platforms/android-34-ext10/data/res/values-mcc310-mnc660-pt-rPT: Cannot change mode to rwxr-xr-x: Operation not permitted
build	Cache Android SDK	2026-06-06T12:22:47.1271660Z /usr/bin/tar: ../../../../../usr/local/lib/android/sdk/platforms/android-34-ext10/data/res/values-mcc310-mnc800-zh-rCN: Cannot utime: Operation not permitted
build	Cache Android SDK	2026-06-06T12:22:47.1272918Z /usr/bin/tar: ../../../../../usr/local/lib/android/sdk/platforms/android-34-ext10/data/res/values-mcc310-mnc800-zh-rCN: Cannot change mode to rwxr-xr-x: Operation not permitted
build	Cache Android SDK	2026-06-06T12:22:47.1278175Z /usr/bin/tar: ../../../../../usr/local/lib/android/sdk/platforms/android-34-ext10/data/res/values-ky: Cannot utime: Operation not permitted
build	Cache Android SDK	2026-06-06T12:22:47.1279627Z /usr/bin/tar: ../../../../../usr/local/lib/android/sdk/platforms/android-34-ext10/data/res/values-ky: Cannot change mode to rwxr-xr-x: Operation not permitted
build	Cache Android SDK	2026-06-06T12:22:47.1284820Z /usr/bin/tar: ../../../../../usr/local/lib/android/sdk/platforms/android-34-ext10/data/res/values-mcc311-mnc180-my: Cannot utime: Operation not permitted
build	Cache Android SDK	2026-06-06T12:22:47.1285940Z /usr/bin/tar: ../../../../../usr/local/lib/android/sdk/platforms/android-34-ext10/data/res/values-mcc311-mnc180-my: Cannot change mode to rwxr-xr-x: Operation not permitted
build	Cache Android SDK	2026-06-06T12:22:47.1287779Z /usr/bin/tar: ../../../../../usr/local/lib/android/sdk/platforms/android-34-ext10/data/res/values-mcc310-mnc240-da: Cannot utime: Operation not permitted
build	Cache Android SDK	2026-06-06T12:22:47.1289062Z /usr/bin/tar: ../../../../../usr/local/lib/android/sdk/platforms/android-34-ext10/data/res/values-mcc310-mnc240-da: Cannot change mode to rwxr-xr-x: Operation not permitted
build	Cache Android SDK	2026-06-06T12:22:47.1290546Z /usr/bin/tar: ../../../../../usr/local/lib/android/sdk/platforms/android-34-ext10/data/res/values-mcc310-mnc660-fa: Cannot utime: Operation not permitted
build	Cache Android SDK	2026-06-06T12:22:47.1291561Z /usr/bin/tar: ../../../../../usr/local/lib/android/sdk/platforms/android-34-ext10/data/res/values-mcc310-mnc660-fa: Cannot change mode to rwxr-xr-x: Operation not permitted
build	Cache Android SDK	2026-06-06T12:22:47.1293050Z /usr/bin/tar: ../../../../../usr/local/lib/android/sdk/platforms/android-34-ext10/data/res/values-mcc310-mnc270-sr: Cannot utime: Operation not permitted
build	Cache Android SDK	2026-06-06T12:22:47.1294110Z /usr/bin/tar: ../../../../../usr/local/lib/android/sdk/platforms/android-34-ext10/data/res/values-mcc310-mnc270-sr: Cannot change mode to rwxr-xr-x: Operation not permitted
build	Cache Android SDK	2026-06-06T12:22:47.1295944Z /usr/bin/tar: ../../../../../usr/local/lib/android/sdk/platforms/android-34-ext10/data/res/values-mcc310-mnc220-en-rIN: Cannot utime: Operation not permitted
build	Cache Android SDK	2026-06-06T12:22:47.1296926Z /usr/bin/tar: ../../../../../usr/local/lib/android/sdk/platforms/android-34-ext10/data/res/values-mcc310-mnc220-en-rIN: Cannot change mode to rwxr-xr-x: Operation not permitted
build	Cache Android SDK	2026-06-06T12:22:47.1303740Z /usr/bin/tar: ../../../../../usr/local/lib/android/sdk/platforms/android-34-ext10/data/res/values-bg: Cannot utime: Operation not permitted
build	Cache Android SDK	2026-06-06T12:22:47.1304809Z /usr/bin/tar: ../../../../../usr/local/lib/android/sdk/platforms/android-34-ext10/data/res/values-bg: Cannot change mode to rwxr-xr-x: Operation not permitted
build	Cache Android SDK	2026-06-06T12:22:47.1306595Z /usr/bin/tar: ../../../../../usr/local/lib/android/sdk/platforms/android-34-ext10/data/res/values-mcc310-mnc200-kn: Cannot utime: Operation not permitted
build	Cache Android SDK	2026-06-06T12:22:47.1307812Z /usr/bin/tar: ../../../../../usr/local/lib/android/sdk/platforms/android-34-ext10/data/res/values-mcc310-mnc200-kn: Cannot change mode to rwxr-xr-x: Operation not permitted
build	Cache Android SDK	2026-06-06T12:22:47.1309467Z /usr/bin/tar: ../../../../../usr/local/lib/android/sdk/platforms/android-34-ext10/data/res/values-mcc310-mnc230-nb: Cannot utime: Operation not permitted
build	Cache Android SDK	2026-06-06T12:22:47.1310412Z /usr/bin/tar: ../../../../../usr/local/lib/android/sdk/platforms/android-34-ext10/data/res/values-mcc310-mnc230-nb: Cannot change mode to rwxr-xr-x: Operation not permitted
build	Cache Android SDK	2026-06-06T12:22:47.1312413Z /usr/bin/tar: ../../../../../usr/local/lib/android/sdk/platforms/android-34-ext10/data/res/values-mcc310-mnc280-af: Cannot utime: Operation not permitted
build	Cache Android SDK	2026-06-06T12:22:47.1313383Z /usr/bin/tar: ../../../../../usr/local/lib/android/sdk/platforms/android-34-ext10/data/res/values-mcc310-mnc280-af: Cannot change mode to rwxr-xr-x: Operation not permitted
build	Cache Android SDK	2026-06-06T12:22:47.1315964Z /usr/bin/tar: ../../../../../usr/local/lib/android/sdk/platforms/android-34-ext10/data/res/values-mcc310-mnc800-te: Cannot utime: Operation not permitted
build	Cache Android SDK	2026-06-06T12:22:47.1317032Z /usr/bin/tar: ../../../../../usr/local/lib/android/sdk/platforms/android-34-ext10/data/res/values-mcc310-mnc800-te: Cannot change mode to rwxr-xr-x: Operation not permitted
build	Cache Android SDK	2026-06-06T12:22:47.1318677Z /usr/bin/tar: ../../../../../usr/local/lib/android/sdk/platforms/android-34-ext10/data/res/values-gl-watch: Cannot utime: Operation not permitted
build	Cache Android SDK	2026-06-06T12:22:47.1319591Z /usr/bin/tar: ../../../../../usr/local/lib/android/sdk/platforms/android-34-ext10/data/res/values-gl-watch: Cannot change mode to rwxr-xr-x: Operation not permitted
build	Cache Android SDK	2026-06-06T12:22:47.1321885Z /usr/bin/tar: ../../../../../usr/local/lib/android/sdk/platforms/android-34-ext10/data/res/values-mcc310-mnc240-hu: Cannot utime: Operation not permitted
build	Cache Android SDK	2026-06-06T12:22:47.1322872Z /usr/bin/tar: ../../../../../usr/local/lib/android/sdk/platforms/android-34-ext10/data/res/values-mcc310-mnc240-hu: Cannot change mode to rwxr-xr-x: Operation not permitted
build	Cache Android SDK	2026-06-06T12:22:47.1328275Z /usr/bin/tar: ../../../../../usr/local/lib/android/sdk/platforms/android-34-ext10/data/res/values-mcc310-mnc950-bs: Cannot utime: Operation not permitted
build	Cache Android SDK	2026-06-06T12:22:47.1329342Z /usr/bin/tar: ../../../../../usr/local/lib/android/sdk/platforms/android-34-ext10/data/res/values-mcc310-mnc950-bs: Cannot change mode to rwxr-xr-x: Operation not permitted
build	Cache Android SDK	2026-06-06T12:22:47.1330977Z /usr/bin/tar: ../../../../../usr/local/lib/android/sdk/platforms/android-34-ext10/data/res/values-bn-television: Cannot utime: Operation not permitted
build	Cache Android SDK	2026-06-06T12:22:47.1331930Z /usr/bin/tar: ../../../../../usr/local/lib/android/sdk/platforms/android-34-ext10/data/res/values-bn-television: Cannot change mode to rwxr-xr-x: Operation not permitted
build	Cache Android SDK	2026-06-06T12:22:47.1334327Z /usr/bin/tar: ../../../../../usr/local/lib/android/sdk/platforms/android-34-ext10/data/res/values-mcc310-mnc250-te: Cannot utime: Operation not permitted
build	Cache Android SDK	2026-06-06T12:22:47.1335329Z /usr/bin/tar: ../../../../../usr/local/lib/android/sdk/platforms/android-34-ext10/data/res/values-mcc310-mnc250-te: Cannot change mode to rwxr-xr-x: Operation not permitted
build	Cache Android SDK	2026-06-06T12:22:47.1337707Z /usr/bin/tar: ../../../../../usr/local/lib/android/sdk/platforms/android-34-ext10/data/res/values-mcc302-mnc720-cs: Cannot utime: Operation not permitted
build	Cache Android SDK	2026-06-06T12:22:47.1338686Z /usr/bin/tar: ../../../../../usr/local/lib/android/sdk/platforms/android-34-ext10/data/res/values-mcc302-mnc720-cs: Cannot change mode to rwxr-xr-x: Operation not permitted
build	Cache Android SDK	2026-06-06T12:22:47.1340933Z /usr/bin/tar: ../../../../../usr/local/lib/android/sdk/platforms/android-34-ext10/data/res/values-mcc310-mnc410-or: Cannot utime: Operation not permitted
build	Cache Android SDK	2026-06-06T12:22:47.1341891Z /usr/bin/tar: ../../../../../usr/local/lib/android/sdk/platforms/android-34-ext10/data/res/values-mcc310-mnc410-or: Cannot change mode to rwxr-xr-x: Operation not permitted
build	Cache Android SDK	2026-06-06T12:22:47.1343850Z /usr/bin/tar: ../../../../../usr/local/lib/android/sdk/platforms/android-34-ext10/data/res/values-mcc313-mnc100-af: Cannot utime: Operation not permitted
build	Cache Android SDK	2026-06-06T12:22:47.1344801Z /usr/bin/tar: ../../../../../usr/local/lib/android/sdk/platforms/android-34-ext10/data/res/values-mcc313-mnc100-af: Cannot change mode to rwxr-xr-x: Operation not permitted
build	Cache Android SDK	2026-06-06T12:22:47.1347904Z /usr/bin/tar: ../../../../../usr/local/lib/android/sdk/platforms/android-34-ext10/data/res/values-mcc310-mnc170-zu: Cannot utime: Operation not permitted
build	Cache Android SDK	2026-06-06T12:22:47.1349652Z /usr/bin/tar: ../../../../../usr/local/lib/android/sdk/platforms/android-34-ext10/data/res/values-mcc310-mnc170-zu: Cannot change mode to rwxr-xr-x: Operation not permitted
build	Cache Android SDK	2026-06-06T12:22:47.1350967Z /usr/bin/tar: ../../../../../usr/local/lib/android/sdk/platforms/android-34-ext10/data/res/values-mcc311-mnc180-vi: Cannot utime: Operation not permitted
build	Cache Android SDK	2026-06-06T12:22:47.1352153Z /usr/bin/tar: ../../../../../usr/local/lib/android/sdk/platforms/android-34-ext10/data/res/values-mcc311-mnc180-vi: Cannot change mode to rwxr-xr-x: Operation not permitted
build	Cache Android SDK	2026-06-06T12:22:47.1353554Z /usr/bin/tar: ../../../../../usr/local/lib/android/sdk/platforms/android-34-ext10/data/res/values-ca-television: Cannot utime: Operation not permitted
build	Cache Android SDK	2026-06-06T12:22:47.1354687Z /usr/bin/tar: ../../../../../usr/local/lib/android/sdk/platforms/android-34-ext10/data/res/values-ca-television: Cannot change mode to rwxr-xr-x: Operation not permitted
build	Cache Android SDK	2026-06-06T12:22:47.1356705Z /usr/bin/tar: ../../../../../usr/local/lib/android/sdk/platforms/android-34-ext10/data/res/values-mcc001-mnc01-pa: Cannot utime: Operation not permitted
build	Cache Android SDK	2026-06-06T12:22:47.1357944Z /usr/bin/tar: ../../../../../usr/local/lib/android/sdk/platforms/android-34-ext10/data/res/values-mcc001-mnc01-pa: Cannot change mode to rwxr-xr-x: Operation not permitted
build	Cache Android SDK	2026-06-06T12:22:47.1359963Z /usr/bin/tar: ../../../../../usr/local/lib/android/sdk/platforms/android-34-ext10/data/res/values-mcc302-mnc720-ar: Cannot utime: Operation not permitted
build	Cache Android SDK	2026-06-06T12:22:47.1361050Z /usr/bin/tar: ../../../../../usr/local/lib/android/sdk/platforms/android-34-ext10/data/res/values-mcc302-mnc720-ar: Cannot change mode to rwxr-xr-x: Operation not permitted
build	Cache Android SDK	2026-06-06T12:22:47.1363405Z /usr/bin/tar: ../../../../../usr/local/lib/android/sdk/platforms/android-34-ext10/data/res/values-mcc001-mnc01-ka: Cannot utime: Operation not permitted
build	Cache Android SDK	2026-06-06T12:22:47.1364455Z /usr/bin/tar: ../../../../../usr/local/lib/android/sdk/platforms/android-34-ext10/data/res/values-mcc001-mnc01-ka: Cannot change mode to rwxr-xr-x: Operation not permitted
build	Cache Android SDK	2026-06-06T12:22:47.1366323Z /usr/bin/tar: ../../../../../usr/local/lib/android/sdk/platforms/android-34-ext10/data/res/values-mcc310-mnc230-te: Cannot utime: Operation not permitted
build	Cache Android SDK	2026-06-06T12:22:47.1367279Z /usr/bin/tar: ../../../../../usr/local/lib/android/sdk/platforms/android-34-ext10/data/res/values-mcc310-mnc230-te: Cannot change mode to rwxr-xr-x: Operation not permitted
build	Cache Android SDK	2026-06-06T12:22:47.1369388Z /usr/bin/tar: ../../../../../usr/local/lib/android/sdk/platforms/android-34-ext10/data/res/values-mcc310-mnc030-or: Cannot utime: Operation not permitted
build	Cache Android SDK	2026-06-06T12:22:47.1370349Z /usr/bin/tar: ../../../../../usr/local/lib/android/sdk/platforms/android-34-ext10/data/res/values-mcc310-mnc030-or: Cannot change mode to rwxr-xr-x: Operation not permitted
build	Cache Android SDK	2026-06-06T12:22:47.1372756Z /usr/bin/tar: ../../../../../usr/local/lib/android/sdk/platforms/android-34-ext10/data/res/values-mcc310-mnc310-fr: Cannot utime: Operation not permitted
build	Cache Android SDK	2026-06-06T12:22:47.1373753Z /usr/bin/tar: ../../../../../usr/local/lib/android/sdk/platforms/android-34-ext10/data/res/values-mcc310-mnc310-fr: Cannot change mode to rwxr-xr-x: Operation not permitted
build	Cache Android SDK	2026-06-06T12:22:47.1376043Z /usr/bin/tar: ../../../../../usr/local/lib/android/sdk/platforms/android-34-ext10/data/res/values-mcc310-mnc210-ml: Cannot utime: Operation not permitted
build	Cache Android SDK	2026-06-06T12:22:47.1377063Z /usr/bin/tar: ../../../../../usr/local/lib/android/sdk/platforms/android-34-ext10/data/res/values-mcc310-mnc210-ml: Cannot change mode to rwxr-xr-x: Operation not permitted
build	Cache Android SDK	2026-06-06T12:22:47.1379009Z /usr/bin/tar: ../../../../../usr/local/lib/android/sdk/platforms/android-34-ext10/data/res/values-mcc310-mnc150-bg: Cannot utime: Operation not permitted
build	Cache Android SDK	2026-06-06T12:22:47.1379970Z /usr/bin/tar: ../../../../../usr/local/lib/android/sdk/platforms/android-34-ext10/data/res/values-mcc310-mnc150-bg: Cannot change mode to rwxr-xr-x: Operation not permitted
build	Cache Android SDK	2026-06-06T12:22:47.1382513Z /usr/bin/tar: ../../../../../usr/local/lib/android/sdk/platforms/android-34-ext10/data/res/values-mcc310-mnc230-ta: Cannot utime: Operation not permitted
build	Cache Android SDK	2026-06-06T12:22:47.1383526Z /usr/bin/tar: ../../../../../usr/local/lib/android/sdk/platforms/android-34-ext10/data/res/values-mcc310-mnc230-ta: Cannot change mode to rwxr-xr-x: Operation not permitted
build	Cache Android SDK	2026-06-06T12:22:47.1385403Z /usr/bin/tar: ../../../../../usr/local/lib/android/sdk/platforms/android-34-ext10/data/res/values-mcc310-mnc800-hr: Cannot utime: Operation not permitted
build	Cache Android SDK	2026-06-06T12:22:47.1386667Z /usr/bin/tar: ../../../../../usr/local/lib/android/sdk/platforms/android-34-ext10/data/res/values-mcc310-mnc800-hr: Cannot change mode to rwxr-xr-x: Operation not permitted
build	Cache Android SDK	2026-06-06T12:22:47.1388463Z /usr/bin/tar: ../../../../../usr/local/lib/android/sdk/platforms/android-34-ext10/data/res/values-mcc310-mnc240-sq: Cannot utime: Operation not permitted
build	Cache Android SDK	2026-06-06T12:22:47.1389412Z /usr/bin/tar: ../../../../../usr/local/lib/android/sdk/platforms/android-34-ext10/data/res/values-mcc310-mnc240-sq: Cannot change mode to rwxr-xr-x: Operation not permitted
build	Cache Android SDK	2026-06-06T12:22:47.1391927Z /usr/bin/tar: ../../../../../usr/local/lib/android/sdk/platforms/android-34-ext10/data/res/values-mcc311-mnc180-pt: Cannot utime: Operation not permitted
build	Cache Android SDK	2026-06-06T12:22:47.1393046Z /usr/bin/tar: ../../../../../usr/local/lib/android/sdk/platforms/android-34-ext10/data/res/values-mcc311-mnc180-pt: Cannot change mode to rwxr-xr-x: Operation not permitted
build	Cache Android SDK	2026-06-06T12:22:47.1394678Z /usr/bin/tar: ../../../../../usr/local/lib/android/sdk/platforms/android-34-ext10/data/res/values-mcc310-mnc660-hy: Cannot utime: Operation not permitted
build	Cache Android SDK	2026-06-06T12:22:47.1395724Z /usr/bin/tar: ../../../../../usr/local/lib/android/sdk/platforms/android-34-ext10/data/res/values-mcc310-mnc660-hy: Cannot change mode to rwxr-xr-x: Operation not permitted
build	Cache Android SDK	2026-06-06T12:22:47.1397670Z /usr/bin/tar: ../../../../../usr/local/lib/android/sdk/platforms/android-34-ext10/data/res/values-mcc001-mnc01: Cannot utime: Operation not permitted
build	Cache Android SDK	2026-06-06T12:22:47.1398691Z /usr/bin/tar: ../../../../../usr/local/lib/android/sdk/platforms/android-34-ext10/data/res/values-mcc001-mnc01: Cannot change mode to rwxr-xr-x: Operation not permitted
build	Cache Android SDK	2026-06-06T12:22:47.1403442Z /usr/bin/tar: ../../../../../usr/local/lib/android/sdk/platforms/android-34-ext10/data/res/values-mcc310-mnc220-sl: Cannot utime: Operation not permitted
build	Cache Android SDK	2026-06-06T12:22:47.1404533Z /usr/bin/tar: ../../../../../usr/local/lib/android/sdk/platforms/android-34-ext10/data/res/values-mcc310-mnc220-sl: Cannot change mode to rwxr-xr-x: Operation not permitted
build	Cache Android SDK	2026-06-06T12:22:47.1406653Z /usr/bin/tar: ../../../../../usr/local/lib/android/sdk/platforms/android-34-ext10/data/res/values-mcc310-mnc560-fi: Cannot utime: Operation not permitted
build	Cache Android SDK	2026-06-06T12:22:47.1407815Z /usr/bin/tar: ../../../../../usr/local/lib/android/sdk/platforms/android-34-ext10/data/res/values-mcc310-mnc560-fi: Cannot change mode to rwxr-xr-x: Operation not permitted
build	Cache Android SDK	2026-06-06T12:22:47.1409553Z /usr/bin/tar: ../../../../../usr/local/lib/android/sdk/platforms/android-34-ext10/data/res/values-mcc312-mnc670-en-rCA: Cannot utime: Operation not permitted
build	Cache Android SDK	2026-06-06T12:22:47.1410530Z /usr/bin/tar: ../../../../../usr/local/lib/android/sdk/platforms/android-34-ext10/data/res/values-mcc312-mnc670-en-rCA: Cannot change mode to rwxr-xr-x: Operation not permitted
build	Cache Android SDK	2026-06-06T12:22:47.1412729Z /usr/bin/tar: ../../../../../usr/local/lib/android/sdk/platforms/android-34-ext10/data/res/values-mcc312-mnc670-fa: Cannot utime: Operation not permitted
build	Cache Android SDK	2026-06-06T12:22:47.1413754Z /usr/bin/tar: ../../../../../usr/local/lib/android/sdk/platforms/android-34-ext10/data/res/values-mcc312-mnc670-fa: Cannot change mode to rwxr-xr-x: Operation not permitted
build	Cache Android SDK	2026-06-06T12:22:47.1415576Z /usr/bin/tar: ../../../../../usr/local/lib/android/sdk/platforms/android-34-ext10/data/res/values-mcc310-mnc230-ne: Cannot utime: Operation not permitted
build	Cache Android SDK	2026-06-06T12:22:47.1416520Z /usr/bin/tar: ../../../../../usr/local/lib/android/sdk/platforms/android-34-ext10/data/res/values-mcc310-mnc230-ne: Cannot change mode to rwxr-xr-x: Operation not permitted
build	Cache Android SDK	2026-06-06T12:22:47.1418981Z /usr/bin/tar: ../../../../../usr/local/lib/android/sdk/platforms/android-34-ext10/data/res/values-es-rCR: Cannot utime: Operation not permitted
build	Cache Android SDK	2026-06-06T12:22:47.1420014Z /usr/bin/tar: ../../../../../usr/local/lib/android/sdk/platforms/android-34-ext10/data/res/values-es-rCR: Cannot change mode to rwxr-xr-x: Operation not permitted
build	Cache Android SDK	2026-06-06T12:22:47.1422137Z /usr/bin/tar: ../../../../../usr/local/lib/android/sdk/platforms/android-34-ext10/data/res/values-mcc312-mnc670-en-rGB: Cannot utime: Operation not permitted
build	Cache Android SDK	2026-06-06T12:22:47.1423150Z /usr/bin/tar: ../../../../../usr/local/lib/android/sdk/platforms/android-34-ext10/data/res/values-mcc312-mnc670-en-rGB: Cannot change mode to rwxr-xr-x: Operation not permitted
build	Cache Android SDK	2026-06-06T12:22:47.1425461Z /usr/bin/tar: ../../../../../usr/local/lib/android/sdk/platforms/android-34-ext10/data/res/values-mcc310-mnc950-bg: Cannot utime: Operation not permitted
build	Cache Android SDK	2026-06-06T12:22:47.1426434Z /usr/bin/tar: ../../../../../usr/local/lib/android/sdk/platforms/android-34-ext10/data/res/values-mcc310-mnc950-bg: Cannot change mode to rwxr-xr-x: Operation not permitted
build	Cache Android SDK	2026-06-06T12:22:47.1429016Z /usr/bin/tar: ../../../../../usr/local/lib/android/sdk/platforms/android-34-ext10/data/res/values-mcc310-mnc210-be: Cannot utime: Operation not permitted
build	Cache Android SDK	2026-06-06T12:22:47.1429998Z /usr/bin/tar: ../../../../../usr/local/lib/android/sdk/platforms/android-34-ext10/data/res/values-mcc310-mnc210-be: Cannot change mode to rwxr-xr-x: Operation not permitted
build	Cache Android SDK	2026-06-06T12:22:47.1432183Z /usr/bin/tar: ../../../../../usr/local/lib/android/sdk/platforms/android-34-ext10/data/res/values-mcc302-mnc720-tr: Cannot utime: Operation not permitted
build	Cache Android SDK	2026-06-06T12:22:47.1433173Z /usr/bin/tar: ../../../../../usr/local/lib/android/sdk/platforms/android-34-ext10/data/res/values-mcc302-mnc720-tr: Cannot change mode to rwxr-xr-x: Operation not permitted
build	Cache Android SDK	2026-06-06T12:22:47.1439218Z /usr/bin/tar: ../../../../../usr/local/lib/android/sdk/platforms/android-34-ext10/data/res/values-mcc310-mnc240-ar: Cannot utime: Operation not permitted
build	Cache Android SDK	2026-06-06T12:22:47.1440559Z /usr/bin/tar: ../../../../../usr/local/lib/android/sdk/platforms/android-34-ext10/data/res/values-mcc310-mnc240-ar: Cannot change mode to rwxr-xr-x: Operation not permitted
build	Cache Android SDK	2026-06-06T12:22:47.1442351Z /usr/bin/tar: ../../../../../usr/local/lib/android/sdk/platforms/android-34-ext10/data/res/values-mcc310-mnc220-vi: Cannot utime: Operation not permitted
build	Cache Android SDK	2026-06-06T12:22:47.1443443Z /usr/bin/tar: ../../../../../usr/local/lib/android/sdk/platforms/android-34-ext10/data/res/values-mcc310-mnc220-vi: Cannot change mode to rwxr-xr-x: Operation not permitted
build	Cache Android SDK	2026-06-06T12:22:47.1445383Z /usr/bin/tar: ../../../../../usr/local/lib/android/sdk/platforms/android-34-ext10/data/res/values-mcc310-mnc310-ja: Cannot utime: Operation not permitted
build	Cache Android SDK	2026-06-06T12:22:47.1446350Z /usr/bin/tar: ../../../../../usr/local/lib/android/sdk/platforms/android-34-ext10/data/res/values-mcc310-mnc310-ja: Cannot change mode to rwxr-xr-x: Operation not permitted
build	Cache Android SDK	2026-06-06T12:22:47.1451609Z /usr/bin/tar: ../../../../../usr/local/lib/android/sdk/platforms/android-34-ext10/data/res/values-mcc310-mnc150-fr: Cannot utime: Operation not permitted
build	Cache Android SDK	2026-06-06T12:22:47.1452707Z /usr/bin/tar: ../../../../../usr/local/lib/android/sdk/platforms/android-34-ext10/data/res/values-mcc310-mnc150-fr: Cannot change mode to rwxr-xr-x: Operation not permitted
build	Cache Android SDK	2026-06-06T12:22:47.1454442Z /usr/bin/tar: ../../../../../usr/local/lib/android/sdk/platforms/android-34-ext10/data/res/values-mcc310-mnc280-iw: Cannot utime: Operation not permitted
build	Cache Android SDK	2026-06-06T12:22:47.1455420Z /usr/bin/tar: ../../../../../usr/local/lib/android/sdk/platforms/android-34-ext10/data/res/values-mcc310-mnc280-iw: Cannot change mode to rwxr-xr-x: Operation not permitted
build	Cache Android SDK	2026-06-06T12:22:47.1458112Z /usr/bin/tar: ../../../../../usr/local/lib/android/sdk/platforms/android-34-ext10/data/res/values-mcc310-mnc950-ar: Cannot utime: Operation not permitted
build	Cache Android SDK	2026-06-06T12:22:47.1459063Z /usr/bin/tar: ../../../../../usr/local/lib/android/sdk/platforms/android-34-ext10/data/res/values-mcc310-mnc950-ar: Cannot change mode to rwxr-xr-x: Operation not permitted
build	Cache Android SDK	2026-06-06T12:22:47.1461087Z /usr/bin/tar: ../../../../../usr/local/lib/android/sdk/platforms/android-34-ext10/data/res/values-mcc310-mnc160-gl: Cannot utime: Operation not permitted
build	Cache Android SDK	2026-06-06T12:22:47.1462047Z /usr/bin/tar: ../../../../../usr/local/lib/android/sdk/platforms/android-34-ext10/data/res/values-mcc310-mnc160-gl: Cannot change mode to rwxr-xr-x: Operation not permitted
build	Cache Android SDK	2026-06-06T12:22:47.1464754Z /usr/bin/tar: ../../../../../usr/local/lib/android/sdk/platforms/android-34-ext10/data/res/values-mcc310-mnc250-tr: Cannot utime: Operation not permitted
build	Cache Android SDK	2026-06-06T12:22:47.1465719Z /usr/bin/tar: ../../../../../usr/local/lib/android/sdk/platforms/android-34-ext10/data/res/values-mcc310-mnc250-tr: Cannot change mode to rwxr-xr-x: Operation not permitted
build	Cache Android SDK	2026-06-06T12:22:47.1468025Z /usr/bin/tar: ../../../../../usr/local/lib/android/sdk/platforms/android-34-ext10/data/res/values-mcc313-mnc100-es-rUS: Cannot utime: Operation not permitted
build	Cache Android SDK	2026-06-06T12:22:47.1469215Z /usr/bin/tar: ../../../../../usr/local/lib/android/sdk/platforms/android-34-ext10/data/res/values-mcc313-mnc100-es-rUS: Cannot change mode to rwxr-xr-x: Operation not permitted
build	Cache Android SDK	2026-06-06T12:22:47.1473208Z /usr/bin/tar: ../../../../../usr/local/lib/android/sdk/platforms/android-34-ext10/data/res/values-mcc310-mnc250-hy: Cannot utime: Operation not permitted
build	Cache Android SDK	2026-06-06T12:22:47.1474346Z /usr/bin/tar: ../../../../../usr/local/lib/android/sdk/platforms/android-34-ext10/data/res/values-mcc310-mnc250-hy: Cannot change mode to rwxr-xr-x: Operation not permitted
build	Cache Android SDK	2026-06-06T12:22:47.1476091Z /usr/bin/tar: ../../../../../usr/local/lib/android/sdk/platforms/android-34-ext10/data/res/values-mcc310-mnc950-in: Cannot utime: Operation not permitted
build	Cache Android SDK	2026-06-06T12:22:47.1477047Z /usr/bin/tar: ../../../../../usr/local/lib/android/sdk/platforms/android-34-ext10/data/res/values-mcc310-mnc950-in: Cannot change mode to rwxr-xr-x: Operation not permitted
build	Cache Android SDK	2026-06-06T12:22:47.1479611Z /usr/bin/tar: ../../../../../usr/local/lib/android/sdk/platforms/android-34-ext10/data/res/values-mcc310-mnc270-sk: Cannot utime: Operation not permitted
build	Cache Android SDK	2026-06-06T12:22:47.1480575Z /usr/bin/tar: ../../../../../usr/local/lib/android/sdk/platforms/android-34-ext10/data/res/values-mcc310-mnc270-sk: Cannot change mode to rwxr-xr-x: Operation not permitted
build	Cache Android SDK	2026-06-06T12:22:47.1482997Z /usr/bin/tar: ../../../../../usr/local/lib/android/sdk/platforms/android-34-ext10/data/res/values-mcc310-mnc230-iw: Cannot utime: Operation not permitted
build	Cache Android SDK	2026-06-06T12:22:47.1483972Z /usr/bin/tar: ../../../../../usr/local/lib/android/sdk/platforms/android-34-ext10/data/res/values-mcc310-mnc230-iw: Cannot change mode to rwxr-xr-x: Operation not permitted
build	Cache Android SDK	2026-06-06T12:22:47.1486509Z /usr/bin/tar: ../../../../../usr/local/lib/android/sdk/platforms/android-34-ext10/data/res/values-mcc310-mnc230-en-rAU: Cannot utime: Operation not permitted
build	Cache Android SDK	2026-06-06T12:22:47.1487680Z /usr/bin/tar: ../../../../../usr/local/lib/android/sdk/platforms/android-34-ext10/data/res/values-mcc310-mnc230-en-rAU: Cannot change mode to rwxr-xr-x: Operation not permitted
build	Cache Android SDK	2026-06-06T12:22:47.1489749Z /usr/bin/tar: ../../../../../usr/local/lib/android/sdk/platforms/android-34-ext10/data/res/values-ru-rRU: Cannot utime: Operation not permitted
build	Cache Android SDK	2026-06-06T12:22:47.1490668Z /usr/bin/tar: ../../../../../usr/local/lib/android/sdk/platforms/android-34-ext10/data/res/values-ru-rRU: Cannot change mode to rwxr-xr-x: Operation not permitted
build	Cache Android SDK	2026-06-06T12:22:47.1496903Z /usr/bin/tar: ../../../../../usr/local/lib/android/sdk/platforms/android-34-ext10/data/res/values-uk: Cannot utime: Operation not permitted
build	Cache Android SDK	2026-06-06T12:22:47.1498284Z /usr/bin/tar: ../../../../../usr/local/lib/android/sdk/platforms/android-34-ext10/data/res/values-uk: Cannot change mode to rwxr-xr-x: Operation not permitted
build	Cache Android SDK	2026-06-06T12:22:47.1502432Z /usr/bin/tar: ../../../../../usr/local/lib/android/sdk/platforms/android-34-ext10/data/res/values-mcc310-mnc310-sv: Cannot utime: Operation not permitted
build	Cache Android SDK	2026-06-06T12:22:47.1503523Z /usr/bin/tar: ../../../../../usr/local/lib/android/sdk/platforms/android-34-ext10/data/res/values-mcc310-mnc310-sv: Cannot change mode to rwxr-xr-x: Operation not permitted
build	Cache Android SDK	2026-06-06T12:22:47.1505092Z /usr/bin/tar: ../../../../../usr/local/lib/android/sdk/platforms/android-34-ext10/data/res/values-mcc310-mnc230-it: Cannot utime: Operation not permitted
build	Cache Android SDK	2026-06-06T12:22:47.1506211Z /usr/bin/tar: ../../../../../usr/local/lib/android/sdk/platforms/android-34-ext10/data/res/values-mcc310-mnc230-it: Cannot change mode to rwxr-xr-x: Operation not permitted
build	Cache Android SDK	2026-06-06T12:22:47.1508837Z /usr/bin/tar: ../../../../../usr/local/lib/android/sdk/platforms/android-34-ext10/data/res/values-eu-television: Cannot utime: Operation not permitted
build	Cache Android SDK	2026-06-06T12:22:47.1510165Z /usr/bin/tar: ../../../../../usr/local/lib/android/sdk/platforms/android-34-ext10/data/res/values-eu-television: Cannot change mode to rwxr-xr-x: Operation not permitted
build	Cache Android SDK	2026-06-06T12:22:47.1511769Z /usr/bin/tar: ../../../../../usr/local/lib/android/sdk/platforms/android-34-ext10/data/res/values-zh-rHK-television: Cannot utime: Operation not permitted
build	Cache Android SDK	2026-06-06T12:22:47.1513003Z /usr/bin/tar: ../../../../../usr/local/lib/android/sdk/platforms/android-34-ext10/data/res/values-zh-rHK-television: Cannot change mode to rwxr-xr-x: Operation not permitted
build	Cache Android SDK	2026-06-06T12:22:47.1514468Z /usr/bin/tar: ../../../../../usr/local/lib/android/sdk/platforms/android-34-ext10/data/res/values-mcc310-mnc490-cs: Cannot utime: Operation not permitted
build	Cache Android SDK	2026-06-06T12:22:47.1515624Z /usr/bin/tar: ../../../../../usr/local/lib/android/sdk/platforms/android-34-ext10/data/res/values-mcc310-mnc490-cs: Cannot change mode to rwxr-xr-x: Operation not permitted
build	Cache Android SDK	2026-06-06T12:22:47.1517806Z /usr/bin/tar: ../../../../../usr/local/lib/android/sdk/platforms/android-34-ext10/data/res/values-mcc310-mnc800-zh-rTW: Cannot utime: Operation not permitted
build	Cache Android SDK	2026-06-06T12:22:47.1518893Z /usr/bin/tar: ../../../../../usr/local/lib/android/sdk/platforms/android-34-ext10/data/res/values-mcc310-mnc800-zh-rTW: Cannot change mode to rwxr-xr-x: Operation not permitted
build	Cache Android SDK	2026-06-06T12:22:47.1520357Z /usr/bin/tar: ../../../../../usr/local/lib/android/sdk/platforms/android-34-ext10/data/res/values-es-rPA: Cannot utime: Operation not permitted
build	Cache Android SDK	2026-06-06T12:22:47.1521352Z /usr/bin/tar: ../../../../../usr/local/lib/android/sdk/platforms/android-34-ext10/data/res/values-es-rPA: Cannot change mode to rwxr-xr-x: Operation not permitted
build	Cache Android SDK	2026-06-06T12:22:47.1523391Z /usr/bin/tar: ../../../../../usr/local/lib/android/sdk/platforms/android-34-ext10/data/res/values-mcc001-mnc01-mk: Cannot utime: Operation not permitted
build	Cache Android SDK	2026-06-06T12:22:47.1524424Z /usr/bin/tar: ../../../../../usr/local/lib/android/sdk/platforms/android-34-ext10/data/res/values-mcc001-mnc01-mk: Cannot change mode to rwxr-xr-x: Operation not permitted
build	Cache Android SDK	2026-06-06T12:22:47.1526083Z /usr/bin/tar: ../../../../../usr/local/lib/android/sdk/platforms/android-34-ext10/data/res/values-mk-watch: Cannot utime: Operation not permitted
build	Cache Android SDK	2026-06-06T12:22:47.1526988Z /usr/bin/tar: ../../../../../usr/local/lib/android/sdk/platforms/android-34-ext10/data/res/values-mk-watch: Cannot change mode to rwxr-xr-x: Operation not permitted
build	Cache Android SDK	2026-06-06T12:22:47.1529290Z /usr/bin/tar: ../../../../../usr/local/lib/android/sdk/platforms/android-34-ext10/data/res/values-mcc310-mnc150-am: Cannot utime: Operation not permitted
build	Cache Android SDK	2026-06-06T12:22:47.1530265Z /usr/bin/tar: ../../../../../usr/local/lib/android/sdk/platforms/android-34-ext10/data/res/values-mcc310-mnc150-am: Cannot change mode to rwxr-xr-x: Operation not permitted
build	Cache Android SDK	2026-06-06T12:22:47.1532265Z /usr/bin/tar: ../../../../../usr/local/lib/android/sdk/platforms/android-34-ext10/data/res/values-mcc310-mnc250-hr: Cannot utime: Operation not permitted
build	Cache Android SDK	2026-06-06T12:22:47.1533213Z /usr/bin/tar: ../../../../../usr/local/lib/android/sdk/platforms/android-34-ext10/data/res/values-mcc310-mnc250-hr: Cannot change mode to rwxr-xr-x: Operation not permitted
build	Cache Android SDK	2026-06-06T12:22:47.1535273Z /usr/bin/tar: ../../../../../usr/local/lib/android/sdk/platforms/android-34-ext10/data/res/values-mcc334-mnc020-fr: Cannot utime: Operation not permitted
build	Cache Android SDK	2026-06-06T12:22:47.1536220Z /usr/bin/tar: ../../../../../usr/local/lib/android/sdk/platforms/android-34-ext10/data/res/values-mcc334-mnc020-fr: Cannot change mode to rwxr-xr-x: Operation not permitted
build	Cache Android SDK	2026-06-06T12:22:47.1538810Z /usr/bin/tar: ../../../../../usr/local/lib/android/sdk/platforms/android-34-ext10/data/res/values-mcc310-mnc220-uk: Cannot utime: Operation not permitted
build	Cache Android SDK	2026-06-06T12:22:47.1539767Z /usr/bin/tar: ../../../../../usr/local/lib/android/sdk/platforms/android-34-ext10/data/res/values-mcc310-mnc220-uk: Cannot change mode to rwxr-xr-x: Operation not permitted
build	Cache Android SDK	2026-06-06T12:22:47.1541932Z /usr/bin/tar: ../../../../../usr/local/lib/android/sdk/platforms/android-34-ext10/data/res/values-mcc313-mnc100-te: Cannot utime: Operation not permitted
build	Cache Android SDK	2026-06-06T12:22:47.1542994Z /usr/bin/tar: ../../../../../usr/local/lib/android/sdk/platforms/android-34-ext10/data/res/values-mcc313-mnc100-te: Cannot change mode to rwxr-xr-x: Operation not permitted
build	Cache Android SDK	2026-06-06T12:22:47.1544891Z /usr/bin/tar: ../../../../../usr/local/lib/android/sdk/platforms/android-34-ext10/data/res/values-si-watch: Cannot utime: Operation not permitted
build	Cache Android SDK	2026-06-06T12:22:47.1545807Z /usr/bin/tar: ../../../../../usr/local/lib/android/sdk/platforms/android-34-ext10/data/res/values-si-watch: Cannot change mode to rwxr-xr-x: Operation not permitted
build	Cache Android SDK	2026-06-06T12:22:47.1548402Z /usr/bin/tar: ../../../../../usr/local/lib/android/sdk/platforms/android-34-ext10/data/res/values-mcc310-mnc270-lo: Cannot utime: Operation not permitted
build	Cache Android SDK	2026-06-06T12:22:47.1549366Z /usr/bin/tar: ../../../../../usr/local/lib/android/sdk/platforms/android-34-ext10/data/res/values-mcc310-mnc270-lo: Cannot change mode to rwxr-xr-x: Operation not permitted
build	Cache Android SDK	2026-06-06T12:22:47.1551818Z /usr/bin/tar: ../../../../../usr/local/lib/android/sdk/platforms/android-34-ext10/data/res/values-mcc310-mnc170-km: Cannot utime: Operation not permitted
build	Cache Android SDK	2026-06-06T12:22:47.1552770Z /usr/bin/tar: ../../../../../usr/local/lib/android/sdk/platforms/android-34-ext10/data/res/values-mcc310-mnc170-km: Cannot change mode to rwxr-xr-x: Operation not permitted
build	Cache Android SDK	2026-06-06T12:22:47.1555022Z /usr/bin/tar: ../../../../../usr/local/lib/android/sdk/platforms/android-34-ext10/data/res/values-mcc310-mnc660-af: Cannot utime: Operation not permitted
build	Cache Android SDK	2026-06-06T12:22:47.1556050Z /usr/bin/tar: ../../../../../usr/local/lib/android/sdk/platforms/android-34-ext10/data/res/values-mcc310-mnc660-af: Cannot change mode to rwxr-xr-x: Operation not permitted
build	Cache Android SDK	2026-06-06T12:22:47.1558350Z /usr/bin/tar: ../../../../../usr/local/lib/android/sdk/platforms/android-34-ext10/data/res/values-mcc001-mnc01-it: Cannot utime: Operation not permitted
build	Cache Android SDK	2026-06-06T12:22:47.1559648Z /usr/bin/tar: ../../../../../usr/local/lib/android/sdk/platforms/android-34-ext10/data/res/values-mcc001-mnc01-it: Cannot change mode to rwxr-xr-x: Operation not permitted
build	Cache Android SDK	2026-06-06T12:22:47.1561605Z /usr/bin/tar: ../../../../../usr/local/lib/android/sdk/platforms/android-34-ext10/data/res/values-mcc310-mnc280-th: Cannot utime: Operation not permitted
build	Cache Android SDK	2026-06-06T12:22:47.1562562Z /usr/bin/tar: ../../../../../usr/local/lib/android/sdk/platforms/android-34-ext10/data/res/values-mcc310-mnc280-th: Cannot change mode to rwxr-xr-x: Operation not permitted
build	Cache Android SDK	2026-06-06T12:22:47.1564894Z /usr/bin/tar: ../../../../../usr/local/lib/android/sdk/platforms/android-34-ext10/data/res/values-mcc310-mnc380-mk: Cannot utime: Operation not permitted
build	Cache Android SDK	2026-06-06T12:22:47.1565871Z /usr/bin/tar: ../../../../../usr/local/lib/android/sdk/platforms/android-34-ext10/data/res/values-mcc310-mnc380-mk: Cannot change mode to rwxr-xr-x: Operation not permitted
build	Cache Android SDK	2026-06-06T12:22:47.1568266Z /usr/bin/tar: ../../../../../usr/local/lib/android/sdk/platforms/android-34-ext10/data/res/values-mcc310-mnc250-is: Cannot utime: Operation not permitted
build	Cache Android SDK	2026-06-06T12:22:47.1569291Z /usr/bin/tar: ../../../../../usr/local/lib/android/sdk/platforms/android-34-ext10/data/res/values-mcc310-mnc250-is: Cannot change mode to rwxr-xr-x: Operation not permitted
build	Cache Android SDK	2026-06-06T12:22:47.1571769Z /usr/bin/tar: ../../../../../usr/local/lib/android/sdk/platforms/android-34-ext10/data/res/values-th-rTH: Cannot utime: Operation not permitted
build	Cache Android SDK	2026-06-06T12:22:47.1572670Z /usr/bin/tar: ../../../../../usr/local/lib/android/sdk/platforms/android-34-ext10/data/res/values-th-rTH: Cannot change mode to rwxr-xr-x: Operation not permitted
build	Cache Android SDK	2026-06-06T12:22:47.1574996Z /usr/bin/tar: ../../../../../usr/local/lib/android/sdk/platforms/android-34-ext10/data/res/values-mcc310-mnc560-ml: Cannot utime: Operation not permitted
build	Cache Android SDK	2026-06-06T12:22:47.1575958Z /usr/bin/tar: ../../../../../usr/local/lib/android/sdk/platforms/android-34-ext10/data/res/values-mcc310-mnc560-ml: Cannot change mode to rwxr-xr-x: Operation not permitted
build	Cache Android SDK	2026-06-06T12:22:47.1578042Z /usr/bin/tar: ../../../../../usr/local/lib/android/sdk/platforms/android-34-ext10/data/res/values-mcc310-mnc210-th: Cannot utime: Operation not permitted
build	Cache Android SDK	2026-06-06T12:22:47.1579017Z /usr/bin/tar: ../../../../../usr/local/lib/android/sdk/platforms/android-34-ext10/data/res/values-mcc310-mnc210-th: Cannot change mode to rwxr-xr-x: Operation not permitted
build	Cache Android SDK	2026-06-06T12:22:47.1581707Z /usr/bin/tar: ../../../../../usr/local/lib/android/sdk/platforms/android-34-ext10/data/res/values-mcc310-mnc380-sr: Cannot utime: Operation not permitted
build	Cache Android SDK	2026-06-06T12:22:47.1582840Z /usr/bin/tar: ../../../../../usr/local/lib/android/sdk/platforms/android-34-ext10/data/res/values-mcc310-mnc380-sr: Cannot change mode to rwxr-xr-x: Operation not permitted
build	Cache Android SDK	2026-06-06T12:22:47.1584768Z /usr/bin/tar: ../../../../../usr/local/lib/android/sdk/platforms/android-34-ext10/data/res/values-mcc310-mnc410-et: Cannot utime: Operation not permitted
build	Cache Android SDK	2026-06-06T12:22:47.1585735Z /usr/bin/tar: ../../../../../usr/local/lib/android/sdk/platforms/android-34-ext10/data/res/values-mcc310-mnc410-et: Cannot change mode to rwxr-xr-x: Operation not permitted
build	Cache Android SDK	2026-06-06T12:22:47.1588290Z /usr/bin/tar: ../../../../../usr/local/lib/android/sdk/platforms/android-34-ext10/data/res/values-mcc310-mnc380-uz: Cannot utime: Operation not permitted
build	Cache Android SDK	2026-06-06T12:22:47.1589246Z /usr/bin/tar: ../../../../../usr/local/lib/android/sdk/platforms/android-34-ext10/data/res/values-mcc310-mnc380-uz: Cannot change mode to rwxr-xr-x: Operation not permitted
build	Cache Android SDK	2026-06-06T12:22:47.1591151Z /usr/bin/tar: ../../../../../usr/local/lib/android/sdk/platforms/android-34-ext10/data/res/values-mcc311-mnc180-gu: Cannot utime: Operation not permitted
build	Cache Android SDK	2026-06-06T12:22:47.1592129Z /usr/bin/tar: ../../../../../usr/local/lib/android/sdk/platforms/android-34-ext10/data/res/values-mcc311-mnc180-gu: Cannot change mode to rwxr-xr-x: Operation not permitted
build	Cache Android SDK	2026-06-06T12:22:47.1594431Z /usr/bin/tar: ../../../../../usr/local/lib/android/sdk/platforms/android-34-ext10/data/res/values-mcc311-mnc180-is: Cannot utime: Operation not permitted
build	Cache Android SDK	2026-06-06T12:22:47.1595379Z /usr/bin/tar: ../../../../../usr/local/lib/android/sdk/platforms/android-34-ext10/data/res/values-mcc311-mnc180-is: Cannot change mode to rwxr-xr-x: Operation not permitted
build	Cache Android SDK	2026-06-06T12:22:47.1598088Z /usr/bin/tar: ../../../../../usr/local/lib/android/sdk/platforms/android-34-ext10/data/res/values-mcc312-mnc670-ml: Cannot utime: Operation not permitted
build	Cache Android SDK	2026-06-06T12:22:47.1599057Z /usr/bin/tar: ../../../../../usr/local/lib/android/sdk/platforms/android-34-ext10/data/res/values-mcc312-mnc670-ml: Cannot change mode to rwxr-xr-x: Operation not permitted
build	Cache Android SDK	2026-06-06T12:22:47.1601157Z /usr/bin/tar: ../../../../../usr/local/lib/android/sdk/platforms/android-34-ext10/data/res/values-mcc310-mnc170-sr: Cannot utime: Operation not permitted
build	Cache Android SDK	2026-06-06T12:22:47.1602113Z /usr/bin/tar: ../../../../../usr/local/lib/android/sdk/platforms/android-34-ext10/data/res/values-mcc310-mnc170-sr: Cannot change mode to rwxr-xr-x: Operation not permitted
build	Cache Android SDK	2026-06-06T12:22:47.1603981Z /usr/bin/tar: ../../../../../usr/local/lib/android/sdk/platforms/android-34-ext10/data/res/values-mcc311: Cannot utime: Operation not permitted
build	Cache Android SDK	2026-06-06T12:22:47.1604883Z /usr/bin/tar: ../../../../../usr/local/lib/android/sdk/platforms/android-34-ext10/data/res/values-mcc311: Cannot change mode to rwxr-xr-x: Operation not permitted
build	Cache Android SDK	2026-06-06T12:22:47.1607115Z /usr/bin/tar: ../../../../../usr/local/lib/android/sdk/platforms/android-34-ext10/data/res/values-es-watch: Cannot utime: Operation not permitted
build	Cache Android SDK	2026-06-06T12:22:47.1608276Z /usr/bin/tar: ../../../../../usr/local/lib/android/sdk/platforms/android-34-ext10/data/res/values-es-watch: Cannot change mode to rwxr-xr-x: Operation not permitted
build	Cache Android SDK	2026-06-06T12:22:47.1723788Z /usr/bin/tar: ../../../../../usr/local/lib/android/sdk/platforms/android-34-ext10/data/res/layout: Cannot utime: Operation not permitted
build	Cache Android SDK	2026-06-06T12:22:47.1724788Z /usr/bin/tar: ../../../../../usr/local/lib/android/sdk/platforms/android-34-ext10/data/res/layout: Cannot change mode to rwxr-xr-x: Operation not permitted
build	Cache Android SDK	2026-06-06T12:22:47.1726267Z /usr/bin/tar: ../../../../../usr/local/lib/android/sdk/platforms/android-34-ext10/data/res/values-mcc311-mnc180-zh-rCN: Cannot utime: Operation not permitted
build	Cache Android SDK	2026-06-06T12:22:47.1727250Z /usr/bin/tar: ../../../../../usr/local/lib/android/sdk/platforms/android-34-ext10/data/res/values-mcc311-mnc180-zh-rCN: Cannot change mode to rwxr-xr-x: Operation not permitted
build	Cache Android SDK	2026-06-06T12:22:47.1730076Z /usr/bin/tar: ../../../../../usr/local/lib/android/sdk/platforms/android-34-ext10/data/res/values-mcc310-mnc150-hi: Cannot utime: Operation not permitted
build	Cache Android SDK	2026-06-06T12:22:47.1731247Z /usr/bin/tar: ../../../../../usr/local/lib/android/sdk/platforms/android-34-ext10/data/res/values-mcc310-mnc150-hi: Cannot change mode to rwxr-xr-x: Operation not permitted
build	Cache Android SDK	2026-06-06T12:22:47.1733288Z /usr/bin/tar: ../../../../../usr/local/lib/android/sdk/platforms/android-34-ext10/data/res/values-mcc310-mnc490-it: Cannot utime: Operation not permitted
build	Cache Android SDK	2026-06-06T12:22:47.1734246Z /usr/bin/tar: ../../../../../usr/local/lib/android/sdk/platforms/android-34-ext10/data/res/values-mcc310-mnc490-it: Cannot change mode to rwxr-xr-x: Operation not permitted
build	Cache Android SDK	2026-06-06T12:22:47.1736438Z /usr/bin/tar: ../../../../../usr/local/lib/android/sdk/platforms/android-34-ext10/data/res/values-mcc334-mnc020-ru: Cannot utime: Operation not permitted
build	Cache Android SDK	2026-06-06T12:22:47.1737518Z /usr/bin/tar: ../../../../../usr/local/lib/android/sdk/platforms/android-34-ext10/data/res/values-mcc334-mnc020-ru: Cannot change mode to rwxr-xr-x: Operation not permitted
build	Cache Android SDK	2026-06-06T12:22:47.1739503Z /usr/bin/tar: ../../../../../usr/local/lib/android/sdk/platforms/android-34-ext10/data/res/values-mcc310-mnc280-ta: Cannot utime: Operation not permitted
build	Cache Android SDK	2026-06-06T12:22:47.1740463Z /usr/bin/tar: ../../../../../usr/local/lib/android/sdk/platforms/android-34-ext10/data/res/values-mcc310-mnc280-ta: Cannot change mode to rwxr-xr-x: Operation not permitted
build	Cache Android SDK	2026-06-06T12:22:47.1742375Z /usr/bin/tar: ../../../../../usr/local/lib/android/sdk/platforms/android-34-ext10/data/res/values-ne-watch: Cannot utime: Operation not permitted
build	Cache Android SDK	2026-06-06T12:22:47.1743288Z /usr/bin/tar: ../../../../../usr/local/lib/android/sdk/platforms/android-34-ext10/data/res/values-ne-watch: Cannot change mode to rwxr-xr-x: Operation not permitted
build	Cache Android SDK	2026-06-06T12:22:47.1745824Z /usr/bin/tar: ../../../../../usr/local/lib/android/sdk/platforms/android-34-ext10/data/res/values-mcc310-mnc200-ml: Cannot utime: Operation not permitted
build	Cache Android SDK	2026-06-06T12:22:47.1746776Z /usr/bin/tar: ../../../../../usr/local/lib/android/sdk/platforms/android-34-ext10/data/res/values-mcc310-mnc200-ml: Cannot change mode to rwxr-xr-x: Operation not permitted
build	Cache Android SDK	2026-06-06T12:22:47.1748871Z /usr/bin/tar: ../../../../../usr/local/lib/android/sdk/platforms/android-34-ext10/data/res/values-mcc310-mnc280-nb: Cannot utime: Operation not permitted
build	Cache Android SDK	2026-06-06T12:22:47.1749821Z /usr/bin/tar: ../../../../../usr/local/lib/android/sdk/platforms/android-34-ext10/data/res/values-mcc310-mnc280-nb: Cannot change mode to rwxr-xr-x: Operation not permitted
build	Cache Android SDK	2026-06-06T12:22:47.1752299Z /usr/bin/tar: ../../../../../usr/local/lib/android/sdk/platforms/android-34-ext10/data/res/values-mcc302-mnc370-pt-rPT: Cannot utime: Operation not permitted
build	Cache Android SDK	2026-06-06T12:22:47.1753281Z /usr/bin/tar: ../../../../../usr/local/lib/android/sdk/platforms/android-34-ext10/data/res/values-mcc302-mnc370-pt-rPT: Cannot change mode to rwxr-xr-x: Operation not permitted
build	Cache Android SDK	2026-06-06T12:22:47.1781611Z /usr/bin/tar: ../../../../../usr/local/lib/android/sdk/platforms/android-34-ext10/data/res/drawable-sw600dp-nodpi: Cannot utime: Operation not permitted
build	Cache Android SDK	2026-06-06T12:22:47.1782880Z /usr/bin/tar: ../../../../../usr/local/lib/android/sdk/platforms/android-34-ext10/data/res/drawable-sw600dp-nodpi: Cannot change mode to rwxr-xr-x: Operation not permitted
build	Cache Android SDK	2026-06-06T12:22:47.1785593Z /usr/bin/tar: ../../../../../usr/local/lib/android/sdk/platforms/android-34-ext10/data/res/values-mcc310-mnc490-mr: Cannot utime: Operation not permitted
build	Cache Android SDK	2026-06-06T12:22:47.1786865Z /usr/bin/tar: ../../../../../usr/local/lib/android/sdk/platforms/android-34-ext10/data/res/values-mcc310-mnc490-mr: Cannot change mode to rwxr-xr-x: Operation not permitted
build	Cache Android SDK	2026-06-06T12:22:47.1788637Z /usr/bin/tar: ../../../../../usr/local/lib/android/sdk/platforms/android-34-ext10/data/res/values-mcc310-mnc200-ms: Cannot utime: Operation not permitted
build	Cache Android SDK	2026-06-06T12:22:47.1789616Z /usr/bin/tar: ../../../../../usr/local/lib/android/sdk/platforms/android-34-ext10/data/res/values-mcc310-mnc200-ms: Cannot change mode to rwxr-xr-x: Operation not permitted
build	Cache Android SDK	2026-06-06T12:22:47.1791811Z /usr/bin/tar: ../../../../../usr/local/lib/android/sdk/platforms/android-34-ext10/data/res/values-mcc313-mnc100-fa: Cannot utime: Operation not permitted
build	Cache Android SDK	2026-06-06T12:22:47.1792884Z /usr/bin/tar: ../../../../../usr/local/lib/android/sdk/platforms/android-34-ext10/data/res/values-mcc313-mnc100-fa: Cannot change mode to rwxr-xr-x: Operation not permitted
build	Cache Android SDK	2026-06-06T12:22:47.1795238Z /usr/bin/tar: ../../../../../usr/local/lib/android/sdk/platforms/android-34-ext10/data/res/values-mcc310-mnc490-bs: Cannot utime: Operation not permitted
build	Cache Android SDK	2026-06-06T12:22:47.1796210Z /usr/bin/tar: ../../../../../usr/local/lib/android/sdk/platforms/android-34-ext10/data/res/values-mcc310-mnc490-bs: Cannot change mode to rwxr-xr-x: Operation not permitted
build	Cache Android SDK	2026-06-06T12:22:47.1798884Z /usr/bin/tar: ../../../../../usr/local/lib/android/sdk/platforms/android-34-ext10/data/res/values-sw900dp: Cannot utime: Operation not permitted
build	Cache Android SDK	2026-06-06T12:22:47.1800185Z /usr/bin/tar: ../../../../../usr/local/lib/android/sdk/platforms/android-34-ext10/data/res/values-sw900dp: Cannot change mode to rwxr-xr-x: Operation not permitted
build	Cache Android SDK	2026-06-06T12:22:47.1802081Z /usr/bin/tar: ../../../../../usr/local/lib/android/sdk/platforms/android-34-ext10/data/res/values-mcc302-mnc720-mn: Cannot utime: Operation not permitted
build	Cache Android SDK	2026-06-06T12:22:47.1803204Z /usr/bin/tar: ../../../../../usr/local/lib/android/sdk/platforms/android-34-ext10/data/res/values-mcc302-mnc720-mn: Cannot change mode to rwxr-xr-x: Operation not permitted
build	Cache Android SDK	2026-06-06T12:22:47.1804876Z /usr/bin/tar: ../../../../../usr/local/lib/android/sdk/platforms/android-34-ext10/data/res/values-mcc302-mnc720-or: Cannot utime: Operation not permitted
build	Cache Android SDK	2026-06-06T12:22:47.1805855Z /usr/bin/tar: ../../../../../usr/local/lib/android/sdk/platforms/android-34-ext10/data/res/values-mcc302-mnc720-or: Cannot change mode to rwxr-xr-x: Operation not permitted
build	Cache Android SDK	2026-06-06T12:22:47.1808567Z /usr/bin/tar: ../../../../../usr/local/lib/android/sdk/platforms/android-34-ext10/data/res/values-mcc310-mnc220-es: Cannot utime: Operation not permitted
build	Cache Android SDK	2026-06-06T12:22:47.1809559Z /usr/bin/tar: ../../../../../usr/local/lib/android/sdk/platforms/android-34-ext10/data/res/values-mcc310-mnc220-es: Cannot change mode to rwxr-xr-x: Operation not permitted
build	Cache Android SDK	2026-06-06T12:22:47.1812848Z /usr/bin/tar: ../../../../../usr/local/lib/android/sdk/platforms/android-34-ext10/data/res/values-mcc310-mnc410-da: Cannot utime: Operation not permitted
build	Cache Android SDK	2026-06-06T12:22:47.1813808Z /usr/bin/tar: ../../../../../usr/local/lib/android/sdk/platforms/android-34-ext10/data/res/values-mcc310-mnc410-da: Cannot change mode to rwxr-xr-x: Operation not permitted
build	Cache Android SDK	2026-06-06T12:22:47.1816265Z /usr/bin/tar: ../../../../../usr/local/lib/android/sdk/platforms/android-34-ext10/data/res/values-mcc310-mnc030-iw: Cannot utime: Operation not permitted
build	Cache Android SDK	2026-06-06T12:22:47.1817221Z /usr/bin/tar: ../../../../../usr/local/lib/android/sdk/platforms/android-34-ext10/data/res/values-mcc310-mnc030-iw: Cannot change mode to rwxr-xr-x: Operation not permitted
build	Cache Android SDK	2026-06-06T12:22:47.1819327Z /usr/bin/tar: ../../../../../usr/local/lib/android/sdk/platforms/android-34-ext10/data/res/values-mcc312-mnc670-as: Cannot utime: Operation not permitted
build	Cache Android SDK	2026-06-06T12:22:47.1820427Z /usr/bin/tar: ../../../../../usr/local/lib/android/sdk/platforms/android-34-ext10/data/res/values-mcc312-mnc670-as: Cannot change mode to rwxr-xr-x: Operation not permitted
build	Cache Android SDK	2026-06-06T12:22:47.1821990Z /usr/bin/tar: ../../../../../usr/local/lib/android/sdk/platforms/android-34-ext10/data/res/values-mcc310-mnc150-ms: Cannot utime: Operation not permitted
build	Cache Android SDK	2026-06-06T12:22:47.1823015Z /usr/bin/tar: ../../../../../usr/local/lib/android/sdk/platforms/android-34-ext10/data/res/values-mcc310-mnc150-ms: Cannot change mode to rwxr-xr-x: Operation not permitted
build	Cache Android SDK	2026-06-06T12:22:47.1825491Z /usr/bin/tar: ../../../../../usr/local/lib/android/sdk/platforms/android-34-ext10/data/res/values-mcc214-mnc01: Cannot utime: Operation not permitted
build	Cache Android SDK	2026-06-06T12:22:47.1826549Z /usr/bin/tar: ../../../../../usr/local/lib/android/sdk/platforms/android-34-ext10/data/res/values-mcc214-mnc01: Cannot change mode to rwxr-xr-x: Operation not permitted
build	Cache Android SDK	2026-06-06T12:22:47.1828229Z /usr/bin/tar: ../../../../../usr/local/lib/android/sdk/platforms/android-34-ext10/data/res/values-ro-watch: Cannot utime: Operation not permitted
build	Cache Android SDK	2026-06-06T12:22:47.1829164Z /usr/bin/tar: ../../../../../usr/local/lib/android/sdk/platforms/android-34-ext10/data/res/values-ro-watch: Cannot change mode to rwxr-xr-x: Operation not permitted
build	Cache Android SDK	2026-06-06T12:22:47.1831712Z /usr/bin/tar: ../../../../../usr/local/lib/android/sdk/platforms/android-34-ext10/data/res/values-mcc334-mnc020-bg: Cannot utime: Operation not permitted
build	Cache Android SDK	2026-06-06T12:22:47.1832904Z /usr/bin/tar: ../../../../../usr/local/lib/android/sdk/platforms/android-34-ext10/data/res/values-mcc334-mnc020-bg: Cannot change mode to rwxr-xr-x: Operation not permitted
build	Cache Android SDK	2026-06-06T12:22:47.1834564Z /usr/bin/tar: ../../../../../usr/local/lib/android/sdk/platforms/android-34-ext10/data/res/values-mcc001-mnc01-pt: Cannot utime: Operation not permitted
build	Cache Android SDK	2026-06-06T12:22:47.1835659Z /usr/bin/tar: ../../../../../usr/local/lib/android/sdk/platforms/android-34-ext10/data/res/values-mcc001-mnc01-pt: Cannot change mode to rwxr-xr-x: Operation not permitted
build	Cache Android SDK	2026-06-06T12:22:47.1837202Z /usr/bin/tar: ../../../../../usr/local/lib/android/sdk/platforms/android-34-ext10/data/res/values-mcc310-mnc280-pt-rBR: Cannot utime: Operation not permitted
build	Cache Android SDK	2026-06-06T12:22:47.1838440Z /usr/bin/tar: ../../../../../usr/local/lib/android/sdk/platforms/android-34-ext10/data/res/values-mcc310-mnc280-pt-rBR: Cannot change mode to rwxr-xr-x: Operation not permitted
build	Cache Android SDK	2026-06-06T12:22:47.1840030Z /usr/bin/tar: ../../../../../usr/local/lib/android/sdk/platforms/android-34-ext10/data/res/values-mcc310-mnc170-uk: Cannot utime: Operation not permitted
build	Cache Android SDK	2026-06-06T12:22:47.1841093Z /usr/bin/tar: ../../../../../usr/local/lib/android/sdk/platforms/android-34-ext10/data/res/values-mcc310-mnc170-uk: Cannot change mode to rwxr-xr-x: Operation not permitted
build	Cache Android SDK	2026-06-06T12:22:47.1842602Z /usr/bin/tar: ../../../../../usr/local/lib/android/sdk/platforms/android-34-ext10/data/res/values-mcc302-mnc370-lv: Cannot utime: Operation not permitted
build	Cache Android SDK	2026-06-06T12:22:47.1843539Z /usr/bin/tar: ../../../../../usr/local/lib/android/sdk/platforms/android-34-ext10/data/res/values-mcc302-mnc370-lv: Cannot change mode to rwxr-xr-x: Operation not permitted
build	Cache Android SDK	2026-06-06T12:22:47.1846081Z /usr/bin/tar: ../../../../../usr/local/lib/android/sdk/platforms/android-34-ext10/data/res/values-mcc310-mnc160-vi: Cannot utime: Operation not permitted
build	Cache Android SDK	2026-06-06T12:22:47.1847204Z /usr/bin/tar: ../../../../../usr/local/lib/android/sdk/platforms/android-34-ext10/data/res/values-mcc310-mnc160-vi: Cannot change mode to rwxr-xr-x: Operation not permitted
build	Cache Android SDK	2026-06-06T12:22:47.1853194Z /usr/bin/tar: ../../../../../usr/local/lib/android/sdk/platforms/android-34-ext10/data/res/values-kk: Cannot utime: Operation not permitted
build	Cache Android SDK	2026-06-06T12:22:47.1854444Z /usr/bin/tar: ../../../../../usr/local/lib/android/sdk/platforms/android-34-ext10/data/res/values-kk: Cannot change mode to rwxr-xr-x: Operation not permitted
build	Cache Android SDK	2026-06-06T12:22:47.1856711Z /usr/bin/tar: ../../../../../usr/local/lib/android/sdk/platforms/android-34-ext10/data/res/values-mcc310-mnc560-sl: Cannot utime: Operation not permitted
build	Cache Android SDK	2026-06-06T12:22:47.1859904Z /usr/bin/tar: ../../../../../usr/local/lib/android/sdk/platforms/android-34-ext10/data/res/values-mcc310-mnc560-sl: Cannot change mode to rwxr-xr-x: Operation not permitted
build	Cache Android SDK	2026-06-06T12:22:47.1860961Z /usr/bin/tar: ../../../../../usr/local/lib/android/sdk/platforms/android-34-ext10/data/res/values-zh-rTW-watch: Cannot utime: Operation not permitted
build	Cache Android SDK	2026-06-06T12:22:47.1862163Z /usr/bin/tar: ../../../../../usr/local/lib/android/sdk/platforms/android-34-ext10/data/res/values-zh-rTW-watch: Cannot change mode to rwxr-xr-x: Operation not permitted
build	Cache Android SDK	2026-06-06T12:22:47.1863413Z /usr/bin/tar: ../../../../../usr/local/lib/android/sdk/platforms/android-34-ext10/data/res/values-mcc001-mnc01-ta: Cannot utime: Operation not permitted
build	Cache Android SDK	2026-06-06T12:22:47.1864549Z /usr/bin/tar: ../../../../../usr/local/lib/android/sdk/platforms/android-34-ext10/data/res/values-mcc001-mnc01-ta: Cannot change mode to rwxr-xr-x: Operation not permitted
build	Cache Android SDK	2026-06-06T12:22:47.1867020Z /usr/bin/tar: ../../../../../usr/local/lib/android/sdk/platforms/android-34-ext10/data/res/values-large: Cannot utime: Operation not permitted
build	Cache Android SDK	2026-06-06T12:22:47.1868177Z /usr/bin/tar: ../../../../../usr/local/lib/android/sdk/platforms/android-34-ext10/data/res/values-large: Cannot change mode to rwxr-xr-x: Operation not permitted
build	Cache Android SDK	2026-06-06T12:22:47.1869659Z /usr/bin/tar: ../../../../../usr/local/lib/android/sdk/platforms/android-34-ext10/data/res/values-es-television: Cannot utime: Operation not permitted
build	Cache Android SDK	2026-06-06T12:22:47.1870751Z /usr/bin/tar: ../../../../../usr/local/lib/android/sdk/platforms/android-34-ext10/data/res/values-es-television: Cannot change mode to rwxr-xr-x: Operation not permitted
build	Cache Android SDK	2026-06-06T12:22:47.1872335Z /usr/bin/tar: ../../../../../usr/local/lib/android/sdk/platforms/android-34-ext10/data/res/values-mcc310-mnc200-hy: Cannot utime: Operation not permitted
build	Cache Android SDK	2026-06-06T12:22:47.1873303Z /usr/bin/tar: ../../../../../usr/local/lib/android/sdk/platforms/android-34-ext10/data/res/values-mcc310-mnc200-hy: Cannot change mode to rwxr-xr-x: Operation not permitted
build	Cache Android SDK	2026-06-06T12:22:47.1875456Z /usr/bin/tar: ../../../../../usr/local/lib/android/sdk/platforms/android-34-ext10/data/res/values-mcc310-mnc800-sq: Cannot utime: Operation not permitted
build	Cache Android SDK	2026-06-06T12:22:47.1876529Z /usr/bin/tar: ../../../../../usr/local/lib/android/sdk/platforms/android-34-ext10/data/res/values-mcc310-mnc800-sq: Cannot change mode to rwxr-xr-x: Operation not permitted
build	Cache Android SDK	2026-06-06T12:22:47.1878222Z /usr/bin/tar: ../../../../../usr/local/lib/android/sdk/platforms/android-34-ext10/data/res/values-mcc302-mnc720-ko: Cannot utime: Operation not permitted
build	Cache Android SDK	2026-06-06T12:22:47.1879197Z /usr/bin/tar: ../../../../../usr/local/lib/android/sdk/platforms/android-34-ext10/data/res/values-mcc302-mnc720-ko: Cannot change mode to rwxr-xr-x: Operation not permitted
build	Cache Android SDK	2026-06-06T12:22:47.1881484Z /usr/bin/tar: ../../../../../usr/local/lib/android/sdk/platforms/android-34-ext10/data/res/values-mcc310-mnc240-ca: Cannot utime: Operation not permitted
build	Cache Android SDK	2026-06-06T12:22:47.1882555Z /usr/bin/tar: ../../../../../usr/local/lib/android/sdk/platforms/android-34-ext10/data/res/values-mcc310-mnc240-ca: Cannot change mode to rwxr-xr-x: Operation not permitted
build	Cache Android SDK	2026-06-06T12:22:47.1884285Z /usr/bin/tar: ../../../../../usr/local/lib/android/sdk/platforms/android-34-ext10/data/res/values-mcc310-mnc170-fr-rCA: Cannot utime: Operation not permitted
build	Cache Android SDK	2026-06-06T12:22:47.1885377Z /usr/bin/tar: ../../../../../usr/local/lib/android/sdk/platforms/android-34-ext10/data/res/values-mcc310-mnc170-fr-rCA: Cannot change mode to rwxr-xr-x: Operation not permitted
build	Cache Android SDK	2026-06-06T12:22:47.1886996Z /usr/bin/tar: ../../../../../usr/local/lib/android/sdk/platforms/android-34-ext10/data/res/values-mcc310-mnc230-el: Cannot utime: Operation not permitted
build	Cache Android SDK	2026-06-06T12:22:47.1888318Z /usr/bin/tar: ../../../../../usr/local/lib/android/sdk/platforms/android-34-ext10/data/res/values-mcc310-mnc230-el: Cannot change mode to rwxr-xr-x: Operation not permitted
build	Cache Android SDK	2026-06-06T12:22:47.1889827Z /usr/bin/tar: ../../../../../usr/local/lib/android/sdk/platforms/android-34-ext10/data/res/values-mcc310-mnc210-tl: Cannot utime: Operation not permitted
build	Cache Android SDK	2026-06-06T12:22:47.1890854Z /usr/bin/tar: ../../../../../usr/local/lib/android/sdk/platforms/android-34-ext10/data/res/values-mcc310-mnc210-tl: Cannot change mode to rwxr-xr-x: Operation not permitted
build	Cache Android SDK	2026-06-06T12:22:47.1892611Z /usr/bin/tar: ../../../../../usr/local/lib/android/sdk/platforms/android-34-ext10/data/res/values-mcc302-mnc720-fr-rCA: Cannot utime: Operation not permitted
build	Cache Android SDK	2026-06-06T12:22:47.1893592Z /usr/bin/tar: ../../../../../usr/local/lib/android/sdk/platforms/android-34-ext10/data/res/values-mcc302-mnc720-fr-rCA: Cannot change mode to rwxr-xr-x: Operation not permitted
build	Cache Android SDK	2026-06-06T12:22:47.1895700Z /usr/bin/tar: ../../../../../usr/local/lib/android/sdk/platforms/android-34-ext10/data/res/values-mcc310-mnc030-as: Cannot utime: Operation not permitted
build	Cache Android SDK	2026-06-06T12:22:47.1896861Z /usr/bin/tar: ../../../../../usr/local/lib/android/sdk/platforms/android-34-ext10/data/res/values-mcc310-mnc030-as: Cannot change mode to rwxr-xr-x: Operation not permitted
build	Cache Android SDK	2026-06-06T12:22:47.1898970Z /usr/bin/tar: ../../../../../usr/local/lib/android/sdk/platforms/android-34-ext10/data/res/values-mcc001-mnc01-ru: Cannot utime: Operation not permitted
build	Cache Android SDK	2026-06-06T12:22:47.1899938Z /usr/bin/tar: ../../../../../usr/local/lib/android/sdk/platforms/android-34-ext10/data/res/values-mcc001-mnc01-ru: Cannot change mode to rwxr-xr-x: Operation not permitted
build	Cache Android SDK	2026-06-06T12:22:47.1901999Z /usr/bin/tar: ../../../../../usr/local/lib/android/sdk/platforms/android-34-ext10/data/res/values-be-television: Cannot utime: Operation not permitted
build	Cache Android SDK	2026-06-06T12:22:47.1903035Z /usr/bin/tar: ../../../../../usr/local/lib/android/sdk/platforms/android-34-ext10/data/res/values-be-television: Cannot change mode to rwxr-xr-x: Operation not permitted
build	Cache Android SDK	2026-06-06T12:22:47.1905074Z /usr/bin/tar: ../../../../../usr/local/lib/android/sdk/platforms/android-34-ext10/data/res/values-mcc334-mnc020-si: Cannot utime: Operation not permitted
build	Cache Android SDK	2026-06-06T12:22:47.1906024Z /usr/bin/tar: ../../../../../usr/local/lib/android/sdk/platforms/android-34-ext10/data/res/values-mcc334-mnc020-si: Cannot change mode to rwxr-xr-x: Operation not permitted
build	Cache Android SDK	2026-06-06T12:22:47.1908059Z /usr/bin/tar: ../../../../../usr/local/lib/android/sdk/platforms/android-34-ext10/data/res/values-mcc302-mnc370-am: Cannot utime: Operation not permitted
build	Cache Android SDK	2026-06-06T12:22:47.1909071Z /usr/bin/tar: ../../../../../usr/local/lib/android/sdk/platforms/android-34-ext10/data/res/values-mcc302-mnc370-am: Cannot change mode to rwxr-xr-x: Operation not permitted
build	Cache Android SDK	2026-06-06T12:22:47.1912718Z /usr/bin/tar: ../../../../../usr/local/lib/android/sdk/platforms/android-34-ext10/data/res/values-mcc310-mnc240-ro: Cannot utime: Operation not permitted
build	Cache Android SDK	2026-06-06T12:22:47.1913673Z /usr/bin/tar: ../../../../../usr/local/lib/android/sdk/platforms/android-34-ext10/data/res/values-mcc310-mnc240-ro: Cannot change mode to rwxr-xr-x: Operation not permitted
build	Cache Android SDK	2026-06-06T12:22:47.1916018Z /usr/bin/tar: ../../../../../usr/local/lib/android/sdk/platforms/android-34-ext10/data/res/values-mcc334-mnc020-ar: Cannot utime: Operation not permitted
build	Cache Android SDK	2026-06-06T12:22:47.1917912Z /usr/bin/tar: ../../../../../usr/local/lib/android/sdk/platforms/android-34-ext10/data/res/values-mcc334-mnc020-ar: Cannot change mode to rwxr-xr-x: Operation not permitted
build	Cache Android SDK	2026-06-06T12:22:47.1919271Z /usr/bin/tar: ../../../../../usr/local/lib/android/sdk/platforms/android-34-ext10/data/res/values-mcc310-mnc560-az: Cannot utime: Operation not permitted
build	Cache Android SDK	2026-06-06T12:22:47.1920237Z /usr/bin/tar: ../../../../../usr/local/lib/android/sdk/platforms/android-34-ext10/data/res/values-mcc310-mnc560-az: Cannot change mode to rwxr-xr-x: Operation not permitted
build	Cache Android SDK	2026-06-06T12:22:47.1922448Z /usr/bin/tar: ../../../../../usr/local/lib/android/sdk/platforms/android-34-ext10/data/res/values-mcc310-mnc210-ja: Cannot utime: Operation not permitted
build	Cache Android SDK	2026-06-06T12:22:47.1923509Z /usr/bin/tar: ../../../../../usr/local/lib/android/sdk/platforms/android-34-ext10/data/res/values-mcc310-mnc210-ja: Cannot change mode to rwxr-xr-x: Operation not permitted
build	Cache Android SDK	2026-06-06T12:22:47.1925149Z /usr/bin/tar: ../../../../../usr/local/lib/android/sdk/platforms/android-34-ext10/data/res/values-mcc310-mnc280-ja: Cannot utime: Operation not permitted
build	Cache Android SDK	2026-06-06T12:22:47.1926150Z /usr/bin/tar: ../../../../../usr/local/lib/android/sdk/platforms/android-34-ext10/data/res/values-mcc310-mnc280-ja: Cannot change mode to rwxr-xr-x: Operation not permitted
build	Cache Android SDK	2026-06-06T12:22:47.1928762Z /usr/bin/tar: ../../../../../usr/local/lib/android/sdk/platforms/android-34-ext10/data/res/values-pl-watch: Cannot utime: Operation not permitted
build	Cache Android SDK	2026-06-06T12:22:47.1929682Z /usr/bin/tar: ../../../../../usr/local/lib/android/sdk/platforms/android-34-ext10/data/res/values-pl-watch: Cannot change mode to rwxr-xr-x: Operation not permitted
build	Cache Android SDK	2026-06-06T12:22:47.1931713Z /usr/bin/tar: ../../../../../usr/local/lib/android/sdk/platforms/android-34-ext10/data/res/values-mcc302-mnc370-sl: Cannot utime: Operation not permitted
build	Cache Android SDK	2026-06-06T12:22:47.1932672Z /usr/bin/tar: ../../../../../usr/local/lib/android/sdk/platforms/android-34-ext10/data/res/values-mcc302-mnc370-sl: Cannot change mode to rwxr-xr-x: Operation not permitted
build	Cache Android SDK	2026-06-06T12:22:47.1934714Z /usr/bin/tar: ../../../../../usr/local/lib/android/sdk/platforms/android-34-ext10/data/res/values-mcc310-mnc950-ru: Cannot utime: Operation not permitted
build	Cache Android SDK	2026-06-06T12:22:47.1935674Z /usr/bin/tar: ../../../../../usr/local/lib/android/sdk/platforms/android-34-ext10/data/res/values-mcc310-mnc950-ru: Cannot change mode to rwxr-xr-x: Operation not permitted
build	Cache Android SDK	2026-06-06T12:22:47.1937786Z /usr/bin/tar: ../../../../../usr/local/lib/android/sdk/platforms/android-34-ext10/data/res/values-mcc310-mnc220-my: Cannot utime: Operation not permitted
build	Cache Android SDK	2026-06-06T12:22:47.1938806Z /usr/bin/tar: ../../../../../usr/local/lib/android/sdk/platforms/android-34-ext10/data/res/values-mcc310-mnc220-my: Cannot change mode to rwxr-xr-x: Operation not permitted
build	Cache Android SDK	2026-06-06T12:22:47.1940855Z /usr/bin/tar: ../../../../../usr/local/lib/android/sdk/platforms/android-34-ext10/data/res/values-mcc310-mnc240-bs: Cannot utime: Operation not permitted
build	Cache Android SDK	2026-06-06T12:22:47.1941973Z /usr/bin/tar: ../../../../../usr/local/lib/android/sdk/platforms/android-34-ext10/data/res/values-mcc310-mnc240-bs: Cannot change mode to rwxr-xr-x: Operation not permitted
build	Cache Android SDK	2026-06-06T12:22:47.1948906Z /usr/bin/tar: ../../../../../usr/local/lib/android/sdk/platforms/android-34-ext10/data/res/values-el: Cannot utime: Operation not permitted
build	Cache Android SDK	2026-06-06T12:22:47.1949946Z /usr/bin/tar: ../../../../../usr/local/lib/android/sdk/platforms/android-34-ext10/data/res/values-el: Cannot change mode to rwxr-xr-x: Operation not permitted
build	Cache Android SDK	2026-06-06T12:22:47.1951875Z /usr/bin/tar: ../../../../../usr/local/lib/android/sdk/platforms/android-34-ext10/data/res/values-mcc310-mnc800-kk: Cannot utime: Operation not permitted
build	Cache Android SDK	2026-06-06T12:22:47.1952905Z /usr/bin/tar: ../../../../../usr/local/lib/android/sdk/platforms/android-34-ext10/data/res/values-mcc310-mnc800-kk: Cannot change mode to rwxr-xr-x: Operation not permitted
build	Cache Android SDK	2026-06-06T12:22:47.1954367Z /usr/bin/tar: ../../../../../usr/local/lib/android/sdk/platforms/android-34-ext10/data/res/values-mcc310-mnc160-hu: Cannot utime: Operation not permitted
build	Cache Android SDK	2026-06-06T12:22:47.1955318Z /usr/bin/tar: ../../../../../usr/local/lib/android/sdk/platforms/android-34-ext10/data/res/values-mcc310-mnc160-hu: Cannot change mode to rwxr-xr-x: Operation not permitted
build	Cache Android SDK	2026-06-06T12:22:47.1957564Z /usr/bin/tar: ../../../../../usr/local/lib/android/sdk/platforms/android-34-ext10/data/res/values-mcc310-mnc170-lt: Cannot utime: Operation not permitted
build	Cache Android SDK	2026-06-06T12:22:47.1958521Z /usr/bin/tar: ../../../../../usr/local/lib/android/sdk/platforms/android-34-ext10/data/res/values-mcc310-mnc170-lt: Cannot change mode to rwxr-xr-x: Operation not permitted
build	Cache Android SDK	2026-06-06T12:22:47.1960453Z /usr/bin/tar: ../../../../../usr/local/lib/android/sdk/platforms/android-34-ext10/data/res/values-ca-rES: Cannot utime: Operation not permitted
build	Cache Android SDK	2026-06-06T12:22:47.1961337Z /usr/bin/tar: ../../../../../usr/local/lib/android/sdk/platforms/android-34-ext10/data/res/values-ca-rES: Cannot change mode to rwxr-xr-x: Operation not permitted
build	Cache Android SDK	2026-06-06T12:22:47.1966097Z /usr/bin/tar: ../../../../../usr/local/lib/android/sdk/platforms/android-34-ext10/data/res/drawable-car: Cannot utime: Operation not permitted
build	Cache Android SDK	2026-06-06T12:22:47.1966991Z /usr/bin/tar: ../../../../../usr/local/lib/android/sdk/platforms/android-34-ext10/data/res/drawable-car: Cannot change mode to rwxr-xr-x: Operation not permitted
build	Cache Android SDK	2026-06-06T12:22:47.1969143Z /usr/bin/tar: ../../../../../usr/local/lib/android/sdk/platforms/android-34-ext10/data/res/values-mcc310-mnc310-et: Cannot utime: Operation not permitted
build	Cache Android SDK	2026-06-06T12:22:47.1970099Z /usr/bin/tar: ../../../../../usr/local/lib/android/sdk/platforms/android-34-ext10/data/res/values-mcc310-mnc310-et: Cannot change mode to rwxr-xr-x: Operation not permitted
build	Cache Android SDK	2026-06-06T12:22:47.1972957Z /usr/bin/tar: ../../../../../usr/local/lib/android/sdk/platforms/android-34-ext10/data/res/values-mcc310-mnc560-mr: Cannot utime: Operation not permitted
build	Cache Android SDK	2026-06-06T12:22:47.1973999Z /usr/bin/tar: ../../../../../usr/local/lib/android/sdk/platforms/android-34-ext10/data/res/values-mcc310-mnc560-mr: Cannot change mode to rwxr-xr-x: Operation not permitted
build	Cache Android SDK	2026-06-06T12:22:47.1976690Z /usr/bin/tar: ../../../../../usr/local/lib/android/sdk/platforms/android-34-ext10/data/res/values-mcc310-mnc150-pt-rPT: Cannot utime: Operation not permitted
build	Cache Android SDK	2026-06-06T12:22:47.1977834Z /usr/bin/tar: ../../../../../usr/local/lib/android/sdk/platforms/android-34-ext10/data/res/values-mcc310-mnc150-pt-rPT: Cannot change mode to rwxr-xr-x: Operation not permitted
build	Cache Android SDK	2026-06-06T12:22:47.1979964Z /usr/bin/tar: ../../../../../usr/local/lib/android/sdk/platforms/android-34-ext10/data/res/values-mcc310-mnc800-mn: Cannot utime: Operation not permitted
build	Cache Android SDK	2026-06-06T12:22:47.1980990Z /usr/bin/tar: ../../../../../usr/local/lib/android/sdk/platforms/android-34-ext10/data/res/values-mcc310-mnc800-mn: Cannot change mode to rwxr-xr-x: Operation not permitted
build	Cache Android SDK	2026-06-06T12:22:47.1984385Z /usr/bin/tar: ../../../../../usr/local/lib/android/sdk/platforms/android-34-ext10/data/res/values-km-watch: Cannot utime: Operation not permitted
build	Cache Android SDK	2026-06-06T12:22:47.1985450Z /usr/bin/tar: ../../../../../usr/local/lib/android/sdk/platforms/android-34-ext10/data/res/values-km-watch: Cannot change mode to rwxr-xr-x: Operation not permitted
build	Cache Android SDK	2026-06-06T12:22:47.1986669Z /usr/bin/tar: ../../../../../usr/local/lib/android/sdk/platforms/android-34-ext10/data/res/values-en-rGB-television: Cannot utime: Operation not permitted
build	Cache Android SDK	2026-06-06T12:22:47.1987854Z /usr/bin/tar: ../../../../../usr/local/lib/android/sdk/platforms/android-34-ext10/data/res/values-en-rGB-television: Cannot change mode to rwxr-xr-x: Operation not permitted
build	Cache Android SDK	2026-06-06T12:22:47.1989338Z /usr/bin/tar: ../../../../../usr/local/lib/android/sdk/platforms/android-34-ext10/data/res/values-mcc334-mnc020-mn: Cannot utime: Operation not permitted
build	Cache Android SDK	2026-06-06T12:22:47.1990397Z /usr/bin/tar: ../../../../../usr/local/lib/android/sdk/platforms/android-34-ext10/data/res/values-mcc334-mnc020-mn: Cannot change mode to rwxr-xr-x: Operation not permitted
build	Cache Android SDK	2026-06-06T12:22:47.1992301Z /usr/bin/tar: ../../../../../usr/local/lib/android/sdk/platforms/android-34-ext10/data/res/values-mcc001-mnc01-lv: Cannot utime: Operation not permitted
build	Cache Android SDK	2026-06-06T12:22:47.1993241Z /usr/bin/tar: ../../../../../usr/local/lib/android/sdk/platforms/android-34-ext10/data/res/values-mcc001-mnc01-lv: Cannot change mode to rwxr-xr-x: Operation not permitted
build	Cache Android SDK	2026-06-06T12:22:47.1995442Z /usr/bin/tar: ../../../../../usr/local/lib/android/sdk/platforms/android-34-ext10/data/res/values-mcc310-mnc170-hi: Cannot utime: Operation not permitted
build	Cache Android SDK	2026-06-06T12:22:47.1996495Z /usr/bin/tar: ../../../../../usr/local/lib/android/sdk/platforms/android-34-ext10/data/res/values-mcc310-mnc170-hi: Cannot change mode to rwxr-xr-x: Operation not permitted
build	Cache Android SDK	2026-06-06T12:22:47.1998689Z /usr/bin/tar: ../../../../../usr/local/lib/android/sdk/platforms/android-34-ext10/data/res/values-mcc310-mnc800-ro: Cannot utime: Operation not permitted
build	Cache Android SDK	2026-06-06T12:22:47.1999660Z /usr/bin/tar: ../../../../../usr/local/lib/android/sdk/platforms/android-34-ext10/data/res/values-mcc310-mnc800-ro: Cannot change mode to rwxr-xr-x: Operation not permitted
build	Cache Android SDK	2026-06-06T12:22:47.2001529Z /usr/bin/tar: ../../../../../usr/local/lib/android/sdk/platforms/android-34-ext10/data/res/values-mcc310-mnc270-km: Cannot utime: Operation not permitted
build	Cache Android SDK	2026-06-06T12:22:47.2002484Z /usr/bin/tar: ../../../../../usr/local/lib/android/sdk/platforms/android-34-ext10/data/res/values-mcc310-mnc270-km: Cannot change mode to rwxr-xr-x: Operation not permitted
build	Cache Android SDK	2026-06-06T12:22:47.2004913Z /usr/bin/tar: ../../../../../usr/local/lib/android/sdk/platforms/android-34-ext10/data/res/values-mcc310-mnc160-ml: Cannot utime: Operation not permitted
build	Cache Android SDK	2026-06-06T12:22:47.2006001Z /usr/bin/tar: ../../../../../usr/local/lib/android/sdk/platforms/android-34-ext10/data/res/values-mcc310-mnc160-ml: Cannot change mode to rwxr-xr-x: Operation not permitted
build	Cache Android SDK	2026-06-06T12:22:47.2008107Z /usr/bin/tar: ../../../../../usr/local/lib/android/sdk/platforms/android-34-ext10/data/res/values-mcc310-mnc270-es-rUS: Cannot utime: Operation not permitted
build	Cache Android SDK	2026-06-06T12:22:47.2009153Z /usr/bin/tar: ../../../../../usr/local/lib/android/sdk/platforms/android-34-ext10/data/res/values-mcc310-mnc270-es-rUS: Cannot change mode to rwxr-xr-x: Operation not permitted
build	Cache Android SDK	2026-06-06T12:22:47.2010887Z /usr/bin/tar: ../../../../../usr/local/lib/android/sdk/platforms/android-34-ext10/data/res/values-es-rEC: Cannot utime: Operation not permitted
build	Cache Android SDK	2026-06-06T12:22:47.2011838Z /usr/bin/tar: ../../../../../usr/local/lib/android/sdk/platforms/android-34-ext10/data/res/values-es-rEC: Cannot change mode to rwxr-xr-x: Operation not permitted
build	Cache Android SDK	2026-06-06T12:22:47.2013924Z /usr/bin/tar: ../../../../../usr/local/lib/android/sdk/platforms/android-34-ext10/data/res/values-mcc311-mnc180-zu: Cannot utime: Operation not permitted
build	Cache Android SDK	2026-06-06T12:22:47.2014870Z /usr/bin/tar: ../../../../../usr/local/lib/android/sdk/platforms/android-34-ext10/data/res/values-mcc311-mnc180-zu: Cannot change mode to rwxr-xr-x: Operation not permitted
build	Cache Android SDK	2026-06-06T12:22:47.2016897Z /usr/bin/tar: ../../../../../usr/local/lib/android/sdk/platforms/android-34-ext10/data/res/values-mcc310-mnc240-hi: Cannot utime: Operation not permitted
build	Cache Android SDK	2026-06-06T12:22:47.2018047Z /usr/bin/tar: ../../../../../usr/local/lib/android/sdk/platforms/android-34-ext10/data/res/values-mcc310-mnc240-hi: Cannot change mode to rwxr-xr-x: Operation not permitted
build	Cache Android SDK	2026-06-06T12:22:47.2020566Z /usr/bin/tar: ../../../../../usr/local/lib/android/sdk/platforms/android-34-ext10/data/res/values-mcc334-mnc020-kk: Cannot utime: Operation not permitted
build	Cache Android SDK	2026-06-06T12:22:47.2021524Z /usr/bin/tar: ../../../../../usr/local/lib/android/sdk/platforms/android-34-ext10/data/res/values-mcc334-mnc020-kk: Cannot change mode to rwxr-xr-x: Operation not permitted
build	Cache Android SDK	2026-06-06T12:22:47.2023892Z /usr/bin/tar: ../../../../../usr/local/lib/android/sdk/platforms/android-34-ext10/data/res/values-mcc310-mnc240-in: Cannot utime: Operation not permitted
build	Cache Android SDK	2026-06-06T12:22:47.2024833Z /usr/bin/tar: ../../../../../usr/local/lib/android/sdk/platforms/android-34-ext10/data/res/values-mcc310-mnc240-in: Cannot change mode to rwxr-xr-x: Operation not permitted
build	Cache Android SDK	2026-06-06T12:22:47.2031040Z /usr/bin/tar: ../../../../../usr/local/lib/android/sdk/platforms/android-34-ext10/data/res/values-et: Cannot utime: Operation not permitted
build	Cache Android SDK	2026-06-06T12:22:47.2032037Z /usr/bin/tar: ../../../../../usr/local/lib/android/sdk/platforms/android-34-ext10/data/res/values-et: Cannot change mode to rwxr-xr-x: Operation not permitted
build	Cache Android SDK	2026-06-06T12:22:47.2033106Z /usr/bin/tar: ../../../../../usr/local/lib/android/sdk/platforms/android-34-ext10/data/res/values-mcc310-mnc220-da: Cannot utime: Operation not permitted
build	Cache Android SDK	2026-06-06T12:22:47.2034256Z /usr/bin/tar: ../../../../../usr/local/lib/android/sdk/platforms/android-34-ext10/data/res/values-mcc310-mnc220-da: Cannot change mode to rwxr-xr-x: Operation not permitted
build	Cache Android SDK	2026-06-06T12:22:47.2035554Z /usr/bin/tar: ../../../../../usr/local/lib/android/sdk/platforms/android-34-ext10/data/res/values-mcc310-mnc280-en-rGB: Cannot utime: Operation not permitted
build	Cache Android SDK	2026-06-06T12:22:47.2036542Z /usr/bin/tar: ../../../../../usr/local/lib/android/sdk/platforms/android-34-ext10/data/res/values-mcc310-mnc280-en-rGB: Cannot change mode to rwxr-xr-x: Operation not permitted
build	Cache Android SDK	2026-06-06T12:22:47.2040358Z /usr/bin/tar: ../../../../../usr/local/lib/android/sdk/platforms/android-34-ext10/data/res/layout-land: Cannot utime: Operation not permitted
build	Cache Android SDK	2026-06-06T12:22:47.2041295Z /usr/bin/tar: ../../../../../usr/local/lib/android/sdk/platforms/android-34-ext10/data/res/layout-land: Cannot change mode to rwxr-xr-x: Operation not permitted
build	Cache Android SDK	2026-06-06T12:22:47.2042992Z /usr/bin/tar: ../../../../../usr/local/lib/android/sdk/platforms/android-34-ext10/data/res/values-mcc310-mnc380-km: Cannot utime: Operation not permitted
build	Cache Android SDK	2026-06-06T12:22:47.2044002Z /usr/bin/tar: ../../../../../usr/local/lib/android/sdk/platforms/android-34-ext10/data/res/values-mcc310-mnc380-km: Cannot change mode to rwxr-xr-x: Operation not permitted
build	Cache Android SDK	2026-06-06T12:22:47.2046154Z /usr/bin/tar: ../../../../../usr/local/lib/android/sdk/platforms/android-34-ext10/data/res/values-mcc310-mnc270-da: Cannot utime: Operation not permitted
build	Cache Android SDK	2026-06-06T12:22:47.2047102Z /usr/bin/tar: ../../../../../usr/local/lib/android/sdk/platforms/android-34-ext10/data/res/values-mcc310-mnc270-da: Cannot change mode to rwxr-xr-x: Operation not permitted
build	Cache Android SDK	2026-06-06T12:22:47.2049300Z /usr/bin/tar: ../../../../../usr/local/lib/android/sdk/platforms/android-34-ext10/data/res/values-mcc310-mnc660-my: Cannot utime: Operation not permitted
build	Cache Android SDK	2026-06-06T12:22:47.2050327Z /usr/bin/tar: ../../../../../usr/local/lib/android/sdk/platforms/android-34-ext10/data/res/values-mcc310-mnc660-my: Cannot change mode to rwxr-xr-x: Operation not permitted
build	Cache Android SDK	2026-06-06T12:22:47.2052489Z /usr/bin/tar: ../../../../../usr/local/lib/android/sdk/platforms/android-34-ext10/data/res/values-mcc310-mnc280-et: Cannot utime: Operation not permitted
build	Cache Android SDK	2026-06-06T12:22:47.2053442Z /usr/bin/tar: ../../../../../usr/local/lib/android/sdk/platforms/android-34-ext10/data/res/values-mcc310-mnc280-et: Cannot change mode to rwxr-xr-x: Operation not permitted
build	Cache Android SDK	2026-06-06T12:22:47.2055418Z /usr/bin/tar: ../../../../../usr/local/lib/android/sdk/platforms/android-34-ext10/data/res/values-mcc310-mnc380-sv: Cannot utime: Operation not permitted
build	Cache Android SDK	2026-06-06T12:22:47.2056387Z /usr/bin/tar: ../../../../../usr/local/lib/android/sdk/platforms/android-34-ext10/data/res/values-mcc310-mnc380-sv: Cannot change mode to rwxr-xr-x: Operation not permitted
build	Cache Android SDK	2026-06-06T12:22:47.2058913Z /usr/bin/tar: ../../../../../usr/local/lib/android/sdk/platforms/android-34-ext10/data/res/values-mcc310-mnc250-be: Cannot utime: Operation not permitted
build	Cache Android SDK	2026-06-06T12:22:47.2059872Z /usr/bin/tar: ../../../../../usr/local/lib/android/sdk/platforms/android-34-ext10/data/res/values-mcc310-mnc250-be: Cannot change mode to rwxr-xr-x: Operation not permitted
build	Cache Android SDK	2026-06-06T12:22:47.2061941Z /usr/bin/tar: ../../../../../usr/local/lib/android/sdk/platforms/android-34-ext10/data/res/values-mcc310-mnc270-sq: Cannot utime: Operation not permitted
build	Cache Android SDK	2026-06-06T12:22:47.2062887Z /usr/bin/tar: ../../../../../usr/local/lib/android/sdk/platforms/android-34-ext10/data/res/values-mcc310-mnc270-sq: Cannot change mode to rwxr-xr-x: Operation not permitted
build	Cache Android SDK	2026-06-06T12:22:47.2065124Z /usr/bin/tar: ../../../../../usr/local/lib/android/sdk/platforms/android-34-ext10/data/res/values-mcc312-mnc670-km: Cannot utime: Operation not permitted
build	Cache Android SDK	2026-06-06T12:22:47.2066081Z /usr/bin/tar: ../../../../../usr/local/lib/android/sdk/platforms/android-34-ext10/data/res/values-mcc312-mnc670-km: Cannot change mode to rwxr-xr-x: Operation not permitted
build	Cache Android SDK	2026-06-06T12:22:47.2068424Z /usr/bin/tar: ../../../../../usr/local/lib/android/sdk/platforms/android-34-ext10/data/res/values-mcc310-mnc230-ur: Cannot utime: Operation not permitted
build	Cache Android SDK	2026-06-06T12:22:47.2069374Z /usr/bin/tar: ../../../../../usr/local/lib/android/sdk/platforms/android-34-ext10/data/res/values-mcc310-mnc230-ur: Cannot change mode to rwxr-xr-x: Operation not permitted
build	Cache Android SDK	2026-06-06T12:22:47.2071331Z /usr/bin/tar: ../../../../../usr/local/lib/android/sdk/platforms/android-34-ext10/data/res/values-mcc310-mnc950-mk: Cannot utime: Operation not permitted
build	Cache Android SDK	2026-06-06T12:22:47.2072279Z /usr/bin/tar: ../../../../../usr/local/lib/android/sdk/platforms/android-34-ext10/data/res/values-mcc310-mnc950-mk: Cannot change mode to rwxr-xr-x: Operation not permitted
build	Cache Android SDK	2026-06-06T12:22:47.2074864Z /usr/bin/tar: ../../../../../usr/local/lib/android/sdk/platforms/android-34-ext10/data/res/values-mcc310-mnc030-fr: Cannot utime: Operation not permitted
build	Cache Android SDK	2026-06-06T12:22:47.2075801Z /usr/bin/tar: ../../../../../usr/local/lib/android/sdk/platforms/android-34-ext10/data/res/values-mcc310-mnc030-fr: Cannot change mode to rwxr-xr-x: Operation not permitted
build	Cache Android SDK	2026-06-06T12:22:47.2077969Z /usr/bin/tar: ../../../../../usr/local/lib/android/sdk/platforms/android-34-ext10/data/res/values-mcc310-mnc490-az: Cannot utime: Operation not permitted
build	Cache Android SDK	2026-06-06T12:22:47.2078912Z /usr/bin/tar: ../../../../../usr/local/lib/android/sdk/platforms/android-34-ext10/data/res/values-mcc310-mnc490-az: Cannot change mode to rwxr-xr-x: Operation not permitted
build	Cache Android SDK	2026-06-06T12:22:47.2081216Z /usr/bin/tar: ../../../../../usr/local/lib/android/sdk/platforms/android-34-ext10/data/res/values-mcc310-mnc200-es: Cannot utime: Operation not permitted
build	Cache Android SDK	2026-06-06T12:22:47.2082166Z /usr/bin/tar: ../../../../../usr/local/lib/android/sdk/platforms/android-34-ext10/data/res/values-mcc310-mnc200-es: Cannot change mode to rwxr-xr-x: Operation not permitted
build	Cache Android SDK	2026-06-06T12:22:47.2084349Z /usr/bin/tar: ../../../../../usr/local/lib/android/sdk/platforms/android-34-ext10/data/res/values-mcc310-mnc250-mk: Cannot utime: Operation not permitted
build	Cache Android SDK	2026-06-06T12:22:47.2085309Z /usr/bin/tar: ../../../../../usr/local/lib/android/sdk/platforms/android-34-ext10/data/res/values-mcc310-mnc250-mk: Cannot change mode to rwxr-xr-x: Operation not permitted
build	Cache Android SDK	2026-06-06T12:22:47.2087671Z /usr/bin/tar: ../../../../../usr/local/lib/android/sdk/platforms/android-34-ext10/data/res/values-nb-rNO: Cannot utime: Operation not permitted
build	Cache Android SDK	2026-06-06T12:22:47.2088574Z /usr/bin/tar: ../../../../../usr/local/lib/android/sdk/platforms/android-34-ext10/data/res/values-nb-rNO: Cannot change mode to rwxr-xr-x: Operation not permitted
build	Cache Android SDK	2026-06-06T12:22:47.2090725Z /usr/bin/tar: ../../../../../usr/local/lib/android/sdk/platforms/android-34-ext10/data/res/values-mcc310-mnc950-my: Cannot utime: Operation not permitted
build	Cache Android SDK	2026-06-06T12:22:47.2091672Z /usr/bin/tar: ../../../../../usr/local/lib/android/sdk/platforms/android-34-ext10/data/res/values-mcc310-mnc950-my: Cannot change mode to rwxr-xr-x: Operation not permitted
build	Cache Android SDK	2026-06-06T12:22:47.2094133Z /usr/bin/tar: ../../../../../usr/local/lib/android/sdk/platforms/android-34-ext10/data/res/values-mcc001-mnc01-lo: Cannot utime: Operation not permitted
build	Cache Android SDK	2026-06-06T12:22:47.2095085Z /usr/bin/tar: ../../../../../usr/local/lib/android/sdk/platforms/android-34-ext10/data/res/values-mcc001-mnc01-lo: Cannot change mode to rwxr-xr-x: Operation not permitted
build	Cache Android SDK	2026-06-06T12:22:47.2097545Z /usr/bin/tar: ../../../../../usr/local/lib/android/sdk/platforms/android-34-ext10/data/res/values-mcc302-mnc370-ta: Cannot utime: Operation not permitted
build	Cache Android SDK	2026-06-06T12:22:47.2098661Z /usr/bin/tar: ../../../../../usr/local/lib/android/sdk/platforms/android-34-ext10/data/res/values-mcc302-mnc370-ta: Cannot change mode to rwxr-xr-x: Operation not permitted
build	Cache Android SDK	2026-06-06T12:22:47.2100642Z /usr/bin/tar: ../../../../../usr/local/lib/android/sdk/platforms/android-34-ext10/data/res/values-mcc310-mnc220-pt: Cannot utime: Operation not permitted
build	Cache Android SDK	2026-06-06T12:22:47.2101597Z /usr/bin/tar: ../../../../../usr/local/lib/android/sdk/platforms/android-34-ext10/data/res/values-mcc310-mnc220-pt: Cannot change mode to rwxr-xr-x: Operation not permitted
build	Cache Android SDK	2026-06-06T12:22:47.2103356Z /usr/bin/tar: ../../../../../usr/local/lib/android/sdk/platforms/android-34-ext10/data/res/values-mcc310-mnc800-bg: Cannot utime: Operation not permitted
build	Cache Android SDK	2026-06-06T12:22:47.2104316Z /usr/bin/tar: ../../../../../usr/local/lib/android/sdk/platforms/android-34-ext10/data/res/values-mcc310-mnc800-bg: Cannot change mode to rwxr-xr-x: Operation not permitted
build	Cache Android SDK	2026-06-06T12:22:47.2106668Z /usr/bin/tar: ../../../../../usr/local/lib/android/sdk/platforms/android-34-ext10/data/res/values-rm-rCH: Cannot utime: Operation not permitted
build	Cache Android SDK	2026-06-06T12:22:47.2108001Z /usr/bin/tar: ../../../../../usr/local/lib/android/sdk/platforms/android-34-ext10/data/res/values-rm-rCH: Cannot change mode to rwxr-xr-x: Operation not permitted
build	Cache Android SDK	2026-06-06T12:22:47.2109838Z /usr/bin/tar: ../../../../../usr/local/lib/android/sdk/platforms/android-34-ext10/data/res/values-mcc310-mnc270-af: Cannot utime: Operation not permitted
build	Cache Android SDK	2026-06-06T12:22:47.2110907Z /usr/bin/tar: ../../../../../usr/local/lib/android/sdk/platforms/android-34-ext10/data/res/values-mcc310-mnc270-af: Cannot change mode to rwxr-xr-x: Operation not permitted
build	Cache Android SDK	2026-06-06T12:22:47.2112671Z /usr/bin/tar: ../../../../../usr/local/lib/android/sdk/platforms/android-34-ext10/data/res/values-mcc310-mnc270-gu: Cannot utime: Operation not permitted
build	Cache Android SDK	2026-06-06T12:22:47.2113626Z /usr/bin/tar: ../../../../../usr/local/lib/android/sdk/platforms/android-34-ext10/data/res/values-mcc310-mnc270-gu: Cannot change mode to rwxr-xr-x: Operation not permitted
build	Cache Android SDK	2026-06-06T12:22:47.2115750Z /usr/bin/tar: ../../../../../usr/local/lib/android/sdk/platforms/android-34-ext10/data/res/values-mcc310-mnc380-en-rCA: Cannot utime: Operation not permitted
build	Cache Android SDK	2026-06-06T12:22:47.2116755Z /usr/bin/tar: ../../../../../usr/local/lib/android/sdk/platforms/android-34-ext10/data/res/values-mcc310-mnc380-en-rCA: Cannot change mode to rwxr-xr-x: Operation not permitted
build	Cache Android SDK	2026-06-06T12:22:47.2119140Z /usr/bin/tar: ../../../../../usr/local/lib/android/sdk/platforms/android-34-ext10/data/res/values-mcc310-mnc270: Cannot utime: Operation not permitted
build	Cache Android SDK	2026-06-06T12:22:47.2120096Z /usr/bin/tar: ../../../../../usr/local/lib/android/sdk/platforms/android-34-ext10/data/res/values-mcc310-mnc270: Cannot change mode to rwxr-xr-x: Operation not permitted
build	Cache Android SDK	2026-06-06T12:22:47.2122361Z /usr/bin/tar: ../../../../../usr/local/lib/android/sdk/platforms/android-34-ext10/data/res/mipmap-watch-anydpi: Cannot utime: Operation not permitted
build	Cache Android SDK	2026-06-06T12:22:47.2123306Z /usr/bin/tar: ../../../../../usr/local/lib/android/sdk/platforms/android-34-ext10/data/res/mipmap-watch-anydpi: Cannot change mode to rwxr-xr-x: Operation not permitted
build	Cache Android SDK	2026-06-06T12:22:47.2125457Z /usr/bin/tar: ../../../../../usr/local/lib/android/sdk/platforms/android-34-ext10/data/res/values-sq-television: Cannot utime: Operation not permitted
build	Cache Android SDK	2026-06-06T12:22:47.2126558Z /usr/bin/tar: ../../../../../usr/local/lib/android/sdk/platforms/android-34-ext10/data/res/values-sq-television: Cannot change mode to rwxr-xr-x: Operation not permitted
build	Cache Android SDK	2026-06-06T12:22:47.2130115Z /usr/bin/tar: ../../../../../usr/local/lib/android/sdk/platforms/android-34-ext10/data/res/values-mcc310-mnc030-en-rCA: Cannot utime: Operation not permitted
build	Cache Android SDK	2026-06-06T12:22:47.2131135Z /usr/bin/tar: ../../../../../usr/local/lib/android/sdk/platforms/android-34-ext10/data/res/values-mcc310-mnc030-en-rCA: Cannot change mode to rwxr-xr-x: Operation not permitted
build	Cache Android SDK	2026-06-06T12:22:47.2133987Z /usr/bin/tar: ../../../../../usr/local/lib/android/sdk/platforms/android-34-ext10/data/res/values-mcc001-mnc01-in: Cannot utime: Operation not permitted
build	Cache Android SDK	2026-06-06T12:22:47.2134946Z /usr/bin/tar: ../../../../../usr/local/lib/android/sdk/platforms/android-34-ext10/data/res/values-mcc001-mnc01-in: Cannot change mode to rwxr-xr-x: Operation not permitted
build	Cache Android SDK	2026-06-06T12:22:47.2137253Z /usr/bin/tar: ../../../../../usr/local/lib/android/sdk/platforms/android-34-ext10/data/res/values-mcc310-mnc800-zh-rHK: Cannot utime: Operation not permitted
build	Cache Android SDK	2026-06-06T12:22:47.2137962Z /usr/bin/tar: ../../../../../usr/local/lib/android/sdk/platforms/android-34-ext10/data/res/values-mcc310-mnc800-zh-rHK: Cannot change mode to rwxr-xr-x: Operation not permitted
build	Cache Android SDK	2026-06-06T12:22:47.2140851Z /usr/bin/tar: ../../../../../usr/local/lib/android/sdk/platforms/android-34-ext10/data/res/values-mcc310-mnc170-nb: Cannot utime: Operation not permitted
build	Cache Android SDK	2026-06-06T12:22:47.2141314Z /usr/bin/tar: ../../../../../usr/local/lib/android/sdk/platforms/android-34-ext10/data/res/values-mcc310-mnc170-nb: Cannot change mode to rwxr-xr-x: Operation not permitted
build	Cache Android SDK	2026-06-06T12:22:47.2144217Z /usr/bin/tar: ../../../../../usr/local/lib/android/sdk/platforms/android-34-ext10/data/res/values-mcc311-mnc180-hu: Cannot utime: Operation not permitted
build	Cache Android SDK	2026-06-06T12:22:47.2144676Z /usr/bin/tar: ../../../../../usr/local/lib/android/sdk/platforms/android-34-ext10/data/res/values-mcc311-mnc180-hu: Cannot change mode to rwxr-xr-x: Operation not permitted
build	Cache Android SDK	2026-06-06T12:22:47.2147493Z /usr/bin/tar: ../../../../../usr/local/lib/android/sdk/platforms/android-34-ext10/data/res/values-mcc310-mnc210-sv: Cannot utime: Operation not permitted
build	Cache Android SDK	2026-06-06T12:22:47.2148186Z /usr/bin/tar: ../../../../../usr/local/lib/android/sdk/platforms/android-34-ext10/data/res/values-mcc310-mnc210-sv: Cannot change mode to rwxr-xr-x: Operation not permitted
build	Cache Android SDK	2026-06-06T12:22:47.2150635Z /usr/bin/tar: ../../../../../usr/local/lib/android/sdk/platforms/android-34-ext10/data/res/values-mcc310-mnc280-be: Cannot utime: Operation not permitted
build	Cache Android SDK	2026-06-06T12:22:47.2151096Z /usr/bin/tar: ../../../../../usr/local/lib/android/sdk/platforms/android-34-ext10/data/res/values-mcc310-mnc280-be: Cannot change mode to rwxr-xr-x: Operation not permitted
build	Cache Android SDK	2026-06-06T12:22:47.2155059Z /usr/bin/tar: ../../../../../usr/local/lib/android/sdk/platforms/android-34-ext10/data/res/values-mcc310-mnc220-en-rGB: Cannot utime: Operation not permitted
build	Cache Android SDK	2026-06-06T12:22:47.2155620Z /usr/bin/tar: ../../../../../usr/local/lib/android/sdk/platforms/android-34-ext10/data/res/values-mcc310-mnc220-en-rGB: Cannot change mode to rwxr-xr-x: Operation not permitted
build	Cache Android SDK	2026-06-06T12:22:47.2158457Z /usr/bin/tar: ../../../../../usr/local/lib/android/sdk/platforms/android-34-ext10/data/res/values-mcc310-mnc950-el: Cannot utime: Operation not permitted
build	Cache Android SDK	2026-06-06T12:22:47.2158910Z /usr/bin/tar: ../../../../../usr/local/lib/android/sdk/platforms/android-34-ext10/data/res/values-mcc310-mnc950-el: Cannot change mode to rwxr-xr-x: Operation not permitted
build	Cache Android SDK	2026-06-06T12:22:47.2162785Z /usr/bin/tar: ../../../../../usr/local/lib/android/sdk/platforms/android-34-ext10/data/res/values-mcc310-mnc220-gu: Cannot utime: Operation not permitted
build	Cache Android SDK	2026-06-06T12:22:47.2163885Z /usr/bin/tar: ../../../../../usr/local/lib/android/sdk/platforms/android-34-ext10/data/res/values-mcc310-mnc220-gu: Cannot change mode to rwxr-xr-x: Operation not permitted
build	Cache Android SDK	2026-06-06T12:22:47.2166549Z /usr/bin/tar: ../../../../../usr/local/lib/android/sdk/platforms/android-34-ext10/data/res/values-mcc310-mnc590: Cannot utime: Operation not permitted
build	Cache Android SDK	2026-06-06T12:22:47.2167174Z /usr/bin/tar: ../../../../../usr/local/lib/android/sdk/platforms/android-34-ext10/data/res/values-mcc310-mnc590: Cannot change mode to rwxr-xr-x: Operation not permitted
build	Cache Android SDK	2026-06-06T12:22:47.2169835Z /usr/bin/tar: ../../../../../usr/local/lib/android/sdk/platforms/android-34-ext10/data/res/values-mcc310-mnc800-tr: Cannot utime: Operation not permitted
build	Cache Android SDK	2026-06-06T12:22:47.2170332Z /usr/bin/tar: ../../../../../usr/local/lib/android/sdk/platforms/android-34-ext10/data/res/values-mcc310-mnc800-tr: Cannot change mode to rwxr-xr-x: Operation not permitted
build	Cache Android SDK	2026-06-06T12:22:47.2173699Z /usr/bin/tar: ../../../../../usr/local/lib/android/sdk/platforms/android-34-ext10/data/res/values-mcc310-mnc800-fr-rCA: Cannot utime: Operation not permitted
build	Cache Android SDK	2026-06-06T12:22:47.2174190Z /usr/bin/tar: ../../../../../usr/local/lib/android/sdk/platforms/android-34-ext10/data/res/values-mcc310-mnc800-fr-rCA: Cannot change mode to rwxr-xr-x: Operation not permitted
build	Cache Android SDK	2026-06-06T12:22:47.2176949Z /usr/bin/tar: ../../../../../usr/local/lib/android/sdk/platforms/android-34-ext10/data/res/values-mcc310-mnc250-ml: Cannot utime: Operation not permitted
build	Cache Android SDK	2026-06-06T12:22:47.2177591Z /usr/bin/tar: ../../../../../usr/local/lib/android/sdk/platforms/android-34-ext10/data/res/values-mcc310-mnc250-ml: Cannot change mode to rwxr-xr-x: Operation not permitted
build	Cache Android SDK	2026-06-06T12:22:47.2180306Z /usr/bin/tar: ../../../../../usr/local/lib/android/sdk/platforms/android-34-ext10/data/res/values-mcc310-mnc220-ar: Cannot utime: Operation not permitted
build	Cache Android SDK	2026-06-06T12:22:47.2180766Z /usr/bin/tar: ../../../../../usr/local/lib/android/sdk/platforms/android-34-ext10/data/res/values-mcc310-mnc220-ar: Cannot change mode to rwxr-xr-x: Operation not permitted
build	Cache Android SDK	2026-06-06T12:22:47.2183564Z /usr/bin/tar: ../../../../../usr/local/lib/android/sdk/platforms/android-34-ext10/data/res/values-mcc334-mnc030: Cannot utime: Operation not permitted
build	Cache Android SDK	2026-06-06T12:22:47.2184029Z /usr/bin/tar: ../../../../../usr/local/lib/android/sdk/platforms/android-34-ext10/data/res/values-mcc334-mnc030: Cannot change mode to rwxr-xr-x: Operation not permitted
build	Cache Android SDK	2026-06-06T12:22:47.2186694Z /usr/bin/tar: ../../../../../usr/local/lib/android/sdk/platforms/android-34-ext10/data/res/values-mcc312-mnc670-lv: Cannot utime: Operation not permitted
build	Cache Android SDK	2026-06-06T12:22:47.2187163Z /usr/bin/tar: ../../../../../usr/local/lib/android/sdk/platforms/android-34-ext10/data/res/values-mcc312-mnc670-lv: Cannot change mode to rwxr-xr-x: Operation not permitted
build	Cache Android SDK	2026-06-06T12:22:47.2190109Z /usr/bin/tar: ../../../../../usr/local/lib/android/sdk/platforms/android-34-ext10/data/res/values-mcc310-mnc220-lo: Cannot utime: Operation not permitted
build	Cache Android SDK	2026-06-06T12:22:47.2190575Z /usr/bin/tar: ../../../../../usr/local/lib/android/sdk/platforms/android-34-ext10/data/res/values-mcc310-mnc220-lo: Cannot change mode to rwxr-xr-x: Operation not permitted
build	Cache Android SDK	2026-06-06T12:22:47.2193313Z /usr/bin/tar: ../../../../../usr/local/lib/android/sdk/platforms/android-34-ext10/data/res/values-mcc310-mnc230-pt-rBR: Cannot utime: Operation not permitted
build	Cache Android SDK	2026-06-06T12:22:47.2193805Z /usr/bin/tar: ../../../../../usr/local/lib/android/sdk/platforms/android-34-ext10/data/res/values-mcc310-mnc230-pt-rBR: Cannot change mode to rwxr-xr-x: Operation not permitted
build	Cache Android SDK	2026-06-06T12:22:47.2196413Z /usr/bin/tar: ../../../../../usr/local/lib/android/sdk/platforms/android-34-ext10/data/res/values-mcc310-mnc380: Cannot utime: Operation not permitted
build	Cache Android SDK	2026-06-06T12:22:47.2196876Z /usr/bin/tar: ../../../../../usr/local/lib/android/sdk/platforms/android-34-ext10/data/res/values-mcc310-mnc380: Cannot change mode to rwxr-xr-x: Operation not permitted
build	Cache Android SDK	2026-06-06T12:22:47.2199856Z /usr/bin/tar: ../../../../../usr/local/lib/android/sdk/platforms/android-34-ext10/data/res/values-mcc310-mnc170-pt: Cannot utime: Operation not permitted
build	Cache Android SDK	2026-06-06T12:22:47.2200322Z /usr/bin/tar: ../../../../../usr/local/lib/android/sdk/platforms/android-34-ext10/data/res/values-mcc310-mnc170-pt: Cannot change mode to rwxr-xr-x: Operation not permitted
build	Cache Android SDK	2026-06-06T12:22:47.2202889Z /usr/bin/tar: ../../../../../usr/local/lib/android/sdk/platforms/android-34-ext10/data/res/values-mcc311-mnc180-ne: Cannot utime: Operation not permitted
build	Cache Android SDK	2026-06-06T12:22:47.2203368Z /usr/bin/tar: ../../../../../usr/local/lib/android/sdk/platforms/android-34-ext10/data/res/values-mcc311-mnc180-ne: Cannot change mode to rwxr-xr-x: Operation not permitted
build	Cache Android SDK	2026-06-06T12:22:47.2206013Z /usr/bin/tar: ../../../../../usr/local/lib/android/sdk/platforms/android-34-ext10/data/res/values-bs-television: Cannot utime: Operation not permitted
build	Cache Android SDK	2026-06-06T12:22:47.2206483Z /usr/bin/tar: ../../../../../usr/local/lib/android/sdk/platforms/android-34-ext10/data/res/values-bs-television: Cannot change mode to rwxr-xr-x: Operation not permitted
build	Cache Android SDK	2026-06-06T12:22:47.2209377Z /usr/bin/tar: ../../../../../usr/local/lib/android/sdk/platforms/android-34-ext10/data/res/values-mcc310-mnc270-ru: Cannot utime: Operation not permitted
build	Cache Android SDK	2026-06-06T12:22:47.2209857Z /usr/bin/tar: ../../../../../usr/local/lib/android/sdk/platforms/android-34-ext10/data/res/values-mcc310-mnc270-ru: Cannot change mode to rwxr-xr-x: Operation not permitted
build	Cache Android SDK	2026-06-06T12:22:47.2212029Z /usr/bin/tar: ../../../../../usr/local/lib/android/sdk/platforms/android-34-ext10/data/res/values-mcc310-mnc220-sk: Cannot utime: Operation not permitted
build	Cache Android SDK	2026-06-06T12:22:47.2212485Z /usr/bin/tar: ../../../../../usr/local/lib/android/sdk/platforms/android-34-ext10/data/res/values-mcc310-mnc220-sk: Cannot change mode to rwxr-xr-x: Operation not permitted
build	Cache Android SDK	2026-06-06T12:22:47.2215219Z /usr/bin/tar: ../../../../../usr/local/lib/android/sdk/platforms/android-34-ext10/data/res/values-mcc310-mnc150: Cannot utime: Operation not permitted
build	Cache Android SDK	2026-06-06T12:22:47.2215681Z /usr/bin/tar: ../../../../../usr/local/lib/android/sdk/platforms/android-34-ext10/data/res/values-mcc310-mnc150: Cannot change mode to rwxr-xr-x: Operation not permitted
build	Cache Android SDK	2026-06-06T12:22:47.2218689Z /usr/bin/tar: ../../../../../usr/local/lib/android/sdk/platforms/android-34-ext10/data/res/values-mcc310-mnc410-sv: Cannot utime: Operation not permitted
build	Cache Android SDK	2026-06-06T12:22:47.2219247Z /usr/bin/tar: ../../../../../usr/local/lib/android/sdk/platforms/android-34-ext10/data/res/values-mcc310-mnc410-sv: Cannot change mode to rwxr-xr-x: Operation not permitted
build	Cache Android SDK	2026-06-06T12:22:47.2224251Z /usr/bin/tar: ../../../../../usr/local/lib/android/sdk/platforms/android-34-ext10/data/res/values-mcc310-mnc210-lv: Cannot utime: Operation not permitted
build	Cache Android SDK	2026-06-06T12:22:47.2224712Z /usr/bin/tar: ../../../../../usr/local/lib/android/sdk/platforms/android-34-ext10/data/res/values-mcc310-mnc210-lv: Cannot change mode to rwxr-xr-x: Operation not permitted
build	Cache Android SDK	2026-06-06T12:22:47.2227164Z /usr/bin/tar: ../../../../../usr/local/lib/android/sdk/platforms/android-34-ext10/data/res/values-mcc310-mnc280-sv: Cannot utime: Operation not permitted
build	Cache Android SDK	2026-06-06T12:22:47.2227831Z /usr/bin/tar: ../../../../../usr/local/lib/android/sdk/platforms/android-34-ext10/data/res/values-mcc310-mnc280-sv: Cannot change mode to rwxr-xr-x: Operation not permitted
build	Cache Android SDK	2026-06-06T12:22:47.2230374Z /usr/bin/tar: ../../../../../usr/local/lib/android/sdk/platforms/android-34-ext10/data/res/values-mcc310-mnc660-ar: Cannot utime: Operation not permitted
build	Cache Android SDK	2026-06-06T12:22:47.2230840Z /usr/bin/tar: ../../../../../usr/local/lib/android/sdk/platforms/android-34-ext10/data/res/values-mcc310-mnc660-ar: Cannot change mode to rwxr-xr-x: Operation not permitted
build	Cache Android SDK	2026-06-06T12:22:47.2236718Z /usr/bin/tar: ../../../../../usr/local/lib/android/sdk/platforms/android-34-ext10/data/res/values-sw: Cannot utime: Operation not permitted
build	Cache Android SDK	2026-06-06T12:22:47.2237293Z /usr/bin/tar: ../../../../../usr/local/lib/android/sdk/platforms/android-34-ext10/data/res/values-sw: Cannot change mode to rwxr-xr-x: Operation not permitted
build	Cache Android SDK	2026-06-06T12:22:47.2239900Z /usr/bin/tar: ../../../../../usr/local/lib/android/sdk/platforms/android-34-ext10/data/res/values-mcc313-mnc100-ne: Cannot utime: Operation not permitted
build	Cache Android SDK	2026-06-06T12:22:47.2240395Z /usr/bin/tar: ../../../../../usr/local/lib/android/sdk/platforms/android-34-ext10/data/res/values-mcc313-mnc100-ne: Cannot change mode to rwxr-xr-x: Operation not permitted
build	Cache Android SDK	2026-06-06T12:22:47.2242851Z /usr/bin/tar: ../../../../../usr/local/lib/android/sdk/platforms/android-34-ext10/data/res/values-mcc310-mnc200-zh-rHK: Cannot utime: Operation not permitted
build	Cache Android SDK	2026-06-06T12:22:47.2243331Z /usr/bin/tar: ../../../../../usr/local/lib/android/sdk/platforms/android-34-ext10/data/res/values-mcc310-mnc200-zh-rHK: Cannot change mode to rwxr-xr-x: Operation not permitted
build	Cache Android SDK	2026-06-06T12:22:47.2245948Z /usr/bin/tar: ../../../../../usr/local/lib/android/sdk/platforms/android-34-ext10/data/res/values-mcc310-mnc310-mn: Cannot utime: Operation not permitted
build	Cache Android SDK	2026-06-06T12:22:47.2246405Z /usr/bin/tar: ../../../../../usr/local/lib/android/sdk/platforms/android-34-ext10/data/res/values-mcc310-mnc310-mn: Cannot change mode to rwxr-xr-x: Operation not permitted
build	Cache Android SDK	2026-06-06T12:22:47.2249383Z /usr/bin/tar: ../../../../../usr/local/lib/android/sdk/platforms/android-34-ext10/data/res/values-mcc311-mnc180-th: Cannot utime: Operation not permitted
build	Cache Android SDK	2026-06-06T12:22:47.2250014Z /usr/bin/tar: ../../../../../usr/local/lib/android/sdk/platforms/android-34-ext10/data/res/values-mcc311-mnc180-th: Cannot change mode to rwxr-xr-x: Operation not permitted
build	Cache Android SDK	2026-06-06T12:22:47.2252719Z /usr/bin/tar: ../../../../../usr/local/lib/android/sdk/platforms/android-34-ext10/data/res/values-mcc311-mnc180-fr-rCA: Cannot utime: Operation not permitted
build	Cache Android SDK	2026-06-06T12:22:47.2253195Z /usr/bin/tar: ../../../../../usr/local/lib/android/sdk/platforms/android-34-ext10/data/res/values-mcc311-mnc180-fr-rCA: Cannot change mode to rwxr-xr-x: Operation not permitted
build	Cache Android SDK	2026-06-06T12:22:47.2255979Z /usr/bin/tar: ../../../../../usr/local/lib/android/sdk/platforms/android-34-ext10/data/res/values-sl-rSI: Cannot utime: Operation not permitted
build	Cache Android SDK	2026-06-06T12:22:47.2256419Z /usr/bin/tar: ../../../../../usr/local/lib/android/sdk/platforms/android-34-ext10/data/res/values-sl-rSI: Cannot change mode to rwxr-xr-x: Operation not permitted
build	Cache Android SDK	2026-06-06T12:22:47.2259086Z /usr/bin/tar: ../../../../../usr/local/lib/android/sdk/platforms/android-34-ext10/data/res/values-ja-rJP: Cannot utime: Operation not permitted
build	Cache Android SDK	2026-06-06T12:22:47.2259676Z /usr/bin/tar: ../../../../../usr/local/lib/android/sdk/platforms/android-34-ext10/data/res/values-ja-rJP: Cannot change mode to rwxr-xr-x: Operation not permitted
build	Cache Android SDK	2026-06-06T12:22:47.2262873Z /usr/bin/tar: ../../../../../usr/local/lib/android/sdk/platforms/android-34-ext10/data/res/values-mcc313-mnc100-uz: Cannot utime: Operation not permitted
build	Cache Android SDK	2026-06-06T12:22:47.2263336Z /usr/bin/tar: ../../../../../usr/local/lib/android/sdk/platforms/android-34-ext10/data/res/values-mcc313-mnc100-uz: Cannot change mode to rwxr-xr-x: Operation not permitted
build	Cache Android SDK	2026-06-06T12:22:47.2266301Z /usr/bin/tar: ../../../../../usr/local/lib/android/sdk/platforms/android-34-ext10/data/res/values-mcc310-mnc230-vi: Cannot utime: Operation not permitted
build	Cache Android SDK	2026-06-06T12:22:47.2266838Z /usr/bin/tar: ../../../../../usr/local/lib/android/sdk/platforms/android-34-ext10/data/res/values-mcc310-mnc230-vi: Cannot change mode to rwxr-xr-x: Operation not permitted
build	Cache Android SDK	2026-06-06T12:22:47.2269572Z /usr/bin/tar: ../../../../../usr/local/lib/android/sdk/platforms/android-34-ext10/data/res/values-mcc310-mnc560-iw: Cannot utime: Operation not permitted
build	Cache Android SDK	2026-06-06T12:22:47.2270080Z /usr/bin/tar: ../../../../../usr/local/lib/android/sdk/platforms/android-34-ext10/data/res/values-mcc310-mnc560-iw: Cannot change mode to rwxr-xr-x: Operation not permitted
build	Cache Android SDK	2026-06-06T12:22:47.2272434Z /usr/bin/tar: ../../../../../usr/local/lib/android/sdk/platforms/android-34-ext10/data/res/values-mcc310-mnc170-sv: Cannot utime: Operation not permitted
build	Cache Android SDK	2026-06-06T12:22:47.2272892Z /usr/bin/tar: ../../../../../usr/local/lib/android/sdk/platforms/android-34-ext10/data/res/values-mcc310-mnc170-sv: Cannot change mode to rwxr-xr-x: Operation not permitted
build	Cache Android SDK	2026-06-06T12:22:47.2275635Z /usr/bin/tar: ../../../../../usr/local/lib/android/sdk/platforms/android-34-ext10/data/res/values-mcc310-mnc260: Cannot utime: Operation not permitted
build	Cache Android SDK	2026-06-06T12:22:47.2276095Z /usr/bin/tar: ../../../../../usr/local/lib/android/sdk/platforms/android-34-ext10/data/res/values-mcc310-mnc260: Cannot change mode to rwxr-xr-x: Operation not permitted
build	Cache Android SDK	2026-06-06T12:22:47.2279008Z /usr/bin/tar: ../../../../../usr/local/lib/android/sdk/platforms/android-34-ext10/data/res/values-mcc302-mnc720-mr: Cannot utime: Operation not permitted
build	Cache Android SDK	2026-06-06T12:22:47.2279473Z /usr/bin/tar: ../../../../../usr/local/lib/android/sdk/platforms/android-34-ext10/data/res/values-mcc302-mnc720-mr: Cannot change mode to rwxr-xr-x: Operation not permitted
build	Cache Android SDK	2026-06-06T12:22:47.2282529Z /usr/bin/tar: ../../../../../usr/local/lib/android/sdk/platforms/android-34-ext10/data/res/values-mcc310-mnc210-lo: Cannot utime: Operation not permitted
build	Cache Android SDK	2026-06-06T12:22:47.2282992Z /usr/bin/tar: ../../../../../usr/local/lib/android/sdk/platforms/android-34-ext10/data/res/values-mcc310-mnc210-lo: Cannot change mode to rwxr-xr-x: Operation not permitted
build	Cache Android SDK	2026-06-06T12:22:47.2285870Z /usr/bin/tar: ../../../../../usr/local/lib/android/sdk/platforms/android-34-ext10/data/res/values-mcc310-mnc150-af: Cannot utime: Operation not permitted
build	Cache Android SDK	2026-06-06T12:22:47.2286340Z /usr/bin/tar: ../../../../../usr/local/lib/android/sdk/platforms/android-34-ext10/data/res/values-mcc310-mnc150-af: Cannot change mode to rwxr-xr-x: Operation not permitted
build	Cache Android SDK	2026-06-06T12:22:47.2291628Z /usr/bin/tar: ../../../../../usr/local/lib/android/sdk/platforms/android-34-ext10/data/res/layout-car: Cannot utime: Operation not permitted
build	Cache Android SDK	2026-06-06T12:22:47.2292066Z /usr/bin/tar: ../../../../../usr/local/lib/android/sdk/platforms/android-34-ext10/data/res/layout-car: Cannot change mode to rwxr-xr-x: Operation not permitted
build	Cache Android SDK	2026-06-06T12:22:47.2294945Z /usr/bin/tar: ../../../../../usr/local/lib/android/sdk/platforms/android-34-ext10/data/res/values-mcc310-mnc270-iw: Cannot utime: Operation not permitted
build	Cache Android SDK	2026-06-06T12:22:47.2295414Z /usr/bin/tar: ../../../../../usr/local/lib/android/sdk/platforms/android-34-ext10/data/res/values-mcc310-mnc270-iw: Cannot change mode to rwxr-xr-x: Operation not permitted
build	Cache Android SDK	2026-06-06T12:22:47.2298416Z /usr/bin/tar: ../../../../../usr/local/lib/android/sdk/platforms/android-34-ext10/data/res/values-mcc310-mnc660-ne: Cannot utime: Operation not permitted
build	Cache Android SDK	2026-06-06T12:22:47.2298882Z /usr/bin/tar: ../../../../../usr/local/lib/android/sdk/platforms/android-34-ext10/data/res/values-mcc310-mnc660-ne: Cannot change mode to rwxr-xr-x: Operation not permitted
build	Cache Android SDK	2026-06-06T12:22:47.2301567Z /usr/bin/tar: ../../../../../usr/local/lib/android/sdk/platforms/android-34-ext10/data/res/values-sw-rTZ: Cannot utime: Operation not permitted
build	Cache Android SDK	2026-06-06T12:22:47.2302004Z /usr/bin/tar: ../../../../../usr/local/lib/android/sdk/platforms/android-34-ext10/data/res/values-sw-rTZ: Cannot change mode to rwxr-xr-x: Operation not permitted
build	Cache Android SDK	2026-06-06T12:22:47.2305037Z /usr/bin/tar: ../../../../../usr/local/lib/android/sdk/platforms/android-34-ext10/data/res/values-mcc310-mnc160-zu: Cannot utime: Operation not permitted
build	Cache Android SDK	2026-06-06T12:22:47.2305617Z /usr/bin/tar: ../../../../../usr/local/lib/android/sdk/platforms/android-34-ext10/data/res/values-mcc310-mnc160-zu: Cannot change mode to rwxr-xr-x: Operation not permitted
build	Cache Android SDK	2026-06-06T12:22:47.2308710Z /usr/bin/tar: ../../../../../usr/local/lib/android/sdk/platforms/android-34-ext10/data/res/values-mcc334-mnc020-ne: Cannot utime: Operation not permitted
build	Cache Android SDK	2026-06-06T12:22:47.2309172Z /usr/bin/tar: ../../../../../usr/local/lib/android/sdk/platforms/android-34-ext10/data/res/values-mcc334-mnc020-ne: Cannot change mode to rwxr-xr-x: Operation not permitted
build	Cache Android SDK	2026-06-06T12:22:47.2311830Z /usr/bin/tar: ../../../../../usr/local/lib/android/sdk/platforms/android-34-ext10/data/res/values-mcc302-mnc720-ro: Cannot utime: Operation not permitted
build	Cache Android SDK	2026-06-06T12:22:47.2312283Z /usr/bin/tar: ../../../../../usr/local/lib/android/sdk/platforms/android-34-ext10/data/res/values-mcc302-mnc720-ro: Cannot change mode to rwxr-xr-x: Operation not permitted
build	Cache Android SDK	2026-06-06T12:22:47.2314892Z /usr/bin/tar: ../../../../../usr/local/lib/android/sdk/platforms/android-34-ext10/data/res/values-mcc310-mnc490-en-rGB: Cannot utime: Operation not permitted
build	Cache Android SDK	2026-06-06T12:22:47.2315383Z /usr/bin/tar: ../../../../../usr/local/lib/android/sdk/platforms/android-34-ext10/data/res/values-mcc310-mnc490-en-rGB: Cannot change mode to rwxr-xr-x: Operation not permitted
build	Cache Android SDK	2026-06-06T12:22:47.2317916Z /usr/bin/tar: ../../../../../usr/local/lib/android/sdk/platforms/android-34-ext10/data/res/values-de-rDE: Cannot utime: Operation not permitted
build	Cache Android SDK	2026-06-06T12:22:47.2318352Z /usr/bin/tar: ../../../../../usr/local/lib/android/sdk/platforms/android-34-ext10/data/res/values-de-rDE: Cannot change mode to rwxr-xr-x: Operation not permitted
build	Cache Android SDK	2026-06-06T12:22:47.2321201Z /usr/bin/tar: ../../../../../usr/local/lib/android/sdk/platforms/android-34-ext10/data/res/values-mcc334-mnc020-ml: Cannot utime: Operation not permitted
build	Cache Android SDK	2026-06-06T12:22:47.2321654Z /usr/bin/tar: ../../../../../usr/local/lib/android/sdk/platforms/android-34-ext10/data/res/values-mcc334-mnc020-ml: Cannot change mode to rwxr-xr-x: Operation not permitted
build	Cache Android SDK	2026-06-06T12:22:47.2324416Z /usr/bin/tar: ../../../../../usr/local/lib/android/sdk/platforms/android-34-ext10/data/res/values-mcc334-mnc020-zh-rCN: Cannot utime: Operation not permitted
build	Cache Android SDK	2026-06-06T12:22:47.2324977Z /usr/bin/tar: ../../../../../usr/local/lib/android/sdk/platforms/android-34-ext10/data/res/values-mcc334-mnc020-zh-rCN: Cannot change mode to rwxr-xr-x: Operation not permitted
build	Cache Android SDK	2026-06-06T12:22:47.2327224Z /usr/bin/tar: ../../../../../usr/local/lib/android/sdk/platforms/android-34-ext10/data/res/values-mcc310-mnc150-te: Cannot utime: Operation not permitted
build	Cache Android SDK	2026-06-06T12:22:47.2327858Z /usr/bin/tar: ../../../../../usr/local/lib/android/sdk/platforms/android-34-ext10/data/res/values-mcc310-mnc150-te: Cannot change mode to rwxr-xr-x: Operation not permitted
build	Cache Android SDK	2026-06-06T12:22:47.2330694Z /usr/bin/tar: ../../../../../usr/local/lib/android/sdk/platforms/android-34-ext10/data/res/values-mcc310-mnc200-b+sr+Latn: Cannot utime: Operation not permitted
build	Cache Android SDK	2026-06-06T12:22:47.2331221Z /usr/bin/tar: ../../../../../usr/local/lib/android/sdk/platforms/android-34-ext10/data/res/values-mcc310-mnc200-b+sr+Latn: Cannot change mode to rwxr-xr-x: Operation not permitted
build	Cache Android SDK	2026-06-06T12:22:47.2333324Z /usr/bin/tar: ../../../../../usr/local/lib/android/sdk/platforms/android-34-ext10/data/res/values-mcc310-mnc150-ml: Cannot utime: Operation not permitted
build	Cache Android SDK	2026-06-06T12:22:47.2333783Z /usr/bin/tar: ../../../../../usr/local/lib/android/sdk/platforms/android-34-ext10/data/res/values-mcc310-mnc150-ml: Cannot change mode to rwxr-xr-x: Operation not permitted
build	Cache Android SDK	2026-06-06T12:22:47.2336614Z /usr/bin/tar: ../../../../../usr/local/lib/android/sdk/platforms/android-34-ext10/data/res/values-mcc001-mnc01-ja: Cannot utime: Operation not permitted
build	Cache Android SDK	2026-06-06T12:22:47.2337077Z /usr/bin/tar: ../../../../../usr/local/lib/android/sdk/platforms/android-34-ext10/data/res/values-mcc001-mnc01-ja: Cannot change mode to rwxr-xr-x: Operation not permitted
build	Cache Android SDK	2026-06-06T12:22:47.2339745Z /usr/bin/tar: ../../../../../usr/local/lib/android/sdk/platforms/android-34-ext10/data/res/values-mcc310-mnc150-uk: Cannot utime: Operation not permitted
build	Cache Android SDK	2026-06-06T12:22:47.2340263Z /usr/bin/tar: ../../../../../usr/local/lib/android/sdk/platforms/android-34-ext10/data/res/values-mcc310-mnc150-uk: Cannot change mode to rwxr-xr-x: Operation not permitted
build	Cache Android SDK	2026-06-06T12:22:47.2342373Z /usr/bin/tar: ../../../../../usr/local/lib/android/sdk/platforms/android-34-ext10/data/res/values-mcc334-mnc020-de: Cannot utime: Operation not permitted
build	Cache Android SDK	2026-06-06T12:22:47.2342839Z /usr/bin/tar: ../../../../../usr/local/lib/android/sdk/platforms/android-34-ext10/data/res/values-mcc334-mnc020-de: Cannot change mode to rwxr-xr-x: Operation not permitted
build	Cache Android SDK	2026-06-06T12:22:47.2345807Z /usr/bin/tar: ../../../../../usr/local/lib/android/sdk/platforms/android-34-ext10/data/res/values-mcc310-mnc230-es: Cannot utime: Operation not permitted
build	Cache Android SDK	2026-06-06T12:22:47.2346270Z /usr/bin/tar: ../../../../../usr/local/lib/android/sdk/platforms/android-34-ext10/data/res/values-mcc310-mnc230-es: Cannot change mode to rwxr-xr-x: Operation not permitted
build	Cache Android SDK	2026-06-06T12:22:47.2348994Z /usr/bin/tar: ../../../../../usr/local/lib/android/sdk/platforms/android-34-ext10/data/res/values-mcc310-mnc280-fr: Cannot utime: Operation not permitted
build	Cache Android SDK	2026-06-06T12:22:47.2349459Z /usr/bin/tar: ../../../../../usr/local/lib/android/sdk/platforms/android-34-ext10/data/res/values-mcc310-mnc280-fr: Cannot change mode to rwxr-xr-x: Operation not permitted
build	Cache Android SDK	2026-06-06T12:22:47.2352424Z /usr/bin/tar: ../../../../../usr/local/lib/android/sdk/platforms/android-34-ext10/data/res/values-mcc302-mnc370-eu: Cannot utime: Operation not permitted
build	Cache Android SDK	2026-06-06T12:22:47.2352889Z /usr/bin/tar: ../../../../../usr/local/lib/android/sdk/platforms/android-34-ext10/data/res/values-mcc302-mnc370-eu: Cannot change mode to rwxr-xr-x: Operation not permitted
build	Cache Android SDK	2026-06-06T12:22:47.2355492Z /usr/bin/tar: ../../../../../usr/local/lib/android/sdk/platforms/android-34-ext10/data/res/values-mcc334-mnc020-ja: Cannot utime: Operation not permitted
build	Cache Android SDK	2026-06-06T12:22:47.2356065Z /usr/bin/tar: ../../../../../usr/local/lib/android/sdk/platforms/android-34-ext10/data/res/values-mcc334-mnc020-ja: Cannot change mode to rwxr-xr-x: Operation not permitted
build	Cache Android SDK	2026-06-06T12:22:47.2358639Z /usr/bin/tar: ../../../../../usr/local/lib/android/sdk/platforms/android-34-ext10/data/res/values-mcc310-mnc250-my: Cannot utime: Operation not permitted
build	Cache Android SDK	2026-06-06T12:22:47.2359104Z /usr/bin/tar: ../../../../../usr/local/lib/android/sdk/platforms/android-34-ext10/data/res/values-mcc310-mnc250-my: Cannot change mode to rwxr-xr-x: Operation not permitted
build	Cache Android SDK	2026-06-06T12:22:47.2361778Z /usr/bin/tar: ../../../../../usr/local/lib/android/sdk/platforms/android-34-ext10/data/res/values-mcc310-mnc380-b+sr+Latn: Cannot utime: Operation not permitted
build	Cache Android SDK	2026-06-06T12:22:47.2362266Z /usr/bin/tar: ../../../../../usr/local/lib/android/sdk/platforms/android-34-ext10/data/res/values-mcc310-mnc380-b+sr+Latn: Cannot change mode to rwxr-xr-x: Operation not permitted
build	Cache Android SDK	2026-06-06T12:22:47.2364872Z /usr/bin/tar: ../../../../../usr/local/lib/android/sdk/platforms/android-34-ext10/data/res/values-mcc405: Cannot utime: Operation not permitted
build	Cache Android SDK	2026-06-06T12:22:47.2365459Z /usr/bin/tar: ../../../../../usr/local/lib/android/sdk/platforms/android-34-ext10/data/res/values-mcc405: Cannot change mode to rwxr-xr-x: Operation not permitted
build	Cache Android SDK	2026-06-06T12:22:47.2367996Z /usr/bin/tar: ../../../../../usr/local/lib/android/sdk/platforms/android-34-ext10/data/res/values-mcc310-mnc560-km: Cannot utime: Operation not permitted
build	Cache Android SDK	2026-06-06T12:22:47.2368461Z /usr/bin/tar: ../../../../../usr/local/lib/android/sdk/platforms/android-34-ext10/data/res/values-mcc310-mnc560-km: Cannot change mode to rwxr-xr-x: Operation not permitted
build	Cache Android SDK	2026-06-06T12:22:47.2375172Z /usr/bin/tar: ../../../../../usr/local/lib/android/sdk/platforms/android-34-ext10/data/res/values-is: Cannot utime: Operation not permitted
build	Cache Android SDK	2026-06-06T12:22:47.2375672Z /usr/bin/tar: ../../../../../usr/local/lib/android/sdk/platforms/android-34-ext10/data/res/values-is: Cannot change mode to rwxr-xr-x: Operation not permitted
build	Cache Android SDK	2026-06-06T12:22:47.2378584Z /usr/bin/tar: ../../../../../usr/local/lib/android/sdk/platforms/android-34-ext10/data/res/values-mcc334-mnc020-it: Cannot utime: Operation not permitted
build	Cache Android SDK	2026-06-06T12:22:47.2379137Z /usr/bin/tar: ../../../../../usr/local/lib/android/sdk/platforms/android-34-ext10/data/res/values-mcc334-mnc020-it: Cannot change mode to rwxr-xr-x: Operation not permitted
build	Cache Android SDK	2026-06-06T12:22:47.2381498Z /usr/bin/tar: ../../../../../usr/local/lib/android/sdk/platforms/android-34-ext10/data/res/values-mcc310-mnc230-nl: Cannot utime: Operation not permitted
build	Cache Android SDK	2026-06-06T12:22:47.2381993Z /usr/bin/tar: ../../../../../usr/local/lib/android/sdk/platforms/android-34-ext10/data/res/values-mcc310-mnc230-nl: Cannot change mode to rwxr-xr-x: Operation not permitted
build	Cache Android SDK	2026-06-06T12:22:47.2384362Z /usr/bin/tar: ../../../../../usr/local/lib/android/sdk/platforms/android-34-ext10/data/res/values-mcc310-mnc800-vi: Cannot utime: Operation not permitted
build	Cache Android SDK	2026-06-06T12:22:47.2384855Z /usr/bin/tar: ../../../../../usr/local/lib/android/sdk/platforms/android-34-ext10/data/res/values-mcc310-mnc800-vi: Cannot change mode to rwxr-xr-x: Operation not permitted
build	Cache Android SDK	2026-06-06T12:22:47.2387615Z /usr/bin/tar: ../../../../../usr/local/lib/android/sdk/platforms/android-34-ext10/data/res/values-ta-television: Cannot utime: Operation not permitted
build	Cache Android SDK	2026-06-06T12:22:47.2388155Z /usr/bin/tar: ../../../../../usr/local/lib/android/sdk/platforms/android-34-ext10/data/res/values-ta-television: Cannot change mode to rwxr-xr-x: Operation not permitted
build	Cache Android SDK	2026-06-06T12:22:47.2390662Z /usr/bin/tar: ../../../../../usr/local/lib/android/sdk/platforms/android-34-ext10/data/res/values-mcc302-mnc370-bs: Cannot utime: Operation not permitted
build	Cache Android SDK	2026-06-06T12:22:47.2391139Z /usr/bin/tar: ../../../../../usr/local/lib/android/sdk/platforms/android-34-ext10/data/res/values-mcc302-mnc370-bs: Cannot change mode to rwxr-xr-x: Operation not permitted
build	Cache Android SDK	2026-06-06T12:22:47.2395453Z /usr/bin/tar: ../../../../../usr/local/lib/android/sdk/platforms/android-34-ext10/data/res/values-sw600dp: Cannot utime: Operation not permitted
build	Cache Android SDK	2026-06-06T12:22:47.2396026Z /usr/bin/tar: ../../../../../usr/local/lib/android/sdk/platforms/android-34-ext10/data/res/values-sw600dp: Cannot change mode to rwxr-xr-x: Operation not permitted
build	Cache Android SDK	2026-06-06T12:22:47.2398681Z /usr/bin/tar: ../../../../../usr/local/lib/android/sdk/platforms/android-34-ext10/data/res/values-mcc310-mnc490-pl: Cannot utime: Operation not permitted
build	Cache Android SDK	2026-06-06T12:22:47.2399159Z /usr/bin/tar: ../../../../../usr/local/lib/android/sdk/platforms/android-34-ext10/data/res/values-mcc310-mnc490-pl: Cannot change mode to rwxr-xr-x: Operation not permitted
build	Cache Android SDK	2026-06-06T12:22:47.2401727Z /usr/bin/tar: ../../../../../usr/local/lib/android/sdk/platforms/android-34-ext10/data/res/values-mcc313-mnc100-da: Cannot utime: Operation not permitted
build	Cache Android SDK	2026-06-06T12:22:47.2402206Z /usr/bin/tar: ../../../../../usr/local/lib/android/sdk/platforms/android-34-ext10/data/res/values-mcc313-mnc100-da: Cannot change mode to rwxr-xr-x: Operation not permitted
build	Cache Android SDK	2026-06-06T12:22:47.2404823Z /usr/bin/tar: ../../../../../usr/local/lib/android/sdk/platforms/android-34-ext10/data/res/values-mcc313-mnc100-ta: Cannot utime: Operation not permitted
build	Cache Android SDK	2026-06-06T12:22:47.2405390Z /usr/bin/tar: ../../../../../usr/local/lib/android/sdk/platforms/android-34-ext10/data/res/values-mcc313-mnc100-ta: Cannot change mode to rwxr-xr-x: Operation not permitted
build	Cache Android SDK	2026-06-06T12:22:47.2408188Z /usr/bin/tar: ../../../../../usr/local/lib/android/sdk/platforms/android-34-ext10/data/res/values-mcc310-mnc220-sq: Cannot utime: Operation not permitted
build	Cache Android SDK	2026-06-06T12:22:47.2408654Z /usr/bin/tar: ../../../../../usr/local/lib/android/sdk/platforms/android-34-ext10/data/res/values-mcc310-mnc220-sq: Cannot change mode to rwxr-xr-x: Operation not permitted
build	Cache Android SDK	2026-06-06T12:22:47.2411971Z /usr/bin/tar: ../../../../../usr/local/lib/android/sdk/platforms/android-34-ext10/data/res/values-mcc310-mnc250-zh-rCN: Cannot utime: Operation not permitted
build	Cache Android SDK	2026-06-06T12:22:47.2412573Z /usr/bin/tar: ../../../../../usr/local/lib/android/sdk/platforms/android-34-ext10/data/res/values-mcc310-mnc250-zh-rCN: Cannot change mode to rwxr-xr-x: Operation not permitted
build	Cache Android SDK	2026-06-06T12:22:47.2415017Z /usr/bin/tar: ../../../../../usr/local/lib/android/sdk/platforms/android-34-ext10/data/res/values-mcc310-mnc150-gu: Cannot utime: Operation not permitted
build	Cache Android SDK	2026-06-06T12:22:47.2415498Z /usr/bin/tar: ../../../../../usr/local/lib/android/sdk/platforms/android-34-ext10/data/res/values-mcc310-mnc150-gu: Cannot change mode to rwxr-xr-x: Operation not permitted
build	Cache Android SDK	2026-06-06T12:22:47.2418251Z /usr/bin/tar: ../../../../../usr/local/lib/android/sdk/platforms/android-34-ext10/data/res/values-mcc310-mnc230-si: Cannot utime: Operation not permitted
build	Cache Android SDK	2026-06-06T12:22:47.2418723Z /usr/bin/tar: ../../../../../usr/local/lib/android/sdk/platforms/android-34-ext10/data/res/values-mcc310-mnc230-si: Cannot change mode to rwxr-xr-x: Operation not permitted
build	Cache Android SDK	2026-06-06T12:22:47.2421520Z /usr/bin/tar: ../../../../../usr/local/lib/android/sdk/platforms/android-34-ext10/data/res/values-mcc311-mnc180-ar: Cannot utime: Operation not permitted
build	Cache Android SDK	2026-06-06T12:22:47.2422048Z /usr/bin/tar: ../../../../../usr/local/lib/android/sdk/platforms/android-34-ext10/data/res/values-mcc311-mnc180-ar: Cannot change mode to rwxr-xr-x: Operation not permitted
build	Cache Android SDK	2026-06-06T12:22:47.2425150Z /usr/bin/tar: ../../../../../usr/local/lib/android/sdk/platforms/android-34-ext10/data/res/values-mcc310-mnc800-ca: Cannot utime: Operation not permitted
build	Cache Android SDK	2026-06-06T12:22:47.2425612Z /usr/bin/tar: ../../../../../usr/local/lib/android/sdk/platforms/android-34-ext10/data/res/values-mcc310-mnc800-ca: Cannot change mode to rwxr-xr-x: Operation not permitted
build	Cache Android SDK	2026-06-06T12:22:47.2428245Z /usr/bin/tar: ../../../../../usr/local/lib/android/sdk/platforms/android-34-ext10/data/res/values-mcc310-mnc560-as: Cannot utime: Operation not permitted
build	Cache Android SDK	2026-06-06T12:22:47.2428723Z /usr/bin/tar: ../../../../../usr/local/lib/android/sdk/platforms/android-34-ext10/data/res/values-mcc310-mnc560-as: Cannot change mode to rwxr-xr-x: Operation not permitted
build	Cache Android SDK	2026-06-06T12:22:47.2431560Z /usr/bin/tar: ../../../../../usr/local/lib/android/sdk/platforms/android-34-ext10/data/res/values-mcc310-mnc310-zh-rCN: Cannot utime: Operation not permitted
build	Cache Android SDK	2026-06-06T12:22:47.2432058Z /usr/bin/tar: ../../../../../usr/local/lib/android/sdk/platforms/android-34-ext10/data/res/values-mcc310-mnc310-zh-rCN: Cannot change mode to rwxr-xr-x: Operation not permitted
build	Cache Android SDK	2026-06-06T12:22:47.2434354Z /usr/bin/tar: ../../../../../usr/local/lib/android/sdk/platforms/android-34-ext10/data/res/values-mcc310-mnc800-gl: Cannot utime: Operation not permitted
build	Cache Android SDK	2026-06-06T12:22:47.2434825Z /usr/bin/tar: ../../../../../usr/local/lib/android/sdk/platforms/android-34-ext10/data/res/values-mcc310-mnc800-gl: Cannot change mode to rwxr-xr-x: Operation not permitted
build	Cache Android SDK	2026-06-06T12:22:47.2437673Z /usr/bin/tar: ../../../../../usr/local/lib/android/sdk/platforms/android-34-ext10/data/res/values-mcc310-mnc240-si: Cannot utime: Operation not permitted
build	Cache Android SDK	2026-06-06T12:22:47.2438161Z /usr/bin/tar: ../../../../../usr/local/lib/android/sdk/platforms/android-34-ext10/data/res/values-mcc310-mnc240-si: Cannot change mode to rwxr-xr-x: Operation not permitted
build	Cache Android SDK	2026-06-06T12:22:47.2440371Z /usr/bin/tar: ../../../../../usr/local/lib/android/sdk/platforms/android-34-ext10/data/res/values-mcc313-mnc100-en-rAU: Cannot utime: Operation not permitted
build	Cache Android SDK	2026-06-06T12:22:47.2440854Z /usr/bin/tar: ../../../../../usr/local/lib/android/sdk/platforms/android-34-ext10/data/res/values-mcc313-mnc100-en-rAU: Cannot change mode to rwxr-xr-x: Operation not permitted
build	Cache Android SDK	2026-06-06T12:22:47.2443806Z /usr/bin/tar: ../../../../../usr/local/lib/android/sdk/platforms/android-34-ext10/data/res/values-mcc310-mnc280-sk: Cannot utime: Operation not permitted
build	Cache Android SDK	2026-06-06T12:22:47.2444303Z /usr/bin/tar: ../../../../../usr/local/lib/android/sdk/platforms/android-34-ext10/data/res/values-mcc310-mnc280-sk: Cannot change mode to rwxr-xr-x: Operation not permitted
build	Cache Android SDK	2026-06-06T12:22:47.2447963Z /usr/bin/tar: ../../../../../usr/local/lib/android/sdk/platforms/android-34-ext10/data/res/values-mcc310-mnc170-or: Cannot utime: Operation not permitted
build	Cache Android SDK	2026-06-06T12:22:47.2448455Z /usr/bin/tar: ../../../../../usr/local/lib/android/sdk/platforms/android-34-ext10/data/res/values-mcc310-mnc170-or: Cannot change mode to rwxr-xr-x: Operation not permitted
build	Cache Android SDK	2026-06-06T12:22:47.2450949Z /usr/bin/tar: ../../../../../usr/local/lib/android/sdk/platforms/android-34-ext10/data/res/values-mcc310-mnc200-ko: Cannot utime: Operation not permitted
build	Cache Android SDK	2026-06-06T12:22:47.2451420Z /usr/bin/tar: ../../../../../usr/local/lib/android/sdk/platforms/android-34-ext10/data/res/values-mcc310-mnc200-ko: Cannot change mode to rwxr-xr-x: Operation not permitted
build	Cache Android SDK	2026-06-06T12:22:47.2454460Z /usr/bin/tar: ../../../../../usr/local/lib/android/sdk/platforms/android-34-ext10/data/res/values-mcc310-mnc270-b+sr+Latn: Cannot utime: Operation not permitted
build	Cache Android SDK	2026-06-06T12:22:47.2454971Z /usr/bin/tar: ../../../../../usr/local/lib/android/sdk/platforms/android-34-ext10/data/res/values-mcc310-mnc270-b+sr+Latn: Cannot change mode to rwxr-xr-x: Operation not permitted
build	Cache Android SDK	2026-06-06T12:22:47.2457974Z /usr/bin/tar: ../../../../../usr/local/lib/android/sdk/platforms/android-34-ext10/data/res/values-uz-television: Cannot utime: Operation not permitted
build	Cache Android SDK	2026-06-06T12:22:47.2458442Z /usr/bin/tar: ../../../../../usr/local/lib/android/sdk/platforms/android-34-ext10/data/res/values-uz-television: Cannot change mode to rwxr-xr-x: Operation not permitted
build	Cache Android SDK	2026-06-06T12:22:47.2461460Z /usr/bin/tar: ../../../../../usr/local/lib/android/sdk/platforms/android-34-ext10/data/res/values-mcc310-mnc030-tr: Cannot utime: Operation not permitted
build	Cache Android SDK	2026-06-06T12:22:47.2461930Z /usr/bin/tar: ../../../../../usr/local/lib/android/sdk/platforms/android-34-ext10/data/res/values-mcc310-mnc030-tr: Cannot change mode to rwxr-xr-x: Operation not permitted
build	Cache Android SDK	2026-06-06T12:22:47.2465039Z /usr/bin/tar: ../../../../../usr/local/lib/android/sdk/platforms/android-34-ext10/data/res/values-vi-television: Cannot utime: Operation not permitted
build	Cache Android SDK	2026-06-06T12:22:47.2465638Z /usr/bin/tar: ../../../../../usr/local/lib/android/sdk/platforms/android-34-ext10/data/res/values-vi-television: Cannot change mode to rwxr-xr-x: Operation not permitted
build	Cache Android SDK	2026-06-06T12:22:47.2468483Z /usr/bin/tar: ../../../../../usr/local/lib/android/sdk/platforms/android-34-ext10/data/res/values-mcc310-mnc800-sv: Cannot utime: Operation not permitted
build	Cache Android SDK	2026-06-06T12:22:47.2468954Z /usr/bin/tar: ../../../../../usr/local/lib/android/sdk/platforms/android-34-ext10/data/res/values-mcc310-mnc800-sv: Cannot change mode to rwxr-xr-x: Operation not permitted
build	Cache Android SDK	2026-06-06T12:22:47.2472032Z /usr/bin/tar: ../../../../../usr/local/lib/android/sdk/platforms/android-34-ext10/data/res/values-mcc001-mnc01-mn: Cannot utime: Operation not permitted
build	Cache Android SDK	2026-06-06T12:22:47.2472504Z /usr/bin/tar: ../../../../../usr/local/lib/android/sdk/platforms/android-34-ext10/data/res/values-mcc001-mnc01-mn: Cannot change mode to rwxr-xr-x: Operation not permitted
build	Cache Android SDK	2026-06-06T12:22:47.2475383Z /usr/bin/tar: ../../../../../usr/local/lib/android/sdk/platforms/android-34-ext10/data/res/values-mcc001-mnc01-sk: Cannot utime: Operation not permitted
build	Cache Android SDK	2026-06-06T12:22:47.2475980Z /usr/bin/tar: ../../../../../usr/local/lib/android/sdk/platforms/android-34-ext10/data/res/values-mcc001-mnc01-sk: Cannot change mode to rwxr-xr-x: Operation not permitted
build	Cache Android SDK	2026-06-06T12:22:47.2478946Z /usr/bin/tar: ../../../../../usr/local/lib/android/sdk/platforms/android-34-ext10/data/res/values-mcc311-mnc180-ko: Cannot utime: Operation not permitted
build	Cache Android SDK	2026-06-06T12:22:47.2479411Z /usr/bin/tar: ../../../../../usr/local/lib/android/sdk/platforms/android-34-ext10/data/res/values-mcc311-mnc180-ko: Cannot change mode to rwxr-xr-x: Operation not permitted
build	Cache Android SDK	2026-06-06T12:22:47.2482341Z /usr/bin/tar: ../../../../../usr/local/lib/android/sdk/platforms/android-34-ext10/data/res/raw-fi: Cannot utime: Operation not permitted
build	Cache Android SDK	2026-06-06T12:22:47.2482756Z /usr/bin/tar: ../../../../../usr/local/lib/android/sdk/platforms/android-34-ext10/data/res/raw-fi: Cannot change mode to rwxr-xr-x: Operation not permitted
build	Cache Android SDK	2026-06-06T12:22:47.2486128Z /usr/bin/tar: ../../../../../usr/local/lib/android/sdk/platforms/android-34-ext10/data/res/values-mcc313-mnc100-gu: Cannot utime: Operation not permitted
build	Cache Android SDK	2026-06-06T12:22:47.2486598Z /usr/bin/tar: ../../../../../usr/local/lib/android/sdk/platforms/android-34-ext10/data/res/values-mcc313-mnc100-gu: Cannot change mode to rwxr-xr-x: Operation not permitted
build	Cache Android SDK	2026-06-06T12:22:47.2489542Z /usr/bin/tar: ../../../../../usr/local/lib/android/sdk/platforms/android-34-ext10/data/res/values-mcc310-mnc240-lv: Cannot utime: Operation not permitted
build	Cache Android SDK	2026-06-06T12:22:47.2490009Z /usr/bin/tar: ../../../../../usr/local/lib/android/sdk/platforms/android-34-ext10/data/res/values-mcc310-mnc240-lv: Cannot change mode to rwxr-xr-x: Operation not permitted
build	Cache Android SDK	2026-06-06T12:22:47.2492837Z /usr/bin/tar: ../../../../../usr/local/lib/android/sdk/platforms/android-34-ext10/data/res/values-mcc310-mnc280-zh-rCN: Cannot utime: Operation not permitted
build	Cache Android SDK	2026-06-06T12:22:47.2493326Z /usr/bin/tar: ../../../../../usr/local/lib/android/sdk/platforms/android-34-ext10/data/res/values-mcc310-mnc280-zh-rCN: Cannot change mode to rwxr-xr-x: Operation not permitted
build	Cache Android SDK	2026-06-06T12:22:47.2496299Z /usr/bin/tar: ../../../../../usr/local/lib/android/sdk/platforms/android-34-ext10/data/res/values-en-rNZ: Cannot utime: Operation not permitted
build	Cache Android SDK	2026-06-06T12:22:47.2496737Z /usr/bin/tar: ../../../../../usr/local/lib/android/sdk/platforms/android-34-ext10/data/res/values-en-rNZ: Cannot change mode to rwxr-xr-x: Operation not permitted
build	Cache Android SDK	2026-06-06T12:22:47.2499662Z /usr/bin/tar: ../../../../../usr/local/lib/android/sdk/platforms/android-34-ext10/data/res/values-mcc310-mnc240-fr: Cannot utime: Operation not permitted
build	Cache Android SDK	2026-06-06T12:22:47.2500133Z /usr/bin/tar: ../../../../../usr/local/lib/android/sdk/platforms/android-34-ext10/data/res/values-mcc310-mnc240-fr: Cannot change mode to rwxr-xr-x: Operation not permitted
build	Cache Android SDK	2026-06-06T12:22:47.2503020Z /usr/bin/tar: ../../../../../usr/local/lib/android/sdk/platforms/android-34-ext10/data/res/values-mcc310-mnc250-si: Cannot utime: Operation not permitted
build	Cache Android SDK	2026-06-06T12:22:47.2503607Z /usr/bin/tar: ../../../../../usr/local/lib/android/sdk/platforms/android-34-ext10/data/res/values-mcc310-mnc250-si: Cannot change mode to rwxr-xr-x: Operation not permitted
build	Cache Android SDK	2026-06-06T12:22:47.2506582Z /usr/bin/tar: ../../../../../usr/local/lib/android/sdk/platforms/android-34-ext10/data/res/values-mcc310-mnc170-ja: Cannot utime: Operation not permitted
build	Cache Android SDK	2026-06-06T12:22:47.2507036Z /usr/bin/tar: ../../../../../usr/local/lib/android/sdk/platforms/android-34-ext10/data/res/values-mcc310-mnc170-ja: Cannot change mode to rwxr-xr-x: Operation not permitted
build	Cache Android SDK	2026-06-06T12:22:47.2511648Z /usr/bin/tar: ../../../../../usr/local/lib/android/sdk/platforms/android-34-ext10/data/res/values-mcc302-mnc720-hu: Cannot utime: Operation not permitted
build	Cache Android SDK	2026-06-06T12:22:47.2512105Z /usr/bin/tar: ../../../../../usr/local/lib/android/sdk/platforms/android-34-ext10/data/res/values-mcc302-mnc720-hu: Cannot change mode to rwxr-xr-x: Operation not permitted
build	Cache Android SDK	2026-06-06T12:22:47.2514816Z /usr/bin/tar: ../../../../../usr/local/lib/android/sdk/platforms/android-34-ext10/data/res/values-mcc310-mnc160-zh-rTW: Cannot utime: Operation not permitted
build	Cache Android SDK	2026-06-06T12:22:47.2515367Z /usr/bin/tar: ../../../../../usr/local/lib/android/sdk/platforms/android-34-ext10/data/res/values-mcc310-mnc160-zh-rTW: Cannot change mode to rwxr-xr-x: Operation not permitted
build	Cache Android SDK	2026-06-06T12:22:47.2518091Z /usr/bin/tar: ../../../../../usr/local/lib/android/sdk/platforms/android-34-ext10/data/res/values-mcc310-mnc310-gl: Cannot utime: Operation not permitted
build	Cache Android SDK	2026-06-06T12:22:47.2518544Z /usr/bin/tar: ../../../../../usr/local/lib/android/sdk/platforms/android-34-ext10/data/res/values-mcc310-mnc310-gl: Cannot change mode to rwxr-xr-x: Operation not permitted
build	Cache Android SDK	2026-06-06T12:22:47.2522025Z /usr/bin/tar: ../../../../../usr/local/lib/android/sdk/platforms/android-34-ext10/data/res/values-mcc310-mnc030-hr: Cannot utime: Operation not permitted
build	Cache Android SDK	2026-06-06T12:22:47.2522860Z /usr/bin/tar: ../../../../../usr/local/lib/android/sdk/platforms/android-34-ext10/data/res/values-mcc310-mnc030-hr: Cannot change mode to rwxr-xr-x: Operation not permitted
build	Cache Android SDK	2026-06-06T12:22:47.2524747Z /usr/bin/tar: ../../../../../usr/local/lib/android/sdk/platforms/android-34-ext10/data/res/values-mcc310-mnc280-ka: Cannot utime: Operation not permitted
build	Cache Android SDK	2026-06-06T12:22:47.2525227Z /usr/bin/tar: ../../../../../usr/local/lib/android/sdk/platforms/android-34-ext10/data/res/values-mcc310-mnc280-ka: Cannot change mode to rwxr-xr-x: Operation not permitted
build	Cache Android SDK	2026-06-06T12:22:47.2528136Z /usr/bin/tar: ../../../../../usr/local/lib/android/sdk/platforms/android-34-ext10/data/res/values-mcc310-mnc950-te: Cannot utime: Operation not permitted
build	Cache Android SDK	2026-06-06T12:22:47.2528620Z /usr/bin/tar: ../../../../../usr/local/lib/android/sdk/platforms/android-34-ext10/data/res/values-mcc310-mnc950-te: Cannot change mode to rwxr-xr-x: Operation not permitted
build	Cache Android SDK	2026-06-06T12:22:47.2531584Z /usr/bin/tar: ../../../../../usr/local/lib/android/sdk/platforms/android-34-ext10/data/res/values-mcc302-mnc720-ka: Cannot utime: Operation not permitted
build	Cache Android SDK	2026-06-06T12:22:47.2532101Z /usr/bin/tar: ../../../../../usr/local/lib/android/sdk/platforms/android-34-ext10/data/res/values-mcc302-mnc720-ka: Cannot change mode to rwxr-xr-x: Operation not permitted
build	Cache Android SDK	2026-06-06T12:22:47.2534380Z /usr/bin/tar: ../../../../../usr/local/lib/android/sdk/platforms/android-34-ext10/data/res/values-mcc310-mnc210-pt: Cannot utime: Operation not permitted
build	Cache Android SDK	2026-06-06T12:22:47.2534856Z /usr/bin/tar: ../../../../../usr/local/lib/android/sdk/platforms/android-34-ext10/data/res/values-mcc310-mnc210-pt: Cannot change mode to rwxr-xr-x: Operation not permitted
build	Cache Android SDK	2026-06-06T12:22:47.2539671Z /usr/bin/tar: ../../../../../usr/local/lib/android/sdk/platforms/android-34-ext10/data/res/values-mcc310-mnc250-b+sr+Latn: Cannot utime: Operation not permitted
build	Cache Android SDK	2026-06-06T12:22:47.2540184Z /usr/bin/tar: ../../../../../usr/local/lib/android/sdk/platforms/android-34-ext10/data/res/values-mcc310-mnc250-b+sr+Latn: Cannot change mode to rwxr-xr-x: Operation not permitted
build	Cache Android SDK	2026-06-06T12:22:47.2542296Z /usr/bin/tar: ../../../../../usr/local/lib/android/sdk/platforms/android-34-ext10/data/res/values-mcc310-mnc380-iw: Cannot utime: Operation not permitted
build	Cache Android SDK	2026-06-06T12:22:47.2542762Z /usr/bin/tar: ../../../../../usr/local/lib/android/sdk/platforms/android-34-ext10/data/res/values-mcc310-mnc380-iw: Cannot change mode to rwxr-xr-x: Operation not permitted
build	Cache Android SDK	2026-06-06T12:22:47.2545334Z /usr/bin/tar: ../../../../../usr/local/lib/android/sdk/platforms/android-34-ext10/data/res/values-mcc732-mnc123: Cannot utime: Operation not permitted
build	Cache Android SDK	2026-06-06T12:22:47.2545819Z /usr/bin/tar: ../../../../../usr/local/lib/android/sdk/platforms/android-34-ext10/data/res/values-mcc732-mnc123: Cannot change mode to rwxr-xr-x: Operation not permitted
build	Cache Android SDK	2026-06-06T12:22:47.2548454Z /usr/bin/tar: ../../../../../usr/local/lib/android/sdk/platforms/android-34-ext10/data/res/values-mcc302-mnc370-cs: Cannot utime: Operation not permitted
build	Cache Android SDK	2026-06-06T12:22:47.2548952Z /usr/bin/tar: ../../../../../usr/local/lib/android/sdk/platforms/android-34-ext10/data/res/values-mcc302-mnc370-cs: Cannot change mode to rwxr-xr-x: Operation not permitted
build	Cache Android SDK	2026-06-06T12:22:47.2551644Z /usr/bin/tar: ../../../../../usr/local/lib/android/sdk/platforms/android-34-ext10/data/res/values-mcc311-mnc180-sr: Cannot utime: Operation not permitted
build	Cache Android SDK	2026-06-06T12:22:47.2552113Z /usr/bin/tar: ../../../../../usr/local/lib/android/sdk/platforms/android-34-ext10/data/res/values-mcc311-mnc180-sr: Cannot change mode to rwxr-xr-x: Operation not permitted
build	Cache Android SDK	2026-06-06T12:22:47.2554902Z /usr/bin/tar: ../../../../../usr/local/lib/android/sdk/platforms/android-34-ext10/data/res/values-mcc302-mnc370-ur: Cannot utime: Operation not permitted
build	Cache Android SDK	2026-06-06T12:22:47.2555383Z /usr/bin/tar: ../../../../../usr/local/lib/android/sdk/platforms/android-34-ext10/data/res/values-mcc302-mnc370-ur: Cannot change mode to rwxr-xr-x: Operation not permitted
build	Cache Android SDK	2026-06-06T12:22:47.2558018Z /usr/bin/tar: ../../../../../usr/local/lib/android/sdk/platforms/android-34-ext10/data/res/values-mcc310-mnc230-kk: Cannot utime: Operation not permitted
build	Cache Android SDK	2026-06-06T12:22:47.2558502Z /usr/bin/tar: ../../../../../usr/local/lib/android/sdk/platforms/android-34-ext10/data/res/values-mcc310-mnc230-kk: Cannot change mode to rwxr-xr-x: Operation not permitted
build	Cache Android SDK	2026-06-06T12:22:47.2561292Z /usr/bin/tar: ../../../../../usr/local/lib/android/sdk/platforms/android-34-ext10/data/res/values-mcc310-mnc490-eu: Cannot utime: Operation not permitted
build	Cache Android SDK	2026-06-06T12:22:47.2561771Z /usr/bin/tar: ../../../../../usr/local/lib/android/sdk/platforms/android-34-ext10/data/res/values-mcc310-mnc490-eu: Cannot change mode to rwxr-xr-x: Operation not permitted
build	Cache Android SDK	2026-06-06T12:22:47.2564183Z /usr/bin/tar: ../../../../../usr/local/lib/android/sdk/platforms/android-34-ext10/data/res/values-mcc310-mnc170-az: Cannot utime: Operation not permitted
build	Cache Android SDK	2026-06-06T12:22:47.2564665Z /usr/bin/tar: ../../../../../usr/local/lib/android/sdk/platforms/android-34-ext10/data/res/values-mcc310-mnc170-az: Cannot change mode to rwxr-xr-x: Operation not permitted
build	Cache Android SDK	2026-06-06T12:22:47.2567173Z /usr/bin/tar: ../../../../../usr/local/lib/android/sdk/platforms/android-34-ext10/data/res/values-mcc311-mnc480: Cannot utime: Operation not permitted
build	Cache Android SDK	2026-06-06T12:22:47.2567904Z /usr/bin/tar: ../../../../../usr/local/lib/android/sdk/platforms/android-34-ext10/data/res/values-mcc311-mnc480: Cannot change mode to rwxr-xr-x: Operation not permitted
build	Cache Android SDK	2026-06-06T12:22:47.2570115Z /usr/bin/tar: ../../../../../usr/local/lib/android/sdk/platforms/android-34-ext10/data/res/values-mcc310-mnc250-sw: Cannot utime: Operation not permitted
build	Cache Android SDK	2026-06-06T12:22:47.2570587Z /usr/bin/tar: ../../../../../usr/local/lib/android/sdk/platforms/android-34-ext10/data/res/values-mcc310-mnc250-sw: Cannot change mode to rwxr-xr-x: Operation not permitted
build	Cache Android SDK	2026-06-06T12:22:47.2576758Z /usr/bin/tar: ../../../../../usr/local/lib/android/sdk/platforms/android-34-ext10/data/res/values-gl: Cannot utime: Operation not permitted
build	Cache Android SDK	2026-06-06T12:22:47.2577293Z /usr/bin/tar: ../../../../../usr/local/lib/android/sdk/platforms/android-34-ext10/data/res/values-gl: Cannot change mode to rwxr-xr-x: Operation not permitted
build	Cache Android SDK	2026-06-06T12:22:47.2579780Z /usr/bin/tar: ../../../../../usr/local/lib/android/sdk/platforms/android-34-ext10/data/res/values-mcc001-mnc01-pt-rPT: Cannot utime: Operation not permitted
build	Cache Android SDK	2026-06-06T12:22:47.2580275Z /usr/bin/tar: ../../../../../usr/local/lib/android/sdk/platforms/android-34-ext10/data/res/values-mcc001-mnc01-pt-rPT: Cannot change mode to rwxr-xr-x: Operation not permitted
build	Cache Android SDK	2026-06-06T12:22:47.2583097Z /usr/bin/tar: ../../../../../usr/local/lib/android/sdk/platforms/android-34-ext10/data/res/values-mcc310-mnc250-ja: Cannot utime: Operation not permitted
build	Cache Android SDK	2026-06-06T12:22:47.2583570Z /usr/bin/tar: ../../../../../usr/local/lib/android/sdk/platforms/android-34-ext10/data/res/values-mcc310-mnc250-ja: Cannot change mode to rwxr-xr-x: Operation not permitted
build	Cache Android SDK	2026-06-06T12:22:47.2585934Z /usr/bin/tar: ../../../../../usr/local/lib/android/sdk/platforms/android-34-ext10/data/res/values-mcc311-mnc180-en-rGB: Cannot utime: Operation not permitted
build	Cache Android SDK	2026-06-06T12:22:47.2586544Z /usr/bin/tar: ../../../../../usr/local/lib/android/sdk/platforms/android-34-ext10/data/res/values-mcc311-mnc180-en-rGB: Cannot change mode to rwxr-xr-x: Operation not permitted
build	Cache Android SDK	2026-06-06T12:22:47.2589736Z /usr/bin/tar: ../../../../../usr/local/lib/android/sdk/platforms/android-34-ext10/data/res/values-mcc310-mnc220-tr: Cannot utime: Operation not permitted
build	Cache Android SDK	2026-06-06T12:22:47.2590586Z /usr/bin/tar: ../../../../../usr/local/lib/android/sdk/platforms/android-34-ext10/data/res/values-mcc310-mnc220-tr: Cannot change mode to rwxr-xr-x: Operation not permitted
build	Cache Android SDK	2026-06-06T12:22:47.2592658Z /usr/bin/tar: ../../../../../usr/local/lib/android/sdk/platforms/android-34-ext10/data/res/values-ms-television: Cannot utime: Operation not permitted
build	Cache Android SDK	2026-06-06T12:22:47.2593134Z /usr/bin/tar: ../../../../../usr/local/lib/android/sdk/platforms/android-34-ext10/data/res/values-ms-television: Cannot change mode to rwxr-xr-x: Operation not permitted
build	Cache Android SDK	2026-06-06T12:22:47.2595396Z /usr/bin/tar: ../../../../../usr/local/lib/android/sdk/platforms/android-34-ext10/data/res/values-mcc310-mnc380-hr: Cannot utime: Operation not permitted
build	Cache Android SDK	2026-06-06T12:22:47.2595869Z /usr/bin/tar: ../../../../../usr/local/lib/android/sdk/platforms/android-34-ext10/data/res/values-mcc310-mnc380-hr: Cannot change mode to rwxr-xr-x: Operation not permitted
build	Cache Android SDK	2026-06-06T12:22:47.2598576Z /usr/bin/tar: ../../../../../usr/local/lib/android/sdk/platforms/android-34-ext10/data/res/values-mcc313-mnc100-es: Cannot utime: Operation not permitted
build	Cache Android SDK	2026-06-06T12:22:47.2599075Z /usr/bin/tar: ../../../../../usr/local/lib/android/sdk/platforms/android-34-ext10/data/res/values-mcc313-mnc100-es: Cannot change mode to rwxr-xr-x: Operation not permitted
build	Cache Android SDK	2026-06-06T12:22:47.2601779Z /usr/bin/tar: ../../../../../usr/local/lib/android/sdk/platforms/android-34-ext10/data/res/values-mcc310-mnc410-uk: Cannot utime: Operation not permitted
build	Cache Android SDK	2026-06-06T12:22:47.2602277Z /usr/bin/tar: ../../../../../usr/local/lib/android/sdk/platforms/android-34-ext10/data/res/values-mcc310-mnc410-uk: Cannot change mode to rwxr-xr-x: Operation not permitted
build	Cache Android SDK	2026-06-06T12:22:47.2605538Z /usr/bin/tar: ../../../../../usr/local/lib/android/sdk/platforms/android-34-ext10/data/res/values-mcc310-mnc280-fa: Cannot utime: Operation not permitted
build	Cache Android SDK	2026-06-06T12:22:47.2606009Z /usr/bin/tar: ../../../../../usr/local/lib/android/sdk/platforms/android-34-ext10/data/res/values-mcc310-mnc280-fa: Cannot change mode to rwxr-xr-x: Operation not permitted
build	Cache Android SDK	2026-06-06T12:22:47.2609229Z /usr/bin/tar: ../../../../../usr/local/lib/android/sdk/platforms/android-34-ext10/data/res/values-mcc302-mnc720-bn: Cannot utime: Operation not permitted
build	Cache Android SDK	2026-06-06T12:22:47.2609694Z /usr/bin/tar: ../../../../../usr/local/lib/android/sdk/platforms/android-34-ext10/data/res/values-mcc302-mnc720-bn: Cannot change mode to rwxr-xr-x: Operation not permitted
build	Cache Android SDK	2026-06-06T12:22:47.2612430Z /usr/bin/tar: ../../../../../usr/local/lib/android/sdk/platforms/android-34-ext10/data/res/values-mcc262-mnc02: Cannot utime: Operation not permitted
build	Cache Android SDK	2026-06-06T12:22:47.2612996Z /usr/bin/tar: ../../../../../usr/local/lib/android/sdk/platforms/android-34-ext10/data/res/values-mcc262-mnc02: Cannot change mode to rwxr-xr-x: Operation not permitted
build	Cache Android SDK	2026-06-06T12:22:47.2615523Z /usr/bin/tar: ../../../../../usr/local/lib/android/sdk/platforms/android-34-ext10/data/res/values-mcc310-mnc230-cs: Cannot utime: Operation not permitted
build	Cache Android SDK	2026-06-06T12:22:47.2615996Z /usr/bin/tar: ../../../../../usr/local/lib/android/sdk/platforms/android-34-ext10/data/res/values-mcc310-mnc230-cs: Cannot change mode to rwxr-xr-x: Operation not permitted
build	Cache Android SDK	2026-06-06T12:22:47.2618737Z /usr/bin/tar: ../../../../../usr/local/lib/android/sdk/platforms/android-34-ext10/data/res/values-mcc310-mnc800-zu: Cannot utime: Operation not permitted
build	Cache Android SDK	2026-06-06T12:22:47.2619198Z /usr/bin/tar: ../../../../../usr/local/lib/android/sdk/platforms/android-34-ext10/data/res/values-mcc310-mnc800-zu: Cannot change mode to rwxr-xr-x: Operation not permitted
build	Cache Android SDK	2026-06-06T12:22:47.2626251Z /usr/bin/tar: ../../../../../usr/local/lib/android/sdk/platforms/android-34-ext10/data/res/values-fr: Cannot utime: Operation not permitted
build	Cache Android SDK	2026-06-06T12:22:47.2626779Z /usr/bin/tar: ../../../../../usr/local/lib/android/sdk/platforms/android-34-ext10/data/res/values-fr: Cannot change mode to rwxr-xr-x: Operation not permitted
build	Cache Android SDK	2026-06-06T12:22:47.2629311Z /usr/bin/tar: ../../../../../usr/local/lib/android/sdk/platforms/android-34-ext10/data/res/values-mcc310-mnc380-is: Cannot utime: Operation not permitted
build	Cache Android SDK	2026-06-06T12:22:47.2629788Z /usr/bin/tar: ../../../../../usr/local/lib/android/sdk/platforms/android-34-ext10/data/res/values-mcc310-mnc380-is: Cannot change mode to rwxr-xr-x: Operation not permitted
build	Cache Android SDK	2026-06-06T12:22:47.2632447Z /usr/bin/tar: ../../../../../usr/local/lib/android/sdk/platforms/android-34-ext10/data/res/values-mcc466-mnc06: Cannot utime: Operation not permitted
build	Cache Android SDK	2026-06-06T12:22:47.2632997Z /usr/bin/tar: ../../../../../usr/local/lib/android/sdk/platforms/android-34-ext10/data/res/values-mcc466-mnc06: Cannot change mode to rwxr-xr-x: Operation not permitted
build	Cache Android SDK	2026-06-06T12:22:47.2635637Z /usr/bin/tar: ../../../../../usr/local/lib/android/sdk/platforms/android-34-ext10/data/res/values-mcc310-mnc490-uz: Cannot utime: Operation not permitted
build	Cache Android SDK	2026-06-06T12:22:47.2636110Z /usr/bin/tar: ../../../../../usr/local/lib/android/sdk/platforms/android-34-ext10/data/res/values-mcc310-mnc490-uz: Cannot change mode to rwxr-xr-x: Operation not permitted
build	Cache Android SDK	2026-06-06T12:22:47.2638926Z /usr/bin/tar: ../../../../../usr/local/lib/android/sdk/platforms/android-34-ext10/data/res/values-mcc310-mnc270-ja: Cannot utime: Operation not permitted
build	Cache Android SDK	2026-06-06T12:22:47.2639394Z /usr/bin/tar: ../../../../../usr/local/lib/android/sdk/platforms/android-34-ext10/data/res/values-mcc310-mnc270-ja: Cannot change mode to rwxr-xr-x: Operation not permitted
build	Cache Android SDK	2026-06-06T12:22:47.2641820Z /usr/bin/tar: ../../../../../usr/local/lib/android/sdk/platforms/android-34-ext10/data/res/values-mcc302-mnc720-hi: Cannot utime: Operation not permitted
build	Cache Android SDK	2026-06-06T12:22:47.2642318Z /usr/bin/tar: ../../../../../usr/local/lib/android/sdk/platforms/android-34-ext10/data/res/values-mcc302-mnc720-hi: Cannot change mode to rwxr-xr-x: Operation not permitted
build	Cache Android SDK	2026-06-06T12:22:47.2645515Z /usr/bin/tar: ../../../../../usr/local/lib/android/sdk/platforms/android-34-ext10/data/res/values-mcc302-mnc720-bg: Cannot utime: Operation not permitted
build	Cache Android SDK	2026-06-06T12:22:47.2645986Z /usr/bin/tar: ../../../../../usr/local/lib/android/sdk/platforms/android-34-ext10/data/res/values-mcc302-mnc720-bg: Cannot change mode to rwxr-xr-x: Operation not permitted
build	Cache Android SDK	2026-06-06T12:22:47.2648347Z /usr/bin/tar: ../../../../../usr/local/lib/android/sdk/platforms/android-34-ext10/data/res/values-mcc310-mnc380-af: Cannot utime: Operation not permitted
build	Cache Android SDK	2026-06-06T12:22:47.2648855Z /usr/bin/tar: ../../../../../usr/local/lib/android/sdk/platforms/android-34-ext10/data/res/values-mcc310-mnc380-af: Cannot change mode to rwxr-xr-x: Operation not permitted
build	Cache Android SDK	2026-06-06T12:22:47.2651570Z /usr/bin/tar: ../../../../../usr/local/lib/android/sdk/platforms/android-34-ext10/data/res/values-mcc001-mnc01-fi: Cannot utime: Operation not permitted
build	Cache Android SDK	2026-06-06T12:22:47.2652055Z /usr/bin/tar: ../../../../../usr/local/lib/android/sdk/platforms/android-34-ext10/data/res/values-mcc001-mnc01-fi: Cannot change mode to rwxr-xr-x: Operation not permitted
build	Cache Android SDK	2026-06-06T12:22:47.2654820Z /usr/bin/tar: ../../../../../usr/local/lib/android/sdk/platforms/android-34-ext10/data/res/values-mcc310-mnc490-mn: Cannot utime: Operation not permitted
build	Cache Android SDK	2026-06-06T12:22:47.2655296Z /usr/bin/tar: ../../../../../usr/local/lib/android/sdk/platforms/android-34-ext10/data/res/values-mcc310-mnc490-mn: Cannot change mode to rwxr-xr-x: Operation not permitted
build	Cache Android SDK	2026-06-06T12:22:47.2657992Z /usr/bin/tar: ../../../../../usr/local/lib/android/sdk/platforms/android-34-ext10/data/res/values-mcc310-mnc410-fa: Cannot utime: Operation not permitted
build	Cache Android SDK	2026-06-06T12:22:47.2658477Z /usr/bin/tar: ../../../../../usr/local/lib/android/sdk/platforms/android-34-ext10/data/res/values-mcc310-mnc410-fa: Cannot change mode to rwxr-xr-x: Operation not permitted
build	Cache Android SDK	2026-06-06T12:22:47.2661181Z /usr/bin/tar: ../../../../../usr/local/lib/android/sdk/platforms/android-34-ext10/data/res/values-mcc310-mnc410-iw: Cannot utime: Operation not permitted
build	Cache Android SDK	2026-06-06T12:22:47.2661656Z /usr/bin/tar: ../../../../../usr/local/lib/android/sdk/platforms/android-34-ext10/data/res/values-mcc310-mnc410-iw: Cannot change mode to rwxr-xr-x: Operation not permitted
build	Cache Android SDK	2026-06-06T12:22:47.2664458Z /usr/bin/tar: ../../../../../usr/local/lib/android/sdk/platforms/android-34-ext10/data/res/values-mcc310-mnc380-zu: Cannot utime: Operation not permitted
build	Cache Android SDK	2026-06-06T12:22:47.2664932Z /usr/bin/tar: ../../../../../usr/local/lib/android/sdk/platforms/android-34-ext10/data/res/values-mcc310-mnc380-zu: Cannot change mode to rwxr-xr-x: Operation not permitted
build	Cache Android SDK	2026-06-06T12:22:47.2671556Z /usr/bin/tar: ../../../../../usr/local/lib/android/sdk/platforms/android-34-ext10/data/res/values-iw: Cannot utime: Operation not permitted
build	Cache Android SDK	2026-06-06T12:22:47.2672167Z /usr/bin/tar: ../../../../../usr/local/lib/android/sdk/platforms/android-34-ext10/data/res/values-iw: Cannot change mode to rwxr-xr-x: Operation not permitted
build	Cache Android SDK	2026-06-06T12:22:47.2674159Z /usr/bin/tar: ../../../../../usr/local/lib/android/sdk/platforms/android-34-ext10/data/res/values-mcc310-mnc150-en-rIN: Cannot utime: Operation not permitted
build	Cache Android SDK	2026-06-06T12:22:47.2674657Z /usr/bin/tar: ../../../../../usr/local/lib/android/sdk/platforms/android-34-ext10/data/res/values-mcc310-mnc150-en-rIN: Cannot change mode to rwxr-xr-x: Operation not permitted
build	Cache Android SDK	2026-06-06T12:22:47.2677706Z /usr/bin/tar: ../../../../../usr/local/lib/android/sdk/platforms/android-34-ext10/data/res/values-mcc311-mnc180-en-rIN: Cannot utime: Operation not permitted
build	Cache Android SDK	2026-06-06T12:22:47.2678202Z /usr/bin/tar: ../../../../../usr/local/lib/android/sdk/platforms/android-34-ext10/data/res/values-mcc311-mnc180-en-rIN: Cannot change mode to rwxr-xr-x: Operation not permitted
build	Cache Android SDK	2026-06-06T12:22:47.2680808Z /usr/bin/tar: ../../../../../usr/local/lib/android/sdk/platforms/android-34-ext10/data/res/values-mcc310-mnc800-is: Cannot utime: Operation not permitted
build	Cache Android SDK	2026-06-06T12:22:47.2681352Z /usr/bin/tar: ../../../../../usr/local/lib/android/sdk/platforms/android-34-ext10/data/res/values-mcc310-mnc800-is: Cannot change mode to rwxr-xr-x: Operation not permitted
build	Cache Android SDK	2026-06-06T12:22:47.2684003Z /usr/bin/tar: ../../../../../usr/local/lib/android/sdk/platforms/android-34-ext10/data/res/values-mcc302-mnc370-mr: Cannot utime: Operation not permitted
build	Cache Android SDK	2026-06-06T12:22:47.2684483Z /usr/bin/tar: ../../../../../usr/local/lib/android/sdk/platforms/android-34-ext10/data/res/values-mcc302-mnc370-mr: Cannot change mode to rwxr-xr-x: Operation not permitted
build	Cache Android SDK	2026-06-06T12:22:47.2687151Z /usr/bin/tar: ../../../../../usr/local/lib/android/sdk/platforms/android-34-ext10/data/res/values-mcc310-mnc800-ta: Cannot utime: Operation not permitted
build	Cache Android SDK	2026-06-06T12:22:47.2687757Z /usr/bin/tar: ../../../../../usr/local/lib/android/sdk/platforms/android-34-ext10/data/res/values-mcc310-mnc800-ta: Cannot change mode to rwxr-xr-x: Operation not permitted
build	Cache Android SDK	2026-06-06T12:22:47.2690273Z /usr/bin/tar: ../../../../../usr/local/lib/android/sdk/platforms/android-34-ext10/data/res/values-mcc310-mnc380-mn: Cannot utime: Operation not permitted
build	Cache Android SDK	2026-06-06T12:22:47.2690742Z /usr/bin/tar: ../../../../../usr/local/lib/android/sdk/platforms/android-34-ext10/data/res/values-mcc310-mnc380-mn: Cannot change mode to rwxr-xr-x: Operation not permitted
build	Cache Android SDK	2026-06-06T12:22:47.2693614Z /usr/bin/tar: ../../../../../usr/local/lib/android/sdk/platforms/android-34-ext10/data/res/values-mcc310-mnc560-ta: Cannot utime: Operation not permitted
build	Cache Android SDK	2026-06-06T12:22:47.2694144Z /usr/bin/tar: ../../../../../usr/local/lib/android/sdk/platforms/android-34-ext10/data/res/values-mcc310-mnc560-ta: Cannot change mode to rwxr-xr-x: Operation not permitted
build	Cache Android SDK	2026-06-06T12:22:47.2696418Z /usr/bin/tar: ../../../../../usr/local/lib/android/sdk/platforms/android-34-ext10/data/res/values-mcc310-mnc160-el: Cannot utime: Operation not permitted
build	Cache Android SDK	2026-06-06T12:22:47.2697181Z /usr/bin/tar: ../../../../../usr/local/lib/android/sdk/platforms/android-34-ext10/data/res/values-mcc310-mnc160-el: Cannot change mode to rwxr-xr-x: Operation not permitted
build	Cache Android SDK	2026-06-06T12:22:47.2699741Z /usr/bin/tar: ../../../../../usr/local/lib/android/sdk/platforms/android-34-ext10/data/res/values-mcc310-mnc240-en-rAU: Cannot utime: Operation not permitted
build	Cache Android SDK	2026-06-06T12:22:47.2700863Z /usr/bin/tar: ../../../../../usr/local/lib/android/sdk/platforms/android-34-ext10/data/res/values-mcc310-mnc240-en-rAU: Cannot change mode to rwxr-xr-x: Operation not permitted
build	Cache Android SDK	2026-06-06T12:22:47.2703007Z /usr/bin/tar: ../../../../../usr/local/lib/android/sdk/platforms/android-34-ext10/data/res/values-mcc310-mnc410-zh-rCN: Cannot utime: Operation not permitted
build	Cache Android SDK	2026-06-06T12:22:47.2703498Z /usr/bin/tar: ../../../../../usr/local/lib/android/sdk/platforms/android-34-ext10/data/res/values-mcc310-mnc410-zh-rCN: Cannot change mode to rwxr-xr-x: Operation not permitted
build	Cache Android SDK	2026-06-06T12:22:47.2706200Z /usr/bin/tar: ../../../../../usr/local/lib/android/sdk/platforms/android-34-ext10/data/res/values-mcc310-mnc250-lt: Cannot utime: Operation not permitted
build	Cache Android SDK	2026-06-06T12:22:47.2706680Z /usr/bin/tar: ../../../../../usr/local/lib/android/sdk/platforms/android-34-ext10/data/res/values-mcc310-mnc250-lt: Cannot change mode to rwxr-xr-x: Operation not permitted
build	Cache Android SDK	2026-06-06T12:22:47.2709270Z /usr/bin/tar: ../../../../../usr/local/lib/android/sdk/platforms/android-34-ext10/data/res/values-mcc310-mnc410-ta: Cannot utime: Operation not permitted
build	Cache Android SDK	2026-06-06T12:22:47.2709737Z /usr/bin/tar: ../../../../../usr/local/lib/android/sdk/platforms/android-34-ext10/data/res/values-mcc310-mnc410-ta: Cannot change mode to rwxr-xr-x: Operation not permitted
build	Cache Android SDK	2026-06-06T12:22:47.2712307Z /usr/bin/tar: ../../../../../usr/local/lib/android/sdk/platforms/android-34-ext10/data/res/values-pt-television: Cannot utime: Operation not permitted
build	Cache Android SDK	2026-06-06T12:22:47.2712777Z /usr/bin/tar: ../../../../../usr/local/lib/android/sdk/platforms/android-34-ext10/data/res/values-pt-television: Cannot change mode to rwxr-xr-x: Operation not permitted
build	Cache Android SDK	2026-06-06T12:22:47.2715518Z /usr/bin/tar: ../../../../../usr/local/lib/android/sdk/platforms/android-34-ext10/data/res/values-mcc310-mnc220-fr: Cannot utime: Operation not permitted
build	Cache Android SDK	2026-06-06T12:22:47.2715990Z /usr/bin/tar: ../../../../../usr/local/lib/android/sdk/platforms/android-34-ext10/data/res/values-mcc310-mnc220-fr: Cannot change mode to rwxr-xr-x: Operation not permitted
build	Cache Android SDK	2026-06-06T12:22:47.2718991Z /usr/bin/tar: ../../../../../usr/local/lib/android/sdk/platforms/android-34-ext10/data/res/values-mcc302-mnc370-mk: Cannot utime: Operation not permitted
build	Cache Android SDK	2026-06-06T12:22:47.2719465Z /usr/bin/tar: ../../../../../usr/local/lib/android/sdk/platforms/android-34-ext10/data/res/values-mcc302-mnc370-mk: Cannot change mode to rwxr-xr-x: Operation not permitted
build	Cache Android SDK	2026-06-06T12:22:47.2722447Z /usr/bin/tar: ../../../../../usr/local/lib/android/sdk/platforms/android-34-ext10/data/res/values-mcc310-mnc410-ne: Cannot utime: Operation not permitted
build	Cache Android SDK	2026-06-06T12:22:47.2723014Z /usr/bin/tar: ../../../../../usr/local/lib/android/sdk/platforms/android-34-ext10/data/res/values-mcc310-mnc410-ne: Cannot change mode to rwxr-xr-x: Operation not permitted
build	Cache Android SDK	2026-06-06T12:22:47.2726067Z /usr/bin/tar: ../../../../../usr/local/lib/android/sdk/platforms/android-34-ext10/data/res/values-mcc310-mnc200-pa: Cannot utime: Operation not permitted
build	Cache Android SDK	2026-06-06T12:22:47.2726593Z /usr/bin/tar: ../../../../../usr/local/lib/android/sdk/platforms/android-34-ext10/data/res/values-mcc310-mnc200-pa: Cannot change mode to rwxr-xr-x: Operation not permitted
build	Cache Android SDK	2026-06-06T12:22:47.2729298Z /usr/bin/tar: ../../../../../usr/local/lib/android/sdk/platforms/android-34-ext10/data/res/values-mcc302-mnc370-ms: Cannot utime: Operation not permitted
build	Cache Android SDK	2026-06-06T12:22:47.2729759Z /usr/bin/tar: ../../../../../usr/local/lib/android/sdk/platforms/android-34-ext10/data/res/values-mcc302-mnc370-ms: Cannot change mode to rwxr-xr-x: Operation not permitted
build	Cache Android SDK	2026-06-06T12:22:47.2732484Z /usr/bin/tar: ../../../../../usr/local/lib/android/sdk/platforms/android-34-ext10/data/res/values-mcc310-mnc220-ro: Cannot utime: Operation not permitted
build	Cache Android SDK	2026-06-06T12:22:47.2733001Z /usr/bin/tar: ../../../../../usr/local/lib/android/sdk/platforms/android-34-ext10/data/res/values-mcc310-mnc220-ro: Cannot change mode to rwxr-xr-x: Operation not permitted
build	Cache Android SDK	2026-06-06T12:22:47.2735658Z /usr/bin/tar: ../../../../../usr/local/lib/android/sdk/platforms/android-34-ext10/data/res/values-mcc310-mnc280-ms: Cannot utime: Operation not permitted
build	Cache Android SDK	2026-06-06T12:22:47.2736118Z /usr/bin/tar: ../../../../../usr/local/lib/android/sdk/platforms/android-34-ext10/data/res/values-mcc310-mnc280-ms: Cannot change mode to rwxr-xr-x: Operation not permitted
build	Cache Android SDK	2026-06-06T12:22:47.2738880Z /usr/bin/tar: ../../../../../usr/local/lib/android/sdk/platforms/android-34-ext10/data/res/values-mcc310-mnc170-hr: Cannot utime: Operation not permitted
build	Cache Android SDK	2026-06-06T12:22:47.2739435Z /usr/bin/tar: ../../../../../usr/local/lib/android/sdk/platforms/android-34-ext10/data/res/values-mcc310-mnc170-hr: Cannot change mode to rwxr-xr-x: Operation not permitted
build	Cache Android SDK	2026-06-06T12:22:47.2742037Z /usr/bin/tar: ../../../../../usr/local/lib/android/sdk/platforms/android-34-ext10/data/res/values-mcc310-mnc030-nb: Cannot utime: Operation not permitted
build	Cache Android SDK	2026-06-06T12:22:47.2742505Z /usr/bin/tar: ../../../../../usr/local/lib/android/sdk/platforms/android-34-ext10/data/res/values-mcc310-mnc030-nb: Cannot change mode to rwxr-xr-x: Operation not permitted
build	Cache Android SDK	2026-06-06T12:22:47.2745155Z /usr/bin/tar: ../../../../../usr/local/lib/android/sdk/platforms/android-34-ext10/data/res/values-mcc302-mnc780: Cannot utime: Operation not permitted
build	Cache Android SDK	2026-06-06T12:22:47.2745603Z /usr/bin/tar: ../../../../../usr/local/lib/android/sdk/platforms/android-34-ext10/data/res/values-mcc302-mnc780: Cannot change mode to rwxr-xr-x: Operation not permitted
build	Cache Android SDK	2026-06-06T12:22:47.2748240Z /usr/bin/tar: ../../../../../usr/local/lib/android/sdk/platforms/android-34-ext10/data/res/values-mcc310-mnc560-fr-rCA: Cannot utime: Operation not permitted
build	Cache Android SDK	2026-06-06T12:22:47.2748728Z /usr/bin/tar: ../../../../../usr/local/lib/android/sdk/platforms/android-34-ext10/data/res/values-mcc310-mnc560-fr-rCA: Cannot change mode to rwxr-xr-x: Operation not permitted
build	Cache Android SDK	2026-06-06T12:22:47.2751276Z /usr/bin/tar: ../../../../../usr/local/lib/android/sdk/platforms/android-34-ext10/data/res/values-mcc310-mnc560-ms: Cannot utime: Operation not permitted
build	Cache Android SDK	2026-06-06T12:22:47.2751737Z /usr/bin/tar: ../../../../../usr/local/lib/android/sdk/platforms/android-34-ext10/data/res/values-mcc310-mnc560-ms: Cannot change mode to rwxr-xr-x: Operation not permitted
build	Cache Android SDK	2026-06-06T12:22:47.2755545Z /usr/bin/tar: ../../../../../usr/local/lib/android/sdk/platforms/android-34-ext10/data/res/values-mcc311-mnc180-en-rCA: Cannot utime: Operation not permitted
build	Cache Android SDK	2026-06-06T12:22:47.2756020Z /usr/bin/tar: ../../../../../usr/local/lib/android/sdk/platforms/android-34-ext10/data/res/values-mcc311-mnc180-en-rCA: Cannot change mode to rwxr-xr-x: Operation not permitted
build	Cache Android SDK	2026-06-06T12:22:47.2758977Z /usr/bin/tar: ../../../../../usr/local/lib/android/sdk/platforms/android-34-ext10/data/res/values-hu-television: Cannot utime: Operation not permitted
build	Cache Android SDK	2026-06-06T12:22:47.2759452Z /usr/bin/tar: ../../../../../usr/local/lib/android/sdk/platforms/android-34-ext10/data/res/values-hu-television: Cannot change mode to rwxr-xr-x: Operation not permitted
build	Cache Android SDK	2026-06-06T12:22:47.2762573Z /usr/bin/tar: ../../../../../usr/local/lib/android/sdk/platforms/android-34-ext10/data/res/values-mcc310-mnc410-ur: Cannot utime: Operation not permitted
build	Cache Android SDK	2026-06-06T12:22:47.2763053Z /usr/bin/tar: ../../../../../usr/local/lib/android/sdk/platforms/android-34-ext10/data/res/values-mcc310-mnc410-ur: Cannot change mode to rwxr-xr-x: Operation not permitted
build	Cache Android SDK	2026-06-06T12:22:47.2765820Z /usr/bin/tar: ../../../../../usr/local/lib/android/sdk/platforms/android-34-ext10/data/res/values-mcc310-mnc560-si: Cannot utime: Operation not permitted
build	Cache Android SDK	2026-06-06T12:22:47.2766295Z /usr/bin/tar: ../../../../../usr/local/lib/android/sdk/platforms/android-34-ext10/data/res/values-mcc310-mnc560-si: Cannot change mode to rwxr-xr-x: Operation not permitted
build	Cache Android SDK	2026-06-06T12:22:47.2769544Z /usr/bin/tar: ../../../../../usr/local/lib/android/sdk/platforms/android-34-ext10/data/res/values-mcc001-mnc01-ml: Cannot utime: Operation not permitted
build	Cache Android SDK	2026-06-06T12:22:47.2770051Z /usr/bin/tar: ../../../../../usr/local/lib/android/sdk/platforms/android-34-ext10/data/res/values-mcc001-mnc01-ml: Cannot change mode to rwxr-xr-x: Operation not permitted
build	Cache Android SDK	2026-06-06T12:22:47.2772807Z /usr/bin/tar: ../../../../../usr/local/lib/android/sdk/platforms/android-34-ext10/data/res/values-mcc310-mnc950-lv: Cannot utime: Operation not permitted
build	Cache Android SDK	2026-06-06T12:22:47.2773276Z /usr/bin/tar: ../../../../../usr/local/lib/android/sdk/platforms/android-34-ext10/data/res/values-mcc310-mnc950-lv: Cannot change mode to rwxr-xr-x: Operation not permitted
build	Cache Android SDK	2026-06-06T12:22:47.2776540Z /usr/bin/tar: ../../../../../usr/local/lib/android/sdk/platforms/android-34-ext10/data/res/values-mcc310-mnc170-be: Cannot utime: Operation not permitted
build	Cache Android SDK	2026-06-06T12:22:47.2777157Z /usr/bin/tar: ../../../../../usr/local/lib/android/sdk/platforms/android-34-ext10/data/res/values-mcc310-mnc170-be: Cannot change mode to rwxr-xr-x: Operation not permitted
build	Cache Android SDK	2026-06-06T12:22:47.2781205Z /usr/bin/tar: ../../../../../usr/local/lib/android/sdk/platforms/android-34-ext10/data/res/values-mcc313-mnc100-hr: Cannot utime: Operation not permitted
build	Cache Android SDK	2026-06-06T12:22:47.2781674Z /usr/bin/tar: ../../../../../usr/local/lib/android/sdk/platforms/android-34-ext10/data/res/values-mcc313-mnc100-hr: Cannot change mode to rwxr-xr-x: Operation not permitted
build	Cache Android SDK	2026-06-06T12:22:47.2784246Z /usr/bin/tar: ../../../../../usr/local/lib/android/sdk/platforms/android-34-ext10/data/res/values-mcc310-mnc380-lv: Cannot utime: Operation not permitted
build	Cache Android SDK	2026-06-06T12:22:47.2784711Z /usr/bin/tar: ../../../../../usr/local/lib/android/sdk/platforms/android-34-ext10/data/res/values-mcc310-mnc380-lv: Cannot change mode to rwxr-xr-x: Operation not permitted
build	Cache Android SDK	2026-06-06T12:22:47.2787592Z /usr/bin/tar: ../../../../../usr/local/lib/android/sdk/platforms/android-34-ext10/data/res/values-mcc310-mnc030-hi: Cannot utime: Operation not permitted
build	Cache Android SDK	2026-06-06T12:22:47.2788066Z /usr/bin/tar: ../../../../../usr/local/lib/android/sdk/platforms/android-34-ext10/data/res/values-mcc310-mnc030-hi: Cannot change mode to rwxr-xr-x: Operation not permitted
build	Cache Android SDK	2026-06-06T12:22:47.2790447Z /usr/bin/tar: ../../../../../usr/local/lib/android/sdk/platforms/android-34-ext10/data/res/values-mcc310-mnc560-lv: Cannot utime: Operation not permitted
build	Cache Android SDK	2026-06-06T12:22:47.2790911Z /usr/bin/tar: ../../../../../usr/local/lib/android/sdk/platforms/android-34-ext10/data/res/values-mcc310-mnc560-lv: Cannot change mode to rwxr-xr-x: Operation not permitted
build	Cache Android SDK	2026-06-06T12:22:47.2794001Z /usr/bin/tar: ../../../../../usr/local/lib/android/sdk/platforms/android-34-ext10/data/res/values-mcc311-mnc180-zh-rTW: Cannot utime: Operation not permitted
build	Cache Android SDK	2026-06-06T12:22:47.2794582Z /usr/bin/tar: ../../../../../usr/local/lib/android/sdk/platforms/android-34-ext10/data/res/values-mcc311-mnc180-zh-rTW: Cannot change mode to rwxr-xr-x: Operation not permitted
build	Cache Android SDK	2026-06-06T12:22:47.2797305Z /usr/bin/tar: ../../../../../usr/local/lib/android/sdk/platforms/android-34-ext10/data/res/values-mcc310-mnc380-az: Cannot utime: Operation not permitted
build	Cache Android SDK	2026-06-06T12:22:47.2798123Z /usr/bin/tar: ../../../../../usr/local/lib/android/sdk/platforms/android-34-ext10/data/res/values-mcc310-mnc380-az: Cannot change mode to rwxr-xr-x: Operation not permitted
build	Cache Android SDK	2026-06-06T12:22:47.2800451Z /usr/bin/tar: ../../../../../usr/local/lib/android/sdk/platforms/android-34-ext10/data/res/values-mcc310-mnc030-b+sr+Latn: Cannot utime: Operation not permitted
build	Cache Android SDK	2026-06-06T12:22:47.2800949Z /usr/bin/tar: ../../../../../usr/local/lib/android/sdk/platforms/android-34-ext10/data/res/values-mcc310-mnc030-b+sr+Latn: Cannot change mode to rwxr-xr-x: Operation not permitted
build	Cache Android SDK	2026-06-06T12:22:47.2803663Z /usr/bin/tar: ../../../../../usr/local/lib/android/sdk/platforms/android-34-ext10/data/res/values-mcc310-mnc200-mn: Cannot utime: Operation not permitted
build	Cache Android SDK	2026-06-06T12:22:47.2804309Z /usr/bin/tar: ../../../../../usr/local/lib/android/sdk/platforms/android-34-ext10/data/res/values-mcc310-mnc200-mn: Cannot change mode to rwxr-xr-x: Operation not permitted
build	Cache Android SDK	2026-06-06T12:22:47.2806957Z /usr/bin/tar: ../../../../../usr/local/lib/android/sdk/platforms/android-34-ext10/data/res/values-mcc310-mnc230-fa: Cannot utime: Operation not permitted
build	Cache Android SDK	2026-06-06T12:22:47.2807577Z /usr/bin/tar: ../../../../../usr/local/lib/android/sdk/platforms/android-34-ext10/data/res/values-mcc310-mnc230-fa: Cannot change mode to rwxr-xr-x: Operation not permitted
build	Cache Android SDK	2026-06-06T12:22:47.2810508Z /usr/bin/tar: ../../../../../usr/local/lib/android/sdk/platforms/android-34-ext10/data/res/values-mcc311-mnc180-lo: Cannot utime: Operation not permitted
build	Cache Android SDK	2026-06-06T12:22:47.2811060Z /usr/bin/tar: ../../../../../usr/local/lib/android/sdk/platforms/android-34-ext10/data/res/values-mcc311-mnc180-lo: Cannot change mode to rwxr-xr-x: Operation not permitted
build	Cache Android SDK	2026-06-06T12:22:47.2814131Z /usr/bin/tar: ../../../../../usr/local/lib/android/sdk/platforms/android-34-ext10/data/res/values-in-watch: Cannot utime: Operation not permitted
build	Cache Android SDK	2026-06-06T12:22:47.2814598Z /usr/bin/tar: ../../../../../usr/local/lib/android/sdk/platforms/android-34-ext10/data/res/values-in-watch: Cannot change mode to rwxr-xr-x: Operation not permitted
build	Cache Android SDK	2026-06-06T12:22:47.2817621Z /usr/bin/tar: ../../../../../usr/local/lib/android/sdk/platforms/android-34-ext10/data/res/values-mcc001-mnc01-en-rXC: Cannot utime: Operation not permitted
build	Cache Android SDK	2026-06-06T12:22:47.2818107Z /usr/bin/tar: ../../../../../usr/local/lib/android/sdk/platforms/android-34-ext10/data/res/values-mcc001-mnc01-en-rXC: Cannot change mode to rwxr-xr-x: Operation not permitted
build	Cache Android SDK	2026-06-06T12:22:47.2820741Z /usr/bin/tar: ../../../../../usr/local/lib/android/sdk/platforms/android-34-ext10/data/res/values-mcc310-mnc270-sl: Cannot utime: Operation not permitted
build	Cache Android SDK	2026-06-06T12:22:47.2821215Z /usr/bin/tar: ../../../../../usr/local/lib/android/sdk/platforms/android-34-ext10/data/res/values-mcc310-mnc270-sl: Cannot change mode to rwxr-xr-x: Operation not permitted
build	Cache Android SDK	2026-06-06T12:22:47.2824065Z /usr/bin/tar: ../../../../../usr/local/lib/android/sdk/platforms/android-34-ext10/data/res/values-mcc312-mnc670-af: Cannot utime: Operation not permitted
build	Cache Android SDK	2026-06-06T12:22:47.2824528Z /usr/bin/tar: ../../../../../usr/local/lib/android/sdk/platforms/android-34-ext10/data/res/values-mcc312-mnc670-af: Cannot change mode to rwxr-xr-x: Operation not permitted
build	Cache Android SDK	2026-06-06T12:22:47.2827207Z /usr/bin/tar: ../../../../../usr/local/lib/android/sdk/platforms/android-34-ext10/data/res/values-mcc310-mnc950-bn: Cannot utime: Operation not permitted
build	Cache Android SDK	2026-06-06T12:22:47.2827898Z /usr/bin/tar: ../../../../../usr/local/lib/android/sdk/platforms/android-34-ext10/data/res/values-mcc310-mnc950-bn: Cannot change mode to rwxr-xr-x: Operation not permitted
build	Cache Android SDK	2026-06-06T12:22:47.2830438Z /usr/bin/tar: ../../../../../usr/local/lib/android/sdk/platforms/android-34-ext10/data/res/values-mcc310-mnc580: Cannot utime: Operation not permitted
build	Cache Android SDK	2026-06-06T12:22:47.2830942Z /usr/bin/tar: ../../../../../usr/local/lib/android/sdk/platforms/android-34-ext10/data/res/values-mcc310-mnc580: Cannot change mode to rwxr-xr-x: Operation not permitted
build	Cache Android SDK	2026-06-06T12:22:47.2833481Z /usr/bin/tar: ../../../../../usr/local/lib/android/sdk/platforms/android-34-ext10/data/res/values-mcc310-mnc200-es-rUS: Cannot utime: Operation not permitted
build	Cache Android SDK	2026-06-06T12:22:47.2833962Z /usr/bin/tar: ../../../../../usr/local/lib/android/sdk/platforms/android-34-ext10/data/res/values-mcc310-mnc200-es-rUS: Cannot change mode to rwxr-xr-x: Operation not permitted
build	Cache Android SDK	2026-06-06T12:22:47.2837632Z /usr/bin/tar: ../../../../../usr/local/lib/android/sdk/platforms/android-34-ext10/data/res/values-mcc310-mnc800-ms: Cannot utime: Operation not permitted
build	Cache Android SDK	2026-06-06T12:22:47.2838443Z /usr/bin/tar: ../../../../../usr/local/lib/android/sdk/platforms/android-34-ext10/data/res/values-mcc310-mnc800-ms: Cannot change mode to rwxr-xr-x: Operation not permitted
build	Cache Android SDK	2026-06-06T12:22:47.2842612Z /usr/bin/tar: ../../../../../usr/local/lib/android/sdk/platforms/android-34-ext10/data/res/values-mcc310-mnc200-bs: Cannot utime: Operation not permitted
build	Cache Android SDK	2026-06-06T12:22:47.2843104Z /usr/bin/tar: ../../../../../usr/local/lib/android/sdk/platforms/android-34-ext10/data/res/values-mcc310-mnc200-bs: Cannot change mode to rwxr-xr-x: Operation not permitted
build	Cache Android SDK	2026-06-06T12:22:47.2845119Z /usr/bin/tar: ../../../../../usr/local/lib/android/sdk/platforms/android-34-ext10/data/res/values-mcc310-mnc280-uz: Cannot utime: Operation not permitted
build	Cache Android SDK	2026-06-06T12:22:47.2845633Z /usr/bin/tar: ../../../../../usr/local/lib/android/sdk/platforms/android-34-ext10/data/res/values-mcc310-mnc280-uz: Cannot change mode to rwxr-xr-x: Operation not permitted
build	Cache Android SDK	2026-06-06T12:22:47.2848366Z /usr/bin/tar: ../../../../../usr/local/lib/android/sdk/platforms/android-34-ext10/data/res/values-mcc310-mnc230-hr: Cannot utime: Operation not permitted
build	Cache Android SDK	2026-06-06T12:22:47.2849099Z /usr/bin/tar: ../../../../../usr/local/lib/android/sdk/platforms/android-34-ext10/data/res/values-mcc310-mnc230-hr: Cannot change mode to rwxr-xr-x: Operation not permitted
build	Cache Android SDK	2026-06-06T12:22:47.2851590Z /usr/bin/tar: ../../../../../usr/local/lib/android/sdk/platforms/android-34-ext10/data/res/values-mcc310-mnc240-it: Cannot utime: Operation not permitted
build	Cache Android SDK	2026-06-06T12:22:47.2852076Z /usr/bin/tar: ../../../../../usr/local/lib/android/sdk/platforms/android-34-ext10/data/res/values-mcc310-mnc240-it: Cannot change mode to rwxr-xr-x: Operation not permitted
build	Cache Android SDK	2026-06-06T12:22:47.2854336Z /usr/bin/tar: ../../../../../usr/local/lib/android/sdk/platforms/android-34-ext10/data/res/values-mcc440: Cannot utime: Operation not permitted
build	Cache Android SDK	2026-06-06T12:22:47.2854784Z /usr/bin/tar: ../../../../../usr/local/lib/android/sdk/platforms/android-34-ext10/data/res/values-mcc440: Cannot change mode to rwxr-xr-x: Operation not permitted
build	Cache Android SDK	2026-06-06T12:22:47.2857860Z /usr/bin/tar: ../../../../../usr/local/lib/android/sdk/platforms/android-34-ext10/data/res/values-mcc310-mnc310-es: Cannot utime: Operation not permitted
build	Cache Android SDK	2026-06-06T12:22:47.2858336Z /usr/bin/tar: ../../../../../usr/local/lib/android/sdk/platforms/android-34-ext10/data/res/values-mcc310-mnc310-es: Cannot change mode to rwxr-xr-x: Operation not permitted
build	Cache Android SDK	2026-06-06T12:22:47.2862115Z /usr/bin/tar: ../../../../../usr/local/lib/android/sdk/platforms/android-34-ext10/data/res/values-mcc310-mnc560-cs: Cannot utime: Operation not permitted
build	Cache Android SDK	2026-06-06T12:22:47.2862590Z /usr/bin/tar: ../../../../../usr/local/lib/android/sdk/platforms/android-34-ext10/data/res/values-mcc310-mnc560-cs: Cannot change mode to rwxr-xr-x: Operation not permitted
build	Cache Android SDK	2026-06-06T12:22:47.2865434Z /usr/bin/tar: ../../../../../usr/local/lib/android/sdk/platforms/android-34-ext10/data/res/values-mcc310-mnc160-ky: Cannot utime: Operation not permitted
build	Cache Android SDK	2026-06-06T12:22:47.2865920Z /usr/bin/tar: ../../../../../usr/local/lib/android/sdk/platforms/android-34-ext10/data/res/values-mcc310-mnc160-ky: Cannot change mode to rwxr-xr-x: Operation not permitted
build	Cache Android SDK	2026-06-06T12:22:47.2868219Z /usr/bin/tar: ../../../../../usr/local/lib/android/sdk/platforms/android-34-ext10/data/res/values-mcc310-mnc270-mk: Cannot utime: Operation not permitted
build	Cache Android SDK	2026-06-06T12:22:47.2868764Z /usr/bin/tar: ../../../../../usr/local/lib/android/sdk/platforms/android-34-ext10/data/res/values-mcc310-mnc270-mk: Cannot change mode to rwxr-xr-x: Operation not permitted
build	Cache Android SDK	2026-06-06T12:22:47.2871716Z /usr/bin/tar: ../../../../../usr/local/lib/android/sdk/platforms/android-34-ext10/data/res/values-et-watch: Cannot utime: Operation not permitted
build	Cache Android SDK	2026-06-06T12:22:47.2872397Z /usr/bin/tar: ../../../../../usr/local/lib/android/sdk/platforms/android-34-ext10/data/res/values-et-watch: Cannot change mode to rwxr-xr-x: Operation not permitted
build	Cache Android SDK	2026-06-06T12:22:47.2875313Z /usr/bin/tar: ../../../../../usr/local/lib/android/sdk/platforms/android-34-ext10/data/res/values-mcc310-mnc800-da: Cannot utime: Operation not permitted
build	Cache Android SDK	2026-06-06T12:22:47.2875933Z /usr/bin/tar: ../../../../../usr/local/lib/android/sdk/platforms/android-34-ext10/data/res/values-mcc310-mnc800-da: Cannot change mode to rwxr-xr-x: Operation not permitted
build	Cache Android SDK	2026-06-06T12:22:47.2878286Z /usr/bin/tar: ../../../../../usr/local/lib/android/sdk/platforms/android-34-ext10/data/res/values-mcc310-mnc310-sq: Cannot utime: Operation not permitted
build	Cache Android SDK	2026-06-06T12:22:47.2878747Z /usr/bin/tar: ../../../../../usr/local/lib/android/sdk/platforms/android-34-ext10/data/res/values-mcc310-mnc310-sq: Cannot change mode to rwxr-xr-x: Operation not permitted
build	Cache Android SDK	2026-06-06T12:22:47.2881907Z /usr/bin/tar: ../../../../../usr/local/lib/android/sdk/platforms/android-34-ext10/data/res/values-mcc310-mnc310-my: Cannot utime: Operation not permitted
build	Cache Android SDK	2026-06-06T12:22:47.2882388Z /usr/bin/tar: ../../../../../usr/local/lib/android/sdk/platforms/android-34-ext10/data/res/values-mcc310-mnc310-my: Cannot change mode to rwxr-xr-x: Operation not permitted
build	Cache Android SDK	2026-06-06T12:22:47.2884547Z /usr/bin/tar: ../../../../../usr/local/lib/android/sdk/platforms/android-34-ext10/data/res/values-mcc311-mnc180-be: Cannot utime: Operation not permitted
build	Cache Android SDK	2026-06-06T12:22:47.2885024Z /usr/bin/tar: ../../../../../usr/local/lib/android/sdk/platforms/android-34-ext10/data/res/values-mcc311-mnc180-be: Cannot change mode to rwxr-xr-x: Operation not permitted
build	Cache Android SDK	2026-06-06T12:22:47.2887693Z /usr/bin/tar: ../../../../../usr/local/lib/android/sdk/platforms/android-34-ext10/data/res/values-mcc310-mnc490-zu: Cannot utime: Operation not permitted
build	Cache Android SDK	2026-06-06T12:22:47.2888199Z /usr/bin/tar: ../../../../../usr/local/lib/android/sdk/platforms/android-34-ext10/data/res/values-mcc310-mnc490-zu: Cannot change mode to rwxr-xr-x: Operation not permitted
build	Cache Android SDK	2026-06-06T12:22:47.2890552Z /usr/bin/tar: ../../../../../usr/local/lib/android/sdk/platforms/android-34-ext10/data/res/values-mcc310-mnc410-am: Cannot utime: Operation not permitted
build	Cache Android SDK	2026-06-06T12:22:47.2891081Z /usr/bin/tar: ../../../../../usr/local/lib/android/sdk/platforms/android-34-ext10/data/res/values-mcc310-mnc410-am: Cannot change mode to rwxr-xr-x: Operation not permitted
build	Cache Android SDK	2026-06-06T12:22:47.2894644Z /usr/bin/tar: ../../../../../usr/local/lib/android/sdk/platforms/android-34-ext10/data/res/values-mcc310-mnc950-hr: Cannot utime: Operation not permitted
build	Cache Android SDK	2026-06-06T12:22:47.2897334Z /usr/bin/tar: ../../../../../usr/local/lib/android/sdk/platforms/android-34-ext10/data/res/values-mcc310-mnc950-hr: Cannot change mode to rwxr-xr-x: Operation not permitted
build	Cache Android SDK	2026-06-06T12:22:47.2898127Z /usr/bin/tar: ../../../../../usr/local/lib/android/sdk/platforms/android-34-ext10/data/res/values-mcc716-mnc10: Cannot utime: Operation not permitted
build	Cache Android SDK	2026-06-06T12:22:47.2898584Z /usr/bin/tar: ../../../../../usr/local/lib/android/sdk/platforms/android-34-ext10/data/res/values-mcc716-mnc10: Cannot change mode to rwxr-xr-x: Operation not permitted
build	Cache Android SDK	2026-06-06T12:22:47.2900948Z /usr/bin/tar: ../../../../../usr/local/lib/android/sdk/platforms/android-34-ext10/data/res/values-mcc310-mnc280-hr: Cannot utime: Operation not permitted
build	Cache Android SDK	2026-06-06T12:22:47.2901569Z /usr/bin/tar: ../../../../../usr/local/lib/android/sdk/platforms/android-34-ext10/data/res/values-mcc310-mnc280-hr: Cannot change mode to rwxr-xr-x: Operation not permitted
build	Cache Android SDK	2026-06-06T12:22:47.2904555Z /usr/bin/tar: ../../../../../usr/local/lib/android/sdk/platforms/android-34-ext10/data/res/values-mcc310-mnc490-zh-rCN: Cannot utime: Operation not permitted
build	Cache Android SDK	2026-06-06T12:22:47.2905072Z /usr/bin/tar: ../../../../../usr/local/lib/android/sdk/platforms/android-34-ext10/data/res/values-mcc310-mnc490-zh-rCN: Cannot change mode to rwxr-xr-x: Operation not permitted
build	Cache Android SDK	2026-06-06T12:22:47.2908256Z /usr/bin/tar: ../../../../../usr/local/lib/android/sdk/platforms/android-34-ext10/data/res/values-mcc001-mnc01-hi: Cannot utime: Operation not permitted
build	Cache Android SDK	2026-06-06T12:22:47.2912161Z /usr/bin/tar: ../../../../../usr/local/lib/android/sdk/platforms/android-34-ext10/data/res/values-mcc001-mnc01-hi: Cannot change mode to rwxr-xr-x: Operation not permitted
build	Cache Android SDK	2026-06-06T12:22:47.2912934Z /usr/bin/tar: ../../../../../usr/local/lib/android/sdk/platforms/android-34-ext10/data/res/values-mcc310-mnc220-ne: Cannot utime: Operation not permitted
build	Cache Android SDK	2026-06-06T12:22:47.2913953Z /usr/bin/tar: ../../../../../usr/local/lib/android/sdk/platforms/android-34-ext10/data/res/values-mcc310-mnc220-ne: Cannot change mode to rwxr-xr-x: Operation not permitted
build	Cache Android SDK	2026-06-06T12:22:47.2914608Z /usr/bin/tar: ../../../../../usr/local/lib/android/sdk/platforms/android-34-ext10/data/res/values-de-rAT: Cannot utime: Operation not permitted
build	Cache Android SDK	2026-06-06T12:22:47.2915065Z /usr/bin/tar: ../../../../../usr/local/lib/android/sdk/platforms/android-34-ext10/data/res/values-de-rAT: Cannot change mode to rwxr-xr-x: Operation not permitted
build	Cache Android SDK	2026-06-06T12:22:47.2918374Z /usr/bin/tar: ../../../../../usr/local/lib/android/sdk/platforms/android-34-ext10/data/res/values-mcc310-mnc030-es: Cannot utime: Operation not permitted
build	Cache Android SDK	2026-06-06T12:22:47.2918908Z /usr/bin/tar: ../../../../../usr/local/lib/android/sdk/platforms/android-34-ext10/data/res/values-mcc310-mnc030-es: Cannot change mode to rwxr-xr-x: Operation not permitted
build	Cache Android SDK	2026-06-06T12:22:47.2921713Z /usr/bin/tar: ../../../../../usr/local/lib/android/sdk/platforms/android-34-ext10/data/res/values-mcc001-mnc01-es: Cannot utime: Operation not permitted
build	Cache Android SDK	2026-06-06T12:22:47.2925666Z /usr/bin/tar: ../../../../../usr/local/lib/android/sdk/platforms/android-34-ext10/data/res/values-mcc001-mnc01-es: Cannot change mode to rwxr-xr-x: Operation not permitted
build	Cache Android SDK	2026-06-06T12:22:47.2926085Z /usr/bin/tar: ../../../../../usr/local/lib/android/sdk/platforms/android-34-ext10/data/res/values-mcc310-mnc270-el: Cannot utime: Operation not permitted
build	Cache Android SDK	2026-06-06T12:22:47.2926540Z /usr/bin/tar: ../../../../../usr/local/lib/android/sdk/platforms/android-34-ext10/data/res/values-mcc310-mnc270-el: Cannot change mode to rwxr-xr-x: Operation not permitted
build	Cache Android SDK	2026-06-06T12:22:47.2930896Z /usr/bin/tar: ../../../../../usr/local/lib/android/sdk/platforms/android-34-ext10/data/res/values-mcc310-mnc410-en-rIN: Cannot utime: Operation not permitted
build	Cache Android SDK	2026-06-06T12:22:47.2931481Z /usr/bin/tar: ../../../../../usr/local/lib/android/sdk/platforms/android-34-ext10/data/res/values-mcc310-mnc410-en-rIN: Cannot change mode to rwxr-xr-x: Operation not permitted
build	Cache Android SDK	2026-06-06T12:22:47.2934813Z /usr/bin/tar: ../../../../../usr/local/lib/android/sdk/platforms/android-34-ext10/data/res/values-mcc311-mnc180-tl: Cannot utime: Operation not permitted
build	Cache Android SDK	2026-06-06T12:22:47.2935288Z /usr/bin/tar: ../../../../../usr/local/lib/android/sdk/platforms/android-34-ext10/data/res/values-mcc311-mnc180-tl: Cannot change mode to rwxr-xr-x: Operation not permitted
build	Cache Android SDK	2026-06-06T12:22:47.2938455Z /usr/bin/tar: ../../../../../usr/local/lib/android/sdk/platforms/android-34-ext10/data/res/values-mcc310-mnc210-en-rIN: Cannot utime: Operation not permitted
build	Cache Android SDK	2026-06-06T12:22:47.2938948Z /usr/bin/tar: ../../../../../usr/local/lib/android/sdk/platforms/android-34-ext10/data/res/values-mcc310-mnc210-en-rIN: Cannot change mode to rwxr-xr-x: Operation not permitted
build	Cache Android SDK	2026-06-06T12:22:47.2942167Z /usr/bin/tar: ../../../../../usr/local/lib/android/sdk/platforms/android-34-ext10/data/res/values-mcc312-mnc670-kn: Cannot utime: Operation not permitted
build	Cache Android SDK	2026-06-06T12:22:47.2942780Z /usr/bin/tar: ../../../../../usr/local/lib/android/sdk/platforms/android-34-ext10/data/res/values-mcc312-mnc670-kn: Cannot change mode to rwxr-xr-x: Operation not permitted
build	Cache Android SDK	2026-06-06T12:22:47.2945544Z /usr/bin/tar: ../../../../../usr/local/lib/android/sdk/platforms/android-34-ext10/data/res/values-ro-television: Cannot utime: Operation not permitted
build	Cache Android SDK	2026-06-06T12:22:47.2946538Z /usr/bin/tar: ../../../../../usr/local/lib/android/sdk/platforms/android-34-ext10/data/res/values-ro-television: Cannot change mode to rwxr-xr-x: Operation not permitted
build	Cache Android SDK	2026-06-06T12:22:47.2949166Z /usr/bin/tar: ../../../../../usr/local/lib/android/sdk/platforms/android-34-ext10/data/res/values-mcc310-mnc210-pt-rPT: Cannot utime: Operation not permitted
build	Cache Android SDK	2026-06-06T12:22:47.2949807Z /usr/bin/tar: ../../../../../usr/local/lib/android/sdk/platforms/android-34-ext10/data/res/values-mcc310-mnc210-pt-rPT: Cannot change mode to rwxr-xr-x: Operation not permitted
build	Cache Android SDK	2026-06-06T12:22:47.2953579Z /usr/bin/tar: ../../../../../usr/local/lib/android/sdk/platforms/android-34-ext10/data/res/values-vi-rVN: Cannot utime: Operation not permitted
build	Cache Android SDK	2026-06-06T12:22:47.2954170Z /usr/bin/tar: ../../../../../usr/local/lib/android/sdk/platforms/android-34-ext10/data/res/values-vi-rVN: Cannot change mode to rwxr-xr-x: Operation not permitted
build	Cache Android SDK	2026-06-06T12:22:47.2956839Z /usr/bin/tar: ../../../../../usr/local/lib/android/sdk/platforms/android-34-ext10/data/res/values-mcc302-mnc720-el: Cannot utime: Operation not permitted
build	Cache Android SDK	2026-06-06T12:22:47.2957644Z /usr/bin/tar: ../../../../../usr/local/lib/android/sdk/platforms/android-34-ext10/data/res/values-mcc302-mnc720-el: Cannot change mode to rwxr-xr-x: Operation not permitted
build	Cache Android SDK	2026-06-06T12:22:47.2960026Z /usr/bin/tar: ../../../../../usr/local/lib/android/sdk/platforms/android-34-ext10/data/res/values-mcc310-mnc270-sw: Cannot utime: Operation not permitted
build	Cache Android SDK	2026-06-06T12:22:47.2960741Z /usr/bin/tar: ../../../../../usr/local/lib/android/sdk/platforms/android-34-ext10/data/res/values-mcc310-mnc270-sw: Cannot change mode to rwxr-xr-x: Operation not permitted
build	Cache Android SDK	2026-06-06T12:22:47.2968107Z /usr/bin/tar: ../../../../../usr/local/lib/android/sdk/platforms/android-34-ext10/data/res/values-pt-rPT: Cannot utime: Operation not permitted
build	Cache Android SDK	2026-06-06T12:22:47.2969024Z /usr/bin/tar: ../../../../../usr/local/lib/android/sdk/platforms/android-34-ext10/data/res/values-pt-rPT: Cannot change mode to rwxr-xr-x: Operation not permitted
build	Cache Android SDK	2026-06-06T12:22:47.2970219Z /usr/bin/tar: ../../../../../usr/local/lib/android/sdk/platforms/android-34-ext10/data/res/values-mcc334-mnc020-sv: Cannot utime: Operation not permitted
build	Cache Android SDK	2026-06-06T12:22:47.2970697Z /usr/bin/tar: ../../../../../usr/local/lib/android/sdk/platforms/android-34-ext10/data/res/values-mcc334-mnc020-sv: Cannot change mode to rwxr-xr-x: Operation not permitted
build	Cache Android SDK	2026-06-06T12:22:47.2973718Z /usr/bin/tar: ../../../../../usr/local/lib/android/sdk/platforms/android-34-ext10/data/res/values-mcc530-mnc05: Cannot utime: Operation not permitted
build	Cache Android SDK	2026-06-06T12:22:47.2974200Z /usr/bin/tar: ../../../../../usr/local/lib/android/sdk/platforms/android-34-ext10/data/res/values-mcc530-mnc05: Cannot change mode to rwxr-xr-x: Operation not permitted
build	Cache Android SDK	2026-06-06T12:22:47.2976415Z /usr/bin/tar: ../../../../../usr/local/lib/android/sdk/platforms/android-34-ext10/data/res/values-mcc310-mnc030-uk: Cannot utime: Operation not permitted
build	Cache Android SDK	2026-06-06T12:22:47.2976898Z /usr/bin/tar: ../../../../../usr/local/lib/android/sdk/platforms/android-34-ext10/data/res/values-mcc310-mnc030-uk: Cannot change mode to rwxr-xr-x: Operation not permitted
build	Cache Android SDK	2026-06-06T12:22:47.2979414Z /usr/bin/tar: ../../../../../usr/local/lib/android/sdk/platforms/android-34-ext10/data/res/values-mcc310-mnc030-hy: Cannot utime: Operation not permitted
build	Cache Android SDK	2026-06-06T12:22:47.2979890Z /usr/bin/tar: ../../../../../usr/local/lib/android/sdk/platforms/android-34-ext10/data/res/values-mcc310-mnc030-hy: Cannot change mode to rwxr-xr-x: Operation not permitted
build	Cache Android SDK	2026-06-06T12:22:47.2982747Z /usr/bin/tar: ../../../../../usr/local/lib/android/sdk/platforms/android-34-ext10/data/res/values-mcc310-mnc950-kk: Cannot utime: Operation not permitted
build	Cache Android SDK	2026-06-06T12:22:47.2983224Z /usr/bin/tar: ../../../../../usr/local/lib/android/sdk/platforms/android-34-ext10/data/res/values-mcc310-mnc950-kk: Cannot change mode to rwxr-xr-x: Operation not permitted
build	Cache Android SDK	2026-06-06T12:22:47.2987709Z /usr/bin/tar: ../../../../../usr/local/lib/android/sdk/platforms/android-34-ext10/data/res/values-mcc310-mnc170-ne: Cannot utime: Operation not permitted
build	Cache Android SDK	2026-06-06T12:22:47.2988185Z /usr/bin/tar: ../../../../../usr/local/lib/android/sdk/platforms/android-34-ext10/data/res/values-mcc310-mnc170-ne: Cannot change mode to rwxr-xr-x: Operation not permitted
build	Cache Android SDK	2026-06-06T12:22:47.2990679Z /usr/bin/tar: ../../../../../usr/local/lib/android/sdk/platforms/android-34-ext10/data/res/values-mcc310-mnc150-lt: Cannot utime: Operation not permitted
build	Cache Android SDK	2026-06-06T12:22:47.2991156Z /usr/bin/tar: ../../../../../usr/local/lib/android/sdk/platforms/android-34-ext10/data/res/values-mcc310-mnc150-lt: Cannot change mode to rwxr-xr-x: Operation not permitted
build	Cache Android SDK	2026-06-06T12:22:47.2993480Z /usr/bin/tar: ../../../../../usr/local/lib/android/sdk/platforms/android-34-ext10/data/res/values-mcc310-mnc240-iw: Cannot utime: Operation not permitted
build	Cache Android SDK	2026-06-06T12:22:47.2993955Z /usr/bin/tar: ../../../../../usr/local/lib/android/sdk/platforms/android-34-ext10/data/res/values-mcc310-mnc240-iw: Cannot change mode to rwxr-xr-x: Operation not permitted
build	Cache Android SDK	2026-06-06T12:22:47.2996928Z /usr/bin/tar: ../../../../../usr/local/lib/android/sdk/platforms/android-34-ext10/data/res/values-mcc310-mnc240-sr: Cannot utime: Operation not permitted
build	Cache Android SDK	2026-06-06T12:22:47.2997566Z /usr/bin/tar: ../../../../../usr/local/lib/android/sdk/platforms/android-34-ext10/data/res/values-mcc310-mnc240-sr: Cannot change mode to rwxr-xr-x: Operation not permitted
build	Cache Android SDK	2026-06-06T12:22:47.2999893Z /usr/bin/tar: ../../../../../usr/local/lib/android/sdk/platforms/android-34-ext10/data/res/values-w240dp: Cannot utime: Operation not permitted
build	Cache Android SDK	2026-06-06T12:22:47.3000363Z /usr/bin/tar: ../../../../../usr/local/lib/android/sdk/platforms/android-34-ext10/data/res/values-w240dp: Cannot change mode to rwxr-xr-x: Operation not permitted
build	Cache Android SDK	2026-06-06T12:22:47.3002556Z /usr/bin/tar: ../../../../../usr/local/lib/android/sdk/platforms/android-34-ext10/data/res/values-mcc310-mnc240-zh-rCN: Cannot utime: Operation not permitted
build	Cache Android SDK	2026-06-06T12:22:47.3003053Z /usr/bin/tar: ../../../../../usr/local/lib/android/sdk/platforms/android-34-ext10/data/res/values-mcc310-mnc240-zh-rCN: Cannot change mode to rwxr-xr-x: Operation not permitted
build	Cache Android SDK	2026-06-06T12:22:47.3005253Z /usr/bin/tar: ../../../../../usr/local/lib/android/sdk/platforms/android-34-ext10/data/res/values-mcc310-mnc380-tr: Cannot utime: Operation not permitted
build	Cache Android SDK	2026-06-06T12:22:47.3005719Z /usr/bin/tar: ../../../../../usr/local/lib/android/sdk/platforms/android-34-ext10/data/res/values-mcc310-mnc380-tr: Cannot change mode to rwxr-xr-x: Operation not permitted
build	Cache Android SDK	2026-06-06T12:22:47.3008267Z /usr/bin/tar: ../../../../../usr/local/lib/android/sdk/platforms/android-34-ext10/data/res/values-mcc310-mnc250-nb: Cannot utime: Operation not permitted
build	Cache Android SDK	2026-06-06T12:22:47.3008750Z /usr/bin/tar: ../../../../../usr/local/lib/android/sdk/platforms/android-34-ext10/data/res/values-mcc310-mnc250-nb: Cannot change mode to rwxr-xr-x: Operation not permitted
build	Cache Android SDK	2026-06-06T12:22:47.3011829Z /usr/bin/tar: ../../../../../usr/local/lib/android/sdk/platforms/android-34-ext10/data/res/drawable-en-ldpi: Cannot utime: Operation not permitted
build	Cache Android SDK	2026-06-06T12:22:47.3012295Z /usr/bin/tar: ../../../../../usr/local/lib/android/sdk/platforms/android-34-ext10/data/res/drawable-en-ldpi: Cannot change mode to rwxr-xr-x: Operation not permitted
build	Cache Android SDK	2026-06-06T12:22:47.3014906Z /usr/bin/tar: ../../../../../usr/local/lib/android/sdk/platforms/android-34-ext10/data/res/values-mcc334-mnc020-gl: Cannot utime: Operation not permitted
build	Cache Android SDK	2026-06-06T12:22:47.3015385Z /usr/bin/tar: ../../../../../usr/local/lib/android/sdk/platforms/android-34-ext10/data/res/values-mcc334-mnc020-gl: Cannot change mode to rwxr-xr-x: Operation not permitted
build	Cache Android SDK	2026-06-06T12:22:47.3018253Z /usr/bin/tar: ../../../../../usr/local/lib/android/sdk/platforms/android-34-ext10/data/res/values-mcc310-mnc170-fr: Cannot utime: Operation not permitted
build	Cache Android SDK	2026-06-06T12:22:47.3018729Z /usr/bin/tar: ../../../../../usr/local/lib/android/sdk/platforms/android-34-ext10/data/res/values-mcc310-mnc170-fr: Cannot change mode to rwxr-xr-x: Operation not permitted
build	Cache Android SDK	2026-06-06T12:22:47.3021280Z /usr/bin/tar: ../../../../../usr/local/lib/android/sdk/platforms/android-34-ext10/data/res/values-mcc310-mnc280-eu: Cannot utime: Operation not permitted
build	Cache Android SDK	2026-06-06T12:22:47.3021751Z /usr/bin/tar: ../../../../../usr/local/lib/android/sdk/platforms/android-34-ext10/data/res/values-mcc310-mnc280-eu: Cannot change mode to rwxr-xr-x: Operation not permitted
build	Cache Android SDK	2026-06-06T12:22:47.3024195Z /usr/bin/tar: ../../../../../usr/local/lib/android/sdk/platforms/android-34-ext10/data/res/values-mcc310-mnc270-si: Cannot utime: Operation not permitted
build	Cache Android SDK	2026-06-06T12:22:47.3024794Z /usr/bin/tar: ../../../../../usr/local/lib/android/sdk/platforms/android-34-ext10/data/res/values-mcc310-mnc270-si: Cannot change mode to rwxr-xr-x: Operation not permitted
build	Cache Android SDK	2026-06-06T12:22:47.3026931Z /usr/bin/tar: ../../../../../usr/local/lib/android/sdk/platforms/android-34-ext10/data/res/values-mcc310-mnc380-my: Cannot utime: Operation not permitted
build	Cache Android SDK	2026-06-06T12:22:47.3027545Z /usr/bin/tar: ../../../../../usr/local/lib/android/sdk/platforms/android-34-ext10/data/res/values-mcc310-mnc380-my: Cannot change mode to rwxr-xr-x: Operation not permitted
build	Cache Android SDK	2026-06-06T12:22:47.3029892Z /usr/bin/tar: ../../../../../usr/local/lib/android/sdk/platforms/android-34-ext10/data/res/values-mcc311-mnc180-fi: Cannot utime: Operation not permitted
build	Cache Android SDK	2026-06-06T12:22:47.3030358Z /usr/bin/tar: ../../../../../usr/local/lib/android/sdk/platforms/android-34-ext10/data/res/values-mcc311-mnc180-fi: Cannot change mode to rwxr-xr-x: Operation not permitted
build	Cache Android SDK	2026-06-06T12:22:47.3033760Z /usr/bin/tar: ../../../../../usr/local/lib/android/sdk/platforms/android-34-ext10/data/res/values-mcc310-mnc150-el: Cannot utime: Operation not permitted
build	Cache Android SDK	2026-06-06T12:22:47.3034234Z /usr/bin/tar: ../../../../../usr/local/lib/android/sdk/platforms/android-34-ext10/data/res/values-mcc310-mnc150-el: Cannot change mode to rwxr-xr-x: Operation not permitted
build	Cache Android SDK	2026-06-06T12:22:47.3036818Z /usr/bin/tar: ../../../../../usr/local/lib/android/sdk/platforms/android-34-ext10/data/res/values-ldrtl-television: Cannot utime: Operation not permitted
build	Cache Android SDK	2026-06-06T12:22:47.3037300Z /usr/bin/tar: ../../../../../usr/local/lib/android/sdk/platforms/android-34-ext10/data/res/values-ldrtl-television: Cannot change mode to rwxr-xr-x: Operation not permitted
build	Cache Android SDK	2026-06-06T12:22:47.3040547Z /usr/bin/tar: ../../../../../usr/local/lib/android/sdk/platforms/android-34-ext10/data/res/values-nb-watch: Cannot utime: Operation not permitted
build	Cache Android SDK	2026-06-06T12:22:47.3041008Z /usr/bin/tar: ../../../../../usr/local/lib/android/sdk/platforms/android-34-ext10/data/res/values-nb-watch: Cannot change mode to rwxr-xr-x: Operation not permitted
build	Cache Android SDK	2026-06-06T12:22:47.3043852Z /usr/bin/tar: ../../../../../usr/local/lib/android/sdk/platforms/android-34-ext10/data/res/values-mcc310-mnc490: Cannot utime: Operation not permitted
build	Cache Android SDK	2026-06-06T12:22:47.3044326Z /usr/bin/tar: ../../../../../usr/local/lib/android/sdk/platforms/android-34-ext10/data/res/values-mcc310-mnc490: Cannot change mode to rwxr-xr-x: Operation not permitted
build	Cache Android SDK	2026-06-06T12:22:47.3047039Z /usr/bin/tar: ../../../../../usr/local/lib/android/sdk/platforms/android-34-ext10/data/res/values-mcc310-mnc230-gu: Cannot utime: Operation not permitted
build	Cache Android SDK	2026-06-06T12:22:47.3047717Z /usr/bin/tar: ../../../../../usr/local/lib/android/sdk/platforms/android-34-ext10/data/res/values-mcc310-mnc230-gu: Cannot change mode to rwxr-xr-x: Operation not permitted
build	Cache Android SDK	2026-06-06T12:22:47.3050021Z /usr/bin/tar: ../../../../../usr/local/lib/android/sdk/platforms/android-34-ext10/data/res/values-mcc310-mnc230-lv: Cannot utime: Operation not permitted
build	Cache Android SDK	2026-06-06T12:22:47.3050591Z /usr/bin/tar: ../../../../../usr/local/lib/android/sdk/platforms/android-34-ext10/data/res/values-mcc310-mnc230-lv: Cannot change mode to rwxr-xr-x: Operation not permitted
build	Cache Android SDK	2026-06-06T12:22:47.3053817Z /usr/bin/tar: ../../../../../usr/local/lib/android/sdk/platforms/android-34-ext10/data/res/values-mcc310-mnc410-bs: Cannot utime: Operation not permitted
build	Cache Android SDK	2026-06-06T12:22:47.3054294Z /usr/bin/tar: ../../../../../usr/local/lib/android/sdk/platforms/android-34-ext10/data/res/values-mcc310-mnc410-bs: Cannot change mode to rwxr-xr-x: Operation not permitted
build	Cache Android SDK	2026-06-06T12:22:47.3056695Z /usr/bin/tar: ../../../../../usr/local/lib/android/sdk/platforms/android-34-ext10/data/res/values-mcc302-mnc370-pt: Cannot utime: Operation not permitted
build	Cache Android SDK	2026-06-06T12:22:47.3057168Z /usr/bin/tar: ../../../../../usr/local/lib/android/sdk/platforms/android-34-ext10/data/res/values-mcc302-mnc370-pt: Cannot change mode to rwxr-xr-x: Operation not permitted
build	Cache Android SDK	2026-06-06T12:22:47.3059927Z /usr/bin/tar: ../../../../../usr/local/lib/android/sdk/platforms/android-34-ext10/data/res/raw-ja: Cannot utime: Operation not permitted
build	Cache Android SDK	2026-06-06T12:22:47.3060445Z /usr/bin/tar: ../../../../../usr/local/lib/android/sdk/platforms/android-34-ext10/data/res/raw-ja: Cannot change mode to rwxr-xr-x: Operation not permitted
build	Cache Android SDK	2026-06-06T12:22:47.3063000Z /usr/bin/tar: ../../../../../usr/local/lib/android/sdk/platforms/android-34-ext10/data/res/values-mcc310-mnc270-ne: Cannot utime: Operation not permitted
build	Cache Android SDK	2026-06-06T12:22:47.3063468Z /usr/bin/tar: ../../../../../usr/local/lib/android/sdk/platforms/android-34-ext10/data/res/values-mcc310-mnc270-ne: Cannot change mode to rwxr-xr-x: Operation not permitted
build	Cache Android SDK	2026-06-06T12:22:47.3065885Z /usr/bin/tar: ../../../../../usr/local/lib/android/sdk/platforms/android-34-ext10/data/res/values-mcc310-mnc150-sl: Cannot utime: Operation not permitted
build	Cache Android SDK	2026-06-06T12:22:47.3066441Z /usr/bin/tar: ../../../../../usr/local/lib/android/sdk/platforms/android-34-ext10/data/res/values-mcc310-mnc150-sl: Cannot change mode to rwxr-xr-x: Operation not permitted
build	Cache Android SDK	2026-06-06T12:22:47.3069175Z /usr/bin/tar: ../../../../../usr/local/lib/android/sdk/platforms/android-34-ext10/data/res/values-mcc310-mnc380-de: Cannot utime: Operation not permitted
build	Cache Android SDK	2026-06-06T12:22:47.3069725Z /usr/bin/tar: ../../../../../usr/local/lib/android/sdk/platforms/android-34-ext10/data/res/values-mcc310-mnc380-de: Cannot change mode to rwxr-xr-x: Operation not permitted
build	Cache Android SDK	2026-06-06T12:22:47.3072264Z /usr/bin/tar: ../../../../../usr/local/lib/android/sdk/platforms/android-34-ext10/data/res/values-mcc310-mnc950-hu: Cannot utime: Operation not permitted
build	Cache Android SDK	2026-06-06T12:22:47.3072731Z /usr/bin/tar: ../../../../../usr/local/lib/android/sdk/platforms/android-34-ext10/data/res/values-mcc310-mnc950-hu: Cannot change mode to rwxr-xr-x: Operation not permitted
build	Cache Android SDK	2026-06-06T12:22:47.3075403Z /usr/bin/tar: ../../../../../usr/local/lib/android/sdk/platforms/android-34-ext10/data/res/values-mcc310-mnc230-pa: Cannot utime: Operation not permitted
build	Cache Android SDK	2026-06-06T12:22:47.3075885Z /usr/bin/tar: ../../../../../usr/local/lib/android/sdk/platforms/android-34-ext10/data/res/values-mcc310-mnc230-pa: Cannot change mode to rwxr-xr-x: Operation not permitted
build	Cache Android SDK	2026-06-06T12:22:47.3078696Z /usr/bin/tar: ../../../../../usr/local/lib/android/sdk/platforms/android-34-ext10/data/res/values-w320dp: Cannot utime: Operation not permitted
build	Cache Android SDK	2026-06-06T12:22:47.3079191Z /usr/bin/tar: ../../../../../usr/local/lib/android/sdk/platforms/android-34-ext10/data/res/values-w320dp: Cannot change mode to rwxr-xr-x: Operation not permitted
build	Cache Android SDK	2026-06-06T12:22:47.3081648Z /usr/bin/tar: ../../../../../usr/local/lib/android/sdk/platforms/android-34-ext10/data/res/values-mcc310-mnc270-kk: Cannot utime: Operation not permitted
build	Cache Android SDK	2026-06-06T12:22:47.3082177Z /usr/bin/tar: ../../../../../usr/local/lib/android/sdk/platforms/android-34-ext10/data/res/values-mcc310-mnc270-kk: Cannot change mode to rwxr-xr-x: Operation not permitted
build	Cache Android SDK	2026-06-06T12:22:47.3084942Z /usr/bin/tar: ../../../../../usr/local/lib/android/sdk/platforms/android-34-ext10/data/res/values-mcc313-mnc100-nb: Cannot utime: Operation not permitted
build	Cache Android SDK	2026-06-06T12:22:47.3100614Z /usr/bin/tar: ../../../../../usr/local/lib/android/sdk/platforms/android-34-ext10/data/res/values-mcc313-mnc100-nb: Cannot change mode to rwxr-xr-x: Operation not permitted
build	Cache Android SDK	2026-06-06T12:22:47.3101297Z /usr/bin/tar: ../../../../../usr/local/lib/android/sdk/platforms/android-34-ext10/data/res/values-mcc310-mnc250-ky: Cannot utime: Operation not permitted
build	Cache Android SDK	2026-06-06T12:22:47.3101930Z /usr/bin/tar: ../../../../../usr/local/lib/android/sdk/platforms/android-34-ext10/data/res/values-mcc310-mnc250-ky: Cannot change mode to rwxr-xr-x: Operation not permitted
build	Cache Android SDK	2026-06-06T12:22:47.3102511Z /usr/bin/tar: ../../../../../usr/local/lib/android/sdk/platforms/android-34-ext10/data/res/values-mcc310-mnc800-gu: Cannot utime: Operation not permitted
build	Cache Android SDK	2026-06-06T12:22:47.3103163Z /usr/bin/tar: ../../../../../usr/local/lib/android/sdk/platforms/android-34-ext10/data/res/values-mcc310-mnc800-gu: Cannot change mode to rwxr-xr-x: Operation not permitted
build	Cache Android SDK	2026-06-06T12:22:47.3103742Z /usr/bin/tar: ../../../../../usr/local/lib/android/sdk/platforms/android-34-ext10/data/res/values-mcc310-mnc200-sv: Cannot utime: Operation not permitted
build	Cache Android SDK	2026-06-06T12:22:47.3104206Z /usr/bin/tar: ../../../../../usr/local/lib/android/sdk/platforms/android-34-ext10/data/res/values-mcc310-mnc200-sv: Cannot change mode to rwxr-xr-x: Operation not permitted
build	Cache Android SDK	2026-06-06T12:22:47.3104714Z /usr/bin/tar: ../../../../../usr/local/lib/android/sdk/platforms/android-34-ext10/data/res/values-mcc334-mnc020-en-rGB: Cannot utime: Operation not permitted
build	Cache Android SDK	2026-06-06T12:22:47.3105374Z /usr/bin/tar: ../../../../../usr/local/lib/android/sdk/platforms/android-34-ext10/data/res/values-mcc334-mnc020-en-rGB: Cannot change mode to rwxr-xr-x: Operation not permitted
build	Cache Android SDK	2026-06-06T12:22:47.3106105Z /usr/bin/tar: ../../../../../usr/local/lib/android/sdk/platforms/android-34-ext10/data/res/values-mcc302-mnc720-en-rIN: Cannot utime: Operation not permitted
build	Cache Android SDK	2026-06-06T12:22:47.3106778Z /usr/bin/tar: ../../../../../usr/local/lib/android/sdk/platforms/android-34-ext10/data/res/values-mcc302-mnc720-en-rIN: Cannot change mode to rwxr-xr-x: Operation not permitted
build	Cache Android SDK	2026-06-06T12:22:47.3107149Z /usr/bin/tar: ../../../../../usr/local/lib/android/sdk/platforms/android-34-ext10/data/res/xml-en: Cannot utime: Operation not permitted
build	Cache Android SDK	2026-06-06T12:22:47.3107809Z /usr/bin/tar: ../../../../../usr/local/lib/android/sdk/platforms/android-34-ext10/data/res/xml-en: Cannot change mode to rwxr-xr-x: Operation not permitted
build	Cache Android SDK	2026-06-06T12:22:47.3110049Z /usr/bin/tar: ../../../../../usr/local/lib/android/sdk/platforms/android-34-ext10/data/res/values-mcc310-mnc950-es-rUS: Cannot utime: Operation not permitted
build	Cache Android SDK	2026-06-06T12:22:47.3110760Z /usr/bin/tar: ../../../../../usr/local/lib/android/sdk/platforms/android-34-ext10/data/res/values-mcc310-mnc950-es-rUS: Cannot change mode to rwxr-xr-x: Operation not permitted
build	Cache Android SDK	2026-06-06T12:22:47.3112473Z /usr/bin/tar: ../../../../../usr/local/lib/android/sdk/platforms/android-34-ext10/data/res/values-mcc310-mnc950-tr: Cannot utime: Operation not permitted
build	Cache Android SDK	2026-06-06T12:22:47.3115510Z /usr/bin/tar: ../../../../../usr/local/lib/android/sdk/platforms/android-34-ext10/data/res/values-mcc310-mnc950-tr: Cannot change mode to rwxr-xr-x: Operation not permitted
build	Cache Android SDK	2026-06-06T12:22:47.3115927Z /usr/bin/tar: ../../../../../usr/local/lib/android/sdk/platforms/android-34-ext10/data/res/values-mcc310-mnc200-de: Cannot utime: Operation not permitted
build	Cache Android SDK	2026-06-06T12:22:47.3116391Z /usr/bin/tar: ../../../../../usr/local/lib/android/sdk/platforms/android-34-ext10/data/res/values-mcc310-mnc200-de: Cannot change mode to rwxr-xr-x: Operation not permitted
build	Cache Android SDK	2026-06-06T12:22:47.3118761Z /usr/bin/tar: ../../../../../usr/local/lib/android/sdk/platforms/android-34-ext10/data/res/values-is-watch: Cannot utime: Operation not permitted
build	Cache Android SDK	2026-06-06T12:22:47.3119208Z /usr/bin/tar: ../../../../../usr/local/lib/android/sdk/platforms/android-34-ext10/data/res/values-is-watch: Cannot change mode to rwxr-xr-x: Operation not permitted
build	Cache Android SDK	2026-06-06T12:22:47.3123846Z /usr/bin/tar: ../../../../../usr/local/lib/android/sdk/platforms/android-34-ext10/data/res/values-mcc310-mnc660-lo: Cannot utime: Operation not permitted
build	Cache Android SDK	2026-06-06T12:22:47.3124317Z /usr/bin/tar: ../../../../../usr/local/lib/android/sdk/platforms/android-34-ext10/data/res/values-mcc310-mnc660-lo: Cannot change mode to rwxr-xr-x: Operation not permitted
build	Cache Android SDK	2026-06-06T12:22:47.3126658Z /usr/bin/tar: ../../../../../usr/local/lib/android/sdk/platforms/android-34-ext10/data/res/values-mcc310-mnc380-or: Cannot utime: Operation not permitted
build	Cache Android SDK	2026-06-06T12:22:47.3127123Z /usr/bin/tar: ../../../../../usr/local/lib/android/sdk/platforms/android-34-ext10/data/res/values-mcc310-mnc380-or: Cannot change mode to rwxr-xr-x: Operation not permitted
build	Cache Android SDK	2026-06-06T12:22:47.3129630Z /usr/bin/tar: ../../../../../usr/local/lib/android/sdk/platforms/android-34-ext10/data/res/values-mcc334-mnc020-ky: Cannot utime: Operation not permitted
build	Cache Android SDK	2026-06-06T12:22:47.3130200Z /usr/bin/tar: ../../../../../usr/local/lib/android/sdk/platforms/android-34-ext10/data/res/values-mcc334-mnc020-ky: Cannot change mode to rwxr-xr-x: Operation not permitted
build	Cache Android SDK	2026-06-06T12:22:47.3132411Z /usr/bin/tar: ../../../../../usr/local/lib/android/sdk/platforms/android-34-ext10/data/res/values-mcc334-mnc020-pt-rPT: Cannot utime: Operation not permitted
build	Cache Android SDK	2026-06-06T12:22:47.3132897Z /usr/bin/tar: ../../../../../usr/local/lib/android/sdk/platforms/android-34-ext10/data/res/values-mcc334-mnc020-pt-rPT: Cannot change mode to rwxr-xr-x: Operation not permitted
build	Cache Android SDK	2026-06-06T12:22:47.3136115Z /usr/bin/tar: ../../../../../usr/local/lib/android/sdk/platforms/android-34-ext10/data/res/values-mcc310-mnc250-en-rIN: Cannot utime: Operation not permitted
build	Cache Android SDK	2026-06-06T12:22:47.3136600Z /usr/bin/tar: ../../../../../usr/local/lib/android/sdk/platforms/android-34-ext10/data/res/values-mcc310-mnc250-en-rIN: Cannot change mode to rwxr-xr-x: Operation not permitted
build	Cache Android SDK	2026-06-06T12:22:47.3139169Z /usr/bin/tar: ../../../../../usr/local/lib/android/sdk/platforms/android-34-ext10/data/res/values-mcc466-mnc03: Cannot utime: Operation not permitted
build	Cache Android SDK	2026-06-06T12:22:47.3139644Z /usr/bin/tar: ../../../../../usr/local/lib/android/sdk/platforms/android-34-ext10/data/res/values-mcc466-mnc03: Cannot change mode to rwxr-xr-x: Operation not permitted
build	Cache Android SDK	2026-06-06T12:22:47.3142813Z /usr/bin/tar: ../../../../../usr/local/lib/android/sdk/platforms/android-34-ext10/data/res/values-mcc310-mnc200-fr-rCA: Cannot utime: Operation not permitted
build	Cache Android SDK	2026-06-06T12:22:47.3143392Z /usr/bin/tar: ../../../../../usr/local/lib/android/sdk/platforms/android-34-ext10/data/res/values-mcc310-mnc200-fr-rCA: Cannot change mode to rwxr-xr-x: Operation not permitted
build	Cache Android SDK	2026-06-06T12:22:47.3145939Z /usr/bin/tar: ../../../../../usr/local/lib/android/sdk/platforms/android-34-ext10/data/res/values-mcc340-mnc01: Cannot utime: Operation not permitted
build	Cache Android SDK	2026-06-06T12:22:47.3146426Z /usr/bin/tar: ../../../../../usr/local/lib/android/sdk/platforms/android-34-ext10/data/res/values-mcc340-mnc01: Cannot change mode to rwxr-xr-x: Operation not permitted
build	Cache Android SDK	2026-06-06T12:22:47.3148927Z /usr/bin/tar: ../../../../../usr/local/lib/android/sdk/platforms/android-34-ext10/data/res/values-mcc310-mnc240-kn: Cannot utime: Operation not permitted
build	Cache Android SDK	2026-06-06T12:22:47.3149765Z /usr/bin/tar: ../../../../../usr/local/lib/android/sdk/platforms/android-34-ext10/data/res/values-mcc310-mnc240-kn: Cannot change mode to rwxr-xr-x: Operation not permitted
build	Cache Android SDK	2026-06-06T12:22:47.3154256Z /usr/bin/tar: ../../../../../usr/local/lib/android/sdk/platforms/android-34-ext10/data/res/values-land: Cannot utime: Operation not permitted
build	Cache Android SDK	2026-06-06T12:22:47.3154716Z /usr/bin/tar: ../../../../../usr/local/lib/android/sdk/platforms/android-34-ext10/data/res/values-land: Cannot change mode to rwxr-xr-x: Operation not permitted
build	Cache Android SDK	2026-06-06T12:22:47.3156831Z /usr/bin/tar: ../../../../../usr/local/lib/android/sdk/platforms/android-34-ext10/data/res/values-mcc302-mnc370-ka: Cannot utime: Operation not permitted
build	Cache Android SDK	2026-06-06T12:22:47.3157624Z /usr/bin/tar: ../../../../../usr/local/lib/android/sdk/platforms/android-34-ext10/data/res/values-mcc302-mnc370-ka: Cannot change mode to rwxr-xr-x: Operation not permitted
build	Cache Android SDK	2026-06-06T12:22:47.3159987Z /usr/bin/tar: ../../../../../usr/local/lib/android/sdk/platforms/android-34-ext10/data/res/values-mcc302-mnc720-sl: Cannot utime: Operation not permitted
build	Cache Android SDK	2026-06-06T12:22:47.3160466Z /usr/bin/tar: ../../../../../usr/local/lib/android/sdk/platforms/android-34-ext10/data/res/values-mcc302-mnc720-sl: Cannot change mode to rwxr-xr-x: Operation not permitted
build	Cache Android SDK	2026-06-06T12:22:47.3162782Z /usr/bin/tar: ../../../../../usr/local/lib/android/sdk/platforms/android-34-ext10/data/res/values-mcc310-mnc240-mr: Cannot utime: Operation not permitted
build	Cache Android SDK	2026-06-06T12:22:47.3163244Z /usr/bin/tar: ../../../../../usr/local/lib/android/sdk/platforms/android-34-ext10/data/res/values-mcc310-mnc240-mr: Cannot change mode to rwxr-xr-x: Operation not permitted
build	Cache Android SDK	2026-06-06T12:22:47.3166013Z /usr/bin/tar: ../../../../../usr/local/lib/android/sdk/platforms/android-34-ext10/data/res/values-mcc310-mnc560-fa: Cannot utime: Operation not permitted
build	Cache Android SDK	2026-06-06T12:22:47.3166618Z /usr/bin/tar: ../../../../../usr/local/lib/android/sdk/platforms/android-34-ext10/data/res/values-mcc310-mnc560-fa: Cannot change mode to rwxr-xr-x: Operation not permitted
build	Cache Android SDK	2026-06-06T12:22:47.3169209Z /usr/bin/tar: ../../../../../usr/local/lib/android/sdk/platforms/android-34-ext10/data/res/values-mcc312-mnc670-ro: Cannot utime: Operation not permitted
build	Cache Android SDK	2026-06-06T12:22:47.3169679Z /usr/bin/tar: ../../../../../usr/local/lib/android/sdk/platforms/android-34-ext10/data/res/values-mcc312-mnc670-ro: Cannot change mode to rwxr-xr-x: Operation not permitted
build	Cache Android SDK	2026-06-06T12:22:47.3172222Z /usr/bin/tar: ../../../../../usr/local/lib/android/sdk/platforms/android-34-ext10/data/res/values-mcc310-mnc250-cs: Cannot utime: Operation not permitted
build	Cache Android SDK	2026-06-06T12:22:47.3172784Z /usr/bin/tar: ../../../../../usr/local/lib/android/sdk/platforms/android-34-ext10/data/res/values-mcc310-mnc250-cs: Cannot change mode to rwxr-xr-x: Operation not permitted
build	Cache Android SDK	2026-06-06T12:22:47.3175565Z /usr/bin/tar: ../../../../../usr/local/lib/android/sdk/platforms/android-34-ext10/data/res/values-hu-rHU: Cannot utime: Operation not permitted
build	Cache Android SDK	2026-06-06T12:22:47.3176010Z /usr/bin/tar: ../../../../../usr/local/lib/android/sdk/platforms/android-34-ext10/data/res/values-hu-rHU: Cannot change mode to rwxr-xr-x: Operation not permitted
build	Cache Android SDK	2026-06-06T12:22:47.3178871Z /usr/bin/tar: ../../../../../usr/local/lib/android/sdk/platforms/android-34-ext10/data/res/values-mcc315: Cannot utime: Operation not permitted
build	Cache Android SDK	2026-06-06T12:22:47.3179320Z /usr/bin/tar: ../../../../../usr/local/lib/android/sdk/platforms/android-34-ext10/data/res/values-mcc315: Cannot change mode to rwxr-xr-x: Operation not permitted
build	Cache Android SDK	2026-06-06T12:22:47.3181919Z /usr/bin/tar: ../../../../../usr/local/lib/android/sdk/platforms/android-34-ext10/data/res/values-mcc310-mnc660-gl: Cannot utime: Operation not permitted
build	Cache Android SDK	2026-06-06T12:22:47.3182402Z /usr/bin/tar: ../../../../../usr/local/lib/android/sdk/platforms/android-34-ext10/data/res/values-mcc310-mnc660-gl: Cannot change mode to rwxr-xr-x: Operation not permitted
build	Cache Android SDK	2026-06-06T12:22:47.3184742Z /usr/bin/tar: ../../../../../usr/local/lib/android/sdk/platforms/android-34-ext10/data/res/values-mcc313-mnc100-de: Cannot utime: Operation not permitted
build	Cache Android SDK	2026-06-06T12:22:47.3185228Z /usr/bin/tar: ../../../../../usr/local/lib/android/sdk/platforms/android-34-ext10/data/res/values-mcc313-mnc100-de: Cannot change mode to rwxr-xr-x: Operation not permitted
build	Cache Android SDK	2026-06-06T12:22:47.3188395Z /usr/bin/tar: ../../../../../usr/local/lib/android/sdk/platforms/android-34-ext10/data/res/values-mcc311-mnc180-it: Cannot utime: Operation not permitted
build	Cache Android SDK	2026-06-06T12:22:47.3188874Z /usr/bin/tar: ../../../../../usr/local/lib/android/sdk/platforms/android-34-ext10/data/res/values-mcc311-mnc180-it: Cannot change mode to rwxr-xr-x: Operation not permitted
build	Cache Android SDK	2026-06-06T12:22:47.3191217Z /usr/bin/tar: ../../../../../usr/local/lib/android/sdk/platforms/android-34-ext10/data/res/values-mcc310-mnc150-ta: Cannot utime: Operation not permitted
build	Cache Android SDK	2026-06-06T12:22:47.3191783Z /usr/bin/tar: ../../../../../usr/local/lib/android/sdk/platforms/android-34-ext10/data/res/values-mcc310-mnc150-ta: Cannot change mode to rwxr-xr-x: Operation not permitted
build	Cache Android SDK	2026-06-06T12:22:47.3194323Z /usr/bin/tar: ../../../../../usr/local/lib/android/sdk/platforms/android-34-ext10/data/res/values-mcc334-mnc050: Cannot utime: Operation not permitted
build	Cache Android SDK	2026-06-06T12:22:47.3197982Z /usr/bin/tar: ../../../../../usr/local/lib/android/sdk/platforms/android-34-ext10/data/res/values-mcc334-mnc050: Cannot change mode to rwxr-xr-x: Operation not permitted
build	Cache Android SDK	2026-06-06T12:22:47.3198406Z /usr/bin/tar: ../../../../../usr/local/lib/android/sdk/platforms/android-34-ext10/data/res/values-mcc001-mnc01-gl: Cannot utime: Operation not permitted
build	Cache Android SDK	2026-06-06T12:22:47.3199017Z /usr/bin/tar: ../../../../../usr/local/lib/android/sdk/platforms/android-34-ext10/data/res/values-mcc001-mnc01-gl: Cannot change mode to rwxr-xr-x: Operation not permitted
build	Cache Android SDK	2026-06-06T12:22:47.3200821Z /usr/bin/tar: ../../../../../usr/local/lib/android/sdk/platforms/android-34-ext10/data/res/values-mcc310-mnc950-vi: Cannot utime: Operation not permitted
build	Cache Android SDK	2026-06-06T12:22:47.3201368Z /usr/bin/tar: ../../../../../usr/local/lib/android/sdk/platforms/android-34-ext10/data/res/values-mcc310-mnc950-vi: Cannot change mode to rwxr-xr-x: Operation not permitted
build	Cache Android SDK	2026-06-06T12:22:47.3204198Z /usr/bin/tar: ../../../../../usr/local/lib/android/sdk/platforms/android-34-ext10/data/res/values-mcc432-mnc20: Cannot utime: Operation not permitted
build	Cache Android SDK	2026-06-06T12:22:47.3204767Z /usr/bin/tar: ../../../../../usr/local/lib/android/sdk/platforms/android-34-ext10/data/res/values-mcc432-mnc20: Cannot change mode to rwxr-xr-x: Operation not permitted
build	Cache Android SDK	2026-06-06T12:22:47.3207736Z /usr/bin/tar: ../../../../../usr/local/lib/android/sdk/platforms/android-34-ext10/data/res/values-mcc310-mnc800-de: Cannot utime: Operation not permitted
build	Cache Android SDK	2026-06-06T12:22:47.3208476Z /usr/bin/tar: ../../../../../usr/local/lib/android/sdk/platforms/android-34-ext10/data/res/values-mcc310-mnc800-de: Cannot change mode to rwxr-xr-x: Operation not permitted
build	Cache Android SDK	2026-06-06T12:22:47.3210369Z /usr/bin/tar: ../../../../../usr/local/lib/android/sdk/platforms/android-34-ext10/data/res/values-mcc310-mnc660-sq: Cannot utime: Operation not permitted
build	Cache Android SDK	2026-06-06T12:22:47.3210847Z /usr/bin/tar: ../../../../../usr/local/lib/android/sdk/platforms/android-34-ext10/data/res/values-mcc310-mnc660-sq: Cannot change mode to rwxr-xr-x: Operation not permitted
build	Cache Android SDK	2026-06-06T12:22:47.3213133Z /usr/bin/tar: ../../../../../usr/local/lib/android/sdk/platforms/android-34-ext10/data/res/values-mcc302-mnc720-sv: Cannot utime: Operation not permitted
build	Cache Android SDK	2026-06-06T12:22:47.3213593Z /usr/bin/tar: ../../../../../usr/local/lib/android/sdk/platforms/android-34-ext10/data/res/values-mcc302-mnc720-sv: Cannot change mode to rwxr-xr-x: Operation not permitted
build	Cache Android SDK	2026-06-06T12:22:47.3216594Z /usr/bin/tar: ../../../../../usr/local/lib/android/sdk/platforms/android-34-ext10/data/res/values-mcc310-mnc560-nl: Cannot utime: Operation not permitted
build	Cache Android SDK	2026-06-06T12:22:47.3217542Z /usr/bin/tar: ../../../../../usr/local/lib/android/sdk/platforms/android-34-ext10/data/res/values-mcc310-mnc560-nl: Cannot change mode to rwxr-xr-x: Operation not permitted
build	Cache Android SDK	2026-06-06T12:22:47.3219240Z /usr/bin/tar: ../../../../../usr/local/lib/android/sdk/platforms/android-34-ext10/data/res/values-mcc334-mnc020-hr: Cannot utime: Operation not permitted
build	Cache Android SDK	2026-06-06T12:22:47.3219715Z /usr/bin/tar: ../../../../../usr/local/lib/android/sdk/platforms/android-34-ext10/data/res/values-mcc334-mnc020-hr: Cannot change mode to rwxr-xr-x: Operation not permitted
build	Cache Android SDK	2026-06-06T12:22:47.3222527Z /usr/bin/tar: ../../../../../usr/local/lib/android/sdk/platforms/android-34-ext10/data/res/values-mcc001-mnc01-am: Cannot utime: Operation not permitted
build	Cache Android SDK	2026-06-06T12:22:47.3223000Z /usr/bin/tar: ../../../../../usr/local/lib/android/sdk/platforms/android-34-ext10/data/res/values-mcc001-mnc01-am: Cannot change mode to rwxr-xr-x: Operation not permitted
build	Cache Android SDK	2026-06-06T12:22:47.3225418Z /usr/bin/tar: ../../../../../usr/local/lib/android/sdk/platforms/android-34-ext10/data/res/values-mcc310-mnc560-en-rXC: Cannot utime: Operation not permitted
build	Cache Android SDK	2026-06-06T12:22:47.3225918Z /usr/bin/tar: ../../../../../usr/local/lib/android/sdk/platforms/android-34-ext10/data/res/values-mcc310-mnc560-en-rXC: Cannot change mode to rwxr-xr-x: Operation not permitted
build	Cache Android SDK	2026-06-06T12:22:47.3228496Z /usr/bin/tar: ../../../../../usr/local/lib/android/sdk/platforms/android-34-ext10/data/res/values-mcc310-mnc240-ne: Cannot utime: Operation not permitted
build	Cache Android SDK	2026-06-06T12:22:47.3228973Z /usr/bin/tar: ../../../../../usr/local/lib/android/sdk/platforms/android-34-ext10/data/res/values-mcc310-mnc240-ne: Cannot change mode to rwxr-xr-x: Operation not permitted
build	Cache Android SDK	2026-06-06T12:22:47.3231619Z /usr/bin/tar: ../../../../../usr/local/lib/android/sdk/platforms/android-34-ext10/data/res/values-mcc310-mnc150-lv: Cannot utime: Operation not permitted
build	Cache Android SDK	2026-06-06T12:22:47.3232125Z /usr/bin/tar: ../../../../../usr/local/lib/android/sdk/platforms/android-34-ext10/data/res/values-mcc310-mnc150-lv: Cannot change mode to rwxr-xr-x: Operation not permitted
build	Cache Android SDK	2026-06-06T12:22:47.3234287Z /usr/bin/tar: ../../../../../usr/local/lib/android/sdk/platforms/android-34-ext10/data/res/values-mcc310-mnc490-ro: Cannot utime: Operation not permitted
build	Cache Android SDK	2026-06-06T12:22:47.3234791Z /usr/bin/tar: ../../../../../usr/local/lib/android/sdk/platforms/android-34-ext10/data/res/values-mcc310-mnc490-ro: Cannot change mode to rwxr-xr-x: Operation not permitted
build	Cache Android SDK	2026-06-06T12:22:47.3238122Z /usr/bin/tar: ../../../../../usr/local/lib/android/sdk/platforms/android-34-ext10/data/res/values-mcc310-mnc270-zh-rTW: Cannot utime: Operation not permitted
build	Cache Android SDK	2026-06-06T12:22:47.3238709Z /usr/bin/tar: ../../../../../usr/local/lib/android/sdk/platforms/android-34-ext10/data/res/values-mcc310-mnc270-zh-rTW: Cannot change mode to rwxr-xr-x: Operation not permitted
build	Cache Android SDK	2026-06-06T12:22:47.3240737Z /usr/bin/tar: ../../../../../usr/local/lib/android/sdk/platforms/android-34-ext10/data/res/values-mcc310-mnc380-nl: Cannot utime: Operation not permitted
build	Cache Android SDK	2026-06-06T12:22:47.3245744Z /usr/bin/tar: ../../../../../usr/local/lib/android/sdk/platforms/android-34-ext10/data/res/values-mcc310-mnc380-nl: Cannot change mode to rwxr-xr-x: Operation not permitted
build	Cache Android SDK	2026-06-06T12:22:47.3246137Z /usr/bin/tar: ../../../../../usr/local/lib/android/sdk/platforms/android-34-ext10/data/res/values-en-rSG: Cannot utime: Operation not permitted
build	Cache Android SDK	2026-06-06T12:22:47.3246638Z /usr/bin/tar: ../../../../../usr/local/lib/android/sdk/platforms/android-34-ext10/data/res/values-en-rSG: Cannot change mode to rwxr-xr-x: Operation not permitted
build	Cache Android SDK	2026-06-06T12:22:47.3249410Z /usr/bin/tar: ../../../../../usr/local/lib/android/sdk/platforms/android-34-ext10/data/res/drawable-en-mdpi: Cannot utime: Operation not permitted
build	Cache Android SDK	2026-06-06T12:22:47.3249866Z /usr/bin/tar: ../../../../../usr/local/lib/android/sdk/platforms/android-34-ext10/data/res/drawable-en-mdpi: Cannot change mode to rwxr-xr-x: Operation not permitted
build	Cache Android SDK	2026-06-06T12:22:47.3252145Z /usr/bin/tar: ../../../../../usr/local/lib/android/sdk/platforms/android-34-ext10/data/res/values-mcc302-mnc720-pt-rPT: Cannot utime: Operation not permitted
build	Cache Android SDK	2026-06-06T12:22:47.3252683Z /usr/bin/tar: ../../../../../usr/local/lib/android/sdk/platforms/android-34-ext10/data/res/values-mcc302-mnc720-pt-rPT: Cannot change mode to rwxr-xr-x: Operation not permitted
build	Cache Android SDK	2026-06-06T12:22:47.3254894Z /usr/bin/tar: ../../../../../usr/local/lib/android/sdk/platforms/android-34-ext10/data/res/raw-fr: Cannot utime: Operation not permitted
build	Cache Android SDK	2026-06-06T12:22:47.3255323Z /usr/bin/tar: ../../../../../usr/local/lib/android/sdk/platforms/android-34-ext10/data/res/raw-fr: Cannot change mode to rwxr-xr-x: Operation not permitted
build	Cache Android SDK	2026-06-06T12:22:47.3258086Z /usr/bin/tar: ../../../../../usr/local/lib/android/sdk/platforms/android-34-ext10/data/res/values-mcc310-mnc530: Cannot utime: Operation not permitted
build	Cache Android SDK	2026-06-06T12:22:47.3259307Z /usr/bin/tar: ../../../../../usr/local/lib/android/sdk/platforms/android-34-ext10/data/res/values-mcc310-mnc530: Cannot change mode to rwxr-xr-x: Operation not permitted
build	Cache Android SDK	2026-06-06T12:22:47.3260914Z /usr/bin/tar: ../../../../../usr/local/lib/android/sdk/platforms/android-34-ext10/data/res/values-mcc311-mnc180-ru: Cannot utime: Operation not permitted
build	Cache Android SDK	2026-06-06T12:22:47.3261874Z /usr/bin/tar: ../../../../../usr/local/lib/android/sdk/platforms/android-34-ext10/data/res/values-mcc311-mnc180-ru: Cannot change mode to rwxr-xr-x: Operation not permitted
build	Cache Android SDK	2026-06-06T12:22:47.3268604Z /usr/bin/tar: ../../../../../usr/local/lib/android/sdk/platforms/android-34-ext10/data/res/values-mcc302-mnc370-hu: Cannot utime: Operation not permitted
build	Cache Android SDK	2026-06-06T12:22:47.3269730Z /usr/bin/tar: ../../../../../usr/local/lib/android/sdk/platforms/android-34-ext10/data/res/values-mcc302-mnc370-hu: Cannot change mode to rwxr-xr-x: Operation not permitted
build	Cache Android SDK	2026-06-06T12:22:47.3270856Z /usr/bin/tar: ../../../../../usr/local/lib/android/sdk/platforms/android-34-ext10/data/res/values-mcc310-mnc210-cs: Cannot utime: Operation not permitted
build	Cache Android SDK	2026-06-06T12:22:47.3272232Z /usr/bin/tar: ../../../../../usr/local/lib/android/sdk/platforms/android-34-ext10/data/res/values-mcc310-mnc210-cs: Cannot change mode to rwxr-xr-x: Operation not permitted
build	Cache Android SDK	2026-06-06T12:22:47.3273317Z /usr/bin/tar: ../../../../../usr/local/lib/android/sdk/platforms/android-34-ext10/data/res/values-mcc312-mnc670-hi: Cannot utime: Operation not permitted
build	Cache Android SDK	2026-06-06T12:22:47.3274425Z /usr/bin/tar: ../../../../../usr/local/lib/android/sdk/platforms/android-34-ext10/data/res/values-mcc312-mnc670-hi: Cannot change mode to rwxr-xr-x: Operation not permitted
build	Cache Android SDK	2026-06-06T12:22:47.3275376Z /usr/bin/tar: ../../../../../usr/local/lib/android/sdk/platforms/android-34-ext10/data/res/values-mcc302-mnc720-km: Cannot utime: Operation not permitted
build	Cache Android SDK	2026-06-06T12:22:47.3276387Z /usr/bin/tar: ../../../../../usr/local/lib/android/sdk/platforms/android-34-ext10/data/res/values-mcc302-mnc720-km: Cannot change mode to rwxr-xr-x: Operation not permitted
build	Cache Android SDK	2026-06-06T12:22:47.3277958Z /usr/bin/tar: ../../../../../usr/local/lib/android/sdk/platforms/android-34-ext10/data/res/values-sl-television: Cannot utime: Operation not permitted
build	Cache Android SDK	2026-06-06T12:22:47.3278910Z /usr/bin/tar: ../../../../../usr/local/lib/android/sdk/platforms/android-34-ext10/data/res/values-sl-television: Cannot change mode to rwxr-xr-x: Operation not permitted
build	Cache Android SDK	2026-06-06T12:22:47.3281345Z /usr/bin/tar: ../../../../../usr/local/lib/android/sdk/platforms/android-34-ext10/data/res/values-mcc310-mnc220-en-rAU: Cannot utime: Operation not permitted
build	Cache Android SDK	2026-06-06T12:22:47.3282353Z /usr/bin/tar: ../../../../../usr/local/lib/android/sdk/platforms/android-34-ext10/data/res/values-mcc310-mnc220-en-rAU: Cannot change mode to rwxr-xr-x: Operation not permitted
build	Cache Android SDK	2026-06-06T12:22:47.3284405Z /usr/bin/tar: ../../../../../usr/local/lib/android/sdk/platforms/android-34-ext10/data/res/values-mcc310-mnc490-ko: Cannot utime: Operation not permitted
build	Cache Android SDK	2026-06-06T12:22:47.3285368Z /usr/bin/tar: ../../../../../usr/local/lib/android/sdk/platforms/android-34-ext10/data/res/values-mcc310-mnc490-ko: Cannot change mode to rwxr-xr-x: Operation not permitted
build	Cache Android SDK	2026-06-06T12:22:47.3287681Z /usr/bin/tar: ../../../../../usr/local/lib/android/sdk/platforms/android-34-ext10/data/res/values-mcc302-mnc370-ml: Cannot utime: Operation not permitted
build	Cache Android SDK	2026-06-06T12:22:47.3288639Z /usr/bin/tar: ../../../../../usr/local/lib/android/sdk/platforms/android-34-ext10/data/res/values-mcc302-mnc370-ml: Cannot change mode to rwxr-xr-x: Operation not permitted
build	Cache Android SDK	2026-06-06T12:22:47.3290504Z /usr/bin/tar: ../../../../../usr/local/lib/android/sdk/platforms/android-34-ext10/data/res/values-mcc310-mnc170-ka: Cannot utime: Operation not permitted
build	Cache Android SDK	2026-06-06T12:22:47.3291446Z /usr/bin/tar: ../../../../../usr/local/lib/android/sdk/platforms/android-34-ext10/data/res/values-mcc310-mnc170-ka: Cannot change mode to rwxr-xr-x: Operation not permitted
build	Cache Android SDK	2026-06-06T12:22:47.3295876Z /usr/bin/tar: ../../../../../usr/local/lib/android/sdk/platforms/android-34-ext10/data/res/values-b+sr+Latn: Cannot utime: Operation not permitted
build	Cache Android SDK	2026-06-06T12:22:47.3296920Z /usr/bin/tar: ../../../../../usr/local/lib/android/sdk/platforms/android-34-ext10/data/res/values-b+sr+Latn: Cannot change mode to rwxr-xr-x: Operation not permitted
build	Cache Android SDK	2026-06-06T12:22:47.3299107Z /usr/bin/tar: ../../../../../usr/local/lib/android/sdk/platforms/android-34-ext10/data/res/values-mcc310-mnc280-uk: Cannot utime: Operation not permitted
build	Cache Android SDK	2026-06-06T12:22:47.3300062Z /usr/bin/tar: ../../../../../usr/local/lib/android/sdk/platforms/android-34-ext10/data/res/values-mcc310-mnc280-uk: Cannot change mode to rwxr-xr-x: Operation not permitted
build	Cache Android SDK	2026-06-06T12:22:47.3302359Z /usr/bin/tar: ../../../../../usr/local/lib/android/sdk/platforms/android-34-ext10/data/res/values-mcc310-mnc220-hu: Cannot utime: Operation not permitted
build	Cache Android SDK	2026-06-06T12:22:47.3303313Z /usr/bin/tar: ../../../../../usr/local/lib/android/sdk/platforms/android-34-ext10/data/res/values-mcc310-mnc220-hu: Cannot change mode to rwxr-xr-x: Operation not permitted
build	Cache Android SDK	2026-06-06T12:22:47.3305365Z /usr/bin/tar: ../../../../../usr/local/lib/android/sdk/platforms/android-34-ext10/data/res/values-mcc310-mnc230-tr: Cannot utime: Operation not permitted
build	Cache Android SDK	2026-06-06T12:22:47.3306356Z /usr/bin/tar: ../../../../../usr/local/lib/android/sdk/platforms/android-34-ext10/data/res/values-mcc310-mnc230-tr: Cannot change mode to rwxr-xr-x: Operation not permitted
build	Cache Android SDK	2026-06-06T12:22:47.3308502Z /usr/bin/tar: ../../../../../usr/local/lib/android/sdk/platforms/android-34-ext10/data/res/values-mcc310-mnc230-sv: Cannot utime: Operation not permitted
build	Cache Android SDK	2026-06-06T12:22:47.3309454Z /usr/bin/tar: ../../../../../usr/local/lib/android/sdk/platforms/android-34-ext10/data/res/values-mcc310-mnc230-sv: Cannot change mode to rwxr-xr-x: Operation not permitted
build	Cache Android SDK	2026-06-06T12:22:47.3311504Z /usr/bin/tar: ../../../../../usr/local/lib/android/sdk/platforms/android-34-ext10/data/res/values-ar-rIL: Cannot utime: Operation not permitted
build	Cache Android SDK	2026-06-06T12:22:47.3312488Z /usr/bin/tar: ../../../../../usr/local/lib/android/sdk/platforms/android-34-ext10/data/res/values-ar-rIL: Cannot change mode to rwxr-xr-x: Operation not permitted
build	Cache Android SDK	2026-06-06T12:22:47.3314714Z /usr/bin/tar: ../../../../../usr/local/lib/android/sdk/platforms/android-34-ext10/data/res/values-te-television: Cannot utime: Operation not permitted
build	Cache Android SDK	2026-06-06T12:22:47.3315687Z /usr/bin/tar: ../../../../../usr/local/lib/android/sdk/platforms/android-34-ext10/data/res/values-te-television: Cannot change mode to rwxr-xr-x: Operation not permitted
build	Cache Android SDK	2026-06-06T12:22:47.3318382Z /usr/bin/tar: ../../../../../usr/local/lib/android/sdk/platforms/android-34-ext10/data/res/values-mcc310-mnc160-pt: Cannot utime: Operation not permitted
build	Cache Android SDK	2026-06-06T12:22:47.3319349Z /usr/bin/tar: ../../../../../usr/local/lib/android/sdk/platforms/android-34-ext10/data/res/values-mcc310-mnc160-pt: Cannot change mode to rwxr-xr-x: Operation not permitted
build	Cache Android SDK	2026-06-06T12:22:47.3321572Z /usr/bin/tar: ../../../../../usr/local/lib/android/sdk/platforms/android-34-ext10/data/res/values-mcc310-mnc660-ur: Cannot utime: Operation not permitted
build	Cache Android SDK	2026-06-06T12:22:47.3322564Z /usr/bin/tar: ../../../../../usr/local/lib/android/sdk/platforms/android-34-ext10/data/res/values-mcc310-mnc660-ur: Cannot change mode to rwxr-xr-x: Operation not permitted
build	Cache Android SDK	2026-06-06T12:22:47.3324499Z /usr/bin/tar: ../../../../../usr/local/lib/android/sdk/platforms/android-34-ext10/data/res/values-mcc334-mnc020-cs: Cannot utime: Operation not permitted
build	Cache Android SDK	2026-06-06T12:22:47.3325455Z /usr/bin/tar: ../../../../../usr/local/lib/android/sdk/platforms/android-34-ext10/data/res/values-mcc334-mnc020-cs: Cannot change mode to rwxr-xr-x: Operation not permitted
build	Cache Android SDK	2026-06-06T12:22:47.3331326Z /usr/bin/tar: ../../../../../usr/local/lib/android/sdk/platforms/android-34-ext10/data/res/values-zh-rTW: Cannot utime: Operation not permitted
build	Cache Android SDK	2026-06-06T12:22:47.3332335Z /usr/bin/tar: ../../../../../usr/local/lib/android/sdk/platforms/android-34-ext10/data/res/values-zh-rTW: Cannot change mode to rwxr-xr-x: Operation not permitted
build	Cache Android SDK	2026-06-06T12:22:47.3334166Z /usr/bin/tar: ../../../../../usr/local/lib/android/sdk/platforms/android-34-ext10/data/res/values-mcc310-mnc200-uz: Cannot utime: Operation not permitted
build	Cache Android SDK	2026-06-06T12:22:47.3335134Z /usr/bin/tar: ../../../../../usr/local/lib/android/sdk/platforms/android-34-ext10/data/res/values-mcc310-mnc200-uz: Cannot change mode to rwxr-xr-x: Operation not permitted
build	Cache Android SDK	2026-06-06T12:22:47.3337134Z /usr/bin/tar: ../../../../../usr/local/lib/android/sdk/platforms/android-34-ext10/data/res/values-mcc310-mnc410-sw: Cannot utime: Operation not permitted
build	Cache Android SDK	2026-06-06T12:22:47.3338241Z /usr/bin/tar: ../../../../../usr/local/lib/android/sdk/platforms/android-34-ext10/data/res/values-mcc310-mnc410-sw: Cannot change mode to rwxr-xr-x: Operation not permitted
build	Cache Android SDK	2026-06-06T12:22:47.3340297Z /usr/bin/tar: ../../../../../usr/local/lib/android/sdk/platforms/android-34-ext10/data/res/values-el-rGR: Cannot utime: Operation not permitted
build	Cache Android SDK	2026-06-06T12:22:47.3341196Z /usr/bin/tar: ../../../../../usr/local/lib/android/sdk/platforms/android-34-ext10/data/res/values-el-rGR: Cannot change mode to rwxr-xr-x: Operation not permitted
build	Cache Android SDK	2026-06-06T12:22:47.3343425Z /usr/bin/tar: ../../../../../usr/local/lib/android/sdk/platforms/android-34-ext10/data/res/values-mcc310-mnc800-hy: Cannot utime: Operation not permitted
build	Cache Android SDK	2026-06-06T12:22:47.3344374Z /usr/bin/tar: ../../../../../usr/local/lib/android/sdk/platforms/android-34-ext10/data/res/values-mcc310-mnc800-hy: Cannot change mode to rwxr-xr-x: Operation not permitted
build	Cache Android SDK	2026-06-06T12:22:47.3346624Z /usr/bin/tar: ../../../../../usr/local/lib/android/sdk/platforms/android-34-ext10/data/res/values-mcc302-mnc720: Cannot utime: Operation not permitted
build	Cache Android SDK	2026-06-06T12:22:47.3347818Z /usr/bin/tar: ../../../../../usr/local/lib/android/sdk/platforms/android-34-ext10/data/res/values-mcc302-mnc720: Cannot change mode to rwxr-xr-x: Operation not permitted
build	Cache Android SDK	2026-06-06T12:22:47.3349652Z /usr/bin/tar: ../../../../../usr/local/lib/android/sdk/platforms/android-34-ext10/data/res/values-mcc313-mnc100-sl: Cannot utime: Operation not permitted
build	Cache Android SDK	2026-06-06T12:22:47.3350687Z /usr/bin/tar: ../../../../../usr/local/lib/android/sdk/platforms/android-34-ext10/data/res/values-mcc313-mnc100-sl: Cannot change mode to rwxr-xr-x: Operation not permitted
build	Cache Android SDK	2026-06-06T12:22:47.3352946Z /usr/bin/tar: ../../../../../usr/local/lib/android/sdk/platforms/android-34-ext10/data/res/values-mcc312-mnc670-zh-rTW: Cannot utime: Operation not permitted
build	Cache Android SDK	2026-06-06T12:22:47.3353941Z /usr/bin/tar: ../../../../../usr/local/lib/android/sdk/platforms/android-34-ext10/data/res/values-mcc312-mnc670-zh-rTW: Cannot change mode to rwxr-xr-x: Operation not permitted
build	Cache Android SDK	2026-06-06T12:22:47.3356090Z /usr/bin/tar: ../../../../../usr/local/lib/android/sdk/platforms/android-34-ext10/data/res/values-mcc310-mnc560-ur: Cannot utime: Operation not permitted
build	Cache Android SDK	2026-06-06T12:22:47.3357070Z /usr/bin/tar: ../../../../../usr/local/lib/android/sdk/platforms/android-34-ext10/data/res/values-mcc310-mnc560-ur: Cannot change mode to rwxr-xr-x: Operation not permitted
build	Cache Android SDK	2026-06-06T12:22:47.3359306Z /usr/bin/tar: ../../../../../usr/local/lib/android/sdk/platforms/android-34-ext10/data/res/values-mcc310-mnc170-am: Cannot utime: Operation not permitted
build	Cache Android SDK	2026-06-06T12:22:47.3360253Z /usr/bin/tar: ../../../../../usr/local/lib/android/sdk/platforms/android-34-ext10/data/res/values-mcc310-mnc170-am: Cannot change mode to rwxr-xr-x: Operation not permitted
build	Cache Android SDK	2026-06-06T12:22:47.3362401Z /usr/bin/tar: ../../../../../usr/local/lib/android/sdk/platforms/android-34-ext10/data/res/values-mcc310-mnc800-nb: Cannot utime: Operation not permitted
build	Cache Android SDK	2026-06-06T12:22:47.3363349Z /usr/bin/tar: ../../../../../usr/local/lib/android/sdk/platforms/android-34-ext10/data/res/values-mcc310-mnc800-nb: Cannot change mode to rwxr-xr-x: Operation not permitted
build	Cache Android SDK	2026-06-06T12:22:47.3365432Z /usr/bin/tar: ../../../../../usr/local/lib/android/sdk/platforms/android-34-ext10/data/res/values-mcc310-mnc800-b+sr+Latn: Cannot utime: Operation not permitted
build	Cache Android SDK	2026-06-06T12:22:47.3366449Z /usr/bin/tar: ../../../../../usr/local/lib/android/sdk/platforms/android-34-ext10/data/res/values-mcc310-mnc800-b+sr+Latn: Cannot change mode to rwxr-xr-x: Operation not permitted
build	Cache Android SDK	2026-06-06T12:22:47.3368758Z /usr/bin/tar: ../../../../../usr/local/lib/android/sdk/platforms/android-34-ext10/data/res/values-mcc310-mnc150-be: Cannot utime: Operation not permitted
build	Cache Android SDK	2026-06-06T12:22:47.3369718Z /usr/bin/tar: ../../../../../usr/local/lib/android/sdk/platforms/android-34-ext10/data/res/values-mcc310-mnc150-be: Cannot change mode to rwxr-xr-x: Operation not permitted
build	Cache Android SDK	2026-06-06T12:22:47.3372118Z /usr/bin/tar: ../../../../../usr/local/lib/android/sdk/platforms/android-34-ext10/data/res/values-mcc310-mnc560-ja: Cannot utime: Operation not permitted
build	Cache Android SDK	2026-06-06T12:22:47.3373076Z /usr/bin/tar: ../../../../../usr/local/lib/android/sdk/platforms/android-34-ext10/data/res/values-mcc310-mnc560-ja: Cannot change mode to rwxr-xr-x: Operation not permitted
build	Cache Android SDK	2026-06-06T12:22:47.3375320Z /usr/bin/tar: ../../../../../usr/local/lib/android/sdk/platforms/android-34-ext10/data/res/values-mcc310-mnc210-sq: Cannot utime: Operation not permitted
build	Cache Android SDK	2026-06-06T12:22:47.3376349Z /usr/bin/tar: ../../../../../usr/local/lib/android/sdk/platforms/android-34-ext10/data/res/values-mcc310-mnc210-sq: Cannot change mode to rwxr-xr-x: Operation not permitted
build	Cache Android SDK	2026-06-06T12:22:47.3378328Z /usr/bin/tar: ../../../../../usr/local/lib/android/sdk/platforms/android-34-ext10/data/res/values-w228dp: Cannot utime: Operation not permitted
build	Cache Android SDK	2026-06-06T12:22:47.3379218Z /usr/bin/tar: ../../../../../usr/local/lib/android/sdk/platforms/android-34-ext10/data/res/values-w228dp: Cannot change mode to rwxr-xr-x: Operation not permitted
build	Cache Android SDK	2026-06-06T12:22:47.3381197Z /usr/bin/tar: ../../../../../usr/local/lib/android/sdk/platforms/android-34-ext10/data/res/values-mcc312-mnc670-ms: Cannot utime: Operation not permitted
build	Cache Android SDK	2026-06-06T12:22:47.3382162Z /usr/bin/tar: ../../../../../usr/local/lib/android/sdk/platforms/android-34-ext10/data/res/values-mcc312-mnc670-ms: Cannot change mode to rwxr-xr-x: Operation not permitted
build	Cache Android SDK	2026-06-06T12:22:47.3384709Z /usr/bin/tar: ../../../../../usr/local/lib/android/sdk/platforms/android-34-ext10/data/res/values-mcc302-mnc720-sw: Cannot utime: Operation not permitted
build	Cache Android SDK	2026-06-06T12:22:47.3385680Z /usr/bin/tar: ../../../../../usr/local/lib/android/sdk/platforms/android-34-ext10/data/res/values-mcc302-mnc720-sw: Cannot change mode to rwxr-xr-x: Operation not permitted
build	Cache Android SDK	2026-06-06T12:22:47.3387959Z /usr/bin/tar: ../../../../../usr/local/lib/android/sdk/platforms/android-34-ext10/data/res/values-mcc310-mnc160-de: Cannot utime: Operation not permitted
build	Cache Android SDK	2026-06-06T12:22:47.3388911Z /usr/bin/tar: ../../../../../usr/local/lib/android/sdk/platforms/android-34-ext10/data/res/values-mcc310-mnc160-de: Cannot change mode to rwxr-xr-x: Operation not permitted
build	Cache Android SDK	2026-06-06T12:22:47.3391258Z /usr/bin/tar: ../../../../../usr/local/lib/android/sdk/platforms/android-34-ext10/data/res/values-mcc310-mnc230-ru: Cannot utime: Operation not permitted
build	Cache Android SDK	2026-06-06T12:22:47.3392212Z /usr/bin/tar: ../../../../../usr/local/lib/android/sdk/platforms/android-34-ext10/data/res/values-mcc310-mnc230-ru: Cannot change mode to rwxr-xr-x: Operation not permitted
build	Cache Android SDK	2026-06-06T12:22:47.3394383Z /usr/bin/tar: ../../../../../usr/local/lib/android/sdk/platforms/android-34-ext10/data/res/values-mcc310-mnc170-en-rCA: Cannot utime: Operation not permitted
build	Cache Android SDK	2026-06-06T12:22:47.3395424Z /usr/bin/tar: ../../../../../usr/local/lib/android/sdk/platforms/android-34-ext10/data/res/values-mcc310-mnc170-en-rCA: Cannot change mode to rwxr-xr-x: Operation not permitted
build	Cache Android SDK	2026-06-06T12:22:47.3400471Z /usr/bin/tar: ../../../../../usr/local/lib/android/sdk/platforms/android-34-ext10/data/res/values-mcc313-mnc100-or: Cannot utime: Operation not permitted
build	Cache Android SDK	2026-06-06T12:22:47.3401421Z /usr/bin/tar: ../../../../../usr/local/lib/android/sdk/platforms/android-34-ext10/data/res/values-mcc313-mnc100-or: Cannot change mode to rwxr-xr-x: Operation not permitted
build	Cache Android SDK	2026-06-06T12:22:47.3403779Z /usr/bin/tar: ../../../../../usr/local/lib/android/sdk/platforms/android-34-ext10/data/res/values-mcc312-mnc670-sv: Cannot utime: Operation not permitted
build	Cache Android SDK	2026-06-06T12:22:47.3404828Z /usr/bin/tar: ../../../../../usr/local/lib/android/sdk/platforms/android-34-ext10/data/res/values-mcc312-mnc670-sv: Cannot change mode to rwxr-xr-x: Operation not permitted
build	Cache Android SDK	2026-06-06T12:22:47.3407324Z /usr/bin/tar: ../../../../../usr/local/lib/android/sdk/platforms/android-34-ext10/data/res/values-mcc334-mnc020-ca: Cannot utime: Operation not permitted
build	Cache Android SDK	2026-06-06T12:22:47.3408744Z /usr/bin/tar: ../../../../../usr/local/lib/android/sdk/platforms/android-34-ext10/data/res/values-mcc334-mnc020-ca: Cannot change mode to rwxr-xr-x: Operation not permitted
build	Cache Android SDK	2026-06-06T12:22:47.3411274Z /usr/bin/tar: ../../../../../usr/local/lib/android/sdk/platforms/android-34-ext10/data/res/menu: Cannot utime: Operation not permitted
build	Cache Android SDK	2026-06-06T12:22:47.3412138Z /usr/bin/tar: ../../../../../usr/local/lib/android/sdk/platforms/android-34-ext10/data/res/menu: Cannot change mode to rwxr-xr-x: Operation not permitted
build	Cache Android SDK	2026-06-06T12:22:47.3414625Z /usr/bin/tar: ../../../../../usr/local/lib/android/sdk/platforms/android-34-ext10/data/res/values-mcc310-mnc560-bn: Cannot utime: Operation not permitted
build	Cache Android SDK	2026-06-06T12:22:47.3415875Z /usr/bin/tar: ../../../../../usr/local/lib/android/sdk/platforms/android-34-ext10/data/res/values-mcc310-mnc560-bn: Cannot change mode to rwxr-xr-x: Operation not permitted
build	Cache Android SDK	2026-06-06T12:22:47.3418391Z /usr/bin/tar: ../../../../../usr/local/lib/android/sdk/platforms/android-34-ext10/data/res/values-mcc310-mnc270-hy: Cannot utime: Operation not permitted
build	Cache Android SDK	2026-06-06T12:22:47.3419487Z /usr/bin/tar: ../../../../../usr/local/lib/android/sdk/platforms/android-34-ext10/data/res/values-mcc310-mnc270-hy: Cannot change mode to rwxr-xr-x: Operation not permitted
build	Cache Android SDK	2026-06-06T12:22:47.3421715Z /usr/bin/tar: ../../../../../usr/local/lib/android/sdk/platforms/android-34-ext10/data/res/values-mcc310-mnc200-az: Cannot utime: Operation not permitted
build	Cache Android SDK	2026-06-06T12:22:47.3422915Z /usr/bin/tar: ../../../../../usr/local/lib/android/sdk/platforms/android-34-ext10/data/res/values-mcc310-mnc200-az: Cannot change mode to rwxr-xr-x: Operation not permitted
build	Cache Android SDK	2026-06-06T12:22:47.3425832Z /usr/bin/tar: ../../../../../usr/local/lib/android/sdk/platforms/android-34-ext10/data/res/values-mcc310-mnc220-cs: Cannot utime: Operation not permitted
build	Cache Android SDK	2026-06-06T12:22:47.3427056Z /usr/bin/tar: ../../../../../usr/local/lib/android/sdk/platforms/android-34-ext10/data/res/values-mcc310-mnc220-cs: Cannot change mode to rwxr-xr-x: Operation not permitted
build	Cache Android SDK	2026-06-06T12:22:47.3429059Z /usr/bin/tar: ../../../../../usr/local/lib/android/sdk/platforms/android-34-ext10/data/res/values-w720dp: Cannot utime: Operation not permitted
build	Cache Android SDK	2026-06-06T12:22:47.3430132Z /usr/bin/tar: ../../../../../usr/local/lib/android/sdk/platforms/android-34-ext10/data/res/values-w720dp: Cannot change mode to rwxr-xr-x: Operation not permitted
build	Cache Android SDK	2026-06-06T12:22:47.3432454Z /usr/bin/tar: ../../../../../usr/local/lib/android/sdk/platforms/android-34-ext10/data/res/values-mcc310-mnc200-sw: Cannot utime: Operation not permitted
build	Cache Android SDK	2026-06-06T12:22:47.3433544Z /usr/bin/tar: ../../../../../usr/local/lib/android/sdk/platforms/android-34-ext10/data/res/values-mcc310-mnc200-sw: Cannot change mode to rwxr-xr-x: Operation not permitted
build	Cache Android SDK	2026-06-06T12:22:47.3435888Z /usr/bin/tar: ../../../../../usr/local/lib/android/sdk/platforms/android-34-ext10/data/res/values-mcc310-mnc950-it: Cannot utime: Operation not permitted
build	Cache Android SDK	2026-06-06T12:22:47.3436956Z /usr/bin/tar: ../../../../../usr/local/lib/android/sdk/platforms/android-34-ext10/data/res/values-mcc310-mnc950-it: Cannot change mode to rwxr-xr-x: Operation not permitted
build	Cache Android SDK	2026-06-06T12:22:47.3439093Z /usr/bin/tar: ../../../../../usr/local/lib/android/sdk/platforms/android-34-ext10/data/res/values-mcc312-mnc670-en-rXC: Cannot utime: Operation not permitted
build	Cache Android SDK	2026-06-06T12:22:47.3440203Z /usr/bin/tar: ../../../../../usr/local/lib/android/sdk/platforms/android-34-ext10/data/res/values-mcc312-mnc670-en-rXC: Cannot change mode to rwxr-xr-x: Operation not permitted
build	Cache Android SDK	2026-06-06T12:22:47.3442463Z /usr/bin/tar: ../../../../../usr/local/lib/android/sdk/platforms/android-34-ext10/data/res/values-mcc310-mnc030-ru: Cannot utime: Operation not permitted
build	Cache Android SDK	2026-06-06T12:22:47.3443542Z /usr/bin/tar: ../../../../../usr/local/lib/android/sdk/platforms/android-34-ext10/data/res/values-mcc310-mnc030-ru: Cannot change mode to rwxr-xr-x: Operation not permitted
build	Cache Android SDK	2026-06-06T12:22:47.3445558Z /usr/bin/tar: ../../../../../usr/local/lib/android/sdk/platforms/android-34-ext10/data/res/values-mcc310-mnc950-ko: Cannot utime: Operation not permitted
build	Cache Android SDK	2026-06-06T12:22:47.3446658Z /usr/bin/tar: ../../../../../usr/local/lib/android/sdk/platforms/android-34-ext10/data/res/values-mcc310-mnc950-ko: Cannot change mode to rwxr-xr-x: Operation not permitted
build	Cache Android SDK	2026-06-06T12:22:47.3448608Z /usr/bin/tar: ../../../../../usr/local/lib/android/sdk/platforms/android-34-ext10/data/res/values-mcc310-mnc490-iw: Cannot utime: Operation not permitted
build	Cache Android SDK	2026-06-06T12:22:47.3449572Z /usr/bin/tar: ../../../../../usr/local/lib/android/sdk/platforms/android-34-ext10/data/res/values-mcc310-mnc490-iw: Cannot change mode to rwxr-xr-x: Operation not permitted
build	Cache Android SDK	2026-06-06T12:22:47.3451714Z /usr/bin/tar: ../../../../../usr/local/lib/android/sdk/platforms/android-34-ext10/data/res/values-mcc310-mnc660-uk: Cannot utime: Operation not permitted
build	Cache Android SDK	2026-06-06T12:22:47.3452807Z /usr/bin/tar: ../../../../../usr/local/lib/android/sdk/platforms/android-34-ext10/data/res/values-mcc310-mnc660-uk: Cannot change mode to rwxr-xr-x: Operation not permitted
build	Cache Android SDK	2026-06-06T12:22:47.3455290Z /usr/bin/tar: ../../../../../usr/local/lib/android/sdk/platforms/android-34-ext10/data/res/values-mcc310-mnc030-sv: Cannot utime: Operation not permitted
build	Cache Android SDK	2026-06-06T12:22:47.3456360Z /usr/bin/tar: ../../../../../usr/local/lib/android/sdk/platforms/android-34-ext10/data/res/values-mcc310-mnc030-sv: Cannot change mode to rwxr-xr-x: Operation not permitted
build	Cache Android SDK	2026-06-06T12:22:47.3458699Z /usr/bin/tar: ../../../../../usr/local/lib/android/sdk/platforms/android-34-ext10/data/res/values-w205dp: Cannot utime: Operation not permitted
build	Cache Android SDK	2026-06-06T12:22:47.3459796Z /usr/bin/tar: ../../../../../usr/local/lib/android/sdk/platforms/android-34-ext10/data/res/values-w205dp: Cannot change mode to rwxr-xr-x: Operation not permitted
build	Cache Android SDK	2026-06-06T12:22:47.3462138Z /usr/bin/tar: ../../../../../usr/local/lib/android/sdk/platforms/android-34-ext10/data/res/values-mcc310-mnc490-in: Cannot utime: Operation not permitted
build	Cache Android SDK	2026-06-06T12:22:47.3463101Z /usr/bin/tar: ../../../../../usr/local/lib/android/sdk/platforms/android-34-ext10/data/res/values-mcc310-mnc490-in: Cannot change mode to rwxr-xr-x: Operation not permitted
build	Cache Android SDK	2026-06-06T12:22:47.3465461Z /usr/bin/tar: ../../../../../usr/local/lib/android/sdk/platforms/android-34-ext10/data/res/values-mcc310-mnc220-hi: Cannot utime: Operation not permitted
build	Cache Android SDK	2026-06-06T12:22:47.3466428Z /usr/bin/tar: ../../../../../usr/local/lib/android/sdk/platforms/android-34-ext10/data/res/values-mcc310-mnc220-hi: Cannot change mode to rwxr-xr-x: Operation not permitted
build	Cache Android SDK	2026-06-06T12:22:47.3472575Z /usr/bin/tar: ../../../../../usr/local/lib/android/sdk/platforms/android-34-ext10/data/res/values-de: Cannot utime: Operation not permitted
build	Cache Android SDK	2026-06-06T12:22:47.3473654Z /usr/bin/tar: ../../../../../usr/local/lib/android/sdk/platforms/android-34-ext10/data/res/values-de: Cannot change mode to rwxr-xr-x: Operation not permitted
build	Cache Android SDK	2026-06-06T12:22:47.3475241Z /usr/bin/tar: ../../../../../usr/local/lib/android/sdk/platforms/android-34-ext10/data/res/values-mcc310-mnc250-bs: Cannot utime: Operation not permitted
build	Cache Android SDK	2026-06-06T12:22:47.3476191Z /usr/bin/tar: ../../../../../usr/local/lib/android/sdk/platforms/android-34-ext10/data/res/values-mcc310-mnc250-bs: Cannot change mode to rwxr-xr-x: Operation not permitted
build	Cache Android SDK	2026-06-06T12:22:47.3479473Z /usr/bin/tar: ../../../../../usr/local/lib/android/sdk/platforms/android-34-ext10/data/res/values-mcc310-mnc170-cs: Cannot utime: Operation not permitted
build	Cache Android SDK	2026-06-06T12:22:47.3480791Z /usr/bin/tar: ../../../../../usr/local/lib/android/sdk/platforms/android-34-ext10/data/res/values-mcc310-mnc170-cs: Cannot change mode to rwxr-xr-x: Operation not permitted
build	Cache Android SDK	2026-06-06T12:22:47.3482588Z /usr/bin/tar: ../../../../../usr/local/lib/android/sdk/platforms/android-34-ext10/data/res/values-mcc310-mnc660-es: Cannot utime: Operation not permitted
build	Cache Android SDK	2026-06-06T12:22:47.3483668Z /usr/bin/tar: ../../../../../usr/local/lib/android/sdk/platforms/android-34-ext10/data/res/values-mcc310-mnc660-es: Cannot change mode to rwxr-xr-x: Operation not permitted
build	Cache Android SDK	2026-06-06T12:22:47.3485315Z /usr/bin/tar: ../../../../../usr/local/lib/android/sdk/platforms/android-34-ext10/data/res/values-mcc313-mnc100-sk: Cannot utime: Operation not permitted
build	Cache Android SDK	2026-06-06T12:22:47.3486275Z /usr/bin/tar: ../../../../../usr/local/lib/android/sdk/platforms/android-34-ext10/data/res/values-mcc313-mnc100-sk: Cannot change mode to rwxr-xr-x: Operation not permitted
build	Cache Android SDK	2026-06-06T12:22:47.3488717Z /usr/bin/tar: ../../../../../usr/local/lib/android/sdk/platforms/android-34-ext10/data/res/values-mcc310-mnc310-zh-rHK: Cannot utime: Operation not permitted
build	Cache Android SDK	2026-06-06T12:22:47.3489716Z /usr/bin/tar: ../../../../../usr/local/lib/android/sdk/platforms/android-34-ext10/data/res/values-mcc310-mnc310-zh-rHK: Cannot change mode to rwxr-xr-x: Operation not permitted
build	Cache Android SDK	2026-06-06T12:22:47.3491813Z /usr/bin/tar: ../../../../../usr/local/lib/android/sdk/platforms/android-34-ext10/data/res/values-mcc001-mnc01-pl: Cannot utime: Operation not permitted
build	Cache Android SDK	2026-06-06T12:22:47.3492766Z /usr/bin/tar: ../../../../../usr/local/lib/android/sdk/platforms/android-34-ext10/data/res/values-mcc001-mnc01-pl: Cannot change mode to rwxr-xr-x: Operation not permitted
build	Cache Android SDK	2026-06-06T12:22:47.3496086Z /usr/bin/tar: ../../../../../usr/local/lib/android/sdk/platforms/android-34-ext10/data/res/values-mcc310-mnc250-gu: Cannot utime: Operation not permitted
build	Cache Android SDK	2026-06-06T12:22:47.3497057Z /usr/bin/tar: ../../../../../usr/local/lib/android/sdk/platforms/android-34-ext10/data/res/values-mcc310-mnc250-gu: Cannot change mode to rwxr-xr-x: Operation not permitted
build	Cache Android SDK	2026-06-06T12:22:47.3499412Z /usr/bin/tar: ../../../../../usr/local/lib/android/sdk/platforms/android-34-ext10/data/res/values-mcc311-mnc180-sq: Cannot utime: Operation not permitted
build	Cache Android SDK	2026-06-06T12:22:47.3500389Z /usr/bin/tar: ../../../../../usr/local/lib/android/sdk/platforms/android-34-ext10/data/res/values-mcc311-mnc180-sq: Cannot change mode to rwxr-xr-x: Operation not permitted
build	Cache Android SDK	2026-06-06T12:22:47.3502160Z /usr/bin/tar: ../../../../../usr/local/lib/android/sdk/platforms/android-34-ext10/data/res/values-mcc310-mnc950-zu: Cannot utime: Operation not permitted
build	Cache Android SDK	2026-06-06T12:22:47.3503132Z /usr/bin/tar: ../../../../../usr/local/lib/android/sdk/platforms/android-34-ext10/data/res/values-mcc310-mnc950-zu: Cannot change mode to rwxr-xr-x: Operation not permitted
build	Cache Android SDK	2026-06-06T12:22:47.3505593Z /usr/bin/tar: ../../../../../usr/local/lib/android/sdk/platforms/android-34-ext10/data/res/values-mcc312-mnc670-gl: Cannot utime: Operation not permitted
build	Cache Android SDK	2026-06-06T12:22:47.3506551Z /usr/bin/tar: ../../../../../usr/local/lib/android/sdk/platforms/android-34-ext10/data/res/values-mcc312-mnc670-gl: Cannot change mode to rwxr-xr-x: Operation not permitted
build	Cache Android SDK	2026-06-06T12:22:47.3508648Z /usr/bin/tar: ../../../../../usr/local/lib/android/sdk/platforms/android-34-ext10/data/res/values-mcc313-mnc100-eu: Cannot utime: Operation not permitted
build	Cache Android SDK	2026-06-06T12:22:47.3509621Z /usr/bin/tar: ../../../../../usr/local/lib/android/sdk/platforms/android-34-ext10/data/res/values-mcc313-mnc100-eu: Cannot change mode to rwxr-xr-x: Operation not permitted
build	Cache Android SDK	2026-06-06T12:22:47.3511805Z /usr/bin/tar: ../../../../../usr/local/lib/android/sdk/platforms/android-34-ext10/data/res/values-mcc310-mnc410-pa: Cannot utime: Operation not permitted
build	Cache Android SDK	2026-06-06T12:22:47.3512764Z /usr/bin/tar: ../../../../../usr/local/lib/android/sdk/platforms/android-34-ext10/data/res/values-mcc310-mnc410-pa: Cannot change mode to rwxr-xr-x: Operation not permitted
build	Cache Android SDK	2026-06-06T12:22:47.3518126Z /usr/bin/tar: ../../../../../usr/local/lib/android/sdk/platforms/android-34-ext10/data/res/values-pt-rBR: Cannot utime: Operation not permitted
build	Cache Android SDK	2026-06-06T12:22:47.3519177Z /usr/bin/tar: ../../../../../usr/local/lib/android/sdk/platforms/android-34-ext10/data/res/values-pt-rBR: Cannot change mode to rwxr-xr-x: Operation not permitted
build	Cache Android SDK	2026-06-06T12:22:47.3521021Z /usr/bin/tar: ../../../../../usr/local/lib/android/sdk/platforms/android-34-ext10/data/res/values-mcc310-mnc410-pt-rPT: Cannot utime: Operation not permitted
build	Cache Android SDK	2026-06-06T12:22:47.3522010Z /usr/bin/tar: ../../../../../usr/local/lib/android/sdk/platforms/android-34-ext10/data/res/values-mcc310-mnc410-pt-rPT: Cannot change mode to rwxr-xr-x: Operation not permitted
build	Cache Android SDK	2026-06-06T12:22:47.3524791Z /usr/bin/tar: ../../../../../usr/local/lib/android/sdk/platforms/android-34-ext10/data/res/values-mcc310-mnc380-pt-rBR: Cannot utime: Operation not permitted
build	Cache Android SDK	2026-06-06T12:22:47.3525987Z /usr/bin/tar: ../../../../../usr/local/lib/android/sdk/platforms/android-34-ext10/data/res/values-mcc310-mnc380-pt-rBR: Cannot change mode to rwxr-xr-x: Operation not permitted
build	Cache Android SDK	2026-06-06T12:22:47.3527810Z /usr/bin/tar: ../../../../../usr/local/lib/android/sdk/platforms/android-34-ext10/data/res/values-mcc310-mnc560-pl: Cannot utime: Operation not permitted
build	Cache Android SDK	2026-06-06T12:22:47.3528959Z /usr/bin/tar: ../../../../../usr/local/lib/android/sdk/platforms/android-34-ext10/data/res/values-mcc310-mnc560-pl: Cannot change mode to rwxr-xr-x: Operation not permitted
build	Cache Android SDK	2026-06-06T12:22:47.3530782Z /usr/bin/tar: ../../../../../usr/local/lib/android/sdk/platforms/android-34-ext10/data/res/values-mcc310-mnc200-fa: Cannot utime: Operation not permitted
build	Cache Android SDK	2026-06-06T12:22:47.3531738Z /usr/bin/tar: ../../../../../usr/local/lib/android/sdk/platforms/android-34-ext10/data/res/values-mcc310-mnc200-fa: Cannot change mode to rwxr-xr-x: Operation not permitted
build	Cache Android SDK	2026-06-06T12:22:47.3534315Z /usr/bin/tar: ../../../../../usr/local/lib/android/sdk/platforms/android-34-ext10/data/res/values-mcc310-mnc280-my: Cannot utime: Operation not permitted
build	Cache Android SDK	2026-06-06T12:22:47.3535274Z /usr/bin/tar: ../../../../../usr/local/lib/android/sdk/platforms/android-34-ext10/data/res/values-mcc310-mnc280-my: Cannot change mode to rwxr-xr-x: Operation not permitted
build	Cache Android SDK	2026-06-06T12:22:47.3537335Z /usr/bin/tar: ../../../../../usr/local/lib/android/sdk/platforms/android-34-ext10/data/res/values-mcc313-mnc100-en-rXC: Cannot utime: Operation not permitted
build	Cache Android SDK	2026-06-06T12:22:47.3538728Z /usr/bin/tar: ../../../../../usr/local/lib/android/sdk/platforms/android-34-ext10/data/res/values-mcc313-mnc100-en-rXC: Cannot change mode to rwxr-xr-x: Operation not permitted
build	Cache Android SDK	2026-06-06T12:22:47.3541714Z /usr/bin/tar: ../../../../../usr/local/lib/android/sdk/platforms/android-34-ext10/data/res/values-mcc001-mnc01-zu: Cannot utime: Operation not permitted
build	Cache Android SDK	2026-06-06T12:22:47.3542841Z /usr/bin/tar: ../../../../../usr/local/lib/android/sdk/platforms/android-34-ext10/data/res/values-mcc001-mnc01-zu: Cannot change mode to rwxr-xr-x: Operation not permitted
build	Cache Android SDK	2026-06-06T12:22:47.3544501Z /usr/bin/tar: ../../../../../usr/local/lib/android/sdk/platforms/android-34-ext10/data/res/values-mcc310-mnc560-tr: Cannot utime: Operation not permitted
build	Cache Android SDK	2026-06-06T12:22:47.3545592Z /usr/bin/tar: ../../../../../usr/local/lib/android/sdk/platforms/android-34-ext10/data/res/values-mcc310-mnc560-tr: Cannot change mode to rwxr-xr-x: Operation not permitted
build	Cache Android SDK	2026-06-06T12:22:47.3548577Z /usr/bin/tar: ../../../../../usr/local/lib/android/sdk/platforms/android-34-ext10/data/res/values-kk-television: Cannot utime: Operation not permitted
build	Cache Android SDK	2026-06-06T12:22:47.3549530Z /usr/bin/tar: ../../../../../usr/local/lib/android/sdk/platforms/android-34-ext10/data/res/values-kk-television: Cannot change mode to rwxr-xr-x: Operation not permitted
build	Cache Android SDK	2026-06-06T12:22:47.3551552Z /usr/bin/tar: ../../../../../usr/local/lib/android/sdk/platforms/android-34-ext10/data/res/values-mcc310-mnc250-pl: Cannot utime: Operation not permitted
build	Cache Android SDK	2026-06-06T12:22:47.3552522Z /usr/bin/tar: ../../../../../usr/local/lib/android/sdk/platforms/android-34-ext10/data/res/values-mcc310-mnc250-pl: Cannot change mode to rwxr-xr-x: Operation not permitted
build	Cache Android SDK	2026-06-06T12:22:47.4055593Z /usr/bin/tar: ../../../../../usr/local/lib/android/sdk/platforms/android-34-ext10/data/res/drawable-xhdpi: Cannot utime: Operation not permitted
build	Cache Android SDK	2026-06-06T12:22:47.4057232Z /usr/bin/tar: ../../../../../usr/local/lib/android/sdk/platforms/android-34-ext10/data/res/drawable-xhdpi: Cannot change mode to rwxr-xr-x: Operation not permitted
build	Cache Android SDK	2026-06-06T12:22:47.4058672Z /usr/bin/tar: ../../../../../usr/local/lib/android/sdk/platforms/android-34-ext10/data/res/values-mcc310-mnc410-ml: Cannot utime: Operation not permitted
build	Cache Android SDK	2026-06-06T12:22:47.4059632Z /usr/bin/tar: ../../../../../usr/local/lib/android/sdk/platforms/android-34-ext10/data/res/values-mcc310-mnc410-ml: Cannot change mode to rwxr-xr-x: Operation not permitted
build	Cache Android SDK	2026-06-06T12:22:47.4062882Z /usr/bin/tar: ../../../../../usr/local/lib/android/sdk/platforms/android-34-ext10/data/res/values-mcc466-mnc92: Cannot utime: Operation not permitted
build	Cache Android SDK	2026-06-06T12:22:47.4063864Z /usr/bin/tar: ../../../../../usr/local/lib/android/sdk/platforms/android-34-ext10/data/res/values-mcc466-mnc92: Cannot change mode to rwxr-xr-x: Operation not permitted
build	Cache Android SDK	2026-06-06T12:22:47.4066396Z /usr/bin/tar: ../../../../../usr/local/lib/android/sdk/platforms/android-34-ext10/data/res/values-mcc310-mnc210-sl: Cannot utime: Operation not permitted
build	Cache Android SDK	2026-06-06T12:22:47.4067598Z /usr/bin/tar: ../../../../../usr/local/lib/android/sdk/platforms/android-34-ext10/data/res/values-mcc310-mnc210-sl: Cannot change mode to rwxr-xr-x: Operation not permitted
build	Cache Android SDK	2026-06-06T12:22:47.4069455Z /usr/bin/tar: ../../../../../usr/local/lib/android/sdk/platforms/android-34-ext10/data/res/values-as-television: Cannot utime: Operation not permitted
build	Cache Android SDK	2026-06-06T12:22:47.4070438Z /usr/bin/tar: ../../../../../usr/local/lib/android/sdk/platforms/android-34-ext10/data/res/values-as-television: Cannot change mode to rwxr-xr-x: Operation not permitted
build	Cache Android SDK	2026-06-06T12:22:47.4073001Z /usr/bin/tar: ../../../../../usr/local/lib/android/sdk/platforms/android-34-ext10/data/res/values-mcc310-mnc380-sq: Cannot utime: Operation not permitted
build	Cache Android SDK	2026-06-06T12:22:47.4074147Z /usr/bin/tar: ../../../../../usr/local/lib/android/sdk/platforms/android-34-ext10/data/res/values-mcc310-mnc380-sq: Cannot change mode to rwxr-xr-x: Operation not permitted
build	Cache Android SDK	2026-06-06T12:22:47.4076381Z /usr/bin/tar: ../../../../../usr/local/lib/android/sdk/platforms/android-34-ext10/data/res/values-en-rIE: Cannot utime: Operation not permitted
build	Cache Android SDK	2026-06-06T12:22:47.4077515Z /usr/bin/tar: ../../../../../usr/local/lib/android/sdk/platforms/android-34-ext10/data/res/values-en-rIE: Cannot change mode to rwxr-xr-x: Operation not permitted
build	Cache Android SDK	2026-06-06T12:22:47.4080197Z /usr/bin/tar: ../../../../../usr/local/lib/android/sdk/platforms/android-34-ext10/data/res/values-mcc310-mnc250-zu: Cannot utime: Operation not permitted
build	Cache Android SDK	2026-06-06T12:22:47.4081148Z /usr/bin/tar: ../../../../../usr/local/lib/android/sdk/platforms/android-34-ext10/data/res/values-mcc310-mnc250-zu: Cannot change mode to rwxr-xr-x: Operation not permitted
build	Cache Android SDK	2026-06-06T12:22:47.4083034Z /usr/bin/tar: ../../../../../usr/local/lib/android/sdk/platforms/android-34-ext10/data/res/values-mcc310-mnc410-lo: Cannot utime: Operation not permitted
build	Cache Android SDK	2026-06-06T12:22:47.4083999Z /usr/bin/tar: ../../../../../usr/local/lib/android/sdk/platforms/android-34-ext10/data/res/values-mcc310-mnc410-lo: Cannot change mode to rwxr-xr-x: Operation not permitted
build	Cache Android SDK	2026-06-06T12:22:47.4086347Z /usr/bin/tar: ../../../../../usr/local/lib/android/sdk/platforms/android-34-ext10/data/res/values-kk-watch: Cannot utime: Operation not permitted
build	Cache Android SDK	2026-06-06T12:22:47.4087564Z /usr/bin/tar: ../../../../../usr/local/lib/android/sdk/platforms/android-34-ext10/data/res/values-kk-watch: Cannot change mode to rwxr-xr-x: Operation not permitted
build	Cache Android SDK	2026-06-06T12:22:47.4089282Z /usr/bin/tar: ../../../../../usr/local/lib/android/sdk/platforms/android-34-ext10/data/res/values-mcc432: Cannot utime: Operation not permitted
build	Cache Android SDK	2026-06-06T12:22:47.4090188Z /usr/bin/tar: ../../../../../usr/local/lib/android/sdk/platforms/android-34-ext10/data/res/values-mcc432: Cannot change mode to rwxr-xr-x: Operation not permitted
build	Cache Android SDK	2026-06-06T12:22:47.4093162Z /usr/bin/tar: ../../../../../usr/local/lib/android/sdk/platforms/android-34-ext10/data/res/values-mcc310-mnc380-ne: Cannot utime: Operation not permitted
build	Cache Android SDK	2026-06-06T12:22:47.4094179Z /usr/bin/tar: ../../../../../usr/local/lib/android/sdk/platforms/android-34-ext10/data/res/values-mcc310-mnc380-ne: Cannot change mode to rwxr-xr-x: Operation not permitted
build	Cache Android SDK	2026-06-06T12:22:47.4096528Z /usr/bin/tar: ../../../../../usr/local/lib/android/sdk/platforms/android-34-ext10/data/res/values-mcc001-mnc01-uz: Cannot utime: Operation not permitted
build	Cache Android SDK	2026-06-06T12:22:47.4097585Z /usr/bin/tar: ../../../../../usr/local/lib/android/sdk/platforms/android-34-ext10/data/res/values-mcc001-mnc01-uz: Cannot change mode to rwxr-xr-x: Operation not permitted
build	Cache Android SDK	2026-06-06T12:22:47.4099334Z /usr/bin/tar: ../../../../../usr/local/lib/android/sdk/platforms/android-34-ext10/data/res/values-mcc312-mnc670-it: Cannot utime: Operation not permitted
build	Cache Android SDK	2026-06-06T12:22:47.4100309Z /usr/bin/tar: ../../../../../usr/local/lib/android/sdk/platforms/android-34-ext10/data/res/values-mcc312-mnc670-it: Cannot change mode to rwxr-xr-x: Operation not permitted
build	Cache Android SDK	2026-06-06T12:22:47.4102400Z /usr/bin/tar: ../../../../../usr/local/lib/android/sdk/platforms/android-34-ext10/data/res/values-mcc722-mnc07: Cannot utime: Operation not permitted
build	Cache Android SDK	2026-06-06T12:22:47.4103396Z /usr/bin/tar: ../../../../../usr/local/lib/android/sdk/platforms/android-34-ext10/data/res/values-mcc722-mnc07: Cannot change mode to rwxr-xr-x: Operation not permitted
build	Cache Android SDK	2026-06-06T12:22:47.4105807Z /usr/bin/tar: ../../../../../usr/local/lib/android/sdk/platforms/android-34-ext10/data/res/values-mcc310-mnc310-eu: Cannot utime: Operation not permitted
build	Cache Android SDK	2026-06-06T12:22:47.4106882Z /usr/bin/tar: ../../../../../usr/local/lib/android/sdk/platforms/android-34-ext10/data/res/values-mcc310-mnc310-eu: Cannot change mode to rwxr-xr-x: Operation not permitted
build	Cache Android SDK	2026-06-06T12:22:47.4108438Z /usr/bin/tar: ../../../../../usr/local/lib/android/sdk/platforms/android-34-ext10/data/res/values-mcc235-mnc94: Cannot utime: Operation not permitted
build	Cache Android SDK	2026-06-06T12:22:47.4109489Z /usr/bin/tar: ../../../../../usr/local/lib/android/sdk/platforms/android-34-ext10/data/res/values-mcc235-mnc94: Cannot change mode to rwxr-xr-x: Operation not permitted
build	Cache Android SDK	2026-06-06T12:22:47.4111762Z /usr/bin/tar: ../../../../../usr/local/lib/android/sdk/platforms/android-34-ext10/data/res/values-mcc311-mnc180-sk: Cannot utime: Operation not permitted
build	Cache Android SDK	2026-06-06T12:22:47.4112761Z /usr/bin/tar: ../../../../../usr/local/lib/android/sdk/platforms/android-34-ext10/data/res/values-mcc311-mnc180-sk: Cannot change mode to rwxr-xr-x: Operation not permitted
build	Cache Android SDK	2026-06-06T12:22:47.4114540Z /usr/bin/tar: ../../../../../usr/local/lib/android/sdk/platforms/android-34-ext10/data/res/values-mcc310-mnc170-es: Cannot utime: Operation not permitted
build	Cache Android SDK	2026-06-06T12:22:47.4115507Z /usr/bin/tar: ../../../../../usr/local/lib/android/sdk/platforms/android-34-ext10/data/res/values-mcc310-mnc170-es: Cannot change mode to rwxr-xr-x: Operation not permitted
build	Cache Android SDK	2026-06-06T12:22:47.4117825Z /usr/bin/tar: ../../../../../usr/local/lib/android/sdk/platforms/android-34-ext10/data/res/values-mcc310-mnc240-my: Cannot utime: Operation not permitted
build	Cache Android SDK	2026-06-06T12:22:47.4118817Z /usr/bin/tar: ../../../../../usr/local/lib/android/sdk/platforms/android-34-ext10/data/res/values-mcc310-mnc240-my: Cannot change mode to rwxr-xr-x: Operation not permitted
build	Cache Android SDK	2026-06-06T12:22:47.4120859Z /usr/bin/tar: ../../../../../usr/local/lib/android/sdk/platforms/android-34-ext10/data/res/values-am-television: Cannot utime: Operation not permitted
build	Cache Android SDK	2026-06-06T12:22:47.4121801Z /usr/bin/tar: ../../../../../usr/local/lib/android/sdk/platforms/android-34-ext10/data/res/values-am-television: Cannot change mode to rwxr-xr-x: Operation not permitted
build	Cache Android SDK	2026-06-06T12:22:47.4123514Z /usr/bin/tar: ../../../../../usr/local/lib/android/sdk/platforms/android-34-ext10/data/res/values-mcc302-mnc370-in: Cannot utime: Operation not permitted
build	Cache Android SDK	2026-06-06T12:22:47.4124468Z /usr/bin/tar: ../../../../../usr/local/lib/android/sdk/platforms/android-34-ext10/data/res/values-mcc302-mnc370-in: Cannot change mode to rwxr-xr-x: Operation not permitted
build	Cache Android SDK	2026-06-06T12:22:47.4126496Z /usr/bin/tar: ../../../../../usr/local/lib/android/sdk/platforms/android-34-ext10/data/res/values-mcc310-mnc270-ml: Cannot utime: Operation not permitted
build	Cache Android SDK	2026-06-06T12:22:47.4127550Z /usr/bin/tar: ../../../../../usr/local/lib/android/sdk/platforms/android-34-ext10/data/res/values-mcc310-mnc270-ml: Cannot change mode to rwxr-xr-x: Operation not permitted
build	Cache Android SDK	2026-06-06T12:22:47.4129884Z /usr/bin/tar: ../../../../../usr/local/lib/android/sdk/platforms/android-34-ext10/data/res/values-mcc302-mnc370-ru: Cannot utime: Operation not permitted
build	Cache Android SDK	2026-06-06T12:22:47.4130828Z /usr/bin/tar: ../../../../../usr/local/lib/android/sdk/platforms/android-34-ext10/data/res/values-mcc302-mnc370-ru: Cannot change mode to rwxr-xr-x: Operation not permitted
build	Cache Android SDK	2026-06-06T12:22:47.4133534Z /usr/bin/tar: ../../../../../usr/local/lib/android/sdk/platforms/android-34-ext10/data/res/values-mcc310-mnc950-ro: Cannot utime: Operation not permitted
build	Cache Android SDK	2026-06-06T12:22:47.4134571Z /usr/bin/tar: ../../../../../usr/local/lib/android/sdk/platforms/android-34-ext10/data/res/values-mcc310-mnc950-ro: Cannot change mode to rwxr-xr-x: Operation not permitted
build	Cache Android SDK	2026-06-06T12:22:47.4136767Z /usr/bin/tar: ../../../../../usr/local/lib/android/sdk/platforms/android-34-ext10/data/res/values-te-watch: Cannot utime: Operation not permitted
build	Cache Android SDK	2026-06-06T12:22:47.4137757Z /usr/bin/tar: ../../../../../usr/local/lib/android/sdk/platforms/android-34-ext10/data/res/values-te-watch: Cannot change mode to rwxr-xr-x: Operation not permitted
build	Cache Android SDK	2026-06-06T12:22:47.4140178Z /usr/bin/tar: ../../../../../usr/local/lib/android/sdk/platforms/android-34-ext10/data/res/values-mcc310-mnc410-pl: Cannot utime: Operation not permitted
build	Cache Android SDK	2026-06-06T12:22:47.4141130Z /usr/bin/tar: ../../../../../usr/local/lib/android/sdk/platforms/android-34-ext10/data/res/values-mcc310-mnc410-pl: Cannot change mode to rwxr-xr-x: Operation not permitted
build	Cache Android SDK	2026-06-06T12:22:47.4143631Z /usr/bin/tar: ../../../../../usr/local/lib/android/sdk/platforms/android-34-ext10/data/res/values-mcc310-mnc220-is: Cannot utime: Operation not permitted
build	Cache Android SDK	2026-06-06T12:22:47.4144975Z /usr/bin/tar: ../../../../../usr/local/lib/android/sdk/platforms/android-34-ext10/data/res/values-mcc310-mnc220-is: Cannot change mode to rwxr-xr-x: Operation not permitted
build	Cache Android SDK	2026-06-06T12:22:47.4146592Z /usr/bin/tar: ../../../../../usr/local/lib/android/sdk/platforms/android-34-ext10/data/res/values-mcc310-mnc170-nl: Cannot utime: Operation not permitted
build	Cache Android SDK	2026-06-06T12:22:47.4147754Z /usr/bin/tar: ../../../../../usr/local/lib/android/sdk/platforms/android-34-ext10/data/res/values-mcc310-mnc170-nl: Cannot change mode to rwxr-xr-x: Operation not permitted
build	Cache Android SDK	2026-06-06T12:22:47.4150228Z /usr/bin/tar: ../../../../../usr/local/lib/android/sdk/platforms/android-34-ext10/data/res/values-mcc310-mnc380-el: Cannot utime: Operation not permitted
build	Cache Android SDK	2026-06-06T12:22:47.4151203Z /usr/bin/tar: ../../../../../usr/local/lib/android/sdk/platforms/android-34-ext10/data/res/values-mcc310-mnc380-el: Cannot change mode to rwxr-xr-x: Operation not permitted
build	Cache Android SDK	2026-06-06T12:22:47.4153077Z /usr/bin/tar: ../../../../../usr/local/lib/android/sdk/platforms/android-34-ext10/data/res/values-mcc334-mnc020-lt: Cannot utime: Operation not permitted
build	Cache Android SDK	2026-06-06T12:22:47.4154168Z /usr/bin/tar: ../../../../../usr/local/lib/android/sdk/platforms/android-34-ext10/data/res/values-mcc334-mnc020-lt: Cannot change mode to rwxr-xr-x: Operation not permitted
build	Cache Android SDK	2026-06-06T12:22:47.4156462Z /usr/bin/tar: ../../../../../usr/local/lib/android/sdk/platforms/android-34-ext10/data/res/values-mcc302-mnc370-si: Cannot utime: Operation not permitted
build	Cache Android SDK	2026-06-06T12:22:47.4157649Z /usr/bin/tar: ../../../../../usr/local/lib/android/sdk/platforms/android-34-ext10/data/res/values-mcc302-mnc370-si: Cannot change mode to rwxr-xr-x: Operation not permitted
build	Cache Android SDK	2026-06-06T12:22:47.4159725Z /usr/bin/tar: ../../../../../usr/local/lib/android/sdk/platforms/android-34-ext10/data/res/drawable-land-xhdpi: Cannot utime: Operation not permitted
build	Cache Android SDK	2026-06-06T12:22:47.4160804Z /usr/bin/tar: ../../../../../usr/local/lib/android/sdk/platforms/android-34-ext10/data/res/drawable-land-xhdpi: Cannot change mode to rwxr-xr-x: Operation not permitted
build	Cache Android SDK	2026-06-06T12:22:47.4163545Z /usr/bin/tar: ../../../../../usr/local/lib/android/sdk/platforms/android-34-ext10/data/res/values-mcc310-mnc560-ko: Cannot utime: Operation not permitted
build	Cache Android SDK	2026-06-06T12:22:47.4164529Z /usr/bin/tar: ../../../../../usr/local/lib/android/sdk/platforms/android-34-ext10/data/res/values-mcc310-mnc560-ko: Cannot change mode to rwxr-xr-x: Operation not permitted
build	Cache Android SDK	2026-06-06T12:22:47.4166815Z /usr/bin/tar: ../../../../../usr/local/lib/android/sdk/platforms/android-34-ext10/data/res/values-ms-rMY: Cannot utime: Operation not permitted
build	Cache Android SDK	2026-06-06T12:22:47.4168083Z /usr/bin/tar: ../../../../../usr/local/lib/android/sdk/platforms/android-34-ext10/data/res/values-ms-rMY: Cannot change mode to rwxr-xr-x: Operation not permitted
build	Cache Android SDK	2026-06-06T12:22:47.4170002Z /usr/bin/tar: ../../../../../usr/local/lib/android/sdk/platforms/android-34-ext10/data/res/values-mcc310-mnc230-de: Cannot utime: Operation not permitted
build	Cache Android SDK	2026-06-06T12:22:47.4171208Z /usr/bin/tar: ../../../../../usr/local/lib/android/sdk/platforms/android-34-ext10/data/res/values-mcc310-mnc230-de: Cannot change mode to rwxr-xr-x: Operation not permitted
build	Cache Android SDK	2026-06-06T12:22:47.4174055Z /usr/bin/tar: ../../../../../usr/local/lib/android/sdk/platforms/android-34-ext10/data/res/values-mcc310-mnc280-zu: Cannot utime: Operation not permitted
build	Cache Android SDK	2026-06-06T12:22:47.4175141Z /usr/bin/tar: ../../../../../usr/local/lib/android/sdk/platforms/android-34-ext10/data/res/values-mcc310-mnc280-zu: Cannot change mode to rwxr-xr-x: Operation not permitted
build	Cache Android SDK	2026-06-06T12:22:47.4176777Z /usr/bin/tar: ../../../../../usr/local/lib/android/sdk/platforms/android-34-ext10/data/res/values-mcc310-mnc230-tl: Cannot utime: Operation not permitted
build	Cache Android SDK	2026-06-06T12:22:47.4177920Z /usr/bin/tar: ../../../../../usr/local/lib/android/sdk/platforms/android-34-ext10/data/res/values-mcc310-mnc230-tl: Cannot change mode to rwxr-xr-x: Operation not permitted
build	Cache Android SDK	2026-06-06T12:22:47.4180594Z /usr/bin/tar: ../../../../../usr/local/lib/android/sdk/platforms/android-34-ext10/data/res/values-mcc310-mnc280-bs: Cannot utime: Operation not permitted
build	Cache Android SDK	2026-06-06T12:22:47.4181554Z /usr/bin/tar: ../../../../../usr/local/lib/android/sdk/platforms/android-34-ext10/data/res/values-mcc310-mnc280-bs: Cannot change mode to rwxr-xr-x: Operation not permitted
build	Cache Android SDK	2026-06-06T12:22:47.4183462Z /usr/bin/tar: ../../../../../usr/local/lib/android/sdk/platforms/android-34-ext10/data/res/values-mcc310-mnc230-af: Cannot utime: Operation not permitted
build	Cache Android SDK	2026-06-06T12:22:47.4184430Z /usr/bin/tar: ../../../../../usr/local/lib/android/sdk/platforms/android-34-ext10/data/res/values-mcc310-mnc230-af: Cannot change mode to rwxr-xr-x: Operation not permitted
build	Cache Android SDK	2026-06-06T12:22:47.4189044Z /usr/bin/tar: ../../../../../usr/local/lib/android/sdk/platforms/android-34-ext10/data/res/values-mcc310-mnc160-mk: Cannot utime: Operation not permitted
build	Cache Android SDK	2026-06-06T12:22:47.4190709Z /usr/bin/tar: ../../../../../usr/local/lib/android/sdk/platforms/android-34-ext10/data/res/values-mcc310-mnc160-mk: Cannot change mode to rwxr-xr-x: Operation not permitted
build	Cache Android SDK	2026-06-06T12:22:47.4191672Z /usr/bin/tar: ../../../../../usr/local/lib/android/sdk/platforms/android-34-ext10/data/res/values-mcc312-mnc670-bg: Cannot utime: Operation not permitted
build	Cache Android SDK	2026-06-06T12:22:47.4192617Z /usr/bin/tar: ../../../../../usr/local/lib/android/sdk/platforms/android-34-ext10/data/res/values-mcc312-mnc670-bg: Cannot change mode to rwxr-xr-x: Operation not permitted
build	Cache Android SDK	2026-06-06T12:22:47.4194723Z /usr/bin/tar: ../../../../../usr/local/lib/android/sdk/platforms/android-34-ext10/data/res/values-mcc312-mnc670-pa: Cannot utime: Operation not permitted
build	Cache Android SDK	2026-06-06T12:22:47.4195682Z /usr/bin/tar: ../../../../../usr/local/lib/android/sdk/platforms/android-34-ext10/data/res/values-mcc312-mnc670-pa: Cannot change mode to rwxr-xr-x: Operation not permitted
build	Cache Android SDK	2026-06-06T12:22:47.4198274Z /usr/bin/tar: ../../../../../usr/local/lib/android/sdk/platforms/android-34-ext10/data/res/values-w192dp: Cannot utime: Operation not permitted
build	Cache Android SDK	2026-06-06T12:22:47.4199303Z /usr/bin/tar: ../../../../../usr/local/lib/android/sdk/platforms/android-34-ext10/data/res/values-w192dp: Cannot change mode to rwxr-xr-x: Operation not permitted
build	Cache Android SDK	2026-06-06T12:22:47.4202163Z /usr/bin/tar: ../../../../../usr/local/lib/android/sdk/platforms/android-34-ext10/data/res/values-mcc310-mnc170-my: Cannot utime: Operation not permitted
build	Cache Android SDK	2026-06-06T12:22:47.4203132Z /usr/bin/tar: ../../../../../usr/local/lib/android/sdk/platforms/android-34-ext10/data/res/values-mcc310-mnc170-my: Cannot change mode to rwxr-xr-x: Operation not permitted
build	Cache Android SDK	2026-06-06T12:22:47.4205439Z /usr/bin/tar: ../../../../../usr/local/lib/android/sdk/platforms/android-34-ext10/data/res/values-sw720dp-land: Cannot utime: Operation not permitted
build	Cache Android SDK	2026-06-06T12:22:47.4206394Z /usr/bin/tar: ../../../../../usr/local/lib/android/sdk/platforms/android-34-ext10/data/res/values-sw720dp-land: Cannot change mode to rwxr-xr-x: Operation not permitted
build	Cache Android SDK	2026-06-06T12:22:47.4208621Z /usr/bin/tar: ../../../../../usr/local/lib/android/sdk/platforms/android-34-ext10/data/res/values-mcc310-mnc200-en-rAU: Cannot utime: Operation not permitted
build	Cache Android SDK	2026-06-06T12:22:47.4209693Z /usr/bin/tar: ../../../../../usr/local/lib/android/sdk/platforms/android-34-ext10/data/res/values-mcc310-mnc200-en-rAU: Cannot change mode to rwxr-xr-x: Operation not permitted
build	Cache Android SDK	2026-06-06T12:22:47.4211678Z /usr/bin/tar: ../../../../../usr/local/lib/android/sdk/platforms/android-34-ext10/data/res/values-mcc312-mnc670-pl: Cannot utime: Operation not permitted
build	Cache Android SDK	2026-06-06T12:22:47.4212634Z /usr/bin/tar: ../../../../../usr/local/lib/android/sdk/platforms/android-34-ext10/data/res/values-mcc312-mnc670-pl: Cannot change mode to rwxr-xr-x: Operation not permitted
build	Cache Android SDK	2026-06-06T12:22:47.4215622Z /usr/bin/tar: ../../../../../usr/local/lib/android/sdk/platforms/android-34-ext10/data/res/values-mcc310-mnc120: Cannot utime: Operation not permitted
build	Cache Android SDK	2026-06-06T12:22:47.4216875Z /usr/bin/tar: ../../../../../usr/local/lib/android/sdk/platforms/android-34-ext10/data/res/values-mcc310-mnc120: Cannot change mode to rwxr-xr-x: Operation not permitted
build	Cache Android SDK	2026-06-06T12:22:47.4218628Z /usr/bin/tar: ../../../../../usr/local/lib/android/sdk/platforms/android-34-ext10/data/res/values-mcc310-mnc950-b+sr+Latn: Cannot utime: Operation not permitted
build	Cache Android SDK	2026-06-06T12:22:47.4219648Z /usr/bin/tar: ../../../../../usr/local/lib/android/sdk/platforms/android-34-ext10/data/res/values-mcc310-mnc950-b+sr+Latn: Cannot change mode to rwxr-xr-x: Operation not permitted
build	Cache Android SDK	2026-06-06T12:22:47.4221713Z /usr/bin/tar: ../../../../../usr/local/lib/android/sdk/platforms/android-34-ext10/data/res/values-mcc310-mnc490-ne: Cannot utime: Operation not permitted
build	Cache Android SDK	2026-06-06T12:22:47.4222679Z /usr/bin/tar: ../../../../../usr/local/lib/android/sdk/platforms/android-34-ext10/data/res/values-mcc310-mnc490-ne: Cannot change mode to rwxr-xr-x: Operation not permitted
build	Cache Android SDK	2026-06-06T12:22:47.4224939Z /usr/bin/tar: ../../../../../usr/local/lib/android/sdk/platforms/android-34-ext10/data/res/values-mcc310-mnc230: Cannot utime: Operation not permitted
build	Cache Android SDK	2026-06-06T12:22:47.4225904Z /usr/bin/tar: ../../../../../usr/local/lib/android/sdk/platforms/android-34-ext10/data/res/values-mcc310-mnc230: Cannot change mode to rwxr-xr-x: Operation not permitted
build	Cache Android SDK	2026-06-06T12:22:47.4228171Z /usr/bin/tar: ../../../../../usr/local/lib/android/sdk/platforms/android-34-ext10/data/res/values-mcc310-mnc230-am: Cannot utime: Operation not permitted
build	Cache Android SDK	2026-06-06T12:22:47.4229138Z /usr/bin/tar: ../../../../../usr/local/lib/android/sdk/platforms/android-34-ext10/data/res/values-mcc310-mnc230-am: Cannot change mode to rwxr-xr-x: Operation not permitted
build	Cache Android SDK	2026-06-06T12:22:47.4232249Z /usr/bin/tar: ../../../../../usr/local/lib/android/sdk/platforms/android-34-ext10/data/res/raw-zh-rTW: Cannot utime: Operation not permitted
build	Cache Android SDK	2026-06-06T12:22:47.4233376Z /usr/bin/tar: ../../../../../usr/local/lib/android/sdk/platforms/android-34-ext10/data/res/raw-zh-rTW: Cannot change mode to rwxr-xr-x: Operation not permitted
build	Cache Android SDK	2026-06-06T12:22:47.4237322Z /usr/bin/tar: ../../../../../usr/local/lib/android/sdk/platforms/android-34-ext10/data/res/values-mcc310-mnc160-sv: Cannot utime: Operation not permitted
build	Cache Android SDK	2026-06-06T12:22:47.4238908Z /usr/bin/tar: ../../../../../usr/local/lib/android/sdk/platforms/android-34-ext10/data/res/values-mcc310-mnc160-sv: Cannot change mode to rwxr-xr-x: Operation not permitted
build	Cache Android SDK	2026-06-06T12:22:47.4240289Z /usr/bin/tar: ../../../../../usr/local/lib/android/sdk/platforms/android-34-ext10/data/res/values-mcc001-mnc01-et: Cannot utime: Operation not permitted
build	Cache Android SDK	2026-06-06T12:22:47.4241254Z /usr/bin/tar: ../../../../../usr/local/lib/android/sdk/platforms/android-34-ext10/data/res/values-mcc001-mnc01-et: Cannot change mode to rwxr-xr-x: Operation not permitted
build	Cache Android SDK	2026-06-06T12:22:47.4243004Z /usr/bin/tar: ../../../../../usr/local/lib/android/sdk/platforms/android-34-ext10/data/res/values-es-rGT: Cannot utime: Operation not permitted
build	Cache Android SDK	2026-06-06T12:22:47.4243911Z /usr/bin/tar: ../../../../../usr/local/lib/android/sdk/platforms/android-34-ext10/data/res/values-es-rGT: Cannot change mode to rwxr-xr-x: Operation not permitted
build	Cache Android SDK	2026-06-06T12:22:47.4246452Z /usr/bin/tar: ../../../../../usr/local/lib/android/sdk/platforms/android-34-ext10/data/res/values-mcc310-mnc030-en-rIN: Cannot utime: Operation not permitted
build	Cache Android SDK	2026-06-06T12:22:47.4248112Z /usr/bin/tar: ../../../../../usr/local/lib/android/sdk/platforms/android-34-ext10/data/res/values-mcc310-mnc030-en-rIN: Cannot change mode to rwxr-xr-x: Operation not permitted
build	Cache Android SDK	2026-06-06T12:22:47.4249851Z /usr/bin/tar: ../../../../../usr/local/lib/android/sdk/platforms/android-34-ext10/data/res/values-mcc311-mnc180-el: Cannot utime: Operation not permitted
build	Cache Android SDK	2026-06-06T12:22:47.4250956Z /usr/bin/tar: ../../../../../usr/local/lib/android/sdk/platforms/android-34-ext10/data/res/values-mcc311-mnc180-el: Cannot change mode to rwxr-xr-x: Operation not permitted
build	Cache Android SDK	2026-06-06T12:22:47.4252849Z /usr/bin/tar: ../../../../../usr/local/lib/android/sdk/platforms/android-34-ext10/data/res/values-mcc310-mnc160-en-rAU: Cannot utime: Operation not permitted
build	Cache Android SDK	2026-06-06T12:22:47.4253993Z /usr/bin/tar: ../../../../../usr/local/lib/android/sdk/platforms/android-34-ext10/data/res/values-mcc310-mnc160-en-rAU: Cannot change mode to rwxr-xr-x: Operation not permitted
build	Cache Android SDK	2026-06-06T12:22:47.4256025Z /usr/bin/tar: ../../../../../usr/local/lib/android/sdk/platforms/android-34-ext10/data/res/values-mcc302-mnc370-mn: Cannot utime: Operation not permitted
build	Cache Android SDK	2026-06-06T12:22:47.4256981Z /usr/bin/tar: ../../../../../usr/local/lib/android/sdk/platforms/android-34-ext10/data/res/values-mcc302-mnc370-mn: Cannot change mode to rwxr-xr-x: Operation not permitted
build	Cache Android SDK	2026-06-06T12:22:47.4259405Z /usr/bin/tar: ../../../../../usr/local/lib/android/sdk/platforms/android-34-ext10/data/res/values-ja-television: Cannot utime: Operation not permitted
build	Cache Android SDK	2026-06-06T12:22:47.4260348Z /usr/bin/tar: ../../../../../usr/local/lib/android/sdk/platforms/android-34-ext10/data/res/values-ja-television: Cannot change mode to rwxr-xr-x: Operation not permitted
build	Cache Android SDK	2026-06-06T12:22:47.4263253Z /usr/bin/tar: ../../../../../usr/local/lib/android/sdk/platforms/android-34-ext10/data/res/values-mcc310-mnc250-lo: Cannot utime: Operation not permitted
build	Cache Android SDK	2026-06-06T12:22:47.4264625Z /usr/bin/tar: ../../../../../usr/local/lib/android/sdk/platforms/android-34-ext10/data/res/values-mcc310-mnc250-lo: Cannot change mode to rwxr-xr-x: Operation not permitted
build	Cache Android SDK	2026-06-06T12:22:47.4265983Z /usr/bin/tar: ../../../../../usr/local/lib/android/sdk/platforms/android-34-ext10/data/res/values-mcc310-mnc410-kn: Cannot utime: Operation not permitted
build	Cache Android SDK	2026-06-06T12:22:47.4266937Z /usr/bin/tar: ../../../../../usr/local/lib/android/sdk/platforms/android-34-ext10/data/res/values-mcc310-mnc410-kn: Cannot change mode to rwxr-xr-x: Operation not permitted
build	Cache Android SDK	2026-06-06T12:22:47.4269013Z /usr/bin/tar: ../../../../../usr/local/lib/android/sdk/platforms/android-34-ext10/data/res/values-mcc310-mnc380-es: Cannot utime: Operation not permitted
build	Cache Android SDK	2026-06-06T12:22:47.4269977Z /usr/bin/tar: ../../../../../usr/local/lib/android/sdk/platforms/android-34-ext10/data/res/values-mcc310-mnc380-es: Cannot change mode to rwxr-xr-x: Operation not permitted
build	Cache Android SDK	2026-06-06T12:22:47.4272382Z /usr/bin/tar: ../../../../../usr/local/lib/android/sdk/platforms/android-34-ext10/data/res/values-mcc310-mnc160-iw: Cannot utime: Operation not permitted
build	Cache Android SDK	2026-06-06T12:22:47.4273332Z /usr/bin/tar: ../../../../../usr/local/lib/android/sdk/platforms/android-34-ext10/data/res/values-mcc310-mnc160-iw: Cannot change mode to rwxr-xr-x: Operation not permitted
build	Cache Android SDK	2026-06-06T12:22:47.4275800Z /usr/bin/tar: ../../../../../usr/local/lib/android/sdk/platforms/android-34-ext10/data/res/values-mcc310-mnc380-zh-rHK: Cannot utime: Operation not permitted
build	Cache Android SDK	2026-06-06T12:22:47.4276841Z /usr/bin/tar: ../../../../../usr/local/lib/android/sdk/platforms/android-34-ext10/data/res/values-mcc310-mnc380-zh-rHK: Cannot change mode to rwxr-xr-x: Operation not permitted
build	Cache Android SDK	2026-06-06T12:22:47.4279822Z /usr/bin/tar: ../../../../../usr/local/lib/android/sdk/platforms/android-34-ext10/data/res/values-mcc310-mnc280-ur: Cannot utime: Operation not permitted
build	Cache Android SDK	2026-06-06T12:22:47.4281375Z /usr/bin/tar: ../../../../../usr/local/lib/android/sdk/platforms/android-34-ext10/data/res/values-mcc310-mnc280-ur: Cannot change mode to rwxr-xr-x: Operation not permitted
build	Cache Android SDK	2026-06-06T12:22:47.4282741Z /usr/bin/tar: ../../../../../usr/local/lib/android/sdk/platforms/android-34-ext10/data/res/values-mcc310-mnc200-kk: Cannot utime: Operation not permitted
build	Cache Android SDK	2026-06-06T12:22:47.4283691Z /usr/bin/tar: ../../../../../usr/local/lib/android/sdk/platforms/android-34-ext10/data/res/values-mcc310-mnc200-kk: Cannot change mode to rwxr-xr-x: Operation not permitted
build	Cache Android SDK	2026-06-06T12:22:47.4285894Z /usr/bin/tar: ../../../../../usr/local/lib/android/sdk/platforms/android-34-ext10/data/res/values-es-rNI: Cannot utime: Operation not permitted
build	Cache Android SDK	2026-06-06T12:22:47.4286961Z /usr/bin/tar: ../../../../../usr/local/lib/android/sdk/platforms/android-34-ext10/data/res/values-es-rNI: Cannot change mode to rwxr-xr-x: Operation not permitted
build	Cache Android SDK	2026-06-06T12:22:47.4289124Z /usr/bin/tar: ../../../../../usr/local/lib/android/sdk/platforms/android-34-ext10/data/res/values-mcc310-mnc170-bg: Cannot utime: Operation not permitted
build	Cache Android SDK	2026-06-06T12:22:47.4290160Z /usr/bin/tar: ../../../../../usr/local/lib/android/sdk/platforms/android-34-ext10/data/res/values-mcc310-mnc170-bg: Cannot change mode to rwxr-xr-x: Operation not permitted
build	Cache Android SDK	2026-06-06T12:22:47.4292250Z /usr/bin/tar: ../../../../../usr/local/lib/android/sdk/platforms/android-34-ext10/data/res/values-nb-television: Cannot utime: Operation not permitted
build	Cache Android SDK	2026-06-06T12:22:47.4293263Z /usr/bin/tar: ../../../../../usr/local/lib/android/sdk/platforms/android-34-ext10/data/res/values-nb-television: Cannot change mode to rwxr-xr-x: Operation not permitted
build	Cache Android SDK	2026-06-06T12:22:47.4295468Z /usr/bin/tar: ../../../../../usr/local/lib/android/sdk/platforms/android-34-ext10/data/res/values-mcc310-mnc380-in: Cannot utime: Operation not permitted
build	Cache Android SDK	2026-06-06T12:22:47.4296504Z /usr/bin/tar: ../../../../../usr/local/lib/android/sdk/platforms/android-34-ext10/data/res/values-mcc310-mnc380-in: Cannot change mode to rwxr-xr-x: Operation not permitted
build	Cache Android SDK	2026-06-06T12:22:47.4298936Z /usr/bin/tar: ../../../../../usr/local/lib/android/sdk/platforms/android-34-ext10/data/res/values-zh-rTW-television: Cannot utime: Operation not permitted
build	Cache Android SDK	2026-06-06T12:22:47.4299937Z /usr/bin/tar: ../../../../../usr/local/lib/android/sdk/platforms/android-34-ext10/data/res/values-zh-rTW-television: Cannot change mode to rwxr-xr-x: Operation not permitted
build	Cache Android SDK	2026-06-06T12:22:47.4302240Z /usr/bin/tar: ../../../../../usr/local/lib/android/sdk/platforms/android-34-ext10/data/res/values-mcc310-mnc380-pt: Cannot utime: Operation not permitted
build	Cache Android SDK	2026-06-06T12:22:47.4303452Z /usr/bin/tar: ../../../../../usr/local/lib/android/sdk/platforms/android-34-ext10/data/res/values-mcc310-mnc380-pt: Cannot change mode to rwxr-xr-x: Operation not permitted
build	Cache Android SDK	2026-06-06T12:22:47.4305600Z /usr/bin/tar: ../../../../../usr/local/lib/android/sdk/platforms/android-34-ext10/data/res/values-mcc310-mnc560-kn: Cannot utime: Operation not permitted
build	Cache Android SDK	2026-06-06T12:22:47.4306667Z /usr/bin/tar: ../../../../../usr/local/lib/android/sdk/platforms/android-34-ext10/data/res/values-mcc310-mnc560-kn: Cannot change mode to rwxr-xr-x: Operation not permitted
build	Cache Android SDK	2026-06-06T12:22:47.4309202Z /usr/bin/tar: ../../../../../usr/local/lib/android/sdk/platforms/android-34-ext10/data/res/values-mcc310-mnc490-am: Cannot utime: Operation not permitted
build	Cache Android SDK	2026-06-06T12:22:47.4310172Z /usr/bin/tar: ../../../../../usr/local/lib/android/sdk/platforms/android-34-ext10/data/res/values-mcc310-mnc490-am: Cannot change mode to rwxr-xr-x: Operation not permitted
build	Cache Android SDK	2026-06-06T12:22:47.4312070Z /usr/bin/tar: ../../../../../usr/local/lib/android/sdk/platforms/android-34-ext10/data/res/values-mcc310-mnc490-sl: Cannot utime: Operation not permitted
build	Cache Android SDK	2026-06-06T12:22:47.4313035Z /usr/bin/tar: ../../../../../usr/local/lib/android/sdk/platforms/android-34-ext10/data/res/values-mcc310-mnc490-sl: Cannot change mode to rwxr-xr-x: Operation not permitted
build	Cache Android SDK	2026-06-06T12:22:47.4315820Z /usr/bin/tar: ../../../../../usr/local/lib/android/sdk/platforms/android-34-ext10/data/res/values-mcc310-mnc160-ur: Cannot utime: Operation not permitted
build	Cache Android SDK	2026-06-06T12:22:47.4316878Z /usr/bin/tar: ../../../../../usr/local/lib/android/sdk/platforms/android-34-ext10/data/res/values-mcc310-mnc160-ur: Cannot change mode to rwxr-xr-x: Operation not permitted
build	Cache Android SDK	2026-06-06T12:22:47.4382135Z /usr/bin/tar: ../../../../../usr/local/lib/android/sdk/platforms/android-34-ext10/data/res/drawable-xxxhdpi: Cannot utime: Operation not permitted
build	Cache Android SDK	2026-06-06T12:22:47.4383508Z /usr/bin/tar: ../../../../../usr/local/lib/android/sdk/platforms/android-34-ext10/data/res/drawable-xxxhdpi: Cannot change mode to rwxr-xr-x: Operation not permitted
build	Cache Android SDK	2026-06-06T12:22:47.4385057Z /usr/bin/tar: ../../../../../usr/local/lib/android/sdk/platforms/android-34-ext10/data/res/values-mcc310-mnc210-af: Cannot utime: Operation not permitted
build	Cache Android SDK	2026-06-06T12:22:47.4386165Z /usr/bin/tar: ../../../../../usr/local/lib/android/sdk/platforms/android-34-ext10/data/res/values-mcc310-mnc210-af: Cannot change mode to rwxr-xr-x: Operation not permitted
build	Cache Android SDK	2026-06-06T12:22:47.4388283Z /usr/bin/tar: ../../../../../usr/local/lib/android/sdk/platforms/android-34-ext10/data/res/values-mcc310-mnc270-ky: Cannot utime: Operation not permitted
build	Cache Android SDK	2026-06-06T12:22:47.4389254Z /usr/bin/tar: ../../../../../usr/local/lib/android/sdk/platforms/android-34-ext10/data/res/values-mcc310-mnc270-ky: Cannot change mode to rwxr-xr-x: Operation not permitted
build	Cache Android SDK	2026-06-06T12:22:47.4391695Z /usr/bin/tar: ../../../../../usr/local/lib/android/sdk/platforms/android-34-ext10/data/res/values-mcc302-mnc720-te: Cannot utime: Operation not permitted
build	Cache Android SDK	2026-06-06T12:22:47.4392673Z /usr/bin/tar: ../../../../../usr/local/lib/android/sdk/platforms/android-34-ext10/data/res/values-mcc302-mnc720-te: Cannot change mode to rwxr-xr-x: Operation not permitted
build	Cache Android SDK	2026-06-06T12:22:47.4395140Z /usr/bin/tar: ../../../../../usr/local/lib/android/sdk/platforms/android-34-ext10/data/res/values-mcc312-mnc670-en-rIN: Cannot utime: Operation not permitted
build	Cache Android SDK	2026-06-06T12:22:47.4396176Z /usr/bin/tar: ../../../../../usr/local/lib/android/sdk/platforms/android-34-ext10/data/res/values-mcc312-mnc670-en-rIN: Cannot change mode to rwxr-xr-x: Operation not permitted
build	Cache Android SDK	2026-06-06T12:22:47.4398613Z /usr/bin/tar: ../../../../../usr/local/lib/android/sdk/platforms/android-34-ext10/data/res/values-mr-watch: Cannot utime: Operation not permitted
build	Cache Android SDK	2026-06-06T12:22:47.4399537Z /usr/bin/tar: ../../../../../usr/local/lib/android/sdk/platforms/android-34-ext10/data/res/values-mr-watch: Cannot change mode to rwxr-xr-x: Operation not permitted
build	Cache Android SDK	2026-06-06T12:22:47.4402305Z /usr/bin/tar: ../../../../../usr/local/lib/android/sdk/platforms/android-34-ext10/data/res/values-mcc310-mnc160-hi: Cannot utime: Operation not permitted
build	Cache Android SDK	2026-06-06T12:22:47.4403313Z /usr/bin/tar: ../../../../../usr/local/lib/android/sdk/platforms/android-34-ext10/data/res/values-mcc310-mnc160-hi: Cannot change mode to rwxr-xr-x: Operation not permitted
build	Cache Android SDK	2026-06-06T12:22:47.4405509Z /usr/bin/tar: ../../../../../usr/local/lib/android/sdk/platforms/android-34-ext10/data/res/values-mcc334-mnc020-fr-rCA: Cannot utime: Operation not permitted
build	Cache Android SDK	2026-06-06T12:22:47.4406530Z /usr/bin/tar: ../../../../../usr/local/lib/android/sdk/platforms/android-34-ext10/data/res/values-mcc334-mnc020-fr-rCA: Cannot change mode to rwxr-xr-x: Operation not permitted
build	Cache Android SDK	2026-06-06T12:22:47.4408206Z /usr/bin/tar: ../../../../../usr/local/lib/android/sdk/platforms/android-34-ext10/data/res/values-mcc302-mnc720-lv: Cannot utime: Operation not permitted
build	Cache Android SDK	2026-06-06T12:22:47.4409184Z /usr/bin/tar: ../../../../../usr/local/lib/android/sdk/platforms/android-34-ext10/data/res/values-mcc302-mnc720-lv: Cannot change mode to rwxr-xr-x: Operation not permitted
build	Cache Android SDK	2026-06-06T12:22:47.4410960Z /usr/bin/tar: ../../../../../usr/local/lib/android/sdk/platforms/android-34-ext10/data/res/values-mcc334-mnc020-pl: Cannot utime: Operation not permitted
build	Cache Android SDK	2026-06-06T12:22:47.4411932Z /usr/bin/tar: ../../../../../usr/local/lib/android/sdk/platforms/android-34-ext10/data/res/values-mcc334-mnc020-pl: Cannot change mode to rwxr-xr-x: Operation not permitted
build	Cache Android SDK	2026-06-06T12:22:47.4413686Z /usr/bin/tar: ../../../../../usr/local/lib/android/sdk/platforms/android-34-ext10/data/res/values-mcc310-mnc230-zh-rTW: Cannot utime: Operation not permitted
build	Cache Android SDK	2026-06-06T12:22:47.4414676Z /usr/bin/tar: ../../../../../usr/local/lib/android/sdk/platforms/android-34-ext10/data/res/values-mcc310-mnc230-zh-rTW: Cannot change mode to rwxr-xr-x: Operation not permitted
build	Cache Android SDK	2026-06-06T12:22:47.4417013Z /usr/bin/tar: ../../../../../usr/local/lib/android/sdk/platforms/android-34-ext10/data/res/values-mcc311-mnc180-pt-rBR: Cannot utime: Operation not permitted
build	Cache Android SDK	2026-06-06T12:22:47.4418163Z /usr/bin/tar: ../../../../../usr/local/lib/android/sdk/platforms/android-34-ext10/data/res/values-mcc311-mnc180-pt-rBR: Cannot change mode to rwxr-xr-x: Operation not permitted
build	Cache Android SDK	2026-06-06T12:22:47.4420272Z /usr/bin/tar: ../../../../../usr/local/lib/android/sdk/platforms/android-34-ext10/data/res/values-sw600dp-port: Cannot utime: Operation not permitted
build	Cache Android SDK	2026-06-06T12:22:47.4421237Z /usr/bin/tar: ../../../../../usr/local/lib/android/sdk/platforms/android-34-ext10/data/res/values-sw600dp-port: Cannot change mode to rwxr-xr-x: Operation not permitted
build	Cache Android SDK	2026-06-06T12:22:47.4422731Z /usr/bin/tar: ../../../../../usr/local/lib/android/sdk/platforms/android-34-ext10/data/res/values-mcc310-mnc380-be: Cannot utime: Operation not permitted
build	Cache Android SDK	2026-06-06T12:22:47.4423689Z /usr/bin/tar: ../../../../../usr/local/lib/android/sdk/platforms/android-34-ext10/data/res/values-mcc310-mnc380-be: Cannot change mode to rwxr-xr-x: Operation not permitted
build	Cache Android SDK	2026-06-06T12:22:47.4425244Z /usr/bin/tar: ../../../../../usr/local/lib/android/sdk/platforms/android-34-ext10/data/res/values-mcc310-mnc280-es-rUS: Cannot utime: Operation not permitted
build	Cache Android SDK	2026-06-06T12:22:47.4426228Z /usr/bin/tar: ../../../../../usr/local/lib/android/sdk/platforms/android-34-ext10/data/res/values-mcc310-mnc280-es-rUS: Cannot change mode to rwxr-xr-x: Operation not permitted
build	Cache Android SDK	2026-06-06T12:22:47.4428540Z /usr/bin/tar: ../../../../../usr/local/lib/android/sdk/platforms/android-34-ext10/data/res/values-mcc310-mnc410-hu: Cannot utime: Operation not permitted
build	Cache Android SDK	2026-06-06T12:22:47.4429514Z /usr/bin/tar: ../../../../../usr/local/lib/android/sdk/platforms/android-34-ext10/data/res/values-mcc310-mnc410-hu: Cannot change mode to rwxr-xr-x: Operation not permitted
build	Cache Android SDK	2026-06-06T12:22:47.4431397Z /usr/bin/tar: ../../../../../usr/local/lib/android/sdk/platforms/android-34-ext10/data/res/values-mcc310-mnc170-en-rIN: Cannot utime: Operation not permitted
build	Cache Android SDK	2026-06-06T12:22:47.4432399Z /usr/bin/tar: ../../../../../usr/local/lib/android/sdk/platforms/android-34-ext10/data/res/values-mcc310-mnc170-en-rIN: Cannot change mode to rwxr-xr-x: Operation not permitted
build	Cache Android SDK	2026-06-06T12:22:47.4434147Z /usr/bin/tar: ../../../../../usr/local/lib/android/sdk/platforms/android-34-ext10/data/res/values-mcc310-mnc030-bs: Cannot utime: Operation not permitted
build	Cache Android SDK	2026-06-06T12:22:47.4435249Z /usr/bin/tar: ../../../../../usr/local/lib/android/sdk/platforms/android-34-ext10/data/res/values-mcc310-mnc030-bs: Cannot change mode to rwxr-xr-x: Operation not permitted
build	Cache Android SDK	2026-06-06T12:22:47.4436847Z /usr/bin/tar: ../../../../../usr/local/lib/android/sdk/platforms/android-34-ext10/data/res/values-mcc310-mnc250-da: Cannot utime: Operation not permitted
build	Cache Android SDK	2026-06-06T12:22:47.4437939Z /usr/bin/tar: ../../../../../usr/local/lib/android/sdk/platforms/android-34-ext10/data/res/values-mcc310-mnc250-da: Cannot change mode to rwxr-xr-x: Operation not permitted
build	Cache Android SDK	2026-06-06T12:22:47.4440475Z /usr/bin/tar: ../../../../../usr/local/lib/android/sdk/platforms/android-34-ext10/data/res/values-mcc310-mnc560-en-rGB: Cannot utime: Operation not permitted
build	Cache Android SDK	2026-06-06T12:22:47.4441459Z /usr/bin/tar: ../../../../../usr/local/lib/android/sdk/platforms/android-34-ext10/data/res/values-mcc310-mnc560-en-rGB: Cannot change mode to rwxr-xr-x: Operation not permitted
build	Cache Android SDK	2026-06-06T12:22:47.4443184Z /usr/bin/tar: ../../../../../usr/local/lib/android/sdk/platforms/android-34-ext10/data/res/values-mcc310-mnc950-sr: Cannot utime: Operation not permitted
build	Cache Android SDK	2026-06-06T12:22:47.4444289Z /usr/bin/tar: ../../../../../usr/local/lib/android/sdk/platforms/android-34-ext10/data/res/values-mcc310-mnc950-sr: Cannot change mode to rwxr-xr-x: Operation not permitted
build	Cache Android SDK	2026-06-06T12:22:47.4446876Z /usr/bin/tar: ../../../../../usr/local/lib/android/sdk/platforms/android-34-ext10/data/res/values-mcc310-mnc030-mk: Cannot utime: Operation not permitted
build	Cache Android SDK	2026-06-06T12:22:47.4447955Z /usr/bin/tar: ../../../../../usr/local/lib/android/sdk/platforms/android-34-ext10/data/res/values-mcc310-mnc030-mk: Cannot change mode to rwxr-xr-x: Operation not permitted
build	Cache Android SDK	2026-06-06T12:22:47.4449766Z /usr/bin/tar: ../../../../../usr/local/lib/android/sdk/platforms/android-34-ext10/data/res/values-mcc310-mnc560-ru: Cannot utime: Operation not permitted
build	Cache Android SDK	2026-06-06T12:22:47.4450819Z /usr/bin/tar: ../../../../../usr/local/lib/android/sdk/platforms/android-34-ext10/data/res/values-mcc310-mnc560-ru: Cannot change mode to rwxr-xr-x: Operation not permitted
build	Cache Android SDK	2026-06-06T12:22:47.4452497Z /usr/bin/tar: ../../../../../usr/local/lib/android/sdk/platforms/android-34-ext10/data/res/values-mcc310-mnc380-nb: Cannot utime: Operation not permitted
build	Cache Android SDK	2026-06-06T12:22:47.4453459Z /usr/bin/tar: ../../../../../usr/local/lib/android/sdk/platforms/android-34-ext10/data/res/values-mcc310-mnc380-nb: Cannot change mode to rwxr-xr-x: Operation not permitted
build	Cache Android SDK	2026-06-06T12:22:47.4455685Z /usr/bin/tar: ../../../../../usr/local/lib/android/sdk/platforms/android-34-ext10/data/res/values-mcc310-mnc160-fa: Cannot utime: Operation not permitted
build	Cache Android SDK	2026-06-06T12:22:47.4456648Z /usr/bin/tar: ../../../../../usr/local/lib/android/sdk/platforms/android-34-ext10/data/res/values-mcc310-mnc160-fa: Cannot change mode to rwxr-xr-x: Operation not permitted
build	Cache Android SDK	2026-06-06T12:22:47.4460493Z /usr/bin/tar: ../../../../../usr/local/lib/android/sdk/platforms/android-34-ext10/data/res/layout-sw600dp: Cannot utime: Operation not permitted
build	Cache Android SDK	2026-06-06T12:22:47.4462148Z /usr/bin/tar: ../../../../../usr/local/lib/android/sdk/platforms/android-34-ext10/data/res/layout-sw600dp: Cannot change mode to rwxr-xr-x: Operation not permitted
build	Cache Android SDK	2026-06-06T12:22:47.4463652Z /usr/bin/tar: ../../../../../usr/local/lib/android/sdk/platforms/android-34-ext10/data/res/values-mcc302-mnc720-ms: Cannot utime: Operation not permitted
build	Cache Android SDK	2026-06-06T12:22:47.4464799Z /usr/bin/tar: ../../../../../usr/local/lib/android/sdk/platforms/android-34-ext10/data/res/values-mcc302-mnc720-ms: Cannot change mode to rwxr-xr-x: Operation not permitted
build	Cache Android SDK	2026-06-06T12:22:47.4466377Z /usr/bin/tar: ../../../../../usr/local/lib/android/sdk/platforms/android-34-ext10/data/res/values-el-watch: Cannot utime: Operation not permitted
build	Cache Android SDK	2026-06-06T12:22:47.4467305Z /usr/bin/tar: ../../../../../usr/local/lib/android/sdk/platforms/android-34-ext10/data/res/values-el-watch: Cannot change mode to rwxr-xr-x: Operation not permitted
build	Cache Android SDK	2026-06-06T12:22:47.4469529Z /usr/bin/tar: ../../../../../usr/local/lib/android/sdk/platforms/android-34-ext10/data/res/values-mcc310-mnc170-mr: Cannot utime: Operation not permitted
build	Cache Android SDK	2026-06-06T12:22:47.4470618Z /usr/bin/tar: ../../../../../usr/local/lib/android/sdk/platforms/android-34-ext10/data/res/values-mcc310-mnc170-mr: Cannot change mode to rwxr-xr-x: Operation not permitted
build	Cache Android SDK	2026-06-06T12:22:47.4472849Z /usr/bin/tar: ../../../../../usr/local/lib/android/sdk/platforms/android-34-ext10/data/res/values-mcc310-mnc250-nl: Cannot utime: Operation not permitted
build	Cache Android SDK	2026-06-06T12:22:47.4473818Z /usr/bin/tar: ../../../../../usr/local/lib/android/sdk/platforms/android-34-ext10/data/res/values-mcc310-mnc250-nl: Cannot change mode to rwxr-xr-x: Operation not permitted
build	Cache Android SDK	2026-06-06T12:22:47.4476135Z /usr/bin/tar: ../../../../../usr/local/lib/android/sdk/platforms/android-34-ext10/data/res/values-mcc310-mnc950-pl: Cannot utime: Operation not permitted
build	Cache Android SDK	2026-06-06T12:22:47.4477120Z /usr/bin/tar: ../../../../../usr/local/lib/android/sdk/platforms/android-34-ext10/data/res/values-mcc310-mnc950-pl: Cannot change mode to rwxr-xr-x: Operation not permitted
build	Cache Android SDK	2026-06-06T12:22:47.4479289Z /usr/bin/tar: ../../../../../usr/local/lib/android/sdk/platforms/android-34-ext10/data/res/values-mcc312-mnc670-mk: Cannot utime: Operation not permitted
build	Cache Android SDK	2026-06-06T12:22:47.4480346Z /usr/bin/tar: ../../../../../usr/local/lib/android/sdk/platforms/android-34-ext10/data/res/values-mcc312-mnc670-mk: Cannot change mode to rwxr-xr-x: Operation not permitted
build	Cache Android SDK	2026-06-06T12:22:47.4482786Z /usr/bin/tar: ../../../../../usr/local/lib/android/sdk/platforms/android-34-ext10/data/res/values-mcc313-mnc100-fi: Cannot utime: Operation not permitted
build	Cache Android SDK	2026-06-06T12:22:47.4483760Z /usr/bin/tar: ../../../../../usr/local/lib/android/sdk/platforms/android-34-ext10/data/res/values-mcc313-mnc100-fi: Cannot change mode to rwxr-xr-x: Operation not permitted
build	Cache Android SDK	2026-06-06T12:22:47.4486429Z /usr/bin/tar: ../../../../../usr/local/lib/android/sdk/platforms/android-34-ext10/data/res/values-mcc310-mnc200-is: Cannot utime: Operation not permitted
build	Cache Android SDK	2026-06-06T12:22:47.4487791Z /usr/bin/tar: ../../../../../usr/local/lib/android/sdk/platforms/android-34-ext10/data/res/values-mcc310-mnc200-is: Cannot change mode to rwxr-xr-x: Operation not permitted
build	Cache Android SDK	2026-06-06T12:22:47.4489474Z /usr/bin/tar: ../../../../../usr/local/lib/android/sdk/platforms/android-34-ext10/data/res/values-mcc312-mnc670-sw: Cannot utime: Operation not permitted
build	Cache Android SDK	2026-06-06T12:22:47.4490427Z /usr/bin/tar: ../../../../../usr/local/lib/android/sdk/platforms/android-34-ext10/data/res/values-mcc312-mnc670-sw: Cannot change mode to rwxr-xr-x: Operation not permitted
build	Cache Android SDK	2026-06-06T12:22:47.4492773Z /usr/bin/tar: ../../../../../usr/local/lib/android/sdk/platforms/android-34-ext10/data/res/values-mcc310-mnc220-ur: Cannot utime: Operation not permitted
build	Cache Android SDK	2026-06-06T12:22:47.4493736Z /usr/bin/tar: ../../../../../usr/local/lib/android/sdk/platforms/android-34-ext10/data/res/values-mcc310-mnc220-ur: Cannot change mode to rwxr-xr-x: Operation not permitted
build	Cache Android SDK	2026-06-06T12:22:47.4496150Z /usr/bin/tar: ../../../../../usr/local/lib/android/sdk/platforms/android-34-ext10/data/res/values-mcc302-mnc370-hy: Cannot utime: Operation not permitted
build	Cache Android SDK	2026-06-06T12:22:47.4497131Z /usr/bin/tar: ../../../../../usr/local/lib/android/sdk/platforms/android-34-ext10/data/res/values-mcc302-mnc370-hy: Cannot change mode to rwxr-xr-x: Operation not permitted
build	Cache Android SDK	2026-06-06T12:22:47.4499468Z /usr/bin/tar: ../../../../../usr/local/lib/android/sdk/platforms/android-34-ext10/data/res/values-mcc310-mnc250-mn: Cannot utime: Operation not permitted
build	Cache Android SDK	2026-06-06T12:22:47.4500430Z /usr/bin/tar: ../../../../../usr/local/lib/android/sdk/platforms/android-34-ext10/data/res/values-mcc310-mnc250-mn: Cannot change mode to rwxr-xr-x: Operation not permitted
build	Cache Android SDK	2026-06-06T12:22:47.4503202Z /usr/bin/tar: ../../../../../usr/local/lib/android/sdk/platforms/android-34-ext10/data/res/values-mcc310-mnc030-sk: Cannot utime: Operation not permitted
build	Cache Android SDK	2026-06-06T12:22:47.4504169Z /usr/bin/tar: ../../../../../usr/local/lib/android/sdk/platforms/android-34-ext10/data/res/values-mcc310-mnc030-sk: Cannot change mode to rwxr-xr-x: Operation not permitted
build	Cache Android SDK	2026-06-06T12:22:47.4506327Z /usr/bin/tar: ../../../../../usr/local/lib/android/sdk/platforms/android-34-ext10/data/res/values-mcc310-mnc660-cs: Cannot utime: Operation not permitted
build	Cache Android SDK	2026-06-06T12:22:47.4507299Z /usr/bin/tar: ../../../../../usr/local/lib/android/sdk/platforms/android-34-ext10/data/res/values-mcc310-mnc660-cs: Cannot change mode to rwxr-xr-x: Operation not permitted
build	Cache Android SDK	2026-06-06T12:22:47.4509456Z /usr/bin/tar: ../../../../../usr/local/lib/android/sdk/platforms/android-34-ext10/data/res/values-mcc313-mnc100-hy: Cannot utime: Operation not permitted
build	Cache Android SDK	2026-06-06T12:22:47.4510420Z /usr/bin/tar: ../../../../../usr/local/lib/android/sdk/platforms/android-34-ext10/data/res/values-mcc313-mnc100-hy: Cannot change mode to rwxr-xr-x: Operation not permitted
build	Cache Android SDK	2026-06-06T12:22:47.4513418Z /usr/bin/tar: ../../../../../usr/local/lib/android/sdk/platforms/android-34-ext10/data/res/values-mcc310-mnc220-pt-rPT: Cannot utime: Operation not permitted
build	Cache Android SDK	2026-06-06T12:22:47.4514848Z /usr/bin/tar: ../../../../../usr/local/lib/android/sdk/platforms/android-34-ext10/data/res/values-mcc310-mnc220-pt-rPT: Cannot change mode to rwxr-xr-x: Operation not permitted
build	Cache Android SDK	2026-06-06T12:22:47.4516386Z /usr/bin/tar: ../../../../../usr/local/lib/android/sdk/platforms/android-34-ext10/data/res/values-b+sr+Latn-watch: Cannot utime: Operation not permitted
build	Cache Android SDK	2026-06-06T12:22:47.4517342Z /usr/bin/tar: ../../../../../usr/local/lib/android/sdk/platforms/android-34-ext10/data/res/values-b+sr+Latn-watch: Cannot change mode to rwxr-xr-x: Operation not permitted
build	Cache Android SDK	2026-06-06T12:22:47.4520586Z /usr/bin/tar: ../../../../../usr/local/lib/android/sdk/platforms/android-34-ext10/data/res/values-mcc334-mnc020-km: Cannot utime: Operation not permitted
build	Cache Android SDK	2026-06-06T12:22:47.4521575Z /usr/bin/tar: ../../../../../usr/local/lib/android/sdk/platforms/android-34-ext10/data/res/values-mcc334-mnc020-km: Cannot change mode to rwxr-xr-x: Operation not permitted
build	Cache Android SDK	2026-06-06T12:22:47.4524022Z /usr/bin/tar: ../../../../../usr/local/lib/android/sdk/platforms/android-34-ext10/data/res/values-mcc311-mnc180-bn: Cannot utime: Operation not permitted
build	Cache Android SDK	2026-06-06T12:22:47.4525003Z /usr/bin/tar: ../../../../../usr/local/lib/android/sdk/platforms/android-34-ext10/data/res/values-mcc311-mnc180-bn: Cannot change mode to rwxr-xr-x: Operation not permitted
build	Cache Android SDK	2026-06-06T12:22:47.4526217Z /usr/bin/tar: ../../../../../usr/local/lib/android/sdk/platforms/android-34-ext10/data/res/values-mcc334-mnc020-en-rXC: Cannot utime: Operation not permitted
build	Cache Android SDK	2026-06-06T12:22:47.4527211Z /usr/bin/tar: ../../../../../usr/local/lib/android/sdk/platforms/android-34-ext10/data/res/values-mcc334-mnc020-en-rXC: Cannot change mode to rwxr-xr-x: Operation not permitted
build	Cache Android SDK	2026-06-06T12:22:47.4533197Z /usr/bin/tar: ../../../../../usr/local/lib/android/sdk/platforms/android-34-ext10/data/res/values-ro: Cannot utime: Operation not permitted
build	Cache Android SDK	2026-06-06T12:22:47.4534484Z /usr/bin/tar: ../../../../../usr/local/lib/android/sdk/platforms/android-34-ext10/data/res/values-ro: Cannot change mode to rwxr-xr-x: Operation not permitted
build	Cache Android SDK	2026-06-06T12:22:47.4535872Z /usr/bin/tar: ../../../../../usr/local/lib/android/sdk/platforms/android-34-ext10/data/res/values-mcc310-mnc310-cs: Cannot utime: Operation not permitted
build	Cache Android SDK	2026-06-06T12:22:47.4536833Z /usr/bin/tar: ../../../../../usr/local/lib/android/sdk/platforms/android-34-ext10/data/res/values-mcc310-mnc310-cs: Cannot change mode to rwxr-xr-x: Operation not permitted
build	Cache Android SDK	2026-06-06T12:22:47.4539393Z /usr/bin/tar: ../../../../../usr/local/lib/android/sdk/platforms/android-34-ext10/data/res/values-mcc310-mnc210-bs: Cannot utime: Operation not permitted
build	Cache Android SDK	2026-06-06T12:22:47.4540354Z /usr/bin/tar: ../../../../../usr/local/lib/android/sdk/platforms/android-34-ext10/data/res/values-mcc310-mnc210-bs: Cannot change mode to rwxr-xr-x: Operation not permitted
build	Cache Android SDK	2026-06-06T12:22:47.4542542Z /usr/bin/tar: ../../../../../usr/local/lib/android/sdk/platforms/android-34-ext10/data/res/values-mcc310-mnc220-hr: Cannot utime: Operation not permitted
build	Cache Android SDK	2026-06-06T12:22:47.4543598Z /usr/bin/tar: ../../../../../usr/local/lib/android/sdk/platforms/android-34-ext10/data/res/values-mcc310-mnc220-hr: Cannot change mode to rwxr-xr-x: Operation not permitted
build	Cache Android SDK	2026-06-06T12:22:47.4545593Z /usr/bin/tar: ../../../../../usr/local/lib/android/sdk/platforms/android-34-ext10/data/res/values-mcc310-mnc560-hu: Cannot utime: Operation not permitted
build	Cache Android SDK	2026-06-06T12:22:47.4546554Z /usr/bin/tar: ../../../../../usr/local/lib/android/sdk/platforms/android-34-ext10/data/res/values-mcc310-mnc560-hu: Cannot change mode to rwxr-xr-x: Operation not permitted
build	Cache Android SDK	2026-06-06T12:22:47.4548793Z /usr/bin/tar: ../../../../../usr/local/lib/android/sdk/platforms/android-34-ext10/data/res/values-mcc313: Cannot utime: Operation not permitted
build	Cache Android SDK	2026-06-06T12:22:47.4549690Z /usr/bin/tar: ../../../../../usr/local/lib/android/sdk/platforms/android-34-ext10/data/res/values-mcc313: Cannot change mode to rwxr-xr-x: Operation not permitted
build	Cache Android SDK	2026-06-06T12:22:47.4551930Z /usr/bin/tar: ../../../../../usr/local/lib/android/sdk/platforms/android-34-ext10/data/res/values-mcc302-mnc720-uz: Cannot utime: Operation not permitted
build	Cache Android SDK	2026-06-06T12:22:47.4553065Z /usr/bin/tar: ../../../../../usr/local/lib/android/sdk/platforms/android-34-ext10/data/res/values-mcc302-mnc720-uz: Cannot change mode to rwxr-xr-x: Operation not permitted
build	Cache Android SDK	2026-06-06T12:22:47.4555109Z /usr/bin/tar: ../../../../../usr/local/lib/android/sdk/platforms/android-34-ext10/data/res/values-mcc334-mnc020-hi: Cannot utime: Operation not permitted
build	Cache Android SDK	2026-06-06T12:22:47.4556073Z /usr/bin/tar: ../../../../../usr/local/lib/android/sdk/platforms/android-34-ext10/data/res/values-mcc334-mnc020-hi: Cannot change mode to rwxr-xr-x: Operation not permitted
build	Cache Android SDK	2026-06-06T12:22:47.4558268Z /usr/bin/tar: ../../../../../usr/local/lib/android/sdk/platforms/android-34-ext10/data/res/values-mcc310-mnc410-ja: Cannot utime: Operation not permitted
build	Cache Android SDK	2026-06-06T12:22:47.4559273Z /usr/bin/tar: ../../../../../usr/local/lib/android/sdk/platforms/android-34-ext10/data/res/values-mcc310-mnc410-ja: Cannot change mode to rwxr-xr-x: Operation not permitted
build	Cache Android SDK	2026-06-06T12:22:47.4562124Z /usr/bin/tar: ../../../../../usr/local/lib/android/sdk/platforms/android-34-ext10/data/res/values-mcc310-mnc490-gl: Cannot utime: Operation not permitted
build	Cache Android SDK	2026-06-06T12:22:47.4563495Z /usr/bin/tar: ../../../../../usr/local/lib/android/sdk/platforms/android-34-ext10/data/res/values-mcc310-mnc490-gl: Cannot change mode to rwxr-xr-x: Operation not permitted
build	Cache Android SDK	2026-06-06T12:22:47.4564897Z /usr/bin/tar: ../../../../../usr/local/lib/android/sdk/platforms/android-34-ext10/data/res/values-mcc310-mnc310-de: Cannot utime: Operation not permitted
build	Cache Android SDK	2026-06-06T12:22:47.4565833Z /usr/bin/tar: ../../../../../usr/local/lib/android/sdk/platforms/android-34-ext10/data/res/values-mcc310-mnc310-de: Cannot change mode to rwxr-xr-x: Operation not permitted
build	Cache Android SDK	2026-06-06T12:22:47.4567851Z /usr/bin/tar: ../../../../../usr/local/lib/android/sdk/platforms/android-34-ext10/data/res/values-cs-television: Cannot utime: Operation not permitted
build	Cache Android SDK	2026-06-06T12:22:47.4568810Z /usr/bin/tar: ../../../../../usr/local/lib/android/sdk/platforms/android-34-ext10/data/res/values-cs-television: Cannot change mode to rwxr-xr-x: Operation not permitted
build	Cache Android SDK	2026-06-06T12:22:47.4571198Z /usr/bin/tar: ../../../../../usr/local/lib/android/sdk/platforms/android-34-ext10/data/res/values-mcc334-mnc03: Cannot utime: Operation not permitted
build	Cache Android SDK	2026-06-06T12:22:47.4572267Z /usr/bin/tar: ../../../../../usr/local/lib/android/sdk/platforms/android-34-ext10/data/res/values-mcc334-mnc03: Cannot change mode to rwxr-xr-x: Operation not permitted
build	Cache Android SDK	2026-06-06T12:22:47.4574630Z /usr/bin/tar: ../../../../../usr/local/lib/android/sdk/platforms/android-34-ext10/data/res/values-mcc312-mnc670-ne: Cannot utime: Operation not permitted
build	Cache Android SDK	2026-06-06T12:22:47.4575700Z /usr/bin/tar: ../../../../../usr/local/lib/android/sdk/platforms/android-34-ext10/data/res/values-mcc312-mnc670-ne: Cannot change mode to rwxr-xr-x: Operation not permitted
build	Cache Android SDK	2026-06-06T12:22:47.4577820Z /usr/bin/tar: ../../../../../usr/local/lib/android/sdk/platforms/android-34-ext10/data/res/values-mcc310-mnc230-en-rIN: Cannot utime: Operation not permitted
build	Cache Android SDK	2026-06-06T12:22:47.4579030Z /usr/bin/tar: ../../../../../usr/local/lib/android/sdk/platforms/android-34-ext10/data/res/values-mcc310-mnc230-en-rIN: Cannot change mode to rwxr-xr-x: Operation not permitted
build	Cache Android SDK	2026-06-06T12:22:47.4581003Z /usr/bin/tar: ../../../../../usr/local/lib/android/sdk/platforms/android-34-ext10/data/res/values-mcc310-mnc150-ne: Cannot utime: Operation not permitted
build	Cache Android SDK	2026-06-06T12:22:47.4581977Z /usr/bin/tar: ../../../../../usr/local/lib/android/sdk/platforms/android-34-ext10/data/res/values-mcc310-mnc150-ne: Cannot change mode to rwxr-xr-x: Operation not permitted
build	Cache Android SDK	2026-06-06T12:22:47.4584662Z /usr/bin/tar: ../../../../../usr/local/lib/android/sdk/platforms/android-34-ext10/data/res/values-mcc310-mnc200-ca: Cannot utime: Operation not permitted
build	Cache Android SDK	2026-06-06T12:22:47.4585615Z /usr/bin/tar: ../../../../../usr/local/lib/android/sdk/platforms/android-34-ext10/data/res/values-mcc310-mnc200-ca: Cannot change mode to rwxr-xr-x: Operation not permitted
build	Cache Android SDK	2026-06-06T12:22:47.4588179Z /usr/bin/tar: ../../../../../usr/local/lib/android/sdk/platforms/android-34-ext10/data/res/values-mcc310-mnc030-km: Cannot utime: Operation not permitted
build	Cache Android SDK	2026-06-06T12:22:47.4589320Z /usr/bin/tar: ../../../../../usr/local/lib/android/sdk/platforms/android-34-ext10/data/res/values-mcc310-mnc030-km: Cannot change mode to rwxr-xr-x: Operation not permitted
build	Cache Android SDK	2026-06-06T12:22:47.4591419Z /usr/bin/tar: ../../../../../usr/local/lib/android/sdk/platforms/android-34-ext10/data/res/values-mcc313-mnc100-pa: Cannot utime: Operation not permitted
build	Cache Android SDK	2026-06-06T12:22:47.4592474Z /usr/bin/tar: ../../../../../usr/local/lib/android/sdk/platforms/android-34-ext10/data/res/values-mcc313-mnc100-pa: Cannot change mode to rwxr-xr-x: Operation not permitted
build	Cache Android SDK	2026-06-06T12:22:47.4594641Z /usr/bin/tar: ../../../../../usr/local/lib/android/sdk/platforms/android-34-ext10/data/res/values-mcc310-mnc150-ru: Cannot utime: Operation not permitted
build	Cache Android SDK	2026-06-06T12:22:47.4595879Z /usr/bin/tar: ../../../../../usr/local/lib/android/sdk/platforms/android-34-ext10/data/res/values-mcc310-mnc150-ru: Cannot change mode to rwxr-xr-x: Operation not permitted
build	Cache Android SDK	2026-06-06T12:22:47.4597749Z /usr/bin/tar: ../../../../../usr/local/lib/android/sdk/platforms/android-34-ext10/data/res/values-mcc310-mnc560-eu: Cannot utime: Operation not permitted
build	Cache Android SDK	2026-06-06T12:22:47.4599177Z /usr/bin/tar: ../../../../../usr/local/lib/android/sdk/platforms/android-34-ext10/data/res/values-mcc310-mnc560-eu: Cannot change mode to rwxr-xr-x: Operation not permitted
build	Cache Android SDK	2026-06-06T12:22:47.4600702Z /usr/bin/tar: ../../../../../usr/local/lib/android/sdk/platforms/android-34-ext10/data/res/values-mcc310-mnc170-zh-rTW: Cannot utime: Operation not permitted
build	Cache Android SDK	2026-06-06T12:22:47.4601691Z /usr/bin/tar: ../../../../../usr/local/lib/android/sdk/platforms/android-34-ext10/data/res/values-mcc310-mnc170-zh-rTW: Cannot change mode to rwxr-xr-x: Operation not permitted
build	Cache Android SDK	2026-06-06T12:22:47.4603521Z /usr/bin/tar: ../../../../../usr/local/lib/android/sdk/platforms/android-34-ext10/data/res/values-lo-television: Cannot utime: Operation not permitted
build	Cache Android SDK	2026-06-06T12:22:47.4604493Z /usr/bin/tar: ../../../../../usr/local/lib/android/sdk/platforms/android-34-ext10/data/res/values-lo-television: Cannot change mode to rwxr-xr-x: Operation not permitted
build	Cache Android SDK	2026-06-06T12:22:47.4607315Z /usr/bin/tar: ../../../../../usr/local/lib/android/sdk/platforms/android-34-ext10/data/res/values-mcc311-mnc180-mr: Cannot utime: Operation not permitted
build	Cache Android SDK	2026-06-06T12:22:47.4608593Z /usr/bin/tar: ../../../../../usr/local/lib/android/sdk/platforms/android-34-ext10/data/res/values-mcc311-mnc180-mr: Cannot change mode to rwxr-xr-x: Operation not permitted
build	Cache Android SDK	2026-06-06T12:22:47.4614944Z /usr/bin/tar: ../../../../../usr/local/lib/android/sdk/platforms/android-34-ext10/data/res/values-mcc001-mnc01-ne: Cannot utime: Operation not permitted
build	Cache Android SDK	2026-06-06T12:22:47.4616269Z /usr/bin/tar: ../../../../../usr/local/lib/android/sdk/platforms/android-34-ext10/data/res/values-mcc001-mnc01-ne: Cannot change mode to rwxr-xr-x: Operation not permitted
build	Cache Android SDK	2026-06-06T12:22:47.4617943Z /usr/bin/tar: ../../../../../usr/local/lib/android/sdk/platforms/android-34-ext10/data/res/values-iw-watch: Cannot utime: Operation not permitted
build	Cache Android SDK	2026-06-06T12:22:47.4618955Z /usr/bin/tar: ../../../../../usr/local/lib/android/sdk/platforms/android-34-ext10/data/res/values-iw-watch: Cannot change mode to rwxr-xr-x: Operation not permitted
build	Cache Android SDK	2026-06-06T12:22:47.4620246Z /usr/bin/tar: ../../../../../usr/local/lib/android/sdk/platforms/android-34-ext10/data/res/values-mcc310-mnc560-it: Cannot utime: Operation not permitted
build	Cache Android SDK	2026-06-06T12:22:47.4621369Z /usr/bin/tar: ../../../../../usr/local/lib/android/sdk/platforms/android-34-ext10/data/res/values-mcc310-mnc560-it: Cannot change mode to rwxr-xr-x: Operation not permitted
build	Cache Android SDK	2026-06-06T12:22:47.4622379Z /usr/bin/tar: ../../../../../usr/local/lib/android/sdk/platforms/android-34-ext10/data/res/values-mcc313-mnc100-it: Cannot utime: Operation not permitted
build	Cache Android SDK	2026-06-06T12:22:47.4623836Z /usr/bin/tar: ../../../../../usr/local/lib/android/sdk/platforms/android-34-ext10/data/res/values-mcc313-mnc100-it: Cannot change mode to rwxr-xr-x: Operation not permitted
build	Cache Android SDK	2026-06-06T12:22:47.4624936Z /usr/bin/tar: ../../../../../usr/local/lib/android/sdk/platforms/android-34-ext10/data/res/values-mcc310-mnc270-pl: Cannot utime: Operation not permitted
build	Cache Android SDK	2026-06-06T12:22:47.4626053Z /usr/bin/tar: ../../../../../usr/local/lib/android/sdk/platforms/android-34-ext10/data/res/values-mcc310-mnc270-pl: Cannot change mode to rwxr-xr-x: Operation not permitted
build	Cache Android SDK	2026-06-06T12:22:47.4627508Z /usr/bin/tar: ../../../../../usr/local/lib/android/sdk/platforms/android-34-ext10/data/res/values-ca-watch: Cannot utime: Operation not permitted
build	Cache Android SDK	2026-06-06T12:22:47.4628479Z /usr/bin/tar: ../../../../../usr/local/lib/android/sdk/platforms/android-34-ext10/data/res/values-ca-watch: Cannot change mode to rwxr-xr-x: Operation not permitted
build	Cache Android SDK	2026-06-06T12:22:47.4630012Z /usr/bin/tar: ../../../../../usr/local/lib/android/sdk/platforms/android-34-ext10/data/res/values-mcc310-mnc380-ja: Cannot utime: Operation not permitted
build	Cache Android SDK	2026-06-06T12:22:47.4631041Z /usr/bin/tar: ../../../../../usr/local/lib/android/sdk/platforms/android-34-ext10/data/res/values-mcc310-mnc380-ja: Cannot change mode to rwxr-xr-x: Operation not permitted
build	Cache Android SDK	2026-06-06T12:22:47.4685063Z /usr/bin/tar: ../../../../../usr/local/lib/android/sdk/platforms/android-34-ext10/data/res/values: Cannot utime: Operation not permitted
build	Cache Android SDK	2026-06-06T12:22:47.4686118Z /usr/bin/tar: ../../../../../usr/local/lib/android/sdk/platforms/android-34-ext10/data/res/values: Cannot change mode to rwxr-xr-x: Operation not permitted
build	Cache Android SDK	2026-06-06T12:22:47.4687958Z /usr/bin/tar: ../../../../../usr/local/lib/android/sdk/platforms/android-34-ext10/data/res/raw-zh-rCN: Cannot utime: Operation not permitted
build	Cache Android SDK	2026-06-06T12:22:47.4688868Z /usr/bin/tar: ../../../../../usr/local/lib/android/sdk/platforms/android-34-ext10/data/res/raw-zh-rCN: Cannot change mode to rwxr-xr-x: Operation not permitted
build	Cache Android SDK	2026-06-06T12:22:47.4691325Z /usr/bin/tar: ../../../../../usr/local/lib/android/sdk/platforms/android-34-ext10/data/res/values-mcc310-mnc280-ro: Cannot utime: Operation not permitted
build	Cache Android SDK	2026-06-06T12:22:47.4692406Z /usr/bin/tar: ../../../../../usr/local/lib/android/sdk/platforms/android-34-ext10/data/res/values-mcc310-mnc280-ro: Cannot change mode to rwxr-xr-x: Operation not permitted
build	Cache Android SDK	2026-06-06T12:22:47.4694092Z /usr/bin/tar: ../../../../../usr/local/lib/android/sdk/platforms/android-34-ext10/data/res/values-mcc310-mnc250-en-rGB: Cannot utime: Operation not permitted
build	Cache Android SDK	2026-06-06T12:22:47.4695085Z /usr/bin/tar: ../../../../../usr/local/lib/android/sdk/platforms/android-34-ext10/data/res/values-mcc310-mnc250-en-rGB: Cannot change mode to rwxr-xr-x: Operation not permitted
build	Cache Android SDK	2026-06-06T12:22:47.4696907Z /usr/bin/tar: ../../../../../usr/local/lib/android/sdk/platforms/android-34-ext10/data/res/values-es-rCO: Cannot utime: Operation not permitted
build	Cache Android SDK	2026-06-06T12:22:47.4697973Z /usr/bin/tar: ../../../../../usr/local/lib/android/sdk/platforms/android-34-ext10/data/res/values-es-rCO: Cannot change mode to rwxr-xr-x: Operation not permitted
build	Cache Android SDK	2026-06-06T12:22:47.4700443Z /usr/bin/tar: ../../../../../usr/local/lib/android/sdk/platforms/android-34-ext10/data/res/values-mcc310-mnc170-uz: Cannot utime: Operation not permitted
build	Cache Android SDK	2026-06-06T12:22:47.4701450Z /usr/bin/tar: ../../../../../usr/local/lib/android/sdk/platforms/android-34-ext10/data/res/values-mcc310-mnc170-uz: Cannot change mode to rwxr-xr-x: Operation not permitted
build	Cache Android SDK	2026-06-06T12:22:47.4703247Z /usr/bin/tar: ../../../../../usr/local/lib/android/sdk/platforms/android-34-ext10/data/res/values-mcc310-mnc950-is: Cannot utime: Operation not permitted
build	Cache Android SDK	2026-06-06T12:22:47.4704206Z /usr/bin/tar: ../../../../../usr/local/lib/android/sdk/platforms/android-34-ext10/data/res/values-mcc310-mnc950-is: Cannot change mode to rwxr-xr-x: Operation not permitted
build	Cache Android SDK	2026-06-06T12:22:47.4708885Z /usr/bin/tar: ../../../../../usr/local/lib/android/sdk/platforms/android-34-ext10/data/res/values-pt-watch: Cannot utime: Operation not permitted
build	Cache Android SDK	2026-06-06T12:22:47.4710007Z /usr/bin/tar: ../../../../../usr/local/lib/android/sdk/platforms/android-34-ext10/data/res/values-pt-watch: Cannot change mode to rwxr-xr-x: Operation not permitted
build	Cache Android SDK	2026-06-06T12:22:47.4711559Z /usr/bin/tar: ../../../../../usr/local/lib/android/sdk/platforms/android-34-ext10/data/res/values-mcc313-mnc100-pl: Cannot utime: Operation not permitted
build	Cache Android SDK	2026-06-06T12:22:47.4712499Z /usr/bin/tar: ../../../../../usr/local/lib/android/sdk/platforms/android-34-ext10/data/res/values-mcc313-mnc100-pl: Cannot change mode to rwxr-xr-x: Operation not permitted
build	Cache Android SDK	2026-06-06T12:22:47.4714714Z /usr/bin/tar: ../../../../../usr/local/lib/android/sdk/platforms/android-34-ext10/data/res/values-mcc001-mnc01-vi: Cannot utime: Operation not permitted
build	Cache Android SDK	2026-06-06T12:22:47.4715187Z /usr/bin/tar: ../../../../../usr/local/lib/android/sdk/platforms/android-34-ext10/data/res/values-mcc001-mnc01-vi: Cannot change mode to rwxr-xr-x: Operation not permitted
build	Cache Android SDK	2026-06-06T12:22:47.4717997Z /usr/bin/tar: ../../../../../usr/local/lib/android/sdk/platforms/android-34-ext10/data/res/values-mcc313-mnc100-lv: Cannot utime: Operation not permitted
build	Cache Android SDK	2026-06-06T12:22:47.4718884Z /usr/bin/tar: ../../../../../usr/local/lib/android/sdk/platforms/android-34-ext10/data/res/values-mcc313-mnc100-lv: Cannot change mode to rwxr-xr-x: Operation not permitted
build	Cache Android SDK	2026-06-06T12:22:47.4720671Z /usr/bin/tar: ../../../../../usr/local/lib/android/sdk/platforms/android-34-ext10/data/res/values-mcc302-mnc720-gu: Cannot utime: Operation not permitted
build	Cache Android SDK	2026-06-06T12:22:47.4721143Z /usr/bin/tar: ../../../../../usr/local/lib/android/sdk/platforms/android-34-ext10/data/res/values-mcc302-mnc720-gu: Cannot change mode to rwxr-xr-x: Operation not permitted
build	Cache Android SDK	2026-06-06T12:22:47.4723328Z /usr/bin/tar: ../../../../../usr/local/lib/android/sdk/platforms/android-34-ext10/data/res/values-mcc302-mnc370-zh-rCN: Cannot utime: Operation not permitted
build	Cache Android SDK	2026-06-06T12:22:47.4723807Z /usr/bin/tar: ../../../../../usr/local/lib/android/sdk/platforms/android-34-ext10/data/res/values-mcc302-mnc370-zh-rCN: Cannot change mode to rwxr-xr-x: Operation not permitted
build	Cache Android SDK	2026-06-06T12:22:47.4726500Z /usr/bin/tar: ../../../../../usr/local/lib/android/sdk/platforms/android-34-ext10/data/res/values-th-watch: Cannot utime: Operation not permitted
build	Cache Android SDK	2026-06-06T12:22:47.4726940Z /usr/bin/tar: ../../../../../usr/local/lib/android/sdk/platforms/android-34-ext10/data/res/values-th-watch: Cannot change mode to rwxr-xr-x: Operation not permitted
build	Cache Android SDK	2026-06-06T12:22:47.4729658Z /usr/bin/tar: ../../../../../usr/local/lib/android/sdk/platforms/android-34-ext10/data/res/values-mcc310-mnc250-ta: Cannot utime: Operation not permitted
build	Cache Android SDK	2026-06-06T12:22:47.4730120Z /usr/bin/tar: ../../../../../usr/local/lib/android/sdk/platforms/android-34-ext10/data/res/values-mcc310-mnc250-ta: Cannot change mode to rwxr-xr-x: Operation not permitted
build	Cache Android SDK	2026-06-06T12:22:47.4733147Z /usr/bin/tar: ../../../../../usr/local/lib/android/sdk/platforms/android-34-ext10/data/res/values-mcc310-mnc560-mk: Cannot utime: Operation not permitted
build	Cache Android SDK	2026-06-06T12:22:47.4733728Z /usr/bin/tar: ../../../../../usr/local/lib/android/sdk/platforms/android-34-ext10/data/res/values-mcc310-mnc560-mk: Cannot change mode to rwxr-xr-x: Operation not permitted
build	Cache Android SDK	2026-06-06T12:22:47.4736102Z /usr/bin/tar: ../../../../../usr/local/lib/android/sdk/platforms/android-34-ext10/data/res/values-mcc466-mnc02: Cannot utime: Operation not permitted
build	Cache Android SDK	2026-06-06T12:22:47.4736556Z /usr/bin/tar: ../../../../../usr/local/lib/android/sdk/platforms/android-34-ext10/data/res/values-mcc466-mnc02: Cannot change mode to rwxr-xr-x: Operation not permitted
build	Cache Android SDK	2026-06-06T12:22:47.4739370Z /usr/bin/tar: ../../../../../usr/local/lib/android/sdk/platforms/android-34-ext10/data/res/values-mcc310-mnc030: Cannot utime: Operation not permitted
build	Cache Android SDK	2026-06-06T12:22:47.4739832Z /usr/bin/tar: ../../../../../usr/local/lib/android/sdk/platforms/android-34-ext10/data/res/values-mcc310-mnc030: Cannot change mode to rwxr-xr-x: Operation not permitted
build	Cache Android SDK	2026-06-06T12:22:47.4742523Z /usr/bin/tar: ../../../../../usr/local/lib/android/sdk/platforms/android-34-ext10/data/res/values-mcc310-mnc150-sq: Cannot utime: Operation not permitted
build	Cache Android SDK	2026-06-06T12:22:47.4746246Z /usr/bin/tar: ../../../../../usr/local/lib/android/sdk/platforms/android-34-ext10/data/res/values-mcc310-mnc150-sq: Cannot change mode to rwxr-xr-x: Operation not permitted
build	Cache Android SDK	2026-06-06T12:22:47.4747018Z /usr/bin/tar: ../../../../../usr/local/lib/android/sdk/platforms/android-34-ext10/data/res/values-mcc310-mnc220-uz: Cannot utime: Operation not permitted
build	Cache Android SDK	2026-06-06T12:22:47.4748227Z /usr/bin/tar: ../../../../../usr/local/lib/android/sdk/platforms/android-34-ext10/data/res/values-mcc310-mnc220-uz: Cannot change mode to rwxr-xr-x: Operation not permitted
build	Cache Android SDK	2026-06-06T12:22:47.4750620Z /usr/bin/tar: ../../../../../usr/local/lib/android/sdk/platforms/android-34-ext10/data/res/values-mcc310-mnc380-es-rUS: Cannot utime: Operation not permitted
build	Cache Android SDK	2026-06-06T12:22:47.4751302Z /usr/bin/tar: ../../../../../usr/local/lib/android/sdk/platforms/android-34-ext10/data/res/values-mcc310-mnc380-es-rUS: Cannot change mode to rwxr-xr-x: Operation not permitted
build	Cache Android SDK	2026-06-06T12:22:47.4753047Z /usr/bin/tar: ../../../../../usr/local/lib/android/sdk/platforms/android-34-ext10/data/res/values-hu-watch: Cannot utime: Operation not permitted
build	Cache Android SDK	2026-06-06T12:22:47.4753519Z /usr/bin/tar: ../../../../../usr/local/lib/android/sdk/platforms/android-34-ext10/data/res/values-hu-watch: Cannot change mode to rwxr-xr-x: Operation not permitted
build	Cache Android SDK	2026-06-06T12:22:47.4756662Z /usr/bin/tar: ../../../../../usr/local/lib/android/sdk/platforms/android-34-ext10/data/res/values-mcc311-mnc180-et: Cannot utime: Operation not permitted
build	Cache Android SDK	2026-06-06T12:22:47.4757161Z /usr/bin/tar: ../../../../../usr/local/lib/android/sdk/platforms/android-34-ext10/data/res/values-mcc311-mnc180-et: Cannot change mode to rwxr-xr-x: Operation not permitted
build	Cache Android SDK	2026-06-06T12:22:47.4759501Z /usr/bin/tar: ../../../../../usr/local/lib/android/sdk/platforms/android-34-ext10/data/res/values-mcc310-mnc800-my: Cannot utime: Operation not permitted
build	Cache Android SDK	2026-06-06T12:22:47.4759993Z /usr/bin/tar: ../../../../../usr/local/lib/android/sdk/platforms/android-34-ext10/data/res/values-mcc310-mnc800-my: Cannot change mode to rwxr-xr-x: Operation not permitted
build	Cache Android SDK	2026-06-06T12:22:47.4762652Z /usr/bin/tar: ../../../../../usr/local/lib/android/sdk/platforms/android-34-ext10/data/res/values-mcc310-mnc150-pl: Cannot utime: Operation not permitted
build	Cache Android SDK	2026-06-06T12:22:47.4763130Z /usr/bin/tar: ../../../../../usr/local/lib/android/sdk/platforms/android-34-ext10/data/res/values-mcc310-mnc150-pl: Cannot change mode to rwxr-xr-x: Operation not permitted
build	Cache Android SDK	2026-06-06T12:22:47.4765986Z /usr/bin/tar: ../../../../../usr/local/lib/android/sdk/platforms/android-34-ext10/data/res/values-mcc302-mnc370-ja: Cannot utime: Operation not permitted
build	Cache Android SDK	2026-06-06T12:22:47.4766469Z /usr/bin/tar: ../../../../../usr/local/lib/android/sdk/platforms/android-34-ext10/data/res/values-mcc302-mnc370-ja: Cannot change mode to rwxr-xr-x: Operation not permitted
build	Cache Android SDK	2026-06-06T12:22:47.4768999Z /usr/bin/tar: ../../../../../usr/local/lib/android/sdk/platforms/android-34-ext10/data/res/values-mcc302-mnc370-my: Cannot utime: Operation not permitted
build	Cache Android SDK	2026-06-06T12:22:47.4769600Z /usr/bin/tar: ../../../../../usr/local/lib/android/sdk/platforms/android-34-ext10/data/res/values-mcc302-mnc370-my: Cannot change mode to rwxr-xr-x: Operation not permitted
build	Cache Android SDK	2026-06-06T12:22:47.4777496Z /usr/bin/tar: ../../../../../usr/local/lib/android/sdk/platforms/android-34-ext10/data/res/drawable-sw600dp-xhdpi: Cannot utime: Operation not permitted
build	Cache Android SDK	2026-06-06T12:22:47.4778153Z /usr/bin/tar: ../../../../../usr/local/lib/android/sdk/platforms/android-34-ext10/data/res/drawable-sw600dp-xhdpi: Cannot change mode to rwxr-xr-x: Operation not permitted
build	Cache Android SDK	2026-06-06T12:22:47.4780830Z /usr/bin/tar: ../../../../../usr/local/lib/android/sdk/platforms/android-34-ext10/data/res/values-mcc510-mnc89: Cannot utime: Operation not permitted
build	Cache Android SDK	2026-06-06T12:22:47.4781336Z /usr/bin/tar: ../../../../../usr/local/lib/android/sdk/platforms/android-34-ext10/data/res/values-mcc510-mnc89: Cannot change mode to rwxr-xr-x: Operation not permitted
build	Cache Android SDK	2026-06-06T12:22:47.4783580Z /usr/bin/tar: ../../../../../usr/local/lib/android/sdk/platforms/android-34-ext10/data/res/values-mcc313-mnc100-gl: Cannot utime: Operation not permitted
build	Cache Android SDK	2026-06-06T12:22:47.4784123Z /usr/bin/tar: ../../../../../usr/local/lib/android/sdk/platforms/android-34-ext10/data/res/values-mcc313-mnc100-gl: Cannot change mode to rwxr-xr-x: Operation not permitted
build	Cache Android SDK	2026-06-06T12:22:47.4786648Z /usr/bin/tar: ../../../../../usr/local/lib/android/sdk/platforms/android-34-ext10/data/res/values-mcc310-mnc490-da: Cannot utime: Operation not permitted
build	Cache Android SDK	2026-06-06T12:22:47.4787119Z /usr/bin/tar: ../../../../../usr/local/lib/android/sdk/platforms/android-34-ext10/data/res/values-mcc310-mnc490-da: Cannot change mode to rwxr-xr-x: Operation not permitted
build	Cache Android SDK	2026-06-06T12:22:47.4789816Z /usr/bin/tar: ../../../../../usr/local/lib/android/sdk/platforms/android-34-ext10/data/res/values-mcc310-mnc240-uz: Cannot utime: Operation not permitted
build	Cache Android SDK	2026-06-06T12:22:47.4790375Z /usr/bin/tar: ../../../../../usr/local/lib/android/sdk/platforms/android-34-ext10/data/res/values-mcc310-mnc240-uz: Cannot change mode to rwxr-xr-x: Operation not permitted
build	Cache Android SDK	2026-06-06T12:22:47.4792869Z /usr/bin/tar: ../../../../../usr/local/lib/android/sdk/platforms/android-34-ext10/data/res/values-mcc310-mnc170-ky: Cannot utime: Operation not permitted
build	Cache Android SDK	2026-06-06T12:22:47.4793332Z /usr/bin/tar: ../../../../../usr/local/lib/android/sdk/platforms/android-34-ext10/data/res/values-mcc310-mnc170-ky: Cannot change mode to rwxr-xr-x: Operation not permitted
build	Cache Android SDK	2026-06-06T12:22:47.4797045Z /usr/bin/tar: ../../../../../usr/local/lib/android/sdk/platforms/android-34-ext10/data/res/values-mcc310-mnc950-az: Cannot utime: Operation not permitted
build	Cache Android SDK	2026-06-06T12:22:47.4797704Z /usr/bin/tar: ../../../../../usr/local/lib/android/sdk/platforms/android-34-ext10/data/res/values-mcc310-mnc950-az: Cannot change mode to rwxr-xr-x: Operation not permitted
build	Cache Android SDK	2026-06-06T12:22:47.4800262Z /usr/bin/tar: ../../../../../usr/local/lib/android/sdk/platforms/android-34-ext10/data/res/values-mcc310-mnc220-zh-rTW: Cannot utime: Operation not permitted
build	Cache Android SDK	2026-06-06T12:22:47.4800766Z /usr/bin/tar: ../../../../../usr/local/lib/android/sdk/platforms/android-34-ext10/data/res/values-mcc310-mnc220-zh-rTW: Cannot change mode to rwxr-xr-x: Operation not permitted
build	Cache Android SDK	2026-06-06T12:22:47.4803246Z /usr/bin/tar: ../../../../../usr/local/lib/android/sdk/platforms/android-34-ext10/data/res/values-mcc310-mnc150-ky: Cannot utime: Operation not permitted
build	Cache Android SDK	2026-06-06T12:22:47.4803714Z /usr/bin/tar: ../../../../../usr/local/lib/android/sdk/platforms/android-34-ext10/data/res/values-mcc310-mnc150-ky: Cannot change mode to rwxr-xr-x: Operation not permitted
build	Cache Android SDK	2026-06-06T12:22:47.4805916Z /usr/bin/tar: ../../../../../usr/local/lib/android/sdk/platforms/android-34-ext10/data/res/values-mcc310-mnc950-hi: Cannot utime: Operation not permitted
build	Cache Android SDK	2026-06-06T12:22:47.4806388Z /usr/bin/tar: ../../../../../usr/local/lib/android/sdk/platforms/android-34-ext10/data/res/values-mcc310-mnc950-hi: Cannot change mode to rwxr-xr-x: Operation not permitted
build	Cache Android SDK	2026-06-06T12:22:47.4809254Z /usr/bin/tar: ../../../../../usr/local/lib/android/sdk/platforms/android-34-ext10/data/res/values-mcc310-mnc250-th: Cannot utime: Operation not permitted
build	Cache Android SDK	2026-06-06T12:22:47.4809763Z /usr/bin/tar: ../../../../../usr/local/lib/android/sdk/platforms/android-34-ext10/data/res/values-mcc310-mnc250-th: Cannot change mode to rwxr-xr-x: Operation not permitted
build	Cache Android SDK	2026-06-06T12:22:47.4812557Z /usr/bin/tar: ../../../../../usr/local/lib/android/sdk/platforms/android-34-ext10/data/res/values-round-watch: Cannot utime: Operation not permitted
build	Cache Android SDK	2026-06-06T12:22:47.4813023Z /usr/bin/tar: ../../../../../usr/local/lib/android/sdk/platforms/android-34-ext10/data/res/values-round-watch: Cannot change mode to rwxr-xr-x: Operation not permitted
build	Cache Android SDK	2026-06-06T12:22:47.4815546Z /usr/bin/tar: ../../../../../usr/local/lib/android/sdk/platforms/android-34-ext10/data/res/values-mcc310-mnc160-te: Cannot utime: Operation not permitted
build	Cache Android SDK	2026-06-06T12:22:47.4816026Z /usr/bin/tar: ../../../../../usr/local/lib/android/sdk/platforms/android-34-ext10/data/res/values-mcc310-mnc160-te: Cannot change mode to rwxr-xr-x: Operation not permitted
build	Cache Android SDK	2026-06-06T12:22:47.4819034Z /usr/bin/tar: ../../../../../usr/local/lib/android/sdk/platforms/android-34-ext10/data/res/color-watch: Cannot utime: Operation not permitted
build	Cache Android SDK	2026-06-06T12:22:47.4819476Z /usr/bin/tar: ../../../../../usr/local/lib/android/sdk/platforms/android-34-ext10/data/res/color-watch: Cannot change mode to rwxr-xr-x: Operation not permitted
build	Cache Android SDK	2026-06-06T12:22:47.4822627Z /usr/bin/tar: ../../../../../usr/local/lib/android/sdk/platforms/android-34-ext10/data/res/values-mcc310-mnc950-mr: Cannot utime: Operation not permitted
build	Cache Android SDK	2026-06-06T12:22:47.4823099Z /usr/bin/tar: ../../../../../usr/local/lib/android/sdk/platforms/android-34-ext10/data/res/values-mcc310-mnc950-mr: Cannot change mode to rwxr-xr-x: Operation not permitted
build	Cache Android SDK	2026-06-06T12:22:47.4826210Z /usr/bin/tar: ../../../../../usr/local/lib/android/sdk/platforms/android-34-ext10/data/res/values-mcc312-mnc670-is: Cannot utime: Operation not permitted
build	Cache Android SDK	2026-06-06T12:22:47.4826695Z /usr/bin/tar: ../../../../../usr/local/lib/android/sdk/platforms/android-34-ext10/data/res/values-mcc312-mnc670-is: Cannot change mode to rwxr-xr-x: Operation not permitted
build	Cache Android SDK	2026-06-06T12:22:47.4829468Z /usr/bin/tar: ../../../../../usr/local/lib/android/sdk/platforms/android-34-ext10/data/res/values-mcc310-mnc030-it: Cannot utime: Operation not permitted
build	Cache Android SDK	2026-06-06T12:22:47.4829944Z /usr/bin/tar: ../../../../../usr/local/lib/android/sdk/platforms/android-34-ext10/data/res/values-mcc310-mnc030-it: Cannot change mode to rwxr-xr-x: Operation not permitted
build	Cache Android SDK	2026-06-06T12:22:47.4832568Z /usr/bin/tar: ../../../../../usr/local/lib/android/sdk/platforms/android-34-ext10/data/res/values-mcc313-mnc100-ky: Cannot utime: Operation not permitted
build	Cache Android SDK	2026-06-06T12:22:47.4833033Z /usr/bin/tar: ../../../../../usr/local/lib/android/sdk/platforms/android-34-ext10/data/res/values-mcc313-mnc100-ky: Cannot change mode to rwxr-xr-x: Operation not permitted
build	Cache Android SDK	2026-06-06T12:22:47.4835525Z /usr/bin/tar: ../../../../../usr/local/lib/android/sdk/platforms/android-34-ext10/data/res/values-mcc311-mnc180-en-rAU: Cannot utime: Operation not permitted
build	Cache Android SDK	2026-06-06T12:22:47.4836022Z /usr/bin/tar: ../../../../../usr/local/lib/android/sdk/platforms/android-34-ext10/data/res/values-mcc311-mnc180-en-rAU: Cannot change mode to rwxr-xr-x: Operation not permitted
build	Cache Android SDK	2026-06-06T12:22:47.4838475Z /usr/bin/tar: ../../../../../usr/local/lib/android/sdk/platforms/android-34-ext10/data/res/values-mcc310-mnc490-sr: Cannot utime: Operation not permitted
build	Cache Android SDK	2026-06-06T12:22:47.4838946Z /usr/bin/tar: ../../../../../usr/local/lib/android/sdk/platforms/android-34-ext10/data/res/values-mcc310-mnc490-sr: Cannot change mode to rwxr-xr-x: Operation not permitted
build	Cache Android SDK	2026-06-06T12:22:47.4841958Z /usr/bin/tar: ../../../../../usr/local/lib/android/sdk/platforms/android-34-ext10/data/res/values-mcc310-mnc560-uz: Cannot utime: Operation not permitted
build	Cache Android SDK	2026-06-06T12:22:47.4842549Z /usr/bin/tar: ../../../../../usr/local/lib/android/sdk/platforms/android-34-ext10/data/res/values-mcc310-mnc560-uz: Cannot change mode to rwxr-xr-x: Operation not permitted
build	Cache Android SDK	2026-06-06T12:22:47.4844552Z /usr/bin/tar: ../../../../../usr/local/lib/android/sdk/platforms/android-34-ext10/data/res/values-mcc310-mnc490-sw: Cannot utime: Operation not permitted
build	Cache Android SDK	2026-06-06T12:22:47.4845017Z /usr/bin/tar: ../../../../../usr/local/lib/android/sdk/platforms/android-34-ext10/data/res/values-mcc310-mnc490-sw: Cannot change mode to rwxr-xr-x: Operation not permitted
build	Cache Android SDK	2026-06-06T12:22:47.4847809Z /usr/bin/tar: ../../../../../usr/local/lib/android/sdk/platforms/android-34-ext10/data/res/values-mcc302-mnc370-is: Cannot utime: Operation not permitted
build	Cache Android SDK	2026-06-06T12:22:47.4848286Z /usr/bin/tar: ../../../../../usr/local/lib/android/sdk/platforms/android-34-ext10/data/res/values-mcc302-mnc370-is: Cannot change mode to rwxr-xr-x: Operation not permitted
build	Cache Android SDK	2026-06-06T12:22:47.4850924Z /usr/bin/tar: ../../../../../usr/local/lib/android/sdk/platforms/android-34-ext10/data/res/values-mcc302-mnc610: Cannot utime: Operation not permitted
build	Cache Android SDK	2026-06-06T12:22:47.4851519Z /usr/bin/tar: ../../../../../usr/local/lib/android/sdk/platforms/android-34-ext10/data/res/values-mcc302-mnc610: Cannot change mode to rwxr-xr-x: Operation not permitted
build	Cache Android SDK	2026-06-06T12:22:47.4854197Z /usr/bin/tar: ../../../../../usr/local/lib/android/sdk/platforms/android-34-ext10/data/res/values-mcc310-mnc800-el: Cannot utime: Operation not permitted
build	Cache Android SDK	2026-06-06T12:22:47.4854675Z /usr/bin/tar: ../../../../../usr/local/lib/android/sdk/platforms/android-34-ext10/data/res/values-mcc310-mnc800-el: Cannot change mode to rwxr-xr-x: Operation not permitted
build	Cache Android SDK	2026-06-06T12:22:47.4857042Z /usr/bin/tar: ../../../../../usr/local/lib/android/sdk/platforms/android-34-ext10/data/res/values-mcc302-mnc720-gl: Cannot utime: Operation not permitted
build	Cache Android SDK	2026-06-06T12:22:47.4857721Z /usr/bin/tar: ../../../../../usr/local/lib/android/sdk/platforms/android-34-ext10/data/res/values-mcc302-mnc720-gl: Cannot change mode to rwxr-xr-x: Operation not permitted
build	Cache Android SDK	2026-06-06T12:22:47.4859927Z /usr/bin/tar: ../../../../../usr/local/lib/android/sdk/platforms/android-34-ext10/data/res/values-nl-television: Cannot utime: Operation not permitted
build	Cache Android SDK	2026-06-06T12:22:47.4860397Z /usr/bin/tar: ../../../../../usr/local/lib/android/sdk/platforms/android-34-ext10/data/res/values-nl-television: Cannot change mode to rwxr-xr-x: Operation not permitted
build	Cache Android SDK	2026-06-06T12:22:47.4863610Z /usr/bin/tar: ../../../../../usr/local/lib/android/sdk/platforms/android-34-ext10/data/res/values-mcc334-mnc020-mk: Cannot utime: Operation not permitted
build	Cache Android SDK	2026-06-06T12:22:47.4864189Z /usr/bin/tar: ../../../../../usr/local/lib/android/sdk/platforms/android-34-ext10/data/res/values-mcc334-mnc020-mk: Cannot change mode to rwxr-xr-x: Operation not permitted
build	Cache Android SDK	2026-06-06T12:22:47.4866134Z /usr/bin/tar: ../../../../../usr/local/lib/android/sdk/platforms/android-34-ext10/data/res/values-mcc310-mnc950-de: Cannot utime: Operation not permitted
build	Cache Android SDK	2026-06-06T12:22:47.4866627Z /usr/bin/tar: ../../../../../usr/local/lib/android/sdk/platforms/android-34-ext10/data/res/values-mcc310-mnc950-de: Cannot change mode to rwxr-xr-x: Operation not permitted
build	Cache Android SDK	2026-06-06T12:22:47.4869372Z /usr/bin/tar: ../../../../../usr/local/lib/android/sdk/platforms/android-34-ext10/data/res/values-mcc310-mnc270-lt: Cannot utime: Operation not permitted
build	Cache Android SDK	2026-06-06T12:22:47.4869848Z /usr/bin/tar: ../../../../../usr/local/lib/android/sdk/platforms/android-34-ext10/data/res/values-mcc310-mnc270-lt: Cannot change mode to rwxr-xr-x: Operation not permitted
build	Cache Android SDK	2026-06-06T12:22:47.4872474Z /usr/bin/tar: ../../../../../usr/local/lib/android/sdk/platforms/android-34-ext10/data/res/values-mcc310-mnc410-sk: Cannot utime: Operation not permitted
build	Cache Android SDK	2026-06-06T12:22:47.4872969Z /usr/bin/tar: ../../../../../usr/local/lib/android/sdk/platforms/android-34-ext10/data/res/values-mcc310-mnc410-sk: Cannot change mode to rwxr-xr-x: Operation not permitted
build	Cache Android SDK	2026-06-06T12:22:47.4875353Z /usr/bin/tar: ../../../../../usr/local/lib/android/sdk/platforms/android-34-ext10/data/res/values-mcc001-mnc01-sq: Cannot utime: Operation not permitted
build	Cache Android SDK	2026-06-06T12:22:47.4876000Z /usr/bin/tar: ../../../../../usr/local/lib/android/sdk/platforms/android-34-ext10/data/res/values-mcc001-mnc01-sq: Cannot change mode to rwxr-xr-x: Operation not permitted
build	Cache Android SDK	2026-06-06T12:22:47.4878734Z /usr/bin/tar: ../../../../../usr/local/lib/android/sdk/platforms/android-34-ext10/data/res/values-mcc310-mnc230-sl: Cannot utime: Operation not permitted
build	Cache Android SDK	2026-06-06T12:22:47.4879199Z /usr/bin/tar: ../../../../../usr/local/lib/android/sdk/platforms/android-34-ext10/data/res/values-mcc310-mnc230-sl: Cannot change mode to rwxr-xr-x: Operation not permitted
build	Cache Android SDK	2026-06-06T12:22:47.4881721Z /usr/bin/tar: ../../../../../usr/local/lib/android/sdk/platforms/android-34-ext10/data/res/values-mcc310-mnc240-en-rIN: Cannot utime: Operation not permitted
build	Cache Android SDK	2026-06-06T12:22:47.4882210Z /usr/bin/tar: ../../../../../usr/local/lib/android/sdk/platforms/android-34-ext10/data/res/values-mcc310-mnc240-en-rIN: Cannot change mode to rwxr-xr-x: Operation not permitted
build	Cache Android SDK	2026-06-06T12:22:47.4885592Z /usr/bin/tar: ../../../../../usr/local/lib/android/sdk/platforms/android-34-ext10/data/res/values-mcc310-mnc560-my: Cannot utime: Operation not permitted
build	Cache Android SDK	2026-06-06T12:22:47.4886195Z /usr/bin/tar: ../../../../../usr/local/lib/android/sdk/platforms/android-34-ext10/data/res/values-mcc310-mnc560-my: Cannot change mode to rwxr-xr-x: Operation not permitted
build	Cache Android SDK	2026-06-06T12:22:47.4888808Z /usr/bin/tar: ../../../../../usr/local/lib/android/sdk/platforms/android-34-ext10/data/res/values-mcc001-mnc01-ca: Cannot utime: Operation not permitted
build	Cache Android SDK	2026-06-06T12:22:47.4889267Z /usr/bin/tar: ../../../../../usr/local/lib/android/sdk/platforms/android-34-ext10/data/res/values-mcc001-mnc01-ca: Cannot change mode to rwxr-xr-x: Operation not permitted
build	Cache Android SDK	2026-06-06T12:22:47.4891732Z /usr/bin/tar: ../../../../../usr/local/lib/android/sdk/platforms/android-34-ext10/data/res/values-mcc310-mnc220-be: Cannot utime: Operation not permitted
build	Cache Android SDK	2026-06-06T12:22:47.4892304Z /usr/bin/tar: ../../../../../usr/local/lib/android/sdk/platforms/android-34-ext10/data/res/values-mcc310-mnc220-be: Cannot change mode to rwxr-xr-x: Operation not permitted
build	Cache Android SDK	2026-06-06T12:22:47.4894618Z /usr/bin/tar: ../../../../../usr/local/lib/android/sdk/platforms/android-34-ext10/data/res/values-mcc334-mnc020-fi: Cannot utime: Operation not permitted
build	Cache Android SDK	2026-06-06T12:22:47.4895085Z /usr/bin/tar: ../../../../../usr/local/lib/android/sdk/platforms/android-34-ext10/data/res/values-mcc334-mnc020-fi: Cannot change mode to rwxr-xr-x: Operation not permitted
build	Cache Android SDK	2026-06-06T12:22:47.4898014Z /usr/bin/tar: ../../../../../usr/local/lib/android/sdk/platforms/android-34-ext10/data/res/values-mcc302-mnc370-kk: Cannot utime: Operation not permitted
build	Cache Android SDK	2026-06-06T12:22:47.4898578Z /usr/bin/tar: ../../../../../usr/local/lib/android/sdk/platforms/android-34-ext10/data/res/values-mcc302-mnc370-kk: Cannot change mode to rwxr-xr-x: Operation not permitted
build	Cache Android SDK	2026-06-06T12:22:47.4900905Z /usr/bin/tar: ../../../../../usr/local/lib/android/sdk/platforms/android-34-ext10/data/res/values-mcc311-mnc180-kk: Cannot utime: Operation not permitted
build	Cache Android SDK	2026-06-06T12:22:47.4901394Z /usr/bin/tar: ../../../../../usr/local/lib/android/sdk/platforms/android-34-ext10/data/res/values-mcc311-mnc180-kk: Cannot change mode to rwxr-xr-x: Operation not permitted
build	Cache Android SDK	2026-06-06T12:22:47.4903780Z /usr/bin/tar: ../../../../../usr/local/lib/android/sdk/platforms/android-34-ext10/data/res/values-pt-rPT-television: Cannot utime: Operation not permitted
build	Cache Android SDK	2026-06-06T12:22:47.4904272Z /usr/bin/tar: ../../../../../usr/local/lib/android/sdk/platforms/android-34-ext10/data/res/values-pt-rPT-television: Cannot change mode to rwxr-xr-x: Operation not permitted
build	Cache Android SDK	2026-06-06T12:22:47.4906446Z /usr/bin/tar: ../../../../../usr/local/lib/android/sdk/platforms/android-34-ext10/data/res/values-mcc302-mnc720-ur: Cannot utime: Operation not permitted
build	Cache Android SDK	2026-06-06T12:22:47.4906918Z /usr/bin/tar: ../../../../../usr/local/lib/android/sdk/platforms/android-34-ext10/data/res/values-mcc302-mnc720-ur: Cannot change mode to rwxr-xr-x: Operation not permitted
build	Cache Android SDK	2026-06-06T12:22:47.5241180Z /usr/bin/tar: ../../../../../usr/local/lib/android/sdk/platforms/android-34-ext10/data/res/drawable-xxhdpi: Cannot utime: Operation not permitted
build	Cache Android SDK	2026-06-06T12:22:47.5241739Z /usr/bin/tar: ../../../../../usr/local/lib/android/sdk/platforms/android-34-ext10/data/res/drawable-xxhdpi: Cannot change mode to rwxr-xr-x: Operation not permitted
build	Cache Android SDK	2026-06-06T12:22:47.5243542Z /usr/bin/tar: ../../../../../usr/local/lib/android/sdk/platforms/android-34-ext10/data/res/values-mcc310-mnc380-th: Cannot utime: Operation not permitted
build	Cache Android SDK	2026-06-06T12:22:47.5244043Z /usr/bin/tar: ../../../../../usr/local/lib/android/sdk/platforms/android-34-ext10/data/res/values-mcc310-mnc380-th: Cannot change mode to rwxr-xr-x: Operation not permitted
build	Cache Android SDK	2026-06-06T12:22:47.5246792Z /usr/bin/tar: ../../../../../usr/local/lib/android/sdk/platforms/android-34-ext10/data/res/values-mcc310-mnc380-en-rXC: Cannot utime: Operation not permitted
build	Cache Android SDK	2026-06-06T12:22:47.5247297Z /usr/bin/tar: ../../../../../usr/local/lib/android/sdk/platforms/android-34-ext10/data/res/values-mcc310-mnc380-en-rXC: Cannot change mode to rwxr-xr-x: Operation not permitted
build	Cache Android SDK	2026-06-06T12:22:47.5250011Z /usr/bin/tar: ../../../../../usr/local/lib/android/sdk/platforms/android-34-ext10/data/res/values-mcc310-mnc410-es: Cannot utime: Operation not permitted
build	Cache Android SDK	2026-06-06T12:22:47.5250485Z /usr/bin/tar: ../../../../../usr/local/lib/android/sdk/platforms/android-34-ext10/data/res/values-mcc310-mnc410-es: Cannot change mode to rwxr-xr-x: Operation not permitted
build	Cache Android SDK	2026-06-06T12:22:47.5253266Z /usr/bin/tar: ../../../../../usr/local/lib/android/sdk/platforms/android-34-ext10/data/res/values-mcc310-mnc660-pt-rBR: Cannot utime: Operation not permitted
build	Cache Android SDK	2026-06-06T12:22:47.5253749Z /usr/bin/tar: ../../../../../usr/local/lib/android/sdk/platforms/android-34-ext10/data/res/values-mcc310-mnc660-pt-rBR: Cannot change mode to rwxr-xr-x: Operation not permitted
build	Cache Android SDK	2026-06-06T12:22:47.5256346Z /usr/bin/tar: ../../../../../usr/local/lib/android/sdk/platforms/android-34-ext10/data/res/values-mcc310-mnc250-ka: Cannot utime: Operation not permitted
build	Cache Android SDK	2026-06-06T12:22:47.5256819Z /usr/bin/tar: ../../../../../usr/local/lib/android/sdk/platforms/android-34-ext10/data/res/values-mcc310-mnc250-ka: Cannot change mode to rwxr-xr-x: Operation not permitted
build	Cache Android SDK	2026-06-06T12:22:47.5259295Z /usr/bin/tar: ../../../../../usr/local/lib/android/sdk/platforms/android-34-ext10/data/res/values-mcc310-mnc800-lt: Cannot utime: Operation not permitted
build	Cache Android SDK	2026-06-06T12:22:47.5259749Z /usr/bin/tar: ../../../../../usr/local/lib/android/sdk/platforms/android-34-ext10/data/res/values-mcc310-mnc800-lt: Cannot change mode to rwxr-xr-x: Operation not permitted
build	Cache Android SDK	2026-06-06T12:22:47.5262494Z /usr/bin/tar: ../../../../../usr/local/lib/android/sdk/platforms/android-34-ext10/data/res/values-my-watch: Cannot utime: Operation not permitted
build	Cache Android SDK	2026-06-06T12:22:47.5262963Z /usr/bin/tar: ../../../../../usr/local/lib/android/sdk/platforms/android-34-ext10/data/res/values-my-watch: Cannot change mode to rwxr-xr-x: Operation not permitted
build	Cache Android SDK	2026-06-06T12:22:47.5266278Z /usr/bin/tar: ../../../../../usr/local/lib/android/sdk/platforms/android-34-ext10/data/res/values-mcc310-mnc950-sl: Cannot utime: Operation not permitted
build	Cache Android SDK	2026-06-06T12:22:47.5266895Z /usr/bin/tar: ../../../../../usr/local/lib/android/sdk/platforms/android-34-ext10/data/res/values-mcc310-mnc950-sl: Cannot change mode to rwxr-xr-x: Operation not permitted
build	Cache Android SDK	2026-06-06T12:22:47.5272956Z /usr/bin/tar: ../../../../../usr/local/lib/android/sdk/platforms/android-34-ext10/data/res/values-uz: Cannot utime: Operation not permitted
build	Cache Android SDK	2026-06-06T12:22:47.5273450Z /usr/bin/tar: ../../../../../usr/local/lib/android/sdk/platforms/android-34-ext10/data/res/values-uz: Cannot change mode to rwxr-xr-x: Operation not permitted
build	Cache Android SDK	2026-06-06T12:22:47.5276218Z /usr/bin/tar: ../../../../../usr/local/lib/android/sdk/platforms/android-34-ext10/data/res/values-mcc310-mnc380-mr: Cannot utime: Operation not permitted
build	Cache Android SDK	2026-06-06T12:22:47.5276760Z /usr/bin/tar: ../../../../../usr/local/lib/android/sdk/platforms/android-34-ext10/data/res/values-mcc310-mnc380-mr: Cannot change mode to rwxr-xr-x: Operation not permitted
build	Cache Android SDK	2026-06-06T12:22:47.5279462Z /usr/bin/tar: ../../../../../usr/local/lib/android/sdk/platforms/android-34-ext10/data/res/values-mcc310-mnc160-kk: Cannot utime: Operation not permitted
build	Cache Android SDK	2026-06-06T12:22:47.5279944Z /usr/bin/tar: ../../../../../usr/local/lib/android/sdk/platforms/android-34-ext10/data/res/values-mcc310-mnc160-kk: Cannot change mode to rwxr-xr-x: Operation not permitted
build	Cache Android SDK	2026-06-06T12:22:47.5282241Z /usr/bin/tar: ../../../../../usr/local/lib/android/sdk/platforms/android-34-ext10/data/res/values-mcc310-mnc240-is: Cannot utime: Operation not permitted
build	Cache Android SDK	2026-06-06T12:22:47.5282729Z /usr/bin/tar: ../../../../../usr/local/lib/android/sdk/platforms/android-34-ext10/data/res/values-mcc310-mnc240-is: Cannot change mode to rwxr-xr-x: Operation not permitted
build	Cache Android SDK	2026-06-06T12:22:47.5285523Z /usr/bin/tar: ../../../../../usr/local/lib/android/sdk/platforms/android-34-ext10/data/res/values-mcc313-mnc100: Cannot utime: Operation not permitted
build	Cache Android SDK	2026-06-06T12:22:47.5286141Z /usr/bin/tar: ../../../../../usr/local/lib/android/sdk/platforms/android-34-ext10/data/res/values-mcc313-mnc100: Cannot change mode to rwxr-xr-x: Operation not permitted
build	Cache Android SDK	2026-06-06T12:22:47.5288770Z /usr/bin/tar: ../../../../../usr/local/lib/android/sdk/platforms/android-34-ext10/data/res/values-mcc313-mnc100-mk: Cannot utime: Operation not permitted
build	Cache Android SDK	2026-06-06T12:22:47.5289255Z /usr/bin/tar: ../../../../../usr/local/lib/android/sdk/platforms/android-34-ext10/data/res/values-mcc313-mnc100-mk: Cannot change mode to rwxr-xr-x: Operation not permitted
build	Cache Android SDK	2026-06-06T12:22:47.5292983Z /usr/bin/tar: ../../../../../usr/local/lib/android/sdk/platforms/android-34-ext10/data/res/values-mcc310-mnc030-bg: Cannot utime: Operation not permitted
build	Cache Android SDK	2026-06-06T12:22:47.5293927Z /usr/bin/tar: ../../../../../usr/local/lib/android/sdk/platforms/android-34-ext10/data/res/values-mcc310-mnc030-bg: Cannot change mode to rwxr-xr-x: Operation not permitted
build	Cache Android SDK	2026-06-06T12:22:47.5296286Z /usr/bin/tar: ../../../../../usr/local/lib/android/sdk/platforms/android-34-ext10/data/res/values-hi-watch: Cannot utime: Operation not permitted
build	Cache Android SDK	2026-06-06T12:22:47.5296765Z /usr/bin/tar: ../../../../../usr/local/lib/android/sdk/platforms/android-34-ext10/data/res/values-hi-watch: Cannot change mode to rwxr-xr-x: Operation not permitted
build	Cache Android SDK	2026-06-06T12:22:47.5300360Z /usr/bin/tar: ../../../../../usr/local/lib/android/sdk/platforms/android-34-ext10/data/res/values-mcc310-mnc160-ru: Cannot utime: Operation not permitted
build	Cache Android SDK	2026-06-06T12:22:47.5300842Z /usr/bin/tar: ../../../../../usr/local/lib/android/sdk/platforms/android-34-ext10/data/res/values-mcc310-mnc160-ru: Cannot change mode to rwxr-xr-x: Operation not permitted
build	Cache Android SDK	2026-06-06T12:22:47.5303517Z /usr/bin/tar: ../../../../../usr/local/lib/android/sdk/platforms/android-34-ext10/data/res/values-mcc310-mnc240-km: Cannot utime: Operation not permitted
build	Cache Android SDK	2026-06-06T12:22:47.5304020Z /usr/bin/tar: ../../../../../usr/local/lib/android/sdk/platforms/android-34-ext10/data/res/values-mcc310-mnc240-km: Cannot change mode to rwxr-xr-x: Operation not permitted
build	Cache Android SDK	2026-06-06T12:22:47.5306792Z /usr/bin/tar: ../../../../../usr/local/lib/android/sdk/platforms/android-34-ext10/data/res/values-mcc310-mnc270-ro: Cannot utime: Operation not permitted
build	Cache Android SDK	2026-06-06T12:22:47.5307269Z /usr/bin/tar: ../../../../../usr/local/lib/android/sdk/platforms/android-34-ext10/data/res/values-mcc310-mnc270-ro: Cannot change mode to rwxr-xr-x: Operation not permitted
build	Cache Android SDK	2026-06-06T12:22:47.5310431Z /usr/bin/tar: ../../../../../usr/local/lib/android/sdk/platforms/android-34-ext10/data/res/values-ko-television: Cannot utime: Operation not permitted
build	Cache Android SDK	2026-06-06T12:22:47.5310907Z /usr/bin/tar: ../../../../../usr/local/lib/android/sdk/platforms/android-34-ext10/data/res/values-ko-television: Cannot change mode to rwxr-xr-x: Operation not permitted
build	Cache Android SDK	2026-06-06T12:22:47.5313946Z /usr/bin/tar: ../../../../../usr/local/lib/android/sdk/platforms/android-34-ext10/data/res/values-mcc310-mnc230-ja: Cannot utime: Operation not permitted
build	Cache Android SDK	2026-06-06T12:22:47.5314549Z /usr/bin/tar: ../../../../../usr/local/lib/android/sdk/platforms/android-34-ext10/data/res/values-mcc310-mnc230-ja: Cannot change mode to rwxr-xr-x: Operation not permitted
build	Cache Android SDK	2026-06-06T12:22:47.5316796Z /usr/bin/tar: ../../../../../usr/local/lib/android/sdk/platforms/android-34-ext10/data/res/values-mcc312-mnc670-kk: Cannot utime: Operation not permitted
build	Cache Android SDK	2026-06-06T12:22:47.5317271Z /usr/bin/tar: ../../../../../usr/local/lib/android/sdk/platforms/android-34-ext10/data/res/values-mcc312-mnc670-kk: Cannot change mode to rwxr-xr-x: Operation not permitted
build	Cache Android SDK	2026-06-06T12:22:47.5320270Z /usr/bin/tar: ../../../../../usr/local/lib/android/sdk/platforms/android-34-ext10/data/res/values-sw360dp: Cannot utime: Operation not permitted
build	Cache Android SDK	2026-06-06T12:22:47.5320728Z /usr/bin/tar: ../../../../../usr/local/lib/android/sdk/platforms/android-34-ext10/data/res/values-sw360dp: Cannot change mode to rwxr-xr-x: Operation not permitted
build	Cache Android SDK	2026-06-06T12:22:47.5328092Z /usr/bin/tar: ../../../../../usr/local/lib/android/sdk/platforms/android-34-ext10/data/res/values-mcc310-mnc150-sw: Cannot utime: Operation not permitted
build	Cache Android SDK	2026-06-06T12:22:47.5328778Z /usr/bin/tar: ../../../../../usr/local/lib/android/sdk/platforms/android-34-ext10/data/res/values-mcc310-mnc150-sw: Cannot change mode to rwxr-xr-x: Operation not permitted
build	Cache Android SDK	2026-06-06T12:22:47.5335145Z /usr/bin/tar: ../../../../../usr/local/lib/android/sdk/platforms/android-34-ext10/data/res/values-ar: Cannot utime: Operation not permitted
build	Cache Android SDK	2026-06-06T12:22:47.5335598Z /usr/bin/tar: ../../../../../usr/local/lib/android/sdk/platforms/android-34-ext10/data/res/values-ar: Cannot change mode to rwxr-xr-x: Operation not permitted
build	Cache Android SDK	2026-06-06T12:22:47.5338145Z /usr/bin/tar: ../../../../../usr/local/lib/android/sdk/platforms/android-34-ext10/data/res/values-mcc310-mnc660-en-rAU: Cannot utime: Operation not permitted
build	Cache Android SDK	2026-06-06T12:22:47.5339416Z /usr/bin/tar: ../../../../../usr/local/lib/android/sdk/platforms/android-34-ext10/data/res/values-mcc310-mnc660-en-rAU: Cannot change mode to rwxr-xr-x: Operation not permitted
build	Cache Android SDK	2026-06-06T12:22:47.5341542Z /usr/bin/tar: ../../../../../usr/local/lib/android/sdk/platforms/android-34-ext10/data/res/values-mcc310-mnc230-sw: Cannot utime: Operation not permitted
build	Cache Android SDK	2026-06-06T12:22:47.5342083Z /usr/bin/tar: ../../../../../usr/local/lib/android/sdk/platforms/android-34-ext10/data/res/values-mcc310-mnc230-sw: Cannot change mode to rwxr-xr-x: Operation not permitted
build	Cache Android SDK	2026-06-06T12:22:47.5344785Z /usr/bin/tar: ../../../../../usr/local/lib/android/sdk/platforms/android-34-ext10/data/res/values-mcc310-mnc280-ky: Cannot utime: Operation not permitted
build	Cache Android SDK	2026-06-06T12:22:47.5345255Z /usr/bin/tar: ../../../../../usr/local/lib/android/sdk/platforms/android-34-ext10/data/res/values-mcc310-mnc280-ky: Cannot change mode to rwxr-xr-x: Operation not permitted
build	Cache Android SDK	2026-06-06T12:22:47.5348287Z /usr/bin/tar: ../../../../../usr/local/lib/android/sdk/platforms/android-34-ext10/data/res/values-mcc310-mnc490-mk: Cannot utime: Operation not permitted
build	Cache Android SDK	2026-06-06T12:22:47.5348772Z /usr/bin/tar: ../../../../../usr/local/lib/android/sdk/platforms/android-34-ext10/data/res/values-mcc310-mnc490-mk: Cannot change mode to rwxr-xr-x: Operation not permitted
build	Cache Android SDK	2026-06-06T12:22:47.5351631Z /usr/bin/tar: ../../../../../usr/local/lib/android/sdk/platforms/android-34-ext10/data/res/values-mcc310-mnc200-fr: Cannot utime: Operation not permitted
build	Cache Android SDK	2026-06-06T12:22:47.5352094Z /usr/bin/tar: ../../../../../usr/local/lib/android/sdk/platforms/android-34-ext10/data/res/values-mcc310-mnc200-fr: Cannot change mode to rwxr-xr-x: Operation not permitted
build	Cache Android SDK	2026-06-06T12:22:47.5354750Z /usr/bin/tar: ../../../../../usr/local/lib/android/sdk/platforms/android-34-ext10/data/res/values-mcc310-mnc150-fi: Cannot utime: Operation not permitted
build	Cache Android SDK	2026-06-06T12:22:47.5355220Z /usr/bin/tar: ../../../../../usr/local/lib/android/sdk/platforms/android-34-ext10/data/res/values-mcc310-mnc150-fi: Cannot change mode to rwxr-xr-x: Operation not permitted
build	Cache Android SDK	2026-06-06T12:22:47.5357869Z /usr/bin/tar: ../../../../../usr/local/lib/android/sdk/platforms/android-34-ext10/data/res/values-mcc310-mnc560-kk: Cannot utime: Operation not permitted
build	Cache Android SDK	2026-06-06T12:22:47.5358347Z /usr/bin/tar: ../../../../../usr/local/lib/android/sdk/platforms/android-34-ext10/data/res/values-mcc310-mnc560-kk: Cannot change mode to rwxr-xr-x: Operation not permitted
build	Cache Android SDK	2026-06-06T12:22:47.5361524Z /usr/bin/tar: ../../../../../usr/local/lib/android/sdk/platforms/android-34-ext10/data/res/values-mcc310-mnc220-nl: Cannot utime: Operation not permitted
build	Cache Android SDK	2026-06-06T12:22:47.5361995Z /usr/bin/tar: ../../../../../usr/local/lib/android/sdk/platforms/android-34-ext10/data/res/values-mcc310-mnc220-nl: Cannot change mode to rwxr-xr-x: Operation not permitted
build	Cache Android SDK	2026-06-06T12:22:47.5364617Z /usr/bin/tar: ../../../../../usr/local/lib/android/sdk/platforms/android-34-ext10/data/res/values-mcc310-mnc800-bn: Cannot utime: Operation not permitted
build	Cache Android SDK	2026-06-06T12:22:47.5365086Z /usr/bin/tar: ../../../../../usr/local/lib/android/sdk/platforms/android-34-ext10/data/res/values-mcc310-mnc800-bn: Cannot change mode to rwxr-xr-x: Operation not permitted
build	Cache Android SDK	2026-06-06T12:22:47.5367998Z /usr/bin/tar: ../../../../../usr/local/lib/android/sdk/platforms/android-34-ext10/data/res/values-mcc310-mnc950-pt-rPT: Cannot utime: Operation not permitted
build	Cache Android SDK	2026-06-06T12:22:47.5368481Z /usr/bin/tar: ../../../../../usr/local/lib/android/sdk/platforms/android-34-ext10/data/res/values-mcc310-mnc950-pt-rPT: Cannot change mode to rwxr-xr-x: Operation not permitted
build	Cache Android SDK	2026-06-06T12:22:47.5371716Z /usr/bin/tar: ../../../../../usr/local/lib/android/sdk/platforms/android-34-ext10/data/res/values-mcc001-mnc01-de: Cannot utime: Operation not permitted
build	Cache Android SDK	2026-06-06T12:22:47.5372185Z /usr/bin/tar: ../../../../../usr/local/lib/android/sdk/platforms/android-34-ext10/data/res/values-mcc001-mnc01-de: Cannot change mode to rwxr-xr-x: Operation not permitted
build	Cache Android SDK	2026-06-06T12:22:47.5374934Z /usr/bin/tar: ../../../../../usr/local/lib/android/sdk/platforms/android-34-ext10/data/res/values-mcc310-mnc210-nb: Cannot utime: Operation not permitted
build	Cache Android SDK	2026-06-06T12:22:47.5375406Z /usr/bin/tar: ../../../../../usr/local/lib/android/sdk/platforms/android-34-ext10/data/res/values-mcc310-mnc210-nb: Cannot change mode to rwxr-xr-x: Operation not permitted
build	Cache Android SDK	2026-06-06T12:22:47.5382350Z /usr/bin/tar: ../../../../../usr/local/lib/android/sdk/platforms/android-34-ext10/data/res/values-fa: Cannot utime: Operation not permitted
build	Cache Android SDK	2026-06-06T12:22:47.5382781Z /usr/bin/tar: ../../../../../usr/local/lib/android/sdk/platforms/android-34-ext10/data/res/values-fa: Cannot change mode to rwxr-xr-x: Operation not permitted
build	Cache Android SDK	2026-06-06T12:22:47.5385350Z /usr/bin/tar: ../../../../../usr/local/lib/android/sdk/platforms/android-34-ext10/data/res/values-mcc310-mnc380-ms: Cannot utime: Operation not permitted
build	Cache Android SDK	2026-06-06T12:22:47.5385815Z /usr/bin/tar: ../../../../../usr/local/lib/android/sdk/platforms/android-34-ext10/data/res/values-mcc310-mnc380-ms: Cannot change mode to rwxr-xr-x: Operation not permitted
build	Cache Android SDK	2026-06-06T12:22:47.5388819Z /usr/bin/tar: ../../../../../usr/local/lib/android/sdk/platforms/android-34-ext10/data/res/values-mcc310-mnc310-tl: Cannot utime: Operation not permitted
build	Cache Android SDK	2026-06-06T12:22:47.5389290Z /usr/bin/tar: ../../../../../usr/local/lib/android/sdk/platforms/android-34-ext10/data/res/values-mcc310-mnc310-tl: Cannot change mode to rwxr-xr-x: Operation not permitted
build	Cache Android SDK	2026-06-06T12:22:47.5391794Z /usr/bin/tar: ../../../../../usr/local/lib/android/sdk/platforms/android-34-ext10/data/res/xml-mdpi: Cannot utime: Operation not permitted
build	Cache Android SDK	2026-06-06T12:22:47.5392220Z /usr/bin/tar: ../../../../../usr/local/lib/android/sdk/platforms/android-34-ext10/data/res/xml-mdpi: Cannot change mode to rwxr-xr-x: Operation not permitted
build	Cache Android SDK	2026-06-06T12:22:47.5394894Z /usr/bin/tar: ../../../../../usr/local/lib/android/sdk/platforms/android-34-ext10/data/res/values-mcc310-mnc150-zh-rTW: Cannot utime: Operation not permitted
build	Cache Android SDK	2026-06-06T12:22:47.5395382Z /usr/bin/tar: ../../../../../usr/local/lib/android/sdk/platforms/android-34-ext10/data/res/values-mcc310-mnc150-zh-rTW: Cannot change mode to rwxr-xr-x: Operation not permitted
build	Cache Android SDK	2026-06-06T12:22:47.5398141Z /usr/bin/tar: ../../../../../usr/local/lib/android/sdk/platforms/android-34-ext10/data/res/values-mcc334-mnc020-zh-rHK: Cannot utime: Operation not permitted
build	Cache Android SDK	2026-06-06T12:22:47.5398620Z /usr/bin/tar: ../../../../../usr/local/lib/android/sdk/platforms/android-34-ext10/data/res/values-mcc334-mnc020-zh-rHK: Cannot change mode to rwxr-xr-x: Operation not permitted
build	Cache Android SDK	2026-06-06T12:22:47.5401584Z /usr/bin/tar: ../../../../../usr/local/lib/android/sdk/platforms/android-34-ext10/data/res/values-mcc310-mnc250-es-rUS: Cannot utime: Operation not permitted
build	Cache Android SDK	2026-06-06T12:22:47.5402060Z /usr/bin/tar: ../../../../../usr/local/lib/android/sdk/platforms/android-34-ext10/data/res/values-mcc310-mnc250-es-rUS: Cannot change mode to rwxr-xr-x: Operation not permitted
build	Cache Android SDK	2026-06-06T12:22:47.5404821Z /usr/bin/tar: ../../../../../usr/local/lib/android/sdk/platforms/android-34-ext10/data/res/values-mcc310-mnc800-uz: Cannot utime: Operation not permitted
build	Cache Android SDK	2026-06-06T12:22:47.5405366Z /usr/bin/tar: ../../../../../usr/local/lib/android/sdk/platforms/android-34-ext10/data/res/values-mcc310-mnc800-uz: Cannot change mode to rwxr-xr-x: Operation not permitted
build	Cache Android SDK	2026-06-06T12:22:47.5408054Z /usr/bin/tar: ../../../../../usr/local/lib/android/sdk/platforms/android-34-ext10/data/res/values-mcc310-mnc660-th: Cannot utime: Operation not permitted
build	Cache Android SDK	2026-06-06T12:22:47.5408512Z /usr/bin/tar: ../../../../../usr/local/lib/android/sdk/platforms/android-34-ext10/data/res/values-mcc310-mnc660-th: Cannot change mode to rwxr-xr-x: Operation not permitted
build	Cache Android SDK	2026-06-06T12:22:47.5411315Z /usr/bin/tar: ../../../../../usr/local/lib/android/sdk/platforms/android-34-ext10/data/res/values-mcc310-mnc490-ru: Cannot utime: Operation not permitted
build	Cache Android SDK	2026-06-06T12:22:47.5411778Z /usr/bin/tar: ../../../../../usr/local/lib/android/sdk/platforms/android-34-ext10/data/res/values-mcc310-mnc490-ru: Cannot change mode to rwxr-xr-x: Operation not permitted
build	Cache Android SDK	2026-06-06T12:22:47.5414492Z /usr/bin/tar: ../../../../../usr/local/lib/android/sdk/platforms/android-34-ext10/data/res/values-mcc312-mnc670-in: Cannot utime: Operation not permitted
build	Cache Android SDK	2026-06-06T12:22:47.5414954Z /usr/bin/tar: ../../../../../usr/local/lib/android/sdk/platforms/android-34-ext10/data/res/values-mcc312-mnc670-in: Cannot change mode to rwxr-xr-x: Operation not permitted
build	Cache Android SDK	2026-06-06T12:22:47.5418068Z /usr/bin/tar: ../../../../../usr/local/lib/android/sdk/platforms/android-34-ext10/data/res/values-mcc310-mnc310-bn: Cannot utime: Operation not permitted
build	Cache Android SDK	2026-06-06T12:22:47.5418523Z /usr/bin/tar: ../../../../../usr/local/lib/android/sdk/platforms/android-34-ext10/data/res/values-mcc310-mnc310-bn: Cannot change mode to rwxr-xr-x: Operation not permitted
build	Cache Android SDK	2026-06-06T12:22:47.5421620Z /usr/bin/tar: ../../../../../usr/local/lib/android/sdk/platforms/android-34-ext10/data/res/values-mcc310-mnc280: Cannot utime: Operation not permitted
build	Cache Android SDK	2026-06-06T12:22:47.5422077Z /usr/bin/tar: ../../../../../usr/local/lib/android/sdk/platforms/android-34-ext10/data/res/values-mcc310-mnc280: Cannot change mode to rwxr-xr-x: Operation not permitted
build	Cache Android SDK	2026-06-06T12:22:47.5426609Z /usr/bin/tar: ../../../../../usr/local/lib/android/sdk/platforms/android-34-ext10/data/res/values-mcc310-mnc310-ca: Cannot utime: Operation not permitted
build	Cache Android SDK	2026-06-06T12:22:47.5427068Z /usr/bin/tar: ../../../../../usr/local/lib/android/sdk/platforms/android-34-ext10/data/res/values-mcc310-mnc310-ca: Cannot change mode to rwxr-xr-x: Operation not permitted
build	Cache Android SDK	2026-06-06T12:22:47.5429462Z /usr/bin/tar: ../../../../../usr/local/lib/android/sdk/platforms/android-34-ext10/data/res/values-mcc310-mnc490-gu: Cannot utime: Operation not permitted
build	Cache Android SDK	2026-06-06T12:22:47.5429913Z /usr/bin/tar: ../../../../../usr/local/lib/android/sdk/platforms/android-34-ext10/data/res/values-mcc310-mnc490-gu: Cannot change mode to rwxr-xr-x: Operation not permitted
build	Cache Android SDK	2026-06-06T12:22:47.5432471Z /usr/bin/tar: ../../../../../usr/local/lib/android/sdk/platforms/android-34-ext10/data/res/values-mcc334-mnc020-as: Cannot utime: Operation not permitted
build	Cache Android SDK	2026-06-06T12:22:47.5433013Z /usr/bin/tar: ../../../../../usr/local/lib/android/sdk/platforms/android-34-ext10/data/res/values-mcc334-mnc020-as: Cannot change mode to rwxr-xr-x: Operation not permitted
build	Cache Android SDK	2026-06-06T12:22:47.5435240Z /usr/bin/tar: ../../../../../usr/local/lib/android/sdk/platforms/android-34-ext10/data/res/values-mcc001-mnc01-th: Cannot utime: Operation not permitted
build	Cache Android SDK	2026-06-06T12:22:47.5435708Z /usr/bin/tar: ../../../../../usr/local/lib/android/sdk/platforms/android-34-ext10/data/res/values-mcc001-mnc01-th: Cannot change mode to rwxr-xr-x: Operation not permitted
build	Cache Android SDK	2026-06-06T12:22:47.5438795Z /usr/bin/tar: ../../../../../usr/local/lib/android/sdk/platforms/android-34-ext10/data/res/values-mcc310-mnc150-iw: Cannot utime: Operation not permitted
build	Cache Android SDK	2026-06-06T12:22:47.5439384Z /usr/bin/tar: ../../../../../usr/local/lib/android/sdk/platforms/android-34-ext10/data/res/values-mcc310-mnc150-iw: Cannot change mode to rwxr-xr-x: Operation not permitted
build	Cache Android SDK	2026-06-06T12:22:47.5441923Z /usr/bin/tar: ../../../../../usr/local/lib/android/sdk/platforms/android-34-ext10/data/res/values-mcc440-mnc20: Cannot utime: Operation not permitted
build	Cache Android SDK	2026-06-06T12:22:47.5442595Z /usr/bin/tar: ../../../../../usr/local/lib/android/sdk/platforms/android-34-ext10/data/res/values-mcc440-mnc20: Cannot change mode to rwxr-xr-x: Operation not permitted
build	Cache Android SDK	2026-06-06T12:22:47.5445711Z /usr/bin/tar: ../../../../../usr/local/lib/android/sdk/platforms/android-34-ext10/data/res/values-mcc310-mnc030-ky: Cannot utime: Operation not permitted
build	Cache Android SDK	2026-06-06T12:22:47.5446223Z /usr/bin/tar: ../../../../../usr/local/lib/android/sdk/platforms/android-34-ext10/data/res/values-mcc310-mnc030-ky: Cannot change mode to rwxr-xr-x: Operation not permitted
build	Cache Android SDK	2026-06-06T12:22:47.5449273Z /usr/bin/tar: ../../../../../usr/local/lib/android/sdk/platforms/android-34-ext10/data/res/values-mcc230: Cannot utime: Operation not permitted
build	Cache Android SDK	2026-06-06T12:22:47.5449829Z /usr/bin/tar: ../../../../../usr/local/lib/android/sdk/platforms/android-34-ext10/data/res/values-mcc230: Cannot change mode to rwxr-xr-x: Operation not permitted
build	Cache Android SDK	2026-06-06T12:22:47.5452824Z /usr/bin/tar: ../../../../../usr/local/lib/android/sdk/platforms/android-34-ext10/data/res/values-mcc310-mnc800-mk: Cannot utime: Operation not permitted
build	Cache Android SDK	2026-06-06T12:22:47.5453338Z /usr/bin/tar: ../../../../../usr/local/lib/android/sdk/platforms/android-34-ext10/data/res/values-mcc310-mnc800-mk: Cannot change mode to rwxr-xr-x: Operation not permitted
build	Cache Android SDK	2026-06-06T12:22:47.5456156Z /usr/bin/tar: ../../../../../usr/local/lib/android/sdk/platforms/android-34-ext10/data/res/values-mcc310-mnc410-th: Cannot utime: Operation not permitted
build	Cache Android SDK	2026-06-06T12:22:47.5456631Z /usr/bin/tar: ../../../../../usr/local/lib/android/sdk/platforms/android-34-ext10/data/res/values-mcc310-mnc410-th: Cannot change mode to rwxr-xr-x: Operation not permitted
build	Cache Android SDK	2026-06-06T12:22:47.5460047Z /usr/bin/tar: ../../../../../usr/local/lib/android/sdk/platforms/android-34-ext10/data/res/values-mcc310-mnc200-mr: Cannot utime: Operation not permitted
build	Cache Android SDK	2026-06-06T12:22:47.5460536Z /usr/bin/tar: ../../../../../usr/local/lib/android/sdk/platforms/android-34-ext10/data/res/values-mcc310-mnc200-mr: Cannot change mode to rwxr-xr-x: Operation not permitted
build	Cache Android SDK	2026-06-06T12:22:47.6045692Z /usr/bin/tar: ../../../../../usr/local/lib/android/sdk/platforms/android-34-ext10/data/res/drawable-hdpi: Cannot utime: Operation not permitted
build	Cache Android SDK	2026-06-06T12:22:47.6047671Z /usr/bin/tar: ../../../../../usr/local/lib/android/sdk/platforms/android-34-ext10/data/res/drawable-hdpi: Cannot change mode to rwxr-xr-x: Operation not permitted
build	Cache Android SDK	2026-06-06T12:22:47.6049223Z /usr/bin/tar: ../../../../../usr/local/lib/android/sdk/platforms/android-34-ext10/data/res/values-mcc310-mnc380-pl: Cannot utime: Operation not permitted
build	Cache Android SDK	2026-06-06T12:22:47.6050205Z /usr/bin/tar: ../../../../../usr/local/lib/android/sdk/platforms/android-34-ext10/data/res/values-mcc310-mnc380-pl: Cannot change mode to rwxr-xr-x: Operation not permitted
build	Cache Android SDK	2026-06-06T12:22:47.6053175Z /usr/bin/tar: ../../../../../usr/local/lib/android/sdk/platforms/android-34-ext10/data/res/values-mcc312-mnc670-th: Cannot utime: Operation not permitted
build	Cache Android SDK	2026-06-06T12:22:47.6054974Z /usr/bin/tar: ../../../../../usr/local/lib/android/sdk/platforms/android-34-ext10/data/res/values-mcc312-mnc670-th: Cannot change mode to rwxr-xr-x: Operation not permitted
build	Cache Android SDK	2026-06-06T12:22:47.6056481Z /usr/bin/tar: ../../../../../usr/local/lib/android/sdk/platforms/android-34-ext10/data/res/values-pa-television: Cannot utime: Operation not permitted
build	Cache Android SDK	2026-06-06T12:22:47.6057621Z /usr/bin/tar: ../../../../../usr/local/lib/android/sdk/platforms/android-34-ext10/data/res/values-pa-television: Cannot change mode to rwxr-xr-x: Operation not permitted
build	Cache Android SDK	2026-06-06T12:22:47.6060070Z /usr/bin/tar: ../../../../../usr/local/lib/android/sdk/platforms/android-34-ext10/data/res/values-mcc310-mnc030-uz: Cannot utime: Operation not permitted
build	Cache Android SDK	2026-06-06T12:22:47.6061025Z /usr/bin/tar: ../../../../../usr/local/lib/android/sdk/platforms/android-34-ext10/data/res/values-mcc310-mnc030-uz: Cannot change mode to rwxr-xr-x: Operation not permitted
build	Cache Android SDK	2026-06-06T12:22:47.6063224Z /usr/bin/tar: ../../../../../usr/local/lib/android/sdk/platforms/android-34-ext10/data/res/values-mcc716-mnc06: Cannot utime: Operation not permitted
build	Cache Android SDK	2026-06-06T12:22:47.6064218Z /usr/bin/tar: ../../../../../usr/local/lib/android/sdk/platforms/android-34-ext10/data/res/values-mcc716-mnc06: Cannot change mode to rwxr-xr-x: Operation not permitted
build	Cache Android SDK	2026-06-06T12:22:47.6066352Z /usr/bin/tar: ../../../../../usr/local/lib/android/sdk/platforms/android-34-ext10/data/res/values-es-rPE: Cannot utime: Operation not permitted
build	Cache Android SDK	2026-06-06T12:22:47.6067250Z /usr/bin/tar: ../../../../../usr/local/lib/android/sdk/platforms/android-34-ext10/data/res/values-es-rPE: Cannot change mode to rwxr-xr-x: Operation not permitted
build	Cache Android SDK	2026-06-06T12:22:47.6069528Z /usr/bin/tar: ../../../../../usr/local/lib/android/sdk/platforms/android-34-ext10/data/res/values-mcc001-mnc01-my: Cannot utime: Operation not permitted
build	Cache Android SDK	2026-06-06T12:22:47.6070566Z /usr/bin/tar: ../../../../../usr/local/lib/android/sdk/platforms/android-34-ext10/data/res/values-mcc001-mnc01-my: Cannot change mode to rwxr-xr-x: Operation not permitted
build	Cache Android SDK	2026-06-06T12:22:47.6072487Z /usr/bin/tar: ../../../../../usr/local/lib/android/sdk/platforms/android-34-ext10/data/res/values-mcc302-mnc720-si: Cannot utime: Operation not permitted
build	Cache Android SDK	2026-06-06T12:22:47.6073439Z /usr/bin/tar: ../../../../../usr/local/lib/android/sdk/platforms/android-34-ext10/data/res/values-mcc302-mnc720-si: Cannot change mode to rwxr-xr-x: Operation not permitted
build	Cache Android SDK	2026-06-06T12:22:47.6075937Z /usr/bin/tar: ../../../../../usr/local/lib/android/sdk/platforms/android-34-ext10/data/res/values-mcc310-mnc170-eu: Cannot utime: Operation not permitted
build	Cache Android SDK	2026-06-06T12:22:47.6076902Z /usr/bin/tar: ../../../../../usr/local/lib/android/sdk/platforms/android-34-ext10/data/res/values-mcc310-mnc170-eu: Cannot change mode to rwxr-xr-x: Operation not permitted
build	Cache Android SDK	2026-06-06T12:22:47.6107020Z /usr/bin/tar: ../../../../../usr/local/lib/android/sdk/platforms/android-34-ext10/data/res/values-mcc310-mnc560-vi: Cannot utime: Operation not permitted
build	Cache Android SDK	2026-06-06T12:22:47.6108155Z /usr/bin/tar: ../../../../../usr/local/lib/android/sdk/platforms/android-34-ext10/data/res/values-mcc310-mnc560-vi: Cannot change mode to rwxr-xr-x: Operation not permitted
build	Cache Android SDK	2026-06-06T12:22:47.6110440Z /usr/bin/tar: ../../../../../usr/local/lib/android/sdk/platforms/android-34-ext10/data/res/values-mcc310-mnc380-et: Cannot utime: Operation not permitted
build	Cache Android SDK	2026-06-06T12:22:47.6111403Z /usr/bin/tar: ../../../../../usr/local/lib/android/sdk/platforms/android-34-ext10/data/res/values-mcc310-mnc380-et: Cannot change mode to rwxr-xr-x: Operation not permitted
build	Cache Android SDK	2026-06-06T12:22:47.6113704Z /usr/bin/tar: ../../../../../usr/local/lib/android/sdk/platforms/android-34-ext10/data/res/values-mcc310-mnc800-lo: Cannot utime: Operation not permitted
build	Cache Android SDK	2026-06-06T12:22:47.6114646Z /usr/bin/tar: ../../../../../usr/local/lib/android/sdk/platforms/android-34-ext10/data/res/values-mcc310-mnc800-lo: Cannot change mode to rwxr-xr-x: Operation not permitted
build	Cache Android SDK	2026-06-06T12:22:47.6117156Z /usr/bin/tar: ../../../../../usr/local/lib/android/sdk/platforms/android-34-ext10/data/res/values-mcc310-mnc200-ar: Cannot utime: Operation not permitted
build	Cache Android SDK	2026-06-06T12:22:47.6118216Z /usr/bin/tar: ../../../../../usr/local/lib/android/sdk/platforms/android-34-ext10/data/res/values-mcc310-mnc200-ar: Cannot change mode to rwxr-xr-x: Operation not permitted
build	Cache Android SDK	2026-06-06T12:22:47.6120624Z /usr/bin/tar: ../../../../../usr/local/lib/android/sdk/platforms/android-34-ext10/data/res/values-mcc310-mnc490-ar: Cannot utime: Operation not permitted
build	Cache Android SDK	2026-06-06T12:22:47.6121568Z /usr/bin/tar: ../../../../../usr/local/lib/android/sdk/platforms/android-34-ext10/data/res/values-mcc310-mnc490-ar: Cannot change mode to rwxr-xr-x: Operation not permitted
build	Cache Android SDK	2026-06-06T12:22:47.6124126Z /usr/bin/tar: ../../../../../usr/local/lib/android/sdk/platforms/android-34-ext10/data/res/values-mcc310-mnc310-si: Cannot utime: Operation not permitted
build	Cache Android SDK	2026-06-06T12:22:47.6125072Z /usr/bin/tar: ../../../../../usr/local/lib/android/sdk/platforms/android-34-ext10/data/res/values-mcc310-mnc310-si: Cannot change mode to rwxr-xr-x: Operation not permitted
build	Cache Android SDK	2026-06-06T12:22:47.6127227Z /usr/bin/tar: ../../../../../usr/local/lib/android/sdk/platforms/android-34-ext10/data/res/values-mcc310-mnc410-te: Cannot utime: Operation not permitted
build	Cache Android SDK	2026-06-06T12:22:47.6128261Z /usr/bin/tar: ../../../../../usr/local/lib/android/sdk/platforms/android-34-ext10/data/res/values-mcc310-mnc410-te: Cannot change mode to rwxr-xr-x: Operation not permitted
build	Cache Android SDK	2026-06-06T12:22:47.6130242Z /usr/bin/tar: ../../../../../usr/local/lib/android/sdk/platforms/android-34-ext10/data/res/values-mcc312-mnc670-cs: Cannot utime: Operation not permitted
build	Cache Android SDK	2026-06-06T12:22:47.6131191Z /usr/bin/tar: ../../../../../usr/local/lib/android/sdk/platforms/android-34-ext10/data/res/values-mcc312-mnc670-cs: Cannot change mode to rwxr-xr-x: Operation not permitted
build	Cache Android SDK	2026-06-06T12:22:47.6133481Z /usr/bin/tar: ../../../../../usr/local/lib/android/sdk/platforms/android-34-ext10/data/res/values-mcc310-mnc410-lv: Cannot utime: Operation not permitted
build	Cache Android SDK	2026-06-06T12:22:47.6134458Z /usr/bin/tar: ../../../../../usr/local/lib/android/sdk/platforms/android-34-ext10/data/res/values-mcc310-mnc410-lv: Cannot change mode to rwxr-xr-x: Operation not permitted
build	Cache Android SDK	2026-06-06T12:22:47.6136503Z /usr/bin/tar: ../../../../../usr/local/lib/android/sdk/platforms/android-34-ext10/data/res/values-mcc310-mnc660-en-rGB: Cannot utime: Operation not permitted
build	Cache Android SDK	2026-06-06T12:22:47.6137583Z /usr/bin/tar: ../../../../../usr/local/lib/android/sdk/platforms/android-34-ext10/data/res/values-mcc310-mnc660-en-rGB: Cannot change mode to rwxr-xr-x: Operation not permitted
build	Cache Android SDK	2026-06-06T12:22:47.6139767Z /usr/bin/tar: ../../../../../usr/local/lib/android/sdk/platforms/android-34-ext10/data/res/values-mcc310-mnc230-zh-rHK: Cannot utime: Operation not permitted
build	Cache Android SDK	2026-06-06T12:22:47.6140742Z /usr/bin/tar: ../../../../../usr/local/lib/android/sdk/platforms/android-34-ext10/data/res/values-mcc310-mnc230-zh-rHK: Cannot change mode to rwxr-xr-x: Operation not permitted
build	Cache Android SDK	2026-06-06T12:22:47.6142534Z /usr/bin/tar: ../../../../../usr/local/lib/android/sdk/platforms/android-34-ext10/data/res/values-mcc310-mnc280-in: Cannot utime: Operation not permitted
build	Cache Android SDK	2026-06-06T12:22:47.6143492Z /usr/bin/tar: ../../../../../usr/local/lib/android/sdk/platforms/android-34-ext10/data/res/values-mcc310-mnc280-in: Cannot change mode to rwxr-xr-x: Operation not permitted
build	Cache Android SDK	2026-06-06T12:22:47.6146614Z /usr/bin/tar: ../../../../../usr/local/lib/android/sdk/platforms/android-34-ext10/data/res/values-mcc313-mnc100-mn: Cannot utime: Operation not permitted
build	Cache Android SDK	2026-06-06T12:22:47.6148121Z /usr/bin/tar: ../../../../../usr/local/lib/android/sdk/platforms/android-34-ext10/data/res/values-mcc313-mnc100-mn: Cannot change mode to rwxr-xr-x: Operation not permitted
build	Cache Android SDK	2026-06-06T12:22:47.6153649Z /usr/bin/tar: ../../../../../usr/local/lib/android/sdk/platforms/android-34-ext10/data/res/values-zh-rCN: Cannot utime: Operation not permitted
build	Cache Android SDK	2026-06-06T12:22:47.6155466Z /usr/bin/tar: ../../../../../usr/local/lib/android/sdk/platforms/android-34-ext10/data/res/values-zh-rCN: Cannot change mode to rwxr-xr-x: Operation not permitted
build	Cache Android SDK	2026-06-06T12:22:47.6157196Z /usr/bin/tar: ../../../../../usr/local/lib/android/sdk/platforms/android-34-ext10/data/res/values-mcc310-mnc310-nb: Cannot utime: Operation not permitted
build	Cache Android SDK	2026-06-06T12:22:47.6158337Z /usr/bin/tar: ../../../../../usr/local/lib/android/sdk/platforms/android-34-ext10/data/res/values-mcc310-mnc310-nb: Cannot change mode to rwxr-xr-x: Operation not permitted
build	Cache Android SDK	2026-06-06T12:22:47.6161016Z /usr/bin/tar: ../../../../../usr/local/lib/android/sdk/platforms/android-34-ext10/data/res/values-mcc310-mnc230-my: Cannot utime: Operation not permitted
build	Cache Android SDK	2026-06-06T12:22:47.6162044Z /usr/bin/tar: ../../../../../usr/local/lib/android/sdk/platforms/android-34-ext10/data/res/values-mcc310-mnc230-my: Cannot change mode to rwxr-xr-x: Operation not permitted
build	Cache Android SDK	2026-06-06T12:22:47.6164392Z /usr/bin/tar: ../../../../../usr/local/lib/android/sdk/platforms/android-34-ext10/data/res/values-mcc302-mnc720-bs: Cannot utime: Operation not permitted
build	Cache Android SDK	2026-06-06T12:22:47.6167825Z /usr/bin/tar: ../../../../../usr/local/lib/android/sdk/platforms/android-34-ext10/data/res/values-mcc302-mnc720-bs: Cannot change mode to rwxr-xr-x: Operation not permitted
build	Cache Android SDK	2026-06-06T12:22:47.6168782Z /usr/bin/tar: ../../../../../usr/local/lib/android/sdk/platforms/android-34-ext10/data/res/values-fi-watch: Cannot utime: Operation not permitted
build	Cache Android SDK	2026-06-06T12:22:47.6169776Z /usr/bin/tar: ../../../../../usr/local/lib/android/sdk/platforms/android-34-ext10/data/res/values-fi-watch: Cannot change mode to rwxr-xr-x: Operation not permitted
build	Cache Android SDK	2026-06-06T12:22:47.6171135Z /usr/bin/tar: ../../../../../usr/local/lib/android/sdk/platforms/android-34-ext10/data/res/values-mcc310-mnc270-mr: Cannot utime: Operation not permitted
build	Cache Android SDK	2026-06-06T12:22:47.6172102Z /usr/bin/tar: ../../../../../usr/local/lib/android/sdk/platforms/android-34-ext10/data/res/values-mcc310-mnc270-mr: Cannot change mode to rwxr-xr-x: Operation not permitted
build	Cache Android SDK	2026-06-06T12:22:47.6174693Z /usr/bin/tar: ../../../../../usr/local/lib/android/sdk/platforms/android-34-ext10/data/res/values-mcc310-mnc280-lv: Cannot utime: Operation not permitted
build	Cache Android SDK	2026-06-06T12:22:47.6175648Z /usr/bin/tar: ../../../../../usr/local/lib/android/sdk/platforms/android-34-ext10/data/res/values-mcc310-mnc280-lv: Cannot change mode to rwxr-xr-x: Operation not permitted
build	Cache Android SDK	2026-06-06T12:22:47.6178499Z /usr/bin/tar: ../../../../../usr/local/lib/android/sdk/platforms/android-34-ext10/data/res/values-mcc310-mnc270-az: Cannot utime: Operation not permitted
build	Cache Android SDK	2026-06-06T12:22:47.6179448Z /usr/bin/tar: ../../../../../usr/local/lib/android/sdk/platforms/android-34-ext10/data/res/values-mcc310-mnc270-az: Cannot change mode to rwxr-xr-x: Operation not permitted
build	Cache Android SDK	2026-06-06T12:22:47.6182155Z /usr/bin/tar: ../../../../../usr/local/lib/android/sdk/platforms/android-34-ext10/data/res/values-mcc310-mnc560-ne: Cannot utime: Operation not permitted
build	Cache Android SDK	2026-06-06T12:22:47.6183127Z /usr/bin/tar: ../../../../../usr/local/lib/android/sdk/platforms/android-34-ext10/data/res/values-mcc310-mnc560-ne: Cannot change mode to rwxr-xr-x: Operation not permitted
build	Cache Android SDK	2026-06-06T12:22:47.6185229Z /usr/bin/tar: ../../../../../usr/local/lib/android/sdk/platforms/android-34-ext10/data/res/values-mcc312-mnc670-ur: Cannot utime: Operation not permitted
build	Cache Android SDK	2026-06-06T12:22:47.6186196Z /usr/bin/tar: ../../../../../usr/local/lib/android/sdk/platforms/android-34-ext10/data/res/values-mcc312-mnc670-ur: Cannot change mode to rwxr-xr-x: Operation not permitted
build	Cache Android SDK	2026-06-06T12:22:47.6188756Z /usr/bin/tar: ../../../../../usr/local/lib/android/sdk/platforms/android-34-ext10/data/res/values-mcc310-mnc380-te: Cannot utime: Operation not permitted
build	Cache Android SDK	2026-06-06T12:22:47.6189927Z /usr/bin/tar: ../../../../../usr/local/lib/android/sdk/platforms/android-34-ext10/data/res/values-mcc310-mnc380-te: Cannot change mode to rwxr-xr-x: Operation not permitted
build	Cache Android SDK	2026-06-06T12:22:47.6191977Z /usr/bin/tar: ../../../../../usr/local/lib/android/sdk/platforms/android-34-ext10/data/res/values-mcc310-mnc270-ur: Cannot utime: Operation not permitted
build	Cache Android SDK	2026-06-06T12:22:47.6193034Z /usr/bin/tar: ../../../../../usr/local/lib/android/sdk/platforms/android-34-ext10/data/res/values-mcc310-mnc270-ur: Cannot change mode to rwxr-xr-x: Operation not permitted
build	Cache Android SDK	2026-06-06T12:22:47.6195047Z /usr/bin/tar: ../../../../../usr/local/lib/android/sdk/platforms/android-34-ext10/data/res/values-mcc310-mnc800-ru: Cannot utime: Operation not permitted
build	Cache Android SDK	2026-06-06T12:22:47.6195998Z /usr/bin/tar: ../../../../../usr/local/lib/android/sdk/platforms/android-34-ext10/data/res/values-mcc310-mnc800-ru: Cannot change mode to rwxr-xr-x: Operation not permitted
build	Cache Android SDK	2026-06-06T12:22:47.6198429Z /usr/bin/tar: ../../../../../usr/local/lib/android/sdk/platforms/android-34-ext10/data/res/values-mcc310-mnc560-zh-rHK: Cannot utime: Operation not permitted
build	Cache Android SDK	2026-06-06T12:22:47.6199439Z /usr/bin/tar: ../../../../../usr/local/lib/android/sdk/platforms/android-34-ext10/data/res/values-mcc310-mnc560-zh-rHK: Cannot change mode to rwxr-xr-x: Operation not permitted
build	Cache Android SDK	2026-06-06T12:22:47.6201858Z /usr/bin/tar: ../../../../../usr/local/lib/android/sdk/platforms/android-34-ext10/data/res/values-mcc001-mnc01-ro: Cannot utime: Operation not permitted
build	Cache Android SDK	2026-06-06T12:22:47.6202943Z /usr/bin/tar: ../../../../../usr/local/lib/android/sdk/platforms/android-34-ext10/data/res/values-mcc001-mnc01-ro: Cannot change mode to rwxr-xr-x: Operation not permitted
build	Cache Android SDK	2026-06-06T12:22:47.6205074Z /usr/bin/tar: ../../../../../usr/local/lib/android/sdk/platforms/android-34-ext10/data/res/values-mcc310-mnc150-ko: Cannot utime: Operation not permitted
build	Cache Android SDK	2026-06-06T12:22:47.6206052Z /usr/bin/tar: ../../../../../usr/local/lib/android/sdk/platforms/android-34-ext10/data/res/values-mcc310-mnc150-ko: Cannot change mode to rwxr-xr-x: Operation not permitted
build	Cache Android SDK	2026-06-06T12:22:47.6208503Z /usr/bin/tar: ../../../../../usr/local/lib/android/sdk/platforms/android-34-ext10/data/res/values-mcc310-mnc150-sr: Cannot utime: Operation not permitted
build	Cache Android SDK	2026-06-06T12:22:47.6209561Z /usr/bin/tar: ../../../../../usr/local/lib/android/sdk/platforms/android-34-ext10/data/res/values-mcc310-mnc150-sr: Cannot change mode to rwxr-xr-x: Operation not permitted
build	Cache Android SDK	2026-06-06T12:22:47.6211436Z /usr/bin/tar: ../../../../../usr/local/lib/android/sdk/platforms/android-34-ext10/data/res/values-mcc704-mnc03: Cannot utime: Operation not permitted
build	Cache Android SDK	2026-06-06T12:22:47.6212366Z /usr/bin/tar: ../../../../../usr/local/lib/android/sdk/platforms/android-34-ext10/data/res/values-mcc704-mnc03: Cannot change mode to rwxr-xr-x: Operation not permitted
build	Cache Android SDK	2026-06-06T12:22:47.6214393Z /usr/bin/tar: ../../../../../usr/local/lib/android/sdk/platforms/android-34-ext10/data/res/values-mcc310-mnc220-it: Cannot utime: Operation not permitted
build	Cache Android SDK	2026-06-06T12:22:47.6215343Z /usr/bin/tar: ../../../../../usr/local/lib/android/sdk/platforms/android-34-ext10/data/res/values-mcc310-mnc220-it: Cannot change mode to rwxr-xr-x: Operation not permitted
build	Cache Android SDK	2026-06-06T12:22:47.6217707Z /usr/bin/tar: ../../../../../usr/local/lib/android/sdk/platforms/android-34-ext10/data/res/values-mcc310-mnc230-ka: Cannot utime: Operation not permitted
build	Cache Android SDK	2026-06-06T12:22:47.6218661Z /usr/bin/tar: ../../../../../usr/local/lib/android/sdk/platforms/android-34-ext10/data/res/values-mcc310-mnc230-ka: Cannot change mode to rwxr-xr-x: Operation not permitted
build	Cache Android SDK	2026-06-06T12:22:47.6220515Z /usr/bin/tar: ../../../../../usr/local/lib/android/sdk/platforms/android-34-ext10/data/res/values-bn-watch: Cannot utime: Operation not permitted
build	Cache Android SDK	2026-06-06T12:22:47.6221445Z /usr/bin/tar: ../../../../../usr/local/lib/android/sdk/platforms/android-34-ext10/data/res/values-bn-watch: Cannot change mode to rwxr-xr-x: Operation not permitted
build	Cache Android SDK	2026-06-06T12:22:47.6223425Z /usr/bin/tar: ../../../../../usr/local/lib/android/sdk/platforms/android-34-ext10/data/res/values-mcc302-mnc370-pt-rBR: Cannot utime: Operation not permitted
build	Cache Android SDK	2026-06-06T12:22:47.6224539Z /usr/bin/tar: ../../../../../usr/local/lib/android/sdk/platforms/android-34-ext10/data/res/values-mcc302-mnc370-pt-rBR: Cannot change mode to rwxr-xr-x: Operation not permitted
build	Cache Android SDK	2026-06-06T12:22:47.6227100Z /usr/bin/tar: ../../../../../usr/local/lib/android/sdk/platforms/android-34-ext10/data/res/mipmap-xxhdpi: Cannot utime: Operation not permitted
build	Cache Android SDK	2026-06-06T12:22:47.6228393Z /usr/bin/tar: ../../../../../usr/local/lib/android/sdk/platforms/android-34-ext10/data/res/mipmap-xxhdpi: Cannot change mode to rwxr-xr-x: Operation not permitted
build	Cache Android SDK	2026-06-06T12:22:47.6229909Z /usr/bin/tar: ../../../../../usr/local/lib/android/sdk/platforms/android-34-ext10/data/res/values-mcc311-mnc180-ja: Cannot utime: Operation not permitted
build	Cache Android SDK	2026-06-06T12:22:47.6230859Z /usr/bin/tar: ../../../../../usr/local/lib/android/sdk/platforms/android-34-ext10/data/res/values-mcc311-mnc180-ja: Cannot change mode to rwxr-xr-x: Operation not permitted
build	Cache Android SDK	2026-06-06T12:22:47.6233227Z /usr/bin/tar: ../../../../../usr/local/lib/android/sdk/platforms/android-34-ext10/data/res/values-sl-watch: Cannot utime: Operation not permitted
build	Cache Android SDK	2026-06-06T12:22:47.6234151Z /usr/bin/tar: ../../../../../usr/local/lib/android/sdk/platforms/android-34-ext10/data/res/values-sl-watch: Cannot change mode to rwxr-xr-x: Operation not permitted
build	Cache Android SDK	2026-06-06T12:22:47.6236850Z /usr/bin/tar: ../../../../../usr/local/lib/android/sdk/platforms/android-34-ext10/data/res/values-mcc310-mnc270-th: Cannot utime: Operation not permitted
build	Cache Android SDK	2026-06-06T12:22:47.6237954Z /usr/bin/tar: ../../../../../usr/local/lib/android/sdk/platforms/android-34-ext10/data/res/values-mcc310-mnc270-th: Cannot change mode to rwxr-xr-x: Operation not permitted
build	Cache Android SDK	2026-06-06T12:22:47.6240220Z /usr/bin/tar: ../../../../../usr/local/lib/android/sdk/platforms/android-34-ext10/data/res/values-mcc310-mnc660-zh-rHK: Cannot utime: Operation not permitted
build	Cache Android SDK	2026-06-06T12:22:47.6241205Z /usr/bin/tar: ../../../../../usr/local/lib/android/sdk/platforms/android-34-ext10/data/res/values-mcc310-mnc660-zh-rHK: Cannot change mode to rwxr-xr-x: Operation not permitted
build	Cache Android SDK	2026-06-06T12:22:47.6243332Z /usr/bin/tar: ../../../../../usr/local/lib/android/sdk/platforms/android-34-ext10/data/res/values-mcc334-mnc020-be: Cannot utime: Operation not permitted
build	Cache Android SDK	2026-06-06T12:22:47.6244281Z /usr/bin/tar: ../../../../../usr/local/lib/android/sdk/platforms/android-34-ext10/data/res/values-mcc334-mnc020-be: Cannot change mode to rwxr-xr-x: Operation not permitted
build	Cache Android SDK	2026-06-06T12:22:47.6246380Z /usr/bin/tar: ../../../../../usr/local/lib/android/sdk/platforms/android-34-ext10/data/res/values-mcc310-mnc270-fi: Cannot utime: Operation not permitted
build	Cache Android SDK	2026-06-06T12:22:47.6247332Z /usr/bin/tar: ../../../../../usr/local/lib/android/sdk/platforms/android-34-ext10/data/res/values-mcc310-mnc270-fi: Cannot change mode to rwxr-xr-x: Operation not permitted
build	Cache Android SDK	2026-06-06T12:22:47.6249404Z /usr/bin/tar: ../../../../../usr/local/lib/android/sdk/platforms/android-34-ext10/data/res/values-mcc334: Cannot utime: Operation not permitted
build	Cache Android SDK	2026-06-06T12:22:47.6250310Z /usr/bin/tar: ../../../../../usr/local/lib/android/sdk/platforms/android-34-ext10/data/res/values-mcc334: Cannot change mode to rwxr-xr-x: Operation not permitted
build	Cache Android SDK	2026-06-06T12:22:47.6252388Z /usr/bin/tar: ../../../../../usr/local/lib/android/sdk/platforms/android-34-ext10/data/res/values-mcc310-mnc800-az: Cannot utime: Operation not permitted
build	Cache Android SDK	2026-06-06T12:22:47.6253339Z /usr/bin/tar: ../../../../../usr/local/lib/android/sdk/platforms/android-34-ext10/data/res/values-mcc310-mnc800-az: Cannot change mode to rwxr-xr-x: Operation not permitted
build	Cache Android SDK	2026-06-06T12:22:47.6255500Z /usr/bin/tar: ../../../../../usr/local/lib/android/sdk/platforms/android-34-ext10/data/res/values-mcc310-mnc280-es: Cannot utime: Operation not permitted
build	Cache Android SDK	2026-06-06T12:22:47.6256449Z /usr/bin/tar: ../../../../../usr/local/lib/android/sdk/platforms/android-34-ext10/data/res/values-mcc310-mnc280-es: Cannot change mode to rwxr-xr-x: Operation not permitted
build	Cache Android SDK	2026-06-06T12:22:47.6259233Z /usr/bin/tar: ../../../../../usr/local/lib/android/sdk/platforms/android-34-ext10/data/res/values-mcc310-mnc200-hu: Cannot utime: Operation not permitted
build	Cache Android SDK	2026-06-06T12:22:47.6260189Z /usr/bin/tar: ../../../../../usr/local/lib/android/sdk/platforms/android-34-ext10/data/res/values-mcc310-mnc200-hu: Cannot change mode to rwxr-xr-x: Operation not permitted
build	Cache Android SDK	2026-06-06T12:22:47.6262421Z /usr/bin/tar: ../../../../../usr/local/lib/android/sdk/platforms/android-34-ext10/data/res/values-ur-television: Cannot utime: Operation not permitted
build	Cache Android SDK	2026-06-06T12:22:47.6263469Z /usr/bin/tar: ../../../../../usr/local/lib/android/sdk/platforms/android-34-ext10/data/res/values-ur-television: Cannot change mode to rwxr-xr-x: Operation not permitted
build	Cache Android SDK	2026-06-06T12:22:47.6276543Z /usr/bin/tar: ../../../../../usr/local/lib/android/sdk/platforms/android-34-ext10/data/res/values-mcc001-mnc01-sv: Cannot utime: Operation not permitted
build	Cache Android SDK	2026-06-06T12:22:47.6277754Z /usr/bin/tar: ../../../../../usr/local/lib/android/sdk/platforms/android-34-ext10/data/res/values-mcc001-mnc01-sv: Cannot change mode to rwxr-xr-x: Operation not permitted
build	Cache Android SDK	2026-06-06T12:22:47.6278725Z /usr/bin/tar: ../../../../../usr/local/lib/android/sdk/platforms/android-34-ext10/data/res/values-mcc302-mnc370-kn: Cannot utime: Operation not permitted
build	Cache Android SDK	2026-06-06T12:22:47.6280241Z /usr/bin/tar: ../../../../../usr/local/lib/android/sdk/platforms/android-34-ext10/data/res/values-mcc302-mnc370-kn: Cannot change mode to rwxr-xr-x: Operation not permitted
build	Cache Android SDK	2026-06-06T12:22:47.6281349Z /usr/bin/tar: ../../../../../usr/local/lib/android/sdk/platforms/android-34-ext10/data/res/values-en-rCA-watch: Cannot utime: Operation not permitted
build	Cache Android SDK	2026-06-06T12:22:47.6282611Z /usr/bin/tar: ../../../../../usr/local/lib/android/sdk/platforms/android-34-ext10/data/res/values-en-rCA-watch: Cannot change mode to rwxr-xr-x: Operation not permitted
build	Cache Android SDK	2026-06-06T12:22:47.6283633Z /usr/bin/tar: ../../../../../usr/local/lib/android/sdk/platforms/android-34-ext10/data/res/values-mcc310-mnc250-fi: Cannot utime: Operation not permitted
build	Cache Android SDK	2026-06-06T12:22:47.6284655Z /usr/bin/tar: ../../../../../usr/local/lib/android/sdk/platforms/android-34-ext10/data/res/values-mcc310-mnc250-fi: Cannot change mode to rwxr-xr-x: Operation not permitted
build	Cache Android SDK	2026-06-06T12:22:47.6286040Z /usr/bin/tar: ../../../../../usr/local/lib/android/sdk/platforms/android-34-ext10/data/res/values-mcc001-mnc01-tl: Cannot utime: Operation not permitted
build	Cache Android SDK	2026-06-06T12:22:47.6287064Z /usr/bin/tar: ../../../../../usr/local/lib/android/sdk/platforms/android-34-ext10/data/res/values-mcc001-mnc01-tl: Cannot change mode to rwxr-xr-x: Operation not permitted
build	Cache Android SDK	2026-06-06T12:22:47.6288659Z /usr/bin/tar: ../../../../../usr/local/lib/android/sdk/platforms/android-34-ext10/data/res/values-it-rCH: Cannot utime: Operation not permitted
build	Cache Android SDK	2026-06-06T12:22:47.6289673Z /usr/bin/tar: ../../../../../usr/local/lib/android/sdk/platforms/android-34-ext10/data/res/values-it-rCH: Cannot change mode to rwxr-xr-x: Operation not permitted
build	Cache Android SDK	2026-06-06T12:22:47.6290789Z /usr/bin/tar: ../../../../../usr/local/lib/android/sdk/platforms/android-34-ext10/data/res/values-mcc310-mnc950-kn: Cannot utime: Operation not permitted
build	Cache Android SDK	2026-06-06T12:22:47.6292174Z /usr/bin/tar: ../../../../../usr/local/lib/android/sdk/platforms/android-34-ext10/data/res/values-mcc310-mnc950-kn: Cannot change mode to rwxr-xr-x: Operation not permitted
build	Cache Android SDK	2026-06-06T12:22:47.6293148Z /usr/bin/tar: ../../../../../usr/local/lib/android/sdk/platforms/android-34-ext10/data/res/values-mcc302-mnc720-ja: Cannot utime: Operation not permitted
build	Cache Android SDK	2026-06-06T12:22:47.6294171Z /usr/bin/tar: ../../../../../usr/local/lib/android/sdk/platforms/android-34-ext10/data/res/values-mcc302-mnc720-ja: Cannot change mode to rwxr-xr-x: Operation not permitted
build	Cache Android SDK	2026-06-06T12:22:47.6295467Z /usr/bin/tar: ../../../../../usr/local/lib/android/sdk/platforms/android-34-ext10/data/res/values-mcc302-mnc720-ca: Cannot utime: Operation not permitted
build	Cache Android SDK	2026-06-06T12:22:47.6296465Z /usr/bin/tar: ../../../../../usr/local/lib/android/sdk/platforms/android-34-ext10/data/res/values-mcc302-mnc720-ca: Cannot change mode to rwxr-xr-x: Operation not permitted
build	Cache Android SDK	2026-06-06T12:22:47.6297632Z /usr/bin/tar: ../../../../../usr/local/lib/android/sdk/platforms/android-34-ext10/data/res/values-de-rCH: Cannot utime: Operation not permitted
build	Cache Android SDK	2026-06-06T12:22:47.6298941Z /usr/bin/tar: ../../../../../usr/local/lib/android/sdk/platforms/android-34-ext10/data/res/values-de-rCH: Cannot change mode to rwxr-xr-x: Operation not permitted
build	Cache Android SDK	2026-06-06T12:22:47.6301072Z /usr/bin/tar: ../../../../../usr/local/lib/android/sdk/platforms/android-34-ext10/data/res/values-mcc310-mnc210-kn: Cannot utime: Operation not permitted
build	Cache Android SDK	2026-06-06T12:22:47.6302400Z /usr/bin/tar: ../../../../../usr/local/lib/android/sdk/platforms/android-34-ext10/data/res/values-mcc310-mnc210-kn: Cannot change mode to rwxr-xr-x: Operation not permitted
build	Cache Android SDK	2026-06-06T12:22:47.6303363Z /usr/bin/tar: ../../../../../usr/local/lib/android/sdk/platforms/android-34-ext10/data/res/values-mcc310-mnc250-ar: Cannot utime: Operation not permitted
build	Cache Android SDK	2026-06-06T12:22:47.6304656Z /usr/bin/tar: ../../../../../usr/local/lib/android/sdk/platforms/android-34-ext10/data/res/values-mcc310-mnc250-ar: Cannot change mode to rwxr-xr-x: Operation not permitted
build	Cache Android SDK	2026-06-06T12:22:47.6305654Z /usr/bin/tar: ../../../../../usr/local/lib/android/sdk/platforms/android-34-ext10/data/res/values-mcc310-mnc030-kn: Cannot utime: Operation not permitted
build	Cache Android SDK	2026-06-06T12:22:47.6306850Z /usr/bin/tar: ../../../../../usr/local/lib/android/sdk/platforms/android-34-ext10/data/res/values-mcc310-mnc030-kn: Cannot change mode to rwxr-xr-x: Operation not permitted
build	Cache Android SDK	2026-06-06T12:22:47.6311237Z /usr/bin/tar: ../../../../../usr/local/lib/android/sdk/platforms/android-34-ext10/data/res/values-w210dp-round-watch: Cannot utime: Operation not permitted
build	Cache Android SDK	2026-06-06T12:22:47.6312250Z /usr/bin/tar: ../../../../../usr/local/lib/android/sdk/platforms/android-34-ext10/data/res/values-w210dp-round-watch: Cannot change mode to rwxr-xr-x: Operation not permitted
build	Cache Android SDK	2026-06-06T12:22:47.6314841Z /usr/bin/tar: ../../../../../usr/local/lib/android/sdk/platforms/android-34-ext10/data/res/values-mcc310-mnc200-ka: Cannot utime: Operation not permitted
build	Cache Android SDK	2026-06-06T12:22:47.6315921Z /usr/bin/tar: ../../../../../usr/local/lib/android/sdk/platforms/android-34-ext10/data/res/values-mcc310-mnc200-ka: Cannot change mode to rwxr-xr-x: Operation not permitted
build	Cache Android SDK	2026-06-06T12:22:47.6318382Z /usr/bin/tar: ../../../../../usr/local/lib/android/sdk/platforms/android-34-ext10/data/res/values-mcc310-mnc380-pa: Cannot utime: Operation not permitted
build	Cache Android SDK	2026-06-06T12:22:47.6319354Z /usr/bin/tar: ../../../../../usr/local/lib/android/sdk/platforms/android-34-ext10/data/res/values-mcc310-mnc380-pa: Cannot change mode to rwxr-xr-x: Operation not permitted
build	Cache Android SDK	2026-06-06T12:22:47.6321991Z /usr/bin/tar: ../../../../../usr/local/lib/android/sdk/platforms/android-34-ext10/data/res/values-mcc302-mnc720-sr: Cannot utime: Operation not permitted
build	Cache Android SDK	2026-06-06T12:22:47.6322958Z /usr/bin/tar: ../../../../../usr/local/lib/android/sdk/platforms/android-34-ext10/data/res/values-mcc302-mnc720-sr: Cannot change mode to rwxr-xr-x: Operation not permitted
build	Cache Android SDK	2026-06-06T12:22:47.6324981Z /usr/bin/tar: ../../../../../usr/local/lib/android/sdk/platforms/android-34-ext10/data/res/values-mcc310-mnc800-ka: Cannot utime: Operation not permitted
build	Cache Android SDK	2026-06-06T12:22:47.6325964Z /usr/bin/tar: ../../../../../usr/local/lib/android/sdk/platforms/android-34-ext10/data/res/values-mcc310-mnc800-ka: Cannot change mode to rwxr-xr-x: Operation not permitted
build	Cache Android SDK	2026-06-06T12:22:47.6328230Z /usr/bin/tar: ../../../../../usr/local/lib/android/sdk/platforms/android-34-ext10/data/res/values-mcc310-mnc660-nl: Cannot utime: Operation not permitted
build	Cache Android SDK	2026-06-06T12:22:47.6329209Z /usr/bin/tar: ../../../../../usr/local/lib/android/sdk/platforms/android-34-ext10/data/res/values-mcc310-mnc660-nl: Cannot change mode to rwxr-xr-x: Operation not permitted
build	Cache Android SDK	2026-06-06T12:22:47.6331188Z /usr/bin/tar: ../../../../../usr/local/lib/android/sdk/platforms/android-34-ext10/data/res/values-mcc310-mnc030-zh-rHK: Cannot utime: Operation not permitted
build	Cache Android SDK	2026-06-06T12:22:47.6332269Z /usr/bin/tar: ../../../../../usr/local/lib/android/sdk/platforms/android-34-ext10/data/res/values-mcc310-mnc030-zh-rHK: Cannot change mode to rwxr-xr-x: Operation not permitted
build	Cache Android SDK	2026-06-06T12:22:47.6333974Z /usr/bin/tar: ../../../../../usr/local/lib/android/sdk/platforms/android-34-ext10/data/res/values-mcc302-mnc370-sv: Cannot utime: Operation not permitted
build	Cache Android SDK	2026-06-06T12:22:47.6334992Z /usr/bin/tar: ../../../../../usr/local/lib/android/sdk/platforms/android-34-ext10/data/res/values-mcc302-mnc370-sv: Cannot change mode to rwxr-xr-x: Operation not permitted
build	Cache Android SDK	2026-06-06T12:22:47.6338007Z /usr/bin/tar: ../../../../../usr/local/lib/android/sdk/platforms/android-34-ext10/data/res/values-mcc310-mnc170-fa: Cannot utime: Operation not permitted
build	Cache Android SDK	2026-06-06T12:22:47.6338991Z /usr/bin/tar: ../../../../../usr/local/lib/android/sdk/platforms/android-34-ext10/data/res/values-mcc310-mnc170-fa: Cannot change mode to rwxr-xr-x: Operation not permitted
build	Cache Android SDK	2026-06-06T12:22:47.6341392Z /usr/bin/tar: ../../../../../usr/local/lib/android/sdk/platforms/android-34-ext10/data/res/values-port: Cannot utime: Operation not permitted
build	Cache Android SDK	2026-06-06T12:22:47.6342321Z /usr/bin/tar: ../../../../../usr/local/lib/android/sdk/platforms/android-34-ext10/data/res/values-port: Cannot change mode to rwxr-xr-x: Operation not permitted
build	Cache Android SDK	2026-06-06T12:22:47.6345103Z /usr/bin/tar: ../../../../../usr/local/lib/android/sdk/platforms/android-34-ext10/data/res/drawable-en-hdpi: Cannot utime: Operation not permitted
build	Cache Android SDK	2026-06-06T12:22:47.6346078Z /usr/bin/tar: ../../../../../usr/local/lib/android/sdk/platforms/android-34-ext10/data/res/drawable-en-hdpi: Cannot change mode to rwxr-xr-x: Operation not permitted
build	Cache Android SDK	2026-06-06T12:22:47.6348361Z /usr/bin/tar: ../../../../../usr/local/lib/android/sdk/platforms/android-34-ext10/data/res/values-mcc310-mnc230-mn: Cannot utime: Operation not permitted
build	Cache Android SDK	2026-06-06T12:22:47.6349854Z /usr/bin/tar: ../../../../../usr/local/lib/android/sdk/platforms/android-34-ext10/data/res/values-mcc310-mnc230-mn: Cannot change mode to rwxr-xr-x: Operation not permitted
build	Cache Android SDK	2026-06-06T12:22:47.6355538Z /usr/bin/tar: ../../../../../usr/local/lib/android/sdk/platforms/android-34-ext10/data/res/values-es: Cannot utime: Operation not permitted
build	Cache Android SDK	2026-06-06T12:22:47.6357098Z /usr/bin/tar: ../../../../../usr/local/lib/android/sdk/platforms/android-34-ext10/data/res/values-es: Cannot change mode to rwxr-xr-x: Operation not permitted
build	Cache Android SDK	2026-06-06T12:22:47.6358940Z /usr/bin/tar: ../../../../../usr/local/lib/android/sdk/platforms/android-34-ext10/data/res/values-mcc310-mnc800-km: Cannot utime: Operation not permitted
build	Cache Android SDK	2026-06-06T12:22:47.6359922Z /usr/bin/tar: ../../../../../usr/local/lib/android/sdk/platforms/android-34-ext10/data/res/values-mcc310-mnc800-km: Cannot change mode to rwxr-xr-x: Operation not permitted
build	Cache Android SDK	2026-06-06T12:22:47.6362903Z /usr/bin/tar: ../../../../../usr/local/lib/android/sdk/platforms/android-34-ext10/data/res/values-mcc334-mnc020-en-rAU: Cannot utime: Operation not permitted
build	Cache Android SDK	2026-06-06T12:22:47.6363954Z /usr/bin/tar: ../../../../../usr/local/lib/android/sdk/platforms/android-34-ext10/data/res/values-mcc334-mnc020-en-rAU: Cannot change mode to rwxr-xr-x: Operation not permitted
build	Cache Android SDK	2026-06-06T12:22:47.6366220Z /usr/bin/tar: ../../../../../usr/local/lib/android/sdk/platforms/android-34-ext10/data/res/values-mcc310-mnc170-tl: Cannot utime: Operation not permitted
build	Cache Android SDK	2026-06-06T12:22:47.6367208Z /usr/bin/tar: ../../../../../usr/local/lib/android/sdk/platforms/android-34-ext10/data/res/values-mcc310-mnc170-tl: Cannot change mode to rwxr-xr-x: Operation not permitted
build	Cache Android SDK	2026-06-06T12:22:47.6369313Z /usr/bin/tar: ../../../../../usr/local/lib/android/sdk/platforms/android-34-ext10/data/res/values-mcc311-mnc180-lt: Cannot utime: Operation not permitted
build	Cache Android SDK	2026-06-06T12:22:47.6370293Z /usr/bin/tar: ../../../../../usr/local/lib/android/sdk/platforms/android-34-ext10/data/res/values-mcc311-mnc180-lt: Cannot change mode to rwxr-xr-x: Operation not permitted
build	Cache Android SDK	2026-06-06T12:22:47.6372666Z /usr/bin/tar: ../../../../../usr/local/lib/android/sdk/platforms/android-34-ext10/data/res/values-en-rIN-television: Cannot utime: Operation not permitted
build	Cache Android SDK	2026-06-06T12:22:47.6373669Z /usr/bin/tar: ../../../../../usr/local/lib/android/sdk/platforms/android-34-ext10/data/res/values-en-rIN-television: Cannot change mode to rwxr-xr-x: Operation not permitted
build	Cache Android SDK	2026-06-06T12:22:47.6375667Z /usr/bin/tar: ../../../../../usr/local/lib/android/sdk/platforms/android-34-ext10/data/res/values-mcc310-mnc270-nl: Cannot utime: Operation not permitted
build	Cache Android SDK	2026-06-06T12:22:47.6376642Z /usr/bin/tar: ../../../../../usr/local/lib/android/sdk/platforms/android-34-ext10/data/res/values-mcc310-mnc270-nl: Cannot change mode to rwxr-xr-x: Operation not permitted
build	Cache Android SDK	2026-06-06T12:22:47.6379318Z /usr/bin/tar: ../../../../../usr/local/lib/android/sdk/platforms/android-34-ext10/data/res/values-mcc334-mnc020-hu: Cannot utime: Operation not permitted
build	Cache Android SDK	2026-06-06T12:22:47.6380297Z /usr/bin/tar: ../../../../../usr/local/lib/android/sdk/platforms/android-34-ext10/data/res/values-mcc334-mnc020-hu: Cannot change mode to rwxr-xr-x: Operation not permitted
build	Cache Android SDK	2026-06-06T12:22:47.6382410Z /usr/bin/tar: ../../../../../usr/local/lib/android/sdk/platforms/android-34-ext10/data/res/values-mcc310-mnc220-gl: Cannot utime: Operation not permitted
build	Cache Android SDK	2026-06-06T12:22:47.6383401Z /usr/bin/tar: ../../../../../usr/local/lib/android/sdk/platforms/android-34-ext10/data/res/values-mcc310-mnc220-gl: Cannot change mode to rwxr-xr-x: Operation not permitted
build	Cache Android SDK	2026-06-06T12:22:47.6385745Z /usr/bin/tar: ../../../../../usr/local/lib/android/sdk/platforms/android-34-ext10/data/res/values-mcc310-mnc220-zh-rHK: Cannot utime: Operation not permitted
build	Cache Android SDK	2026-06-06T12:22:47.6386751Z /usr/bin/tar: ../../../../../usr/local/lib/android/sdk/platforms/android-34-ext10/data/res/values-mcc310-mnc220-zh-rHK: Cannot change mode to rwxr-xr-x: Operation not permitted
build	Cache Android SDK	2026-06-06T12:22:47.6389781Z /usr/bin/tar: ../../../../../usr/local/lib/android/sdk/platforms/android-34-ext10/data/res/values-sw720dp-w1280dp: Cannot utime: Operation not permitted
build	Cache Android SDK	2026-06-06T12:22:47.6391235Z /usr/bin/tar: ../../../../../usr/local/lib/android/sdk/platforms/android-34-ext10/data/res/values-sw720dp-w1280dp: Cannot change mode to rwxr-xr-x: Operation not permitted
build	Cache Android SDK	2026-06-06T12:22:47.6392634Z /usr/bin/tar: ../../../../../usr/local/lib/android/sdk/platforms/android-34-ext10/data/res/values-mcc310-mnc030-pt-rPT: Cannot utime: Operation not permitted
build	Cache Android SDK	2026-06-06T12:22:47.6393633Z /usr/bin/tar: ../../../../../usr/local/lib/android/sdk/platforms/android-34-ext10/data/res/values-mcc310-mnc030-pt-rPT: Cannot change mode to rwxr-xr-x: Operation not permitted
build	Cache Android SDK	2026-06-06T12:22:47.6395487Z /usr/bin/tar: ../../../../../usr/local/lib/android/sdk/platforms/android-34-ext10/data/res/values-mcc313-mnc100-ca: Cannot utime: Operation not permitted
build	Cache Android SDK	2026-06-06T12:22:47.6396466Z /usr/bin/tar: ../../../../../usr/local/lib/android/sdk/platforms/android-34-ext10/data/res/values-mcc313-mnc100-ca: Cannot change mode to rwxr-xr-x: Operation not permitted
build	Cache Android SDK	2026-06-06T12:22:47.6398959Z /usr/bin/tar: ../../../../../usr/local/lib/android/sdk/platforms/android-34-ext10/data/res/values-mcc310-mnc660-de: Cannot utime: Operation not permitted
build	Cache Android SDK	2026-06-06T12:22:47.6399954Z /usr/bin/tar: ../../../../../usr/local/lib/android/sdk/platforms/android-34-ext10/data/res/values-mcc310-mnc660-de: Cannot change mode to rwxr-xr-x: Operation not permitted
build	Cache Android SDK	2026-06-06T12:22:47.6402539Z /usr/bin/tar: ../../../../../usr/local/lib/android/sdk/platforms/android-34-ext10/data/res/values-mcc310-mnc160-fr-rCA: Cannot utime: Operation not permitted
build	Cache Android SDK	2026-06-06T12:22:47.6403555Z /usr/bin/tar: ../../../../../usr/local/lib/android/sdk/platforms/android-34-ext10/data/res/values-mcc310-mnc160-fr-rCA: Cannot change mode to rwxr-xr-x: Operation not permitted
build	Cache Android SDK	2026-06-06T12:22:47.6406448Z /usr/bin/tar: ../../../../../usr/local/lib/android/sdk/platforms/android-34-ext10/data/res/values-mcc312-mnc670-or: Cannot utime: Operation not permitted
build	Cache Android SDK	2026-06-06T12:22:47.6407587Z /usr/bin/tar: ../../../../../usr/local/lib/android/sdk/platforms/android-34-ext10/data/res/values-mcc312-mnc670-or: Cannot change mode to rwxr-xr-x: Operation not permitted
build	Cache Android SDK	2026-06-06T12:22:47.6409660Z /usr/bin/tar: ../../../../../usr/local/lib/android/sdk/platforms/android-34-ext10/data/res/values-mcc310-mnc210-da: Cannot utime: Operation not permitted
build	Cache Android SDK	2026-06-06T12:22:47.6410755Z /usr/bin/tar: ../../../../../usr/local/lib/android/sdk/platforms/android-34-ext10/data/res/values-mcc310-mnc210-da: Cannot change mode to rwxr-xr-x: Operation not permitted
build	Cache Android SDK	2026-06-06T12:22:47.6413190Z /usr/bin/tar: ../../../../../usr/local/lib/android/sdk/platforms/android-34-ext10/data/res/values-mcc310-mnc310-sk: Cannot utime: Operation not permitted
build	Cache Android SDK	2026-06-06T12:22:47.6414162Z /usr/bin/tar: ../../../../../usr/local/lib/android/sdk/platforms/android-34-ext10/data/res/values-mcc310-mnc310-sk: Cannot change mode to rwxr-xr-x: Operation not permitted
build	Cache Android SDK	2026-06-06T12:22:47.6416160Z /usr/bin/tar: ../../../../../usr/local/lib/android/sdk/platforms/android-34-ext10/data/res/values-mcc310-mnc200-in: Cannot utime: Operation not permitted
build	Cache Android SDK	2026-06-06T12:22:47.6417145Z /usr/bin/tar: ../../../../../usr/local/lib/android/sdk/platforms/android-34-ext10/data/res/values-mcc310-mnc200-in: Cannot change mode to rwxr-xr-x: Operation not permitted
build	Cache Android SDK	2026-06-06T12:22:47.6420032Z /usr/bin/tar: ../../../../../usr/local/lib/android/sdk/platforms/android-34-ext10/data/res/values-mcc310-mnc170-af: Cannot utime: Operation not permitted
build	Cache Android SDK	2026-06-06T12:22:47.6421153Z /usr/bin/tar: ../../../../../usr/local/lib/android/sdk/platforms/android-34-ext10/data/res/values-mcc310-mnc170-af: Cannot change mode to rwxr-xr-x: Operation not permitted
build	Cache Android SDK	2026-06-06T12:22:47.6426497Z /usr/bin/tar: ../../../../../usr/local/lib/android/sdk/platforms/android-34-ext10/data/res/values-hu: Cannot utime: Operation not permitted
build	Cache Android SDK	2026-06-06T12:22:47.6427500Z /usr/bin/tar: ../../../../../usr/local/lib/android/sdk/platforms/android-34-ext10/data/res/values-hu: Cannot change mode to rwxr-xr-x: Operation not permitted
build	Cache Android SDK	2026-06-06T12:22:47.6430485Z /usr/bin/tar: ../../../../../usr/local/lib/android/sdk/platforms/android-34-ext10/data/res/values-mcc310-mnc950-en-rXC: Cannot utime: Operation not permitted
build	Cache Android SDK	2026-06-06T12:22:47.6431597Z /usr/bin/tar: ../../../../../usr/local/lib/android/sdk/platforms/android-34-ext10/data/res/values-mcc310-mnc950-en-rXC: Cannot change mode to rwxr-xr-x: Operation not permitted
build	Cache Android SDK	2026-06-06T12:22:47.6434486Z /usr/bin/tar: ../../../../../usr/local/lib/android/sdk/platforms/android-34-ext10/data/res/values-mcc310: Cannot utime: Operation not permitted
build	Cache Android SDK	2026-06-06T12:22:47.6435398Z /usr/bin/tar: ../../../../../usr/local/lib/android/sdk/platforms/android-34-ext10/data/res/values-mcc310: Cannot change mode to rwxr-xr-x: Operation not permitted
build	Cache Android SDK	2026-06-06T12:22:47.6437940Z /usr/bin/tar: ../../../../../usr/local/lib/android/sdk/platforms/android-34-ext10/data/res/values-mcc312-mnc670-fi: Cannot utime: Operation not permitted
build	Cache Android SDK	2026-06-06T12:22:47.6438911Z /usr/bin/tar: ../../../../../usr/local/lib/android/sdk/platforms/android-34-ext10/data/res/values-mcc312-mnc670-fi: Cannot change mode to rwxr-xr-x: Operation not permitted
build	Cache Android SDK	2026-06-06T12:22:47.6441462Z /usr/bin/tar: ../../../../../usr/local/lib/android/sdk/platforms/android-34-ext10/data/res/values-es-rUS-television: Cannot utime: Operation not permitted
build	Cache Android SDK	2026-06-06T12:22:47.6442441Z /usr/bin/tar: ../../../../../usr/local/lib/android/sdk/platforms/android-34-ext10/data/res/values-es-rUS-television: Cannot change mode to rwxr-xr-x: Operation not permitted
build	Cache Android SDK	2026-06-06T12:22:47.6445081Z /usr/bin/tar: ../../../../../usr/local/lib/android/sdk/platforms/android-34-ext10/data/res/values-mcc310-mnc950-mn: Cannot utime: Operation not permitted
build	Cache Android SDK	2026-06-06T12:22:47.6446030Z /usr/bin/tar: ../../../../../usr/local/lib/android/sdk/platforms/android-34-ext10/data/res/values-mcc310-mnc950-mn: Cannot change mode to rwxr-xr-x: Operation not permitted
build	Cache Android SDK	2026-06-06T12:22:47.6448371Z /usr/bin/tar: ../../../../../usr/local/lib/android/sdk/platforms/android-34-ext10/data/res/values-mcc310-mnc660-et: Cannot utime: Operation not permitted
build	Cache Android SDK	2026-06-06T12:22:47.6449322Z /usr/bin/tar: ../../../../../usr/local/lib/android/sdk/platforms/android-34-ext10/data/res/values-mcc310-mnc660-et: Cannot change mode to rwxr-xr-x: Operation not permitted
build	Cache Android SDK	2026-06-06T12:22:47.6451522Z /usr/bin/tar: ../../../../../usr/local/lib/android/sdk/platforms/android-34-ext10/data/res/values-mcc310-mnc210-ar: Cannot utime: Operation not permitted
build	Cache Android SDK	2026-06-06T12:22:47.6452580Z /usr/bin/tar: ../../../../../usr/local/lib/android/sdk/platforms/android-34-ext10/data/res/values-mcc310-mnc210-ar: Cannot change mode to rwxr-xr-x: Operation not permitted
build	Cache Android SDK	2026-06-06T12:22:47.6454518Z /usr/bin/tar: ../../../../../usr/local/lib/android/sdk/platforms/android-34-ext10/data/res/values-mcc310-mnc270-hi: Cannot utime: Operation not permitted
build	Cache Android SDK	2026-06-06T12:22:47.6455482Z /usr/bin/tar: ../../../../../usr/local/lib/android/sdk/platforms/android-34-ext10/data/res/values-mcc310-mnc270-hi: Cannot change mode to rwxr-xr-x: Operation not permitted
build	Cache Android SDK	2026-06-06T12:22:47.6457881Z /usr/bin/tar: ../../../../../usr/local/lib/android/sdk/platforms/android-34-ext10/data/res/values-mcc311-mnc180-in: Cannot utime: Operation not permitted
build	Cache Android SDK	2026-06-06T12:22:47.6458834Z /usr/bin/tar: ../../../../../usr/local/lib/android/sdk/platforms/android-34-ext10/data/res/values-mcc311-mnc180-in: Cannot change mode to rwxr-xr-x: Operation not permitted
build	Cache Android SDK	2026-06-06T12:22:47.6461163Z /usr/bin/tar: ../../../../../usr/local/lib/android/sdk/platforms/android-34-ext10/data/res/values-mcc310-mnc240-hy: Cannot utime: Operation not permitted
build	Cache Android SDK	2026-06-06T12:22:47.6462182Z /usr/bin/tar: ../../../../../usr/local/lib/android/sdk/platforms/android-34-ext10/data/res/values-mcc310-mnc240-hy: Cannot change mode to rwxr-xr-x: Operation not permitted
build	Cache Android SDK	2026-06-06T12:22:47.6464294Z /usr/bin/tar: ../../../../../usr/local/lib/android/sdk/platforms/android-34-ext10/data/res/values-lv-watch: Cannot utime: Operation not permitted
build	Cache Android SDK	2026-06-06T12:22:47.6465226Z /usr/bin/tar: ../../../../../usr/local/lib/android/sdk/platforms/android-34-ext10/data/res/values-lv-watch: Cannot change mode to rwxr-xr-x: Operation not permitted
build	Cache Android SDK	2026-06-06T12:22:47.6467230Z /usr/bin/tar: ../../../../../usr/local/lib/android/sdk/platforms/android-34-ext10/data/res/values-mcc302-mnc720-ta: Cannot utime: Operation not permitted
build	Cache Android SDK	2026-06-06T12:22:47.6468344Z /usr/bin/tar: ../../../../../usr/local/lib/android/sdk/platforms/android-34-ext10/data/res/values-mcc302-mnc720-ta: Cannot change mode to rwxr-xr-x: Operation not permitted
build	Cache Android SDK	2026-06-06T12:22:47.6470515Z /usr/bin/tar: ../../../../../usr/local/lib/android/sdk/platforms/android-34-ext10/data/res/values-mcc310-mnc200-th: Cannot utime: Operation not permitted
build	Cache Android SDK	2026-06-06T12:22:47.6471483Z /usr/bin/tar: ../../../../../usr/local/lib/android/sdk/platforms/android-34-ext10/data/res/values-mcc310-mnc200-th: Cannot change mode to rwxr-xr-x: Operation not permitted
build	Cache Android SDK	2026-06-06T12:22:47.6473445Z /usr/bin/tar: ../../../../../usr/local/lib/android/sdk/platforms/android-34-ext10/data/res/values-mcc310-mnc160-ta: Cannot utime: Operation not permitted
build	Cache Android SDK	2026-06-06T12:22:47.6474413Z /usr/bin/tar: ../../../../../usr/local/lib/android/sdk/platforms/android-34-ext10/data/res/values-mcc310-mnc160-ta: Cannot change mode to rwxr-xr-x: Operation not permitted
build	Cache Android SDK	2026-06-06T12:22:47.6476545Z /usr/bin/tar: ../../../../../usr/local/lib/android/sdk/platforms/android-34-ext10/data/res/values-mcc310-mnc210-lt: Cannot utime: Operation not permitted
build	Cache Android SDK	2026-06-06T12:22:47.6477735Z /usr/bin/tar: ../../../../../usr/local/lib/android/sdk/platforms/android-34-ext10/data/res/values-mcc310-mnc210-lt: Cannot change mode to rwxr-xr-x: Operation not permitted
build	Cache Android SDK	2026-06-06T12:22:47.6479625Z /usr/bin/tar: ../../../../../usr/local/lib/android/sdk/platforms/android-34-ext10/data/res/values-mcc310-mnc490-my: Cannot utime: Operation not permitted
build	Cache Android SDK	2026-06-06T12:22:47.6480590Z /usr/bin/tar: ../../../../../usr/local/lib/android/sdk/platforms/android-34-ext10/data/res/values-mcc310-mnc490-my: Cannot change mode to rwxr-xr-x: Operation not permitted
build	Cache Android SDK	2026-06-06T12:22:47.6483367Z /usr/bin/tar: ../../../../../usr/local/lib/android/sdk/platforms/android-34-ext10/data/res/values-it-watch: Cannot utime: Operation not permitted
build	Cache Android SDK	2026-06-06T12:22:47.6484281Z /usr/bin/tar: ../../../../../usr/local/lib/android/sdk/platforms/android-34-ext10/data/res/values-it-watch: Cannot change mode to rwxr-xr-x: Operation not permitted
build	Cache Android SDK	2026-06-06T12:22:47.6487843Z /usr/bin/tar: ../../../../../usr/local/lib/android/sdk/platforms/android-34-ext10/data/res/values-mcc310-mnc240-ja: Cannot utime: Operation not permitted
build	Cache Android SDK	2026-06-06T12:22:47.6488818Z /usr/bin/tar: ../../../../../usr/local/lib/android/sdk/platforms/android-34-ext10/data/res/values-mcc310-mnc240-ja: Cannot change mode to rwxr-xr-x: Operation not permitted
build	Cache Android SDK	2026-06-06T12:22:47.6491980Z /usr/bin/tar: ../../../../../usr/local/lib/android/sdk/platforms/android-34-ext10/data/res/values-mcc310-mnc210-zu: Cannot utime: Operation not permitted
build	Cache Android SDK	2026-06-06T12:22:47.6492943Z /usr/bin/tar: ../../../../../usr/local/lib/android/sdk/platforms/android-34-ext10/data/res/values-mcc310-mnc210-zu: Cannot change mode to rwxr-xr-x: Operation not permitted
build	Cache Android SDK	2026-06-06T12:22:47.6495816Z /usr/bin/tar: ../../../../../usr/local/lib/android/sdk/platforms/android-34-ext10/data/res/values-mcc310-mnc250-pa: Cannot utime: Operation not permitted
build	Cache Android SDK	2026-06-06T12:22:47.6496783Z /usr/bin/tar: ../../../../../usr/local/lib/android/sdk/platforms/android-34-ext10/data/res/values-mcc310-mnc250-pa: Cannot change mode to rwxr-xr-x: Operation not permitted
build	Cache Android SDK	2026-06-06T12:22:47.6499306Z /usr/bin/tar: ../../../../../usr/local/lib/android/sdk/platforms/android-34-ext10/data/res/values-mcc310-mnc030-sr: Cannot utime: Operation not permitted
build	Cache Android SDK	2026-06-06T12:22:47.6500258Z /usr/bin/tar: ../../../../../usr/local/lib/android/sdk/platforms/android-34-ext10/data/res/values-mcc310-mnc030-sr: Cannot change mode to rwxr-xr-x: Operation not permitted
build	Cache Android SDK	2026-06-06T12:22:47.6502857Z /usr/bin/tar: ../../../../../usr/local/lib/android/sdk/platforms/android-34-ext10/data/res/values-mcc310-mnc950-pt: Cannot utime: Operation not permitted
build	Cache Android SDK	2026-06-06T12:22:47.6503815Z /usr/bin/tar: ../../../../../usr/local/lib/android/sdk/platforms/android-34-ext10/data/res/values-mcc310-mnc950-pt: Cannot change mode to rwxr-xr-x: Operation not permitted
build	Cache Android SDK	2026-06-06T12:22:47.6505995Z /usr/bin/tar: ../../../../../usr/local/lib/android/sdk/platforms/android-34-ext10/data/res/values-mcc310-mnc560-pa: Cannot utime: Operation not permitted
build	Cache Android SDK	2026-06-06T12:22:47.6506962Z /usr/bin/tar: ../../../../../usr/local/lib/android/sdk/platforms/android-34-ext10/data/res/values-mcc310-mnc560-pa: Cannot change mode to rwxr-xr-x: Operation not permitted
build	Cache Android SDK	2026-06-06T12:22:47.6509799Z /usr/bin/tar: ../../../../../usr/local/lib/android/sdk/platforms/android-34-ext10/data/res/values-mcc310-mnc220-es-rUS: Cannot utime: Operation not permitted
build	Cache Android SDK	2026-06-06T12:22:47.6510808Z /usr/bin/tar: ../../../../../usr/local/lib/android/sdk/platforms/android-34-ext10/data/res/values-mcc310-mnc220-es-rUS: Cannot change mode to rwxr-xr-x: Operation not permitted
build	Cache Android SDK	2026-06-06T12:22:47.6512906Z /usr/bin/tar: ../../../../../usr/local/lib/android/sdk/platforms/android-34-ext10/data/res/values-mcc310-mnc660-bg: Cannot utime: Operation not permitted
build	Cache Android SDK	2026-06-06T12:22:47.6513873Z /usr/bin/tar: ../../../../../usr/local/lib/android/sdk/platforms/android-34-ext10/data/res/values-mcc310-mnc660-bg: Cannot change mode to rwxr-xr-x: Operation not permitted
build	Cache Android SDK	2026-06-06T12:22:47.6517516Z /usr/bin/tar: ../../../../../usr/local/lib/android/sdk/platforms/android-34-ext10/data/res/values-mcc310-mnc380-fa: Cannot utime: Operation not permitted
build	Cache Android SDK	2026-06-06T12:22:47.6519337Z /usr/bin/tar: ../../../../../usr/local/lib/android/sdk/platforms/android-34-ext10/data/res/values-mcc310-mnc380-fa: Cannot change mode to rwxr-xr-x: Operation not permitted
build	Cache Android SDK	2026-06-06T12:22:47.6520608Z /usr/bin/tar: ../../../../../usr/local/lib/android/sdk/platforms/android-34-ext10/data/res/values-mcc001-mnc01-km: Cannot utime: Operation not permitted
build	Cache Android SDK	2026-06-06T12:22:47.6521588Z /usr/bin/tar: ../../../../../usr/local/lib/android/sdk/platforms/android-34-ext10/data/res/values-mcc001-mnc01-km: Cannot change mode to rwxr-xr-x: Operation not permitted
build	Cache Android SDK	2026-06-06T12:22:47.6523940Z /usr/bin/tar: ../../../../../usr/local/lib/android/sdk/platforms/android-34-ext10/data/res/values-mcc310-mnc030-el: Cannot utime: Operation not permitted
build	Cache Android SDK	2026-06-06T12:22:47.6525067Z /usr/bin/tar: ../../../../../usr/local/lib/android/sdk/platforms/android-34-ext10/data/res/values-mcc310-mnc030-el: Cannot change mode to rwxr-xr-x: Operation not permitted
build	Cache Android SDK	2026-06-06T12:22:47.6527825Z /usr/bin/tar: ../../../../../usr/local/lib/android/sdk/platforms/android-34-ext10/data/res/values-mcc310-mnc660-ky: Cannot utime: Operation not permitted
build	Cache Android SDK	2026-06-06T12:22:47.6528888Z /usr/bin/tar: ../../../../../usr/local/lib/android/sdk/platforms/android-34-ext10/data/res/values-mcc310-mnc660-ky: Cannot change mode to rwxr-xr-x: Operation not permitted
build	Cache Android SDK	2026-06-06T12:22:47.6530642Z /usr/bin/tar: ../../../../../usr/local/lib/android/sdk/platforms/android-34-ext10/data/res/values-mcc310-mnc210-uz: Cannot utime: Operation not permitted
build	Cache Android SDK	2026-06-06T12:22:47.6531637Z /usr/bin/tar: ../../../../../usr/local/lib/android/sdk/platforms/android-34-ext10/data/res/values-mcc310-mnc210-uz: Cannot change mode to rwxr-xr-x: Operation not permitted
build	Cache Android SDK	2026-06-06T12:22:47.6534008Z /usr/bin/tar: ../../../../../usr/local/lib/android/sdk/platforms/android-34-ext10/data/res/values-mcc310-mnc310-ur: Cannot utime: Operation not permitted
build	Cache Android SDK	2026-06-06T12:22:47.6535121Z /usr/bin/tar: ../../../../../usr/local/lib/android/sdk/platforms/android-34-ext10/data/res/values-mcc310-mnc310-ur: Cannot change mode to rwxr-xr-x: Operation not permitted
build	Cache Android SDK	2026-06-06T12:22:47.6537557Z /usr/bin/tar: ../../../../../usr/local/lib/android/sdk/platforms/android-34-ext10/data/res/values-mcc310-mnc270-kn: Cannot utime: Operation not permitted
build	Cache Android SDK	2026-06-06T12:22:47.6538551Z /usr/bin/tar: ../../../../../usr/local/lib/android/sdk/platforms/android-34-ext10/data/res/values-mcc310-mnc270-kn: Cannot change mode to rwxr-xr-x: Operation not permitted
build	Cache Android SDK	2026-06-06T12:22:47.6541034Z /usr/bin/tar: ../../../../../usr/local/lib/android/sdk/platforms/android-34-ext10/data/res/values-mcc302-mnc370-or: Cannot utime: Operation not permitted
build	Cache Android SDK	2026-06-06T12:22:47.6542007Z /usr/bin/tar: ../../../../../usr/local/lib/android/sdk/platforms/android-34-ext10/data/res/values-mcc302-mnc370-or: Cannot change mode to rwxr-xr-x: Operation not permitted
build	Cache Android SDK	2026-06-06T12:22:47.6544054Z /usr/bin/tar: ../../../../../usr/local/lib/android/sdk/platforms/android-34-ext10/data/res/values-mcc310-mnc150-hr: Cannot utime: Operation not permitted
build	Cache Android SDK	2026-06-06T12:22:47.6545029Z /usr/bin/tar: ../../../../../usr/local/lib/android/sdk/platforms/android-34-ext10/data/res/values-mcc310-mnc150-hr: Cannot change mode to rwxr-xr-x: Operation not permitted
build	Cache Android SDK	2026-06-06T12:22:47.6552911Z /usr/bin/tar: ../../../../../usr/local/lib/android/sdk/platforms/android-34-ext10/data/res/values-te: Cannot utime: Operation not permitted
build	Cache Android SDK	2026-06-06T12:22:47.6554044Z /usr/bin/tar: ../../../../../usr/local/lib/android/sdk/platforms/android-34-ext10/data/res/values-te: Cannot change mode to rwxr-xr-x: Operation not permitted
build	Cache Android SDK	2026-06-06T12:22:47.6555173Z /usr/bin/tar: ../../../../../usr/local/lib/android/sdk/platforms/android-34-ext10/data/res/values-mcc310-mnc490-es-rUS: Cannot utime: Operation not permitted
build	Cache Android SDK	2026-06-06T12:22:47.6556250Z /usr/bin/tar: ../../../../../usr/local/lib/android/sdk/platforms/android-34-ext10/data/res/values-mcc310-mnc490-es-rUS: Cannot change mode to rwxr-xr-x: Operation not permitted
build	Cache Android SDK	2026-06-06T12:22:47.6557795Z /usr/bin/tar: ../../../../../usr/local/lib/android/sdk/platforms/android-34-ext10/data/res/values-mcc310-mnc310-pt: Cannot utime: Operation not permitted
build	Cache Android SDK	2026-06-06T12:22:47.6558754Z /usr/bin/tar: ../../../../../usr/local/lib/android/sdk/platforms/android-34-ext10/data/res/values-mcc310-mnc310-pt: Cannot change mode to rwxr-xr-x: Operation not permitted
build	Cache Android SDK	2026-06-06T12:22:47.6560657Z /usr/bin/tar: ../../../../../usr/local/lib/android/sdk/platforms/android-34-ext10/data/res/values-mcc310-mnc200-bg: Cannot utime: Operation not permitted
build	Cache Android SDK	2026-06-06T12:22:47.6561609Z /usr/bin/tar: ../../../../../usr/local/lib/android/sdk/platforms/android-34-ext10/data/res/values-mcc310-mnc200-bg: Cannot change mode to rwxr-xr-x: Operation not permitted
build	Cache Android SDK	2026-06-06T12:22:47.6563644Z /usr/bin/tar: ../../../../../usr/local/lib/android/sdk/platforms/android-34-ext10/data/res/values-mcc312-mnc670-fr: Cannot utime: Operation not permitted
build	Cache Android SDK	2026-06-06T12:22:47.6564727Z /usr/bin/tar: ../../../../../usr/local/lib/android/sdk/platforms/android-34-ext10/data/res/values-mcc312-mnc670-fr: Cannot change mode to rwxr-xr-x: Operation not permitted
build	Cache Android SDK	2026-06-06T12:22:47.6566964Z /usr/bin/tar: ../../../../../usr/local/lib/android/sdk/platforms/android-34-ext10/data/res/values-mcc310-mnc560-th: Cannot utime: Operation not permitted
build	Cache Android SDK	2026-06-06T12:22:47.6568548Z /usr/bin/tar: ../../../../../usr/local/lib/android/sdk/platforms/android-34-ext10/data/res/values-mcc310-mnc560-th: Cannot change mode to rwxr-xr-x: Operation not permitted
build	Cache Android SDK	2026-06-06T12:22:47.6569842Z /usr/bin/tar: ../../../../../usr/local/lib/android/sdk/platforms/android-34-ext10/data/res/values-mcc312-mnc670-ta: Cannot utime: Operation not permitted
build	Cache Android SDK	2026-06-06T12:22:47.6570803Z /usr/bin/tar: ../../../../../usr/local/lib/android/sdk/platforms/android-34-ext10/data/res/values-mcc312-mnc670-ta: Cannot change mode to rwxr-xr-x: Operation not permitted
build	Cache Android SDK	2026-06-06T12:22:47.6573014Z /usr/bin/tar: ../../../../../usr/local/lib/android/sdk/platforms/android-34-ext10/data/res/values-mcc312-mnc670-tr: Cannot utime: Operation not permitted
build	Cache Android SDK	2026-06-06T12:22:47.6574042Z /usr/bin/tar: ../../../../../usr/local/lib/android/sdk/platforms/android-34-ext10/data/res/values-mcc312-mnc670-tr: Cannot change mode to rwxr-xr-x: Operation not permitted
build	Cache Android SDK	2026-06-06T12:22:47.6578768Z /usr/bin/tar: ../../../../../usr/local/lib/android/sdk/platforms/android-34-ext10/data/res/values-mcc310-mnc210-zh-rTW: Cannot utime: Operation not permitted
build	Cache Android SDK	2026-06-06T12:22:47.6579757Z /usr/bin/tar: ../../../../../usr/local/lib/android/sdk/platforms/android-34-ext10/data/res/values-mcc310-mnc210-zh-rTW: Cannot change mode to rwxr-xr-x: Operation not permitted
build	Cache Android SDK	2026-06-06T12:22:47.6582074Z /usr/bin/tar: ../../../../../usr/local/lib/android/sdk/platforms/android-34-ext10/data/res/raw-de: Cannot utime: Operation not permitted
build	Cache Android SDK	2026-06-06T12:22:47.6583026Z /usr/bin/tar: ../../../../../usr/local/lib/android/sdk/platforms/android-34-ext10/data/res/raw-de: Cannot change mode to rwxr-xr-x: Operation not permitted
build	Cache Android SDK	2026-06-06T12:22:47.6585025Z /usr/bin/tar: ../../../../../usr/local/lib/android/sdk/platforms/android-34-ext10/data/res/values-mcc312-mnc670-zh-rHK: Cannot utime: Operation not permitted
build	Cache Android SDK	2026-06-06T12:22:47.6586022Z /usr/bin/tar: ../../../../../usr/local/lib/android/sdk/platforms/android-34-ext10/data/res/values-mcc312-mnc670-zh-rHK: Cannot change mode to rwxr-xr-x: Operation not permitted
build	Cache Android SDK	2026-06-06T12:22:47.6588261Z /usr/bin/tar: ../../../../../usr/local/lib/android/sdk/platforms/android-34-ext10/data/res/values-mcc302-mnc370-ro: Cannot utime: Operation not permitted
build	Cache Android SDK	2026-06-06T12:22:47.6589262Z /usr/bin/tar: ../../../../../usr/local/lib/android/sdk/platforms/android-34-ext10/data/res/values-mcc302-mnc370-ro: Cannot change mode to rwxr-xr-x: Operation not permitted
build	Cache Android SDK	2026-06-06T12:22:47.6591330Z /usr/bin/tar: ../../../../../usr/local/lib/android/sdk/platforms/android-34-ext10/data/res/values-mcc310-mnc240-mn: Cannot utime: Operation not permitted
build	Cache Android SDK	2026-06-06T12:22:47.6592293Z /usr/bin/tar: ../../../../../usr/local/lib/android/sdk/platforms/android-34-ext10/data/res/values-mcc310-mnc240-mn: Cannot change mode to rwxr-xr-x: Operation not permitted
build	Cache Android SDK	2026-06-06T12:22:47.6594690Z /usr/bin/tar: ../../../../../usr/local/lib/android/sdk/platforms/android-34-ext10/data/res/values-mcc310-mnc240-bn: Cannot utime: Operation not permitted
build	Cache Android SDK	2026-06-06T12:22:47.6595650Z /usr/bin/tar: ../../../../../usr/local/lib/android/sdk/platforms/android-34-ext10/data/res/values-mcc310-mnc240-bn: Cannot change mode to rwxr-xr-x: Operation not permitted
build	Cache Android SDK	2026-06-06T12:22:47.6598004Z /usr/bin/tar: ../../../../../usr/local/lib/android/sdk/platforms/android-34-ext10/data/res/values-mcc310-mnc560-be: Cannot utime: Operation not permitted
build	Cache Android SDK	2026-06-06T12:22:47.6598977Z /usr/bin/tar: ../../../../../usr/local/lib/android/sdk/platforms/android-34-ext10/data/res/values-mcc310-mnc560-be: Cannot change mode to rwxr-xr-x: Operation not permitted
build	Cache Android SDK	2026-06-06T12:22:47.6601134Z /usr/bin/tar: ../../../../../usr/local/lib/android/sdk/platforms/android-34-ext10/data/res/values-mcc313-mnc100-th: Cannot utime: Operation not permitted
build	Cache Android SDK	2026-06-06T12:22:47.6602113Z /usr/bin/tar: ../../../../../usr/local/lib/android/sdk/platforms/android-34-ext10/data/res/values-mcc313-mnc100-th: Cannot change mode to rwxr-xr-x: Operation not permitted
build	Cache Android SDK	2026-06-06T12:22:47.6605234Z /usr/bin/tar: ../../../../../usr/local/lib/android/sdk/platforms/android-34-ext10/data/res/values-mcc310-mnc220-el: Cannot utime: Operation not permitted
build	Cache Android SDK	2026-06-06T12:22:47.6606890Z /usr/bin/tar: ../../../../../usr/local/lib/android/sdk/platforms/android-34-ext10/data/res/values-mcc310-mnc220-el: Cannot change mode to rwxr-xr-x: Operation not permitted
build	Cache Android SDK	2026-06-06T12:22:47.6608323Z /usr/bin/tar: ../../../../../usr/local/lib/android/sdk/platforms/android-34-ext10/data/res/values-mcc311-mnc180-si: Cannot utime: Operation not permitted
build	Cache Android SDK	2026-06-06T12:22:47.6609320Z /usr/bin/tar: ../../../../../usr/local/lib/android/sdk/platforms/android-34-ext10/data/res/values-mcc311-mnc180-si: Cannot change mode to rwxr-xr-x: Operation not permitted
build	Cache Android SDK	2026-06-06T12:22:47.6612750Z /usr/bin/tar: ../../../../../usr/local/lib/android/sdk/platforms/android-34-ext10/data/res/values-mcc310-mnc250-uk: Cannot utime: Operation not permitted
build	Cache Android SDK	2026-06-06T12:22:47.6613893Z /usr/bin/tar: ../../../../../usr/local/lib/android/sdk/platforms/android-34-ext10/data/res/values-mcc310-mnc250-uk: Cannot change mode to rwxr-xr-x: Operation not permitted
build	Cache Android SDK	2026-06-06T12:22:47.6615492Z /usr/bin/tar: ../../../../../usr/local/lib/android/sdk/platforms/android-34-ext10/data/res/values-mcc313-mnc100-en-rCA: Cannot utime: Operation not permitted
build	Cache Android SDK	2026-06-06T12:22:47.6616527Z /usr/bin/tar: ../../../../../usr/local/lib/android/sdk/platforms/android-34-ext10/data/res/values-mcc313-mnc100-en-rCA: Cannot change mode to rwxr-xr-x: Operation not permitted
build	Cache Android SDK	2026-06-06T12:22:47.6619936Z /usr/bin/tar: ../../../../../usr/local/lib/android/sdk/platforms/android-34-ext10/data/res/raw-ar: Cannot utime: Operation not permitted
build	Cache Android SDK	2026-06-06T12:22:47.6620984Z /usr/bin/tar: ../../../../../usr/local/lib/android/sdk/platforms/android-34-ext10/data/res/raw-ar: Cannot change mode to rwxr-xr-x: Operation not permitted
build	Cache Android SDK	2026-06-06T12:22:47.6622601Z /usr/bin/tar: ../../../../../usr/local/lib/android/sdk/platforms/android-34-ext10/data/res/values-mcc310-mnc660-ro: Cannot utime: Operation not permitted
build	Cache Android SDK	2026-06-06T12:22:47.6623581Z /usr/bin/tar: ../../../../../usr/local/lib/android/sdk/platforms/android-34-ext10/data/res/values-mcc310-mnc660-ro: Cannot change mode to rwxr-xr-x: Operation not permitted
build	Cache Android SDK	2026-06-06T12:22:47.6626748Z /usr/bin/tar: ../../../../../usr/local/lib/android/sdk/platforms/android-34-ext10/data/res/values-mcc312-mnc670-az: Cannot utime: Operation not permitted
build	Cache Android SDK	2026-06-06T12:22:47.6628186Z /usr/bin/tar: ../../../../../usr/local/lib/android/sdk/platforms/android-34-ext10/data/res/values-mcc312-mnc670-az: Cannot change mode to rwxr-xr-x: Operation not permitted
build	Cache Android SDK	2026-06-06T12:22:47.6629653Z /usr/bin/tar: ../../../../../usr/local/lib/android/sdk/platforms/android-34-ext10/data/res/values-mcc310-mnc250-in: Cannot utime: Operation not permitted
build	Cache Android SDK	2026-06-06T12:22:47.6630623Z /usr/bin/tar: ../../../../../usr/local/lib/android/sdk/platforms/android-34-ext10/data/res/values-mcc310-mnc250-in: Cannot change mode to rwxr-xr-x: Operation not permitted
build	Cache Android SDK	2026-06-06T12:22:47.6633517Z /usr/bin/tar: ../../../../../usr/local/lib/android/sdk/platforms/android-34-ext10/data/res/values-mcc313-mnc100-iw: Cannot utime: Operation not permitted
build	Cache Android SDK	2026-06-06T12:22:47.6634503Z /usr/bin/tar: ../../../../../usr/local/lib/android/sdk/platforms/android-34-ext10/data/res/values-mcc313-mnc100-iw: Cannot change mode to rwxr-xr-x: Operation not permitted
build	Cache Android SDK	2026-06-06T12:22:47.6636519Z /usr/bin/tar: ../../../../../usr/local/lib/android/sdk/platforms/android-34-ext10/data/res/values-w170dp-notround-watch: Cannot utime: Operation not permitted
build	Cache Android SDK	2026-06-06T12:22:47.6637748Z /usr/bin/tar: ../../../../../usr/local/lib/android/sdk/platforms/android-34-ext10/data/res/values-w170dp-notround-watch: Cannot change mode to rwxr-xr-x: Operation not permitted
build	Cache Android SDK	2026-06-06T12:22:47.6644256Z /usr/bin/tar: ../../../../../usr/local/lib/android/sdk/platforms/android-34-ext10/data/res/values-pa: Cannot utime: Operation not permitted
build	Cache Android SDK	2026-06-06T12:22:47.6645379Z /usr/bin/tar: ../../../../../usr/local/lib/android/sdk/platforms/android-34-ext10/data/res/values-pa: Cannot change mode to rwxr-xr-x: Operation not permitted
build	Cache Android SDK	2026-06-06T12:22:47.6647101Z /usr/bin/tar: ../../../../../usr/local/lib/android/sdk/platforms/android-34-ext10/data/res/values-mcc310-mnc240-sl: Cannot utime: Operation not permitted
build	Cache Android SDK	2026-06-06T12:22:47.6648785Z /usr/bin/tar: ../../../../../usr/local/lib/android/sdk/platforms/android-34-ext10/data/res/values-mcc310-mnc240-sl: Cannot change mode to rwxr-xr-x: Operation not permitted
build	Cache Android SDK	2026-06-06T12:22:47.6650287Z /usr/bin/tar: ../../../../../usr/local/lib/android/sdk/platforms/android-34-ext10/data/res/values-mcc310-mnc490-ky: Cannot utime: Operation not permitted
build	Cache Android SDK	2026-06-06T12:22:47.6651830Z /usr/bin/tar: ../../../../../usr/local/lib/android/sdk/platforms/android-34-ext10/data/res/values-mcc310-mnc490-ky: Cannot change mode to rwxr-xr-x: Operation not permitted
build	Cache Android SDK	2026-06-06T12:22:47.6653222Z /usr/bin/tar: ../../../../../usr/local/lib/android/sdk/platforms/android-34-ext10/data/res/values-mcc310-mnc170-pt-rPT: Cannot utime: Operation not permitted
build	Cache Android SDK	2026-06-06T12:22:47.6654229Z /usr/bin/tar: ../../../../../usr/local/lib/android/sdk/platforms/android-34-ext10/data/res/values-mcc310-mnc170-pt-rPT: Cannot change mode to rwxr-xr-x: Operation not permitted
build	Cache Android SDK	2026-06-06T12:22:47.6656578Z /usr/bin/tar: ../../../../../usr/local/lib/android/sdk/platforms/android-34-ext10/data/res/values-mcc310-mnc560-bg: Cannot utime: Operation not permitted
build	Cache Android SDK	2026-06-06T12:22:47.6657834Z /usr/bin/tar: ../../../../../usr/local/lib/android/sdk/platforms/android-34-ext10/data/res/values-mcc310-mnc560-bg: Cannot change mode to rwxr-xr-x: Operation not permitted
build	Cache Android SDK	2026-06-06T12:22:47.6660030Z /usr/bin/tar: ../../../../../usr/local/lib/android/sdk/platforms/android-34-ext10/data/res/values-mcc310-mnc150-en-rCA: Cannot utime: Operation not permitted
build	Cache Android SDK	2026-06-06T12:22:47.6661058Z /usr/bin/tar: ../../../../../usr/local/lib/android/sdk/platforms/android-34-ext10/data/res/values-mcc310-mnc150-en-rCA: Cannot change mode to rwxr-xr-x: Operation not permitted
build	Cache Android SDK	2026-06-06T12:22:47.6663831Z /usr/bin/tar: ../../../../../usr/local/lib/android/sdk/platforms/android-34-ext10/data/res/values-mcc310-mnc800-es: Cannot utime: Operation not permitted
build	Cache Android SDK	2026-06-06T12:22:47.6664825Z /usr/bin/tar: ../../../../../usr/local/lib/android/sdk/platforms/android-34-ext10/data/res/values-mcc310-mnc800-es: Cannot change mode to rwxr-xr-x: Operation not permitted
build	Cache Android SDK	2026-06-06T12:22:47.6667741Z /usr/bin/tar: ../../../../../usr/local/lib/android/sdk/platforms/android-34-ext10/data/res/values-mcc001-mnc01-cs: Cannot utime: Operation not permitted
build	Cache Android SDK	2026-06-06T12:22:47.6668743Z /usr/bin/tar: ../../../../../usr/local/lib/android/sdk/platforms/android-34-ext10/data/res/values-mcc001-mnc01-cs: Cannot change mode to rwxr-xr-x: Operation not permitted
build	Cache Android SDK	2026-06-06T12:22:47.6671484Z /usr/bin/tar: ../../../../../usr/local/lib/android/sdk/platforms/android-34-ext10/data/res/values-mcc311-mnc180-tr: Cannot utime: Operation not permitted
build	Cache Android SDK	2026-06-06T12:22:47.6672605Z /usr/bin/tar: ../../../../../usr/local/lib/android/sdk/platforms/android-34-ext10/data/res/values-mcc311-mnc180-tr: Cannot change mode to rwxr-xr-x: Operation not permitted
build	Cache Android SDK	2026-06-06T12:22:47.6674681Z /usr/bin/tar: ../../../../../usr/local/lib/android/sdk/platforms/android-34-ext10/data/res/values-mcc310-mnc030-vi: Cannot utime: Operation not permitted
build	Cache Android SDK	2026-06-06T12:22:47.6676053Z /usr/bin/tar: ../../../../../usr/local/lib/android/sdk/platforms/android-34-ext10/data/res/values-mcc310-mnc030-vi: Cannot change mode to rwxr-xr-x: Operation not permitted
build	Cache Android SDK	2026-06-06T12:22:47.6677937Z /usr/bin/tar: ../../../../../usr/local/lib/android/sdk/platforms/android-34-ext10/data/res/values-mcc310-mnc280-sw: Cannot utime: Operation not permitted
build	Cache Android SDK	2026-06-06T12:22:47.6679190Z /usr/bin/tar: ../../../../../usr/local/lib/android/sdk/platforms/android-34-ext10/data/res/values-mcc310-mnc280-sw: Cannot change mode to rwxr-xr-x: Operation not permitted
build	Cache Android SDK	2026-06-06T12:22:47.6680698Z /usr/bin/tar: ../../../../../usr/local/lib/android/sdk/platforms/android-34-ext10/data/res/values-mcc302-mnc720-hr: Cannot utime: Operation not permitted
build	Cache Android SDK	2026-06-06T12:22:47.6681750Z /usr/bin/tar: ../../../../../usr/local/lib/android/sdk/platforms/android-34-ext10/data/res/values-mcc302-mnc720-hr: Cannot change mode to rwxr-xr-x: Operation not permitted
build	Cache Android SDK	2026-06-06T12:22:47.6683669Z /usr/bin/tar: ../../../../../usr/local/lib/android/sdk/platforms/android-34-ext10/data/res/values-mcc310-mnc170-fi: Cannot utime: Operation not permitted
build	Cache Android SDK	2026-06-06T12:22:47.6684622Z /usr/bin/tar: ../../../../../usr/local/lib/android/sdk/platforms/android-34-ext10/data/res/values-mcc310-mnc170-fi: Cannot change mode to rwxr-xr-x: Operation not permitted
build	Cache Android SDK	2026-06-06T12:22:47.6686604Z /usr/bin/tar: ../../../../../usr/local/lib/android/sdk/platforms/android-34-ext10/data/res/values-mcc312-mnc670-es-rUS: Cannot utime: Operation not permitted
build	Cache Android SDK	2026-06-06T12:22:47.6687944Z /usr/bin/tar: ../../../../../usr/local/lib/android/sdk/platforms/android-34-ext10/data/res/values-mcc312-mnc670-es-rUS: Cannot change mode to rwxr-xr-x: Operation not permitted
build	Cache Android SDK	2026-06-06T12:22:47.6689987Z /usr/bin/tar: ../../../../../usr/local/lib/android/sdk/platforms/android-34-ext10/data/res/values-w198dp: Cannot utime: Operation not permitted
build	Cache Android SDK	2026-06-06T12:22:47.6690911Z /usr/bin/tar: ../../../../../usr/local/lib/android/sdk/platforms/android-34-ext10/data/res/values-w198dp: Cannot change mode to rwxr-xr-x: Operation not permitted
build	Cache Android SDK	2026-06-06T12:22:47.6693191Z /usr/bin/tar: ../../../../../usr/local/lib/android/sdk/platforms/android-34-ext10/data/res/values-mcc310-mnc280-ne: Cannot utime: Operation not permitted
build	Cache Android SDK	2026-06-06T12:22:47.6694354Z /usr/bin/tar: ../../../../../usr/local/lib/android/sdk/platforms/android-34-ext10/data/res/values-mcc310-mnc280-ne: Cannot change mode to rwxr-xr-x: Operation not permitted
build	Cache Android SDK	2026-06-06T12:22:47.6696502Z /usr/bin/tar: ../../../../../usr/local/lib/android/sdk/platforms/android-34-ext10/data/res/values-bs-watch: Cannot utime: Operation not permitted
build	Cache Android SDK	2026-06-06T12:22:47.6697581Z /usr/bin/tar: ../../../../../usr/local/lib/android/sdk/platforms/android-34-ext10/data/res/values-bs-watch: Cannot change mode to rwxr-xr-x: Operation not permitted
build	Cache Android SDK	2026-06-06T12:22:47.6700030Z /usr/bin/tar: ../../../../../usr/local/lib/android/sdk/platforms/android-34-ext10/data/res/values-mcc310-mnc160-ca: Cannot utime: Operation not permitted
build	Cache Android SDK	2026-06-06T12:22:47.6701063Z /usr/bin/tar: ../../../../../usr/local/lib/android/sdk/platforms/android-34-ext10/data/res/values-mcc310-mnc160-ca: Cannot change mode to rwxr-xr-x: Operation not permitted
build	Cache Android SDK	2026-06-06T12:22:47.6702589Z /usr/bin/tar: ../../../../../usr/local/lib/android/sdk/platforms/android-34-ext10/data/res/values-mcc310-mnc150-hu: Cannot utime: Operation not permitted
build	Cache Android SDK	2026-06-06T12:22:47.6703588Z /usr/bin/tar: ../../../../../usr/local/lib/android/sdk/platforms/android-34-ext10/data/res/values-mcc310-mnc150-hu: Cannot change mode to rwxr-xr-x: Operation not permitted
build	Cache Android SDK	2026-06-06T12:22:47.6708773Z /usr/bin/tar: ../../../../../usr/local/lib/android/sdk/platforms/android-34-ext10/data/res/transition: Cannot utime: Operation not permitted
build	Cache Android SDK	2026-06-06T12:22:47.6709832Z /usr/bin/tar: ../../../../../usr/local/lib/android/sdk/platforms/android-34-ext10/data/res/transition: Cannot change mode to rwxr-xr-x: Operation not permitted
build	Cache Android SDK	2026-06-06T12:22:47.6712263Z /usr/bin/tar: ../../../../../usr/local/lib/android/sdk/platforms/android-34-ext10/data/res/values-mcc310-mnc230-ko: Cannot utime: Operation not permitted
build	Cache Android SDK	2026-06-06T12:22:47.6713247Z /usr/bin/tar: ../../../../../usr/local/lib/android/sdk/platforms/android-34-ext10/data/res/values-mcc310-mnc230-ko: Cannot change mode to rwxr-xr-x: Operation not permitted
build	Cache Android SDK	2026-06-06T12:22:47.6717081Z /usr/bin/tar: ../../../../../usr/local/lib/android/sdk/platforms/android-34-ext10/data/res/values-mcc310-mnc270-am: Cannot utime: Operation not permitted
build	Cache Android SDK	2026-06-06T12:22:47.6718618Z /usr/bin/tar: ../../../../../usr/local/lib/android/sdk/platforms/android-34-ext10/data/res/values-mcc310-mnc270-am: Cannot change mode to rwxr-xr-x: Operation not permitted
build	Cache Android SDK	2026-06-06T12:22:47.6720259Z /usr/bin/tar: ../../../../../usr/local/lib/android/sdk/platforms/android-34-ext10/data/res/values-mcc312-mnc670-uk: Cannot utime: Operation not permitted
build	Cache Android SDK	2026-06-06T12:22:47.6721252Z /usr/bin/tar: ../../../../../usr/local/lib/android/sdk/platforms/android-34-ext10/data/res/values-mcc312-mnc670-uk: Cannot change mode to rwxr-xr-x: Operation not permitted
build	Cache Android SDK	2026-06-06T12:22:47.6723409Z /usr/bin/tar: ../../../../../usr/local/lib/android/sdk/platforms/android-34-ext10/data/res/values-mcc310-mnc210-zh-rCN: Cannot utime: Operation not permitted
build	Cache Android SDK	2026-06-06T12:22:47.6724566Z /usr/bin/tar: ../../../../../usr/local/lib/android/sdk/platforms/android-34-ext10/data/res/values-mcc310-mnc210-zh-rCN: Cannot change mode to rwxr-xr-x: Operation not permitted
build	Cache Android SDK	2026-06-06T12:22:47.6726833Z /usr/bin/tar: ../../../../../usr/local/lib/android/sdk/platforms/android-34-ext10/data/res/values-mcc302-mnc660: Cannot utime: Operation not permitted
build	Cache Android SDK	2026-06-06T12:22:47.6728113Z /usr/bin/tar: ../../../../../usr/local/lib/android/sdk/platforms/android-34-ext10/data/res/values-mcc302-mnc660: Cannot change mode to rwxr-xr-x: Operation not permitted
build	Cache Android SDK	2026-06-06T12:22:47.6730297Z /usr/bin/tar: ../../../../../usr/local/lib/android/sdk/platforms/android-34-ext10/data/res/values-mcc310-mnc950-gl: Cannot utime: Operation not permitted
build	Cache Android SDK	2026-06-06T12:22:47.6731477Z /usr/bin/tar: ../../../../../usr/local/lib/android/sdk/platforms/android-34-ext10/data/res/values-mcc310-mnc950-gl: Cannot change mode to rwxr-xr-x: Operation not permitted
build	Cache Android SDK	2026-06-06T12:22:47.6733424Z /usr/bin/tar: ../../../../../usr/local/lib/android/sdk/platforms/android-34-ext10/data/res/values-mcc302-mnc720-is: Cannot utime: Operation not permitted
build	Cache Android SDK	2026-06-06T12:22:47.6734549Z /usr/bin/tar: ../../../../../usr/local/lib/android/sdk/platforms/android-34-ext10/data/res/values-mcc302-mnc720-is: Cannot change mode to rwxr-xr-x: Operation not permitted
build	Cache Android SDK	2026-06-06T12:22:47.6736973Z /usr/bin/tar: ../../../../../usr/local/lib/android/sdk/platforms/android-34-ext10/data/res/values-mcc310-mnc240-ms: Cannot utime: Operation not permitted
build	Cache Android SDK	2026-06-06T12:22:47.6738196Z /usr/bin/tar: ../../../../../usr/local/lib/android/sdk/platforms/android-34-ext10/data/res/values-mcc310-mnc240-ms: Cannot change mode to rwxr-xr-x: Operation not permitted
build	Cache Android SDK	2026-06-06T12:22:47.6744071Z /usr/bin/tar: ../../../../../usr/local/lib/android/sdk/platforms/android-34-ext10/data/res/values-sk: Cannot utime: Operation not permitted
build	Cache Android SDK	2026-06-06T12:22:47.6745583Z /usr/bin/tar: ../../../../../usr/local/lib/android/sdk/platforms/android-34-ext10/data/res/values-sk: Cannot change mode to rwxr-xr-x: Operation not permitted
build	Cache Android SDK	2026-06-06T12:22:47.6747129Z /usr/bin/tar: ../../../../../usr/local/lib/android/sdk/platforms/android-34-ext10/data/res/values-mcc310-mnc160-eu: Cannot utime: Operation not permitted
build	Cache Android SDK	2026-06-06T12:22:47.6748789Z /usr/bin/tar: ../../../../../usr/local/lib/android/sdk/platforms/android-34-ext10/data/res/values-mcc310-mnc160-eu: Cannot change mode to rwxr-xr-x: Operation not permitted
build	Cache Android SDK	2026-06-06T12:22:47.6750346Z /usr/bin/tar: ../../../../../usr/local/lib/android/sdk/platforms/android-34-ext10/data/res/values-mcc310-mnc660-es-rUS: Cannot utime: Operation not permitted
build	Cache Android SDK	2026-06-06T12:22:47.6751589Z /usr/bin/tar: ../../../../../usr/local/lib/android/sdk/platforms/android-34-ext10/data/res/values-mcc310-mnc660-es-rUS: Cannot change mode to rwxr-xr-x: Operation not permitted
build	Cache Android SDK	2026-06-06T12:22:47.6753557Z /usr/bin/tar: ../../../../../usr/local/lib/android/sdk/platforms/android-34-ext10/data/res/values-mcc310-mnc210-az: Cannot utime: Operation not permitted
build	Cache Android SDK	2026-06-06T12:22:47.6754527Z /usr/bin/tar: ../../../../../usr/local/lib/android/sdk/platforms/android-34-ext10/data/res/values-mcc310-mnc210-az: Cannot change mode to rwxr-xr-x: Operation not permitted
build	Cache Android SDK	2026-06-06T12:22:47.6756663Z /usr/bin/tar: ../../../../../usr/local/lib/android/sdk/platforms/android-34-ext10/data/res/values-mcc312-mnc670-el: Cannot utime: Operation not permitted
build	Cache Android SDK	2026-06-06T12:22:47.6757866Z /usr/bin/tar: ../../../../../usr/local/lib/android/sdk/platforms/android-34-ext10/data/res/values-mcc312-mnc670-el: Cannot change mode to rwxr-xr-x: Operation not permitted
build	Cache Android SDK	2026-06-06T12:22:47.6760151Z /usr/bin/tar: ../../../../../usr/local/lib/android/sdk/platforms/android-34-ext10/data/res/values-mcc310-mnc310-en-rIN: Cannot utime: Operation not permitted
build	Cache Android SDK	2026-06-06T12:22:47.6761155Z /usr/bin/tar: ../../../../../usr/local/lib/android/sdk/platforms/android-34-ext10/data/res/values-mcc310-mnc310-en-rIN: Cannot change mode to rwxr-xr-x: Operation not permitted
build	Cache Android SDK	2026-06-06T12:22:47.6763404Z /usr/bin/tar: ../../../../../usr/local/lib/android/sdk/platforms/android-34-ext10/data/res/values-mcc310-mnc380-am: Cannot utime: Operation not permitted
build	Cache Android SDK	2026-06-06T12:22:47.6764473Z /usr/bin/tar: ../../../../../usr/local/lib/android/sdk/platforms/android-34-ext10/data/res/values-mcc310-mnc380-am: Cannot change mode to rwxr-xr-x: Operation not permitted
build	Cache Android SDK	2026-06-06T12:22:47.6766812Z /usr/bin/tar: ../../../../../usr/local/lib/android/sdk/platforms/android-34-ext10/data/res/values-mcc310-mnc280-fr-rCA: Cannot utime: Operation not permitted
build	Cache Android SDK	2026-06-06T12:22:47.6768036Z /usr/bin/tar: ../../../../../usr/local/lib/android/sdk/platforms/android-34-ext10/data/res/values-mcc310-mnc280-fr-rCA: Cannot change mode to rwxr-xr-x: Operation not permitted
build	Cache Android SDK	2026-06-06T12:22:47.6769769Z /usr/bin/tar: ../../../../../usr/local/lib/android/sdk/platforms/android-34-ext10/data/res/values-mcc311-mnc180-es-rUS: Cannot utime: Operation not permitted
build	Cache Android SDK	2026-06-06T12:22:47.6770766Z /usr/bin/tar: ../../../../../usr/local/lib/android/sdk/platforms/android-34-ext10/data/res/values-mcc311-mnc180-es-rUS: Cannot change mode to rwxr-xr-x: Operation not permitted
build	Cache Android SDK	2026-06-06T12:22:47.6773849Z /usr/bin/tar: ../../../../../usr/local/lib/android/sdk/platforms/android-34-ext10/data/res/raw-rm: Cannot utime: Operation not permitted
build	Cache Android SDK	2026-06-06T12:22:47.6775245Z /usr/bin/tar: ../../../../../usr/local/lib/android/sdk/platforms/android-34-ext10/data/res/raw-rm: Cannot change mode to rwxr-xr-x: Operation not permitted
build	Cache Android SDK	2026-06-06T12:22:47.6777099Z /usr/bin/tar: ../../../../../usr/local/lib/android/sdk/platforms/android-34-ext10/data/res/values-mcc310-mnc310-bs: Cannot utime: Operation not permitted
build	Cache Android SDK	2026-06-06T12:22:47.6778214Z /usr/bin/tar: ../../../../../usr/local/lib/android/sdk/platforms/android-34-ext10/data/res/values-mcc310-mnc310-bs: Cannot change mode to rwxr-xr-x: Operation not permitted
build	Cache Android SDK	2026-06-06T12:22:47.6780745Z /usr/bin/tar: ../../../../../usr/local/lib/android/sdk/platforms/android-34-ext10/data/res/values-lt-watch: Cannot utime: Operation not permitted
build	Cache Android SDK	2026-06-06T12:22:47.6781695Z /usr/bin/tar: ../../../../../usr/local/lib/android/sdk/platforms/android-34-ext10/data/res/values-lt-watch: Cannot change mode to rwxr-xr-x: Operation not permitted
build	Cache Android SDK	2026-06-06T12:22:47.6783853Z /usr/bin/tar: ../../../../../usr/local/lib/android/sdk/platforms/android-34-ext10/data/res/values-mcc302-mnc720-de: Cannot utime: Operation not permitted
build	Cache Android SDK	2026-06-06T12:22:47.6784827Z /usr/bin/tar: ../../../../../usr/local/lib/android/sdk/platforms/android-34-ext10/data/res/values-mcc302-mnc720-de: Cannot change mode to rwxr-xr-x: Operation not permitted
build	Cache Android SDK	2026-06-06T12:22:47.6787255Z /usr/bin/tar: ../../../../../usr/local/lib/android/sdk/platforms/android-34-ext10/data/res/values-mcc310-mnc660-vi: Cannot utime: Operation not permitted
build	Cache Android SDK	2026-06-06T12:22:47.6788298Z /usr/bin/tar: ../../../../../usr/local/lib/android/sdk/platforms/android-34-ext10/data/res/values-mcc310-mnc660-vi: Cannot change mode to rwxr-xr-x: Operation not permitted
build	Cache Android SDK	2026-06-06T12:22:47.6790549Z /usr/bin/tar: ../../../../../usr/local/lib/android/sdk/platforms/android-34-ext10/data/res/values-mcc310-mnc950-lt: Cannot utime: Operation not permitted
build	Cache Android SDK	2026-06-06T12:22:47.6791637Z /usr/bin/tar: ../../../../../usr/local/lib/android/sdk/platforms/android-34-ext10/data/res/values-mcc310-mnc950-lt: Cannot change mode to rwxr-xr-x: Operation not permitted
build	Cache Android SDK	2026-06-06T12:22:47.6794251Z /usr/bin/tar: ../../../../../usr/local/lib/android/sdk/platforms/android-34-ext10/data/res/values-mcc310-mnc280-sr: Cannot utime: Operation not permitted
build	Cache Android SDK	2026-06-06T12:22:47.6795211Z /usr/bin/tar: ../../../../../usr/local/lib/android/sdk/platforms/android-34-ext10/data/res/values-mcc310-mnc280-sr: Cannot change mode to rwxr-xr-x: Operation not permitted
build	Cache Android SDK	2026-06-06T12:22:47.6798654Z /usr/bin/tar: ../../../../../usr/local/lib/android/sdk/platforms/android-34-ext10/data/res/mipmap-xxxhdpi: Cannot utime: Operation not permitted
build	Cache Android SDK	2026-06-06T12:22:47.6799594Z /usr/bin/tar: ../../../../../usr/local/lib/android/sdk/platforms/android-34-ext10/data/res/mipmap-xxxhdpi: Cannot change mode to rwxr-xr-x: Operation not permitted
build	Cache Android SDK	2026-06-06T12:22:47.6802714Z /usr/bin/tar: ../../../../../usr/local/lib/android/sdk/platforms/android-34-ext10/data/res/values-notround-watch: Cannot utime: Operation not permitted
build	Cache Android SDK	2026-06-06T12:22:47.6803853Z /usr/bin/tar: ../../../../../usr/local/lib/android/sdk/platforms/android-34-ext10/data/res/values-notround-watch: Cannot change mode to rwxr-xr-x: Operation not permitted
build	Cache Android SDK	2026-06-06T12:22:47.6806156Z /usr/bin/tar: ../../../../../usr/local/lib/android/sdk/platforms/android-34-ext10/data/res/values-mcc310-mnc660-bn: Cannot utime: Operation not permitted
build	Cache Android SDK	2026-06-06T12:22:47.6807121Z /usr/bin/tar: ../../../../../usr/local/lib/android/sdk/platforms/android-34-ext10/data/res/values-mcc310-mnc660-bn: Cannot change mode to rwxr-xr-x: Operation not permitted
build	Cache Android SDK	2026-06-06T12:22:47.6809465Z /usr/bin/tar: ../../../../../usr/local/lib/android/sdk/platforms/android-34-ext10/data/res/values-mcc313-mnc100-as: Cannot utime: Operation not permitted
build	Cache Android SDK	2026-06-06T12:22:47.6810640Z /usr/bin/tar: ../../../../../usr/local/lib/android/sdk/platforms/android-34-ext10/data/res/values-mcc313-mnc100-as: Cannot change mode to rwxr-xr-x: Operation not permitted
build	Cache Android SDK	2026-06-06T12:22:47.6812780Z /usr/bin/tar: ../../../../../usr/local/lib/android/sdk/platforms/android-34-ext10/data/res/values-mcc310-mnc170-pt-rBR: Cannot utime: Operation not permitted
build	Cache Android SDK	2026-06-06T12:22:47.6814269Z /usr/bin/tar: ../../../../../usr/local/lib/android/sdk/platforms/android-34-ext10/data/res/values-mcc310-mnc170-pt-rBR: Cannot change mode to rwxr-xr-x: Operation not permitted
build	Cache Android SDK	2026-06-06T12:22:47.6816459Z /usr/bin/tar: ../../../../../usr/local/lib/android/sdk/platforms/android-34-ext10/data/res/values-mcc310-mnc200-nb: Cannot utime: Operation not permitted
build	Cache Android SDK	2026-06-06T12:22:47.6817611Z /usr/bin/tar: ../../../../../usr/local/lib/android/sdk/platforms/android-34-ext10/data/res/values-mcc310-mnc200-nb: Cannot change mode to rwxr-xr-x: Operation not permitted
build	Cache Android SDK	2026-06-06T12:22:47.6820182Z /usr/bin/tar: ../../../../../usr/local/lib/android/sdk/platforms/android-34-ext10/data/res/values-mcc313-mnc100-nl: Cannot utime: Operation not permitted
build	Cache Android SDK	2026-06-06T12:22:47.6821167Z /usr/bin/tar: ../../../../../usr/local/lib/android/sdk/platforms/android-34-ext10/data/res/values-mcc313-mnc100-nl: Cannot change mode to rwxr-xr-x: Operation not permitted
build	Cache Android SDK	2026-06-06T12:22:47.6823129Z /usr/bin/tar: ../../../../../usr/local/lib/android/sdk/platforms/android-34-ext10/data/res/values-mcc310-mnc380-ka: Cannot utime: Operation not permitted
build	Cache Android SDK	2026-06-06T12:22:47.6824102Z /usr/bin/tar: ../../../../../usr/local/lib/android/sdk/platforms/android-34-ext10/data/res/values-mcc310-mnc380-ka: Cannot change mode to rwxr-xr-x: Operation not permitted
build	Cache Android SDK	2026-06-06T12:22:47.6827105Z /usr/bin/tar: ../../../../../usr/local/lib/android/sdk/platforms/android-34-ext10/data/res/values-mcc310-mnc240-nl: Cannot utime: Operation not permitted
build	Cache Android SDK	2026-06-06T12:22:47.6828238Z /usr/bin/tar: ../../../../../usr/local/lib/android/sdk/platforms/android-34-ext10/data/res/values-mcc310-mnc240-nl: Cannot change mode to rwxr-xr-x: Operation not permitted
build	Cache Android SDK	2026-06-06T12:22:47.6831089Z /usr/bin/tar: ../../../../../usr/local/lib/android/sdk/platforms/android-34-ext10/data/res/values-mcc001-mnc01-uk: Cannot utime: Operation not permitted
build	Cache Android SDK	2026-06-06T12:22:47.6832174Z /usr/bin/tar: ../../../../../usr/local/lib/android/sdk/platforms/android-34-ext10/data/res/values-mcc001-mnc01-uk: Cannot change mode to rwxr-xr-x: Operation not permitted
build	Cache Android SDK	2026-06-06T12:22:47.6833814Z /usr/bin/tar: ../../../../../usr/local/lib/android/sdk/platforms/android-34-ext10/data/res/values-bg-television: Cannot utime: Operation not permitted
build	Cache Android SDK	2026-06-06T12:22:47.6834790Z /usr/bin/tar: ../../../../../usr/local/lib/android/sdk/platforms/android-34-ext10/data/res/values-bg-television: Cannot change mode to rwxr-xr-x: Operation not permitted
build	Cache Android SDK	2026-06-06T12:22:47.6837484Z /usr/bin/tar: ../../../../../usr/local/lib/android/sdk/platforms/android-34-ext10/data/res/values-mcc310-mnc800-ur: Cannot utime: Operation not permitted
build	Cache Android SDK	2026-06-06T12:22:47.6838761Z /usr/bin/tar: ../../../../../usr/local/lib/android/sdk/platforms/android-34-ext10/data/res/values-mcc310-mnc800-ur: Cannot change mode to rwxr-xr-x: Operation not permitted
build	Cache Android SDK	2026-06-06T12:22:47.6840409Z /usr/bin/tar: ../../../../../usr/local/lib/android/sdk/platforms/android-34-ext10/data/res/values-mcc310-mnc410-hy: Cannot utime: Operation not permitted
build	Cache Android SDK	2026-06-06T12:22:47.6841378Z /usr/bin/tar: ../../../../../usr/local/lib/android/sdk/platforms/android-34-ext10/data/res/values-mcc310-mnc410-hy: Cannot change mode to rwxr-xr-x: Operation not permitted
build	Cache Android SDK	2026-06-06T12:22:47.6843653Z /usr/bin/tar: ../../../../../usr/local/lib/android/sdk/platforms/android-34-ext10/data/res/values-w213dp: Cannot utime: Operation not permitted
build	Cache Android SDK	2026-06-06T12:22:47.6844585Z /usr/bin/tar: ../../../../../usr/local/lib/android/sdk/platforms/android-34-ext10/data/res/values-w213dp: Cannot change mode to rwxr-xr-x: Operation not permitted
build	Cache Android SDK	2026-06-06T12:22:47.6847211Z /usr/bin/tar: ../../../../../usr/local/lib/android/sdk/platforms/android-34-ext10/data/res/values-mcc310-mnc410-es-rUS: Cannot utime: Operation not permitted
build	Cache Android SDK	2026-06-06T12:22:47.6848609Z /usr/bin/tar: ../../../../../usr/local/lib/android/sdk/platforms/android-34-ext10/data/res/values-mcc310-mnc410-es-rUS: Cannot change mode to rwxr-xr-x: Operation not permitted
build	Cache Android SDK	2026-06-06T12:22:47.6851557Z /usr/bin/tar: ../../../../../usr/local/lib/android/sdk/platforms/android-34-ext10/data/res/values-mcc310-mnc660-tl: Cannot utime: Operation not permitted
build	Cache Android SDK	2026-06-06T12:22:47.6852540Z /usr/bin/tar: ../../../../../usr/local/lib/android/sdk/platforms/android-34-ext10/data/res/values-mcc310-mnc660-tl: Cannot change mode to rwxr-xr-x: Operation not permitted
build	Cache Android SDK	2026-06-06T12:22:47.6854398Z /usr/bin/tar: ../../../../../usr/local/lib/android/sdk/platforms/android-34-ext10/data/res/values-mcc310-mnc280-bn: Cannot utime: Operation not permitted
build	Cache Android SDK	2026-06-06T12:22:47.6855423Z /usr/bin/tar: ../../../../../usr/local/lib/android/sdk/platforms/android-34-ext10/data/res/values-mcc310-mnc280-bn: Cannot change mode to rwxr-xr-x: Operation not permitted
build	Cache Android SDK	2026-06-06T12:22:47.6858798Z /usr/bin/tar: ../../../../../usr/local/lib/android/sdk/platforms/android-34-ext10/data/res/values-mcc313-mnc100-b+sr+Latn: Cannot utime: Operation not permitted
build	Cache Android SDK	2026-06-06T12:22:47.6859909Z /usr/bin/tar: ../../../../../usr/local/lib/android/sdk/platforms/android-34-ext10/data/res/values-mcc313-mnc100-b+sr+Latn: Cannot change mode to rwxr-xr-x: Operation not permitted
build	Cache Android SDK	2026-06-06T12:22:47.6861553Z /usr/bin/tar: ../../../../../usr/local/lib/android/sdk/platforms/android-34-ext10/data/res/values-mcc466-mnc01: Cannot utime: Operation not permitted
build	Cache Android SDK	2026-06-06T12:22:47.6862503Z /usr/bin/tar: ../../../../../usr/local/lib/android/sdk/platforms/android-34-ext10/data/res/values-mcc466-mnc01: Cannot change mode to rwxr-xr-x: Operation not permitted
build	Cache Android SDK	2026-06-06T12:22:47.6865698Z /usr/bin/tar: ../../../../../usr/local/lib/android/sdk/platforms/android-34-ext10/data/res/raw-th: Cannot utime: Operation not permitted
build	Cache Android SDK	2026-06-06T12:22:47.6867323Z /usr/bin/tar: ../../../../../usr/local/lib/android/sdk/platforms/android-34-ext10/data/res/raw-th: Cannot change mode to rwxr-xr-x: Operation not permitted
build	Cache Android SDK	2026-06-06T12:22:47.6869390Z /usr/bin/tar: ../../../../../usr/local/lib/android/sdk/platforms/android-34-ext10/data/res/values-mcc302-mnc720-in: Cannot utime: Operation not permitted
build	Cache Android SDK	2026-06-06T12:22:47.6870355Z /usr/bin/tar: ../../../../../usr/local/lib/android/sdk/platforms/android-34-ext10/data/res/values-mcc302-mnc720-in: Cannot change mode to rwxr-xr-x: Operation not permitted
build	Cache Android SDK	2026-06-06T12:22:47.6873016Z /usr/bin/tar: ../../../../../usr/local/lib/android/sdk/platforms/android-34-ext10/data/res/values-mcc310-mnc210-gl: Cannot utime: Operation not permitted
build	Cache Android SDK	2026-06-06T12:22:47.6873979Z /usr/bin/tar: ../../../../../usr/local/lib/android/sdk/platforms/android-34-ext10/data/res/values-mcc310-mnc210-gl: Cannot change mode to rwxr-xr-x: Operation not permitted
build	Cache Android SDK	2026-06-06T12:22:47.6876713Z /usr/bin/tar: ../../../../../usr/local/lib/android/sdk/platforms/android-34-ext10/data/res/values-fr-rCH: Cannot utime: Operation not permitted
build	Cache Android SDK	2026-06-06T12:22:47.6877802Z /usr/bin/tar: ../../../../../usr/local/lib/android/sdk/platforms/android-34-ext10/data/res/values-fr-rCH: Cannot change mode to rwxr-xr-x: Operation not permitted
build	Cache Android SDK	2026-06-06T12:22:47.6880461Z /usr/bin/tar: ../../../../../usr/local/lib/android/sdk/platforms/android-34-ext10/data/res/values-hr-television: Cannot utime: Operation not permitted
build	Cache Android SDK	2026-06-06T12:22:47.6881419Z /usr/bin/tar: ../../../../../usr/local/lib/android/sdk/platforms/android-34-ext10/data/res/values-hr-television: Cannot change mode to rwxr-xr-x: Operation not permitted
build	Cache Android SDK	2026-06-06T12:22:47.6884126Z /usr/bin/tar: ../../../../../usr/local/lib/android/sdk/platforms/android-34-ext10/data/res/values-mcc313-mnc100-fr: Cannot utime: Operation not permitted
build	Cache Android SDK	2026-06-06T12:22:47.6885092Z /usr/bin/tar: ../../../../../usr/local/lib/android/sdk/platforms/android-34-ext10/data/res/values-mcc313-mnc100-fr: Cannot change mode to rwxr-xr-x: Operation not permitted
build	Cache Android SDK	2026-06-06T12:22:47.6887908Z /usr/bin/tar: ../../../../../usr/local/lib/android/sdk/platforms/android-34-ext10/data/res/values-km-television: Cannot utime: Operation not permitted
build	Cache Android SDK	2026-06-06T12:22:47.6888866Z /usr/bin/tar: ../../../../../usr/local/lib/android/sdk/platforms/android-34-ext10/data/res/values-km-television: Cannot change mode to rwxr-xr-x: Operation not permitted
build	Cache Android SDK	2026-06-06T12:22:47.6891624Z /usr/bin/tar: ../../../../../usr/local/lib/android/sdk/platforms/android-34-ext10/data/res/values-mcc310-mnc410-ar: Cannot utime: Operation not permitted
build	Cache Android SDK	2026-06-06T12:22:47.6892589Z /usr/bin/tar: ../../../../../usr/local/lib/android/sdk/platforms/android-34-ext10/data/res/values-mcc310-mnc410-ar: Cannot change mode to rwxr-xr-x: Operation not permitted
build	Cache Android SDK	2026-06-06T12:22:47.6894515Z /usr/bin/tar: ../../../../../usr/local/lib/android/sdk/platforms/android-34-ext10/data/res/values-mcc310-mnc660-fr: Cannot utime: Operation not permitted
build	Cache Android SDK	2026-06-06T12:22:47.6895480Z /usr/bin/tar: ../../../../../usr/local/lib/android/sdk/platforms/android-34-ext10/data/res/values-mcc310-mnc660-fr: Cannot change mode to rwxr-xr-x: Operation not permitted
build	Cache Android SDK	2026-06-06T12:22:47.6898101Z /usr/bin/tar: ../../../../../usr/local/lib/android/sdk/platforms/android-34-ext10/data/res/values-mcc310-mnc160-es-rUS: Cannot utime: Operation not permitted
build	Cache Android SDK	2026-06-06T12:22:47.6899116Z /usr/bin/tar: ../../../../../usr/local/lib/android/sdk/platforms/android-34-ext10/data/res/values-mcc310-mnc160-es-rUS: Cannot change mode to rwxr-xr-x: Operation not permitted
build	Cache Android SDK	2026-06-06T12:22:47.6901409Z /usr/bin/tar: ../../../../../usr/local/lib/android/sdk/platforms/android-34-ext10/data/res/values-mcc310-mnc200: Cannot utime: Operation not permitted
build	Cache Android SDK	2026-06-06T12:22:47.6902378Z /usr/bin/tar: ../../../../../usr/local/lib/android/sdk/platforms/android-34-ext10/data/res/values-mcc310-mnc200: Cannot change mode to rwxr-xr-x: Operation not permitted
build	Cache Android SDK	2026-06-06T12:22:47.6904641Z /usr/bin/tar: ../../../../../usr/local/lib/android/sdk/platforms/android-34-ext10/data/res/values-mcc310-mnc270-tl: Cannot utime: Operation not permitted
build	Cache Android SDK	2026-06-06T12:22:47.6905723Z /usr/bin/tar: ../../../../../usr/local/lib/android/sdk/platforms/android-34-ext10/data/res/values-mcc310-mnc270-tl: Cannot change mode to rwxr-xr-x: Operation not permitted
build	Cache Android SDK	2026-06-06T12:22:47.6909697Z /usr/bin/tar: ../../../../../usr/local/lib/android/sdk/platforms/android-34-ext10/data/res/values-mcc310-mnc950-sk: Cannot utime: Operation not permitted
build	Cache Android SDK	2026-06-06T12:22:47.6910690Z /usr/bin/tar: ../../../../../usr/local/lib/android/sdk/platforms/android-34-ext10/data/res/values-mcc310-mnc950-sk: Cannot change mode to rwxr-xr-x: Operation not permitted
build	Cache Android SDK	2026-06-06T12:22:47.6912858Z /usr/bin/tar: ../../../../../usr/local/lib/android/sdk/platforms/android-34-ext10/data/res/values-mcc310-mnc240-ky: Cannot utime: Operation not permitted
build	Cache Android SDK	2026-06-06T12:22:47.6913843Z /usr/bin/tar: ../../../../../usr/local/lib/android/sdk/platforms/android-34-ext10/data/res/values-mcc310-mnc240-ky: Cannot change mode to rwxr-xr-x: Operation not permitted
build	Cache Android SDK	2026-06-06T12:22:47.6916308Z /usr/bin/tar: ../../../../../usr/local/lib/android/sdk/platforms/android-34-ext10/data/res/values-mcc310-mnc310-ky: Cannot utime: Operation not permitted
build	Cache Android SDK	2026-06-06T12:22:47.6917600Z /usr/bin/tar: ../../../../../usr/local/lib/android/sdk/platforms/android-34-ext10/data/res/values-mcc310-mnc310-ky: Cannot change mode to rwxr-xr-x: Operation not permitted
build	Cache Android SDK	2026-06-06T12:22:47.6919887Z /usr/bin/tar: ../../../../../usr/local/lib/android/sdk/platforms/android-34-ext10/data/res/values-mcc310-mnc250-hu: Cannot utime: Operation not permitted
build	Cache Android SDK	2026-06-06T12:22:47.6920848Z /usr/bin/tar: ../../../../../usr/local/lib/android/sdk/platforms/android-34-ext10/data/res/values-mcc310-mnc250-hu: Cannot change mode to rwxr-xr-x: Operation not permitted
build	Cache Android SDK	2026-06-06T12:22:47.6922315Z /usr/bin/tar: ../../../../../usr/local/lib/android/sdk/platforms/android-34-ext10/data/res/values-mcc311-mnc490: Cannot utime: Operation not permitted
build	Cache Android SDK	2026-06-06T12:22:47.6923259Z /usr/bin/tar: ../../../../../usr/local/lib/android/sdk/platforms/android-34-ext10/data/res/values-mcc311-mnc490: Cannot change mode to rwxr-xr-x: Operation not permitted
build	Cache Android SDK	2026-06-06T12:22:47.6925312Z /usr/bin/tar: ../../../../../usr/local/lib/android/sdk/platforms/android-34-ext10/data/res/values-mcc310-mnc220-zu: Cannot utime: Operation not permitted
build	Cache Android SDK	2026-06-06T12:22:47.6926276Z /usr/bin/tar: ../../../../../usr/local/lib/android/sdk/platforms/android-34-ext10/data/res/values-mcc310-mnc220-zu: Cannot change mode to rwxr-xr-x: Operation not permitted
build	Cache Android SDK	2026-06-06T12:22:47.6928550Z /usr/bin/tar: ../../../../../usr/local/lib/android/sdk/platforms/android-34-ext10/data/res/values-mcc310-mnc150-gl: Cannot utime: Operation not permitted
build	Cache Android SDK	2026-06-06T12:22:47.6929514Z /usr/bin/tar: ../../../../../usr/local/lib/android/sdk/platforms/android-34-ext10/data/res/values-mcc310-mnc150-gl: Cannot change mode to rwxr-xr-x: Operation not permitted
build	Cache Android SDK	2026-06-06T12:22:47.6932240Z /usr/bin/tar: ../../../../../usr/local/lib/android/sdk/platforms/android-34-ext10/data/res/values-mcc302-mnc220: Cannot utime: Operation not permitted
build	Cache Android SDK	2026-06-06T12:22:47.6933185Z /usr/bin/tar: ../../../../../usr/local/lib/android/sdk/platforms/android-34-ext10/data/res/values-mcc302-mnc220: Cannot change mode to rwxr-xr-x: Operation not permitted
build	Cache Android SDK	2026-06-06T12:22:47.6936076Z /usr/bin/tar: ../../../../../usr/local/lib/android/sdk/platforms/android-34-ext10/data/res/values-mcc310-mnc560-sv: Cannot utime: Operation not permitted
build	Cache Android SDK	2026-06-06T12:22:47.6937035Z /usr/bin/tar: ../../../../../usr/local/lib/android/sdk/platforms/android-34-ext10/data/res/values-mcc310-mnc560-sv: Cannot change mode to rwxr-xr-x: Operation not permitted
build	Cache Android SDK	2026-06-06T12:22:47.6939332Z /usr/bin/tar: ../../../../../usr/local/lib/android/sdk/platforms/android-34-ext10/data/res/values-mcc310-mnc560-hy: Cannot utime: Operation not permitted
build	Cache Android SDK	2026-06-06T12:22:47.6940295Z /usr/bin/tar: ../../../../../usr/local/lib/android/sdk/platforms/android-34-ext10/data/res/values-mcc310-mnc560-hy: Cannot change mode to rwxr-xr-x: Operation not permitted
build	Cache Android SDK	2026-06-06T12:22:47.6942242Z /usr/bin/tar: ../../../../../usr/local/lib/android/sdk/platforms/android-34-ext10/data/res/values-mcc310-mnc170-en-rGB: Cannot utime: Operation not permitted
build	Cache Android SDK	2026-06-06T12:22:47.6943445Z /usr/bin/tar: ../../../../../usr/local/lib/android/sdk/platforms/android-34-ext10/data/res/values-mcc310-mnc170-en-rGB: Cannot change mode to rwxr-xr-x: Operation not permitted
build	Cache Android SDK	2026-06-06T12:22:47.6978265Z /usr/bin/tar: ../../../../../usr/local/lib/android/sdk/platforms/android-34-ext10/data/res/drawable-sw720dp-nodpi: Cannot utime: Operation not permitted
build	Cache Android SDK	2026-06-06T12:22:47.6980300Z /usr/bin/tar: ../../../../../usr/local/lib/android/sdk/platforms/android-34-ext10/data/res/drawable-sw720dp-nodpi: Cannot change mode to rwxr-xr-x: Operation not permitted
build	Cache Android SDK	2026-06-06T12:22:47.6981771Z /usr/bin/tar: ../../../../../usr/local/lib/android/sdk/platforms/android-34-ext10/data/res/values-mcc310-mnc410-ru: Cannot utime: Operation not permitted
build	Cache Android SDK	2026-06-06T12:22:47.6982857Z /usr/bin/tar: ../../../../../usr/local/lib/android/sdk/platforms/android-34-ext10/data/res/values-mcc310-mnc410-ru: Cannot change mode to rwxr-xr-x: Operation not permitted
build	Cache Android SDK	2026-06-06T12:22:47.6984442Z /usr/bin/tar: ../../../../../usr/local/lib/android/sdk/platforms/android-34-ext10/data/res/values-mcc310-mnc380-ko: Cannot utime: Operation not permitted
build	Cache Android SDK	2026-06-06T12:22:47.6984994Z /usr/bin/tar: ../../../../../usr/local/lib/android/sdk/platforms/android-34-ext10/data/res/values-mcc310-mnc380-ko: Cannot change mode to rwxr-xr-x: Operation not permitted
build	Cache Android SDK	2026-06-06T12:22:47.6987509Z /usr/bin/tar: ../../../../../usr/local/lib/android/sdk/platforms/android-34-ext10/data/res/values-mcc302-mnc720-fr: Cannot utime: Operation not permitted
build	Cache Android SDK	2026-06-06T12:22:47.6987994Z /usr/bin/tar: ../../../../../usr/local/lib/android/sdk/platforms/android-34-ext10/data/res/values-mcc302-mnc720-fr: Cannot change mode to rwxr-xr-x: Operation not permitted
build	Cache Android SDK	2026-06-06T12:22:47.6999555Z /usr/bin/tar: ../../../../../usr/local/lib/android/sdk/platforms/android-34-ext10/data/res/drawable-land-hdpi: Cannot utime: Operation not permitted
build	Cache Android SDK	2026-06-06T12:22:47.7000180Z /usr/bin/tar: ../../../../../usr/local/lib/android/sdk/platforms/android-34-ext10/data/res/drawable-land-hdpi: Cannot change mode to rwxr-xr-x: Operation not permitted
build	Cache Android SDK	2026-06-06T12:22:47.7002512Z /usr/bin/tar: ../../../../../usr/local/lib/android/sdk/platforms/android-34-ext10/data/res/values-mcc310-mnc660-it: Cannot utime: Operation not permitted
build	Cache Android SDK	2026-06-06T12:22:47.7003011Z /usr/bin/tar: ../../../../../usr/local/lib/android/sdk/platforms/android-34-ext10/data/res/values-mcc310-mnc660-it: Cannot change mode to rwxr-xr-x: Operation not permitted
build	Cache Android SDK	2026-06-06T12:22:47.7005451Z /usr/bin/tar: ../../../../../usr/local/lib/android/sdk/platforms/android-34-ext10/data/res/values-mcc310-mnc250-ru: Cannot utime: Operation not permitted
build	Cache Android SDK	2026-06-06T12:22:47.7005925Z /usr/bin/tar: ../../../../../usr/local/lib/android/sdk/platforms/android-34-ext10/data/res/values-mcc310-mnc250-ru: Cannot change mode to rwxr-xr-x: Operation not permitted
build	Cache Android SDK	2026-06-06T12:22:47.7008566Z /usr/bin/tar: ../../../../../usr/local/lib/android/sdk/platforms/android-34-ext10/data/res/values-et-television: Cannot utime: Operation not permitted
build	Cache Android SDK	2026-06-06T12:22:47.7009058Z /usr/bin/tar: ../../../../../usr/local/lib/android/sdk/platforms/android-34-ext10/data/res/values-et-television: Cannot change mode to rwxr-xr-x: Operation not permitted
build	Cache Android SDK	2026-06-06T12:22:47.7011367Z /usr/bin/tar: ../../../../../usr/local/lib/android/sdk/platforms/android-34-ext10/data/res/values-mcc310-mnc280-si: Cannot utime: Operation not permitted
build	Cache Android SDK	2026-06-06T12:22:47.7011842Z /usr/bin/tar: ../../../../../usr/local/lib/android/sdk/platforms/android-34-ext10/data/res/values-mcc310-mnc280-si: Cannot change mode to rwxr-xr-x: Operation not permitted
build	Cache Android SDK	2026-06-06T12:22:47.7014310Z /usr/bin/tar: ../../../../../usr/local/lib/android/sdk/platforms/android-34-ext10/data/res/values-mcc311-mnc180-nl: Cannot utime: Operation not permitted
build	Cache Android SDK	2026-06-06T12:22:47.7014785Z /usr/bin/tar: ../../../../../usr/local/lib/android/sdk/platforms/android-34-ext10/data/res/values-mcc311-mnc180-nl: Cannot change mode to rwxr-xr-x: Operation not permitted
build	Cache Android SDK	2026-06-06T12:22:47.7020911Z /usr/bin/tar: ../../../../../usr/local/lib/android/sdk/platforms/android-34-ext10/data/res/drawable-sw600dp-hdpi: Cannot utime: Operation not permitted
build	Cache Android SDK	2026-06-06T12:22:47.7021469Z /usr/bin/tar: ../../../../../usr/local/lib/android/sdk/platforms/android-34-ext10/data/res/drawable-sw600dp-hdpi: Cannot change mode to rwxr-xr-x: Operation not permitted
build	Cache Android SDK	2026-06-06T12:22:47.7024590Z /usr/bin/tar: ../../../../../usr/local/lib/android/sdk/platforms/android-34-ext10/data/res/values-mcc302-mnc370-sr: Cannot utime: Operation not permitted
build	Cache Android SDK	2026-06-06T12:22:47.7025094Z /usr/bin/tar: ../../../../../usr/local/lib/android/sdk/platforms/android-34-ext10/data/res/values-mcc302-mnc370-sr: Cannot change mode to rwxr-xr-x: Operation not permitted
build	Cache Android SDK	2026-06-06T12:22:47.7028352Z /usr/bin/tar: ../../../../../usr/local/lib/android/sdk/platforms/android-34-ext10/data/res/values-mcc310-mnc310-is: Cannot utime: Operation not permitted
build	Cache Android SDK	2026-06-06T12:22:47.7028860Z /usr/bin/tar: ../../../../../usr/local/lib/android/sdk/platforms/android-34-ext10/data/res/values-mcc310-mnc310-is: Cannot change mode to rwxr-xr-x: Operation not permitted
build	Cache Android SDK	2026-06-06T12:22:47.7032439Z /usr/bin/tar: ../../../../../usr/local/lib/android/sdk/platforms/android-34-ext10/data/res/values-mcc310-mnc240-es-rUS: Cannot utime: Operation not permitted
build	Cache Android SDK	2026-06-06T12:22:47.7032989Z /usr/bin/tar: ../../../../../usr/local/lib/android/sdk/platforms/android-34-ext10/data/res/values-mcc310-mnc240-es-rUS: Cannot change mode to rwxr-xr-x: Operation not permitted
build	Cache Android SDK	2026-06-06T12:22:47.7035748Z /usr/bin/tar: ../../../../../usr/local/lib/android/sdk/platforms/android-34-ext10/data/res/values-mcc310-mnc170-gl: Cannot utime: Operation not permitted
build	Cache Android SDK	2026-06-06T12:22:47.7036236Z /usr/bin/tar: ../../../../../usr/local/lib/android/sdk/platforms/android-34-ext10/data/res/values-mcc310-mnc170-gl: Cannot change mode to rwxr-xr-x: Operation not permitted
build	Cache Android SDK	2026-06-06T12:22:47.7039193Z /usr/bin/tar: ../../../../../usr/local/lib/android/sdk/platforms/android-34-ext10/data/res/values-mcc310-mnc270-uk: Cannot utime: Operation not permitted
build	Cache Android SDK	2026-06-06T12:22:47.7039781Z /usr/bin/tar: ../../../../../usr/local/lib/android/sdk/platforms/android-34-ext10/data/res/values-mcc310-mnc270-uk: Cannot change mode to rwxr-xr-x: Operation not permitted
build	Cache Android SDK	2026-06-06T12:22:47.7041687Z /usr/bin/tar: ../../../../../usr/local/lib/android/sdk/platforms/android-34-ext10/data/res/values-mcc310-mnc800-fi: Cannot utime: Operation not permitted
build	Cache Android SDK	2026-06-06T12:22:47.7042290Z /usr/bin/tar: ../../../../../usr/local/lib/android/sdk/platforms/android-34-ext10/data/res/values-mcc310-mnc800-fi: Cannot change mode to rwxr-xr-x: Operation not permitted
build	Cache Android SDK	2026-06-06T12:22:47.7045214Z /usr/bin/tar: ../../../../../usr/local/lib/android/sdk/platforms/android-34-ext10/data/res/values-mcc450: Cannot utime: Operation not permitted
build	Cache Android SDK	2026-06-06T12:22:47.7045709Z /usr/bin/tar: ../../../../../usr/local/lib/android/sdk/platforms/android-34-ext10/data/res/values-mcc450: Cannot change mode to rwxr-xr-x: Operation not permitted
build	Cache Android SDK	2026-06-06T12:22:47.7048275Z /usr/bin/tar: ../../../../../usr/local/lib/android/sdk/platforms/android-34-ext10/data/res/values-or-television: Cannot utime: Operation not permitted
build	Cache Android SDK	2026-06-06T12:22:47.7048775Z /usr/bin/tar: ../../../../../usr/local/lib/android/sdk/platforms/android-34-ext10/data/res/values-or-television: Cannot change mode to rwxr-xr-x: Operation not permitted
build	Cache Android SDK	2026-06-06T12:22:47.7051788Z /usr/bin/tar: ../../../../../usr/local/lib/android/sdk/platforms/android-34-ext10/data/res/values-es-rES: Cannot utime: Operation not permitted
build	Cache Android SDK	2026-06-06T12:22:47.7052244Z /usr/bin/tar: ../../../../../usr/local/lib/android/sdk/platforms/android-34-ext10/data/res/values-es-rES: Cannot change mode to rwxr-xr-x: Operation not permitted
build	Cache Android SDK	2026-06-06T12:22:47.7054920Z /usr/bin/tar: ../../../../../usr/local/lib/android/sdk/platforms/android-34-ext10/data/res/values-mcc302-mnc370-nl: Cannot utime: Operation not permitted
build	Cache Android SDK	2026-06-06T12:22:47.7055410Z /usr/bin/tar: ../../../../../usr/local/lib/android/sdk/platforms/android-34-ext10/data/res/values-mcc302-mnc370-nl: Cannot change mode to rwxr-xr-x: Operation not permitted
build	Cache Android SDK	2026-06-06T12:22:47.7058229Z /usr/bin/tar: ../../../../../usr/local/lib/android/sdk/platforms/android-34-ext10/data/res/values-mcc310-mnc950-fr-rCA: Cannot utime: Operation not permitted
build	Cache Android SDK	2026-06-06T12:22:47.7058743Z /usr/bin/tar: ../../../../../usr/local/lib/android/sdk/platforms/android-34-ext10/data/res/values-mcc310-mnc950-fr-rCA: Cannot change mode to rwxr-xr-x: Operation not permitted
build	Cache Android SDK	2026-06-06T12:22:47.7061569Z /usr/bin/tar: ../../../../../usr/local/lib/android/sdk/platforms/android-34-ext10/data/res/values-mcc310-mnc210-ca: Cannot utime: Operation not permitted
build	Cache Android SDK	2026-06-06T12:22:47.7062046Z /usr/bin/tar: ../../../../../usr/local/lib/android/sdk/platforms/android-34-ext10/data/res/values-mcc310-mnc210-ca: Cannot change mode to rwxr-xr-x: Operation not permitted
build	Cache Android SDK	2026-06-06T12:22:47.7064534Z /usr/bin/tar: ../../../../../usr/local/lib/android/sdk/platforms/android-34-ext10/data/res/values-mcc310-mnc490-el: Cannot utime: Operation not permitted
build	Cache Android SDK	2026-06-06T12:22:47.7065172Z /usr/bin/tar: ../../../../../usr/local/lib/android/sdk/platforms/android-34-ext10/data/res/values-mcc310-mnc490-el: Cannot change mode to rwxr-xr-x: Operation not permitted
build	Cache Android SDK	2026-06-06T12:22:47.7067862Z /usr/bin/tar: ../../../../../usr/local/lib/android/sdk/platforms/android-34-ext10/data/res/values-mcc311-mnc180-uk: Cannot utime: Operation not permitted
build	Cache Android SDK	2026-06-06T12:22:47.7068335Z /usr/bin/tar: ../../../../../usr/local/lib/android/sdk/platforms/android-34-ext10/data/res/values-mcc311-mnc180-uk: Cannot change mode to rwxr-xr-x: Operation not permitted
build	Cache Android SDK	2026-06-06T12:22:47.7071505Z /usr/bin/tar: ../../../../../usr/local/lib/android/sdk/platforms/android-34-ext10/data/res/values-ms-watch: Cannot utime: Operation not permitted
build	Cache Android SDK	2026-06-06T12:22:47.7072123Z /usr/bin/tar: ../../../../../usr/local/lib/android/sdk/platforms/android-34-ext10/data/res/values-ms-watch: Cannot change mode to rwxr-xr-x: Operation not permitted
build	Cache Android SDK	2026-06-06T12:22:47.7074934Z /usr/bin/tar: ../../../../../usr/local/lib/android/sdk/platforms/android-34-ext10/data/res/values-mcc310-mnc220-mr: Cannot utime: Operation not permitted
build	Cache Android SDK	2026-06-06T12:22:47.7075550Z /usr/bin/tar: ../../../../../usr/local/lib/android/sdk/platforms/android-34-ext10/data/res/values-mcc310-mnc220-mr: Cannot change mode to rwxr-xr-x: Operation not permitted
build	Cache Android SDK	2026-06-06T12:22:47.7077890Z /usr/bin/tar: ../../../../../usr/local/lib/android/sdk/platforms/android-34-ext10/data/res/values-mcc310-mnc660-kn: Cannot utime: Operation not permitted
build	Cache Android SDK	2026-06-06T12:22:47.7078381Z /usr/bin/tar: ../../../../../usr/local/lib/android/sdk/platforms/android-34-ext10/data/res/values-mcc310-mnc660-kn: Cannot change mode to rwxr-xr-x: Operation not permitted
build	Cache Android SDK	2026-06-06T12:22:47.7080650Z /usr/bin/tar: ../../../../../usr/local/lib/android/sdk/platforms/android-34-ext10/data/res/values-mcc310-mnc210-b+sr+Latn: Cannot utime: Operation not permitted
build	Cache Android SDK	2026-06-06T12:22:47.7081166Z /usr/bin/tar: ../../../../../usr/local/lib/android/sdk/platforms/android-34-ext10/data/res/values-mcc310-mnc210-b+sr+Latn: Cannot change mode to rwxr-xr-x: Operation not permitted
build	Cache Android SDK	2026-06-06T12:22:47.7084308Z /usr/bin/tar: ../../../../../usr/local/lib/android/sdk/platforms/android-34-ext10/data/res/values-mcc310-mnc220-iw: Cannot utime: Operation not permitted
build	Cache Android SDK	2026-06-06T12:22:47.7084794Z /usr/bin/tar: ../../../../../usr/local/lib/android/sdk/platforms/android-34-ext10/data/res/values-mcc310-mnc220-iw: Cannot change mode to rwxr-xr-x: Operation not permitted
build	Cache Android SDK	2026-06-06T12:22:47.7086890Z /usr/bin/tar: ../../../../../usr/local/lib/android/sdk/platforms/android-34-ext10/data/res/values-mcc334-mnc020-uk: Cannot utime: Operation not permitted
build	Cache Android SDK	2026-06-06T12:22:47.7087480Z /usr/bin/tar: ../../../../../usr/local/lib/android/sdk/platforms/android-34-ext10/data/res/values-mcc334-mnc020-uk: Cannot change mode to rwxr-xr-x: Operation not permitted
build	Cache Android SDK	2026-06-06T12:22:47.7090292Z /usr/bin/tar: ../../../../../usr/local/lib/android/sdk/platforms/android-34-ext10/data/res/values-mcc313-mnc100-et: Cannot utime: Operation not permitted
build	Cache Android SDK	2026-06-06T12:22:47.7090933Z /usr/bin/tar: ../../../../../usr/local/lib/android/sdk/platforms/android-34-ext10/data/res/values-mcc313-mnc100-et: Cannot change mode to rwxr-xr-x: Operation not permitted
build	Cache Android SDK	2026-06-06T12:22:47.7093142Z /usr/bin/tar: ../../../../../usr/local/lib/android/sdk/platforms/android-34-ext10/data/res/values-nl-rBE: Cannot utime: Operation not permitted
build	Cache Android SDK	2026-06-06T12:22:47.7093623Z /usr/bin/tar: ../../../../../usr/local/lib/android/sdk/platforms/android-34-ext10/data/res/values-nl-rBE: Cannot change mode to rwxr-xr-x: Operation not permitted
build	Cache Android SDK	2026-06-06T12:22:47.7096332Z /usr/bin/tar: ../../../../../usr/local/lib/android/sdk/platforms/android-34-ext10/data/res/values-mcc310-mnc560-gu: Cannot utime: Operation not permitted
build	Cache Android SDK	2026-06-06T12:22:47.7096902Z /usr/bin/tar: ../../../../../usr/local/lib/android/sdk/platforms/android-34-ext10/data/res/values-mcc310-mnc560-gu: Cannot change mode to rwxr-xr-x: Operation not permitted
build	Cache Android SDK	2026-06-06T12:22:47.7099649Z /usr/bin/tar: ../../../../../usr/local/lib/android/sdk/platforms/android-34-ext10/data/res/values-mcc310-mnc800-lv: Cannot utime: Operation not permitted
build	Cache Android SDK	2026-06-06T12:22:47.7100220Z /usr/bin/tar: ../../../../../usr/local/lib/android/sdk/platforms/android-34-ext10/data/res/values-mcc310-mnc800-lv: Cannot change mode to rwxr-xr-x: Operation not permitted
build	Cache Android SDK	2026-06-06T12:22:47.7102156Z /usr/bin/tar: ../../../../../usr/local/lib/android/sdk/platforms/android-34-ext10/data/res/values-mcc302-mnc720-nb: Cannot utime: Operation not permitted
build	Cache Android SDK	2026-06-06T12:22:47.7102633Z /usr/bin/tar: ../../../../../usr/local/lib/android/sdk/platforms/android-34-ext10/data/res/values-mcc302-mnc720-nb: Cannot change mode to rwxr-xr-x: Operation not permitted
build	Cache Android SDK	2026-06-06T12:22:47.7105761Z /usr/bin/tar: ../../../../../usr/local/lib/android/sdk/platforms/android-34-ext10/data/res/values-mcc313-mnc100-ru: Cannot utime: Operation not permitted
build	Cache Android SDK	2026-06-06T12:22:47.7106345Z /usr/bin/tar: ../../../../../usr/local/lib/android/sdk/platforms/android-34-ext10/data/res/values-mcc313-mnc100-ru: Cannot change mode to rwxr-xr-x: Operation not permitted
build	Cache Android SDK	2026-06-06T12:22:47.7108938Z /usr/bin/tar: ../../../../../usr/local/lib/android/sdk/platforms/android-34-ext10/data/res/values-mcc310-mnc380-sk: Cannot utime: Operation not permitted
build	Cache Android SDK	2026-06-06T12:22:47.7109440Z /usr/bin/tar: ../../../../../usr/local/lib/android/sdk/platforms/android-34-ext10/data/res/values-mcc310-mnc380-sk: Cannot change mode to rwxr-xr-x: Operation not permitted
build	Cache Android SDK	2026-06-06T12:22:47.7113403Z /usr/bin/tar: ../../../../../usr/local/lib/android/sdk/platforms/android-34-ext10/data/res/xml-xlarge: Cannot utime: Operation not permitted
build	Cache Android SDK	2026-06-06T12:22:47.7113935Z /usr/bin/tar: ../../../../../usr/local/lib/android/sdk/platforms/android-34-ext10/data/res/xml-xlarge: Cannot change mode to rwxr-xr-x: Operation not permitted
build	Cache Android SDK	2026-06-06T12:22:47.7116409Z /usr/bin/tar: ../../../../../usr/local/lib/android/sdk/platforms/android-34-ext10/data/res/values-mcc310-mnc240-uk: Cannot utime: Operation not permitted
build	Cache Android SDK	2026-06-06T12:22:47.7116959Z /usr/bin/tar: ../../../../../usr/local/lib/android/sdk/platforms/android-34-ext10/data/res/values-mcc310-mnc240-uk: Cannot change mode to rwxr-xr-x: Operation not permitted
build	Cache Android SDK	2026-06-06T12:22:47.7119477Z /usr/bin/tar: ../../../../../usr/local/lib/android/sdk/platforms/android-34-ext10/data/res/values-sw372dp: Cannot utime: Operation not permitted
build	Cache Android SDK	2026-06-06T12:22:47.7119966Z /usr/bin/tar: ../../../../../usr/local/lib/android/sdk/platforms/android-34-ext10/data/res/values-sw372dp: Cannot change mode to rwxr-xr-x: Operation not permitted
build	Cache Android SDK	2026-06-06T12:22:47.7121882Z /usr/bin/tar: ../../../../../usr/local/lib/android/sdk/platforms/android-34-ext10/data/res/values-mcc310-mnc160-b+sr+Latn: Cannot utime: Operation not permitted
build	Cache Android SDK	2026-06-06T12:22:47.7122377Z /usr/bin/tar: ../../../../../usr/local/lib/android/sdk/platforms/android-34-ext10/data/res/values-mcc310-mnc160-b+sr+Latn: Cannot change mode to rwxr-xr-x: Operation not permitted
build	Cache Android SDK	2026-06-06T12:22:47.7125254Z /usr/bin/tar: ../../../../../usr/local/lib/android/sdk/platforms/android-34-ext10/data/res/values-mcc334-mnc020-az: Cannot utime: Operation not permitted
build	Cache Android SDK	2026-06-06T12:22:47.7125756Z /usr/bin/tar: ../../../../../usr/local/lib/android/sdk/platforms/android-34-ext10/data/res/values-mcc334-mnc020-az: Cannot change mode to rwxr-xr-x: Operation not permitted
build	Cache Android SDK	2026-06-06T12:22:47.7128210Z /usr/bin/tar: ../../../../../usr/local/lib/android/sdk/platforms/android-34-ext10/data/res/raw-ru: Cannot utime: Operation not permitted
build	Cache Android SDK	2026-06-06T12:22:47.7128644Z /usr/bin/tar: ../../../../../usr/local/lib/android/sdk/platforms/android-34-ext10/data/res/raw-ru: Cannot change mode to rwxr-xr-x: Operation not permitted
build	Cache Android SDK	2026-06-06T12:22:47.7131162Z /usr/bin/tar: ../../../../../usr/local/lib/android/sdk/platforms/android-34-ext10/data/res/values-mcc310-mnc280-en-rIN: Cannot utime: Operation not permitted
build	Cache Android SDK	2026-06-06T12:22:47.7131675Z /usr/bin/tar: ../../../../../usr/local/lib/android/sdk/platforms/android-34-ext10/data/res/values-mcc310-mnc280-en-rIN: Cannot change mode to rwxr-xr-x: Operation not permitted
build	Cache Android SDK	2026-06-06T12:22:47.7134084Z /usr/bin/tar: ../../../../../usr/local/lib/android/sdk/platforms/android-34-ext10/data/res/values-mcc310-mnc270-lv: Cannot utime: Operation not permitted
build	Cache Android SDK	2026-06-06T12:22:47.7134562Z /usr/bin/tar: ../../../../../usr/local/lib/android/sdk/platforms/android-34-ext10/data/res/values-mcc310-mnc270-lv: Cannot change mode to rwxr-xr-x: Operation not permitted
build	Cache Android SDK	2026-06-06T12:22:47.7137962Z /usr/bin/tar: ../../../../../usr/local/lib/android/sdk/platforms/android-34-ext10/data/res/values-mcc310-mnc380-hu: Cannot utime: Operation not permitted
build	Cache Android SDK	2026-06-06T12:22:47.7138571Z /usr/bin/tar: ../../../../../usr/local/lib/android/sdk/platforms/android-34-ext10/data/res/values-mcc310-mnc380-hu: Cannot change mode to rwxr-xr-x: Operation not permitted
build	Cache Android SDK	2026-06-06T12:22:47.7140622Z /usr/bin/tar: ../../../../../usr/local/lib/android/sdk/platforms/android-34-ext10/data/res/values-mcc310-mnc660-hr: Cannot utime: Operation not permitted
build	Cache Android SDK	2026-06-06T12:22:47.7141239Z /usr/bin/tar: ../../../../../usr/local/lib/android/sdk/platforms/android-34-ext10/data/res/values-mcc310-mnc660-hr: Cannot change mode to rwxr-xr-x: Operation not permitted
build	Cache Android SDK	2026-06-06T12:22:47.7144135Z /usr/bin/tar: ../../../../../usr/local/lib/android/sdk/platforms/android-34-ext10/data/res/values-mcc310-mnc200-da: Cannot utime: Operation not permitted
build	Cache Android SDK	2026-06-06T12:22:47.7144668Z /usr/bin/tar: ../../../../../usr/local/lib/android/sdk/platforms/android-34-ext10/data/res/values-mcc310-mnc200-da: Cannot change mode to rwxr-xr-x: Operation not permitted
build	Cache Android SDK	2026-06-06T12:22:47.7147104Z /usr/bin/tar: ../../../../../usr/local/lib/android/sdk/platforms/android-34-ext10/data/res/values-mcc310-mnc280-mk: Cannot utime: Operation not permitted
build	Cache Android SDK	2026-06-06T12:22:47.7147821Z /usr/bin/tar: ../../../../../usr/local/lib/android/sdk/platforms/android-34-ext10/data/res/values-mcc310-mnc280-mk: Cannot change mode to rwxr-xr-x: Operation not permitted
build	Cache Android SDK	2026-06-06T12:22:47.7150422Z /usr/bin/tar: ../../../../../usr/local/lib/android/sdk/platforms/android-34-ext10/data/res/values-az-watch: Cannot utime: Operation not permitted
build	Cache Android SDK	2026-06-06T12:22:47.7150922Z /usr/bin/tar: ../../../../../usr/local/lib/android/sdk/platforms/android-34-ext10/data/res/values-az-watch: Cannot change mode to rwxr-xr-x: Operation not permitted
build	Cache Android SDK	2026-06-06T12:22:47.7153458Z /usr/bin/tar: ../../../../../usr/local/lib/android/sdk/platforms/android-34-ext10/data/res/values-mcc310-mnc200-pt-rPT: Cannot utime: Operation not permitted
build	Cache Android SDK	2026-06-06T12:22:47.7153961Z /usr/bin/tar: ../../../../../usr/local/lib/android/sdk/platforms/android-34-ext10/data/res/values-mcc310-mnc200-pt-rPT: Cannot change mode to rwxr-xr-x: Operation not permitted
build	Cache Android SDK	2026-06-06T12:22:47.7156722Z /usr/bin/tar: ../../../../../usr/local/lib/android/sdk/platforms/android-34-ext10/data/res/values-mcc310-mnc800-uk: Cannot utime: Operation not permitted
build	Cache Android SDK	2026-06-06T12:22:47.7157308Z /usr/bin/tar: ../../../../../usr/local/lib/android/sdk/platforms/android-34-ext10/data/res/values-mcc310-mnc800-uk: Cannot change mode to rwxr-xr-x: Operation not permitted
build	Cache Android SDK	2026-06-06T12:22:47.7159667Z /usr/bin/tar: ../../../../../usr/local/lib/android/sdk/platforms/android-34-ext10/data/res/values-mcc310-mnc950-ur: Cannot utime: Operation not permitted
build	Cache Android SDK	2026-06-06T12:22:47.7160172Z /usr/bin/tar: ../../../../../usr/local/lib/android/sdk/platforms/android-34-ext10/data/res/values-mcc310-mnc950-ur: Cannot change mode to rwxr-xr-x: Operation not permitted
build	Cache Android SDK	2026-06-06T12:22:47.7167014Z /usr/bin/tar: ../../../../../usr/local/lib/android/sdk/platforms/android-34-ext10/data/res/values-bn: Cannot utime: Operation not permitted
build	Cache Android SDK	2026-06-06T12:22:47.7168191Z /usr/bin/tar: ../../../../../usr/local/lib/android/sdk/platforms/android-34-ext10/data/res/values-bn: Cannot change mode to rwxr-xr-x: Operation not permitted
build	Cache Android SDK	2026-06-06T12:22:47.7169464Z /usr/bin/tar: ../../../../../usr/local/lib/android/sdk/platforms/android-34-ext10/data/res/values-mcc302-mnc370: Cannot utime: Operation not permitted
build	Cache Android SDK	2026-06-06T12:22:47.7169944Z /usr/bin/tar: ../../../../../usr/local/lib/android/sdk/platforms/android-34-ext10/data/res/values-mcc302-mnc370: Cannot change mode to rwxr-xr-x: Operation not permitted
build	Cache Android SDK	2026-06-06T12:22:47.7172897Z /usr/bin/tar: ../../../../../usr/local/lib/android/sdk/platforms/android-34-ext10/data/res/values-mcc310-mnc560-sq: Cannot utime: Operation not permitted
build	Cache Android SDK	2026-06-06T12:22:47.7173438Z /usr/bin/tar: ../../../../../usr/local/lib/android/sdk/platforms/android-34-ext10/data/res/values-mcc310-mnc560-sq: Cannot change mode to rwxr-xr-x: Operation not permitted
build	Cache Android SDK	2026-06-06T12:22:47.7180815Z /usr/bin/tar: ../../../../../usr/local/lib/android/sdk/platforms/android-34-ext10/data/res/drawable-watch: Cannot utime: Operation not permitted
build	Cache Android SDK	2026-06-06T12:22:47.7181337Z /usr/bin/tar: ../../../../../usr/local/lib/android/sdk/platforms/android-34-ext10/data/res/drawable-watch: Cannot change mode to rwxr-xr-x: Operation not permitted
build	Cache Android SDK	2026-06-06T12:22:47.7183615Z /usr/bin/tar: ../../../../../usr/local/lib/android/sdk/platforms/android-34-ext10/data/res/values-mcc310-mnc150-as: Cannot utime: Operation not permitted
build	Cache Android SDK	2026-06-06T12:22:47.7184114Z /usr/bin/tar: ../../../../../usr/local/lib/android/sdk/platforms/android-34-ext10/data/res/values-mcc310-mnc150-as: Cannot change mode to rwxr-xr-x: Operation not permitted
build	Cache Android SDK	2026-06-06T12:22:47.7186839Z /usr/bin/tar: ../../../../../usr/local/lib/android/sdk/platforms/android-34-ext10/data/res/values-mcc310-mnc560-uk: Cannot utime: Operation not permitted
build	Cache Android SDK	2026-06-06T12:22:47.7187322Z /usr/bin/tar: ../../../../../usr/local/lib/android/sdk/platforms/android-34-ext10/data/res/values-mcc310-mnc560-uk: Cannot change mode to rwxr-xr-x: Operation not permitted
build	Cache Android SDK	2026-06-06T12:22:47.7190918Z /usr/bin/tar: ../../../../../usr/local/lib/android/sdk/platforms/android-34-ext10/data/res/values-mcc334-mnc020-hy: Cannot utime: Operation not permitted
build	Cache Android SDK	2026-06-06T12:22:47.7191399Z /usr/bin/tar: ../../../../../usr/local/lib/android/sdk/platforms/android-34-ext10/data/res/values-mcc334-mnc020-hy: Cannot change mode to rwxr-xr-x: Operation not permitted
build	Cache Android SDK	2026-06-06T12:22:47.7194157Z /usr/bin/tar: ../../../../../usr/local/lib/android/sdk/platforms/android-34-ext10/data/res/values-mcc310-mnc240-pa: Cannot utime: Operation not permitted
build	Cache Android SDK	2026-06-06T12:22:47.7194644Z /usr/bin/tar: ../../../../../usr/local/lib/android/sdk/platforms/android-34-ext10/data/res/values-mcc310-mnc240-pa: Cannot change mode to rwxr-xr-x: Operation not permitted
build	Cache Android SDK	2026-06-06T12:22:47.7198055Z /usr/bin/tar: ../../../../../usr/local/lib/android/sdk/platforms/android-34-ext10/data/res/values-mcc302-mnc370-ca: Cannot utime: Operation not permitted
build	Cache Android SDK	2026-06-06T12:22:47.7198548Z /usr/bin/tar: ../../../../../usr/local/lib/android/sdk/platforms/android-34-ext10/data/res/values-mcc302-mnc370-ca: Cannot change mode to rwxr-xr-x: Operation not permitted
build	Cache Android SDK	2026-06-06T12:22:47.7201526Z /usr/bin/tar: ../../../../../usr/local/lib/android/sdk/platforms/android-34-ext10/data/res/values-mcc310-mnc240-zh-rHK: Cannot utime: Operation not permitted
build	Cache Android SDK	2026-06-06T12:22:47.7202184Z /usr/bin/tar: ../../../../../usr/local/lib/android/sdk/platforms/android-34-ext10/data/res/values-mcc310-mnc240-zh-rHK: Cannot change mode to rwxr-xr-x: Operation not permitted
build	Cache Android SDK	2026-06-06T12:22:47.7204451Z /usr/bin/tar: ../../../../../usr/local/lib/android/sdk/platforms/android-34-ext10/data/res/values-mcc310-mnc950-lo: Cannot utime: Operation not permitted
build	Cache Android SDK	2026-06-06T12:22:47.7204927Z /usr/bin/tar: ../../../../../usr/local/lib/android/sdk/platforms/android-34-ext10/data/res/values-mcc310-mnc950-lo: Cannot change mode to rwxr-xr-x: Operation not permitted
build	Cache Android SDK	2026-06-06T12:22:47.7208468Z /usr/bin/tar: ../../../../../usr/local/lib/android/sdk/platforms/android-34-ext10/data/res/values-mcc310-mnc660-ta: Cannot utime: Operation not permitted
build	Cache Android SDK	2026-06-06T12:22:47.7209017Z /usr/bin/tar: ../../../../../usr/local/lib/android/sdk/platforms/android-34-ext10/data/res/values-mcc310-mnc660-ta: Cannot change mode to rwxr-xr-x: Operation not permitted
build	Cache Android SDK	2026-06-06T12:22:47.7211508Z /usr/bin/tar: ../../../../../usr/local/lib/android/sdk/platforms/android-34-ext10/data/res/values-mcc310-mnc270-ms: Cannot utime: Operation not permitted
build	Cache Android SDK	2026-06-06T12:22:47.7212118Z /usr/bin/tar: ../../../../../usr/local/lib/android/sdk/platforms/android-34-ext10/data/res/values-mcc310-mnc270-ms: Cannot change mode to rwxr-xr-x: Operation not permitted
build	Cache Android SDK	2026-06-06T12:22:47.7214739Z /usr/bin/tar: ../../../../../usr/local/lib/android/sdk/platforms/android-34-ext10/data/res/values-mcc310-mnc280-ca: Cannot utime: Operation not permitted
build	Cache Android SDK	2026-06-06T12:22:47.7215305Z /usr/bin/tar: ../../../../../usr/local/lib/android/sdk/platforms/android-34-ext10/data/res/values-mcc310-mnc280-ca: Cannot change mode to rwxr-xr-x: Operation not permitted
build	Cache Android SDK	2026-06-06T12:22:47.7218328Z /usr/bin/tar: ../../../../../usr/local/lib/android/sdk/platforms/android-34-ext10/data/res/values-mcc310-mnc280-az: Cannot utime: Operation not permitted
build	Cache Android SDK	2026-06-06T12:22:47.7219021Z /usr/bin/tar: ../../../../../usr/local/lib/android/sdk/platforms/android-34-ext10/data/res/values-mcc310-mnc280-az: Cannot change mode to rwxr-xr-x: Operation not permitted
build	Cache Android SDK	2026-06-06T12:22:47.7222283Z /usr/bin/tar: ../../../../../usr/local/lib/android/sdk/platforms/android-34-ext10/data/res/values-mcc310-mnc240-tr: Cannot utime: Operation not permitted
build	Cache Android SDK	2026-06-06T12:22:47.7222780Z /usr/bin/tar: ../../../../../usr/local/lib/android/sdk/platforms/android-34-ext10/data/res/values-mcc310-mnc240-tr: Cannot change mode to rwxr-xr-x: Operation not permitted
build	Cache Android SDK	2026-06-06T12:22:47.7225679Z /usr/bin/tar: ../../../../../usr/local/lib/android/sdk/platforms/android-34-ext10/data/res/values-mcc001-mnc01-sr: Cannot utime: Operation not permitted
build	Cache Android SDK	2026-06-06T12:22:47.7226158Z /usr/bin/tar: ../../../../../usr/local/lib/android/sdk/platforms/android-34-ext10/data/res/values-mcc001-mnc01-sr: Cannot change mode to rwxr-xr-x: Operation not permitted
build	Cache Android SDK	2026-06-06T12:22:47.7229083Z /usr/bin/tar: ../../../../../usr/local/lib/android/sdk/platforms/android-34-ext10/data/res/values-mcc312-mnc670-ja: Cannot utime: Operation not permitted
build	Cache Android SDK	2026-06-06T12:22:47.7229801Z /usr/bin/tar: ../../../../../usr/local/lib/android/sdk/platforms/android-34-ext10/data/res/values-mcc312-mnc670-ja: Cannot change mode to rwxr-xr-x: Operation not permitted
build	Cache Android SDK	2026-06-06T12:22:47.7233026Z /usr/bin/tar: ../../../../../usr/local/lib/android/sdk/platforms/android-34-ext10/data/res/values-mcc001-mnc01-gu: Cannot utime: Operation not permitted
build	Cache Android SDK	2026-06-06T12:22:47.7233498Z /usr/bin/tar: ../../../../../usr/local/lib/android/sdk/platforms/android-34-ext10/data/res/values-mcc001-mnc01-gu: Cannot change mode to rwxr-xr-x: Operation not permitted
build	Cache Android SDK	2026-06-06T12:22:47.7236162Z /usr/bin/tar: ../../../../../usr/local/lib/android/sdk/platforms/android-34-ext10/data/res/values-mcc334-mnc020-et: Cannot utime: Operation not permitted
build	Cache Android SDK	2026-06-06T12:22:47.7236638Z /usr/bin/tar: ../../../../../usr/local/lib/android/sdk/platforms/android-34-ext10/data/res/values-mcc334-mnc020-et: Cannot change mode to rwxr-xr-x: Operation not permitted
build	Cache Android SDK	2026-06-06T12:22:47.7239599Z /usr/bin/tar: ../../../../../usr/local/lib/android/sdk/platforms/android-34-ext10/data/res/values-mcc310-mnc560-am: Cannot utime: Operation not permitted
build	Cache Android SDK	2026-06-06T12:22:47.7240218Z /usr/bin/tar: ../../../../../usr/local/lib/android/sdk/platforms/android-34-ext10/data/res/values-mcc310-mnc560-am: Cannot change mode to rwxr-xr-x: Operation not permitted
build	Cache Android SDK	2026-06-06T12:22:47.7243599Z /usr/bin/tar: ../../../../../usr/local/lib/android/sdk/platforms/android-34-ext10/data/res/values-sw600dp-land: Cannot utime: Operation not permitted
build	Cache Android SDK	2026-06-06T12:22:47.7244081Z /usr/bin/tar: ../../../../../usr/local/lib/android/sdk/platforms/android-34-ext10/data/res/values-sw600dp-land: Cannot change mode to rwxr-xr-x: Operation not permitted
build	Cache Android SDK	2026-06-06T12:22:47.7247129Z /usr/bin/tar: ../../../../../usr/local/lib/android/sdk/platforms/android-34-ext10/data/res/values-mcc310-mnc950-ta: Cannot utime: Operation not permitted
build	Cache Android SDK	2026-06-06T12:22:47.7247722Z /usr/bin/tar: ../../../../../usr/local/lib/android/sdk/platforms/android-34-ext10/data/res/values-mcc310-mnc950-ta: Cannot change mode to rwxr-xr-x: Operation not permitted
build	Cache Android SDK	2026-06-06T12:22:47.7250744Z /usr/bin/tar: ../../../../../usr/local/lib/android/sdk/platforms/android-34-ext10/data/res/values-mcc310-mnc410-en-rGB: Cannot utime: Operation not permitted
build	Cache Android SDK	2026-06-06T12:22:47.7251339Z /usr/bin/tar: ../../../../../usr/local/lib/android/sdk/platforms/android-34-ext10/data/res/values-mcc310-mnc410-en-rGB: Cannot change mode to rwxr-xr-x: Operation not permitted
build	Cache Android SDK	2026-06-06T12:22:47.7253822Z /usr/bin/tar: ../../../../../usr/local/lib/android/sdk/platforms/android-34-ext10/data/res/values-mcc310-mnc230-es-rUS: Cannot utime: Operation not permitted
build	Cache Android SDK	2026-06-06T12:22:47.7254331Z /usr/bin/tar: ../../../../../usr/local/lib/android/sdk/platforms/android-34-ext10/data/res/values-mcc310-mnc230-es-rUS: Cannot change mode to rwxr-xr-x: Operation not permitted
build	Cache Android SDK	2026-06-06T12:22:47.7256915Z /usr/bin/tar: ../../../../../usr/local/lib/android/sdk/platforms/android-34-ext10/data/res/values-ar-television: Cannot utime: Operation not permitted
build	Cache Android SDK	2026-06-06T12:22:47.7257626Z /usr/bin/tar: ../../../../../usr/local/lib/android/sdk/platforms/android-34-ext10/data/res/values-ar-television: Cannot change mode to rwxr-xr-x: Operation not permitted
build	Cache Android SDK	2026-06-06T12:22:47.7262316Z /usr/bin/tar: ../../../../../usr/local/lib/android/sdk/platforms/android-34-ext10/data/res/values-mcc313-mnc100-bs: Cannot utime: Operation not permitted
build	Cache Android SDK	2026-06-06T12:22:47.7262816Z /usr/bin/tar: ../../../../../usr/local/lib/android/sdk/platforms/android-34-ext10/data/res/values-mcc313-mnc100-bs: Cannot change mode to rwxr-xr-x: Operation not permitted
build	Cache Android SDK	2026-06-06T12:22:47.7265446Z /usr/bin/tar: ../../../../../usr/local/lib/android/sdk/platforms/android-34-ext10/data/res/values-mcc310-mnc200-en-rGB: Cannot utime: Operation not permitted
build	Cache Android SDK	2026-06-06T12:22:47.7265946Z /usr/bin/tar: ../../../../../usr/local/lib/android/sdk/platforms/android-34-ext10/data/res/values-mcc310-mnc200-en-rGB: Cannot change mode to rwxr-xr-x: Operation not permitted
build	Cache Android SDK	2026-06-06T12:22:47.7268648Z /usr/bin/tar: ../../../../../usr/local/lib/android/sdk/platforms/android-34-ext10/data/res/values-mcc310-mnc950-ne: Cannot utime: Operation not permitted
build	Cache Android SDK	2026-06-06T12:22:47.7269410Z /usr/bin/tar: ../../../../../usr/local/lib/android/sdk/platforms/android-34-ext10/data/res/values-mcc310-mnc950-ne: Cannot change mode to rwxr-xr-x: Operation not permitted
build	Cache Android SDK	2026-06-06T12:22:47.7271467Z /usr/bin/tar: ../../../../../usr/local/lib/android/sdk/platforms/android-34-ext10/data/res/values-mcc310-mnc560-es: Cannot utime: Operation not permitted
build	Cache Android SDK	2026-06-06T12:22:47.7272031Z /usr/bin/tar: ../../../../../usr/local/lib/android/sdk/platforms/android-34-ext10/data/res/values-mcc310-mnc560-es: Cannot change mode to rwxr-xr-x: Operation not permitted
build	Cache Android SDK	2026-06-06T12:22:47.7274549Z /usr/bin/tar: ../../../../../usr/local/lib/android/sdk/platforms/android-34-ext10/data/res/values-mcc001-mnc01-b+sr+Latn: Cannot utime: Operation not permitted
build	Cache Android SDK	2026-06-06T12:22:47.7275066Z /usr/bin/tar: ../../../../../usr/local/lib/android/sdk/platforms/android-34-ext10/data/res/values-mcc001-mnc01-b+sr+Latn: Cannot change mode to rwxr-xr-x: Operation not permitted
build	Cache Android SDK	2026-06-06T12:22:47.7277959Z /usr/bin/tar: ../../../../../usr/local/lib/android/sdk/platforms/android-34-ext10/data/res/values-mcc310-mnc800-sk: Cannot utime: Operation not permitted
build	Cache Android SDK	2026-06-06T12:22:47.7278438Z /usr/bin/tar: ../../../../../usr/local/lib/android/sdk/platforms/android-34-ext10/data/res/values-mcc310-mnc800-sk: Cannot change mode to rwxr-xr-x: Operation not permitted
build	Cache Android SDK	2026-06-06T12:22:47.7280597Z /usr/bin/tar: ../../../../../usr/local/lib/android/sdk/platforms/android-34-ext10/data/res/values-mcc310-mnc410-ms: Cannot utime: Operation not permitted
build	Cache Android SDK	2026-06-06T12:22:47.7281068Z /usr/bin/tar: ../../../../../usr/local/lib/android/sdk/platforms/android-34-ext10/data/res/values-mcc310-mnc410-ms: Cannot change mode to rwxr-xr-x: Operation not permitted
build	Cache Android SDK	2026-06-06T12:22:47.7283945Z /usr/bin/tar: ../../../../../usr/local/lib/android/sdk/platforms/android-34-ext10/data/res/values-mcc313-mnc100-en-rIN: Cannot utime: Operation not permitted
build	Cache Android SDK	2026-06-06T12:22:47.7284556Z /usr/bin/tar: ../../../../../usr/local/lib/android/sdk/platforms/android-34-ext10/data/res/values-mcc313-mnc100-en-rIN: Cannot change mode to rwxr-xr-x: Operation not permitted
build	Cache Android SDK	2026-06-06T12:22:47.7286681Z /usr/bin/tar: ../../../../../usr/local/lib/android/sdk/platforms/android-34-ext10/data/res/values-mcc310-mnc160-mn: Cannot utime: Operation not permitted
build	Cache Android SDK	2026-06-06T12:22:47.7287164Z /usr/bin/tar: ../../../../../usr/local/lib/android/sdk/platforms/android-34-ext10/data/res/values-mcc310-mnc160-mn: Cannot change mode to rwxr-xr-x: Operation not permitted
build	Cache Android SDK	2026-06-06T12:22:47.7290043Z /usr/bin/tar: ../../../../../usr/local/lib/android/sdk/platforms/android-34-ext10/data/res/values-mcc310-mnc240-el: Cannot utime: Operation not permitted
build	Cache Android SDK	2026-06-06T12:22:47.7290517Z /usr/bin/tar: ../../../../../usr/local/lib/android/sdk/platforms/android-34-ext10/data/res/values-mcc310-mnc240-el: Cannot change mode to rwxr-xr-x: Operation not permitted
build	Cache Android SDK	2026-06-06T12:22:47.7293389Z /usr/bin/tar: ../../../../../usr/local/lib/android/sdk/platforms/android-34-ext10/data/res/values-mcc312-mnc670-ko: Cannot utime: Operation not permitted
build	Cache Android SDK	2026-06-06T12:22:47.7293906Z /usr/bin/tar: ../../../../../usr/local/lib/android/sdk/platforms/android-34-ext10/data/res/values-mcc312-mnc670-ko: Cannot change mode to rwxr-xr-x: Operation not permitted
build	Cache Android SDK	2026-06-06T12:22:47.7296839Z /usr/bin/tar: ../../../../../usr/local/lib/android/sdk/platforms/android-34-ext10/data/res/values-mcc001-mnc01-as: Cannot utime: Operation not permitted
build	Cache Android SDK	2026-06-06T12:22:47.7297575Z /usr/bin/tar: ../../../../../usr/local/lib/android/sdk/platforms/android-34-ext10/data/res/values-mcc001-mnc01-as: Cannot change mode to rwxr-xr-x: Operation not permitted
build	Cache Android SDK	2026-06-06T12:22:47.7300331Z /usr/bin/tar: ../../../../../usr/local/lib/android/sdk/platforms/android-34-ext10/data/res/values-mcc310-mnc950-en-rGB: Cannot utime: Operation not permitted
build	Cache Android SDK	2026-06-06T12:22:47.7300866Z /usr/bin/tar: ../../../../../usr/local/lib/android/sdk/platforms/android-34-ext10/data/res/values-mcc310-mnc950-en-rGB: Cannot change mode to rwxr-xr-x: Operation not permitted
build	Cache Android SDK	2026-06-06T12:22:47.7303569Z /usr/bin/tar: ../../../../../usr/local/lib/android/sdk/platforms/android-34-ext10/data/res/values-mcc310-mnc250-zh-rTW: Cannot utime: Operation not permitted
build	Cache Android SDK	2026-06-06T12:22:47.7304199Z /usr/bin/tar: ../../../../../usr/local/lib/android/sdk/platforms/android-34-ext10/data/res/values-mcc310-mnc250-zh-rTW: Cannot change mode to rwxr-xr-x: Operation not permitted
build	Cache Android SDK	2026-06-06T12:22:47.7306297Z /usr/bin/tar: ../../../../../usr/local/lib/android/sdk/platforms/android-34-ext10/data/res/values-mcc312-mnc670-bs: Cannot utime: Operation not permitted
build	Cache Android SDK	2026-06-06T12:22:47.7306810Z /usr/bin/tar: ../../../../../usr/local/lib/android/sdk/platforms/android-34-ext10/data/res/values-mcc312-mnc670-bs: Cannot change mode to rwxr-xr-x: Operation not permitted
build	Cache Android SDK	2026-06-06T12:22:47.7309309Z /usr/bin/tar: ../../../../../usr/local/lib/android/sdk/platforms/android-34-ext10/data/res/values-mcc302-mnc370-uz: Cannot utime: Operation not permitted
build	Cache Android SDK	2026-06-06T12:22:47.7309869Z /usr/bin/tar: ../../../../../usr/local/lib/android/sdk/platforms/android-34-ext10/data/res/values-mcc302-mnc370-uz: Cannot change mode to rwxr-xr-x: Operation not permitted
build	Cache Android SDK	2026-06-06T12:22:47.7312668Z /usr/bin/tar: ../../../../../usr/local/lib/android/sdk/platforms/android-34-ext10/data/res/values-mcc310-mnc220-nb: Cannot utime: Operation not permitted
build	Cache Android SDK	2026-06-06T12:22:47.7313136Z /usr/bin/tar: ../../../../../usr/local/lib/android/sdk/platforms/android-34-ext10/data/res/values-mcc310-mnc220-nb: Cannot change mode to rwxr-xr-x: Operation not permitted
build	Cache Android SDK	2026-06-06T12:22:47.7315724Z /usr/bin/tar: ../../../../../usr/local/lib/android/sdk/platforms/android-34-ext10/data/res/values-mcc310-mnc150-nb: Cannot utime: Operation not permitted
build	Cache Android SDK	2026-06-06T12:22:47.7316197Z /usr/bin/tar: ../../../../../usr/local/lib/android/sdk/platforms/android-34-ext10/data/res/values-mcc310-mnc150-nb: Cannot change mode to rwxr-xr-x: Operation not permitted
build	Cache Android SDK	2026-06-06T12:22:47.7319347Z /usr/bin/tar: ../../../../../usr/local/lib/android/sdk/platforms/android-34-ext10/data/res/values-mcc310-mnc030-et: Cannot utime: Operation not permitted
build	Cache Android SDK	2026-06-06T12:22:47.7319914Z /usr/bin/tar: ../../../../../usr/local/lib/android/sdk/platforms/android-34-ext10/data/res/values-mcc310-mnc030-et: Cannot change mode to rwxr-xr-x: Operation not permitted
build	Cache Android SDK	2026-06-06T12:22:47.7322250Z /usr/bin/tar: ../../../../../usr/local/lib/android/sdk/platforms/android-34-ext10/data/res/values-mcc310-mnc310-sr: Cannot utime: Operation not permitted
build	Cache Android SDK	2026-06-06T12:22:47.7322719Z /usr/bin/tar: ../../../../../usr/local/lib/android/sdk/platforms/android-34-ext10/data/res/values-mcc310-mnc310-sr: Cannot change mode to rwxr-xr-x: Operation not permitted
build	Cache Android SDK	2026-06-06T12:22:47.7325417Z /usr/bin/tar: ../../../../../usr/local/lib/android/sdk/platforms/android-34-ext10/data/res/values-mcc310-mnc250-ro: Cannot utime: Operation not permitted
build	Cache Android SDK	2026-06-06T12:22:47.7325985Z /usr/bin/tar: ../../../../../usr/local/lib/android/sdk/platforms/android-34-ext10/data/res/values-mcc310-mnc250-ro: Cannot change mode to rwxr-xr-x: Operation not permitted
build	Cache Android SDK	2026-06-06T12:22:47.7328336Z /usr/bin/tar: ../../../../../usr/local/lib/android/sdk/platforms/android-34-ext10/data/res/values-mcc302-mnc370-tr: Cannot utime: Operation not permitted
build	Cache Android SDK	2026-06-06T12:22:47.7328813Z /usr/bin/tar: ../../../../../usr/local/lib/android/sdk/platforms/android-34-ext10/data/res/values-mcc302-mnc370-tr: Cannot change mode to rwxr-xr-x: Operation not permitted
build	Cache Android SDK	2026-06-06T12:22:47.7332486Z /usr/bin/tar: ../../../../../usr/local/lib/android/sdk/platforms/android-34-ext10/data/res/values-mcc310-mnc200-nl: Cannot utime: Operation not permitted
build	Cache Android SDK	2026-06-06T12:22:47.7333003Z /usr/bin/tar: ../../../../../usr/local/lib/android/sdk/platforms/android-34-ext10/data/res/values-mcc310-mnc200-nl: Cannot change mode to rwxr-xr-x: Operation not permitted
build	Cache Android SDK	2026-06-06T12:22:47.7335294Z /usr/bin/tar: ../../../../../usr/local/lib/android/sdk/platforms/android-34-ext10/data/res/values-mcc310-mnc660-sw: Cannot utime: Operation not permitted
build	Cache Android SDK	2026-06-06T12:22:47.7335776Z /usr/bin/tar: ../../../../../usr/local/lib/android/sdk/platforms/android-34-ext10/data/res/values-mcc310-mnc660-sw: Cannot change mode to rwxr-xr-x: Operation not permitted
build	Cache Android SDK	2026-06-06T12:22:47.7338615Z /usr/bin/tar: ../../../../../usr/local/lib/android/sdk/platforms/android-34-ext10/data/res/values-mcc313-mnc100-sr: Cannot utime: Operation not permitted
build	Cache Android SDK	2026-06-06T12:22:47.7339096Z /usr/bin/tar: ../../../../../usr/local/lib/android/sdk/platforms/android-34-ext10/data/res/values-mcc313-mnc100-sr: Cannot change mode to rwxr-xr-x: Operation not permitted
build	Cache Android SDK	2026-06-06T12:22:47.7341602Z /usr/bin/tar: ../../../../../usr/local/lib/android/sdk/platforms/android-34-ext10/data/res/raw-da: Cannot utime: Operation not permitted
build	Cache Android SDK	2026-06-06T12:22:47.7342052Z /usr/bin/tar: ../../../../../usr/local/lib/android/sdk/platforms/android-34-ext10/data/res/raw-da: Cannot change mode to rwxr-xr-x: Operation not permitted
build	Cache Android SDK	2026-06-06T12:22:47.7345096Z /usr/bin/tar: ../../../../../usr/local/lib/android/sdk/platforms/android-34-ext10/data/res/values-mcc260: Cannot utime: Operation not permitted
build	Cache Android SDK	2026-06-06T12:22:47.7345570Z /usr/bin/tar: ../../../../../usr/local/lib/android/sdk/platforms/android-34-ext10/data/res/values-mcc260: Cannot change mode to rwxr-xr-x: Operation not permitted
build	Cache Android SDK	2026-06-06T12:22:47.7352149Z /usr/bin/tar: ../../../../../usr/local/lib/android/sdk/platforms/android-34-ext10/data/res/values-mcc310-mnc220-ja: Cannot utime: Operation not permitted
build	Cache Android SDK	2026-06-06T12:22:47.7352624Z /usr/bin/tar: ../../../../../usr/local/lib/android/sdk/platforms/android-34-ext10/data/res/values-mcc310-mnc220-ja: Cannot change mode to rwxr-xr-x: Operation not permitted
build	Cache Android SDK	2026-06-06T12:22:47.7355070Z /usr/bin/tar: ../../../../../usr/local/lib/android/sdk/platforms/android-34-ext10/data/res/values-mcc310-mnc800-en-rIN: Cannot utime: Operation not permitted
build	Cache Android SDK	2026-06-06T12:22:47.7355568Z /usr/bin/tar: ../../../../../usr/local/lib/android/sdk/platforms/android-34-ext10/data/res/values-mcc310-mnc800-en-rIN: Cannot change mode to rwxr-xr-x: Operation not permitted
build	Cache Android SDK	2026-06-06T12:22:47.7358262Z /usr/bin/tar: ../../../../../usr/local/lib/android/sdk/platforms/android-34-ext10/data/res/values-mcc310-mnc250-pt-rPT: Cannot utime: Operation not permitted
build	Cache Android SDK	2026-06-06T12:22:47.7358800Z /usr/bin/tar: ../../../../../usr/local/lib/android/sdk/platforms/android-34-ext10/data/res/values-mcc310-mnc250-pt-rPT: Cannot change mode to rwxr-xr-x: Operation not permitted
build	Cache Android SDK	2026-06-06T12:22:47.7361175Z /usr/bin/tar: ../../../../../usr/local/lib/android/sdk/platforms/android-34-ext10/data/res/values-mcc310-mnc490-ka: Cannot utime: Operation not permitted
build	Cache Android SDK	2026-06-06T12:22:47.7361658Z /usr/bin/tar: ../../../../../usr/local/lib/android/sdk/platforms/android-34-ext10/data/res/values-mcc310-mnc490-ka: Cannot change mode to rwxr-xr-x: Operation not permitted
build	Cache Android SDK	2026-06-06T12:22:47.7363697Z /usr/bin/tar: ../../../../../usr/local/lib/android/sdk/platforms/android-34-ext10/data/res/values-mcc310-mnc490-be: Cannot utime: Operation not permitted
build	Cache Android SDK	2026-06-06T12:22:47.7364313Z /usr/bin/tar: ../../../../../usr/local/lib/android/sdk/platforms/android-34-ext10/data/res/values-mcc310-mnc490-be: Cannot change mode to rwxr-xr-x: Operation not permitted
build	Cache Android SDK	2026-06-06T12:22:47.7367973Z /usr/bin/tar: ../../../../../usr/local/lib/android/sdk/platforms/android-34-ext10/data/res/values-mcc204: Cannot utime: Operation not permitted
build	Cache Android SDK	2026-06-06T12:22:47.7368419Z /usr/bin/tar: ../../../../../usr/local/lib/android/sdk/platforms/android-34-ext10/data/res/values-mcc204: Cannot change mode to rwxr-xr-x: Operation not permitted
build	Cache Android SDK	2026-06-06T12:22:47.7371466Z /usr/bin/tar: ../../../../../usr/local/lib/android/sdk/platforms/android-34-ext10/data/res/values-mcc310-mnc660-sr: Cannot utime: Operation not permitted
build	Cache Android SDK	2026-06-06T12:22:47.7374900Z /usr/bin/tar: ../../../../../usr/local/lib/android/sdk/platforms/android-34-ext10/data/res/values-mcc310-mnc660-sr: Cannot change mode to rwxr-xr-x: Operation not permitted
build	Cache Android SDK	2026-06-06T12:22:47.7375330Z /usr/bin/tar: ../../../../../usr/local/lib/android/sdk/platforms/android-34-ext10/data/res/values-mcc310-mnc220-lv: Cannot utime: Operation not permitted
build	Cache Android SDK	2026-06-06T12:22:47.7375799Z /usr/bin/tar: ../../../../../usr/local/lib/android/sdk/platforms/android-34-ext10/data/res/values-mcc310-mnc220-lv: Cannot change mode to rwxr-xr-x: Operation not permitted
build	Cache Android SDK	2026-06-06T12:22:47.7380636Z /usr/bin/tar: ../../../../../usr/local/lib/android/sdk/platforms/android-34-ext10/data/res/values-mcc310-mnc200-gl: Cannot utime: Operation not permitted
build	Cache Android SDK	2026-06-06T12:22:47.7381474Z /usr/bin/tar: ../../../../../usr/local/lib/android/sdk/platforms/android-34-ext10/data/res/values-mcc310-mnc200-gl: Cannot change mode to rwxr-xr-x: Operation not permitted
build	Cache Android SDK	2026-06-06T12:22:47.7383735Z /usr/bin/tar: ../../../../../usr/local/lib/android/sdk/platforms/android-34-ext10/data/res/values-en-rUS: Cannot utime: Operation not permitted
build	Cache Android SDK	2026-06-06T12:22:47.7384205Z /usr/bin/tar: ../../../../../usr/local/lib/android/sdk/platforms/android-34-ext10/data/res/values-en-rUS: Cannot change mode to rwxr-xr-x: Operation not permitted
build	Cache Android SDK	2026-06-06T12:22:47.7387012Z /usr/bin/tar: ../../../../../usr/local/lib/android/sdk/platforms/android-34-ext10/data/res/values-mcc310-mnc240-gu: Cannot utime: Operation not permitted
build	Cache Android SDK	2026-06-06T12:22:47.7387600Z /usr/bin/tar: ../../../../../usr/local/lib/android/sdk/platforms/android-34-ext10/data/res/values-mcc310-mnc240-gu: Cannot change mode to rwxr-xr-x: Operation not permitted
build	Cache Android SDK	2026-06-06T12:22:47.7390363Z /usr/bin/tar: ../../../../../usr/local/lib/android/sdk/platforms/android-34-ext10/data/res/values-mcc310-mnc150-es-rUS: Cannot utime: Operation not permitted
build	Cache Android SDK	2026-06-06T12:22:47.7390855Z /usr/bin/tar: ../../../../../usr/local/lib/android/sdk/platforms/android-34-ext10/data/res/values-mcc310-mnc150-es-rUS: Cannot change mode to rwxr-xr-x: Operation not permitted
build	Cache Android SDK	2026-06-06T12:22:47.7396896Z /usr/bin/tar: ../../../../../usr/local/lib/android/sdk/platforms/android-34-ext10/data/res/values-ru: Cannot utime: Operation not permitted
build	Cache Android SDK	2026-06-06T12:22:47.7398033Z /usr/bin/tar: ../../../../../usr/local/lib/android/sdk/platforms/android-34-ext10/data/res/values-ru: Cannot change mode to rwxr-xr-x: Operation not permitted
build	Cache Android SDK	2026-06-06T12:22:47.7400205Z /usr/bin/tar: ../../../../../usr/local/lib/android/sdk/platforms/android-34-ext10/data/res/values-mcc310-mnc150-ar: Cannot utime: Operation not permitted
build	Cache Android SDK	2026-06-06T12:22:47.7400685Z /usr/bin/tar: ../../../../../usr/local/lib/android/sdk/platforms/android-34-ext10/data/res/values-mcc310-mnc150-ar: Cannot change mode to rwxr-xr-x: Operation not permitted
build	Cache Android SDK	2026-06-06T12:22:47.7403330Z /usr/bin/tar: ../../../../../usr/local/lib/android/sdk/platforms/android-34-ext10/data/res/values-mcc310-mnc310-bg: Cannot utime: Operation not permitted
build	Cache Android SDK	2026-06-06T12:22:47.7403803Z /usr/bin/tar: ../../../../../usr/local/lib/android/sdk/platforms/android-34-ext10/data/res/values-mcc310-mnc310-bg: Cannot change mode to rwxr-xr-x: Operation not permitted
build	Cache Android SDK	2026-06-06T12:22:47.7407620Z /usr/bin/tar: ../../../../../usr/local/lib/android/sdk/platforms/android-34-ext10/data/res/values-ro-rRO: Cannot utime: Operation not permitted
build	Cache Android SDK	2026-06-06T12:22:47.7408086Z /usr/bin/tar: ../../../../../usr/local/lib/android/sdk/platforms/android-34-ext10/data/res/values-ro-rRO: Cannot change mode to rwxr-xr-x: Operation not permitted
build	Cache Android SDK	2026-06-06T12:22:47.7411044Z /usr/bin/tar: ../../../../../usr/local/lib/android/sdk/platforms/android-34-ext10/data/res/values-mcc302-mnc370-az: Cannot utime: Operation not permitted
build	Cache Android SDK	2026-06-06T12:22:47.7411512Z /usr/bin/tar: ../../../../../usr/local/lib/android/sdk/platforms/android-34-ext10/data/res/values-mcc302-mnc370-az: Cannot change mode to rwxr-xr-x: Operation not permitted
build	Cache Android SDK	2026-06-06T12:22:47.7419549Z /usr/bin/tar: ../../../../../usr/local/lib/android/sdk/platforms/android-34-ext10/data/res/values-hr: Cannot utime: Operation not permitted
build	Cache Android SDK	2026-06-06T12:22:47.7420006Z /usr/bin/tar: ../../../../../usr/local/lib/android/sdk/platforms/android-34-ext10/data/res/values-hr: Cannot change mode to rwxr-xr-x: Operation not permitted
build	Cache Android SDK	2026-06-06T12:22:47.7420450Z /usr/bin/tar: ../../../../../usr/local/lib/android/sdk/platforms/android-34-ext10/data/res/values-mcc310-mnc280-zh-rTW: Cannot utime: Operation not permitted
build	Cache Android SDK	2026-06-06T12:22:47.7420933Z /usr/bin/tar: ../../../../../usr/local/lib/android/sdk/platforms/android-34-ext10/data/res/values-mcc310-mnc280-zh-rTW: Cannot change mode to rwxr-xr-x: Operation not permitted
build	Cache Android SDK	2026-06-06T12:22:47.7423392Z /usr/bin/tar: ../../../../../usr/local/lib/android/sdk/platforms/android-34-ext10/data/res/values-mcc310-mnc490-pa: Cannot utime: Operation not permitted
build	Cache Android SDK	2026-06-06T12:22:47.7423865Z /usr/bin/tar: ../../../../../usr/local/lib/android/sdk/platforms/android-34-ext10/data/res/values-mcc310-mnc490-pa: Cannot change mode to rwxr-xr-x: Operation not permitted
build	Cache Android SDK	2026-06-06T12:22:47.7426680Z /usr/bin/tar: ../../../../../usr/local/lib/android/sdk/platforms/android-34-ext10/data/res/values-mcc310-mnc030-kk: Cannot utime: Operation not permitted
build	Cache Android SDK	2026-06-06T12:22:47.7427159Z /usr/bin/tar: ../../../../../usr/local/lib/android/sdk/platforms/android-34-ext10/data/res/values-mcc310-mnc030-kk: Cannot change mode to rwxr-xr-x: Operation not permitted
build	Cache Android SDK	2026-06-06T12:22:47.7429736Z /usr/bin/tar: ../../../../../usr/local/lib/android/sdk/platforms/android-34-ext10/data/res/values-mcc302-mnc720-pt-rBR: Cannot utime: Operation not permitted
build	Cache Android SDK	2026-06-06T12:22:47.7430225Z /usr/bin/tar: ../../../../../usr/local/lib/android/sdk/platforms/android-34-ext10/data/res/values-mcc302-mnc720-pt-rBR: Cannot change mode to rwxr-xr-x: Operation not permitted
build	Cache Android SDK	2026-06-06T12:22:47.7432822Z /usr/bin/tar: ../../../../../usr/local/lib/android/sdk/platforms/android-34-ext10/data/res/values-mcc310-mnc160-ka: Cannot utime: Operation not permitted
build	Cache Android SDK	2026-06-06T12:22:47.7433294Z /usr/bin/tar: ../../../../../usr/local/lib/android/sdk/platforms/android-34-ext10/data/res/values-mcc310-mnc160-ka: Cannot change mode to rwxr-xr-x: Operation not permitted
build	Cache Android SDK	2026-06-06T12:22:47.7436044Z /usr/bin/tar: ../../../../../usr/local/lib/android/sdk/platforms/android-34-ext10/data/res/values-mcc310-mnc280-am: Cannot utime: Operation not permitted
build	Cache Android SDK	2026-06-06T12:22:47.7436640Z /usr/bin/tar: ../../../../../usr/local/lib/android/sdk/platforms/android-34-ext10/data/res/values-mcc310-mnc280-am: Cannot change mode to rwxr-xr-x: Operation not permitted
build	Cache Android SDK	2026-06-06T12:22:47.7439412Z /usr/bin/tar: ../../../../../usr/local/lib/android/sdk/platforms/android-34-ext10/data/res/values-mcc310-mnc410: Cannot utime: Operation not permitted
build	Cache Android SDK	2026-06-06T12:22:47.7439883Z /usr/bin/tar: ../../../../../usr/local/lib/android/sdk/platforms/android-34-ext10/data/res/values-mcc310-mnc410: Cannot change mode to rwxr-xr-x: Operation not permitted
build	Cache Android SDK	2026-06-06T12:22:47.7442752Z /usr/bin/tar: ../../../../../usr/local/lib/android/sdk/platforms/android-34-ext10/data/res/values-mcc310-mnc950-en-rIN: Cannot utime: Operation not permitted
build	Cache Android SDK	2026-06-06T12:22:47.7443235Z /usr/bin/tar: ../../../../../usr/local/lib/android/sdk/platforms/android-34-ext10/data/res/values-mcc310-mnc950-en-rIN: Cannot change mode to rwxr-xr-x: Operation not permitted
build	Cache Android SDK	2026-06-06T12:22:47.7446361Z /usr/bin/tar: ../../../../../usr/local/lib/android/sdk/platforms/android-34-ext10/data/res/values-mcc334-mnc020-fa: Cannot utime: Operation not permitted
build	Cache Android SDK	2026-06-06T12:22:47.7446837Z /usr/bin/tar: ../../../../../usr/local/lib/android/sdk/platforms/android-34-ext10/data/res/values-mcc334-mnc020-fa: Cannot change mode to rwxr-xr-x: Operation not permitted
build	Cache Android SDK	2026-06-06T12:22:47.7449587Z /usr/bin/tar: ../../../../../usr/local/lib/android/sdk/platforms/android-34-ext10/data/res/values-mcc310-mnc240-ko: Cannot utime: Operation not permitted
build	Cache Android SDK	2026-06-06T12:22:47.7450063Z /usr/bin/tar: ../../../../../usr/local/lib/android/sdk/platforms/android-34-ext10/data/res/values-mcc310-mnc240-ko: Cannot change mode to rwxr-xr-x: Operation not permitted
build	Cache Android SDK	2026-06-06T12:22:47.7452732Z /usr/bin/tar: ../../../../../usr/local/lib/android/sdk/platforms/android-34-ext10/data/res/values-mcc310-mnc410-en-rAU: Cannot utime: Operation not permitted
build	Cache Android SDK	2026-06-06T12:22:47.7453228Z /usr/bin/tar: ../../../../../usr/local/lib/android/sdk/platforms/android-34-ext10/data/res/values-mcc310-mnc410-en-rAU: Cannot change mode to rwxr-xr-x: Operation not permitted
build	Cache Android SDK	2026-06-06T12:22:47.7456289Z /usr/bin/tar: ../../../../../usr/local/lib/android/sdk/platforms/android-34-ext10/data/res/values-mcc302-mnc370-fr: Cannot utime: Operation not permitted
build	Cache Android SDK	2026-06-06T12:22:47.7456768Z /usr/bin/tar: ../../../../../usr/local/lib/android/sdk/platforms/android-34-ext10/data/res/values-mcc302-mnc370-fr: Cannot change mode to rwxr-xr-x: Operation not permitted
build	Cache Android SDK	2026-06-06T12:22:47.7459545Z /usr/bin/tar: ../../../../../usr/local/lib/android/sdk/platforms/android-34-ext10/data/res/values-mcc310-mnc410-fr: Cannot utime: Operation not permitted
build	Cache Android SDK	2026-06-06T12:22:47.7460016Z /usr/bin/tar: ../../../../../usr/local/lib/android/sdk/platforms/android-34-ext10/data/res/values-mcc310-mnc410-fr: Cannot change mode to rwxr-xr-x: Operation not permitted
build	Cache Android SDK	2026-06-06T12:22:47.7462857Z /usr/bin/tar: ../../../../../usr/local/lib/android/sdk/platforms/android-34-ext10/data/res/values-mcc310-mnc240-ur: Cannot utime: Operation not permitted
build	Cache Android SDK	2026-06-06T12:22:47.7463434Z /usr/bin/tar: ../../../../../usr/local/lib/android/sdk/platforms/android-34-ext10/data/res/values-mcc310-mnc240-ur: Cannot change mode to rwxr-xr-x: Operation not permitted
build	Cache Android SDK	2026-06-06T12:22:47.7466516Z /usr/bin/tar: ../../../../../usr/local/lib/android/sdk/platforms/android-34-ext10/data/res/values-mcc310-mnc220-de: Cannot utime: Operation not permitted
build	Cache Android SDK	2026-06-06T12:22:47.7466984Z /usr/bin/tar: ../../../../../usr/local/lib/android/sdk/platforms/android-34-ext10/data/res/values-mcc310-mnc220-de: Cannot change mode to rwxr-xr-x: Operation not permitted
build	Cache Android SDK	2026-06-06T12:22:47.7469895Z /usr/bin/tar: ../../../../../usr/local/lib/android/sdk/platforms/android-34-ext10/data/res/values-mcc310-mnc030-en-rXC: Cannot utime: Operation not permitted
build	Cache Android SDK	2026-06-06T12:22:47.7470400Z /usr/bin/tar: ../../../../../usr/local/lib/android/sdk/platforms/android-34-ext10/data/res/values-mcc310-mnc030-en-rXC: Cannot change mode to rwxr-xr-x: Operation not permitted
build	Cache Android SDK	2026-06-06T12:22:47.7472792Z /usr/bin/tar: ../../../../../usr/local/lib/android/sdk/platforms/android-34-ext10/data/res/values-mcc001-mnc01-ko: Cannot utime: Operation not permitted
build	Cache Android SDK	2026-06-06T12:22:47.7473344Z /usr/bin/tar: ../../../../../usr/local/lib/android/sdk/platforms/android-34-ext10/data/res/values-mcc001-mnc01-ko: Cannot change mode to rwxr-xr-x: Operation not permitted
build	Cache Android SDK	2026-06-06T12:22:47.7475647Z /usr/bin/tar: ../../../../../usr/local/lib/android/sdk/platforms/android-34-ext10/data/res/values-mcc334-mnc020-gu: Cannot utime: Operation not permitted
build	Cache Android SDK	2026-06-06T12:22:47.7476121Z /usr/bin/tar: ../../../../../usr/local/lib/android/sdk/platforms/android-34-ext10/data/res/values-mcc334-mnc020-gu: Cannot change mode to rwxr-xr-x: Operation not permitted
build	Cache Android SDK	2026-06-06T12:22:47.7479216Z /usr/bin/tar: ../../../../../usr/local/lib/android/sdk/platforms/android-34-ext10/data/res/values-mcc310-mnc560-zh-rTW: Cannot utime: Operation not permitted
build	Cache Android SDK	2026-06-06T12:22:47.7479814Z /usr/bin/tar: ../../../../../usr/local/lib/android/sdk/platforms/android-34-ext10/data/res/values-mcc310-mnc560-zh-rTW: Cannot change mode to rwxr-xr-x: Operation not permitted
build	Cache Android SDK	2026-06-06T12:22:47.7482254Z /usr/bin/tar: ../../../../../usr/local/lib/android/sdk/platforms/android-34-ext10/data/res/values-mcc310-mnc280-en-rAU: Cannot utime: Operation not permitted
build	Cache Android SDK	2026-06-06T12:22:47.7482743Z /usr/bin/tar: ../../../../../usr/local/lib/android/sdk/platforms/android-34-ext10/data/res/values-mcc310-mnc280-en-rAU: Cannot change mode to rwxr-xr-x: Operation not permitted
build	Cache Android SDK	2026-06-06T12:22:47.7485522Z /usr/bin/tar: ../../../../../usr/local/lib/android/sdk/platforms/android-34-ext10/data/res/values-mcc310-mnc210-fi: Cannot utime: Operation not permitted
build	Cache Android SDK	2026-06-06T12:22:47.7486007Z /usr/bin/tar: ../../../../../usr/local/lib/android/sdk/platforms/android-34-ext10/data/res/values-mcc310-mnc210-fi: Cannot change mode to rwxr-xr-x: Operation not permitted
build	Cache Android SDK	2026-06-06T12:22:47.7488693Z /usr/bin/tar: ../../../../../usr/local/lib/android/sdk/platforms/android-34-ext10/data/res/values-mcc310-mnc170-de: Cannot utime: Operation not permitted
build	Cache Android SDK	2026-06-06T12:22:47.7489168Z /usr/bin/tar: ../../../../../usr/local/lib/android/sdk/platforms/android-34-ext10/data/res/values-mcc310-mnc170-de: Cannot change mode to rwxr-xr-x: Operation not permitted
build	Cache Android SDK	2026-06-06T12:22:47.7491774Z /usr/bin/tar: ../../../../../usr/local/lib/android/sdk/platforms/android-34-ext10/data/res/values-mcc310-mnc210-gu: Cannot utime: Operation not permitted
build	Cache Android SDK	2026-06-06T12:22:47.7495167Z /usr/bin/tar: ../../../../../usr/local/lib/android/sdk/platforms/android-34-ext10/data/res/values-mcc310-mnc210-gu: Cannot change mode to rwxr-xr-x: Operation not permitted
build	Cache Android SDK	2026-06-06T12:22:47.7495586Z /usr/bin/tar: ../../../../../usr/local/lib/android/sdk/platforms/android-34-ext10/data/res/values-mcc310-mnc660-hi: Cannot utime: Operation not permitted
build	Cache Android SDK	2026-06-06T12:22:47.7496058Z /usr/bin/tar: ../../../../../usr/local/lib/android/sdk/platforms/android-34-ext10/data/res/values-mcc310-mnc660-hi: Cannot change mode to rwxr-xr-x: Operation not permitted
build	Cache Android SDK	2026-06-06T12:22:47.7498506Z /usr/bin/tar: ../../../../../usr/local/lib/android/sdk/platforms/android-34-ext10/data/res/values-mcc310-mnc210-nl: Cannot utime: Operation not permitted
build	Cache Android SDK	2026-06-06T12:22:47.7498971Z /usr/bin/tar: ../../../../../usr/local/lib/android/sdk/platforms/android-34-ext10/data/res/values-mcc310-mnc210-nl: Cannot change mode to rwxr-xr-x: Operation not permitted
build	Cache Android SDK	2026-06-06T12:22:47.7501313Z /usr/bin/tar: ../../../../../usr/local/lib/android/sdk/platforms/android-34-ext10/data/res/values-mcc334-mnc020-am: Cannot utime: Operation not permitted
build	Cache Android SDK	2026-06-06T12:22:47.7501784Z /usr/bin/tar: ../../../../../usr/local/lib/android/sdk/platforms/android-34-ext10/data/res/values-mcc334-mnc020-am: Cannot change mode to rwxr-xr-x: Operation not permitted
build	Cache Android SDK	2026-06-06T12:22:47.7504828Z /usr/bin/tar: ../../../../../usr/local/lib/android/sdk/platforms/android-34-ext10/data/res/values-mcc334-mnc020-my: Cannot utime: Operation not permitted
build	Cache Android SDK	2026-06-06T12:22:47.7505411Z /usr/bin/tar: ../../../../../usr/local/lib/android/sdk/platforms/android-34-ext10/data/res/values-mcc334-mnc020-my: Cannot change mode to rwxr-xr-x: Operation not permitted
build	Cache Android SDK	2026-06-06T12:22:47.7507926Z /usr/bin/tar: ../../../../../usr/local/lib/android/sdk/platforms/android-34-ext10/data/res/values-mcc740-mnc00: Cannot utime: Operation not permitted
build	Cache Android SDK	2026-06-06T12:22:47.7508387Z /usr/bin/tar: ../../../../../usr/local/lib/android/sdk/platforms/android-34-ext10/data/res/values-mcc740-mnc00: Cannot change mode to rwxr-xr-x: Operation not permitted
build	Cache Android SDK	2026-06-06T12:22:47.7511892Z /usr/bin/tar: ../../../../../usr/local/lib/android/sdk/platforms/android-34-ext10/data/res/values-mcc310-mnc200-ky: Cannot utime: Operation not permitted
build	Cache Android SDK	2026-06-06T12:22:47.7512433Z /usr/bin/tar: ../../../../../usr/local/lib/android/sdk/platforms/android-34-ext10/data/res/values-mcc310-mnc200-ky: Cannot change mode to rwxr-xr-x: Operation not permitted
build	Cache Android SDK	2026-06-06T12:22:47.7514913Z /usr/bin/tar: ../../../../../usr/local/lib/android/sdk/platforms/android-34-ext10/data/res/values-mcc302-mnc370-el: Cannot utime: Operation not permitted
build	Cache Android SDK	2026-06-06T12:22:47.7515400Z /usr/bin/tar: ../../../../../usr/local/lib/android/sdk/platforms/android-34-ext10/data/res/values-mcc302-mnc370-el: Cannot change mode to rwxr-xr-x: Operation not permitted
build	Cache Android SDK	2026-06-06T12:22:47.7518088Z /usr/bin/tar: ../../../../../usr/local/lib/android/sdk/platforms/android-34-ext10/data/res/values-mcc310-mnc560-ro: Cannot utime: Operation not permitted
build	Cache Android SDK	2026-06-06T12:22:47.7518554Z /usr/bin/tar: ../../../../../usr/local/lib/android/sdk/platforms/android-34-ext10/data/res/values-mcc310-mnc560-ro: Cannot change mode to rwxr-xr-x: Operation not permitted
build	Cache Android SDK	2026-06-06T12:22:47.7521828Z /usr/bin/tar: ../../../../../usr/local/lib/android/sdk/platforms/android-34-ext10/data/res/values-mcc310-mnc150-kk: Cannot utime: Operation not permitted
build	Cache Android SDK	2026-06-06T12:22:47.7522305Z /usr/bin/tar: ../../../../../usr/local/lib/android/sdk/platforms/android-34-ext10/data/res/values-mcc310-mnc150-kk: Cannot change mode to rwxr-xr-x: Operation not permitted
build	Cache Android SDK	2026-06-06T12:22:47.7525064Z /usr/bin/tar: ../../../../../usr/local/lib/android/sdk/platforms/android-34-ext10/data/res/values-mcc334-mnc020-pt: Cannot utime: Operation not permitted
build	Cache Android SDK	2026-06-06T12:22:47.7525552Z /usr/bin/tar: ../../../../../usr/local/lib/android/sdk/platforms/android-34-ext10/data/res/values-mcc334-mnc020-pt: Cannot change mode to rwxr-xr-x: Operation not permitted
build	Cache Android SDK	2026-06-06T12:22:47.7528515Z /usr/bin/tar: ../../../../../usr/local/lib/android/sdk/platforms/android-34-ext10/data/res/values-mcc310-mnc210-en-rGB: Cannot utime: Operation not permitted
build	Cache Android SDK	2026-06-06T12:22:47.7529007Z /usr/bin/tar: ../../../../../usr/local/lib/android/sdk/platforms/android-34-ext10/data/res/values-mcc310-mnc210-en-rGB: Cannot change mode to rwxr-xr-x: Operation not permitted
build	Cache Android SDK	2026-06-06T12:22:47.7532136Z /usr/bin/tar: ../../../../../usr/local/lib/android/sdk/platforms/android-34-ext10/data/res/values-mcc302-mnc720-pt: Cannot utime: Operation not permitted
build	Cache Android SDK	2026-06-06T12:22:47.7532742Z /usr/bin/tar: ../../../../../usr/local/lib/android/sdk/platforms/android-34-ext10/data/res/values-mcc302-mnc720-pt: Cannot change mode to rwxr-xr-x: Operation not permitted
build	Cache Android SDK	2026-06-06T12:22:47.7535397Z /usr/bin/tar: ../../../../../usr/local/lib/android/sdk/platforms/android-34-ext10/data/res/values-mcc302-mnc720-zh-rCN: Cannot utime: Operation not permitted
build	Cache Android SDK	2026-06-06T12:22:47.7535907Z /usr/bin/tar: ../../../../../usr/local/lib/android/sdk/platforms/android-34-ext10/data/res/values-mcc302-mnc720-zh-rCN: Cannot change mode to rwxr-xr-x: Operation not permitted
build	Cache Android SDK	2026-06-06T12:22:47.7539022Z /usr/bin/tar: ../../../../../usr/local/lib/android/sdk/platforms/android-34-ext10/data/res/values-mcc310-mnc210-fr-rCA: Cannot utime: Operation not permitted
build	Cache Android SDK	2026-06-06T12:22:47.7539517Z /usr/bin/tar: ../../../../../usr/local/lib/android/sdk/platforms/android-34-ext10/data/res/values-mcc310-mnc210-fr-rCA: Cannot change mode to rwxr-xr-x: Operation not permitted
build	Cache Android SDK	2026-06-06T12:22:47.7542928Z /usr/bin/tar: ../../../../../usr/local/lib/android/sdk/platforms/android-34-ext10/data/res/values-mcc310-mnc270-nb: Cannot utime: Operation not permitted
build	Cache Android SDK	2026-06-06T12:22:47.7546801Z /usr/bin/tar: ../../../../../usr/local/lib/android/sdk/platforms/android-34-ext10/data/res/values-mcc310-mnc270-nb: Cannot change mode to rwxr-xr-x: Operation not permitted
build	Cache Android SDK	2026-06-06T12:22:47.7547211Z /usr/bin/tar: ../../../../../usr/local/lib/android/sdk/platforms/android-34-ext10/data/res/values-mcc334-mnc020-zu: Cannot utime: Operation not permitted
build	Cache Android SDK	2026-06-06T12:22:47.7547793Z /usr/bin/tar: ../../../../../usr/local/lib/android/sdk/platforms/android-34-ext10/data/res/values-mcc334-mnc020-zu: Cannot change mode to rwxr-xr-x: Operation not permitted
build	Cache Android SDK	2026-06-06T12:22:47.7550545Z /usr/bin/tar: ../../../../../usr/local/lib/android/sdk/platforms/android-34-ext10/data/res/values-port-mdpi: Cannot utime: Operation not permitted
build	Cache Android SDK	2026-06-06T12:22:47.7551084Z /usr/bin/tar: ../../../../../usr/local/lib/android/sdk/platforms/android-34-ext10/data/res/values-port-mdpi: Cannot change mode to rwxr-xr-x: Operation not permitted
build	Cache Android SDK	2026-06-06T12:22:47.7553892Z /usr/bin/tar: ../../../../../usr/local/lib/android/sdk/platforms/android-34-ext10/data/res/values-mcc302-mnc720-th: Cannot utime: Operation not permitted
build	Cache Android SDK	2026-06-06T12:22:47.7554362Z /usr/bin/tar: ../../../../../usr/local/lib/android/sdk/platforms/android-34-ext10/data/res/values-mcc302-mnc720-th: Cannot change mode to rwxr-xr-x: Operation not permitted
build	Cache Android SDK	2026-06-06T12:22:47.7560361Z /usr/bin/tar: ../../../../../usr/local/lib/android/sdk/platforms/android-34-ext10/data/res/values-mcc310-mnc950-ka: Cannot utime: Operation not permitted
build	Cache Android SDK	2026-06-06T12:22:47.7561077Z /usr/bin/tar: ../../../../../usr/local/lib/android/sdk/platforms/android-34-ext10/data/res/values-mcc310-mnc950-ka: Cannot change mode to rwxr-xr-x: Operation not permitted
build	Cache Android SDK	2026-06-06T12:22:47.7561625Z /usr/bin/tar: ../../../../../usr/local/lib/android/sdk/platforms/android-34-ext10/data/res/values-mcc302-mnc720-en-rGB: Cannot utime: Operation not permitted
build	Cache Android SDK	2026-06-06T12:22:47.7562143Z /usr/bin/tar: ../../../../../usr/local/lib/android/sdk/platforms/android-34-ext10/data/res/values-mcc302-mnc720-en-rGB: Cannot change mode to rwxr-xr-x: Operation not permitted
build	Cache Android SDK	2026-06-06T12:22:47.7565636Z /usr/bin/tar: ../../../../../usr/local/lib/android/sdk/platforms/android-34-ext10/data/res/values-mcc310-mnc250-az: Cannot utime: Operation not permitted
build	Cache Android SDK	2026-06-06T12:22:47.7566120Z /usr/bin/tar: ../../../../../usr/local/lib/android/sdk/platforms/android-34-ext10/data/res/values-mcc310-mnc250-az: Cannot change mode to rwxr-xr-x: Operation not permitted
build	Cache Android SDK	2026-06-06T12:22:47.7568597Z /usr/bin/tar: ../../../../../usr/local/lib/android/sdk/platforms/android-34-ext10/data/res/values-mcc310-mnc200-be: Cannot utime: Operation not permitted
build	Cache Android SDK	2026-06-06T12:22:47.7569063Z /usr/bin/tar: ../../../../../usr/local/lib/android/sdk/platforms/android-34-ext10/data/res/values-mcc310-mnc200-be: Cannot change mode to rwxr-xr-x: Operation not permitted
build	Cache Android SDK	2026-06-06T12:22:47.7572058Z /usr/bin/tar: ../../../../../usr/local/lib/android/sdk/platforms/android-34-ext10/data/res/values-zu-rZA: Cannot utime: Operation not permitted
build	Cache Android SDK	2026-06-06T12:22:47.7572582Z /usr/bin/tar: ../../../../../usr/local/lib/android/sdk/platforms/android-34-ext10/data/res/values-zu-rZA: Cannot change mode to rwxr-xr-x: Operation not permitted
build	Cache Android SDK	2026-06-06T12:22:47.7575119Z /usr/bin/tar: ../../../../../usr/local/lib/android/sdk/platforms/android-34-ext10/data/res/values-ka-watch: Cannot utime: Operation not permitted
build	Cache Android SDK	2026-06-06T12:22:47.7575620Z /usr/bin/tar: ../../../../../usr/local/lib/android/sdk/platforms/android-34-ext10/data/res/values-ka-watch: Cannot change mode to rwxr-xr-x: Operation not permitted
build	Cache Android SDK	2026-06-06T12:22:47.7578675Z /usr/bin/tar: ../../../../../usr/local/lib/android/sdk/platforms/android-34-ext10/data/res/values-mcc310-mnc490-ms: Cannot utime: Operation not permitted
build	Cache Android SDK	2026-06-06T12:22:47.7579325Z /usr/bin/tar: ../../../../../usr/local/lib/android/sdk/platforms/android-34-ext10/data/res/values-mcc310-mnc490-ms: Cannot change mode to rwxr-xr-x: Operation not permitted
build	Cache Android SDK	2026-06-06T12:22:47.7583865Z /usr/bin/tar: ../../../../../usr/local/lib/android/sdk/platforms/android-34-ext10/data/res/values-mcc310-mnc310-pl: Cannot utime: Operation not permitted
build	Cache Android SDK	2026-06-06T12:22:47.7584345Z /usr/bin/tar: ../../../../../usr/local/lib/android/sdk/platforms/android-34-ext10/data/res/values-mcc310-mnc310-pl: Cannot change mode to rwxr-xr-x: Operation not permitted
build	Cache Android SDK	2026-06-06T12:22:47.7591531Z /usr/bin/tar: ../../../../../usr/local/lib/android/sdk/platforms/android-34-ext10/data/res/values-hi: Cannot utime: Operation not permitted
build	Cache Android SDK	2026-06-06T12:22:47.7592417Z /usr/bin/tar: ../../../../../usr/local/lib/android/sdk/platforms/android-34-ext10/data/res/values-hi: Cannot change mode to rwxr-xr-x: Operation not permitted
build	Cache Android SDK	2026-06-06T12:22:47.7594348Z /usr/bin/tar: ../../../../../usr/local/lib/android/sdk/platforms/android-34-ext10/data/res/values-mcc310-mnc200-zu: Cannot utime: Operation not permitted
build	Cache Android SDK	2026-06-06T12:22:47.7595650Z /usr/bin/tar: ../../../../../usr/local/lib/android/sdk/platforms/android-34-ext10/data/res/values-mcc310-mnc200-zu: Cannot change mode to rwxr-xr-x: Operation not permitted
build	Cache Android SDK	2026-06-06T12:22:47.7597053Z /usr/bin/tar: ../../../../../usr/local/lib/android/sdk/platforms/android-34-ext10/data/res/values-mcc310-mnc410-mr: Cannot utime: Operation not permitted
build	Cache Android SDK	2026-06-06T12:22:47.7597727Z /usr/bin/tar: ../../../../../usr/local/lib/android/sdk/platforms/android-34-ext10/data/res/values-mcc310-mnc410-mr: Cannot change mode to rwxr-xr-x: Operation not permitted
build	Cache Android SDK	2026-06-06T12:22:47.7599860Z /usr/bin/tar: ../../../../../usr/local/lib/android/sdk/platforms/android-34-ext10/data/res/values-mcc310-mnc210-mr: Cannot utime: Operation not permitted
build	Cache Android SDK	2026-06-06T12:22:47.7600332Z /usr/bin/tar: ../../../../../usr/local/lib/android/sdk/platforms/android-34-ext10/data/res/values-mcc310-mnc210-mr: Cannot change mode to rwxr-xr-x: Operation not permitted
build	Cache Android SDK	2026-06-06T12:22:47.7602707Z /usr/bin/tar: ../../../../../usr/local/lib/android/sdk/platforms/android-34-ext10/data/res/values-mcc310-mnc150-si: Cannot utime: Operation not permitted
build	Cache Android SDK	2026-06-06T12:22:47.7603185Z /usr/bin/tar: ../../../../../usr/local/lib/android/sdk/platforms/android-34-ext10/data/res/values-mcc310-mnc150-si: Cannot change mode to rwxr-xr-x: Operation not permitted
build	Cache Android SDK	2026-06-06T12:22:47.7605957Z /usr/bin/tar: ../../../../../usr/local/lib/android/sdk/platforms/android-34-ext10/data/res/values-mcc310-mnc240-et: Cannot utime: Operation not permitted
build	Cache Android SDK	2026-06-06T12:22:47.7606417Z /usr/bin/tar: ../../../../../usr/local/lib/android/sdk/platforms/android-34-ext10/data/res/values-mcc310-mnc240-et: Cannot change mode to rwxr-xr-x: Operation not permitted
build	Cache Android SDK	2026-06-06T12:22:47.7609424Z /usr/bin/tar: ../../../../../usr/local/lib/android/sdk/platforms/android-34-ext10/data/res/values-mcc310-mnc380-kk: Cannot utime: Operation not permitted
build	Cache Android SDK	2026-06-06T12:22:47.7609894Z /usr/bin/tar: ../../../../../usr/local/lib/android/sdk/platforms/android-34-ext10/data/res/values-mcc310-mnc380-kk: Cannot change mode to rwxr-xr-x: Operation not permitted
build	Cache Android SDK	2026-06-06T12:22:47.7612651Z /usr/bin/tar: ../../../../../usr/local/lib/android/sdk/platforms/android-34-ext10/data/res/values-mcc310-mnc280-kk: Cannot utime: Operation not permitted
build	Cache Android SDK	2026-06-06T12:22:47.7613124Z /usr/bin/tar: ../../../../../usr/local/lib/android/sdk/platforms/android-34-ext10/data/res/values-mcc310-mnc280-kk: Cannot change mode to rwxr-xr-x: Operation not permitted
build	Cache Android SDK	2026-06-06T12:22:47.7615758Z /usr/bin/tar: ../../../../../usr/local/lib/android/sdk/platforms/android-34-ext10/data/res/values-mcc310-mnc160-sq: Cannot utime: Operation not permitted
build	Cache Android SDK	2026-06-06T12:22:47.7616213Z /usr/bin/tar: ../../../../../usr/local/lib/android/sdk/platforms/android-34-ext10/data/res/values-mcc310-mnc160-sq: Cannot change mode to rwxr-xr-x: Operation not permitted
build	Cache Android SDK	2026-06-06T12:22:47.7619036Z /usr/bin/tar: ../../../../../usr/local/lib/android/sdk/platforms/android-34-ext10/data/res/values-mcc334-mnc020-kn: Cannot utime: Operation not permitted
build	Cache Android SDK	2026-06-06T12:22:47.7619511Z /usr/bin/tar: ../../../../../usr/local/lib/android/sdk/platforms/android-34-ext10/data/res/values-mcc334-mnc020-kn: Cannot change mode to rwxr-xr-x: Operation not permitted
build	Cache Android SDK	2026-06-06T12:22:47.7622250Z /usr/bin/tar: ../../../../../usr/local/lib/android/sdk/platforms/android-34-ext10/data/res/values-mcc312-mnc530: Cannot utime: Operation not permitted
build	Cache Android SDK	2026-06-06T12:22:47.7622713Z /usr/bin/tar: ../../../../../usr/local/lib/android/sdk/platforms/android-34-ext10/data/res/values-mcc312-mnc530: Cannot change mode to rwxr-xr-x: Operation not permitted
build	Cache Android SDK	2026-06-06T12:22:47.7625150Z /usr/bin/tar: ../../../../../usr/local/lib/android/sdk/platforms/android-34-ext10/data/res/values-mcc310-mnc270-vi: Cannot utime: Operation not permitted
build	Cache Android SDK	2026-06-06T12:22:47.7632404Z /usr/bin/tar: ../../../../../usr/local/lib/android/sdk/platforms/android-34-ext10/data/res/values-mcc310-mnc270-vi: Cannot change mode to rwxr-xr-x: Operation not permitted
build	Cache Android SDK	2026-06-06T12:22:47.7632905Z /usr/bin/tar: ../../../../../usr/local/lib/android/sdk/platforms/android-34-ext10/data/res/values-ne: Cannot utime: Operation not permitted
build	Cache Android SDK	2026-06-06T12:22:47.7633696Z /usr/bin/tar: ../../../../../usr/local/lib/android/sdk/platforms/android-34-ext10/data/res/values-ne: Cannot change mode to rwxr-xr-x: Operation not permitted
build	Cache Android SDK	2026-06-06T12:22:47.7635842Z /usr/bin/tar: ../../../../../usr/local/lib/android/sdk/platforms/android-34-ext10/data/res/values-mcc310-mnc250-et: Cannot utime: Operation not permitted
build	Cache Android SDK	2026-06-06T12:22:47.7636375Z /usr/bin/tar: ../../../../../usr/local/lib/android/sdk/platforms/android-34-ext10/data/res/values-mcc310-mnc250-et: Cannot change mode to rwxr-xr-x: Operation not permitted
build	Cache Android SDK	2026-06-06T12:22:47.7638800Z /usr/bin/tar: ../../../../../usr/local/lib/android/sdk/platforms/android-34-ext10/data/res/values-es-rSV: Cannot utime: Operation not permitted
build	Cache Android SDK	2026-06-06T12:22:47.7639254Z /usr/bin/tar: ../../../../../usr/local/lib/android/sdk/platforms/android-34-ext10/data/res/values-es-rSV: Cannot change mode to rwxr-xr-x: Operation not permitted
build	Cache Android SDK	2026-06-06T12:22:47.7642217Z /usr/bin/tar: ../../../../../usr/local/lib/android/sdk/platforms/android-34-ext10/data/res/values-mcc310-mnc220-pl: Cannot utime: Operation not permitted
build	Cache Android SDK	2026-06-06T12:22:47.7642756Z /usr/bin/tar: ../../../../../usr/local/lib/android/sdk/platforms/android-34-ext10/data/res/values-mcc310-mnc220-pl: Cannot change mode to rwxr-xr-x: Operation not permitted
build	Cache Android SDK	2026-06-06T12:22:47.7645300Z /usr/bin/tar: ../../../../../usr/local/lib/android/sdk/platforms/android-34-ext10/data/res/values-mcc302-mnc720-az: Cannot utime: Operation not permitted
build	Cache Android SDK	2026-06-06T12:22:47.7645778Z /usr/bin/tar: ../../../../../usr/local/lib/android/sdk/platforms/android-34-ext10/data/res/values-mcc302-mnc720-az: Cannot change mode to rwxr-xr-x: Operation not permitted
build	Cache Android SDK	2026-06-06T12:22:47.7648950Z /usr/bin/tar: ../../../../../usr/local/lib/android/sdk/platforms/android-34-ext10/data/res/values-mcc415-mnc01: Cannot utime: Operation not permitted
build	Cache Android SDK	2026-06-06T12:22:47.7649428Z /usr/bin/tar: ../../../../../usr/local/lib/android/sdk/platforms/android-34-ext10/data/res/values-mcc415-mnc01: Cannot change mode to rwxr-xr-x: Operation not permitted
build	Cache Android SDK	2026-06-06T12:22:47.7652334Z /usr/bin/tar: ../../../../../usr/local/lib/android/sdk/platforms/android-34-ext10/data/res/values-mcc310-mnc250-de: Cannot utime: Operation not permitted
build	Cache Android SDK	2026-06-06T12:22:47.7652867Z /usr/bin/tar: ../../../../../usr/local/lib/android/sdk/platforms/android-34-ext10/data/res/values-mcc310-mnc250-de: Cannot change mode to rwxr-xr-x: Operation not permitted
build	Cache Android SDK	2026-06-06T12:22:47.7655116Z /usr/bin/tar: ../../../../../usr/local/lib/android/sdk/platforms/android-34-ext10/data/res/values-mcc310-mnc220-am: Cannot utime: Operation not permitted
build	Cache Android SDK	2026-06-06T12:22:47.7655593Z /usr/bin/tar: ../../../../../usr/local/lib/android/sdk/platforms/android-34-ext10/data/res/values-mcc310-mnc220-am: Cannot change mode to rwxr-xr-x: Operation not permitted
build	Cache Android SDK	2026-06-06T12:22:47.7661070Z /usr/bin/tar: ../../../../../usr/local/lib/android/sdk/platforms/android-34-ext10/data/res/values-mcc302-mnc370-tl: Cannot utime: Operation not permitted
build	Cache Android SDK	2026-06-06T12:22:47.7661871Z /usr/bin/tar: ../../../../../usr/local/lib/android/sdk/platforms/android-34-ext10/data/res/values-mcc302-mnc370-tl: Cannot change mode to rwxr-xr-x: Operation not permitted
build	Cache Android SDK	2026-06-06T12:22:47.7662370Z /usr/bin/tar: ../../../../../usr/local/lib/android/sdk/platforms/android-34-ext10/data/res/values-mcc310-mnc210-bg: Cannot utime: Operation not permitted
build	Cache Android SDK	2026-06-06T12:22:47.7662828Z /usr/bin/tar: ../../../../../usr/local/lib/android/sdk/platforms/android-34-ext10/data/res/values-mcc310-mnc210-bg: Cannot change mode to rwxr-xr-x: Operation not permitted
build	Cache Android SDK	2026-06-06T12:22:47.7665578Z /usr/bin/tar: ../../../../../usr/local/lib/android/sdk/platforms/android-34-ext10/data/res/values-mcc302-mnc370-zh-rHK: Cannot utime: Operation not permitted
build	Cache Android SDK	2026-06-06T12:22:47.7666076Z /usr/bin/tar: ../../../../../usr/local/lib/android/sdk/platforms/android-34-ext10/data/res/values-mcc302-mnc370-zh-rHK: Cannot change mode to rwxr-xr-x: Operation not permitted
build	Cache Android SDK	2026-06-06T12:22:47.7669465Z /usr/bin/tar: ../../../../../usr/local/lib/android/sdk/platforms/android-34-ext10/data/res/values-ar-rEG: Cannot utime: Operation not permitted
build	Cache Android SDK	2026-06-06T12:22:47.7669917Z /usr/bin/tar: ../../../../../usr/local/lib/android/sdk/platforms/android-34-ext10/data/res/values-ar-rEG: Cannot change mode to rwxr-xr-x: Operation not permitted
build	Cache Android SDK	2026-06-06T12:22:47.7672567Z /usr/bin/tar: ../../../../../usr/local/lib/android/sdk/platforms/android-34-ext10/data/res/values-mcc310-mnc310-uz: Cannot utime: Operation not permitted
build	Cache Android SDK	2026-06-06T12:22:47.7673031Z /usr/bin/tar: ../../../../../usr/local/lib/android/sdk/platforms/android-34-ext10/data/res/values-mcc310-mnc310-uz: Cannot change mode to rwxr-xr-x: Operation not permitted
build	Cache Android SDK	2026-06-06T12:22:47.7675772Z /usr/bin/tar: ../../../../../usr/local/lib/android/sdk/platforms/android-34-ext10/data/res/values-mcc310-mnc800-it: Cannot utime: Operation not permitted
build	Cache Android SDK	2026-06-06T12:22:47.7676240Z /usr/bin/tar: ../../../../../usr/local/lib/android/sdk/platforms/android-34-ext10/data/res/values-mcc310-mnc800-it: Cannot change mode to rwxr-xr-x: Operation not permitted
build	Cache Android SDK	2026-06-06T12:22:47.7678951Z /usr/bin/tar: ../../../../../usr/local/lib/android/sdk/platforms/android-34-ext10/data/res/values-mcc310-mnc410-kk: Cannot utime: Operation not permitted
build	Cache Android SDK	2026-06-06T12:22:47.7679422Z /usr/bin/tar: ../../../../../usr/local/lib/android/sdk/platforms/android-34-ext10/data/res/values-mcc310-mnc410-kk: Cannot change mode to rwxr-xr-x: Operation not permitted
build	Cache Android SDK	2026-06-06T12:22:47.7682139Z /usr/bin/tar: ../../../../../usr/local/lib/android/sdk/platforms/android-34-ext10/data/res/values-mcc310-mnc950-eu: Cannot utime: Operation not permitted
build	Cache Android SDK	2026-06-06T12:22:47.7682603Z /usr/bin/tar: ../../../../../usr/local/lib/android/sdk/platforms/android-34-ext10/data/res/values-mcc310-mnc950-eu: Cannot change mode to rwxr-xr-x: Operation not permitted
build	Cache Android SDK	2026-06-06T12:22:47.7685204Z /usr/bin/tar: ../../../../../usr/local/lib/android/sdk/platforms/android-34-ext10/data/res/values-mcc302-mnc720-af: Cannot utime: Operation not permitted
build	Cache Android SDK	2026-06-06T12:22:47.7685750Z /usr/bin/tar: ../../../../../usr/local/lib/android/sdk/platforms/android-34-ext10/data/res/values-mcc302-mnc720-af: Cannot change mode to rwxr-xr-x: Operation not permitted
build	Cache Android SDK	2026-06-06T12:22:47.7688121Z /usr/bin/tar: ../../../../../usr/local/lib/android/sdk/platforms/android-34-ext10/data/res/values-mcc334-mnc020-es: Cannot utime: Operation not permitted
build	Cache Android SDK	2026-06-06T12:22:47.7688595Z /usr/bin/tar: ../../../../../usr/local/lib/android/sdk/platforms/android-34-ext10/data/res/values-mcc334-mnc020-es: Cannot change mode to rwxr-xr-x: Operation not permitted
build	Cache Android SDK	2026-06-06T12:22:47.7691236Z /usr/bin/tar: ../../../../../usr/local/lib/android/sdk/platforms/android-34-ext10/data/res/values-mcc310-mnc410-be: Cannot utime: Operation not permitted
build	Cache Android SDK	2026-06-06T12:22:47.7691709Z /usr/bin/tar: ../../../../../usr/local/lib/android/sdk/platforms/android-34-ext10/data/res/values-mcc310-mnc410-be: Cannot change mode to rwxr-xr-x: Operation not permitted
build	Cache Android SDK	2026-06-06T12:22:47.7694681Z /usr/bin/tar: ../../../../../usr/local/lib/android/sdk/platforms/android-34-ext10/data/res/values-mcc310-mnc030-am: Cannot utime: Operation not permitted
build	Cache Android SDK	2026-06-06T12:22:47.7695221Z /usr/bin/tar: ../../../../../usr/local/lib/android/sdk/platforms/android-34-ext10/data/res/values-mcc310-mnc030-am: Cannot change mode to rwxr-xr-x: Operation not permitted
build	Cache Android SDK	2026-06-06T12:22:47.7701065Z /usr/bin/tar: ../../../../../usr/local/lib/android/sdk/platforms/android-34-ext10/data/res/values-sq: Cannot utime: Operation not permitted
build	Cache Android SDK	2026-06-06T12:22:47.7702022Z /usr/bin/tar: ../../../../../usr/local/lib/android/sdk/platforms/android-34-ext10/data/res/values-sq: Cannot change mode to rwxr-xr-x: Operation not permitted
build	Cache Android SDK	2026-06-06T12:22:47.7704603Z /usr/bin/tar: ../../../../../usr/local/lib/android/sdk/platforms/android-34-ext10/data/res/values-mcc310-mnc380-bs: Cannot utime: Operation not permitted
build	Cache Android SDK	2026-06-06T12:22:47.7705483Z /usr/bin/tar: ../../../../../usr/local/lib/android/sdk/platforms/android-34-ext10/data/res/values-mcc310-mnc380-bs: Cannot change mode to rwxr-xr-x: Operation not permitted
build	Cache Android SDK	2026-06-06T12:22:47.7707910Z /usr/bin/tar: ../../../../../usr/local/lib/android/sdk/platforms/android-34-ext10/data/res/values-mcc310-mnc660-te: Cannot utime: Operation not permitted
build	Cache Android SDK	2026-06-06T12:22:47.7708392Z /usr/bin/tar: ../../../../../usr/local/lib/android/sdk/platforms/android-34-ext10/data/res/values-mcc310-mnc660-te: Cannot change mode to rwxr-xr-x: Operation not permitted
build	Cache Android SDK	2026-06-06T12:22:47.7710903Z /usr/bin/tar: ../../../../../usr/local/lib/android/sdk/platforms/android-34-ext10/data/res/values-mcc310-mnc950-es: Cannot utime: Operation not permitted
build	Cache Android SDK	2026-06-06T12:22:47.7711372Z /usr/bin/tar: ../../../../../usr/local/lib/android/sdk/platforms/android-34-ext10/data/res/values-mcc310-mnc950-es: Cannot change mode to rwxr-xr-x: Operation not permitted
build	Cache Android SDK	2026-06-06T12:22:47.7714808Z /usr/bin/tar: ../../../../../usr/local/lib/android/sdk/platforms/android-34-ext10/data/res/xml-land: Cannot utime: Operation not permitted
build	Cache Android SDK	2026-06-06T12:22:47.7715257Z /usr/bin/tar: ../../../../../usr/local/lib/android/sdk/platforms/android-34-ext10/data/res/xml-land: Cannot change mode to rwxr-xr-x: Operation not permitted
build	Cache Android SDK	2026-06-06T12:22:47.7718028Z /usr/bin/tar: ../../../../../usr/local/lib/android/sdk/platforms/android-34-ext10/data/res/values-w225dp: Cannot utime: Operation not permitted
build	Cache Android SDK	2026-06-06T12:22:47.7718467Z /usr/bin/tar: ../../../../../usr/local/lib/android/sdk/platforms/android-34-ext10/data/res/values-w225dp: Cannot change mode to rwxr-xr-x: Operation not permitted
build	Cache Android SDK	2026-06-06T12:22:47.7722375Z /usr/bin/tar: ../../../../../usr/local/lib/android/sdk/platforms/android-34-ext10/data/res/values-mcc311-mnc180-pt-rPT: Cannot utime: Operation not permitted
build	Cache Android SDK	2026-06-06T12:22:47.7722872Z /usr/bin/tar: ../../../../../usr/local/lib/android/sdk/platforms/android-34-ext10/data/res/values-mcc311-mnc180-pt-rPT: Cannot change mode to rwxr-xr-x: Operation not permitted
build	Cache Android SDK	2026-06-06T12:22:47.7725726Z /usr/bin/tar: ../../../../../usr/local/lib/android/sdk/platforms/android-34-ext10/data/res/values-mcc310-mnc490-de: Cannot utime: Operation not permitted
build	Cache Android SDK	2026-06-06T12:22:47.7726307Z /usr/bin/tar: ../../../../../usr/local/lib/android/sdk/platforms/android-34-ext10/data/res/values-mcc310-mnc490-de: Cannot change mode to rwxr-xr-x: Operation not permitted
build	Cache Android SDK	2026-06-06T12:22:47.7729474Z /usr/bin/tar: ../../../../../usr/local/lib/android/sdk/platforms/android-34-ext10/data/res/values-mcc310-mnc150-sk: Cannot utime: Operation not permitted
build	Cache Android SDK	2026-06-06T12:22:47.7729938Z /usr/bin/tar: ../../../../../usr/local/lib/android/sdk/platforms/android-34-ext10/data/res/values-mcc310-mnc150-sk: Cannot change mode to rwxr-xr-x: Operation not permitted
build	Cache Android SDK	2026-06-06T12:22:47.7732518Z /usr/bin/tar: ../../../../../usr/local/lib/android/sdk/platforms/android-34-ext10/data/res/values-mcc310-mnc950-hy: Cannot utime: Operation not permitted
build	Cache Android SDK	2026-06-06T12:22:47.7732987Z /usr/bin/tar: ../../../../../usr/local/lib/android/sdk/platforms/android-34-ext10/data/res/values-mcc310-mnc950-hy: Cannot change mode to rwxr-xr-x: Operation not permitted
build	Cache Android SDK	2026-06-06T12:22:47.7735712Z /usr/bin/tar: ../../../../../usr/local/lib/android/sdk/platforms/android-34-ext10/data/res/values-am-rET: Cannot utime: Operation not permitted
build	Cache Android SDK	2026-06-06T12:22:47.7736156Z /usr/bin/tar: ../../../../../usr/local/lib/android/sdk/platforms/android-34-ext10/data/res/values-am-rET: Cannot change mode to rwxr-xr-x: Operation not permitted
build	Cache Android SDK	2026-06-06T12:22:47.7739654Z /usr/bin/tar: ../../../../../usr/local/lib/android/sdk/platforms/android-34-ext10/data/res/values-mcc310-mnc030-zh-rCN: Cannot utime: Operation not permitted
build	Cache Android SDK	2026-06-06T12:22:47.7740128Z /usr/bin/tar: ../../../../../usr/local/lib/android/sdk/platforms/android-34-ext10/data/res/values-mcc310-mnc030-zh-rCN: Cannot change mode to rwxr-xr-x: Operation not permitted
build	Cache Android SDK	2026-06-06T12:22:47.7743182Z /usr/bin/tar: ../../../../../usr/local/lib/android/sdk/platforms/android-34-ext10/data/res/raw-tr: Cannot utime: Operation not permitted
build	Cache Android SDK	2026-06-06T12:22:47.7743664Z /usr/bin/tar: ../../../../../usr/local/lib/android/sdk/platforms/android-34-ext10/data/res/raw-tr: Cannot change mode to rwxr-xr-x: Operation not permitted
build	Cache Android SDK	2026-06-06T12:22:47.7746575Z /usr/bin/tar: ../../../../../usr/local/lib/android/sdk/platforms/android-34-ext10/data/res/values-mcc310-mnc230-lo: Cannot utime: Operation not permitted
build	Cache Android SDK	2026-06-06T12:22:47.7747044Z /usr/bin/tar: ../../../../../usr/local/lib/android/sdk/platforms/android-34-ext10/data/res/values-mcc310-mnc230-lo: Cannot change mode to rwxr-xr-x: Operation not permitted
build	Cache Android SDK	2026-06-06T12:22:47.7749973Z /usr/bin/tar: ../../../../../usr/local/lib/android/sdk/platforms/android-34-ext10/data/res/values-mcc310-mnc240-kk: Cannot utime: Operation not permitted
build	Cache Android SDK	2026-06-06T12:22:47.7750433Z /usr/bin/tar: ../../../../../usr/local/lib/android/sdk/platforms/android-34-ext10/data/res/values-mcc310-mnc240-kk: Cannot change mode to rwxr-xr-x: Operation not permitted
build	Cache Android SDK	2026-06-06T12:22:47.7753337Z /usr/bin/tar: ../../../../../usr/local/lib/android/sdk/platforms/android-34-ext10/data/res/values-mcc312-mnc670-ru: Cannot utime: Operation not permitted
build	Cache Android SDK	2026-06-06T12:22:47.7753813Z /usr/bin/tar: ../../../../../usr/local/lib/android/sdk/platforms/android-34-ext10/data/res/values-mcc312-mnc670-ru: Cannot change mode to rwxr-xr-x: Operation not permitted
build	Cache Android SDK	2026-06-06T12:22:47.7756512Z /usr/bin/tar: ../../../../../usr/local/lib/android/sdk/platforms/android-34-ext10/data/res/values-mcc310-mnc210-ky: Cannot utime: Operation not permitted
build	Cache Android SDK	2026-06-06T12:22:47.7756976Z /usr/bin/tar: ../../../../../usr/local/lib/android/sdk/platforms/android-34-ext10/data/res/values-mcc310-mnc210-ky: Cannot change mode to rwxr-xr-x: Operation not permitted
build	Cache Android SDK	2026-06-06T12:22:47.7763267Z /usr/bin/tar: ../../../../../usr/local/lib/android/sdk/platforms/android-34-ext10/data/res/values-en-rAU: Cannot utime: Operation not permitted
build	Cache Android SDK	2026-06-06T12:22:47.7763756Z /usr/bin/tar: ../../../../../usr/local/lib/android/sdk/platforms/android-34-ext10/data/res/values-en-rAU: Cannot change mode to rwxr-xr-x: Operation not permitted
build	Cache Android SDK	2026-06-06T12:22:47.7766834Z /usr/bin/tar: ../../../../../usr/local/lib/android/sdk/platforms/android-34-ext10/data/res/values-mcc310-mnc230-hy: Cannot utime: Operation not permitted
build	Cache Android SDK	2026-06-06T12:22:47.7767329Z /usr/bin/tar: ../../../../../usr/local/lib/android/sdk/platforms/android-34-ext10/data/res/values-mcc310-mnc230-hy: Cannot change mode to rwxr-xr-x: Operation not permitted
build	Cache Android SDK	2026-06-06T12:22:47.7770110Z /usr/bin/tar: ../../../../../usr/local/lib/android/sdk/platforms/android-34-ext10/data/res/values-mcc310-mnc150-en-rXC: Cannot utime: Operation not permitted
build	Cache Android SDK	2026-06-06T12:22:47.7770611Z /usr/bin/tar: ../../../../../usr/local/lib/android/sdk/platforms/android-34-ext10/data/res/values-mcc310-mnc150-en-rXC: Cannot change mode to rwxr-xr-x: Operation not permitted
build	Cache Android SDK	2026-06-06T12:22:47.7776403Z /usr/bin/tar: ../../../../../usr/local/lib/android/sdk/platforms/android-34-ext10/data/res/values-zh-rHK: Cannot utime: Operation not permitted
build	Cache Android SDK	2026-06-06T12:22:47.7777128Z /usr/bin/tar: ../../../../../usr/local/lib/android/sdk/platforms/android-34-ext10/data/res/values-zh-rHK: Cannot change mode to rwxr-xr-x: Operation not permitted
build	Cache Android SDK	2026-06-06T12:22:47.7779525Z /usr/bin/tar: ../../../../../usr/local/lib/android/sdk/platforms/android-34-ext10/data/res/values-en-rIN-watch: Cannot utime: Operation not permitted
build	Cache Android SDK	2026-06-06T12:22:47.7780012Z /usr/bin/tar: ../../../../../usr/local/lib/android/sdk/platforms/android-34-ext10/data/res/values-en-rIN-watch: Cannot change mode to rwxr-xr-x: Operation not permitted
build	Cache Android SDK	2026-06-06T12:22:47.7782364Z /usr/bin/tar: ../../../../../usr/local/lib/android/sdk/platforms/android-34-ext10/data/res/values-mcc312-mnc670-am: Cannot utime: Operation not permitted
build	Cache Android SDK	2026-06-06T12:22:47.7782851Z /usr/bin/tar: ../../../../../usr/local/lib/android/sdk/platforms/android-34-ext10/data/res/values-mcc312-mnc670-am: Cannot change mode to rwxr-xr-x: Operation not permitted
build	Cache Android SDK	2026-06-06T12:22:47.7785213Z /usr/bin/tar: ../../../../../usr/local/lib/android/sdk/platforms/android-34-ext10/data/res/values-mcc310-mnc660-el: Cannot utime: Operation not permitted
build	Cache Android SDK	2026-06-06T12:22:47.7786107Z /usr/bin/tar: ../../../../../usr/local/lib/android/sdk/platforms/android-34-ext10/data/res/values-mcc310-mnc660-el: Cannot change mode to rwxr-xr-x: Operation not permitted
build	Cache Android SDK	2026-06-06T12:22:47.7788411Z /usr/bin/tar: ../../../../../usr/local/lib/android/sdk/platforms/android-34-ext10/data/res/values-mcc310-mnc310-vi: Cannot utime: Operation not permitted
build	Cache Android SDK	2026-06-06T12:22:47.7788893Z /usr/bin/tar: ../../../../../usr/local/lib/android/sdk/platforms/android-34-ext10/data/res/values-mcc310-mnc310-vi: Cannot change mode to rwxr-xr-x: Operation not permitted
build	Cache Android SDK	2026-06-06T12:22:47.7791731Z /usr/bin/tar: ../../../../../usr/local/lib/android/sdk/platforms/android-34-ext10/data/res/values-mcc310-mnc240-af: Cannot utime: Operation not permitted
build	Cache Android SDK	2026-06-06T12:22:47.7792207Z /usr/bin/tar: ../../../../../usr/local/lib/android/sdk/platforms/android-34-ext10/data/res/values-mcc310-mnc240-af: Cannot change mode to rwxr-xr-x: Operation not permitted
build	Cache Android SDK	2026-06-06T12:22:47.7794871Z /usr/bin/tar: ../../../../../usr/local/lib/android/sdk/platforms/android-34-ext10/data/res/values-mcc310-mnc490-uk: Cannot utime: Operation not permitted
build	Cache Android SDK	2026-06-06T12:22:47.7795372Z /usr/bin/tar: ../../../../../usr/local/lib/android/sdk/platforms/android-34-ext10/data/res/values-mcc310-mnc490-uk: Cannot change mode to rwxr-xr-x: Operation not permitted
build	Cache Android SDK	2026-06-06T12:22:47.7797832Z /usr/bin/tar: ../../../../../usr/local/lib/android/sdk/platforms/android-34-ext10/data/res/values-mcc310-mnc210-pa: Cannot utime: Operation not permitted
build	Cache Android SDK	2026-06-06T12:22:47.7798338Z /usr/bin/tar: ../../../../../usr/local/lib/android/sdk/platforms/android-34-ext10/data/res/values-mcc310-mnc210-pa: Cannot change mode to rwxr-xr-x: Operation not permitted
build	Cache Android SDK	2026-06-06T12:22:47.7800838Z /usr/bin/tar: ../../../../../usr/local/lib/android/sdk/platforms/android-34-ext10/data/res/values-mcc310-mnc380-ro: Cannot utime: Operation not permitted
build	Cache Android SDK	2026-06-06T12:22:47.7801328Z /usr/bin/tar: ../../../../../usr/local/lib/android/sdk/platforms/android-34-ext10/data/res/values-mcc310-mnc380-ro: Cannot change mode to rwxr-xr-x: Operation not permitted
build	Cache Android SDK	2026-06-06T12:22:47.7807157Z /usr/bin/tar: ../../../../../usr/local/lib/android/sdk/platforms/android-34-ext10/data/res/values-ta: Cannot utime: Operation not permitted
build	Cache Android SDK	2026-06-06T12:22:47.7807886Z /usr/bin/tar: ../../../../../usr/local/lib/android/sdk/platforms/android-34-ext10/data/res/values-ta: Cannot change mode to rwxr-xr-x: Operation not permitted
build	Cache Android SDK	2026-06-06T12:22:47.7810544Z /usr/bin/tar: ../../../../../usr/local/lib/android/sdk/platforms/android-34-ext10/data/res/values-mcc310-mnc800-ml: Cannot utime: Operation not permitted
build	Cache Android SDK	2026-06-06T12:22:47.7811033Z /usr/bin/tar: ../../../../../usr/local/lib/android/sdk/platforms/android-34-ext10/data/res/values-mcc310-mnc800-ml: Cannot change mode to rwxr-xr-x: Operation not permitted
build	Cache Android SDK	2026-06-06T12:22:47.7813188Z /usr/bin/tar: ../../../../../usr/local/lib/android/sdk/platforms/android-34-ext10/data/res/values-mcc313-mnc100-mr: Cannot utime: Operation not permitted
build	Cache Android SDK	2026-06-06T12:22:47.7813775Z /usr/bin/tar: ../../../../../usr/local/lib/android/sdk/platforms/android-34-ext10/data/res/values-mcc313-mnc100-mr: Cannot change mode to rwxr-xr-x: Operation not permitted
build	Cache Android SDK	2026-06-06T12:22:47.7816296Z /usr/bin/tar: ../../../../../usr/local/lib/android/sdk/platforms/android-34-ext10/data/res/values-mcc302-mnc370-sw: Cannot utime: Operation not permitted
build	Cache Android SDK	2026-06-06T12:22:47.7816776Z /usr/bin/tar: ../../../../../usr/local/lib/android/sdk/platforms/android-34-ext10/data/res/values-mcc302-mnc370-sw: Cannot change mode to rwxr-xr-x: Operation not permitted
build	Cache Android SDK	2026-06-06T12:22:47.7819548Z /usr/bin/tar: ../../../../../usr/local/lib/android/sdk/platforms/android-34-ext10/data/res/values-mcc302-mnc720-en-rAU: Cannot utime: Operation not permitted
build	Cache Android SDK	2026-06-06T12:22:47.7820059Z /usr/bin/tar: ../../../../../usr/local/lib/android/sdk/platforms/android-34-ext10/data/res/values-mcc302-mnc720-en-rAU: Cannot change mode to rwxr-xr-x: Operation not permitted
build	Cache Android SDK	2026-06-06T12:22:47.7825521Z /usr/bin/tar: ../../../../../usr/local/lib/android/sdk/platforms/android-34-ext10/data/res/values-pt: Cannot utime: Operation not permitted
build	Cache Android SDK	2026-06-06T12:22:47.7825982Z /usr/bin/tar: ../../../../../usr/local/lib/android/sdk/platforms/android-34-ext10/data/res/values-pt: Cannot change mode to rwxr-xr-x: Operation not permitted
build	Cache Android SDK	2026-06-06T12:22:47.7828256Z /usr/bin/tar: ../../../../../usr/local/lib/android/sdk/platforms/android-34-ext10/data/res/values-ur-watch: Cannot utime: Operation not permitted
build	Cache Android SDK	2026-06-06T12:22:47.7829108Z /usr/bin/tar: ../../../../../usr/local/lib/android/sdk/platforms/android-34-ext10/data/res/values-ur-watch: Cannot change mode to rwxr-xr-x: Operation not permitted
build	Cache Android SDK	2026-06-06T12:22:47.7831365Z /usr/bin/tar: ../../../../../usr/local/lib/android/sdk/platforms/android-34-ext10/data/res/values-mcc310-mnc310-lt: Cannot utime: Operation not permitted
build	Cache Android SDK	2026-06-06T12:22:47.7832132Z /usr/bin/tar: ../../../../../usr/local/lib/android/sdk/platforms/android-34-ext10/data/res/values-mcc310-mnc310-lt: Cannot change mode to rwxr-xr-x: Operation not permitted
build	Cache Android SDK	2026-06-06T12:22:47.7834464Z /usr/bin/tar: ../../../../../usr/local/lib/android/sdk/platforms/android-34-ext10/data/res/values-mcc310-mnc660-kk: Cannot utime: Operation not permitted
build	Cache Android SDK	2026-06-06T12:22:47.7834940Z /usr/bin/tar: ../../../../../usr/local/lib/android/sdk/platforms/android-34-ext10/data/res/values-mcc310-mnc660-kk: Cannot change mode to rwxr-xr-x: Operation not permitted
build	Cache Android SDK	2026-06-06T12:22:47.7837759Z /usr/bin/tar: ../../../../../usr/local/lib/android/sdk/platforms/android-34-ext10/data/res/values-cs-rCZ: Cannot utime: Operation not permitted
build	Cache Android SDK	2026-06-06T12:22:47.7838215Z /usr/bin/tar: ../../../../../usr/local/lib/android/sdk/platforms/android-34-ext10/data/res/values-cs-rCZ: Cannot change mode to rwxr-xr-x: Operation not permitted
build	Cache Android SDK	2026-06-06T12:22:47.7841496Z /usr/bin/tar: ../../../../../usr/local/lib/android/sdk/platforms/android-34-ext10/data/res/values-mcc450-mnc05: Cannot utime: Operation not permitted
build	Cache Android SDK	2026-06-06T12:22:47.7842058Z /usr/bin/tar: ../../../../../usr/local/lib/android/sdk/platforms/android-34-ext10/data/res/values-mcc450-mnc05: Cannot change mode to rwxr-xr-x: Operation not permitted
build	Cache Android SDK	2026-06-06T12:22:47.7845095Z /usr/bin/tar: ../../../../../usr/local/lib/android/sdk/platforms/android-34-ext10/data/res/values-mcc313-mnc100-vi: Cannot utime: Operation not permitted
build	Cache Android SDK	2026-06-06T12:22:47.7845572Z /usr/bin/tar: ../../../../../usr/local/lib/android/sdk/platforms/android-34-ext10/data/res/values-mcc313-mnc100-vi: Cannot change mode to rwxr-xr-x: Operation not permitted
build	Cache Android SDK	2026-06-06T12:22:47.7848467Z /usr/bin/tar: ../../../../../usr/local/lib/android/sdk/platforms/android-34-ext10/data/res/values-it-television: Cannot utime: Operation not permitted
build	Cache Android SDK	2026-06-06T12:22:47.7848945Z /usr/bin/tar: ../../../../../usr/local/lib/android/sdk/platforms/android-34-ext10/data/res/values-it-television: Cannot change mode to rwxr-xr-x: Operation not permitted
build	Cache Android SDK	2026-06-06T12:22:47.7852466Z /usr/bin/tar: ../../../../../usr/local/lib/android/sdk/platforms/android-34-ext10/data/res/values-mcc310-mnc950-as: Cannot utime: Operation not permitted
build	Cache Android SDK	2026-06-06T12:22:47.7853084Z /usr/bin/tar: ../../../../../usr/local/lib/android/sdk/platforms/android-34-ext10/data/res/values-mcc310-mnc950-as: Cannot change mode to rwxr-xr-x: Operation not permitted
build	Cache Android SDK	2026-06-06T12:22:47.7855671Z /usr/bin/tar: ../../../../../usr/local/lib/android/sdk/platforms/android-34-ext10/data/res/values-mcc302-mnc370-lt: Cannot utime: Operation not permitted
build	Cache Android SDK	2026-06-06T12:22:47.7856147Z /usr/bin/tar: ../../../../../usr/local/lib/android/sdk/platforms/android-34-ext10/data/res/values-mcc302-mnc370-lt: Cannot change mode to rwxr-xr-x: Operation not permitted
build	Cache Android SDK	2026-06-06T12:22:47.7859727Z /usr/bin/tar: ../../../../../usr/local/lib/android/sdk/platforms/android-34-ext10/data/res/values-mcc310-mnc230-ky: Cannot utime: Operation not permitted
build	Cache Android SDK	2026-06-06T12:22:47.7860207Z /usr/bin/tar: ../../../../../usr/local/lib/android/sdk/platforms/android-34-ext10/data/res/values-mcc310-mnc230-ky: Cannot change mode to rwxr-xr-x: Operation not permitted
build	Cache Android SDK	2026-06-06T12:22:47.7862785Z /usr/bin/tar: ../../../../../usr/local/lib/android/sdk/platforms/android-34-ext10/data/res/values-mcc310-mnc210-sw: Cannot utime: Operation not permitted
build	Cache Android SDK	2026-06-06T12:22:47.7863271Z /usr/bin/tar: ../../../../../usr/local/lib/android/sdk/platforms/android-34-ext10/data/res/values-mcc310-mnc210-sw: Cannot change mode to rwxr-xr-x: Operation not permitted
build	Cache Android SDK	2026-06-06T12:22:47.7865447Z /usr/bin/tar: ../../../../../usr/local/lib/android/sdk/platforms/android-34-ext10/data/res/values-mcc310-mnc490-hr: Cannot utime: Operation not permitted
build	Cache Android SDK	2026-06-06T12:22:47.7865980Z /usr/bin/tar: ../../../../../usr/local/lib/android/sdk/platforms/android-34-ext10/data/res/values-mcc310-mnc490-hr: Cannot change mode to rwxr-xr-x: Operation not permitted
build	Cache Android SDK	2026-06-06T12:22:47.7868962Z /usr/bin/tar: ../../../../../usr/local/lib/android/sdk/platforms/android-34-ext10/data/res/values-mcc310-mnc410-az: Cannot utime: Operation not permitted
build	Cache Android SDK	2026-06-06T12:22:47.7869464Z /usr/bin/tar: ../../../../../usr/local/lib/android/sdk/platforms/android-34-ext10/data/res/values-mcc310-mnc410-az: Cannot change mode to rwxr-xr-x: Operation not permitted
build	Cache Android SDK	2026-06-06T12:22:47.7872544Z /usr/bin/tar: ../../../../../usr/local/lib/android/sdk/platforms/android-34-ext10/data/res/values-mcc310-mnc380-kn: Cannot utime: Operation not permitted
build	Cache Android SDK	2026-06-06T12:22:47.7873040Z /usr/bin/tar: ../../../../../usr/local/lib/android/sdk/platforms/android-34-ext10/data/res/values-mcc310-mnc380-kn: Cannot change mode to rwxr-xr-x: Operation not permitted
build	Cache Android SDK	2026-06-06T12:22:47.7876345Z /usr/bin/tar: ../../../../../usr/local/lib/android/sdk/platforms/android-34-ext10/data/res/values-mcc310-mnc150-mn: Cannot utime: Operation not permitted
build	Cache Android SDK	2026-06-06T12:22:47.7877547Z /usr/bin/tar: ../../../../../usr/local/lib/android/sdk/platforms/android-34-ext10/data/res/values-mcc310-mnc150-mn: Cannot change mode to rwxr-xr-x: Operation not permitted
build	Cache Android SDK	2026-06-06T12:22:47.7879929Z /usr/bin/tar: ../../../../../usr/local/lib/android/sdk/platforms/android-34-ext10/data/res/values-mcc310-mnc150-mr: Cannot utime: Operation not permitted
build	Cache Android SDK	2026-06-06T12:22:47.7880611Z /usr/bin/tar: ../../../../../usr/local/lib/android/sdk/platforms/android-34-ext10/data/res/values-mcc310-mnc150-mr: Cannot change mode to rwxr-xr-x: Operation not permitted
build	Cache Android SDK	2026-06-06T12:22:47.7883274Z /usr/bin/tar: ../../../../../usr/local/lib/android/sdk/platforms/android-34-ext10/data/res/values-mcc310-mnc220-ca: Cannot utime: Operation not permitted
build	Cache Android SDK	2026-06-06T12:22:47.7883755Z /usr/bin/tar: ../../../../../usr/local/lib/android/sdk/platforms/android-34-ext10/data/res/values-mcc310-mnc220-ca: Cannot change mode to rwxr-xr-x: Operation not permitted
build	Cache Android SDK	2026-06-06T12:22:47.7886698Z /usr/bin/tar: ../../../../../usr/local/lib/android/sdk/platforms/android-34-ext10/data/res/values-mcc310-mnc490-hu: Cannot utime: Operation not permitted
build	Cache Android SDK	2026-06-06T12:22:47.7887169Z /usr/bin/tar: ../../../../../usr/local/lib/android/sdk/platforms/android-34-ext10/data/res/values-mcc310-mnc490-hu: Cannot change mode to rwxr-xr-x: Operation not permitted
build	Cache Android SDK	2026-06-06T12:22:47.7889964Z /usr/bin/tar: ../../../../../usr/local/lib/android/sdk/platforms/android-34-ext10/data/res/values-mcc310-mnc310-it: Cannot utime: Operation not permitted
build	Cache Android SDK	2026-06-06T12:22:47.7890634Z /usr/bin/tar: ../../../../../usr/local/lib/android/sdk/platforms/android-34-ext10/data/res/values-mcc310-mnc310-it: Cannot change mode to rwxr-xr-x: Operation not permitted
build	Cache Android SDK	2026-06-06T12:22:47.7893866Z /usr/bin/tar: ../../../../../usr/local/lib/android/sdk/platforms/android-34-ext10/data/res/values-mcc310-mnc220-zh-rCN: Cannot utime: Operation not permitted
build	Cache Android SDK	2026-06-06T12:22:47.7894788Z /usr/bin/tar: ../../../../../usr/local/lib/android/sdk/platforms/android-34-ext10/data/res/values-mcc310-mnc220-zh-rCN: Cannot change mode to rwxr-xr-x: Operation not permitted
build	Cache Android SDK	2026-06-06T12:22:47.7897866Z /usr/bin/tar: ../../../../../usr/local/lib/android/sdk/platforms/android-34-ext10/data/res/values-mcc311-mnc180-ro: Cannot utime: Operation not permitted
build	Cache Android SDK	2026-06-06T12:22:47.7898483Z /usr/bin/tar: ../../../../../usr/local/lib/android/sdk/platforms/android-34-ext10/data/res/values-mcc311-mnc180-ro: Cannot change mode to rwxr-xr-x: Operation not permitted
build	Cache Android SDK	2026-06-06T12:22:47.7901094Z /usr/bin/tar: ../../../../../usr/local/lib/android/sdk/platforms/android-34-ext10/data/res/values-es-rMX: Cannot utime: Operation not permitted
build	Cache Android SDK	2026-06-06T12:22:47.7901553Z /usr/bin/tar: ../../../../../usr/local/lib/android/sdk/platforms/android-34-ext10/data/res/values-es-rMX: Cannot change mode to rwxr-xr-x: Operation not permitted
build	Cache Android SDK	2026-06-06T12:22:47.7908267Z /usr/bin/tar: ../../../../../usr/local/lib/android/sdk/platforms/android-34-ext10/data/res/values-hy: Cannot utime: Operation not permitted
build	Cache Android SDK	2026-06-06T12:22:47.7908705Z /usr/bin/tar: ../../../../../usr/local/lib/android/sdk/platforms/android-34-ext10/data/res/values-hy: Cannot change mode to rwxr-xr-x: Operation not permitted
build	Cache Android SDK	2026-06-06T12:22:47.7913709Z /usr/bin/tar: ../../../../../usr/local/lib/android/sdk/platforms/android-34-ext10/data/res/values-mcc310-mnc950-en-rAU: Cannot utime: Operation not permitted
build	Cache Android SDK	2026-06-06T12:22:47.7914216Z /usr/bin/tar: ../../../../../usr/local/lib/android/sdk/platforms/android-34-ext10/data/res/values-mcc310-mnc950-en-rAU: Cannot change mode to rwxr-xr-x: Operation not permitted
build	Cache Android SDK	2026-06-06T12:22:47.7916677Z /usr/bin/tar: ../../../../../usr/local/lib/android/sdk/platforms/android-34-ext10/data/res/values-mcc302-mnc370-it: Cannot utime: Operation not permitted
build	Cache Android SDK	2026-06-06T12:22:47.7917144Z /usr/bin/tar: ../../../../../usr/local/lib/android/sdk/platforms/android-34-ext10/data/res/values-mcc302-mnc370-it: Cannot change mode to rwxr-xr-x: Operation not permitted
build	Cache Android SDK	2026-06-06T12:22:47.7921406Z /usr/bin/tar: ../../../../../usr/local/lib/android/sdk/platforms/android-34-ext10/data/res/values-sw720dp: Cannot utime: Operation not permitted
build	Cache Android SDK	2026-06-06T12:22:47.7921869Z /usr/bin/tar: ../../../../../usr/local/lib/android/sdk/platforms/android-34-ext10/data/res/values-sw720dp: Cannot change mode to rwxr-xr-x: Operation not permitted
build	Cache Android SDK	2026-06-06T12:22:47.7925160Z /usr/bin/tar: ../../../../../usr/local/lib/android/sdk/platforms/android-34-ext10/data/res/layout-notround-watch: Cannot utime: Operation not permitted
build	Cache Android SDK	2026-06-06T12:22:47.7925650Z /usr/bin/tar: ../../../../../usr/local/lib/android/sdk/platforms/android-34-ext10/data/res/layout-notround-watch: Cannot change mode to rwxr-xr-x: Operation not permitted
build	Cache Android SDK	2026-06-06T12:22:47.7928413Z /usr/bin/tar: ../../../../../usr/local/lib/android/sdk/platforms/android-34-ext10/data/res/values-mcc310-mnc220-af: Cannot utime: Operation not permitted
build	Cache Android SDK	2026-06-06T12:22:47.7929004Z /usr/bin/tar: ../../../../../usr/local/lib/android/sdk/platforms/android-34-ext10/data/res/values-mcc310-mnc220-af: Cannot change mode to rwxr-xr-x: Operation not permitted
build	Cache Android SDK	2026-06-06T12:22:47.7931719Z /usr/bin/tar: ../../../../../usr/local/lib/android/sdk/platforms/android-34-ext10/data/res/values-mcc310-mnc270-cs: Cannot utime: Operation not permitted
build	Cache Android SDK	2026-06-06T12:22:47.7932203Z /usr/bin/tar: ../../../../../usr/local/lib/android/sdk/platforms/android-34-ext10/data/res/values-mcc310-mnc270-cs: Cannot change mode to rwxr-xr-x: Operation not permitted
build	Cache Android SDK	2026-06-06T12:22:47.7935542Z /usr/bin/tar: ../../../../../usr/local/lib/android/sdk/platforms/android-34-ext10/data/res/values-mcc310-mnc490-kn: Cannot utime: Operation not permitted
build	Cache Android SDK	2026-06-06T12:22:47.7936017Z /usr/bin/tar: ../../../../../usr/local/lib/android/sdk/platforms/android-34-ext10/data/res/values-mcc310-mnc490-kn: Cannot change mode to rwxr-xr-x: Operation not permitted
build	Cache Android SDK	2026-06-06T12:22:47.7938398Z /usr/bin/tar: ../../../../../usr/local/lib/android/sdk/platforms/android-34-ext10/data/res/values-mcc310-mnc660-pl: Cannot utime: Operation not permitted
build	Cache Android SDK	2026-06-06T12:22:47.7938873Z /usr/bin/tar: ../../../../../usr/local/lib/android/sdk/platforms/android-34-ext10/data/res/values-mcc310-mnc660-pl: Cannot change mode to rwxr-xr-x: Operation not permitted
build	Cache Android SDK	2026-06-06T12:22:47.7942719Z /usr/bin/tar: ../../../../../usr/local/lib/android/sdk/platforms/android-34-ext10/data/res/values-mcc312-mnc670-te: Cannot utime: Operation not permitted
build	Cache Android SDK	2026-06-06T12:22:47.7943195Z /usr/bin/tar: ../../../../../usr/local/lib/android/sdk/platforms/android-34-ext10/data/res/values-mcc312-mnc670-te: Cannot change mode to rwxr-xr-x: Operation not permitted
build	Cache Android SDK	2026-06-06T12:22:47.7945793Z /usr/bin/tar: ../../../../../usr/local/lib/android/sdk/platforms/android-34-ext10/data/res/values-mcc310-mnc160-hr: Cannot utime: Operation not permitted
build	Cache Android SDK	2026-06-06T12:22:47.7946355Z /usr/bin/tar: ../../../../../usr/local/lib/android/sdk/platforms/android-34-ext10/data/res/values-mcc310-mnc160-hr: Cannot change mode to rwxr-xr-x: Operation not permitted
build	Cache Android SDK	2026-06-06T12:22:47.7949558Z /usr/bin/tar: ../../../../../usr/local/lib/android/sdk/platforms/android-34-ext10/data/res/values-mcc310-mnc800-af: Cannot utime: Operation not permitted
build	Cache Android SDK	2026-06-06T12:22:47.7950028Z /usr/bin/tar: ../../../../../usr/local/lib/android/sdk/platforms/android-34-ext10/data/res/values-mcc310-mnc800-af: Cannot change mode to rwxr-xr-x: Operation not permitted
build	Cache Android SDK	2026-06-06T12:22:47.7953022Z /usr/bin/tar: ../../../../../usr/local/lib/android/sdk/platforms/android-34-ext10/data/res/values-mcc310-mnc310-nl: Cannot utime: Operation not permitted
build	Cache Android SDK	2026-06-06T12:22:47.7953510Z /usr/bin/tar: ../../../../../usr/local/lib/android/sdk/platforms/android-34-ext10/data/res/values-mcc310-mnc310-nl: Cannot change mode to rwxr-xr-x: Operation not permitted
build	Cache Android SDK	2026-06-06T12:22:47.7956240Z /usr/bin/tar: ../../../../../usr/local/lib/android/sdk/platforms/android-34-ext10/data/res/values-sv-rSE: Cannot utime: Operation not permitted
build	Cache Android SDK	2026-06-06T12:22:47.7956727Z /usr/bin/tar: ../../../../../usr/local/lib/android/sdk/platforms/android-34-ext10/data/res/values-sv-rSE: Cannot change mode to rwxr-xr-x: Operation not permitted
build	Cache Android SDK	2026-06-06T12:22:47.7959565Z /usr/bin/tar: ../../../../../usr/local/lib/android/sdk/platforms/android-34-ext10/data/res/values-mcc310-mnc170-hu: Cannot utime: Operation not permitted
build	Cache Android SDK	2026-06-06T12:22:47.7960073Z /usr/bin/tar: ../../../../../usr/local/lib/android/sdk/platforms/android-34-ext10/data/res/values-mcc310-mnc170-hu: Cannot change mode to rwxr-xr-x: Operation not permitted
build	Cache Android SDK	2026-06-06T12:22:47.7962935Z /usr/bin/tar: ../../../../../usr/local/lib/android/sdk/platforms/android-34-ext10/data/res/values-mcc302-mnc720-tl: Cannot utime: Operation not permitted
build	Cache Android SDK	2026-06-06T12:22:47.7963459Z /usr/bin/tar: ../../../../../usr/local/lib/android/sdk/platforms/android-34-ext10/data/res/values-mcc302-mnc720-tl: Cannot change mode to rwxr-xr-x: Operation not permitted
build	Cache Android SDK	2026-06-06T12:22:47.7966576Z /usr/bin/tar: ../../../../../usr/local/lib/android/sdk/platforms/android-34-ext10/data/res/values-mcc001-mnc01-nb: Cannot utime: Operation not permitted
build	Cache Android SDK	2026-06-06T12:22:47.7967055Z /usr/bin/tar: ../../../../../usr/local/lib/android/sdk/platforms/android-34-ext10/data/res/values-mcc001-mnc01-nb: Cannot change mode to rwxr-xr-x: Operation not permitted
build	Cache Android SDK	2026-06-06T12:22:47.7969695Z /usr/bin/tar: ../../../../../usr/local/lib/android/sdk/platforms/android-34-ext10/data/res/values-mcc310-mnc150-tr: Cannot utime: Operation not permitted
build	Cache Android SDK	2026-06-06T12:22:47.7970281Z /usr/bin/tar: ../../../../../usr/local/lib/android/sdk/platforms/android-34-ext10/data/res/values-mcc310-mnc150-tr: Cannot change mode to rwxr-xr-x: Operation not permitted
build	Cache Android SDK	2026-06-06T12:22:47.7972929Z /usr/bin/tar: ../../../../../usr/local/lib/android/sdk/platforms/android-34-ext10/data/res/values-mcc310-mnc160-da: Cannot utime: Operation not permitted
build	Cache Android SDK	2026-06-06T12:22:47.7973435Z /usr/bin/tar: ../../../../../usr/local/lib/android/sdk/platforms/android-34-ext10/data/res/values-mcc310-mnc160-da: Cannot change mode to rwxr-xr-x: Operation not permitted
build	Cache Android SDK	2026-06-06T12:22:47.7976021Z /usr/bin/tar: ../../../../../usr/local/lib/android/sdk/platforms/android-34-ext10/data/res/values-mcc310-mnc240-lo: Cannot utime: Operation not permitted
build	Cache Android SDK	2026-06-06T12:22:47.7976550Z /usr/bin/tar: ../../../../../usr/local/lib/android/sdk/platforms/android-34-ext10/data/res/values-mcc310-mnc240-lo: Cannot change mode to rwxr-xr-x: Operation not permitted
build	Cache Android SDK	2026-06-06T12:22:47.7979119Z /usr/bin/tar: ../../../../../usr/local/lib/android/sdk/platforms/android-34-ext10/data/res/values-mcc310-mnc250-eu: Cannot utime: Operation not permitted
build	Cache Android SDK	2026-06-06T12:22:47.7979673Z /usr/bin/tar: ../../../../../usr/local/lib/android/sdk/platforms/android-34-ext10/data/res/values-mcc310-mnc250-eu: Cannot change mode to rwxr-xr-x: Operation not permitted
build	Cache Android SDK	2026-06-06T12:22:47.7981971Z /usr/bin/tar: ../../../../../usr/local/lib/android/sdk/platforms/android-34-ext10/data/res/raw-hu: Cannot utime: Operation not permitted
build	Cache Android SDK	2026-06-06T12:22:47.7982458Z /usr/bin/tar: ../../../../../usr/local/lib/android/sdk/platforms/android-34-ext10/data/res/raw-hu: Cannot change mode to rwxr-xr-x: Operation not permitted
build	Cache Android SDK	2026-06-06T12:22:47.7985865Z /usr/bin/tar: ../../../../../usr/local/lib/android/sdk/platforms/android-34-ext10/data/res/values-mcc302-mnc370-nb: Cannot utime: Operation not permitted
build	Cache Android SDK	2026-06-06T12:22:47.7986404Z /usr/bin/tar: ../../../../../usr/local/lib/android/sdk/platforms/android-34-ext10/data/res/values-mcc302-mnc370-nb: Cannot change mode to rwxr-xr-x: Operation not permitted
build	Cache Android SDK	2026-06-06T12:22:47.7989028Z /usr/bin/tar: ../../../../../usr/local/lib/android/sdk/platforms/android-34-ext10/data/res/values-pt-rBR-watch: Cannot utime: Operation not permitted
build	Cache Android SDK	2026-06-06T12:22:47.7989610Z /usr/bin/tar: ../../../../../usr/local/lib/android/sdk/platforms/android-34-ext10/data/res/values-pt-rBR-watch: Cannot change mode to rwxr-xr-x: Operation not permitted
build	Cache Android SDK	2026-06-06T12:22:47.7992309Z /usr/bin/tar: ../../../../../usr/local/lib/android/sdk/platforms/android-34-ext10/data/res/values-mcc310-mnc150-pt-rBR: Cannot utime: Operation not permitted
build	Cache Android SDK	2026-06-06T12:22:47.7992806Z /usr/bin/tar: ../../../../../usr/local/lib/android/sdk/platforms/android-34-ext10/data/res/values-mcc310-mnc150-pt-rBR: Cannot change mode to rwxr-xr-x: Operation not permitted
build	Cache Android SDK	2026-06-06T12:22:47.7995068Z /usr/bin/tar: ../../../../../usr/local/lib/android/sdk/platforms/android-34-ext10/data/res/values-mcc310-mnc660-b+sr+Latn: Cannot utime: Operation not permitted
build	Cache Android SDK	2026-06-06T12:22:47.7995696Z /usr/bin/tar: ../../../../../usr/local/lib/android/sdk/platforms/android-34-ext10/data/res/values-mcc310-mnc660-b+sr+Latn: Cannot change mode to rwxr-xr-x: Operation not permitted
build	Cache Android SDK	2026-06-06T12:22:47.8015326Z /usr/bin/tar: ../../../../../usr/local/lib/android/sdk/platforms/android-34-ext10/data/res/interpolator: Cannot utime: Operation not permitted
build	Cache Android SDK	2026-06-06T12:22:47.8015828Z /usr/bin/tar: ../../../../../usr/local/lib/android/sdk/platforms/android-34-ext10/data/res/interpolator: Cannot change mode to rwxr-xr-x: Operation not permitted
build	Cache Android SDK	2026-06-06T12:22:47.8018158Z /usr/bin/tar: ../../../../../usr/local/lib/android/sdk/platforms/android-34-ext10/data/res/values-mcc310-mnc030-ar: Cannot utime: Operation not permitted
build	Cache Android SDK	2026-06-06T12:22:47.8018639Z /usr/bin/tar: ../../../../../usr/local/lib/android/sdk/platforms/android-34-ext10/data/res/values-mcc310-mnc030-ar: Cannot change mode to rwxr-xr-x: Operation not permitted
build	Cache Android SDK	2026-06-06T12:22:47.8021328Z /usr/bin/tar: ../../../../../usr/local/lib/android/sdk/platforms/android-34-ext10/data/res/values-es-rUS-watch: Cannot utime: Operation not permitted
build	Cache Android SDK	2026-06-06T12:22:47.8021991Z /usr/bin/tar: ../../../../../usr/local/lib/android/sdk/platforms/android-34-ext10/data/res/values-es-rUS-watch: Cannot change mode to rwxr-xr-x: Operation not permitted
build	Cache Android SDK	2026-06-06T12:22:47.8024128Z /usr/bin/tar: ../../../../../usr/local/lib/android/sdk/platforms/android-34-ext10/data/res/values-gl-television: Cannot utime: Operation not permitted
build	Cache Android SDK	2026-06-06T12:22:47.8024600Z /usr/bin/tar: ../../../../../usr/local/lib/android/sdk/platforms/android-34-ext10/data/res/values-gl-television: Cannot change mode to rwxr-xr-x: Operation not permitted
build	Cache Android SDK	2026-06-06T12:22:47.8027006Z /usr/bin/tar: ../../../../../usr/local/lib/android/sdk/platforms/android-34-ext10/data/res/values-w227dp: Cannot utime: Operation not permitted
build	Cache Android SDK	2026-06-06T12:22:47.8027733Z /usr/bin/tar: ../../../../../usr/local/lib/android/sdk/platforms/android-34-ext10/data/res/values-w227dp: Cannot change mode to rwxr-xr-x: Operation not permitted
build	Cache Android SDK	2026-06-06T12:22:47.8030210Z /usr/bin/tar: ../../../../../usr/local/lib/android/sdk/platforms/android-34-ext10/data/res/values-mcc310-mnc160-in: Cannot utime: Operation not permitted
build	Cache Android SDK	2026-06-06T12:22:47.8030673Z /usr/bin/tar: ../../../../../usr/local/lib/android/sdk/platforms/android-34-ext10/data/res/values-mcc310-mnc160-in: Cannot change mode to rwxr-xr-x: Operation not permitted
build	Cache Android SDK	2026-06-06T12:22:47.8032879Z /usr/bin/tar: ../../../../../usr/local/lib/android/sdk/platforms/android-34-ext10/data/res/values-mcc310-mnc280-lt: Cannot utime: Operation not permitted
build	Cache Android SDK	2026-06-06T12:22:47.8033353Z /usr/bin/tar: ../../../../../usr/local/lib/android/sdk/platforms/android-34-ext10/data/res/values-mcc310-mnc280-lt: Cannot change mode to rwxr-xr-x: Operation not permitted
build	Cache Android SDK	2026-06-06T12:22:47.8035757Z /usr/bin/tar: ../../../../../usr/local/lib/android/sdk/platforms/android-34-ext10/data/res/values-mcc310-mnc230-fr-rCA: Cannot utime: Operation not permitted
build	Cache Android SDK	2026-06-06T12:22:47.8036258Z /usr/bin/tar: ../../../../../usr/local/lib/android/sdk/platforms/android-34-ext10/data/res/values-mcc310-mnc230-fr-rCA: Cannot change mode to rwxr-xr-x: Operation not permitted
build	Cache Android SDK	2026-06-06T12:22:47.8039079Z /usr/bin/tar: ../../../../../usr/local/lib/android/sdk/platforms/android-34-ext10/data/res/values-mcc310-mnc170-ar: Cannot utime: Operation not permitted
build	Cache Android SDK	2026-06-06T12:22:47.8039546Z /usr/bin/tar: ../../../../../usr/local/lib/android/sdk/platforms/android-34-ext10/data/res/values-mcc310-mnc170-ar: Cannot change mode to rwxr-xr-x: Operation not permitted
build	Cache Android SDK	2026-06-06T12:22:47.8046364Z /usr/bin/tar: ../../../../../usr/local/lib/android/sdk/platforms/android-34-ext10/data/res/values-sl: Cannot utime: Operation not permitted
build	Cache Android SDK	2026-06-06T12:22:47.8046824Z /usr/bin/tar: ../../../../../usr/local/lib/android/sdk/platforms/android-34-ext10/data/res/values-sl: Cannot change mode to rwxr-xr-x: Operation not permitted
build	Cache Android SDK	2026-06-06T12:22:47.8050884Z /usr/bin/tar: ../../../../../usr/local/lib/android/sdk/platforms/android-34-ext10/data/res/values-mcc310-mnc030-da: Cannot utime: Operation not permitted
build	Cache Android SDK	2026-06-06T12:22:47.8051591Z /usr/bin/tar: ../../../../../usr/local/lib/android/sdk/platforms/android-34-ext10/data/res/values-mcc310-mnc030-da: Cannot change mode to rwxr-xr-x: Operation not permitted
build	Cache Android SDK	2026-06-06T12:22:47.8054063Z /usr/bin/tar: ../../../../../usr/local/lib/android/sdk/platforms/android-34-ext10/data/res/values-mcc510-mnc08: Cannot utime: Operation not permitted
build	Cache Android SDK	2026-06-06T12:22:47.8054543Z /usr/bin/tar: ../../../../../usr/local/lib/android/sdk/platforms/android-34-ext10/data/res/values-mcc510-mnc08: Cannot change mode to rwxr-xr-x: Operation not permitted
build	Cache Android SDK	2026-06-06T12:22:47.8056893Z /usr/bin/tar: ../../../../../usr/local/lib/android/sdk/platforms/android-34-ext10/data/res/values-fa-rIR: Cannot utime: Operation not permitted
build	Cache Android SDK	2026-06-06T12:22:47.8057499Z /usr/bin/tar: ../../../../../usr/local/lib/android/sdk/platforms/android-34-ext10/data/res/values-fa-rIR: Cannot change mode to rwxr-xr-x: Operation not permitted
build	Cache Android SDK	2026-06-06T12:22:47.8060131Z /usr/bin/tar: ../../../../../usr/local/lib/android/sdk/platforms/android-34-ext10/data/res/values-en-rZA: Cannot utime: Operation not permitted
build	Cache Android SDK	2026-06-06T12:22:47.8060671Z /usr/bin/tar: ../../../../../usr/local/lib/android/sdk/platforms/android-34-ext10/data/res/values-en-rZA: Cannot change mode to rwxr-xr-x: Operation not permitted
build	Cache Android SDK	2026-06-06T12:22:47.8063024Z /usr/bin/tar: ../../../../../usr/local/lib/android/sdk/platforms/android-34-ext10/data/res/values-mcc310-mnc310-en-rGB: Cannot utime: Operation not permitted
build	Cache Android SDK	2026-06-06T12:22:47.8063538Z /usr/bin/tar: ../../../../../usr/local/lib/android/sdk/platforms/android-34-ext10/data/res/values-mcc310-mnc310-en-rGB: Cannot change mode to rwxr-xr-x: Operation not permitted
build	Cache Android SDK	2026-06-06T12:22:47.8065794Z /usr/bin/tar: ../../../../../usr/local/lib/android/sdk/platforms/android-34-ext10/data/res/values-mcc310-mnc270-tr: Cannot utime: Operation not permitted
build	Cache Android SDK	2026-06-06T12:22:47.8066388Z /usr/bin/tar: ../../../../../usr/local/lib/android/sdk/platforms/android-34-ext10/data/res/values-mcc310-mnc270-tr: Cannot change mode to rwxr-xr-x: Operation not permitted
build	Cache Android SDK	2026-06-06T12:22:47.8069254Z /usr/bin/tar: ../../../../../usr/local/lib/android/sdk/platforms/android-34-ext10/data/res/values-mcc312-mnc670-vi: Cannot utime: Operation not permitted
build	Cache Android SDK	2026-06-06T12:22:47.8069728Z /usr/bin/tar: ../../../../../usr/local/lib/android/sdk/platforms/android-34-ext10/data/res/values-mcc312-mnc670-vi: Cannot change mode to rwxr-xr-x: Operation not permitted
build	Cache Android SDK	2026-06-06T12:22:47.8072170Z /usr/bin/tar: ../../../../../usr/local/lib/android/sdk/platforms/android-34-ext10/data/res/values-mcc310-mnc200-tl: Cannot utime: Operation not permitted
build	Cache Android SDK	2026-06-06T12:22:47.8072887Z /usr/bin/tar: ../../../../../usr/local/lib/android/sdk/platforms/android-34-ext10/data/res/values-mcc310-mnc200-tl: Cannot change mode to rwxr-xr-x: Operation not permitted
build	Cache Android SDK	2026-06-06T12:22:47.8075677Z /usr/bin/tar: ../../../../../usr/local/lib/android/sdk/platforms/android-34-ext10/data/res/values-mcc311-mnc180-az: Cannot utime: Operation not permitted
build	Cache Android SDK	2026-06-06T12:22:47.8076159Z /usr/bin/tar: ../../../../../usr/local/lib/android/sdk/platforms/android-34-ext10/data/res/values-mcc311-mnc180-az: Cannot change mode to rwxr-xr-x: Operation not permitted
build	Cache Android SDK	2026-06-06T12:22:47.8079091Z /usr/bin/tar: ../../../../../usr/local/lib/android/sdk/platforms/android-34-ext10/data/res/values-mcc310-mnc800-ky: Cannot utime: Operation not permitted
build	Cache Android SDK	2026-06-06T12:22:47.8079562Z /usr/bin/tar: ../../../../../usr/local/lib/android/sdk/platforms/android-34-ext10/data/res/values-mcc310-mnc800-ky: Cannot change mode to rwxr-xr-x: Operation not permitted
build	Cache Android SDK	2026-06-06T12:22:47.8082200Z /usr/bin/tar: ../../../../../usr/local/lib/android/sdk/platforms/android-34-ext10/data/res/values-mcc310-mnc170-da: Cannot utime: Operation not permitted
build	Cache Android SDK	2026-06-06T12:22:47.8082669Z /usr/bin/tar: ../../../../../usr/local/lib/android/sdk/platforms/android-34-ext10/data/res/values-mcc310-mnc170-da: Cannot change mode to rwxr-xr-x: Operation not permitted
build	Cache Android SDK	2026-06-06T12:22:47.8085212Z /usr/bin/tar: ../../../../../usr/local/lib/android/sdk/platforms/android-34-ext10/data/res/values-mcc310-mnc280-hu: Cannot utime: Operation not permitted
build	Cache Android SDK	2026-06-06T12:22:47.8085687Z /usr/bin/tar: ../../../../../usr/local/lib/android/sdk/platforms/android-34-ext10/data/res/values-mcc310-mnc280-hu: Cannot change mode to rwxr-xr-x: Operation not permitted
build	Cache Android SDK	2026-06-06T12:22:47.8088757Z /usr/bin/tar: ../../../../../usr/local/lib/android/sdk/platforms/android-34-ext10/data/res/values-es-rHN: Cannot utime: Operation not permitted
build	Cache Android SDK	2026-06-06T12:22:47.8089204Z /usr/bin/tar: ../../../../../usr/local/lib/android/sdk/platforms/android-34-ext10/data/res/values-es-rHN: Cannot change mode to rwxr-xr-x: Operation not permitted
build	Cache Android SDK	2026-06-06T12:22:47.8092103Z /usr/bin/tar: ../../../../../usr/local/lib/android/sdk/platforms/android-34-ext10/data/res/values-mcc310-mnc200-en-rIN: Cannot utime: Operation not permitted
build	Cache Android SDK	2026-06-06T12:22:47.8092605Z /usr/bin/tar: ../../../../../usr/local/lib/android/sdk/platforms/android-34-ext10/data/res/values-mcc310-mnc200-en-rIN: Cannot change mode to rwxr-xr-x: Operation not permitted
build	Cache Android SDK	2026-06-06T12:22:47.8094941Z /usr/bin/tar: ../../../../../usr/local/lib/android/sdk/platforms/android-34-ext10/data/res/values-mcc310-mnc280-ko: Cannot utime: Operation not permitted
build	Cache Android SDK	2026-06-06T12:22:47.8095426Z /usr/bin/tar: ../../../../../usr/local/lib/android/sdk/platforms/android-34-ext10/data/res/values-mcc310-mnc280-ko: Cannot change mode to rwxr-xr-x: Operation not permitted
build	Cache Android SDK	2026-06-06T12:22:47.8099186Z /usr/bin/tar: ../../../../../usr/local/lib/android/sdk/platforms/android-34-ext10/data/res/values-mcc310-mnc490-en-rIN: Cannot utime: Operation not permitted
build	Cache Android SDK	2026-06-06T12:22:47.8099686Z /usr/bin/tar: ../../../../../usr/local/lib/android/sdk/platforms/android-34-ext10/data/res/values-mcc310-mnc490-en-rIN: Cannot change mode to rwxr-xr-x: Operation not permitted
build	Cache Android SDK	2026-06-06T12:22:47.8102257Z /usr/bin/tar: ../../../../../usr/local/lib/android/sdk/platforms/android-34-ext10/data/res/values-mcc310-mnc160-hy: Cannot utime: Operation not permitted
build	Cache Android SDK	2026-06-06T12:22:47.8102731Z /usr/bin/tar: ../../../../../usr/local/lib/android/sdk/platforms/android-34-ext10/data/res/values-mcc310-mnc160-hy: Cannot change mode to rwxr-xr-x: Operation not permitted
build	Cache Android SDK	2026-06-06T12:22:47.8105404Z /usr/bin/tar: ../../../../../usr/local/lib/android/sdk/platforms/android-34-ext10/data/res/values-mcc310-mnc200-af: Cannot utime: Operation not permitted
build	Cache Android SDK	2026-06-06T12:22:47.8105872Z /usr/bin/tar: ../../../../../usr/local/lib/android/sdk/platforms/android-34-ext10/data/res/values-mcc310-mnc200-af: Cannot change mode to rwxr-xr-x: Operation not permitted
build	Cache Android SDK	2026-06-06T12:22:47.8108417Z /usr/bin/tar: ../../../../../usr/local/lib/android/sdk/platforms/android-34-ext10/data/res/values-mcc313-mnc100-ms: Cannot utime: Operation not permitted
build	Cache Android SDK	2026-06-06T12:22:47.8108885Z /usr/bin/tar: ../../../../../usr/local/lib/android/sdk/platforms/android-34-ext10/data/res/values-mcc313-mnc100-ms: Cannot change mode to rwxr-xr-x: Operation not permitted
build	Cache Android SDK	2026-06-06T12:22:47.8111718Z /usr/bin/tar: ../../../../../usr/local/lib/android/sdk/platforms/android-34-ext10/data/res/values-mcc302-mnc370-pl: Cannot utime: Operation not permitted
build	Cache Android SDK	2026-06-06T12:22:47.8112187Z /usr/bin/tar: ../../../../../usr/local/lib/android/sdk/platforms/android-34-ext10/data/res/values-mcc302-mnc370-pl: Cannot change mode to rwxr-xr-x: Operation not permitted
build	Cache Android SDK	2026-06-06T12:22:47.8115431Z /usr/bin/tar: ../../../../../usr/local/lib/android/sdk/platforms/android-34-ext10/data/res/values-mcc310-mnc150-bn: Cannot utime: Operation not permitted
build	Cache Android SDK	2026-06-06T12:22:47.8115906Z /usr/bin/tar: ../../../../../usr/local/lib/android/sdk/platforms/android-34-ext10/data/res/values-mcc310-mnc150-bn: Cannot change mode to rwxr-xr-x: Operation not permitted
build	Cache Android SDK	2026-06-06T12:22:47.8119158Z /usr/bin/tar: ../../../../../usr/local/lib/android/sdk/platforms/android-34-ext10/data/res/values-mcc312-mnc670-iw: Cannot utime: Operation not permitted
build	Cache Android SDK	2026-06-06T12:22:47.8119709Z /usr/bin/tar: ../../../../../usr/local/lib/android/sdk/platforms/android-34-ext10/data/res/values-mcc312-mnc670-iw: Cannot change mode to rwxr-xr-x: Operation not permitted
build	Cache Android SDK	2026-06-06T12:22:47.8122539Z /usr/bin/tar: ../../../../../usr/local/lib/android/sdk/platforms/android-34-ext10/data/res/values-mcc310-mnc310-sw: Cannot utime: Operation not permitted
build	Cache Android SDK	2026-06-06T12:22:47.8122997Z /usr/bin/tar: ../../../../../usr/local/lib/android/sdk/platforms/android-34-ext10/data/res/values-mcc310-mnc310-sw: Cannot change mode to rwxr-xr-x: Operation not permitted
build	Cache Android SDK	2026-06-06T12:22:47.8125879Z /usr/bin/tar: ../../../../../usr/local/lib/android/sdk/platforms/android-34-ext10/data/res/values-mcc312-mnc670-zu: Cannot utime: Operation not permitted
build	Cache Android SDK	2026-06-06T12:22:47.8126346Z /usr/bin/tar: ../../../../../usr/local/lib/android/sdk/platforms/android-34-ext10/data/res/values-mcc312-mnc670-zu: Cannot change mode to rwxr-xr-x: Operation not permitted
build	Cache Android SDK	2026-06-06T12:22:47.8129789Z /usr/bin/tar: ../../../../../usr/local/lib/android/sdk/platforms/android-34-ext10/data/res/values-mcc310-mnc230-uz: Cannot utime: Operation not permitted
build	Cache Android SDK	2026-06-06T12:22:47.8130394Z /usr/bin/tar: ../../../../../usr/local/lib/android/sdk/platforms/android-34-ext10/data/res/values-mcc310-mnc230-uz: Cannot change mode to rwxr-xr-x: Operation not permitted
build	Cache Android SDK	2026-06-06T12:22:47.8133604Z /usr/bin/tar: ../../../../../usr/local/lib/android/sdk/platforms/android-34-ext10/data/res/values-mcc310-mnc410-b+sr+Latn: Cannot utime: Operation not permitted
build	Cache Android SDK	2026-06-06T12:22:47.8134197Z /usr/bin/tar: ../../../../../usr/local/lib/android/sdk/platforms/android-34-ext10/data/res/values-mcc310-mnc410-b+sr+Latn: Cannot change mode to rwxr-xr-x: Operation not permitted
build	Cache Android SDK	2026-06-06T12:22:47.8136441Z /usr/bin/tar: ../../../../../usr/local/lib/android/sdk/platforms/android-34-ext10/data/res/values-mcc312-mnc670-gu: Cannot utime: Operation not permitted
build	Cache Android SDK	2026-06-06T12:22:47.8136940Z /usr/bin/tar: ../../../../../usr/local/lib/android/sdk/platforms/android-34-ext10/data/res/values-mcc312-mnc670-gu: Cannot change mode to rwxr-xr-x: Operation not permitted
build	Cache Android SDK	2026-06-06T12:22:47.8140176Z /usr/bin/tar: ../../../../../usr/local/lib/android/sdk/platforms/android-34-ext10/data/res/values-mcc310-mnc410-gl: Cannot utime: Operation not permitted
build	Cache Android SDK	2026-06-06T12:22:47.8140676Z /usr/bin/tar: ../../../../../usr/local/lib/android/sdk/platforms/android-34-ext10/data/res/values-mcc310-mnc410-gl: Cannot change mode to rwxr-xr-x: Operation not permitted
build	Cache Android SDK	2026-06-06T12:22:47.8143599Z /usr/bin/tar: ../../../../../usr/local/lib/android/sdk/platforms/android-34-ext10/data/res/values-mk-television: Cannot utime: Operation not permitted
build	Cache Android SDK	2026-06-06T12:22:47.8144086Z /usr/bin/tar: ../../../../../usr/local/lib/android/sdk/platforms/android-34-ext10/data/res/values-mk-television: Cannot change mode to rwxr-xr-x: Operation not permitted
build	Cache Android SDK	2026-06-06T12:22:47.8146990Z /usr/bin/tar: ../../../../../usr/local/lib/android/sdk/platforms/android-34-ext10/data/res/values-mcc310-mnc030-ca: Cannot utime: Operation not permitted
build	Cache Android SDK	2026-06-06T12:22:47.8147995Z /usr/bin/tar: ../../../../../usr/local/lib/android/sdk/platforms/android-34-ext10/data/res/values-mcc310-mnc030-ca: Cannot change mode to rwxr-xr-x: Operation not permitted
build	Cache Android SDK	2026-06-06T12:22:47.8153761Z /usr/bin/tar: ../../../../../usr/local/lib/android/sdk/platforms/android-34-ext10/data/res/values-vi: Cannot utime: Operation not permitted
build	Cache Android SDK	2026-06-06T12:22:47.8154667Z /usr/bin/tar: ../../../../../usr/local/lib/android/sdk/platforms/android-34-ext10/data/res/values-vi: Cannot change mode to rwxr-xr-x: Operation not permitted
build	Cache Android SDK	2026-06-06T12:22:47.8158033Z /usr/bin/tar: ../../../../../usr/local/lib/android/sdk/platforms/android-34-ext10/data/res/values-mcc310-mnc280-cs: Cannot utime: Operation not permitted
build	Cache Android SDK	2026-06-06T12:22:47.8158574Z /usr/bin/tar: ../../../../../usr/local/lib/android/sdk/platforms/android-34-ext10/data/res/values-mcc310-mnc280-cs: Cannot change mode to rwxr-xr-x: Operation not permitted
build	Cache Android SDK	2026-06-06T12:22:47.8160765Z /usr/bin/tar: ../../../../../usr/local/lib/android/sdk/platforms/android-34-ext10/data/res/values-mcc310-mnc310-da: Cannot utime: Operation not permitted
build	Cache Android SDK	2026-06-06T12:22:47.8161351Z /usr/bin/tar: ../../../../../usr/local/lib/android/sdk/platforms/android-34-ext10/data/res/values-mcc310-mnc310-da: Cannot change mode to rwxr-xr-x: Operation not permitted
build	Cache Android SDK	2026-06-06T12:22:47.8163860Z /usr/bin/tar: ../../../../../usr/local/lib/android/sdk/platforms/android-34-ext10/data/res/values-mcc450-mnc08: Cannot utime: Operation not permitted
build	Cache Android SDK	2026-06-06T12:22:47.8164331Z /usr/bin/tar: ../../../../../usr/local/lib/android/sdk/platforms/android-34-ext10/data/res/values-mcc450-mnc08: Cannot change mode to rwxr-xr-x: Operation not permitted
build	Cache Android SDK	2026-06-06T12:22:47.8167686Z /usr/bin/tar: ../../../../../usr/local/lib/android/sdk/platforms/android-34-ext10/data/res/values-mcc302-mnc370-es: Cannot utime: Operation not permitted
build	Cache Android SDK	2026-06-06T12:22:47.8168176Z /usr/bin/tar: ../../../../../usr/local/lib/android/sdk/platforms/android-34-ext10/data/res/values-mcc302-mnc370-es: Cannot change mode to rwxr-xr-x: Operation not permitted
build	Cache Android SDK	2026-06-06T12:22:47.8170584Z /usr/bin/tar: ../../../../../usr/local/lib/android/sdk/platforms/android-34-ext10/data/res/values-mcc310-mnc490-nb: Cannot utime: Operation not permitted
build	Cache Android SDK	2026-06-06T12:22:47.8171148Z /usr/bin/tar: ../../../../../usr/local/lib/android/sdk/platforms/android-34-ext10/data/res/values-mcc310-mnc490-nb: Cannot change mode to rwxr-xr-x: Operation not permitted
build	Cache Android SDK	2026-06-06T12:22:47.8173821Z /usr/bin/tar: ../../../../../usr/local/lib/android/sdk/platforms/android-34-ext10/data/res/values-mcc310-mnc170-hy: Cannot utime: Operation not permitted
build	Cache Android SDK	2026-06-06T12:22:47.8174303Z /usr/bin/tar: ../../../../../usr/local/lib/android/sdk/platforms/android-34-ext10/data/res/values-mcc310-mnc170-hy: Cannot change mode to rwxr-xr-x: Operation not permitted
build	Cache Android SDK	2026-06-06T12:22:47.8176820Z /usr/bin/tar: ../../../../../usr/local/lib/android/sdk/platforms/android-34-ext10/data/res/values-mcc310-mnc230-km: Cannot utime: Operation not permitted
build	Cache Android SDK	2026-06-06T12:22:47.8177615Z /usr/bin/tar: ../../../../../usr/local/lib/android/sdk/platforms/android-34-ext10/data/res/values-mcc310-mnc230-km: Cannot change mode to rwxr-xr-x: Operation not permitted
build	Cache Android SDK	2026-06-06T12:22:47.8180270Z /usr/bin/tar: ../../../../../usr/local/lib/android/sdk/platforms/android-34-ext10/data/res/values-mcc310-mnc490-km: Cannot utime: Operation not permitted
build	Cache Android SDK	2026-06-06T12:22:47.8180939Z /usr/bin/tar: ../../../../../usr/local/lib/android/sdk/platforms/android-34-ext10/data/res/values-mcc310-mnc490-km: Cannot change mode to rwxr-xr-x: Operation not permitted
build	Cache Android SDK	2026-06-06T12:22:47.8184685Z /usr/bin/tar: ../../../../../usr/local/lib/android/sdk/platforms/android-34-ext10/data/res/values-mcc310-mnc280-sl: Cannot utime: Operation not permitted
build	Cache Android SDK	2026-06-06T12:22:47.8185155Z /usr/bin/tar: ../../../../../usr/local/lib/android/sdk/platforms/android-34-ext10/data/res/values-mcc310-mnc280-sl: Cannot change mode to rwxr-xr-x: Operation not permitted
build	Cache Android SDK	2026-06-06T12:22:47.8187827Z /usr/bin/tar: ../../../../../usr/local/lib/android/sdk/platforms/android-34-ext10/data/res/values-en-rGB-watch: Cannot utime: Operation not permitted
build	Cache Android SDK	2026-06-06T12:22:47.8188325Z /usr/bin/tar: ../../../../../usr/local/lib/android/sdk/platforms/android-34-ext10/data/res/values-en-rGB-watch: Cannot change mode to rwxr-xr-x: Operation not permitted
build	Cache Android SDK	2026-06-06T12:22:47.8190383Z /usr/bin/tar: ../../../../../usr/local/lib/android/sdk/platforms/android-34-ext10/data/res/values-mcc302-mnc720-ky: Cannot utime: Operation not permitted
build	Cache Android SDK	2026-06-06T12:22:47.8190858Z /usr/bin/tar: ../../../../../usr/local/lib/android/sdk/platforms/android-34-ext10/data/res/values-mcc302-mnc720-ky: Cannot change mode to rwxr-xr-x: Operation not permitted
build	Cache Android SDK	2026-06-06T12:22:47.8193438Z /usr/bin/tar: ../../../../../usr/local/lib/android/sdk/platforms/android-34-ext10/data/res/values-sv-watch: Cannot utime: Operation not permitted
build	Cache Android SDK	2026-06-06T12:22:47.8193903Z /usr/bin/tar: ../../../../../usr/local/lib/android/sdk/platforms/android-34-ext10/data/res/values-sv-watch: Cannot change mode to rwxr-xr-x: Operation not permitted
build	Cache Android SDK	2026-06-06T12:22:47.8196532Z /usr/bin/tar: ../../../../../usr/local/lib/android/sdk/platforms/android-34-ext10/data/res/values-mcc204-mnc04: Cannot utime: Operation not permitted
build	Cache Android SDK	2026-06-06T12:22:47.8197064Z /usr/bin/tar: ../../../../../usr/local/lib/android/sdk/platforms/android-34-ext10/data/res/values-mcc204-mnc04: Cannot change mode to rwxr-xr-x: Operation not permitted
build	Cache Android SDK	2026-06-06T12:22:47.8199361Z /usr/bin/tar: ../../../../../usr/local/lib/android/sdk/platforms/android-34-ext10/data/res/values-mcc310-mnc410-fi: Cannot utime: Operation not permitted
build	Cache Android SDK	2026-06-06T12:22:47.8199836Z /usr/bin/tar: ../../../../../usr/local/lib/android/sdk/platforms/android-34-ext10/data/res/values-mcc310-mnc410-fi: Cannot change mode to rwxr-xr-x: Operation not permitted
build	Cache Android SDK	2026-06-06T12:22:47.8202880Z /usr/bin/tar: ../../../../../usr/local/lib/android/sdk/platforms/android-34-ext10/data/res/values-mcc310-mnc800-be: Cannot utime: Operation not permitted
build	Cache Android SDK	2026-06-06T12:22:47.8203429Z /usr/bin/tar: ../../../../../usr/local/lib/android/sdk/platforms/android-34-ext10/data/res/values-mcc310-mnc800-be: Cannot change mode to rwxr-xr-x: Operation not permitted
build	Cache Android SDK	2026-06-06T12:22:47.8205926Z /usr/bin/tar: ../../../../../usr/local/lib/android/sdk/platforms/android-34-ext10/data/res/raw-iw: Cannot utime: Operation not permitted
build	Cache Android SDK	2026-06-06T12:22:47.8206354Z /usr/bin/tar: ../../../../../usr/local/lib/android/sdk/platforms/android-34-ext10/data/res/raw-iw: Cannot change mode to rwxr-xr-x: Operation not permitted
build	Cache Android SDK	2026-06-06T12:22:47.8208904Z /usr/bin/tar: ../../../../../usr/local/lib/android/sdk/platforms/android-34-ext10/data/res/values-mcc312-mnc670-mn: Cannot utime: Operation not permitted
build	Cache Android SDK	2026-06-06T12:22:47.8209387Z /usr/bin/tar: ../../../../../usr/local/lib/android/sdk/platforms/android-34-ext10/data/res/values-mcc312-mnc670-mn: Cannot change mode to rwxr-xr-x: Operation not permitted
build	Cache Android SDK	2026-06-06T12:22:47.8212011Z /usr/bin/tar: ../../../../../usr/local/lib/android/sdk/platforms/android-34-ext10/data/res/values-mcc310-mnc240-gl: Cannot utime: Operation not permitted
build	Cache Android SDK	2026-06-06T12:22:47.8212587Z /usr/bin/tar: ../../../../../usr/local/lib/android/sdk/platforms/android-34-ext10/data/res/values-mcc310-mnc240-gl: Cannot change mode to rwxr-xr-x: Operation not permitted
build	Cache Android SDK	2026-06-06T12:22:47.8214901Z /usr/bin/tar: ../../../../../usr/local/lib/android/sdk/platforms/android-34-ext10/data/res/values-mcc310-mnc270-gl: Cannot utime: Operation not permitted
build	Cache Android SDK	2026-06-06T12:22:47.8215410Z /usr/bin/tar: ../../../../../usr/local/lib/android/sdk/platforms/android-34-ext10/data/res/values-mcc310-mnc270-gl: Cannot change mode to rwxr-xr-x: Operation not permitted
build	Cache Android SDK	2026-06-06T12:22:47.8217806Z /usr/bin/tar: ../../../../../usr/local/lib/android/sdk/platforms/android-34-ext10/data/res/values-mcc310-mnc380-ru: Cannot utime: Operation not permitted
build	Cache Android SDK	2026-06-06T12:22:47.8218310Z /usr/bin/tar: ../../../../../usr/local/lib/android/sdk/platforms/android-34-ext10/data/res/values-mcc310-mnc380-ru: Cannot change mode to rwxr-xr-x: Operation not permitted
build	Cache Android SDK	2026-06-06T12:22:47.8221453Z /usr/bin/tar: ../../../../../usr/local/lib/android/sdk/platforms/android-34-ext10/data/res/values-mcc001-mnc01-fr-rCA: Cannot utime: Operation not permitted
build	Cache Android SDK	2026-06-06T12:22:47.8221968Z /usr/bin/tar: ../../../../../usr/local/lib/android/sdk/platforms/android-34-ext10/data/res/values-mcc001-mnc01-fr-rCA: Cannot change mode to rwxr-xr-x: Operation not permitted
build	Cache Android SDK	2026-06-06T12:22:47.8224480Z /usr/bin/tar: ../../../../../usr/local/lib/android/sdk/platforms/android-34-ext10/data/res/values-zu-television: Cannot utime: Operation not permitted
build	Cache Android SDK	2026-06-06T12:22:47.8224992Z /usr/bin/tar: ../../../../../usr/local/lib/android/sdk/platforms/android-34-ext10/data/res/values-zu-television: Cannot change mode to rwxr-xr-x: Operation not permitted
build	Cache Android SDK	2026-06-06T12:22:47.8227743Z /usr/bin/tar: ../../../../../usr/local/lib/android/sdk/platforms/android-34-ext10/data/res/values-mcc310-mnc240-pl: Cannot utime: Operation not permitted
build	Cache Android SDK	2026-06-06T12:22:47.8228251Z /usr/bin/tar: ../../../../../usr/local/lib/android/sdk/platforms/android-34-ext10/data/res/values-mcc310-mnc240-pl: Cannot change mode to rwxr-xr-x: Operation not permitted
build	Cache Android SDK	2026-06-06T12:22:47.8230517Z /usr/bin/tar: ../../../../../usr/local/lib/android/sdk/platforms/android-34-ext10/data/res/values-mcc334-mnc020-lo: Cannot utime: Operation not permitted
build	Cache Android SDK	2026-06-06T12:22:47.8231004Z /usr/bin/tar: ../../../../../usr/local/lib/android/sdk/platforms/android-34-ext10/data/res/values-mcc334-mnc020-lo: Cannot change mode to rwxr-xr-x: Operation not permitted
build	Cache Android SDK	2026-06-06T12:22:47.8233252Z /usr/bin/tar: ../../../../../usr/local/lib/android/sdk/platforms/android-34-ext10/data/res/values-mcc310-mnc240-nb: Cannot utime: Operation not permitted
build	Cache Android SDK	2026-06-06T12:22:47.8233716Z /usr/bin/tar: ../../../../../usr/local/lib/android/sdk/platforms/android-34-ext10/data/res/values-mcc310-mnc240-nb: Cannot change mode to rwxr-xr-x: Operation not permitted
build	Cache Android SDK	2026-06-06T12:22:47.8236064Z /usr/bin/tar: ../../../../../usr/local/lib/android/sdk/platforms/android-34-ext10/data/res/values-mcc310-mnc240-fa: Cannot utime: Operation not permitted
build	Cache Android SDK	2026-06-06T12:22:47.8236628Z /usr/bin/tar: ../../../../../usr/local/lib/android/sdk/platforms/android-34-ext10/data/res/values-mcc310-mnc240-fa: Cannot change mode to rwxr-xr-x: Operation not permitted
build	Cache Android SDK	2026-06-06T12:22:47.8239275Z /usr/bin/tar: ../../../../../usr/local/lib/android/sdk/platforms/android-34-ext10/data/res/values-pl-rPL: Cannot utime: Operation not permitted
build	Cache Android SDK	2026-06-06T12:22:47.8239729Z /usr/bin/tar: ../../../../../usr/local/lib/android/sdk/platforms/android-34-ext10/data/res/values-pl-rPL: Cannot change mode to rwxr-xr-x: Operation not permitted
build	Cache Android SDK	2026-06-06T12:22:47.8242181Z /usr/bin/tar: ../../../../../usr/local/lib/android/sdk/platforms/android-34-ext10/data/res/values-mcc310-mnc660-mr: Cannot utime: Operation not permitted
build	Cache Android SDK	2026-06-06T12:22:47.8242656Z /usr/bin/tar: ../../../../../usr/local/lib/android/sdk/platforms/android-34-ext10/data/res/values-mcc310-mnc660-mr: Cannot change mode to rwxr-xr-x: Operation not permitted
build	Cache Android SDK	2026-06-06T12:22:47.8245470Z /usr/bin/tar: ../../../../../usr/local/lib/android/sdk/platforms/android-34-ext10/data/res/values-mcc310-mnc270-bn: Cannot utime: Operation not permitted
build	Cache Android SDK	2026-06-06T12:22:47.8245957Z /usr/bin/tar: ../../../../../usr/local/lib/android/sdk/platforms/android-34-ext10/data/res/values-mcc310-mnc270-bn: Cannot change mode to rwxr-xr-x: Operation not permitted
build	Cache Android SDK	2026-06-06T12:22:47.8248249Z /usr/bin/tar: ../../../../../usr/local/lib/android/sdk/platforms/android-34-ext10/data/res/values-mcc310-mnc660-mk: Cannot utime: Operation not permitted
build	Cache Android SDK	2026-06-06T12:22:47.8248725Z /usr/bin/tar: ../../../../../usr/local/lib/android/sdk/platforms/android-34-ext10/data/res/values-mcc310-mnc660-mk: Cannot change mode to rwxr-xr-x: Operation not permitted
build	Cache Android SDK	2026-06-06T12:22:47.8251488Z /usr/bin/tar: ../../../../../usr/local/lib/android/sdk/platforms/android-34-ext10/data/res/values-mcc310-mnc160-et: Cannot utime: Operation not permitted
build	Cache Android SDK	2026-06-06T12:22:47.8251989Z /usr/bin/tar: ../../../../../usr/local/lib/android/sdk/platforms/android-34-ext10/data/res/values-mcc310-mnc160-et: Cannot change mode to rwxr-xr-x: Operation not permitted
build	Cache Android SDK	2026-06-06T12:22:47.8254826Z /usr/bin/tar: ../../../../../usr/local/lib/android/sdk/platforms/android-34-ext10/data/res/values-fa-television: Cannot utime: Operation not permitted
build	Cache Android SDK	2026-06-06T12:22:47.8255683Z /usr/bin/tar: ../../../../../usr/local/lib/android/sdk/platforms/android-34-ext10/data/res/values-fa-television: Cannot change mode to rwxr-xr-x: Operation not permitted
build	Cache Android SDK	2026-06-06T12:22:47.8258055Z /usr/bin/tar: ../../../../../usr/local/lib/android/sdk/platforms/android-34-ext10/data/res/values-mcc310-mnc560-hi: Cannot utime: Operation not permitted
build	Cache Android SDK	2026-06-06T12:22:47.8258517Z /usr/bin/tar: ../../../../../usr/local/lib/android/sdk/platforms/android-34-ext10/data/res/values-mcc310-mnc560-hi: Cannot change mode to rwxr-xr-x: Operation not permitted
build	Cache Android SDK	2026-06-06T12:22:47.8261700Z /usr/bin/tar: ../../../../../usr/local/lib/android/sdk/platforms/android-34-ext10/data/res/raw-en-rGB: Cannot utime: Operation not permitted
build	Cache Android SDK	2026-06-06T12:22:47.8262246Z /usr/bin/tar: ../../../../../usr/local/lib/android/sdk/platforms/android-34-ext10/data/res/raw-en-rGB: Cannot change mode to rwxr-xr-x: Operation not permitted
build	Cache Android SDK	2026-06-06T12:22:47.8265005Z /usr/bin/tar: ../../../../../usr/local/lib/android/sdk/platforms/android-34-ext10/data/res/values-eu-watch: Cannot utime: Operation not permitted
build	Cache Android SDK	2026-06-06T12:22:47.8265457Z /usr/bin/tar: ../../../../../usr/local/lib/android/sdk/platforms/android-34-ext10/data/res/values-eu-watch: Cannot change mode to rwxr-xr-x: Operation not permitted
build	Cache Android SDK	2026-06-06T12:22:47.8268643Z /usr/bin/tar: ../../../../../usr/local/lib/android/sdk/platforms/android-34-ext10/data/res/values-mcc310-mnc660-ko: Cannot utime: Operation not permitted
build	Cache Android SDK	2026-06-06T12:22:47.8269703Z /usr/bin/tar: ../../../../../usr/local/lib/android/sdk/platforms/android-34-ext10/data/res/values-mcc310-mnc660-ko: Cannot change mode to rwxr-xr-x: Operation not permitted
build	Cache Android SDK	2026-06-06T12:22:47.8274746Z /usr/bin/tar: ../../../../../usr/local/lib/android/sdk/platforms/android-34-ext10/data/res/values-mcc311-mnc180-mn: Cannot utime: Operation not permitted
build	Cache Android SDK	2026-06-06T12:22:47.8275393Z /usr/bin/tar: ../../../../../usr/local/lib/android/sdk/platforms/android-34-ext10/data/res/values-mcc311-mnc180-mn: Cannot change mode to rwxr-xr-x: Operation not permitted
build	Cache Android SDK	2026-06-06T12:22:47.8278704Z /usr/bin/tar: ../../../../../usr/local/lib/android/sdk/platforms/android-34-ext10/data/res/values-mcc310-mnc240-ml: Cannot utime: Operation not permitted
build	Cache Android SDK	2026-06-06T12:22:47.8280083Z /usr/bin/tar: ../../../../../usr/local/lib/android/sdk/platforms/android-34-ext10/data/res/values-mcc310-mnc240-ml: Cannot change mode to rwxr-xr-x: Operation not permitted
build	Cache Android SDK	2026-06-06T12:22:47.8282733Z /usr/bin/tar: ../../../../../usr/local/lib/android/sdk/platforms/android-34-ext10/data/res/values-mcc310-mnc490-kk: Cannot utime: Operation not permitted
build	Cache Android SDK	2026-06-06T12:22:47.8283834Z /usr/bin/tar: ../../../../../usr/local/lib/android/sdk/platforms/android-34-ext10/data/res/values-mcc310-mnc490-kk: Cannot change mode to rwxr-xr-x: Operation not permitted
build	Cache Android SDK	2026-06-06T12:22:47.8286247Z /usr/bin/tar: ../../../../../usr/local/lib/android/sdk/platforms/android-34-ext10/data/res/values-mcc310-mnc240-bg: Cannot utime: Operation not permitted
build	Cache Android SDK	2026-06-06T12:22:47.8287218Z /usr/bin/tar: ../../../../../usr/local/lib/android/sdk/platforms/android-34-ext10/data/res/values-mcc310-mnc240-bg: Cannot change mode to rwxr-xr-x: Operation not permitted
build	Cache Android SDK	2026-06-06T12:22:47.8290144Z /usr/bin/tar: ../../../../../usr/local/lib/android/sdk/platforms/android-34-ext10/data/res/values-mcc310-mnc240-zu: Cannot utime: Operation not permitted
build	Cache Android SDK	2026-06-06T12:22:47.8291317Z /usr/bin/tar: ../../../../../usr/local/lib/android/sdk/platforms/android-34-ext10/data/res/values-mcc310-mnc240-zu: Cannot change mode to rwxr-xr-x: Operation not permitted
build	Cache Android SDK	2026-06-06T12:22:47.8293948Z /usr/bin/tar: ../../../../../usr/local/lib/android/sdk/platforms/android-34-ext10/data/res/values-mcc310-mnc410-tl: Cannot utime: Operation not permitted
build	Cache Android SDK	2026-06-06T12:22:47.8295508Z /usr/bin/tar: ../../../../../usr/local/lib/android/sdk/platforms/android-34-ext10/data/res/values-mcc310-mnc410-tl: Cannot change mode to rwxr-xr-x: Operation not permitted
build	Cache Android SDK	2026-06-06T12:22:47.8297811Z /usr/bin/tar: ../../../../../usr/local/lib/android/sdk/platforms/android-34-ext10/data/res/values-mcc310-mnc220-ky: Cannot utime: Operation not permitted
build	Cache Android SDK	2026-06-06T12:22:47.8298799Z /usr/bin/tar: ../../../../../usr/local/lib/android/sdk/platforms/android-34-ext10/data/res/values-mcc310-mnc220-ky: Cannot change mode to rwxr-xr-x: Operation not permitted
build	Cache Android SDK	2026-06-06T12:22:47.8301122Z /usr/bin/tar: ../../../../../usr/local/lib/android/sdk/platforms/android-34-ext10/data/res/values-mcc310-mnc560-or: Cannot utime: Operation not permitted
build	Cache Android SDK	2026-06-06T12:22:47.8302106Z /usr/bin/tar: ../../../../../usr/local/lib/android/sdk/platforms/android-34-ext10/data/res/values-mcc310-mnc560-or: Cannot change mode to rwxr-xr-x: Operation not permitted
build	Cache Android SDK	2026-06-06T12:22:47.8305200Z /usr/bin/tar: ../../../../../usr/local/lib/android/sdk/platforms/android-34-ext10/data/res/values-mcc302-mnc720-da: Cannot utime: Operation not permitted
build	Cache Android SDK	2026-06-06T12:22:47.8306279Z /usr/bin/tar: ../../../../../usr/local/lib/android/sdk/platforms/android-34-ext10/data/res/values-mcc302-mnc720-da: Cannot change mode to rwxr-xr-x: Operation not permitted
build	Cache Android SDK	2026-06-06T12:22:47.8308643Z /usr/bin/tar: ../../../../../usr/local/lib/android/sdk/platforms/android-34-ext10/data/res/values-mcc302-mnc720-pa: Cannot utime: Operation not permitted
build	Cache Android SDK	2026-06-06T12:22:47.8309618Z /usr/bin/tar: ../../../../../usr/local/lib/android/sdk/platforms/android-34-ext10/data/res/values-mcc302-mnc720-pa: Cannot change mode to rwxr-xr-x: Operation not permitted
build	Cache Android SDK	2026-06-06T12:22:47.8312529Z /usr/bin/tar: ../../../../../usr/local/lib/android/sdk/platforms/android-34-ext10/data/res/values-mcc334-mnc020-in: Cannot utime: Operation not permitted
build	Cache Android SDK	2026-06-06T12:22:47.8313501Z /usr/bin/tar: ../../../../../usr/local/lib/android/sdk/platforms/android-34-ext10/data/res/values-mcc334-mnc020-in: Cannot change mode to rwxr-xr-x: Operation not permitted
build	Cache Android SDK	2026-06-06T12:22:47.8315770Z /usr/bin/tar: ../../../../../usr/local/lib/android/sdk/platforms/android-34-ext10/data/res/values-mcc310-mnc490-fr-rCA: Cannot utime: Operation not permitted
build	Cache Android SDK	2026-06-06T12:22:47.8316845Z /usr/bin/tar: ../../../../../usr/local/lib/android/sdk/platforms/android-34-ext10/data/res/values-mcc310-mnc490-fr-rCA: Cannot change mode to rwxr-xr-x: Operation not permitted
build	Cache Android SDK	2026-06-06T12:22:47.8319446Z /usr/bin/tar: ../../../../../usr/local/lib/android/sdk/platforms/android-34-ext10/data/res/values-mcc312-mnc670-en-rAU: Cannot utime: Operation not permitted
build	Cache Android SDK	2026-06-06T12:22:47.8320454Z /usr/bin/tar: ../../../../../usr/local/lib/android/sdk/platforms/android-34-ext10/data/res/values-mcc312-mnc670-en-rAU: Cannot change mode to rwxr-xr-x: Operation not permitted
build	Cache Android SDK	2026-06-06T12:22:47.8322854Z /usr/bin/tar: ../../../../../usr/local/lib/android/sdk/platforms/android-34-ext10/data/res/values-mcc302-mnc370-et: Cannot utime: Operation not permitted
build	Cache Android SDK	2026-06-06T12:22:47.8323875Z /usr/bin/tar: ../../../../../usr/local/lib/android/sdk/platforms/android-34-ext10/data/res/values-mcc302-mnc370-et: Cannot change mode to rwxr-xr-x: Operation not permitted
build	Cache Android SDK	2026-06-06T12:22:47.8325953Z /usr/bin/tar: ../../../../../usr/local/lib/android/sdk/platforms/android-34-ext10/data/res/values-mcc313-mnc100-fr-rCA: Cannot utime: Operation not permitted
build	Cache Android SDK	2026-06-06T12:22:47.8326975Z /usr/bin/tar: ../../../../../usr/local/lib/android/sdk/platforms/android-34-ext10/data/res/values-mcc313-mnc100-fr-rCA: Cannot change mode to rwxr-xr-x: Operation not permitted
build	Cache Android SDK	2026-06-06T12:22:47.8329461Z /usr/bin/tar: ../../../../../usr/local/lib/android/sdk/platforms/android-34-ext10/data/res/values-mcc310-mnc150-en-rAU: Cannot utime: Operation not permitted
build	Cache Android SDK	2026-06-06T12:22:47.8330480Z /usr/bin/tar: ../../../../../usr/local/lib/android/sdk/platforms/android-34-ext10/data/res/values-mcc310-mnc150-en-rAU: Cannot change mode to rwxr-xr-x: Operation not permitted
build	Cache Android SDK	2026-06-06T12:22:47.8341294Z /usr/bin/tar: ../../../../../usr/local/lib/android/sdk/platforms/android-34-ext10/data/res/xml: Cannot utime: Operation not permitted
build	Cache Android SDK	2026-06-06T12:22:47.8342367Z /usr/bin/tar: ../../../../../usr/local/lib/android/sdk/platforms/android-34-ext10/data/res/xml: Cannot change mode to rwxr-xr-x: Operation not permitted
build	Cache Android SDK	2026-06-06T12:22:47.8344329Z /usr/bin/tar: ../../../../../usr/local/lib/android/sdk/platforms/android-34-ext10/data/res/values-mcc310-mnc800-sr: Cannot utime: Operation not permitted
build	Cache Android SDK	2026-06-06T12:22:47.8345289Z /usr/bin/tar: ../../../../../usr/local/lib/android/sdk/platforms/android-34-ext10/data/res/values-mcc310-mnc800-sr: Cannot change mode to rwxr-xr-x: Operation not permitted
build	Cache Android SDK	2026-06-06T12:22:47.8347159Z /usr/bin/tar: ../../../../../usr/local/lib/android/sdk/platforms/android-34-ext10/data/res/values-mcc310-mnc380-zh-rCN: Cannot utime: Operation not permitted
build	Cache Android SDK	2026-06-06T12:22:47.8348408Z /usr/bin/tar: ../../../../../usr/local/lib/android/sdk/platforms/android-34-ext10/data/res/values-mcc310-mnc380-zh-rCN: Cannot change mode to rwxr-xr-x: Operation not permitted
build	Cache Android SDK	2026-06-06T12:22:47.8350599Z /usr/bin/tar: ../../../../../usr/local/lib/android/sdk/platforms/android-34-ext10/data/res/values-mcc310-mnc950-ms: Cannot utime: Operation not permitted
build	Cache Android SDK	2026-06-06T12:22:47.8351566Z /usr/bin/tar: ../../../../../usr/local/lib/android/sdk/platforms/android-34-ext10/data/res/values-mcc310-mnc950-ms: Cannot change mode to rwxr-xr-x: Operation not permitted
build	Cache Android SDK	2026-06-06T12:22:47.8353799Z /usr/bin/tar: ../../../../../usr/local/lib/android/sdk/platforms/android-34-ext10/data/res/values-mcc310-mnc170-ms: Cannot utime: Operation not permitted
build	Cache Android SDK	2026-06-06T12:22:47.8354766Z /usr/bin/tar: ../../../../../usr/local/lib/android/sdk/platforms/android-34-ext10/data/res/values-mcc310-mnc170-ms: Cannot change mode to rwxr-xr-x: Operation not permitted
build	Cache Android SDK	2026-06-06T12:22:47.8356810Z /usr/bin/tar: ../../../../../usr/local/lib/android/sdk/platforms/android-34-ext10/data/res/values-mcc310-mnc230-sq: Cannot utime: Operation not permitted
build	Cache Android SDK	2026-06-06T12:22:47.8358082Z /usr/bin/tar: ../../../../../usr/local/lib/android/sdk/platforms/android-34-ext10/data/res/values-mcc310-mnc230-sq: Cannot change mode to rwxr-xr-x: Operation not permitted
build	Cache Android SDK	2026-06-06T12:22:47.8360196Z /usr/bin/tar: ../../../../../usr/local/lib/android/sdk/platforms/android-34-ext10/data/res/values-mcc334-mnc020-b+sr+Latn: Cannot utime: Operation not permitted
build	Cache Android SDK	2026-06-06T12:22:47.8361210Z /usr/bin/tar: ../../../../../usr/local/lib/android/sdk/platforms/android-34-ext10/data/res/values-mcc334-mnc020-b+sr+Latn: Cannot change mode to rwxr-xr-x: Operation not permitted
build	Cache Android SDK	2026-06-06T12:22:47.8363034Z /usr/bin/tar: ../../../../../usr/local/lib/android/sdk/platforms/android-34-ext10/data/res/values-mcc310-mnc800-pt: Cannot utime: Operation not permitted
build	Cache Android SDK	2026-06-06T12:22:47.8363998Z /usr/bin/tar: ../../../../../usr/local/lib/android/sdk/platforms/android-34-ext10/data/res/values-mcc310-mnc800-pt: Cannot change mode to rwxr-xr-x: Operation not permitted
build	Cache Android SDK	2026-06-06T12:22:47.8366469Z /usr/bin/tar: ../../../../../usr/local/lib/android/sdk/platforms/android-34-ext10/data/res/values-mcc310-mnc250-iw: Cannot utime: Operation not permitted
build	Cache Android SDK	2026-06-06T12:22:47.8379916Z /usr/bin/tar: ../../../../../usr/local/lib/android/sdk/platforms/android-34-ext10/data/res/values-mcc310-mnc250-iw: Cannot change mode to rwxr-xr-x: Operation not permitted
build	Cache Android SDK	2026-06-06T12:22:47.8381497Z /usr/bin/tar: ../../../../../usr/local/lib/android/sdk/platforms/android-34-ext10/data/res/mipmap-hdpi: Cannot utime: Operation not permitted
build	Cache Android SDK	2026-06-06T12:22:47.8382413Z /usr/bin/tar: ../../../../../usr/local/lib/android/sdk/platforms/android-34-ext10/data/res/mipmap-hdpi: Cannot change mode to rwxr-xr-x: Operation not permitted
build	Cache Android SDK	2026-06-06T12:22:47.8383871Z /usr/bin/tar: ../../../../../usr/local/lib/android/sdk/platforms/android-34-ext10/data/res/values-mcc310-mnc950-af: Cannot utime: Operation not permitted
build	Cache Android SDK	2026-06-06T12:22:47.8385108Z /usr/bin/tar: ../../../../../usr/local/lib/android/sdk/platforms/android-34-ext10/data/res/values-mcc310-mnc950-af: Cannot change mode to rwxr-xr-x: Operation not permitted
build	Cache Android SDK	2026-06-06T12:22:47.8386184Z /usr/bin/tar: ../../../../../usr/local/lib/android/sdk/platforms/android-34-ext10/data/res/values-mcc310-mnc210-kk: Cannot utime: Operation not permitted
build	Cache Android SDK	2026-06-06T12:22:47.8387964Z /usr/bin/tar: ../../../../../usr/local/lib/android/sdk/platforms/android-34-ext10/data/res/values-mcc310-mnc210-kk: Cannot change mode to rwxr-xr-x: Operation not permitted
build	Cache Android SDK	2026-06-06T12:22:47.8388937Z /usr/bin/tar: ../../../../../usr/local/lib/android/sdk/platforms/android-34-ext10/data/res/values-mcc302-mnc720-ne: Cannot utime: Operation not permitted
build	Cache Android SDK	2026-06-06T12:22:47.8390149Z /usr/bin/tar: ../../../../../usr/local/lib/android/sdk/platforms/android-34-ext10/data/res/values-mcc302-mnc720-ne: Cannot change mode to rwxr-xr-x: Operation not permitted
build	Cache Android SDK	2026-06-06T12:22:47.8391642Z /usr/bin/tar: ../../../../../usr/local/lib/android/sdk/platforms/android-34-ext10/data/res/values-mcc334-mnc020-th: Cannot utime: Operation not permitted
build	Cache Android SDK	2026-06-06T12:22:47.8392710Z /usr/bin/tar: ../../../../../usr/local/lib/android/sdk/platforms/android-34-ext10/data/res/values-mcc334-mnc020-th: Cannot change mode to rwxr-xr-x: Operation not permitted
build	Cache Android SDK	2026-06-06T12:22:47.8394322Z /usr/bin/tar: ../../../../../usr/local/lib/android/sdk/platforms/android-34-ext10/data/res/values-mcc310-mnc280-is: Cannot utime: Operation not permitted
build	Cache Android SDK	2026-06-06T12:22:47.8396044Z /usr/bin/tar: ../../../../../usr/local/lib/android/sdk/platforms/android-34-ext10/data/res/values-mcc310-mnc280-is: Cannot change mode to rwxr-xr-x: Operation not permitted
build	Cache Android SDK	2026-06-06T12:22:47.8397939Z /usr/bin/tar: ../../../../../usr/local/lib/android/sdk/platforms/android-34-ext10/data/res/values-mcc313-mnc100-be: Cannot utime: Operation not permitted
build	Cache Android SDK	2026-06-06T12:22:47.8398939Z /usr/bin/tar: ../../../../../usr/local/lib/android/sdk/platforms/android-34-ext10/data/res/values-mcc313-mnc100-be: Cannot change mode to rwxr-xr-x: Operation not permitted
build	Cache Android SDK	2026-06-06T12:22:47.8400337Z /usr/bin/tar: ../../../../../usr/local/lib/android/sdk/platforms/android-34-ext10/data/res/values-es-rUS: Cannot utime: Operation not permitted
build	Cache Android SDK	2026-06-06T12:22:47.8401630Z /usr/bin/tar: ../../../../../usr/local/lib/android/sdk/platforms/android-34-ext10/data/res/values-es-rUS: Cannot change mode to rwxr-xr-x: Operation not permitted
build	Cache Android SDK	2026-06-06T12:22:47.8402574Z /usr/bin/tar: ../../../../../usr/local/lib/android/sdk/platforms/android-34-ext10/data/res/values-mcc311-mnc180-te: Cannot utime: Operation not permitted
build	Cache Android SDK	2026-06-06T12:22:47.8404254Z /usr/bin/tar: ../../../../../usr/local/lib/android/sdk/platforms/android-34-ext10/data/res/values-mcc311-mnc180-te: Cannot change mode to rwxr-xr-x: Operation not permitted
build	Cache Android SDK	2026-06-06T12:22:47.8405331Z /usr/bin/tar: ../../../../../usr/local/lib/android/sdk/platforms/android-34-ext10/data/res/values-mcc310-mnc030-ko: Cannot utime: Operation not permitted
build	Cache Android SDK	2026-06-06T12:22:47.8406346Z /usr/bin/tar: ../../../../../usr/local/lib/android/sdk/platforms/android-34-ext10/data/res/values-mcc310-mnc030-ko: Cannot change mode to rwxr-xr-x: Operation not permitted
build	Cache Android SDK	2026-06-06T12:22:47.8408372Z /usr/bin/tar: ../../../../../usr/local/lib/android/sdk/platforms/android-34-ext10/data/res/values-da-television: Cannot utime: Operation not permitted
build	Cache Android SDK	2026-06-06T12:22:47.8409351Z /usr/bin/tar: ../../../../../usr/local/lib/android/sdk/platforms/android-34-ext10/data/res/values-da-television: Cannot change mode to rwxr-xr-x: Operation not permitted
build	Cache Android SDK	2026-06-06T12:22:47.8411193Z /usr/bin/tar: ../../../../../usr/local/lib/android/sdk/platforms/android-34-ext10/data/res/values-mcc310-mnc240-be: Cannot utime: Operation not permitted
build	Cache Android SDK	2026-06-06T12:22:47.8412344Z /usr/bin/tar: ../../../../../usr/local/lib/android/sdk/platforms/android-34-ext10/data/res/values-mcc310-mnc240-be: Cannot change mode to rwxr-xr-x: Operation not permitted
build	Cache Android SDK	2026-06-06T12:22:47.8414391Z /usr/bin/tar: ../../../../../usr/local/lib/android/sdk/platforms/android-34-ext10/data/res/values-mr-television: Cannot utime: Operation not permitted
build	Cache Android SDK	2026-06-06T12:22:47.8415421Z /usr/bin/tar: ../../../../../usr/local/lib/android/sdk/platforms/android-34-ext10/data/res/values-mr-television: Cannot change mode to rwxr-xr-x: Operation not permitted
build	Cache Android SDK	2026-06-06T12:22:47.8417741Z /usr/bin/tar: ../../../../../usr/local/lib/android/sdk/platforms/android-34-ext10/data/res/values-mcc310-mnc490-tl: Cannot utime: Operation not permitted
build	Cache Android SDK	2026-06-06T12:22:47.8418829Z /usr/bin/tar: ../../../../../usr/local/lib/android/sdk/platforms/android-34-ext10/data/res/values-mcc310-mnc490-tl: Cannot change mode to rwxr-xr-x: Operation not permitted
build	Cache Android SDK	2026-06-06T12:22:47.8421228Z /usr/bin/tar: ../../../../../usr/local/lib/android/sdk/platforms/android-34-ext10/data/res/values-mcc310-mnc240-cs: Cannot utime: Operation not permitted
build	Cache Android SDK	2026-06-06T12:22:47.8422289Z /usr/bin/tar: ../../../../../usr/local/lib/android/sdk/platforms/android-34-ext10/data/res/values-mcc310-mnc240-cs: Cannot change mode to rwxr-xr-x: Operation not permitted
build	Cache Android SDK	2026-06-06T12:22:47.8426078Z /usr/bin/tar: ../../../../../usr/local/lib/android/sdk/platforms/android-34-ext10/data/res/values-mcc310-mnc250-af: Cannot utime: Operation not permitted
build	Cache Android SDK	2026-06-06T12:22:47.8427696Z /usr/bin/tar: ../../../../../usr/local/lib/android/sdk/platforms/android-34-ext10/data/res/values-mcc310-mnc250-af: Cannot change mode to rwxr-xr-x: Operation not permitted
build	Cache Android SDK	2026-06-06T12:22:47.8429382Z /usr/bin/tar: ../../../../../usr/local/lib/android/sdk/platforms/android-34-ext10/data/res/values-xlarge: Cannot utime: Operation not permitted
build	Cache Android SDK	2026-06-06T12:22:47.8430355Z /usr/bin/tar: ../../../../../usr/local/lib/android/sdk/platforms/android-34-ext10/data/res/values-xlarge: Cannot change mode to rwxr-xr-x: Operation not permitted
build	Cache Android SDK	2026-06-06T12:22:47.8432048Z /usr/bin/tar: ../../../../../usr/local/lib/android/sdk/platforms/android-34-ext10/data/res/values-mcc302-mnc370-zh-rTW: Cannot utime: Operation not permitted
build	Cache Android SDK	2026-06-06T12:22:47.8433051Z /usr/bin/tar: ../../../../../usr/local/lib/android/sdk/platforms/android-34-ext10/data/res/values-mcc302-mnc370-zh-rTW: Cannot change mode to rwxr-xr-x: Operation not permitted
build	Cache Android SDK	2026-06-06T12:22:47.8435407Z /usr/bin/tar: ../../../../../usr/local/lib/android/sdk/platforms/android-34-ext10/data/res/values-mcc310-mnc410-ca: Cannot utime: Operation not permitted
build	Cache Android SDK	2026-06-06T12:22:47.8436575Z /usr/bin/tar: ../../../../../usr/local/lib/android/sdk/platforms/android-34-ext10/data/res/values-mcc310-mnc410-ca: Cannot change mode to rwxr-xr-x: Operation not permitted
build	Cache Android SDK	2026-06-06T12:22:47.8438890Z /usr/bin/tar: ../../../../../usr/local/lib/android/sdk/platforms/android-34-ext10/data/res/values-mcc310-mnc410-my: Cannot utime: Operation not permitted
build	Cache Android SDK	2026-06-06T12:22:47.8439977Z /usr/bin/tar: ../../../../../usr/local/lib/android/sdk/platforms/android-34-ext10/data/res/values-mcc310-mnc410-my: Cannot change mode to rwxr-xr-x: Operation not permitted
build	Cache Android SDK	2026-06-06T12:22:47.8443479Z /usr/bin/tar: ../../../../../usr/local/lib/android/sdk/platforms/android-34-ext10/data/res/values-mcc310-mnc160-lo: Cannot utime: Operation not permitted
build	Cache Android SDK	2026-06-06T12:22:47.8444567Z /usr/bin/tar: ../../../../../usr/local/lib/android/sdk/platforms/android-34-ext10/data/res/values-mcc310-mnc160-lo: Cannot change mode to rwxr-xr-x: Operation not permitted
build	Cache Android SDK	2026-06-06T12:22:47.8447323Z /usr/bin/tar: ../../../../../usr/local/lib/android/sdk/platforms/android-34-ext10/data/res/values-mcc310-mnc660-ka: Cannot utime: Operation not permitted
build	Cache Android SDK	2026-06-06T12:22:47.8448507Z /usr/bin/tar: ../../../../../usr/local/lib/android/sdk/platforms/android-34-ext10/data/res/values-mcc310-mnc660-ka: Cannot change mode to rwxr-xr-x: Operation not permitted
build	Cache Android SDK	2026-06-06T12:22:47.8453890Z /usr/bin/tar: ../../../../../usr/local/lib/android/sdk/platforms/android-34-ext10/data/res/values-mcc310-mnc170-lv: Cannot utime: Operation not permitted
build	Cache Android SDK	2026-06-06T12:22:47.8454977Z /usr/bin/tar: ../../../../../usr/local/lib/android/sdk/platforms/android-34-ext10/data/res/values-mcc310-mnc170-lv: Cannot change mode to rwxr-xr-x: Operation not permitted
build	Cache Android SDK	2026-06-06T12:22:47.8456691Z /usr/bin/tar: ../../../../../usr/local/lib/android/sdk/platforms/android-34-ext10/data/res/values-mcc505-mnc01: Cannot utime: Operation not permitted
build	Cache Android SDK	2026-06-06T12:22:47.8457867Z /usr/bin/tar: ../../../../../usr/local/lib/android/sdk/platforms/android-34-ext10/data/res/values-mcc505-mnc01: Cannot change mode to rwxr-xr-x: Operation not permitted
build	Cache Android SDK	2026-06-06T12:22:47.8460858Z /usr/bin/tar: ../../../../../usr/local/lib/android/sdk/platforms/android-34-ext10/data/res/values-mcc310-mnc560-ky: Cannot utime: Operation not permitted
build	Cache Android SDK	2026-06-06T12:22:47.8462024Z /usr/bin/tar: ../../../../../usr/local/lib/android/sdk/platforms/android-34-ext10/data/res/values-mcc310-mnc560-ky: Cannot change mode to rwxr-xr-x: Operation not permitted
build	Cache Android SDK	2026-06-06T12:22:47.8463757Z /usr/bin/tar: ../../../../../usr/local/lib/android/sdk/platforms/android-34-ext10/data/res/values-my-television: Cannot utime: Operation not permitted
build	Cache Android SDK	2026-06-06T12:22:47.8464941Z /usr/bin/tar: ../../../../../usr/local/lib/android/sdk/platforms/android-34-ext10/data/res/values-my-television: Cannot change mode to rwxr-xr-x: Operation not permitted
build	Cache Android SDK	2026-06-06T12:22:47.8468020Z /usr/bin/tar: ../../../../../usr/local/lib/android/sdk/platforms/android-34-ext10/data/res/values-mcc310-mnc160-km: Cannot utime: Operation not permitted
build	Cache Android SDK	2026-06-06T12:22:47.8469029Z /usr/bin/tar: ../../../../../usr/local/lib/android/sdk/platforms/android-34-ext10/data/res/values-mcc310-mnc160-km: Cannot change mode to rwxr-xr-x: Operation not permitted
build	Cache Android SDK	2026-06-06T12:22:47.8471825Z /usr/bin/tar: ../../../../../usr/local/lib/android/sdk/platforms/android-34-ext10/data/res/layout-port: Cannot utime: Operation not permitted
build	Cache Android SDK	2026-06-06T12:22:47.8472743Z /usr/bin/tar: ../../../../../usr/local/lib/android/sdk/platforms/android-34-ext10/data/res/layout-port: Cannot change mode to rwxr-xr-x: Operation not permitted
build	Cache Android SDK	2026-06-06T12:22:47.8475497Z /usr/bin/tar: ../../../../../usr/local/lib/android/sdk/platforms/android-34-ext10/data/res/values-mcc310-mnc030-gl: Cannot utime: Operation not permitted
build	Cache Android SDK	2026-06-06T12:22:47.8476488Z /usr/bin/tar: ../../../../../usr/local/lib/android/sdk/platforms/android-34-ext10/data/res/values-mcc310-mnc030-gl: Cannot change mode to rwxr-xr-x: Operation not permitted
build	Cache Android SDK	2026-06-06T12:22:47.8478987Z /usr/bin/tar: ../../../../../usr/local/lib/android/sdk/platforms/android-34-ext10/data/res/values-mcc310-mnc230-ar: Cannot utime: Operation not permitted
build	Cache Android SDK	2026-06-06T12:22:47.8479970Z /usr/bin/tar: ../../../../../usr/local/lib/android/sdk/platforms/android-34-ext10/data/res/values-mcc310-mnc230-ar: Cannot change mode to rwxr-xr-x: Operation not permitted
build	Cache Android SDK	2026-06-06T12:22:47.8482285Z /usr/bin/tar: ../../../../../usr/local/lib/android/sdk/platforms/android-34-ext10/data/res/values-mcc310-mnc230-kn: Cannot utime: Operation not permitted
build	Cache Android SDK	2026-06-06T12:22:47.8483382Z /usr/bin/tar: ../../../../../usr/local/lib/android/sdk/platforms/android-34-ext10/data/res/values-mcc310-mnc230-kn: Cannot change mode to rwxr-xr-x: Operation not permitted
build	Cache Android SDK	2026-06-06T12:22:47.8486983Z /usr/bin/tar: ../../../../../usr/local/lib/android/sdk/platforms/android-34-ext10/data/res/values-in-rID: Cannot utime: Operation not permitted
build	Cache Android SDK	2026-06-06T12:22:47.8488120Z /usr/bin/tar: ../../../../../usr/local/lib/android/sdk/platforms/android-34-ext10/data/res/values-in-rID: Cannot change mode to rwxr-xr-x: Operation not permitted
build	Cache Android SDK	2026-06-06T12:22:47.8490115Z /usr/bin/tar: ../../../../../usr/local/lib/android/sdk/platforms/android-34-ext10/data/res/values-mcc310-mnc210-si: Cannot utime: Operation not permitted
build	Cache Android SDK	2026-06-06T12:22:47.8491229Z /usr/bin/tar: ../../../../../usr/local/lib/android/sdk/platforms/android-34-ext10/data/res/values-mcc310-mnc210-si: Cannot change mode to rwxr-xr-x: Operation not permitted
build	Cache Android SDK	2026-06-06T12:22:47.8494204Z /usr/bin/tar: ../../../../../usr/local/lib/android/sdk/platforms/android-34-ext10/data/res/layout-large: Cannot utime: Operation not permitted
build	Cache Android SDK	2026-06-06T12:22:47.8495119Z /usr/bin/tar: ../../../../../usr/local/lib/android/sdk/platforms/android-34-ext10/data/res/layout-large: Cannot change mode to rwxr-xr-x: Operation not permitted
build	Cache Android SDK	2026-06-06T12:22:47.8497254Z /usr/bin/tar: ../../../../../usr/local/lib/android/sdk/platforms/android-34-ext10/data/res/values-mcc310-mnc150-or: Cannot utime: Operation not permitted
build	Cache Android SDK	2026-06-06T12:22:47.8498775Z /usr/bin/tar: ../../../../../usr/local/lib/android/sdk/platforms/android-34-ext10/data/res/values-mcc310-mnc150-or: Cannot change mode to rwxr-xr-x: Operation not permitted
build	Cache Android SDK	2026-06-06T12:22:47.8500467Z /usr/bin/tar: ../../../../../usr/local/lib/android/sdk/platforms/android-34-ext10/data/res/values-mcc310-mnc250-sv: Cannot utime: Operation not permitted
build	Cache Android SDK	2026-06-06T12:22:47.8501504Z /usr/bin/tar: ../../../../../usr/local/lib/android/sdk/platforms/android-34-ext10/data/res/values-mcc310-mnc250-sv: Cannot change mode to rwxr-xr-x: Operation not permitted
build	Cache Android SDK	2026-06-06T12:22:47.8503712Z /usr/bin/tar: ../../../../../usr/local/lib/android/sdk/platforms/android-34-ext10/data/res/values-mcc310-mnc270-pa: Cannot utime: Operation not permitted
build	Cache Android SDK	2026-06-06T12:22:47.8504786Z /usr/bin/tar: ../../../../../usr/local/lib/android/sdk/platforms/android-34-ext10/data/res/values-mcc310-mnc270-pa: Cannot change mode to rwxr-xr-x: Operation not permitted
build	Cache Android SDK	2026-06-06T12:22:47.8510835Z /usr/bin/tar: ../../../../../usr/local/lib/android/sdk/platforms/android-34-ext10/data/res/values-pl: Cannot utime: Operation not permitted
build	Cache Android SDK	2026-06-06T12:22:47.8511790Z /usr/bin/tar: ../../../../../usr/local/lib/android/sdk/platforms/android-34-ext10/data/res/values-pl: Cannot change mode to rwxr-xr-x: Operation not permitted
build	Cache Android SDK	2026-06-06T12:22:47.8514423Z /usr/bin/tar: ../../../../../usr/local/lib/android/sdk/platforms/android-34-ext10/data/res/values-mcc310-mnc490-ml: Cannot utime: Operation not permitted
build	Cache Android SDK	2026-06-06T12:22:47.8515400Z /usr/bin/tar: ../../../../../usr/local/lib/android/sdk/platforms/android-34-ext10/data/res/values-mcc310-mnc490-ml: Cannot change mode to rwxr-xr-x: Operation not permitted
build	Cache Android SDK	2026-06-06T12:22:47.8517702Z /usr/bin/tar: ../../../../../usr/local/lib/android/sdk/platforms/android-34-ext10/data/res/values-mcc310-mnc160-am: Cannot utime: Operation not permitted
build	Cache Android SDK	2026-06-06T12:22:47.8518785Z /usr/bin/tar: ../../../../../usr/local/lib/android/sdk/platforms/android-34-ext10/data/res/values-mcc310-mnc160-am: Cannot change mode to rwxr-xr-x: Operation not permitted
build	Cache Android SDK	2026-06-06T12:22:47.8520916Z /usr/bin/tar: ../../../../../usr/local/lib/android/sdk/platforms/android-34-ext10/data/res/values-mcc310-mnc170-es-rUS: Cannot utime: Operation not permitted
build	Cache Android SDK	2026-06-06T12:22:47.8521936Z /usr/bin/tar: ../../../../../usr/local/lib/android/sdk/platforms/android-34-ext10/data/res/values-mcc310-mnc170-es-rUS: Cannot change mode to rwxr-xr-x: Operation not permitted
build	Cache Android SDK	2026-06-06T12:22:47.8528744Z /usr/bin/tar: ../../../../../usr/local/lib/android/sdk/platforms/android-34-ext10/data/res/values-ca: Cannot utime: Operation not permitted
build	Cache Android SDK	2026-06-06T12:22:47.8530322Z /usr/bin/tar: ../../../../../usr/local/lib/android/sdk/platforms/android-34-ext10/data/res/values-ca: Cannot change mode to rwxr-xr-x: Operation not permitted
build	Cache Android SDK	2026-06-06T12:22:47.8531350Z /usr/bin/tar: ../../../../../usr/local/lib/android/sdk/platforms/android-34-ext10/data/res/values-mcc310-mnc210-am: Cannot utime: Operation not permitted
build	Cache Android SDK	2026-06-06T12:22:47.8532773Z /usr/bin/tar: ../../../../../usr/local/lib/android/sdk/platforms/android-34-ext10/data/res/values-mcc310-mnc210-am: Cannot change mode to rwxr-xr-x: Operation not permitted
build	Cache Android SDK	2026-06-06T12:22:47.8534091Z /usr/bin/tar: ../../../../../usr/local/lib/android/sdk/platforms/android-34-ext10/data/res/values-mcc310-mnc030-eu: Cannot utime: Operation not permitted
build	Cache Android SDK	2026-06-06T12:22:47.8535052Z /usr/bin/tar: ../../../../../usr/local/lib/android/sdk/platforms/android-34-ext10/data/res/values-mcc310-mnc030-eu: Cannot change mode to rwxr-xr-x: Operation not permitted
build	Cache Android SDK	2026-06-06T12:22:47.8536859Z /usr/bin/tar: ../../../../../usr/local/lib/android/sdk/platforms/android-34-ext10/data/res/values-mcc706-mnc04: Cannot utime: Operation not permitted
build	Cache Android SDK	2026-06-06T12:22:47.8539237Z /usr/bin/tar: ../../../../../usr/local/lib/android/sdk/platforms/android-34-ext10/data/res/values-mcc706-mnc04: Cannot change mode to rwxr-xr-x: Operation not permitted
build	Cache Android SDK	2026-06-06T12:22:47.8540624Z /usr/bin/tar: ../../../../../usr/local/lib/android/sdk/platforms/android-34-ext10/data/res/values-si-television: Cannot utime: Operation not permitted
build	Cache Android SDK	2026-06-06T12:22:47.8541728Z /usr/bin/tar: ../../../../../usr/local/lib/android/sdk/platforms/android-34-ext10/data/res/values-si-television: Cannot change mode to rwxr-xr-x: Operation not permitted
build	Cache Android SDK	2026-06-06T12:22:47.8543321Z /usr/bin/tar: ../../../../../usr/local/lib/android/sdk/platforms/android-34-ext10/data/res/values-mcc334-mnc020-sl: Cannot utime: Operation not permitted
build	Cache Android SDK	2026-06-06T12:22:47.8544276Z /usr/bin/tar: ../../../../../usr/local/lib/android/sdk/platforms/android-34-ext10/data/res/values-mcc334-mnc020-sl: Cannot change mode to rwxr-xr-x: Operation not permitted
build	Cache Android SDK	2026-06-06T12:22:47.8546506Z /usr/bin/tar: ../../../../../usr/local/lib/android/sdk/platforms/android-34-ext10/data/res/values-mcc310-mnc660-sv: Cannot utime: Operation not permitted
build	Cache Android SDK	2026-06-06T12:22:47.8547839Z /usr/bin/tar: ../../../../../usr/local/lib/android/sdk/platforms/android-34-ext10/data/res/values-mcc310-mnc660-sv: Cannot change mode to rwxr-xr-x: Operation not permitted
build	Cache Android SDK	2026-06-06T12:22:47.8549552Z /usr/bin/tar: ../../../../../usr/local/lib/android/sdk/platforms/android-34-ext10/data/res/values-mcc268-mnc03: Cannot utime: Operation not permitted
build	Cache Android SDK	2026-06-06T12:22:47.8550501Z /usr/bin/tar: ../../../../../usr/local/lib/android/sdk/platforms/android-34-ext10/data/res/values-mcc268-mnc03: Cannot change mode to rwxr-xr-x: Operation not permitted
build	Cache Android SDK	2026-06-06T12:22:47.8552846Z /usr/bin/tar: ../../../../../usr/local/lib/android/sdk/platforms/android-34-ext10/data/res/values-mcc310-mnc950-zh-rTW: Cannot utime: Operation not permitted
build	Cache Android SDK	2026-06-06T12:22:47.8553855Z /usr/bin/tar: ../../../../../usr/local/lib/android/sdk/platforms/android-34-ext10/data/res/values-mcc310-mnc950-zh-rTW: Cannot change mode to rwxr-xr-x: Operation not permitted
build	Cache Android SDK	2026-06-06T12:22:47.8556350Z /usr/bin/tar: ../../../../../usr/local/lib/android/sdk/platforms/android-34-ext10/data/res/values-mcc313-mnc100-sq: Cannot utime: Operation not permitted
build	Cache Android SDK	2026-06-06T12:22:47.8557905Z /usr/bin/tar: ../../../../../usr/local/lib/android/sdk/platforms/android-34-ext10/data/res/values-mcc313-mnc100-sq: Cannot change mode to rwxr-xr-x: Operation not permitted
build	Cache Android SDK	2026-06-06T12:22:47.8559770Z /usr/bin/tar: ../../../../../usr/local/lib/android/sdk/platforms/android-34-ext10/data/res/values-mcc310-mnc280-tr: Cannot utime: Operation not permitted
build	Cache Android SDK	2026-06-06T12:22:47.8560824Z /usr/bin/tar: ../../../../../usr/local/lib/android/sdk/platforms/android-34-ext10/data/res/values-mcc310-mnc280-tr: Cannot change mode to rwxr-xr-x: Operation not permitted
build	Cache Android SDK	2026-06-06T12:22:47.8562395Z /usr/bin/tar: ../../../../../usr/local/lib/android/sdk/platforms/android-34-ext10/data/res/values-mcc302-mnc370-fi: Cannot utime: Operation not permitted
build	Cache Android SDK	2026-06-06T12:22:47.8563363Z /usr/bin/tar: ../../../../../usr/local/lib/android/sdk/platforms/android-34-ext10/data/res/values-mcc302-mnc370-fi: Cannot change mode to rwxr-xr-x: Operation not permitted
build	Cache Android SDK	2026-06-06T12:22:47.8566111Z /usr/bin/tar: ../../../../../usr/local/lib/android/sdk/platforms/android-34-ext10/data/res/values-mcc310-mnc230-hi: Cannot utime: Operation not permitted
build	Cache Android SDK	2026-06-06T12:22:47.8567153Z /usr/bin/tar: ../../../../../usr/local/lib/android/sdk/platforms/android-34-ext10/data/res/values-mcc310-mnc230-hi: Cannot change mode to rwxr-xr-x: Operation not permitted
build	Cache Android SDK	2026-06-06T12:22:47.8573180Z /usr/bin/tar: ../../../../../usr/local/lib/android/sdk/platforms/android-34-ext10/data/res/values-az: Cannot utime: Operation not permitted
build	Cache Android SDK	2026-06-06T12:22:47.8574084Z /usr/bin/tar: ../../../../../usr/local/lib/android/sdk/platforms/android-34-ext10/data/res/values-az: Cannot change mode to rwxr-xr-x: Operation not permitted
build	Cache Android SDK	2026-06-06T12:22:47.8576381Z /usr/bin/tar: ../../../../../usr/local/lib/android/sdk/platforms/android-34-ext10/data/res/values-mcc310-mnc160-sr: Cannot utime: Operation not permitted
build	Cache Android SDK	2026-06-06T12:22:47.8577607Z /usr/bin/tar: ../../../../../usr/local/lib/android/sdk/platforms/android-34-ext10/data/res/values-mcc310-mnc160-sr: Cannot change mode to rwxr-xr-x: Operation not permitted
build	Cache Android SDK	2026-06-06T12:22:47.8579177Z /usr/bin/tar: ../../../../../usr/local/lib/android/sdk/platforms/android-34-ext10/data/res/values-mcc310-mnc250-vi: Cannot utime: Operation not permitted
build	Cache Android SDK	2026-06-06T12:22:47.8580144Z /usr/bin/tar: ../../../../../usr/local/lib/android/sdk/platforms/android-34-ext10/data/res/values-mcc310-mnc250-vi: Cannot change mode to rwxr-xr-x: Operation not permitted
build	Cache Android SDK	2026-06-06T12:22:47.8582857Z /usr/bin/tar: ../../../../../usr/local/lib/android/sdk/platforms/android-34-ext10/data/res/values-mcc302-mnc720-zu: Cannot utime: Operation not permitted
build	Cache Android SDK	2026-06-06T12:22:47.8584600Z /usr/bin/tar: ../../../../../usr/local/lib/android/sdk/platforms/android-34-ext10/data/res/values-mcc302-mnc720-zu: Cannot change mode to rwxr-xr-x: Operation not permitted
build	Cache Android SDK	2026-06-06T12:22:47.8586098Z /usr/bin/tar: ../../../../../usr/local/lib/android/sdk/platforms/android-34-ext10/data/res/values-lt-television: Cannot utime: Operation not permitted
build	Cache Android SDK	2026-06-06T12:22:47.8587208Z /usr/bin/tar: ../../../../../usr/local/lib/android/sdk/platforms/android-34-ext10/data/res/values-lt-television: Cannot change mode to rwxr-xr-x: Operation not permitted
build	Cache Android SDK	2026-06-06T12:22:47.8590525Z /usr/bin/tar: ../../../../../usr/local/lib/android/sdk/platforms/android-34-ext10/data/res/values-mcc313-mnc100-pt: Cannot utime: Operation not permitted
build	Cache Android SDK	2026-06-06T12:22:47.8591526Z /usr/bin/tar: ../../../../../usr/local/lib/android/sdk/platforms/android-34-ext10/data/res/values-mcc313-mnc100-pt: Cannot change mode to rwxr-xr-x: Operation not permitted
build	Cache Android SDK	2026-06-06T12:22:47.8593610Z /usr/bin/tar: ../../../../../usr/local/lib/android/sdk/platforms/android-34-ext10/data/res/values-mcc310-mnc660-km: Cannot utime: Operation not permitted
build	Cache Android SDK	2026-06-06T12:22:47.8594587Z /usr/bin/tar: ../../../../../usr/local/lib/android/sdk/platforms/android-34-ext10/data/res/values-mcc310-mnc660-km: Cannot change mode to rwxr-xr-x: Operation not permitted
build	Cache Android SDK	2026-06-06T12:22:47.8596869Z /usr/bin/tar: ../../../../../usr/local/lib/android/sdk/platforms/android-34-ext10/data/res/values-en-rXC-watch: Cannot utime: Operation not permitted
build	Cache Android SDK	2026-06-06T12:22:47.8598152Z /usr/bin/tar: ../../../../../usr/local/lib/android/sdk/platforms/android-34-ext10/data/res/values-en-rXC-watch: Cannot change mode to rwxr-xr-x: Operation not permitted
build	Cache Android SDK	2026-06-06T12:22:47.8600316Z /usr/bin/tar: ../../../../../usr/local/lib/android/sdk/platforms/android-34-ext10/data/res/values-mcc310-mnc310-pa: Cannot utime: Operation not permitted
build	Cache Android SDK	2026-06-06T12:22:47.8601287Z /usr/bin/tar: ../../../../../usr/local/lib/android/sdk/platforms/android-34-ext10/data/res/values-mcc310-mnc310-pa: Cannot change mode to rwxr-xr-x: Operation not permitted
build	Cache Android SDK	2026-06-06T12:22:47.8603310Z /usr/bin/tar: ../../../../../usr/local/lib/android/sdk/platforms/android-34-ext10/data/res/values-mcc312-mnc670-hy: Cannot utime: Operation not permitted
build	Cache Android SDK	2026-06-06T12:22:47.8604333Z /usr/bin/tar: ../../../../../usr/local/lib/android/sdk/platforms/android-34-ext10/data/res/values-mcc312-mnc670-hy: Cannot change mode to rwxr-xr-x: Operation not permitted
build	Cache Android SDK	2026-06-06T12:22:47.8606640Z /usr/bin/tar: ../../../../../usr/local/lib/android/sdk/platforms/android-34-ext10/data/res/values-mcc310-mnc220-ms: Cannot utime: Operation not permitted
build	Cache Android SDK	2026-06-06T12:22:47.8607841Z /usr/bin/tar: ../../../../../usr/local/lib/android/sdk/platforms/android-34-ext10/data/res/values-mcc310-mnc220-ms: Cannot change mode to rwxr-xr-x: Operation not permitted
build	Cache Android SDK	2026-06-06T12:22:47.8609672Z /usr/bin/tar: ../../../../../usr/local/lib/android/sdk/platforms/android-34-ext10/data/res/values-mcc302-mnc370-ko: Cannot utime: Operation not permitted
build	Cache Android SDK	2026-06-06T12:22:47.8610633Z /usr/bin/tar: ../../../../../usr/local/lib/android/sdk/platforms/android-34-ext10/data/res/values-mcc302-mnc370-ko: Cannot change mode to rwxr-xr-x: Operation not permitted
build	Cache Android SDK	2026-06-06T12:22:47.8613600Z /usr/bin/tar: ../../../../../usr/local/lib/android/sdk/platforms/android-34-ext10/data/res/values-mcc302-mnc720-my: Cannot utime: Operation not permitted
build	Cache Android SDK	2026-06-06T12:22:47.8614575Z /usr/bin/tar: ../../../../../usr/local/lib/android/sdk/platforms/android-34-ext10/data/res/values-mcc302-mnc720-my: Cannot change mode to rwxr-xr-x: Operation not permitted
build	Cache Android SDK	2026-06-06T12:22:47.8620909Z /usr/bin/tar: ../../../../../usr/local/lib/android/sdk/platforms/android-34-ext10/data/res/values-gu: Cannot utime: Operation not permitted
build	Cache Android SDK	2026-06-06T12:22:47.8622270Z /usr/bin/tar: ../../../../../usr/local/lib/android/sdk/platforms/android-34-ext10/data/res/values-gu: Cannot change mode to rwxr-xr-x: Operation not permitted
build	Cache Android SDK	2026-06-06T12:22:47.8624147Z /usr/bin/tar: ../../../../../usr/local/lib/android/sdk/platforms/android-34-ext10/data/res/values-mcc310-mnc270-in: Cannot utime: Operation not permitted
build	Cache Android SDK	2026-06-06T12:22:47.8625121Z /usr/bin/tar: ../../../../../usr/local/lib/android/sdk/platforms/android-34-ext10/data/res/values-mcc310-mnc270-in: Cannot change mode to rwxr-xr-x: Operation not permitted
build	Cache Android SDK	2026-06-06T12:22:47.8627793Z /usr/bin/tar: ../../../../../usr/local/lib/android/sdk/platforms/android-34-ext10/data/res/values-pa-watch: Cannot utime: Operation not permitted
build	Cache Android SDK	2026-06-06T12:22:47.8628727Z /usr/bin/tar: ../../../../../usr/local/lib/android/sdk/platforms/android-34-ext10/data/res/values-pa-watch: Cannot change mode to rwxr-xr-x: Operation not permitted
build	Cache Android SDK	2026-06-06T12:22:47.8631352Z /usr/bin/tar: ../../../../../usr/local/lib/android/sdk/platforms/android-34-ext10/data/res/values-mcc310-mnc170-ca: Cannot utime: Operation not permitted
build	Cache Android SDK	2026-06-06T12:22:47.8632320Z /usr/bin/tar: ../../../../../usr/local/lib/android/sdk/platforms/android-34-ext10/data/res/values-mcc310-mnc170-ca: Cannot change mode to rwxr-xr-x: Operation not permitted
build	Cache Android SDK	2026-06-06T12:22:47.8635191Z /usr/bin/tar: ../../../../../usr/local/lib/android/sdk/platforms/android-34-ext10/data/res/values-mcc310-mnc280-el: Cannot utime: Operation not permitted
build	Cache Android SDK	2026-06-06T12:22:47.8636174Z /usr/bin/tar: ../../../../../usr/local/lib/android/sdk/platforms/android-34-ext10/data/res/values-mcc310-mnc280-el: Cannot change mode to rwxr-xr-x: Operation not permitted
build	Cache Android SDK	2026-06-06T12:22:47.8638406Z /usr/bin/tar: ../../../../../usr/local/lib/android/sdk/platforms/android-34-ext10/data/res/values-mcc310-mnc310-km: Cannot utime: Operation not permitted
build	Cache Android SDK	2026-06-06T12:22:47.8639383Z /usr/bin/tar: ../../../../../usr/local/lib/android/sdk/platforms/android-34-ext10/data/res/values-mcc310-mnc310-km: Cannot change mode to rwxr-xr-x: Operation not permitted
build	Cache Android SDK	2026-06-06T12:22:47.8642198Z /usr/bin/tar: ../../../../../usr/local/lib/android/sdk/platforms/android-34-ext10/data/res/values-mcc302-mnc720-lt: Cannot utime: Operation not permitted
build	Cache Android SDK	2026-06-06T12:22:47.8643179Z /usr/bin/tar: ../../../../../usr/local/lib/android/sdk/platforms/android-34-ext10/data/res/values-mcc302-mnc720-lt: Cannot change mode to rwxr-xr-x: Operation not permitted
build	Cache Android SDK	2026-06-06T12:22:47.8645894Z /usr/bin/tar: ../../../../../usr/local/lib/android/sdk/platforms/android-34-ext10/data/res/values-mcc310-mnc230-en-rGB: Cannot utime: Operation not permitted
build	Cache Android SDK	2026-06-06T12:22:47.8646994Z /usr/bin/tar: ../../../../../usr/local/lib/android/sdk/platforms/android-34-ext10/data/res/values-mcc310-mnc230-en-rGB: Cannot change mode to rwxr-xr-x: Operation not permitted
build	Cache Android SDK	2026-06-06T12:22:47.8649660Z /usr/bin/tar: ../../../../../usr/local/lib/android/sdk/platforms/android-34-ext10/data/res/values-mcc310-mnc150-sv: Cannot utime: Operation not permitted
build	Cache Android SDK	2026-06-06T12:22:47.8650636Z /usr/bin/tar: ../../../../../usr/local/lib/android/sdk/platforms/android-34-ext10/data/res/values-mcc310-mnc150-sv: Cannot change mode to rwxr-xr-x: Operation not permitted
build	Cache Android SDK	2026-06-06T12:22:47.8653587Z /usr/bin/tar: ../../../../../usr/local/lib/android/sdk/platforms/android-34-ext10/data/res/mipmap-xhdpi: Cannot utime: Operation not permitted
build	Cache Android SDK	2026-06-06T12:22:47.8654529Z /usr/bin/tar: ../../../../../usr/local/lib/android/sdk/platforms/android-34-ext10/data/res/mipmap-xhdpi: Cannot change mode to rwxr-xr-x: Operation not permitted
build	Cache Android SDK	2026-06-06T12:22:47.8656889Z /usr/bin/tar: ../../../../../usr/local/lib/android/sdk/platforms/android-34-ext10/data/res/values-mcc310-mnc310-in: Cannot utime: Operation not permitted
build	Cache Android SDK	2026-06-06T12:22:47.8657962Z /usr/bin/tar: ../../../../../usr/local/lib/android/sdk/platforms/android-34-ext10/data/res/values-mcc310-mnc310-in: Cannot change mode to rwxr-xr-x: Operation not permitted
build	Cache Android SDK	2026-06-06T12:22:47.8660094Z /usr/bin/tar: ../../../../../usr/local/lib/android/sdk/platforms/android-34-ext10/data/res/values-mcc310-mnc950-pt-rBR: Cannot utime: Operation not permitted
build	Cache Android SDK	2026-06-06T12:22:47.8661100Z /usr/bin/tar: ../../../../../usr/local/lib/android/sdk/platforms/android-34-ext10/data/res/values-mcc310-mnc950-pt-rBR: Cannot change mode to rwxr-xr-x: Operation not permitted
build	Cache Android SDK	2026-06-06T12:22:47.8663170Z /usr/bin/tar: ../../../../../usr/local/lib/android/sdk/platforms/android-34-ext10/data/res/values-mn-television: Cannot utime: Operation not permitted
build	Cache Android SDK	2026-06-06T12:22:47.8664123Z /usr/bin/tar: ../../../../../usr/local/lib/android/sdk/platforms/android-34-ext10/data/res/values-mn-television: Cannot change mode to rwxr-xr-x: Operation not permitted
build	Cache Android SDK	2026-06-06T12:22:47.8670508Z /usr/bin/tar: ../../../../../usr/local/lib/android/sdk/platforms/android-34-ext10/data/res/values-it: Cannot utime: Operation not permitted
build	Cache Android SDK	2026-06-06T12:22:47.8672063Z /usr/bin/tar: ../../../../../usr/local/lib/android/sdk/platforms/android-34-ext10/data/res/values-it: Cannot change mode to rwxr-xr-x: Operation not permitted
build	Cache Android SDK	2026-06-06T12:22:47.8673885Z /usr/bin/tar: ../../../../../usr/local/lib/android/sdk/platforms/android-34-ext10/data/res/values-mcc310-mnc200-km: Cannot utime: Operation not permitted
build	Cache Android SDK	2026-06-06T12:22:47.8674860Z /usr/bin/tar: ../../../../../usr/local/lib/android/sdk/platforms/android-34-ext10/data/res/values-mcc310-mnc200-km: Cannot change mode to rwxr-xr-x: Operation not permitted
build	Cache Android SDK	2026-06-06T12:22:47.8677137Z /usr/bin/tar: ../../../../../usr/local/lib/android/sdk/platforms/android-34-ext10/data/res/values-mcc311-mnc180-af: Cannot utime: Operation not permitted
build	Cache Android SDK	2026-06-06T12:22:47.8678563Z /usr/bin/tar: ../../../../../usr/local/lib/android/sdk/platforms/android-34-ext10/data/res/values-mcc311-mnc180-af: Cannot change mode to rwxr-xr-x: Operation not permitted
build	Cache Android SDK	2026-06-06T12:22:47.8680069Z /usr/bin/tar: ../../../../../usr/local/lib/android/sdk/platforms/android-34-ext10/data/res/values-mcc310-mnc210: Cannot utime: Operation not permitted
build	Cache Android SDK	2026-06-06T12:22:47.8681086Z /usr/bin/tar: ../../../../../usr/local/lib/android/sdk/platforms/android-34-ext10/data/res/values-mcc310-mnc210: Cannot change mode to rwxr-xr-x: Operation not permitted
build	Cache Android SDK	2026-06-06T12:22:47.8682892Z /usr/bin/tar: ../../../../../usr/local/lib/android/sdk/platforms/android-34-ext10/data/res/values-mcc310-mnc030-hu: Cannot utime: Operation not permitted
build	Cache Android SDK	2026-06-06T12:22:47.8683850Z /usr/bin/tar: ../../../../../usr/local/lib/android/sdk/platforms/android-34-ext10/data/res/values-mcc310-mnc030-hu: Cannot change mode to rwxr-xr-x: Operation not permitted
build	Cache Android SDK	2026-06-06T12:22:47.8689677Z /usr/bin/tar: ../../../../../usr/local/lib/android/sdk/platforms/android-34-ext10/data/res/values-tl: Cannot utime: Operation not permitted
build	Cache Android SDK	2026-06-06T12:22:47.8690721Z /usr/bin/tar: ../../../../../usr/local/lib/android/sdk/platforms/android-34-ext10/data/res/values-tl: Cannot change mode to rwxr-xr-x: Operation not permitted
build	Cache Android SDK	2026-06-06T12:22:47.8692367Z /usr/bin/tar: ../../../../../usr/local/lib/android/sdk/platforms/android-34-ext10/data/res/values-fr-watch: Cannot utime: Operation not permitted
build	Cache Android SDK	2026-06-06T12:22:47.8693294Z /usr/bin/tar: ../../../../../usr/local/lib/android/sdk/platforms/android-34-ext10/data/res/values-fr-watch: Cannot change mode to rwxr-xr-x: Operation not permitted
build	Cache Android SDK	2026-06-06T12:22:47.8695213Z /usr/bin/tar: ../../../../../usr/local/lib/android/sdk/platforms/android-34-ext10/data/res/values-mcc310-mnc030-en-rGB: Cannot utime: Operation not permitted
build	Cache Android SDK	2026-06-06T12:22:47.8696213Z /usr/bin/tar: ../../../../../usr/local/lib/android/sdk/platforms/android-34-ext10/data/res/values-mcc310-mnc030-en-rGB: Cannot change mode to rwxr-xr-x: Operation not permitted
build	Cache Android SDK	2026-06-06T12:22:47.8698789Z /usr/bin/tar: ../../../../../usr/local/lib/android/sdk/platforms/android-34-ext10/data/res/values-mcc302-mnc720-mk: Cannot utime: Operation not permitted
build	Cache Android SDK	2026-06-06T12:22:47.8699779Z /usr/bin/tar: ../../../../../usr/local/lib/android/sdk/platforms/android-34-ext10/data/res/values-mcc302-mnc720-mk: Cannot change mode to rwxr-xr-x: Operation not permitted
build	Cache Android SDK	2026-06-06T12:22:47.8701914Z /usr/bin/tar: ../../../../../usr/local/lib/android/sdk/platforms/android-34-ext10/data/res/values-mcc310-mnc800-hu: Cannot utime: Operation not permitted
build	Cache Android SDK	2026-06-06T12:22:47.8702946Z /usr/bin/tar: ../../../../../usr/local/lib/android/sdk/platforms/android-34-ext10/data/res/values-mcc310-mnc800-hu: Cannot change mode to rwxr-xr-x: Operation not permitted
build	Cache Android SDK	2026-06-06T12:22:47.8705318Z /usr/bin/tar: ../../../../../usr/local/lib/android/sdk/platforms/android-34-ext10/data/res/values-mcc310-mnc250-hi: Cannot utime: Operation not permitted
build	Cache Android SDK	2026-06-06T12:22:47.8706578Z /usr/bin/tar: ../../../../../usr/local/lib/android/sdk/platforms/android-34-ext10/data/res/values-mcc310-mnc250-hi: Cannot change mode to rwxr-xr-x: Operation not permitted
build	Cache Android SDK	2026-06-06T12:22:47.8708157Z /usr/bin/tar: ../../../../../usr/local/lib/android/sdk/platforms/android-34-ext10/data/res/values-mcc310-mnc160-my: Cannot utime: Operation not permitted
build	Cache Android SDK	2026-06-06T12:22:47.8709202Z /usr/bin/tar: ../../../../../usr/local/lib/android/sdk/platforms/android-34-ext10/data/res/values-mcc310-mnc160-my: Cannot change mode to rwxr-xr-x: Operation not permitted
build	Cache Android SDK	2026-06-06T12:22:47.8710973Z /usr/bin/tar: ../../../../../usr/local/lib/android/sdk/platforms/android-34-ext10/data/res/values-mcc310-mnc410-mn: Cannot utime: Operation not permitted
build	Cache Android SDK	2026-06-06T12:22:47.8712042Z /usr/bin/tar: ../../../../../usr/local/lib/android/sdk/platforms/android-34-ext10/data/res/values-mcc310-mnc410-mn: Cannot change mode to rwxr-xr-x: Operation not permitted
build	Cache Android SDK	2026-06-06T12:22:47.8713658Z /usr/bin/tar: ../../../../../usr/local/lib/android/sdk/platforms/android-34-ext10/data/res/values-mcc310-mnc380-ur: Cannot utime: Operation not permitted
build	Cache Android SDK	2026-06-06T12:22:47.8714820Z /usr/bin/tar: ../../../../../usr/local/lib/android/sdk/platforms/android-34-ext10/data/res/values-mcc310-mnc380-ur: Cannot change mode to rwxr-xr-x: Operation not permitted
build	Cache Android SDK	2026-06-06T12:22:47.8716462Z /usr/bin/tar: ../../../../../usr/local/lib/android/sdk/platforms/android-34-ext10/data/res/values-mcc310-mnc150-ja: Cannot utime: Operation not permitted
build	Cache Android SDK	2026-06-06T12:22:47.8718262Z /usr/bin/tar: ../../../../../usr/local/lib/android/sdk/platforms/android-34-ext10/data/res/values-mcc310-mnc150-ja: Cannot change mode to rwxr-xr-x: Operation not permitted
build	Cache Android SDK	2026-06-06T12:22:47.8719841Z /usr/bin/tar: ../../../../../usr/local/lib/android/sdk/platforms/android-34-ext10/data/res/values-mcc310-mnc030-nl: Cannot utime: Operation not permitted
build	Cache Android SDK	2026-06-06T12:22:47.8720876Z /usr/bin/tar: ../../../../../usr/local/lib/android/sdk/platforms/android-34-ext10/data/res/values-mcc310-mnc030-nl: Cannot change mode to rwxr-xr-x: Operation not permitted
build	Cache Android SDK	2026-06-06T12:22:47.8722457Z /usr/bin/tar: ../../../../../usr/local/lib/android/sdk/platforms/android-34-ext10/data/res/values-mcc334-mnc020-ur: Cannot utime: Operation not permitted
build	Cache Android SDK	2026-06-06T12:22:47.8723441Z /usr/bin/tar: ../../../../../usr/local/lib/android/sdk/platforms/android-34-ext10/data/res/values-mcc334-mnc020-ur: Cannot change mode to rwxr-xr-x: Operation not permitted
build	Cache Android SDK	2026-06-06T12:22:47.8725440Z /usr/bin/tar: ../../../../../usr/local/lib/android/sdk/platforms/android-34-ext10/data/res/values-mcc001-mnc01-ky: Cannot utime: Operation not permitted
build	Cache Android SDK	2026-06-06T12:22:47.8726401Z /usr/bin/tar: ../../../../../usr/local/lib/android/sdk/platforms/android-34-ext10/data/res/values-mcc001-mnc01-ky: Cannot change mode to rwxr-xr-x: Operation not permitted
build	Cache Android SDK	2026-06-06T12:22:47.8728497Z /usr/bin/tar: ../../../../../usr/local/lib/android/sdk/platforms/android-34-ext10/data/res/values-mcc310-mnc250-it: Cannot utime: Operation not permitted
build	Cache Android SDK	2026-06-06T12:22:47.8729448Z /usr/bin/tar: ../../../../../usr/local/lib/android/sdk/platforms/android-34-ext10/data/res/values-mcc310-mnc250-it: Cannot change mode to rwxr-xr-x: Operation not permitted
build	Cache Android SDK	2026-06-06T12:22:47.8731710Z /usr/bin/tar: ../../../../../usr/local/lib/android/sdk/platforms/android-34-ext10/data/res/values-mcc310-mnc800-en-rAU: Cannot utime: Operation not permitted
build	Cache Android SDK	2026-06-06T12:22:47.8732707Z /usr/bin/tar: ../../../../../usr/local/lib/android/sdk/platforms/android-34-ext10/data/res/values-mcc310-mnc800-en-rAU: Cannot change mode to rwxr-xr-x: Operation not permitted
build	Cache Android SDK	2026-06-06T12:22:47.8734742Z /usr/bin/tar: ../../../../../usr/local/lib/android/sdk/platforms/android-34-ext10/data/res/values-mcc001: Cannot utime: Operation not permitted
build	Cache Android SDK	2026-06-06T12:22:47.8735642Z /usr/bin/tar: ../../../../../usr/local/lib/android/sdk/platforms/android-34-ext10/data/res/values-mcc001: Cannot change mode to rwxr-xr-x: Operation not permitted
build	Cache Android SDK	2026-06-06T12:22:47.8738274Z /usr/bin/tar: ../../../../../usr/local/lib/android/sdk/platforms/android-34-ext10/data/res/values-mcc310-mnc270-bg: Cannot utime: Operation not permitted
build	Cache Android SDK	2026-06-06T12:22:47.8739339Z /usr/bin/tar: ../../../../../usr/local/lib/android/sdk/platforms/android-34-ext10/data/res/values-mcc310-mnc270-bg: Cannot change mode to rwxr-xr-x: Operation not permitted
build	Cache Android SDK	2026-06-06T12:22:47.8741484Z /usr/bin/tar: ../../../../../usr/local/lib/android/sdk/platforms/android-34-ext10/data/res/values-xlarge-land: Cannot utime: Operation not permitted
build	Cache Android SDK	2026-06-06T12:22:47.8742435Z /usr/bin/tar: ../../../../../usr/local/lib/android/sdk/platforms/android-34-ext10/data/res/values-xlarge-land: Cannot change mode to rwxr-xr-x: Operation not permitted
build	Cache Android SDK	2026-06-06T12:22:47.8744373Z /usr/bin/tar: ../../../../../usr/local/lib/android/sdk/platforms/android-34-ext10/data/res/values-uk-watch: Cannot utime: Operation not permitted
build	Cache Android SDK	2026-06-06T12:22:47.8745280Z /usr/bin/tar: ../../../../../usr/local/lib/android/sdk/platforms/android-34-ext10/data/res/values-uk-watch: Cannot change mode to rwxr-xr-x: Operation not permitted
build	Cache Android SDK	2026-06-06T12:22:47.8747819Z /usr/bin/tar: ../../../../../usr/local/lib/android/sdk/platforms/android-34-ext10/data/res/values-mcc302-mnc720-sk: Cannot utime: Operation not permitted
build	Cache Android SDK	2026-06-06T12:22:47.8748849Z /usr/bin/tar: ../../../../../usr/local/lib/android/sdk/platforms/android-34-ext10/data/res/values-mcc302-mnc720-sk: Cannot change mode to rwxr-xr-x: Operation not permitted
build	Cache Android SDK	2026-06-06T12:22:47.8751701Z /usr/bin/tar: ../../../../../usr/local/lib/android/sdk/platforms/android-34-ext10/data/res/values-mcc310-mnc200-zh-rTW: Cannot utime: Operation not permitted
build	Cache Android SDK	2026-06-06T12:22:47.8752808Z /usr/bin/tar: ../../../../../usr/local/lib/android/sdk/platforms/android-34-ext10/data/res/values-mcc310-mnc200-zh-rTW: Cannot change mode to rwxr-xr-x: Operation not permitted
build	Cache Android SDK	2026-06-06T12:22:47.8754404Z /usr/bin/tar: ../../../../../usr/local/lib/android/sdk/platforms/android-34-ext10/data/res/values-mcc310-mnc410-si: Cannot utime: Operation not permitted
build	Cache Android SDK	2026-06-06T12:22:47.8755578Z /usr/bin/tar: ../../../../../usr/local/lib/android/sdk/platforms/android-34-ext10/data/res/values-mcc310-mnc410-si: Cannot change mode to rwxr-xr-x: Operation not permitted
build	Cache Android SDK	2026-06-06T12:22:47.8759462Z /usr/bin/tar: ../../../../../usr/local/lib/android/sdk/platforms/android-34-ext10/data/res/values-mcc310-mnc270-hu: Cannot utime: Operation not permitted
build	Cache Android SDK	2026-06-06T12:22:47.8760562Z /usr/bin/tar: ../../../../../usr/local/lib/android/sdk/platforms/android-34-ext10/data/res/values-mcc310-mnc270-hu: Cannot change mode to rwxr-xr-x: Operation not permitted
build	Cache Android SDK	2026-06-06T12:22:47.8762309Z /usr/bin/tar: ../../../../../usr/local/lib/android/sdk/platforms/android-34-ext10/data/res/values-mcc310-mnc800-pa: Cannot utime: Operation not permitted
build	Cache Android SDK	2026-06-06T12:22:47.8763267Z /usr/bin/tar: ../../../../../usr/local/lib/android/sdk/platforms/android-34-ext10/data/res/values-mcc310-mnc800-pa: Cannot change mode to rwxr-xr-x: Operation not permitted
build	Cache Android SDK	2026-06-06T12:22:47.8769477Z /usr/bin/tar: ../../../../../usr/local/lib/android/sdk/platforms/android-34-ext10/data/res/values-mn: Cannot utime: Operation not permitted
build	Cache Android SDK	2026-06-06T12:22:47.8770774Z /usr/bin/tar: ../../../../../usr/local/lib/android/sdk/platforms/android-34-ext10/data/res/values-mn: Cannot change mode to rwxr-xr-x: Operation not permitted
build	Cache Android SDK	2026-06-06T12:22:47.8772593Z /usr/bin/tar: ../../../../../usr/local/lib/android/sdk/platforms/android-34-ext10/data/res/values-lv-rLV: Cannot utime: Operation not permitted
build	Cache Android SDK	2026-06-06T12:22:47.8773515Z /usr/bin/tar: ../../../../../usr/local/lib/android/sdk/platforms/android-34-ext10/data/res/values-lv-rLV: Cannot change mode to rwxr-xr-x: Operation not permitted
build	Cache Android SDK	2026-06-06T12:22:47.8775759Z /usr/bin/tar: ../../../../../usr/local/lib/android/sdk/platforms/android-34-ext10/data/res/values-mcc313-mnc100-lt: Cannot utime: Operation not permitted
build	Cache Android SDK	2026-06-06T12:22:47.8776727Z /usr/bin/tar: ../../../../../usr/local/lib/android/sdk/platforms/android-34-ext10/data/res/values-mcc313-mnc100-lt: Cannot change mode to rwxr-xr-x: Operation not permitted
build	Cache Android SDK	2026-06-06T12:22:47.8779568Z /usr/bin/tar: ../../../../../usr/local/lib/android/sdk/platforms/android-34-ext10/data/res/raw-it: Cannot utime: Operation not permitted
build	Cache Android SDK	2026-06-06T12:22:47.8780455Z /usr/bin/tar: ../../../../../usr/local/lib/android/sdk/platforms/android-34-ext10/data/res/raw-it: Cannot change mode to rwxr-xr-x: Operation not permitted
build	Cache Android SDK	2026-06-06T12:22:47.8782621Z /usr/bin/tar: ../../../../../usr/local/lib/android/sdk/platforms/android-34-ext10/data/res/values-mcc312-mnc670-my: Cannot utime: Operation not permitted
build	Cache Android SDK	2026-06-06T12:22:47.8783583Z /usr/bin/tar: ../../../../../usr/local/lib/android/sdk/platforms/android-34-ext10/data/res/values-mcc312-mnc670-my: Cannot change mode to rwxr-xr-x: Operation not permitted
build	Cache Android SDK	2026-06-06T12:22:47.8786284Z /usr/bin/tar: ../../../../../usr/local/lib/android/sdk/platforms/android-34-ext10/data/res/values-sr-watch: Cannot utime: Operation not permitted
build	Cache Android SDK	2026-06-06T12:22:47.8787206Z /usr/bin/tar: ../../../../../usr/local/lib/android/sdk/platforms/android-34-ext10/data/res/values-sr-watch: Cannot change mode to rwxr-xr-x: Operation not permitted
build	Cache Android SDK	2026-06-06T12:22:47.8792075Z /usr/bin/tar: ../../../../../usr/local/lib/android/sdk/platforms/android-34-ext10/data/res/values-mcc310-mnc660-lv: Cannot utime: Operation not permitted
build	Cache Android SDK	2026-06-06T12:22:47.8793048Z /usr/bin/tar: ../../../../../usr/local/lib/android/sdk/platforms/android-34-ext10/data/res/values-mcc310-mnc660-lv: Cannot change mode to rwxr-xr-x: Operation not permitted
build	Cache Android SDK	2026-06-06T12:22:47.8795187Z /usr/bin/tar: ../../../../../usr/local/lib/android/sdk/platforms/android-34-ext10/data/res/values-mcc001-mnc01-en-rAU: Cannot utime: Operation not permitted
build	Cache Android SDK	2026-06-06T12:22:47.8796190Z /usr/bin/tar: ../../../../../usr/local/lib/android/sdk/platforms/android-34-ext10/data/res/values-mcc001-mnc01-en-rAU: Cannot change mode to rwxr-xr-x: Operation not permitted
build	Cache Android SDK	2026-06-06T12:22:47.8798513Z /usr/bin/tar: ../../../../../usr/local/lib/android/sdk/platforms/android-34-ext10/data/res/values-mcc310-mnc660-mn: Cannot utime: Operation not permitted
build	Cache Android SDK	2026-06-06T12:22:47.8799543Z /usr/bin/tar: ../../../../../usr/local/lib/android/sdk/platforms/android-34-ext10/data/res/values-mcc310-mnc660-mn: Cannot change mode to rwxr-xr-x: Operation not permitted
build	Cache Android SDK	2026-06-06T12:22:47.8802427Z /usr/bin/tar: ../../../../../usr/local/lib/android/sdk/platforms/android-34-ext10/data/res/values-mcc313-mnc100-pt-rPT: Cannot utime: Operation not permitted
build	Cache Android SDK	2026-06-06T12:22:47.8803440Z /usr/bin/tar: ../../../../../usr/local/lib/android/sdk/platforms/android-34-ext10/data/res/values-mcc313-mnc100-pt-rPT: Cannot change mode to rwxr-xr-x: Operation not permitted
build	Cache Android SDK	2026-06-06T12:22:47.8806608Z /usr/bin/tar: ../../../../../usr/local/lib/android/sdk/platforms/android-34-ext10/data/res/values-mcc302-mnc720-et: Cannot utime: Operation not permitted
build	Cache Android SDK	2026-06-06T12:22:47.8807924Z /usr/bin/tar: ../../../../../usr/local/lib/android/sdk/platforms/android-34-ext10/data/res/values-mcc302-mnc720-et: Cannot change mode to rwxr-xr-x: Operation not permitted
build	Cache Android SDK	2026-06-06T12:22:47.8809945Z /usr/bin/tar: ../../../../../usr/local/lib/android/sdk/platforms/android-34-ext10/data/res/values-mcc310-mnc410-zu: Cannot utime: Operation not permitted
build	Cache Android SDK	2026-06-06T12:22:47.8810948Z /usr/bin/tar: ../../../../../usr/local/lib/android/sdk/platforms/android-34-ext10/data/res/values-mcc310-mnc410-zu: Cannot change mode to rwxr-xr-x: Operation not permitted
build	Cache Android SDK	2026-06-06T12:22:47.8817035Z /usr/bin/tar: ../../../../../usr/local/lib/android/sdk/platforms/android-34-ext10/data/res/values-zu: Cannot utime: Operation not permitted
build	Cache Android SDK	2026-06-06T12:22:47.8818478Z /usr/bin/tar: ../../../../../usr/local/lib/android/sdk/platforms/android-34-ext10/data/res/values-zu: Cannot change mode to rwxr-xr-x: Operation not permitted
build	Cache Android SDK	2026-06-06T12:22:47.8820467Z /usr/bin/tar: ../../../../../usr/local/lib/android/sdk/platforms/android-34-ext10/data/res/values-mcc310-mnc150-mk: Cannot utime: Operation not permitted
build	Cache Android SDK	2026-06-06T12:22:47.8821450Z /usr/bin/tar: ../../../../../usr/local/lib/android/sdk/platforms/android-34-ext10/data/res/values-mcc310-mnc150-mk: Cannot change mode to rwxr-xr-x: Operation not permitted
build	Cache Android SDK	2026-06-06T12:22:47.8824214Z /usr/bin/tar: ../../../../../usr/local/lib/android/sdk/platforms/android-34-ext10/data/res/values-mcc310-mnc410-zh-rHK: Cannot utime: Operation not permitted
build	Cache Android SDK	2026-06-06T12:22:47.8825209Z /usr/bin/tar: ../../../../../usr/local/lib/android/sdk/platforms/android-34-ext10/data/res/values-mcc310-mnc410-zh-rHK: Cannot change mode to rwxr-xr-x: Operation not permitted
build	Cache Android SDK	2026-06-06T12:22:47.8827678Z /usr/bin/tar: ../../../../../usr/local/lib/android/sdk/platforms/android-34-ext10/data/res/values-mcc310-mnc280-tl: Cannot utime: Operation not permitted
build	Cache Android SDK	2026-06-06T12:22:47.8828641Z /usr/bin/tar: ../../../../../usr/local/lib/android/sdk/platforms/android-34-ext10/data/res/values-mcc310-mnc280-tl: Cannot change mode to rwxr-xr-x: Operation not permitted
build	Cache Android SDK	2026-06-06T12:22:47.8830475Z /usr/bin/tar: ../../../../../usr/local/lib/android/sdk/platforms/android-34-ext10/data/res/values-mcc310-mnc200-pt-rBR: Cannot utime: Operation not permitted
build	Cache Android SDK	2026-06-06T12:22:47.8831578Z /usr/bin/tar: ../../../../../usr/local/lib/android/sdk/platforms/android-34-ext10/data/res/values-mcc310-mnc200-pt-rBR: Cannot change mode to rwxr-xr-x: Operation not permitted
build	Cache Android SDK	2026-06-06T12:22:47.8834182Z /usr/bin/tar: ../../../../../usr/local/lib/android/sdk/platforms/android-34-ext10/data/res/values-mcc310-mnc410-en-rCA: Cannot utime: Operation not permitted
build	Cache Android SDK	2026-06-06T12:22:47.8835188Z /usr/bin/tar: ../../../../../usr/local/lib/android/sdk/platforms/android-34-ext10/data/res/values-mcc310-mnc410-en-rCA: Cannot change mode to rwxr-xr-x: Operation not permitted
build	Cache Android SDK	2026-06-06T12:22:47.8837750Z /usr/bin/tar: ../../../../../usr/local/lib/android/sdk/platforms/android-34-ext10/data/res/values-mcc310-mnc030-ro: Cannot utime: Operation not permitted
build	Cache Android SDK	2026-06-06T12:22:47.8838716Z /usr/bin/tar: ../../../../../usr/local/lib/android/sdk/platforms/android-34-ext10/data/res/values-mcc310-mnc030-ro: Cannot change mode to rwxr-xr-x: Operation not permitted
build	Cache Android SDK	2026-06-06T12:22:47.8841047Z /usr/bin/tar: ../../../../../usr/local/lib/android/sdk/platforms/android-34-ext10/data/res/values-mcc310-mnc380-ky: Cannot utime: Operation not permitted
build	Cache Android SDK	2026-06-06T12:22:47.8842029Z /usr/bin/tar: ../../../../../usr/local/lib/android/sdk/platforms/android-34-ext10/data/res/values-mcc310-mnc380-ky: Cannot change mode to rwxr-xr-x: Operation not permitted
build	Cache Android SDK	2026-06-06T12:22:47.8844311Z /usr/bin/tar: ../../../../../usr/local/lib/android/sdk/platforms/android-34-ext10/data/res/values-mcc310-mnc800-et: Cannot utime: Operation not permitted
build	Cache Android SDK	2026-06-06T12:22:47.8845289Z /usr/bin/tar: ../../../../../usr/local/lib/android/sdk/platforms/android-34-ext10/data/res/values-mcc310-mnc800-et: Cannot change mode to rwxr-xr-x: Operation not permitted
build	Cache Android SDK	2026-06-06T12:22:47.8851342Z /usr/bin/tar: ../../../../../usr/local/lib/android/sdk/platforms/android-34-ext10/data/res/values-be: Cannot utime: Operation not permitted
build	Cache Android SDK	2026-06-06T12:22:47.8852414Z /usr/bin/tar: ../../../../../usr/local/lib/android/sdk/platforms/android-34-ext10/data/res/values-be: Cannot change mode to rwxr-xr-x: Operation not permitted
build	Cache Android SDK	2026-06-06T12:22:47.8854180Z /usr/bin/tar: ../../../../../usr/local/lib/android/sdk/platforms/android-34-ext10/data/res/values-mcc310-mnc310-el: Cannot utime: Operation not permitted
build	Cache Android SDK	2026-06-06T12:22:47.8855160Z /usr/bin/tar: ../../../../../usr/local/lib/android/sdk/platforms/android-34-ext10/data/res/values-mcc310-mnc310-el: Cannot change mode to rwxr-xr-x: Operation not permitted
build	Cache Android SDK	2026-06-06T12:22:47.8857630Z /usr/bin/tar: ../../../../../usr/local/lib/android/sdk/platforms/android-34-ext10/data/res/values-mcc310-mnc490-ta: Cannot utime: Operation not permitted
build	Cache Android SDK	2026-06-06T12:22:47.8858712Z /usr/bin/tar: ../../../../../usr/local/lib/android/sdk/platforms/android-34-ext10/data/res/values-mcc310-mnc490-ta: Cannot change mode to rwxr-xr-x: Operation not permitted
build	Cache Android SDK	2026-06-06T12:22:47.8860489Z /usr/bin/tar: ../../../../../usr/local/lib/android/sdk/platforms/android-34-ext10/data/res/values-mcc310-mnc310-hu: Cannot utime: Operation not permitted
build	Cache Android SDK	2026-06-06T12:22:47.8861567Z /usr/bin/tar: ../../../../../usr/local/lib/android/sdk/platforms/android-34-ext10/data/res/values-mcc310-mnc310-hu: Cannot change mode to rwxr-xr-x: Operation not permitted
build	Cache Android SDK	2026-06-06T12:22:47.8864094Z /usr/bin/tar: ../../../../../usr/local/lib/android/sdk/platforms/android-34-ext10/data/res/values-mcc310-mnc800-ko: Cannot utime: Operation not permitted
build	Cache Android SDK	2026-06-06T12:22:47.8865065Z /usr/bin/tar: ../../../../../usr/local/lib/android/sdk/platforms/android-34-ext10/data/res/values-mcc310-mnc800-ko: Cannot change mode to rwxr-xr-x: Operation not permitted
build	Cache Android SDK	2026-06-06T12:22:47.8867618Z /usr/bin/tar: ../../../../../usr/local/lib/android/sdk/platforms/android-34-ext10/data/res/values-mcc311-mnc180-km: Cannot utime: Operation not permitted
build	Cache Android SDK	2026-06-06T12:22:47.8868597Z /usr/bin/tar: ../../../../../usr/local/lib/android/sdk/platforms/android-34-ext10/data/res/values-mcc311-mnc180-km: Cannot change mode to rwxr-xr-x: Operation not permitted
build	Cache Android SDK	2026-06-06T12:22:47.8870706Z /usr/bin/tar: ../../../../../usr/local/lib/android/sdk/platforms/android-34-ext10/data/res/values-mcc310-mnc660-az: Cannot utime: Operation not permitted
build	Cache Android SDK	2026-06-06T12:22:47.8871817Z /usr/bin/tar: ../../../../../usr/local/lib/android/sdk/platforms/android-34-ext10/data/res/values-mcc310-mnc660-az: Cannot change mode to rwxr-xr-x: Operation not permitted
build	Cache Android SDK	2026-06-06T12:22:47.8874381Z /usr/bin/tar: ../../../../../usr/local/lib/android/sdk/platforms/android-34-ext10/data/res/values-mcc310-mnc210-zh-rHK: Cannot utime: Operation not permitted
build	Cache Android SDK	2026-06-06T12:22:47.8875391Z /usr/bin/tar: ../../../../../usr/local/lib/android/sdk/platforms/android-34-ext10/data/res/values-mcc310-mnc210-zh-rHK: Cannot change mode to rwxr-xr-x: Operation not permitted
build	Cache Android SDK	2026-06-06T12:22:47.8877250Z /usr/bin/tar: ../../../../../usr/local/lib/android/sdk/platforms/android-34-ext10/data/res/values-ja-watch: Cannot utime: Operation not permitted
build	Cache Android SDK	2026-06-06T12:22:47.8878580Z /usr/bin/tar: ../../../../../usr/local/lib/android/sdk/platforms/android-34-ext10/data/res/values-ja-watch: Cannot change mode to rwxr-xr-x: Operation not permitted
build	Cache Android SDK	2026-06-06T12:22:47.8880270Z /usr/bin/tar: ../../../../../usr/local/lib/android/sdk/platforms/android-34-ext10/data/res/values-mcc312-mnc670-zh-rCN: Cannot utime: Operation not permitted
build	Cache Android SDK	2026-06-06T12:22:47.8881272Z /usr/bin/tar: ../../../../../usr/local/lib/android/sdk/platforms/android-34-ext10/data/res/values-mcc312-mnc670-zh-rCN: Cannot change mode to rwxr-xr-x: Operation not permitted
build	Cache Android SDK	2026-06-06T12:22:47.8883414Z /usr/bin/tar: ../../../../../usr/local/lib/android/sdk/platforms/android-34-ext10/data/res/values-mcc302-mnc370-en-rXC: Cannot utime: Operation not permitted
build	Cache Android SDK	2026-06-06T12:22:47.8884421Z /usr/bin/tar: ../../../../../usr/local/lib/android/sdk/platforms/android-34-ext10/data/res/values-mcc302-mnc370-en-rXC: Cannot change mode to rwxr-xr-x: Operation not permitted
build	Cache Android SDK	2026-06-06T12:22:47.8886760Z /usr/bin/tar: ../../../../../usr/local/lib/android/sdk/platforms/android-34-ext10/data/res/values-mcc310-mnc160-kn: Cannot utime: Operation not permitted
build	Cache Android SDK	2026-06-06T12:22:47.8887965Z /usr/bin/tar: ../../../../../usr/local/lib/android/sdk/platforms/android-34-ext10/data/res/values-mcc310-mnc160-kn: Cannot change mode to rwxr-xr-x: Operation not permitted
build	Cache Android SDK	2026-06-06T12:22:47.8889916Z /usr/bin/tar: ../../../../../usr/local/lib/android/sdk/platforms/android-34-ext10/data/res/values-mcc310-mnc170-th: Cannot utime: Operation not permitted
build	Cache Android SDK	2026-06-06T12:22:47.8890876Z /usr/bin/tar: ../../../../../usr/local/lib/android/sdk/platforms/android-34-ext10/data/res/values-mcc310-mnc170-th: Cannot change mode to rwxr-xr-x: Operation not permitted
build	Cache Android SDK	2026-06-06T12:22:47.8896683Z /usr/bin/tar: ../../../../../usr/local/lib/android/sdk/platforms/android-34-ext10/data/res/values-en-rCA: Cannot utime: Operation not permitted
build	Cache Android SDK	2026-06-06T12:22:47.8898227Z /usr/bin/tar: ../../../../../usr/local/lib/android/sdk/platforms/android-34-ext10/data/res/values-en-rCA: Cannot change mode to rwxr-xr-x: Operation not permitted
build	Cache Android SDK	2026-06-06T12:22:47.8899920Z /usr/bin/tar: ../../../../../usr/local/lib/android/sdk/platforms/android-34-ext10/data/res/values-mcc310-mnc490-vi: Cannot utime: Operation not permitted
build	Cache Android SDK	2026-06-06T12:22:47.8901052Z /usr/bin/tar: ../../../../../usr/local/lib/android/sdk/platforms/android-34-ext10/data/res/values-mcc310-mnc490-vi: Cannot change mode to rwxr-xr-x: Operation not permitted
build	Cache Android SDK	2026-06-06T12:22:47.8903139Z /usr/bin/tar: ../../../../../usr/local/lib/android/sdk/platforms/android-34-ext10/data/res/values-mcc310-mnc210-eu: Cannot utime: Operation not permitted
build	Cache Android SDK	2026-06-06T12:22:47.8904240Z /usr/bin/tar: ../../../../../usr/local/lib/android/sdk/platforms/android-34-ext10/data/res/values-mcc310-mnc210-eu: Cannot change mode to rwxr-xr-x: Operation not permitted
build	Cache Android SDK	2026-06-06T12:22:47.8906316Z /usr/bin/tar: ../../../../../usr/local/lib/android/sdk/platforms/android-34-ext10/data/res/values-mcc312-mnc670-si: Cannot utime: Operation not permitted
build	Cache Android SDK	2026-06-06T12:22:47.8907647Z /usr/bin/tar: ../../../../../usr/local/lib/android/sdk/platforms/android-34-ext10/data/res/values-mcc312-mnc670-si: Cannot change mode to rwxr-xr-x: Operation not permitted
build	Cache Android SDK	2026-06-06T12:22:47.8910089Z /usr/bin/tar: ../../../../../usr/local/lib/android/sdk/platforms/android-34-ext10/data/res/mipmap-mdpi: Cannot utime: Operation not permitted
build	Cache Android SDK	2026-06-06T12:22:47.8911003Z /usr/bin/tar: ../../../../../usr/local/lib/android/sdk/platforms/android-34-ext10/data/res/mipmap-mdpi: Cannot change mode to rwxr-xr-x: Operation not permitted
build	Cache Android SDK	2026-06-06T12:22:47.8913086Z /usr/bin/tar: ../../../../../usr/local/lib/android/sdk/platforms/android-34-ext10/data/res/values-mcc310-mnc170-is: Cannot utime: Operation not permitted
build	Cache Android SDK	2026-06-06T12:22:47.8914065Z /usr/bin/tar: ../../../../../usr/local/lib/android/sdk/platforms/android-34-ext10/data/res/values-mcc310-mnc170-is: Cannot change mode to rwxr-xr-x: Operation not permitted
build	Cache Android SDK	2026-06-06T12:22:47.8916453Z /usr/bin/tar: ../../../../../usr/local/lib/android/sdk/platforms/android-34-ext10/data/res/values-mcc310-mnc950-et: Cannot utime: Operation not permitted
build	Cache Android SDK	2026-06-06T12:22:47.8917691Z /usr/bin/tar: ../../../../../usr/local/lib/android/sdk/platforms/android-34-ext10/data/res/values-mcc310-mnc950-et: Cannot change mode to rwxr-xr-x: Operation not permitted
build	Cache Android SDK	2026-06-06T12:22:47.8919981Z /usr/bin/tar: ../../../../../usr/local/lib/android/sdk/platforms/android-34-ext10/data/res/values-mcc310-mnc200-gu: Cannot utime: Operation not permitted
build	Cache Android SDK	2026-06-06T12:22:47.8920940Z /usr/bin/tar: ../../../../../usr/local/lib/android/sdk/platforms/android-34-ext10/data/res/values-mcc310-mnc200-gu: Cannot change mode to rwxr-xr-x: Operation not permitted
build	Cache Android SDK	2026-06-06T12:22:47.8923326Z /usr/bin/tar: ../../../../../usr/local/lib/android/sdk/platforms/android-34-ext10/data/res/values-mcc313-mnc100-ar: Cannot utime: Operation not permitted
build	Cache Android SDK	2026-06-06T12:22:47.8924290Z /usr/bin/tar: ../../../../../usr/local/lib/android/sdk/platforms/android-34-ext10/data/res/values-mcc313-mnc100-ar: Cannot change mode to rwxr-xr-x: Operation not permitted
build	Cache Android SDK	2026-06-06T12:22:47.8926625Z /usr/bin/tar: ../../../../../usr/local/lib/android/sdk/platforms/android-34-ext10/data/res/values-mcc001-mnc01-nl: Cannot utime: Operation not permitted
build	Cache Android SDK	2026-06-06T12:22:47.8927798Z /usr/bin/tar: ../../../../../usr/local/lib/android/sdk/platforms/android-34-ext10/data/res/values-mcc001-mnc01-nl: Cannot change mode to rwxr-xr-x: Operation not permitted
build	Cache Android SDK	2026-06-06T12:22:47.8930155Z /usr/bin/tar: ../../../../../usr/local/lib/android/sdk/platforms/android-34-ext10/data/res/values-mcc310-mnc270-pt-rBR: Cannot utime: Operation not permitted
build	Cache Android SDK	2026-06-06T12:22:47.8931170Z /usr/bin/tar: ../../../../../usr/local/lib/android/sdk/platforms/android-34-ext10/data/res/values-mcc310-mnc270-pt-rBR: Cannot change mode to rwxr-xr-x: Operation not permitted
build	Cache Android SDK	2026-06-06T12:22:47.8933429Z /usr/bin/tar: ../../../../../usr/local/lib/android/sdk/platforms/android-34-ext10/data/res/values-mcc310-mnc410-nb: Cannot utime: Operation not permitted
build	Cache Android SDK	2026-06-06T12:22:47.8934402Z /usr/bin/tar: ../../../../../usr/local/lib/android/sdk/platforms/android-34-ext10/data/res/values-mcc310-mnc410-nb: Cannot change mode to rwxr-xr-x: Operation not permitted
build	Cache Android SDK	2026-06-06T12:22:47.8936726Z /usr/bin/tar: ../../../../../usr/local/lib/android/sdk/platforms/android-34-ext10/data/res/values-iw-television: Cannot utime: Operation not permitted
build	Cache Android SDK	2026-06-06T12:22:47.8937840Z /usr/bin/tar: ../../../../../usr/local/lib/android/sdk/platforms/android-34-ext10/data/res/values-iw-television: Cannot change mode to rwxr-xr-x: Operation not permitted
build	Cache Android SDK	2026-06-06T12:22:47.8940533Z /usr/bin/tar: ../../../../../usr/local/lib/android/sdk/platforms/android-34-ext10/data/res/values-mcc334-mnc020-da: Cannot utime: Operation not permitted
build	Cache Android SDK	2026-06-06T12:22:47.8941514Z /usr/bin/tar: ../../../../../usr/local/lib/android/sdk/platforms/android-34-ext10/data/res/values-mcc334-mnc020-da: Cannot change mode to rwxr-xr-x: Operation not permitted
build	Cache Android SDK	2026-06-06T12:22:47.8943458Z /usr/bin/tar: ../../../../../usr/local/lib/android/sdk/platforms/android-34-ext10/data/res/values-mcc001-mnc01-zh-rHK: Cannot utime: Operation not permitted
build	Cache Android SDK	2026-06-06T12:22:47.8944573Z /usr/bin/tar: ../../../../../usr/local/lib/android/sdk/platforms/android-34-ext10/data/res/values-mcc001-mnc01-zh-rHK: Cannot change mode to rwxr-xr-x: Operation not permitted
build	Cache Android SDK	2026-06-06T12:22:47.8947553Z /usr/bin/tar: ../../../../../usr/local/lib/android/sdk/platforms/android-34-ext10/data/res/values-mcc310-mnc270-ar: Cannot utime: Operation not permitted
build	Cache Android SDK	2026-06-06T12:22:47.8948558Z /usr/bin/tar: ../../../../../usr/local/lib/android/sdk/platforms/android-34-ext10/data/res/values-mcc310-mnc270-ar: Cannot change mode to rwxr-xr-x: Operation not permitted
build	Cache Android SDK	2026-06-06T12:22:47.8951224Z /usr/bin/tar: ../../../../../usr/local/lib/android/sdk/platforms/android-34-ext10/data/res/values-mcc001-mnc01-tr: Cannot utime: Operation not permitted
build	Cache Android SDK	2026-06-06T12:22:47.8952205Z /usr/bin/tar: ../../../../../usr/local/lib/android/sdk/platforms/android-34-ext10/data/res/values-mcc001-mnc01-tr: Cannot change mode to rwxr-xr-x: Operation not permitted
build	Cache Android SDK	2026-06-06T12:22:47.8955276Z /usr/bin/tar: ../../../../../usr/local/lib/android/sdk/platforms/android-34-ext10/data/res/values-mcc310-mnc030-mn: Cannot utime: Operation not permitted
build	Cache Android SDK	2026-06-06T12:22:47.8956360Z /usr/bin/tar: ../../../../../usr/local/lib/android/sdk/platforms/android-34-ext10/data/res/values-mcc310-mnc030-mn: Cannot change mode to rwxr-xr-x: Operation not permitted
build	Cache Android SDK	2026-06-06T12:22:47.8959369Z /usr/bin/tar: ../../../../../usr/local/lib/android/sdk/platforms/android-34-ext10/data/res/values-mcc302-mnc720-en-rXC: Cannot utime: Operation not permitted
build	Cache Android SDK	2026-06-06T12:22:47.8960391Z /usr/bin/tar: ../../../../../usr/local/lib/android/sdk/platforms/android-34-ext10/data/res/values-mcc302-mnc720-en-rXC: Cannot change mode to rwxr-xr-x: Operation not permitted
build	Cache Android SDK	2026-06-06T12:22:47.8963354Z /usr/bin/tar: ../../../../../usr/local/lib/android/sdk/platforms/android-34-ext10/data/res/values-mcc310-mnc160-nb: Cannot utime: Operation not permitted
build	Cache Android SDK	2026-06-06T12:22:47.8964354Z /usr/bin/tar: ../../../../../usr/local/lib/android/sdk/platforms/android-34-ext10/data/res/values-mcc310-mnc160-nb: Cannot change mode to rwxr-xr-x: Operation not permitted
build	Cache Android SDK	2026-06-06T12:22:47.8966391Z /usr/bin/tar: ../../../../../usr/local/lib/android/sdk/platforms/android-34-ext10/data/res/values-mcc310-mnc150-da: Cannot utime: Operation not permitted
build	Cache Android SDK	2026-06-06T12:22:47.8967554Z /usr/bin/tar: ../../../../../usr/local/lib/android/sdk/platforms/android-34-ext10/data/res/values-mcc310-mnc150-da: Cannot change mode to rwxr-xr-x: Operation not permitted
build	Cache Android SDK	2026-06-06T12:22:47.8970474Z /usr/bin/tar: ../../../../../usr/local/lib/android/sdk/platforms/android-34-ext10/data/res/values-mcc310-mnc800-en-rGB: Cannot utime: Operation not permitted
build	Cache Android SDK	2026-06-06T12:22:47.8971482Z /usr/bin/tar: ../../../../../usr/local/lib/android/sdk/platforms/android-34-ext10/data/res/values-mcc310-mnc800-en-rGB: Cannot change mode to rwxr-xr-x: Operation not permitted
build	Cache Android SDK	2026-06-06T12:22:47.8974551Z /usr/bin/tar: ../../../../../usr/local/lib/android/sdk/platforms/android-34-ext10/data/res/values-mcc310-mnc170-bn: Cannot utime: Operation not permitted
build	Cache Android SDK	2026-06-06T12:22:47.8975772Z /usr/bin/tar: ../../../../../usr/local/lib/android/sdk/platforms/android-34-ext10/data/res/values-mcc310-mnc170-bn: Cannot change mode to rwxr-xr-x: Operation not permitted
build	Cache Android SDK	2026-06-06T12:22:47.8977694Z /usr/bin/tar: ../../../../../usr/local/lib/android/sdk/platforms/android-34-ext10/data/res/values-mcc310-mnc150-zh-rHK: Cannot utime: Operation not permitted
build	Cache Android SDK	2026-06-06T12:22:47.8978840Z /usr/bin/tar: ../../../../../usr/local/lib/android/sdk/platforms/android-34-ext10/data/res/values-mcc310-mnc150-zh-rHK: Cannot change mode to rwxr-xr-x: Operation not permitted
build	Cache Android SDK	2026-06-06T12:22:47.8980996Z /usr/bin/tar: ../../../../../usr/local/lib/android/sdk/platforms/android-34-ext10/data/res/values-de-television: Cannot utime: Operation not permitted
build	Cache Android SDK	2026-06-06T12:22:47.8982133Z /usr/bin/tar: ../../../../../usr/local/lib/android/sdk/platforms/android-34-ext10/data/res/values-de-television: Cannot change mode to rwxr-xr-x: Operation not permitted
build	Cache Android SDK	2026-06-06T12:22:47.8985761Z /usr/bin/tar: ../../../../../usr/local/lib/android/sdk/platforms/android-34-ext10/data/res/values-mcc310-mnc230-da: Cannot utime: Operation not permitted
build	Cache Android SDK	2026-06-06T12:22:47.8987677Z /usr/bin/tar: ../../../../../usr/local/lib/android/sdk/platforms/android-34-ext10/data/res/values-mcc310-mnc230-da: Cannot change mode to rwxr-xr-x: Operation not permitted
build	Cache Android SDK	2026-06-06T12:22:47.8989539Z /usr/bin/tar: ../../../../../usr/local/lib/android/sdk/platforms/android-34-ext10/data/res/values-mcc302-mnc370-af: Cannot utime: Operation not permitted
build	Cache Android SDK	2026-06-06T12:22:47.8990574Z /usr/bin/tar: ../../../../../usr/local/lib/android/sdk/platforms/android-34-ext10/data/res/values-mcc302-mnc370-af: Cannot change mode to rwxr-xr-x: Operation not permitted
build	Cache Android SDK	2026-06-06T12:22:47.8993628Z /usr/bin/tar: ../../../../../usr/local/lib/android/sdk/platforms/android-34-ext10/data/res/values-mcc310-mnc800-th: Cannot utime: Operation not permitted
build	Cache Android SDK	2026-06-06T12:22:47.8995433Z /usr/bin/tar: ../../../../../usr/local/lib/android/sdk/platforms/android-34-ext10/data/res/values-mcc310-mnc800-th: Cannot change mode to rwxr-xr-x: Operation not permitted
build	Cache Android SDK	2026-06-06T12:22:47.8997612Z /usr/bin/tar: ../../../../../usr/local/lib/android/sdk/platforms/android-34-ext10/data/res/values-mcc310-mnc490-lo: Cannot utime: Operation not permitted
build	Cache Android SDK	2026-06-06T12:22:47.8998579Z /usr/bin/tar: ../../../../../usr/local/lib/android/sdk/platforms/android-34-ext10/data/res/values-mcc310-mnc490-lo: Cannot change mode to rwxr-xr-x: Operation not permitted
build	Cache Android SDK	2026-06-06T12:22:47.9005411Z /usr/bin/tar: ../../../../../usr/local/lib/android/sdk/platforms/android-34-ext10/data/res/values-mcc310-mnc950-sq: Cannot utime: Operation not permitted
build	Cache Android SDK	2026-06-06T12:22:47.9006453Z /usr/bin/tar: ../../../../../usr/local/lib/android/sdk/platforms/android-34-ext10/data/res/values-mcc310-mnc950-sq: Cannot change mode to rwxr-xr-x: Operation not permitted
build	Cache Android SDK	2026-06-06T12:22:47.9007589Z /usr/bin/tar: ../../../../../usr/local/lib/android/sdk/platforms/android-34-ext10/data/res/values-fa-watch: Cannot utime: Operation not permitted
build	Cache Android SDK	2026-06-06T12:22:47.9008673Z /usr/bin/tar: ../../../../../usr/local/lib/android/sdk/platforms/android-34-ext10/data/res/values-fa-watch: Cannot change mode to rwxr-xr-x: Operation not permitted
build	Cache Android SDK	2026-06-06T12:22:47.9009643Z /usr/bin/tar: ../../../../../usr/local/lib/android/sdk/platforms/android-34-ext10/data/res/values-mcc310-mnc170-sw: Cannot utime: Operation not permitted
build	Cache Android SDK	2026-06-06T12:22:47.9010609Z /usr/bin/tar: ../../../../../usr/local/lib/android/sdk/platforms/android-34-ext10/data/res/values-mcc310-mnc170-sw: Cannot change mode to rwxr-xr-x: Operation not permitted
build	Cache Android SDK	2026-06-06T12:22:47.9012827Z /usr/bin/tar: ../../../../../usr/local/lib/android/sdk/platforms/android-34-ext10/data/res/values-mcc310-mnc250-sr: Cannot utime: Operation not permitted
build	Cache Android SDK	2026-06-06T12:22:47.9013786Z /usr/bin/tar: ../../../../../usr/local/lib/android/sdk/platforms/android-34-ext10/data/res/values-mcc310-mnc250-sr: Cannot change mode to rwxr-xr-x: Operation not permitted
build	Cache Android SDK	2026-06-06T12:22:47.9016467Z /usr/bin/tar: ../../../../../usr/local/lib/android/sdk/platforms/android-34-ext10/data/res/values-mcc311-mnc180-hr: Cannot utime: Operation not permitted
build	Cache Android SDK	2026-06-06T12:22:47.9017588Z /usr/bin/tar: ../../../../../usr/local/lib/android/sdk/platforms/android-34-ext10/data/res/values-mcc311-mnc180-hr: Cannot change mode to rwxr-xr-x: Operation not permitted
build	Cache Android SDK	2026-06-06T12:22:47.9020316Z /usr/bin/tar: ../../../../../usr/local/lib/android/sdk/platforms/android-34-ext10/data/res/values-mcc310-mnc560-da: Cannot utime: Operation not permitted
build	Cache Android SDK	2026-06-06T12:22:47.9021266Z /usr/bin/tar: ../../../../../usr/local/lib/android/sdk/platforms/android-34-ext10/data/res/values-mcc310-mnc560-da: Cannot change mode to rwxr-xr-x: Operation not permitted
build	Cache Android SDK	2026-06-06T12:22:47.9028582Z /usr/bin/tar: ../../../../../usr/local/lib/android/sdk/platforms/android-34-ext10/data/res/values-af-television: Cannot utime: Operation not permitted
build	Cache Android SDK	2026-06-06T12:22:47.9029532Z /usr/bin/tar: ../../../../../usr/local/lib/android/sdk/platforms/android-34-ext10/data/res/values-af-television: Cannot change mode to rwxr-xr-x: Operation not permitted
build	Cache Android SDK	2026-06-06T12:22:47.9035641Z /usr/bin/tar: ../../../../../usr/local/lib/android/sdk/platforms/android-34-ext10/data/res/values-tr: Cannot utime: Operation not permitted
build	Cache Android SDK	2026-06-06T12:22:47.9036679Z /usr/bin/tar: ../../../../../usr/local/lib/android/sdk/platforms/android-34-ext10/data/res/values-tr: Cannot change mode to rwxr-xr-x: Operation not permitted
build	Cache Android SDK	2026-06-06T12:22:47.9039422Z /usr/bin/tar: ../../../../../usr/local/lib/android/sdk/platforms/android-34-ext10/data/res/values-mcc232: Cannot utime: Operation not permitted
build	Cache Android SDK	2026-06-06T12:22:47.9040346Z /usr/bin/tar: ../../../../../usr/local/lib/android/sdk/platforms/android-34-ext10/data/res/values-mcc232: Cannot change mode to rwxr-xr-x: Operation not permitted
build	Cache Android SDK	2026-06-06T12:22:47.9042841Z /usr/bin/tar: ../../../../../usr/local/lib/android/sdk/platforms/android-34-ext10/data/res/values-mcc310-mnc950-ca: Cannot utime: Operation not permitted
build	Cache Android SDK	2026-06-06T12:22:47.9044210Z /usr/bin/tar: ../../../../../usr/local/lib/android/sdk/platforms/android-34-ext10/data/res/values-mcc310-mnc950-ca: Cannot change mode to rwxr-xr-x: Operation not permitted
build	Cache Android SDK	2026-06-06T12:22:47.9046073Z /usr/bin/tar: ../../../../../usr/local/lib/android/sdk/platforms/android-34-ext10/data/res/values-mcc001-mnc01-zh-rTW: Cannot utime: Operation not permitted
build	Cache Android SDK	2026-06-06T12:22:47.9047200Z /usr/bin/tar: ../../../../../usr/local/lib/android/sdk/platforms/android-34-ext10/data/res/values-mcc001-mnc01-zh-rTW: Cannot change mode to rwxr-xr-x: Operation not permitted
build	Cache Android SDK	2026-06-06T12:22:47.9049905Z /usr/bin/tar: ../../../../../usr/local/lib/android/sdk/platforms/android-34-ext10/data/res/values-mcc310-mnc410-bg: Cannot utime: Operation not permitted
build	Cache Android SDK	2026-06-06T12:22:47.9050882Z /usr/bin/tar: ../../../../../usr/local/lib/android/sdk/platforms/android-34-ext10/data/res/values-mcc310-mnc410-bg: Cannot change mode to rwxr-xr-x: Operation not permitted
build	Cache Android SDK	2026-06-06T12:22:47.9053310Z /usr/bin/tar: ../../../../../usr/local/lib/android/sdk/platforms/android-34-ext10/data/res/values-mcc310-mnc270-be: Cannot utime: Operation not permitted
build	Cache Android SDK	2026-06-06T12:22:47.9054272Z /usr/bin/tar: ../../../../../usr/local/lib/android/sdk/platforms/android-34-ext10/data/res/values-mcc310-mnc270-be: Cannot change mode to rwxr-xr-x: Operation not permitted
build	Cache Android SDK	2026-06-06T12:22:47.9056499Z /usr/bin/tar: ../../../../../usr/local/lib/android/sdk/platforms/android-34-ext10/data/res/values-mcc302-mnc370-ar: Cannot utime: Operation not permitted
build	Cache Android SDK	2026-06-06T12:22:47.9057692Z /usr/bin/tar: ../../../../../usr/local/lib/android/sdk/platforms/android-34-ext10/data/res/values-mcc302-mnc370-ar: Cannot change mode to rwxr-xr-x: Operation not permitted
build	Cache Android SDK	2026-06-06T12:22:47.9060902Z /usr/bin/tar: ../../../../../usr/local/lib/android/sdk/platforms/android-34-ext10/data/res/values-mcc310-mnc250-lv: Cannot utime: Operation not permitted
build	Cache Android SDK	2026-06-06T12:22:47.9061925Z /usr/bin/tar: ../../../../../usr/local/lib/android/sdk/platforms/android-34-ext10/data/res/values-mcc310-mnc250-lv: Cannot change mode to rwxr-xr-x: Operation not permitted
build	Cache Android SDK	2026-06-06T12:22:47.9066426Z /usr/bin/tar: ../../../../../usr/local/lib/android/sdk/platforms/android-34-ext10/data/res/values-mcc310-mnc230-th: Cannot utime: Operation not permitted
build	Cache Android SDK	2026-06-06T12:22:47.9067883Z /usr/bin/tar: ../../../../../usr/local/lib/android/sdk/platforms/android-34-ext10/data/res/values-mcc310-mnc230-th: Cannot change mode to rwxr-xr-x: Operation not permitted
build	Cache Android SDK	2026-06-06T12:22:47.9069379Z /usr/bin/tar: ../../../../../usr/local/lib/android/sdk/platforms/android-34-ext10/data/res/values-mcc286: Cannot utime: Operation not permitted
build	Cache Android SDK	2026-06-06T12:22:47.9070280Z /usr/bin/tar: ../../../../../usr/local/lib/android/sdk/platforms/android-34-ext10/data/res/values-mcc286: Cannot change mode to rwxr-xr-x: Operation not permitted
build	Cache Android SDK	2026-06-06T12:22:47.9072619Z /usr/bin/tar: ../../../../../usr/local/lib/android/sdk/platforms/android-34-ext10/data/res/values-mcc310-mnc250-uz: Cannot utime: Operation not permitted
build	Cache Android SDK	2026-06-06T12:22:47.9073609Z /usr/bin/tar: ../../../../../usr/local/lib/android/sdk/platforms/android-34-ext10/data/res/values-mcc310-mnc250-uz: Cannot change mode to rwxr-xr-x: Operation not permitted
build	Cache Android SDK	2026-06-06T12:22:47.9076567Z /usr/bin/tar: ../../../../../usr/local/lib/android/sdk/platforms/android-34-ext10/data/res/values-mcc310-mnc240-eu: Cannot utime: Operation not permitted
build	Cache Android SDK	2026-06-06T12:22:47.9077716Z /usr/bin/tar: ../../../../../usr/local/lib/android/sdk/platforms/android-34-ext10/data/res/values-mcc310-mnc240-eu: Cannot change mode to rwxr-xr-x: Operation not permitted
build	Cache Android SDK	2026-06-06T12:22:47.9079953Z /usr/bin/tar: ../../../../../usr/local/lib/android/sdk/platforms/android-34-ext10/data/res/values-mcc310-mnc280-km: Cannot utime: Operation not permitted
build	Cache Android SDK	2026-06-06T12:22:47.9080933Z /usr/bin/tar: ../../../../../usr/local/lib/android/sdk/platforms/android-34-ext10/data/res/values-mcc310-mnc280-km: Cannot change mode to rwxr-xr-x: Operation not permitted
build	Cache Android SDK	2026-06-06T12:22:47.9083915Z /usr/bin/tar: ../../../../../usr/local/lib/android/sdk/platforms/android-34-ext10/data/res/values-mcc310-mnc150-et: Cannot utime: Operation not permitted
build	Cache Android SDK	2026-06-06T12:22:47.9084948Z /usr/bin/tar: ../../../../../usr/local/lib/android/sdk/platforms/android-34-ext10/data/res/values-mcc310-mnc150-et: Cannot change mode to rwxr-xr-x: Operation not permitted
build	Cache Android SDK	2026-06-06T12:22:47.9086798Z /usr/bin/tar: ../../../../../usr/local/lib/android/sdk/platforms/android-34-ext10/data/res/values-mcc310-mnc800-tl: Cannot utime: Operation not permitted
build	Cache Android SDK	2026-06-06T12:22:47.9088298Z /usr/bin/tar: ../../../../../usr/local/lib/android/sdk/platforms/android-34-ext10/data/res/values-mcc310-mnc800-tl: Cannot change mode to rwxr-xr-x: Operation not permitted
build	Cache Android SDK	2026-06-06T12:22:47.9089823Z /usr/bin/tar: ../../../../../usr/local/lib/android/sdk/platforms/android-34-ext10/data/res/values-mcc312-mnc670-bn: Cannot utime: Operation not permitted
build	Cache Android SDK	2026-06-06T12:22:47.9090841Z /usr/bin/tar: ../../../../../usr/local/lib/android/sdk/platforms/android-34-ext10/data/res/values-mcc312-mnc670-bn: Cannot change mode to rwxr-xr-x: Operation not permitted
build	Cache Android SDK	2026-06-06T12:22:47.9092740Z /usr/bin/tar: ../../../../../usr/local/lib/android/sdk/platforms/android-34-ext10/data/res/values-mcc234-mnc91: Cannot utime: Operation not permitted
build	Cache Android SDK	2026-06-06T12:22:47.9093694Z /usr/bin/tar: ../../../../../usr/local/lib/android/sdk/platforms/android-34-ext10/data/res/values-mcc234-mnc91: Cannot change mode to rwxr-xr-x: Operation not permitted
build	Cache Android SDK	2026-06-06T12:22:47.9095814Z /usr/bin/tar: ../../../../../usr/local/lib/android/sdk/platforms/android-34-ext10/data/res/values-mcc310-mnc210-hu: Cannot utime: Operation not permitted
build	Cache Android SDK	2026-06-06T12:22:47.9096794Z /usr/bin/tar: ../../../../../usr/local/lib/android/sdk/platforms/android-34-ext10/data/res/values-mcc310-mnc210-hu: Cannot change mode to rwxr-xr-x: Operation not permitted
build	Cache Android SDK	2026-06-06T12:22:47.9099211Z /usr/bin/tar: ../../../../../usr/local/lib/android/sdk/platforms/android-34-ext10/data/res/values-mcc310-mnc200-ne: Cannot utime: Operation not permitted
build	Cache Android SDK	2026-06-06T12:22:47.9100311Z /usr/bin/tar: ../../../../../usr/local/lib/android/sdk/platforms/android-34-ext10/data/res/values-mcc310-mnc200-ne: Cannot change mode to rwxr-xr-x: Operation not permitted
build	Cache Android SDK	2026-06-06T12:22:47.9102268Z /usr/bin/tar: ../../../../../usr/local/lib/android/sdk/platforms/android-34-ext10/data/res/values-mcc240-mnc05: Cannot utime: Operation not permitted
build	Cache Android SDK	2026-06-06T12:22:47.9103220Z /usr/bin/tar: ../../../../../usr/local/lib/android/sdk/platforms/android-34-ext10/data/res/values-mcc240-mnc05: Cannot change mode to rwxr-xr-x: Operation not permitted
build	Cache Android SDK	2026-06-06T12:22:47.9105268Z /usr/bin/tar: ../../../../../usr/local/lib/android/sdk/platforms/android-34-ext10/data/res/values-mcc312-mnc670-et: Cannot utime: Operation not permitted
build	Cache Android SDK	2026-06-06T12:22:47.9106234Z /usr/bin/tar: ../../../../../usr/local/lib/android/sdk/platforms/android-34-ext10/data/res/values-mcc312-mnc670-et: Cannot change mode to rwxr-xr-x: Operation not permitted
build	Cache Android SDK	2026-06-06T12:22:47.9110275Z /usr/bin/tar: ../../../../../usr/local/lib/android/sdk/platforms/android-34-ext10/data/res/values-mcc334-mnc020-bn: Cannot utime: Operation not permitted
build	Cache Android SDK	2026-06-06T12:22:47.9111375Z /usr/bin/tar: ../../../../../usr/local/lib/android/sdk/platforms/android-34-ext10/data/res/values-mcc334-mnc020-bn: Cannot change mode to rwxr-xr-x: Operation not permitted
build	Cache Android SDK	2026-06-06T12:22:47.9113564Z /usr/bin/tar: ../../../../../usr/local/lib/android/sdk/platforms/android-34-ext10/data/res/values-sw600dp-w960dp: Cannot utime: Operation not permitted
build	Cache Android SDK	2026-06-06T12:22:47.9114541Z /usr/bin/tar: ../../../../../usr/local/lib/android/sdk/platforms/android-34-ext10/data/res/values-sw600dp-w960dp: Cannot change mode to rwxr-xr-x: Operation not permitted
build	Cache Android SDK	2026-06-06T12:22:47.9116850Z /usr/bin/tar: ../../../../../usr/local/lib/android/sdk/platforms/android-34-ext10/data/res/values-mcc310-mnc660-is: Cannot utime: Operation not permitted
build	Cache Android SDK	2026-06-06T12:22:47.9118046Z /usr/bin/tar: ../../../../../usr/local/lib/android/sdk/platforms/android-34-ext10/data/res/values-mcc310-mnc660-is: Cannot change mode to rwxr-xr-x: Operation not permitted
build	Cache Android SDK	2026-06-06T12:22:47.9119898Z /usr/bin/tar: ../../../../../usr/local/lib/android/sdk/platforms/android-34-ext10/data/res/values-fr-rBE: Cannot utime: Operation not permitted
build	Cache Android SDK	2026-06-06T12:22:47.9120816Z /usr/bin/tar: ../../../../../usr/local/lib/android/sdk/platforms/android-34-ext10/data/res/values-fr-rBE: Cannot change mode to rwxr-xr-x: Operation not permitted
build	Cache Android SDK	2026-06-06T12:22:47.9123116Z /usr/bin/tar: ../../../../../usr/local/lib/android/sdk/platforms/android-34-ext10/data/res/values-mcc312-mnc670-es: Cannot utime: Operation not permitted
build	Cache Android SDK	2026-06-06T12:22:47.9124076Z /usr/bin/tar: ../../../../../usr/local/lib/android/sdk/platforms/android-34-ext10/data/res/values-mcc312-mnc670-es: Cannot change mode to rwxr-xr-x: Operation not permitted
build	Cache Android SDK	2026-06-06T12:22:47.9126034Z /usr/bin/tar: ../../../../../usr/local/lib/android/sdk/platforms/android-34-ext10/data/res/values-mcc310-mnc380-gu: Cannot utime: Operation not permitted
build	Cache Android SDK	2026-06-06T12:22:47.9127008Z /usr/bin/tar: ../../../../../usr/local/lib/android/sdk/platforms/android-34-ext10/data/res/values-mcc310-mnc380-gu: Cannot change mode to rwxr-xr-x: Operation not permitted
build	Cache Android SDK	2026-06-06T12:22:47.9129229Z /usr/bin/tar: ../../../../../usr/local/lib/android/sdk/platforms/android-34-ext10/data/res/values-mcc334-mnc020-uz: Cannot utime: Operation not permitted
build	Cache Android SDK	2026-06-06T12:22:47.9130197Z /usr/bin/tar: ../../../../../usr/local/lib/android/sdk/platforms/android-34-ext10/data/res/values-mcc334-mnc020-uz: Cannot change mode to rwxr-xr-x: Operation not permitted
build	Cache Android SDK	2026-06-06T12:22:47.9132635Z /usr/bin/tar: ../../../../../usr/local/lib/android/sdk/platforms/android-34-ext10/data/res/values-mcc302-mnc720-b+sr+Latn: Cannot utime: Operation not permitted
build	Cache Android SDK	2026-06-06T12:22:47.9133661Z /usr/bin/tar: ../../../../../usr/local/lib/android/sdk/platforms/android-34-ext10/data/res/values-mcc302-mnc720-b+sr+Latn: Cannot change mode to rwxr-xr-x: Operation not permitted
build	Cache Android SDK	2026-06-06T12:22:47.9139825Z /usr/bin/tar: ../../../../../usr/local/lib/android/sdk/platforms/android-34-ext10/data/res/values-af: Cannot utime: Operation not permitted
build	Cache Android SDK	2026-06-06T12:22:47.9141093Z /usr/bin/tar: ../../../../../usr/local/lib/android/sdk/platforms/android-34-ext10/data/res/values-af: Cannot change mode to rwxr-xr-x: Operation not permitted
build	Cache Android SDK	2026-06-06T12:22:47.9143052Z /usr/bin/tar: ../../../../../usr/local/lib/android/sdk/platforms/android-34-ext10/data/res/values-mcc334-mnc020-sk: Cannot utime: Operation not permitted
build	Cache Android SDK	2026-06-06T12:22:47.9144004Z /usr/bin/tar: ../../../../../usr/local/lib/android/sdk/platforms/android-34-ext10/data/res/values-mcc334-mnc020-sk: Cannot change mode to rwxr-xr-x: Operation not permitted
build	Cache Android SDK	2026-06-06T12:22:47.9145908Z /usr/bin/tar: ../../../../../usr/local/lib/android/sdk/platforms/android-34-ext10/data/res/values-mcc312-mnc670-de: Cannot utime: Operation not permitted
build	Cache Android SDK	2026-06-06T12:22:47.9146875Z /usr/bin/tar: ../../../../../usr/local/lib/android/sdk/platforms/android-34-ext10/data/res/values-mcc312-mnc670-de: Cannot change mode to rwxr-xr-x: Operation not permitted
build	Cache Android SDK	2026-06-06T12:22:47.9149142Z /usr/bin/tar: ../../../../../usr/local/lib/android/sdk/platforms/android-34-ext10/data/res/values-mcc310-mnc950-iw: Cannot utime: Operation not permitted
build	Cache Android SDK	2026-06-06T12:22:47.9150177Z /usr/bin/tar: ../../../../../usr/local/lib/android/sdk/platforms/android-34-ext10/data/res/values-mcc310-mnc950-iw: Cannot change mode to rwxr-xr-x: Operation not permitted
build	Cache Android SDK	2026-06-06T12:22:47.9152474Z /usr/bin/tar: ../../../../../usr/local/lib/android/sdk/platforms/android-34-ext10/data/res/values-mcc302-mnc370-de: Cannot utime: Operation not permitted
build	Cache Android SDK	2026-06-06T12:22:47.9153439Z /usr/bin/tar: ../../../../../usr/local/lib/android/sdk/platforms/android-34-ext10/data/res/values-mcc302-mnc370-de: Cannot change mode to rwxr-xr-x: Operation not permitted
build	Cache Android SDK	2026-06-06T12:22:47.9155956Z /usr/bin/tar: ../../../../../usr/local/lib/android/sdk/platforms/android-34-ext10/data/res/values-mcc310-mnc310-be: Cannot utime: Operation not permitted
build	Cache Android SDK	2026-06-06T12:22:47.9157026Z /usr/bin/tar: ../../../../../usr/local/lib/android/sdk/platforms/android-34-ext10/data/res/values-mcc310-mnc310-be: Cannot change mode to rwxr-xr-x: Operation not permitted
build	Cache Android SDK	2026-06-06T12:22:47.9159141Z /usr/bin/tar: ../../../../../usr/local/lib/android/sdk/platforms/android-34-ext10/data/res/values-da-watch: Cannot utime: Operation not permitted
build	Cache Android SDK	2026-06-06T12:22:47.9160056Z /usr/bin/tar: ../../../../../usr/local/lib/android/sdk/platforms/android-34-ext10/data/res/values-da-watch: Cannot change mode to rwxr-xr-x: Operation not permitted
build	Cache Android SDK	2026-06-06T12:22:47.9162623Z /usr/bin/tar: ../../../../../usr/local/lib/android/sdk/platforms/android-34-ext10/data/res/values-mcc312-mnc670-fr-rCA: Cannot utime: Operation not permitted
build	Cache Android SDK	2026-06-06T12:22:47.9164024Z /usr/bin/tar: ../../../../../usr/local/lib/android/sdk/platforms/android-34-ext10/data/res/values-mcc312-mnc670-fr-rCA: Cannot change mode to rwxr-xr-x: Operation not permitted
build	Cache Android SDK	2026-06-06T12:22:47.9165371Z /usr/bin/tar: ../../../../../usr/local/lib/android/sdk/platforms/android-34-ext10/data/res/values-mcc310-mnc410-lt: Cannot utime: Operation not permitted
build	Cache Android SDK	2026-06-06T12:22:47.9166353Z /usr/bin/tar: ../../../../../usr/local/lib/android/sdk/platforms/android-34-ext10/data/res/values-mcc310-mnc410-lt: Cannot change mode to rwxr-xr-x: Operation not permitted
build	Cache Android SDK	2026-06-06T12:22:47.9168566Z /usr/bin/tar: ../../../../../usr/local/lib/android/sdk/platforms/android-34-ext10/data/res/values-mcc311-mnc180-am: Cannot utime: Operation not permitted
build	Cache Android SDK	2026-06-06T12:22:47.9169547Z /usr/bin/tar: ../../../../../usr/local/lib/android/sdk/platforms/android-34-ext10/data/res/values-mcc311-mnc180-am: Cannot change mode to rwxr-xr-x: Operation not permitted
build	Cache Android SDK	2026-06-06T12:22:47.9171719Z /usr/bin/tar: ../../../../../usr/local/lib/android/sdk/platforms/android-34-ext10/data/res/values-mcc310-mnc410-pt-rBR: Cannot utime: Operation not permitted
build	Cache Android SDK	2026-06-06T12:22:47.9172702Z /usr/bin/tar: ../../../../../usr/local/lib/android/sdk/platforms/android-34-ext10/data/res/values-mcc310-mnc410-pt-rBR: Cannot change mode to rwxr-xr-x: Operation not permitted
build	Cache Android SDK	2026-06-06T12:22:47.9174846Z /usr/bin/tar: ../../../../../usr/local/lib/android/sdk/platforms/android-34-ext10/data/res/layout-television: Cannot utime: Operation not permitted
build	Cache Android SDK	2026-06-06T12:22:47.9175782Z /usr/bin/tar: ../../../../../usr/local/lib/android/sdk/platforms/android-34-ext10/data/res/layout-television: Cannot change mode to rwxr-xr-x: Operation not permitted
build	Cache Android SDK	2026-06-06T12:22:47.9178330Z /usr/bin/tar: ../../../../../usr/local/lib/android/sdk/platforms/android-34-ext10/data/res/values-mcc001-mnc01-hy: Cannot utime: Operation not permitted
build	Cache Android SDK	2026-06-06T12:22:47.9179286Z /usr/bin/tar: ../../../../../usr/local/lib/android/sdk/platforms/android-34-ext10/data/res/values-mcc001-mnc01-hy: Cannot change mode to rwxr-xr-x: Operation not permitted
build	Cache Android SDK	2026-06-06T12:22:47.9182466Z /usr/bin/tar: ../../../../../usr/local/lib/android/sdk/platforms/android-34-ext10/data/res/values-mcc310-mnc800-fa: Cannot utime: Operation not permitted
build	Cache Android SDK	2026-06-06T12:22:47.9183444Z /usr/bin/tar: ../../../../../usr/local/lib/android/sdk/platforms/android-34-ext10/data/res/values-mcc310-mnc800-fa: Cannot change mode to rwxr-xr-x: Operation not permitted
build	Cache Android SDK	2026-06-06T12:22:47.9185941Z /usr/bin/tar: ../../../../../usr/local/lib/android/sdk/platforms/android-34-ext10/data/res/values-mcc310-mnc220-ru: Cannot utime: Operation not permitted
build	Cache Android SDK	2026-06-06T12:22:47.9186906Z /usr/bin/tar: ../../../../../usr/local/lib/android/sdk/platforms/android-34-ext10/data/res/values-mcc310-mnc220-ru: Cannot change mode to rwxr-xr-x: Operation not permitted
build	Cache Android SDK	2026-06-06T12:22:47.9189429Z /usr/bin/tar: ../../../../../usr/local/lib/android/sdk/platforms/android-34-ext10/data/res/values-mcc302-mnc370-as: Cannot utime: Operation not permitted
build	Cache Android SDK	2026-06-06T12:22:47.9190376Z /usr/bin/tar: ../../../../../usr/local/lib/android/sdk/platforms/android-34-ext10/data/res/values-mcc302-mnc370-as: Cannot change mode to rwxr-xr-x: Operation not permitted
build	Cache Android SDK	2026-06-06T12:22:47.9197215Z /usr/bin/tar: ../../../../../usr/local/lib/android/sdk/platforms/android-34-ext10/data/res/values-my: Cannot utime: Operation not permitted
build	Cache Android SDK	2026-06-06T12:22:47.9198964Z /usr/bin/tar: ../../../../../usr/local/lib/android/sdk/platforms/android-34-ext10/data/res/values-my: Cannot change mode to rwxr-xr-x: Operation not permitted
build	Cache Android SDK	2026-06-06T12:22:47.9201233Z /usr/bin/tar: ../../../../../usr/local/lib/android/sdk/platforms/android-34-ext10/data/res/values-h480dp: Cannot utime: Operation not permitted
build	Cache Android SDK	2026-06-06T12:22:47.9202157Z /usr/bin/tar: ../../../../../usr/local/lib/android/sdk/platforms/android-34-ext10/data/res/values-h480dp: Cannot change mode to rwxr-xr-x: Operation not permitted
build	Cache Android SDK	2026-06-06T12:22:47.9204971Z /usr/bin/tar: ../../../../../usr/local/lib/android/sdk/platforms/android-34-ext10/data/res/values-mcc310-mnc150-km: Cannot utime: Operation not permitted
build	Cache Android SDK	2026-06-06T12:22:47.9205952Z /usr/bin/tar: ../../../../../usr/local/lib/android/sdk/platforms/android-34-ext10/data/res/values-mcc310-mnc150-km: Cannot change mode to rwxr-xr-x: Operation not permitted
build	Cache Android SDK	2026-06-06T12:22:47.9208310Z /usr/bin/tar: ../../../../../usr/local/lib/android/sdk/platforms/android-34-ext10/data/res/values-mcc310-mnc410-in: Cannot utime: Operation not permitted
build	Cache Android SDK	2026-06-06T12:22:47.9208794Z /usr/bin/tar: ../../../../../usr/local/lib/android/sdk/platforms/android-34-ext10/data/res/values-mcc310-mnc410-in: Cannot change mode to rwxr-xr-x: Operation not permitted
build	Cache Android SDK	2026-06-06T12:22:47.9211770Z /usr/bin/tar: ../../../../../usr/local/lib/android/sdk/platforms/android-34-ext10/data/res/values-mcc310-mnc950: Cannot utime: Operation not permitted
build	Cache Android SDK	2026-06-06T12:22:47.9212244Z /usr/bin/tar: ../../../../../usr/local/lib/android/sdk/platforms/android-34-ext10/data/res/values-mcc310-mnc950: Cannot change mode to rwxr-xr-x: Operation not permitted
build	Cache Android SDK	2026-06-06T12:22:47.9215140Z /usr/bin/tar: ../../../../../usr/local/lib/android/sdk/platforms/android-34-ext10/data/res/values-mcc310-mnc220-mn: Cannot utime: Operation not permitted
build	Cache Android SDK	2026-06-06T12:22:47.9215620Z /usr/bin/tar: ../../../../../usr/local/lib/android/sdk/platforms/android-34-ext10/data/res/values-mcc310-mnc220-mn: Cannot change mode to rwxr-xr-x: Operation not permitted
build	Cache Android SDK	2026-06-06T12:22:47.9218967Z /usr/bin/tar: ../../../../../usr/local/lib/android/sdk/platforms/android-34-ext10/data/res/values-mcc310-mnc950-ml: Cannot utime: Operation not permitted
build	Cache Android SDK	2026-06-06T12:22:47.9219442Z /usr/bin/tar: ../../../../../usr/local/lib/android/sdk/platforms/android-34-ext10/data/res/values-mcc310-mnc950-ml: Cannot change mode to rwxr-xr-x: Operation not permitted
build	Cache Android SDK	2026-06-06T12:22:47.9223133Z /usr/bin/tar: ../../../../../usr/local/lib/android/sdk/platforms/android-34-ext10/data/res/interpolator-watch: Cannot utime: Operation not permitted
build	Cache Android SDK	2026-06-06T12:22:47.9223605Z /usr/bin/tar: ../../../../../usr/local/lib/android/sdk/platforms/android-34-ext10/data/res/interpolator-watch: Cannot change mode to rwxr-xr-x: Operation not permitted
build	Cache Android SDK	2026-06-06T12:22:47.9229873Z /usr/bin/tar: ../../../../../usr/local/lib/android/sdk/platforms/android-34-ext10/data/res/values-lt: Cannot utime: Operation not permitted
build	Cache Android SDK	2026-06-06T12:22:47.9230391Z /usr/bin/tar: ../../../../../usr/local/lib/android/sdk/platforms/android-34-ext10/data/res/values-lt: Cannot change mode to rwxr-xr-x: Operation not permitted
build	Cache Android SDK	2026-06-06T12:22:47.9232435Z /usr/bin/tar: ../../../../../usr/local/lib/android/sdk/platforms/android-34-ext10/data/res/values-mcc310-mnc270-zu: Cannot utime: Operation not permitted
build	Cache Android SDK	2026-06-06T12:22:47.9233323Z /usr/bin/tar: ../../../../../usr/local/lib/android/sdk/platforms/android-34-ext10/data/res/values-mcc310-mnc270-zu: Cannot change mode to rwxr-xr-x: Operation not permitted
build	Cache Android SDK	2026-06-06T12:22:47.9235757Z /usr/bin/tar: ../../../../../usr/local/lib/android/sdk/platforms/android-34-ext10/data/res/values-sr-television: Cannot utime: Operation not permitted
build	Cache Android SDK	2026-06-06T12:22:47.9236273Z /usr/bin/tar: ../../../../../usr/local/lib/android/sdk/platforms/android-34-ext10/data/res/values-sr-television: Cannot change mode to rwxr-xr-x: Operation not permitted
build	Cache Android SDK	2026-06-06T12:22:47.9239078Z /usr/bin/tar: ../../../../../usr/local/lib/android/sdk/platforms/android-34-ext10/data/res/values-mcc312-mnc670-pt-rPT: Cannot utime: Operation not permitted
build	Cache Android SDK	2026-06-06T12:22:47.9239670Z /usr/bin/tar: ../../../../../usr/local/lib/android/sdk/platforms/android-34-ext10/data/res/values-mcc312-mnc670-pt-rPT: Cannot change mode to rwxr-xr-x: Operation not permitted
build	Cache Android SDK	2026-06-06T12:22:47.9242431Z /usr/bin/tar: ../../../../../usr/local/lib/android/sdk/platforms/android-34-ext10/data/res/values-bg-rBG: Cannot utime: Operation not permitted
build	Cache Android SDK	2026-06-06T12:22:47.9242921Z /usr/bin/tar: ../../../../../usr/local/lib/android/sdk/platforms/android-34-ext10/data/res/values-bg-rBG: Cannot change mode to rwxr-xr-x: Operation not permitted
build	Cache Android SDK	2026-06-06T12:22:47.9245505Z /usr/bin/tar: ../../../../../usr/local/lib/android/sdk/platforms/android-34-ext10/data/res/values-mcc310-mnc270-ko: Cannot utime: Operation not permitted
build	Cache Android SDK	2026-06-06T12:22:47.9246045Z /usr/bin/tar: ../../../../../usr/local/lib/android/sdk/platforms/android-34-ext10/data/res/values-mcc310-mnc270-ko: Cannot change mode to rwxr-xr-x: Operation not permitted
build	Cache Android SDK	2026-06-06T12:22:47.9248993Z /usr/bin/tar: ../../../../../usr/local/lib/android/sdk/platforms/android-34-ext10/data/res/values-mcc334-mnc020-nb: Cannot utime: Operation not permitted
build	Cache Android SDK	2026-06-06T12:22:47.9249493Z /usr/bin/tar: ../../../../../usr/local/lib/android/sdk/platforms/android-34-ext10/data/res/values-mcc334-mnc020-nb: Cannot change mode to rwxr-xr-x: Operation not permitted
build	Cache Android SDK	2026-06-06T12:22:47.9252076Z /usr/bin/tar: ../../../../../usr/local/lib/android/sdk/platforms/android-34-ext10/data/res/values-mcc310-mnc150-en-rGB: Cannot utime: Operation not permitted
build	Cache Android SDK	2026-06-06T12:22:47.9252597Z /usr/bin/tar: ../../../../../usr/local/lib/android/sdk/platforms/android-34-ext10/data/res/values-mcc310-mnc150-en-rGB: Cannot change mode to rwxr-xr-x: Operation not permitted
build	Cache Android SDK	2026-06-06T12:22:47.9254944Z /usr/bin/tar: ../../../../../usr/local/lib/android/sdk/platforms/android-34-ext10/data/res/values-mcc310-mnc380-en-rIN: Cannot utime: Operation not permitted
build	Cache Android SDK	2026-06-06T12:22:47.9255583Z /usr/bin/tar: ../../../../../usr/local/lib/android/sdk/platforms/android-34-ext10/data/res/values-mcc310-mnc380-en-rIN: Cannot change mode to rwxr-xr-x: Operation not permitted
build	Cache Android SDK	2026-06-06T12:22:47.9258469Z /usr/bin/tar: ../../../../../usr/local/lib/android/sdk/platforms/android-34-ext10/data/res/values-mcc310-mnc490-en-rAU: Cannot utime: Operation not permitted
build	Cache Android SDK	2026-06-06T12:22:47.9258965Z /usr/bin/tar: ../../../../../usr/local/lib/android/sdk/platforms/android-34-ext10/data/res/values-mcc310-mnc490-en-rAU: Cannot change mode to rwxr-xr-x: Operation not permitted
build	Cache Android SDK	2026-06-06T12:22:47.9261205Z /usr/bin/tar: ../../../../../usr/local/lib/android/sdk/platforms/android-34-ext10/data/res/values-mcc310-mnc380-vi: Cannot utime: Operation not permitted
build	Cache Android SDK	2026-06-06T12:22:47.9261722Z /usr/bin/tar: ../../../../../usr/local/lib/android/sdk/platforms/android-34-ext10/data/res/values-mcc310-mnc380-vi: Cannot change mode to rwxr-xr-x: Operation not permitted
build	Cache Android SDK	2026-06-06T12:22:47.9264483Z /usr/bin/tar: ../../../../../usr/local/lib/android/sdk/platforms/android-34-ext10/data/res/values-mcc310-mnc220-km: Cannot utime: Operation not permitted
build	Cache Android SDK	2026-06-06T12:22:47.9265115Z /usr/bin/tar: ../../../../../usr/local/lib/android/sdk/platforms/android-34-ext10/data/res/values-mcc310-mnc220-km: Cannot change mode to rwxr-xr-x: Operation not permitted
build	Cache Android SDK	2026-06-06T12:22:47.9268809Z /usr/bin/tar: ../../../../../usr/local/lib/android/sdk/platforms/android-34-ext10/data/res/values-mcc311-mnc180-b+sr+Latn: Cannot utime: Operation not permitted
build	Cache Android SDK	2026-06-06T12:22:47.9269319Z /usr/bin/tar: ../../../../../usr/local/lib/android/sdk/platforms/android-34-ext10/data/res/values-mcc311-mnc180-b+sr+Latn: Cannot change mode to rwxr-xr-x: Operation not permitted
build	Cache Android SDK	2026-06-06T12:22:47.9272653Z /usr/bin/tar: ../../../../../usr/local/lib/android/sdk/platforms/android-34-ext10/data/res/values-mcc313-mnc100-tr: Cannot utime: Operation not permitted
build	Cache Android SDK	2026-06-06T12:22:47.9273635Z /usr/bin/tar: ../../../../../usr/local/lib/android/sdk/platforms/android-34-ext10/data/res/values-mcc313-mnc100-tr: Cannot change mode to rwxr-xr-x: Operation not permitted
build	Cache Android SDK	2026-06-06T12:22:47.9276414Z /usr/bin/tar: ../../../../../usr/local/lib/android/sdk/platforms/android-34-ext10/data/res/values-mcc234-mnc15: Cannot utime: Operation not permitted
build	Cache Android SDK	2026-06-06T12:22:47.9277274Z /usr/bin/tar: ../../../../../usr/local/lib/android/sdk/platforms/android-34-ext10/data/res/values-mcc234-mnc15: Cannot change mode to rwxr-xr-x: Operation not permitted
build	Cache Android SDK	2026-06-06T12:22:47.9280074Z /usr/bin/tar: ../../../../../usr/local/lib/android/sdk/platforms/android-34-ext10/data/res/values-or-watch: Cannot utime: Operation not permitted
build	Cache Android SDK	2026-06-06T12:22:47.9280532Z /usr/bin/tar: ../../../../../usr/local/lib/android/sdk/platforms/android-34-ext10/data/res/values-or-watch: Cannot change mode to rwxr-xr-x: Operation not permitted
build	Cache Android SDK	2026-06-06T12:22:47.9284707Z /usr/bin/tar: ../../../../../usr/local/lib/android/sdk/platforms/android-34-ext10/data/res/values-mcc262: Cannot utime: Operation not permitted
build	Cache Android SDK	2026-06-06T12:22:47.9285177Z /usr/bin/tar: ../../../../../usr/local/lib/android/sdk/platforms/android-34-ext10/data/res/values-mcc262: Cannot change mode to rwxr-xr-x: Operation not permitted
build	Cache Android SDK	2026-06-06T12:22:47.9288439Z /usr/bin/tar: ../../../../../usr/local/lib/android/sdk/platforms/android-34-ext10/data/res/values-mcc310-mnc160-lt: Cannot utime: Operation not permitted
build	Cache Android SDK	2026-06-06T12:22:47.9289056Z /usr/bin/tar: ../../../../../usr/local/lib/android/sdk/platforms/android-34-ext10/data/res/values-mcc310-mnc160-lt: Cannot change mode to rwxr-xr-x: Operation not permitted
build	Cache Android SDK	2026-06-06T12:22:47.9291825Z /usr/bin/tar: ../../../../../usr/local/lib/android/sdk/platforms/android-34-ext10/data/res/values-mcc310-mnc280-gu: Cannot utime: Operation not permitted
build	Cache Android SDK	2026-06-06T12:22:47.9292411Z /usr/bin/tar: ../../../../../usr/local/lib/android/sdk/platforms/android-34-ext10/data/res/values-mcc310-mnc280-gu: Cannot change mode to rwxr-xr-x: Operation not permitted
build	Cache Android SDK	2026-06-06T12:22:47.9295681Z /usr/bin/tar: ../../../../../usr/local/lib/android/sdk/platforms/android-34-ext10/data/res/values-mcc310-mnc030-sq: Cannot utime: Operation not permitted
build	Cache Android SDK	2026-06-06T12:22:47.9296279Z /usr/bin/tar: ../../../../../usr/local/lib/android/sdk/platforms/android-34-ext10/data/res/values-mcc310-mnc030-sq: Cannot change mode to rwxr-xr-x: Operation not permitted
build	Cache Android SDK	2026-06-06T12:22:47.9299286Z /usr/bin/tar: ../../../../../usr/local/lib/android/sdk/platforms/android-34-ext10/data/res/values-mcc310-mnc240-pt: Cannot utime: Operation not permitted
build	Cache Android SDK	2026-06-06T12:22:47.9299762Z /usr/bin/tar: ../../../../../usr/local/lib/android/sdk/platforms/android-34-ext10/data/res/values-mcc310-mnc240-pt: Cannot change mode to rwxr-xr-x: Operation not permitted
build	Cache Android SDK	2026-06-06T12:22:47.9303431Z /usr/bin/tar: ../../../../../usr/local/lib/android/sdk/platforms/android-34-ext10/data/res/values-mcc302-mnc370-es-rUS: Cannot utime: Operation not permitted
build	Cache Android SDK	2026-06-06T12:22:47.9303963Z /usr/bin/tar: ../../../../../usr/local/lib/android/sdk/platforms/android-34-ext10/data/res/values-mcc302-mnc370-es-rUS: Cannot change mode to rwxr-xr-x: Operation not permitted
build	Cache Android SDK	2026-06-06T12:22:47.9306667Z /usr/bin/tar: ../../../../../usr/local/lib/android/sdk/platforms/android-34-ext10/data/res/values-nl-watch: Cannot utime: Operation not permitted
build	Cache Android SDK	2026-06-06T12:22:47.9307235Z /usr/bin/tar: ../../../../../usr/local/lib/android/sdk/platforms/android-34-ext10/data/res/values-nl-watch: Cannot change mode to rwxr-xr-x: Operation not permitted
build	Cache Android SDK	2026-06-06T12:22:47.9313573Z /usr/bin/tar: ../../../../../usr/local/lib/android/sdk/platforms/android-34-ext10/data/res/values-cs: Cannot utime: Operation not permitted
build	Cache Android SDK	2026-06-06T12:22:47.9314021Z /usr/bin/tar: ../../../../../usr/local/lib/android/sdk/platforms/android-34-ext10/data/res/values-cs: Cannot change mode to rwxr-xr-x: Operation not permitted
build	Cache Android SDK	2026-06-06T12:22:47.9316232Z /usr/bin/tar: ../../../../../usr/local/lib/android/sdk/platforms/android-34-ext10/data/res/values-mcc311-mnc180-eu: Cannot utime: Operation not permitted
build	Cache Android SDK	2026-06-06T12:22:47.9316808Z /usr/bin/tar: ../../../../../usr/local/lib/android/sdk/platforms/android-34-ext10/data/res/values-mcc311-mnc180-eu: Cannot change mode to rwxr-xr-x: Operation not permitted
build	Cache Android SDK	2026-06-06T12:22:47.9319717Z /usr/bin/tar: ../../../../../usr/local/lib/android/sdk/platforms/android-34-ext10/data/res/values-mcc310-mnc210-km: Cannot utime: Operation not permitted
build	Cache Android SDK	2026-06-06T12:22:47.9320235Z /usr/bin/tar: ../../../../../usr/local/lib/android/sdk/platforms/android-34-ext10/data/res/values-mcc310-mnc210-km: Cannot change mode to rwxr-xr-x: Operation not permitted
build	Cache Android SDK	2026-06-06T12:22:47.9322518Z /usr/bin/tar: ../../../../../usr/local/lib/android/sdk/platforms/android-34-ext10/data/res/values-mcc313-mnc100-ja: Cannot utime: Operation not permitted
build	Cache Android SDK	2026-06-06T12:22:47.9323000Z /usr/bin/tar: ../../../../../usr/local/lib/android/sdk/platforms/android-34-ext10/data/res/values-mcc313-mnc100-ja: Cannot change mode to rwxr-xr-x: Operation not permitted
build	Cache Android SDK	2026-06-06T12:22:47.9325230Z /usr/bin/tar: ../../../../../usr/local/lib/android/sdk/platforms/android-34-ext10/data/res/values-mcc334-mnc020-sw: Cannot utime: Operation not permitted
build	Cache Android SDK	2026-06-06T12:22:47.9325735Z /usr/bin/tar: ../../../../../usr/local/lib/android/sdk/platforms/android-34-ext10/data/res/values-mcc334-mnc020-sw: Cannot change mode to rwxr-xr-x: Operation not permitted
build	Cache Android SDK	2026-06-06T12:22:47.9328435Z /usr/bin/tar: ../../../../../usr/local/lib/android/sdk/platforms/android-34-ext10/data/res/values-mcc310-mnc200-ta: Cannot utime: Operation not permitted
build	Cache Android SDK	2026-06-06T12:22:47.9328919Z /usr/bin/tar: ../../../../../usr/local/lib/android/sdk/platforms/android-34-ext10/data/res/values-mcc310-mnc200-ta: Cannot change mode to rwxr-xr-x: Operation not permitted
build	Cache Android SDK	2026-06-06T12:22:47.9331410Z /usr/bin/tar: ../../../../../usr/local/lib/android/sdk/platforms/android-34-ext10/data/res/values-mcc310-mnc800-kn: Cannot utime: Operation not permitted
build	Cache Android SDK	2026-06-06T12:22:47.9331894Z /usr/bin/tar: ../../../../../usr/local/lib/android/sdk/platforms/android-34-ext10/data/res/values-mcc310-mnc800-kn: Cannot change mode to rwxr-xr-x: Operation not permitted
build	Cache Android SDK	2026-06-06T12:22:47.9335279Z /usr/bin/tar: ../../../../../usr/local/lib/android/sdk/platforms/android-34-ext10/data/res/values-mcc310-mnc800: Cannot utime: Operation not permitted
build	Cache Android SDK	2026-06-06T12:22:47.9335812Z /usr/bin/tar: ../../../../../usr/local/lib/android/sdk/platforms/android-34-ext10/data/res/values-mcc310-mnc800: Cannot change mode to rwxr-xr-x: Operation not permitted
build	Cache Android SDK	2026-06-06T12:22:47.9339945Z /usr/bin/tar: ../../../../../usr/local/lib/android/sdk/platforms/android-34-ext10/data/res/values-mcc310-mnc410-en-rXC: Cannot utime: Operation not permitted
build	Cache Android SDK	2026-06-06T12:22:47.9340454Z /usr/bin/tar: ../../../../../usr/local/lib/android/sdk/platforms/android-34-ext10/data/res/values-mcc310-mnc410-en-rXC: Cannot change mode to rwxr-xr-x: Operation not permitted
build	Cache Android SDK	2026-06-06T12:22:47.9343528Z /usr/bin/tar: ../../../../../usr/local/lib/android/sdk/platforms/android-34-ext10/data/res/values-mcc310-mnc220-bn: Cannot utime: Operation not permitted
build	Cache Android SDK	2026-06-06T12:22:47.9344015Z /usr/bin/tar: ../../../../../usr/local/lib/android/sdk/platforms/android-34-ext10/data/res/values-mcc310-mnc220-bn: Cannot change mode to rwxr-xr-x: Operation not permitted
build	Cache Android SDK	2026-06-06T12:22:47.9347086Z /usr/bin/tar: ../../../../../usr/local/lib/android/sdk/platforms/android-34-ext10/data/res/values-mcc310-mnc490-ca: Cannot utime: Operation not permitted
build	Cache Android SDK	2026-06-06T12:22:47.9347759Z /usr/bin/tar: ../../../../../usr/local/lib/android/sdk/platforms/android-34-ext10/data/res/values-mcc310-mnc490-ca: Cannot change mode to rwxr-xr-x: Operation not permitted
build	Cache Android SDK	2026-06-06T12:22:47.9350913Z /usr/bin/tar: ../../../../../usr/local/lib/android/sdk/platforms/android-34-ext10/data/res/values-en-rAU-watch: Cannot utime: Operation not permitted
build	Cache Android SDK	2026-06-06T12:22:47.9351382Z /usr/bin/tar: ../../../../../usr/local/lib/android/sdk/platforms/android-34-ext10/data/res/values-en-rAU-watch: Cannot change mode to rwxr-xr-x: Operation not permitted
build	Cache Android SDK	2026-06-06T12:22:47.9354033Z /usr/bin/tar: ../../../../../usr/local/lib/android/sdk/platforms/android-34-ext10/data/res/values-mcc310-mnc220-et: Cannot utime: Operation not permitted
build	Cache Android SDK	2026-06-06T12:22:47.9354529Z /usr/bin/tar: ../../../../../usr/local/lib/android/sdk/platforms/android-34-ext10/data/res/values-mcc310-mnc220-et: Cannot change mode to rwxr-xr-x: Operation not permitted
build	Cache Android SDK	2026-06-06T12:22:47.9357215Z /usr/bin/tar: ../../../../../usr/local/lib/android/sdk/platforms/android-34-ext10/data/res/values-w195dp: Cannot utime: Operation not permitted
build	Cache Android SDK	2026-06-06T12:22:47.9357915Z /usr/bin/tar: ../../../../../usr/local/lib/android/sdk/platforms/android-34-ext10/data/res/values-w195dp: Cannot change mode to rwxr-xr-x: Operation not permitted
build	Cache Android SDK	2026-06-06T12:22:47.9360397Z /usr/bin/tar: ../../../../../usr/local/lib/android/sdk/platforms/android-34-ext10/data/res/values-mcc310-mnc410-is: Cannot utime: Operation not permitted
build	Cache Android SDK	2026-06-06T12:22:47.9360872Z /usr/bin/tar: ../../../../../usr/local/lib/android/sdk/platforms/android-34-ext10/data/res/values-mcc310-mnc410-is: Cannot change mode to rwxr-xr-x: Operation not permitted
build	Cache Android SDK	2026-06-06T12:22:47.9363225Z /usr/bin/tar: ../../../../../usr/local/lib/android/sdk/platforms/android-34-ext10/data/res/values-mcc302-mnc370-vi: Cannot utime: Operation not permitted
build	Cache Android SDK	2026-06-06T12:22:47.9363717Z /usr/bin/tar: ../../../../../usr/local/lib/android/sdk/platforms/android-34-ext10/data/res/values-mcc302-mnc370-vi: Cannot change mode to rwxr-xr-x: Operation not permitted
build	Cache Android SDK	2026-06-06T12:22:47.9366919Z /usr/bin/tar: ../../../../../usr/local/lib/android/sdk/platforms/android-34-ext10/data/res/values-w426dp-h320dp: Cannot utime: Operation not permitted
build	Cache Android SDK	2026-06-06T12:22:47.9367555Z /usr/bin/tar: ../../../../../usr/local/lib/android/sdk/platforms/android-34-ext10/data/res/values-w426dp-h320dp: Cannot change mode to rwxr-xr-x: Operation not permitted
build	Cache Android SDK	2026-06-06T12:22:47.9370020Z /usr/bin/tar: ../../../../../usr/local/lib/android/sdk/platforms/android-34-ext10/data/res/values-mcc310-mnc200-iw: Cannot utime: Operation not permitted
build	Cache Android SDK	2026-06-06T12:22:47.9370506Z /usr/bin/tar: ../../../../../usr/local/lib/android/sdk/platforms/android-34-ext10/data/res/values-mcc310-mnc200-iw: Cannot change mode to rwxr-xr-x: Operation not permitted
build	Cache Android SDK	2026-06-06T12:22:47.9373356Z /usr/bin/tar: ../../../../../usr/local/lib/android/sdk/platforms/android-34-ext10/data/res/values-mcc001-mnc01-sl: Cannot utime: Operation not permitted
build	Cache Android SDK	2026-06-06T12:22:47.9373829Z /usr/bin/tar: ../../../../../usr/local/lib/android/sdk/platforms/android-34-ext10/data/res/values-mcc001-mnc01-sl: Cannot change mode to rwxr-xr-x: Operation not permitted
build	Cache Android SDK	2026-06-06T12:22:47.9376864Z /usr/bin/tar: ../../../../../usr/local/lib/android/sdk/platforms/android-34-ext10/data/res/values-mcc313-mnc100-ro: Cannot utime: Operation not permitted
build	Cache Android SDK	2026-06-06T12:22:47.9377862Z /usr/bin/tar: ../../../../../usr/local/lib/android/sdk/platforms/android-34-ext10/data/res/values-mcc313-mnc100-ro: Cannot change mode to rwxr-xr-x: Operation not permitted
build	Cache Android SDK	2026-06-06T12:22:47.9380327Z /usr/bin/tar: ../../../../../usr/local/lib/android/sdk/platforms/android-34-ext10/data/res/values-mcc001-mnc01-en-rGB: Cannot utime: Operation not permitted
build	Cache Android SDK	2026-06-06T12:22:47.9380911Z /usr/bin/tar: ../../../../../usr/local/lib/android/sdk/platforms/android-34-ext10/data/res/values-mcc001-mnc01-en-rGB: Cannot change mode to rwxr-xr-x: Operation not permitted
build	Cache Android SDK	2026-06-06T12:22:47.9383593Z /usr/bin/tar: ../../../../../usr/local/lib/android/sdk/platforms/android-34-ext10/data/res/values-mcc310-mnc230-et: Cannot utime: Operation not permitted
build	Cache Android SDK	2026-06-06T12:22:47.9384067Z /usr/bin/tar: ../../../../../usr/local/lib/android/sdk/platforms/android-34-ext10/data/res/values-mcc310-mnc230-et: Cannot change mode to rwxr-xr-x: Operation not permitted
build	Cache Android SDK	2026-06-06T12:22:47.9386752Z /usr/bin/tar: ../../../../../usr/local/lib/android/sdk/platforms/android-34-ext10/data/res/values-mcc313-mnc100-ko: Cannot utime: Operation not permitted
build	Cache Android SDK	2026-06-06T12:22:47.9387221Z /usr/bin/tar: ../../../../../usr/local/lib/android/sdk/platforms/android-34-ext10/data/res/values-mcc313-mnc100-ko: Cannot change mode to rwxr-xr-x: Operation not permitted
build	Cache Android SDK	2026-06-06T12:22:47.9390468Z /usr/bin/tar: ../../../../../usr/local/lib/android/sdk/platforms/android-34-ext10/data/res/values-mcc310-mnc380-fr: Cannot utime: Operation not permitted
build	Cache Android SDK	2026-06-06T12:22:47.9390944Z /usr/bin/tar: ../../../../../usr/local/lib/android/sdk/platforms/android-34-ext10/data/res/values-mcc310-mnc380-fr: Cannot change mode to rwxr-xr-x: Operation not permitted
build	Cache Android SDK	2026-06-06T12:22:47.9393782Z /usr/bin/tar: ../../../../../usr/local/lib/android/sdk/platforms/android-34-ext10/data/res/values-mcc310-mnc250-bn: Cannot utime: Operation not permitted
build	Cache Android SDK	2026-06-06T12:22:47.9394248Z /usr/bin/tar: ../../../../../usr/local/lib/android/sdk/platforms/android-34-ext10/data/res/values-mcc310-mnc250-bn: Cannot change mode to rwxr-xr-x: Operation not permitted
build	Cache Android SDK	2026-06-06T12:22:47.9397551Z /usr/bin/tar: ../../../../../usr/local/lib/android/sdk/platforms/android-34-ext10/data/res/values-mcc302-mnc720-lo: Cannot utime: Operation not permitted
build	Cache Android SDK	2026-06-06T12:22:47.9398065Z /usr/bin/tar: ../../../../../usr/local/lib/android/sdk/platforms/android-34-ext10/data/res/values-mcc302-mnc720-lo: Cannot change mode to rwxr-xr-x: Operation not permitted
build	Cache Android SDK	2026-06-06T12:22:47.9400587Z /usr/bin/tar: ../../../../../usr/local/lib/android/sdk/platforms/android-34-ext10/data/res/values-mcc310-mnc210-mn: Cannot utime: Operation not permitted
build	Cache Android SDK	2026-06-06T12:22:47.9401099Z /usr/bin/tar: ../../../../../usr/local/lib/android/sdk/platforms/android-34-ext10/data/res/values-mcc310-mnc210-mn: Cannot change mode to rwxr-xr-x: Operation not permitted
build	Cache Android SDK	2026-06-06T12:22:47.9403234Z /usr/bin/tar: ../../../../../usr/local/lib/android/sdk/platforms/android-34-ext10/data/res/values-mcc310-mnc230-gl: Cannot utime: Operation not permitted
build	Cache Android SDK	2026-06-06T12:22:47.9403725Z /usr/bin/tar: ../../../../../usr/local/lib/android/sdk/platforms/android-34-ext10/data/res/values-mcc310-mnc230-gl: Cannot change mode to rwxr-xr-x: Operation not permitted
build	Cache Android SDK	2026-06-06T12:22:47.9406472Z /usr/bin/tar: ../../../../../usr/local/lib/android/sdk/platforms/android-34-ext10/data/res/values-mcc310-mnc230-bg: Cannot utime: Operation not permitted
build	Cache Android SDK	2026-06-06T12:22:47.9407056Z /usr/bin/tar: ../../../../../usr/local/lib/android/sdk/platforms/android-34-ext10/data/res/values-mcc310-mnc230-bg: Cannot change mode to rwxr-xr-x: Operation not permitted
build	Cache Android SDK	2026-06-06T12:22:47.9409408Z /usr/bin/tar: ../../../../../usr/local/lib/android/sdk/platforms/android-34-ext10/data/res/values-mcc310-mnc250-pt: Cannot utime: Operation not permitted
build	Cache Android SDK	2026-06-06T12:22:47.9409882Z /usr/bin/tar: ../../../../../usr/local/lib/android/sdk/platforms/android-34-ext10/data/res/values-mcc310-mnc250-pt: Cannot change mode to rwxr-xr-x: Operation not permitted
build	Cache Android SDK	2026-06-06T12:22:47.9412553Z /usr/bin/tar: ../../../../../usr/local/lib/android/sdk/platforms/android-34-ext10/data/res/values-mcc310-mnc160-ko: Cannot utime: Operation not permitted
build	Cache Android SDK	2026-06-06T12:22:47.9413034Z /usr/bin/tar: ../../../../../usr/local/lib/android/sdk/platforms/android-34-ext10/data/res/values-mcc310-mnc160-ko: Cannot change mode to rwxr-xr-x: Operation not permitted
build	Cache Android SDK	2026-06-06T12:22:47.9415241Z /usr/bin/tar: ../../../../../usr/local/lib/android/sdk/platforms/android-34-ext10/data/res/values-mcc310-mnc410-sq: Cannot utime: Operation not permitted
build	Cache Android SDK	2026-06-06T12:22:47.9415823Z /usr/bin/tar: ../../../../../usr/local/lib/android/sdk/platforms/android-34-ext10/data/res/values-mcc310-mnc410-sq: Cannot change mode to rwxr-xr-x: Operation not permitted
build	Cache Android SDK	2026-06-06T12:22:47.9418866Z /usr/bin/tar: ../../../../../usr/local/lib/android/sdk/platforms/android-34-ext10/data/res/values-w480dp: Cannot utime: Operation not permitted
build	Cache Android SDK	2026-06-06T12:22:47.9419312Z /usr/bin/tar: ../../../../../usr/local/lib/android/sdk/platforms/android-34-ext10/data/res/values-w480dp: Cannot change mode to rwxr-xr-x: Operation not permitted
build	Cache Android SDK	2026-06-06T12:22:47.9421838Z /usr/bin/tar: ../../../../../usr/local/lib/android/sdk/platforms/android-34-ext10/data/res/values-mcc310-mnc560-is: Cannot utime: Operation not permitted
build	Cache Android SDK	2026-06-06T12:22:47.9422411Z /usr/bin/tar: ../../../../../usr/local/lib/android/sdk/platforms/android-34-ext10/data/res/values-mcc310-mnc560-is: Cannot change mode to rwxr-xr-x: Operation not permitted
build	Cache Android SDK	2026-06-06T12:22:47.9425172Z /usr/bin/tar: ../../../../../usr/local/lib/android/sdk/platforms/android-34-ext10/data/res/values-mn-watch: Cannot utime: Operation not permitted
build	Cache Android SDK	2026-06-06T12:22:47.9425635Z /usr/bin/tar: ../../../../../usr/local/lib/android/sdk/platforms/android-34-ext10/data/res/values-mn-watch: Cannot change mode to rwxr-xr-x: Operation not permitted
build	Cache Android SDK	2026-06-06T12:22:47.9429065Z /usr/bin/tar: ../../../../../usr/local/lib/android/sdk/platforms/android-34-ext10/data/res/values-mcc302-mnc720-ru: Cannot utime: Operation not permitted
build	Cache Android SDK	2026-06-06T12:22:47.9429614Z /usr/bin/tar: ../../../../../usr/local/lib/android/sdk/platforms/android-34-ext10/data/res/values-mcc302-mnc720-ru: Cannot change mode to rwxr-xr-x: Operation not permitted
build	Cache Android SDK	2026-06-06T12:22:47.9431879Z /usr/bin/tar: ../../../../../usr/local/lib/android/sdk/platforms/android-34-ext10/data/res/values-mcc310-mnc950-zh-rCN: Cannot utime: Operation not permitted
build	Cache Android SDK	2026-06-06T12:22:47.9432386Z /usr/bin/tar: ../../../../../usr/local/lib/android/sdk/platforms/android-34-ext10/data/res/values-mcc310-mnc950-zh-rCN: Cannot change mode to rwxr-xr-x: Operation not permitted
build	Cache Android SDK	2026-06-06T12:22:47.9434903Z /usr/bin/tar: ../../../../../usr/local/lib/android/sdk/platforms/android-34-ext10/data/res/values-mcc310-mnc950-cs: Cannot utime: Operation not permitted
build	Cache Android SDK	2026-06-06T12:22:47.9435380Z /usr/bin/tar: ../../../../../usr/local/lib/android/sdk/platforms/android-34-ext10/data/res/values-mcc310-mnc950-cs: Cannot change mode to rwxr-xr-x: Operation not permitted
build	Cache Android SDK	2026-06-06T12:22:47.9437889Z /usr/bin/tar: ../../../../../usr/local/lib/android/sdk/platforms/android-34-ext10/data/res/values-mcc310-mnc200-pt: Cannot utime: Operation not permitted
build	Cache Android SDK	2026-06-06T12:22:47.9438373Z /usr/bin/tar: ../../../../../usr/local/lib/android/sdk/platforms/android-34-ext10/data/res/values-mcc310-mnc200-pt: Cannot change mode to rwxr-xr-x: Operation not permitted
build	Cache Android SDK	2026-06-06T12:22:47.9440936Z /usr/bin/tar: ../../../../../usr/local/lib/android/sdk/platforms/android-34-ext10/data/res/values-mcc310-mnc240-fr-rCA: Cannot utime: Operation not permitted
build	Cache Android SDK	2026-06-06T12:22:47.9441431Z /usr/bin/tar: ../../../../../usr/local/lib/android/sdk/platforms/android-34-ext10/data/res/values-mcc310-mnc240-fr-rCA: Cannot change mode to rwxr-xr-x: Operation not permitted
build	Cache Android SDK	2026-06-06T12:22:47.9444038Z /usr/bin/tar: ../../../../../usr/local/lib/android/sdk/platforms/android-34-ext10/data/res/values-mcc311-mnc180-pl: Cannot utime: Operation not permitted
build	Cache Android SDK	2026-06-06T12:22:47.9444511Z /usr/bin/tar: ../../../../../usr/local/lib/android/sdk/platforms/android-34-ext10/data/res/values-mcc311-mnc180-pl: Cannot change mode to rwxr-xr-x: Operation not permitted
build	Cache Android SDK	2026-06-06T12:22:47.9447105Z /usr/bin/tar: ../../../../../usr/local/lib/android/sdk/platforms/android-34-ext10/data/res/values-ka-television: Cannot utime: Operation not permitted
build	Cache Android SDK	2026-06-06T12:22:47.9447775Z /usr/bin/tar: ../../../../../usr/local/lib/android/sdk/platforms/android-34-ext10/data/res/values-ka-television: Cannot change mode to rwxr-xr-x: Operation not permitted
build	Cache Android SDK	2026-06-06T12:22:47.9450187Z /usr/bin/tar: ../../../../../usr/local/lib/android/sdk/platforms/android-34-ext10/data/res/values-mcc310-mnc310-hr: Cannot utime: Operation not permitted
build	Cache Android SDK	2026-06-06T12:22:47.9450669Z /usr/bin/tar: ../../../../../usr/local/lib/android/sdk/platforms/android-34-ext10/data/res/values-mcc310-mnc310-hr: Cannot change mode to rwxr-xr-x: Operation not permitted
build	Cache Android SDK	2026-06-06T12:22:47.9456973Z /usr/bin/tar: ../../../../../usr/local/lib/android/sdk/platforms/android-34-ext10/data/res/animator: Cannot utime: Operation not permitted
build	Cache Android SDK	2026-06-06T12:22:47.9457820Z /usr/bin/tar: ../../../../../usr/local/lib/android/sdk/platforms/android-34-ext10/data/res/animator: Cannot change mode to rwxr-xr-x: Operation not permitted
build	Cache Android SDK	2026-06-06T12:22:47.9460447Z /usr/bin/tar: ../../../../../usr/local/lib/android/sdk/platforms/android-34-ext10/data/res/values-az-television: Cannot utime: Operation not permitted
build	Cache Android SDK	2026-06-06T12:22:47.9461020Z /usr/bin/tar: ../../../../../usr/local/lib/android/sdk/platforms/android-34-ext10/data/res/values-az-television: Cannot change mode to rwxr-xr-x: Operation not permitted
build	Cache Android SDK	2026-06-06T12:22:47.9467708Z /usr/bin/tar: ../../../../../usr/local/lib/android/sdk/platforms/android-34-ext10/data/res/values-en-rGB: Cannot utime: Operation not permitted
build	Cache Android SDK	2026-06-06T12:22:47.9468177Z /usr/bin/tar: ../../../../../usr/local/lib/android/sdk/platforms/android-34-ext10/data/res/values-en-rGB: Cannot change mode to rwxr-xr-x: Operation not permitted
build	Cache Android SDK	2026-06-06T12:22:47.9471049Z /usr/bin/tar: ../../../../../usr/local/lib/android/sdk/platforms/android-34-ext10/data/res/values-mcc310-mnc230-pt: Cannot utime: Operation not permitted
build	Cache Android SDK	2026-06-06T12:22:47.9471961Z /usr/bin/tar: ../../../../../usr/local/lib/android/sdk/platforms/android-34-ext10/data/res/values-mcc310-mnc230-pt: Cannot change mode to rwxr-xr-x: Operation not permitted
build	Cache Android SDK	2026-06-06T12:22:47.9474704Z /usr/bin/tar: ../../../../../usr/local/lib/android/sdk/platforms/android-34-ext10/data/res/values-mcc302-mnc370-bn: Cannot utime: Operation not permitted
build	Cache Android SDK	2026-06-06T12:22:47.9475371Z /usr/bin/tar: ../../../../../usr/local/lib/android/sdk/platforms/android-34-ext10/data/res/values-mcc302-mnc370-bn: Cannot change mode to rwxr-xr-x: Operation not permitted
build	Cache Android SDK	2026-06-06T12:22:47.9477977Z /usr/bin/tar: ../../../../../usr/local/lib/android/sdk/platforms/android-34-ext10/data/res/values-mcc310-mnc410-ro: Cannot utime: Operation not permitted
build	Cache Android SDK	2026-06-06T12:22:47.9478685Z /usr/bin/tar: ../../../../../usr/local/lib/android/sdk/platforms/android-34-ext10/data/res/values-mcc310-mnc410-ro: Cannot change mode to rwxr-xr-x: Operation not permitted
build	Cache Android SDK	2026-06-06T12:22:47.9481343Z /usr/bin/tar: ../../../../../usr/local/lib/android/sdk/platforms/android-34-ext10/data/res/values-mcc310-mnc170-en-rXC: Cannot utime: Operation not permitted
build	Cache Android SDK	2026-06-06T12:22:47.9482072Z /usr/bin/tar: ../../../../../usr/local/lib/android/sdk/platforms/android-34-ext10/data/res/values-mcc310-mnc170-en-rXC: Cannot change mode to rwxr-xr-x: Operation not permitted
build	Cache Android SDK	2026-06-06T12:22:47.9488814Z /usr/bin/tar: ../../../../../usr/local/lib/android/sdk/platforms/android-34-ext10/data/res/values-ka: Cannot utime: Operation not permitted
build	Cache Android SDK	2026-06-06T12:22:47.9489288Z /usr/bin/tar: ../../../../../usr/local/lib/android/sdk/platforms/android-34-ext10/data/res/values-ka: Cannot change mode to rwxr-xr-x: Operation not permitted
build	Cache Android SDK	2026-06-06T12:22:47.9492131Z /usr/bin/tar: ../../../../../usr/local/lib/android/sdk/platforms/android-34-ext10/data/res/values-ky-watch: Cannot utime: Operation not permitted
build	Cache Android SDK	2026-06-06T12:22:47.9492612Z /usr/bin/tar: ../../../../../usr/local/lib/android/sdk/platforms/android-34-ext10/data/res/values-ky-watch: Cannot change mode to rwxr-xr-x: Operation not permitted
build	Cache Android SDK	2026-06-06T12:22:47.9494559Z /usr/bin/tar: ../../../../../usr/local/lib/android/sdk/platforms/android-34-ext10/data/res/values-am-watch: Cannot utime: Operation not permitted
build	Cache Android SDK	2026-06-06T12:22:47.9495022Z /usr/bin/tar: ../../../../../usr/local/lib/android/sdk/platforms/android-34-ext10/data/res/values-am-watch: Cannot change mode to rwxr-xr-x: Operation not permitted
build	Cache Android SDK	2026-06-06T12:22:47.9497280Z /usr/bin/tar: ../../../../../usr/local/lib/android/sdk/platforms/android-34-ext10/data/res/values-mcc310-mnc004: Cannot utime: Operation not permitted
build	Cache Android SDK	2026-06-06T12:22:47.9497963Z /usr/bin/tar: ../../../../../usr/local/lib/android/sdk/platforms/android-34-ext10/data/res/values-mcc310-mnc004: Cannot change mode to rwxr-xr-x: Operation not permitted
build	Cache Android SDK	2026-06-06T12:22:47.9500701Z /usr/bin/tar: ../../../../../usr/local/lib/android/sdk/platforms/android-34-ext10/data/res/values-mcc310-mnc230-hu: Cannot utime: Operation not permitted
build	Cache Android SDK	2026-06-06T12:22:47.9501494Z /usr/bin/tar: ../../../../../usr/local/lib/android/sdk/platforms/android-34-ext10/data/res/values-mcc310-mnc230-hu: Cannot change mode to rwxr-xr-x: Operation not permitted
build	Cache Android SDK	2026-06-06T12:22:47.9503134Z /usr/bin/tar: ../../../../../usr/local/lib/android/sdk/platforms/android-34-ext10/data/res/values-mcc310-mnc660-hu: Cannot utime: Operation not permitted
build	Cache Android SDK	2026-06-06T12:22:47.9503706Z /usr/bin/tar: ../../../../../usr/local/lib/android/sdk/platforms/android-34-ext10/data/res/values-mcc310-mnc660-hu: Cannot change mode to rwxr-xr-x: Operation not permitted
build	Cache Android SDK	2026-06-06T12:22:47.9507032Z /usr/bin/tar: ../../../../../usr/local/lib/android/sdk/platforms/android-34-ext10/data/res/raw-es: Cannot utime: Operation not permitted
build	Cache Android SDK	2026-06-06T12:22:47.9507642Z /usr/bin/tar: ../../../../../usr/local/lib/android/sdk/platforms/android-34-ext10/data/res/raw-es: Cannot change mode to rwxr-xr-x: Operation not permitted
build	Cache Android SDK	2026-06-06T12:22:47.9510674Z /usr/bin/tar: ../../../../../usr/local/lib/android/sdk/platforms/android-34-ext10/data/res/values-mcc310-mnc220-ta: Cannot utime: Operation not permitted
build	Cache Android SDK	2026-06-06T12:22:47.9511152Z /usr/bin/tar: ../../../../../usr/local/lib/android/sdk/platforms/android-34-ext10/data/res/values-mcc310-mnc220-ta: Cannot change mode to rwxr-xr-x: Operation not permitted
build	Cache Android SDK	2026-06-06T12:22:47.9514148Z /usr/bin/tar: ../../../../../usr/local/lib/android/sdk/platforms/android-34-ext10/data/res/values-mcc302-mnc370-fa: Cannot utime: Operation not permitted
build	Cache Android SDK	2026-06-06T12:22:47.9514632Z /usr/bin/tar: ../../../../../usr/local/lib/android/sdk/platforms/android-34-ext10/data/res/values-mcc302-mnc370-fa: Cannot change mode to rwxr-xr-x: Operation not permitted
build	Cache Android SDK	2026-06-06T12:22:47.9516812Z /usr/bin/tar: ../../../../../usr/local/lib/android/sdk/platforms/android-34-ext10/data/res/values-mcc310-mnc270-en-rAU: Cannot utime: Operation not permitted
build	Cache Android SDK	2026-06-06T12:22:47.9517317Z /usr/bin/tar: ../../../../../usr/local/lib/android/sdk/platforms/android-34-ext10/data/res/values-mcc310-mnc270-en-rAU: Cannot change mode to rwxr-xr-x: Operation not permitted
build	Cache Android SDK	2026-06-06T12:22:47.9531053Z /usr/bin/tar: ../../../../../usr/local/lib/android/sdk/platforms/android-34-ext10/data/res/drawable-land-mdpi: Cannot utime: Operation not permitted
build	Cache Android SDK	2026-06-06T12:22:47.9531595Z /usr/bin/tar: ../../../../../usr/local/lib/android/sdk/platforms/android-34-ext10/data/res/drawable-land-mdpi: Cannot change mode to rwxr-xr-x: Operation not permitted
build	Cache Android SDK	2026-06-06T12:22:47.9534719Z /usr/bin/tar: ../../../../../usr/local/lib/android/sdk/platforms/android-34-ext10/data/res/values-mcc310-mnc210-ta: Cannot utime: Operation not permitted
build	Cache Android SDK	2026-06-06T12:22:47.9535270Z /usr/bin/tar: ../../../../../usr/local/lib/android/sdk/platforms/android-34-ext10/data/res/values-mcc310-mnc210-ta: Cannot change mode to rwxr-xr-x: Operation not permitted
build	Cache Android SDK	2026-06-06T12:22:47.9537862Z /usr/bin/tar: ../../../../../usr/local/lib/android/sdk/platforms/android-34-ext10/data/res/values-mcc310-mnc410-ko: Cannot utime: Operation not permitted
build	Cache Android SDK	2026-06-06T12:22:47.9538364Z /usr/bin/tar: ../../../../../usr/local/lib/android/sdk/platforms/android-34-ext10/data/res/values-mcc310-mnc410-ko: Cannot change mode to rwxr-xr-x: Operation not permitted
build	Cache Android SDK	2026-06-06T12:22:47.9540828Z /usr/bin/tar: ../../../../../usr/local/lib/android/sdk/platforms/android-34-ext10/data/res/values-mcc310-mnc030-ms: Cannot utime: Operation not permitted
build	Cache Android SDK	2026-06-06T12:22:47.9541442Z /usr/bin/tar: ../../../../../usr/local/lib/android/sdk/platforms/android-34-ext10/data/res/values-mcc310-mnc030-ms: Cannot change mode to rwxr-xr-x: Operation not permitted
build	Cache Android SDK	2026-06-06T12:22:47.9544622Z /usr/bin/tar: ../../../../../usr/local/lib/android/sdk/platforms/android-34-ext10/data/res/values-mcc310-mnc280-hi: Cannot utime: Operation not permitted
build	Cache Android SDK	2026-06-06T12:22:47.9545100Z /usr/bin/tar: ../../../../../usr/local/lib/android/sdk/platforms/android-34-ext10/data/res/values-mcc310-mnc280-hi: Cannot change mode to rwxr-xr-x: Operation not permitted
build	Cache Android SDK	2026-06-06T12:22:47.9548156Z /usr/bin/tar: ../../../../../usr/local/lib/android/sdk/platforms/android-34-ext10/data/res/values-mcc310-mnc310-ro: Cannot utime: Operation not permitted
build	Cache Android SDK	2026-06-06T12:22:47.9548634Z /usr/bin/tar: ../../../../../usr/local/lib/android/sdk/platforms/android-34-ext10/data/res/values-mcc310-mnc310-ro: Cannot change mode to rwxr-xr-x: Operation not permitted
build	Cache Android SDK	2026-06-06T12:22:47.9552128Z /usr/bin/tar: ../../../../../usr/local/lib/android/sdk/platforms/android-34-ext10/data/res/values-mcc310-mnc240-pt-rBR: Cannot utime: Operation not permitted
build	Cache Android SDK	2026-06-06T12:22:47.9552626Z /usr/bin/tar: ../../../../../usr/local/lib/android/sdk/platforms/android-34-ext10/data/res/values-mcc310-mnc240-pt-rBR: Cannot change mode to rwxr-xr-x: Operation not permitted
build	Cache Android SDK	2026-06-06T12:22:47.9555232Z /usr/bin/tar: ../../../../../usr/local/lib/android/sdk/platforms/android-34-ext10/data/res/values-mcc310-mnc490-fr: Cannot utime: Operation not permitted
build	Cache Android SDK	2026-06-06T12:22:47.9555703Z /usr/bin/tar: ../../../../../usr/local/lib/android/sdk/platforms/android-34-ext10/data/res/values-mcc310-mnc490-fr: Cannot change mode to rwxr-xr-x: Operation not permitted
build	Cache Android SDK	2026-06-06T12:22:47.9558472Z /usr/bin/tar: ../../../../../usr/local/lib/android/sdk/platforms/android-34-ext10/data/res/values-mcc310-mnc160-gu: Cannot utime: Operation not permitted
build	Cache Android SDK	2026-06-06T12:22:47.9561678Z /usr/bin/tar: ../../../../../usr/local/lib/android/sdk/platforms/android-34-ext10/data/res/values-mcc310-mnc160-gu: Cannot change mode to rwxr-xr-x: Operation not permitted
build	Cache Android SDK	2026-06-06T12:22:47.9562106Z /usr/bin/tar: ../../../../../usr/local/lib/android/sdk/platforms/android-34-ext10/data/res/values-mcc310-mnc150-es: Cannot utime: Operation not permitted
build	Cache Android SDK	2026-06-06T12:22:47.9562569Z /usr/bin/tar: ../../../../../usr/local/lib/android/sdk/platforms/android-34-ext10/data/res/values-mcc310-mnc150-es: Cannot change mode to rwxr-xr-x: Operation not permitted
build	Cache Android SDK	2026-06-06T12:22:47.9564542Z /usr/bin/tar: ../../../../../usr/local/lib/android/sdk/platforms/android-34-ext10/data/res/values-mcc310-mnc800-hi: Cannot utime: Operation not permitted
build	Cache Android SDK	2026-06-06T12:22:47.9565000Z /usr/bin/tar: ../../../../../usr/local/lib/android/sdk/platforms/android-34-ext10/data/res/values-mcc310-mnc800-hi: Cannot change mode to rwxr-xr-x: Operation not permitted
build	Cache Android SDK	2026-06-06T12:22:47.9567719Z /usr/bin/tar: ../../../../../usr/local/lib/android/sdk/platforms/android-34-ext10/data/res/values-mcc450-ko: Cannot utime: Operation not permitted
build	Cache Android SDK	2026-06-06T12:22:47.9568242Z /usr/bin/tar: ../../../../../usr/local/lib/android/sdk/platforms/android-34-ext10/data/res/values-mcc450-ko: Cannot change mode to rwxr-xr-x: Operation not permitted
build	Cache Android SDK	2026-06-06T12:22:47.9570653Z /usr/bin/tar: ../../../../../usr/local/lib/android/sdk/platforms/android-34-ext10/data/res/values-ml-television: Cannot utime: Operation not permitted
build	Cache Android SDK	2026-06-06T12:22:47.9571118Z /usr/bin/tar: ../../../../../usr/local/lib/android/sdk/platforms/android-34-ext10/data/res/values-ml-television: Cannot change mode to rwxr-xr-x: Operation not permitted
build	Cache Android SDK	2026-06-06T12:22:47.9574060Z /usr/bin/tar: ../../../../../usr/local/lib/android/sdk/platforms/android-34-ext10/data/res/values-mcc310-mnc240-vi: Cannot utime: Operation not permitted
build	Cache Android SDK	2026-06-06T12:22:47.9574532Z /usr/bin/tar: ../../../../../usr/local/lib/android/sdk/platforms/android-34-ext10/data/res/values-mcc310-mnc240-vi: Cannot change mode to rwxr-xr-x: Operation not permitted
build	Cache Android SDK	2026-06-06T12:22:47.9577177Z /usr/bin/tar: ../../../../../usr/local/lib/android/sdk/platforms/android-34-ext10/data/res/values-mcc311-mnc180-de: Cannot utime: Operation not permitted
build	Cache Android SDK	2026-06-06T12:22:47.9577854Z /usr/bin/tar: ../../../../../usr/local/lib/android/sdk/platforms/android-34-ext10/data/res/values-mcc311-mnc180-de: Cannot change mode to rwxr-xr-x: Operation not permitted
build	Cache Android SDK	2026-06-06T12:22:47.9580398Z /usr/bin/tar: ../../../../../usr/local/lib/android/sdk/platforms/android-34-ext10/data/res/values-mcc310-mnc210-pt-rBR: Cannot utime: Operation not permitted
build	Cache Android SDK	2026-06-06T12:22:47.9583906Z /usr/bin/tar: ../../../../../usr/local/lib/android/sdk/platforms/android-34-ext10/data/res/values-mcc310-mnc210-pt-rBR: Cannot change mode to rwxr-xr-x: Operation not permitted
build	Cache Android SDK	2026-06-06T12:22:47.9584301Z /usr/bin/tar: ../../../../../usr/local/lib/android/sdk/platforms/android-34-ext10/data/res/values-mcc732: Cannot utime: Operation not permitted
build	Cache Android SDK	2026-06-06T12:22:47.9584810Z /usr/bin/tar: ../../../../../usr/local/lib/android/sdk/platforms/android-34-ext10/data/res/values-mcc732: Cannot change mode to rwxr-xr-x: Operation not permitted
build	Cache Android SDK	2026-06-06T12:22:47.9587257Z /usr/bin/tar: ../../../../../usr/local/lib/android/sdk/platforms/android-34-ext10/data/res/values-mcc313-mnc100-zh-rHK: Cannot utime: Operation not permitted
build	Cache Android SDK	2026-06-06T12:22:47.9587871Z /usr/bin/tar: ../../../../../usr/local/lib/android/sdk/platforms/android-34-ext10/data/res/values-mcc313-mnc100-zh-rHK: Cannot change mode to rwxr-xr-x: Operation not permitted
build	Cache Android SDK	2026-06-06T12:22:47.9590280Z /usr/bin/tar: ../../../../../usr/local/lib/android/sdk/platforms/android-34-ext10/data/res/values-mcc334-mnc020-or: Cannot utime: Operation not permitted
build	Cache Android SDK	2026-06-06T12:22:47.9590749Z /usr/bin/tar: ../../../../../usr/local/lib/android/sdk/platforms/android-34-ext10/data/res/values-mcc334-mnc020-or: Cannot change mode to rwxr-xr-x: Operation not permitted
build	Cache Android SDK	2026-06-06T12:22:47.9593456Z /usr/bin/tar: ../../../../../usr/local/lib/android/sdk/platforms/android-34-ext10/data/res/values-mcc310-mnc150-in: Cannot utime: Operation not permitted
build	Cache Android SDK	2026-06-06T12:22:47.9593921Z /usr/bin/tar: ../../../../../usr/local/lib/android/sdk/platforms/android-34-ext10/data/res/values-mcc310-mnc150-in: Cannot change mode to rwxr-xr-x: Operation not permitted
build	Cache Android SDK	2026-06-06T12:22:47.9598580Z /usr/bin/tar: ../../../../../usr/local/lib/android/sdk/platforms/android-34-ext10/data/res/values-kn-television: Cannot utime: Operation not permitted
build	Cache Android SDK	2026-06-06T12:22:47.9599039Z /usr/bin/tar: ../../../../../usr/local/lib/android/sdk/platforms/android-34-ext10/data/res/values-kn-television: Cannot change mode to rwxr-xr-x: Operation not permitted
build	Cache Android SDK	2026-06-06T12:22:47.9601456Z /usr/bin/tar: ../../../../../usr/local/lib/android/sdk/platforms/android-34-ext10/data/res/values-mcc310-mnc410-cs: Cannot utime: Operation not permitted
build	Cache Android SDK	2026-06-06T12:22:47.9601926Z /usr/bin/tar: ../../../../../usr/local/lib/android/sdk/platforms/android-34-ext10/data/res/values-mcc310-mnc410-cs: Cannot change mode to rwxr-xr-x: Operation not permitted
build	Cache Android SDK	2026-06-06T12:22:47.9604641Z /usr/bin/tar: ../../../../../usr/local/lib/android/sdk/platforms/android-34-ext10/data/res/values-mcc310-mnc200-tr: Cannot utime: Operation not permitted
build	Cache Android SDK	2026-06-06T12:22:47.9605117Z /usr/bin/tar: ../../../../../usr/local/lib/android/sdk/platforms/android-34-ext10/data/res/values-mcc310-mnc200-tr: Cannot change mode to rwxr-xr-x: Operation not permitted
build	Cache Android SDK	2026-06-06T12:22:47.9607961Z /usr/bin/tar: ../../../../../usr/local/lib/android/sdk/platforms/android-34-ext10/data/res/values-mcc310-mnc030-sw: Cannot utime: Operation not permitted
build	Cache Android SDK	2026-06-06T12:22:47.9608422Z /usr/bin/tar: ../../../../../usr/local/lib/android/sdk/platforms/android-34-ext10/data/res/values-mcc310-mnc030-sw: Cannot change mode to rwxr-xr-x: Operation not permitted
build	Cache Android SDK	2026-06-06T12:22:47.9611366Z /usr/bin/tar: ../../../../../usr/local/lib/android/sdk/platforms/android-34-ext10/data/res/values-hi-rIN: Cannot utime: Operation not permitted
build	Cache Android SDK	2026-06-06T12:22:47.9611804Z /usr/bin/tar: ../../../../../usr/local/lib/android/sdk/platforms/android-34-ext10/data/res/values-hi-rIN: Cannot change mode to rwxr-xr-x: Operation not permitted
build	Cache Android SDK	2026-06-06T12:22:47.9615330Z /usr/bin/tar: ../../../../../usr/local/lib/android/sdk/platforms/android-34-ext10/data/res/values-mcc310-mnc170-sk: Cannot utime: Operation not permitted
build	Cache Android SDK	2026-06-06T12:22:47.9615838Z /usr/bin/tar: ../../../../../usr/local/lib/android/sdk/platforms/android-34-ext10/data/res/values-mcc310-mnc170-sk: Cannot change mode to rwxr-xr-x: Operation not permitted
build	Cache Android SDK	2026-06-06T12:22:47.9618625Z /usr/bin/tar: ../../../../../usr/local/lib/android/sdk/platforms/android-34-ext10/data/res/values-mcc310-mnc030-pt: Cannot utime: Operation not permitted
build	Cache Android SDK	2026-06-06T12:22:47.9619121Z /usr/bin/tar: ../../../../../usr/local/lib/android/sdk/platforms/android-34-ext10/data/res/values-mcc310-mnc030-pt: Cannot change mode to rwxr-xr-x: Operation not permitted
build	Cache Android SDK	2026-06-06T12:22:47.9621157Z /usr/bin/tar: ../../../../../usr/local/lib/android/sdk/platforms/android-34-ext10/data/res/values-mcc310-mnc150-b+sr+Latn: Cannot utime: Operation not permitted
build	Cache Android SDK	2026-06-06T12:22:47.9621737Z /usr/bin/tar: ../../../../../usr/local/lib/android/sdk/platforms/android-34-ext10/data/res/values-mcc310-mnc150-b+sr+Latn: Cannot change mode to rwxr-xr-x: Operation not permitted
build	Cache Android SDK	2026-06-06T12:22:47.9624226Z /usr/bin/tar: ../../../../../usr/local/lib/android/sdk/platforms/android-34-ext10/data/res/values-mcc310-mnc160-tl: Cannot utime: Operation not permitted
build	Cache Android SDK	2026-06-06T12:22:47.9624692Z /usr/bin/tar: ../../../../../usr/local/lib/android/sdk/platforms/android-34-ext10/data/res/values-mcc310-mnc160-tl: Cannot change mode to rwxr-xr-x: Operation not permitted
build	Cache Android SDK	2026-06-06T12:22:47.9627703Z /usr/bin/tar: ../../../../../usr/local/lib/android/sdk/platforms/android-34-ext10/data/res/values-mcc310-mnc310-am: Cannot utime: Operation not permitted
build	Cache Android SDK	2026-06-06T12:22:47.9628176Z /usr/bin/tar: ../../../../../usr/local/lib/android/sdk/platforms/android-34-ext10/data/res/values-mcc310-mnc310-am: Cannot change mode to rwxr-xr-x: Operation not permitted
build	Cache Android SDK	2026-06-06T12:22:47.9631165Z /usr/bin/tar: ../../../../../usr/local/lib/android/sdk/platforms/android-34-ext10/data/res/values-mcc310-mnc490-et: Cannot utime: Operation not permitted
build	Cache Android SDK	2026-06-06T12:22:47.9631795Z /usr/bin/tar: ../../../../../usr/local/lib/android/sdk/platforms/android-34-ext10/data/res/values-mcc310-mnc490-et: Cannot change mode to rwxr-xr-x: Operation not permitted
build	Cache Android SDK	2026-06-06T12:22:47.9634812Z /usr/bin/tar: ../../../../../usr/local/lib/android/sdk/platforms/android-34-ext10/data/res/values-mcc310-mnc280-en-rCA: Cannot utime: Operation not permitted
build	Cache Android SDK	2026-06-06T12:22:47.9635455Z /usr/bin/tar: ../../../../../usr/local/lib/android/sdk/platforms/android-34-ext10/data/res/values-mcc310-mnc280-en-rCA: Cannot change mode to rwxr-xr-x: Operation not permitted
build	Cache Android SDK	2026-06-06T12:22:47.9637809Z /usr/bin/tar: ../../../../../usr/local/lib/android/sdk/platforms/android-34-ext10/data/res/values-mcc310-mnc030-az: Cannot utime: Operation not permitted
build	Cache Android SDK	2026-06-06T12:22:47.9638365Z /usr/bin/tar: ../../../../../usr/local/lib/android/sdk/platforms/android-34-ext10/data/res/values-mcc310-mnc030-az: Cannot change mode to rwxr-xr-x: Operation not permitted
build	Cache Android SDK	2026-06-06T12:22:47.9640452Z /usr/bin/tar: ../../../../../usr/local/lib/android/sdk/platforms/android-34-ext10/data/res/values-mcc310-mnc280-mr: Cannot utime: Operation not permitted
build	Cache Android SDK	2026-06-06T12:22:47.9643401Z /usr/bin/tar: ../../../../../usr/local/lib/android/sdk/platforms/android-34-ext10/data/res/values-mcc310-mnc280-mr: Cannot change mode to rwxr-xr-x: Operation not permitted
build	Cache Android SDK	2026-06-06T12:22:47.9643821Z /usr/bin/tar: ../../../../../usr/local/lib/android/sdk/platforms/android-34-ext10/data/res/values-mcc310-mnc170-ko: Cannot utime: Operation not permitted
build	Cache Android SDK	2026-06-06T12:22:47.9644284Z /usr/bin/tar: ../../../../../usr/local/lib/android/sdk/platforms/android-34-ext10/data/res/values-mcc310-mnc170-ko: Cannot change mode to rwxr-xr-x: Operation not permitted
build	Cache Android SDK	2026-06-06T12:22:47.9646910Z /usr/bin/tar: ../../../../../usr/local/lib/android/sdk/platforms/android-34-ext10/data/res/values-mcc310-mnc250-kn: Cannot utime: Operation not permitted
build	Cache Android SDK	2026-06-06T12:22:47.9647766Z /usr/bin/tar: ../../../../../usr/local/lib/android/sdk/platforms/android-34-ext10/data/res/values-mcc310-mnc250-kn: Cannot change mode to rwxr-xr-x: Operation not permitted
build	Cache Android SDK	2026-06-06T12:22:47.9649575Z /usr/bin/tar: ../../../../../usr/local/lib/android/sdk/platforms/android-34-ext10/data/res/values-mcc440-mnc54: Cannot utime: Operation not permitted
build	Cache Android SDK	2026-06-06T12:22:47.9650042Z /usr/bin/tar: ../../../../../usr/local/lib/android/sdk/platforms/android-34-ext10/data/res/values-mcc440-mnc54: Cannot change mode to rwxr-xr-x: Operation not permitted
build	Cache Android SDK	2026-06-06T12:22:47.9652872Z /usr/bin/tar: ../../../../../usr/local/lib/android/sdk/platforms/android-34-ext10/data/res/values-mcc310-mnc660-en-rIN: Cannot utime: Operation not permitted
build	Cache Android SDK	2026-06-06T12:22:47.9653375Z /usr/bin/tar: ../../../../../usr/local/lib/android/sdk/platforms/android-34-ext10/data/res/values-mcc310-mnc660-en-rIN: Cannot change mode to rwxr-xr-x: Operation not permitted
build	Cache Android SDK	2026-06-06T12:22:47.9656065Z /usr/bin/tar: ../../../../../usr/local/lib/android/sdk/platforms/android-34-ext10/data/res/values-iw-rIL: Cannot utime: Operation not permitted
build	Cache Android SDK	2026-06-06T12:22:47.9656541Z /usr/bin/tar: ../../../../../usr/local/lib/android/sdk/platforms/android-34-ext10/data/res/values-iw-rIL: Cannot change mode to rwxr-xr-x: Operation not permitted
build	Cache Android SDK	2026-06-06T12:22:47.9659395Z /usr/bin/tar: ../../../../../usr/local/lib/android/sdk/platforms/android-34-ext10/data/res/values-mcc310-mnc220-az: Cannot utime: Operation not permitted
build	Cache Android SDK	2026-06-06T12:22:47.9659884Z /usr/bin/tar: ../../../../../usr/local/lib/android/sdk/platforms/android-34-ext10/data/res/values-mcc310-mnc220-az: Cannot change mode to rwxr-xr-x: Operation not permitted
build	Cache Android SDK	2026-06-06T12:22:47.9662285Z /usr/bin/tar: ../../../../../usr/local/lib/android/sdk/platforms/android-34-ext10/data/res/values-mcc310-mnc200-mk: Cannot utime: Operation not permitted
build	Cache Android SDK	2026-06-06T12:22:47.9662776Z /usr/bin/tar: ../../../../../usr/local/lib/android/sdk/platforms/android-34-ext10/data/res/values-mcc310-mnc200-mk: Cannot change mode to rwxr-xr-x: Operation not permitted
build	Cache Android SDK	2026-06-06T12:22:47.9665340Z /usr/bin/tar: ../../../../../usr/local/lib/android/sdk/platforms/android-34-ext10/data/res/values-mcc334-mnc020-iw: Cannot utime: Operation not permitted
build	Cache Android SDK	2026-06-06T12:22:47.9665877Z /usr/bin/tar: ../../../../../usr/local/lib/android/sdk/platforms/android-34-ext10/data/res/values-mcc334-mnc020-iw: Cannot change mode to rwxr-xr-x: Operation not permitted
build	Cache Android SDK	2026-06-06T12:22:47.9668203Z /usr/bin/tar: ../../../../../usr/local/lib/android/sdk/platforms/android-34-ext10/data/res/values-mcc310-mnc380-pt-rPT: Cannot utime: Operation not permitted
build	Cache Android SDK	2026-06-06T12:22:47.9668692Z /usr/bin/tar: ../../../../../usr/local/lib/android/sdk/platforms/android-34-ext10/data/res/values-mcc310-mnc380-pt-rPT: Cannot change mode to rwxr-xr-x: Operation not permitted
build	Cache Android SDK	2026-06-06T12:22:47.9671397Z /usr/bin/tar: ../../../../../usr/local/lib/android/sdk/platforms/android-34-ext10/data/res/values-mcc310-mnc210-sk: Cannot utime: Operation not permitted
build	Cache Android SDK	2026-06-06T12:22:47.9671962Z /usr/bin/tar: ../../../../../usr/local/lib/android/sdk/platforms/android-34-ext10/data/res/values-mcc310-mnc210-sk: Cannot change mode to rwxr-xr-x: Operation not permitted
build	Cache Android SDK	2026-06-06T12:22:47.9674817Z /usr/bin/tar: ../../../../../usr/local/lib/android/sdk/platforms/android-34-ext10/data/res/values-mcc310-mnc160-uz: Cannot utime: Operation not permitted
build	Cache Android SDK	2026-06-06T12:22:47.9675328Z /usr/bin/tar: ../../../../../usr/local/lib/android/sdk/platforms/android-34-ext10/data/res/values-mcc310-mnc160-uz: Cannot change mode to rwxr-xr-x: Operation not permitted
build	Cache Android SDK	2026-06-06T12:22:47.9677969Z /usr/bin/tar: ../../../../../usr/local/lib/android/sdk/platforms/android-34-ext10/data/res/values-mcc310-mnc250-bg: Cannot utime: Operation not permitted
build	Cache Android SDK	2026-06-06T12:22:47.9678446Z /usr/bin/tar: ../../../../../usr/local/lib/android/sdk/platforms/android-34-ext10/data/res/values-mcc310-mnc250-bg: Cannot change mode to rwxr-xr-x: Operation not permitted
build	Cache Android SDK	2026-06-06T12:22:47.9681737Z /usr/bin/tar: ../../../../../usr/local/lib/android/sdk/platforms/android-34-ext10/data/res/values-mcc310-mnc410-km: Cannot utime: Operation not permitted
build	Cache Android SDK	2026-06-06T12:22:47.9682440Z /usr/bin/tar: ../../../../../usr/local/lib/android/sdk/platforms/android-34-ext10/data/res/values-mcc310-mnc410-km: Cannot change mode to rwxr-xr-x: Operation not permitted
build	Cache Android SDK	2026-06-06T12:22:47.9688371Z /usr/bin/tar: ../../../../../usr/local/lib/android/sdk/platforms/android-34-ext10/data/res/values-lv: Cannot utime: Operation not permitted
build	Cache Android SDK	2026-06-06T12:22:47.9688806Z /usr/bin/tar: ../../../../../usr/local/lib/android/sdk/platforms/android-34-ext10/data/res/values-lv: Cannot change mode to rwxr-xr-x: Operation not permitted
build	Cache Android SDK	2026-06-06T12:22:47.9691657Z /usr/bin/tar: ../../../../../usr/local/lib/android/sdk/platforms/android-34-ext10/data/res/values-mcc334-mnc020-vi: Cannot utime: Operation not permitted
build	Cache Android SDK	2026-06-06T12:22:47.9692298Z /usr/bin/tar: ../../../../../usr/local/lib/android/sdk/platforms/android-34-ext10/data/res/values-mcc334-mnc020-vi: Cannot change mode to rwxr-xr-x: Operation not permitted
build	Cache Android SDK	2026-06-06T12:22:47.9695335Z /usr/bin/tar: ../../../../../usr/local/lib/android/sdk/platforms/android-34-ext10/data/res/values-mcc310-mnc210-en-rAU: Cannot utime: Operation not permitted
build	Cache Android SDK	2026-06-06T12:22:47.9695834Z /usr/bin/tar: ../../../../../usr/local/lib/android/sdk/platforms/android-34-ext10/data/res/values-mcc310-mnc210-en-rAU: Cannot change mode to rwxr-xr-x: Operation not permitted
build	Cache Android SDK	2026-06-06T12:22:47.9699236Z /usr/bin/tar: ../../../../../usr/local/lib/android/sdk/platforms/android-34-ext10/data/res/values-mcc310-mnc560-ka: Cannot utime: Operation not permitted
build	Cache Android SDK	2026-06-06T12:22:47.9699711Z /usr/bin/tar: ../../../../../usr/local/lib/android/sdk/platforms/android-34-ext10/data/res/values-mcc310-mnc560-ka: Cannot change mode to rwxr-xr-x: Operation not permitted
build	Cache Android SDK	2026-06-06T12:22:47.9706880Z /usr/bin/tar: ../../../../../usr/local/lib/android/sdk/platforms/android-34-ext10/data/res/values-mr: Cannot utime: Operation not permitted
build	Cache Android SDK	2026-06-06T12:22:47.9707336Z /usr/bin/tar: ../../../../../usr/local/lib/android/sdk/platforms/android-34-ext10/data/res/values-mr: Cannot change mode to rwxr-xr-x: Operation not permitted
build	Cache Android SDK	2026-06-06T12:22:47.9710709Z /usr/bin/tar: ../../../../../usr/local/lib/android/sdk/platforms/android-34-ext10/data/res/values-mcc310-mnc030-en-rAU: Cannot utime: Operation not permitted
build	Cache Android SDK	2026-06-06T12:22:47.9711250Z /usr/bin/tar: ../../../../../usr/local/lib/android/sdk/platforms/android-34-ext10/data/res/values-mcc310-mnc030-en-rAU: Cannot change mode to rwxr-xr-x: Operation not permitted
build	Cache Android SDK	2026-06-06T12:22:47.9713489Z /usr/bin/tar: ../../../../../usr/local/lib/android/sdk/platforms/android-34-ext10/data/res/values-sk-television: Cannot utime: Operation not permitted
build	Cache Android SDK	2026-06-06T12:22:47.9716955Z /usr/bin/tar: ../../../../../usr/local/lib/android/sdk/platforms/android-34-ext10/data/res/values-sk-television: Cannot change mode to rwxr-xr-x: Operation not permitted
build	Cache Android SDK	2026-06-06T12:22:47.9717733Z /usr/bin/tar: ../../../../../usr/local/lib/android/sdk/platforms/android-34-ext10/data/res/values-mcc310-mnc310-fr-rCA: Cannot utime: Operation not permitted
build	Cache Android SDK	2026-06-06T12:22:47.9718421Z /usr/bin/tar: ../../../../../usr/local/lib/android/sdk/platforms/android-34-ext10/data/res/values-mcc310-mnc310-fr-rCA: Cannot change mode to rwxr-xr-x: Operation not permitted
build	Cache Android SDK	2026-06-06T12:22:47.9720064Z /usr/bin/tar: ../../../../../usr/local/lib/android/sdk/platforms/android-34-ext10/data/res/values-mcc310-mnc230-fr: Cannot utime: Operation not permitted
build	Cache Android SDK	2026-06-06T12:22:47.9720544Z /usr/bin/tar: ../../../../../usr/local/lib/android/sdk/platforms/android-34-ext10/data/res/values-mcc310-mnc230-fr: Cannot change mode to rwxr-xr-x: Operation not permitted
build	Cache Android SDK	2026-06-06T12:22:47.9723513Z /usr/bin/tar: ../../../../../usr/local/lib/android/sdk/platforms/android-34-ext10/data/res/values-mcc313-mnc100-kk: Cannot utime: Operation not permitted
build	Cache Android SDK	2026-06-06T12:22:47.9724006Z /usr/bin/tar: ../../../../../usr/local/lib/android/sdk/platforms/android-34-ext10/data/res/values-mcc313-mnc100-kk: Cannot change mode to rwxr-xr-x: Operation not permitted
build	Cache Android SDK	2026-06-06T12:22:47.9726232Z /usr/bin/tar: ../../../../../usr/local/lib/android/sdk/platforms/android-34-ext10/data/res/values-mcc313-mnc100-zh-rCN: Cannot utime: Operation not permitted
build	Cache Android SDK	2026-06-06T12:22:47.9726730Z /usr/bin/tar: ../../../../../usr/local/lib/android/sdk/platforms/android-34-ext10/data/res/values-mcc313-mnc100-zh-rCN: Cannot change mode to rwxr-xr-x: Operation not permitted
build	Cache Android SDK	2026-06-06T12:22:47.9729173Z /usr/bin/tar: ../../../../../usr/local/lib/android/sdk/platforms/android-34-ext10/data/res/values-mcc310-mnc170-zh-rHK: Cannot utime: Operation not permitted
build	Cache Android SDK	2026-06-06T12:22:47.9729676Z /usr/bin/tar: ../../../../../usr/local/lib/android/sdk/platforms/android-34-ext10/data/res/values-mcc310-mnc170-zh-rHK: Cannot change mode to rwxr-xr-x: Operation not permitted
build	Cache Android SDK	2026-06-06T12:22:47.9732906Z /usr/bin/tar: ../../../../../usr/local/lib/android/sdk/platforms/android-34-ext10/data/res/values-mcc310-mnc270-ta: Cannot utime: Operation not permitted
build	Cache Android SDK	2026-06-06T12:22:47.9733416Z /usr/bin/tar: ../../../../../usr/local/lib/android/sdk/platforms/android-34-ext10/data/res/values-mcc310-mnc270-ta: Cannot change mode to rwxr-xr-x: Operation not permitted
build	Cache Android SDK	2026-06-06T12:22:47.9735392Z /usr/bin/tar: ../../../../../usr/local/lib/android/sdk/platforms/android-34-ext10/data/res/values-hy-television: Cannot utime: Operation not permitted
build	Cache Android SDK	2026-06-06T12:22:47.9735868Z /usr/bin/tar: ../../../../../usr/local/lib/android/sdk/platforms/android-34-ext10/data/res/values-hy-television: Cannot change mode to rwxr-xr-x: Operation not permitted
build	Cache Android SDK	2026-06-06T12:22:47.9739156Z /usr/bin/tar: ../../../../../usr/local/lib/android/sdk/platforms/android-34-ext10/data/res/values-mcc310-mnc150-pt: Cannot utime: Operation not permitted
build	Cache Android SDK	2026-06-06T12:22:47.9739627Z /usr/bin/tar: ../../../../../usr/local/lib/android/sdk/platforms/android-34-ext10/data/res/values-mcc310-mnc150-pt: Cannot change mode to rwxr-xr-x: Operation not permitted
build	Cache Android SDK	2026-06-06T12:22:47.9742120Z /usr/bin/tar: ../../../../../usr/local/lib/android/sdk/platforms/android-34-ext10/data/res/values-mcc310-mnc270-hr: Cannot utime: Operation not permitted
build	Cache Android SDK	2026-06-06T12:22:47.9742607Z /usr/bin/tar: ../../../../../usr/local/lib/android/sdk/platforms/android-34-ext10/data/res/values-mcc310-mnc270-hr: Cannot change mode to rwxr-xr-x: Operation not permitted
build	Cache Android SDK	2026-06-06T12:22:47.9745006Z /usr/bin/tar: ../../../../../usr/local/lib/android/sdk/platforms/android-34-ext10/data/res/values-mcc302-mnc720-fa: Cannot utime: Operation not permitted
build	Cache Android SDK	2026-06-06T12:22:47.9745481Z /usr/bin/tar: ../../../../../usr/local/lib/android/sdk/platforms/android-34-ext10/data/res/values-mcc302-mnc720-fa: Cannot change mode to rwxr-xr-x: Operation not permitted
build	Cache Android SDK	2026-06-06T12:22:47.9748605Z /usr/bin/tar: ../../../../../usr/local/lib/android/sdk/platforms/android-34-ext10/data/res/values-mcc310-mnc310-ml: Cannot utime: Operation not permitted
build	Cache Android SDK	2026-06-06T12:22:47.9749100Z /usr/bin/tar: ../../../../../usr/local/lib/android/sdk/platforms/android-34-ext10/data/res/values-mcc310-mnc310-ml: Cannot change mode to rwxr-xr-x: Operation not permitted
build	Cache Android SDK	2026-06-06T12:22:47.9751555Z /usr/bin/tar: ../../../../../usr/local/lib/android/sdk/platforms/android-34-ext10/data/res/values-mcc310-mnc380-hy: Cannot utime: Operation not permitted
build	Cache Android SDK	2026-06-06T12:22:47.9752029Z /usr/bin/tar: ../../../../../usr/local/lib/android/sdk/platforms/android-34-ext10/data/res/values-mcc310-mnc380-hy: Cannot change mode to rwxr-xr-x: Operation not permitted
build	Cache Android SDK	2026-06-06T12:22:47.9754460Z /usr/bin/tar: ../../../../../usr/local/lib/android/sdk/platforms/android-34-ext10/data/res/values-mcc001-mnc01-kk: Cannot utime: Operation not permitted
build	Cache Android SDK	2026-06-06T12:22:47.9754942Z /usr/bin/tar: ../../../../../usr/local/lib/android/sdk/platforms/android-34-ext10/data/res/values-mcc001-mnc01-kk: Cannot change mode to rwxr-xr-x: Operation not permitted
build	Cache Android SDK	2026-06-06T12:22:47.9762004Z /usr/bin/tar: ../../../../../usr/local/lib/android/sdk/platforms/android-34-ext10/data/res/values-ja: Cannot utime: Operation not permitted
build	Cache Android SDK	2026-06-06T12:22:47.9762589Z /usr/bin/tar: ../../../../../usr/local/lib/android/sdk/platforms/android-34-ext10/data/res/values-ja: Cannot change mode to rwxr-xr-x: Operation not permitted
build	Cache Android SDK	2026-06-06T12:22:47.9765559Z /usr/bin/tar: ../../../../../usr/local/lib/android/sdk/platforms/android-34-ext10/data/res/values-mcc310-mnc270-es: Cannot utime: Operation not permitted
build	Cache Android SDK	2026-06-06T12:22:47.9766028Z /usr/bin/tar: ../../../../../usr/local/lib/android/sdk/platforms/android-34-ext10/data/res/values-mcc310-mnc270-es: Cannot change mode to rwxr-xr-x: Operation not permitted
build	Cache Android SDK	2026-06-06T12:22:47.9769598Z /usr/bin/tar: ../../../../../usr/local/lib/android/sdk/platforms/android-34-ext10/data/res/values-mcc310-mnc230-az: Cannot utime: Operation not permitted
build	Cache Android SDK	2026-06-06T12:22:47.9770186Z /usr/bin/tar: ../../../../../usr/local/lib/android/sdk/platforms/android-34-ext10/data/res/values-mcc310-mnc230-az: Cannot change mode to rwxr-xr-x: Operation not permitted
build	Cache Android SDK	2026-06-06T12:22:47.9772707Z /usr/bin/tar: ../../../../../usr/local/lib/android/sdk/platforms/android-34-ext10/data/res/values-mcc313-mnc100-hi: Cannot utime: Operation not permitted
build	Cache Android SDK	2026-06-06T12:22:47.9773195Z /usr/bin/tar: ../../../../../usr/local/lib/android/sdk/platforms/android-34-ext10/data/res/values-mcc313-mnc100-hi: Cannot change mode to rwxr-xr-x: Operation not permitted
build	Cache Android SDK	2026-06-06T12:22:47.9775906Z /usr/bin/tar: ../../../../../usr/local/lib/android/sdk/platforms/android-34-ext10/data/res/values-mcc310-mnc240-zh-rTW: Cannot utime: Operation not permitted
build	Cache Android SDK	2026-06-06T12:22:47.9776410Z /usr/bin/tar: ../../../../../usr/local/lib/android/sdk/platforms/android-34-ext10/data/res/values-mcc310-mnc240-zh-rTW: Cannot change mode to rwxr-xr-x: Operation not permitted
build	Cache Android SDK	2026-06-06T12:22:47.9779478Z /usr/bin/tar: ../../../../../usr/local/lib/android/sdk/platforms/android-34-ext10/data/res/values-mcc310-mnc210-es: Cannot utime: Operation not permitted
build	Cache Android SDK	2026-06-06T12:22:47.9779967Z /usr/bin/tar: ../../../../../usr/local/lib/android/sdk/platforms/android-34-ext10/data/res/values-mcc310-mnc210-es: Cannot change mode to rwxr-xr-x: Operation not permitted
build	Cache Android SDK	2026-06-06T12:22:47.9782203Z /usr/bin/tar: ../../../../../usr/local/lib/android/sdk/platforms/android-34-ext10/data/res/values-mcc310-mnc150-ca: Cannot utime: Operation not permitted
build	Cache Android SDK	2026-06-06T12:22:47.9782722Z /usr/bin/tar: ../../../../../usr/local/lib/android/sdk/platforms/android-34-ext10/data/res/values-mcc310-mnc150-ca: Cannot change mode to rwxr-xr-x: Operation not permitted
build	Cache Android SDK	2026-06-06T12:22:47.9785655Z /usr/bin/tar: ../../../../../usr/local/lib/android/sdk/platforms/android-34-ext10/data/res/values-mcc310-mnc210-te: Cannot utime: Operation not permitted
build	Cache Android SDK	2026-06-06T12:22:47.9786136Z /usr/bin/tar: ../../../../../usr/local/lib/android/sdk/platforms/android-34-ext10/data/res/values-mcc310-mnc210-te: Cannot change mode to rwxr-xr-x: Operation not permitted
build	Cache Android SDK	2026-06-06T12:22:47.9788684Z /usr/bin/tar: ../../../../../usr/local/lib/android/sdk/platforms/android-34-ext10/data/res/values-mcc310-mnc210-hy: Cannot utime: Operation not permitted
build	Cache Android SDK	2026-06-06T12:22:47.9789344Z /usr/bin/tar: ../../../../../usr/local/lib/android/sdk/platforms/android-34-ext10/data/res/values-mcc310-mnc210-hy: Cannot change mode to rwxr-xr-x: Operation not permitted
build	Cache Android SDK	2026-06-06T12:22:47.9791568Z /usr/bin/tar: ../../../../../usr/local/lib/android/sdk/platforms/android-34-ext10/data/res/values-mcc334-mnc020-is: Cannot utime: Operation not permitted
build	Cache Android SDK	2026-06-06T12:22:47.9792043Z /usr/bin/tar: ../../../../../usr/local/lib/android/sdk/platforms/android-34-ext10/data/res/values-mcc334-mnc020-is: Cannot change mode to rwxr-xr-x: Operation not permitted
build	Cache Android SDK	2026-06-06T12:22:47.9794945Z /usr/bin/tar: ../../../../../usr/local/lib/android/sdk/platforms/android-34-ext10/data/res/values-mcc310-mnc220-b+sr+Latn: Cannot utime: Operation not permitted
build	Cache Android SDK	2026-06-06T12:22:47.9795442Z /usr/bin/tar: ../../../../../usr/local/lib/android/sdk/platforms/android-34-ext10/data/res/values-mcc310-mnc220-b+sr+Latn: Cannot change mode to rwxr-xr-x: Operation not permitted
build	Cache Android SDK	2026-06-06T12:22:47.9798866Z /usr/bin/tar: ../../../../../usr/local/lib/android/sdk/platforms/android-34-ext10/data/res/values-mcc310-mnc200-cs: Cannot utime: Operation not permitted
build	Cache Android SDK	2026-06-06T12:22:47.9799390Z /usr/bin/tar: ../../../../../usr/local/lib/android/sdk/platforms/android-34-ext10/data/res/values-mcc310-mnc200-cs: Cannot change mode to rwxr-xr-x: Operation not permitted
build	Cache Android SDK	2026-06-06T12:22:47.9801987Z /usr/bin/tar: ../../../../../usr/local/lib/android/sdk/platforms/android-34-ext10/data/res/values-it-rIT: Cannot utime: Operation not permitted
build	Cache Android SDK	2026-06-06T12:22:47.9802430Z /usr/bin/tar: ../../../../../usr/local/lib/android/sdk/platforms/android-34-ext10/data/res/values-it-rIT: Cannot change mode to rwxr-xr-x: Operation not permitted
build	Cache Android SDK	2026-06-06T12:22:47.9805442Z /usr/bin/tar: ../../../../../usr/local/lib/android/sdk/platforms/android-34-ext10/data/res/values-mcc310-mnc950-sv: Cannot utime: Operation not permitted
build	Cache Android SDK	2026-06-06T12:22:47.9805978Z /usr/bin/tar: ../../../../../usr/local/lib/android/sdk/platforms/android-34-ext10/data/res/values-mcc310-mnc950-sv: Cannot change mode to rwxr-xr-x: Operation not permitted
build	Cache Android SDK	2026-06-06T12:22:47.9808880Z /usr/bin/tar: ../../../../../usr/local/lib/android/sdk/platforms/android-34-ext10/data/res/values-mcc310-mnc030-pl: Cannot utime: Operation not permitted
build	Cache Android SDK	2026-06-06T12:22:47.9809334Z /usr/bin/tar: ../../../../../usr/local/lib/android/sdk/platforms/android-34-ext10/data/res/values-mcc310-mnc030-pl: Cannot change mode to rwxr-xr-x: Operation not permitted
build	Cache Android SDK	2026-06-06T12:22:47.9811635Z /usr/bin/tar: ../../../../../usr/local/lib/android/sdk/platforms/android-34-ext10/data/res/values-mcc404: Cannot utime: Operation not permitted
build	Cache Android SDK	2026-06-06T12:22:47.9812077Z /usr/bin/tar: ../../../../../usr/local/lib/android/sdk/platforms/android-34-ext10/data/res/values-mcc404: Cannot change mode to rwxr-xr-x: Operation not permitted
build	Cache Android SDK	2026-06-06T12:22:47.9814803Z /usr/bin/tar: ../../../../../usr/local/lib/android/sdk/platforms/android-34-ext10/data/res/values-mcc310-mnc490-zh-rHK: Cannot utime: Operation not permitted
build	Cache Android SDK	2026-06-06T12:22:47.9815295Z /usr/bin/tar: ../../../../../usr/local/lib/android/sdk/platforms/android-34-ext10/data/res/values-mcc310-mnc490-zh-rHK: Cannot change mode to rwxr-xr-x: Operation not permitted
build	Cache Android SDK	2026-06-06T12:22:47.9818102Z /usr/bin/tar: ../../../../../usr/local/lib/android/sdk/platforms/android-34-ext10/data/res/values-mcc334-mnc020-eu: Cannot utime: Operation not permitted
build	Cache Android SDK	2026-06-06T12:22:47.9818567Z /usr/bin/tar: ../../../../../usr/local/lib/android/sdk/platforms/android-34-ext10/data/res/values-mcc334-mnc020-eu: Cannot change mode to rwxr-xr-x: Operation not permitted
build	Cache Android SDK	2026-06-06T12:22:47.9821444Z /usr/bin/tar: ../../../../../usr/local/lib/android/sdk/platforms/android-34-ext10/data/res/values-mcc302-mnc370-gl: Cannot utime: Operation not permitted
build	Cache Android SDK	2026-06-06T12:22:47.9821910Z /usr/bin/tar: ../../../../../usr/local/lib/android/sdk/platforms/android-34-ext10/data/res/values-mcc302-mnc370-gl: Cannot change mode to rwxr-xr-x: Operation not permitted
build	Cache Android SDK	2026-06-06T12:22:47.9824366Z /usr/bin/tar: ../../../../../usr/local/lib/android/sdk/platforms/android-34-ext10/data/res/values-mcc310-mnc210-hr: Cannot utime: Operation not permitted
build	Cache Android SDK	2026-06-06T12:22:47.9824832Z /usr/bin/tar: ../../../../../usr/local/lib/android/sdk/platforms/android-34-ext10/data/res/values-mcc310-mnc210-hr: Cannot change mode to rwxr-xr-x: Operation not permitted
build	Cache Android SDK	2026-06-06T12:22:47.9827923Z /usr/bin/tar: ../../../../../usr/local/lib/android/sdk/platforms/android-34-ext10/data/res/values-mcc001-mnc01-mr: Cannot utime: Operation not permitted
build	Cache Android SDK	2026-06-06T12:22:47.9828382Z /usr/bin/tar: ../../../../../usr/local/lib/android/sdk/platforms/android-34-ext10/data/res/values-mcc001-mnc01-mr: Cannot change mode to rwxr-xr-x: Operation not permitted
build	Cache Android SDK	2026-06-06T12:22:47.9831033Z /usr/bin/tar: ../../../../../usr/local/lib/android/sdk/platforms/android-34-ext10/data/res/values-mcc310-mnc150-tl: Cannot utime: Operation not permitted
build	Cache Android SDK	2026-06-06T12:22:47.9831511Z /usr/bin/tar: ../../../../../usr/local/lib/android/sdk/platforms/android-34-ext10/data/res/values-mcc310-mnc150-tl: Cannot change mode to rwxr-xr-x: Operation not permitted
build	Cache Android SDK	2026-06-06T12:22:47.9839178Z /usr/bin/tar: ../../../../../usr/local/lib/android/sdk/platforms/android-34-ext10/data/res/values-km: Cannot utime: Operation not permitted
build	Cache Android SDK	2026-06-06T12:22:47.9839983Z /usr/bin/tar: ../../../../../usr/local/lib/android/sdk/platforms/android-34-ext10/data/res/values-km: Cannot change mode to rwxr-xr-x: Operation not permitted
build	Cache Android SDK	2026-06-06T12:22:47.9843641Z /usr/bin/tar: ../../../../../usr/local/lib/android/sdk/platforms/android-34-ext10/data/res/values-mcc302-mnc370-be: Cannot utime: Operation not permitted
build	Cache Android SDK	2026-06-06T12:22:47.9844171Z /usr/bin/tar: ../../../../../usr/local/lib/android/sdk/platforms/android-34-ext10/data/res/values-mcc302-mnc370-be: Cannot change mode to rwxr-xr-x: Operation not permitted
build	Cache Android SDK	2026-06-06T12:22:47.9846230Z /usr/bin/tar: ../../../../../usr/local/lib/android/sdk/platforms/android-34-ext10/data/res/values-mcc310-mnc380-uk: Cannot utime: Operation not permitted
build	Cache Android SDK	2026-06-06T12:22:47.9846856Z /usr/bin/tar: ../../../../../usr/local/lib/android/sdk/platforms/android-34-ext10/data/res/values-mcc310-mnc380-uk: Cannot change mode to rwxr-xr-x: Operation not permitted
build	Cache Android SDK	2026-06-06T12:22:47.9850080Z /usr/bin/tar: ../../../../../usr/local/lib/android/sdk/platforms/android-34-ext10/data/res/values-mcc302-mnc370-uk: Cannot utime: Operation not permitted
build	Cache Android SDK	2026-06-06T12:22:47.9850578Z /usr/bin/tar: ../../../../../usr/local/lib/android/sdk/platforms/android-34-ext10/data/res/values-mcc302-mnc370-uk: Cannot change mode to rwxr-xr-x: Operation not permitted
build	Cache Android SDK	2026-06-06T12:22:47.9853702Z /usr/bin/tar: ../../../../../usr/local/lib/android/sdk/platforms/android-34-ext10/data/res/values-mcc001-mnc01-lt: Cannot utime: Operation not permitted
build	Cache Android SDK	2026-06-06T12:22:47.9854243Z /usr/bin/tar: ../../../../../usr/local/lib/android/sdk/platforms/android-34-ext10/data/res/values-mcc001-mnc01-lt: Cannot change mode to rwxr-xr-x: Operation not permitted
build	Cache Android SDK	2026-06-06T12:22:47.9857286Z /usr/bin/tar: ../../../../../usr/local/lib/android/sdk/platforms/android-34-ext10/data/res/values-mcc310-mnc560-en-rCA: Cannot utime: Operation not permitted
build	Cache Android SDK	2026-06-06T12:22:47.9857979Z /usr/bin/tar: ../../../../../usr/local/lib/android/sdk/platforms/android-34-ext10/data/res/values-mcc310-mnc560-en-rCA: Cannot change mode to rwxr-xr-x: Operation not permitted
build	Cache Android SDK	2026-06-06T12:22:47.9860378Z /usr/bin/tar: ../../../../../usr/local/lib/android/sdk/platforms/android-34-ext10/data/res/values-mcc310-mnc310-uk: Cannot utime: Operation not permitted
build	Cache Android SDK	2026-06-06T12:22:47.9860910Z /usr/bin/tar: ../../../../../usr/local/lib/android/sdk/platforms/android-34-ext10/data/res/values-mcc310-mnc310-uk: Cannot change mode to rwxr-xr-x: Operation not permitted
build	Cache Android SDK	2026-06-06T12:22:47.9863451Z /usr/bin/tar: ../../../../../usr/local/lib/android/sdk/platforms/android-34-ext10/data/res/values-mcc302-mnc720-uk: Cannot utime: Operation not permitted
build	Cache Android SDK	2026-06-06T12:22:47.9863937Z /usr/bin/tar: ../../../../../usr/local/lib/android/sdk/platforms/android-34-ext10/data/res/values-mcc302-mnc720-uk: Cannot change mode to rwxr-xr-x: Operation not permitted
build	Cache Android SDK	2026-06-06T12:22:47.9866951Z /usr/bin/tar: ../../../../../usr/local/lib/android/sdk/platforms/android-34-ext10/data/res/values-mcc310-mnc240-ka: Cannot utime: Operation not permitted
build	Cache Android SDK	2026-06-06T12:22:47.9867578Z /usr/bin/tar: ../../../../../usr/local/lib/android/sdk/platforms/android-34-ext10/data/res/values-mcc310-mnc240-ka: Cannot change mode to rwxr-xr-x: Operation not permitted
build	Cache Android SDK	2026-06-06T12:22:47.9875998Z /usr/bin/tar: ../../../../../usr/local/lib/android/sdk/platforms/android-34-ext10/data/res/values-watch: Cannot utime: Operation not permitted
build	Cache Android SDK	2026-06-06T12:22:47.9876594Z /usr/bin/tar: ../../../../../usr/local/lib/android/sdk/platforms/android-34-ext10/data/res/values-watch: Cannot change mode to rwxr-xr-x: Operation not permitted
build	Cache Android SDK	2026-06-06T12:22:47.9879340Z /usr/bin/tar: ../../../../../usr/local/lib/android/sdk/platforms/android-34-ext10/data/res/values-mcc310-mnc800-bs: Cannot utime: Operation not permitted
build	Cache Android SDK	2026-06-06T12:22:47.9879993Z /usr/bin/tar: ../../../../../usr/local/lib/android/sdk/platforms/android-34-ext10/data/res/values-mcc310-mnc800-bs: Cannot change mode to rwxr-xr-x: Operation not permitted
build	Cache Android SDK	2026-06-06T12:22:47.9882826Z /usr/bin/tar: ../../../../../usr/local/lib/android/sdk/platforms/android-34-ext10/data/res/values-mcc310-mnc150-az: Cannot utime: Operation not permitted
build	Cache Android SDK	2026-06-06T12:22:47.9883305Z /usr/bin/tar: ../../../../../usr/local/lib/android/sdk/platforms/android-34-ext10/data/res/values-mcc310-mnc150-az: Cannot change mode to rwxr-xr-x: Operation not permitted
build	Cache Android SDK	2026-06-06T12:22:47.9889891Z /usr/bin/tar: ../../../../../usr/local/lib/android/sdk/platforms/android-34-ext10/data/res/values-kn: Cannot utime: Operation not permitted
build	Cache Android SDK	2026-06-06T12:22:47.9890443Z /usr/bin/tar: ../../../../../usr/local/lib/android/sdk/platforms/android-34-ext10/data/res/values-kn: Cannot change mode to rwxr-xr-x: Operation not permitted
build	Cache Android SDK	2026-06-06T12:22:47.9893667Z /usr/bin/tar: ../../../../../usr/local/lib/android/sdk/platforms/android-34-ext10/data/res/values-mcc310-mnc490-pt: Cannot utime: Operation not permitted
build	Cache Android SDK	2026-06-06T12:22:47.9894174Z /usr/bin/tar: ../../../../../usr/local/lib/android/sdk/platforms/android-34-ext10/data/res/values-mcc310-mnc490-pt: Cannot change mode to rwxr-xr-x: Operation not permitted
build	Cache Android SDK	2026-06-06T12:22:47.9896386Z /usr/bin/tar: ../../../../../usr/local/lib/android/sdk/platforms/android-34-ext10/data/res/values-mcc310-mnc280-or: Cannot utime: Operation not permitted
build	Cache Android SDK	2026-06-06T12:22:47.9896868Z /usr/bin/tar: ../../../../../usr/local/lib/android/sdk/platforms/android-34-ext10/data/res/values-mcc310-mnc280-or: Cannot change mode to rwxr-xr-x: Operation not permitted
build	Cache Android SDK	2026-06-06T12:22:47.9899873Z /usr/bin/tar: ../../../../../usr/local/lib/android/sdk/platforms/android-34-ext10/data/res/values-mcc311-mnc180-iw: Cannot utime: Operation not permitted
build	Cache Android SDK	2026-06-06T12:22:47.9900373Z /usr/bin/tar: ../../../../../usr/local/lib/android/sdk/platforms/android-34-ext10/data/res/values-mcc311-mnc180-iw: Cannot change mode to rwxr-xr-x: Operation not permitted
build	Cache Android SDK	2026-06-06T12:22:47.9903513Z /usr/bin/tar: ../../../../../usr/local/lib/android/sdk/platforms/android-34-ext10/data/res/values-ru-watch: Cannot utime: Operation not permitted
build	Cache Android SDK	2026-06-06T12:22:47.9903972Z /usr/bin/tar: ../../../../../usr/local/lib/android/sdk/platforms/android-34-ext10/data/res/values-ru-watch: Cannot change mode to rwxr-xr-x: Operation not permitted
build	Cache Android SDK	2026-06-06T12:22:47.9907177Z /usr/bin/tar: ../../../../../usr/local/lib/android/sdk/platforms/android-34-ext10/data/res/values-mcc310-mnc800-sl: Cannot utime: Operation not permitted
build	Cache Android SDK	2026-06-06T12:22:47.9907812Z /usr/bin/tar: ../../../../../usr/local/lib/android/sdk/platforms/android-34-ext10/data/res/values-mcc310-mnc800-sl: Cannot change mode to rwxr-xr-x: Operation not permitted
build	Cache Android SDK	2026-06-06T12:22:47.9910674Z /usr/bin/tar: ../../../../../usr/local/lib/android/sdk/platforms/android-34-ext10/data/res/layout-round-watch: Cannot utime: Operation not permitted
build	Cache Android SDK	2026-06-06T12:22:47.9911318Z /usr/bin/tar: ../../../../../usr/local/lib/android/sdk/platforms/android-34-ext10/data/res/layout-round-watch: Cannot change mode to rwxr-xr-x: Operation not permitted
build	Cache Android SDK	2026-06-06T12:22:47.9913979Z /usr/bin/tar: ../../../../../usr/local/lib/android/sdk/platforms/android-34-ext10/data/res/values-af-rZA: Cannot utime: Operation not permitted
build	Cache Android SDK	2026-06-06T12:22:47.9914436Z /usr/bin/tar: ../../../../../usr/local/lib/android/sdk/platforms/android-34-ext10/data/res/values-af-rZA: Cannot change mode to rwxr-xr-x: Operation not permitted
build	Cache Android SDK	2026-06-06T12:22:47.9917182Z /usr/bin/tar: ../../../../../usr/local/lib/android/sdk/platforms/android-34-ext10/data/res/values-mcc310-mnc410-hr: Cannot utime: Operation not permitted
build	Cache Android SDK	2026-06-06T12:22:47.9917952Z /usr/bin/tar: ../../../../../usr/local/lib/android/sdk/platforms/android-34-ext10/data/res/values-mcc310-mnc410-hr: Cannot change mode to rwxr-xr-x: Operation not permitted
build	Cache Android SDK	2026-06-06T12:22:47.9920015Z /usr/bin/tar: ../../../../../usr/local/lib/android/sdk/platforms/android-34-ext10/data/res/values-mcc312-mnc670-ka: Cannot utime: Operation not permitted
build	Cache Android SDK	2026-06-06T12:22:47.9923241Z /usr/bin/tar: ../../../../../usr/local/lib/android/sdk/platforms/android-34-ext10/data/res/values-mcc312-mnc670-ka: Cannot change mode to rwxr-xr-x: Operation not permitted
build	Cache Android SDK	2026-06-06T12:22:47.9923662Z /usr/bin/tar: ../../../../../usr/local/lib/android/sdk/platforms/android-34-ext10/data/res/values-mcc310-mnc950-am: Cannot utime: Operation not permitted
build	Cache Android SDK	2026-06-06T12:22:47.9924137Z /usr/bin/tar: ../../../../../usr/local/lib/android/sdk/platforms/android-34-ext10/data/res/values-mcc310-mnc950-am: Cannot change mode to rwxr-xr-x: Operation not permitted
build	Cache Android SDK	2026-06-06T12:22:47.9926014Z /usr/bin/tar: ../../../../../usr/local/lib/android/sdk/platforms/android-34-ext10/data/res/values-mcc313-mnc100-kn: Cannot utime: Operation not permitted
build	Cache Android SDK	2026-06-06T12:22:47.9926517Z /usr/bin/tar: ../../../../../usr/local/lib/android/sdk/platforms/android-34-ext10/data/res/values-mcc313-mnc100-kn: Cannot change mode to rwxr-xr-x: Operation not permitted
build	Cache Android SDK	2026-06-06T12:22:47.9929267Z /usr/bin/tar: ../../../../../usr/local/lib/android/sdk/platforms/android-34-ext10/data/res/values-mcc311-mnc180-pa: Cannot utime: Operation not permitted
build	Cache Android SDK	2026-06-06T12:22:47.9929756Z /usr/bin/tar: ../../../../../usr/local/lib/android/sdk/platforms/android-34-ext10/data/res/values-mcc311-mnc180-pa: Cannot change mode to rwxr-xr-x: Operation not permitted
build	Cache Android SDK	2026-06-06T12:22:47.9932541Z /usr/bin/tar: ../../../../../usr/local/lib/android/sdk/platforms/android-34-ext10/data/res/values-mcc334-mnc020-ko: Cannot utime: Operation not permitted
build	Cache Android SDK	2026-06-06T12:22:47.9933065Z /usr/bin/tar: ../../../../../usr/local/lib/android/sdk/platforms/android-34-ext10/data/res/values-mcc334-mnc020-ko: Cannot change mode to rwxr-xr-x: Operation not permitted
build	Cache Android SDK	2026-06-06T12:22:47.9935768Z /usr/bin/tar: ../../../../../usr/local/lib/android/sdk/platforms/android-34-ext10/data/res/values-sk-rSK: Cannot utime: Operation not permitted
build	Cache Android SDK	2026-06-06T12:22:47.9936275Z /usr/bin/tar: ../../../../../usr/local/lib/android/sdk/platforms/android-34-ext10/data/res/values-sk-rSK: Cannot change mode to rwxr-xr-x: Operation not permitted
build	Cache Android SDK	2026-06-06T12:22:47.9938706Z /usr/bin/tar: ../../../../../usr/local/lib/android/sdk/platforms/android-34-ext10/data/res/values-mcc302-mnc370-sk: Cannot utime: Operation not permitted
build	Cache Android SDK	2026-06-06T12:22:47.9939190Z /usr/bin/tar: ../../../../../usr/local/lib/android/sdk/platforms/android-34-ext10/data/res/values-mcc302-mnc370-sk: Cannot change mode to rwxr-xr-x: Operation not permitted
build	Cache Android SDK	2026-06-06T12:22:47.9942080Z /usr/bin/tar: ../../../../../usr/local/lib/android/sdk/platforms/android-34-ext10/data/res/values-mcc001-mnc01-iw: Cannot utime: Operation not permitted
build	Cache Android SDK	2026-06-06T12:22:47.9942564Z /usr/bin/tar: ../../../../../usr/local/lib/android/sdk/platforms/android-34-ext10/data/res/values-mcc001-mnc01-iw: Cannot change mode to rwxr-xr-x: Operation not permitted
build	Cache Android SDK	2026-06-06T12:22:47.9945099Z /usr/bin/tar: ../../../../../usr/local/lib/android/sdk/platforms/android-34-ext10/data/res/values-mcc310-mnc310-te: Cannot utime: Operation not permitted
build	Cache Android SDK	2026-06-06T12:22:47.9945697Z /usr/bin/tar: ../../../../../usr/local/lib/android/sdk/platforms/android-34-ext10/data/res/values-mcc310-mnc310-te: Cannot change mode to rwxr-xr-x: Operation not permitted
build	Cache Android SDK	2026-06-06T12:22:47.9948387Z /usr/bin/tar: ../../../../../usr/local/lib/android/sdk/platforms/android-34-ext10/data/res/values-mcc310-mnc200-fi: Cannot utime: Operation not permitted
build	Cache Android SDK	2026-06-06T12:22:47.9948861Z /usr/bin/tar: ../../../../../usr/local/lib/android/sdk/platforms/android-34-ext10/data/res/values-mcc310-mnc200-fi: Cannot change mode to rwxr-xr-x: Operation not permitted
build	Cache Android SDK	2026-06-06T12:22:47.9951325Z /usr/bin/tar: ../../../../../usr/local/lib/android/sdk/platforms/android-34-ext10/data/res/values-mcc310-mnc270-fr: Cannot utime: Operation not permitted
build	Cache Android SDK	2026-06-06T12:22:47.9951809Z /usr/bin/tar: ../../../../../usr/local/lib/android/sdk/platforms/android-34-ext10/data/res/values-mcc310-mnc270-fr: Cannot change mode to rwxr-xr-x: Operation not permitted
build	Cache Android SDK	2026-06-06T12:22:47.9958173Z /usr/bin/tar: ../../../../../usr/local/lib/android/sdk/platforms/android-34-ext10/data/res/values-sv: Cannot utime: Operation not permitted
build	Cache Android SDK	2026-06-06T12:22:47.9958868Z /usr/bin/tar: ../../../../../usr/local/lib/android/sdk/platforms/android-34-ext10/data/res/values-sv: Cannot change mode to rwxr-xr-x: Operation not permitted
build	Cache Android SDK	2026-06-06T12:22:47.9961397Z /usr/bin/tar: ../../../../../usr/local/lib/android/sdk/platforms/android-34-ext10/data/res/values-mcc310-mnc160-pa: Cannot utime: Operation not permitted
build	Cache Android SDK	2026-06-06T12:22:47.9961921Z /usr/bin/tar: ../../../../../usr/local/lib/android/sdk/platforms/android-34-ext10/data/res/values-mcc310-mnc160-pa: Cannot change mode to rwxr-xr-x: Operation not permitted
build	Cache Android SDK	2026-06-06T12:22:47.9964137Z /usr/bin/tar: ../../../../../usr/local/lib/android/sdk/platforms/android-34-ext10/data/res/values-mcc310-mnc270-ca: Cannot utime: Operation not permitted
build	Cache Android SDK	2026-06-06T12:22:47.9964749Z /usr/bin/tar: ../../../../../usr/local/lib/android/sdk/platforms/android-34-ext10/data/res/values-mcc310-mnc270-ca: Cannot change mode to rwxr-xr-x: Operation not permitted
build	Cache Android SDK	2026-06-06T12:22:47.9967701Z /usr/bin/tar: ../../../../../usr/local/lib/android/sdk/platforms/android-34-ext10/data/res/values-en-rCA-television: Cannot utime: Operation not permitted
build	Cache Android SDK	2026-06-06T12:22:47.9968210Z /usr/bin/tar: ../../../../../usr/local/lib/android/sdk/platforms/android-34-ext10/data/res/values-en-rCA-television: Cannot change mode to rwxr-xr-x: Operation not permitted
build	Cache Android SDK	2026-06-06T12:22:47.9970488Z /usr/bin/tar: ../../../../../usr/local/lib/android/sdk/platforms/android-34-ext10/data/res/values-mcc310-mnc150-zh-rCN: Cannot utime: Operation not permitted
build	Cache Android SDK	2026-06-06T12:22:47.9970995Z /usr/bin/tar: ../../../../../usr/local/lib/android/sdk/platforms/android-34-ext10/data/res/values-mcc310-mnc150-zh-rCN: Cannot change mode to rwxr-xr-x: Operation not permitted
build	Cache Android SDK	2026-06-06T12:22:47.9973765Z /usr/bin/tar: ../../../../../usr/local/lib/android/sdk/platforms/android-34-ext10/data/res/values-mcc310-mnc660-uz: Cannot utime: Operation not permitted
build	Cache Android SDK	2026-06-06T12:22:47.9974259Z /usr/bin/tar: ../../../../../usr/local/lib/android/sdk/platforms/android-34-ext10/data/res/values-mcc310-mnc660-uz: Cannot change mode to rwxr-xr-x: Operation not permitted
build	Cache Android SDK	2026-06-06T12:22:47.9977484Z /usr/bin/tar: ../../../../../usr/local/lib/android/sdk/platforms/android-34-ext10/data/res/values-mcc310-mnc560-bs: Cannot utime: Operation not permitted
build	Cache Android SDK	2026-06-06T12:22:47.9978027Z /usr/bin/tar: ../../../../../usr/local/lib/android/sdk/platforms/android-34-ext10/data/res/values-mcc310-mnc560-bs: Cannot change mode to rwxr-xr-x: Operation not permitted
build	Cache Android SDK	2026-06-06T12:22:47.9979997Z /usr/bin/tar: ../../../../../usr/local/lib/android/sdk/platforms/android-34-ext10/data/res/values-mcc302-mnc720-hy: Cannot utime: Operation not permitted
build	Cache Android SDK	2026-06-06T12:22:47.9980476Z /usr/bin/tar: ../../../../../usr/local/lib/android/sdk/platforms/android-34-ext10/data/res/values-mcc302-mnc720-hy: Cannot change mode to rwxr-xr-x: Operation not permitted
build	Cache Android SDK	2026-06-06T12:22:47.9983099Z /usr/bin/tar: ../../../../../usr/local/lib/android/sdk/platforms/android-34-ext10/data/res/values-mcc310-mnc210-mk: Cannot utime: Operation not permitted
build	Cache Android SDK	2026-06-06T12:22:47.9983586Z /usr/bin/tar: ../../../../../usr/local/lib/android/sdk/platforms/android-34-ext10/data/res/values-mcc310-mnc210-mk: Cannot change mode to rwxr-xr-x: Operation not permitted
build	Cache Android SDK	2026-06-06T12:22:47.9986087Z /usr/bin/tar: ../../../../../usr/local/lib/android/sdk/platforms/android-34-ext10/data/res/values-mcc334-mnc020-ro: Cannot utime: Operation not permitted
build	Cache Android SDK	2026-06-06T12:22:47.9986563Z /usr/bin/tar: ../../../../../usr/local/lib/android/sdk/platforms/android-34-ext10/data/res/values-mcc334-mnc020-ro: Cannot change mode to rwxr-xr-x: Operation not permitted
build	Cache Android SDK	2026-06-06T12:22:47.9989457Z /usr/bin/tar: ../../../../../usr/local/lib/android/sdk/platforms/android-34-ext10/data/res/values-mcc310-mnc280-lo: Cannot utime: Operation not permitted
build	Cache Android SDK	2026-06-06T12:22:47.9989947Z /usr/bin/tar: ../../../../../usr/local/lib/android/sdk/platforms/android-34-ext10/data/res/values-mcc310-mnc280-lo: Cannot change mode to rwxr-xr-x: Operation not permitted
build	Cache Android SDK	2026-06-06T12:22:47.9992397Z /usr/bin/tar: ../../../../../usr/local/lib/android/sdk/platforms/android-34-ext10/data/res/values-mcc311-mnc180-ka: Cannot utime: Operation not permitted
build	Cache Android SDK	2026-06-06T12:22:47.9992864Z /usr/bin/tar: ../../../../../usr/local/lib/android/sdk/platforms/android-34-ext10/data/res/values-mcc311-mnc180-ka: Cannot change mode to rwxr-xr-x: Operation not permitted
build	Cache Android SDK	2026-06-06T12:22:47.9995527Z /usr/bin/tar: ../../../../../usr/local/lib/android/sdk/platforms/android-34-ext10/data/res/values-mcc310-mnc280-nl: Cannot utime: Operation not permitted
build	Cache Android SDK	2026-06-06T12:22:47.9996007Z /usr/bin/tar: ../../../../../usr/local/lib/android/sdk/platforms/android-34-ext10/data/res/values-mcc310-mnc280-nl: Cannot change mode to rwxr-xr-x: Operation not permitted
build	Cache Android SDK	2026-06-06T12:22:47.9998518Z /usr/bin/tar: ../../../../../usr/local/lib/android/sdk/platforms/android-34-ext10/data/res/values-mcc310-mnc160: Cannot utime: Operation not permitted
build	Cache Android SDK	2026-06-06T12:22:47.9999002Z /usr/bin/tar: ../../../../../usr/local/lib/android/sdk/platforms/android-34-ext10/data/res/values-mcc310-mnc160: Cannot change mode to rwxr-xr-x: Operation not permitted
build	Cache Android SDK	2026-06-06T12:22:48.0001869Z /usr/bin/tar: ../../../../../usr/local/lib/android/sdk/platforms/android-34-ext10/data/res/values-mcc310-mnc170-as: Cannot utime: Operation not permitted
build	Cache Android SDK	2026-06-06T12:22:48.0002350Z /usr/bin/tar: ../../../../../usr/local/lib/android/sdk/platforms/android-34-ext10/data/res/values-mcc310-mnc170-as: Cannot change mode to rwxr-xr-x: Operation not permitted
build	Cache Android SDK	2026-06-06T12:22:48.0005490Z /usr/bin/tar: ../../../../../usr/local/lib/android/sdk/platforms/android-34-ext10/data/res/values-mcc310-mnc230-uk: Cannot utime: Operation not permitted
build	Cache Android SDK	2026-06-06T12:22:48.0005962Z /usr/bin/tar: ../../../../../usr/local/lib/android/sdk/platforms/android-34-ext10/data/res/values-mcc310-mnc230-uk: Cannot change mode to rwxr-xr-x: Operation not permitted
build	Cache Android SDK	2026-06-06T12:22:48.0008176Z /usr/bin/tar: ../../../../../usr/local/lib/android/sdk/platforms/android-34-ext10/data/res/values-mcc302-mnc370-ky: Cannot utime: Operation not permitted
build	Cache Android SDK	2026-06-06T12:22:48.0008666Z /usr/bin/tar: ../../../../../usr/local/lib/android/sdk/platforms/android-34-ext10/data/res/values-mcc302-mnc370-ky: Cannot change mode to rwxr-xr-x: Operation not permitted
build	Cache Android SDK	2026-06-06T12:22:48.0012257Z /usr/bin/tar: ../../../../../usr/local/lib/android/sdk/platforms/android-34-ext10/data/res/values-mcc310-mnc950-ky: Cannot utime: Operation not permitted
build	Cache Android SDK	2026-06-06T12:22:48.0012792Z /usr/bin/tar: ../../../../../usr/local/lib/android/sdk/platforms/android-34-ext10/data/res/values-mcc310-mnc950-ky: Cannot change mode to rwxr-xr-x: Operation not permitted
build	Cache Android SDK	2026-06-06T12:22:48.0015133Z /usr/bin/tar: ../../../../../usr/local/lib/android/sdk/platforms/android-34-ext10/data/res/values-vi-watch: Cannot utime: Operation not permitted
build	Cache Android SDK	2026-06-06T12:22:48.0015738Z /usr/bin/tar: ../../../../../usr/local/lib/android/sdk/platforms/android-34-ext10/data/res/values-vi-watch: Cannot change mode to rwxr-xr-x: Operation not permitted
build	Cache Android SDK	2026-06-06T12:22:48.0018766Z /usr/bin/tar: ../../../../../usr/local/lib/android/sdk/platforms/android-34-ext10/data/res/values-mcc310-mnc410-ka: Cannot utime: Operation not permitted
build	Cache Android SDK	2026-06-06T12:22:48.0019280Z /usr/bin/tar: ../../../../../usr/local/lib/android/sdk/platforms/android-34-ext10/data/res/values-mcc310-mnc410-ka: Cannot change mode to rwxr-xr-x: Operation not permitted
build	Cache Android SDK	2026-06-06T12:22:48.0023959Z /usr/bin/tar: ../../../../../usr/local/lib/android/sdk/platforms/android-34-ext10/data/res/values-mcc310-mnc220-in: Cannot utime: Operation not permitted
build	Cache Android SDK	2026-06-06T12:22:48.0024490Z /usr/bin/tar: ../../../../../usr/local/lib/android/sdk/platforms/android-34-ext10/data/res/values-mcc310-mnc220-in: Cannot change mode to rwxr-xr-x: Operation not permitted
build	Cache Android SDK	2026-06-06T12:22:48.0027194Z /usr/bin/tar: ../../../../../usr/local/lib/android/sdk/platforms/android-34-ext10/data/res/values-lo-watch: Cannot utime: Operation not permitted
build	Cache Android SDK	2026-06-06T12:22:48.0027960Z /usr/bin/tar: ../../../../../usr/local/lib/android/sdk/platforms/android-34-ext10/data/res/values-lo-watch: Cannot change mode to rwxr-xr-x: Operation not permitted
build	Cache Android SDK	2026-06-06T12:22:48.0031167Z /usr/bin/tar: ../../../../../usr/local/lib/android/sdk/platforms/android-34-ext10/data/res/values-mcc310-mnc240-sw: Cannot utime: Operation not permitted
build	Cache Android SDK	2026-06-06T12:22:48.0031726Z /usr/bin/tar: ../../../../../usr/local/lib/android/sdk/platforms/android-34-ext10/data/res/values-mcc310-mnc240-sw: Cannot change mode to rwxr-xr-x: Operation not permitted
build	Cache Android SDK	2026-06-06T12:22:48.0034024Z /usr/bin/tar: ../../../../../usr/local/lib/android/sdk/platforms/android-34-ext10/data/res/values-mcc310-mnc200-vi: Cannot utime: Operation not permitted
build	Cache Android SDK	2026-06-06T12:22:48.0034499Z /usr/bin/tar: ../../../../../usr/local/lib/android/sdk/platforms/android-34-ext10/data/res/values-mcc310-mnc200-vi: Cannot change mode to rwxr-xr-x: Operation not permitted
build	Cache Android SDK	2026-06-06T12:22:48.0037773Z /usr/bin/tar: ../../../../../usr/local/lib/android/sdk/platforms/android-34-ext10/data/res/values-mcc310-mnc030-is: Cannot utime: Operation not permitted
build	Cache Android SDK	2026-06-06T12:22:48.0038365Z /usr/bin/tar: ../../../../../usr/local/lib/android/sdk/platforms/android-34-ext10/data/res/values-mcc310-mnc030-is: Cannot change mode to rwxr-xr-x: Operation not permitted
build	Cache Android SDK	2026-06-06T12:22:48.0040994Z /usr/bin/tar: ../../../../../usr/local/lib/android/sdk/platforms/android-34-ext10/data/res/values-mcc302-mnc720-it: Cannot utime: Operation not permitted
build	Cache Android SDK	2026-06-06T12:22:48.0041473Z /usr/bin/tar: ../../../../../usr/local/lib/android/sdk/platforms/android-34-ext10/data/res/values-mcc302-mnc720-it: Cannot change mode to rwxr-xr-x: Operation not permitted
build	Cache Android SDK	2026-06-06T12:22:48.0046818Z /usr/bin/tar: ../../../../../usr/local/lib/android/sdk/platforms/android-34-ext10/data/res/values-mcc310-mnc160-zh-rHK: Cannot utime: Operation not permitted
build	Cache Android SDK	2026-06-06T12:22:48.0047619Z /usr/bin/tar: ../../../../../usr/local/lib/android/sdk/platforms/android-34-ext10/data/res/values-mcc310-mnc160-zh-rHK: Cannot change mode to rwxr-xr-x: Operation not permitted
build	Cache Android SDK	2026-06-06T12:22:48.0050337Z /usr/bin/tar: ../../../../../usr/local/lib/android/sdk/platforms/android-34-ext10/data/res/values-mcc310-mnc410-vi: Cannot utime: Operation not permitted
build	Cache Android SDK	2026-06-06T12:22:48.0050843Z /usr/bin/tar: ../../../../../usr/local/lib/android/sdk/platforms/android-34-ext10/data/res/values-mcc310-mnc410-vi: Cannot change mode to rwxr-xr-x: Operation not permitted
build	Cache Android SDK	2026-06-06T12:22:48.0053388Z /usr/bin/tar: ../../../../../usr/local/lib/android/sdk/platforms/android-34-ext10/data/res/values-mcc311-mnc180-fa: Cannot utime: Operation not permitted
build	Cache Android SDK	2026-06-06T12:22:48.0053856Z /usr/bin/tar: ../../../../../usr/local/lib/android/sdk/platforms/android-34-ext10/data/res/values-mcc311-mnc180-fa: Cannot change mode to rwxr-xr-x: Operation not permitted
build	Cache Android SDK	2026-06-06T12:22:48.0056387Z /usr/bin/tar: ../../../../../usr/local/lib/android/sdk/platforms/android-34-ext10/data/res/values-mcc310-mnc150-th: Cannot utime: Operation not permitted
build	Cache Android SDK	2026-06-06T12:22:48.0057040Z /usr/bin/tar: ../../../../../usr/local/lib/android/sdk/platforms/android-34-ext10/data/res/values-mcc310-mnc150-th: Cannot change mode to rwxr-xr-x: Operation not permitted
build	Cache Android SDK	2026-06-06T12:22:48.0060549Z /usr/bin/tar: ../../../../../usr/local/lib/android/sdk/platforms/android-34-ext10/data/res/values-mcc001-mnc01-az: Cannot utime: Operation not permitted
build	Cache Android SDK	2026-06-06T12:22:48.0061026Z /usr/bin/tar: ../../../../../usr/local/lib/android/sdk/platforms/android-34-ext10/data/res/values-mcc001-mnc01-az: Cannot change mode to rwxr-xr-x: Operation not permitted
build	Cache Android SDK	2026-06-06T12:22:48.0064285Z /usr/bin/tar: ../../../../../usr/local/lib/android/sdk/platforms/android-34-ext10/data/res/values-mcc310-mnc660-lt: Cannot utime: Operation not permitted
build	Cache Android SDK	2026-06-06T12:22:48.0064759Z /usr/bin/tar: ../../../../../usr/local/lib/android/sdk/platforms/android-34-ext10/data/res/values-mcc310-mnc660-lt: Cannot change mode to rwxr-xr-x: Operation not permitted
build	Cache Android SDK	2026-06-06T12:22:48.0067219Z /usr/bin/tar: ../../../../../usr/local/lib/android/sdk/platforms/android-34-ext10/data/res/values-mcc310-mnc490-zh-rTW: Cannot utime: Operation not permitted
build	Cache Android SDK	2026-06-06T12:22:48.0067912Z /usr/bin/tar: ../../../../../usr/local/lib/android/sdk/platforms/android-34-ext10/data/res/values-mcc310-mnc490-zh-rTW: Cannot change mode to rwxr-xr-x: Operation not permitted
build	Cache Android SDK	2026-06-06T12:22:48.0070748Z /usr/bin/tar: ../../../../../usr/local/lib/android/sdk/platforms/android-34-ext10/data/res/values-mcc311-mnc180-hy: Cannot utime: Operation not permitted
build	Cache Android SDK	2026-06-06T12:22:48.0071218Z /usr/bin/tar: ../../../../../usr/local/lib/android/sdk/platforms/android-34-ext10/data/res/values-mcc311-mnc180-hy: Cannot change mode to rwxr-xr-x: Operation not permitted
build	Cache Android SDK	2026-06-06T12:22:48.0074125Z /usr/bin/tar: ../../../../../usr/local/lib/android/sdk/platforms/android-34-ext10/data/res/values-mcc310-mnc490-ja: Cannot utime: Operation not permitted
build	Cache Android SDK	2026-06-06T12:22:48.0074677Z /usr/bin/tar: ../../../../../usr/local/lib/android/sdk/platforms/android-34-ext10/data/res/values-mcc310-mnc490-ja: Cannot change mode to rwxr-xr-x: Operation not permitted
build	Cache Android SDK	2026-06-06T12:22:48.0078163Z /usr/bin/tar: ../../../../../usr/local/lib/android/sdk/platforms/android-34-ext10/data/res/values-mcc310-mnc560-te: Cannot utime: Operation not permitted
build	Cache Android SDK	2026-06-06T12:22:48.0078643Z /usr/bin/tar: ../../../../../usr/local/lib/android/sdk/platforms/android-34-ext10/data/res/values-mcc310-mnc560-te: Cannot change mode to rwxr-xr-x: Operation not permitted
build	Cache Android SDK	2026-06-06T12:22:48.0081742Z /usr/bin/tar: ../../../../../usr/local/lib/android/sdk/platforms/android-34-ext10/data/res/values-mcc310-mnc310-iw: Cannot utime: Operation not permitted
build	Cache Android SDK	2026-06-06T12:22:48.0082218Z /usr/bin/tar: ../../../../../usr/local/lib/android/sdk/platforms/android-34-ext10/data/res/values-mcc310-mnc310-iw: Cannot change mode to rwxr-xr-x: Operation not permitted
build	Cache Android SDK	2026-06-06T12:22:48.0084856Z /usr/bin/tar: ../../../../../usr/local/lib/android/sdk/platforms/android-34-ext10/data/res/values-sw-television: Cannot utime: Operation not permitted
build	Cache Android SDK	2026-06-06T12:22:48.0085329Z /usr/bin/tar: ../../../../../usr/local/lib/android/sdk/platforms/android-34-ext10/data/res/values-sw-television: Cannot change mode to rwxr-xr-x: Operation not permitted
build	Cache Android SDK	2026-06-06T12:22:48.0088314Z /usr/bin/tar: ../../../../../usr/local/lib/android/sdk/platforms/android-34-ext10/data/res/values-mcc310-mnc250-kk: Cannot utime: Operation not permitted
build	Cache Android SDK	2026-06-06T12:22:48.0088781Z /usr/bin/tar: ../../../../../usr/local/lib/android/sdk/platforms/android-34-ext10/data/res/values-mcc310-mnc250-kk: Cannot change mode to rwxr-xr-x: Operation not permitted
build	Cache Android SDK	2026-06-06T12:22:48.0091180Z /usr/bin/tar: ../../../../../usr/local/lib/android/sdk/platforms/android-34-ext10/data/res/values-mcc310-mnc030-th: Cannot utime: Operation not permitted
build	Cache Android SDK	2026-06-06T12:22:48.0091652Z /usr/bin/tar: ../../../../../usr/local/lib/android/sdk/platforms/android-34-ext10/data/res/values-mcc310-mnc030-th: Cannot change mode to rwxr-xr-x: Operation not permitted
build	Cache Android SDK	2026-06-06T12:22:48.0094427Z /usr/bin/tar: ../../../../../usr/local/lib/android/sdk/platforms/android-34-ext10/data/res/values-lt-rLT: Cannot utime: Operation not permitted
build	Cache Android SDK	2026-06-06T12:22:48.0094885Z /usr/bin/tar: ../../../../../usr/local/lib/android/sdk/platforms/android-34-ext10/data/res/values-lt-rLT: Cannot change mode to rwxr-xr-x: Operation not permitted
build	Cache Android SDK	2026-06-06T12:22:48.0097823Z /usr/bin/tar: ../../../../../usr/local/lib/android/sdk/platforms/android-34-ext10/data/res/values-mcc310-mnc800-ar: Cannot utime: Operation not permitted
build	Cache Android SDK	2026-06-06T12:22:48.0098877Z /usr/bin/tar: ../../../../../usr/local/lib/android/sdk/platforms/android-34-ext10/data/res/values-mcc310-mnc800-ar: Cannot change mode to rwxr-xr-x: Operation not permitted
build	Cache Android SDK	2026-06-06T12:22:48.0100677Z /usr/bin/tar: ../../../../../usr/local/lib/android/sdk/platforms/android-34-ext10/data/res/values-mcc310-mnc410-eu: Cannot utime: Operation not permitted
build	Cache Android SDK	2026-06-06T12:22:48.0101167Z /usr/bin/tar: ../../../../../usr/local/lib/android/sdk/platforms/android-34-ext10/data/res/values-mcc310-mnc410-eu: Cannot change mode to rwxr-xr-x: Operation not permitted
build	Cache Android SDK	2026-06-06T12:22:48.0103643Z /usr/bin/tar: ../../../../../usr/local/lib/android/sdk/platforms/android-34-ext10/data/res/values-mcc310-mnc560-hr: Cannot utime: Operation not permitted
build	Cache Android SDK	2026-06-06T12:22:48.0104120Z /usr/bin/tar: ../../../../../usr/local/lib/android/sdk/platforms/android-34-ext10/data/res/values-mcc310-mnc560-hr: Cannot change mode to rwxr-xr-x: Operation not permitted
build	Cache Android SDK	2026-06-06T12:22:48.0111325Z /usr/bin/tar: ../../../../../usr/local/lib/android/sdk/platforms/android-34-ext10/data/res/anim-ldrtl: Cannot utime: Operation not permitted
build	Cache Android SDK	2026-06-06T12:22:48.0111758Z /usr/bin/tar: ../../../../../usr/local/lib/android/sdk/platforms/android-34-ext10/data/res/anim-ldrtl: Cannot change mode to rwxr-xr-x: Operation not permitted
build	Cache Android SDK	2026-06-06T12:22:48.0118707Z /usr/bin/tar: ../../../../../usr/local/lib/android/sdk/platforms/android-34-ext10/data/res/values-mk: Cannot utime: Operation not permitted
build	Cache Android SDK	2026-06-06T12:22:48.0119314Z /usr/bin/tar: ../../../../../usr/local/lib/android/sdk/platforms/android-34-ext10/data/res/values-mk: Cannot change mode to rwxr-xr-x: Operation not permitted
build	Cache Android SDK	2026-06-06T12:22:48.0121184Z /usr/bin/tar: ../../../../../usr/local/lib/android/sdk/platforms/android-34-ext10/data/res/values-mcc310-mnc030-ja: Cannot utime: Operation not permitted
build	Cache Android SDK	2026-06-06T12:22:48.0122081Z /usr/bin/tar: ../../../../../usr/local/lib/android/sdk/platforms/android-34-ext10/data/res/values-mcc310-mnc030-ja: Cannot change mode to rwxr-xr-x: Operation not permitted
build	Cache Android SDK	2026-06-06T12:22:48.0125139Z /usr/bin/tar: ../../../../../usr/local/lib/android/sdk/platforms/android-34-ext10/data/res/values-mcc310-mnc160-ro: Cannot utime: Operation not permitted
build	Cache Android SDK	2026-06-06T12:22:48.0125673Z /usr/bin/tar: ../../../../../usr/local/lib/android/sdk/platforms/android-34-ext10/data/res/values-mcc310-mnc160-ro: Cannot change mode to rwxr-xr-x: Operation not permitted
build	Cache Android SDK	2026-06-06T12:22:48.0128224Z /usr/bin/tar: ../../../../../usr/local/lib/android/sdk/platforms/android-34-ext10/data/res/values-mcc310-mnc200-sk: Cannot utime: Operation not permitted
build	Cache Android SDK	2026-06-06T12:22:48.0128740Z /usr/bin/tar: ../../../../../usr/local/lib/android/sdk/platforms/android-34-ext10/data/res/values-mcc310-mnc200-sk: Cannot change mode to rwxr-xr-x: Operation not permitted
build	Cache Android SDK	2026-06-06T12:22:48.0132123Z /usr/bin/tar: ../../../../../usr/local/lib/android/sdk/platforms/android-34-ext10/data/res/values-mcc310-mnc660-sl: Cannot utime: Operation not permitted
build	Cache Android SDK	2026-06-06T12:22:48.0132617Z /usr/bin/tar: ../../../../../usr/local/lib/android/sdk/platforms/android-34-ext10/data/res/values-mcc310-mnc660-sl: Cannot change mode to rwxr-xr-x: Operation not permitted
build	Cache Android SDK	2026-06-06T12:22:48.0135187Z /usr/bin/tar: ../../../../../usr/local/lib/android/sdk/platforms/android-34-ext10/data/res/values-mcc310-mnc200-eu: Cannot utime: Operation not permitted
build	Cache Android SDK	2026-06-06T12:22:48.0135662Z /usr/bin/tar: ../../../../../usr/local/lib/android/sdk/platforms/android-34-ext10/data/res/values-mcc310-mnc200-eu: Cannot change mode to rwxr-xr-x: Operation not permitted
build	Cache Android SDK	2026-06-06T12:22:48.0138948Z /usr/bin/tar: ../../../../../usr/local/lib/android/sdk/platforms/android-34-ext10/data/res/values-mcc334-mnc020-sq: Cannot utime: Operation not permitted
build	Cache Android SDK	2026-06-06T12:22:48.0139677Z /usr/bin/tar: ../../../../../usr/local/lib/android/sdk/platforms/android-34-ext10/data/res/values-mcc334-mnc020-sq: Cannot change mode to rwxr-xr-x: Operation not permitted
build	Cache Android SDK	2026-06-06T12:22:48.0142502Z /usr/bin/tar: ../../../../../usr/local/lib/android/sdk/platforms/android-34-ext10/data/res/values-mcc310-mnc220-fa: Cannot utime: Operation not permitted
build	Cache Android SDK	2026-06-06T12:22:48.0143503Z /usr/bin/tar: ../../../../../usr/local/lib/android/sdk/platforms/android-34-ext10/data/res/values-mcc310-mnc220-fa: Cannot change mode to rwxr-xr-x: Operation not permitted
build	Cache Android SDK	2026-06-06T12:22:48.0145472Z /usr/bin/tar: ../../../../../usr/local/lib/android/sdk/platforms/android-34-ext10/data/res/values-mcc313-mnc100-ml: Cannot utime: Operation not permitted
build	Cache Android SDK	2026-06-06T12:22:48.0145953Z /usr/bin/tar: ../../../../../usr/local/lib/android/sdk/platforms/android-34-ext10/data/res/values-mcc313-mnc100-ml: Cannot change mode to rwxr-xr-x: Operation not permitted
build	Cache Android SDK	2026-06-06T12:22:48.0148973Z /usr/bin/tar: ../../../../../usr/local/lib/android/sdk/platforms/android-34-ext10/data/res/values-mcc310-mnc280-pa: Cannot utime: Operation not permitted
build	Cache Android SDK	2026-06-06T12:22:48.0149442Z /usr/bin/tar: ../../../../../usr/local/lib/android/sdk/platforms/android-34-ext10/data/res/values-mcc310-mnc280-pa: Cannot change mode to rwxr-xr-x: Operation not permitted
build	Cache Android SDK	2026-06-06T12:22:48.0152055Z /usr/bin/tar: ../../../../../usr/local/lib/android/sdk/platforms/android-34-ext10/data/res/values-mcc310-mnc160-sw: Cannot utime: Operation not permitted
build	Cache Android SDK	2026-06-06T12:22:48.0152525Z /usr/bin/tar: ../../../../../usr/local/lib/android/sdk/platforms/android-34-ext10/data/res/values-mcc310-mnc160-sw: Cannot change mode to rwxr-xr-x: Operation not permitted
build	Cache Android SDK	2026-06-06T12:22:48.0155458Z /usr/bin/tar: ../../../../../usr/local/lib/android/sdk/platforms/android-34-ext10/data/res/values-mcc310-mnc800-nl: Cannot utime: Operation not permitted
build	Cache Android SDK	2026-06-06T12:22:48.0155939Z /usr/bin/tar: ../../../../../usr/local/lib/android/sdk/platforms/android-34-ext10/data/res/values-mcc310-mnc800-nl: Cannot change mode to rwxr-xr-x: Operation not permitted
build	Cache Android SDK	2026-06-06T12:22:48.0159012Z /usr/bin/tar: ../../../../../usr/local/lib/android/sdk/platforms/android-34-ext10/data/res/raw-pl: Cannot utime: Operation not permitted
build	Cache Android SDK	2026-06-06T12:22:48.0159429Z /usr/bin/tar: ../../../../../usr/local/lib/android/sdk/platforms/android-34-ext10/data/res/raw-pl: Cannot change mode to rwxr-xr-x: Operation not permitted
build	Cache Android SDK	2026-06-06T12:22:48.0162370Z /usr/bin/tar: ../../../../../usr/local/lib/android/sdk/platforms/android-34-ext10/data/res/values-mcc310-mnc950-sw: Cannot utime: Operation not permitted
build	Cache Android SDK	2026-06-06T12:22:48.0162836Z /usr/bin/tar: ../../../../../usr/local/lib/android/sdk/platforms/android-34-ext10/data/res/values-mcc310-mnc950-sw: Cannot change mode to rwxr-xr-x: Operation not permitted
build	Cache Android SDK	2026-06-06T12:22:48.0165403Z /usr/bin/tar: ../../../../../usr/local/lib/android/sdk/platforms/android-34-ext10/data/res/values-mcc310-mnc170-en-rAU: Cannot utime: Operation not permitted
build	Cache Android SDK	2026-06-06T12:22:48.0165898Z /usr/bin/tar: ../../../../../usr/local/lib/android/sdk/platforms/android-34-ext10/data/res/values-mcc310-mnc170-en-rAU: Cannot change mode to rwxr-xr-x: Operation not permitted
build	Cache Android SDK	2026-06-06T12:22:48.0178543Z /usr/bin/tar: ../../../../../usr/local/lib/android/sdk/platforms/android-34-ext10/data/res/drawable-land-ldpi: Cannot utime: Operation not permitted
build	Cache Android SDK	2026-06-06T12:22:48.0179084Z /usr/bin/tar: ../../../../../usr/local/lib/android/sdk/platforms/android-34-ext10/data/res/drawable-land-ldpi: Cannot change mode to rwxr-xr-x: Operation not permitted
build	Cache Android SDK	2026-06-06T12:22:48.0181673Z /usr/bin/tar: ../../../../../usr/local/lib/android/sdk/platforms/android-34-ext10/data/res/values-mcc311-mnc180-cs: Cannot utime: Operation not permitted
build	Cache Android SDK	2026-06-06T12:22:48.0182156Z /usr/bin/tar: ../../../../../usr/local/lib/android/sdk/platforms/android-34-ext10/data/res/values-mcc311-mnc180-cs: Cannot change mode to rwxr-xr-x: Operation not permitted
build	Cache Android SDK	2026-06-06T12:22:48.0185792Z /usr/bin/tar: ../../../../../usr/local/lib/android/sdk/platforms/android-34-ext10/data/res/values-mcc312-mnc670-sk: Cannot utime: Operation not permitted
build	Cache Android SDK	2026-06-06T12:22:48.0186260Z /usr/bin/tar: ../../../../../usr/local/lib/android/sdk/platforms/android-34-ext10/data/res/values-mcc312-mnc670-sk: Cannot change mode to rwxr-xr-x: Operation not permitted
build	Cache Android SDK	2026-06-06T12:22:48.0189944Z /usr/bin/tar: ../../../../../usr/local/lib/android/sdk/platforms/android-34-ext10/data/res/values-mcc302-mnc720-pl: Cannot utime: Operation not permitted
build	Cache Android SDK	2026-06-06T12:22:48.0190639Z /usr/bin/tar: ../../../../../usr/local/lib/android/sdk/platforms/android-34-ext10/data/res/values-mcc302-mnc720-pl: Cannot change mode to rwxr-xr-x: Operation not permitted
build	Cache Android SDK	2026-06-06T12:22:48.0193548Z /usr/bin/tar: ../../../../../usr/local/lib/android/sdk/platforms/android-34-ext10/data/res/values-mcc310-mnc200-zh-rCN: Cannot utime: Operation not permitted
build	Cache Android SDK	2026-06-06T12:22:48.0194256Z /usr/bin/tar: ../../../../../usr/local/lib/android/sdk/platforms/android-34-ext10/data/res/values-mcc310-mnc200-zh-rCN: Cannot change mode to rwxr-xr-x: Operation not permitted
build	Cache Android SDK	2026-06-06T12:22:48.0196846Z /usr/bin/tar: ../../../../../usr/local/lib/android/sdk/platforms/android-34-ext10/data/res/values-mcc310-mnc220-sr: Cannot utime: Operation not permitted
build	Cache Android SDK	2026-06-06T12:22:48.0197536Z /usr/bin/tar: ../../../../../usr/local/lib/android/sdk/platforms/android-34-ext10/data/res/values-mcc310-mnc220-sr: Cannot change mode to rwxr-xr-x: Operation not permitted
build	Cache Android SDK	2026-06-06T12:22:48.0200290Z /usr/bin/tar: ../../../../../usr/local/lib/android/sdk/platforms/android-34-ext10/data/res/values-mcc310-mnc160-tr: Cannot utime: Operation not permitted
build	Cache Android SDK	2026-06-06T12:22:48.0200774Z /usr/bin/tar: ../../../../../usr/local/lib/android/sdk/platforms/android-34-ext10/data/res/values-mcc310-mnc160-tr: Cannot change mode to rwxr-xr-x: Operation not permitted
build	Cache Android SDK	2026-06-06T12:22:48.0203559Z /usr/bin/tar: ../../../../../usr/local/lib/android/sdk/platforms/android-34-ext10/data/res/values-pt-rPT-watch: Cannot utime: Operation not permitted
build	Cache Android SDK	2026-06-06T12:22:48.0204082Z /usr/bin/tar: ../../../../../usr/local/lib/android/sdk/platforms/android-34-ext10/data/res/values-pt-rPT-watch: Cannot change mode to rwxr-xr-x: Operation not permitted
build	Cache Android SDK	2026-06-06T12:22:48.0207587Z /usr/bin/tar: ../../../../../usr/local/lib/android/sdk/platforms/android-34-ext10/data/res/values-mcc310-mnc410-zh-rTW: Cannot utime: Operation not permitted
build	Cache Android SDK	2026-06-06T12:22:48.0208374Z /usr/bin/tar: ../../../../../usr/local/lib/android/sdk/platforms/android-34-ext10/data/res/values-mcc310-mnc410-zh-rTW: Cannot change mode to rwxr-xr-x: Operation not permitted
build	Cache Android SDK	2026-06-06T12:22:48.0209968Z /usr/bin/tar: ../../../../../usr/local/lib/android/sdk/platforms/android-34-ext10/data/res/values-mcc334-mnc020-sr: Cannot utime: Operation not permitted
build	Cache Android SDK	2026-06-06T12:22:48.0210462Z /usr/bin/tar: ../../../../../usr/local/lib/android/sdk/platforms/android-34-ext10/data/res/values-mcc334-mnc020-sr: Cannot change mode to rwxr-xr-x: Operation not permitted
build	Cache Android SDK	2026-06-06T12:22:48.0214325Z /usr/bin/tar: ../../../../../usr/local/lib/android/sdk/platforms/android-34-ext10/data/res/values-mcc310-mnc240-fi: Cannot utime: Operation not permitted
build	Cache Android SDK	2026-06-06T12:22:48.0214839Z /usr/bin/tar: ../../../../../usr/local/lib/android/sdk/platforms/android-34-ext10/data/res/values-mcc310-mnc240-fi: Cannot change mode to rwxr-xr-x: Operation not permitted
build	Cache Android SDK	2026-06-06T12:22:48.0218064Z /usr/bin/tar: ../../../../../usr/local/lib/android/sdk/platforms/android-34-ext10/data/res/values-mcc310-mnc560-sr: Cannot utime: Operation not permitted
build	Cache Android SDK	2026-06-06T12:22:48.0218601Z /usr/bin/tar: ../../../../../usr/local/lib/android/sdk/platforms/android-34-ext10/data/res/values-mcc310-mnc560-sr: Cannot change mode to rwxr-xr-x: Operation not permitted
build	Cache Android SDK	2026-06-06T12:22:48.0224289Z /usr/bin/tar: ../../../../../usr/local/lib/android/sdk/platforms/android-34-ext10/data/res/values-da-rDK: Cannot utime: Operation not permitted
build	Cache Android SDK	2026-06-06T12:22:48.0224948Z /usr/bin/tar: ../../../../../usr/local/lib/android/sdk/platforms/android-34-ext10/data/res/values-da-rDK: Cannot change mode to rwxr-xr-x: Operation not permitted
build	Cache Android SDK	2026-06-06T12:22:48.0227518Z /usr/bin/tar: ../../../../../usr/local/lib/android/sdk/platforms/android-34-ext10/data/res/values-mcc310-mnc410-gu: Cannot utime: Operation not permitted
build	Cache Android SDK	2026-06-06T12:22:48.0228045Z /usr/bin/tar: ../../../../../usr/local/lib/android/sdk/platforms/android-34-ext10/data/res/values-mcc310-mnc410-gu: Cannot change mode to rwxr-xr-x: Operation not permitted
build	Cache Android SDK	2026-06-06T12:22:48.0231085Z /usr/bin/tar: ../../../../../usr/local/lib/android/sdk/platforms/android-34-ext10/data/res/values-mcc334-mnc020-ka: Cannot utime: Operation not permitted
build	Cache Android SDK	2026-06-06T12:22:48.0231636Z /usr/bin/tar: ../../../../../usr/local/lib/android/sdk/platforms/android-34-ext10/data/res/values-mcc334-mnc020-ka: Cannot change mode to rwxr-xr-x: Operation not permitted
build	Cache Android SDK	2026-06-06T12:22:48.0235427Z /usr/bin/tar: ../../../../../usr/local/lib/android/sdk/platforms/android-34-ext10/data/res/values-mcc310-mnc560-nb: Cannot utime: Operation not permitted
build	Cache Android SDK	2026-06-06T12:22:48.0235996Z /usr/bin/tar: ../../../../../usr/local/lib/android/sdk/platforms/android-34-ext10/data/res/values-mcc310-mnc560-nb: Cannot change mode to rwxr-xr-x: Operation not permitted
build	Cache Android SDK	2026-06-06T12:22:48.0239844Z /usr/bin/tar: ../../../../../usr/local/lib/android/sdk/platforms/android-34-ext10/data/res/values-mcc310-mnc240-en-rGB: Cannot utime: Operation not permitted
build	Cache Android SDK	2026-06-06T12:22:48.0240351Z /usr/bin/tar: ../../../../../usr/local/lib/android/sdk/platforms/android-34-ext10/data/res/values-mcc310-mnc240-en-rGB: Cannot change mode to rwxr-xr-x: Operation not permitted
build	Cache Android SDK	2026-06-06T12:22:48.0243328Z /usr/bin/tar: ../../../../../usr/local/lib/android/sdk/platforms/android-34-ext10/data/res/values-mcc310-mnc380-zh-rTW: Cannot utime: Operation not permitted
build	Cache Android SDK	2026-06-06T12:22:48.0244023Z /usr/bin/tar: ../../../../../usr/local/lib/android/sdk/platforms/android-34-ext10/data/res/values-mcc310-mnc380-zh-rTW: Cannot change mode to rwxr-xr-x: Operation not permitted
build	Cache Android SDK	2026-06-06T12:22:48.0245786Z /usr/bin/tar: ../../../../../usr/local/lib/android/sdk/platforms/android-34-ext10/data/res/values-mcc310-mnc210-sr: Cannot utime: Operation not permitted
build	Cache Android SDK	2026-06-06T12:22:48.0246255Z /usr/bin/tar: ../../../../../usr/local/lib/android/sdk/platforms/android-34-ext10/data/res/values-mcc310-mnc210-sr: Cannot change mode to rwxr-xr-x: Operation not permitted
build	Cache Android SDK	2026-06-06T12:22:48.0249293Z /usr/bin/tar: ../../../../../usr/local/lib/android/sdk/platforms/android-34-ext10/data/res/values-mcc310-mnc380-as: Cannot utime: Operation not permitted
build	Cache Android SDK	2026-06-06T12:22:48.0249773Z /usr/bin/tar: ../../../../../usr/local/lib/android/sdk/platforms/android-34-ext10/data/res/values-mcc310-mnc380-as: Cannot change mode to rwxr-xr-x: Operation not permitted
build	Cache Android SDK	2026-06-06T12:22:48.0253918Z /usr/bin/tar: ../../../../../usr/local/lib/android/sdk/platforms/android-34-ext10/data/res/values-mcc312-mnc670-nb: Cannot utime: Operation not permitted
build	Cache Android SDK	2026-06-06T12:22:48.0254479Z /usr/bin/tar: ../../../../../usr/local/lib/android/sdk/platforms/android-34-ext10/data/res/values-mcc312-mnc670-nb: Cannot change mode to rwxr-xr-x: Operation not permitted
build	Cache Android SDK	2026-06-06T12:22:48.0257281Z /usr/bin/tar: ../../../../../usr/local/lib/android/sdk/platforms/android-34-ext10/data/res/values-mcc302-mnc370-bg: Cannot utime: Operation not permitted
build	Cache Android SDK	2026-06-06T12:22:48.0257965Z /usr/bin/tar: ../../../../../usr/local/lib/android/sdk/platforms/android-34-ext10/data/res/values-mcc302-mnc370-bg: Cannot change mode to rwxr-xr-x: Operation not permitted
build	Cache Android SDK	2026-06-06T12:22:48.0260219Z /usr/bin/tar: ../../../../../usr/local/lib/android/sdk/platforms/android-34-ext10/data/res/values-mcc310-mnc200-it: Cannot utime: Operation not permitted
build	Cache Android SDK	2026-06-06T12:22:48.0260713Z /usr/bin/tar: ../../../../../usr/local/lib/android/sdk/platforms/android-34-ext10/data/res/values-mcc310-mnc200-it: Cannot change mode to rwxr-xr-x: Operation not permitted
build	Cache Android SDK	2026-06-06T12:22:48.0263010Z /usr/bin/tar: ../../../../../usr/local/lib/android/sdk/platforms/android-34-ext10/data/res/values-w211dp: Cannot utime: Operation not permitted
build	Cache Android SDK	2026-06-06T12:22:48.0263519Z /usr/bin/tar: ../../../../../usr/local/lib/android/sdk/platforms/android-34-ext10/data/res/values-w211dp: Cannot change mode to rwxr-xr-x: Operation not permitted
build	Cache Android SDK	2026-06-06T12:22:48.0266619Z /usr/bin/tar: ../../../../../usr/local/lib/android/sdk/platforms/android-34-ext10/data/res/values-sk-watch: Cannot utime: Operation not permitted
build	Cache Android SDK	2026-06-06T12:22:48.0267083Z /usr/bin/tar: ../../../../../usr/local/lib/android/sdk/platforms/android-34-ext10/data/res/values-sk-watch: Cannot change mode to rwxr-xr-x: Operation not permitted
build	Cache Android SDK	2026-06-06T12:22:48.0270289Z /usr/bin/tar: ../../../../../usr/local/lib/android/sdk/platforms/android-34-ext10/data/res/values-mcc310-mnc030-te: Cannot utime: Operation not permitted
build	Cache Android SDK	2026-06-06T12:22:48.0270777Z /usr/bin/tar: ../../../../../usr/local/lib/android/sdk/platforms/android-34-ext10/data/res/values-mcc310-mnc030-te: Cannot change mode to rwxr-xr-x: Operation not permitted
build	Cache Android SDK	2026-06-06T12:22:48.0272897Z /usr/bin/tar: ../../../../../usr/local/lib/android/sdk/platforms/android-34-ext10/data/res/values-mcc310-mnc250-es: Cannot utime: Operation not permitted
build	Cache Android SDK	2026-06-06T12:22:48.0273395Z /usr/bin/tar: ../../../../../usr/local/lib/android/sdk/platforms/android-34-ext10/data/res/values-mcc310-mnc250-es: Cannot change mode to rwxr-xr-x: Operation not permitted
build	Cache Android SDK	2026-06-06T12:22:48.0276103Z /usr/bin/tar: ../../../../../usr/local/lib/android/sdk/platforms/android-34-ext10/data/res/values-th-television: Cannot utime: Operation not permitted
build	Cache Android SDK	2026-06-06T12:22:48.0276568Z /usr/bin/tar: ../../../../../usr/local/lib/android/sdk/platforms/android-34-ext10/data/res/values-th-television: Cannot change mode to rwxr-xr-x: Operation not permitted
build	Cache Android SDK	2026-06-06T12:22:48.0279637Z /usr/bin/tar: ../../../../../usr/local/lib/android/sdk/platforms/android-34-ext10/data/res/values-mcc310-mnc160-es: Cannot utime: Operation not permitted
build	Cache Android SDK	2026-06-06T12:22:48.0280194Z /usr/bin/tar: ../../../../../usr/local/lib/android/sdk/platforms/android-34-ext10/data/res/values-mcc310-mnc160-es: Cannot change mode to rwxr-xr-x: Operation not permitted
build	Cache Android SDK	2026-06-06T12:22:48.0281842Z /usr/bin/tar: ../../../../../usr/local/lib/android/sdk/platforms/android-34-ext10/data/res/values-ko-rKR: Cannot utime: Operation not permitted
build	Cache Android SDK	2026-06-06T12:22:48.0282286Z /usr/bin/tar: ../../../../../usr/local/lib/android/sdk/platforms/android-34-ext10/data/res/values-ko-rKR: Cannot change mode to rwxr-xr-x: Operation not permitted
build	Cache Android SDK	2026-06-06T12:22:48.0285552Z /usr/bin/tar: ../../../../../usr/local/lib/android/sdk/platforms/android-34-ext10/data/res/values-mcc310-mnc310-sl: Cannot utime: Operation not permitted
build	Cache Android SDK	2026-06-06T12:22:48.0286134Z /usr/bin/tar: ../../../../../usr/local/lib/android/sdk/platforms/android-34-ext10/data/res/values-mcc310-mnc310-sl: Cannot change mode to rwxr-xr-x: Operation not permitted
build	Cache Android SDK	2026-06-06T12:22:48.0288179Z /usr/bin/tar: ../../../../../usr/local/lib/android/sdk/platforms/android-34-ext10/data/res/values-mcc001-mnc01-zh-rCN: Cannot utime: Operation not permitted
build	Cache Android SDK	2026-06-06T12:22:48.0288680Z /usr/bin/tar: ../../../../../usr/local/lib/android/sdk/platforms/android-34-ext10/data/res/values-mcc001-mnc01-zh-rCN: Cannot change mode to rwxr-xr-x: Operation not permitted
build	Cache Android SDK	2026-06-06T12:22:48.0291798Z /usr/bin/tar: ../../../../../usr/local/lib/android/sdk/platforms/android-34-ext10/data/res/values-mcc310-mnc220: Cannot utime: Operation not permitted
build	Cache Android SDK	2026-06-06T12:22:48.0292273Z /usr/bin/tar: ../../../../../usr/local/lib/android/sdk/platforms/android-34-ext10/data/res/values-mcc310-mnc220: Cannot change mode to rwxr-xr-x: Operation not permitted
build	Cache Android SDK	2026-06-06T12:22:48.0295302Z /usr/bin/tar: ../../../../../usr/local/lib/android/sdk/platforms/android-34-ext10/data/res/values-mcc310-mnc220-hy: Cannot utime: Operation not permitted
build	Cache Android SDK	2026-06-06T12:22:48.0295800Z /usr/bin/tar: ../../../../../usr/local/lib/android/sdk/platforms/android-34-ext10/data/res/values-mcc310-mnc220-hy: Cannot change mode to rwxr-xr-x: Operation not permitted
build	Cache Android SDK	2026-06-06T12:22:48.0298152Z /usr/bin/tar: ../../../../../usr/local/lib/android/sdk/platforms/android-34-ext10/data/res/values-zu-watch: Cannot utime: Operation not permitted
build	Cache Android SDK	2026-06-06T12:22:48.0298615Z /usr/bin/tar: ../../../../../usr/local/lib/android/sdk/platforms/android-34-ext10/data/res/values-zu-watch: Cannot change mode to rwxr-xr-x: Operation not permitted
build	Cache Android SDK	2026-06-06T12:22:48.0301398Z /usr/bin/tar: ../../../../../usr/local/lib/android/sdk/platforms/android-34-ext10/data/res/values-mcc310-mnc560-b+sr+Latn: Cannot utime: Operation not permitted
build	Cache Android SDK	2026-06-06T12:22:48.0301910Z /usr/bin/tar: ../../../../../usr/local/lib/android/sdk/platforms/android-34-ext10/data/res/values-mcc310-mnc560-b+sr+Latn: Cannot change mode to rwxr-xr-x: Operation not permitted
build	Cache Android SDK	2026-06-06T12:22:48.0304576Z /usr/bin/tar: ../../../../../usr/local/lib/android/sdk/platforms/android-34-ext10/data/res/values-mcc310-mnc200-lo: Cannot utime: Operation not permitted
build	Cache Android SDK	2026-06-06T12:22:48.0305152Z /usr/bin/tar: ../../../../../usr/local/lib/android/sdk/platforms/android-34-ext10/data/res/values-mcc310-mnc200-lo: Cannot change mode to rwxr-xr-x: Operation not permitted
build	Cache Android SDK	2026-06-06T12:22:48.0308030Z /usr/bin/tar: ../../../../../usr/local/lib/android/sdk/platforms/android-34-ext10/data/res/values-mcc310-mnc150-it: Cannot utime: Operation not permitted
build	Cache Android SDK	2026-06-06T12:22:48.0308505Z /usr/bin/tar: ../../../../../usr/local/lib/android/sdk/platforms/android-34-ext10/data/res/values-mcc310-mnc150-it: Cannot change mode to rwxr-xr-x: Operation not permitted
build	Cache Android SDK	2026-06-06T12:22:48.0311184Z /usr/bin/tar: ../../../../../usr/local/lib/android/sdk/platforms/android-34-ext10/data/res/values-mcc310-mnc230-bs: Cannot utime: Operation not permitted
build	Cache Android SDK	2026-06-06T12:22:48.0311671Z /usr/bin/tar: ../../../../../usr/local/lib/android/sdk/platforms/android-34-ext10/data/res/values-mcc310-mnc230-bs: Cannot change mode to rwxr-xr-x: Operation not permitted
build	Cache Android SDK	2026-06-06T12:22:48.0313807Z /usr/bin/tar: ../../../../../usr/local/lib/android/sdk/platforms/android-34-ext10/data/res/values-mcc313-mnc100-az: Cannot utime: Operation not permitted
build	Cache Android SDK	2026-06-06T12:22:48.0314488Z /usr/bin/tar: ../../../../../usr/local/lib/android/sdk/platforms/android-34-ext10/data/res/values-mcc313-mnc100-az: Cannot change mode to rwxr-xr-x: Operation not permitted
build	Cache Android SDK	2026-06-06T12:22:48.0317645Z /usr/bin/tar: ../../../../../usr/local/lib/android/sdk/platforms/android-34-ext10/data/res/values-mcc310-mnc250-sl: Cannot utime: Operation not permitted
build	Cache Android SDK	2026-06-06T12:22:48.0318611Z /usr/bin/tar: ../../../../../usr/local/lib/android/sdk/platforms/android-34-ext10/data/res/values-mcc310-mnc250-sl: Cannot change mode to rwxr-xr-x: Operation not permitted
build	Cache Android SDK	2026-06-06T12:22:48.0320383Z /usr/bin/tar: ../../../../../usr/local/lib/android/sdk/platforms/android-34-ext10/data/res/values-mcc311-mnc180-ms: Cannot utime: Operation not permitted
build	Cache Android SDK	2026-06-06T12:22:48.0321301Z /usr/bin/tar: ../../../../../usr/local/lib/android/sdk/platforms/android-34-ext10/data/res/values-mcc311-mnc180-ms: Cannot change mode to rwxr-xr-x: Operation not permitted
build	Cache Android SDK	2026-06-06T12:22:48.0323958Z /usr/bin/tar: ../../../../../usr/local/lib/android/sdk/platforms/android-34-ext10/data/res/values-mcc310-mnc220-th: Cannot utime: Operation not permitted
build	Cache Android SDK	2026-06-06T12:22:48.0324876Z /usr/bin/tar: ../../../../../usr/local/lib/android/sdk/platforms/android-34-ext10/data/res/values-mcc310-mnc220-th: Cannot change mode to rwxr-xr-x: Operation not permitted
build	Cache Android SDK	2026-06-06T12:22:48.0328047Z /usr/bin/tar: ../../../../../usr/local/lib/android/sdk/platforms/android-34-ext10/data/res/values-mcc334-mnc020-ta: Cannot utime: Operation not permitted
build	Cache Android SDK	2026-06-06T12:22:48.0328666Z /usr/bin/tar: ../../../../../usr/local/lib/android/sdk/platforms/android-34-ext10/data/res/values-mcc334-mnc020-ta: Cannot change mode to rwxr-xr-x: Operation not permitted
build	Cache Android SDK	2026-06-06T12:22:48.0330722Z /usr/bin/tar: ../../../../../usr/local/lib/android/sdk/platforms/android-34-ext10/data/res/values-mcc302-mnc370-fr-rCA: Cannot utime: Operation not permitted
build	Cache Android SDK	2026-06-06T12:22:48.0331362Z /usr/bin/tar: ../../../../../usr/local/lib/android/sdk/platforms/android-34-ext10/data/res/values-mcc302-mnc370-fr-rCA: Cannot change mode to rwxr-xr-x: Operation not permitted
build	Cache Android SDK	2026-06-06T12:22:48.0333787Z /usr/bin/tar: ../../../../../usr/local/lib/android/sdk/platforms/android-34-ext10/data/res/values-mcc310-mnc660-in: Cannot utime: Operation not permitted
build	Cache Android SDK	2026-06-06T12:22:48.0334361Z /usr/bin/tar: ../../../../../usr/local/lib/android/sdk/platforms/android-34-ext10/data/res/values-mcc310-mnc660-in: Cannot change mode to rwxr-xr-x: Operation not permitted
build	Cache Android SDK	2026-06-06T12:22:48.0337014Z /usr/bin/tar: ../../../../../usr/local/lib/android/sdk/platforms/android-34-ext10/data/res/values-mcc001-mnc01-bs: Cannot utime: Operation not permitted
build	Cache Android SDK	2026-06-06T12:22:48.0337914Z /usr/bin/tar: ../../../../../usr/local/lib/android/sdk/platforms/android-34-ext10/data/res/values-mcc001-mnc01-bs: Cannot change mode to rwxr-xr-x: Operation not permitted
build	Cache Android SDK	2026-06-06T12:22:48.0339906Z /usr/bin/tar: ../../../../../usr/local/lib/android/sdk/platforms/android-34-ext10/data/res/values-mcc310-mnc280-de: Cannot utime: Operation not permitted
build	Cache Android SDK	2026-06-06T12:22:48.0340472Z /usr/bin/tar: ../../../../../usr/local/lib/android/sdk/platforms/android-34-ext10/data/res/values-mcc310-mnc280-de: Cannot change mode to rwxr-xr-x: Operation not permitted
build	Cache Android SDK	2026-06-06T12:22:48.0342483Z /usr/bin/tar: ../../../../../usr/local/lib/android/sdk/platforms/android-34-ext10/data/res/values-mcc416-mnc77: Cannot utime: Operation not permitted
build	Cache Android SDK	2026-06-06T12:22:48.0342944Z /usr/bin/tar: ../../../../../usr/local/lib/android/sdk/platforms/android-34-ext10/data/res/values-mcc416-mnc77: Cannot change mode to rwxr-xr-x: Operation not permitted
build	Cache Android SDK	2026-06-06T12:22:48.0345456Z /usr/bin/tar: ../../../../../usr/local/lib/android/sdk/platforms/android-34-ext10/data/res/values-pl-television: Cannot utime: Operation not permitted
build	Cache Android SDK	2026-06-06T12:22:48.0346017Z /usr/bin/tar: ../../../../../usr/local/lib/android/sdk/platforms/android-34-ext10/data/res/values-pl-television: Cannot change mode to rwxr-xr-x: Operation not permitted
build	Cache Android SDK	2026-06-06T12:22:48.0348824Z /usr/bin/tar: ../../../../../usr/local/lib/android/sdk/platforms/android-34-ext10/data/res/values-h720dp: Cannot utime: Operation not permitted
build	Cache Android SDK	2026-06-06T12:22:48.0349322Z /usr/bin/tar: ../../../../../usr/local/lib/android/sdk/platforms/android-34-ext10/data/res/values-h720dp: Cannot change mode to rwxr-xr-x: Operation not permitted
build	Cache Android SDK	2026-06-06T12:22:48.0351968Z /usr/bin/tar: ../../../../../usr/local/lib/android/sdk/platforms/android-34-ext10/data/res/values-mcc310-mnc310-b+sr+Latn: Cannot utime: Operation not permitted
build	Cache Android SDK	2026-06-06T12:22:48.0352469Z /usr/bin/tar: ../../../../../usr/local/lib/android/sdk/platforms/android-34-ext10/data/res/values-mcc310-mnc310-b+sr+Latn: Cannot change mode to rwxr-xr-x: Operation not permitted
build	Cache Android SDK	2026-06-06T12:22:48.0355144Z /usr/bin/tar: ../../../../../usr/local/lib/android/sdk/platforms/android-34-ext10/data/res/values-mcc001-mnc01-eu: Cannot utime: Operation not permitted
build	Cache Android SDK	2026-06-06T12:22:48.0355627Z /usr/bin/tar: ../../../../../usr/local/lib/android/sdk/platforms/android-34-ext10/data/res/values-mcc001-mnc01-eu: Cannot change mode to rwxr-xr-x: Operation not permitted
build	Cache Android SDK	2026-06-06T12:22:48.0359516Z /usr/bin/tar: ../../../../../usr/local/lib/android/sdk/platforms/android-34-ext10/data/res/values-mcc310-mnc170-mn: Cannot utime: Operation not permitted
build	Cache Android SDK	2026-06-06T12:22:48.0360025Z /usr/bin/tar: ../../../../../usr/local/lib/android/sdk/platforms/android-34-ext10/data/res/values-mcc310-mnc170-mn: Cannot change mode to rwxr-xr-x: Operation not permitted
build	Cache Android SDK	2026-06-06T12:22:48.0362389Z /usr/bin/tar: ../../../../../usr/local/lib/android/sdk/platforms/android-34-ext10/data/res/values-mcc234: Cannot utime: Operation not permitted
build	Cache Android SDK	2026-06-06T12:22:48.0362942Z /usr/bin/tar: ../../../../../usr/local/lib/android/sdk/platforms/android-34-ext10/data/res/values-mcc234: Cannot change mode to rwxr-xr-x: Operation not permitted
build	Cache Android SDK	2026-06-06T12:22:48.0372595Z /usr/bin/tar: ../../../../../usr/local/lib/android/sdk/platforms/android-34-ext10/data/res/values-th: Cannot utime: Operation not permitted
build	Cache Android SDK	2026-06-06T12:22:48.0373186Z /usr/bin/tar: ../../../../../usr/local/lib/android/sdk/platforms/android-34-ext10/data/res/values-th: Cannot change mode to rwxr-xr-x: Operation not permitted
build	Cache Android SDK	2026-06-06T12:22:48.0376339Z /usr/bin/tar: ../../../../../usr/local/lib/android/sdk/platforms/android-34-ext10/data/res/values-mcc310-mnc030-mr: Cannot utime: Operation not permitted
build	Cache Android SDK	2026-06-06T12:22:48.0376873Z /usr/bin/tar: ../../../../../usr/local/lib/android/sdk/platforms/android-34-ext10/data/res/values-mcc310-mnc030-mr: Cannot change mode to rwxr-xr-x: Operation not permitted
build	Cache Android SDK	2026-06-06T12:22:48.0380023Z /usr/bin/tar: ../../../../../usr/local/lib/android/sdk/platforms/android-34-ext10/data/res/values-mcc310-mnc310-ka: Cannot utime: Operation not permitted
build	Cache Android SDK	2026-06-06T12:22:48.0380502Z /usr/bin/tar: ../../../../../usr/local/lib/android/sdk/platforms/android-34-ext10/data/res/values-mcc310-mnc310-ka: Cannot change mode to rwxr-xr-x: Operation not permitted
build	Cache Android SDK	2026-06-06T12:22:48.0383369Z /usr/bin/tar: ../../../../../usr/local/lib/android/sdk/platforms/android-34-ext10/data/res/values-mcc310-mnc240-tl: Cannot utime: Operation not permitted
build	Cache Android SDK	2026-06-06T12:22:48.0383852Z /usr/bin/tar: ../../../../../usr/local/lib/android/sdk/platforms/android-34-ext10/data/res/values-mcc310-mnc240-tl: Cannot change mode to rwxr-xr-x: Operation not permitted
build	Cache Android SDK	2026-06-06T12:22:48.0386837Z /usr/bin/tar: ../../../../../usr/local/lib/android/sdk/platforms/android-34-ext10/data/res/values-el-television: Cannot utime: Operation not permitted
build	Cache Android SDK	2026-06-06T12:22:48.0387315Z /usr/bin/tar: ../../../../../usr/local/lib/android/sdk/platforms/android-34-ext10/data/res/values-el-television: Cannot change mode to rwxr-xr-x: Operation not permitted
build	Cache Android SDK	2026-06-06T12:22:48.0390252Z /usr/bin/tar: ../../../../../usr/local/lib/android/sdk/platforms/android-34-ext10/data/res/values-mcc312-mnc670-nl: Cannot utime: Operation not permitted
build	Cache Android SDK	2026-06-06T12:22:48.0390831Z /usr/bin/tar: ../../../../../usr/local/lib/android/sdk/platforms/android-34-ext10/data/res/values-mcc312-mnc670-nl: Cannot change mode to rwxr-xr-x: Operation not permitted
build	Cache Android SDK	2026-06-06T12:22:48.0393564Z /usr/bin/tar: ../../../../../usr/local/lib/android/sdk/platforms/android-34-ext10/data/res/values-mcc310-mnc310-hy: Cannot utime: Operation not permitted
build	Cache Android SDK	2026-06-06T12:22:48.0394034Z /usr/bin/tar: ../../../../../usr/local/lib/android/sdk/platforms/android-34-ext10/data/res/values-mcc310-mnc310-hy: Cannot change mode to rwxr-xr-x: Operation not permitted
build	Cache Android SDK	2026-06-06T12:22:48.0397778Z /usr/bin/tar: ../../../../../usr/local/lib/android/sdk/platforms/android-34-ext10/data/res/values-mcc310-mnc250-ur: Cannot utime: Operation not permitted
build	Cache Android SDK	2026-06-06T12:22:48.0398290Z /usr/bin/tar: ../../../../../usr/local/lib/android/sdk/platforms/android-34-ext10/data/res/values-mcc310-mnc250-ur: Cannot change mode to rwxr-xr-x: Operation not permitted
build	Cache Android SDK	2026-06-06T12:22:48.0401235Z /usr/bin/tar: ../../../../../usr/local/lib/android/sdk/platforms/android-34-ext10/data/res/values-mcc310-mnc490-si: Cannot utime: Operation not permitted
build	Cache Android SDK	2026-06-06T12:22:48.0401770Z /usr/bin/tar: ../../../../../usr/local/lib/android/sdk/platforms/android-34-ext10/data/res/values-mcc310-mnc490-si: Cannot change mode to rwxr-xr-x: Operation not permitted
build	Cache Android SDK	2026-06-06T12:22:48.0404085Z /usr/bin/tar: ../../../../../usr/local/lib/android/sdk/platforms/android-34-ext10/data/res/values-mcc313-mnc100-am: Cannot utime: Operation not permitted
build	Cache Android SDK	2026-06-06T12:22:48.0404569Z /usr/bin/tar: ../../../../../usr/local/lib/android/sdk/platforms/android-34-ext10/data/res/values-mcc313-mnc100-am: Cannot change mode to rwxr-xr-x: Operation not permitted
build	Cache Android SDK	2026-06-06T12:22:48.0407608Z /usr/bin/tar: ../../../../../usr/local/lib/android/sdk/platforms/android-34-ext10/data/res/values-mcc310-mnc660-gu: Cannot utime: Operation not permitted
build	Cache Android SDK	2026-06-06T12:22:48.0408104Z /usr/bin/tar: ../../../../../usr/local/lib/android/sdk/platforms/android-34-ext10/data/res/values-mcc310-mnc660-gu: Cannot change mode to rwxr-xr-x: Operation not permitted
build	Cache Android SDK	2026-06-06T12:22:48.0410680Z /usr/bin/tar: ../../../../../usr/local/lib/android/sdk/platforms/android-34-ext10/data/res/values-mcc310-mnc410-fr-rCA: Cannot utime: Operation not permitted
build	Cache Android SDK	2026-06-06T12:22:48.0411187Z /usr/bin/tar: ../../../../../usr/local/lib/android/sdk/platforms/android-34-ext10/data/res/values-mcc310-mnc410-fr-rCA: Cannot change mode to rwxr-xr-x: Operation not permitted
build	Cache Android SDK	2026-06-06T12:22:48.0413636Z /usr/bin/tar: ../../../../../usr/local/lib/android/sdk/platforms/android-34-ext10/data/res/values-mcc310-mnc220-te: Cannot utime: Operation not permitted
build	Cache Android SDK	2026-06-06T12:22:48.0414107Z /usr/bin/tar: ../../../../../usr/local/lib/android/sdk/platforms/android-34-ext10/data/res/values-mcc310-mnc220-te: Cannot change mode to rwxr-xr-x: Operation not permitted
build	Cache Android SDK	2026-06-06T12:22:48.0416605Z /usr/bin/tar: ../../../../../usr/local/lib/android/sdk/platforms/android-34-ext10/data/res/values-af-watch: Cannot utime: Operation not permitted
build	Cache Android SDK	2026-06-06T12:22:48.0417166Z /usr/bin/tar: ../../../../../usr/local/lib/android/sdk/platforms/android-34-ext10/data/res/values-af-watch: Cannot change mode to rwxr-xr-x: Operation not permitted
build	Cache Android SDK	2026-06-06T12:22:48.0419696Z /usr/bin/tar: ../../../../../usr/local/lib/android/sdk/platforms/android-34-ext10/data/res/values-mcc310-mnc410-el: Cannot utime: Operation not permitted
build	Cache Android SDK	2026-06-06T12:22:48.0420181Z /usr/bin/tar: ../../../../../usr/local/lib/android/sdk/platforms/android-34-ext10/data/res/values-mcc310-mnc410-el: Cannot change mode to rwxr-xr-x: Operation not permitted
build	Cache Android SDK	2026-06-06T12:22:48.0422357Z /usr/bin/tar: ../../../../../usr/local/lib/android/sdk/platforms/android-34-ext10/data/res/values-mcc310-mnc250-en-rAU: Cannot utime: Operation not permitted
build	Cache Android SDK	2026-06-06T12:22:48.0422854Z /usr/bin/tar: ../../../../../usr/local/lib/android/sdk/platforms/android-34-ext10/data/res/values-mcc310-mnc250-en-rAU: Cannot change mode to rwxr-xr-x: Operation not permitted
build	Cache Android SDK	2026-06-06T12:22:48.0425533Z /usr/bin/tar: ../../../../../usr/local/lib/android/sdk/platforms/android-34-ext10/data/res/values-mcc312-mnc670-mr: Cannot utime: Operation not permitted
build	Cache Android SDK	2026-06-06T12:22:48.0426023Z /usr/bin/tar: ../../../../../usr/local/lib/android/sdk/platforms/android-34-ext10/data/res/values-mcc312-mnc670-mr: Cannot change mode to rwxr-xr-x: Operation not permitted
build	Cache Android SDK	2026-06-06T12:22:48.0428761Z /usr/bin/tar: ../../../../../usr/local/lib/android/sdk/platforms/android-34-ext10/data/res/values-mcc310-mnc660-sk: Cannot utime: Operation not permitted
build	Cache Android SDK	2026-06-06T12:22:48.0429239Z /usr/bin/tar: ../../../../../usr/local/lib/android/sdk/platforms/android-34-ext10/data/res/values-mcc310-mnc660-sk: Cannot change mode to rwxr-xr-x: Operation not permitted
build	Cache Android SDK	2026-06-06T12:22:48.0431761Z /usr/bin/tar: ../../../../../usr/local/lib/android/sdk/platforms/android-34-ext10/data/res/values-mcc310-mnc800-pt-rBR: Cannot utime: Operation not permitted
build	Cache Android SDK	2026-06-06T12:22:48.0432275Z /usr/bin/tar: ../../../../../usr/local/lib/android/sdk/platforms/android-34-ext10/data/res/values-mcc310-mnc800-pt-rBR: Cannot change mode to rwxr-xr-x: Operation not permitted
build	Cache Android SDK	2026-06-06T12:22:48.0435047Z /usr/bin/tar: ../../../../../usr/local/lib/android/sdk/platforms/android-34-ext10/data/res/values-mcc310-mnc410-uz: Cannot utime: Operation not permitted
build	Cache Android SDK	2026-06-06T12:22:48.0435521Z /usr/bin/tar: ../../../../../usr/local/lib/android/sdk/platforms/android-34-ext10/data/res/values-mcc310-mnc410-uz: Cannot change mode to rwxr-xr-x: Operation not permitted
build	Cache Android SDK	2026-06-06T12:22:48.0438275Z /usr/bin/tar: ../../../../../usr/local/lib/android/sdk/platforms/android-34-ext10/data/res/values-mcc310-mnc230-ms: Cannot utime: Operation not permitted
build	Cache Android SDK	2026-06-06T12:22:48.0438759Z /usr/bin/tar: ../../../../../usr/local/lib/android/sdk/platforms/android-34-ext10/data/res/values-mcc310-mnc230-ms: Cannot change mode to rwxr-xr-x: Operation not permitted
build	Cache Android SDK	2026-06-06T12:22:48.0441753Z /usr/bin/tar: ../../../../../usr/local/lib/android/sdk/platforms/android-34-ext10/data/res/values-mcc302-mnc720-vi: Cannot utime: Operation not permitted
build	Cache Android SDK	2026-06-06T12:22:48.0442358Z /usr/bin/tar: ../../../../../usr/local/lib/android/sdk/platforms/android-34-ext10/data/res/values-mcc302-mnc720-vi: Cannot change mode to rwxr-xr-x: Operation not permitted
build	Cache Android SDK	2026-06-06T12:22:48.0444710Z /usr/bin/tar: ../../../../../usr/local/lib/android/sdk/platforms/android-34-ext10/data/res/values-tr-rTR: Cannot utime: Operation not permitted
build	Cache Android SDK	2026-06-06T12:22:48.0445247Z /usr/bin/tar: ../../../../../usr/local/lib/android/sdk/platforms/android-34-ext10/data/res/values-tr-rTR: Cannot change mode to rwxr-xr-x: Operation not permitted
build	Cache Android SDK	2026-06-06T12:22:48.0457489Z /usr/bin/tar: ../../../../../usr/local/lib/android/sdk/platforms/android-34-ext10/data/res/values-en-rXC: Cannot utime: Operation not permitted
build	Cache Android SDK	2026-06-06T12:22:48.0458016Z /usr/bin/tar: ../../../../../usr/local/lib/android/sdk/platforms/android-34-ext10/data/res/values-en-rXC: Cannot change mode to rwxr-xr-x: Operation not permitted
build	Cache Android SDK	2026-06-06T12:22:48.0460608Z /usr/bin/tar: ../../../../../usr/local/lib/android/sdk/platforms/android-34-ext10/data/res/values-mcc310-mnc560-pt-rPT: Cannot utime: Operation not permitted
build	Cache Android SDK	2026-06-06T12:22:48.0461249Z /usr/bin/tar: ../../../../../usr/local/lib/android/sdk/platforms/android-34-ext10/data/res/values-mcc310-mnc560-pt-rPT: Cannot change mode to rwxr-xr-x: Operation not permitted
build	Cache Android SDK	2026-06-06T12:22:48.0463887Z /usr/bin/tar: ../../../../../usr/local/lib/android/sdk/platforms/android-34-ext10/data/res/values-mcc310-mnc490-es: Cannot utime: Operation not permitted
build	Cache Android SDK	2026-06-06T12:22:48.0464369Z /usr/bin/tar: ../../../../../usr/local/lib/android/sdk/platforms/android-34-ext10/data/res/values-mcc310-mnc490-es: Cannot change mode to rwxr-xr-x: Operation not permitted
build	Cache Android SDK	2026-06-06T12:22:48.0466948Z /usr/bin/tar: ../../../../../usr/local/lib/android/sdk/platforms/android-34-ext10/data/res/values-mcc310-mnc310-th: Cannot utime: Operation not permitted
build	Cache Android SDK	2026-06-06T12:22:48.0467740Z /usr/bin/tar: ../../../../../usr/local/lib/android/sdk/platforms/android-34-ext10/data/res/values-mcc310-mnc310-th: Cannot change mode to rwxr-xr-x: Operation not permitted
build	Cache Android SDK	2026-06-06T12:22:48.0470004Z /usr/bin/tar: ../../../../../usr/local/lib/android/sdk/platforms/android-34-ext10/data/res/values-mcc310-mnc030-fa: Cannot utime: Operation not permitted
build	Cache Android SDK	2026-06-06T12:22:48.0470481Z /usr/bin/tar: ../../../../../usr/local/lib/android/sdk/platforms/android-34-ext10/data/res/values-mcc310-mnc030-fa: Cannot change mode to rwxr-xr-x: Operation not permitted
build	Cache Android SDK	2026-06-06T12:22:48.0472778Z /usr/bin/tar: ../../../../../usr/local/lib/android/sdk/platforms/android-34-ext10/data/res/values-mcc001-mnc01-be: Cannot utime: Operation not permitted
build	Cache Android SDK	2026-06-06T12:22:48.0473260Z /usr/bin/tar: ../../../../../usr/local/lib/android/sdk/platforms/android-34-ext10/data/res/values-mcc001-mnc01-be: Cannot change mode to rwxr-xr-x: Operation not permitted
build	Cache Android SDK	2026-06-06T12:22:48.0475819Z /usr/bin/tar: ../../../../../usr/local/lib/android/sdk/platforms/android-34-ext10/data/res/values-mcc310-mnc210-el: Cannot utime: Operation not permitted
build	Cache Android SDK	2026-06-06T12:22:48.0476309Z /usr/bin/tar: ../../../../../usr/local/lib/android/sdk/platforms/android-34-ext10/data/res/values-mcc310-mnc210-el: Cannot change mode to rwxr-xr-x: Operation not permitted
build	Cache Android SDK	2026-06-06T12:22:48.0479390Z /usr/bin/tar: ../../../../../usr/local/lib/android/sdk/platforms/android-34-ext10/data/res/values-mcc310-mnc200-ja: Cannot utime: Operation not permitted
build	Cache Android SDK	2026-06-06T12:22:48.0479876Z /usr/bin/tar: ../../../../../usr/local/lib/android/sdk/platforms/android-34-ext10/data/res/values-mcc310-mnc200-ja: Cannot change mode to rwxr-xr-x: Operation not permitted
build	Cache Android SDK	2026-06-06T12:22:48.0484744Z /usr/bin/tar: ../../../../../usr/local/lib/android/sdk/platforms/android-34-ext10/data/res/values-eu: Cannot utime: Operation not permitted
build	Cache Android SDK	2026-06-06T12:22:48.0485212Z /usr/bin/tar: ../../../../../usr/local/lib/android/sdk/platforms/android-34-ext10/data/res/values-eu: Cannot change mode to rwxr-xr-x: Operation not permitted
build	Cache Android SDK	2026-06-06T12:22:48.0487950Z /usr/bin/tar: ../../../../../usr/local/lib/android/sdk/platforms/android-34-ext10/data/res/values-mcc310-mnc160-ms: Cannot utime: Operation not permitted
build	Cache Android SDK	2026-06-06T12:22:48.0488607Z /usr/bin/tar: ../../../../../usr/local/lib/android/sdk/platforms/android-34-ext10/data/res/values-mcc310-mnc160-ms: Cannot change mode to rwxr-xr-x: Operation not permitted
build	Cache Android SDK	2026-06-06T12:22:48.0490861Z /usr/bin/tar: ../../../../../usr/local/lib/android/sdk/platforms/android-34-ext10/data/res/values-mcc310-mnc240-az: Cannot utime: Operation not permitted
build	Cache Android SDK	2026-06-06T12:22:48.0491337Z /usr/bin/tar: ../../../../../usr/local/lib/android/sdk/platforms/android-34-ext10/data/res/values-mcc310-mnc240-az: Cannot change mode to rwxr-xr-x: Operation not permitted
build	Cache Android SDK	2026-06-06T12:22:48.0494254Z /usr/bin/tar: ../../../../../usr/local/lib/android/sdk/platforms/android-34-ext10/data/res/values-mcc310-mnc220-kk: Cannot utime: Operation not permitted
build	Cache Android SDK	2026-06-06T12:22:48.0494722Z /usr/bin/tar: ../../../../../usr/local/lib/android/sdk/platforms/android-34-ext10/data/res/values-mcc310-mnc220-kk: Cannot change mode to rwxr-xr-x: Operation not permitted
build	Cache Android SDK	2026-06-06T12:22:48.0497229Z /usr/bin/tar: ../../../../../usr/local/lib/android/sdk/platforms/android-34-ext10/data/res/values-mcc310-mnc200-ru: Cannot utime: Operation not permitted
build	Cache Android SDK	2026-06-06T12:22:48.0497933Z /usr/bin/tar: ../../../../../usr/local/lib/android/sdk/platforms/android-34-ext10/data/res/values-mcc310-mnc200-ru: Cannot change mode to rwxr-xr-x: Operation not permitted
build	Cache Android SDK	2026-06-06T12:22:48.0500281Z /usr/bin/tar: ../../../../../usr/local/lib/android/sdk/platforms/android-34-ext10/data/res/values-mcc001-mnc01-da: Cannot utime: Operation not permitted
build	Cache Android SDK	2026-06-06T12:22:48.0500747Z /usr/bin/tar: ../../../../../usr/local/lib/android/sdk/platforms/android-34-ext10/data/res/values-mcc001-mnc01-da: Cannot change mode to rwxr-xr-x: Operation not permitted
build	Cache Android SDK	2026-06-06T12:22:48.0503119Z /usr/bin/tar: ../../../../../usr/local/lib/android/sdk/platforms/android-34-ext10/data/res/values-mcc310-mnc160-it: Cannot utime: Operation not permitted
build	Cache Android SDK	2026-06-06T12:22:48.0503666Z /usr/bin/tar: ../../../../../usr/local/lib/android/sdk/platforms/android-34-ext10/data/res/values-mcc310-mnc160-it: Cannot change mode to rwxr-xr-x: Operation not permitted
build	Cache Android SDK	2026-06-06T12:22:48.0506332Z /usr/bin/tar: ../../../../../usr/local/lib/android/sdk/platforms/android-34-ext10/data/res/values-mcc310-mnc200-sq: Cannot utime: Operation not permitted
build	Cache Android SDK	2026-06-06T12:22:48.0506797Z /usr/bin/tar: ../../../../../usr/local/lib/android/sdk/platforms/android-34-ext10/data/res/values-mcc310-mnc200-sq: Cannot change mode to rwxr-xr-x: Operation not permitted
build	Cache Android SDK	2026-06-06T12:22:48.0509573Z /usr/bin/tar: ../../../../../usr/local/lib/android/sdk/platforms/android-34-ext10/data/res/values-mcc302-mnc370-b+sr+Latn: Cannot utime: Operation not permitted
build	Cache Android SDK	2026-06-06T12:22:48.0510072Z /usr/bin/tar: ../../../../../usr/local/lib/android/sdk/platforms/android-34-ext10/data/res/values-mcc302-mnc370-b+sr+Latn: Cannot change mode to rwxr-xr-x: Operation not permitted
build	Cache Android SDK	2026-06-06T12:22:48.0512481Z /usr/bin/tar: ../../../../../usr/local/lib/android/sdk/platforms/android-34-ext10/data/res/values-mcc302-mnc720-am: Cannot utime: Operation not permitted
build	Cache Android SDK	2026-06-06T12:22:48.0512952Z /usr/bin/tar: ../../../../../usr/local/lib/android/sdk/platforms/android-34-ext10/data/res/values-mcc302-mnc720-am: Cannot change mode to rwxr-xr-x: Operation not permitted
build	Cache Android SDK	2026-06-06T12:22:48.0526167Z /usr/bin/tar: ../../../../../usr/local/lib/android/sdk/platforms/android-34-ext10/data/res/values-mcc310-mnc210-ru: Cannot utime: Operation not permitted
build	Cache Android SDK	2026-06-06T12:22:48.0527097Z /usr/bin/tar: ../../../../../usr/local/lib/android/sdk/platforms/android-34-ext10/data/res/values-mcc310-mnc210-ru: Cannot change mode to rwxr-xr-x: Operation not permitted
build	Cache Android SDK	2026-06-06T12:22:48.0527841Z /usr/bin/tar: ../../../../../usr/local/lib/android/sdk/platforms/android-34-ext10/data/res/values-mcc311-mnc180-sv: Cannot utime: Operation not permitted
build	Cache Android SDK	2026-06-06T12:22:48.0528348Z /usr/bin/tar: ../../../../../usr/local/lib/android/sdk/platforms/android-34-ext10/data/res/values-mcc311-mnc180-sv: Cannot change mode to rwxr-xr-x: Operation not permitted
build	Cache Android SDK	2026-06-06T12:22:48.0529065Z /usr/bin/tar: ../../../../../usr/local/lib/android/sdk/platforms/android-34-ext10/data/res/values-mcc312-mnc670-pt-rBR: Cannot utime: Operation not permitted
build	Cache Android SDK	2026-06-06T12:22:48.0529853Z /usr/bin/tar: ../../../../../usr/local/lib/android/sdk/platforms/android-34-ext10/data/res/values-mcc312-mnc670-pt-rBR: Cannot change mode to rwxr-xr-x: Operation not permitted
build	Cache Android SDK	2026-06-06T12:22:48.0530272Z /usr/bin/tar: ../../../../../usr/local/lib/android/sdk/platforms/android-34-ext10/data/res/values-mcc313-mnc100-km: Cannot utime: Operation not permitted
build	Cache Android SDK	2026-06-06T12:22:48.0530738Z /usr/bin/tar: ../../../../../usr/local/lib/android/sdk/platforms/android-34-ext10/data/res/values-mcc313-mnc100-km: Cannot change mode to rwxr-xr-x: Operation not permitted
build	Cache Android SDK	2026-06-06T12:22:48.0533675Z /usr/bin/tar: ../../../../../usr/local/lib/android/sdk/platforms/android-34-ext10/data/res/values-mcc310-mnc170-ur: Cannot utime: Operation not permitted
build	Cache Android SDK	2026-06-06T12:22:48.0534249Z /usr/bin/tar: ../../../../../usr/local/lib/android/sdk/platforms/android-34-ext10/data/res/values-mcc310-mnc170-ur: Cannot change mode to rwxr-xr-x: Operation not permitted
build	Cache Android SDK	2026-06-06T12:22:48.0537008Z /usr/bin/tar: ../../../../../usr/local/lib/android/sdk/platforms/android-34-ext10/data/res/values-mcc310-mnc380-bn: Cannot utime: Operation not permitted
build	Cache Android SDK	2026-06-06T12:22:48.0537709Z /usr/bin/tar: ../../../../../usr/local/lib/android/sdk/platforms/android-34-ext10/data/res/values-mcc310-mnc380-bn: Cannot change mode to rwxr-xr-x: Operation not permitted
build	Cache Android SDK	2026-06-06T12:22:48.0541024Z /usr/bin/tar: ../../../../../usr/local/lib/android/sdk/platforms/android-34-ext10/data/res/values-mcc310-mnc160-pt-rBR: Cannot utime: Operation not permitted
build	Cache Android SDK	2026-06-06T12:22:48.0541524Z /usr/bin/tar: ../../../../../usr/local/lib/android/sdk/platforms/android-34-ext10/data/res/values-mcc310-mnc160-pt-rBR: Cannot change mode to rwxr-xr-x: Operation not permitted
build	Cache Android SDK	2026-06-06T12:22:48.0544591Z /usr/bin/tar: ../../../../../usr/local/lib/android/sdk/platforms/android-34-ext10/data/res/values-mcc313-mnc100-ka: Cannot utime: Operation not permitted
build	Cache Android SDK	2026-06-06T12:22:48.0545066Z /usr/bin/tar: ../../../../../usr/local/lib/android/sdk/platforms/android-34-ext10/data/res/values-mcc313-mnc100-ka: Cannot change mode to rwxr-xr-x: Operation not permitted
build	Cache Android SDK	2026-06-06T12:22:48.0547730Z /usr/bin/tar: ../../../../../usr/local/lib/android/sdk/platforms/android-34-ext10/data/res/values-mcc001-mnc01-ar: Cannot utime: Operation not permitted
build	Cache Android SDK	2026-06-06T12:22:48.0548207Z /usr/bin/tar: ../../../../../usr/local/lib/android/sdk/platforms/android-34-ext10/data/res/values-mcc001-mnc01-ar: Cannot change mode to rwxr-xr-x: Operation not permitted
build	Cache Android SDK	2026-06-06T12:22:48.0551490Z /usr/bin/tar: ../../../../../usr/local/lib/android/sdk/platforms/android-34-ext10/data/res/values-mcc312-mnc670-da: Cannot utime: Operation not permitted
build	Cache Android SDK	2026-06-06T12:22:48.0551961Z /usr/bin/tar: ../../../../../usr/local/lib/android/sdk/platforms/android-34-ext10/data/res/values-mcc312-mnc670-da: Cannot change mode to rwxr-xr-x: Operation not permitted
build	Cache Android SDK	2026-06-06T12:22:48.0554963Z /usr/bin/tar: ../../../../../usr/local/lib/android/sdk/platforms/android-34-ext10/data/res/values-mcc001-mnc01-is: Cannot utime: Operation not permitted
build	Cache Android SDK	2026-06-06T12:22:48.0555435Z /usr/bin/tar: ../../../../../usr/local/lib/android/sdk/platforms/android-34-ext10/data/res/values-mcc001-mnc01-is: Cannot change mode to rwxr-xr-x: Operation not permitted
build	Cache Android SDK	2026-06-06T12:22:48.0558145Z /usr/bin/tar: ../../../../../usr/local/lib/android/sdk/platforms/android-34-ext10/data/res/values-mcc310-mnc280-mn: Cannot utime: Operation not permitted
build	Cache Android SDK	2026-06-06T12:22:48.0558615Z /usr/bin/tar: ../../../../../usr/local/lib/android/sdk/platforms/android-34-ext10/data/res/values-mcc310-mnc280-mn: Cannot change mode to rwxr-xr-x: Operation not permitted
build	Cache Android SDK	2026-06-06T12:22:48.0561864Z /usr/bin/tar: ../../../../../usr/local/lib/android/sdk/platforms/android-34-ext10/data/res/values-mcc311-mnc180-es: Cannot utime: Operation not permitted
build	Cache Android SDK	2026-06-06T12:22:48.0562437Z /usr/bin/tar: ../../../../../usr/local/lib/android/sdk/platforms/android-34-ext10/data/res/values-mcc311-mnc180-es: Cannot change mode to rwxr-xr-x: Operation not permitted
build	Cache Android SDK	2026-06-06T12:22:48.0565143Z /usr/bin/tar: ../../../../../usr/local/lib/android/sdk/platforms/android-34-ext10/data/res/values-mcc310-mnc270-uz: Cannot utime: Operation not permitted
build	Cache Android SDK	2026-06-06T12:22:48.0565611Z /usr/bin/tar: ../../../../../usr/local/lib/android/sdk/platforms/android-34-ext10/data/res/values-mcc310-mnc270-uz: Cannot change mode to rwxr-xr-x: Operation not permitted
build	Cache Android SDK	2026-06-06T12:22:48.0568565Z /usr/bin/tar: ../../../../../usr/local/lib/android/sdk/platforms/android-34-ext10/data/res/values-mcc310-mnc220-fr-rCA: Cannot utime: Operation not permitted
build	Cache Android SDK	2026-06-06T12:22:48.0569060Z /usr/bin/tar: ../../../../../usr/local/lib/android/sdk/platforms/android-34-ext10/data/res/values-mcc310-mnc220-fr-rCA: Cannot change mode to rwxr-xr-x: Operation not permitted
build	Cache Android SDK	2026-06-06T12:22:48.0572332Z /usr/bin/tar: ../../../../../usr/local/lib/android/sdk/platforms/android-34-ext10/data/res/values-mcc001-mnc01-af: Cannot utime: Operation not permitted
build	Cache Android SDK	2026-06-06T12:22:48.0573681Z /usr/bin/tar: ../../../../../usr/local/lib/android/sdk/platforms/android-34-ext10/data/res/values-mcc001-mnc01-af: Cannot change mode to rwxr-xr-x: Operation not permitted
build	Cache Android SDK	2026-06-06T12:22:48.0575792Z /usr/bin/tar: ../../../../../usr/local/lib/android/sdk/platforms/android-34-ext10/data/res/values-mcc310-mnc280-fi: Cannot utime: Operation not permitted
build	Cache Android SDK	2026-06-06T12:22:48.0576263Z /usr/bin/tar: ../../../../../usr/local/lib/android/sdk/platforms/android-34-ext10/data/res/values-mcc310-mnc280-fi: Cannot change mode to rwxr-xr-x: Operation not permitted
build	Cache Android SDK	2026-06-06T12:22:48.0579318Z /usr/bin/tar: ../../../../../usr/local/lib/android/sdk/platforms/android-34-ext10/data/res/values-fr-rFR: Cannot utime: Operation not permitted
build	Cache Android SDK	2026-06-06T12:22:48.0579843Z /usr/bin/tar: ../../../../../usr/local/lib/android/sdk/platforms/android-34-ext10/data/res/values-fr-rFR: Cannot change mode to rwxr-xr-x: Operation not permitted
build	Cache Android SDK	2026-06-06T12:22:48.0582934Z /usr/bin/tar: ../../../../../usr/local/lib/android/sdk/platforms/android-34-ext10/data/res/values-mcc310-mnc380-sw: Cannot utime: Operation not permitted
build	Cache Android SDK	2026-06-06T12:22:48.0583434Z /usr/bin/tar: ../../../../../usr/local/lib/android/sdk/platforms/android-34-ext10/data/res/values-mcc310-mnc380-sw: Cannot change mode to rwxr-xr-x: Operation not permitted
build	Cache Android SDK	2026-06-06T12:22:48.0586464Z /usr/bin/tar: ../../../../../usr/local/lib/android/sdk/platforms/android-34-ext10/data/res/values-mcc310-mnc270-de: Cannot utime: Operation not permitted
build	Cache Android SDK	2026-06-06T12:22:48.0586940Z /usr/bin/tar: ../../../../../usr/local/lib/android/sdk/platforms/android-34-ext10/data/res/values-mcc310-mnc270-de: Cannot change mode to rwxr-xr-x: Operation not permitted
build	Cache Android SDK	2026-06-06T12:22:48.0589807Z /usr/bin/tar: ../../../../../usr/local/lib/android/sdk/platforms/android-34-ext10/data/res/values-mcc310-mnc030-ta: Cannot utime: Operation not permitted
build	Cache Android SDK	2026-06-06T12:22:48.0590306Z /usr/bin/tar: ../../../../../usr/local/lib/android/sdk/platforms/android-34-ext10/data/res/values-mcc310-mnc030-ta: Cannot change mode to rwxr-xr-x: Operation not permitted
build	Cache Android SDK	2026-06-06T12:22:48.0593190Z /usr/bin/tar: ../../../../../usr/local/lib/android/sdk/platforms/android-34-ext10/data/res/values-mcc310-mnc800-si: Cannot utime: Operation not permitted
build	Cache Android SDK	2026-06-06T12:22:48.0593648Z /usr/bin/tar: ../../../../../usr/local/lib/android/sdk/platforms/android-34-ext10/data/res/values-mcc310-mnc800-si: Cannot change mode to rwxr-xr-x: Operation not permitted
build	Cache Android SDK	2026-06-06T12:22:48.0596457Z /usr/bin/tar: ../../../../../usr/local/lib/android/sdk/platforms/android-34-ext10/data/res/values-mcc310-mnc660-zu: Cannot utime: Operation not permitted
build	Cache Android SDK	2026-06-06T12:22:48.0596928Z /usr/bin/tar: ../../../../../usr/local/lib/android/sdk/platforms/android-34-ext10/data/res/values-mcc310-mnc660-zu: Cannot change mode to rwxr-xr-x: Operation not permitted
build	Cache Android SDK	2026-06-06T12:22:48.0599621Z /usr/bin/tar: ../../../../../usr/local/lib/android/sdk/platforms/android-34-ext10/data/res/values-mcc310-mnc310-es-rUS: Cannot utime: Operation not permitted
build	Cache Android SDK	2026-06-06T12:22:48.0600120Z /usr/bin/tar: ../../../../../usr/local/lib/android/sdk/platforms/android-34-ext10/data/res/values-mcc310-mnc310-es-rUS: Cannot change mode to rwxr-xr-x: Operation not permitted
build	Cache Android SDK	2026-06-06T12:22:48.0602472Z /usr/bin/tar: ../../../../../usr/local/lib/android/sdk/platforms/android-34-ext10/data/res/values-mcc311-mnc180-ky: Cannot utime: Operation not permitted
build	Cache Android SDK	2026-06-06T12:22:48.0602937Z /usr/bin/tar: ../../../../../usr/local/lib/android/sdk/platforms/android-34-ext10/data/res/values-mcc311-mnc180-ky: Cannot change mode to rwxr-xr-x: Operation not permitted
build	Cache Android SDK	2026-06-06T12:22:48.0605791Z /usr/bin/tar: ../../../../../usr/local/lib/android/sdk/platforms/android-34-ext10/data/res/values-mcc310-mnc490-fi: Cannot utime: Operation not permitted
build	Cache Android SDK	2026-06-06T12:22:48.0606268Z /usr/bin/tar: ../../../../../usr/local/lib/android/sdk/platforms/android-34-ext10/data/res/values-mcc310-mnc490-fi: Cannot change mode to rwxr-xr-x: Operation not permitted
build	Cache Android SDK	2026-06-06T12:22:48.0608964Z /usr/bin/tar: ../../../../../usr/local/lib/android/sdk/platforms/android-34-ext10/data/res/values-mcc310-mnc310-hi: Cannot utime: Operation not permitted
build	Cache Android SDK	2026-06-06T12:22:48.0609439Z /usr/bin/tar: ../../../../../usr/local/lib/android/sdk/platforms/android-34-ext10/data/res/values-mcc310-mnc310-hi: Cannot change mode to rwxr-xr-x: Operation not permitted
build	Cache Android SDK	2026-06-06T12:22:48.0611922Z /usr/bin/tar: ../../../../../usr/local/lib/android/sdk/platforms/android-34-ext10/data/res/values-mcc302-mnc720-nl: Cannot utime: Operation not permitted
build	Cache Android SDK	2026-06-06T12:22:48.0612385Z /usr/bin/tar: ../../../../../usr/local/lib/android/sdk/platforms/android-34-ext10/data/res/values-mcc302-mnc720-nl: Cannot change mode to rwxr-xr-x: Operation not permitted
build	Cache Android SDK	2026-06-06T12:22:48.0614932Z /usr/bin/tar: ../../../../../usr/local/lib/android/sdk/platforms/android-34-ext10/data/res/values-mcc310-mnc170-lo: Cannot utime: Operation not permitted
build	Cache Android SDK	2026-06-06T12:22:48.0615490Z /usr/bin/tar: ../../../../../usr/local/lib/android/sdk/platforms/android-34-ext10/data/res/values-mcc310-mnc170-lo: Cannot change mode to rwxr-xr-x: Operation not permitted
build	Cache Android SDK	2026-06-06T12:22:48.0618462Z /usr/bin/tar: ../../../../../usr/local/lib/android/sdk/platforms/android-34-ext10/data/res/values-mcc310-mnc380-fi: Cannot utime: Operation not permitted
build	Cache Android SDK	2026-06-06T12:22:48.0618936Z /usr/bin/tar: ../../../../../usr/local/lib/android/sdk/platforms/android-34-ext10/data/res/values-mcc310-mnc380-fi: Cannot change mode to rwxr-xr-x: Operation not permitted
build	Cache Android SDK	2026-06-06T12:22:48.0621848Z /usr/bin/tar: ../../../../../usr/local/lib/android/sdk/platforms/android-34-ext10/data/res/values-mcc310-mnc150-kn: Cannot utime: Operation not permitted
build	Cache Android SDK	2026-06-06T12:22:48.0622310Z /usr/bin/tar: ../../../../../usr/local/lib/android/sdk/platforms/android-34-ext10/data/res/values-mcc310-mnc150-kn: Cannot change mode to rwxr-xr-x: Operation not permitted
build	Cache Android SDK	2026-06-06T12:22:48.0624941Z /usr/bin/tar: ../../../../../usr/local/lib/android/sdk/platforms/android-34-ext10/data/res/values-mcc310-mnc170: Cannot utime: Operation not permitted
build	Cache Android SDK	2026-06-06T12:22:48.0625408Z /usr/bin/tar: ../../../../../usr/local/lib/android/sdk/platforms/android-34-ext10/data/res/values-mcc310-mnc170: Cannot change mode to rwxr-xr-x: Operation not permitted
build	Cache Android SDK	2026-06-06T12:22:48.0627921Z /usr/bin/tar: ../../../../../usr/local/lib/android/sdk/platforms/android-34-ext10/data/res/values-mcc310-mnc150-hy: Cannot utime: Operation not permitted
build	Cache Android SDK	2026-06-06T12:22:48.0628387Z /usr/bin/tar: ../../../../../usr/local/lib/android/sdk/platforms/android-34-ext10/data/res/values-mcc310-mnc150-hy: Cannot change mode to rwxr-xr-x: Operation not permitted
build	Cache Android SDK	2026-06-06T12:22:48.0631154Z /usr/bin/tar: ../../../../../usr/local/lib/android/sdk/platforms/android-34-ext10/data/res/values-mcc310-mnc560-en-rAU: Cannot utime: Operation not permitted
build	Cache Android SDK	2026-06-06T12:22:48.0631651Z /usr/bin/tar: ../../../../../usr/local/lib/android/sdk/platforms/android-34-ext10/data/res/values-mcc310-mnc560-en-rAU: Cannot change mode to rwxr-xr-x: Operation not permitted
build	Cache Android SDK	2026-06-06T12:22:48.0635880Z /usr/bin/tar: ../../../../../usr/local/lib/android/sdk/platforms/android-34-ext10/data/res/values-mcc716-mnc17: Cannot utime: Operation not permitted
build	Cache Android SDK	2026-06-06T12:22:48.0636345Z /usr/bin/tar: ../../../../../usr/local/lib/android/sdk/platforms/android-34-ext10/data/res/values-mcc716-mnc17: Cannot change mode to rwxr-xr-x: Operation not permitted
build	Cache Android SDK	2026-06-06T12:22:48.0639049Z /usr/bin/tar: ../../../../../usr/local/lib/android/sdk/platforms/android-34-ext10/data/res/values-mcc310-mnc560-de: Cannot utime: Operation not permitted
build	Cache Android SDK	2026-06-06T12:22:48.0639519Z /usr/bin/tar: ../../../../../usr/local/lib/android/sdk/platforms/android-34-ext10/data/res/values-mcc310-mnc560-de: Cannot change mode to rwxr-xr-x: Operation not permitted
build	Cache Android SDK	2026-06-06T12:22:48.0642110Z /usr/bin/tar: ../../../../../usr/local/lib/android/sdk/platforms/android-34-ext10/data/res/values-mcc334-mnc020-tl: Cannot utime: Operation not permitted
build	Cache Android SDK	2026-06-06T12:22:48.0642666Z /usr/bin/tar: ../../../../../usr/local/lib/android/sdk/platforms/android-34-ext10/data/res/values-mcc334-mnc020-tl: Cannot change mode to rwxr-xr-x: Operation not permitted
build	Cache Android SDK	2026-06-06T12:22:48.0645393Z /usr/bin/tar: ../../../../../usr/local/lib/android/sdk/platforms/android-34-ext10/data/res/values-mcc310-mnc150-ur: Cannot utime: Operation not permitted
build	Cache Android SDK	2026-06-06T12:22:48.0645866Z /usr/bin/tar: ../../../../../usr/local/lib/android/sdk/platforms/android-34-ext10/data/res/values-mcc310-mnc150-ur: Cannot change mode to rwxr-xr-x: Operation not permitted
build	Cache Android SDK	2026-06-06T12:22:48.0648710Z /usr/bin/tar: ../../../../../usr/local/lib/android/sdk/platforms/android-34-ext10/data/res/values-mcc310-mnc250-fr: Cannot utime: Operation not permitted
build	Cache Android SDK	2026-06-06T12:22:48.0649186Z /usr/bin/tar: ../../../../../usr/local/lib/android/sdk/platforms/android-34-ext10/data/res/values-mcc310-mnc250-fr: Cannot change mode to rwxr-xr-x: Operation not permitted
build	Cache Android SDK	2026-06-06T12:22:48.0651476Z /usr/bin/tar: ../../../../../usr/local/lib/android/sdk/platforms/android-34-ext10/data/res/values-mcc310-mnc950-tl: Cannot utime: Operation not permitted
build	Cache Android SDK	2026-06-06T12:22:48.0651953Z /usr/bin/tar: ../../../../../usr/local/lib/android/sdk/platforms/android-34-ext10/data/res/values-mcc310-mnc950-tl: Cannot change mode to rwxr-xr-x: Operation not permitted
build	Cache Android SDK	2026-06-06T12:22:48.0654686Z /usr/bin/tar: ../../../../../usr/local/lib/android/sdk/platforms/android-34-ext10/data/res/values-mcc310-mnc160-fr: Cannot utime: Operation not permitted
build	Cache Android SDK	2026-06-06T12:22:48.0655225Z /usr/bin/tar: ../../../../../usr/local/lib/android/sdk/platforms/android-34-ext10/data/res/values-mcc310-mnc160-fr: Cannot change mode to rwxr-xr-x: Operation not permitted
build	Cache Android SDK	2026-06-06T12:22:48.0658463Z /usr/bin/tar: ../../../../../usr/local/lib/android/sdk/platforms/android-34-ext10/data/res/values-mcc313-mnc100-en-rGB: Cannot utime: Operation not permitted
build	Cache Android SDK	2026-06-06T12:22:48.0658968Z /usr/bin/tar: ../../../../../usr/local/lib/android/sdk/platforms/android-34-ext10/data/res/values-mcc313-mnc100-en-rGB: Cannot change mode to rwxr-xr-x: Operation not permitted
build	Cache Android SDK	2026-06-06T12:22:48.0661392Z /usr/bin/tar: ../../../../../usr/local/lib/android/sdk/platforms/android-34-ext10/data/res/values-mcc310-mnc560-gl: Cannot utime: Operation not permitted
build	Cache Android SDK	2026-06-06T12:22:48.0661863Z /usr/bin/tar: ../../../../../usr/local/lib/android/sdk/platforms/android-34-ext10/data/res/values-mcc310-mnc560-gl: Cannot change mode to rwxr-xr-x: Operation not permitted
build	Cache Android SDK	2026-06-06T12:22:48.0664874Z /usr/bin/tar: ../../../../../usr/local/lib/android/sdk/platforms/android-34-ext10/data/res/values-mcc310-mnc560-lo: Cannot utime: Operation not permitted
build	Cache Android SDK	2026-06-06T12:22:48.0665336Z /usr/bin/tar: ../../../../../usr/local/lib/android/sdk/platforms/android-34-ext10/data/res/values-mcc310-mnc560-lo: Cannot change mode to rwxr-xr-x: Operation not permitted
build	Cache Android SDK	2026-06-06T12:22:48.0668688Z /usr/bin/tar: ../../../../../usr/local/lib/android/sdk/platforms/android-34-ext10/data/res/values-mcc310-mnc160-pl: Cannot utime: Operation not permitted
build	Cache Android SDK	2026-06-06T12:22:48.0669296Z /usr/bin/tar: ../../../../../usr/local/lib/android/sdk/platforms/android-34-ext10/data/res/values-mcc310-mnc160-pl: Cannot change mode to rwxr-xr-x: Operation not permitted
build	Cache Android SDK	2026-06-06T12:22:48.0671932Z /usr/bin/tar: ../../../../../usr/local/lib/android/sdk/platforms/android-34-ext10/data/res/values-mcc310-mnc250-ca: Cannot utime: Operation not permitted
build	Cache Android SDK	2026-06-06T12:22:48.0672416Z /usr/bin/tar: ../../../../../usr/local/lib/android/sdk/platforms/android-34-ext10/data/res/values-mcc310-mnc250-ca: Cannot change mode to rwxr-xr-x: Operation not permitted
build	Cache Android SDK	2026-06-06T12:22:48.0674992Z /usr/bin/tar: ../../../../../usr/local/lib/android/sdk/platforms/android-34-ext10/data/res/values-mcc310-mnc240-pt-rPT: Cannot utime: Operation not permitted
build	Cache Android SDK	2026-06-06T12:22:48.0675498Z /usr/bin/tar: ../../../../../usr/local/lib/android/sdk/platforms/android-34-ext10/data/res/values-mcc310-mnc240-pt-rPT: Cannot change mode to rwxr-xr-x: Operation not permitted
build	Cache Android SDK	2026-06-06T12:22:48.0677707Z /usr/bin/tar: ../../../../../usr/local/lib/android/sdk/platforms/android-34-ext10/data/res/values-mcc310-mnc560-in: Cannot utime: Operation not permitted
build	Cache Android SDK	2026-06-06T12:22:48.0678267Z /usr/bin/tar: ../../../../../usr/local/lib/android/sdk/platforms/android-34-ext10/data/res/values-mcc310-mnc560-in: Cannot change mode to rwxr-xr-x: Operation not permitted
build	Cache Android SDK	2026-06-06T12:22:48.0680305Z /usr/bin/tar: ../../../../../usr/local/lib/android/sdk/platforms/android-34-ext10/data/res/values-mcc425-mnc07: Cannot utime: Operation not permitted
build	Cache Android SDK	2026-06-06T12:22:48.0680772Z /usr/bin/tar: ../../../../../usr/local/lib/android/sdk/platforms/android-34-ext10/data/res/values-mcc425-mnc07: Cannot change mode to rwxr-xr-x: Operation not permitted
build	Cache Android SDK	2026-06-06T12:22:48.0684214Z /usr/bin/tar: ../../../../../usr/local/lib/android/sdk/platforms/android-34-ext10/data/res/values-mcc311-mnc190: Cannot utime: Operation not permitted
build	Cache Android SDK	2026-06-06T12:22:48.0684835Z /usr/bin/tar: ../../../../../usr/local/lib/android/sdk/platforms/android-34-ext10/data/res/values-mcc311-mnc190: Cannot change mode to rwxr-xr-x: Operation not permitted
build	Cache Android SDK	2026-06-06T12:22:48.0687620Z /usr/bin/tar: ../../../../../usr/local/lib/android/sdk/platforms/android-34-ext10/data/res/values-mcc310-mnc030-cs: Cannot utime: Operation not permitted
build	Cache Android SDK	2026-06-06T12:22:48.0688102Z /usr/bin/tar: ../../../../../usr/local/lib/android/sdk/platforms/android-34-ext10/data/res/values-mcc310-mnc030-cs: Cannot change mode to rwxr-xr-x: Operation not permitted
build	Cache Android SDK	2026-06-06T12:22:48.0690739Z /usr/bin/tar: ../../../../../usr/local/lib/android/sdk/platforms/android-34-ext10/data/res/values-mcc310-mnc250-mr: Cannot utime: Operation not permitted
build	Cache Android SDK	2026-06-06T12:22:48.0691336Z /usr/bin/tar: ../../../../../usr/local/lib/android/sdk/platforms/android-34-ext10/data/res/values-mcc310-mnc250-mr: Cannot change mode to rwxr-xr-x: Operation not permitted
build	Cache Android SDK	2026-06-06T12:22:48.0694336Z /usr/bin/tar: ../../../../../usr/local/lib/android/sdk/platforms/android-34-ext10/data/res/values-mcc310-mnc270-pt-rPT: Cannot utime: Operation not permitted
build	Cache Android SDK	2026-06-06T12:22:48.0694843Z /usr/bin/tar: ../../../../../usr/local/lib/android/sdk/platforms/android-34-ext10/data/res/values-mcc310-mnc270-pt-rPT: Cannot change mode to rwxr-xr-x: Operation not permitted
build	Cache Android SDK	2026-06-06T12:22:48.0696823Z /usr/bin/tar: ../../../../../usr/local/lib/android/sdk/platforms/android-34-ext10/data/res/values-fr-television: Cannot utime: Operation not permitted
build	Cache Android SDK	2026-06-06T12:22:48.0697289Z /usr/bin/tar: ../../../../../usr/local/lib/android/sdk/platforms/android-34-ext10/data/res/values-fr-television: Cannot change mode to rwxr-xr-x: Operation not permitted
build	Cache Android SDK	2026-06-06T12:22:48.0699446Z /usr/bin/tar: ../../../../../usr/local/lib/android/sdk/platforms/android-34-ext10/data/res/values-ar-watch: Cannot utime: Operation not permitted
build	Cache Android SDK	2026-06-06T12:22:48.0699907Z /usr/bin/tar: ../../../../../usr/local/lib/android/sdk/platforms/android-34-ext10/data/res/values-ar-watch: Cannot change mode to rwxr-xr-x: Operation not permitted
build	Cache Android SDK	2026-06-06T12:22:48.0702368Z /usr/bin/tar: ../../../../../usr/local/lib/android/sdk/platforms/android-34-ext10/data/res/values-mcc310-mnc030-es-rUS: Cannot utime: Operation not permitted
build	Cache Android SDK	2026-06-06T12:22:48.0702924Z /usr/bin/tar: ../../../../../usr/local/lib/android/sdk/platforms/android-34-ext10/data/res/values-mcc310-mnc030-es-rUS: Cannot change mode to rwxr-xr-x: Operation not permitted
build	Cache Android SDK	2026-06-06T12:22:48.0705170Z /usr/bin/tar: ../../../../../usr/local/lib/android/sdk/platforms/android-34-ext10/data/res/values-mcc310-mnc030-zh-rTW: Cannot utime: Operation not permitted
build	Cache Android SDK	2026-06-06T12:22:48.0705650Z /usr/bin/tar: ../../../../../usr/local/lib/android/sdk/platforms/android-34-ext10/data/res/values-mcc310-mnc030-zh-rTW: Cannot change mode to rwxr-xr-x: Operation not permitted
build	Cache Android SDK	2026-06-06T12:22:48.0708526Z /usr/bin/tar: ../../../../../usr/local/lib/android/sdk/platforms/android-34-ext10/data/res/values-mcc001-mnc01-en-rIN: Cannot utime: Operation not permitted
build	Cache Android SDK	2026-06-06T12:22:48.0709032Z /usr/bin/tar: ../../../../../usr/local/lib/android/sdk/platforms/android-34-ext10/data/res/values-mcc001-mnc01-en-rIN: Cannot change mode to rwxr-xr-x: Operation not permitted
build	Cache Android SDK	2026-06-06T12:22:48.0711532Z /usr/bin/tar: ../../../../../usr/local/lib/android/sdk/platforms/android-34-ext10/data/res/values-mcc310-mnc310-mk: Cannot utime: Operation not permitted
build	Cache Android SDK	2026-06-06T12:22:48.0712014Z /usr/bin/tar: ../../../../../usr/local/lib/android/sdk/platforms/android-34-ext10/data/res/values-mcc310-mnc310-mk: Cannot change mode to rwxr-xr-x: Operation not permitted
build	Cache Android SDK	2026-06-06T12:22:48.0714245Z /usr/bin/tar: ../../../../../usr/local/lib/android/sdk/platforms/android-34-ext10/data/res/values-mcc302-mnc370-hi: Cannot utime: Operation not permitted
build	Cache Android SDK	2026-06-06T12:22:48.0714720Z /usr/bin/tar: ../../../../../usr/local/lib/android/sdk/platforms/android-34-ext10/data/res/values-mcc302-mnc370-hi: Cannot change mode to rwxr-xr-x: Operation not permitted
build	Cache Android SDK	2026-06-06T12:22:48.0717252Z /usr/bin/tar: ../../../../../usr/local/lib/android/sdk/platforms/android-34-ext10/data/res/values-mcc312-mnc670-uz: Cannot utime: Operation not permitted
build	Cache Android SDK	2026-06-06T12:22:48.0717908Z /usr/bin/tar: ../../../../../usr/local/lib/android/sdk/platforms/android-34-ext10/data/res/values-mcc312-mnc670-uz: Cannot change mode to rwxr-xr-x: Operation not permitted
build	Cache Android SDK	2026-06-06T12:22:48.0720648Z /usr/bin/tar: ../../../../../usr/local/lib/android/sdk/platforms/android-34-ext10/data/res/values-mcc311-mnc180-ml: Cannot utime: Operation not permitted
build	Cache Android SDK	2026-06-06T12:22:48.0721148Z /usr/bin/tar: ../../../../../usr/local/lib/android/sdk/platforms/android-34-ext10/data/res/values-mcc311-mnc180-ml: Cannot change mode to rwxr-xr-x: Operation not permitted
build	Cache Android SDK	2026-06-06T12:22:48.0723726Z /usr/bin/tar: ../../../../../usr/local/lib/android/sdk/platforms/android-34-ext10/data/res/values-zh-rCN-watch: Cannot utime: Operation not permitted
build	Cache Android SDK	2026-06-06T12:22:48.0724190Z /usr/bin/tar: ../../../../../usr/local/lib/android/sdk/platforms/android-34-ext10/data/res/values-zh-rCN-watch: Cannot change mode to rwxr-xr-x: Operation not permitted
build	Cache Android SDK	2026-06-06T12:22:48.0726746Z /usr/bin/tar: ../../../../../usr/local/lib/android/sdk/platforms/android-34-ext10/data/res/values-mcc310-mnc170-kk: Cannot utime: Operation not permitted
build	Cache Android SDK	2026-06-06T12:22:48.0727206Z /usr/bin/tar: ../../../../../usr/local/lib/android/sdk/platforms/android-34-ext10/data/res/values-mcc310-mnc170-kk: Cannot change mode to rwxr-xr-x: Operation not permitted
build	Cache Android SDK	2026-06-06T12:22:48.0730277Z /usr/bin/tar: ../../../../../usr/local/lib/android/sdk/platforms/android-34-ext10/data/res/values-mcc310-mnc660-fi: Cannot utime: Operation not permitted
build	Cache Android SDK	2026-06-06T12:22:48.0730746Z /usr/bin/tar: ../../../../../usr/local/lib/android/sdk/platforms/android-34-ext10/data/res/values-mcc310-mnc660-fi: Cannot change mode to rwxr-xr-x: Operation not permitted
build	Cache Android SDK	2026-06-06T12:22:48.0733206Z /usr/bin/tar: ../../../../../usr/local/lib/android/sdk/platforms/android-34-ext10/data/res/values-mcc310-mnc240-mk: Cannot utime: Operation not permitted
build	Cache Android SDK	2026-06-06T12:22:48.0733683Z /usr/bin/tar: ../../../../../usr/local/lib/android/sdk/platforms/android-34-ext10/data/res/values-mcc310-mnc240-mk: Cannot change mode to rwxr-xr-x: Operation not permitted
build	Cache Android SDK	2026-06-06T12:22:48.0736426Z /usr/bin/tar: ../../../../../usr/local/lib/android/sdk/platforms/android-34-ext10/data/res/values-tl-television: Cannot utime: Operation not permitted
build	Cache Android SDK	2026-06-06T12:22:48.0736906Z /usr/bin/tar: ../../../../../usr/local/lib/android/sdk/platforms/android-34-ext10/data/res/values-tl-television: Cannot change mode to rwxr-xr-x: Operation not permitted
build	Cache Android SDK	2026-06-06T12:22:48.0739584Z /usr/bin/tar: ../../../../../usr/local/lib/android/sdk/platforms/android-34-ext10/data/res/values-mcc310-mnc950-uz: Cannot utime: Operation not permitted
build	Cache Android SDK	2026-06-06T12:22:48.0740055Z /usr/bin/tar: ../../../../../usr/local/lib/android/sdk/platforms/android-34-ext10/data/res/values-mcc310-mnc950-uz: Cannot change mode to rwxr-xr-x: Operation not permitted
build	Cache Android SDK	2026-06-06T12:22:48.0743598Z /usr/bin/tar: ../../../../../usr/local/lib/android/sdk/platforms/android-34-ext10/data/res/color-car: Cannot utime: Operation not permitted
build	Cache Android SDK	2026-06-06T12:22:48.0744097Z /usr/bin/tar: ../../../../../usr/local/lib/android/sdk/platforms/android-34-ext10/data/res/color-car: Cannot change mode to rwxr-xr-x: Operation not permitted
build	Cache Android SDK	2026-06-06T12:22:48.0746612Z /usr/bin/tar: ../../../../../usr/local/lib/android/sdk/platforms/android-34-ext10/data/res/values-mcc310-mnc220-ml: Cannot utime: Operation not permitted
build	Cache Android SDK	2026-06-06T12:22:48.0747080Z /usr/bin/tar: ../../../../../usr/local/lib/android/sdk/platforms/android-34-ext10/data/res/values-mcc310-mnc220-ml: Cannot change mode to rwxr-xr-x: Operation not permitted
build	Cache Android SDK	2026-06-06T12:22:48.0749836Z /usr/bin/tar: ../../../../../usr/local/lib/android/sdk/platforms/android-34-ext10/data/res/values-mcc310-mnc160-zh-rCN: Cannot utime: Operation not permitted
build	Cache Android SDK	2026-06-06T12:22:48.0750323Z /usr/bin/tar: ../../../../../usr/local/lib/android/sdk/platforms/android-34-ext10/data/res/values-mcc310-mnc160-zh-rCN: Cannot change mode to rwxr-xr-x: Operation not permitted
build	Cache Android SDK	2026-06-06T12:22:48.0752882Z /usr/bin/tar: ../../../../../usr/local/lib/android/sdk/platforms/android-34-ext10/data/res/values-mcc310-mnc160-sl: Cannot utime: Operation not permitted
build	Cache Android SDK	2026-06-06T12:22:48.0753355Z /usr/bin/tar: ../../../../../usr/local/lib/android/sdk/platforms/android-34-ext10/data/res/values-mcc310-mnc160-sl: Cannot change mode to rwxr-xr-x: Operation not permitted
build	Cache Android SDK	2026-06-06T12:22:48.0755874Z /usr/bin/tar: ../../../../../usr/local/lib/android/sdk/platforms/android-34-ext10/data/res/values-mcc310-mnc410-bn: Cannot utime: Operation not permitted
build	Cache Android SDK	2026-06-06T12:22:48.0756341Z /usr/bin/tar: ../../../../../usr/local/lib/android/sdk/platforms/android-34-ext10/data/res/values-mcc310-mnc410-bn: Cannot change mode to rwxr-xr-x: Operation not permitted
build	Cache Android SDK	2026-06-06T12:22:48.0759115Z /usr/bin/tar: ../../../../../usr/local/lib/android/sdk/platforms/android-34-ext10/data/res/values-mcc310-mnc380-da: Cannot utime: Operation not permitted
build	Cache Android SDK	2026-06-06T12:22:48.0759595Z /usr/bin/tar: ../../../../../usr/local/lib/android/sdk/platforms/android-34-ext10/data/res/values-mcc310-mnc380-da: Cannot change mode to rwxr-xr-x: Operation not permitted
build	Cache Android SDK	2026-06-06T12:22:48.0762170Z /usr/bin/tar: ../../../../../usr/local/lib/android/sdk/platforms/android-34-ext10/data/res/values-mcc310-mnc950-nb: Cannot utime: Operation not permitted
build	Cache Android SDK	2026-06-06T12:22:48.0762638Z /usr/bin/tar: ../../../../../usr/local/lib/android/sdk/platforms/android-34-ext10/data/res/values-mcc310-mnc950-nb: Cannot change mode to rwxr-xr-x: Operation not permitted
build	Cache Android SDK	2026-06-06T12:22:48.0764820Z /usr/bin/tar: ../../../../../usr/local/lib/android/sdk/platforms/android-34-ext10/data/res/values-mcc001-mnc01-hr: Cannot utime: Operation not permitted
build	Cache Android SDK	2026-06-06T12:22:48.0765294Z /usr/bin/tar: ../../../../../usr/local/lib/android/sdk/platforms/android-34-ext10/data/res/values-mcc001-mnc01-hr: Cannot change mode to rwxr-xr-x: Operation not permitted
build	Cache Android SDK	2026-06-06T12:22:48.0772373Z /usr/bin/tar: ../../../../../usr/local/lib/android/sdk/platforms/android-34-ext10/data/res/values-sr: Cannot utime: Operation not permitted
build	Cache Android SDK	2026-06-06T12:22:48.0772910Z /usr/bin/tar: ../../../../../usr/local/lib/android/sdk/platforms/android-34-ext10/data/res/values-sr: Cannot change mode to rwxr-xr-x: Operation not permitted
build	Cache Android SDK	2026-06-06T12:22:48.0775690Z /usr/bin/tar: ../../../../../usr/local/lib/android/sdk/platforms/android-34-ext10/data/res/values-mcc310-mnc660-ca: Cannot utime: Operation not permitted
build	Cache Android SDK	2026-06-06T12:22:48.0776157Z /usr/bin/tar: ../../../../../usr/local/lib/android/sdk/platforms/android-34-ext10/data/res/values-mcc310-mnc660-ca: Cannot change mode to rwxr-xr-x: Operation not permitted
build	Cache Android SDK	2026-06-06T12:22:48.0778869Z /usr/bin/tar: ../../../../../usr/local/lib/android/sdk/platforms/android-34-ext10/data/res/values-mcc310-mnc380-cs: Cannot utime: Operation not permitted
build	Cache Android SDK	2026-06-06T12:22:48.0779346Z /usr/bin/tar: ../../../../../usr/local/lib/android/sdk/platforms/android-34-ext10/data/res/values-mcc310-mnc380-cs: Cannot change mode to rwxr-xr-x: Operation not permitted
build	Cache Android SDK	2026-06-06T12:22:48.0782184Z /usr/bin/tar: ../../../../../usr/local/lib/android/sdk/platforms/android-34-ext10/data/res/values-mcc310-mnc280-gl: Cannot utime: Operation not permitted
build	Cache Android SDK	2026-06-06T12:22:48.0782747Z /usr/bin/tar: ../../../../../usr/local/lib/android/sdk/platforms/android-34-ext10/data/res/values-mcc310-mnc280-gl: Cannot change mode to rwxr-xr-x: Operation not permitted
build	Cache Android SDK	2026-06-06T12:22:48.0785440Z /usr/bin/tar: ../../../../../usr/local/lib/android/sdk/platforms/android-34-ext10/data/res/values-mcc310-mnc280-ml: Cannot utime: Operation not permitted
build	Cache Android SDK	2026-06-06T12:22:48.0785903Z /usr/bin/tar: ../../../../../usr/local/lib/android/sdk/platforms/android-34-ext10/data/res/values-mcc310-mnc280-ml: Cannot change mode to rwxr-xr-x: Operation not permitted
build	Cache Android SDK	2026-06-06T12:22:48.0788552Z /usr/bin/tar: ../../../../../usr/local/lib/android/sdk/platforms/android-34-ext10/data/res/values-mcc310-mnc950-be: Cannot utime: Operation not permitted
build	Cache Android SDK	2026-06-06T12:22:48.0789078Z /usr/bin/tar: ../../../../../usr/local/lib/android/sdk/platforms/android-34-ext10/data/res/values-mcc310-mnc950-be: Cannot change mode to rwxr-xr-x: Operation not permitted
build	Cache Android SDK	2026-06-06T12:22:48.0791536Z /usr/bin/tar: ../../../../../usr/local/lib/android/sdk/platforms/android-34-ext10/data/res/values-mcc334-mnc020-el: Cannot utime: Operation not permitted
build	Cache Android SDK	2026-06-06T12:22:48.0791993Z /usr/bin/tar: ../../../../../usr/local/lib/android/sdk/platforms/android-34-ext10/data/res/values-mcc334-mnc020-el: Cannot change mode to rwxr-xr-x: Operation not permitted
build	Cache Android SDK	2026-06-06T12:22:48.0795322Z /usr/bin/tar: ../../../../../usr/local/lib/android/sdk/platforms/android-34-ext10/data/res/values-mcc313-mnc100-tl: Cannot utime: Operation not permitted
build	Cache Android SDK	2026-06-06T12:22:48.0796490Z /usr/bin/tar: ../../../../../usr/local/lib/android/sdk/platforms/android-34-ext10/data/res/values-mcc313-mnc100-tl: Cannot change mode to rwxr-xr-x: Operation not permitted
build	Cache Android SDK	2026-06-06T12:22:48.0798648Z /usr/bin/tar: ../../../../../usr/local/lib/android/sdk/platforms/android-34-ext10/data/res/values-mcc310-mnc800-mr: Cannot utime: Operation not permitted
build	Cache Android SDK	2026-06-06T12:22:48.0799771Z /usr/bin/tar: ../../../../../usr/local/lib/android/sdk/platforms/android-34-ext10/data/res/values-mcc310-mnc800-mr: Cannot change mode to rwxr-xr-x: Operation not permitted
build	Cache Android SDK	2026-06-06T12:22:48.0802178Z /usr/bin/tar: ../../../../../usr/local/lib/android/sdk/platforms/android-34-ext10/data/res/values-mcc310-mnc150-pa: Cannot utime: Operation not permitted
build	Cache Android SDK	2026-06-06T12:22:48.0803231Z /usr/bin/tar: ../../../../../usr/local/lib/android/sdk/platforms/android-34-ext10/data/res/values-mcc310-mnc150-pa: Cannot change mode to rwxr-xr-x: Operation not permitted
build	Cache Android SDK	2026-06-06T12:22:48.0806081Z /usr/bin/tar: ../../../../../usr/local/lib/android/sdk/platforms/android-34-ext10/data/res/values-hr-rHR: Cannot utime: Operation not permitted
build	Cache Android SDK	2026-06-06T12:22:48.0807218Z /usr/bin/tar: ../../../../../usr/local/lib/android/sdk/platforms/android-34-ext10/data/res/values-hr-rHR: Cannot change mode to rwxr-xr-x: Operation not permitted
build	Cache Android SDK	2026-06-06T12:22:48.0809646Z /usr/bin/tar: ../../../../../usr/local/lib/android/sdk/platforms/android-34-ext10/data/res/values-mcc740: Cannot utime: Operation not permitted
build	Cache Android SDK	2026-06-06T12:22:48.0810640Z /usr/bin/tar: ../../../../../usr/local/lib/android/sdk/platforms/android-34-ext10/data/res/values-mcc740: Cannot change mode to rwxr-xr-x: Operation not permitted
build	Cache Android SDK	2026-06-06T12:22:48.0812375Z /usr/bin/tar: ../../../../../usr/local/lib/android/sdk/platforms/android-34-ext10/data/res/values-mcc310-mnc560-lt: Cannot utime: Operation not permitted
build	Cache Android SDK	2026-06-06T12:22:48.0813346Z /usr/bin/tar: ../../../../../usr/local/lib/android/sdk/platforms/android-34-ext10/data/res/values-mcc310-mnc560-lt: Cannot change mode to rwxr-xr-x: Operation not permitted
build	Cache Android SDK	2026-06-06T12:22:48.0815145Z /usr/bin/tar: ../../../../../usr/local/lib/android/sdk/platforms/android-34-ext10/data/res/values-mcc310-mnc150-ro: Cannot utime: Operation not permitted
build	Cache Android SDK	2026-06-06T12:22:48.0816095Z /usr/bin/tar: ../../../../../usr/local/lib/android/sdk/platforms/android-34-ext10/data/res/values-mcc310-mnc150-ro: Cannot change mode to rwxr-xr-x: Operation not permitted
build	Cache Android SDK	2026-06-06T12:22:48.0818441Z /usr/bin/tar: ../../../../../usr/local/lib/android/sdk/platforms/android-34-ext10/data/res/values-mcc310-mnc170-ta: Cannot utime: Operation not permitted
build	Cache Android SDK	2026-06-06T12:22:48.0819818Z /usr/bin/tar: ../../../../../usr/local/lib/android/sdk/platforms/android-34-ext10/data/res/values-mcc310-mnc170-ta: Cannot change mode to rwxr-xr-x: Operation not permitted
build	Cache Android SDK	2026-06-06T12:22:48.0821134Z /usr/bin/tar: ../../../../../usr/local/lib/android/sdk/platforms/android-34-ext10/data/res/values-mcc310-mnc950-fa: Cannot utime: Operation not permitted
build	Cache Android SDK	2026-06-06T12:22:48.0822205Z /usr/bin/tar: ../../../../../usr/local/lib/android/sdk/platforms/android-34-ext10/data/res/values-mcc310-mnc950-fa: Cannot change mode to rwxr-xr-x: Operation not permitted
build	Cache Android SDK	2026-06-06T12:22:48.0824551Z /usr/bin/tar: ../../../../../usr/local/lib/android/sdk/platforms/android-34-ext10/data/res/values-mcc310-mnc210-uk: Cannot utime: Operation not permitted
build	Cache Android SDK	2026-06-06T12:22:48.0825734Z /usr/bin/tar: ../../../../../usr/local/lib/android/sdk/platforms/android-34-ext10/data/res/values-mcc310-mnc210-uk: Cannot change mode to rwxr-xr-x: Operation not permitted
build	Cache Android SDK	2026-06-06T12:22:48.0827461Z /usr/bin/tar: ../../../../../usr/local/lib/android/sdk/platforms/android-34-ext10/data/res/values-mcc310-mnc410-as: Cannot utime: Operation not permitted
build	Cache Android SDK	2026-06-06T12:22:48.0828542Z /usr/bin/tar: ../../../../../usr/local/lib/android/sdk/platforms/android-34-ext10/data/res/values-mcc310-mnc410-as: Cannot change mode to rwxr-xr-x: Operation not permitted
build	Cache Android SDK	2026-06-06T12:22:48.0830090Z /usr/bin/tar: ../../../../../usr/local/lib/android/sdk/platforms/android-34-ext10/data/res/values-mcc310-mnc160-ja: Cannot utime: Operation not permitted
build	Cache Android SDK	2026-06-06T12:22:48.0831042Z /usr/bin/tar: ../../../../../usr/local/lib/android/sdk/platforms/android-34-ext10/data/res/values-mcc310-mnc160-ja: Cannot change mode to rwxr-xr-x: Operation not permitted
build	Cache Android SDK	2026-06-06T12:22:48.0832869Z /usr/bin/tar: ../../../../../usr/local/lib/android/sdk/platforms/android-34-ext10/data/res/values-mcc001-mnc01-si: Cannot utime: Operation not permitted
build	Cache Android SDK	2026-06-06T12:22:48.0833862Z /usr/bin/tar: ../../../../../usr/local/lib/android/sdk/platforms/android-34-ext10/data/res/values-mcc001-mnc01-si: Cannot change mode to rwxr-xr-x: Operation not permitted
build	Cache Android SDK	2026-06-06T12:22:48.0835639Z /usr/bin/tar: ../../../../../usr/local/lib/android/sdk/platforms/android-34-ext10/data/res/values-mcc001-mnc01-kn: Cannot utime: Operation not permitted
build	Cache Android SDK	2026-06-06T12:22:48.0836691Z /usr/bin/tar: ../../../../../usr/local/lib/android/sdk/platforms/android-34-ext10/data/res/values-mcc001-mnc01-kn: Cannot change mode to rwxr-xr-x: Operation not permitted
build	Cache Android SDK	2026-06-06T12:22:48.0838337Z /usr/bin/tar: ../../../../../usr/local/lib/android/sdk/platforms/android-34-ext10/data/res/values-mcc311-mnc180-ta: Cannot utime: Operation not permitted
build	Cache Android SDK	2026-06-06T12:22:48.0839289Z /usr/bin/tar: ../../../../../usr/local/lib/android/sdk/platforms/android-34-ext10/data/res/values-mcc311-mnc180-ta: Cannot change mode to rwxr-xr-x: Operation not permitted
build	Cache Android SDK	2026-06-06T12:22:48.0841661Z /usr/bin/tar: ../../../../../usr/local/lib/android/sdk/platforms/android-34-ext10/data/res/values-fr-rCA-television: Cannot utime: Operation not permitted
build	Cache Android SDK	2026-06-06T12:22:48.0842638Z /usr/bin/tar: ../../../../../usr/local/lib/android/sdk/platforms/android-34-ext10/data/res/values-fr-rCA-television: Cannot change mode to rwxr-xr-x: Operation not permitted
build	Cache Android SDK	2026-06-06T12:22:48.0844949Z /usr/bin/tar: ../../../../../usr/local/lib/android/sdk/platforms/android-34-ext10/data/res/values-mcc311-mnc180: Cannot utime: Operation not permitted
build	Cache Android SDK	2026-06-06T12:22:48.0845900Z /usr/bin/tar: ../../../../../usr/local/lib/android/sdk/platforms/android-34-ext10/data/res/values-mcc311-mnc180: Cannot change mode to rwxr-xr-x: Operation not permitted
build	Cache Android SDK	2026-06-06T12:22:48.0847825Z /usr/bin/tar: ../../../../../usr/local/lib/android/sdk/platforms/android-34-ext10/data/res/values-mcc310-mnc200-lv: Cannot utime: Operation not permitted
build	Cache Android SDK	2026-06-06T12:22:48.0848890Z /usr/bin/tar: ../../../../../usr/local/lib/android/sdk/platforms/android-34-ext10/data/res/values-mcc310-mnc200-lv: Cannot change mode to rwxr-xr-x: Operation not permitted
build	Cache Android SDK	2026-06-06T12:22:48.0851524Z /usr/bin/tar: ../../../../../usr/local/lib/android/sdk/platforms/android-34-ext10/data/res/values-mcc310-mnc310-ta: Cannot utime: Operation not permitted
build	Cache Android SDK	2026-06-06T12:22:48.0852573Z /usr/bin/tar: ../../../../../usr/local/lib/android/sdk/platforms/android-34-ext10/data/res/values-mcc310-mnc310-ta: Cannot change mode to rwxr-xr-x: Operation not permitted
build	Cache Android SDK	2026-06-06T12:22:48.0854035Z /usr/bin/tar: ../../../../../usr/local/lib/android/sdk/platforms/android-34-ext10/data/res/values-mcc310-mnc270-it: Cannot utime: Operation not permitted
build	Cache Android SDK	2026-06-06T12:22:48.0854980Z /usr/bin/tar: ../../../../../usr/local/lib/android/sdk/platforms/android-34-ext10/data/res/values-mcc310-mnc270-it: Cannot change mode to rwxr-xr-x: Operation not permitted
build	Cache Android SDK	2026-06-06T12:22:48.0856992Z /usr/bin/tar: ../../../../../usr/local/lib/android/sdk/platforms/android-34-ext10/data/res/values-mcc311-mnc180-hi: Cannot utime: Operation not permitted
build	Cache Android SDK	2026-06-06T12:22:48.0858226Z /usr/bin/tar: ../../../../../usr/local/lib/android/sdk/platforms/android-34-ext10/data/res/values-mcc311-mnc180-hi: Cannot change mode to rwxr-xr-x: Operation not permitted
build	Cache Android SDK	2026-06-06T12:22:48.0860088Z /usr/bin/tar: ../../../../../usr/local/lib/android/sdk/platforms/android-34-ext10/data/res/values-mcc310-mnc280-b+sr+Latn: Cannot utime: Operation not permitted
build	Cache Android SDK	2026-06-06T12:22:48.0861126Z /usr/bin/tar: ../../../../../usr/local/lib/android/sdk/platforms/android-34-ext10/data/res/values-mcc310-mnc280-b+sr+Latn: Cannot change mode to rwxr-xr-x: Operation not permitted
build	Cache Android SDK	2026-06-06T12:22:48.0862922Z /usr/bin/tar: ../../../../../usr/local/lib/android/sdk/platforms/android-34-ext10/data/res/values-en-rXC-television: Cannot utime: Operation not permitted
build	Cache Android SDK	2026-06-06T12:22:48.0863918Z /usr/bin/tar: ../../../../../usr/local/lib/android/sdk/platforms/android-34-ext10/data/res/values-en-rXC-television: Cannot change mode to rwxr-xr-x: Operation not permitted
build	Cache Android SDK	2026-06-06T12:22:48.0866231Z /usr/bin/tar: ../../../../../usr/local/lib/android/sdk/platforms/android-34-ext10/data/res/values-mcc310-mnc170-kn: Cannot utime: Operation not permitted
build	Cache Android SDK	2026-06-06T12:22:48.0867558Z /usr/bin/tar: ../../../../../usr/local/lib/android/sdk/platforms/android-34-ext10/data/res/values-mcc310-mnc170-kn: Cannot change mode to rwxr-xr-x: Operation not permitted
build	Cache Android SDK	2026-06-06T12:22:48.0869183Z /usr/bin/tar: ../../../../../usr/local/lib/android/sdk/platforms/android-34-ext10/data/res/values-mcc001-mnc01-ur: Cannot utime: Operation not permitted
build	Cache Android SDK	2026-06-06T12:22:48.0870137Z /usr/bin/tar: ../../../../../usr/local/lib/android/sdk/platforms/android-34-ext10/data/res/values-mcc001-mnc01-ur: Cannot change mode to rwxr-xr-x: Operation not permitted
build	Cache Android SDK	2026-06-06T12:22:48.0872648Z /usr/bin/tar: ../../../../../usr/local/lib/android/sdk/platforms/android-34-ext10/data/res/values-mcc310-mnc560-zu: Cannot utime: Operation not permitted
build	Cache Android SDK	2026-06-06T12:22:48.0873818Z /usr/bin/tar: ../../../../../usr/local/lib/android/sdk/platforms/android-34-ext10/data/res/values-mcc310-mnc560-zu: Cannot change mode to rwxr-xr-x: Operation not permitted
build	Cache Android SDK	2026-06-06T12:22:48.0875315Z /usr/bin/tar: ../../../../../usr/local/lib/android/sdk/platforms/android-34-ext10/data/res/values-mcc310-mnc200-uk: Cannot utime: Operation not permitted
build	Cache Android SDK	2026-06-06T12:22:48.0876256Z /usr/bin/tar: ../../../../../usr/local/lib/android/sdk/platforms/android-34-ext10/data/res/values-mcc310-mnc200-uk: Cannot change mode to rwxr-xr-x: Operation not permitted
build	Cache Android SDK	2026-06-06T12:22:48.1098912Z /usr/bin/tar: ../../../../../usr/local/lib/android/sdk/platforms/android-34-ext10/data/res/drawable-ldpi: Cannot utime: Operation not permitted
build	Cache Android SDK	2026-06-06T12:22:48.1100330Z /usr/bin/tar: ../../../../../usr/local/lib/android/sdk/platforms/android-34-ext10/data/res/drawable-ldpi: Cannot change mode to rwxr-xr-x: Operation not permitted
build	Cache Android SDK	2026-06-06T12:22:48.1101459Z /usr/bin/tar: ../../../../../usr/local/lib/android/sdk/platforms/android-34-ext10/data/res/values-mcc310-mnc220-ka: Cannot utime: Operation not permitted
build	Cache Android SDK	2026-06-06T12:22:48.1102786Z /usr/bin/tar: ../../../../../usr/local/lib/android/sdk/platforms/android-34-ext10/data/res/values-mcc310-mnc220-ka: Cannot change mode to rwxr-xr-x: Operation not permitted
build	Cache Android SDK	2026-06-06T12:22:48.1104160Z /usr/bin/tar: ../../../../../usr/local/lib/android/sdk/platforms/android-34-ext10/data/res/values-mcc310-mnc170-ml: Cannot utime: Operation not permitted
build	Cache Android SDK	2026-06-06T12:22:48.1105104Z /usr/bin/tar: ../../../../../usr/local/lib/android/sdk/platforms/android-34-ext10/data/res/values-mcc310-mnc170-ml: Cannot change mode to rwxr-xr-x: Operation not permitted
build	Cache Android SDK	2026-06-06T12:22:48.1107945Z /usr/bin/tar: ../../../../../usr/local/lib/android/sdk/platforms/android-34-ext10/data/res/values-mcc310-mnc380-ar: Cannot utime: Operation not permitted
build	Cache Android SDK	2026-06-06T12:22:48.1108992Z /usr/bin/tar: ../../../../../usr/local/lib/android/sdk/platforms/android-34-ext10/data/res/values-mcc310-mnc380-ar: Cannot change mode to rwxr-xr-x: Operation not permitted
build	Cache Android SDK	2026-06-06T12:22:48.1111161Z /usr/bin/tar: ../../../../../usr/local/lib/android/sdk/platforms/android-34-ext10/data/res/values-mcc310-mnc160-af: Cannot utime: Operation not permitted
build	Cache Android SDK	2026-06-06T12:22:48.1112107Z /usr/bin/tar: ../../../../../usr/local/lib/android/sdk/platforms/android-34-ext10/data/res/values-mcc310-mnc160-af: Cannot change mode to rwxr-xr-x: Operation not permitted
build	Cache Android SDK	2026-06-06T12:22:48.1114542Z /usr/bin/tar: ../../../../../usr/local/lib/android/sdk/platforms/android-34-ext10/data/res/values-mcc310-mnc660-bs: Cannot utime: Operation not permitted
build	Cache Android SDK	2026-06-06T12:22:48.1115501Z /usr/bin/tar: ../../../../../usr/local/lib/android/sdk/platforms/android-34-ext10/data/res/values-mcc310-mnc660-bs: Cannot change mode to rwxr-xr-x: Operation not permitted
build	Cache Android SDK	2026-06-06T12:22:48.1118053Z /usr/bin/tar: ../../../../../usr/local/lib/android/sdk/platforms/android-34-ext10/data/res/values-sv-television: Cannot utime: Operation not permitted
build	Cache Android SDK	2026-06-06T12:22:48.1119000Z /usr/bin/tar: ../../../../../usr/local/lib/android/sdk/platforms/android-34-ext10/data/res/values-sv-television: Cannot change mode to rwxr-xr-x: Operation not permitted
build	Cache Android SDK	2026-06-06T12:22:48.1121229Z /usr/bin/tar: ../../../../../usr/local/lib/android/sdk/platforms/android-34-ext10/data/res/values-mcc310-mnc150-nl: Cannot utime: Operation not permitted
build	Cache Android SDK	2026-06-06T12:22:48.1122171Z /usr/bin/tar: ../../../../../usr/local/lib/android/sdk/platforms/android-34-ext10/data/res/values-mcc310-mnc150-nl: Cannot change mode to rwxr-xr-x: Operation not permitted
build	Cache Android SDK	2026-06-06T12:22:48.1123901Z /usr/bin/tar: ../../../../../usr/local/lib/android/sdk/platforms/android-34-ext10/data/res/values-mcc310-mnc270-en-rGB: Cannot utime: Operation not permitted
build	Cache Android SDK	2026-06-06T12:22:48.1124887Z /usr/bin/tar: ../../../../../usr/local/lib/android/sdk/platforms/android-34-ext10/data/res/values-mcc310-mnc270-en-rGB: Cannot change mode to rwxr-xr-x: Operation not permitted
build	Cache Android SDK	2026-06-06T12:22:48.1127008Z /usr/bin/tar: ../../../../../usr/local/lib/android/sdk/platforms/android-34-ext10/data/res/values-mcc316: Cannot utime: Operation not permitted
build	Cache Android SDK	2026-06-06T12:22:48.1128095Z /usr/bin/tar: ../../../../../usr/local/lib/android/sdk/platforms/android-34-ext10/data/res/values-mcc316: Cannot change mode to rwxr-xr-x: Operation not permitted
build	Cache Android SDK	2026-06-06T12:22:48.1130201Z /usr/bin/tar: ../../../../../usr/local/lib/android/sdk/platforms/android-34-ext10/data/res/values-mcc001-mnc01-fa: Cannot utime: Operation not permitted
build	Cache Android SDK	2026-06-06T12:22:48.1131160Z /usr/bin/tar: ../../../../../usr/local/lib/android/sdk/platforms/android-34-ext10/data/res/values-mcc001-mnc01-fa: Cannot change mode to rwxr-xr-x: Operation not permitted
build	Cache Android SDK	2026-06-06T12:22:48.1133928Z /usr/bin/tar: ../../../../../usr/local/lib/android/sdk/platforms/android-34-ext10/data/res/values-mcc310-mnc220-eu: Cannot utime: Operation not permitted
build	Cache Android SDK	2026-06-06T12:22:48.1134879Z /usr/bin/tar: ../../../../../usr/local/lib/android/sdk/platforms/android-34-ext10/data/res/values-mcc310-mnc220-eu: Cannot change mode to rwxr-xr-x: Operation not permitted
build	Cache Android SDK	2026-06-06T12:22:48.1136919Z /usr/bin/tar: ../../../../../usr/local/lib/android/sdk/platforms/android-34-ext10/data/res/values-mcc310-mnc240: Cannot utime: Operation not permitted
build	Cache Android SDK	2026-06-06T12:22:48.1137990Z /usr/bin/tar: ../../../../../usr/local/lib/android/sdk/platforms/android-34-ext10/data/res/values-mcc310-mnc240: Cannot change mode to rwxr-xr-x: Operation not permitted
build	Cache Android SDK	2026-06-06T12:22:48.1139933Z /usr/bin/tar: ../../../../../usr/local/lib/android/sdk/platforms/android-34-ext10/data/res/values-mcc313-mnc100-sw: Cannot utime: Operation not permitted
build	Cache Android SDK	2026-06-06T12:22:48.1140876Z /usr/bin/tar: ../../../../../usr/local/lib/android/sdk/platforms/android-34-ext10/data/res/values-mcc313-mnc100-sw: Cannot change mode to rwxr-xr-x: Operation not permitted
build	Cache Android SDK	2026-06-06T12:22:48.1143055Z /usr/bin/tar: ../../../../../usr/local/lib/android/sdk/platforms/android-34-ext10/data/res/values-mcc310-mnc230-ro: Cannot utime: Operation not permitted
build	Cache Android SDK	2026-06-06T12:22:48.1144155Z /usr/bin/tar: ../../../../../usr/local/lib/android/sdk/platforms/android-34-ext10/data/res/values-mcc310-mnc230-ro: Cannot change mode to rwxr-xr-x: Operation not permitted
build	Cache Android SDK	2026-06-06T12:22:48.1146033Z /usr/bin/tar: ../../../../../usr/local/lib/android/sdk/platforms/android-34-ext10/data/res/values-mcc310-mnc660-zh-rCN: Cannot utime: Operation not permitted
build	Cache Android SDK	2026-06-06T12:22:48.1147012Z /usr/bin/tar: ../../../../../usr/local/lib/android/sdk/platforms/android-34-ext10/data/res/values-mcc310-mnc660-zh-rCN: Cannot change mode to rwxr-xr-x: Operation not permitted
build	Cache Android SDK	2026-06-06T12:22:48.1149460Z /usr/bin/tar: ../../../../../usr/local/lib/android/sdk/platforms/android-34-ext10/data/res/values-mcc310-mnc310-lv: Cannot utime: Operation not permitted
build	Cache Android SDK	2026-06-06T12:22:48.1150406Z /usr/bin/tar: ../../../../../usr/local/lib/android/sdk/platforms/android-34-ext10/data/res/values-mcc310-mnc310-lv: Cannot change mode to rwxr-xr-x: Operation not permitted
build	Cache Android SDK	2026-06-06T12:22:48.1152627Z /usr/bin/tar: ../../../../../usr/local/lib/android/sdk/platforms/android-34-ext10/data/res/values-mcc310-mnc950-km: Cannot utime: Operation not permitted
build	Cache Android SDK	2026-06-06T12:22:48.1153588Z /usr/bin/tar: ../../../../../usr/local/lib/android/sdk/platforms/android-34-ext10/data/res/values-mcc310-mnc950-km: Cannot change mode to rwxr-xr-x: Operation not permitted
build	Cache Android SDK	2026-06-06T12:22:48.1155888Z /usr/bin/tar: ../../../../../usr/local/lib/android/sdk/platforms/android-34-ext10/data/res/values-mcc310-mnc560-ar: Cannot utime: Operation not permitted
build	Cache Android SDK	2026-06-06T12:22:48.1156835Z /usr/bin/tar: ../../../../../usr/local/lib/android/sdk/platforms/android-34-ext10/data/res/values-mcc310-mnc560-ar: Cannot change mode to rwxr-xr-x: Operation not permitted
build	Cache Android SDK	2026-06-06T12:22:48.1159956Z /usr/bin/tar: ../../../../../usr/local/lib/android/sdk/platforms/android-34-ext10/data/res/values-mcc310-mnc230-mr: Cannot utime: Operation not permitted
build	Cache Android SDK	2026-06-06T12:22:48.1160915Z /usr/bin/tar: ../../../../../usr/local/lib/android/sdk/platforms/android-34-ext10/data/res/values-mcc310-mnc230-mr: Cannot change mode to rwxr-xr-x: Operation not permitted
build	Cache Android SDK	2026-06-06T12:22:48.1163683Z /usr/bin/tar: ../../../../../usr/local/lib/android/sdk/platforms/android-34-ext10/data/res/values-mcc310-mnc230-mk: Cannot utime: Operation not permitted
build	Cache Android SDK	2026-06-06T12:22:48.1164631Z /usr/bin/tar: ../../../../../usr/local/lib/android/sdk/platforms/android-34-ext10/data/res/values-mcc310-mnc230-mk: Cannot change mode to rwxr-xr-x: Operation not permitted
build	Cache Android SDK	2026-06-06T12:22:48.1166828Z /usr/bin/tar: ../../../../../usr/local/lib/android/sdk/platforms/android-34-ext10/data/res/values-mcc311-mnc180-ca: Cannot utime: Operation not permitted
build	Cache Android SDK	2026-06-06T12:22:48.1167964Z /usr/bin/tar: ../../../../../usr/local/lib/android/sdk/platforms/android-34-ext10/data/res/values-mcc311-mnc180-ca: Cannot change mode to rwxr-xr-x: Operation not permitted
build	Cache Android SDK	2026-06-06T12:22:48.1182890Z /usr/bin/tar: ../../../../../usr/local/lib/android/sdk/platforms/android-34-ext10/data/res/drawable-nodpi: Cannot utime: Operation not permitted
build	Cache Android SDK	2026-06-06T12:22:48.1184525Z /usr/bin/tar: ../../../../../usr/local/lib/android/sdk/platforms/android-34-ext10/data/res/drawable-nodpi: Cannot change mode to rwxr-xr-x: Operation not permitted
build	Cache Android SDK	2026-06-06T12:22:48.1185849Z /usr/bin/tar: ../../../../../usr/local/lib/android/sdk/platforms/android-34-ext10/data/res/values-w208dp: Cannot utime: Operation not permitted
build	Cache Android SDK	2026-06-06T12:22:48.1186751Z /usr/bin/tar: ../../../../../usr/local/lib/android/sdk/platforms/android-34-ext10/data/res/values-w208dp: Cannot change mode to rwxr-xr-x: Operation not permitted
build	Cache Android SDK	2026-06-06T12:22:48.1189374Z /usr/bin/tar: ../../../../../usr/local/lib/android/sdk/platforms/android-34-ext10/data/res/values-mcc310-mnc030-lo: Cannot utime: Operation not permitted
build	Cache Android SDK	2026-06-06T12:22:48.1190412Z /usr/bin/tar: ../../../../../usr/local/lib/android/sdk/platforms/android-34-ext10/data/res/values-mcc310-mnc030-lo: Cannot change mode to rwxr-xr-x: Operation not permitted
build	Cache Android SDK	2026-06-06T12:22:48.1192521Z /usr/bin/tar: ../../../../../usr/local/lib/android/sdk/platforms/android-34-ext10/data/res/values-mcc310-mnc240-sv: Cannot utime: Operation not permitted
build	Cache Android SDK	2026-06-06T12:22:48.1193489Z /usr/bin/tar: ../../../../../usr/local/lib/android/sdk/platforms/android-34-ext10/data/res/values-mcc310-mnc240-sv: Cannot change mode to rwxr-xr-x: Operation not permitted
build	Cache Android SDK	2026-06-06T12:22:48.1195547Z /usr/bin/tar: ../../../../../usr/local/lib/android/sdk/platforms/android-34-ext10/data/res/values-mcc310-mnc240-am: Cannot utime: Operation not permitted
build	Cache Android SDK	2026-06-06T12:22:48.1196517Z /usr/bin/tar: ../../../../../usr/local/lib/android/sdk/platforms/android-34-ext10/data/res/values-mcc310-mnc240-am: Cannot change mode to rwxr-xr-x: Operation not permitted
build	Cache Android SDK	2026-06-06T12:22:48.1198932Z /usr/bin/tar: ../../../../../usr/local/lib/android/sdk/platforms/android-34-ext10/data/res/values-mcc234-mnc20: Cannot utime: Operation not permitted
build	Cache Android SDK	2026-06-06T12:22:48.1199870Z /usr/bin/tar: ../../../../../usr/local/lib/android/sdk/platforms/android-34-ext10/data/res/values-mcc234-mnc20: Cannot change mode to rwxr-xr-x: Operation not permitted
build	Cache Android SDK	2026-06-06T12:22:48.1202228Z /usr/bin/tar: ../../../../../usr/local/lib/android/sdk/platforms/android-34-ext10/data/res/values-mcc310-mnc380-ta: Cannot utime: Operation not permitted
build	Cache Android SDK	2026-06-06T12:22:48.1203307Z /usr/bin/tar: ../../../../../usr/local/lib/android/sdk/platforms/android-34-ext10/data/res/values-mcc310-mnc380-ta: Cannot change mode to rwxr-xr-x: Operation not permitted
build	Cache Android SDK	2026-06-06T12:22:48.1205690Z /usr/bin/tar: ../../../../../usr/local/lib/android/sdk/platforms/android-34-ext10/data/res/values-mcc310-mnc170-sq: Cannot utime: Operation not permitted
build	Cache Android SDK	2026-06-06T12:22:48.1206672Z /usr/bin/tar: ../../../../../usr/local/lib/android/sdk/platforms/android-34-ext10/data/res/values-mcc310-mnc170-sq: Cannot change mode to rwxr-xr-x: Operation not permitted
build	Cache Android SDK	2026-06-06T12:22:48.1209229Z /usr/bin/tar: ../../../../../usr/local/lib/android/sdk/platforms/android-34-ext10/data/res/values-mcc425: Cannot utime: Operation not permitted
build	Cache Android SDK	2026-06-06T12:22:48.1210648Z /usr/bin/tar: ../../../../../usr/local/lib/android/sdk/platforms/android-34-ext10/data/res/values-mcc425: Cannot change mode to rwxr-xr-x: Operation not permitted
build	Cache Android SDK	2026-06-06T12:22:48.1212063Z /usr/bin/tar: ../../../../../usr/local/lib/android/sdk/platforms/android-34-ext10/data/res/values-mcc310-mnc270-et: Cannot utime: Operation not permitted
build	Cache Android SDK	2026-06-06T12:22:48.1213038Z /usr/bin/tar: ../../../../../usr/local/lib/android/sdk/platforms/android-34-ext10/data/res/values-mcc310-mnc270-et: Cannot change mode to rwxr-xr-x: Operation not permitted
build	Cache Android SDK	2026-06-06T12:22:48.1215579Z /usr/bin/tar: ../../../../../usr/local/lib/android/sdk/platforms/android-34-ext10/data/res/values-mcc302-mnc720-as: Cannot utime: Operation not permitted
build	Cache Android SDK	2026-06-06T12:22:48.1216552Z /usr/bin/tar: ../../../../../usr/local/lib/android/sdk/platforms/android-34-ext10/data/res/values-mcc302-mnc720-as: Cannot change mode to rwxr-xr-x: Operation not permitted
build	Cache Android SDK	2026-06-06T12:22:48.1219349Z /usr/bin/tar: ../../../../../usr/local/lib/android/sdk/platforms/android-34-ext10/data/res/values-mcc310-mnc490-te: Cannot utime: Operation not permitted
build	Cache Android SDK	2026-06-06T12:22:48.1220512Z /usr/bin/tar: ../../../../../usr/local/lib/android/sdk/platforms/android-34-ext10/data/res/values-mcc310-mnc490-te: Cannot change mode to rwxr-xr-x: Operation not permitted
build	Cache Android SDK	2026-06-06T12:22:48.1222504Z /usr/bin/tar: ../../../../../usr/local/lib/android/sdk/platforms/android-34-ext10/data/res/values-mcc310-mnc160-th: Cannot utime: Operation not permitted
build	Cache Android SDK	2026-06-06T12:22:48.1223473Z /usr/bin/tar: ../../../../../usr/local/lib/android/sdk/platforms/android-34-ext10/data/res/values-mcc310-mnc160-th: Cannot change mode to rwxr-xr-x: Operation not permitted
build	Cache Android SDK	2026-06-06T12:22:48.1225545Z /usr/bin/tar: ../../../../../usr/local/lib/android/sdk/platforms/android-34-ext10/data/res/values-mcc310-mnc200-sr: Cannot utime: Operation not permitted
build	Cache Android SDK	2026-06-06T12:22:48.1226501Z /usr/bin/tar: ../../../../../usr/local/lib/android/sdk/platforms/android-34-ext10/data/res/values-mcc310-mnc200-sr: Cannot change mode to rwxr-xr-x: Operation not permitted
build	Cache Android SDK	2026-06-06T12:22:48.1232103Z /usr/bin/tar: ../../../../../usr/local/lib/android/sdk/platforms/android-34-ext10/data/res/values-da: Cannot utime: Operation not permitted
build	Cache Android SDK	2026-06-06T12:22:48.1232988Z /usr/bin/tar: ../../../../../usr/local/lib/android/sdk/platforms/android-34-ext10/data/res/values-da: Cannot change mode to rwxr-xr-x: Operation not permitted
build	Cache Android SDK	2026-06-06T12:22:48.1235506Z /usr/bin/tar: ../../../../../usr/local/lib/android/sdk/platforms/android-34-ext10/data/res/values-mcc310-mnc170-et: Cannot utime: Operation not permitted
build	Cache Android SDK	2026-06-06T12:22:48.1236543Z /usr/bin/tar: ../../../../../usr/local/lib/android/sdk/platforms/android-34-ext10/data/res/values-mcc310-mnc170-et: Cannot change mode to rwxr-xr-x: Operation not permitted
build	Cache Android SDK	2026-06-06T12:22:48.1238644Z /usr/bin/tar: ../../../../../usr/local/lib/android/sdk/platforms/android-34-ext10/data/res/values-mcc310-mnc160-en-rIN: Cannot utime: Operation not permitted
build	Cache Android SDK	2026-06-06T12:22:48.1239628Z /usr/bin/tar: ../../../../../usr/local/lib/android/sdk/platforms/android-34-ext10/data/res/values-mcc310-mnc160-en-rIN: Cannot change mode to rwxr-xr-x: Operation not permitted
build	Cache Android SDK	2026-06-06T12:22:48.1241834Z /usr/bin/tar: ../../../../../usr/local/lib/android/sdk/platforms/android-34-ext10/data/res/values-mcc302-mnc370-da: Cannot utime: Operation not permitted
build	Cache Android SDK	2026-06-06T12:22:48.1242789Z /usr/bin/tar: ../../../../../usr/local/lib/android/sdk/platforms/android-34-ext10/data/res/values-mcc302-mnc370-da: Cannot change mode to rwxr-xr-x: Operation not permitted
build	Cache Android SDK	2026-06-06T12:22:48.1244891Z /usr/bin/tar: ../../../../../usr/local/lib/android/sdk/platforms/android-34-ext10/data/res/values-mcc310-mnc490-sv: Cannot utime: Operation not permitted
build	Cache Android SDK	2026-06-06T12:22:48.1245839Z /usr/bin/tar: ../../../../../usr/local/lib/android/sdk/platforms/android-34-ext10/data/res/values-mcc310-mnc490-sv: Cannot change mode to rwxr-xr-x: Operation not permitted
build	Cache Android SDK	2026-06-06T12:22:48.1249878Z /usr/bin/tar: ../../../../../usr/local/lib/android/sdk/platforms/android-34-ext10/data/res/values-ru-television: Cannot utime: Operation not permitted
build	Cache Android SDK	2026-06-06T12:22:48.1250939Z /usr/bin/tar: ../../../../../usr/local/lib/android/sdk/platforms/android-34-ext10/data/res/values-ru-television: Cannot change mode to rwxr-xr-x: Operation not permitted
build	Cache Android SDK	2026-06-06T12:22:48.1253235Z /usr/bin/tar: ../../../../../usr/local/lib/android/sdk/platforms/android-34-ext10/data/res/values-mcc310-mnc380-it: Cannot utime: Operation not permitted
build	Cache Android SDK	2026-06-06T12:22:48.1254322Z /usr/bin/tar: ../../../../../usr/local/lib/android/sdk/platforms/android-34-ext10/data/res/values-mcc310-mnc380-it: Cannot change mode to rwxr-xr-x: Operation not permitted
build	Cache Android SDK	2026-06-06T12:22:48.1256231Z /usr/bin/tar: ../../../../../usr/local/lib/android/sdk/platforms/android-34-ext10/data/res/values-mcc001-mnc01-sw: Cannot utime: Operation not permitted
build	Cache Android SDK	2026-06-06T12:22:48.1257182Z /usr/bin/tar: ../../../../../usr/local/lib/android/sdk/platforms/android-34-ext10/data/res/values-mcc001-mnc01-sw: Cannot change mode to rwxr-xr-x: Operation not permitted
build	Cache Android SDK	2026-06-06T12:22:48.1259561Z /usr/bin/tar: ../../../../../usr/local/lib/android/sdk/platforms/android-34-ext10/data/res/values-kn-watch: Cannot utime: Operation not permitted
build	Cache Android SDK	2026-06-06T12:22:48.1260692Z /usr/bin/tar: ../../../../../usr/local/lib/android/sdk/platforms/android-34-ext10/data/res/values-kn-watch: Cannot change mode to rwxr-xr-x: Operation not permitted
build	Cache Android SDK	2026-06-06T12:22:48.1262310Z /usr/bin/tar: ../../../../../usr/local/lib/android/sdk/platforms/android-34-ext10/data/res/values-mcc310-mnc660-am: Cannot utime: Operation not permitted
build	Cache Android SDK	2026-06-06T12:22:48.1263289Z /usr/bin/tar: ../../../../../usr/local/lib/android/sdk/platforms/android-34-ext10/data/res/values-mcc310-mnc660-am: Cannot change mode to rwxr-xr-x: Operation not permitted
build	Cache Android SDK	2026-06-06T12:22:48.1265500Z /usr/bin/tar: ../../../../../usr/local/lib/android/sdk/platforms/android-34-ext10/data/res/values-mcc310-mnc240-b+sr+Latn: Cannot utime: Operation not permitted
build	Cache Android SDK	2026-06-06T12:22:48.1266594Z /usr/bin/tar: ../../../../../usr/local/lib/android/sdk/platforms/android-34-ext10/data/res/values-mcc310-mnc240-b+sr+Latn: Cannot change mode to rwxr-xr-x: Operation not permitted
build	Cache Android SDK	2026-06-06T12:22:48.1269375Z /usr/bin/tar: ../../../../../usr/local/lib/android/sdk/platforms/android-34-ext10/data/res/values-as-watch: Cannot utime: Operation not permitted
build	Cache Android SDK	2026-06-06T12:22:48.1270696Z /usr/bin/tar: ../../../../../usr/local/lib/android/sdk/platforms/android-34-ext10/data/res/values-as-watch: Cannot change mode to rwxr-xr-x: Operation not permitted
build	Cache Android SDK	2026-06-06T12:22:48.1272124Z /usr/bin/tar: ../../../../../usr/local/lib/android/sdk/platforms/android-34-ext10/data/res/values-mcc310-mnc270-fa: Cannot utime: Operation not permitted
build	Cache Android SDK	2026-06-06T12:22:48.1273086Z /usr/bin/tar: ../../../../../usr/local/lib/android/sdk/platforms/android-34-ext10/data/res/values-mcc310-mnc270-fa: Cannot change mode to rwxr-xr-x: Operation not permitted
build	Cache Android SDK	2026-06-06T12:22:48.1275072Z /usr/bin/tar: ../../../../../usr/local/lib/android/sdk/platforms/android-34-ext10/data/res/values-mcc310-mnc410-ky: Cannot utime: Operation not permitted
build	Cache Android SDK	2026-06-06T12:22:48.1276038Z /usr/bin/tar: ../../../../../usr/local/lib/android/sdk/platforms/android-34-ext10/data/res/values-mcc310-mnc410-ky: Cannot change mode to rwxr-xr-x: Operation not permitted
build	Cache Android SDK	2026-06-06T12:22:48.1278548Z /usr/bin/tar: ../../../../../usr/local/lib/android/sdk/platforms/android-34-ext10/data/res/values-mcc310-mnc030-lt: Cannot utime: Operation not permitted
build	Cache Android SDK	2026-06-06T12:22:48.1279523Z /usr/bin/tar: ../../../../../usr/local/lib/android/sdk/platforms/android-34-ext10/data/res/values-mcc310-mnc030-lt: Cannot change mode to rwxr-xr-x: Operation not permitted
build	Cache Android SDK	2026-06-06T12:22:48.1281503Z /usr/bin/tar: ../../../../../usr/local/lib/android/sdk/platforms/android-34-ext10/data/res/values-mcc310-mnc030-my: Cannot utime: Operation not permitted
build	Cache Android SDK	2026-06-06T12:22:48.1282451Z /usr/bin/tar: ../../../../../usr/local/lib/android/sdk/platforms/android-34-ext10/data/res/values-mcc310-mnc030-my: Cannot change mode to rwxr-xr-x: Operation not permitted
build	Cache Android SDK	2026-06-06T12:22:48.1284784Z /usr/bin/tar: ../../../../../usr/local/lib/android/sdk/platforms/android-34-ext10/data/res/values-mcc310-mnc270-my: Cannot utime: Operation not permitted
build	Cache Android SDK	2026-06-06T12:22:48.1285742Z /usr/bin/tar: ../../../../../usr/local/lib/android/sdk/platforms/android-34-ext10/data/res/values-mcc310-mnc270-my: Cannot change mode to rwxr-xr-x: Operation not permitted
build	Cache Android SDK	2026-06-06T12:22:48.1288073Z /usr/bin/tar: ../../../../../usr/local/lib/android/sdk/platforms/android-34-ext10/data/res/values-hi-television: Cannot utime: Operation not permitted
build	Cache Android SDK	2026-06-06T12:22:48.1289026Z /usr/bin/tar: ../../../../../usr/local/lib/android/sdk/platforms/android-34-ext10/data/res/values-hi-television: Cannot change mode to rwxr-xr-x: Operation not permitted
build	Cache Android SDK	2026-06-06T12:22:48.1291316Z /usr/bin/tar: ../../../../../usr/local/lib/android/sdk/platforms/android-34-ext10/data/res/values-mcc312-mnc670-sr: Cannot utime: Operation not permitted
build	Cache Android SDK	2026-06-06T12:22:48.1292297Z /usr/bin/tar: ../../../../../usr/local/lib/android/sdk/platforms/android-34-ext10/data/res/values-mcc312-mnc670-sr: Cannot change mode to rwxr-xr-x: Operation not permitted
build	Cache Android SDK	2026-06-06T12:22:48.1295430Z /usr/bin/tar: ../../../../../usr/local/lib/android/sdk/platforms/android-34-ext10/data/res/values-mcc310-mnc270-zh-rHK: Cannot utime: Operation not permitted
build	Cache Android SDK	2026-06-06T12:22:48.1296534Z /usr/bin/tar: ../../../../../usr/local/lib/android/sdk/platforms/android-34-ext10/data/res/values-mcc310-mnc270-zh-rHK: Cannot change mode to rwxr-xr-x: Operation not permitted
build	Cache Android SDK	2026-06-06T12:22:48.1298133Z /usr/bin/tar: ../../../../../usr/local/lib/android/sdk/platforms/android-34-ext10/data/res/values-mcc310-mnc560-pt: Cannot utime: Operation not permitted
build	Cache Android SDK	2026-06-06T12:22:48.1299166Z /usr/bin/tar: ../../../../../usr/local/lib/android/sdk/platforms/android-34-ext10/data/res/values-mcc310-mnc560-pt: Cannot change mode to rwxr-xr-x: Operation not permitted
build	Cache Android SDK	2026-06-06T12:22:48.1301172Z /usr/bin/tar: ../../../../../usr/local/lib/android/sdk/platforms/android-34-ext10/data/res/values-mcc310-mnc160-pt-rPT: Cannot utime: Operation not permitted
build	Cache Android SDK	2026-06-06T12:22:48.1302213Z /usr/bin/tar: ../../../../../usr/local/lib/android/sdk/platforms/android-34-ext10/data/res/values-mcc310-mnc160-pt-rPT: Cannot change mode to rwxr-xr-x: Operation not permitted
build	Cache Android SDK	2026-06-06T12:22:48.1304454Z /usr/bin/tar: ../../../../../usr/local/lib/android/sdk/platforms/android-34-ext10/data/res/values-mcc310-mnc490-fa: Cannot utime: Operation not permitted
build	Cache Android SDK	2026-06-06T12:22:48.1305413Z /usr/bin/tar: ../../../../../usr/local/lib/android/sdk/platforms/android-34-ext10/data/res/values-mcc310-mnc490-fa: Cannot change mode to rwxr-xr-x: Operation not permitted
build	Cache Android SDK	2026-06-06T12:22:48.1307815Z /usr/bin/tar: ../../../../../usr/local/lib/android/sdk/platforms/android-34-ext10/data/res/values-mcc302-mnc370-sq: Cannot utime: Operation not permitted
build	Cache Android SDK	2026-06-06T12:22:48.1308780Z /usr/bin/tar: ../../../../../usr/local/lib/android/sdk/platforms/android-34-ext10/data/res/values-mcc302-mnc370-sq: Cannot change mode to rwxr-xr-x: Operation not permitted
build	Cache Android SDK	2026-06-06T12:22:48.1311083Z /usr/bin/tar: ../../../../../usr/local/lib/android/sdk/platforms/android-34-ext10/data/res/values-mcc310-mnc210-fr: Cannot utime: Operation not permitted
build	Cache Android SDK	2026-06-06T12:22:48.1312037Z /usr/bin/tar: ../../../../../usr/local/lib/android/sdk/platforms/android-34-ext10/data/res/values-mcc310-mnc210-fr: Cannot change mode to rwxr-xr-x: Operation not permitted
build	Cache Android SDK	2026-06-06T12:22:48.1314112Z /usr/bin/tar: ../../../../../usr/local/lib/android/sdk/platforms/android-34-ext10/data/res/values-mcc310-mnc030-sl: Cannot utime: Operation not permitted
build	Cache Android SDK	2026-06-06T12:22:48.1315071Z /usr/bin/tar: ../../../../../usr/local/lib/android/sdk/platforms/android-34-ext10/data/res/values-mcc310-mnc030-sl: Cannot change mode to rwxr-xr-x: Operation not permitted
build	Cache Android SDK	2026-06-06T12:22:48.1320185Z /usr/bin/tar: ../../../../../usr/local/lib/android/sdk/platforms/android-34-ext10/data/res/values-mcc310-mnc410-tr: Cannot utime: Operation not permitted
build	Cache Android SDK	2026-06-06T12:22:48.1323570Z /usr/bin/tar: ../../../../../usr/local/lib/android/sdk/platforms/android-34-ext10/data/res/values-mcc310-mnc410-tr: Cannot change mode to rwxr-xr-x: Operation not permitted
build	Cache Android SDK	2026-06-06T12:22:48.1324704Z /usr/bin/tar: ../../../../../usr/local/lib/android/sdk/platforms/android-34-ext10/data/res/values-mcc302-mnc720-kn: Cannot utime: Operation not permitted
build	Cache Android SDK	2026-06-06T12:22:48.1325946Z /usr/bin/tar: ../../../../../usr/local/lib/android/sdk/platforms/android-34-ext10/data/res/values-mcc302-mnc720-kn: Cannot change mode to rwxr-xr-x: Operation not permitted
build	Cache Android SDK	2026-06-06T12:22:48.1327300Z /usr/bin/tar: ../../../../../usr/local/lib/android/sdk/platforms/android-34-ext10/data/res/values-mcc001-mnc01-fr: Cannot utime: Operation not permitted
build	Cache Android SDK	2026-06-06T12:22:48.1328438Z /usr/bin/tar: ../../../../../usr/local/lib/android/sdk/platforms/android-34-ext10/data/res/values-mcc001-mnc01-fr: Cannot change mode to rwxr-xr-x: Operation not permitted
build	Cache Android SDK	2026-06-06T12:22:48.1331188Z /usr/bin/tar: ../../../../../usr/local/lib/android/sdk/platforms/android-34-ext10/data/res/values-mcc310-mnc490-sq: Cannot utime: Operation not permitted
build	Cache Android SDK	2026-06-06T12:22:48.1332293Z /usr/bin/tar: ../../../../../usr/local/lib/android/sdk/platforms/android-34-ext10/data/res/values-mcc310-mnc490-sq: Cannot change mode to rwxr-xr-x: Operation not permitted
build	Cache Android SDK	2026-06-06T12:22:48.1335293Z /usr/bin/tar: ../../../../../usr/local/lib/android/sdk/platforms/android-34-ext10/data/res/values-mcc310-mnc170-el: Cannot utime: Operation not permitted
build	Cache Android SDK	2026-06-06T12:22:48.1336247Z /usr/bin/tar: ../../../../../usr/local/lib/android/sdk/platforms/android-34-ext10/data/res/values-mcc310-mnc170-el: Cannot change mode to rwxr-xr-x: Operation not permitted
build	Cache Android SDK	2026-06-06T12:22:48.1339239Z /usr/bin/tar: ../../../../../usr/local/lib/android/sdk/platforms/android-34-ext10/data/res/values-mcc310-mnc030-fi: Cannot utime: Operation not permitted
build	Cache Android SDK	2026-06-06T12:22:48.1340202Z /usr/bin/tar: ../../../../../usr/local/lib/android/sdk/platforms/android-34-ext10/data/res/values-mcc310-mnc030-fi: Cannot change mode to rwxr-xr-x: Operation not permitted
build	Cache Android SDK	2026-06-06T12:22:48.1343712Z /usr/bin/tar: ../../../../../usr/local/lib/android/sdk/platforms/android-34-ext10/data/res/values-mcc310-mnc560-pt-rBR: Cannot utime: Operation not permitted
build	Cache Android SDK	2026-06-06T12:22:48.1344713Z /usr/bin/tar: ../../../../../usr/local/lib/android/sdk/platforms/android-34-ext10/data/res/values-mcc310-mnc560-pt-rBR: Cannot change mode to rwxr-xr-x: Operation not permitted
build	Cache Android SDK	2026-06-06T12:22:48.1347555Z /usr/bin/tar: ../../../../../usr/local/lib/android/sdk/platforms/android-34-ext10/data/res/values-mcc310-mnc230-fi: Cannot utime: Operation not permitted
build	Cache Android SDK	2026-06-06T12:22:48.1348568Z /usr/bin/tar: ../../../../../usr/local/lib/android/sdk/platforms/android-34-ext10/data/res/values-mcc310-mnc230-fi: Cannot change mode to rwxr-xr-x: Operation not permitted
build	Cache Android SDK	2026-06-06T12:22:48.1350433Z /usr/bin/tar: ../../../../../usr/local/lib/android/sdk/platforms/android-34-ext10/data/res/values-mcc310-mnc170-it: Cannot utime: Operation not permitted
build	Cache Android SDK	2026-06-06T12:22:48.1351387Z /usr/bin/tar: ../../../../../usr/local/lib/android/sdk/platforms/android-34-ext10/data/res/values-mcc310-mnc170-it: Cannot change mode to rwxr-xr-x: Operation not permitted
build	Cache Android SDK	2026-06-06T12:22:48.1358086Z /usr/bin/tar: ../../../../../usr/local/lib/android/sdk/platforms/android-34-ext10/data/res/values-as: Cannot utime: Operation not permitted
build	Cache Android SDK	2026-06-06T12:22:48.1359011Z /usr/bin/tar: ../../../../../usr/local/lib/android/sdk/platforms/android-34-ext10/data/res/values-as: Cannot change mode to rwxr-xr-x: Operation not permitted
build	Cache Android SDK	2026-06-06T12:22:48.1361204Z /usr/bin/tar: ../../../../../usr/local/lib/android/sdk/platforms/android-34-ext10/data/res/values-w320dp-h426dp: Cannot utime: Operation not permitted
build	Cache Android SDK	2026-06-06T12:22:48.1362213Z /usr/bin/tar: ../../../../../usr/local/lib/android/sdk/platforms/android-34-ext10/data/res/values-w320dp-h426dp: Cannot change mode to rwxr-xr-x: Operation not permitted
build	Cache Android SDK	2026-06-06T12:22:48.1364577Z /usr/bin/tar: ../../../../../usr/local/lib/android/sdk/platforms/android-34-ext10/data/res/values-mcc310-mnc270-bs: Cannot utime: Operation not permitted
build	Cache Android SDK	2026-06-06T12:22:48.1365728Z /usr/bin/tar: ../../../../../usr/local/lib/android/sdk/platforms/android-34-ext10/data/res/values-mcc310-mnc270-bs: Cannot change mode to rwxr-xr-x: Operation not permitted
build	Cache Android SDK	2026-06-06T12:22:48.1367918Z /usr/bin/tar: ../../../../../usr/local/lib/android/sdk/platforms/android-34-ext10/data/res/values-mcc310-mnc230-sr: Cannot utime: Operation not permitted
build	Cache Android SDK	2026-06-06T12:22:48.1368868Z /usr/bin/tar: ../../../../../usr/local/lib/android/sdk/platforms/android-34-ext10/data/res/values-mcc310-mnc230-sr: Cannot change mode to rwxr-xr-x: Operation not permitted
build	Cache Android SDK	2026-06-06T12:22:48.1370757Z /usr/bin/tar: ../../../../../usr/local/lib/android/sdk/platforms/android-34-ext10/data/res/values-mcc313-mnc100-si: Cannot utime: Operation not permitted
build	Cache Android SDK	2026-06-06T12:22:48.1371702Z /usr/bin/tar: ../../../../../usr/local/lib/android/sdk/platforms/android-34-ext10/data/res/values-mcc313-mnc100-si: Cannot change mode to rwxr-xr-x: Operation not permitted
build	Cache Android SDK	2026-06-06T12:22:48.1377236Z /usr/bin/tar: ../../../../../usr/local/lib/android/sdk/platforms/android-34-ext10/data/res/values-bs: Cannot utime: Operation not permitted
build	Cache Android SDK	2026-06-06T12:22:48.1378963Z /usr/bin/tar: ../../../../../usr/local/lib/android/sdk/platforms/android-34-ext10/data/res/values-bs: Cannot change mode to rwxr-xr-x: Operation not permitted
build	Cache Android SDK	2026-06-06T12:22:48.1380331Z /usr/bin/tar: ../../../../../usr/local/lib/android/sdk/platforms/android-34-ext10/data/res/values-mcc310-mnc230-pt-rPT: Cannot utime: Operation not permitted
build	Cache Android SDK	2026-06-06T12:22:48.1381360Z /usr/bin/tar: ../../../../../usr/local/lib/android/sdk/platforms/android-34-ext10/data/res/values-mcc310-mnc230-pt-rPT: Cannot change mode to rwxr-xr-x: Operation not permitted
build	Cache Android SDK	2026-06-06T12:22:48.1383066Z /usr/bin/tar: ../../../../../usr/local/lib/android/sdk/platforms/android-34-ext10/data/res/values-mcc310-mnc170-zh-rCN: Cannot utime: Operation not permitted
build	Cache Android SDK	2026-06-06T12:22:48.1384159Z /usr/bin/tar: ../../../../../usr/local/lib/android/sdk/platforms/android-34-ext10/data/res/values-mcc310-mnc170-zh-rCN: Cannot change mode to rwxr-xr-x: Operation not permitted
build	Cache Android SDK	2026-06-06T12:22:48.1386672Z /usr/bin/tar: ../../../../../usr/local/lib/android/sdk/platforms/android-34-ext10/data/res/values-mcc313-mnc100-lo: Cannot utime: Operation not permitted
build	Cache Android SDK	2026-06-06T12:22:48.1387801Z /usr/bin/tar: ../../../../../usr/local/lib/android/sdk/platforms/android-34-ext10/data/res/values-mcc313-mnc100-lo: Cannot change mode to rwxr-xr-x: Operation not permitted
build	Cache Android SDK	2026-06-06T12:22:48.1389773Z /usr/bin/tar: ../../../../../usr/local/lib/android/sdk/platforms/android-34-ext10/data/res/values-mcc302-mnc370-th: Cannot utime: Operation not permitted
build	Cache Android SDK	2026-06-06T12:22:48.1390721Z /usr/bin/tar: ../../../../../usr/local/lib/android/sdk/platforms/android-34-ext10/data/res/values-mcc302-mnc370-th: Cannot change mode to rwxr-xr-x: Operation not permitted
build	Cache Android SDK	2026-06-06T12:22:48.1392607Z /usr/bin/tar: ../../../../../usr/local/lib/android/sdk/platforms/android-34-ext10/data/res/values-mcc310-mnc160-si: Cannot utime: Operation not permitted
build	Cache Android SDK	2026-06-06T12:22:48.1393564Z /usr/bin/tar: ../../../../../usr/local/lib/android/sdk/platforms/android-34-ext10/data/res/values-mcc310-mnc160-si: Cannot change mode to rwxr-xr-x: Operation not permitted
build	Cache Android SDK	2026-06-06T12:22:48.1396209Z /usr/bin/tar: ../../../../../usr/local/lib/android/sdk/platforms/android-34-ext10/data/res/values-mcc311-mnc180-or: Cannot utime: Operation not permitted
build	Cache Android SDK	2026-06-06T12:22:48.1397304Z /usr/bin/tar: ../../../../../usr/local/lib/android/sdk/platforms/android-34-ext10/data/res/values-mcc311-mnc180-or: Cannot change mode to rwxr-xr-x: Operation not permitted
build	Cache Android SDK	2026-06-06T12:22:48.1399585Z /usr/bin/tar: ../../../../../usr/local/lib/android/sdk/platforms/android-34-ext10/data/res/values-mcc312-mnc670-hu: Cannot utime: Operation not permitted
build	Cache Android SDK	2026-06-06T12:22:48.1400529Z /usr/bin/tar: ../../../../../usr/local/lib/android/sdk/platforms/android-34-ext10/data/res/values-mcc312-mnc670-hu: Cannot change mode to rwxr-xr-x: Operation not permitted
build	Cache Android SDK	2026-06-06T12:22:48.1402612Z /usr/bin/tar: ../../../../../usr/local/lib/android/sdk/platforms/android-34-ext10/data/res/values-mcc302-mnc720-ml: Cannot utime: Operation not permitted
build	Cache Android SDK	2026-06-06T12:22:48.1403569Z /usr/bin/tar: ../../../../../usr/local/lib/android/sdk/platforms/android-34-ext10/data/res/values-mcc302-mnc720-ml: Cannot change mode to rwxr-xr-x: Operation not permitted
build	Cache Android SDK	2026-06-06T12:22:48.1405741Z /usr/bin/tar: ../../../../../usr/local/lib/android/sdk/platforms/android-34-ext10/data/res/values-mcc310-mnc410-pt: Cannot utime: Operation not permitted
build	Cache Android SDK	2026-06-06T12:22:48.1406702Z /usr/bin/tar: ../../../../../usr/local/lib/android/sdk/platforms/android-34-ext10/data/res/values-mcc310-mnc410-pt: Cannot change mode to rwxr-xr-x: Operation not permitted
build	Cache Android SDK	2026-06-06T12:22:48.1408871Z /usr/bin/tar: ../../../../../usr/local/lib/android/sdk/platforms/android-34-ext10/data/res/values-mcc313-mnc100-zu: Cannot utime: Operation not permitted
build	Cache Android SDK	2026-06-06T12:22:48.1409823Z /usr/bin/tar: ../../../../../usr/local/lib/android/sdk/platforms/android-34-ext10/data/res/values-mcc313-mnc100-zu: Cannot change mode to rwxr-xr-x: Operation not permitted
build	Cache Android SDK	2026-06-06T12:22:48.1411919Z /usr/bin/tar: ../../../../../usr/local/lib/android/sdk/platforms/android-34-ext10/data/res/values-mcc310-mnc560-ca: Cannot utime: Operation not permitted
build	Cache Android SDK	2026-06-06T12:22:48.1412870Z /usr/bin/tar: ../../../../../usr/local/lib/android/sdk/platforms/android-34-ext10/data/res/values-mcc310-mnc560-ca: Cannot change mode to rwxr-xr-x: Operation not permitted
build	Cache Android SDK	2026-06-06T12:22:48.1415060Z /usr/bin/tar: ../../../../../usr/local/lib/android/sdk/platforms/android-34-ext10/data/res/values-bg-watch: Cannot utime: Operation not permitted
build	Cache Android SDK	2026-06-06T12:22:48.1415981Z /usr/bin/tar: ../../../../../usr/local/lib/android/sdk/platforms/android-34-ext10/data/res/values-bg-watch: Cannot change mode to rwxr-xr-x: Operation not permitted
build	Cache Android SDK	2026-06-06T12:22:48.1642748Z /usr/bin/tar: ../../../../../usr/local/lib/android/sdk/platforms/android-34-ext10/data/res/drawable: Cannot utime: Operation not permitted
build	Cache Android SDK	2026-06-06T12:22:48.1643881Z /usr/bin/tar: ../../../../../usr/local/lib/android/sdk/platforms/android-34-ext10/data/res/drawable: Cannot change mode to rwxr-xr-x: Operation not permitted
build	Cache Android SDK	2026-06-06T12:22:48.1645275Z /usr/bin/tar: ../../../../../usr/local/lib/android/sdk/platforms/android-34-ext10/data/res/values-mcc310-mnc280-te: Cannot utime: Operation not permitted
build	Cache Android SDK	2026-06-06T12:22:48.1646242Z /usr/bin/tar: ../../../../../usr/local/lib/android/sdk/platforms/android-34-ext10/data/res/values-mcc310-mnc280-te: Cannot change mode to rwxr-xr-x: Operation not permitted
build	Cache Android SDK	2026-06-06T12:22:48.1648425Z /usr/bin/tar: ../../../../../usr/local/lib/android/sdk/platforms/android-34-ext10/data/res/values-mcc312-mnc670-lo: Cannot utime: Operation not permitted
build	Cache Android SDK	2026-06-06T12:22:48.1649372Z /usr/bin/tar: ../../../../../usr/local/lib/android/sdk/platforms/android-34-ext10/data/res/values-mcc312-mnc670-lo: Cannot change mode to rwxr-xr-x: Operation not permitted
build	Cache Android SDK	2026-06-06T12:22:48.1651767Z /usr/bin/tar: ../../../../../usr/local/lib/android/sdk/platforms/android-34-ext10/data/res/values-mcc310-mnc210-ro: Cannot utime: Operation not permitted
build	Cache Android SDK	2026-06-06T12:22:48.1652761Z /usr/bin/tar: ../../../../../usr/local/lib/android/sdk/platforms/android-34-ext10/data/res/values-mcc310-mnc210-ro: Cannot change mode to rwxr-xr-x: Operation not permitted
build	Cache Android SDK	2026-06-06T12:22:48.1654667Z /usr/bin/tar: ../../../../../usr/local/lib/android/sdk/platforms/android-34-ext10/data/res/values-mcc302-mnc720-be: Cannot utime: Operation not permitted
build	Cache Android SDK	2026-06-06T12:22:48.1655628Z /usr/bin/tar: ../../../../../usr/local/lib/android/sdk/platforms/android-34-ext10/data/res/values-mcc302-mnc720-be: Cannot change mode to rwxr-xr-x: Operation not permitted
build	Cache Android SDK	2026-06-06T12:22:48.1658078Z /usr/bin/tar: ../../../../../usr/local/lib/android/sdk/platforms/android-34-ext10/data/res/values-ne-television: Cannot utime: Operation not permitted
build	Cache Android SDK	2026-06-06T12:22:48.1659077Z /usr/bin/tar: ../../../../../usr/local/lib/android/sdk/platforms/android-34-ext10/data/res/values-ne-television: Cannot change mode to rwxr-xr-x: Operation not permitted
build	Cache Android SDK	2026-06-06T12:22:48.1661825Z /usr/bin/tar: ../../../../../usr/local/lib/android/sdk/platforms/android-34-ext10/data/res/values-mcc310-mnc660-ms: Cannot utime: Operation not permitted
build	Cache Android SDK	2026-06-06T12:22:48.1662770Z /usr/bin/tar: ../../../../../usr/local/lib/android/sdk/platforms/android-34-ext10/data/res/values-mcc310-mnc660-ms: Cannot change mode to rwxr-xr-x: Operation not permitted
build	Cache Android SDK	2026-06-06T12:22:48.1664985Z /usr/bin/tar: ../../../../../usr/local/lib/android/sdk/platforms/android-34-ext10/data/res/values-mcc310-mnc490-hy: Cannot utime: Operation not permitted
build	Cache Android SDK	2026-06-06T12:22:48.1665930Z /usr/bin/tar: ../../../../../usr/local/lib/android/sdk/platforms/android-34-ext10/data/res/values-mcc310-mnc490-hy: Cannot change mode to rwxr-xr-x: Operation not permitted
build	Cache Android SDK	2026-06-06T12:22:48.1668474Z /usr/bin/tar: ../../../../../usr/local/lib/android/sdk/platforms/android-34-ext10/data/res/values-mcc311-mnc180-as: Cannot utime: Operation not permitted
build	Cache Android SDK	2026-06-06T12:22:48.1669449Z /usr/bin/tar: ../../../../../usr/local/lib/android/sdk/platforms/android-34-ext10/data/res/values-mcc311-mnc180-as: Cannot change mode to rwxr-xr-x: Operation not permitted
build	Cache Android SDK	2026-06-06T12:22:48.1671890Z /usr/bin/tar: ../../../../../usr/local/lib/android/sdk/platforms/android-34-ext10/data/res/values-zh-rHK-watch: Cannot utime: Operation not permitted
build	Cache Android SDK	2026-06-06T12:22:48.1672838Z /usr/bin/tar: ../../../../../usr/local/lib/android/sdk/platforms/android-34-ext10/data/res/values-zh-rHK-watch: Cannot change mode to rwxr-xr-x: Operation not permitted
build	Cache Android SDK	2026-06-06T12:22:48.1675148Z /usr/bin/tar: ../../../../../usr/local/lib/android/sdk/platforms/android-34-ext10/data/res/values-mcc310-mnc560-tl: Cannot utime: Operation not permitted
build	Cache Android SDK	2026-06-06T12:22:48.1677212Z /usr/bin/tar: ../../../../../usr/local/lib/android/sdk/platforms/android-34-ext10/data/res/values-mcc310-mnc560-tl: Cannot change mode to rwxr-xr-x: Operation not permitted
build	Cache Android SDK	2026-06-06T12:22:48.1678673Z /usr/bin/tar: ../../../../../usr/local/lib/android/sdk/platforms/android-34-ext10/data/res/values-mcc310-mnc210-es-rUS: Cannot utime: Operation not permitted
build	Cache Android SDK	2026-06-06T12:22:48.1679879Z /usr/bin/tar: ../../../../../usr/local/lib/android/sdk/platforms/android-34-ext10/data/res/values-mcc310-mnc210-es-rUS: Cannot change mode to rwxr-xr-x: Operation not permitted
build	Cache Android SDK	2026-06-06T12:22:48.1681094Z /usr/bin/tar: ../../../../../usr/local/lib/android/sdk/platforms/android-34-ext10/data/res/values-mcc312-mnc670-b+sr+Latn: Cannot utime: Operation not permitted
build	Cache Android SDK	2026-06-06T12:22:48.1682214Z /usr/bin/tar: ../../../../../usr/local/lib/android/sdk/platforms/android-34-ext10/data/res/values-mcc312-mnc670-b+sr+Latn: Cannot change mode to rwxr-xr-x: Operation not permitted
build	Cache Android SDK	2026-06-06T12:22:48.1684814Z /usr/bin/tar: ../../../../../usr/local/lib/android/sdk/platforms/android-34-ext10/data/res/values-mcc310-mnc210-tr: Cannot utime: Operation not permitted
build	Cache Android SDK	2026-06-06T12:22:48.1685794Z /usr/bin/tar: ../../../../../usr/local/lib/android/sdk/platforms/android-34-ext10/data/res/values-mcc310-mnc210-tr: Cannot change mode to rwxr-xr-x: Operation not permitted
build	Cache Android SDK	2026-06-06T12:22:48.1687778Z /usr/bin/tar: ../../../../../usr/local/lib/android/sdk/platforms/android-34-ext10/data/res/values-mcc302-mnc720-iw: Cannot utime: Operation not permitted
build	Cache Android SDK	2026-06-06T12:22:48.1688731Z /usr/bin/tar: ../../../../../usr/local/lib/android/sdk/platforms/android-34-ext10/data/res/values-mcc302-mnc720-iw: Cannot change mode to rwxr-xr-x: Operation not permitted
build	Cache Android SDK	2026-06-06T12:22:48.1690829Z /usr/bin/tar: ../../../../../usr/local/lib/android/sdk/platforms/android-34-ext10/data/res/values-mcc310-mnc230-eu: Cannot utime: Operation not permitted
build	Cache Android SDK	2026-06-06T12:22:48.1691776Z /usr/bin/tar: ../../../../../usr/local/lib/android/sdk/platforms/android-34-ext10/data/res/values-mcc310-mnc230-eu: Cannot change mode to rwxr-xr-x: Operation not permitted
build	Cache Android SDK	2026-06-06T12:22:48.1693826Z /usr/bin/tar: ../../../../../usr/local/lib/android/sdk/platforms/android-34-ext10/data/res/values-mcc310-mnc160-ar: Cannot utime: Operation not permitted
build	Cache Android SDK	2026-06-06T12:22:48.1694937Z /usr/bin/tar: ../../../../../usr/local/lib/android/sdk/platforms/android-34-ext10/data/res/values-mcc310-mnc160-ar: Cannot change mode to rwxr-xr-x: Operation not permitted
build	Cache Android SDK	2026-06-06T12:22:48.1697015Z /usr/bin/tar: ../../../../../usr/local/lib/android/sdk/platforms/android-34-ext10/data/res/values-cs-watch: Cannot utime: Operation not permitted
build	Cache Android SDK	2026-06-06T12:22:48.1698182Z /usr/bin/tar: ../../../../../usr/local/lib/android/sdk/platforms/android-34-ext10/data/res/values-cs-watch: Cannot change mode to rwxr-xr-x: Operation not permitted
build	Cache Android SDK	2026-06-06T12:22:48.1699668Z /usr/bin/tar: ../../../../../usr/local/lib/android/sdk/platforms/android-34-ext10/data/res/values-mcc302-mnc720-en-rCA: Cannot utime: Operation not permitted
build	Cache Android SDK	2026-06-06T12:22:48.1707275Z /usr/bin/tar: ../../../../../usr/local/lib/android/sdk/platforms/android-34-ext10/data/res/values-mcc302-mnc720-en-rCA: Cannot change mode to rwxr-xr-x: Operation not permitted
build	Cache Android SDK	2026-06-06T12:22:48.1708538Z /usr/bin/tar: ../../../../../usr/local/lib/android/sdk/platforms/android-34-ext10/data/res/values-ml: Cannot utime: Operation not permitted
build	Cache Android SDK	2026-06-06T12:22:48.1709790Z /usr/bin/tar: ../../../../../usr/local/lib/android/sdk/platforms/android-34-ext10/data/res/values-ml: Cannot change mode to rwxr-xr-x: Operation not permitted
build	Cache Android SDK	2026-06-06T12:22:48.1711244Z /usr/bin/tar: ../../../../../usr/local/lib/android/sdk/platforms/android-34-ext10/data/res/values-mcc310-mnc150-my: Cannot utime: Operation not permitted
build	Cache Android SDK	2026-06-06T12:22:48.1713006Z /usr/bin/tar: ../../../../../usr/local/lib/android/sdk/platforms/android-34-ext10/data/res/values-mcc310-mnc150-my: Cannot change mode to rwxr-xr-x: Operation not permitted
build	Cache Android SDK	2026-06-06T12:22:48.1714081Z /usr/bin/tar: ../../../../../usr/local/lib/android/sdk/platforms/android-34-ext10/data/res/values-pt-rBR-television: Cannot utime: Operation not permitted
build	Cache Android SDK	2026-06-06T12:22:48.1715359Z /usr/bin/tar: ../../../../../usr/local/lib/android/sdk/platforms/android-34-ext10/data/res/values-pt-rBR-television: Cannot change mode to rwxr-xr-x: Operation not permitted
build	Cache Android SDK	2026-06-06T12:22:48.1716894Z /usr/bin/tar: ../../../../../usr/local/lib/android/sdk/platforms/android-34-ext10/data/res/values-mcc310-mnc030-af: Cannot utime: Operation not permitted
build	Cache Android SDK	2026-06-06T12:22:48.1718044Z /usr/bin/tar: ../../../../../usr/local/lib/android/sdk/platforms/android-34-ext10/data/res/values-mcc310-mnc030-af: Cannot change mode to rwxr-xr-x: Operation not permitted
build	Cache Android SDK	2026-06-06T12:22:48.1720007Z /usr/bin/tar: ../../../../../usr/local/lib/android/sdk/platforms/android-34-ext10/data/res/values-mcc310-mnc280-ar: Cannot utime: Operation not permitted
build	Cache Android SDK	2026-06-06T12:22:48.1720981Z /usr/bin/tar: ../../../../../usr/local/lib/android/sdk/platforms/android-34-ext10/data/res/values-mcc310-mnc280-ar: Cannot change mode to rwxr-xr-x: Operation not permitted
build	Cache Android SDK	2026-06-06T12:22:48.1722910Z /usr/bin/tar: ../../../../../usr/local/lib/android/sdk/platforms/android-34-ext10/data/res/values-mcc310-mnc160-bg: Cannot utime: Operation not permitted
build	Cache Android SDK	2026-06-06T12:22:48.1723896Z /usr/bin/tar: ../../../../../usr/local/lib/android/sdk/platforms/android-34-ext10/data/res/values-mcc310-mnc160-bg: Cannot change mode to rwxr-xr-x: Operation not permitted
build	Cache Android SDK	2026-06-06T12:22:48.1726515Z /usr/bin/tar: ../../../../../usr/local/lib/android/sdk/platforms/android-34-ext10/data/res/values-ml-watch: Cannot utime: Operation not permitted
build	Cache Android SDK	2026-06-06T12:22:48.1727680Z /usr/bin/tar: ../../../../../usr/local/lib/android/sdk/platforms/android-34-ext10/data/res/values-ml-watch: Cannot change mode to rwxr-xr-x: Operation not permitted
build	Cache Android SDK	2026-06-06T12:22:48.1729398Z /usr/bin/tar: ../../../../../usr/local/lib/android/sdk/platforms/android-34-ext10/data/res/values-mcc310-mnc210-ur: Cannot utime: Operation not permitted
build	Cache Android SDK	2026-06-06T12:22:48.1730489Z /usr/bin/tar: ../../../../../usr/local/lib/android/sdk/platforms/android-34-ext10/data/res/values-mcc310-mnc210-ur: Cannot change mode to rwxr-xr-x: Operation not permitted
build	Cache Android SDK	2026-06-06T12:22:48.1732438Z /usr/bin/tar: ../../../../../usr/local/lib/android/sdk/platforms/android-34-ext10/data/res/values-mcc310-mnc240-hr: Cannot utime: Operation not permitted
build	Cache Android SDK	2026-06-06T12:22:48.1733558Z /usr/bin/tar: ../../../../../usr/local/lib/android/sdk/platforms/android-34-ext10/data/res/values-mcc310-mnc240-hr: Cannot change mode to rwxr-xr-x: Operation not permitted
build	Cache Android SDK	2026-06-06T12:22:48.1735273Z /usr/bin/tar: ../../../../../usr/local/lib/android/sdk/platforms/android-34-ext10/data/res/values-mcc310-mnc160-en-rGB: Cannot utime: Operation not permitted
build	Cache Android SDK	2026-06-06T12:22:48.1736247Z /usr/bin/tar: ../../../../../usr/local/lib/android/sdk/platforms/android-34-ext10/data/res/values-mcc310-mnc160-en-rGB: Cannot change mode to rwxr-xr-x: Operation not permitted
build	Cache Android SDK	2026-06-06T12:22:48.1737996Z /usr/bin/tar: ../../../../../usr/local/lib/android/sdk/platforms/android-34-ext10/data/res/values-fr-rCA-watch: Cannot utime: Operation not permitted
build	Cache Android SDK	2026-06-06T12:22:48.1738942Z /usr/bin/tar: ../../../../../usr/local/lib/android/sdk/platforms/android-34-ext10/data/res/values-fr-rCA-watch: Cannot change mode to rwxr-xr-x: Operation not permitted
build	Cache Android SDK	2026-06-06T12:22:48.1741234Z /usr/bin/tar: ../../../../../usr/local/lib/android/sdk/platforms/android-34-ext10/data/res/values-mcc310-mnc560-es-rUS: Cannot utime: Operation not permitted
build	Cache Android SDK	2026-06-06T12:22:48.1742210Z /usr/bin/tar: ../../../../../usr/local/lib/android/sdk/platforms/android-34-ext10/data/res/values-mcc310-mnc560-es-rUS: Cannot change mode to rwxr-xr-x: Operation not permitted
build	Cache Android SDK	2026-06-06T12:22:48.1744031Z /usr/bin/tar: ../../../../../usr/local/lib/android/sdk/platforms/android-34-ext10/data/res/values-mcc310-mnc300: Cannot utime: Operation not permitted
build	Cache Android SDK	2026-06-06T12:22:48.1744975Z /usr/bin/tar: ../../../../../usr/local/lib/android/sdk/platforms/android-34-ext10/data/res/values-mcc310-mnc300: Cannot change mode to rwxr-xr-x: Operation not permitted
build	Cache Android SDK	2026-06-06T12:22:48.1747202Z /usr/bin/tar: ../../../../../usr/local/lib/android/sdk/platforms/android-34-ext10/data/res/values-mcc310-mnc310-gu: Cannot utime: Operation not permitted
build	Cache Android SDK	2026-06-06T12:22:48.1748592Z /usr/bin/tar: ../../../../../usr/local/lib/android/sdk/platforms/android-34-ext10/data/res/values-mcc310-mnc310-gu: Cannot change mode to rwxr-xr-x: Operation not permitted
build	Cache Android SDK	2026-06-06T12:22:48.1750201Z /usr/bin/tar: ../../../../../usr/local/lib/android/sdk/platforms/android-34-ext10/data/res/values-mcc310-mnc560-en-rIN: Cannot utime: Operation not permitted
build	Cache Android SDK	2026-06-06T12:22:48.1751301Z /usr/bin/tar: ../../../../../usr/local/lib/android/sdk/platforms/android-34-ext10/data/res/values-mcc310-mnc560-en-rIN: Cannot change mode to rwxr-xr-x: Operation not permitted
build	Cache Android SDK	2026-06-06T12:22:48.1752926Z /usr/bin/tar: ../../../../../usr/local/lib/android/sdk/platforms/android-34-ext10/data/res/values-mcc310-mnc280-da: Cannot utime: Operation not permitted
build	Cache Android SDK	2026-06-06T12:22:48.1753874Z /usr/bin/tar: ../../../../../usr/local/lib/android/sdk/platforms/android-34-ext10/data/res/values-mcc310-mnc280-da: Cannot change mode to rwxr-xr-x: Operation not permitted
build	Cache Android SDK	2026-06-06T12:22:48.1756519Z /usr/bin/tar: ../../../../../usr/local/lib/android/sdk/platforms/android-34-ext10/data/res/values-mcc311-mnc180-fr: Cannot utime: Operation not permitted
build	Cache Android SDK	2026-06-06T12:22:48.1757723Z /usr/bin/tar: ../../../../../usr/local/lib/android/sdk/platforms/android-34-ext10/data/res/values-mcc311-mnc180-fr: Cannot change mode to rwxr-xr-x: Operation not permitted
build	Cache Android SDK	2026-06-06T12:22:48.1759355Z /usr/bin/tar: ../../../../../usr/local/lib/android/sdk/platforms/android-34-ext10/data/res/values-mcc310-mnc310-ms: Cannot utime: Operation not permitted
build	Cache Android SDK	2026-06-06T12:22:48.1760347Z /usr/bin/tar: ../../../../../usr/local/lib/android/sdk/platforms/android-34-ext10/data/res/values-mcc310-mnc310-ms: Cannot change mode to rwxr-xr-x: Operation not permitted
build	Cache Android SDK	2026-06-06T12:22:48.1762583Z /usr/bin/tar: ../../../../../usr/local/lib/android/sdk/platforms/android-34-ext10/data/res/values-mcc310-mnc170-te: Cannot utime: Operation not permitted
build	Cache Android SDK	2026-06-06T12:22:48.1763565Z /usr/bin/tar: ../../../../../usr/local/lib/android/sdk/platforms/android-34-ext10/data/res/values-mcc310-mnc170-te: Cannot change mode to rwxr-xr-x: Operation not permitted
build	Cache Android SDK	2026-06-06T12:22:48.1769612Z /usr/bin/tar: ../../../../../usr/local/lib/android/sdk/platforms/android-34-ext10/data/res/values-mcc001-mnc01-te: Cannot utime: Operation not permitted
build	Cache Android SDK	2026-06-06T12:22:48.1770595Z /usr/bin/tar: ../../../../../usr/local/lib/android/sdk/platforms/android-34-ext10/data/res/values-mcc001-mnc01-te: Cannot change mode to rwxr-xr-x: Operation not permitted
build	Cache Android SDK	2026-06-06T12:22:48.1773826Z /usr/bin/tar: ../../../../../usr/local/lib/android/sdk/platforms/android-34-ext10/data/res/values-mcc310-mnc310-mr: Cannot utime: Operation not permitted
build	Cache Android SDK	2026-06-06T12:22:48.1774786Z /usr/bin/tar: ../../../../../usr/local/lib/android/sdk/platforms/android-34-ext10/data/res/values-mcc310-mnc310-mr: Cannot change mode to rwxr-xr-x: Operation not permitted
build	Cache Android SDK	2026-06-06T12:22:48.1780800Z /usr/bin/tar: ../../../../../usr/local/lib/android/sdk/platforms/android-34-ext10/data/res/values-mcc310-mnc660-tr: Cannot utime: Operation not permitted
build	Cache Android SDK	2026-06-06T12:22:48.1781772Z /usr/bin/tar: ../../../../../usr/local/lib/android/sdk/platforms/android-34-ext10/data/res/values-mcc310-mnc660-tr: Cannot change mode to rwxr-xr-x: Operation not permitted
build	Cache Android SDK	2026-06-06T12:22:48.1785296Z /usr/bin/tar: ../../../../../usr/local/lib/android/sdk/platforms/android-34-ext10/data/res/values-mcc302-mnc370-iw: Cannot utime: Operation not permitted
build	Cache Android SDK	2026-06-06T12:22:48.1786354Z /usr/bin/tar: ../../../../../usr/local/lib/android/sdk/platforms/android-34-ext10/data/res/values-mcc302-mnc370-iw: Cannot change mode to rwxr-xr-x: Operation not permitted
build	Cache Android SDK	2026-06-06T12:22:48.1789233Z /usr/bin/tar: ../../../../../usr/local/lib/android/sdk/platforms/android-34-ext10/data/res/values-mcc334-mnc020-tr: Cannot utime: Operation not permitted
build	Cache Android SDK	2026-06-06T12:22:48.1790300Z /usr/bin/tar: ../../../../../usr/local/lib/android/sdk/platforms/android-34-ext10/data/res/values-mcc334-mnc020-tr: Cannot change mode to rwxr-xr-x: Operation not permitted
build	Cache Android SDK	2026-06-06T12:22:48.1793033Z /usr/bin/tar: ../../../../../usr/local/lib/android/sdk/platforms/android-34-ext10/data/res/values-mcc310-mnc030-in: Cannot utime: Operation not permitted
build	Cache Android SDK	2026-06-06T12:22:48.1794120Z /usr/bin/tar: ../../../../../usr/local/lib/android/sdk/platforms/android-34-ext10/data/res/values-mcc310-mnc030-in: Cannot change mode to rwxr-xr-x: Operation not permitted
build	Cache Android SDK	2026-06-06T12:22:48.1797036Z /usr/bin/tar: ../../../../../usr/local/lib/android/sdk/platforms/android-34-ext10/data/res/values-mcc310-mnc310-ne: Cannot utime: Operation not permitted
build	Cache Android SDK	2026-06-06T12:22:48.1798248Z /usr/bin/tar: ../../../../../usr/local/lib/android/sdk/platforms/android-34-ext10/data/res/values-mcc310-mnc310-ne: Cannot change mode to rwxr-xr-x: Operation not permitted
build	Cache Android SDK	2026-06-06T12:22:48.1801961Z /usr/bin/tar: ../../../../../usr/local/lib/android/sdk/platforms/android-34-ext10/data/res/values-mcc310-mnc240-de: Cannot utime: Operation not permitted
build	Cache Android SDK	﻿2026-06-06T12:22:48.1805558Z /usr/bin/tar: ../../../../../usr/local/lib/android/sdk/platforms/android-34-ext10/data/res/values-mcc310-mnc240-de: Cannot change mode to rwxr-xr-x: Operation not permitted
build	Cache Android SDK	2026-06-06T12:22:48.1806616Z /usr/bin/tar: ../../../../../usr/local/lib/android/sdk/platforms/android-34-ext10/data/res/values-mcc310-mnc490-bn: Cannot utime: Operation not permitted
build	Cache Android SDK	2026-06-06T12:22:48.1808184Z /usr/bin/tar: ../../../../../usr/local/lib/android/sdk/platforms/android-34-ext10/data/res/values-mcc310-mnc490-bn: Cannot change mode to rwxr-xr-x: Operation not permitted
build	Cache Android SDK	2026-06-06T12:22:48.1809992Z /usr/bin/tar: ../../../../../usr/local/lib/android/sdk/platforms/android-34-ext10/data/res/values-mcc310-mnc280-sq: Cannot utime: Operation not permitted
build	Cache Android SDK	2026-06-06T12:22:48.1811526Z /usr/bin/tar: ../../../../../usr/local/lib/android/sdk/platforms/android-34-ext10/data/res/values-mcc310-mnc280-sq: Cannot change mode to rwxr-xr-x: Operation not permitted
build	Cache Android SDK	2026-06-06T12:22:48.1813145Z /usr/bin/tar: ../../../../../usr/local/lib/android/sdk/platforms/android-34-ext10/data/res/values-mcc310-mnc380-si: Cannot utime: Operation not permitted
build	Cache Android SDK	2026-06-06T12:22:48.1814322Z /usr/bin/tar: ../../../../../usr/local/lib/android/sdk/platforms/android-34-ext10/data/res/values-mcc310-mnc380-si: Cannot change mode to rwxr-xr-x: Operation not permitted
build	Cache Android SDK	2026-06-06T12:22:48.1816175Z /usr/bin/tar: ../../../../../usr/local/lib/android/sdk/platforms/android-34-ext10/data/res/values-mcc313-mnc100-zh-rTW: Cannot utime: Operation not permitted
build	Cache Android SDK	2026-06-06T12:22:48.1817162Z /usr/bin/tar: ../../../../../usr/local/lib/android/sdk/platforms/android-34-ext10/data/res/values-mcc313-mnc100-zh-rTW: Cannot change mode to rwxr-xr-x: Operation not permitted
build	Cache Android SDK	2026-06-06T12:22:48.1819274Z /usr/bin/tar: ../../../../../usr/local/lib/android/sdk/platforms/android-34-ext10/data/res/values-mcc310-mnc250-pt-rBR: Cannot utime: Operation not permitted
build	Cache Android SDK	2026-06-06T12:22:48.1820253Z /usr/bin/tar: ../../../../../usr/local/lib/android/sdk/platforms/android-34-ext10/data/res/values-mcc310-mnc250-pt-rBR: Cannot change mode to rwxr-xr-x: Operation not permitted
build	Cache Android SDK	2026-06-06T12:22:48.1823075Z /usr/bin/tar: ../../../../../usr/local/lib/android/sdk/platforms/android-34-ext10/data/res/values-mcc310-mnc310-kn: Cannot utime: Operation not permitted
build	Cache Android SDK	2026-06-06T12:22:48.1824263Z /usr/bin/tar: ../../../../../usr/local/lib/android/sdk/platforms/android-34-ext10/data/res/values-mcc310-mnc310-kn: Cannot change mode to rwxr-xr-x: Operation not permitted
build	Cache Android SDK	2026-06-06T12:22:48.1826980Z /usr/bin/tar: ../../../../../usr/local/lib/android/sdk/platforms/android-34-ext10/data/res/values-mcc310-mnc230-sk: Cannot utime: Operation not permitted
build	Cache Android SDK	2026-06-06T12:22:48.1828152Z /usr/bin/tar: ../../../../../usr/local/lib/android/sdk/platforms/android-34-ext10/data/res/values-mcc310-mnc230-sk: Cannot change mode to rwxr-xr-x: Operation not permitted
build	Cache Android SDK	2026-06-06T12:22:48.1830378Z /usr/bin/tar: ../../../../../usr/local/lib/android/sdk/platforms/android-34-ext10/data/res/values-mcc310-mnc800-ne: Cannot utime: Operation not permitted
build	Cache Android SDK	2026-06-06T12:22:48.1831451Z /usr/bin/tar: ../../../../../usr/local/lib/android/sdk/platforms/android-34-ext10/data/res/values-mcc310-mnc800-ne: Cannot change mode to rwxr-xr-x: Operation not permitted
build	Cache Android SDK	2026-06-06T12:22:48.1834703Z /usr/bin/tar: ../../../../../usr/local/lib/android/sdk/platforms/android-34-ext10/data/res/values-mcc310-mnc220-mk: Cannot utime: Operation not permitted
build	Cache Android SDK	2026-06-06T12:22:48.1835982Z /usr/bin/tar: ../../../../../usr/local/lib/android/sdk/platforms/android-34-ext10/data/res/values-mcc310-mnc220-mk: Cannot change mode to rwxr-xr-x: Operation not permitted
build	Cache Android SDK	2026-06-06T12:22:48.1838678Z /usr/bin/tar: ../../../../../usr/local/lib/android/sdk/platforms/android-34-ext10/data/res/values-mcc312-mnc670-lt: Cannot utime: Operation not permitted
build	Cache Android SDK	2026-06-06T12:22:48.1839751Z /usr/bin/tar: ../../../../../usr/local/lib/android/sdk/platforms/android-34-ext10/data/res/values-mcc312-mnc670-lt: Cannot change mode to rwxr-xr-x: Operation not permitted
build	Cache Android SDK	2026-06-06T12:22:48.1844302Z /usr/bin/tar: ../../../../../usr/local/lib/android/sdk/platforms/android-34-ext10/data/res/values-mcc310-mnc950-fi: Cannot utime: Operation not permitted
build	Cache Android SDK	2026-06-06T12:22:48.1845402Z /usr/bin/tar: ../../../../../usr/local/lib/android/sdk/platforms/android-34-ext10/data/res/values-mcc310-mnc950-fi: Cannot change mode to rwxr-xr-x: Operation not permitted
build	Cache Android SDK	2026-06-06T12:22:48.1847910Z /usr/bin/tar: ../../../../../usr/local/lib/android/sdk/platforms/android-34-ext10/data/res/values-mcc302-mnc720-zh-rTW: Cannot utime: Operation not permitted
build	Cache Android SDK	2026-06-06T12:22:48.1848932Z /usr/bin/tar: ../../../../../usr/local/lib/android/sdk/platforms/android-34-ext10/data/res/values-mcc302-mnc720-zh-rTW: Cannot change mode to rwxr-xr-x: Operation not permitted
build	Cache Android SDK	2026-06-06T12:22:48.1851573Z /usr/bin/tar: ../../../../../usr/local/lib/android/sdk/platforms/android-34-ext10/data/res/values-mcc302-mnc370-te: Cannot utime: Operation not permitted
build	Cache Android SDK	2026-06-06T12:22:48.1852572Z /usr/bin/tar: ../../../../../usr/local/lib/android/sdk/platforms/android-34-ext10/data/res/values-mcc302-mnc370-te: Cannot change mode to rwxr-xr-x: Operation not permitted
build	Cache Android SDK	2026-06-06T12:22:48.1860295Z /usr/bin/tar: ../../../../../usr/local/lib/android/sdk/platforms/android-34-ext10/data/res/values-ms: Cannot utime: Operation not permitted
build	Cache Android SDK	2026-06-06T12:22:48.1861211Z /usr/bin/tar: ../../../../../usr/local/lib/android/sdk/platforms/android-34-ext10/data/res/values-ms: Cannot change mode to rwxr-xr-x: Operation not permitted
build	Cache Android SDK	2026-06-06T12:22:48.1863220Z /usr/bin/tar: ../../../../../usr/local/lib/android/sdk/platforms/android-34-ext10/data/res/values-mcc310-mnc270-pt: Cannot utime: Operation not permitted
build	Cache Android SDK	2026-06-06T12:22:48.1864190Z /usr/bin/tar: ../../../../../usr/local/lib/android/sdk/platforms/android-34-ext10/data/res/values-mcc310-mnc270-pt: Cannot change mode to rwxr-xr-x: Operation not permitted
build	Cache Android SDK	2026-06-06T12:22:48.1866720Z /usr/bin/tar: ../../../../../usr/local/lib/android/sdk/platforms/android-34-ext10/data/res/values-mcc310-mnc310-kk: Cannot utime: Operation not permitted
build	Cache Android SDK	2026-06-06T12:22:48.1867998Z /usr/bin/tar: ../../../../../usr/local/lib/android/sdk/platforms/android-34-ext10/data/res/values-mcc310-mnc310-kk: Cannot change mode to rwxr-xr-x: Operation not permitted
build	Cache Android SDK	2026-06-06T12:22:48.1869995Z /usr/bin/tar: ../../../../../usr/local/lib/android/sdk/platforms/android-34-ext10/data/res/raw-pt-rBR: Cannot utime: Operation not permitted
build	Cache Android SDK	2026-06-06T12:22:48.1870886Z /usr/bin/tar: ../../../../../usr/local/lib/android/sdk/platforms/android-34-ext10/data/res/raw-pt-rBR: Cannot change mode to rwxr-xr-x: Operation not permitted
build	Cache Android SDK	2026-06-06T12:22:48.1874265Z /usr/bin/tar: ../../../../../usr/local/lib/android/sdk/platforms/android-34-ext10/data/res/values-mcc310-mnc160-fi: Cannot utime: Operation not permitted
build	Cache Android SDK	2026-06-06T12:22:48.1875224Z /usr/bin/tar: ../../../../../usr/local/lib/android/sdk/platforms/android-34-ext10/data/res/values-mcc310-mnc160-fi: Cannot change mode to rwxr-xr-x: Operation not permitted
build	Cache Android SDK	2026-06-06T12:22:48.1878510Z /usr/bin/tar: ../../../../../usr/local/lib/android/sdk/platforms/android-34-ext10/data/res/values-mcc310-mnc950-da: Cannot utime: Operation not permitted
build	Cache Android SDK	2026-06-06T12:22:48.1879645Z /usr/bin/tar: ../../../../../usr/local/lib/android/sdk/platforms/android-34-ext10/data/res/values-mcc310-mnc950-da: Cannot change mode to rwxr-xr-x: Operation not permitted
build	Cache Android SDK	2026-06-06T12:22:48.1882218Z /usr/bin/tar: ../../../../../usr/local/lib/android/sdk/platforms/android-34-ext10/data/res/values-mcc310-mnc220-fi: Cannot utime: Operation not permitted
build	Cache Android SDK	2026-06-06T12:22:48.1883186Z /usr/bin/tar: ../../../../../usr/local/lib/android/sdk/platforms/android-34-ext10/data/res/values-mcc310-mnc220-fi: Cannot change mode to rwxr-xr-x: Operation not permitted
build	Cache Android SDK	2026-06-06T12:22:48.1885908Z /usr/bin/tar: ../../../../../usr/local/lib/android/sdk/platforms/android-34-ext10/data/res/values-mcc310-mnc210-it: Cannot utime: Operation not permitted
build	Cache Android SDK	2026-06-06T12:22:48.1886878Z /usr/bin/tar: ../../../../../usr/local/lib/android/sdk/platforms/android-34-ext10/data/res/values-mcc310-mnc210-it: Cannot change mode to rwxr-xr-x: Operation not permitted
build	Cache Android SDK	2026-06-06T12:22:48.1889363Z /usr/bin/tar: ../../../../../usr/local/lib/android/sdk/platforms/android-34-ext10/data/res/values-mcc310-mnc490-lt: Cannot utime: Operation not permitted
build	Cache Android SDK	2026-06-06T12:22:48.1890415Z /usr/bin/tar: ../../../../../usr/local/lib/android/sdk/platforms/android-34-ext10/data/res/values-mcc310-mnc490-lt: Cannot change mode to rwxr-xr-x: Operation not permitted
build	Cache Android SDK	2026-06-06T12:22:48.1893650Z /usr/bin/tar: ../../../../../usr/local/lib/android/sdk/platforms/android-34-ext10/data/res/values-mcc310-mnc220-bg: Cannot utime: Operation not permitted
build	Cache Android SDK	2026-06-06T12:22:48.1894622Z /usr/bin/tar: ../../../../../usr/local/lib/android/sdk/platforms/android-34-ext10/data/res/values-mcc310-mnc220-bg: Cannot change mode to rwxr-xr-x: Operation not permitted
build	Cache Android SDK	2026-06-06T12:22:48.1898645Z /usr/bin/tar: ../../../../../usr/local/lib/android/sdk/platforms/android-34-ext10/data/res/values-mcc334-mnc020-ms: Cannot utime: Operation not permitted
build	Cache Android SDK	2026-06-06T12:22:48.1899606Z /usr/bin/tar: ../../../../../usr/local/lib/android/sdk/platforms/android-34-ext10/data/res/values-mcc334-mnc020-ms: Cannot change mode to rwxr-xr-x: Operation not permitted
build	Cache Android SDK	2026-06-06T12:22:48.1903117Z /usr/bin/tar: ../../../../../usr/local/lib/android/sdk/platforms/android-34-ext10/data/res/values-mcc310-mnc950-or: Cannot utime: Operation not permitted
build	Cache Android SDK	2026-06-06T12:22:48.1904071Z /usr/bin/tar: ../../../../../usr/local/lib/android/sdk/platforms/android-34-ext10/data/res/values-mcc310-mnc950-or: Cannot change mode to rwxr-xr-x: Operation not permitted
build	Cache Android SDK	2026-06-06T12:22:48.1906814Z /usr/bin/tar: ../../../../../usr/local/lib/android/sdk/platforms/android-34-ext10/data/res/values-mcc310-mnc800-eu: Cannot utime: Operation not permitted
build	Cache Android SDK	2026-06-06T12:22:48.1907905Z /usr/bin/tar: ../../../../../usr/local/lib/android/sdk/platforms/android-34-ext10/data/res/values-mcc310-mnc800-eu: Cannot change mode to rwxr-xr-x: Operation not permitted
build	Cache Android SDK	2026-06-06T12:22:48.1911238Z /usr/bin/tar: ../../../../../usr/local/lib/android/sdk/platforms/android-34-ext10/data/res/values-mcc310-mnc030-lv: Cannot utime: Operation not permitted
build	Cache Android SDK	2026-06-06T12:22:48.1912194Z /usr/bin/tar: ../../../../../usr/local/lib/android/sdk/platforms/android-34-ext10/data/res/values-mcc310-mnc030-lv: Cannot change mode to rwxr-xr-x: Operation not permitted
build	Cache Android SDK	2026-06-06T12:22:48.1914844Z /usr/bin/tar: ../../../../../usr/local/lib/android/sdk/platforms/android-34-ext10/data/res/values-mcc311-mnc180-da: Cannot utime: Operation not permitted
build	Cache Android SDK	2026-06-06T12:22:48.1915801Z /usr/bin/tar: ../../../../../usr/local/lib/android/sdk/platforms/android-34-ext10/data/res/values-mcc311-mnc180-da: Cannot change mode to rwxr-xr-x: Operation not permitted
build	Cache Android SDK	2026-06-06T12:22:48.1919038Z /usr/bin/tar: ../../../../../usr/local/lib/android/sdk/platforms/android-34-ext10/data/res/values-mcc310-mnc210-my: Cannot utime: Operation not permitted
build	Cache Android SDK	2026-06-06T12:22:48.1920004Z /usr/bin/tar: ../../../../../usr/local/lib/android/sdk/platforms/android-34-ext10/data/res/values-mcc310-mnc210-my: Cannot change mode to rwxr-xr-x: Operation not permitted
build	Cache Android SDK	2026-06-06T12:22:48.1922363Z /usr/bin/tar: ../../../../../usr/local/lib/android/sdk/platforms/android-34-ext10/data/res/values-mcc310-mnc660: Cannot utime: Operation not permitted
build	Cache Android SDK	2026-06-06T12:22:48.1923313Z /usr/bin/tar: ../../../../../usr/local/lib/android/sdk/platforms/android-34-ext10/data/res/values-mcc310-mnc660: Cannot change mode to rwxr-xr-x: Operation not permitted
build	Cache Android SDK	2026-06-06T12:22:48.1925187Z /usr/bin/tar: ../../../../../usr/local/lib/android/sdk/platforms/android-34-ext10/data/res/values-mcc312-mnc670-eu: Cannot utime: Operation not permitted
build	Cache Android SDK	2026-06-06T12:22:48.1926145Z /usr/bin/tar: ../../../../../usr/local/lib/android/sdk/platforms/android-34-ext10/data/res/values-mcc312-mnc670-eu: Cannot change mode to rwxr-xr-x: Operation not permitted
build	Cache Android SDK	2026-06-06T12:22:48.1928472Z /usr/bin/tar: ../../../../../usr/local/lib/android/sdk/platforms/android-34-ext10/data/res/values-uk-television: Cannot utime: Operation not permitted
build	Cache Android SDK	2026-06-06T12:22:48.1929439Z /usr/bin/tar: ../../../../../usr/local/lib/android/sdk/platforms/android-34-ext10/data/res/values-uk-television: Cannot change mode to rwxr-xr-x: Operation not permitted
build	Cache Android SDK	2026-06-06T12:22:48.1931758Z /usr/bin/tar: ../../../../../usr/local/lib/android/sdk/platforms/android-34-ext10/data/res/values-mcc310-mnc950-en-rCA: Cannot utime: Operation not permitted
build	Cache Android SDK	2026-06-06T12:22:48.1932760Z /usr/bin/tar: ../../../../../usr/local/lib/android/sdk/platforms/android-34-ext10/data/res/values-mcc310-mnc950-en-rCA: Cannot change mode to rwxr-xr-x: Operation not permitted
build	Cache Android SDK	2026-06-06T12:22:48.1938065Z /usr/bin/tar: ../../../../../usr/local/lib/android/sdk/platforms/android-34-ext10/data/res/values-mcc310-mnc560-et: Cannot utime: Operation not permitted
build	Cache Android SDK	2026-06-06T12:22:48.1939096Z /usr/bin/tar: ../../../../../usr/local/lib/android/sdk/platforms/android-34-ext10/data/res/values-mcc310-mnc560-et: Cannot change mode to rwxr-xr-x: Operation not permitted
build	Cache Android SDK	2026-06-06T12:22:48.1942215Z /usr/bin/tar: ../../../../../usr/local/lib/android/sdk/platforms/android-34-ext10/data/res/values-mcc310-mnc560: Cannot utime: Operation not permitted
build	Cache Android SDK	2026-06-06T12:22:48.1943241Z /usr/bin/tar: ../../../../../usr/local/lib/android/sdk/platforms/android-34-ext10/data/res/values-mcc310-mnc560: Cannot change mode to rwxr-xr-x: Operation not permitted
build	Cache Android SDK	2026-06-06T12:22:48.1945540Z /usr/bin/tar: ../../../../../usr/local/lib/android/sdk/platforms/android-34-ext10/data/res/values-mcc310-mnc660-eu: Cannot utime: Operation not permitted
build	Cache Android SDK	2026-06-06T12:22:48.1946501Z /usr/bin/tar: ../../../../../usr/local/lib/android/sdk/platforms/android-34-ext10/data/res/values-mcc310-mnc660-eu: Cannot change mode to rwxr-xr-x: Operation not permitted
build	Cache Android SDK	2026-06-06T12:22:48.1949545Z /usr/bin/tar: ../../../../../usr/local/lib/android/sdk/platforms/android-34-ext10/data/res/values-mcc310-mnc150-uz: Cannot utime: Operation not permitted
build	Cache Android SDK	2026-06-06T12:22:48.1950500Z /usr/bin/tar: ../../../../../usr/local/lib/android/sdk/platforms/android-34-ext10/data/res/values-mcc310-mnc150-uz: Cannot change mode to rwxr-xr-x: Operation not permitted
build	Cache Android SDK	2026-06-06T12:22:48.1953607Z /usr/bin/tar: ../../../../../usr/local/lib/android/sdk/platforms/android-34-ext10/data/res/values-mcc302-mnc370-lo: Cannot utime: Operation not permitted
build	Cache Android SDK	2026-06-06T12:22:48.1954673Z /usr/bin/tar: ../../../../../usr/local/lib/android/sdk/platforms/android-34-ext10/data/res/values-mcc302-mnc370-lo: Cannot change mode to rwxr-xr-x: Operation not permitted
build	Cache Android SDK	2026-06-06T12:22:48.1958252Z /usr/bin/tar: ../../../../../usr/local/lib/android/sdk/platforms/android-34-ext10/data/res/values-mcc310-mnc380-tl: Cannot utime: Operation not permitted
build	Cache Android SDK	2026-06-06T12:22:48.1959278Z /usr/bin/tar: ../../../../../usr/local/lib/android/sdk/platforms/android-34-ext10/data/res/values-mcc310-mnc380-tl: Cannot change mode to rwxr-xr-x: Operation not permitted
build	Cache Android SDK	2026-06-06T12:22:48.1961913Z /usr/bin/tar: ../../../../../usr/local/lib/android/sdk/platforms/android-34-ext10/data/res/values-fi-rFI: Cannot utime: Operation not permitted
build	Cache Android SDK	2026-06-06T12:22:48.1962905Z /usr/bin/tar: ../../../../../usr/local/lib/android/sdk/platforms/android-34-ext10/data/res/values-fi-rFI: Cannot change mode to rwxr-xr-x: Operation not permitted
build	Cache Android SDK	2026-06-06T12:22:48.1965687Z /usr/bin/tar: ../../../../../usr/local/lib/android/sdk/platforms/android-34-ext10/data/res/values-mcc310-mnc280-vi: Cannot utime: Operation not permitted
build	Cache Android SDK	2026-06-06T12:22:48.1966712Z /usr/bin/tar: ../../../../../usr/local/lib/android/sdk/platforms/android-34-ext10/data/res/values-mcc310-mnc280-vi: Cannot change mode to rwxr-xr-x: Operation not permitted
build	Cache Android SDK	2026-06-06T12:22:48.1969489Z /usr/bin/tar: ../../../../../usr/local/lib/android/sdk/platforms/android-34-ext10/data/res/values-mcc310-mnc280-ru: Cannot utime: Operation not permitted
build	Cache Android SDK	2026-06-06T12:22:48.1970436Z /usr/bin/tar: ../../../../../usr/local/lib/android/sdk/platforms/android-34-ext10/data/res/values-mcc310-mnc280-ru: Cannot change mode to rwxr-xr-x: Operation not permitted
build	Cache Android SDK	2026-06-06T12:22:48.1973990Z /usr/bin/tar: ../../../../../usr/local/lib/android/sdk/platforms/android-34-ext10/data/res/values-mcc310-mnc800-in: Cannot utime: Operation not permitted
build	Cache Android SDK	2026-06-06T12:22:48.1975157Z /usr/bin/tar: ../../../../../usr/local/lib/android/sdk/platforms/android-34-ext10/data/res/values-mcc310-mnc800-in: Cannot change mode to rwxr-xr-x: Operation not permitted
build	Cache Android SDK	2026-06-06T12:22:48.1977966Z /usr/bin/tar: ../../../../../usr/local/lib/android/sdk/platforms/android-34-ext10/data/res/values-mcc310-mnc490-tr: Cannot utime: Operation not permitted
build	Cache Android SDK	2026-06-06T12:22:48.1978935Z /usr/bin/tar: ../../../../../usr/local/lib/android/sdk/platforms/android-34-ext10/data/res/values-mcc310-mnc490-tr: Cannot change mode to rwxr-xr-x: Operation not permitted
build	Cache Android SDK	2026-06-06T12:22:48.1980904Z /usr/bin/tar: ../../../../../usr/local/lib/android/sdk/platforms/android-34-ext10/data/res/values-mcc310-mnc380-bg: Cannot utime: Operation not permitted
build	Cache Android SDK	2026-06-06T12:22:48.1981857Z /usr/bin/tar: ../../../../../usr/local/lib/android/sdk/platforms/android-34-ext10/data/res/values-mcc310-mnc380-bg: Cannot change mode to rwxr-xr-x: Operation not permitted
build	Cache Android SDK	2026-06-06T12:22:48.1984232Z /usr/bin/tar: ../../../../../usr/local/lib/android/sdk/platforms/android-34-ext10/data/res/values-mcc302-mnc370-km: Cannot utime: Operation not permitted
build	Cache Android SDK	2026-06-06T12:22:48.1985199Z /usr/bin/tar: ../../../../../usr/local/lib/android/sdk/platforms/android-34-ext10/data/res/values-mcc302-mnc370-km: Cannot change mode to rwxr-xr-x: Operation not permitted
build	Cache Android SDK	2026-06-06T12:22:48.1988721Z /usr/bin/tar: ../../../../../usr/local/lib/android/sdk/platforms/android-34-ext10/data/res/values-mcc310-mnc170-si: Cannot utime: Operation not permitted
build	Cache Android SDK	2026-06-06T12:22:48.1989722Z /usr/bin/tar: ../../../../../usr/local/lib/android/sdk/platforms/android-34-ext10/data/res/values-mcc310-mnc170-si: Cannot change mode to rwxr-xr-x: Operation not permitted
build	Cache Android SDK	2026-06-06T12:22:48.1992014Z /usr/bin/tar: ../../../../../usr/local/lib/android/sdk/platforms/android-34-ext10/data/res/values-de-rLI: Cannot utime: Operation not permitted
build	Cache Android SDK	2026-06-06T12:22:48.1992909Z /usr/bin/tar: ../../../../../usr/local/lib/android/sdk/platforms/android-34-ext10/data/res/values-de-rLI: Cannot change mode to rwxr-xr-x: Operation not permitted
build	Cache Android SDK	2026-06-06T12:22:48.1995814Z /usr/bin/tar: ../../../../../usr/local/lib/android/sdk/platforms/android-34-ext10/data/res/values-mcc310-mnc200-pl: Cannot utime: Operation not permitted
build	Cache Android SDK	2026-06-06T12:22:48.1996789Z /usr/bin/tar: ../../../../../usr/local/lib/android/sdk/platforms/android-34-ext10/data/res/values-mcc310-mnc200-pl: Cannot change mode to rwxr-xr-x: Operation not permitted
build	Cache Android SDK	2026-06-06T12:22:48.1999464Z /usr/bin/tar: ../../../../../usr/local/lib/android/sdk/platforms/android-34-ext10/data/res/values-mcc001-mnc01-en-rCA: Cannot utime: Operation not permitted
build	Cache Android SDK	2026-06-06T12:22:48.2000470Z /usr/bin/tar: ../../../../../usr/local/lib/android/sdk/platforms/android-34-ext10/data/res/values-mcc001-mnc01-en-rCA: Cannot change mode to rwxr-xr-x: Operation not permitted
build	Cache Android SDK	2026-06-06T12:22:48.2003417Z /usr/bin/tar: ../../../../../usr/local/lib/android/sdk/platforms/android-34-ext10/data/res/values-mcc310-mnc170-tr: Cannot utime: Operation not permitted
build	Cache Android SDK	2026-06-06T12:22:48.2004480Z /usr/bin/tar: ../../../../../usr/local/lib/android/sdk/platforms/android-34-ext10/data/res/values-mcc310-mnc170-tr: Cannot change mode to rwxr-xr-x: Operation not permitted
build	Cache Android SDK	2026-06-06T12:22:48.2007047Z /usr/bin/tar: ../../../../../usr/local/lib/android/sdk/platforms/android-34-ext10/data/res/values-mcc310-mnc490-nl: Cannot utime: Operation not permitted
build	Cache Android SDK	2026-06-06T12:22:48.2008160Z /usr/bin/tar: ../../../../../usr/local/lib/android/sdk/platforms/android-34-ext10/data/res/values-mcc310-mnc490-nl: Cannot change mode to rwxr-xr-x: Operation not permitted
build	Cache Android SDK	2026-06-06T12:22:48.2010564Z /usr/bin/tar: ../../../../../usr/local/lib/android/sdk/platforms/android-34-ext10/data/res/values-mcc310-mnc030-ne: Cannot utime: Operation not permitted
build	Cache Android SDK	2026-06-06T12:22:48.2011520Z /usr/bin/tar: ../../../../../usr/local/lib/android/sdk/platforms/android-34-ext10/data/res/values-mcc310-mnc030-ne: Cannot change mode to rwxr-xr-x: Operation not permitted
build	Cache Android SDK	2026-06-06T12:22:48.2014529Z /usr/bin/tar: ../../../../../usr/local/lib/android/sdk/platforms/android-34-ext10/data/res/values-mcc310-mnc150-lo: Cannot utime: Operation not permitted
build	Cache Android SDK	2026-06-06T12:22:48.2015476Z /usr/bin/tar: ../../../../../usr/local/lib/android/sdk/platforms/android-34-ext10/data/res/values-mcc310-mnc150-lo: Cannot change mode to rwxr-xr-x: Operation not permitted
build	Cache Android SDK	2026-06-06T12:22:48.2018793Z /usr/bin/tar: ../../../../../usr/local/lib/android/sdk/platforms/android-34-ext10/data/res/values-mcc310-mnc800-iw: Cannot utime: Operation not permitted
build	Cache Android SDK	2026-06-06T12:22:48.2019761Z /usr/bin/tar: ../../../../../usr/local/lib/android/sdk/platforms/android-34-ext10/data/res/values-mcc310-mnc800-iw: Cannot change mode to rwxr-xr-x: Operation not permitted
build	Cache Android SDK	2026-06-06T12:22:48.2022285Z /usr/bin/tar: ../../../../../usr/local/lib/android/sdk/platforms/android-34-ext10/data/res/values-mcc310-mnc250-sq: Cannot utime: Operation not permitted
build	Cache Android SDK	2026-06-06T12:22:48.2023234Z /usr/bin/tar: ../../../../../usr/local/lib/android/sdk/platforms/android-34-ext10/data/res/values-mcc310-mnc250-sq: Cannot change mode to rwxr-xr-x: Operation not permitted
build	Cache Android SDK	2026-06-06T12:22:48.2026431Z /usr/bin/tar: ../../../../../usr/local/lib/android/sdk/platforms/android-34-ext10/data/res/values-mcc310-mnc150-ka: Cannot utime: Operation not permitted
build	Cache Android SDK	2026-06-06T12:22:48.2027530Z /usr/bin/tar: ../../../../../usr/local/lib/android/sdk/platforms/android-34-ext10/data/res/values-mcc310-mnc150-ka: Cannot change mode to rwxr-xr-x: Operation not permitted
build	Cache Android SDK	2026-06-06T12:22:48.2032067Z /usr/bin/tar: ../../../../../usr/local/lib/android/sdk/platforms/android-34-ext10/data/res/values-h320dp: Cannot utime: Operation not permitted
build	Cache Android SDK	2026-06-06T12:22:48.2032955Z /usr/bin/tar: ../../../../../usr/local/lib/android/sdk/platforms/android-34-ext10/data/res/values-h320dp: Cannot change mode to rwxr-xr-x: Operation not permitted
build	Cache Android SDK	2026-06-06T12:22:48.2036458Z /usr/bin/tar: ../../../../../usr/local/lib/android/sdk/platforms/android-34-ext10/data/res/values-television: Cannot utime: Operation not permitted
build	Cache Android SDK	2026-06-06T12:22:48.2037552Z /usr/bin/tar: ../../../../../usr/local/lib/android/sdk/platforms/android-34-ext10/data/res/values-television: Cannot change mode to rwxr-xr-x: Operation not permitted
build	Cache Android SDK	2026-06-06T12:22:48.2040422Z /usr/bin/tar: ../../../../../usr/local/lib/android/sdk/platforms/android-34-ext10/data/res/values-mcc310-mnc220-lt: Cannot utime: Operation not permitted
build	Cache Android SDK	2026-06-06T12:22:48.2041389Z /usr/bin/tar: ../../../../../usr/local/lib/android/sdk/platforms/android-34-ext10/data/res/values-mcc310-mnc220-lt: Cannot change mode to rwxr-xr-x: Operation not permitted
build	Cache Android SDK	2026-06-06T12:22:48.2043414Z /usr/bin/tar: ../../../../../usr/local/lib/android/sdk/platforms/android-34-ext10/data/res/values-mcc311-mnc180-en-rXC: Cannot utime: Operation not permitted
build	Cache Android SDK	2026-06-06T12:22:48.2044412Z /usr/bin/tar: ../../../../../usr/local/lib/android/sdk/platforms/android-34-ext10/data/res/values-mcc311-mnc180-en-rXC: Cannot change mode to rwxr-xr-x: Operation not permitted
build	Cache Android SDK	2026-06-06T12:22:48.2047666Z /usr/bin/tar: ../../../../../usr/local/lib/android/sdk/platforms/android-34-ext10/data/res/values-mcc310-mnc640: Cannot utime: Operation not permitted
build	Cache Android SDK	2026-06-06T12:22:48.2048627Z /usr/bin/tar: ../../../../../usr/local/lib/android/sdk/platforms/android-34-ext10/data/res/values-mcc310-mnc640: Cannot change mode to rwxr-xr-x: Operation not permitted
build	Cache Android SDK	2026-06-06T12:22:48.2051619Z /usr/bin/tar: ../../../../../usr/local/lib/android/sdk/platforms/android-34-ext10/data/res/values-mcc208-mnc10-fr: Cannot utime: Operation not permitted
build	Cache Android SDK	2026-06-06T12:22:48.2052572Z /usr/bin/tar: ../../../../../usr/local/lib/android/sdk/platforms/android-34-ext10/data/res/values-mcc208-mnc10-fr: Cannot change mode to rwxr-xr-x: Operation not permitted
build	Cache Android SDK	2026-06-06T12:22:48.2054782Z /usr/bin/tar: ../../../../../usr/local/lib/android/sdk/platforms/android-34-ext10/data/res/values-mcc310-mnc250-ne: Cannot utime: Operation not permitted
build	Cache Android SDK	2026-06-06T12:22:48.2055737Z /usr/bin/tar: ../../../../../usr/local/lib/android/sdk/platforms/android-34-ext10/data/res/values-mcc310-mnc250-ne: Cannot change mode to rwxr-xr-x: Operation not permitted
build	Cache Android SDK	2026-06-06T12:22:48.2061210Z /usr/bin/tar: ../../../../../usr/local/lib/android/sdk/platforms/android-34-ext10/data/res/values-mcc310-mnc310: Cannot utime: Operation not permitted
build	Cache Android SDK	2026-06-06T12:22:48.2062149Z /usr/bin/tar: ../../../../../usr/local/lib/android/sdk/platforms/android-34-ext10/data/res/values-mcc310-mnc310: Cannot change mode to rwxr-xr-x: Operation not permitted
build	Cache Android SDK	2026-06-06T12:22:48.2064374Z /usr/bin/tar: ../../../../../usr/local/lib/android/sdk/platforms/android-34-ext10/data/res/values-mcc310-mnc380-fr-rCA: Cannot utime: Operation not permitted
build	Cache Android SDK	2026-06-06T12:22:48.2065362Z /usr/bin/tar: ../../../../../usr/local/lib/android/sdk/platforms/android-34-ext10/data/res/values-mcc310-mnc380-fr-rCA: Cannot change mode to rwxr-xr-x: Operation not permitted
build	Cache Android SDK	2026-06-06T12:22:48.2070028Z /usr/bin/tar: ../../../../../usr/local/lib/android/sdk/platforms/android-34-ext10/data/res/mipmap-ldpi: Cannot utime: Operation not permitted
build	Cache Android SDK	2026-06-06T12:22:48.2071012Z /usr/bin/tar: ../../../../../usr/local/lib/android/sdk/platforms/android-34-ext10/data/res/mipmap-ldpi: Cannot change mode to rwxr-xr-x: Operation not permitted
build	Cache Android SDK	2026-06-06T12:22:48.2073946Z /usr/bin/tar: ../../../../../usr/local/lib/android/sdk/platforms/android-34-ext10/data/res/values-mcc310-mnc170-iw: Cannot utime: Operation not permitted
build	Cache Android SDK	2026-06-06T12:22:48.2074905Z /usr/bin/tar: ../../../../../usr/local/lib/android/sdk/platforms/android-34-ext10/data/res/values-mcc310-mnc170-iw: Cannot change mode to rwxr-xr-x: Operation not permitted
build	Cache Android SDK	2026-06-06T12:22:48.2081394Z /usr/bin/tar: ../../../../../usr/local/lib/android/sdk/platforms/android-34-ext10/data/res/layout-watch: Cannot utime: Operation not permitted
build	Cache Android SDK	2026-06-06T12:22:48.2082299Z /usr/bin/tar: ../../../../../usr/local/lib/android/sdk/platforms/android-34-ext10/data/res/layout-watch: Cannot change mode to rwxr-xr-x: Operation not permitted
build	Cache Android SDK	2026-06-06T12:22:48.2084809Z /usr/bin/tar: ../../../../../usr/local/lib/android/sdk/platforms/android-34-ext10/data/res/values-mcc311-mnc180-gl: Cannot utime: Operation not permitted
build	Cache Android SDK	2026-06-06T12:22:48.2085897Z /usr/bin/tar: ../../../../../usr/local/lib/android/sdk/platforms/android-34-ext10/data/res/values-mcc311-mnc180-gl: Cannot change mode to rwxr-xr-x: Operation not permitted
build	Cache Android SDK	2026-06-06T12:22:48.2089998Z /usr/bin/tar: ../../../../../usr/local/lib/android/sdk/platforms/android-34-ext10/data/res/values-mcc313-mnc100-pt-rBR: Cannot utime: Operation not permitted
build	Cache Android SDK	2026-06-06T12:22:48.2090993Z /usr/bin/tar: ../../../../../usr/local/lib/android/sdk/platforms/android-34-ext10/data/res/values-mcc313-mnc100-pt-rBR: Cannot change mode to rwxr-xr-x: Operation not permitted
build	Cache Android SDK	2026-06-06T12:22:48.2093567Z /usr/bin/tar: ../../../../../usr/local/lib/android/sdk/platforms/android-34-ext10/data/res/values-mcc310-mnc240-ru: Cannot utime: Operation not permitted
build	Cache Android SDK	2026-06-06T12:22:48.2094527Z /usr/bin/tar: ../../../../../usr/local/lib/android/sdk/platforms/android-34-ext10/data/res/values-mcc310-mnc240-ru: Cannot change mode to rwxr-xr-x: Operation not permitted
build	Cache Android SDK	2026-06-06T12:22:48.2096617Z /usr/bin/tar: ../../../../../usr/local/lib/android/sdk/platforms/android-34-ext10/data/res/values-mcc310-mnc950-ja: Cannot utime: Operation not permitted
build	Cache Android SDK	2026-06-06T12:22:48.2097725Z /usr/bin/tar: ../../../../../usr/local/lib/android/sdk/platforms/android-34-ext10/data/res/values-mcc310-mnc950-ja: Cannot change mode to rwxr-xr-x: Operation not permitted
build	Cache Android SDK	2026-06-06T12:22:48.2107672Z /usr/bin/tar: ../../../../../usr/local/lib/android/sdk/platforms/android-34-ext10/data/res/values-lo: Cannot utime: Operation not permitted
build	Cache Android SDK	2026-06-06T12:22:48.2108762Z /usr/bin/tar: ../../../../../usr/local/lib/android/sdk/platforms/android-34-ext10/data/res/values-lo: Cannot change mode to rwxr-xr-x: Operation not permitted
build	Cache Android SDK	2026-06-06T12:22:48.2112013Z /usr/bin/tar: ../../../../../usr/local/lib/android/sdk/platforms/android-34-ext10/data/res/values-mcc310-mnc170-ru: Cannot utime: Operation not permitted
build	Cache Android SDK	2026-06-06T12:22:48.2113065Z /usr/bin/tar: ../../../../../usr/local/lib/android/sdk/platforms/android-34-ext10/data/res/values-mcc310-mnc170-ru: Cannot change mode to rwxr-xr-x: Operation not permitted
build	Cache Android SDK	2026-06-06T12:22:48.2116157Z /usr/bin/tar: ../../../../../usr/local/lib/android/sdk/platforms/android-34-ext10/data/res/values-mcc310-mnc310-pt-rPT: Cannot utime: Operation not permitted
build	Cache Android SDK	2026-06-06T12:22:48.2117140Z /usr/bin/tar: ../../../../../usr/local/lib/android/sdk/platforms/android-34-ext10/data/res/values-mcc310-mnc310-pt-rPT: Cannot change mode to rwxr-xr-x: Operation not permitted
build	Cache Android SDK	2026-06-06T12:22:48.2120533Z /usr/bin/tar: ../../../../../usr/local/lib/android/sdk/platforms/android-34-ext10/data/res/values-mcc310-mnc150-fa: Cannot utime: Operation not permitted
build	Cache Android SDK	2026-06-06T12:22:48.2121486Z /usr/bin/tar: ../../../../../usr/local/lib/android/sdk/platforms/android-34-ext10/data/res/values-mcc310-mnc150-fa: Cannot change mode to rwxr-xr-x: Operation not permitted
build	Cache Android SDK	2026-06-06T12:22:48.2128992Z /usr/bin/tar: ../../../../../usr/local/lib/android/sdk/platforms/android-34-ext10/data/res/values-mcc310-mnc380-gl: Cannot utime: Operation not permitted
build	Cache Android SDK	2026-06-06T12:22:48.2130060Z /usr/bin/tar: ../../../../../usr/local/lib/android/sdk/platforms/android-34-ext10/data/res/values-mcc310-mnc380-gl: Cannot change mode to rwxr-xr-x: Operation not permitted
build	Cache Android SDK	2026-06-06T12:22:48.2132594Z /usr/bin/tar: ../../../../../usr/local/lib/android/sdk/platforms/android-34-ext10/data/res/values-mcc310-mnc210-de: Cannot utime: Operation not permitted
build	Cache Android SDK	2026-06-06T12:22:48.2133538Z /usr/bin/tar: ../../../../../usr/local/lib/android/sdk/platforms/android-34-ext10/data/res/values-mcc310-mnc210-de: Cannot change mode to rwxr-xr-x: Operation not permitted
build	Cache Android SDK	2026-06-06T12:22:48.2137770Z /usr/bin/tar: ../../../../../usr/local/lib/android/sdk/platforms/android-34-ext10/data/res/values-mcc310-mnc310-ko: Cannot utime: Operation not permitted
build	Cache Android SDK	2026-06-06T12:22:48.2138928Z /usr/bin/tar: ../../../../../usr/local/lib/android/sdk/platforms/android-34-ext10/data/res/values-mcc310-mnc310-ko: Cannot change mode to rwxr-xr-x: Operation not permitted
build	Cache Android SDK	2026-06-06T12:22:48.2142916Z /usr/bin/tar: ../../../../../usr/local/lib/android/sdk/platforms/android-34-ext10/data/res/values-mcc310-mnc220-sv: Cannot utime: Operation not permitted
build	Cache Android SDK	2026-06-06T12:22:48.2143951Z /usr/bin/tar: ../../../../../usr/local/lib/android/sdk/platforms/android-34-ext10/data/res/values-mcc310-mnc220-sv: Cannot change mode to rwxr-xr-x: Operation not permitted
build	Cache Android SDK	2026-06-06T12:22:48.2146584Z /usr/bin/tar: ../../../../../usr/local/lib/android/sdk/platforms/android-34-ext10/data/res/values-b+sr+Latn-television: Cannot utime: Operation not permitted
build	Cache Android SDK	2026-06-06T12:22:48.2147713Z /usr/bin/tar: ../../../../../usr/local/lib/android/sdk/platforms/android-34-ext10/data/res/values-b+sr+Latn-television: Cannot change mode to rwxr-xr-x: Operation not permitted
build	Cache Android SDK	2026-06-06T12:22:48.2149822Z /usr/bin/tar: ../../../../../usr/local/lib/android/sdk/platforms/android-34-ext10/data/res/values-mcc310-mnc660-fr-rCA: Cannot utime: Operation not permitted
build	Cache Android SDK	2026-06-06T12:22:48.2150890Z /usr/bin/tar: ../../../../../usr/local/lib/android/sdk/platforms/android-34-ext10/data/res/values-mcc310-mnc660-fr-rCA: Cannot change mode to rwxr-xr-x: Operation not permitted
build	Cache Android SDK	2026-06-06T12:22:48.2152990Z /usr/bin/tar: ../../../../../usr/local/lib/android/sdk/platforms/android-34-ext10/data/res/values-mcc310-mnc280-hy: Cannot utime: Operation not permitted
build	Cache Android SDK	2026-06-06T12:22:48.2153980Z /usr/bin/tar: ../../../../../usr/local/lib/android/sdk/platforms/android-34-ext10/data/res/values-mcc310-mnc280-hy: Cannot change mode to rwxr-xr-x: Operation not permitted
build	Cache Android SDK	2026-06-06T12:22:48.2157054Z /usr/bin/tar: ../../../../../usr/local/lib/android/sdk/platforms/android-34-ext10/data/res/values-mcc334-mnc020-zh-rTW: Cannot utime: Operation not permitted
build	Cache Android SDK	2026-06-06T12:22:48.2158429Z /usr/bin/tar: ../../../../../usr/local/lib/android/sdk/platforms/android-34-ext10/data/res/values-mcc334-mnc020-zh-rTW: Cannot change mode to rwxr-xr-x: Operation not permitted
build	Cache Android SDK	2026-06-06T12:22:48.2160158Z /usr/bin/tar: ../../../../../usr/local/lib/android/sdk/platforms/android-34-ext10/data/res/values-mcc310-mnc270-fr-rCA: Cannot utime: Operation not permitted
build	Cache Android SDK	2026-06-06T12:22:48.2161175Z /usr/bin/tar: ../../../../../usr/local/lib/android/sdk/platforms/android-34-ext10/data/res/values-mcc310-mnc270-fr-rCA: Cannot change mode to rwxr-xr-x: Operation not permitted
build	Cache Android SDK	2026-06-06T12:22:48.2164321Z /usr/bin/tar: ../../../../../usr/local/lib/android/sdk/platforms/android-34-ext10/data/res/values-mcc310-mnc410-de: Cannot utime: Operation not permitted
build	Cache Android SDK	2026-06-06T12:22:48.2165307Z /usr/bin/tar: ../../../../../usr/local/lib/android/sdk/platforms/android-34-ext10/data/res/values-mcc310-mnc410-de: Cannot change mode to rwxr-xr-x: Operation not permitted
build	Cache Android SDK	2026-06-06T12:22:48.2168464Z /usr/bin/tar: ../../../../../usr/local/lib/android/sdk/platforms/android-34-ext10/data/res/values-mcc310-mnc560-zh-rCN: Cannot utime: Operation not permitted
build	Cache Android SDK	2026-06-06T12:22:48.2169462Z /usr/bin/tar: ../../../../../usr/local/lib/android/sdk/platforms/android-34-ext10/data/res/values-mcc310-mnc560-zh-rCN: Cannot change mode to rwxr-xr-x: Operation not permitted
build	Cache Android SDK	2026-06-06T12:22:48.2172242Z /usr/bin/tar: ../../../../../usr/local/lib/android/sdk/platforms/android-34-ext10/data/res/values-mcc310-mnc240-th: Cannot utime: Operation not permitted
build	Cache Android SDK	2026-06-06T12:22:48.2173217Z /usr/bin/tar: ../../../../../usr/local/lib/android/sdk/platforms/android-34-ext10/data/res/values-mcc310-mnc240-th: Cannot change mode to rwxr-xr-x: Operation not permitted
build	Cache Android SDK	2026-06-06T12:22:48.2175632Z /usr/bin/tar: ../../../../../usr/local/lib/android/sdk/platforms/android-34-ext10/data/res/values-mcc310-mnc030-fr-rCA: Cannot utime: Operation not permitted
build	Cache Android SDK	2026-06-06T12:22:48.2176114Z /usr/bin/tar: ../../../../../usr/local/lib/android/sdk/platforms/android-34-ext10/data/res/values-mcc310-mnc030-fr-rCA: Cannot change mode to rwxr-xr-x: Operation not permitted
build	Cache Android SDK	2026-06-06T12:22:48.2179354Z /usr/bin/tar: ../../../../../usr/local/lib/android/sdk/platforms/android-34-ext10/data/res/values-mcc310-mnc380-en-rGB: Cannot utime: Operation not permitted
build	Cache Android SDK	2026-06-06T12:22:48.2179967Z /usr/bin/tar: ../../../../../usr/local/lib/android/sdk/platforms/android-34-ext10/data/res/values-mcc310-mnc380-en-rGB: Cannot change mode to rwxr-xr-x: Operation not permitted
build	Cache Android SDK	2026-06-06T12:22:48.2183591Z /usr/bin/tar: ../../../../../usr/local/lib/android/sdk/platforms/android-34-ext10/data/res/values-mcc310-mnc250-ms: Cannot utime: Operation not permitted
build	Cache Android SDK	2026-06-06T12:22:48.2184062Z /usr/bin/tar: ../../../../../usr/local/lib/android/sdk/platforms/android-34-ext10/data/res/values-mcc310-mnc250-ms: Cannot change mode to rwxr-xr-x: Operation not permitted
build	Cache Android SDK	2026-06-06T12:22:48.2186826Z /usr/bin/tar: ../../../../../usr/local/lib/android/sdk/platforms/android-34-ext10/data/res/values-zh-rCN-television: Cannot utime: Operation not permitted
build	Cache Android SDK	2026-06-06T12:22:48.2187308Z /usr/bin/tar: ../../../../../usr/local/lib/android/sdk/platforms/android-34-ext10/data/res/values-zh-rCN-television: Cannot change mode to rwxr-xr-x: Operation not permitted
build	Cache Android SDK	2026-06-06T12:22:48.2192631Z /usr/bin/tar: ../../../../../usr/local/lib/android/sdk/platforms/android-34-ext10/data/res/values-mcc310-mnc150-cs: Cannot utime: Operation not permitted
build	Cache Android SDK	2026-06-06T12:22:48.2193100Z /usr/bin/tar: ../../../../../usr/local/lib/android/sdk/platforms/android-34-ext10/data/res/values-mcc310-mnc150-cs: Cannot change mode to rwxr-xr-x: Operation not permitted
build	Cache Android SDK	2026-06-06T12:22:48.2198432Z /usr/bin/tar: ../../../../../usr/local/lib/android/sdk/platforms/android-34-ext10/data/res/values-mcc310-mnc200-lt: Cannot utime: Operation not permitted
build	Cache Android SDK	2026-06-06T12:22:48.2198895Z /usr/bin/tar: ../../../../../usr/local/lib/android/sdk/platforms/android-34-ext10/data/res/values-mcc310-mnc200-lt: Cannot change mode to rwxr-xr-x: Operation not permitted
build	Cache Android SDK	2026-06-06T12:22:48.2202845Z /usr/bin/tar: ../../../../../usr/local/lib/android/sdk/platforms/android-34-ext10/data/res/values-mcc310-mnc150-de: Cannot utime: Operation not permitted
build	Cache Android SDK	2026-06-06T12:22:48.2203321Z /usr/bin/tar: ../../../../../usr/local/lib/android/sdk/platforms/android-34-ext10/data/res/values-mcc310-mnc150-de: Cannot change mode to rwxr-xr-x: Operation not permitted
build	Cache Android SDK	2026-06-06T12:22:48.2206948Z /usr/bin/tar: ../../../../../usr/local/lib/android/sdk/platforms/android-34-ext10/data/res/values-mcc001-mnc01-ms: Cannot utime: Operation not permitted
build	Cache Android SDK	2026-06-06T12:22:48.2207545Z /usr/bin/tar: ../../../../../usr/local/lib/android/sdk/platforms/android-34-ext10/data/res/values-mcc001-mnc01-ms: Cannot change mode to rwxr-xr-x: Operation not permitted
build	Cache Android SDK	2026-06-06T12:22:48.2210911Z /usr/bin/tar: ../../../../../usr/local/lib/android/sdk/platforms/android-34-ext10/data/res/values-ta-watch: Cannot utime: Operation not permitted
build	Cache Android SDK	2026-06-06T12:22:48.2211360Z /usr/bin/tar: ../../../../../usr/local/lib/android/sdk/platforms/android-34-ext10/data/res/values-ta-watch: Cannot change mode to rwxr-xr-x: Operation not permitted
build	Cache Android SDK	2026-06-06T12:22:48.2215695Z /usr/bin/tar: ../../../../../usr/local/lib/android/sdk/platforms/android-34-ext10/data/res/values-mcc310-mnc160-is: Cannot utime: Operation not permitted
build	Cache Android SDK	2026-06-06T12:22:48.2216257Z /usr/bin/tar: ../../../../../usr/local/lib/android/sdk/platforms/android-34-ext10/data/res/values-mcc310-mnc160-is: Cannot change mode to rwxr-xr-x: Operation not permitted
build	Cache Android SDK	2026-06-06T12:22:48.2218652Z /usr/bin/tar: ../../../../../usr/local/lib/android/sdk/platforms/android-34-ext10/data/res/values-mcc310-mnc230-zu: Cannot utime: Operation not permitted
build	Cache Android SDK	2026-06-06T12:22:48.2219123Z /usr/bin/tar: ../../../../../usr/local/lib/android/sdk/platforms/android-34-ext10/data/res/values-mcc310-mnc230-zu: Cannot change mode to rwxr-xr-x: Operation not permitted
build	Cache Android SDK	2026-06-06T12:22:48.2222524Z /usr/bin/tar: ../../../../../usr/local/lib/android/sdk/platforms/android-34-ext10/data/res/values-mcc312-mnc670-ca: Cannot utime: Operation not permitted
build	Cache Android SDK	2026-06-06T12:22:48.2222985Z /usr/bin/tar: ../../../../../usr/local/lib/android/sdk/platforms/android-34-ext10/data/res/values-mcc312-mnc670-ca: Cannot change mode to rwxr-xr-x: Operation not permitted
build	Cache Android SDK	2026-06-06T12:22:48.2225800Z /usr/bin/tar: ../../../../../usr/local/lib/android/sdk/platforms/android-34-ext10/data/res/values-mcc302-mnc720-es: Cannot utime: Operation not permitted
build	Cache Android SDK	2026-06-06T12:22:48.2226343Z /usr/bin/tar: ../../../../../usr/local/lib/android/sdk/platforms/android-34-ext10/data/res/values-mcc302-mnc720-es: Cannot change mode to rwxr-xr-x: Operation not permitted
build	Cache Android SDK	2026-06-06T12:22:48.2229616Z /usr/bin/tar: ../../../../../usr/local/lib/android/sdk/platforms/android-34-ext10/data/res/values-mcc310-mnc280-zh-rHK: Cannot utime: Operation not permitted
build	Cache Android SDK	2026-06-06T12:22:48.2230103Z /usr/bin/tar: ../../../../../usr/local/lib/android/sdk/platforms/android-34-ext10/data/res/values-mcc310-mnc280-zh-rHK: Cannot change mode to rwxr-xr-x: Operation not permitted
build	Cache Android SDK	2026-06-06T12:22:48.2233906Z /usr/bin/tar: ../../../../../usr/local/lib/android/sdk/platforms/android-34-ext10/data/res/values-mcc334-mnc020-en-rIN: Cannot utime: Operation not permitted
build	Cache Android SDK	2026-06-06T12:22:48.2234471Z /usr/bin/tar: ../../../../../usr/local/lib/android/sdk/platforms/android-34-ext10/data/res/values-mcc334-mnc020-en-rIN: Cannot change mode to rwxr-xr-x: Operation not permitted
build	Cache Android SDK	2026-06-06T12:22:48.2239429Z /usr/bin/tar: ../../../../../usr/local/lib/android/sdk/platforms/android-34-ext10/data/res/values-mcc001-mnc01-bg: Cannot utime: Operation not permitted
build	Cache Android SDK	2026-06-06T12:22:48.2239888Z /usr/bin/tar: ../../../../../usr/local/lib/android/sdk/platforms/android-34-ext10/data/res/values-mcc001-mnc01-bg: Cannot change mode to rwxr-xr-x: Operation not permitted
build	Cache Android SDK	2026-06-06T12:22:48.2243995Z /usr/bin/tar: ../../../../../usr/local/lib/android/sdk/platforms/android-34-ext10/data/res/values-mcc312: Cannot utime: Operation not permitted
build	Cache Android SDK	2026-06-06T12:22:48.2244433Z /usr/bin/tar: ../../../../../usr/local/lib/android/sdk/platforms/android-34-ext10/data/res/values-mcc312: Cannot change mode to rwxr-xr-x: Operation not permitted
build	Cache Android SDK	2026-06-06T12:22:48.2248080Z /usr/bin/tar: ../../../../../usr/local/lib/android/sdk/platforms/android-34-ext10/data/res/raw-ko: Cannot utime: Operation not permitted
build	Cache Android SDK	2026-06-06T12:22:48.2248601Z /usr/bin/tar: ../../../../../usr/local/lib/android/sdk/platforms/android-34-ext10/data/res/raw-ko: Cannot change mode to rwxr-xr-x: Operation not permitted
build	Cache Android SDK	2026-06-06T12:22:48.2252226Z /usr/bin/tar: ../../../../../usr/local/lib/android/sdk/platforms/android-34-ext10/data/res/values-mcc466-mnc07: Cannot utime: Operation not permitted
build	Cache Android SDK	2026-06-06T12:22:48.2252677Z /usr/bin/tar: ../../../../../usr/local/lib/android/sdk/platforms/android-34-ext10/data/res/values-mcc466-mnc07: Cannot change mode to rwxr-xr-x: Operation not permitted
build	Cache Android SDK	2026-06-06T12:22:48.2775712Z /usr/bin/tar: ../../../../../usr/local/lib/android/sdk/platforms/android-34-ext10/data/res/drawable-mdpi: Cannot utime: Operation not permitted
build	Cache Android SDK	2026-06-06T12:22:48.2776206Z /usr/bin/tar: ../../../../../usr/local/lib/android/sdk/platforms/android-34-ext10/data/res/drawable-mdpi: Cannot change mode to rwxr-xr-x: Operation not permitted
build	Cache Android SDK	2026-06-06T12:22:48.2778038Z /usr/bin/tar: ../../../../../usr/local/lib/android/sdk/platforms/android-34-ext10/data/res/values-mcc310-mnc170-gu: Cannot utime: Operation not permitted
build	Cache Android SDK	2026-06-06T12:22:48.2778687Z /usr/bin/tar: ../../../../../usr/local/lib/android/sdk/platforms/android-34-ext10/data/res/values-mcc310-mnc170-gu: Cannot change mode to rwxr-xr-x: Operation not permitted
build	Cache Android SDK	2026-06-06T12:22:48.2781272Z /usr/bin/tar: ../../../../../usr/local/lib/android/sdk/platforms/android-34-ext10/data/res/values-mcc313-mnc100-bg: Cannot utime: Operation not permitted
build	Cache Android SDK	2026-06-06T12:22:48.2781741Z /usr/bin/tar: ../../../../../usr/local/lib/android/sdk/platforms/android-34-ext10/data/res/values-mcc313-mnc100-bg: Cannot change mode to rwxr-xr-x: Operation not permitted
build	Cache Android SDK	2026-06-06T12:22:48.2784493Z /usr/bin/tar: ../../../../../usr/local/lib/android/sdk/platforms/android-34-ext10/data/res/values-mcc312-mnc670-hr: Cannot utime: Operation not permitted
build	Cache Android SDK	2026-06-06T12:22:48.2784958Z /usr/bin/tar: ../../../../../usr/local/lib/android/sdk/platforms/android-34-ext10/data/res/values-mcc312-mnc670-hr: Cannot change mode to rwxr-xr-x: Operation not permitted
build	Cache Android SDK	2026-06-06T12:22:48.2787545Z /usr/bin/tar: ../../../../../usr/local/lib/android/sdk/platforms/android-34-ext10/data/res/values-mcc310-mnc170-bs: Cannot utime: Operation not permitted
build	Cache Android SDK	2026-06-06T12:22:48.2788136Z /usr/bin/tar: ../../../../../usr/local/lib/android/sdk/platforms/android-34-ext10/data/res/values-mcc310-mnc170-bs: Cannot change mode to rwxr-xr-x: Operation not permitted
build	Cache Android SDK	2026-06-06T12:22:48.2792597Z /usr/bin/tar: ../../../../../usr/local/lib/android/sdk/platforms/android-34-ext10/data/res/values-mcc310-mnc030-bn: Cannot utime: Operation not permitted
build	Cache Android SDK	2026-06-06T12:22:48.2793062Z /usr/bin/tar: ../../../../../usr/local/lib/android/sdk/platforms/android-34-ext10/data/res/values-mcc310-mnc030-bn: Cannot change mode to rwxr-xr-x: Operation not permitted
build	Cache Android SDK	2026-06-06T12:22:48.2795534Z /usr/bin/tar: ../../../../../usr/local/lib/android/sdk/platforms/android-34-ext10/data/res/values-mcc310-mnc230-lt: Cannot utime: Operation not permitted
build	Cache Android SDK	2026-06-06T12:22:48.2796097Z /usr/bin/tar: ../../../../../usr/local/lib/android/sdk/platforms/android-34-ext10/data/res/values-mcc310-mnc230-lt: Cannot change mode to rwxr-xr-x: Operation not permitted
build	Cache Android SDK	2026-06-06T12:22:48.2799488Z /usr/bin/tar: ../../../../../usr/local/lib/android/sdk/platforms/android-34-ext10/data/res/values-mcc310-mnc150-vi: Cannot utime: Operation not permitted
build	Cache Android SDK	2026-06-06T12:22:48.2799952Z /usr/bin/tar: ../../../../../usr/local/lib/android/sdk/platforms/android-34-ext10/data/res/values-mcc310-mnc150-vi: Cannot change mode to rwxr-xr-x: Operation not permitted
build	Cache Android SDK	2026-06-06T12:22:48.2802485Z /usr/bin/tar: ../../../../../usr/local/lib/android/sdk/platforms/android-34-ext10/data/res/values-mcc001-mnc01-el: Cannot utime: Operation not permitted
build	Cache Android SDK	2026-06-06T12:22:48.2802952Z /usr/bin/tar: ../../../../../usr/local/lib/android/sdk/platforms/android-34-ext10/data/res/values-mcc001-mnc01-el: Cannot change mode to rwxr-xr-x: Operation not permitted
build	Cache Android SDK	2026-06-06T12:22:48.2805619Z /usr/bin/tar: ../../../../../usr/local/lib/android/sdk/platforms/android-34-ext10/data/res/values-mcc310-mnc230-ca: Cannot utime: Operation not permitted
build	Cache Android SDK	2026-06-06T12:22:48.2806204Z /usr/bin/tar: ../../../../../usr/local/lib/android/sdk/platforms/android-34-ext10/data/res/values-mcc310-mnc230-ca: Cannot change mode to rwxr-xr-x: Operation not permitted
build	Cache Android SDK	2026-06-06T12:22:48.2808722Z /usr/bin/tar: ../../../../../usr/local/lib/android/sdk/platforms/android-34-ext10/data/res/values-mcc310-mnc200-el: Cannot utime: Operation not permitted
build	Cache Android SDK	2026-06-06T12:22:48.2809195Z /usr/bin/tar: ../../../../../usr/local/lib/android/sdk/platforms/android-34-ext10/data/res/values-mcc310-mnc200-el: Cannot change mode to rwxr-xr-x: Operation not permitted
build	Cache Android SDK	2026-06-06T12:22:48.2812147Z /usr/bin/tar: ../../../../../usr/local/lib/android/sdk/platforms/android-34-ext10/data/res/values-mcc310-mnc160-lv: Cannot utime: Operation not permitted
build	Cache Android SDK	2026-06-06T12:22:48.2812608Z /usr/bin/tar: ../../../../../usr/local/lib/android/sdk/platforms/android-34-ext10/data/res/values-mcc310-mnc160-lv: Cannot change mode to rwxr-xr-x: Operation not permitted
build	Cache Android SDK	2026-06-06T12:22:48.2815541Z /usr/bin/tar: ../../../../../usr/local/lib/android/sdk/platforms/android-34-ext10/data/res/values-mcc310-mnc220-ko: Cannot utime: Operation not permitted
build	Cache Android SDK	2026-06-06T12:22:48.2815996Z /usr/bin/tar: ../../../../../usr/local/lib/android/sdk/platforms/android-34-ext10/data/res/values-mcc310-mnc220-ko: Cannot change mode to rwxr-xr-x: Operation not permitted
build	Cache Android SDK	2026-06-06T12:22:48.2819189Z /usr/bin/tar: ../../../../../usr/local/lib/android/sdk/platforms/android-34-ext10/data/res/values-mcc310-mnc280-pl: Cannot utime: Operation not permitted
build	Cache Android SDK	2026-06-06T12:22:48.2821776Z /usr/bin/tar: ../../../../../usr/local/lib/android/sdk/platforms/android-34-ext10/data/res/values-mcc310-mnc280-pl: Cannot change mode to rwxr-xr-x: Operation not permitted
build	Cache Android SDK	2026-06-06T12:22:48.2822163Z /usr/bin/tar: ../../../../../usr/local/lib/android/sdk/platforms/android-34-ext10/data/res/values-nl-rNL: Cannot utime: Operation not permitted
build	Cache Android SDK	2026-06-06T12:22:48.2822605Z /usr/bin/tar: ../../../../../usr/local/lib/android/sdk/platforms/android-34-ext10/data/res/values-nl-rNL: Cannot change mode to rwxr-xr-x: Operation not permitted
build	Cache Android SDK	2026-06-06T12:22:48.2824629Z /usr/bin/tar: ../../../../../usr/local/lib/android/sdk/platforms/android-34-ext10/data/res/values-mcc001-mnc01-es-rUS: Cannot utime: Operation not permitted
build	Cache Android SDK	2026-06-06T12:22:48.2825103Z /usr/bin/tar: ../../../../../usr/local/lib/android/sdk/platforms/android-34-ext10/data/res/values-mcc001-mnc01-es-rUS: Cannot change mode to rwxr-xr-x: Operation not permitted
build	Cache Android SDK	2026-06-06T12:22:48.2827595Z /usr/bin/tar: ../../../../../usr/local/lib/android/sdk/platforms/android-34-ext10/data/res/values-mcc302-mnc370-gu: Cannot utime: Operation not permitted
build	Cache Android SDK	2026-06-06T12:22:48.2828064Z /usr/bin/tar: ../../../../../usr/local/lib/android/sdk/platforms/android-34-ext10/data/res/values-mcc302-mnc370-gu: Cannot change mode to rwxr-xr-x: Operation not permitted
build	Cache Android SDK	2026-06-06T12:22:48.2830694Z /usr/bin/tar: ../../../../../usr/local/lib/android/sdk/platforms/android-34-ext10/data/res/values-mcc310-mnc490-b+sr+Latn: Cannot utime: Operation not permitted
build	Cache Android SDK	2026-06-06T12:22:48.2831200Z /usr/bin/tar: ../../../../../usr/local/lib/android/sdk/platforms/android-34-ext10/data/res/values-mcc310-mnc490-b+sr+Latn: Cannot change mode to rwxr-xr-x: Operation not permitted
build	Cache Android SDK	2026-06-06T12:22:48.2833626Z /usr/bin/tar: ../../../../../usr/local/lib/android/sdk/platforms/android-34-ext10/data/res/values-mcc310-mnc950-uk: Cannot utime: Operation not permitted
build	Cache Android SDK	2026-06-06T12:22:48.2834086Z /usr/bin/tar: ../../../../../usr/local/lib/android/sdk/platforms/android-34-ext10/data/res/values-mcc310-mnc950-uk: Cannot change mode to rwxr-xr-x: Operation not permitted
build	Cache Android SDK	2026-06-06T12:22:48.2837144Z /usr/bin/tar: ../../../../../usr/local/lib/android/sdk/platforms/android-34-ext10/data/res/values-mcc310-mnc660-ml: Cannot utime: Operation not permitted
build	Cache Android SDK	2026-06-06T12:22:48.2837804Z /usr/bin/tar: ../../../../../usr/local/lib/android/sdk/platforms/android-34-ext10/data/res/values-mcc310-mnc660-ml: Cannot change mode to rwxr-xr-x: Operation not permitted
build	Cache Android SDK	2026-06-06T12:22:48.2840432Z /usr/bin/tar: ../../../../../usr/local/lib/android/sdk/platforms/android-34-ext10/data/res/values-mcc314: Cannot utime: Operation not permitted
build	Cache Android SDK	2026-06-06T12:22:48.2840876Z /usr/bin/tar: ../../../../../usr/local/lib/android/sdk/platforms/android-34-ext10/data/res/values-mcc314: Cannot change mode to rwxr-xr-x: Operation not permitted
build	Cache Android SDK	2026-06-06T12:22:48.2843747Z /usr/bin/tar: ../../../../../usr/local/lib/android/sdk/platforms/android-34-ext10/data/res/values-mcc310-mnc200-te: Cannot utime: Operation not permitted
build	Cache Android SDK	2026-06-06T12:22:48.2844208Z /usr/bin/tar: ../../../../../usr/local/lib/android/sdk/platforms/android-34-ext10/data/res/values-mcc310-mnc200-te: Cannot change mode to rwxr-xr-x: Operation not permitted
build	Cache Android SDK	2026-06-06T12:22:48.2847248Z /usr/bin/tar: ../../../../../usr/local/lib/android/sdk/platforms/android-34-ext10/data/res/values-mcc311-mnc180-nb: Cannot utime: Operation not permitted
build	Cache Android SDK	2026-06-06T12:22:48.2847993Z /usr/bin/tar: ../../../../../usr/local/lib/android/sdk/platforms/android-34-ext10/data/res/values-mcc311-mnc180-nb: Cannot change mode to rwxr-xr-x: Operation not permitted
build	Cache Android SDK	2026-06-06T12:22:48.2850662Z /usr/bin/tar: ../../../../../usr/local/lib/android/sdk/platforms/android-34-ext10/data/res/values-mcc310-mnc250-zh-rHK: Cannot utime: Operation not permitted
build	Cache Android SDK	2026-06-06T12:22:48.2851153Z /usr/bin/tar: ../../../../../usr/local/lib/android/sdk/platforms/android-34-ext10/data/res/values-mcc310-mnc250-zh-rHK: Cannot change mode to rwxr-xr-x: Operation not permitted
build	Cache Android SDK	2026-06-06T12:22:48.2853602Z /usr/bin/tar: ../../../../../usr/local/lib/android/sdk/platforms/android-34-ext10/data/res/values-mcc310-mnc310-lo: Cannot utime: Operation not permitted
build	Cache Android SDK	2026-06-06T12:22:48.2854066Z /usr/bin/tar: ../../../../../usr/local/lib/android/sdk/platforms/android-34-ext10/data/res/values-mcc310-mnc310-lo: Cannot change mode to rwxr-xr-x: Operation not permitted
build	Cache Android SDK	2026-06-06T12:22:48.2856830Z /usr/bin/tar: ../../../../../usr/local/lib/android/sdk/platforms/android-34-ext10/data/res/values-mcc001-mnc01-pt-rBR: Cannot utime: Operation not permitted
build	Cache Android SDK	2026-06-06T12:22:48.2857528Z /usr/bin/tar: ../../../../../usr/local/lib/android/sdk/platforms/android-34-ext10/data/res/values-mcc001-mnc01-pt-rBR: Cannot change mode to rwxr-xr-x: Operation not permitted
build	Cache Android SDK	2026-06-06T12:22:48.2860129Z /usr/bin/tar: ../../../../../usr/local/lib/android/sdk/platforms/android-34-ext10/data/res/values-mcc310-mnc660-ja: Cannot utime: Operation not permitted
build	Cache Android SDK	2026-06-06T12:22:48.2860603Z /usr/bin/tar: ../../../../../usr/local/lib/android/sdk/platforms/android-34-ext10/data/res/values-mcc310-mnc660-ja: Cannot change mode to rwxr-xr-x: Operation not permitted
build	Cache Android SDK	2026-06-06T12:22:48.2863437Z /usr/bin/tar: ../../../../../usr/local/lib/android/sdk/platforms/android-34-ext10/data/res/values-mcc310-mnc280-bg: Cannot utime: Operation not permitted
build	Cache Android SDK	2026-06-06T12:22:48.2863892Z /usr/bin/tar: ../../../../../usr/local/lib/android/sdk/platforms/android-34-ext10/data/res/values-mcc310-mnc280-bg: Cannot change mode to rwxr-xr-x: Operation not permitted
build	Cache Android SDK	2026-06-06T12:22:48.2866429Z /usr/bin/tar: ../../../../../usr/local/lib/android/sdk/platforms/android-34-ext10/data/res/values-mcc310-mnc800-am: Cannot utime: Operation not permitted
build	Cache Android SDK	2026-06-06T12:22:48.2866901Z /usr/bin/tar: ../../../../../usr/local/lib/android/sdk/platforms/android-34-ext10/data/res/values-mcc310-mnc800-am: Cannot change mode to rwxr-xr-x: Operation not permitted
build	Cache Android SDK	2026-06-06T12:22:48.2869544Z /usr/bin/tar: ../../../../../usr/local/lib/android/sdk/platforms/android-34-ext10/data/res/values-mcc310-mnc170-vi: Cannot utime: Operation not permitted
build	Cache Android SDK	2026-06-06T12:22:48.2870010Z /usr/bin/tar: ../../../../../usr/local/lib/android/sdk/platforms/android-34-ext10/data/res/values-mcc310-mnc170-vi: Cannot change mode to rwxr-xr-x: Operation not permitted
build	Cache Android SDK	2026-06-06T12:22:48.2872837Z /usr/bin/tar: ../../../../../usr/local/lib/android/sdk/platforms/android-34-ext10/data/res/values-mcc310-mnc310-zu: Cannot utime: Operation not permitted
build	Cache Android SDK	2026-06-06T12:22:48.2873361Z /usr/bin/tar: ../../../../../usr/local/lib/android/sdk/platforms/android-34-ext10/data/res/values-mcc310-mnc310-zu: Cannot change mode to rwxr-xr-x: Operation not permitted
build	Cache Android SDK	2026-06-06T12:22:48.2875692Z /usr/bin/tar: ../../../../../usr/local/lib/android/sdk/platforms/android-34-ext10/data/res/values-mcc310-mnc160-bs: Cannot utime: Operation not permitted
build	Cache Android SDK	2026-06-06T12:22:48.2876160Z /usr/bin/tar: ../../../../../usr/local/lib/android/sdk/platforms/android-34-ext10/data/res/values-mcc310-mnc160-bs: Cannot change mode to rwxr-xr-x: Operation not permitted
build	Cache Android SDK	2026-06-06T12:22:48.2879432Z /usr/bin/tar: ../../../../../usr/local/lib/android/sdk/platforms/android-34-ext10/data/res/anim-watch: Cannot utime: Operation not permitted
build	Cache Android SDK	2026-06-06T12:22:48.2879861Z /usr/bin/tar: ../../../../../usr/local/lib/android/sdk/platforms/android-34-ext10/data/res/anim-watch: Cannot change mode to rwxr-xr-x: Operation not permitted
build	Cache Android SDK	2026-06-06T12:22:48.2882586Z /usr/bin/tar: ../../../../../usr/local/lib/android/sdk/platforms/android-34-ext10/data/res/values-mcc334-mnc020-en-rCA: Cannot utime: Operation not permitted
build	Cache Android SDK	2026-06-06T12:22:48.2883149Z /usr/bin/tar: ../../../../../usr/local/lib/android/sdk/platforms/android-34-ext10/data/res/values-mcc334-mnc020-en-rCA: Cannot change mode to rwxr-xr-x: Operation not permitted
build	Cache Android SDK	2026-06-06T12:22:48.2885938Z /usr/bin/tar: ../../../../../usr/local/lib/android/sdk/platforms/android-34-ext10/data/res/values-lv-television: Cannot utime: Operation not permitted
build	Cache Android SDK	2026-06-06T12:22:48.2886399Z /usr/bin/tar: ../../../../../usr/local/lib/android/sdk/platforms/android-34-ext10/data/res/values-lv-television: Cannot change mode to rwxr-xr-x: Operation not permitted
build	Cache Android SDK	2026-06-06T12:22:48.2890567Z /usr/bin/tar: ../../../../../usr/local/lib/android/sdk/platforms/android-34-ext10/data/res/values-mcc310-mnc210-ko: Cannot utime: Operation not permitted
build	Cache Android SDK	2026-06-06T12:22:48.2891029Z /usr/bin/tar: ../../../../../usr/local/lib/android/sdk/platforms/android-34-ext10/data/res/values-mcc310-mnc210-ko: Cannot change mode to rwxr-xr-x: Operation not permitted
build	Cache Android SDK	2026-06-06T12:22:48.2893654Z /usr/bin/tar: ../../../../../usr/local/lib/android/sdk/platforms/android-34-ext10/data/res/values-mcc310-mnc150-fr-rCA: Cannot utime: Operation not permitted
build	Cache Android SDK	2026-06-06T12:22:48.2894204Z /usr/bin/tar: ../../../../../usr/local/lib/android/sdk/platforms/android-34-ext10/data/res/values-mcc310-mnc150-fr-rCA: Cannot change mode to rwxr-xr-x: Operation not permitted
build	Cache Android SDK	2026-06-06T12:22:48.2896610Z /usr/bin/tar: ../../../../../usr/local/lib/android/sdk/platforms/android-34-ext10/data/res/values-mcc310-mnc030-pt-rBR: Cannot utime: Operation not permitted
build	Cache Android SDK	2026-06-06T12:22:48.2897089Z /usr/bin/tar: ../../../../../usr/local/lib/android/sdk/platforms/android-34-ext10/data/res/values-mcc310-mnc030-pt-rBR: Cannot change mode to rwxr-xr-x: Operation not permitted
build	Cache Android SDK	2026-06-06T12:22:48.2899764Z /usr/bin/tar: ../../../../../usr/local/lib/android/sdk/platforms/android-34-ext10/data/res/values-mcc334-mnc020-lv: Cannot utime: Operation not permitted
build	Cache Android SDK	2026-06-06T12:22:48.2900293Z /usr/bin/tar: ../../../../../usr/local/lib/android/sdk/platforms/android-34-ext10/data/res/values-mcc334-mnc020-lv: Cannot change mode to rwxr-xr-x: Operation not permitted
build	Cache Android SDK	2026-06-06T12:22:48.2902681Z /usr/bin/tar: ../../../../../usr/local/lib/android/sdk/platforms/android-34-ext10/data/res/values-hr-watch: Cannot utime: Operation not permitted
build	Cache Android SDK	2026-06-06T12:22:48.2903139Z /usr/bin/tar: ../../../../../usr/local/lib/android/sdk/platforms/android-34-ext10/data/res/values-hr-watch: Cannot change mode to rwxr-xr-x: Operation not permitted
build	Cache Android SDK	2026-06-06T12:22:48.2906954Z /usr/bin/tar: ../../../../../usr/local/lib/android/sdk/platforms/android-34-ext10/data/res/values-mcc310-mnc380-lo: Cannot utime: Operation not permitted
build	Cache Android SDK	2026-06-06T12:22:48.2908024Z /usr/bin/tar: ../../../../../usr/local/lib/android/sdk/platforms/android-34-ext10/data/res/values-mcc310-mnc380-lo: Cannot change mode to rwxr-xr-x: Operation not permitted
build	Cache Android SDK	2026-06-06T12:22:48.2909715Z /usr/bin/tar: ../../../../../usr/local/lib/android/sdk/platforms/android-34-ext10/data/res/values-mcc311-mnc180-mk: Cannot utime: Operation not permitted
build	Cache Android SDK	2026-06-06T12:22:48.2910210Z /usr/bin/tar: ../../../../../usr/local/lib/android/sdk/platforms/android-34-ext10/data/res/values-mcc311-mnc180-mk: Cannot change mode to rwxr-xr-x: Operation not permitted
build	Cache Android SDK	2026-06-06T12:22:48.2912650Z /usr/bin/tar: ../../../../../usr/local/lib/android/sdk/platforms/android-34-ext10/data/res/values-mcc310-mnc170-ro: Cannot utime: Operation not permitted
build	Cache Android SDK	2026-06-06T12:22:48.2913130Z /usr/bin/tar: ../../../../../usr/local/lib/android/sdk/platforms/android-34-ext10/data/res/values-mcc310-mnc170-ro: Cannot change mode to rwxr-xr-x: Operation not permitted
build	Cache Android SDK	2026-06-06T12:22:48.2915767Z /usr/bin/tar: ../../../../../usr/local/lib/android/sdk/platforms/android-34-ext10/data/res/values-mcc310-mnc200-bn: Cannot utime: Operation not permitted
build	Cache Android SDK	2026-06-06T12:22:48.2916242Z /usr/bin/tar: ../../../../../usr/local/lib/android/sdk/platforms/android-34-ext10/data/res/values-mcc310-mnc200-bn: Cannot change mode to rwxr-xr-x: Operation not permitted
build	Cache Android SDK	2026-06-06T12:22:48.2919605Z /usr/bin/tar: ../../../../../usr/local/lib/android/sdk/platforms/android-34-ext10/data/res/values-mcc310-mnc250: Cannot utime: Operation not permitted
build	Cache Android SDK	2026-06-06T12:22:48.2920072Z /usr/bin/tar: ../../../../../usr/local/lib/android/sdk/platforms/android-34-ext10/data/res/values-mcc310-mnc250: Cannot change mode to rwxr-xr-x: Operation not permitted
build	Cache Android SDK	2026-06-06T12:22:48.2923210Z /usr/bin/tar: ../../../../../usr/local/lib/android/sdk/platforms/android-34-ext10/data/res/values-mcc310-mnc660-ru: Cannot utime: Operation not permitted
build	Cache Android SDK	2026-06-06T12:22:48.2923687Z /usr/bin/tar: ../../../../../usr/local/lib/android/sdk/platforms/android-34-ext10/data/res/values-mcc310-mnc660-ru: Cannot change mode to rwxr-xr-x: Operation not permitted
build	Cache Android SDK	2026-06-06T12:22:48.2926205Z /usr/bin/tar: ../../../../../usr/local/lib/android/sdk/platforms/android-34-ext10/data/res/values-mcc310-mnc220-pa: Cannot utime: Operation not permitted
build	Cache Android SDK	2026-06-06T12:22:48.2926686Z /usr/bin/tar: ../../../../../usr/local/lib/android/sdk/platforms/android-34-ext10/data/res/values-mcc310-mnc220-pa: Cannot change mode to rwxr-xr-x: Operation not permitted
build	Cache Android SDK	2026-06-06T12:22:48.2929278Z /usr/bin/tar: ../../../../../usr/local/lib/android/sdk/platforms/android-34-ext10/data/res/values-mcc310-mnc800-ja: Cannot utime: Operation not permitted
build	Cache Android SDK	2026-06-06T12:22:48.2929739Z /usr/bin/tar: ../../../../../usr/local/lib/android/sdk/platforms/android-34-ext10/data/res/values-mcc310-mnc800-ja: Cannot change mode to rwxr-xr-x: Operation not permitted
build	Cache Android SDK	2026-06-06T12:22:48.2932356Z /usr/bin/tar: ../../../../../usr/local/lib/android/sdk/platforms/android-34-ext10/data/res/values-mcc310-mnc490-is: Cannot utime: Operation not permitted
build	Cache Android SDK	2026-06-06T12:22:48.2932826Z /usr/bin/tar: ../../../../../usr/local/lib/android/sdk/platforms/android-34-ext10/data/res/values-mcc310-mnc490-is: Cannot change mode to rwxr-xr-x: Operation not permitted
build	Cache Android SDK	2026-06-06T12:22:48.2935655Z /usr/bin/tar: ../../../../../usr/local/lib/android/sdk/platforms/android-34-ext10/data/res/values-mcc302-mnc720-fi: Cannot utime: Operation not permitted
build	Cache Android SDK	2026-06-06T12:22:48.2936143Z /usr/bin/tar: ../../../../../usr/local/lib/android/sdk/platforms/android-34-ext10/data/res/values-mcc302-mnc720-fi: Cannot change mode to rwxr-xr-x: Operation not permitted
build	Cache Android SDK	2026-06-06T12:22:48.2938957Z /usr/bin/tar: ../../../../../usr/local/lib/android/sdk/platforms/android-34-ext10/data/res/values-mcc310-mnc270-mn: Cannot utime: Operation not permitted
build	Cache Android SDK	2026-06-06T12:22:48.2939417Z /usr/bin/tar: ../../../../../usr/local/lib/android/sdk/platforms/android-34-ext10/data/res/values-mcc310-mnc270-mn: Cannot change mode to rwxr-xr-x: Operation not permitted
build	Cache Android SDK	2026-06-06T12:22:48.2942058Z /usr/bin/tar: ../../../../../usr/local/lib/android/sdk/platforms/android-34-ext10/data/res/values-mcc312-mnc670-ar: Cannot utime: Operation not permitted
build	Cache Android SDK	2026-06-06T12:22:48.2942669Z /usr/bin/tar: ../../../../../usr/local/lib/android/sdk/platforms/android-34-ext10/data/res/values-mcc312-mnc670-ar: Cannot change mode to rwxr-xr-x: Operation not permitted
build	Cache Android SDK	2026-06-06T12:22:48.2945164Z /usr/bin/tar: ../../../../../usr/local/lib/android/sdk/platforms/android-34-ext10/data/res/values-mcc313-mnc100-hu: Cannot utime: Operation not permitted
build	Cache Android SDK	2026-06-06T12:22:48.2945627Z /usr/bin/tar: ../../../../../usr/local/lib/android/sdk/platforms/android-34-ext10/data/res/values-mcc313-mnc100-hu: Cannot change mode to rwxr-xr-x: Operation not permitted
build	Cache Android SDK	2026-06-06T12:22:48.2948000Z /usr/bin/tar: ../../../../../usr/local/lib/android/sdk/platforms/android-34-ext10/data/res/values-in-television: Cannot utime: Operation not permitted
build	Cache Android SDK	2026-06-06T12:22:48.2948465Z /usr/bin/tar: ../../../../../usr/local/lib/android/sdk/platforms/android-34-ext10/data/res/values-in-television: Cannot change mode to rwxr-xr-x: Operation not permitted
build	Cache Android SDK	2026-06-06T12:22:48.2954920Z /usr/bin/tar: ../../../../../usr/local/lib/android/sdk/platforms/android-34-ext10/data/res/values-or: Cannot utime: Operation not permitted
build	Cache Android SDK	2026-06-06T12:22:48.2955376Z /usr/bin/tar: ../../../../../usr/local/lib/android/sdk/platforms/android-34-ext10/data/res/values-or: Cannot change mode to rwxr-xr-x: Operation not permitted
build	Cache Android SDK	2026-06-06T12:22:48.2957821Z /usr/bin/tar: ../../../../../usr/local/lib/android/sdk/platforms/android-34-ext10/data/res/values-mcc310-mnc230-b+sr+Latn: Cannot utime: Operation not permitted
build	Cache Android SDK	2026-06-06T12:22:48.2958327Z /usr/bin/tar: ../../../../../usr/local/lib/android/sdk/platforms/android-34-ext10/data/res/values-mcc310-mnc230-b+sr+Latn: Cannot change mode to rwxr-xr-x: Operation not permitted
build	Cache Android SDK	2026-06-06T12:22:48.2960836Z /usr/bin/tar: ../../../../../usr/local/lib/android/sdk/platforms/android-34-ext10/data/res/values-mcc222-mnc10: Cannot utime: Operation not permitted
build	Cache Android SDK	2026-06-06T12:22:48.2961290Z /usr/bin/tar: ../../../../../usr/local/lib/android/sdk/platforms/android-34-ext10/data/res/values-mcc222-mnc10: Cannot change mode to rwxr-xr-x: Operation not permitted
build	Cache Android SDK	2026-06-06T12:22:48.2963986Z /usr/bin/tar: ../../../../../usr/local/lib/android/sdk/platforms/android-34-ext10/data/res/values-mcc310-mnc310-ru: Cannot utime: Operation not permitted
build	Cache Android SDK	2026-06-06T12:22:48.2964581Z /usr/bin/tar: ../../../../../usr/local/lib/android/sdk/platforms/android-34-ext10/data/res/values-mcc310-mnc310-ru: Cannot change mode to rwxr-xr-x: Operation not permitted
build	Cache Android SDK	2026-06-06T12:22:48.2966940Z /usr/bin/tar: ../../../../../usr/local/lib/android/sdk/platforms/android-34-ext10/data/res/values-mcc310-mnc240-sk: Cannot utime: Operation not permitted
build	Cache Android SDK	2026-06-06T12:22:48.2967573Z /usr/bin/tar: ../../../../../usr/local/lib/android/sdk/platforms/android-34-ext10/data/res/values-mcc310-mnc240-sk: Cannot change mode to rwxr-xr-x: Operation not permitted
build	Cache Android SDK	2026-06-06T12:22:48.2970204Z /usr/bin/tar: ../../../../../usr/local/lib/android/sdk/platforms/android-34-ext10/data/res/values-mcc310-mnc210-fa: Cannot utime: Operation not permitted
build	Cache Android SDK	2026-06-06T12:22:48.2970665Z /usr/bin/tar: ../../../../../usr/local/lib/android/sdk/platforms/android-34-ext10/data/res/values-mcc310-mnc210-fa: Cannot change mode to rwxr-xr-x: Operation not permitted
build	Cache Android SDK	2026-06-06T12:22:48.2973098Z /usr/bin/tar: ../../../../../usr/local/lib/android/sdk/platforms/android-34-ext10/data/res/values-mcc310-mnc200-et: Cannot utime: Operation not permitted
build	Cache Android SDK	2026-06-06T12:22:48.2973564Z /usr/bin/tar: ../../../../../usr/local/lib/android/sdk/platforms/android-34-ext10/data/res/values-mcc310-mnc200-et: Cannot change mode to rwxr-xr-x: Operation not permitted
build	Cache Android SDK	2026-06-06T12:22:48.2978972Z /usr/bin/tar: ../../../../../usr/local/lib/android/sdk/platforms/android-34-ext10/data/res/values-ko: Cannot utime: Operation not permitted
build	Cache Android SDK	2026-06-06T12:22:48.2979407Z /usr/bin/tar: ../../../../../usr/local/lib/android/sdk/platforms/android-34-ext10/data/res/values-ko: Cannot change mode to rwxr-xr-x: Operation not permitted
build	Cache Android SDK	2026-06-06T12:22:48.2982214Z /usr/bin/tar: ../../../../../usr/local/lib/android/sdk/platforms/android-34-ext10/data/res/values-en-rAU-television: Cannot utime: Operation not permitted
build	Cache Android SDK	2026-06-06T12:22:48.2982814Z /usr/bin/tar: ../../../../../usr/local/lib/android/sdk/platforms/android-34-ext10/data/res/values-en-rAU-television: Cannot change mode to rwxr-xr-x: Operation not permitted
build	Cache Android SDK	2026-06-06T12:22:48.2985321Z /usr/bin/tar: ../../../../../usr/local/lib/android/sdk/platforms/android-34-ext10/data/res/values-hy-watch: Cannot utime: Operation not permitted
build	Cache Android SDK	2026-06-06T12:22:48.2985763Z /usr/bin/tar: ../../../../../usr/local/lib/android/sdk/platforms/android-34-ext10/data/res/values-hy-watch: Cannot change mode to rwxr-xr-x: Operation not permitted
build	Cache Android SDK	2026-06-06T12:22:48.2988600Z /usr/bin/tar: ../../../../../usr/local/lib/android/sdk/platforms/android-34-ext10/data/res/values-mcc311-mnc180-kn: Cannot utime: Operation not permitted
build	Cache Android SDK	2026-06-06T12:22:48.2989063Z /usr/bin/tar: ../../../../../usr/local/lib/android/sdk/platforms/android-34-ext10/data/res/values-mcc311-mnc180-kn: Cannot change mode to rwxr-xr-x: Operation not permitted
build	Cache Android SDK	2026-06-06T12:22:48.2991261Z /usr/bin/tar: ../../../../../usr/local/lib/android/sdk/platforms/android-34-ext10/data/res/values-mcc310-mnc210-pl: Cannot utime: Operation not permitted
build	Cache Android SDK	2026-06-06T12:22:48.2991807Z /usr/bin/tar: ../../../../../usr/local/lib/android/sdk/platforms/android-34-ext10/data/res/values-mcc310-mnc210-pl: Cannot change mode to rwxr-xr-x: Operation not permitted
build	Cache Android SDK	2026-06-06T12:22:48.2994152Z /usr/bin/tar: ../../../../../usr/local/lib/android/sdk/platforms/android-34-ext10/data/res/values-mcc310-mnc230-is: Cannot utime: Operation not permitted
build	Cache Android SDK	2026-06-06T12:22:48.2994618Z /usr/bin/tar: ../../../../../usr/local/lib/android/sdk/platforms/android-34-ext10/data/res/values-mcc310-mnc230-is: Cannot change mode to rwxr-xr-x: Operation not permitted
build	Cache Android SDK	2026-06-06T12:22:48.2997573Z /usr/bin/tar: ../../../../../usr/local/lib/android/sdk/platforms/android-34-ext10/data/res/values-mcc712-mnc04: Cannot utime: Operation not permitted
build	Cache Android SDK	2026-06-06T12:22:48.2998024Z /usr/bin/tar: ../../../../../usr/local/lib/android/sdk/platforms/android-34-ext10/data/res/values-mcc712-mnc04: Cannot change mode to rwxr-xr-x: Operation not permitted
build	Cache Android SDK	2026-06-06T12:22:48.3000658Z /usr/bin/tar: ../../../../../usr/local/lib/android/sdk/platforms/android-34-ext10/data/res/values-mcc310-mnc490-ur: Cannot utime: Operation not permitted
build	Cache Android SDK	2026-06-06T12:22:48.3001185Z /usr/bin/tar: ../../../../../usr/local/lib/android/sdk/platforms/android-34-ext10/data/res/values-mcc310-mnc490-ur: Cannot change mode to rwxr-xr-x: Operation not permitted
build	Cache Android SDK	2026-06-06T12:22:48.3004104Z /usr/bin/tar: ../../../../../usr/local/lib/android/sdk/platforms/android-34-ext10/data/res/values-mcc311-mnc180-sl: Cannot utime: Operation not permitted
build	Cache Android SDK	2026-06-06T12:22:48.3004773Z /usr/bin/tar: ../../../../../usr/local/lib/android/sdk/platforms/android-34-ext10/data/res/values-mcc311-mnc180-sl: Cannot change mode to rwxr-xr-x: Operation not permitted
build	Cache Android SDK	2026-06-06T12:22:48.3007113Z /usr/bin/tar: ../../../../../usr/local/lib/android/sdk/platforms/android-34-ext10/data/res/values-mcc310-mnc170-mk: Cannot utime: Operation not permitted
build	Cache Android SDK	2026-06-06T12:22:48.3007815Z /usr/bin/tar: ../../../../../usr/local/lib/android/sdk/platforms/android-34-ext10/data/res/values-mcc310-mnc170-mk: Cannot change mode to rwxr-xr-x: Operation not permitted
build	Cache Android SDK	2026-06-06T12:22:48.3010546Z /usr/bin/tar: ../../../../../usr/local/lib/android/sdk/platforms/android-34-ext10/data/res/values-mcc310-mnc950-th: Cannot utime: Operation not permitted
build	Cache Android SDK	2026-06-06T12:22:48.3011016Z /usr/bin/tar: ../../../../../usr/local/lib/android/sdk/platforms/android-34-ext10/data/res/values-mcc310-mnc950-th: Cannot change mode to rwxr-xr-x: Operation not permitted
build	Cache Android SDK	2026-06-06T12:22:48.3013184Z /usr/bin/tar: ../../../../../usr/local/lib/android/sdk/platforms/android-34-ext10/data/res/values-mcc310-mnc660-nb: Cannot utime: Operation not permitted
build	Cache Android SDK	2026-06-06T12:22:48.3013641Z /usr/bin/tar: ../../../../../usr/local/lib/android/sdk/platforms/android-34-ext10/data/res/values-mcc310-mnc660-nb: Cannot change mode to rwxr-xr-x: Operation not permitted
build	Cache Android SDK	2026-06-06T12:22:48.3016747Z /usr/bin/tar: ../../../../../usr/local/lib/android/sdk/platforms/android-34-ext10/data/res/values-mcc310-mnc030-pa: Cannot utime: Operation not permitted
build	Cache Android SDK	2026-06-06T12:22:48.3017293Z /usr/bin/tar: ../../../../../usr/local/lib/android/sdk/platforms/android-34-ext10/data/res/values-mcc310-mnc030-pa: Cannot change mode to rwxr-xr-x: Operation not permitted
build	Cache Android SDK	2026-06-06T12:22:48.3020362Z /usr/bin/tar: ../../../../../usr/local/lib/android/sdk/platforms/android-34-ext10/data/res/values-gu-watch: Cannot utime: Operation not permitted
build	Cache Android SDK	2026-06-06T12:22:48.3020815Z /usr/bin/tar: ../../../../../usr/local/lib/android/sdk/platforms/android-34-ext10/data/res/values-gu-watch: Cannot change mode to rwxr-xr-x: Operation not permitted
build	Cache Android SDK	2026-06-06T12:22:48.3023534Z /usr/bin/tar: ../../../../../usr/local/lib/android/sdk/platforms/android-34-ext10/data/res/values-mcc310-mnc660-si: Cannot utime: Operation not permitted
build	Cache Android SDK	2026-06-06T12:22:48.3023989Z /usr/bin/tar: ../../../../../usr/local/lib/android/sdk/platforms/android-34-ext10/data/res/values-mcc310-mnc660-si: Cannot change mode to rwxr-xr-x: Operation not permitted
build	Cache Android SDK	2026-06-06T12:22:48.3026950Z /usr/bin/tar: ../../../../../usr/local/lib/android/sdk/platforms/android-34-ext10/data/res/values-mcc310-mnc380-eu: Cannot utime: Operation not permitted
build	Cache Android SDK	2026-06-06T12:22:48.3027493Z /usr/bin/tar: ../../../../../usr/local/lib/android/sdk/platforms/android-34-ext10/data/res/values-mcc310-mnc380-eu: Cannot change mode to rwxr-xr-x: Operation not permitted
build	Cache Android SDK	2026-06-06T12:22:48.3030269Z /usr/bin/tar: ../../../../../usr/local/lib/android/sdk/platforms/android-34-ext10/data/res/values-mcc334-mnc020-pa: Cannot utime: Operation not permitted
build	Cache Android SDK	2026-06-06T12:22:48.3030743Z /usr/bin/tar: ../../../../../usr/local/lib/android/sdk/platforms/android-34-ext10/data/res/values-mcc334-mnc020-pa: Cannot change mode to rwxr-xr-x: Operation not permitted
build	Cache Android SDK	2026-06-06T12:22:48.3033393Z /usr/bin/tar: ../../../../../usr/local/lib/android/sdk/platforms/android-34-ext10/data/res/values-mcc310-mnc560-fr: Cannot utime: Operation not permitted
build	Cache Android SDK	2026-06-06T12:22:48.3033849Z /usr/bin/tar: ../../../../../usr/local/lib/android/sdk/platforms/android-34-ext10/data/res/values-mcc310-mnc560-fr: Cannot change mode to rwxr-xr-x: Operation not permitted
build	Cache Android SDK	2026-06-06T12:22:48.3036535Z /usr/bin/tar: ../../../../../usr/local/lib/android/sdk/platforms/android-34-ext10/data/res/values-mcc334-mnc020-pt-rBR: Cannot utime: Operation not permitted
build	Cache Android SDK	2026-06-06T12:22:48.3037025Z /usr/bin/tar: ../../../../../usr/local/lib/android/sdk/platforms/android-34-ext10/data/res/values-mcc334-mnc020-pt-rBR: Cannot change mode to rwxr-xr-x: Operation not permitted
build	Cache Android SDK	2026-06-06T12:22:48.3039806Z /usr/bin/tar: ../../../../../usr/local/lib/android/sdk/platforms/android-34-ext10/data/res/values-mcc313-mnc100-ur: Cannot utime: Operation not permitted
build	Cache Android SDK	2026-06-06T12:22:48.3040314Z /usr/bin/tar: ../../../../../usr/local/lib/android/sdk/platforms/android-34-ext10/data/res/values-mcc313-mnc100-ur: Cannot change mode to rwxr-xr-x: Operation not permitted
build	Cache Android SDK	2026-06-06T12:22:48.3042543Z /usr/bin/tar: ../../../../../usr/local/lib/android/sdk/platforms/android-34-ext10/data/res/values-mcc310-mnc230-ml: Cannot utime: Operation not permitted
build	Cache Android SDK	2026-06-06T12:22:48.3043078Z /usr/bin/tar: ../../../../../usr/local/lib/android/sdk/platforms/android-34-ext10/data/res/values-mcc310-mnc230-ml: Cannot change mode to rwxr-xr-x: Operation not permitted
build	Cache Android SDK	2026-06-06T12:22:48.3046148Z /usr/bin/tar: ../../../../../usr/local/lib/android/sdk/platforms/android-34-ext10/data/res/values-sr-rRS: Cannot utime: Operation not permitted
build	Cache Android SDK	2026-06-06T12:22:48.3046671Z /usr/bin/tar: ../../../../../usr/local/lib/android/sdk/platforms/android-34-ext10/data/res/values-sr-rRS: Cannot change mode to rwxr-xr-x: Operation not permitted
build	Cache Android SDK	2026-06-06T12:22:48.3049036Z /usr/bin/tar: ../../../../../usr/local/lib/android/sdk/platforms/android-34-ext10/data/res/values-mcc310-mnc160-cs: Cannot utime: Operation not permitted
build	Cache Android SDK	2026-06-06T12:22:48.3049499Z /usr/bin/tar: ../../../../../usr/local/lib/android/sdk/platforms/android-34-ext10/data/res/values-mcc310-mnc160-cs: Cannot change mode to rwxr-xr-x: Operation not permitted
build	Cache Android SDK	2026-06-06T12:22:48.3052011Z /usr/bin/tar: ../../../../../usr/local/lib/android/sdk/platforms/android-34-ext10/data/res/values-mcc240-mnc01: Cannot utime: Operation not permitted
build	Cache Android SDK	2026-06-06T12:22:48.3052478Z /usr/bin/tar: ../../../../../usr/local/lib/android/sdk/platforms/android-34-ext10/data/res/values-mcc240-mnc01: Cannot change mode to rwxr-xr-x: Operation not permitted
build	Cache Android SDK	2026-06-06T12:22:48.3055109Z /usr/bin/tar: ../../../../../usr/local/lib/android/sdk/platforms/android-34-ext10/data/res/values-mcc310-mnc800-fr: Cannot utime: Operation not permitted
build	Cache Android SDK	2026-06-06T12:22:48.3055570Z /usr/bin/tar: ../../../../../usr/local/lib/android/sdk/platforms/android-34-ext10/data/res/values-mcc310-mnc800-fr: Cannot change mode to rwxr-xr-x: Operation not permitted
build	Cache Android SDK	2026-06-06T12:22:48.3058169Z /usr/bin/tar: ../../../../../usr/local/lib/android/sdk/platforms/android-34-ext10/data/res/values-mcc310-mnc490-pt-rPT: Cannot utime: Operation not permitted
build	Cache Android SDK	2026-06-06T12:22:48.3058668Z /usr/bin/tar: ../../../../../usr/local/lib/android/sdk/platforms/android-34-ext10/data/res/values-mcc310-mnc490-pt-rPT: Cannot change mode to rwxr-xr-x: Operation not permitted
build	Cache Android SDK	2026-06-06T12:22:48.3061187Z /usr/bin/tar: ../../../../../usr/local/lib/android/sdk/platforms/android-34-ext10/data/res/values-mcc310-mnc160-bn: Cannot utime: Operation not permitted
build	Cache Android SDK	2026-06-06T12:22:48.3061651Z /usr/bin/tar: ../../../../../usr/local/lib/android/sdk/platforms/android-34-ext10/data/res/values-mcc310-mnc160-bn: Cannot change mode to rwxr-xr-x: Operation not permitted
build	Cache Android SDK	2026-06-06T12:22:48.3067094Z /usr/bin/tar: ../../../../../usr/local/lib/android/sdk/platforms/android-34-ext10/data/res/values-in: Cannot utime: Operation not permitted
build	Cache Android SDK	2026-06-06T12:22:48.3067748Z /usr/bin/tar: ../../../../../usr/local/lib/android/sdk/platforms/android-34-ext10/data/res/values-in: Cannot change mode to rwxr-xr-x: Operation not permitted
build	Cache Android SDK	2026-06-06T12:22:48.3070460Z /usr/bin/tar: ../../../../../usr/local/lib/android/sdk/platforms/android-34-ext10/data/res/values-mcc310-mnc220-kn: Cannot utime: Operation not permitted
build	Cache Android SDK	2026-06-06T12:22:48.3070955Z /usr/bin/tar: ../../../../../usr/local/lib/android/sdk/platforms/android-34-ext10/data/res/values-mcc310-mnc220-kn: Cannot change mode to rwxr-xr-x: Operation not permitted
build	Cache Android SDK	2026-06-06T12:22:48.3073878Z /usr/bin/tar: ../../../../../usr/local/lib/android/sdk/platforms/android-34-ext10/data/res/values-mcc214: Cannot utime: Operation not permitted
build	Cache Android SDK	2026-06-06T12:22:48.3074421Z /usr/bin/tar: ../../../../../usr/local/lib/android/sdk/platforms/android-34-ext10/data/res/values-mcc214: Cannot change mode to rwxr-xr-x: Operation not permitted
build	Cache Android SDK	2026-06-06T12:22:48.3077514Z /usr/bin/tar: ../../../../../usr/local/lib/android/sdk/platforms/android-34-ext10/data/res/values-mcc310-mnc660-zh-rTW: Cannot utime: Operation not permitted
build	Cache Android SDK	2026-06-06T12:22:48.3078035Z /usr/bin/tar: ../../../../../usr/local/lib/android/sdk/platforms/android-34-ext10/data/res/values-mcc310-mnc660-zh-rTW: Cannot change mode to rwxr-xr-x: Operation not permitted
build	Cache Android SDK	2026-06-06T12:22:48.3080589Z /usr/bin/tar: ../../../../../usr/local/lib/android/sdk/platforms/android-34-ext10/data/res/values-is-television: Cannot utime: Operation not permitted
build	Cache Android SDK	2026-06-06T12:22:48.3081057Z /usr/bin/tar: ../../../../../usr/local/lib/android/sdk/platforms/android-34-ext10/data/res/values-is-television: Cannot change mode to rwxr-xr-x: Operation not permitted
build	Cache Android SDK	2026-06-06T12:22:48.3086877Z /usr/bin/tar: ../../../../../usr/local/lib/android/sdk/platforms/android-34-ext10/data/res/values-en-rIN: Cannot utime: Operation not permitted
build	Cache Android SDK	2026-06-06T12:22:48.3088002Z /usr/bin/tar: ../../../../../usr/local/lib/android/sdk/platforms/android-34-ext10/data/res/values-en-rIN: Cannot change mode to rwxr-xr-x: Operation not permitted
build	Cache Android SDK	2026-06-06T12:22:48.3089392Z /usr/bin/tar: ../../../../../usr/local/lib/android/sdk/platforms/android-34-ext10/data/res/values-sw-watch: Cannot utime: Operation not permitted
build	Cache Android SDK	2026-06-06T12:22:48.3089923Z /usr/bin/tar: ../../../../../usr/local/lib/android/sdk/platforms/android-34-ext10/data/res/values-sw-watch: Cannot change mode to rwxr-xr-x: Operation not permitted
build	Cache Android SDK	2026-06-06T12:22:48.3092558Z /usr/bin/tar: ../../../../../usr/local/lib/android/sdk/platforms/android-34-ext10/data/res/values-mcc310-mnc270-sv: Cannot utime: Operation not permitted
build	Cache Android SDK	2026-06-06T12:22:48.3093029Z /usr/bin/tar: ../../../../../usr/local/lib/android/sdk/platforms/android-34-ext10/data/res/values-mcc310-mnc270-sv: Cannot change mode to rwxr-xr-x: Operation not permitted
build	Cache Android SDK	2026-06-06T12:22:48.3095793Z /usr/bin/tar: ../../../../../usr/local/lib/android/sdk/platforms/android-34-ext10/data/res/values-mcc310-mnc490-bg: Cannot utime: Operation not permitted
build	Cache Android SDK	2026-06-06T12:22:48.3096255Z /usr/bin/tar: ../../../../../usr/local/lib/android/sdk/platforms/android-34-ext10/data/res/values-mcc310-mnc490-bg: Cannot change mode to rwxr-xr-x: Operation not permitted
build	Cache Android SDK	2026-06-06T12:22:48.3099178Z /usr/bin/tar: ../../../../../usr/local/lib/android/sdk/platforms/android-34-ext10/data/res/values-mcc466-mnc11: Cannot utime: Operation not permitted
build	Cache Android SDK	2026-06-06T12:22:48.3099641Z /usr/bin/tar: ../../../../../usr/local/lib/android/sdk/platforms/android-34-ext10/data/res/values-mcc466-mnc11: Cannot change mode to rwxr-xr-x: Operation not permitted
build	Cache Android SDK	2026-06-06T12:22:48.3102353Z /usr/bin/tar: ../../../../../usr/local/lib/android/sdk/platforms/android-34-ext10/data/res/values-mcc310-mnc200-my: Cannot utime: Operation not permitted
build	Cache Android SDK	2026-06-06T12:22:48.3102812Z /usr/bin/tar: ../../../../../usr/local/lib/android/sdk/platforms/android-34-ext10/data/res/values-mcc310-mnc200-my: Cannot change mode to rwxr-xr-x: Operation not permitted
build	Cache Android SDK	2026-06-06T12:22:48.3105421Z /usr/bin/tar: ../../../../../usr/local/lib/android/sdk/platforms/android-34-ext10/data/res/values-mcc310-mnc210-ka: Cannot utime: Operation not permitted
build	Cache Android SDK	2026-06-06T12:22:48.3105874Z /usr/bin/tar: ../../../../../usr/local/lib/android/sdk/platforms/android-34-ext10/data/res/values-mcc310-mnc210-ka: Cannot change mode to rwxr-xr-x: Operation not permitted
build	Cache Android SDK	2026-06-06T12:22:48.3173143Z /usr/bin/tar: ../../../../../usr/local/lib/android/sdk/platforms/android-34-ext10/data/res/anim: Cannot utime: Operation not permitted
build	Cache Android SDK	2026-06-06T12:22:48.3173614Z /usr/bin/tar: ../../../../../usr/local/lib/android/sdk/platforms/android-34-ext10/data/res/anim: Cannot change mode to rwxr-xr-x: Operation not permitted
build	Cache Android SDK	2026-06-06T12:22:48.3176360Z /usr/bin/tar: ../../../../../usr/local/lib/android/sdk/platforms/android-34-ext10/data/res/values-mcc310-mnc560-sw: Cannot utime: Operation not permitted
build	Cache Android SDK	2026-06-06T12:22:48.3176826Z /usr/bin/tar: ../../../../../usr/local/lib/android/sdk/platforms/android-34-ext10/data/res/values-mcc310-mnc560-sw: Cannot change mode to rwxr-xr-x: Operation not permitted
build	Cache Android SDK	2026-06-06T12:22:48.3179230Z /usr/bin/tar: ../../../../../usr/local/lib/android/sdk/platforms/android-34-ext10/data/res/values-mcc310-mnc270-ka: Cannot utime: Operation not permitted
build	Cache Android SDK	2026-06-06T12:22:48.3179681Z /usr/bin/tar: ../../../../../usr/local/lib/android/sdk/platforms/android-34-ext10/data/res/values-mcc310-mnc270-ka: Cannot change mode to rwxr-xr-x: Operation not permitted
build	Cache Android SDK	2026-06-06T12:22:48.3182667Z /usr/bin/tar: ../../../../../usr/local/lib/android/sdk/platforms/android-34-ext10/data/res/values-mcc334-mnc020-af: Cannot utime: Operation not permitted
build	Cache Android SDK	2026-06-06T12:22:48.3183130Z /usr/bin/tar: ../../../../../usr/local/lib/android/sdk/platforms/android-34-ext10/data/res/values-mcc334-mnc020-af: Cannot change mode to rwxr-xr-x: Operation not permitted
build	Cache Android SDK	2026-06-06T12:22:48.3185930Z /usr/bin/tar: ../../../../../usr/local/lib/android/sdk/platforms/android-34-ext10/data/res/values-mcc310-mnc560-el: Cannot utime: Operation not permitted
build	Cache Android SDK	2026-06-06T12:22:48.3186386Z /usr/bin/tar: ../../../../../usr/local/lib/android/sdk/platforms/android-34-ext10/data/res/values-mcc310-mnc560-el: Cannot change mode to rwxr-xr-x: Operation not permitted
build	Cache Android SDK	2026-06-06T12:22:48.3191234Z /usr/bin/tar: ../../../../../usr/local/lib/android/sdk/platforms/android-34-ext10/data/res/layout-xlarge: Cannot utime: Operation not permitted
build	Cache Android SDK	2026-06-06T12:22:48.3191856Z /usr/bin/tar: ../../../../../usr/local/lib/android/sdk/platforms/android-34-ext10/data/res/layout-xlarge: Cannot change mode to rwxr-xr-x: Operation not permitted
build	Cache Android SDK	2026-06-06T12:22:48.3194234Z /usr/bin/tar: ../../../../../usr/local/lib/android/sdk/platforms/android-34-ext10/data/res/values-mcc001-mnc01-bn: Cannot utime: Operation not permitted
build	Cache Android SDK	2026-06-06T12:22:48.3194711Z /usr/bin/tar: ../../../../../usr/local/lib/android/sdk/platforms/android-34-ext10/data/res/values-mcc001-mnc01-bn: Cannot change mode to rwxr-xr-x: Operation not permitted
build	Cache Android SDK	2026-06-06T12:22:48.3197527Z /usr/bin/tar: ../../../../../usr/local/lib/android/sdk/platforms/android-34-ext10/data/res/values-mcc310-mnc270-zh-rCN: Cannot utime: Operation not permitted
build	Cache Android SDK	2026-06-06T12:22:48.3198036Z /usr/bin/tar: ../../../../../usr/local/lib/android/sdk/platforms/android-34-ext10/data/res/values-mcc310-mnc270-zh-rCN: Cannot change mode to rwxr-xr-x: Operation not permitted
build	Cache Android SDK	2026-06-06T12:22:48.3200215Z /usr/bin/tar: ../../../../../usr/local/lib/android/sdk/platforms/android-34-ext10/data/res/values-mcc302-mnc370-zu: Cannot utime: Operation not permitted
build	Cache Android SDK	2026-06-06T12:22:48.3200786Z /usr/bin/tar: ../../../../../usr/local/lib/android/sdk/platforms/android-34-ext10/data/res/values-mcc302-mnc370-zu: Cannot change mode to rwxr-xr-x: Operation not permitted
build	Cache Android SDK	2026-06-06T12:22:48.3203386Z /usr/bin/tar: ../../../../../usr/local/lib/android/sdk/platforms/android-34-ext10/data/res/values-mcc310-mnc210-ne: Cannot utime: Operation not permitted
build	Cache Android SDK	2026-06-06T12:22:48.3203852Z /usr/bin/tar: ../../../../../usr/local/lib/android/sdk/platforms/android-34-ext10/data/res/values-mcc310-mnc210-ne: Cannot change mode to rwxr-xr-x: Operation not permitted
build	Cache Android SDK	2026-06-06T12:22:48.3206566Z /usr/bin/tar: ../../../../../usr/local/lib/android/sdk/platforms/android-34-ext10/data/res/values-mcc302-mnc370-en-rIN: Cannot utime: Operation not permitted
build	Cache Android SDK	2026-06-06T12:22:48.3207099Z /usr/bin/tar: ../../../../../usr/local/lib/android/sdk/platforms/android-34-ext10/data/res/values-mcc302-mnc370-en-rIN: Cannot change mode to rwxr-xr-x: Operation not permitted
build	Cache Android SDK	2026-06-06T12:22:48.3209594Z /usr/bin/tar: ../../../../../usr/local/lib/android/sdk/platforms/android-34-ext10/data/res/values-ky-television: Cannot utime: Operation not permitted
build	Cache Android SDK	2026-06-06T12:22:48.3210139Z /usr/bin/tar: ../../../../../usr/local/lib/android/sdk/platforms/android-34-ext10/data/res/values-ky-television: Cannot change mode to rwxr-xr-x: Operation not permitted
build	Cache Android SDK	2026-06-06T12:22:48.3212613Z /usr/bin/tar: ../../../../../usr/local/lib/android/sdk/platforms/android-34-ext10/data/res/values-mcc310-mnc210-ms: Cannot utime: Operation not permitted
build	Cache Android SDK	2026-06-06T12:22:48.3213073Z /usr/bin/tar: ../../../../../usr/local/lib/android/sdk/platforms/android-34-ext10/data/res/values-mcc310-mnc210-ms: Cannot change mode to rwxr-xr-x: Operation not permitted
build	Cache Android SDK	2026-06-06T12:22:48.3215317Z /usr/bin/tar: ../../../../../usr/local/lib/android/sdk/platforms/android-34-ext10/data/res/values-mcc310-mnc210-hi: Cannot utime: Operation not permitted
build	Cache Android SDK	2026-06-06T12:22:48.3215843Z /usr/bin/tar: ../../../../../usr/local/lib/android/sdk/platforms/android-34-ext10/data/res/values-mcc310-mnc210-hi: Cannot change mode to rwxr-xr-x: Operation not permitted
build	Cache Android SDK	2026-06-06T12:22:48.3218414Z /usr/bin/tar: ../../../../../usr/local/lib/android/sdk/platforms/android-34-ext10/data/res/values-mcc310-mnc210-is: Cannot utime: Operation not permitted
build	Cache Android SDK	2026-06-06T12:22:48.3218880Z /usr/bin/tar: ../../../../../usr/local/lib/android/sdk/platforms/android-34-ext10/data/res/values-mcc310-mnc210-is: Cannot change mode to rwxr-xr-x: Operation not permitted
build	Cache Android SDK	2026-06-06T12:22:48.3221834Z /usr/bin/tar: ../../../../../usr/local/lib/android/sdk/platforms/android-34-ext10/data/res/values-mcc312-mnc670-tl: Cannot utime: Operation not permitted
build	Cache Android SDK	2026-06-06T12:22:48.3222285Z /usr/bin/tar: ../../../../../usr/local/lib/android/sdk/platforms/android-34-ext10/data/res/values-mcc312-mnc670-tl: Cannot change mode to rwxr-xr-x: Operation not permitted
build	Cache Android SDK	2026-06-06T12:22:48.3227264Z /usr/bin/tar: ../../../../../usr/local/lib/android/sdk/platforms/android-34-ext10/data/res/values-mcc310-mnc950-pa: Cannot utime: Operation not permitted
build	Cache Android SDK	2026-06-06T12:22:48.3227902Z /usr/bin/tar: ../../../../../usr/local/lib/android/sdk/platforms/android-34-ext10/data/res/values-mcc310-mnc950-pa: Cannot change mode to rwxr-xr-x: Operation not permitted
build	Cache Android SDK	2026-06-06T12:22:48.3230822Z /usr/bin/tar: ../../../../../usr/local/lib/android/sdk/platforms/android-34-ext10/data/res/values-mcc310-mnc660-be: Cannot utime: Operation not permitted
build	Cache Android SDK	2026-06-06T12:22:48.3231343Z /usr/bin/tar: ../../../../../usr/local/lib/android/sdk/platforms/android-34-ext10/data/res/values-mcc310-mnc660-be: Cannot change mode to rwxr-xr-x: Operation not permitted
build	Cache Android SDK	2026-06-06T12:22:48.3234079Z /usr/bin/tar: ../../../../../usr/local/lib/android/sdk/platforms/android-34-ext10/data/res/values-mcc310-mnc250-el: Cannot utime: Operation not permitted
build	Cache Android SDK	2026-06-06T12:22:48.3234531Z /usr/bin/tar: ../../../../../usr/local/lib/android/sdk/platforms/android-34-ext10/data/res/values-mcc310-mnc250-el: Cannot change mode to rwxr-xr-x: Operation not permitted
build	Cache Android SDK	2026-06-06T12:22:48.3237958Z /usr/bin/tar: ../../../../../usr/local/lib/android/sdk/platforms/android-34-ext10/data/res/values-mcc310-mnc160-az: Cannot utime: Operation not permitted
build	Cache Android SDK	2026-06-06T12:22:48.3238457Z /usr/bin/tar: ../../../../../usr/local/lib/android/sdk/platforms/android-34-ext10/data/res/values-mcc310-mnc160-az: Cannot change mode to rwxr-xr-x: Operation not permitted
build	Cache Android SDK	2026-06-06T12:22:48.3240960Z /usr/bin/tar: ../../../../../usr/local/lib/android/sdk/platforms/android-34-ext10/data/res/values-mcc312-mnc670-sl: Cannot utime: Operation not permitted
build	Cache Android SDK	2026-06-06T12:22:48.3241421Z /usr/bin/tar: ../../../../../usr/local/lib/android/sdk/platforms/android-34-ext10/data/res/values-mcc312-mnc670-sl: Cannot change mode to rwxr-xr-x: Operation not permitted
build	Cache Android SDK	2026-06-06T12:22:48.3244511Z /usr/bin/tar: ../../../../../usr/local/lib/android/sdk/platforms/android-34-ext10/data/res/values-mcc312-mnc670: Cannot utime: Operation not permitted
build	Cache Android SDK	2026-06-06T12:22:48.3244961Z /usr/bin/tar: ../../../../../usr/local/lib/android/sdk/platforms/android-34-ext10/data/res/values-mcc312-mnc670: Cannot change mode to rwxr-xr-x: Operation not permitted
build	Cache Android SDK	2026-06-06T12:22:48.3247951Z /usr/bin/tar: ../../../../../usr/local/lib/android/sdk/platforms/android-34-ext10/data/res/values-mcc310-mnc380-en-rAU: Cannot utime: Operation not permitted
build	Cache Android SDK	2026-06-06T12:22:48.3248453Z /usr/bin/tar: ../../../../../usr/local/lib/android/sdk/platforms/android-34-ext10/data/res/values-mcc310-mnc380-en-rAU: Cannot change mode to rwxr-xr-x: Operation not permitted
build	Cache Android SDK	2026-06-06T12:22:48.3251017Z /usr/bin/tar: ../../../../../usr/local/lib/android/sdk/platforms/android-34-ext10/data/res/values-mcc310-mnc200-sl: Cannot utime: Operation not permitted
build	Cache Android SDK	2026-06-06T12:22:48.3251479Z /usr/bin/tar: ../../../../../usr/local/lib/android/sdk/platforms/android-34-ext10/data/res/values-mcc310-mnc200-sl: Cannot change mode to rwxr-xr-x: Operation not permitted
build	Cache Android SDK	2026-06-06T12:22:48.3254087Z /usr/bin/tar: ../../../../../usr/local/lib/android/sdk/platforms/android-34-ext10/data/res/values-mcc310-mnc250-sk: Cannot utime: Operation not permitted
build	Cache Android SDK	2026-06-06T12:22:48.3254547Z /usr/bin/tar: ../../../../../usr/local/lib/android/sdk/platforms/android-34-ext10/data/res/values-mcc310-mnc250-sk: Cannot change mode to rwxr-xr-x: Operation not permitted
build	Cache Android SDK	2026-06-06T12:22:48.3257204Z /usr/bin/tar: ../../../../../usr/local/lib/android/sdk/platforms/android-34-ext10/data/res/values-mcc310-mnc280-en-rXC: Cannot utime: Operation not permitted
build	Cache Android SDK	2026-06-06T12:22:48.3257933Z /usr/bin/tar: ../../../../../usr/local/lib/android/sdk/platforms/android-34-ext10/data/res/values-mcc310-mnc280-en-rXC: Cannot change mode to rwxr-xr-x: Operation not permitted
build	Cache Android SDK	2026-06-06T12:22:48.3260513Z /usr/bin/tar: ../../../../../usr/local/lib/android/sdk/platforms/android-34-ext10/data/res/values-mcc310-mnc230-zh-rCN: Cannot utime: Operation not permitted
build	Cache Android SDK	2026-06-06T12:22:48.3260996Z /usr/bin/tar: ../../../../../usr/local/lib/android/sdk/platforms/android-34-ext10/data/res/values-mcc310-mnc230-zh-rCN: Cannot change mode to rwxr-xr-x: Operation not permitted
build	Cache Android SDK	2026-06-06T12:22:48.3263507Z /usr/bin/tar: ../../../../../usr/local/lib/android/sdk/platforms/android-34-ext10/data/res/values-mcc310-mnc220-sw: Cannot utime: Operation not permitted
build	Cache Android SDK	2026-06-06T12:22:48.3263975Z /usr/bin/tar: ../../../../../usr/local/lib/android/sdk/platforms/android-34-ext10/data/res/values-mcc310-mnc220-sw: Cannot change mode to rwxr-xr-x: Operation not permitted
build	Cache Android SDK	2026-06-06T12:22:48.3267163Z /usr/bin/tar: ../../../../../usr/local/lib/android/sdk/platforms/android-34-ext10/data/res/values-mcc310-mnc170-b+sr+Latn: Cannot utime: Operation not permitted
build	Cache Android SDK	2026-06-06T12:22:48.3267756Z /usr/bin/tar: ../../../../../usr/local/lib/android/sdk/platforms/android-34-ext10/data/res/values-mcc310-mnc170-b+sr+Latn: Cannot change mode to rwxr-xr-x: Operation not permitted
build	Cache Android SDK	2026-06-06T12:22:48.3270491Z /usr/bin/tar: ../../../../../usr/local/lib/android/sdk/platforms/android-34-ext10/data/res/values-sw720dp-port: Cannot utime: Operation not permitted
build	Cache Android SDK	2026-06-06T12:22:48.3270960Z /usr/bin/tar: ../../../../../usr/local/lib/android/sdk/platforms/android-34-ext10/data/res/values-sw720dp-port: Cannot change mode to rwxr-xr-x: Operation not permitted
build	Cache Android SDK	2026-06-06T12:22:48.3273797Z /usr/bin/tar: ../../../../../usr/local/lib/android/sdk/platforms/android-34-ext10/data/res/values-mcc310-mnc030-si: Cannot utime: Operation not permitted
build	Cache Android SDK	2026-06-06T12:22:48.3274818Z /usr/bin/tar: ../../../../../usr/local/lib/android/sdk/platforms/android-34-ext10/data/res/values-mcc310-mnc030-si: Cannot change mode to rwxr-xr-x: Operation not permitted
build	Cache Android SDK	2026-06-06T12:22:48.3277072Z /usr/bin/tar: ../../../../../usr/local/lib/android/sdk/platforms/android-34-ext10/data/res/values-mcc310-mnc150-is: Cannot utime: Operation not permitted
build	Cache Android SDK	2026-06-06T12:22:48.3277700Z /usr/bin/tar: ../../../../../usr/local/lib/android/sdk/platforms/android-34-ext10/data/res/values-mcc310-mnc150-is: Cannot change mode to rwxr-xr-x: Operation not permitted
build	Cache Android SDK	2026-06-06T12:22:48.3280292Z /usr/bin/tar: ../../../../../usr/local/lib/android/sdk/platforms/android-34-ext10/data/res/values-mcc310-mnc030-tl: Cannot utime: Operation not permitted
build	Cache Android SDK	2026-06-06T12:22:48.3280885Z /usr/bin/tar: ../../../../../usr/local/lib/android/sdk/platforms/android-34-ext10/data/res/values-mcc310-mnc030-tl: Cannot change mode to rwxr-xr-x: Operation not permitted
build	Cache Android SDK	2026-06-06T12:22:48.3282929Z /usr/bin/tar: ../../../../../usr/local/lib/android/sdk/platforms/android-34-ext10/data/res/values-mcc310-mnc490-af: Cannot utime: Operation not permitted
build	Cache Android SDK	2026-06-06T12:22:48.3283396Z /usr/bin/tar: ../../../../../usr/local/lib/android/sdk/platforms/android-34-ext10/data/res/values-mcc310-mnc490-af: Cannot change mode to rwxr-xr-x: Operation not permitted
build	Cache Android SDK	2026-06-06T12:22:48.3286334Z /usr/bin/tar: ../../../../../usr/local/lib/android/sdk/platforms/android-34-ext10/data/res/values-mcc313-mnc100-el: Cannot utime: Operation not permitted
build	Cache Android SDK	2026-06-06T12:22:48.3286798Z /usr/bin/tar: ../../../../../usr/local/lib/android/sdk/platforms/android-34-ext10/data/res/values-mcc313-mnc100-el: Cannot change mode to rwxr-xr-x: Operation not permitted
build	Cache Android SDK	2026-06-06T12:22:48.3290060Z /usr/bin/tar: ../../../../../usr/local/lib/android/sdk/platforms/android-34-ext10/data/res/values-mcc310-mnc220-pt-rBR: Cannot utime: Operation not permitted
build	Cache Android SDK	2026-06-06T12:22:48.3290542Z /usr/bin/tar: ../../../../../usr/local/lib/android/sdk/platforms/android-34-ext10/data/res/values-mcc310-mnc220-pt-rBR: Cannot change mode to rwxr-xr-x: Operation not permitted
build	Cache Android SDK	2026-06-06T12:22:48.3293555Z /usr/bin/tar: ../../../../../usr/local/lib/android/sdk/platforms/android-34-ext10/data/res/values-mcc310-mnc240-te: Cannot utime: Operation not permitted
build	Cache Android SDK	2026-06-06T12:22:48.3294145Z /usr/bin/tar: ../../../../../usr/local/lib/android/sdk/platforms/android-34-ext10/data/res/values-mcc310-mnc240-te: Cannot change mode to rwxr-xr-x: Operation not permitted
build	Cache Android SDK	2026-06-06T12:22:48.3296760Z /usr/bin/tar: ../../../../../usr/local/lib/android/sdk/platforms/android-34-ext10/data/res/values-mcc334-mnc020-es-rUS: Cannot utime: Operation not permitted
build	Cache Android SDK	2026-06-06T12:22:48.3297498Z /usr/bin/tar: ../../../../../usr/local/lib/android/sdk/platforms/android-34-ext10/data/res/values-mcc334-mnc020-es-rUS: Cannot change mode to rwxr-xr-x: Operation not permitted
build	Cache Android SDK	2026-06-06T12:22:48.3299353Z /usr/bin/tar: ../../../../../usr/local/lib/android/sdk/platforms/android-34-ext10/data/res/values-mcc302-mnc370-en-rCA: Cannot utime: Operation not permitted
build	Cache Android SDK	2026-06-06T12:22:48.3299837Z /usr/bin/tar: ../../../../../usr/local/lib/android/sdk/platforms/android-34-ext10/data/res/values-mcc302-mnc370-en-rCA: Cannot change mode to rwxr-xr-x: Operation not permitted
build	Cache Android SDK	2026-06-06T12:22:48.3302623Z /usr/bin/tar: ../../../../../usr/local/lib/android/sdk/platforms/android-34-ext10/data/res/values-mcc310-mnc170-pl: Cannot utime: Operation not permitted
build	Cache Android SDK	2026-06-06T12:22:48.3303085Z /usr/bin/tar: ../../../../../usr/local/lib/android/sdk/platforms/android-34-ext10/data/res/values-mcc310-mnc170-pl: Cannot change mode to rwxr-xr-x: Operation not permitted
build	Cache Android SDK	2026-06-06T12:22:48.3306837Z /usr/bin/tar: ../../../../../usr/local/lib/android/sdk/platforms/android-34-ext10/data/res/values-be-watch: Cannot utime: Operation not permitted
build	Cache Android SDK	2026-06-06T12:22:48.3308590Z /usr/bin/tar: ../../../../../usr/local/lib/android/sdk/platforms/android-34-ext10/data/res/values-be-watch: Cannot change mode to rwxr-xr-x: Operation not permitted
build	Cache Android SDK	2026-06-06T12:22:48.3310768Z /usr/bin/tar: ../../../../../usr/local/lib/android/sdk/platforms/android-34-ext10/data/res/values-fi-television: Cannot utime: Operation not permitted
build	Cache Android SDK	2026-06-06T12:22:48.3312221Z /usr/bin/tar: ../../../../../usr/local/lib/android/sdk/platforms/android-34-ext10/data/res/values-fi-television: Cannot change mode to rwxr-xr-x: Operation not permitted
build	Cache Android SDK	2026-06-06T12:22:48.3314079Z /usr/bin/tar: ../../../../../usr/local/lib/android/sdk/platforms/android-34-ext10/data/res/values-mcc310-mnc800-pt-rPT: Cannot utime: Operation not permitted
build	Cache Android SDK	2026-06-06T12:22:48.3315468Z /usr/bin/tar: ../../../../../usr/local/lib/android/sdk/platforms/android-34-ext10/data/res/values-mcc310-mnc800-pt-rPT: Cannot change mode to rwxr-xr-x: Operation not permitted
build	Cache Android SDK	2026-06-06T12:22:48.3317088Z /usr/bin/tar: ../../../../../usr/local/lib/android/sdk/platforms/android-34-ext10/data/res/values-mcc310-mnc490-hi: Cannot utime: Operation not permitted
build	Cache Android SDK	2026-06-06T12:22:48.3318675Z /usr/bin/tar: ../../../../../usr/local/lib/android/sdk/platforms/android-34-ext10/data/res/values-mcc310-mnc490-hi: Cannot change mode to rwxr-xr-x: Operation not permitted
build	Cache Android SDK	2026-06-06T12:22:48.3320161Z /usr/bin/tar: ../../../../../usr/local/lib/android/sdk/platforms/android-34-ext10/data/res/values-mcc001-mnc01-hu: Cannot utime: Operation not permitted
build	Cache Android SDK	2026-06-06T12:22:48.3321113Z /usr/bin/tar: ../../../../../usr/local/lib/android/sdk/platforms/android-34-ext10/data/res/values-mcc001-mnc01-hu: Cannot change mode to rwxr-xr-x: Operation not permitted
build	Cache Android SDK	2026-06-06T12:22:48.3324124Z /usr/bin/tar: ../../../../../usr/local/lib/android/sdk/platforms/android-34-ext10/data/res/values-mcc724: Cannot utime: Operation not permitted
build	Cache Android SDK	2026-06-06T12:22:48.3325309Z /usr/bin/tar: ../../../../../usr/local/lib/android/sdk/platforms/android-34-ext10/data/res/values-mcc724: Cannot change mode to rwxr-xr-x: Operation not permitted
build	Cache Android SDK	2026-06-06T12:22:48.3326950Z /usr/bin/tar: ../../../../../usr/local/lib/android/sdk/platforms/android-34-ext10/data/res/values-mcc310-mnc310-ar: Cannot utime: Operation not permitted
build	Cache Android SDK	2026-06-06T12:22:48.3328341Z /usr/bin/tar: ../../../../../usr/local/lib/android/sdk/platforms/android-34-ext10/data/res/values-mcc310-mnc310-ar: Cannot change mode to rwxr-xr-x: Operation not permitted
build	Cache Android SDK	2026-06-06T12:22:48.3330286Z /usr/bin/tar: ../../../../../usr/local/lib/android/sdk/platforms/android-34-ext10/data/res/values-mcc310-mnc310-tr: Cannot utime: Operation not permitted
build	Cache Android SDK	2026-06-06T12:22:48.3331277Z /usr/bin/tar: ../../../../../usr/local/lib/android/sdk/platforms/android-34-ext10/data/res/values-mcc310-mnc310-tr: Cannot change mode to rwxr-xr-x: Operation not permitted
build	Cache Android SDK	2026-06-06T12:22:48.3334019Z /usr/bin/tar: ../../../../../usr/local/lib/android/sdk/platforms/android-34-ext10/data/res/values-mcc310-mnc410-sr: Cannot utime: Operation not permitted
build	Cache Android SDK	2026-06-06T12:22:48.3335169Z /usr/bin/tar: ../../../../../usr/local/lib/android/sdk/platforms/android-34-ext10/data/res/values-mcc310-mnc410-sr: Cannot change mode to rwxr-xr-x: Operation not permitted
build	Cache Android SDK	2026-06-06T12:22:48.3336898Z /usr/bin/tar: ../../../../../usr/local/lib/android/sdk/platforms/android-34-ext10/data/res/values-mcc310-mnc250-fa: Cannot utime: Operation not permitted
build	Cache Android SDK	2026-06-06T12:22:48.3338061Z /usr/bin/tar: ../../../../../usr/local/lib/android/sdk/platforms/android-34-ext10/data/res/values-mcc310-mnc250-fa: Cannot change mode to rwxr-xr-x: Operation not permitted
build	Cache Android SDK	2026-06-06T12:22:48.3340098Z /usr/bin/tar: ../../../../../usr/local/lib/android/sdk/platforms/android-34-ext10/data/res/values-mcc310-mnc660-pt: Cannot utime: Operation not permitted
build	Cache Android SDK	2026-06-06T12:22:48.3341071Z /usr/bin/tar: ../../../../../usr/local/lib/android/sdk/platforms/android-34-ext10/data/res/values-mcc310-mnc660-pt: Cannot change mode to rwxr-xr-x: Operation not permitted
build	Cache Android SDK	2026-06-06T12:22:48.3346465Z /usr/bin/tar: ../../../../../usr/local/lib/android/sdk/platforms/android-34-ext10/data/res/values-am: Cannot utime: Operation not permitted
build	Cache Android SDK	2026-06-06T12:22:48.3347806Z /usr/bin/tar: ../../../../../usr/local/lib/android/sdk/platforms/android-34-ext10/data/res/values-am: Cannot change mode to rwxr-xr-x: Operation not permitted
build	Cache Android SDK	2026-06-06T12:22:48.3349631Z /usr/bin/tar: ../../../../../usr/local/lib/android/sdk/platforms/android-34-ext10/data/res/values-mcc310-mnc030-be: Cannot utime: Operation not permitted
build	Cache Android SDK	2026-06-06T12:22:48.3350592Z /usr/bin/tar: ../../../../../usr/local/lib/android/sdk/platforms/android-34-ext10/data/res/values-mcc310-mnc030-be: Cannot change mode to rwxr-xr-x: Operation not permitted
build	Cache Android SDK	2026-06-06T12:22:48.3353066Z /usr/bin/tar: ../../../../../usr/local/lib/android/sdk/platforms/android-34-ext10/data/res/values-mcc310-mnc950-si: Cannot utime: Operation not permitted
build	Cache Android SDK	2026-06-06T12:22:48.3354028Z /usr/bin/tar: ../../../../../usr/local/lib/android/sdk/platforms/android-34-ext10/data/res/values-mcc310-mnc950-si: Cannot change mode to rwxr-xr-x: Operation not permitted
build	Cache Android SDK	2026-06-06T12:22:48.3356941Z /usr/bin/tar: ../../../../../usr/local/lib/android/sdk/platforms/android-34-ext10/data/res/values-mcc310-mnc270-eu: Cannot utime: Operation not permitted
build	Cache Android SDK	2026-06-06T12:22:48.3357999Z /usr/bin/tar: ../../../../../usr/local/lib/android/sdk/platforms/android-34-ext10/data/res/values-mcc310-mnc270-eu: Cannot change mode to rwxr-xr-x: Operation not permitted
build	Cache Android SDK	2026-06-06T12:22:48.3360355Z /usr/bin/tar: ../../../../../usr/local/lib/android/sdk/platforms/android-34-ext10/data/res/values-mcc310-mnc220-si: Cannot utime: Operation not permitted
build	Cache Android SDK	2026-06-06T12:22:48.3361319Z /usr/bin/tar: ../../../../../usr/local/lib/android/sdk/platforms/android-34-ext10/data/res/values-mcc310-mnc220-si: Cannot change mode to rwxr-xr-x: Operation not permitted
build	Cache Android SDK	2026-06-06T12:22:48.3363616Z /usr/bin/tar: ../../../../../usr/local/lib/android/sdk/platforms/android-34-ext10/data/res/values-mcc313-mnc100-uk: Cannot utime: Operation not permitted
build	Cache Android SDK	2026-06-06T12:22:48.3364599Z /usr/bin/tar: ../../../../../usr/local/lib/android/sdk/platforms/android-34-ext10/data/res/values-mcc313-mnc100-uk: Cannot change mode to rwxr-xr-x: Operation not permitted
build	Cache Android SDK	2026-06-06T12:22:48.3366087Z /usr/bin/tar: ../../../../../usr/local/lib/android/sdk/platforms/android-34-ext10/data/res/values-mcc311-mnc180-bs: Cannot utime: Operation not permitted
build	Cache Android SDK	2026-06-06T12:22:48.3367045Z /usr/bin/tar: ../../../../../usr/local/lib/android/sdk/platforms/android-34-ext10/data/res/values-mcc311-mnc180-bs: Cannot change mode to rwxr-xr-x: Operation not permitted
build	Cache Android SDK	2026-06-06T12:22:48.3372602Z /usr/bin/tar: ../../../../../usr/local/lib/android/sdk/platforms/android-34-ext10/data/res/values-nb: Cannot utime: Operation not permitted
build	Cache Android SDK	2026-06-06T12:22:48.3373504Z /usr/bin/tar: ../../../../../usr/local/lib/android/sdk/platforms/android-34-ext10/data/res/values-nb: Cannot change mode to rwxr-xr-x: Operation not permitted
build	Cache Android SDK	2026-06-06T12:22:48.3375328Z /usr/bin/tar: ../../../../../usr/local/lib/android/sdk/platforms/android-34-ext10/data/res/values-mcc310-mnc250-gl: Cannot utime: Operation not permitted
build	Cache Android SDK	2026-06-06T12:22:48.3376288Z /usr/bin/tar: ../../../../../usr/local/lib/android/sdk/platforms/android-34-ext10/data/res/values-mcc310-mnc250-gl: Cannot change mode to rwxr-xr-x: Operation not permitted
build	Cache Android SDK	2026-06-06T12:22:48.3378788Z /usr/bin/tar: ../../../../../usr/local/lib/android/sdk/platforms/android-34-ext10/data/res/values-mcc310-mnc270-en-rIN: Cannot utime: Operation not permitted
build	Cache Android SDK	2026-06-06T12:22:48.3379881Z /usr/bin/tar: ../../../../../usr/local/lib/android/sdk/platforms/android-34-ext10/data/res/values-mcc310-mnc270-en-rIN: Cannot change mode to rwxr-xr-x: Operation not permitted
build	Cache Android SDK	2026-06-06T12:22:48.3392195Z /usr/bin/tar: ../../../../../usr/local/lib/android/sdk/platforms/android-34-ext10/data/res/raw-cs: Cannot utime: Operation not permitted
build	Cache Android SDK	2026-06-06T12:22:48.3393394Z /usr/bin/tar: ../../../../../usr/local/lib/android/sdk/platforms/android-34-ext10/data/res/raw-cs: Cannot change mode to rwxr-xr-x: Operation not permitted
build	Cache Android SDK	2026-06-06T12:22:48.3394442Z /usr/bin/tar: ../../../../../usr/local/lib/android/sdk/platforms/android-34-ext10/data/res/values-mcc310-mnc160-mr: Cannot utime: Operation not permitted
build	Cache Android SDK	2026-06-06T12:22:48.3395457Z /usr/bin/tar: ../../../../../usr/local/lib/android/sdk/platforms/android-34-ext10/data/res/values-mcc310-mnc160-mr: Cannot change mode to rwxr-xr-x: Operation not permitted
build	Cache Android SDK	2026-06-06T12:22:48.3397010Z /usr/bin/tar: ../../../../../usr/local/lib/android/sdk/platforms/android-34-ext10/data/res/values-mcc302-mnc370-en-rGB: Cannot utime: Operation not permitted
build	Cache Android SDK	2026-06-06T12:22:48.3398103Z /usr/bin/tar: ../../../../../usr/local/lib/android/sdk/platforms/android-34-ext10/data/res/values-mcc302-mnc370-en-rGB: Cannot change mode to rwxr-xr-x: Operation not permitted
build	Cache Android SDK	2026-06-06T12:22:48.3399264Z /usr/bin/tar: ../../../../../usr/local/lib/android/sdk/platforms/android-34-ext10/data/res/values-mcc310-mnc490-pt-rBR: Cannot utime: Operation not permitted
build	Cache Android SDK	2026-06-06T12:22:48.3400433Z /usr/bin/tar: ../../../../../usr/local/lib/android/sdk/platforms/android-34-ext10/data/res/values-mcc310-mnc490-pt-rBR: Cannot change mode to rwxr-xr-x: Operation not permitted
build	Cache Android SDK	2026-06-06T12:22:48.3401540Z /usr/bin/tar: ../../../../../usr/local/lib/android/sdk/platforms/android-34-ext10/data/res/values-mcc311-mnc180-ur: Cannot utime: Operation not permitted
build	Cache Android SDK	2026-06-06T12:22:48.3402883Z /usr/bin/tar: ../../../../../usr/local/lib/android/sdk/platforms/android-34-ext10/data/res/values-mcc311-mnc180-ur: Cannot change mode to rwxr-xr-x: Operation not permitted
build	Cache Android SDK	2026-06-06T12:22:48.3403840Z /usr/bin/tar: ../../../../../usr/local/lib/android/sdk/platforms/android-34-ext10/data/res/values-mcc334-mnc020-te: Cannot utime: Operation not permitted
build	Cache Android SDK	2026-06-06T12:22:48.3405036Z /usr/bin/tar: ../../../../../usr/local/lib/android/sdk/platforms/android-34-ext10/data/res/values-mcc334-mnc020-te: Cannot change mode to rwxr-xr-x: Operation not permitted
build	Cache Android SDK	2026-06-06T12:22:48.3406135Z /usr/bin/tar: ../../../../../usr/local/lib/android/sdk/platforms/android-34-ext10/data/res/values-mcc312-mnc670-ky: Cannot utime: Operation not permitted
build	Cache Android SDK	2026-06-06T12:22:48.3407094Z /usr/bin/tar: ../../../../../usr/local/lib/android/sdk/platforms/android-34-ext10/data/res/values-mcc312-mnc670-ky: Cannot change mode to rwxr-xr-x: Operation not permitted
build	Cache Android SDK	2026-06-06T12:22:48.3408602Z /usr/bin/tar: ../../../../../usr/local/lib/android/sdk/platforms/android-34-ext10/data/res/values-mcc310-mnc030-ml: Cannot utime: Operation not permitted
build	Cache Android SDK	2026-06-06T12:22:48.3409561Z /usr/bin/tar: ../../../../../usr/local/lib/android/sdk/platforms/android-34-ext10/data/res/values-mcc310-mnc030-ml: Cannot change mode to rwxr-xr-x: Operation not permitted
build	Cache Android SDK	2026-06-06T12:22:48.3410506Z /usr/bin/tar: ../../../../../usr/local/lib/android/sdk/platforms/android-34-ext10/data/res/values-mcc310-mnc380-sl: Cannot utime: Operation not permitted
build	Cache Android SDK	2026-06-06T12:22:48.3411941Z /usr/bin/tar: ../../../../../usr/local/lib/android/sdk/platforms/android-34-ext10/data/res/values-mcc310-mnc380-sl: Cannot change mode to rwxr-xr-x: Operation not permitted
build	Cache Android SDK	2026-06-06T12:22:48.3412895Z /usr/bin/tar: ../../../../../usr/local/lib/android/sdk/platforms/android-34-ext10/data/res/values-mcc310-mnc030-ka: Cannot utime: Operation not permitted
build	Cache Android SDK	2026-06-06T12:22:48.3413830Z /usr/bin/tar: ../../../../../usr/local/lib/android/sdk/platforms/android-34-ext10/data/res/values-mcc310-mnc030-ka: Cannot change mode to rwxr-xr-x: Operation not permitted
build	Cache Android SDK	2026-06-06T12:22:48.3415169Z /usr/bin/tar: ../../../../../usr/local/lib/android/sdk/platforms/android-34-ext10/data/res/values-mcc310-mnc950-nl: Cannot utime: Operation not permitted
build	Cache Android SDK	2026-06-06T12:22:48.3416104Z /usr/bin/tar: ../../../../../usr/local/lib/android/sdk/platforms/android-34-ext10/data/res/values-mcc310-mnc950-nl: Cannot change mode to rwxr-xr-x: Operation not permitted
build	Cache Android SDK	2026-06-06T12:22:48.3418043Z /usr/bin/tar: ../../../../../usr/local/lib/android/sdk/platforms/android-34-ext10/data/res/values-mcc312-mnc670-sq: Cannot utime: Operation not permitted
build	Cache Android SDK	2026-06-06T12:22:48.3419071Z /usr/bin/tar: ../../../../../usr/local/lib/android/sdk/platforms/android-34-ext10/data/res/values-mcc312-mnc670-sq: Cannot change mode to rwxr-xr-x: Operation not permitted
build	Cache Android SDK	2026-06-06T12:22:48.3424759Z /usr/bin/tar: ../../../../../usr/local/lib/android/sdk/platforms/android-34-ext10/data/res/values-ur: Cannot utime: Operation not permitted
build	Cache Android SDK	2026-06-06T12:22:48.3425832Z /usr/bin/tar: ../../../../../usr/local/lib/android/sdk/platforms/android-34-ext10/data/res/values-ur: Cannot change mode to rwxr-xr-x: Operation not permitted
build	Cache Android SDK	2026-06-06T12:22:48.3427693Z /usr/bin/tar: ../../../../../usr/local/lib/android/sdk/platforms/android-34-ext10/data/res/values-mcc310-mnc270-te: Cannot utime: Operation not permitted
build	Cache Android SDK	2026-06-06T12:22:48.3428654Z /usr/bin/tar: ../../../../../usr/local/lib/android/sdk/platforms/android-34-ext10/data/res/values-mcc310-mnc270-te: Cannot change mode to rwxr-xr-x: Operation not permitted
build	Cache Android SDK	2026-06-06T12:22:48.3431085Z /usr/bin/tar: ../../../../../usr/local/lib/android/sdk/platforms/android-34-ext10/data/res/values-mcc310-mnc160-nl: Cannot utime: Operation not permitted
build	Cache Android SDK	2026-06-06T12:22:48.3432184Z /usr/bin/tar: ../../../../../usr/local/lib/android/sdk/platforms/android-34-ext10/data/res/values-mcc310-mnc160-nl: Cannot change mode to rwxr-xr-x: Operation not permitted
build	Cache Android SDK	2026-06-06T12:22:48.3434567Z /usr/bin/tar: ../../../../../usr/local/lib/android/sdk/platforms/android-34-ext10/data/res/values-mcc302-mnc720-eu: Cannot utime: Operation not permitted
build	Cache Android SDK	2026-06-06T12:22:48.3435508Z /usr/bin/tar: ../../../../../usr/local/lib/android/sdk/platforms/android-34-ext10/data/res/values-mcc302-mnc720-eu: Cannot change mode to rwxr-xr-x: Operation not permitted
build	Cache Android SDK	2026-06-06T12:22:48.3437315Z /usr/bin/tar: ../../../../../usr/local/lib/android/sdk/platforms/android-34-ext10/data/res/values-mcc310-mnc250-am: Cannot utime: Operation not permitted
build	Cache Android SDK	2026-06-06T12:22:48.3438471Z /usr/bin/tar: ../../../../../usr/local/lib/android/sdk/platforms/android-34-ext10/data/res/values-mcc310-mnc250-am: Cannot change mode to rwxr-xr-x: Operation not permitted
build	Cache Android SDK	2026-06-06T12:22:48.3440497Z /usr/bin/tar: ../../../../../usr/local/lib/android/sdk/platforms/android-34-ext10/data/res/values-mcc310-mnc210-bn: Cannot utime: Operation not permitted
build	Cache Android SDK	2026-06-06T12:22:48.3441444Z /usr/bin/tar: ../../../../../usr/local/lib/android/sdk/platforms/android-34-ext10/data/res/values-mcc310-mnc210-bn: Cannot change mode to rwxr-xr-x: Operation not permitted
build	Cache Android SDK	2026-06-06T12:22:48.3446824Z /usr/bin/tar: ../../../../../usr/local/lib/android/sdk/platforms/android-34-ext10/data/res/values-nl: Cannot utime: Operation not permitted
build	Cache Android SDK	2026-06-06T12:22:48.3448088Z /usr/bin/tar: ../../../../../usr/local/lib/android/sdk/platforms/android-34-ext10/data/res/values-nl: Cannot change mode to rwxr-xr-x: Operation not permitted
build	Cache Android SDK	2026-06-06T12:22:48.3450144Z /usr/bin/tar: ../../../../../usr/local/lib/android/sdk/platforms/android-34-ext10/data/res/values-tr-watch: Cannot utime: Operation not permitted
build	Cache Android SDK	2026-06-06T12:22:48.3451150Z /usr/bin/tar: ../../../../../usr/local/lib/android/sdk/platforms/android-34-ext10/data/res/values-tr-watch: Cannot change mode to rwxr-xr-x: Operation not permitted
build	Cache Android SDK	2026-06-06T12:22:48.3453277Z /usr/bin/tar: ../../../../../usr/local/lib/android/sdk/platforms/android-34-ext10/data/res/values-mcc310-mnc310-az: Cannot utime: Operation not permitted
build	Cache Android SDK	2026-06-06T12:22:48.3454242Z /usr/bin/tar: ../../../../../usr/local/lib/android/sdk/platforms/android-34-ext10/data/res/values-mcc310-mnc310-az: Cannot change mode to rwxr-xr-x: Operation not permitted
build	Cache Android SDK	2026-06-06T12:22:48.3456544Z /usr/bin/tar: ../../../../../usr/local/lib/android/sdk/platforms/android-34-ext10/data/res/values-mcc310-mnc240-es: Cannot utime: Operation not permitted
build	Cache Android SDK	2026-06-06T12:22:48.3457672Z /usr/bin/tar: ../../../../../usr/local/lib/android/sdk/platforms/android-34-ext10/data/res/values-mcc310-mnc240-es: Cannot change mode to rwxr-xr-x: Operation not permitted
build	Cache Android SDK	2026-06-06T12:22:48.3459679Z /usr/bin/tar: ../../../../../usr/local/lib/android/sdk/platforms/android-34-ext10/data/res/values-mcc310-mnc200-hi: Cannot utime: Operation not permitted
build	Cache Android SDK	2026-06-06T12:22:48.3460729Z /usr/bin/tar: ../../../../../usr/local/lib/android/sdk/platforms/android-34-ext10/data/res/values-mcc310-mnc200-hi: Cannot change mode to rwxr-xr-x: Operation not permitted
build	Cache Android SDK	2026-06-06T12:22:48.3463504Z /usr/bin/tar: ../../../../../usr/local/lib/android/sdk/platforms/android-34-ext10/data/res/values-gu-television: Cannot utime: Operation not permitted
build	Cache Android SDK	2026-06-06T12:22:48.3464494Z /usr/bin/tar: ../../../../../usr/local/lib/android/sdk/platforms/android-34-ext10/data/res/values-gu-television: Cannot change mode to rwxr-xr-x: Operation not permitted
build	Cache Android SDK	2026-06-06T12:22:48.3466707Z /usr/bin/tar: ../../../../../usr/local/lib/android/sdk/platforms/android-34-ext10/data/res/values-mcc310-mnc230-be: Cannot utime: Operation not permitted
build	Cache Android SDK	2026-06-06T12:22:48.3467789Z /usr/bin/tar: ../../../../../usr/local/lib/android/sdk/platforms/android-34-ext10/data/res/values-mcc310-mnc230-be: Cannot change mode to rwxr-xr-x: Operation not permitted
build	Cache Android SDK	2026-06-06T12:22:48.3469837Z /usr/bin/tar: ../../../../../usr/local/lib/android/sdk/platforms/android-34-ext10/data/res/values-mcc334-mnc020: Cannot utime: Operation not permitted
build	Cache Android SDK	2026-06-06T12:22:48.3470919Z /usr/bin/tar: ../../../../../usr/local/lib/android/sdk/platforms/android-34-ext10/data/res/values-mcc334-mnc020: Cannot change mode to rwxr-xr-x: Operation not permitted
build	Cache Android SDK	2026-06-06T12:22:48.3473112Z /usr/bin/tar: ../../../../../usr/local/lib/android/sdk/platforms/android-34-ext10/data/res/values-mcc310-mnc950-fr: Cannot utime: Operation not permitted
build	Cache Android SDK	2026-06-06T12:22:48.3474078Z /usr/bin/tar: ../../../../../usr/local/lib/android/sdk/platforms/android-34-ext10/data/res/values-mcc310-mnc950-fr: Cannot change mode to rwxr-xr-x: Operation not permitted
build	Cache Android SDK	2026-06-06T12:22:48.3476330Z /usr/bin/tar: ../../../../../usr/local/lib/android/sdk/platforms/android-34-ext10/data/res/values-mcc334-mnc020-mr: Cannot utime: Operation not permitted
build	Cache Android SDK	2026-06-06T12:22:48.3480184Z /usr/bin/tar: ../../../../../usr/local/lib/android/sdk/platforms/android-34-ext10/data/res/values-mcc334-mnc020-mr: Cannot change mode to rwxr-xr-x: Operation not permitted
build	Cache Android SDK	2026-06-06T12:22:48.3481148Z /usr/bin/tar: ../../../../../usr/local/lib/android/sdk/platforms/android-34-ext10/data/res/values-mcc310-mnc220-tl: Cannot utime: Operation not permitted
build	Cache Android SDK	2026-06-06T12:22:48.3482099Z /usr/bin/tar: ../../../../../usr/local/lib/android/sdk/platforms/android-34-ext10/data/res/values-mcc310-mnc220-tl: Cannot change mode to rwxr-xr-x: Operation not permitted
build	Cache Android SDK	2026-06-06T12:22:48.3484001Z /usr/bin/tar: ../../../../../usr/local/lib/android/sdk/platforms/android-34-ext10/data/res/values-night: Cannot utime: Operation not permitted
build	Cache Android SDK	2026-06-06T12:22:48.3484900Z /usr/bin/tar: ../../../../../usr/local/lib/android/sdk/platforms/android-34-ext10/data/res/values-night: Cannot change mode to rwxr-xr-x: Operation not permitted
build	Cache Android SDK	2026-06-06T12:22:48.3489448Z /usr/bin/tar: ../../../../../usr/local/lib/android/sdk/platforms/android-34-ext10/data/res/values-mcc310-mnc030-de: Cannot utime: Operation not permitted
build	Cache Android SDK	2026-06-06T12:22:48.3490486Z /usr/bin/tar: ../../../../../usr/local/lib/android/sdk/platforms/android-34-ext10/data/res/values-mcc310-mnc030-de: Cannot change mode to rwxr-xr-x: Operation not permitted
build	Cache Android SDK	2026-06-06T12:22:48.3492590Z /usr/bin/tar: ../../../../../usr/local/lib/android/sdk/platforms/android-34-ext10/data/res/values-tl-watch: Cannot utime: Operation not permitted
build	Cache Android SDK	2026-06-06T12:22:48.3493501Z /usr/bin/tar: ../../../../../usr/local/lib/android/sdk/platforms/android-34-ext10/data/res/values-tl-watch: Cannot change mode to rwxr-xr-x: Operation not permitted
build	Cache Android SDK	2026-06-06T12:22:48.3495745Z /usr/bin/tar: ../../../../../usr/local/lib/android/sdk/platforms/android-34-ext10/data/res/values-mcc313-mnc100-my: Cannot utime: Operation not permitted
build	Cache Android SDK	2026-06-06T12:22:48.3496704Z /usr/bin/tar: ../../../../../usr/local/lib/android/sdk/platforms/android-34-ext10/data/res/values-mcc313-mnc100-my: Cannot change mode to rwxr-xr-x: Operation not permitted
build	Cache Android SDK	2026-06-06T12:22:48.3499171Z /usr/bin/tar: ../../../../../usr/local/lib/android/sdk/platforms/android-34-ext10/data/res/values-mcc310-mnc160-ne: Cannot utime: Operation not permitted
build	Cache Android SDK	2026-06-06T12:22:48.3500130Z /usr/bin/tar: ../../../../../usr/local/lib/android/sdk/platforms/android-34-ext10/data/res/values-mcc310-mnc160-ne: Cannot change mode to rwxr-xr-x: Operation not permitted
build	Cache Android SDK	2026-06-06T12:22:48.3502534Z /usr/bin/tar: ../../../../../usr/local/lib/android/sdk/platforms/android-34-ext10/data/res/values-mcc311-mnc180-sw: Cannot utime: Operation not permitted
build	Cache Android SDK	2026-06-06T12:22:48.3503530Z /usr/bin/tar: ../../../../../usr/local/lib/android/sdk/platforms/android-34-ext10/data/res/values-mcc311-mnc180-sw: Cannot change mode to rwxr-xr-x: Operation not permitted
build	Cache Android SDK	2026-06-06T12:22:48.3505426Z /usr/bin/tar: ../../../../../usr/local/lib/android/sdk/platforms/android-34-ext10/data/res/values-mcc310-mnc660-iw: Cannot utime: Operation not permitted
build	Cache Android SDK	2026-06-06T12:22:48.3506370Z /usr/bin/tar: ../../../../../usr/local/lib/android/sdk/platforms/android-34-ext10/data/res/values-mcc310-mnc660-iw: Cannot change mode to rwxr-xr-x: Operation not permitted
build	Cache Android SDK	2026-06-06T12:22:48.3509302Z /usr/bin/tar: ../../../../../usr/local/lib/android/sdk/platforms/android-34-ext10/data/res/values-mcc310-mnc150-zu: Cannot utime: Operation not permitted
build	Cache Android SDK	2026-06-06T12:22:48.3510280Z /usr/bin/tar: ../../../../../usr/local/lib/android/sdk/platforms/android-34-ext10/data/res/values-mcc310-mnc150-zu: Cannot change mode to rwxr-xr-x: Operation not permitted
build	Cache Android SDK	2026-06-06T12:22:48.3513098Z /usr/bin/tar: ../../../../../usr/local/lib/android/sdk/platforms/android-34-ext10/data/res/values-mcc313-mnc100-in: Cannot utime: Operation not permitted
build	Cache Android SDK	2026-06-06T12:22:48.3514062Z /usr/bin/tar: ../../../../../usr/local/lib/android/sdk/platforms/android-34-ext10/data/res/values-mcc313-mnc100-in: Cannot change mode to rwxr-xr-x: Operation not permitted
build	Cache Android SDK	2026-06-06T12:22:48.3516233Z /usr/bin/tar: ../../../../../usr/local/lib/android/sdk/platforms/android-34-ext10/data/res/values-mcc310-mnc160-uk: Cannot utime: Operation not permitted
build	Cache Android SDK	2026-06-06T12:22:48.3517205Z /usr/bin/tar: ../../../../../usr/local/lib/android/sdk/platforms/android-34-ext10/data/res/values-mcc310-mnc160-uk: Cannot change mode to rwxr-xr-x: Operation not permitted
build	Cache Android SDK	2026-06-06T12:22:48.3520039Z /usr/bin/tar: ../../../../../usr/local/lib/android/sdk/platforms/android-34-ext10/data/res/values-uk-rUA: Cannot utime: Operation not permitted
build	Cache Android SDK	2026-06-06T12:22:48.3520940Z /usr/bin/tar: ../../../../../usr/local/lib/android/sdk/platforms/android-34-ext10/data/res/values-uk-rUA: Cannot change mode to rwxr-xr-x: Operation not permitted
build	Cache Android SDK	2026-06-06T12:22:48.3523130Z /usr/bin/tar: ../../../../../usr/local/lib/android/sdk/platforms/android-34-ext10/data/res/values-mcc310-mnc230-bn: Cannot utime: Operation not permitted
build	Cache Android SDK	2026-06-06T12:22:48.3524084Z /usr/bin/tar: ../../../../../usr/local/lib/android/sdk/platforms/android-34-ext10/data/res/values-mcc310-mnc230-bn: Cannot change mode to rwxr-xr-x: Operation not permitted
build	Cache Android SDK	2026-06-06T12:22:48.3526128Z /usr/bin/tar: ../../../../../usr/local/lib/android/sdk/platforms/android-34-ext10/data/res/values-tl-rPH: Cannot utime: Operation not permitted
build	Cache Android SDK	2026-06-06T12:22:48.3527055Z /usr/bin/tar: ../../../../../usr/local/lib/android/sdk/platforms/android-34-ext10/data/res/values-tl-rPH: Cannot change mode to rwxr-xr-x: Operation not permitted
build	Cache Android SDK	2026-06-06T12:22:48.3529312Z /usr/bin/tar: ../../../../../usr/local/lib/android/sdk/platforms/android-34-ext10/data/res/values-mcc310-mnc200-si: Cannot utime: Operation not permitted
build	Cache Android SDK	2026-06-06T12:22:48.3530272Z /usr/bin/tar: ../../../../../usr/local/lib/android/sdk/platforms/android-34-ext10/data/res/values-mcc310-mnc200-si: Cannot change mode to rwxr-xr-x: Operation not permitted
build	Cache Android SDK	2026-06-06T12:22:48.3532520Z /usr/bin/tar: ../../../../../usr/local/lib/android/sdk/platforms/android-34-ext10/data/res/values-mcc310-mnc310-af: Cannot utime: Operation not permitted
build	Cache Android SDK	2026-06-06T12:22:48.3533490Z /usr/bin/tar: ../../../../../usr/local/lib/android/sdk/platforms/android-34-ext10/data/res/values-mcc310-mnc310-af: Cannot change mode to rwxr-xr-x: Operation not permitted
build	Cache Android SDK	2026-06-06T12:22:48.3535803Z /usr/bin/tar: ../../../../../usr/local/lib/android/sdk/platforms/android-34-ext10/data/res/values-mcc310-mnc240-lt: Cannot utime: Operation not permitted
build	Cache Android SDK	2026-06-06T12:22:48.3536803Z /usr/bin/tar: ../../../../../usr/local/lib/android/sdk/platforms/android-34-ext10/data/res/values-mcc310-mnc240-lt: Cannot change mode to rwxr-xr-x: Operation not permitted
build	Cache Android SDK	2026-06-06T12:22:48.3539171Z /usr/bin/tar: ../../../../../usr/local/lib/android/sdk/platforms/android-34-ext10/data/res/values-mcc310-mnc660-pa: Cannot utime: Operation not permitted
build	Cache Android SDK	2026-06-06T12:22:48.3540152Z /usr/bin/tar: ../../../../../usr/local/lib/android/sdk/platforms/android-34-ext10/data/res/values-mcc310-mnc660-pa: Cannot change mode to rwxr-xr-x: Operation not permitted
build	Cache Android SDK	2026-06-06T12:22:48.3542267Z /usr/bin/tar: ../../../../../usr/local/lib/android/sdk/platforms/android-34-ext10/data/res/values-mcc310-mnc310-fa: Cannot utime: Operation not permitted
build	Cache Android SDK	2026-06-06T12:22:48.3543281Z /usr/bin/tar: ../../../../../usr/local/lib/android/sdk/platforms/android-34-ext10/data/res/values-mcc310-mnc310-fa: Cannot change mode to rwxr-xr-x: Operation not permitted
build	Cache Android SDK	2026-06-06T12:22:48.3546971Z /usr/bin/tar: ../../../../../usr/local/lib/android/sdk/platforms/android-34-ext10/data/res/values-mcc310-mnc230-in: Cannot utime: Operation not permitted
build	Cache Android SDK	2026-06-06T12:22:48.3549003Z /usr/bin/tar: ../../../../../usr/local/lib/android/sdk/platforms/android-34-ext10/data/res/values-mcc310-mnc230-in: Cannot change mode to rwxr-xr-x: Operation not permitted
build	Cache Android SDK	2026-06-06T12:22:48.3583933Z /usr/bin/tar: ../../../../../usr/local/lib/android/sdk/platforms/android-34-ext10/data/res/color: Cannot utime: Operation not permitted
build	Cache Android SDK	2026-06-06T12:22:48.3584975Z /usr/bin/tar: ../../../../../usr/local/lib/android/sdk/platforms/android-34-ext10/data/res/color: Cannot change mode to rwxr-xr-x: Operation not permitted
build	Cache Android SDK	2026-06-06T12:22:48.3586638Z /usr/bin/tar: ../../../../../usr/local/lib/android/sdk/platforms/android-34-ext10/data/res/values-mcc312-mnc670-be: Cannot utime: Operation not permitted
build	Cache Android SDK	2026-06-06T12:22:48.3587784Z /usr/bin/tar: ../../../../../usr/local/lib/android/sdk/platforms/android-34-ext10/data/res/values-mcc312-mnc670-be: Cannot change mode to rwxr-xr-x: Operation not permitted
build	Cache Android SDK	2026-06-06T12:22:48.3589904Z /usr/bin/tar: ../../../../../usr/local/lib/android/sdk/platforms/android-34-ext10/data/res/values-mcc310-mnc410-mk: Cannot utime: Operation not permitted
build	Cache Android SDK	2026-06-06T12:22:48.3590949Z /usr/bin/tar: ../../../../../usr/local/lib/android/sdk/platforms/android-34-ext10/data/res/values-mcc310-mnc410-mk: Cannot change mode to rwxr-xr-x: Operation not permitted
build	Cache Android SDK	2026-06-06T12:22:48.3592662Z /usr/bin/tar: ../../../../../usr/local/lib/android/sdk/platforms/android-34-ext10/data/res/values-mcc313-mnc100-sv: Cannot utime: Operation not permitted
build	Cache Android SDK	2026-06-06T12:22:48.3593616Z /usr/bin/tar: ../../../../../usr/local/lib/android/sdk/platforms/android-34-ext10/data/res/values-mcc313-mnc100-sv: Cannot change mode to rwxr-xr-x: Operation not permitted
build	Cache Android SDK	2026-06-06T12:22:48.3595681Z /usr/bin/tar: ../../../../../usr/local/lib/android/sdk/platforms/android-34-ext10/data/res/values-mcc310-mnc410-sl: Cannot utime: Operation not permitted
build	Cache Android SDK	2026-06-06T12:22:48.3596627Z /usr/bin/tar: ../../../../../usr/local/lib/android/sdk/platforms/android-34-ext10/data/res/values-mcc310-mnc410-sl: Cannot change mode to rwxr-xr-x: Operation not permitted
build	Cache Android SDK	2026-06-06T12:22:48.3599086Z /usr/bin/tar: ../../../../../usr/local/lib/android/sdk/platforms/android-34-ext10/data/res/values-mcc302-mnc370-en-rAU: Cannot utime: Operation not permitted
build	Cache Android SDK	2026-06-06T12:22:48.3600165Z /usr/bin/tar: ../../../../../usr/local/lib/android/sdk/platforms/android-34-ext10/data/res/values-mcc302-mnc370-en-rAU: Cannot change mode to rwxr-xr-x: Operation not permitted
build	Cache Android SDK	2026-06-06T12:22:48.3601660Z /usr/bin/tar: ../../../../../usr/local/lib/android/sdk/platforms/android-34-ext10/data/res/values-mcc310-mnc210-vi: Cannot utime: Operation not permitted
build	Cache Android SDK	2026-06-06T12:22:48.3603584Z /usr/bin/tar: ../../../../../usr/local/lib/android/sdk/platforms/android-34-ext10/data/res/values-mcc310-mnc210-vi: Cannot change mode to rwxr-xr-x: Operation not permitted
build	Cache Android SDK	2026-06-06T12:22:48.3605066Z /usr/bin/tar: ../../../../../usr/local/lib/android/sdk/platforms/android-34-ext10/data/res/values-mcc310-mnc030-ur: Cannot utime: Operation not permitted
build	Cache Android SDK	2026-06-06T12:22:48.3606083Z /usr/bin/tar: ../../../../../usr/local/lib/android/sdk/platforms/android-34-ext10/data/res/values-mcc310-mnc030-ur: Cannot change mode to rwxr-xr-x: Operation not permitted
build	Cache Android SDK	2026-06-06T12:22:48.3609015Z /usr/bin/tar: ../../../../../usr/local/lib/android/sdk/platforms/android-34-ext10/data/res/color-night: Cannot utime: Operation not permitted
build	Cache Android SDK	2026-06-06T12:22:48.3609918Z /usr/bin/tar: ../../../../../usr/local/lib/android/sdk/platforms/android-34-ext10/data/res/color-night: Cannot change mode to rwxr-xr-x: Operation not permitted
build	Cache Android SDK	2026-06-06T12:22:48.3612076Z /usr/bin/tar: ../../../../../usr/local/lib/android/sdk/platforms/android-34-ext10/data/res/values-mcc310-mnc240-ta: Cannot utime: Operation not permitted
build	Cache Android SDK	2026-06-06T12:22:48.3613233Z /usr/bin/tar: ../../../../../usr/local/lib/android/sdk/platforms/android-34-ext10/data/res/values-mcc310-mnc240-ta: Cannot change mode to rwxr-xr-x: Operation not permitted
build	Cache Android SDK	2026-06-06T12:22:48.3615086Z /usr/bin/tar: ../../../../../usr/local/lib/android/sdk/platforms/android-34-ext10/data/res/values-mcc313-mnc100-cs: Cannot utime: Operation not permitted
build	Cache Android SDK	2026-06-06T12:22:48.3616035Z /usr/bin/tar: ../../../../../usr/local/lib/android/sdk/platforms/android-34-ext10/data/res/values-mcc313-mnc100-cs: Cannot change mode to rwxr-xr-x: Operation not permitted
build	Cache Android SDK	2026-06-06T12:22:48.3618224Z /usr/bin/tar: ../../../../../usr/local/lib/android/sdk/platforms/android-34-ext10/data/res/values-mcc311-mnc180-uz: Cannot utime: Operation not permitted
build	Cache Android SDK	2026-06-06T12:22:48.3619263Z /usr/bin/tar: ../../../../../usr/local/lib/android/sdk/platforms/android-34-ext10/data/res/values-mcc311-mnc180-uz: Cannot change mode to rwxr-xr-x: Operation not permitted
build	Cache Android SDK	2026-06-06T12:22:48.3621498Z /usr/bin/tar: ../../../../../usr/local/lib/android/sdk/platforms/android-34-ext10/data/res/values-mcc312-mnc670-pt: Cannot utime: Operation not permitted
build	Cache Android SDK	2026-06-06T12:22:48.3622446Z /usr/bin/tar: ../../../../../usr/local/lib/android/sdk/platforms/android-34-ext10/data/res/values-mcc312-mnc670-pt: Cannot change mode to rwxr-xr-x: Operation not permitted
build	Cache Android SDK	2026-06-06T12:22:48.3624563Z /usr/bin/tar: ../../../../../usr/local/lib/android/sdk/platforms/android-34-ext10/data/res/values-mcc310-mnc250-tl: Cannot utime: Operation not permitted
build	Cache Android SDK	2026-06-06T12:22:48.3625506Z /usr/bin/tar: ../../../../../usr/local/lib/android/sdk/platforms/android-34-ext10/data/res/values-mcc310-mnc250-tl: Cannot change mode to rwxr-xr-x: Operation not permitted
build	Cache Android SDK	2026-06-06T12:22:48.3628001Z /usr/bin/tar: ../../../../../usr/local/lib/android/sdk/platforms/android-34-ext10/data/res/values-mcc310-mnc250-fr-rCA: Cannot utime: Operation not permitted
build	Cache Android SDK	2026-06-06T12:22:48.3629089Z /usr/bin/tar: ../../../../../usr/local/lib/android/sdk/platforms/android-34-ext10/data/res/values-mcc310-mnc250-fr-rCA: Cannot change mode to rwxr-xr-x: Operation not permitted
build	Cache Android SDK	2026-06-06T12:22:48.3631305Z /usr/bin/tar: ../../../../../usr/local/lib/android/sdk/platforms/android-34-ext10/data/res/values-mcc310-mnc150-bs: Cannot utime: Operation not permitted
build	Cache Android SDK	2026-06-06T12:22:48.3632256Z /usr/bin/tar: ../../../../../usr/local/lib/android/sdk/platforms/android-34-ext10/data/res/values-mcc310-mnc150-bs: Cannot change mode to rwxr-xr-x: Operation not permitted
build	Cache Android SDK	2026-06-06T12:22:48.3634377Z /usr/bin/tar: ../../../../../usr/local/lib/android/sdk/platforms/android-34-ext10/data/res/values-mcc310-mnc560-sk: Cannot utime: Operation not permitted
build	Cache Android SDK	2026-06-06T12:22:48.3635328Z /usr/bin/tar: ../../../../../usr/local/lib/android/sdk/platforms/android-34-ext10/data/res/values-mcc310-mnc560-sk: Cannot change mode to rwxr-xr-x: Operation not permitted
build	Cache Android SDK	2026-06-06T12:22:48.3638040Z /usr/bin/tar: ../../../../../usr/local/lib/android/sdk/platforms/android-34-ext10/data/res/values-mcc310-mnc030-zu: Cannot utime: Operation not permitted
build	Cache Android SDK	2026-06-06T12:22:48.3638992Z /usr/bin/tar: ../../../../../usr/local/lib/android/sdk/platforms/android-34-ext10/data/res/values-mcc310-mnc030-zu: Cannot change mode to rwxr-xr-x: Operation not permitted
build	Cache Android SDK	2026-06-06T12:22:48.3640961Z /usr/bin/tar: ../../../../../usr/local/lib/android/sdk/platforms/android-34-ext10/data/res/values-mcc450-mnc06: Cannot utime: Operation not permitted
build	Cache Android SDK	2026-06-06T12:22:48.3641888Z /usr/bin/tar: ../../../../../usr/local/lib/android/sdk/platforms/android-34-ext10/data/res/values-mcc450-mnc06: Cannot change mode to rwxr-xr-x: Operation not permitted
build	Cache Android SDK	2026-06-06T12:22:48.3644304Z /usr/bin/tar: ../../../../../usr/local/lib/android/sdk/platforms/android-34-ext10/data/res/values-mcc310-mnc800-es-rUS: Cannot utime: Operation not permitted
build	Cache Android SDK	2026-06-06T12:22:48.3645295Z /usr/bin/tar: ../../../../../usr/local/lib/android/sdk/platforms/android-34-ext10/data/res/values-mcc310-mnc800-es-rUS: Cannot change mode to rwxr-xr-x: Operation not permitted
build	Cache Android SDK	2026-06-06T12:22:48.3647685Z /usr/bin/tar: ../../../../../usr/local/lib/android/sdk/platforms/android-34-ext10/data/res/values-mcc310-mnc560-mn: Cannot utime: Operation not permitted
build	Cache Android SDK	2026-06-06T12:22:48.3648645Z /usr/bin/tar: ../../../../../usr/local/lib/android/sdk/platforms/android-34-ext10/data/res/values-mcc310-mnc560-mn: Cannot change mode to rwxr-xr-x: Operation not permitted
build	Cache Android SDK	2026-06-06T12:22:48.3650952Z /usr/bin/tar: ../../../../../usr/local/lib/android/sdk/platforms/android-34-ext10/data/res/values-mcc313-mnc100-bn: Cannot utime: Operation not permitted
build	Cache Android SDK	2026-06-06T12:22:48.3652033Z /usr/bin/tar: ../../../../../usr/local/lib/android/sdk/platforms/android-34-ext10/data/res/values-mcc313-mnc100-bn: Cannot change mode to rwxr-xr-x: Operation not permitted
build	Cache Android SDK	2026-06-06T12:22:48.3654129Z /usr/bin/tar: ../../../../../usr/local/lib/android/sdk/platforms/android-34-ext10/data/res/values-mcc310-mnc200-hr: Cannot utime: Operation not permitted
build	Cache Android SDK	2026-06-06T12:22:48.3655291Z /usr/bin/tar: ../../../../../usr/local/lib/android/sdk/platforms/android-34-ext10/data/res/values-mcc310-mnc200-hr: Cannot change mode to rwxr-xr-x: Operation not permitted
build	Cache Android SDK	2026-06-06T12:22:48.3657011Z /usr/bin/tar: ../../../../../usr/local/lib/android/sdk/platforms/android-34-ext10/data/res/values-mcc310-mnc200-am: Cannot utime: Operation not permitted
build	Cache Android SDK	2026-06-06T12:22:48.3658116Z /usr/bin/tar: ../../../../../usr/local/lib/android/sdk/platforms/android-34-ext10/data/res/values-mcc310-mnc200-am: Cannot change mode to rwxr-xr-x: Operation not permitted
build	Cache Android SDK	2026-06-06T12:22:48.3660212Z /usr/bin/tar: ../../../../../usr/local/lib/android/sdk/platforms/android-34-ext10/data/res/values-mcc310-mnc800-sw: Cannot utime: Operation not permitted
build	Cache Android SDK	2026-06-06T12:22:48.3661165Z /usr/bin/tar: ../../../../../usr/local/lib/android/sdk/platforms/android-34-ext10/data/res/values-mcc310-mnc800-sw: Cannot change mode to rwxr-xr-x: Operation not permitted
build	Cache Android SDK	2026-06-06T12:22:48.3663223Z /usr/bin/tar: ../../../../../usr/local/lib/android/sdk/platforms/android-34-ext10/data/res/values-mcc302-mnc370-ne: Cannot utime: Operation not permitted
build	Cache Android SDK	2026-06-06T12:22:48.3664180Z /usr/bin/tar: ../../../../../usr/local/lib/android/sdk/platforms/android-34-ext10/data/res/values-mcc302-mnc370-ne: Cannot change mode to rwxr-xr-x: Operation not permitted
build	Cache Android SDK	2026-06-06T12:22:48.3670635Z /usr/bin/tar: ../../../../../usr/local/lib/android/sdk/platforms/android-34-ext10/data/res/drawable-sw600dp-mdpi: Cannot utime: Operation not permitted
build	Cache Android SDK	2026-06-06T12:22:48.3671653Z /usr/bin/tar: ../../../../../usr/local/lib/android/sdk/platforms/android-34-ext10/data/res/drawable-sw600dp-mdpi: Cannot change mode to rwxr-xr-x: Operation not permitted
build	Cache Android SDK	2026-06-06T12:22:48.3672995Z /usr/bin/tar: ../../../../../usr/local/lib/android/sdk/platforms/android-34-ext10/data/res/values-mcc310-mnc560-af: Cannot utime: Operation not permitted
build	Cache Android SDK	2026-06-06T12:22:48.3674035Z /usr/bin/tar: ../../../../../usr/local/lib/android/sdk/platforms/android-34-ext10/data/res/values-mcc310-mnc560-af: Cannot change mode to rwxr-xr-x: Operation not permitted
build	Cache Android SDK	2026-06-06T12:22:48.3675644Z /usr/bin/tar: ../../../../../usr/local/lib/android/sdk/platforms/android-34-ext10/data/res/values-mcc310-mnc310-pt-rBR: Cannot utime: Operation not permitted
build	Cache Android SDK	2026-06-06T12:22:48.3676644Z /usr/bin/tar: ../../../../../usr/local/lib/android/sdk/platforms/android-34-ext10/data/res/values-mcc310-mnc310-pt-rBR: Cannot change mode to rwxr-xr-x: Operation not permitted
build	Cache Android SDK	2026-06-06T12:22:48.3678948Z /usr/bin/tar: ../../../../../usr/local/lib/android/sdk/platforms/android-34-ext10/data/res/values-mcc302-mnc720-es-rUS: Cannot utime: Operation not permitted
build	Cache Android SDK	2026-06-06T12:22:48.3679934Z /usr/bin/tar: ../../../../../usr/local/lib/android/sdk/platforms/android-34-ext10/data/res/values-mcc302-mnc720-es-rUS: Cannot change mode to rwxr-xr-x: Operation not permitted
build	Cache Android SDK	2026-06-06T12:22:48.3682011Z /usr/bin/tar: ../../../../../usr/local/lib/android/sdk/platforms/android-34-ext10/data/res/values-mcc310-mnc270-is: Cannot utime: Operation not permitted
build	Cache Android SDK	2026-06-06T12:22:48.3682972Z /usr/bin/tar: ../../../../../usr/local/lib/android/sdk/platforms/android-34-ext10/data/res/values-mcc310-mnc270-is: Cannot change mode to rwxr-xr-x: Operation not permitted
build	Cache Android SDK	2026-06-06T12:22:48.3684960Z /usr/bin/tar: ../../../../../usr/local/lib/android/sdk/platforms/android-34-ext10/data/res/values-mcc310-mnc250-ko: Cannot utime: Operation not permitted
build	Cache Android SDK	2026-06-06T12:22:48.3685906Z /usr/bin/tar: ../../../../../usr/local/lib/android/sdk/platforms/android-34-ext10/data/res/values-mcc310-mnc250-ko: Cannot change mode to rwxr-xr-x: Operation not permitted
build	Cache Android SDK	2026-06-06T12:22:48.3688230Z /usr/bin/tar: ../../../../../usr/local/lib/android/sdk/platforms/android-34-ext10/data/res/values-mcc310-mnc200-ro: Cannot utime: Operation not permitted
build	Cache Android SDK	2026-06-06T12:22:48.3689182Z /usr/bin/tar: ../../../../../usr/local/lib/android/sdk/platforms/android-34-ext10/data/res/values-mcc310-mnc200-ro: Cannot change mode to rwxr-xr-x: Operation not permitted
build	Cache Android SDK	2026-06-06T12:22:48.3691117Z /usr/bin/tar: ../../../../../usr/local/lib/android/sdk/platforms/android-34-ext10/data/res/values-mcc310-mnc310-zh-rTW: Cannot utime: Operation not permitted
build	Cache Android SDK	2026-06-06T12:22:48.3692085Z /usr/bin/tar: ../../../../../usr/local/lib/android/sdk/platforms/android-34-ext10/data/res/values-mcc310-mnc310-zh-rTW: Cannot change mode to rwxr-xr-x: Operation not permitted
build	Cache Android SDK	2026-06-06T12:22:48.3694578Z /usr/bin/tar: ../../../../../usr/local/lib/android/sdk/platforms/android-34-ext10/data/res/values-mcc310-mnc380-lt: Cannot utime: Operation not permitted
build	Cache Android SDK	2026-06-06T12:22:48.3697764Z /usr/bin/tar: ../../../../../usr/local/lib/android/sdk/platforms/android-34-ext10/data/res/values-mcc310-mnc380-lt: Cannot change mode to rwxr-xr-x: Operation not permitted
build	Cache Android SDK	2026-06-06T12:22:48.3698720Z /usr/bin/tar: ../../../../../usr/local/lib/android/sdk/platforms/android-34-ext10/data/res/values-mcc310-mnc410-it: Cannot utime: Operation not permitted
build	Cache Android SDK	2026-06-06T12:22:48.3699754Z /usr/bin/tar: ../../../../../usr/local/lib/android/sdk/platforms/android-34-ext10/data/res/values-mcc310-mnc410-it: Cannot change mode to rwxr-xr-x: Operation not permitted
build	Cache Android SDK	2026-06-06T12:22:48.3702211Z /usr/bin/tar: ../../../../../usr/local/lib/android/sdk/platforms/android-34-ext10/data/res/values-mcc311-mnc870: Cannot utime: Operation not permitted
build	Cache Android SDK	2026-06-06T12:22:48.3703150Z /usr/bin/tar: ../../../../../usr/local/lib/android/sdk/platforms/android-34-ext10/data/res/values-mcc311-mnc870: Cannot change mode to rwxr-xr-x: Operation not permitted
build	Cache Android SDK	2026-06-06T12:22:48.3706060Z /usr/bin/tar: ../../../../../usr/local/lib/android/sdk/platforms/android-34-ext10/data/res/values-mcc310-mnc280-kn: Cannot utime: Operation not permitted
build	Cache Android SDK	2026-06-06T12:22:48.3707026Z /usr/bin/tar: ../../../../../usr/local/lib/android/sdk/platforms/android-34-ext10/data/res/values-mcc310-mnc280-kn: Cannot change mode to rwxr-xr-x: Operation not permitted
build	Cache Android SDK	2026-06-06T12:22:48.3713830Z /usr/bin/tar: ../../../../../usr/local/lib/android/sdk/platforms/android-34-ext10/data/res/values-fr-rCA: Cannot utime: Operation not permitted
build	Cache Android SDK	2026-06-06T12:22:48.3715236Z /usr/bin/tar: ../../../../../usr/local/lib/android/sdk/platforms/android-34-ext10/data/res/values-fr-rCA: Cannot change mode to rwxr-xr-x: Operation not permitted
build	Cache Android SDK	2026-06-06T12:22:48.3716741Z /usr/bin/tar: ../../../../../usr/local/lib/android/sdk/platforms/android-34-ext10/data/res/values-ko-watch: Cannot utime: Operation not permitted
build	Cache Android SDK	2026-06-06T12:22:48.3717824Z /usr/bin/tar: ../../../../../usr/local/lib/android/sdk/platforms/android-34-ext10/data/res/values-ko-watch: Cannot change mode to rwxr-xr-x: Operation not permitted
build	Cache Android SDK	2026-06-06T12:22:48.3720167Z /usr/bin/tar: ../../../../../usr/local/lib/android/sdk/platforms/android-34-ext10/data/res/values-mcc310-mnc170-in: Cannot utime: Operation not permitted
build	Cache Android SDK	2026-06-06T12:22:48.3721154Z /usr/bin/tar: ../../../../../usr/local/lib/android/sdk/platforms/android-34-ext10/data/res/values-mcc310-mnc170-in: Cannot change mode to rwxr-xr-x: Operation not permitted
build	Cache Android SDK	2026-06-06T12:22:48.3723440Z /usr/bin/tar: ../../../../../usr/local/lib/android/sdk/platforms/android-34-ext10/data/res/values-mcc310-mnc170-pa: Cannot utime: Operation not permitted
build	Cache Android SDK	2026-06-06T12:22:48.3724501Z /usr/bin/tar: ../../../../../usr/local/lib/android/sdk/platforms/android-34-ext10/data/res/values-mcc310-mnc170-pa: Cannot change mode to rwxr-xr-x: Operation not permitted
build	Cache Android SDK	2026-06-06T12:22:48.3726892Z /usr/bin/tar: ../../../../../usr/local/lib/android/sdk/platforms/android-34-ext10/data/res/values-mcc310-mnc220-bs: Cannot utime: Operation not permitted
build	Cache Android SDK	2026-06-06T12:22:48.3728105Z /usr/bin/tar: ../../../../../usr/local/lib/android/sdk/platforms/android-34-ext10/data/res/values-mcc310-mnc220-bs: Cannot change mode to rwxr-xr-x: Operation not permitted
build	Cache Android SDK	2026-06-06T12:22:48.3729756Z /usr/bin/tar: ../../../../../usr/local/lib/android/sdk/platforms/android-34-ext10/data/res/values-mcc310-mnc280-pt-rPT: Cannot utime: Operation not permitted
build	Cache Android SDK	2026-06-06T12:22:48.3730831Z /usr/bin/tar: ../../../../../usr/local/lib/android/sdk/platforms/android-34-ext10/data/res/values-mcc310-mnc280-pt-rPT: Cannot change mode to rwxr-xr-x: Operation not permitted
build	Cache Android SDK	2026-06-06T12:22:48.3733417Z /usr/bin/tar: ../../../../../usr/local/lib/android/sdk/platforms/android-34-ext10/data/res/values-mcc310-mnc200-ur: Cannot utime: Operation not permitted
build	Cache Android SDK	2026-06-06T12:22:48.3734388Z /usr/bin/tar: ../../../../../usr/local/lib/android/sdk/platforms/android-34-ext10/data/res/values-mcc310-mnc200-ur: Cannot change mode to rwxr-xr-x: Operation not permitted
build	Cache Android SDK	2026-06-06T12:22:48.3736181Z /usr/bin/tar: ../../../../../usr/local/lib/android/sdk/platforms/android-34-ext10/data/res/values-mcc310-mnc490-lv: Cannot utime: Operation not permitted
build	Cache Android SDK	2026-06-06T12:22:48.3737148Z /usr/bin/tar: ../../../../../usr/local/lib/android/sdk/platforms/android-34-ext10/data/res/values-mcc310-mnc490-lv: Cannot change mode to rwxr-xr-x: Operation not permitted
build	Cache Android SDK	2026-06-06T12:22:48.3739703Z /usr/bin/tar: ../../../../../usr/local/lib/android/sdk/platforms/android-34-ext10/data/res/values-uz-watch: Cannot utime: Operation not permitted
build	Cache Android SDK	2026-06-06T12:22:48.3740746Z /usr/bin/tar: ../../../../../usr/local/lib/android/sdk/platforms/android-34-ext10/data/res/values-uz-watch: Cannot change mode to rwxr-xr-x: Operation not permitted
build	Cache Android SDK	2026-06-06T12:22:48.3743168Z /usr/bin/tar: ../../../../../usr/local/lib/android/sdk/platforms/android-34-ext10/data/res/values-mcc310-mnc660-da: Cannot utime: Operation not permitted
build	Cache Android SDK	2026-06-06T12:22:48.3744121Z /usr/bin/tar: ../../../../../usr/local/lib/android/sdk/platforms/android-34-ext10/data/res/values-mcc310-mnc660-da: Cannot change mode to rwxr-xr-x: Operation not permitted
build	Cache Android SDK	2026-06-06T12:22:48.3750037Z /usr/bin/tar: ../../../../../usr/local/lib/android/sdk/platforms/android-34-ext10/data/res/values-fi: Cannot utime: Operation not permitted
build	Cache Android SDK	2026-06-06T12:22:48.3751608Z /usr/bin/tar: ../../../../../usr/local/lib/android/sdk/platforms/android-34-ext10/data/res/values-fi: Cannot change mode to rwxr-xr-x: Operation not permitted
build	Cache Android SDK	2026-06-06T12:22:48.3754153Z /usr/bin/tar: ../../../../../usr/local/lib/android/sdk/platforms/android-34-ext10/data/res/values-mcc310-mnc800-cs: Cannot utime: Operation not permitted
build	Cache Android SDK	2026-06-06T12:22:48.3755241Z /usr/bin/tar: ../../../../../usr/local/lib/android/sdk/platforms/android-34-ext10/data/res/values-mcc310-mnc800-cs: Cannot change mode to rwxr-xr-x: Operation not permitted
build	Cache Android SDK	2026-06-06T12:22:48.3757342Z /usr/bin/tar: ../../../../../usr/local/lib/android/sdk/platforms/android-34-ext10/data/res/values-mcc310-mnc380-hi: Cannot utime: Operation not permitted
build	Cache Android SDK	2026-06-06T12:22:48.3760450Z /usr/bin/tar: ../../../../../usr/local/lib/android/sdk/platforms/android-34-ext10/data/res/values-mcc310-mnc380-hi: Cannot change mode to rwxr-xr-x: Operation not permitted
build	Cache Android SDK	2026-06-06T12:22:48.3761402Z /usr/bin/tar: ../../../../../usr/local/lib/android/sdk/platforms/android-34-ext10/data/res/values-mcc310-mnc410-af: Cannot utime: Operation not permitted
build	Cache Android SDK	2026-06-06T12:22:48.3762383Z /usr/bin/tar: ../../../../../usr/local/lib/android/sdk/platforms/android-34-ext10/data/res/values-mcc310-mnc410-af: Cannot change mode to rwxr-xr-x: Operation not permitted
build	Cache Android SDK	2026-06-06T12:22:48.3763963Z /usr/bin/tar: ../../../../../usr/local/lib/android/sdk/platforms/android-34-ext10/data/res/values-mcc310-mnc250-km: Cannot utime: Operation not permitted
build	Cache Android SDK	2026-06-06T12:22:48.3764909Z /usr/bin/tar: ../../../../../usr/local/lib/android/sdk/platforms/android-34-ext10/data/res/values-mcc310-mnc250-km: Cannot change mode to rwxr-xr-x: Operation not permitted
build	Cache Android SDK	2026-06-06T12:22:48.3767002Z /usr/bin/tar: ../../../../../usr/local/lib/android/sdk/platforms/android-34-ext10/data/res/values-mcc302-mnc370-pa: Cannot utime: Operation not permitted
build	Cache Android SDK	2026-06-06T12:22:48.3768886Z /usr/bin/tar: ../../../../../usr/local/lib/android/sdk/platforms/android-34-ext10/data/res/values-mcc302-mnc370-pa: Cannot change mode to rwxr-xr-x: Operation not permitted
build	Cache Android SDK	2026-06-06T12:22:48.3770513Z /usr/bin/tar: ../../../../../usr/local/lib/android/sdk/platforms/android-34-ext10/data/res/values-mcc310-mnc380-ca: Cannot utime: Operation not permitted
build	Cache Android SDK	2026-06-06T12:22:48.3771591Z /usr/bin/tar: ../../../../../usr/local/lib/android/sdk/platforms/android-34-ext10/data/res/values-mcc310-mnc380-ca: Cannot change mode to rwxr-xr-x: Operation not permitted
build	Cache Android SDK	2026-06-06T12:22:48.3773284Z /usr/bin/tar: ../../../../../usr/local/lib/android/sdk/platforms/android-34-ext10/data/res/values-mcc310-mnc950-gu: Cannot utime: Operation not permitted
build	Cache Android SDK	2026-06-06T12:22:48.3774275Z /usr/bin/tar: ../../../../../usr/local/lib/android/sdk/platforms/android-34-ext10/data/res/values-mcc310-mnc950-gu: Cannot change mode to rwxr-xr-x: Operation not permitted
build	Cache Android SDK	2026-06-06T12:22:48.3776674Z /usr/bin/tar: ../../../../../usr/local/lib/android/sdk/platforms/android-34-ext10/data/res/values-mcc302-mnc720-sq: Cannot utime: Operation not permitted
build	Cache Android SDK	2026-06-06T12:22:48.3778257Z /usr/bin/tar: ../../../../../usr/local/lib/android/sdk/platforms/android-34-ext10/data/res/values-mcc302-mnc720-sq: Cannot change mode to rwxr-xr-x: Operation not permitted
build	Cache Android SDK	2026-06-06T12:22:48.3808987Z /usr/bin/tar: ../../../../../usr/local/lib/android/sdk/platforms/android-34-ext10/data/res/values-sq-watch: Cannot utime: Operation not permitted
build	Cache Android SDK	2026-06-06T12:22:48.3818737Z /usr/bin/tar: ../../../../../usr/local/lib/android/sdk/platforms/android-34-ext10/data/res/values-sq-watch: Cannot change mode to rwxr-xr-x: Operation not permitted
build	Cache Android SDK	2026-06-06T12:22:48.3825613Z /usr/bin/tar: ../../../../../usr/local/lib/android/sdk/platforms/android-34-ext10/data/res/values-mcc311-mnc180-lv: Cannot utime: Operation not permitted
build	Cache Android SDK	2026-06-06T12:22:48.3827096Z /usr/bin/tar: ../../../../../usr/local/lib/android/sdk/platforms/android-34-ext10/data/res/values-mcc311-mnc180-lv: Cannot change mode to rwxr-xr-x: Operation not permitted
build	Cache Android SDK	2026-06-06T12:22:48.3829126Z /usr/bin/tar: ../../../../../usr/local/lib/android/sdk/platforms/android-34-ext10/data/res/values-mcc310-mnc280-it: Cannot utime: Operation not permitted
build	Cache Android SDK	2026-06-06T12:22:48.3830865Z /usr/bin/tar: ../../../../../usr/local/lib/android/sdk/platforms/android-34-ext10/data/res/values-mcc310-mnc280-it: Cannot change mode to rwxr-xr-x: Operation not permitted
build	Cache Android SDK	2026-06-06T12:22:48.3832404Z /usr/bin/tar: ../../../../../usr/local/lib/android/sdk/platforms/android-34-ext10/data/res/values-mcc302-mnc720-kk: Cannot utime: Operation not permitted
build	Cache Android SDK	2026-06-06T12:22:48.3833361Z /usr/bin/tar: ../../../../../usr/local/lib/android/sdk/platforms/android-34-ext10/data/res/values-mcc302-mnc720-kk: Cannot change mode to rwxr-xr-x: Operation not permitted
build	Cache Android SDK	2026-06-06T12:22:48.3834232Z /usr/bin/tar: ../../../../../usr/local/lib/android/sdk/platforms/android-34-ext10/data/res: Cannot utime: Operation not permitted
build	Cache Android SDK	2026-06-06T12:22:48.3835048Z /usr/bin/tar: ../../../../../usr/local/lib/android/sdk/platforms/android-34-ext10/data/res: Cannot change mode to rwxr-xr-x: Operation not permitted
build	Cache Android SDK	2026-06-06T12:22:48.3881367Z /usr/bin/tar: ../../../../../usr/local/lib/android/sdk/platforms/android-34-ext10/data: Cannot utime: Operation not permitted
build	Cache Android SDK	2026-06-06T12:22:48.3883063Z /usr/bin/tar: ../../../../../usr/local/lib/android/sdk/platforms/android-34-ext10/data: Cannot change mode to rwxr-xr-x: Operation not permitted
build	Cache Android SDK	2026-06-06T12:22:48.3884529Z /usr/bin/tar: ../../../../../usr/local/lib/android/sdk/platforms/android-34-ext10: Cannot utime: Operation not permitted
build	Cache Android SDK	2026-06-06T12:22:48.3885787Z /usr/bin/tar: ../../../../../usr/local/lib/android/sdk/platforms/android-34-ext10: Cannot change mode to rwxr-xr-x: Operation not permitted
build	Cache Android SDK	2026-06-06T12:22:48.3913344Z /usr/bin/tar: ../../../../../usr/local/lib/android/sdk/platforms/android-36-ext19/optional/libbinder_ndk_cpp/android: Cannot utime: Operation not permitted
build	Cache Android SDK	2026-06-06T12:22:48.3914385Z /usr/bin/tar: ../../../../../usr/local/lib/android/sdk/platforms/android-36-ext19/optional/libbinder_ndk_cpp/android: Cannot change mode to rwxr-xr-x: Operation not permitted
build	Cache Android SDK	2026-06-06T12:22:48.3915331Z /usr/bin/tar: ../../../../../usr/local/lib/android/sdk/platforms/android-36-ext19/optional/libbinder_ndk_cpp: Cannot utime: Operation not permitted
build	Cache Android SDK	2026-06-06T12:22:48.3916406Z /usr/bin/tar: ../../../../../usr/local/lib/android/sdk/platforms/android-36-ext19/optional/libbinder_ndk_cpp: Cannot change mode to rwxr-xr-x: Operation not permitted
build	Cache Android SDK	2026-06-06T12:22:48.3923048Z /usr/bin/tar: ../../../../../usr/local/lib/android/sdk/platforms/android-36-ext19/optional: Cannot utime: Operation not permitted
build	Cache Android SDK	2026-06-06T12:22:48.3923900Z /usr/bin/tar: ../../../../../usr/local/lib/android/sdk/platforms/android-36-ext19/optional: Cannot change mode to rwxr-xr-x: Operation not permitted
build	Cache Android SDK	2026-06-06T12:22:48.4086775Z /usr/bin/tar: ../../../../../usr/local/lib/android/sdk/platforms/android-36-ext19/skins/WXGA800: Cannot utime: Operation not permitted
build	Cache Android SDK	2026-06-06T12:22:48.4088026Z /usr/bin/tar: ../../../../../usr/local/lib/android/sdk/platforms/android-36-ext19/skins/WXGA800: Cannot change mode to rwxr-xr-x: Operation not permitted
build	Cache Android SDK	2026-06-06T12:22:48.4096977Z /usr/bin/tar: ../../../../../usr/local/lib/android/sdk/platforms/android-36-ext19/skins/HVGA: Cannot utime: Operation not permitted
build	Cache Android SDK	2026-06-06T12:22:48.4098921Z /usr/bin/tar: ../../../../../usr/local/lib/android/sdk/platforms/android-36-ext19/skins/HVGA: Cannot change mode to rwxr-xr-x: Operation not permitted
build	Cache Android SDK	2026-06-06T12:22:48.4104439Z /usr/bin/tar: ../../../../../usr/local/lib/android/sdk/platforms/android-36-ext19/skins/WSVGA: Cannot utime: Operation not permitted
build	Cache Android SDK	2026-06-06T12:22:48.4105304Z /usr/bin/tar: ../../../../../usr/local/lib/android/sdk/platforms/android-36-ext19/skins/WSVGA: Cannot change mode to rwxr-xr-x: Operation not permitted
build	Cache Android SDK	2026-06-06T12:22:48.4112238Z /usr/bin/tar: ../../../../../usr/local/lib/android/sdk/platforms/android-36-ext19/skins/WQVGA432: Cannot utime: Operation not permitted
build	Cache Android SDK	2026-06-06T12:22:48.4113106Z /usr/bin/tar: ../../../../../usr/local/lib/android/sdk/platforms/android-36-ext19/skins/WQVGA432: Cannot change mode to rwxr-xr-x: Operation not permitted
build	Cache Android SDK	2026-06-06T12:22:48.4120133Z /usr/bin/tar: ../../../../../usr/local/lib/android/sdk/platforms/android-36-ext19/skins/WVGA854: Cannot utime: Operation not permitted
build	Cache Android SDK	2026-06-06T12:22:48.4121124Z /usr/bin/tar: ../../../../../usr/local/lib/android/sdk/platforms/android-36-ext19/skins/WVGA854: Cannot change mode to rwxr-xr-x: Operation not permitted
build	Cache Android SDK	2026-06-06T12:22:48.4127855Z /usr/bin/tar: ../../../../../usr/local/lib/android/sdk/platforms/android-36-ext19/skins/WXGA800-7in: Cannot utime: Operation not permitted
build	Cache Android SDK	2026-06-06T12:22:48.4129073Z /usr/bin/tar: ../../../../../usr/local/lib/android/sdk/platforms/android-36-ext19/skins/WXGA800-7in: Cannot change mode to rwxr-xr-x: Operation not permitted
build	Cache Android SDK	2026-06-06T12:22:48.4134846Z /usr/bin/tar: ../../../../../usr/local/lib/android/sdk/platforms/android-36-ext19/skins/QVGA: Cannot utime: Operation not permitted
build	Cache Android SDK	2026-06-06T12:22:48.4135810Z /usr/bin/tar: ../../../../../usr/local/lib/android/sdk/platforms/android-36-ext19/skins/QVGA: Cannot change mode to rwxr-xr-x: Operation not permitted
build	Cache Android SDK	2026-06-06T12:22:48.4145150Z /usr/bin/tar: ../../../../../usr/local/lib/android/sdk/platforms/android-36-ext19/skins/WQVGA400: Cannot utime: Operation not permitted
build	Cache Android SDK	2026-06-06T12:22:48.4146795Z /usr/bin/tar: ../../../../../usr/local/lib/android/sdk/platforms/android-36-ext19/skins/WQVGA400: Cannot change mode to rwxr-xr-x: Operation not permitted
build	Cache Android SDK	2026-06-06T12:22:48.4160774Z /usr/bin/tar: ../../../../../usr/local/lib/android/sdk/platforms/android-36-ext19/skins/WVGA800: Cannot utime: Operation not permitted
build	Cache Android SDK	2026-06-06T12:22:48.4161729Z /usr/bin/tar: ../../../../../usr/local/lib/android/sdk/platforms/android-36-ext19/skins/WVGA800: Cannot change mode to rwxr-xr-x: Operation not permitted
build	Cache Android SDK	2026-06-06T12:22:48.4168413Z /usr/bin/tar: ../../../../../usr/local/lib/android/sdk/platforms/android-36-ext19/skins/WXGA720: Cannot utime: Operation not permitted
build	Cache Android SDK	2026-06-06T12:22:48.4169273Z /usr/bin/tar: ../../../../../usr/local/lib/android/sdk/platforms/android-36-ext19/skins/WXGA720: Cannot change mode to rwxr-xr-x: Operation not permitted
build	Cache Android SDK	2026-06-06T12:22:48.4170090Z /usr/bin/tar: ../../../../../usr/local/lib/android/sdk/platforms/android-36-ext19/skins: Cannot utime: Operation not permitted
build	Cache Android SDK	2026-06-06T12:22:48.4171843Z /usr/bin/tar: ../../../../../usr/local/lib/android/sdk/platforms/android-36-ext19/skins: Cannot change mode to rwxr-xr-x: Operation not permitted
build	Cache Android SDK	2026-06-06T12:22:48.4459149Z /usr/bin/tar: ../../../../../usr/local/lib/android/sdk/platforms/android-36-ext19/templates: Cannot utime: Operation not permitted
build	Cache Android SDK	2026-06-06T12:22:48.4460243Z /usr/bin/tar: ../../../../../usr/local/lib/android/sdk/platforms/android-36-ext19/templates: Cannot change mode to rwxr-xr-x: Operation not permitted
build	Cache Android SDK	2026-06-06T12:22:48.4474468Z /usr/bin/tar: ../../../../../usr/local/lib/android/sdk/platforms/android-36-ext19/data/res/values-mcc310-mnc160-sk: Cannot utime: Operation not permitted
build	Cache Android SDK	2026-06-06T12:22:48.4476019Z /usr/bin/tar: ../../../../../usr/local/lib/android/sdk/platforms/android-36-ext19/data/res/values-mcc310-mnc160-sk: Cannot change mode to rwxr-xr-x: Operation not permitted
build	Cache Android SDK	2026-06-06T12:22:48.4479628Z /usr/bin/tar: ../../../../../usr/local/lib/android/sdk/platforms/android-36-ext19/data/res/values-mcc302-mnc370-hr: Cannot utime: Operation not permitted
build	Cache Android SDK	2026-06-06T12:22:48.4480767Z /usr/bin/tar: ../../../../../usr/local/lib/android/sdk/platforms/android-36-ext19/data/res/values-mcc302-mnc370-hr: Cannot change mode to rwxr-xr-x: Operation not permitted
build	Cache Android SDK	2026-06-06T12:22:48.4485167Z /usr/bin/tar: ../../../../../usr/local/lib/android/sdk/platforms/android-36-ext19/data/res/values-mcc310-mnc950-zh-rHK: Cannot utime: Operation not permitted
build	Cache Android SDK	2026-06-06T12:22:48.4486172Z /usr/bin/tar: ../../../../../usr/local/lib/android/sdk/platforms/android-36-ext19/data/res/values-mcc310-mnc950-zh-rHK: Cannot change mode to rwxr-xr-x: Operation not permitted
build	Cache Android SDK	2026-06-06T12:22:48.4491445Z /usr/bin/tar: ../../../../../usr/local/lib/android/sdk/platforms/android-36-ext19/data/res/values-mcc310-mnc210-et: Cannot utime: Operation not permitted
build	Cache Android SDK	2026-06-06T12:22:48.4492432Z /usr/bin/tar: ../../../../../usr/local/lib/android/sdk/platforms/android-36-ext19/data/res/values-mcc310-mnc210-et: Cannot change mode to rwxr-xr-x: Operation not permitted
build	Cache Android SDK	2026-06-06T12:22:48.4494507Z /usr/bin/tar: ../../../../../usr/local/lib/android/sdk/platforms/android-36-ext19/data/res/values-mcc310-mnc170-sl: Cannot utime: Operation not permitted
build	Cache Android SDK	2026-06-06T12:22:48.4495478Z /usr/bin/tar: ../../../../../usr/local/lib/android/sdk/platforms/android-36-ext19/data/res/values-mcc310-mnc170-sl: Cannot change mode to rwxr-xr-x: Operation not permitted
build	Cache Android SDK	2026-06-06T12:22:48.4497940Z /usr/bin/tar: ../../../../../usr/local/lib/android/sdk/platforms/android-36-ext19/data/res/values-mcc310-mnc150-eu: Cannot utime: Operation not permitted
build	Cache Android SDK	2026-06-06T12:22:48.4498896Z /usr/bin/tar: ../../../../../usr/local/lib/android/sdk/platforms/android-36-ext19/data/res/values-mcc310-mnc150-eu: Cannot change mode to rwxr-xr-x: Operation not permitted
build	Cache Android SDK	2026-06-06T12:22:48.4504024Z /usr/bin/tar: ../../../../../usr/local/lib/android/sdk/platforms/android-36-ext19/data/res/values-mcc334-mnc020-bs: Cannot utime: Operation not permitted
build	Cache Android SDK	2026-06-06T12:22:48.4504991Z /usr/bin/tar: ../../../../../usr/local/lib/android/sdk/platforms/android-36-ext19/data/res/values-mcc334-mnc020-bs: Cannot change mode to rwxr-xr-x: Operation not permitted
build	Cache Android SDK	2026-06-06T12:22:48.4509558Z /usr/bin/tar: ../../../../../usr/local/lib/android/sdk/platforms/android-36-ext19/data/res/values-mcc310-mnc310-en-rAU: Cannot utime: Operation not permitted
build	Cache Android SDK	2026-06-06T12:22:48.4510596Z /usr/bin/tar: ../../../../../usr/local/lib/android/sdk/platforms/android-36-ext19/data/res/values-mcc310-mnc310-en-rAU: Cannot change mode to rwxr-xr-x: Operation not permitted
build	Cache Android SDK	2026-06-06T12:22:48.4512564Z /usr/bin/tar: ../../../../../usr/local/lib/android/sdk/platforms/android-36-ext19/data/res/values-mcc334-mnc020-nl: Cannot utime: Operation not permitted
build	Cache Android SDK	2026-06-06T12:22:48.4513522Z /usr/bin/tar: ../../../../../usr/local/lib/android/sdk/platforms/android-36-ext19/data/res/values-mcc334-mnc020-nl: Cannot change mode to rwxr-xr-x: Operation not permitted
build	Cache Android SDK	2026-06-06T12:22:48.4519255Z /usr/bin/tar: ../../../../../usr/local/lib/android/sdk/platforms/android-36-ext19/data/res/raw-nl: Cannot utime: Operation not permitted
build	Cache Android SDK	2026-06-06T12:22:48.4520128Z /usr/bin/tar: ../../../../../usr/local/lib/android/sdk/platforms/android-36-ext19/data/res/raw-nl: Cannot change mode to rwxr-xr-x: Operation not permitted
build	Cache Android SDK	2026-06-06T12:22:48.4524870Z /usr/bin/tar: ../../../../../usr/local/lib/android/sdk/platforms/android-36-ext19/data/res/values-mcc310-mnc800-pl: Cannot utime: Operation not permitted
build	Cache Android SDK	2026-06-06T12:22:48.4525843Z /usr/bin/tar: ../../../../../usr/local/lib/android/sdk/platforms/android-36-ext19/data/res/values-mcc310-mnc800-pl: Cannot change mode to rwxr-xr-x: Operation not permitted
build	Cache Android SDK	2026-06-06T12:22:48.4527846Z /usr/bin/tar: ../../../../../usr/local/lib/android/sdk/platforms/android-36-ext19/data/res/values-mcc310-mnc490-sk: Cannot utime: Operation not permitted
build	Cache Android SDK	2026-06-06T12:22:48.4528806Z /usr/bin/tar: ../../../../../usr/local/lib/android/sdk/platforms/android-36-ext19/data/res/values-mcc310-mnc490-sk: Cannot change mode to rwxr-xr-x: Operation not permitted
build	Cache Android SDK	2026-06-06T12:22:48.4538534Z /usr/bin/tar: ../../../../../usr/local/lib/android/sdk/platforms/android-36-ext19/data/res/values-si: Cannot utime: Operation not permitted
build	Cache Android SDK	2026-06-06T12:22:48.4539527Z /usr/bin/tar: ../../../../../usr/local/lib/android/sdk/platforms/android-36-ext19/data/res/values-si: Cannot change mode to rwxr-xr-x: Operation not permitted
build	Cache Android SDK	2026-06-06T12:22:48.4542336Z /usr/bin/tar: ../../../../../usr/local/lib/android/sdk/platforms/android-36-ext19/data/res/values-mcc311-mnc180-bg: Cannot utime: Operation not permitted
build	Cache Android SDK	2026-06-06T12:22:48.4543297Z /usr/bin/tar: ../../../../../usr/local/lib/android/sdk/platforms/android-36-ext19/data/res/values-mcc311-mnc180-bg: Cannot change mode to rwxr-xr-x: Operation not permitted
build	Cache Android SDK	2026-06-06T12:22:48.4545243Z /usr/bin/tar: ../../../../../usr/local/lib/android/sdk/platforms/android-36-ext19/data/res/values-mcc310-mnc160-be: Cannot utime: Operation not permitted
build	Cache Android SDK	2026-06-06T12:22:48.4546210Z /usr/bin/tar: ../../../../../usr/local/lib/android/sdk/platforms/android-36-ext19/data/res/values-mcc310-mnc160-be: Cannot change mode to rwxr-xr-x: Operation not permitted
build	Cache Android SDK	2026-06-06T12:22:48.4548617Z /usr/bin/tar: ../../../../../usr/local/lib/android/sdk/platforms/android-36-ext19/data/res/values-mcc310-mnc280-pt: Cannot utime: Operation not permitted
build	Cache Android SDK	2026-06-06T12:22:48.4549593Z /usr/bin/tar: ../../../../../usr/local/lib/android/sdk/platforms/android-36-ext19/data/res/values-mcc310-mnc280-pt: Cannot change mode to rwxr-xr-x: Operation not permitted
build	Cache Android SDK	2026-06-06T12:22:48.4552181Z /usr/bin/tar: ../../../../../usr/local/lib/android/sdk/platforms/android-36-ext19/data/res/values-mcc302-mnc720-zh-rHK: Cannot utime: Operation not permitted
build	Cache Android SDK	2026-06-06T12:22:48.4553171Z /usr/bin/tar: ../../../../../usr/local/lib/android/sdk/platforms/android-36-ext19/data/res/values-mcc302-mnc720-zh-rHK: Cannot change mode to rwxr-xr-x: Operation not permitted
build	Cache Android SDK	2026-06-06T12:22:48.4555251Z /usr/bin/tar: ../../../../../usr/local/lib/android/sdk/platforms/android-36-ext19/data/res/values-mcc440-mnc50: Cannot utime: Operation not permitted
build	Cache Android SDK	2026-06-06T12:22:48.4556205Z /usr/bin/tar: ../../../../../usr/local/lib/android/sdk/platforms/android-36-ext19/data/res/values-mcc440-mnc50: Cannot change mode to rwxr-xr-x: Operation not permitted
build	Cache Android SDK	2026-06-06T12:22:48.4558694Z /usr/bin/tar: ../../../../../usr/local/lib/android/sdk/platforms/android-36-ext19/data/res/values-tr-television: Cannot utime: Operation not permitted
build	Cache Android SDK	2026-06-06T12:22:48.4559649Z /usr/bin/tar: ../../../../../usr/local/lib/android/sdk/platforms/android-36-ext19/data/res/values-tr-television: Cannot change mode to rwxr-xr-x: Operation not permitted
build	Cache Android SDK	2026-06-06T12:22:48.4562202Z /usr/bin/tar: ../../../../../usr/local/lib/android/sdk/platforms/android-36-ext19/data/res/values-mcc310-mnc490-th: Cannot utime: Operation not permitted
build	Cache Android SDK	2026-06-06T12:22:48.4563209Z /usr/bin/tar: ../../../../../usr/local/lib/android/sdk/platforms/android-36-ext19/data/res/values-mcc310-mnc490-th: Cannot change mode to rwxr-xr-x: Operation not permitted
build	Cache Android SDK	2026-06-06T12:22:48.4565229Z /usr/bin/tar: ../../../../../usr/local/lib/android/sdk/platforms/android-36-ext19/data/res/values-mcc311-mnc180-zh-rHK: Cannot utime: Operation not permitted
build	Cache Android SDK	2026-06-06T12:22:48.4566225Z /usr/bin/tar: ../../../../../usr/local/lib/android/sdk/platforms/android-36-ext19/data/res/values-mcc311-mnc180-zh-rHK: Cannot change mode to rwxr-xr-x: Operation not permitted
build	Cache Android SDK	2026-06-06T12:22:48.4568929Z /usr/bin/tar: ../../../../../usr/local/lib/android/sdk/platforms/android-36-ext19/data/res/values-mcc310-mnc310-fi: Cannot utime: Operation not permitted
build	Cache Android SDK	2026-06-06T12:22:48.4569886Z /usr/bin/tar: ../../../../../usr/local/lib/android/sdk/platforms/android-36-ext19/data/res/values-mcc310-mnc310-fi: Cannot change mode to rwxr-xr-x: Operation not permitted
build	Cache Android SDK	2026-06-06T12:22:48.4572665Z /usr/bin/tar: ../../../../../usr/local/lib/android/sdk/platforms/android-36-ext19/data/res/values-mcc313-mnc100-is: Cannot utime: Operation not permitted
build	Cache Android SDK	2026-06-06T12:22:48.4573829Z /usr/bin/tar: ../../../../../usr/local/lib/android/sdk/platforms/android-36-ext19/data/res/values-mcc313-mnc100-is: Cannot change mode to rwxr-xr-x: Operation not permitted
build	Cache Android SDK	2026-06-06T12:22:48.4575908Z /usr/bin/tar: ../../../../../usr/local/lib/android/sdk/platforms/android-36-ext19/data/res/values-mcc310-mnc280-as: Cannot utime: Operation not permitted
build	Cache Android SDK	2026-06-06T12:22:48.4576975Z /usr/bin/tar: ../../../../../usr/local/lib/android/sdk/platforms/android-36-ext19/data/res/values-mcc310-mnc280-as: Cannot change mode to rwxr-xr-x: Operation not permitted
build	Cache Android SDK	2026-06-06T12:22:48.4579716Z /usr/bin/tar: ../../../../../usr/local/lib/android/sdk/platforms/android-36-ext19/data/res/values-w180dp-notround-watch: Cannot utime: Operation not permitted
build	Cache Android SDK	2026-06-06T12:22:48.4580825Z /usr/bin/tar: ../../../../../usr/local/lib/android/sdk/platforms/android-36-ext19/data/res/values-w180dp-notround-watch: Cannot change mode to rwxr-xr-x: Operation not permitted
build	Cache Android SDK	2026-06-06T12:22:48.4582970Z /usr/bin/tar: ../../../../../usr/local/lib/android/sdk/platforms/android-36-ext19/data/res/values-mcc310-mnc030-gu: Cannot utime: Operation not permitted
build	Cache Android SDK	2026-06-06T12:22:48.4584109Z /usr/bin/tar: ../../../../../usr/local/lib/android/sdk/platforms/android-36-ext19/data/res/values-mcc310-mnc030-gu: Cannot change mode to rwxr-xr-x: Operation not permitted
build	Cache Android SDK	2026-06-06T12:22:48.4587126Z /usr/bin/tar: ../../../../../usr/local/lib/android/sdk/platforms/android-36-ext19/data/res/values-mcc310-mnc210-in: Cannot utime: Operation not permitted
build	Cache Android SDK	2026-06-06T12:22:48.4588759Z /usr/bin/tar: ../../../../../usr/local/lib/android/sdk/platforms/android-36-ext19/data/res/values-mcc310-mnc210-in: Cannot change mode to rwxr-xr-x: Operation not permitted
build	Cache Android SDK	2026-06-06T12:22:48.4593638Z /usr/bin/tar: ../../../../../usr/local/lib/android/sdk/platforms/android-36-ext19/data/res/values-mcc310-mnc410-nl: Cannot utime: Operation not permitted
build	Cache Android SDK	2026-06-06T12:22:48.4594634Z /usr/bin/tar: ../../../../../usr/local/lib/android/sdk/platforms/android-36-ext19/data/res/values-mcc310-mnc410-nl: Cannot change mode to rwxr-xr-x: Operation not permitted
build	Cache Android SDK	2026-06-06T12:22:48.4596901Z /usr/bin/tar: ../../../../../usr/local/lib/android/sdk/platforms/android-36-ext19/data/res/values-mcc310-mnc410-hi: Cannot utime: Operation not permitted
build	Cache Android SDK	2026-06-06T12:22:48.4598121Z /usr/bin/tar: ../../../../../usr/local/lib/android/sdk/platforms/android-36-ext19/data/res/values-mcc310-mnc410-hi: Cannot change mode to rwxr-xr-x: Operation not permitted
build	Cache Android SDK	2026-06-06T12:22:48.4600824Z /usr/bin/tar: ../../../../../usr/local/lib/android/sdk/platforms/android-36-ext19/data/res/values-mcc310-mnc210-iw: Cannot utime: Operation not permitted
build	Cache Android SDK	2026-06-06T12:22:48.4601806Z /usr/bin/tar: ../../../../../usr/local/lib/android/sdk/platforms/android-36-ext19/data/res/values-mcc310-mnc210-iw: Cannot change mode to rwxr-xr-x: Operation not permitted
build	Cache Android SDK	2026-06-06T12:22:48.4606761Z /usr/bin/tar: ../../../../../usr/local/lib/android/sdk/platforms/android-36-ext19/data/res/values-mcc001-mnc01-or: Cannot utime: Operation not permitted
build	Cache Android SDK	2026-06-06T12:22:48.4608341Z /usr/bin/tar: ../../../../../usr/local/lib/android/sdk/platforms/android-36-ext19/data/res/values-mcc001-mnc01-or: Cannot change mode to rwxr-xr-x: Operation not permitted
build	Cache Android SDK	2026-06-06T12:22:48.4612856Z /usr/bin/tar: ../../../../../usr/local/lib/android/sdk/platforms/android-36-ext19/data/res/values-mcc310-mnc230-pl: Cannot utime: Operation not permitted
build	Cache Android SDK	2026-06-06T12:22:48.4613943Z /usr/bin/tar: ../../../../../usr/local/lib/android/sdk/platforms/android-36-ext19/data/res/values-mcc310-mnc230-pl: Cannot change mode to rwxr-xr-x: Operation not permitted
build	Cache Android SDK	2026-06-06T12:22:48.4615598Z /usr/bin/tar: ../../../../../usr/local/lib/android/sdk/platforms/android-36-ext19/data/res/values-de-watch: Cannot utime: Operation not permitted
build	Cache Android SDK	2026-06-06T12:22:48.4616613Z /usr/bin/tar: ../../../../../usr/local/lib/android/sdk/platforms/android-36-ext19/data/res/values-de-watch: Cannot change mode to rwxr-xr-x: Operation not permitted
build	Cache Android SDK	2026-06-06T12:22:48.4621522Z /usr/bin/tar: ../../../../../usr/local/lib/android/sdk/platforms/android-36-ext19/data/res/raw: Cannot utime: Operation not permitted
build	Cache Android SDK	2026-06-06T12:22:48.4622617Z /usr/bin/tar: ../../../../../usr/local/lib/android/sdk/platforms/android-36-ext19/data/res/raw: Cannot change mode to rwxr-xr-x: Operation not permitted
build	Cache Android SDK	2026-06-06T12:22:48.4624338Z /usr/bin/tar: ../../../../../usr/local/lib/android/sdk/platforms/android-36-ext19/data/res/values-mcc310-mnc380-ml: Cannot utime: Operation not permitted
build	Cache Android SDK	2026-06-06T12:22:48.4625298Z /usr/bin/tar: ../../../../../usr/local/lib/android/sdk/platforms/android-36-ext19/data/res/values-mcc310-mnc380-ml: Cannot change mode to rwxr-xr-x: Operation not permitted
build	Cache Android SDK	2026-06-06T12:22:48.4627874Z /usr/bin/tar: ../../../../../usr/local/lib/android/sdk/platforms/android-36-ext19/data/res/values-mcc310-mnc660-pt-rPT: Cannot utime: Operation not permitted
build	Cache Android SDK	2026-06-06T12:22:48.4629079Z /usr/bin/tar: ../../../../../usr/local/lib/android/sdk/platforms/android-36-ext19/data/res/values-mcc310-mnc660-pt-rPT: Cannot change mode to rwxr-xr-x: Operation not permitted
build	Cache Android SDK	2026-06-06T12:22:48.4630752Z /usr/bin/tar: ../../../../../usr/local/lib/android/sdk/platforms/android-36-ext19/data/res/values-mcc310-mnc800-zh-rCN: Cannot utime: Operation not permitted
build	Cache Android SDK	2026-06-06T12:22:48.4631735Z /usr/bin/tar: ../../../../../usr/local/lib/android/sdk/platforms/android-36-ext19/data/res/values-mcc310-mnc800-zh-rCN: Cannot change mode to rwxr-xr-x: Operation not permitted
build	Cache Android SDK	2026-06-06T12:22:48.4637029Z /usr/bin/tar: ../../../../../usr/local/lib/android/sdk/platforms/android-36-ext19/data/res/values-ky: Cannot utime: Operation not permitted
build	Cache Android SDK	2026-06-06T12:22:48.4638497Z /usr/bin/tar: ../../../../../usr/local/lib/android/sdk/platforms/android-36-ext19/data/res/values-ky: Cannot change mode to rwxr-xr-x: Operation not permitted
build	Cache Android SDK	2026-06-06T12:22:48.4640760Z /usr/bin/tar: ../../../../../usr/local/lib/android/sdk/platforms/android-36-ext19/data/res/values-mcc311-mnc180-my: Cannot utime: Operation not permitted
build	Cache Android SDK	2026-06-06T12:22:48.4641828Z /usr/bin/tar: ../../../../../usr/local/lib/android/sdk/platforms/android-36-ext19/data/res/values-mcc311-mnc180-my: Cannot change mode to rwxr-xr-x: Operation not permitted
build	Cache Android SDK	2026-06-06T12:22:48.4643558Z /usr/bin/tar: ../../../../../usr/local/lib/android/sdk/platforms/android-36-ext19/data/res/values-mcc310-mnc240-da: Cannot utime: Operation not permitted
build	Cache Android SDK	2026-06-06T12:22:48.4644516Z /usr/bin/tar: ../../../../../usr/local/lib/android/sdk/platforms/android-36-ext19/data/res/values-mcc310-mnc240-da: Cannot change mode to rwxr-xr-x: Operation not permitted
build	Cache Android SDK	2026-06-06T12:22:48.4647500Z /usr/bin/tar: ../../../../../usr/local/lib/android/sdk/platforms/android-36-ext19/data/res/values-mcc310-mnc660-fa: Cannot utime: Operation not permitted
build	Cache Android SDK	2026-06-06T12:22:48.4648489Z /usr/bin/tar: ../../../../../usr/local/lib/android/sdk/platforms/android-36-ext19/data/res/values-mcc310-mnc660-fa: Cannot change mode to rwxr-xr-x: Operation not permitted
build	Cache Android SDK	2026-06-06T12:22:48.4650513Z /usr/bin/tar: ../../../../../usr/local/lib/android/sdk/platforms/android-36-ext19/data/res/values-mcc310-mnc270-sr: Cannot utime: Operation not permitted
build	Cache Android SDK	2026-06-06T12:22:48.4651551Z /usr/bin/tar: ../../../../../usr/local/lib/android/sdk/platforms/android-36-ext19/data/res/values-mcc310-mnc270-sr: Cannot change mode to rwxr-xr-x: Operation not permitted
build	Cache Android SDK	2026-06-06T12:22:48.4653934Z /usr/bin/tar: ../../../../../usr/local/lib/android/sdk/platforms/android-36-ext19/data/res/values-mcc310-mnc220-en-rIN: Cannot utime: Operation not permitted
build	Cache Android SDK	2026-06-06T12:22:48.4654924Z /usr/bin/tar: ../../../../../usr/local/lib/android/sdk/platforms/android-36-ext19/data/res/values-mcc310-mnc220-en-rIN: Cannot change mode to rwxr-xr-x: Operation not permitted
build	Cache Android SDK	2026-06-06T12:22:48.4661328Z /usr/bin/tar: ../../../../../usr/local/lib/android/sdk/platforms/android-36-ext19/data/res/values-bg: Cannot utime: Operation not permitted
build	Cache Android SDK	2026-06-06T12:22:48.4662273Z /usr/bin/tar: ../../../../../usr/local/lib/android/sdk/platforms/android-36-ext19/data/res/values-bg: Cannot change mode to rwxr-xr-x: Operation not permitted
build	Cache Android SDK	2026-06-06T12:22:48.4665233Z /usr/bin/tar: ../../../../../usr/local/lib/android/sdk/platforms/android-36-ext19/data/res/values-mcc310-mnc200-kn: Cannot utime: Operation not permitted
build	Cache Android SDK	2026-06-06T12:22:48.4666202Z /usr/bin/tar: ../../../../../usr/local/lib/android/sdk/platforms/android-36-ext19/data/res/values-mcc310-mnc200-kn: Cannot change mode to rwxr-xr-x: Operation not permitted
build	Cache Android SDK	2026-06-06T12:22:48.4669052Z /usr/bin/tar: ../../../../../usr/local/lib/android/sdk/platforms/android-36-ext19/data/res/values-mcc310-mnc230-nb: Cannot utime: Operation not permitted
build	Cache Android SDK	2026-06-06T12:22:48.4670016Z /usr/bin/tar: ../../../../../usr/local/lib/android/sdk/platforms/android-36-ext19/data/res/values-mcc310-mnc230-nb: Cannot change mode to rwxr-xr-x: Operation not permitted
build	Cache Android SDK	2026-06-06T12:22:48.4672424Z /usr/bin/tar: ../../../../../usr/local/lib/android/sdk/platforms/android-36-ext19/data/res/values-mcc310-mnc280-af: Cannot utime: Operation not permitted
build	Cache Android SDK	2026-06-06T12:22:48.4673372Z /usr/bin/tar: ../../../../../usr/local/lib/android/sdk/platforms/android-36-ext19/data/res/values-mcc310-mnc280-af: Cannot change mode to rwxr-xr-x: Operation not permitted
build	Cache Android SDK	2026-06-06T12:22:48.4675553Z /usr/bin/tar: ../../../../../usr/local/lib/android/sdk/platforms/android-36-ext19/data/res/values-mcc310-mnc800-te: Cannot utime: Operation not permitted
build	Cache Android SDK	2026-06-06T12:22:48.4677622Z /usr/bin/tar: ../../../../../usr/local/lib/android/sdk/platforms/android-36-ext19/data/res/values-mcc310-mnc800-te: Cannot change mode to rwxr-xr-x: Operation not permitted
build	Cache Android SDK	2026-06-06T12:22:48.4679204Z /usr/bin/tar: ../../../../../usr/local/lib/android/sdk/platforms/android-36-ext19/data/res/values-gl-watch: Cannot utime: Operation not permitted
build	Cache Android SDK	2026-06-06T12:22:48.4680115Z /usr/bin/tar: ../../../../../usr/local/lib/android/sdk/platforms/android-36-ext19/data/res/values-gl-watch: Cannot change mode to rwxr-xr-x: Operation not permitted
build	Cache Android SDK	2026-06-06T12:22:48.4682331Z /usr/bin/tar: ../../../../../usr/local/lib/android/sdk/platforms/android-36-ext19/data/res/values-mcc310-mnc240-hu: Cannot utime: Operation not permitted
build	Cache Android SDK	2026-06-06T12:22:48.4683311Z /usr/bin/tar: ../../../../../usr/local/lib/android/sdk/platforms/android-36-ext19/data/res/values-mcc310-mnc240-hu: Cannot change mode to rwxr-xr-x: Operation not permitted
build	Cache Android SDK	2026-06-06T12:22:48.4685765Z /usr/bin/tar: ../../../../../usr/local/lib/android/sdk/platforms/android-36-ext19/data/res/values-mcc310-mnc950-bs: Cannot utime: Operation not permitted
build	Cache Android SDK	2026-06-06T12:22:48.4686712Z /usr/bin/tar: ../../../../../usr/local/lib/android/sdk/platforms/android-36-ext19/data/res/values-mcc310-mnc950-bs: Cannot change mode to rwxr-xr-x: Operation not permitted
build	Cache Android SDK	2026-06-06T12:22:48.4689147Z /usr/bin/tar: ../../../../../usr/local/lib/android/sdk/platforms/android-36-ext19/data/res/values-bn-television: Cannot utime: Operation not permitted
build	Cache Android SDK	2026-06-06T12:22:48.4690090Z /usr/bin/tar: ../../../../../usr/local/lib/android/sdk/platforms/android-36-ext19/data/res/values-bn-television: Cannot change mode to rwxr-xr-x: Operation not permitted
build	Cache Android SDK	2026-06-06T12:22:48.4692541Z /usr/bin/tar: ../../../../../usr/local/lib/android/sdk/platforms/android-36-ext19/data/res/values-mcc310-mnc250-te: Cannot utime: Operation not permitted
build	Cache Android SDK	2026-06-06T12:22:48.4693500Z /usr/bin/tar: ../../../../../usr/local/lib/android/sdk/platforms/android-36-ext19/data/res/values-mcc310-mnc250-te: Cannot change mode to rwxr-xr-x: Operation not permitted
build	Cache Android SDK	2026-06-06T12:22:48.4695964Z /usr/bin/tar: ../../../../../usr/local/lib/android/sdk/platforms/android-36-ext19/data/res/values-mcc302-mnc720-cs: Cannot utime: Operation not permitted
build	Cache Android SDK	2026-06-06T12:22:48.4696909Z /usr/bin/tar: ../../../../../usr/local/lib/android/sdk/platforms/android-36-ext19/data/res/values-mcc302-mnc720-cs: Cannot change mode to rwxr-xr-x: Operation not permitted
build	Cache Android SDK	2026-06-06T12:22:48.4699286Z /usr/bin/tar: ../../../../../usr/local/lib/android/sdk/platforms/android-36-ext19/data/res/values-mcc310-mnc410-or: Cannot utime: Operation not permitted
build	Cache Android SDK	2026-06-06T12:22:48.4700238Z /usr/bin/tar: ../../../../../usr/local/lib/android/sdk/platforms/android-36-ext19/data/res/values-mcc310-mnc410-or: Cannot change mode to rwxr-xr-x: Operation not permitted
build	Cache Android SDK	2026-06-06T12:22:48.4702339Z /usr/bin/tar: ../../../../../usr/local/lib/android/sdk/platforms/android-36-ext19/data/res/values-mcc313-mnc100-af: Cannot utime: Operation not permitted
build	Cache Android SDK	2026-06-06T12:22:48.4703292Z /usr/bin/tar: ../../../../../usr/local/lib/android/sdk/platforms/android-36-ext19/data/res/values-mcc313-mnc100-af: Cannot change mode to rwxr-xr-x: Operation not permitted
build	Cache Android SDK	2026-06-06T12:22:48.4705338Z /usr/bin/tar: ../../../../../usr/local/lib/android/sdk/platforms/android-36-ext19/data/res/values-mcc310-mnc170-zu: Cannot utime: Operation not permitted
build	Cache Android SDK	2026-06-06T12:22:48.4706415Z /usr/bin/tar: ../../../../../usr/local/lib/android/sdk/platforms/android-36-ext19/data/res/values-mcc310-mnc170-zu: Cannot change mode to rwxr-xr-x: Operation not permitted
build	Cache Android SDK	2026-06-06T12:22:48.4708824Z /usr/bin/tar: ../../../../../usr/local/lib/android/sdk/platforms/android-36-ext19/data/res/values-mcc311-mnc180-vi: Cannot utime: Operation not permitted
build	Cache Android SDK	2026-06-06T12:22:48.4709876Z /usr/bin/tar: ../../../../../usr/local/lib/android/sdk/platforms/android-36-ext19/data/res/values-mcc311-mnc180-vi: Cannot change mode to rwxr-xr-x: Operation not permitted
build	Cache Android SDK	2026-06-06T12:22:48.4711837Z /usr/bin/tar: ../../../../../usr/local/lib/android/sdk/platforms/android-36-ext19/data/res/values-ca-television: Cannot utime: Operation not permitted
build	Cache Android SDK	2026-06-06T12:22:48.4712904Z /usr/bin/tar: ../../../../../usr/local/lib/android/sdk/platforms/android-36-ext19/data/res/values-ca-television: Cannot change mode to rwxr-xr-x: Operation not permitted
build	Cache Android SDK	2026-06-06T12:22:48.4715153Z /usr/bin/tar: ../../../../../usr/local/lib/android/sdk/platforms/android-36-ext19/data/res/values-mcc001-mnc01-pa: Cannot utime: Operation not permitted
build	Cache Android SDK	2026-06-06T12:22:48.4716131Z /usr/bin/tar: ../../../../../usr/local/lib/android/sdk/platforms/android-36-ext19/data/res/values-mcc001-mnc01-pa: Cannot change mode to rwxr-xr-x: Operation not permitted
build	Cache Android SDK	2026-06-06T12:22:48.4719041Z /usr/bin/tar: ../../../../../usr/local/lib/android/sdk/platforms/android-36-ext19/data/res/values-mcc302-mnc720-ar: Cannot utime: Operation not permitted
build	Cache Android SDK	2026-06-06T12:22:48.4720126Z /usr/bin/tar: ../../../../../usr/local/lib/android/sdk/platforms/android-36-ext19/data/res/values-mcc302-mnc720-ar: Cannot change mode to rwxr-xr-x: Operation not permitted
build	Cache Android SDK	2026-06-06T12:22:48.4721890Z /usr/bin/tar: ../../../../../usr/local/lib/android/sdk/platforms/android-36-ext19/data/res/values-mcc001-mnc01-ka: Cannot utime: Operation not permitted
build	Cache Android SDK	2026-06-06T12:22:48.4722834Z /usr/bin/tar: ../../../../../usr/local/lib/android/sdk/platforms/android-36-ext19/data/res/values-mcc001-mnc01-ka: Cannot change mode to rwxr-xr-x: Operation not permitted
build	Cache Android SDK	2026-06-06T12:22:48.4725390Z /usr/bin/tar: ../../../../../usr/local/lib/android/sdk/platforms/android-36-ext19/data/res/values-mcc310-mnc230-te: Cannot utime: Operation not permitted
build	Cache Android SDK	2026-06-06T12:22:48.4726335Z /usr/bin/tar: ../../../../../usr/local/lib/android/sdk/platforms/android-36-ext19/data/res/values-mcc310-mnc230-te: Cannot change mode to rwxr-xr-x: Operation not permitted
build	Cache Android SDK	2026-06-06T12:22:48.4729229Z /usr/bin/tar: ../../../../../usr/local/lib/android/sdk/platforms/android-36-ext19/data/res/values-mcc310-mnc030-or: Cannot utime: Operation not permitted
build	Cache Android SDK	2026-06-06T12:22:48.4730216Z /usr/bin/tar: ../../../../../usr/local/lib/android/sdk/platforms/android-36-ext19/data/res/values-mcc310-mnc030-or: Cannot change mode to rwxr-xr-x: Operation not permitted
build	Cache Android SDK	2026-06-06T12:22:48.4732021Z /usr/bin/tar: ../../../../../usr/local/lib/android/sdk/platforms/android-36-ext19/data/res/values-mcc310-mnc310-fr: Cannot utime: Operation not permitted
build	Cache Android SDK	2026-06-06T12:22:48.4732973Z /usr/bin/tar: ../../../../../usr/local/lib/android/sdk/platforms/android-36-ext19/data/res/values-mcc310-mnc310-fr: Cannot change mode to rwxr-xr-x: Operation not permitted
build	Cache Android SDK	2026-06-06T12:22:48.4735143Z /usr/bin/tar: ../../../../../usr/local/lib/android/sdk/platforms/android-36-ext19/data/res/values-mcc310-mnc210-ml: Cannot utime: Operation not permitted
build	Cache Android SDK	2026-06-06T12:22:48.4736321Z /usr/bin/tar: ../../../../../usr/local/lib/android/sdk/platforms/android-36-ext19/data/res/values-mcc310-mnc210-ml: Cannot change mode to rwxr-xr-x: Operation not permitted
build	Cache Android SDK	2026-06-06T12:22:48.4739899Z /usr/bin/tar: ../../../../../usr/local/lib/android/sdk/platforms/android-36-ext19/data/res/values-mcc310-mnc150-bg: Cannot utime: Operation not permitted
build	Cache Android SDK	2026-06-06T12:22:48.4740862Z /usr/bin/tar: ../../../../../usr/local/lib/android/sdk/platforms/android-36-ext19/data/res/values-mcc310-mnc150-bg: Cannot change mode to rwxr-xr-x: Operation not permitted
build	Cache Android SDK	2026-06-06T12:22:48.4743016Z /usr/bin/tar: ../../../../../usr/local/lib/android/sdk/platforms/android-36-ext19/data/res/values-mcc310-mnc230-ta: Cannot utime: Operation not permitted
build	Cache Android SDK	2026-06-06T12:22:48.4744108Z /usr/bin/tar: ../../../../../usr/local/lib/android/sdk/platforms/android-36-ext19/data/res/values-mcc310-mnc230-ta: Cannot change mode to rwxr-xr-x: Operation not permitted
build	Cache Android SDK	2026-06-06T12:22:48.4746536Z /usr/bin/tar: ../../../../../usr/local/lib/android/sdk/platforms/android-36-ext19/data/res/values-mcc310-mnc800-hr: Cannot utime: Operation not permitted
build	Cache Android SDK	2026-06-06T12:22:48.4747767Z /usr/bin/tar: ../../../../../usr/local/lib/android/sdk/platforms/android-36-ext19/data/res/values-mcc310-mnc800-hr: Cannot change mode to rwxr-xr-x: Operation not permitted
build	Cache Android SDK	2026-06-06T12:22:48.4749787Z /usr/bin/tar: ../../../../../usr/local/lib/android/sdk/platforms/android-36-ext19/data/res/values-mcc310-mnc240-sq: Cannot utime: Operation not permitted
build	Cache Android SDK	2026-06-06T12:22:48.4750738Z /usr/bin/tar: ../../../../../usr/local/lib/android/sdk/platforms/android-36-ext19/data/res/values-mcc310-mnc240-sq: Cannot change mode to rwxr-xr-x: Operation not permitted
build	Cache Android SDK	2026-06-06T12:22:48.4753340Z /usr/bin/tar: ../../../../../usr/local/lib/android/sdk/platforms/android-36-ext19/data/res/values-mcc311-mnc180-pt: Cannot utime: Operation not permitted
build	Cache Android SDK	2026-06-06T12:22:48.4754290Z /usr/bin/tar: ../../../../../usr/local/lib/android/sdk/platforms/android-36-ext19/data/res/values-mcc311-mnc180-pt: Cannot change mode to rwxr-xr-x: Operation not permitted
build	Cache Android SDK	2026-06-06T12:22:48.4757010Z /usr/bin/tar: ../../../../../usr/local/lib/android/sdk/platforms/android-36-ext19/data/res/values-mcc310-mnc660-hy: Cannot utime: Operation not permitted
build	Cache Android SDK	2026-06-06T12:22:48.4758213Z /usr/bin/tar: ../../../../../usr/local/lib/android/sdk/platforms/android-36-ext19/data/res/values-mcc310-mnc660-hy: Cannot change mode to rwxr-xr-x: Operation not permitted
build	Cache Android SDK	2026-06-06T12:22:48.4760576Z /usr/bin/tar: ../../../../../usr/local/lib/android/sdk/platforms/android-36-ext19/data/res/values-mcc001-mnc01: Cannot utime: Operation not permitted
build	Cache Android SDK	2026-06-06T12:22:48.4761516Z /usr/bin/tar: ../../../../../usr/local/lib/android/sdk/platforms/android-36-ext19/data/res/values-mcc001-mnc01: Cannot change mode to rwxr-xr-x: Operation not permitted
build	Cache Android SDK	2026-06-06T12:22:48.4764772Z /usr/bin/tar: ../../../../../usr/local/lib/android/sdk/platforms/android-36-ext19/data/res/values-mcc310-mnc220-sl: Cannot utime: Operation not permitted
build	Cache Android SDK	2026-06-06T12:22:48.4765825Z /usr/bin/tar: ../../../../../usr/local/lib/android/sdk/platforms/android-36-ext19/data/res/values-mcc310-mnc220-sl: Cannot change mode to rwxr-xr-x: Operation not permitted
build	Cache Android SDK	2026-06-06T12:22:48.4768800Z /usr/bin/tar: ../../../../../usr/local/lib/android/sdk/platforms/android-36-ext19/data/res/values-mcc310-mnc560-fi: Cannot utime: Operation not permitted
build	Cache Android SDK	2026-06-06T12:22:48.4769867Z /usr/bin/tar: ../../../../../usr/local/lib/android/sdk/platforms/android-36-ext19/data/res/values-mcc310-mnc560-fi: Cannot change mode to rwxr-xr-x: Operation not permitted
build	Cache Android SDK	2026-06-06T12:22:48.4771266Z /usr/bin/tar: ../../../../../usr/local/lib/android/sdk/platforms/android-36-ext19/data/res/values-mcc312-mnc670-en-rCA: Cannot utime: Operation not permitted
build	Cache Android SDK	2026-06-06T12:22:48.4772279Z /usr/bin/tar: ../../../../../usr/local/lib/android/sdk/platforms/android-36-ext19/data/res/values-mcc312-mnc670-en-rCA: Cannot change mode to rwxr-xr-x: Operation not permitted
build	Cache Android SDK	2026-06-06T12:22:48.4774131Z /usr/bin/tar: ../../../../../usr/local/lib/android/sdk/platforms/android-36-ext19/data/res/values-mcc312-mnc670-fa: Cannot utime: Operation not permitted
build	Cache Android SDK	2026-06-06T12:22:48.4775119Z /usr/bin/tar: ../../../../../usr/local/lib/android/sdk/platforms/android-36-ext19/data/res/values-mcc312-mnc670-fa: Cannot change mode to rwxr-xr-x: Operation not permitted
build	Cache Android SDK	2026-06-06T12:22:48.4777963Z /usr/bin/tar: ../../../../../usr/local/lib/android/sdk/platforms/android-36-ext19/data/res/values-mcc310-mnc230-ne: Cannot utime: Operation not permitted
build	Cache Android SDK	2026-06-06T12:22:48.4779068Z /usr/bin/tar: ../../../../../usr/local/lib/android/sdk/platforms/android-36-ext19/data/res/values-mcc310-mnc230-ne: Cannot change mode to rwxr-xr-x: Operation not permitted
build	Cache Android SDK	2026-06-06T12:22:48.4781240Z /usr/bin/tar: ../../../../../usr/local/lib/android/sdk/platforms/android-36-ext19/data/res/values-es-rCR: Cannot utime: Operation not permitted
build	Cache Android SDK	2026-06-06T12:22:48.4782141Z /usr/bin/tar: ../../../../../usr/local/lib/android/sdk/platforms/android-36-ext19/data/res/values-es-rCR: Cannot change mode to rwxr-xr-x: Operation not permitted
build	Cache Android SDK	2026-06-06T12:22:48.4784496Z /usr/bin/tar: ../../../../../usr/local/lib/android/sdk/platforms/android-36-ext19/data/res/values-mcc312-mnc670-en-rGB: Cannot utime: Operation not permitted
build	Cache Android SDK	2026-06-06T12:22:48.4785486Z /usr/bin/tar: ../../../../../usr/local/lib/android/sdk/platforms/android-36-ext19/data/res/values-mcc312-mnc670-en-rGB: Cannot change mode to rwxr-xr-x: Operation not permitted
build	Cache Android SDK	2026-06-06T12:22:48.4787977Z /usr/bin/tar: ../../../../../usr/local/lib/android/sdk/platforms/android-36-ext19/data/res/values-mcc310-mnc950-bg: Cannot utime: Operation not permitted
build	Cache Android SDK	2026-06-06T12:22:48.4788919Z /usr/bin/tar: ../../../../../usr/local/lib/android/sdk/platforms/android-36-ext19/data/res/values-mcc310-mnc950-bg: Cannot change mode to rwxr-xr-x: Operation not permitted
build	Cache Android SDK	2026-06-06T12:22:48.4791538Z /usr/bin/tar: ../../../../../usr/local/lib/android/sdk/platforms/android-36-ext19/data/res/values-mcc310-mnc210-be: Cannot utime: Operation not permitted
build	Cache Android SDK	2026-06-06T12:22:48.4792564Z /usr/bin/tar: ../../../../../usr/local/lib/android/sdk/platforms/android-36-ext19/data/res/values-mcc310-mnc210-be: Cannot change mode to rwxr-xr-x: Operation not permitted
build	Cache Android SDK	2026-06-06T12:22:48.4794511Z /usr/bin/tar: ../../../../../usr/local/lib/android/sdk/platforms/android-36-ext19/data/res/values-mcc302-mnc720-tr: Cannot utime: Operation not permitted
build	Cache Android SDK	2026-06-06T12:22:48.4795469Z /usr/bin/tar: ../../../../../usr/local/lib/android/sdk/platforms/android-36-ext19/data/res/values-mcc302-mnc720-tr: Cannot change mode to rwxr-xr-x: Operation not permitted
build	Cache Android SDK	2026-06-06T12:22:48.4798181Z /usr/bin/tar: ../../../../../usr/local/lib/android/sdk/platforms/android-36-ext19/data/res/values-mcc310-mnc240-ar: Cannot utime: Operation not permitted
build	Cache Android SDK	2026-06-06T12:22:48.4799391Z /usr/bin/tar: ../../../../../usr/local/lib/android/sdk/platforms/android-36-ext19/data/res/values-mcc310-mnc240-ar: Cannot change mode to rwxr-xr-x: Operation not permitted
build	Cache Android SDK	2026-06-06T12:22:48.4801200Z /usr/bin/tar: ../../../../../usr/local/lib/android/sdk/platforms/android-36-ext19/data/res/values-mcc310-mnc220-vi: Cannot utime: Operation not permitted
build	Cache Android SDK	2026-06-06T12:22:48.4802332Z /usr/bin/tar: ../../../../../usr/local/lib/android/sdk/platforms/android-36-ext19/data/res/values-mcc310-mnc220-vi: Cannot change mode to rwxr-xr-x: Operation not permitted
build	Cache Android SDK	2026-06-06T12:22:48.4804652Z /usr/bin/tar: ../../../../../usr/local/lib/android/sdk/platforms/android-36-ext19/data/res/values-mcc310-mnc310-ja: Cannot utime: Operation not permitted
build	Cache Android SDK	2026-06-06T12:22:48.4805661Z /usr/bin/tar: ../../../../../usr/local/lib/android/sdk/platforms/android-36-ext19/data/res/values-mcc310-mnc310-ja: Cannot change mode to rwxr-xr-x: Operation not permitted
build	Cache Android SDK	2026-06-06T12:22:48.4811885Z /usr/bin/tar: ../../../../../usr/local/lib/android/sdk/platforms/android-36-ext19/data/res/values-mcc310-mnc150-fr: Cannot utime: Operation not permitted
build	Cache Android SDK	2026-06-06T12:22:48.4812870Z /usr/bin/tar: ../../../../../usr/local/lib/android/sdk/platforms/android-36-ext19/data/res/values-mcc310-mnc150-fr: Cannot change mode to rwxr-xr-x: Operation not permitted
build	Cache Android SDK	2026-06-06T12:22:48.4818491Z /usr/bin/tar: ../../../../../usr/local/lib/android/sdk/platforms/android-36-ext19/data/res/values-mcc310-mnc280-iw: Cannot utime: Operation not permitted
build	Cache Android SDK	2026-06-06T12:22:48.4819478Z /usr/bin/tar: ../../../../../usr/local/lib/android/sdk/platforms/android-36-ext19/data/res/values-mcc310-mnc280-iw: Cannot change mode to rwxr-xr-x: Operation not permitted
build	Cache Android SDK	2026-06-06T12:22:48.4822005Z /usr/bin/tar: ../../../../../usr/local/lib/android/sdk/platforms/android-36-ext19/data/res/values-mcc310-mnc950-ar: Cannot utime: Operation not permitted
build	Cache Android SDK	2026-06-06T12:22:48.4822966Z /usr/bin/tar: ../../../../../usr/local/lib/android/sdk/platforms/android-36-ext19/data/res/values-mcc310-mnc950-ar: Cannot change mode to rwxr-xr-x: Operation not permitted
build	Cache Android SDK	2026-06-06T12:22:48.4825903Z /usr/bin/tar: ../../../../../usr/local/lib/android/sdk/platforms/android-36-ext19/data/res/values-mcc310-mnc160-gl: Cannot utime: Operation not permitted
build	Cache Android SDK	2026-06-06T12:22:48.4826983Z /usr/bin/tar: ../../../../../usr/local/lib/android/sdk/platforms/android-36-ext19/data/res/values-mcc310-mnc160-gl: Cannot change mode to rwxr-xr-x: Operation not permitted
build	Cache Android SDK	2026-06-06T12:22:48.4829590Z /usr/bin/tar: ../../../../../usr/local/lib/android/sdk/platforms/android-36-ext19/data/res/values-mcc310-mnc250-tr: Cannot utime: Operation not permitted
build	Cache Android SDK	2026-06-06T12:22:48.4830553Z /usr/bin/tar: ../../../../../usr/local/lib/android/sdk/platforms/android-36-ext19/data/res/values-mcc310-mnc250-tr: Cannot change mode to rwxr-xr-x: Operation not permitted
build	Cache Android SDK	2026-06-06T12:22:48.4833094Z /usr/bin/tar: ../../../../../usr/local/lib/android/sdk/platforms/android-36-ext19/data/res/values-mcc313-mnc100-es-rUS: Cannot utime: Operation not permitted
build	Cache Android SDK	2026-06-06T12:22:48.4834159Z /usr/bin/tar: ../../../../../usr/local/lib/android/sdk/platforms/android-36-ext19/data/res/values-mcc313-mnc100-es-rUS: Cannot change mode to rwxr-xr-x: Operation not permitted
build	Cache Android SDK	2026-06-06T12:22:48.4835909Z /usr/bin/tar: ../../../../../usr/local/lib/android/sdk/platforms/android-36-ext19/data/res/values-mcc310-mnc250-hy: Cannot utime: Operation not permitted
build	Cache Android SDK	2026-06-06T12:22:48.4836968Z /usr/bin/tar: ../../../../../usr/local/lib/android/sdk/platforms/android-36-ext19/data/res/values-mcc310-mnc250-hy: Cannot change mode to rwxr-xr-x: Operation not permitted
build	Cache Android SDK	2026-06-06T12:22:48.4839994Z /usr/bin/tar: ../../../../../usr/local/lib/android/sdk/platforms/android-36-ext19/data/res/values-mcc310-mnc950-in: Cannot utime: Operation not permitted
build	Cache Android SDK	2026-06-06T12:22:48.4840961Z /usr/bin/tar: ../../../../../usr/local/lib/android/sdk/platforms/android-36-ext19/data/res/values-mcc310-mnc950-in: Cannot change mode to rwxr-xr-x: Operation not permitted
build	Cache Android SDK	2026-06-06T12:22:48.4843203Z /usr/bin/tar: ../../../../../usr/local/lib/android/sdk/platforms/android-36-ext19/data/res/values-mcc310-mnc270-sk: Cannot utime: Operation not permitted
build	Cache Android SDK	2026-06-06T12:22:48.4844264Z /usr/bin/tar: ../../../../../usr/local/lib/android/sdk/platforms/android-36-ext19/data/res/values-mcc310-mnc270-sk: Cannot change mode to rwxr-xr-x: Operation not permitted
build	Cache Android SDK	2026-06-06T12:22:48.4846908Z /usr/bin/tar: ../../../../../usr/local/lib/android/sdk/platforms/android-36-ext19/data/res/values-mcc310-mnc230-iw: Cannot utime: Operation not permitted
build	Cache Android SDK	2026-06-06T12:22:48.4848303Z /usr/bin/tar: ../../../../../usr/local/lib/android/sdk/platforms/android-36-ext19/data/res/values-mcc310-mnc230-iw: Cannot change mode to rwxr-xr-x: Operation not permitted
build	Cache Android SDK	2026-06-06T12:22:48.4849831Z /usr/bin/tar: ../../../../../usr/local/lib/android/sdk/platforms/android-36-ext19/data/res/values-mcc310-mnc230-en-rAU: Cannot utime: Operation not permitted
build	Cache Android SDK	2026-06-06T12:22:48.4850812Z /usr/bin/tar: ../../../../../usr/local/lib/android/sdk/platforms/android-36-ext19/data/res/values-mcc310-mnc230-en-rAU: Cannot change mode to rwxr-xr-x: Operation not permitted
build	Cache Android SDK	2026-06-06T12:22:48.4852796Z /usr/bin/tar: ../../../../../usr/local/lib/android/sdk/platforms/android-36-ext19/data/res/values-ru-rRU: Cannot utime: Operation not permitted
build	Cache Android SDK	2026-06-06T12:22:48.4853782Z /usr/bin/tar: ../../../../../usr/local/lib/android/sdk/platforms/android-36-ext19/data/res/values-ru-rRU: Cannot change mode to rwxr-xr-x: Operation not permitted
build	Cache Android SDK	2026-06-06T12:22:48.4860449Z /usr/bin/tar: ../../../../../usr/local/lib/android/sdk/platforms/android-36-ext19/data/res/values-uk: Cannot utime: Operation not permitted
build	Cache Android SDK	2026-06-06T12:22:48.4861350Z /usr/bin/tar: ../../../../../usr/local/lib/android/sdk/platforms/android-36-ext19/data/res/values-uk: Cannot change mode to rwxr-xr-x: Operation not permitted
build	Cache Android SDK	2026-06-06T12:22:48.4864482Z /usr/bin/tar: ../../../../../usr/local/lib/android/sdk/platforms/android-36-ext19/data/res/values-mcc310-mnc310-sv: Cannot utime: Operation not permitted
build	Cache Android SDK	2026-06-06T12:22:48.4865446Z /usr/bin/tar: ../../../../../usr/local/lib/android/sdk/platforms/android-36-ext19/data/res/values-mcc310-mnc310-sv: Cannot change mode to rwxr-xr-x: Operation not permitted
build	Cache Android SDK	2026-06-06T12:22:48.4866909Z /usr/bin/tar: ../../../../../usr/local/lib/android/sdk/platforms/android-36-ext19/data/res/values-mcc310-mnc230-it: Cannot utime: Operation not permitted
build	Cache Android SDK	2026-06-06T12:22:48.4868279Z /usr/bin/tar: ../../../../../usr/local/lib/android/sdk/platforms/android-36-ext19/data/res/values-mcc310-mnc230-it: Cannot change mode to rwxr-xr-x: Operation not permitted
build	Cache Android SDK	2026-06-06T12:22:48.4870984Z /usr/bin/tar: ../../../../../usr/local/lib/android/sdk/platforms/android-36-ext19/data/res/values-eu-television: Cannot utime: Operation not permitted
build	Cache Android SDK	2026-06-06T12:22:48.4871933Z /usr/bin/tar: ../../../../../usr/local/lib/android/sdk/platforms/android-36-ext19/data/res/values-eu-television: Cannot change mode to rwxr-xr-x: Operation not permitted
build	Cache Android SDK	2026-06-06T12:22:48.4874067Z /usr/bin/tar: ../../../../../usr/local/lib/android/sdk/platforms/android-36-ext19/data/res/values-zh-rHK-television: Cannot utime: Operation not permitted
build	Cache Android SDK	2026-06-06T12:22:48.4875047Z /usr/bin/tar: ../../../../../usr/local/lib/android/sdk/platforms/android-36-ext19/data/res/values-zh-rHK-television: Cannot change mode to rwxr-xr-x: Operation not permitted
build	Cache Android SDK	2026-06-06T12:22:48.4877155Z /usr/bin/tar: ../../../../../usr/local/lib/android/sdk/platforms/android-36-ext19/data/res/values-mcc310-mnc490-cs: Cannot utime: Operation not permitted
build	Cache Android SDK	2026-06-06T12:22:48.4877845Z /usr/bin/tar: ../../../../../usr/local/lib/android/sdk/platforms/android-36-ext19/data/res/values-mcc310-mnc490-cs: Cannot change mode to rwxr-xr-x: Operation not permitted
build	Cache Android SDK	2026-06-06T12:22:48.4880991Z /usr/bin/tar: ../../../../../usr/local/lib/android/sdk/platforms/android-36-ext19/data/res/values-mcc310-mnc800-zh-rTW: Cannot utime: Operation not permitted
build	Cache Android SDK	2026-06-06T12:22:48.4881487Z /usr/bin/tar: ../../../../../usr/local/lib/android/sdk/platforms/android-36-ext19/data/res/values-mcc310-mnc800-zh-rTW: Cannot change mode to rwxr-xr-x: Operation not permitted
build	Cache Android SDK	2026-06-06T12:22:48.4884290Z /usr/bin/tar: ../../../../../usr/local/lib/android/sdk/platforms/android-36-ext19/data/res/values-es-rPA: Cannot utime: Operation not permitted
build	Cache Android SDK	2026-06-06T12:22:48.4884795Z /usr/bin/tar: ../../../../../usr/local/lib/android/sdk/platforms/android-36-ext19/data/res/values-es-rPA: Cannot change mode to rwxr-xr-x: Operation not permitted
build	Cache Android SDK	2026-06-06T12:22:48.4887190Z /usr/bin/tar: ../../../../../usr/local/lib/android/sdk/platforms/android-36-ext19/data/res/values-mcc001-mnc01-mk: Cannot utime: Operation not permitted
build	Cache Android SDK	2026-06-06T12:22:48.4887742Z /usr/bin/tar: ../../../../../usr/local/lib/android/sdk/platforms/android-36-ext19/data/res/values-mcc001-mnc01-mk: Cannot change mode to rwxr-xr-x: Operation not permitted
build	Cache Android SDK	2026-06-06T12:22:48.4890392Z /usr/bin/tar: ../../../../../usr/local/lib/android/sdk/platforms/android-36-ext19/data/res/values-mk-watch: Cannot utime: Operation not permitted
build	Cache Android SDK	2026-06-06T12:22:48.4890842Z /usr/bin/tar: ../../../../../usr/local/lib/android/sdk/platforms/android-36-ext19/data/res/values-mk-watch: Cannot change mode to rwxr-xr-x: Operation not permitted
build	Cache Android SDK	2026-06-06T12:22:48.4893776Z /usr/bin/tar: ../../../../../usr/local/lib/android/sdk/platforms/android-36-ext19/data/res/values-mcc310-mnc150-am: Cannot utime: Operation not permitted
build	Cache Android SDK	2026-06-06T12:22:48.4894309Z /usr/bin/tar: ../../../../../usr/local/lib/android/sdk/platforms/android-36-ext19/data/res/values-mcc310-mnc150-am: Cannot change mode to rwxr-xr-x: Operation not permitted
build	Cache Android SDK	2026-06-06T12:22:48.4896697Z /usr/bin/tar: ../../../../../usr/local/lib/android/sdk/platforms/android-36-ext19/data/res/values-mcc310-mnc250-hr: Cannot utime: Operation not permitted
build	Cache Android SDK	2026-06-06T12:22:48.4897162Z /usr/bin/tar: ../../../../../usr/local/lib/android/sdk/platforms/android-36-ext19/data/res/values-mcc310-mnc250-hr: Cannot change mode to rwxr-xr-x: Operation not permitted
build	Cache Android SDK	2026-06-06T12:22:48.4899829Z /usr/bin/tar: ../../../../../usr/local/lib/android/sdk/platforms/android-36-ext19/data/res/values-mcc334-mnc020-fr: Cannot utime: Operation not permitted
build	Cache Android SDK	2026-06-06T12:22:48.4900297Z /usr/bin/tar: ../../../../../usr/local/lib/android/sdk/platforms/android-36-ext19/data/res/values-mcc334-mnc020-fr: Cannot change mode to rwxr-xr-x: Operation not permitted
build	Cache Android SDK	2026-06-06T12:22:48.4903084Z /usr/bin/tar: ../../../../../usr/local/lib/android/sdk/platforms/android-36-ext19/data/res/values-mcc310-mnc220-uk: Cannot utime: Operation not permitted
build	Cache Android SDK	2026-06-06T12:22:48.4903542Z /usr/bin/tar: ../../../../../usr/local/lib/android/sdk/platforms/android-36-ext19/data/res/values-mcc310-mnc220-uk: Cannot change mode to rwxr-xr-x: Operation not permitted
build	Cache Android SDK	2026-06-06T12:22:48.4906466Z /usr/bin/tar: ../../../../../usr/local/lib/android/sdk/platforms/android-36-ext19/data/res/values-mcc313-mnc100-te: Cannot utime: Operation not permitted
build	Cache Android SDK	2026-06-06T12:22:48.4906929Z /usr/bin/tar: ../../../../../usr/local/lib/android/sdk/platforms/android-36-ext19/data/res/values-mcc313-mnc100-te: Cannot change mode to rwxr-xr-x: Operation not permitted
build	Cache Android SDK	2026-06-06T12:22:48.4909709Z /usr/bin/tar: ../../../../../usr/local/lib/android/sdk/platforms/android-36-ext19/data/res/values-si-watch: Cannot utime: Operation not permitted
build	Cache Android SDK	2026-06-06T12:22:48.4910161Z /usr/bin/tar: ../../../../../usr/local/lib/android/sdk/platforms/android-36-ext19/data/res/values-si-watch: Cannot change mode to rwxr-xr-x: Operation not permitted
build	Cache Android SDK	2026-06-06T12:22:48.4912510Z /usr/bin/tar: ../../../../../usr/local/lib/android/sdk/platforms/android-36-ext19/data/res/values-mcc310-mnc270-lo: Cannot utime: Operation not permitted
build	Cache Android SDK	2026-06-06T12:22:48.4912969Z /usr/bin/tar: ../../../../../usr/local/lib/android/sdk/platforms/android-36-ext19/data/res/values-mcc310-mnc270-lo: Cannot change mode to rwxr-xr-x: Operation not permitted
build	Cache Android SDK	2026-06-06T12:22:48.4915478Z /usr/bin/tar: ../../../../../usr/local/lib/android/sdk/platforms/android-36-ext19/data/res/values-mcc310-mnc170-km: Cannot utime: Operation not permitted
build	Cache Android SDK	2026-06-06T12:22:48.4915951Z /usr/bin/tar: ../../../../../usr/local/lib/android/sdk/platforms/android-36-ext19/data/res/values-mcc310-mnc170-km: Cannot change mode to rwxr-xr-x: Operation not permitted
build	Cache Android SDK	2026-06-06T12:22:48.4918969Z /usr/bin/tar: ../../../../../usr/local/lib/android/sdk/platforms/android-36-ext19/data/res/values-mcc310-mnc660-af: Cannot utime: Operation not permitted
build	Cache Android SDK	2026-06-06T12:22:48.4919445Z /usr/bin/tar: ../../../../../usr/local/lib/android/sdk/platforms/android-36-ext19/data/res/values-mcc310-mnc660-af: Cannot change mode to rwxr-xr-x: Operation not permitted
build	Cache Android SDK	2026-06-06T12:22:48.4922491Z /usr/bin/tar: ../../../../../usr/local/lib/android/sdk/platforms/android-36-ext19/data/res/values-mcc001-mnc01-it: Cannot utime: Operation not permitted
build	Cache Android SDK	2026-06-06T12:22:48.4922952Z /usr/bin/tar: ../../../../../usr/local/lib/android/sdk/platforms/android-36-ext19/data/res/values-mcc001-mnc01-it: Cannot change mode to rwxr-xr-x: Operation not permitted
build	Cache Android SDK	2026-06-06T12:22:48.4925799Z /usr/bin/tar: ../../../../../usr/local/lib/android/sdk/platforms/android-36-ext19/data/res/values-mcc310-mnc280-th: Cannot utime: Operation not permitted
build	Cache Android SDK	2026-06-06T12:22:48.4926386Z /usr/bin/tar: ../../../../../usr/local/lib/android/sdk/platforms/android-36-ext19/data/res/values-mcc310-mnc280-th: Cannot change mode to rwxr-xr-x: Operation not permitted
build	Cache Android SDK	2026-06-06T12:22:48.4929618Z /usr/bin/tar: ../../../../../usr/local/lib/android/sdk/platforms/android-36-ext19/data/res/values-mcc310-mnc380-mk: Cannot utime: Operation not permitted
build	Cache Android SDK	2026-06-06T12:22:48.4930092Z /usr/bin/tar: ../../../../../usr/local/lib/android/sdk/platforms/android-36-ext19/data/res/values-mcc310-mnc380-mk: Cannot change mode to rwxr-xr-x: Operation not permitted
build	Cache Android SDK	2026-06-06T12:22:48.4932461Z /usr/bin/tar: ../../../../../usr/local/lib/android/sdk/platforms/android-36-ext19/data/res/values-mcc310-mnc250-is: Cannot utime: Operation not permitted
build	Cache Android SDK	2026-06-06T12:22:48.4932926Z /usr/bin/tar: ../../../../../usr/local/lib/android/sdk/platforms/android-36-ext19/data/res/values-mcc310-mnc250-is: Cannot change mode to rwxr-xr-x: Operation not permitted
build	Cache Android SDK	2026-06-06T12:22:48.4936177Z /usr/bin/tar: ../../../../../usr/local/lib/android/sdk/platforms/android-36-ext19/data/res/values-th-rTH: Cannot utime: Operation not permitted
build	Cache Android SDK	2026-06-06T12:22:48.4936621Z /usr/bin/tar: ../../../../../usr/local/lib/android/sdk/platforms/android-36-ext19/data/res/values-th-rTH: Cannot change mode to rwxr-xr-x: Operation not permitted
build	Cache Android SDK	2026-06-06T12:22:48.4939523Z /usr/bin/tar: ../../../../../usr/local/lib/android/sdk/platforms/android-36-ext19/data/res/values-mcc310-mnc560-ml: Cannot utime: Operation not permitted
build	Cache Android SDK	2026-06-06T12:22:48.4939990Z /usr/bin/tar: ../../../../../usr/local/lib/android/sdk/platforms/android-36-ext19/data/res/values-mcc310-mnc560-ml: Cannot change mode to rwxr-xr-x: Operation not permitted
build	Cache Android SDK	2026-06-06T12:22:48.4942769Z /usr/bin/tar: ../../../../../usr/local/lib/android/sdk/platforms/android-36-ext19/data/res/values-mcc310-mnc210-th: Cannot utime: Operation not permitted
build	Cache Android SDK	2026-06-06T12:22:48.4943231Z /usr/bin/tar: ../../../../../usr/local/lib/android/sdk/platforms/android-36-ext19/data/res/values-mcc310-mnc210-th: Cannot change mode to rwxr-xr-x: Operation not permitted
build	Cache Android SDK	2026-06-06T12:22:48.4946711Z /usr/bin/tar: ../../../../../usr/local/lib/android/sdk/platforms/android-36-ext19/data/res/values-mcc310-mnc380-sr: Cannot utime: Operation not permitted
build	Cache Android SDK	2026-06-06T12:22:48.4947185Z /usr/bin/tar: ../../../../../usr/local/lib/android/sdk/platforms/android-36-ext19/data/res/values-mcc310-mnc380-sr: Cannot change mode to rwxr-xr-x: Operation not permitted
build	Cache Android SDK	2026-06-06T12:22:48.4950078Z /usr/bin/tar: ../../../../../usr/local/lib/android/sdk/platforms/android-36-ext19/data/res/values-mcc310-mnc410-et: Cannot utime: Operation not permitted
build	Cache Android SDK	2026-06-06T12:22:48.4950541Z /usr/bin/tar: ../../../../../usr/local/lib/android/sdk/platforms/android-36-ext19/data/res/values-mcc310-mnc410-et: Cannot change mode to rwxr-xr-x: Operation not permitted
build	Cache Android SDK	2026-06-06T12:22:48.4953449Z /usr/bin/tar: ../../../../../usr/local/lib/android/sdk/platforms/android-36-ext19/data/res/values-mcc310-mnc380-uz: Cannot utime: Operation not permitted
build	Cache Android SDK	2026-06-06T12:22:48.4954172Z /usr/bin/tar: ../../../../../usr/local/lib/android/sdk/platforms/android-36-ext19/data/res/values-mcc310-mnc380-uz: Cannot change mode to rwxr-xr-x: Operation not permitted
build	Cache Android SDK	2026-06-06T12:22:48.4956633Z /usr/bin/tar: ../../../../../usr/local/lib/android/sdk/platforms/android-36-ext19/data/res/values-mcc311-mnc180-gu: Cannot utime: Operation not permitted
build	Cache Android SDK	2026-06-06T12:22:48.4957107Z /usr/bin/tar: ../../../../../usr/local/lib/android/sdk/platforms/android-36-ext19/data/res/values-mcc311-mnc180-gu: Cannot change mode to rwxr-xr-x: Operation not permitted
build	Cache Android SDK	2026-06-06T12:22:48.4959502Z /usr/bin/tar: ../../../../../usr/local/lib/android/sdk/platforms/android-36-ext19/data/res/values-mcc311-mnc180-is: Cannot utime: Operation not permitted
build	Cache Android SDK	2026-06-06T12:22:48.4959969Z /usr/bin/tar: ../../../../../usr/local/lib/android/sdk/platforms/android-36-ext19/data/res/values-mcc311-mnc180-is: Cannot change mode to rwxr-xr-x: Operation not permitted
build	Cache Android SDK	2026-06-06T12:22:48.4962715Z /usr/bin/tar: ../../../../../usr/local/lib/android/sdk/platforms/android-36-ext19/data/res/values-mcc312-mnc670-ml: Cannot utime: Operation not permitted
build	Cache Android SDK	2026-06-06T12:22:48.4963282Z /usr/bin/tar: ../../../../../usr/local/lib/android/sdk/platforms/android-36-ext19/data/res/values-mcc312-mnc670-ml: Cannot change mode to rwxr-xr-x: Operation not permitted
build	Cache Android SDK	2026-06-06T12:22:48.4969610Z /usr/bin/tar: ../../../../../usr/local/lib/android/sdk/platforms/android-36-ext19/data/res/values-mcc310-mnc170-sr: Cannot utime: Operation not permitted
build	Cache Android SDK	2026-06-06T12:22:48.4970202Z /usr/bin/tar: ../../../../../usr/local/lib/android/sdk/platforms/android-36-ext19/data/res/values-mcc310-mnc170-sr: Cannot change mode to rwxr-xr-x: Operation not permitted
build	Cache Android SDK	2026-06-06T12:22:48.4971054Z /usr/bin/tar: ../../../../../usr/local/lib/android/sdk/platforms/android-36-ext19/data/res/values-mcc311: Cannot utime: Operation not permitted
build	Cache Android SDK	2026-06-06T12:22:48.4971591Z /usr/bin/tar: ../../../../../usr/local/lib/android/sdk/platforms/android-36-ext19/data/res/values-mcc311: Cannot change mode to rwxr-xr-x: Operation not permitted
build	Cache Android SDK	2026-06-06T12:22:48.4974470Z /usr/bin/tar: ../../../../../usr/local/lib/android/sdk/platforms/android-36-ext19/data/res/values-es-watch: Cannot utime: Operation not permitted
build	Cache Android SDK	2026-06-06T12:22:48.4975114Z /usr/bin/tar: ../../../../../usr/local/lib/android/sdk/platforms/android-36-ext19/data/res/values-es-watch: Cannot change mode to rwxr-xr-x: Operation not permitted
build	Cache Android SDK	2026-06-06T12:22:48.5125891Z /usr/bin/tar: ../../../../../usr/local/lib/android/sdk/platforms/android-36-ext19/data/res/layout: Cannot utime: Operation not permitted
build	Cache Android SDK	2026-06-06T12:22:48.5126705Z /usr/bin/tar: ../../../../../usr/local/lib/android/sdk/platforms/android-36-ext19/data/res/layout: Cannot change mode to rwxr-xr-x: Operation not permitted
build	Cache Android SDK	2026-06-06T12:22:48.5127832Z /usr/bin/tar: ../../../../../usr/local/lib/android/sdk/platforms/android-36-ext19/data/res/values-mcc311-mnc180-zh-rCN: Cannot utime: Operation not permitted
build	Cache Android SDK	2026-06-06T12:22:48.5128338Z /usr/bin/tar: ../../../../../usr/local/lib/android/sdk/platforms/android-36-ext19/data/res/values-mcc311-mnc180-zh-rCN: Cannot change mode to rwxr-xr-x: Operation not permitted
build	Cache Android SDK	2026-06-06T12:22:48.5131574Z /usr/bin/tar: ../../../../../usr/local/lib/android/sdk/platforms/android-36-ext19/data/res/values-mcc310-mnc150-hi: Cannot utime: Operation not permitted
build	Cache Android SDK	2026-06-06T12:22:48.5132294Z /usr/bin/tar: ../../../../../usr/local/lib/android/sdk/platforms/android-36-ext19/data/res/values-mcc310-mnc150-hi: Cannot change mode to rwxr-xr-x: Operation not permitted
build	Cache Android SDK	2026-06-06T12:22:48.5134710Z /usr/bin/tar: ../../../../../usr/local/lib/android/sdk/platforms/android-36-ext19/data/res/values-mcc310-mnc490-it: Cannot utime: Operation not permitted
build	Cache Android SDK	2026-06-06T12:22:48.5135210Z /usr/bin/tar: ../../../../../usr/local/lib/android/sdk/platforms/android-36-ext19/data/res/values-mcc310-mnc490-it: Cannot change mode to rwxr-xr-x: Operation not permitted
build	Cache Android SDK	2026-06-06T12:22:48.5137335Z /usr/bin/tar: ../../../../../usr/local/lib/android/sdk/platforms/android-36-ext19/data/res/values-mcc334-mnc020-ru: Cannot utime: Operation not permitted
build	Cache Android SDK	2026-06-06T12:22:48.5138128Z /usr/bin/tar: ../../../../../usr/local/lib/android/sdk/platforms/android-36-ext19/data/res/values-mcc334-mnc020-ru: Cannot change mode to rwxr-xr-x: Operation not permitted
build	Cache Android SDK	2026-06-06T12:22:48.5141231Z /usr/bin/tar: ../../../../../usr/local/lib/android/sdk/platforms/android-36-ext19/data/res/values-mcc310-mnc280-ta: Cannot utime: Operation not permitted
build	Cache Android SDK	2026-06-06T12:22:48.5141718Z /usr/bin/tar: ../../../../../usr/local/lib/android/sdk/platforms/android-36-ext19/data/res/values-mcc310-mnc280-ta: Cannot change mode to rwxr-xr-x: Operation not permitted
build	Cache Android SDK	2026-06-06T12:22:48.5143977Z /usr/bin/tar: ../../../../../usr/local/lib/android/sdk/platforms/android-36-ext19/data/res/values-ne-watch: Cannot utime: Operation not permitted
build	Cache Android SDK	2026-06-06T12:22:48.5144440Z /usr/bin/tar: ../../../../../usr/local/lib/android/sdk/platforms/android-36-ext19/data/res/values-ne-watch: Cannot change mode to rwxr-xr-x: Operation not permitted
build	Cache Android SDK	2026-06-06T12:22:48.5147000Z /usr/bin/tar: ../../../../../usr/local/lib/android/sdk/platforms/android-36-ext19/data/res/values-mcc310-mnc200-ml: Cannot utime: Operation not permitted
build	Cache Android SDK	2026-06-06T12:22:48.5147933Z /usr/bin/tar: ../../../../../usr/local/lib/android/sdk/platforms/android-36-ext19/data/res/values-mcc310-mnc200-ml: Cannot change mode to rwxr-xr-x: Operation not permitted
build	Cache Android SDK	2026-06-06T12:22:48.5150068Z /usr/bin/tar: ../../../../../usr/local/lib/android/sdk/platforms/android-36-ext19/data/res/values-mcc310-mnc280-nb: Cannot utime: Operation not permitted
build	Cache Android SDK	2026-06-06T12:22:48.5150552Z /usr/bin/tar: ../../../../../usr/local/lib/android/sdk/platforms/android-36-ext19/data/res/values-mcc310-mnc280-nb: Cannot change mode to rwxr-xr-x: Operation not permitted
build	Cache Android SDK	2026-06-06T12:22:48.5153335Z /usr/bin/tar: ../../../../../usr/local/lib/android/sdk/platforms/android-36-ext19/data/res/values-mcc302-mnc370-pt-rPT: Cannot utime: Operation not permitted
build	Cache Android SDK	2026-06-06T12:22:48.5154248Z /usr/bin/tar: ../../../../../usr/local/lib/android/sdk/platforms/android-36-ext19/data/res/values-mcc302-mnc370-pt-rPT: Cannot change mode to rwxr-xr-x: Operation not permitted
build	Cache Android SDK	2026-06-06T12:22:48.5180684Z /usr/bin/tar: ../../../../../usr/local/lib/android/sdk/platforms/android-36-ext19/data/res/drawable-sw600dp-nodpi: Cannot utime: Operation not permitted
build	Cache Android SDK	2026-06-06T12:22:48.5181326Z /usr/bin/tar: ../../../../../usr/local/lib/android/sdk/platforms/android-36-ext19/data/res/drawable-sw600dp-nodpi: Cannot change mode to rwxr-xr-x: Operation not permitted
build	Cache Android SDK	2026-06-06T12:22:48.5184619Z /usr/bin/tar: ../../../../../usr/local/lib/android/sdk/platforms/android-36-ext19/data/res/values-mcc310-mnc490-mr: Cannot utime: Operation not permitted
build	Cache Android SDK	2026-06-06T12:22:48.5185101Z /usr/bin/tar: ../../../../../usr/local/lib/android/sdk/platforms/android-36-ext19/data/res/values-mcc310-mnc490-mr: Cannot change mode to rwxr-xr-x: Operation not permitted
build	Cache Android SDK	2026-06-06T12:22:48.5187965Z /usr/bin/tar: ../../../../../usr/local/lib/android/sdk/platforms/android-36-ext19/data/res/values-mcc310-mnc200-ms: Cannot utime: Operation not permitted
build	Cache Android SDK	2026-06-06T12:22:48.5188449Z /usr/bin/tar: ../../../../../usr/local/lib/android/sdk/platforms/android-36-ext19/data/res/values-mcc310-mnc200-ms: Cannot change mode to rwxr-xr-x: Operation not permitted
build	Cache Android SDK	2026-06-06T12:22:48.5191045Z /usr/bin/tar: ../../../../../usr/local/lib/android/sdk/platforms/android-36-ext19/data/res/values-mcc313-mnc100-fa: Cannot utime: Operation not permitted
build	Cache Android SDK	2026-06-06T12:22:48.5191512Z /usr/bin/tar: ../../../../../usr/local/lib/android/sdk/platforms/android-36-ext19/data/res/values-mcc313-mnc100-fa: Cannot change mode to rwxr-xr-x: Operation not permitted
build	Cache Android SDK	2026-06-06T12:22:48.5194010Z /usr/bin/tar: ../../../../../usr/local/lib/android/sdk/platforms/android-36-ext19/data/res/values-mcc310-mnc490-bs: Cannot utime: Operation not permitted
build	Cache Android SDK	2026-06-06T12:22:48.5194477Z /usr/bin/tar: ../../../../../usr/local/lib/android/sdk/platforms/android-36-ext19/data/res/values-mcc310-mnc490-bs: Cannot change mode to rwxr-xr-x: Operation not permitted
build	Cache Android SDK	2026-06-06T12:22:48.5196998Z /usr/bin/tar: ../../../../../usr/local/lib/android/sdk/platforms/android-36-ext19/data/res/values-sw900dp: Cannot utime: Operation not permitted
build	Cache Android SDK	2026-06-06T12:22:48.5198455Z /usr/bin/tar: ../../../../../usr/local/lib/android/sdk/platforms/android-36-ext19/data/res/values-sw900dp: Cannot change mode to rwxr-xr-x: Operation not permitted
build	Cache Android SDK	2026-06-06T12:22:48.5200072Z /usr/bin/tar: ../../../../../usr/local/lib/android/sdk/platforms/android-36-ext19/data/res/values-mcc302-mnc720-mn: Cannot utime: Operation not permitted
build	Cache Android SDK	2026-06-06T12:22:48.5202714Z /usr/bin/tar: ../../../../../usr/local/lib/android/sdk/platforms/android-36-ext19/data/res/values-mcc302-mnc720-mn: Cannot change mode to rwxr-xr-x: Operation not permitted
build	Cache Android SDK	2026-06-06T12:22:48.5203134Z /usr/bin/tar: ../../../../../usr/local/lib/android/sdk/platforms/android-36-ext19/data/res/values-mcc302-mnc720-or: Cannot utime: Operation not permitted
build	Cache Android SDK	2026-06-06T12:22:48.5203595Z /usr/bin/tar: ../../../../../usr/local/lib/android/sdk/platforms/android-36-ext19/data/res/values-mcc302-mnc720-or: Cannot change mode to rwxr-xr-x: Operation not permitted
build	Cache Android SDK	2026-06-06T12:22:48.5205636Z /usr/bin/tar: ../../../../../usr/local/lib/android/sdk/platforms/android-36-ext19/data/res/values-mcc310-mnc220-es: Cannot utime: Operation not permitted
build	Cache Android SDK	2026-06-06T12:22:48.5206109Z /usr/bin/tar: ../../../../../usr/local/lib/android/sdk/platforms/android-36-ext19/data/res/values-mcc310-mnc220-es: Cannot change mode to rwxr-xr-x: Operation not permitted
build	Cache Android SDK	2026-06-06T12:22:48.5208723Z /usr/bin/tar: ../../../../../usr/local/lib/android/sdk/platforms/android-36-ext19/data/res/values-mcc310-mnc410-da: Cannot utime: Operation not permitted
build	Cache Android SDK	2026-06-06T12:22:48.5209193Z /usr/bin/tar: ../../../../../usr/local/lib/android/sdk/platforms/android-36-ext19/data/res/values-mcc310-mnc410-da: Cannot change mode to rwxr-xr-x: Operation not permitted
build	Cache Android SDK	2026-06-06T12:22:48.5212195Z /usr/bin/tar: ../../../../../usr/local/lib/android/sdk/platforms/android-36-ext19/data/res/values-mcc310-mnc030-iw: Cannot utime: Operation not permitted
build	Cache Android SDK	2026-06-06T12:22:48.5212656Z /usr/bin/tar: ../../../../../usr/local/lib/android/sdk/platforms/android-36-ext19/data/res/values-mcc310-mnc030-iw: Cannot change mode to rwxr-xr-x: Operation not permitted
build	Cache Android SDK	2026-06-06T12:22:48.5215133Z /usr/bin/tar: ../../../../../usr/local/lib/android/sdk/platforms/android-36-ext19/data/res/values-mcc312-mnc670-as: Cannot utime: Operation not permitted
build	Cache Android SDK	2026-06-06T12:22:48.5215594Z /usr/bin/tar: ../../../../../usr/local/lib/android/sdk/platforms/android-36-ext19/data/res/values-mcc312-mnc670-as: Cannot change mode to rwxr-xr-x: Operation not permitted
build	Cache Android SDK	2026-06-06T12:22:48.5218237Z /usr/bin/tar: ../../../../../usr/local/lib/android/sdk/platforms/android-36-ext19/data/res/values-mcc310-mnc150-ms: Cannot utime: Operation not permitted
build	Cache Android SDK	2026-06-06T12:22:48.5218705Z /usr/bin/tar: ../../../../../usr/local/lib/android/sdk/platforms/android-36-ext19/data/res/values-mcc310-mnc150-ms: Cannot change mode to rwxr-xr-x: Operation not permitted
build	Cache Android SDK	2026-06-06T12:22:48.5221090Z /usr/bin/tar: ../../../../../usr/local/lib/android/sdk/platforms/android-36-ext19/data/res/values-mcc214-mnc01: Cannot utime: Operation not permitted
build	Cache Android SDK	2026-06-06T12:22:48.5221557Z /usr/bin/tar: ../../../../../usr/local/lib/android/sdk/platforms/android-36-ext19/data/res/values-mcc214-mnc01: Cannot change mode to rwxr-xr-x: Operation not permitted
build	Cache Android SDK	2026-06-06T12:22:48.5223977Z /usr/bin/tar: ../../../../../usr/local/lib/android/sdk/platforms/android-36-ext19/data/res/values-ro-watch: Cannot utime: Operation not permitted
build	Cache Android SDK	2026-06-06T12:22:48.5224412Z /usr/bin/tar: ../../../../../usr/local/lib/android/sdk/platforms/android-36-ext19/data/res/values-ro-watch: Cannot change mode to rwxr-xr-x: Operation not permitted
build	Cache Android SDK	2026-06-06T12:22:48.5226864Z /usr/bin/tar: ../../../../../usr/local/lib/android/sdk/platforms/android-36-ext19/data/res/values-mcc334-mnc020-bg: Cannot utime: Operation not permitted
build	Cache Android SDK	2026-06-06T12:22:48.5227340Z /usr/bin/tar: ../../../../../usr/local/lib/android/sdk/platforms/android-36-ext19/data/res/values-mcc334-mnc020-bg: Cannot change mode to rwxr-xr-x: Operation not permitted
build	Cache Android SDK	2026-06-06T12:22:48.5229896Z /usr/bin/tar: ../../../../../usr/local/lib/android/sdk/platforms/android-36-ext19/data/res/values-mcc001-mnc01-pt: Cannot utime: Operation not permitted
build	Cache Android SDK	2026-06-06T12:22:48.5230373Z /usr/bin/tar: ../../../../../usr/local/lib/android/sdk/platforms/android-36-ext19/data/res/values-mcc001-mnc01-pt: Cannot change mode to rwxr-xr-x: Operation not permitted
build	Cache Android SDK	2026-06-06T12:22:48.5233015Z /usr/bin/tar: ../../../../../usr/local/lib/android/sdk/platforms/android-36-ext19/data/res/values-mcc310-mnc280-pt-rBR: Cannot utime: Operation not permitted
build	Cache Android SDK	2026-06-06T12:22:48.5233499Z /usr/bin/tar: ../../../../../usr/local/lib/android/sdk/platforms/android-36-ext19/data/res/values-mcc310-mnc280-pt-rBR: Cannot change mode to rwxr-xr-x: Operation not permitted
build	Cache Android SDK	2026-06-06T12:22:48.5235836Z /usr/bin/tar: ../../../../../usr/local/lib/android/sdk/platforms/android-36-ext19/data/res/values-mcc310-mnc170-uk: Cannot utime: Operation not permitted
build	Cache Android SDK	2026-06-06T12:22:48.5236302Z /usr/bin/tar: ../../../../../usr/local/lib/android/sdk/platforms/android-36-ext19/data/res/values-mcc310-mnc170-uk: Cannot change mode to rwxr-xr-x: Operation not permitted
build	Cache Android SDK	2026-06-06T12:22:48.5239618Z /usr/bin/tar: ../../../../../usr/local/lib/android/sdk/platforms/android-36-ext19/data/res/values-mcc302-mnc370-lv: Cannot utime: Operation not permitted
build	Cache Android SDK	2026-06-06T12:22:48.5240089Z /usr/bin/tar: ../../../../../usr/local/lib/android/sdk/platforms/android-36-ext19/data/res/values-mcc302-mnc370-lv: Cannot change mode to rwxr-xr-x: Operation not permitted
build	Cache Android SDK	2026-06-06T12:22:48.5242377Z /usr/bin/tar: ../../../../../usr/local/lib/android/sdk/platforms/android-36-ext19/data/res/values-mcc310-mnc160-vi: Cannot utime: Operation not permitted
build	Cache Android SDK	2026-06-06T12:22:48.5242834Z /usr/bin/tar: ../../../../../usr/local/lib/android/sdk/platforms/android-36-ext19/data/res/values-mcc310-mnc160-vi: Cannot change mode to rwxr-xr-x: Operation not permitted
build	Cache Android SDK	2026-06-06T12:22:48.5249731Z /usr/bin/tar: ../../../../../usr/local/lib/android/sdk/platforms/android-36-ext19/data/res/values-kk: Cannot utime: Operation not permitted
build	Cache Android SDK	2026-06-06T12:22:48.5250782Z /usr/bin/tar: ../../../../../usr/local/lib/android/sdk/platforms/android-36-ext19/data/res/values-kk: Cannot change mode to rwxr-xr-x: Operation not permitted
build	Cache Android SDK	2026-06-06T12:22:48.5253623Z /usr/bin/tar: ../../../../../usr/local/lib/android/sdk/platforms/android-36-ext19/data/res/values-mcc310-mnc560-sl: Cannot utime: Operation not permitted
build	Cache Android SDK	2026-06-06T12:22:48.5254085Z /usr/bin/tar: ../../../../../usr/local/lib/android/sdk/platforms/android-36-ext19/data/res/values-mcc310-mnc560-sl: Cannot change mode to rwxr-xr-x: Operation not permitted
build	Cache Android SDK	2026-06-06T12:22:48.5256413Z /usr/bin/tar: ../../../../../usr/local/lib/android/sdk/platforms/android-36-ext19/data/res/values-zh-rTW-watch: Cannot utime: Operation not permitted
build	Cache Android SDK	2026-06-06T12:22:48.5256893Z /usr/bin/tar: ../../../../../usr/local/lib/android/sdk/platforms/android-36-ext19/data/res/values-zh-rTW-watch: Cannot change mode to rwxr-xr-x: Operation not permitted
build	Cache Android SDK	2026-06-06T12:22:48.5259405Z /usr/bin/tar: ../../../../../usr/local/lib/android/sdk/platforms/android-36-ext19/data/res/values-mcc001-mnc01-ta: Cannot utime: Operation not permitted
build	Cache Android SDK	2026-06-06T12:22:48.5259987Z /usr/bin/tar: ../../../../../usr/local/lib/android/sdk/platforms/android-36-ext19/data/res/values-mcc001-mnc01-ta: Cannot change mode to rwxr-xr-x: Operation not permitted
build	Cache Android SDK	2026-06-06T12:22:48.5263530Z /usr/bin/tar: ../../../../../usr/local/lib/android/sdk/platforms/android-36-ext19/data/res/values-large: Cannot utime: Operation not permitted
build	Cache Android SDK	2026-06-06T12:22:48.5263982Z /usr/bin/tar: ../../../../../usr/local/lib/android/sdk/platforms/android-36-ext19/data/res/values-large: Cannot change mode to rwxr-xr-x: Operation not permitted
build	Cache Android SDK	2026-06-06T12:22:48.5266562Z /usr/bin/tar: ../../../../../usr/local/lib/android/sdk/platforms/android-36-ext19/data/res/values-es-television: Cannot utime: Operation not permitted
build	Cache Android SDK	2026-06-06T12:22:48.5267031Z /usr/bin/tar: ../../../../../usr/local/lib/android/sdk/platforms/android-36-ext19/data/res/values-es-television: Cannot change mode to rwxr-xr-x: Operation not permitted
build	Cache Android SDK	2026-06-06T12:22:48.5269706Z /usr/bin/tar: ../../../../../usr/local/lib/android/sdk/platforms/android-36-ext19/data/res/values-mcc310-mnc200-hy: Cannot utime: Operation not permitted
build	Cache Android SDK	2026-06-06T12:22:48.5270173Z /usr/bin/tar: ../../../../../usr/local/lib/android/sdk/platforms/android-36-ext19/data/res/values-mcc310-mnc200-hy: Cannot change mode to rwxr-xr-x: Operation not permitted
build	Cache Android SDK	2026-06-06T12:22:48.5272559Z /usr/bin/tar: ../../../../../usr/local/lib/android/sdk/platforms/android-36-ext19/data/res/values-mcc310-mnc800-sq: Cannot utime: Operation not permitted
build	Cache Android SDK	2026-06-06T12:22:48.5273020Z /usr/bin/tar: ../../../../../usr/local/lib/android/sdk/platforms/android-36-ext19/data/res/values-mcc310-mnc800-sq: Cannot change mode to rwxr-xr-x: Operation not permitted
build	Cache Android SDK	2026-06-06T12:22:48.5275393Z /usr/bin/tar: ../../../../../usr/local/lib/android/sdk/platforms/android-36-ext19/data/res/values-mcc302-mnc720-ko: Cannot utime: Operation not permitted
build	Cache Android SDK	2026-06-06T12:22:48.5275960Z /usr/bin/tar: ../../../../../usr/local/lib/android/sdk/platforms/android-36-ext19/data/res/values-mcc302-mnc720-ko: Cannot change mode to rwxr-xr-x: Operation not permitted
build	Cache Android SDK	2026-06-06T12:22:48.5278709Z /usr/bin/tar: ../../../../../usr/local/lib/android/sdk/platforms/android-36-ext19/data/res/values-mcc310-mnc240-ca: Cannot utime: Operation not permitted
build	Cache Android SDK	2026-06-06T12:22:48.5279587Z /usr/bin/tar: ../../../../../usr/local/lib/android/sdk/platforms/android-36-ext19/data/res/values-mcc310-mnc240-ca: Cannot change mode to rwxr-xr-x: Operation not permitted
build	Cache Android SDK	2026-06-06T12:22:48.5281834Z /usr/bin/tar: ../../../../../usr/local/lib/android/sdk/platforms/android-36-ext19/data/res/values-mcc310-mnc170-fr-rCA: Cannot utime: Operation not permitted
build	Cache Android SDK	2026-06-06T12:22:48.5282322Z /usr/bin/tar: ../../../../../usr/local/lib/android/sdk/platforms/android-36-ext19/data/res/values-mcc310-mnc170-fr-rCA: Cannot change mode to rwxr-xr-x: Operation not permitted
build	Cache Android SDK	2026-06-06T12:22:48.5284651Z /usr/bin/tar: ../../../../../usr/local/lib/android/sdk/platforms/android-36-ext19/data/res/values-mcc310-mnc230-el: Cannot utime: Operation not permitted
build	Cache Android SDK	2026-06-06T12:22:48.5285216Z /usr/bin/tar: ../../../../../usr/local/lib/android/sdk/platforms/android-36-ext19/data/res/values-mcc310-mnc230-el: Cannot change mode to rwxr-xr-x: Operation not permitted
build	Cache Android SDK	2026-06-06T12:22:48.5287928Z /usr/bin/tar: ../../../../../usr/local/lib/android/sdk/platforms/android-36-ext19/data/res/values-mcc310-mnc210-tl: Cannot utime: Operation not permitted
build	Cache Android SDK	2026-06-06T12:22:48.5288391Z /usr/bin/tar: ../../../../../usr/local/lib/android/sdk/platforms/android-36-ext19/data/res/values-mcc310-mnc210-tl: Cannot change mode to rwxr-xr-x: Operation not permitted
build	Cache Android SDK	2026-06-06T12:22:48.5292511Z /usr/bin/tar: ../../../../../usr/local/lib/android/sdk/platforms/android-36-ext19/data/res/values-mcc302-mnc720-fr-rCA: Cannot utime: Operation not permitted
build	Cache Android SDK	2026-06-06T12:22:48.5292992Z /usr/bin/tar: ../../../../../usr/local/lib/android/sdk/platforms/android-36-ext19/data/res/values-mcc302-mnc720-fr-rCA: Cannot change mode to rwxr-xr-x: Operation not permitted
build	Cache Android SDK	2026-06-06T12:22:48.5295186Z /usr/bin/tar: ../../../../../usr/local/lib/android/sdk/platforms/android-36-ext19/data/res/values-mcc310-mnc030-as: Cannot utime: Operation not permitted
build	Cache Android SDK	2026-06-06T12:22:48.5295772Z /usr/bin/tar: ../../../../../usr/local/lib/android/sdk/platforms/android-36-ext19/data/res/values-mcc310-mnc030-as: Cannot change mode to rwxr-xr-x: Operation not permitted
build	Cache Android SDK	2026-06-06T12:22:48.5298885Z /usr/bin/tar: ../../../../../usr/local/lib/android/sdk/platforms/android-36-ext19/data/res/values-mcc001-mnc01-ru: Cannot utime: Operation not permitted
build	Cache Android SDK	2026-06-06T12:22:48.5299341Z /usr/bin/tar: ../../../../../usr/local/lib/android/sdk/platforms/android-36-ext19/data/res/values-mcc001-mnc01-ru: Cannot change mode to rwxr-xr-x: Operation not permitted
build	Cache Android SDK	2026-06-06T12:22:48.5301457Z /usr/bin/tar: ../../../../../usr/local/lib/android/sdk/platforms/android-36-ext19/data/res/values-be-television: Cannot utime: Operation not permitted
build	Cache Android SDK	2026-06-06T12:22:48.5302011Z /usr/bin/tar: ../../../../../usr/local/lib/android/sdk/platforms/android-36-ext19/data/res/values-be-television: Cannot change mode to rwxr-xr-x: Operation not permitted
build	Cache Android SDK	2026-06-06T12:22:48.5304865Z /usr/bin/tar: ../../../../../usr/local/lib/android/sdk/platforms/android-36-ext19/data/res/values-mcc334-mnc020-si: Cannot utime: Operation not permitted
build	Cache Android SDK	2026-06-06T12:22:48.5305382Z /usr/bin/tar: ../../../../../usr/local/lib/android/sdk/platforms/android-36-ext19/data/res/values-mcc334-mnc020-si: Cannot change mode to rwxr-xr-x: Operation not permitted
build	Cache Android SDK	2026-06-06T12:22:48.5307939Z /usr/bin/tar: ../../../../../usr/local/lib/android/sdk/platforms/android-36-ext19/data/res/values-mcc302-mnc370-am: Cannot utime: Operation not permitted
build	Cache Android SDK	2026-06-06T12:22:48.5308393Z /usr/bin/tar: ../../../../../usr/local/lib/android/sdk/platforms/android-36-ext19/data/res/values-mcc302-mnc370-am: Cannot change mode to rwxr-xr-x: Operation not permitted
build	Cache Android SDK	2026-06-06T12:22:48.5311609Z /usr/bin/tar: ../../../../../usr/local/lib/android/sdk/platforms/android-36-ext19/data/res/values-mcc310-mnc240-ro: Cannot utime: Operation not permitted
build	Cache Android SDK	2026-06-06T12:22:48.5312164Z /usr/bin/tar: ../../../../../usr/local/lib/android/sdk/platforms/android-36-ext19/data/res/values-mcc310-mnc240-ro: Cannot change mode to rwxr-xr-x: Operation not permitted
build	Cache Android SDK	2026-06-06T12:22:48.5314265Z /usr/bin/tar: ../../../../../usr/local/lib/android/sdk/platforms/android-36-ext19/data/res/values-mcc334-mnc020-ar: Cannot utime: Operation not permitted
build	Cache Android SDK	2026-06-06T12:22:48.5314725Z /usr/bin/tar: ../../../../../usr/local/lib/android/sdk/platforms/android-36-ext19/data/res/values-mcc334-mnc020-ar: Cannot change mode to rwxr-xr-x: Operation not permitted
build	Cache Android SDK	2026-06-06T12:22:48.5317689Z /usr/bin/tar: ../../../../../usr/local/lib/android/sdk/platforms/android-36-ext19/data/res/values-mcc310-mnc560-az: Cannot utime: Operation not permitted
build	Cache Android SDK	2026-06-06T12:22:48.5318154Z /usr/bin/tar: ../../../../../usr/local/lib/android/sdk/platforms/android-36-ext19/data/res/values-mcc310-mnc560-az: Cannot change mode to rwxr-xr-x: Operation not permitted
build	Cache Android SDK	2026-06-06T12:22:48.5321300Z /usr/bin/tar: ../../../../../usr/local/lib/android/sdk/platforms/android-36-ext19/data/res/values-mcc310-mnc210-ja: Cannot utime: Operation not permitted
build	Cache Android SDK	2026-06-06T12:22:48.5321761Z /usr/bin/tar: ../../../../../usr/local/lib/android/sdk/platforms/android-36-ext19/data/res/values-mcc310-mnc210-ja: Cannot change mode to rwxr-xr-x: Operation not permitted
build	Cache Android SDK	2026-06-06T12:22:48.5324442Z /usr/bin/tar: ../../../../../usr/local/lib/android/sdk/platforms/android-36-ext19/data/res/values-mcc310-mnc280-ja: Cannot utime: Operation not permitted
build	Cache Android SDK	2026-06-06T12:22:48.5324901Z /usr/bin/tar: ../../../../../usr/local/lib/android/sdk/platforms/android-36-ext19/data/res/values-mcc310-mnc280-ja: Cannot change mode to rwxr-xr-x: Operation not permitted
build	Cache Android SDK	2026-06-06T12:22:48.5327605Z /usr/bin/tar: ../../../../../usr/local/lib/android/sdk/platforms/android-36-ext19/data/res/values-pl-watch: Cannot utime: Operation not permitted
build	Cache Android SDK	2026-06-06T12:22:48.5328067Z /usr/bin/tar: ../../../../../usr/local/lib/android/sdk/platforms/android-36-ext19/data/res/values-pl-watch: Cannot change mode to rwxr-xr-x: Operation not permitted
build	Cache Android SDK	2026-06-06T12:22:48.5330463Z /usr/bin/tar: ../../../../../usr/local/lib/android/sdk/platforms/android-36-ext19/data/res/values-mcc302-mnc370-sl: Cannot utime: Operation not permitted
build	Cache Android SDK	2026-06-06T12:22:48.5330925Z /usr/bin/tar: ../../../../../usr/local/lib/android/sdk/platforms/android-36-ext19/data/res/values-mcc302-mnc370-sl: Cannot change mode to rwxr-xr-x: Operation not permitted
build	Cache Android SDK	2026-06-06T12:22:48.5333535Z /usr/bin/tar: ../../../../../usr/local/lib/android/sdk/platforms/android-36-ext19/data/res/values-mcc310-mnc950-ru: Cannot utime: Operation not permitted
build	Cache Android SDK	2026-06-06T12:22:48.5333997Z /usr/bin/tar: ../../../../../usr/local/lib/android/sdk/platforms/android-36-ext19/data/res/values-mcc310-mnc950-ru: Cannot change mode to rwxr-xr-x: Operation not permitted
build	Cache Android SDK	2026-06-06T12:22:48.5337262Z /usr/bin/tar: ../../../../../usr/local/lib/android/sdk/platforms/android-36-ext19/data/res/values-mcc310-mnc220-my: Cannot utime: Operation not permitted
build	Cache Android SDK	2026-06-06T12:22:48.5338161Z /usr/bin/tar: ../../../../../usr/local/lib/android/sdk/platforms/android-36-ext19/data/res/values-mcc310-mnc220-my: Cannot change mode to rwxr-xr-x: Operation not permitted
build	Cache Android SDK	2026-06-06T12:22:48.5340260Z /usr/bin/tar: ../../../../../usr/local/lib/android/sdk/platforms/android-36-ext19/data/res/values-mcc310-mnc240-bs: Cannot utime: Operation not permitted
build	Cache Android SDK	2026-06-06T12:22:48.5340738Z /usr/bin/tar: ../../../../../usr/local/lib/android/sdk/platforms/android-36-ext19/data/res/values-mcc310-mnc240-bs: Cannot change mode to rwxr-xr-x: Operation not permitted
build	Cache Android SDK	2026-06-06T12:22:48.5348709Z /usr/bin/tar: ../../../../../usr/local/lib/android/sdk/platforms/android-36-ext19/data/res/values-el: Cannot utime: Operation not permitted
build	Cache Android SDK	2026-06-06T12:22:48.5349396Z /usr/bin/tar: ../../../../../usr/local/lib/android/sdk/platforms/android-36-ext19/data/res/values-el: Cannot change mode to rwxr-xr-x: Operation not permitted
build	Cache Android SDK	2026-06-06T12:22:48.5351492Z /usr/bin/tar: ../../../../../usr/local/lib/android/sdk/platforms/android-36-ext19/data/res/values-mcc310-mnc800-kk: Cannot utime: Operation not permitted
build	Cache Android SDK	2026-06-06T12:22:48.5352074Z /usr/bin/tar: ../../../../../usr/local/lib/android/sdk/platforms/android-36-ext19/data/res/values-mcc310-mnc800-kk: Cannot change mode to rwxr-xr-x: Operation not permitted
build	Cache Android SDK	2026-06-06T12:22:48.5355147Z /usr/bin/tar: ../../../../../usr/local/lib/android/sdk/platforms/android-36-ext19/data/res/values-mcc310-mnc160-hu: Cannot utime: Operation not permitted
build	Cache Android SDK	2026-06-06T12:22:48.5355621Z /usr/bin/tar: ../../../../../usr/local/lib/android/sdk/platforms/android-36-ext19/data/res/values-mcc310-mnc160-hu: Cannot change mode to rwxr-xr-x: Operation not permitted
build	Cache Android SDK	2026-06-06T12:22:48.5358267Z /usr/bin/tar: ../../../../../usr/local/lib/android/sdk/platforms/android-36-ext19/data/res/values-mcc310-mnc170-lt: Cannot utime: Operation not permitted
build	Cache Android SDK	2026-06-06T12:22:48.5358745Z /usr/bin/tar: ../../../../../usr/local/lib/android/sdk/platforms/android-36-ext19/data/res/values-mcc310-mnc170-lt: Cannot change mode to rwxr-xr-x: Operation not permitted
build	Cache Android SDK	2026-06-06T12:22:48.5361665Z /usr/bin/tar: ../../../../../usr/local/lib/android/sdk/platforms/android-36-ext19/data/res/values-ca-rES: Cannot utime: Operation not permitted
build	Cache Android SDK	2026-06-06T12:22:48.5362102Z /usr/bin/tar: ../../../../../usr/local/lib/android/sdk/platforms/android-36-ext19/data/res/values-ca-rES: Cannot change mode to rwxr-xr-x: Operation not permitted
build	Cache Android SDK	2026-06-06T12:22:48.5370615Z /usr/bin/tar: ../../../../../usr/local/lib/android/sdk/platforms/android-36-ext19/data/res/drawable-car: Cannot utime: Operation not permitted
build	Cache Android SDK	2026-06-06T12:22:48.5371165Z /usr/bin/tar: ../../../../../usr/local/lib/android/sdk/platforms/android-36-ext19/data/res/drawable-car: Cannot change mode to rwxr-xr-x: Operation not permitted
build	Cache Android SDK	2026-06-06T12:22:48.5374192Z /usr/bin/tar: ../../../../../usr/local/lib/android/sdk/platforms/android-36-ext19/data/res/values-mcc310-mnc310-et: Cannot utime: Operation not permitted
build	Cache Android SDK	2026-06-06T12:22:48.5374744Z /usr/bin/tar: ../../../../../usr/local/lib/android/sdk/platforms/android-36-ext19/data/res/values-mcc310-mnc310-et: Cannot change mode to rwxr-xr-x: Operation not permitted
build	Cache Android SDK	2026-06-06T12:22:48.5377062Z /usr/bin/tar: ../../../../../usr/local/lib/android/sdk/platforms/android-36-ext19/data/res/values-mcc310-mnc560-mr: Cannot utime: Operation not permitted
build	Cache Android SDK	2026-06-06T12:22:48.5377718Z /usr/bin/tar: ../../../../../usr/local/lib/android/sdk/platforms/android-36-ext19/data/res/values-mcc310-mnc560-mr: Cannot change mode to rwxr-xr-x: Operation not permitted
build	Cache Android SDK	2026-06-06T12:22:48.5380147Z /usr/bin/tar: ../../../../../usr/local/lib/android/sdk/platforms/android-36-ext19/data/res/values-mcc310-mnc150-pt-rPT: Cannot utime: Operation not permitted
build	Cache Android SDK	2026-06-06T12:22:48.5380652Z /usr/bin/tar: ../../../../../usr/local/lib/android/sdk/platforms/android-36-ext19/data/res/values-mcc310-mnc150-pt-rPT: Cannot change mode to rwxr-xr-x: Operation not permitted
build	Cache Android SDK	2026-06-06T12:22:48.5383321Z /usr/bin/tar: ../../../../../usr/local/lib/android/sdk/platforms/android-36-ext19/data/res/values-mcc310-mnc800-mn: Cannot utime: Operation not permitted
build	Cache Android SDK	2026-06-06T12:22:48.5383810Z /usr/bin/tar: ../../../../../usr/local/lib/android/sdk/platforms/android-36-ext19/data/res/values-mcc310-mnc800-mn: Cannot change mode to rwxr-xr-x: Operation not permitted
build	Cache Android SDK	2026-06-06T12:22:48.5386329Z /usr/bin/tar: ../../../../../usr/local/lib/android/sdk/platforms/android-36-ext19/data/res/values-km-watch: Cannot utime: Operation not permitted
build	Cache Android SDK	2026-06-06T12:22:48.5386847Z /usr/bin/tar: ../../../../../usr/local/lib/android/sdk/platforms/android-36-ext19/data/res/values-km-watch: Cannot change mode to rwxr-xr-x: Operation not permitted
build	Cache Android SDK	2026-06-06T12:22:48.5389465Z /usr/bin/tar: ../../../../../usr/local/lib/android/sdk/platforms/android-36-ext19/data/res/values-en-rGB-television: Cannot utime: Operation not permitted
build	Cache Android SDK	2026-06-06T12:22:48.5389955Z /usr/bin/tar: ../../../../../usr/local/lib/android/sdk/platforms/android-36-ext19/data/res/values-en-rGB-television: Cannot change mode to rwxr-xr-x: Operation not permitted
build	Cache Android SDK	2026-06-06T12:22:48.5392706Z /usr/bin/tar: ../../../../../usr/local/lib/android/sdk/platforms/android-36-ext19/data/res/values-mcc334-mnc020-mn: Cannot utime: Operation not permitted
build	Cache Android SDK	2026-06-06T12:22:48.5393186Z /usr/bin/tar: ../../../../../usr/local/lib/android/sdk/platforms/android-36-ext19/data/res/values-mcc334-mnc020-mn: Cannot change mode to rwxr-xr-x: Operation not permitted
build	Cache Android SDK	2026-06-06T12:22:48.5395805Z /usr/bin/tar: ../../../../../usr/local/lib/android/sdk/platforms/android-36-ext19/data/res/values-mcc001-mnc01-lv: Cannot utime: Operation not permitted
build	Cache Android SDK	2026-06-06T12:22:48.5396297Z /usr/bin/tar: ../../../../../usr/local/lib/android/sdk/platforms/android-36-ext19/data/res/values-mcc001-mnc01-lv: Cannot change mode to rwxr-xr-x: Operation not permitted
build	Cache Android SDK	2026-06-06T12:22:48.5398847Z /usr/bin/tar: ../../../../../usr/local/lib/android/sdk/platforms/android-36-ext19/data/res/values-mcc310-mnc170-hi: Cannot utime: Operation not permitted
build	Cache Android SDK	2026-06-06T12:22:48.5399433Z /usr/bin/tar: ../../../../../usr/local/lib/android/sdk/platforms/android-36-ext19/data/res/values-mcc310-mnc170-hi: Cannot change mode to rwxr-xr-x: Operation not permitted
build	Cache Android SDK	2026-06-06T12:22:48.5401997Z /usr/bin/tar: ../../../../../usr/local/lib/android/sdk/platforms/android-36-ext19/data/res/values-mcc310-mnc800-ro: Cannot utime: Operation not permitted
build	Cache Android SDK	2026-06-06T12:22:48.5402521Z /usr/bin/tar: ../../../../../usr/local/lib/android/sdk/platforms/android-36-ext19/data/res/values-mcc310-mnc800-ro: Cannot change mode to rwxr-xr-x: Operation not permitted
build	Cache Android SDK	2026-06-06T12:22:48.5404424Z /usr/bin/tar: ../../../../../usr/local/lib/android/sdk/platforms/android-36-ext19/data/res/values-mcc310-mnc270-km: Cannot utime: Operation not permitted
build	Cache Android SDK	2026-06-06T12:22:48.5404962Z /usr/bin/tar: ../../../../../usr/local/lib/android/sdk/platforms/android-36-ext19/data/res/values-mcc310-mnc270-km: Cannot change mode to rwxr-xr-x: Operation not permitted
build	Cache Android SDK	2026-06-06T12:22:48.5407634Z /usr/bin/tar: ../../../../../usr/local/lib/android/sdk/platforms/android-36-ext19/data/res/values-mcc310-mnc160-ml: Cannot utime: Operation not permitted
build	Cache Android SDK	2026-06-06T12:22:48.5408206Z /usr/bin/tar: ../../../../../usr/local/lib/android/sdk/platforms/android-36-ext19/data/res/values-mcc310-mnc160-ml: Cannot change mode to rwxr-xr-x: Operation not permitted
build	Cache Android SDK	2026-06-06T12:22:48.5411008Z /usr/bin/tar: ../../../../../usr/local/lib/android/sdk/platforms/android-36-ext19/data/res/values-mcc310-mnc270-es-rUS: Cannot utime: Operation not permitted
build	Cache Android SDK	2026-06-06T12:22:48.5411496Z /usr/bin/tar: ../../../../../usr/local/lib/android/sdk/platforms/android-36-ext19/data/res/values-mcc310-mnc270-es-rUS: Cannot change mode to rwxr-xr-x: Operation not permitted
build	Cache Android SDK	2026-06-06T12:22:48.5414222Z /usr/bin/tar: ../../../../../usr/local/lib/android/sdk/platforms/android-36-ext19/data/res/values-es-rEC: Cannot utime: Operation not permitted
build	Cache Android SDK	2026-06-06T12:22:48.5414796Z /usr/bin/tar: ../../../../../usr/local/lib/android/sdk/platforms/android-36-ext19/data/res/values-es-rEC: Cannot change mode to rwxr-xr-x: Operation not permitted
build	Cache Android SDK	2026-06-06T12:22:48.5417527Z /usr/bin/tar: ../../../../../usr/local/lib/android/sdk/platforms/android-36-ext19/data/res/values-mcc311-mnc180-zu: Cannot utime: Operation not permitted
build	Cache Android SDK	2026-06-06T12:22:48.5418017Z /usr/bin/tar: ../../../../../usr/local/lib/android/sdk/platforms/android-36-ext19/data/res/values-mcc311-mnc180-zu: Cannot change mode to rwxr-xr-x: Operation not permitted
build	Cache Android SDK	2026-06-06T12:22:48.5421040Z /usr/bin/tar: ../../../../../usr/local/lib/android/sdk/platforms/android-36-ext19/data/res/values-mcc310-mnc240-hi: Cannot utime: Operation not permitted
build	Cache Android SDK	2026-06-06T12:22:48.5421542Z /usr/bin/tar: ../../../../../usr/local/lib/android/sdk/platforms/android-36-ext19/data/res/values-mcc310-mnc240-hi: Cannot change mode to rwxr-xr-x: Operation not permitted
build	Cache Android SDK	2026-06-06T12:22:48.5423934Z /usr/bin/tar: ../../../../../usr/local/lib/android/sdk/platforms/android-36-ext19/data/res/values-mcc334-mnc020-kk: Cannot utime: Operation not permitted
build	Cache Android SDK	2026-06-06T12:22:48.5424577Z /usr/bin/tar: ../../../../../usr/local/lib/android/sdk/platforms/android-36-ext19/data/res/values-mcc334-mnc020-kk: Cannot change mode to rwxr-xr-x: Operation not permitted
build	Cache Android SDK	2026-06-06T12:22:48.5427239Z /usr/bin/tar: ../../../../../usr/local/lib/android/sdk/platforms/android-36-ext19/data/res/values-mcc310-mnc240-in: Cannot utime: Operation not permitted
build	Cache Android SDK	2026-06-06T12:22:48.5427882Z /usr/bin/tar: ../../../../../usr/local/lib/android/sdk/platforms/android-36-ext19/data/res/values-mcc310-mnc240-in: Cannot change mode to rwxr-xr-x: Operation not permitted
build	Cache Android SDK	2026-06-06T12:22:48.5433172Z /usr/bin/tar: ../../../../../usr/local/lib/android/sdk/platforms/android-36-ext19/data/res/values-et: Cannot utime: Operation not permitted
build	Cache Android SDK	2026-06-06T12:22:48.5434086Z /usr/bin/tar: ../../../../../usr/local/lib/android/sdk/platforms/android-36-ext19/data/res/values-et: Cannot change mode to rwxr-xr-x: Operation not permitted
build	Cache Android SDK	2026-06-06T12:22:48.5437252Z /usr/bin/tar: ../../../../../usr/local/lib/android/sdk/platforms/android-36-ext19/data/res/values-mcc310-mnc220-da: Cannot utime: Operation not permitted
build	Cache Android SDK	2026-06-06T12:22:48.5438100Z /usr/bin/tar: ../../../../../usr/local/lib/android/sdk/platforms/android-36-ext19/data/res/values-mcc310-mnc220-da: Cannot change mode to rwxr-xr-x: Operation not permitted
build	Cache Android SDK	2026-06-06T12:22:48.5440384Z /usr/bin/tar: ../../../../../usr/local/lib/android/sdk/platforms/android-36-ext19/data/res/values-mcc310-mnc280-en-rGB: Cannot utime: Operation not permitted
build	Cache Android SDK	2026-06-06T12:22:48.5440892Z /usr/bin/tar: ../../../../../usr/local/lib/android/sdk/platforms/android-36-ext19/data/res/values-mcc310-mnc280-en-rGB: Cannot change mode to rwxr-xr-x: Operation not permitted
build	Cache Android SDK	2026-06-06T12:22:48.5444327Z /usr/bin/tar: ../../../../../usr/local/lib/android/sdk/platforms/android-36-ext19/data/res/layout-land: Cannot utime: Operation not permitted
build	Cache Android SDK	2026-06-06T12:22:48.5444797Z /usr/bin/tar: ../../../../../usr/local/lib/android/sdk/platforms/android-36-ext19/data/res/layout-land: Cannot change mode to rwxr-xr-x: Operation not permitted
build	Cache Android SDK	2026-06-06T12:22:48.5447565Z /usr/bin/tar: ../../../../../usr/local/lib/android/sdk/platforms/android-36-ext19/data/res/values-mcc310-mnc380-km: Cannot utime: Operation not permitted
build	Cache Android SDK	2026-06-06T12:22:48.5448139Z /usr/bin/tar: ../../../../../usr/local/lib/android/sdk/platforms/android-36-ext19/data/res/values-mcc310-mnc380-km: Cannot change mode to rwxr-xr-x: Operation not permitted
build	Cache Android SDK	2026-06-06T12:22:48.5450375Z /usr/bin/tar: ../../../../../usr/local/lib/android/sdk/platforms/android-36-ext19/data/res/values-mcc310-mnc270-da: Cannot utime: Operation not permitted
build	Cache Android SDK	2026-06-06T12:22:48.5450941Z /usr/bin/tar: ../../../../../usr/local/lib/android/sdk/platforms/android-36-ext19/data/res/values-mcc310-mnc270-da: Cannot change mode to rwxr-xr-x: Operation not permitted
build	Cache Android SDK	2026-06-06T12:22:48.5453134Z /usr/bin/tar: ../../../../../usr/local/lib/android/sdk/platforms/android-36-ext19/data/res/values-mcc310-mnc660-my: Cannot utime: Operation not permitted
build	Cache Android SDK	2026-06-06T12:22:48.5453701Z /usr/bin/tar: ../../../../../usr/local/lib/android/sdk/platforms/android-36-ext19/data/res/values-mcc310-mnc660-my: Cannot change mode to rwxr-xr-x: Operation not permitted
build	Cache Android SDK	2026-06-06T12:22:48.5456063Z /usr/bin/tar: ../../../../../usr/local/lib/android/sdk/platforms/android-36-ext19/data/res/values-mcc310-mnc280-et: Cannot utime: Operation not permitted
build	Cache Android SDK	2026-06-06T12:22:48.5456547Z /usr/bin/tar: ../../../../../usr/local/lib/android/sdk/platforms/android-36-ext19/data/res/values-mcc310-mnc280-et: Cannot change mode to rwxr-xr-x: Operation not permitted
build	Cache Android SDK	2026-06-06T12:22:48.5459089Z /usr/bin/tar: ../../../../../usr/local/lib/android/sdk/platforms/android-36-ext19/data/res/values-mcc310-mnc380-sv: Cannot utime: Operation not permitted
build	Cache Android SDK	2026-06-06T12:22:48.5459558Z /usr/bin/tar: ../../../../../usr/local/lib/android/sdk/platforms/android-36-ext19/data/res/values-mcc310-mnc380-sv: Cannot change mode to rwxr-xr-x: Operation not permitted
build	Cache Android SDK	2026-06-06T12:22:48.5462023Z /usr/bin/tar: ../../../../../usr/local/lib/android/sdk/platforms/android-36-ext19/data/res/values-mcc310-mnc250-be: Cannot utime: Operation not permitted
build	Cache Android SDK	2026-06-06T12:22:48.5462604Z /usr/bin/tar: ../../../../../usr/local/lib/android/sdk/platforms/android-36-ext19/data/res/values-mcc310-mnc250-be: Cannot change mode to rwxr-xr-x: Operation not permitted
build	Cache Android SDK	2026-06-06T12:22:48.5465106Z /usr/bin/tar: ../../../../../usr/local/lib/android/sdk/platforms/android-36-ext19/data/res/values-mcc310-mnc270-sq: Cannot utime: Operation not permitted
build	Cache Android SDK	2026-06-06T12:22:48.5465564Z /usr/bin/tar: ../../../../../usr/local/lib/android/sdk/platforms/android-36-ext19/data/res/values-mcc310-mnc270-sq: Cannot change mode to rwxr-xr-x: Operation not permitted
build	Cache Android SDK	2026-06-06T12:22:48.5471466Z /usr/bin/tar: ../../../../../usr/local/lib/android/sdk/platforms/android-36-ext19/data/res/values-mcc312-mnc670-km: Cannot utime: Operation not permitted
build	Cache Android SDK	2026-06-06T12:22:48.5471929Z /usr/bin/tar: ../../../../../usr/local/lib/android/sdk/platforms/android-36-ext19/data/res/values-mcc312-mnc670-km: Cannot change mode to rwxr-xr-x: Operation not permitted
build	Cache Android SDK	2026-06-06T12:22:48.5474894Z /usr/bin/tar: ../../../../../usr/local/lib/android/sdk/platforms/android-36-ext19/data/res/values-mcc310-mnc230-ur: Cannot utime: Operation not permitted
build	Cache Android SDK	2026-06-06T12:22:48.5475365Z /usr/bin/tar: ../../../../../usr/local/lib/android/sdk/platforms/android-36-ext19/data/res/values-mcc310-mnc230-ur: Cannot change mode to rwxr-xr-x: Operation not permitted
build	Cache Android SDK	2026-06-06T12:22:48.5477716Z /usr/bin/tar: ../../../../../usr/local/lib/android/sdk/platforms/android-36-ext19/data/res/drawable-w228dp: Cannot utime: Operation not permitted
build	Cache Android SDK	2026-06-06T12:22:48.5478203Z /usr/bin/tar: ../../../../../usr/local/lib/android/sdk/platforms/android-36-ext19/data/res/drawable-w228dp: Cannot change mode to rwxr-xr-x: Operation not permitted
build	Cache Android SDK	2026-06-06T12:22:48.5480511Z /usr/bin/tar: ../../../../../usr/local/lib/android/sdk/platforms/android-36-ext19/data/res/values-mcc310-mnc950-mk: Cannot utime: Operation not permitted
build	Cache Android SDK	2026-06-06T12:22:48.5480989Z /usr/bin/tar: ../../../../../usr/local/lib/android/sdk/platforms/android-36-ext19/data/res/values-mcc310-mnc950-mk: Cannot change mode to rwxr-xr-x: Operation not permitted
build	Cache Android SDK	2026-06-06T12:22:48.5483309Z /usr/bin/tar: ../../../../../usr/local/lib/android/sdk/platforms/android-36-ext19/data/res/values-mcc310-mnc030-fr: Cannot utime: Operation not permitted
build	Cache Android SDK	2026-06-06T12:22:48.5483779Z /usr/bin/tar: ../../../../../usr/local/lib/android/sdk/platforms/android-36-ext19/data/res/values-mcc310-mnc030-fr: Cannot change mode to rwxr-xr-x: Operation not permitted
build	Cache Android SDK	2026-06-06T12:22:48.5486105Z /usr/bin/tar: ../../../../../usr/local/lib/android/sdk/platforms/android-36-ext19/data/res/values-mcc310-mnc490-az: Cannot utime: Operation not permitted
build	Cache Android SDK	2026-06-06T12:22:48.5487103Z /usr/bin/tar: ../../../../../usr/local/lib/android/sdk/platforms/android-36-ext19/data/res/values-mcc310-mnc490-az: Cannot change mode to rwxr-xr-x: Operation not permitted
build	Cache Android SDK	2026-06-06T12:22:48.5489703Z /usr/bin/tar: ../../../../../usr/local/lib/android/sdk/platforms/android-36-ext19/data/res/values-mcc310-mnc200-es: Cannot utime: Operation not permitted
build	Cache Android SDK	2026-06-06T12:22:48.5490244Z /usr/bin/tar: ../../../../../usr/local/lib/android/sdk/platforms/android-36-ext19/data/res/values-mcc310-mnc200-es: Cannot change mode to rwxr-xr-x: Operation not permitted
build	Cache Android SDK	2026-06-06T12:22:48.5492933Z /usr/bin/tar: ../../../../../usr/local/lib/android/sdk/platforms/android-36-ext19/data/res/values-mcc310-mnc250-mk: Cannot utime: Operation not permitted
build	Cache Android SDK	2026-06-06T12:22:48.5493417Z /usr/bin/tar: ../../../../../usr/local/lib/android/sdk/platforms/android-36-ext19/data/res/values-mcc310-mnc250-mk: Cannot change mode to rwxr-xr-x: Operation not permitted
build	Cache Android SDK	2026-06-06T12:22:48.5495868Z /usr/bin/tar: ../../../../../usr/local/lib/android/sdk/platforms/android-36-ext19/data/res/values-nb-rNO: Cannot utime: Operation not permitted
build	Cache Android SDK	2026-06-06T12:22:48.5496318Z /usr/bin/tar: ../../../../../usr/local/lib/android/sdk/platforms/android-36-ext19/data/res/values-nb-rNO: Cannot change mode to rwxr-xr-x: Operation not permitted
build	Cache Android SDK	2026-06-06T12:22:48.5498876Z /usr/bin/tar: ../../../../../usr/local/lib/android/sdk/platforms/android-36-ext19/data/res/values-mcc310-mnc950-my: Cannot utime: Operation not permitted
build	Cache Android SDK	2026-06-06T12:22:48.5499351Z /usr/bin/tar: ../../../../../usr/local/lib/android/sdk/platforms/android-36-ext19/data/res/values-mcc310-mnc950-my: Cannot change mode to rwxr-xr-x: Operation not permitted
build	Cache Android SDK	2026-06-06T12:22:48.5501685Z /usr/bin/tar: ../../../../../usr/local/lib/android/sdk/platforms/android-36-ext19/data/res/values-mcc001-mnc01-lo: Cannot utime: Operation not permitted
build	Cache Android SDK	2026-06-06T12:22:48.5502156Z /usr/bin/tar: ../../../../../usr/local/lib/android/sdk/platforms/android-36-ext19/data/res/values-mcc001-mnc01-lo: Cannot change mode to rwxr-xr-x: Operation not permitted
build	Cache Android SDK	2026-06-06T12:22:48.5504717Z /usr/bin/tar: ../../../../../usr/local/lib/android/sdk/platforms/android-36-ext19/data/res/values-mcc302-mnc370-ta: Cannot utime: Operation not permitted
build	Cache Android SDK	2026-06-06T12:22:48.5505199Z /usr/bin/tar: ../../../../../usr/local/lib/android/sdk/platforms/android-36-ext19/data/res/values-mcc302-mnc370-ta: Cannot change mode to rwxr-xr-x: Operation not permitted
build	Cache Android SDK	2026-06-06T12:22:48.5508186Z /usr/bin/tar: ../../../../../usr/local/lib/android/sdk/platforms/android-36-ext19/data/res/values-mcc310-mnc220-pt: Cannot utime: Operation not permitted
build	Cache Android SDK	2026-06-06T12:22:48.5508666Z /usr/bin/tar: ../../../../../usr/local/lib/android/sdk/platforms/android-36-ext19/data/res/values-mcc310-mnc220-pt: Cannot change mode to rwxr-xr-x: Operation not permitted
build	Cache Android SDK	2026-06-06T12:22:48.5511072Z /usr/bin/tar: ../../../../../usr/local/lib/android/sdk/platforms/android-36-ext19/data/res/values-w213dp-round-watch: Cannot utime: Operation not permitted
build	Cache Android SDK	2026-06-06T12:22:48.5511566Z /usr/bin/tar: ../../../../../usr/local/lib/android/sdk/platforms/android-36-ext19/data/res/values-w213dp-round-watch: Cannot change mode to rwxr-xr-x: Operation not permitted
build	Cache Android SDK	2026-06-06T12:22:48.5513743Z /usr/bin/tar: ../../../../../usr/local/lib/android/sdk/platforms/android-36-ext19/data/res/values-mcc310-mnc800-bg: Cannot utime: Operation not permitted
build	Cache Android SDK	2026-06-06T12:22:48.5514314Z /usr/bin/tar: ../../../../../usr/local/lib/android/sdk/platforms/android-36-ext19/data/res/values-mcc310-mnc800-bg: Cannot change mode to rwxr-xr-x: Operation not permitted
build	Cache Android SDK	2026-06-06T12:22:48.5517101Z /usr/bin/tar: ../../../../../usr/local/lib/android/sdk/platforms/android-36-ext19/data/res/values-rm-rCH: Cannot utime: Operation not permitted
build	Cache Android SDK	2026-06-06T12:22:48.5517699Z /usr/bin/tar: ../../../../../usr/local/lib/android/sdk/platforms/android-36-ext19/data/res/values-rm-rCH: Cannot change mode to rwxr-xr-x: Operation not permitted
build	Cache Android SDK	2026-06-06T12:22:48.5519991Z /usr/bin/tar: ../../../../../usr/local/lib/android/sdk/platforms/android-36-ext19/data/res/values-mcc310-mnc270-af: Cannot utime: Operation not permitted
build	Cache Android SDK	2026-06-06T12:22:48.5520450Z /usr/bin/tar: ../../../../../usr/local/lib/android/sdk/platforms/android-36-ext19/data/res/values-mcc310-mnc270-af: Cannot change mode to rwxr-xr-x: Operation not permitted
build	Cache Android SDK	2026-06-06T12:22:48.5523146Z /usr/bin/tar: ../../../../../usr/local/lib/android/sdk/platforms/android-36-ext19/data/res/values-mcc310-mnc270-gu: Cannot utime: Operation not permitted
build	Cache Android SDK	2026-06-06T12:22:48.5523619Z /usr/bin/tar: ../../../../../usr/local/lib/android/sdk/platforms/android-36-ext19/data/res/values-mcc310-mnc270-gu: Cannot change mode to rwxr-xr-x: Operation not permitted
build	Cache Android SDK	2026-06-06T12:22:48.5525998Z /usr/bin/tar: ../../../../../usr/local/lib/android/sdk/platforms/android-36-ext19/data/res/values-mcc310-mnc380-en-rCA: Cannot utime: Operation not permitted
build	Cache Android SDK	2026-06-06T12:22:48.5526489Z /usr/bin/tar: ../../../../../usr/local/lib/android/sdk/platforms/android-36-ext19/data/res/values-mcc310-mnc380-en-rCA: Cannot change mode to rwxr-xr-x: Operation not permitted
build	Cache Android SDK	2026-06-06T12:22:48.5529219Z /usr/bin/tar: ../../../../../usr/local/lib/android/sdk/platforms/android-36-ext19/data/res/values-mcc310-mnc270: Cannot utime: Operation not permitted
build	Cache Android SDK	2026-06-06T12:22:48.5529779Z /usr/bin/tar: ../../../../../usr/local/lib/android/sdk/platforms/android-36-ext19/data/res/values-mcc310-mnc270: Cannot change mode to rwxr-xr-x: Operation not permitted
build	Cache Android SDK	2026-06-06T12:22:48.5532150Z /usr/bin/tar: ../../../../../usr/local/lib/android/sdk/platforms/android-36-ext19/data/res/mipmap-watch-anydpi: Cannot utime: Operation not permitted
build	Cache Android SDK	2026-06-06T12:22:48.5532626Z /usr/bin/tar: ../../../../../usr/local/lib/android/sdk/platforms/android-36-ext19/data/res/mipmap-watch-anydpi: Cannot change mode to rwxr-xr-x: Operation not permitted
build	Cache Android SDK	2026-06-06T12:22:48.5535354Z /usr/bin/tar: ../../../../../usr/local/lib/android/sdk/platforms/android-36-ext19/data/res/values-sq-television: Cannot utime: Operation not permitted
build	Cache Android SDK	2026-06-06T12:22:48.5535819Z /usr/bin/tar: ../../../../../usr/local/lib/android/sdk/platforms/android-36-ext19/data/res/values-sq-television: Cannot change mode to rwxr-xr-x: Operation not permitted
build	Cache Android SDK	2026-06-06T12:22:48.5538248Z /usr/bin/tar: ../../../../../usr/local/lib/android/sdk/platforms/android-36-ext19/data/res/values-mcc310-mnc030-en-rCA: Cannot utime: Operation not permitted
build	Cache Android SDK	2026-06-06T12:22:48.5538824Z /usr/bin/tar: ../../../../../usr/local/lib/android/sdk/platforms/android-36-ext19/data/res/values-mcc310-mnc030-en-rCA: Cannot change mode to rwxr-xr-x: Operation not permitted
build	Cache Android SDK	2026-06-06T12:22:48.5541389Z /usr/bin/tar: ../../../../../usr/local/lib/android/sdk/platforms/android-36-ext19/data/res/values-mcc001-mnc01-in: Cannot utime: Operation not permitted
build	Cache Android SDK	2026-06-06T12:22:48.5541861Z /usr/bin/tar: ../../../../../usr/local/lib/android/sdk/platforms/android-36-ext19/data/res/values-mcc001-mnc01-in: Cannot change mode to rwxr-xr-x: Operation not permitted
build	Cache Android SDK	2026-06-06T12:22:48.5544856Z /usr/bin/tar: ../../../../../usr/local/lib/android/sdk/platforms/android-36-ext19/data/res/values-mcc310-mnc800-zh-rHK: Cannot utime: Operation not permitted
build	Cache Android SDK	2026-06-06T12:22:48.5545339Z /usr/bin/tar: ../../../../../usr/local/lib/android/sdk/platforms/android-36-ext19/data/res/values-mcc310-mnc800-zh-rHK: Cannot change mode to rwxr-xr-x: Operation not permitted
build	Cache Android SDK	2026-06-06T12:22:48.5548009Z /usr/bin/tar: ../../../../../usr/local/lib/android/sdk/platforms/android-36-ext19/data/res/values-mcc310-mnc170-nb: Cannot utime: Operation not permitted
build	Cache Android SDK	2026-06-06T12:22:48.5548560Z /usr/bin/tar: ../../../../../usr/local/lib/android/sdk/platforms/android-36-ext19/data/res/values-mcc310-mnc170-nb: Cannot change mode to rwxr-xr-x: Operation not permitted
build	Cache Android SDK	2026-06-06T12:22:48.5551332Z /usr/bin/tar: ../../../../../usr/local/lib/android/sdk/platforms/android-36-ext19/data/res/values-mcc311-mnc180-hu: Cannot utime: Operation not permitted
build	Cache Android SDK	2026-06-06T12:22:48.5551805Z /usr/bin/tar: ../../../../../usr/local/lib/android/sdk/platforms/android-36-ext19/data/res/values-mcc311-mnc180-hu: Cannot change mode to rwxr-xr-x: Operation not permitted
build	Cache Android SDK	2026-06-06T12:22:48.5554335Z /usr/bin/tar: ../../../../../usr/local/lib/android/sdk/platforms/android-36-ext19/data/res/values-mcc310-mnc210-sv: Cannot utime: Operation not permitted
build	Cache Android SDK	2026-06-06T12:22:48.5554894Z /usr/bin/tar: ../../../../../usr/local/lib/android/sdk/platforms/android-36-ext19/data/res/values-mcc310-mnc210-sv: Cannot change mode to rwxr-xr-x: Operation not permitted
build	Cache Android SDK	2026-06-06T12:22:48.5558025Z /usr/bin/tar: ../../../../../usr/local/lib/android/sdk/platforms/android-36-ext19/data/res/values-mcc310-mnc280-be: Cannot utime: Operation not permitted
build	Cache Android SDK	2026-06-06T12:22:48.5558496Z /usr/bin/tar: ../../../../../usr/local/lib/android/sdk/platforms/android-36-ext19/data/res/values-mcc310-mnc280-be: Cannot change mode to rwxr-xr-x: Operation not permitted
build	Cache Android SDK	2026-06-06T12:22:48.5561043Z /usr/bin/tar: ../../../../../usr/local/lib/android/sdk/platforms/android-36-ext19/data/res/values-mcc310-mnc220-en-rGB: Cannot utime: Operation not permitted
build	Cache Android SDK	2026-06-06T12:22:48.5561531Z /usr/bin/tar: ../../../../../usr/local/lib/android/sdk/platforms/android-36-ext19/data/res/values-mcc310-mnc220-en-rGB: Cannot change mode to rwxr-xr-x: Operation not permitted
build	Cache Android SDK	2026-06-06T12:22:48.5564045Z /usr/bin/tar: ../../../../../usr/local/lib/android/sdk/platforms/android-36-ext19/data/res/values-mcc310-mnc950-el: Cannot utime: Operation not permitted
build	Cache Android SDK	2026-06-06T12:22:48.5564608Z /usr/bin/tar: ../../../../../usr/local/lib/android/sdk/platforms/android-36-ext19/data/res/values-mcc310-mnc950-el: Cannot change mode to rwxr-xr-x: Operation not permitted
build	Cache Android SDK	2026-06-06T12:22:48.5567193Z /usr/bin/tar: ../../../../../usr/local/lib/android/sdk/platforms/android-36-ext19/data/res/values-mcc310-mnc220-gu: Cannot utime: Operation not permitted
build	Cache Android SDK	2026-06-06T12:22:48.5567822Z /usr/bin/tar: ../../../../../usr/local/lib/android/sdk/platforms/android-36-ext19/data/res/values-mcc310-mnc220-gu: Cannot change mode to rwxr-xr-x: Operation not permitted
build	Cache Android SDK	2026-06-06T12:22:48.5570577Z /usr/bin/tar: ../../../../../usr/local/lib/android/sdk/platforms/android-36-ext19/data/res/values-mcc310-mnc590: Cannot utime: Operation not permitted
build	Cache Android SDK	2026-06-06T12:22:48.5571032Z /usr/bin/tar: ../../../../../usr/local/lib/android/sdk/platforms/android-36-ext19/data/res/values-mcc310-mnc590: Cannot change mode to rwxr-xr-x: Operation not permitted
build	Cache Android SDK	2026-06-06T12:22:48.5573280Z /usr/bin/tar: ../../../../../usr/local/lib/android/sdk/platforms/android-36-ext19/data/res/values-mcc310-mnc800-tr: Cannot utime: Operation not permitted
build	Cache Android SDK	2026-06-06T12:22:48.5573755Z /usr/bin/tar: ../../../../../usr/local/lib/android/sdk/platforms/android-36-ext19/data/res/values-mcc310-mnc800-tr: Cannot change mode to rwxr-xr-x: Operation not permitted
build	Cache Android SDK	2026-06-06T12:22:48.5578229Z /usr/bin/tar: ../../../../../usr/local/lib/android/sdk/platforms/android-36-ext19/data/res/values-mcc310-mnc800-fr-rCA: Cannot utime: Operation not permitted
build	Cache Android SDK	2026-06-06T12:22:48.5578731Z /usr/bin/tar: ../../../../../usr/local/lib/android/sdk/platforms/android-36-ext19/data/res/values-mcc310-mnc800-fr-rCA: Cannot change mode to rwxr-xr-x: Operation not permitted
build	Cache Android SDK	2026-06-06T12:22:48.5581619Z /usr/bin/tar: ../../../../../usr/local/lib/android/sdk/platforms/android-36-ext19/data/res/values-mcc310-mnc250-ml: Cannot utime: Operation not permitted
build	Cache Android SDK	2026-06-06T12:22:48.5582100Z /usr/bin/tar: ../../../../../usr/local/lib/android/sdk/platforms/android-36-ext19/data/res/values-mcc310-mnc250-ml: Cannot change mode to rwxr-xr-x: Operation not permitted
build	Cache Android SDK	2026-06-06T12:22:48.5584176Z /usr/bin/tar: ../../../../../usr/local/lib/android/sdk/platforms/android-36-ext19/data/res/values-mcc310-mnc220-ar: Cannot utime: Operation not permitted
build	Cache Android SDK	2026-06-06T12:22:48.5584637Z /usr/bin/tar: ../../../../../usr/local/lib/android/sdk/platforms/android-36-ext19/data/res/values-mcc310-mnc220-ar: Cannot change mode to rwxr-xr-x: Operation not permitted
build	Cache Android SDK	2026-06-06T12:22:48.5587905Z /usr/bin/tar: ../../../../../usr/local/lib/android/sdk/platforms/android-36-ext19/data/res/values-mcc334-mnc030: Cannot utime: Operation not permitted
build	Cache Android SDK	2026-06-06T12:22:48.5588396Z /usr/bin/tar: ../../../../../usr/local/lib/android/sdk/platforms/android-36-ext19/data/res/values-mcc334-mnc030: Cannot change mode to rwxr-xr-x: Operation not permitted
build	Cache Android SDK	2026-06-06T12:22:48.5590920Z /usr/bin/tar: ../../../../../usr/local/lib/android/sdk/platforms/android-36-ext19/data/res/values-mcc312-mnc670-lv: Cannot utime: Operation not permitted
build	Cache Android SDK	2026-06-06T12:22:48.5591390Z /usr/bin/tar: ../../../../../usr/local/lib/android/sdk/platforms/android-36-ext19/data/res/values-mcc312-mnc670-lv: Cannot change mode to rwxr-xr-x: Operation not permitted
build	Cache Android SDK	2026-06-06T12:22:48.5594063Z /usr/bin/tar: ../../../../../usr/local/lib/android/sdk/platforms/android-36-ext19/data/res/values-mcc310-mnc220-lo: Cannot utime: Operation not permitted
build	Cache Android SDK	2026-06-06T12:22:48.5594534Z /usr/bin/tar: ../../../../../usr/local/lib/android/sdk/platforms/android-36-ext19/data/res/values-mcc310-mnc220-lo: Cannot change mode to rwxr-xr-x: Operation not permitted
build	Cache Android SDK	2026-06-06T12:22:48.5597594Z /usr/bin/tar: ../../../../../usr/local/lib/android/sdk/platforms/android-36-ext19/data/res/values-mcc310-mnc230-pt-rBR: Cannot utime: Operation not permitted
build	Cache Android SDK	2026-06-06T12:22:48.5598089Z /usr/bin/tar: ../../../../../usr/local/lib/android/sdk/platforms/android-36-ext19/data/res/values-mcc310-mnc230-pt-rBR: Cannot change mode to rwxr-xr-x: Operation not permitted
build	Cache Android SDK	2026-06-06T12:22:48.5601072Z /usr/bin/tar: ../../../../../usr/local/lib/android/sdk/platforms/android-36-ext19/data/res/values-mcc310-mnc380: Cannot utime: Operation not permitted
build	Cache Android SDK	2026-06-06T12:22:48.5601541Z /usr/bin/tar: ../../../../../usr/local/lib/android/sdk/platforms/android-36-ext19/data/res/values-mcc310-mnc380: Cannot change mode to rwxr-xr-x: Operation not permitted
build	Cache Android SDK	2026-06-06T12:22:48.5604310Z /usr/bin/tar: ../../../../../usr/local/lib/android/sdk/platforms/android-36-ext19/data/res/values-mcc310-mnc170-pt: Cannot utime: Operation not permitted
build	Cache Android SDK	2026-06-06T12:22:48.5604787Z /usr/bin/tar: ../../../../../usr/local/lib/android/sdk/platforms/android-36-ext19/data/res/values-mcc310-mnc170-pt: Cannot change mode to rwxr-xr-x: Operation not permitted
build	Cache Android SDK	2026-06-06T12:22:48.5607641Z /usr/bin/tar: ../../../../../usr/local/lib/android/sdk/platforms/android-36-ext19/data/res/values-mcc311-mnc180-ne: Cannot utime: Operation not permitted
build	Cache Android SDK	2026-06-06T12:22:48.5608225Z /usr/bin/tar: ../../../../../usr/local/lib/android/sdk/platforms/android-36-ext19/data/res/values-mcc311-mnc180-ne: Cannot change mode to rwxr-xr-x: Operation not permitted
build	Cache Android SDK	2026-06-06T12:22:48.5610691Z /usr/bin/tar: ../../../../../usr/local/lib/android/sdk/platforms/android-36-ext19/data/res/values-bs-television: Cannot utime: Operation not permitted
build	Cache Android SDK	2026-06-06T12:22:48.5611157Z /usr/bin/tar: ../../../../../usr/local/lib/android/sdk/platforms/android-36-ext19/data/res/values-bs-television: Cannot change mode to rwxr-xr-x: Operation not permitted
build	Cache Android SDK	2026-06-06T12:22:48.5614289Z /usr/bin/tar: ../../../../../usr/local/lib/android/sdk/platforms/android-36-ext19/data/res/values-mcc310-mnc270-ru: Cannot utime: Operation not permitted
build	Cache Android SDK	2026-06-06T12:22:48.5614742Z /usr/bin/tar: ../../../../../usr/local/lib/android/sdk/platforms/android-36-ext19/data/res/values-mcc310-mnc270-ru: Cannot change mode to rwxr-xr-x: Operation not permitted
build	Cache Android SDK	2026-06-06T12:22:48.5617675Z /usr/bin/tar: ../../../../../usr/local/lib/android/sdk/platforms/android-36-ext19/data/res/values-mcc310-mnc220-sk: Cannot utime: Operation not permitted
build	Cache Android SDK	2026-06-06T12:22:48.5618220Z /usr/bin/tar: ../../../../../usr/local/lib/android/sdk/platforms/android-36-ext19/data/res/values-mcc310-mnc220-sk: Cannot change mode to rwxr-xr-x: Operation not permitted
build	Cache Android SDK	2026-06-06T12:22:48.5620301Z /usr/bin/tar: ../../../../../usr/local/lib/android/sdk/platforms/android-36-ext19/data/res/values-mcc310-mnc150: Cannot utime: Operation not permitted
build	Cache Android SDK	2026-06-06T12:22:48.5620756Z /usr/bin/tar: ../../../../../usr/local/lib/android/sdk/platforms/android-36-ext19/data/res/values-mcc310-mnc150: Cannot change mode to rwxr-xr-x: Operation not permitted
build	Cache Android SDK	2026-06-06T12:22:48.5623352Z /usr/bin/tar: ../../../../../usr/local/lib/android/sdk/platforms/android-36-ext19/data/res/values-mcc310-mnc410-sv: Cannot utime: Operation not permitted
build	Cache Android SDK	2026-06-06T12:22:48.5623801Z /usr/bin/tar: ../../../../../usr/local/lib/android/sdk/platforms/android-36-ext19/data/res/values-mcc310-mnc410-sv: Cannot change mode to rwxr-xr-x: Operation not permitted
build	Cache Android SDK	2026-06-06T12:22:48.5626344Z /usr/bin/tar: ../../../../../usr/local/lib/android/sdk/platforms/android-36-ext19/data/res/values-mcc310-mnc210-lv: Cannot utime: Operation not permitted
build	Cache Android SDK	2026-06-06T12:22:48.5626810Z /usr/bin/tar: ../../../../../usr/local/lib/android/sdk/platforms/android-36-ext19/data/res/values-mcc310-mnc210-lv: Cannot change mode to rwxr-xr-x: Operation not permitted
build	Cache Android SDK	2026-06-06T12:22:48.5629589Z /usr/bin/tar: ../../../../../usr/local/lib/android/sdk/platforms/android-36-ext19/data/res/values-mcc310-mnc280-sv: Cannot utime: Operation not permitted
build	Cache Android SDK	2026-06-06T12:22:48.5630195Z /usr/bin/tar: ../../../../../usr/local/lib/android/sdk/platforms/android-36-ext19/data/res/values-mcc310-mnc280-sv: Cannot change mode to rwxr-xr-x: Operation not permitted
build	Cache Android SDK	2026-06-06T12:22:48.5632594Z /usr/bin/tar: ../../../../../usr/local/lib/android/sdk/platforms/android-36-ext19/data/res/values-mcc310-mnc660-ar: Cannot utime: Operation not permitted
build	Cache Android SDK	2026-06-06T12:22:48.5633112Z /usr/bin/tar: ../../../../../usr/local/lib/android/sdk/platforms/android-36-ext19/data/res/values-mcc310-mnc660-ar: Cannot change mode to rwxr-xr-x: Operation not permitted
build	Cache Android SDK	2026-06-06T12:22:48.5639023Z /usr/bin/tar: ../../../../../usr/local/lib/android/sdk/platforms/android-36-ext19/data/res/values-sw: Cannot utime: Operation not permitted
build	Cache Android SDK	2026-06-06T12:22:48.5639554Z /usr/bin/tar: ../../../../../usr/local/lib/android/sdk/platforms/android-36-ext19/data/res/values-sw: Cannot change mode to rwxr-xr-x: Operation not permitted
build	Cache Android SDK	2026-06-06T12:22:48.5642734Z /usr/bin/tar: ../../../../../usr/local/lib/android/sdk/platforms/android-36-ext19/data/res/values-mcc313-mnc100-ne: Cannot utime: Operation not permitted
build	Cache Android SDK	2026-06-06T12:22:48.5643284Z /usr/bin/tar: ../../../../../usr/local/lib/android/sdk/platforms/android-36-ext19/data/res/values-mcc313-mnc100-ne: Cannot change mode to rwxr-xr-x: Operation not permitted
build	Cache Android SDK	2026-06-06T12:22:48.5645246Z /usr/bin/tar: ../../../../../usr/local/lib/android/sdk/platforms/android-36-ext19/data/res/values-mcc310-mnc200-zh-rHK: Cannot utime: Operation not permitted
build	Cache Android SDK	2026-06-06T12:22:48.5645864Z /usr/bin/tar: ../../../../../usr/local/lib/android/sdk/platforms/android-36-ext19/data/res/values-mcc310-mnc200-zh-rHK: Cannot change mode to rwxr-xr-x: Operation not permitted
build	Cache Android SDK	2026-06-06T12:22:48.5648394Z /usr/bin/tar: ../../../../../usr/local/lib/android/sdk/platforms/android-36-ext19/data/res/values-mcc310-mnc310-mn: Cannot utime: Operation not permitted
build	Cache Android SDK	2026-06-06T12:22:48.5648880Z /usr/bin/tar: ../../../../../usr/local/lib/android/sdk/platforms/android-36-ext19/data/res/values-mcc310-mnc310-mn: Cannot change mode to rwxr-xr-x: Operation not permitted
build	Cache Android SDK	2026-06-06T12:22:48.5651579Z /usr/bin/tar: ../../../../../usr/local/lib/android/sdk/platforms/android-36-ext19/data/res/values-w204dp: Cannot utime: Operation not permitted
build	Cache Android SDK	2026-06-06T12:22:48.5652031Z /usr/bin/tar: ../../../../../usr/local/lib/android/sdk/platforms/android-36-ext19/data/res/values-w204dp: Cannot change mode to rwxr-xr-x: Operation not permitted
build	Cache Android SDK	2026-06-06T12:22:48.5654468Z /usr/bin/tar: ../../../../../usr/local/lib/android/sdk/platforms/android-36-ext19/data/res/values-mcc311-mnc180-th: Cannot utime: Operation not permitted
build	Cache Android SDK	2026-06-06T12:22:48.5655031Z /usr/bin/tar: ../../../../../usr/local/lib/android/sdk/platforms/android-36-ext19/data/res/values-mcc311-mnc180-th: Cannot change mode to rwxr-xr-x: Operation not permitted
build	Cache Android SDK	2026-06-06T12:22:48.5657909Z /usr/bin/tar: ../../../../../usr/local/lib/android/sdk/platforms/android-36-ext19/data/res/values-mcc311-mnc180-fr-rCA: Cannot utime: Operation not permitted
build	Cache Android SDK	2026-06-06T12:22:48.5658396Z /usr/bin/tar: ../../../../../usr/local/lib/android/sdk/platforms/android-36-ext19/data/res/values-mcc311-mnc180-fr-rCA: Cannot change mode to rwxr-xr-x: Operation not permitted
build	Cache Android SDK	2026-06-06T12:22:48.5661004Z /usr/bin/tar: ../../../../../usr/local/lib/android/sdk/platforms/android-36-ext19/data/res/values-sl-rSI: Cannot utime: Operation not permitted
build	Cache Android SDK	2026-06-06T12:22:48.5661536Z /usr/bin/tar: ../../../../../usr/local/lib/android/sdk/platforms/android-36-ext19/data/res/values-sl-rSI: Cannot change mode to rwxr-xr-x: Operation not permitted
build	Cache Android SDK	2026-06-06T12:22:48.5663866Z /usr/bin/tar: ../../../../../usr/local/lib/android/sdk/platforms/android-36-ext19/data/res/values-ja-rJP: Cannot utime: Operation not permitted
build	Cache Android SDK	2026-06-06T12:22:48.5664313Z /usr/bin/tar: ../../../../../usr/local/lib/android/sdk/platforms/android-36-ext19/data/res/values-ja-rJP: Cannot change mode to rwxr-xr-x: Operation not permitted
build	Cache Android SDK	2026-06-06T12:22:48.5666936Z /usr/bin/tar: ../../../../../usr/local/lib/android/sdk/platforms/android-36-ext19/data/res/values-mcc313-mnc100-uz: Cannot utime: Operation not permitted
build	Cache Android SDK	2026-06-06T12:22:48.5667572Z /usr/bin/tar: ../../../../../usr/local/lib/android/sdk/platforms/android-36-ext19/data/res/values-mcc313-mnc100-uz: Cannot change mode to rwxr-xr-x: Operation not permitted
build	Cache Android SDK	2026-06-06T12:22:48.5669588Z /usr/bin/tar: ../../../../../usr/local/lib/android/sdk/platforms/android-36-ext19/data/res/values-mcc310-mnc230-vi: Cannot utime: Operation not permitted
build	Cache Android SDK	2026-06-06T12:22:48.5670233Z /usr/bin/tar: ../../../../../usr/local/lib/android/sdk/platforms/android-36-ext19/data/res/values-mcc310-mnc230-vi: Cannot change mode to rwxr-xr-x: Operation not permitted
build	Cache Android SDK	2026-06-06T12:22:48.5673003Z /usr/bin/tar: ../../../../../usr/local/lib/android/sdk/platforms/android-36-ext19/data/res/values-mcc310-mnc560-iw: Cannot utime: Operation not permitted
build	Cache Android SDK	2026-06-06T12:22:48.5673730Z /usr/bin/tar: ../../../../../usr/local/lib/android/sdk/platforms/android-36-ext19/data/res/values-mcc310-mnc560-iw: Cannot change mode to rwxr-xr-x: Operation not permitted
build	Cache Android SDK	2026-06-06T12:22:48.5675701Z /usr/bin/tar: ../../../../../usr/local/lib/android/sdk/platforms/android-36-ext19/data/res/values-mcc310-mnc170-sv: Cannot utime: Operation not permitted
build	Cache Android SDK	2026-06-06T12:22:48.5676533Z /usr/bin/tar: ../../../../../usr/local/lib/android/sdk/platforms/android-36-ext19/data/res/values-mcc310-mnc170-sv: Cannot change mode to rwxr-xr-x: Operation not permitted
build	Cache Android SDK	2026-06-06T12:22:48.5678921Z /usr/bin/tar: ../../../../../usr/local/lib/android/sdk/platforms/android-36-ext19/data/res/values-mcc310-mnc260: Cannot utime: Operation not permitted
build	Cache Android SDK	2026-06-06T12:22:48.5679480Z /usr/bin/tar: ../../../../../usr/local/lib/android/sdk/platforms/android-36-ext19/data/res/values-mcc310-mnc260: Cannot change mode to rwxr-xr-x: Operation not permitted
build	Cache Android SDK	2026-06-06T12:22:48.5681808Z /usr/bin/tar: ../../../../../usr/local/lib/android/sdk/platforms/android-36-ext19/data/res/values-mcc302-mnc720-mr: Cannot utime: Operation not permitted
build	Cache Android SDK	2026-06-06T12:22:48.5682415Z /usr/bin/tar: ../../../../../usr/local/lib/android/sdk/platforms/android-36-ext19/data/res/values-mcc302-mnc720-mr: Cannot change mode to rwxr-xr-x: Operation not permitted
build	Cache Android SDK	2026-06-06T12:22:48.5685482Z /usr/bin/tar: ../../../../../usr/local/lib/android/sdk/platforms/android-36-ext19/data/res/values-mcc310-mnc210-lo: Cannot utime: Operation not permitted
build	Cache Android SDK	2026-06-06T12:22:48.5686096Z /usr/bin/tar: ../../../../../usr/local/lib/android/sdk/platforms/android-36-ext19/data/res/values-mcc310-mnc210-lo: Cannot change mode to rwxr-xr-x: Operation not permitted
build	Cache Android SDK	2026-06-06T12:22:48.5688918Z /usr/bin/tar: ../../../../../usr/local/lib/android/sdk/platforms/android-36-ext19/data/res/values-mcc310-mnc150-af: Cannot utime: Operation not permitted
build	Cache Android SDK	2026-06-06T12:22:48.5689390Z /usr/bin/tar: ../../../../../usr/local/lib/android/sdk/platforms/android-36-ext19/data/res/values-mcc310-mnc150-af: Cannot change mode to rwxr-xr-x: Operation not permitted
build	Cache Android SDK	2026-06-06T12:22:48.5692943Z /usr/bin/tar: ../../../../../usr/local/lib/android/sdk/platforms/android-36-ext19/data/res/layout-car: Cannot utime: Operation not permitted
build	Cache Android SDK	2026-06-06T12:22:48.5693420Z /usr/bin/tar: ../../../../../usr/local/lib/android/sdk/platforms/android-36-ext19/data/res/layout-car: Cannot change mode to rwxr-xr-x: Operation not permitted
build	Cache Android SDK	2026-06-06T12:22:48.5695663Z /usr/bin/tar: ../../../../../usr/local/lib/android/sdk/platforms/android-36-ext19/data/res/values-mcc310-mnc270-iw: Cannot utime: Operation not permitted
build	Cache Android SDK	2026-06-06T12:22:48.5696264Z /usr/bin/tar: ../../../../../usr/local/lib/android/sdk/platforms/android-36-ext19/data/res/values-mcc310-mnc270-iw: Cannot change mode to rwxr-xr-x: Operation not permitted
build	Cache Android SDK	2026-06-06T12:22:48.5699116Z /usr/bin/tar: ../../../../../usr/local/lib/android/sdk/platforms/android-36-ext19/data/res/values-mcc310-mnc660-ne: Cannot utime: Operation not permitted
build	Cache Android SDK	2026-06-06T12:22:48.5699605Z /usr/bin/tar: ../../../../../usr/local/lib/android/sdk/platforms/android-36-ext19/data/res/values-mcc310-mnc660-ne: Cannot change mode to rwxr-xr-x: Operation not permitted
build	Cache Android SDK	2026-06-06T12:22:48.5701860Z /usr/bin/tar: ../../../../../usr/local/lib/android/sdk/platforms/android-36-ext19/data/res/values-sw-rTZ: Cannot utime: Operation not permitted
build	Cache Android SDK	2026-06-06T12:22:48.5702319Z /usr/bin/tar: ../../../../../usr/local/lib/android/sdk/platforms/android-36-ext19/data/res/values-sw-rTZ: Cannot change mode to rwxr-xr-x: Operation not permitted
build	Cache Android SDK	2026-06-06T12:22:48.5704727Z /usr/bin/tar: ../../../../../usr/local/lib/android/sdk/platforms/android-36-ext19/data/res/values-mcc310-mnc160-zu: Cannot utime: Operation not permitted
build	Cache Android SDK	2026-06-06T12:22:48.5705205Z /usr/bin/tar: ../../../../../usr/local/lib/android/sdk/platforms/android-36-ext19/data/res/values-mcc310-mnc160-zu: Cannot change mode to rwxr-xr-x: Operation not permitted
build	Cache Android SDK	2026-06-06T12:22:48.5707957Z /usr/bin/tar: ../../../../../usr/local/lib/android/sdk/platforms/android-36-ext19/data/res/values-mcc334-mnc020-ne: Cannot utime: Operation not permitted
build	Cache Android SDK	2026-06-06T12:22:48.5708426Z /usr/bin/tar: ../../../../../usr/local/lib/android/sdk/platforms/android-36-ext19/data/res/values-mcc334-mnc020-ne: Cannot change mode to rwxr-xr-x: Operation not permitted
build	Cache Android SDK	2026-06-06T12:22:48.5710607Z /usr/bin/tar: ../../../../../usr/local/lib/android/sdk/platforms/android-36-ext19/data/res/values-mcc302-mnc720-ro: Cannot utime: Operation not permitted
build	Cache Android SDK	2026-06-06T12:22:48.5711079Z /usr/bin/tar: ../../../../../usr/local/lib/android/sdk/platforms/android-36-ext19/data/res/values-mcc302-mnc720-ro: Cannot change mode to rwxr-xr-x: Operation not permitted
build	Cache Android SDK	2026-06-06T12:22:48.5713398Z /usr/bin/tar: ../../../../../usr/local/lib/android/sdk/platforms/android-36-ext19/data/res/values-mcc310-mnc490-en-rGB: Cannot utime: Operation not permitted
build	Cache Android SDK	2026-06-06T12:22:48.5713889Z /usr/bin/tar: ../../../../../usr/local/lib/android/sdk/platforms/android-36-ext19/data/res/values-mcc310-mnc490-en-rGB: Cannot change mode to rwxr-xr-x: Operation not permitted
build	Cache Android SDK	2026-06-06T12:22:48.5716321Z /usr/bin/tar: ../../../../../usr/local/lib/android/sdk/platforms/android-36-ext19/data/res/values-de-rDE: Cannot utime: Operation not permitted
build	Cache Android SDK	2026-06-06T12:22:48.5716763Z /usr/bin/tar: ../../../../../usr/local/lib/android/sdk/platforms/android-36-ext19/data/res/values-de-rDE: Cannot change mode to rwxr-xr-x: Operation not permitted
build	Cache Android SDK	2026-06-06T12:22:48.5719268Z /usr/bin/tar: ../../../../../usr/local/lib/android/sdk/platforms/android-36-ext19/data/res/values-mcc334-mnc020-ml: Cannot utime: Operation not permitted
build	Cache Android SDK	2026-06-06T12:22:48.5719845Z /usr/bin/tar: ../../../../../usr/local/lib/android/sdk/platforms/android-36-ext19/data/res/values-mcc334-mnc020-ml: Cannot change mode to rwxr-xr-x: Operation not permitted
build	Cache Android SDK	2026-06-06T12:22:48.5722464Z /usr/bin/tar: ../../../../../usr/local/lib/android/sdk/platforms/android-36-ext19/data/res/values-mcc334-mnc020-zh-rCN: Cannot utime: Operation not permitted
build	Cache Android SDK	2026-06-06T12:22:48.5723439Z /usr/bin/tar: ../../../../../usr/local/lib/android/sdk/platforms/android-36-ext19/data/res/values-mcc334-mnc020-zh-rCN: Cannot change mode to rwxr-xr-x: Operation not permitted
build	Cache Android SDK	2026-06-06T12:22:48.5725936Z /usr/bin/tar: ../../../../../usr/local/lib/android/sdk/platforms/android-36-ext19/data/res/values-mcc310-mnc150-te: Cannot utime: Operation not permitted
build	Cache Android SDK	2026-06-06T12:22:48.5726555Z /usr/bin/tar: ../../../../../usr/local/lib/android/sdk/platforms/android-36-ext19/data/res/values-mcc310-mnc150-te: Cannot change mode to rwxr-xr-x: Operation not permitted
build	Cache Android SDK	2026-06-06T12:22:48.5728995Z /usr/bin/tar: ../../../../../usr/local/lib/android/sdk/platforms/android-36-ext19/data/res/values-mcc310-mnc200-b+sr+Latn: Cannot utime: Operation not permitted
build	Cache Android SDK	2026-06-06T12:22:48.5729625Z /usr/bin/tar: ../../../../../usr/local/lib/android/sdk/platforms/android-36-ext19/data/res/values-mcc310-mnc200-b+sr+Latn: Cannot change mode to rwxr-xr-x: Operation not permitted
build	Cache Android SDK	2026-06-06T12:22:48.5732228Z /usr/bin/tar: ../../../../../usr/local/lib/android/sdk/platforms/android-36-ext19/data/res/values-mcc310-mnc150-ml: Cannot utime: Operation not permitted
build	Cache Android SDK	2026-06-06T12:22:48.5732703Z /usr/bin/tar: ../../../../../usr/local/lib/android/sdk/platforms/android-36-ext19/data/res/values-mcc310-mnc150-ml: Cannot change mode to rwxr-xr-x: Operation not permitted
build	Cache Android SDK	2026-06-06T12:22:48.5735283Z /usr/bin/tar: ../../../../../usr/local/lib/android/sdk/platforms/android-36-ext19/data/res/values-mcc001-mnc01-ja: Cannot utime: Operation not permitted
build	Cache Android SDK	2026-06-06T12:22:48.5735762Z /usr/bin/tar: ../../../../../usr/local/lib/android/sdk/platforms/android-36-ext19/data/res/values-mcc001-mnc01-ja: Cannot change mode to rwxr-xr-x: Operation not permitted
build	Cache Android SDK	2026-06-06T12:22:48.5738378Z /usr/bin/tar: ../../../../../usr/local/lib/android/sdk/platforms/android-36-ext19/data/res/values-mcc310-mnc150-uk: Cannot utime: Operation not permitted
build	Cache Android SDK	2026-06-06T12:22:48.5738860Z /usr/bin/tar: ../../../../../usr/local/lib/android/sdk/platforms/android-36-ext19/data/res/values-mcc310-mnc150-uk: Cannot change mode to rwxr-xr-x: Operation not permitted
build	Cache Android SDK	2026-06-06T12:22:48.5742083Z /usr/bin/tar: ../../../../../usr/local/lib/android/sdk/platforms/android-36-ext19/data/res/values-mcc334-mnc020-de: Cannot utime: Operation not permitted
build	Cache Android SDK	2026-06-06T12:22:48.5742550Z /usr/bin/tar: ../../../../../usr/local/lib/android/sdk/platforms/android-36-ext19/data/res/values-mcc334-mnc020-de: Cannot change mode to rwxr-xr-x: Operation not permitted
build	Cache Android SDK	2026-06-06T12:22:48.5745294Z /usr/bin/tar: ../../../../../usr/local/lib/android/sdk/platforms/android-36-ext19/data/res/values-mcc310-mnc230-es: Cannot utime: Operation not permitted
build	Cache Android SDK	2026-06-06T12:22:48.5745855Z /usr/bin/tar: ../../../../../usr/local/lib/android/sdk/platforms/android-36-ext19/data/res/values-mcc310-mnc230-es: Cannot change mode to rwxr-xr-x: Operation not permitted
build	Cache Android SDK	2026-06-06T12:22:48.5748122Z /usr/bin/tar: ../../../../../usr/local/lib/android/sdk/platforms/android-36-ext19/data/res/values-mcc310-mnc280-fr: Cannot utime: Operation not permitted
build	Cache Android SDK	2026-06-06T12:22:48.5748591Z /usr/bin/tar: ../../../../../usr/local/lib/android/sdk/platforms/android-36-ext19/data/res/values-mcc310-mnc280-fr: Cannot change mode to rwxr-xr-x: Operation not permitted
build	Cache Android SDK	2026-06-06T12:22:48.5750921Z /usr/bin/tar: ../../../../../usr/local/lib/android/sdk/platforms/android-36-ext19/data/res/values-mcc302-mnc370-eu: Cannot utime: Operation not permitted
build	Cache Android SDK	2026-06-06T12:22:48.5751397Z /usr/bin/tar: ../../../../../usr/local/lib/android/sdk/platforms/android-36-ext19/data/res/values-mcc302-mnc370-eu: Cannot change mode to rwxr-xr-x: Operation not permitted
build	Cache Android SDK	2026-06-06T12:22:48.5754146Z /usr/bin/tar: ../../../../../usr/local/lib/android/sdk/platforms/android-36-ext19/data/res/values-mcc334-mnc020-ja: Cannot utime: Operation not permitted
build	Cache Android SDK	2026-06-06T12:22:48.5754711Z /usr/bin/tar: ../../../../../usr/local/lib/android/sdk/platforms/android-36-ext19/data/res/values-mcc334-mnc020-ja: Cannot change mode to rwxr-xr-x: Operation not permitted
build	Cache Android SDK	2026-06-06T12:22:48.5756924Z /usr/bin/tar: ../../../../../usr/local/lib/android/sdk/platforms/android-36-ext19/data/res/values-mcc310-mnc250-my: Cannot utime: Operation not permitted
build	Cache Android SDK	2026-06-06T12:22:48.5757528Z /usr/bin/tar: ../../../../../usr/local/lib/android/sdk/platforms/android-36-ext19/data/res/values-mcc310-mnc250-my: Cannot change mode to rwxr-xr-x: Operation not permitted
build	Cache Android SDK	2026-06-06T12:22:48.5759855Z /usr/bin/tar: ../../../../../usr/local/lib/android/sdk/platforms/android-36-ext19/data/res/values-mcc310-mnc380-b+sr+Latn: Cannot utime: Operation not permitted
build	Cache Android SDK	2026-06-06T12:22:48.5760440Z /usr/bin/tar: ../../../../../usr/local/lib/android/sdk/platforms/android-36-ext19/data/res/values-mcc310-mnc380-b+sr+Latn: Cannot change mode to rwxr-xr-x: Operation not permitted
build	Cache Android SDK	2026-06-06T12:22:48.5762990Z /usr/bin/tar: ../../../../../usr/local/lib/android/sdk/platforms/android-36-ext19/data/res/values-de-feminine: Cannot utime: Operation not permitted
build	Cache Android SDK	2026-06-06T12:22:48.5763455Z /usr/bin/tar: ../../../../../usr/local/lib/android/sdk/platforms/android-36-ext19/data/res/values-de-feminine: Cannot change mode to rwxr-xr-x: Operation not permitted
build	Cache Android SDK	2026-06-06T12:22:48.5765883Z /usr/bin/tar: ../../../../../usr/local/lib/android/sdk/platforms/android-36-ext19/data/res/values-mcc405: Cannot utime: Operation not permitted
build	Cache Android SDK	2026-06-06T12:22:48.5766326Z /usr/bin/tar: ../../../../../usr/local/lib/android/sdk/platforms/android-36-ext19/data/res/values-mcc405: Cannot change mode to rwxr-xr-x: Operation not permitted
build	Cache Android SDK	2026-06-06T12:22:48.5769206Z /usr/bin/tar: ../../../../../usr/local/lib/android/sdk/platforms/android-36-ext19/data/res/values-mcc310-mnc560-km: Cannot utime: Operation not permitted
build	Cache Android SDK	2026-06-06T12:22:48.5769773Z /usr/bin/tar: ../../../../../usr/local/lib/android/sdk/platforms/android-36-ext19/data/res/values-mcc310-mnc560-km: Cannot change mode to rwxr-xr-x: Operation not permitted
build	Cache Android SDK	2026-06-06T12:22:48.5775493Z /usr/bin/tar: ../../../../../usr/local/lib/android/sdk/platforms/android-36-ext19/data/res/values-is: Cannot utime: Operation not permitted
build	Cache Android SDK	2026-06-06T12:22:48.5775935Z /usr/bin/tar: ../../../../../usr/local/lib/android/sdk/platforms/android-36-ext19/data/res/values-is: Cannot change mode to rwxr-xr-x: Operation not permitted
build	Cache Android SDK	2026-06-06T12:22:48.5778780Z /usr/bin/tar: ../../../../../usr/local/lib/android/sdk/platforms/android-36-ext19/data/res/values-es-rUS-neuter: Cannot utime: Operation not permitted
build	Cache Android SDK	2026-06-06T12:22:48.5779248Z /usr/bin/tar: ../../../../../usr/local/lib/android/sdk/platforms/android-36-ext19/data/res/values-es-rUS-neuter: Cannot change mode to rwxr-xr-x: Operation not permitted
build	Cache Android SDK	2026-06-06T12:22:48.5782195Z /usr/bin/tar: ../../../../../usr/local/lib/android/sdk/platforms/android-36-ext19/data/res/values-mcc334-mnc020-it: Cannot utime: Operation not permitted
build	Cache Android SDK	2026-06-06T12:22:48.5782758Z /usr/bin/tar: ../../../../../usr/local/lib/android/sdk/platforms/android-36-ext19/data/res/values-mcc334-mnc020-it: Cannot change mode to rwxr-xr-x: Operation not permitted
build	Cache Android SDK	2026-06-06T12:22:48.5785903Z /usr/bin/tar: ../../../../../usr/local/lib/android/sdk/platforms/android-36-ext19/data/res/values-mcc310-mnc230-nl: Cannot utime: Operation not permitted
build	Cache Android SDK	2026-06-06T12:22:48.5786358Z /usr/bin/tar: ../../../../../usr/local/lib/android/sdk/platforms/android-36-ext19/data/res/values-mcc310-mnc230-nl: Cannot change mode to rwxr-xr-x: Operation not permitted
build	Cache Android SDK	2026-06-06T12:22:48.5789208Z /usr/bin/tar: ../../../../../usr/local/lib/android/sdk/platforms/android-36-ext19/data/res/values-mcc310-mnc800-vi: Cannot utime: Operation not permitted
build	Cache Android SDK	2026-06-06T12:22:48.5789674Z /usr/bin/tar: ../../../../../usr/local/lib/android/sdk/platforms/android-36-ext19/data/res/values-mcc310-mnc800-vi: Cannot change mode to rwxr-xr-x: Operation not permitted
build	Cache Android SDK	2026-06-06T12:22:48.5792331Z /usr/bin/tar: ../../../../../usr/local/lib/android/sdk/platforms/android-36-ext19/data/res/values-ta-television: Cannot utime: Operation not permitted
build	Cache Android SDK	2026-06-06T12:22:48.5792865Z /usr/bin/tar: ../../../../../usr/local/lib/android/sdk/platforms/android-36-ext19/data/res/values-ta-television: Cannot change mode to rwxr-xr-x: Operation not permitted
build	Cache Android SDK	2026-06-06T12:22:48.5795494Z /usr/bin/tar: ../../../../../usr/local/lib/android/sdk/platforms/android-36-ext19/data/res/values-mcc302-mnc370-bs: Cannot utime: Operation not permitted
build	Cache Android SDK	2026-06-06T12:22:48.5795952Z /usr/bin/tar: ../../../../../usr/local/lib/android/sdk/platforms/android-36-ext19/data/res/values-mcc302-mnc370-bs: Cannot change mode to rwxr-xr-x: Operation not permitted
build	Cache Android SDK	2026-06-06T12:22:48.5800642Z /usr/bin/tar: ../../../../../usr/local/lib/android/sdk/platforms/android-36-ext19/data/res/values-sw600dp: Cannot utime: Operation not permitted
build	Cache Android SDK	2026-06-06T12:22:48.5801159Z /usr/bin/tar: ../../../../../usr/local/lib/android/sdk/platforms/android-36-ext19/data/res/values-sw600dp: Cannot change mode to rwxr-xr-x: Operation not permitted
build	Cache Android SDK	2026-06-06T12:22:48.5803649Z /usr/bin/tar: ../../../../../usr/local/lib/android/sdk/platforms/android-36-ext19/data/res/values-mcc310-mnc490-pl: Cannot utime: Operation not permitted
build	Cache Android SDK	2026-06-06T12:22:48.5804121Z /usr/bin/tar: ../../../../../usr/local/lib/android/sdk/platforms/android-36-ext19/data/res/values-mcc310-mnc490-pl: Cannot change mode to rwxr-xr-x: Operation not permitted
build	Cache Android SDK	2026-06-06T12:22:48.5806952Z /usr/bin/tar: ../../../../../usr/local/lib/android/sdk/platforms/android-36-ext19/data/res/values-mcc313-mnc100-da: Cannot utime: Operation not permitted
build	Cache Android SDK	2026-06-06T12:22:48.5807592Z /usr/bin/tar: ../../../../../usr/local/lib/android/sdk/platforms/android-36-ext19/data/res/values-mcc313-mnc100-da: Cannot change mode to rwxr-xr-x: Operation not permitted
build	Cache Android SDK	2026-06-06T12:22:48.5809825Z /usr/bin/tar: ../../../../../usr/local/lib/android/sdk/platforms/android-36-ext19/data/res/values-mcc313-mnc100-ta: Cannot utime: Operation not permitted
build	Cache Android SDK	2026-06-06T12:22:48.5810373Z /usr/bin/tar: ../../../../../usr/local/lib/android/sdk/platforms/android-36-ext19/data/res/values-mcc313-mnc100-ta: Cannot change mode to rwxr-xr-x: Operation not permitted
build	Cache Android SDK	2026-06-06T12:22:48.5813321Z /usr/bin/tar: ../../../../../usr/local/lib/android/sdk/platforms/android-36-ext19/data/res/values-mcc310-mnc220-sq: Cannot utime: Operation not permitted
build	Cache Android SDK	2026-06-06T12:22:48.5814381Z /usr/bin/tar: ../../../../../usr/local/lib/android/sdk/platforms/android-36-ext19/data/res/values-mcc310-mnc220-sq: Cannot change mode to rwxr-xr-x: Operation not permitted
build	Cache Android SDK	2026-06-06T12:22:48.5816735Z /usr/bin/tar: ../../../../../usr/local/lib/android/sdk/platforms/android-36-ext19/data/res/values-mcc310-mnc250-zh-rCN: Cannot utime: Operation not permitted
build	Cache Android SDK	2026-06-06T12:22:48.5817903Z /usr/bin/tar: ../../../../../usr/local/lib/android/sdk/platforms/android-36-ext19/data/res/values-mcc310-mnc250-zh-rCN: Cannot change mode to rwxr-xr-x: Operation not permitted
build	Cache Android SDK	2026-06-06T12:22:48.5820089Z /usr/bin/tar: ../../../../../usr/local/lib/android/sdk/platforms/android-36-ext19/data/res/values-mcc310-mnc150-gu: Cannot utime: Operation not permitted
build	Cache Android SDK	2026-06-06T12:22:48.5821077Z /usr/bin/tar: ../../../../../usr/local/lib/android/sdk/platforms/android-36-ext19/data/res/values-mcc310-mnc150-gu: Cannot change mode to rwxr-xr-x: Operation not permitted
build	Cache Android SDK	2026-06-06T12:22:48.5824916Z /usr/bin/tar: ../../../../../usr/local/lib/android/sdk/platforms/android-36-ext19/data/res/values-mcc310-mnc230-si: Cannot utime: Operation not permitted
build	Cache Android SDK	2026-06-06T12:22:48.5826022Z /usr/bin/tar: ../../../../../usr/local/lib/android/sdk/platforms/android-36-ext19/data/res/values-mcc310-mnc230-si: Cannot change mode to rwxr-xr-x: Operation not permitted
build	Cache Android SDK	2026-06-06T12:22:48.5829294Z /usr/bin/tar: ../../../../../usr/local/lib/android/sdk/platforms/android-36-ext19/data/res/values-mcc311-mnc180-ar: Cannot utime: Operation not permitted
build	Cache Android SDK	2026-06-06T12:22:48.5830271Z /usr/bin/tar: ../../../../../usr/local/lib/android/sdk/platforms/android-36-ext19/data/res/values-mcc311-mnc180-ar: Cannot change mode to rwxr-xr-x: Operation not permitted
build	Cache Android SDK	2026-06-06T12:22:48.5831990Z /usr/bin/tar: ../../../../../usr/local/lib/android/sdk/platforms/android-36-ext19/data/res/values-mcc310-mnc800-ca: Cannot utime: Operation not permitted
build	Cache Android SDK	2026-06-06T12:22:48.5832957Z /usr/bin/tar: ../../../../../usr/local/lib/android/sdk/platforms/android-36-ext19/data/res/values-mcc310-mnc800-ca: Cannot change mode to rwxr-xr-x: Operation not permitted
build	Cache Android SDK	2026-06-06T12:22:48.5835202Z /usr/bin/tar: ../../../../../usr/local/lib/android/sdk/platforms/android-36-ext19/data/res/values-mcc310-mnc560-as: Cannot utime: Operation not permitted
build	Cache Android SDK	2026-06-06T12:22:48.5836167Z /usr/bin/tar: ../../../../../usr/local/lib/android/sdk/platforms/android-36-ext19/data/res/values-mcc310-mnc560-as: Cannot change mode to rwxr-xr-x: Operation not permitted
build	Cache Android SDK	2026-06-06T12:22:48.5838771Z /usr/bin/tar: ../../../../../usr/local/lib/android/sdk/platforms/android-36-ext19/data/res/values-mcc310-mnc310-zh-rCN: Cannot utime: Operation not permitted
build	Cache Android SDK	2026-06-06T12:22:48.5839792Z /usr/bin/tar: ../../../../../usr/local/lib/android/sdk/platforms/android-36-ext19/data/res/values-mcc310-mnc310-zh-rCN: Cannot change mode to rwxr-xr-x: Operation not permitted
build	Cache Android SDK	2026-06-06T12:22:48.5841538Z /usr/bin/tar: ../../../../../usr/local/lib/android/sdk/platforms/android-36-ext19/data/res/values-mcc310-mnc800-gl: Cannot utime: Operation not permitted
build	Cache Android SDK	2026-06-06T12:22:48.5842523Z /usr/bin/tar: ../../../../../usr/local/lib/android/sdk/platforms/android-36-ext19/data/res/values-mcc310-mnc800-gl: Cannot change mode to rwxr-xr-x: Operation not permitted
build	Cache Android SDK	2026-06-06T12:22:48.5845119Z /usr/bin/tar: ../../../../../usr/local/lib/android/sdk/platforms/android-36-ext19/data/res/values-mcc310-mnc240-si: Cannot utime: Operation not permitted
build	Cache Android SDK	2026-06-06T12:22:48.5846098Z /usr/bin/tar: ../../../../../usr/local/lib/android/sdk/platforms/android-36-ext19/data/res/values-mcc310-mnc240-si: Cannot change mode to rwxr-xr-x: Operation not permitted
build	Cache Android SDK	2026-06-06T12:22:48.5850914Z /usr/bin/tar: ../../../../../usr/local/lib/android/sdk/platforms/android-36-ext19/data/res/values-mcc313-mnc100-en-rAU: Cannot utime: Operation not permitted
build	Cache Android SDK	2026-06-06T12:22:48.5852332Z /usr/bin/tar: ../../../../../usr/local/lib/android/sdk/platforms/android-36-ext19/data/res/values-mcc313-mnc100-en-rAU: Cannot change mode to rwxr-xr-x: Operation not permitted
build	Cache Android SDK	2026-06-06T12:22:48.5853317Z /usr/bin/tar: ../../../../../usr/local/lib/android/sdk/platforms/android-36-ext19/data/res/values-mcc310-mnc280-sk: Cannot utime: Operation not permitted
build	Cache Android SDK	2026-06-06T12:22:48.5854273Z /usr/bin/tar: ../../../../../usr/local/lib/android/sdk/platforms/android-36-ext19/data/res/values-mcc310-mnc280-sk: Cannot change mode to rwxr-xr-x: Operation not permitted
build	Cache Android SDK	2026-06-06T12:22:48.5855705Z /usr/bin/tar: ../../../../../usr/local/lib/android/sdk/platforms/android-36-ext19/data/res/values-mcc310-mnc170-or: Cannot utime: Operation not permitted
build	Cache Android SDK	2026-06-06T12:22:48.5856805Z /usr/bin/tar: ../../../../../usr/local/lib/android/sdk/platforms/android-36-ext19/data/res/values-mcc310-mnc170-or: Cannot change mode to rwxr-xr-x: Operation not permitted
build	Cache Android SDK	2026-06-06T12:22:48.5858656Z /usr/bin/tar: ../../../../../usr/local/lib/android/sdk/platforms/android-36-ext19/data/res/values-mcc310-mnc200-ko: Cannot utime: Operation not permitted
build	Cache Android SDK	2026-06-06T12:22:48.5859618Z /usr/bin/tar: ../../../../../usr/local/lib/android/sdk/platforms/android-36-ext19/data/res/values-mcc310-mnc200-ko: Cannot change mode to rwxr-xr-x: Operation not permitted
build	Cache Android SDK	2026-06-06T12:22:48.5861990Z /usr/bin/tar: ../../../../../usr/local/lib/android/sdk/platforms/android-36-ext19/data/res/values-mcc310-mnc270-b+sr+Latn: Cannot utime: Operation not permitted
build	Cache Android SDK	2026-06-06T12:22:48.5863031Z /usr/bin/tar: ../../../../../usr/local/lib/android/sdk/platforms/android-36-ext19/data/res/values-mcc310-mnc270-b+sr+Latn: Cannot change mode to rwxr-xr-x: Operation not permitted
build	Cache Android SDK	2026-06-06T12:22:48.5865387Z /usr/bin/tar: ../../../../../usr/local/lib/android/sdk/platforms/android-36-ext19/data/res/values-uz-television: Cannot utime: Operation not permitted
build	Cache Android SDK	2026-06-06T12:22:48.5866472Z /usr/bin/tar: ../../../../../usr/local/lib/android/sdk/platforms/android-36-ext19/data/res/values-uz-television: Cannot change mode to rwxr-xr-x: Operation not permitted
build	Cache Android SDK	2026-06-06T12:22:48.5868865Z /usr/bin/tar: ../../../../../usr/local/lib/android/sdk/platforms/android-36-ext19/data/res/values-mcc310-mnc030-tr: Cannot utime: Operation not permitted
build	Cache Android SDK	2026-06-06T12:22:48.5869833Z /usr/bin/tar: ../../../../../usr/local/lib/android/sdk/platforms/android-36-ext19/data/res/values-mcc310-mnc030-tr: Cannot change mode to rwxr-xr-x: Operation not permitted
build	Cache Android SDK	2026-06-06T12:22:48.5872052Z /usr/bin/tar: ../../../../../usr/local/lib/android/sdk/platforms/android-36-ext19/data/res/values-vi-television: Cannot utime: Operation not permitted
build	Cache Android SDK	2026-06-06T12:22:48.5872995Z /usr/bin/tar: ../../../../../usr/local/lib/android/sdk/platforms/android-36-ext19/data/res/values-vi-television: Cannot change mode to rwxr-xr-x: Operation not permitted
build	Cache Android SDK	2026-06-06T12:22:48.5874998Z /usr/bin/tar: ../../../../../usr/local/lib/android/sdk/platforms/android-36-ext19/data/res/values-mcc310-mnc800-sv: Cannot utime: Operation not permitted
build	Cache Android SDK	2026-06-06T12:22:48.5875949Z /usr/bin/tar: ../../../../../usr/local/lib/android/sdk/platforms/android-36-ext19/data/res/values-mcc310-mnc800-sv: Cannot change mode to rwxr-xr-x: Operation not permitted
build	Cache Android SDK	2026-06-06T12:22:48.5877932Z /usr/bin/tar: ../../../../../usr/local/lib/android/sdk/platforms/android-36-ext19/data/res/values-mcc001-mnc01-mn: Cannot utime: Operation not permitted
build	Cache Android SDK	2026-06-06T12:22:48.5878881Z /usr/bin/tar: ../../../../../usr/local/lib/android/sdk/platforms/android-36-ext19/data/res/values-mcc001-mnc01-mn: Cannot change mode to rwxr-xr-x: Operation not permitted
build	Cache Android SDK	2026-06-06T12:22:48.5880893Z /usr/bin/tar: ../../../../../usr/local/lib/android/sdk/platforms/android-36-ext19/data/res/values-mcc001-mnc01-sk: Cannot utime: Operation not permitted
build	Cache Android SDK	2026-06-06T12:22:48.5881920Z /usr/bin/tar: ../../../../../usr/local/lib/android/sdk/platforms/android-36-ext19/data/res/values-mcc001-mnc01-sk: Cannot change mode to rwxr-xr-x: Operation not permitted
build	Cache Android SDK	2026-06-06T12:22:48.5883915Z /usr/bin/tar: ../../../../../usr/local/lib/android/sdk/platforms/android-36-ext19/data/res/values-mcc311-mnc180-ko: Cannot utime: Operation not permitted
build	Cache Android SDK	2026-06-06T12:22:48.5884874Z /usr/bin/tar: ../../../../../usr/local/lib/android/sdk/platforms/android-36-ext19/data/res/values-mcc311-mnc180-ko: Cannot change mode to rwxr-xr-x: Operation not permitted
build	Cache Android SDK	2026-06-06T12:22:48.5889194Z /usr/bin/tar: ../../../../../usr/local/lib/android/sdk/platforms/android-36-ext19/data/res/raw-fi: Cannot utime: Operation not permitted
build	Cache Android SDK	2026-06-06T12:22:48.5890066Z /usr/bin/tar: ../../../../../usr/local/lib/android/sdk/platforms/android-36-ext19/data/res/raw-fi: Cannot change mode to rwxr-xr-x: Operation not permitted
build	Cache Android SDK	2026-06-06T12:22:48.5892401Z /usr/bin/tar: ../../../../../usr/local/lib/android/sdk/platforms/android-36-ext19/data/res/values-mcc313-mnc100-gu: Cannot utime: Operation not permitted
build	Cache Android SDK	2026-06-06T12:22:48.5893459Z /usr/bin/tar: ../../../../../usr/local/lib/android/sdk/platforms/android-36-ext19/data/res/values-mcc313-mnc100-gu: Cannot change mode to rwxr-xr-x: Operation not permitted
build	Cache Android SDK	2026-06-06T12:22:48.5895790Z /usr/bin/tar: ../../../../../usr/local/lib/android/sdk/platforms/android-36-ext19/data/res/values-mcc310-mnc240-lv: Cannot utime: Operation not permitted
build	Cache Android SDK	2026-06-06T12:22:48.5896729Z /usr/bin/tar: ../../../../../usr/local/lib/android/sdk/platforms/android-36-ext19/data/res/values-mcc310-mnc240-lv: Cannot change mode to rwxr-xr-x: Operation not permitted
build	Cache Android SDK	2026-06-06T12:22:48.5899428Z /usr/bin/tar: ../../../../../usr/local/lib/android/sdk/platforms/android-36-ext19/data/res/values-mcc310-mnc280-zh-rCN: Cannot utime: Operation not permitted
build	Cache Android SDK	2026-06-06T12:22:48.5900431Z /usr/bin/tar: ../../../../../usr/local/lib/android/sdk/platforms/android-36-ext19/data/res/values-mcc310-mnc280-zh-rCN: Cannot change mode to rwxr-xr-x: Operation not permitted
build	Cache Android SDK	2026-06-06T12:22:48.5903023Z /usr/bin/tar: ../../../../../usr/local/lib/android/sdk/platforms/android-36-ext19/data/res/values-en-rNZ: Cannot utime: Operation not permitted
build	Cache Android SDK	2026-06-06T12:22:48.5904005Z /usr/bin/tar: ../../../../../usr/local/lib/android/sdk/platforms/android-36-ext19/data/res/values-en-rNZ: Cannot change mode to rwxr-xr-x: Operation not permitted
build	Cache Android SDK	2026-06-06T12:22:48.5906553Z /usr/bin/tar: ../../../../../usr/local/lib/android/sdk/platforms/android-36-ext19/data/res/values-mcc310-mnc240-fr: Cannot utime: Operation not permitted
build	Cache Android SDK	2026-06-06T12:22:48.5907652Z /usr/bin/tar: ../../../../../usr/local/lib/android/sdk/platforms/android-36-ext19/data/res/values-mcc310-mnc240-fr: Cannot change mode to rwxr-xr-x: Operation not permitted
build	Cache Android SDK	2026-06-06T12:22:48.5909945Z /usr/bin/tar: ../../../../../usr/local/lib/android/sdk/platforms/android-36-ext19/data/res/values-mcc310-mnc250-si: Cannot utime: Operation not permitted
build	Cache Android SDK	2026-06-06T12:22:48.5911014Z /usr/bin/tar: ../../../../../usr/local/lib/android/sdk/platforms/android-36-ext19/data/res/values-mcc310-mnc250-si: Cannot change mode to rwxr-xr-x: Operation not permitted
build	Cache Android SDK	2026-06-06T12:22:48.5914529Z /usr/bin/tar: ../../../../../usr/local/lib/android/sdk/platforms/android-36-ext19/data/res/values-mcc310-mnc170-ja: Cannot utime: Operation not permitted
build	Cache Android SDK	2026-06-06T12:22:48.5915490Z /usr/bin/tar: ../../../../../usr/local/lib/android/sdk/platforms/android-36-ext19/data/res/values-mcc310-mnc170-ja: Cannot change mode to rwxr-xr-x: Operation not permitted
build	Cache Android SDK	2026-06-06T12:22:48.5917921Z /usr/bin/tar: ../../../../../usr/local/lib/android/sdk/platforms/android-36-ext19/data/res/values-mcc302-mnc720-hu: Cannot utime: Operation not permitted
build	Cache Android SDK	2026-06-06T12:22:48.5918883Z /usr/bin/tar: ../../../../../usr/local/lib/android/sdk/platforms/android-36-ext19/data/res/values-mcc302-mnc720-hu: Cannot change mode to rwxr-xr-x: Operation not permitted
build	Cache Android SDK	2026-06-06T12:22:48.5921464Z /usr/bin/tar: ../../../../../usr/local/lib/android/sdk/platforms/android-36-ext19/data/res/values-mcc310-mnc160-zh-rTW: Cannot utime: Operation not permitted
build	Cache Android SDK	2026-06-06T12:22:48.5922555Z /usr/bin/tar: ../../../../../usr/local/lib/android/sdk/platforms/android-36-ext19/data/res/values-mcc310-mnc160-zh-rTW: Cannot change mode to rwxr-xr-x: Operation not permitted
build	Cache Android SDK	2026-06-06T12:22:48.5924842Z /usr/bin/tar: ../../../../../usr/local/lib/android/sdk/platforms/android-36-ext19/data/res/values-mcc310-mnc310-gl: Cannot utime: Operation not permitted
build	Cache Android SDK	2026-06-06T12:22:48.5925812Z /usr/bin/tar: ../../../../../usr/local/lib/android/sdk/platforms/android-36-ext19/data/res/values-mcc310-mnc310-gl: Cannot change mode to rwxr-xr-x: Operation not permitted
build	Cache Android SDK	2026-06-06T12:22:48.5928557Z /usr/bin/tar: ../../../../../usr/local/lib/android/sdk/platforms/android-36-ext19/data/res/values-mcc310-mnc030-hr: Cannot utime: Operation not permitted
build	Cache Android SDK	2026-06-06T12:22:48.5929498Z /usr/bin/tar: ../../../../../usr/local/lib/android/sdk/platforms/android-36-ext19/data/res/values-mcc310-mnc030-hr: Cannot change mode to rwxr-xr-x: Operation not permitted
build	Cache Android SDK	2026-06-06T12:22:48.5931883Z /usr/bin/tar: ../../../../../usr/local/lib/android/sdk/platforms/android-36-ext19/data/res/values-mcc310-mnc280-ka: Cannot utime: Operation not permitted
build	Cache Android SDK	2026-06-06T12:22:48.5932824Z /usr/bin/tar: ../../../../../usr/local/lib/android/sdk/platforms/android-36-ext19/data/res/values-mcc310-mnc280-ka: Cannot change mode to rwxr-xr-x: Operation not permitted
build	Cache Android SDK	2026-06-06T12:22:48.5935195Z /usr/bin/tar: ../../../../../usr/local/lib/android/sdk/platforms/android-36-ext19/data/res/values-mcc310-mnc950-te: Cannot utime: Operation not permitted
build	Cache Android SDK	2026-06-06T12:22:48.5936132Z /usr/bin/tar: ../../../../../usr/local/lib/android/sdk/platforms/android-36-ext19/data/res/values-mcc310-mnc950-te: Cannot change mode to rwxr-xr-x: Operation not permitted
build	Cache Android SDK	2026-06-06T12:22:48.5938589Z /usr/bin/tar: ../../../../../usr/local/lib/android/sdk/platforms/android-36-ext19/data/res/values-mcc302-mnc720-ka: Cannot utime: Operation not permitted
build	Cache Android SDK	2026-06-06T12:22:48.5939559Z /usr/bin/tar: ../../../../../usr/local/lib/android/sdk/platforms/android-36-ext19/data/res/values-mcc302-mnc720-ka: Cannot change mode to rwxr-xr-x: Operation not permitted
build	Cache Android SDK	2026-06-06T12:22:48.5941964Z /usr/bin/tar: ../../../../../usr/local/lib/android/sdk/platforms/android-36-ext19/data/res/values-mcc310-mnc210-pt: Cannot utime: Operation not permitted
build	Cache Android SDK	2026-06-06T12:22:48.5942919Z /usr/bin/tar: ../../../../../usr/local/lib/android/sdk/platforms/android-36-ext19/data/res/values-mcc310-mnc210-pt: Cannot change mode to rwxr-xr-x: Operation not permitted
build	Cache Android SDK	2026-06-06T12:22:48.5945338Z /usr/bin/tar: ../../../../../usr/local/lib/android/sdk/platforms/android-36-ext19/data/res/values-mcc310-mnc250-b+sr+Latn: Cannot utime: Operation not permitted
build	Cache Android SDK	2026-06-06T12:22:48.5946472Z /usr/bin/tar: ../../../../../usr/local/lib/android/sdk/platforms/android-36-ext19/data/res/values-mcc310-mnc250-b+sr+Latn: Cannot change mode to rwxr-xr-x: Operation not permitted
build	Cache Android SDK	2026-06-06T12:22:48.5949210Z /usr/bin/tar: ../../../../../usr/local/lib/android/sdk/platforms/android-36-ext19/data/res/values-mcc310-mnc380-iw: Cannot utime: Operation not permitted
build	Cache Android SDK	2026-06-06T12:22:48.5950162Z /usr/bin/tar: ../../../../../usr/local/lib/android/sdk/platforms/android-36-ext19/data/res/values-mcc310-mnc380-iw: Cannot change mode to rwxr-xr-x: Operation not permitted
build	Cache Android SDK	2026-06-06T12:22:48.5952143Z /usr/bin/tar: ../../../../../usr/local/lib/android/sdk/platforms/android-36-ext19/data/res/values-mcc732-mnc123: Cannot utime: Operation not permitted
build	Cache Android SDK	2026-06-06T12:22:48.5953066Z /usr/bin/tar: ../../../../../usr/local/lib/android/sdk/platforms/android-36-ext19/data/res/values-mcc732-mnc123: Cannot change mode to rwxr-xr-x: Operation not permitted
build	Cache Android SDK	2026-06-06T12:22:48.5955281Z /usr/bin/tar: ../../../../../usr/local/lib/android/sdk/platforms/android-36-ext19/data/res/values-mcc302-mnc370-cs: Cannot utime: Operation not permitted
build	Cache Android SDK	2026-06-06T12:22:48.5956234Z /usr/bin/tar: ../../../../../usr/local/lib/android/sdk/platforms/android-36-ext19/data/res/values-mcc302-mnc370-cs: Cannot change mode to rwxr-xr-x: Operation not permitted
build	Cache Android SDK	2026-06-06T12:22:48.5958458Z /usr/bin/tar: ../../../../../usr/local/lib/android/sdk/platforms/android-36-ext19/data/res/values-mcc311-mnc180-sr: Cannot utime: Operation not permitted
build	Cache Android SDK	2026-06-06T12:22:48.5959435Z /usr/bin/tar: ../../../../../usr/local/lib/android/sdk/platforms/android-36-ext19/data/res/values-mcc311-mnc180-sr: Cannot change mode to rwxr-xr-x: Operation not permitted
build	Cache Android SDK	2026-06-06T12:22:48.5961756Z /usr/bin/tar: ../../../../../usr/local/lib/android/sdk/platforms/android-36-ext19/data/res/values-mcc302-mnc370-ur: Cannot utime: Operation not permitted
build	Cache Android SDK	2026-06-06T12:22:48.5962693Z /usr/bin/tar: ../../../../../usr/local/lib/android/sdk/platforms/android-36-ext19/data/res/values-mcc302-mnc370-ur: Cannot change mode to rwxr-xr-x: Operation not permitted
build	Cache Android SDK	2026-06-06T12:22:48.5964896Z /usr/bin/tar: ../../../../../usr/local/lib/android/sdk/platforms/android-36-ext19/data/res/values-mcc310-mnc230-kk: Cannot utime: Operation not permitted
build	Cache Android SDK	2026-06-06T12:22:48.5965932Z /usr/bin/tar: ../../../../../usr/local/lib/android/sdk/platforms/android-36-ext19/data/res/values-mcc310-mnc230-kk: Cannot change mode to rwxr-xr-x: Operation not permitted
build	Cache Android SDK	2026-06-06T12:22:48.5968217Z /usr/bin/tar: ../../../../../usr/local/lib/android/sdk/platforms/android-36-ext19/data/res/values-mcc310-mnc490-eu: Cannot utime: Operation not permitted
build	Cache Android SDK	2026-06-06T12:22:48.5969176Z /usr/bin/tar: ../../../../../usr/local/lib/android/sdk/platforms/android-36-ext19/data/res/values-mcc310-mnc490-eu: Cannot change mode to rwxr-xr-x: Operation not permitted
build	Cache Android SDK	2026-06-06T12:22:48.5971771Z /usr/bin/tar: ../../../../../usr/local/lib/android/sdk/platforms/android-36-ext19/data/res/values-mcc310-mnc170-az: Cannot utime: Operation not permitted
build	Cache Android SDK	2026-06-06T12:22:48.5972724Z /usr/bin/tar: ../../../../../usr/local/lib/android/sdk/platforms/android-36-ext19/data/res/values-mcc310-mnc170-az: Cannot change mode to rwxr-xr-x: Operation not permitted
build	Cache Android SDK	2026-06-06T12:22:48.5974973Z /usr/bin/tar: ../../../../../usr/local/lib/android/sdk/platforms/android-36-ext19/data/res/values-mcc311-mnc480: Cannot utime: Operation not permitted
build	Cache Android SDK	2026-06-06T12:22:48.5975975Z /usr/bin/tar: ../../../../../usr/local/lib/android/sdk/platforms/android-36-ext19/data/res/values-mcc311-mnc480: Cannot change mode to rwxr-xr-x: Operation not permitted
build	Cache Android SDK	2026-06-06T12:22:48.5979074Z /usr/bin/tar: ../../../../../usr/local/lib/android/sdk/platforms/android-36-ext19/data/res/values-mcc310-mnc250-sw: Cannot utime: Operation not permitted
build	Cache Android SDK	2026-06-06T12:22:48.5980017Z /usr/bin/tar: ../../../../../usr/local/lib/android/sdk/platforms/android-36-ext19/data/res/values-mcc310-mnc250-sw: Cannot change mode to rwxr-xr-x: Operation not permitted
build	Cache Android SDK	2026-06-06T12:22:48.5985800Z /usr/bin/tar: ../../../../../usr/local/lib/android/sdk/platforms/android-36-ext19/data/res/values-gl: Cannot utime: Operation not permitted
build	Cache Android SDK	2026-06-06T12:22:48.5986672Z /usr/bin/tar: ../../../../../usr/local/lib/android/sdk/platforms/android-36-ext19/data/res/values-gl: Cannot change mode to rwxr-xr-x: Operation not permitted
build	Cache Android SDK	2026-06-06T12:22:48.5989754Z /usr/bin/tar: ../../../../../usr/local/lib/android/sdk/platforms/android-36-ext19/data/res/values-mcc001-mnc01-pt-rPT: Cannot utime: Operation not permitted
build	Cache Android SDK	2026-06-06T12:22:48.5991504Z /usr/bin/tar: ../../../../../usr/local/lib/android/sdk/platforms/android-36-ext19/data/res/values-mcc001-mnc01-pt-rPT: Cannot change mode to rwxr-xr-x: Operation not permitted
build	Cache Android SDK	2026-06-06T12:22:48.5992670Z /usr/bin/tar: ../../../../../usr/local/lib/android/sdk/platforms/android-36-ext19/data/res/values-mcc310-mnc250-ja: Cannot utime: Operation not permitted
build	Cache Android SDK	2026-06-06T12:22:48.5993819Z /usr/bin/tar: ../../../../../usr/local/lib/android/sdk/platforms/android-36-ext19/data/res/values-mcc310-mnc250-ja: Cannot change mode to rwxr-xr-x: Operation not permitted
build	Cache Android SDK	2026-06-06T12:22:48.5995418Z /usr/bin/tar: ../../../../../usr/local/lib/android/sdk/platforms/android-36-ext19/data/res/values-mcc311-mnc180-en-rGB: Cannot utime: Operation not permitted
build	Cache Android SDK	2026-06-06T12:22:48.5996539Z /usr/bin/tar: ../../../../../usr/local/lib/android/sdk/platforms/android-36-ext19/data/res/values-mcc311-mnc180-en-rGB: Cannot change mode to rwxr-xr-x: Operation not permitted
build	Cache Android SDK	2026-06-06T12:22:48.6011374Z /usr/bin/tar: ../../../../../usr/local/lib/android/sdk/platforms/android-36-ext19/data/res/values-mcc310-mnc220-tr: Cannot utime: Operation not permitted
build	Cache Android SDK	2026-06-06T12:22:48.6012454Z /usr/bin/tar: ../../../../../usr/local/lib/android/sdk/platforms/android-36-ext19/data/res/values-mcc310-mnc220-tr: Cannot change mode to rwxr-xr-x: Operation not permitted
build	Cache Android SDK	2026-06-06T12:22:48.6014080Z /usr/bin/tar: ../../../../../usr/local/lib/android/sdk/platforms/android-36-ext19/data/res/values-ms-television: Cannot utime: Operation not permitted
build	Cache Android SDK	2026-06-06T12:22:48.6015258Z /usr/bin/tar: ../../../../../usr/local/lib/android/sdk/platforms/android-36-ext19/data/res/values-ms-television: Cannot change mode to rwxr-xr-x: Operation not permitted
build	Cache Android SDK	2026-06-06T12:22:48.6016223Z /usr/bin/tar: ../../../../../usr/local/lib/android/sdk/platforms/android-36-ext19/data/res/values-mcc310-mnc380-hr: Cannot utime: Operation not permitted
build	Cache Android SDK	2026-06-06T12:22:48.6018214Z /usr/bin/tar: ../../../../../usr/local/lib/android/sdk/platforms/android-36-ext19/data/res/values-mcc310-mnc380-hr: Cannot change mode to rwxr-xr-x: Operation not permitted
build	Cache Android SDK	2026-06-06T12:22:48.6019202Z /usr/bin/tar: ../../../../../usr/local/lib/android/sdk/platforms/android-36-ext19/data/res/values-mcc313-mnc100-es: Cannot utime: Operation not permitted
build	Cache Android SDK	2026-06-06T12:22:48.6020366Z /usr/bin/tar: ../../../../../usr/local/lib/android/sdk/platforms/android-36-ext19/data/res/values-mcc313-mnc100-es: Cannot change mode to rwxr-xr-x: Operation not permitted
build	Cache Android SDK	2026-06-06T12:22:48.6021920Z /usr/bin/tar: ../../../../../usr/local/lib/android/sdk/platforms/android-36-ext19/data/res/values-mcc310-mnc410-uk: Cannot utime: Operation not permitted
build	Cache Android SDK	2026-06-06T12:22:48.6022878Z /usr/bin/tar: ../../../../../usr/local/lib/android/sdk/platforms/android-36-ext19/data/res/values-mcc310-mnc410-uk: Cannot change mode to rwxr-xr-x: Operation not permitted
build	Cache Android SDK	2026-06-06T12:22:48.6023845Z /usr/bin/tar: ../../../../../usr/local/lib/android/sdk/platforms/android-36-ext19/data/res/values-mcc310-mnc280-fa: Cannot utime: Operation not permitted
build	Cache Android SDK	2026-06-06T12:22:48.6025725Z /usr/bin/tar: ../../../../../usr/local/lib/android/sdk/platforms/android-36-ext19/data/res/values-mcc310-mnc280-fa: Cannot change mode to rwxr-xr-x: Operation not permitted
build	Cache Android SDK	2026-06-06T12:22:48.6026718Z /usr/bin/tar: ../../../../../usr/local/lib/android/sdk/platforms/android-36-ext19/data/res/values-mcc302-mnc720-bn: Cannot utime: Operation not permitted
build	Cache Android SDK	2026-06-06T12:22:48.6028135Z /usr/bin/tar: ../../../../../usr/local/lib/android/sdk/platforms/android-36-ext19/data/res/values-mcc302-mnc720-bn: Cannot change mode to rwxr-xr-x: Operation not permitted
build	Cache Android SDK	2026-06-06T12:22:48.6029659Z /usr/bin/tar: ../../../../../usr/local/lib/android/sdk/platforms/android-36-ext19/data/res/values-mcc262-mnc02: Cannot utime: Operation not permitted
build	Cache Android SDK	2026-06-06T12:22:48.6030684Z /usr/bin/tar: ../../../../../usr/local/lib/android/sdk/platforms/android-36-ext19/data/res/values-mcc262-mnc02: Cannot change mode to rwxr-xr-x: Operation not permitted
build	Cache Android SDK	2026-06-06T12:22:48.6032546Z /usr/bin/tar: ../../../../../usr/local/lib/android/sdk/platforms/android-36-ext19/data/res/values-mcc310-mnc230-cs: Cannot utime: Operation not permitted
build	Cache Android SDK	2026-06-06T12:22:48.6033510Z /usr/bin/tar: ../../../../../usr/local/lib/android/sdk/platforms/android-36-ext19/data/res/values-mcc310-mnc230-cs: Cannot change mode to rwxr-xr-x: Operation not permitted
build	Cache Android SDK	2026-06-06T12:22:48.6036421Z /usr/bin/tar: ../../../../../usr/local/lib/android/sdk/platforms/android-36-ext19/data/res/values-mcc310-mnc800-zu: Cannot utime: Operation not permitted
build	Cache Android SDK	2026-06-06T12:22:48.6037867Z /usr/bin/tar: ../../../../../usr/local/lib/android/sdk/platforms/android-36-ext19/data/res/values-mcc310-mnc800-zu: Cannot change mode to rwxr-xr-x: Operation not permitted
build	Cache Android SDK	2026-06-06T12:22:48.6043627Z /usr/bin/tar: ../../../../../usr/local/lib/android/sdk/platforms/android-36-ext19/data/res/values-fr: Cannot utime: Operation not permitted
build	Cache Android SDK	2026-06-06T12:22:48.6045510Z /usr/bin/tar: ../../../../../usr/local/lib/android/sdk/platforms/android-36-ext19/data/res/values-fr: Cannot change mode to rwxr-xr-x: Operation not permitted
build	Cache Android SDK	2026-06-06T12:22:48.6046692Z /usr/bin/tar: ../../../../../usr/local/lib/android/sdk/platforms/android-36-ext19/data/res/values-mcc310-mnc380-is: Cannot utime: Operation not permitted
build	Cache Android SDK	2026-06-06T12:22:48.6047779Z /usr/bin/tar: ../../../../../usr/local/lib/android/sdk/platforms/android-36-ext19/data/res/values-mcc310-mnc380-is: Cannot change mode to rwxr-xr-x: Operation not permitted
build	Cache Android SDK	2026-06-06T12:22:48.6049309Z /usr/bin/tar: ../../../../../usr/local/lib/android/sdk/platforms/android-36-ext19/data/res/values-mcc466-mnc06: Cannot utime: Operation not permitted
build	Cache Android SDK	2026-06-06T12:22:48.6050250Z /usr/bin/tar: ../../../../../usr/local/lib/android/sdk/platforms/android-36-ext19/data/res/values-mcc466-mnc06: Cannot change mode to rwxr-xr-x: Operation not permitted
build	Cache Android SDK	2026-06-06T12:22:48.6053756Z /usr/bin/tar: ../../../../../usr/local/lib/android/sdk/platforms/android-36-ext19/data/res/values-mcc310-mnc490-uz: Cannot utime: Operation not permitted
build	Cache Android SDK	2026-06-06T12:22:48.6054724Z /usr/bin/tar: ../../../../../usr/local/lib/android/sdk/platforms/android-36-ext19/data/res/values-mcc310-mnc490-uz: Cannot change mode to rwxr-xr-x: Operation not permitted
build	Cache Android SDK	2026-06-06T12:22:48.6060248Z /usr/bin/tar: ../../../../../usr/local/lib/android/sdk/platforms/android-36-ext19/data/res/values-mcc310-mnc270-ja: Cannot utime: Operation not permitted
build	Cache Android SDK	2026-06-06T12:22:48.6061247Z /usr/bin/tar: ../../../../../usr/local/lib/android/sdk/platforms/android-36-ext19/data/res/values-mcc310-mnc270-ja: Cannot change mode to rwxr-xr-x: Operation not permitted
build	Cache Android SDK	2026-06-06T12:22:48.6063733Z /usr/bin/tar: ../../../../../usr/local/lib/android/sdk/platforms/android-36-ext19/data/res/values-mcc302-mnc720-hi: Cannot utime: Operation not permitted
build	Cache Android SDK	2026-06-06T12:22:48.6064723Z /usr/bin/tar: ../../../../../usr/local/lib/android/sdk/platforms/android-36-ext19/data/res/values-mcc302-mnc720-hi: Cannot change mode to rwxr-xr-x: Operation not permitted
build	Cache Android SDK	2026-06-06T12:22:48.6067768Z /usr/bin/tar: ../../../../../usr/local/lib/android/sdk/platforms/android-36-ext19/data/res/values-mcc302-mnc720-bg: Cannot utime: Operation not permitted
build	Cache Android SDK	2026-06-06T12:22:48.6068740Z /usr/bin/tar: ../../../../../usr/local/lib/android/sdk/platforms/android-36-ext19/data/res/values-mcc302-mnc720-bg: Cannot change mode to rwxr-xr-x: Operation not permitted
build	Cache Android SDK	2026-06-06T12:22:48.6072117Z /usr/bin/tar: ../../../../../usr/local/lib/android/sdk/platforms/android-36-ext19/data/res/values-mcc310-mnc380-af: Cannot utime: Operation not permitted
build	Cache Android SDK	2026-06-06T12:22:48.6073079Z /usr/bin/tar: ../../../../../usr/local/lib/android/sdk/platforms/android-36-ext19/data/res/values-mcc310-mnc380-af: Cannot change mode to rwxr-xr-x: Operation not permitted
build	Cache Android SDK	2026-06-06T12:22:48.6075831Z /usr/bin/tar: ../../../../../usr/local/lib/android/sdk/platforms/android-36-ext19/data/res/values-mcc001-mnc01-fi: Cannot utime: Operation not permitted
build	Cache Android SDK	2026-06-06T12:22:48.6076804Z /usr/bin/tar: ../../../../../usr/local/lib/android/sdk/platforms/android-36-ext19/data/res/values-mcc001-mnc01-fi: Cannot change mode to rwxr-xr-x: Operation not permitted
build	Cache Android SDK	2026-06-06T12:22:48.6079282Z /usr/bin/tar: ../../../../../usr/local/lib/android/sdk/platforms/android-36-ext19/data/res/values-mcc310-mnc490-mn: Cannot utime: Operation not permitted
build	Cache Android SDK	2026-06-06T12:22:48.6080235Z /usr/bin/tar: ../../../../../usr/local/lib/android/sdk/platforms/android-36-ext19/data/res/values-mcc310-mnc490-mn: Cannot change mode to rwxr-xr-x: Operation not permitted
build	Cache Android SDK	2026-06-06T12:22:48.6082523Z /usr/bin/tar: ../../../../../usr/local/lib/android/sdk/platforms/android-36-ext19/data/res/values-mcc310-mnc410-fa: Cannot utime: Operation not permitted
build	Cache Android SDK	2026-06-06T12:22:48.6083475Z /usr/bin/tar: ../../../../../usr/local/lib/android/sdk/platforms/android-36-ext19/data/res/values-mcc310-mnc410-fa: Cannot change mode to rwxr-xr-x: Operation not permitted
build	Cache Android SDK	2026-06-06T12:22:48.6086134Z /usr/bin/tar: ../../../../../usr/local/lib/android/sdk/platforms/android-36-ext19/data/res/values-mcc310-mnc410-iw: Cannot utime: Operation not permitted
build	Cache Android SDK	2026-06-06T12:22:48.6087078Z /usr/bin/tar: ../../../../../usr/local/lib/android/sdk/platforms/android-36-ext19/data/res/values-mcc310-mnc410-iw: Cannot change mode to rwxr-xr-x: Operation not permitted
build	Cache Android SDK	2026-06-06T12:22:48.6089324Z /usr/bin/tar: ../../../../../usr/local/lib/android/sdk/platforms/android-36-ext19/data/res/values-mcc310-mnc380-zu: Cannot utime: Operation not permitted
build	Cache Android SDK	2026-06-06T12:22:48.6090271Z /usr/bin/tar: ../../../../../usr/local/lib/android/sdk/platforms/android-36-ext19/data/res/values-mcc310-mnc380-zu: Cannot change mode to rwxr-xr-x: Operation not permitted
build	Cache Android SDK	2026-06-06T12:22:48.6097269Z /usr/bin/tar: ../../../../../usr/local/lib/android/sdk/platforms/android-36-ext19/data/res/values-iw: Cannot utime: Operation not permitted
build	Cache Android SDK	2026-06-06T12:22:48.6098400Z /usr/bin/tar: ../../../../../usr/local/lib/android/sdk/platforms/android-36-ext19/data/res/values-iw: Cannot change mode to rwxr-xr-x: Operation not permitted
build	Cache Android SDK	2026-06-06T12:22:48.6100488Z /usr/bin/tar: ../../../../../usr/local/lib/android/sdk/platforms/android-36-ext19/data/res/values-mcc310-mnc150-en-rIN: Cannot utime: Operation not permitted
build	Cache Android SDK	2026-06-06T12:22:48.6101484Z /usr/bin/tar: ../../../../../usr/local/lib/android/sdk/platforms/android-36-ext19/data/res/values-mcc310-mnc150-en-rIN: Cannot change mode to rwxr-xr-x: Operation not permitted
build	Cache Android SDK	2026-06-06T12:22:48.6103779Z /usr/bin/tar: ../../../../../usr/local/lib/android/sdk/platforms/android-36-ext19/data/res/values-mcc311-mnc180-en-rIN: Cannot utime: Operation not permitted
build	Cache Android SDK	2026-06-06T12:22:48.6104766Z /usr/bin/tar: ../../../../../usr/local/lib/android/sdk/platforms/android-36-ext19/data/res/values-mcc311-mnc180-en-rIN: Cannot change mode to rwxr-xr-x: Operation not permitted
build	Cache Android SDK	2026-06-06T12:22:48.6106808Z /usr/bin/tar: ../../../../../usr/local/lib/android/sdk/platforms/android-36-ext19/data/res/values-mcc310-mnc800-is: Cannot utime: Operation not permitted
build	Cache Android SDK	2026-06-06T12:22:48.6107878Z /usr/bin/tar: ../../../../../usr/local/lib/android/sdk/platforms/android-36-ext19/data/res/values-mcc310-mnc800-is: Cannot change mode to rwxr-xr-x: Operation not permitted
build	Cache Android SDK	2026-06-06T12:22:48.6110277Z /usr/bin/tar: ../../../../../usr/local/lib/android/sdk/platforms/android-36-ext19/data/res/values-mcc302-mnc370-mr: Cannot utime: Operation not permitted
build	Cache Android SDK	2026-06-06T12:22:48.6111239Z /usr/bin/tar: ../../../../../usr/local/lib/android/sdk/platforms/android-36-ext19/data/res/values-mcc302-mnc370-mr: Cannot change mode to rwxr-xr-x: Operation not permitted
build	Cache Android SDK	2026-06-06T12:22:48.6113195Z /usr/bin/tar: ../../../../../usr/local/lib/android/sdk/platforms/android-36-ext19/data/res/values-mcc310-mnc800-ta: Cannot utime: Operation not permitted
build	Cache Android SDK	2026-06-06T12:22:48.6114138Z /usr/bin/tar: ../../../../../usr/local/lib/android/sdk/platforms/android-36-ext19/data/res/values-mcc310-mnc800-ta: Cannot change mode to rwxr-xr-x: Operation not permitted
build	Cache Android SDK	2026-06-06T12:22:48.6116935Z /usr/bin/tar: ../../../../../usr/local/lib/android/sdk/platforms/android-36-ext19/data/res/values-mcc310-mnc380-mn: Cannot utime: Operation not permitted
build	Cache Android SDK	2026-06-06T12:22:48.6117990Z /usr/bin/tar: ../../../../../usr/local/lib/android/sdk/platforms/android-36-ext19/data/res/values-mcc310-mnc380-mn: Cannot change mode to rwxr-xr-x: Operation not permitted
build	Cache Android SDK	2026-06-06T12:22:48.6120397Z /usr/bin/tar: ../../../../../usr/local/lib/android/sdk/platforms/android-36-ext19/data/res/values-mcc310-mnc560-ta: Cannot utime: Operation not permitted
build	Cache Android SDK	2026-06-06T12:22:48.6121363Z /usr/bin/tar: ../../../../../usr/local/lib/android/sdk/platforms/android-36-ext19/data/res/values-mcc310-mnc560-ta: Cannot change mode to rwxr-xr-x: Operation not permitted
build	Cache Android SDK	2026-06-06T12:22:48.6124314Z /usr/bin/tar: ../../../../../usr/local/lib/android/sdk/platforms/android-36-ext19/data/res/values-mcc310-mnc160-el: Cannot utime: Operation not permitted
build	Cache Android SDK	2026-06-06T12:22:48.6125343Z /usr/bin/tar: ../../../../../usr/local/lib/android/sdk/platforms/android-36-ext19/data/res/values-mcc310-mnc160-el: Cannot change mode to rwxr-xr-x: Operation not permitted
build	Cache Android SDK	2026-06-06T12:22:48.6127558Z /usr/bin/tar: ../../../../../usr/local/lib/android/sdk/platforms/android-36-ext19/data/res/values-mcc310-mnc240-en-rAU: Cannot utime: Operation not permitted
build	Cache Android SDK	2026-06-06T12:22:48.6128537Z /usr/bin/tar: ../../../../../usr/local/lib/android/sdk/platforms/android-36-ext19/data/res/values-mcc310-mnc240-en-rAU: Cannot change mode to rwxr-xr-x: Operation not permitted
build	Cache Android SDK	2026-06-06T12:22:48.6130561Z /usr/bin/tar: ../../../../../usr/local/lib/android/sdk/platforms/android-36-ext19/data/res/values-mcc310-mnc410-zh-rCN: Cannot utime: Operation not permitted
build	Cache Android SDK	2026-06-06T12:22:48.6131541Z /usr/bin/tar: ../../../../../usr/local/lib/android/sdk/platforms/android-36-ext19/data/res/values-mcc310-mnc410-zh-rCN: Cannot change mode to rwxr-xr-x: Operation not permitted
build	Cache Android SDK	2026-06-06T12:22:48.6133622Z /usr/bin/tar: ../../../../../usr/local/lib/android/sdk/platforms/android-36-ext19/data/res/values-mcc310-mnc250-lt: Cannot utime: Operation not permitted
build	Cache Android SDK	2026-06-06T12:22:48.6134680Z /usr/bin/tar: ../../../../../usr/local/lib/android/sdk/platforms/android-36-ext19/data/res/values-mcc310-mnc250-lt: Cannot change mode to rwxr-xr-x: Operation not permitted
build	Cache Android SDK	2026-06-06T12:22:48.6136786Z /usr/bin/tar: ../../../../../usr/local/lib/android/sdk/platforms/android-36-ext19/data/res/values-mcc310-mnc410-ta: Cannot utime: Operation not permitted
build	Cache Android SDK	2026-06-06T12:22:48.6137859Z /usr/bin/tar: ../../../../../usr/local/lib/android/sdk/platforms/android-36-ext19/data/res/values-mcc310-mnc410-ta: Cannot change mode to rwxr-xr-x: Operation not permitted
build	Cache Android SDK	2026-06-06T12:22:48.6139575Z /usr/bin/tar: ../../../../../usr/local/lib/android/sdk/platforms/android-36-ext19/data/res/values-pt-television: Cannot utime: Operation not permitted
build	Cache Android SDK	2026-06-06T12:22:48.6140537Z /usr/bin/tar: ../../../../../usr/local/lib/android/sdk/platforms/android-36-ext19/data/res/values-pt-television: Cannot change mode to rwxr-xr-x: Operation not permitted
build	Cache Android SDK	2026-06-06T12:22:48.6142861Z /usr/bin/tar: ../../../../../usr/local/lib/android/sdk/platforms/android-36-ext19/data/res/values-mcc310-mnc220-fr: Cannot utime: Operation not permitted
build	Cache Android SDK	2026-06-06T12:22:48.6144037Z /usr/bin/tar: ../../../../../usr/local/lib/android/sdk/platforms/android-36-ext19/data/res/values-mcc310-mnc220-fr: Cannot change mode to rwxr-xr-x: Operation not permitted
build	Cache Android SDK	2026-06-06T12:22:48.6146430Z /usr/bin/tar: ../../../../../usr/local/lib/android/sdk/platforms/android-36-ext19/data/res/values-mcc302-mnc370-mk: Cannot utime: Operation not permitted
build	Cache Android SDK	2026-06-06T12:22:48.6147998Z /usr/bin/tar: ../../../../../usr/local/lib/android/sdk/platforms/android-36-ext19/data/res/values-mcc302-mnc370-mk: Cannot change mode to rwxr-xr-x: Operation not permitted
build	Cache Android SDK	2026-06-06T12:22:48.6149442Z /usr/bin/tar: ../../../../../usr/local/lib/android/sdk/platforms/android-36-ext19/data/res/values-mcc310-mnc410-ne: Cannot utime: Operation not permitted
build	Cache Android SDK	2026-06-06T12:22:48.6150528Z /usr/bin/tar: ../../../../../usr/local/lib/android/sdk/platforms/android-36-ext19/data/res/values-mcc310-mnc410-ne: Cannot change mode to rwxr-xr-x: Operation not permitted
build	Cache Android SDK	2026-06-06T12:22:48.6152664Z /usr/bin/tar: ../../../../../usr/local/lib/android/sdk/platforms/android-36-ext19/data/res/values-mcc310-mnc200-pa: Cannot utime: Operation not permitted
build	Cache Android SDK	2026-06-06T12:22:48.6153645Z /usr/bin/tar: ../../../../../usr/local/lib/android/sdk/platforms/android-36-ext19/data/res/values-mcc310-mnc200-pa: Cannot change mode to rwxr-xr-x: Operation not permitted
build	Cache Android SDK	2026-06-06T12:22:48.6156109Z /usr/bin/tar: ../../../../../usr/local/lib/android/sdk/platforms/android-36-ext19/data/res/values-mcc302-mnc370-ms: Cannot utime: Operation not permitted
build	Cache Android SDK	2026-06-06T12:22:48.6157118Z /usr/bin/tar: ../../../../../usr/local/lib/android/sdk/platforms/android-36-ext19/data/res/values-mcc302-mnc370-ms: Cannot change mode to rwxr-xr-x: Operation not permitted
build	Cache Android SDK	2026-06-06T12:22:48.6159503Z /usr/bin/tar: ../../../../../usr/local/lib/android/sdk/platforms/android-36-ext19/data/res/values-mcc310-mnc220-ro: Cannot utime: Operation not permitted
build	Cache Android SDK	2026-06-06T12:22:48.6160580Z /usr/bin/tar: ../../../../../usr/local/lib/android/sdk/platforms/android-36-ext19/data/res/values-mcc310-mnc220-ro: Cannot change mode to rwxr-xr-x: Operation not permitted
build	Cache Android SDK	2026-06-06T12:22:48.6163223Z /usr/bin/tar: ../../../../../usr/local/lib/android/sdk/platforms/android-36-ext19/data/res/values-mcc310-mnc280-ms: Cannot utime: Operation not permitted
build	Cache Android SDK	2026-06-06T12:22:48.6164345Z /usr/bin/tar: ../../../../../usr/local/lib/android/sdk/platforms/android-36-ext19/data/res/values-mcc310-mnc280-ms: Cannot change mode to rwxr-xr-x: Operation not permitted
build	Cache Android SDK	2026-06-06T12:22:48.6166027Z /usr/bin/tar: ../../../../../usr/local/lib/android/sdk/platforms/android-36-ext19/data/res/values-mcc310-mnc170-hr: Cannot utime: Operation not permitted
build	Cache Android SDK	2026-06-06T12:22:48.6167019Z /usr/bin/tar: ../../../../../usr/local/lib/android/sdk/platforms/android-36-ext19/data/res/values-mcc310-mnc170-hr: Cannot change mode to rwxr-xr-x: Operation not permitted
build	Cache Android SDK	2026-06-06T12:22:48.6170109Z /usr/bin/tar: ../../../../../usr/local/lib/android/sdk/platforms/android-36-ext19/data/res/values-mcc310-mnc030-nb: Cannot utime: Operation not permitted
build	Cache Android SDK	2026-06-06T12:22:48.6171106Z /usr/bin/tar: ../../../../../usr/local/lib/android/sdk/platforms/android-36-ext19/data/res/values-mcc310-mnc030-nb: Cannot change mode to rwxr-xr-x: Operation not permitted
build	Cache Android SDK	2026-06-06T12:22:48.6173094Z /usr/bin/tar: ../../../../../usr/local/lib/android/sdk/platforms/android-36-ext19/data/res/values-mcc302-mnc780: Cannot utime: Operation not permitted
build	Cache Android SDK	2026-06-06T12:22:48.6174043Z /usr/bin/tar: ../../../../../usr/local/lib/android/sdk/platforms/android-36-ext19/data/res/values-mcc302-mnc780: Cannot change mode to rwxr-xr-x: Operation not permitted
build	Cache Android SDK	2026-06-06T12:22:48.6177282Z /usr/bin/tar: ../../../../../usr/local/lib/android/sdk/platforms/android-36-ext19/data/res/values-mcc310-mnc560-fr-rCA: Cannot utime: Operation not permitted
build	Cache Android SDK	2026-06-06T12:22:48.6178876Z /usr/bin/tar: ../../../../../usr/local/lib/android/sdk/platforms/android-36-ext19/data/res/values-mcc310-mnc560-fr-rCA: Cannot change mode to rwxr-xr-x: Operation not permitted
build	Cache Android SDK	2026-06-06T12:22:48.6182684Z /usr/bin/tar: ../../../../../usr/local/lib/android/sdk/platforms/android-36-ext19/data/res/values-mcc310-mnc560-ms: Cannot utime: Operation not permitted
build	Cache Android SDK	2026-06-06T12:22:48.6183672Z /usr/bin/tar: ../../../../../usr/local/lib/android/sdk/platforms/android-36-ext19/data/res/values-mcc310-mnc560-ms: Cannot change mode to rwxr-xr-x: Operation not permitted
build	Cache Android SDK	2026-06-06T12:22:48.6186154Z /usr/bin/tar: ../../../../../usr/local/lib/android/sdk/platforms/android-36-ext19/data/res/values-mcc311-mnc180-en-rCA: Cannot utime: Operation not permitted
build	Cache Android SDK	2026-06-06T12:22:48.6187488Z /usr/bin/tar: ../../../../../usr/local/lib/android/sdk/platforms/android-36-ext19/data/res/values-mcc311-mnc180-en-rCA: Cannot change mode to rwxr-xr-x: Operation not permitted
build	Cache Android SDK	2026-06-06T12:22:48.6189144Z /usr/bin/tar: ../../../../../usr/local/lib/android/sdk/platforms/android-36-ext19/data/res/values-hu-television: Cannot utime: Operation not permitted
build	Cache Android SDK	2026-06-06T12:22:48.6190090Z /usr/bin/tar: ../../../../../usr/local/lib/android/sdk/platforms/android-36-ext19/data/res/values-hu-television: Cannot change mode to rwxr-xr-x: Operation not permitted
build	Cache Android SDK	2026-06-06T12:22:48.6192598Z /usr/bin/tar: ../../../../../usr/local/lib/android/sdk/platforms/android-36-ext19/data/res/values-mcc310-mnc410-ur: Cannot utime: Operation not permitted
build	Cache Android SDK	2026-06-06T12:22:48.6193555Z /usr/bin/tar: ../../../../../usr/local/lib/android/sdk/platforms/android-36-ext19/data/res/values-mcc310-mnc410-ur: Cannot change mode to rwxr-xr-x: Operation not permitted
build	Cache Android SDK	2026-06-06T12:22:48.6195685Z /usr/bin/tar: ../../../../../usr/local/lib/android/sdk/platforms/android-36-ext19/data/res/values-mcc310-mnc560-si: Cannot utime: Operation not permitted
build	Cache Android SDK	2026-06-06T12:22:48.6196648Z /usr/bin/tar: ../../../../../usr/local/lib/android/sdk/platforms/android-36-ext19/data/res/values-mcc310-mnc560-si: Cannot change mode to rwxr-xr-x: Operation not permitted
build	Cache Android SDK	2026-06-06T12:22:48.6198920Z /usr/bin/tar: ../../../../../usr/local/lib/android/sdk/platforms/android-36-ext19/data/res/values-mcc001-mnc01-ml: Cannot utime: Operation not permitted
build	Cache Android SDK	2026-06-06T12:22:48.6199873Z /usr/bin/tar: ../../../../../usr/local/lib/android/sdk/platforms/android-36-ext19/data/res/values-mcc001-mnc01-ml: Cannot change mode to rwxr-xr-x: Operation not permitted
build	Cache Android SDK	2026-06-06T12:22:48.6202471Z /usr/bin/tar: ../../../../../usr/local/lib/android/sdk/platforms/android-36-ext19/data/res/values-mcc310-mnc950-lv: Cannot utime: Operation not permitted
build	Cache Android SDK	2026-06-06T12:22:48.6203603Z /usr/bin/tar: ../../../../../usr/local/lib/android/sdk/platforms/android-36-ext19/data/res/values-mcc310-mnc950-lv: Cannot change mode to rwxr-xr-x: Operation not permitted
build	Cache Android SDK	2026-06-06T12:22:48.6205370Z /usr/bin/tar: ../../../../../usr/local/lib/android/sdk/platforms/android-36-ext19/data/res/values-mcc310-mnc170-be: Cannot utime: Operation not permitted
build	Cache Android SDK	2026-06-06T12:22:48.6206526Z /usr/bin/tar: ../../../../../usr/local/lib/android/sdk/platforms/android-36-ext19/data/res/values-mcc310-mnc170-be: Cannot change mode to rwxr-xr-x: Operation not permitted
build	Cache Android SDK	2026-06-06T12:22:48.6209713Z /usr/bin/tar: ../../../../../usr/local/lib/android/sdk/platforms/android-36-ext19/data/res/values-mcc313-mnc100-hr: Cannot utime: Operation not permitted
build	Cache Android SDK	2026-06-06T12:22:48.6210826Z /usr/bin/tar: ../../../../../usr/local/lib/android/sdk/platforms/android-36-ext19/data/res/values-mcc313-mnc100-hr: Cannot change mode to rwxr-xr-x: Operation not permitted
build	Cache Android SDK	2026-06-06T12:22:48.6212631Z /usr/bin/tar: ../../../../../usr/local/lib/android/sdk/platforms/android-36-ext19/data/res/values-mcc310-mnc380-lv: Cannot utime: Operation not permitted
build	Cache Android SDK	2026-06-06T12:22:48.6213609Z /usr/bin/tar: ../../../../../usr/local/lib/android/sdk/platforms/android-36-ext19/data/res/values-mcc310-mnc380-lv: Cannot change mode to rwxr-xr-x: Operation not permitted
build	Cache Android SDK	2026-06-06T12:22:48.6216372Z /usr/bin/tar: ../../../../../usr/local/lib/android/sdk/platforms/android-36-ext19/data/res/values-mcc310-mnc030-hi: Cannot utime: Operation not permitted
build	Cache Android SDK	2026-06-06T12:22:48.6217634Z /usr/bin/tar: ../../../../../usr/local/lib/android/sdk/platforms/android-36-ext19/data/res/values-mcc310-mnc030-hi: Cannot change mode to rwxr-xr-x: Operation not permitted
build	Cache Android SDK	2026-06-06T12:22:48.6220376Z /usr/bin/tar: ../../../../../usr/local/lib/android/sdk/platforms/android-36-ext19/data/res/values-mcc310-mnc560-lv: Cannot utime: Operation not permitted
build	Cache Android SDK	2026-06-06T12:22:48.6221365Z /usr/bin/tar: ../../../../../usr/local/lib/android/sdk/platforms/android-36-ext19/data/res/values-mcc310-mnc560-lv: Cannot change mode to rwxr-xr-x: Operation not permitted
build	Cache Android SDK	2026-06-06T12:22:48.6223927Z /usr/bin/tar: ../../../../../usr/local/lib/android/sdk/platforms/android-36-ext19/data/res/values-mcc311-mnc180-zh-rTW: Cannot utime: Operation not permitted
build	Cache Android SDK	2026-06-06T12:22:48.6224938Z /usr/bin/tar: ../../../../../usr/local/lib/android/sdk/platforms/android-36-ext19/data/res/values-mcc311-mnc180-zh-rTW: Cannot change mode to rwxr-xr-x: Operation not permitted
build	Cache Android SDK	2026-06-06T12:22:48.6226879Z /usr/bin/tar: ../../../../../usr/local/lib/android/sdk/platforms/android-36-ext19/data/res/values-mcc310-mnc380-az: Cannot utime: Operation not permitted
build	Cache Android SDK	2026-06-06T12:22:48.6228011Z /usr/bin/tar: ../../../../../usr/local/lib/android/sdk/platforms/android-36-ext19/data/res/values-mcc310-mnc380-az: Cannot change mode to rwxr-xr-x: Operation not permitted
build	Cache Android SDK	2026-06-06T12:22:48.6230494Z /usr/bin/tar: ../../../../../usr/local/lib/android/sdk/platforms/android-36-ext19/data/res/values-mcc310-mnc030-b+sr+Latn: Cannot utime: Operation not permitted
build	Cache Android SDK	2026-06-06T12:22:48.6231514Z /usr/bin/tar: ../../../../../usr/local/lib/android/sdk/platforms/android-36-ext19/data/res/values-mcc310-mnc030-b+sr+Latn: Cannot change mode to rwxr-xr-x: Operation not permitted
build	Cache Android SDK	2026-06-06T12:22:48.6236469Z /usr/bin/tar: ../../../../../usr/local/lib/android/sdk/platforms/android-36-ext19/data/res/values-mcc310-mnc200-mn: Cannot utime: Operation not permitted
build	Cache Android SDK	2026-06-06T12:22:48.6237727Z /usr/bin/tar: ../../../../../usr/local/lib/android/sdk/platforms/android-36-ext19/data/res/values-mcc310-mnc200-mn: Cannot change mode to rwxr-xr-x: Operation not permitted
build	Cache Android SDK	2026-06-06T12:22:48.6239350Z /usr/bin/tar: ../../../../../usr/local/lib/android/sdk/platforms/android-36-ext19/data/res/values-mcc310-mnc230-fa: Cannot utime: Operation not permitted
build	Cache Android SDK	2026-06-06T12:22:48.6240683Z /usr/bin/tar: ../../../../../usr/local/lib/android/sdk/platforms/android-36-ext19/data/res/values-mcc310-mnc230-fa: Cannot change mode to rwxr-xr-x: Operation not permitted
build	Cache Android SDK	2026-06-06T12:22:48.6242068Z /usr/bin/tar: ../../../../../usr/local/lib/android/sdk/platforms/android-36-ext19/data/res/values-mcc311-mnc180-lo: Cannot utime: Operation not permitted
build	Cache Android SDK	2026-06-06T12:22:48.6243376Z /usr/bin/tar: ../../../../../usr/local/lib/android/sdk/platforms/android-36-ext19/data/res/values-mcc311-mnc180-lo: Cannot change mode to rwxr-xr-x: Operation not permitted
build	Cache Android SDK	2026-06-06T12:22:48.6244526Z /usr/bin/tar: ../../../../../usr/local/lib/android/sdk/platforms/android-36-ext19/data/res/values-in-watch: Cannot utime: Operation not permitted
build	Cache Android SDK	2026-06-06T12:22:48.6246077Z /usr/bin/tar: ../../../../../usr/local/lib/android/sdk/platforms/android-36-ext19/data/res/values-in-watch: Cannot change mode to rwxr-xr-x: Operation not permitted
build	Cache Android SDK	2026-06-06T12:22:48.6247027Z /usr/bin/tar: ../../../../../usr/local/lib/android/sdk/platforms/android-36-ext19/data/res/values-mcc001-mnc01-en-rXC: Cannot utime: Operation not permitted
build	Cache Android SDK	2026-06-06T12:22:48.6248639Z /usr/bin/tar: ../../../../../usr/local/lib/android/sdk/platforms/android-36-ext19/data/res/values-mcc001-mnc01-en-rXC: Cannot change mode to rwxr-xr-x: Operation not permitted
build	Cache Android SDK	2026-06-06T12:22:48.6249944Z /usr/bin/tar: ../../../../../usr/local/lib/android/sdk/platforms/android-36-ext19/data/res/values-mcc310-mnc270-sl: Cannot utime: Operation not permitted
build	Cache Android SDK	2026-06-06T12:22:48.6250900Z /usr/bin/tar: ../../../../../usr/local/lib/android/sdk/platforms/android-36-ext19/data/res/values-mcc310-mnc270-sl: Cannot change mode to rwxr-xr-x: Operation not permitted
build	Cache Android SDK	2026-06-06T12:22:48.6252744Z /usr/bin/tar: ../../../../../usr/local/lib/android/sdk/platforms/android-36-ext19/data/res/values-mcc312-mnc670-af: Cannot utime: Operation not permitted
build	Cache Android SDK	2026-06-06T12:22:48.6253892Z /usr/bin/tar: ../../../../../usr/local/lib/android/sdk/platforms/android-36-ext19/data/res/values-mcc312-mnc670-af: Cannot change mode to rwxr-xr-x: Operation not permitted
build	Cache Android SDK	2026-06-06T12:22:48.6256378Z /usr/bin/tar: ../../../../../usr/local/lib/android/sdk/platforms/android-36-ext19/data/res/values-mcc310-mnc950-bn: Cannot utime: Operation not permitted
build	Cache Android SDK	2026-06-06T12:22:48.6257611Z /usr/bin/tar: ../../../../../usr/local/lib/android/sdk/platforms/android-36-ext19/data/res/values-mcc310-mnc950-bn: Cannot change mode to rwxr-xr-x: Operation not permitted
build	Cache Android SDK	2026-06-06T12:22:48.6259346Z /usr/bin/tar: ../../../../../usr/local/lib/android/sdk/platforms/android-36-ext19/data/res/values-mcc310-mnc580: Cannot utime: Operation not permitted
build	Cache Android SDK	2026-06-06T12:22:48.6260391Z /usr/bin/tar: ../../../../../usr/local/lib/android/sdk/platforms/android-36-ext19/data/res/values-mcc310-mnc580: Cannot change mode to rwxr-xr-x: Operation not permitted
build	Cache Android SDK	2026-06-06T12:22:48.6262994Z /usr/bin/tar: ../../../../../usr/local/lib/android/sdk/platforms/android-36-ext19/data/res/values-mcc310-mnc200-es-rUS: Cannot utime: Operation not permitted
build	Cache Android SDK	2026-06-06T12:22:48.6264003Z /usr/bin/tar: ../../../../../usr/local/lib/android/sdk/platforms/android-36-ext19/data/res/values-mcc310-mnc200-es-rUS: Cannot change mode to rwxr-xr-x: Operation not permitted
build	Cache Android SDK	2026-06-06T12:22:48.6265964Z /usr/bin/tar: ../../../../../usr/local/lib/android/sdk/platforms/android-36-ext19/data/res/values-mcc310-mnc800-ms: Cannot utime: Operation not permitted
build	Cache Android SDK	2026-06-06T12:22:48.6266943Z /usr/bin/tar: ../../../../../usr/local/lib/android/sdk/platforms/android-36-ext19/data/res/values-mcc310-mnc800-ms: Cannot change mode to rwxr-xr-x: Operation not permitted
build	Cache Android SDK	2026-06-06T12:22:48.6269162Z /usr/bin/tar: ../../../../../usr/local/lib/android/sdk/platforms/android-36-ext19/data/res/values-mcc310-mnc200-bs: Cannot utime: Operation not permitted
build	Cache Android SDK	2026-06-06T12:22:48.6270156Z /usr/bin/tar: ../../../../../usr/local/lib/android/sdk/platforms/android-36-ext19/data/res/values-mcc310-mnc200-bs: Cannot change mode to rwxr-xr-x: Operation not permitted
build	Cache Android SDK	2026-06-06T12:22:48.6272828Z /usr/bin/tar: ../../../../../usr/local/lib/android/sdk/platforms/android-36-ext19/data/res/values-mcc310-mnc280-uz: Cannot utime: Operation not permitted
build	Cache Android SDK	2026-06-06T12:22:48.6273909Z /usr/bin/tar: ../../../../../usr/local/lib/android/sdk/platforms/android-36-ext19/data/res/values-mcc310-mnc280-uz: Cannot change mode to rwxr-xr-x: Operation not permitted
build	Cache Android SDK	2026-06-06T12:22:48.6275626Z /usr/bin/tar: ../../../../../usr/local/lib/android/sdk/platforms/android-36-ext19/data/res/values-mcc310-mnc230-hr: Cannot utime: Operation not permitted
build	Cache Android SDK	2026-06-06T12:22:48.6276599Z /usr/bin/tar: ../../../../../usr/local/lib/android/sdk/platforms/android-36-ext19/data/res/values-mcc310-mnc230-hr: Cannot change mode to rwxr-xr-x: Operation not permitted
build	Cache Android SDK	2026-06-06T12:22:48.6279573Z /usr/bin/tar: ../../../../../usr/local/lib/android/sdk/platforms/android-36-ext19/data/res/values-mcc310-mnc240-it: Cannot utime: Operation not permitted
build	Cache Android SDK	2026-06-06T12:22:48.6280711Z /usr/bin/tar: ../../../../../usr/local/lib/android/sdk/platforms/android-36-ext19/data/res/values-mcc310-mnc240-it: Cannot change mode to rwxr-xr-x: Operation not permitted
build	Cache Android SDK	2026-06-06T12:22:48.6282286Z /usr/bin/tar: ../../../../../usr/local/lib/android/sdk/platforms/android-36-ext19/data/res/values-mcc440: Cannot utime: Operation not permitted
build	Cache Android SDK	2026-06-06T12:22:48.6283197Z /usr/bin/tar: ../../../../../usr/local/lib/android/sdk/platforms/android-36-ext19/data/res/values-mcc440: Cannot change mode to rwxr-xr-x: Operation not permitted
build	Cache Android SDK	2026-06-06T12:22:48.6285608Z /usr/bin/tar: ../../../../../usr/local/lib/android/sdk/platforms/android-36-ext19/data/res/values-mcc310-mnc310-es: Cannot utime: Operation not permitted
build	Cache Android SDK	2026-06-06T12:22:48.6286598Z /usr/bin/tar: ../../../../../usr/local/lib/android/sdk/platforms/android-36-ext19/data/res/values-mcc310-mnc310-es: Cannot change mode to rwxr-xr-x: Operation not permitted
build	Cache Android SDK	2026-06-06T12:22:48.6288884Z /usr/bin/tar: ../../../../../usr/local/lib/android/sdk/platforms/android-36-ext19/data/res/values-mcc310-mnc560-cs: Cannot utime: Operation not permitted
build	Cache Android SDK	2026-06-06T12:22:48.6289836Z /usr/bin/tar: ../../../../../usr/local/lib/android/sdk/platforms/android-36-ext19/data/res/values-mcc310-mnc560-cs: Cannot change mode to rwxr-xr-x: Operation not permitted
build	Cache Android SDK	2026-06-06T12:22:48.6292133Z /usr/bin/tar: ../../../../../usr/local/lib/android/sdk/platforms/android-36-ext19/data/res/values-mcc310-mnc160-ky: Cannot utime: Operation not permitted
build	Cache Android SDK	2026-06-06T12:22:48.6293089Z /usr/bin/tar: ../../../../../usr/local/lib/android/sdk/platforms/android-36-ext19/data/res/values-mcc310-mnc160-ky: Cannot change mode to rwxr-xr-x: Operation not permitted
build	Cache Android SDK	2026-06-06T12:22:48.6295086Z /usr/bin/tar: ../../../../../usr/local/lib/android/sdk/platforms/android-36-ext19/data/res/values-mcc310-mnc270-mk: Cannot utime: Operation not permitted
build	Cache Android SDK	2026-06-06T12:22:48.6296052Z /usr/bin/tar: ../../../../../usr/local/lib/android/sdk/platforms/android-36-ext19/data/res/values-mcc310-mnc270-mk: Cannot change mode to rwxr-xr-x: Operation not permitted
build	Cache Android SDK	2026-06-06T12:22:48.6299092Z /usr/bin/tar: ../../../../../usr/local/lib/android/sdk/platforms/android-36-ext19/data/res/values-et-watch: Cannot utime: Operation not permitted
build	Cache Android SDK	2026-06-06T12:22:48.6300162Z /usr/bin/tar: ../../../../../usr/local/lib/android/sdk/platforms/android-36-ext19/data/res/values-et-watch: Cannot change mode to rwxr-xr-x: Operation not permitted
build	Cache Android SDK	2026-06-06T12:22:48.6301905Z /usr/bin/tar: ../../../../../usr/local/lib/android/sdk/platforms/android-36-ext19/data/res/values-mcc310-mnc800-da: Cannot utime: Operation not permitted
build	Cache Android SDK	2026-06-06T12:22:48.6302860Z /usr/bin/tar: ../../../../../usr/local/lib/android/sdk/platforms/android-36-ext19/data/res/values-mcc310-mnc800-da: Cannot change mode to rwxr-xr-x: Operation not permitted
build	Cache Android SDK	2026-06-06T12:22:48.6305745Z /usr/bin/tar: ../../../../../usr/local/lib/android/sdk/platforms/android-36-ext19/data/res/values-mcc310-mnc310-sq: Cannot utime: Operation not permitted
build	Cache Android SDK	2026-06-06T12:22:48.6307076Z /usr/bin/tar: ../../../../../usr/local/lib/android/sdk/platforms/android-36-ext19/data/res/values-mcc310-mnc310-sq: Cannot change mode to rwxr-xr-x: Operation not permitted
build	Cache Android SDK	2026-06-06T12:22:48.6308632Z /usr/bin/tar: ../../../../../usr/local/lib/android/sdk/platforms/android-36-ext19/data/res/values-mcc310-mnc310-my: Cannot utime: Operation not permitted
build	Cache Android SDK	2026-06-06T12:22:48.6309577Z /usr/bin/tar: ../../../../../usr/local/lib/android/sdk/platforms/android-36-ext19/data/res/values-mcc310-mnc310-my: Cannot change mode to rwxr-xr-x: Operation not permitted
build	Cache Android SDK	2026-06-06T12:22:48.6311541Z /usr/bin/tar: ../../../../../usr/local/lib/android/sdk/platforms/android-36-ext19/data/res/values-mcc311-mnc180-be: Cannot utime: Operation not permitted
build	Cache Android SDK	2026-06-06T12:22:48.6312598Z /usr/bin/tar: ../../../../../usr/local/lib/android/sdk/platforms/android-36-ext19/data/res/values-mcc311-mnc180-be: Cannot change mode to rwxr-xr-x: Operation not permitted
build	Cache Android SDK	2026-06-06T12:22:48.6314969Z /usr/bin/tar: ../../../../../usr/local/lib/android/sdk/platforms/android-36-ext19/data/res/values-fr-neuter: Cannot utime: Operation not permitted
build	Cache Android SDK	2026-06-06T12:22:48.6315907Z /usr/bin/tar: ../../../../../usr/local/lib/android/sdk/platforms/android-36-ext19/data/res/values-fr-neuter: Cannot change mode to rwxr-xr-x: Operation not permitted
build	Cache Android SDK	2026-06-06T12:22:48.6318075Z /usr/bin/tar: ../../../../../usr/local/lib/android/sdk/platforms/android-36-ext19/data/res/values-mcc310-mnc490-zu: Cannot utime: Operation not permitted
build	Cache Android SDK	2026-06-06T12:22:48.6319034Z /usr/bin/tar: ../../../../../usr/local/lib/android/sdk/platforms/android-36-ext19/data/res/values-mcc310-mnc490-zu: Cannot change mode to rwxr-xr-x: Operation not permitted
build	Cache Android SDK	2026-06-06T12:22:48.6321746Z /usr/bin/tar: ../../../../../usr/local/lib/android/sdk/platforms/android-36-ext19/data/res/values-mcc310-mnc410-am: Cannot utime: Operation not permitted
build	Cache Android SDK	2026-06-06T12:22:48.6322960Z /usr/bin/tar: ../../../../../usr/local/lib/android/sdk/platforms/android-36-ext19/data/res/values-mcc310-mnc410-am: Cannot change mode to rwxr-xr-x: Operation not permitted
build	Cache Android SDK	2026-06-06T12:22:48.6324737Z /usr/bin/tar: ../../../../../usr/local/lib/android/sdk/platforms/android-36-ext19/data/res/values-mcc310-mnc950-hr: Cannot utime: Operation not permitted
build	Cache Android SDK	2026-06-06T12:22:48.6329301Z /usr/bin/tar: ../../../../../usr/local/lib/android/sdk/platforms/android-36-ext19/data/res/values-mcc310-mnc950-hr: Cannot change mode to rwxr-xr-x: Operation not permitted
build	Cache Android SDK	2026-06-06T12:22:48.6330296Z /usr/bin/tar: ../../../../../usr/local/lib/android/sdk/platforms/android-36-ext19/data/res/values-mcc716-mnc10: Cannot utime: Operation not permitted
build	Cache Android SDK	2026-06-06T12:22:48.6331251Z /usr/bin/tar: ../../../../../usr/local/lib/android/sdk/platforms/android-36-ext19/data/res/values-mcc716-mnc10: Cannot change mode to rwxr-xr-x: Operation not permitted
build	Cache Android SDK	2026-06-06T12:22:48.6332626Z /usr/bin/tar: ../../../../../usr/local/lib/android/sdk/platforms/android-36-ext19/data/res/values-mcc310-mnc280-hr: Cannot utime: Operation not permitted
build	Cache Android SDK	2026-06-06T12:22:48.6333598Z /usr/bin/tar: ../../../../../usr/local/lib/android/sdk/platforms/android-36-ext19/data/res/values-mcc310-mnc280-hr: Cannot change mode to rwxr-xr-x: Operation not permitted
build	Cache Android SDK	2026-06-06T12:22:48.6336651Z /usr/bin/tar: ../../../../../usr/local/lib/android/sdk/platforms/android-36-ext19/data/res/values-mcc310-mnc490-zh-rCN: Cannot utime: Operation not permitted
build	Cache Android SDK	2026-06-06T12:22:48.6337786Z /usr/bin/tar: ../../../../../usr/local/lib/android/sdk/platforms/android-36-ext19/data/res/values-mcc310-mnc490-zh-rCN: Cannot change mode to rwxr-xr-x: Operation not permitted
build	Cache Android SDK	2026-06-06T12:22:48.6340283Z /usr/bin/tar: ../../../../../usr/local/lib/android/sdk/platforms/android-36-ext19/data/res/values-mcc001-mnc01-hi: Cannot utime: Operation not permitted
build	Cache Android SDK	2026-06-06T12:22:48.6341378Z /usr/bin/tar: ../../../../../usr/local/lib/android/sdk/platforms/android-36-ext19/data/res/values-mcc001-mnc01-hi: Cannot change mode to rwxr-xr-x: Operation not permitted
build	Cache Android SDK	2026-06-06T12:22:48.6343554Z /usr/bin/tar: ../../../../../usr/local/lib/android/sdk/platforms/android-36-ext19/data/res/values-mcc310-mnc220-ne: Cannot utime: Operation not permitted
build	Cache Android SDK	2026-06-06T12:22:48.6344511Z /usr/bin/tar: ../../../../../usr/local/lib/android/sdk/platforms/android-36-ext19/data/res/values-mcc310-mnc220-ne: Cannot change mode to rwxr-xr-x: Operation not permitted
build	Cache Android SDK	2026-06-06T12:22:48.6345992Z /usr/bin/tar: ../../../../../usr/local/lib/android/sdk/platforms/android-36-ext19/data/res/values-de-rAT: Cannot utime: Operation not permitted
build	Cache Android SDK	2026-06-06T12:22:48.6346937Z /usr/bin/tar: ../../../../../usr/local/lib/android/sdk/platforms/android-36-ext19/data/res/values-de-rAT: Cannot change mode to rwxr-xr-x: Operation not permitted
build	Cache Android SDK	2026-06-06T12:22:48.6349280Z /usr/bin/tar: ../../../../../usr/local/lib/android/sdk/platforms/android-36-ext19/data/res/values-mcc310-mnc030-es: Cannot utime: Operation not permitted
build	Cache Android SDK	2026-06-06T12:22:48.6350390Z /usr/bin/tar: ../../../../../usr/local/lib/android/sdk/platforms/android-36-ext19/data/res/values-mcc310-mnc030-es: Cannot change mode to rwxr-xr-x: Operation not permitted
build	Cache Android SDK	2026-06-06T12:22:48.6351906Z /usr/bin/tar: ../../../../../usr/local/lib/android/sdk/platforms/android-36-ext19/data/res/values-mcc001-mnc01-es: Cannot utime: Operation not permitted
build	Cache Android SDK	2026-06-06T12:22:48.6352934Z /usr/bin/tar: ../../../../../usr/local/lib/android/sdk/platforms/android-36-ext19/data/res/values-mcc001-mnc01-es: Cannot change mode to rwxr-xr-x: Operation not permitted
build	Cache Android SDK	2026-06-06T12:22:48.6355554Z /usr/bin/tar: ../../../../../usr/local/lib/android/sdk/platforms/android-36-ext19/data/res/values-mcc310-mnc270-el: Cannot utime: Operation not permitted
build	Cache Android SDK	2026-06-06T12:22:48.6356576Z /usr/bin/tar: ../../../../../usr/local/lib/android/sdk/platforms/android-36-ext19/data/res/values-mcc310-mnc270-el: Cannot change mode to rwxr-xr-x: Operation not permitted
build	Cache Android SDK	2026-06-06T12:22:48.6358991Z /usr/bin/tar: ../../../../../usr/local/lib/android/sdk/platforms/android-36-ext19/data/res/values-mcc310-mnc410-en-rIN: Cannot utime: Operation not permitted
build	Cache Android SDK	2026-06-06T12:22:48.6360466Z /usr/bin/tar: ../../../../../usr/local/lib/android/sdk/platforms/android-36-ext19/data/res/values-mcc310-mnc410-en-rIN: Cannot change mode to rwxr-xr-x: Operation not permitted
build	Cache Android SDK	2026-06-06T12:22:48.6362372Z /usr/bin/tar: ../../../../../usr/local/lib/android/sdk/platforms/android-36-ext19/data/res/values-mcc311-mnc180-tl: Cannot utime: Operation not permitted
build	Cache Android SDK	2026-06-06T12:22:48.6363795Z /usr/bin/tar: ../../../../../usr/local/lib/android/sdk/platforms/android-36-ext19/data/res/values-mcc311-mnc180-tl: Cannot change mode to rwxr-xr-x: Operation not permitted
build	Cache Android SDK	2026-06-06T12:22:48.6365701Z /usr/bin/tar: ../../../../../usr/local/lib/android/sdk/platforms/android-36-ext19/data/res/values-mcc310-mnc210-en-rIN: Cannot utime: Operation not permitted
build	Cache Android SDK	2026-06-06T12:22:48.6367713Z /usr/bin/tar: ../../../../../usr/local/lib/android/sdk/platforms/android-36-ext19/data/res/values-mcc310-mnc210-en-rIN: Cannot change mode to rwxr-xr-x: Operation not permitted
build	Cache Android SDK	2026-06-06T12:22:48.6369352Z /usr/bin/tar: ../../../../../usr/local/lib/android/sdk/platforms/android-36-ext19/data/res/values-mcc312-mnc670-kn: Cannot utime: Operation not permitted
build	Cache Android SDK	2026-06-06T12:22:48.6370964Z /usr/bin/tar: ../../../../../usr/local/lib/android/sdk/platforms/android-36-ext19/data/res/values-mcc312-mnc670-kn: Cannot change mode to rwxr-xr-x: Operation not permitted
build	Cache Android SDK	2026-06-06T12:22:48.6373040Z /usr/bin/tar: ../../../../../usr/local/lib/android/sdk/platforms/android-36-ext19/data/res/values-ro-television: Cannot utime: Operation not permitted
build	Cache Android SDK	2026-06-06T12:22:48.6374668Z /usr/bin/tar: ../../../../../usr/local/lib/android/sdk/platforms/android-36-ext19/data/res/values-ro-television: Cannot change mode to rwxr-xr-x: Operation not permitted
build	Cache Android SDK	2026-06-06T12:22:48.6376560Z /usr/bin/tar: ../../../../../usr/local/lib/android/sdk/platforms/android-36-ext19/data/res/values-mcc310-mnc210-pt-rPT: Cannot utime: Operation not permitted
build	Cache Android SDK	2026-06-06T12:22:48.6378474Z /usr/bin/tar: ../../../../../usr/local/lib/android/sdk/platforms/android-36-ext19/data/res/values-mcc310-mnc210-pt-rPT: Cannot change mode to rwxr-xr-x: Operation not permitted
build	Cache Android SDK	2026-06-06T12:22:48.6380238Z /usr/bin/tar: ../../../../../usr/local/lib/android/sdk/platforms/android-36-ext19/data/res/values-vi-rVN: Cannot utime: Operation not permitted
build	Cache Android SDK	2026-06-06T12:22:48.6381921Z /usr/bin/tar: ../../../../../usr/local/lib/android/sdk/platforms/android-36-ext19/data/res/values-vi-rVN: Cannot change mode to rwxr-xr-x: Operation not permitted
build	Cache Android SDK	2026-06-06T12:22:48.6384016Z /usr/bin/tar: ../../../../../usr/local/lib/android/sdk/platforms/android-36-ext19/data/res/values-mcc302-mnc720-el: Cannot utime: Operation not permitted
build	Cache Android SDK	2026-06-06T12:22:48.6385823Z /usr/bin/tar: ../../../../../usr/local/lib/android/sdk/platforms/android-36-ext19/data/res/values-mcc302-mnc720-el: Cannot change mode to rwxr-xr-x: Operation not permitted
build	Cache Android SDK	2026-06-06T12:22:48.6388070Z /usr/bin/tar: ../../../../../usr/local/lib/android/sdk/platforms/android-36-ext19/data/res/values-mcc310-mnc270-sw: Cannot utime: Operation not permitted
build	Cache Android SDK	2026-06-06T12:22:48.6389949Z /usr/bin/tar: ../../../../../usr/local/lib/android/sdk/platforms/android-36-ext19/data/res/values-mcc310-mnc270-sw: Cannot change mode to rwxr-xr-x: Operation not permitted
build	Cache Android SDK	2026-06-06T12:22:48.6398854Z /usr/bin/tar: ../../../../../usr/local/lib/android/sdk/platforms/android-36-ext19/data/res/values-pt-rPT: Cannot utime: Operation not permitted
build	Cache Android SDK	2026-06-06T12:22:48.6401250Z /usr/bin/tar: ../../../../../usr/local/lib/android/sdk/platforms/android-36-ext19/data/res/values-pt-rPT: Cannot change mode to rwxr-xr-x: Operation not permitted
build	Cache Android SDK	2026-06-06T12:22:48.6403057Z /usr/bin/tar: ../../../../../usr/local/lib/android/sdk/platforms/android-36-ext19/data/res/values-mcc334-mnc020-sv: Cannot utime: Operation not permitted
build	Cache Android SDK	2026-06-06T12:22:48.6404971Z /usr/bin/tar: ../../../../../usr/local/lib/android/sdk/platforms/android-36-ext19/data/res/values-mcc334-mnc020-sv: Cannot change mode to rwxr-xr-x: Operation not permitted
build	Cache Android SDK	2026-06-06T12:22:48.6406861Z /usr/bin/tar: ../../../../../usr/local/lib/android/sdk/platforms/android-36-ext19/data/res/values-mcc530-mnc05: Cannot utime: Operation not permitted
build	Cache Android SDK	2026-06-06T12:22:48.6408535Z /usr/bin/tar: ../../../../../usr/local/lib/android/sdk/platforms/android-36-ext19/data/res/values-mcc530-mnc05: Cannot change mode to rwxr-xr-x: Operation not permitted
build	Cache Android SDK	2026-06-06T12:22:48.6410191Z /usr/bin/tar: ../../../../../usr/local/lib/android/sdk/platforms/android-36-ext19/data/res/values-mcc310-mnc030-uk: Cannot utime: Operation not permitted
build	Cache Android SDK	2026-06-06T12:22:48.6411920Z /usr/bin/tar: ../../../../../usr/local/lib/android/sdk/platforms/android-36-ext19/data/res/values-mcc310-mnc030-uk: Cannot change mode to rwxr-xr-x: Operation not permitted
build	Cache Android SDK	2026-06-06T12:22:48.6413924Z /usr/bin/tar: ../../../../../usr/local/lib/android/sdk/platforms/android-36-ext19/data/res/values-mcc310-mnc030-hy: Cannot utime: Operation not permitted
build	Cache Android SDK	2026-06-06T12:22:48.6415733Z /usr/bin/tar: ../../../../../usr/local/lib/android/sdk/platforms/android-36-ext19/data/res/values-mcc310-mnc030-hy: Cannot change mode to rwxr-xr-x: Operation not permitted
build	Cache Android SDK	2026-06-06T12:22:48.6418033Z /usr/bin/tar: ../../../../../usr/local/lib/android/sdk/platforms/android-36-ext19/data/res/values-mcc310-mnc950-kk: Cannot utime: Operation not permitted
build	Cache Android SDK	2026-06-06T12:22:48.6419933Z /usr/bin/tar: ../../../../../usr/local/lib/android/sdk/platforms/android-36-ext19/data/res/values-mcc310-mnc950-kk: Cannot change mode to rwxr-xr-x: Operation not permitted
build	Cache Android SDK	2026-06-06T12:22:48.6421753Z /usr/bin/tar: ../../../../../usr/local/lib/android/sdk/platforms/android-36-ext19/data/res/values-mcc310-mnc170-ne: Cannot utime: Operation not permitted
build	Cache Android SDK	2026-06-06T12:22:48.6423567Z /usr/bin/tar: ../../../../../usr/local/lib/android/sdk/platforms/android-36-ext19/data/res/values-mcc310-mnc170-ne: Cannot change mode to rwxr-xr-x: Operation not permitted
build	Cache Android SDK	2026-06-06T12:22:48.6425615Z /usr/bin/tar: ../../../../../usr/local/lib/android/sdk/platforms/android-36-ext19/data/res/values-mcc310-mnc150-lt: Cannot utime: Operation not permitted
build	Cache Android SDK	2026-06-06T12:22:48.6429024Z /usr/bin/tar: ../../../../../usr/local/lib/android/sdk/platforms/android-36-ext19/data/res/values-mcc310-mnc150-lt: Cannot change mode to rwxr-xr-x: Operation not permitted
build	Cache Android SDK	2026-06-06T12:22:48.6430934Z /usr/bin/tar: ../../../../../usr/local/lib/android/sdk/platforms/android-36-ext19/data/res/values-mcc310-mnc240-iw: Cannot utime: Operation not permitted
build	Cache Android SDK	2026-06-06T12:22:48.6432771Z /usr/bin/tar: ../../../../../usr/local/lib/android/sdk/platforms/android-36-ext19/data/res/values-mcc310-mnc240-iw: Cannot change mode to rwxr-xr-x: Operation not permitted
build	Cache Android SDK	2026-06-06T12:22:48.6434648Z /usr/bin/tar: ../../../../../usr/local/lib/android/sdk/platforms/android-36-ext19/data/res/values-mcc310-mnc240-sr: Cannot utime: Operation not permitted
build	Cache Android SDK	2026-06-06T12:22:48.6436401Z /usr/bin/tar: ../../../../../usr/local/lib/android/sdk/platforms/android-36-ext19/data/res/values-mcc310-mnc240-sr: Cannot change mode to rwxr-xr-x: Operation not permitted
build	Cache Android SDK	2026-06-06T12:22:48.6438374Z /usr/bin/tar: ../../../../../usr/local/lib/android/sdk/platforms/android-36-ext19/data/res/values-w240dp: Cannot utime: Operation not permitted
build	Cache Android SDK	2026-06-06T12:22:48.6439993Z /usr/bin/tar: ../../../../../usr/local/lib/android/sdk/platforms/android-36-ext19/data/res/values-w240dp: Cannot change mode to rwxr-xr-x: Operation not permitted
build	Cache Android SDK	2026-06-06T12:22:48.6441668Z /usr/bin/tar: ../../../../../usr/local/lib/android/sdk/platforms/android-36-ext19/data/res/values-mcc310-mnc240-zh-rCN: Cannot utime: Operation not permitted
build	Cache Android SDK	2026-06-06T12:22:48.6443463Z /usr/bin/tar: ../../../../../usr/local/lib/android/sdk/platforms/android-36-ext19/data/res/values-mcc310-mnc240-zh-rCN: Cannot change mode to rwxr-xr-x: Operation not permitted
build	Cache Android SDK	2026-06-06T12:22:48.6445328Z /usr/bin/tar: ../../../../../usr/local/lib/android/sdk/platforms/android-36-ext19/data/res/values-mcc310-mnc380-tr: Cannot utime: Operation not permitted
build	Cache Android SDK	2026-06-06T12:22:48.6447245Z /usr/bin/tar: ../../../../../usr/local/lib/android/sdk/platforms/android-36-ext19/data/res/values-mcc310-mnc380-tr: Cannot change mode to rwxr-xr-x: Operation not permitted
build	Cache Android SDK	2026-06-06T12:22:48.6449207Z /usr/bin/tar: ../../../../../usr/local/lib/android/sdk/platforms/android-36-ext19/data/res/values-mcc310-mnc250-nb: Cannot utime: Operation not permitted
build	Cache Android SDK	2026-06-06T12:22:48.6451057Z /usr/bin/tar: ../../../../../usr/local/lib/android/sdk/platforms/android-36-ext19/data/res/values-mcc310-mnc250-nb: Cannot change mode to rwxr-xr-x: Operation not permitted
build	Cache Android SDK	2026-06-06T12:22:48.6452844Z /usr/bin/tar: ../../../../../usr/local/lib/android/sdk/platforms/android-36-ext19/data/res/drawable-en-ldpi: Cannot utime: Operation not permitted
build	Cache Android SDK	2026-06-06T12:22:48.6454633Z /usr/bin/tar: ../../../../../usr/local/lib/android/sdk/platforms/android-36-ext19/data/res/drawable-en-ldpi: Cannot change mode to rwxr-xr-x: Operation not permitted
build	Cache Android SDK	2026-06-06T12:22:48.6456654Z /usr/bin/tar: ../../../../../usr/local/lib/android/sdk/platforms/android-36-ext19/data/res/values-mcc334-mnc020-gl: Cannot utime: Operation not permitted
build	Cache Android SDK	2026-06-06T12:22:48.6458744Z /usr/bin/tar: ../../../../../usr/local/lib/android/sdk/platforms/android-36-ext19/data/res/values-mcc334-mnc020-gl: Cannot change mode to rwxr-xr-x: Operation not permitted
build	Cache Android SDK	2026-06-06T12:22:48.6460672Z /usr/bin/tar: ../../../../../usr/local/lib/android/sdk/platforms/android-36-ext19/data/res/values-mcc310-mnc170-fr: Cannot utime: Operation not permitted
build	Cache Android SDK	2026-06-06T12:22:48.6462473Z /usr/bin/tar: ../../../../../usr/local/lib/android/sdk/platforms/android-36-ext19/data/res/values-mcc310-mnc170-fr: Cannot change mode to rwxr-xr-x: Operation not permitted
build	Cache Android SDK	2026-06-06T12:22:48.6464301Z /usr/bin/tar: ../../../../../usr/local/lib/android/sdk/platforms/android-36-ext19/data/res/values-mcc310-mnc280-eu: Cannot utime: Operation not permitted
build	Cache Android SDK	2026-06-06T12:22:48.6466390Z /usr/bin/tar: ../../../../../usr/local/lib/android/sdk/platforms/android-36-ext19/data/res/values-mcc310-mnc280-eu: Cannot change mode to rwxr-xr-x: Operation not permitted
build	Cache Android SDK	2026-06-06T12:22:48.6468411Z /usr/bin/tar: ../../../../../usr/local/lib/android/sdk/platforms/android-36-ext19/data/res/values-mcc310-mnc270-si: Cannot utime: Operation not permitted
build	Cache Android SDK	2026-06-06T12:22:48.6470301Z /usr/bin/tar: ../../../../../usr/local/lib/android/sdk/platforms/android-36-ext19/data/res/values-mcc310-mnc270-si: Cannot change mode to rwxr-xr-x: Operation not permitted
build	Cache Android SDK	2026-06-06T12:22:48.6472125Z /usr/bin/tar: ../../../../../usr/local/lib/android/sdk/platforms/android-36-ext19/data/res/drawable-w240dp: Cannot utime: Operation not permitted
build	Cache Android SDK	2026-06-06T12:22:48.6473925Z /usr/bin/tar: ../../../../../usr/local/lib/android/sdk/platforms/android-36-ext19/data/res/drawable-w240dp: Cannot change mode to rwxr-xr-x: Operation not permitted
build	Cache Android SDK	2026-06-06T12:22:48.6475719Z /usr/bin/tar: ../../../../../usr/local/lib/android/sdk/platforms/android-36-ext19/data/res/values-mcc310-mnc380-my: Cannot utime: Operation not permitted
build	Cache Android SDK	2026-06-06T12:22:48.6477962Z /usr/bin/tar: ../../../../../usr/local/lib/android/sdk/platforms/android-36-ext19/data/res/values-mcc310-mnc380-my: Cannot change mode to rwxr-xr-x: Operation not permitted
build	Cache Android SDK	2026-06-06T12:22:48.6479861Z /usr/bin/tar: ../../../../../usr/local/lib/android/sdk/platforms/android-36-ext19/data/res/values-mcc311-mnc180-fi: Cannot utime: Operation not permitted
build	Cache Android SDK	2026-06-06T12:22:48.6481608Z /usr/bin/tar: ../../../../../usr/local/lib/android/sdk/platforms/android-36-ext19/data/res/values-mcc311-mnc180-fi: Cannot change mode to rwxr-xr-x: Operation not permitted
build	Cache Android SDK	2026-06-06T12:22:48.6483382Z /usr/bin/tar: ../../../../../usr/local/lib/android/sdk/platforms/android-36-ext19/data/res/values-mcc310-mnc150-el: Cannot utime: Operation not permitted
build	Cache Android SDK	2026-06-06T12:22:48.6485212Z /usr/bin/tar: ../../../../../usr/local/lib/android/sdk/platforms/android-36-ext19/data/res/values-mcc310-mnc150-el: Cannot change mode to rwxr-xr-x: Operation not permitted
build	Cache Android SDK	2026-06-06T12:22:48.6486827Z /usr/bin/tar: ../../../../../usr/local/lib/android/sdk/platforms/android-36-ext19/data/res/values-ldrtl-television: Cannot utime: Operation not permitted
build	Cache Android SDK	2026-06-06T12:22:48.6488698Z /usr/bin/tar: ../../../../../usr/local/lib/android/sdk/platforms/android-36-ext19/data/res/values-ldrtl-television: Cannot change mode to rwxr-xr-x: Operation not permitted
build	Cache Android SDK	2026-06-06T12:22:48.6490345Z /usr/bin/tar: ../../../../../usr/local/lib/android/sdk/platforms/android-36-ext19/data/res/values-nb-watch: Cannot utime: Operation not permitted
build	Cache Android SDK	2026-06-06T12:22:48.6491948Z /usr/bin/tar: ../../../../../usr/local/lib/android/sdk/platforms/android-36-ext19/data/res/values-nb-watch: Cannot change mode to rwxr-xr-x: Operation not permitted
build	Cache Android SDK	2026-06-06T12:22:48.6493564Z /usr/bin/tar: ../../../../../usr/local/lib/android/sdk/platforms/android-36-ext19/data/res/values-mcc310-mnc490: Cannot utime: Operation not permitted
build	Cache Android SDK	2026-06-06T12:22:48.6495456Z /usr/bin/tar: ../../../../../usr/local/lib/android/sdk/platforms/android-36-ext19/data/res/values-mcc310-mnc490: Cannot change mode to rwxr-xr-x: Operation not permitted
build	Cache Android SDK	2026-06-06T12:22:48.6497335Z /usr/bin/tar: ../../../../../usr/local/lib/android/sdk/platforms/android-36-ext19/data/res/values-mcc310-mnc230-gu: Cannot utime: Operation not permitted
build	Cache Android SDK	2026-06-06T12:22:48.6499326Z /usr/bin/tar: ../../../../../usr/local/lib/android/sdk/platforms/android-36-ext19/data/res/values-mcc310-mnc230-gu: Cannot change mode to rwxr-xr-x: Operation not permitted
build	Cache Android SDK	2026-06-06T12:22:48.6501132Z /usr/bin/tar: ../../../../../usr/local/lib/android/sdk/platforms/android-36-ext19/data/res/values-mcc310-mnc230-lv: Cannot utime: Operation not permitted
build	Cache Android SDK	2026-06-06T12:22:48.6502921Z /usr/bin/tar: ../../../../../usr/local/lib/android/sdk/platforms/android-36-ext19/data/res/values-mcc310-mnc230-lv: Cannot change mode to rwxr-xr-x: Operation not permitted
build	Cache Android SDK	2026-06-06T12:22:48.6504705Z /usr/bin/tar: ../../../../../usr/local/lib/android/sdk/platforms/android-36-ext19/data/res/values-mcc310-mnc410-bs: Cannot utime: Operation not permitted
build	Cache Android SDK	2026-06-06T12:22:48.6506619Z /usr/bin/tar: ../../../../../usr/local/lib/android/sdk/platforms/android-36-ext19/data/res/values-mcc310-mnc410-bs: Cannot change mode to rwxr-xr-x: Operation not permitted
build	Cache Android SDK	2026-06-06T12:22:48.6508725Z /usr/bin/tar: ../../../../../usr/local/lib/android/sdk/platforms/android-36-ext19/data/res/values-mcc302-mnc370-pt: Cannot utime: Operation not permitted
build	Cache Android SDK	2026-06-06T12:22:48.6510533Z /usr/bin/tar: ../../../../../usr/local/lib/android/sdk/platforms/android-36-ext19/data/res/values-mcc302-mnc370-pt: Cannot change mode to rwxr-xr-x: Operation not permitted
build	Cache Android SDK	2026-06-06T12:22:48.6512130Z /usr/bin/tar: ../../../../../usr/local/lib/android/sdk/platforms/android-36-ext19/data/res/raw-ja: Cannot utime: Operation not permitted
build	Cache Android SDK	2026-06-06T12:22:48.6513524Z /usr/bin/tar: ../../../../../usr/local/lib/android/sdk/platforms/android-36-ext19/data/res/raw-ja: Cannot change mode to rwxr-xr-x: Operation not permitted
build	Cache Android SDK	2026-06-06T12:22:48.6515142Z /usr/bin/tar: ../../../../../usr/local/lib/android/sdk/platforms/android-36-ext19/data/res/values-mcc310-mnc270-ne: Cannot utime: Operation not permitted
build	Cache Android SDK	2026-06-06T12:22:48.6517038Z /usr/bin/tar: ../../../../../usr/local/lib/android/sdk/platforms/android-36-ext19/data/res/values-mcc310-mnc270-ne: Cannot change mode to rwxr-xr-x: Operation not permitted
build	Cache Android SDK	2026-06-06T12:22:48.6518978Z /usr/bin/tar: ../../../../../usr/local/lib/android/sdk/platforms/android-36-ext19/data/res/values-mcc310-mnc150-sl: Cannot utime: Operation not permitted
build	Cache Android SDK	2026-06-06T12:22:48.6520784Z /usr/bin/tar: ../../../../../usr/local/lib/android/sdk/platforms/android-36-ext19/data/res/values-mcc310-mnc150-sl: Cannot change mode to rwxr-xr-x: Operation not permitted
build	Cache Android SDK	2026-06-06T12:22:48.6522538Z /usr/bin/tar: ../../../../../usr/local/lib/android/sdk/platforms/android-36-ext19/data/res/values-mcc310-mnc380-de: Cannot utime: Operation not permitted
build	Cache Android SDK	2026-06-06T12:22:48.6524145Z /usr/bin/tar: ../../../../../usr/local/lib/android/sdk/platforms/android-36-ext19/data/res/values-mcc310-mnc380-de: Cannot change mode to rwxr-xr-x: Operation not permitted
build	Cache Android SDK	2026-06-06T12:22:48.6525979Z /usr/bin/tar: ../../../../../usr/local/lib/android/sdk/platforms/android-36-ext19/data/res/values-mcc310-mnc950-hu: Cannot utime: Operation not permitted
build	Cache Android SDK	2026-06-06T12:22:48.6527819Z /usr/bin/tar: ../../../../../usr/local/lib/android/sdk/platforms/android-36-ext19/data/res/values-mcc310-mnc950-hu: Cannot change mode to rwxr-xr-x: Operation not permitted
build	Cache Android SDK	2026-06-06T12:22:48.6529537Z /usr/bin/tar: ../../../../../usr/local/lib/android/sdk/platforms/android-36-ext19/data/res/values-mcc310-mnc230-pa: Cannot utime: Operation not permitted
build	Cache Android SDK	2026-06-06T12:22:48.6531227Z /usr/bin/tar: ../../../../../usr/local/lib/android/sdk/platforms/android-36-ext19/data/res/values-mcc310-mnc230-pa: Cannot change mode to rwxr-xr-x: Operation not permitted
build	Cache Android SDK	2026-06-06T12:22:48.6532861Z /usr/bin/tar: ../../../../../usr/local/lib/android/sdk/platforms/android-36-ext19/data/res/values-w320dp: Cannot utime: Operation not permitted
build	Cache Android SDK	2026-06-06T12:22:48.6534574Z /usr/bin/tar: ../../../../../usr/local/lib/android/sdk/platforms/android-36-ext19/data/res/values-w320dp: Cannot change mode to rwxr-xr-x: Operation not permitted
build	Cache Android SDK	2026-06-06T12:22:48.6536150Z /usr/bin/tar: ../../../../../usr/local/lib/android/sdk/platforms/android-36-ext19/data/res/values-mcc310-mnc270-kk: Cannot utime: Operation not permitted
build	Cache Android SDK	2026-06-06T12:22:48.6538051Z /usr/bin/tar: ../../../../../usr/local/lib/android/sdk/platforms/android-36-ext19/data/res/values-mcc310-mnc270-kk: Cannot change mode to rwxr-xr-x: Operation not permitted
build	Cache Android SDK	2026-06-06T12:22:48.6539733Z /usr/bin/tar: ../../../../../usr/local/lib/android/sdk/platforms/android-36-ext19/data/res/values-mcc313-mnc100-nb: Cannot utime: Operation not permitted
build	Cache Android SDK	2026-06-06T12:22:48.6541540Z /usr/bin/tar: ../../../../../usr/local/lib/android/sdk/platforms/android-36-ext19/data/res/values-mcc313-mnc100-nb: Cannot change mode to rwxr-xr-x: Operation not permitted
build	Cache Android SDK	2026-06-06T12:22:48.6543483Z /usr/bin/tar: ../../../../../usr/local/lib/android/sdk/platforms/android-36-ext19/data/res/values-mcc310-mnc250-ky: Cannot utime: Operation not permitted
build	Cache Android SDK	2026-06-06T12:22:48.6545308Z /usr/bin/tar: ../../../../../usr/local/lib/android/sdk/platforms/android-36-ext19/data/res/values-mcc310-mnc250-ky: Cannot change mode to rwxr-xr-x: Operation not permitted
build	Cache Android SDK	2026-06-06T12:22:48.6547159Z /usr/bin/tar: ../../../../../usr/local/lib/android/sdk/platforms/android-36-ext19/data/res/values-mcc310-mnc800-gu: Cannot utime: Operation not permitted
build	Cache Android SDK	2026-06-06T12:22:48.6549101Z /usr/bin/tar: ../../../../../usr/local/lib/android/sdk/platforms/android-36-ext19/data/res/values-mcc310-mnc800-gu: Cannot change mode to rwxr-xr-x: Operation not permitted
build	Cache Android SDK	2026-06-06T12:22:48.6550949Z /usr/bin/tar: ../../../../../usr/local/lib/android/sdk/platforms/android-36-ext19/data/res/values-mcc310-mnc200-sv: Cannot utime: Operation not permitted
build	Cache Android SDK	2026-06-06T12:22:48.6552823Z /usr/bin/tar: ../../../../../usr/local/lib/android/sdk/platforms/android-36-ext19/data/res/values-mcc310-mnc200-sv: Cannot change mode to rwxr-xr-x: Operation not permitted
build	Cache Android SDK	2026-06-06T12:22:48.6554845Z /usr/bin/tar: ../../../../../usr/local/lib/android/sdk/platforms/android-36-ext19/data/res/values-mcc334-mnc020-en-rGB: Cannot utime: Operation not permitted
build	Cache Android SDK	2026-06-06T12:22:48.6556747Z /usr/bin/tar: ../../../../../usr/local/lib/android/sdk/platforms/android-36-ext19/data/res/values-mcc334-mnc020-en-rGB: Cannot change mode to rwxr-xr-x: Operation not permitted
build	Cache Android SDK	2026-06-06T12:22:48.6558794Z /usr/bin/tar: ../../../../../usr/local/lib/android/sdk/platforms/android-36-ext19/data/res/values-mcc302-mnc720-en-rIN: Cannot utime: Operation not permitted
build	Cache Android SDK	2026-06-06T12:22:48.6560705Z /usr/bin/tar: ../../../../../usr/local/lib/android/sdk/platforms/android-36-ext19/data/res/values-mcc302-mnc720-en-rIN: Cannot change mode to rwxr-xr-x: Operation not permitted
build	Cache Android SDK	2026-06-06T12:22:48.6562485Z /usr/bin/tar: ../../../../../usr/local/lib/android/sdk/platforms/android-36-ext19/data/res/xml-en: Cannot utime: Operation not permitted
build	Cache Android SDK	2026-06-06T12:22:48.6564115Z /usr/bin/tar: ../../../../../usr/local/lib/android/sdk/platforms/android-36-ext19/data/res/xml-en: Cannot change mode to rwxr-xr-x: Operation not permitted
build	Cache Android SDK	2026-06-06T12:22:48.6565952Z /usr/bin/tar: ../../../../../usr/local/lib/android/sdk/platforms/android-36-ext19/data/res/values-mcc310-mnc950-es-rUS: Cannot utime: Operation not permitted
build	Cache Android SDK	2026-06-06T12:22:48.6567926Z /usr/bin/tar: ../../../../../usr/local/lib/android/sdk/platforms/android-36-ext19/data/res/values-mcc310-mnc950-es-rUS: Cannot change mode to rwxr-xr-x: Operation not permitted
build	Cache Android SDK	2026-06-06T12:22:48.6569733Z /usr/bin/tar: ../../../../../usr/local/lib/android/sdk/platforms/android-36-ext19/data/res/values-mcc310-mnc950-tr: Cannot utime: Operation not permitted
build	Cache Android SDK	2026-06-06T12:22:48.6571317Z /usr/bin/tar: ../../../../../usr/local/lib/android/sdk/platforms/android-36-ext19/data/res/values-mcc310-mnc950-tr: Cannot change mode to rwxr-xr-x: Operation not permitted
build	Cache Android SDK	2026-06-06T12:22:48.6573140Z /usr/bin/tar: ../../../../../usr/local/lib/android/sdk/platforms/android-36-ext19/data/res/values-mcc310-mnc200-de: Cannot utime: Operation not permitted
build	Cache Android SDK	2026-06-06T12:22:48.6574758Z /usr/bin/tar: ../../../../../usr/local/lib/android/sdk/platforms/android-36-ext19/data/res/values-mcc310-mnc200-de: Cannot change mode to rwxr-xr-x: Operation not permitted
build	Cache Android SDK	2026-06-06T12:22:48.6576305Z /usr/bin/tar: ../../../../../usr/local/lib/android/sdk/platforms/android-36-ext19/data/res/values-is-watch: Cannot utime: Operation not permitted
build	Cache Android SDK	2026-06-06T12:22:48.6578061Z /usr/bin/tar: ../../../../../usr/local/lib/android/sdk/platforms/android-36-ext19/data/res/values-is-watch: Cannot change mode to rwxr-xr-x: Operation not permitted
build	Cache Android SDK	2026-06-06T12:22:48.6579823Z /usr/bin/tar: ../../../../../usr/local/lib/android/sdk/platforms/android-36-ext19/data/res/values-mcc310-mnc660-lo: Cannot utime: Operation not permitted
build	Cache Android SDK	2026-06-06T12:22:48.6581525Z /usr/bin/tar: ../../../../../usr/local/lib/android/sdk/platforms/android-36-ext19/data/res/values-mcc310-mnc660-lo: Cannot change mode to rwxr-xr-x: Operation not permitted
build	Cache Android SDK	2026-06-06T12:22:48.6583413Z /usr/bin/tar: ../../../../../usr/local/lib/android/sdk/platforms/android-36-ext19/data/res/values-mcc310-mnc380-or: Cannot utime: Operation not permitted
build	Cache Android SDK	2026-06-06T12:22:48.6585049Z /usr/bin/tar: ../../../../../usr/local/lib/android/sdk/platforms/android-36-ext19/data/res/values-mcc310-mnc380-or: Cannot change mode to rwxr-xr-x: Operation not permitted
build	Cache Android SDK	2026-06-06T12:22:48.6586731Z /usr/bin/tar: ../../../../../usr/local/lib/android/sdk/platforms/android-36-ext19/data/res/values-mcc334-mnc020-ky: Cannot utime: Operation not permitted
build	Cache Android SDK	2026-06-06T12:22:48.6588466Z /usr/bin/tar: ../../../../../usr/local/lib/android/sdk/platforms/android-36-ext19/data/res/values-mcc334-mnc020-ky: Cannot change mode to rwxr-xr-x: Operation not permitted
build	Cache Android SDK	2026-06-06T12:22:48.6590071Z /usr/bin/tar: ../../../../../usr/local/lib/android/sdk/platforms/android-36-ext19/data/res/values-mcc334-mnc020-pt-rPT: Cannot utime: Operation not permitted
build	Cache Android SDK	2026-06-06T12:22:48.6591925Z /usr/bin/tar: ../../../../../usr/local/lib/android/sdk/platforms/android-36-ext19/data/res/values-mcc334-mnc020-pt-rPT: Cannot change mode to rwxr-xr-x: Operation not permitted
build	Cache Android SDK	2026-06-06T12:22:48.6593708Z /usr/bin/tar: ../../../../../usr/local/lib/android/sdk/platforms/android-36-ext19/data/res/values-mcc310-mnc250-en-rIN: Cannot utime: Operation not permitted
build	Cache Android SDK	2026-06-06T12:22:48.6595479Z /usr/bin/tar: ../../../../../usr/local/lib/android/sdk/platforms/android-36-ext19/data/res/values-mcc310-mnc250-en-rIN: Cannot change mode to rwxr-xr-x: Operation not permitted
build	Cache Android SDK	2026-06-06T12:22:48.6597172Z /usr/bin/tar: ../../../../../usr/local/lib/android/sdk/platforms/android-36-ext19/data/res/values-mcc466-mnc03: Cannot utime: Operation not permitted
build	Cache Android SDK	2026-06-06T12:22:48.6598877Z /usr/bin/tar: ../../../../../usr/local/lib/android/sdk/platforms/android-36-ext19/data/res/values-mcc466-mnc03: Cannot change mode to rwxr-xr-x: Operation not permitted
build	Cache Android SDK	2026-06-06T12:22:48.6600582Z /usr/bin/tar: ../../../../../usr/local/lib/android/sdk/platforms/android-36-ext19/data/res/values-mcc310-mnc200-fr-rCA: Cannot utime: Operation not permitted
build	Cache Android SDK	2026-06-06T12:22:48.6602411Z /usr/bin/tar: ../../../../../usr/local/lib/android/sdk/platforms/android-36-ext19/data/res/values-mcc310-mnc200-fr-rCA: Cannot change mode to rwxr-xr-x: Operation not permitted
build	Cache Android SDK	2026-06-06T12:22:48.6603994Z /usr/bin/tar: ../../../../../usr/local/lib/android/sdk/platforms/android-36-ext19/data/res/values-mcc340-mnc01: Cannot utime: Operation not permitted
build	Cache Android SDK	2026-06-06T12:22:48.6605609Z /usr/bin/tar: ../../../../../usr/local/lib/android/sdk/platforms/android-36-ext19/data/res/values-mcc340-mnc01: Cannot change mode to rwxr-xr-x: Operation not permitted
build	Cache Android SDK	2026-06-06T12:22:48.6607208Z /usr/bin/tar: ../../../../../usr/local/lib/android/sdk/platforms/android-36-ext19/data/res/values-mcc310-mnc240-kn: Cannot utime: Operation not permitted
build	Cache Android SDK	2026-06-06T12:22:48.6609097Z /usr/bin/tar: ../../../../../usr/local/lib/android/sdk/platforms/android-36-ext19/data/res/values-mcc310-mnc240-kn: Cannot change mode to rwxr-xr-x: Operation not permitted
build	Cache Android SDK	2026-06-06T12:22:48.6611077Z /usr/bin/tar: ../../../../../usr/local/lib/android/sdk/platforms/android-36-ext19/data/res/values-land: Cannot utime: Operation not permitted
build	Cache Android SDK	2026-06-06T12:22:48.6612719Z /usr/bin/tar: ../../../../../usr/local/lib/android/sdk/platforms/android-36-ext19/data/res/values-land: Cannot change mode to rwxr-xr-x: Operation not permitted
build	Cache Android SDK	2026-06-06T12:22:48.6614402Z /usr/bin/tar: ../../../../../usr/local/lib/android/sdk/platforms/android-36-ext19/data/res/values-mcc302-mnc370-ka: Cannot utime: Operation not permitted
build	Cache Android SDK	2026-06-06T12:22:48.6616020Z /usr/bin/tar: ../../../../../usr/local/lib/android/sdk/platforms/android-36-ext19/data/res/values-mcc302-mnc370-ka: Cannot change mode to rwxr-xr-x: Operation not permitted
build	Cache Android SDK	2026-06-06T12:22:48.6617993Z /usr/bin/tar: ../../../../../usr/local/lib/android/sdk/platforms/android-36-ext19/data/res/values-mcc302-mnc720-sl: Cannot utime: Operation not permitted
build	Cache Android SDK	2026-06-06T12:22:48.6619863Z /usr/bin/tar: ../../../../../usr/local/lib/android/sdk/platforms/android-36-ext19/data/res/values-mcc302-mnc720-sl: Cannot change mode to rwxr-xr-x: Operation not permitted
build	Cache Android SDK	2026-06-06T12:22:48.6621576Z /usr/bin/tar: ../../../../../usr/local/lib/android/sdk/platforms/android-36-ext19/data/res/values-mcc310-mnc240-mr: Cannot utime: Operation not permitted
build	Cache Android SDK	2026-06-06T12:22:48.6623293Z /usr/bin/tar: ../../../../../usr/local/lib/android/sdk/platforms/android-36-ext19/data/res/values-mcc310-mnc240-mr: Cannot change mode to rwxr-xr-x: Operation not permitted
build	Cache Android SDK	2026-06-06T12:22:48.6625075Z /usr/bin/tar: ../../../../../usr/local/lib/android/sdk/platforms/android-36-ext19/data/res/values-mcc334-mnc020-fr-neuter: Cannot utime: Operation not permitted
build	Cache Android SDK	2026-06-06T12:22:48.6626770Z /usr/bin/tar: ../../../../../usr/local/lib/android/sdk/platforms/android-36-ext19/data/res/values-mcc334-mnc020-fr-neuter: Cannot change mode to rwxr-xr-x: Operation not permitted
build	Cache Android SDK	2026-06-06T12:22:48.6628322Z /usr/bin/tar: ../../../../../usr/local/lib/android/sdk/platforms/android-36-ext19/data/res/values-mcc310-mnc560-fa: Cannot utime: Operation not permitted
build	Cache Android SDK	2026-06-06T12:22:48.6629613Z /usr/bin/tar: ../../../../../usr/local/lib/android/sdk/platforms/android-36-ext19/data/res/values-mcc310-mnc560-fa: Cannot change mode to rwxr-xr-x: Operation not permitted
build	Cache Android SDK	2026-06-06T12:22:48.6630584Z /usr/bin/tar: ../../../../../usr/local/lib/android/sdk/platforms/android-36-ext19/data/res/values-mcc312-mnc670-ro: Cannot utime: Operation not permitted
build	Cache Android SDK	2026-06-06T12:22:48.6631535Z /usr/bin/tar: ../../../../../usr/local/lib/android/sdk/platforms/android-36-ext19/data/res/values-mcc312-mnc670-ro: Cannot change mode to rwxr-xr-x: Operation not permitted
build	Cache Android SDK	2026-06-06T12:22:48.6632654Z /usr/bin/tar: ../../../../../usr/local/lib/android/sdk/platforms/android-36-ext19/data/res/values-mcc310-mnc250-cs: Cannot utime: Operation not permitted
build	Cache Android SDK	2026-06-06T12:22:48.6633732Z /usr/bin/tar: ../../../../../usr/local/lib/android/sdk/platforms/android-36-ext19/data/res/values-mcc310-mnc250-cs: Cannot change mode to rwxr-xr-x: Operation not permitted
build	Cache Android SDK	2026-06-06T12:22:48.6634669Z /usr/bin/tar: ../../../../../usr/local/lib/android/sdk/platforms/android-36-ext19/data/res/values-hu-rHU: Cannot utime: Operation not permitted
build	Cache Android SDK	2026-06-06T12:22:48.6635890Z /usr/bin/tar: ../../../../../usr/local/lib/android/sdk/platforms/android-36-ext19/data/res/values-hu-rHU: Cannot change mode to rwxr-xr-x: Operation not permitted
build	Cache Android SDK	2026-06-06T12:22:48.6636860Z /usr/bin/tar: ../../../../../usr/local/lib/android/sdk/platforms/android-36-ext19/data/res/values-mcc315: Cannot utime: Operation not permitted
build	Cache Android SDK	2026-06-06T12:22:48.6637858Z /usr/bin/tar: ../../../../../usr/local/lib/android/sdk/platforms/android-36-ext19/data/res/values-mcc315: Cannot change mode to rwxr-xr-x: Operation not permitted
build	Cache Android SDK	2026-06-06T12:22:48.6639916Z /usr/bin/tar: ../../../../../usr/local/lib/android/sdk/platforms/android-36-ext19/data/res/values-mcc310-mnc660-gl: Cannot utime: Operation not permitted
build	Cache Android SDK	2026-06-06T12:22:48.6640964Z /usr/bin/tar: ../../../../../usr/local/lib/android/sdk/platforms/android-36-ext19/data/res/values-mcc310-mnc660-gl: Cannot change mode to rwxr-xr-x: Operation not permitted
build	Cache Android SDK	2026-06-06T12:22:48.6642868Z /usr/bin/tar: ../../../../../usr/local/lib/android/sdk/platforms/android-36-ext19/data/res/values-mcc313-mnc100-de: Cannot utime: Operation not permitted
build	Cache Android SDK	2026-06-06T12:22:48.6643979Z /usr/bin/tar: ../../../../../usr/local/lib/android/sdk/platforms/android-36-ext19/data/res/values-mcc313-mnc100-de: Cannot change mode to rwxr-xr-x: Operation not permitted
build	Cache Android SDK	2026-06-06T12:22:48.6645920Z /usr/bin/tar: ../../../../../usr/local/lib/android/sdk/platforms/android-36-ext19/data/res/values-mcc311-mnc180-it: Cannot utime: Operation not permitted
build	Cache Android SDK	2026-06-06T12:22:48.6646887Z /usr/bin/tar: ../../../../../usr/local/lib/android/sdk/platforms/android-36-ext19/data/res/values-mcc311-mnc180-it: Cannot change mode to rwxr-xr-x: Operation not permitted
build	Cache Android SDK	2026-06-06T12:22:48.6649162Z /usr/bin/tar: ../../../../../usr/local/lib/android/sdk/platforms/android-36-ext19/data/res/values-mcc310-mnc150-ta: Cannot utime: Operation not permitted
build	Cache Android SDK	2026-06-06T12:22:48.6650192Z /usr/bin/tar: ../../../../../usr/local/lib/android/sdk/platforms/android-36-ext19/data/res/values-mcc310-mnc150-ta: Cannot change mode to rwxr-xr-x: Operation not permitted
build	Cache Android SDK	2026-06-06T12:22:48.6652503Z /usr/bin/tar: ../../../../../usr/local/lib/android/sdk/platforms/android-36-ext19/data/res/values-mcc334-mnc050: Cannot utime: Operation not permitted
build	Cache Android SDK	2026-06-06T12:22:48.6653433Z /usr/bin/tar: ../../../../../usr/local/lib/android/sdk/platforms/android-36-ext19/data/res/values-mcc334-mnc050: Cannot change mode to rwxr-xr-x: Operation not permitted
build	Cache Android SDK	2026-06-06T12:22:48.6655737Z /usr/bin/tar: ../../../../../usr/local/lib/android/sdk/platforms/android-36-ext19/data/res/values-mcc001-mnc01-gl: Cannot utime: Operation not permitted
build	Cache Android SDK	2026-06-06T12:22:48.6656686Z /usr/bin/tar: ../../../../../usr/local/lib/android/sdk/platforms/android-36-ext19/data/res/values-mcc001-mnc01-gl: Cannot change mode to rwxr-xr-x: Operation not permitted
build	Cache Android SDK	2026-06-06T12:22:48.6658842Z /usr/bin/tar: ../../../../../usr/local/lib/android/sdk/platforms/android-36-ext19/data/res/values-mcc310-mnc950-vi: Cannot utime: Operation not permitted
build	Cache Android SDK	2026-06-06T12:22:48.6659792Z /usr/bin/tar: ../../../../../usr/local/lib/android/sdk/platforms/android-36-ext19/data/res/values-mcc310-mnc950-vi: Cannot change mode to rwxr-xr-x: Operation not permitted
build	Cache Android SDK	2026-06-06T12:22:48.6661775Z /usr/bin/tar: ../../../../../usr/local/lib/android/sdk/platforms/android-36-ext19/data/res/values-mcc432-mnc20: Cannot utime: Operation not permitted
build	Cache Android SDK	2026-06-06T12:22:48.6662708Z /usr/bin/tar: ../../../../../usr/local/lib/android/sdk/platforms/android-36-ext19/data/res/values-mcc432-mnc20: Cannot change mode to rwxr-xr-x: Operation not permitted
build	Cache Android SDK	2026-06-06T12:22:48.6665406Z /usr/bin/tar: ../../../../../usr/local/lib/android/sdk/platforms/android-36-ext19/data/res/values-mcc310-mnc800-de: Cannot utime: Operation not permitted
build	Cache Android SDK	2026-06-06T12:22:48.6666349Z /usr/bin/tar: ../../../../../usr/local/lib/android/sdk/platforms/android-36-ext19/data/res/values-mcc310-mnc800-de: Cannot change mode to rwxr-xr-x: Operation not permitted
build	Cache Android SDK	2026-06-06T12:22:48.6668719Z /usr/bin/tar: ../../../../../usr/local/lib/android/sdk/platforms/android-36-ext19/data/res/values-mcc310-mnc660-sq: Cannot utime: Operation not permitted
build	Cache Android SDK	2026-06-06T12:22:48.6669669Z /usr/bin/tar: ../../../../../usr/local/lib/android/sdk/platforms/android-36-ext19/data/res/values-mcc310-mnc660-sq: Cannot change mode to rwxr-xr-x: Operation not permitted
build	Cache Android SDK	2026-06-06T12:22:48.6671754Z /usr/bin/tar: ../../../../../usr/local/lib/android/sdk/platforms/android-36-ext19/data/res/values-mcc302-mnc720-sv: Cannot utime: Operation not permitted
build	Cache Android SDK	2026-06-06T12:22:48.6672700Z /usr/bin/tar: ../../../../../usr/local/lib/android/sdk/platforms/android-36-ext19/data/res/values-mcc302-mnc720-sv: Cannot change mode to rwxr-xr-x: Operation not permitted
build	Cache Android SDK	2026-06-06T12:22:48.6675078Z /usr/bin/tar: ../../../../../usr/local/lib/android/sdk/platforms/android-36-ext19/data/res/values-mcc310-mnc560-nl: Cannot utime: Operation not permitted
build	Cache Android SDK	2026-06-06T12:22:48.6676045Z /usr/bin/tar: ../../../../../usr/local/lib/android/sdk/platforms/android-36-ext19/data/res/values-mcc310-mnc560-nl: Cannot change mode to rwxr-xr-x: Operation not permitted
build	Cache Android SDK	2026-06-06T12:22:48.6678734Z /usr/bin/tar: ../../../../../usr/local/lib/android/sdk/platforms/android-36-ext19/data/res/values-mcc334-mnc020-hr: Cannot utime: Operation not permitted
build	Cache Android SDK	2026-06-06T12:22:48.6679690Z /usr/bin/tar: ../../../../../usr/local/lib/android/sdk/platforms/android-36-ext19/data/res/values-mcc334-mnc020-hr: Cannot change mode to rwxr-xr-x: Operation not permitted
build	Cache Android SDK	2026-06-06T12:22:48.6681770Z /usr/bin/tar: ../../../../../usr/local/lib/android/sdk/platforms/android-36-ext19/data/res/values-mcc001-mnc01-am: Cannot utime: Operation not permitted
build	Cache Android SDK	2026-06-06T12:22:48.6682723Z /usr/bin/tar: ../../../../../usr/local/lib/android/sdk/platforms/android-36-ext19/data/res/values-mcc001-mnc01-am: Cannot change mode to rwxr-xr-x: Operation not permitted
build	Cache Android SDK	2026-06-06T12:22:48.6684731Z /usr/bin/tar: ../../../../../usr/local/lib/android/sdk/platforms/android-36-ext19/data/res/values-mcc310-mnc560-en-rXC: Cannot utime: Operation not permitted
build	Cache Android SDK	2026-06-06T12:22:48.6685720Z /usr/bin/tar: ../../../../../usr/local/lib/android/sdk/platforms/android-36-ext19/data/res/values-mcc310-mnc560-en-rXC: Cannot change mode to rwxr-xr-x: Operation not permitted
build	Cache Android SDK	2026-06-06T12:22:48.6688393Z /usr/bin/tar: ../../../../../usr/local/lib/android/sdk/platforms/android-36-ext19/data/res/values-mcc310-mnc240-ne: Cannot utime: Operation not permitted
build	Cache Android SDK	2026-06-06T12:22:48.6689421Z /usr/bin/tar: ../../../../../usr/local/lib/android/sdk/platforms/android-36-ext19/data/res/values-mcc310-mnc240-ne: Cannot change mode to rwxr-xr-x: Operation not permitted
build	Cache Android SDK	2026-06-06T12:22:48.6691436Z /usr/bin/tar: ../../../../../usr/local/lib/android/sdk/platforms/android-36-ext19/data/res/values-mcc310-mnc150-lv: Cannot utime: Operation not permitted
build	Cache Android SDK	2026-06-06T12:22:48.6692486Z /usr/bin/tar: ../../../../../usr/local/lib/android/sdk/platforms/android-36-ext19/data/res/values-mcc310-mnc150-lv: Cannot change mode to rwxr-xr-x: Operation not permitted
build	Cache Android SDK	2026-06-06T12:22:48.6694700Z /usr/bin/tar: ../../../../../usr/local/lib/android/sdk/platforms/android-36-ext19/data/res/values-mcc310-mnc490-ro: Cannot utime: Operation not permitted
build	Cache Android SDK	2026-06-06T12:22:48.6695654Z /usr/bin/tar: ../../../../../usr/local/lib/android/sdk/platforms/android-36-ext19/data/res/values-mcc310-mnc490-ro: Cannot change mode to rwxr-xr-x: Operation not permitted
build	Cache Android SDK	2026-06-06T12:22:48.6698391Z /usr/bin/tar: ../../../../../usr/local/lib/android/sdk/platforms/android-36-ext19/data/res/values-mcc310-mnc270-zh-rTW: Cannot utime: Operation not permitted
build	Cache Android SDK	2026-06-06T12:22:48.6699395Z /usr/bin/tar: ../../../../../usr/local/lib/android/sdk/platforms/android-36-ext19/data/res/values-mcc310-mnc270-zh-rTW: Cannot change mode to rwxr-xr-x: Operation not permitted
build	Cache Android SDK	2026-06-06T12:22:48.6701954Z /usr/bin/tar: ../../../../../usr/local/lib/android/sdk/platforms/android-36-ext19/data/res/values-mcc310-mnc380-nl: Cannot utime: Operation not permitted
build	Cache Android SDK	2026-06-06T12:22:48.6703195Z /usr/bin/tar: ../../../../../usr/local/lib/android/sdk/platforms/android-36-ext19/data/res/values-mcc310-mnc380-nl: Cannot change mode to rwxr-xr-x: Operation not permitted
build	Cache Android SDK	2026-06-06T12:22:48.6706389Z /usr/bin/tar: ../../../../../usr/local/lib/android/sdk/platforms/android-36-ext19/data/res/values-en-rSG: Cannot utime: Operation not permitted
build	Cache Android SDK	2026-06-06T12:22:48.6706827Z /usr/bin/tar: ../../../../../usr/local/lib/android/sdk/platforms/android-36-ext19/data/res/values-en-rSG: Cannot change mode to rwxr-xr-x: Operation not permitted
build	Cache Android SDK	2026-06-06T12:22:48.6709699Z /usr/bin/tar: ../../../../../usr/local/lib/android/sdk/platforms/android-36-ext19/data/res/drawable-en-mdpi: Cannot utime: Operation not permitted
build	Cache Android SDK	2026-06-06T12:22:48.6710151Z /usr/bin/tar: ../../../../../usr/local/lib/android/sdk/platforms/android-36-ext19/data/res/drawable-en-mdpi: Cannot change mode to rwxr-xr-x: Operation not permitted
build	Cache Android SDK	2026-06-06T12:22:48.6713156Z /usr/bin/tar: ../../../../../usr/local/lib/android/sdk/platforms/android-36-ext19/data/res/values-mcc302-mnc720-pt-rPT: Cannot utime: Operation not permitted
build	Cache Android SDK	2026-06-06T12:22:48.6713627Z /usr/bin/tar: ../../../../../usr/local/lib/android/sdk/platforms/android-36-ext19/data/res/values-mcc302-mnc720-pt-rPT: Cannot change mode to rwxr-xr-x: Operation not permitted
build	Cache Android SDK	2026-06-06T12:22:48.6716226Z /usr/bin/tar: ../../../../../usr/local/lib/android/sdk/platforms/android-36-ext19/data/res/raw-fr: Cannot utime: Operation not permitted
build	Cache Android SDK	2026-06-06T12:22:48.6716638Z /usr/bin/tar: ../../../../../usr/local/lib/android/sdk/platforms/android-36-ext19/data/res/raw-fr: Cannot change mode to rwxr-xr-x: Operation not permitted
build	Cache Android SDK	2026-06-06T12:22:48.6719662Z /usr/bin/tar: ../../../../../usr/local/lib/android/sdk/platforms/android-36-ext19/data/res/values-mcc310-mnc530: Cannot utime: Operation not permitted
build	Cache Android SDK	2026-06-06T12:22:48.6720197Z /usr/bin/tar: ../../../../../usr/local/lib/android/sdk/platforms/android-36-ext19/data/res/values-mcc310-mnc530: Cannot change mode to rwxr-xr-x: Operation not permitted
build	Cache Android SDK	2026-06-06T12:22:48.6722802Z /usr/bin/tar: ../../../../../usr/local/lib/android/sdk/platforms/android-36-ext19/data/res/values-mcc311-mnc180-ru: Cannot utime: Operation not permitted
build	Cache Android SDK	2026-06-06T12:22:48.6723255Z /usr/bin/tar: ../../../../../usr/local/lib/android/sdk/platforms/android-36-ext19/data/res/values-mcc311-mnc180-ru: Cannot change mode to rwxr-xr-x: Operation not permitted
build	Cache Android SDK	2026-06-06T12:22:48.6725965Z /usr/bin/tar: ../../../../../usr/local/lib/android/sdk/platforms/android-36-ext19/data/res/values-mcc302-mnc370-hu: Cannot utime: Operation not permitted
build	Cache Android SDK	2026-06-06T12:22:48.6726423Z /usr/bin/tar: ../../../../../usr/local/lib/android/sdk/platforms/android-36-ext19/data/res/values-mcc302-mnc370-hu: Cannot change mode to rwxr-xr-x: Operation not permitted
build	Cache Android SDK	2026-06-06T12:22:48.6729123Z /usr/bin/tar: ../../../../../usr/local/lib/android/sdk/platforms/android-36-ext19/data/res/values-mcc310-mnc210-cs: Cannot utime: Operation not permitted
build	Cache Android SDK	2026-06-06T12:22:48.6729664Z /usr/bin/tar: ../../../../../usr/local/lib/android/sdk/platforms/android-36-ext19/data/res/values-mcc310-mnc210-cs: Cannot change mode to rwxr-xr-x: Operation not permitted
build	Cache Android SDK	2026-06-06T12:22:48.6732572Z /usr/bin/tar: ../../../../../usr/local/lib/android/sdk/platforms/android-36-ext19/data/res/values-mcc312-mnc670-hi: Cannot utime: Operation not permitted
build	Cache Android SDK	2026-06-06T12:22:48.6733045Z /usr/bin/tar: ../../../../../usr/local/lib/android/sdk/platforms/android-36-ext19/data/res/values-mcc312-mnc670-hi: Cannot change mode to rwxr-xr-x: Operation not permitted
build	Cache Android SDK	2026-06-06T12:22:48.6735329Z /usr/bin/tar: ../../../../../usr/local/lib/android/sdk/platforms/android-36-ext19/data/res/values-mcc302-mnc720-km: Cannot utime: Operation not permitted
build	Cache Android SDK	2026-06-06T12:22:48.6735788Z /usr/bin/tar: ../../../../../usr/local/lib/android/sdk/platforms/android-36-ext19/data/res/values-mcc302-mnc720-km: Cannot change mode to rwxr-xr-x: Operation not permitted
build	Cache Android SDK	2026-06-06T12:22:48.6738848Z /usr/bin/tar: ../../../../../usr/local/lib/android/sdk/platforms/android-36-ext19/data/res/values-sl-television: Cannot utime: Operation not permitted
build	Cache Android SDK	2026-06-06T12:22:48.6739380Z /usr/bin/tar: ../../../../../usr/local/lib/android/sdk/platforms/android-36-ext19/data/res/values-sl-television: Cannot change mode to rwxr-xr-x: Operation not permitted
build	Cache Android SDK	2026-06-06T12:22:48.6742237Z /usr/bin/tar: ../../../../../usr/local/lib/android/sdk/platforms/android-36-ext19/data/res/values-fr-feminine: Cannot utime: Operation not permitted
build	Cache Android SDK	2026-06-06T12:22:48.6742686Z /usr/bin/tar: ../../../../../usr/local/lib/android/sdk/platforms/android-36-ext19/data/res/values-fr-feminine: Cannot change mode to rwxr-xr-x: Operation not permitted
build	Cache Android SDK	2026-06-06T12:22:48.6745402Z /usr/bin/tar: ../../../../../usr/local/lib/android/sdk/platforms/android-36-ext19/data/res/values-mcc310-mnc220-en-rAU: Cannot utime: Operation not permitted
build	Cache Android SDK	2026-06-06T12:22:48.6745963Z /usr/bin/tar: ../../../../../usr/local/lib/android/sdk/platforms/android-36-ext19/data/res/values-mcc310-mnc220-en-rAU: Cannot change mode to rwxr-xr-x: Operation not permitted
build	Cache Android SDK	2026-06-06T12:22:48.6748604Z /usr/bin/tar: ../../../../../usr/local/lib/android/sdk/platforms/android-36-ext19/data/res/values-mcc310-mnc490-ko: Cannot utime: Operation not permitted
build	Cache Android SDK	2026-06-06T12:22:48.6749063Z /usr/bin/tar: ../../../../../usr/local/lib/android/sdk/platforms/android-36-ext19/data/res/values-mcc310-mnc490-ko: Cannot change mode to rwxr-xr-x: Operation not permitted
build	Cache Android SDK	2026-06-06T12:22:48.6752318Z /usr/bin/tar: ../../../../../usr/local/lib/android/sdk/platforms/android-36-ext19/data/res/values-mcc302-mnc370-ml: Cannot utime: Operation not permitted
build	Cache Android SDK	2026-06-06T12:22:48.6752776Z /usr/bin/tar: ../../../../../usr/local/lib/android/sdk/platforms/android-36-ext19/data/res/values-mcc302-mnc370-ml: Cannot change mode to rwxr-xr-x: Operation not permitted
build	Cache Android SDK	2026-06-06T12:22:48.6756079Z /usr/bin/tar: ../../../../../usr/local/lib/android/sdk/platforms/android-36-ext19/data/res/values-mcc310-mnc170-ka: Cannot utime: Operation not permitted
build	Cache Android SDK	2026-06-06T12:22:48.6756860Z /usr/bin/tar: ../../../../../usr/local/lib/android/sdk/platforms/android-36-ext19/data/res/values-mcc310-mnc170-ka: Cannot change mode to rwxr-xr-x: Operation not permitted
build	Cache Android SDK	2026-06-06T12:22:48.6762576Z /usr/bin/tar: ../../../../../usr/local/lib/android/sdk/platforms/android-36-ext19/data/res/values-b+sr+Latn: Cannot utime: Operation not permitted
build	Cache Android SDK	2026-06-06T12:22:48.6763049Z /usr/bin/tar: ../../../../../usr/local/lib/android/sdk/platforms/android-36-ext19/data/res/values-b+sr+Latn: Cannot change mode to rwxr-xr-x: Operation not permitted
build	Cache Android SDK	2026-06-06T12:22:48.6766092Z /usr/bin/tar: ../../../../../usr/local/lib/android/sdk/platforms/android-36-ext19/data/res/values-mcc310-mnc280-uk: Cannot utime: Operation not permitted
build	Cache Android SDK	2026-06-06T12:22:48.6767011Z /usr/bin/tar: ../../../../../usr/local/lib/android/sdk/platforms/android-36-ext19/data/res/values-mcc310-mnc280-uk: Cannot change mode to rwxr-xr-x: Operation not permitted
build	Cache Android SDK	2026-06-06T12:22:48.6770132Z /usr/bin/tar: ../../../../../usr/local/lib/android/sdk/platforms/android-36-ext19/data/res/values-mcc310-mnc220-hu: Cannot utime: Operation not permitted
build	Cache Android SDK	2026-06-06T12:22:48.6770697Z /usr/bin/tar: ../../../../../usr/local/lib/android/sdk/platforms/android-36-ext19/data/res/values-mcc310-mnc220-hu: Cannot change mode to rwxr-xr-x: Operation not permitted
build	Cache Android SDK	2026-06-06T12:22:48.6772792Z /usr/bin/tar: ../../../../../usr/local/lib/android/sdk/platforms/android-36-ext19/data/res/values-mcc310-mnc230-tr: Cannot utime: Operation not permitted
build	Cache Android SDK	2026-06-06T12:22:48.6773275Z /usr/bin/tar: ../../../../../usr/local/lib/android/sdk/platforms/android-36-ext19/data/res/values-mcc310-mnc230-tr: Cannot change mode to rwxr-xr-x: Operation not permitted
build	Cache Android SDK	2026-06-06T12:22:48.6776156Z /usr/bin/tar: ../../../../../usr/local/lib/android/sdk/platforms/android-36-ext19/data/res/values-mcc310-mnc230-sv: Cannot utime: Operation not permitted
build	Cache Android SDK	2026-06-06T12:22:48.6776652Z /usr/bin/tar: ../../../../../usr/local/lib/android/sdk/platforms/android-36-ext19/data/res/values-mcc310-mnc230-sv: Cannot change mode to rwxr-xr-x: Operation not permitted
build	Cache Android SDK	2026-06-06T12:22:48.6779274Z /usr/bin/tar: ../../../../../usr/local/lib/android/sdk/platforms/android-36-ext19/data/res/values-ar-rIL: Cannot utime: Operation not permitted
build	Cache Android SDK	2026-06-06T12:22:48.6779718Z /usr/bin/tar: ../../../../../usr/local/lib/android/sdk/platforms/android-36-ext19/data/res/values-ar-rIL: Cannot change mode to rwxr-xr-x: Operation not permitted
build	Cache Android SDK	2026-06-06T12:22:48.6783110Z /usr/bin/tar: ../../../../../usr/local/lib/android/sdk/platforms/android-36-ext19/data/res/values-te-television: Cannot utime: Operation not permitted
build	Cache Android SDK	2026-06-06T12:22:48.6783998Z /usr/bin/tar: ../../../../../usr/local/lib/android/sdk/platforms/android-36-ext19/data/res/values-te-television: Cannot change mode to rwxr-xr-x: Operation not permitted
build	Cache Android SDK	2026-06-06T12:22:48.6785600Z /usr/bin/tar: ../../../../../usr/local/lib/android/sdk/platforms/android-36-ext19/data/res/values-mcc310-mnc160-pt: Cannot utime: Operation not permitted
build	Cache Android SDK	2026-06-06T12:22:48.6786179Z /usr/bin/tar: ../../../../../usr/local/lib/android/sdk/platforms/android-36-ext19/data/res/values-mcc310-mnc160-pt: Cannot change mode to rwxr-xr-x: Operation not permitted
build	Cache Android SDK	2026-06-06T12:22:48.6791156Z /usr/bin/tar: ../../../../../usr/local/lib/android/sdk/platforms/android-36-ext19/data/res/values-mcc310-mnc660-ur: Cannot utime: Operation not permitted
build	Cache Android SDK	2026-06-06T12:22:48.6791629Z /usr/bin/tar: ../../../../../usr/local/lib/android/sdk/platforms/android-36-ext19/data/res/values-mcc310-mnc660-ur: Cannot change mode to rwxr-xr-x: Operation not permitted
build	Cache Android SDK	2026-06-06T12:22:48.6794195Z /usr/bin/tar: ../../../../../usr/local/lib/android/sdk/platforms/android-36-ext19/data/res/values-mcc334-mnc020-cs: Cannot utime: Operation not permitted
build	Cache Android SDK	2026-06-06T12:22:48.6794683Z /usr/bin/tar: ../../../../../usr/local/lib/android/sdk/platforms/android-36-ext19/data/res/values-mcc334-mnc020-cs: Cannot change mode to rwxr-xr-x: Operation not permitted
build	Cache Android SDK	2026-06-06T12:22:48.6801271Z /usr/bin/tar: ../../../../../usr/local/lib/android/sdk/platforms/android-36-ext19/data/res/values-zh-rTW: Cannot utime: Operation not permitted
build	Cache Android SDK	2026-06-06T12:22:48.6801729Z /usr/bin/tar: ../../../../../usr/local/lib/android/sdk/platforms/android-36-ext19/data/res/values-zh-rTW: Cannot change mode to rwxr-xr-x: Operation not permitted
build	Cache Android SDK	2026-06-06T12:22:48.6804410Z /usr/bin/tar: ../../../../../usr/local/lib/android/sdk/platforms/android-36-ext19/data/res/values-mcc310-mnc200-uz: Cannot utime: Operation not permitted
build	Cache Android SDK	2026-06-06T12:22:48.6804883Z /usr/bin/tar: ../../../../../usr/local/lib/android/sdk/platforms/android-36-ext19/data/res/values-mcc310-mnc200-uz: Cannot change mode to rwxr-xr-x: Operation not permitted
build	Cache Android SDK	2026-06-06T12:22:48.6807703Z /usr/bin/tar: ../../../../../usr/local/lib/android/sdk/platforms/android-36-ext19/data/res/values-mcc310-mnc410-sw: Cannot utime: Operation not permitted
build	Cache Android SDK	2026-06-06T12:22:48.6808180Z /usr/bin/tar: ../../../../../usr/local/lib/android/sdk/platforms/android-36-ext19/data/res/values-mcc310-mnc410-sw: Cannot change mode to rwxr-xr-x: Operation not permitted
build	Cache Android SDK	2026-06-06T12:22:48.6810776Z /usr/bin/tar: ../../../../../usr/local/lib/android/sdk/platforms/android-36-ext19/data/res/values-el-rGR: Cannot utime: Operation not permitted
build	Cache Android SDK	2026-06-06T12:22:48.6811228Z /usr/bin/tar: ../../../../../usr/local/lib/android/sdk/platforms/android-36-ext19/data/res/values-el-rGR: Cannot change mode to rwxr-xr-x: Operation not permitted
build	Cache Android SDK	2026-06-06T12:22:48.6814064Z /usr/bin/tar: ../../../../../usr/local/lib/android/sdk/platforms/android-36-ext19/data/res/values-mcc310-mnc800-hy: Cannot utime: Operation not permitted
build	Cache Android SDK	2026-06-06T12:22:48.6814539Z /usr/bin/tar: ../../../../../usr/local/lib/android/sdk/platforms/android-36-ext19/data/res/values-mcc310-mnc800-hy: Cannot change mode to rwxr-xr-x: Operation not permitted
build	Cache Android SDK	2026-06-06T12:22:48.6817037Z /usr/bin/tar: ../../../../../usr/local/lib/android/sdk/platforms/android-36-ext19/data/res/values-mcc302-mnc720: Cannot utime: Operation not permitted
build	Cache Android SDK	2026-06-06T12:22:48.6817675Z /usr/bin/tar: ../../../../../usr/local/lib/android/sdk/platforms/android-36-ext19/data/res/values-mcc302-mnc720: Cannot change mode to rwxr-xr-x: Operation not permitted
build	Cache Android SDK	2026-06-06T12:22:48.6820132Z /usr/bin/tar: ../../../../../usr/local/lib/android/sdk/platforms/android-36-ext19/data/res/values-mcc313-mnc100-sl: Cannot utime: Operation not permitted
build	Cache Android SDK	2026-06-06T12:22:48.6820594Z /usr/bin/tar: ../../../../../usr/local/lib/android/sdk/platforms/android-36-ext19/data/res/values-mcc313-mnc100-sl: Cannot change mode to rwxr-xr-x: Operation not permitted
build	Cache Android SDK	2026-06-06T12:22:48.6823397Z /usr/bin/tar: ../../../../../usr/local/lib/android/sdk/platforms/android-36-ext19/data/res/values-mcc312-mnc670-zh-rTW: Cannot utime: Operation not permitted
build	Cache Android SDK	2026-06-06T12:22:48.6823886Z /usr/bin/tar: ../../../../../usr/local/lib/android/sdk/platforms/android-36-ext19/data/res/values-mcc312-mnc670-zh-rTW: Cannot change mode to rwxr-xr-x: Operation not permitted
build	Cache Android SDK	2026-06-06T12:22:48.6826712Z /usr/bin/tar: ../../../../../usr/local/lib/android/sdk/platforms/android-36-ext19/data/res/values-mcc310-mnc560-ur: Cannot utime: Operation not permitted
build	Cache Android SDK	2026-06-06T12:22:48.6827196Z /usr/bin/tar: ../../../../../usr/local/lib/android/sdk/platforms/android-36-ext19/data/res/values-mcc310-mnc560-ur: Cannot change mode to rwxr-xr-x: Operation not permitted
build	Cache Android SDK	2026-06-06T12:22:48.6829825Z /usr/bin/tar: ../../../../../usr/local/lib/android/sdk/platforms/android-36-ext19/data/res/values-mcc310-mnc170-am: Cannot utime: Operation not permitted
build	Cache Android SDK	2026-06-06T12:22:48.6830284Z /usr/bin/tar: ../../../../../usr/local/lib/android/sdk/platforms/android-36-ext19/data/res/values-mcc310-mnc170-am: Cannot change mode to rwxr-xr-x: Operation not permitted
build	Cache Android SDK	2026-06-06T12:22:48.6833137Z /usr/bin/tar: ../../../../../usr/local/lib/android/sdk/platforms/android-36-ext19/data/res/values-mcc310-mnc800-nb: Cannot utime: Operation not permitted
build	Cache Android SDK	2026-06-06T12:22:48.6833612Z /usr/bin/tar: ../../../../../usr/local/lib/android/sdk/platforms/android-36-ext19/data/res/values-mcc310-mnc800-nb: Cannot change mode to rwxr-xr-x: Operation not permitted
build	Cache Android SDK	2026-06-06T12:22:48.6836509Z /usr/bin/tar: ../../../../../usr/local/lib/android/sdk/platforms/android-36-ext19/data/res/values-mcc310-mnc800-b+sr+Latn: Cannot utime: Operation not permitted
build	Cache Android SDK	2026-06-06T12:22:48.6837017Z /usr/bin/tar: ../../../../../usr/local/lib/android/sdk/platforms/android-36-ext19/data/res/values-mcc310-mnc800-b+sr+Latn: Cannot change mode to rwxr-xr-x: Operation not permitted
build	Cache Android SDK	2026-06-06T12:22:48.6840113Z /usr/bin/tar: ../../../../../usr/local/lib/android/sdk/platforms/android-36-ext19/data/res/values-mcc310-mnc150-be: Cannot utime: Operation not permitted
build	Cache Android SDK	2026-06-06T12:22:48.6840586Z /usr/bin/tar: ../../../../../usr/local/lib/android/sdk/platforms/android-36-ext19/data/res/values-mcc310-mnc150-be: Cannot change mode to rwxr-xr-x: Operation not permitted
build	Cache Android SDK	2026-06-06T12:22:48.6843313Z /usr/bin/tar: ../../../../../usr/local/lib/android/sdk/platforms/android-36-ext19/data/res/values-mcc310-mnc560-ja: Cannot utime: Operation not permitted
build	Cache Android SDK	2026-06-06T12:22:48.6843901Z /usr/bin/tar: ../../../../../usr/local/lib/android/sdk/platforms/android-36-ext19/data/res/values-mcc310-mnc560-ja: Cannot change mode to rwxr-xr-x: Operation not permitted
build	Cache Android SDK	2026-06-06T12:22:48.6846659Z /usr/bin/tar: ../../../../../usr/local/lib/android/sdk/platforms/android-36-ext19/data/res/values-mcc310-mnc210-sq: Cannot utime: Operation not permitted
build	Cache Android SDK	2026-06-06T12:22:48.6847120Z /usr/bin/tar: ../../../../../usr/local/lib/android/sdk/platforms/android-36-ext19/data/res/values-mcc310-mnc210-sq: Cannot change mode to rwxr-xr-x: Operation not permitted
build	Cache Android SDK	2026-06-06T12:22:48.6850632Z /usr/bin/tar: ../../../../../usr/local/lib/android/sdk/platforms/android-36-ext19/data/res/values-w228dp: Cannot utime: Operation not permitted
build	Cache Android SDK	2026-06-06T12:22:48.6851082Z /usr/bin/tar: ../../../../../usr/local/lib/android/sdk/platforms/android-36-ext19/data/res/values-w228dp: Cannot change mode to rwxr-xr-x: Operation not permitted
build	Cache Android SDK	2026-06-06T12:22:48.6854111Z /usr/bin/tar: ../../../../../usr/local/lib/android/sdk/platforms/android-36-ext19/data/res/values-mcc312-mnc670-ms: Cannot utime: Operation not permitted
build	Cache Android SDK	2026-06-06T12:22:48.6854688Z /usr/bin/tar: ../../../../../usr/local/lib/android/sdk/platforms/android-36-ext19/data/res/values-mcc312-mnc670-ms: Cannot change mode to rwxr-xr-x: Operation not permitted
build	Cache Android SDK	2026-06-06T12:22:48.6857870Z /usr/bin/tar: ../../../../../usr/local/lib/android/sdk/platforms/android-36-ext19/data/res/values-mcc302-mnc720-sw: Cannot utime: Operation not permitted
build	Cache Android SDK	2026-06-06T12:22:48.6858341Z /usr/bin/tar: ../../../../../usr/local/lib/android/sdk/platforms/android-36-ext19/data/res/values-mcc302-mnc720-sw: Cannot change mode to rwxr-xr-x: Operation not permitted
build	Cache Android SDK	2026-06-06T12:22:48.6861225Z /usr/bin/tar: ../../../../../usr/local/lib/android/sdk/platforms/android-36-ext19/data/res/values-mcc310-mnc160-de: Cannot utime: Operation not permitted
build	Cache Android SDK	2026-06-06T12:22:48.6861687Z /usr/bin/tar: ../../../../../usr/local/lib/android/sdk/platforms/android-36-ext19/data/res/values-mcc310-mnc160-de: Cannot change mode to rwxr-xr-x: Operation not permitted
build	Cache Android SDK	2026-06-06T12:22:48.6864878Z /usr/bin/tar: ../../../../../usr/local/lib/android/sdk/platforms/android-36-ext19/data/res/values-mcc310-mnc230-ru: Cannot utime: Operation not permitted
build	Cache Android SDK	2026-06-06T12:22:48.6865351Z /usr/bin/tar: ../../../../../usr/local/lib/android/sdk/platforms/android-36-ext19/data/res/values-mcc310-mnc230-ru: Cannot change mode to rwxr-xr-x: Operation not permitted
build	Cache Android SDK	2026-06-06T12:22:48.6868051Z /usr/bin/tar: ../../../../../usr/local/lib/android/sdk/platforms/android-36-ext19/data/res/values-mcc310-mnc170-en-rCA: Cannot utime: Operation not permitted
build	Cache Android SDK	2026-06-06T12:22:48.6868537Z /usr/bin/tar: ../../../../../usr/local/lib/android/sdk/platforms/android-36-ext19/data/res/values-mcc310-mnc170-en-rCA: Cannot change mode to rwxr-xr-x: Operation not permitted
build	Cache Android SDK	2026-06-06T12:22:48.6871287Z /usr/bin/tar: ../../../../../usr/local/lib/android/sdk/platforms/android-36-ext19/data/res/values-mcc313-mnc100-or: Cannot utime: Operation not permitted
build	Cache Android SDK	2026-06-06T12:22:48.6871848Z /usr/bin/tar: ../../../../../usr/local/lib/android/sdk/platforms/android-36-ext19/data/res/values-mcc313-mnc100-or: Cannot change mode to rwxr-xr-x: Operation not permitted
build	Cache Android SDK	2026-06-06T12:22:48.6874626Z /usr/bin/tar: ../../../../../usr/local/lib/android/sdk/platforms/android-36-ext19/data/res/values-mcc312-mnc670-sv: Cannot utime: Operation not permitted
build	Cache Android SDK	2026-06-06T12:22:48.6875086Z /usr/bin/tar: ../../../../../usr/local/lib/android/sdk/platforms/android-36-ext19/data/res/values-mcc312-mnc670-sv: Cannot change mode to rwxr-xr-x: Operation not permitted
build	Cache Android SDK	2026-06-06T12:22:48.6877892Z /usr/bin/tar: ../../../../../usr/local/lib/android/sdk/platforms/android-36-ext19/data/res/values-mcc334-mnc020-ca: Cannot utime: Operation not permitted
build	Cache Android SDK	2026-06-06T12:22:48.6878353Z /usr/bin/tar: ../../../../../usr/local/lib/android/sdk/platforms/android-36-ext19/data/res/values-mcc334-mnc020-ca: Cannot change mode to rwxr-xr-x: Operation not permitted
build	Cache Android SDK	2026-06-06T12:22:48.6881777Z /usr/bin/tar: ../../../../../usr/local/lib/android/sdk/platforms/android-36-ext19/data/res/menu: Cannot utime: Operation not permitted
build	Cache Android SDK	2026-06-06T12:22:48.6882325Z /usr/bin/tar: ../../../../../usr/local/lib/android/sdk/platforms/android-36-ext19/data/res/menu: Cannot change mode to rwxr-xr-x: Operation not permitted
build	Cache Android SDK	2026-06-06T12:22:48.6885075Z /usr/bin/tar: ../../../../../usr/local/lib/android/sdk/platforms/android-36-ext19/data/res/values-mcc310-mnc560-bn: Cannot utime: Operation not permitted
build	Cache Android SDK	2026-06-06T12:22:48.6885540Z /usr/bin/tar: ../../../../../usr/local/lib/android/sdk/platforms/android-36-ext19/data/res/values-mcc310-mnc560-bn: Cannot change mode to rwxr-xr-x: Operation not permitted
build	Cache Android SDK	2026-06-06T12:22:48.6888248Z /usr/bin/tar: ../../../../../usr/local/lib/android/sdk/platforms/android-36-ext19/data/res/values-mcc310-mnc270-hy: Cannot utime: Operation not permitted
build	Cache Android SDK	2026-06-06T12:22:48.6888701Z /usr/bin/tar: ../../../../../usr/local/lib/android/sdk/platforms/android-36-ext19/data/res/values-mcc310-mnc270-hy: Cannot change mode to rwxr-xr-x: Operation not permitted
build	Cache Android SDK	2026-06-06T12:22:48.6891594Z /usr/bin/tar: ../../../../../usr/local/lib/android/sdk/platforms/android-36-ext19/data/res/values-mcc310-mnc200-az: Cannot utime: Operation not permitted
build	Cache Android SDK	2026-06-06T12:22:48.6892152Z /usr/bin/tar: ../../../../../usr/local/lib/android/sdk/platforms/android-36-ext19/data/res/values-mcc310-mnc200-az: Cannot change mode to rwxr-xr-x: Operation not permitted
build	Cache Android SDK	2026-06-06T12:22:48.6894586Z /usr/bin/tar: ../../../../../usr/local/lib/android/sdk/platforms/android-36-ext19/data/res/values-mcc310-mnc220-cs: Cannot utime: Operation not permitted
build	Cache Android SDK	2026-06-06T12:22:48.6895046Z /usr/bin/tar: ../../../../../usr/local/lib/android/sdk/platforms/android-36-ext19/data/res/values-mcc310-mnc220-cs: Cannot change mode to rwxr-xr-x: Operation not permitted
build	Cache Android SDK	2026-06-06T12:22:48.6897872Z /usr/bin/tar: ../../../../../usr/local/lib/android/sdk/platforms/android-36-ext19/data/res/values-w720dp: Cannot utime: Operation not permitted
build	Cache Android SDK	2026-06-06T12:22:48.6898382Z /usr/bin/tar: ../../../../../usr/local/lib/android/sdk/platforms/android-36-ext19/data/res/values-w720dp: Cannot change mode to rwxr-xr-x: Operation not permitted
build	Cache Android SDK	2026-06-06T12:22:48.6901101Z /usr/bin/tar: ../../../../../usr/local/lib/android/sdk/platforms/android-36-ext19/data/res/values-mcc310-mnc200-sw: Cannot utime: Operation not permitted
build	Cache Android SDK	2026-06-06T12:22:48.6901563Z /usr/bin/tar: ../../../../../usr/local/lib/android/sdk/platforms/android-36-ext19/data/res/values-mcc310-mnc200-sw: Cannot change mode to rwxr-xr-x: Operation not permitted
build	Cache Android SDK	2026-06-06T12:22:48.6904186Z /usr/bin/tar: ../../../../../usr/local/lib/android/sdk/platforms/android-36-ext19/data/res/values-mcc310-mnc950-it: Cannot utime: Operation not permitted
build	Cache Android SDK	2026-06-06T12:22:48.6904652Z /usr/bin/tar: ../../../../../usr/local/lib/android/sdk/platforms/android-36-ext19/data/res/values-mcc310-mnc950-it: Cannot change mode to rwxr-xr-x: Operation not permitted
build	Cache Android SDK	2026-06-06T12:22:48.6907979Z /usr/bin/tar: ../../../../../usr/local/lib/android/sdk/platforms/android-36-ext19/data/res/values-mcc312-mnc670-en-rXC: Cannot utime: Operation not permitted
build	Cache Android SDK	2026-06-06T12:22:48.6908701Z /usr/bin/tar: ../../../../../usr/local/lib/android/sdk/platforms/android-36-ext19/data/res/values-mcc312-mnc670-en-rXC: Cannot change mode to rwxr-xr-x: Operation not permitted
build	Cache Android SDK	2026-06-06T12:22:48.6911114Z /usr/bin/tar: ../../../../../usr/local/lib/android/sdk/platforms/android-36-ext19/data/res/values-mcc310-mnc030-ru: Cannot utime: Operation not permitted
build	Cache Android SDK	2026-06-06T12:22:48.6911582Z /usr/bin/tar: ../../../../../usr/local/lib/android/sdk/platforms/android-36-ext19/data/res/values-mcc310-mnc030-ru: Cannot change mode to rwxr-xr-x: Operation not permitted
build	Cache Android SDK	2026-06-06T12:22:48.6914124Z /usr/bin/tar: ../../../../../usr/local/lib/android/sdk/platforms/android-36-ext19/data/res/values-mcc310-mnc950-ko: Cannot utime: Operation not permitted
build	Cache Android SDK	2026-06-06T12:22:48.6914588Z /usr/bin/tar: ../../../../../usr/local/lib/android/sdk/platforms/android-36-ext19/data/res/values-mcc310-mnc950-ko: Cannot change mode to rwxr-xr-x: Operation not permitted
build	Cache Android SDK	2026-06-06T12:22:48.6917149Z /usr/bin/tar: ../../../../../usr/local/lib/android/sdk/platforms/android-36-ext19/data/res/values-mcc310-mnc490-iw: Cannot utime: Operation not permitted
build	Cache Android SDK	2026-06-06T12:22:48.6917713Z /usr/bin/tar: ../../../../../usr/local/lib/android/sdk/platforms/android-36-ext19/data/res/values-mcc310-mnc490-iw: Cannot change mode to rwxr-xr-x: Operation not permitted
build	Cache Android SDK	2026-06-06T12:22:48.6920832Z /usr/bin/tar: ../../../../../usr/local/lib/android/sdk/platforms/android-36-ext19/data/res/values-mcc310-mnc660-uk: Cannot utime: Operation not permitted
build	Cache Android SDK	2026-06-06T12:22:48.6921285Z /usr/bin/tar: ../../../../../usr/local/lib/android/sdk/platforms/android-36-ext19/data/res/values-mcc310-mnc660-uk: Cannot change mode to rwxr-xr-x: Operation not permitted
build	Cache Android SDK	2026-06-06T12:22:48.6923873Z /usr/bin/tar: ../../../../../usr/local/lib/android/sdk/platforms/android-36-ext19/data/res/values-mcc310-mnc030-sv: Cannot utime: Operation not permitted
build	Cache Android SDK	2026-06-06T12:22:48.6924348Z /usr/bin/tar: ../../../../../usr/local/lib/android/sdk/platforms/android-36-ext19/data/res/values-mcc310-mnc030-sv: Cannot change mode to rwxr-xr-x: Operation not permitted
build	Cache Android SDK	2026-06-06T12:22:48.6927512Z /usr/bin/tar: ../../../../../usr/local/lib/android/sdk/platforms/android-36-ext19/data/res/values-w205dp: Cannot utime: Operation not permitted
build	Cache Android SDK	2026-06-06T12:22:48.6927960Z /usr/bin/tar: ../../../../../usr/local/lib/android/sdk/platforms/android-36-ext19/data/res/values-w205dp: Cannot change mode to rwxr-xr-x: Operation not permitted
build	Cache Android SDK	2026-06-06T12:22:48.6930543Z /usr/bin/tar: ../../../../../usr/local/lib/android/sdk/platforms/android-36-ext19/data/res/values-mcc310-mnc490-in: Cannot utime: Operation not permitted
build	Cache Android SDK	2026-06-06T12:22:48.6931002Z /usr/bin/tar: ../../../../../usr/local/lib/android/sdk/platforms/android-36-ext19/data/res/values-mcc310-mnc490-in: Cannot change mode to rwxr-xr-x: Operation not permitted
build	Cache Android SDK	2026-06-06T12:22:48.6934332Z /usr/bin/tar: ../../../../../usr/local/lib/android/sdk/platforms/android-36-ext19/data/res/values-mcc310-mnc220-hi: Cannot utime: Operation not permitted
build	Cache Android SDK	2026-06-06T12:22:48.6934807Z /usr/bin/tar: ../../../../../usr/local/lib/android/sdk/platforms/android-36-ext19/data/res/values-mcc310-mnc220-hi: Cannot change mode to rwxr-xr-x: Operation not permitted
build	Cache Android SDK	2026-06-06T12:22:48.6941733Z /usr/bin/tar: ../../../../../usr/local/lib/android/sdk/platforms/android-36-ext19/data/res/values-de: Cannot utime: Operation not permitted
build	Cache Android SDK	2026-06-06T12:22:48.6942256Z /usr/bin/tar: ../../../../../usr/local/lib/android/sdk/platforms/android-36-ext19/data/res/values-de: Cannot change mode to rwxr-xr-x: Operation not permitted
build	Cache Android SDK	2026-06-06T12:22:48.6944718Z /usr/bin/tar: ../../../../../usr/local/lib/android/sdk/platforms/android-36-ext19/data/res/values-mcc310-mnc250-bs: Cannot utime: Operation not permitted
build	Cache Android SDK	2026-06-06T12:22:48.6945211Z /usr/bin/tar: ../../../../../usr/local/lib/android/sdk/platforms/android-36-ext19/data/res/values-mcc310-mnc250-bs: Cannot change mode to rwxr-xr-x: Operation not permitted
build	Cache Android SDK	2026-06-06T12:22:48.6947899Z /usr/bin/tar: ../../../../../usr/local/lib/android/sdk/platforms/android-36-ext19/data/res/values-mcc310-mnc170-cs: Cannot utime: Operation not permitted
build	Cache Android SDK	2026-06-06T12:22:48.6948397Z /usr/bin/tar: ../../../../../usr/local/lib/android/sdk/platforms/android-36-ext19/data/res/values-mcc310-mnc170-cs: Cannot change mode to rwxr-xr-x: Operation not permitted
build	Cache Android SDK	2026-06-06T12:22:48.6950568Z /usr/bin/tar: ../../../../../usr/local/lib/android/sdk/platforms/android-36-ext19/data/res/values-mcc310-mnc660-es: Cannot utime: Operation not permitted
build	Cache Android SDK	2026-06-06T12:22:48.6951037Z /usr/bin/tar: ../../../../../usr/local/lib/android/sdk/platforms/android-36-ext19/data/res/values-mcc310-mnc660-es: Cannot change mode to rwxr-xr-x: Operation not permitted
build	Cache Android SDK	2026-06-06T12:22:48.6953394Z /usr/bin/tar: ../../../../../usr/local/lib/android/sdk/platforms/android-36-ext19/data/res/values-mcc313-mnc100-sk: Cannot utime: Operation not permitted
build	Cache Android SDK	2026-06-06T12:22:48.6953876Z /usr/bin/tar: ../../../../../usr/local/lib/android/sdk/platforms/android-36-ext19/data/res/values-mcc313-mnc100-sk: Cannot change mode to rwxr-xr-x: Operation not permitted
build	Cache Android SDK	2026-06-06T12:22:48.6956831Z /usr/bin/tar: ../../../../../usr/local/lib/android/sdk/platforms/android-36-ext19/data/res/values-mcc310-mnc310-zh-rHK: Cannot utime: Operation not permitted
build	Cache Android SDK	2026-06-06T12:22:48.6957322Z /usr/bin/tar: ../../../../../usr/local/lib/android/sdk/platforms/android-36-ext19/data/res/values-mcc310-mnc310-zh-rHK: Cannot change mode to rwxr-xr-x: Operation not permitted
build	Cache Android SDK	2026-06-06T12:22:48.6960141Z /usr/bin/tar: ../../../../../usr/local/lib/android/sdk/platforms/android-36-ext19/data/res/values-mcc001-mnc01-pl: Cannot utime: Operation not permitted
build	Cache Android SDK	2026-06-06T12:22:48.6960630Z /usr/bin/tar: ../../../../../usr/local/lib/android/sdk/platforms/android-36-ext19/data/res/values-mcc001-mnc01-pl: Cannot change mode to rwxr-xr-x: Operation not permitted
build	Cache Android SDK	2026-06-06T12:22:48.6963610Z /usr/bin/tar: ../../../../../usr/local/lib/android/sdk/platforms/android-36-ext19/data/res/values-mcc310-mnc250-gu: Cannot utime: Operation not permitted
build	Cache Android SDK	2026-06-06T12:22:48.6964093Z /usr/bin/tar: ../../../../../usr/local/lib/android/sdk/platforms/android-36-ext19/data/res/values-mcc310-mnc250-gu: Cannot change mode to rwxr-xr-x: Operation not permitted
build	Cache Android SDK	2026-06-06T12:22:48.6966494Z /usr/bin/tar: ../../../../../usr/local/lib/android/sdk/platforms/android-36-ext19/data/res/values-mcc311-mnc180-sq: Cannot utime: Operation not permitted
build	Cache Android SDK	2026-06-06T12:22:48.6966961Z /usr/bin/tar: ../../../../../usr/local/lib/android/sdk/platforms/android-36-ext19/data/res/values-mcc311-mnc180-sq: Cannot change mode to rwxr-xr-x: Operation not permitted
build	Cache Android SDK	2026-06-06T12:22:48.6969509Z /usr/bin/tar: ../../../../../usr/local/lib/android/sdk/platforms/android-36-ext19/data/res/values-mcc310-mnc950-zu: Cannot utime: Operation not permitted
build	Cache Android SDK	2026-06-06T12:22:48.6969981Z /usr/bin/tar: ../../../../../usr/local/lib/android/sdk/platforms/android-36-ext19/data/res/values-mcc310-mnc950-zu: Cannot change mode to rwxr-xr-x: Operation not permitted
build	Cache Android SDK	2026-06-06T12:22:48.6972504Z /usr/bin/tar: ../../../../../usr/local/lib/android/sdk/platforms/android-36-ext19/data/res/values-mcc312-mnc670-gl: Cannot utime: Operation not permitted
build	Cache Android SDK	2026-06-06T12:22:48.6972982Z /usr/bin/tar: ../../../../../usr/local/lib/android/sdk/platforms/android-36-ext19/data/res/values-mcc312-mnc670-gl: Cannot change mode to rwxr-xr-x: Operation not permitted
build	Cache Android SDK	2026-06-06T12:22:48.6976092Z /usr/bin/tar: ../../../../../usr/local/lib/android/sdk/platforms/android-36-ext19/data/res/values-mcc313-mnc100-eu: Cannot utime: Operation not permitted
build	Cache Android SDK	2026-06-06T12:22:48.6976562Z /usr/bin/tar: ../../../../../usr/local/lib/android/sdk/platforms/android-36-ext19/data/res/values-mcc313-mnc100-eu: Cannot change mode to rwxr-xr-x: Operation not permitted
build	Cache Android SDK	2026-06-06T12:22:48.6979213Z /usr/bin/tar: ../../../../../usr/local/lib/android/sdk/platforms/android-36-ext19/data/res/values-mcc310-mnc410-pa: Cannot utime: Operation not permitted
build	Cache Android SDK	2026-06-06T12:22:48.6979793Z /usr/bin/tar: ../../../../../usr/local/lib/android/sdk/platforms/android-36-ext19/data/res/values-mcc310-mnc410-pa: Cannot change mode to rwxr-xr-x: Operation not permitted
build	Cache Android SDK	2026-06-06T12:22:48.6985730Z /usr/bin/tar: ../../../../../usr/local/lib/android/sdk/platforms/android-36-ext19/data/res/values-pt-rBR: Cannot utime: Operation not permitted
build	Cache Android SDK	2026-06-06T12:22:48.6986197Z /usr/bin/tar: ../../../../../usr/local/lib/android/sdk/platforms/android-36-ext19/data/res/values-pt-rBR: Cannot change mode to rwxr-xr-x: Operation not permitted
build	Cache Android SDK	2026-06-06T12:22:48.6989649Z /usr/bin/tar: ../../../../../usr/local/lib/android/sdk/platforms/android-36-ext19/data/res/values-mcc310-mnc410-pt-rPT: Cannot utime: Operation not permitted
build	Cache Android SDK	2026-06-06T12:22:48.6990305Z /usr/bin/tar: ../../../../../usr/local/lib/android/sdk/platforms/android-36-ext19/data/res/values-mcc310-mnc410-pt-rPT: Cannot change mode to rwxr-xr-x: Operation not permitted
build	Cache Android SDK	2026-06-06T12:22:48.6992893Z /usr/bin/tar: ../../../../../usr/local/lib/android/sdk/platforms/android-36-ext19/data/res/values-mcc310-mnc380-pt-rBR: Cannot utime: Operation not permitted
build	Cache Android SDK	2026-06-06T12:22:48.6993562Z /usr/bin/tar: ../../../../../usr/local/lib/android/sdk/platforms/android-36-ext19/data/res/values-mcc310-mnc380-pt-rBR: Cannot change mode to rwxr-xr-x: Operation not permitted
build	Cache Android SDK	2026-06-06T12:22:48.6996279Z /usr/bin/tar: ../../../../../usr/local/lib/android/sdk/platforms/android-36-ext19/data/res/values-mcc310-mnc560-pl: Cannot utime: Operation not permitted
build	Cache Android SDK	2026-06-06T12:22:48.6996753Z /usr/bin/tar: ../../../../../usr/local/lib/android/sdk/platforms/android-36-ext19/data/res/values-mcc310-mnc560-pl: Cannot change mode to rwxr-xr-x: Operation not permitted
build	Cache Android SDK	2026-06-06T12:22:48.6999299Z /usr/bin/tar: ../../../../../usr/local/lib/android/sdk/platforms/android-36-ext19/data/res/values-mcc310-mnc200-fa: Cannot utime: Operation not permitted
build	Cache Android SDK	2026-06-06T12:22:48.6999831Z /usr/bin/tar: ../../../../../usr/local/lib/android/sdk/platforms/android-36-ext19/data/res/values-mcc310-mnc200-fa: Cannot change mode to rwxr-xr-x: Operation not permitted
build	Cache Android SDK	2026-06-06T12:22:48.7002235Z /usr/bin/tar: ../../../../../usr/local/lib/android/sdk/platforms/android-36-ext19/data/res/values-mcc310-mnc280-my: Cannot utime: Operation not permitted
build	Cache Android SDK	2026-06-06T12:22:48.7002901Z /usr/bin/tar: ../../../../../usr/local/lib/android/sdk/platforms/android-36-ext19/data/res/values-mcc310-mnc280-my: Cannot change mode to rwxr-xr-x: Operation not permitted
build	Cache Android SDK	2026-06-06T12:22:48.7004908Z /usr/bin/tar: ../../../../../usr/local/lib/android/sdk/platforms/android-36-ext19/data/res/values-mcc313-mnc100-en-rXC: Cannot utime: Operation not permitted
build	Cache Android SDK	2026-06-06T12:22:48.7005404Z /usr/bin/tar: ../../../../../usr/local/lib/android/sdk/platforms/android-36-ext19/data/res/values-mcc313-mnc100-en-rXC: Cannot change mode to rwxr-xr-x: Operation not permitted
build	Cache Android SDK	2026-06-06T12:22:48.7008202Z /usr/bin/tar: ../../../../../usr/local/lib/android/sdk/platforms/android-36-ext19/data/res/values-mcc001-mnc01-zu: Cannot utime: Operation not permitted
build	Cache Android SDK	2026-06-06T12:22:48.7008820Z /usr/bin/tar: ../../../../../usr/local/lib/android/sdk/platforms/android-36-ext19/data/res/values-mcc001-mnc01-zu: Cannot change mode to rwxr-xr-x: Operation not permitted
build	Cache Android SDK	2026-06-06T12:22:48.7011243Z /usr/bin/tar: ../../../../../usr/local/lib/android/sdk/platforms/android-36-ext19/data/res/values-mcc310-mnc560-tr: Cannot utime: Operation not permitted
build	Cache Android SDK	2026-06-06T12:22:48.7011716Z /usr/bin/tar: ../../../../../usr/local/lib/android/sdk/platforms/android-36-ext19/data/res/values-mcc310-mnc560-tr: Cannot change mode to rwxr-xr-x: Operation not permitted
build	Cache Android SDK	2026-06-06T12:22:48.7014648Z /usr/bin/tar: ../../../../../usr/local/lib/android/sdk/platforms/android-36-ext19/data/res/values-kk-television: Cannot utime: Operation not permitted
build	Cache Android SDK	2026-06-06T12:22:48.7015133Z /usr/bin/tar: ../../../../../usr/local/lib/android/sdk/platforms/android-36-ext19/data/res/values-kk-television: Cannot change mode to rwxr-xr-x: Operation not permitted
build	Cache Android SDK	2026-06-06T12:22:48.7018458Z /usr/bin/tar: ../../../../../usr/local/lib/android/sdk/platforms/android-36-ext19/data/res/values-mcc310-mnc250-pl: Cannot utime: Operation not permitted
build	Cache Android SDK	2026-06-06T12:22:48.7019060Z /usr/bin/tar: ../../../../../usr/local/lib/android/sdk/platforms/android-36-ext19/data/res/values-mcc310-mnc250-pl: Cannot change mode to rwxr-xr-x: Operation not permitted
build	Cache Android SDK	2026-06-06T12:22:48.7556204Z /usr/bin/tar: ../../../../../usr/local/lib/android/sdk/platforms/android-36-ext19/data/res/drawable-xhdpi: Cannot utime: Operation not permitted
build	Cache Android SDK	2026-06-06T12:22:48.7556776Z /usr/bin/tar: ../../../../../usr/local/lib/android/sdk/platforms/android-36-ext19/data/res/drawable-xhdpi: Cannot change mode to rwxr-xr-x: Operation not permitted
build	Cache Android SDK	2026-06-06T12:22:48.7559250Z /usr/bin/tar: ../../../../../usr/local/lib/android/sdk/platforms/android-36-ext19/data/res/values-mcc310-mnc410-ml: Cannot utime: Operation not permitted
build	Cache Android SDK	2026-06-06T12:22:48.7560099Z /usr/bin/tar: ../../../../../usr/local/lib/android/sdk/platforms/android-36-ext19/data/res/values-mcc310-mnc410-ml: Cannot change mode to rwxr-xr-x: Operation not permitted
build	Cache Android SDK	2026-06-06T12:22:48.7562322Z /usr/bin/tar: ../../../../../usr/local/lib/android/sdk/platforms/android-36-ext19/data/res/values-mcc466-mnc92: Cannot utime: Operation not permitted
build	Cache Android SDK	2026-06-06T12:22:48.7562799Z /usr/bin/tar: ../../../../../usr/local/lib/android/sdk/platforms/android-36-ext19/data/res/values-mcc466-mnc92: Cannot change mode to rwxr-xr-x: Operation not permitted
build	Cache Android SDK	2026-06-06T12:22:48.7565695Z /usr/bin/tar: ../../../../../usr/local/lib/android/sdk/platforms/android-36-ext19/data/res/values-mcc310-mnc210-sl: Cannot utime: Operation not permitted
build	Cache Android SDK	2026-06-06T12:22:48.7566167Z /usr/bin/tar: ../../../../../usr/local/lib/android/sdk/platforms/android-36-ext19/data/res/values-mcc310-mnc210-sl: Cannot change mode to rwxr-xr-x: Operation not permitted
build	Cache Android SDK	2026-06-06T12:22:48.7569685Z /usr/bin/tar: ../../../../../usr/local/lib/android/sdk/platforms/android-36-ext19/data/res/values-as-television: Cannot utime: Operation not permitted
build	Cache Android SDK	2026-06-06T12:22:48.7570359Z /usr/bin/tar: ../../../../../usr/local/lib/android/sdk/platforms/android-36-ext19/data/res/values-as-television: Cannot change mode to rwxr-xr-x: Operation not permitted
build	Cache Android SDK	2026-06-06T12:22:48.7572976Z /usr/bin/tar: ../../../../../usr/local/lib/android/sdk/platforms/android-36-ext19/data/res/values-mcc310-mnc380-sq: Cannot utime: Operation not permitted
build	Cache Android SDK	2026-06-06T12:22:48.7573450Z /usr/bin/tar: ../../../../../usr/local/lib/android/sdk/platforms/android-36-ext19/data/res/values-mcc310-mnc380-sq: Cannot change mode to rwxr-xr-x: Operation not permitted
build	Cache Android SDK	2026-06-06T12:22:48.7576171Z /usr/bin/tar: ../../../../../usr/local/lib/android/sdk/platforms/android-36-ext19/data/res/values-it-feminine: Cannot utime: Operation not permitted
build	Cache Android SDK	2026-06-06T12:22:48.7576638Z /usr/bin/tar: ../../../../../usr/local/lib/android/sdk/platforms/android-36-ext19/data/res/values-it-feminine: Cannot change mode to rwxr-xr-x: Operation not permitted
build	Cache Android SDK	2026-06-06T12:22:48.7581671Z /usr/bin/tar: ../../../../../usr/local/lib/android/sdk/platforms/android-36-ext19/data/res/values-en-rIE: Cannot utime: Operation not permitted
build	Cache Android SDK	2026-06-06T12:22:48.7582644Z /usr/bin/tar: ../../../../../usr/local/lib/android/sdk/platforms/android-36-ext19/data/res/values-en-rIE: Cannot change mode to rwxr-xr-x: Operation not permitted
build	Cache Android SDK	2026-06-06T12:22:48.7583341Z /usr/bin/tar: ../../../../../usr/local/lib/android/sdk/platforms/android-36-ext19/data/res/values-mcc310-mnc250-zu: Cannot utime: Operation not permitted
build	Cache Android SDK	2026-06-06T12:22:48.7583819Z /usr/bin/tar: ../../../../../usr/local/lib/android/sdk/platforms/android-36-ext19/data/res/values-mcc310-mnc250-zu: Cannot change mode to rwxr-xr-x: Operation not permitted
build	Cache Android SDK	2026-06-06T12:22:48.7586695Z /usr/bin/tar: ../../../../../usr/local/lib/android/sdk/platforms/android-36-ext19/data/res/values-mcc310-mnc410-lo: Cannot utime: Operation not permitted
build	Cache Android SDK	2026-06-06T12:22:48.7587184Z /usr/bin/tar: ../../../../../usr/local/lib/android/sdk/platforms/android-36-ext19/data/res/values-mcc310-mnc410-lo: Cannot change mode to rwxr-xr-x: Operation not permitted
build	Cache Android SDK	2026-06-06T12:22:48.7589931Z /usr/bin/tar: ../../../../../usr/local/lib/android/sdk/platforms/android-36-ext19/data/res/values-kk-watch: Cannot utime: Operation not permitted
build	Cache Android SDK	2026-06-06T12:22:48.7590398Z /usr/bin/tar: ../../../../../usr/local/lib/android/sdk/platforms/android-36-ext19/data/res/values-kk-watch: Cannot change mode to rwxr-xr-x: Operation not permitted
build	Cache Android SDK	2026-06-06T12:22:48.7592836Z /usr/bin/tar: ../../../../../usr/local/lib/android/sdk/platforms/android-36-ext19/data/res/values-mcc432: Cannot utime: Operation not permitted
build	Cache Android SDK	2026-06-06T12:22:48.7593279Z /usr/bin/tar: ../../../../../usr/local/lib/android/sdk/platforms/android-36-ext19/data/res/values-mcc432: Cannot change mode to rwxr-xr-x: Operation not permitted
build	Cache Android SDK	2026-06-06T12:22:48.7595691Z /usr/bin/tar: ../../../../../usr/local/lib/android/sdk/platforms/android-36-ext19/data/res/values-mcc310-mnc380-ne: Cannot utime: Operation not permitted
build	Cache Android SDK	2026-06-06T12:22:48.7596169Z /usr/bin/tar: ../../../../../usr/local/lib/android/sdk/platforms/android-36-ext19/data/res/values-mcc310-mnc380-ne: Cannot change mode to rwxr-xr-x: Operation not permitted
build	Cache Android SDK	2026-06-06T12:22:48.7598736Z /usr/bin/tar: ../../../../../usr/local/lib/android/sdk/platforms/android-36-ext19/data/res/values-mcc001-mnc01-uz: Cannot utime: Operation not permitted
build	Cache Android SDK	2026-06-06T12:22:48.7599221Z /usr/bin/tar: ../../../../../usr/local/lib/android/sdk/platforms/android-36-ext19/data/res/values-mcc001-mnc01-uz: Cannot change mode to rwxr-xr-x: Operation not permitted
build	Cache Android SDK	2026-06-06T12:22:48.7602097Z /usr/bin/tar: ../../../../../usr/local/lib/android/sdk/platforms/android-36-ext19/data/res/values-mcc312-mnc670-it: Cannot utime: Operation not permitted
build	Cache Android SDK	2026-06-06T12:22:48.7602568Z /usr/bin/tar: ../../../../../usr/local/lib/android/sdk/platforms/android-36-ext19/data/res/values-mcc312-mnc670-it: Cannot change mode to rwxr-xr-x: Operation not permitted
build	Cache Android SDK	2026-06-06T12:22:48.7604842Z /usr/bin/tar: ../../../../../usr/local/lib/android/sdk/platforms/android-36-ext19/data/res/values-mcc722-mnc07: Cannot utime: Operation not permitted
build	Cache Android SDK	2026-06-06T12:22:48.7605322Z /usr/bin/tar: ../../../../../usr/local/lib/android/sdk/platforms/android-36-ext19/data/res/values-mcc722-mnc07: Cannot change mode to rwxr-xr-x: Operation not permitted
build	Cache Android SDK	2026-06-06T12:22:48.7608006Z /usr/bin/tar: ../../../../../usr/local/lib/android/sdk/platforms/android-36-ext19/data/res/values-mcc310-mnc310-eu: Cannot utime: Operation not permitted
build	Cache Android SDK	2026-06-06T12:22:48.7610053Z /usr/bin/tar: ../../../../../usr/local/lib/android/sdk/platforms/android-36-ext19/data/res/values-mcc310-mnc310-eu: Cannot change mode to rwxr-xr-x: Operation not permitted
build	Cache Android SDK	2026-06-06T12:22:48.7611174Z /usr/bin/tar: ../../../../../usr/local/lib/android/sdk/platforms/android-36-ext19/data/res/values-mcc235-mnc94: Cannot utime: Operation not permitted
build	Cache Android SDK	2026-06-06T12:22:48.7611622Z /usr/bin/tar: ../../../../../usr/local/lib/android/sdk/platforms/android-36-ext19/data/res/values-mcc235-mnc94: Cannot change mode to rwxr-xr-x: Operation not permitted
build	Cache Android SDK	2026-06-06T12:22:48.7614829Z /usr/bin/tar: ../../../../../usr/local/lib/android/sdk/platforms/android-36-ext19/data/res/values-mcc311-mnc180-sk: Cannot utime: Operation not permitted
build	Cache Android SDK	2026-06-06T12:22:48.7615312Z /usr/bin/tar: ../../../../../usr/local/lib/android/sdk/platforms/android-36-ext19/data/res/values-mcc311-mnc180-sk: Cannot change mode to rwxr-xr-x: Operation not permitted
build	Cache Android SDK	2026-06-06T12:22:48.7617858Z /usr/bin/tar: ../../../../../usr/local/lib/android/sdk/platforms/android-36-ext19/data/res/values-mcc310-mnc170-es: Cannot utime: Operation not permitted
build	Cache Android SDK	2026-06-06T12:22:48.7618328Z /usr/bin/tar: ../../../../../usr/local/lib/android/sdk/platforms/android-36-ext19/data/res/values-mcc310-mnc170-es: Cannot change mode to rwxr-xr-x: Operation not permitted
build	Cache Android SDK	2026-06-06T12:22:48.7621127Z /usr/bin/tar: ../../../../../usr/local/lib/android/sdk/platforms/android-36-ext19/data/res/values-mcc310-mnc240-my: Cannot utime: Operation not permitted
build	Cache Android SDK	2026-06-06T12:22:48.7621597Z /usr/bin/tar: ../../../../../usr/local/lib/android/sdk/platforms/android-36-ext19/data/res/values-mcc310-mnc240-my: Cannot change mode to rwxr-xr-x: Operation not permitted
build	Cache Android SDK	2026-06-06T12:22:48.7626046Z /usr/bin/tar: ../../../../../usr/local/lib/android/sdk/platforms/android-36-ext19/data/res/values-am-television: Cannot utime: Operation not permitted
build	Cache Android SDK	2026-06-06T12:22:48.7626525Z /usr/bin/tar: ../../../../../usr/local/lib/android/sdk/platforms/android-36-ext19/data/res/values-am-television: Cannot change mode to rwxr-xr-x: Operation not permitted
build	Cache Android SDK	2026-06-06T12:22:48.7629029Z /usr/bin/tar: ../../../../../usr/local/lib/android/sdk/platforms/android-36-ext19/data/res/values-mcc302-mnc370-in: Cannot utime: Operation not permitted
build	Cache Android SDK	2026-06-06T12:22:48.7629501Z /usr/bin/tar: ../../../../../usr/local/lib/android/sdk/platforms/android-36-ext19/data/res/values-mcc302-mnc370-in: Cannot change mode to rwxr-xr-x: Operation not permitted
build	Cache Android SDK	2026-06-06T12:22:48.7632205Z /usr/bin/tar: ../../../../../usr/local/lib/android/sdk/platforms/android-36-ext19/data/res/values-mcc310-mnc270-ml: Cannot utime: Operation not permitted
build	Cache Android SDK	2026-06-06T12:22:48.7632763Z /usr/bin/tar: ../../../../../usr/local/lib/android/sdk/platforms/android-36-ext19/data/res/values-mcc310-mnc270-ml: Cannot change mode to rwxr-xr-x: Operation not permitted
build	Cache Android SDK	2026-06-06T12:22:48.7635021Z /usr/bin/tar: ../../../../../usr/local/lib/android/sdk/platforms/android-36-ext19/data/res/values-mcc302-mnc370-ru: Cannot utime: Operation not permitted
build	Cache Android SDK	2026-06-06T12:22:48.7635485Z /usr/bin/tar: ../../../../../usr/local/lib/android/sdk/platforms/android-36-ext19/data/res/values-mcc302-mnc370-ru: Cannot change mode to rwxr-xr-x: Operation not permitted
build	Cache Android SDK	2026-06-06T12:22:48.7637899Z /usr/bin/tar: ../../../../../usr/local/lib/android/sdk/platforms/android-36-ext19/data/res/values-mcc310-mnc950-ro: Cannot utime: Operation not permitted
build	Cache Android SDK	2026-06-06T12:22:48.7638366Z /usr/bin/tar: ../../../../../usr/local/lib/android/sdk/platforms/android-36-ext19/data/res/values-mcc310-mnc950-ro: Cannot change mode to rwxr-xr-x: Operation not permitted
build	Cache Android SDK	2026-06-06T12:22:48.7640763Z /usr/bin/tar: ../../../../../usr/local/lib/android/sdk/platforms/android-36-ext19/data/res/values-te-watch: Cannot utime: Operation not permitted
build	Cache Android SDK	2026-06-06T12:22:48.7641313Z /usr/bin/tar: ../../../../../usr/local/lib/android/sdk/platforms/android-36-ext19/data/res/values-te-watch: Cannot change mode to rwxr-xr-x: Operation not permitted
build	Cache Android SDK	2026-06-06T12:22:48.7644390Z /usr/bin/tar: ../../../../../usr/local/lib/android/sdk/platforms/android-36-ext19/data/res/values-mcc310-mnc410-pl: Cannot utime: Operation not permitted
build	Cache Android SDK	2026-06-06T12:22:48.7644922Z /usr/bin/tar: ../../../../../usr/local/lib/android/sdk/platforms/android-36-ext19/data/res/values-mcc310-mnc410-pl: Cannot change mode to rwxr-xr-x: Operation not permitted
build	Cache Android SDK	2026-06-06T12:22:48.7648936Z /usr/bin/tar: ../../../../../usr/local/lib/android/sdk/platforms/android-36-ext19/data/res/values-mcc310-mnc220-is: Cannot utime: Operation not permitted
build	Cache Android SDK	2026-06-06T12:22:48.7649799Z /usr/bin/tar: ../../../../../usr/local/lib/android/sdk/platforms/android-36-ext19/data/res/values-mcc310-mnc220-is: Cannot change mode to rwxr-xr-x: Operation not permitted
build	Cache Android SDK	2026-06-06T12:22:48.7650969Z /usr/bin/tar: ../../../../../usr/local/lib/android/sdk/platforms/android-36-ext19/data/res/values-mcc310-mnc170-nl: Cannot utime: Operation not permitted
build	Cache Android SDK	2026-06-06T12:22:48.7651444Z /usr/bin/tar: ../../../../../usr/local/lib/android/sdk/platforms/android-36-ext19/data/res/values-mcc310-mnc170-nl: Cannot change mode to rwxr-xr-x: Operation not permitted
build	Cache Android SDK	2026-06-06T12:22:48.7654360Z /usr/bin/tar: ../../../../../usr/local/lib/android/sdk/platforms/android-36-ext19/data/res/values-mcc310-mnc380-el: Cannot utime: Operation not permitted
build	Cache Android SDK	2026-06-06T12:22:48.7654830Z /usr/bin/tar: ../../../../../usr/local/lib/android/sdk/platforms/android-36-ext19/data/res/values-mcc310-mnc380-el: Cannot change mode to rwxr-xr-x: Operation not permitted
build	Cache Android SDK	2026-06-06T12:22:48.7657289Z /usr/bin/tar: ../../../../../usr/local/lib/android/sdk/platforms/android-36-ext19/data/res/values-mcc334-mnc020-lt: Cannot utime: Operation not permitted
build	Cache Android SDK	2026-06-06T12:22:48.7657997Z /usr/bin/tar: ../../../../../usr/local/lib/android/sdk/platforms/android-36-ext19/data/res/values-mcc334-mnc020-lt: Cannot change mode to rwxr-xr-x: Operation not permitted
build	Cache Android SDK	2026-06-06T12:22:48.7660466Z /usr/bin/tar: ../../../../../usr/local/lib/android/sdk/platforms/android-36-ext19/data/res/values-mcc302-mnc370-si: Cannot utime: Operation not permitted
build	Cache Android SDK	2026-06-06T12:22:48.7660940Z /usr/bin/tar: ../../../../../usr/local/lib/android/sdk/platforms/android-36-ext19/data/res/values-mcc302-mnc370-si: Cannot change mode to rwxr-xr-x: Operation not permitted
build	Cache Android SDK	2026-06-06T12:22:48.7666154Z /usr/bin/tar: ../../../../../usr/local/lib/android/sdk/platforms/android-36-ext19/data/res/drawable-land-xhdpi: Cannot utime: Operation not permitted
build	Cache Android SDK	2026-06-06T12:22:48.7666625Z /usr/bin/tar: ../../../../../usr/local/lib/android/sdk/platforms/android-36-ext19/data/res/drawable-land-xhdpi: Cannot change mode to rwxr-xr-x: Operation not permitted
build	Cache Android SDK	2026-06-06T12:22:48.7669297Z /usr/bin/tar: ../../../../../usr/local/lib/android/sdk/platforms/android-36-ext19/data/res/values-mcc310-mnc560-ko: Cannot utime: Operation not permitted
build	Cache Android SDK	2026-06-06T12:22:48.7669878Z /usr/bin/tar: ../../../../../usr/local/lib/android/sdk/platforms/android-36-ext19/data/res/values-mcc310-mnc560-ko: Cannot change mode to rwxr-xr-x: Operation not permitted
build	Cache Android SDK	2026-06-06T12:22:48.7672767Z /usr/bin/tar: ../../../../../usr/local/lib/android/sdk/platforms/android-36-ext19/data/res/values-ms-rMY: Cannot utime: Operation not permitted
build	Cache Android SDK	2026-06-06T12:22:48.7673211Z /usr/bin/tar: ../../../../../usr/local/lib/android/sdk/platforms/android-36-ext19/data/res/values-ms-rMY: Cannot change mode to rwxr-xr-x: Operation not permitted
build	Cache Android SDK	2026-06-06T12:22:48.7676160Z /usr/bin/tar: ../../../../../usr/local/lib/android/sdk/platforms/android-36-ext19/data/res/values-mcc310-mnc230-de: Cannot utime: Operation not permitted
build	Cache Android SDK	2026-06-06T12:22:48.7677044Z /usr/bin/tar: ../../../../../usr/local/lib/android/sdk/platforms/android-36-ext19/data/res/values-mcc310-mnc230-de: Cannot change mode to rwxr-xr-x: Operation not permitted
build	Cache Android SDK	2026-06-06T12:22:48.7679754Z /usr/bin/tar: ../../../../../usr/local/lib/android/sdk/platforms/android-36-ext19/data/res/values-mcc310-mnc280-zu: Cannot utime: Operation not permitted
build	Cache Android SDK	2026-06-06T12:22:48.7680398Z /usr/bin/tar: ../../../../../usr/local/lib/android/sdk/platforms/android-36-ext19/data/res/values-mcc310-mnc280-zu: Cannot change mode to rwxr-xr-x: Operation not permitted
build	Cache Android SDK	2026-06-06T12:22:48.7682531Z /usr/bin/tar: ../../../../../usr/local/lib/android/sdk/platforms/android-36-ext19/data/res/values-mcc310-mnc230-tl: Cannot utime: Operation not permitted
build	Cache Android SDK	2026-06-06T12:22:48.7683004Z /usr/bin/tar: ../../../../../usr/local/lib/android/sdk/platforms/android-36-ext19/data/res/values-mcc310-mnc230-tl: Cannot change mode to rwxr-xr-x: Operation not permitted
build	Cache Android SDK	2026-06-06T12:22:48.7685454Z /usr/bin/tar: ../../../../../usr/local/lib/android/sdk/platforms/android-36-ext19/data/res/values-mcc310-mnc280-bs: Cannot utime: Operation not permitted
build	Cache Android SDK	2026-06-06T12:22:48.7686071Z /usr/bin/tar: ../../../../../usr/local/lib/android/sdk/platforms/android-36-ext19/data/res/values-mcc310-mnc280-bs: Cannot change mode to rwxr-xr-x: Operation not permitted
build	Cache Android SDK	2026-06-06T12:22:48.7688717Z /usr/bin/tar: ../../../../../usr/local/lib/android/sdk/platforms/android-36-ext19/data/res/values-mcc310-mnc230-af: Cannot utime: Operation not permitted
build	Cache Android SDK	2026-06-06T12:22:48.7689208Z /usr/bin/tar: ../../../../../usr/local/lib/android/sdk/platforms/android-36-ext19/data/res/values-mcc310-mnc230-af: Cannot change mode to rwxr-xr-x: Operation not permitted
build	Cache Android SDK	2026-06-06T12:22:48.7691536Z /usr/bin/tar: ../../../../../usr/local/lib/android/sdk/platforms/android-36-ext19/data/res/values-mcc310-mnc160-mk: Cannot utime: Operation not permitted
build	Cache Android SDK	2026-06-06T12:22:48.7692012Z /usr/bin/tar: ../../../../../usr/local/lib/android/sdk/platforms/android-36-ext19/data/res/values-mcc310-mnc160-mk: Cannot change mode to rwxr-xr-x: Operation not permitted
build	Cache Android SDK	2026-06-06T12:22:48.7694673Z /usr/bin/tar: ../../../../../usr/local/lib/android/sdk/platforms/android-36-ext19/data/res/values-mcc312-mnc670-bg: Cannot utime: Operation not permitted
build	Cache Android SDK	2026-06-06T12:22:48.7695275Z /usr/bin/tar: ../../../../../usr/local/lib/android/sdk/platforms/android-36-ext19/data/res/values-mcc312-mnc670-bg: Cannot change mode to rwxr-xr-x: Operation not permitted
build	Cache Android SDK	2026-06-06T12:22:48.7698350Z /usr/bin/tar: ../../../../../usr/local/lib/android/sdk/platforms/android-36-ext19/data/res/values-mcc312-mnc670-pa: Cannot utime: Operation not permitted
build	Cache Android SDK	2026-06-06T12:22:48.7698925Z /usr/bin/tar: ../../../../../usr/local/lib/android/sdk/platforms/android-36-ext19/data/res/values-mcc312-mnc670-pa: Cannot change mode to rwxr-xr-x: Operation not permitted
build	Cache Android SDK	2026-06-06T12:22:48.7701375Z /usr/bin/tar: ../../../../../usr/local/lib/android/sdk/platforms/android-36-ext19/data/res/values-w192dp: Cannot utime: Operation not permitted
build	Cache Android SDK	2026-06-06T12:22:48.7701826Z /usr/bin/tar: ../../../../../usr/local/lib/android/sdk/platforms/android-36-ext19/data/res/values-w192dp: Cannot change mode to rwxr-xr-x: Operation not permitted
build	Cache Android SDK	2026-06-06T12:22:48.7704385Z /usr/bin/tar: ../../../../../usr/local/lib/android/sdk/platforms/android-36-ext19/data/res/values-mcc310-mnc170-my: Cannot utime: Operation not permitted
build	Cache Android SDK	2026-06-06T12:22:48.7704860Z /usr/bin/tar: ../../../../../usr/local/lib/android/sdk/platforms/android-36-ext19/data/res/values-mcc310-mnc170-my: Cannot change mode to rwxr-xr-x: Operation not permitted
build	Cache Android SDK	2026-06-06T12:22:48.7707847Z /usr/bin/tar: ../../../../../usr/local/lib/android/sdk/platforms/android-36-ext19/data/res/values-sw720dp-land: Cannot utime: Operation not permitted
build	Cache Android SDK	2026-06-06T12:22:48.7708318Z /usr/bin/tar: ../../../../../usr/local/lib/android/sdk/platforms/android-36-ext19/data/res/values-sw720dp-land: Cannot change mode to rwxr-xr-x: Operation not permitted
build	Cache Android SDK	2026-06-06T12:22:48.7710800Z /usr/bin/tar: ../../../../../usr/local/lib/android/sdk/platforms/android-36-ext19/data/res/values-mcc310-mnc200-en-rAU: Cannot utime: Operation not permitted
build	Cache Android SDK	2026-06-06T12:22:48.7711309Z /usr/bin/tar: ../../../../../usr/local/lib/android/sdk/platforms/android-36-ext19/data/res/values-mcc310-mnc200-en-rAU: Cannot change mode to rwxr-xr-x: Operation not permitted
build	Cache Android SDK	2026-06-06T12:22:48.7713950Z /usr/bin/tar: ../../../../../usr/local/lib/android/sdk/platforms/android-36-ext19/data/res/values-mcc312-mnc670-pl: Cannot utime: Operation not permitted
build	Cache Android SDK	2026-06-06T12:22:48.7714420Z /usr/bin/tar: ../../../../../usr/local/lib/android/sdk/platforms/android-36-ext19/data/res/values-mcc312-mnc670-pl: Cannot change mode to rwxr-xr-x: Operation not permitted
build	Cache Android SDK	2026-06-06T12:22:48.7717223Z /usr/bin/tar: ../../../../../usr/local/lib/android/sdk/platforms/android-36-ext19/data/res/values-mcc310-mnc120: Cannot utime: Operation not permitted
build	Cache Android SDK	2026-06-06T12:22:48.7717946Z /usr/bin/tar: ../../../../../usr/local/lib/android/sdk/platforms/android-36-ext19/data/res/values-mcc310-mnc120: Cannot change mode to rwxr-xr-x: Operation not permitted
build	Cache Android SDK	2026-06-06T12:22:48.7720534Z /usr/bin/tar: ../../../../../usr/local/lib/android/sdk/platforms/android-36-ext19/data/res/values-mcc310-mnc950-b+sr+Latn: Cannot utime: Operation not permitted
build	Cache Android SDK	2026-06-06T12:22:48.7721045Z /usr/bin/tar: ../../../../../usr/local/lib/android/sdk/platforms/android-36-ext19/data/res/values-mcc310-mnc950-b+sr+Latn: Cannot change mode to rwxr-xr-x: Operation not permitted
build	Cache Android SDK	2026-06-06T12:22:48.7724006Z /usr/bin/tar: ../../../../../usr/local/lib/android/sdk/platforms/android-36-ext19/data/res/values-mcc310-mnc490-ne: Cannot utime: Operation not permitted
build	Cache Android SDK	2026-06-06T12:22:48.7724480Z /usr/bin/tar: ../../../../../usr/local/lib/android/sdk/platforms/android-36-ext19/data/res/values-mcc310-mnc490-ne: Cannot change mode to rwxr-xr-x: Operation not permitted
build	Cache Android SDK	2026-06-06T12:22:48.7726795Z /usr/bin/tar: ../../../../../usr/local/lib/android/sdk/platforms/android-36-ext19/data/res/values-mcc310-mnc230: Cannot utime: Operation not permitted
build	Cache Android SDK	2026-06-06T12:22:48.7727260Z /usr/bin/tar: ../../../../../usr/local/lib/android/sdk/platforms/android-36-ext19/data/res/values-mcc310-mnc230: Cannot change mode to rwxr-xr-x: Operation not permitted
build	Cache Android SDK	2026-06-06T12:22:48.7729988Z /usr/bin/tar: ../../../../../usr/local/lib/android/sdk/platforms/android-36-ext19/data/res/values-mcc310-mnc230-am: Cannot utime: Operation not permitted
build	Cache Android SDK	2026-06-06T12:22:48.7730468Z /usr/bin/tar: ../../../../../usr/local/lib/android/sdk/platforms/android-36-ext19/data/res/values-mcc310-mnc230-am: Cannot change mode to rwxr-xr-x: Operation not permitted
build	Cache Android SDK	2026-06-06T12:22:48.7733770Z /usr/bin/tar: ../../../../../usr/local/lib/android/sdk/platforms/android-36-ext19/data/res/raw-zh-rTW: Cannot utime: Operation not permitted
build	Cache Android SDK	2026-06-06T12:22:48.7734214Z /usr/bin/tar: ../../../../../usr/local/lib/android/sdk/platforms/android-36-ext19/data/res/raw-zh-rTW: Cannot change mode to rwxr-xr-x: Operation not permitted
build	Cache Android SDK	2026-06-06T12:22:48.7736764Z /usr/bin/tar: ../../../../../usr/local/lib/android/sdk/platforms/android-36-ext19/data/res/values-mcc310-mnc160-sv: Cannot utime: Operation not permitted
build	Cache Android SDK	2026-06-06T12:22:48.7737251Z /usr/bin/tar: ../../../../../usr/local/lib/android/sdk/platforms/android-36-ext19/data/res/values-mcc310-mnc160-sv: Cannot change mode to rwxr-xr-x: Operation not permitted
build	Cache Android SDK	2026-06-06T12:22:48.7739650Z /usr/bin/tar: ../../../../../usr/local/lib/android/sdk/platforms/android-36-ext19/data/res/values-mcc001-mnc01-et: Cannot utime: Operation not permitted
build	Cache Android SDK	2026-06-06T12:22:48.7740123Z /usr/bin/tar: ../../../../../usr/local/lib/android/sdk/platforms/android-36-ext19/data/res/values-mcc001-mnc01-et: Cannot change mode to rwxr-xr-x: Operation not permitted
build	Cache Android SDK	2026-06-06T12:22:48.7742724Z /usr/bin/tar: ../../../../../usr/local/lib/android/sdk/platforms/android-36-ext19/data/res/values-es-rGT: Cannot utime: Operation not permitted
build	Cache Android SDK	2026-06-06T12:22:48.7743175Z /usr/bin/tar: ../../../../../usr/local/lib/android/sdk/platforms/android-36-ext19/data/res/values-es-rGT: Cannot change mode to rwxr-xr-x: Operation not permitted
build	Cache Android SDK	2026-06-06T12:22:48.7745625Z /usr/bin/tar: ../../../../../usr/local/lib/android/sdk/platforms/android-36-ext19/data/res/values-mcc310-mnc030-en-rIN: Cannot utime: Operation not permitted
build	Cache Android SDK	2026-06-06T12:22:48.7746133Z /usr/bin/tar: ../../../../../usr/local/lib/android/sdk/platforms/android-36-ext19/data/res/values-mcc310-mnc030-en-rIN: Cannot change mode to rwxr-xr-x: Operation not permitted
build	Cache Android SDK	2026-06-06T12:22:48.7748970Z /usr/bin/tar: ../../../../../usr/local/lib/android/sdk/platforms/android-36-ext19/data/res/values-mcc311-mnc180-el: Cannot utime: Operation not permitted
build	Cache Android SDK	2026-06-06T12:22:48.7749448Z /usr/bin/tar: ../../../../../usr/local/lib/android/sdk/platforms/android-36-ext19/data/res/values-mcc311-mnc180-el: Cannot change mode to rwxr-xr-x: Operation not permitted
build	Cache Android SDK	2026-06-06T12:22:48.7752431Z /usr/bin/tar: ../../../../../usr/local/lib/android/sdk/platforms/android-36-ext19/data/res/values-mcc310-mnc160-en-rAU: Cannot utime: Operation not permitted
build	Cache Android SDK	2026-06-06T12:22:48.7752912Z /usr/bin/tar: ../../../../../usr/local/lib/android/sdk/platforms/android-36-ext19/data/res/values-mcc310-mnc160-en-rAU: Cannot change mode to rwxr-xr-x: Operation not permitted
build	Cache Android SDK	2026-06-06T12:22:48.7755299Z /usr/bin/tar: ../../../../../usr/local/lib/android/sdk/platforms/android-36-ext19/data/res/values-mcc302-mnc370-mn: Cannot utime: Operation not permitted
build	Cache Android SDK	2026-06-06T12:22:48.7755776Z /usr/bin/tar: ../../../../../usr/local/lib/android/sdk/platforms/android-36-ext19/data/res/values-mcc302-mnc370-mn: Cannot change mode to rwxr-xr-x: Operation not permitted
build	Cache Android SDK	2026-06-06T12:22:48.7758626Z /usr/bin/tar: ../../../../../usr/local/lib/android/sdk/platforms/android-36-ext19/data/res/values-ja-television: Cannot utime: Operation not permitted
build	Cache Android SDK	2026-06-06T12:22:48.7759108Z /usr/bin/tar: ../../../../../usr/local/lib/android/sdk/platforms/android-36-ext19/data/res/values-ja-television: Cannot change mode to rwxr-xr-x: Operation not permitted
build	Cache Android SDK	2026-06-06T12:22:48.7761967Z /usr/bin/tar: ../../../../../usr/local/lib/android/sdk/platforms/android-36-ext19/data/res/values-mcc310-mnc250-lo: Cannot utime: Operation not permitted
build	Cache Android SDK	2026-06-06T12:22:48.7762549Z /usr/bin/tar: ../../../../../usr/local/lib/android/sdk/platforms/android-36-ext19/data/res/values-mcc310-mnc250-lo: Cannot change mode to rwxr-xr-x: Operation not permitted
build	Cache Android SDK	2026-06-06T12:22:48.7765673Z /usr/bin/tar: ../../../../../usr/local/lib/android/sdk/platforms/android-36-ext19/data/res/values-mcc310-mnc410-kn: Cannot utime: Operation not permitted
build	Cache Android SDK	2026-06-06T12:22:48.7766145Z /usr/bin/tar: ../../../../../usr/local/lib/android/sdk/platforms/android-36-ext19/data/res/values-mcc310-mnc410-kn: Cannot change mode to rwxr-xr-x: Operation not permitted
build	Cache Android SDK	2026-06-06T12:22:48.7769282Z /usr/bin/tar: ../../../../../usr/local/lib/android/sdk/platforms/android-36-ext19/data/res/values-mcc310-mnc380-es: Cannot utime: Operation not permitted
build	Cache Android SDK	2026-06-06T12:22:48.7769763Z /usr/bin/tar: ../../../../../usr/local/lib/android/sdk/platforms/android-36-ext19/data/res/values-mcc310-mnc380-es: Cannot change mode to rwxr-xr-x: Operation not permitted
build	Cache Android SDK	2026-06-06T12:22:48.7772540Z /usr/bin/tar: ../../../../../usr/local/lib/android/sdk/platforms/android-36-ext19/data/res/values-mcc310-mnc160-iw: Cannot utime: Operation not permitted
build	Cache Android SDK	2026-06-06T12:22:48.7773121Z /usr/bin/tar: ../../../../../usr/local/lib/android/sdk/platforms/android-36-ext19/data/res/values-mcc310-mnc160-iw: Cannot change mode to rwxr-xr-x: Operation not permitted
build	Cache Android SDK	2026-06-06T12:22:48.7775960Z /usr/bin/tar: ../../../../../usr/local/lib/android/sdk/platforms/android-36-ext19/data/res/values-mcc310-mnc380-zh-rHK: Cannot utime: Operation not permitted
build	Cache Android SDK	2026-06-06T12:22:48.7776444Z /usr/bin/tar: ../../../../../usr/local/lib/android/sdk/platforms/android-36-ext19/data/res/values-mcc310-mnc380-zh-rHK: Cannot change mode to rwxr-xr-x: Operation not permitted
build	Cache Android SDK	2026-06-06T12:22:48.7779284Z /usr/bin/tar: ../../../../../usr/local/lib/android/sdk/platforms/android-36-ext19/data/res/values-mcc310-mnc280-ur: Cannot utime: Operation not permitted
build	Cache Android SDK	2026-06-06T12:22:48.7782656Z /usr/bin/tar: ../../../../../usr/local/lib/android/sdk/platforms/android-36-ext19/data/res/values-mcc310-mnc280-ur: Cannot change mode to rwxr-xr-x: Operation not permitted
build	Cache Android SDK	2026-06-06T12:22:48.7783103Z /usr/bin/tar: ../../../../../usr/local/lib/android/sdk/platforms/android-36-ext19/data/res/values-mcc310-mnc200-kk: Cannot utime: Operation not permitted
build	Cache Android SDK	2026-06-06T12:22:48.7783739Z /usr/bin/tar: ../../../../../usr/local/lib/android/sdk/platforms/android-36-ext19/data/res/values-mcc310-mnc200-kk: Cannot change mode to rwxr-xr-x: Operation not permitted
build	Cache Android SDK	2026-06-06T12:22:48.7785514Z /usr/bin/tar: ../../../../../usr/local/lib/android/sdk/platforms/android-36-ext19/data/res/values-es-rNI: Cannot utime: Operation not permitted
build	Cache Android SDK	2026-06-06T12:22:48.7785959Z /usr/bin/tar: ../../../../../usr/local/lib/android/sdk/platforms/android-36-ext19/data/res/values-es-rNI: Cannot change mode to rwxr-xr-x: Operation not permitted
build	Cache Android SDK	2026-06-06T12:22:48.7788832Z /usr/bin/tar: ../../../../../usr/local/lib/android/sdk/platforms/android-36-ext19/data/res/values-mcc310-mnc170-bg: Cannot utime: Operation not permitted
build	Cache Android SDK	2026-06-06T12:22:48.7789395Z /usr/bin/tar: ../../../../../usr/local/lib/android/sdk/platforms/android-36-ext19/data/res/values-mcc310-mnc170-bg: Cannot change mode to rwxr-xr-x: Operation not permitted
build	Cache Android SDK	2026-06-06T12:22:48.7791677Z /usr/bin/tar: ../../../../../usr/local/lib/android/sdk/platforms/android-36-ext19/data/res/values-nb-television: Cannot utime: Operation not permitted
build	Cache Android SDK	2026-06-06T12:22:48.7792144Z /usr/bin/tar: ../../../../../usr/local/lib/android/sdk/platforms/android-36-ext19/data/res/values-nb-television: Cannot change mode to rwxr-xr-x: Operation not permitted
build	Cache Android SDK	2026-06-06T12:22:48.7795338Z /usr/bin/tar: ../../../../../usr/local/lib/android/sdk/platforms/android-36-ext19/data/res/values-mcc310-mnc380-in: Cannot utime: Operation not permitted
build	Cache Android SDK	2026-06-06T12:22:48.7796199Z /usr/bin/tar: ../../../../../usr/local/lib/android/sdk/platforms/android-36-ext19/data/res/values-mcc310-mnc380-in: Cannot change mode to rwxr-xr-x: Operation not permitted
build	Cache Android SDK	2026-06-06T12:22:48.7798767Z /usr/bin/tar: ../../../../../usr/local/lib/android/sdk/platforms/android-36-ext19/data/res/values-zh-rTW-television: Cannot utime: Operation not permitted
build	Cache Android SDK	2026-06-06T12:22:48.7799385Z /usr/bin/tar: ../../../../../usr/local/lib/android/sdk/platforms/android-36-ext19/data/res/values-zh-rTW-television: Cannot change mode to rwxr-xr-x: Operation not permitted
build	Cache Android SDK	2026-06-06T12:22:48.7802705Z /usr/bin/tar: ../../../../../usr/local/lib/android/sdk/platforms/android-36-ext19/data/res/values-mcc310-mnc380-pt: Cannot utime: Operation not permitted
build	Cache Android SDK	2026-06-06T12:22:48.7803172Z /usr/bin/tar: ../../../../../usr/local/lib/android/sdk/platforms/android-36-ext19/data/res/values-mcc310-mnc380-pt: Cannot change mode to rwxr-xr-x: Operation not permitted
build	Cache Android SDK	2026-06-06T12:22:48.7806003Z /usr/bin/tar: ../../../../../usr/local/lib/android/sdk/platforms/android-36-ext19/data/res/values-mcc310-mnc560-kn: Cannot utime: Operation not permitted
build	Cache Android SDK	2026-06-06T12:22:48.7806479Z /usr/bin/tar: ../../../../../usr/local/lib/android/sdk/platforms/android-36-ext19/data/res/values-mcc310-mnc560-kn: Cannot change mode to rwxr-xr-x: Operation not permitted
build	Cache Android SDK	2026-06-06T12:22:48.7809755Z /usr/bin/tar: ../../../../../usr/local/lib/android/sdk/platforms/android-36-ext19/data/res/values-mcc310-mnc490-am: Cannot utime: Operation not permitted
build	Cache Android SDK	2026-06-06T12:22:48.7810219Z /usr/bin/tar: ../../../../../usr/local/lib/android/sdk/platforms/android-36-ext19/data/res/values-mcc310-mnc490-am: Cannot change mode to rwxr-xr-x: Operation not permitted
build	Cache Android SDK	2026-06-06T12:22:48.7813074Z /usr/bin/tar: ../../../../../usr/local/lib/android/sdk/platforms/android-36-ext19/data/res/values-mcc310-mnc490-sl: Cannot utime: Operation not permitted
build	Cache Android SDK	2026-06-06T12:22:48.7813548Z /usr/bin/tar: ../../../../../usr/local/lib/android/sdk/platforms/android-36-ext19/data/res/values-mcc310-mnc490-sl: Cannot change mode to rwxr-xr-x: Operation not permitted
build	Cache Android SDK	2026-06-06T12:22:48.7816295Z /usr/bin/tar: ../../../../../usr/local/lib/android/sdk/platforms/android-36-ext19/data/res/values-mcc310-mnc160-ur: Cannot utime: Operation not permitted
build	Cache Android SDK	2026-06-06T12:22:48.7816777Z /usr/bin/tar: ../../../../../usr/local/lib/android/sdk/platforms/android-36-ext19/data/res/values-mcc310-mnc160-ur: Cannot change mode to rwxr-xr-x: Operation not permitted
build	Cache Android SDK	2026-06-06T12:22:48.7886114Z /usr/bin/tar: ../../../../../usr/local/lib/android/sdk/platforms/android-36-ext19/data/res/drawable-xxxhdpi: Cannot utime: Operation not permitted
build	Cache Android SDK	2026-06-06T12:22:48.7886626Z /usr/bin/tar: ../../../../../usr/local/lib/android/sdk/platforms/android-36-ext19/data/res/drawable-xxxhdpi: Cannot change mode to rwxr-xr-x: Operation not permitted
build	Cache Android SDK	2026-06-06T12:22:48.7888846Z /usr/bin/tar: ../../../../../usr/local/lib/android/sdk/platforms/android-36-ext19/data/res/values-mcc310-mnc210-af: Cannot utime: Operation not permitted
build	Cache Android SDK	2026-06-06T12:22:48.7889309Z /usr/bin/tar: ../../../../../usr/local/lib/android/sdk/platforms/android-36-ext19/data/res/values-mcc310-mnc210-af: Cannot change mode to rwxr-xr-x: Operation not permitted
build	Cache Android SDK	2026-06-06T12:22:48.7891761Z /usr/bin/tar: ../../../../../usr/local/lib/android/sdk/platforms/android-36-ext19/data/res/values-mcc310-mnc270-ky: Cannot utime: Operation not permitted
build	Cache Android SDK	2026-06-06T12:22:48.7892399Z /usr/bin/tar: ../../../../../usr/local/lib/android/sdk/platforms/android-36-ext19/data/res/values-mcc310-mnc270-ky: Cannot change mode to rwxr-xr-x: Operation not permitted
build	Cache Android SDK	2026-06-06T12:22:48.7894953Z /usr/bin/tar: ../../../../../usr/local/lib/android/sdk/platforms/android-36-ext19/data/res/values-mcc302-mnc720-te: Cannot utime: Operation not permitted
build	Cache Android SDK	2026-06-06T12:22:48.7895402Z /usr/bin/tar: ../../../../../usr/local/lib/android/sdk/platforms/android-36-ext19/data/res/values-mcc302-mnc720-te: Cannot change mode to rwxr-xr-x: Operation not permitted
build	Cache Android SDK	2026-06-06T12:22:48.7898110Z /usr/bin/tar: ../../../../../usr/local/lib/android/sdk/platforms/android-36-ext19/data/res/values-mcc312-mnc670-en-rIN: Cannot utime: Operation not permitted
build	Cache Android SDK	2026-06-06T12:22:48.7898589Z /usr/bin/tar: ../../../../../usr/local/lib/android/sdk/platforms/android-36-ext19/data/res/values-mcc312-mnc670-en-rIN: Cannot change mode to rwxr-xr-x: Operation not permitted
build	Cache Android SDK	2026-06-06T12:22:48.7901669Z /usr/bin/tar: ../../../../../usr/local/lib/android/sdk/platforms/android-36-ext19/data/res/values-mr-watch: Cannot utime: Operation not permitted
build	Cache Android SDK	2026-06-06T12:22:48.7902119Z /usr/bin/tar: ../../../../../usr/local/lib/android/sdk/platforms/android-36-ext19/data/res/values-mr-watch: Cannot change mode to rwxr-xr-x: Operation not permitted
build	Cache Android SDK	2026-06-06T12:22:48.7904988Z /usr/bin/tar: ../../../../../usr/local/lib/android/sdk/platforms/android-36-ext19/data/res/values-mcc310-mnc160-hi: Cannot utime: Operation not permitted
build	Cache Android SDK	2026-06-06T12:22:48.7905450Z /usr/bin/tar: ../../../../../usr/local/lib/android/sdk/platforms/android-36-ext19/data/res/values-mcc310-mnc160-hi: Cannot change mode to rwxr-xr-x: Operation not permitted
build	Cache Android SDK	2026-06-06T12:22:48.7908273Z /usr/bin/tar: ../../../../../usr/local/lib/android/sdk/platforms/android-36-ext19/data/res/values-mcc334-mnc020-fr-rCA: Cannot utime: Operation not permitted
build	Cache Android SDK	2026-06-06T12:22:48.7908771Z /usr/bin/tar: ../../../../../usr/local/lib/android/sdk/platforms/android-36-ext19/data/res/values-mcc334-mnc020-fr-rCA: Cannot change mode to rwxr-xr-x: Operation not permitted
build	Cache Android SDK	2026-06-06T12:22:48.7912547Z /usr/bin/tar: ../../../../../usr/local/lib/android/sdk/platforms/android-36-ext19/data/res/values-mcc302-mnc720-lv: Cannot utime: Operation not permitted
build	Cache Android SDK	2026-06-06T12:22:48.7913014Z /usr/bin/tar: ../../../../../usr/local/lib/android/sdk/platforms/android-36-ext19/data/res/values-mcc302-mnc720-lv: Cannot change mode to rwxr-xr-x: Operation not permitted
build	Cache Android SDK	2026-06-06T12:22:48.7916014Z /usr/bin/tar: ../../../../../usr/local/lib/android/sdk/platforms/android-36-ext19/data/res/values-mcc334-mnc020-pl: Cannot utime: Operation not permitted
build	Cache Android SDK	2026-06-06T12:22:48.7916478Z /usr/bin/tar: ../../../../../usr/local/lib/android/sdk/platforms/android-36-ext19/data/res/values-mcc334-mnc020-pl: Cannot change mode to rwxr-xr-x: Operation not permitted
build	Cache Android SDK	2026-06-06T12:22:48.7919413Z /usr/bin/tar: ../../../../../usr/local/lib/android/sdk/platforms/android-36-ext19/data/res/values-mcc310-mnc230-zh-rTW: Cannot utime: Operation not permitted
build	Cache Android SDK	2026-06-06T12:22:48.7919902Z /usr/bin/tar: ../../../../../usr/local/lib/android/sdk/platforms/android-36-ext19/data/res/values-mcc310-mnc230-zh-rTW: Cannot change mode to rwxr-xr-x: Operation not permitted
build	Cache Android SDK	2026-06-06T12:22:48.7922737Z /usr/bin/tar: ../../../../../usr/local/lib/android/sdk/platforms/android-36-ext19/data/res/values-mcc311-mnc180-pt-rBR: Cannot utime: Operation not permitted
build	Cache Android SDK	2026-06-06T12:22:48.7923215Z /usr/bin/tar: ../../../../../usr/local/lib/android/sdk/platforms/android-36-ext19/data/res/values-mcc311-mnc180-pt-rBR: Cannot change mode to rwxr-xr-x: Operation not permitted
build	Cache Android SDK	2026-06-06T12:22:48.7925954Z /usr/bin/tar: ../../../../../usr/local/lib/android/sdk/platforms/android-36-ext19/data/res/values-sw600dp-port: Cannot utime: Operation not permitted
build	Cache Android SDK	2026-06-06T12:22:48.7926413Z /usr/bin/tar: ../../../../../usr/local/lib/android/sdk/platforms/android-36-ext19/data/res/values-sw600dp-port: Cannot change mode to rwxr-xr-x: Operation not permitted
build	Cache Android SDK	2026-06-06T12:22:48.7929283Z /usr/bin/tar: ../../../../../usr/local/lib/android/sdk/platforms/android-36-ext19/data/res/values-mcc310-mnc380-be: Cannot utime: Operation not permitted
build	Cache Android SDK	2026-06-06T12:22:48.7929754Z /usr/bin/tar: ../../../../../usr/local/lib/android/sdk/platforms/android-36-ext19/data/res/values-mcc310-mnc380-be: Cannot change mode to rwxr-xr-x: Operation not permitted
build	Cache Android SDK	2026-06-06T12:22:48.7932413Z /usr/bin/tar: ../../../../../usr/local/lib/android/sdk/platforms/android-36-ext19/data/res/values-mcc310-mnc280-es-rUS: Cannot utime: Operation not permitted
build	Cache Android SDK	2026-06-06T12:22:48.7932892Z /usr/bin/tar: ../../../../../usr/local/lib/android/sdk/platforms/android-36-ext19/data/res/values-mcc310-mnc280-es-rUS: Cannot change mode to rwxr-xr-x: Operation not permitted
build	Cache Android SDK	2026-06-06T12:22:48.7935615Z /usr/bin/tar: ../../../../../usr/local/lib/android/sdk/platforms/android-36-ext19/data/res/values-mcc310-mnc410-hu: Cannot utime: Operation not permitted
build	Cache Android SDK	2026-06-06T12:22:48.7936172Z /usr/bin/tar: ../../../../../usr/local/lib/android/sdk/platforms/android-36-ext19/data/res/values-mcc310-mnc410-hu: Cannot change mode to rwxr-xr-x: Operation not permitted
build	Cache Android SDK	2026-06-06T12:22:48.7939142Z /usr/bin/tar: ../../../../../usr/local/lib/android/sdk/platforms/android-36-ext19/data/res/values-mcc310-mnc170-en-rIN: Cannot utime: Operation not permitted
build	Cache Android SDK	2026-06-06T12:22:48.7939616Z /usr/bin/tar: ../../../../../usr/local/lib/android/sdk/platforms/android-36-ext19/data/res/values-mcc310-mnc170-en-rIN: Cannot change mode to rwxr-xr-x: Operation not permitted
build	Cache Android SDK	2026-06-06T12:22:48.7942353Z /usr/bin/tar: ../../../../../usr/local/lib/android/sdk/platforms/android-36-ext19/data/res/values-mcc310-mnc030-bs: Cannot utime: Operation not permitted
build	Cache Android SDK	2026-06-06T12:22:48.7942813Z /usr/bin/tar: ../../../../../usr/local/lib/android/sdk/platforms/android-36-ext19/data/res/values-mcc310-mnc030-bs: Cannot change mode to rwxr-xr-x: Operation not permitted
build	Cache Android SDK	2026-06-06T12:22:48.7945787Z /usr/bin/tar: ../../../../../usr/local/lib/android/sdk/platforms/android-36-ext19/data/res/values-mcc310-mnc250-da: Cannot utime: Operation not permitted
build	Cache Android SDK	2026-06-06T12:22:48.7946348Z /usr/bin/tar: ../../../../../usr/local/lib/android/sdk/platforms/android-36-ext19/data/res/values-mcc310-mnc250-da: Cannot change mode to rwxr-xr-x: Operation not permitted
build	Cache Android SDK	2026-06-06T12:22:48.7951079Z /usr/bin/tar: ../../../../../usr/local/lib/android/sdk/platforms/android-36-ext19/data/res/values-mcc310-mnc560-en-rGB: Cannot utime: Operation not permitted
build	Cache Android SDK	2026-06-06T12:22:48.7951545Z /usr/bin/tar: ../../../../../usr/local/lib/android/sdk/platforms/android-36-ext19/data/res/values-mcc310-mnc560-en-rGB: Cannot change mode to rwxr-xr-x: Operation not permitted
build	Cache Android SDK	2026-06-06T12:22:48.7953892Z /usr/bin/tar: ../../../../../usr/local/lib/android/sdk/platforms/android-36-ext19/data/res/values-mcc310-mnc950-sr: Cannot utime: Operation not permitted
build	Cache Android SDK	2026-06-06T12:22:48.7954356Z /usr/bin/tar: ../../../../../usr/local/lib/android/sdk/platforms/android-36-ext19/data/res/values-mcc310-mnc950-sr: Cannot change mode to rwxr-xr-x: Operation not permitted
build	Cache Android SDK	2026-06-06T12:22:48.7957118Z /usr/bin/tar: ../../../../../usr/local/lib/android/sdk/platforms/android-36-ext19/data/res/values-mcc310-mnc030-mk: Cannot utime: Operation not permitted
build	Cache Android SDK	2026-06-06T12:22:48.7957821Z /usr/bin/tar: ../../../../../usr/local/lib/android/sdk/platforms/android-36-ext19/data/res/values-mcc310-mnc030-mk: Cannot change mode to rwxr-xr-x: Operation not permitted
build	Cache Android SDK	2026-06-06T12:22:48.7960480Z /usr/bin/tar: ../../../../../usr/local/lib/android/sdk/platforms/android-36-ext19/data/res/values-mcc310-mnc560-ru: Cannot utime: Operation not permitted
build	Cache Android SDK	2026-06-06T12:22:48.7960937Z /usr/bin/tar: ../../../../../usr/local/lib/android/sdk/platforms/android-36-ext19/data/res/values-mcc310-mnc560-ru: Cannot change mode to rwxr-xr-x: Operation not permitted
build	Cache Android SDK	2026-06-06T12:22:48.7963877Z /usr/bin/tar: ../../../../../usr/local/lib/android/sdk/platforms/android-36-ext19/data/res/values-mcc310-mnc380-nb: Cannot utime: Operation not permitted
build	Cache Android SDK	2026-06-06T12:22:48.7964929Z /usr/bin/tar: ../../../../../usr/local/lib/android/sdk/platforms/android-36-ext19/data/res/values-mcc310-mnc380-nb: Cannot change mode to rwxr-xr-x: Operation not permitted
build	Cache Android SDK	2026-06-06T12:22:48.7969055Z /usr/bin/tar: ../../../../../usr/local/lib/android/sdk/platforms/android-36-ext19/data/res/values-mcc310-mnc160-fa: Cannot utime: Operation not permitted
build	Cache Android SDK	2026-06-06T12:22:48.7969779Z /usr/bin/tar: ../../../../../usr/local/lib/android/sdk/platforms/android-36-ext19/data/res/values-mcc310-mnc160-fa: Cannot change mode to rwxr-xr-x: Operation not permitted
build	Cache Android SDK	2026-06-06T12:22:48.7972405Z /usr/bin/tar: ../../../../../usr/local/lib/android/sdk/platforms/android-36-ext19/data/res/layout-sw600dp: Cannot utime: Operation not permitted
build	Cache Android SDK	2026-06-06T12:22:48.7972901Z /usr/bin/tar: ../../../../../usr/local/lib/android/sdk/platforms/android-36-ext19/data/res/layout-sw600dp: Cannot change mode to rwxr-xr-x: Operation not permitted
build	Cache Android SDK	2026-06-06T12:22:48.7975317Z /usr/bin/tar: ../../../../../usr/local/lib/android/sdk/platforms/android-36-ext19/data/res/values-mcc302-mnc720-ms: Cannot utime: Operation not permitted
build	Cache Android SDK	2026-06-06T12:22:48.7975931Z /usr/bin/tar: ../../../../../usr/local/lib/android/sdk/platforms/android-36-ext19/data/res/values-mcc302-mnc720-ms: Cannot change mode to rwxr-xr-x: Operation not permitted
build	Cache Android SDK	2026-06-06T12:22:48.7978177Z /usr/bin/tar: ../../../../../usr/local/lib/android/sdk/platforms/android-36-ext19/data/res/values-el-watch: Cannot utime: Operation not permitted
build	Cache Android SDK	2026-06-06T12:22:48.7978669Z /usr/bin/tar: ../../../../../usr/local/lib/android/sdk/platforms/android-36-ext19/data/res/values-el-watch: Cannot change mode to rwxr-xr-x: Operation not permitted
build	Cache Android SDK	2026-06-06T12:22:48.7981255Z /usr/bin/tar: ../../../../../usr/local/lib/android/sdk/platforms/android-36-ext19/data/res/values-mcc310-mnc170-mr: Cannot utime: Operation not permitted
build	Cache Android SDK	2026-06-06T12:22:48.7981739Z /usr/bin/tar: ../../../../../usr/local/lib/android/sdk/platforms/android-36-ext19/data/res/values-mcc310-mnc170-mr: Cannot change mode to rwxr-xr-x: Operation not permitted
build	Cache Android SDK	2026-06-06T12:22:48.7984213Z /usr/bin/tar: ../../../../../usr/local/lib/android/sdk/platforms/android-36-ext19/data/res/values-mcc310-mnc250-nl: Cannot utime: Operation not permitted
build	Cache Android SDK	2026-06-06T12:22:48.7984693Z /usr/bin/tar: ../../../../../usr/local/lib/android/sdk/platforms/android-36-ext19/data/res/values-mcc310-mnc250-nl: Cannot change mode to rwxr-xr-x: Operation not permitted
build	Cache Android SDK	2026-06-06T12:22:48.7987025Z /usr/bin/tar: ../../../../../usr/local/lib/android/sdk/platforms/android-36-ext19/data/res/values-mcc310-mnc950-pl: Cannot utime: Operation not permitted
build	Cache Android SDK	2026-06-06T12:22:48.7987717Z /usr/bin/tar: ../../../../../usr/local/lib/android/sdk/platforms/android-36-ext19/data/res/values-mcc310-mnc950-pl: Cannot change mode to rwxr-xr-x: Operation not permitted
build	Cache Android SDK	2026-06-06T12:22:48.7990575Z /usr/bin/tar: ../../../../../usr/local/lib/android/sdk/platforms/android-36-ext19/data/res/values-mcc312-mnc670-mk: Cannot utime: Operation not permitted
build	Cache Android SDK	2026-06-06T12:22:48.7991065Z /usr/bin/tar: ../../../../../usr/local/lib/android/sdk/platforms/android-36-ext19/data/res/values-mcc312-mnc670-mk: Cannot change mode to rwxr-xr-x: Operation not permitted
build	Cache Android SDK	2026-06-06T12:22:48.7993519Z /usr/bin/tar: ../../../../../usr/local/lib/android/sdk/platforms/android-36-ext19/data/res/values-mcc313-mnc100-fi: Cannot utime: Operation not permitted
build	Cache Android SDK	2026-06-06T12:22:48.7993987Z /usr/bin/tar: ../../../../../usr/local/lib/android/sdk/platforms/android-36-ext19/data/res/values-mcc313-mnc100-fi: Cannot change mode to rwxr-xr-x: Operation not permitted
build	Cache Android SDK	2026-06-06T12:22:48.7996481Z /usr/bin/tar: ../../../../../usr/local/lib/android/sdk/platforms/android-36-ext19/data/res/values-mcc310-mnc200-is: Cannot utime: Operation not permitted
build	Cache Android SDK	2026-06-06T12:22:48.7996953Z /usr/bin/tar: ../../../../../usr/local/lib/android/sdk/platforms/android-36-ext19/data/res/values-mcc310-mnc200-is: Cannot change mode to rwxr-xr-x: Operation not permitted
build	Cache Android SDK	2026-06-06T12:22:48.7999899Z /usr/bin/tar: ../../../../../usr/local/lib/android/sdk/platforms/android-36-ext19/data/res/values-mcc312-mnc670-sw: Cannot utime: Operation not permitted
build	Cache Android SDK	2026-06-06T12:22:48.8000394Z /usr/bin/tar: ../../../../../usr/local/lib/android/sdk/platforms/android-36-ext19/data/res/values-mcc312-mnc670-sw: Cannot change mode to rwxr-xr-x: Operation not permitted
build	Cache Android SDK	2026-06-06T12:22:48.8003092Z /usr/bin/tar: ../../../../../usr/local/lib/android/sdk/platforms/android-36-ext19/data/res/values-mcc310-mnc220-ur: Cannot utime: Operation not permitted
build	Cache Android SDK	2026-06-06T12:22:48.8003567Z /usr/bin/tar: ../../../../../usr/local/lib/android/sdk/platforms/android-36-ext19/data/res/values-mcc310-mnc220-ur: Cannot change mode to rwxr-xr-x: Operation not permitted
build	Cache Android SDK	2026-06-06T12:22:48.8006029Z /usr/bin/tar: ../../../../../usr/local/lib/android/sdk/platforms/android-36-ext19/data/res/values-mcc302-mnc370-hy: Cannot utime: Operation not permitted
build	Cache Android SDK	2026-06-06T12:22:48.8006502Z /usr/bin/tar: ../../../../../usr/local/lib/android/sdk/platforms/android-36-ext19/data/res/values-mcc302-mnc370-hy: Cannot change mode to rwxr-xr-x: Operation not permitted
build	Cache Android SDK	2026-06-06T12:22:48.8009430Z /usr/bin/tar: ../../../../../usr/local/lib/android/sdk/platforms/android-36-ext19/data/res/values-mcc310-mnc250-mn: Cannot utime: Operation not permitted
build	Cache Android SDK	2026-06-06T12:22:48.8009915Z /usr/bin/tar: ../../../../../usr/local/lib/android/sdk/platforms/android-36-ext19/data/res/values-mcc310-mnc250-mn: Cannot change mode to rwxr-xr-x: Operation not permitted
build	Cache Android SDK	2026-06-06T12:22:48.8012820Z /usr/bin/tar: ../../../../../usr/local/lib/android/sdk/platforms/android-36-ext19/data/res/values-mcc310-mnc030-sk: Cannot utime: Operation not permitted
build	Cache Android SDK	2026-06-06T12:22:48.8013300Z /usr/bin/tar: ../../../../../usr/local/lib/android/sdk/platforms/android-36-ext19/data/res/values-mcc310-mnc030-sk: Cannot change mode to rwxr-xr-x: Operation not permitted
build	Cache Android SDK	2026-06-06T12:22:48.8015924Z /usr/bin/tar: ../../../../../usr/local/lib/android/sdk/platforms/android-36-ext19/data/res/values-mcc310-mnc660-cs: Cannot utime: Operation not permitted
build	Cache Android SDK	2026-06-06T12:22:48.8016421Z /usr/bin/tar: ../../../../../usr/local/lib/android/sdk/platforms/android-36-ext19/data/res/values-mcc310-mnc660-cs: Cannot change mode to rwxr-xr-x: Operation not permitted
build	Cache Android SDK	2026-06-06T12:22:48.8019220Z /usr/bin/tar: ../../../../../usr/local/lib/android/sdk/platforms/android-36-ext19/data/res/values-mcc313-mnc100-hy: Cannot utime: Operation not permitted
build	Cache Android SDK	2026-06-06T12:22:48.8019702Z /usr/bin/tar: ../../../../../usr/local/lib/android/sdk/platforms/android-36-ext19/data/res/values-mcc313-mnc100-hy: Cannot change mode to rwxr-xr-x: Operation not permitted
build	Cache Android SDK	2026-06-06T12:22:48.8021999Z /usr/bin/tar: ../../../../../usr/local/lib/android/sdk/platforms/android-36-ext19/data/res/values-mcc310-mnc220-pt-rPT: Cannot utime: Operation not permitted
build	Cache Android SDK	2026-06-06T12:22:48.8022496Z /usr/bin/tar: ../../../../../usr/local/lib/android/sdk/platforms/android-36-ext19/data/res/values-mcc310-mnc220-pt-rPT: Cannot change mode to rwxr-xr-x: Operation not permitted
build	Cache Android SDK	2026-06-06T12:22:48.8024822Z /usr/bin/tar: ../../../../../usr/local/lib/android/sdk/platforms/android-36-ext19/data/res/values-b+sr+Latn-watch: Cannot utime: Operation not permitted
build	Cache Android SDK	2026-06-06T12:22:48.8025408Z /usr/bin/tar: ../../../../../usr/local/lib/android/sdk/platforms/android-36-ext19/data/res/values-b+sr+Latn-watch: Cannot change mode to rwxr-xr-x: Operation not permitted
build	Cache Android SDK	2026-06-06T12:22:48.8028045Z /usr/bin/tar: ../../../../../usr/local/lib/android/sdk/platforms/android-36-ext19/data/res/values-mcc334-mnc020-km: Cannot utime: Operation not permitted
build	Cache Android SDK	2026-06-06T12:22:48.8028530Z /usr/bin/tar: ../../../../../usr/local/lib/android/sdk/platforms/android-36-ext19/data/res/values-mcc334-mnc020-km: Cannot change mode to rwxr-xr-x: Operation not permitted
build	Cache Android SDK	2026-06-06T12:22:48.8031027Z /usr/bin/tar: ../../../../../usr/local/lib/android/sdk/platforms/android-36-ext19/data/res/values-mcc311-mnc180-bn: Cannot utime: Operation not permitted
build	Cache Android SDK	2026-06-06T12:22:48.8031506Z /usr/bin/tar: ../../../../../usr/local/lib/android/sdk/platforms/android-36-ext19/data/res/values-mcc311-mnc180-bn: Cannot change mode to rwxr-xr-x: Operation not permitted
build	Cache Android SDK	2026-06-06T12:22:48.8034122Z /usr/bin/tar: ../../../../../usr/local/lib/android/sdk/platforms/android-36-ext19/data/res/values-mcc334-mnc020-en-rXC: Cannot utime: Operation not permitted
build	Cache Android SDK	2026-06-06T12:22:48.8034631Z /usr/bin/tar: ../../../../../usr/local/lib/android/sdk/platforms/android-36-ext19/data/res/values-mcc334-mnc020-en-rXC: Cannot change mode to rwxr-xr-x: Operation not permitted
build	Cache Android SDK	2026-06-06T12:22:48.8041574Z /usr/bin/tar: ../../../../../usr/local/lib/android/sdk/platforms/android-36-ext19/data/res/values-ro: Cannot utime: Operation not permitted
build	Cache Android SDK	2026-06-06T12:22:48.8042358Z /usr/bin/tar: ../../../../../usr/local/lib/android/sdk/platforms/android-36-ext19/data/res/values-ro: Cannot change mode to rwxr-xr-x: Operation not permitted
build	Cache Android SDK	2026-06-06T12:22:48.8044836Z /usr/bin/tar: ../../../../../usr/local/lib/android/sdk/platforms/android-36-ext19/data/res/values-mcc310-mnc310-cs: Cannot utime: Operation not permitted
build	Cache Android SDK	2026-06-06T12:22:48.8045457Z /usr/bin/tar: ../../../../../usr/local/lib/android/sdk/platforms/android-36-ext19/data/res/values-mcc310-mnc310-cs: Cannot change mode to rwxr-xr-x: Operation not permitted
build	Cache Android SDK	2026-06-06T12:22:48.8048198Z /usr/bin/tar: ../../../../../usr/local/lib/android/sdk/platforms/android-36-ext19/data/res/values-mcc310-mnc210-bs: Cannot utime: Operation not permitted
build	Cache Android SDK	2026-06-06T12:22:48.8048668Z /usr/bin/tar: ../../../../../usr/local/lib/android/sdk/platforms/android-36-ext19/data/res/values-mcc310-mnc210-bs: Cannot change mode to rwxr-xr-x: Operation not permitted
build	Cache Android SDK	2026-06-06T12:22:48.8051660Z /usr/bin/tar: ../../../../../usr/local/lib/android/sdk/platforms/android-36-ext19/data/res/values-mcc310-mnc220-hr: Cannot utime: Operation not permitted
build	Cache Android SDK	2026-06-06T12:22:48.8052127Z /usr/bin/tar: ../../../../../usr/local/lib/android/sdk/platforms/android-36-ext19/data/res/values-mcc310-mnc220-hr: Cannot change mode to rwxr-xr-x: Operation not permitted
build	Cache Android SDK	2026-06-06T12:22:48.8054829Z /usr/bin/tar: ../../../../../usr/local/lib/android/sdk/platforms/android-36-ext19/data/res/values-mcc310-mnc560-hu: Cannot utime: Operation not permitted
build	Cache Android SDK	2026-06-06T12:22:48.8055407Z /usr/bin/tar: ../../../../../usr/local/lib/android/sdk/platforms/android-36-ext19/data/res/values-mcc310-mnc560-hu: Cannot change mode to rwxr-xr-x: Operation not permitted
build	Cache Android SDK	2026-06-06T12:22:48.8057762Z /usr/bin/tar: ../../../../../usr/local/lib/android/sdk/platforms/android-36-ext19/data/res/values-mcc313: Cannot utime: Operation not permitted
build	Cache Android SDK	2026-06-06T12:22:48.8058250Z /usr/bin/tar: ../../../../../usr/local/lib/android/sdk/platforms/android-36-ext19/data/res/values-mcc313: Cannot change mode to rwxr-xr-x: Operation not permitted
build	Cache Android SDK	2026-06-06T12:22:48.8061079Z /usr/bin/tar: ../../../../../usr/local/lib/android/sdk/platforms/android-36-ext19/data/res/values-mcc302-mnc720-uz: Cannot utime: Operation not permitted
build	Cache Android SDK	2026-06-06T12:22:48.8061556Z /usr/bin/tar: ../../../../../usr/local/lib/android/sdk/platforms/android-36-ext19/data/res/values-mcc302-mnc720-uz: Cannot change mode to rwxr-xr-x: Operation not permitted
build	Cache Android SDK	2026-06-06T12:22:48.8064232Z /usr/bin/tar: ../../../../../usr/local/lib/android/sdk/platforms/android-36-ext19/data/res/values-mcc334-mnc020-hi: Cannot utime: Operation not permitted
build	Cache Android SDK	2026-06-06T12:22:48.8064840Z /usr/bin/tar: ../../../../../usr/local/lib/android/sdk/platforms/android-36-ext19/data/res/values-mcc334-mnc020-hi: Cannot change mode to rwxr-xr-x: Operation not permitted
build	Cache Android SDK	2026-06-06T12:22:48.8067321Z /usr/bin/tar: ../../../../../usr/local/lib/android/sdk/platforms/android-36-ext19/data/res/values-mcc310-mnc410-ja: Cannot utime: Operation not permitted
build	Cache Android SDK	2026-06-06T12:22:48.8067969Z /usr/bin/tar: ../../../../../usr/local/lib/android/sdk/platforms/android-36-ext19/data/res/values-mcc310-mnc410-ja: Cannot change mode to rwxr-xr-x: Operation not permitted
build	Cache Android SDK	2026-06-06T12:22:48.8070341Z /usr/bin/tar: ../../../../../usr/local/lib/android/sdk/platforms/android-36-ext19/data/res/values-mcc310-mnc490-gl: Cannot utime: Operation not permitted
build	Cache Android SDK	2026-06-06T12:22:48.8070910Z /usr/bin/tar: ../../../../../usr/local/lib/android/sdk/platforms/android-36-ext19/data/res/values-mcc310-mnc490-gl: Cannot change mode to rwxr-xr-x: Operation not permitted
build	Cache Android SDK	2026-06-06T12:22:48.8073614Z /usr/bin/tar: ../../../../../usr/local/lib/android/sdk/platforms/android-36-ext19/data/res/values-mcc310-mnc310-de: Cannot utime: Operation not permitted
build	Cache Android SDK	2026-06-06T12:22:48.8074089Z /usr/bin/tar: ../../../../../usr/local/lib/android/sdk/platforms/android-36-ext19/data/res/values-mcc310-mnc310-de: Cannot change mode to rwxr-xr-x: Operation not permitted
build	Cache Android SDK	2026-06-06T12:22:48.8076827Z /usr/bin/tar: ../../../../../usr/local/lib/android/sdk/platforms/android-36-ext19/data/res/values-cs-television: Cannot utime: Operation not permitted
build	Cache Android SDK	2026-06-06T12:22:48.8077309Z /usr/bin/tar: ../../../../../usr/local/lib/android/sdk/platforms/android-36-ext19/data/res/values-cs-television: Cannot change mode to rwxr-xr-x: Operation not permitted
build	Cache Android SDK	2026-06-06T12:22:48.8080148Z /usr/bin/tar: ../../../../../usr/local/lib/android/sdk/platforms/android-36-ext19/data/res/values-w192dp-round-watch: Cannot utime: Operation not permitted
build	Cache Android SDK	2026-06-06T12:22:48.8080746Z /usr/bin/tar: ../../../../../usr/local/lib/android/sdk/platforms/android-36-ext19/data/res/values-w192dp-round-watch: Cannot change mode to rwxr-xr-x: Operation not permitted
build	Cache Android SDK	2026-06-06T12:22:48.8083407Z /usr/bin/tar: ../../../../../usr/local/lib/android/sdk/platforms/android-36-ext19/data/res/values-mcc334-mnc03: Cannot utime: Operation not permitted
build	Cache Android SDK	2026-06-06T12:22:48.8083873Z /usr/bin/tar: ../../../../../usr/local/lib/android/sdk/platforms/android-36-ext19/data/res/values-mcc334-mnc03: Cannot change mode to rwxr-xr-x: Operation not permitted
build	Cache Android SDK	2026-06-06T12:22:48.8086439Z /usr/bin/tar: ../../../../../usr/local/lib/android/sdk/platforms/android-36-ext19/data/res/values-mcc312-mnc670-ne: Cannot utime: Operation not permitted
build	Cache Android SDK	2026-06-06T12:22:48.8086910Z /usr/bin/tar: ../../../../../usr/local/lib/android/sdk/platforms/android-36-ext19/data/res/values-mcc312-mnc670-ne: Cannot change mode to rwxr-xr-x: Operation not permitted
build	Cache Android SDK	2026-06-06T12:22:48.8089515Z /usr/bin/tar: ../../../../../usr/local/lib/android/sdk/platforms/android-36-ext19/data/res/values-mcc310-mnc230-en-rIN: Cannot utime: Operation not permitted
build	Cache Android SDK	2026-06-06T12:22:48.8090024Z /usr/bin/tar: ../../../../../usr/local/lib/android/sdk/platforms/android-36-ext19/data/res/values-mcc310-mnc230-en-rIN: Cannot change mode to rwxr-xr-x: Operation not permitted
build	Cache Android SDK	2026-06-06T12:22:48.8092413Z /usr/bin/tar: ../../../../../usr/local/lib/android/sdk/platforms/android-36-ext19/data/res/values-mcc310-mnc150-ne: Cannot utime: Operation not permitted
build	Cache Android SDK	2026-06-06T12:22:48.8092898Z /usr/bin/tar: ../../../../../usr/local/lib/android/sdk/platforms/android-36-ext19/data/res/values-mcc310-mnc150-ne: Cannot change mode to rwxr-xr-x: Operation not permitted
build	Cache Android SDK	2026-06-06T12:22:48.8096060Z /usr/bin/tar: ../../../../../usr/local/lib/android/sdk/platforms/android-36-ext19/data/res/values-mcc310-mnc200-ca: Cannot utime: Operation not permitted
build	Cache Android SDK	2026-06-06T12:22:48.8096555Z /usr/bin/tar: ../../../../../usr/local/lib/android/sdk/platforms/android-36-ext19/data/res/values-mcc310-mnc200-ca: Cannot change mode to rwxr-xr-x: Operation not permitted
build	Cache Android SDK	2026-06-06T12:22:48.8099582Z /usr/bin/tar: ../../../../../usr/local/lib/android/sdk/platforms/android-36-ext19/data/res/values-mcc310-mnc030-km: Cannot utime: Operation not permitted
build	Cache Android SDK	2026-06-06T12:22:48.8100064Z /usr/bin/tar: ../../../../../usr/local/lib/android/sdk/platforms/android-36-ext19/data/res/values-mcc310-mnc030-km: Cannot change mode to rwxr-xr-x: Operation not permitted
build	Cache Android SDK	2026-06-06T12:22:48.8102413Z /usr/bin/tar: ../../../../../usr/local/lib/android/sdk/platforms/android-36-ext19/data/res/values-mcc313-mnc100-pa: Cannot utime: Operation not permitted
build	Cache Android SDK	2026-06-06T12:22:48.8102891Z /usr/bin/tar: ../../../../../usr/local/lib/android/sdk/platforms/android-36-ext19/data/res/values-mcc313-mnc100-pa: Cannot change mode to rwxr-xr-x: Operation not permitted
build	Cache Android SDK	2026-06-06T12:22:48.8105522Z /usr/bin/tar: ../../../../../usr/local/lib/android/sdk/platforms/android-36-ext19/data/res/values-mcc310-mnc150-ru: Cannot utime: Operation not permitted
build	Cache Android SDK	2026-06-06T12:22:48.8106023Z /usr/bin/tar: ../../../../../usr/local/lib/android/sdk/platforms/android-36-ext19/data/res/values-mcc310-mnc150-ru: Cannot change mode to rwxr-xr-x: Operation not permitted
build	Cache Android SDK	2026-06-06T12:22:48.8108889Z /usr/bin/tar: ../../../../../usr/local/lib/android/sdk/platforms/android-36-ext19/data/res/values-mcc310-mnc560-eu: Cannot utime: Operation not permitted
build	Cache Android SDK	2026-06-06T12:22:48.8109772Z /usr/bin/tar: ../../../../../usr/local/lib/android/sdk/platforms/android-36-ext19/data/res/values-mcc310-mnc560-eu: Cannot change mode to rwxr-xr-x: Operation not permitted
build	Cache Android SDK	2026-06-06T12:22:48.8112327Z /usr/bin/tar: ../../../../../usr/local/lib/android/sdk/platforms/android-36-ext19/data/res/values-mcc310-mnc170-zh-rTW: Cannot utime: Operation not permitted
build	Cache Android SDK	2026-06-06T12:22:48.8112823Z /usr/bin/tar: ../../../../../usr/local/lib/android/sdk/platforms/android-36-ext19/data/res/values-mcc310-mnc170-zh-rTW: Cannot change mode to rwxr-xr-x: Operation not permitted
build	Cache Android SDK	2026-06-06T12:22:48.8115552Z /usr/bin/tar: ../../../../../usr/local/lib/android/sdk/platforms/android-36-ext19/data/res/values-lo-television: Cannot utime: Operation not permitted
build	Cache Android SDK	2026-06-06T12:22:48.8116031Z /usr/bin/tar: ../../../../../usr/local/lib/android/sdk/platforms/android-36-ext19/data/res/values-lo-television: Cannot change mode to rwxr-xr-x: Operation not permitted
build	Cache Android SDK	2026-06-06T12:22:48.8119028Z /usr/bin/tar: ../../../../../usr/local/lib/android/sdk/platforms/android-36-ext19/data/res/values-mcc311-mnc180-mr: Cannot utime: Operation not permitted
build	Cache Android SDK	2026-06-06T12:22:48.8119496Z /usr/bin/tar: ../../../../../usr/local/lib/android/sdk/platforms/android-36-ext19/data/res/values-mcc311-mnc180-mr: Cannot change mode to rwxr-xr-x: Operation not permitted
build	Cache Android SDK	2026-06-06T12:22:48.8122243Z /usr/bin/tar: ../../../../../usr/local/lib/android/sdk/platforms/android-36-ext19/data/res/values-mcc001-mnc01-ne: Cannot utime: Operation not permitted
build	Cache Android SDK	2026-06-06T12:22:48.8123021Z /usr/bin/tar: ../../../../../usr/local/lib/android/sdk/platforms/android-36-ext19/data/res/values-mcc001-mnc01-ne: Cannot change mode to rwxr-xr-x: Operation not permitted
build	Cache Android SDK	2026-06-06T12:22:48.8125490Z /usr/bin/tar: ../../../../../usr/local/lib/android/sdk/platforms/android-36-ext19/data/res/values-iw-watch: Cannot utime: Operation not permitted
build	Cache Android SDK	2026-06-06T12:22:48.8125955Z /usr/bin/tar: ../../../../../usr/local/lib/android/sdk/platforms/android-36-ext19/data/res/values-iw-watch: Cannot change mode to rwxr-xr-x: Operation not permitted
build	Cache Android SDK	2026-06-06T12:22:48.8128395Z /usr/bin/tar: ../../../../../usr/local/lib/android/sdk/platforms/android-36-ext19/data/res/values-mcc310-mnc560-it: Cannot utime: Operation not permitted
build	Cache Android SDK	2026-06-06T12:22:48.8128873Z /usr/bin/tar: ../../../../../usr/local/lib/android/sdk/platforms/android-36-ext19/data/res/values-mcc310-mnc560-it: Cannot change mode to rwxr-xr-x: Operation not permitted
build	Cache Android SDK	2026-06-06T12:22:48.8131790Z /usr/bin/tar: ../../../../../usr/local/lib/android/sdk/platforms/android-36-ext19/data/res/values-mcc313-mnc100-it: Cannot utime: Operation not permitted
build	Cache Android SDK	2026-06-06T12:22:48.8132277Z /usr/bin/tar: ../../../../../usr/local/lib/android/sdk/platforms/android-36-ext19/data/res/values-mcc313-mnc100-it: Cannot change mode to rwxr-xr-x: Operation not permitted
build	Cache Android SDK	2026-06-06T12:22:48.8134833Z /usr/bin/tar: ../../../../../usr/local/lib/android/sdk/platforms/android-36-ext19/data/res/values-mcc310-mnc270-pl: Cannot utime: Operation not permitted
build	Cache Android SDK	2026-06-06T12:22:48.8135300Z /usr/bin/tar: ../../../../../usr/local/lib/android/sdk/platforms/android-36-ext19/data/res/values-mcc310-mnc270-pl: Cannot change mode to rwxr-xr-x: Operation not permitted
build	Cache Android SDK	2026-06-06T12:22:48.8138248Z /usr/bin/tar: ../../../../../usr/local/lib/android/sdk/platforms/android-36-ext19/data/res/values-ca-watch: Cannot utime: Operation not permitted
build	Cache Android SDK	2026-06-06T12:22:48.8138762Z /usr/bin/tar: ../../../../../usr/local/lib/android/sdk/platforms/android-36-ext19/data/res/values-ca-watch: Cannot change mode to rwxr-xr-x: Operation not permitted
build	Cache Android SDK	2026-06-06T12:22:48.8141537Z /usr/bin/tar: ../../../../../usr/local/lib/android/sdk/platforms/android-36-ext19/data/res/values-mcc310-mnc380-ja: Cannot utime: Operation not permitted
build	Cache Android SDK	2026-06-06T12:22:48.8142010Z /usr/bin/tar: ../../../../../usr/local/lib/android/sdk/platforms/android-36-ext19/data/res/values-mcc310-mnc380-ja: Cannot change mode to rwxr-xr-x: Operation not permitted
build	Cache Android SDK	2026-06-06T12:22:48.8203785Z /usr/bin/tar: ../../../../../usr/local/lib/android/sdk/platforms/android-36-ext19/data/res/values: Cannot utime: Operation not permitted
build	Cache Android SDK	2026-06-06T12:22:48.8204279Z /usr/bin/tar: ../../../../../usr/local/lib/android/sdk/platforms/android-36-ext19/data/res/values: Cannot change mode to rwxr-xr-x: Operation not permitted
build	Cache Android SDK	2026-06-06T12:22:48.8206768Z /usr/bin/tar: ../../../../../usr/local/lib/android/sdk/platforms/android-36-ext19/data/res/raw-zh-rCN: Cannot utime: Operation not permitted
build	Cache Android SDK	2026-06-06T12:22:48.8207233Z /usr/bin/tar: ../../../../../usr/local/lib/android/sdk/platforms/android-36-ext19/data/res/raw-zh-rCN: Cannot change mode to rwxr-xr-x: Operation not permitted
build	Cache Android SDK	2026-06-06T12:22:48.8210319Z /usr/bin/tar: ../../../../../usr/local/lib/android/sdk/platforms/android-36-ext19/data/res/values-mcc310-mnc280-ro: Cannot utime: Operation not permitted
build	Cache Android SDK	2026-06-06T12:22:48.8210807Z /usr/bin/tar: ../../../../../usr/local/lib/android/sdk/platforms/android-36-ext19/data/res/values-mcc310-mnc280-ro: Cannot change mode to rwxr-xr-x: Operation not permitted
build	Cache Android SDK	2026-06-06T12:22:48.8213619Z /usr/bin/tar: ../../../../../usr/local/lib/android/sdk/platforms/android-36-ext19/data/res/values-mcc310-mnc250-en-rGB: Cannot utime: Operation not permitted
build	Cache Android SDK	2026-06-06T12:22:48.8214113Z /usr/bin/tar: ../../../../../usr/local/lib/android/sdk/platforms/android-36-ext19/data/res/values-mcc310-mnc250-en-rGB: Cannot change mode to rwxr-xr-x: Operation not permitted
build	Cache Android SDK	2026-06-06T12:22:48.8217168Z /usr/bin/tar: ../../../../../usr/local/lib/android/sdk/platforms/android-36-ext19/data/res/values-es-rCO: Cannot utime: Operation not permitted
build	Cache Android SDK	2026-06-06T12:22:48.8217991Z /usr/bin/tar: ../../../../../usr/local/lib/android/sdk/platforms/android-36-ext19/data/res/values-es-rCO: Cannot change mode to rwxr-xr-x: Operation not permitted
build	Cache Android SDK	2026-06-06T12:22:48.8220355Z /usr/bin/tar: ../../../../../usr/local/lib/android/sdk/platforms/android-36-ext19/data/res/values-mcc310-mnc170-uz: Cannot utime: Operation not permitted
build	Cache Android SDK	2026-06-06T12:22:48.8220824Z /usr/bin/tar: ../../../../../usr/local/lib/android/sdk/platforms/android-36-ext19/data/res/values-mcc310-mnc170-uz: Cannot change mode to rwxr-xr-x: Operation not permitted
build	Cache Android SDK	2026-06-06T12:22:48.8223895Z /usr/bin/tar: ../../../../../usr/local/lib/android/sdk/platforms/android-36-ext19/data/res/values-mcc310-mnc950-is: Cannot utime: Operation not permitted
build	Cache Android SDK	2026-06-06T12:22:48.8224369Z /usr/bin/tar: ../../../../../usr/local/lib/android/sdk/platforms/android-36-ext19/data/res/values-mcc310-mnc950-is: Cannot change mode to rwxr-xr-x: Operation not permitted
build	Cache Android SDK	2026-06-06T12:22:48.8226814Z /usr/bin/tar: ../../../../../usr/local/lib/android/sdk/platforms/android-36-ext19/data/res/values-pt-watch: Cannot utime: Operation not permitted
build	Cache Android SDK	2026-06-06T12:22:48.8227630Z /usr/bin/tar: ../../../../../usr/local/lib/android/sdk/platforms/android-36-ext19/data/res/values-pt-watch: Cannot change mode to rwxr-xr-x: Operation not permitted
build	Cache Android SDK	2026-06-06T12:22:48.8230734Z /usr/bin/tar: ../../../../../usr/local/lib/android/sdk/platforms/android-36-ext19/data/res/values-mcc313-mnc100-pl: Cannot utime: Operation not permitted
build	Cache Android SDK	2026-06-06T12:22:48.8231598Z /usr/bin/tar: ../../../../../usr/local/lib/android/sdk/platforms/android-36-ext19/data/res/values-mcc313-mnc100-pl: Cannot change mode to rwxr-xr-x: Operation not permitted
build	Cache Android SDK	2026-06-06T12:22:48.8234041Z /usr/bin/tar: ../../../../../usr/local/lib/android/sdk/platforms/android-36-ext19/data/res/values-mcc001-mnc01-vi: Cannot utime: Operation not permitted
build	Cache Android SDK	2026-06-06T12:22:48.8234523Z /usr/bin/tar: ../../../../../usr/local/lib/android/sdk/platforms/android-36-ext19/data/res/values-mcc001-mnc01-vi: Cannot change mode to rwxr-xr-x: Operation not permitted
build	Cache Android SDK	2026-06-06T12:22:48.8237151Z /usr/bin/tar: ../../../../../usr/local/lib/android/sdk/platforms/android-36-ext19/data/res/values-mcc313-mnc100-lv: Cannot utime: Operation not permitted
build	Cache Android SDK	2026-06-06T12:22:48.8237833Z /usr/bin/tar: ../../../../../usr/local/lib/android/sdk/platforms/android-36-ext19/data/res/values-mcc313-mnc100-lv: Cannot change mode to rwxr-xr-x: Operation not permitted
build	Cache Android SDK	2026-06-06T12:22:48.8241794Z /usr/bin/tar: ../../../../../usr/local/lib/android/sdk/platforms/android-36-ext19/data/res/values-mcc302-mnc720-gu: Cannot utime: Operation not permitted
build	Cache Android SDK	2026-06-06T12:22:48.8242295Z /usr/bin/tar: ../../../../../usr/local/lib/android/sdk/platforms/android-36-ext19/data/res/values-mcc302-mnc720-gu: Cannot change mode to rwxr-xr-x: Operation not permitted
build	Cache Android SDK	2026-06-06T12:22:48.8244919Z /usr/bin/tar: ../../../../../usr/local/lib/android/sdk/platforms/android-36-ext19/data/res/values-mcc302-mnc370-zh-rCN: Cannot utime: Operation not permitted
build	Cache Android SDK	2026-06-06T12:22:48.8245519Z /usr/bin/tar: ../../../../../usr/local/lib/android/sdk/platforms/android-36-ext19/data/res/values-mcc302-mnc370-zh-rCN: Cannot change mode to rwxr-xr-x: Operation not permitted
build	Cache Android SDK	2026-06-06T12:22:48.8248430Z /usr/bin/tar: ../../../../../usr/local/lib/android/sdk/platforms/android-36-ext19/data/res/values-th-watch: Cannot utime: Operation not permitted
build	Cache Android SDK	2026-06-06T12:22:48.8248916Z /usr/bin/tar: ../../../../../usr/local/lib/android/sdk/platforms/android-36-ext19/data/res/values-th-watch: Cannot change mode to rwxr-xr-x: Operation not permitted
build	Cache Android SDK	2026-06-06T12:22:48.8251701Z /usr/bin/tar: ../../../../../usr/local/lib/android/sdk/platforms/android-36-ext19/data/res/values-mcc310-mnc250-ta: Cannot utime: Operation not permitted
build	Cache Android SDK	2026-06-06T12:22:48.8252209Z /usr/bin/tar: ../../../../../usr/local/lib/android/sdk/platforms/android-36-ext19/data/res/values-mcc310-mnc250-ta: Cannot change mode to rwxr-xr-x: Operation not permitted
build	Cache Android SDK	2026-06-06T12:22:48.8254946Z /usr/bin/tar: ../../../../../usr/local/lib/android/sdk/platforms/android-36-ext19/data/res/values-mcc310-mnc560-mk: Cannot utime: Operation not permitted
build	Cache Android SDK	2026-06-06T12:22:48.8255559Z /usr/bin/tar: ../../../../../usr/local/lib/android/sdk/platforms/android-36-ext19/data/res/values-mcc310-mnc560-mk: Cannot change mode to rwxr-xr-x: Operation not permitted
build	Cache Android SDK	2026-06-06T12:22:48.8260782Z /usr/bin/tar: ../../../../../usr/local/lib/android/sdk/platforms/android-36-ext19/data/res/values-mcc466-mnc02: Cannot utime: Operation not permitted
build	Cache Android SDK	2026-06-06T12:22:48.8261245Z /usr/bin/tar: ../../../../../usr/local/lib/android/sdk/platforms/android-36-ext19/data/res/values-mcc466-mnc02: Cannot change mode to rwxr-xr-x: Operation not permitted
build	Cache Android SDK	2026-06-06T12:22:48.8264033Z /usr/bin/tar: ../../../../../usr/local/lib/android/sdk/platforms/android-36-ext19/data/res/values-mcc310-mnc030: Cannot utime: Operation not permitted
build	Cache Android SDK	2026-06-06T12:22:48.8264492Z /usr/bin/tar: ../../../../../usr/local/lib/android/sdk/platforms/android-36-ext19/data/res/values-mcc310-mnc030: Cannot change mode to rwxr-xr-x: Operation not permitted
build	Cache Android SDK	2026-06-06T12:22:48.8267320Z /usr/bin/tar: ../../../../../usr/local/lib/android/sdk/platforms/android-36-ext19/data/res/values-mcc310-mnc150-sq: Cannot utime: Operation not permitted
build	Cache Android SDK	2026-06-06T12:22:48.8267983Z /usr/bin/tar: ../../../../../usr/local/lib/android/sdk/platforms/android-36-ext19/data/res/values-mcc310-mnc150-sq: Cannot change mode to rwxr-xr-x: Operation not permitted
build	Cache Android SDK	2026-06-06T12:22:48.8270341Z /usr/bin/tar: ../../../../../usr/local/lib/android/sdk/platforms/android-36-ext19/data/res/values-mcc310-mnc220-uz: Cannot utime: Operation not permitted
build	Cache Android SDK	2026-06-06T12:22:48.8270806Z /usr/bin/tar: ../../../../../usr/local/lib/android/sdk/platforms/android-36-ext19/data/res/values-mcc310-mnc220-uz: Cannot change mode to rwxr-xr-x: Operation not permitted
build	Cache Android SDK	2026-06-06T12:22:48.8273469Z /usr/bin/tar: ../../../../../usr/local/lib/android/sdk/platforms/android-36-ext19/data/res/values-mcc310-mnc380-es-rUS: Cannot utime: Operation not permitted
build	Cache Android SDK	2026-06-06T12:22:48.8274073Z /usr/bin/tar: ../../../../../usr/local/lib/android/sdk/platforms/android-36-ext19/data/res/values-mcc310-mnc380-es-rUS: Cannot change mode to rwxr-xr-x: Operation not permitted
build	Cache Android SDK	2026-06-06T12:22:48.8276682Z /usr/bin/tar: ../../../../../usr/local/lib/android/sdk/platforms/android-36-ext19/data/res/values-hu-watch: Cannot utime: Operation not permitted
build	Cache Android SDK	2026-06-06T12:22:48.8277116Z /usr/bin/tar: ../../../../../usr/local/lib/android/sdk/platforms/android-36-ext19/data/res/values-hu-watch: Cannot change mode to rwxr-xr-x: Operation not permitted
build	Cache Android SDK	2026-06-06T12:22:48.8280121Z /usr/bin/tar: ../../../../../usr/local/lib/android/sdk/platforms/android-36-ext19/data/res/values-mcc311-mnc180-et: Cannot utime: Operation not permitted
build	Cache Android SDK	2026-06-06T12:22:48.8280582Z /usr/bin/tar: ../../../../../usr/local/lib/android/sdk/platforms/android-36-ext19/data/res/values-mcc311-mnc180-et: Cannot change mode to rwxr-xr-x: Operation not permitted
build	Cache Android SDK	2026-06-06T12:22:48.8283689Z /usr/bin/tar: ../../../../../usr/local/lib/android/sdk/platforms/android-36-ext19/data/res/values-mcc310-mnc800-my: Cannot utime: Operation not permitted
build	Cache Android SDK	2026-06-06T12:22:48.8284530Z /usr/bin/tar: ../../../../../usr/local/lib/android/sdk/platforms/android-36-ext19/data/res/values-mcc310-mnc800-my: Cannot change mode to rwxr-xr-x: Operation not permitted
build	Cache Android SDK	2026-06-06T12:22:48.8287024Z /usr/bin/tar: ../../../../../usr/local/lib/android/sdk/platforms/android-36-ext19/data/res/values-mcc310-mnc150-pl: Cannot utime: Operation not permitted
build	Cache Android SDK	2026-06-06T12:22:48.8287698Z /usr/bin/tar: ../../../../../usr/local/lib/android/sdk/platforms/android-36-ext19/data/res/values-mcc310-mnc150-pl: Cannot change mode to rwxr-xr-x: Operation not permitted
build	Cache Android SDK	2026-06-06T12:22:48.8291243Z /usr/bin/tar: ../../../../../usr/local/lib/android/sdk/platforms/android-36-ext19/data/res/values-mcc302-mnc370-ja: Cannot utime: Operation not permitted
build	Cache Android SDK	2026-06-06T12:22:48.8291743Z /usr/bin/tar: ../../../../../usr/local/lib/android/sdk/platforms/android-36-ext19/data/res/values-mcc302-mnc370-ja: Cannot change mode to rwxr-xr-x: Operation not permitted
build	Cache Android SDK	2026-06-06T12:22:48.8296686Z /usr/bin/tar: ../../../../../usr/local/lib/android/sdk/platforms/android-36-ext19/data/res/values-mcc302-mnc370-my: Cannot utime: Operation not permitted
build	Cache Android SDK	2026-06-06T12:22:48.8297183Z /usr/bin/tar: ../../../../../usr/local/lib/android/sdk/platforms/android-36-ext19/data/res/values-mcc302-mnc370-my: Cannot change mode to rwxr-xr-x: Operation not permitted
build	Cache Android SDK	2026-06-06T12:22:48.8305651Z /usr/bin/tar: ../../../../../usr/local/lib/android/sdk/platforms/android-36-ext19/data/res/drawable-sw600dp-xhdpi: Cannot utime: Operation not permitted
build	Cache Android SDK	2026-06-06T12:22:48.8306264Z /usr/bin/tar: ../../../../../usr/local/lib/android/sdk/platforms/android-36-ext19/data/res/drawable-sw600dp-xhdpi: Cannot change mode to rwxr-xr-x: Operation not permitted
build	Cache Android SDK	2026-06-06T12:22:48.8308180Z /usr/bin/tar: ../../../../../usr/local/lib/android/sdk/platforms/android-36-ext19/data/res/values-mcc510-mnc89: Cannot utime: Operation not permitted
build	Cache Android SDK	2026-06-06T12:22:48.8308761Z /usr/bin/tar: ../../../../../usr/local/lib/android/sdk/platforms/android-36-ext19/data/res/values-mcc510-mnc89: Cannot change mode to rwxr-xr-x: Operation not permitted
build	Cache Android SDK	2026-06-06T12:22:48.8311429Z /usr/bin/tar: ../../../../../usr/local/lib/android/sdk/platforms/android-36-ext19/data/res/values-mcc313-mnc100-gl: Cannot utime: Operation not permitted
build	Cache Android SDK	2026-06-06T12:22:48.8311896Z /usr/bin/tar: ../../../../../usr/local/lib/android/sdk/platforms/android-36-ext19/data/res/values-mcc313-mnc100-gl: Cannot change mode to rwxr-xr-x: Operation not permitted
build	Cache Android SDK	2026-06-06T12:22:48.8314689Z /usr/bin/tar: ../../../../../usr/local/lib/android/sdk/platforms/android-36-ext19/data/res/values-mcc310-mnc490-da: Cannot utime: Operation not permitted
build	Cache Android SDK	2026-06-06T12:22:48.8315153Z /usr/bin/tar: ../../../../../usr/local/lib/android/sdk/platforms/android-36-ext19/data/res/values-mcc310-mnc490-da: Cannot change mode to rwxr-xr-x: Operation not permitted
build	Cache Android SDK	2026-06-06T12:22:48.8318039Z /usr/bin/tar: ../../../../../usr/local/lib/android/sdk/platforms/android-36-ext19/data/res/values-mcc310-mnc240-uz: Cannot utime: Operation not permitted
build	Cache Android SDK	2026-06-06T12:22:48.8318507Z /usr/bin/tar: ../../../../../usr/local/lib/android/sdk/platforms/android-36-ext19/data/res/values-mcc310-mnc240-uz: Cannot change mode to rwxr-xr-x: Operation not permitted
build	Cache Android SDK	2026-06-06T12:22:48.8321530Z /usr/bin/tar: ../../../../../usr/local/lib/android/sdk/platforms/android-36-ext19/data/res/values-mcc310-mnc170-ky: Cannot utime: Operation not permitted
build	Cache Android SDK	2026-06-06T12:22:48.8321996Z /usr/bin/tar: ../../../../../usr/local/lib/android/sdk/platforms/android-36-ext19/data/res/values-mcc310-mnc170-ky: Cannot change mode to rwxr-xr-x: Operation not permitted
build	Cache Android SDK	2026-06-06T12:22:48.8325378Z /usr/bin/tar: ../../../../../usr/local/lib/android/sdk/platforms/android-36-ext19/data/res/values-mcc310-mnc950-az: Cannot utime: Operation not permitted
build	Cache Android SDK	2026-06-06T12:22:48.8327042Z /usr/bin/tar: ../../../../../usr/local/lib/android/sdk/platforms/android-36-ext19/data/res/values-mcc310-mnc950-az: Cannot change mode to rwxr-xr-x: Operation not permitted
build	Cache Android SDK	2026-06-06T12:22:48.8329560Z /usr/bin/tar: ../../../../../usr/local/lib/android/sdk/platforms/android-36-ext19/data/res/values-mcc310-mnc220-zh-rTW: Cannot utime: Operation not permitted
build	Cache Android SDK	2026-06-06T12:22:48.8331723Z /usr/bin/tar: ../../../../../usr/local/lib/android/sdk/platforms/android-36-ext19/data/res/values-mcc310-mnc220-zh-rTW: Cannot change mode to rwxr-xr-x: Operation not permitted
build	Cache Android SDK	2026-06-06T12:22:48.8333842Z /usr/bin/tar: ../../../../../usr/local/lib/android/sdk/platforms/android-36-ext19/data/res/values-mcc310-mnc150-ky: Cannot utime: Operation not permitted
build	Cache Android SDK	2026-06-06T12:22:48.8335855Z /usr/bin/tar: ../../../../../usr/local/lib/android/sdk/platforms/android-36-ext19/data/res/values-mcc310-mnc150-ky: Cannot change mode to rwxr-xr-x: Operation not permitted
build	Cache Android SDK	2026-06-06T12:22:48.8338059Z /usr/bin/tar: ../../../../../usr/local/lib/android/sdk/platforms/android-36-ext19/data/res/values-mcc310-mnc950-hi: Cannot utime: Operation not permitted
build	Cache Android SDK	2026-06-06T12:22:48.8340004Z /usr/bin/tar: ../../../../../usr/local/lib/android/sdk/platforms/android-36-ext19/data/res/values-mcc310-mnc950-hi: Cannot change mode to rwxr-xr-x: Operation not permitted
build	Cache Android SDK	2026-06-06T12:22:48.8341704Z /usr/bin/tar: ../../../../../usr/local/lib/android/sdk/platforms/android-36-ext19/data/res/values-mcc310-mnc250-th: Cannot utime: Operation not permitted
build	Cache Android SDK	2026-06-06T12:22:48.8343195Z /usr/bin/tar: ../../../../../usr/local/lib/android/sdk/platforms/android-36-ext19/data/res/values-mcc310-mnc250-th: Cannot change mode to rwxr-xr-x: Operation not permitted
build	Cache Android SDK	2026-06-06T12:22:48.8345617Z /usr/bin/tar: ../../../../../usr/local/lib/android/sdk/platforms/android-36-ext19/data/res/values-round-watch: Cannot utime: Operation not permitted
build	Cache Android SDK	2026-06-06T12:22:48.8347024Z /usr/bin/tar: ../../../../../usr/local/lib/android/sdk/platforms/android-36-ext19/data/res/values-round-watch: Cannot change mode to rwxr-xr-x: Operation not permitted
build	Cache Android SDK	2026-06-06T12:22:48.8349364Z /usr/bin/tar: ../../../../../usr/local/lib/android/sdk/platforms/android-36-ext19/data/res/values-mcc310-mnc160-te: Cannot utime: Operation not permitted
build	Cache Android SDK	2026-06-06T12:22:48.8350459Z /usr/bin/tar: ../../../../../usr/local/lib/android/sdk/platforms/android-36-ext19/data/res/values-mcc310-mnc160-te: Cannot change mode to rwxr-xr-x: Operation not permitted
build	Cache Android SDK	2026-06-06T12:22:48.8353450Z /usr/bin/tar: ../../../../../usr/local/lib/android/sdk/platforms/android-36-ext19/data/res/color-watch: Cannot utime: Operation not permitted
build	Cache Android SDK	2026-06-06T12:22:48.8354404Z /usr/bin/tar: ../../../../../usr/local/lib/android/sdk/platforms/android-36-ext19/data/res/color-watch: Cannot change mode to rwxr-xr-x: Operation not permitted
build	Cache Android SDK	2026-06-06T12:22:48.8356703Z /usr/bin/tar: ../../../../../usr/local/lib/android/sdk/platforms/android-36-ext19/data/res/values-mcc310-mnc950-mr: Cannot utime: Operation not permitted
build	Cache Android SDK	2026-06-06T12:22:48.8357833Z /usr/bin/tar: ../../../../../usr/local/lib/android/sdk/platforms/android-36-ext19/data/res/values-mcc310-mnc950-mr: Cannot change mode to rwxr-xr-x: Operation not permitted
build	Cache Android SDK	2026-06-06T12:22:48.8359624Z /usr/bin/tar: ../../../../../usr/local/lib/android/sdk/platforms/android-36-ext19/data/res/values-mcc312-mnc670-is: Cannot utime: Operation not permitted
build	Cache Android SDK	2026-06-06T12:22:48.8360602Z /usr/bin/tar: ../../../../../usr/local/lib/android/sdk/platforms/android-36-ext19/data/res/values-mcc312-mnc670-is: Cannot change mode to rwxr-xr-x: Operation not permitted
build	Cache Android SDK	2026-06-06T12:22:48.8362691Z /usr/bin/tar: ../../../../../usr/local/lib/android/sdk/platforms/android-36-ext19/data/res/values-mcc310-mnc030-it: Cannot utime: Operation not permitted
build	Cache Android SDK	2026-06-06T12:22:48.8363652Z /usr/bin/tar: ../../../../../usr/local/lib/android/sdk/platforms/android-36-ext19/data/res/values-mcc310-mnc030-it: Cannot change mode to rwxr-xr-x: Operation not permitted
build	Cache Android SDK	2026-06-06T12:22:48.8365807Z /usr/bin/tar: ../../../../../usr/local/lib/android/sdk/platforms/android-36-ext19/data/res/values-mcc313-mnc100-ky: Cannot utime: Operation not permitted
build	Cache Android SDK	2026-06-06T12:22:48.8366865Z /usr/bin/tar: ../../../../../usr/local/lib/android/sdk/platforms/android-36-ext19/data/res/values-mcc313-mnc100-ky: Cannot change mode to rwxr-xr-x: Operation not permitted
build	Cache Android SDK	2026-06-06T12:22:48.8369518Z /usr/bin/tar: ../../../../../usr/local/lib/android/sdk/platforms/android-36-ext19/data/res/values-mcc311-mnc180-en-rAU: Cannot utime: Operation not permitted
build	Cache Android SDK	2026-06-06T12:22:48.8370658Z /usr/bin/tar: ../../../../../usr/local/lib/android/sdk/platforms/android-36-ext19/data/res/values-mcc311-mnc180-en-rAU: Cannot change mode to rwxr-xr-x: Operation not permitted
build	Cache Android SDK	2026-06-06T12:22:48.8372686Z /usr/bin/tar: ../../../../../usr/local/lib/android/sdk/platforms/android-36-ext19/data/res/values-mcc310-mnc490-sr: Cannot utime: Operation not permitted
build	Cache Android SDK	2026-06-06T12:22:48.8373646Z /usr/bin/tar: ../../../../../usr/local/lib/android/sdk/platforms/android-36-ext19/data/res/values-mcc310-mnc490-sr: Cannot change mode to rwxr-xr-x: Operation not permitted
build	Cache Android SDK	2026-06-06T12:22:48.8375827Z /usr/bin/tar: ../../../../../usr/local/lib/android/sdk/platforms/android-36-ext19/data/res/values-mcc310-mnc560-uz: Cannot utime: Operation not permitted
build	Cache Android SDK	2026-06-06T12:22:48.8377009Z /usr/bin/tar: ../../../../../usr/local/lib/android/sdk/platforms/android-36-ext19/data/res/values-mcc310-mnc560-uz: Cannot change mode to rwxr-xr-x: Operation not permitted
build	Cache Android SDK	2026-06-06T12:22:48.8378868Z /usr/bin/tar: ../../../../../usr/local/lib/android/sdk/platforms/android-36-ext19/data/res/values-mcc310-mnc490-sw: Cannot utime: Operation not permitted
build	Cache Android SDK	2026-06-06T12:22:48.8379921Z /usr/bin/tar: ../../../../../usr/local/lib/android/sdk/platforms/android-36-ext19/data/res/values-mcc310-mnc490-sw: Cannot change mode to rwxr-xr-x: Operation not permitted
build	Cache Android SDK	2026-06-06T12:22:48.8382682Z /usr/bin/tar: ../../../../../usr/local/lib/android/sdk/platforms/android-36-ext19/data/res/values-mcc302-mnc370-is: Cannot utime: Operation not permitted
build	Cache Android SDK	2026-06-06T12:22:48.8383973Z /usr/bin/tar: ../../../../../usr/local/lib/android/sdk/platforms/android-36-ext19/data/res/values-mcc302-mnc370-is: Cannot change mode to rwxr-xr-x: Operation not permitted
build	Cache Android SDK	2026-06-06T12:22:48.8385843Z /usr/bin/tar: ../../../../../usr/local/lib/android/sdk/platforms/android-36-ext19/data/res/values-mcc302-mnc610: Cannot utime: Operation not permitted
build	Cache Android SDK	2026-06-06T12:22:48.8386962Z /usr/bin/tar: ../../../../../usr/local/lib/android/sdk/platforms/android-36-ext19/data/res/values-mcc302-mnc610: Cannot change mode to rwxr-xr-x: Operation not permitted
build	Cache Android SDK	2026-06-06T12:22:48.8390339Z /usr/bin/tar: ../../../../../usr/local/lib/android/sdk/platforms/android-36-ext19/data/res/values-mcc310-mnc800-el: Cannot utime: Operation not permitted
build	Cache Android SDK	2026-06-06T12:22:48.8391359Z /usr/bin/tar: ../../../../../usr/local/lib/android/sdk/platforms/android-36-ext19/data/res/values-mcc310-mnc800-el: Cannot change mode to rwxr-xr-x: Operation not permitted
build	Cache Android SDK	2026-06-06T12:22:48.8393492Z /usr/bin/tar: ../../../../../usr/local/lib/android/sdk/platforms/android-36-ext19/data/res/values-mcc302-mnc720-gl: Cannot utime: Operation not permitted
build	Cache Android SDK	2026-06-06T12:22:48.8394601Z /usr/bin/tar: ../../../../../usr/local/lib/android/sdk/platforms/android-36-ext19/data/res/values-mcc302-mnc720-gl: Cannot change mode to rwxr-xr-x: Operation not permitted
build	Cache Android SDK	2026-06-06T12:22:48.8396609Z /usr/bin/tar: ../../../../../usr/local/lib/android/sdk/platforms/android-36-ext19/data/res/values-nl-television: Cannot utime: Operation not permitted
build	Cache Android SDK	2026-06-06T12:22:48.8397767Z /usr/bin/tar: ../../../../../usr/local/lib/android/sdk/platforms/android-36-ext19/data/res/values-nl-television: Cannot change mode to rwxr-xr-x: Operation not permitted
build	Cache Android SDK	2026-06-06T12:22:48.8400210Z /usr/bin/tar: ../../../../../usr/local/lib/android/sdk/platforms/android-36-ext19/data/res/values-mcc334-mnc020-mk: Cannot utime: Operation not permitted
build	Cache Android SDK	2026-06-06T12:22:48.8401180Z /usr/bin/tar: ../../../../../usr/local/lib/android/sdk/platforms/android-36-ext19/data/res/values-mcc334-mnc020-mk: Cannot change mode to rwxr-xr-x: Operation not permitted
build	Cache Android SDK	2026-06-06T12:22:48.8403365Z /usr/bin/tar: ../../../../../usr/local/lib/android/sdk/platforms/android-36-ext19/data/res/values-mcc310-mnc950-de: Cannot utime: Operation not permitted
build	Cache Android SDK	2026-06-06T12:22:48.8404447Z /usr/bin/tar: ../../../../../usr/local/lib/android/sdk/platforms/android-36-ext19/data/res/values-mcc310-mnc950-de: Cannot change mode to rwxr-xr-x: Operation not permitted
build	Cache Android SDK	2026-06-06T12:22:48.8406475Z /usr/bin/tar: ../../../../../usr/local/lib/android/sdk/platforms/android-36-ext19/data/res/values-mcc310-mnc270-lt: Cannot utime: Operation not permitted
build	Cache Android SDK	2026-06-06T12:22:48.8407761Z /usr/bin/tar: ../../../../../usr/local/lib/android/sdk/platforms/android-36-ext19/data/res/values-mcc310-mnc270-lt: Cannot change mode to rwxr-xr-x: Operation not permitted
build	Cache Android SDK	2026-06-06T12:22:48.8409689Z /usr/bin/tar: ../../../../../usr/local/lib/android/sdk/platforms/android-36-ext19/data/res/values-mcc310-mnc410-sk: Cannot utime: Operation not permitted
build	Cache Android SDK	2026-06-06T12:22:48.8410642Z /usr/bin/tar: ../../../../../usr/local/lib/android/sdk/platforms/android-36-ext19/data/res/values-mcc310-mnc410-sk: Cannot change mode to rwxr-xr-x: Operation not permitted
build	Cache Android SDK	2026-06-06T12:22:48.8413086Z /usr/bin/tar: ../../../../../usr/local/lib/android/sdk/platforms/android-36-ext19/data/res/values-mcc001-mnc01-sq: Cannot utime: Operation not permitted
build	Cache Android SDK	2026-06-06T12:22:48.8414183Z /usr/bin/tar: ../../../../../usr/local/lib/android/sdk/platforms/android-36-ext19/data/res/values-mcc001-mnc01-sq: Cannot change mode to rwxr-xr-x: Operation not permitted
build	Cache Android SDK	2026-06-06T12:22:48.8417167Z /usr/bin/tar: ../../../../../usr/local/lib/android/sdk/platforms/android-36-ext19/data/res/values-mcc310-mnc230-sl: Cannot utime: Operation not permitted
build	Cache Android SDK	2026-06-06T12:22:48.8418361Z /usr/bin/tar: ../../../../../usr/local/lib/android/sdk/platforms/android-36-ext19/data/res/values-mcc310-mnc230-sl: Cannot change mode to rwxr-xr-x: Operation not permitted
build	Cache Android SDK	2026-06-06T12:22:48.8420377Z /usr/bin/tar: ../../../../../usr/local/lib/android/sdk/platforms/android-36-ext19/data/res/values-mcc310-mnc240-en-rIN: Cannot utime: Operation not permitted
build	Cache Android SDK	2026-06-06T12:22:48.8421384Z /usr/bin/tar: ../../../../../usr/local/lib/android/sdk/platforms/android-36-ext19/data/res/values-mcc310-mnc240-en-rIN: Cannot change mode to rwxr-xr-x: Operation not permitted
build	Cache Android SDK	2026-06-06T12:22:48.8423743Z /usr/bin/tar: ../../../../../usr/local/lib/android/sdk/platforms/android-36-ext19/data/res/values-mcc310-mnc560-my: Cannot utime: Operation not permitted
build	Cache Android SDK	2026-06-06T12:22:48.8424816Z /usr/bin/tar: ../../../../../usr/local/lib/android/sdk/platforms/android-36-ext19/data/res/values-mcc310-mnc560-my: Cannot change mode to rwxr-xr-x: Operation not permitted
build	Cache Android SDK	2026-06-06T12:22:48.8426774Z /usr/bin/tar: ../../../../../usr/local/lib/android/sdk/platforms/android-36-ext19/data/res/values-mcc001-mnc01-ca: Cannot utime: Operation not permitted
build	Cache Android SDK	2026-06-06T12:22:48.8428134Z /usr/bin/tar: ../../../../../usr/local/lib/android/sdk/platforms/android-36-ext19/data/res/values-mcc001-mnc01-ca: Cannot change mode to rwxr-xr-x: Operation not permitted
build	Cache Android SDK	2026-06-06T12:22:48.8430207Z /usr/bin/tar: ../../../../../usr/local/lib/android/sdk/platforms/android-36-ext19/data/res/values-mcc310-mnc220-be: Cannot utime: Operation not permitted
build	Cache Android SDK	2026-06-06T12:22:48.8431286Z /usr/bin/tar: ../../../../../usr/local/lib/android/sdk/platforms/android-36-ext19/data/res/values-mcc310-mnc220-be: Cannot change mode to rwxr-xr-x: Operation not permitted
build	Cache Android SDK	2026-06-06T12:22:48.8435165Z /usr/bin/tar: ../../../../../usr/local/lib/android/sdk/platforms/android-36-ext19/data/res/values-mcc334-mnc020-fi: Cannot utime: Operation not permitted
build	Cache Android SDK	2026-06-06T12:22:48.8436244Z /usr/bin/tar: ../../../../../usr/local/lib/android/sdk/platforms/android-36-ext19/data/res/values-mcc334-mnc020-fi: Cannot change mode to rwxr-xr-x: Operation not permitted
build	Cache Android SDK	2026-06-06T12:22:48.8438741Z /usr/bin/tar: ../../../../../usr/local/lib/android/sdk/platforms/android-36-ext19/data/res/values-mcc302-mnc370-kk: Cannot utime: Operation not permitted
build	Cache Android SDK	2026-06-06T12:22:48.8439707Z /usr/bin/tar: ../../../../../usr/local/lib/android/sdk/platforms/android-36-ext19/data/res/values-mcc302-mnc370-kk: Cannot change mode to rwxr-xr-x: Operation not permitted
build	Cache Android SDK	2026-06-06T12:22:48.8441889Z /usr/bin/tar: ../../../../../usr/local/lib/android/sdk/platforms/android-36-ext19/data/res/values-mcc311-mnc180-kk: Cannot utime: Operation not permitted
build	Cache Android SDK	2026-06-06T12:22:48.8442860Z /usr/bin/tar: ../../../../../usr/local/lib/android/sdk/platforms/android-36-ext19/data/res/values-mcc311-mnc180-kk: Cannot change mode to rwxr-xr-x: Operation not permitted
build	Cache Android SDK	2026-06-06T12:22:48.8446202Z /usr/bin/tar: ../../../../../usr/local/lib/android/sdk/platforms/android-36-ext19/data/res/drawable-round-watch: Cannot utime: Operation not permitted
build	Cache Android SDK	2026-06-06T12:22:48.8447247Z /usr/bin/tar: ../../../../../usr/local/lib/android/sdk/platforms/android-36-ext19/data/res/drawable-round-watch: Cannot change mode to rwxr-xr-x: Operation not permitted
build	Cache Android SDK	2026-06-06T12:22:48.8449207Z /usr/bin/tar: ../../../../../usr/local/lib/android/sdk/platforms/android-36-ext19/data/res/values-pt-rPT-television: Cannot utime: Operation not permitted
build	Cache Android SDK	2026-06-06T12:22:48.8450217Z /usr/bin/tar: ../../../../../usr/local/lib/android/sdk/platforms/android-36-ext19/data/res/values-pt-rPT-television: Cannot change mode to rwxr-xr-x: Operation not permitted
build	Cache Android SDK	2026-06-06T12:22:48.8452622Z /usr/bin/tar: ../../../../../usr/local/lib/android/sdk/platforms/android-36-ext19/data/res/values-mcc302-mnc720-ur: Cannot utime: Operation not permitted
build	Cache Android SDK	2026-06-06T12:22:48.8453595Z /usr/bin/tar: ../../../../../usr/local/lib/android/sdk/platforms/android-36-ext19/data/res/values-mcc302-mnc720-ur: Cannot change mode to rwxr-xr-x: Operation not permitted
build	Cache Android SDK	2026-06-06T12:22:48.8749258Z /usr/bin/tar: ../../../../../usr/local/lib/android/sdk/platforms/android-36-ext19/data/res/drawable-xxhdpi: Cannot utime: Operation not permitted
build	Cache Android SDK	2026-06-06T12:22:48.8751120Z /usr/bin/tar: ../../../../../usr/local/lib/android/sdk/platforms/android-36-ext19/data/res/drawable-xxhdpi: Cannot change mode to rwxr-xr-x: Operation not permitted
build	Cache Android SDK	2026-06-06T12:22:48.8752536Z /usr/bin/tar: ../../../../../usr/local/lib/android/sdk/platforms/android-36-ext19/data/res/values-mcc310-mnc380-th: Cannot utime: Operation not permitted
build	Cache Android SDK	2026-06-06T12:22:48.8753613Z /usr/bin/tar: ../../../../../usr/local/lib/android/sdk/platforms/android-36-ext19/data/res/values-mcc310-mnc380-th: Cannot change mode to rwxr-xr-x: Operation not permitted
build	Cache Android SDK	2026-06-06T12:22:48.8755883Z /usr/bin/tar: ../../../../../usr/local/lib/android/sdk/platforms/android-36-ext19/data/res/values-mcc310-mnc380-en-rXC: Cannot utime: Operation not permitted
build	Cache Android SDK	2026-06-06T12:22:48.8756884Z /usr/bin/tar: ../../../../../usr/local/lib/android/sdk/platforms/android-36-ext19/data/res/values-mcc310-mnc380-en-rXC: Cannot change mode to rwxr-xr-x: Operation not permitted
build	Cache Android SDK	2026-06-06T12:22:48.8760242Z /usr/bin/tar: ../../../../../usr/local/lib/android/sdk/platforms/android-36-ext19/data/res/values-mcc310-mnc410-es: Cannot utime: Operation not permitted
build	Cache Android SDK	2026-06-06T12:22:48.8761229Z /usr/bin/tar: ../../../../../usr/local/lib/android/sdk/platforms/android-36-ext19/data/res/values-mcc310-mnc410-es: Cannot change mode to rwxr-xr-x: Operation not permitted
build	Cache Android SDK	2026-06-06T12:22:48.8763625Z /usr/bin/tar: ../../../../../usr/local/lib/android/sdk/platforms/android-36-ext19/data/res/values-mcc310-mnc660-pt-rBR: Cannot utime: Operation not permitted
build	Cache Android SDK	2026-06-06T12:22:48.8764642Z /usr/bin/tar: ../../../../../usr/local/lib/android/sdk/platforms/android-36-ext19/data/res/values-mcc310-mnc660-pt-rBR: Cannot change mode to rwxr-xr-x: Operation not permitted
build	Cache Android SDK	2026-06-06T12:22:48.8767641Z /usr/bin/tar: ../../../../../usr/local/lib/android/sdk/platforms/android-36-ext19/data/res/values-mcc310-mnc250-ka: Cannot utime: Operation not permitted
build	Cache Android SDK	2026-06-06T12:22:48.8768734Z /usr/bin/tar: ../../../../../usr/local/lib/android/sdk/platforms/android-36-ext19/data/res/values-mcc310-mnc250-ka: Cannot change mode to rwxr-xr-x: Operation not permitted
build	Cache Android SDK	2026-06-06T12:22:48.8770467Z /usr/bin/tar: ../../../../../usr/local/lib/android/sdk/platforms/android-36-ext19/data/res/values-mcc310-mnc800-lt: Cannot utime: Operation not permitted
build	Cache Android SDK	2026-06-06T12:22:48.8771511Z /usr/bin/tar: ../../../../../usr/local/lib/android/sdk/platforms/android-36-ext19/data/res/values-mcc310-mnc800-lt: Cannot change mode to rwxr-xr-x: Operation not permitted
build	Cache Android SDK	2026-06-06T12:22:48.8773503Z /usr/bin/tar: ../../../../../usr/local/lib/android/sdk/platforms/android-36-ext19/data/res/values-my-watch: Cannot utime: Operation not permitted
build	Cache Android SDK	2026-06-06T12:22:48.8774420Z /usr/bin/tar: ../../../../../usr/local/lib/android/sdk/platforms/android-36-ext19/data/res/values-my-watch: Cannot change mode to rwxr-xr-x: Operation not permitted
build	Cache Android SDK	2026-06-06T12:22:48.8776800Z /usr/bin/tar: ../../../../../usr/local/lib/android/sdk/platforms/android-36-ext19/data/res/values-mcc310-mnc950-sl: Cannot utime: Operation not permitted
build	Cache Android SDK	2026-06-06T12:22:48.8778000Z /usr/bin/tar: ../../../../../usr/local/lib/android/sdk/platforms/android-36-ext19/data/res/values-mcc310-mnc950-sl: Cannot change mode to rwxr-xr-x: Operation not permitted
build	Cache Android SDK	2026-06-06T12:22:48.8915701Z /usr/bin/tar: ../../../../../usr/local/lib/android/sdk/platforms/android-36-ext19/data/res/values-uz: Cannot utime: Operation not permitted
build	Cache Android SDK	2026-06-06T12:22:48.8917319Z /usr/bin/tar: ../../../../../usr/local/lib/android/sdk/platforms/android-36-ext19/data/res/values-uz: Cannot change mode to rwxr-xr-x: Operation not permitted
build	Cache Android SDK	2026-06-06T12:22:48.8919318Z /usr/bin/tar: ../../../../../usr/local/lib/android/sdk/platforms/android-36-ext19/data/res/values-mcc310-mnc380-mr: Cannot utime: Operation not permitted
build	Cache Android SDK	2026-06-06T12:22:48.8920285Z /usr/bin/tar: ../../../../../usr/local/lib/android/sdk/platforms/android-36-ext19/data/res/values-mcc310-mnc380-mr: Cannot change mode to rwxr-xr-x: Operation not permitted
build	Cache Android SDK	2026-06-06T12:22:48.8926380Z /usr/bin/tar: ../../../../../usr/local/lib/android/sdk/platforms/android-36-ext19/data/res/values-mcc310-mnc160-kk: Cannot utime: Operation not permitted
build	Cache Android SDK	2026-06-06T12:22:48.8927570Z /usr/bin/tar: ../../../../../usr/local/lib/android/sdk/platforms/android-36-ext19/data/res/values-mcc310-mnc160-kk: Cannot change mode to rwxr-xr-x: Operation not permitted
build	Cache Android SDK	2026-06-06T12:22:48.8930261Z /usr/bin/tar: ../../../../../usr/local/lib/android/sdk/platforms/android-36-ext19/data/res/values-mcc310-mnc240-is: Cannot utime: Operation not permitted
build	Cache Android SDK	2026-06-06T12:22:48.8932660Z /usr/bin/tar: ../../../../../usr/local/lib/android/sdk/platforms/android-36-ext19/data/res/values-mcc310-mnc240-is: Cannot change mode to rwxr-xr-x: Operation not permitted
build	Cache Android SDK	2026-06-06T12:22:48.8934457Z /usr/bin/tar: ../../../../../usr/local/lib/android/sdk/platforms/android-36-ext19/data/res/values-mcc313-mnc100: Cannot utime: Operation not permitted
build	Cache Android SDK	2026-06-06T12:22:48.8935942Z /usr/bin/tar: ../../../../../usr/local/lib/android/sdk/platforms/android-36-ext19/data/res/values-mcc313-mnc100: Cannot change mode to rwxr-xr-x: Operation not permitted
build	Cache Android SDK	2026-06-06T12:22:48.8937834Z /usr/bin/tar: ../../../../../usr/local/lib/android/sdk/platforms/android-36-ext19/data/res/values-mcc313-mnc100-mk: Cannot utime: Operation not permitted
build	Cache Android SDK	2026-06-06T12:22:48.8939350Z /usr/bin/tar: ../../../../../usr/local/lib/android/sdk/platforms/android-36-ext19/data/res/values-mcc313-mnc100-mk: Cannot change mode to rwxr-xr-x: Operation not permitted
build	Cache Android SDK	2026-06-06T12:22:48.8941099Z /usr/bin/tar: ../../../../../usr/local/lib/android/sdk/platforms/android-36-ext19/data/res/values-mcc310-mnc030-bg: Cannot utime: Operation not permitted
build	Cache Android SDK	2026-06-06T12:22:48.8942571Z /usr/bin/tar: ../../../../../usr/local/lib/android/sdk/platforms/android-36-ext19/data/res/values-mcc310-mnc030-bg: Cannot change mode to rwxr-xr-x: Operation not permitted
build	Cache Android SDK	2026-06-06T12:22:48.8944145Z /usr/bin/tar: ../../../../../usr/local/lib/android/sdk/platforms/android-36-ext19/data/res/values-hi-watch: Cannot utime: Operation not permitted
build	Cache Android SDK	2026-06-06T12:22:48.8945741Z /usr/bin/tar: ../../../../../usr/local/lib/android/sdk/platforms/android-36-ext19/data/res/values-hi-watch: Cannot change mode to rwxr-xr-x: Operation not permitted
build	Cache Android SDK	2026-06-06T12:22:48.8948172Z /usr/bin/tar: ../../../../../usr/local/lib/android/sdk/platforms/android-36-ext19/data/res/values-mcc310-mnc160-ru: Cannot utime: Operation not permitted
build	Cache Android SDK	2026-06-06T12:22:48.8949361Z /usr/bin/tar: ../../../../../usr/local/lib/android/sdk/platforms/android-36-ext19/data/res/values-mcc310-mnc160-ru: Cannot change mode to rwxr-xr-x: Operation not permitted
build	Cache Android SDK	2026-06-06T12:22:48.8952041Z /usr/bin/tar: ../../../../../usr/local/lib/android/sdk/platforms/android-36-ext19/data/res/values-mcc310-mnc240-km: Cannot utime: Operation not permitted
build	Cache Android SDK	2026-06-06T12:22:48.8953144Z /usr/bin/tar: ../../../../../usr/local/lib/android/sdk/platforms/android-36-ext19/data/res/values-mcc310-mnc240-km: Cannot change mode to rwxr-xr-x: Operation not permitted
build	Cache Android SDK	2026-06-06T12:22:48.8954817Z /usr/bin/tar: ../../../../../usr/local/lib/android/sdk/platforms/android-36-ext19/data/res/values-mcc310-mnc270-ro: Cannot utime: Operation not permitted
build	Cache Android SDK	2026-06-06T12:22:48.8955772Z /usr/bin/tar: ../../../../../usr/local/lib/android/sdk/platforms/android-36-ext19/data/res/values-mcc310-mnc270-ro: Cannot change mode to rwxr-xr-x: Operation not permitted
build	Cache Android SDK	2026-06-06T12:22:48.8959089Z /usr/bin/tar: ../../../../../usr/local/lib/android/sdk/platforms/android-36-ext19/data/res/values-ko-television: Cannot utime: Operation not permitted
build	Cache Android SDK	2026-06-06T12:22:48.8960724Z /usr/bin/tar: ../../../../../usr/local/lib/android/sdk/platforms/android-36-ext19/data/res/values-ko-television: Cannot change mode to rwxr-xr-x: Operation not permitted
build	Cache Android SDK	2026-06-06T12:22:48.8962521Z /usr/bin/tar: ../../../../../usr/local/lib/android/sdk/platforms/android-36-ext19/data/res/values-mcc310-mnc230-ja: Cannot utime: Operation not permitted
build	Cache Android SDK	2026-06-06T12:22:48.8963841Z /usr/bin/tar: ../../../../../usr/local/lib/android/sdk/platforms/android-36-ext19/data/res/values-mcc310-mnc230-ja: Cannot change mode to rwxr-xr-x: Operation not permitted
build	Cache Android SDK	2026-06-06T12:22:48.8967045Z /usr/bin/tar: ../../../../../usr/local/lib/android/sdk/platforms/android-36-ext19/data/res/values-mcc312-mnc670-kk: Cannot utime: Operation not permitted
build	Cache Android SDK	2026-06-06T12:22:48.8968551Z /usr/bin/tar: ../../../../../usr/local/lib/android/sdk/platforms/android-36-ext19/data/res/values-mcc312-mnc670-kk: Cannot change mode to rwxr-xr-x: Operation not permitted
build	Cache Android SDK	2026-06-06T12:22:48.8970297Z /usr/bin/tar: ../../../../../usr/local/lib/android/sdk/platforms/android-36-ext19/data/res/values-sw360dp: Cannot utime: Operation not permitted
build	Cache Android SDK	2026-06-06T12:22:48.8971325Z /usr/bin/tar: ../../../../../usr/local/lib/android/sdk/platforms/android-36-ext19/data/res/values-sw360dp: Cannot change mode to rwxr-xr-x: Operation not permitted
build	Cache Android SDK	2026-06-06T12:22:48.8972998Z /usr/bin/tar: ../../../../../usr/local/lib/android/sdk/platforms/android-36-ext19/data/res/values-mcc310-mnc150-sw: Cannot utime: Operation not permitted
build	Cache Android SDK	2026-06-06T12:22:48.8974711Z /usr/bin/tar: ../../../../../usr/local/lib/android/sdk/platforms/android-36-ext19/data/res/values-mcc310-mnc150-sw: Cannot change mode to rwxr-xr-x: Operation not permitted
build	Cache Android SDK	2026-06-06T12:22:48.8983257Z /usr/bin/tar: ../../../../../usr/local/lib/android/sdk/platforms/android-36-ext19/data/res/values-ar: Cannot utime: Operation not permitted
build	Cache Android SDK	2026-06-06T12:22:48.8985890Z /usr/bin/tar: ../../../../../usr/local/lib/android/sdk/platforms/android-36-ext19/data/res/values-ar: Cannot change mode to rwxr-xr-x: Operation not permitted
build	Cache Android SDK	2026-06-06T12:22:48.9001511Z /usr/bin/tar: ../../../../../usr/local/lib/android/sdk/platforms/android-36-ext19/data/res/values-mcc310-mnc660-en-rAU: Cannot utime: Operation not permitted
build	Cache Android SDK	2026-06-06T12:22:48.9003241Z /usr/bin/tar: ../../../../../usr/local/lib/android/sdk/platforms/android-36-ext19/data/res/values-mcc310-mnc660-en-rAU: Cannot change mode to rwxr-xr-x: Operation not permitted
build	Cache Android SDK	2026-06-06T12:22:48.9004933Z /usr/bin/tar: ../../../../../usr/local/lib/android/sdk/platforms/android-36-ext19/data/res/values-mcc310-mnc230-sw: Cannot utime: Operation not permitted
build	Cache Android SDK	2026-06-06T12:22:48.9006644Z /usr/bin/tar: ../../../../../usr/local/lib/android/sdk/platforms/android-36-ext19/data/res/values-mcc310-mnc230-sw: Cannot change mode to rwxr-xr-x: Operation not permitted
build	Cache Android SDK	2026-06-06T12:22:48.9008660Z /usr/bin/tar: ../../../../../usr/local/lib/android/sdk/platforms/android-36-ext19/data/res/values-mcc310-mnc280-ky: Cannot utime: Operation not permitted
build	Cache Android SDK	2026-06-06T12:22:48.9009746Z /usr/bin/tar: ../../../../../usr/local/lib/android/sdk/platforms/android-36-ext19/data/res/values-mcc310-mnc280-ky: Cannot change mode to rwxr-xr-x: Operation not permitted
build	Cache Android SDK	2026-06-06T12:22:48.9010697Z /usr/bin/tar: ../../../../../usr/local/lib/android/sdk/platforms/android-36-ext19/data/res/values-mcc310-mnc490-mk: Cannot utime: Operation not permitted
build	Cache Android SDK	2026-06-06T12:22:48.9012026Z /usr/bin/tar: ../../../../../usr/local/lib/android/sdk/platforms/android-36-ext19/data/res/values-mcc310-mnc490-mk: Cannot change mode to rwxr-xr-x: Operation not permitted
build	Cache Android SDK	2026-06-06T12:22:48.9013093Z /usr/bin/tar: ../../../../../usr/local/lib/android/sdk/platforms/android-36-ext19/data/res/values-mcc310-mnc200-fr: Cannot utime: Operation not permitted
build	Cache Android SDK	2026-06-06T12:22:48.9014044Z /usr/bin/tar: ../../../../../usr/local/lib/android/sdk/platforms/android-36-ext19/data/res/values-mcc310-mnc200-fr: Cannot change mode to rwxr-xr-x: Operation not permitted
build	Cache Android SDK	2026-06-06T12:22:48.9015491Z /usr/bin/tar: ../../../../../usr/local/lib/android/sdk/platforms/android-36-ext19/data/res/values-mcc310-mnc150-fi: Cannot utime: Operation not permitted
build	Cache Android SDK	2026-06-06T12:22:48.9017267Z /usr/bin/tar: ../../../../../usr/local/lib/android/sdk/platforms/android-36-ext19/data/res/values-mcc310-mnc150-fi: Cannot change mode to rwxr-xr-x: Operation not permitted
build	Cache Android SDK	2026-06-06T12:22:48.9018595Z /usr/bin/tar: ../../../../../usr/local/lib/android/sdk/platforms/android-36-ext19/data/res/values-mcc310-mnc560-kk: Cannot utime: Operation not permitted
build	Cache Android SDK	2026-06-06T12:22:48.9019960Z /usr/bin/tar: ../../../../../usr/local/lib/android/sdk/platforms/android-36-ext19/data/res/values-mcc310-mnc560-kk: Cannot change mode to rwxr-xr-x: Operation not permitted
build	Cache Android SDK	2026-06-06T12:22:48.9021755Z /usr/bin/tar: ../../../../../usr/local/lib/android/sdk/platforms/android-36-ext19/data/res/values-mcc310-mnc220-nl: Cannot utime: Operation not permitted
build	Cache Android SDK	2026-06-06T12:22:48.9022790Z /usr/bin/tar: ../../../../../usr/local/lib/android/sdk/platforms/android-36-ext19/data/res/values-mcc310-mnc220-nl: Cannot change mode to rwxr-xr-x: Operation not permitted
build	Cache Android SDK	2026-06-06T12:22:48.9024459Z /usr/bin/tar: ../../../../../usr/local/lib/android/sdk/platforms/android-36-ext19/data/res/values-mcc310-mnc800-bn: Cannot utime: Operation not permitted
build	Cache Android SDK	2026-06-06T12:22:48.9025416Z /usr/bin/tar: ../../../../../usr/local/lib/android/sdk/platforms/android-36-ext19/data/res/values-mcc310-mnc800-bn: Cannot change mode to rwxr-xr-x: Operation not permitted
build	Cache Android SDK	2026-06-06T12:22:48.9026395Z /usr/bin/tar: ../../../../../usr/local/lib/android/sdk/platforms/android-36-ext19/data/res/values-mcc310-mnc950-pt-rPT: Cannot utime: Operation not permitted
build	Cache Android SDK	2026-06-06T12:22:48.9028058Z /usr/bin/tar: ../../../../../usr/local/lib/android/sdk/platforms/android-36-ext19/data/res/values-mcc310-mnc950-pt-rPT: Cannot change mode to rwxr-xr-x: Operation not permitted
build	Cache Android SDK	2026-06-06T12:22:48.9029991Z /usr/bin/tar: ../../../../../usr/local/lib/android/sdk/platforms/android-36-ext19/data/res/values-mcc001-mnc01-de: Cannot utime: Operation not permitted
build	Cache Android SDK	2026-06-06T12:22:48.9031801Z /usr/bin/tar: ../../../../../usr/local/lib/android/sdk/platforms/android-36-ext19/data/res/values-mcc001-mnc01-de: Cannot change mode to rwxr-xr-x: Operation not permitted
build	Cache Android SDK	2026-06-06T12:22:48.9033532Z /usr/bin/tar: ../../../../../usr/local/lib/android/sdk/platforms/android-36-ext19/data/res/values-mcc310-mnc210-nb: Cannot utime: Operation not permitted
build	Cache Android SDK	2026-06-06T12:22:48.9035221Z /usr/bin/tar: ../../../../../usr/local/lib/android/sdk/platforms/android-36-ext19/data/res/values-mcc310-mnc210-nb: Cannot change mode to rwxr-xr-x: Operation not permitted
build	Cache Android SDK	2026-06-06T12:22:48.9089013Z /usr/bin/tar: ../../../../../usr/local/lib/android/sdk/platforms/android-36-ext19/data/res/values-fa: Cannot utime: Operation not permitted
build	Cache Android SDK	2026-06-06T12:22:48.9091007Z /usr/bin/tar: ../../../../../usr/local/lib/android/sdk/platforms/android-36-ext19/data/res/values-fa: Cannot change mode to rwxr-xr-x: Operation not permitted
build	Cache Android SDK	2026-06-06T12:22:48.9096301Z /usr/bin/tar: ../../../../../usr/local/lib/android/sdk/platforms/android-36-ext19/data/res/values-mcc310-mnc380-ms: Cannot utime: Operation not permitted
build	Cache Android SDK	2026-06-06T12:22:48.9103462Z /usr/bin/tar: ../../../../../usr/local/lib/android/sdk/platforms/android-36-ext19/data/res/values-mcc310-mnc380-ms: Cannot change mode to rwxr-xr-x: Operation not permitted
build	Cache Android SDK	2026-06-06T12:22:48.9107615Z /usr/bin/tar: ../../../../../usr/local/lib/android/sdk/platforms/android-36-ext19/data/res/values-mcc310-mnc310-tl: Cannot utime: Operation not permitted
build	Cache Android SDK	2026-06-06T12:22:48.9110426Z /usr/bin/tar: ../../../../../usr/local/lib/android/sdk/platforms/android-36-ext19/data/res/values-mcc310-mnc310-tl: Cannot change mode to rwxr-xr-x: Operation not permitted
build	Cache Android SDK	2026-06-06T12:22:48.9111732Z /usr/bin/tar: ../../../../../usr/local/lib/android/sdk/platforms/android-36-ext19/data/res/xml-mdpi: Cannot utime: Operation not permitted
build	Cache Android SDK	2026-06-06T12:22:48.9113531Z /usr/bin/tar: ../../../../../usr/local/lib/android/sdk/platforms/android-36-ext19/data/res/xml-mdpi: Cannot change mode to rwxr-xr-x: Operation not permitted
build	Cache Android SDK	2026-06-06T12:22:48.9114848Z /usr/bin/tar: ../../../../../usr/local/lib/android/sdk/platforms/android-36-ext19/data/res/values-mcc310-mnc150-zh-rTW: Cannot utime: Operation not permitted
build	Cache Android SDK	2026-06-06T12:22:48.9115843Z /usr/bin/tar: ../../../../../usr/local/lib/android/sdk/platforms/android-36-ext19/data/res/values-mcc310-mnc150-zh-rTW: Cannot change mode to rwxr-xr-x: Operation not permitted
build	Cache Android SDK	2026-06-06T12:22:48.9116816Z /usr/bin/tar: ../../../../../usr/local/lib/android/sdk/platforms/android-36-ext19/data/res/values-mcc334-mnc020-zh-rHK: Cannot utime: Operation not permitted
build	Cache Android SDK	2026-06-06T12:22:48.9118191Z /usr/bin/tar: ../../../../../usr/local/lib/android/sdk/platforms/android-36-ext19/data/res/values-mcc334-mnc020-zh-rHK: Cannot change mode to rwxr-xr-x: Operation not permitted
build	Cache Android SDK	2026-06-06T12:22:48.9119507Z /usr/bin/tar: ../../../../../usr/local/lib/android/sdk/platforms/android-36-ext19/data/res/values-mcc310-mnc250-es-rUS: Cannot utime: Operation not permitted
build	Cache Android SDK	2026-06-06T12:22:48.9121125Z /usr/bin/tar: ../../../../../usr/local/lib/android/sdk/platforms/android-36-ext19/data/res/values-mcc310-mnc250-es-rUS: Cannot change mode to rwxr-xr-x: Operation not permitted
build	Cache Android SDK	2026-06-06T12:22:48.9122358Z /usr/bin/tar: ../../../../../usr/local/lib/android/sdk/platforms/android-36-ext19/data/res/values-mcc310-mnc800-uz: Cannot utime: Operation not permitted
build	Cache Android SDK	2026-06-06T12:22:48.9123313Z /usr/bin/tar: ../../../../../usr/local/lib/android/sdk/platforms/android-36-ext19/data/res/values-mcc310-mnc800-uz: Cannot change mode to rwxr-xr-x: Operation not permitted
build	Cache Android SDK	2026-06-06T12:22:48.9158261Z /usr/bin/tar: ../../../../../usr/local/lib/android/sdk/platforms/android-36-ext19/data/res/values-mcc310-mnc660-th: Cannot utime: Operation not permitted
build	Cache Android SDK	2026-06-06T12:22:48.9159256Z /usr/bin/tar: ../../../../../usr/local/lib/android/sdk/platforms/android-36-ext19/data/res/values-mcc310-mnc660-th: Cannot change mode to rwxr-xr-x: Operation not permitted
build	Cache Android SDK	2026-06-06T12:22:48.9162075Z /usr/bin/tar: ../../../../../usr/local/lib/android/sdk/platforms/android-36-ext19/data/res/values-mcc310-mnc490-ru: Cannot utime: Operation not permitted
build	Cache Android SDK	2026-06-06T12:22:48.9163824Z /usr/bin/tar: ../../../../../usr/local/lib/android/sdk/platforms/android-36-ext19/data/res/values-mcc310-mnc490-ru: Cannot change mode to rwxr-xr-x: Operation not permitted
build	Cache Android SDK	2026-06-06T12:22:48.9165997Z /usr/bin/tar: ../../../../../usr/local/lib/android/sdk/platforms/android-36-ext19/data/res/values-mcc312-mnc670-in: Cannot utime: Operation not permitted
build	Cache Android SDK	2026-06-06T12:22:48.9167899Z /usr/bin/tar: ../../../../../usr/local/lib/android/sdk/platforms/android-36-ext19/data/res/values-mcc312-mnc670-in: Cannot change mode to rwxr-xr-x: Operation not permitted
build	Cache Android SDK	2026-06-06T12:22:48.9169746Z /usr/bin/tar: ../../../../../usr/local/lib/android/sdk/platforms/android-36-ext19/data/res/values-mcc310-mnc310-bn: Cannot utime: Operation not permitted
build	Cache Android SDK	2026-06-06T12:22:48.9171692Z /usr/bin/tar: ../../../../../usr/local/lib/android/sdk/platforms/android-36-ext19/data/res/values-mcc310-mnc310-bn: Cannot change mode to rwxr-xr-x: Operation not permitted
build	Cache Android SDK	2026-06-06T12:22:48.9173504Z /usr/bin/tar: ../../../../../usr/local/lib/android/sdk/platforms/android-36-ext19/data/res/values-mcc310-mnc280: Cannot utime: Operation not permitted
build	Cache Android SDK	2026-06-06T12:22:48.9175230Z /usr/bin/tar: ../../../../../usr/local/lib/android/sdk/platforms/android-36-ext19/data/res/values-mcc310-mnc280: Cannot change mode to rwxr-xr-x: Operation not permitted
build	Cache Android SDK	2026-06-06T12:22:48.9177030Z /usr/bin/tar: ../../../../../usr/local/lib/android/sdk/platforms/android-36-ext19/data/res/values-mcc310-mnc310-ca: Cannot utime: Operation not permitted
build	Cache Android SDK	2026-06-06T12:22:48.9178820Z /usr/bin/tar: ../../../../../usr/local/lib/android/sdk/platforms/android-36-ext19/data/res/values-mcc310-mnc310-ca: Cannot change mode to rwxr-xr-x: Operation not permitted
build	Cache Android SDK	2026-06-06T12:22:48.9180715Z /usr/bin/tar: ../../../../../usr/local/lib/android/sdk/platforms/android-36-ext19/data/res/values-mcc310-mnc490-gu: Cannot utime: Operation not permitted
build	Cache Android SDK	2026-06-06T12:22:48.9182643Z /usr/bin/tar: ../../../../../usr/local/lib/android/sdk/platforms/android-36-ext19/data/res/values-mcc310-mnc490-gu: Cannot change mode to rwxr-xr-x: Operation not permitted
build	Cache Android SDK	2026-06-06T12:22:48.9184351Z /usr/bin/tar: ../../../../../usr/local/lib/android/sdk/platforms/android-36-ext19/data/res/values-mcc334-mnc020-as: Cannot utime: Operation not permitted
build	Cache Android SDK	2026-06-06T12:22:48.9186123Z /usr/bin/tar: ../../../../../usr/local/lib/android/sdk/platforms/android-36-ext19/data/res/values-mcc334-mnc020-as: Cannot change mode to rwxr-xr-x: Operation not permitted
build	Cache Android SDK	2026-06-06T12:22:48.9199654Z /usr/bin/tar: ../../../../../usr/local/lib/android/sdk/platforms/android-36-ext19/data/res/values-mcc001-mnc01-th: Cannot utime: Operation not permitted
build	Cache Android SDK	2026-06-06T12:22:48.9200776Z /usr/bin/tar: ../../../../../usr/local/lib/android/sdk/platforms/android-36-ext19/data/res/values-mcc001-mnc01-th: Cannot change mode to rwxr-xr-x: Operation not permitted
build	Cache Android SDK	2026-06-06T12:22:48.9203615Z /usr/bin/tar: ../../../../../usr/local/lib/android/sdk/platforms/android-36-ext19/data/res/values-mcc310-mnc150-iw: Cannot utime: Operation not permitted
build	Cache Android SDK	2026-06-06T12:22:48.9205669Z /usr/bin/tar: ../../../../../usr/local/lib/android/sdk/platforms/android-36-ext19/data/res/values-mcc310-mnc150-iw: Cannot change mode to rwxr-xr-x: Operation not permitted
build	Cache Android SDK	2026-06-06T12:22:48.9213723Z /usr/bin/tar: ../../../../../usr/local/lib/android/sdk/platforms/android-36-ext19/data/res/values-mcc440-mnc20: Cannot utime: Operation not permitted
build	Cache Android SDK	2026-06-06T12:22:48.9215829Z /usr/bin/tar: ../../../../../usr/local/lib/android/sdk/platforms/android-36-ext19/data/res/values-mcc440-mnc20: Cannot change mode to rwxr-xr-x: Operation not permitted
build	Cache Android SDK	2026-06-06T12:22:48.9219031Z /usr/bin/tar: ../../../../../usr/local/lib/android/sdk/platforms/android-36-ext19/data/res/values-mcc310-mnc030-ky: Cannot utime: Operation not permitted
build	Cache Android SDK	2026-06-06T12:22:48.9220957Z /usr/bin/tar: ../../../../../usr/local/lib/android/sdk/platforms/android-36-ext19/data/res/values-mcc310-mnc030-ky: Cannot change mode to rwxr-xr-x: Operation not permitted
build	Cache Android SDK	2026-06-06T12:22:48.9223380Z /usr/bin/tar: ../../../../../usr/local/lib/android/sdk/platforms/android-36-ext19/data/res/values-mcc230: Cannot utime: Operation not permitted
build	Cache Android SDK	2026-06-06T12:22:48.9225292Z /usr/bin/tar: ../../../../../usr/local/lib/android/sdk/platforms/android-36-ext19/data/res/values-mcc230: Cannot change mode to rwxr-xr-x: Operation not permitted
build	Cache Android SDK	2026-06-06T12:22:48.9227026Z /usr/bin/tar: ../../../../../usr/local/lib/android/sdk/platforms/android-36-ext19/data/res/values-mcc310-mnc800-mk: Cannot utime: Operation not permitted
build	Cache Android SDK	2026-06-06T12:22:48.9228422Z /usr/bin/tar: ../../../../../usr/local/lib/android/sdk/platforms/android-36-ext19/data/res/values-mcc310-mnc800-mk: Cannot change mode to rwxr-xr-x: Operation not permitted
build	Cache Android SDK	2026-06-06T12:22:48.9237924Z /usr/bin/tar: ../../../../../usr/local/lib/android/sdk/platforms/android-36-ext19/data/res/values-mcc310-mnc410-th: Cannot utime: Operation not permitted
build	Cache Android SDK	2026-06-06T12:22:48.9240022Z /usr/bin/tar: ../../../../../usr/local/lib/android/sdk/platforms/android-36-ext19/data/res/values-mcc310-mnc410-th: Cannot change mode to rwxr-xr-x: Operation not permitted
build	Cache Android SDK	2026-06-06T12:22:48.9243599Z /usr/bin/tar: ../../../../../usr/local/lib/android/sdk/platforms/android-36-ext19/data/res/values-mcc310-mnc200-mr: Cannot utime: Operation not permitted
build	Cache Android SDK	2026-06-06T12:22:48.9244824Z /usr/bin/tar: ../../../../../usr/local/lib/android/sdk/platforms/android-36-ext19/data/res/values-mcc310-mnc200-mr: Cannot change mode to rwxr-xr-x: Operation not permitted
build	Cache Android SDK	2026-06-06T12:22:49.0018664Z /usr/bin/tar: ../../../../../usr/local/lib/android/sdk/platforms/android-36-ext19/data/res/drawable-hdpi: Cannot utime: Operation not permitted
build	Cache Android SDK	2026-06-06T12:22:49.0020403Z /usr/bin/tar: ../../../../../usr/local/lib/android/sdk/platforms/android-36-ext19/data/res/drawable-hdpi: Cannot change mode to rwxr-xr-x: Operation not permitted
build	Cache Android SDK	2026-06-06T12:22:49.0022548Z /usr/bin/tar: ../../../../../usr/local/lib/android/sdk/platforms/android-36-ext19/data/res/values-mcc310-mnc380-pl: Cannot utime: Operation not permitted
build	Cache Android SDK	2026-06-06T12:22:49.0024534Z /usr/bin/tar: ../../../../../usr/local/lib/android/sdk/platforms/android-36-ext19/data/res/values-mcc310-mnc380-pl: Cannot change mode to rwxr-xr-x: Operation not permitted
build	Cache Android SDK	2026-06-06T12:22:49.0030922Z /usr/bin/tar: ../../../../../usr/local/lib/android/sdk/platforms/android-36-ext19/data/res/values-mcc312-mnc670-th: Cannot utime: Operation not permitted
build	Cache Android SDK	2026-06-06T12:22:49.0032580Z /usr/bin/tar: ../../../../../usr/local/lib/android/sdk/platforms/android-36-ext19/data/res/values-mcc312-mnc670-th: Cannot change mode to rwxr-xr-x: Operation not permitted
build	Cache Android SDK	2026-06-06T12:22:49.0034605Z /usr/bin/tar: ../../../../../usr/local/lib/android/sdk/platforms/android-36-ext19/data/res/values-pa-television: Cannot utime: Operation not permitted
build	Cache Android SDK	2026-06-06T12:22:49.0036609Z /usr/bin/tar: ../../../../../usr/local/lib/android/sdk/platforms/android-36-ext19/data/res/values-pa-television: Cannot change mode to rwxr-xr-x: Operation not permitted
build	Cache Android SDK	2026-06-06T12:22:49.0038872Z /usr/bin/tar: ../../../../../usr/local/lib/android/sdk/platforms/android-36-ext19/data/res/values-mcc310-mnc030-uz: Cannot utime: Operation not permitted
build	Cache Android SDK	2026-06-06T12:22:49.0040281Z /usr/bin/tar: ../../../../../usr/local/lib/android/sdk/platforms/android-36-ext19/data/res/values-mcc310-mnc030-uz: Cannot change mode to rwxr-xr-x: Operation not permitted
build	Cache Android SDK	2026-06-06T12:22:49.0043552Z /usr/bin/tar: ../../../../../usr/local/lib/android/sdk/platforms/android-36-ext19/data/res/values-mcc716-mnc06: Cannot utime: Operation not permitted
build	Cache Android SDK	2026-06-06T12:22:49.0045179Z /usr/bin/tar: ../../../../../usr/local/lib/android/sdk/platforms/android-36-ext19/data/res/values-mcc716-mnc06: Cannot change mode to rwxr-xr-x: Operation not permitted
build	Cache Android SDK	2026-06-06T12:22:49.0047277Z /usr/bin/tar: ../../../../../usr/local/lib/android/sdk/platforms/android-36-ext19/data/res/values-es-rPE: Cannot utime: Operation not permitted
build	Cache Android SDK	2026-06-06T12:22:49.0048794Z /usr/bin/tar: ../../../../../usr/local/lib/android/sdk/platforms/android-36-ext19/data/res/values-es-rPE: Cannot change mode to rwxr-xr-x: Operation not permitted
build	Cache Android SDK	2026-06-06T12:22:49.0059974Z /usr/bin/tar: ../../../../../usr/local/lib/android/sdk/platforms/android-36-ext19/data/res/values-mcc001-mnc01-my: Cannot utime: Operation not permitted
build	Cache Android SDK	2026-06-06T12:22:49.0061746Z /usr/bin/tar: ../../../../../usr/local/lib/android/sdk/platforms/android-36-ext19/data/res/values-mcc001-mnc01-my: Cannot change mode to rwxr-xr-x: Operation not permitted
build	Cache Android SDK	2026-06-06T12:22:49.0070437Z /usr/bin/tar: ../../../../../usr/local/lib/android/sdk/platforms/android-36-ext19/data/res/values-mcc302-mnc720-si: Cannot utime: Operation not permitted
build	Cache Android SDK	2026-06-06T12:22:49.0071987Z /usr/bin/tar: ../../../../../usr/local/lib/android/sdk/platforms/android-36-ext19/data/res/values-mcc302-mnc720-si: Cannot change mode to rwxr-xr-x: Operation not permitted
build	Cache Android SDK	2026-06-06T12:22:49.0073800Z /usr/bin/tar: ../../../../../usr/local/lib/android/sdk/platforms/android-36-ext19/data/res/values-mcc310-mnc170-eu: Cannot utime: Operation not permitted
build	Cache Android SDK	2026-06-06T12:22:49.0075697Z /usr/bin/tar: ../../../../../usr/local/lib/android/sdk/platforms/android-36-ext19/data/res/values-mcc310-mnc170-eu: Cannot change mode to rwxr-xr-x: Operation not permitted
build	Cache Android SDK	2026-06-06T12:22:49.0077700Z /usr/bin/tar: ../../../../../usr/local/lib/android/sdk/platforms/android-36-ext19/data/res/values-mcc310-mnc560-vi: Cannot utime: Operation not permitted
build	Cache Android SDK	2026-06-06T12:22:49.0079530Z /usr/bin/tar: ../../../../../usr/local/lib/android/sdk/platforms/android-36-ext19/data/res/values-mcc310-mnc560-vi: Cannot change mode to rwxr-xr-x: Operation not permitted
build	Cache Android SDK	2026-06-06T12:22:49.0088322Z /usr/bin/tar: ../../../../../usr/local/lib/android/sdk/platforms/android-36-ext19/data/res/values-mcc310-mnc380-et: Cannot utime: Operation not permitted
build	Cache Android SDK	2026-06-06T12:22:49.0089596Z /usr/bin/tar: ../../../../../usr/local/lib/android/sdk/platforms/android-36-ext19/data/res/values-mcc310-mnc380-et: Cannot change mode to rwxr-xr-x: Operation not permitted
build	Cache Android SDK	2026-06-06T12:22:49.0091329Z /usr/bin/tar: ../../../../../usr/local/lib/android/sdk/platforms/android-36-ext19/data/res/values-mcc310-mnc800-lo: Cannot utime: Operation not permitted
build	Cache Android SDK	2026-06-06T12:22:49.0092794Z /usr/bin/tar: ../../../../../usr/local/lib/android/sdk/platforms/android-36-ext19/data/res/values-mcc310-mnc800-lo: Cannot change mode to rwxr-xr-x: Operation not permitted
build	Cache Android SDK	2026-06-06T12:22:49.0099074Z /usr/bin/tar: ../../../../../usr/local/lib/android/sdk/platforms/android-36-ext19/data/res/values-mcc310-mnc200-ar: Cannot utime: Operation not permitted
build	Cache Android SDK	2026-06-06T12:22:49.0100785Z /usr/bin/tar: ../../../../../usr/local/lib/android/sdk/platforms/android-36-ext19/data/res/values-mcc310-mnc200-ar: Cannot change mode to rwxr-xr-x: Operation not permitted
build	Cache Android SDK	2026-06-06T12:22:49.0103602Z /usr/bin/tar: ../../../../../usr/local/lib/android/sdk/platforms/android-36-ext19/data/res/values-mcc310-mnc490-ar: Cannot utime: Operation not permitted
build	Cache Android SDK	2026-06-06T12:22:49.0105226Z /usr/bin/tar: ../../../../../usr/local/lib/android/sdk/platforms/android-36-ext19/data/res/values-mcc310-mnc490-ar: Cannot change mode to rwxr-xr-x: Operation not permitted
build	Cache Android SDK	2026-06-06T12:22:49.0107251Z /usr/bin/tar: ../../../../../usr/local/lib/android/sdk/platforms/android-36-ext19/data/res/values-mcc310-mnc310-si: Cannot utime: Operation not permitted
build	Cache Android SDK	2026-06-06T12:22:49.0108931Z /usr/bin/tar: ../../../../../usr/local/lib/android/sdk/platforms/android-36-ext19/data/res/values-mcc310-mnc310-si: Cannot change mode to rwxr-xr-x: Operation not permitted
build	Cache Android SDK	2026-06-06T12:22:49.0115005Z /usr/bin/tar: ../../../../../usr/local/lib/android/sdk/platforms/android-36-ext19/data/res/values-mcc310-mnc410-te: Cannot utime: Operation not permitted
build	Cache Android SDK	2026-06-06T12:22:49.0116855Z /usr/bin/tar: ../../../../../usr/local/lib/android/sdk/platforms/android-36-ext19/data/res/values-mcc310-mnc410-te: Cannot change mode to rwxr-xr-x: Operation not permitted
build	Cache Android SDK	2026-06-06T12:22:49.0119191Z /usr/bin/tar: ../../../../../usr/local/lib/android/sdk/platforms/android-36-ext19/data/res/values-mcc312-mnc670-cs: Cannot utime: Operation not permitted
build	Cache Android SDK	2026-06-06T12:22:49.0121013Z /usr/bin/tar: ../../../../../usr/local/lib/android/sdk/platforms/android-36-ext19/data/res/values-mcc312-mnc670-cs: Cannot change mode to rwxr-xr-x: Operation not permitted
build	Cache Android SDK	2026-06-06T12:22:49.0122777Z /usr/bin/tar: ../../../../../usr/local/lib/android/sdk/platforms/android-36-ext19/data/res/values-mcc310-mnc410-lv: Cannot utime: Operation not permitted
build	Cache Android SDK	2026-06-06T12:22:49.0125762Z /usr/bin/tar: ../../../../../usr/local/lib/android/sdk/platforms/android-36-ext19/data/res/values-mcc310-mnc410-lv: Cannot change mode to rwxr-xr-x: Operation not permitted
build	Cache Android SDK	2026-06-06T12:22:49.0128190Z /usr/bin/tar: ../../../../../usr/local/lib/android/sdk/platforms/android-36-ext19/data/res/values-mcc310-mnc660-en-rGB: Cannot utime: Operation not permitted
build	Cache Android SDK	2026-06-06T12:22:49.0131295Z /usr/bin/tar: ../../../../../usr/local/lib/android/sdk/platforms/android-36-ext19/data/res/values-mcc310-mnc660-en-rGB: Cannot change mode to rwxr-xr-x: Operation not permitted
build	Cache Android SDK	2026-06-06T12:22:49.0135997Z /usr/bin/tar: ../../../../../usr/local/lib/android/sdk/platforms/android-36-ext19/data/res/values-mcc310-mnc230-zh-rHK: Cannot utime: Operation not permitted
build	Cache Android SDK	2026-06-06T12:22:49.0138108Z /usr/bin/tar: ../../../../../usr/local/lib/android/sdk/platforms/android-36-ext19/data/res/values-mcc310-mnc230-zh-rHK: Cannot change mode to rwxr-xr-x: Operation not permitted
build	Cache Android SDK	2026-06-06T12:22:49.0139650Z /usr/bin/tar: ../../../../../usr/local/lib/android/sdk/platforms/android-36-ext19/data/res/values-mcc310-mnc280-in: Cannot utime: Operation not permitted
build	Cache Android SDK	2026-06-06T12:22:49.0141000Z /usr/bin/tar: ../../../../../usr/local/lib/android/sdk/platforms/android-36-ext19/data/res/values-mcc310-mnc280-in: Cannot change mode to rwxr-xr-x: Operation not permitted
build	Cache Android SDK	2026-06-06T12:22:49.0142360Z /usr/bin/tar: ../../../../../usr/local/lib/android/sdk/platforms/android-36-ext19/data/res/values-mcc313-mnc100-mn: Cannot utime: Operation not permitted
build	Cache Android SDK	2026-06-06T12:22:49.0153947Z /usr/bin/tar: ../../../../../usr/local/lib/android/sdk/platforms/android-36-ext19/data/res/values-mcc313-mnc100-mn: Cannot change mode to rwxr-xr-x: Operation not permitted
build	Cache Android SDK	2026-06-06T12:22:49.0155092Z /usr/bin/tar: ../../../../../usr/local/lib/android/sdk/platforms/android-36-ext19/data/res/values-zh-rCN: Cannot utime: Operation not permitted
build	Cache Android SDK	2026-06-06T12:22:49.0156062Z /usr/bin/tar: ../../../../../usr/local/lib/android/sdk/platforms/android-36-ext19/data/res/values-zh-rCN: Cannot change mode to rwxr-xr-x: Operation not permitted
build	Cache Android SDK	2026-06-06T12:22:49.0157526Z /usr/bin/tar: ../../../../../usr/local/lib/android/sdk/platforms/android-36-ext19/data/res/values-mcc310-mnc310-nb: Cannot utime: Operation not permitted
build	Cache Android SDK	2026-06-06T12:22:49.0158665Z /usr/bin/tar: ../../../../../usr/local/lib/android/sdk/platforms/android-36-ext19/data/res/values-mcc310-mnc310-nb: Cannot change mode to rwxr-xr-x: Operation not permitted
build	Cache Android SDK	2026-06-06T12:22:49.0160059Z /usr/bin/tar: ../../../../../usr/local/lib/android/sdk/platforms/android-36-ext19/data/res/values-mcc310-mnc230-my: Cannot utime: Operation not permitted
build	Cache Android SDK	2026-06-06T12:22:49.0161386Z /usr/bin/tar: ../../../../../usr/local/lib/android/sdk/platforms/android-36-ext19/data/res/values-mcc310-mnc230-my: Cannot change mode to rwxr-xr-x: Operation not permitted
build	Cache Android SDK	2026-06-06T12:22:49.0162555Z /usr/bin/tar: ../../../../../usr/local/lib/android/sdk/platforms/android-36-ext19/data/res/values-mcc302-mnc720-bs: Cannot utime: Operation not permitted
build	Cache Android SDK	2026-06-06T12:22:49.0163726Z /usr/bin/tar: ../../../../../usr/local/lib/android/sdk/platforms/android-36-ext19/data/res/values-mcc302-mnc720-bs: Cannot change mode to rwxr-xr-x: Operation not permitted
build	Cache Android SDK	2026-06-06T12:22:49.0164869Z /usr/bin/tar: ../../../../../usr/local/lib/android/sdk/platforms/android-36-ext19/data/res/values-fi-watch: Cannot utime: Operation not permitted
build	Cache Android SDK	2026-06-06T12:22:49.0166186Z /usr/bin/tar: ../../../../../usr/local/lib/android/sdk/platforms/android-36-ext19/data/res/values-fi-watch: Cannot change mode to rwxr-xr-x: Operation not permitted
build	Cache Android SDK	2026-06-06T12:22:49.0178236Z /usr/bin/tar: ../../../../../usr/local/lib/android/sdk/platforms/android-36-ext19/data/res/values-mcc310-mnc270-mr: Cannot utime: Operation not permitted
build	Cache Android SDK	2026-06-06T12:22:49.0179661Z /usr/bin/tar: ../../../../../usr/local/lib/android/sdk/platforms/android-36-ext19/data/res/values-mcc310-mnc270-mr: Cannot change mode to rwxr-xr-x: Operation not permitted
build	Cache Android SDK	2026-06-06T12:22:49.0181107Z /usr/bin/tar: ../../../../../usr/local/lib/android/sdk/platforms/android-36-ext19/data/res/values-mcc310-mnc280-lv: Cannot utime: Operation not permitted
build	Cache Android SDK	2026-06-06T12:22:49.0182415Z /usr/bin/tar: ../../../../../usr/local/lib/android/sdk/platforms/android-36-ext19/data/res/values-mcc310-mnc280-lv: Cannot change mode to rwxr-xr-x: Operation not permitted
build	Cache Android SDK	2026-06-06T12:22:49.0183362Z /usr/bin/tar: ../../../../../usr/local/lib/android/sdk/platforms/android-36-ext19/data/res/values-mcc310-mnc270-az: Cannot utime: Operation not permitted
build	Cache Android SDK	2026-06-06T12:22:49.0184436Z /usr/bin/tar: ../../../../../usr/local/lib/android/sdk/platforms/android-36-ext19/data/res/values-mcc310-mnc270-az: Cannot change mode to rwxr-xr-x: Operation not permitted
build	Cache Android SDK	2026-06-06T12:22:49.0185386Z /usr/bin/tar: ../../../../../usr/local/lib/android/sdk/platforms/android-36-ext19/data/res/values-mcc310-mnc560-ne: Cannot utime: Operation not permitted
build	Cache Android SDK	2026-06-06T12:22:49.0186339Z /usr/bin/tar: ../../../../../usr/local/lib/android/sdk/platforms/android-36-ext19/data/res/values-mcc310-mnc560-ne: Cannot change mode to rwxr-xr-x: Operation not permitted
build	Cache Android SDK	2026-06-06T12:22:49.0187278Z /usr/bin/tar: ../../../../../usr/local/lib/android/sdk/platforms/android-36-ext19/data/res/values-mcc312-mnc670-ur: Cannot utime: Operation not permitted
build	Cache Android SDK	2026-06-06T12:22:49.0188543Z /usr/bin/tar: ../../../../../usr/local/lib/android/sdk/platforms/android-36-ext19/data/res/values-mcc312-mnc670-ur: Cannot change mode to rwxr-xr-x: Operation not permitted
build	Cache Android SDK	2026-06-06T12:22:49.0189600Z /usr/bin/tar: ../../../../../usr/local/lib/android/sdk/platforms/android-36-ext19/data/res/values-mcc310-mnc380-te: Cannot utime: Operation not permitted
build	Cache Android SDK	2026-06-06T12:22:49.0190546Z /usr/bin/tar: ../../../../../usr/local/lib/android/sdk/platforms/android-36-ext19/data/res/values-mcc310-mnc380-te: Cannot change mode to rwxr-xr-x: Operation not permitted
build	Cache Android SDK	2026-06-06T12:22:49.0191506Z /usr/bin/tar: ../../../../../usr/local/lib/android/sdk/platforms/android-36-ext19/data/res/values-mcc310-mnc270-ur: Cannot utime: Operation not permitted
build	Cache Android SDK	2026-06-06T12:22:49.0192444Z /usr/bin/tar: ../../../../../usr/local/lib/android/sdk/platforms/android-36-ext19/data/res/values-mcc310-mnc270-ur: Cannot change mode to rwxr-xr-x: Operation not permitted
build	Cache Android SDK	2026-06-06T12:22:49.0197037Z /usr/bin/tar: ../../../../../usr/local/lib/android/sdk/platforms/android-36-ext19/data/res/values-mcc310-mnc800-ru: Cannot utime: Operation not permitted
build	Cache Android SDK	2026-06-06T12:22:49.0198823Z /usr/bin/tar: ../../../../../usr/local/lib/android/sdk/platforms/android-36-ext19/data/res/values-mcc310-mnc800-ru: Cannot change mode to rwxr-xr-x: Operation not permitted
build	Cache Android SDK	2026-06-06T12:22:49.0203216Z /usr/bin/tar: ../../../../../usr/local/lib/android/sdk/platforms/android-36-ext19/data/res/values-mcc310-mnc560-zh-rHK: Cannot utime: Operation not permitted
build	Cache Android SDK	2026-06-06T12:22:49.0204403Z /usr/bin/tar: ../../../../../usr/local/lib/android/sdk/platforms/android-36-ext19/data/res/values-mcc310-mnc560-zh-rHK: Cannot change mode to rwxr-xr-x: Operation not permitted
build	Cache Android SDK	2026-06-06T12:22:49.0206136Z /usr/bin/tar: ../../../../../usr/local/lib/android/sdk/platforms/android-36-ext19/data/res/values-mcc001-mnc01-ro: Cannot utime: Operation not permitted
build	Cache Android SDK	2026-06-06T12:22:49.0207078Z /usr/bin/tar: ../../../../../usr/local/lib/android/sdk/platforms/android-36-ext19/data/res/values-mcc001-mnc01-ro: Cannot change mode to rwxr-xr-x: Operation not permitted
build	Cache Android SDK	2026-06-06T12:22:49.0212184Z /usr/bin/tar: ../../../../../usr/local/lib/android/sdk/platforms/android-36-ext19/data/res/values-mcc310-mnc150-ko: Cannot utime: Operation not permitted
build	Cache Android SDK	2026-06-06T12:22:49.0213589Z /usr/bin/tar: ../../../../../usr/local/lib/android/sdk/platforms/android-36-ext19/data/res/values-mcc310-mnc150-ko: Cannot change mode to rwxr-xr-x: Operation not permitted
build	Cache Android SDK	2026-06-06T12:22:49.0216121Z /usr/bin/tar: ../../../../../usr/local/lib/android/sdk/platforms/android-36-ext19/data/res/values-mcc310-mnc150-sr: Cannot utime: Operation not permitted
build	Cache Android SDK	2026-06-06T12:22:49.0217749Z /usr/bin/tar: ../../../../../usr/local/lib/android/sdk/platforms/android-36-ext19/data/res/values-mcc310-mnc150-sr: Cannot change mode to rwxr-xr-x: Operation not permitted
build	Cache Android SDK	2026-06-06T12:22:49.0219617Z /usr/bin/tar: ../../../../../usr/local/lib/android/sdk/platforms/android-36-ext19/data/res/values-mcc704-mnc03: Cannot utime: Operation not permitted
build	Cache Android SDK	2026-06-06T12:22:49.0220703Z /usr/bin/tar: ../../../../../usr/local/lib/android/sdk/platforms/android-36-ext19/data/res/values-mcc704-mnc03: Cannot change mode to rwxr-xr-x: Operation not permitted
build	Cache Android SDK	2026-06-06T12:22:49.0230987Z /usr/bin/tar: ../../../../../usr/local/lib/android/sdk/platforms/android-36-ext19/data/res/values-mcc310-mnc220-it: Cannot utime: Operation not permitted
build	Cache Android SDK	2026-06-06T12:22:49.0232886Z /usr/bin/tar: ../../../../../usr/local/lib/android/sdk/platforms/android-36-ext19/data/res/values-mcc310-mnc220-it: Cannot change mode to rwxr-xr-x: Operation not permitted
build	Cache Android SDK	2026-06-06T12:22:49.0234763Z /usr/bin/tar: ../../../../../usr/local/lib/android/sdk/platforms/android-36-ext19/data/res/values-mcc310-mnc230-ka: Cannot utime: Operation not permitted
build	Cache Android SDK	2026-06-06T12:22:49.0235900Z /usr/bin/tar: ../../../../../usr/local/lib/android/sdk/platforms/android-36-ext19/data/res/values-mcc310-mnc230-ka: Cannot change mode to rwxr-xr-x: Operation not permitted
build	Cache Android SDK	2026-06-06T12:22:49.0239108Z /usr/bin/tar: ../../../../../usr/local/lib/android/sdk/platforms/android-36-ext19/data/res/values-bn-watch: Cannot utime: Operation not permitted
build	Cache Android SDK	2026-06-06T12:22:49.0240390Z /usr/bin/tar: ../../../../../usr/local/lib/android/sdk/platforms/android-36-ext19/data/res/values-bn-watch: Cannot change mode to rwxr-xr-x: Operation not permitted
build	Cache Android SDK	2026-06-06T12:22:49.0244217Z /usr/bin/tar: ../../../../../usr/local/lib/android/sdk/platforms/android-36-ext19/data/res/values-mcc302-mnc370-pt-rBR: Cannot utime: Operation not permitted
build	Cache Android SDK	2026-06-06T12:22:49.0245467Z /usr/bin/tar: ../../../../../usr/local/lib/android/sdk/platforms/android-36-ext19/data/res/values-mcc302-mnc370-pt-rBR: Cannot change mode to rwxr-xr-x: Operation not permitted
build	Cache Android SDK	2026-06-06T12:22:49.0252403Z /usr/bin/tar: ../../../../../usr/local/lib/android/sdk/platforms/android-36-ext19/data/res/mipmap-xxhdpi: Cannot utime: Operation not permitted
build	Cache Android SDK	2026-06-06T12:22:49.0254619Z /usr/bin/tar: ../../../../../usr/local/lib/android/sdk/platforms/android-36-ext19/data/res/mipmap-xxhdpi: Cannot change mode to rwxr-xr-x: Operation not permitted
build	Cache Android SDK	2026-06-06T12:22:49.0259117Z /usr/bin/tar: ../../../../../usr/local/lib/android/sdk/platforms/android-36-ext19/data/res/values-mcc311-mnc180-ja: Cannot utime: Operation not permitted
build	Cache Android SDK	2026-06-06T12:22:49.0261333Z /usr/bin/tar: ../../../../../usr/local/lib/android/sdk/platforms/android-36-ext19/data/res/values-mcc311-mnc180-ja: Cannot change mode to rwxr-xr-x: Operation not permitted
build	Cache Android SDK	2026-06-06T12:22:49.0263349Z /usr/bin/tar: ../../../../../usr/local/lib/android/sdk/platforms/android-36-ext19/data/res/values-sl-watch: Cannot utime: Operation not permitted
build	Cache Android SDK	2026-06-06T12:22:49.0264279Z /usr/bin/tar: ../../../../../usr/local/lib/android/sdk/platforms/android-36-ext19/data/res/values-sl-watch: Cannot change mode to rwxr-xr-x: Operation not permitted
build	Cache Android SDK	2026-06-06T12:22:49.0269726Z /usr/bin/tar: ../../../../../usr/local/lib/android/sdk/platforms/android-36-ext19/data/res/values-mcc310-mnc270-th: Cannot utime: Operation not permitted
build	Cache Android SDK	2026-06-06T12:22:49.0271032Z /usr/bin/tar: ../../../../../usr/local/lib/android/sdk/platforms/android-36-ext19/data/res/values-mcc310-mnc270-th: Cannot change mode to rwxr-xr-x: Operation not permitted
build	Cache Android SDK	2026-06-06T12:22:49.0273516Z /usr/bin/tar: ../../../../../usr/local/lib/android/sdk/platforms/android-36-ext19/data/res/values-mcc310-mnc660-zh-rHK: Cannot utime: Operation not permitted
build	Cache Android SDK	2026-06-06T12:22:49.0274518Z /usr/bin/tar: ../../../../../usr/local/lib/android/sdk/platforms/android-36-ext19/data/res/values-mcc310-mnc660-zh-rHK: Cannot change mode to rwxr-xr-x: Operation not permitted
build	Cache Android SDK	2026-06-06T12:22:49.0328065Z /usr/bin/tar: ../../../../../usr/local/lib/android/sdk/platforms/android-36-ext19/data/res/values-mcc334-mnc020-be: Cannot utime: Operation not permitted
build	Cache Android SDK	2026-06-06T12:22:49.0329073Z /usr/bin/tar: ../../../../../usr/local/lib/android/sdk/platforms/android-36-ext19/data/res/values-mcc334-mnc020-be: Cannot change mode to rwxr-xr-x: Operation not permitted
build	Cache Android SDK	2026-06-06T12:22:49.0399328Z /usr/bin/tar: ../../../../../usr/local/lib/android/sdk/platforms/android-36-ext19/data/res/values-mcc310-mnc270-fi: Cannot utime: Operation not permitted
build	Cache Android SDK	2026-06-06T12:22:49.0401557Z /usr/bin/tar: ../../../../../usr/local/lib/android/sdk/platforms/android-36-ext19/data/res/values-mcc310-mnc270-fi: Cannot change mode to rwxr-xr-x: Operation not permitted
build	Cache Android SDK	2026-06-06T12:22:49.0405227Z /usr/bin/tar: ../../../../../usr/local/lib/android/sdk/platforms/android-36-ext19/data/res/values-mcc334: Cannot utime: Operation not permitted
build	Cache Android SDK	2026-06-06T12:22:49.0407009Z /usr/bin/tar: ../../../../../usr/local/lib/android/sdk/platforms/android-36-ext19/data/res/values-mcc334: Cannot change mode to rwxr-xr-x: Operation not permitted
build	Cache Android SDK	2026-06-06T12:22:49.0409654Z /usr/bin/tar: ../../../../../usr/local/lib/android/sdk/platforms/android-36-ext19/data/res/values-mcc310-mnc800-az: Cannot utime: Operation not permitted
build	Cache Android SDK	2026-06-06T12:22:49.0411610Z /usr/bin/tar: ../../../../../usr/local/lib/android/sdk/platforms/android-36-ext19/data/res/values-mcc310-mnc800-az: Cannot change mode to rwxr-xr-x: Operation not permitted
build	Cache Android SDK	2026-06-06T12:22:49.0417933Z /usr/bin/tar: ../../../../../usr/local/lib/android/sdk/platforms/android-36-ext19/data/res/values-mcc310-mnc280-es: Cannot utime: Operation not permitted
build	Cache Android SDK	2026-06-06T12:22:49.0420373Z /usr/bin/tar: ../../../../../usr/local/lib/android/sdk/platforms/android-36-ext19/data/res/values-mcc310-mnc280-es: Cannot change mode to rwxr-xr-x: Operation not permitted
build	Cache Android SDK	2026-06-06T12:22:49.0422523Z /usr/bin/tar: ../../../../../usr/local/lib/android/sdk/platforms/android-36-ext19/data/res/values-mcc310-mnc200-hu: Cannot utime: Operation not permitted
build	Cache Android SDK	2026-06-06T12:22:49.0423845Z /usr/bin/tar: ../../../../../usr/local/lib/android/sdk/platforms/android-36-ext19/data/res/values-mcc310-mnc200-hu: Cannot change mode to rwxr-xr-x: Operation not permitted
build	Cache Android SDK	2026-06-06T12:22:49.0425586Z /usr/bin/tar: ../../../../../usr/local/lib/android/sdk/platforms/android-36-ext19/data/res/values-ur-television: Cannot utime: Operation not permitted
build	Cache Android SDK	2026-06-06T12:22:49.0426827Z /usr/bin/tar: ../../../../../usr/local/lib/android/sdk/platforms/android-36-ext19/data/res/values-ur-television: Cannot change mode to rwxr-xr-x: Operation not permitted
build	Cache Android SDK	2026-06-06T12:22:49.0428690Z /usr/bin/tar: ../../../../../usr/local/lib/android/sdk/platforms/android-36-ext19/data/res/values-mcc001-mnc01-sv: Cannot utime: Operation not permitted
build	Cache Android SDK	2026-06-06T12:22:49.0430464Z /usr/bin/tar: ../../../../../usr/local/lib/android/sdk/platforms/android-36-ext19/data/res/values-mcc001-mnc01-sv: Cannot change mode to rwxr-xr-x: Operation not permitted
build	Cache Android SDK	2026-06-06T12:22:49.0447610Z /usr/bin/tar: ../../../../../usr/local/lib/android/sdk/platforms/android-36-ext19/data/res/values-mcc302-mnc370-kn: Cannot utime: Operation not permitted
build	Cache Android SDK	2026-06-06T12:22:49.0449617Z /usr/bin/tar: ../../../../../usr/local/lib/android/sdk/platforms/android-36-ext19/data/res/values-mcc302-mnc370-kn: Cannot change mode to rwxr-xr-x: Operation not permitted
build	Cache Android SDK	2026-06-06T12:22:49.0451585Z /usr/bin/tar: ../../../../../usr/local/lib/android/sdk/platforms/android-36-ext19/data/res/values-en-rCA-watch: Cannot utime: Operation not permitted
build	Cache Android SDK	2026-06-06T12:22:49.0453028Z /usr/bin/tar: ../../../../../usr/local/lib/android/sdk/platforms/android-36-ext19/data/res/values-en-rCA-watch: Cannot change mode to rwxr-xr-x: Operation not permitted
build	Cache Android SDK	2026-06-06T12:22:49.0454541Z /usr/bin/tar: ../../../../../usr/local/lib/android/sdk/platforms/android-36-ext19/data/res/values-mcc310-mnc250-fi: Cannot utime: Operation not permitted
build	Cache Android SDK	2026-06-06T12:22:49.0455610Z /usr/bin/tar: ../../../../../usr/local/lib/android/sdk/platforms/android-36-ext19/data/res/values-mcc310-mnc250-fi: Cannot change mode to rwxr-xr-x: Operation not permitted
build	Cache Android SDK	2026-06-06T12:22:49.0468022Z /usr/bin/tar: ../../../../../usr/local/lib/android/sdk/platforms/android-36-ext19/data/res/values-mcc001-mnc01-tl: Cannot utime: Operation not permitted
build	Cache Android SDK	2026-06-06T12:22:49.0469813Z /usr/bin/tar: ../../../../../usr/local/lib/android/sdk/platforms/android-36-ext19/data/res/values-mcc001-mnc01-tl: Cannot change mode to rwxr-xr-x: Operation not permitted
build	Cache Android SDK	2026-06-06T12:22:49.0472255Z /usr/bin/tar: ../../../../../usr/local/lib/android/sdk/platforms/android-36-ext19/data/res/values-it-rCH: Cannot utime: Operation not permitted
build	Cache Android SDK	2026-06-06T12:22:49.0474637Z /usr/bin/tar: ../../../../../usr/local/lib/android/sdk/platforms/android-36-ext19/data/res/values-it-rCH: Cannot change mode to rwxr-xr-x: Operation not permitted
build	Cache Android SDK	2026-06-06T12:22:49.0476467Z /usr/bin/tar: ../../../../../usr/local/lib/android/sdk/platforms/android-36-ext19/data/res/values-mcc310-mnc950-kn: Cannot utime: Operation not permitted
build	Cache Android SDK	2026-06-06T12:22:49.0478913Z /usr/bin/tar: ../../../../../usr/local/lib/android/sdk/platforms/android-36-ext19/data/res/values-mcc310-mnc950-kn: Cannot change mode to rwxr-xr-x: Operation not permitted
build	Cache Android SDK	2026-06-06T12:22:49.0480899Z /usr/bin/tar: ../../../../../usr/local/lib/android/sdk/platforms/android-36-ext19/data/res/values-mcc302-mnc720-ja: Cannot utime: Operation not permitted
build	Cache Android SDK	2026-06-06T12:22:49.0483245Z /usr/bin/tar: ../../../../../usr/local/lib/android/sdk/platforms/android-36-ext19/data/res/values-mcc302-mnc720-ja: Cannot change mode to rwxr-xr-x: Operation not permitted
build	Cache Android SDK	2026-06-06T12:22:49.0485183Z /usr/bin/tar: ../../../../../usr/local/lib/android/sdk/platforms/android-36-ext19/data/res/values-mcc302-mnc720-ca: Cannot utime: Operation not permitted
build	Cache Android SDK	2026-06-06T12:22:49.0487254Z /usr/bin/tar: ../../../../../usr/local/lib/android/sdk/platforms/android-36-ext19/data/res/values-mcc302-mnc720-ca: Cannot change mode to rwxr-xr-x: Operation not permitted
build	Cache Android SDK	2026-06-06T12:22:49.0489211Z /usr/bin/tar: ../../../../../usr/local/lib/android/sdk/platforms/android-36-ext19/data/res/values-de-rCH: Cannot utime: Operation not permitted
build	Cache Android SDK	2026-06-06T12:22:49.0491020Z /usr/bin/tar: ../../../../../usr/local/lib/android/sdk/platforms/android-36-ext19/data/res/values-de-rCH: Cannot change mode to rwxr-xr-x: Operation not permitted
build	Cache Android SDK	2026-06-06T12:22:49.0492136Z /usr/bin/tar: ../../../../../usr/local/lib/android/sdk/platforms/android-36-ext19/data/res/values-mcc310-mnc210-kn: Cannot utime: Operation not permitted
build	Cache Android SDK	2026-06-06T12:22:49.0493689Z /usr/bin/tar: ../../../../../usr/local/lib/android/sdk/platforms/android-36-ext19/data/res/values-mcc310-mnc210-kn: Cannot change mode to rwxr-xr-x: Operation not permitted
build	Cache Android SDK	2026-06-06T12:22:49.0495306Z /usr/bin/tar: ../../../../../usr/local/lib/android/sdk/platforms/android-36-ext19/data/res/values-mcc310-mnc250-ar: Cannot utime: Operation not permitted
build	Cache Android SDK	2026-06-06T12:22:49.0496933Z /usr/bin/tar: ../../../../../usr/local/lib/android/sdk/platforms/android-36-ext19/data/res/values-mcc310-mnc250-ar: Cannot change mode to rwxr-xr-x: Operation not permitted
build	Cache Android SDK	2026-06-06T12:22:49.0501481Z /usr/bin/tar: ../../../../../usr/local/lib/android/sdk/platforms/android-36-ext19/data/res/values-mcc310-mnc030-kn: Cannot utime: Operation not permitted
build	Cache Android SDK	2026-06-06T12:22:49.0503449Z /usr/bin/tar: ../../../../../usr/local/lib/android/sdk/platforms/android-36-ext19/data/res/values-mcc310-mnc030-kn: Cannot change mode to rwxr-xr-x: Operation not permitted
build	Cache Android SDK	2026-06-06T12:22:49.0505416Z /usr/bin/tar: ../../../../../usr/local/lib/android/sdk/platforms/android-36-ext19/data/res/values-w210dp-round-watch: Cannot utime: Operation not permitted
build	Cache Android SDK	2026-06-06T12:22:49.0507546Z /usr/bin/tar: ../../../../../usr/local/lib/android/sdk/platforms/android-36-ext19/data/res/values-w210dp-round-watch: Cannot change mode to rwxr-xr-x: Operation not permitted
build	Cache Android SDK	2026-06-06T12:22:49.0509532Z /usr/bin/tar: ../../../../../usr/local/lib/android/sdk/platforms/android-36-ext19/data/res/values-mcc310-mnc200-ka: Cannot utime: Operation not permitted
build	Cache Android SDK	2026-06-06T12:22:49.0511262Z /usr/bin/tar: ../../../../../usr/local/lib/android/sdk/platforms/android-36-ext19/data/res/values-mcc310-mnc200-ka: Cannot change mode to rwxr-xr-x: Operation not permitted
build	Cache Android SDK	2026-06-06T12:22:49.0512336Z /usr/bin/tar: ../../../../../usr/local/lib/android/sdk/platforms/android-36-ext19/data/res/values-mcc310-mnc380-pa: Cannot utime: Operation not permitted
build	Cache Android SDK	2026-06-06T12:22:49.0513699Z /usr/bin/tar: ../../../../../usr/local/lib/android/sdk/platforms/android-36-ext19/data/res/values-mcc310-mnc380-pa: Cannot change mode to rwxr-xr-x: Operation not permitted
build	Cache Android SDK	2026-06-06T12:22:49.0518857Z /usr/bin/tar: ../../../../../usr/local/lib/android/sdk/platforms/android-36-ext19/data/res/values-mcc302-mnc720-sr: Cannot utime: Operation not permitted
build	Cache Android SDK	2026-06-06T12:22:49.0521406Z /usr/bin/tar: ../../../../../usr/local/lib/android/sdk/platforms/android-36-ext19/data/res/values-mcc302-mnc720-sr: Cannot change mode to rwxr-xr-x: Operation not permitted
build	Cache Android SDK	2026-06-06T12:22:49.0523311Z /usr/bin/tar: ../../../../../usr/local/lib/android/sdk/platforms/android-36-ext19/data/res/values-mcc310-mnc800-ka: Cannot utime: Operation not permitted
build	Cache Android SDK	2026-06-06T12:22:49.0525630Z /usr/bin/tar: ../../../../../usr/local/lib/android/sdk/platforms/android-36-ext19/data/res/values-mcc310-mnc800-ka: Cannot change mode to rwxr-xr-x: Operation not permitted
build	Cache Android SDK	2026-06-06T12:22:49.0528146Z /usr/bin/tar: ../../../../../usr/local/lib/android/sdk/platforms/android-36-ext19/data/res/values-mcc310-mnc660-nl: Cannot utime: Operation not permitted
build	Cache Android SDK	2026-06-06T12:22:49.0529312Z /usr/bin/tar: ../../../../../usr/local/lib/android/sdk/platforms/android-36-ext19/data/res/values-mcc310-mnc660-nl: Cannot change mode to rwxr-xr-x: Operation not permitted
build	Cache Android SDK	2026-06-06T12:22:49.0530624Z /usr/bin/tar: ../../../../../usr/local/lib/android/sdk/platforms/android-36-ext19/data/res/values-mcc310-mnc030-zh-rHK: Cannot utime: Operation not permitted
build	Cache Android SDK	2026-06-06T12:22:49.0532170Z /usr/bin/tar: ../../../../../usr/local/lib/android/sdk/platforms/android-36-ext19/data/res/values-mcc310-mnc030-zh-rHK: Cannot change mode to rwxr-xr-x: Operation not permitted
build	Cache Android SDK	2026-06-06T12:22:49.0534141Z /usr/bin/tar: ../../../../../usr/local/lib/android/sdk/platforms/android-36-ext19/data/res/values-mcc302-mnc370-sv: Cannot utime: Operation not permitted
build	Cache Android SDK	2026-06-06T12:22:49.0535991Z /usr/bin/tar: ../../../../../usr/local/lib/android/sdk/platforms/android-36-ext19/data/res/values-mcc302-mnc370-sv: Cannot change mode to rwxr-xr-x: Operation not permitted
build	Cache Android SDK	2026-06-06T12:22:49.0546142Z /usr/bin/tar: ../../../../../usr/local/lib/android/sdk/platforms/android-36-ext19/data/res/values-mcc310-mnc170-fa: Cannot utime: Operation not permitted
build	Cache Android SDK	2026-06-06T12:22:49.0547564Z /usr/bin/tar: ../../../../../usr/local/lib/android/sdk/platforms/android-36-ext19/data/res/values-mcc310-mnc170-fa: Cannot change mode to rwxr-xr-x: Operation not permitted
build	Cache Android SDK	2026-06-06T12:22:49.0548937Z /usr/bin/tar: ../../../../../usr/local/lib/android/sdk/platforms/android-36-ext19/data/res/values-port: Cannot utime: Operation not permitted
build	Cache Android SDK	2026-06-06T12:22:49.0550519Z /usr/bin/tar: ../../../../../usr/local/lib/android/sdk/platforms/android-36-ext19/data/res/values-port: Cannot change mode to rwxr-xr-x: Operation not permitted
build	Cache Android SDK	2026-06-06T12:22:49.0552126Z /usr/bin/tar: ../../../../../usr/local/lib/android/sdk/platforms/android-36-ext19/data/res/drawable-en-hdpi: Cannot utime: Operation not permitted
build	Cache Android SDK	2026-06-06T12:22:49.0553753Z /usr/bin/tar: ../../../../../usr/local/lib/android/sdk/platforms/android-36-ext19/data/res/drawable-en-hdpi: Cannot change mode to rwxr-xr-x: Operation not permitted
build	Cache Android SDK	2026-06-06T12:22:49.0555543Z /usr/bin/tar: ../../../../../usr/local/lib/android/sdk/platforms/android-36-ext19/data/res/values-mcc310-mnc230-mn: Cannot utime: Operation not permitted
build	Cache Android SDK	2026-06-06T12:22:49.0556765Z /usr/bin/tar: ../../../../../usr/local/lib/android/sdk/platforms/android-36-ext19/data/res/values-mcc310-mnc230-mn: Cannot change mode to rwxr-xr-x: Operation not permitted
build	Cache Android SDK	2026-06-06T12:22:49.0564354Z /usr/bin/tar: ../../../../../usr/local/lib/android/sdk/platforms/android-36-ext19/data/res/values-es: Cannot utime: Operation not permitted
build	Cache Android SDK	2026-06-06T12:22:49.0566042Z /usr/bin/tar: ../../../../../usr/local/lib/android/sdk/platforms/android-36-ext19/data/res/values-es: Cannot change mode to rwxr-xr-x: Operation not permitted
build	Cache Android SDK	2026-06-06T12:22:49.0567936Z /usr/bin/tar: ../../../../../usr/local/lib/android/sdk/platforms/android-36-ext19/data/res/values-mcc310-mnc800-km: Cannot utime: Operation not permitted
build	Cache Android SDK	2026-06-06T12:22:49.0569811Z /usr/bin/tar: ../../../../../usr/local/lib/android/sdk/platforms/android-36-ext19/data/res/values-mcc310-mnc800-km: Cannot change mode to rwxr-xr-x: Operation not permitted
build	Cache Android SDK	2026-06-06T12:22:49.0673060Z /usr/bin/tar: ../../../../../usr/local/lib/android/sdk/platforms/android-36-ext19/data/res/values-mcc334-mnc020-en-rAU: Cannot utime: Operation not permitted
build	Cache Android SDK	2026-06-06T12:22:49.0675466Z /usr/bin/tar: ../../../../../usr/local/lib/android/sdk/platforms/android-36-ext19/data/res/values-mcc334-mnc020-en-rAU: Cannot change mode to rwxr-xr-x: Operation not permitted
build	Cache Android SDK	2026-06-06T12:22:49.0678346Z /usr/bin/tar: ../../../../../usr/local/lib/android/sdk/platforms/android-36-ext19/data/res/values-mcc310-mnc170-tl: Cannot utime: Operation not permitted
build	Cache Android SDK	2026-06-06T12:22:49.0680836Z /usr/bin/tar: ../../../../../usr/local/lib/android/sdk/platforms/android-36-ext19/data/res/values-mcc310-mnc170-tl: Cannot change mode to rwxr-xr-x: Operation not permitted
build	Cache Android SDK	2026-06-06T12:22:49.0682045Z /usr/bin/tar: ../../../../../usr/local/lib/android/sdk/platforms/android-36-ext19/data/res/values-mcc311-mnc180-lt: Cannot utime: Operation not permitted
build	Cache Android SDK	2026-06-06T12:22:49.0683186Z /usr/bin/tar: ../../../../../usr/local/lib/android/sdk/platforms/android-36-ext19/data/res/values-mcc311-mnc180-lt: Cannot change mode to rwxr-xr-x: Operation not permitted
build	Cache Android SDK	2026-06-06T12:22:49.0684793Z /usr/bin/tar: ../../../../../usr/local/lib/android/sdk/platforms/android-36-ext19/data/res/values-en-rIN-television: Cannot utime: Operation not permitted
build	Cache Android SDK	2026-06-06T12:22:49.0687189Z /usr/bin/tar: ../../../../../usr/local/lib/android/sdk/platforms/android-36-ext19/data/res/values-en-rIN-television: Cannot change mode to rwxr-xr-x: Operation not permitted
build	Cache Android SDK	2026-06-06T12:22:49.0689929Z /usr/bin/tar: ../../../../../usr/local/lib/android/sdk/platforms/android-36-ext19/data/res/values-mcc310-mnc270-nl: Cannot utime: Operation not permitted
build	Cache Android SDK	2026-06-06T12:22:49.0691978Z /usr/bin/tar: ../../../../../usr/local/lib/android/sdk/platforms/android-36-ext19/data/res/values-mcc310-mnc270-nl: Cannot change mode to rwxr-xr-x: Operation not permitted
build	Cache Android SDK	2026-06-06T12:22:49.0694040Z /usr/bin/tar: ../../../../../usr/local/lib/android/sdk/platforms/android-36-ext19/data/res/values-mcc334-mnc020-hu: Cannot utime: Operation not permitted
build	Cache Android SDK	2026-06-06T12:22:49.0696185Z /usr/bin/tar: ../../../../../usr/local/lib/android/sdk/platforms/android-36-ext19/data/res/values-mcc334-mnc020-hu: Cannot change mode to rwxr-xr-x: Operation not permitted
build	Cache Android SDK	2026-06-06T12:22:49.0698501Z /usr/bin/tar: ../../../../../usr/local/lib/android/sdk/platforms/android-36-ext19/data/res/values-mcc310-mnc220-gl: Cannot utime: Operation not permitted
build	Cache Android SDK	2026-06-06T12:22:49.0699810Z /usr/bin/tar: ../../../../../usr/local/lib/android/sdk/platforms/android-36-ext19/data/res/values-mcc310-mnc220-gl: Cannot change mode to rwxr-xr-x: Operation not permitted
build	Cache Android SDK	2026-06-06T12:22:49.0703544Z /usr/bin/tar: ../../../../../usr/local/lib/android/sdk/platforms/android-36-ext19/data/res/values-mcc310-mnc220-zh-rHK: Cannot utime: Operation not permitted
build	Cache Android SDK	2026-06-06T12:22:49.0705826Z /usr/bin/tar: ../../../../../usr/local/lib/android/sdk/platforms/android-36-ext19/data/res/values-mcc310-mnc220-zh-rHK: Cannot change mode to rwxr-xr-x: Operation not permitted
build	Cache Android SDK	2026-06-06T12:22:49.0707759Z /usr/bin/tar: ../../../../../usr/local/lib/android/sdk/platforms/android-36-ext19/data/res/values-sw720dp-w1280dp: Cannot utime: Operation not permitted
build	Cache Android SDK	2026-06-06T12:22:49.0709488Z /usr/bin/tar: ../../../../../usr/local/lib/android/sdk/platforms/android-36-ext19/data/res/values-sw720dp-w1280dp: Cannot change mode to rwxr-xr-x: Operation not permitted
build	Cache Android SDK	2026-06-06T12:22:49.0719059Z /usr/bin/tar: ../../../../../usr/local/lib/android/sdk/platforms/android-36-ext19/data/res/values-mcc310-mnc030-pt-rPT: Cannot utime: Operation not permitted
build	Cache Android SDK	2026-06-06T12:22:49.0720850Z /usr/bin/tar: ../../../../../usr/local/lib/android/sdk/platforms/android-36-ext19/data/res/values-mcc310-mnc030-pt-rPT: Cannot change mode to rwxr-xr-x: Operation not permitted
build	Cache Android SDK	2026-06-06T12:22:49.0722421Z /usr/bin/tar: ../../../../../usr/local/lib/android/sdk/platforms/android-36-ext19/data/res/values-mcc313-mnc100-ca: Cannot utime: Operation not permitted
build	Cache Android SDK	2026-06-06T12:22:49.0724208Z /usr/bin/tar: ../../../../../usr/local/lib/android/sdk/platforms/android-36-ext19/data/res/values-mcc313-mnc100-ca: Cannot change mode to rwxr-xr-x: Operation not permitted
build	Cache Android SDK	2026-06-06T12:22:49.0732771Z /usr/bin/tar: ../../../../../usr/local/lib/android/sdk/platforms/android-36-ext19/data/res/values-mcc310-mnc660-de: Cannot utime: Operation not permitted
build	Cache Android SDK	2026-06-06T12:22:49.0734865Z /usr/bin/tar: ../../../../../usr/local/lib/android/sdk/platforms/android-36-ext19/data/res/values-mcc310-mnc660-de: Cannot change mode to rwxr-xr-x: Operation not permitted
build	Cache Android SDK	2026-06-06T12:22:49.0737246Z /usr/bin/tar: ../../../../../usr/local/lib/android/sdk/platforms/android-36-ext19/data/res/values-mcc310-mnc160-fr-rCA: Cannot utime: Operation not permitted
build	Cache Android SDK	2026-06-06T12:22:49.0739666Z /usr/bin/tar: ../../../../../usr/local/lib/android/sdk/platforms/android-36-ext19/data/res/values-mcc310-mnc160-fr-rCA: Cannot change mode to rwxr-xr-x: Operation not permitted
build	Cache Android SDK	2026-06-06T12:22:49.0741603Z /usr/bin/tar: ../../../../../usr/local/lib/android/sdk/platforms/android-36-ext19/data/res/values-mcc312-mnc670-or: Cannot utime: Operation not permitted
build	Cache Android SDK	2026-06-06T12:22:49.0743089Z /usr/bin/tar: ../../../../../usr/local/lib/android/sdk/platforms/android-36-ext19/data/res/values-mcc312-mnc670-or: Cannot change mode to rwxr-xr-x: Operation not permitted
build	Cache Android SDK	2026-06-06T12:22:49.0744543Z /usr/bin/tar: ../../../../../usr/local/lib/android/sdk/platforms/android-36-ext19/data/res/values-mcc310-mnc210-da: Cannot utime: Operation not permitted
build	Cache Android SDK	2026-06-06T12:22:49.0746396Z /usr/bin/tar: ../../../../../usr/local/lib/android/sdk/platforms/android-36-ext19/data/res/values-mcc310-mnc210-da: Cannot change mode to rwxr-xr-x: Operation not permitted
build	Cache Android SDK	2026-06-06T12:22:49.0747888Z /usr/bin/tar: ../../../../../usr/local/lib/android/sdk/platforms/android-36-ext19/data/res/values-mcc310-mnc310-sk: Cannot utime: Operation not permitted
build	Cache Android SDK	2026-06-06T12:22:49.0749318Z /usr/bin/tar: ../../../../../usr/local/lib/android/sdk/platforms/android-36-ext19/data/res/values-mcc310-mnc310-sk: Cannot change mode to rwxr-xr-x: Operation not permitted
build	Cache Android SDK	2026-06-06T12:22:49.0751191Z /usr/bin/tar: ../../../../../usr/local/lib/android/sdk/platforms/android-36-ext19/data/res/values-mcc310-mnc200-in: Cannot utime: Operation not permitted
build	Cache Android SDK	2026-06-06T12:22:49.0752349Z /usr/bin/tar: ../../../../../usr/local/lib/android/sdk/platforms/android-36-ext19/data/res/values-mcc310-mnc200-in: Cannot change mode to rwxr-xr-x: Operation not permitted
build	Cache Android SDK	2026-06-06T12:22:49.0753290Z /usr/bin/tar: ../../../../../usr/local/lib/android/sdk/platforms/android-36-ext19/data/res/values-mcc310-mnc170-af: Cannot utime: Operation not permitted
build	Cache Android SDK	2026-06-06T12:22:49.0754578Z /usr/bin/tar: ../../../../../usr/local/lib/android/sdk/platforms/android-36-ext19/data/res/values-mcc310-mnc170-af: Cannot change mode to rwxr-xr-x: Operation not permitted
build	Cache Android SDK	2026-06-06T12:22:49.0762890Z /usr/bin/tar: ../../../../../usr/local/lib/android/sdk/platforms/android-36-ext19/data/res/values-hu: Cannot utime: Operation not permitted
build	Cache Android SDK	2026-06-06T12:22:49.0766055Z /usr/bin/tar: ../../../../../usr/local/lib/android/sdk/platforms/android-36-ext19/data/res/values-hu: Cannot change mode to rwxr-xr-x: Operation not permitted
build	Cache Android SDK	2026-06-06T12:22:49.0767769Z /usr/bin/tar: ../../../../../usr/local/lib/android/sdk/platforms/android-36-ext19/data/res/values-mcc310-mnc950-en-rXC: Cannot utime: Operation not permitted
build	Cache Android SDK	2026-06-06T12:22:49.0769079Z /usr/bin/tar: ../../../../../usr/local/lib/android/sdk/platforms/android-36-ext19/data/res/values-mcc310-mnc950-en-rXC: Cannot change mode to rwxr-xr-x: Operation not permitted
build	Cache Android SDK	2026-06-06T12:22:49.0770451Z /usr/bin/tar: ../../../../../usr/local/lib/android/sdk/platforms/android-36-ext19/data/res/values-mcc310: Cannot utime: Operation not permitted
build	Cache Android SDK	2026-06-06T12:22:49.0771418Z /usr/bin/tar: ../../../../../usr/local/lib/android/sdk/platforms/android-36-ext19/data/res/values-mcc310: Cannot change mode to rwxr-xr-x: Operation not permitted
build	Cache Android SDK	2026-06-06T12:22:49.0773502Z /usr/bin/tar: ../../../../../usr/local/lib/android/sdk/platforms/android-36-ext19/data/res/values-mcc312-mnc670-fi: Cannot utime: Operation not permitted
build	Cache Android SDK	2026-06-06T12:22:49.0774602Z /usr/bin/tar: ../../../../../usr/local/lib/android/sdk/platforms/android-36-ext19/data/res/values-mcc312-mnc670-fi: Cannot change mode to rwxr-xr-x: Operation not permitted
build	Cache Android SDK	2026-06-06T12:22:49.0776446Z /usr/bin/tar: ../../../../../usr/local/lib/android/sdk/platforms/android-36-ext19/data/res/values-es-rUS-television: Cannot utime: Operation not permitted
build	Cache Android SDK	2026-06-06T12:22:49.0777657Z /usr/bin/tar: ../../../../../usr/local/lib/android/sdk/platforms/android-36-ext19/data/res/values-es-rUS-television: Cannot change mode to rwxr-xr-x: Operation not permitted
build	Cache Android SDK	2026-06-06T12:22:49.0803510Z /usr/bin/tar: ../../../../../usr/local/lib/android/sdk/platforms/android-36-ext19/data/res/values-mcc310-mnc950-mn: Cannot utime: Operation not permitted
build	Cache Android SDK	2026-06-06T12:22:49.0805722Z /usr/bin/tar: ../../../../../usr/local/lib/android/sdk/platforms/android-36-ext19/data/res/values-mcc310-mnc950-mn: Cannot change mode to rwxr-xr-x: Operation not permitted
build	Cache Android SDK	2026-06-06T12:22:49.0809083Z /usr/bin/tar: ../../../../../usr/local/lib/android/sdk/platforms/android-36-ext19/data/res/values-mcc310-mnc660-et: Cannot utime: Operation not permitted
build	Cache Android SDK	2026-06-06T12:22:49.0810487Z /usr/bin/tar: ../../../../../usr/local/lib/android/sdk/platforms/android-36-ext19/data/res/values-mcc310-mnc660-et: Cannot change mode to rwxr-xr-x: Operation not permitted
build	Cache Android SDK	2026-06-06T12:22:49.0811892Z /usr/bin/tar: ../../../../../usr/local/lib/android/sdk/platforms/android-36-ext19/data/res/values-mcc310-mnc210-ar: Cannot utime: Operation not permitted
build	Cache Android SDK	2026-06-06T12:22:49.0812841Z /usr/bin/tar: ../../../../../usr/local/lib/android/sdk/platforms/android-36-ext19/data/res/values-mcc310-mnc210-ar: Cannot change mode to rwxr-xr-x: Operation not permitted
build	Cache Android SDK	2026-06-06T12:22:49.0818402Z /usr/bin/tar: ../../../../../usr/local/lib/android/sdk/platforms/android-36-ext19/data/res/values-mcc310-mnc270-hi: Cannot utime: Operation not permitted
build	Cache Android SDK	2026-06-06T12:22:49.0819436Z /usr/bin/tar: ../../../../../usr/local/lib/android/sdk/platforms/android-36-ext19/data/res/values-mcc310-mnc270-hi: Cannot change mode to rwxr-xr-x: Operation not permitted
build	Cache Android SDK	2026-06-06T12:22:49.0824110Z /usr/bin/tar: ../../../../../usr/local/lib/android/sdk/platforms/android-36-ext19/data/res/values-mcc311-mnc180-in: Cannot utime: Operation not permitted
build	Cache Android SDK	2026-06-06T12:22:49.0825779Z /usr/bin/tar: ../../../../../usr/local/lib/android/sdk/platforms/android-36-ext19/data/res/values-mcc311-mnc180-in: Cannot change mode to rwxr-xr-x: Operation not permitted
build	Cache Android SDK	2026-06-06T12:22:49.0827551Z /usr/bin/tar: ../../../../../usr/local/lib/android/sdk/platforms/android-36-ext19/data/res/values-mcc310-mnc240-hy: Cannot utime: Operation not permitted
build	Cache Android SDK	2026-06-06T12:22:49.0829378Z /usr/bin/tar: ../../../../../usr/local/lib/android/sdk/platforms/android-36-ext19/data/res/values-mcc310-mnc240-hy: Cannot change mode to rwxr-xr-x: Operation not permitted
build	Cache Android SDK	2026-06-06T12:22:49.0831727Z /usr/bin/tar: ../../../../../usr/local/lib/android/sdk/platforms/android-36-ext19/data/res/values-lv-watch: Cannot utime: Operation not permitted
build	Cache Android SDK	2026-06-06T12:22:49.0832920Z /usr/bin/tar: ../../../../../usr/local/lib/android/sdk/platforms/android-36-ext19/data/res/values-lv-watch: Cannot change mode to rwxr-xr-x: Operation not permitted
build	Cache Android SDK	2026-06-06T12:22:49.0836977Z /usr/bin/tar: ../../../../../usr/local/lib/android/sdk/platforms/android-36-ext19/data/res/values-mcc302-mnc720-ta: Cannot utime: Operation not permitted
build	Cache Android SDK	2026-06-06T12:22:49.0838965Z /usr/bin/tar: ../../../../../usr/local/lib/android/sdk/platforms/android-36-ext19/data/res/values-mcc302-mnc720-ta: Cannot change mode to rwxr-xr-x: Operation not permitted
build	Cache Android SDK	2026-06-06T12:22:49.0840593Z /usr/bin/tar: ../../../../../usr/local/lib/android/sdk/platforms/android-36-ext19/data/res/values-mcc310-mnc200-th: Cannot utime: Operation not permitted
build	Cache Android SDK	2026-06-06T12:22:49.0841570Z /usr/bin/tar: ../../../../../usr/local/lib/android/sdk/platforms/android-36-ext19/data/res/values-mcc310-mnc200-th: Cannot change mode to rwxr-xr-x: Operation not permitted
build	Cache Android SDK	2026-06-06T12:22:49.0855814Z /usr/bin/tar: ../../../../../usr/local/lib/android/sdk/platforms/android-36-ext19/data/res/values-mcc310-mnc160-ta: Cannot utime: Operation not permitted
build	Cache Android SDK	2026-06-06T12:22:49.0856846Z /usr/bin/tar: ../../../../../usr/local/lib/android/sdk/platforms/android-36-ext19/data/res/values-mcc310-mnc160-ta: Cannot change mode to rwxr-xr-x: Operation not permitted
build	Cache Android SDK	2026-06-06T12:22:49.0858206Z /usr/bin/tar: ../../../../../usr/local/lib/android/sdk/platforms/android-36-ext19/data/res/values-et-rEE: Cannot utime: Operation not permitted
build	Cache Android SDK	2026-06-06T12:22:49.0868526Z /usr/bin/tar: ../../../../../usr/local/lib/android/sdk/platforms/android-36-ext19/data/res/values-et-rEE: Cannot change mode to rwxr-xr-x: Operation not permitted
build	Cache Android SDK	2026-06-06T12:22:49.0869755Z /usr/bin/tar: ../../../../../usr/local/lib/android/sdk/platforms/android-36-ext19/data/res/values-mcc310-mnc210-lt: Cannot utime: Operation not permitted
build	Cache Android SDK	2026-06-06T12:22:49.0871556Z /usr/bin/tar: ../../../../../usr/local/lib/android/sdk/platforms/android-36-ext19/data/res/values-mcc310-mnc210-lt: Cannot change mode to rwxr-xr-x: Operation not permitted
build	Cache Android SDK	2026-06-06T12:22:49.0873462Z /usr/bin/tar: ../../../../../usr/local/lib/android/sdk/platforms/android-36-ext19/data/res/values-mcc310-mnc490-my: Cannot utime: Operation not permitted
build	Cache Android SDK	2026-06-06T12:22:49.0875163Z /usr/bin/tar: ../../../../../usr/local/lib/android/sdk/platforms/android-36-ext19/data/res/values-mcc310-mnc490-my: Cannot change mode to rwxr-xr-x: Operation not permitted
build	Cache Android SDK	2026-06-06T12:22:49.0876792Z /usr/bin/tar: ../../../../../usr/local/lib/android/sdk/platforms/android-36-ext19/data/res/values-it-watch: Cannot utime: Operation not permitted
build	Cache Android SDK	2026-06-06T12:22:49.0878261Z /usr/bin/tar: ../../../../../usr/local/lib/android/sdk/platforms/android-36-ext19/data/res/values-it-watch: Cannot change mode to rwxr-xr-x: Operation not permitted
build	Cache Android SDK	2026-06-06T12:22:49.0879205Z /usr/bin/tar: ../../../../../usr/local/lib/android/sdk/platforms/android-36-ext19/data/res/values-mcc310-mnc240-ja: Cannot utime: Operation not permitted
build	Cache Android SDK	2026-06-06T12:22:49.0880770Z /usr/bin/tar: ../../../../../usr/local/lib/android/sdk/platforms/android-36-ext19/data/res/values-mcc310-mnc240-ja: Cannot change mode to rwxr-xr-x: Operation not permitted
build	Cache Android SDK	2026-06-06T12:22:49.0881941Z /usr/bin/tar: ../../../../../usr/local/lib/android/sdk/platforms/android-36-ext19/data/res/values-mcc310-mnc210-zu: Cannot utime: Operation not permitted
build	Cache Android SDK	2026-06-06T12:22:49.0882936Z /usr/bin/tar: ../../../../../usr/local/lib/android/sdk/platforms/android-36-ext19/data/res/values-mcc310-mnc210-zu: Cannot change mode to rwxr-xr-x: Operation not permitted
build	Cache Android SDK	2026-06-06T12:22:49.0884600Z /usr/bin/tar: ../../../../../usr/local/lib/android/sdk/platforms/android-36-ext19/data/res/values-mcc310-mnc250-pa: Cannot utime: Operation not permitted
build	Cache Android SDK	2026-06-06T12:22:49.0885560Z /usr/bin/tar: ../../../../../usr/local/lib/android/sdk/platforms/android-36-ext19/data/res/values-mcc310-mnc250-pa: Cannot change mode to rwxr-xr-x: Operation not permitted
build	Cache Android SDK	2026-06-06T12:22:49.0886731Z /usr/bin/tar: ../../../../../usr/local/lib/android/sdk/platforms/android-36-ext19/data/res/values-mcc310-mnc030-sr: Cannot utime: Operation not permitted
build	Cache Android SDK	2026-06-06T12:22:49.0888232Z /usr/bin/tar: ../../../../../usr/local/lib/android/sdk/platforms/android-36-ext19/data/res/values-mcc310-mnc030-sr: Cannot change mode to rwxr-xr-x: Operation not permitted
build	Cache Android SDK	2026-06-06T12:22:49.0889217Z /usr/bin/tar: ../../../../../usr/local/lib/android/sdk/platforms/android-36-ext19/data/res/values-mcc310-mnc950-pt: Cannot utime: Operation not permitted
build	Cache Android SDK	2026-06-06T12:22:49.0890361Z /usr/bin/tar: ../../../../../usr/local/lib/android/sdk/platforms/android-36-ext19/data/res/values-mcc310-mnc950-pt: Cannot change mode to rwxr-xr-x: Operation not permitted
build	Cache Android SDK	2026-06-06T12:22:49.0891851Z /usr/bin/tar: ../../../../../usr/local/lib/android/sdk/platforms/android-36-ext19/data/res/values-mcc310-mnc560-pa: Cannot utime: Operation not permitted
build	Cache Android SDK	2026-06-06T12:22:49.0893242Z /usr/bin/tar: ../../../../../usr/local/lib/android/sdk/platforms/android-36-ext19/data/res/values-mcc310-mnc560-pa: Cannot change mode to rwxr-xr-x: Operation not permitted
build	Cache Android SDK	2026-06-06T12:22:49.0899467Z /usr/bin/tar: ../../../../../usr/local/lib/android/sdk/platforms/android-36-ext19/data/res/values-mcc310-mnc220-es-rUS: Cannot utime: Operation not permitted
build	Cache Android SDK	2026-06-06T12:22:49.0901063Z /usr/bin/tar: ../../../../../usr/local/lib/android/sdk/platforms/android-36-ext19/data/res/values-mcc310-mnc220-es-rUS: Cannot change mode to rwxr-xr-x: Operation not permitted
build	Cache Android SDK	2026-06-06T12:22:49.0902674Z /usr/bin/tar: ../../../../../usr/local/lib/android/sdk/platforms/android-36-ext19/data/res/values-mcc310-mnc660-bg: Cannot utime: Operation not permitted
build	Cache Android SDK	2026-06-06T12:22:49.0904054Z /usr/bin/tar: ../../../../../usr/local/lib/android/sdk/platforms/android-36-ext19/data/res/values-mcc310-mnc660-bg: Cannot change mode to rwxr-xr-x: Operation not permitted
build	Cache Android SDK	2026-06-06T12:22:49.0905177Z /usr/bin/tar: ../../../../../usr/local/lib/android/sdk/platforms/android-36-ext19/data/res/values-mcc310-mnc380-fa: Cannot utime: Operation not permitted
build	Cache Android SDK	2026-06-06T12:22:49.0907021Z /usr/bin/tar: ../../../../../usr/local/lib/android/sdk/platforms/android-36-ext19/data/res/values-mcc310-mnc380-fa: Cannot change mode to rwxr-xr-x: Operation not permitted
build	Cache Android SDK	2026-06-06T12:22:49.0908380Z /usr/bin/tar: ../../../../../usr/local/lib/android/sdk/platforms/android-36-ext19/data/res/values-mcc001-mnc01-km: Cannot utime: Operation not permitted
build	Cache Android SDK	2026-06-06T12:22:49.0910009Z /usr/bin/tar: ../../../../../usr/local/lib/android/sdk/platforms/android-36-ext19/data/res/values-mcc001-mnc01-km: Cannot change mode to rwxr-xr-x: Operation not permitted
build	Cache Android SDK	2026-06-06T12:22:49.0911282Z /usr/bin/tar: ../../../../../usr/local/lib/android/sdk/platforms/android-36-ext19/data/res/values-mcc310-mnc030-el: Cannot utime: Operation not permitted
build	Cache Android SDK	2026-06-06T12:22:49.0912727Z /usr/bin/tar: ../../../../../usr/local/lib/android/sdk/platforms/android-36-ext19/data/res/values-mcc310-mnc030-el: Cannot change mode to rwxr-xr-x: Operation not permitted
build	Cache Android SDK	2026-06-06T12:22:49.0914684Z /usr/bin/tar: ../../../../../usr/local/lib/android/sdk/platforms/android-36-ext19/data/res/values-mcc310-mnc660-ky: Cannot utime: Operation not permitted
build	Cache Android SDK	2026-06-06T12:22:49.0916322Z /usr/bin/tar: ../../../../../usr/local/lib/android/sdk/platforms/android-36-ext19/data/res/values-mcc310-mnc660-ky: Cannot change mode to rwxr-xr-x: Operation not permitted
build	Cache Android SDK	2026-06-06T12:22:49.0921555Z /usr/bin/tar: ../../../../../usr/local/lib/android/sdk/platforms/android-36-ext19/data/res/values-mcc310-mnc210-uz: Cannot utime: Operation not permitted
build	Cache Android SDK	2026-06-06T12:22:49.0922931Z /usr/bin/tar: ../../../../../usr/local/lib/android/sdk/platforms/android-36-ext19/data/res/values-mcc310-mnc210-uz: Cannot change mode to rwxr-xr-x: Operation not permitted
build	Cache Android SDK	2026-06-06T12:22:49.0924608Z /usr/bin/tar: ../../../../../usr/local/lib/android/sdk/platforms/android-36-ext19/data/res/values-mcc310-mnc310-ur: Cannot utime: Operation not permitted
build	Cache Android SDK	2026-06-06T12:22:49.0926554Z /usr/bin/tar: ../../../../../usr/local/lib/android/sdk/platforms/android-36-ext19/data/res/values-mcc310-mnc310-ur: Cannot change mode to rwxr-xr-x: Operation not permitted
build	Cache Android SDK	2026-06-06T12:22:49.0928482Z /usr/bin/tar: ../../../../../usr/local/lib/android/sdk/platforms/android-36-ext19/data/res/values-mcc310-mnc270-kn: Cannot utime: Operation not permitted
build	Cache Android SDK	2026-06-06T12:22:49.0930352Z /usr/bin/tar: ../../../../../usr/local/lib/android/sdk/platforms/android-36-ext19/data/res/values-mcc310-mnc270-kn: Cannot change mode to rwxr-xr-x: Operation not permitted
build	Cache Android SDK	2026-06-06T12:22:49.0935039Z /usr/bin/tar: ../../../../../usr/local/lib/android/sdk/platforms/android-36-ext19/data/res/values-mcc302-mnc370-or: Cannot utime: Operation not permitted
build	Cache Android SDK	2026-06-06T12:22:49.0936206Z /usr/bin/tar: ../../../../../usr/local/lib/android/sdk/platforms/android-36-ext19/data/res/values-mcc302-mnc370-or: Cannot change mode to rwxr-xr-x: Operation not permitted
build	Cache Android SDK	2026-06-06T12:22:49.0937887Z /usr/bin/tar: ../../../../../usr/local/lib/android/sdk/platforms/android-36-ext19/data/res/values-mcc310-mnc150-hr: Cannot utime: Operation not permitted
build	Cache Android SDK	2026-06-06T12:22:49.0940022Z /usr/bin/tar: ../../../../../usr/local/lib/android/sdk/platforms/android-36-ext19/data/res/values-mcc310-mnc150-hr: Cannot change mode to rwxr-xr-x: Operation not permitted
build	Cache Android SDK	2026-06-06T12:22:49.0946116Z /usr/bin/tar: ../../../../../usr/local/lib/android/sdk/platforms/android-36-ext19/data/res/values-te: Cannot utime: Operation not permitted
build	Cache Android SDK	2026-06-06T12:22:49.0947956Z /usr/bin/tar: ../../../../../usr/local/lib/android/sdk/platforms/android-36-ext19/data/res/values-te: Cannot change mode to rwxr-xr-x: Operation not permitted
build	Cache Android SDK	2026-06-06T12:22:49.0949355Z /usr/bin/tar: ../../../../../usr/local/lib/android/sdk/platforms/android-36-ext19/data/res/values-fr-masculine: Cannot utime: Operation not permitted
build	Cache Android SDK	2026-06-06T12:22:49.0950716Z /usr/bin/tar: ../../../../../usr/local/lib/android/sdk/platforms/android-36-ext19/data/res/values-fr-masculine: Cannot change mode to rwxr-xr-x: Operation not permitted
build	Cache Android SDK	2026-06-06T12:22:49.0958228Z /usr/bin/tar: ../../../../../usr/local/lib/android/sdk/platforms/android-36-ext19/data/res/values-mcc310-mnc490-es-rUS: Cannot utime: Operation not permitted
build	Cache Android SDK	2026-06-06T12:22:49.0960014Z /usr/bin/tar: ../../../../../usr/local/lib/android/sdk/platforms/android-36-ext19/data/res/values-mcc310-mnc490-es-rUS: Cannot change mode to rwxr-xr-x: Operation not permitted
build	Cache Android SDK	2026-06-06T12:22:49.0961894Z /usr/bin/tar: ../../../../../usr/local/lib/android/sdk/platforms/android-36-ext19/data/res/values-mcc310-mnc310-pt: Cannot utime: Operation not permitted
build	Cache Android SDK	2026-06-06T12:22:49.0962947Z /usr/bin/tar: ../../../../../usr/local/lib/android/sdk/platforms/android-36-ext19/data/res/values-mcc310-mnc310-pt: Cannot change mode to rwxr-xr-x: Operation not permitted
build	Cache Android SDK	2026-06-06T12:22:49.0968384Z /usr/bin/tar: ../../../../../usr/local/lib/android/sdk/platforms/android-36-ext19/data/res/values-mcc310-mnc200-bg: Cannot utime: Operation not permitted
build	Cache Android SDK	2026-06-06T12:22:49.0969372Z /usr/bin/tar: ../../../../../usr/local/lib/android/sdk/platforms/android-36-ext19/data/res/values-mcc310-mnc200-bg: Cannot change mode to rwxr-xr-x: Operation not permitted
build	Cache Android SDK	2026-06-06T12:22:49.0971640Z /usr/bin/tar: ../../../../../usr/local/lib/android/sdk/platforms/android-36-ext19/data/res/values-mcc312-mnc670-fr: Cannot utime: Operation not permitted
build	Cache Android SDK	2026-06-06T12:22:49.0972605Z /usr/bin/tar: ../../../../../usr/local/lib/android/sdk/platforms/android-36-ext19/data/res/values-mcc312-mnc670-fr: Cannot change mode to rwxr-xr-x: Operation not permitted
build	Cache Android SDK	2026-06-06T12:22:49.0975964Z /usr/bin/tar: ../../../../../usr/local/lib/android/sdk/platforms/android-36-ext19/data/res/values-mcc310-mnc560-th: Cannot utime: Operation not permitted
build	Cache Android SDK	2026-06-06T12:22:49.0977006Z /usr/bin/tar: ../../../../../usr/local/lib/android/sdk/platforms/android-36-ext19/data/res/values-mcc310-mnc560-th: Cannot change mode to rwxr-xr-x: Operation not permitted
build	Cache Android SDK	2026-06-06T12:22:49.1285618Z /usr/bin/tar: ../../../../../usr/local/lib/android/sdk/platforms/android-36-ext19/data/res/values-mcc312-mnc670-ta: Cannot utime: Operation not permitted
build	Cache Android SDK	2026-06-06T12:22:49.1287951Z /usr/bin/tar: ../../../../../usr/local/lib/android/sdk/platforms/android-36-ext19/data/res/values-mcc312-mnc670-ta: Cannot change mode to rwxr-xr-x: Operation not permitted
build	Cache Android SDK	2026-06-06T12:22:49.1289745Z /usr/bin/tar: ../../../../../usr/local/lib/android/sdk/platforms/android-36-ext19/data/res/values-it-masculine: Cannot utime: Operation not permitted
build	Cache Android SDK	2026-06-06T12:22:49.1291480Z /usr/bin/tar: ../../../../../usr/local/lib/android/sdk/platforms/android-36-ext19/data/res/values-it-masculine: Cannot change mode to rwxr-xr-x: Operation not permitted
build	Cache Android SDK	2026-06-06T12:22:49.1293450Z /usr/bin/tar: ../../../../../usr/local/lib/android/sdk/platforms/android-36-ext19/data/res/values-mcc312-mnc670-tr: Cannot utime: Operation not permitted
build	Cache Android SDK	2026-06-06T12:22:49.1295263Z /usr/bin/tar: ../../../../../usr/local/lib/android/sdk/platforms/android-36-ext19/data/res/values-mcc312-mnc670-tr: Cannot change mode to rwxr-xr-x: Operation not permitted
build	Cache Android SDK	2026-06-06T12:22:49.1297548Z /usr/bin/tar: ../../../../../usr/local/lib/android/sdk/platforms/android-36-ext19/data/res/values-mcc310-mnc210-zh-rTW: Cannot utime: Operation not permitted
build	Cache Android SDK	2026-06-06T12:22:49.1299287Z /usr/bin/tar: ../../../../../usr/local/lib/android/sdk/platforms/android-36-ext19/data/res/values-mcc310-mnc210-zh-rTW: Cannot change mode to rwxr-xr-x: Operation not permitted
build	Cache Android SDK	2026-06-06T12:22:49.1301036Z /usr/bin/tar: ../../../../../usr/local/lib/android/sdk/platforms/android-36-ext19/data/res/raw-de: Cannot utime: Operation not permitted
build	Cache Android SDK	2026-06-06T12:22:49.1302533Z /usr/bin/tar: ../../../../../usr/local/lib/android/sdk/platforms/android-36-ext19/data/res/raw-de: Cannot change mode to rwxr-xr-x: Operation not permitted
build	Cache Android SDK	2026-06-06T12:22:49.1304205Z /usr/bin/tar: ../../../../../usr/local/lib/android/sdk/platforms/android-36-ext19/data/res/values-mcc312-mnc670-zh-rHK: Cannot utime: Operation not permitted
build	Cache Android SDK	2026-06-06T12:22:49.1306219Z /usr/bin/tar: ../../../../../usr/local/lib/android/sdk/platforms/android-36-ext19/data/res/values-mcc312-mnc670-zh-rHK: Cannot change mode to rwxr-xr-x: Operation not permitted
build	Cache Android SDK	2026-06-06T12:22:49.1309183Z /usr/bin/tar: ../../../../../usr/local/lib/android/sdk/platforms/android-36-ext19/data/res/values-mcc302-mnc370-ro: Cannot utime: Operation not permitted
build	Cache Android SDK	2026-06-06T12:22:49.1311110Z /usr/bin/tar: ../../../../../usr/local/lib/android/sdk/platforms/android-36-ext19/data/res/values-mcc302-mnc370-ro: Cannot change mode to rwxr-xr-x: Operation not permitted
build	Cache Android SDK	2026-06-06T12:22:49.1312940Z /usr/bin/tar: ../../../../../usr/local/lib/android/sdk/platforms/android-36-ext19/data/res/values-mcc310-mnc240-mn: Cannot utime: Operation not permitted
build	Cache Android SDK	2026-06-06T12:22:49.1314678Z /usr/bin/tar: ../../../../../usr/local/lib/android/sdk/platforms/android-36-ext19/data/res/values-mcc310-mnc240-mn: Cannot change mode to rwxr-xr-x: Operation not permitted
build	Cache Android SDK	2026-06-06T12:22:49.1318056Z /usr/bin/tar: ../../../../../usr/local/lib/android/sdk/platforms/android-36-ext19/data/res/values-mcc310-mnc240-bn: Cannot utime: Operation not permitted
build	Cache Android SDK	2026-06-06T12:22:49.1319887Z /usr/bin/tar: ../../../../../usr/local/lib/android/sdk/platforms/android-36-ext19/data/res/values-mcc310-mnc240-bn: Cannot change mode to rwxr-xr-x: Operation not permitted
build	Cache Android SDK	2026-06-06T12:22:49.1321662Z /usr/bin/tar: ../../../../../usr/local/lib/android/sdk/platforms/android-36-ext19/data/res/values-mcc310-mnc560-be: Cannot utime: Operation not permitted
build	Cache Android SDK	2026-06-06T12:22:49.1323514Z /usr/bin/tar: ../../../../../usr/local/lib/android/sdk/platforms/android-36-ext19/data/res/values-mcc310-mnc560-be: Cannot change mode to rwxr-xr-x: Operation not permitted
build	Cache Android SDK	2026-06-06T12:22:49.1325283Z /usr/bin/tar: ../../../../../usr/local/lib/android/sdk/platforms/android-36-ext19/data/res/values-mcc313-mnc100-th: Cannot utime: Operation not permitted
build	Cache Android SDK	2026-06-06T12:22:49.1326962Z /usr/bin/tar: ../../../../../usr/local/lib/android/sdk/platforms/android-36-ext19/data/res/values-mcc313-mnc100-th: Cannot change mode to rwxr-xr-x: Operation not permitted
build	Cache Android SDK	2026-06-06T12:22:49.1329204Z /usr/bin/tar: ../../../../../usr/local/lib/android/sdk/platforms/android-36-ext19/data/res/values-mcc310-mnc220-el: Cannot utime: Operation not permitted
build	Cache Android SDK	2026-06-06T12:22:49.1331187Z /usr/bin/tar: ../../../../../usr/local/lib/android/sdk/platforms/android-36-ext19/data/res/values-mcc310-mnc220-el: Cannot change mode to rwxr-xr-x: Operation not permitted
build	Cache Android SDK	2026-06-06T12:22:49.1332824Z /usr/bin/tar: ../../../../../usr/local/lib/android/sdk/platforms/android-36-ext19/data/res/values-mcc311-mnc180-si: Cannot utime: Operation not permitted
build	Cache Android SDK	2026-06-06T12:22:49.1334700Z /usr/bin/tar: ../../../../../usr/local/lib/android/sdk/platforms/android-36-ext19/data/res/values-mcc311-mnc180-si: Cannot change mode to rwxr-xr-x: Operation not permitted
build	Cache Android SDK	2026-06-06T12:22:49.1336425Z /usr/bin/tar: ../../../../../usr/local/lib/android/sdk/platforms/android-36-ext19/data/res/values-mcc310-mnc250-uk: Cannot utime: Operation not permitted
build	Cache Android SDK	2026-06-06T12:22:49.1338314Z /usr/bin/tar: ../../../../../usr/local/lib/android/sdk/platforms/android-36-ext19/data/res/values-mcc310-mnc250-uk: Cannot change mode to rwxr-xr-x: Operation not permitted
build	Cache Android SDK	2026-06-06T12:22:49.1340136Z /usr/bin/tar: ../../../../../usr/local/lib/android/sdk/platforms/android-36-ext19/data/res/values-mcc313-mnc100-en-rCA: Cannot utime: Operation not permitted
build	Cache Android SDK	2026-06-06T12:22:49.1342044Z /usr/bin/tar: ../../../../../usr/local/lib/android/sdk/platforms/android-36-ext19/data/res/values-mcc313-mnc100-en-rCA: Cannot change mode to rwxr-xr-x: Operation not permitted
build	Cache Android SDK	2026-06-06T12:22:49.1343708Z /usr/bin/tar: ../../../../../usr/local/lib/android/sdk/platforms/android-36-ext19/data/res/raw-ar: Cannot utime: Operation not permitted
build	Cache Android SDK	2026-06-06T12:22:49.1345309Z /usr/bin/tar: ../../../../../usr/local/lib/android/sdk/platforms/android-36-ext19/data/res/raw-ar: Cannot change mode to rwxr-xr-x: Operation not permitted
build	Cache Android SDK	2026-06-06T12:22:49.1346971Z /usr/bin/tar: ../../../../../usr/local/lib/android/sdk/platforms/android-36-ext19/data/res/values-mcc310-mnc660-ro: Cannot utime: Operation not permitted
build	Cache Android SDK	2026-06-06T12:22:49.1349174Z /usr/bin/tar: ../../../../../usr/local/lib/android/sdk/platforms/android-36-ext19/data/res/values-mcc310-mnc660-ro: Cannot change mode to rwxr-xr-x: Operation not permitted
build	Cache Android SDK	2026-06-06T12:22:49.1351124Z /usr/bin/tar: ../../../../../usr/local/lib/android/sdk/platforms/android-36-ext19/data/res/values-mcc312-mnc670-az: Cannot utime: Operation not permitted
build	Cache Android SDK	2026-06-06T12:22:49.1352912Z /usr/bin/tar: ../../../../../usr/local/lib/android/sdk/platforms/android-36-ext19/data/res/values-mcc312-mnc670-az: Cannot change mode to rwxr-xr-x: Operation not permitted
build	Cache Android SDK	2026-06-06T12:22:49.1354777Z /usr/bin/tar: ../../../../../usr/local/lib/android/sdk/platforms/android-36-ext19/data/res/values-mcc310-mnc250-in: Cannot utime: Operation not permitted
build	Cache Android SDK	2026-06-06T12:22:49.1356648Z /usr/bin/tar: ../../../../../usr/local/lib/android/sdk/platforms/android-36-ext19/data/res/values-mcc310-mnc250-in: Cannot change mode to rwxr-xr-x: Operation not permitted
build	Cache Android SDK	2026-06-06T12:22:49.1358673Z /usr/bin/tar: ../../../../../usr/local/lib/android/sdk/platforms/android-36-ext19/data/res/values-mcc313-mnc100-iw: Cannot utime: Operation not permitted
build	Cache Android SDK	2026-06-06T12:22:49.1360546Z /usr/bin/tar: ../../../../../usr/local/lib/android/sdk/platforms/android-36-ext19/data/res/values-mcc313-mnc100-iw: Cannot change mode to rwxr-xr-x: Operation not permitted
build	Cache Android SDK	2026-06-06T12:22:49.1362848Z /usr/bin/tar: ../../../../../usr/local/lib/android/sdk/platforms/android-36-ext19/data/res/values-w170dp-notround-watch: Cannot utime: Operation not permitted
build	Cache Android SDK	2026-06-06T12:22:49.1366591Z /usr/bin/tar: ../../../../../usr/local/lib/android/sdk/platforms/android-36-ext19/data/res/values-w170dp-notround-watch: Cannot change mode to rwxr-xr-x: Operation not permitted
build	Cache Android SDK	2026-06-06T12:22:49.1368467Z /usr/bin/tar: ../../../../../usr/local/lib/android/sdk/platforms/android-36-ext19/data/res/values-pa: Cannot utime: Operation not permitted
build	Cache Android SDK	2026-06-06T12:22:49.1370352Z /usr/bin/tar: ../../../../../usr/local/lib/android/sdk/platforms/android-36-ext19/data/res/values-pa: Cannot change mode to rwxr-xr-x: Operation not permitted
build	Cache Android SDK	2026-06-06T12:22:49.1372052Z /usr/bin/tar: ../../../../../usr/local/lib/android/sdk/platforms/android-36-ext19/data/res/values-mcc310-mnc240-sl: Cannot utime: Operation not permitted
build	Cache Android SDK	2026-06-06T12:22:49.1373982Z /usr/bin/tar: ../../../../../usr/local/lib/android/sdk/platforms/android-36-ext19/data/res/values-mcc310-mnc240-sl: Cannot change mode to rwxr-xr-x: Operation not permitted
build	Cache Android SDK	2026-06-06T12:22:49.1375870Z /usr/bin/tar: ../../../../../usr/local/lib/android/sdk/platforms/android-36-ext19/data/res/values-mcc310-mnc490-ky: Cannot utime: Operation not permitted
build	Cache Android SDK	2026-06-06T12:22:49.1377821Z /usr/bin/tar: ../../../../../usr/local/lib/android/sdk/platforms/android-36-ext19/data/res/values-mcc310-mnc490-ky: Cannot change mode to rwxr-xr-x: Operation not permitted
build	Cache Android SDK	2026-06-06T12:22:49.1379747Z /usr/bin/tar: ../../../../../usr/local/lib/android/sdk/platforms/android-36-ext19/data/res/values-mcc310-mnc170-pt-rPT: Cannot utime: Operation not permitted
build	Cache Android SDK	2026-06-06T12:22:49.1381720Z /usr/bin/tar: ../../../../../usr/local/lib/android/sdk/platforms/android-36-ext19/data/res/values-mcc310-mnc170-pt-rPT: Cannot change mode to rwxr-xr-x: Operation not permitted
build	Cache Android SDK	2026-06-06T12:22:49.1383672Z /usr/bin/tar: ../../../../../usr/local/lib/android/sdk/platforms/android-36-ext19/data/res/values-mcc310-mnc560-bg: Cannot utime: Operation not permitted
build	Cache Android SDK	2026-06-06T12:22:49.1385526Z /usr/bin/tar: ../../../../../usr/local/lib/android/sdk/platforms/android-36-ext19/data/res/values-mcc310-mnc560-bg: Cannot change mode to rwxr-xr-x: Operation not permitted
build	Cache Android SDK	2026-06-06T12:22:49.1387499Z /usr/bin/tar: ../../../../../usr/local/lib/android/sdk/platforms/android-36-ext19/data/res/values-mcc310-mnc150-en-rCA: Cannot utime: Operation not permitted
build	Cache Android SDK	2026-06-06T12:22:49.1389434Z /usr/bin/tar: ../../../../../usr/local/lib/android/sdk/platforms/android-36-ext19/data/res/values-mcc310-mnc150-en-rCA: Cannot change mode to rwxr-xr-x: Operation not permitted
build	Cache Android SDK	2026-06-06T12:22:49.1391538Z /usr/bin/tar: ../../../../../usr/local/lib/android/sdk/platforms/android-36-ext19/data/res/values-mcc310-mnc800-es: Cannot utime: Operation not permitted
build	Cache Android SDK	2026-06-06T12:22:49.1393775Z /usr/bin/tar: ../../../../../usr/local/lib/android/sdk/platforms/android-36-ext19/data/res/values-mcc310-mnc800-es: Cannot change mode to rwxr-xr-x: Operation not permitted
build	Cache Android SDK	2026-06-06T12:22:49.1395818Z /usr/bin/tar: ../../../../../usr/local/lib/android/sdk/platforms/android-36-ext19/data/res/values-mcc001-mnc01-cs: Cannot utime: Operation not permitted
build	Cache Android SDK	2026-06-06T12:22:49.1398025Z /usr/bin/tar: ../../../../../usr/local/lib/android/sdk/platforms/android-36-ext19/data/res/values-mcc001-mnc01-cs: Cannot change mode to rwxr-xr-x: Operation not permitted
build	Cache Android SDK	2026-06-06T12:22:49.1400042Z /usr/bin/tar: ../../../../../usr/local/lib/android/sdk/platforms/android-36-ext19/data/res/values-mcc311-mnc180-tr: Cannot utime: Operation not permitted
build	Cache Android SDK	2026-06-06T12:22:49.1402088Z /usr/bin/tar: ../../../../../usr/local/lib/android/sdk/platforms/android-36-ext19/data/res/values-mcc311-mnc180-tr: Cannot change mode to rwxr-xr-x: Operation not permitted
build	Cache Android SDK	2026-06-06T12:22:49.1404313Z /usr/bin/tar: ../../../../../usr/local/lib/android/sdk/platforms/android-36-ext19/data/res/values-mcc310-mnc030-vi: Cannot utime: Operation not permitted
build	Cache Android SDK	2026-06-06T12:22:49.1405965Z /usr/bin/tar: ../../../../../usr/local/lib/android/sdk/platforms/android-36-ext19/data/res/values-mcc310-mnc030-vi: Cannot change mode to rwxr-xr-x: Operation not permitted
build	Cache Android SDK	2026-06-06T12:22:49.1408020Z /usr/bin/tar: ../../../../../usr/local/lib/android/sdk/platforms/android-36-ext19/data/res/values-mcc310-mnc280-sw: Cannot utime: Operation not permitted
build	Cache Android SDK	2026-06-06T12:22:49.1409869Z /usr/bin/tar: ../../../../../usr/local/lib/android/sdk/platforms/android-36-ext19/data/res/values-mcc310-mnc280-sw: Cannot change mode to rwxr-xr-x: Operation not permitted
build	Cache Android SDK	2026-06-06T12:22:49.1411682Z /usr/bin/tar: ../../../../../usr/local/lib/android/sdk/platforms/android-36-ext19/data/res/values-mcc302-mnc720-hr: Cannot utime: Operation not permitted
build	Cache Android SDK	2026-06-06T12:22:49.1413674Z /usr/bin/tar: ../../../../../usr/local/lib/android/sdk/platforms/android-36-ext19/data/res/values-mcc302-mnc720-hr: Cannot change mode to rwxr-xr-x: Operation not permitted
build	Cache Android SDK	2026-06-06T12:22:49.1415709Z /usr/bin/tar: ../../../../../usr/local/lib/android/sdk/platforms/android-36-ext19/data/res/values-mcc310-mnc170-fi: Cannot utime: Operation not permitted
build	Cache Android SDK	2026-06-06T12:22:49.1417878Z /usr/bin/tar: ../../../../../usr/local/lib/android/sdk/platforms/android-36-ext19/data/res/values-mcc310-mnc170-fi: Cannot change mode to rwxr-xr-x: Operation not permitted
build	Cache Android SDK	2026-06-06T12:22:49.1419852Z /usr/bin/tar: ../../../../../usr/local/lib/android/sdk/platforms/android-36-ext19/data/res/values-mcc312-mnc670-es-rUS: Cannot utime: Operation not permitted
build	Cache Android SDK	2026-06-06T12:22:49.1421795Z /usr/bin/tar: ../../../../../usr/local/lib/android/sdk/platforms/android-36-ext19/data/res/values-mcc312-mnc670-es-rUS: Cannot change mode to rwxr-xr-x: Operation not permitted
build	Cache Android SDK	2026-06-06T12:22:49.1424540Z /usr/bin/tar: ../../../../../usr/local/lib/android/sdk/platforms/android-36-ext19/data/res/values-w198dp: Cannot utime: Operation not permitted
build	Cache Android SDK	2026-06-06T12:22:49.1426409Z /usr/bin/tar: ../../../../../usr/local/lib/android/sdk/platforms/android-36-ext19/data/res/values-w198dp: Cannot change mode to rwxr-xr-x: Operation not permitted
build	Cache Android SDK	2026-06-06T12:22:49.1428395Z /usr/bin/tar: ../../../../../usr/local/lib/android/sdk/platforms/android-36-ext19/data/res/values-mcc310-mnc280-ne: Cannot utime: Operation not permitted
build	Cache Android SDK	2026-06-06T12:22:49.1430215Z /usr/bin/tar: ../../../../../usr/local/lib/android/sdk/platforms/android-36-ext19/data/res/values-mcc310-mnc280-ne: Cannot change mode to rwxr-xr-x: Operation not permitted
build	Cache Android SDK	2026-06-06T12:22:49.1432128Z /usr/bin/tar: ../../../../../usr/local/lib/android/sdk/platforms/android-36-ext19/data/res/values-bs-watch: Cannot utime: Operation not permitted
build	Cache Android SDK	2026-06-06T12:22:49.1433857Z /usr/bin/tar: ../../../../../usr/local/lib/android/sdk/platforms/android-36-ext19/data/res/values-bs-watch: Cannot change mode to rwxr-xr-x: Operation not permitted
build	Cache Android SDK	2026-06-06T12:22:49.1435722Z /usr/bin/tar: ../../../../../usr/local/lib/android/sdk/platforms/android-36-ext19/data/res/values-mcc310-mnc160-ca: Cannot utime: Operation not permitted
build	Cache Android SDK	2026-06-06T12:22:49.1437696Z /usr/bin/tar: ../../../../../usr/local/lib/android/sdk/platforms/android-36-ext19/data/res/values-mcc310-mnc160-ca: Cannot change mode to rwxr-xr-x: Operation not permitted
build	Cache Android SDK	2026-06-06T12:22:49.1439497Z /usr/bin/tar: ../../../../../usr/local/lib/android/sdk/platforms/android-36-ext19/data/res/values-mcc310-mnc150-hu: Cannot utime: Operation not permitted
build	Cache Android SDK	2026-06-06T12:22:49.1441150Z /usr/bin/tar: ../../../../../usr/local/lib/android/sdk/platforms/android-36-ext19/data/res/values-mcc310-mnc150-hu: Cannot change mode to rwxr-xr-x: Operation not permitted
build	Cache Android SDK	2026-06-06T12:22:49.1442772Z /usr/bin/tar: ../../../../../usr/local/lib/android/sdk/platforms/android-36-ext19/data/res/transition: Cannot utime: Operation not permitted
build	Cache Android SDK	2026-06-06T12:22:49.1444259Z /usr/bin/tar: ../../../../../usr/local/lib/android/sdk/platforms/android-36-ext19/data/res/transition: Cannot change mode to rwxr-xr-x: Operation not permitted
build	Cache Android SDK	2026-06-06T12:22:49.1446097Z /usr/bin/tar: ../../../../../usr/local/lib/android/sdk/platforms/android-36-ext19/data/res/values-mcc310-mnc230-ko: Cannot utime: Operation not permitted
build	Cache Android SDK	2026-06-06T12:22:49.1447880Z /usr/bin/tar: ../../../../../usr/local/lib/android/sdk/platforms/android-36-ext19/data/res/values-mcc310-mnc230-ko: Cannot change mode to rwxr-xr-x: Operation not permitted
build	Cache Android SDK	2026-06-06T12:22:49.1449752Z /usr/bin/tar: ../../../../../usr/local/lib/android/sdk/platforms/android-36-ext19/data/res/values-mcc310-mnc270-am: Cannot utime: Operation not permitted
build	Cache Android SDK	2026-06-06T12:22:49.1451325Z /usr/bin/tar: ../../../../../usr/local/lib/android/sdk/platforms/android-36-ext19/data/res/values-mcc310-mnc270-am: Cannot change mode to rwxr-xr-x: Operation not permitted
build	Cache Android SDK	2026-06-06T12:22:49.1453086Z /usr/bin/tar: ../../../../../usr/local/lib/android/sdk/platforms/android-36-ext19/data/res/values-mcc312-mnc670-uk: Cannot utime: Operation not permitted
build	Cache Android SDK	2026-06-06T12:22:49.1454326Z /usr/bin/tar: ../../../../../usr/local/lib/android/sdk/platforms/android-36-ext19/data/res/values-mcc312-mnc670-uk: Cannot change mode to rwxr-xr-x: Operation not permitted
build	Cache Android SDK	2026-06-06T12:22:49.1455400Z /usr/bin/tar: ../../../../../usr/local/lib/android/sdk/platforms/android-36-ext19/data/res/values-mcc310-mnc210-zh-rCN: Cannot utime: Operation not permitted
build	Cache Android SDK	2026-06-06T12:22:49.1456435Z /usr/bin/tar: ../../../../../usr/local/lib/android/sdk/platforms/android-36-ext19/data/res/values-mcc310-mnc210-zh-rCN: Cannot change mode to rwxr-xr-x: Operation not permitted
build	Cache Android SDK	2026-06-06T12:22:49.1458163Z /usr/bin/tar: ../../../../../usr/local/lib/android/sdk/platforms/android-36-ext19/data/res/values-mcc302-mnc660: Cannot utime: Operation not permitted
build	Cache Android SDK	2026-06-06T12:22:49.1459174Z /usr/bin/tar: ../../../../../usr/local/lib/android/sdk/platforms/android-36-ext19/data/res/values-mcc302-mnc660: Cannot change mode to rwxr-xr-x: Operation not permitted
build	Cache Android SDK	2026-06-06T12:22:49.1460643Z /usr/bin/tar: ../../../../../usr/local/lib/android/sdk/platforms/android-36-ext19/data/res/values-mcc310-mnc950-gl: Cannot utime: Operation not permitted
build	Cache Android SDK	2026-06-06T12:22:49.1461588Z /usr/bin/tar: ../../../../../usr/local/lib/android/sdk/platforms/android-36-ext19/data/res/values-mcc310-mnc950-gl: Cannot change mode to rwxr-xr-x: Operation not permitted
build	Cache Android SDK	2026-06-06T12:22:49.1462593Z /usr/bin/tar: ../../../../../usr/local/lib/android/sdk/platforms/android-36-ext19/data/res/values-mcc302-mnc720-is: Cannot utime: Operation not permitted
build	Cache Android SDK	2026-06-06T12:22:49.1464073Z /usr/bin/tar: ../../../../../usr/local/lib/android/sdk/platforms/android-36-ext19/data/res/values-mcc302-mnc720-is: Cannot change mode to rwxr-xr-x: Operation not permitted
build	Cache Android SDK	2026-06-06T12:22:49.1465670Z /usr/bin/tar: ../../../../../usr/local/lib/android/sdk/platforms/android-36-ext19/data/res/values-mcc310-mnc240-ms: Cannot utime: Operation not permitted
build	Cache Android SDK	2026-06-06T12:22:49.1467032Z /usr/bin/tar: ../../../../../usr/local/lib/android/sdk/platforms/android-36-ext19/data/res/values-mcc310-mnc240-ms: Cannot change mode to rwxr-xr-x: Operation not permitted
build	Cache Android SDK	2026-06-06T12:22:49.1471316Z /usr/bin/tar: ../../../../../usr/local/lib/android/sdk/platforms/android-36-ext19/data/res/values-sk: Cannot utime: Operation not permitted
build	Cache Android SDK	2026-06-06T12:22:49.1472198Z /usr/bin/tar: ../../../../../usr/local/lib/android/sdk/platforms/android-36-ext19/data/res/values-sk: Cannot change mode to rwxr-xr-x: Operation not permitted
build	Cache Android SDK	2026-06-06T12:22:49.1474479Z /usr/bin/tar: ../../../../../usr/local/lib/android/sdk/platforms/android-36-ext19/data/res/values-mcc310-mnc160-eu: Cannot utime: Operation not permitted
build	Cache Android SDK	2026-06-06T12:22:49.1475591Z /usr/bin/tar: ../../../../../usr/local/lib/android/sdk/platforms/android-36-ext19/data/res/values-mcc310-mnc160-eu: Cannot change mode to rwxr-xr-x: Operation not permitted
build	Cache Android SDK	2026-06-06T12:22:49.1477917Z /usr/bin/tar: ../../../../../usr/local/lib/android/sdk/platforms/android-36-ext19/data/res/values-mcc310-mnc660-es-rUS: Cannot utime: Operation not permitted
build	Cache Android SDK	2026-06-06T12:22:49.1479058Z /usr/bin/tar: ../../../../../usr/local/lib/android/sdk/platforms/android-36-ext19/data/res/values-mcc310-mnc660-es-rUS: Cannot change mode to rwxr-xr-x: Operation not permitted
build	Cache Android SDK	2026-06-06T12:22:49.1481105Z /usr/bin/tar: ../../../../../usr/local/lib/android/sdk/platforms/android-36-ext19/data/res/values-mcc310-mnc210-az: Cannot utime: Operation not permitted
build	Cache Android SDK	2026-06-06T12:22:49.1482061Z /usr/bin/tar: ../../../../../usr/local/lib/android/sdk/platforms/android-36-ext19/data/res/values-mcc310-mnc210-az: Cannot change mode to rwxr-xr-x: Operation not permitted
build	Cache Android SDK	2026-06-06T12:22:49.1485103Z /usr/bin/tar: ../../../../../usr/local/lib/android/sdk/platforms/android-36-ext19/data/res/values-mcc312-mnc670-el: Cannot utime: Operation not permitted
build	Cache Android SDK	2026-06-06T12:22:49.1486047Z /usr/bin/tar: ../../../../../usr/local/lib/android/sdk/platforms/android-36-ext19/data/res/values-mcc312-mnc670-el: Cannot change mode to rwxr-xr-x: Operation not permitted
build	Cache Android SDK	2026-06-06T12:22:49.1489114Z /usr/bin/tar: ../../../../../usr/local/lib/android/sdk/platforms/android-36-ext19/data/res/values-mcc310-mnc310-en-rIN: Cannot utime: Operation not permitted
build	Cache Android SDK	2026-06-06T12:22:49.1490215Z /usr/bin/tar: ../../../../../usr/local/lib/android/sdk/platforms/android-36-ext19/data/res/values-mcc310-mnc310-en-rIN: Cannot change mode to rwxr-xr-x: Operation not permitted
build	Cache Android SDK	2026-06-06T12:22:49.1492272Z /usr/bin/tar: ../../../../../usr/local/lib/android/sdk/platforms/android-36-ext19/data/res/values-mcc310-mnc380-am: Cannot utime: Operation not permitted
build	Cache Android SDK	2026-06-06T12:22:49.1493218Z /usr/bin/tar: ../../../../../usr/local/lib/android/sdk/platforms/android-36-ext19/data/res/values-mcc310-mnc380-am: Cannot change mode to rwxr-xr-x: Operation not permitted
build	Cache Android SDK	2026-06-06T12:22:49.1495622Z /usr/bin/tar: ../../../../../usr/local/lib/android/sdk/platforms/android-36-ext19/data/res/values-mcc310-mnc280-fr-rCA: Cannot utime: Operation not permitted
build	Cache Android SDK	2026-06-06T12:22:49.1496698Z /usr/bin/tar: ../../../../../usr/local/lib/android/sdk/platforms/android-36-ext19/data/res/values-mcc310-mnc280-fr-rCA: Cannot change mode to rwxr-xr-x: Operation not permitted
build	Cache Android SDK	2026-06-06T12:22:49.1498998Z /usr/bin/tar: ../../../../../usr/local/lib/android/sdk/platforms/android-36-ext19/data/res/values-mcc311-mnc180-es-rUS: Cannot utime: Operation not permitted
build	Cache Android SDK	2026-06-06T12:22:49.1499988Z /usr/bin/tar: ../../../../../usr/local/lib/android/sdk/platforms/android-36-ext19/data/res/values-mcc311-mnc180-es-rUS: Cannot change mode to rwxr-xr-x: Operation not permitted
build	Cache Android SDK	2026-06-06T12:22:49.1502257Z /usr/bin/tar: ../../../../../usr/local/lib/android/sdk/platforms/android-36-ext19/data/res/raw-rm: Cannot utime: Operation not permitted
build	Cache Android SDK	2026-06-06T12:22:49.1503102Z /usr/bin/tar: ../../../../../usr/local/lib/android/sdk/platforms/android-36-ext19/data/res/raw-rm: Cannot change mode to rwxr-xr-x: Operation not permitted
build	Cache Android SDK	2026-06-06T12:22:49.1505529Z /usr/bin/tar: ../../../../../usr/local/lib/android/sdk/platforms/android-36-ext19/data/res/values-mcc310-mnc310-bs: Cannot utime: Operation not permitted
build	Cache Android SDK	2026-06-06T12:22:49.1506556Z /usr/bin/tar: ../../../../../usr/local/lib/android/sdk/platforms/android-36-ext19/data/res/values-mcc310-mnc310-bs: Cannot change mode to rwxr-xr-x: Operation not permitted
build	Cache Android SDK	2026-06-06T12:22:49.1508707Z /usr/bin/tar: ../../../../../usr/local/lib/android/sdk/platforms/android-36-ext19/data/res/values-lt-watch: Cannot utime: Operation not permitted
build	Cache Android SDK	2026-06-06T12:22:49.1509609Z /usr/bin/tar: ../../../../../usr/local/lib/android/sdk/platforms/android-36-ext19/data/res/values-lt-watch: Cannot change mode to rwxr-xr-x: Operation not permitted
build	Cache Android SDK	2026-06-06T12:22:49.1512198Z /usr/bin/tar: ../../../../../usr/local/lib/android/sdk/platforms/android-36-ext19/data/res/values-mcc302-mnc720-de: Cannot utime: Operation not permitted
build	Cache Android SDK	2026-06-06T12:22:49.1513155Z /usr/bin/tar: ../../../../../usr/local/lib/android/sdk/platforms/android-36-ext19/data/res/values-mcc302-mnc720-de: Cannot change mode to rwxr-xr-x: Operation not permitted
build	Cache Android SDK	2026-06-06T12:22:49.1516276Z /usr/bin/tar: ../../../../../usr/local/lib/android/sdk/platforms/android-36-ext19/data/res/values-mcc310-mnc660-vi: Cannot utime: Operation not permitted
build	Cache Android SDK	2026-06-06T12:22:49.1517685Z /usr/bin/tar: ../../../../../usr/local/lib/android/sdk/platforms/android-36-ext19/data/res/values-mcc310-mnc660-vi: Cannot change mode to rwxr-xr-x: Operation not permitted
build	Cache Android SDK	2026-06-06T12:22:49.1519084Z /usr/bin/tar: ../../../../../usr/local/lib/android/sdk/platforms/android-36-ext19/data/res/values-mcc310-mnc950-lt: Cannot utime: Operation not permitted
build	Cache Android SDK	2026-06-06T12:22:49.1520022Z /usr/bin/tar: ../../../../../usr/local/lib/android/sdk/platforms/android-36-ext19/data/res/values-mcc310-mnc950-lt: Cannot change mode to rwxr-xr-x: Operation not permitted
build	Cache Android SDK	2026-06-06T12:22:49.1522549Z /usr/bin/tar: ../../../../../usr/local/lib/android/sdk/platforms/android-36-ext19/data/res/values-mcc310-mnc280-sr: Cannot utime: Operation not permitted
build	Cache Android SDK	2026-06-06T12:22:49.1523752Z /usr/bin/tar: ../../../../../usr/local/lib/android/sdk/platforms/android-36-ext19/data/res/values-mcc310-mnc280-sr: Cannot change mode to rwxr-xr-x: Operation not permitted
build	Cache Android SDK	2026-06-06T12:22:49.1526923Z /usr/bin/tar: ../../../../../usr/local/lib/android/sdk/platforms/android-36-ext19/data/res/mipmap-xxxhdpi: Cannot utime: Operation not permitted
build	Cache Android SDK	2026-06-06T12:22:49.1528069Z /usr/bin/tar: ../../../../../usr/local/lib/android/sdk/platforms/android-36-ext19/data/res/mipmap-xxxhdpi: Cannot change mode to rwxr-xr-x: Operation not permitted
build	Cache Android SDK	2026-06-06T12:22:49.1530304Z /usr/bin/tar: ../../../../../usr/local/lib/android/sdk/platforms/android-36-ext19/data/res/values-notround-watch: Cannot utime: Operation not permitted
build	Cache Android SDK	2026-06-06T12:22:49.1531256Z /usr/bin/tar: ../../../../../usr/local/lib/android/sdk/platforms/android-36-ext19/data/res/values-notround-watch: Cannot change mode to rwxr-xr-x: Operation not permitted
build	Cache Android SDK	2026-06-06T12:22:49.1533385Z /usr/bin/tar: ../../../../../usr/local/lib/android/sdk/platforms/android-36-ext19/data/res/values-mcc310-mnc660-bn: Cannot utime: Operation not permitted
build	Cache Android SDK	2026-06-06T12:22:49.1534627Z /usr/bin/tar: ../../../../../usr/local/lib/android/sdk/platforms/android-36-ext19/data/res/values-mcc310-mnc660-bn: Cannot change mode to rwxr-xr-x: Operation not permitted
build	Cache Android SDK	2026-06-06T12:22:49.1537253Z /usr/bin/tar: ../../../../../usr/local/lib/android/sdk/platforms/android-36-ext19/data/res/values-mcc313-mnc100-as: Cannot utime: Operation not permitted
build	Cache Android SDK	2026-06-06T12:22:49.1538428Z /usr/bin/tar: ../../../../../usr/local/lib/android/sdk/platforms/android-36-ext19/data/res/values-mcc313-mnc100-as: Cannot change mode to rwxr-xr-x: Operation not permitted
build	Cache Android SDK	2026-06-06T12:22:49.1540805Z /usr/bin/tar: ../../../../../usr/local/lib/android/sdk/platforms/android-36-ext19/data/res/values-mcc310-mnc170-pt-rBR: Cannot utime: Operation not permitted
build	Cache Android SDK	2026-06-06T12:22:49.1541785Z /usr/bin/tar: ../../../../../usr/local/lib/android/sdk/platforms/android-36-ext19/data/res/values-mcc310-mnc170-pt-rBR: Cannot change mode to rwxr-xr-x: Operation not permitted
build	Cache Android SDK	2026-06-06T12:22:49.1544153Z /usr/bin/tar: ../../../../../usr/local/lib/android/sdk/platforms/android-36-ext19/data/res/values-mcc310-mnc200-nb: Cannot utime: Operation not permitted
build	Cache Android SDK	2026-06-06T12:22:49.1545115Z /usr/bin/tar: ../../../../../usr/local/lib/android/sdk/platforms/android-36-ext19/data/res/values-mcc310-mnc200-nb: Cannot change mode to rwxr-xr-x: Operation not permitted
build	Cache Android SDK	2026-06-06T12:22:49.1550414Z /usr/bin/tar: ../../../../../usr/local/lib/android/sdk/platforms/android-36-ext19/data/res/values-mcc313-mnc100-nl: Cannot utime: Operation not permitted
build	Cache Android SDK	2026-06-06T12:22:49.1551438Z /usr/bin/tar: ../../../../../usr/local/lib/android/sdk/platforms/android-36-ext19/data/res/values-mcc313-mnc100-nl: Cannot change mode to rwxr-xr-x: Operation not permitted
build	Cache Android SDK	2026-06-06T12:22:49.1553721Z /usr/bin/tar: ../../../../../usr/local/lib/android/sdk/platforms/android-36-ext19/data/res/values-mcc310-mnc380-ka: Cannot utime: Operation not permitted
build	Cache Android SDK	2026-06-06T12:22:49.1554913Z /usr/bin/tar: ../../../../../usr/local/lib/android/sdk/platforms/android-36-ext19/data/res/values-mcc310-mnc380-ka: Cannot change mode to rwxr-xr-x: Operation not permitted
build	Cache Android SDK	2026-06-06T12:22:49.1556565Z /usr/bin/tar: ../../../../../usr/local/lib/android/sdk/platforms/android-36-ext19/data/res/values-mcc310-mnc240-nl: Cannot utime: Operation not permitted
build	Cache Android SDK	2026-06-06T12:22:49.1557692Z /usr/bin/tar: ../../../../../usr/local/lib/android/sdk/platforms/android-36-ext19/data/res/values-mcc310-mnc240-nl: Cannot change mode to rwxr-xr-x: Operation not permitted
build	Cache Android SDK	2026-06-06T12:22:49.1559907Z /usr/bin/tar: ../../../../../usr/local/lib/android/sdk/platforms/android-36-ext19/data/res/values-mcc001-mnc01-uk: Cannot utime: Operation not permitted
build	Cache Android SDK	2026-06-06T12:22:49.1560843Z /usr/bin/tar: ../../../../../usr/local/lib/android/sdk/platforms/android-36-ext19/data/res/values-mcc001-mnc01-uk: Cannot change mode to rwxr-xr-x: Operation not permitted
build	Cache Android SDK	2026-06-06T12:22:49.1563314Z /usr/bin/tar: ../../../../../usr/local/lib/android/sdk/platforms/android-36-ext19/data/res/values-bg-television: Cannot utime: Operation not permitted
build	Cache Android SDK	2026-06-06T12:22:49.1564260Z /usr/bin/tar: ../../../../../usr/local/lib/android/sdk/platforms/android-36-ext19/data/res/values-bg-television: Cannot change mode to rwxr-xr-x: Operation not permitted
build	Cache Android SDK	2026-06-06T12:22:49.1568225Z /usr/bin/tar: ../../../../../usr/local/lib/android/sdk/platforms/android-36-ext19/data/res/values-mcc310-mnc800-ur: Cannot utime: Operation not permitted
build	Cache Android SDK	2026-06-06T12:22:49.1569319Z /usr/bin/tar: ../../../../../usr/local/lib/android/sdk/platforms/android-36-ext19/data/res/values-mcc310-mnc800-ur: Cannot change mode to rwxr-xr-x: Operation not permitted
build	Cache Android SDK	2026-06-06T12:22:49.1571438Z /usr/bin/tar: ../../../../../usr/local/lib/android/sdk/platforms/android-36-ext19/data/res/values-mcc310-mnc410-hy: Cannot utime: Operation not permitted
build	Cache Android SDK	2026-06-06T12:22:49.1572416Z /usr/bin/tar: ../../../../../usr/local/lib/android/sdk/platforms/android-36-ext19/data/res/values-mcc310-mnc410-hy: Cannot change mode to rwxr-xr-x: Operation not permitted
build	Cache Android SDK	2026-06-06T12:22:49.1577122Z /usr/bin/tar: ../../../../../usr/local/lib/android/sdk/platforms/android-36-ext19/data/res/values-w213dp: Cannot utime: Operation not permitted
build	Cache Android SDK	2026-06-06T12:22:49.1578327Z /usr/bin/tar: ../../../../../usr/local/lib/android/sdk/platforms/android-36-ext19/data/res/values-w213dp: Cannot change mode to rwxr-xr-x: Operation not permitted
build	Cache Android SDK	2026-06-06T12:22:49.1580188Z /usr/bin/tar: ../../../../../usr/local/lib/android/sdk/platforms/android-36-ext19/data/res/values-mcc310-mnc410-es-rUS: Cannot utime: Operation not permitted
build	Cache Android SDK	2026-06-06T12:22:49.1581194Z /usr/bin/tar: ../../../../../usr/local/lib/android/sdk/platforms/android-36-ext19/data/res/values-mcc310-mnc410-es-rUS: Cannot change mode to rwxr-xr-x: Operation not permitted
build	Cache Android SDK	2026-06-06T12:22:49.1584258Z /usr/bin/tar: ../../../../../usr/local/lib/android/sdk/platforms/android-36-ext19/data/res/values-mcc310-mnc660-tl: Cannot utime: Operation not permitted
build	Cache Android SDK	2026-06-06T12:22:49.1585244Z /usr/bin/tar: ../../../../../usr/local/lib/android/sdk/platforms/android-36-ext19/data/res/values-mcc310-mnc660-tl: Cannot change mode to rwxr-xr-x: Operation not permitted
build	Cache Android SDK	2026-06-06T12:22:49.1588945Z /usr/bin/tar: ../../../../../usr/local/lib/android/sdk/platforms/android-36-ext19/data/res/values-mcc310-mnc280-bn: Cannot utime: Operation not permitted
build	Cache Android SDK	2026-06-06T12:22:49.1589934Z /usr/bin/tar: ../../../../../usr/local/lib/android/sdk/platforms/android-36-ext19/data/res/values-mcc310-mnc280-bn: Cannot change mode to rwxr-xr-x: Operation not permitted
build	Cache Android SDK	2026-06-06T12:22:49.1594486Z /usr/bin/tar: ../../../../../usr/local/lib/android/sdk/platforms/android-36-ext19/data/res/values-mcc313-mnc100-b+sr+Latn: Cannot utime: Operation not permitted
build	Cache Android SDK	2026-06-06T12:22:49.1595519Z /usr/bin/tar: ../../../../../usr/local/lib/android/sdk/platforms/android-36-ext19/data/res/values-mcc313-mnc100-b+sr+Latn: Cannot change mode to rwxr-xr-x: Operation not permitted
build	Cache Android SDK	2026-06-06T12:22:49.1597768Z /usr/bin/tar: ../../../../../usr/local/lib/android/sdk/platforms/android-36-ext19/data/res/values-mcc466-mnc01: Cannot utime: Operation not permitted
build	Cache Android SDK	2026-06-06T12:22:49.1598828Z /usr/bin/tar: ../../../../../usr/local/lib/android/sdk/platforms/android-36-ext19/data/res/values-mcc466-mnc01: Cannot change mode to rwxr-xr-x: Operation not permitted
build	Cache Android SDK	2026-06-06T12:22:49.1602504Z /usr/bin/tar: ../../../../../usr/local/lib/android/sdk/platforms/android-36-ext19/data/res/raw-th: Cannot utime: Operation not permitted
build	Cache Android SDK	2026-06-06T12:22:49.1603362Z /usr/bin/tar: ../../../../../usr/local/lib/android/sdk/platforms/android-36-ext19/data/res/raw-th: Cannot change mode to rwxr-xr-x: Operation not permitted
build	Cache Android SDK	2026-06-06T12:22:49.1606001Z /usr/bin/tar: ../../../../../usr/local/lib/android/sdk/platforms/android-36-ext19/data/res/values-mcc302-mnc720-in: Cannot utime: Operation not permitted
build	Cache Android SDK	2026-06-06T12:22:49.1606962Z /usr/bin/tar: ../../../../../usr/local/lib/android/sdk/platforms/android-36-ext19/data/res/values-mcc302-mnc720-in: Cannot change mode to rwxr-xr-x: Operation not permitted
build	Cache Android SDK	2026-06-06T12:22:49.1609590Z /usr/bin/tar: ../../../../../usr/local/lib/android/sdk/platforms/android-36-ext19/data/res/values-mcc310-mnc210-gl: Cannot utime: Operation not permitted
build	Cache Android SDK	2026-06-06T12:22:49.1610573Z /usr/bin/tar: ../../../../../usr/local/lib/android/sdk/platforms/android-36-ext19/data/res/values-mcc310-mnc210-gl: Cannot change mode to rwxr-xr-x: Operation not permitted
build	Cache Android SDK	2026-06-06T12:22:49.1613237Z /usr/bin/tar: ../../../../../usr/local/lib/android/sdk/platforms/android-36-ext19/data/res/values-fr-rCH: Cannot utime: Operation not permitted
build	Cache Android SDK	2026-06-06T12:22:49.1614654Z /usr/bin/tar: ../../../../../usr/local/lib/android/sdk/platforms/android-36-ext19/data/res/values-fr-rCH: Cannot change mode to rwxr-xr-x: Operation not permitted
build	Cache Android SDK	2026-06-06T12:22:49.1616930Z /usr/bin/tar: ../../../../../usr/local/lib/android/sdk/platforms/android-36-ext19/data/res/values-hr-television: Cannot utime: Operation not permitted
build	Cache Android SDK	2026-06-06T12:22:49.1618088Z /usr/bin/tar: ../../../../../usr/local/lib/android/sdk/platforms/android-36-ext19/data/res/values-hr-television: Cannot change mode to rwxr-xr-x: Operation not permitted
build	Cache Android SDK	2026-06-06T12:22:49.1620626Z /usr/bin/tar: ../../../../../usr/local/lib/android/sdk/platforms/android-36-ext19/data/res/values-mcc313-mnc100-fr: Cannot utime: Operation not permitted
build	Cache Android SDK	2026-06-06T12:22:49.1621610Z /usr/bin/tar: ../../../../../usr/local/lib/android/sdk/platforms/android-36-ext19/data/res/values-mcc313-mnc100-fr: Cannot change mode to rwxr-xr-x: Operation not permitted
build	Cache Android SDK	2026-06-06T12:22:49.1624058Z /usr/bin/tar: ../../../../../usr/local/lib/android/sdk/platforms/android-36-ext19/data/res/values-km-television: Cannot utime: Operation not permitted
build	Cache Android SDK	2026-06-06T12:22:49.1625034Z /usr/bin/tar: ../../../../../usr/local/lib/android/sdk/platforms/android-36-ext19/data/res/values-km-television: Cannot change mode to rwxr-xr-x: Operation not permitted
build	Cache Android SDK	2026-06-06T12:22:49.1629465Z /usr/bin/tar: ../../../../../usr/local/lib/android/sdk/platforms/android-36-ext19/data/res/values-mcc310-mnc410-ar: Cannot utime: Operation not permitted
build	Cache Android SDK	2026-06-06T12:22:49.1630547Z /usr/bin/tar: ../../../../../usr/local/lib/android/sdk/platforms/android-36-ext19/data/res/values-mcc310-mnc410-ar: Cannot change mode to rwxr-xr-x: Operation not permitted
build	Cache Android SDK	2026-06-06T12:22:49.1633435Z /usr/bin/tar: ../../../../../usr/local/lib/android/sdk/platforms/android-36-ext19/data/res/values-mcc310-mnc660-fr: Cannot utime: Operation not permitted
build	Cache Android SDK	2026-06-06T12:22:49.1634427Z /usr/bin/tar: ../../../../../usr/local/lib/android/sdk/platforms/android-36-ext19/data/res/values-mcc310-mnc660-fr: Cannot change mode to rwxr-xr-x: Operation not permitted
build	Cache Android SDK	2026-06-06T12:22:49.1637039Z /usr/bin/tar: ../../../../../usr/local/lib/android/sdk/platforms/android-36-ext19/data/res/values-mcc310-mnc160-es-rUS: Cannot utime: Operation not permitted
build	Cache Android SDK	2026-06-06T12:22:49.1638350Z /usr/bin/tar: ../../../../../usr/local/lib/android/sdk/platforms/android-36-ext19/data/res/values-mcc310-mnc160-es-rUS: Cannot change mode to rwxr-xr-x: Operation not permitted
build	Cache Android SDK	2026-06-06T12:22:49.1640084Z /usr/bin/tar: ../../../../../usr/local/lib/android/sdk/platforms/android-36-ext19/data/res/values-mcc310-mnc200: Cannot utime: Operation not permitted
build	Cache Android SDK	2026-06-06T12:22:49.1641356Z /usr/bin/tar: ../../../../../usr/local/lib/android/sdk/platforms/android-36-ext19/data/res/values-mcc310-mnc200: Cannot change mode to rwxr-xr-x: Operation not permitted
build	Cache Android SDK	2026-06-06T12:22:49.1643262Z /usr/bin/tar: ../../../../../usr/local/lib/android/sdk/platforms/android-36-ext19/data/res/values-mcc310-mnc270-tl: Cannot utime: Operation not permitted
build	Cache Android SDK	2026-06-06T12:22:49.1644237Z /usr/bin/tar: ../../../../../usr/local/lib/android/sdk/platforms/android-36-ext19/data/res/values-mcc310-mnc270-tl: Cannot change mode to rwxr-xr-x: Operation not permitted
build	Cache Android SDK	2026-06-06T12:22:49.1646784Z /usr/bin/tar: ../../../../../usr/local/lib/android/sdk/platforms/android-36-ext19/data/res/values-mcc310-mnc950-sk: Cannot utime: Operation not permitted
build	Cache Android SDK	2026-06-06T12:22:49.1648023Z /usr/bin/tar: ../../../../../usr/local/lib/android/sdk/platforms/android-36-ext19/data/res/values-mcc310-mnc950-sk: Cannot change mode to rwxr-xr-x: Operation not permitted
build	Cache Android SDK	2026-06-06T12:22:49.1650166Z /usr/bin/tar: ../../../../../usr/local/lib/android/sdk/platforms/android-36-ext19/data/res/values-mcc310-mnc240-ky: Cannot utime: Operation not permitted
build	Cache Android SDK	2026-06-06T12:22:49.1651124Z /usr/bin/tar: ../../../../../usr/local/lib/android/sdk/platforms/android-36-ext19/data/res/values-mcc310-mnc240-ky: Cannot change mode to rwxr-xr-x: Operation not permitted
build	Cache Android SDK	2026-06-06T12:22:49.1652936Z /usr/bin/tar: ../../../../../usr/local/lib/android/sdk/platforms/android-36-ext19/data/res/values-mcc310-mnc310-ky: Cannot utime: Operation not permitted
build	Cache Android SDK	2026-06-06T12:22:49.1653918Z /usr/bin/tar: ../../../../../usr/local/lib/android/sdk/platforms/android-36-ext19/data/res/values-mcc310-mnc310-ky: Cannot change mode to rwxr-xr-x: Operation not permitted
build	Cache Android SDK	2026-06-06T12:22:49.1655673Z /usr/bin/tar: ../../../../../usr/local/lib/android/sdk/platforms/android-36-ext19/data/res/values-mcc310-mnc250-hu: Cannot utime: Operation not permitted
build	Cache Android SDK	2026-06-06T12:22:49.1656757Z /usr/bin/tar: ../../../../../usr/local/lib/android/sdk/platforms/android-36-ext19/data/res/values-mcc310-mnc250-hu: Cannot change mode to rwxr-xr-x: Operation not permitted
build	Cache Android SDK	2026-06-06T12:22:49.1659643Z /usr/bin/tar: ../../../../../usr/local/lib/android/sdk/platforms/android-36-ext19/data/res/values-mcc311-mnc490: Cannot utime: Operation not permitted
build	Cache Android SDK	2026-06-06T12:22:49.1660874Z /usr/bin/tar: ../../../../../usr/local/lib/android/sdk/platforms/android-36-ext19/data/res/values-mcc311-mnc490: Cannot change mode to rwxr-xr-x: Operation not permitted
build	Cache Android SDK	2026-06-06T12:22:49.1662605Z /usr/bin/tar: ../../../../../usr/local/lib/android/sdk/platforms/android-36-ext19/data/res/values-mcc310-mnc220-zu: Cannot utime: Operation not permitted
build	Cache Android SDK	2026-06-06T12:22:49.1663564Z /usr/bin/tar: ../../../../../usr/local/lib/android/sdk/platforms/android-36-ext19/data/res/values-mcc310-mnc220-zu: Cannot change mode to rwxr-xr-x: Operation not permitted
build	Cache Android SDK	2026-06-06T12:22:49.1665528Z /usr/bin/tar: ../../../../../usr/local/lib/android/sdk/platforms/android-36-ext19/data/res/values-mcc310-mnc150-gl: Cannot utime: Operation not permitted
build	Cache Android SDK	2026-06-06T12:22:49.1666493Z /usr/bin/tar: ../../../../../usr/local/lib/android/sdk/platforms/android-36-ext19/data/res/values-mcc310-mnc150-gl: Cannot change mode to rwxr-xr-x: Operation not permitted
build	Cache Android SDK	2026-06-06T12:22:49.1669373Z /usr/bin/tar: ../../../../../usr/local/lib/android/sdk/platforms/android-36-ext19/data/res/values-mcc302-mnc220: Cannot utime: Operation not permitted
build	Cache Android SDK	2026-06-06T12:22:49.1670311Z /usr/bin/tar: ../../../../../usr/local/lib/android/sdk/platforms/android-36-ext19/data/res/values-mcc302-mnc220: Cannot change mode to rwxr-xr-x: Operation not permitted
build	Cache Android SDK	2026-06-06T12:22:49.1672876Z /usr/bin/tar: ../../../../../usr/local/lib/android/sdk/platforms/android-36-ext19/data/res/values-mcc310-mnc560-sv: Cannot utime: Operation not permitted
build	Cache Android SDK	2026-06-06T12:22:49.1673915Z /usr/bin/tar: ../../../../../usr/local/lib/android/sdk/platforms/android-36-ext19/data/res/values-mcc310-mnc560-sv: Cannot change mode to rwxr-xr-x: Operation not permitted
build	Cache Android SDK	2026-06-06T12:22:49.1676825Z /usr/bin/tar: ../../../../../usr/local/lib/android/sdk/platforms/android-36-ext19/data/res/values-mcc310-mnc560-hy: Cannot utime: Operation not permitted
build	Cache Android SDK	2026-06-06T12:22:49.1677991Z /usr/bin/tar: ../../../../../usr/local/lib/android/sdk/platforms/android-36-ext19/data/res/values-mcc310-mnc560-hy: Cannot change mode to rwxr-xr-x: Operation not permitted
build	Cache Android SDK	2026-06-06T12:22:49.1681069Z /usr/bin/tar: ../../../../../usr/local/lib/android/sdk/platforms/android-36-ext19/data/res/values-mcc310-mnc170-en-rGB: Cannot utime: Operation not permitted
build	Cache Android SDK	2026-06-06T12:22:49.1682068Z /usr/bin/tar: ../../../../../usr/local/lib/android/sdk/platforms/android-36-ext19/data/res/values-mcc310-mnc170-en-rGB: Cannot change mode to rwxr-xr-x: Operation not permitted
build	Cache Android SDK	2026-06-06T12:22:49.1717766Z /usr/bin/tar: ../../../../../usr/local/lib/android/sdk/platforms/android-36-ext19/data/res/drawable-sw720dp-nodpi: Cannot utime: Operation not permitted
build	Cache Android SDK	2026-06-06T12:22:49.1720002Z /usr/bin/tar: ../../../../../usr/local/lib/android/sdk/platforms/android-36-ext19/data/res/drawable-sw720dp-nodpi: Cannot change mode to rwxr-xr-x: Operation not permitted
build	Cache Android SDK	2026-06-06T12:22:49.1721453Z /usr/bin/tar: ../../../../../usr/local/lib/android/sdk/platforms/android-36-ext19/data/res/values-mcc310-mnc410-ru: Cannot utime: Operation not permitted
build	Cache Android SDK	2026-06-06T12:22:49.1722727Z /usr/bin/tar: ../../../../../usr/local/lib/android/sdk/platforms/android-36-ext19/data/res/values-mcc310-mnc410-ru: Cannot change mode to rwxr-xr-x: Operation not permitted
build	Cache Android SDK	2026-06-06T12:22:49.1724074Z /usr/bin/tar: ../../../../../usr/local/lib/android/sdk/platforms/android-36-ext19/data/res/drawable-w192dp: Cannot utime: Operation not permitted
build	Cache Android SDK	2026-06-06T12:22:49.1725164Z /usr/bin/tar: ../../../../../usr/local/lib/android/sdk/platforms/android-36-ext19/data/res/drawable-w192dp: Cannot change mode to rwxr-xr-x: Operation not permitted
build	Cache Android SDK	2026-06-06T12:22:49.1726548Z /usr/bin/tar: ../../../../../usr/local/lib/android/sdk/platforms/android-36-ext19/data/res/values-mcc310-mnc380-ko: Cannot utime: Operation not permitted
build	Cache Android SDK	2026-06-06T12:22:49.1727857Z /usr/bin/tar: ../../../../../usr/local/lib/android/sdk/platforms/android-36-ext19/data/res/values-mcc310-mnc380-ko: Cannot change mode to rwxr-xr-x: Operation not permitted
build	Cache Android SDK	2026-06-06T12:22:49.1731048Z /usr/bin/tar: ../../../../../usr/local/lib/android/sdk/platforms/android-36-ext19/data/res/values-mcc302-mnc720-fr: Cannot utime: Operation not permitted
build	Cache Android SDK	2026-06-06T12:22:49.1732098Z /usr/bin/tar: ../../../../../usr/local/lib/android/sdk/platforms/android-36-ext19/data/res/values-mcc302-mnc720-fr: Cannot change mode to rwxr-xr-x: Operation not permitted
build	Cache Android SDK	2026-06-06T12:22:49.1745286Z /usr/bin/tar: ../../../../../usr/local/lib/android/sdk/platforms/android-36-ext19/data/res/drawable-land-hdpi: Cannot utime: Operation not permitted
build	Cache Android SDK	2026-06-06T12:22:49.1746330Z /usr/bin/tar: ../../../../../usr/local/lib/android/sdk/platforms/android-36-ext19/data/res/drawable-land-hdpi: Cannot change mode to rwxr-xr-x: Operation not permitted
build	Cache Android SDK	2026-06-06T12:22:49.1748613Z /usr/bin/tar: ../../../../../usr/local/lib/android/sdk/platforms/android-36-ext19/data/res/values-mcc310-mnc660-it: Cannot utime: Operation not permitted
build	Cache Android SDK	2026-06-06T12:22:49.1749584Z /usr/bin/tar: ../../../../../usr/local/lib/android/sdk/platforms/android-36-ext19/data/res/values-mcc310-mnc660-it: Cannot change mode to rwxr-xr-x: Operation not permitted
build	Cache Android SDK	2026-06-06T12:22:49.1752031Z /usr/bin/tar: ../../../../../usr/local/lib/android/sdk/platforms/android-36-ext19/data/res/values-mcc310-mnc250-ru: Cannot utime: Operation not permitted
build	Cache Android SDK	2026-06-06T12:22:49.1753066Z /usr/bin/tar: ../../../../../usr/local/lib/android/sdk/platforms/android-36-ext19/data/res/values-mcc310-mnc250-ru: Cannot change mode to rwxr-xr-x: Operation not permitted
build	Cache Android SDK	2026-06-06T12:22:49.1757973Z /usr/bin/tar: ../../../../../usr/local/lib/android/sdk/platforms/android-36-ext19/data/res/values-et-television: Cannot utime: Operation not permitted
build	Cache Android SDK	2026-06-06T12:22:49.1758967Z /usr/bin/tar: ../../../../../usr/local/lib/android/sdk/platforms/android-36-ext19/data/res/values-et-television: Cannot change mode to rwxr-xr-x: Operation not permitted
build	Cache Android SDK	2026-06-06T12:22:49.1761175Z /usr/bin/tar: ../../../../../usr/local/lib/android/sdk/platforms/android-36-ext19/data/res/values-mcc310-mnc280-si: Cannot utime: Operation not permitted
build	Cache Android SDK	2026-06-06T12:22:49.1762129Z /usr/bin/tar: ../../../../../usr/local/lib/android/sdk/platforms/android-36-ext19/data/res/values-mcc310-mnc280-si: Cannot change mode to rwxr-xr-x: Operation not permitted
build	Cache Android SDK	2026-06-06T12:22:49.1764494Z /usr/bin/tar: ../../../../../usr/local/lib/android/sdk/platforms/android-36-ext19/data/res/values-mcc311-mnc180-nl: Cannot utime: Operation not permitted
build	Cache Android SDK	2026-06-06T12:22:49.1765452Z /usr/bin/tar: ../../../../../usr/local/lib/android/sdk/platforms/android-36-ext19/data/res/values-mcc311-mnc180-nl: Cannot change mode to rwxr-xr-x: Operation not permitted
build	Cache Android SDK	2026-06-06T12:22:49.1772066Z /usr/bin/tar: ../../../../../usr/local/lib/android/sdk/platforms/android-36-ext19/data/res/drawable-sw600dp-hdpi: Cannot utime: Operation not permitted
build	Cache Android SDK	2026-06-06T12:22:49.1773647Z /usr/bin/tar: ../../../../../usr/local/lib/android/sdk/platforms/android-36-ext19/data/res/drawable-sw600dp-hdpi: Cannot change mode to rwxr-xr-x: Operation not permitted
build	Cache Android SDK	2026-06-06T12:22:49.1775078Z /usr/bin/tar: ../../../../../usr/local/lib/android/sdk/platforms/android-36-ext19/data/res/values-mcc302-mnc370-sr: Cannot utime: Operation not permitted
build	Cache Android SDK	2026-06-06T12:22:49.1776546Z /usr/bin/tar: ../../../../../usr/local/lib/android/sdk/platforms/android-36-ext19/data/res/values-mcc302-mnc370-sr: Cannot change mode to rwxr-xr-x: Operation not permitted
build	Cache Android SDK	2026-06-06T12:22:49.1778230Z /usr/bin/tar: ../../../../../usr/local/lib/android/sdk/platforms/android-36-ext19/data/res/values-mcc310-mnc310-is: Cannot utime: Operation not permitted
build	Cache Android SDK	2026-06-06T12:22:49.1779190Z /usr/bin/tar: ../../../../../usr/local/lib/android/sdk/platforms/android-36-ext19/data/res/values-mcc310-mnc310-is: Cannot change mode to rwxr-xr-x: Operation not permitted
build	Cache Android SDK	2026-06-06T12:22:49.1781412Z /usr/bin/tar: ../../../../../usr/local/lib/android/sdk/platforms/android-36-ext19/data/res/values-mcc310-mnc240-es-rUS: Cannot utime: Operation not permitted
build	Cache Android SDK	2026-06-06T12:22:49.1782389Z /usr/bin/tar: ../../../../../usr/local/lib/android/sdk/platforms/android-36-ext19/data/res/values-mcc310-mnc240-es-rUS: Cannot change mode to rwxr-xr-x: Operation not permitted
build	Cache Android SDK	2026-06-06T12:22:49.1784653Z /usr/bin/tar: ../../../../../usr/local/lib/android/sdk/platforms/android-36-ext19/data/res/values-mcc310-mnc170-gl: Cannot utime: Operation not permitted
build	Cache Android SDK	2026-06-06T12:22:49.1785606Z /usr/bin/tar: ../../../../../usr/local/lib/android/sdk/platforms/android-36-ext19/data/res/values-mcc310-mnc170-gl: Cannot change mode to rwxr-xr-x: Operation not permitted
build	Cache Android SDK	2026-06-06T12:22:49.1788038Z /usr/bin/tar: ../../../../../usr/local/lib/android/sdk/platforms/android-36-ext19/data/res/values-mcc310-mnc270-uk: Cannot utime: Operation not permitted
build	Cache Android SDK	2026-06-06T12:22:49.1789082Z /usr/bin/tar: ../../../../../usr/local/lib/android/sdk/platforms/android-36-ext19/data/res/values-mcc310-mnc270-uk: Cannot change mode to rwxr-xr-x: Operation not permitted
build	Cache Android SDK	2026-06-06T12:22:49.1793368Z /usr/bin/tar: ../../../../../usr/local/lib/android/sdk/platforms/android-36-ext19/data/res/values-mcc310-mnc800-fi: Cannot utime: Operation not permitted
build	Cache Android SDK	2026-06-06T12:22:49.1794944Z /usr/bin/tar: ../../../../../usr/local/lib/android/sdk/platforms/android-36-ext19/data/res/values-mcc310-mnc800-fi: Cannot change mode to rwxr-xr-x: Operation not permitted
build	Cache Android SDK	2026-06-06T12:22:49.1796006Z /usr/bin/tar: ../../../../../usr/local/lib/android/sdk/platforms/android-36-ext19/data/res/values-mcc450: Cannot utime: Operation not permitted
build	Cache Android SDK	2026-06-06T12:22:49.1797601Z /usr/bin/tar: ../../../../../usr/local/lib/android/sdk/platforms/android-36-ext19/data/res/values-mcc450: Cannot change mode to rwxr-xr-x: Operation not permitted
build	Cache Android SDK	2026-06-06T12:22:49.1798618Z /usr/bin/tar: ../../../../../usr/local/lib/android/sdk/platforms/android-36-ext19/data/res/values-or-television: Cannot utime: Operation not permitted
build	Cache Android SDK	2026-06-06T12:22:49.1800067Z /usr/bin/tar: ../../../../../usr/local/lib/android/sdk/platforms/android-36-ext19/data/res/values-or-television: Cannot change mode to rwxr-xr-x: Operation not permitted
build	Cache Android SDK	2026-06-06T12:22:49.1801229Z /usr/bin/tar: ../../../../../usr/local/lib/android/sdk/platforms/android-36-ext19/data/res/values-es-rES: Cannot utime: Operation not permitted
build	Cache Android SDK	2026-06-06T12:22:49.1802121Z /usr/bin/tar: ../../../../../usr/local/lib/android/sdk/platforms/android-36-ext19/data/res/values-es-rES: Cannot change mode to rwxr-xr-x: Operation not permitted
build	Cache Android SDK	2026-06-06T12:22:49.1804006Z /usr/bin/tar: ../../../../../usr/local/lib/android/sdk/platforms/android-36-ext19/data/res/values-mcc302-mnc370-nl: Cannot utime: Operation not permitted
build	Cache Android SDK	2026-06-06T12:22:49.1804948Z /usr/bin/tar: ../../../../../usr/local/lib/android/sdk/platforms/android-36-ext19/data/res/values-mcc302-mnc370-nl: Cannot change mode to rwxr-xr-x: Operation not permitted
build	Cache Android SDK	2026-06-06T12:22:49.1809895Z /usr/bin/tar: ../../../../../usr/local/lib/android/sdk/platforms/android-36-ext19/data/res/values-mcc310-mnc950-fr-rCA: Cannot utime: Operation not permitted
build	Cache Android SDK	2026-06-06T12:22:49.1810972Z /usr/bin/tar: ../../../../../usr/local/lib/android/sdk/platforms/android-36-ext19/data/res/values-mcc310-mnc950-fr-rCA: Cannot change mode to rwxr-xr-x: Operation not permitted
build	Cache Android SDK	2026-06-06T12:22:49.1812760Z /usr/bin/tar: ../../../../../usr/local/lib/android/sdk/platforms/android-36-ext19/data/res/values-mcc310-mnc210-ca: Cannot utime: Operation not permitted
build	Cache Android SDK	2026-06-06T12:22:49.1813721Z /usr/bin/tar: ../../../../../usr/local/lib/android/sdk/platforms/android-36-ext19/data/res/values-mcc310-mnc210-ca: Cannot change mode to rwxr-xr-x: Operation not permitted
build	Cache Android SDK	2026-06-06T12:22:49.1818134Z /usr/bin/tar: ../../../../../usr/local/lib/android/sdk/platforms/android-36-ext19/data/res/values-mcc310-mnc490-el: Cannot utime: Operation not permitted
build	Cache Android SDK	2026-06-06T12:22:49.1819201Z /usr/bin/tar: ../../../../../usr/local/lib/android/sdk/platforms/android-36-ext19/data/res/values-mcc310-mnc490-el: Cannot change mode to rwxr-xr-x: Operation not permitted
build	Cache Android SDK	2026-06-06T12:22:49.1821961Z /usr/bin/tar: ../../../../../usr/local/lib/android/sdk/platforms/android-36-ext19/data/res/values-mcc311-mnc180-uk: Cannot utime: Operation not permitted
build	Cache Android SDK	2026-06-06T12:22:49.1823013Z /usr/bin/tar: ../../../../../usr/local/lib/android/sdk/platforms/android-36-ext19/data/res/values-mcc311-mnc180-uk: Cannot change mode to rwxr-xr-x: Operation not permitted
build	Cache Android SDK	2026-06-06T12:22:49.1824727Z /usr/bin/tar: ../../../../../usr/local/lib/android/sdk/platforms/android-36-ext19/data/res/values-ms-watch: Cannot utime: Operation not permitted
build	Cache Android SDK	2026-06-06T12:22:49.1825657Z /usr/bin/tar: ../../../../../usr/local/lib/android/sdk/platforms/android-36-ext19/data/res/values-ms-watch: Cannot change mode to rwxr-xr-x: Operation not permitted
build	Cache Android SDK	2026-06-06T12:22:49.1828119Z /usr/bin/tar: ../../../../../usr/local/lib/android/sdk/platforms/android-36-ext19/data/res/values-mcc310-mnc220-mr: Cannot utime: Operation not permitted
build	Cache Android SDK	2026-06-06T12:22:49.1829302Z /usr/bin/tar: ../../../../../usr/local/lib/android/sdk/platforms/android-36-ext19/data/res/values-mcc310-mnc220-mr: Cannot change mode to rwxr-xr-x: Operation not permitted
build	Cache Android SDK	2026-06-06T12:22:49.1831050Z /usr/bin/tar: ../../../../../usr/local/lib/android/sdk/platforms/android-36-ext19/data/res/values-mcc310-mnc660-kn: Cannot utime: Operation not permitted
build	Cache Android SDK	2026-06-06T12:22:49.1832010Z /usr/bin/tar: ../../../../../usr/local/lib/android/sdk/platforms/android-36-ext19/data/res/values-mcc310-mnc660-kn: Cannot change mode to rwxr-xr-x: Operation not permitted
build	Cache Android SDK	2026-06-06T12:22:49.1835490Z /usr/bin/tar: ../../../../../usr/local/lib/android/sdk/platforms/android-36-ext19/data/res/values-mcc310-mnc210-b+sr+Latn: Cannot utime: Operation not permitted
build	Cache Android SDK	2026-06-06T12:22:49.1836500Z /usr/bin/tar: ../../../../../usr/local/lib/android/sdk/platforms/android-36-ext19/data/res/values-mcc310-mnc210-b+sr+Latn: Cannot change mode to rwxr-xr-x: Operation not permitted
build	Cache Android SDK	2026-06-06T12:22:49.1839179Z /usr/bin/tar: ../../../../../usr/local/lib/android/sdk/platforms/android-36-ext19/data/res/values-mcc310-mnc220-iw: Cannot utime: Operation not permitted
build	Cache Android SDK	2026-06-06T12:22:49.1840594Z /usr/bin/tar: ../../../../../usr/local/lib/android/sdk/platforms/android-36-ext19/data/res/values-mcc310-mnc220-iw: Cannot change mode to rwxr-xr-x: Operation not permitted
build	Cache Android SDK	2026-06-06T12:22:49.1842160Z /usr/bin/tar: ../../../../../usr/local/lib/android/sdk/platforms/android-36-ext19/data/res/values-mcc334-mnc020-uk: Cannot utime: Operation not permitted
build	Cache Android SDK	2026-06-06T12:22:49.1843143Z /usr/bin/tar: ../../../../../usr/local/lib/android/sdk/platforms/android-36-ext19/data/res/values-mcc334-mnc020-uk: Cannot change mode to rwxr-xr-x: Operation not permitted
build	Cache Android SDK	2026-06-06T12:22:49.1845129Z /usr/bin/tar: ../../../../../usr/local/lib/android/sdk/platforms/android-36-ext19/data/res/values-mcc313-mnc100-et: Cannot utime: Operation not permitted
build	Cache Android SDK	2026-06-06T12:22:49.1846184Z /usr/bin/tar: ../../../../../usr/local/lib/android/sdk/platforms/android-36-ext19/data/res/values-mcc313-mnc100-et: Cannot change mode to rwxr-xr-x: Operation not permitted
build	Cache Android SDK	2026-06-06T12:22:49.1850365Z /usr/bin/tar: ../../../../../usr/local/lib/android/sdk/platforms/android-36-ext19/data/res/values-nl-rBE: Cannot utime: Operation not permitted
build	Cache Android SDK	2026-06-06T12:22:49.1851405Z /usr/bin/tar: ../../../../../usr/local/lib/android/sdk/platforms/android-36-ext19/data/res/values-nl-rBE: Cannot change mode to rwxr-xr-x: Operation not permitted
build	Cache Android SDK	2026-06-06T12:22:49.1853043Z /usr/bin/tar: ../../../../../usr/local/lib/android/sdk/platforms/android-36-ext19/data/res/values-mcc310-mnc560-gu: Cannot utime: Operation not permitted
build	Cache Android SDK	2026-06-06T12:22:49.1854000Z /usr/bin/tar: ../../../../../usr/local/lib/android/sdk/platforms/android-36-ext19/data/res/values-mcc310-mnc560-gu: Cannot change mode to rwxr-xr-x: Operation not permitted
build	Cache Android SDK	2026-06-06T12:22:49.1857800Z /usr/bin/tar: ../../../../../usr/local/lib/android/sdk/platforms/android-36-ext19/data/res/values-mcc310-mnc800-lv: Cannot utime: Operation not permitted
build	Cache Android SDK	2026-06-06T12:22:49.1858790Z /usr/bin/tar: ../../../../../usr/local/lib/android/sdk/platforms/android-36-ext19/data/res/values-mcc310-mnc800-lv: Cannot change mode to rwxr-xr-x: Operation not permitted
build	Cache Android SDK	2026-06-06T12:22:49.1861666Z /usr/bin/tar: ../../../../../usr/local/lib/android/sdk/platforms/android-36-ext19/data/res/values-mcc302-mnc720-nb: Cannot utime: Operation not permitted
build	Cache Android SDK	2026-06-06T12:22:49.1862623Z /usr/bin/tar: ../../../../../usr/local/lib/android/sdk/platforms/android-36-ext19/data/res/values-mcc302-mnc720-nb: Cannot change mode to rwxr-xr-x: Operation not permitted
build	Cache Android SDK	2026-06-06T12:22:49.1864987Z /usr/bin/tar: ../../../../../usr/local/lib/android/sdk/platforms/android-36-ext19/data/res/values-mcc313-mnc100-ru: Cannot utime: Operation not permitted
build	Cache Android SDK	2026-06-06T12:22:49.1865947Z /usr/bin/tar: ../../../../../usr/local/lib/android/sdk/platforms/android-36-ext19/data/res/values-mcc313-mnc100-ru: Cannot change mode to rwxr-xr-x: Operation not permitted
build	Cache Android SDK	2026-06-06T12:22:49.1868953Z /usr/bin/tar: ../../../../../usr/local/lib/android/sdk/platforms/android-36-ext19/data/res/values-mcc310-mnc380-sk: Cannot utime: Operation not permitted
build	Cache Android SDK	2026-06-06T12:22:49.1870629Z /usr/bin/tar: ../../../../../usr/local/lib/android/sdk/platforms/android-36-ext19/data/res/values-mcc310-mnc380-sk: Cannot change mode to rwxr-xr-x: Operation not permitted
build	Cache Android SDK	2026-06-06T12:22:49.1873799Z /usr/bin/tar: ../../../../../usr/local/lib/android/sdk/platforms/android-36-ext19/data/res/xml-xlarge: Cannot utime: Operation not permitted
build	Cache Android SDK	2026-06-06T12:22:49.1874839Z /usr/bin/tar: ../../../../../usr/local/lib/android/sdk/platforms/android-36-ext19/data/res/xml-xlarge: Cannot change mode to rwxr-xr-x: Operation not permitted
build	Cache Android SDK	2026-06-06T12:22:49.1876675Z /usr/bin/tar: ../../../../../usr/local/lib/android/sdk/platforms/android-36-ext19/data/res/values-mcc310-mnc240-uk: Cannot utime: Operation not permitted
build	Cache Android SDK	2026-06-06T12:22:49.1878030Z /usr/bin/tar: ../../../../../usr/local/lib/android/sdk/platforms/android-36-ext19/data/res/values-mcc310-mnc240-uk: Cannot change mode to rwxr-xr-x: Operation not permitted
build	Cache Android SDK	2026-06-06T12:22:49.1880192Z /usr/bin/tar: ../../../../../usr/local/lib/android/sdk/platforms/android-36-ext19/data/res/values-sw372dp: Cannot utime: Operation not permitted
build	Cache Android SDK	2026-06-06T12:22:49.1881093Z /usr/bin/tar: ../../../../../usr/local/lib/android/sdk/platforms/android-36-ext19/data/res/values-sw372dp: Cannot change mode to rwxr-xr-x: Operation not permitted
build	Cache Android SDK	2026-06-06T12:22:49.1883565Z /usr/bin/tar: ../../../../../usr/local/lib/android/sdk/platforms/android-36-ext19/data/res/values-mcc310-mnc160-b+sr+Latn: Cannot utime: Operation not permitted
build	Cache Android SDK	2026-06-06T12:22:49.1884571Z /usr/bin/tar: ../../../../../usr/local/lib/android/sdk/platforms/android-36-ext19/data/res/values-mcc310-mnc160-b+sr+Latn: Cannot change mode to rwxr-xr-x: Operation not permitted
build	Cache Android SDK	2026-06-06T12:22:49.1886803Z /usr/bin/tar: ../../../../../usr/local/lib/android/sdk/platforms/android-36-ext19/data/res/values-mcc334-mnc020-az: Cannot utime: Operation not permitted
build	Cache Android SDK	2026-06-06T12:22:49.1887944Z /usr/bin/tar: ../../../../../usr/local/lib/android/sdk/platforms/android-36-ext19/data/res/values-mcc334-mnc020-az: Cannot change mode to rwxr-xr-x: Operation not permitted
build	Cache Android SDK	2026-06-06T12:22:49.1890442Z /usr/bin/tar: ../../../../../usr/local/lib/android/sdk/platforms/android-36-ext19/data/res/raw-ru: Cannot utime: Operation not permitted
build	Cache Android SDK	2026-06-06T12:22:49.1891294Z /usr/bin/tar: ../../../../../usr/local/lib/android/sdk/platforms/android-36-ext19/data/res/raw-ru: Cannot change mode to rwxr-xr-x: Operation not permitted
build	Cache Android SDK	2026-06-06T12:22:49.1893705Z /usr/bin/tar: ../../../../../usr/local/lib/android/sdk/platforms/android-36-ext19/data/res/values-mcc310-mnc280-en-rIN: Cannot utime: Operation not permitted
build	Cache Android SDK	2026-06-06T12:22:49.1894689Z /usr/bin/tar: ../../../../../usr/local/lib/android/sdk/platforms/android-36-ext19/data/res/values-mcc310-mnc280-en-rIN: Cannot change mode to rwxr-xr-x: Operation not permitted
build	Cache Android SDK	2026-06-06T12:22:49.1897983Z /usr/bin/tar: ../../../../../usr/local/lib/android/sdk/platforms/android-36-ext19/data/res/values-mcc310-mnc270-lv: Cannot utime: Operation not permitted
build	Cache Android SDK	2026-06-06T12:22:49.1898984Z /usr/bin/tar: ../../../../../usr/local/lib/android/sdk/platforms/android-36-ext19/data/res/values-mcc310-mnc270-lv: Cannot change mode to rwxr-xr-x: Operation not permitted
build	Cache Android SDK	2026-06-06T12:22:49.1903870Z /usr/bin/tar: ../../../../../usr/local/lib/android/sdk/platforms/android-36-ext19/data/res/values-mcc310-mnc380-hu: Cannot utime: Operation not permitted
build	Cache Android SDK	2026-06-06T12:22:49.1904836Z /usr/bin/tar: ../../../../../usr/local/lib/android/sdk/platforms/android-36-ext19/data/res/values-mcc310-mnc380-hu: Cannot change mode to rwxr-xr-x: Operation not permitted
build	Cache Android SDK	2026-06-06T12:22:49.1907813Z /usr/bin/tar: ../../../../../usr/local/lib/android/sdk/platforms/android-36-ext19/data/res/values-mcc310-mnc660-hr: Cannot utime: Operation not permitted
build	Cache Android SDK	2026-06-06T12:22:49.1908794Z /usr/bin/tar: ../../../../../usr/local/lib/android/sdk/platforms/android-36-ext19/data/res/values-mcc310-mnc660-hr: Cannot change mode to rwxr-xr-x: Operation not permitted
build	Cache Android SDK	2026-06-06T12:22:49.1912808Z /usr/bin/tar: ../../../../../usr/local/lib/android/sdk/platforms/android-36-ext19/data/res/values-mcc310-mnc200-da: Cannot utime: Operation not permitted
build	Cache Android SDK	2026-06-06T12:22:49.1913782Z /usr/bin/tar: ../../../../../usr/local/lib/android/sdk/platforms/android-36-ext19/data/res/values-mcc310-mnc200-da: Cannot change mode to rwxr-xr-x: Operation not permitted
build	Cache Android SDK	2026-06-06T12:22:49.1917037Z /usr/bin/tar: ../../../../../usr/local/lib/android/sdk/platforms/android-36-ext19/data/res/values-mcc310-mnc280-mk: Cannot utime: Operation not permitted
build	Cache Android SDK	2026-06-06T12:22:49.1918165Z /usr/bin/tar: ../../../../../usr/local/lib/android/sdk/platforms/android-36-ext19/data/res/values-mcc310-mnc280-mk: Cannot change mode to rwxr-xr-x: Operation not permitted
build	Cache Android SDK	2026-06-06T12:22:49.1921354Z /usr/bin/tar: ../../../../../usr/local/lib/android/sdk/platforms/android-36-ext19/data/res/values-az-watch: Cannot utime: Operation not permitted
build	Cache Android SDK	2026-06-06T12:22:49.1922283Z /usr/bin/tar: ../../../../../usr/local/lib/android/sdk/platforms/android-36-ext19/data/res/values-az-watch: Cannot change mode to rwxr-xr-x: Operation not permitted
build	Cache Android SDK	2026-06-06T12:22:49.1924673Z /usr/bin/tar: ../../../../../usr/local/lib/android/sdk/platforms/android-36-ext19/data/res/values-mcc310-mnc200-pt-rPT: Cannot utime: Operation not permitted
build	Cache Android SDK	2026-06-06T12:22:49.1925697Z /usr/bin/tar: ../../../../../usr/local/lib/android/sdk/platforms/android-36-ext19/data/res/values-mcc310-mnc200-pt-rPT: Cannot change mode to rwxr-xr-x: Operation not permitted
build	Cache Android SDK	2026-06-06T12:22:49.1928410Z /usr/bin/tar: ../../../../../usr/local/lib/android/sdk/platforms/android-36-ext19/data/res/values-mcc310-mnc800-uk: Cannot utime: Operation not permitted
build	Cache Android SDK	2026-06-06T12:22:49.1929376Z /usr/bin/tar: ../../../../../usr/local/lib/android/sdk/platforms/android-36-ext19/data/res/values-mcc310-mnc800-uk: Cannot change mode to rwxr-xr-x: Operation not permitted
build	Cache Android SDK	2026-06-06T12:22:49.1933028Z /usr/bin/tar: ../../../../../usr/local/lib/android/sdk/platforms/android-36-ext19/data/res/values-mcc310-mnc950-ur: Cannot utime: Operation not permitted
build	Cache Android SDK	2026-06-06T12:22:49.1933986Z /usr/bin/tar: ../../../../../usr/local/lib/android/sdk/platforms/android-36-ext19/data/res/values-mcc310-mnc950-ur: Cannot change mode to rwxr-xr-x: Operation not permitted
build	Cache Android SDK	2026-06-06T12:22:49.1941688Z /usr/bin/tar: ../../../../../usr/local/lib/android/sdk/platforms/android-36-ext19/data/res/values-bn: Cannot utime: Operation not permitted
build	Cache Android SDK	2026-06-06T12:22:49.1942574Z /usr/bin/tar: ../../../../../usr/local/lib/android/sdk/platforms/android-36-ext19/data/res/values-bn: Cannot change mode to rwxr-xr-x: Operation not permitted
build	Cache Android SDK	2026-06-06T12:22:49.1945507Z /usr/bin/tar: ../../../../../usr/local/lib/android/sdk/platforms/android-36-ext19/data/res/values-mcc302-mnc370: Cannot utime: Operation not permitted
build	Cache Android SDK	2026-06-06T12:22:49.1947010Z /usr/bin/tar: ../../../../../usr/local/lib/android/sdk/platforms/android-36-ext19/data/res/values-mcc302-mnc370: Cannot change mode to rwxr-xr-x: Operation not permitted
build	Cache Android SDK	2026-06-06T12:22:49.1948626Z /usr/bin/tar: ../../../../../usr/local/lib/android/sdk/platforms/android-36-ext19/data/res/values-mcc310-mnc560-sq: Cannot utime: Operation not permitted
build	Cache Android SDK	2026-06-06T12:22:49.1949615Z /usr/bin/tar: ../../../../../usr/local/lib/android/sdk/platforms/android-36-ext19/data/res/values-mcc310-mnc560-sq: Cannot change mode to rwxr-xr-x: Operation not permitted
build	Cache Android SDK	2026-06-06T12:22:49.1958420Z /usr/bin/tar: ../../../../../usr/local/lib/android/sdk/platforms/android-36-ext19/data/res/drawable-watch: Cannot utime: Operation not permitted
build	Cache Android SDK	2026-06-06T12:22:49.1960124Z /usr/bin/tar: ../../../../../usr/local/lib/android/sdk/platforms/android-36-ext19/data/res/drawable-watch: Cannot change mode to rwxr-xr-x: Operation not permitted
build	Cache Android SDK	2026-06-06T12:22:49.1961888Z /usr/bin/tar: ../../../../../usr/local/lib/android/sdk/platforms/android-36-ext19/data/res/values-mcc310-mnc150-as: Cannot utime: Operation not permitted
build	Cache Android SDK	2026-06-06T12:22:49.1963063Z /usr/bin/tar: ../../../../../usr/local/lib/android/sdk/platforms/android-36-ext19/data/res/values-mcc310-mnc150-as: Cannot change mode to rwxr-xr-x: Operation not permitted
build	Cache Android SDK	2026-06-06T12:22:49.1964776Z /usr/bin/tar: ../../../../../usr/local/lib/android/sdk/platforms/android-36-ext19/data/res/values-mcc310-mnc560-uk: Cannot utime: Operation not permitted
build	Cache Android SDK	2026-06-06T12:22:49.1965801Z /usr/bin/tar: ../../../../../usr/local/lib/android/sdk/platforms/android-36-ext19/data/res/values-mcc310-mnc560-uk: Cannot change mode to rwxr-xr-x: Operation not permitted
build	Cache Android SDK	2026-06-06T12:22:49.1969209Z /usr/bin/tar: ../../../../../usr/local/lib/android/sdk/platforms/android-36-ext19/data/res/values-mcc334-mnc020-hy: Cannot utime: Operation not permitted
build	Cache Android SDK	2026-06-06T12:22:49.1971190Z /usr/bin/tar: ../../../../../usr/local/lib/android/sdk/platforms/android-36-ext19/data/res/values-mcc334-mnc020-hy: Cannot change mode to rwxr-xr-x: Operation not permitted
build	Cache Android SDK	2026-06-06T12:22:49.1972319Z /usr/bin/tar: ../../../../../usr/local/lib/android/sdk/platforms/android-36-ext19/data/res/values-mcc310-mnc240-pa: Cannot utime: Operation not permitted
build	Cache Android SDK	2026-06-06T12:22:49.1973681Z /usr/bin/tar: ../../../../../usr/local/lib/android/sdk/platforms/android-36-ext19/data/res/values-mcc310-mnc240-pa: Cannot change mode to rwxr-xr-x: Operation not permitted
build	Cache Android SDK	2026-06-06T12:22:49.1976908Z /usr/bin/tar: ../../../../../usr/local/lib/android/sdk/platforms/android-36-ext19/data/res/values-mcc302-mnc370-ca: Cannot utime: Operation not permitted
build	Cache Android SDK	2026-06-06T12:22:49.1978100Z /usr/bin/tar: ../../../../../usr/local/lib/android/sdk/platforms/android-36-ext19/data/res/values-mcc302-mnc370-ca: Cannot change mode to rwxr-xr-x: Operation not permitted
build	Cache Android SDK	2026-06-06T12:22:49.1982663Z /usr/bin/tar: ../../../../../usr/local/lib/android/sdk/platforms/android-36-ext19/data/res/values-mcc310-mnc240-zh-rHK: Cannot utime: Operation not permitted
build	Cache Android SDK	2026-06-06T12:22:49.1983785Z /usr/bin/tar: ../../../../../usr/local/lib/android/sdk/platforms/android-36-ext19/data/res/values-mcc310-mnc240-zh-rHK: Cannot change mode to rwxr-xr-x: Operation not permitted
build	Cache Android SDK	2026-06-06T12:22:49.1989738Z /usr/bin/tar: ../../../../../usr/local/lib/android/sdk/platforms/android-36-ext19/data/res/values-mcc310-mnc950-lo: Cannot utime: Operation not permitted
build	Cache Android SDK	2026-06-06T12:22:49.1990711Z /usr/bin/tar: ../../../../../usr/local/lib/android/sdk/platforms/android-36-ext19/data/res/values-mcc310-mnc950-lo: Cannot change mode to rwxr-xr-x: Operation not permitted
build	Cache Android SDK	2026-06-06T12:22:49.1998026Z /usr/bin/tar: ../../../../../usr/local/lib/android/sdk/platforms/android-36-ext19/data/res/values-mcc310-mnc660-ta: Cannot utime: Operation not permitted
build	Cache Android SDK	2026-06-06T12:22:49.1999000Z /usr/bin/tar: ../../../../../usr/local/lib/android/sdk/platforms/android-36-ext19/data/res/values-mcc310-mnc660-ta: Cannot change mode to rwxr-xr-x: Operation not permitted
build	Cache Android SDK	2026-06-06T12:22:49.2001869Z /usr/bin/tar: ../../../../../usr/local/lib/android/sdk/platforms/android-36-ext19/data/res/values-mcc310-mnc270-ms: Cannot utime: Operation not permitted
build	Cache Android SDK	2026-06-06T12:22:49.2002949Z /usr/bin/tar: ../../../../../usr/local/lib/android/sdk/platforms/android-36-ext19/data/res/values-mcc310-mnc270-ms: Cannot change mode to rwxr-xr-x: Operation not permitted
build	Cache Android SDK	2026-06-06T12:22:49.2005943Z /usr/bin/tar: ../../../../../usr/local/lib/android/sdk/platforms/android-36-ext19/data/res/values-mcc310-mnc280-ca: Cannot utime: Operation not permitted
build	Cache Android SDK	2026-06-06T12:22:49.2006911Z /usr/bin/tar: ../../../../../usr/local/lib/android/sdk/platforms/android-36-ext19/data/res/values-mcc310-mnc280-ca: Cannot change mode to rwxr-xr-x: Operation not permitted
build	Cache Android SDK	2026-06-06T12:22:49.2010536Z /usr/bin/tar: ../../../../../usr/local/lib/android/sdk/platforms/android-36-ext19/data/res/values-mcc310-mnc280-az: Cannot utime: Operation not permitted
build	Cache Android SDK	2026-06-06T12:22:49.2011487Z /usr/bin/tar: ../../../../../usr/local/lib/android/sdk/platforms/android-36-ext19/data/res/values-mcc310-mnc280-az: Cannot change mode to rwxr-xr-x: Operation not permitted
build	Cache Android SDK	2026-06-06T12:22:49.2013879Z /usr/bin/tar: ../../../../../usr/local/lib/android/sdk/platforms/android-36-ext19/data/res/values-mcc310-mnc240-tr: Cannot utime: Operation not permitted
build	Cache Android SDK	2026-06-06T12:22:49.2014834Z /usr/bin/tar: ../../../../../usr/local/lib/android/sdk/platforms/android-36-ext19/data/res/values-mcc310-mnc240-tr: Cannot change mode to rwxr-xr-x: Operation not permitted
build	Cache Android SDK	2026-06-06T12:22:49.2018074Z /usr/bin/tar: ../../../../../usr/local/lib/android/sdk/platforms/android-36-ext19/data/res/values-mcc001-mnc01-sr: Cannot utime: Operation not permitted
build	Cache Android SDK	2026-06-06T12:22:49.2019037Z /usr/bin/tar: ../../../../../usr/local/lib/android/sdk/platforms/android-36-ext19/data/res/values-mcc001-mnc01-sr: Cannot change mode to rwxr-xr-x: Operation not permitted
build	Cache Android SDK	2026-06-06T12:22:49.2021358Z /usr/bin/tar: ../../../../../usr/local/lib/android/sdk/platforms/android-36-ext19/data/res/values-mcc312-mnc670-ja: Cannot utime: Operation not permitted
build	Cache Android SDK	2026-06-06T12:22:49.2022326Z /usr/bin/tar: ../../../../../usr/local/lib/android/sdk/platforms/android-36-ext19/data/res/values-mcc312-mnc670-ja: Cannot change mode to rwxr-xr-x: Operation not permitted
build	Cache Android SDK	2026-06-06T12:22:49.2025177Z /usr/bin/tar: ../../../../../usr/local/lib/android/sdk/platforms/android-36-ext19/data/res/values-mcc001-mnc01-gu: Cannot utime: Operation not permitted
build	Cache Android SDK	2026-06-06T12:22:49.2026132Z /usr/bin/tar: ../../../../../usr/local/lib/android/sdk/platforms/android-36-ext19/data/res/values-mcc001-mnc01-gu: Cannot change mode to rwxr-xr-x: Operation not permitted
build	Cache Android SDK	2026-06-06T12:22:49.2028323Z /usr/bin/tar: ../../../../../usr/local/lib/android/sdk/platforms/android-36-ext19/data/res/values-mcc334-mnc020-et: Cannot utime: Operation not permitted
build	Cache Android SDK	2026-06-06T12:22:49.2029403Z /usr/bin/tar: ../../../../../usr/local/lib/android/sdk/platforms/android-36-ext19/data/res/values-mcc334-mnc020-et: Cannot change mode to rwxr-xr-x: Operation not permitted
build	Cache Android SDK	2026-06-06T12:22:49.2033735Z /usr/bin/tar: ../../../../../usr/local/lib/android/sdk/platforms/android-36-ext19/data/res/values-mcc310-mnc560-am: Cannot utime: Operation not permitted
build	Cache Android SDK	2026-06-06T12:22:49.2034788Z /usr/bin/tar: ../../../../../usr/local/lib/android/sdk/platforms/android-36-ext19/data/res/values-mcc310-mnc560-am: Cannot change mode to rwxr-xr-x: Operation not permitted
build	Cache Android SDK	2026-06-06T12:22:49.2037242Z /usr/bin/tar: ../../../../../usr/local/lib/android/sdk/platforms/android-36-ext19/data/res/values-sw600dp-land: Cannot utime: Operation not permitted
build	Cache Android SDK	2026-06-06T12:22:49.2038329Z /usr/bin/tar: ../../../../../usr/local/lib/android/sdk/platforms/android-36-ext19/data/res/values-sw600dp-land: Cannot change mode to rwxr-xr-x: Operation not permitted
build	Cache Android SDK	2026-06-06T12:22:49.2040102Z /usr/bin/tar: ../../../../../usr/local/lib/android/sdk/platforms/android-36-ext19/data/res/values-mcc310-mnc950-ta: Cannot utime: Operation not permitted
build	Cache Android SDK	2026-06-06T12:22:49.2041057Z /usr/bin/tar: ../../../../../usr/local/lib/android/sdk/platforms/android-36-ext19/data/res/values-mcc310-mnc950-ta: Cannot change mode to rwxr-xr-x: Operation not permitted
build	Cache Android SDK	2026-06-06T12:22:49.2043426Z /usr/bin/tar: ../../../../../usr/local/lib/android/sdk/platforms/android-36-ext19/data/res/values-mcc310-mnc410-en-rGB: Cannot utime: Operation not permitted
build	Cache Android SDK	2026-06-06T12:22:49.2044409Z /usr/bin/tar: ../../../../../usr/local/lib/android/sdk/platforms/android-36-ext19/data/res/values-mcc310-mnc410-en-rGB: Cannot change mode to rwxr-xr-x: Operation not permitted
build	Cache Android SDK	2026-06-06T12:22:49.2047177Z /usr/bin/tar: ../../../../../usr/local/lib/android/sdk/platforms/android-36-ext19/data/res/values-mcc310-mnc230-es-rUS: Cannot utime: Operation not permitted
build	Cache Android SDK	2026-06-06T12:22:49.2048251Z /usr/bin/tar: ../../../../../usr/local/lib/android/sdk/platforms/android-36-ext19/data/res/values-mcc310-mnc230-es-rUS: Cannot change mode to rwxr-xr-x: Operation not permitted
build	Cache Android SDK	2026-06-06T12:22:49.2050148Z /usr/bin/tar: ../../../../../usr/local/lib/android/sdk/platforms/android-36-ext19/data/res/values-ar-television: Cannot utime: Operation not permitted
build	Cache Android SDK	2026-06-06T12:22:49.2051089Z /usr/bin/tar: ../../../../../usr/local/lib/android/sdk/platforms/android-36-ext19/data/res/values-ar-television: Cannot change mode to rwxr-xr-x: Operation not permitted
build	Cache Android SDK	2026-06-06T12:22:49.2054214Z /usr/bin/tar: ../../../../../usr/local/lib/android/sdk/platforms/android-36-ext19/data/res/values-mcc313-mnc100-bs: Cannot utime: Operation not permitted
build	Cache Android SDK	2026-06-06T12:22:49.2055164Z /usr/bin/tar: ../../../../../usr/local/lib/android/sdk/platforms/android-36-ext19/data/res/values-mcc313-mnc100-bs: Cannot change mode to rwxr-xr-x: Operation not permitted
build	Cache Android SDK	2026-06-06T12:22:49.2057624Z /usr/bin/tar: ../../../../../usr/local/lib/android/sdk/platforms/android-36-ext19/data/res/values-mcc310-mnc200-en-rGB: Cannot utime: Operation not permitted
build	Cache Android SDK	2026-06-06T12:22:49.2058877Z /usr/bin/tar: ../../../../../usr/local/lib/android/sdk/platforms/android-36-ext19/data/res/values-mcc310-mnc200-en-rGB: Cannot change mode to rwxr-xr-x: Operation not permitted
build	Cache Android SDK	2026-06-06T12:22:49.2060458Z /usr/bin/tar: ../../../../../usr/local/lib/android/sdk/platforms/android-36-ext19/data/res/values-mcc310-mnc950-ne: Cannot utime: Operation not permitted
build	Cache Android SDK	2026-06-06T12:22:49.2061422Z /usr/bin/tar: ../../../../../usr/local/lib/android/sdk/platforms/android-36-ext19/data/res/values-mcc310-mnc950-ne: Cannot change mode to rwxr-xr-x: Operation not permitted
build	Cache Android SDK	2026-06-06T12:22:49.2063568Z /usr/bin/tar: ../../../../../usr/local/lib/android/sdk/platforms/android-36-ext19/data/res/values-mcc310-mnc560-es: Cannot utime: Operation not permitted
build	Cache Android SDK	2026-06-06T12:22:49.2064520Z /usr/bin/tar: ../../../../../usr/local/lib/android/sdk/platforms/android-36-ext19/data/res/values-mcc310-mnc560-es: Cannot change mode to rwxr-xr-x: Operation not permitted
build	Cache Android SDK	2026-06-06T12:22:49.2067237Z /usr/bin/tar: ../../../../../usr/local/lib/android/sdk/platforms/android-36-ext19/data/res/values-mcc001-mnc01-b+sr+Latn: Cannot utime: Operation not permitted
build	Cache Android SDK	2026-06-06T12:22:49.2068314Z /usr/bin/tar: ../../../../../usr/local/lib/android/sdk/platforms/android-36-ext19/data/res/values-mcc001-mnc01-b+sr+Latn: Cannot change mode to rwxr-xr-x: Operation not permitted
build	Cache Android SDK	2026-06-06T12:22:49.2071307Z /usr/bin/tar: ../../../../../usr/local/lib/android/sdk/platforms/android-36-ext19/data/res/values-mcc310-mnc800-sk: Cannot utime: Operation not permitted
build	Cache Android SDK	2026-06-06T12:22:49.2072278Z /usr/bin/tar: ../../../../../usr/local/lib/android/sdk/platforms/android-36-ext19/data/res/values-mcc310-mnc800-sk: Cannot change mode to rwxr-xr-x: Operation not permitted
build	Cache Android SDK	2026-06-06T12:22:49.2074190Z /usr/bin/tar: ../../../../../usr/local/lib/android/sdk/platforms/android-36-ext19/data/res/values-mcc310-mnc410-ms: Cannot utime: Operation not permitted
build	Cache Android SDK	2026-06-06T12:22:49.2075149Z /usr/bin/tar: ../../../../../usr/local/lib/android/sdk/platforms/android-36-ext19/data/res/values-mcc310-mnc410-ms: Cannot change mode to rwxr-xr-x: Operation not permitted
build	Cache Android SDK	2026-06-06T12:22:49.2078109Z /usr/bin/tar: ../../../../../usr/local/lib/android/sdk/platforms/android-36-ext19/data/res/values-mcc313-mnc100-en-rIN: Cannot utime: Operation not permitted
build	Cache Android SDK	2026-06-06T12:22:49.2079200Z /usr/bin/tar: ../../../../../usr/local/lib/android/sdk/platforms/android-36-ext19/data/res/values-mcc313-mnc100-en-rIN: Cannot change mode to rwxr-xr-x: Operation not permitted
build	Cache Android SDK	2026-06-06T12:22:49.2082498Z /usr/bin/tar: ../../../../../usr/local/lib/android/sdk/platforms/android-36-ext19/data/res/values-mcc310-mnc160-mn: Cannot utime: Operation not permitted
build	Cache Android SDK	2026-06-06T12:22:49.2084212Z /usr/bin/tar: ../../../../../usr/local/lib/android/sdk/platforms/android-36-ext19/data/res/values-mcc310-mnc160-mn: Cannot change mode to rwxr-xr-x: Operation not permitted
build	Cache Android SDK	2026-06-06T12:22:49.2086036Z /usr/bin/tar: ../../../../../usr/local/lib/android/sdk/platforms/android-36-ext19/data/res/values-mcc310-mnc240-el: Cannot utime: Operation not permitted
build	Cache Android SDK	2026-06-06T12:22:49.2087162Z /usr/bin/tar: ../../../../../usr/local/lib/android/sdk/platforms/android-36-ext19/data/res/values-mcc310-mnc240-el: Cannot change mode to rwxr-xr-x: Operation not permitted
build	Cache Android SDK	2026-06-06T12:22:49.2090429Z /usr/bin/tar: ../../../../../usr/local/lib/android/sdk/platforms/android-36-ext19/data/res/values-mcc312-mnc670-ko: Cannot utime: Operation not permitted
build	Cache Android SDK	2026-06-06T12:22:49.2091777Z /usr/bin/tar: ../../../../../usr/local/lib/android/sdk/platforms/android-36-ext19/data/res/values-mcc312-mnc670-ko: Cannot change mode to rwxr-xr-x: Operation not permitted
build	Cache Android SDK	2026-06-06T12:22:49.2095673Z /usr/bin/tar: ../../../../../usr/local/lib/android/sdk/platforms/android-36-ext19/data/res/values-mcc001-mnc01-as: Cannot utime: Operation not permitted
build	Cache Android SDK	2026-06-06T12:22:49.2096683Z /usr/bin/tar: ../../../../../usr/local/lib/android/sdk/platforms/android-36-ext19/data/res/values-mcc001-mnc01-as: Cannot change mode to rwxr-xr-x: Operation not permitted
build	Cache Android SDK	2026-06-06T12:22:49.2099723Z /usr/bin/tar: ../../../../../usr/local/lib/android/sdk/platforms/android-36-ext19/data/res/values-mcc310-mnc950-en-rGB: Cannot utime: Operation not permitted
build	Cache Android SDK	2026-06-06T12:22:49.2100713Z /usr/bin/tar: ../../../../../usr/local/lib/android/sdk/platforms/android-36-ext19/data/res/values-mcc310-mnc950-en-rGB: Cannot change mode to rwxr-xr-x: Operation not permitted
build	Cache Android SDK	2026-06-06T12:22:49.2103142Z /usr/bin/tar: ../../../../../usr/local/lib/android/sdk/platforms/android-36-ext19/data/res/values-mcc310-mnc250-zh-rTW: Cannot utime: Operation not permitted
build	Cache Android SDK	2026-06-06T12:22:49.2104236Z /usr/bin/tar: ../../../../../usr/local/lib/android/sdk/platforms/android-36-ext19/data/res/values-mcc310-mnc250-zh-rTW: Cannot change mode to rwxr-xr-x: Operation not permitted
build	Cache Android SDK	2026-06-06T12:22:49.2106224Z /usr/bin/tar: ../../../../../usr/local/lib/android/sdk/platforms/android-36-ext19/data/res/values-mcc312-mnc670-bs: Cannot utime: Operation not permitted
build	Cache Android SDK	2026-06-06T12:22:49.2107199Z /usr/bin/tar: ../../../../../usr/local/lib/android/sdk/platforms/android-36-ext19/data/res/values-mcc312-mnc670-bs: Cannot change mode to rwxr-xr-x: Operation not permitted
build	Cache Android SDK	2026-06-06T12:22:49.2109947Z /usr/bin/tar: ../../../../../usr/local/lib/android/sdk/platforms/android-36-ext19/data/res/values-mcc302-mnc370-uz: Cannot utime: Operation not permitted
build	Cache Android SDK	2026-06-06T12:22:49.2111017Z /usr/bin/tar: ../../../../../usr/local/lib/android/sdk/platforms/android-36-ext19/data/res/values-mcc302-mnc370-uz: Cannot change mode to rwxr-xr-x: Operation not permitted
build	Cache Android SDK	2026-06-06T12:22:49.2117339Z /usr/bin/tar: ../../../../../usr/local/lib/android/sdk/platforms/android-36-ext19/data/res/values-mcc310-mnc220-nb: Cannot utime: Operation not permitted
build	Cache Android SDK	2026-06-06T12:22:49.2118432Z /usr/bin/tar: ../../../../../usr/local/lib/android/sdk/platforms/android-36-ext19/data/res/values-mcc310-mnc220-nb: Cannot change mode to rwxr-xr-x: Operation not permitted
build	Cache Android SDK	2026-06-06T12:22:49.2122003Z /usr/bin/tar: ../../../../../usr/local/lib/android/sdk/platforms/android-36-ext19/data/res/values-mcc310-mnc150-nb: Cannot utime: Operation not permitted
build	Cache Android SDK	2026-06-06T12:22:49.2123013Z /usr/bin/tar: ../../../../../usr/local/lib/android/sdk/platforms/android-36-ext19/data/res/values-mcc310-mnc150-nb: Cannot change mode to rwxr-xr-x: Operation not permitted
build	Cache Android SDK	2026-06-06T12:22:49.2129431Z /usr/bin/tar: ../../../../../usr/local/lib/android/sdk/platforms/android-36-ext19/data/res/values-mcc310-mnc030-et: Cannot utime: Operation not permitted
build	Cache Android SDK	2026-06-06T12:22:49.2130769Z /usr/bin/tar: ../../../../../usr/local/lib/android/sdk/platforms/android-36-ext19/data/res/values-mcc310-mnc030-et: Cannot change mode to rwxr-xr-x: Operation not permitted
build	Cache Android SDK	2026-06-06T12:22:49.2132454Z /usr/bin/tar: ../../../../../usr/local/lib/android/sdk/platforms/android-36-ext19/data/res/values-mcc310-mnc310-sr: Cannot utime: Operation not permitted
build	Cache Android SDK	2026-06-06T12:22:49.2133648Z /usr/bin/tar: ../../../../../usr/local/lib/android/sdk/platforms/android-36-ext19/data/res/values-mcc310-mnc310-sr: Cannot change mode to rwxr-xr-x: Operation not permitted
build	Cache Android SDK	2026-06-06T12:22:49.2136781Z /usr/bin/tar: ../../../../../usr/local/lib/android/sdk/platforms/android-36-ext19/data/res/values-mcc310-mnc250-ro: Cannot utime: Operation not permitted
build	Cache Android SDK	2026-06-06T12:22:49.2137867Z /usr/bin/tar: ../../../../../usr/local/lib/android/sdk/platforms/android-36-ext19/data/res/values-mcc310-mnc250-ro: Cannot change mode to rwxr-xr-x: Operation not permitted
build	Cache Android SDK	2026-06-06T12:22:49.2140599Z /usr/bin/tar: ../../../../../usr/local/lib/android/sdk/platforms/android-36-ext19/data/res/values-mcc302-mnc370-tr: Cannot utime: Operation not permitted
build	Cache Android SDK	2026-06-06T12:22:49.2141585Z /usr/bin/tar: ../../../../../usr/local/lib/android/sdk/platforms/android-36-ext19/data/res/values-mcc302-mnc370-tr: Cannot change mode to rwxr-xr-x: Operation not permitted
build	Cache Android SDK	2026-06-06T12:22:49.2144582Z /usr/bin/tar: ../../../../../usr/local/lib/android/sdk/platforms/android-36-ext19/data/res/values-mcc310-mnc200-nl: Cannot utime: Operation not permitted
build	Cache Android SDK	2026-06-06T12:22:49.2145552Z /usr/bin/tar: ../../../../../usr/local/lib/android/sdk/platforms/android-36-ext19/data/res/values-mcc310-mnc200-nl: Cannot change mode to rwxr-xr-x: Operation not permitted
build	Cache Android SDK	2026-06-06T12:22:49.2148796Z /usr/bin/tar: ../../../../../usr/local/lib/android/sdk/platforms/android-36-ext19/data/res/values-mcc310-mnc660-sw: Cannot utime: Operation not permitted
build	Cache Android SDK	2026-06-06T12:22:49.2149896Z /usr/bin/tar: ../../../../../usr/local/lib/android/sdk/platforms/android-36-ext19/data/res/values-mcc310-mnc660-sw: Cannot change mode to rwxr-xr-x: Operation not permitted
build	Cache Android SDK	2026-06-06T12:22:49.2152590Z /usr/bin/tar: ../../../../../usr/local/lib/android/sdk/platforms/android-36-ext19/data/res/values-mcc313-mnc100-sr: Cannot utime: Operation not permitted
build	Cache Android SDK	2026-06-06T12:22:49.2153555Z /usr/bin/tar: ../../../../../usr/local/lib/android/sdk/platforms/android-36-ext19/data/res/values-mcc313-mnc100-sr: Cannot change mode to rwxr-xr-x: Operation not permitted
build	Cache Android SDK	2026-06-06T12:22:49.2156538Z /usr/bin/tar: ../../../../../usr/local/lib/android/sdk/platforms/android-36-ext19/data/res/raw-da: Cannot utime: Operation not permitted
build	Cache Android SDK	2026-06-06T12:22:49.2157502Z /usr/bin/tar: ../../../../../usr/local/lib/android/sdk/platforms/android-36-ext19/data/res/raw-da: Cannot change mode to rwxr-xr-x: Operation not permitted
build	Cache Android SDK	2026-06-06T12:22:49.2160015Z /usr/bin/tar: ../../../../../usr/local/lib/android/sdk/platforms/android-36-ext19/data/res/values-mcc334-mnc020-fr-masculine: Cannot utime: Operation not permitted
build	Cache Android SDK	2026-06-06T12:22:49.2161063Z /usr/bin/tar: ../../../../../usr/local/lib/android/sdk/platforms/android-36-ext19/data/res/values-mcc334-mnc020-fr-masculine: Cannot change mode to rwxr-xr-x: Operation not permitted
build	Cache Android SDK	2026-06-06T12:22:49.2166647Z /usr/bin/tar: ../../../../../usr/local/lib/android/sdk/platforms/android-36-ext19/data/res/values-mcc260: Cannot utime: Operation not permitted
build	Cache Android SDK	2026-06-06T12:22:49.2167638Z /usr/bin/tar: ../../../../../usr/local/lib/android/sdk/platforms/android-36-ext19/data/res/values-mcc260: Cannot change mode to rwxr-xr-x: Operation not permitted
build	Cache Android SDK	2026-06-06T12:22:49.2169963Z /usr/bin/tar: ../../../../../usr/local/lib/android/sdk/platforms/android-36-ext19/data/res/values-mcc310-mnc220-ja: Cannot utime: Operation not permitted
build	Cache Android SDK	2026-06-06T12:22:49.2170918Z /usr/bin/tar: ../../../../../usr/local/lib/android/sdk/platforms/android-36-ext19/data/res/values-mcc310-mnc220-ja: Cannot change mode to rwxr-xr-x: Operation not permitted
build	Cache Android SDK	2026-06-06T12:22:49.2173175Z /usr/bin/tar: ../../../../../usr/local/lib/android/sdk/platforms/android-36-ext19/data/res/values-mcc310-mnc800-en-rIN: Cannot utime: Operation not permitted
build	Cache Android SDK	2026-06-06T12:22:49.2174164Z /usr/bin/tar: ../../../../../usr/local/lib/android/sdk/platforms/android-36-ext19/data/res/values-mcc310-mnc800-en-rIN: Cannot change mode to rwxr-xr-x: Operation not permitted
build	Cache Android SDK	2026-06-06T12:22:49.2176205Z /usr/bin/tar: ../../../../../usr/local/lib/android/sdk/platforms/android-36-ext19/data/res/values-mcc310-mnc250-pt-rPT: Cannot utime: Operation not permitted
build	Cache Android SDK	2026-06-06T12:22:49.2177203Z /usr/bin/tar: ../../../../../usr/local/lib/android/sdk/platforms/android-36-ext19/data/res/values-mcc310-mnc250-pt-rPT: Cannot change mode to rwxr-xr-x: Operation not permitted
build	Cache Android SDK	2026-06-06T12:22:49.2179479Z /usr/bin/tar: ../../../../../usr/local/lib/android/sdk/platforms/android-36-ext19/data/res/values-mcc310-mnc490-ka: Cannot utime: Operation not permitted
build	Cache Android SDK	2026-06-06T12:22:49.2180590Z /usr/bin/tar: ../../../../../usr/local/lib/android/sdk/platforms/android-36-ext19/data/res/values-mcc310-mnc490-ka: Cannot change mode to rwxr-xr-x: Operation not permitted
build	Cache Android SDK	2026-06-06T12:22:49.2186440Z /usr/bin/tar: ../../../../../usr/local/lib/android/sdk/platforms/android-36-ext19/data/res/values-mcc310-mnc490-be: Cannot utime: Operation not permitted
build	Cache Android SDK	2026-06-06T12:22:49.2187479Z /usr/bin/tar: ../../../../../usr/local/lib/android/sdk/platforms/android-36-ext19/data/res/values-mcc310-mnc490-be: Cannot change mode to rwxr-xr-x: Operation not permitted
build	Cache Android SDK	2026-06-06T12:22:49.2190299Z /usr/bin/tar: ../../../../../usr/local/lib/android/sdk/platforms/android-36-ext19/data/res/values-mcc204: Cannot utime: Operation not permitted
build	Cache Android SDK	2026-06-06T12:22:49.2191186Z /usr/bin/tar: ../../../../../usr/local/lib/android/sdk/platforms/android-36-ext19/data/res/values-mcc204: Cannot change mode to rwxr-xr-x: Operation not permitted
build	Cache Android SDK	2026-06-06T12:22:49.2193939Z /usr/bin/tar: ../../../../../usr/local/lib/android/sdk/platforms/android-36-ext19/data/res/values-mcc310-mnc660-sr: Cannot utime: Operation not permitted
build	Cache Android SDK	2026-06-06T12:22:49.2194979Z /usr/bin/tar: ../../../../../usr/local/lib/android/sdk/platforms/android-36-ext19/data/res/values-mcc310-mnc660-sr: Cannot change mode to rwxr-xr-x: Operation not permitted
build	Cache Android SDK	2026-06-06T12:22:49.2198446Z /usr/bin/tar: ../../../../../usr/local/lib/android/sdk/platforms/android-36-ext19/data/res/values-mcc310-mnc220-lv: Cannot utime: Operation not permitted
build	Cache Android SDK	2026-06-06T12:22:49.2215457Z /usr/bin/tar: ../../../../../usr/local/lib/android/sdk/platforms/android-36-ext19/data/res/values-mcc310-mnc220-lv: Cannot change mode to rwxr-xr-x: Operation not permitted
build	Cache Android SDK	2026-06-06T12:22:49.2217533Z /usr/bin/tar: ../../../../../usr/local/lib/android/sdk/platforms/android-36-ext19/data/res/values-mcc310-mnc200-gl: Cannot utime: Operation not permitted
build	Cache Android SDK	2026-06-06T12:22:49.2219302Z /usr/bin/tar: ../../../../../usr/local/lib/android/sdk/platforms/android-36-ext19/data/res/values-mcc310-mnc200-gl: Cannot change mode to rwxr-xr-x: Operation not permitted
build	Cache Android SDK	2026-06-06T12:22:49.2221082Z /usr/bin/tar: ../../../../../usr/local/lib/android/sdk/platforms/android-36-ext19/data/res/values-en-rUS: Cannot utime: Operation not permitted
build	Cache Android SDK	2026-06-06T12:22:49.2222401Z /usr/bin/tar: ../../../../../usr/local/lib/android/sdk/platforms/android-36-ext19/data/res/values-en-rUS: Cannot change mode to rwxr-xr-x: Operation not permitted
build	Cache Android SDK	2026-06-06T12:22:49.2223346Z /usr/bin/tar: ../../../../../usr/local/lib/android/sdk/platforms/android-36-ext19/data/res/values-mcc310-mnc240-gu: Cannot utime: Operation not permitted
build	Cache Android SDK	2026-06-06T12:22:49.2224695Z /usr/bin/tar: ../../../../../usr/local/lib/android/sdk/platforms/android-36-ext19/data/res/values-mcc310-mnc240-gu: Cannot change mode to rwxr-xr-x: Operation not permitted
build	Cache Android SDK	2026-06-06T12:22:49.2226087Z /usr/bin/tar: ../../../../../usr/local/lib/android/sdk/platforms/android-36-ext19/data/res/values-mcc310-mnc150-es-rUS: Cannot utime: Operation not permitted
build	Cache Android SDK	2026-06-06T12:22:49.2227158Z /usr/bin/tar: ../../../../../usr/local/lib/android/sdk/platforms/android-36-ext19/data/res/values-mcc310-mnc150-es-rUS: Cannot change mode to rwxr-xr-x: Operation not permitted
build	Cache Android SDK	2026-06-06T12:22:49.2228310Z /usr/bin/tar: ../../../../../usr/local/lib/android/sdk/platforms/android-36-ext19/data/res/values-ru: Cannot utime: Operation not permitted
build	Cache Android SDK	2026-06-06T12:22:49.2229552Z /usr/bin/tar: ../../../../../usr/local/lib/android/sdk/platforms/android-36-ext19/data/res/values-ru: Cannot change mode to rwxr-xr-x: Operation not permitted
build	Cache Android SDK	2026-06-06T12:22:49.2230885Z /usr/bin/tar: ../../../../../usr/local/lib/android/sdk/platforms/android-36-ext19/data/res/values-mcc310-mnc150-ar: Cannot utime: Operation not permitted
build	Cache Android SDK	2026-06-06T12:22:49.2231844Z /usr/bin/tar: ../../../../../usr/local/lib/android/sdk/platforms/android-36-ext19/data/res/values-mcc310-mnc150-ar: Cannot change mode to rwxr-xr-x: Operation not permitted
build	Cache Android SDK	2026-06-06T12:22:49.2233436Z /usr/bin/tar: ../../../../../usr/local/lib/android/sdk/platforms/android-36-ext19/data/res/values-mcc310-mnc310-bg: Cannot utime: Operation not permitted
build	Cache Android SDK	2026-06-06T12:22:49.2234787Z /usr/bin/tar: ../../../../../usr/local/lib/android/sdk/platforms/android-36-ext19/data/res/values-mcc310-mnc310-bg: Cannot change mode to rwxr-xr-x: Operation not permitted
build	Cache Android SDK	2026-06-06T12:22:49.2237601Z /usr/bin/tar: ../../../../../usr/local/lib/android/sdk/platforms/android-36-ext19/data/res/values-ro-rRO: Cannot utime: Operation not permitted
build	Cache Android SDK	2026-06-06T12:22:49.2238864Z /usr/bin/tar: ../../../../../usr/local/lib/android/sdk/platforms/android-36-ext19/data/res/values-ro-rRO: Cannot change mode to rwxr-xr-x: Operation not permitted
build	Cache Android SDK	2026-06-06T12:22:49.2239803Z /usr/bin/tar: ../../../../../usr/local/lib/android/sdk/platforms/android-36-ext19/data/res/values-mcc302-mnc370-az: Cannot utime: Operation not permitted
build	Cache Android SDK	2026-06-06T12:22:49.2240958Z /usr/bin/tar: ../../../../../usr/local/lib/android/sdk/platforms/android-36-ext19/data/res/values-mcc302-mnc370-az: Cannot change mode to rwxr-xr-x: Operation not permitted
build	Cache Android SDK	2026-06-06T12:22:49.2246164Z /usr/bin/tar: ../../../../../usr/local/lib/android/sdk/platforms/android-36-ext19/data/res/values-hr: Cannot utime: Operation not permitted
build	Cache Android SDK	2026-06-06T12:22:49.2247218Z /usr/bin/tar: ../../../../../usr/local/lib/android/sdk/platforms/android-36-ext19/data/res/values-hr: Cannot change mode to rwxr-xr-x: Operation not permitted
build	Cache Android SDK	2026-06-06T12:22:49.2249581Z /usr/bin/tar: ../../../../../usr/local/lib/android/sdk/platforms/android-36-ext19/data/res/values-mcc310-mnc280-zh-rTW: Cannot utime: Operation not permitted
build	Cache Android SDK	2026-06-06T12:22:49.2250579Z /usr/bin/tar: ../../../../../usr/local/lib/android/sdk/platforms/android-36-ext19/data/res/values-mcc310-mnc280-zh-rTW: Cannot change mode to rwxr-xr-x: Operation not permitted
build	Cache Android SDK	2026-06-06T12:22:49.2253440Z /usr/bin/tar: ../../../../../usr/local/lib/android/sdk/platforms/android-36-ext19/data/res/values-mcc310-mnc490-pa: Cannot utime: Operation not permitted
build	Cache Android SDK	2026-06-06T12:22:49.2254702Z /usr/bin/tar: ../../../../../usr/local/lib/android/sdk/platforms/android-36-ext19/data/res/values-mcc310-mnc490-pa: Cannot change mode to rwxr-xr-x: Operation not permitted
build	Cache Android SDK	2026-06-06T12:22:49.2256258Z /usr/bin/tar: ../../../../../usr/local/lib/android/sdk/platforms/android-36-ext19/data/res/values-mcc310-mnc030-kk: Cannot utime: Operation not permitted
build	Cache Android SDK	2026-06-06T12:22:49.2257237Z /usr/bin/tar: ../../../../../usr/local/lib/android/sdk/platforms/android-36-ext19/data/res/values-mcc310-mnc030-kk: Cannot change mode to rwxr-xr-x: Operation not permitted
build	Cache Android SDK	2026-06-06T12:22:49.2260266Z /usr/bin/tar: ../../../../../usr/local/lib/android/sdk/platforms/android-36-ext19/data/res/values-mcc302-mnc720-pt-rBR: Cannot utime: Operation not permitted
build	Cache Android SDK	2026-06-06T12:22:49.2261271Z /usr/bin/tar: ../../../../../usr/local/lib/android/sdk/platforms/android-36-ext19/data/res/values-mcc302-mnc720-pt-rBR: Cannot change mode to rwxr-xr-x: Operation not permitted
build	Cache Android SDK	2026-06-06T12:22:49.2264016Z /usr/bin/tar: ../../../../../usr/local/lib/android/sdk/platforms/android-36-ext19/data/res/values-mcc310-mnc160-ka: Cannot utime: Operation not permitted
build	Cache Android SDK	2026-06-06T12:22:49.2265108Z /usr/bin/tar: ../../../../../usr/local/lib/android/sdk/platforms/android-36-ext19/data/res/values-mcc310-mnc160-ka: Cannot change mode to rwxr-xr-x: Operation not permitted
build	Cache Android SDK	2026-06-06T12:22:49.2268129Z /usr/bin/tar: ../../../../../usr/local/lib/android/sdk/platforms/android-36-ext19/data/res/values-mcc310-mnc280-am: Cannot utime: Operation not permitted
build	Cache Android SDK	2026-06-06T12:22:49.2269105Z /usr/bin/tar: ../../../../../usr/local/lib/android/sdk/platforms/android-36-ext19/data/res/values-mcc310-mnc280-am: Cannot change mode to rwxr-xr-x: Operation not permitted
build	Cache Android SDK	2026-06-06T12:22:49.2271773Z /usr/bin/tar: ../../../../../usr/local/lib/android/sdk/platforms/android-36-ext19/data/res/values-mcc310-mnc410: Cannot utime: Operation not permitted
build	Cache Android SDK	2026-06-06T12:22:49.2272735Z /usr/bin/tar: ../../../../../usr/local/lib/android/sdk/platforms/android-36-ext19/data/res/values-mcc310-mnc410: Cannot change mode to rwxr-xr-x: Operation not permitted
build	Cache Android SDK	2026-06-06T12:22:49.2276761Z /usr/bin/tar: ../../../../../usr/local/lib/android/sdk/platforms/android-36-ext19/data/res/values-mcc310-mnc950-en-rIN: Cannot utime: Operation not permitted
build	Cache Android SDK	2026-06-06T12:22:49.2278337Z /usr/bin/tar: ../../../../../usr/local/lib/android/sdk/platforms/android-36-ext19/data/res/values-mcc310-mnc950-en-rIN: Cannot change mode to rwxr-xr-x: Operation not permitted
build	Cache Android SDK	2026-06-06T12:22:49.2279750Z /usr/bin/tar: ../../../../../usr/local/lib/android/sdk/platforms/android-36-ext19/data/res/values-mcc334-mnc020-fa: Cannot utime: Operation not permitted
build	Cache Android SDK	2026-06-06T12:22:49.2280733Z /usr/bin/tar: ../../../../../usr/local/lib/android/sdk/platforms/android-36-ext19/data/res/values-mcc334-mnc020-fa: Cannot change mode to rwxr-xr-x: Operation not permitted
build	Cache Android SDK	2026-06-06T12:22:49.2282875Z /usr/bin/tar: ../../../../../usr/local/lib/android/sdk/platforms/android-36-ext19/data/res/values-mcc310-mnc240-ko: Cannot utime: Operation not permitted
build	Cache Android SDK	2026-06-06T12:22:49.2283889Z /usr/bin/tar: ../../../../../usr/local/lib/android/sdk/platforms/android-36-ext19/data/res/values-mcc310-mnc240-ko: Cannot change mode to rwxr-xr-x: Operation not permitted
build	Cache Android SDK	2026-06-06T12:22:49.2287835Z /usr/bin/tar: ../../../../../usr/local/lib/android/sdk/platforms/android-36-ext19/data/res/values-mcc310-mnc410-en-rAU: Cannot utime: Operation not permitted
build	Cache Android SDK	2026-06-06T12:22:49.2288853Z /usr/bin/tar: ../../../../../usr/local/lib/android/sdk/platforms/android-36-ext19/data/res/values-mcc310-mnc410-en-rAU: Cannot change mode to rwxr-xr-x: Operation not permitted
build	Cache Android SDK	2026-06-06T12:22:49.2290531Z /usr/bin/tar: ../../../../../usr/local/lib/android/sdk/platforms/android-36-ext19/data/res/values-mcc302-mnc370-fr: Cannot utime: Operation not permitted
build	Cache Android SDK	2026-06-06T12:22:49.2291492Z /usr/bin/tar: ../../../../../usr/local/lib/android/sdk/platforms/android-36-ext19/data/res/values-mcc302-mnc370-fr: Cannot change mode to rwxr-xr-x: Operation not permitted
build	Cache Android SDK	2026-06-06T12:22:49.2294263Z /usr/bin/tar: ../../../../../usr/local/lib/android/sdk/platforms/android-36-ext19/data/res/values-mcc310-mnc410-fr: Cannot utime: Operation not permitted
build	Cache Android SDK	2026-06-06T12:22:49.2295353Z /usr/bin/tar: ../../../../../usr/local/lib/android/sdk/platforms/android-36-ext19/data/res/values-mcc310-mnc410-fr: Cannot change mode to rwxr-xr-x: Operation not permitted
build	Cache Android SDK	2026-06-06T12:22:49.2297213Z /usr/bin/tar: ../../../../../usr/local/lib/android/sdk/platforms/android-36-ext19/data/res/values-mcc310-mnc240-ur: Cannot utime: Operation not permitted
build	Cache Android SDK	2026-06-06T12:22:49.2298394Z /usr/bin/tar: ../../../../../usr/local/lib/android/sdk/platforms/android-36-ext19/data/res/values-mcc310-mnc240-ur: Cannot change mode to rwxr-xr-x: Operation not permitted
build	Cache Android SDK	2026-06-06T12:22:49.2300583Z /usr/bin/tar: ../../../../../usr/local/lib/android/sdk/platforms/android-36-ext19/data/res/values-mcc310-mnc220-de: Cannot utime: Operation not permitted
build	Cache Android SDK	2026-06-06T12:22:49.2301606Z /usr/bin/tar: ../../../../../usr/local/lib/android/sdk/platforms/android-36-ext19/data/res/values-mcc310-mnc220-de: Cannot change mode to rwxr-xr-x: Operation not permitted
build	Cache Android SDK	2026-06-06T12:22:49.2304094Z /usr/bin/tar: ../../../../../usr/local/lib/android/sdk/platforms/android-36-ext19/data/res/values-mcc310-mnc030-en-rXC: Cannot utime: Operation not permitted
build	Cache Android SDK	2026-06-06T12:22:49.2305107Z /usr/bin/tar: ../../../../../usr/local/lib/android/sdk/platforms/android-36-ext19/data/res/values-mcc310-mnc030-en-rXC: Cannot change mode to rwxr-xr-x: Operation not permitted
build	Cache Android SDK	2026-06-06T12:22:49.2306815Z /usr/bin/tar: ../../../../../usr/local/lib/android/sdk/platforms/android-36-ext19/data/res/values-mcc001-mnc01-ko: Cannot utime: Operation not permitted
build	Cache Android SDK	2026-06-06T12:22:49.2307994Z /usr/bin/tar: ../../../../../usr/local/lib/android/sdk/platforms/android-36-ext19/data/res/values-mcc001-mnc01-ko: Cannot change mode to rwxr-xr-x: Operation not permitted
build	Cache Android SDK	2026-06-06T12:22:49.2309793Z /usr/bin/tar: ../../../../../usr/local/lib/android/sdk/platforms/android-36-ext19/data/res/values-mcc334-mnc020-gu: Cannot utime: Operation not permitted
build	Cache Android SDK	2026-06-06T12:22:49.2310759Z /usr/bin/tar: ../../../../../usr/local/lib/android/sdk/platforms/android-36-ext19/data/res/values-mcc334-mnc020-gu: Cannot change mode to rwxr-xr-x: Operation not permitted
build	Cache Android SDK	2026-06-06T12:22:49.2313094Z /usr/bin/tar: ../../../../../usr/local/lib/android/sdk/platforms/android-36-ext19/data/res/values-mcc310-mnc560-zh-rTW: Cannot utime: Operation not permitted
build	Cache Android SDK	2026-06-06T12:22:49.2314136Z /usr/bin/tar: ../../../../../usr/local/lib/android/sdk/platforms/android-36-ext19/data/res/values-mcc310-mnc560-zh-rTW: Cannot change mode to rwxr-xr-x: Operation not permitted
build	Cache Android SDK	2026-06-06T12:22:49.2315835Z /usr/bin/tar: ../../../../../usr/local/lib/android/sdk/platforms/android-36-ext19/data/res/values-mcc310-mnc280-en-rAU: Cannot utime: Operation not permitted
build	Cache Android SDK	2026-06-06T12:22:49.2316833Z /usr/bin/tar: ../../../../../usr/local/lib/android/sdk/platforms/android-36-ext19/data/res/values-mcc310-mnc280-en-rAU: Cannot change mode to rwxr-xr-x: Operation not permitted
build	Cache Android SDK	2026-06-06T12:22:49.2319658Z /usr/bin/tar: ../../../../../usr/local/lib/android/sdk/platforms/android-36-ext19/data/res/values-mcc310-mnc210-fi: Cannot utime: Operation not permitted
build	Cache Android SDK	2026-06-06T12:22:49.2320644Z /usr/bin/tar: ../../../../../usr/local/lib/android/sdk/platforms/android-36-ext19/data/res/values-mcc310-mnc210-fi: Cannot change mode to rwxr-xr-x: Operation not permitted
build	Cache Android SDK	2026-06-06T12:22:49.2322256Z /usr/bin/tar: ../../../../../usr/local/lib/android/sdk/platforms/android-36-ext19/data/res/values-mcc310-mnc170-de: Cannot utime: Operation not permitted
build	Cache Android SDK	2026-06-06T12:22:49.2323235Z /usr/bin/tar: ../../../../../usr/local/lib/android/sdk/platforms/android-36-ext19/data/res/values-mcc310-mnc170-de: Cannot change mode to rwxr-xr-x: Operation not permitted
build	Cache Android SDK	2026-06-06T12:22:49.2325890Z /usr/bin/tar: ../../../../../usr/local/lib/android/sdk/platforms/android-36-ext19/data/res/values-mcc310-mnc210-gu: Cannot utime: Operation not permitted
build	Cache Android SDK	2026-06-06T12:22:49.2326931Z /usr/bin/tar: ../../../../../usr/local/lib/android/sdk/platforms/android-36-ext19/data/res/values-mcc310-mnc210-gu: Cannot change mode to rwxr-xr-x: Operation not permitted
build	Cache Android SDK	2026-06-06T12:22:49.2329724Z /usr/bin/tar: ../../../../../usr/local/lib/android/sdk/platforms/android-36-ext19/data/res/values-mcc310-mnc660-hi: Cannot utime: Operation not permitted
build	Cache Android SDK	2026-06-06T12:22:49.2330231Z /usr/bin/tar: ../../../../../usr/local/lib/android/sdk/platforms/android-36-ext19/data/res/values-mcc310-mnc660-hi: Cannot change mode to rwxr-xr-x: Operation not permitted
build	Cache Android SDK	2026-06-06T12:22:49.2332781Z /usr/bin/tar: ../../../../../usr/local/lib/android/sdk/platforms/android-36-ext19/data/res/values-mcc310-mnc210-nl: Cannot utime: Operation not permitted
build	Cache Android SDK	2026-06-06T12:22:49.2333258Z /usr/bin/tar: ../../../../../usr/local/lib/android/sdk/platforms/android-36-ext19/data/res/values-mcc310-mnc210-nl: Cannot change mode to rwxr-xr-x: Operation not permitted
build	Cache Android SDK	2026-06-06T12:22:49.2335530Z /usr/bin/tar: ../../../../../usr/local/lib/android/sdk/platforms/android-36-ext19/data/res/values-mcc334-mnc020-am: Cannot utime: Operation not permitted
build	Cache Android SDK	2026-06-06T12:22:49.2336152Z /usr/bin/tar: ../../../../../usr/local/lib/android/sdk/platforms/android-36-ext19/data/res/values-mcc334-mnc020-am: Cannot change mode to rwxr-xr-x: Operation not permitted
build	Cache Android SDK	2026-06-06T12:22:49.2338862Z /usr/bin/tar: ../../../../../usr/local/lib/android/sdk/platforms/android-36-ext19/data/res/values-mcc334-mnc020-my: Cannot utime: Operation not permitted
build	Cache Android SDK	2026-06-06T12:22:49.2339366Z /usr/bin/tar: ../../../../../usr/local/lib/android/sdk/platforms/android-36-ext19/data/res/values-mcc334-mnc020-my: Cannot change mode to rwxr-xr-x: Operation not permitted
build	Cache Android SDK	2026-06-06T12:22:49.2342242Z /usr/bin/tar: ../../../../../usr/local/lib/android/sdk/platforms/android-36-ext19/data/res/values-mcc740-mnc00: Cannot utime: Operation not permitted
build	Cache Android SDK	2026-06-06T12:22:49.2342760Z /usr/bin/tar: ../../../../../usr/local/lib/android/sdk/platforms/android-36-ext19/data/res/values-mcc740-mnc00: Cannot change mode to rwxr-xr-x: Operation not permitted
build	Cache Android SDK	2026-06-06T12:22:49.2348761Z /usr/bin/tar: ../../../../../usr/local/lib/android/sdk/platforms/android-36-ext19/data/res/values-mcc310-mnc200-ky: Cannot utime: Operation not permitted
build	Cache Android SDK	2026-06-06T12:22:49.2349336Z /usr/bin/tar: ../../../../../usr/local/lib/android/sdk/platforms/android-36-ext19/data/res/values-mcc310-mnc200-ky: Cannot change mode to rwxr-xr-x: Operation not permitted
build	Cache Android SDK	2026-06-06T12:22:49.2354791Z /usr/bin/tar: ../../../../../usr/local/lib/android/sdk/platforms/android-36-ext19/data/res/values-mcc302-mnc370-el: Cannot utime: Operation not permitted
build	Cache Android SDK	2026-06-06T12:22:49.2355262Z /usr/bin/tar: ../../../../../usr/local/lib/android/sdk/platforms/android-36-ext19/data/res/values-mcc302-mnc370-el: Cannot change mode to rwxr-xr-x: Operation not permitted
build	Cache Android SDK	2026-06-06T12:22:49.2357686Z /usr/bin/tar: ../../../../../usr/local/lib/android/sdk/platforms/android-36-ext19/data/res/values-mcc310-mnc560-ro: Cannot utime: Operation not permitted
build	Cache Android SDK	2026-06-06T12:22:49.2358157Z /usr/bin/tar: ../../../../../usr/local/lib/android/sdk/platforms/android-36-ext19/data/res/values-mcc310-mnc560-ro: Cannot change mode to rwxr-xr-x: Operation not permitted
build	Cache Android SDK	2026-06-06T12:22:49.2360450Z /usr/bin/tar: ../../../../../usr/local/lib/android/sdk/platforms/android-36-ext19/data/res/values-mcc310-mnc150-kk: Cannot utime: Operation not permitted
build	Cache Android SDK	2026-06-06T12:22:49.2361013Z /usr/bin/tar: ../../../../../usr/local/lib/android/sdk/platforms/android-36-ext19/data/res/values-mcc310-mnc150-kk: Cannot change mode to rwxr-xr-x: Operation not permitted
build	Cache Android SDK	2026-06-06T12:22:49.2366465Z /usr/bin/tar: ../../../../../usr/local/lib/android/sdk/platforms/android-36-ext19/data/res/values-mcc334-mnc020-pt: Cannot utime: Operation not permitted
build	Cache Android SDK	2026-06-06T12:22:49.2366932Z /usr/bin/tar: ../../../../../usr/local/lib/android/sdk/platforms/android-36-ext19/data/res/values-mcc334-mnc020-pt: Cannot change mode to rwxr-xr-x: Operation not permitted
build	Cache Android SDK	2026-06-06T12:22:49.2369626Z /usr/bin/tar: ../../../../../usr/local/lib/android/sdk/platforms/android-36-ext19/data/res/values-mcc310-mnc210-en-rGB: Cannot utime: Operation not permitted
build	Cache Android SDK	2026-06-06T12:22:49.2370207Z /usr/bin/tar: ../../../../../usr/local/lib/android/sdk/platforms/android-36-ext19/data/res/values-mcc310-mnc210-en-rGB: Cannot change mode to rwxr-xr-x: Operation not permitted
build	Cache Android SDK	2026-06-06T12:22:49.2372631Z /usr/bin/tar: ../../../../../usr/local/lib/android/sdk/platforms/android-36-ext19/data/res/values-de-neuter: Cannot utime: Operation not permitted
build	Cache Android SDK	2026-06-06T12:22:49.2373089Z /usr/bin/tar: ../../../../../usr/local/lib/android/sdk/platforms/android-36-ext19/data/res/values-de-neuter: Cannot change mode to rwxr-xr-x: Operation not permitted
build	Cache Android SDK	2026-06-06T12:22:49.2375273Z /usr/bin/tar: ../../../../../usr/local/lib/android/sdk/platforms/android-36-ext19/data/res/values-mcc302-mnc720-pt: Cannot utime: Operation not permitted
build	Cache Android SDK	2026-06-06T12:22:49.2377183Z /usr/bin/tar: ../../../../../usr/local/lib/android/sdk/platforms/android-36-ext19/data/res/values-mcc302-mnc720-pt: Cannot change mode to rwxr-xr-x: Operation not permitted
build	Cache Android SDK	2026-06-06T12:22:49.2379399Z /usr/bin/tar: ../../../../../usr/local/lib/android/sdk/platforms/android-36-ext19/data/res/values-mcc302-mnc720-zh-rCN: Cannot utime: Operation not permitted
build	Cache Android SDK	2026-06-06T12:22:49.2380067Z /usr/bin/tar: ../../../../../usr/local/lib/android/sdk/platforms/android-36-ext19/data/res/values-mcc302-mnc720-zh-rCN: Cannot change mode to rwxr-xr-x: Operation not permitted
build	Cache Android SDK	2026-06-06T12:22:49.2383272Z /usr/bin/tar: ../../../../../usr/local/lib/android/sdk/platforms/android-36-ext19/data/res/values-mcc310-mnc210-fr-rCA: Cannot utime: Operation not permitted
build	Cache Android SDK	2026-06-06T12:22:49.2383778Z /usr/bin/tar: ../../../../../usr/local/lib/android/sdk/platforms/android-36-ext19/data/res/values-mcc310-mnc210-fr-rCA: Cannot change mode to rwxr-xr-x: Operation not permitted
build	Cache Android SDK	2026-06-06T12:22:49.2386850Z /usr/bin/tar: ../../../../../usr/local/lib/android/sdk/platforms/android-36-ext19/data/res/values-mcc310-mnc270-nb: Cannot utime: Operation not permitted
build	Cache Android SDK	2026-06-06T12:22:49.2387493Z /usr/bin/tar: ../../../../../usr/local/lib/android/sdk/platforms/android-36-ext19/data/res/values-mcc310-mnc270-nb: Cannot change mode to rwxr-xr-x: Operation not permitted
build	Cache Android SDK	2026-06-06T12:22:49.2393431Z /usr/bin/tar: ../../../../../usr/local/lib/android/sdk/platforms/android-36-ext19/data/res/values-mcc334-mnc020-zu: Cannot utime: Operation not permitted
build	Cache Android SDK	2026-06-06T12:22:49.2393905Z /usr/bin/tar: ../../../../../usr/local/lib/android/sdk/platforms/android-36-ext19/data/res/values-mcc334-mnc020-zu: Cannot change mode to rwxr-xr-x: Operation not permitted
build	Cache Android SDK	2026-06-06T12:22:49.2396440Z /usr/bin/tar: ../../../../../usr/local/lib/android/sdk/platforms/android-36-ext19/data/res/values-port-mdpi: Cannot utime: Operation not permitted
build	Cache Android SDK	2026-06-06T12:22:49.2396905Z /usr/bin/tar: ../../../../../usr/local/lib/android/sdk/platforms/android-36-ext19/data/res/values-port-mdpi: Cannot change mode to rwxr-xr-x: Operation not permitted
build	Cache Android SDK	2026-06-06T12:22:49.2399670Z /usr/bin/tar: ../../../../../usr/local/lib/android/sdk/platforms/android-36-ext19/data/res/values-mcc302-mnc720-th: Cannot utime: Operation not permitted
build	Cache Android SDK	2026-06-06T12:22:49.2400282Z /usr/bin/tar: ../../../../../usr/local/lib/android/sdk/platforms/android-36-ext19/data/res/values-mcc302-mnc720-th: Cannot change mode to rwxr-xr-x: Operation not permitted
build	Cache Android SDK	2026-06-06T12:22:49.2403555Z /usr/bin/tar: ../../../../../usr/local/lib/android/sdk/platforms/android-36-ext19/data/res/values-mcc310-mnc950-ka: Cannot utime: Operation not permitted
build	Cache Android SDK	2026-06-06T12:22:49.2404019Z /usr/bin/tar: ../../../../../usr/local/lib/android/sdk/platforms/android-36-ext19/data/res/values-mcc310-mnc950-ka: Cannot change mode to rwxr-xr-x: Operation not permitted
build	Cache Android SDK	2026-06-06T12:22:49.2406589Z /usr/bin/tar: ../../../../../usr/local/lib/android/sdk/platforms/android-36-ext19/data/res/values-mcc302-mnc720-en-rGB: Cannot utime: Operation not permitted
build	Cache Android SDK	2026-06-06T12:22:49.2407081Z /usr/bin/tar: ../../../../../usr/local/lib/android/sdk/platforms/android-36-ext19/data/res/values-mcc302-mnc720-en-rGB: Cannot change mode to rwxr-xr-x: Operation not permitted
build	Cache Android SDK	2026-06-06T12:22:49.2410383Z /usr/bin/tar: ../../../../../usr/local/lib/android/sdk/platforms/android-36-ext19/data/res/values-mcc310-mnc250-az: Cannot utime: Operation not permitted
build	Cache Android SDK	2026-06-06T12:22:49.2410860Z /usr/bin/tar: ../../../../../usr/local/lib/android/sdk/platforms/android-36-ext19/data/res/values-mcc310-mnc250-az: Cannot change mode to rwxr-xr-x: Operation not permitted
build	Cache Android SDK	2026-06-06T12:22:49.2413401Z /usr/bin/tar: ../../../../../usr/local/lib/android/sdk/platforms/android-36-ext19/data/res/values-mcc310-mnc200-be: Cannot utime: Operation not permitted
build	Cache Android SDK	2026-06-06T12:22:49.2413860Z /usr/bin/tar: ../../../../../usr/local/lib/android/sdk/platforms/android-36-ext19/data/res/values-mcc310-mnc200-be: Cannot change mode to rwxr-xr-x: Operation not permitted
build	Cache Android SDK	2026-06-06T12:22:49.2416265Z /usr/bin/tar: ../../../../../usr/local/lib/android/sdk/platforms/android-36-ext19/data/res/values-zu-rZA: Cannot utime: Operation not permitted
build	Cache Android SDK	2026-06-06T12:22:49.2416710Z /usr/bin/tar: ../../../../../usr/local/lib/android/sdk/platforms/android-36-ext19/data/res/values-zu-rZA: Cannot change mode to rwxr-xr-x: Operation not permitted
build	Cache Android SDK	2026-06-06T12:22:49.2420288Z /usr/bin/tar: ../../../../../usr/local/lib/android/sdk/platforms/android-36-ext19/data/res/values-ka-watch: Cannot utime: Operation not permitted
build	Cache Android SDK	2026-06-06T12:22:49.2420755Z /usr/bin/tar: ../../../../../usr/local/lib/android/sdk/platforms/android-36-ext19/data/res/values-ka-watch: Cannot change mode to rwxr-xr-x: Operation not permitted
build	Cache Android SDK	2026-06-06T12:22:49.2424753Z /usr/bin/tar: ../../../../../usr/local/lib/android/sdk/platforms/android-36-ext19/data/res/values-mcc310-mnc490-ms: Cannot utime: Operation not permitted
build	Cache Android SDK	2026-06-06T12:22:49.2425232Z /usr/bin/tar: ../../../../../usr/local/lib/android/sdk/platforms/android-36-ext19/data/res/values-mcc310-mnc490-ms: Cannot change mode to rwxr-xr-x: Operation not permitted
build	Cache Android SDK	2026-06-06T12:22:49.2428764Z /usr/bin/tar: ../../../../../usr/local/lib/android/sdk/platforms/android-36-ext19/data/res/values-mcc310-mnc310-pl: Cannot utime: Operation not permitted
build	Cache Android SDK	2026-06-06T12:22:49.2429346Z /usr/bin/tar: ../../../../../usr/local/lib/android/sdk/platforms/android-36-ext19/data/res/values-mcc310-mnc310-pl: Cannot change mode to rwxr-xr-x: Operation not permitted
build	Cache Android SDK	2026-06-06T12:22:49.2437137Z /usr/bin/tar: ../../../../../usr/local/lib/android/sdk/platforms/android-36-ext19/data/res/values-hi: Cannot utime: Operation not permitted
build	Cache Android SDK	2026-06-06T12:22:49.2437844Z /usr/bin/tar: ../../../../../usr/local/lib/android/sdk/platforms/android-36-ext19/data/res/values-hi: Cannot change mode to rwxr-xr-x: Operation not permitted
build	Cache Android SDK	2026-06-06T12:22:49.2440740Z /usr/bin/tar: ../../../../../usr/local/lib/android/sdk/platforms/android-36-ext19/data/res/values-mcc310-mnc200-zu: Cannot utime: Operation not permitted
build	Cache Android SDK	2026-06-06T12:22:49.2441590Z /usr/bin/tar: ../../../../../usr/local/lib/android/sdk/platforms/android-36-ext19/data/res/values-mcc310-mnc200-zu: Cannot change mode to rwxr-xr-x: Operation not permitted
build	Cache Android SDK	2026-06-06T12:22:49.2442800Z /usr/bin/tar: ../../../../../usr/local/lib/android/sdk/platforms/android-36-ext19/data/res/values-mcc310-mnc410-mr: Cannot utime: Operation not permitted
build	Cache Android SDK	2026-06-06T12:22:49.2443387Z /usr/bin/tar: ../../../../../usr/local/lib/android/sdk/platforms/android-36-ext19/data/res/values-mcc310-mnc410-mr: Cannot change mode to rwxr-xr-x: Operation not permitted
build	Cache Android SDK	2026-06-06T12:22:49.2446873Z /usr/bin/tar: ../../../../../usr/local/lib/android/sdk/platforms/android-36-ext19/data/res/values-mcc310-mnc210-mr: Cannot utime: Operation not permitted
build	Cache Android SDK	2026-06-06T12:22:49.2447528Z /usr/bin/tar: ../../../../../usr/local/lib/android/sdk/platforms/android-36-ext19/data/res/values-mcc310-mnc210-mr: Cannot change mode to rwxr-xr-x: Operation not permitted
build	Cache Android SDK	2026-06-06T12:22:49.2450482Z /usr/bin/tar: ../../../../../usr/local/lib/android/sdk/platforms/android-36-ext19/data/res/values-mcc310-mnc150-si: Cannot utime: Operation not permitted
build	Cache Android SDK	2026-06-06T12:22:49.2450957Z /usr/bin/tar: ../../../../../usr/local/lib/android/sdk/platforms/android-36-ext19/data/res/values-mcc310-mnc150-si: Cannot change mode to rwxr-xr-x: Operation not permitted
build	Cache Android SDK	2026-06-06T12:22:49.2453997Z /usr/bin/tar: ../../../../../usr/local/lib/android/sdk/platforms/android-36-ext19/data/res/values-mcc310-mnc240-et: Cannot utime: Operation not permitted
build	Cache Android SDK	2026-06-06T12:22:49.2454488Z /usr/bin/tar: ../../../../../usr/local/lib/android/sdk/platforms/android-36-ext19/data/res/values-mcc310-mnc240-et: Cannot change mode to rwxr-xr-x: Operation not permitted
build	Cache Android SDK	2026-06-06T12:22:49.2457594Z /usr/bin/tar: ../../../../../usr/local/lib/android/sdk/platforms/android-36-ext19/data/res/values-mcc310-mnc380-kk: Cannot utime: Operation not permitted
build	Cache Android SDK	2026-06-06T12:22:49.2458077Z /usr/bin/tar: ../../../../../usr/local/lib/android/sdk/platforms/android-36-ext19/data/res/values-mcc310-mnc380-kk: Cannot change mode to rwxr-xr-x: Operation not permitted
build	Cache Android SDK	2026-06-06T12:22:49.2460652Z /usr/bin/tar: ../../../../../usr/local/lib/android/sdk/platforms/android-36-ext19/data/res/values-mcc310-mnc280-kk: Cannot utime: Operation not permitted
build	Cache Android SDK	2026-06-06T12:22:49.2461136Z /usr/bin/tar: ../../../../../usr/local/lib/android/sdk/platforms/android-36-ext19/data/res/values-mcc310-mnc280-kk: Cannot change mode to rwxr-xr-x: Operation not permitted
build	Cache Android SDK	2026-06-06T12:22:49.2463703Z /usr/bin/tar: ../../../../../usr/local/lib/android/sdk/platforms/android-36-ext19/data/res/values-mcc310-mnc160-sq: Cannot utime: Operation not permitted
build	Cache Android SDK	2026-06-06T12:22:49.2464240Z /usr/bin/tar: ../../../../../usr/local/lib/android/sdk/platforms/android-36-ext19/data/res/values-mcc310-mnc160-sq: Cannot change mode to rwxr-xr-x: Operation not permitted
build	Cache Android SDK	2026-06-06T12:22:49.2468001Z /usr/bin/tar: ../../../../../usr/local/lib/android/sdk/platforms/android-36-ext19/data/res/values-mcc334-mnc020-kn: Cannot utime: Operation not permitted
build	Cache Android SDK	2026-06-06T12:22:49.2468483Z /usr/bin/tar: ../../../../../usr/local/lib/android/sdk/platforms/android-36-ext19/data/res/values-mcc334-mnc020-kn: Cannot change mode to rwxr-xr-x: Operation not permitted
build	Cache Android SDK	2026-06-06T12:22:49.2470650Z /usr/bin/tar: ../../../../../usr/local/lib/android/sdk/platforms/android-36-ext19/data/res/values-mcc312-mnc530: Cannot utime: Operation not permitted
build	Cache Android SDK	2026-06-06T12:22:49.2471220Z /usr/bin/tar: ../../../../../usr/local/lib/android/sdk/platforms/android-36-ext19/data/res/values-mcc312-mnc530: Cannot change mode to rwxr-xr-x: Operation not permitted
build	Cache Android SDK	2026-06-06T12:22:49.2473807Z /usr/bin/tar: ../../../../../usr/local/lib/android/sdk/platforms/android-36-ext19/data/res/values-mcc310-mnc270-vi: Cannot utime: Operation not permitted
build	Cache Android SDK	2026-06-06T12:22:49.2474276Z /usr/bin/tar: ../../../../../usr/local/lib/android/sdk/platforms/android-36-ext19/data/res/values-mcc310-mnc270-vi: Cannot change mode to rwxr-xr-x: Operation not permitted
build	Cache Android SDK	2026-06-06T12:22:49.2482345Z /usr/bin/tar: ../../../../../usr/local/lib/android/sdk/platforms/android-36-ext19/data/res/values-ne: Cannot utime: Operation not permitted
build	Cache Android SDK	2026-06-06T12:22:49.2482891Z /usr/bin/tar: ../../../../../usr/local/lib/android/sdk/platforms/android-36-ext19/data/res/values-ne: Cannot change mode to rwxr-xr-x: Operation not permitted
build	Cache Android SDK	2026-06-06T12:22:49.2485738Z /usr/bin/tar: ../../../../../usr/local/lib/android/sdk/platforms/android-36-ext19/data/res/values-mcc310-mnc250-et: Cannot utime: Operation not permitted
build	Cache Android SDK	2026-06-06T12:22:49.2486395Z /usr/bin/tar: ../../../../../usr/local/lib/android/sdk/platforms/android-36-ext19/data/res/values-mcc310-mnc250-et: Cannot change mode to rwxr-xr-x: Operation not permitted
build	Cache Android SDK	2026-06-06T12:22:49.2494104Z /usr/bin/tar: ../../../../../usr/local/lib/android/sdk/platforms/android-36-ext19/data/res/values-es-rSV: Cannot utime: Operation not permitted
build	Cache Android SDK	2026-06-06T12:22:49.2494691Z /usr/bin/tar: ../../../../../usr/local/lib/android/sdk/platforms/android-36-ext19/data/res/values-es-rSV: Cannot change mode to rwxr-xr-x: Operation not permitted
build	Cache Android SDK	2026-06-06T12:22:49.2497077Z /usr/bin/tar: ../../../../../usr/local/lib/android/sdk/platforms/android-36-ext19/data/res/values-mcc310-mnc220-pl: Cannot utime: Operation not permitted
build	Cache Android SDK	2026-06-06T12:22:49.2497734Z /usr/bin/tar: ../../../../../usr/local/lib/android/sdk/platforms/android-36-ext19/data/res/values-mcc310-mnc220-pl: Cannot change mode to rwxr-xr-x: Operation not permitted
build	Cache Android SDK	2026-06-06T12:22:49.2502033Z /usr/bin/tar: ../../../../../usr/local/lib/android/sdk/platforms/android-36-ext19/data/res/values-mcc302-mnc720-az: Cannot utime: Operation not permitted
build	Cache Android SDK	2026-06-06T12:22:49.2502514Z /usr/bin/tar: ../../../../../usr/local/lib/android/sdk/platforms/android-36-ext19/data/res/values-mcc302-mnc720-az: Cannot change mode to rwxr-xr-x: Operation not permitted
build	Cache Android SDK	2026-06-06T12:22:49.2509121Z /usr/bin/tar: ../../../../../usr/local/lib/android/sdk/platforms/android-36-ext19/data/res/values-mcc415-mnc01: Cannot utime: Operation not permitted
build	Cache Android SDK	2026-06-06T12:22:49.2509594Z /usr/bin/tar: ../../../../../usr/local/lib/android/sdk/platforms/android-36-ext19/data/res/values-mcc415-mnc01: Cannot change mode to rwxr-xr-x: Operation not permitted
build	Cache Android SDK	2026-06-06T12:22:49.2512304Z /usr/bin/tar: ../../../../../usr/local/lib/android/sdk/platforms/android-36-ext19/data/res/values-mcc310-mnc250-de: Cannot utime: Operation not permitted
build	Cache Android SDK	2026-06-06T12:22:49.2512885Z /usr/bin/tar: ../../../../../usr/local/lib/android/sdk/platforms/android-36-ext19/data/res/values-mcc310-mnc250-de: Cannot change mode to rwxr-xr-x: Operation not permitted
build	Cache Android SDK	2026-06-06T12:22:49.2516482Z /usr/bin/tar: ../../../../../usr/local/lib/android/sdk/platforms/android-36-ext19/data/res/values-mcc310-mnc220-am: Cannot utime: Operation not permitted
build	Cache Android SDK	2026-06-06T12:22:49.2516983Z /usr/bin/tar: ../../../../../usr/local/lib/android/sdk/platforms/android-36-ext19/data/res/values-mcc310-mnc220-am: Cannot change mode to rwxr-xr-x: Operation not permitted
build	Cache Android SDK	2026-06-06T12:22:49.2519650Z /usr/bin/tar: ../../../../../usr/local/lib/android/sdk/platforms/android-36-ext19/data/res/values-mcc302-mnc370-tl: Cannot utime: Operation not permitted
build	Cache Android SDK	2026-06-06T12:22:49.2520127Z /usr/bin/tar: ../../../../../usr/local/lib/android/sdk/platforms/android-36-ext19/data/res/values-mcc302-mnc370-tl: Cannot change mode to rwxr-xr-x: Operation not permitted
build	Cache Android SDK	2026-06-06T12:22:49.2522752Z /usr/bin/tar: ../../../../../usr/local/lib/android/sdk/platforms/android-36-ext19/data/res/values-mcc310-mnc210-bg: Cannot utime: Operation not permitted
build	Cache Android SDK	2026-06-06T12:22:49.2523305Z /usr/bin/tar: ../../../../../usr/local/lib/android/sdk/platforms/android-36-ext19/data/res/values-mcc310-mnc210-bg: Cannot change mode to rwxr-xr-x: Operation not permitted
build	Cache Android SDK	2026-06-06T12:22:49.2531373Z /usr/bin/tar: ../../../../../usr/local/lib/android/sdk/platforms/android-36-ext19/data/res/values-mcc302-mnc370-zh-rHK: Cannot utime: Operation not permitted
build	Cache Android SDK	2026-06-06T12:22:49.2531975Z /usr/bin/tar: ../../../../../usr/local/lib/android/sdk/platforms/android-36-ext19/data/res/values-mcc302-mnc370-zh-rHK: Cannot change mode to rwxr-xr-x: Operation not permitted
build	Cache Android SDK	2026-06-06T12:22:49.2537792Z /usr/bin/tar: ../../../../../usr/local/lib/android/sdk/platforms/android-36-ext19/data/res/values-ar-rEG: Cannot utime: Operation not permitted
build	Cache Android SDK	2026-06-06T12:22:49.2538434Z /usr/bin/tar: ../../../../../usr/local/lib/android/sdk/platforms/android-36-ext19/data/res/values-ar-rEG: Cannot change mode to rwxr-xr-x: Operation not permitted
build	Cache Android SDK	2026-06-06T12:22:49.2538928Z /usr/bin/tar: ../../../../../usr/local/lib/android/sdk/platforms/android-36-ext19/data/res/values-mcc310-mnc310-uz: Cannot utime: Operation not permitted
build	Cache Android SDK	2026-06-06T12:22:49.2539557Z /usr/bin/tar: ../../../../../usr/local/lib/android/sdk/platforms/android-36-ext19/data/res/values-mcc310-mnc310-uz: Cannot change mode to rwxr-xr-x: Operation not permitted
build	Cache Android SDK	2026-06-06T12:22:49.2542556Z /usr/bin/tar: ../../../../../usr/local/lib/android/sdk/platforms/android-36-ext19/data/res/values-mcc310-mnc800-it: Cannot utime: Operation not permitted
build	Cache Android SDK	2026-06-06T12:22:49.2543098Z /usr/bin/tar: ../../../../../usr/local/lib/android/sdk/platforms/android-36-ext19/data/res/values-mcc310-mnc800-it: Cannot change mode to rwxr-xr-x: Operation not permitted
build	Cache Android SDK	2026-06-06T12:22:49.2546359Z /usr/bin/tar: ../../../../../usr/local/lib/android/sdk/platforms/android-36-ext19/data/res/values-mcc310-mnc410-kk: Cannot utime: Operation not permitted
build	Cache Android SDK	2026-06-06T12:22:49.2547765Z /usr/bin/tar: ../../../../../usr/local/lib/android/sdk/platforms/android-36-ext19/data/res/values-mcc310-mnc410-kk: Cannot change mode to rwxr-xr-x: Operation not permitted
build	Cache Android SDK	2026-06-06T12:22:49.2549175Z /usr/bin/tar: ../../../../../usr/local/lib/android/sdk/platforms/android-36-ext19/data/res/values-mcc310-mnc950-eu: Cannot utime: Operation not permitted
build	Cache Android SDK	2026-06-06T12:22:49.2549762Z /usr/bin/tar: ../../../../../usr/local/lib/android/sdk/platforms/android-36-ext19/data/res/values-mcc310-mnc950-eu: Cannot change mode to rwxr-xr-x: Operation not permitted
build	Cache Android SDK	2026-06-06T12:22:49.2557603Z /usr/bin/tar: ../../../../../usr/local/lib/android/sdk/platforms/android-36-ext19/data/res/values-mcc302-mnc720-af: Cannot utime: Operation not permitted
build	Cache Android SDK	2026-06-06T12:22:49.2558260Z /usr/bin/tar: ../../../../../usr/local/lib/android/sdk/platforms/android-36-ext19/data/res/values-mcc302-mnc720-af: Cannot change mode to rwxr-xr-x: Operation not permitted
build	Cache Android SDK	2026-06-06T12:22:49.2562166Z /usr/bin/tar: ../../../../../usr/local/lib/android/sdk/platforms/android-36-ext19/data/res/values-mcc334-mnc020-es: Cannot utime: Operation not permitted
build	Cache Android SDK	2026-06-06T12:22:49.2562772Z /usr/bin/tar: ../../../../../usr/local/lib/android/sdk/platforms/android-36-ext19/data/res/values-mcc334-mnc020-es: Cannot change mode to rwxr-xr-x: Operation not permitted
build	Cache Android SDK	2026-06-06T12:22:49.2566496Z /usr/bin/tar: ../../../../../usr/local/lib/android/sdk/platforms/android-36-ext19/data/res/values-mcc310-mnc410-be: Cannot utime: Operation not permitted
build	Cache Android SDK	2026-06-06T12:22:49.2566964Z /usr/bin/tar: ../../../../../usr/local/lib/android/sdk/platforms/android-36-ext19/data/res/values-mcc310-mnc410-be: Cannot change mode to rwxr-xr-x: Operation not permitted
build	Cache Android SDK	2026-06-06T12:22:49.2572880Z /usr/bin/tar: ../../../../../usr/local/lib/android/sdk/platforms/android-36-ext19/data/res/values-mcc310-mnc030-am: Cannot utime: Operation not permitted
build	Cache Android SDK	2026-06-06T12:22:49.2573349Z /usr/bin/tar: ../../../../../usr/local/lib/android/sdk/platforms/android-36-ext19/data/res/values-mcc310-mnc030-am: Cannot change mode to rwxr-xr-x: Operation not permitted
build	Cache Android SDK	2026-06-06T12:22:49.2579993Z /usr/bin/tar: ../../../../../usr/local/lib/android/sdk/platforms/android-36-ext19/data/res/values-sq: Cannot utime: Operation not permitted
build	Cache Android SDK	2026-06-06T12:22:49.2580436Z /usr/bin/tar: ../../../../../usr/local/lib/android/sdk/platforms/android-36-ext19/data/res/values-sq: Cannot change mode to rwxr-xr-x: Operation not permitted
build	Cache Android SDK	2026-06-06T12:22:49.2582904Z /usr/bin/tar: ../../../../../usr/local/lib/android/sdk/platforms/android-36-ext19/data/res/values-mcc310-mnc380-bs: Cannot utime: Operation not permitted
build	Cache Android SDK	2026-06-06T12:22:49.2583374Z /usr/bin/tar: ../../../../../usr/local/lib/android/sdk/platforms/android-36-ext19/data/res/values-mcc310-mnc380-bs: Cannot change mode to rwxr-xr-x: Operation not permitted
build	Cache Android SDK	2026-06-06T12:22:49.2586160Z /usr/bin/tar: ../../../../../usr/local/lib/android/sdk/platforms/android-36-ext19/data/res/values-mcc310-mnc660-te: Cannot utime: Operation not permitted
build	Cache Android SDK	2026-06-06T12:22:49.2586631Z /usr/bin/tar: ../../../../../usr/local/lib/android/sdk/platforms/android-36-ext19/data/res/values-mcc310-mnc660-te: Cannot change mode to rwxr-xr-x: Operation not permitted
build	Cache Android SDK	2026-06-06T12:22:49.2592408Z /usr/bin/tar: ../../../../../usr/local/lib/android/sdk/platforms/android-36-ext19/data/res/values-mcc310-mnc950-es: Cannot utime: Operation not permitted
build	Cache Android SDK	2026-06-06T12:22:49.2592874Z /usr/bin/tar: ../../../../../usr/local/lib/android/sdk/platforms/android-36-ext19/data/res/values-mcc310-mnc950-es: Cannot change mode to rwxr-xr-x: Operation not permitted
build	Cache Android SDK	2026-06-06T12:22:49.2598372Z /usr/bin/tar: ../../../../../usr/local/lib/android/sdk/platforms/android-36-ext19/data/res/xml-land: Cannot utime: Operation not permitted
build	Cache Android SDK	2026-06-06T12:22:49.2598812Z /usr/bin/tar: ../../../../../usr/local/lib/android/sdk/platforms/android-36-ext19/data/res/xml-land: Cannot change mode to rwxr-xr-x: Operation not permitted
build	Cache Android SDK	2026-06-06T12:22:49.2600281Z /usr/bin/tar: ../../../../../usr/local/lib/android/sdk/platforms/android-36-ext19/data/res/values-w225dp: Cannot utime: Operation not permitted
build	Cache Android SDK	2026-06-06T12:22:49.2600728Z /usr/bin/tar: ../../../../../usr/local/lib/android/sdk/platforms/android-36-ext19/data/res/values-w225dp: Cannot change mode to rwxr-xr-x: Operation not permitted
build	Cache Android SDK	2026-06-06T12:22:49.2603871Z /usr/bin/tar: ../../../../../usr/local/lib/android/sdk/platforms/android-36-ext19/data/res/values-mcc311-mnc180-pt-rPT: Cannot utime: Operation not permitted
build	Cache Android SDK	2026-06-06T12:22:49.2604360Z /usr/bin/tar: ../../../../../usr/local/lib/android/sdk/platforms/android-36-ext19/data/res/values-mcc311-mnc180-pt-rPT: Cannot change mode to rwxr-xr-x: Operation not permitted
build	Cache Android SDK	2026-06-06T12:22:49.2606875Z /usr/bin/tar: ../../../../../usr/local/lib/android/sdk/platforms/android-36-ext19/data/res/values-mcc310-mnc490-de: Cannot utime: Operation not permitted
build	Cache Android SDK	2026-06-06T12:22:49.2607330Z /usr/bin/tar: ../../../../../usr/local/lib/android/sdk/platforms/android-36-ext19/data/res/values-mcc310-mnc490-de: Cannot change mode to rwxr-xr-x: Operation not permitted
build	Cache Android SDK	2026-06-06T12:22:49.2610501Z /usr/bin/tar: ../../../../../usr/local/lib/android/sdk/platforms/android-36-ext19/data/res/values-mcc310-mnc150-sk: Cannot utime: Operation not permitted
build	Cache Android SDK	2026-06-06T12:22:49.2610969Z /usr/bin/tar: ../../../../../usr/local/lib/android/sdk/platforms/android-36-ext19/data/res/values-mcc310-mnc150-sk: Cannot change mode to rwxr-xr-x: Operation not permitted
build	Cache Android SDK	2026-06-06T12:22:49.2614735Z /usr/bin/tar: ../../../../../usr/local/lib/android/sdk/platforms/android-36-ext19/data/res/values-mcc310-mnc950-hy: Cannot utime: Operation not permitted
build	Cache Android SDK	2026-06-06T12:22:49.2615196Z /usr/bin/tar: ../../../../../usr/local/lib/android/sdk/platforms/android-36-ext19/data/res/values-mcc310-mnc950-hy: Cannot change mode to rwxr-xr-x: Operation not permitted
build	Cache Android SDK	2026-06-06T12:22:49.2618413Z /usr/bin/tar: ../../../../../usr/local/lib/android/sdk/platforms/android-36-ext19/data/res/values-am-rET: Cannot utime: Operation not permitted
build	Cache Android SDK	2026-06-06T12:22:49.2618923Z /usr/bin/tar: ../../../../../usr/local/lib/android/sdk/platforms/android-36-ext19/data/res/values-am-rET: Cannot change mode to rwxr-xr-x: Operation not permitted
build	Cache Android SDK	2026-06-06T12:22:49.2623332Z /usr/bin/tar: ../../../../../usr/local/lib/android/sdk/platforms/android-36-ext19/data/res/values-mcc310-mnc030-zh-rCN: Cannot utime: Operation not permitted
build	Cache Android SDK	2026-06-06T12:22:49.2623818Z /usr/bin/tar: ../../../../../usr/local/lib/android/sdk/platforms/android-36-ext19/data/res/values-mcc310-mnc030-zh-rCN: Cannot change mode to rwxr-xr-x: Operation not permitted
build	Cache Android SDK	2026-06-06T12:22:49.2627648Z /usr/bin/tar: ../../../../../usr/local/lib/android/sdk/platforms/android-36-ext19/data/res/raw-tr: Cannot utime: Operation not permitted
build	Cache Android SDK	2026-06-06T12:22:49.2628075Z /usr/bin/tar: ../../../../../usr/local/lib/android/sdk/platforms/android-36-ext19/data/res/raw-tr: Cannot change mode to rwxr-xr-x: Operation not permitted
build	Cache Android SDK	2026-06-06T12:22:49.2630574Z /usr/bin/tar: ../../../../../usr/local/lib/android/sdk/platforms/android-36-ext19/data/res/values-mcc310-mnc230-lo: Cannot utime: Operation not permitted
build	Cache Android SDK	2026-06-06T12:22:49.2631041Z /usr/bin/tar: ../../../../../usr/local/lib/android/sdk/platforms/android-36-ext19/data/res/values-mcc310-mnc230-lo: Cannot change mode to rwxr-xr-x: Operation not permitted
build	Cache Android SDK	2026-06-06T12:22:49.2636915Z /usr/bin/tar: ../../../../../usr/local/lib/android/sdk/platforms/android-36-ext19/data/res/values-mcc310-mnc240-kk: Cannot utime: Operation not permitted
build	Cache Android SDK	2026-06-06T12:22:49.2637512Z /usr/bin/tar: ../../../../../usr/local/lib/android/sdk/platforms/android-36-ext19/data/res/values-mcc310-mnc240-kk: Cannot change mode to rwxr-xr-x: Operation not permitted
build	Cache Android SDK	2026-06-06T12:22:49.2641284Z /usr/bin/tar: ../../../../../usr/local/lib/android/sdk/platforms/android-36-ext19/data/res/values-mcc312-mnc670-ru: Cannot utime: Operation not permitted
build	Cache Android SDK	2026-06-06T12:22:49.2641750Z /usr/bin/tar: ../../../../../usr/local/lib/android/sdk/platforms/android-36-ext19/data/res/values-mcc312-mnc670-ru: Cannot change mode to rwxr-xr-x: Operation not permitted
build	Cache Android SDK	2026-06-06T12:22:49.2646023Z /usr/bin/tar: ../../../../../usr/local/lib/android/sdk/platforms/android-36-ext19/data/res/values-mcc310-mnc210-ky: Cannot utime: Operation not permitted
build	Cache Android SDK	2026-06-06T12:22:49.2646480Z /usr/bin/tar: ../../../../../usr/local/lib/android/sdk/platforms/android-36-ext19/data/res/values-mcc310-mnc210-ky: Cannot change mode to rwxr-xr-x: Operation not permitted
build	Cache Android SDK	2026-06-06T12:22:49.2652980Z /usr/bin/tar: ../../../../../usr/local/lib/android/sdk/platforms/android-36-ext19/data/res/values-en-rAU: Cannot utime: Operation not permitted
build	Cache Android SDK	2026-06-06T12:22:49.2654168Z /usr/bin/tar: ../../../../../usr/local/lib/android/sdk/platforms/android-36-ext19/data/res/values-en-rAU: Cannot change mode to rwxr-xr-x: Operation not permitted
build	Cache Android SDK	2026-06-06T12:22:49.2655830Z /usr/bin/tar: ../../../../../usr/local/lib/android/sdk/platforms/android-36-ext19/data/res/values-mcc310-mnc230-hy: Cannot utime: Operation not permitted
build	Cache Android SDK	2026-06-06T12:22:49.2656307Z /usr/bin/tar: ../../../../../usr/local/lib/android/sdk/platforms/android-36-ext19/data/res/values-mcc310-mnc230-hy: Cannot change mode to rwxr-xr-x: Operation not permitted
build	Cache Android SDK	2026-06-06T12:22:49.2659097Z /usr/bin/tar: ../../../../../usr/local/lib/android/sdk/platforms/android-36-ext19/data/res/values-mcc310-mnc150-en-rXC: Cannot utime: Operation not permitted
build	Cache Android SDK	2026-06-06T12:22:49.2659590Z /usr/bin/tar: ../../../../../usr/local/lib/android/sdk/platforms/android-36-ext19/data/res/values-mcc310-mnc150-en-rXC: Cannot change mode to rwxr-xr-x: Operation not permitted
build	Cache Android SDK	2026-06-06T12:22:49.2664949Z /usr/bin/tar: ../../../../../usr/local/lib/android/sdk/platforms/android-36-ext19/data/res/values-zh-rHK: Cannot utime: Operation not permitted
build	Cache Android SDK	2026-06-06T12:22:49.2665390Z /usr/bin/tar: ../../../../../usr/local/lib/android/sdk/platforms/android-36-ext19/data/res/values-zh-rHK: Cannot change mode to rwxr-xr-x: Operation not permitted
build	Cache Android SDK	2026-06-06T12:22:49.2669224Z /usr/bin/tar: ../../../../../usr/local/lib/android/sdk/platforms/android-36-ext19/data/res/values-en-rIN-watch: Cannot utime: Operation not permitted
build	Cache Android SDK	2026-06-06T12:22:49.2669831Z /usr/bin/tar: ../../../../../usr/local/lib/android/sdk/platforms/android-36-ext19/data/res/values-en-rIN-watch: Cannot change mode to rwxr-xr-x: Operation not permitted
build	Cache Android SDK	2026-06-06T12:22:49.2675209Z /usr/bin/tar: ../../../../../usr/local/lib/android/sdk/platforms/android-36-ext19/data/res/values-mcc312-mnc670-am: Cannot utime: Operation not permitted
build	Cache Android SDK	2026-06-06T12:22:49.2675677Z /usr/bin/tar: ../../../../../usr/local/lib/android/sdk/platforms/android-36-ext19/data/res/values-mcc312-mnc670-am: Cannot change mode to rwxr-xr-x: Operation not permitted
build	Cache Android SDK	2026-06-06T12:22:49.2678520Z /usr/bin/tar: ../../../../../usr/local/lib/android/sdk/platforms/android-36-ext19/data/res/values-mcc310-mnc660-el: Cannot utime: Operation not permitted
build	Cache Android SDK	2026-06-06T12:22:49.2678984Z /usr/bin/tar: ../../../../../usr/local/lib/android/sdk/platforms/android-36-ext19/data/res/values-mcc310-mnc660-el: Cannot change mode to rwxr-xr-x: Operation not permitted
build	Cache Android SDK	2026-06-06T12:22:49.2681828Z /usr/bin/tar: ../../../../../usr/local/lib/android/sdk/platforms/android-36-ext19/data/res/values-mcc310-mnc310-vi: Cannot utime: Operation not permitted
build	Cache Android SDK	2026-06-06T12:22:49.2682365Z /usr/bin/tar: ../../../../../usr/local/lib/android/sdk/platforms/android-36-ext19/data/res/values-mcc310-mnc310-vi: Cannot change mode to rwxr-xr-x: Operation not permitted
build	Cache Android SDK	2026-06-06T12:22:49.2684686Z /usr/bin/tar: ../../../../../usr/local/lib/android/sdk/platforms/android-36-ext19/data/res/values-mcc310-mnc240-af: Cannot utime: Operation not permitted
build	Cache Android SDK	2026-06-06T12:22:49.2685149Z /usr/bin/tar: ../../../../../usr/local/lib/android/sdk/platforms/android-36-ext19/data/res/values-mcc310-mnc240-af: Cannot change mode to rwxr-xr-x: Operation not permitted
build	Cache Android SDK	2026-06-06T12:22:49.2688524Z /usr/bin/tar: ../../../../../usr/local/lib/android/sdk/platforms/android-36-ext19/data/res/values-mcc310-mnc490-uk: Cannot utime: Operation not permitted
build	Cache Android SDK	2026-06-06T12:22:49.2689051Z /usr/bin/tar: ../../../../../usr/local/lib/android/sdk/platforms/android-36-ext19/data/res/values-mcc310-mnc490-uk: Cannot change mode to rwxr-xr-x: Operation not permitted
build	Cache Android SDK	2026-06-06T12:22:49.2693250Z /usr/bin/tar: ../../../../../usr/local/lib/android/sdk/platforms/android-36-ext19/data/res/values-mcc310-mnc210-pa: Cannot utime: Operation not permitted
build	Cache Android SDK	2026-06-06T12:22:49.2693718Z /usr/bin/tar: ../../../../../usr/local/lib/android/sdk/platforms/android-36-ext19/data/res/values-mcc310-mnc210-pa: Cannot change mode to rwxr-xr-x: Operation not permitted
build	Cache Android SDK	2026-06-06T12:22:49.2697136Z /usr/bin/tar: ../../../../../usr/local/lib/android/sdk/platforms/android-36-ext19/data/res/values-mcc310-mnc380-ro: Cannot utime: Operation not permitted
build	Cache Android SDK	2026-06-06T12:22:49.2697767Z /usr/bin/tar: ../../../../../usr/local/lib/android/sdk/platforms/android-36-ext19/data/res/values-mcc310-mnc380-ro: Cannot change mode to rwxr-xr-x: Operation not permitted
build	Cache Android SDK	2026-06-06T12:22:49.2706882Z /usr/bin/tar: ../../../../../usr/local/lib/android/sdk/platforms/android-36-ext19/data/res/values-ta: Cannot utime: Operation not permitted
build	Cache Android SDK	2026-06-06T12:22:49.2707782Z /usr/bin/tar: ../../../../../usr/local/lib/android/sdk/platforms/android-36-ext19/data/res/values-ta: Cannot change mode to rwxr-xr-x: Operation not permitted
build	Cache Android SDK	2026-06-06T12:22:49.2710304Z /usr/bin/tar: ../../../../../usr/local/lib/android/sdk/platforms/android-36-ext19/data/res/values-mcc310-mnc800-ml: Cannot utime: Operation not permitted
build	Cache Android SDK	2026-06-06T12:22:49.2710837Z /usr/bin/tar: ../../../../../usr/local/lib/android/sdk/platforms/android-36-ext19/data/res/values-mcc310-mnc800-ml: Cannot change mode to rwxr-xr-x: Operation not permitted
build	Cache Android SDK	2026-06-06T12:22:49.2714117Z /usr/bin/tar: ../../../../../usr/local/lib/android/sdk/platforms/android-36-ext19/data/res/values-mcc313-mnc100-mr: Cannot utime: Operation not permitted
build	Cache Android SDK	2026-06-06T12:22:49.2714613Z /usr/bin/tar: ../../../../../usr/local/lib/android/sdk/platforms/android-36-ext19/data/res/values-mcc313-mnc100-mr: Cannot change mode to rwxr-xr-x: Operation not permitted
build	Cache Android SDK	2026-06-06T12:22:49.2718096Z /usr/bin/tar: ../../../../../usr/local/lib/android/sdk/platforms/android-36-ext19/data/res/values-mcc302-mnc370-sw: Cannot utime: Operation not permitted
build	Cache Android SDK	2026-06-06T12:22:49.2718695Z /usr/bin/tar: ../../../../../usr/local/lib/android/sdk/platforms/android-36-ext19/data/res/values-mcc302-mnc370-sw: Cannot change mode to rwxr-xr-x: Operation not permitted
build	Cache Android SDK	2026-06-06T12:22:49.2721385Z /usr/bin/tar: ../../../../../usr/local/lib/android/sdk/platforms/android-36-ext19/data/res/values-mcc302-mnc720-en-rAU: Cannot utime: Operation not permitted
build	Cache Android SDK	2026-06-06T12:22:49.2721891Z /usr/bin/tar: ../../../../../usr/local/lib/android/sdk/platforms/android-36-ext19/data/res/values-mcc302-mnc720-en-rAU: Cannot change mode to rwxr-xr-x: Operation not permitted
build	Cache Android SDK	2026-06-06T12:22:49.2732318Z /usr/bin/tar: ../../../../../usr/local/lib/android/sdk/platforms/android-36-ext19/data/res/values-pt: Cannot utime: Operation not permitted
build	Cache Android SDK	2026-06-06T12:22:49.2732767Z /usr/bin/tar: ../../../../../usr/local/lib/android/sdk/platforms/android-36-ext19/data/res/values-pt: Cannot change mode to rwxr-xr-x: Operation not permitted
build	Cache Android SDK	2026-06-06T12:22:49.2738145Z /usr/bin/tar: ../../../../../usr/local/lib/android/sdk/platforms/android-36-ext19/data/res/values-ur-watch: Cannot utime: Operation not permitted
build	Cache Android SDK	2026-06-06T12:22:49.2738714Z /usr/bin/tar: ../../../../../usr/local/lib/android/sdk/platforms/android-36-ext19/data/res/values-ur-watch: Cannot change mode to rwxr-xr-x: Operation not permitted
build	Cache Android SDK	2026-06-06T12:22:49.2741311Z /usr/bin/tar: ../../../../../usr/local/lib/android/sdk/platforms/android-36-ext19/data/res/values-mcc310-mnc310-lt: Cannot utime: Operation not permitted
build	Cache Android SDK	2026-06-06T12:22:49.2741779Z /usr/bin/tar: ../../../../../usr/local/lib/android/sdk/platforms/android-36-ext19/data/res/values-mcc310-mnc310-lt: Cannot change mode to rwxr-xr-x: Operation not permitted
build	Cache Android SDK	2026-06-06T12:22:49.2744997Z /usr/bin/tar: ../../../../../usr/local/lib/android/sdk/platforms/android-36-ext19/data/res/values-mcc310-mnc660-kk: Cannot utime: Operation not permitted
build	Cache Android SDK	2026-06-06T12:22:49.2745585Z /usr/bin/tar: ../../../../../usr/local/lib/android/sdk/platforms/android-36-ext19/data/res/values-mcc310-mnc660-kk: Cannot change mode to rwxr-xr-x: Operation not permitted
build	Cache Android SDK	2026-06-06T12:22:49.2748445Z /usr/bin/tar: ../../../../../usr/local/lib/android/sdk/platforms/android-36-ext19/data/res/values-cs-rCZ: Cannot utime: Operation not permitted
build	Cache Android SDK	2026-06-06T12:22:49.2748881Z /usr/bin/tar: ../../../../../usr/local/lib/android/sdk/platforms/android-36-ext19/data/res/values-cs-rCZ: Cannot change mode to rwxr-xr-x: Operation not permitted
build	Cache Android SDK	2026-06-06T12:22:49.2751654Z /usr/bin/tar: ../../../../../usr/local/lib/android/sdk/platforms/android-36-ext19/data/res/values-mcc450-mnc05: Cannot utime: Operation not permitted
build	Cache Android SDK	2026-06-06T12:22:49.2752114Z /usr/bin/tar: ../../../../../usr/local/lib/android/sdk/platforms/android-36-ext19/data/res/values-mcc450-mnc05: Cannot change mode to rwxr-xr-x: Operation not permitted
build	Cache Android SDK	2026-06-06T12:22:49.2755027Z /usr/bin/tar: ../../../../../usr/local/lib/android/sdk/platforms/android-36-ext19/data/res/values-mcc313-mnc100-vi: Cannot utime: Operation not permitted
build	Cache Android SDK	2026-06-06T12:22:49.2755592Z /usr/bin/tar: ../../../../../usr/local/lib/android/sdk/platforms/android-36-ext19/data/res/values-mcc313-mnc100-vi: Cannot change mode to rwxr-xr-x: Operation not permitted
build	Cache Android SDK	2026-06-06T12:22:49.2758479Z /usr/bin/tar: ../../../../../usr/local/lib/android/sdk/platforms/android-36-ext19/data/res/values-it-television: Cannot utime: Operation not permitted
build	Cache Android SDK	2026-06-06T12:22:49.2758945Z /usr/bin/tar: ../../../../../usr/local/lib/android/sdk/platforms/android-36-ext19/data/res/values-it-television: Cannot change mode to rwxr-xr-x: Operation not permitted
build	Cache Android SDK	2026-06-06T12:22:49.2762804Z /usr/bin/tar: ../../../../../usr/local/lib/android/sdk/platforms/android-36-ext19/data/res/values-mcc310-mnc950-as: Cannot utime: Operation not permitted
build	Cache Android SDK	2026-06-06T12:22:49.2763346Z /usr/bin/tar: ../../../../../usr/local/lib/android/sdk/platforms/android-36-ext19/data/res/values-mcc310-mnc950-as: Cannot change mode to rwxr-xr-x: Operation not permitted
build	Cache Android SDK	2026-06-06T12:22:49.2766133Z /usr/bin/tar: ../../../../../usr/local/lib/android/sdk/platforms/android-36-ext19/data/res/values-mcc302-mnc370-lt: Cannot utime: Operation not permitted
build	Cache Android SDK	2026-06-06T12:22:49.2766616Z /usr/bin/tar: ../../../../../usr/local/lib/android/sdk/platforms/android-36-ext19/data/res/values-mcc302-mnc370-lt: Cannot change mode to rwxr-xr-x: Operation not permitted
build	Cache Android SDK	2026-06-06T12:22:49.2769574Z /usr/bin/tar: ../../../../../usr/local/lib/android/sdk/platforms/android-36-ext19/data/res/values-mcc310-mnc230-ky: Cannot utime: Operation not permitted
build	Cache Android SDK	2026-06-06T12:22:49.2770046Z /usr/bin/tar: ../../../../../usr/local/lib/android/sdk/platforms/android-36-ext19/data/res/values-mcc310-mnc230-ky: Cannot change mode to rwxr-xr-x: Operation not permitted
build	Cache Android SDK	2026-06-06T12:22:49.2773526Z /usr/bin/tar: ../../../../../usr/local/lib/android/sdk/platforms/android-36-ext19/data/res/values-mcc310-mnc210-sw: Cannot utime: Operation not permitted
build	Cache Android SDK	2026-06-06T12:22:49.2774004Z /usr/bin/tar: ../../../../../usr/local/lib/android/sdk/platforms/android-36-ext19/data/res/values-mcc310-mnc210-sw: Cannot change mode to rwxr-xr-x: Operation not permitted
build	Cache Android SDK	2026-06-06T12:22:49.2781174Z /usr/bin/tar: ../../../../../usr/local/lib/android/sdk/platforms/android-36-ext19/data/res/values-mcc310-mnc490-hr: Cannot utime: Operation not permitted
build	Cache Android SDK	2026-06-06T12:22:49.2781660Z /usr/bin/tar: ../../../../../usr/local/lib/android/sdk/platforms/android-36-ext19/data/res/values-mcc310-mnc490-hr: Cannot change mode to rwxr-xr-x: Operation not permitted
build	Cache Android SDK	2026-06-06T12:22:49.2784717Z /usr/bin/tar: ../../../../../usr/local/lib/android/sdk/platforms/android-36-ext19/data/res/values-mcc310-mnc410-az: Cannot utime: Operation not permitted
build	Cache Android SDK	2026-06-06T12:22:49.2785231Z /usr/bin/tar: ../../../../../usr/local/lib/android/sdk/platforms/android-36-ext19/data/res/values-mcc310-mnc410-az: Cannot change mode to rwxr-xr-x: Operation not permitted
build	Cache Android SDK	2026-06-06T12:22:49.2790325Z /usr/bin/tar: ../../../../../usr/local/lib/android/sdk/platforms/android-36-ext19/data/res/values-mcc310-mnc380-kn: Cannot utime: Operation not permitted
build	Cache Android SDK	2026-06-06T12:22:49.2790944Z /usr/bin/tar: ../../../../../usr/local/lib/android/sdk/platforms/android-36-ext19/data/res/values-mcc310-mnc380-kn: Cannot change mode to rwxr-xr-x: Operation not permitted
build	Cache Android SDK	2026-06-06T12:22:49.2795746Z /usr/bin/tar: ../../../../../usr/local/lib/android/sdk/platforms/android-36-ext19/data/res/values-mcc310-mnc150-mn: Cannot utime: Operation not permitted
build	Cache Android SDK	2026-06-06T12:22:49.2796227Z /usr/bin/tar: ../../../../../usr/local/lib/android/sdk/platforms/android-36-ext19/data/res/values-mcc310-mnc150-mn: Cannot change mode to rwxr-xr-x: Operation not permitted
build	Cache Android SDK	2026-06-06T12:22:49.2800352Z /usr/bin/tar: ../../../../../usr/local/lib/android/sdk/platforms/android-36-ext19/data/res/values-mcc310-mnc150-mr: Cannot utime: Operation not permitted
build	Cache Android SDK	2026-06-06T12:22:49.2800831Z /usr/bin/tar: ../../../../../usr/local/lib/android/sdk/platforms/android-36-ext19/data/res/values-mcc310-mnc150-mr: Cannot change mode to rwxr-xr-x: Operation not permitted
build	Cache Android SDK	2026-06-06T12:22:49.2804386Z /usr/bin/tar: ../../../../../usr/local/lib/android/sdk/platforms/android-36-ext19/data/res/values-mcc310-mnc220-ca: Cannot utime: Operation not permitted
build	Cache Android SDK	2026-06-06T12:22:49.2804864Z /usr/bin/tar: ../../../../../usr/local/lib/android/sdk/platforms/android-36-ext19/data/res/values-mcc310-mnc220-ca: Cannot change mode to rwxr-xr-x: Operation not permitted
build	Cache Android SDK	2026-06-06T12:22:49.2807772Z /usr/bin/tar: ../../../../../usr/local/lib/android/sdk/platforms/android-36-ext19/data/res/values-mcc310-mnc490-hu: Cannot utime: Operation not permitted
build	Cache Android SDK	2026-06-06T12:22:49.2808262Z /usr/bin/tar: ../../../../../usr/local/lib/android/sdk/platforms/android-36-ext19/data/res/values-mcc310-mnc490-hu: Cannot change mode to rwxr-xr-x: Operation not permitted
build	Cache Android SDK	2026-06-06T12:22:49.2810907Z /usr/bin/tar: ../../../../../usr/local/lib/android/sdk/platforms/android-36-ext19/data/res/values-mcc310-mnc310-it: Cannot utime: Operation not permitted
build	Cache Android SDK	2026-06-06T12:22:49.2811412Z /usr/bin/tar: ../../../../../usr/local/lib/android/sdk/platforms/android-36-ext19/data/res/values-mcc310-mnc310-it: Cannot change mode to rwxr-xr-x: Operation not permitted
build	Cache Android SDK	2026-06-06T12:22:49.2815043Z /usr/bin/tar: ../../../../../usr/local/lib/android/sdk/platforms/android-36-ext19/data/res/values-mcc310-mnc220-zh-rCN: Cannot utime: Operation not permitted
build	Cache Android SDK	2026-06-06T12:22:49.2815547Z /usr/bin/tar: ../../../../../usr/local/lib/android/sdk/platforms/android-36-ext19/data/res/values-mcc310-mnc220-zh-rCN: Cannot change mode to rwxr-xr-x: Operation not permitted
build	Cache Android SDK	2026-06-06T12:22:49.2818098Z /usr/bin/tar: ../../../../../usr/local/lib/android/sdk/platforms/android-36-ext19/data/res/values-mcc311-mnc180-ro: Cannot utime: Operation not permitted
build	Cache Android SDK	2026-06-06T12:22:49.2818574Z /usr/bin/tar: ../../../../../usr/local/lib/android/sdk/platforms/android-36-ext19/data/res/values-mcc311-mnc180-ro: Cannot change mode to rwxr-xr-x: Operation not permitted
build	Cache Android SDK	2026-06-06T12:22:49.2821463Z /usr/bin/tar: ../../../../../usr/local/lib/android/sdk/platforms/android-36-ext19/data/res/values-es-rMX: Cannot utime: Operation not permitted
build	Cache Android SDK	2026-06-06T12:22:49.2821929Z /usr/bin/tar: ../../../../../usr/local/lib/android/sdk/platforms/android-36-ext19/data/res/values-es-rMX: Cannot change mode to rwxr-xr-x: Operation not permitted
build	Cache Android SDK	2026-06-06T12:22:49.2829465Z /usr/bin/tar: ../../../../../usr/local/lib/android/sdk/platforms/android-36-ext19/data/res/values-hy: Cannot utime: Operation not permitted
build	Cache Android SDK	2026-06-06T12:22:49.2830328Z /usr/bin/tar: ../../../../../usr/local/lib/android/sdk/platforms/android-36-ext19/data/res/values-hy: Cannot change mode to rwxr-xr-x: Operation not permitted
build	Cache Android SDK	2026-06-06T12:22:49.2833661Z /usr/bin/tar: ../../../../../usr/local/lib/android/sdk/platforms/android-36-ext19/data/res/values-mcc310-mnc950-en-rAU: Cannot utime: Operation not permitted
build	Cache Android SDK	2026-06-06T12:22:49.2834200Z /usr/bin/tar: ../../../../../usr/local/lib/android/sdk/platforms/android-36-ext19/data/res/values-mcc310-mnc950-en-rAU: Cannot change mode to rwxr-xr-x: Operation not permitted
build	Cache Android SDK	2026-06-06T12:22:49.2838120Z /usr/bin/tar: ../../../../../usr/local/lib/android/sdk/platforms/android-36-ext19/data/res/values-mcc302-mnc370-it: Cannot utime: Operation not permitted
build	Cache Android SDK	2026-06-06T12:22:49.2838599Z /usr/bin/tar: ../../../../../usr/local/lib/android/sdk/platforms/android-36-ext19/data/res/values-mcc302-mnc370-it: Cannot change mode to rwxr-xr-x: Operation not permitted
build	Cache Android SDK	2026-06-06T12:22:49.2842942Z /usr/bin/tar: ../../../../../usr/local/lib/android/sdk/platforms/android-36-ext19/data/res/values-sw720dp: Cannot utime: Operation not permitted
build	Cache Android SDK	2026-06-06T12:22:49.2843443Z /usr/bin/tar: ../../../../../usr/local/lib/android/sdk/platforms/android-36-ext19/data/res/values-sw720dp: Cannot change mode to rwxr-xr-x: Operation not permitted
build	Cache Android SDK	2026-06-06T12:22:49.2849516Z /usr/bin/tar: ../../../../../usr/local/lib/android/sdk/platforms/android-36-ext19/data/res/layout-notround-watch: Cannot utime: Operation not permitted
build	Cache Android SDK	2026-06-06T12:22:49.2849995Z /usr/bin/tar: ../../../../../usr/local/lib/android/sdk/platforms/android-36-ext19/data/res/layout-notround-watch: Cannot change mode to rwxr-xr-x: Operation not permitted
build	Cache Android SDK	2026-06-06T12:22:49.2853135Z /usr/bin/tar: ../../../../../usr/local/lib/android/sdk/platforms/android-36-ext19/data/res/values-mcc310-mnc220-af: Cannot utime: Operation not permitted
build	Cache Android SDK	2026-06-06T12:22:49.2853616Z /usr/bin/tar: ../../../../../usr/local/lib/android/sdk/platforms/android-36-ext19/data/res/values-mcc310-mnc220-af: Cannot change mode to rwxr-xr-x: Operation not permitted
build	Cache Android SDK	2026-06-06T12:22:49.2859987Z /usr/bin/tar: ../../../../../usr/local/lib/android/sdk/platforms/android-36-ext19/data/res/values-mcc310-mnc270-cs: Cannot utime: Operation not permitted
build	Cache Android SDK	2026-06-06T12:22:49.2860456Z /usr/bin/tar: ../../../../../usr/local/lib/android/sdk/platforms/android-36-ext19/data/res/values-mcc310-mnc270-cs: Cannot change mode to rwxr-xr-x: Operation not permitted
build	Cache Android SDK	2026-06-06T12:22:49.2864781Z /usr/bin/tar: ../../../../../usr/local/lib/android/sdk/platforms/android-36-ext19/data/res/values-mcc310-mnc490-kn: Cannot utime: Operation not permitted
build	Cache Android SDK	2026-06-06T12:22:49.2865393Z /usr/bin/tar: ../../../../../usr/local/lib/android/sdk/platforms/android-36-ext19/data/res/values-mcc310-mnc490-kn: Cannot change mode to rwxr-xr-x: Operation not permitted
build	Cache Android SDK	2026-06-06T12:22:49.2871527Z /usr/bin/tar: ../../../../../usr/local/lib/android/sdk/platforms/android-36-ext19/data/res/values-mcc310-mnc660-pl: Cannot utime: Operation not permitted
build	Cache Android SDK	2026-06-06T12:22:49.2872001Z /usr/bin/tar: ../../../../../usr/local/lib/android/sdk/platforms/android-36-ext19/data/res/values-mcc310-mnc660-pl: Cannot change mode to rwxr-xr-x: Operation not permitted
build	Cache Android SDK	2026-06-06T12:22:49.2875827Z /usr/bin/tar: ../../../../../usr/local/lib/android/sdk/platforms/android-36-ext19/data/res/values-mcc312-mnc670-te: Cannot utime: Operation not permitted
build	Cache Android SDK	2026-06-06T12:22:49.2876306Z /usr/bin/tar: ../../../../../usr/local/lib/android/sdk/platforms/android-36-ext19/data/res/values-mcc312-mnc670-te: Cannot change mode to rwxr-xr-x: Operation not permitted
build	Cache Android SDK	2026-06-06T12:22:49.2879757Z /usr/bin/tar: ../../../../../usr/local/lib/android/sdk/platforms/android-36-ext19/data/res/values-mcc310-mnc160-hr: Cannot utime: Operation not permitted
build	Cache Android SDK	2026-06-06T12:22:49.2880340Z /usr/bin/tar: ../../../../../usr/local/lib/android/sdk/platforms/android-36-ext19/data/res/values-mcc310-mnc160-hr: Cannot change mode to rwxr-xr-x: Operation not permitted
build	Cache Android SDK	2026-06-06T12:22:49.2891650Z /usr/bin/tar: ../../../../../usr/local/lib/android/sdk/platforms/android-36-ext19/data/res/values-mcc310-mnc800-af: Cannot utime: Operation not permitted
build	Cache Android SDK	2026-06-06T12:22:49.2892292Z /usr/bin/tar: ../../../../../usr/local/lib/android/sdk/platforms/android-36-ext19/data/res/values-mcc310-mnc800-af: Cannot change mode to rwxr-xr-x: Operation not permitted
build	Cache Android SDK	2026-06-06T12:22:49.2901260Z /usr/bin/tar: ../../../../../usr/local/lib/android/sdk/platforms/android-36-ext19/data/res/values-mcc310-mnc310-nl: Cannot utime: Operation not permitted
build	Cache Android SDK	2026-06-06T12:22:49.2901938Z /usr/bin/tar: ../../../../../usr/local/lib/android/sdk/platforms/android-36-ext19/data/res/values-mcc310-mnc310-nl: Cannot change mode to rwxr-xr-x: Operation not permitted
build	Cache Android SDK	2026-06-06T12:22:49.2904900Z /usr/bin/tar: ../../../../../usr/local/lib/android/sdk/platforms/android-36-ext19/data/res/values-sv-rSE: Cannot utime: Operation not permitted
build	Cache Android SDK	2026-06-06T12:22:49.2905524Z /usr/bin/tar: ../../../../../usr/local/lib/android/sdk/platforms/android-36-ext19/data/res/values-sv-rSE: Cannot change mode to rwxr-xr-x: Operation not permitted
build	Cache Android SDK	2026-06-06T12:22:49.2909202Z /usr/bin/tar: ../../../../../usr/local/lib/android/sdk/platforms/android-36-ext19/data/res/values-mcc310-mnc170-hu: Cannot utime: Operation not permitted
build	Cache Android SDK	2026-06-06T12:22:49.2909679Z /usr/bin/tar: ../../../../../usr/local/lib/android/sdk/platforms/android-36-ext19/data/res/values-mcc310-mnc170-hu: Cannot change mode to rwxr-xr-x: Operation not permitted
build	Cache Android SDK	2026-06-06T12:22:49.2913788Z /usr/bin/tar: ../../../../../usr/local/lib/android/sdk/platforms/android-36-ext19/data/res/values-mcc302-mnc720-tl: Cannot utime: Operation not permitted
build	Cache Android SDK	2026-06-06T12:22:49.2914352Z /usr/bin/tar: ../../../../../usr/local/lib/android/sdk/platforms/android-36-ext19/data/res/values-mcc302-mnc720-tl: Cannot change mode to rwxr-xr-x: Operation not permitted
build	Cache Android SDK	2026-06-06T12:22:49.2918724Z /usr/bin/tar: ../../../../../usr/local/lib/android/sdk/platforms/android-36-ext19/data/res/values-mcc001-mnc01-nb: Cannot utime: Operation not permitted
build	Cache Android SDK	2026-06-06T12:22:49.2919193Z /usr/bin/tar: ../../../../../usr/local/lib/android/sdk/platforms/android-36-ext19/data/res/values-mcc001-mnc01-nb: Cannot change mode to rwxr-xr-x: Operation not permitted
build	Cache Android SDK	2026-06-06T12:22:49.2923725Z /usr/bin/tar: ../../../../../usr/local/lib/android/sdk/platforms/android-36-ext19/data/res/values-mcc310-mnc150-tr: Cannot utime: Operation not permitted
build	Cache Android SDK	2026-06-06T12:22:49.2924195Z /usr/bin/tar: ../../../../../usr/local/lib/android/sdk/platforms/android-36-ext19/data/res/values-mcc310-mnc150-tr: Cannot change mode to rwxr-xr-x: Operation not permitted
build	Cache Android SDK	2026-06-06T12:22:49.2929414Z /usr/bin/tar: ../../../../../usr/local/lib/android/sdk/platforms/android-36-ext19/data/res/values-mcc310-mnc160-da: Cannot utime: Operation not permitted
build	Cache Android SDK	2026-06-06T12:22:49.2929989Z /usr/bin/tar: ../../../../../usr/local/lib/android/sdk/platforms/android-36-ext19/data/res/values-mcc310-mnc160-da: Cannot change mode to rwxr-xr-x: Operation not permitted
build	Cache Android SDK	2026-06-06T12:22:49.2938206Z /usr/bin/tar: ../../../../../usr/local/lib/android/sdk/platforms/android-36-ext19/data/res/values-mcc310-mnc240-lo: Cannot utime: Operation not permitted
build	Cache Android SDK	2026-06-06T12:22:49.2938781Z /usr/bin/tar: ../../../../../usr/local/lib/android/sdk/platforms/android-36-ext19/data/res/values-mcc310-mnc240-lo: Cannot change mode to rwxr-xr-x: Operation not permitted
build	Cache Android SDK	2026-06-06T12:22:49.2942840Z /usr/bin/tar: ../../../../../usr/local/lib/android/sdk/platforms/android-36-ext19/data/res/values-mcc310-mnc250-eu: Cannot utime: Operation not permitted
build	Cache Android SDK	2026-06-06T12:22:49.2943432Z /usr/bin/tar: ../../../../../usr/local/lib/android/sdk/platforms/android-36-ext19/data/res/values-mcc310-mnc250-eu: Cannot change mode to rwxr-xr-x: Operation not permitted
build	Cache Android SDK	2026-06-06T12:22:49.2946765Z /usr/bin/tar: ../../../../../usr/local/lib/android/sdk/platforms/android-36-ext19/data/res/raw-hu: Cannot utime: Operation not permitted
build	Cache Android SDK	2026-06-06T12:22:49.2947295Z /usr/bin/tar: ../../../../../usr/local/lib/android/sdk/platforms/android-36-ext19/data/res/raw-hu: Cannot change mode to rwxr-xr-x: Operation not permitted
build	Cache Android SDK	2026-06-06T12:22:49.2951237Z /usr/bin/tar: ../../../../../usr/local/lib/android/sdk/platforms/android-36-ext19/data/res/values-mcc302-mnc370-nb: Cannot utime: Operation not permitted
build	Cache Android SDK	2026-06-06T12:22:49.2951697Z /usr/bin/tar: ../../../../../usr/local/lib/android/sdk/platforms/android-36-ext19/data/res/values-mcc302-mnc370-nb: Cannot change mode to rwxr-xr-x: Operation not permitted
build	Cache Android SDK	2026-06-06T12:22:49.2959846Z /usr/bin/tar: ../../../../../usr/local/lib/android/sdk/platforms/android-36-ext19/data/res/values-pt-rBR-watch: Cannot utime: Operation not permitted
build	Cache Android SDK	2026-06-06T12:22:49.2960508Z /usr/bin/tar: ../../../../../usr/local/lib/android/sdk/platforms/android-36-ext19/data/res/values-pt-rBR-watch: Cannot change mode to rwxr-xr-x: Operation not permitted
build	Cache Android SDK	2026-06-06T12:22:49.2967636Z /usr/bin/tar: ../../../../../usr/local/lib/android/sdk/platforms/android-36-ext19/data/res/values-mcc310-mnc150-pt-rBR: Cannot utime: Operation not permitted
build	Cache Android SDK	2026-06-06T12:22:49.2968135Z /usr/bin/tar: ../../../../../usr/local/lib/android/sdk/platforms/android-36-ext19/data/res/values-mcc310-mnc150-pt-rBR: Cannot change mode to rwxr-xr-x: Operation not permitted
build	Cache Android SDK	2026-06-06T12:22:49.2971873Z /usr/bin/tar: ../../../../../usr/local/lib/android/sdk/platforms/android-36-ext19/data/res/values-mcc310-mnc660-b+sr+Latn: Cannot utime: Operation not permitted
build	Cache Android SDK	2026-06-06T12:22:49.2972366Z /usr/bin/tar: ../../../../../usr/local/lib/android/sdk/platforms/android-36-ext19/data/res/values-mcc310-mnc660-b+sr+Latn: Cannot change mode to rwxr-xr-x: Operation not permitted
build	Cache Android SDK	2026-06-06T12:22:49.2995013Z /usr/bin/tar: ../../../../../usr/local/lib/android/sdk/platforms/android-36-ext19/data/res/interpolator: Cannot utime: Operation not permitted
build	Cache Android SDK	2026-06-06T12:22:49.2995519Z /usr/bin/tar: ../../../../../usr/local/lib/android/sdk/platforms/android-36-ext19/data/res/interpolator: Cannot change mode to rwxr-xr-x: Operation not permitted
build	Cache Android SDK	2026-06-06T12:22:49.2997990Z /usr/bin/tar: ../../../../../usr/local/lib/android/sdk/platforms/android-36-ext19/data/res/values-mcc310-mnc030-ar: Cannot utime: Operation not permitted
build	Cache Android SDK	2026-06-06T12:22:49.2998470Z /usr/bin/tar: ../../../../../usr/local/lib/android/sdk/platforms/android-36-ext19/data/res/values-mcc310-mnc030-ar: Cannot change mode to rwxr-xr-x: Operation not permitted
build	Cache Android SDK	2026-06-06T12:22:49.3002260Z /usr/bin/tar: ../../../../../usr/local/lib/android/sdk/platforms/android-36-ext19/data/res/values-es-rUS-watch: Cannot utime: Operation not permitted
build	Cache Android SDK	2026-06-06T12:22:49.3002727Z /usr/bin/tar: ../../../../../usr/local/lib/android/sdk/platforms/android-36-ext19/data/res/values-es-rUS-watch: Cannot change mode to rwxr-xr-x: Operation not permitted
build	Cache Android SDK	2026-06-06T12:22:49.3005092Z /usr/bin/tar: ../../../../../usr/local/lib/android/sdk/platforms/android-36-ext19/data/res/values-gl-television: Cannot utime: Operation not permitted
build	Cache Android SDK	2026-06-06T12:22:49.3005567Z /usr/bin/tar: ../../../../../usr/local/lib/android/sdk/platforms/android-36-ext19/data/res/values-gl-television: Cannot change mode to rwxr-xr-x: Operation not permitted
build	Cache Android SDK	2026-06-06T12:22:49.3008606Z /usr/bin/tar: ../../../../../usr/local/lib/android/sdk/platforms/android-36-ext19/data/res/values-w227dp: Cannot utime: Operation not permitted
build	Cache Android SDK	2026-06-06T12:22:49.3009054Z /usr/bin/tar: ../../../../../usr/local/lib/android/sdk/platforms/android-36-ext19/data/res/values-w227dp: Cannot change mode to rwxr-xr-x: Operation not permitted
build	Cache Android SDK	2026-06-06T12:22:49.3012068Z /usr/bin/tar: ../../../../../usr/local/lib/android/sdk/platforms/android-36-ext19/data/res/values-mcc310-mnc160-in: Cannot utime: Operation not permitted
build	Cache Android SDK	2026-06-06T12:22:49.3012540Z /usr/bin/tar: ../../../../../usr/local/lib/android/sdk/platforms/android-36-ext19/data/res/values-mcc310-mnc160-in: Cannot change mode to rwxr-xr-x: Operation not permitted
build	Cache Android SDK	2026-06-06T12:22:49.3015195Z /usr/bin/tar: ../../../../../usr/local/lib/android/sdk/platforms/android-36-ext19/data/res/values-mcc310-mnc280-lt: Cannot utime: Operation not permitted
build	Cache Android SDK	2026-06-06T12:22:49.3015662Z /usr/bin/tar: ../../../../../usr/local/lib/android/sdk/platforms/android-36-ext19/data/res/values-mcc310-mnc280-lt: Cannot change mode to rwxr-xr-x: Operation not permitted
build	Cache Android SDK	2026-06-06T12:22:49.3018997Z /usr/bin/tar: ../../../../../usr/local/lib/android/sdk/platforms/android-36-ext19/data/res/values-mcc310-mnc230-fr-rCA: Cannot utime: Operation not permitted
build	Cache Android SDK	2026-06-06T12:22:49.3019478Z /usr/bin/tar: ../../../../../usr/local/lib/android/sdk/platforms/android-36-ext19/data/res/values-mcc310-mnc230-fr-rCA: Cannot change mode to rwxr-xr-x: Operation not permitted
build	Cache Android SDK	2026-06-06T12:22:49.3022179Z /usr/bin/tar: ../../../../../usr/local/lib/android/sdk/platforms/android-36-ext19/data/res/values-mcc310-mnc170-ar: Cannot utime: Operation not permitted
build	Cache Android SDK	2026-06-06T12:22:49.3022636Z /usr/bin/tar: ../../../../../usr/local/lib/android/sdk/platforms/android-36-ext19/data/res/values-mcc310-mnc170-ar: Cannot change mode to rwxr-xr-x: Operation not permitted
build	Cache Android SDK	2026-06-06T12:22:49.3028590Z /usr/bin/tar: ../../../../../usr/local/lib/android/sdk/platforms/android-36-ext19/data/res/values-sl: Cannot utime: Operation not permitted
build	Cache Android SDK	2026-06-06T12:22:49.3029644Z /usr/bin/tar: ../../../../../usr/local/lib/android/sdk/platforms/android-36-ext19/data/res/values-sl: Cannot change mode to rwxr-xr-x: Operation not permitted
build	Cache Android SDK	2026-06-06T12:22:49.3032086Z /usr/bin/tar: ../../../../../usr/local/lib/android/sdk/platforms/android-36-ext19/data/res/values-mcc310-mnc030-da: Cannot utime: Operation not permitted
build	Cache Android SDK	2026-06-06T12:22:49.3032578Z /usr/bin/tar: ../../../../../usr/local/lib/android/sdk/platforms/android-36-ext19/data/res/values-mcc310-mnc030-da: Cannot change mode to rwxr-xr-x: Operation not permitted
build	Cache Android SDK	2026-06-06T12:22:49.3035052Z /usr/bin/tar: ../../../../../usr/local/lib/android/sdk/platforms/android-36-ext19/data/res/values-mcc510-mnc08: Cannot utime: Operation not permitted
build	Cache Android SDK	2026-06-06T12:22:49.3035516Z /usr/bin/tar: ../../../../../usr/local/lib/android/sdk/platforms/android-36-ext19/data/res/values-mcc510-mnc08: Cannot change mode to rwxr-xr-x: Operation not permitted
build	Cache Android SDK	2026-06-06T12:22:49.3039620Z /usr/bin/tar: ../../../../../usr/local/lib/android/sdk/platforms/android-36-ext19/data/res/values-fa-rIR: Cannot utime: Operation not permitted
build	Cache Android SDK	2026-06-06T12:22:49.3040060Z /usr/bin/tar: ../../../../../usr/local/lib/android/sdk/platforms/android-36-ext19/data/res/values-fa-rIR: Cannot change mode to rwxr-xr-x: Operation not permitted
build	Cache Android SDK	2026-06-06T12:22:49.3043869Z /usr/bin/tar: ../../../../../usr/local/lib/android/sdk/platforms/android-36-ext19/data/res/values-en-rZA: Cannot utime: Operation not permitted
build	Cache Android SDK	2026-06-06T12:22:49.3044307Z /usr/bin/tar: ../../../../../usr/local/lib/android/sdk/platforms/android-36-ext19/data/res/values-en-rZA: Cannot change mode to rwxr-xr-x: Operation not permitted
build	Cache Android SDK	2026-06-06T12:22:49.3047757Z /usr/bin/tar: ../../../../../usr/local/lib/android/sdk/platforms/android-36-ext19/data/res/values-mcc310-mnc310-en-rGB: Cannot utime: Operation not permitted
build	Cache Android SDK	2026-06-06T12:22:49.3051124Z /usr/bin/tar: ../../../../../usr/local/lib/android/sdk/platforms/android-36-ext19/data/res/values-mcc310-mnc310-en-rGB: Cannot change mode to rwxr-xr-x: Operation not permitted
build	Cache Android SDK	2026-06-06T12:22:49.3051528Z /usr/bin/tar: ../../../../../usr/local/lib/android/sdk/platforms/android-36-ext19/data/res/values-mcc310-mnc270-tr: Cannot utime: Operation not permitted
build	Cache Android SDK	2026-06-06T12:22:49.3051989Z /usr/bin/tar: ../../../../../usr/local/lib/android/sdk/platforms/android-36-ext19/data/res/values-mcc310-mnc270-tr: Cannot change mode to rwxr-xr-x: Operation not permitted
build	Cache Android SDK	2026-06-06T12:22:49.3054300Z /usr/bin/tar: ../../../../../usr/local/lib/android/sdk/platforms/android-36-ext19/data/res/values-mcc312-mnc670-vi: Cannot utime: Operation not permitted
build	Cache Android SDK	2026-06-06T12:22:49.3054767Z /usr/bin/tar: ../../../../../usr/local/lib/android/sdk/platforms/android-36-ext19/data/res/values-mcc312-mnc670-vi: Cannot change mode to rwxr-xr-x: Operation not permitted
build	Cache Android SDK	2026-06-06T12:22:49.3057589Z /usr/bin/tar: ../../../../../usr/local/lib/android/sdk/platforms/android-36-ext19/data/res/values-mcc310-mnc200-tl: Cannot utime: Operation not permitted
build	Cache Android SDK	2026-06-06T12:22:49.3058056Z /usr/bin/tar: ../../../../../usr/local/lib/android/sdk/platforms/android-36-ext19/data/res/values-mcc310-mnc200-tl: Cannot change mode to rwxr-xr-x: Operation not permitted
build	Cache Android SDK	2026-06-06T12:22:49.3060634Z /usr/bin/tar: ../../../../../usr/local/lib/android/sdk/platforms/android-36-ext19/data/res/values-mcc311-mnc180-az: Cannot utime: Operation not permitted
build	Cache Android SDK	2026-06-06T12:22:49.3061097Z /usr/bin/tar: ../../../../../usr/local/lib/android/sdk/platforms/android-36-ext19/data/res/values-mcc311-mnc180-az: Cannot change mode to rwxr-xr-x: Operation not permitted
build	Cache Android SDK	2026-06-06T12:22:49.3063620Z /usr/bin/tar: ../../../../../usr/local/lib/android/sdk/platforms/android-36-ext19/data/res/values-mcc310-mnc800-ky: Cannot utime: Operation not permitted
build	Cache Android SDK	2026-06-06T12:22:49.3064086Z /usr/bin/tar: ../../../../../usr/local/lib/android/sdk/platforms/android-36-ext19/data/res/values-mcc310-mnc800-ky: Cannot change mode to rwxr-xr-x: Operation not permitted
build	Cache Android SDK	2026-06-06T12:22:49.3066879Z /usr/bin/tar: ../../../../../usr/local/lib/android/sdk/platforms/android-36-ext19/data/res/values-mcc310-mnc170-da: Cannot utime: Operation not permitted
build	Cache Android SDK	2026-06-06T12:22:49.3067468Z /usr/bin/tar: ../../../../../usr/local/lib/android/sdk/platforms/android-36-ext19/data/res/values-mcc310-mnc170-da: Cannot change mode to rwxr-xr-x: Operation not permitted
build	Cache Android SDK	2026-06-06T12:22:49.3071274Z /usr/bin/tar: ../../../../../usr/local/lib/android/sdk/platforms/android-36-ext19/data/res/values-mcc310-mnc280-hu: Cannot utime: Operation not permitted
build	Cache Android SDK	2026-06-06T12:22:49.3071824Z /usr/bin/tar: ../../../../../usr/local/lib/android/sdk/platforms/android-36-ext19/data/res/values-mcc310-mnc280-hu: Cannot change mode to rwxr-xr-x: Operation not permitted
build	Cache Android SDK	2026-06-06T12:22:49.3074357Z /usr/bin/tar: ../../../../../usr/local/lib/android/sdk/platforms/android-36-ext19/data/res/values-es-rHN: Cannot utime: Operation not permitted
build	Cache Android SDK	2026-06-06T12:22:49.3074796Z /usr/bin/tar: ../../../../../usr/local/lib/android/sdk/platforms/android-36-ext19/data/res/values-es-rHN: Cannot change mode to rwxr-xr-x: Operation not permitted
build	Cache Android SDK	2026-06-06T12:22:49.3078770Z /usr/bin/tar: ../../../../../usr/local/lib/android/sdk/platforms/android-36-ext19/data/res/values-mcc310-mnc200-en-rIN: Cannot utime: Operation not permitted
build	Cache Android SDK	2026-06-06T12:22:49.3079290Z /usr/bin/tar: ../../../../../usr/local/lib/android/sdk/platforms/android-36-ext19/data/res/values-mcc310-mnc200-en-rIN: Cannot change mode to rwxr-xr-x: Operation not permitted
build	Cache Android SDK	2026-06-06T12:22:49.3081846Z /usr/bin/tar: ../../../../../usr/local/lib/android/sdk/platforms/android-36-ext19/data/res/values-mcc310-mnc280-ko: Cannot utime: Operation not permitted
build	Cache Android SDK	2026-06-06T12:22:49.3082439Z /usr/bin/tar: ../../../../../usr/local/lib/android/sdk/platforms/android-36-ext19/data/res/values-mcc310-mnc280-ko: Cannot change mode to rwxr-xr-x: Operation not permitted
build	Cache Android SDK	2026-06-06T12:22:49.3085144Z /usr/bin/tar: ../../../../../usr/local/lib/android/sdk/platforms/android-36-ext19/data/res/values-mcc310-mnc490-en-rIN: Cannot utime: Operation not permitted
build	Cache Android SDK	2026-06-06T12:22:49.3085639Z /usr/bin/tar: ../../../../../usr/local/lib/android/sdk/platforms/android-36-ext19/data/res/values-mcc310-mnc490-en-rIN: Cannot change mode to rwxr-xr-x: Operation not permitted
build	Cache Android SDK	2026-06-06T12:22:49.3088565Z /usr/bin/tar: ../../../../../usr/local/lib/android/sdk/platforms/android-36-ext19/data/res/values-mcc310-mnc160-hy: Cannot utime: Operation not permitted
build	Cache Android SDK	2026-06-06T12:22:49.3089046Z /usr/bin/tar: ../../../../../usr/local/lib/android/sdk/platforms/android-36-ext19/data/res/values-mcc310-mnc160-hy: Cannot change mode to rwxr-xr-x: Operation not permitted
build	Cache Android SDK	2026-06-06T12:22:49.3091922Z /usr/bin/tar: ../../../../../usr/local/lib/android/sdk/platforms/android-36-ext19/data/res/values-mcc310-mnc200-af: Cannot utime: Operation not permitted
build	Cache Android SDK	2026-06-06T12:22:49.3092477Z /usr/bin/tar: ../../../../../usr/local/lib/android/sdk/platforms/android-36-ext19/data/res/values-mcc310-mnc200-af: Cannot change mode to rwxr-xr-x: Operation not permitted
build	Cache Android SDK	2026-06-06T12:22:49.3094723Z /usr/bin/tar: ../../../../../usr/local/lib/android/sdk/platforms/android-36-ext19/data/res/values-mcc313-mnc100-ms: Cannot utime: Operation not permitted
build	Cache Android SDK	2026-06-06T12:22:49.3095191Z /usr/bin/tar: ../../../../../usr/local/lib/android/sdk/platforms/android-36-ext19/data/res/values-mcc313-mnc100-ms: Cannot change mode to rwxr-xr-x: Operation not permitted
build	Cache Android SDK	2026-06-06T12:22:49.3098893Z /usr/bin/tar: ../../../../../usr/local/lib/android/sdk/platforms/android-36-ext19/data/res/values-mcc302-mnc370-pl: Cannot utime: Operation not permitted
build	Cache Android SDK	2026-06-06T12:22:49.3099476Z /usr/bin/tar: ../../../../../usr/local/lib/android/sdk/platforms/android-36-ext19/data/res/values-mcc302-mnc370-pl: Cannot change mode to rwxr-xr-x: Operation not permitted
build	Cache Android SDK	2026-06-06T12:22:49.3102359Z /usr/bin/tar: ../../../../../usr/local/lib/android/sdk/platforms/android-36-ext19/data/res/values-mcc310-mnc150-bn: Cannot utime: Operation not permitted
build	Cache Android SDK	2026-06-06T12:22:49.3102829Z /usr/bin/tar: ../../../../../usr/local/lib/android/sdk/platforms/android-36-ext19/data/res/values-mcc310-mnc150-bn: Cannot change mode to rwxr-xr-x: Operation not permitted
build	Cache Android SDK	2026-06-06T12:22:49.3105888Z /usr/bin/tar: ../../../../../usr/local/lib/android/sdk/platforms/android-36-ext19/data/res/values-mcc312-mnc670-iw: Cannot utime: Operation not permitted
build	Cache Android SDK	2026-06-06T12:22:49.3106370Z /usr/bin/tar: ../../../../../usr/local/lib/android/sdk/platforms/android-36-ext19/data/res/values-mcc312-mnc670-iw: Cannot change mode to rwxr-xr-x: Operation not permitted
build	Cache Android SDK	2026-06-06T12:22:49.3109161Z /usr/bin/tar: ../../../../../usr/local/lib/android/sdk/platforms/android-36-ext19/data/res/values-mcc310-mnc310-sw: Cannot utime: Operation not permitted
build	Cache Android SDK	2026-06-06T12:22:49.3109726Z /usr/bin/tar: ../../../../../usr/local/lib/android/sdk/platforms/android-36-ext19/data/res/values-mcc310-mnc310-sw: Cannot change mode to rwxr-xr-x: Operation not permitted
build	Cache Android SDK	2026-06-06T12:22:49.3112704Z /usr/bin/tar: ../../../../../usr/local/lib/android/sdk/platforms/android-36-ext19/data/res/values-mcc312-mnc670-zu: Cannot utime: Operation not permitted
build	Cache Android SDK	2026-06-06T12:22:49.3113206Z /usr/bin/tar: ../../../../../usr/local/lib/android/sdk/platforms/android-36-ext19/data/res/values-mcc312-mnc670-zu: Cannot change mode to rwxr-xr-x: Operation not permitted
build	Cache Android SDK	2026-06-06T12:22:49.3115434Z /usr/bin/tar: ../../../../../usr/local/lib/android/sdk/platforms/android-36-ext19/data/res/values-mcc310-mnc230-uz: Cannot utime: Operation not permitted
build	Cache Android SDK	2026-06-06T12:22:49.3115914Z /usr/bin/tar: ../../../../../usr/local/lib/android/sdk/platforms/android-36-ext19/data/res/values-mcc310-mnc230-uz: Cannot change mode to rwxr-xr-x: Operation not permitted
build	Cache Android SDK	2026-06-06T12:22:49.3119602Z /usr/bin/tar: ../../../../../usr/local/lib/android/sdk/platforms/android-36-ext19/data/res/values-mcc310-mnc410-b+sr+Latn: Cannot utime: Operation not permitted
build	Cache Android SDK	2026-06-06T12:22:49.3120124Z /usr/bin/tar: ../../../../../usr/local/lib/android/sdk/platforms/android-36-ext19/data/res/values-mcc310-mnc410-b+sr+Latn: Cannot change mode to rwxr-xr-x: Operation not permitted
build	Cache Android SDK	2026-06-06T12:22:49.3122678Z /usr/bin/tar: ../../../../../usr/local/lib/android/sdk/platforms/android-36-ext19/data/res/values-mcc312-mnc670-gu: Cannot utime: Operation not permitted
build	Cache Android SDK	2026-06-06T12:22:49.3123153Z /usr/bin/tar: ../../../../../usr/local/lib/android/sdk/platforms/android-36-ext19/data/res/values-mcc312-mnc670-gu: Cannot change mode to rwxr-xr-x: Operation not permitted
build	Cache Android SDK	2026-06-06T12:22:49.3129652Z /usr/bin/tar: ../../../../../usr/local/lib/android/sdk/platforms/android-36-ext19/data/res/values-mcc310-mnc410-gl: Cannot utime: Operation not permitted
build	Cache Android SDK	2026-06-06T12:22:49.3130129Z /usr/bin/tar: ../../../../../usr/local/lib/android/sdk/platforms/android-36-ext19/data/res/values-mcc310-mnc410-gl: Cannot change mode to rwxr-xr-x: Operation not permitted
build	Cache Android SDK	2026-06-06T12:22:49.3133049Z /usr/bin/tar: ../../../../../usr/local/lib/android/sdk/platforms/android-36-ext19/data/res/values-mk-television: Cannot utime: Operation not permitted
build	Cache Android SDK	2026-06-06T12:22:49.3133523Z /usr/bin/tar: ../../../../../usr/local/lib/android/sdk/platforms/android-36-ext19/data/res/values-mk-television: Cannot change mode to rwxr-xr-x: Operation not permitted
build	Cache Android SDK	2026-06-06T12:22:49.3136348Z /usr/bin/tar: ../../../../../usr/local/lib/android/sdk/platforms/android-36-ext19/data/res/values-mcc310-mnc030-ca: Cannot utime: Operation not permitted
build	Cache Android SDK	2026-06-06T12:22:49.3136867Z /usr/bin/tar: ../../../../../usr/local/lib/android/sdk/platforms/android-36-ext19/data/res/values-mcc310-mnc030-ca: Cannot change mode to rwxr-xr-x: Operation not permitted
build	Cache Android SDK	2026-06-06T12:22:49.3143530Z /usr/bin/tar: ../../../../../usr/local/lib/android/sdk/platforms/android-36-ext19/data/res/values-vi: Cannot utime: Operation not permitted
build	Cache Android SDK	2026-06-06T12:22:49.3144136Z /usr/bin/tar: ../../../../../usr/local/lib/android/sdk/platforms/android-36-ext19/data/res/values-vi: Cannot change mode to rwxr-xr-x: Operation not permitted
build	Cache Android SDK	2026-06-06T12:22:49.3146178Z /usr/bin/tar: ../../../../../usr/local/lib/android/sdk/platforms/android-36-ext19/data/res/values-mcc310-mnc280-cs: Cannot utime: Operation not permitted
build	Cache Android SDK	2026-06-06T12:22:49.3146653Z /usr/bin/tar: ../../../../../usr/local/lib/android/sdk/platforms/android-36-ext19/data/res/values-mcc310-mnc280-cs: Cannot change mode to rwxr-xr-x: Operation not permitted
build	Cache Android SDK	2026-06-06T12:22:49.3151539Z /usr/bin/tar: ../../../../../usr/local/lib/android/sdk/platforms/android-36-ext19/data/res/values-mcc310-mnc310-da: Cannot utime: Operation not permitted
build	Cache Android SDK	2026-06-06T12:22:49.3152015Z /usr/bin/tar: ../../../../../usr/local/lib/android/sdk/platforms/android-36-ext19/data/res/values-mcc310-mnc310-da: Cannot change mode to rwxr-xr-x: Operation not permitted
build	Cache Android SDK	2026-06-06T12:22:49.3155515Z /usr/bin/tar: ../../../../../usr/local/lib/android/sdk/platforms/android-36-ext19/data/res/values-mcc450-mnc08: Cannot utime: Operation not permitted
build	Cache Android SDK	2026-06-06T12:22:49.3156037Z /usr/bin/tar: ../../../../../usr/local/lib/android/sdk/platforms/android-36-ext19/data/res/values-mcc450-mnc08: Cannot change mode to rwxr-xr-x: Operation not permitted
build	Cache Android SDK	2026-06-06T12:22:49.3158544Z /usr/bin/tar: ../../../../../usr/local/lib/android/sdk/platforms/android-36-ext19/data/res/values-mcc302-mnc370-es: Cannot utime: Operation not permitted
build	Cache Android SDK	2026-06-06T12:22:49.3159009Z /usr/bin/tar: ../../../../../usr/local/lib/android/sdk/platforms/android-36-ext19/data/res/values-mcc302-mnc370-es: Cannot change mode to rwxr-xr-x: Operation not permitted
build	Cache Android SDK	2026-06-06T12:22:49.3162059Z /usr/bin/tar: ../../../../../usr/local/lib/android/sdk/platforms/android-36-ext19/data/res/values-mcc310-mnc490-nb: Cannot utime: Operation not permitted
build	Cache Android SDK	2026-06-06T12:22:49.3162529Z /usr/bin/tar: ../../../../../usr/local/lib/android/sdk/platforms/android-36-ext19/data/res/values-mcc310-mnc490-nb: Cannot change mode to rwxr-xr-x: Operation not permitted
build	Cache Android SDK	2026-06-06T12:22:49.3166022Z /usr/bin/tar: ../../../../../usr/local/lib/android/sdk/platforms/android-36-ext19/data/res/values-mcc310-mnc170-hy: Cannot utime: Operation not permitted
build	Cache Android SDK	2026-06-06T12:22:49.3166489Z /usr/bin/tar: ../../../../../usr/local/lib/android/sdk/platforms/android-36-ext19/data/res/values-mcc310-mnc170-hy: Cannot change mode to rwxr-xr-x: Operation not permitted
build	Cache Android SDK	2026-06-06T12:22:49.3171434Z /usr/bin/tar: ../../../../../usr/local/lib/android/sdk/platforms/android-36-ext19/data/res/values-mcc310-mnc230-km: Cannot utime: Operation not permitted
build	Cache Android SDK	2026-06-06T12:22:49.3171963Z /usr/bin/tar: ../../../../../usr/local/lib/android/sdk/platforms/android-36-ext19/data/res/values-mcc310-mnc230-km: Cannot change mode to rwxr-xr-x: Operation not permitted
build	Cache Android SDK	2026-06-06T12:22:49.3178116Z /usr/bin/tar: ../../../../../usr/local/lib/android/sdk/platforms/android-36-ext19/data/res/values-mcc310-mnc490-km: Cannot utime: Operation not permitted
build	Cache Android SDK	2026-06-06T12:22:49.3178606Z /usr/bin/tar: ../../../../../usr/local/lib/android/sdk/platforms/android-36-ext19/data/res/values-mcc310-mnc490-km: Cannot change mode to rwxr-xr-x: Operation not permitted
build	Cache Android SDK	2026-06-06T12:22:49.3182504Z /usr/bin/tar: ../../../../../usr/local/lib/android/sdk/platforms/android-36-ext19/data/res/values-mcc310-mnc280-sl: Cannot utime: Operation not permitted
build	Cache Android SDK	2026-06-06T12:22:49.3182967Z /usr/bin/tar: ../../../../../usr/local/lib/android/sdk/platforms/android-36-ext19/data/res/values-mcc310-mnc280-sl: Cannot change mode to rwxr-xr-x: Operation not permitted
build	Cache Android SDK	2026-06-06T12:22:49.3186705Z /usr/bin/tar: ../../../../../usr/local/lib/android/sdk/platforms/android-36-ext19/data/res/values-en-rGB-watch: Cannot utime: Operation not permitted
build	Cache Android SDK	2026-06-06T12:22:49.3187168Z /usr/bin/tar: ../../../../../usr/local/lib/android/sdk/platforms/android-36-ext19/data/res/values-en-rGB-watch: Cannot change mode to rwxr-xr-x: Operation not permitted
build	Cache Android SDK	2026-06-06T12:22:49.3191276Z /usr/bin/tar: ../../../../../usr/local/lib/android/sdk/platforms/android-36-ext19/data/res/values-mcc302-mnc720-ky: Cannot utime: Operation not permitted
build	Cache Android SDK	2026-06-06T12:22:49.3191747Z /usr/bin/tar: ../../../../../usr/local/lib/android/sdk/platforms/android-36-ext19/data/res/values-mcc302-mnc720-ky: Cannot change mode to rwxr-xr-x: Operation not permitted
build	Cache Android SDK	2026-06-06T12:22:49.3195475Z /usr/bin/tar: ../../../../../usr/local/lib/android/sdk/platforms/android-36-ext19/data/res/values-sv-watch: Cannot utime: Operation not permitted
build	Cache Android SDK	2026-06-06T12:22:49.3195928Z /usr/bin/tar: ../../../../../usr/local/lib/android/sdk/platforms/android-36-ext19/data/res/values-sv-watch: Cannot change mode to rwxr-xr-x: Operation not permitted
build	Cache Android SDK	2026-06-06T12:22:49.3202178Z /usr/bin/tar: ../../../../../usr/local/lib/android/sdk/platforms/android-36-ext19/data/res/values-mcc204-mnc04: Cannot utime: Operation not permitted
build	Cache Android SDK	2026-06-06T12:22:49.3202781Z /usr/bin/tar: ../../../../../usr/local/lib/android/sdk/platforms/android-36-ext19/data/res/values-mcc204-mnc04: Cannot change mode to rwxr-xr-x: Operation not permitted
build	Cache Android SDK	2026-06-06T12:22:49.3206155Z /usr/bin/tar: ../../../../../usr/local/lib/android/sdk/platforms/android-36-ext19/data/res/values-mcc310-mnc410-fi: Cannot utime: Operation not permitted
build	Cache Android SDK	2026-06-06T12:22:49.3206630Z /usr/bin/tar: ../../../../../usr/local/lib/android/sdk/platforms/android-36-ext19/data/res/values-mcc310-mnc410-fi: Cannot change mode to rwxr-xr-x: Operation not permitted
build	Cache Android SDK	2026-06-06T12:22:49.3210829Z /usr/bin/tar: ../../../../../usr/local/lib/android/sdk/platforms/android-36-ext19/data/res/values-mcc310-mnc800-be: Cannot utime: Operation not permitted
build	Cache Android SDK	2026-06-06T12:22:49.3211308Z /usr/bin/tar: ../../../../../usr/local/lib/android/sdk/platforms/android-36-ext19/data/res/values-mcc310-mnc800-be: Cannot change mode to rwxr-xr-x: Operation not permitted
build	Cache Android SDK	2026-06-06T12:22:49.3215732Z /usr/bin/tar: ../../../../../usr/local/lib/android/sdk/platforms/android-36-ext19/data/res/raw-iw: Cannot utime: Operation not permitted
build	Cache Android SDK	2026-06-06T12:22:49.3216540Z /usr/bin/tar: ../../../../../usr/local/lib/android/sdk/platforms/android-36-ext19/data/res/raw-iw: Cannot change mode to rwxr-xr-x: Operation not permitted
build	Cache Android SDK	2026-06-06T12:22:49.3219502Z /usr/bin/tar: ../../../../../usr/local/lib/android/sdk/platforms/android-36-ext19/data/res/values-mcc312-mnc670-mn: Cannot utime: Operation not permitted
build	Cache Android SDK	2026-06-06T12:22:49.3219994Z /usr/bin/tar: ../../../../../usr/local/lib/android/sdk/platforms/android-36-ext19/data/res/values-mcc312-mnc670-mn: Cannot change mode to rwxr-xr-x: Operation not permitted
build	Cache Android SDK	2026-06-06T12:22:49.3223629Z /usr/bin/tar: ../../../../../usr/local/lib/android/sdk/platforms/android-36-ext19/data/res/values-mcc310-mnc240-gl: Cannot utime: Operation not permitted
build	Cache Android SDK	2026-06-06T12:22:49.3224107Z /usr/bin/tar: ../../../../../usr/local/lib/android/sdk/platforms/android-36-ext19/data/res/values-mcc310-mnc240-gl: Cannot change mode to rwxr-xr-x: Operation not permitted
build	Cache Android SDK	2026-06-06T12:22:49.3229189Z /usr/bin/tar: ../../../../../usr/local/lib/android/sdk/platforms/android-36-ext19/data/res/values-mcc310-mnc270-gl: Cannot utime: Operation not permitted
build	Cache Android SDK	2026-06-06T12:22:49.3229783Z /usr/bin/tar: ../../../../../usr/local/lib/android/sdk/platforms/android-36-ext19/data/res/values-mcc310-mnc270-gl: Cannot change mode to rwxr-xr-x: Operation not permitted
build	Cache Android SDK	2026-06-06T12:22:49.3232679Z /usr/bin/tar: ../../../../../usr/local/lib/android/sdk/platforms/android-36-ext19/data/res/values-es-rUS-masculine: Cannot utime: Operation not permitted
build	Cache Android SDK	2026-06-06T12:22:49.3233155Z /usr/bin/tar: ../../../../../usr/local/lib/android/sdk/platforms/android-36-ext19/data/res/values-es-rUS-masculine: Cannot change mode to rwxr-xr-x: Operation not permitted
build	Cache Android SDK	2026-06-06T12:22:49.3236086Z /usr/bin/tar: ../../../../../usr/local/lib/android/sdk/platforms/android-36-ext19/data/res/values-mcc310-mnc380-ru: Cannot utime: Operation not permitted
build	Cache Android SDK	2026-06-06T12:22:49.3236557Z /usr/bin/tar: ../../../../../usr/local/lib/android/sdk/platforms/android-36-ext19/data/res/values-mcc310-mnc380-ru: Cannot change mode to rwxr-xr-x: Operation not permitted
build	Cache Android SDK	2026-06-06T12:22:49.3240450Z /usr/bin/tar: ../../../../../usr/local/lib/android/sdk/platforms/android-36-ext19/data/res/values-mcc001-mnc01-fr-rCA: Cannot utime: Operation not permitted
build	Cache Android SDK	2026-06-06T12:22:49.3240939Z /usr/bin/tar: ../../../../../usr/local/lib/android/sdk/platforms/android-36-ext19/data/res/values-mcc001-mnc01-fr-rCA: Cannot change mode to rwxr-xr-x: Operation not permitted
build	Cache Android SDK	2026-06-06T12:22:49.3243844Z /usr/bin/tar: ../../../../../usr/local/lib/android/sdk/platforms/android-36-ext19/data/res/values-zu-television: Cannot utime: Operation not permitted
build	Cache Android SDK	2026-06-06T12:22:49.3244322Z /usr/bin/tar: ../../../../../usr/local/lib/android/sdk/platforms/android-36-ext19/data/res/values-zu-television: Cannot change mode to rwxr-xr-x: Operation not permitted
build	Cache Android SDK	2026-06-06T12:22:49.3247843Z /usr/bin/tar: ../../../../../usr/local/lib/android/sdk/platforms/android-36-ext19/data/res/values-mcc310-mnc240-pl: Cannot utime: Operation not permitted
build	Cache Android SDK	2026-06-06T12:22:49.3248398Z /usr/bin/tar: ../../../../../usr/local/lib/android/sdk/platforms/android-36-ext19/data/res/values-mcc310-mnc240-pl: Cannot change mode to rwxr-xr-x: Operation not permitted
build	Cache Android SDK	2026-06-06T12:22:49.3251089Z /usr/bin/tar: ../../../../../usr/local/lib/android/sdk/platforms/android-36-ext19/data/res/values-mcc334-mnc020-lo: Cannot utime: Operation not permitted
build	Cache Android SDK	2026-06-06T12:22:49.3251557Z /usr/bin/tar: ../../../../../usr/local/lib/android/sdk/platforms/android-36-ext19/data/res/values-mcc334-mnc020-lo: Cannot change mode to rwxr-xr-x: Operation not permitted
build	Cache Android SDK	2026-06-06T12:22:49.3254527Z /usr/bin/tar: ../../../../../usr/local/lib/android/sdk/platforms/android-36-ext19/data/res/values-mcc310-mnc240-nb: Cannot utime: Operation not permitted
build	Cache Android SDK	2026-06-06T12:22:49.3255006Z /usr/bin/tar: ../../../../../usr/local/lib/android/sdk/platforms/android-36-ext19/data/res/values-mcc310-mnc240-nb: Cannot change mode to rwxr-xr-x: Operation not permitted
build	Cache Android SDK	2026-06-06T12:22:49.3257913Z /usr/bin/tar: ../../../../../usr/local/lib/android/sdk/platforms/android-36-ext19/data/res/values-mcc310-mnc240-fa: Cannot utime: Operation not permitted
build	Cache Android SDK	2026-06-06T12:22:49.3258475Z /usr/bin/tar: ../../../../../usr/local/lib/android/sdk/platforms/android-36-ext19/data/res/values-mcc310-mnc240-fa: Cannot change mode to rwxr-xr-x: Operation not permitted
build	Cache Android SDK	2026-06-06T12:22:49.3261043Z /usr/bin/tar: ../../../../../usr/local/lib/android/sdk/platforms/android-36-ext19/data/res/values-pl-rPL: Cannot utime: Operation not permitted
build	Cache Android SDK	2026-06-06T12:22:49.3261492Z /usr/bin/tar: ../../../../../usr/local/lib/android/sdk/platforms/android-36-ext19/data/res/values-pl-rPL: Cannot change mode to rwxr-xr-x: Operation not permitted
build	Cache Android SDK	2026-06-06T12:22:49.3264171Z /usr/bin/tar: ../../../../../usr/local/lib/android/sdk/platforms/android-36-ext19/data/res/values-mcc310-mnc660-mr: Cannot utime: Operation not permitted
build	Cache Android SDK	2026-06-06T12:22:49.3264639Z /usr/bin/tar: ../../../../../usr/local/lib/android/sdk/platforms/android-36-ext19/data/res/values-mcc310-mnc660-mr: Cannot change mode to rwxr-xr-x: Operation not permitted
build	Cache Android SDK	2026-06-06T12:22:49.3267268Z /usr/bin/tar: ../../../../../usr/local/lib/android/sdk/platforms/android-36-ext19/data/res/values-mcc310-mnc270-bn: Cannot utime: Operation not permitted
build	Cache Android SDK	2026-06-06T12:22:49.3267961Z /usr/bin/tar: ../../../../../usr/local/lib/android/sdk/platforms/android-36-ext19/data/res/values-mcc310-mnc270-bn: Cannot change mode to rwxr-xr-x: Operation not permitted
build	Cache Android SDK	2026-06-06T12:22:49.3270116Z /usr/bin/tar: ../../../../../usr/local/lib/android/sdk/platforms/android-36-ext19/data/res/values-mcc310-mnc660-mk: Cannot utime: Operation not permitted
build	Cache Android SDK	2026-06-06T12:22:49.3270578Z /usr/bin/tar: ../../../../../usr/local/lib/android/sdk/platforms/android-36-ext19/data/res/values-mcc310-mnc660-mk: Cannot change mode to rwxr-xr-x: Operation not permitted
build	Cache Android SDK	2026-06-06T12:22:49.3276605Z /usr/bin/tar: ../../../../../usr/local/lib/android/sdk/platforms/android-36-ext19/data/res/values-mcc310-mnc160-et: Cannot utime: Operation not permitted
build	Cache Android SDK	2026-06-06T12:22:49.3277253Z /usr/bin/tar: ../../../../../usr/local/lib/android/sdk/platforms/android-36-ext19/data/res/values-mcc310-mnc160-et: Cannot change mode to rwxr-xr-x: Operation not permitted
build	Cache Android SDK	2026-06-06T12:22:49.3279776Z /usr/bin/tar: ../../../../../usr/local/lib/android/sdk/platforms/android-36-ext19/data/res/values-fa-television: Cannot utime: Operation not permitted
build	Cache Android SDK	2026-06-06T12:22:49.3280238Z /usr/bin/tar: ../../../../../usr/local/lib/android/sdk/platforms/android-36-ext19/data/res/values-fa-television: Cannot change mode to rwxr-xr-x: Operation not permitted
build	Cache Android SDK	2026-06-06T12:22:49.3283292Z /usr/bin/tar: ../../../../../usr/local/lib/android/sdk/platforms/android-36-ext19/data/res/values-mcc310-mnc560-hi: Cannot utime: Operation not permitted
build	Cache Android SDK	2026-06-06T12:22:49.3283878Z /usr/bin/tar: ../../../../../usr/local/lib/android/sdk/platforms/android-36-ext19/data/res/values-mcc310-mnc560-hi: Cannot change mode to rwxr-xr-x: Operation not permitted
build	Cache Android SDK	2026-06-06T12:22:49.3287856Z /usr/bin/tar: ../../../../../usr/local/lib/android/sdk/platforms/android-36-ext19/data/res/raw-en-rGB: Cannot utime: Operation not permitted
build	Cache Android SDK	2026-06-06T12:22:49.3288374Z /usr/bin/tar: ../../../../../usr/local/lib/android/sdk/platforms/android-36-ext19/data/res/raw-en-rGB: Cannot change mode to rwxr-xr-x: Operation not permitted
build	Cache Android SDK	2026-06-06T12:22:49.3291166Z /usr/bin/tar: ../../../../../usr/local/lib/android/sdk/platforms/android-36-ext19/data/res/values-eu-watch: Cannot utime: Operation not permitted
build	Cache Android SDK	2026-06-06T12:22:49.3291619Z /usr/bin/tar: ../../../../../usr/local/lib/android/sdk/platforms/android-36-ext19/data/res/values-eu-watch: Cannot change mode to rwxr-xr-x: Operation not permitted
build	Cache Android SDK	2026-06-06T12:22:49.3296980Z /usr/bin/tar: ../../../../../usr/local/lib/android/sdk/platforms/android-36-ext19/data/res/values-mcc310-mnc660-ko: Cannot utime: Operation not permitted
build	Cache Android SDK	2026-06-06T12:22:49.3297995Z /usr/bin/tar: ../../../../../usr/local/lib/android/sdk/platforms/android-36-ext19/data/res/values-mcc310-mnc660-ko: Cannot change mode to rwxr-xr-x: Operation not permitted
build	Cache Android SDK	2026-06-06T12:22:49.3299887Z /usr/bin/tar: ../../../../../usr/local/lib/android/sdk/platforms/android-36-ext19/data/res/values-mcc311-mnc180-mn: Cannot utime: Operation not permitted
build	Cache Android SDK	2026-06-06T12:22:49.3300369Z /usr/bin/tar: ../../../../../usr/local/lib/android/sdk/platforms/android-36-ext19/data/res/values-mcc311-mnc180-mn: Cannot change mode to rwxr-xr-x: Operation not permitted
build	Cache Android SDK	2026-06-06T12:22:49.3303340Z /usr/bin/tar: ../../../../../usr/local/lib/android/sdk/platforms/android-36-ext19/data/res/values-mcc310-mnc240-ml: Cannot utime: Operation not permitted
build	Cache Android SDK	2026-06-06T12:22:49.3303935Z /usr/bin/tar: ../../../../../usr/local/lib/android/sdk/platforms/android-36-ext19/data/res/values-mcc310-mnc240-ml: Cannot change mode to rwxr-xr-x: Operation not permitted
build	Cache Android SDK	2026-06-06T12:22:49.3306482Z /usr/bin/tar: ../../../../../usr/local/lib/android/sdk/platforms/android-36-ext19/data/res/values-mcc310-mnc490-kk: Cannot utime: Operation not permitted
build	Cache Android SDK	2026-06-06T12:22:49.3306965Z /usr/bin/tar: ../../../../../usr/local/lib/android/sdk/platforms/android-36-ext19/data/res/values-mcc310-mnc490-kk: Cannot change mode to rwxr-xr-x: Operation not permitted
build	Cache Android SDK	2026-06-06T12:22:49.3310478Z /usr/bin/tar: ../../../../../usr/local/lib/android/sdk/platforms/android-36-ext19/data/res/values-mcc310-mnc240-bg: Cannot utime: Operation not permitted
build	Cache Android SDK	2026-06-06T12:22:49.3311386Z /usr/bin/tar: ../../../../../usr/local/lib/android/sdk/platforms/android-36-ext19/data/res/values-mcc310-mnc240-bg: Cannot change mode to rwxr-xr-x: Operation not permitted
build	Cache Android SDK	2026-06-06T12:22:49.3313642Z /usr/bin/tar: ../../../../../usr/local/lib/android/sdk/platforms/android-36-ext19/data/res/values-mcc310-mnc240-zu: Cannot utime: Operation not permitted
build	Cache Android SDK	2026-06-06T12:22:49.3314116Z /usr/bin/tar: ../../../../../usr/local/lib/android/sdk/platforms/android-36-ext19/data/res/values-mcc310-mnc240-zu: Cannot change mode to rwxr-xr-x: Operation not permitted
build	Cache Android SDK	2026-06-06T12:22:49.3316895Z /usr/bin/tar: ../../../../../usr/local/lib/android/sdk/platforms/android-36-ext19/data/res/values-mcc310-mnc410-tl: Cannot utime: Operation not permitted
build	Cache Android SDK	2026-06-06T12:22:49.3317620Z /usr/bin/tar: ../../../../../usr/local/lib/android/sdk/platforms/android-36-ext19/data/res/values-mcc310-mnc410-tl: Cannot change mode to rwxr-xr-x: Operation not permitted
build	Cache Android SDK	2026-06-06T12:22:49.3321359Z /usr/bin/tar: ../../../../../usr/local/lib/android/sdk/platforms/android-36-ext19/data/res/values-mcc310-mnc220-ky: Cannot utime: Operation not permitted
build	Cache Android SDK	2026-06-06T12:22:49.3321827Z /usr/bin/tar: ../../../../../usr/local/lib/android/sdk/platforms/android-36-ext19/data/res/values-mcc310-mnc220-ky: Cannot change mode to rwxr-xr-x: Operation not permitted
build	Cache Android SDK	2026-06-06T12:22:49.3325281Z /usr/bin/tar: ../../../../../usr/local/lib/android/sdk/platforms/android-36-ext19/data/res/values-mcc310-mnc560-or: Cannot utime: Operation not permitted
build	Cache Android SDK	2026-06-06T12:22:49.3325753Z /usr/bin/tar: ../../../../../usr/local/lib/android/sdk/platforms/android-36-ext19/data/res/values-mcc310-mnc560-or: Cannot change mode to rwxr-xr-x: Operation not permitted
build	Cache Android SDK	2026-06-06T12:22:49.3328929Z /usr/bin/tar: ../../../../../usr/local/lib/android/sdk/platforms/android-36-ext19/data/res/values-mcc302-mnc720-da: Cannot utime: Operation not permitted
build	Cache Android SDK	2026-06-06T12:22:49.3329387Z /usr/bin/tar: ../../../../../usr/local/lib/android/sdk/platforms/android-36-ext19/data/res/values-mcc302-mnc720-da: Cannot change mode to rwxr-xr-x: Operation not permitted
build	Cache Android SDK	2026-06-06T12:22:49.3332312Z /usr/bin/tar: ../../../../../usr/local/lib/android/sdk/platforms/android-36-ext19/data/res/values-mcc302-mnc720-pa: Cannot utime: Operation not permitted
build	Cache Android SDK	2026-06-06T12:22:49.3332774Z /usr/bin/tar: ../../../../../usr/local/lib/android/sdk/platforms/android-36-ext19/data/res/values-mcc302-mnc720-pa: Cannot change mode to rwxr-xr-x: Operation not permitted
build	Cache Android SDK	2026-06-06T12:22:49.3337513Z /usr/bin/tar: ../../../../../usr/local/lib/android/sdk/platforms/android-36-ext19/data/res/values-mcc334-mnc020-in: Cannot utime: Operation not permitted
build	Cache Android SDK	2026-06-06T12:22:49.3338005Z /usr/bin/tar: ../../../../../usr/local/lib/android/sdk/platforms/android-36-ext19/data/res/values-mcc334-mnc020-in: Cannot change mode to rwxr-xr-x: Operation not permitted
build	Cache Android SDK	2026-06-06T12:22:49.3340570Z /usr/bin/tar: ../../../../../usr/local/lib/android/sdk/platforms/android-36-ext19/data/res/values-mcc310-mnc490-fr-rCA: Cannot utime: Operation not permitted
build	Cache Android SDK	2026-06-06T12:22:49.3341044Z /usr/bin/tar: ../../../../../usr/local/lib/android/sdk/platforms/android-36-ext19/data/res/values-mcc310-mnc490-fr-rCA: Cannot change mode to rwxr-xr-x: Operation not permitted
build	Cache Android SDK	2026-06-06T12:22:49.3343854Z /usr/bin/tar: ../../../../../usr/local/lib/android/sdk/platforms/android-36-ext19/data/res/values-mcc312-mnc670-en-rAU: Cannot utime: Operation not permitted
build	Cache Android SDK	2026-06-06T12:22:49.3344344Z /usr/bin/tar: ../../../../../usr/local/lib/android/sdk/platforms/android-36-ext19/data/res/values-mcc312-mnc670-en-rAU: Cannot change mode to rwxr-xr-x: Operation not permitted
build	Cache Android SDK	2026-06-06T12:22:49.3352038Z /usr/bin/tar: ../../../../../usr/local/lib/android/sdk/platforms/android-36-ext19/data/res/values-mcc302-mnc370-et: Cannot utime: Operation not permitted
build	Cache Android SDK	2026-06-06T12:22:49.3352624Z /usr/bin/tar: ../../../../../usr/local/lib/android/sdk/platforms/android-36-ext19/data/res/values-mcc302-mnc370-et: Cannot change mode to rwxr-xr-x: Operation not permitted
build	Cache Android SDK	2026-06-06T12:22:49.3356266Z /usr/bin/tar: ../../../../../usr/local/lib/android/sdk/platforms/android-36-ext19/data/res/values-mcc313-mnc100-fr-rCA: Cannot utime: Operation not permitted
build	Cache Android SDK	2026-06-06T12:22:49.3357823Z /usr/bin/tar: ../../../../../usr/local/lib/android/sdk/platforms/android-36-ext19/data/res/values-mcc313-mnc100-fr-rCA: Cannot change mode to rwxr-xr-x: Operation not permitted
build	Cache Android SDK	2026-06-06T12:22:49.3359889Z /usr/bin/tar: ../../../../../usr/local/lib/android/sdk/platforms/android-36-ext19/data/res/values-mcc310-mnc150-en-rAU: Cannot utime: Operation not permitted
build	Cache Android SDK	2026-06-06T12:22:49.3360953Z /usr/bin/tar: ../../../../../usr/local/lib/android/sdk/platforms/android-36-ext19/data/res/values-mcc310-mnc150-en-rAU: Cannot change mode to rwxr-xr-x: Operation not permitted
build	Cache Android SDK	2026-06-06T12:22:49.3375070Z /usr/bin/tar: ../../../../../usr/local/lib/android/sdk/platforms/android-36-ext19/data/res/xml: Cannot utime: Operation not permitted
build	Cache Android SDK	2026-06-06T12:22:49.3376218Z /usr/bin/tar: ../../../../../usr/local/lib/android/sdk/platforms/android-36-ext19/data/res/xml: Cannot change mode to rwxr-xr-x: Operation not permitted
build	Cache Android SDK	2026-06-06T12:22:49.3377948Z /usr/bin/tar: ../../../../../usr/local/lib/android/sdk/platforms/android-36-ext19/data/res/values-mcc310-mnc800-sr: Cannot utime: Operation not permitted
build	Cache Android SDK	2026-06-06T12:22:49.3378936Z /usr/bin/tar: ../../../../../usr/local/lib/android/sdk/platforms/android-36-ext19/data/res/values-mcc310-mnc800-sr: Cannot change mode to rwxr-xr-x: Operation not permitted
build	Cache Android SDK	2026-06-06T12:22:49.3381885Z /usr/bin/tar: ../../../../../usr/local/lib/android/sdk/platforms/android-36-ext19/data/res/values-mcc310-mnc380-zh-rCN: Cannot utime: Operation not permitted
build	Cache Android SDK	2026-06-06T12:22:49.3382899Z /usr/bin/tar: ../../../../../usr/local/lib/android/sdk/platforms/android-36-ext19/data/res/values-mcc310-mnc380-zh-rCN: Cannot change mode to rwxr-xr-x: Operation not permitted
build	Cache Android SDK	2026-06-06T12:22:49.3384709Z /usr/bin/tar: ../../../../../usr/local/lib/android/sdk/platforms/android-36-ext19/data/res/values-mcc310-mnc950-ms: Cannot utime: Operation not permitted
build	Cache Android SDK	2026-06-06T12:22:49.3385676Z /usr/bin/tar: ../../../../../usr/local/lib/android/sdk/platforms/android-36-ext19/data/res/values-mcc310-mnc950-ms: Cannot change mode to rwxr-xr-x: Operation not permitted
build	Cache Android SDK	2026-06-06T12:22:49.3388225Z /usr/bin/tar: ../../../../../usr/local/lib/android/sdk/platforms/android-36-ext19/data/res/values-mcc310-mnc170-ms: Cannot utime: Operation not permitted
build	Cache Android SDK	2026-06-06T12:22:49.3389190Z /usr/bin/tar: ../../../../../usr/local/lib/android/sdk/platforms/android-36-ext19/data/res/values-mcc310-mnc170-ms: Cannot change mode to rwxr-xr-x: Operation not permitted
build	Cache Android SDK	2026-06-06T12:22:49.3391674Z /usr/bin/tar: ../../../../../usr/local/lib/android/sdk/platforms/android-36-ext19/data/res/values-mcc310-mnc230-sq: Cannot utime: Operation not permitted
build	Cache Android SDK	2026-06-06T12:22:49.3392724Z /usr/bin/tar: ../../../../../usr/local/lib/android/sdk/platforms/android-36-ext19/data/res/values-mcc310-mnc230-sq: Cannot change mode to rwxr-xr-x: Operation not permitted
build	Cache Android SDK	2026-06-06T12:22:49.3394686Z /usr/bin/tar: ../../../../../usr/local/lib/android/sdk/platforms/android-36-ext19/data/res/values-mcc334-mnc020-b+sr+Latn: Cannot utime: Operation not permitted
build	Cache Android SDK	2026-06-06T12:22:49.3395706Z /usr/bin/tar: ../../../../../usr/local/lib/android/sdk/platforms/android-36-ext19/data/res/values-mcc334-mnc020-b+sr+Latn: Cannot change mode to rwxr-xr-x: Operation not permitted
build	Cache Android SDK	2026-06-06T12:22:49.3398601Z /usr/bin/tar: ../../../../../usr/local/lib/android/sdk/platforms/android-36-ext19/data/res/values-mcc310-mnc800-pt: Cannot utime: Operation not permitted
build	Cache Android SDK	2026-06-06T12:22:49.3399657Z /usr/bin/tar: ../../../../../usr/local/lib/android/sdk/platforms/android-36-ext19/data/res/values-mcc310-mnc800-pt: Cannot change mode to rwxr-xr-x: Operation not permitted
build	Cache Android SDK	2026-06-06T12:22:49.3401302Z /usr/bin/tar: ../../../../../usr/local/lib/android/sdk/platforms/android-36-ext19/data/res/values-mcc310-mnc250-iw: Cannot utime: Operation not permitted
build	Cache Android SDK	2026-06-06T12:22:49.3402361Z /usr/bin/tar: ../../../../../usr/local/lib/android/sdk/platforms/android-36-ext19/data/res/values-mcc310-mnc250-iw: Cannot change mode to rwxr-xr-x: Operation not permitted
build	Cache Android SDK	2026-06-06T12:22:49.3405827Z /usr/bin/tar: ../../../../../usr/local/lib/android/sdk/platforms/android-36-ext19/data/res/mipmap-hdpi: Cannot utime: Operation not permitted
build	Cache Android SDK	2026-06-06T12:22:49.3406730Z /usr/bin/tar: ../../../../../usr/local/lib/android/sdk/platforms/android-36-ext19/data/res/mipmap-hdpi: Cannot change mode to rwxr-xr-x: Operation not permitted
build	Cache Android SDK	2026-06-06T12:22:49.3413573Z /usr/bin/tar: ../../../../../usr/local/lib/android/sdk/platforms/android-36-ext19/data/res/values-mcc310-mnc950-af: Cannot utime: Operation not permitted
build	Cache Android SDK	2026-06-06T12:22:49.3414637Z /usr/bin/tar: ../../../../../usr/local/lib/android/sdk/platforms/android-36-ext19/data/res/values-mcc310-mnc950-af: Cannot change mode to rwxr-xr-x: Operation not permitted
build	Cache Android SDK	2026-06-06T12:22:49.3418312Z /usr/bin/tar: ../../../../../usr/local/lib/android/sdk/platforms/android-36-ext19/data/res/values-mcc310-mnc210-kk: Cannot utime: Operation not permitted
build	Cache Android SDK	2026-06-06T12:22:49.3420093Z /usr/bin/tar: ../../../../../usr/local/lib/android/sdk/platforms/android-36-ext19/data/res/values-mcc310-mnc210-kk: Cannot change mode to rwxr-xr-x: Operation not permitted
build	Cache Android SDK	2026-06-06T12:22:49.3421605Z /usr/bin/tar: ../../../../../usr/local/lib/android/sdk/platforms/android-36-ext19/data/res/values-mcc302-mnc720-ne: Cannot utime: Operation not permitted
build	Cache Android SDK	2026-06-06T12:22:49.3422577Z /usr/bin/tar: ../../../../../usr/local/lib/android/sdk/platforms/android-36-ext19/data/res/values-mcc302-mnc720-ne: Cannot change mode to rwxr-xr-x: Operation not permitted
build	Cache Android SDK	2026-06-06T12:22:49.3429709Z /usr/bin/tar: ../../../../../usr/local/lib/android/sdk/platforms/android-36-ext19/data/res/values-mcc334-mnc020-th: Cannot utime: Operation not permitted
build	Cache Android SDK	2026-06-06T12:22:49.3430845Z /usr/bin/tar: ../../../../../usr/local/lib/android/sdk/platforms/android-36-ext19/data/res/values-mcc334-mnc020-th: Cannot change mode to rwxr-xr-x: Operation not permitted
build	Cache Android SDK	2026-06-06T12:22:49.3433271Z /usr/bin/tar: ../../../../../usr/local/lib/android/sdk/platforms/android-36-ext19/data/res/values-mcc310-mnc280-is: Cannot utime: Operation not permitted
build	Cache Android SDK	2026-06-06T12:22:49.3434233Z /usr/bin/tar: ../../../../../usr/local/lib/android/sdk/platforms/android-36-ext19/data/res/values-mcc310-mnc280-is: Cannot change mode to rwxr-xr-x: Operation not permitted
build	Cache Android SDK	2026-06-06T12:22:49.3436396Z /usr/bin/tar: ../../../../../usr/local/lib/android/sdk/platforms/android-36-ext19/data/res/values-mcc313-mnc100-be: Cannot utime: Operation not permitted
build	Cache Android SDK	2026-06-06T12:22:49.3437474Z /usr/bin/tar: ../../../../../usr/local/lib/android/sdk/platforms/android-36-ext19/data/res/values-mcc313-mnc100-be: Cannot change mode to rwxr-xr-x: Operation not permitted
build	Cache Android SDK	2026-06-06T12:22:49.3443363Z /usr/bin/tar: ../../../../../usr/local/lib/android/sdk/platforms/android-36-ext19/data/res/values-es-rUS: Cannot utime: Operation not permitted
build	Cache Android SDK	2026-06-06T12:22:49.3444390Z /usr/bin/tar: ../../../../../usr/local/lib/android/sdk/platforms/android-36-ext19/data/res/values-es-rUS: Cannot change mode to rwxr-xr-x: Operation not permitted
build	Cache Android SDK	2026-06-06T12:22:49.3447135Z /usr/bin/tar: ../../../../../usr/local/lib/android/sdk/platforms/android-36-ext19/data/res/values-mcc311-mnc180-te: Cannot utime: Operation not permitted
build	Cache Android SDK	2026-06-06T12:22:49.3448358Z /usr/bin/tar: ../../../../../usr/local/lib/android/sdk/platforms/android-36-ext19/data/res/values-mcc311-mnc180-te: Cannot change mode to rwxr-xr-x: Operation not permitted
build	Cache Android SDK	2026-06-06T12:22:49.3450965Z /usr/bin/tar: ../../../../../usr/local/lib/android/sdk/platforms/android-36-ext19/data/res/values-mcc310-mnc030-ko: Cannot utime: Operation not permitted
build	Cache Android SDK	2026-06-06T12:22:49.3451959Z /usr/bin/tar: ../../../../../usr/local/lib/android/sdk/platforms/android-36-ext19/data/res/values-mcc310-mnc030-ko: Cannot change mode to rwxr-xr-x: Operation not permitted
build	Cache Android SDK	2026-06-06T12:22:49.3454133Z /usr/bin/tar: ../../../../../usr/local/lib/android/sdk/platforms/android-36-ext19/data/res/values-da-television: Cannot utime: Operation not permitted
build	Cache Android SDK	2026-06-06T12:22:49.3455100Z /usr/bin/tar: ../../../../../usr/local/lib/android/sdk/platforms/android-36-ext19/data/res/values-da-television: Cannot change mode to rwxr-xr-x: Operation not permitted
build	Cache Android SDK	2026-06-06T12:22:49.3458222Z /usr/bin/tar: ../../../../../usr/local/lib/android/sdk/platforms/android-36-ext19/data/res/values-mcc310-mnc240-be: Cannot utime: Operation not permitted
build	Cache Android SDK	2026-06-06T12:22:49.3459368Z /usr/bin/tar: ../../../../../usr/local/lib/android/sdk/platforms/android-36-ext19/data/res/values-mcc310-mnc240-be: Cannot change mode to rwxr-xr-x: Operation not permitted
build	Cache Android SDK	2026-06-06T12:22:49.3461076Z /usr/bin/tar: ../../../../../usr/local/lib/android/sdk/platforms/android-36-ext19/data/res/values-mr-television: Cannot utime: Operation not permitted
build	Cache Android SDK	2026-06-06T12:22:49.3462200Z /usr/bin/tar: ../../../../../usr/local/lib/android/sdk/platforms/android-36-ext19/data/res/values-mr-television: Cannot change mode to rwxr-xr-x: Operation not permitted
build	Cache Android SDK	2026-06-06T12:22:49.3464816Z /usr/bin/tar: ../../../../../usr/local/lib/android/sdk/platforms/android-36-ext19/data/res/values-mcc310-mnc490-tl: Cannot utime: Operation not permitted
build	Cache Android SDK	2026-06-06T12:22:49.3465839Z /usr/bin/tar: ../../../../../usr/local/lib/android/sdk/platforms/android-36-ext19/data/res/values-mcc310-mnc490-tl: Cannot change mode to rwxr-xr-x: Operation not permitted
build	Cache Android SDK	2026-06-06T12:22:49.3467712Z /usr/bin/tar: ../../../../../usr/local/lib/android/sdk/platforms/android-36-ext19/data/res/values-mcc310-mnc240-cs: Cannot utime: Operation not permitted
build	Cache Android SDK	2026-06-06T12:22:49.3468680Z /usr/bin/tar: ../../../../../usr/local/lib/android/sdk/platforms/android-36-ext19/data/res/values-mcc310-mnc240-cs: Cannot change mode to rwxr-xr-x: Operation not permitted
build	Cache Android SDK	2026-06-06T12:22:49.3471129Z /usr/bin/tar: ../../../../../usr/local/lib/android/sdk/platforms/android-36-ext19/data/res/values-mcc310-mnc250-af: Cannot utime: Operation not permitted
build	Cache Android SDK	2026-06-06T12:22:49.3472104Z /usr/bin/tar: ../../../../../usr/local/lib/android/sdk/platforms/android-36-ext19/data/res/values-mcc310-mnc250-af: Cannot change mode to rwxr-xr-x: Operation not permitted
build	Cache Android SDK	2026-06-06T12:22:49.3474378Z /usr/bin/tar: ../../../../../usr/local/lib/android/sdk/platforms/android-36-ext19/data/res/values-xlarge: Cannot utime: Operation not permitted
build	Cache Android SDK	2026-06-06T12:22:49.3475323Z /usr/bin/tar: ../../../../../usr/local/lib/android/sdk/platforms/android-36-ext19/data/res/values-xlarge: Cannot change mode to rwxr-xr-x: Operation not permitted
build	Cache Android SDK	2026-06-06T12:22:49.3478223Z /usr/bin/tar: ../../../../../usr/local/lib/android/sdk/platforms/android-36-ext19/data/res/values-mcc302-mnc370-zh-rTW: Cannot utime: Operation not permitted
build	Cache Android SDK	2026-06-06T12:22:49.3479248Z /usr/bin/tar: ../../../../../usr/local/lib/android/sdk/platforms/android-36-ext19/data/res/values-mcc302-mnc370-zh-rTW: Cannot change mode to rwxr-xr-x: Operation not permitted
build	Cache Android SDK	2026-06-06T12:22:49.3482272Z /usr/bin/tar: ../../../../../usr/local/lib/android/sdk/platforms/android-36-ext19/data/res/values-mcc310-mnc410-ca: Cannot utime: Operation not permitted
build	Cache Android SDK	2026-06-06T12:22:49.3483278Z /usr/bin/tar: ../../../../../usr/local/lib/android/sdk/platforms/android-36-ext19/data/res/values-mcc310-mnc410-ca: Cannot change mode to rwxr-xr-x: Operation not permitted
build	Cache Android SDK	2026-06-06T12:22:49.3485343Z /usr/bin/tar: ../../../../../usr/local/lib/android/sdk/platforms/android-36-ext19/data/res/values-mcc310-mnc410-my: Cannot utime: Operation not permitted
build	Cache Android SDK	2026-06-06T12:22:49.3486327Z /usr/bin/tar: ../../../../../usr/local/lib/android/sdk/platforms/android-36-ext19/data/res/values-mcc310-mnc410-my: Cannot change mode to rwxr-xr-x: Operation not permitted
build	Cache Android SDK	2026-06-06T12:22:49.3489098Z /usr/bin/tar: ../../../../../usr/local/lib/android/sdk/platforms/android-36-ext19/data/res/values-mcc310-mnc160-lo: Cannot utime: Operation not permitted
build	Cache Android SDK	2026-06-06T12:22:49.3490095Z /usr/bin/tar: ../../../../../usr/local/lib/android/sdk/platforms/android-36-ext19/data/res/values-mcc310-mnc160-lo: Cannot change mode to rwxr-xr-x: Operation not permitted
build	Cache Android SDK	2026-06-06T12:22:49.3492947Z /usr/bin/tar: ../../../../../usr/local/lib/android/sdk/platforms/android-36-ext19/data/res/values-mcc310-mnc660-ka: Cannot utime: Operation not permitted
build	Cache Android SDK	2026-06-06T12:22:49.3493916Z /usr/bin/tar: ../../../../../usr/local/lib/android/sdk/platforms/android-36-ext19/data/res/values-mcc310-mnc660-ka: Cannot change mode to rwxr-xr-x: Operation not permitted
build	Cache Android SDK	2026-06-06T12:22:49.3496588Z /usr/bin/tar: ../../../../../usr/local/lib/android/sdk/platforms/android-36-ext19/data/res/values-mcc310-mnc170-lv: Cannot utime: Operation not permitted
build	Cache Android SDK	2026-06-06T12:22:49.3497809Z /usr/bin/tar: ../../../../../usr/local/lib/android/sdk/platforms/android-36-ext19/data/res/values-mcc310-mnc170-lv: Cannot change mode to rwxr-xr-x: Operation not permitted
build	Cache Android SDK	2026-06-06T12:22:49.3499497Z /usr/bin/tar: ../../../../../usr/local/lib/android/sdk/platforms/android-36-ext19/data/res/values-mcc505-mnc01: Cannot utime: Operation not permitted
build	Cache Android SDK	2026-06-06T12:22:49.3500447Z /usr/bin/tar: ../../../../../usr/local/lib/android/sdk/platforms/android-36-ext19/data/res/values-mcc505-mnc01: Cannot change mode to rwxr-xr-x: Operation not permitted
build	Cache Android SDK	2026-06-06T12:22:49.3502985Z /usr/bin/tar: ../../../../../usr/local/lib/android/sdk/platforms/android-36-ext19/data/res/values-mcc310-mnc560-ky: Cannot utime: Operation not permitted
build	Cache Android SDK	2026-06-06T12:22:49.3503947Z /usr/bin/tar: ../../../../../usr/local/lib/android/sdk/platforms/android-36-ext19/data/res/values-mcc310-mnc560-ky: Cannot change mode to rwxr-xr-x: Operation not permitted
build	Cache Android SDK	2026-06-06T12:22:49.3505855Z /usr/bin/tar: ../../../../../usr/local/lib/android/sdk/platforms/android-36-ext19/data/res/values-my-television: Cannot utime: Operation not permitted
build	Cache Android SDK	2026-06-06T12:22:49.3506823Z /usr/bin/tar: ../../../../../usr/local/lib/android/sdk/platforms/android-36-ext19/data/res/values-my-television: Cannot change mode to rwxr-xr-x: Operation not permitted
build	Cache Android SDK	2026-06-06T12:22:49.3509572Z /usr/bin/tar: ../../../../../usr/local/lib/android/sdk/platforms/android-36-ext19/data/res/values-mcc310-mnc160-km: Cannot utime: Operation not permitted
build	Cache Android SDK	2026-06-06T12:22:49.3510550Z /usr/bin/tar: ../../../../../usr/local/lib/android/sdk/platforms/android-36-ext19/data/res/values-mcc310-mnc160-km: Cannot change mode to rwxr-xr-x: Operation not permitted
build	Cache Android SDK	2026-06-06T12:22:49.3512513Z /usr/bin/tar: ../../../../../usr/local/lib/android/sdk/platforms/android-36-ext19/data/res/layout-port: Cannot utime: Operation not permitted
build	Cache Android SDK	2026-06-06T12:22:49.3513427Z /usr/bin/tar: ../../../../../usr/local/lib/android/sdk/platforms/android-36-ext19/data/res/layout-port: Cannot change mode to rwxr-xr-x: Operation not permitted
build	Cache Android SDK	2026-06-06T12:22:49.3516991Z /usr/bin/tar: ../../../../../usr/local/lib/android/sdk/platforms/android-36-ext19/data/res/values-mcc310-mnc030-gl: Cannot utime: Operation not permitted
build	Cache Android SDK	2026-06-06T12:22:49.3518230Z /usr/bin/tar: ../../../../../usr/local/lib/android/sdk/platforms/android-36-ext19/data/res/values-mcc310-mnc030-gl: Cannot change mode to rwxr-xr-x: Operation not permitted
build	Cache Android SDK	2026-06-06T12:22:49.3520141Z /usr/bin/tar: ../../../../../usr/local/lib/android/sdk/platforms/android-36-ext19/data/res/values-mcc310-mnc230-ar: Cannot utime: Operation not permitted
build	Cache Android SDK	2026-06-06T12:22:49.3521109Z /usr/bin/tar: ../../../../../usr/local/lib/android/sdk/platforms/android-36-ext19/data/res/values-mcc310-mnc230-ar: Cannot change mode to rwxr-xr-x: Operation not permitted
build	Cache Android SDK	2026-06-06T12:22:49.3524311Z /usr/bin/tar: ../../../../../usr/local/lib/android/sdk/platforms/android-36-ext19/data/res/values-mcc310-mnc230-kn: Cannot utime: Operation not permitted
build	Cache Android SDK	2026-06-06T12:22:49.3525289Z /usr/bin/tar: ../../../../../usr/local/lib/android/sdk/platforms/android-36-ext19/data/res/values-mcc310-mnc230-kn: Cannot change mode to rwxr-xr-x: Operation not permitted
build	Cache Android SDK	2026-06-06T12:22:49.3528129Z /usr/bin/tar: ../../../../../usr/local/lib/android/sdk/platforms/android-36-ext19/data/res/values-in-rID: Cannot utime: Operation not permitted
build	Cache Android SDK	2026-06-06T12:22:49.3529140Z /usr/bin/tar: ../../../../../usr/local/lib/android/sdk/platforms/android-36-ext19/data/res/values-in-rID: Cannot change mode to rwxr-xr-x: Operation not permitted
build	Cache Android SDK	2026-06-06T12:22:49.3531641Z /usr/bin/tar: ../../../../../usr/local/lib/android/sdk/platforms/android-36-ext19/data/res/values-mcc310-mnc210-si: Cannot utime: Operation not permitted
build	Cache Android SDK	2026-06-06T12:22:49.3532607Z /usr/bin/tar: ../../../../../usr/local/lib/android/sdk/platforms/android-36-ext19/data/res/values-mcc310-mnc210-si: Cannot change mode to rwxr-xr-x: Operation not permitted
build	Cache Android SDK	2026-06-06T12:22:49.3535262Z /usr/bin/tar: ../../../../../usr/local/lib/android/sdk/platforms/android-36-ext19/data/res/layout-large: Cannot utime: Operation not permitted
build	Cache Android SDK	2026-06-06T12:22:49.3536192Z /usr/bin/tar: ../../../../../usr/local/lib/android/sdk/platforms/android-36-ext19/data/res/layout-large: Cannot change mode to rwxr-xr-x: Operation not permitted
build	Cache Android SDK	2026-06-06T12:22:49.3538638Z /usr/bin/tar: ../../../../../usr/local/lib/android/sdk/platforms/android-36-ext19/data/res/values-mcc310-mnc150-or: Cannot utime: Operation not permitted
build	Cache Android SDK	2026-06-06T12:22:49.3539613Z /usr/bin/tar: ../../../../../usr/local/lib/android/sdk/platforms/android-36-ext19/data/res/values-mcc310-mnc150-or: Cannot change mode to rwxr-xr-x: Operation not permitted
build	Cache Android SDK	2026-06-06T12:22:49.3542526Z /usr/bin/tar: ../../../../../usr/local/lib/android/sdk/platforms/android-36-ext19/data/res/values-mcc310-mnc250-sv: Cannot utime: Operation not permitted
build	Cache Android SDK	2026-06-06T12:22:49.3543531Z /usr/bin/tar: ../../../../../usr/local/lib/android/sdk/platforms/android-36-ext19/data/res/values-mcc310-mnc250-sv: Cannot change mode to rwxr-xr-x: Operation not permitted
build	Cache Android SDK	2026-06-06T12:22:49.3545356Z /usr/bin/tar: ../../../../../usr/local/lib/android/sdk/platforms/android-36-ext19/data/res/values-mcc310-mnc270-pa: Cannot utime: Operation not permitted
build	Cache Android SDK	2026-06-06T12:22:49.3546420Z /usr/bin/tar: ../../../../../usr/local/lib/android/sdk/platforms/android-36-ext19/data/res/values-mcc310-mnc270-pa: Cannot change mode to rwxr-xr-x: Operation not permitted
build	Cache Android SDK	2026-06-06T12:22:49.3552652Z /usr/bin/tar: ../../../../../usr/local/lib/android/sdk/platforms/android-36-ext19/data/res/values-pl: Cannot utime: Operation not permitted
build	Cache Android SDK	2026-06-06T12:22:49.3553552Z /usr/bin/tar: ../../../../../usr/local/lib/android/sdk/platforms/android-36-ext19/data/res/values-pl: Cannot change mode to rwxr-xr-x: Operation not permitted
build	Cache Android SDK	2026-06-06T12:22:49.3556599Z /usr/bin/tar: ../../../../../usr/local/lib/android/sdk/platforms/android-36-ext19/data/res/values-mcc310-mnc490-ml: Cannot utime: Operation not permitted
build	Cache Android SDK	2026-06-06T12:22:49.3557781Z /usr/bin/tar: ../../../../../usr/local/lib/android/sdk/platforms/android-36-ext19/data/res/values-mcc310-mnc490-ml: Cannot change mode to rwxr-xr-x: Operation not permitted
build	Cache Android SDK	2026-06-06T12:22:49.3559499Z /usr/bin/tar: ../../../../../usr/local/lib/android/sdk/platforms/android-36-ext19/data/res/values-mcc310-mnc160-am: Cannot utime: Operation not permitted
build	Cache Android SDK	2026-06-06T12:22:49.3560732Z /usr/bin/tar: ../../../../../usr/local/lib/android/sdk/platforms/android-36-ext19/data/res/values-mcc310-mnc160-am: Cannot change mode to rwxr-xr-x: Operation not permitted
build	Cache Android SDK	2026-06-06T12:22:49.3563346Z /usr/bin/tar: ../../../../../usr/local/lib/android/sdk/platforms/android-36-ext19/data/res/values-mcc310-mnc170-es-rUS: Cannot utime: Operation not permitted
build	Cache Android SDK	2026-06-06T12:22:49.3564874Z /usr/bin/tar: ../../../../../usr/local/lib/android/sdk/platforms/android-36-ext19/data/res/values-mcc310-mnc170-es-rUS: Cannot change mode to rwxr-xr-x: Operation not permitted
build	Cache Android SDK	2026-06-06T12:22:49.3571048Z /usr/bin/tar: ../../../../../usr/local/lib/android/sdk/platforms/android-36-ext19/data/res/values-ca: Cannot utime: Operation not permitted
build	Cache Android SDK	2026-06-06T12:22:49.3572392Z /usr/bin/tar: ../../../../../usr/local/lib/android/sdk/platforms/android-36-ext19/data/res/values-ca: Cannot change mode to rwxr-xr-x: Operation not permitted
build	Cache Android SDK	2026-06-06T12:22:49.3575213Z /usr/bin/tar: ../../../../../usr/local/lib/android/sdk/platforms/android-36-ext19/data/res/values-mcc310-mnc210-am: Cannot utime: Operation not permitted
build	Cache Android SDK	2026-06-06T12:22:49.3576982Z /usr/bin/tar: ../../../../../usr/local/lib/android/sdk/platforms/android-36-ext19/data/res/values-mcc310-mnc210-am: Cannot change mode to rwxr-xr-x: Operation not permitted
build	Cache Android SDK	2026-06-06T12:22:49.3579196Z /usr/bin/tar: ../../../../../usr/local/lib/android/sdk/platforms/android-36-ext19/data/res/values-mcc310-mnc030-eu: Cannot utime: Operation not permitted
build	Cache Android SDK	2026-06-06T12:22:49.3580996Z /usr/bin/tar: ../../../../../usr/local/lib/android/sdk/platforms/android-36-ext19/data/res/values-mcc310-mnc030-eu: Cannot change mode to rwxr-xr-x: Operation not permitted
build	Cache Android SDK	2026-06-06T12:22:49.3582762Z /usr/bin/tar: ../../../../../usr/local/lib/android/sdk/platforms/android-36-ext19/data/res/values-mcc706-mnc04: Cannot utime: Operation not permitted
build	Cache Android SDK	2026-06-06T12:22:49.3584639Z /usr/bin/tar: ../../../../../usr/local/lib/android/sdk/platforms/android-36-ext19/data/res/values-mcc706-mnc04: Cannot change mode to rwxr-xr-x: Operation not permitted
build	Cache Android SDK	2026-06-06T12:22:49.3586362Z /usr/bin/tar: ../../../../../usr/local/lib/android/sdk/platforms/android-36-ext19/data/res/values-si-television: Cannot utime: Operation not permitted
build	Cache Android SDK	2026-06-06T12:22:49.3587708Z /usr/bin/tar: ../../../../../usr/local/lib/android/sdk/platforms/android-36-ext19/data/res/values-si-television: Cannot change mode to rwxr-xr-x: Operation not permitted
build	Cache Android SDK	2026-06-06T12:22:49.3591174Z /usr/bin/tar: ../../../../../usr/local/lib/android/sdk/platforms/android-36-ext19/data/res/values-mcc334-mnc020-sl: Cannot utime: Operation not permitted
build	Cache Android SDK	2026-06-06T12:22:49.3592173Z /usr/bin/tar: ../../../../../usr/local/lib/android/sdk/platforms/android-36-ext19/data/res/values-mcc334-mnc020-sl: Cannot change mode to rwxr-xr-x: Operation not permitted
build	Cache Android SDK	2026-06-06T12:22:49.3594687Z /usr/bin/tar: ../../../../../usr/local/lib/android/sdk/platforms/android-36-ext19/data/res/values-mcc310-mnc660-sv: Cannot utime: Operation not permitted
build	Cache Android SDK	2026-06-06T12:22:49.3595785Z /usr/bin/tar: ../../../../../usr/local/lib/android/sdk/platforms/android-36-ext19/data/res/values-mcc310-mnc660-sv: Cannot change mode to rwxr-xr-x: Operation not permitted
build	Cache Android SDK	2026-06-06T12:22:49.3597984Z /usr/bin/tar: ../../../../../usr/local/lib/android/sdk/platforms/android-36-ext19/data/res/values-mcc268-mnc03: Cannot utime: Operation not permitted
build	Cache Android SDK	2026-06-06T12:22:49.3598946Z /usr/bin/tar: ../../../../../usr/local/lib/android/sdk/platforms/android-36-ext19/data/res/values-mcc268-mnc03: Cannot change mode to rwxr-xr-x: Operation not permitted
build	Cache Android SDK	2026-06-06T12:22:49.3602211Z /usr/bin/tar: ../../../../../usr/local/lib/android/sdk/platforms/android-36-ext19/data/res/values-mcc310-mnc950-zh-rTW: Cannot utime: Operation not permitted
build	Cache Android SDK	2026-06-06T12:22:49.3603219Z /usr/bin/tar: ../../../../../usr/local/lib/android/sdk/platforms/android-36-ext19/data/res/values-mcc310-mnc950-zh-rTW: Cannot change mode to rwxr-xr-x: Operation not permitted
build	Cache Android SDK	2026-06-06T12:22:49.3605755Z /usr/bin/tar: ../../../../../usr/local/lib/android/sdk/platforms/android-36-ext19/data/res/values-mcc313-mnc100-sq: Cannot utime: Operation not permitted
build	Cache Android SDK	2026-06-06T12:22:49.3606729Z /usr/bin/tar: ../../../../../usr/local/lib/android/sdk/platforms/android-36-ext19/data/res/values-mcc313-mnc100-sq: Cannot change mode to rwxr-xr-x: Operation not permitted
build	Cache Android SDK	2026-06-06T12:22:49.3610219Z /usr/bin/tar: ../../../../../usr/local/lib/android/sdk/platforms/android-36-ext19/data/res/values-mcc334-mnc020-fr-feminine: Cannot utime: Operation not permitted
build	Cache Android SDK	2026-06-06T12:22:49.3611288Z /usr/bin/tar: ../../../../../usr/local/lib/android/sdk/platforms/android-36-ext19/data/res/values-mcc334-mnc020-fr-feminine: Cannot change mode to rwxr-xr-x: Operation not permitted
build	Cache Android SDK	2026-06-06T12:22:49.3614214Z /usr/bin/tar: ../../../../../usr/local/lib/android/sdk/platforms/android-36-ext19/data/res/values-mcc310-mnc280-tr: Cannot utime: Operation not permitted
build	Cache Android SDK	2026-06-06T12:22:49.3615214Z /usr/bin/tar: ../../../../../usr/local/lib/android/sdk/platforms/android-36-ext19/data/res/values-mcc310-mnc280-tr: Cannot change mode to rwxr-xr-x: Operation not permitted
build	Cache Android SDK	2026-06-06T12:22:49.3618855Z /usr/bin/tar: ../../../../../usr/local/lib/android/sdk/platforms/android-36-ext19/data/res/values-mcc302-mnc370-fi: Cannot utime: Operation not permitted
build	Cache Android SDK	2026-06-06T12:22:49.3619822Z /usr/bin/tar: ../../../../../usr/local/lib/android/sdk/platforms/android-36-ext19/data/res/values-mcc302-mnc370-fi: Cannot change mode to rwxr-xr-x: Operation not permitted
build	Cache Android SDK	2026-06-06T12:22:49.3622617Z /usr/bin/tar: ../../../../../usr/local/lib/android/sdk/platforms/android-36-ext19/data/res/values-mcc310-mnc230-hi: Cannot utime: Operation not permitted
build	Cache Android SDK	2026-06-06T12:22:49.3623586Z /usr/bin/tar: ../../../../../usr/local/lib/android/sdk/platforms/android-36-ext19/data/res/values-mcc310-mnc230-hi: Cannot change mode to rwxr-xr-x: Operation not permitted
build	Cache Android SDK	2026-06-06T12:22:49.3633443Z /usr/bin/tar: ../../../../../usr/local/lib/android/sdk/platforms/android-36-ext19/data/res/values-az: Cannot utime: Operation not permitted
build	Cache Android SDK	2026-06-06T12:22:49.3634486Z /usr/bin/tar: ../../../../../usr/local/lib/android/sdk/platforms/android-36-ext19/data/res/values-az: Cannot change mode to rwxr-xr-x: Operation not permitted
build	Cache Android SDK	2026-06-06T12:22:49.3635868Z /usr/bin/tar: ../../../../../usr/local/lib/android/sdk/platforms/android-36-ext19/data/res/values-mcc310-mnc160-sr: Cannot utime: Operation not permitted
build	Cache Android SDK	2026-06-06T12:22:49.3636819Z /usr/bin/tar: ../../../../../usr/local/lib/android/sdk/platforms/android-36-ext19/data/res/values-mcc310-mnc160-sr: Cannot change mode to rwxr-xr-x: Operation not permitted
build	Cache Android SDK	2026-06-06T12:22:49.3639297Z /usr/bin/tar: ../../../../../usr/local/lib/android/sdk/platforms/android-36-ext19/data/res/values-mcc310-mnc250-vi: Cannot utime: Operation not permitted
build	Cache Android SDK	2026-06-06T12:22:49.3640252Z /usr/bin/tar: ../../../../../usr/local/lib/android/sdk/platforms/android-36-ext19/data/res/values-mcc310-mnc250-vi: Cannot change mode to rwxr-xr-x: Operation not permitted
build	Cache Android SDK	2026-06-06T12:22:49.3642691Z /usr/bin/tar: ../../../../../usr/local/lib/android/sdk/platforms/android-36-ext19/data/res/values-mcc302-mnc720-zu: Cannot utime: Operation not permitted
build	Cache Android SDK	2026-06-06T12:22:49.3643637Z /usr/bin/tar: ../../../../../usr/local/lib/android/sdk/platforms/android-36-ext19/data/res/values-mcc302-mnc720-zu: Cannot change mode to rwxr-xr-x: Operation not permitted
build	Cache Android SDK	2026-06-06T12:22:49.3646350Z /usr/bin/tar: ../../../../../usr/local/lib/android/sdk/platforms/android-36-ext19/data/res/values-lt-television: Cannot utime: Operation not permitted
build	Cache Android SDK	2026-06-06T12:22:49.3647338Z /usr/bin/tar: ../../../../../usr/local/lib/android/sdk/platforms/android-36-ext19/data/res/values-lt-television: Cannot change mode to rwxr-xr-x: Operation not permitted
build	Cache Android SDK	2026-06-06T12:22:49.3649977Z /usr/bin/tar: ../../../../../usr/local/lib/android/sdk/platforms/android-36-ext19/data/res/values-mcc313-mnc100-pt: Cannot utime: Operation not permitted
build	Cache Android SDK	2026-06-06T12:22:49.3650944Z /usr/bin/tar: ../../../../../usr/local/lib/android/sdk/platforms/android-36-ext19/data/res/values-mcc313-mnc100-pt: Cannot change mode to rwxr-xr-x: Operation not permitted
build	Cache Android SDK	2026-06-06T12:22:49.3653783Z /usr/bin/tar: ../../../../../usr/local/lib/android/sdk/platforms/android-36-ext19/data/res/values-mcc310-mnc660-km: Cannot utime: Operation not permitted
build	Cache Android SDK	2026-06-06T12:22:49.3654757Z /usr/bin/tar: ../../../../../usr/local/lib/android/sdk/platforms/android-36-ext19/data/res/values-mcc310-mnc660-km: Cannot change mode to rwxr-xr-x: Operation not permitted
build	Cache Android SDK	2026-06-06T12:22:49.3656806Z /usr/bin/tar: ../../../../../usr/local/lib/android/sdk/platforms/android-36-ext19/data/res/values-en-rXC-watch: Cannot utime: Operation not permitted
build	Cache Android SDK	2026-06-06T12:22:49.3657949Z /usr/bin/tar: ../../../../../usr/local/lib/android/sdk/platforms/android-36-ext19/data/res/values-en-rXC-watch: Cannot change mode to rwxr-xr-x: Operation not permitted
build	Cache Android SDK	2026-06-06T12:22:49.3663706Z /usr/bin/tar: ../../../../../usr/local/lib/android/sdk/platforms/android-36-ext19/data/res/values-mcc310-mnc310-pa: Cannot utime: Operation not permitted
build	Cache Android SDK	2026-06-06T12:22:49.3664685Z /usr/bin/tar: ../../../../../usr/local/lib/android/sdk/platforms/android-36-ext19/data/res/values-mcc310-mnc310-pa: Cannot change mode to rwxr-xr-x: Operation not permitted
build	Cache Android SDK	2026-06-06T12:22:49.3668086Z /usr/bin/tar: ../../../../../usr/local/lib/android/sdk/platforms/android-36-ext19/data/res/values-mcc312-mnc670-hy: Cannot utime: Operation not permitted
build	Cache Android SDK	2026-06-06T12:22:49.3669042Z /usr/bin/tar: ../../../../../usr/local/lib/android/sdk/platforms/android-36-ext19/data/res/values-mcc312-mnc670-hy: Cannot change mode to rwxr-xr-x: Operation not permitted
build	Cache Android SDK	2026-06-06T12:22:49.3673310Z /usr/bin/tar: ../../../../../usr/local/lib/android/sdk/platforms/android-36-ext19/data/res/values-mcc310-mnc220-ms: Cannot utime: Operation not permitted
build	Cache Android SDK	2026-06-06T12:22:49.3674267Z /usr/bin/tar: ../../../../../usr/local/lib/android/sdk/platforms/android-36-ext19/data/res/values-mcc310-mnc220-ms: Cannot change mode to rwxr-xr-x: Operation not permitted
build	Cache Android SDK	2026-06-06T12:22:49.3676316Z /usr/bin/tar: ../../../../../usr/local/lib/android/sdk/platforms/android-36-ext19/data/res/values-mcc302-mnc370-ko: Cannot utime: Operation not permitted
build	Cache Android SDK	2026-06-06T12:22:49.3677279Z /usr/bin/tar: ../../../../../usr/local/lib/android/sdk/platforms/android-36-ext19/data/res/values-mcc302-mnc370-ko: Cannot change mode to rwxr-xr-x: Operation not permitted
build	Cache Android SDK	2026-06-06T12:22:49.3680082Z /usr/bin/tar: ../../../../../usr/local/lib/android/sdk/platforms/android-36-ext19/data/res/values-mcc302-mnc720-my: Cannot utime: Operation not permitted
build	Cache Android SDK	2026-06-06T12:22:49.3681048Z /usr/bin/tar: ../../../../../usr/local/lib/android/sdk/platforms/android-36-ext19/data/res/values-mcc302-mnc720-my: Cannot change mode to rwxr-xr-x: Operation not permitted
build	Cache Android SDK	2026-06-06T12:22:49.3688205Z /usr/bin/tar: ../../../../../usr/local/lib/android/sdk/platforms/android-36-ext19/data/res/values-gu: Cannot utime: Operation not permitted
build	Cache Android SDK	2026-06-06T12:22:49.3689938Z /usr/bin/tar: ../../../../../usr/local/lib/android/sdk/platforms/android-36-ext19/data/res/values-gu: Cannot change mode to rwxr-xr-x: Operation not permitted
build	Cache Android SDK	2026-06-06T12:22:49.3691923Z /usr/bin/tar: ../../../../../usr/local/lib/android/sdk/platforms/android-36-ext19/data/res/values-mcc310-mnc270-in: Cannot utime: Operation not permitted
build	Cache Android SDK	2026-06-06T12:22:49.3692971Z /usr/bin/tar: ../../../../../usr/local/lib/android/sdk/platforms/android-36-ext19/data/res/values-mcc310-mnc270-in: Cannot change mode to rwxr-xr-x: Operation not permitted
build	Cache Android SDK	2026-06-06T12:22:49.3695582Z /usr/bin/tar: ../../../../../usr/local/lib/android/sdk/platforms/android-36-ext19/data/res/values-pa-watch: Cannot utime: Operation not permitted
build	Cache Android SDK	2026-06-06T12:22:49.3696520Z /usr/bin/tar: ../../../../../usr/local/lib/android/sdk/platforms/android-36-ext19/data/res/values-pa-watch: Cannot change mode to rwxr-xr-x: Operation not permitted
build	Cache Android SDK	2026-06-06T12:22:49.3699853Z /usr/bin/tar: ../../../../../usr/local/lib/android/sdk/platforms/android-36-ext19/data/res/values-mcc310-mnc170-ca: Cannot utime: Operation not permitted
build	Cache Android SDK	2026-06-06T12:22:49.3700946Z /usr/bin/tar: ../../../../../usr/local/lib/android/sdk/platforms/android-36-ext19/data/res/values-mcc310-mnc170-ca: Cannot change mode to rwxr-xr-x: Operation not permitted
build	Cache Android SDK	2026-06-06T12:22:49.3704029Z /usr/bin/tar: ../../../../../usr/local/lib/android/sdk/platforms/android-36-ext19/data/res/values-mcc310-mnc280-el: Cannot utime: Operation not permitted
build	Cache Android SDK	2026-06-06T12:22:49.3704984Z /usr/bin/tar: ../../../../../usr/local/lib/android/sdk/platforms/android-36-ext19/data/res/values-mcc310-mnc280-el: Cannot change mode to rwxr-xr-x: Operation not permitted
build	Cache Android SDK	2026-06-06T12:22:49.3707739Z /usr/bin/tar: ../../../../../usr/local/lib/android/sdk/platforms/android-36-ext19/data/res/values-mcc310-mnc310-km: Cannot utime: Operation not permitted
build	Cache Android SDK	2026-06-06T12:22:49.3708686Z /usr/bin/tar: ../../../../../usr/local/lib/android/sdk/platforms/android-36-ext19/data/res/values-mcc310-mnc310-km: Cannot change mode to rwxr-xr-x: Operation not permitted
build	Cache Android SDK	2026-06-06T12:22:49.3715134Z /usr/bin/tar: ../../../../../usr/local/lib/android/sdk/platforms/android-36-ext19/data/res/values-mcc302-mnc720-lt: Cannot utime: Operation not permitted
build	Cache Android SDK	2026-06-06T12:22:49.3716225Z /usr/bin/tar: ../../../../../usr/local/lib/android/sdk/platforms/android-36-ext19/data/res/values-mcc302-mnc720-lt: Cannot change mode to rwxr-xr-x: Operation not permitted
build	Cache Android SDK	2026-06-06T12:22:49.3718099Z /usr/bin/tar: ../../../../../usr/local/lib/android/sdk/platforms/android-36-ext19/data/res/values-mcc310-mnc230-en-rGB: Cannot utime: Operation not permitted
build	Cache Android SDK	2026-06-06T12:22:49.3719095Z /usr/bin/tar: ../../../../../usr/local/lib/android/sdk/platforms/android-36-ext19/data/res/values-mcc310-mnc230-en-rGB: Cannot change mode to rwxr-xr-x: Operation not permitted
build	Cache Android SDK	2026-06-06T12:22:49.3721360Z /usr/bin/tar: ../../../../../usr/local/lib/android/sdk/platforms/android-36-ext19/data/res/values-mcc310-mnc150-sv: Cannot utime: Operation not permitted
build	Cache Android SDK	2026-06-06T12:22:49.3722318Z /usr/bin/tar: ../../../../../usr/local/lib/android/sdk/platforms/android-36-ext19/data/res/values-mcc310-mnc150-sv: Cannot change mode to rwxr-xr-x: Operation not permitted
build	Cache Android SDK	2026-06-06T12:22:49.3724915Z /usr/bin/tar: ../../../../../usr/local/lib/android/sdk/platforms/android-36-ext19/data/res/mipmap-xhdpi: Cannot utime: Operation not permitted
build	Cache Android SDK	2026-06-06T12:22:49.3725824Z /usr/bin/tar: ../../../../../usr/local/lib/android/sdk/platforms/android-36-ext19/data/res/mipmap-xhdpi: Cannot change mode to rwxr-xr-x: Operation not permitted
build	Cache Android SDK	2026-06-06T12:22:49.3728186Z /usr/bin/tar: ../../../../../usr/local/lib/android/sdk/platforms/android-36-ext19/data/res/values-mcc310-mnc310-in: Cannot utime: Operation not permitted
build	Cache Android SDK	2026-06-06T12:22:49.3729145Z /usr/bin/tar: ../../../../../usr/local/lib/android/sdk/platforms/android-36-ext19/data/res/values-mcc310-mnc310-in: Cannot change mode to rwxr-xr-x: Operation not permitted
build	Cache Android SDK	2026-06-06T12:22:49.3731852Z /usr/bin/tar: ../../../../../usr/local/lib/android/sdk/platforms/android-36-ext19/data/res/values-mcc310-mnc950-pt-rBR: Cannot utime: Operation not permitted
build	Cache Android SDK	2026-06-06T12:22:49.3732932Z /usr/bin/tar: ../../../../../usr/local/lib/android/sdk/platforms/android-36-ext19/data/res/values-mcc310-mnc950-pt-rBR: Cannot change mode to rwxr-xr-x: Operation not permitted
build	Cache Android SDK	2026-06-06T12:22:49.3736137Z /usr/bin/tar: ../../../../../usr/local/lib/android/sdk/platforms/android-36-ext19/data/res/values-mn-television: Cannot utime: Operation not permitted
build	Cache Android SDK	2026-06-06T12:22:49.3737090Z /usr/bin/tar: ../../../../../usr/local/lib/android/sdk/platforms/android-36-ext19/data/res/values-mn-television: Cannot change mode to rwxr-xr-x: Operation not permitted
build	Cache Android SDK	2026-06-06T12:22:49.3742759Z /usr/bin/tar: ../../../../../usr/local/lib/android/sdk/platforms/android-36-ext19/data/res/values-it: Cannot utime: Operation not permitted
build	Cache Android SDK	2026-06-06T12:22:49.3744189Z /usr/bin/tar: ../../../../../usr/local/lib/android/sdk/platforms/android-36-ext19/data/res/values-it: Cannot change mode to rwxr-xr-x: Operation not permitted
build	Cache Android SDK	2026-06-06T12:22:49.3746401Z /usr/bin/tar: ../../../../../usr/local/lib/android/sdk/platforms/android-36-ext19/data/res/values-mcc310-mnc200-km: Cannot utime: Operation not permitted
build	Cache Android SDK	2026-06-06T12:22:49.3747761Z /usr/bin/tar: ../../../../../usr/local/lib/android/sdk/platforms/android-36-ext19/data/res/values-mcc310-mnc200-km: Cannot change mode to rwxr-xr-x: Operation not permitted
build	Cache Android SDK	2026-06-06T12:22:49.3751852Z /usr/bin/tar: ../../../../../usr/local/lib/android/sdk/platforms/android-36-ext19/data/res/values-mcc311-mnc180-af: Cannot utime: Operation not permitted
build	Cache Android SDK	2026-06-06T12:22:49.3752801Z /usr/bin/tar: ../../../../../usr/local/lib/android/sdk/platforms/android-36-ext19/data/res/values-mcc311-mnc180-af: Cannot change mode to rwxr-xr-x: Operation not permitted
build	Cache Android SDK	2026-06-06T12:22:49.3755595Z /usr/bin/tar: ../../../../../usr/local/lib/android/sdk/platforms/android-36-ext19/data/res/values-mcc310-mnc210: Cannot utime: Operation not permitted
build	Cache Android SDK	2026-06-06T12:22:49.3756525Z /usr/bin/tar: ../../../../../usr/local/lib/android/sdk/platforms/android-36-ext19/data/res/values-mcc310-mnc210: Cannot change mode to rwxr-xr-x: Operation not permitted
build	Cache Android SDK	2026-06-06T12:22:49.3759388Z /usr/bin/tar: ../../../../../usr/local/lib/android/sdk/platforms/android-36-ext19/data/res/values-mcc310-mnc030-hu: Cannot utime: Operation not permitted
build	Cache Android SDK	2026-06-06T12:22:49.3760584Z /usr/bin/tar: ../../../../../usr/local/lib/android/sdk/platforms/android-36-ext19/data/res/values-mcc310-mnc030-hu: Cannot change mode to rwxr-xr-x: Operation not permitted
build	Cache Android SDK	2026-06-06T12:22:49.3765966Z /usr/bin/tar: ../../../../../usr/local/lib/android/sdk/platforms/android-36-ext19/data/res/values-tl: Cannot utime: Operation not permitted
build	Cache Android SDK	2026-06-06T12:22:49.3767734Z /usr/bin/tar: ../../../../../usr/local/lib/android/sdk/platforms/android-36-ext19/data/res/values-tl: Cannot change mode to rwxr-xr-x: Operation not permitted
build	Cache Android SDK	2026-06-06T12:22:49.3769890Z /usr/bin/tar: ../../../../../usr/local/lib/android/sdk/platforms/android-36-ext19/data/res/values-fr-watch: Cannot utime: Operation not permitted
build	Cache Android SDK	2026-06-06T12:22:49.3770969Z /usr/bin/tar: ../../../../../usr/local/lib/android/sdk/platforms/android-36-ext19/data/res/values-fr-watch: Cannot change mode to rwxr-xr-x: Operation not permitted
build	Cache Android SDK	2026-06-06T12:22:49.3773227Z /usr/bin/tar: ../../../../../usr/local/lib/android/sdk/platforms/android-36-ext19/data/res/values-mcc310-mnc030-en-rGB: Cannot utime: Operation not permitted
build	Cache Android SDK	2026-06-06T12:22:49.3774421Z /usr/bin/tar: ../../../../../usr/local/lib/android/sdk/platforms/android-36-ext19/data/res/values-mcc310-mnc030-en-rGB: Cannot change mode to rwxr-xr-x: Operation not permitted
build	Cache Android SDK	2026-06-06T12:22:49.3777233Z /usr/bin/tar: ../../../../../usr/local/lib/android/sdk/platforms/android-36-ext19/data/res/values-mcc302-mnc720-mk: Cannot utime: Operation not permitted
build	Cache Android SDK	2026-06-06T12:22:49.3778567Z /usr/bin/tar: ../../../../../usr/local/lib/android/sdk/platforms/android-36-ext19/data/res/values-mcc302-mnc720-mk: Cannot change mode to rwxr-xr-x: Operation not permitted
build	Cache Android SDK	2026-06-06T12:22:49.3781027Z /usr/bin/tar: ../../../../../usr/local/lib/android/sdk/platforms/android-36-ext19/data/res/values-mcc310-mnc800-hu: Cannot utime: Operation not permitted
build	Cache Android SDK	2026-06-06T12:22:49.3782126Z /usr/bin/tar: ../../../../../usr/local/lib/android/sdk/platforms/android-36-ext19/data/res/values-mcc310-mnc800-hu: Cannot change mode to rwxr-xr-x: Operation not permitted
build	Cache Android SDK	2026-06-06T12:22:49.3785438Z /usr/bin/tar: ../../../../../usr/local/lib/android/sdk/platforms/android-36-ext19/data/res/values-mcc310-mnc250-hi: Cannot utime: Operation not permitted
build	Cache Android SDK	2026-06-06T12:22:49.3786398Z /usr/bin/tar: ../../../../../usr/local/lib/android/sdk/platforms/android-36-ext19/data/res/values-mcc310-mnc250-hi: Cannot change mode to rwxr-xr-x: Operation not permitted
build	Cache Android SDK	2026-06-06T12:22:49.3789309Z /usr/bin/tar: ../../../../../usr/local/lib/android/sdk/platforms/android-36-ext19/data/res/values-mcc310-mnc160-my: Cannot utime: Operation not permitted
build	Cache Android SDK	2026-06-06T12:22:49.3790285Z /usr/bin/tar: ../../../../../usr/local/lib/android/sdk/platforms/android-36-ext19/data/res/values-mcc310-mnc160-my: Cannot change mode to rwxr-xr-x: Operation not permitted
build	Cache Android SDK	2026-06-06T12:22:49.3793391Z /usr/bin/tar: ../../../../../usr/local/lib/android/sdk/platforms/android-36-ext19/data/res/values-mcc310-mnc410-mn: Cannot utime: Operation not permitted
build	Cache Android SDK	2026-06-06T12:22:49.3794472Z /usr/bin/tar: ../../../../../usr/local/lib/android/sdk/platforms/android-36-ext19/data/res/values-mcc310-mnc410-mn: Cannot change mode to rwxr-xr-x: Operation not permitted
build	Cache Android SDK	2026-06-06T12:22:49.3797223Z /usr/bin/tar: ../../../../../usr/local/lib/android/sdk/platforms/android-36-ext19/data/res/values-mcc310-mnc380-ur: Cannot utime: Operation not permitted
build	Cache Android SDK	2026-06-06T12:22:49.3798289Z /usr/bin/tar: ../../../../../usr/local/lib/android/sdk/platforms/android-36-ext19/data/res/values-mcc310-mnc380-ur: Cannot change mode to rwxr-xr-x: Operation not permitted
build	Cache Android SDK	2026-06-06T12:22:49.3802642Z /usr/bin/tar: ../../../../../usr/local/lib/android/sdk/platforms/android-36-ext19/data/res/values-mcc310-mnc150-ja: Cannot utime: Operation not permitted
build	Cache Android SDK	2026-06-06T12:22:49.3803628Z /usr/bin/tar: ../../../../../usr/local/lib/android/sdk/platforms/android-36-ext19/data/res/values-mcc310-mnc150-ja: Cannot change mode to rwxr-xr-x: Operation not permitted
build	Cache Android SDK	2026-06-06T12:22:49.3806979Z /usr/bin/tar: ../../../../../usr/local/lib/android/sdk/platforms/android-36-ext19/data/res/values-mcc310-mnc030-nl: Cannot utime: Operation not permitted
build	Cache Android SDK	2026-06-06T12:22:49.3808135Z /usr/bin/tar: ../../../../../usr/local/lib/android/sdk/platforms/android-36-ext19/data/res/values-mcc310-mnc030-nl: Cannot change mode to rwxr-xr-x: Operation not permitted
build	Cache Android SDK	2026-06-06T12:22:49.3810171Z /usr/bin/tar: ../../../../../usr/local/lib/android/sdk/platforms/android-36-ext19/data/res/values-mcc334-mnc020-ur: Cannot utime: Operation not permitted
build	Cache Android SDK	2026-06-06T12:22:49.3811207Z /usr/bin/tar: ../../../../../usr/local/lib/android/sdk/platforms/android-36-ext19/data/res/values-mcc334-mnc020-ur: Cannot change mode to rwxr-xr-x: Operation not permitted
build	Cache Android SDK	2026-06-06T12:22:49.3816978Z /usr/bin/tar: ../../../../../usr/local/lib/android/sdk/platforms/android-36-ext19/data/res/values-mcc001-mnc01-ky: Cannot utime: Operation not permitted
build	Cache Android SDK	2026-06-06T12:22:49.3818058Z /usr/bin/tar: ../../../../../usr/local/lib/android/sdk/platforms/android-36-ext19/data/res/values-mcc001-mnc01-ky: Cannot change mode to rwxr-xr-x: Operation not permitted
build	Cache Android SDK	2026-06-06T12:22:49.3821983Z /usr/bin/tar: ../../../../../usr/local/lib/android/sdk/platforms/android-36-ext19/data/res/values-mcc310-mnc250-it: Cannot utime: Operation not permitted
build	Cache Android SDK	2026-06-06T12:22:49.3822935Z /usr/bin/tar: ../../../../../usr/local/lib/android/sdk/platforms/android-36-ext19/data/res/values-mcc310-mnc250-it: Cannot change mode to rwxr-xr-x: Operation not permitted
build	Cache Android SDK	2026-06-06T12:22:49.3825272Z /usr/bin/tar: ../../../../../usr/local/lib/android/sdk/platforms/android-36-ext19/data/res/values-mcc310-mnc800-en-rAU: Cannot utime: Operation not permitted
build	Cache Android SDK	2026-06-06T12:22:49.3826274Z /usr/bin/tar: ../../../../../usr/local/lib/android/sdk/platforms/android-36-ext19/data/res/values-mcc310-mnc800-en-rAU: Cannot change mode to rwxr-xr-x: Operation not permitted
build	Cache Android SDK	2026-06-06T12:22:49.3831494Z /usr/bin/tar: ../../../../../usr/local/lib/android/sdk/platforms/android-36-ext19/data/res/values-mcc001: Cannot utime: Operation not permitted
build	Cache Android SDK	2026-06-06T12:22:49.3832414Z /usr/bin/tar: ../../../../../usr/local/lib/android/sdk/platforms/android-36-ext19/data/res/values-mcc001: Cannot change mode to rwxr-xr-x: Operation not permitted
build	Cache Android SDK	2026-06-06T12:22:49.3836625Z /usr/bin/tar: ../../../../../usr/local/lib/android/sdk/platforms/android-36-ext19/data/res/values-mcc310-mnc270-bg: Cannot utime: Operation not permitted
build	Cache Android SDK	2026-06-06T12:22:49.3837680Z /usr/bin/tar: ../../../../../usr/local/lib/android/sdk/platforms/android-36-ext19/data/res/values-mcc310-mnc270-bg: Cannot change mode to rwxr-xr-x: Operation not permitted
build	Cache Android SDK	2026-06-06T12:22:49.3844944Z /usr/bin/tar: ../../../../../usr/local/lib/android/sdk/platforms/android-36-ext19/data/res/values-xlarge-land: Cannot utime: Operation not permitted
build	Cache Android SDK	2026-06-06T12:22:49.3845892Z /usr/bin/tar: ../../../../../usr/local/lib/android/sdk/platforms/android-36-ext19/data/res/values-xlarge-land: Cannot change mode to rwxr-xr-x: Operation not permitted
build	Cache Android SDK	2026-06-06T12:22:49.3849603Z /usr/bin/tar: ../../../../../usr/local/lib/android/sdk/platforms/android-36-ext19/data/res/values-uk-watch: Cannot utime: Operation not permitted
build	Cache Android SDK	2026-06-06T12:22:49.3850511Z /usr/bin/tar: ../../../../../usr/local/lib/android/sdk/platforms/android-36-ext19/data/res/values-uk-watch: Cannot change mode to rwxr-xr-x: Operation not permitted
build	Cache Android SDK	2026-06-06T12:22:49.3853106Z /usr/bin/tar: ../../../../../usr/local/lib/android/sdk/platforms/android-36-ext19/data/res/values-mcc302-mnc720-sk: Cannot utime: Operation not permitted
build	Cache Android SDK	2026-06-06T12:22:49.3854081Z /usr/bin/tar: ../../../../../usr/local/lib/android/sdk/platforms/android-36-ext19/data/res/values-mcc302-mnc720-sk: Cannot change mode to rwxr-xr-x: Operation not permitted
build	Cache Android SDK	2026-06-06T12:22:49.3859904Z /usr/bin/tar: ../../../../../usr/local/lib/android/sdk/platforms/android-36-ext19/data/res/values-mcc310-mnc200-zh-rTW: Cannot utime: Operation not permitted
build	Cache Android SDK	2026-06-06T12:22:49.3860928Z /usr/bin/tar: ../../../../../usr/local/lib/android/sdk/platforms/android-36-ext19/data/res/values-mcc310-mnc200-zh-rTW: Cannot change mode to rwxr-xr-x: Operation not permitted
build	Cache Android SDK	2026-06-06T12:22:49.3863093Z /usr/bin/tar: ../../../../../usr/local/lib/android/sdk/platforms/android-36-ext19/data/res/values-mcc310-mnc410-si: Cannot utime: Operation not permitted
build	Cache Android SDK	2026-06-06T12:22:49.3864057Z /usr/bin/tar: ../../../../../usr/local/lib/android/sdk/platforms/android-36-ext19/data/res/values-mcc310-mnc410-si: Cannot change mode to rwxr-xr-x: Operation not permitted
build	Cache Android SDK	2026-06-06T12:22:49.3867037Z /usr/bin/tar: ../../../../../usr/local/lib/android/sdk/platforms/android-36-ext19/data/res/values-mcc310-mnc270-hu: Cannot utime: Operation not permitted
build	Cache Android SDK	2026-06-06T12:22:49.3868313Z /usr/bin/tar: ../../../../../usr/local/lib/android/sdk/platforms/android-36-ext19/data/res/values-mcc310-mnc270-hu: Cannot change mode to rwxr-xr-x: Operation not permitted
build	Cache Android SDK	2026-06-06T12:22:49.3871065Z /usr/bin/tar: ../../../../../usr/local/lib/android/sdk/platforms/android-36-ext19/data/res/values-mcc310-mnc800-pa: Cannot utime: Operation not permitted
build	Cache Android SDK	2026-06-06T12:22:49.3872048Z /usr/bin/tar: ../../../../../usr/local/lib/android/sdk/platforms/android-36-ext19/data/res/values-mcc310-mnc800-pa: Cannot change mode to rwxr-xr-x: Operation not permitted
build	Cache Android SDK	2026-06-06T12:22:49.3878965Z /usr/bin/tar: ../../../../../usr/local/lib/android/sdk/platforms/android-36-ext19/data/res/values-mn: Cannot utime: Operation not permitted
build	Cache Android SDK	2026-06-06T12:22:49.3879968Z /usr/bin/tar: ../../../../../usr/local/lib/android/sdk/platforms/android-36-ext19/data/res/values-mn: Cannot change mode to rwxr-xr-x: Operation not permitted
build	Cache Android SDK	2026-06-06T12:22:49.3882783Z /usr/bin/tar: ../../../../../usr/local/lib/android/sdk/platforms/android-36-ext19/data/res/values-lv-rLV: Cannot utime: Operation not permitted
build	Cache Android SDK	2026-06-06T12:22:49.3883757Z /usr/bin/tar: ../../../../../usr/local/lib/android/sdk/platforms/android-36-ext19/data/res/values-lv-rLV: Cannot change mode to rwxr-xr-x: Operation not permitted
build	Cache Android SDK	2026-06-06T12:22:49.3886099Z /usr/bin/tar: ../../../../../usr/local/lib/android/sdk/platforms/android-36-ext19/data/res/values-mcc313-mnc100-lt: Cannot utime: Operation not permitted
build	Cache Android SDK	2026-06-06T12:22:49.3887098Z /usr/bin/tar: ../../../../../usr/local/lib/android/sdk/platforms/android-36-ext19/data/res/values-mcc313-mnc100-lt: Cannot change mode to rwxr-xr-x: Operation not permitted
build	Cache Android SDK	2026-06-06T12:22:49.3891863Z /usr/bin/tar: ../../../../../usr/local/lib/android/sdk/platforms/android-36-ext19/data/res/raw-it: Cannot utime: Operation not permitted
build	Cache Android SDK	2026-06-06T12:22:49.3892729Z /usr/bin/tar: ../../../../../usr/local/lib/android/sdk/platforms/android-36-ext19/data/res/raw-it: Cannot change mode to rwxr-xr-x: Operation not permitted
build	Cache Android SDK	2026-06-06T12:22:49.3895108Z /usr/bin/tar: ../../../../../usr/local/lib/android/sdk/platforms/android-36-ext19/data/res/values-mcc312-mnc670-my: Cannot utime: Operation not permitted
build	Cache Android SDK	2026-06-06T12:22:49.3896090Z /usr/bin/tar: ../../../../../usr/local/lib/android/sdk/platforms/android-36-ext19/data/res/values-mcc312-mnc670-my: Cannot change mode to rwxr-xr-x: Operation not permitted
build	Cache Android SDK	2026-06-06T12:22:49.3899362Z /usr/bin/tar: ../../../../../usr/local/lib/android/sdk/platforms/android-36-ext19/data/res/values-sr-watch: Cannot utime: Operation not permitted
build	Cache Android SDK	2026-06-06T12:22:49.3900290Z /usr/bin/tar: ../../../../../usr/local/lib/android/sdk/platforms/android-36-ext19/data/res/values-sr-watch: Cannot change mode to rwxr-xr-x: Operation not permitted
build	Cache Android SDK	2026-06-06T12:22:49.3903159Z /usr/bin/tar: ../../../../../usr/local/lib/android/sdk/platforms/android-36-ext19/data/res/values-mcc310-mnc660-lv: Cannot utime: Operation not permitted
build	Cache Android SDK	2026-06-06T12:22:49.3904128Z /usr/bin/tar: ../../../../../usr/local/lib/android/sdk/platforms/android-36-ext19/data/res/values-mcc310-mnc660-lv: Cannot change mode to rwxr-xr-x: Operation not permitted
build	Cache Android SDK	2026-06-06T12:22:49.3906943Z /usr/bin/tar: ../../../../../usr/local/lib/android/sdk/platforms/android-36-ext19/data/res/values-mcc001-mnc01-en-rAU: Cannot utime: Operation not permitted
build	Cache Android SDK	2026-06-06T12:22:49.3908259Z /usr/bin/tar: ../../../../../usr/local/lib/android/sdk/platforms/android-36-ext19/data/res/values-mcc001-mnc01-en-rAU: Cannot change mode to rwxr-xr-x: Operation not permitted
build	Cache Android SDK	2026-06-06T12:22:49.3914689Z /usr/bin/tar: ../../../../../usr/local/lib/android/sdk/platforms/android-36-ext19/data/res/values-mcc310-mnc660-mn: Cannot utime: Operation not permitted
build	Cache Android SDK	2026-06-06T12:22:49.3915652Z /usr/bin/tar: ../../../../../usr/local/lib/android/sdk/platforms/android-36-ext19/data/res/values-mcc310-mnc660-mn: Cannot change mode to rwxr-xr-x: Operation not permitted
build	Cache Android SDK	2026-06-06T12:22:49.3918295Z /usr/bin/tar: ../../../../../usr/local/lib/android/sdk/platforms/android-36-ext19/data/res/values-mcc313-mnc100-pt-rPT: Cannot utime: Operation not permitted
build	Cache Android SDK	2026-06-06T12:22:49.3919306Z /usr/bin/tar: ../../../../../usr/local/lib/android/sdk/platforms/android-36-ext19/data/res/values-mcc313-mnc100-pt-rPT: Cannot change mode to rwxr-xr-x: Operation not permitted
build	Cache Android SDK	2026-06-06T12:22:49.3922361Z /usr/bin/tar: ../../../../../usr/local/lib/android/sdk/platforms/android-36-ext19/data/res/values-mcc302-mnc720-et: Cannot utime: Operation not permitted
build	Cache Android SDK	2026-06-06T12:22:49.3923344Z /usr/bin/tar: ../../../../../usr/local/lib/android/sdk/platforms/android-36-ext19/data/res/values-mcc302-mnc720-et: Cannot change mode to rwxr-xr-x: Operation not permitted
build	Cache Android SDK	2026-06-06T12:22:49.3926102Z /usr/bin/tar: ../../../../../usr/local/lib/android/sdk/platforms/android-36-ext19/data/res/values-mcc310-mnc410-zu: Cannot utime: Operation not permitted
build	Cache Android SDK	2026-06-06T12:22:49.3927301Z /usr/bin/tar: ../../../../../usr/local/lib/android/sdk/platforms/android-36-ext19/data/res/values-mcc310-mnc410-zu: Cannot change mode to rwxr-xr-x: Operation not permitted
build	Cache Android SDK	2026-06-06T12:22:49.3932483Z /usr/bin/tar: ../../../../../usr/local/lib/android/sdk/platforms/android-36-ext19/data/res/values-zu: Cannot utime: Operation not permitted
build	Cache Android SDK	2026-06-06T12:22:49.3933481Z /usr/bin/tar: ../../../../../usr/local/lib/android/sdk/platforms/android-36-ext19/data/res/values-zu: Cannot change mode to rwxr-xr-x: Operation not permitted
build	Cache Android SDK	2026-06-06T12:22:49.3936817Z /usr/bin/tar: ../../../../../usr/local/lib/android/sdk/platforms/android-36-ext19/data/res/values-mcc310-mnc150-mk: Cannot utime: Operation not permitted
build	Cache Android SDK	2026-06-06T12:22:49.3937988Z /usr/bin/tar: ../../../../../usr/local/lib/android/sdk/platforms/android-36-ext19/data/res/values-mcc310-mnc150-mk: Cannot change mode to rwxr-xr-x: Operation not permitted
build	Cache Android SDK	2026-06-06T12:22:49.3944787Z /usr/bin/tar: ../../../../../usr/local/lib/android/sdk/platforms/android-36-ext19/data/res/values-mcc310-mnc410-zh-rHK: Cannot utime: Operation not permitted
build	Cache Android SDK	2026-06-06T12:22:49.3945815Z /usr/bin/tar: ../../../../../usr/local/lib/android/sdk/platforms/android-36-ext19/data/res/values-mcc310-mnc410-zh-rHK: Cannot change mode to rwxr-xr-x: Operation not permitted
build	Cache Android SDK	2026-06-06T12:22:49.3949811Z /usr/bin/tar: ../../../../../usr/local/lib/android/sdk/platforms/android-36-ext19/data/res/values-mcc310-mnc280-tl: Cannot utime: Operation not permitted
build	Cache Android SDK	2026-06-06T12:22:49.3950947Z /usr/bin/tar: ../../../../../usr/local/lib/android/sdk/platforms/android-36-ext19/data/res/values-mcc310-mnc280-tl: Cannot change mode to rwxr-xr-x: Operation not permitted
build	Cache Android SDK	2026-06-06T12:22:49.3953667Z /usr/bin/tar: ../../../../../usr/local/lib/android/sdk/platforms/android-36-ext19/data/res/values-mcc310-mnc200-pt-rBR: Cannot utime: Operation not permitted
build	Cache Android SDK	2026-06-06T12:22:49.3954677Z /usr/bin/tar: ../../../../../usr/local/lib/android/sdk/platforms/android-36-ext19/data/res/values-mcc310-mnc200-pt-rBR: Cannot change mode to rwxr-xr-x: Operation not permitted
build	Cache Android SDK	2026-06-06T12:22:49.3958084Z /usr/bin/tar: ../../../../../usr/local/lib/android/sdk/platforms/android-36-ext19/data/res/values-mcc310-mnc410-en-rCA: Cannot utime: Operation not permitted
build	Cache Android SDK	2026-06-06T12:22:49.3959159Z /usr/bin/tar: ../../../../../usr/local/lib/android/sdk/platforms/android-36-ext19/data/res/values-mcc310-mnc410-en-rCA: Cannot change mode to rwxr-xr-x: Operation not permitted
build	Cache Android SDK	2026-06-06T12:22:49.3961697Z /usr/bin/tar: ../../../../../usr/local/lib/android/sdk/platforms/android-36-ext19/data/res/values-mcc310-mnc030-ro: Cannot utime: Operation not permitted
build	Cache Android SDK	2026-06-06T12:22:49.3962799Z /usr/bin/tar: ../../../../../usr/local/lib/android/sdk/platforms/android-36-ext19/data/res/values-mcc310-mnc030-ro: Cannot change mode to rwxr-xr-x: Operation not permitted
build	Cache Android SDK	2026-06-06T12:22:49.3965116Z /usr/bin/tar: ../../../../../usr/local/lib/android/sdk/platforms/android-36-ext19/data/res/values-mcc310-mnc380-ky: Cannot utime: Operation not permitted
build	Cache Android SDK	2026-06-06T12:22:49.3966111Z /usr/bin/tar: ../../../../../usr/local/lib/android/sdk/platforms/android-36-ext19/data/res/values-mcc310-mnc380-ky: Cannot change mode to rwxr-xr-x: Operation not permitted
build	Cache Android SDK	2026-06-06T12:22:49.3968904Z /usr/bin/tar: ../../../../../usr/local/lib/android/sdk/platforms/android-36-ext19/data/res/values-mcc310-mnc800-et: Cannot utime: Operation not permitted
build	Cache Android SDK	2026-06-06T12:22:49.3969984Z /usr/bin/tar: ../../../../../usr/local/lib/android/sdk/platforms/android-36-ext19/data/res/values-mcc310-mnc800-et: Cannot change mode to rwxr-xr-x: Operation not permitted
build	Cache Android SDK	2026-06-06T12:22:49.3976035Z /usr/bin/tar: ../../../../../usr/local/lib/android/sdk/platforms/android-36-ext19/data/res/values-be: Cannot utime: Operation not permitted
build	Cache Android SDK	2026-06-06T12:22:49.3977549Z /usr/bin/tar: ../../../../../usr/local/lib/android/sdk/platforms/android-36-ext19/data/res/values-be: Cannot change mode to rwxr-xr-x: Operation not permitted
build	Cache Android SDK	2026-06-06T12:22:49.3981110Z /usr/bin/tar: ../../../../../usr/local/lib/android/sdk/platforms/android-36-ext19/data/res/values-mcc310-mnc310-el: Cannot utime: Operation not permitted
build	Cache Android SDK	2026-06-06T12:22:49.3982244Z /usr/bin/tar: ../../../../../usr/local/lib/android/sdk/platforms/android-36-ext19/data/res/values-mcc310-mnc310-el: Cannot change mode to rwxr-xr-x: Operation not permitted
build	Cache Android SDK	2026-06-06T12:22:49.3984032Z /usr/bin/tar: ../../../../../usr/local/lib/android/sdk/platforms/android-36-ext19/data/res/values-mcc310-mnc490-ta: Cannot utime: Operation not permitted
build	Cache Android SDK	2026-06-06T12:22:49.3985132Z /usr/bin/tar: ../../../../../usr/local/lib/android/sdk/platforms/android-36-ext19/data/res/values-mcc310-mnc490-ta: Cannot change mode to rwxr-xr-x: Operation not permitted
build	Cache Android SDK	2026-06-06T12:22:49.3987515Z /usr/bin/tar: ../../../../../usr/local/lib/android/sdk/platforms/android-36-ext19/data/res/values-mcc310-mnc310-hu: Cannot utime: Operation not permitted
build	Cache Android SDK	2026-06-06T12:22:49.3988519Z /usr/bin/tar: ../../../../../usr/local/lib/android/sdk/platforms/android-36-ext19/data/res/values-mcc310-mnc310-hu: Cannot change mode to rwxr-xr-x: Operation not permitted
build	Cache Android SDK	2026-06-06T12:22:49.3990567Z /usr/bin/tar: ../../../../../usr/local/lib/android/sdk/platforms/android-36-ext19/data/res/values-mcc310-mnc800-ko: Cannot utime: Operation not permitted
build	Cache Android SDK	2026-06-06T12:22:49.3991558Z /usr/bin/tar: ../../../../../usr/local/lib/android/sdk/platforms/android-36-ext19/data/res/values-mcc310-mnc800-ko: Cannot change mode to rwxr-xr-x: Operation not permitted
build	Cache Android SDK	2026-06-06T12:22:49.3995235Z /usr/bin/tar: ../../../../../usr/local/lib/android/sdk/platforms/android-36-ext19/data/res/values-mcc311-mnc180-km: Cannot utime: Operation not permitted
build	Cache Android SDK	2026-06-06T12:22:49.3996222Z /usr/bin/tar: ../../../../../usr/local/lib/android/sdk/platforms/android-36-ext19/data/res/values-mcc311-mnc180-km: Cannot change mode to rwxr-xr-x: Operation not permitted
build	Cache Android SDK	2026-06-06T12:22:49.3998905Z /usr/bin/tar: ../../../../../usr/local/lib/android/sdk/platforms/android-36-ext19/data/res/values-mcc310-mnc660-az: Cannot utime: Operation not permitted
build	Cache Android SDK	2026-06-06T12:22:49.3999872Z /usr/bin/tar: ../../../../../usr/local/lib/android/sdk/platforms/android-36-ext19/data/res/values-mcc310-mnc660-az: Cannot change mode to rwxr-xr-x: Operation not permitted
build	Cache Android SDK	2026-06-06T12:22:49.4001844Z /usr/bin/tar: ../../../../../usr/local/lib/android/sdk/platforms/android-36-ext19/data/res/values-mcc310-mnc210-zh-rHK: Cannot utime: Operation not permitted
build	Cache Android SDK	2026-06-06T12:22:49.4002863Z /usr/bin/tar: ../../../../../usr/local/lib/android/sdk/platforms/android-36-ext19/data/res/values-mcc310-mnc210-zh-rHK: Cannot change mode to rwxr-xr-x: Operation not permitted
build	Cache Android SDK	2026-06-06T12:22:49.4006385Z /usr/bin/tar: ../../../../../usr/local/lib/android/sdk/platforms/android-36-ext19/data/res/values-ja-watch: Cannot utime: Operation not permitted
build	Cache Android SDK	2026-06-06T12:22:49.4007326Z /usr/bin/tar: ../../../../../usr/local/lib/android/sdk/platforms/android-36-ext19/data/res/values-ja-watch: Cannot change mode to rwxr-xr-x: Operation not permitted
build	Cache Android SDK	2026-06-06T12:22:49.4011020Z /usr/bin/tar: ../../../../../usr/local/lib/android/sdk/platforms/android-36-ext19/data/res/values-mcc312-mnc670-zh-rCN: Cannot utime: Operation not permitted
build	Cache Android SDK	2026-06-06T12:22:49.4012016Z /usr/bin/tar: ../../../../../usr/local/lib/android/sdk/platforms/android-36-ext19/data/res/values-mcc312-mnc670-zh-rCN: Cannot change mode to rwxr-xr-x: Operation not permitted
build	Cache Android SDK	2026-06-06T12:22:49.4014126Z /usr/bin/tar: ../../../../../usr/local/lib/android/sdk/platforms/android-36-ext19/data/res/values-mcc302-mnc370-en-rXC: Cannot utime: Operation not permitted
build	Cache Android SDK	2026-06-06T12:22:49.4015264Z /usr/bin/tar: ../../../../../usr/local/lib/android/sdk/platforms/android-36-ext19/data/res/values-mcc302-mnc370-en-rXC: Cannot change mode to rwxr-xr-x: Operation not permitted
build	Cache Android SDK	2026-06-06T12:22:49.4018294Z /usr/bin/tar: ../../../../../usr/local/lib/android/sdk/platforms/android-36-ext19/data/res/values-mcc310-mnc160-kn: Cannot utime: Operation not permitted
build	Cache Android SDK	2026-06-06T12:22:49.4019373Z /usr/bin/tar: ../../../../../usr/local/lib/android/sdk/platforms/android-36-ext19/data/res/values-mcc310-mnc160-kn: Cannot change mode to rwxr-xr-x: Operation not permitted
build	Cache Android SDK	2026-06-06T12:22:49.4021527Z /usr/bin/tar: ../../../../../usr/local/lib/android/sdk/platforms/android-36-ext19/data/res/values-mcc310-mnc170-th: Cannot utime: Operation not permitted
build	Cache Android SDK	2026-06-06T12:22:49.4022701Z /usr/bin/tar: ../../../../../usr/local/lib/android/sdk/platforms/android-36-ext19/data/res/values-mcc310-mnc170-th: Cannot change mode to rwxr-xr-x: Operation not permitted
build	Cache Android SDK	2026-06-06T12:22:49.4029071Z /usr/bin/tar: ../../../../../usr/local/lib/android/sdk/platforms/android-36-ext19/data/res/values-en-rCA: Cannot utime: Operation not permitted
build	Cache Android SDK	2026-06-06T12:22:49.4030016Z /usr/bin/tar: ../../../../../usr/local/lib/android/sdk/platforms/android-36-ext19/data/res/values-en-rCA: Cannot change mode to rwxr-xr-x: Operation not permitted
build	Cache Android SDK	2026-06-06T12:22:49.4032418Z /usr/bin/tar: ../../../../../usr/local/lib/android/sdk/platforms/android-36-ext19/data/res/values-mcc310-mnc490-vi: Cannot utime: Operation not permitted
build	Cache Android SDK	2026-06-06T12:22:49.4033415Z /usr/bin/tar: ../../../../../usr/local/lib/android/sdk/platforms/android-36-ext19/data/res/values-mcc310-mnc490-vi: Cannot change mode to rwxr-xr-x: Operation not permitted
build	Cache Android SDK	2026-06-06T12:22:49.4035868Z /usr/bin/tar: ../../../../../usr/local/lib/android/sdk/platforms/android-36-ext19/data/res/values-mcc310-mnc210-eu: Cannot utime: Operation not permitted
build	Cache Android SDK	2026-06-06T12:22:49.4036859Z /usr/bin/tar: ../../../../../usr/local/lib/android/sdk/platforms/android-36-ext19/data/res/values-mcc310-mnc210-eu: Cannot change mode to rwxr-xr-x: Operation not permitted
build	Cache Android SDK	2026-06-06T12:22:49.4039391Z /usr/bin/tar: ../../../../../usr/local/lib/android/sdk/platforms/android-36-ext19/data/res/values-mcc312-mnc670-si: Cannot utime: Operation not permitted
build	Cache Android SDK	2026-06-06T12:22:49.4040368Z /usr/bin/tar: ../../../../../usr/local/lib/android/sdk/platforms/android-36-ext19/data/res/values-mcc312-mnc670-si: Cannot change mode to rwxr-xr-x: Operation not permitted
build	Cache Android SDK	2026-06-06T12:22:49.4044447Z /usr/bin/tar: ../../../../../usr/local/lib/android/sdk/platforms/android-36-ext19/data/res/mipmap-mdpi: Cannot utime: Operation not permitted
build	Cache Android SDK	2026-06-06T12:22:49.4045396Z /usr/bin/tar: ../../../../../usr/local/lib/android/sdk/platforms/android-36-ext19/data/res/mipmap-mdpi: Cannot change mode to rwxr-xr-x: Operation not permitted
build	Cache Android SDK	2026-06-06T12:22:49.4049921Z /usr/bin/tar: ../../../../../usr/local/lib/android/sdk/platforms/android-36-ext19/data/res/values-mcc310-mnc170-is: Cannot utime: Operation not permitted
build	Cache Android SDK	2026-06-06T12:22:49.4050908Z /usr/bin/tar: ../../../../../usr/local/lib/android/sdk/platforms/android-36-ext19/data/res/values-mcc310-mnc170-is: Cannot change mode to rwxr-xr-x: Operation not permitted
build	Cache Android SDK	2026-06-06T12:22:49.4053515Z /usr/bin/tar: ../../../../../usr/local/lib/android/sdk/platforms/android-36-ext19/data/res/values-mcc310-mnc950-et: Cannot utime: Operation not permitted
build	Cache Android SDK	2026-06-06T12:22:49.4054479Z /usr/bin/tar: ../../../../../usr/local/lib/android/sdk/platforms/android-36-ext19/data/res/values-mcc310-mnc950-et: Cannot change mode to rwxr-xr-x: Operation not permitted
build	Cache Android SDK	2026-06-06T12:22:49.4057073Z /usr/bin/tar: ../../../../../usr/local/lib/android/sdk/platforms/android-36-ext19/data/res/values-mcc310-mnc200-gu: Cannot utime: Operation not permitted
build	Cache Android SDK	2026-06-06T12:22:49.4058305Z /usr/bin/tar: ../../../../../usr/local/lib/android/sdk/platforms/android-36-ext19/data/res/values-mcc310-mnc200-gu: Cannot change mode to rwxr-xr-x: Operation not permitted
build	Cache Android SDK	2026-06-06T12:22:49.4060055Z /usr/bin/tar: ../../../../../usr/local/lib/android/sdk/platforms/android-36-ext19/data/res/values-mcc313-mnc100-ar: Cannot utime: Operation not permitted
build	Cache Android SDK	2026-06-06T12:22:49.4061023Z /usr/bin/tar: ../../../../../usr/local/lib/android/sdk/platforms/android-36-ext19/data/res/values-mcc313-mnc100-ar: Cannot change mode to rwxr-xr-x: Operation not permitted
build	Cache Android SDK	2026-06-06T12:22:49.4064442Z /usr/bin/tar: ../../../../../usr/local/lib/android/sdk/platforms/android-36-ext19/data/res/values-mcc001-mnc01-nl: Cannot utime: Operation not permitted
build	Cache Android SDK	2026-06-06T12:22:49.4065445Z /usr/bin/tar: ../../../../../usr/local/lib/android/sdk/platforms/android-36-ext19/data/res/values-mcc001-mnc01-nl: Cannot change mode to rwxr-xr-x: Operation not permitted
build	Cache Android SDK	2026-06-06T12:22:49.4068339Z /usr/bin/tar: ../../../../../usr/local/lib/android/sdk/platforms/android-36-ext19/data/res/values-mcc310-mnc270-pt-rBR: Cannot utime: Operation not permitted
build	Cache Android SDK	2026-06-06T12:22:49.4069465Z /usr/bin/tar: ../../../../../usr/local/lib/android/sdk/platforms/android-36-ext19/data/res/values-mcc310-mnc270-pt-rBR: Cannot change mode to rwxr-xr-x: Operation not permitted
build	Cache Android SDK	2026-06-06T12:22:49.4072018Z /usr/bin/tar: ../../../../../usr/local/lib/android/sdk/platforms/android-36-ext19/data/res/values-mcc310-mnc410-nb: Cannot utime: Operation not permitted
build	Cache Android SDK	2026-06-06T12:22:49.4073279Z /usr/bin/tar: ../../../../../usr/local/lib/android/sdk/platforms/android-36-ext19/data/res/values-mcc310-mnc410-nb: Cannot change mode to rwxr-xr-x: Operation not permitted
build	Cache Android SDK	2026-06-06T12:22:49.4079031Z /usr/bin/tar: ../../../../../usr/local/lib/android/sdk/platforms/android-36-ext19/data/res/values-iw-television: Cannot utime: Operation not permitted
build	Cache Android SDK	2026-06-06T12:22:49.4080136Z /usr/bin/tar: ../../../../../usr/local/lib/android/sdk/platforms/android-36-ext19/data/res/values-iw-television: Cannot change mode to rwxr-xr-x: Operation not permitted
build	Cache Android SDK	2026-06-06T12:22:49.4081745Z /usr/bin/tar: ../../../../../usr/local/lib/android/sdk/platforms/android-36-ext19/data/res/values-mcc334-mnc020-da: Cannot utime: Operation not permitted
build	Cache Android SDK	2026-06-06T12:22:49.4082864Z /usr/bin/tar: ../../../../../usr/local/lib/android/sdk/platforms/android-36-ext19/data/res/values-mcc334-mnc020-da: Cannot change mode to rwxr-xr-x: Operation not permitted
build	Cache Android SDK	2026-06-06T12:22:49.4086715Z /usr/bin/tar: ../../../../../usr/local/lib/android/sdk/platforms/android-36-ext19/data/res/values-mcc001-mnc01-zh-rHK: Cannot utime: Operation not permitted
build	Cache Android SDK	2026-06-06T12:22:49.4087968Z /usr/bin/tar: ../../../../../usr/local/lib/android/sdk/platforms/android-36-ext19/data/res/values-mcc001-mnc01-zh-rHK: Cannot change mode to rwxr-xr-x: Operation not permitted
build	Cache Android SDK	2026-06-06T12:22:49.4089753Z /usr/bin/tar: ../../../../../usr/local/lib/android/sdk/platforms/android-36-ext19/data/res/values-mcc310-mnc270-ar: Cannot utime: Operation not permitted
build	Cache Android SDK	2026-06-06T12:22:49.4090718Z /usr/bin/tar: ../../../../../usr/local/lib/android/sdk/platforms/android-36-ext19/data/res/values-mcc310-mnc270-ar: Cannot change mode to rwxr-xr-x: Operation not permitted
build	Cache Android SDK	2026-06-06T12:22:49.4093491Z /usr/bin/tar: ../../../../../usr/local/lib/android/sdk/platforms/android-36-ext19/data/res/values-mcc001-mnc01-tr: Cannot utime: Operation not permitted
build	Cache Android SDK	2026-06-06T12:22:49.4094616Z /usr/bin/tar: ../../../../../usr/local/lib/android/sdk/platforms/android-36-ext19/data/res/values-mcc001-mnc01-tr: Cannot change mode to rwxr-xr-x: Operation not permitted
build	Cache Android SDK	2026-06-06T12:22:49.4096413Z /usr/bin/tar: ../../../../../usr/local/lib/android/sdk/platforms/android-36-ext19/data/res/values-mcc310-mnc030-mn: Cannot utime: Operation not permitted
build	Cache Android SDK	2026-06-06T12:22:49.4097807Z /usr/bin/tar: ../../../../../usr/local/lib/android/sdk/platforms/android-36-ext19/data/res/values-mcc310-mnc030-mn: Cannot change mode to rwxr-xr-x: Operation not permitted
build	Cache Android SDK	2026-06-06T12:22:49.4099989Z /usr/bin/tar: ../../../../../usr/local/lib/android/sdk/platforms/android-36-ext19/data/res/values-mcc302-mnc720-en-rXC: Cannot utime: Operation not permitted
build	Cache Android SDK	2026-06-06T12:22:49.4101085Z /usr/bin/tar: ../../../../../usr/local/lib/android/sdk/platforms/android-36-ext19/data/res/values-mcc302-mnc720-en-rXC: Cannot change mode to rwxr-xr-x: Operation not permitted
build	Cache Android SDK	2026-06-06T12:22:49.4103107Z /usr/bin/tar: ../../../../../usr/local/lib/android/sdk/platforms/android-36-ext19/data/res/values-mcc310-mnc160-nb: Cannot utime: Operation not permitted
build	Cache Android SDK	2026-06-06T12:22:49.4104175Z /usr/bin/tar: ../../../../../usr/local/lib/android/sdk/platforms/android-36-ext19/data/res/values-mcc310-mnc160-nb: Cannot change mode to rwxr-xr-x: Operation not permitted
build	Cache Android SDK	2026-06-06T12:22:49.4107052Z /usr/bin/tar: ../../../../../usr/local/lib/android/sdk/platforms/android-36-ext19/data/res/values-mcc310-mnc150-da: Cannot utime: Operation not permitted
build	Cache Android SDK	2026-06-06T12:22:49.4108343Z /usr/bin/tar: ../../../../../usr/local/lib/android/sdk/platforms/android-36-ext19/data/res/values-mcc310-mnc150-da: Cannot change mode to rwxr-xr-x: Operation not permitted
build	Cache Android SDK	2026-06-06T12:22:49.4114107Z /usr/bin/tar: ../../../../../usr/local/lib/android/sdk/platforms/android-36-ext19/data/res/values-mcc310-mnc800-en-rGB: Cannot utime: Operation not permitted
build	Cache Android SDK	2026-06-06T12:22:49.4115228Z /usr/bin/tar: ../../../../../usr/local/lib/android/sdk/platforms/android-36-ext19/data/res/values-mcc310-mnc800-en-rGB: Cannot change mode to rwxr-xr-x: Operation not permitted
build	Cache Android SDK	2026-06-06T12:22:49.4117810Z /usr/bin/tar: ../../../../../usr/local/lib/android/sdk/platforms/android-36-ext19/data/res/values-mcc310-mnc170-bn: Cannot utime: Operation not permitted
build	Cache Android SDK	2026-06-06T12:22:49.4118795Z /usr/bin/tar: ../../../../../usr/local/lib/android/sdk/platforms/android-36-ext19/data/res/values-mcc310-mnc170-bn: Cannot change mode to rwxr-xr-x: Operation not permitted
build	Cache Android SDK	2026-06-06T12:22:49.4121578Z /usr/bin/tar: ../../../../../usr/local/lib/android/sdk/platforms/android-36-ext19/data/res/values-mcc310-mnc150-zh-rHK: Cannot utime: Operation not permitted
build	Cache Android SDK	2026-06-06T12:22:49.4122579Z /usr/bin/tar: ../../../../../usr/local/lib/android/sdk/platforms/android-36-ext19/data/res/values-mcc310-mnc150-zh-rHK: Cannot change mode to rwxr-xr-x: Operation not permitted
build	Cache Android SDK	2026-06-06T12:22:49.4124901Z /usr/bin/tar: ../../../../../usr/local/lib/android/sdk/platforms/android-36-ext19/data/res/values-de-television: Cannot utime: Operation not permitted
build	Cache Android SDK	2026-06-06T12:22:49.4125858Z /usr/bin/tar: ../../../../../usr/local/lib/android/sdk/platforms/android-36-ext19/data/res/values-de-television: Cannot change mode to rwxr-xr-x: Operation not permitted
build	Cache Android SDK	2026-06-06T12:22:49.4128309Z /usr/bin/tar: ../../../../../usr/local/lib/android/sdk/platforms/android-36-ext19/data/res/values-mcc310-mnc230-da: Cannot utime: Operation not permitted
build	Cache Android SDK	2026-06-06T12:22:49.4129279Z /usr/bin/tar: ../../../../../usr/local/lib/android/sdk/platforms/android-36-ext19/data/res/values-mcc310-mnc230-da: Cannot change mode to rwxr-xr-x: Operation not permitted
build	Cache Android SDK	2026-06-06T12:22:49.4131831Z /usr/bin/tar: ../../../../../usr/local/lib/android/sdk/platforms/android-36-ext19/data/res/values-mcc302-mnc370-af: Cannot utime: Operation not permitted
build	Cache Android SDK	2026-06-06T12:22:49.4132817Z /usr/bin/tar: ../../../../../usr/local/lib/android/sdk/platforms/android-36-ext19/data/res/values-mcc302-mnc370-af: Cannot change mode to rwxr-xr-x: Operation not permitted
build	Cache Android SDK	2026-06-06T12:22:49.4135358Z /usr/bin/tar: ../../../../../usr/local/lib/android/sdk/platforms/android-36-ext19/data/res/values-mcc310-mnc800-th: Cannot utime: Operation not permitted
build	Cache Android SDK	2026-06-06T12:22:49.4136341Z /usr/bin/tar: ../../../../../usr/local/lib/android/sdk/platforms/android-36-ext19/data/res/values-mcc310-mnc800-th: Cannot change mode to rwxr-xr-x: Operation not permitted
build	Cache Android SDK	2026-06-06T12:22:49.4138756Z /usr/bin/tar: ../../../../../usr/local/lib/android/sdk/platforms/android-36-ext19/data/res/values-mcc310-mnc490-lo: Cannot utime: Operation not permitted
build	Cache Android SDK	2026-06-06T12:22:49.4139754Z /usr/bin/tar: ../../../../../usr/local/lib/android/sdk/platforms/android-36-ext19/data/res/values-mcc310-mnc490-lo: Cannot change mode to rwxr-xr-x: Operation not permitted
build	Cache Android SDK	2026-06-06T12:22:49.4141980Z /usr/bin/tar: ../../../../../usr/local/lib/android/sdk/platforms/android-36-ext19/data/res/values-mcc310-mnc950-sq: Cannot utime: Operation not permitted
build	Cache Android SDK	2026-06-06T12:22:49.4143696Z /usr/bin/tar: ../../../../../usr/local/lib/android/sdk/platforms/android-36-ext19/data/res/values-mcc310-mnc950-sq: Cannot change mode to rwxr-xr-x: Operation not permitted
build	Cache Android SDK	2026-06-06T12:22:49.4145381Z /usr/bin/tar: ../../../../../usr/local/lib/android/sdk/platforms/android-36-ext19/data/res/values-fa-watch: Cannot utime: Operation not permitted
build	Cache Android SDK	2026-06-06T12:22:49.4146317Z /usr/bin/tar: ../../../../../usr/local/lib/android/sdk/platforms/android-36-ext19/data/res/values-fa-watch: Cannot change mode to rwxr-xr-x: Operation not permitted
build	Cache Android SDK	2026-06-06T12:22:49.4149035Z /usr/bin/tar: ../../../../../usr/local/lib/android/sdk/platforms/android-36-ext19/data/res/values-mcc310-mnc170-sw: Cannot utime: Operation not permitted
build	Cache Android SDK	2026-06-06T12:22:49.4150007Z /usr/bin/tar: ../../../../../usr/local/lib/android/sdk/platforms/android-36-ext19/data/res/values-mcc310-mnc170-sw: Cannot change mode to rwxr-xr-x: Operation not permitted
build	Cache Android SDK	2026-06-06T12:22:49.4152063Z /usr/bin/tar: ../../../../../usr/local/lib/android/sdk/platforms/android-36-ext19/data/res/values-mcc310-mnc250-sr: Cannot utime: Operation not permitted
build	Cache Android SDK	2026-06-06T12:22:49.4153041Z /usr/bin/tar: ../../../../../usr/local/lib/android/sdk/platforms/android-36-ext19/data/res/values-mcc310-mnc250-sr: Cannot change mode to rwxr-xr-x: Operation not permitted
build	Cache Android SDK	2026-06-06T12:22:49.4155316Z /usr/bin/tar: ../../../../../usr/local/lib/android/sdk/platforms/android-36-ext19/data/res/values-mcc311-mnc180-hr: Cannot utime: Operation not permitted
build	Cache Android SDK	2026-06-06T12:22:49.4156334Z /usr/bin/tar: ../../../../../usr/local/lib/android/sdk/platforms/android-36-ext19/data/res/values-mcc311-mnc180-hr: Cannot change mode to rwxr-xr-x: Operation not permitted
build	Cache Android SDK	2026-06-06T12:22:49.4158466Z /usr/bin/tar: ../../../../../usr/local/lib/android/sdk/platforms/android-36-ext19/data/res/values-mcc310-mnc560-da: Cannot utime: Operation not permitted
build	Cache Android SDK	2026-06-06T12:22:49.4159596Z /usr/bin/tar: ../../../../../usr/local/lib/android/sdk/platforms/android-36-ext19/data/res/values-mcc310-mnc560-da: Cannot change mode to rwxr-xr-x: Operation not permitted
build	Cache Android SDK	2026-06-06T12:22:49.4161236Z /usr/bin/tar: ../../../../../usr/local/lib/android/sdk/platforms/android-36-ext19/data/res/values-af-television: Cannot utime: Operation not permitted
build	Cache Android SDK	2026-06-06T12:22:49.4162231Z /usr/bin/tar: ../../../../../usr/local/lib/android/sdk/platforms/android-36-ext19/data/res/values-af-television: Cannot change mode to rwxr-xr-x: Operation not permitted
build	Cache Android SDK	2026-06-06T12:22:49.4168322Z /usr/bin/tar: ../../../../../usr/local/lib/android/sdk/platforms/android-36-ext19/data/res/values-tr: Cannot utime: Operation not permitted
build	Cache Android SDK	2026-06-06T12:22:49.4169360Z /usr/bin/tar: ../../../../../usr/local/lib/android/sdk/platforms/android-36-ext19/data/res/values-tr: Cannot change mode to rwxr-xr-x: Operation not permitted
build	Cache Android SDK	2026-06-06T12:22:49.4170904Z /usr/bin/tar: ../../../../../usr/local/lib/android/sdk/platforms/android-36-ext19/data/res/values-mcc232: Cannot utime: Operation not permitted
build	Cache Android SDK	2026-06-06T12:22:49.4171815Z /usr/bin/tar: ../../../../../usr/local/lib/android/sdk/platforms/android-36-ext19/data/res/values-mcc232: Cannot change mode to rwxr-xr-x: Operation not permitted
build	Cache Android SDK	2026-06-06T12:22:49.4174074Z /usr/bin/tar: ../../../../../usr/local/lib/android/sdk/platforms/android-36-ext19/data/res/values-mcc310-mnc950-ca: Cannot utime: Operation not permitted
build	Cache Android SDK	2026-06-06T12:22:49.4175037Z /usr/bin/tar: ../../../../../usr/local/lib/android/sdk/platforms/android-36-ext19/data/res/values-mcc310-mnc950-ca: Cannot change mode to rwxr-xr-x: Operation not permitted
build	Cache Android SDK	2026-06-06T12:22:49.4178742Z /usr/bin/tar: ../../../../../usr/local/lib/android/sdk/platforms/android-36-ext19/data/res/values-mcc001-mnc01-zh-rTW: Cannot utime: Operation not permitted
build	Cache Android SDK	2026-06-06T12:22:49.4179944Z /usr/bin/tar: ../../../../../usr/local/lib/android/sdk/platforms/android-36-ext19/data/res/values-mcc001-mnc01-zh-rTW: Cannot change mode to rwxr-xr-x: Operation not permitted
build	Cache Android SDK	2026-06-06T12:22:49.4181562Z /usr/bin/tar: ../../../../../usr/local/lib/android/sdk/platforms/android-36-ext19/data/res/values-mcc310-mnc410-bg: Cannot utime: Operation not permitted
build	Cache Android SDK	2026-06-06T12:22:49.4182572Z /usr/bin/tar: ../../../../../usr/local/lib/android/sdk/platforms/android-36-ext19/data/res/values-mcc310-mnc410-bg: Cannot change mode to rwxr-xr-x: Operation not permitted
build	Cache Android SDK	2026-06-06T12:22:49.4185512Z /usr/bin/tar: ../../../../../usr/local/lib/android/sdk/platforms/android-36-ext19/data/res/values-mcc310-mnc270-be: Cannot utime: Operation not permitted
build	Cache Android SDK	2026-06-06T12:22:49.4186525Z /usr/bin/tar: ../../../../../usr/local/lib/android/sdk/platforms/android-36-ext19/data/res/values-mcc310-mnc270-be: Cannot change mode to rwxr-xr-x: Operation not permitted
build	Cache Android SDK	2026-06-06T12:22:49.4190261Z /usr/bin/tar: ../../../../../usr/local/lib/android/sdk/platforms/android-36-ext19/data/res/values-mcc302-mnc370-ar: Cannot utime: Operation not permitted
build	Cache Android SDK	2026-06-06T12:22:49.4191784Z /usr/bin/tar: ../../../../../usr/local/lib/android/sdk/platforms/android-36-ext19/data/res/values-mcc302-mnc370-ar: Cannot change mode to rwxr-xr-x: Operation not permitted
build	Cache Android SDK	2026-06-06T12:22:49.4196869Z /usr/bin/tar: ../../../../../usr/local/lib/android/sdk/platforms/android-36-ext19/data/res/values-mcc310-mnc250-lv: Cannot utime: Operation not permitted
build	Cache Android SDK	2026-06-06T12:22:49.4198067Z /usr/bin/tar: ../../../../../usr/local/lib/android/sdk/platforms/android-36-ext19/data/res/values-mcc310-mnc250-lv: Cannot change mode to rwxr-xr-x: Operation not permitted
build	Cache Android SDK	2026-06-06T12:22:49.4200919Z /usr/bin/tar: ../../../../../usr/local/lib/android/sdk/platforms/android-36-ext19/data/res/values-mcc310-mnc230-th: Cannot utime: Operation not permitted
build	Cache Android SDK	2026-06-06T12:22:49.4202005Z /usr/bin/tar: ../../../../../usr/local/lib/android/sdk/platforms/android-36-ext19/data/res/values-mcc310-mnc230-th: Cannot change mode to rwxr-xr-x: Operation not permitted
build	Cache Android SDK	2026-06-06T12:22:49.4204399Z /usr/bin/tar: ../../../../../usr/local/lib/android/sdk/platforms/android-36-ext19/data/res/values-mcc286: Cannot utime: Operation not permitted
build	Cache Android SDK	2026-06-06T12:22:49.4205462Z /usr/bin/tar: ../../../../../usr/local/lib/android/sdk/platforms/android-36-ext19/data/res/values-mcc286: Cannot change mode to rwxr-xr-x: Operation not permitted
build	Cache Android SDK	2026-06-06T12:22:49.4208047Z /usr/bin/tar: ../../../../../usr/local/lib/android/sdk/platforms/android-36-ext19/data/res/values-mcc310-mnc250-uz: Cannot utime: Operation not permitted
build	Cache Android SDK	2026-06-06T12:22:49.4209147Z /usr/bin/tar: ../../../../../usr/local/lib/android/sdk/platforms/android-36-ext19/data/res/values-mcc310-mnc250-uz: Cannot change mode to rwxr-xr-x: Operation not permitted
build	Cache Android SDK	2026-06-06T12:22:49.4212785Z /usr/bin/tar: ../../../../../usr/local/lib/android/sdk/platforms/android-36-ext19/data/res/values-mcc310-mnc240-eu: Cannot utime: Operation not permitted
build	Cache Android SDK	2026-06-06T12:22:49.4213741Z /usr/bin/tar: ../../../../../usr/local/lib/android/sdk/platforms/android-36-ext19/data/res/values-mcc310-mnc240-eu: Cannot change mode to rwxr-xr-x: Operation not permitted
build	Cache Android SDK	2026-06-06T12:22:49.4216645Z /usr/bin/tar: ../../../../../usr/local/lib/android/sdk/platforms/android-36-ext19/data/res/values-mcc310-mnc280-km: Cannot utime: Operation not permitted
build	Cache Android SDK	2026-06-06T12:22:49.4217959Z /usr/bin/tar: ../../../../../usr/local/lib/android/sdk/platforms/android-36-ext19/data/res/values-mcc310-mnc280-km: Cannot change mode to rwxr-xr-x: Operation not permitted
build	Cache Android SDK	2026-06-06T12:22:49.4220680Z /usr/bin/tar: ../../../../../usr/local/lib/android/sdk/platforms/android-36-ext19/data/res/values-mcc310-mnc150-et: Cannot utime: Operation not permitted
build	Cache Android SDK	2026-06-06T12:22:49.4221663Z /usr/bin/tar: ../../../../../usr/local/lib/android/sdk/platforms/android-36-ext19/data/res/values-mcc310-mnc150-et: Cannot change mode to rwxr-xr-x: Operation not permitted
build	Cache Android SDK	2026-06-06T12:22:49.4225405Z /usr/bin/tar: ../../../../../usr/local/lib/android/sdk/platforms/android-36-ext19/data/res/values-mcc310-mnc800-tl: Cannot utime: Operation not permitted
build	Cache Android SDK	2026-06-06T12:22:49.4226520Z /usr/bin/tar: ../../../../../usr/local/lib/android/sdk/platforms/android-36-ext19/data/res/values-mcc310-mnc800-tl: Cannot change mode to rwxr-xr-x: Operation not permitted
build	Cache Android SDK	2026-06-06T12:22:49.4232823Z /usr/bin/tar: ../../../../../usr/local/lib/android/sdk/platforms/android-36-ext19/data/res/values-mcc312-mnc670-bn: Cannot utime: Operation not permitted
build	Cache Android SDK	2026-06-06T12:22:49.4233795Z /usr/bin/tar: ../../../../../usr/local/lib/android/sdk/platforms/android-36-ext19/data/res/values-mcc312-mnc670-bn: Cannot change mode to rwxr-xr-x: Operation not permitted
build	Cache Android SDK	2026-06-06T12:22:49.4238695Z /usr/bin/tar: ../../../../../usr/local/lib/android/sdk/platforms/android-36-ext19/data/res/values-mcc234-mnc91: Cannot utime: Operation not permitted
build	Cache Android SDK	2026-06-06T12:22:49.4239713Z /usr/bin/tar: ../../../../../usr/local/lib/android/sdk/platforms/android-36-ext19/data/res/values-mcc234-mnc91: Cannot change mode to rwxr-xr-x: Operation not permitted
build	Cache Android SDK	2026-06-06T12:22:49.4242909Z /usr/bin/tar: ../../../../../usr/local/lib/android/sdk/platforms/android-36-ext19/data/res/values-mcc310-mnc210-hu: Cannot utime: Operation not permitted
build	Cache Android SDK	2026-06-06T12:22:49.4244028Z /usr/bin/tar: ../../../../../usr/local/lib/android/sdk/platforms/android-36-ext19/data/res/values-mcc310-mnc210-hu: Cannot change mode to rwxr-xr-x: Operation not permitted
build	Cache Android SDK	2026-06-06T12:22:49.4249708Z /usr/bin/tar: ../../../../../usr/local/lib/android/sdk/platforms/android-36-ext19/data/res/values-mcc310-mnc200-ne: Cannot utime: Operation not permitted
build	Cache Android SDK	2026-06-06T12:22:49.4250715Z /usr/bin/tar: ../../../../../usr/local/lib/android/sdk/platforms/android-36-ext19/data/res/values-mcc310-mnc200-ne: Cannot change mode to rwxr-xr-x: Operation not permitted
build	Cache Android SDK	2026-06-06T12:22:49.4253130Z /usr/bin/tar: ../../../../../usr/local/lib/android/sdk/platforms/android-36-ext19/data/res/values-mcc240-mnc05: Cannot utime: Operation not permitted
build	Cache Android SDK	2026-06-06T12:22:49.4254127Z /usr/bin/tar: ../../../../../usr/local/lib/android/sdk/platforms/android-36-ext19/data/res/values-mcc240-mnc05: Cannot change mode to rwxr-xr-x: Operation not permitted
build	Cache Android SDK	2026-06-06T12:22:49.4256131Z /usr/bin/tar: ../../../../../usr/local/lib/android/sdk/platforms/android-36-ext19/data/res/values-mcc312-mnc670-et: Cannot utime: Operation not permitted
build	Cache Android SDK	2026-06-06T12:22:49.4257171Z /usr/bin/tar: ../../../../../usr/local/lib/android/sdk/platforms/android-36-ext19/data/res/values-mcc312-mnc670-et: Cannot change mode to rwxr-xr-x: Operation not permitted
build	Cache Android SDK	2026-06-06T12:22:49.4260158Z /usr/bin/tar: ../../../../../usr/local/lib/android/sdk/platforms/android-36-ext19/data/res/values-mcc334-mnc020-bn: Cannot utime: Operation not permitted
build	Cache Android SDK	2026-06-06T12:22:49.4261137Z /usr/bin/tar: ../../../../../usr/local/lib/android/sdk/platforms/android-36-ext19/data/res/values-mcc334-mnc020-bn: Cannot change mode to rwxr-xr-x: Operation not permitted
build	Cache Android SDK	2026-06-06T12:22:49.4264377Z /usr/bin/tar: ../../../../../usr/local/lib/android/sdk/platforms/android-36-ext19/data/res/values-sw600dp-w960dp: Cannot utime: Operation not permitted
build	Cache Android SDK	2026-06-06T12:22:49.4265429Z /usr/bin/tar: ../../../../../usr/local/lib/android/sdk/platforms/android-36-ext19/data/res/values-sw600dp-w960dp: Cannot change mode to rwxr-xr-x: Operation not permitted
build	Cache Android SDK	2026-06-06T12:22:49.4267859Z /usr/bin/tar: ../../../../../usr/local/lib/android/sdk/platforms/android-36-ext19/data/res/values-mcc310-mnc660-is: Cannot utime: Operation not permitted
build	Cache Android SDK	2026-06-06T12:22:49.4268831Z /usr/bin/tar: ../../../../../usr/local/lib/android/sdk/platforms/android-36-ext19/data/res/values-mcc310-mnc660-is: Cannot change mode to rwxr-xr-x: Operation not permitted
build	Cache Android SDK	2026-06-06T12:22:49.4272892Z /usr/bin/tar: ../../../../../usr/local/lib/android/sdk/platforms/android-36-ext19/data/res/values-fr-rBE: Cannot utime: Operation not permitted
build	Cache Android SDK	2026-06-06T12:22:49.4273803Z /usr/bin/tar: ../../../../../usr/local/lib/android/sdk/platforms/android-36-ext19/data/res/values-fr-rBE: Cannot change mode to rwxr-xr-x: Operation not permitted
build	Cache Android SDK	2026-06-06T12:22:49.4279866Z /usr/bin/tar: ../../../../../usr/local/lib/android/sdk/platforms/android-36-ext19/data/res/values-mcc312-mnc670-es: Cannot utime: Operation not permitted
build	Cache Android SDK	2026-06-06T12:22:49.4280971Z /usr/bin/tar: ../../../../../usr/local/lib/android/sdk/platforms/android-36-ext19/data/res/values-mcc312-mnc670-es: Cannot change mode to rwxr-xr-x: Operation not permitted
build	Cache Android SDK	2026-06-06T12:22:49.4286485Z /usr/bin/tar: ../../../../../usr/local/lib/android/sdk/platforms/android-36-ext19/data/res/values-mcc310-mnc380-gu: Cannot utime: Operation not permitted
build	Cache Android SDK	2026-06-06T12:22:49.4287637Z /usr/bin/tar: ../../../../../usr/local/lib/android/sdk/platforms/android-36-ext19/data/res/values-mcc310-mnc380-gu: Cannot change mode to rwxr-xr-x: Operation not permitted
build	Cache Android SDK	2026-06-06T12:22:49.4290978Z /usr/bin/tar: ../../../../../usr/local/lib/android/sdk/platforms/android-36-ext19/data/res/values-mcc334-mnc020-uz: Cannot utime: Operation not permitted
build	Cache Android SDK	2026-06-06T12:22:49.4292100Z /usr/bin/tar: ../../../../../usr/local/lib/android/sdk/platforms/android-36-ext19/data/res/values-mcc334-mnc020-uz: Cannot change mode to rwxr-xr-x: Operation not permitted
build	Cache Android SDK	2026-06-06T12:22:49.4295326Z /usr/bin/tar: ../../../../../usr/local/lib/android/sdk/platforms/android-36-ext19/data/res/values-mcc302-mnc720-b+sr+Latn: Cannot utime: Operation not permitted
build	Cache Android SDK	2026-06-06T12:22:49.4296388Z /usr/bin/tar: ../../../../../usr/local/lib/android/sdk/platforms/android-36-ext19/data/res/values-mcc302-mnc720-b+sr+Latn: Cannot change mode to rwxr-xr-x: Operation not permitted
build	Cache Android SDK	2026-06-06T12:22:49.4304065Z /usr/bin/tar: ../../../../../usr/local/lib/android/sdk/platforms/android-36-ext19/data/res/values-af: Cannot utime: Operation not permitted
build	Cache Android SDK	2026-06-06T12:22:49.4305545Z /usr/bin/tar: ../../../../../usr/local/lib/android/sdk/platforms/android-36-ext19/data/res/values-af: Cannot change mode to rwxr-xr-x: Operation not permitted
build	Cache Android SDK	2026-06-06T12:22:49.4307705Z /usr/bin/tar: ../../../../../usr/local/lib/android/sdk/platforms/android-36-ext19/data/res/values-mcc334-mnc020-sk: Cannot utime: Operation not permitted
build	Cache Android SDK	2026-06-06T12:22:49.4308946Z /usr/bin/tar: ../../../../../usr/local/lib/android/sdk/platforms/android-36-ext19/data/res/values-mcc334-mnc020-sk: Cannot change mode to rwxr-xr-x: Operation not permitted
build	Cache Android SDK	2026-06-06T12:22:49.4311651Z /usr/bin/tar: ../../../../../usr/local/lib/android/sdk/platforms/android-36-ext19/data/res/values-mcc312-mnc670-de: Cannot utime: Operation not permitted
build	Cache Android SDK	2026-06-06T12:22:49.4312612Z /usr/bin/tar: ../../../../../usr/local/lib/android/sdk/platforms/android-36-ext19/data/res/values-mcc312-mnc670-de: Cannot change mode to rwxr-xr-x: Operation not permitted
build	Cache Android SDK	2026-06-06T12:22:49.4315480Z /usr/bin/tar: ../../../../../usr/local/lib/android/sdk/platforms/android-36-ext19/data/res/values-mcc310-mnc950-iw: Cannot utime: Operation not permitted
build	Cache Android SDK	2026-06-06T12:22:49.4316501Z /usr/bin/tar: ../../../../../usr/local/lib/android/sdk/platforms/android-36-ext19/data/res/values-mcc310-mnc950-iw: Cannot change mode to rwxr-xr-x: Operation not permitted
build	Cache Android SDK	2026-06-06T12:22:49.4320473Z /usr/bin/tar: ../../../../../usr/local/lib/android/sdk/platforms/android-36-ext19/data/res/values-mcc302-mnc370-de: Cannot utime: Operation not permitted
build	Cache Android SDK	2026-06-06T12:22:49.4321451Z /usr/bin/tar: ../../../../../usr/local/lib/android/sdk/platforms/android-36-ext19/data/res/values-mcc302-mnc370-de: Cannot change mode to rwxr-xr-x: Operation not permitted
build	Cache Android SDK	2026-06-06T12:22:49.4328296Z /usr/bin/tar: ../../../../../usr/local/lib/android/sdk/platforms/android-36-ext19/data/res/values-mcc310-mnc310-be: Cannot utime: Operation not permitted
build	Cache Android SDK	2026-06-06T12:22:49.4329339Z /usr/bin/tar: ../../../../../usr/local/lib/android/sdk/platforms/android-36-ext19/data/res/values-mcc310-mnc310-be: Cannot change mode to rwxr-xr-x: Operation not permitted
build	Cache Android SDK	2026-06-06T12:22:49.4333006Z /usr/bin/tar: ../../../../../usr/local/lib/android/sdk/platforms/android-36-ext19/data/res/values-da-watch: Cannot utime: Operation not permitted
build	Cache Android SDK	2026-06-06T12:22:49.4333926Z /usr/bin/tar: ../../../../../usr/local/lib/android/sdk/platforms/android-36-ext19/data/res/values-da-watch: Cannot change mode to rwxr-xr-x: Operation not permitted
build	Cache Android SDK	2026-06-06T12:22:49.4337645Z /usr/bin/tar: ../../../../../usr/local/lib/android/sdk/platforms/android-36-ext19/data/res/values-mcc312-mnc670-fr-rCA: Cannot utime: Operation not permitted
build	Cache Android SDK	2026-06-06T12:22:49.4338678Z /usr/bin/tar: ../../../../../usr/local/lib/android/sdk/platforms/android-36-ext19/data/res/values-mcc312-mnc670-fr-rCA: Cannot change mode to rwxr-xr-x: Operation not permitted
build	Cache Android SDK	2026-06-06T12:22:49.4341835Z /usr/bin/tar: ../../../../../usr/local/lib/android/sdk/platforms/android-36-ext19/data/res/values-mcc310-mnc410-lt: Cannot utime: Operation not permitted
build	Cache Android SDK	2026-06-06T12:22:49.4342878Z /usr/bin/tar: ../../../../../usr/local/lib/android/sdk/platforms/android-36-ext19/data/res/values-mcc310-mnc410-lt: Cannot change mode to rwxr-xr-x: Operation not permitted
build	Cache Android SDK	2026-06-06T12:22:49.4344513Z /usr/bin/tar: ../../../../../usr/local/lib/android/sdk/platforms/android-36-ext19/data/res/values-mcc311-mnc180-am: Cannot utime: Operation not permitted
build	Cache Android SDK	2026-06-06T12:22:49.4345484Z /usr/bin/tar: ../../../../../usr/local/lib/android/sdk/platforms/android-36-ext19/data/res/values-mcc311-mnc180-am: Cannot change mode to rwxr-xr-x: Operation not permitted
build	Cache Android SDK	2026-06-06T12:22:49.4348317Z /usr/bin/tar: ../../../../../usr/local/lib/android/sdk/platforms/android-36-ext19/data/res/values-mcc310-mnc410-pt-rBR: Cannot utime: Operation not permitted
build	Cache Android SDK	2026-06-06T12:22:49.4349384Z /usr/bin/tar: ../../../../../usr/local/lib/android/sdk/platforms/android-36-ext19/data/res/values-mcc310-mnc410-pt-rBR: Cannot change mode to rwxr-xr-x: Operation not permitted
build	Cache Android SDK	2026-06-06T12:22:49.4352120Z /usr/bin/tar: ../../../../../usr/local/lib/android/sdk/platforms/android-36-ext19/data/res/layout-television: Cannot utime: Operation not permitted
build	Cache Android SDK	2026-06-06T12:22:49.4353067Z /usr/bin/tar: ../../../../../usr/local/lib/android/sdk/platforms/android-36-ext19/data/res/layout-television: Cannot change mode to rwxr-xr-x: Operation not permitted
build	Cache Android SDK	2026-06-06T12:22:49.4356428Z /usr/bin/tar: ../../../../../usr/local/lib/android/sdk/platforms/android-36-ext19/data/res/values-mcc001-mnc01-hy: Cannot utime: Operation not permitted
build	Cache Android SDK	2026-06-06T12:22:49.4357777Z /usr/bin/tar: ../../../../../usr/local/lib/android/sdk/platforms/android-36-ext19/data/res/values-mcc001-mnc01-hy: Cannot change mode to rwxr-xr-x: Operation not permitted
build	Cache Android SDK	2026-06-06T12:22:49.4360007Z /usr/bin/tar: ../../../../../usr/local/lib/android/sdk/platforms/android-36-ext19/data/res/values-mcc310-mnc800-fa: Cannot utime: Operation not permitted
build	Cache Android SDK	2026-06-06T12:22:49.4360981Z /usr/bin/tar: ../../../../../usr/local/lib/android/sdk/platforms/android-36-ext19/data/res/values-mcc310-mnc800-fa: Cannot change mode to rwxr-xr-x: Operation not permitted
build	Cache Android SDK	2026-06-06T12:22:49.4363492Z /usr/bin/tar: ../../../../../usr/local/lib/android/sdk/platforms/android-36-ext19/data/res/values-mcc310-mnc220-ru: Cannot utime: Operation not permitted
build	Cache Android SDK	2026-06-06T12:22:49.4364461Z /usr/bin/tar: ../../../../../usr/local/lib/android/sdk/platforms/android-36-ext19/data/res/values-mcc310-mnc220-ru: Cannot change mode to rwxr-xr-x: Operation not permitted
build	Cache Android SDK	2026-06-06T12:22:49.4366487Z /usr/bin/tar: ../../../../../usr/local/lib/android/sdk/platforms/android-36-ext19/data/res/values-mcc302-mnc370-as: Cannot utime: Operation not permitted
build	Cache Android SDK	2026-06-06T12:22:49.4367843Z /usr/bin/tar: ../../../../../usr/local/lib/android/sdk/platforms/android-36-ext19/data/res/values-mcc302-mnc370-as: Cannot change mode to rwxr-xr-x: Operation not permitted
build	Cache Android SDK	2026-06-06T12:22:49.4374109Z /usr/bin/tar: ../../../../../usr/local/lib/android/sdk/platforms/android-36-ext19/data/res/values-my: Cannot utime: Operation not permitted
build	Cache Android SDK	2026-06-06T12:22:49.4375379Z /usr/bin/tar: ../../../../../usr/local/lib/android/sdk/platforms/android-36-ext19/data/res/values-my: Cannot change mode to rwxr-xr-x: Operation not permitted
build	Cache Android SDK	2026-06-06T12:22:49.4377055Z /usr/bin/tar: ../../../../../usr/local/lib/android/sdk/platforms/android-36-ext19/data/res/values-h480dp: Cannot utime: Operation not permitted
build	Cache Android SDK	2026-06-06T12:22:49.4378233Z /usr/bin/tar: ../../../../../usr/local/lib/android/sdk/platforms/android-36-ext19/data/res/values-h480dp: Cannot change mode to rwxr-xr-x: Operation not permitted
build	Cache Android SDK	2026-06-06T12:22:49.4380419Z /usr/bin/tar: ../../../../../usr/local/lib/android/sdk/platforms/android-36-ext19/data/res/values-mcc310-mnc150-km: Cannot utime: Operation not permitted
build	Cache Android SDK	2026-06-06T12:22:49.4381408Z /usr/bin/tar: ../../../../../usr/local/lib/android/sdk/platforms/android-36-ext19/data/res/values-mcc310-mnc150-km: Cannot change mode to rwxr-xr-x: Operation not permitted
build	Cache Android SDK	2026-06-06T12:22:49.4383902Z /usr/bin/tar: ../../../../../usr/local/lib/android/sdk/platforms/android-36-ext19/data/res/values-mcc310-mnc410-in: Cannot utime: Operation not permitted
build	Cache Android SDK	2026-06-06T12:22:49.4384865Z /usr/bin/tar: ../../../../../usr/local/lib/android/sdk/platforms/android-36-ext19/data/res/values-mcc310-mnc410-in: Cannot change mode to rwxr-xr-x: Operation not permitted
build	Cache Android SDK	2026-06-06T12:22:49.4386749Z /usr/bin/tar: ../../../../../usr/local/lib/android/sdk/platforms/android-36-ext19/data/res/values-mcc310-mnc950: Cannot utime: Operation not permitted
build	Cache Android SDK	2026-06-06T12:22:49.4387977Z /usr/bin/tar: ../../../../../usr/local/lib/android/sdk/platforms/android-36-ext19/data/res/values-mcc310-mnc950: Cannot change mode to rwxr-xr-x: Operation not permitted
build	Cache Android SDK	2026-06-06T12:22:49.4390777Z /usr/bin/tar: ../../../../../usr/local/lib/android/sdk/platforms/android-36-ext19/data/res/values-mcc310-mnc220-mn: Cannot utime: Operation not permitted
build	Cache Android SDK	2026-06-06T12:22:49.4391786Z /usr/bin/tar: ../../../../../usr/local/lib/android/sdk/platforms/android-36-ext19/data/res/values-mcc310-mnc220-mn: Cannot change mode to rwxr-xr-x: Operation not permitted
build	Cache Android SDK	2026-06-06T12:22:49.4393488Z /usr/bin/tar: ../../../../../usr/local/lib/android/sdk/platforms/android-36-ext19/data/res/values-mcc310-mnc950-ml: Cannot utime: Operation not permitted
build	Cache Android SDK	2026-06-06T12:22:49.4394460Z /usr/bin/tar: ../../../../../usr/local/lib/android/sdk/platforms/android-36-ext19/data/res/values-mcc310-mnc950-ml: Cannot change mode to rwxr-xr-x: Operation not permitted
build	Cache Android SDK	2026-06-06T12:22:49.4398251Z /usr/bin/tar: ../../../../../usr/local/lib/android/sdk/platforms/android-36-ext19/data/res/interpolator-watch: Cannot utime: Operation not permitted
build	Cache Android SDK	2026-06-06T12:22:49.4399343Z /usr/bin/tar: ../../../../../usr/local/lib/android/sdk/platforms/android-36-ext19/data/res/interpolator-watch: Cannot change mode to rwxr-xr-x: Operation not permitted
build	Cache Android SDK	2026-06-06T12:22:49.4404972Z /usr/bin/tar: ../../../../../usr/local/lib/android/sdk/platforms/android-36-ext19/data/res/values-lt: Cannot utime: Operation not permitted
build	Cache Android SDK	2026-06-06T12:22:49.4406111Z /usr/bin/tar: ../../../../../usr/local/lib/android/sdk/platforms/android-36-ext19/data/res/values-lt: Cannot change mode to rwxr-xr-x: Operation not permitted
build	Cache Android SDK	2026-06-06T12:22:49.4407771Z /usr/bin/tar: ../../../../../usr/local/lib/android/sdk/platforms/android-36-ext19/data/res/values-mcc310-mnc270-zu: Cannot utime: Operation not permitted
build	Cache Android SDK	2026-06-06T12:22:49.4408743Z /usr/bin/tar: ../../../../../usr/local/lib/android/sdk/platforms/android-36-ext19/data/res/values-mcc310-mnc270-zu: Cannot change mode to rwxr-xr-x: Operation not permitted
build	Cache Android SDK	2026-06-06T12:22:49.4410685Z /usr/bin/tar: ../../../../../usr/local/lib/android/sdk/platforms/android-36-ext19/data/res/values-sr-television: Cannot utime: Operation not permitted
build	Cache Android SDK	2026-06-06T12:22:49.4411743Z /usr/bin/tar: ../../../../../usr/local/lib/android/sdk/platforms/android-36-ext19/data/res/values-sr-television: Cannot change mode to rwxr-xr-x: Operation not permitted
build	Cache Android SDK	2026-06-06T12:22:49.4414498Z /usr/bin/tar: ../../../../../usr/local/lib/android/sdk/platforms/android-36-ext19/data/res/values-mcc312-mnc670-pt-rPT: Cannot utime: Operation not permitted
build	Cache Android SDK	2026-06-06T12:22:49.4415501Z /usr/bin/tar: ../../../../../usr/local/lib/android/sdk/platforms/android-36-ext19/data/res/values-mcc312-mnc670-pt-rPT: Cannot change mode to rwxr-xr-x: Operation not permitted
build	Cache Android SDK	2026-06-06T12:22:49.4418368Z /usr/bin/tar: ../../../../../usr/local/lib/android/sdk/platforms/android-36-ext19/data/res/values-bg-rBG: Cannot utime: Operation not permitted
build	Cache Android SDK	2026-06-06T12:22:49.4419388Z /usr/bin/tar: ../../../../../usr/local/lib/android/sdk/platforms/android-36-ext19/data/res/values-bg-rBG: Cannot change mode to rwxr-xr-x: Operation not permitted
build	Cache Android SDK	2026-06-06T12:22:49.4421326Z /usr/bin/tar: ../../../../../usr/local/lib/android/sdk/platforms/android-36-ext19/data/res/values-mcc310-mnc270-ko: Cannot utime: Operation not permitted
build	Cache Android SDK	2026-06-06T12:22:49.4422289Z /usr/bin/tar: ../../../../../usr/local/lib/android/sdk/platforms/android-36-ext19/data/res/values-mcc310-mnc270-ko: Cannot change mode to rwxr-xr-x: Operation not permitted
build	Cache Android SDK	2026-06-06T12:22:49.4424910Z /usr/bin/tar: ../../../../../usr/local/lib/android/sdk/platforms/android-36-ext19/data/res/values-mcc334-mnc020-nb: Cannot utime: Operation not permitted
build	Cache Android SDK	2026-06-06T12:22:49.4425876Z /usr/bin/tar: ../../../../../usr/local/lib/android/sdk/platforms/android-36-ext19/data/res/values-mcc334-mnc020-nb: Cannot change mode to rwxr-xr-x: Operation not permitted
build	Cache Android SDK	2026-06-06T12:22:49.4427938Z /usr/bin/tar: ../../../../../usr/local/lib/android/sdk/platforms/android-36-ext19/data/res/values-mcc310-mnc150-en-rGB: Cannot utime: Operation not permitted
build	Cache Android SDK	2026-06-06T12:22:49.4428536Z /usr/bin/tar: ../../../../../usr/local/lib/android/sdk/platforms/android-36-ext19/data/res/values-mcc310-mnc150-en-rGB: Cannot change mode to rwxr-xr-x: Operation not permitted
build	Cache Android SDK	2026-06-06T12:22:49.4430827Z /usr/bin/tar: ../../../../../usr/local/lib/android/sdk/platforms/android-36-ext19/data/res/values-mcc310-mnc380-en-rIN: Cannot utime: Operation not permitted
build	Cache Android SDK	2026-06-06T12:22:49.4431380Z /usr/bin/tar: ../../../../../usr/local/lib/android/sdk/platforms/android-36-ext19/data/res/values-mcc310-mnc380-en-rIN: Cannot change mode to rwxr-xr-x: Operation not permitted
build	Cache Android SDK	2026-06-06T12:22:49.4433724Z /usr/bin/tar: ../../../../../usr/local/lib/android/sdk/platforms/android-36-ext19/data/res/values-mcc310-mnc490-en-rAU: Cannot utime: Operation not permitted
build	Cache Android SDK	2026-06-06T12:22:49.4434275Z /usr/bin/tar: ../../../../../usr/local/lib/android/sdk/platforms/android-36-ext19/data/res/values-mcc310-mnc490-en-rAU: Cannot change mode to rwxr-xr-x: Operation not permitted
build	Cache Android SDK	2026-06-06T12:22:49.4437709Z /usr/bin/tar: ../../../../../usr/local/lib/android/sdk/platforms/android-36-ext19/data/res/values-mcc310-mnc380-vi: Cannot utime: Operation not permitted
build	Cache Android SDK	2026-06-06T12:22:49.4453501Z /usr/bin/tar: ../../../../../usr/local/lib/android/sdk/platforms/android-36-ext19/data/res/values-mcc310-mnc380-vi: Cannot change mode to rwxr-xr-x: Operation not permitted
build	Cache Android SDK	2026-06-06T12:22:49.4454400Z /usr/bin/tar: ../../../../../usr/local/lib/android/sdk/platforms/android-36-ext19/data/res/values-mcc310-mnc220-km: Cannot utime: Operation not permitted
build	Cache Android SDK	2026-06-06T12:22:49.4455031Z /usr/bin/tar: ../../../../../usr/local/lib/android/sdk/platforms/android-36-ext19/data/res/values-mcc310-mnc220-km: Cannot change mode to rwxr-xr-x: Operation not permitted
build	Cache Android SDK	2026-06-06T12:22:49.4455775Z /usr/bin/tar: ../../../../../usr/local/lib/android/sdk/platforms/android-36-ext19/data/res/values-mcc311-mnc180-b+sr+Latn: Cannot utime: Operation not permitted
build	Cache Android SDK	2026-06-06T12:22:49.4456691Z /usr/bin/tar: ../../../../../usr/local/lib/android/sdk/platforms/android-36-ext19/data/res/values-mcc311-mnc180-b+sr+Latn: Cannot change mode to rwxr-xr-x: Operation not permitted
build	Cache Android SDK	2026-06-06T12:22:49.4457336Z /usr/bin/tar: ../../../../../usr/local/lib/android/sdk/platforms/android-36-ext19/data/res/values-mcc313-mnc100-tr: Cannot utime: Operation not permitted
build	Cache Android SDK	2026-06-06T12:22:49.4458163Z /usr/bin/tar: ../../../../../usr/local/lib/android/sdk/platforms/android-36-ext19/data/res/values-mcc313-mnc100-tr: Cannot change mode to rwxr-xr-x: Operation not permitted
build	Cache Android SDK	2026-06-06T12:22:49.4458993Z /usr/bin/tar: ../../../../../usr/local/lib/android/sdk/platforms/android-36-ext19/data/res/values-mcc234-mnc15: Cannot utime: Operation not permitted
build	Cache Android SDK	2026-06-06T12:22:49.4459973Z /usr/bin/tar: ../../../../../usr/local/lib/android/sdk/platforms/android-36-ext19/data/res/values-mcc234-mnc15: Cannot change mode to rwxr-xr-x: Operation not permitted
build	Cache Android SDK	2026-06-06T12:22:49.4460952Z /usr/bin/tar: ../../../../../usr/local/lib/android/sdk/platforms/android-36-ext19/data/res/values-or-watch: Cannot utime: Operation not permitted
build	Cache Android SDK	2026-06-06T12:22:49.4461406Z /usr/bin/tar: ../../../../../usr/local/lib/android/sdk/platforms/android-36-ext19/data/res/values-or-watch: Cannot change mode to rwxr-xr-x: Operation not permitted
build	Cache Android SDK	2026-06-06T12:22:49.4461799Z /usr/bin/tar: ../../../../../usr/local/lib/android/sdk/platforms/android-36-ext19/data/res/values-mcc262: Cannot utime: Operation not permitted
build	Cache Android SDK	2026-06-06T12:22:49.4462223Z /usr/bin/tar: ../../../../../usr/local/lib/android/sdk/platforms/android-36-ext19/data/res/values-mcc262: Cannot change mode to rwxr-xr-x: Operation not permitted
build	Cache Android SDK	2026-06-06T12:22:49.4465349Z /usr/bin/tar: ../../../../../usr/local/lib/android/sdk/platforms/android-36-ext19/data/res/values-mcc310-mnc160-lt: Cannot utime: Operation not permitted
build	Cache Android SDK	2026-06-06T12:22:49.4465836Z /usr/bin/tar: ../../../../../usr/local/lib/android/sdk/platforms/android-36-ext19/data/res/values-mcc310-mnc160-lt: Cannot change mode to rwxr-xr-x: Operation not permitted
build	Cache Android SDK	2026-06-06T12:22:49.4469828Z /usr/bin/tar: ../../../../../usr/local/lib/android/sdk/platforms/android-36-ext19/data/res/values-mcc310-mnc280-gu: Cannot utime: Operation not permitted
build	Cache Android SDK	2026-06-06T12:22:49.4470314Z /usr/bin/tar: ../../../../../usr/local/lib/android/sdk/platforms/android-36-ext19/data/res/values-mcc310-mnc280-gu: Cannot change mode to rwxr-xr-x: Operation not permitted
build	Cache Android SDK	2026-06-06T12:22:49.4477888Z /usr/bin/tar: ../../../../../usr/local/lib/android/sdk/platforms/android-36-ext19/data/res/values-mcc310-mnc030-sq: Cannot utime: Operation not permitted
build	Cache Android SDK	2026-06-06T12:22:49.4478442Z /usr/bin/tar: ../../../../../usr/local/lib/android/sdk/platforms/android-36-ext19/data/res/values-mcc310-mnc030-sq: Cannot change mode to rwxr-xr-x: Operation not permitted
build	Cache Android SDK	2026-06-06T12:22:49.4480822Z /usr/bin/tar: ../../../../../usr/local/lib/android/sdk/platforms/android-36-ext19/data/res/values-mcc310-mnc240-pt: Cannot utime: Operation not permitted
build	Cache Android SDK	2026-06-06T12:22:49.4481322Z /usr/bin/tar: ../../../../../usr/local/lib/android/sdk/platforms/android-36-ext19/data/res/values-mcc310-mnc240-pt: Cannot change mode to rwxr-xr-x: Operation not permitted
build	Cache Android SDK	2026-06-06T12:22:49.4483814Z /usr/bin/tar: ../../../../../usr/local/lib/android/sdk/platforms/android-36-ext19/data/res/values-mcc302-mnc370-es-rUS: Cannot utime: Operation not permitted
build	Cache Android SDK	2026-06-06T12:22:49.4484313Z /usr/bin/tar: ../../../../../usr/local/lib/android/sdk/platforms/android-36-ext19/data/res/values-mcc302-mnc370-es-rUS: Cannot change mode to rwxr-xr-x: Operation not permitted
build	Cache Android SDK	2026-06-06T12:22:49.4486684Z /usr/bin/tar: ../../../../../usr/local/lib/android/sdk/platforms/android-36-ext19/data/res/values-nl-watch: Cannot utime: Operation not permitted
build	Cache Android SDK	2026-06-06T12:22:49.4487142Z /usr/bin/tar: ../../../../../usr/local/lib/android/sdk/platforms/android-36-ext19/data/res/values-nl-watch: Cannot change mode to rwxr-xr-x: Operation not permitted
build	Cache Android SDK	2026-06-06T12:22:49.4494525Z /usr/bin/tar: ../../../../../usr/local/lib/android/sdk/platforms/android-36-ext19/data/res/values-cs: Cannot utime: Operation not permitted
build	Cache Android SDK	2026-06-06T12:22:49.4495085Z /usr/bin/tar: ../../../../../usr/local/lib/android/sdk/platforms/android-36-ext19/data/res/values-cs: Cannot change mode to rwxr-xr-x: Operation not permitted
build	Cache Android SDK	2026-06-06T12:22:49.4497827Z /usr/bin/tar: ../../../../../usr/local/lib/android/sdk/platforms/android-36-ext19/data/res/values-mcc311-mnc180-eu: Cannot utime: Operation not permitted
build	Cache Android SDK	2026-06-06T12:22:49.4498413Z /usr/bin/tar: ../../../../../usr/local/lib/android/sdk/platforms/android-36-ext19/data/res/values-mcc311-mnc180-eu: Cannot change mode to rwxr-xr-x: Operation not permitted
build	Cache Android SDK	2026-06-06T12:22:49.4501190Z /usr/bin/tar: ../../../../../usr/local/lib/android/sdk/platforms/android-36-ext19/data/res/values-mcc310-mnc210-km: Cannot utime: Operation not permitted
build	Cache Android SDK	2026-06-06T12:22:49.4501663Z /usr/bin/tar: ../../../../../usr/local/lib/android/sdk/platforms/android-36-ext19/data/res/values-mcc310-mnc210-km: Cannot change mode to rwxr-xr-x: Operation not permitted
build	Cache Android SDK	2026-06-06T12:22:49.4504432Z /usr/bin/tar: ../../../../../usr/local/lib/android/sdk/platforms/android-36-ext19/data/res/values-mcc313-mnc100-ja: Cannot utime: Operation not permitted
build	Cache Android SDK	2026-06-06T12:22:49.4504931Z /usr/bin/tar: ../../../../../usr/local/lib/android/sdk/platforms/android-36-ext19/data/res/values-mcc313-mnc100-ja: Cannot change mode to rwxr-xr-x: Operation not permitted
build	Cache Android SDK	2026-06-06T12:22:49.4507723Z /usr/bin/tar: ../../../../../usr/local/lib/android/sdk/platforms/android-36-ext19/data/res/values-mcc334-mnc020-sw: Cannot utime: Operation not permitted
build	Cache Android SDK	2026-06-06T12:22:49.4508192Z /usr/bin/tar: ../../../../../usr/local/lib/android/sdk/platforms/android-36-ext19/data/res/values-mcc334-mnc020-sw: Cannot change mode to rwxr-xr-x: Operation not permitted
build	Cache Android SDK	2026-06-06T12:22:49.4510800Z /usr/bin/tar: ../../../../../usr/local/lib/android/sdk/platforms/android-36-ext19/data/res/values-mcc310-mnc200-ta: Cannot utime: Operation not permitted
build	Cache Android SDK	2026-06-06T12:22:49.4511274Z /usr/bin/tar: ../../../../../usr/local/lib/android/sdk/platforms/android-36-ext19/data/res/values-mcc310-mnc200-ta: Cannot change mode to rwxr-xr-x: Operation not permitted
build	Cache Android SDK	2026-06-06T12:22:49.4514074Z /usr/bin/tar: ../../../../../usr/local/lib/android/sdk/platforms/android-36-ext19/data/res/values-mcc310-mnc800-kn: Cannot utime: Operation not permitted
build	Cache Android SDK	2026-06-06T12:22:49.4514541Z /usr/bin/tar: ../../../../../usr/local/lib/android/sdk/platforms/android-36-ext19/data/res/values-mcc310-mnc800-kn: Cannot change mode to rwxr-xr-x: Operation not permitted
build	Cache Android SDK	2026-06-06T12:22:49.4517233Z /usr/bin/tar: ../../../../../usr/local/lib/android/sdk/platforms/android-36-ext19/data/res/values-mcc310-mnc800: Cannot utime: Operation not permitted
build	Cache Android SDK	2026-06-06T12:22:49.4517869Z /usr/bin/tar: ../../../../../usr/local/lib/android/sdk/platforms/android-36-ext19/data/res/values-mcc310-mnc800: Cannot change mode to rwxr-xr-x: Operation not permitted
build	Cache Android SDK	2026-06-06T12:22:49.4520222Z /usr/bin/tar: ../../../../../usr/local/lib/android/sdk/platforms/android-36-ext19/data/res/values-mcc310-mnc410-en-rXC: Cannot utime: Operation not permitted
build	Cache Android SDK	2026-06-06T12:22:49.4520808Z /usr/bin/tar: ../../../../../usr/local/lib/android/sdk/platforms/android-36-ext19/data/res/values-mcc310-mnc410-en-rXC: Cannot change mode to rwxr-xr-x: Operation not permitted
build	Cache Android SDK	2026-06-06T12:22:49.4523642Z /usr/bin/tar: ../../../../../usr/local/lib/android/sdk/platforms/android-36-ext19/data/res/values-mcc310-mnc220-bn: Cannot utime: Operation not permitted
build	Cache Android SDK	2026-06-06T12:22:49.4524117Z /usr/bin/tar: ../../../../../usr/local/lib/android/sdk/platforms/android-36-ext19/data/res/values-mcc310-mnc220-bn: Cannot change mode to rwxr-xr-x: Operation not permitted
build	Cache Android SDK	2026-06-06T12:22:49.4526594Z /usr/bin/tar: ../../../../../usr/local/lib/android/sdk/platforms/android-36-ext19/data/res/values-mcc310-mnc490-ca: Cannot utime: Operation not permitted
build	Cache Android SDK	2026-06-06T12:22:49.4527055Z /usr/bin/tar: ../../../../../usr/local/lib/android/sdk/platforms/android-36-ext19/data/res/values-mcc310-mnc490-ca: Cannot change mode to rwxr-xr-x: Operation not permitted
build	Cache Android SDK	2026-06-06T12:22:49.4529426Z /usr/bin/tar: ../../../../../usr/local/lib/android/sdk/platforms/android-36-ext19/data/res/values-en-rAU-watch: Cannot utime: Operation not permitted
build	Cache Android SDK	2026-06-06T12:22:49.4530125Z /usr/bin/tar: ../../../../../usr/local/lib/android/sdk/platforms/android-36-ext19/data/res/values-en-rAU-watch: Cannot change mode to rwxr-xr-x: Operation not permitted
build	Cache Android SDK	2026-06-06T12:22:49.4532643Z /usr/bin/tar: ../../../../../usr/local/lib/android/sdk/platforms/android-36-ext19/data/res/values-mcc310-mnc220-et: Cannot utime: Operation not permitted
build	Cache Android SDK	2026-06-06T12:22:49.4533120Z /usr/bin/tar: ../../../../../usr/local/lib/android/sdk/platforms/android-36-ext19/data/res/values-mcc310-mnc220-et: Cannot change mode to rwxr-xr-x: Operation not permitted
build	Cache Android SDK	2026-06-06T12:22:49.4535504Z /usr/bin/tar: ../../../../../usr/local/lib/android/sdk/platforms/android-36-ext19/data/res/values-w195dp: Cannot utime: Operation not permitted
build	Cache Android SDK	2026-06-06T12:22:49.4536052Z /usr/bin/tar: ../../../../../usr/local/lib/android/sdk/platforms/android-36-ext19/data/res/values-w195dp: Cannot change mode to rwxr-xr-x: Operation not permitted
build	Cache Android SDK	2026-06-06T12:22:49.4539160Z /usr/bin/tar: ../../../../../usr/local/lib/android/sdk/platforms/android-36-ext19/data/res/values-mcc310-mnc410-is: Cannot utime: Operation not permitted
build	Cache Android SDK	2026-06-06T12:22:49.4539639Z /usr/bin/tar: ../../../../../usr/local/lib/android/sdk/platforms/android-36-ext19/data/res/values-mcc310-mnc410-is: Cannot change mode to rwxr-xr-x: Operation not permitted
build	Cache Android SDK	2026-06-06T12:22:49.4542190Z /usr/bin/tar: ../../../../../usr/local/lib/android/sdk/platforms/android-36-ext19/data/res/values-mcc302-mnc370-vi: Cannot utime: Operation not permitted
build	Cache Android SDK	2026-06-06T12:22:49.4542666Z /usr/bin/tar: ../../../../../usr/local/lib/android/sdk/platforms/android-36-ext19/data/res/values-mcc302-mnc370-vi: Cannot change mode to rwxr-xr-x: Operation not permitted
build	Cache Android SDK	2026-06-06T12:22:49.4546323Z /usr/bin/tar: ../../../../../usr/local/lib/android/sdk/platforms/android-36-ext19/data/res/values-w426dp-h320dp: Cannot utime: Operation not permitted
build	Cache Android SDK	2026-06-06T12:22:49.4546903Z /usr/bin/tar: ../../../../../usr/local/lib/android/sdk/platforms/android-36-ext19/data/res/values-w426dp-h320dp: Cannot change mode to rwxr-xr-x: Operation not permitted
build	Cache Android SDK	2026-06-06T12:22:49.4549831Z /usr/bin/tar: ../../../../../usr/local/lib/android/sdk/platforms/android-36-ext19/data/res/values-mcc310-mnc200-iw: Cannot utime: Operation not permitted
build	Cache Android SDK	2026-06-06T12:22:49.4550309Z /usr/bin/tar: ../../../../../usr/local/lib/android/sdk/platforms/android-36-ext19/data/res/values-mcc310-mnc200-iw: Cannot change mode to rwxr-xr-x: Operation not permitted
build	Cache Android SDK	2026-06-06T12:22:49.4553845Z /usr/bin/tar: ../../../../../usr/local/lib/android/sdk/platforms/android-36-ext19/data/res/values-mcc001-mnc01-sl: Cannot utime: Operation not permitted
build	Cache Android SDK	2026-06-06T12:22:49.4554571Z /usr/bin/tar: ../../../../../usr/local/lib/android/sdk/platforms/android-36-ext19/data/res/values-mcc001-mnc01-sl: Cannot change mode to rwxr-xr-x: Operation not permitted
build	Cache Android SDK	2026-06-06T12:22:49.4556438Z /usr/bin/tar: ../../../../../usr/local/lib/android/sdk/platforms/android-36-ext19/data/res/values-mcc313-mnc100-ro: Cannot utime: Operation not permitted
build	Cache Android SDK	2026-06-06T12:22:49.4557071Z /usr/bin/tar: ../../../../../usr/local/lib/android/sdk/platforms/android-36-ext19/data/res/values-mcc313-mnc100-ro: Cannot change mode to rwxr-xr-x: Operation not permitted
build	Cache Android SDK	2026-06-06T12:22:49.4559364Z /usr/bin/tar: ../../../../../usr/local/lib/android/sdk/platforms/android-36-ext19/data/res/values-mcc001-mnc01-en-rGB: Cannot utime: Operation not permitted
build	Cache Android SDK	2026-06-06T12:22:49.4559857Z /usr/bin/tar: ../../../../../usr/local/lib/android/sdk/platforms/android-36-ext19/data/res/values-mcc001-mnc01-en-rGB: Cannot change mode to rwxr-xr-x: Operation not permitted
build	Cache Android SDK	2026-06-06T12:22:49.4562740Z /usr/bin/tar: ../../../../../usr/local/lib/android/sdk/platforms/android-36-ext19/data/res/values-mcc310-mnc230-et: Cannot utime: Operation not permitted
build	Cache Android SDK	2026-06-06T12:22:49.4563251Z /usr/bin/tar: ../../../../../usr/local/lib/android/sdk/platforms/android-36-ext19/data/res/values-mcc310-mnc230-et: Cannot change mode to rwxr-xr-x: Operation not permitted
build	Cache Android SDK	2026-06-06T12:22:49.4566133Z /usr/bin/tar: ../../../../../usr/local/lib/android/sdk/platforms/android-36-ext19/data/res/values-mcc313-mnc100-ko: Cannot utime: Operation not permitted
build	Cache Android SDK	2026-06-06T12:22:49.4566597Z /usr/bin/tar: ../../../../../usr/local/lib/android/sdk/platforms/android-36-ext19/data/res/values-mcc313-mnc100-ko: Cannot change mode to rwxr-xr-x: Operation not permitted
build	Cache Android SDK	2026-06-06T12:22:49.4569366Z /usr/bin/tar: ../../../../../usr/local/lib/android/sdk/platforms/android-36-ext19/data/res/values-mcc310-mnc380-fr: Cannot utime: Operation not permitted
build	Cache Android SDK	2026-06-06T12:22:49.4569868Z /usr/bin/tar: ../../../../../usr/local/lib/android/sdk/platforms/android-36-ext19/data/res/values-mcc310-mnc380-fr: Cannot change mode to rwxr-xr-x: Operation not permitted
build	Cache Android SDK	2026-06-06T12:22:49.4573039Z /usr/bin/tar: ../../../../../usr/local/lib/android/sdk/platforms/android-36-ext19/data/res/values-mcc310-mnc250-bn: Cannot utime: Operation not permitted
build	Cache Android SDK	2026-06-06T12:22:49.4573718Z /usr/bin/tar: ../../../../../usr/local/lib/android/sdk/platforms/android-36-ext19/data/res/values-mcc310-mnc250-bn: Cannot change mode to rwxr-xr-x: Operation not permitted
build	Cache Android SDK	2026-06-06T12:22:49.4577607Z /usr/bin/tar: ../../../../../usr/local/lib/android/sdk/platforms/android-36-ext19/data/res/values-mcc302-mnc720-lo: Cannot utime: Operation not permitted
build	Cache Android SDK	2026-06-06T12:22:49.4578247Z /usr/bin/tar: ../../../../../usr/local/lib/android/sdk/platforms/android-36-ext19/data/res/values-mcc302-mnc720-lo: Cannot change mode to rwxr-xr-x: Operation not permitted
build	Cache Android SDK	2026-06-06T12:22:49.4580494Z /usr/bin/tar: ../../../../../usr/local/lib/android/sdk/platforms/android-36-ext19/data/res/values-mcc310-mnc210-mn: Cannot utime: Operation not permitted
build	Cache Android SDK	2026-06-06T12:22:49.4580981Z /usr/bin/tar: ../../../../../usr/local/lib/android/sdk/platforms/android-36-ext19/data/res/values-mcc310-mnc210-mn: Cannot change mode to rwxr-xr-x: Operation not permitted
build	Cache Android SDK	2026-06-06T12:22:49.4583778Z /usr/bin/tar: ../../../../../usr/local/lib/android/sdk/platforms/android-36-ext19/data/res/values-mcc310-mnc230-gl: Cannot utime: Operation not permitted
build	Cache Android SDK	2026-06-06T12:22:49.4584402Z /usr/bin/tar: ../../../../../usr/local/lib/android/sdk/platforms/android-36-ext19/data/res/values-mcc310-mnc230-gl: Cannot change mode to rwxr-xr-x: Operation not permitted
build	Cache Android SDK	2026-06-06T12:22:49.4586426Z /usr/bin/tar: ../../../../../usr/local/lib/android/sdk/platforms/android-36-ext19/data/res/values-mcc310-mnc230-bg: Cannot utime: Operation not permitted
build	Cache Android SDK	2026-06-06T12:22:49.4586905Z /usr/bin/tar: ../../../../../usr/local/lib/android/sdk/platforms/android-36-ext19/data/res/values-mcc310-mnc230-bg: Cannot change mode to rwxr-xr-x: Operation not permitted
build	Cache Android SDK	2026-06-06T12:22:49.4589572Z /usr/bin/tar: ../../../../../usr/local/lib/android/sdk/platforms/android-36-ext19/data/res/values-mcc310-mnc250-pt: Cannot utime: Operation not permitted
build	Cache Android SDK	2026-06-06T12:22:49.4590062Z /usr/bin/tar: ../../../../../usr/local/lib/android/sdk/platforms/android-36-ext19/data/res/values-mcc310-mnc250-pt: Cannot change mode to rwxr-xr-x: Operation not permitted
build	Cache Android SDK	2026-06-06T12:22:49.4593073Z /usr/bin/tar: ../../../../../usr/local/lib/android/sdk/platforms/android-36-ext19/data/res/values-mcc310-mnc160-ko: Cannot utime: Operation not permitted
build	Cache Android SDK	2026-06-06T12:22:49.4593559Z /usr/bin/tar: ../../../../../usr/local/lib/android/sdk/platforms/android-36-ext19/data/res/values-mcc310-mnc160-ko: Cannot change mode to rwxr-xr-x: Operation not permitted
build	Cache Android SDK	2026-06-06T12:22:49.4595608Z /usr/bin/tar: ../../../../../usr/local/lib/android/sdk/platforms/android-36-ext19/data/res/values-mcc310-mnc410-sq: Cannot utime: Operation not permitted
build	Cache Android SDK	2026-06-06T12:22:49.4596081Z /usr/bin/tar: ../../../../../usr/local/lib/android/sdk/platforms/android-36-ext19/data/res/values-mcc310-mnc410-sq: Cannot change mode to rwxr-xr-x: Operation not permitted
build	Cache Android SDK	2026-06-06T12:22:49.4598702Z /usr/bin/tar: ../../../../../usr/local/lib/android/sdk/platforms/android-36-ext19/data/res/values-w480dp: Cannot utime: Operation not permitted
build	Cache Android SDK	2026-06-06T12:22:49.4599161Z /usr/bin/tar: ../../../../../usr/local/lib/android/sdk/platforms/android-36-ext19/data/res/values-w480dp: Cannot change mode to rwxr-xr-x: Operation not permitted
build	Cache Android SDK	2026-06-06T12:22:49.4601772Z /usr/bin/tar: ../../../../../usr/local/lib/android/sdk/platforms/android-36-ext19/data/res/values-mcc310-mnc560-is: Cannot utime: Operation not permitted
build	Cache Android SDK	2026-06-06T12:22:49.4602245Z /usr/bin/tar: ../../../../../usr/local/lib/android/sdk/platforms/android-36-ext19/data/res/values-mcc310-mnc560-is: Cannot change mode to rwxr-xr-x: Operation not permitted
build	Cache Android SDK	2026-06-06T12:22:49.4604966Z /usr/bin/tar: ../../../../../usr/local/lib/android/sdk/platforms/android-36-ext19/data/res/values-mn-watch: Cannot utime: Operation not permitted
build	Cache Android SDK	2026-06-06T12:22:49.4605419Z /usr/bin/tar: ../../../../../usr/local/lib/android/sdk/platforms/android-36-ext19/data/res/values-mn-watch: Cannot change mode to rwxr-xr-x: Operation not permitted
build	Cache Android SDK	2026-06-06T12:22:49.4608165Z /usr/bin/tar: ../../../../../usr/local/lib/android/sdk/platforms/android-36-ext19/data/res/values-mcc302-mnc720-ru: Cannot utime: Operation not permitted
build	Cache Android SDK	2026-06-06T12:22:49.4608649Z /usr/bin/tar: ../../../../../usr/local/lib/android/sdk/platforms/android-36-ext19/data/res/values-mcc302-mnc720-ru: Cannot change mode to rwxr-xr-x: Operation not permitted
build	Cache Android SDK	2026-06-06T12:22:49.4611133Z /usr/bin/tar: ../../../../../usr/local/lib/android/sdk/platforms/android-36-ext19/data/res/values-mcc310-mnc950-zh-rCN: Cannot utime: Operation not permitted
build	Cache Android SDK	2026-06-06T12:22:49.4611626Z /usr/bin/tar: ../../../../../usr/local/lib/android/sdk/platforms/android-36-ext19/data/res/values-mcc310-mnc950-zh-rCN: Cannot change mode to rwxr-xr-x: Operation not permitted
build	Cache Android SDK	2026-06-06T12:22:49.4614646Z /usr/bin/tar: ../../../../../usr/local/lib/android/sdk/platforms/android-36-ext19/data/res/values-mcc310-mnc950-cs: Cannot utime: Operation not permitted
build	Cache Android SDK	2026-06-06T12:22:49.4615121Z /usr/bin/tar: ../../../../../usr/local/lib/android/sdk/platforms/android-36-ext19/data/res/values-mcc310-mnc950-cs: Cannot change mode to rwxr-xr-x: Operation not permitted
build	Cache Android SDK	2026-06-06T12:22:49.4617830Z /usr/bin/tar: ../../../../../usr/local/lib/android/sdk/platforms/android-36-ext19/data/res/values-mcc310-mnc200-pt: Cannot utime: Operation not permitted
build	Cache Android SDK	2026-06-06T12:22:49.4618310Z /usr/bin/tar: ../../../../../usr/local/lib/android/sdk/platforms/android-36-ext19/data/res/values-mcc310-mnc200-pt: Cannot change mode to rwxr-xr-x: Operation not permitted
build	Cache Android SDK	2026-06-06T12:22:49.4621263Z /usr/bin/tar: ../../../../../usr/local/lib/android/sdk/platforms/android-36-ext19/data/res/values-mcc310-mnc240-fr-rCA: Cannot utime: Operation not permitted
build	Cache Android SDK	2026-06-06T12:22:49.4621757Z /usr/bin/tar: ../../../../../usr/local/lib/android/sdk/platforms/android-36-ext19/data/res/values-mcc310-mnc240-fr-rCA: Cannot change mode to rwxr-xr-x: Operation not permitted
build	Cache Android SDK	2026-06-06T12:22:49.4624189Z /usr/bin/tar: ../../../../../usr/local/lib/android/sdk/platforms/android-36-ext19/data/res/values-mcc311-mnc180-pl: Cannot utime: Operation not permitted
build	Cache Android SDK	2026-06-06T12:22:49.4624768Z /usr/bin/tar: ../../../../../usr/local/lib/android/sdk/platforms/android-36-ext19/data/res/values-mcc311-mnc180-pl: Cannot change mode to rwxr-xr-x: Operation not permitted
build	Cache Android SDK	2026-06-06T12:22:49.4627328Z /usr/bin/tar: ../../../../../usr/local/lib/android/sdk/platforms/android-36-ext19/data/res/values-ka-television: Cannot utime: Operation not permitted
build	Cache Android SDK	2026-06-06T12:22:49.4627969Z /usr/bin/tar: ../../../../../usr/local/lib/android/sdk/platforms/android-36-ext19/data/res/values-ka-television: Cannot change mode to rwxr-xr-x: Operation not permitted
build	Cache Android SDK	2026-06-06T12:22:49.4630291Z /usr/bin/tar: ../../../../../usr/local/lib/android/sdk/platforms/android-36-ext19/data/res/values-mcc310-mnc310-hr: Cannot utime: Operation not permitted
build	Cache Android SDK	2026-06-06T12:22:49.4630750Z /usr/bin/tar: ../../../../../usr/local/lib/android/sdk/platforms/android-36-ext19/data/res/values-mcc310-mnc310-hr: Cannot change mode to rwxr-xr-x: Operation not permitted
build	Cache Android SDK	2026-06-06T12:22:49.4636730Z /usr/bin/tar: ../../../../../usr/local/lib/android/sdk/platforms/android-36-ext19/data/res/animator: Cannot utime: Operation not permitted
build	Cache Android SDK	2026-06-06T12:22:49.4637274Z /usr/bin/tar: ../../../../../usr/local/lib/android/sdk/platforms/android-36-ext19/data/res/animator: Cannot change mode to rwxr-xr-x: Operation not permitted
build	Cache Android SDK	2026-06-06T12:22:49.4639601Z /usr/bin/tar: ../../../../../usr/local/lib/android/sdk/platforms/android-36-ext19/data/res/values-az-television: Cannot utime: Operation not permitted
build	Cache Android SDK	2026-06-06T12:22:49.4640072Z /usr/bin/tar: ../../../../../usr/local/lib/android/sdk/platforms/android-36-ext19/data/res/values-az-television: Cannot change mode to rwxr-xr-x: Operation not permitted
build	Cache Android SDK	2026-06-06T12:22:49.4647682Z /usr/bin/tar: ../../../../../usr/local/lib/android/sdk/platforms/android-36-ext19/data/res/values-en-rGB: Cannot utime: Operation not permitted
build	Cache Android SDK	2026-06-06T12:22:49.4648856Z /usr/bin/tar: ../../../../../usr/local/lib/android/sdk/platforms/android-36-ext19/data/res/values-en-rGB: Cannot change mode to rwxr-xr-x: Operation not permitted
build	Cache Android SDK	2026-06-06T12:22:49.4650812Z /usr/bin/tar: ../../../../../usr/local/lib/android/sdk/platforms/android-36-ext19/data/res/values-mcc310-mnc230-pt: Cannot utime: Operation not permitted
build	Cache Android SDK	2026-06-06T12:22:49.4651307Z /usr/bin/tar: ../../../../../usr/local/lib/android/sdk/platforms/android-36-ext19/data/res/values-mcc310-mnc230-pt: Cannot change mode to rwxr-xr-x: Operation not permitted
build	Cache Android SDK	2026-06-06T12:22:49.4653659Z /usr/bin/tar: ../../../../../usr/local/lib/android/sdk/platforms/android-36-ext19/data/res/values-mcc302-mnc370-bn: Cannot utime: Operation not permitted
build	Cache Android SDK	2026-06-06T12:22:49.4654132Z /usr/bin/tar: ../../../../../usr/local/lib/android/sdk/platforms/android-36-ext19/data/res/values-mcc302-mnc370-bn: Cannot change mode to rwxr-xr-x: Operation not permitted
build	Cache Android SDK	2026-06-06T12:22:49.4656731Z /usr/bin/tar: ../../../../../usr/local/lib/android/sdk/platforms/android-36-ext19/data/res/values-mcc310-mnc410-ro: Cannot utime: Operation not permitted
build	Cache Android SDK	2026-06-06T12:22:49.4657513Z /usr/bin/tar: ../../../../../usr/local/lib/android/sdk/platforms/android-36-ext19/data/res/values-mcc310-mnc410-ro: Cannot change mode to rwxr-xr-x: Operation not permitted
build	Cache Android SDK	2026-06-06T12:22:49.4659601Z /usr/bin/tar: ../../../../../usr/local/lib/android/sdk/platforms/android-36-ext19/data/res/values-mcc310-mnc170-en-rXC: Cannot utime: Operation not permitted
build	Cache Android SDK	2026-06-06T12:22:49.4660078Z /usr/bin/tar: ../../../../../usr/local/lib/android/sdk/platforms/android-36-ext19/data/res/values-mcc310-mnc170-en-rXC: Cannot change mode to rwxr-xr-x: Operation not permitted
build	Cache Android SDK	2026-06-06T12:22:49.4667895Z /usr/bin/tar: ../../../../../usr/local/lib/android/sdk/platforms/android-36-ext19/data/res/values-ka: Cannot utime: Operation not permitted
build	Cache Android SDK	2026-06-06T12:22:49.4668351Z /usr/bin/tar: ../../../../../usr/local/lib/android/sdk/platforms/android-36-ext19/data/res/values-ka: Cannot change mode to rwxr-xr-x: Operation not permitted
build	Cache Android SDK	2026-06-06T12:22:49.4670719Z /usr/bin/tar: ../../../../../usr/local/lib/android/sdk/platforms/android-36-ext19/data/res/values-ky-watch: Cannot utime: Operation not permitted
build	Cache Android SDK	2026-06-06T12:22:49.4671325Z /usr/bin/tar: ../../../../../usr/local/lib/android/sdk/platforms/android-36-ext19/data/res/values-ky-watch: Cannot change mode to rwxr-xr-x: Operation not permitted
build	Cache Android SDK	2026-06-06T12:22:49.4673717Z /usr/bin/tar: ../../../../../usr/local/lib/android/sdk/platforms/android-36-ext19/data/res/values-am-watch: Cannot utime: Operation not permitted
build	Cache Android SDK	2026-06-06T12:22:49.4674154Z /usr/bin/tar: ../../../../../usr/local/lib/android/sdk/platforms/android-36-ext19/data/res/values-am-watch: Cannot change mode to rwxr-xr-x: Operation not permitted
build	Cache Android SDK	2026-06-06T12:22:49.4677100Z /usr/bin/tar: ../../../../../usr/local/lib/android/sdk/platforms/android-36-ext19/data/res/values-mcc310-mnc004: Cannot utime: Operation not permitted
build	Cache Android SDK	2026-06-06T12:22:49.4677824Z /usr/bin/tar: ../../../../../usr/local/lib/android/sdk/platforms/android-36-ext19/data/res/values-mcc310-mnc004: Cannot change mode to rwxr-xr-x: Operation not permitted
build	Cache Android SDK	2026-06-06T12:22:49.4680158Z /usr/bin/tar: ../../../../../usr/local/lib/android/sdk/platforms/android-36-ext19/data/res/values-mcc310-mnc230-hu: Cannot utime: Operation not permitted
build	Cache Android SDK	2026-06-06T12:22:49.4680717Z /usr/bin/tar: ../../../../../usr/local/lib/android/sdk/platforms/android-36-ext19/data/res/values-mcc310-mnc230-hu: Cannot change mode to rwxr-xr-x: Operation not permitted
build	Cache Android SDK	2026-06-06T12:22:49.4683834Z /usr/bin/tar: ../../../../../usr/local/lib/android/sdk/platforms/android-36-ext19/data/res/values-mcc310-mnc660-hu: Cannot utime: Operation not permitted
build	Cache Android SDK	2026-06-06T12:22:49.4684296Z /usr/bin/tar: ../../../../../usr/local/lib/android/sdk/platforms/android-36-ext19/data/res/values-mcc310-mnc660-hu: Cannot change mode to rwxr-xr-x: Operation not permitted
build	Cache Android SDK	2026-06-06T12:22:49.4686920Z /usr/bin/tar: ../../../../../usr/local/lib/android/sdk/platforms/android-36-ext19/data/res/raw-es: Cannot utime: Operation not permitted
build	Cache Android SDK	2026-06-06T12:22:49.4687563Z /usr/bin/tar: ../../../../../usr/local/lib/android/sdk/platforms/android-36-ext19/data/res/raw-es: Cannot change mode to rwxr-xr-x: Operation not permitted
build	Cache Android SDK	2026-06-06T12:22:49.4690231Z /usr/bin/tar: ../../../../../usr/local/lib/android/sdk/platforms/android-36-ext19/data/res/values-mcc310-mnc220-ta: Cannot utime: Operation not permitted
build	Cache Android SDK	2026-06-06T12:22:49.4690848Z /usr/bin/tar: ../../../../../usr/local/lib/android/sdk/platforms/android-36-ext19/data/res/values-mcc310-mnc220-ta: Cannot change mode to rwxr-xr-x: Operation not permitted
build	Cache Android SDK	2026-06-06T12:22:49.4693352Z /usr/bin/tar: ../../../../../usr/local/lib/android/sdk/platforms/android-36-ext19/data/res/values-mcc302-mnc370-fa: Cannot utime: Operation not permitted
build	Cache Android SDK	2026-06-06T12:22:49.4693826Z /usr/bin/tar: ../../../../../usr/local/lib/android/sdk/platforms/android-36-ext19/data/res/values-mcc302-mnc370-fa: Cannot change mode to rwxr-xr-x: Operation not permitted
build	Cache Android SDK	2026-06-06T12:22:49.4696590Z /usr/bin/tar: ../../../../../usr/local/lib/android/sdk/platforms/android-36-ext19/data/res/values-mcc310-mnc270-en-rAU: Cannot utime: Operation not permitted
build	Cache Android SDK	2026-06-06T12:22:49.4697199Z /usr/bin/tar: ../../../../../usr/local/lib/android/sdk/platforms/android-36-ext19/data/res/values-mcc310-mnc270-en-rAU: Cannot change mode to rwxr-xr-x: Operation not permitted
build	Cache Android SDK	2026-06-06T12:22:49.4709189Z /usr/bin/tar: ../../../../../usr/local/lib/android/sdk/platforms/android-36-ext19/data/res/drawable-land-mdpi: Cannot utime: Operation not permitted
build	Cache Android SDK	2026-06-06T12:22:49.4709952Z /usr/bin/tar: ../../../../../usr/local/lib/android/sdk/platforms/android-36-ext19/data/res/drawable-land-mdpi: Cannot change mode to rwxr-xr-x: Operation not permitted
build	Cache Android SDK	2026-06-06T12:22:49.4711294Z /usr/bin/tar: ../../../../../usr/local/lib/android/sdk/platforms/android-36-ext19/data/res/values-mcc310-mnc210-ta: Cannot utime: Operation not permitted
build	Cache Android SDK	2026-06-06T12:22:49.4711769Z /usr/bin/tar: ../../../../../usr/local/lib/android/sdk/platforms/android-36-ext19/data/res/values-mcc310-mnc210-ta: Cannot change mode to rwxr-xr-x: Operation not permitted
build	Cache Android SDK	2026-06-06T12:22:49.4714588Z /usr/bin/tar: ../../../../../usr/local/lib/android/sdk/platforms/android-36-ext19/data/res/values-mcc310-mnc410-ko: Cannot utime: Operation not permitted
build	Cache Android SDK	2026-06-06T12:22:49.4715143Z /usr/bin/tar: ../../../../../usr/local/lib/android/sdk/platforms/android-36-ext19/data/res/values-mcc310-mnc410-ko: Cannot change mode to rwxr-xr-x: Operation not permitted
build	Cache Android SDK	2026-06-06T12:22:49.4718285Z /usr/bin/tar: ../../../../../usr/local/lib/android/sdk/platforms/android-36-ext19/data/res/values-mcc310-mnc030-ms: Cannot utime: Operation not permitted
build	Cache Android SDK	2026-06-06T12:22:49.4718767Z /usr/bin/tar: ../../../../../usr/local/lib/android/sdk/platforms/android-36-ext19/data/res/values-mcc310-mnc030-ms: Cannot change mode to rwxr-xr-x: Operation not permitted
build	Cache Android SDK	2026-06-06T12:22:49.4721329Z /usr/bin/tar: ../../../../../usr/local/lib/android/sdk/platforms/android-36-ext19/data/res/values-mcc310-mnc280-hi: Cannot utime: Operation not permitted
build	Cache Android SDK	2026-06-06T12:22:49.4721800Z /usr/bin/tar: ../../../../../usr/local/lib/android/sdk/platforms/android-36-ext19/data/res/values-mcc310-mnc280-hi: Cannot change mode to rwxr-xr-x: Operation not permitted
build	Cache Android SDK	2026-06-06T12:22:49.4724687Z /usr/bin/tar: ../../../../../usr/local/lib/android/sdk/platforms/android-36-ext19/data/res/values-mcc310-mnc310-ro: Cannot utime: Operation not permitted
build	Cache Android SDK	2026-06-06T12:22:49.4725238Z /usr/bin/tar: ../../../../../usr/local/lib/android/sdk/platforms/android-36-ext19/data/res/values-mcc310-mnc310-ro: Cannot change mode to rwxr-xr-x: Operation not permitted
build	Cache Android SDK	2026-06-06T12:22:49.4729103Z /usr/bin/tar: ../../../../../usr/local/lib/android/sdk/platforms/android-36-ext19/data/res/values-mcc310-mnc240-pt-rBR: Cannot utime: Operation not permitted
build	Cache Android SDK	2026-06-06T12:22:49.4729632Z /usr/bin/tar: ../../../../../usr/local/lib/android/sdk/platforms/android-36-ext19/data/res/values-mcc310-mnc240-pt-rBR: Cannot change mode to rwxr-xr-x: Operation not permitted
build	Cache Android SDK	2026-06-06T12:22:49.4736610Z /usr/bin/tar: ../../../../../usr/local/lib/android/sdk/platforms/android-36-ext19/data/res/values-mcc310-mnc490-fr: Cannot utime: Operation not permitted
build	Cache Android SDK	2026-06-06T12:22:49.4737303Z /usr/bin/tar: ../../../../../usr/local/lib/android/sdk/platforms/android-36-ext19/data/res/values-mcc310-mnc490-fr: Cannot change mode to rwxr-xr-x: Operation not permitted
build	Cache Android SDK	2026-06-06T12:22:49.4741737Z /usr/bin/tar: ../../../../../usr/local/lib/android/sdk/platforms/android-36-ext19/data/res/values-mcc310-mnc160-gu: Cannot utime: Operation not permitted
build	Cache Android SDK	2026-06-06T12:22:49.4742222Z /usr/bin/tar: ../../../../../usr/local/lib/android/sdk/platforms/android-36-ext19/data/res/values-mcc310-mnc160-gu: Cannot change mode to rwxr-xr-x: Operation not permitted
build	Cache Android SDK	2026-06-06T12:22:49.4745708Z /usr/bin/tar: ../../../../../usr/local/lib/android/sdk/platforms/android-36-ext19/data/res/values-mcc310-mnc150-es: Cannot utime: Operation not permitted
build	Cache Android SDK	2026-06-06T12:22:49.4746192Z /usr/bin/tar: ../../../../../usr/local/lib/android/sdk/platforms/android-36-ext19/data/res/values-mcc310-mnc150-es: Cannot change mode to rwxr-xr-x: Operation not permitted
build	Cache Android SDK	2026-06-06T12:22:49.4749690Z /usr/bin/tar: ../../../../../usr/local/lib/android/sdk/platforms/android-36-ext19/data/res/values-mcc310-mnc800-hi: Cannot utime: Operation not permitted
build	Cache Android SDK	2026-06-06T12:22:49.4750181Z /usr/bin/tar: ../../../../../usr/local/lib/android/sdk/platforms/android-36-ext19/data/res/values-mcc310-mnc800-hi: Cannot change mode to rwxr-xr-x: Operation not permitted
build	Cache Android SDK	2026-06-06T12:22:49.4753669Z /usr/bin/tar: ../../../../../usr/local/lib/android/sdk/platforms/android-36-ext19/data/res/values-mcc450-ko: Cannot utime: Operation not permitted
build	Cache Android SDK	2026-06-06T12:22:49.4754126Z /usr/bin/tar: ../../../../../usr/local/lib/android/sdk/platforms/android-36-ext19/data/res/values-mcc450-ko: Cannot change mode to rwxr-xr-x: Operation not permitted
build	Cache Android SDK	2026-06-06T12:22:49.4757715Z /usr/bin/tar: ../../../../../usr/local/lib/android/sdk/platforms/android-36-ext19/data/res/values-ml-television: Cannot utime: Operation not permitted
build	Cache Android SDK	2026-06-06T12:22:49.4758178Z /usr/bin/tar: ../../../../../usr/local/lib/android/sdk/platforms/android-36-ext19/data/res/values-ml-television: Cannot change mode to rwxr-xr-x: Operation not permitted
build	Cache Android SDK	2026-06-06T12:22:49.4761218Z /usr/bin/tar: ../../../../../usr/local/lib/android/sdk/platforms/android-36-ext19/data/res/values-mcc310-mnc240-vi: Cannot utime: Operation not permitted
build	Cache Android SDK	2026-06-06T12:22:49.4761702Z /usr/bin/tar: ../../../../../usr/local/lib/android/sdk/platforms/android-36-ext19/data/res/values-mcc310-mnc240-vi: Cannot change mode to rwxr-xr-x: Operation not permitted
build	Cache Android SDK	2026-06-06T12:22:49.4764870Z /usr/bin/tar: ../../../../../usr/local/lib/android/sdk/platforms/android-36-ext19/data/res/values-mcc311-mnc180-de: Cannot utime: Operation not permitted
build	Cache Android SDK	2026-06-06T12:22:49.4765351Z /usr/bin/tar: ../../../../../usr/local/lib/android/sdk/platforms/android-36-ext19/data/res/values-mcc311-mnc180-de: Cannot change mode to rwxr-xr-x: Operation not permitted
build	Cache Android SDK	2026-06-06T12:22:49.4767854Z /usr/bin/tar: ../../../../../usr/local/lib/android/sdk/platforms/android-36-ext19/data/res/values-mcc310-mnc210-pt-rBR: Cannot utime: Operation not permitted
build	Cache Android SDK	2026-06-06T12:22:49.4768366Z /usr/bin/tar: ../../../../../usr/local/lib/android/sdk/platforms/android-36-ext19/data/res/values-mcc310-mnc210-pt-rBR: Cannot change mode to rwxr-xr-x: Operation not permitted
build	Cache Android SDK	2026-06-06T12:22:49.4770518Z /usr/bin/tar: ../../../../../usr/local/lib/android/sdk/platforms/android-36-ext19/data/res/values-mcc732: Cannot utime: Operation not permitted
build	Cache Android SDK	2026-06-06T12:22:49.4770966Z /usr/bin/tar: ../../../../../usr/local/lib/android/sdk/platforms/android-36-ext19/data/res/values-mcc732: Cannot change mode to rwxr-xr-x: Operation not permitted
build	Cache Android SDK	2026-06-06T12:22:49.4775008Z /usr/bin/tar: ../../../../../usr/local/lib/android/sdk/platforms/android-36-ext19/data/res/values-mcc313-mnc100-zh-rHK: Cannot utime: Operation not permitted
build	Cache Android SDK	2026-06-06T12:22:49.4775498Z /usr/bin/tar: ../../../../../usr/local/lib/android/sdk/platforms/android-36-ext19/data/res/values-mcc313-mnc100-zh-rHK: Cannot change mode to rwxr-xr-x: Operation not permitted
build	Cache Android SDK	2026-06-06T12:22:49.4778330Z /usr/bin/tar: ../../../../../usr/local/lib/android/sdk/platforms/android-36-ext19/data/res/values-mcc334-mnc020-or: Cannot utime: Operation not permitted
build	Cache Android SDK	2026-06-06T12:22:49.4778819Z /usr/bin/tar: ../../../../../usr/local/lib/android/sdk/platforms/android-36-ext19/data/res/values-mcc334-mnc020-or: Cannot change mode to rwxr-xr-x: Operation not permitted
build	Cache Android SDK	2026-06-06T12:22:49.4784318Z /usr/bin/tar: ../../../../../usr/local/lib/android/sdk/platforms/android-36-ext19/data/res/values-mcc310-mnc150-in: Cannot utime: Operation not permitted
build	Cache Android SDK	2026-06-06T12:22:49.4784789Z /usr/bin/tar: ../../../../../usr/local/lib/android/sdk/platforms/android-36-ext19/data/res/values-mcc310-mnc150-in: Cannot change mode to rwxr-xr-x: Operation not permitted
build	Cache Android SDK	2026-06-06T12:22:49.4790202Z /usr/bin/tar: ../../../../../usr/local/lib/android/sdk/platforms/android-36-ext19/data/res/values-kn-television: Cannot utime: Operation not permitted
build	Cache Android SDK	2026-06-06T12:22:49.4790679Z /usr/bin/tar: ../../../../../usr/local/lib/android/sdk/platforms/android-36-ext19/data/res/values-kn-television: Cannot change mode to rwxr-xr-x: Operation not permitted
build	Cache Android SDK	2026-06-06T12:22:49.4793394Z /usr/bin/tar: ../../../../../usr/local/lib/android/sdk/platforms/android-36-ext19/data/res/values-mcc310-mnc410-cs: Cannot utime: Operation not permitted
build	Cache Android SDK	2026-06-06T12:22:49.4793879Z /usr/bin/tar: ../../../../../usr/local/lib/android/sdk/platforms/android-36-ext19/data/res/values-mcc310-mnc410-cs: Cannot change mode to rwxr-xr-x: Operation not permitted
build	Cache Android SDK	2026-06-06T12:22:49.4796443Z /usr/bin/tar: ../../../../../usr/local/lib/android/sdk/platforms/android-36-ext19/data/res/values-mcc310-mnc200-tr: Cannot utime: Operation not permitted
build	Cache Android SDK	2026-06-06T12:22:49.4796915Z /usr/bin/tar: ../../../../../usr/local/lib/android/sdk/platforms/android-36-ext19/data/res/values-mcc310-mnc200-tr: Cannot change mode to rwxr-xr-x: Operation not permitted
build	Cache Android SDK	2026-06-06T12:22:49.4800170Z /usr/bin/tar: ../../../../../usr/local/lib/android/sdk/platforms/android-36-ext19/data/res/values-mcc310-mnc030-sw: Cannot utime: Operation not permitted
build	Cache Android SDK	2026-06-06T12:22:49.4800730Z /usr/bin/tar: ../../../../../usr/local/lib/android/sdk/platforms/android-36-ext19/data/res/values-mcc310-mnc030-sw: Cannot change mode to rwxr-xr-x: Operation not permitted
build	Cache Android SDK	2026-06-06T12:22:49.4803749Z /usr/bin/tar: ../../../../../usr/local/lib/android/sdk/platforms/android-36-ext19/data/res/values-hi-rIN: Cannot utime: Operation not permitted
build	Cache Android SDK	2026-06-06T12:22:49.4804200Z /usr/bin/tar: ../../../../../usr/local/lib/android/sdk/platforms/android-36-ext19/data/res/values-hi-rIN: Cannot change mode to rwxr-xr-x: Operation not permitted
build	Cache Android SDK	2026-06-06T12:22:49.4806920Z /usr/bin/tar: ../../../../../usr/local/lib/android/sdk/platforms/android-36-ext19/data/res/values-mcc310-mnc170-sk: Cannot utime: Operation not permitted
build	Cache Android SDK	2026-06-06T12:22:49.4807534Z /usr/bin/tar: ../../../../../usr/local/lib/android/sdk/platforms/android-36-ext19/data/res/values-mcc310-mnc170-sk: Cannot change mode to rwxr-xr-x: Operation not permitted
build	Cache Android SDK	2026-06-06T12:22:49.4810442Z /usr/bin/tar: ../../../../../usr/local/lib/android/sdk/platforms/android-36-ext19/data/res/values-mcc310-mnc030-pt: Cannot utime: Operation not permitted
build	Cache Android SDK	2026-06-06T12:22:49.4811007Z /usr/bin/tar: ../../../../../usr/local/lib/android/sdk/platforms/android-36-ext19/data/res/values-mcc310-mnc030-pt: Cannot change mode to rwxr-xr-x: Operation not permitted
build	Cache Android SDK	2026-06-06T12:22:49.4813633Z /usr/bin/tar: ../../../../../usr/local/lib/android/sdk/platforms/android-36-ext19/data/res/values-mcc310-mnc150-b+sr+Latn: Cannot utime: Operation not permitted
build	Cache Android SDK	2026-06-06T12:22:49.4814142Z /usr/bin/tar: ../../../../../usr/local/lib/android/sdk/platforms/android-36-ext19/data/res/values-mcc310-mnc150-b+sr+Latn: Cannot change mode to rwxr-xr-x: Operation not permitted
build	Cache Android SDK	2026-06-06T12:22:49.4816621Z /usr/bin/tar: ../../../../../usr/local/lib/android/sdk/platforms/android-36-ext19/data/res/values-mcc310-mnc160-tl: Cannot utime: Operation not permitted
build	Cache Android SDK	2026-06-06T12:22:49.4817093Z /usr/bin/tar: ../../../../../usr/local/lib/android/sdk/platforms/android-36-ext19/data/res/values-mcc310-mnc160-tl: Cannot change mode to rwxr-xr-x: Operation not permitted
build	Cache Android SDK	2026-06-06T12:22:49.4819799Z /usr/bin/tar: ../../../../../usr/local/lib/android/sdk/platforms/android-36-ext19/data/res/values-mcc310-mnc310-am: Cannot utime: Operation not permitted
build	Cache Android SDK	2026-06-06T12:22:49.4820266Z /usr/bin/tar: ../../../../../usr/local/lib/android/sdk/platforms/android-36-ext19/data/res/values-mcc310-mnc310-am: Cannot change mode to rwxr-xr-x: Operation not permitted
build	Cache Android SDK	2026-06-06T12:22:49.4822826Z /usr/bin/tar: ../../../../../usr/local/lib/android/sdk/platforms/android-36-ext19/data/res/values-mcc310-mnc490-et: Cannot utime: Operation not permitted
build	Cache Android SDK	2026-06-06T12:22:49.4823295Z /usr/bin/tar: ../../../../../usr/local/lib/android/sdk/platforms/android-36-ext19/data/res/values-mcc310-mnc490-et: Cannot change mode to rwxr-xr-x: Operation not permitted
build	Cache Android SDK	2026-06-06T12:22:49.4825829Z /usr/bin/tar: ../../../../../usr/local/lib/android/sdk/platforms/android-36-ext19/data/res/values-mcc310-mnc280-en-rCA: Cannot utime: Operation not permitted
build	Cache Android SDK	2026-06-06T12:22:49.4826420Z /usr/bin/tar: ../../../../../usr/local/lib/android/sdk/platforms/android-36-ext19/data/res/values-mcc310-mnc280-en-rCA: Cannot change mode to rwxr-xr-x: Operation not permitted
build	Cache Android SDK	2026-06-06T12:22:49.4829819Z /usr/bin/tar: ../../../../../usr/local/lib/android/sdk/platforms/android-36-ext19/data/res/values-mcc310-mnc030-az: Cannot utime: Operation not permitted
build	Cache Android SDK	2026-06-06T12:22:49.4830298Z /usr/bin/tar: ../../../../../usr/local/lib/android/sdk/platforms/android-36-ext19/data/res/values-mcc310-mnc030-az: Cannot change mode to rwxr-xr-x: Operation not permitted
build	Cache Android SDK	2026-06-06T12:22:49.4832881Z /usr/bin/tar: ../../../../../usr/local/lib/android/sdk/platforms/android-36-ext19/data/res/values-mcc310-mnc280-mr: Cannot utime: Operation not permitted
build	Cache Android SDK	2026-06-06T12:22:49.4833348Z /usr/bin/tar: ../../../../../usr/local/lib/android/sdk/platforms/android-36-ext19/data/res/values-mcc310-mnc280-mr: Cannot change mode to rwxr-xr-x: Operation not permitted
build	Cache Android SDK	2026-06-06T12:22:49.4836143Z /usr/bin/tar: ../../../../../usr/local/lib/android/sdk/platforms/android-36-ext19/data/res/values-mcc310-mnc170-ko: Cannot utime: Operation not permitted
build	Cache Android SDK	2026-06-06T12:22:49.4836712Z /usr/bin/tar: ../../../../../usr/local/lib/android/sdk/platforms/android-36-ext19/data/res/values-mcc310-mnc170-ko: Cannot change mode to rwxr-xr-x: Operation not permitted
build	Cache Android SDK	2026-06-06T12:22:49.4839669Z /usr/bin/tar: ../../../../../usr/local/lib/android/sdk/platforms/android-36-ext19/data/res/values-mcc310-mnc250-kn: Cannot utime: Operation not permitted
build	Cache Android SDK	2026-06-06T12:22:49.4840135Z /usr/bin/tar: ../../../../../usr/local/lib/android/sdk/platforms/android-36-ext19/data/res/values-mcc310-mnc250-kn: Cannot change mode to rwxr-xr-x: Operation not permitted
build	Cache Android SDK	2026-06-06T12:22:49.4843733Z /usr/bin/tar: ../../../../../usr/local/lib/android/sdk/platforms/android-36-ext19/data/res/values-mcc440-mnc54: Cannot utime: Operation not permitted
build	Cache Android SDK	2026-06-06T12:22:49.4844268Z /usr/bin/tar: ../../../../../usr/local/lib/android/sdk/platforms/android-36-ext19/data/res/values-mcc440-mnc54: Cannot change mode to rwxr-xr-x: Operation not permitted
build	Cache Android SDK	2026-06-06T12:22:49.4847898Z /usr/bin/tar: ../../../../../usr/local/lib/android/sdk/platforms/android-36-ext19/data/res/values-mcc310-mnc660-en-rIN: Cannot utime: Operation not permitted
build	Cache Android SDK	2026-06-06T12:22:49.4848384Z /usr/bin/tar: ../../../../../usr/local/lib/android/sdk/platforms/android-36-ext19/data/res/values-mcc310-mnc660-en-rIN: Cannot change mode to rwxr-xr-x: Operation not permitted
build	Cache Android SDK	2026-06-06T12:22:49.4851416Z /usr/bin/tar: ../../../../../usr/local/lib/android/sdk/platforms/android-36-ext19/data/res/values-iw-rIL: Cannot utime: Operation not permitted
build	Cache Android SDK	2026-06-06T12:22:49.4851944Z /usr/bin/tar: ../../../../../usr/local/lib/android/sdk/platforms/android-36-ext19/data/res/values-iw-rIL: Cannot change mode to rwxr-xr-x: Operation not permitted
build	Cache Android SDK	2026-06-06T12:22:49.4854663Z /usr/bin/tar: ../../../../../usr/local/lib/android/sdk/platforms/android-36-ext19/data/res/values-mcc310-mnc220-az: Cannot utime: Operation not permitted
build	Cache Android SDK	2026-06-06T12:22:49.4855262Z /usr/bin/tar: ../../../../../usr/local/lib/android/sdk/platforms/android-36-ext19/data/res/values-mcc310-mnc220-az: Cannot change mode to rwxr-xr-x: Operation not permitted
build	Cache Android SDK	2026-06-06T12:22:49.4860409Z /usr/bin/tar: ../../../../../usr/local/lib/android/sdk/platforms/android-36-ext19/data/res/values-mcc310-mnc200-mk: Cannot utime: Operation not permitted
build	Cache Android SDK	2026-06-06T12:22:49.4860876Z /usr/bin/tar: ../../../../../usr/local/lib/android/sdk/platforms/android-36-ext19/data/res/values-mcc310-mnc200-mk: Cannot change mode to rwxr-xr-x: Operation not permitted
build	Cache Android SDK	2026-06-06T12:22:49.4863678Z /usr/bin/tar: ../../../../../usr/local/lib/android/sdk/platforms/android-36-ext19/data/res/values-mcc334-mnc020-iw: Cannot utime: Operation not permitted
build	Cache Android SDK	2026-06-06T12:22:49.4864141Z /usr/bin/tar: ../../../../../usr/local/lib/android/sdk/platforms/android-36-ext19/data/res/values-mcc334-mnc020-iw: Cannot change mode to rwxr-xr-x: Operation not permitted
build	Cache Android SDK	2026-06-06T12:22:49.4868586Z /usr/bin/tar: ../../../../../usr/local/lib/android/sdk/platforms/android-36-ext19/data/res/values-mcc310-mnc380-pt-rPT: Cannot utime: Operation not permitted
build	Cache Android SDK	2026-06-06T12:22:49.4869090Z /usr/bin/tar: ../../../../../usr/local/lib/android/sdk/platforms/android-36-ext19/data/res/values-mcc310-mnc380-pt-rPT: Cannot change mode to rwxr-xr-x: Operation not permitted
build	Cache Android SDK	2026-06-06T12:22:49.4871771Z /usr/bin/tar: ../../../../../usr/local/lib/android/sdk/platforms/android-36-ext19/data/res/values-mcc310-mnc210-sk: Cannot utime: Operation not permitted
build	Cache Android SDK	2026-06-06T12:22:49.4872230Z /usr/bin/tar: ../../../../../usr/local/lib/android/sdk/platforms/android-36-ext19/data/res/values-mcc310-mnc210-sk: Cannot change mode to rwxr-xr-x: Operation not permitted
build	Cache Android SDK	2026-06-06T12:22:49.4875233Z /usr/bin/tar: ../../../../../usr/local/lib/android/sdk/platforms/android-36-ext19/data/res/values-mcc310-mnc160-uz: Cannot utime: Operation not permitted
build	Cache Android SDK	2026-06-06T12:22:49.4875696Z /usr/bin/tar: ../../../../../usr/local/lib/android/sdk/platforms/android-36-ext19/data/res/values-mcc310-mnc160-uz: Cannot change mode to rwxr-xr-x: Operation not permitted
build	Cache Android SDK	2026-06-06T12:22:49.4878789Z /usr/bin/tar: ../../../../../usr/local/lib/android/sdk/platforms/android-36-ext19/data/res/values-mcc310-mnc250-bg: Cannot utime: Operation not permitted
build	Cache Android SDK	2026-06-06T12:22:49.4879272Z /usr/bin/tar: ../../../../../usr/local/lib/android/sdk/platforms/android-36-ext19/data/res/values-mcc310-mnc250-bg: Cannot change mode to rwxr-xr-x: Operation not permitted
build	Cache Android SDK	2026-06-06T12:22:49.4883075Z /usr/bin/tar: ../../../../../usr/local/lib/android/sdk/platforms/android-36-ext19/data/res/values-mcc310-mnc410-km: Cannot utime: Operation not permitted
build	Cache Android SDK	2026-06-06T12:22:49.4883544Z /usr/bin/tar: ../../../../../usr/local/lib/android/sdk/platforms/android-36-ext19/data/res/values-mcc310-mnc410-km: Cannot change mode to rwxr-xr-x: Operation not permitted
build	Cache Android SDK	2026-06-06T12:22:49.4890906Z /usr/bin/tar: ../../../../../usr/local/lib/android/sdk/platforms/android-36-ext19/data/res/values-lv: Cannot utime: Operation not permitted
build	Cache Android SDK	2026-06-06T12:22:49.4891533Z /usr/bin/tar: ../../../../../usr/local/lib/android/sdk/platforms/android-36-ext19/data/res/values-lv: Cannot change mode to rwxr-xr-x: Operation not permitted
build	Cache Android SDK	2026-06-06T12:22:49.4894770Z /usr/bin/tar: ../../../../../usr/local/lib/android/sdk/platforms/android-36-ext19/data/res/values-mcc334-mnc020-vi: Cannot utime: Operation not permitted
build	Cache Android SDK	2026-06-06T12:22:49.4895345Z /usr/bin/tar: ../../../../../usr/local/lib/android/sdk/platforms/android-36-ext19/data/res/values-mcc334-mnc020-vi: Cannot change mode to rwxr-xr-x: Operation not permitted
build	Cache Android SDK	2026-06-06T12:22:49.4897927Z /usr/bin/tar: ../../../../../usr/local/lib/android/sdk/platforms/android-36-ext19/data/res/values-mcc310-mnc210-en-rAU: Cannot utime: Operation not permitted
build	Cache Android SDK	2026-06-06T12:22:49.4898431Z /usr/bin/tar: ../../../../../usr/local/lib/android/sdk/platforms/android-36-ext19/data/res/values-mcc310-mnc210-en-rAU: Cannot change mode to rwxr-xr-x: Operation not permitted
build	Cache Android SDK	2026-06-06T12:22:49.4901620Z /usr/bin/tar: ../../../../../usr/local/lib/android/sdk/platforms/android-36-ext19/data/res/values-mcc310-mnc560-ka: Cannot utime: Operation not permitted
build	Cache Android SDK	2026-06-06T12:22:49.4902128Z /usr/bin/tar: ../../../../../usr/local/lib/android/sdk/platforms/android-36-ext19/data/res/values-mcc310-mnc560-ka: Cannot change mode to rwxr-xr-x: Operation not permitted
build	Cache Android SDK	2026-06-06T12:22:49.4912851Z /usr/bin/tar: ../../../../../usr/local/lib/android/sdk/platforms/android-36-ext19/data/res/values-mr: Cannot utime: Operation not permitted
build	Cache Android SDK	2026-06-06T12:22:49.4913339Z /usr/bin/tar: ../../../../../usr/local/lib/android/sdk/platforms/android-36-ext19/data/res/values-mr: Cannot change mode to rwxr-xr-x: Operation not permitted
build	Cache Android SDK	2026-06-06T12:22:49.4913769Z /usr/bin/tar: ../../../../../usr/local/lib/android/sdk/platforms/android-36-ext19/data/res/values-mcc310-mnc030-en-rAU: Cannot utime: Operation not permitted
build	Cache Android SDK	2026-06-06T12:22:49.4914251Z /usr/bin/tar: ../../../../../usr/local/lib/android/sdk/platforms/android-36-ext19/data/res/values-mcc310-mnc030-en-rAU: Cannot change mode to rwxr-xr-x: Operation not permitted
build	Cache Android SDK	2026-06-06T12:22:49.4916341Z /usr/bin/tar: ../../../../../usr/local/lib/android/sdk/platforms/android-36-ext19/data/res/values-sk-television: Cannot utime: Operation not permitted
build	Cache Android SDK	2026-06-06T12:22:49.4916844Z /usr/bin/tar: ../../../../../usr/local/lib/android/sdk/platforms/android-36-ext19/data/res/values-sk-television: Cannot change mode to rwxr-xr-x: Operation not permitted
build	Cache Android SDK	2026-06-06T12:22:49.4920044Z /usr/bin/tar: ../../../../../usr/local/lib/android/sdk/platforms/android-36-ext19/data/res/values-mcc310-mnc310-fr-rCA: Cannot utime: Operation not permitted
build	Cache Android SDK	2026-06-06T12:22:49.4920549Z /usr/bin/tar: ../../../../../usr/local/lib/android/sdk/platforms/android-36-ext19/data/res/values-mcc310-mnc310-fr-rCA: Cannot change mode to rwxr-xr-x: Operation not permitted
build	Cache Android SDK	2026-06-06T12:22:49.4922972Z /usr/bin/tar: ../../../../../usr/local/lib/android/sdk/platforms/android-36-ext19/data/res/values-mcc310-mnc230-fr: Cannot utime: Operation not permitted
build	Cache Android SDK	2026-06-06T12:22:49.4923554Z /usr/bin/tar: ../../../../../usr/local/lib/android/sdk/platforms/android-36-ext19/data/res/values-mcc310-mnc230-fr: Cannot change mode to rwxr-xr-x: Operation not permitted
build	Cache Android SDK	2026-06-06T12:22:49.4926085Z /usr/bin/tar: ../../../../../usr/local/lib/android/sdk/platforms/android-36-ext19/data/res/values-mcc313-mnc100-kk: Cannot utime: Operation not permitted
build	Cache Android SDK	2026-06-06T12:22:49.4926557Z /usr/bin/tar: ../../../../../usr/local/lib/android/sdk/platforms/android-36-ext19/data/res/values-mcc313-mnc100-kk: Cannot change mode to rwxr-xr-x: Operation not permitted
build	Cache Android SDK	2026-06-06T12:22:49.4929062Z /usr/bin/tar: ../../../../../usr/local/lib/android/sdk/platforms/android-36-ext19/data/res/values-mcc313-mnc100-zh-rCN: Cannot utime: Operation not permitted
build	Cache Android SDK	2026-06-06T12:22:49.4929562Z /usr/bin/tar: ../../../../../usr/local/lib/android/sdk/platforms/android-36-ext19/data/res/values-mcc313-mnc100-zh-rCN: Cannot change mode to rwxr-xr-x: Operation not permitted
build	Cache Android SDK	2026-06-06T12:22:49.4932573Z /usr/bin/tar: ../../../../../usr/local/lib/android/sdk/platforms/android-36-ext19/data/res/values-mcc310-mnc170-zh-rHK: Cannot utime: Operation not permitted
build	Cache Android SDK	2026-06-06T12:22:49.4933165Z /usr/bin/tar: ../../../../../usr/local/lib/android/sdk/platforms/android-36-ext19/data/res/values-mcc310-mnc170-zh-rHK: Cannot change mode to rwxr-xr-x: Operation not permitted
build	Cache Android SDK	2026-06-06T12:22:49.4935643Z /usr/bin/tar: ../../../../../usr/local/lib/android/sdk/platforms/android-36-ext19/data/res/values-mcc310-mnc270-ta: Cannot utime: Operation not permitted
build	Cache Android SDK	2026-06-06T12:22:49.4936116Z /usr/bin/tar: ../../../../../usr/local/lib/android/sdk/platforms/android-36-ext19/data/res/values-mcc310-mnc270-ta: Cannot change mode to rwxr-xr-x: Operation not permitted
build	Cache Android SDK	2026-06-06T12:22:49.4938570Z /usr/bin/tar: ../../../../../usr/local/lib/android/sdk/platforms/android-36-ext19/data/res/values-hy-television: Cannot utime: Operation not permitted
build	Cache Android SDK	2026-06-06T12:22:49.4939039Z /usr/bin/tar: ../../../../../usr/local/lib/android/sdk/platforms/android-36-ext19/data/res/values-hy-television: Cannot change mode to rwxr-xr-x: Operation not permitted
build	Cache Android SDK	2026-06-06T12:22:49.4941540Z /usr/bin/tar: ../../../../../usr/local/lib/android/sdk/platforms/android-36-ext19/data/res/values-mcc310-mnc150-pt: Cannot utime: Operation not permitted
build	Cache Android SDK	2026-06-06T12:22:49.4942019Z /usr/bin/tar: ../../../../../usr/local/lib/android/sdk/platforms/android-36-ext19/data/res/values-mcc310-mnc150-pt: Cannot change mode to rwxr-xr-x: Operation not permitted
build	Cache Android SDK	2026-06-06T12:22:49.4944615Z /usr/bin/tar: ../../../../../usr/local/lib/android/sdk/platforms/android-36-ext19/data/res/values-mcc310-mnc270-hr: Cannot utime: Operation not permitted
build	Cache Android SDK	2026-06-06T12:22:49.4945095Z /usr/bin/tar: ../../../../../usr/local/lib/android/sdk/platforms/android-36-ext19/data/res/values-mcc310-mnc270-hr: Cannot change mode to rwxr-xr-x: Operation not permitted
build	Cache Android SDK	2026-06-06T12:22:49.4947678Z /usr/bin/tar: ../../../../../usr/local/lib/android/sdk/platforms/android-36-ext19/data/res/values-mcc302-mnc720-fa: Cannot utime: Operation not permitted
build	Cache Android SDK	2026-06-06T12:22:49.4948283Z /usr/bin/tar: ../../../../../usr/local/lib/android/sdk/platforms/android-36-ext19/data/res/values-mcc302-mnc720-fa: Cannot change mode to rwxr-xr-x: Operation not permitted
build	Cache Android SDK	2026-06-06T12:22:49.4950777Z /usr/bin/tar: ../../../../../usr/local/lib/android/sdk/platforms/android-36-ext19/data/res/values-mcc310-mnc310-ml: Cannot utime: Operation not permitted
build	Cache Android SDK	2026-06-06T12:22:49.4951245Z /usr/bin/tar: ../../../../../usr/local/lib/android/sdk/platforms/android-36-ext19/data/res/values-mcc310-mnc310-ml: Cannot change mode to rwxr-xr-x: Operation not permitted
build	Cache Android SDK	2026-06-06T12:22:49.4953797Z /usr/bin/tar: ../../../../../usr/local/lib/android/sdk/platforms/android-36-ext19/data/res/values-mcc310-mnc380-hy: Cannot utime: Operation not permitted
build	Cache Android SDK	2026-06-06T12:22:49.4954273Z /usr/bin/tar: ../../../../../usr/local/lib/android/sdk/platforms/android-36-ext19/data/res/values-mcc310-mnc380-hy: Cannot change mode to rwxr-xr-x: Operation not permitted
build	Cache Android SDK	2026-06-06T12:22:49.4956517Z /usr/bin/tar: ../../../../../usr/local/lib/android/sdk/platforms/android-36-ext19/data/res/values-mcc001-mnc01-kk: Cannot utime: Operation not permitted
build	Cache Android SDK	2026-06-06T12:22:49.4957087Z /usr/bin/tar: ../../../../../usr/local/lib/android/sdk/platforms/android-36-ext19/data/res/values-mcc001-mnc01-kk: Cannot change mode to rwxr-xr-x: Operation not permitted
build	Cache Android SDK	2026-06-06T12:22:49.4963809Z /usr/bin/tar: ../../../../../usr/local/lib/android/sdk/platforms/android-36-ext19/data/res/values-ja: Cannot utime: Operation not permitted
build	Cache Android SDK	2026-06-06T12:22:49.4964259Z /usr/bin/tar: ../../../../../usr/local/lib/android/sdk/platforms/android-36-ext19/data/res/values-ja: Cannot change mode to rwxr-xr-x: Operation not permitted
build	Cache Android SDK	2026-06-06T12:22:49.4967023Z /usr/bin/tar: ../../../../../usr/local/lib/android/sdk/platforms/android-36-ext19/data/res/values-mcc310-mnc270-es: Cannot utime: Operation not permitted
build	Cache Android SDK	2026-06-06T12:22:49.4967736Z /usr/bin/tar: ../../../../../usr/local/lib/android/sdk/platforms/android-36-ext19/data/res/values-mcc310-mnc270-es: Cannot change mode to rwxr-xr-x: Operation not permitted
build	Cache Android SDK	2026-06-06T12:22:49.4970011Z /usr/bin/tar: ../../../../../usr/local/lib/android/sdk/platforms/android-36-ext19/data/res/values-mcc310-mnc230-az: Cannot utime: Operation not permitted
build	Cache Android SDK	2026-06-06T12:22:49.4970656Z /usr/bin/tar: ../../../../../usr/local/lib/android/sdk/platforms/android-36-ext19/data/res/values-mcc310-mnc230-az: Cannot change mode to rwxr-xr-x: Operation not permitted
build	Cache Android SDK	2026-06-06T12:22:49.4973089Z /usr/bin/tar: ../../../../../usr/local/lib/android/sdk/platforms/android-36-ext19/data/res/values-mcc313-mnc100-hi: Cannot utime: Operation not permitted
build	Cache Android SDK	2026-06-06T12:22:49.4973573Z /usr/bin/tar: ../../../../../usr/local/lib/android/sdk/platforms/android-36-ext19/data/res/values-mcc313-mnc100-hi: Cannot change mode to rwxr-xr-x: Operation not permitted
build	Cache Android SDK	2026-06-06T12:22:49.4979525Z /usr/bin/tar: ../../../../../usr/local/lib/android/sdk/platforms/android-36-ext19/data/res/values-mcc310-mnc240-zh-rTW: Cannot utime: Operation not permitted
build	Cache Android SDK	2026-06-06T12:22:49.4980138Z /usr/bin/tar: ../../../../../usr/local/lib/android/sdk/platforms/android-36-ext19/data/res/values-mcc310-mnc240-zh-rTW: Cannot change mode to rwxr-xr-x: Operation not permitted
build	Cache Android SDK	2026-06-06T12:22:49.4983201Z /usr/bin/tar: ../../../../../usr/local/lib/android/sdk/platforms/android-36-ext19/data/res/values-mcc310-mnc210-es: Cannot utime: Operation not permitted
build	Cache Android SDK	2026-06-06T12:22:49.4983685Z /usr/bin/tar: ../../../../../usr/local/lib/android/sdk/platforms/android-36-ext19/data/res/values-mcc310-mnc210-es: Cannot change mode to rwxr-xr-x: Operation not permitted
build	Cache Android SDK	2026-06-06T12:22:49.4987659Z /usr/bin/tar: ../../../../../usr/local/lib/android/sdk/platforms/android-36-ext19/data/res/values-mcc310-mnc150-ca: Cannot utime: Operation not permitted
build	Cache Android SDK	2026-06-06T12:22:49.4988201Z /usr/bin/tar: ../../../../../usr/local/lib/android/sdk/platforms/android-36-ext19/data/res/values-mcc310-mnc150-ca: Cannot change mode to rwxr-xr-x: Operation not permitted
build	Cache Android SDK	2026-06-06T12:22:49.4990894Z /usr/bin/tar: ../../../../../usr/local/lib/android/sdk/platforms/android-36-ext19/data/res/values-mcc310-mnc210-te: Cannot utime: Operation not permitted
build	Cache Android SDK	2026-06-06T12:22:49.4991364Z /usr/bin/tar: ../../../../../usr/local/lib/android/sdk/platforms/android-36-ext19/data/res/values-mcc310-mnc210-te: Cannot change mode to rwxr-xr-x: Operation not permitted
build	Cache Android SDK	2026-06-06T12:22:49.4994595Z /usr/bin/tar: ../../../../../usr/local/lib/android/sdk/platforms/android-36-ext19/data/res/values-mcc310-mnc210-hy: Cannot utime: Operation not permitted
build	Cache Android SDK	2026-06-06T12:22:49.4995483Z /usr/bin/tar: ../../../../../usr/local/lib/android/sdk/platforms/android-36-ext19/data/res/values-mcc310-mnc210-hy: Cannot change mode to rwxr-xr-x: Operation not permitted
build	Cache Android SDK	2026-06-06T12:22:49.4998028Z /usr/bin/tar: ../../../../../usr/local/lib/android/sdk/platforms/android-36-ext19/data/res/values-mcc334-mnc020-is: Cannot utime: Operation not permitted
build	Cache Android SDK	2026-06-06T12:22:49.4998514Z /usr/bin/tar: ../../../../../usr/local/lib/android/sdk/platforms/android-36-ext19/data/res/values-mcc334-mnc020-is: Cannot change mode to rwxr-xr-x: Operation not permitted
build	Cache Android SDK	2026-06-06T12:22:49.5000744Z /usr/bin/tar: ../../../../../usr/local/lib/android/sdk/platforms/android-36-ext19/data/res/values-mcc310-mnc220-b+sr+Latn: Cannot utime: Operation not permitted
build	Cache Android SDK	2026-06-06T12:22:49.5001262Z /usr/bin/tar: ../../../../../usr/local/lib/android/sdk/platforms/android-36-ext19/data/res/values-mcc310-mnc220-b+sr+Latn: Cannot change mode to rwxr-xr-x: Operation not permitted
build	Cache Android SDK	2026-06-06T12:22:49.5004245Z /usr/bin/tar: ../../../../../usr/local/lib/android/sdk/platforms/android-36-ext19/data/res/values-mcc310-mnc200-cs: Cannot utime: Operation not permitted
build	Cache Android SDK	2026-06-06T12:22:49.5004729Z /usr/bin/tar: ../../../../../usr/local/lib/android/sdk/platforms/android-36-ext19/data/res/values-mcc310-mnc200-cs: Cannot change mode to rwxr-xr-x: Operation not permitted
build	Cache Android SDK	2026-06-06T12:22:49.5007589Z /usr/bin/tar: ../../../../../usr/local/lib/android/sdk/platforms/android-36-ext19/data/res/values-it-rIT: Cannot utime: Operation not permitted
build	Cache Android SDK	2026-06-06T12:22:49.5008051Z /usr/bin/tar: ../../../../../usr/local/lib/android/sdk/platforms/android-36-ext19/data/res/values-it-rIT: Cannot change mode to rwxr-xr-x: Operation not permitted
build	Cache Android SDK	2026-06-06T12:22:49.5010389Z /usr/bin/tar: ../../../../../usr/local/lib/android/sdk/platforms/android-36-ext19/data/res/values-mcc310-mnc950-sv: Cannot utime: Operation not permitted
build	Cache Android SDK	2026-06-06T12:22:49.5010854Z /usr/bin/tar: ../../../../../usr/local/lib/android/sdk/platforms/android-36-ext19/data/res/values-mcc310-mnc950-sv: Cannot change mode to rwxr-xr-x: Operation not permitted
build	Cache Android SDK	2026-06-06T12:22:49.5013914Z /usr/bin/tar: ../../../../../usr/local/lib/android/sdk/platforms/android-36-ext19/data/res/values-mcc310-mnc030-pl: Cannot utime: Operation not permitted
build	Cache Android SDK	2026-06-06T12:22:49.5014372Z /usr/bin/tar: ../../../../../usr/local/lib/android/sdk/platforms/android-36-ext19/data/res/values-mcc310-mnc030-pl: Cannot change mode to rwxr-xr-x: Operation not permitted
build	Cache Android SDK	2026-06-06T12:22:49.5017462Z /usr/bin/tar: ../../../../../usr/local/lib/android/sdk/platforms/android-36-ext19/data/res/values-mcc404: Cannot utime: Operation not permitted
build	Cache Android SDK	2026-06-06T12:22:49.5023346Z /usr/bin/tar: ../../../../../usr/local/lib/android/sdk/platforms/android-36-ext19/data/res/values-mcc404: Cannot change mode to rwxr-xr-x: Operation not permitted
build	Cache Android SDK	2026-06-06T12:22:49.5023777Z /usr/bin/tar: ../../../../../usr/local/lib/android/sdk/platforms/android-36-ext19/data/res/values-mcc310-mnc490-zh-rHK: Cannot utime: Operation not permitted
build	Cache Android SDK	2026-06-06T12:22:49.5024254Z /usr/bin/tar: ../../../../../usr/local/lib/android/sdk/platforms/android-36-ext19/data/res/values-mcc310-mnc490-zh-rHK: Cannot change mode to rwxr-xr-x: Operation not permitted
build	Cache Android SDK	2026-06-06T12:22:49.5026454Z /usr/bin/tar: ../../../../../usr/local/lib/android/sdk/platforms/android-36-ext19/data/res/values-mcc334-mnc020-eu: Cannot utime: Operation not permitted
build	Cache Android SDK	2026-06-06T12:22:49.5026909Z /usr/bin/tar: ../../../../../usr/local/lib/android/sdk/platforms/android-36-ext19/data/res/values-mcc334-mnc020-eu: Cannot change mode to rwxr-xr-x: Operation not permitted
build	Cache Android SDK	2026-06-06T12:22:49.5029751Z /usr/bin/tar: ../../../../../usr/local/lib/android/sdk/platforms/android-36-ext19/data/res/values-mcc302-mnc370-gl: Cannot utime: Operation not permitted
build	Cache Android SDK	2026-06-06T12:22:49.5030218Z /usr/bin/tar: ../../../../../usr/local/lib/android/sdk/platforms/android-36-ext19/data/res/values-mcc302-mnc370-gl: Cannot change mode to rwxr-xr-x: Operation not permitted
build	Cache Android SDK	2026-06-06T12:22:49.5033800Z /usr/bin/tar: ../../../../../usr/local/lib/android/sdk/platforms/android-36-ext19/data/res/values-mcc310-mnc210-hr: Cannot utime: Operation not permitted
build	Cache Android SDK	2026-06-06T12:22:49.5034704Z /usr/bin/tar: ../../../../../usr/local/lib/android/sdk/platforms/android-36-ext19/data/res/values-mcc310-mnc210-hr: Cannot change mode to rwxr-xr-x: Operation not permitted
build	Cache Android SDK	2026-06-06T12:22:49.5036873Z /usr/bin/tar: ../../../../../usr/local/lib/android/sdk/platforms/android-36-ext19/data/res/values-mcc001-mnc01-mr: Cannot utime: Operation not permitted
build	Cache Android SDK	2026-06-06T12:22:49.5037703Z /usr/bin/tar: ../../../../../usr/local/lib/android/sdk/platforms/android-36-ext19/data/res/values-mcc001-mnc01-mr: Cannot change mode to rwxr-xr-x: Operation not permitted
build	Cache Android SDK	2026-06-06T12:22:49.5040097Z /usr/bin/tar: ../../../../../usr/local/lib/android/sdk/platforms/android-36-ext19/data/res/values-mcc310-mnc150-tl: Cannot utime: Operation not permitted
build	Cache Android SDK	2026-06-06T12:22:49.5040584Z /usr/bin/tar: ../../../../../usr/local/lib/android/sdk/platforms/android-36-ext19/data/res/values-mcc310-mnc150-tl: Cannot change mode to rwxr-xr-x: Operation not permitted
build	Cache Android SDK	2026-06-06T12:22:49.5048250Z /usr/bin/tar: ../../../../../usr/local/lib/android/sdk/platforms/android-36-ext19/data/res/values-km: Cannot utime: Operation not permitted
build	Cache Android SDK	2026-06-06T12:22:49.5048802Z /usr/bin/tar: ../../../../../usr/local/lib/android/sdk/platforms/android-36-ext19/data/res/values-km: Cannot change mode to rwxr-xr-x: Operation not permitted
build	Cache Android SDK	2026-06-06T12:22:49.5051478Z /usr/bin/tar: ../../../../../usr/local/lib/android/sdk/platforms/android-36-ext19/data/res/values-mcc302-mnc370-be: Cannot utime: Operation not permitted
build	Cache Android SDK	2026-06-06T12:22:49.5052340Z /usr/bin/tar: ../../../../../usr/local/lib/android/sdk/platforms/android-36-ext19/data/res/values-mcc302-mnc370-be: Cannot change mode to rwxr-xr-x: Operation not permitted
build	Cache Android SDK	2026-06-06T12:22:49.5054983Z /usr/bin/tar: ../../../../../usr/local/lib/android/sdk/platforms/android-36-ext19/data/res/values-mcc310-mnc380-uk: Cannot utime: Operation not permitted
build	Cache Android SDK	2026-06-06T12:22:49.5055502Z /usr/bin/tar: ../../../../../usr/local/lib/android/sdk/platforms/android-36-ext19/data/res/values-mcc310-mnc380-uk: Cannot change mode to rwxr-xr-x: Operation not permitted
build	Cache Android SDK	2026-06-06T12:22:49.5058403Z /usr/bin/tar: ../../../../../usr/local/lib/android/sdk/platforms/android-36-ext19/data/res/values-mcc302-mnc370-uk: Cannot utime: Operation not permitted
build	Cache Android SDK	2026-06-06T12:22:49.5058885Z /usr/bin/tar: ../../../../../usr/local/lib/android/sdk/platforms/android-36-ext19/data/res/values-mcc302-mnc370-uk: Cannot change mode to rwxr-xr-x: Operation not permitted
build	Cache Android SDK	2026-06-06T12:22:49.5061857Z /usr/bin/tar: ../../../../../usr/local/lib/android/sdk/platforms/android-36-ext19/data/res/values-mcc001-mnc01-lt: Cannot utime: Operation not permitted
build	Cache Android SDK	2026-06-06T12:22:49.5062350Z /usr/bin/tar: ../../../../../usr/local/lib/android/sdk/platforms/android-36-ext19/data/res/values-mcc001-mnc01-lt: Cannot change mode to rwxr-xr-x: Operation not permitted
build	Cache Android SDK	2026-06-06T12:22:49.5065167Z /usr/bin/tar: ../../../../../usr/local/lib/android/sdk/platforms/android-36-ext19/data/res/values-mcc310-mnc560-en-rCA: Cannot utime: Operation not permitted
build	Cache Android SDK	2026-06-06T12:22:49.5065654Z /usr/bin/tar: ../../../../../usr/local/lib/android/sdk/platforms/android-36-ext19/data/res/values-mcc310-mnc560-en-rCA: Cannot change mode to rwxr-xr-x: Operation not permitted
build	Cache Android SDK	2026-06-06T12:22:49.5070205Z /usr/bin/tar: ../../../../../usr/local/lib/android/sdk/platforms/android-36-ext19/data/res/values-mcc310-mnc310-uk: Cannot utime: Operation not permitted
build	Cache Android SDK	2026-06-06T12:22:49.5070786Z /usr/bin/tar: ../../../../../usr/local/lib/android/sdk/platforms/android-36-ext19/data/res/values-mcc310-mnc310-uk: Cannot change mode to rwxr-xr-x: Operation not permitted
build	Cache Android SDK	2026-06-06T12:22:49.5073094Z /usr/bin/tar: ../../../../../usr/local/lib/android/sdk/platforms/android-36-ext19/data/res/values-mcc302-mnc720-uk: Cannot utime: Operation not permitted
build	Cache Android SDK	2026-06-06T12:22:49.5073571Z /usr/bin/tar: ../../../../../usr/local/lib/android/sdk/platforms/android-36-ext19/data/res/values-mcc302-mnc720-uk: Cannot change mode to rwxr-xr-x: Operation not permitted
build	Cache Android SDK	2026-06-06T12:22:49.5077078Z /usr/bin/tar: ../../../../../usr/local/lib/android/sdk/platforms/android-36-ext19/data/res/values-mcc310-mnc240-ka: Cannot utime: Operation not permitted
build	Cache Android SDK	2026-06-06T12:22:49.5077797Z /usr/bin/tar: ../../../../../usr/local/lib/android/sdk/platforms/android-36-ext19/data/res/values-mcc310-mnc240-ka: Cannot change mode to rwxr-xr-x: Operation not permitted
build	Cache Android SDK	2026-06-06T12:22:49.5085096Z /usr/bin/tar: ../../../../../usr/local/lib/android/sdk/platforms/android-36-ext19/data/res/values-watch: Cannot utime: Operation not permitted
build	Cache Android SDK	2026-06-06T12:22:49.5085866Z /usr/bin/tar: ../../../../../usr/local/lib/android/sdk/platforms/android-36-ext19/data/res/values-watch: Cannot change mode to rwxr-xr-x: Operation not permitted
build	Cache Android SDK	2026-06-06T12:22:49.5088030Z /usr/bin/tar: ../../../../../usr/local/lib/android/sdk/platforms/android-36-ext19/data/res/values-mcc310-mnc800-bs: Cannot utime: Operation not permitted
build	Cache Android SDK	2026-06-06T12:22:49.5088628Z /usr/bin/tar: ../../../../../usr/local/lib/android/sdk/platforms/android-36-ext19/data/res/values-mcc310-mnc800-bs: Cannot change mode to rwxr-xr-x: Operation not permitted
build	Cache Android SDK	2026-06-06T12:22:49.5091496Z /usr/bin/tar: ../../../../../usr/local/lib/android/sdk/platforms/android-36-ext19/data/res/values-mcc310-mnc150-az: Cannot utime: Operation not permitted
build	Cache Android SDK	2026-06-06T12:22:49.5091973Z /usr/bin/tar: ../../../../../usr/local/lib/android/sdk/platforms/android-36-ext19/data/res/values-mcc310-mnc150-az: Cannot change mode to rwxr-xr-x: Operation not permitted
build	Cache Android SDK	2026-06-06T12:22:49.5101397Z /usr/bin/tar: ../../../../../usr/local/lib/android/sdk/platforms/android-36-ext19/data/res/values-kn: Cannot utime: Operation not permitted
build	Cache Android SDK	2026-06-06T12:22:49.5102352Z /usr/bin/tar: ../../../../../usr/local/lib/android/sdk/platforms/android-36-ext19/data/res/values-kn: Cannot change mode to rwxr-xr-x: Operation not permitted
build	Cache Android SDK	2026-06-06T12:22:49.5103135Z /usr/bin/tar: ../../../../../usr/local/lib/android/sdk/platforms/android-36-ext19/data/res/values-mcc310-mnc490-pt: Cannot utime: Operation not permitted
build	Cache Android SDK	2026-06-06T12:22:49.5103935Z /usr/bin/tar: ../../../../../usr/local/lib/android/sdk/platforms/android-36-ext19/data/res/values-mcc310-mnc490-pt: Cannot change mode to rwxr-xr-x: Operation not permitted
build	Cache Android SDK	2026-06-06T12:22:49.5105620Z /usr/bin/tar: ../../../../../usr/local/lib/android/sdk/platforms/android-36-ext19/data/res/values-mcc310-mnc280-or: Cannot utime: Operation not permitted
build	Cache Android SDK	2026-06-06T12:22:49.5106210Z /usr/bin/tar: ../../../../../usr/local/lib/android/sdk/platforms/android-36-ext19/data/res/values-mcc310-mnc280-or: Cannot change mode to rwxr-xr-x: Operation not permitted
build	Cache Android SDK	2026-06-06T12:22:49.5109442Z /usr/bin/tar: ../../../../../usr/local/lib/android/sdk/platforms/android-36-ext19/data/res/values-mcc311-mnc180-iw: Cannot utime: Operation not permitted
build	Cache Android SDK	2026-06-06T12:22:49.5109902Z /usr/bin/tar: ../../../../../usr/local/lib/android/sdk/platforms/android-36-ext19/data/res/values-mcc311-mnc180-iw: Cannot change mode to rwxr-xr-x: Operation not permitted
build	Cache Android SDK	2026-06-06T12:22:49.5112553Z /usr/bin/tar: ../../../../../usr/local/lib/android/sdk/platforms/android-36-ext19/data/res/values-ru-watch: Cannot utime: Operation not permitted
build	Cache Android SDK	2026-06-06T12:22:49.5112994Z /usr/bin/tar: ../../../../../usr/local/lib/android/sdk/platforms/android-36-ext19/data/res/values-ru-watch: Cannot change mode to rwxr-xr-x: Operation not permitted
build	Cache Android SDK	2026-06-06T12:22:49.5115611Z /usr/bin/tar: ../../../../../usr/local/lib/android/sdk/platforms/android-36-ext19/data/res/values-mcc310-mnc800-sl: Cannot utime: Operation not permitted
build	Cache Android SDK	2026-06-06T12:22:49.5116151Z /usr/bin/tar: ../../../../../usr/local/lib/android/sdk/platforms/android-36-ext19/data/res/values-mcc310-mnc800-sl: Cannot change mode to rwxr-xr-x: Operation not permitted
build	Cache Android SDK	2026-06-06T12:22:49.5119177Z /usr/bin/tar: ../../../../../usr/local/lib/android/sdk/platforms/android-36-ext19/data/res/layout-round-watch: Cannot utime: Operation not permitted
build	Cache Android SDK	2026-06-06T12:22:49.5119636Z /usr/bin/tar: ../../../../../usr/local/lib/android/sdk/platforms/android-36-ext19/data/res/layout-round-watch: Cannot change mode to rwxr-xr-x: Operation not permitted
build	Cache Android SDK	2026-06-06T12:22:49.5122290Z /usr/bin/tar: ../../../../../usr/local/lib/android/sdk/platforms/android-36-ext19/data/res/values-w640dp: Cannot utime: Operation not permitted
build	Cache Android SDK	2026-06-06T12:22:49.5122730Z /usr/bin/tar: ../../../../../usr/local/lib/android/sdk/platforms/android-36-ext19/data/res/values-w640dp: Cannot change mode to rwxr-xr-x: Operation not permitted
build	Cache Android SDK	2026-06-06T12:22:49.5125514Z /usr/bin/tar: ../../../../../usr/local/lib/android/sdk/platforms/android-36-ext19/data/res/values-af-rZA: Cannot utime: Operation not permitted
build	Cache Android SDK	2026-06-06T12:22:49.5126051Z /usr/bin/tar: ../../../../../usr/local/lib/android/sdk/platforms/android-36-ext19/data/res/values-af-rZA: Cannot change mode to rwxr-xr-x: Operation not permitted
build	Cache Android SDK	2026-06-06T12:22:49.5128888Z /usr/bin/tar: ../../../../../usr/local/lib/android/sdk/platforms/android-36-ext19/data/res/values-mcc310-mnc410-hr: Cannot utime: Operation not permitted
build	Cache Android SDK	2026-06-06T12:22:49.5129348Z /usr/bin/tar: ../../../../../usr/local/lib/android/sdk/platforms/android-36-ext19/data/res/values-mcc310-mnc410-hr: Cannot change mode to rwxr-xr-x: Operation not permitted
build	Cache Android SDK	2026-06-06T12:22:49.5132145Z /usr/bin/tar: ../../../../../usr/local/lib/android/sdk/platforms/android-36-ext19/data/res/values-mcc312-mnc670-ka: Cannot utime: Operation not permitted
build	Cache Android SDK	2026-06-06T12:22:49.5132603Z /usr/bin/tar: ../../../../../usr/local/lib/android/sdk/platforms/android-36-ext19/data/res/values-mcc312-mnc670-ka: Cannot change mode to rwxr-xr-x: Operation not permitted
build	Cache Android SDK	2026-06-06T12:22:49.5135547Z /usr/bin/tar: ../../../../../usr/local/lib/android/sdk/platforms/android-36-ext19/data/res/values-mcc310-mnc950-am: Cannot utime: Operation not permitted
build	Cache Android SDK	2026-06-06T12:22:49.5136175Z /usr/bin/tar: ../../../../../usr/local/lib/android/sdk/platforms/android-36-ext19/data/res/values-mcc310-mnc950-am: Cannot change mode to rwxr-xr-x: Operation not permitted
build	Cache Android SDK	2026-06-06T12:22:49.5138933Z /usr/bin/tar: ../../../../../usr/local/lib/android/sdk/platforms/android-36-ext19/data/res/values-mcc313-mnc100-kn: Cannot utime: Operation not permitted
build	Cache Android SDK	2026-06-06T12:22:49.5139411Z /usr/bin/tar: ../../../../../usr/local/lib/android/sdk/platforms/android-36-ext19/data/res/values-mcc313-mnc100-kn: Cannot change mode to rwxr-xr-x: Operation not permitted
build	Cache Android SDK	2026-06-06T12:22:49.5142437Z /usr/bin/tar: ../../../../../usr/local/lib/android/sdk/platforms/android-36-ext19/data/res/values-mcc311-mnc180-pa: Cannot utime: Operation not permitted
build	Cache Android SDK	2026-06-06T12:22:49.5143001Z /usr/bin/tar: ../../../../../usr/local/lib/android/sdk/platforms/android-36-ext19/data/res/values-mcc311-mnc180-pa: Cannot change mode to rwxr-xr-x: Operation not permitted
build	Cache Android SDK	2026-06-06T12:22:49.5145123Z /usr/bin/tar: ../../../../../usr/local/lib/android/sdk/platforms/android-36-ext19/data/res/values-mcc334-mnc020-ko: Cannot utime: Operation not permitted
build	Cache Android SDK	2026-06-06T12:22:49.5145592Z /usr/bin/tar: ../../../../../usr/local/lib/android/sdk/platforms/android-36-ext19/data/res/values-mcc334-mnc020-ko: Cannot change mode to rwxr-xr-x: Operation not permitted
build	Cache Android SDK	2026-06-06T12:22:49.5148967Z /usr/bin/tar: ../../../../../usr/local/lib/android/sdk/platforms/android-36-ext19/data/res/values-sk-rSK: Cannot utime: Operation not permitted
build	Cache Android SDK	2026-06-06T12:22:49.5149412Z /usr/bin/tar: ../../../../../usr/local/lib/android/sdk/platforms/android-36-ext19/data/res/values-sk-rSK: Cannot change mode to rwxr-xr-x: Operation not permitted
build	Cache Android SDK	2026-06-06T12:22:49.5152284Z /usr/bin/tar: ../../../../../usr/local/lib/android/sdk/platforms/android-36-ext19/data/res/values-mcc302-mnc370-sk: Cannot utime: Operation not permitted
build	Cache Android SDK	2026-06-06T12:22:49.5152761Z /usr/bin/tar: ../../../../../usr/local/lib/android/sdk/platforms/android-36-ext19/data/res/values-mcc302-mnc370-sk: Cannot change mode to rwxr-xr-x: Operation not permitted
build	Cache Android SDK	2026-06-06T12:22:49.5155652Z /usr/bin/tar: ../../../../../usr/local/lib/android/sdk/platforms/android-36-ext19/data/res/values-mcc001-mnc01-iw: Cannot utime: Operation not permitted
build	Cache Android SDK	2026-06-06T12:22:49.5156125Z /usr/bin/tar: ../../../../../usr/local/lib/android/sdk/platforms/android-36-ext19/data/res/values-mcc001-mnc01-iw: Cannot change mode to rwxr-xr-x: Operation not permitted
build	Cache Android SDK	2026-06-06T12:22:49.5159110Z /usr/bin/tar: ../../../../../usr/local/lib/android/sdk/platforms/android-36-ext19/data/res/values-mcc310-mnc310-te: Cannot utime: Operation not permitted
build	Cache Android SDK	2026-06-06T12:22:49.5159585Z /usr/bin/tar: ../../../../../usr/local/lib/android/sdk/platforms/android-36-ext19/data/res/values-mcc310-mnc310-te: Cannot change mode to rwxr-xr-x: Operation not permitted
build	Cache Android SDK	2026-06-06T12:22:49.5162266Z /usr/bin/tar: ../../../../../usr/local/lib/android/sdk/platforms/android-36-ext19/data/res/values-mcc310-mnc200-fi: Cannot utime: Operation not permitted
build	Cache Android SDK	2026-06-06T12:22:49.5162745Z /usr/bin/tar: ../../../../../usr/local/lib/android/sdk/platforms/android-36-ext19/data/res/values-mcc310-mnc200-fi: Cannot change mode to rwxr-xr-x: Operation not permitted
build	Cache Android SDK	2026-06-06T12:22:49.5165420Z /usr/bin/tar: ../../../../../usr/local/lib/android/sdk/platforms/android-36-ext19/data/res/values-mcc310-mnc270-fr: Cannot utime: Operation not permitted
build	Cache Android SDK	2026-06-06T12:22:49.5165887Z /usr/bin/tar: ../../../../../usr/local/lib/android/sdk/platforms/android-36-ext19/data/res/values-mcc310-mnc270-fr: Cannot change mode to rwxr-xr-x: Operation not permitted
build	Cache Android SDK	2026-06-06T12:22:49.5172041Z /usr/bin/tar: ../../../../../usr/local/lib/android/sdk/platforms/android-36-ext19/data/res/values-sv: Cannot utime: Operation not permitted
build	Cache Android SDK	2026-06-06T12:22:49.5172502Z /usr/bin/tar: ../../../../../usr/local/lib/android/sdk/platforms/android-36-ext19/data/res/values-sv: Cannot change mode to rwxr-xr-x: Operation not permitted
build	Cache Android SDK	2026-06-06T12:22:49.5174851Z /usr/bin/tar: ../../../../../usr/local/lib/android/sdk/platforms/android-36-ext19/data/res/values-mcc310-mnc160-pa: Cannot utime: Operation not permitted
build	Cache Android SDK	2026-06-06T12:22:49.5175321Z /usr/bin/tar: ../../../../../usr/local/lib/android/sdk/platforms/android-36-ext19/data/res/values-mcc310-mnc160-pa: Cannot change mode to rwxr-xr-x: Operation not permitted
build	Cache Android SDK	2026-06-06T12:22:49.5178118Z /usr/bin/tar: ../../../../../usr/local/lib/android/sdk/platforms/android-36-ext19/data/res/values-mcc310-mnc270-ca: Cannot utime: Operation not permitted
build	Cache Android SDK	2026-06-06T12:22:49.5178587Z /usr/bin/tar: ../../../../../usr/local/lib/android/sdk/platforms/android-36-ext19/data/res/values-mcc310-mnc270-ca: Cannot change mode to rwxr-xr-x: Operation not permitted
build	Cache Android SDK	2026-06-06T12:22:49.5181310Z /usr/bin/tar: ../../../../../usr/local/lib/android/sdk/platforms/android-36-ext19/data/res/values-en-rCA-television: Cannot utime: Operation not permitted
build	Cache Android SDK	2026-06-06T12:22:49.5181802Z /usr/bin/tar: ../../../../../usr/local/lib/android/sdk/platforms/android-36-ext19/data/res/values-en-rCA-television: Cannot change mode to rwxr-xr-x: Operation not permitted
build	Cache Android SDK	2026-06-06T12:22:49.5184277Z /usr/bin/tar: ../../../../../usr/local/lib/android/sdk/platforms/android-36-ext19/data/res/values-mcc310-mnc150-zh-rCN: Cannot utime: Operation not permitted
build	Cache Android SDK	2026-06-06T12:22:49.5184753Z /usr/bin/tar: ../../../../../usr/local/lib/android/sdk/platforms/android-36-ext19/data/res/values-mcc310-mnc150-zh-rCN: Cannot change mode to rwxr-xr-x: Operation not permitted
build	Cache Android SDK	2026-06-06T12:22:49.5188022Z /usr/bin/tar: ../../../../../usr/local/lib/android/sdk/platforms/android-36-ext19/data/res/values-mcc310-mnc660-uz: Cannot utime: Operation not permitted
build	Cache Android SDK	2026-06-06T12:22:49.5188487Z /usr/bin/tar: ../../../../../usr/local/lib/android/sdk/platforms/android-36-ext19/data/res/values-mcc310-mnc660-uz: Cannot change mode to rwxr-xr-x: Operation not permitted
build	Cache Android SDK	2026-06-06T12:22:49.5191578Z /usr/bin/tar: ../../../../../usr/local/lib/android/sdk/platforms/android-36-ext19/data/res/values-mcc310-mnc560-bs: Cannot utime: Operation not permitted
build	Cache Android SDK	2026-06-06T12:22:49.5192048Z /usr/bin/tar: ../../../../../usr/local/lib/android/sdk/platforms/android-36-ext19/data/res/values-mcc310-mnc560-bs: Cannot change mode to rwxr-xr-x: Operation not permitted
build	Cache Android SDK	2026-06-06T12:22:49.5198533Z /usr/bin/tar: ../../../../../usr/local/lib/android/sdk/platforms/android-36-ext19/data/res/values-mcc302-mnc720-hy: Cannot utime: Operation not permitted
build	Cache Android SDK	2026-06-06T12:22:49.5198991Z /usr/bin/tar: ../../../../../usr/local/lib/android/sdk/platforms/android-36-ext19/data/res/values-mcc302-mnc720-hy: Cannot change mode to rwxr-xr-x: Operation not permitted
build	Cache Android SDK	2026-06-06T12:22:49.5203371Z /usr/bin/tar: ../../../../../usr/local/lib/android/sdk/platforms/android-36-ext19/data/res/values-mcc310-mnc210-mk: Cannot utime: Operation not permitted
build	Cache Android SDK	2026-06-06T12:22:49.5204589Z /usr/bin/tar: ../../../../../usr/local/lib/android/sdk/platforms/android-36-ext19/data/res/values-mcc310-mnc210-mk: Cannot change mode to rwxr-xr-x: Operation not permitted
build	Cache Android SDK	2026-06-06T12:22:49.5208267Z /usr/bin/tar: ../../../../../usr/local/lib/android/sdk/platforms/android-36-ext19/data/res/values-w216dp: Cannot utime: Operation not permitted
build	Cache Android SDK	2026-06-06T12:22:49.5208719Z /usr/bin/tar: ../../../../../usr/local/lib/android/sdk/platforms/android-36-ext19/data/res/values-w216dp: Cannot change mode to rwxr-xr-x: Operation not permitted
build	Cache Android SDK	2026-06-06T12:22:49.5212959Z /usr/bin/tar: ../../../../../usr/local/lib/android/sdk/platforms/android-36-ext19/data/res/values-mcc334-mnc020-ro: Cannot utime: Operation not permitted
build	Cache Android SDK	2026-06-06T12:22:49.5213425Z /usr/bin/tar: ../../../../../usr/local/lib/android/sdk/platforms/android-36-ext19/data/res/values-mcc334-mnc020-ro: Cannot change mode to rwxr-xr-x: Operation not permitted
build	Cache Android SDK	2026-06-06T12:22:49.5216141Z /usr/bin/tar: ../../../../../usr/local/lib/android/sdk/platforms/android-36-ext19/data/res/values-mcc310-mnc280-lo: Cannot utime: Operation not permitted
build	Cache Android SDK	2026-06-06T12:22:49.5216743Z /usr/bin/tar: ../../../../../usr/local/lib/android/sdk/platforms/android-36-ext19/data/res/values-mcc310-mnc280-lo: Cannot change mode to rwxr-xr-x: Operation not permitted
build	Cache Android SDK	2026-06-06T12:22:49.5219839Z /usr/bin/tar: ../../../../../usr/local/lib/android/sdk/platforms/android-36-ext19/data/res/values-mcc311-mnc180-ka: Cannot utime: Operation not permitted
build	Cache Android SDK	2026-06-06T12:22:49.5220314Z /usr/bin/tar: ../../../../../usr/local/lib/android/sdk/platforms/android-36-ext19/data/res/values-mcc311-mnc180-ka: Cannot change mode to rwxr-xr-x: Operation not permitted
build	Cache Android SDK	2026-06-06T12:22:49.5223137Z /usr/bin/tar: ../../../../../usr/local/lib/android/sdk/platforms/android-36-ext19/data/res/values-mcc310-mnc280-nl: Cannot utime: Operation not permitted
build	Cache Android SDK	2026-06-06T12:22:49.5223593Z /usr/bin/tar: ../../../../../usr/local/lib/android/sdk/platforms/android-36-ext19/data/res/values-mcc310-mnc280-nl: Cannot change mode to rwxr-xr-x: Operation not permitted
build	Cache Android SDK	2026-06-06T12:22:49.5226447Z /usr/bin/tar: ../../../../../usr/local/lib/android/sdk/platforms/android-36-ext19/data/res/values-mcc310-mnc160: Cannot utime: Operation not permitted
build	Cache Android SDK	2026-06-06T12:22:49.5226912Z /usr/bin/tar: ../../../../../usr/local/lib/android/sdk/platforms/android-36-ext19/data/res/values-mcc310-mnc160: Cannot change mode to rwxr-xr-x: Operation not permitted
build	Cache Android SDK	2026-06-06T12:22:49.5231658Z /usr/bin/tar: ../../../../../usr/local/lib/android/sdk/platforms/android-36-ext19/data/res/values-mcc310-mnc170-as: Cannot utime: Operation not permitted
build	Cache Android SDK	2026-06-06T12:22:49.5232128Z /usr/bin/tar: ../../../../../usr/local/lib/android/sdk/platforms/android-36-ext19/data/res/values-mcc310-mnc170-as: Cannot change mode to rwxr-xr-x: Operation not permitted
build	Cache Android SDK	2026-06-06T12:22:49.5235300Z /usr/bin/tar: ../../../../../usr/local/lib/android/sdk/platforms/android-36-ext19/data/res/values-mcc310-mnc230-uk: Cannot utime: Operation not permitted
build	Cache Android SDK	2026-06-06T12:22:49.5235860Z /usr/bin/tar: ../../../../../usr/local/lib/android/sdk/platforms/android-36-ext19/data/res/values-mcc310-mnc230-uk: Cannot change mode to rwxr-xr-x: Operation not permitted
build	Cache Android SDK	2026-06-06T12:22:49.5239555Z /usr/bin/tar: ../../../../../usr/local/lib/android/sdk/platforms/android-36-ext19/data/res/values-mcc302-mnc370-ky: Cannot utime: Operation not permitted
build	Cache Android SDK	2026-06-06T12:22:49.5240025Z /usr/bin/tar: ../../../../../usr/local/lib/android/sdk/platforms/android-36-ext19/data/res/values-mcc302-mnc370-ky: Cannot change mode to rwxr-xr-x: Operation not permitted
build	Cache Android SDK	2026-06-06T12:22:49.5244797Z /usr/bin/tar: ../../../../../usr/local/lib/android/sdk/platforms/android-36-ext19/data/res/values-mcc310-mnc950-ky: Cannot utime: Operation not permitted
build	Cache Android SDK	2026-06-06T12:22:49.5245267Z /usr/bin/tar: ../../../../../usr/local/lib/android/sdk/platforms/android-36-ext19/data/res/values-mcc310-mnc950-ky: Cannot change mode to rwxr-xr-x: Operation not permitted
build	Cache Android SDK	2026-06-06T12:22:49.5248832Z /usr/bin/tar: ../../../../../usr/local/lib/android/sdk/platforms/android-36-ext19/data/res/values-vi-watch: Cannot utime: Operation not permitted
build	Cache Android SDK	2026-06-06T12:22:49.5249380Z /usr/bin/tar: ../../../../../usr/local/lib/android/sdk/platforms/android-36-ext19/data/res/values-vi-watch: Cannot change mode to rwxr-xr-x: Operation not permitted
build	Cache Android SDK	2026-06-06T12:22:49.5252472Z /usr/bin/tar: ../../../../../usr/local/lib/android/sdk/platforms/android-36-ext19/data/res/values-mcc310-mnc410-ka: Cannot utime: Operation not permitted
build	Cache Android SDK	2026-06-06T12:22:49.5252934Z /usr/bin/tar: ../../../../../usr/local/lib/android/sdk/platforms/android-36-ext19/data/res/values-mcc310-mnc410-ka: Cannot change mode to rwxr-xr-x: Operation not permitted
build	Cache Android SDK	2026-06-06T12:22:49.5256130Z /usr/bin/tar: ../../../../../usr/local/lib/android/sdk/platforms/android-36-ext19/data/res/values-mcc310-mnc220-in: Cannot utime: Operation not permitted
build	Cache Android SDK	2026-06-06T12:22:49.5256591Z /usr/bin/tar: ../../../../../usr/local/lib/android/sdk/platforms/android-36-ext19/data/res/values-mcc310-mnc220-in: Cannot change mode to rwxr-xr-x: Operation not permitted
build	Cache Android SDK	2026-06-06T12:22:49.5259531Z /usr/bin/tar: ../../../../../usr/local/lib/android/sdk/platforms/android-36-ext19/data/res/values-lo-watch: Cannot utime: Operation not permitted
build	Cache Android SDK	2026-06-06T12:22:49.5260042Z /usr/bin/tar: ../../../../../usr/local/lib/android/sdk/platforms/android-36-ext19/data/res/values-lo-watch: Cannot change mode to rwxr-xr-x: Operation not permitted
build	Cache Android SDK	2026-06-06T12:22:49.5263781Z /usr/bin/tar: ../../../../../usr/local/lib/android/sdk/platforms/android-36-ext19/data/res/values-mcc310-mnc240-sw: Cannot utime: Operation not permitted
build	Cache Android SDK	2026-06-06T12:22:49.5264246Z /usr/bin/tar: ../../../../../usr/local/lib/android/sdk/platforms/android-36-ext19/data/res/values-mcc310-mnc240-sw: Cannot change mode to rwxr-xr-x: Operation not permitted
build	Cache Android SDK	2026-06-06T12:22:49.5267235Z /usr/bin/tar: ../../../../../usr/local/lib/android/sdk/platforms/android-36-ext19/data/res/values-mcc310-mnc200-vi: Cannot utime: Operation not permitted
build	Cache Android SDK	2026-06-06T12:22:49.5267954Z /usr/bin/tar: ../../../../../usr/local/lib/android/sdk/platforms/android-36-ext19/data/res/values-mcc310-mnc200-vi: Cannot change mode to rwxr-xr-x: Operation not permitted
build	Cache Android SDK	2026-06-06T12:22:49.5270655Z /usr/bin/tar: ../../../../../usr/local/lib/android/sdk/platforms/android-36-ext19/data/res/values-mcc310-mnc030-is: Cannot utime: Operation not permitted
build	Cache Android SDK	2026-06-06T12:22:49.5271115Z /usr/bin/tar: ../../../../../usr/local/lib/android/sdk/platforms/android-36-ext19/data/res/values-mcc310-mnc030-is: Cannot change mode to rwxr-xr-x: Operation not permitted
build	Cache Android SDK	2026-06-06T12:22:49.5273657Z /usr/bin/tar: ../../../../../usr/local/lib/android/sdk/platforms/android-36-ext19/data/res/values-mcc302-mnc720-it: Cannot utime: Operation not permitted
build	Cache Android SDK	2026-06-06T12:22:49.5274107Z /usr/bin/tar: ../../../../../usr/local/lib/android/sdk/platforms/android-36-ext19/data/res/values-mcc302-mnc720-it: Cannot change mode to rwxr-xr-x: Operation not permitted
build	Cache Android SDK	2026-06-06T12:22:49.5276789Z /usr/bin/tar: ../../../../../usr/local/lib/android/sdk/platforms/android-36-ext19/data/res/values-mcc310-mnc160-zh-rHK: Cannot utime: Operation not permitted
build	Cache Android SDK	2026-06-06T12:22:49.5277452Z /usr/bin/tar: ../../../../../usr/local/lib/android/sdk/platforms/android-36-ext19/data/res/values-mcc310-mnc160-zh-rHK: Cannot change mode to rwxr-xr-x: Operation not permitted
build	Cache Android SDK	2026-06-06T12:22:49.5280129Z /usr/bin/tar: ../../../../../usr/local/lib/android/sdk/platforms/android-36-ext19/data/res/values-mcc310-mnc410-vi: Cannot utime: Operation not permitted
build	Cache Android SDK	2026-06-06T12:22:49.5280716Z /usr/bin/tar: ../../../../../usr/local/lib/android/sdk/platforms/android-36-ext19/data/res/values-mcc310-mnc410-vi: Cannot change mode to rwxr-xr-x: Operation not permitted
build	Cache Android SDK	2026-06-06T12:22:49.5283513Z /usr/bin/tar: ../../../../../usr/local/lib/android/sdk/platforms/android-36-ext19/data/res/values-mcc311-mnc180-fa: Cannot utime: Operation not permitted
build	Cache Android SDK	2026-06-06T12:22:49.5283965Z /usr/bin/tar: ../../../../../usr/local/lib/android/sdk/platforms/android-36-ext19/data/res/values-mcc311-mnc180-fa: Cannot change mode to rwxr-xr-x: Operation not permitted
build	Cache Android SDK	2026-06-06T12:22:49.5286866Z /usr/bin/tar: ../../../../../usr/local/lib/android/sdk/platforms/android-36-ext19/data/res/values-mcc310-mnc150-th: Cannot utime: Operation not permitted
build	Cache Android SDK	2026-06-06T12:22:49.5287331Z /usr/bin/tar: ../../../../../usr/local/lib/android/sdk/platforms/android-36-ext19/data/res/values-mcc310-mnc150-th: Cannot change mode to rwxr-xr-x: Operation not permitted
build	Cache Android SDK	2026-06-06T12:22:49.5289947Z /usr/bin/tar: ../../../../../usr/local/lib/android/sdk/platforms/android-36-ext19/data/res/values-mcc001-mnc01-az: Cannot utime: Operation not permitted
build	Cache Android SDK	2026-06-06T12:22:49.5290414Z /usr/bin/tar: ../../../../../usr/local/lib/android/sdk/platforms/android-36-ext19/data/res/values-mcc001-mnc01-az: Cannot change mode to rwxr-xr-x: Operation not permitted
build	Cache Android SDK	2026-06-06T12:22:49.5293281Z /usr/bin/tar: ../../../../../usr/local/lib/android/sdk/platforms/android-36-ext19/data/res/values-mcc310-mnc660-lt: Cannot utime: Operation not permitted
build	Cache Android SDK	2026-06-06T12:22:49.5293753Z /usr/bin/tar: ../../../../../usr/local/lib/android/sdk/platforms/android-36-ext19/data/res/values-mcc310-mnc660-lt: Cannot change mode to rwxr-xr-x: Operation not permitted
build	Cache Android SDK	2026-06-06T12:22:49.5296557Z /usr/bin/tar: ../../../../../usr/local/lib/android/sdk/platforms/android-36-ext19/data/res/values-mcc310-mnc490-zh-rTW: Cannot utime: Operation not permitted
build	Cache Android SDK	2026-06-06T12:22:49.5297038Z /usr/bin/tar: ../../../../../usr/local/lib/android/sdk/platforms/android-36-ext19/data/res/values-mcc310-mnc490-zh-rTW: Cannot change mode to rwxr-xr-x: Operation not permitted
build	Cache Android SDK	2026-06-06T12:22:49.5300360Z /usr/bin/tar: ../../../../../usr/local/lib/android/sdk/platforms/android-36-ext19/data/res/values-mcc311-mnc180-hy: Cannot utime: Operation not permitted
build	Cache Android SDK	2026-06-06T12:22:49.5302482Z /usr/bin/tar: ../../../../../usr/local/lib/android/sdk/platforms/android-36-ext19/data/res/values-mcc311-mnc180-hy: Cannot change mode to rwxr-xr-x: Operation not permitted
build	Cache Android SDK	2026-06-06T12:22:49.5303831Z /usr/bin/tar: ../../../../../usr/local/lib/android/sdk/platforms/android-36-ext19/data/res/values-mcc310-mnc490-ja: Cannot utime: Operation not permitted
build	Cache Android SDK	2026-06-06T12:22:49.5304385Z /usr/bin/tar: ../../../../../usr/local/lib/android/sdk/platforms/android-36-ext19/data/res/values-mcc310-mnc490-ja: Cannot change mode to rwxr-xr-x: Operation not permitted
build	Cache Android SDK	2026-06-06T12:22:49.5307031Z /usr/bin/tar: ../../../../../usr/local/lib/android/sdk/platforms/android-36-ext19/data/res/values-mcc310-mnc560-te: Cannot utime: Operation not permitted
build	Cache Android SDK	2026-06-06T12:22:49.5307810Z /usr/bin/tar: ../../../../../usr/local/lib/android/sdk/platforms/android-36-ext19/data/res/values-mcc310-mnc560-te: Cannot change mode to rwxr-xr-x: Operation not permitted
build	Cache Android SDK	2026-06-06T12:22:49.5309625Z /usr/bin/tar: ../../../../../usr/local/lib/android/sdk/platforms/android-36-ext19/data/res/values-mcc310-mnc310-iw: Cannot utime: Operation not permitted
build	Cache Android SDK	2026-06-06T12:22:49.5310112Z /usr/bin/tar: ../../../../../usr/local/lib/android/sdk/platforms/android-36-ext19/data/res/values-mcc310-mnc310-iw: Cannot change mode to rwxr-xr-x: Operation not permitted
build	Cache Android SDK	2026-06-06T12:22:49.5312378Z /usr/bin/tar: ../../../../../usr/local/lib/android/sdk/platforms/android-36-ext19/data/res/values-sw-television: Cannot utime: Operation not permitted
build	Cache Android SDK	2026-06-06T12:22:49.5312863Z /usr/bin/tar: ../../../../../usr/local/lib/android/sdk/platforms/android-36-ext19/data/res/values-sw-television: Cannot change mode to rwxr-xr-x: Operation not permitted
build	Cache Android SDK	2026-06-06T12:22:49.5315242Z /usr/bin/tar: ../../../../../usr/local/lib/android/sdk/platforms/android-36-ext19/data/res/values-mcc310-mnc250-kk: Cannot utime: Operation not permitted
build	Cache Android SDK	2026-06-06T12:22:49.5315722Z /usr/bin/tar: ../../../../../usr/local/lib/android/sdk/platforms/android-36-ext19/data/res/values-mcc310-mnc250-kk: Cannot change mode to rwxr-xr-x: Operation not permitted
build	Cache Android SDK	2026-06-06T12:22:49.5318515Z /usr/bin/tar: ../../../../../usr/local/lib/android/sdk/platforms/android-36-ext19/data/res/values-mcc310-mnc030-th: Cannot utime: Operation not permitted
build	Cache Android SDK	2026-06-06T12:22:49.5319008Z /usr/bin/tar: ../../../../../usr/local/lib/android/sdk/platforms/android-36-ext19/data/res/values-mcc310-mnc030-th: Cannot change mode to rwxr-xr-x: Operation not permitted
build	Cache Android SDK	2026-06-06T12:22:49.5321590Z /usr/bin/tar: ../../../../../usr/local/lib/android/sdk/platforms/android-36-ext19/data/res/values-lt-rLT: Cannot utime: Operation not permitted
build	Cache Android SDK	2026-06-06T12:22:49.5322041Z /usr/bin/tar: ../../../../../usr/local/lib/android/sdk/platforms/android-36-ext19/data/res/values-lt-rLT: Cannot change mode to rwxr-xr-x: Operation not permitted
build	Cache Android SDK	2026-06-06T12:22:49.5324622Z /usr/bin/tar: ../../../../../usr/local/lib/android/sdk/platforms/android-36-ext19/data/res/values-mcc310-mnc800-ar: Cannot utime: Operation not permitted
build	Cache Android SDK	2026-06-06T12:22:49.5325095Z /usr/bin/tar: ../../../../../usr/local/lib/android/sdk/platforms/android-36-ext19/data/res/values-mcc310-mnc800-ar: Cannot change mode to rwxr-xr-x: Operation not permitted
build	Cache Android SDK	2026-06-06T12:22:49.5328513Z /usr/bin/tar: ../../../../../usr/local/lib/android/sdk/platforms/android-36-ext19/data/res/values-mcc310-mnc410-eu: Cannot utime: Operation not permitted
build	Cache Android SDK	2026-06-06T12:22:49.5329536Z /usr/bin/tar: ../../../../../usr/local/lib/android/sdk/platforms/android-36-ext19/data/res/values-mcc310-mnc410-eu: Cannot change mode to rwxr-xr-x: Operation not permitted
build	Cache Android SDK	2026-06-06T12:22:49.5331900Z /usr/bin/tar: ../../../../../usr/local/lib/android/sdk/platforms/android-36-ext19/data/res/values-mcc310-mnc560-hr: Cannot utime: Operation not permitted
build	Cache Android SDK	2026-06-06T12:22:49.5332371Z /usr/bin/tar: ../../../../../usr/local/lib/android/sdk/platforms/android-36-ext19/data/res/values-mcc310-mnc560-hr: Cannot change mode to rwxr-xr-x: Operation not permitted
build	Cache Android SDK	2026-06-06T12:22:49.5339823Z /usr/bin/tar: ../../../../../usr/local/lib/android/sdk/platforms/android-36-ext19/data/res/anim-ldrtl: Cannot utime: Operation not permitted
build	Cache Android SDK	2026-06-06T12:22:49.5340436Z /usr/bin/tar: ../../../../../usr/local/lib/android/sdk/platforms/android-36-ext19/data/res/anim-ldrtl: Cannot change mode to rwxr-xr-x: Operation not permitted
build	Cache Android SDK	2026-06-06T12:22:49.5346994Z /usr/bin/tar: ../../../../../usr/local/lib/android/sdk/platforms/android-36-ext19/data/res/values-mk: Cannot utime: Operation not permitted
build	Cache Android SDK	2026-06-06T12:22:49.5347939Z /usr/bin/tar: ../../../../../usr/local/lib/android/sdk/platforms/android-36-ext19/data/res/values-mk: Cannot change mode to rwxr-xr-x: Operation not permitted
build	Cache Android SDK	2026-06-06T12:22:49.5351110Z /usr/bin/tar: ../../../../../usr/local/lib/android/sdk/platforms/android-36-ext19/data/res/values-mcc310-mnc030-ja: Cannot utime: Operation not permitted
build	Cache Android SDK	2026-06-06T12:22:49.5351694Z /usr/bin/tar: ../../../../../usr/local/lib/android/sdk/platforms/android-36-ext19/data/res/values-mcc310-mnc030-ja: Cannot change mode to rwxr-xr-x: Operation not permitted
build	Cache Android SDK	2026-06-06T12:22:49.5353926Z /usr/bin/tar: ../../../../../usr/local/lib/android/sdk/platforms/android-36-ext19/data/res/values-mcc310-mnc160-ro: Cannot utime: Operation not permitted
build	Cache Android SDK	2026-06-06T12:22:49.5354436Z /usr/bin/tar: ../../../../../usr/local/lib/android/sdk/platforms/android-36-ext19/data/res/values-mcc310-mnc160-ro: Cannot change mode to rwxr-xr-x: Operation not permitted
build	Cache Android SDK	2026-06-06T12:22:49.5357951Z /usr/bin/tar: ../../../../../usr/local/lib/android/sdk/platforms/android-36-ext19/data/res/values-mcc310-mnc200-sk: Cannot utime: Operation not permitted
build	Cache Android SDK	2026-06-06T12:22:49.5358442Z /usr/bin/tar: ../../../../../usr/local/lib/android/sdk/platforms/android-36-ext19/data/res/values-mcc310-mnc200-sk: Cannot change mode to rwxr-xr-x: Operation not permitted
build	Cache Android SDK	2026-06-06T12:22:49.5360752Z /usr/bin/tar: ../../../../../usr/local/lib/android/sdk/platforms/android-36-ext19/data/res/values-mcc310-mnc660-sl: Cannot utime: Operation not permitted
build	Cache Android SDK	2026-06-06T12:22:49.5361224Z /usr/bin/tar: ../../../../../usr/local/lib/android/sdk/platforms/android-36-ext19/data/res/values-mcc310-mnc660-sl: Cannot change mode to rwxr-xr-x: Operation not permitted
build	Cache Android SDK	2026-06-06T12:22:49.5363890Z /usr/bin/tar: ../../../../../usr/local/lib/android/sdk/platforms/android-36-ext19/data/res/values-mcc310-mnc200-eu: Cannot utime: Operation not permitted
build	Cache Android SDK	2026-06-06T12:22:49.5364470Z /usr/bin/tar: ../../../../../usr/local/lib/android/sdk/platforms/android-36-ext19/data/res/values-mcc310-mnc200-eu: Cannot change mode to rwxr-xr-x: Operation not permitted
build	Cache Android SDK	2026-06-06T12:22:49.5366872Z /usr/bin/tar: ../../../../../usr/local/lib/android/sdk/platforms/android-36-ext19/data/res/values-mcc334-mnc020-sq: Cannot utime: Operation not permitted
build	Cache Android SDK	2026-06-06T12:22:49.5367337Z /usr/bin/tar: ../../../../../usr/local/lib/android/sdk/platforms/android-36-ext19/data/res/values-mcc334-mnc020-sq: Cannot change mode to rwxr-xr-x: Operation not permitted
build	Cache Android SDK	2026-06-06T12:22:49.5370493Z /usr/bin/tar: ../../../../../usr/local/lib/android/sdk/platforms/android-36-ext19/data/res/values-mcc310-mnc220-fa: Cannot utime: Operation not permitted
build	Cache Android SDK	2026-06-06T12:22:49.5370974Z /usr/bin/tar: ../../../../../usr/local/lib/android/sdk/platforms/android-36-ext19/data/res/values-mcc310-mnc220-fa: Cannot change mode to rwxr-xr-x: Operation not permitted
build	Cache Android SDK	2026-06-06T12:22:49.5376158Z /usr/bin/tar: ../../../../../usr/local/lib/android/sdk/platforms/android-36-ext19/data/res/values-mcc313-mnc100-ml: Cannot utime: Operation not permitted
build	Cache Android SDK	2026-06-06T12:22:49.5376738Z /usr/bin/tar: ../../../../../usr/local/lib/android/sdk/platforms/android-36-ext19/data/res/values-mcc313-mnc100-ml: Cannot change mode to rwxr-xr-x: Operation not permitted
build	Cache Android SDK	2026-06-06T12:22:49.5380520Z /usr/bin/tar: ../../../../../usr/local/lib/android/sdk/platforms/android-36-ext19/data/res/values-mcc310-mnc280-pa: Cannot utime: Operation not permitted
build	Cache Android SDK	2026-06-06T12:22:49.5381008Z /usr/bin/tar: ../../../../../usr/local/lib/android/sdk/platforms/android-36-ext19/data/res/values-mcc310-mnc280-pa: Cannot change mode to rwxr-xr-x: Operation not permitted
build	Cache Android SDK	2026-06-06T12:22:49.5383990Z /usr/bin/tar: ../../../../../usr/local/lib/android/sdk/platforms/android-36-ext19/data/res/values-mcc310-mnc160-sw: Cannot utime: Operation not permitted
build	Cache Android SDK	2026-06-06T12:22:49.5384782Z /usr/bin/tar: ../../../../../usr/local/lib/android/sdk/platforms/android-36-ext19/data/res/values-mcc310-mnc160-sw: Cannot change mode to rwxr-xr-x: Operation not permitted
build	Cache Android SDK	2026-06-06T12:22:49.5387097Z /usr/bin/tar: ../../../../../usr/local/lib/android/sdk/platforms/android-36-ext19/data/res/values-mcc310-mnc800-nl: Cannot utime: Operation not permitted
build	Cache Android SDK	2026-06-06T12:22:49.5387715Z /usr/bin/tar: ../../../../../usr/local/lib/android/sdk/platforms/android-36-ext19/data/res/values-mcc310-mnc800-nl: Cannot change mode to rwxr-xr-x: Operation not permitted
build	Cache Android SDK	2026-06-06T12:22:49.5392917Z /usr/bin/tar: ../../../../../usr/local/lib/android/sdk/platforms/android-36-ext19/data/res/raw-pl: Cannot utime: Operation not permitted
build	Cache Android SDK	2026-06-06T12:22:49.5393346Z /usr/bin/tar: ../../../../../usr/local/lib/android/sdk/platforms/android-36-ext19/data/res/raw-pl: Cannot change mode to rwxr-xr-x: Operation not permitted
build	Cache Android SDK	2026-06-06T12:22:49.5396298Z /usr/bin/tar: ../../../../../usr/local/lib/android/sdk/platforms/android-36-ext19/data/res/values-mcc310-mnc950-sw: Cannot utime: Operation not permitted
build	Cache Android SDK	2026-06-06T12:22:49.5396947Z /usr/bin/tar: ../../../../../usr/local/lib/android/sdk/platforms/android-36-ext19/data/res/values-mcc310-mnc950-sw: Cannot change mode to rwxr-xr-x: Operation not permitted
build	Cache Android SDK	2026-06-06T12:22:49.5400542Z /usr/bin/tar: ../../../../../usr/local/lib/android/sdk/platforms/android-36-ext19/data/res/values-mcc310-mnc170-en-rAU: Cannot utime: Operation not permitted
build	Cache Android SDK	2026-06-06T12:22:49.5401036Z /usr/bin/tar: ../../../../../usr/local/lib/android/sdk/platforms/android-36-ext19/data/res/values-mcc310-mnc170-en-rAU: Cannot change mode to rwxr-xr-x: Operation not permitted
build	Cache Android SDK	2026-06-06T12:22:49.5414992Z /usr/bin/tar: ../../../../../usr/local/lib/android/sdk/platforms/android-36-ext19/data/res/drawable-land-ldpi: Cannot utime: Operation not permitted
build	Cache Android SDK	2026-06-06T12:22:49.5415458Z /usr/bin/tar: ../../../../../usr/local/lib/android/sdk/platforms/android-36-ext19/data/res/drawable-land-ldpi: Cannot change mode to rwxr-xr-x: Operation not permitted
build	Cache Android SDK	2026-06-06T12:22:49.5418257Z /usr/bin/tar: ../../../../../usr/local/lib/android/sdk/platforms/android-36-ext19/data/res/values-mcc311-mnc180-cs: Cannot utime: Operation not permitted
build	Cache Android SDK	2026-06-06T12:22:49.5418899Z /usr/bin/tar: ../../../../../usr/local/lib/android/sdk/platforms/android-36-ext19/data/res/values-mcc311-mnc180-cs: Cannot change mode to rwxr-xr-x: Operation not permitted
build	Cache Android SDK	2026-06-06T12:22:49.5421866Z /usr/bin/tar: ../../../../../usr/local/lib/android/sdk/platforms/android-36-ext19/data/res/values-mcc312-mnc670-sk: Cannot utime: Operation not permitted
build	Cache Android SDK	2026-06-06T12:22:49.5422335Z /usr/bin/tar: ../../../../../usr/local/lib/android/sdk/platforms/android-36-ext19/data/res/values-mcc312-mnc670-sk: Cannot change mode to rwxr-xr-x: Operation not permitted
build	Cache Android SDK	2026-06-06T12:22:49.5424734Z /usr/bin/tar: ../../../../../usr/local/lib/android/sdk/platforms/android-36-ext19/data/res/values-mcc302-mnc720-pl: Cannot utime: Operation not permitted
build	Cache Android SDK	2026-06-06T12:22:49.5425197Z /usr/bin/tar: ../../../../../usr/local/lib/android/sdk/platforms/android-36-ext19/data/res/values-mcc302-mnc720-pl: Cannot change mode to rwxr-xr-x: Operation not permitted
build	Cache Android SDK	2026-06-06T12:22:49.5428176Z /usr/bin/tar: ../../../../../usr/local/lib/android/sdk/platforms/android-36-ext19/data/res/values-mcc310-mnc200-zh-rCN: Cannot utime: Operation not permitted
build	Cache Android SDK	2026-06-06T12:22:49.5428797Z /usr/bin/tar: ../../../../../usr/local/lib/android/sdk/platforms/android-36-ext19/data/res/values-mcc310-mnc200-zh-rCN: Cannot change mode to rwxr-xr-x: Operation not permitted
build	Cache Android SDK	2026-06-06T12:22:49.5430967Z /usr/bin/tar: ../../../../../usr/local/lib/android/sdk/platforms/android-36-ext19/data/res/values-mcc310-mnc220-sr: Cannot utime: Operation not permitted
build	Cache Android SDK	2026-06-06T12:22:49.5431429Z /usr/bin/tar: ../../../../../usr/local/lib/android/sdk/platforms/android-36-ext19/data/res/values-mcc310-mnc220-sr: Cannot change mode to rwxr-xr-x: Operation not permitted
build	Cache Android SDK	2026-06-06T12:22:49.5434078Z /usr/bin/tar: ../../../../../usr/local/lib/android/sdk/platforms/android-36-ext19/data/res/values-mcc310-mnc160-tr: Cannot utime: Operation not permitted
build	Cache Android SDK	2026-06-06T12:22:49.5434641Z /usr/bin/tar: ../../../../../usr/local/lib/android/sdk/platforms/android-36-ext19/data/res/values-mcc310-mnc160-tr: Cannot change mode to rwxr-xr-x: Operation not permitted
build	Cache Android SDK	2026-06-06T12:22:49.5437337Z /usr/bin/tar: ../../../../../usr/local/lib/android/sdk/platforms/android-36-ext19/data/res/values-pt-rPT-watch: Cannot utime: Operation not permitted
build	Cache Android SDK	2026-06-06T12:22:49.5437940Z /usr/bin/tar: ../../../../../usr/local/lib/android/sdk/platforms/android-36-ext19/data/res/values-pt-rPT-watch: Cannot change mode to rwxr-xr-x: Operation not permitted
build	Cache Android SDK	2026-06-06T12:22:49.5440717Z /usr/bin/tar: ../../../../../usr/local/lib/android/sdk/platforms/android-36-ext19/data/res/values-mcc310-mnc410-zh-rTW: Cannot utime: Operation not permitted
build	Cache Android SDK	2026-06-06T12:22:49.5441203Z /usr/bin/tar: ../../../../../usr/local/lib/android/sdk/platforms/android-36-ext19/data/res/values-mcc310-mnc410-zh-rTW: Cannot change mode to rwxr-xr-x: Operation not permitted
build	Cache Android SDK	2026-06-06T12:22:49.5443678Z /usr/bin/tar: ../../../../../usr/local/lib/android/sdk/platforms/android-36-ext19/data/res/values-mcc334-mnc020-sr: Cannot utime: Operation not permitted
build	Cache Android SDK	2026-06-06T12:22:49.5444142Z /usr/bin/tar: ../../../../../usr/local/lib/android/sdk/platforms/android-36-ext19/data/res/values-mcc334-mnc020-sr: Cannot change mode to rwxr-xr-x: Operation not permitted
build	Cache Android SDK	2026-06-06T12:22:49.5447215Z /usr/bin/tar: ../../../../../usr/local/lib/android/sdk/platforms/android-36-ext19/data/res/values-mcc310-mnc240-fi: Cannot utime: Operation not permitted
build	Cache Android SDK	2026-06-06T12:22:49.5447907Z /usr/bin/tar: ../../../../../usr/local/lib/android/sdk/platforms/android-36-ext19/data/res/values-mcc310-mnc240-fi: Cannot change mode to rwxr-xr-x: Operation not permitted
build	Cache Android SDK	2026-06-06T12:22:49.5450570Z /usr/bin/tar: ../../../../../usr/local/lib/android/sdk/platforms/android-36-ext19/data/res/values-mcc310-mnc560-sr: Cannot utime: Operation not permitted
build	Cache Android SDK	2026-06-06T12:22:49.5451041Z /usr/bin/tar: ../../../../../usr/local/lib/android/sdk/platforms/android-36-ext19/data/res/values-mcc310-mnc560-sr: Cannot change mode to rwxr-xr-x: Operation not permitted
build	Cache Android SDK	2026-06-06T12:22:49.5454337Z /usr/bin/tar: ../../../../../usr/local/lib/android/sdk/platforms/android-36-ext19/data/res/values-da-rDK: Cannot utime: Operation not permitted
build	Cache Android SDK	2026-06-06T12:22:49.5454775Z /usr/bin/tar: ../../../../../usr/local/lib/android/sdk/platforms/android-36-ext19/data/res/values-da-rDK: Cannot change mode to rwxr-xr-x: Operation not permitted
build	Cache Android SDK	2026-06-06T12:22:49.5458032Z /usr/bin/tar: ../../../../../usr/local/lib/android/sdk/platforms/android-36-ext19/data/res/values-mcc310-mnc410-gu: Cannot utime: Operation not permitted
build	Cache Android SDK	2026-06-06T12:22:49.5458522Z /usr/bin/tar: ../../../../../usr/local/lib/android/sdk/platforms/android-36-ext19/data/res/values-mcc310-mnc410-gu: Cannot change mode to rwxr-xr-x: Operation not permitted
build	Cache Android SDK	2026-06-06T12:22:49.5460883Z /usr/bin/tar: ../../../../../usr/local/lib/android/sdk/platforms/android-36-ext19/data/res/values-mcc334-mnc020-ka: Cannot utime: Operation not permitted
build	Cache Android SDK	2026-06-06T12:22:49.5461361Z /usr/bin/tar: ../../../../../usr/local/lib/android/sdk/platforms/android-36-ext19/data/res/values-mcc334-mnc020-ka: Cannot change mode to rwxr-xr-x: Operation not permitted
build	Cache Android SDK	2026-06-06T12:22:49.5464425Z /usr/bin/tar: ../../../../../usr/local/lib/android/sdk/platforms/android-36-ext19/data/res/values-mcc310-mnc560-nb: Cannot utime: Operation not permitted
build	Cache Android SDK	2026-06-06T12:22:49.5464977Z /usr/bin/tar: ../../../../../usr/local/lib/android/sdk/platforms/android-36-ext19/data/res/values-mcc310-mnc560-nb: Cannot change mode to rwxr-xr-x: Operation not permitted
build	Cache Android SDK	2026-06-06T12:22:49.5467535Z /usr/bin/tar: ../../../../../usr/local/lib/android/sdk/platforms/android-36-ext19/data/res/values-mcc310-mnc240-en-rGB: Cannot utime: Operation not permitted
build	Cache Android SDK	2026-06-06T12:22:49.5468176Z /usr/bin/tar: ../../../../../usr/local/lib/android/sdk/platforms/android-36-ext19/data/res/values-mcc310-mnc240-en-rGB: Cannot change mode to rwxr-xr-x: Operation not permitted
build	Cache Android SDK	2026-06-06T12:22:49.5470468Z /usr/bin/tar: ../../../../../usr/local/lib/android/sdk/platforms/android-36-ext19/data/res/values-mcc310-mnc380-zh-rTW: Cannot utime: Operation not permitted
build	Cache Android SDK	2026-06-06T12:22:49.5470975Z /usr/bin/tar: ../../../../../usr/local/lib/android/sdk/platforms/android-36-ext19/data/res/values-mcc310-mnc380-zh-rTW: Cannot change mode to rwxr-xr-x: Operation not permitted
build	Cache Android SDK	2026-06-06T12:22:49.5473618Z /usr/bin/tar: ../../../../../usr/local/lib/android/sdk/platforms/android-36-ext19/data/res/values-mcc310-mnc210-sr: Cannot utime: Operation not permitted
build	Cache Android SDK	2026-06-06T12:22:49.5474094Z /usr/bin/tar: ../../../../../usr/local/lib/android/sdk/platforms/android-36-ext19/data/res/values-mcc310-mnc210-sr: Cannot change mode to rwxr-xr-x: Operation not permitted
build	Cache Android SDK	2026-06-06T12:22:49.5476488Z /usr/bin/tar: ../../../../../usr/local/lib/android/sdk/platforms/android-36-ext19/data/res/values-mcc310-mnc380-as: Cannot utime: Operation not permitted
build	Cache Android SDK	2026-06-06T12:22:49.5476960Z /usr/bin/tar: ../../../../../usr/local/lib/android/sdk/platforms/android-36-ext19/data/res/values-mcc310-mnc380-as: Cannot change mode to rwxr-xr-x: Operation not permitted
build	Cache Android SDK	2026-06-06T12:22:49.5479792Z /usr/bin/tar: ../../../../../usr/local/lib/android/sdk/platforms/android-36-ext19/data/res/values-mcc312-mnc670-nb: Cannot utime: Operation not permitted
build	Cache Android SDK	2026-06-06T12:22:49.5480328Z /usr/bin/tar: ../../../../../usr/local/lib/android/sdk/platforms/android-36-ext19/data/res/values-mcc312-mnc670-nb: Cannot change mode to rwxr-xr-x: Operation not permitted
build	Cache Android SDK	2026-06-06T12:22:49.5482612Z /usr/bin/tar: ../../../../../usr/local/lib/android/sdk/platforms/android-36-ext19/data/res/values-mcc302-mnc370-bg: Cannot utime: Operation not permitted
build	Cache Android SDK	2026-06-06T12:22:49.5483073Z /usr/bin/tar: ../../../../../usr/local/lib/android/sdk/platforms/android-36-ext19/data/res/values-mcc302-mnc370-bg: Cannot change mode to rwxr-xr-x: Operation not permitted
build	Cache Android SDK	2026-06-06T12:22:49.5485735Z /usr/bin/tar: ../../../../../usr/local/lib/android/sdk/platforms/android-36-ext19/data/res/values-mcc310-mnc200-it: Cannot utime: Operation not permitted
build	Cache Android SDK	2026-06-06T12:22:49.5486293Z /usr/bin/tar: ../../../../../usr/local/lib/android/sdk/platforms/android-36-ext19/data/res/values-mcc310-mnc200-it: Cannot change mode to rwxr-xr-x: Operation not permitted
build	Cache Android SDK	2026-06-06T12:22:49.5488916Z /usr/bin/tar: ../../../../../usr/local/lib/android/sdk/platforms/android-36-ext19/data/res/values-w211dp: Cannot utime: Operation not permitted
build	Cache Android SDK	2026-06-06T12:22:49.5489351Z /usr/bin/tar: ../../../../../usr/local/lib/android/sdk/platforms/android-36-ext19/data/res/values-w211dp: Cannot change mode to rwxr-xr-x: Operation not permitted
build	Cache Android SDK	2026-06-06T12:22:49.5492570Z /usr/bin/tar: ../../../../../usr/local/lib/android/sdk/platforms/android-36-ext19/data/res/values-sk-watch: Cannot utime: Operation not permitted
build	Cache Android SDK	2026-06-06T12:22:49.5493023Z /usr/bin/tar: ../../../../../usr/local/lib/android/sdk/platforms/android-36-ext19/data/res/values-sk-watch: Cannot change mode to rwxr-xr-x: Operation not permitted
build	Cache Android SDK	2026-06-06T12:22:49.5495693Z /usr/bin/tar: ../../../../../usr/local/lib/android/sdk/platforms/android-36-ext19/data/res/values-mcc310-mnc030-te: Cannot utime: Operation not permitted
build	Cache Android SDK	2026-06-06T12:22:49.5496254Z /usr/bin/tar: ../../../../../usr/local/lib/android/sdk/platforms/android-36-ext19/data/res/values-mcc310-mnc030-te: Cannot change mode to rwxr-xr-x: Operation not permitted
build	Cache Android SDK	2026-06-06T12:22:49.5498474Z /usr/bin/tar: ../../../../../usr/local/lib/android/sdk/platforms/android-36-ext19/data/res/values-mcc310-mnc250-es: Cannot utime: Operation not permitted
build	Cache Android SDK	2026-06-06T12:22:49.5498937Z /usr/bin/tar: ../../../../../usr/local/lib/android/sdk/platforms/android-36-ext19/data/res/values-mcc310-mnc250-es: Cannot change mode to rwxr-xr-x: Operation not permitted
build	Cache Android SDK	2026-06-06T12:22:49.5501915Z /usr/bin/tar: ../../../../../usr/local/lib/android/sdk/platforms/android-36-ext19/data/res/values-th-television: Cannot utime: Operation not permitted
build	Cache Android SDK	2026-06-06T12:22:49.5502371Z /usr/bin/tar: ../../../../../usr/local/lib/android/sdk/platforms/android-36-ext19/data/res/values-th-television: Cannot change mode to rwxr-xr-x: Operation not permitted
build	Cache Android SDK	2026-06-06T12:22:49.5505347Z /usr/bin/tar: ../../../../../usr/local/lib/android/sdk/platforms/android-36-ext19/data/res/values-mcc310-mnc160-es: Cannot utime: Operation not permitted
build	Cache Android SDK	2026-06-06T12:22:49.5505821Z /usr/bin/tar: ../../../../../usr/local/lib/android/sdk/platforms/android-36-ext19/data/res/values-mcc310-mnc160-es: Cannot change mode to rwxr-xr-x: Operation not permitted
build	Cache Android SDK	2026-06-06T12:22:49.5508788Z /usr/bin/tar: ../../../../../usr/local/lib/android/sdk/platforms/android-36-ext19/data/res/values-ko-rKR: Cannot utime: Operation not permitted
build	Cache Android SDK	2026-06-06T12:22:49.5509319Z /usr/bin/tar: ../../../../../usr/local/lib/android/sdk/platforms/android-36-ext19/data/res/values-ko-rKR: Cannot change mode to rwxr-xr-x: Operation not permitted
build	Cache Android SDK	2026-06-06T12:22:49.5512092Z /usr/bin/tar: ../../../../../usr/local/lib/android/sdk/platforms/android-36-ext19/data/res/values-mcc310-mnc310-sl: Cannot utime: Operation not permitted
build	Cache Android SDK	2026-06-06T12:22:49.5512637Z /usr/bin/tar: ../../../../../usr/local/lib/android/sdk/platforms/android-36-ext19/data/res/values-mcc310-mnc310-sl: Cannot change mode to rwxr-xr-x: Operation not permitted
build	Cache Android SDK	2026-06-06T12:22:49.5515512Z /usr/bin/tar: ../../../../../usr/local/lib/android/sdk/platforms/android-36-ext19/data/res/values-mcc001-mnc01-zh-rCN: Cannot utime: Operation not permitted
build	Cache Android SDK	2026-06-06T12:22:49.5515988Z /usr/bin/tar: ../../../../../usr/local/lib/android/sdk/platforms/android-36-ext19/data/res/values-mcc001-mnc01-zh-rCN: Cannot change mode to rwxr-xr-x: Operation not permitted
build	Cache Android SDK	2026-06-06T12:22:49.5519222Z /usr/bin/tar: ../../../../../usr/local/lib/android/sdk/platforms/android-36-ext19/data/res/values-mcc310-mnc220: Cannot utime: Operation not permitted
build	Cache Android SDK	2026-06-06T12:22:49.5519684Z /usr/bin/tar: ../../../../../usr/local/lib/android/sdk/platforms/android-36-ext19/data/res/values-mcc310-mnc220: Cannot change mode to rwxr-xr-x: Operation not permitted
build	Cache Android SDK	2026-06-06T12:22:49.5522673Z /usr/bin/tar: ../../../../../usr/local/lib/android/sdk/platforms/android-36-ext19/data/res/values-mcc310-mnc220-hy: Cannot utime: Operation not permitted
build	Cache Android SDK	2026-06-06T12:22:49.5523222Z /usr/bin/tar: ../../../../../usr/local/lib/android/sdk/platforms/android-36-ext19/data/res/values-mcc310-mnc220-hy: Cannot change mode to rwxr-xr-x: Operation not permitted
build	Cache Android SDK	2026-06-06T12:22:49.5525503Z /usr/bin/tar: ../../../../../usr/local/lib/android/sdk/platforms/android-36-ext19/data/res/values-zu-watch: Cannot utime: Operation not permitted
build	Cache Android SDK	2026-06-06T12:22:49.5525951Z /usr/bin/tar: ../../../../../usr/local/lib/android/sdk/platforms/android-36-ext19/data/res/values-zu-watch: Cannot change mode to rwxr-xr-x: Operation not permitted
build	Cache Android SDK	2026-06-06T12:22:49.5528926Z /usr/bin/tar: ../../../../../usr/local/lib/android/sdk/platforms/android-36-ext19/data/res/values-mcc310-mnc560-b+sr+Latn: Cannot utime: Operation not permitted
build	Cache Android SDK	2026-06-06T12:22:49.5529424Z /usr/bin/tar: ../../../../../usr/local/lib/android/sdk/platforms/android-36-ext19/data/res/values-mcc310-mnc560-b+sr+Latn: Cannot change mode to rwxr-xr-x: Operation not permitted
build	Cache Android SDK	2026-06-06T12:22:49.5531988Z /usr/bin/tar: ../../../../../usr/local/lib/android/sdk/platforms/android-36-ext19/data/res/values-mcc310-mnc200-lo: Cannot utime: Operation not permitted
build	Cache Android SDK	2026-06-06T12:22:49.5532556Z /usr/bin/tar: ../../../../../usr/local/lib/android/sdk/platforms/android-36-ext19/data/res/values-mcc310-mnc200-lo: Cannot change mode to rwxr-xr-x: Operation not permitted
build	Cache Android SDK	2026-06-06T12:22:49.5535024Z /usr/bin/tar: ../../../../../usr/local/lib/android/sdk/platforms/android-36-ext19/data/res/values-mcc310-mnc150-it: Cannot utime: Operation not permitted
build	Cache Android SDK	2026-06-06T12:22:49.5535491Z /usr/bin/tar: ../../../../../usr/local/lib/android/sdk/platforms/android-36-ext19/data/res/values-mcc310-mnc150-it: Cannot change mode to rwxr-xr-x: Operation not permitted
build	Cache Android SDK	2026-06-06T12:22:49.5539326Z /usr/bin/tar: ../../../../../usr/local/lib/android/sdk/platforms/android-36-ext19/data/res/values-mcc310-mnc230-bs: Cannot utime: Operation not permitted
build	Cache Android SDK	2026-06-06T12:22:49.5539876Z /usr/bin/tar: ../../../../../usr/local/lib/android/sdk/platforms/android-36-ext19/data/res/values-mcc310-mnc230-bs: Cannot change mode to rwxr-xr-x: Operation not permitted
build	Cache Android SDK	2026-06-06T12:22:49.5542404Z /usr/bin/tar: ../../../../../usr/local/lib/android/sdk/platforms/android-36-ext19/data/res/values-mcc313-mnc100-az: Cannot utime: Operation not permitted
build	Cache Android SDK	2026-06-06T12:22:49.5542873Z /usr/bin/tar: ../../../../../usr/local/lib/android/sdk/platforms/android-36-ext19/data/res/values-mcc313-mnc100-az: Cannot change mode to rwxr-xr-x: Operation not permitted
build	Cache Android SDK	2026-06-06T12:22:49.5546482Z /usr/bin/tar: ../../../../../usr/local/lib/android/sdk/platforms/android-36-ext19/data/res/values-mcc310-mnc250-sl: Cannot utime: Operation not permitted
build	Cache Android SDK	2026-06-06T12:22:49.5546940Z /usr/bin/tar: ../../../../../usr/local/lib/android/sdk/platforms/android-36-ext19/data/res/values-mcc310-mnc250-sl: Cannot change mode to rwxr-xr-x: Operation not permitted
build	Cache Android SDK	2026-06-06T12:22:49.5550297Z /usr/bin/tar: ../../../../../usr/local/lib/android/sdk/platforms/android-36-ext19/data/res/values-mcc311-mnc180-ms: Cannot utime: Operation not permitted
build	Cache Android SDK	2026-06-06T12:22:49.5550763Z /usr/bin/tar: ../../../../../usr/local/lib/android/sdk/platforms/android-36-ext19/data/res/values-mcc311-mnc180-ms: Cannot change mode to rwxr-xr-x: Operation not permitted
build	Cache Android SDK	2026-06-06T12:22:49.5553777Z /usr/bin/tar: ../../../../../usr/local/lib/android/sdk/platforms/android-36-ext19/data/res/values-mcc310-mnc220-th: Cannot utime: Operation not permitted
build	Cache Android SDK	2026-06-06T12:22:49.5554243Z /usr/bin/tar: ../../../../../usr/local/lib/android/sdk/platforms/android-36-ext19/data/res/values-mcc310-mnc220-th: Cannot change mode to rwxr-xr-x: Operation not permitted
build	Cache Android SDK	2026-06-06T12:22:49.5556952Z /usr/bin/tar: ../../../../../usr/local/lib/android/sdk/platforms/android-36-ext19/data/res/values-mcc334-mnc020-ta: Cannot utime: Operation not permitted
build	Cache Android SDK	2026-06-06T12:22:49.5557570Z /usr/bin/tar: ../../../../../usr/local/lib/android/sdk/platforms/android-36-ext19/data/res/values-mcc334-mnc020-ta: Cannot change mode to rwxr-xr-x: Operation not permitted
build	Cache Android SDK	2026-06-06T12:22:49.5560212Z /usr/bin/tar: ../../../../../usr/local/lib/android/sdk/platforms/android-36-ext19/data/res/values-mcc302-mnc370-fr-rCA: Cannot utime: Operation not permitted
build	Cache Android SDK	2026-06-06T12:22:49.5560700Z /usr/bin/tar: ../../../../../usr/local/lib/android/sdk/platforms/android-36-ext19/data/res/values-mcc302-mnc370-fr-rCA: Cannot change mode to rwxr-xr-x: Operation not permitted
build	Cache Android SDK	2026-06-06T12:22:49.5564399Z /usr/bin/tar: ../../../../../usr/local/lib/android/sdk/platforms/android-36-ext19/data/res/values-mcc310-mnc660-in: Cannot utime: Operation not permitted
build	Cache Android SDK	2026-06-06T12:22:49.5564861Z /usr/bin/tar: ../../../../../usr/local/lib/android/sdk/platforms/android-36-ext19/data/res/values-mcc310-mnc660-in: Cannot change mode to rwxr-xr-x: Operation not permitted
build	Cache Android SDK	2026-06-06T12:22:49.5567780Z /usr/bin/tar: ../../../../../usr/local/lib/android/sdk/platforms/android-36-ext19/data/res/values-mcc001-mnc01-bs: Cannot utime: Operation not permitted
build	Cache Android SDK	2026-06-06T12:22:49.5568243Z /usr/bin/tar: ../../../../../usr/local/lib/android/sdk/platforms/android-36-ext19/data/res/values-mcc001-mnc01-bs: Cannot change mode to rwxr-xr-x: Operation not permitted
build	Cache Android SDK	2026-06-06T12:22:49.5570747Z /usr/bin/tar: ../../../../../usr/local/lib/android/sdk/platforms/android-36-ext19/data/res/values-mcc310-mnc280-de: Cannot utime: Operation not permitted
build	Cache Android SDK	2026-06-06T12:22:49.5571207Z /usr/bin/tar: ../../../../../usr/local/lib/android/sdk/platforms/android-36-ext19/data/res/values-mcc310-mnc280-de: Cannot change mode to rwxr-xr-x: Operation not permitted
build	Cache Android SDK	2026-06-06T12:22:49.5574302Z /usr/bin/tar: ../../../../../usr/local/lib/android/sdk/platforms/android-36-ext19/data/res/values-mcc416-mnc77: Cannot utime: Operation not permitted
build	Cache Android SDK	2026-06-06T12:22:49.5574879Z /usr/bin/tar: ../../../../../usr/local/lib/android/sdk/platforms/android-36-ext19/data/res/values-mcc416-mnc77: Cannot change mode to rwxr-xr-x: Operation not permitted
build	Cache Android SDK	2026-06-06T12:22:49.5577193Z /usr/bin/tar: ../../../../../usr/local/lib/android/sdk/platforms/android-36-ext19/data/res/values-pl-television: Cannot utime: Operation not permitted
build	Cache Android SDK	2026-06-06T12:22:49.5577807Z /usr/bin/tar: ../../../../../usr/local/lib/android/sdk/platforms/android-36-ext19/data/res/values-pl-television: Cannot change mode to rwxr-xr-x: Operation not permitted
build	Cache Android SDK	2026-06-06T12:22:49.5580321Z /usr/bin/tar: ../../../../../usr/local/lib/android/sdk/platforms/android-36-ext19/data/res/values-h720dp: Cannot utime: Operation not permitted
build	Cache Android SDK	2026-06-06T12:22:49.5580772Z /usr/bin/tar: ../../../../../usr/local/lib/android/sdk/platforms/android-36-ext19/data/res/values-h720dp: Cannot change mode to rwxr-xr-x: Operation not permitted
build	Cache Android SDK	2026-06-06T12:22:49.5583954Z /usr/bin/tar: ../../../../../usr/local/lib/android/sdk/platforms/android-36-ext19/data/res/values-mcc310-mnc310-b+sr+Latn: Cannot utime: Operation not permitted
build	Cache Android SDK	2026-06-06T12:22:49.5584456Z /usr/bin/tar: ../../../../../usr/local/lib/android/sdk/platforms/android-36-ext19/data/res/values-mcc310-mnc310-b+sr+Latn: Cannot change mode to rwxr-xr-x: Operation not permitted
build	Cache Android SDK	2026-06-06T12:22:49.5587224Z /usr/bin/tar: ../../../../../usr/local/lib/android/sdk/platforms/android-36-ext19/data/res/values-mcc001-mnc01-eu: Cannot utime: Operation not permitted
build	Cache Android SDK	2026-06-06T12:22:49.5587919Z /usr/bin/tar: ../../../../../usr/local/lib/android/sdk/platforms/android-36-ext19/data/res/values-mcc001-mnc01-eu: Cannot change mode to rwxr-xr-x: Operation not permitted
build	Cache Android SDK	2026-06-06T12:22:49.5590517Z /usr/bin/tar: ../../../../../usr/local/lib/android/sdk/platforms/android-36-ext19/data/res/values-mcc310-mnc170-mn: Cannot utime: Operation not permitted
build	Cache Android SDK	2026-06-06T12:22:49.5591117Z /usr/bin/tar: ../../../../../usr/local/lib/android/sdk/platforms/android-36-ext19/data/res/values-mcc310-mnc170-mn: Cannot change mode to rwxr-xr-x: Operation not permitted
build	Cache Android SDK	2026-06-06T12:22:49.5594130Z /usr/bin/tar: ../../../../../usr/local/lib/android/sdk/platforms/android-36-ext19/data/res/values-mcc234: Cannot utime: Operation not permitted
build	Cache Android SDK	2026-06-06T12:22:49.5594644Z /usr/bin/tar: ../../../../../usr/local/lib/android/sdk/platforms/android-36-ext19/data/res/values-mcc234: Cannot change mode to rwxr-xr-x: Operation not permitted
build	Cache Android SDK	2026-06-06T12:22:49.5604052Z /usr/bin/tar: ../../../../../usr/local/lib/android/sdk/platforms/android-36-ext19/data/res/values-th: Cannot utime: Operation not permitted
build	Cache Android SDK	2026-06-06T12:22:49.5604545Z /usr/bin/tar: ../../../../../usr/local/lib/android/sdk/platforms/android-36-ext19/data/res/values-th: Cannot change mode to rwxr-xr-x: Operation not permitted
build	Cache Android SDK	2026-06-06T12:22:49.5606025Z /usr/bin/tar: ../../../../../usr/local/lib/android/sdk/platforms/android-36-ext19/data/res/values-mcc310-mnc030-mr: Cannot utime: Operation not permitted
build	Cache Android SDK	2026-06-06T12:22:49.5606508Z /usr/bin/tar: ../../../../../usr/local/lib/android/sdk/platforms/android-36-ext19/data/res/values-mcc310-mnc030-mr: Cannot change mode to rwxr-xr-x: Operation not permitted
build	Cache Android SDK	2026-06-06T12:22:49.5609503Z /usr/bin/tar: ../../../../../usr/local/lib/android/sdk/platforms/android-36-ext19/data/res/values-mcc310-mnc310-ka: Cannot utime: Operation not permitted
build	Cache Android SDK	2026-06-06T12:22:49.5609993Z /usr/bin/tar: ../../../../../usr/local/lib/android/sdk/platforms/android-36-ext19/data/res/values-mcc310-mnc310-ka: Cannot change mode to rwxr-xr-x: Operation not permitted
build	Cache Android SDK	2026-06-06T12:22:49.5612689Z /usr/bin/tar: ../../../../../usr/local/lib/android/sdk/platforms/android-36-ext19/data/res/values-mcc310-mnc240-tl: Cannot utime: Operation not permitted
build	Cache Android SDK	2026-06-06T12:22:49.5613159Z /usr/bin/tar: ../../../../../usr/local/lib/android/sdk/platforms/android-36-ext19/data/res/values-mcc310-mnc240-tl: Cannot change mode to rwxr-xr-x: Operation not permitted
build	Cache Android SDK	2026-06-06T12:22:49.5616074Z /usr/bin/tar: ../../../../../usr/local/lib/android/sdk/platforms/android-36-ext19/data/res/values-el-television: Cannot utime: Operation not permitted
build	Cache Android SDK	2026-06-06T12:22:49.5616539Z /usr/bin/tar: ../../../../../usr/local/lib/android/sdk/platforms/android-36-ext19/data/res/values-el-television: Cannot change mode to rwxr-xr-x: Operation not permitted
build	Cache Android SDK	2026-06-06T12:22:49.5619526Z /usr/bin/tar: ../../../../../usr/local/lib/android/sdk/platforms/android-36-ext19/data/res/values-mcc312-mnc670-nl: Cannot utime: Operation not permitted
build	Cache Android SDK	2026-06-06T12:22:49.5619991Z /usr/bin/tar: ../../../../../usr/local/lib/android/sdk/platforms/android-36-ext19/data/res/values-mcc312-mnc670-nl: Cannot change mode to rwxr-xr-x: Operation not permitted
build	Cache Android SDK	2026-06-06T12:22:49.5622722Z /usr/bin/tar: ../../../../../usr/local/lib/android/sdk/platforms/android-36-ext19/data/res/values-mcc310-mnc310-hy: Cannot utime: Operation not permitted
build	Cache Android SDK	2026-06-06T12:22:49.5623185Z /usr/bin/tar: ../../../../../usr/local/lib/android/sdk/platforms/android-36-ext19/data/res/values-mcc310-mnc310-hy: Cannot change mode to rwxr-xr-x: Operation not permitted
build	Cache Android SDK	2026-06-06T12:22:49.5625959Z /usr/bin/tar: ../../../../../usr/local/lib/android/sdk/platforms/android-36-ext19/data/res/values-mcc310-mnc250-ur: Cannot utime: Operation not permitted
build	Cache Android SDK	2026-06-06T12:22:49.5626495Z /usr/bin/tar: ../../../../../usr/local/lib/android/sdk/platforms/android-36-ext19/data/res/values-mcc310-mnc250-ur: Cannot change mode to rwxr-xr-x: Operation not permitted
build	Cache Android SDK	2026-06-06T12:22:49.5629479Z /usr/bin/tar: ../../../../../usr/local/lib/android/sdk/platforms/android-36-ext19/data/res/values-mcc310-mnc490-si: Cannot utime: Operation not permitted
build	Cache Android SDK	2026-06-06T12:22:49.5630160Z /usr/bin/tar: ../../../../../usr/local/lib/android/sdk/platforms/android-36-ext19/data/res/values-mcc310-mnc490-si: Cannot change mode to rwxr-xr-x: Operation not permitted
build	Cache Android SDK	2026-06-06T12:22:49.5632754Z /usr/bin/tar: ../../../../../usr/local/lib/android/sdk/platforms/android-36-ext19/data/res/drawable-w216dp: Cannot utime: Operation not permitted
build	Cache Android SDK	2026-06-06T12:22:49.5633694Z /usr/bin/tar: ../../../../../usr/local/lib/android/sdk/platforms/android-36-ext19/data/res/drawable-w216dp: Cannot change mode to rwxr-xr-x: Operation not permitted
build	Cache Android SDK	2026-06-06T12:22:49.5635924Z /usr/bin/tar: ../../../../../usr/local/lib/android/sdk/platforms/android-36-ext19/data/res/values-mcc313-mnc100-am: Cannot utime: Operation not permitted
build	Cache Android SDK	2026-06-06T12:22:49.5636529Z /usr/bin/tar: ../../../../../usr/local/lib/android/sdk/platforms/android-36-ext19/data/res/values-mcc313-mnc100-am: Cannot change mode to rwxr-xr-x: Operation not permitted
build	Cache Android SDK	2026-06-06T12:22:49.5639660Z /usr/bin/tar: ../../../../../usr/local/lib/android/sdk/platforms/android-36-ext19/data/res/values-mcc310-mnc660-gu: Cannot utime: Operation not permitted
build	Cache Android SDK	2026-06-06T12:22:49.5640135Z /usr/bin/tar: ../../../../../usr/local/lib/android/sdk/platforms/android-36-ext19/data/res/values-mcc310-mnc660-gu: Cannot change mode to rwxr-xr-x: Operation not permitted
build	Cache Android SDK	2026-06-06T12:22:49.5642832Z /usr/bin/tar: ../../../../../usr/local/lib/android/sdk/platforms/android-36-ext19/data/res/values-mcc310-mnc410-fr-rCA: Cannot utime: Operation not permitted
build	Cache Android SDK	2026-06-06T12:22:49.5643315Z /usr/bin/tar: ../../../../../usr/local/lib/android/sdk/platforms/android-36-ext19/data/res/values-mcc310-mnc410-fr-rCA: Cannot change mode to rwxr-xr-x: Operation not permitted
build	Cache Android SDK	2026-06-06T12:22:49.5646018Z /usr/bin/tar: ../../../../../usr/local/lib/android/sdk/platforms/android-36-ext19/data/res/values-mcc310-mnc220-te: Cannot utime: Operation not permitted
build	Cache Android SDK	2026-06-06T12:22:49.5646561Z /usr/bin/tar: ../../../../../usr/local/lib/android/sdk/platforms/android-36-ext19/data/res/values-mcc310-mnc220-te: Cannot change mode to rwxr-xr-x: Operation not permitted
build	Cache Android SDK	2026-06-06T12:22:49.5649544Z /usr/bin/tar: ../../../../../usr/local/lib/android/sdk/platforms/android-36-ext19/data/res/values-af-watch: Cannot utime: Operation not permitted
build	Cache Android SDK	2026-06-06T12:22:49.5650074Z /usr/bin/tar: ../../../../../usr/local/lib/android/sdk/platforms/android-36-ext19/data/res/values-af-watch: Cannot change mode to rwxr-xr-x: Operation not permitted
build	Cache Android SDK	2026-06-06T12:22:49.5652582Z /usr/bin/tar: ../../../../../usr/local/lib/android/sdk/platforms/android-36-ext19/data/res/values-mcc310-mnc410-el: Cannot utime: Operation not permitted
build	Cache Android SDK	2026-06-06T12:22:49.5653123Z /usr/bin/tar: ../../../../../usr/local/lib/android/sdk/platforms/android-36-ext19/data/res/values-mcc310-mnc410-el: Cannot change mode to rwxr-xr-x: Operation not permitted
build	Cache Android SDK	2026-06-06T12:22:49.5655824Z /usr/bin/tar: ../../../../../usr/local/lib/android/sdk/platforms/android-36-ext19/data/res/values-mcc310-mnc250-en-rAU: Cannot utime: Operation not permitted
build	Cache Android SDK	2026-06-06T12:22:49.5656306Z /usr/bin/tar: ../../../../../usr/local/lib/android/sdk/platforms/android-36-ext19/data/res/values-mcc310-mnc250-en-rAU: Cannot change mode to rwxr-xr-x: Operation not permitted
build	Cache Android SDK	2026-06-06T12:22:49.5659495Z /usr/bin/tar: ../../../../../usr/local/lib/android/sdk/platforms/android-36-ext19/data/res/values-mcc312-mnc670-mr: Cannot utime: Operation not permitted
build	Cache Android SDK	2026-06-06T12:22:49.5659992Z /usr/bin/tar: ../../../../../usr/local/lib/android/sdk/platforms/android-36-ext19/data/res/values-mcc312-mnc670-mr: Cannot change mode to rwxr-xr-x: Operation not permitted
build	Cache Android SDK	2026-06-06T12:22:49.5662822Z /usr/bin/tar: ../../../../../usr/local/lib/android/sdk/platforms/android-36-ext19/data/res/values-mcc310-mnc660-sk: Cannot utime: Operation not permitted
build	Cache Android SDK	2026-06-06T12:22:49.5663373Z /usr/bin/tar: ../../../../../usr/local/lib/android/sdk/platforms/android-36-ext19/data/res/values-mcc310-mnc660-sk: Cannot change mode to rwxr-xr-x: Operation not permitted
build	Cache Android SDK	2026-06-06T12:22:49.5666599Z /usr/bin/tar: ../../../../../usr/local/lib/android/sdk/platforms/android-36-ext19/data/res/values-mcc310-mnc800-pt-rBR: Cannot utime: Operation not permitted
build	Cache Android SDK	2026-06-06T12:22:49.5667083Z /usr/bin/tar: ../../../../../usr/local/lib/android/sdk/platforms/android-36-ext19/data/res/values-mcc310-mnc800-pt-rBR: Cannot change mode to rwxr-xr-x: Operation not permitted
build	Cache Android SDK	2026-06-06T12:22:49.5670006Z /usr/bin/tar: ../../../../../usr/local/lib/android/sdk/platforms/android-36-ext19/data/res/values-mcc310-mnc410-uz: Cannot utime: Operation not permitted
build	Cache Android SDK	2026-06-06T12:22:49.5670476Z /usr/bin/tar: ../../../../../usr/local/lib/android/sdk/platforms/android-36-ext19/data/res/values-mcc310-mnc410-uz: Cannot change mode to rwxr-xr-x: Operation not permitted
build	Cache Android SDK	2026-06-06T12:22:49.5673709Z /usr/bin/tar: ../../../../../usr/local/lib/android/sdk/platforms/android-36-ext19/data/res/values-mcc310-mnc230-ms: Cannot utime: Operation not permitted
build	Cache Android SDK	2026-06-06T12:22:49.5674178Z /usr/bin/tar: ../../../../../usr/local/lib/android/sdk/platforms/android-36-ext19/data/res/values-mcc310-mnc230-ms: Cannot change mode to rwxr-xr-x: Operation not permitted
build	Cache Android SDK	2026-06-06T12:22:49.5677081Z /usr/bin/tar: ../../../../../usr/local/lib/android/sdk/platforms/android-36-ext19/data/res/values-mcc302-mnc720-vi: Cannot utime: Operation not permitted
build	Cache Android SDK	2026-06-06T12:22:49.5677878Z /usr/bin/tar: ../../../../../usr/local/lib/android/sdk/platforms/android-36-ext19/data/res/values-mcc302-mnc720-vi: Cannot change mode to rwxr-xr-x: Operation not permitted
build	Cache Android SDK	2026-06-06T12:22:49.5680536Z /usr/bin/tar: ../../../../../usr/local/lib/android/sdk/platforms/android-36-ext19/data/res/values-tr-rTR: Cannot utime: Operation not permitted
build	Cache Android SDK	2026-06-06T12:22:49.5680986Z /usr/bin/tar: ../../../../../usr/local/lib/android/sdk/platforms/android-36-ext19/data/res/values-tr-rTR: Cannot change mode to rwxr-xr-x: Operation not permitted
build	Cache Android SDK	2026-06-06T12:22:49.5692695Z /usr/bin/tar: ../../../../../usr/local/lib/android/sdk/platforms/android-36-ext19/data/res/values-en-rXC: Cannot utime: Operation not permitted
build	Cache Android SDK	2026-06-06T12:22:49.5693206Z /usr/bin/tar: ../../../../../usr/local/lib/android/sdk/platforms/android-36-ext19/data/res/values-en-rXC: Cannot change mode to rwxr-xr-x: Operation not permitted
build	Cache Android SDK	2026-06-06T12:22:49.5695731Z /usr/bin/tar: ../../../../../usr/local/lib/android/sdk/platforms/android-36-ext19/data/res/values-mcc310-mnc560-pt-rPT: Cannot utime: Operation not permitted
build	Cache Android SDK	2026-06-06T12:22:49.5696235Z /usr/bin/tar: ../../../../../usr/local/lib/android/sdk/platforms/android-36-ext19/data/res/values-mcc310-mnc560-pt-rPT: Cannot change mode to rwxr-xr-x: Operation not permitted
build	Cache Android SDK	2026-06-06T12:22:49.5699379Z /usr/bin/tar: ../../../../../usr/local/lib/android/sdk/platforms/android-36-ext19/data/res/values-mcc310-mnc490-es: Cannot utime: Operation not permitted
build	Cache Android SDK	2026-06-06T12:22:49.5700046Z /usr/bin/tar: ../../../../../usr/local/lib/android/sdk/platforms/android-36-ext19/data/res/values-mcc310-mnc490-es: Cannot change mode to rwxr-xr-x: Operation not permitted
build	Cache Android SDK	2026-06-06T12:22:49.5702429Z /usr/bin/tar: ../../../../../usr/local/lib/android/sdk/platforms/android-36-ext19/data/res/values-mcc310-mnc310-th: Cannot utime: Operation not permitted
build	Cache Android SDK	2026-06-06T12:22:49.5702904Z /usr/bin/tar: ../../../../../usr/local/lib/android/sdk/platforms/android-36-ext19/data/res/values-mcc310-mnc310-th: Cannot change mode to rwxr-xr-x: Operation not permitted
build	Cache Android SDK	2026-06-06T12:22:49.5705564Z /usr/bin/tar: ../../../../../usr/local/lib/android/sdk/platforms/android-36-ext19/data/res/values-mcc310-mnc030-fa: Cannot utime: Operation not permitted
build	Cache Android SDK	2026-06-06T12:22:49.5706029Z /usr/bin/tar: ../../../../../usr/local/lib/android/sdk/platforms/android-36-ext19/data/res/values-mcc310-mnc030-fa: Cannot change mode to rwxr-xr-x: Operation not permitted
build	Cache Android SDK	2026-06-06T12:22:49.5710503Z /usr/bin/tar: ../../../../../usr/local/lib/android/sdk/platforms/android-36-ext19/data/res/values-mcc001-mnc01-be: Cannot utime: Operation not permitted
build	Cache Android SDK	2026-06-06T12:22:49.5710975Z /usr/bin/tar: ../../../../../usr/local/lib/android/sdk/platforms/android-36-ext19/data/res/values-mcc001-mnc01-be: Cannot change mode to rwxr-xr-x: Operation not permitted
build	Cache Android SDK	2026-06-06T12:22:49.5715456Z /usr/bin/tar: ../../../../../usr/local/lib/android/sdk/platforms/android-36-ext19/data/res/values-mcc310-mnc210-el: Cannot utime: Operation not permitted
build	Cache Android SDK	2026-06-06T12:22:49.5715951Z /usr/bin/tar: ../../../../../usr/local/lib/android/sdk/platforms/android-36-ext19/data/res/values-mcc310-mnc210-el: Cannot change mode to rwxr-xr-x: Operation not permitted
build	Cache Android SDK	2026-06-06T12:22:49.5719238Z /usr/bin/tar: ../../../../../usr/local/lib/android/sdk/platforms/android-36-ext19/data/res/values-mcc310-mnc200-ja: Cannot utime: Operation not permitted
build	Cache Android SDK	2026-06-06T12:22:49.5719723Z /usr/bin/tar: ../../../../../usr/local/lib/android/sdk/platforms/android-36-ext19/data/res/values-mcc310-mnc200-ja: Cannot change mode to rwxr-xr-x: Operation not permitted
build	Cache Android SDK	2026-06-06T12:22:49.5725639Z /usr/bin/tar: ../../../../../usr/local/lib/android/sdk/platforms/android-36-ext19/data/res/values-eu: Cannot utime: Operation not permitted
build	Cache Android SDK	2026-06-06T12:22:49.5726581Z /usr/bin/tar: ../../../../../usr/local/lib/android/sdk/platforms/android-36-ext19/data/res/values-eu: Cannot change mode to rwxr-xr-x: Operation not permitted
build	Cache Android SDK	2026-06-06T12:22:49.5728793Z /usr/bin/tar: ../../../../../usr/local/lib/android/sdk/platforms/android-36-ext19/data/res/values-mcc310-mnc160-ms: Cannot utime: Operation not permitted
build	Cache Android SDK	2026-06-06T12:22:49.5729263Z /usr/bin/tar: ../../../../../usr/local/lib/android/sdk/platforms/android-36-ext19/data/res/values-mcc310-mnc160-ms: Cannot change mode to rwxr-xr-x: Operation not permitted
build	Cache Android SDK	2026-06-06T12:22:49.5731893Z /usr/bin/tar: ../../../../../usr/local/lib/android/sdk/platforms/android-36-ext19/data/res/values-mcc310-mnc240-az: Cannot utime: Operation not permitted
build	Cache Android SDK	2026-06-06T12:22:49.5732372Z /usr/bin/tar: ../../../../../usr/local/lib/android/sdk/platforms/android-36-ext19/data/res/values-mcc310-mnc240-az: Cannot change mode to rwxr-xr-x: Operation not permitted
build	Cache Android SDK	2026-06-06T12:22:49.5735422Z /usr/bin/tar: ../../../../../usr/local/lib/android/sdk/platforms/android-36-ext19/data/res/values-mcc310-mnc220-kk: Cannot utime: Operation not permitted
build	Cache Android SDK	2026-06-06T12:22:49.5736025Z /usr/bin/tar: ../../../../../usr/local/lib/android/sdk/platforms/android-36-ext19/data/res/values-mcc310-mnc220-kk: Cannot change mode to rwxr-xr-x: Operation not permitted
build	Cache Android SDK	2026-06-06T12:22:49.5739144Z /usr/bin/tar: ../../../../../usr/local/lib/android/sdk/platforms/android-36-ext19/data/res/values-mcc310-mnc200-ru: Cannot utime: Operation not permitted
build	Cache Android SDK	2026-06-06T12:22:49.5739698Z /usr/bin/tar: ../../../../../usr/local/lib/android/sdk/platforms/android-36-ext19/data/res/values-mcc310-mnc200-ru: Cannot change mode to rwxr-xr-x: Operation not permitted
build	Cache Android SDK	2026-06-06T12:22:49.5741961Z /usr/bin/tar: ../../../../../usr/local/lib/android/sdk/platforms/android-36-ext19/data/res/values-mcc001-mnc01-da: Cannot utime: Operation not permitted
build	Cache Android SDK	2026-06-06T12:22:49.5742437Z /usr/bin/tar: ../../../../../usr/local/lib/android/sdk/platforms/android-36-ext19/data/res/values-mcc001-mnc01-da: Cannot change mode to rwxr-xr-x: Operation not permitted
build	Cache Android SDK	2026-06-06T12:22:49.5745407Z /usr/bin/tar: ../../../../../usr/local/lib/android/sdk/platforms/android-36-ext19/data/res/values-mcc310-mnc160-it: Cannot utime: Operation not permitted
build	Cache Android SDK	2026-06-06T12:22:49.5745870Z /usr/bin/tar: ../../../../../usr/local/lib/android/sdk/platforms/android-36-ext19/data/res/values-mcc310-mnc160-it: Cannot change mode to rwxr-xr-x: Operation not permitted
build	Cache Android SDK	2026-06-06T12:22:49.5749011Z /usr/bin/tar: ../../../../../usr/local/lib/android/sdk/platforms/android-36-ext19/data/res/values-mcc310-mnc200-sq: Cannot utime: Operation not permitted
build	Cache Android SDK	2026-06-06T12:22:49.5749508Z /usr/bin/tar: ../../../../../usr/local/lib/android/sdk/platforms/android-36-ext19/data/res/values-mcc310-mnc200-sq: Cannot change mode to rwxr-xr-x: Operation not permitted
build	Cache Android SDK	2026-06-06T12:22:49.5752343Z /usr/bin/tar: ../../../../../usr/local/lib/android/sdk/platforms/android-36-ext19/data/res/values-mcc302-mnc370-b+sr+Latn: Cannot utime: Operation not permitted
build	Cache Android SDK	2026-06-06T12:22:49.5752873Z /usr/bin/tar: ../../../../../usr/local/lib/android/sdk/platforms/android-36-ext19/data/res/values-mcc302-mnc370-b+sr+Latn: Cannot change mode to rwxr-xr-x: Operation not permitted
build	Cache Android SDK	2026-06-06T12:22:49.5755769Z /usr/bin/tar: ../../../../../usr/local/lib/android/sdk/platforms/android-36-ext19/data/res/values-mcc302-mnc720-am: Cannot utime: Operation not permitted
build	Cache Android SDK	2026-06-06T12:22:49.5756231Z /usr/bin/tar: ../../../../../usr/local/lib/android/sdk/platforms/android-36-ext19/data/res/values-mcc302-mnc720-am: Cannot change mode to rwxr-xr-x: Operation not permitted
build	Cache Android SDK	2026-06-06T12:22:49.5758941Z /usr/bin/tar: ../../../../../usr/local/lib/android/sdk/platforms/android-36-ext19/data/res/values-mcc310-mnc210-ru: Cannot utime: Operation not permitted
build	Cache Android SDK	2026-06-06T12:22:49.5759471Z /usr/bin/tar: ../../../../../usr/local/lib/android/sdk/platforms/android-36-ext19/data/res/values-mcc310-mnc210-ru: Cannot change mode to rwxr-xr-x: Operation not permitted
build	Cache Android SDK	2026-06-06T12:22:49.5762180Z /usr/bin/tar: ../../../../../usr/local/lib/android/sdk/platforms/android-36-ext19/data/res/values-mcc311-mnc180-sv: Cannot utime: Operation not permitted
build	Cache Android SDK	2026-06-06T12:22:49.5762787Z /usr/bin/tar: ../../../../../usr/local/lib/android/sdk/platforms/android-36-ext19/data/res/values-mcc311-mnc180-sv: Cannot change mode to rwxr-xr-x: Operation not permitted
build	Cache Android SDK	2026-06-06T12:22:49.5765672Z /usr/bin/tar: ../../../../../usr/local/lib/android/sdk/platforms/android-36-ext19/data/res/values-mcc312-mnc670-pt-rBR: Cannot utime: Operation not permitted
build	Cache Android SDK	2026-06-06T12:22:49.5766164Z /usr/bin/tar: ../../../../../usr/local/lib/android/sdk/platforms/android-36-ext19/data/res/values-mcc312-mnc670-pt-rBR: Cannot change mode to rwxr-xr-x: Operation not permitted
build	Cache Android SDK	2026-06-06T12:22:49.5769048Z /usr/bin/tar: ../../../../../usr/local/lib/android/sdk/platforms/android-36-ext19/data/res/values-mcc313-mnc100-km: Cannot utime: Operation not permitted
build	Cache Android SDK	2026-06-06T12:22:49.5769730Z /usr/bin/tar: ../../../../../usr/local/lib/android/sdk/platforms/android-36-ext19/data/res/values-mcc313-mnc100-km: Cannot change mode to rwxr-xr-x: Operation not permitted
build	Cache Android SDK	2026-06-06T12:22:49.5771964Z /usr/bin/tar: ../../../../../usr/local/lib/android/sdk/platforms/android-36-ext19/data/res/values-mcc310-mnc170-ur: Cannot utime: Operation not permitted
build	Cache Android SDK	2026-06-06T12:22:49.5772429Z /usr/bin/tar: ../../../../../usr/local/lib/android/sdk/platforms/android-36-ext19/data/res/values-mcc310-mnc170-ur: Cannot change mode to rwxr-xr-x: Operation not permitted
build	Cache Android SDK	2026-06-06T12:22:49.5774767Z /usr/bin/tar: ../../../../../usr/local/lib/android/sdk/platforms/android-36-ext19/data/res/values-mcc310-mnc380-bn: Cannot utime: Operation not permitted
build	Cache Android SDK	2026-06-06T12:22:49.5775301Z /usr/bin/tar: ../../../../../usr/local/lib/android/sdk/platforms/android-36-ext19/data/res/values-mcc310-mnc380-bn: Cannot change mode to rwxr-xr-x: Operation not permitted
build	Cache Android SDK	2026-06-06T12:22:49.5777833Z /usr/bin/tar: ../../../../../usr/local/lib/android/sdk/platforms/android-36-ext19/data/res/values-mcc310-mnc160-pt-rBR: Cannot utime: Operation not permitted
build	Cache Android SDK	2026-06-06T12:22:49.5778320Z /usr/bin/tar: ../../../../../usr/local/lib/android/sdk/platforms/android-36-ext19/data/res/values-mcc310-mnc160-pt-rBR: Cannot change mode to rwxr-xr-x: Operation not permitted
build	Cache Android SDK	2026-06-06T12:22:49.5781370Z /usr/bin/tar: ../../../../../usr/local/lib/android/sdk/platforms/android-36-ext19/data/res/values-mcc313-mnc100-ka: Cannot utime: Operation not permitted
build	Cache Android SDK	2026-06-06T12:22:49.5781831Z /usr/bin/tar: ../../../../../usr/local/lib/android/sdk/platforms/android-36-ext19/data/res/values-mcc313-mnc100-ka: Cannot change mode to rwxr-xr-x: Operation not permitted
build	Cache Android SDK	2026-06-06T12:22:49.5784259Z /usr/bin/tar: ../../../../../usr/local/lib/android/sdk/platforms/android-36-ext19/data/res/values-mcc001-mnc01-ar: Cannot utime: Operation not permitted
build	Cache Android SDK	2026-06-06T12:22:49.5784798Z /usr/bin/tar: ../../../../../usr/local/lib/android/sdk/platforms/android-36-ext19/data/res/values-mcc001-mnc01-ar: Cannot change mode to rwxr-xr-x: Operation not permitted
build	Cache Android SDK	2026-06-06T12:22:49.5787335Z /usr/bin/tar: ../../../../../usr/local/lib/android/sdk/platforms/android-36-ext19/data/res/values-mcc312-mnc670-da: Cannot utime: Operation not permitted
build	Cache Android SDK	2026-06-06T12:22:49.5787968Z /usr/bin/tar: ../../../../../usr/local/lib/android/sdk/platforms/android-36-ext19/data/res/values-mcc312-mnc670-da: Cannot change mode to rwxr-xr-x: Operation not permitted
build	Cache Android SDK	2026-06-06T12:22:49.5790515Z /usr/bin/tar: ../../../../../usr/local/lib/android/sdk/platforms/android-36-ext19/data/res/values-mcc001-mnc01-is: Cannot utime: Operation not permitted
build	Cache Android SDK	2026-06-06T12:22:49.5790975Z /usr/bin/tar: ../../../../../usr/local/lib/android/sdk/platforms/android-36-ext19/data/res/values-mcc001-mnc01-is: Cannot change mode to rwxr-xr-x: Operation not permitted
build	Cache Android SDK	2026-06-06T12:22:49.5793602Z /usr/bin/tar: ../../../../../usr/local/lib/android/sdk/platforms/android-36-ext19/data/res/values-mcc310-mnc280-mn: Cannot utime: Operation not permitted
build	Cache Android SDK	2026-06-06T12:22:49.5794073Z /usr/bin/tar: ../../../../../usr/local/lib/android/sdk/platforms/android-36-ext19/data/res/values-mcc310-mnc280-mn: Cannot change mode to rwxr-xr-x: Operation not permitted
build	Cache Android SDK	2026-06-06T12:22:49.5797050Z /usr/bin/tar: ../../../../../usr/local/lib/android/sdk/platforms/android-36-ext19/data/res/values-mcc311-mnc180-es: Cannot utime: Operation not permitted
build	Cache Android SDK	2026-06-06T12:22:49.5797680Z /usr/bin/tar: ../../../../../usr/local/lib/android/sdk/platforms/android-36-ext19/data/res/values-mcc311-mnc180-es: Cannot change mode to rwxr-xr-x: Operation not permitted
build	Cache Android SDK	2026-06-06T12:22:49.5800289Z /usr/bin/tar: ../../../../../usr/local/lib/android/sdk/platforms/android-36-ext19/data/res/values-mcc310-mnc270-uz: Cannot utime: Operation not permitted
build	Cache Android SDK	2026-06-06T12:22:49.5800749Z /usr/bin/tar: ../../../../../usr/local/lib/android/sdk/platforms/android-36-ext19/data/res/values-mcc310-mnc270-uz: Cannot change mode to rwxr-xr-x: Operation not permitted
build	Cache Android SDK	2026-06-06T12:22:49.5803769Z /usr/bin/tar: ../../../../../usr/local/lib/android/sdk/platforms/android-36-ext19/data/res/values-mcc310-mnc220-fr-rCA: Cannot utime: Operation not permitted
build	Cache Android SDK	2026-06-06T12:22:49.5804252Z /usr/bin/tar: ../../../../../usr/local/lib/android/sdk/platforms/android-36-ext19/data/res/values-mcc310-mnc220-fr-rCA: Cannot change mode to rwxr-xr-x: Operation not permitted
build	Cache Android SDK	2026-06-06T12:22:49.5806812Z /usr/bin/tar: ../../../../../usr/local/lib/android/sdk/platforms/android-36-ext19/data/res/values-mcc001-mnc01-af: Cannot utime: Operation not permitted
build	Cache Android SDK	2026-06-06T12:22:49.5807547Z /usr/bin/tar: ../../../../../usr/local/lib/android/sdk/platforms/android-36-ext19/data/res/values-mcc001-mnc01-af: Cannot change mode to rwxr-xr-x: Operation not permitted
build	Cache Android SDK	2026-06-06T12:22:49.5809817Z /usr/bin/tar: ../../../../../usr/local/lib/android/sdk/platforms/android-36-ext19/data/res/values-mcc310-mnc280-fi: Cannot utime: Operation not permitted
build	Cache Android SDK	2026-06-06T12:22:49.5810275Z /usr/bin/tar: ../../../../../usr/local/lib/android/sdk/platforms/android-36-ext19/data/res/values-mcc310-mnc280-fi: Cannot change mode to rwxr-xr-x: Operation not permitted
build	Cache Android SDK	2026-06-06T12:22:49.5812705Z /usr/bin/tar: ../../../../../usr/local/lib/android/sdk/platforms/android-36-ext19/data/res/values-fr-rFR: Cannot utime: Operation not permitted
build	Cache Android SDK	2026-06-06T12:22:49.5813145Z /usr/bin/tar: ../../../../../usr/local/lib/android/sdk/platforms/android-36-ext19/data/res/values-fr-rFR: Cannot change mode to rwxr-xr-x: Operation not permitted
build	Cache Android SDK	2026-06-06T12:22:49.5815834Z /usr/bin/tar: ../../../../../usr/local/lib/android/sdk/platforms/android-36-ext19/data/res/values-mcc310-mnc380-sw: Cannot utime: Operation not permitted
build	Cache Android SDK	2026-06-06T12:22:49.5816297Z /usr/bin/tar: ../../../../../usr/local/lib/android/sdk/platforms/android-36-ext19/data/res/values-mcc310-mnc380-sw: Cannot change mode to rwxr-xr-x: Operation not permitted
build	Cache Android SDK	2026-06-06T12:22:49.5819083Z /usr/bin/tar: ../../../../../usr/local/lib/android/sdk/platforms/android-36-ext19/data/res/values-mcc310-mnc270-de: Cannot utime: Operation not permitted
build	Cache Android SDK	2026-06-06T12:22:49.5819550Z /usr/bin/tar: ../../../../../usr/local/lib/android/sdk/platforms/android-36-ext19/data/res/values-mcc310-mnc270-de: Cannot change mode to rwxr-xr-x: Operation not permitted
build	Cache Android SDK	2026-06-06T12:22:49.5823606Z /usr/bin/tar: ../../../../../usr/local/lib/android/sdk/platforms/android-36-ext19/data/res/values-mcc310-mnc030-ta: Cannot utime: Operation not permitted
build	Cache Android SDK	2026-06-06T12:22:49.5824167Z /usr/bin/tar: ../../../../../usr/local/lib/android/sdk/platforms/android-36-ext19/data/res/values-mcc310-mnc030-ta: Cannot change mode to rwxr-xr-x: Operation not permitted
build	Cache Android SDK	2026-06-06T12:22:49.5829371Z /usr/bin/tar: ../../../../../usr/local/lib/android/sdk/platforms/android-36-ext19/data/res/values-mcc310-mnc800-si: Cannot utime: Operation not permitted
build	Cache Android SDK	2026-06-06T12:22:49.5829846Z /usr/bin/tar: ../../../../../usr/local/lib/android/sdk/platforms/android-36-ext19/data/res/values-mcc310-mnc800-si: Cannot change mode to rwxr-xr-x: Operation not permitted
build	Cache Android SDK	2026-06-06T12:22:49.5833609Z /usr/bin/tar: ../../../../../usr/local/lib/android/sdk/platforms/android-36-ext19/data/res/values-mcc310-mnc660-zu: Cannot utime: Operation not permitted
build	Cache Android SDK	2026-06-06T12:22:49.5834071Z /usr/bin/tar: ../../../../../usr/local/lib/android/sdk/platforms/android-36-ext19/data/res/values-mcc310-mnc660-zu: Cannot change mode to rwxr-xr-x: Operation not permitted
build	Cache Android SDK	2026-06-06T12:22:49.5838167Z /usr/bin/tar: ../../../../../usr/local/lib/android/sdk/platforms/android-36-ext19/data/res/values-mcc310-mnc310-es-rUS: Cannot utime: Operation not permitted
build	Cache Android SDK	2026-06-06T12:22:49.5838655Z /usr/bin/tar: ../../../../../usr/local/lib/android/sdk/platforms/android-36-ext19/data/res/values-mcc310-mnc310-es-rUS: Cannot change mode to rwxr-xr-x: Operation not permitted
build	Cache Android SDK	2026-06-06T12:22:49.5842454Z /usr/bin/tar: ../../../../../usr/local/lib/android/sdk/platforms/android-36-ext19/data/res/values-mcc311-mnc180-ky: Cannot utime: Operation not permitted
build	Cache Android SDK	2026-06-06T12:22:49.5842921Z /usr/bin/tar: ../../../../../usr/local/lib/android/sdk/platforms/android-36-ext19/data/res/values-mcc311-mnc180-ky: Cannot change mode to rwxr-xr-x: Operation not permitted
build	Cache Android SDK	2026-06-06T12:22:49.5845920Z /usr/bin/tar: ../../../../../usr/local/lib/android/sdk/platforms/android-36-ext19/data/res/values-mcc310-mnc490-fi: Cannot utime: Operation not permitted
build	Cache Android SDK	2026-06-06T12:22:49.5846376Z /usr/bin/tar: ../../../../../usr/local/lib/android/sdk/platforms/android-36-ext19/data/res/values-mcc310-mnc490-fi: Cannot change mode to rwxr-xr-x: Operation not permitted
build	Cache Android SDK	2026-06-06T12:22:49.5849595Z /usr/bin/tar: ../../../../../usr/local/lib/android/sdk/platforms/android-36-ext19/data/res/values-mcc310-mnc310-hi: Cannot utime: Operation not permitted
build	Cache Android SDK	2026-06-06T12:22:49.5850063Z /usr/bin/tar: ../../../../../usr/local/lib/android/sdk/platforms/android-36-ext19/data/res/values-mcc310-mnc310-hi: Cannot change mode to rwxr-xr-x: Operation not permitted
build	Cache Android SDK	2026-06-06T12:22:49.5853481Z /usr/bin/tar: ../../../../../usr/local/lib/android/sdk/platforms/android-36-ext19/data/res/values-mcc302-mnc720-nl: Cannot utime: Operation not permitted
build	Cache Android SDK	2026-06-06T12:22:49.5853954Z /usr/bin/tar: ../../../../../usr/local/lib/android/sdk/platforms/android-36-ext19/data/res/values-mcc302-mnc720-nl: Cannot change mode to rwxr-xr-x: Operation not permitted
build	Cache Android SDK	2026-06-06T12:22:49.5857983Z /usr/bin/tar: ../../../../../usr/local/lib/android/sdk/platforms/android-36-ext19/data/res/values-mcc310-mnc170-lo: Cannot utime: Operation not permitted
build	Cache Android SDK	2026-06-06T12:22:49.5858443Z /usr/bin/tar: ../../../../../usr/local/lib/android/sdk/platforms/android-36-ext19/data/res/values-mcc310-mnc170-lo: Cannot change mode to rwxr-xr-x: Operation not permitted
build	Cache Android SDK	2026-06-06T12:22:49.5861950Z /usr/bin/tar: ../../../../../usr/local/lib/android/sdk/platforms/android-36-ext19/data/res/values-mcc310-mnc380-fi: Cannot utime: Operation not permitted
build	Cache Android SDK	2026-06-06T12:22:49.5862498Z /usr/bin/tar: ../../../../../usr/local/lib/android/sdk/platforms/android-36-ext19/data/res/values-mcc310-mnc380-fi: Cannot change mode to rwxr-xr-x: Operation not permitted
build	Cache Android SDK	2026-06-06T12:22:49.5865971Z /usr/bin/tar: ../../../../../usr/local/lib/android/sdk/platforms/android-36-ext19/data/res/values-mcc310-mnc150-kn: Cannot utime: Operation not permitted
build	Cache Android SDK	2026-06-06T12:22:49.5866437Z /usr/bin/tar: ../../../../../usr/local/lib/android/sdk/platforms/android-36-ext19/data/res/values-mcc310-mnc150-kn: Cannot change mode to rwxr-xr-x: Operation not permitted
build	Cache Android SDK	2026-06-06T12:22:49.5872291Z /usr/bin/tar: ../../../../../usr/local/lib/android/sdk/platforms/android-36-ext19/data/res/values-mcc310-mnc170: Cannot utime: Operation not permitted
build	Cache Android SDK	2026-06-06T12:22:49.5872754Z /usr/bin/tar: ../../../../../usr/local/lib/android/sdk/platforms/android-36-ext19/data/res/values-mcc310-mnc170: Cannot change mode to rwxr-xr-x: Operation not permitted
build	Cache Android SDK	2026-06-06T12:22:49.5876316Z /usr/bin/tar: ../../../../../usr/local/lib/android/sdk/platforms/android-36-ext19/data/res/values-mcc310-mnc150-hy: Cannot utime: Operation not permitted
build	Cache Android SDK	2026-06-06T12:22:49.5877744Z /usr/bin/tar: ../../../../../usr/local/lib/android/sdk/platforms/android-36-ext19/data/res/values-mcc310-mnc150-hy: Cannot change mode to rwxr-xr-x: Operation not permitted
build	Cache Android SDK	2026-06-06T12:22:49.5881121Z /usr/bin/tar: ../../../../../usr/local/lib/android/sdk/platforms/android-36-ext19/data/res/values-mcc310-mnc560-en-rAU: Cannot utime: Operation not permitted
build	Cache Android SDK	2026-06-06T12:22:49.5882111Z /usr/bin/tar: ../../../../../usr/local/lib/android/sdk/platforms/android-36-ext19/data/res/values-mcc310-mnc560-en-rAU: Cannot change mode to rwxr-xr-x: Operation not permitted
build	Cache Android SDK	2026-06-06T12:22:49.5885547Z /usr/bin/tar: ../../../../../usr/local/lib/android/sdk/platforms/android-36-ext19/data/res/values-it-neuter: Cannot utime: Operation not permitted
build	Cache Android SDK	2026-06-06T12:22:49.5886492Z /usr/bin/tar: ../../../../../usr/local/lib/android/sdk/platforms/android-36-ext19/data/res/values-it-neuter: Cannot change mode to rwxr-xr-x: Operation not permitted
build	Cache Android SDK	2026-06-06T12:22:49.5889470Z /usr/bin/tar: ../../../../../usr/local/lib/android/sdk/platforms/android-36-ext19/data/res/values-mcc716-mnc17: Cannot utime: Operation not permitted
build	Cache Android SDK	2026-06-06T12:22:49.5890551Z /usr/bin/tar: ../../../../../usr/local/lib/android/sdk/platforms/android-36-ext19/data/res/values-mcc716-mnc17: Cannot change mode to rwxr-xr-x: Operation not permitted
build	Cache Android SDK	2026-06-06T12:22:49.5893683Z /usr/bin/tar: ../../../../../usr/local/lib/android/sdk/platforms/android-36-ext19/data/res/values-mcc310-mnc560-de: Cannot utime: Operation not permitted
build	Cache Android SDK	2026-06-06T12:22:49.5894882Z /usr/bin/tar: ../../../../../usr/local/lib/android/sdk/platforms/android-36-ext19/data/res/values-mcc310-mnc560-de: Cannot change mode to rwxr-xr-x: Operation not permitted
build	Cache Android SDK	2026-06-06T12:22:49.5896506Z /usr/bin/tar: ../../../../../usr/local/lib/android/sdk/platforms/android-36-ext19/data/res/values-mcc334-mnc020-tl: Cannot utime: Operation not permitted
build	Cache Android SDK	2026-06-06T12:22:49.5897803Z /usr/bin/tar: ../../../../../usr/local/lib/android/sdk/platforms/android-36-ext19/data/res/values-mcc334-mnc020-tl: Cannot change mode to rwxr-xr-x: Operation not permitted
build	Cache Android SDK	2026-06-06T12:22:49.5900486Z /usr/bin/tar: ../../../../../usr/local/lib/android/sdk/platforms/android-36-ext19/data/res/values-mcc310-mnc150-ur: Cannot utime: Operation not permitted
build	Cache Android SDK	2026-06-06T12:22:49.5901460Z /usr/bin/tar: ../../../../../usr/local/lib/android/sdk/platforms/android-36-ext19/data/res/values-mcc310-mnc150-ur: Cannot change mode to rwxr-xr-x: Operation not permitted
build	Cache Android SDK	2026-06-06T12:22:49.5903555Z /usr/bin/tar: ../../../../../usr/local/lib/android/sdk/platforms/android-36-ext19/data/res/values-mcc310-mnc250-fr: Cannot utime: Operation not permitted
build	Cache Android SDK	2026-06-06T12:22:49.5904523Z /usr/bin/tar: ../../../../../usr/local/lib/android/sdk/platforms/android-36-ext19/data/res/values-mcc310-mnc250-fr: Cannot change mode to rwxr-xr-x: Operation not permitted
build	Cache Android SDK	2026-06-06T12:22:49.5906639Z /usr/bin/tar: ../../../../../usr/local/lib/android/sdk/platforms/android-36-ext19/data/res/values-mcc310-mnc950-tl: Cannot utime: Operation not permitted
build	Cache Android SDK	2026-06-06T12:22:49.5907896Z /usr/bin/tar: ../../../../../usr/local/lib/android/sdk/platforms/android-36-ext19/data/res/values-mcc310-mnc950-tl: Cannot change mode to rwxr-xr-x: Operation not permitted
build	Cache Android SDK	2026-06-06T12:22:49.5910388Z /usr/bin/tar: ../../../../../usr/local/lib/android/sdk/platforms/android-36-ext19/data/res/values-mcc310-mnc160-fr: Cannot utime: Operation not permitted
build	Cache Android SDK	2026-06-06T12:22:49.5911364Z /usr/bin/tar: ../../../../../usr/local/lib/android/sdk/platforms/android-36-ext19/data/res/values-mcc310-mnc160-fr: Cannot change mode to rwxr-xr-x: Operation not permitted
build	Cache Android SDK	2026-06-06T12:22:49.5913344Z /usr/bin/tar: ../../../../../usr/local/lib/android/sdk/platforms/android-36-ext19/data/res/values-mcc313-mnc100-en-rGB: Cannot utime: Operation not permitted
build	Cache Android SDK	2026-06-06T12:22:49.5914369Z /usr/bin/tar: ../../../../../usr/local/lib/android/sdk/platforms/android-36-ext19/data/res/values-mcc313-mnc100-en-rGB: Cannot change mode to rwxr-xr-x: Operation not permitted
build	Cache Android SDK	2026-06-06T12:22:49.5916415Z /usr/bin/tar: ../../../../../usr/local/lib/android/sdk/platforms/android-36-ext19/data/res/values-mcc310-mnc560-gl: Cannot utime: Operation not permitted
build	Cache Android SDK	2026-06-06T12:22:49.5917610Z /usr/bin/tar: ../../../../../usr/local/lib/android/sdk/platforms/android-36-ext19/data/res/values-mcc310-mnc560-gl: Cannot change mode to rwxr-xr-x: Operation not permitted
build	Cache Android SDK	2026-06-06T12:22:49.5920007Z /usr/bin/tar: ../../../../../usr/local/lib/android/sdk/platforms/android-36-ext19/data/res/values-mcc310-mnc560-lo: Cannot utime: Operation not permitted
build	Cache Android SDK	2026-06-06T12:22:49.5921087Z /usr/bin/tar: ../../../../../usr/local/lib/android/sdk/platforms/android-36-ext19/data/res/values-mcc310-mnc560-lo: Cannot change mode to rwxr-xr-x: Operation not permitted
build	Cache Android SDK	2026-06-06T12:22:49.5922910Z /usr/bin/tar: ../../../../../usr/local/lib/android/sdk/platforms/android-36-ext19/data/res/values-mcc310-mnc160-pl: Cannot utime: Operation not permitted
build	Cache Android SDK	2026-06-06T12:22:49.5923884Z /usr/bin/tar: ../../../../../usr/local/lib/android/sdk/platforms/android-36-ext19/data/res/values-mcc310-mnc160-pl: Cannot change mode to rwxr-xr-x: Operation not permitted
build	Cache Android SDK	2026-06-06T12:22:49.5926215Z /usr/bin/tar: ../../../../../usr/local/lib/android/sdk/platforms/android-36-ext19/data/res/values-mcc310-mnc250-ca: Cannot utime: Operation not permitted
build	Cache Android SDK	2026-06-06T12:22:49.5927180Z /usr/bin/tar: ../../../../../usr/local/lib/android/sdk/platforms/android-36-ext19/data/res/values-mcc310-mnc250-ca: Cannot change mode to rwxr-xr-x: Operation not permitted
build	Cache Android SDK	2026-06-06T12:22:49.5929791Z /usr/bin/tar: ../../../../../usr/local/lib/android/sdk/platforms/android-36-ext19/data/res/values-mcc310-mnc240-pt-rPT: Cannot utime: Operation not permitted
build	Cache Android SDK	2026-06-06T12:22:49.5930901Z /usr/bin/tar: ../../../../../usr/local/lib/android/sdk/platforms/android-36-ext19/data/res/values-mcc310-mnc240-pt-rPT: Cannot change mode to rwxr-xr-x: Operation not permitted
build	Cache Android SDK	2026-06-06T12:22:49.5932679Z /usr/bin/tar: ../../../../../usr/local/lib/android/sdk/platforms/android-36-ext19/data/res/values-mcc310-mnc560-in: Cannot utime: Operation not permitted
build	Cache Android SDK	2026-06-06T12:22:49.5933658Z /usr/bin/tar: ../../../../../usr/local/lib/android/sdk/platforms/android-36-ext19/data/res/values-mcc310-mnc560-in: Cannot change mode to rwxr-xr-x: Operation not permitted
build	Cache Android SDK	2026-06-06T12:22:49.5936427Z /usr/bin/tar: ../../../../../usr/local/lib/android/sdk/platforms/android-36-ext19/data/res/values-mcc425-mnc07: Cannot utime: Operation not permitted
build	Cache Android SDK	2026-06-06T12:22:49.5937617Z /usr/bin/tar: ../../../../../usr/local/lib/android/sdk/platforms/android-36-ext19/data/res/values-mcc425-mnc07: Cannot change mode to rwxr-xr-x: Operation not permitted
build	Cache Android SDK	2026-06-06T12:22:49.5939400Z /usr/bin/tar: ../../../../../usr/local/lib/android/sdk/platforms/android-36-ext19/data/res/values-mcc311-mnc190: Cannot utime: Operation not permitted
build	Cache Android SDK	2026-06-06T12:22:49.5940333Z /usr/bin/tar: ../../../../../usr/local/lib/android/sdk/platforms/android-36-ext19/data/res/values-mcc311-mnc190: Cannot change mode to rwxr-xr-x: Operation not permitted
build	Cache Android SDK	2026-06-06T12:22:49.5942409Z /usr/bin/tar: ../../../../../usr/local/lib/android/sdk/platforms/android-36-ext19/data/res/values-mcc310-mnc030-cs: Cannot utime: Operation not permitted
build	Cache Android SDK	2026-06-06T12:22:49.5943379Z /usr/bin/tar: ../../../../../usr/local/lib/android/sdk/platforms/android-36-ext19/data/res/values-mcc310-mnc030-cs: Cannot change mode to rwxr-xr-x: Operation not permitted
build	Cache Android SDK	2026-06-06T12:22:49.5945286Z /usr/bin/tar: ../../../../../usr/local/lib/android/sdk/platforms/android-36-ext19/data/res/values-mcc310-mnc250-mr: Cannot utime: Operation not permitted
build	Cache Android SDK	2026-06-06T12:22:49.5946254Z /usr/bin/tar: ../../../../../usr/local/lib/android/sdk/platforms/android-36-ext19/data/res/values-mcc310-mnc250-mr: Cannot change mode to rwxr-xr-x: Operation not permitted
build	Cache Android SDK	2026-06-06T12:22:49.5948671Z /usr/bin/tar: ../../../../../usr/local/lib/android/sdk/platforms/android-36-ext19/data/res/values-mcc310-mnc270-pt-rPT: Cannot utime: Operation not permitted
build	Cache Android SDK	2026-06-06T12:22:49.5949672Z /usr/bin/tar: ../../../../../usr/local/lib/android/sdk/platforms/android-36-ext19/data/res/values-mcc310-mnc270-pt-rPT: Cannot change mode to rwxr-xr-x: Operation not permitted
build	Cache Android SDK	2026-06-06T12:22:49.5951747Z /usr/bin/tar: ../../../../../usr/local/lib/android/sdk/platforms/android-36-ext19/data/res/values-fr-television: Cannot utime: Operation not permitted
build	Cache Android SDK	2026-06-06T12:22:49.5952687Z /usr/bin/tar: ../../../../../usr/local/lib/android/sdk/platforms/android-36-ext19/data/res/values-fr-television: Cannot change mode to rwxr-xr-x: Operation not permitted
build	Cache Android SDK	2026-06-06T12:22:49.5954733Z /usr/bin/tar: ../../../../../usr/local/lib/android/sdk/platforms/android-36-ext19/data/res/values-ar-watch: Cannot utime: Operation not permitted
build	Cache Android SDK	2026-06-06T12:22:49.5955652Z /usr/bin/tar: ../../../../../usr/local/lib/android/sdk/platforms/android-36-ext19/data/res/values-ar-watch: Cannot change mode to rwxr-xr-x: Operation not permitted
build	Cache Android SDK	2026-06-06T12:22:49.5958147Z /usr/bin/tar: ../../../../../usr/local/lib/android/sdk/platforms/android-36-ext19/data/res/values-mcc310-mnc030-es-rUS: Cannot utime: Operation not permitted
build	Cache Android SDK	2026-06-06T12:22:49.5959147Z /usr/bin/tar: ../../../../../usr/local/lib/android/sdk/platforms/android-36-ext19/data/res/values-mcc310-mnc030-es-rUS: Cannot change mode to rwxr-xr-x: Operation not permitted
build	Cache Android SDK	2026-06-06T12:22:49.5961651Z /usr/bin/tar: ../../../../../usr/local/lib/android/sdk/platforms/android-36-ext19/data/res/values-mcc310-mnc030-zh-rTW: Cannot utime: Operation not permitted
build	Cache Android SDK	2026-06-06T12:22:49.5962890Z /usr/bin/tar: ../../../../../usr/local/lib/android/sdk/platforms/android-36-ext19/data/res/values-mcc310-mnc030-zh-rTW: Cannot change mode to rwxr-xr-x: Operation not permitted
build	Cache Android SDK	2026-06-06T12:22:49.5964469Z /usr/bin/tar: ../../../../../usr/local/lib/android/sdk/platforms/android-36-ext19/data/res/values-mcc001-mnc01-en-rIN: Cannot utime: Operation not permitted
build	Cache Android SDK	2026-06-06T12:22:49.5965447Z /usr/bin/tar: ../../../../../usr/local/lib/android/sdk/platforms/android-36-ext19/data/res/values-mcc001-mnc01-en-rIN: Cannot change mode to rwxr-xr-x: Operation not permitted
build	Cache Android SDK	2026-06-06T12:22:49.5967605Z /usr/bin/tar: ../../../../../usr/local/lib/android/sdk/platforms/android-36-ext19/data/res/values-mcc310-mnc310-mk: Cannot utime: Operation not permitted
build	Cache Android SDK	2026-06-06T12:22:49.5968568Z /usr/bin/tar: ../../../../../usr/local/lib/android/sdk/platforms/android-36-ext19/data/res/values-mcc310-mnc310-mk: Cannot change mode to rwxr-xr-x: Operation not permitted
build	Cache Android SDK	2026-06-06T12:22:49.5971295Z /usr/bin/tar: ../../../../../usr/local/lib/android/sdk/platforms/android-36-ext19/data/res/values-mcc302-mnc370-hi: Cannot utime: Operation not permitted
build	Cache Android SDK	2026-06-06T12:22:49.5972410Z /usr/bin/tar: ../../../../../usr/local/lib/android/sdk/platforms/android-36-ext19/data/res/values-mcc302-mnc370-hi: Cannot change mode to rwxr-xr-x: Operation not permitted
build	Cache Android SDK	2026-06-06T12:22:49.5974550Z /usr/bin/tar: ../../../../../usr/local/lib/android/sdk/platforms/android-36-ext19/data/res/values-mcc312-mnc670-uz: Cannot utime: Operation not permitted
build	Cache Android SDK	2026-06-06T12:22:49.5975617Z /usr/bin/tar: ../../../../../usr/local/lib/android/sdk/platforms/android-36-ext19/data/res/values-mcc312-mnc670-uz: Cannot change mode to rwxr-xr-x: Operation not permitted
build	Cache Android SDK	2026-06-06T12:22:49.5978960Z /usr/bin/tar: ../../../../../usr/local/lib/android/sdk/platforms/android-36-ext19/data/res/values-mcc311-mnc180-ml: Cannot utime: Operation not permitted
build	Cache Android SDK	2026-06-06T12:22:49.5979924Z /usr/bin/tar: ../../../../../usr/local/lib/android/sdk/platforms/android-36-ext19/data/res/values-mcc311-mnc180-ml: Cannot change mode to rwxr-xr-x: Operation not permitted
build	Cache Android SDK	2026-06-06T12:22:49.5982413Z /usr/bin/tar: ../../../../../usr/local/lib/android/sdk/platforms/android-36-ext19/data/res/values-zh-rCN-watch: Cannot utime: Operation not permitted
build	Cache Android SDK	2026-06-06T12:22:49.5983373Z /usr/bin/tar: ../../../../../usr/local/lib/android/sdk/platforms/android-36-ext19/data/res/values-zh-rCN-watch: Cannot change mode to rwxr-xr-x: Operation not permitted
build	Cache Android SDK	2026-06-06T12:22:49.5985835Z /usr/bin/tar: ../../../../../usr/local/lib/android/sdk/platforms/android-36-ext19/data/res/values-mcc310-mnc170-kk: Cannot utime: Operation not permitted
build	Cache Android SDK	2026-06-06T12:22:49.5986952Z /usr/bin/tar: ../../../../../usr/local/lib/android/sdk/platforms/android-36-ext19/data/res/values-mcc310-mnc170-kk: Cannot change mode to rwxr-xr-x: Operation not permitted
build	Cache Android SDK	2026-06-06T12:22:49.5989125Z /usr/bin/tar: ../../../../../usr/local/lib/android/sdk/platforms/android-36-ext19/data/res/values-mcc310-mnc660-fi: Cannot utime: Operation not permitted
build	Cache Android SDK	2026-06-06T12:22:49.5990077Z /usr/bin/tar: ../../../../../usr/local/lib/android/sdk/platforms/android-36-ext19/data/res/values-mcc310-mnc660-fi: Cannot change mode to rwxr-xr-x: Operation not permitted
build	Cache Android SDK	2026-06-06T12:22:49.5992947Z /usr/bin/tar: ../../../../../usr/local/lib/android/sdk/platforms/android-36-ext19/data/res/values-mcc310-mnc240-mk: Cannot utime: Operation not permitted
build	Cache Android SDK	2026-06-06T12:22:49.5993915Z /usr/bin/tar: ../../../../../usr/local/lib/android/sdk/platforms/android-36-ext19/data/res/values-mcc310-mnc240-mk: Cannot change mode to rwxr-xr-x: Operation not permitted
build	Cache Android SDK	2026-06-06T12:22:49.5996220Z /usr/bin/tar: ../../../../../usr/local/lib/android/sdk/platforms/android-36-ext19/data/res/values-tl-television: Cannot utime: Operation not permitted
build	Cache Android SDK	2026-06-06T12:22:49.5997270Z /usr/bin/tar: ../../../../../usr/local/lib/android/sdk/platforms/android-36-ext19/data/res/values-tl-television: Cannot change mode to rwxr-xr-x: Operation not permitted
build	Cache Android SDK	2026-06-06T12:22:49.5999401Z /usr/bin/tar: ../../../../../usr/local/lib/android/sdk/platforms/android-36-ext19/data/res/values-mcc310-mnc950-uz: Cannot utime: Operation not permitted
build	Cache Android SDK	2026-06-06T12:22:49.6000365Z /usr/bin/tar: ../../../../../usr/local/lib/android/sdk/platforms/android-36-ext19/data/res/values-mcc310-mnc950-uz: Cannot change mode to rwxr-xr-x: Operation not permitted
build	Cache Android SDK	2026-06-06T12:22:49.6003908Z /usr/bin/tar: ../../../../../usr/local/lib/android/sdk/platforms/android-36-ext19/data/res/color-car: Cannot utime: Operation not permitted
build	Cache Android SDK	2026-06-06T12:22:49.6004891Z /usr/bin/tar: ../../../../../usr/local/lib/android/sdk/platforms/android-36-ext19/data/res/color-car: Cannot change mode to rwxr-xr-x: Operation not permitted
build	Cache Android SDK	2026-06-06T12:22:49.6007036Z /usr/bin/tar: ../../../../../usr/local/lib/android/sdk/platforms/android-36-ext19/data/res/values-mcc310-mnc220-ml: Cannot utime: Operation not permitted
build	Cache Android SDK	2026-06-06T12:22:49.6008578Z /usr/bin/tar: ../../../../../usr/local/lib/android/sdk/platforms/android-36-ext19/data/res/values-mcc310-mnc220-ml: Cannot change mode to rwxr-xr-x: Operation not permitted
build	Cache Android SDK	2026-06-06T12:22:49.6015087Z /usr/bin/tar: ../../../../../usr/local/lib/android/sdk/platforms/android-36-ext19/data/res/values-mcc310-mnc160-zh-rCN: Cannot utime: Operation not permitted
build	Cache Android SDK	2026-06-06T12:22:49.6016529Z /usr/bin/tar: ../../../../../usr/local/lib/android/sdk/platforms/android-36-ext19/data/res/values-mcc310-mnc160-zh-rCN: Cannot change mode to rwxr-xr-x: Operation not permitted
build	Cache Android SDK	2026-06-06T12:22:49.6018309Z /usr/bin/tar: ../../../../../usr/local/lib/android/sdk/platforms/android-36-ext19/data/res/values-mcc310-mnc160-sl: Cannot utime: Operation not permitted
build	Cache Android SDK	2026-06-06T12:22:49.6019401Z /usr/bin/tar: ../../../../../usr/local/lib/android/sdk/platforms/android-36-ext19/data/res/values-mcc310-mnc160-sl: Cannot change mode to rwxr-xr-x: Operation not permitted
build	Cache Android SDK	2026-06-06T12:22:49.6021460Z /usr/bin/tar: ../../../../../usr/local/lib/android/sdk/platforms/android-36-ext19/data/res/values-mcc310-mnc410-bn: Cannot utime: Operation not permitted
build	Cache Android SDK	2026-06-06T12:22:49.6022576Z /usr/bin/tar: ../../../../../usr/local/lib/android/sdk/platforms/android-36-ext19/data/res/values-mcc310-mnc410-bn: Cannot change mode to rwxr-xr-x: Operation not permitted
build	Cache Android SDK	2026-06-06T12:22:49.6024963Z /usr/bin/tar: ../../../../../usr/local/lib/android/sdk/platforms/android-36-ext19/data/res/values-mcc310-mnc380-da: Cannot utime: Operation not permitted
build	Cache Android SDK	2026-06-06T12:22:49.6025935Z /usr/bin/tar: ../../../../../usr/local/lib/android/sdk/platforms/android-36-ext19/data/res/values-mcc310-mnc380-da: Cannot change mode to rwxr-xr-x: Operation not permitted
build	Cache Android SDK	2026-06-06T12:22:49.6027971Z /usr/bin/tar: ../../../../../usr/local/lib/android/sdk/platforms/android-36-ext19/data/res/values-mcc310-mnc950-nb: Cannot utime: Operation not permitted
build	Cache Android SDK	2026-06-06T12:22:49.6028927Z /usr/bin/tar: ../../../../../usr/local/lib/android/sdk/platforms/android-36-ext19/data/res/values-mcc310-mnc950-nb: Cannot change mode to rwxr-xr-x: Operation not permitted
build	Cache Android SDK	2026-06-06T12:22:49.6031617Z /usr/bin/tar: ../../../../../usr/local/lib/android/sdk/platforms/android-36-ext19/data/res/values-mcc001-mnc01-hr: Cannot utime: Operation not permitted
build	Cache Android SDK	2026-06-06T12:22:49.6032635Z /usr/bin/tar: ../../../../../usr/local/lib/android/sdk/platforms/android-36-ext19/data/res/values-mcc001-mnc01-hr: Cannot change mode to rwxr-xr-x: Operation not permitted
build	Cache Android SDK	2026-06-06T12:22:49.6039571Z /usr/bin/tar: ../../../../../usr/local/lib/android/sdk/platforms/android-36-ext19/data/res/values-sr: Cannot utime: Operation not permitted
build	Cache Android SDK	2026-06-06T12:22:49.6041049Z /usr/bin/tar: ../../../../../usr/local/lib/android/sdk/platforms/android-36-ext19/data/res/values-sr: Cannot change mode to rwxr-xr-x: Operation not permitted
build	Cache Android SDK	2026-06-06T12:22:49.6042627Z /usr/bin/tar: ../../../../../usr/local/lib/android/sdk/platforms/android-36-ext19/data/res/values-mcc310-mnc660-ca: Cannot utime: Operation not permitted
build	Cache Android SDK	2026-06-06T12:22:49.6043597Z /usr/bin/tar: ../../../../../usr/local/lib/android/sdk/platforms/android-36-ext19/data/res/values-mcc310-mnc660-ca: Cannot change mode to rwxr-xr-x: Operation not permitted
build	Cache Android SDK	2026-06-06T12:22:49.6045981Z /usr/bin/tar: ../../../../../usr/local/lib/android/sdk/platforms/android-36-ext19/data/res/values-mcc310-mnc380-cs: Cannot utime: Operation not permitted
build	Cache Android SDK	2026-06-06T12:22:49.6046948Z /usr/bin/tar: ../../../../../usr/local/lib/android/sdk/platforms/android-36-ext19/data/res/values-mcc310-mnc380-cs: Cannot change mode to rwxr-xr-x: Operation not permitted
build	Cache Android SDK	2026-06-06T12:22:49.6049704Z /usr/bin/tar: ../../../../../usr/local/lib/android/sdk/platforms/android-36-ext19/data/res/values-mcc310-mnc280-gl: Cannot utime: Operation not permitted
build	Cache Android SDK	2026-06-06T12:22:49.6050892Z /usr/bin/tar: ../../../../../usr/local/lib/android/sdk/platforms/android-36-ext19/data/res/values-mcc310-mnc280-gl: Cannot change mode to rwxr-xr-x: Operation not permitted
build	Cache Android SDK	2026-06-06T12:22:49.6052700Z /usr/bin/tar: ../../../../../usr/local/lib/android/sdk/platforms/android-36-ext19/data/res/values-mcc310-mnc280-ml: Cannot utime: Operation not permitted
build	Cache Android SDK	2026-06-06T12:22:49.6053647Z /usr/bin/tar: ../../../../../usr/local/lib/android/sdk/platforms/android-36-ext19/data/res/values-mcc310-mnc280-ml: Cannot change mode to rwxr-xr-x: Operation not permitted
build	Cache Android SDK	2026-06-06T12:22:49.6056982Z /usr/bin/tar: ../../../../../usr/local/lib/android/sdk/platforms/android-36-ext19/data/res/values-mcc310-mnc950-be: Cannot utime: Operation not permitted
build	Cache Android SDK	2026-06-06T12:22:49.6058084Z /usr/bin/tar: ../../../../../usr/local/lib/android/sdk/platforms/android-36-ext19/data/res/values-mcc310-mnc950-be: Cannot change mode to rwxr-xr-x: Operation not permitted
build	Cache Android SDK	2026-06-06T12:22:49.6059835Z /usr/bin/tar: ../../../../../usr/local/lib/android/sdk/platforms/android-36-ext19/data/res/values-mcc334-mnc020-el: Cannot utime: Operation not permitted
build	Cache Android SDK	2026-06-06T12:22:49.6060823Z /usr/bin/tar: ../../../../../usr/local/lib/android/sdk/platforms/android-36-ext19/data/res/values-mcc334-mnc020-el: Cannot change mode to rwxr-xr-x: Operation not permitted
build	Cache Android SDK	2026-06-06T12:22:49.6063791Z /usr/bin/tar: ../../../../../usr/local/lib/android/sdk/platforms/android-36-ext19/data/res/values-mcc313-mnc100-tl: Cannot utime: Operation not permitted
build	Cache Android SDK	2026-06-06T12:22:49.6064877Z /usr/bin/tar: ../../../../../usr/local/lib/android/sdk/platforms/android-36-ext19/data/res/values-mcc313-mnc100-tl: Cannot change mode to rwxr-xr-x: Operation not permitted
build	Cache Android SDK	2026-06-06T12:22:49.6067074Z /usr/bin/tar: ../../../../../usr/local/lib/android/sdk/platforms/android-36-ext19/data/res/values-mcc310-mnc800-mr: Cannot utime: Operation not permitted
build	Cache Android SDK	2026-06-06T12:22:49.6068220Z /usr/bin/tar: ../../../../../usr/local/lib/android/sdk/platforms/android-36-ext19/data/res/values-mcc310-mnc800-mr: Cannot change mode to rwxr-xr-x: Operation not permitted
build	Cache Android SDK	2026-06-06T12:22:49.6070304Z /usr/bin/tar: ../../../../../usr/local/lib/android/sdk/platforms/android-36-ext19/data/res/values-mcc310-mnc150-pa: Cannot utime: Operation not permitted
build	Cache Android SDK	2026-06-06T12:22:49.6071291Z /usr/bin/tar: ../../../../../usr/local/lib/android/sdk/platforms/android-36-ext19/data/res/values-mcc310-mnc150-pa: Cannot change mode to rwxr-xr-x: Operation not permitted
build	Cache Android SDK	2026-06-06T12:22:49.6073449Z /usr/bin/tar: ../../../../../usr/local/lib/android/sdk/platforms/android-36-ext19/data/res/values-hr-rHR: Cannot utime: Operation not permitted
build	Cache Android SDK	2026-06-06T12:22:49.6074433Z /usr/bin/tar: ../../../../../usr/local/lib/android/sdk/platforms/android-36-ext19/data/res/values-hr-rHR: Cannot change mode to rwxr-xr-x: Operation not permitted
build	Cache Android SDK	2026-06-06T12:22:49.6077066Z /usr/bin/tar: ../../../../../usr/local/lib/android/sdk/platforms/android-36-ext19/data/res/values-mcc740: Cannot utime: Operation not permitted
build	Cache Android SDK	2026-06-06T12:22:49.6078208Z /usr/bin/tar: ../../../../../usr/local/lib/android/sdk/platforms/android-36-ext19/data/res/values-mcc740: Cannot change mode to rwxr-xr-x: Operation not permitted
build	Cache Android SDK	2026-06-06T12:22:49.6079907Z /usr/bin/tar: ../../../../../usr/local/lib/android/sdk/platforms/android-36-ext19/data/res/values-mcc310-mnc560-lt: Cannot utime: Operation not permitted
build	Cache Android SDK	2026-06-06T12:22:49.6080861Z /usr/bin/tar: ../../../../../usr/local/lib/android/sdk/platforms/android-36-ext19/data/res/values-mcc310-mnc560-lt: Cannot change mode to rwxr-xr-x: Operation not permitted
build	Cache Android SDK	2026-06-06T12:22:49.6083174Z /usr/bin/tar: ../../../../../usr/local/lib/android/sdk/platforms/android-36-ext19/data/res/values-mcc310-mnc150-ro: Cannot utime: Operation not permitted
build	Cache Android SDK	2026-06-06T12:22:49.6084267Z /usr/bin/tar: ../../../../../usr/local/lib/android/sdk/platforms/android-36-ext19/data/res/values-mcc310-mnc150-ro: Cannot change mode to rwxr-xr-x: Operation not permitted
build	Cache Android SDK	2026-06-06T12:22:49.6086051Z /usr/bin/tar: ../../../../../usr/local/lib/android/sdk/platforms/android-36-ext19/data/res/values-mcc310-mnc170-ta: Cannot utime: Operation not permitted
build	Cache Android SDK	2026-06-06T12:22:49.6087065Z /usr/bin/tar: ../../../../../usr/local/lib/android/sdk/platforms/android-36-ext19/data/res/values-mcc310-mnc170-ta: Cannot change mode to rwxr-xr-x: Operation not permitted
build	Cache Android SDK	2026-06-06T12:22:49.6089239Z /usr/bin/tar: ../../../../../usr/local/lib/android/sdk/platforms/android-36-ext19/data/res/values-mcc310-mnc950-fa: Cannot utime: Operation not permitted
build	Cache Android SDK	2026-06-06T12:22:49.6090191Z /usr/bin/tar: ../../../../../usr/local/lib/android/sdk/platforms/android-36-ext19/data/res/values-mcc310-mnc950-fa: Cannot change mode to rwxr-xr-x: Operation not permitted
build	Cache Android SDK	2026-06-06T12:22:49.6092138Z /usr/bin/tar: ../../../../../usr/local/lib/android/sdk/platforms/android-36-ext19/data/res/values-mcc310-mnc210-uk: Cannot utime: Operation not permitted
build	Cache Android SDK	2026-06-06T12:22:49.6093171Z /usr/bin/tar: ../../../../../usr/local/lib/android/sdk/platforms/android-36-ext19/data/res/values-mcc310-mnc210-uk: Cannot change mode to rwxr-xr-x: Operation not permitted
build	Cache Android SDK	2026-06-06T12:22:49.6095038Z /usr/bin/tar: ../../../../../usr/local/lib/android/sdk/platforms/android-36-ext19/data/res/values-mcc310-mnc410-as: Cannot utime: Operation not permitted
build	Cache Android SDK	2026-06-06T12:22:49.6095993Z /usr/bin/tar: ../../../../../usr/local/lib/android/sdk/platforms/android-36-ext19/data/res/values-mcc310-mnc410-as: Cannot change mode to rwxr-xr-x: Operation not permitted
build	Cache Android SDK	2026-06-06T12:22:49.6098406Z /usr/bin/tar: ../../../../../usr/local/lib/android/sdk/platforms/android-36-ext19/data/res/values-mcc310-mnc160-ja: Cannot utime: Operation not permitted
build	Cache Android SDK	2026-06-06T12:22:49.6099362Z /usr/bin/tar: ../../../../../usr/local/lib/android/sdk/platforms/android-36-ext19/data/res/values-mcc310-mnc160-ja: Cannot change mode to rwxr-xr-x: Operation not permitted
build	Cache Android SDK	2026-06-06T12:22:49.6101720Z /usr/bin/tar: ../../../../../usr/local/lib/android/sdk/platforms/android-36-ext19/data/res/values-mcc001-mnc01-si: Cannot utime: Operation not permitted
build	Cache Android SDK	2026-06-06T12:22:49.6103073Z /usr/bin/tar: ../../../../../usr/local/lib/android/sdk/platforms/android-36-ext19/data/res/values-mcc001-mnc01-si: Cannot change mode to rwxr-xr-x: Operation not permitted
build	Cache Android SDK	2026-06-06T12:22:49.6104543Z /usr/bin/tar: ../../../../../usr/local/lib/android/sdk/platforms/android-36-ext19/data/res/values-mcc001-mnc01-kn: Cannot utime: Operation not permitted
build	Cache Android SDK	2026-06-06T12:22:49.6105565Z /usr/bin/tar: ../../../../../usr/local/lib/android/sdk/platforms/android-36-ext19/data/res/values-mcc001-mnc01-kn: Cannot change mode to rwxr-xr-x: Operation not permitted
build	Cache Android SDK	2026-06-06T12:22:49.6107170Z /usr/bin/tar: ../../../../../usr/local/lib/android/sdk/platforms/android-36-ext19/data/res/values-mcc311-mnc180-ta: Cannot utime: Operation not permitted
build	Cache Android SDK	2026-06-06T12:22:49.6108307Z /usr/bin/tar: ../../../../../usr/local/lib/android/sdk/platforms/android-36-ext19/data/res/values-mcc311-mnc180-ta: Cannot change mode to rwxr-xr-x: Operation not permitted
build	Cache Android SDK	2026-06-06T12:22:49.6109885Z /usr/bin/tar: ../../../../../usr/local/lib/android/sdk/platforms/android-36-ext19/data/res/values-fr-rCA-television: Cannot utime: Operation not permitted
build	Cache Android SDK	2026-06-06T12:22:49.6111185Z /usr/bin/tar: ../../../../../usr/local/lib/android/sdk/platforms/android-36-ext19/data/res/values-fr-rCA-television: Cannot change mode to rwxr-xr-x: Operation not permitted
build	Cache Android SDK	2026-06-06T12:22:49.6112734Z /usr/bin/tar: ../../../../../usr/local/lib/android/sdk/platforms/android-36-ext19/data/res/values-mcc311-mnc180: Cannot utime: Operation not permitted
build	Cache Android SDK	2026-06-06T12:22:49.6113774Z /usr/bin/tar: ../../../../../usr/local/lib/android/sdk/platforms/android-36-ext19/data/res/values-mcc311-mnc180: Cannot change mode to rwxr-xr-x: Operation not permitted
build	Cache Android SDK	2026-06-06T12:22:49.6115849Z /usr/bin/tar: ../../../../../usr/local/lib/android/sdk/platforms/android-36-ext19/data/res/values-mcc310-mnc200-lv: Cannot utime: Operation not permitted
build	Cache Android SDK	2026-06-06T12:22:49.6116908Z /usr/bin/tar: ../../../../../usr/local/lib/android/sdk/platforms/android-36-ext19/data/res/values-mcc310-mnc200-lv: Cannot change mode to rwxr-xr-x: Operation not permitted
build	Cache Android SDK	2026-06-06T12:22:49.6119506Z /usr/bin/tar: ../../../../../usr/local/lib/android/sdk/platforms/android-36-ext19/data/res/values-mcc310-mnc310-ta: Cannot utime: Operation not permitted
build	Cache Android SDK	2026-06-06T12:22:49.6120492Z /usr/bin/tar: ../../../../../usr/local/lib/android/sdk/platforms/android-36-ext19/data/res/values-mcc310-mnc310-ta: Cannot change mode to rwxr-xr-x: Operation not permitted
build	Cache Android SDK	2026-06-06T12:22:49.6122520Z /usr/bin/tar: ../../../../../usr/local/lib/android/sdk/platforms/android-36-ext19/data/res/values-mcc310-mnc270-it: Cannot utime: Operation not permitted
build	Cache Android SDK	2026-06-06T12:22:49.6123476Z /usr/bin/tar: ../../../../../usr/local/lib/android/sdk/platforms/android-36-ext19/data/res/values-mcc310-mnc270-it: Cannot change mode to rwxr-xr-x: Operation not permitted
build	Cache Android SDK	2026-06-06T12:22:49.6125813Z /usr/bin/tar: ../../../../../usr/local/lib/android/sdk/platforms/android-36-ext19/data/res/values-mcc311-mnc180-hi: Cannot utime: Operation not permitted
build	Cache Android SDK	2026-06-06T12:22:49.6126863Z /usr/bin/tar: ../../../../../usr/local/lib/android/sdk/platforms/android-36-ext19/data/res/values-mcc311-mnc180-hi: Cannot change mode to rwxr-xr-x: Operation not permitted
build	Cache Android SDK	2026-06-06T12:22:49.6129655Z /usr/bin/tar: ../../../../../usr/local/lib/android/sdk/platforms/android-36-ext19/data/res/values-mcc310-mnc280-b+sr+Latn: Cannot utime: Operation not permitted
build	Cache Android SDK	2026-06-06T12:22:49.6130688Z /usr/bin/tar: ../../../../../usr/local/lib/android/sdk/platforms/android-36-ext19/data/res/values-mcc310-mnc280-b+sr+Latn: Cannot change mode to rwxr-xr-x: Operation not permitted
build	Cache Android SDK	2026-06-06T12:22:49.6133167Z /usr/bin/tar: ../../../../../usr/local/lib/android/sdk/platforms/android-36-ext19/data/res/values-en-rXC-television: Cannot utime: Operation not permitted
build	Cache Android SDK	2026-06-06T12:22:49.6134148Z /usr/bin/tar: ../../../../../usr/local/lib/android/sdk/platforms/android-36-ext19/data/res/values-en-rXC-television: Cannot change mode to rwxr-xr-x: Operation not permitted
build	Cache Android SDK	2026-06-06T12:22:49.6136374Z /usr/bin/tar: ../../../../../usr/local/lib/android/sdk/platforms/android-36-ext19/data/res/values-mcc310-mnc170-kn: Cannot utime: Operation not permitted
build	Cache Android SDK	2026-06-06T12:22:49.6137343Z /usr/bin/tar: ../../../../../usr/local/lib/android/sdk/platforms/android-36-ext19/data/res/values-mcc310-mnc170-kn: Cannot change mode to rwxr-xr-x: Operation not permitted
build	Cache Android SDK	2026-06-06T12:22:49.6143710Z /usr/bin/tar: ../../../../../usr/local/lib/android/sdk/platforms/android-36-ext19/data/res/values-mcc001-mnc01-ur: Cannot utime: Operation not permitted
build	Cache Android SDK	2026-06-06T12:22:49.6144781Z /usr/bin/tar: ../../../../../usr/local/lib/android/sdk/platforms/android-36-ext19/data/res/values-mcc001-mnc01-ur: Cannot change mode to rwxr-xr-x: Operation not permitted
build	Cache Android SDK	2026-06-06T12:22:49.6145930Z /usr/bin/tar: ../../../../../usr/local/lib/android/sdk/platforms/android-36-ext19/data/res/values-mcc310-mnc560-zu: Cannot utime: Operation not permitted
build	Cache Android SDK	2026-06-06T12:22:49.6146956Z /usr/bin/tar: ../../../../../usr/local/lib/android/sdk/platforms/android-36-ext19/data/res/values-mcc310-mnc560-zu: Cannot change mode to rwxr-xr-x: Operation not permitted
build	Cache Android SDK	2026-06-06T12:22:49.6148284Z /usr/bin/tar: ../../../../../usr/local/lib/android/sdk/platforms/android-36-ext19/data/res/values-mcc310-mnc200-uk: Cannot utime: Operation not permitted
build	Cache Android SDK	2026-06-06T12:22:49.6149295Z /usr/bin/tar: ../../../../../usr/local/lib/android/sdk/platforms/android-36-ext19/data/res/values-mcc310-mnc200-uk: Cannot change mode to rwxr-xr-x: Operation not permitted
build	Cache Android SDK	2026-06-06T12:22:49.6363076Z /usr/bin/tar: ../../../../../usr/local/lib/android/sdk/platforms/android-36-ext19/data/res/drawable-ldpi: Cannot utime: Operation not permitted
build	Cache Android SDK	2026-06-06T12:22:49.6364287Z /usr/bin/tar: ../../../../../usr/local/lib/android/sdk/platforms/android-36-ext19/data/res/drawable-ldpi: Cannot change mode to rwxr-xr-x: Operation not permitted
build	Cache Android SDK	2026-06-06T12:22:49.6365622Z /usr/bin/tar: ../../../../../usr/local/lib/android/sdk/platforms/android-36-ext19/data/res/values-mcc310-mnc220-ka: Cannot utime: Operation not permitted
build	Cache Android SDK	2026-06-06T12:22:49.6366879Z /usr/bin/tar: ../../../../../usr/local/lib/android/sdk/platforms/android-36-ext19/data/res/values-mcc310-mnc220-ka: Cannot change mode to rwxr-xr-x: Operation not permitted
build	Cache Android SDK	2026-06-06T12:22:49.6368808Z /usr/bin/tar: ../../../../../usr/local/lib/android/sdk/platforms/android-36-ext19/data/res/values-mcc310-mnc170-ml: Cannot utime: Operation not permitted
build	Cache Android SDK	2026-06-06T12:22:49.6369804Z /usr/bin/tar: ../../../../../usr/local/lib/android/sdk/platforms/android-36-ext19/data/res/values-mcc310-mnc170-ml: Cannot change mode to rwxr-xr-x: Operation not permitted
build	Cache Android SDK	2026-06-06T12:22:49.6372527Z /usr/bin/tar: ../../../../../usr/local/lib/android/sdk/platforms/android-36-ext19/data/res/values-mcc310-mnc380-ar: Cannot utime: Operation not permitted
build	Cache Android SDK	2026-06-06T12:22:49.6373469Z /usr/bin/tar: ../../../../../usr/local/lib/android/sdk/platforms/android-36-ext19/data/res/values-mcc310-mnc380-ar: Cannot change mode to rwxr-xr-x: Operation not permitted
build	Cache Android SDK	2026-06-06T12:22:49.6375296Z /usr/bin/tar: ../../../../../usr/local/lib/android/sdk/platforms/android-36-ext19/data/res/values-mcc310-mnc160-af: Cannot utime: Operation not permitted
build	Cache Android SDK	2026-06-06T12:22:49.6376247Z /usr/bin/tar: ../../../../../usr/local/lib/android/sdk/platforms/android-36-ext19/data/res/values-mcc310-mnc160-af: Cannot change mode to rwxr-xr-x: Operation not permitted
build	Cache Android SDK	2026-06-06T12:22:49.6378678Z /usr/bin/tar: ../../../../../usr/local/lib/android/sdk/platforms/android-36-ext19/data/res/values-mcc310-mnc660-bs: Cannot utime: Operation not permitted
build	Cache Android SDK	2026-06-06T12:22:49.6379630Z /usr/bin/tar: ../../../../../usr/local/lib/android/sdk/platforms/android-36-ext19/data/res/values-mcc310-mnc660-bs: Cannot change mode to rwxr-xr-x: Operation not permitted
build	Cache Android SDK	2026-06-06T12:22:49.6381458Z /usr/bin/tar: ../../../../../usr/local/lib/android/sdk/platforms/android-36-ext19/data/res/values-sv-television: Cannot utime: Operation not permitted
build	Cache Android SDK	2026-06-06T12:22:49.6382411Z /usr/bin/tar: ../../../../../usr/local/lib/android/sdk/platforms/android-36-ext19/data/res/values-sv-television: Cannot change mode to rwxr-xr-x: Operation not permitted
build	Cache Android SDK	2026-06-06T12:22:49.6384751Z /usr/bin/tar: ../../../../../usr/local/lib/android/sdk/platforms/android-36-ext19/data/res/values-mcc310-mnc150-nl: Cannot utime: Operation not permitted
build	Cache Android SDK	2026-06-06T12:22:49.6385688Z /usr/bin/tar: ../../../../../usr/local/lib/android/sdk/platforms/android-36-ext19/data/res/values-mcc310-mnc150-nl: Cannot change mode to rwxr-xr-x: Operation not permitted
build	Cache Android SDK	2026-06-06T12:22:49.6388050Z /usr/bin/tar: ../../../../../usr/local/lib/android/sdk/platforms/android-36-ext19/data/res/values-mcc310-mnc270-en-rGB: Cannot utime: Operation not permitted
build	Cache Android SDK	2026-06-06T12:22:49.6389031Z /usr/bin/tar: ../../../../../usr/local/lib/android/sdk/platforms/android-36-ext19/data/res/values-mcc310-mnc270-en-rGB: Cannot change mode to rwxr-xr-x: Operation not permitted
build	Cache Android SDK	2026-06-06T12:22:49.6391310Z /usr/bin/tar: ../../../../../usr/local/lib/android/sdk/platforms/android-36-ext19/data/res/values-mcc316: Cannot utime: Operation not permitted
build	Cache Android SDK	2026-06-06T12:22:49.6392226Z /usr/bin/tar: ../../../../../usr/local/lib/android/sdk/platforms/android-36-ext19/data/res/values-mcc316: Cannot change mode to rwxr-xr-x: Operation not permitted
build	Cache Android SDK	2026-06-06T12:22:49.6394423Z /usr/bin/tar: ../../../../../usr/local/lib/android/sdk/platforms/android-36-ext19/data/res/values-mcc001-mnc01-fa: Cannot utime: Operation not permitted
build	Cache Android SDK	2026-06-06T12:22:49.6395392Z /usr/bin/tar: ../../../../../usr/local/lib/android/sdk/platforms/android-36-ext19/data/res/values-mcc001-mnc01-fa: Cannot change mode to rwxr-xr-x: Operation not permitted
build	Cache Android SDK	2026-06-06T12:22:49.6397459Z /usr/bin/tar: ../../../../../usr/local/lib/android/sdk/platforms/android-36-ext19/data/res/values-mcc310-mnc220-eu: Cannot utime: Operation not permitted
build	Cache Android SDK	2026-06-06T12:22:49.6398498Z /usr/bin/tar: ../../../../../usr/local/lib/android/sdk/platforms/android-36-ext19/data/res/values-mcc310-mnc220-eu: Cannot change mode to rwxr-xr-x: Operation not permitted
build	Cache Android SDK	2026-06-06T12:22:49.6400858Z /usr/bin/tar: ../../../../../usr/local/lib/android/sdk/platforms/android-36-ext19/data/res/values-mcc310-mnc240: Cannot utime: Operation not permitted
build	Cache Android SDK	2026-06-06T12:22:49.6401785Z /usr/bin/tar: ../../../../../usr/local/lib/android/sdk/platforms/android-36-ext19/data/res/values-mcc310-mnc240: Cannot change mode to rwxr-xr-x: Operation not permitted
build	Cache Android SDK	2026-06-06T12:22:49.6403466Z /usr/bin/tar: ../../../../../usr/local/lib/android/sdk/platforms/android-36-ext19/data/res/values-mcc313-mnc100-sw: Cannot utime: Operation not permitted
build	Cache Android SDK	2026-06-06T12:22:49.6404411Z /usr/bin/tar: ../../../../../usr/local/lib/android/sdk/platforms/android-36-ext19/data/res/values-mcc313-mnc100-sw: Cannot change mode to rwxr-xr-x: Operation not permitted
build	Cache Android SDK	2026-06-06T12:22:49.6407032Z /usr/bin/tar: ../../../../../usr/local/lib/android/sdk/platforms/android-36-ext19/data/res/values-mcc310-mnc230-ro: Cannot utime: Operation not permitted
build	Cache Android SDK	2026-06-06T12:22:49.6408203Z /usr/bin/tar: ../../../../../usr/local/lib/android/sdk/platforms/android-36-ext19/data/res/values-mcc310-mnc230-ro: Cannot change mode to rwxr-xr-x: Operation not permitted
build	Cache Android SDK	2026-06-06T12:22:49.6410553Z /usr/bin/tar: ../../../../../usr/local/lib/android/sdk/platforms/android-36-ext19/data/res/values-mcc310-mnc660-zh-rCN: Cannot utime: Operation not permitted
build	Cache Android SDK	2026-06-06T12:22:49.6411539Z /usr/bin/tar: ../../../../../usr/local/lib/android/sdk/platforms/android-36-ext19/data/res/values-mcc310-mnc660-zh-rCN: Cannot change mode to rwxr-xr-x: Operation not permitted
build	Cache Android SDK	2026-06-06T12:22:49.6413502Z /usr/bin/tar: ../../../../../usr/local/lib/android/sdk/platforms/android-36-ext19/data/res/values-mcc310-mnc310-lv: Cannot utime: Operation not permitted
build	Cache Android SDK	2026-06-06T12:22:49.6414446Z /usr/bin/tar: ../../../../../usr/local/lib/android/sdk/platforms/android-36-ext19/data/res/values-mcc310-mnc310-lv: Cannot change mode to rwxr-xr-x: Operation not permitted
build	Cache Android SDK	2026-06-06T12:22:49.6416584Z /usr/bin/tar: ../../../../../usr/local/lib/android/sdk/platforms/android-36-ext19/data/res/values-mcc310-mnc950-km: Cannot utime: Operation not permitted
build	Cache Android SDK	2026-06-06T12:22:49.6417800Z /usr/bin/tar: ../../../../../usr/local/lib/android/sdk/platforms/android-36-ext19/data/res/values-mcc310-mnc950-km: Cannot change mode to rwxr-xr-x: Operation not permitted
build	Cache Android SDK	2026-06-06T12:22:49.6419800Z /usr/bin/tar: ../../../../../usr/local/lib/android/sdk/platforms/android-36-ext19/data/res/values-mcc310-mnc560-ar: Cannot utime: Operation not permitted
build	Cache Android SDK	2026-06-06T12:22:49.6420734Z /usr/bin/tar: ../../../../../usr/local/lib/android/sdk/platforms/android-36-ext19/data/res/values-mcc310-mnc560-ar: Cannot change mode to rwxr-xr-x: Operation not permitted
build	Cache Android SDK	2026-06-06T12:22:49.6422956Z /usr/bin/tar: ../../../../../usr/local/lib/android/sdk/platforms/android-36-ext19/data/res/values-mcc310-mnc230-mr: Cannot utime: Operation not permitted
build	Cache Android SDK	2026-06-06T12:22:49.6423904Z /usr/bin/tar: ../../../../../usr/local/lib/android/sdk/platforms/android-36-ext19/data/res/values-mcc310-mnc230-mr: Cannot change mode to rwxr-xr-x: Operation not permitted
build	Cache Android SDK	2026-06-06T12:22:49.6426570Z /usr/bin/tar: ../../../../../usr/local/lib/android/sdk/platforms/android-36-ext19/data/res/values-mcc310-mnc230-mk: Cannot utime: Operation not permitted
build	Cache Android SDK	2026-06-06T12:22:49.6427963Z /usr/bin/tar: ../../../../../usr/local/lib/android/sdk/platforms/android-36-ext19/data/res/values-mcc310-mnc230-mk: Cannot change mode to rwxr-xr-x: Operation not permitted
build	Cache Android SDK	2026-06-06T12:22:49.6430992Z /usr/bin/tar: ../../../../../usr/local/lib/android/sdk/platforms/android-36-ext19/data/res/values-mcc311-mnc180-ca: Cannot utime: Operation not permitted
build	Cache Android SDK	2026-06-06T12:22:49.6432293Z /usr/bin/tar: ../../../../../usr/local/lib/android/sdk/platforms/android-36-ext19/data/res/values-mcc311-mnc180-ca: Cannot change mode to rwxr-xr-x: Operation not permitted
build	Cache Android SDK	2026-06-06T12:22:49.6446629Z /usr/bin/tar: ../../../../../usr/local/lib/android/sdk/platforms/android-36-ext19/data/res/drawable-nodpi: Cannot utime: Operation not permitted
build	Cache Android SDK	2026-06-06T12:22:49.6449038Z /usr/bin/tar: ../../../../../usr/local/lib/android/sdk/platforms/android-36-ext19/data/res/drawable-nodpi: Cannot change mode to rwxr-xr-x: Operation not permitted
build	Cache Android SDK	2026-06-06T12:22:49.6450334Z /usr/bin/tar: ../../../../../usr/local/lib/android/sdk/platforms/android-36-ext19/data/res/values-w208dp: Cannot utime: Operation not permitted
build	Cache Android SDK	2026-06-06T12:22:49.6451338Z /usr/bin/tar: ../../../../../usr/local/lib/android/sdk/platforms/android-36-ext19/data/res/values-w208dp: Cannot change mode to rwxr-xr-x: Operation not permitted
build	Cache Android SDK	2026-06-06T12:22:49.6452492Z /usr/bin/tar: ../../../../../usr/local/lib/android/sdk/platforms/android-36-ext19/data/res/values-mcc310-mnc030-lo: Cannot utime: Operation not permitted
build	Cache Android SDK	2026-06-06T12:22:49.6453450Z /usr/bin/tar: ../../../../../usr/local/lib/android/sdk/platforms/android-36-ext19/data/res/values-mcc310-mnc030-lo: Cannot change mode to rwxr-xr-x: Operation not permitted
build	Cache Android SDK	2026-06-06T12:22:49.6455475Z /usr/bin/tar: ../../../../../usr/local/lib/android/sdk/platforms/android-36-ext19/data/res/values-mcc310-mnc240-sv: Cannot utime: Operation not permitted
build	Cache Android SDK	2026-06-06T12:22:49.6456558Z /usr/bin/tar: ../../../../../usr/local/lib/android/sdk/platforms/android-36-ext19/data/res/values-mcc310-mnc240-sv: Cannot change mode to rwxr-xr-x: Operation not permitted
build	Cache Android SDK	2026-06-06T12:22:49.6458657Z /usr/bin/tar: ../../../../../usr/local/lib/android/sdk/platforms/android-36-ext19/data/res/values-mcc310-mnc240-am: Cannot utime: Operation not permitted
build	Cache Android SDK	2026-06-06T12:22:49.6459606Z /usr/bin/tar: ../../../../../usr/local/lib/android/sdk/platforms/android-36-ext19/data/res/values-mcc310-mnc240-am: Cannot change mode to rwxr-xr-x: Operation not permitted
build	Cache Android SDK	2026-06-06T12:22:49.6461689Z /usr/bin/tar: ../../../../../usr/local/lib/android/sdk/platforms/android-36-ext19/data/res/values-mcc234-mnc20: Cannot utime: Operation not permitted
build	Cache Android SDK	2026-06-06T12:22:49.6462623Z /usr/bin/tar: ../../../../../usr/local/lib/android/sdk/platforms/android-36-ext19/data/res/values-mcc234-mnc20: Cannot change mode to rwxr-xr-x: Operation not permitted
build	Cache Android SDK	2026-06-06T12:22:49.6464876Z /usr/bin/tar: ../../../../../usr/local/lib/android/sdk/platforms/android-36-ext19/data/res/values-mcc310-mnc380-ta: Cannot utime: Operation not permitted
build	Cache Android SDK	2026-06-06T12:22:49.6465913Z /usr/bin/tar: ../../../../../usr/local/lib/android/sdk/platforms/android-36-ext19/data/res/values-mcc310-mnc380-ta: Cannot change mode to rwxr-xr-x: Operation not permitted
build	Cache Android SDK	2026-06-06T12:22:49.6467944Z /usr/bin/tar: ../../../../../usr/local/lib/android/sdk/platforms/android-36-ext19/data/res/values-mcc310-mnc170-sq: Cannot utime: Operation not permitted
build	Cache Android SDK	2026-06-06T12:22:49.6468907Z /usr/bin/tar: ../../../../../usr/local/lib/android/sdk/platforms/android-36-ext19/data/res/values-mcc310-mnc170-sq: Cannot change mode to rwxr-xr-x: Operation not permitted
build	Cache Android SDK	2026-06-06T12:22:49.6471031Z /usr/bin/tar: ../../../../../usr/local/lib/android/sdk/platforms/android-36-ext19/data/res/values-mcc425: Cannot utime: Operation not permitted
build	Cache Android SDK	2026-06-06T12:22:49.6471926Z /usr/bin/tar: ../../../../../usr/local/lib/android/sdk/platforms/android-36-ext19/data/res/values-mcc425: Cannot change mode to rwxr-xr-x: Operation not permitted
build	Cache Android SDK	2026-06-06T12:22:49.6474186Z /usr/bin/tar: ../../../../../usr/local/lib/android/sdk/platforms/android-36-ext19/data/res/values-mcc310-mnc270-et: Cannot utime: Operation not permitted
build	Cache Android SDK	2026-06-06T12:22:49.6475220Z /usr/bin/tar: ../../../../../usr/local/lib/android/sdk/platforms/android-36-ext19/data/res/values-mcc310-mnc270-et: Cannot change mode to rwxr-xr-x: Operation not permitted
build	Cache Android SDK	2026-06-06T12:22:49.6477996Z /usr/bin/tar: ../../../../../usr/local/lib/android/sdk/platforms/android-36-ext19/data/res/values-mcc302-mnc720-as: Cannot utime: Operation not permitted
build	Cache Android SDK	2026-06-06T12:22:49.6479007Z /usr/bin/tar: ../../../../../usr/local/lib/android/sdk/platforms/android-36-ext19/data/res/values-mcc302-mnc720-as: Cannot change mode to rwxr-xr-x: Operation not permitted
build	Cache Android SDK	2026-06-06T12:22:49.6481466Z /usr/bin/tar: ../../../../../usr/local/lib/android/sdk/platforms/android-36-ext19/data/res/values-mcc310-mnc490-te: Cannot utime: Operation not permitted
build	Cache Android SDK	2026-06-06T12:22:49.6482601Z /usr/bin/tar: ../../../../../usr/local/lib/android/sdk/platforms/android-36-ext19/data/res/values-mcc310-mnc490-te: Cannot change mode to rwxr-xr-x: Operation not permitted
build	Cache Android SDK	2026-06-06T12:22:49.6484475Z /usr/bin/tar: ../../../../../usr/local/lib/android/sdk/platforms/android-36-ext19/data/res/values-mcc310-mnc160-th: Cannot utime: Operation not permitted
build	Cache Android SDK	2026-06-06T12:22:49.6485451Z /usr/bin/tar: ../../../../../usr/local/lib/android/sdk/platforms/android-36-ext19/data/res/values-mcc310-mnc160-th: Cannot change mode to rwxr-xr-x: Operation not permitted
build	Cache Android SDK	2026-06-06T12:22:49.6487974Z /usr/bin/tar: ../../../../../usr/local/lib/android/sdk/platforms/android-36-ext19/data/res/values-mcc310-mnc200-sr: Cannot utime: Operation not permitted
build	Cache Android SDK	2026-06-06T12:22:49.6489152Z /usr/bin/tar: ../../../../../usr/local/lib/android/sdk/platforms/android-36-ext19/data/res/values-mcc310-mnc200-sr: Cannot change mode to rwxr-xr-x: Operation not permitted
build	Cache Android SDK	2026-06-06T12:22:49.6495666Z /usr/bin/tar: ../../../../../usr/local/lib/android/sdk/platforms/android-36-ext19/data/res/values-da: Cannot utime: Operation not permitted
build	Cache Android SDK	2026-06-06T12:22:49.6497119Z /usr/bin/tar: ../../../../../usr/local/lib/android/sdk/platforms/android-36-ext19/data/res/values-da: Cannot change mode to rwxr-xr-x: Operation not permitted
build	Cache Android SDK	2026-06-06T12:22:49.6498886Z /usr/bin/tar: ../../../../../usr/local/lib/android/sdk/platforms/android-36-ext19/data/res/values-mcc310-mnc170-et: Cannot utime: Operation not permitted
build	Cache Android SDK	2026-06-06T12:22:49.6499911Z /usr/bin/tar: ../../../../../usr/local/lib/android/sdk/platforms/android-36-ext19/data/res/values-mcc310-mnc170-et: Cannot change mode to rwxr-xr-x: Operation not permitted
build	Cache Android SDK	2026-06-06T12:22:49.6503908Z /usr/bin/tar: ../../../../../usr/local/lib/android/sdk/platforms/android-36-ext19/data/res/values-mcc310-mnc160-en-rIN: Cannot utime: Operation not permitted
build	Cache Android SDK	2026-06-06T12:22:49.6504900Z /usr/bin/tar: ../../../../../usr/local/lib/android/sdk/platforms/android-36-ext19/data/res/values-mcc310-mnc160-en-rIN: Cannot change mode to rwxr-xr-x: Operation not permitted
build	Cache Android SDK	2026-06-06T12:22:49.6506736Z /usr/bin/tar: ../../../../../usr/local/lib/android/sdk/platforms/android-36-ext19/data/res/values-mcc302-mnc370-da: Cannot utime: Operation not permitted
build	Cache Android SDK	2026-06-06T12:22:49.6507848Z /usr/bin/tar: ../../../../../usr/local/lib/android/sdk/platforms/android-36-ext19/data/res/values-mcc302-mnc370-da: Cannot change mode to rwxr-xr-x: Operation not permitted
build	Cache Android SDK	2026-06-06T12:22:49.6509832Z /usr/bin/tar: ../../../../../usr/local/lib/android/sdk/platforms/android-36-ext19/data/res/values-mcc310-mnc490-sv: Cannot utime: Operation not permitted
build	Cache Android SDK	2026-06-06T12:22:49.6510784Z /usr/bin/tar: ../../../../../usr/local/lib/android/sdk/platforms/android-36-ext19/data/res/values-mcc310-mnc490-sv: Cannot change mode to rwxr-xr-x: Operation not permitted
build	Cache Android SDK	2026-06-06T12:22:49.6512886Z /usr/bin/tar: ../../../../../usr/local/lib/android/sdk/platforms/android-36-ext19/data/res/values-ru-television: Cannot utime: Operation not permitted
build	Cache Android SDK	2026-06-06T12:22:49.6513821Z /usr/bin/tar: ../../../../../usr/local/lib/android/sdk/platforms/android-36-ext19/data/res/values-ru-television: Cannot change mode to rwxr-xr-x: Operation not permitted
build	Cache Android SDK	2026-06-06T12:22:49.6516059Z /usr/bin/tar: ../../../../../usr/local/lib/android/sdk/platforms/android-36-ext19/data/res/values-mcc310-mnc380-it: Cannot utime: Operation not permitted
build	Cache Android SDK	2026-06-06T12:22:49.6517013Z /usr/bin/tar: ../../../../../usr/local/lib/android/sdk/platforms/android-36-ext19/data/res/values-mcc310-mnc380-it: Cannot change mode to rwxr-xr-x: Operation not permitted
build	Cache Android SDK	2026-06-06T12:22:49.6519001Z /usr/bin/tar: ../../../../../usr/local/lib/android/sdk/platforms/android-36-ext19/data/res/values-mcc001-mnc01-sw: Cannot utime: Operation not permitted
build	Cache Android SDK	2026-06-06T12:22:49.6522155Z /usr/bin/tar: ../../../../../usr/local/lib/android/sdk/platforms/android-36-ext19/data/res/values-mcc001-mnc01-sw: Cannot change mode to rwxr-xr-x: Operation not permitted
build	Cache Android SDK	2026-06-06T12:22:49.6523177Z /usr/bin/tar: ../../../../../usr/local/lib/android/sdk/platforms/android-36-ext19/data/res/values-kn-watch: Cannot utime: Operation not permitted
build	Cache Android SDK	2026-06-06T12:22:49.6524170Z /usr/bin/tar: ../../../../../usr/local/lib/android/sdk/platforms/android-36-ext19/data/res/values-kn-watch: Cannot change mode to rwxr-xr-x: Operation not permitted
build	Cache Android SDK	2026-06-06T12:22:49.6525241Z /usr/bin/tar: ../../../../../usr/local/lib/android/sdk/platforms/android-36-ext19/data/res/values-mcc310-mnc660-am: Cannot utime: Operation not permitted
build	Cache Android SDK	2026-06-06T12:22:49.6526218Z /usr/bin/tar: ../../../../../usr/local/lib/android/sdk/platforms/android-36-ext19/data/res/values-mcc310-mnc660-am: Cannot change mode to rwxr-xr-x: Operation not permitted
build	Cache Android SDK	2026-06-06T12:22:49.6528384Z /usr/bin/tar: ../../../../../usr/local/lib/android/sdk/platforms/android-36-ext19/data/res/values-mcc310-mnc240-b+sr+Latn: Cannot utime: Operation not permitted
build	Cache Android SDK	2026-06-06T12:22:49.6529400Z /usr/bin/tar: ../../../../../usr/local/lib/android/sdk/platforms/android-36-ext19/data/res/values-mcc310-mnc240-b+sr+Latn: Cannot change mode to rwxr-xr-x: Operation not permitted
build	Cache Android SDK	2026-06-06T12:22:49.6531415Z /usr/bin/tar: ../../../../../usr/local/lib/android/sdk/platforms/android-36-ext19/data/res/values-as-watch: Cannot utime: Operation not permitted
build	Cache Android SDK	2026-06-06T12:22:49.6532329Z /usr/bin/tar: ../../../../../usr/local/lib/android/sdk/platforms/android-36-ext19/data/res/values-as-watch: Cannot change mode to rwxr-xr-x: Operation not permitted
build	Cache Android SDK	2026-06-06T12:22:49.6534704Z /usr/bin/tar: ../../../../../usr/local/lib/android/sdk/platforms/android-36-ext19/data/res/values-mcc310-mnc270-fa: Cannot utime: Operation not permitted
build	Cache Android SDK	2026-06-06T12:22:49.6535657Z /usr/bin/tar: ../../../../../usr/local/lib/android/sdk/platforms/android-36-ext19/data/res/values-mcc310-mnc270-fa: Cannot change mode to rwxr-xr-x: Operation not permitted
build	Cache Android SDK	2026-06-06T12:22:49.6538084Z /usr/bin/tar: ../../../../../usr/local/lib/android/sdk/platforms/android-36-ext19/data/res/values-mcc310-mnc410-ky: Cannot utime: Operation not permitted
build	Cache Android SDK	2026-06-06T12:22:49.6539045Z /usr/bin/tar: ../../../../../usr/local/lib/android/sdk/platforms/android-36-ext19/data/res/values-mcc310-mnc410-ky: Cannot change mode to rwxr-xr-x: Operation not permitted
build	Cache Android SDK	2026-06-06T12:22:49.6542024Z /usr/bin/tar: ../../../../../usr/local/lib/android/sdk/platforms/android-36-ext19/data/res/values-mcc310-mnc030-lt: Cannot utime: Operation not permitted
build	Cache Android SDK	2026-06-06T12:22:49.6542993Z /usr/bin/tar: ../../../../../usr/local/lib/android/sdk/platforms/android-36-ext19/data/res/values-mcc310-mnc030-lt: Cannot change mode to rwxr-xr-x: Operation not permitted
build	Cache Android SDK	2026-06-06T12:22:49.6545553Z /usr/bin/tar: ../../../../../usr/local/lib/android/sdk/platforms/android-36-ext19/data/res/values-mcc310-mnc030-my: Cannot utime: Operation not permitted
build	Cache Android SDK	2026-06-06T12:22:49.6546505Z /usr/bin/tar: ../../../../../usr/local/lib/android/sdk/platforms/android-36-ext19/data/res/values-mcc310-mnc030-my: Cannot change mode to rwxr-xr-x: Operation not permitted
build	Cache Android SDK	2026-06-06T12:22:49.6548486Z /usr/bin/tar: ../../../../../usr/local/lib/android/sdk/platforms/android-36-ext19/data/res/values-mcc310-mnc270-my: Cannot utime: Operation not permitted
build	Cache Android SDK	2026-06-06T12:22:49.6549432Z /usr/bin/tar: ../../../../../usr/local/lib/android/sdk/platforms/android-36-ext19/data/res/values-mcc310-mnc270-my: Cannot change mode to rwxr-xr-x: Operation not permitted
build	Cache Android SDK	2026-06-06T12:22:49.6551408Z /usr/bin/tar: ../../../../../usr/local/lib/android/sdk/platforms/android-36-ext19/data/res/values-hi-television: Cannot utime: Operation not permitted
build	Cache Android SDK	2026-06-06T12:22:49.6552355Z /usr/bin/tar: ../../../../../usr/local/lib/android/sdk/platforms/android-36-ext19/data/res/values-hi-television: Cannot change mode to rwxr-xr-x: Operation not permitted
build	Cache Android SDK	2026-06-06T12:22:49.6554550Z /usr/bin/tar: ../../../../../usr/local/lib/android/sdk/platforms/android-36-ext19/data/res/values-mcc312-mnc670-sr: Cannot utime: Operation not permitted
build	Cache Android SDK	2026-06-06T12:22:49.6555504Z /usr/bin/tar: ../../../../../usr/local/lib/android/sdk/platforms/android-36-ext19/data/res/values-mcc312-mnc670-sr: Cannot change mode to rwxr-xr-x: Operation not permitted
build	Cache Android SDK	2026-06-06T12:22:49.6557866Z /usr/bin/tar: ../../../../../usr/local/lib/android/sdk/platforms/android-36-ext19/data/res/values-mcc310-mnc270-zh-rHK: Cannot utime: Operation not permitted
build	Cache Android SDK	2026-06-06T12:22:49.6558863Z /usr/bin/tar: ../../../../../usr/local/lib/android/sdk/platforms/android-36-ext19/data/res/values-mcc310-mnc270-zh-rHK: Cannot change mode to rwxr-xr-x: Operation not permitted
build	Cache Android SDK	2026-06-06T12:22:49.6561155Z /usr/bin/tar: ../../../../../usr/local/lib/android/sdk/platforms/android-36-ext19/data/res/values-mcc310-mnc560-pt: Cannot utime: Operation not permitted
build	Cache Android SDK	2026-06-06T12:22:49.6562110Z /usr/bin/tar: ../../../../../usr/local/lib/android/sdk/platforms/android-36-ext19/data/res/values-mcc310-mnc560-pt: Cannot change mode to rwxr-xr-x: Operation not permitted
build	Cache Android SDK	2026-06-06T12:22:49.6564309Z /usr/bin/tar: ../../../../../usr/local/lib/android/sdk/platforms/android-36-ext19/data/res/values-mcc310-mnc160-pt-rPT: Cannot utime: Operation not permitted
build	Cache Android SDK	2026-06-06T12:22:49.6565648Z /usr/bin/tar: ../../../../../usr/local/lib/android/sdk/platforms/android-36-ext19/data/res/values-mcc310-mnc160-pt-rPT: Cannot change mode to rwxr-xr-x: Operation not permitted
build	Cache Android SDK	2026-06-06T12:22:49.6567569Z /usr/bin/tar: ../../../../../usr/local/lib/android/sdk/platforms/android-36-ext19/data/res/values-mcc310-mnc490-fa: Cannot utime: Operation not permitted
build	Cache Android SDK	2026-06-06T12:22:49.6568553Z /usr/bin/tar: ../../../../../usr/local/lib/android/sdk/platforms/android-36-ext19/data/res/values-mcc310-mnc490-fa: Cannot change mode to rwxr-xr-x: Operation not permitted
build	Cache Android SDK	2026-06-06T12:22:49.6570533Z /usr/bin/tar: ../../../../../usr/local/lib/android/sdk/platforms/android-36-ext19/data/res/values-mcc302-mnc370-sq: Cannot utime: Operation not permitted
build	Cache Android SDK	2026-06-06T12:22:49.6571516Z /usr/bin/tar: ../../../../../usr/local/lib/android/sdk/platforms/android-36-ext19/data/res/values-mcc302-mnc370-sq: Cannot change mode to rwxr-xr-x: Operation not permitted
build	Cache Android SDK	2026-06-06T12:22:49.6574619Z /usr/bin/tar: ../../../../../usr/local/lib/android/sdk/platforms/android-36-ext19/data/res/values-mcc310-mnc210-fr: Cannot utime: Operation not permitted
build	Cache Android SDK	2026-06-06T12:22:49.6575715Z /usr/bin/tar: ../../../../../usr/local/lib/android/sdk/platforms/android-36-ext19/data/res/values-mcc310-mnc210-fr: Cannot change mode to rwxr-xr-x: Operation not permitted
build	Cache Android SDK	2026-06-06T12:22:49.6578076Z /usr/bin/tar: ../../../../../usr/local/lib/android/sdk/platforms/android-36-ext19/data/res/values-mcc310-mnc030-sl: Cannot utime: Operation not permitted
build	Cache Android SDK	2026-06-06T12:22:49.6579080Z /usr/bin/tar: ../../../../../usr/local/lib/android/sdk/platforms/android-36-ext19/data/res/values-mcc310-mnc030-sl: Cannot change mode to rwxr-xr-x: Operation not permitted
build	Cache Android SDK	2026-06-06T12:22:49.6581675Z /usr/bin/tar: ../../../../../usr/local/lib/android/sdk/platforms/android-36-ext19/data/res/values-mcc310-mnc410-tr: Cannot utime: Operation not permitted
build	Cache Android SDK	2026-06-06T12:22:49.6582702Z /usr/bin/tar: ../../../../../usr/local/lib/android/sdk/platforms/android-36-ext19/data/res/values-mcc310-mnc410-tr: Cannot change mode to rwxr-xr-x: Operation not permitted
build	Cache Android SDK	2026-06-06T12:22:49.6584740Z /usr/bin/tar: ../../../../../usr/local/lib/android/sdk/platforms/android-36-ext19/data/res/values-mcc302-mnc720-kn: Cannot utime: Operation not permitted
build	Cache Android SDK	2026-06-06T12:22:49.6585788Z /usr/bin/tar: ../../../../../usr/local/lib/android/sdk/platforms/android-36-ext19/data/res/values-mcc302-mnc720-kn: Cannot change mode to rwxr-xr-x: Operation not permitted
build	Cache Android SDK	2026-06-06T12:22:49.6588263Z /usr/bin/tar: ../../../../../usr/local/lib/android/sdk/platforms/android-36-ext19/data/res/values-mcc001-mnc01-fr: Cannot utime: Operation not permitted
build	Cache Android SDK	2026-06-06T12:22:49.6589220Z /usr/bin/tar: ../../../../../usr/local/lib/android/sdk/platforms/android-36-ext19/data/res/values-mcc001-mnc01-fr: Cannot change mode to rwxr-xr-x: Operation not permitted
build	Cache Android SDK	2026-06-06T12:22:49.6591466Z /usr/bin/tar: ../../../../../usr/local/lib/android/sdk/platforms/android-36-ext19/data/res/values-mcc310-mnc490-sq: Cannot utime: Operation not permitted
build	Cache Android SDK	2026-06-06T12:22:49.6592508Z /usr/bin/tar: ../../../../../usr/local/lib/android/sdk/platforms/android-36-ext19/data/res/values-mcc310-mnc490-sq: Cannot change mode to rwxr-xr-x: Operation not permitted
build	Cache Android SDK	2026-06-06T12:22:49.6594885Z /usr/bin/tar: ../../../../../usr/local/lib/android/sdk/platforms/android-36-ext19/data/res/values-mcc310-mnc170-el: Cannot utime: Operation not permitted
build	Cache Android SDK	2026-06-06T12:22:49.6595840Z /usr/bin/tar: ../../../../../usr/local/lib/android/sdk/platforms/android-36-ext19/data/res/values-mcc310-mnc170-el: Cannot change mode to rwxr-xr-x: Operation not permitted
build	Cache Android SDK	2026-06-06T12:22:49.6598964Z /usr/bin/tar: ../../../../../usr/local/lib/android/sdk/platforms/android-36-ext19/data/res/values-mcc310-mnc030-fi: Cannot utime: Operation not permitted
build	Cache Android SDK	2026-06-06T12:22:49.6600178Z /usr/bin/tar: ../../../../../usr/local/lib/android/sdk/platforms/android-36-ext19/data/res/values-mcc310-mnc030-fi: Cannot change mode to rwxr-xr-x: Operation not permitted
build	Cache Android SDK	2026-06-06T12:22:49.6603388Z /usr/bin/tar: ../../../../../usr/local/lib/android/sdk/platforms/android-36-ext19/data/res/values-mcc310-mnc560-pt-rBR: Cannot utime: Operation not permitted
build	Cache Android SDK	2026-06-06T12:22:49.6604855Z /usr/bin/tar: ../../../../../usr/local/lib/android/sdk/platforms/android-36-ext19/data/res/values-mcc310-mnc560-pt-rBR: Cannot change mode to rwxr-xr-x: Operation not permitted
build	Cache Android SDK	2026-06-06T12:22:49.6606638Z /usr/bin/tar: ../../../../../usr/local/lib/android/sdk/platforms/android-36-ext19/data/res/values-mcc310-mnc230-fi: Cannot utime: Operation not permitted
build	Cache Android SDK	2026-06-06T12:22:49.6607823Z /usr/bin/tar: ../../../../../usr/local/lib/android/sdk/platforms/android-36-ext19/data/res/values-mcc310-mnc230-fi: Cannot change mode to rwxr-xr-x: Operation not permitted
build	Cache Android SDK	2026-06-06T12:22:49.6610303Z /usr/bin/tar: ../../../../../usr/local/lib/android/sdk/platforms/android-36-ext19/data/res/drawable-w204dp: Cannot utime: Operation not permitted
build	Cache Android SDK	2026-06-06T12:22:49.6611233Z /usr/bin/tar: ../../../../../usr/local/lib/android/sdk/platforms/android-36-ext19/data/res/drawable-w204dp: Cannot change mode to rwxr-xr-x: Operation not permitted
build	Cache Android SDK	2026-06-06T12:22:49.6613468Z /usr/bin/tar: ../../../../../usr/local/lib/android/sdk/platforms/android-36-ext19/data/res/values-mcc310-mnc170-it: Cannot utime: Operation not permitted
build	Cache Android SDK	2026-06-06T12:22:49.6614432Z /usr/bin/tar: ../../../../../usr/local/lib/android/sdk/platforms/android-36-ext19/data/res/values-mcc310-mnc170-it: Cannot change mode to rwxr-xr-x: Operation not permitted
build	Cache Android SDK	2026-06-06T12:22:49.6621353Z /usr/bin/tar: ../../../../../usr/local/lib/android/sdk/platforms/android-36-ext19/data/res/values-as: Cannot utime: Operation not permitted
build	Cache Android SDK	2026-06-06T12:22:49.6622265Z /usr/bin/tar: ../../../../../usr/local/lib/android/sdk/platforms/android-36-ext19/data/res/values-as: Cannot change mode to rwxr-xr-x: Operation not permitted
build	Cache Android SDK	2026-06-06T12:22:49.6624889Z /usr/bin/tar: ../../../../../usr/local/lib/android/sdk/platforms/android-36-ext19/data/res/values-w320dp-h426dp: Cannot utime: Operation not permitted
build	Cache Android SDK	2026-06-06T12:22:49.6625849Z /usr/bin/tar: ../../../../../usr/local/lib/android/sdk/platforms/android-36-ext19/data/res/values-w320dp-h426dp: Cannot change mode to rwxr-xr-x: Operation not permitted
build	Cache Android SDK	2026-06-06T12:22:49.6628597Z /usr/bin/tar: ../../../../../usr/local/lib/android/sdk/platforms/android-36-ext19/data/res/values-mcc310-mnc270-bs: Cannot utime: Operation not permitted
build	Cache Android SDK	2026-06-06T12:22:49.6629537Z /usr/bin/tar: ../../../../../usr/local/lib/android/sdk/platforms/android-36-ext19/data/res/values-mcc310-mnc270-bs: Cannot change mode to rwxr-xr-x: Operation not permitted
build	Cache Android SDK	2026-06-06T12:22:49.6632160Z /usr/bin/tar: ../../../../../usr/local/lib/android/sdk/platforms/android-36-ext19/data/res/values-mcc310-mnc230-sr: Cannot utime: Operation not permitted
build	Cache Android SDK	2026-06-06T12:22:49.6633105Z /usr/bin/tar: ../../../../../usr/local/lib/android/sdk/platforms/android-36-ext19/data/res/values-mcc310-mnc230-sr: Cannot change mode to rwxr-xr-x: Operation not permitted
build	Cache Android SDK	2026-06-06T12:22:49.6635683Z /usr/bin/tar: ../../../../../usr/local/lib/android/sdk/platforms/android-36-ext19/data/res/values-mcc313-mnc100-si: Cannot utime: Operation not permitted
build	Cache Android SDK	2026-06-06T12:22:49.6636636Z /usr/bin/tar: ../../../../../usr/local/lib/android/sdk/platforms/android-36-ext19/data/res/values-mcc313-mnc100-si: Cannot change mode to rwxr-xr-x: Operation not permitted
build	Cache Android SDK	2026-06-06T12:22:49.6642694Z /usr/bin/tar: ../../../../../usr/local/lib/android/sdk/platforms/android-36-ext19/data/res/values-bs: Cannot utime: Operation not permitted
build	Cache Android SDK	2026-06-06T12:22:49.6643593Z /usr/bin/tar: ../../../../../usr/local/lib/android/sdk/platforms/android-36-ext19/data/res/values-bs: Cannot change mode to rwxr-xr-x: Operation not permitted
build	Cache Android SDK	2026-06-06T12:22:49.6646294Z /usr/bin/tar: ../../../../../usr/local/lib/android/sdk/platforms/android-36-ext19/data/res/values-mcc310-mnc230-pt-rPT: Cannot utime: Operation not permitted
build	Cache Android SDK	2026-06-06T12:22:49.6647534Z /usr/bin/tar: ../../../../../usr/local/lib/android/sdk/platforms/android-36-ext19/data/res/values-mcc310-mnc230-pt-rPT: Cannot change mode to rwxr-xr-x: Operation not permitted
build	Cache Android SDK	2026-06-06T12:22:49.6649406Z /usr/bin/tar: ../../../../../usr/local/lib/android/sdk/platforms/android-36-ext19/data/res/values-mcc310-mnc170-zh-rCN: Cannot utime: Operation not permitted
build	Cache Android SDK	2026-06-06T12:22:49.6650396Z /usr/bin/tar: ../../../../../usr/local/lib/android/sdk/platforms/android-36-ext19/data/res/values-mcc310-mnc170-zh-rCN: Cannot change mode to rwxr-xr-x: Operation not permitted
build	Cache Android SDK	2026-06-06T12:22:49.6653343Z /usr/bin/tar: ../../../../../usr/local/lib/android/sdk/platforms/android-36-ext19/data/res/values-mcc313-mnc100-lo: Cannot utime: Operation not permitted
build	Cache Android SDK	2026-06-06T12:22:49.6654300Z /usr/bin/tar: ../../../../../usr/local/lib/android/sdk/platforms/android-36-ext19/data/res/values-mcc313-mnc100-lo: Cannot change mode to rwxr-xr-x: Operation not permitted
build	Cache Android SDK	2026-06-06T12:22:49.6656715Z /usr/bin/tar: ../../../../../usr/local/lib/android/sdk/platforms/android-36-ext19/data/res/values-mcc302-mnc370-th: Cannot utime: Operation not permitted
build	Cache Android SDK	2026-06-06T12:22:49.6657754Z /usr/bin/tar: ../../../../../usr/local/lib/android/sdk/platforms/android-36-ext19/data/res/values-mcc302-mnc370-th: Cannot change mode to rwxr-xr-x: Operation not permitted
build	Cache Android SDK	2026-06-06T12:22:49.6660569Z /usr/bin/tar: ../../../../../usr/local/lib/android/sdk/platforms/android-36-ext19/data/res/values-mcc310-mnc160-si: Cannot utime: Operation not permitted
build	Cache Android SDK	2026-06-06T12:22:49.6661515Z /usr/bin/tar: ../../../../../usr/local/lib/android/sdk/platforms/android-36-ext19/data/res/values-mcc310-mnc160-si: Cannot change mode to rwxr-xr-x: Operation not permitted
build	Cache Android SDK	2026-06-06T12:22:49.6663713Z /usr/bin/tar: ../../../../../usr/local/lib/android/sdk/platforms/android-36-ext19/data/res/values-mcc311-mnc180-or: Cannot utime: Operation not permitted
build	Cache Android SDK	2026-06-06T12:22:49.6664652Z /usr/bin/tar: ../../../../../usr/local/lib/android/sdk/platforms/android-36-ext19/data/res/values-mcc311-mnc180-or: Cannot change mode to rwxr-xr-x: Operation not permitted
build	Cache Android SDK	2026-06-06T12:22:49.6666901Z /usr/bin/tar: ../../../../../usr/local/lib/android/sdk/platforms/android-36-ext19/data/res/values-mcc312-mnc670-hu: Cannot utime: Operation not permitted
build	Cache Android SDK	2026-06-06T12:22:49.6668081Z /usr/bin/tar: ../../../../../usr/local/lib/android/sdk/platforms/android-36-ext19/data/res/values-mcc312-mnc670-hu: Cannot change mode to rwxr-xr-x: Operation not permitted
build	Cache Android SDK	2026-06-06T12:22:49.6670156Z /usr/bin/tar: ../../../../../usr/local/lib/android/sdk/platforms/android-36-ext19/data/res/values-mcc302-mnc720-ml: Cannot utime: Operation not permitted
build	Cache Android SDK	2026-06-06T12:22:49.6671150Z /usr/bin/tar: ../../../../../usr/local/lib/android/sdk/platforms/android-36-ext19/data/res/values-mcc302-mnc720-ml: Cannot change mode to rwxr-xr-x: Operation not permitted
build	Cache Android SDK	2026-06-06T12:22:49.6673344Z /usr/bin/tar: ../../../../../usr/local/lib/android/sdk/platforms/android-36-ext19/data/res/values-mcc310-mnc410-pt: Cannot utime: Operation not permitted
build	Cache Android SDK	2026-06-06T12:22:49.6674297Z /usr/bin/tar: ../../../../../usr/local/lib/android/sdk/platforms/android-36-ext19/data/res/values-mcc310-mnc410-pt: Cannot change mode to rwxr-xr-x: Operation not permitted
build	Cache Android SDK	2026-06-06T12:22:49.6676601Z /usr/bin/tar: ../../../../../usr/local/lib/android/sdk/platforms/android-36-ext19/data/res/values-mcc313-mnc100-zu: Cannot utime: Operation not permitted
build	Cache Android SDK	2026-06-06T12:22:49.6677797Z /usr/bin/tar: ../../../../../usr/local/lib/android/sdk/platforms/android-36-ext19/data/res/values-mcc313-mnc100-zu: Cannot change mode to rwxr-xr-x: Operation not permitted
build	Cache Android SDK	2026-06-06T12:22:49.6679872Z /usr/bin/tar: ../../../../../usr/local/lib/android/sdk/platforms/android-36-ext19/data/res/values-mcc310-mnc560-ca: Cannot utime: Operation not permitted
build	Cache Android SDK	2026-06-06T12:22:49.6680814Z /usr/bin/tar: ../../../../../usr/local/lib/android/sdk/platforms/android-36-ext19/data/res/values-mcc310-mnc560-ca: Cannot change mode to rwxr-xr-x: Operation not permitted
build	Cache Android SDK	2026-06-06T12:22:49.6683542Z /usr/bin/tar: ../../../../../usr/local/lib/android/sdk/platforms/android-36-ext19/data/res/values-bg-watch: Cannot utime: Operation not permitted
build	Cache Android SDK	2026-06-06T12:22:49.6684519Z /usr/bin/tar: ../../../../../usr/local/lib/android/sdk/platforms/android-36-ext19/data/res/values-bg-watch: Cannot change mode to rwxr-xr-x: Operation not permitted
build	Cache Android SDK	2026-06-06T12:22:49.6989988Z /usr/bin/tar: ../../../../../usr/local/lib/android/sdk/platforms/android-36-ext19/data/res/drawable: Cannot utime: Operation not permitted
build	Cache Android SDK	2026-06-06T12:22:49.6990970Z /usr/bin/tar: ../../../../../usr/local/lib/android/sdk/platforms/android-36-ext19/data/res/drawable: Cannot change mode to rwxr-xr-x: Operation not permitted
build	Cache Android SDK	2026-06-06T12:22:49.6992638Z /usr/bin/tar: ../../../../../usr/local/lib/android/sdk/platforms/android-36-ext19/data/res/values-mcc310-mnc280-te: Cannot utime: Operation not permitted
build	Cache Android SDK	2026-06-06T12:22:49.6993632Z /usr/bin/tar: ../../../../../usr/local/lib/android/sdk/platforms/android-36-ext19/data/res/values-mcc310-mnc280-te: Cannot change mode to rwxr-xr-x: Operation not permitted
build	Cache Android SDK	2026-06-06T12:22:49.6996024Z /usr/bin/tar: ../../../../../usr/local/lib/android/sdk/platforms/android-36-ext19/data/res/values-mcc312-mnc670-lo: Cannot utime: Operation not permitted
build	Cache Android SDK	2026-06-06T12:22:49.6997225Z /usr/bin/tar: ../../../../../usr/local/lib/android/sdk/platforms/android-36-ext19/data/res/values-mcc312-mnc670-lo: Cannot change mode to rwxr-xr-x: Operation not permitted
build	Cache Android SDK	2026-06-06T12:22:49.6999788Z /usr/bin/tar: ../../../../../usr/local/lib/android/sdk/platforms/android-36-ext19/data/res/values-mcc310-mnc210-ro: Cannot utime: Operation not permitted
build	Cache Android SDK	2026-06-06T12:22:49.7000760Z /usr/bin/tar: ../../../../../usr/local/lib/android/sdk/platforms/android-36-ext19/data/res/values-mcc310-mnc210-ro: Cannot change mode to rwxr-xr-x: Operation not permitted
build	Cache Android SDK	2026-06-06T12:22:49.7004698Z /usr/bin/tar: ../../../../../usr/local/lib/android/sdk/platforms/android-36-ext19/data/res/values-mcc302-mnc720-be: Cannot utime: Operation not permitted
build	Cache Android SDK	2026-06-06T12:22:49.7005812Z /usr/bin/tar: ../../../../../usr/local/lib/android/sdk/platforms/android-36-ext19/data/res/values-mcc302-mnc720-be: Cannot change mode to rwxr-xr-x: Operation not permitted
build	Cache Android SDK	2026-06-06T12:22:49.7007502Z /usr/bin/tar: ../../../../../usr/local/lib/android/sdk/platforms/android-36-ext19/data/res/values-ne-television: Cannot utime: Operation not permitted
build	Cache Android SDK	2026-06-06T12:22:49.7008627Z /usr/bin/tar: ../../../../../usr/local/lib/android/sdk/platforms/android-36-ext19/data/res/values-ne-television: Cannot change mode to rwxr-xr-x: Operation not permitted
build	Cache Android SDK	2026-06-06T12:22:49.7011653Z /usr/bin/tar: ../../../../../usr/local/lib/android/sdk/platforms/android-36-ext19/data/res/values-mcc310-mnc660-ms: Cannot utime: Operation not permitted
build	Cache Android SDK	2026-06-06T12:22:49.7012899Z /usr/bin/tar: ../../../../../usr/local/lib/android/sdk/platforms/android-36-ext19/data/res/values-mcc310-mnc660-ms: Cannot change mode to rwxr-xr-x: Operation not permitted
build	Cache Android SDK	2026-06-06T12:22:49.7014787Z /usr/bin/tar: ../../../../../usr/local/lib/android/sdk/platforms/android-36-ext19/data/res/values-mcc310-mnc490-hy: Cannot utime: Operation not permitted
build	Cache Android SDK	2026-06-06T12:22:49.7015912Z /usr/bin/tar: ../../../../../usr/local/lib/android/sdk/platforms/android-36-ext19/data/res/values-mcc310-mnc490-hy: Cannot change mode to rwxr-xr-x: Operation not permitted
build	Cache Android SDK	2026-06-06T12:22:49.7018081Z /usr/bin/tar: ../../../../../usr/local/lib/android/sdk/platforms/android-36-ext19/data/res/values-mcc311-mnc180-as: Cannot utime: Operation not permitted
build	Cache Android SDK	2026-06-06T12:22:49.7019073Z /usr/bin/tar: ../../../../../usr/local/lib/android/sdk/platforms/android-36-ext19/data/res/values-mcc311-mnc180-as: Cannot change mode to rwxr-xr-x: Operation not permitted
build	Cache Android SDK	2026-06-06T12:22:49.7021306Z /usr/bin/tar: ../../../../../usr/local/lib/android/sdk/platforms/android-36-ext19/data/res/values-zh-rHK-watch: Cannot utime: Operation not permitted
build	Cache Android SDK	2026-06-06T12:22:49.7022281Z /usr/bin/tar: ../../../../../usr/local/lib/android/sdk/platforms/android-36-ext19/data/res/values-zh-rHK-watch: Cannot change mode to rwxr-xr-x: Operation not permitted
build	Cache Android SDK	2026-06-06T12:22:49.7024645Z /usr/bin/tar: ../../../../../usr/local/lib/android/sdk/platforms/android-36-ext19/data/res/values-mcc310-mnc560-tl: Cannot utime: Operation not permitted
build	Cache Android SDK	2026-06-06T12:22:49.7025804Z /usr/bin/tar: ../../../../../usr/local/lib/android/sdk/platforms/android-36-ext19/data/res/values-mcc310-mnc560-tl: Cannot change mode to rwxr-xr-x: Operation not permitted
build	Cache Android SDK	2026-06-06T12:22:49.7028546Z /usr/bin/tar: ../../../../../usr/local/lib/android/sdk/platforms/android-36-ext19/data/res/values-mcc310-mnc210-es-rUS: Cannot utime: Operation not permitted
build	Cache Android SDK	2026-06-06T12:22:49.7029840Z /usr/bin/tar: ../../../../../usr/local/lib/android/sdk/platforms/android-36-ext19/data/res/values-mcc310-mnc210-es-rUS: Cannot change mode to rwxr-xr-x: Operation not permitted
build	Cache Android SDK	2026-06-06T12:22:49.7032757Z /usr/bin/tar: ../../../../../usr/local/lib/android/sdk/platforms/android-36-ext19/data/res/values-mcc312-mnc670-b+sr+Latn: Cannot utime: Operation not permitted
build	Cache Android SDK	2026-06-06T12:22:49.7033929Z /usr/bin/tar: ../../../../../usr/local/lib/android/sdk/platforms/android-36-ext19/data/res/values-mcc312-mnc670-b+sr+Latn: Cannot change mode to rwxr-xr-x: Operation not permitted
build	Cache Android SDK	2026-06-06T12:22:49.7035784Z /usr/bin/tar: ../../../../../usr/local/lib/android/sdk/platforms/android-36-ext19/data/res/values-mcc310-mnc210-tr: Cannot utime: Operation not permitted
build	Cache Android SDK	2026-06-06T12:22:49.7036786Z /usr/bin/tar: ../../../../../usr/local/lib/android/sdk/platforms/android-36-ext19/data/res/values-mcc310-mnc210-tr: Cannot change mode to rwxr-xr-x: Operation not permitted
build	Cache Android SDK	2026-06-06T12:22:49.7039465Z /usr/bin/tar: ../../../../../usr/local/lib/android/sdk/platforms/android-36-ext19/data/res/values-mcc302-mnc720-iw: Cannot utime: Operation not permitted
build	Cache Android SDK	2026-06-06T12:22:49.7040693Z /usr/bin/tar: ../../../../../usr/local/lib/android/sdk/platforms/android-36-ext19/data/res/values-mcc302-mnc720-iw: Cannot change mode to rwxr-xr-x: Operation not permitted
build	Cache Android SDK	2026-06-06T12:22:49.7042223Z /usr/bin/tar: ../../../../../usr/local/lib/android/sdk/platforms/android-36-ext19/data/res/values-mcc310-mnc230-eu: Cannot utime: Operation not permitted
build	Cache Android SDK	2026-06-06T12:22:49.7043178Z /usr/bin/tar: ../../../../../usr/local/lib/android/sdk/platforms/android-36-ext19/data/res/values-mcc310-mnc230-eu: Cannot change mode to rwxr-xr-x: Operation not permitted
build	Cache Android SDK	2026-06-06T12:22:49.7045612Z /usr/bin/tar: ../../../../../usr/local/lib/android/sdk/platforms/android-36-ext19/data/res/values-mcc310-mnc160-ar: Cannot utime: Operation not permitted
build	Cache Android SDK	2026-06-06T12:22:49.7046569Z /usr/bin/tar: ../../../../../usr/local/lib/android/sdk/platforms/android-36-ext19/data/res/values-mcc310-mnc160-ar: Cannot change mode to rwxr-xr-x: Operation not permitted
build	Cache Android SDK	2026-06-06T12:22:49.7049088Z /usr/bin/tar: ../../../../../usr/local/lib/android/sdk/platforms/android-36-ext19/data/res/values-cs-watch: Cannot utime: Operation not permitted
build	Cache Android SDK	2026-06-06T12:22:49.7050019Z /usr/bin/tar: ../../../../../usr/local/lib/android/sdk/platforms/android-36-ext19/data/res/values-cs-watch: Cannot change mode to rwxr-xr-x: Operation not permitted
build	Cache Android SDK	2026-06-06T12:22:49.7052678Z /usr/bin/tar: ../../../../../usr/local/lib/android/sdk/platforms/android-36-ext19/data/res/values-mcc302-mnc720-en-rCA: Cannot utime: Operation not permitted
build	Cache Android SDK	2026-06-06T12:22:49.7054048Z /usr/bin/tar: ../../../../../usr/local/lib/android/sdk/platforms/android-36-ext19/data/res/values-mcc302-mnc720-en-rCA: Cannot change mode to rwxr-xr-x: Operation not permitted
build	Cache Android SDK	2026-06-06T12:22:49.7060362Z /usr/bin/tar: ../../../../../usr/local/lib/android/sdk/platforms/android-36-ext19/data/res/values-ml: Cannot utime: Operation not permitted
build	Cache Android SDK	2026-06-06T12:22:49.7061408Z /usr/bin/tar: ../../../../../usr/local/lib/android/sdk/platforms/android-36-ext19/data/res/values-ml: Cannot change mode to rwxr-xr-x: Operation not permitted
build	Cache Android SDK	2026-06-06T12:22:49.7063308Z /usr/bin/tar: ../../../../../usr/local/lib/android/sdk/platforms/android-36-ext19/data/res/values-mcc310-mnc150-my: Cannot utime: Operation not permitted
build	Cache Android SDK	2026-06-06T12:22:49.7064268Z /usr/bin/tar: ../../../../../usr/local/lib/android/sdk/platforms/android-36-ext19/data/res/values-mcc310-mnc150-my: Cannot change mode to rwxr-xr-x: Operation not permitted
build	Cache Android SDK	2026-06-06T12:22:49.7066488Z /usr/bin/tar: ../../../../../usr/local/lib/android/sdk/platforms/android-36-ext19/data/res/values-pt-rBR-television: Cannot utime: Operation not permitted
build	Cache Android SDK	2026-06-06T12:22:49.7067657Z /usr/bin/tar: ../../../../../usr/local/lib/android/sdk/platforms/android-36-ext19/data/res/values-pt-rBR-television: Cannot change mode to rwxr-xr-x: Operation not permitted
build	Cache Android SDK	2026-06-06T12:22:49.7069579Z /usr/bin/tar: ../../../../../usr/local/lib/android/sdk/platforms/android-36-ext19/data/res/values-mcc310-mnc030-af: Cannot utime: Operation not permitted
build	Cache Android SDK	2026-06-06T12:22:49.7070545Z /usr/bin/tar: ../../../../../usr/local/lib/android/sdk/platforms/android-36-ext19/data/res/values-mcc310-mnc030-af: Cannot change mode to rwxr-xr-x: Operation not permitted
build	Cache Android SDK	2026-06-06T12:22:49.7073421Z /usr/bin/tar: ../../../../../usr/local/lib/android/sdk/platforms/android-36-ext19/data/res/values-mcc310-mnc280-ar: Cannot utime: Operation not permitted
build	Cache Android SDK	2026-06-06T12:22:49.7075160Z /usr/bin/tar: ../../../../../usr/local/lib/android/sdk/platforms/android-36-ext19/data/res/values-mcc310-mnc280-ar: Cannot change mode to rwxr-xr-x: Operation not permitted
build	Cache Android SDK	2026-06-06T12:22:49.7076985Z /usr/bin/tar: ../../../../../usr/local/lib/android/sdk/platforms/android-36-ext19/data/res/values-mcc310-mnc160-bg: Cannot utime: Operation not permitted
build	Cache Android SDK	2026-06-06T12:22:49.7078105Z /usr/bin/tar: ../../../../../usr/local/lib/android/sdk/platforms/android-36-ext19/data/res/values-mcc310-mnc160-bg: Cannot change mode to rwxr-xr-x: Operation not permitted
build	Cache Android SDK	2026-06-06T12:22:49.7080778Z /usr/bin/tar: ../../../../../usr/local/lib/android/sdk/platforms/android-36-ext19/data/res/values-ml-watch: Cannot utime: Operation not permitted
build	Cache Android SDK	2026-06-06T12:22:49.7081700Z /usr/bin/tar: ../../../../../usr/local/lib/android/sdk/platforms/android-36-ext19/data/res/values-ml-watch: Cannot change mode to rwxr-xr-x: Operation not permitted
build	Cache Android SDK	2026-06-06T12:22:49.7084387Z /usr/bin/tar: ../../../../../usr/local/lib/android/sdk/platforms/android-36-ext19/data/res/values-mcc310-mnc210-ur: Cannot utime: Operation not permitted
build	Cache Android SDK	2026-06-06T12:22:49.7085351Z /usr/bin/tar: ../../../../../usr/local/lib/android/sdk/platforms/android-36-ext19/data/res/values-mcc310-mnc210-ur: Cannot change mode to rwxr-xr-x: Operation not permitted
build	Cache Android SDK	2026-06-06T12:22:49.7089496Z /usr/bin/tar: ../../../../../usr/local/lib/android/sdk/platforms/android-36-ext19/data/res/values-mcc310-mnc240-hr: Cannot utime: Operation not permitted
build	Cache Android SDK	2026-06-06T12:22:49.7090542Z /usr/bin/tar: ../../../../../usr/local/lib/android/sdk/platforms/android-36-ext19/data/res/values-mcc310-mnc240-hr: Cannot change mode to rwxr-xr-x: Operation not permitted
build	Cache Android SDK	2026-06-06T12:22:49.7091734Z /usr/bin/tar: ../../../../../usr/local/lib/android/sdk/platforms/android-36-ext19/data/res/values-mcc310-mnc160-en-rGB: Cannot utime: Operation not permitted
build	Cache Android SDK	2026-06-06T12:22:49.7092740Z /usr/bin/tar: ../../../../../usr/local/lib/android/sdk/platforms/android-36-ext19/data/res/values-mcc310-mnc160-en-rGB: Cannot change mode to rwxr-xr-x: Operation not permitted
build	Cache Android SDK	2026-06-06T12:22:49.7098289Z /usr/bin/tar: ../../../../../usr/local/lib/android/sdk/platforms/android-36-ext19/data/res/values-fr-rCA-watch: Cannot utime: Operation not permitted
build	Cache Android SDK	2026-06-06T12:22:49.7099236Z /usr/bin/tar: ../../../../../usr/local/lib/android/sdk/platforms/android-36-ext19/data/res/values-fr-rCA-watch: Cannot change mode to rwxr-xr-x: Operation not permitted
build	Cache Android SDK	2026-06-06T12:22:49.7101097Z /usr/bin/tar: ../../../../../usr/local/lib/android/sdk/platforms/android-36-ext19/data/res/values-mcc310-mnc560-es-rUS: Cannot utime: Operation not permitted
build	Cache Android SDK	2026-06-06T12:22:49.7102068Z /usr/bin/tar: ../../../../../usr/local/lib/android/sdk/platforms/android-36-ext19/data/res/values-mcc310-mnc560-es-rUS: Cannot change mode to rwxr-xr-x: Operation not permitted
build	Cache Android SDK	2026-06-06T12:22:49.7104779Z /usr/bin/tar: ../../../../../usr/local/lib/android/sdk/platforms/android-36-ext19/data/res/values-mcc310-mnc300: Cannot utime: Operation not permitted
build	Cache Android SDK	2026-06-06T12:22:49.7105863Z /usr/bin/tar: ../../../../../usr/local/lib/android/sdk/platforms/android-36-ext19/data/res/values-mcc310-mnc300: Cannot change mode to rwxr-xr-x: Operation not permitted
build	Cache Android SDK	2026-06-06T12:22:49.7108426Z /usr/bin/tar: ../../../../../usr/local/lib/android/sdk/platforms/android-36-ext19/data/res/values-mcc310-mnc310-gu: Cannot utime: Operation not permitted
build	Cache Android SDK	2026-06-06T12:22:49.7109377Z /usr/bin/tar: ../../../../../usr/local/lib/android/sdk/platforms/android-36-ext19/data/res/values-mcc310-mnc310-gu: Cannot change mode to rwxr-xr-x: Operation not permitted
build	Cache Android SDK	2026-06-06T12:22:49.7111471Z /usr/bin/tar: ../../../../../usr/local/lib/android/sdk/platforms/android-36-ext19/data/res/values-mcc310-mnc560-en-rIN: Cannot utime: Operation not permitted
build	Cache Android SDK	2026-06-06T12:22:49.7112453Z /usr/bin/tar: ../../../../../usr/local/lib/android/sdk/platforms/android-36-ext19/data/res/values-mcc310-mnc560-en-rIN: Cannot change mode to rwxr-xr-x: Operation not permitted
build	Cache Android SDK	2026-06-06T12:22:49.7114660Z /usr/bin/tar: ../../../../../usr/local/lib/android/sdk/platforms/android-36-ext19/data/res/values-mcc310-mnc280-da: Cannot utime: Operation not permitted
build	Cache Android SDK	2026-06-06T12:22:49.7115689Z /usr/bin/tar: ../../../../../usr/local/lib/android/sdk/platforms/android-36-ext19/data/res/values-mcc310-mnc280-da: Cannot change mode to rwxr-xr-x: Operation not permitted
build	Cache Android SDK	2026-06-06T12:22:49.7118140Z /usr/bin/tar: ../../../../../usr/local/lib/android/sdk/platforms/android-36-ext19/data/res/values-mcc311-mnc180-fr: Cannot utime: Operation not permitted
build	Cache Android SDK	2026-06-06T12:22:49.7119084Z /usr/bin/tar: ../../../../../usr/local/lib/android/sdk/platforms/android-36-ext19/data/res/values-mcc311-mnc180-fr: Cannot change mode to rwxr-xr-x: Operation not permitted
build	Cache Android SDK	2026-06-06T12:22:49.7121267Z /usr/bin/tar: ../../../../../usr/local/lib/android/sdk/platforms/android-36-ext19/data/res/values-mcc310-mnc310-ms: Cannot utime: Operation not permitted
build	Cache Android SDK	2026-06-06T12:22:49.7122230Z /usr/bin/tar: ../../../../../usr/local/lib/android/sdk/platforms/android-36-ext19/data/res/values-mcc310-mnc310-ms: Cannot change mode to rwxr-xr-x: Operation not permitted
build	Cache Android SDK	2026-06-06T12:22:49.7124312Z /usr/bin/tar: ../../../../../usr/local/lib/android/sdk/platforms/android-36-ext19/data/res/values-mcc310-mnc170-te: Cannot utime: Operation not permitted
build	Cache Android SDK	2026-06-06T12:22:49.7125338Z /usr/bin/tar: ../../../../../usr/local/lib/android/sdk/platforms/android-36-ext19/data/res/values-mcc310-mnc170-te: Cannot change mode to rwxr-xr-x: Operation not permitted
build	Cache Android SDK	2026-06-06T12:22:49.7127524Z /usr/bin/tar: ../../../../../usr/local/lib/android/sdk/platforms/android-36-ext19/data/res/values-mcc001-mnc01-te: Cannot utime: Operation not permitted
build	Cache Android SDK	2026-06-06T12:22:49.7128626Z /usr/bin/tar: ../../../../../usr/local/lib/android/sdk/platforms/android-36-ext19/data/res/values-mcc001-mnc01-te: Cannot change mode to rwxr-xr-x: Operation not permitted
build	Cache Android SDK	2026-06-06T12:22:49.7141559Z /usr/bin/tar: ../../../../../usr/local/lib/android/sdk/platforms/android-36-ext19/data/res/values-mcc310-mnc310-mr: Cannot utime: Operation not permitted
build	Cache Android SDK	2026-06-06T12:22:49.7142870Z /usr/bin/tar: ../../../../../usr/local/lib/android/sdk/platforms/android-36-ext19/data/res/values-mcc310-mnc310-mr: Cannot change mode to rwxr-xr-x: Operation not permitted
build	Cache Android SDK	2026-06-06T12:22:49.7144011Z /usr/bin/tar: ../../../../../usr/local/lib/android/sdk/platforms/android-36-ext19/data/res/values-mcc310-mnc660-tr: Cannot utime: Operation not permitted
build	Cache Android SDK	2026-06-06T12:22:49.7145024Z /usr/bin/tar: ../../../../../usr/local/lib/android/sdk/platforms/android-36-ext19/data/res/values-mcc310-mnc660-tr: Cannot change mode to rwxr-xr-x: Operation not permitted
build	Cache Android SDK	2026-06-06T12:22:49.7146029Z /usr/bin/tar: ../../../../../usr/local/lib/android/sdk/platforms/android-36-ext19/data/res/values-mcc302-mnc370-iw: Cannot utime: Operation not permitted
build	Cache Android SDK	2026-06-06T12:22:49.7147029Z /usr/bin/tar: ../../../../../usr/local/lib/android/sdk/platforms/android-36-ext19/data/res/values-mcc302-mnc370-iw: Cannot change mode to rwxr-xr-x: Operation not permitted
build	Cache Android SDK	2026-06-06T12:22:49.7148445Z /usr/bin/tar: ../../../../../usr/local/lib/android/sdk/platforms/android-36-ext19/data/res/values-mcc334-mnc020-tr: Cannot utime: Operation not permitted
build	Cache Android SDK	2026-06-06T12:22:49.7149592Z /usr/bin/tar: ../../../../../usr/local/lib/android/sdk/platforms/android-36-ext19/data/res/values-mcc334-mnc020-tr: Cannot change mode to rwxr-xr-x: Operation not permitted
build	Cache Android SDK	2026-06-06T12:22:49.7150547Z /usr/bin/tar: ../../../../../usr/local/lib/android/sdk/platforms/android-36-ext19/data/res/values-mcc310-mnc030-in: Cannot utime: Operation not permitted
build	Cache Android SDK	2026-06-06T12:22:49.7151650Z /usr/bin/tar: ../../../../../usr/local/lib/android/sdk/platforms/android-36-ext19/data/res/values-mcc310-mnc030-in: Cannot change mode to rwxr-xr-x: Operation not permitted
build	Cache Android SDK	2026-06-06T12:22:49.7152697Z /usr/bin/tar: ../../../../../usr/local/lib/android/sdk/platforms/android-36-ext19/data/res/values-mcc310-mnc310-ne: Cannot utime: Operation not permitted
build	Cache Android SDK	2026-06-06T12:22:49.7153643Z /usr/bin/tar: ../../../../../usr/local/lib/android/sdk/platforms/android-36-ext19/data/res/values-mcc310-mnc310-ne: Cannot change mode to rwxr-xr-x: Operation not permitted
build	Cache Android SDK	2026-06-06T12:22:49.7154801Z /usr/bin/tar: ../../../../../usr/local/lib/android/sdk/platforms/android-36-ext19/data/res/values-mcc310-mnc240-de: Cannot utime: Operation not permitted
build	Cache Android SDK	2026-06-06T12:22:49.7155875Z /usr/bin/tar: ../../../../../usr/local/lib/android/sdk/platforms/android-36-ext19/data/res/values-mcc310-mnc240-de: Cannot change mode to rwxr-xr-x: Operation not permitted
build	Cache Android SDK	2026-06-06T12:22:49.7156809Z /usr/bin/tar: ../../../../../usr/local/lib/android/sdk/platforms/android-36-ext19/data/res/values-mcc310-mnc490-bn: Cannot utime: Operation not permitted
build	Cache Android SDK	2026-06-06T12:22:49.7157951Z /usr/bin/tar: ../../../../../usr/local/lib/android/sdk/platforms/android-36-ext19/data/res/values-mcc310-mnc490-bn: Cannot change mode to rwxr-xr-x: Operation not permitted
build	Cache Android SDK	2026-06-06T12:22:49.7158999Z /usr/bin/tar: ../../../../../usr/local/lib/android/sdk/platforms/android-36-ext19/data/res/values-mcc310-mnc280-sq: Cannot utime: Operation not permitted
build	Cache Android SDK	2026-06-06T12:22:49.7159947Z /usr/bin/tar: ../../../../../usr/local/lib/android/sdk/platforms/android-36-ext19/data/res/values-mcc310-mnc280-sq: Cannot change mode to rwxr-xr-x: Operation not permitted
build	Cache Android SDK	2026-06-06T12:22:49.7161134Z /usr/bin/tar: ../../../../../usr/local/lib/android/sdk/platforms/android-36-ext19/data/res/values-mcc310-mnc380-si: Cannot utime: Operation not permitted
build	Cache Android SDK	2026-06-06T12:22:49.7162160Z /usr/bin/tar: ../../../../../usr/local/lib/android/sdk/platforms/android-36-ext19/data/res/values-mcc310-mnc380-si: Cannot change mode to rwxr-xr-x: Operation not permitted
build	Cache Android SDK	2026-06-06T12:22:49.7163188Z /usr/bin/tar: ../../../../../usr/local/lib/android/sdk/platforms/android-36-ext19/data/res/values-mcc313-mnc100-zh-rTW: Cannot utime: Operation not permitted
build	Cache Android SDK	2026-06-06T12:22:49.7164312Z /usr/bin/tar: ../../../../../usr/local/lib/android/sdk/platforms/android-36-ext19/data/res/values-mcc313-mnc100-zh-rTW: Cannot change mode to rwxr-xr-x: Operation not permitted
build	Cache Android SDK	2026-06-06T12:22:49.7165305Z /usr/bin/tar: ../../../../../usr/local/lib/android/sdk/platforms/android-36-ext19/data/res/values-mcc310-mnc250-pt-rBR: Cannot utime: Operation not permitted
build	Cache Android SDK	2026-06-06T12:22:49.7166412Z /usr/bin/tar: ../../../../../usr/local/lib/android/sdk/platforms/android-36-ext19/data/res/values-mcc310-mnc250-pt-rBR: Cannot change mode to rwxr-xr-x: Operation not permitted
build	Cache Android SDK	2026-06-06T12:22:49.7167881Z /usr/bin/tar: ../../../../../usr/local/lib/android/sdk/platforms/android-36-ext19/data/res/values-mcc310-mnc310-kn: Cannot utime: Operation not permitted
build	Cache Android SDK	2026-06-06T12:22:49.7168835Z /usr/bin/tar: ../../../../../usr/local/lib/android/sdk/platforms/android-36-ext19/data/res/values-mcc310-mnc310-kn: Cannot change mode to rwxr-xr-x: Operation not permitted
build	Cache Android SDK	2026-06-06T12:22:49.7172040Z /usr/bin/tar: ../../../../../usr/local/lib/android/sdk/platforms/android-36-ext19/data/res/values-mcc310-mnc230-sk: Cannot utime: Operation not permitted
build	Cache Android SDK	2026-06-06T12:22:49.7173189Z /usr/bin/tar: ../../../../../usr/local/lib/android/sdk/platforms/android-36-ext19/data/res/values-mcc310-mnc230-sk: Cannot change mode to rwxr-xr-x: Operation not permitted
build	Cache Android SDK	2026-06-06T12:22:49.7175351Z /usr/bin/tar: ../../../../../usr/local/lib/android/sdk/platforms/android-36-ext19/data/res/values-mcc310-mnc800-ne: Cannot utime: Operation not permitted
build	Cache Android SDK	2026-06-06T12:22:49.7176310Z /usr/bin/tar: ../../../../../usr/local/lib/android/sdk/platforms/android-36-ext19/data/res/values-mcc310-mnc800-ne: Cannot change mode to rwxr-xr-x: Operation not permitted
build	Cache Android SDK	2026-06-06T12:22:49.7178172Z /usr/bin/tar: ../../../../../usr/local/lib/android/sdk/platforms/android-36-ext19/data/res/values-mcc310-mnc220-mk: Cannot utime: Operation not permitted
build	Cache Android SDK	2026-06-06T12:22:49.7179259Z /usr/bin/tar: ../../../../../usr/local/lib/android/sdk/platforms/android-36-ext19/data/res/values-mcc310-mnc220-mk: Cannot change mode to rwxr-xr-x: Operation not permitted
build	Cache Android SDK	2026-06-06T12:22:49.7181832Z /usr/bin/tar: ../../../../../usr/local/lib/android/sdk/platforms/android-36-ext19/data/res/values-mcc312-mnc670-lt: Cannot utime: Operation not permitted
build	Cache Android SDK	2026-06-06T12:22:49.7182921Z /usr/bin/tar: ../../../../../usr/local/lib/android/sdk/platforms/android-36-ext19/data/res/values-mcc312-mnc670-lt: Cannot change mode to rwxr-xr-x: Operation not permitted
build	Cache Android SDK	2026-06-06T12:22:49.7185174Z /usr/bin/tar: ../../../../../usr/local/lib/android/sdk/platforms/android-36-ext19/data/res/values-mcc310-mnc950-fi: Cannot utime: Operation not permitted
build	Cache Android SDK	2026-06-06T12:22:49.7186137Z /usr/bin/tar: ../../../../../usr/local/lib/android/sdk/platforms/android-36-ext19/data/res/values-mcc310-mnc950-fi: Cannot change mode to rwxr-xr-x: Operation not permitted
build	Cache Android SDK	2026-06-06T12:22:49.7188766Z /usr/bin/tar: ../../../../../usr/local/lib/android/sdk/platforms/android-36-ext19/data/res/values-mcc302-mnc720-zh-rTW: Cannot utime: Operation not permitted
build	Cache Android SDK	2026-06-06T12:22:49.7189745Z /usr/bin/tar: ../../../../../usr/local/lib/android/sdk/platforms/android-36-ext19/data/res/values-mcc302-mnc720-zh-rTW: Cannot change mode to rwxr-xr-x: Operation not permitted
build	Cache Android SDK	2026-06-06T12:22:49.7192152Z /usr/bin/tar: ../../../../../usr/local/lib/android/sdk/platforms/android-36-ext19/data/res/values-mcc302-mnc370-te: Cannot utime: Operation not permitted
build	Cache Android SDK	2026-06-06T12:22:49.7193104Z /usr/bin/tar: ../../../../../usr/local/lib/android/sdk/platforms/android-36-ext19/data/res/values-mcc302-mnc370-te: Cannot change mode to rwxr-xr-x: Operation not permitted
build	Cache Android SDK	2026-06-06T12:22:49.7198764Z /usr/bin/tar: ../../../../../usr/local/lib/android/sdk/platforms/android-36-ext19/data/res/values-ms: Cannot utime: Operation not permitted
build	Cache Android SDK	2026-06-06T12:22:49.7199651Z /usr/bin/tar: ../../../../../usr/local/lib/android/sdk/platforms/android-36-ext19/data/res/values-ms: Cannot change mode to rwxr-xr-x: Operation not permitted
build	Cache Android SDK	2026-06-06T12:22:49.7201949Z /usr/bin/tar: ../../../../../usr/local/lib/android/sdk/platforms/android-36-ext19/data/res/values-mcc310-mnc270-pt: Cannot utime: Operation not permitted
build	Cache Android SDK	2026-06-06T12:22:49.7203039Z /usr/bin/tar: ../../../../../usr/local/lib/android/sdk/platforms/android-36-ext19/data/res/values-mcc310-mnc270-pt: Cannot change mode to rwxr-xr-x: Operation not permitted
build	Cache Android SDK	2026-06-06T12:22:49.7204997Z /usr/bin/tar: ../../../../../usr/local/lib/android/sdk/platforms/android-36-ext19/data/res/values-mcc310-mnc310-kk: Cannot utime: Operation not permitted
build	Cache Android SDK	2026-06-06T12:22:49.7205938Z /usr/bin/tar: ../../../../../usr/local/lib/android/sdk/platforms/android-36-ext19/data/res/values-mcc310-mnc310-kk: Cannot change mode to rwxr-xr-x: Operation not permitted
build	Cache Android SDK	2026-06-06T12:22:49.7208956Z /usr/bin/tar: ../../../../../usr/local/lib/android/sdk/platforms/android-36-ext19/data/res/raw-pt-rBR: Cannot utime: Operation not permitted
build	Cache Android SDK	2026-06-06T12:22:49.7209824Z /usr/bin/tar: ../../../../../usr/local/lib/android/sdk/platforms/android-36-ext19/data/res/raw-pt-rBR: Cannot change mode to rwxr-xr-x: Operation not permitted
build	Cache Android SDK	2026-06-06T12:22:49.7212410Z /usr/bin/tar: ../../../../../usr/local/lib/android/sdk/platforms/android-36-ext19/data/res/values-mcc310-mnc160-fi: Cannot utime: Operation not permitted
build	Cache Android SDK	2026-06-06T12:22:49.7213348Z /usr/bin/tar: ../../../../../usr/local/lib/android/sdk/platforms/android-36-ext19/data/res/values-mcc310-mnc160-fi: Cannot change mode to rwxr-xr-x: Operation not permitted
build	Cache Android SDK	2026-06-06T12:22:49.7215594Z /usr/bin/tar: ../../../../../usr/local/lib/android/sdk/platforms/android-36-ext19/data/res/values-mcc310-mnc950-da: Cannot utime: Operation not permitted
build	Cache Android SDK	2026-06-06T12:22:49.7216544Z /usr/bin/tar: ../../../../../usr/local/lib/android/sdk/platforms/android-36-ext19/data/res/values-mcc310-mnc950-da: Cannot change mode to rwxr-xr-x: Operation not permitted
build	Cache Android SDK	2026-06-06T12:22:49.7218987Z /usr/bin/tar: ../../../../../usr/local/lib/android/sdk/platforms/android-36-ext19/data/res/values-mcc310-mnc220-fi: Cannot utime: Operation not permitted
build	Cache Android SDK	2026-06-06T12:22:49.7219930Z /usr/bin/tar: ../../../../../usr/local/lib/android/sdk/platforms/android-36-ext19/data/res/values-mcc310-mnc220-fi: Cannot change mode to rwxr-xr-x: Operation not permitted
build	Cache Android SDK	2026-06-06T12:22:49.7222821Z /usr/bin/tar: ../../../../../usr/local/lib/android/sdk/platforms/android-36-ext19/data/res/values-mcc310-mnc210-it: Cannot utime: Operation not permitted
build	Cache Android SDK	2026-06-06T12:22:49.7223864Z /usr/bin/tar: ../../../../../usr/local/lib/android/sdk/platforms/android-36-ext19/data/res/values-mcc310-mnc210-it: Cannot change mode to rwxr-xr-x: Operation not permitted
build	Cache Android SDK	2026-06-06T12:22:49.7225929Z /usr/bin/tar: ../../../../../usr/local/lib/android/sdk/platforms/android-36-ext19/data/res/values-mcc310-mnc490-lt: Cannot utime: Operation not permitted
build	Cache Android SDK	2026-06-06T12:22:49.7226863Z /usr/bin/tar: ../../../../../usr/local/lib/android/sdk/platforms/android-36-ext19/data/res/values-mcc310-mnc490-lt: Cannot change mode to rwxr-xr-x: Operation not permitted
build	Cache Android SDK	2026-06-06T12:22:49.7229322Z /usr/bin/tar: ../../../../../usr/local/lib/android/sdk/platforms/android-36-ext19/data/res/values-mcc310-mnc220-bg: Cannot utime: Operation not permitted
build	Cache Android SDK	2026-06-06T12:22:49.7230261Z /usr/bin/tar: ../../../../../usr/local/lib/android/sdk/platforms/android-36-ext19/data/res/values-mcc310-mnc220-bg: Cannot change mode to rwxr-xr-x: Operation not permitted
build	Cache Android SDK	2026-06-06T12:22:49.7232448Z /usr/bin/tar: ../../../../../usr/local/lib/android/sdk/platforms/android-36-ext19/data/res/values-mcc334-mnc020-ms: Cannot utime: Operation not permitted
build	Cache Android SDK	2026-06-06T12:22:49.7233467Z /usr/bin/tar: ../../../../../usr/local/lib/android/sdk/platforms/android-36-ext19/data/res/values-mcc334-mnc020-ms: Cannot change mode to rwxr-xr-x: Operation not permitted
build	Cache Android SDK	2026-06-06T12:22:49.7235614Z /usr/bin/tar: ../../../../../usr/local/lib/android/sdk/platforms/android-36-ext19/data/res/values-mcc310-mnc950-or: Cannot utime: Operation not permitted
build	Cache Android SDK	2026-06-06T12:22:49.7236568Z /usr/bin/tar: ../../../../../usr/local/lib/android/sdk/platforms/android-36-ext19/data/res/values-mcc310-mnc950-or: Cannot change mode to rwxr-xr-x: Operation not permitted
build	Cache Android SDK	2026-06-06T12:22:49.7240122Z /usr/bin/tar: ../../../../../usr/local/lib/android/sdk/platforms/android-36-ext19/data/res/values-mcc310-mnc800-eu: Cannot utime: Operation not permitted
build	Cache Android SDK	2026-06-06T12:22:49.7241156Z /usr/bin/tar: ../../../../../usr/local/lib/android/sdk/platforms/android-36-ext19/data/res/values-mcc310-mnc800-eu: Cannot change mode to rwxr-xr-x: Operation not permitted
build	Cache Android SDK	2026-06-06T12:22:49.7244271Z /usr/bin/tar: ../../../../../usr/local/lib/android/sdk/platforms/android-36-ext19/data/res/values-mcc310-mnc030-lv: Cannot utime: Operation not permitted
build	Cache Android SDK	2026-06-06T12:22:49.7245388Z /usr/bin/tar: ../../../../../usr/local/lib/android/sdk/platforms/android-36-ext19/data/res/values-mcc310-mnc030-lv: Cannot change mode to rwxr-xr-x: Operation not permitted
build	Cache Android SDK	2026-06-06T12:22:49.7251210Z /usr/bin/tar: ../../../../../usr/local/lib/android/sdk/platforms/android-36-ext19/data/res/values-mcc311-mnc180-da: Cannot utime: Operation not permitted
build	Cache Android SDK	2026-06-06T12:22:49.7252290Z /usr/bin/tar: ../../../../../usr/local/lib/android/sdk/platforms/android-36-ext19/data/res/values-mcc311-mnc180-da: Cannot change mode to rwxr-xr-x: Operation not permitted
build	Cache Android SDK	2026-06-06T12:22:49.7253999Z /usr/bin/tar: ../../../../../usr/local/lib/android/sdk/platforms/android-36-ext19/data/res/values-mcc310-mnc210-my: Cannot utime: Operation not permitted
build	Cache Android SDK	2026-06-06T12:22:49.7255268Z /usr/bin/tar: ../../../../../usr/local/lib/android/sdk/platforms/android-36-ext19/data/res/values-mcc310-mnc210-my: Cannot change mode to rwxr-xr-x: Operation not permitted
build	Cache Android SDK	2026-06-06T12:22:49.7258082Z /usr/bin/tar: ../../../../../usr/local/lib/android/sdk/platforms/android-36-ext19/data/res/values-mcc310-mnc660: Cannot utime: Operation not permitted
build	Cache Android SDK	2026-06-06T12:22:49.7259037Z /usr/bin/tar: ../../../../../usr/local/lib/android/sdk/platforms/android-36-ext19/data/res/values-mcc310-mnc660: Cannot change mode to rwxr-xr-x: Operation not permitted
build	Cache Android SDK	2026-06-06T12:22:49.7262961Z /usr/bin/tar: ../../../../../usr/local/lib/android/sdk/platforms/android-36-ext19/data/res/values-mcc312-mnc670-eu: Cannot utime: Operation not permitted
build	Cache Android SDK	2026-06-06T12:22:49.7263912Z /usr/bin/tar: ../../../../../usr/local/lib/android/sdk/platforms/android-36-ext19/data/res/values-mcc312-mnc670-eu: Cannot change mode to rwxr-xr-x: Operation not permitted
build	Cache Android SDK	2026-06-06T12:22:49.7267907Z /usr/bin/tar: ../../../../../usr/local/lib/android/sdk/platforms/android-36-ext19/data/res/values-uk-television: Cannot utime: Operation not permitted
build	Cache Android SDK	2026-06-06T12:22:49.7268855Z /usr/bin/tar: ../../../../../usr/local/lib/android/sdk/platforms/android-36-ext19/data/res/values-uk-television: Cannot change mode to rwxr-xr-x: Operation not permitted
build	Cache Android SDK	2026-06-06T12:22:49.7270909Z /usr/bin/tar: ../../../../../usr/local/lib/android/sdk/platforms/android-36-ext19/data/res/values-mcc310-mnc950-en-rCA: Cannot utime: Operation not permitted
build	Cache Android SDK	2026-06-06T12:22:49.7271898Z /usr/bin/tar: ../../../../../usr/local/lib/android/sdk/platforms/android-36-ext19/data/res/values-mcc310-mnc950-en-rCA: Cannot change mode to rwxr-xr-x: Operation not permitted
build	Cache Android SDK	2026-06-06T12:22:49.7275538Z /usr/bin/tar: ../../../../../usr/local/lib/android/sdk/platforms/android-36-ext19/data/res/values-mcc310-mnc560-et: Cannot utime: Operation not permitted
build	Cache Android SDK	2026-06-06T12:22:49.7276501Z /usr/bin/tar: ../../../../../usr/local/lib/android/sdk/platforms/android-36-ext19/data/res/values-mcc310-mnc560-et: Cannot change mode to rwxr-xr-x: Operation not permitted
build	Cache Android SDK	2026-06-06T12:22:49.7279678Z /usr/bin/tar: ../../../../../usr/local/lib/android/sdk/platforms/android-36-ext19/data/res/values-mcc310-mnc560: Cannot utime: Operation not permitted
build	Cache Android SDK	2026-06-06T12:22:49.7280626Z /usr/bin/tar: ../../../../../usr/local/lib/android/sdk/platforms/android-36-ext19/data/res/values-mcc310-mnc560: Cannot change mode to rwxr-xr-x: Operation not permitted
build	Cache Android SDK	2026-06-06T12:22:49.7284719Z /usr/bin/tar: ../../../../../usr/local/lib/android/sdk/platforms/android-36-ext19/data/res/values-mcc310-mnc660-eu: Cannot utime: Operation not permitted
build	Cache Android SDK	2026-06-06T12:22:49.7285980Z /usr/bin/tar: ../../../../../usr/local/lib/android/sdk/platforms/android-36-ext19/data/res/values-mcc310-mnc660-eu: Cannot change mode to rwxr-xr-x: Operation not permitted
build	Cache Android SDK	2026-06-06T12:22:49.7288403Z /usr/bin/tar: ../../../../../usr/local/lib/android/sdk/platforms/android-36-ext19/data/res/values-mcc310-mnc150-uz: Cannot utime: Operation not permitted
build	Cache Android SDK	2026-06-06T12:22:49.7289200Z /usr/bin/tar: ../../../../../usr/local/lib/android/sdk/platforms/android-36-ext19/data/res/values-mcc310-mnc150-uz: Cannot change mode to rwxr-xr-x: Operation not permitted
build	Cache Android SDK	2026-06-06T12:22:49.7291237Z /usr/bin/tar: ../../../../../usr/local/lib/android/sdk/platforms/android-36-ext19/data/res/values-mcc302-mnc370-lo: Cannot utime: Operation not permitted
build	Cache Android SDK	2026-06-06T12:22:49.7291714Z /usr/bin/tar: ../../../../../usr/local/lib/android/sdk/platforms/android-36-ext19/data/res/values-mcc302-mnc370-lo: Cannot change mode to rwxr-xr-x: Operation not permitted
build	Cache Android SDK	2026-06-06T12:22:49.7294294Z /usr/bin/tar: ../../../../../usr/local/lib/android/sdk/platforms/android-36-ext19/data/res/values-mcc310-mnc380-tl: Cannot utime: Operation not permitted
build	Cache Android SDK	2026-06-06T12:22:49.7294779Z /usr/bin/tar: ../../../../../usr/local/lib/android/sdk/platforms/android-36-ext19/data/res/values-mcc310-mnc380-tl: Cannot change mode to rwxr-xr-x: Operation not permitted
build	Cache Android SDK	2026-06-06T12:22:49.7297718Z /usr/bin/tar: ../../../../../usr/local/lib/android/sdk/platforms/android-36-ext19/data/res/values-fi-rFI: Cannot utime: Operation not permitted
build	Cache Android SDK	2026-06-06T12:22:49.7298191Z /usr/bin/tar: ../../../../../usr/local/lib/android/sdk/platforms/android-36-ext19/data/res/values-fi-rFI: Cannot change mode to rwxr-xr-x: Operation not permitted
build	Cache Android SDK	2026-06-06T12:22:49.7300912Z /usr/bin/tar: ../../../../../usr/local/lib/android/sdk/platforms/android-36-ext19/data/res/values-mcc310-mnc280-vi: Cannot utime: Operation not permitted
build	Cache Android SDK	2026-06-06T12:22:49.7301379Z /usr/bin/tar: ../../../../../usr/local/lib/android/sdk/platforms/android-36-ext19/data/res/values-mcc310-mnc280-vi: Cannot change mode to rwxr-xr-x: Operation not permitted
build	Cache Android SDK	2026-06-06T12:22:49.7303954Z /usr/bin/tar: ../../../../../usr/local/lib/android/sdk/platforms/android-36-ext19/data/res/values-mcc310-mnc280-ru: Cannot utime: Operation not permitted
build	Cache Android SDK	2026-06-06T12:22:49.7304425Z /usr/bin/tar: ../../../../../usr/local/lib/android/sdk/platforms/android-36-ext19/data/res/values-mcc310-mnc280-ru: Cannot change mode to rwxr-xr-x: Operation not permitted
build	Cache Android SDK	2026-06-06T12:22:49.7307041Z /usr/bin/tar: ../../../../../usr/local/lib/android/sdk/platforms/android-36-ext19/data/res/values-mcc310-mnc800-in: Cannot utime: Operation not permitted
build	Cache Android SDK	2026-06-06T12:22:49.7307709Z /usr/bin/tar: ../../../../../usr/local/lib/android/sdk/platforms/android-36-ext19/data/res/values-mcc310-mnc800-in: Cannot change mode to rwxr-xr-x: Operation not permitted
build	Cache Android SDK	2026-06-06T12:22:49.7310264Z /usr/bin/tar: ../../../../../usr/local/lib/android/sdk/platforms/android-36-ext19/data/res/values-mcc310-mnc490-tr: Cannot utime: Operation not permitted
build	Cache Android SDK	2026-06-06T12:22:49.7310732Z /usr/bin/tar: ../../../../../usr/local/lib/android/sdk/platforms/android-36-ext19/data/res/values-mcc310-mnc490-tr: Cannot change mode to rwxr-xr-x: Operation not permitted
build	Cache Android SDK	2026-06-06T12:22:49.7313513Z /usr/bin/tar: ../../../../../usr/local/lib/android/sdk/platforms/android-36-ext19/data/res/values-mcc310-mnc380-bg: Cannot utime: Operation not permitted
build	Cache Android SDK	2026-06-06T12:22:49.7313981Z /usr/bin/tar: ../../../../../usr/local/lib/android/sdk/platforms/android-36-ext19/data/res/values-mcc310-mnc380-bg: Cannot change mode to rwxr-xr-x: Operation not permitted
build	Cache Android SDK	2026-06-06T12:22:49.7319303Z /usr/bin/tar: ../../../../../usr/local/lib/android/sdk/platforms/android-36-ext19/data/res/values-mcc302-mnc370-km: Cannot utime: Operation not permitted
build	Cache Android SDK	2026-06-06T12:22:49.7319773Z /usr/bin/tar: ../../../../../usr/local/lib/android/sdk/platforms/android-36-ext19/data/res/values-mcc302-mnc370-km: Cannot change mode to rwxr-xr-x: Operation not permitted
build	Cache Android SDK	2026-06-06T12:22:49.7325689Z /usr/bin/tar: ../../../../../usr/local/lib/android/sdk/platforms/android-36-ext19/data/res/values-mcc310-mnc170-si: Cannot utime: Operation not permitted
build	Cache Android SDK	2026-06-06T12:22:49.7326159Z /usr/bin/tar: ../../../../../usr/local/lib/android/sdk/platforms/android-36-ext19/data/res/values-mcc310-mnc170-si: Cannot change mode to rwxr-xr-x: Operation not permitted
build	Cache Android SDK	2026-06-06T12:22:49.7329268Z /usr/bin/tar: ../../../../../usr/local/lib/android/sdk/platforms/android-36-ext19/data/res/values-de-rLI: Cannot utime: Operation not permitted
build	Cache Android SDK	2026-06-06T12:22:49.7329706Z /usr/bin/tar: ../../../../../usr/local/lib/android/sdk/platforms/android-36-ext19/data/res/values-de-rLI: Cannot change mode to rwxr-xr-x: Operation not permitted
build	Cache Android SDK	2026-06-06T12:22:49.7333193Z /usr/bin/tar: ../../../../../usr/local/lib/android/sdk/platforms/android-36-ext19/data/res/values-mcc310-mnc200-pl: Cannot utime: Operation not permitted
build	Cache Android SDK	2026-06-06T12:22:49.7333662Z /usr/bin/tar: ../../../../../usr/local/lib/android/sdk/platforms/android-36-ext19/data/res/values-mcc310-mnc200-pl: Cannot change mode to rwxr-xr-x: Operation not permitted
build	Cache Android SDK	2026-06-06T12:22:49.7336921Z /usr/bin/tar: ../../../../../usr/local/lib/android/sdk/platforms/android-36-ext19/data/res/values-mcc001-mnc01-en-rCA: Cannot utime: Operation not permitted
build	Cache Android SDK	2026-06-06T12:22:49.7337614Z /usr/bin/tar: ../../../../../usr/local/lib/android/sdk/platforms/android-36-ext19/data/res/values-mcc001-mnc01-en-rCA: Cannot change mode to rwxr-xr-x: Operation not permitted
build	Cache Android SDK	2026-06-06T12:22:49.7339941Z /usr/bin/tar: ../../../../../usr/local/lib/android/sdk/platforms/android-36-ext19/data/res/values-mcc310-mnc170-tr: Cannot utime: Operation not permitted
build	Cache Android SDK	2026-06-06T12:22:49.7340407Z /usr/bin/tar: ../../../../../usr/local/lib/android/sdk/platforms/android-36-ext19/data/res/values-mcc310-mnc170-tr: Cannot change mode to rwxr-xr-x: Operation not permitted
build	Cache Android SDK	2026-06-06T12:22:49.7344953Z /usr/bin/tar: ../../../../../usr/local/lib/android/sdk/platforms/android-36-ext19/data/res/values-mcc310-mnc490-nl: Cannot utime: Operation not permitted
build	Cache Android SDK	2026-06-06T12:22:49.7345416Z /usr/bin/tar: ../../../../../usr/local/lib/android/sdk/platforms/android-36-ext19/data/res/values-mcc310-mnc490-nl: Cannot change mode to rwxr-xr-x: Operation not permitted
build	Cache Android SDK	2026-06-06T12:22:49.7348620Z /usr/bin/tar: ../../../../../usr/local/lib/android/sdk/platforms/android-36-ext19/data/res/values-mcc310-mnc030-ne: Cannot utime: Operation not permitted
build	Cache Android SDK	2026-06-06T12:22:49.7349164Z /usr/bin/tar: ../../../../../usr/local/lib/android/sdk/platforms/android-36-ext19/data/res/values-mcc310-mnc030-ne: Cannot change mode to rwxr-xr-x: Operation not permitted
build	Cache Android SDK	2026-06-06T12:22:49.7352125Z /usr/bin/tar: ../../../../../usr/local/lib/android/sdk/platforms/android-36-ext19/data/res/values-mcc310-mnc150-lo: Cannot utime: Operation not permitted
build	Cache Android SDK	2026-06-06T12:22:49.7352631Z /usr/bin/tar: ../../../../../usr/local/lib/android/sdk/platforms/android-36-ext19/data/res/values-mcc310-mnc150-lo: Cannot change mode to rwxr-xr-x: Operation not permitted
build	Cache Android SDK	2026-06-06T12:22:49.7354949Z /usr/bin/tar: ../../../../../usr/local/lib/android/sdk/platforms/android-36-ext19/data/res/values-mcc310-mnc800-iw: Cannot utime: Operation not permitted
build	Cache Android SDK	2026-06-06T12:22:49.7355420Z /usr/bin/tar: ../../../../../usr/local/lib/android/sdk/platforms/android-36-ext19/data/res/values-mcc310-mnc800-iw: Cannot change mode to rwxr-xr-x: Operation not permitted
build	Cache Android SDK	2026-06-06T12:22:49.7357970Z /usr/bin/tar: ../../../../../usr/local/lib/android/sdk/platforms/android-36-ext19/data/res/values-mcc310-mnc250-sq: Cannot utime: Operation not permitted
build	Cache Android SDK	2026-06-06T12:22:49.7358523Z /usr/bin/tar: ../../../../../usr/local/lib/android/sdk/platforms/android-36-ext19/data/res/values-mcc310-mnc250-sq: Cannot change mode to rwxr-xr-x: Operation not permitted
build	Cache Android SDK	2026-06-06T12:22:49.7361189Z /usr/bin/tar: ../../../../../usr/local/lib/android/sdk/platforms/android-36-ext19/data/res/values-mcc310-mnc150-ka: Cannot utime: Operation not permitted
build	Cache Android SDK	2026-06-06T12:22:49.7361655Z /usr/bin/tar: ../../../../../usr/local/lib/android/sdk/platforms/android-36-ext19/data/res/values-mcc310-mnc150-ka: Cannot change mode to rwxr-xr-x: Operation not permitted
build	Cache Android SDK	2026-06-06T12:22:49.7364213Z /usr/bin/tar: ../../../../../usr/local/lib/android/sdk/platforms/android-36-ext19/data/res/values-h320dp: Cannot utime: Operation not permitted
build	Cache Android SDK	2026-06-06T12:22:49.7364659Z /usr/bin/tar: ../../../../../usr/local/lib/android/sdk/platforms/android-36-ext19/data/res/values-h320dp: Cannot change mode to rwxr-xr-x: Operation not permitted
build	Cache Android SDK	2026-06-06T12:22:49.7369063Z /usr/bin/tar: ../../../../../usr/local/lib/android/sdk/platforms/android-36-ext19/data/res/values-television: Cannot utime: Operation not permitted
build	Cache Android SDK	2026-06-06T12:22:49.7369524Z /usr/bin/tar: ../../../../../usr/local/lib/android/sdk/platforms/android-36-ext19/data/res/values-television: Cannot change mode to rwxr-xr-x: Operation not permitted
build	Cache Android SDK	2026-06-06T12:22:49.7372347Z /usr/bin/tar: ../../../../../usr/local/lib/android/sdk/platforms/android-36-ext19/data/res/values-mcc310-mnc220-lt: Cannot utime: Operation not permitted
build	Cache Android SDK	2026-06-06T12:22:49.7372843Z /usr/bin/tar: ../../../../../usr/local/lib/android/sdk/platforms/android-36-ext19/data/res/values-mcc310-mnc220-lt: Cannot change mode to rwxr-xr-x: Operation not permitted
build	Cache Android SDK	2026-06-06T12:22:49.7375631Z /usr/bin/tar: ../../../../../usr/local/lib/android/sdk/platforms/android-36-ext19/data/res/values-mcc311-mnc180-en-rXC: Cannot utime: Operation not permitted
build	Cache Android SDK	2026-06-06T12:22:49.7376226Z /usr/bin/tar: ../../../../../usr/local/lib/android/sdk/platforms/android-36-ext19/data/res/values-mcc311-mnc180-en-rXC: Cannot change mode to rwxr-xr-x: Operation not permitted
build	Cache Android SDK	2026-06-06T12:22:49.7379440Z /usr/bin/tar: ../../../../../usr/local/lib/android/sdk/platforms/android-36-ext19/data/res/values-mcc310-mnc640: Cannot utime: Operation not permitted
build	Cache Android SDK	2026-06-06T12:22:49.7379914Z /usr/bin/tar: ../../../../../usr/local/lib/android/sdk/platforms/android-36-ext19/data/res/values-mcc310-mnc640: Cannot change mode to rwxr-xr-x: Operation not permitted
build	Cache Android SDK	2026-06-06T12:22:49.7382233Z /usr/bin/tar: ../../../../../usr/local/lib/android/sdk/platforms/android-36-ext19/data/res/values-mcc208-mnc10-fr: Cannot utime: Operation not permitted
build	Cache Android SDK	2026-06-06T12:22:49.7382707Z /usr/bin/tar: ../../../../../usr/local/lib/android/sdk/platforms/android-36-ext19/data/res/values-mcc208-mnc10-fr: Cannot change mode to rwxr-xr-x: Operation not permitted
build	Cache Android SDK	2026-06-06T12:22:49.7385319Z /usr/bin/tar: ../../../../../usr/local/lib/android/sdk/platforms/android-36-ext19/data/res/values-mcc310-mnc250-ne: Cannot utime: Operation not permitted
build	Cache Android SDK	2026-06-06T12:22:49.7385866Z /usr/bin/tar: ../../../../../usr/local/lib/android/sdk/platforms/android-36-ext19/data/res/values-mcc310-mnc250-ne: Cannot change mode to rwxr-xr-x: Operation not permitted
build	Cache Android SDK	2026-06-06T12:22:49.7388752Z /usr/bin/tar: ../../../../../usr/local/lib/android/sdk/platforms/android-36-ext19/data/res/values-mcc310-mnc310: Cannot utime: Operation not permitted
build	Cache Android SDK	2026-06-06T12:22:49.7389210Z /usr/bin/tar: ../../../../../usr/local/lib/android/sdk/platforms/android-36-ext19/data/res/values-mcc310-mnc310: Cannot change mode to rwxr-xr-x: Operation not permitted
build	Cache Android SDK	2026-06-06T12:22:49.7393557Z /usr/bin/tar: ../../../../../usr/local/lib/android/sdk/platforms/android-36-ext19/data/res/values-mcc310-mnc380-fr-rCA: Cannot utime: Operation not permitted
build	Cache Android SDK	2026-06-06T12:22:49.7394151Z /usr/bin/tar: ../../../../../usr/local/lib/android/sdk/platforms/android-36-ext19/data/res/values-mcc310-mnc380-fr-rCA: Cannot change mode to rwxr-xr-x: Operation not permitted
build	Cache Android SDK	2026-06-06T12:22:49.7396476Z /usr/bin/tar: ../../../../../usr/local/lib/android/sdk/platforms/android-36-ext19/data/res/mipmap-ldpi: Cannot utime: Operation not permitted
build	Cache Android SDK	2026-06-06T12:22:49.7397146Z /usr/bin/tar: ../../../../../usr/local/lib/android/sdk/platforms/android-36-ext19/data/res/mipmap-ldpi: Cannot change mode to rwxr-xr-x: Operation not permitted
build	Cache Android SDK	2026-06-06T12:22:49.7399776Z /usr/bin/tar: ../../../../../usr/local/lib/android/sdk/platforms/android-36-ext19/data/res/values-mcc310-mnc170-iw: Cannot utime: Operation not permitted
build	Cache Android SDK	2026-06-06T12:22:49.7412505Z /usr/bin/tar: ../../../../../usr/local/lib/android/sdk/platforms/android-36-ext19/data/res/values-mcc310-mnc170-iw: Cannot change mode to rwxr-xr-x: Operation not permitted
build	Cache Android SDK	2026-06-06T12:22:49.7412909Z /usr/bin/tar: ../../../../../usr/local/lib/android/sdk/platforms/android-36-ext19/data/res/layout-watch: Cannot utime: Operation not permitted
build	Cache Android SDK	2026-06-06T12:22:49.7413510Z /usr/bin/tar: ../../../../../usr/local/lib/android/sdk/platforms/android-36-ext19/data/res/layout-watch: Cannot change mode to rwxr-xr-x: Operation not permitted
build	Cache Android SDK	2026-06-06T12:22:49.7415665Z /usr/bin/tar: ../../../../../usr/local/lib/android/sdk/platforms/android-36-ext19/data/res/values-mcc311-mnc180-gl: Cannot utime: Operation not permitted
build	Cache Android SDK	2026-06-06T12:22:49.7416137Z /usr/bin/tar: ../../../../../usr/local/lib/android/sdk/platforms/android-36-ext19/data/res/values-mcc311-mnc180-gl: Cannot change mode to rwxr-xr-x: Operation not permitted
build	Cache Android SDK	2026-06-06T12:22:49.7418930Z /usr/bin/tar: ../../../../../usr/local/lib/android/sdk/platforms/android-36-ext19/data/res/values-mcc313-mnc100-pt-rBR: Cannot utime: Operation not permitted
build	Cache Android SDK	2026-06-06T12:22:49.7419404Z /usr/bin/tar: ../../../../../usr/local/lib/android/sdk/platforms/android-36-ext19/data/res/values-mcc313-mnc100-pt-rBR: Cannot change mode to rwxr-xr-x: Operation not permitted
build	Cache Android SDK	2026-06-06T12:22:49.7422213Z /usr/bin/tar: ../../../../../usr/local/lib/android/sdk/platforms/android-36-ext19/data/res/values-mcc310-mnc240-ru: Cannot utime: Operation not permitted
build	Cache Android SDK	2026-06-06T12:22:49.7422767Z /usr/bin/tar: ../../../../../usr/local/lib/android/sdk/platforms/android-36-ext19/data/res/values-mcc310-mnc240-ru: Cannot change mode to rwxr-xr-x: Operation not permitted
build	Cache Android SDK	2026-06-06T12:22:49.7425268Z /usr/bin/tar: ../../../../../usr/local/lib/android/sdk/platforms/android-36-ext19/data/res/values-mcc310-mnc950-ja: Cannot utime: Operation not permitted
build	Cache Android SDK	2026-06-06T12:22:49.7425733Z /usr/bin/tar: ../../../../../usr/local/lib/android/sdk/platforms/android-36-ext19/data/res/values-mcc310-mnc950-ja: Cannot change mode to rwxr-xr-x: Operation not permitted
build	Cache Android SDK	2026-06-06T12:22:49.7432357Z /usr/bin/tar: ../../../../../usr/local/lib/android/sdk/platforms/android-36-ext19/data/res/values-lo: Cannot utime: Operation not permitted
build	Cache Android SDK	2026-06-06T12:22:49.7432839Z /usr/bin/tar: ../../../../../usr/local/lib/android/sdk/platforms/android-36-ext19/data/res/values-lo: Cannot change mode to rwxr-xr-x: Operation not permitted
build	Cache Android SDK	2026-06-06T12:22:49.7435513Z /usr/bin/tar: ../../../../../usr/local/lib/android/sdk/platforms/android-36-ext19/data/res/values-mcc310-mnc170-ru: Cannot utime: Operation not permitted
build	Cache Android SDK	2026-06-06T12:22:49.7435982Z /usr/bin/tar: ../../../../../usr/local/lib/android/sdk/platforms/android-36-ext19/data/res/values-mcc310-mnc170-ru: Cannot change mode to rwxr-xr-x: Operation not permitted
build	Cache Android SDK	2026-06-06T12:22:49.7438872Z /usr/bin/tar: ../../../../../usr/local/lib/android/sdk/platforms/android-36-ext19/data/res/values-mcc310-mnc310-pt-rPT: Cannot utime: Operation not permitted
build	Cache Android SDK	2026-06-06T12:22:49.7439352Z /usr/bin/tar: ../../../../../usr/local/lib/android/sdk/platforms/android-36-ext19/data/res/values-mcc310-mnc310-pt-rPT: Cannot change mode to rwxr-xr-x: Operation not permitted
build	Cache Android SDK	2026-06-06T12:22:49.7442064Z /usr/bin/tar: ../../../../../usr/local/lib/android/sdk/platforms/android-36-ext19/data/res/values-mcc310-mnc150-fa: Cannot utime: Operation not permitted
build	Cache Android SDK	2026-06-06T12:22:49.7442526Z /usr/bin/tar: ../../../../../usr/local/lib/android/sdk/platforms/android-36-ext19/data/res/values-mcc310-mnc150-fa: Cannot change mode to rwxr-xr-x: Operation not permitted
build	Cache Android SDK	2026-06-06T12:22:49.7445388Z /usr/bin/tar: ../../../../../usr/local/lib/android/sdk/platforms/android-36-ext19/data/res/values-mcc310-mnc380-gl: Cannot utime: Operation not permitted
build	Cache Android SDK	2026-06-06T12:22:49.7445847Z /usr/bin/tar: ../../../../../usr/local/lib/android/sdk/platforms/android-36-ext19/data/res/values-mcc310-mnc380-gl: Cannot change mode to rwxr-xr-x: Operation not permitted
build	Cache Android SDK	2026-06-06T12:22:49.7448522Z /usr/bin/tar: ../../../../../usr/local/lib/android/sdk/platforms/android-36-ext19/data/res/values-mcc310-mnc210-de: Cannot utime: Operation not permitted
build	Cache Android SDK	2026-06-06T12:22:49.7449108Z /usr/bin/tar: ../../../../../usr/local/lib/android/sdk/platforms/android-36-ext19/data/res/values-mcc310-mnc210-de: Cannot change mode to rwxr-xr-x: Operation not permitted
build	Cache Android SDK	2026-06-06T12:22:49.7451527Z /usr/bin/tar: ../../../../../usr/local/lib/android/sdk/platforms/android-36-ext19/data/res/values-mcc310-mnc310-ko: Cannot utime: Operation not permitted
build	Cache Android SDK	2026-06-06T12:22:49.7451989Z /usr/bin/tar: ../../../../../usr/local/lib/android/sdk/platforms/android-36-ext19/data/res/values-mcc310-mnc310-ko: Cannot change mode to rwxr-xr-x: Operation not permitted
build	Cache Android SDK	2026-06-06T12:22:49.7456520Z /usr/bin/tar: ../../../../../usr/local/lib/android/sdk/platforms/android-36-ext19/data/res/values-mcc310-mnc220-sv: Cannot utime: Operation not permitted
build	Cache Android SDK	2026-06-06T12:22:49.7456988Z /usr/bin/tar: ../../../../../usr/local/lib/android/sdk/platforms/android-36-ext19/data/res/values-mcc310-mnc220-sv: Cannot change mode to rwxr-xr-x: Operation not permitted
build	Cache Android SDK	2026-06-06T12:22:49.7459356Z /usr/bin/tar: ../../../../../usr/local/lib/android/sdk/platforms/android-36-ext19/data/res/values-b+sr+Latn-television: Cannot utime: Operation not permitted
build	Cache Android SDK	2026-06-06T12:22:49.7459840Z /usr/bin/tar: ../../../../../usr/local/lib/android/sdk/platforms/android-36-ext19/data/res/values-b+sr+Latn-television: Cannot change mode to rwxr-xr-x: Operation not permitted
build	Cache Android SDK	2026-06-06T12:22:49.7462598Z /usr/bin/tar: ../../../../../usr/local/lib/android/sdk/platforms/android-36-ext19/data/res/values-mcc310-mnc660-fr-rCA: Cannot utime: Operation not permitted
build	Cache Android SDK	2026-06-06T12:22:49.7463080Z /usr/bin/tar: ../../../../../usr/local/lib/android/sdk/platforms/android-36-ext19/data/res/values-mcc310-mnc660-fr-rCA: Cannot change mode to rwxr-xr-x: Operation not permitted
build	Cache Android SDK	2026-06-06T12:22:49.7465618Z /usr/bin/tar: ../../../../../usr/local/lib/android/sdk/platforms/android-36-ext19/data/res/values-mcc310-mnc280-hy: Cannot utime: Operation not permitted
build	Cache Android SDK	2026-06-06T12:22:49.7466075Z /usr/bin/tar: ../../../../../usr/local/lib/android/sdk/platforms/android-36-ext19/data/res/values-mcc310-mnc280-hy: Cannot change mode to rwxr-xr-x: Operation not permitted
build	Cache Android SDK	2026-06-06T12:22:49.7469085Z /usr/bin/tar: ../../../../../usr/local/lib/android/sdk/platforms/android-36-ext19/data/res/values-mcc334-mnc020-zh-rTW: Cannot utime: Operation not permitted
build	Cache Android SDK	2026-06-06T12:22:49.7469644Z /usr/bin/tar: ../../../../../usr/local/lib/android/sdk/platforms/android-36-ext19/data/res/values-mcc334-mnc020-zh-rTW: Cannot change mode to rwxr-xr-x: Operation not permitted
build	Cache Android SDK	2026-06-06T12:22:49.7474182Z /usr/bin/tar: ../../../../../usr/local/lib/android/sdk/platforms/android-36-ext19/data/res/values-mcc310-mnc270-fr-rCA: Cannot utime: Operation not permitted
build	Cache Android SDK	2026-06-06T12:22:49.7474799Z /usr/bin/tar: ../../../../../usr/local/lib/android/sdk/platforms/android-36-ext19/data/res/values-mcc310-mnc270-fr-rCA: Cannot change mode to rwxr-xr-x: Operation not permitted
build	Cache Android SDK	2026-06-06T12:22:49.7476015Z /usr/bin/tar: ../../../../../usr/local/lib/android/sdk/platforms/android-36-ext19/data/res/values-mcc310-mnc410-de: Cannot utime: Operation not permitted
build	Cache Android SDK	2026-06-06T12:22:49.7476485Z /usr/bin/tar: ../../../../../usr/local/lib/android/sdk/platforms/android-36-ext19/data/res/values-mcc310-mnc410-de: Cannot change mode to rwxr-xr-x: Operation not permitted
build	Cache Android SDK	2026-06-06T12:22:49.7479501Z /usr/bin/tar: ../../../../../usr/local/lib/android/sdk/platforms/android-36-ext19/data/res/values-mcc310-mnc560-zh-rCN: Cannot utime: Operation not permitted
build	Cache Android SDK	2026-06-06T12:22:49.7480224Z /usr/bin/tar: ../../../../../usr/local/lib/android/sdk/platforms/android-36-ext19/data/res/values-mcc310-mnc560-zh-rCN: Cannot change mode to rwxr-xr-x: Operation not permitted
build	Cache Android SDK	2026-06-06T12:22:49.7482752Z /usr/bin/tar: ../../../../../usr/local/lib/android/sdk/platforms/android-36-ext19/data/res/values-mcc310-mnc240-th: Cannot utime: Operation not permitted
build	Cache Android SDK	2026-06-06T12:22:49.7483228Z /usr/bin/tar: ../../../../../usr/local/lib/android/sdk/platforms/android-36-ext19/data/res/values-mcc310-mnc240-th: Cannot change mode to rwxr-xr-x: Operation not permitted
build	Cache Android SDK	2026-06-06T12:22:49.7485649Z /usr/bin/tar: ../../../../../usr/local/lib/android/sdk/platforms/android-36-ext19/data/res/values-mcc310-mnc030-fr-rCA: Cannot utime: Operation not permitted
build	Cache Android SDK	2026-06-06T12:22:49.7486499Z /usr/bin/tar: ../../../../../usr/local/lib/android/sdk/platforms/android-36-ext19/data/res/values-mcc310-mnc030-fr-rCA: Cannot change mode to rwxr-xr-x: Operation not permitted
build	Cache Android SDK	2026-06-06T12:22:49.7489309Z /usr/bin/tar: ../../../../../usr/local/lib/android/sdk/platforms/android-36-ext19/data/res/values-mcc310-mnc380-en-rGB: Cannot utime: Operation not permitted
build	Cache Android SDK	2026-06-06T12:22:49.7489801Z /usr/bin/tar: ../../../../../usr/local/lib/android/sdk/platforms/android-36-ext19/data/res/values-mcc310-mnc380-en-rGB: Cannot change mode to rwxr-xr-x: Operation not permitted
build	Cache Android SDK	2026-06-06T12:22:49.7492024Z /usr/bin/tar: ../../../../../usr/local/lib/android/sdk/platforms/android-36-ext19/data/res/values-mcc310-mnc250-ms: Cannot utime: Operation not permitted
build	Cache Android SDK	2026-06-06T12:22:49.7492492Z /usr/bin/tar: ../../../../../usr/local/lib/android/sdk/platforms/android-36-ext19/data/res/values-mcc310-mnc250-ms: Cannot change mode to rwxr-xr-x: Operation not permitted
build	Cache Android SDK	2026-06-06T12:22:49.7495006Z /usr/bin/tar: ../../../../../usr/local/lib/android/sdk/platforms/android-36-ext19/data/res/values-zh-rCN-television: Cannot utime: Operation not permitted
build	Cache Android SDK	2026-06-06T12:22:49.7495603Z /usr/bin/tar: ../../../../../usr/local/lib/android/sdk/platforms/android-36-ext19/data/res/values-zh-rCN-television: Cannot change mode to rwxr-xr-x: Operation not permitted
build	Cache Android SDK	2026-06-06T12:22:49.7498471Z /usr/bin/tar: ../../../../../usr/local/lib/android/sdk/platforms/android-36-ext19/data/res/values-mcc310-mnc150-cs: Cannot utime: Operation not permitted
build	Cache Android SDK	2026-06-06T12:22:49.7498949Z /usr/bin/tar: ../../../../../usr/local/lib/android/sdk/platforms/android-36-ext19/data/res/values-mcc310-mnc150-cs: Cannot change mode to rwxr-xr-x: Operation not permitted
build	Cache Android SDK	2026-06-06T12:22:49.7501863Z /usr/bin/tar: ../../../../../usr/local/lib/android/sdk/platforms/android-36-ext19/data/res/values-mcc310-mnc200-lt: Cannot utime: Operation not permitted
build	Cache Android SDK	2026-06-06T12:22:49.7502326Z /usr/bin/tar: ../../../../../usr/local/lib/android/sdk/platforms/android-36-ext19/data/res/values-mcc310-mnc200-lt: Cannot change mode to rwxr-xr-x: Operation not permitted
build	Cache Android SDK	2026-06-06T12:22:49.7505039Z /usr/bin/tar: ../../../../../usr/local/lib/android/sdk/platforms/android-36-ext19/data/res/values-mcc310-mnc150-de: Cannot utime: Operation not permitted
build	Cache Android SDK	2026-06-06T12:22:49.7505582Z /usr/bin/tar: ../../../../../usr/local/lib/android/sdk/platforms/android-36-ext19/data/res/values-mcc310-mnc150-de: Cannot change mode to rwxr-xr-x: Operation not permitted
build	Cache Android SDK	2026-06-06T12:22:49.7508172Z /usr/bin/tar: ../../../../../usr/local/lib/android/sdk/platforms/android-36-ext19/data/res/values-mcc001-mnc01-ms: Cannot utime: Operation not permitted
build	Cache Android SDK	2026-06-06T12:22:49.7508713Z /usr/bin/tar: ../../../../../usr/local/lib/android/sdk/platforms/android-36-ext19/data/res/values-mcc001-mnc01-ms: Cannot change mode to rwxr-xr-x: Operation not permitted
build	Cache Android SDK	2026-06-06T12:22:49.7511973Z /usr/bin/tar: ../../../../../usr/local/lib/android/sdk/platforms/android-36-ext19/data/res/values-ta-watch: Cannot utime: Operation not permitted
build	Cache Android SDK	2026-06-06T12:22:49.7512435Z /usr/bin/tar: ../../../../../usr/local/lib/android/sdk/platforms/android-36-ext19/data/res/values-ta-watch: Cannot change mode to rwxr-xr-x: Operation not permitted
build	Cache Android SDK	2026-06-06T12:22:49.7514876Z /usr/bin/tar: ../../../../../usr/local/lib/android/sdk/platforms/android-36-ext19/data/res/values-mcc310-mnc160-is: Cannot utime: Operation not permitted
build	Cache Android SDK	2026-06-06T12:22:49.7515330Z /usr/bin/tar: ../../../../../usr/local/lib/android/sdk/platforms/android-36-ext19/data/res/values-mcc310-mnc160-is: Cannot change mode to rwxr-xr-x: Operation not permitted
build	Cache Android SDK	2026-06-06T12:22:49.7517897Z /usr/bin/tar: ../../../../../usr/local/lib/android/sdk/platforms/android-36-ext19/data/res/values-mcc310-mnc230-zu: Cannot utime: Operation not permitted
build	Cache Android SDK	2026-06-06T12:22:49.7518365Z /usr/bin/tar: ../../../../../usr/local/lib/android/sdk/platforms/android-36-ext19/data/res/values-mcc310-mnc230-zu: Cannot change mode to rwxr-xr-x: Operation not permitted
build	Cache Android SDK	2026-06-06T12:22:49.7521203Z /usr/bin/tar: ../../../../../usr/local/lib/android/sdk/platforms/android-36-ext19/data/res/values-mcc312-mnc670-ca: Cannot utime: Operation not permitted
build	Cache Android SDK	2026-06-06T12:22:49.7521745Z /usr/bin/tar: ../../../../../usr/local/lib/android/sdk/platforms/android-36-ext19/data/res/values-mcc312-mnc670-ca: Cannot change mode to rwxr-xr-x: Operation not permitted
build	Cache Android SDK	2026-06-06T12:22:49.7524380Z /usr/bin/tar: ../../../../../usr/local/lib/android/sdk/platforms/android-36-ext19/data/res/values-mcc302-mnc720-es: Cannot utime: Operation not permitted
build	Cache Android SDK	2026-06-06T12:22:49.7524841Z /usr/bin/tar: ../../../../../usr/local/lib/android/sdk/platforms/android-36-ext19/data/res/values-mcc302-mnc720-es: Cannot change mode to rwxr-xr-x: Operation not permitted
build	Cache Android SDK	2026-06-06T12:22:49.7527979Z /usr/bin/tar: ../../../../../usr/local/lib/android/sdk/platforms/android-36-ext19/data/res/values-mcc310-mnc280-zh-rHK: Cannot utime: Operation not permitted
build	Cache Android SDK	2026-06-06T12:22:49.7528473Z /usr/bin/tar: ../../../../../usr/local/lib/android/sdk/platforms/android-36-ext19/data/res/values-mcc310-mnc280-zh-rHK: Cannot change mode to rwxr-xr-x: Operation not permitted
build	Cache Android SDK	2026-06-06T12:22:49.7531480Z /usr/bin/tar: ../../../../../usr/local/lib/android/sdk/platforms/android-36-ext19/data/res/values-mcc334-mnc020-en-rIN: Cannot utime: Operation not permitted
build	Cache Android SDK	2026-06-06T12:22:49.7531975Z /usr/bin/tar: ../../../../../usr/local/lib/android/sdk/platforms/android-36-ext19/data/res/values-mcc334-mnc020-en-rIN: Cannot change mode to rwxr-xr-x: Operation not permitted
build	Cache Android SDK	2026-06-06T12:22:49.7534366Z /usr/bin/tar: ../../../../../usr/local/lib/android/sdk/platforms/android-36-ext19/data/res/values-mcc001-mnc01-bg: Cannot utime: Operation not permitted
build	Cache Android SDK	2026-06-06T12:22:49.7534841Z /usr/bin/tar: ../../../../../usr/local/lib/android/sdk/platforms/android-36-ext19/data/res/values-mcc001-mnc01-bg: Cannot change mode to rwxr-xr-x: Operation not permitted
build	Cache Android SDK	2026-06-06T12:22:49.7537308Z /usr/bin/tar: ../../../../../usr/local/lib/android/sdk/platforms/android-36-ext19/data/res/values-mcc312: Cannot utime: Operation not permitted
build	Cache Android SDK	2026-06-06T12:22:49.7537902Z /usr/bin/tar: ../../../../../usr/local/lib/android/sdk/platforms/android-36-ext19/data/res/values-mcc312: Cannot change mode to rwxr-xr-x: Operation not permitted
build	Cache Android SDK	2026-06-06T12:22:49.7540510Z /usr/bin/tar: ../../../../../usr/local/lib/android/sdk/platforms/android-36-ext19/data/res/raw-ko: Cannot utime: Operation not permitted
build	Cache Android SDK	2026-06-06T12:22:49.7540925Z /usr/bin/tar: ../../../../../usr/local/lib/android/sdk/platforms/android-36-ext19/data/res/raw-ko: Cannot change mode to rwxr-xr-x: Operation not permitted
build	Cache Android SDK	2026-06-06T12:22:49.7543552Z /usr/bin/tar: ../../../../../usr/local/lib/android/sdk/platforms/android-36-ext19/data/res/values-mcc466-mnc07: Cannot utime: Operation not permitted
build	Cache Android SDK	2026-06-06T12:22:49.7544009Z /usr/bin/tar: ../../../../../usr/local/lib/android/sdk/platforms/android-36-ext19/data/res/values-mcc466-mnc07: Cannot change mode to rwxr-xr-x: Operation not permitted
build	Cache Android SDK	2026-06-06T12:22:49.8049663Z /usr/bin/tar: ../../../../../usr/local/lib/android/sdk/platforms/android-36-ext19/data/res/drawable-mdpi: Cannot utime: Operation not permitted
build	Cache Android SDK	2026-06-06T12:22:49.8050318Z /usr/bin/tar: ../../../../../usr/local/lib/android/sdk/platforms/android-36-ext19/data/res/drawable-mdpi: Cannot change mode to rwxr-xr-x: Operation not permitted
build	Cache Android SDK	2026-06-06T12:22:49.8052650Z /usr/bin/tar: ../../../../../usr/local/lib/android/sdk/platforms/android-36-ext19/data/res/values-mcc310-mnc170-gu: Cannot utime: Operation not permitted
build	Cache Android SDK	2026-06-06T12:22:49.8053137Z /usr/bin/tar: ../../../../../usr/local/lib/android/sdk/platforms/android-36-ext19/data/res/values-mcc310-mnc170-gu: Cannot change mode to rwxr-xr-x: Operation not permitted
build	Cache Android SDK	2026-06-06T12:22:49.8056641Z /usr/bin/tar: ../../../../../usr/local/lib/android/sdk/platforms/android-36-ext19/data/res/values-mcc313-mnc100-bg: Cannot utime: Operation not permitted
build	Cache Android SDK	2026-06-06T12:22:49.8057106Z /usr/bin/tar: ../../../../../usr/local/lib/android/sdk/platforms/android-36-ext19/data/res/values-mcc313-mnc100-bg: Cannot change mode to rwxr-xr-x: Operation not permitted
build	Cache Android SDK	2026-06-06T12:22:49.8060204Z /usr/bin/tar: ../../../../../usr/local/lib/android/sdk/platforms/android-36-ext19/data/res/values-mcc312-mnc670-hr: Cannot utime: Operation not permitted
build	Cache Android SDK	2026-06-06T12:22:49.8060678Z /usr/bin/tar: ../../../../../usr/local/lib/android/sdk/platforms/android-36-ext19/data/res/values-mcc312-mnc670-hr: Cannot change mode to rwxr-xr-x: Operation not permitted
build	Cache Android SDK	2026-06-06T12:22:49.8063341Z /usr/bin/tar: ../../../../../usr/local/lib/android/sdk/platforms/android-36-ext19/data/res/values-mcc310-mnc170-bs: Cannot utime: Operation not permitted
build	Cache Android SDK	2026-06-06T12:22:49.8063804Z /usr/bin/tar: ../../../../../usr/local/lib/android/sdk/platforms/android-36-ext19/data/res/values-mcc310-mnc170-bs: Cannot change mode to rwxr-xr-x: Operation not permitted
build	Cache Android SDK	2026-06-06T12:22:49.8066466Z /usr/bin/tar: ../../../../../usr/local/lib/android/sdk/platforms/android-36-ext19/data/res/values-mcc310-mnc030-bn: Cannot utime: Operation not permitted
build	Cache Android SDK	2026-06-06T12:22:49.8066926Z /usr/bin/tar: ../../../../../usr/local/lib/android/sdk/platforms/android-36-ext19/data/res/values-mcc310-mnc030-bn: Cannot change mode to rwxr-xr-x: Operation not permitted
build	Cache Android SDK	2026-06-06T12:22:49.8069783Z /usr/bin/tar: ../../../../../usr/local/lib/android/sdk/platforms/android-36-ext19/data/res/values-mcc310-mnc230-lt: Cannot utime: Operation not permitted
build	Cache Android SDK	2026-06-06T12:22:49.8070236Z /usr/bin/tar: ../../../../../usr/local/lib/android/sdk/platforms/android-36-ext19/data/res/values-mcc310-mnc230-lt: Cannot change mode to rwxr-xr-x: Operation not permitted
build	Cache Android SDK	2026-06-06T12:22:49.8072919Z /usr/bin/tar: ../../../../../usr/local/lib/android/sdk/platforms/android-36-ext19/data/res/values-mcc310-mnc150-vi: Cannot utime: Operation not permitted
build	Cache Android SDK	2026-06-06T12:22:49.8073378Z /usr/bin/tar: ../../../../../usr/local/lib/android/sdk/platforms/android-36-ext19/data/res/values-mcc310-mnc150-vi: Cannot change mode to rwxr-xr-x: Operation not permitted
build	Cache Android SDK	2026-06-06T12:22:49.8075990Z /usr/bin/tar: ../../../../../usr/local/lib/android/sdk/platforms/android-36-ext19/data/res/values-mcc001-mnc01-el: Cannot utime: Operation not permitted
build	Cache Android SDK	2026-06-06T12:22:49.8076464Z /usr/bin/tar: ../../../../../usr/local/lib/android/sdk/platforms/android-36-ext19/data/res/values-mcc001-mnc01-el: Cannot change mode to rwxr-xr-x: Operation not permitted
build	Cache Android SDK	2026-06-06T12:22:49.8079302Z /usr/bin/tar: ../../../../../usr/local/lib/android/sdk/platforms/android-36-ext19/data/res/values-mcc310-mnc230-ca: Cannot utime: Operation not permitted
build	Cache Android SDK	2026-06-06T12:22:49.8079757Z /usr/bin/tar: ../../../../../usr/local/lib/android/sdk/platforms/android-36-ext19/data/res/values-mcc310-mnc230-ca: Cannot change mode to rwxr-xr-x: Operation not permitted
build	Cache Android SDK	2026-06-06T12:22:49.8082534Z /usr/bin/tar: ../../../../../usr/local/lib/android/sdk/platforms/android-36-ext19/data/res/values-mcc310-mnc200-el: Cannot utime: Operation not permitted
build	Cache Android SDK	2026-06-06T12:22:49.8082990Z /usr/bin/tar: ../../../../../usr/local/lib/android/sdk/platforms/android-36-ext19/data/res/values-mcc310-mnc200-el: Cannot change mode to rwxr-xr-x: Operation not permitted
build	Cache Android SDK	2026-06-06T12:22:49.8085881Z /usr/bin/tar: ../../../../../usr/local/lib/android/sdk/platforms/android-36-ext19/data/res/values-mcc310-mnc160-lv: Cannot utime: Operation not permitted
build	Cache Android SDK	2026-06-06T12:22:49.8086465Z /usr/bin/tar: ../../../../../usr/local/lib/android/sdk/platforms/android-36-ext19/data/res/values-mcc310-mnc160-lv: Cannot change mode to rwxr-xr-x: Operation not permitted
build	Cache Android SDK	2026-06-06T12:22:49.8089305Z /usr/bin/tar: ../../../../../usr/local/lib/android/sdk/platforms/android-36-ext19/data/res/values-mcc310-mnc220-ko: Cannot utime: Operation not permitted
build	Cache Android SDK	2026-06-06T12:22:49.8089754Z /usr/bin/tar: ../../../../../usr/local/lib/android/sdk/platforms/android-36-ext19/data/res/values-mcc310-mnc220-ko: Cannot change mode to rwxr-xr-x: Operation not permitted
build	Cache Android SDK	2026-06-06T12:22:49.8092333Z /usr/bin/tar: ../../../../../usr/local/lib/android/sdk/platforms/android-36-ext19/data/res/values-mcc310-mnc280-pl: Cannot utime: Operation not permitted
build	Cache Android SDK	2026-06-06T12:22:49.8092796Z /usr/bin/tar: ../../../../../usr/local/lib/android/sdk/platforms/android-36-ext19/data/res/values-mcc310-mnc280-pl: Cannot change mode to rwxr-xr-x: Operation not permitted
build	Cache Android SDK	2026-06-06T12:22:49.8095271Z /usr/bin/tar: ../../../../../usr/local/lib/android/sdk/platforms/android-36-ext19/data/res/values-nl-rNL: Cannot utime: Operation not permitted
build	Cache Android SDK	2026-06-06T12:22:49.8095713Z /usr/bin/tar: ../../../../../usr/local/lib/android/sdk/platforms/android-36-ext19/data/res/values-nl-rNL: Cannot change mode to rwxr-xr-x: Operation not permitted
build	Cache Android SDK	2026-06-06T12:22:49.8098645Z /usr/bin/tar: ../../../../../usr/local/lib/android/sdk/platforms/android-36-ext19/data/res/values-mcc001-mnc01-es-rUS: Cannot utime: Operation not permitted
build	Cache Android SDK	2026-06-06T12:22:49.8099118Z /usr/bin/tar: ../../../../../usr/local/lib/android/sdk/platforms/android-36-ext19/data/res/values-mcc001-mnc01-es-rUS: Cannot change mode to rwxr-xr-x: Operation not permitted
build	Cache Android SDK	2026-06-06T12:22:49.8101695Z /usr/bin/tar: ../../../../../usr/local/lib/android/sdk/platforms/android-36-ext19/data/res/values-mcc302-mnc370-gu: Cannot utime: Operation not permitted
build	Cache Android SDK	2026-06-06T12:22:49.8102263Z /usr/bin/tar: ../../../../../usr/local/lib/android/sdk/platforms/android-36-ext19/data/res/values-mcc302-mnc370-gu: Cannot change mode to rwxr-xr-x: Operation not permitted
build	Cache Android SDK	2026-06-06T12:22:49.8105015Z /usr/bin/tar: ../../../../../usr/local/lib/android/sdk/platforms/android-36-ext19/data/res/values-mcc310-mnc490-b+sr+Latn: Cannot utime: Operation not permitted
build	Cache Android SDK	2026-06-06T12:22:49.8105506Z /usr/bin/tar: ../../../../../usr/local/lib/android/sdk/platforms/android-36-ext19/data/res/values-mcc310-mnc490-b+sr+Latn: Cannot change mode to rwxr-xr-x: Operation not permitted
build	Cache Android SDK	2026-06-06T12:22:49.8108081Z /usr/bin/tar: ../../../../../usr/local/lib/android/sdk/platforms/android-36-ext19/data/res/values-mcc310-mnc950-uk: Cannot utime: Operation not permitted
build	Cache Android SDK	2026-06-06T12:22:49.8108534Z /usr/bin/tar: ../../../../../usr/local/lib/android/sdk/platforms/android-36-ext19/data/res/values-mcc310-mnc950-uk: Cannot change mode to rwxr-xr-x: Operation not permitted
build	Cache Android SDK	2026-06-06T12:22:49.8111185Z /usr/bin/tar: ../../../../../usr/local/lib/android/sdk/platforms/android-36-ext19/data/res/values-mcc310-mnc660-ml: Cannot utime: Operation not permitted
build	Cache Android SDK	2026-06-06T12:22:49.8111757Z /usr/bin/tar: ../../../../../usr/local/lib/android/sdk/platforms/android-36-ext19/data/res/values-mcc310-mnc660-ml: Cannot change mode to rwxr-xr-x: Operation not permitted
build	Cache Android SDK	2026-06-06T12:22:49.8114314Z /usr/bin/tar: ../../../../../usr/local/lib/android/sdk/platforms/android-36-ext19/data/res/values-mcc314: Cannot utime: Operation not permitted
build	Cache Android SDK	2026-06-06T12:22:49.8114755Z /usr/bin/tar: ../../../../../usr/local/lib/android/sdk/platforms/android-36-ext19/data/res/values-mcc314: Cannot change mode to rwxr-xr-x: Operation not permitted
build	Cache Android SDK	2026-06-06T12:22:49.8117742Z /usr/bin/tar: ../../../../../usr/local/lib/android/sdk/platforms/android-36-ext19/data/res/values-mcc310-mnc200-te: Cannot utime: Operation not permitted
build	Cache Android SDK	2026-06-06T12:22:49.8118213Z /usr/bin/tar: ../../../../../usr/local/lib/android/sdk/platforms/android-36-ext19/data/res/values-mcc310-mnc200-te: Cannot change mode to rwxr-xr-x: Operation not permitted
build	Cache Android SDK	2026-06-06T12:22:49.8120773Z /usr/bin/tar: ../../../../../usr/local/lib/android/sdk/platforms/android-36-ext19/data/res/values-es-rUS-feminine: Cannot utime: Operation not permitted
build	Cache Android SDK	2026-06-06T12:22:49.8121348Z /usr/bin/tar: ../../../../../usr/local/lib/android/sdk/platforms/android-36-ext19/data/res/values-es-rUS-feminine: Cannot change mode to rwxr-xr-x: Operation not permitted
build	Cache Android SDK	2026-06-06T12:22:49.8124595Z /usr/bin/tar: ../../../../../usr/local/lib/android/sdk/platforms/android-36-ext19/data/res/values-mcc311-mnc180-nb: Cannot utime: Operation not permitted
build	Cache Android SDK	2026-06-06T12:22:49.8125052Z /usr/bin/tar: ../../../../../usr/local/lib/android/sdk/platforms/android-36-ext19/data/res/values-mcc311-mnc180-nb: Cannot change mode to rwxr-xr-x: Operation not permitted
build	Cache Android SDK	2026-06-06T12:22:49.8129297Z /usr/bin/tar: ../../../../../usr/local/lib/android/sdk/platforms/android-36-ext19/data/res/values-mcc310-mnc250-zh-rHK: Cannot utime: Operation not permitted
build	Cache Android SDK	2026-06-06T12:22:49.8130111Z /usr/bin/tar: ../../../../../usr/local/lib/android/sdk/platforms/android-36-ext19/data/res/values-mcc310-mnc250-zh-rHK: Cannot change mode to rwxr-xr-x: Operation not permitted
build	Cache Android SDK	2026-06-06T12:22:49.8131600Z /usr/bin/tar: ../../../../../usr/local/lib/android/sdk/platforms/android-36-ext19/data/res/values-mcc310-mnc310-lo: Cannot utime: Operation not permitted
build	Cache Android SDK	2026-06-06T12:22:49.8132060Z /usr/bin/tar: ../../../../../usr/local/lib/android/sdk/platforms/android-36-ext19/data/res/values-mcc310-mnc310-lo: Cannot change mode to rwxr-xr-x: Operation not permitted
build	Cache Android SDK	2026-06-06T12:22:49.8134802Z /usr/bin/tar: ../../../../../usr/local/lib/android/sdk/platforms/android-36-ext19/data/res/values-mcc001-mnc01-pt-rBR: Cannot utime: Operation not permitted
build	Cache Android SDK	2026-06-06T12:22:49.8135280Z /usr/bin/tar: ../../../../../usr/local/lib/android/sdk/platforms/android-36-ext19/data/res/values-mcc001-mnc01-pt-rBR: Cannot change mode to rwxr-xr-x: Operation not permitted
build	Cache Android SDK	2026-06-06T12:22:49.8138695Z /usr/bin/tar: ../../../../../usr/local/lib/android/sdk/platforms/android-36-ext19/data/res/values-mcc310-mnc660-ja: Cannot utime: Operation not permitted
build	Cache Android SDK	2026-06-06T12:22:49.8139273Z /usr/bin/tar: ../../../../../usr/local/lib/android/sdk/platforms/android-36-ext19/data/res/values-mcc310-mnc660-ja: Cannot change mode to rwxr-xr-x: Operation not permitted
build	Cache Android SDK	2026-06-06T12:22:49.8142173Z /usr/bin/tar: ../../../../../usr/local/lib/android/sdk/platforms/android-36-ext19/data/res/values-mcc310-mnc280-bg: Cannot utime: Operation not permitted
build	Cache Android SDK	2026-06-06T12:22:49.8143272Z /usr/bin/tar: ../../../../../usr/local/lib/android/sdk/platforms/android-36-ext19/data/res/values-mcc310-mnc280-bg: Cannot change mode to rwxr-xr-x: Operation not permitted
build	Cache Android SDK	2026-06-06T12:22:49.8146236Z /usr/bin/tar: ../../../../../usr/local/lib/android/sdk/platforms/android-36-ext19/data/res/values-mcc310-mnc800-am: Cannot utime: Operation not permitted
build	Cache Android SDK	2026-06-06T12:22:49.8146708Z /usr/bin/tar: ../../../../../usr/local/lib/android/sdk/platforms/android-36-ext19/data/res/values-mcc310-mnc800-am: Cannot change mode to rwxr-xr-x: Operation not permitted
build	Cache Android SDK	2026-06-06T12:22:49.8149461Z /usr/bin/tar: ../../../../../usr/local/lib/android/sdk/platforms/android-36-ext19/data/res/values-mcc310-mnc170-vi: Cannot utime: Operation not permitted
build	Cache Android SDK	2026-06-06T12:22:49.8149934Z /usr/bin/tar: ../../../../../usr/local/lib/android/sdk/platforms/android-36-ext19/data/res/values-mcc310-mnc170-vi: Cannot change mode to rwxr-xr-x: Operation not permitted
build	Cache Android SDK	2026-06-06T12:22:49.8152840Z /usr/bin/tar: ../../../../../usr/local/lib/android/sdk/platforms/android-36-ext19/data/res/values-mcc310-mnc310-zu: Cannot utime: Operation not permitted
build	Cache Android SDK	2026-06-06T12:22:49.8153295Z /usr/bin/tar: ../../../../../usr/local/lib/android/sdk/platforms/android-36-ext19/data/res/values-mcc310-mnc310-zu: Cannot change mode to rwxr-xr-x: Operation not permitted
build	Cache Android SDK	2026-06-06T12:22:49.8156357Z /usr/bin/tar: ../../../../../usr/local/lib/android/sdk/platforms/android-36-ext19/data/res/values-mcc310-mnc160-bs: Cannot utime: Operation not permitted
build	Cache Android SDK	2026-06-06T12:22:49.8156822Z /usr/bin/tar: ../../../../../usr/local/lib/android/sdk/platforms/android-36-ext19/data/res/values-mcc310-mnc160-bs: Cannot change mode to rwxr-xr-x: Operation not permitted
build	Cache Android SDK	2026-06-06T12:22:49.8160317Z /usr/bin/tar: ../../../../../usr/local/lib/android/sdk/platforms/android-36-ext19/data/res/anim-watch: Cannot utime: Operation not permitted
build	Cache Android SDK	2026-06-06T12:22:49.8160749Z /usr/bin/tar: ../../../../../usr/local/lib/android/sdk/platforms/android-36-ext19/data/res/anim-watch: Cannot change mode to rwxr-xr-x: Operation not permitted
build	Cache Android SDK	2026-06-06T12:22:49.8163224Z /usr/bin/tar: ../../../../../usr/local/lib/android/sdk/platforms/android-36-ext19/data/res/values-mcc334-mnc020-en-rCA: Cannot utime: Operation not permitted
build	Cache Android SDK	2026-06-06T12:22:49.8163697Z /usr/bin/tar: ../../../../../usr/local/lib/android/sdk/platforms/android-36-ext19/data/res/values-mcc334-mnc020-en-rCA: Cannot change mode to rwxr-xr-x: Operation not permitted
build	Cache Android SDK	2026-06-06T12:22:49.8166163Z /usr/bin/tar: ../../../../../usr/local/lib/android/sdk/platforms/android-36-ext19/data/res/values-lv-television: Cannot utime: Operation not permitted
build	Cache Android SDK	2026-06-06T12:22:49.8166635Z /usr/bin/tar: ../../../../../usr/local/lib/android/sdk/platforms/android-36-ext19/data/res/values-lv-television: Cannot change mode to rwxr-xr-x: Operation not permitted
build	Cache Android SDK	2026-06-06T12:22:49.8170085Z /usr/bin/tar: ../../../../../usr/local/lib/android/sdk/platforms/android-36-ext19/data/res/values-mcc310-mnc210-ko: Cannot utime: Operation not permitted
build	Cache Android SDK	2026-06-06T12:22:49.8170544Z /usr/bin/tar: ../../../../../usr/local/lib/android/sdk/platforms/android-36-ext19/data/res/values-mcc310-mnc210-ko: Cannot change mode to rwxr-xr-x: Operation not permitted
build	Cache Android SDK	2026-06-06T12:22:49.8173312Z /usr/bin/tar: ../../../../../usr/local/lib/android/sdk/platforms/android-36-ext19/data/res/values-mcc310-mnc150-fr-rCA: Cannot utime: Operation not permitted
build	Cache Android SDK	2026-06-06T12:22:49.8173793Z /usr/bin/tar: ../../../../../usr/local/lib/android/sdk/platforms/android-36-ext19/data/res/values-mcc310-mnc150-fr-rCA: Cannot change mode to rwxr-xr-x: Operation not permitted
build	Cache Android SDK	2026-06-06T12:22:49.8176742Z /usr/bin/tar: ../../../../../usr/local/lib/android/sdk/platforms/android-36-ext19/data/res/values-mcc310-mnc030-pt-rBR: Cannot utime: Operation not permitted
build	Cache Android SDK	2026-06-06T12:22:49.8177220Z /usr/bin/tar: ../../../../../usr/local/lib/android/sdk/platforms/android-36-ext19/data/res/values-mcc310-mnc030-pt-rBR: Cannot change mode to rwxr-xr-x: Operation not permitted
build	Cache Android SDK	2026-06-06T12:22:49.8179876Z /usr/bin/tar: ../../../../../usr/local/lib/android/sdk/platforms/android-36-ext19/data/res/values-mcc334-mnc020-lv: Cannot utime: Operation not permitted
build	Cache Android SDK	2026-06-06T12:22:49.8180346Z /usr/bin/tar: ../../../../../usr/local/lib/android/sdk/platforms/android-36-ext19/data/res/values-mcc334-mnc020-lv: Cannot change mode to rwxr-xr-x: Operation not permitted
build	Cache Android SDK	2026-06-06T12:22:49.8182790Z /usr/bin/tar: ../../../../../usr/local/lib/android/sdk/platforms/android-36-ext19/data/res/values-hr-watch: Cannot utime: Operation not permitted
build	Cache Android SDK	2026-06-06T12:22:49.8183246Z /usr/bin/tar: ../../../../../usr/local/lib/android/sdk/platforms/android-36-ext19/data/res/values-hr-watch: Cannot change mode to rwxr-xr-x: Operation not permitted
build	Cache Android SDK	2026-06-06T12:22:49.8186091Z /usr/bin/tar: ../../../../../usr/local/lib/android/sdk/platforms/android-36-ext19/data/res/values-mcc310-mnc380-lo: Cannot utime: Operation not permitted
build	Cache Android SDK	2026-06-06T12:22:49.8186861Z /usr/bin/tar: ../../../../../usr/local/lib/android/sdk/platforms/android-36-ext19/data/res/values-mcc310-mnc380-lo: Cannot change mode to rwxr-xr-x: Operation not permitted
build	Cache Android SDK	2026-06-06T12:22:49.8190156Z /usr/bin/tar: ../../../../../usr/local/lib/android/sdk/platforms/android-36-ext19/data/res/values-mcc311-mnc180-mk: Cannot utime: Operation not permitted
build	Cache Android SDK	2026-06-06T12:22:49.8190751Z /usr/bin/tar: ../../../../../usr/local/lib/android/sdk/platforms/android-36-ext19/data/res/values-mcc311-mnc180-mk: Cannot change mode to rwxr-xr-x: Operation not permitted
build	Cache Android SDK	2026-06-06T12:22:49.8193086Z /usr/bin/tar: ../../../../../usr/local/lib/android/sdk/platforms/android-36-ext19/data/res/values-mcc310-mnc170-ro: Cannot utime: Operation not permitted
build	Cache Android SDK	2026-06-06T12:22:49.8193704Z /usr/bin/tar: ../../../../../usr/local/lib/android/sdk/platforms/android-36-ext19/data/res/values-mcc310-mnc170-ro: Cannot change mode to rwxr-xr-x: Operation not permitted
build	Cache Android SDK	2026-06-06T12:22:49.8196451Z /usr/bin/tar: ../../../../../usr/local/lib/android/sdk/platforms/android-36-ext19/data/res/values-mcc310-mnc200-bn: Cannot utime: Operation not permitted
build	Cache Android SDK	2026-06-06T12:22:49.8196937Z /usr/bin/tar: ../../../../../usr/local/lib/android/sdk/platforms/android-36-ext19/data/res/values-mcc310-mnc200-bn: Cannot change mode to rwxr-xr-x: Operation not permitted
build	Cache Android SDK	2026-06-06T12:22:49.8203833Z /usr/bin/tar: ../../../../../usr/local/lib/android/sdk/platforms/android-36-ext19/data/res/values-mcc310-mnc250: Cannot utime: Operation not permitted
build	Cache Android SDK	2026-06-06T12:22:49.8204347Z /usr/bin/tar: ../../../../../usr/local/lib/android/sdk/platforms/android-36-ext19/data/res/values-mcc310-mnc250: Cannot change mode to rwxr-xr-x: Operation not permitted
build	Cache Android SDK	2026-06-06T12:22:49.8208118Z /usr/bin/tar: ../../../../../usr/local/lib/android/sdk/platforms/android-36-ext19/data/res/values-mcc310-mnc660-ru: Cannot utime: Operation not permitted
build	Cache Android SDK	2026-06-06T12:22:49.8209021Z /usr/bin/tar: ../../../../../usr/local/lib/android/sdk/platforms/android-36-ext19/data/res/values-mcc310-mnc660-ru: Cannot change mode to rwxr-xr-x: Operation not permitted
build	Cache Android SDK	2026-06-06T12:22:49.8212655Z /usr/bin/tar: ../../../../../usr/local/lib/android/sdk/platforms/android-36-ext19/data/res/values-mcc310-mnc220-pa: Cannot utime: Operation not permitted
build	Cache Android SDK	2026-06-06T12:22:49.8213178Z /usr/bin/tar: ../../../../../usr/local/lib/android/sdk/platforms/android-36-ext19/data/res/values-mcc310-mnc220-pa: Cannot change mode to rwxr-xr-x: Operation not permitted
build	Cache Android SDK	2026-06-06T12:22:49.8216541Z /usr/bin/tar: ../../../../../usr/local/lib/android/sdk/platforms/android-36-ext19/data/res/values-w204dp-round-watch: Cannot utime: Operation not permitted
build	Cache Android SDK	2026-06-06T12:22:49.8217341Z /usr/bin/tar: ../../../../../usr/local/lib/android/sdk/platforms/android-36-ext19/data/res/values-w204dp-round-watch: Cannot change mode to rwxr-xr-x: Operation not permitted
build	Cache Android SDK	2026-06-06T12:22:49.8220018Z /usr/bin/tar: ../../../../../usr/local/lib/android/sdk/platforms/android-36-ext19/data/res/values-mcc310-mnc800-ja: Cannot utime: Operation not permitted
build	Cache Android SDK	2026-06-06T12:22:49.8220492Z /usr/bin/tar: ../../../../../usr/local/lib/android/sdk/platforms/android-36-ext19/data/res/values-mcc310-mnc800-ja: Cannot change mode to rwxr-xr-x: Operation not permitted
build	Cache Android SDK	2026-06-06T12:22:49.8224008Z /usr/bin/tar: ../../../../../usr/local/lib/android/sdk/platforms/android-36-ext19/data/res/values-mcc310-mnc490-is: Cannot utime: Operation not permitted
build	Cache Android SDK	2026-06-06T12:22:49.8224472Z /usr/bin/tar: ../../../../../usr/local/lib/android/sdk/platforms/android-36-ext19/data/res/values-mcc310-mnc490-is: Cannot change mode to rwxr-xr-x: Operation not permitted
build	Cache Android SDK	2026-06-06T12:22:49.8227285Z /usr/bin/tar: ../../../../../usr/local/lib/android/sdk/platforms/android-36-ext19/data/res/values-mcc302-mnc720-fi: Cannot utime: Operation not permitted
build	Cache Android SDK	2026-06-06T12:22:49.8227953Z /usr/bin/tar: ../../../../../usr/local/lib/android/sdk/platforms/android-36-ext19/data/res/values-mcc302-mnc720-fi: Cannot change mode to rwxr-xr-x: Operation not permitted
build	Cache Android SDK	2026-06-06T12:22:49.8230519Z /usr/bin/tar: ../../../../../usr/local/lib/android/sdk/platforms/android-36-ext19/data/res/values-mcc310-mnc270-mn: Cannot utime: Operation not permitted
build	Cache Android SDK	2026-06-06T12:22:49.8230986Z /usr/bin/tar: ../../../../../usr/local/lib/android/sdk/platforms/android-36-ext19/data/res/values-mcc310-mnc270-mn: Cannot change mode to rwxr-xr-x: Operation not permitted
build	Cache Android SDK	2026-06-06T12:22:49.8234114Z /usr/bin/tar: ../../../../../usr/local/lib/android/sdk/platforms/android-36-ext19/data/res/values-mcc312-mnc670-ar: Cannot utime: Operation not permitted
build	Cache Android SDK	2026-06-06T12:22:49.8234585Z /usr/bin/tar: ../../../../../usr/local/lib/android/sdk/platforms/android-36-ext19/data/res/values-mcc312-mnc670-ar: Cannot change mode to rwxr-xr-x: Operation not permitted
build	Cache Android SDK	2026-06-06T12:22:49.8237922Z /usr/bin/tar: ../../../../../usr/local/lib/android/sdk/platforms/android-36-ext19/data/res/values-mcc313-mnc100-hu: Cannot utime: Operation not permitted
build	Cache Android SDK	2026-06-06T12:22:49.8238515Z /usr/bin/tar: ../../../../../usr/local/lib/android/sdk/platforms/android-36-ext19/data/res/values-mcc313-mnc100-hu: Cannot change mode to rwxr-xr-x: Operation not permitted
build	Cache Android SDK	2026-06-06T12:22:49.8241698Z /usr/bin/tar: ../../../../../usr/local/lib/android/sdk/platforms/android-36-ext19/data/res/values-in-television: Cannot utime: Operation not permitted
build	Cache Android SDK	2026-06-06T12:22:49.8242164Z /usr/bin/tar: ../../../../../usr/local/lib/android/sdk/platforms/android-36-ext19/data/res/values-in-television: Cannot change mode to rwxr-xr-x: Operation not permitted
build	Cache Android SDK	2026-06-06T12:22:49.8248990Z /usr/bin/tar: ../../../../../usr/local/lib/android/sdk/platforms/android-36-ext19/data/res/values-or: Cannot utime: Operation not permitted
build	Cache Android SDK	2026-06-06T12:22:49.8249809Z /usr/bin/tar: ../../../../../usr/local/lib/android/sdk/platforms/android-36-ext19/data/res/values-or: Cannot change mode to rwxr-xr-x: Operation not permitted
build	Cache Android SDK	2026-06-06T12:22:49.8252080Z /usr/bin/tar: ../../../../../usr/local/lib/android/sdk/platforms/android-36-ext19/data/res/values-mcc310-mnc230-b+sr+Latn: Cannot utime: Operation not permitted
build	Cache Android SDK	2026-06-06T12:22:49.8252607Z /usr/bin/tar: ../../../../../usr/local/lib/android/sdk/platforms/android-36-ext19/data/res/values-mcc310-mnc230-b+sr+Latn: Cannot change mode to rwxr-xr-x: Operation not permitted
build	Cache Android SDK	2026-06-06T12:22:49.8254896Z /usr/bin/tar: ../../../../../usr/local/lib/android/sdk/platforms/android-36-ext19/data/res/values-mcc222-mnc10: Cannot utime: Operation not permitted
build	Cache Android SDK	2026-06-06T12:22:49.8255361Z /usr/bin/tar: ../../../../../usr/local/lib/android/sdk/platforms/android-36-ext19/data/res/values-mcc222-mnc10: Cannot change mode to rwxr-xr-x: Operation not permitted
build	Cache Android SDK	2026-06-06T12:22:49.8259147Z /usr/bin/tar: ../../../../../usr/local/lib/android/sdk/platforms/android-36-ext19/data/res/values-mcc310-mnc310-ru: Cannot utime: Operation not permitted
build	Cache Android SDK	2026-06-06T12:22:49.8259776Z /usr/bin/tar: ../../../../../usr/local/lib/android/sdk/platforms/android-36-ext19/data/res/values-mcc310-mnc310-ru: Cannot change mode to rwxr-xr-x: Operation not permitted
build	Cache Android SDK	2026-06-06T12:22:49.8262869Z /usr/bin/tar: ../../../../../usr/local/lib/android/sdk/platforms/android-36-ext19/data/res/values-mcc310-mnc240-sk: Cannot utime: Operation not permitted
build	Cache Android SDK	2026-06-06T12:22:49.8263340Z /usr/bin/tar: ../../../../../usr/local/lib/android/sdk/platforms/android-36-ext19/data/res/values-mcc310-mnc240-sk: Cannot change mode to rwxr-xr-x: Operation not permitted
build	Cache Android SDK	2026-06-06T12:22:49.8266372Z /usr/bin/tar: ../../../../../usr/local/lib/android/sdk/platforms/android-36-ext19/data/res/values-mcc310-mnc210-fa: Cannot utime: Operation not permitted
build	Cache Android SDK	2026-06-06T12:22:49.8269728Z /usr/bin/tar: ../../../../../usr/local/lib/android/sdk/platforms/android-36-ext19/data/res/values-mcc310-mnc210-fa: Cannot change mode to rwxr-xr-x: Operation not permitted
build	Cache Android SDK	2026-06-06T12:22:49.8270244Z /usr/bin/tar: ../../../../../usr/local/lib/android/sdk/platforms/android-36-ext19/data/res/values-mcc310-mnc200-et: Cannot utime: Operation not permitted
build	Cache Android SDK	2026-06-06T12:22:49.8270705Z /usr/bin/tar: ../../../../../usr/local/lib/android/sdk/platforms/android-36-ext19/data/res/values-mcc310-mnc200-et: Cannot change mode to rwxr-xr-x: Operation not permitted
build	Cache Android SDK	2026-06-06T12:22:49.8276203Z /usr/bin/tar: ../../../../../usr/local/lib/android/sdk/platforms/android-36-ext19/data/res/values-ko: Cannot utime: Operation not permitted
build	Cache Android SDK	2026-06-06T12:22:49.8276649Z /usr/bin/tar: ../../../../../usr/local/lib/android/sdk/platforms/android-36-ext19/data/res/values-ko: Cannot change mode to rwxr-xr-x: Operation not permitted
build	Cache Android SDK	2026-06-06T12:22:49.8282248Z /usr/bin/tar: ../../../../../usr/local/lib/android/sdk/platforms/android-36-ext19/data/res/values-en-rAU-television: Cannot utime: Operation not permitted
build	Cache Android SDK	2026-06-06T12:22:49.8282736Z /usr/bin/tar: ../../../../../usr/local/lib/android/sdk/platforms/android-36-ext19/data/res/values-en-rAU-television: Cannot change mode to rwxr-xr-x: Operation not permitted
build	Cache Android SDK	2026-06-06T12:22:49.8285083Z /usr/bin/tar: ../../../../../usr/local/lib/android/sdk/platforms/android-36-ext19/data/res/values-hy-watch: Cannot utime: Operation not permitted
build	Cache Android SDK	2026-06-06T12:22:49.8285526Z /usr/bin/tar: ../../../../../usr/local/lib/android/sdk/platforms/android-36-ext19/data/res/values-hy-watch: Cannot change mode to rwxr-xr-x: Operation not permitted
build	Cache Android SDK	2026-06-06T12:22:49.8288348Z /usr/bin/tar: ../../../../../usr/local/lib/android/sdk/platforms/android-36-ext19/data/res/values-mcc311-mnc180-kn: Cannot utime: Operation not permitted
build	Cache Android SDK	2026-06-06T12:22:49.8288816Z /usr/bin/tar: ../../../../../usr/local/lib/android/sdk/platforms/android-36-ext19/data/res/values-mcc311-mnc180-kn: Cannot change mode to rwxr-xr-x: Operation not permitted
build	Cache Android SDK	2026-06-06T12:22:49.8291392Z /usr/bin/tar: ../../../../../usr/local/lib/android/sdk/platforms/android-36-ext19/data/res/values-mcc310-mnc210-pl: Cannot utime: Operation not permitted
build	Cache Android SDK	2026-06-06T12:22:49.8291961Z /usr/bin/tar: ../../../../../usr/local/lib/android/sdk/platforms/android-36-ext19/data/res/values-mcc310-mnc210-pl: Cannot change mode to rwxr-xr-x: Operation not permitted
build	Cache Android SDK	2026-06-06T12:22:49.8294495Z /usr/bin/tar: ../../../../../usr/local/lib/android/sdk/platforms/android-36-ext19/data/res/values-mcc310-mnc230-is: Cannot utime: Operation not permitted
build	Cache Android SDK	2026-06-06T12:22:49.8294956Z /usr/bin/tar: ../../../../../usr/local/lib/android/sdk/platforms/android-36-ext19/data/res/values-mcc310-mnc230-is: Cannot change mode to rwxr-xr-x: Operation not permitted
build	Cache Android SDK	2026-06-06T12:22:49.8297596Z /usr/bin/tar: ../../../../../usr/local/lib/android/sdk/platforms/android-36-ext19/data/res/values-mcc712-mnc04: Cannot utime: Operation not permitted
build	Cache Android SDK	2026-06-06T12:22:49.8298055Z /usr/bin/tar: ../../../../../usr/local/lib/android/sdk/platforms/android-36-ext19/data/res/values-mcc712-mnc04: Cannot change mode to rwxr-xr-x: Operation not permitted
build	Cache Android SDK	2026-06-06T12:22:49.8301006Z /usr/bin/tar: ../../../../../usr/local/lib/android/sdk/platforms/android-36-ext19/data/res/values-mcc310-mnc490-ur: Cannot utime: Operation not permitted
build	Cache Android SDK	2026-06-06T12:22:49.8301465Z /usr/bin/tar: ../../../../../usr/local/lib/android/sdk/platforms/android-36-ext19/data/res/values-mcc310-mnc490-ur: Cannot change mode to rwxr-xr-x: Operation not permitted
build	Cache Android SDK	2026-06-06T12:22:49.8304075Z /usr/bin/tar: ../../../../../usr/local/lib/android/sdk/platforms/android-36-ext19/data/res/values-mcc311-mnc180-sl: Cannot utime: Operation not permitted
build	Cache Android SDK	2026-06-06T12:22:49.8304530Z /usr/bin/tar: ../../../../../usr/local/lib/android/sdk/platforms/android-36-ext19/data/res/values-mcc311-mnc180-sl: Cannot change mode to rwxr-xr-x: Operation not permitted
build	Cache Android SDK	2026-06-06T12:22:49.8307024Z /usr/bin/tar: ../../../../../usr/local/lib/android/sdk/platforms/android-36-ext19/data/res/values-mcc310-mnc170-mk: Cannot utime: Operation not permitted
build	Cache Android SDK	2026-06-06T12:22:49.8307663Z /usr/bin/tar: ../../../../../usr/local/lib/android/sdk/platforms/android-36-ext19/data/res/values-mcc310-mnc170-mk: Cannot change mode to rwxr-xr-x: Operation not permitted
build	Cache Android SDK	2026-06-06T12:22:49.8310187Z /usr/bin/tar: ../../../../../usr/local/lib/android/sdk/platforms/android-36-ext19/data/res/values-mcc310-mnc950-th: Cannot utime: Operation not permitted
build	Cache Android SDK	2026-06-06T12:22:49.8310646Z /usr/bin/tar: ../../../../../usr/local/lib/android/sdk/platforms/android-36-ext19/data/res/values-mcc310-mnc950-th: Cannot change mode to rwxr-xr-x: Operation not permitted
build	Cache Android SDK	2026-06-06T12:22:49.8313308Z /usr/bin/tar: ../../../../../usr/local/lib/android/sdk/platforms/android-36-ext19/data/res/values-mcc310-mnc660-nb: Cannot utime: Operation not permitted
build	Cache Android SDK	2026-06-06T12:22:49.8313777Z /usr/bin/tar: ../../../../../usr/local/lib/android/sdk/platforms/android-36-ext19/data/res/values-mcc310-mnc660-nb: Cannot change mode to rwxr-xr-x: Operation not permitted
build	Cache Android SDK	2026-06-06T12:22:49.8317031Z /usr/bin/tar: ../../../../../usr/local/lib/android/sdk/platforms/android-36-ext19/data/res/values-mcc310-mnc030-pa: Cannot utime: Operation not permitted
build	Cache Android SDK	2026-06-06T12:22:49.8317641Z /usr/bin/tar: ../../../../../usr/local/lib/android/sdk/platforms/android-36-ext19/data/res/values-mcc310-mnc030-pa: Cannot change mode to rwxr-xr-x: Operation not permitted
build	Cache Android SDK	2026-06-06T12:22:49.8320624Z /usr/bin/tar: ../../../../../usr/local/lib/android/sdk/platforms/android-36-ext19/data/res/values-gu-watch: Cannot utime: Operation not permitted
build	Cache Android SDK	2026-06-06T12:22:49.8321064Z /usr/bin/tar: ../../../../../usr/local/lib/android/sdk/platforms/android-36-ext19/data/res/values-gu-watch: Cannot change mode to rwxr-xr-x: Operation not permitted
build	Cache Android SDK	2026-06-06T12:22:49.8323686Z /usr/bin/tar: ../../../../../usr/local/lib/android/sdk/platforms/android-36-ext19/data/res/values-mcc310-mnc660-si: Cannot utime: Operation not permitted
build	Cache Android SDK	2026-06-06T12:22:49.8324151Z /usr/bin/tar: ../../../../../usr/local/lib/android/sdk/platforms/android-36-ext19/data/res/values-mcc310-mnc660-si: Cannot change mode to rwxr-xr-x: Operation not permitted
build	Cache Android SDK	2026-06-06T12:22:49.8327221Z /usr/bin/tar: ../../../../../usr/local/lib/android/sdk/platforms/android-36-ext19/data/res/values-mcc310-mnc380-eu: Cannot utime: Operation not permitted
build	Cache Android SDK	2026-06-06T12:22:49.8327833Z /usr/bin/tar: ../../../../../usr/local/lib/android/sdk/platforms/android-36-ext19/data/res/values-mcc310-mnc380-eu: Cannot change mode to rwxr-xr-x: Operation not permitted
build	Cache Android SDK	2026-06-06T12:22:49.8330745Z /usr/bin/tar: ../../../../../usr/local/lib/android/sdk/platforms/android-36-ext19/data/res/values-mcc334-mnc020-pa: Cannot utime: Operation not permitted
build	Cache Android SDK	2026-06-06T12:22:49.8331218Z /usr/bin/tar: ../../../../../usr/local/lib/android/sdk/platforms/android-36-ext19/data/res/values-mcc334-mnc020-pa: Cannot change mode to rwxr-xr-x: Operation not permitted
build	Cache Android SDK	2026-06-06T12:22:49.8333934Z /usr/bin/tar: ../../../../../usr/local/lib/android/sdk/platforms/android-36-ext19/data/res/values-mcc310-mnc560-fr: Cannot utime: Operation not permitted
build	Cache Android SDK	2026-06-06T12:22:49.8334405Z /usr/bin/tar: ../../../../../usr/local/lib/android/sdk/platforms/android-36-ext19/data/res/values-mcc310-mnc560-fr: Cannot change mode to rwxr-xr-x: Operation not permitted
build	Cache Android SDK	2026-06-06T12:22:49.8337162Z /usr/bin/tar: ../../../../../usr/local/lib/android/sdk/platforms/android-36-ext19/data/res/values-mcc334-mnc020-pt-rBR: Cannot utime: Operation not permitted
build	Cache Android SDK	2026-06-06T12:22:49.8337839Z /usr/bin/tar: ../../../../../usr/local/lib/android/sdk/platforms/android-36-ext19/data/res/values-mcc334-mnc020-pt-rBR: Cannot change mode to rwxr-xr-x: Operation not permitted
build	Cache Android SDK	2026-06-06T12:22:49.8340596Z /usr/bin/tar: ../../../../../usr/local/lib/android/sdk/platforms/android-36-ext19/data/res/values-mcc313-mnc100-ur: Cannot utime: Operation not permitted
build	Cache Android SDK	2026-06-06T12:22:49.8341068Z /usr/bin/tar: ../../../../../usr/local/lib/android/sdk/platforms/android-36-ext19/data/res/values-mcc313-mnc100-ur: Cannot change mode to rwxr-xr-x: Operation not permitted
build	Cache Android SDK	2026-06-06T12:22:49.8344369Z /usr/bin/tar: ../../../../../usr/local/lib/android/sdk/platforms/android-36-ext19/data/res/values-mcc310-mnc230-ml: Cannot utime: Operation not permitted
build	Cache Android SDK	2026-06-06T12:22:49.8344937Z /usr/bin/tar: ../../../../../usr/local/lib/android/sdk/platforms/android-36-ext19/data/res/values-mcc310-mnc230-ml: Cannot change mode to rwxr-xr-x: Operation not permitted
build	Cache Android SDK	2026-06-06T12:22:49.8347601Z /usr/bin/tar: ../../../../../usr/local/lib/android/sdk/platforms/android-36-ext19/data/res/values-sr-rRS: Cannot utime: Operation not permitted
build	Cache Android SDK	2026-06-06T12:22:49.8348146Z /usr/bin/tar: ../../../../../usr/local/lib/android/sdk/platforms/android-36-ext19/data/res/values-sr-rRS: Cannot change mode to rwxr-xr-x: Operation not permitted
build	Cache Android SDK	2026-06-06T12:22:49.8351361Z /usr/bin/tar: ../../../../../usr/local/lib/android/sdk/platforms/android-36-ext19/data/res/values-mcc310-mnc160-cs: Cannot utime: Operation not permitted
build	Cache Android SDK	2026-06-06T12:22:49.8351833Z /usr/bin/tar: ../../../../../usr/local/lib/android/sdk/platforms/android-36-ext19/data/res/values-mcc310-mnc160-cs: Cannot change mode to rwxr-xr-x: Operation not permitted
build	Cache Android SDK	2026-06-06T12:22:49.8355311Z /usr/bin/tar: ../../../../../usr/local/lib/android/sdk/platforms/android-36-ext19/data/res/values-mcc240-mnc01: Cannot utime: Operation not permitted
build	Cache Android SDK	2026-06-06T12:22:49.8355885Z /usr/bin/tar: ../../../../../usr/local/lib/android/sdk/platforms/android-36-ext19/data/res/values-mcc240-mnc01: Cannot change mode to rwxr-xr-x: Operation not permitted
build	Cache Android SDK	2026-06-06T12:22:49.8359180Z /usr/bin/tar: ../../../../../usr/local/lib/android/sdk/platforms/android-36-ext19/data/res/values-mcc310-mnc800-fr: Cannot utime: Operation not permitted
build	Cache Android SDK	2026-06-06T12:22:49.8359644Z /usr/bin/tar: ../../../../../usr/local/lib/android/sdk/platforms/android-36-ext19/data/res/values-mcc310-mnc800-fr: Cannot change mode to rwxr-xr-x: Operation not permitted
build	Cache Android SDK	2026-06-06T12:22:49.8362959Z /usr/bin/tar: ../../../../../usr/local/lib/android/sdk/platforms/android-36-ext19/data/res/values-mcc310-mnc490-pt-rPT: Cannot utime: Operation not permitted
build	Cache Android SDK	2026-06-06T12:22:49.8363542Z /usr/bin/tar: ../../../../../usr/local/lib/android/sdk/platforms/android-36-ext19/data/res/values-mcc310-mnc490-pt-rPT: Cannot change mode to rwxr-xr-x: Operation not permitted
build	Cache Android SDK	2026-06-06T12:22:49.8367222Z /usr/bin/tar: ../../../../../usr/local/lib/android/sdk/platforms/android-36-ext19/data/res/values-mcc310-mnc160-bn: Cannot utime: Operation not permitted
build	Cache Android SDK	2026-06-06T12:22:49.8367794Z /usr/bin/tar: ../../../../../usr/local/lib/android/sdk/platforms/android-36-ext19/data/res/values-mcc310-mnc160-bn: Cannot change mode to rwxr-xr-x: Operation not permitted
build	Cache Android SDK	2026-06-06T12:22:49.8375574Z /usr/bin/tar: ../../../../../usr/local/lib/android/sdk/platforms/android-36-ext19/data/res/values-in: Cannot utime: Operation not permitted
build	Cache Android SDK	2026-06-06T12:22:49.8376096Z /usr/bin/tar: ../../../../../usr/local/lib/android/sdk/platforms/android-36-ext19/data/res/values-in: Cannot change mode to rwxr-xr-x: Operation not permitted
build	Cache Android SDK	2026-06-06T12:22:49.8378762Z /usr/bin/tar: ../../../../../usr/local/lib/android/sdk/platforms/android-36-ext19/data/res/values-mcc310-mnc220-kn: Cannot utime: Operation not permitted
build	Cache Android SDK	2026-06-06T12:22:49.8379411Z /usr/bin/tar: ../../../../../usr/local/lib/android/sdk/platforms/android-36-ext19/data/res/values-mcc310-mnc220-kn: Cannot change mode to rwxr-xr-x: Operation not permitted
build	Cache Android SDK	2026-06-06T12:22:49.8382431Z /usr/bin/tar: ../../../../../usr/local/lib/android/sdk/platforms/android-36-ext19/data/res/values-mcc214: Cannot utime: Operation not permitted
build	Cache Android SDK	2026-06-06T12:22:49.8382865Z /usr/bin/tar: ../../../../../usr/local/lib/android/sdk/platforms/android-36-ext19/data/res/values-mcc214: Cannot change mode to rwxr-xr-x: Operation not permitted
build	Cache Android SDK	2026-06-06T12:22:49.8386593Z /usr/bin/tar: ../../../../../usr/local/lib/android/sdk/platforms/android-36-ext19/data/res/values-mcc310-mnc660-zh-rTW: Cannot utime: Operation not permitted
build	Cache Android SDK	2026-06-06T12:22:49.8387099Z /usr/bin/tar: ../../../../../usr/local/lib/android/sdk/platforms/android-36-ext19/data/res/values-mcc310-mnc660-zh-rTW: Cannot change mode to rwxr-xr-x: Operation not permitted
build	Cache Android SDK	2026-06-06T12:22:49.8390249Z /usr/bin/tar: ../../../../../usr/local/lib/android/sdk/platforms/android-36-ext19/data/res/values-is-television: Cannot utime: Operation not permitted
build	Cache Android SDK	2026-06-06T12:22:49.8390820Z /usr/bin/tar: ../../../../../usr/local/lib/android/sdk/platforms/android-36-ext19/data/res/values-is-television: Cannot change mode to rwxr-xr-x: Operation not permitted
build	Cache Android SDK	2026-06-06T12:22:49.8402273Z /usr/bin/tar: ../../../../../usr/local/lib/android/sdk/platforms/android-36-ext19/data/res/values-en-rIN: Cannot utime: Operation not permitted
build	Cache Android SDK	2026-06-06T12:22:49.8403615Z /usr/bin/tar: ../../../../../usr/local/lib/android/sdk/platforms/android-36-ext19/data/res/values-en-rIN: Cannot change mode to rwxr-xr-x: Operation not permitted
build	Cache Android SDK	2026-06-06T12:22:49.8404749Z /usr/bin/tar: ../../../../../usr/local/lib/android/sdk/platforms/android-36-ext19/data/res/values-sw-watch: Cannot utime: Operation not permitted
build	Cache Android SDK	2026-06-06T12:22:49.8406375Z /usr/bin/tar: ../../../../../usr/local/lib/android/sdk/platforms/android-36-ext19/data/res/values-sw-watch: Cannot change mode to rwxr-xr-x: Operation not permitted
build	Cache Android SDK	2026-06-06T12:22:49.8408449Z /usr/bin/tar: ../../../../../usr/local/lib/android/sdk/platforms/android-36-ext19/data/res/values-mcc310-mnc270-sv: Cannot utime: Operation not permitted
build	Cache Android SDK	2026-06-06T12:22:49.8409988Z /usr/bin/tar: ../../../../../usr/local/lib/android/sdk/platforms/android-36-ext19/data/res/values-mcc310-mnc270-sv: Cannot change mode to rwxr-xr-x: Operation not permitted
build	Cache Android SDK	2026-06-06T12:22:49.8410957Z /usr/bin/tar: ../../../../../usr/local/lib/android/sdk/platforms/android-36-ext19/data/res/values-mcc310-mnc490-bg: Cannot utime: Operation not permitted
build	Cache Android SDK	2026-06-06T12:22:49.8412589Z /usr/bin/tar: ../../../../../usr/local/lib/android/sdk/platforms/android-36-ext19/data/res/values-mcc310-mnc490-bg: Cannot change mode to rwxr-xr-x: Operation not permitted
build	Cache Android SDK	2026-06-06T12:22:49.8413632Z /usr/bin/tar: ../../../../../usr/local/lib/android/sdk/platforms/android-36-ext19/data/res/values-mcc466-mnc11: Cannot utime: Operation not permitted
build	Cache Android SDK	2026-06-06T12:22:49.8414816Z /usr/bin/tar: ../../../../../usr/local/lib/android/sdk/platforms/android-36-ext19/data/res/values-mcc466-mnc11: Cannot change mode to rwxr-xr-x: Operation not permitted
build	Cache Android SDK	2026-06-06T12:22:49.8416370Z /usr/bin/tar: ../../../../../usr/local/lib/android/sdk/platforms/android-36-ext19/data/res/values-mcc310-mnc200-my: Cannot utime: Operation not permitted
build	Cache Android SDK	2026-06-06T12:22:49.8417515Z /usr/bin/tar: ../../../../../usr/local/lib/android/sdk/platforms/android-36-ext19/data/res/values-mcc310-mnc200-my: Cannot change mode to rwxr-xr-x: Operation not permitted
build	Cache Android SDK	2026-06-06T12:22:49.8420415Z /usr/bin/tar: ../../../../../usr/local/lib/android/sdk/platforms/android-36-ext19/data/res/values-mcc310-mnc210-ka: Cannot utime: Operation not permitted
build	Cache Android SDK	2026-06-06T12:22:49.8421450Z /usr/bin/tar: ../../../../../usr/local/lib/android/sdk/platforms/android-36-ext19/data/res/values-mcc310-mnc210-ka: Cannot change mode to rwxr-xr-x: Operation not permitted
build	Cache Android SDK	2026-06-06T12:22:49.8501288Z /usr/bin/tar: ../../../../../usr/local/lib/android/sdk/platforms/android-36-ext19/data/res/anim: Cannot utime: Operation not permitted
build	Cache Android SDK	2026-06-06T12:22:49.8502472Z /usr/bin/tar: ../../../../../usr/local/lib/android/sdk/platforms/android-36-ext19/data/res/anim: Cannot change mode to rwxr-xr-x: Operation not permitted
build	Cache Android SDK	2026-06-06T12:22:49.8503914Z /usr/bin/tar: ../../../../../usr/local/lib/android/sdk/platforms/android-36-ext19/data/res/values-mcc310-mnc560-sw: Cannot utime: Operation not permitted
build	Cache Android SDK	2026-06-06T12:22:49.8504918Z /usr/bin/tar: ../../../../../usr/local/lib/android/sdk/platforms/android-36-ext19/data/res/values-mcc310-mnc560-sw: Cannot change mode to rwxr-xr-x: Operation not permitted
build	Cache Android SDK	2026-06-06T12:22:49.8507151Z /usr/bin/tar: ../../../../../usr/local/lib/android/sdk/platforms/android-36-ext19/data/res/values-mcc310-mnc270-ka: Cannot utime: Operation not permitted
build	Cache Android SDK	2026-06-06T12:22:49.8508305Z /usr/bin/tar: ../../../../../usr/local/lib/android/sdk/platforms/android-36-ext19/data/res/values-mcc310-mnc270-ka: Cannot change mode to rwxr-xr-x: Operation not permitted
build	Cache Android SDK	2026-06-06T12:22:49.8510354Z /usr/bin/tar: ../../../../../usr/local/lib/android/sdk/platforms/android-36-ext19/data/res/values-mcc334-mnc020-af: Cannot utime: Operation not permitted
build	Cache Android SDK	2026-06-06T12:22:49.8511321Z /usr/bin/tar: ../../../../../usr/local/lib/android/sdk/platforms/android-36-ext19/data/res/values-mcc334-mnc020-af: Cannot change mode to rwxr-xr-x: Operation not permitted
build	Cache Android SDK	2026-06-06T12:22:49.8514529Z /usr/bin/tar: ../../../../../usr/local/lib/android/sdk/platforms/android-36-ext19/data/res/values-mcc310-mnc560-el: Cannot utime: Operation not permitted
build	Cache Android SDK	2026-06-06T12:22:49.8515488Z /usr/bin/tar: ../../../../../usr/local/lib/android/sdk/platforms/android-36-ext19/data/res/values-mcc310-mnc560-el: Cannot change mode to rwxr-xr-x: Operation not permitted
build	Cache Android SDK	2026-06-06T12:22:49.8520660Z /usr/bin/tar: ../../../../../usr/local/lib/android/sdk/platforms/android-36-ext19/data/res/layout-xlarge: Cannot utime: Operation not permitted
build	Cache Android SDK	2026-06-06T12:22:49.8521569Z /usr/bin/tar: ../../../../../usr/local/lib/android/sdk/platforms/android-36-ext19/data/res/layout-xlarge: Cannot change mode to rwxr-xr-x: Operation not permitted
build	Cache Android SDK	2026-06-06T12:22:49.8523226Z /usr/bin/tar: ../../../../../usr/local/lib/android/sdk/platforms/android-36-ext19/data/res/values-mcc001-mnc01-bn: Cannot utime: Operation not permitted
build	Cache Android SDK	2026-06-06T12:22:49.8524172Z /usr/bin/tar: ../../../../../usr/local/lib/android/sdk/platforms/android-36-ext19/data/res/values-mcc001-mnc01-bn: Cannot change mode to rwxr-xr-x: Operation not permitted
build	Cache Android SDK	2026-06-06T12:22:49.8526747Z /usr/bin/tar: ../../../../../usr/local/lib/android/sdk/platforms/android-36-ext19/data/res/values-mcc310-mnc270-zh-rCN: Cannot utime: Operation not permitted
build	Cache Android SDK	2026-06-06T12:22:49.8528419Z /usr/bin/tar: ../../../../../usr/local/lib/android/sdk/platforms/android-36-ext19/data/res/values-mcc310-mnc270-zh-rCN: Cannot change mode to rwxr-xr-x: Operation not permitted
build	Cache Android SDK	2026-06-06T12:22:49.8529901Z /usr/bin/tar: ../../../../../usr/local/lib/android/sdk/platforms/android-36-ext19/data/res/values-mcc302-mnc370-zu: Cannot utime: Operation not permitted
build	Cache Android SDK	2026-06-06T12:22:49.8531131Z /usr/bin/tar: ../../../../../usr/local/lib/android/sdk/platforms/android-36-ext19/data/res/values-mcc302-mnc370-zu: Cannot change mode to rwxr-xr-x: Operation not permitted
build	Cache Android SDK	2026-06-06T12:22:49.8532909Z /usr/bin/tar: ../../../../../usr/local/lib/android/sdk/platforms/android-36-ext19/data/res/values-mcc310-mnc210-ne: Cannot utime: Operation not permitted
build	Cache Android SDK	2026-06-06T12:22:49.8533902Z /usr/bin/tar: ../../../../../usr/local/lib/android/sdk/platforms/android-36-ext19/data/res/values-mcc310-mnc210-ne: Cannot change mode to rwxr-xr-x: Operation not permitted
build	Cache Android SDK	2026-06-06T12:22:49.8536247Z /usr/bin/tar: ../../../../../usr/local/lib/android/sdk/platforms/android-36-ext19/data/res/values-mcc302-mnc370-en-rIN: Cannot utime: Operation not permitted
build	Cache Android SDK	2026-06-06T12:22:49.8537250Z /usr/bin/tar: ../../../../../usr/local/lib/android/sdk/platforms/android-36-ext19/data/res/values-mcc302-mnc370-en-rIN: Cannot change mode to rwxr-xr-x: Operation not permitted
build	Cache Android SDK	2026-06-06T12:22:49.8539601Z /usr/bin/tar: ../../../../../usr/local/lib/android/sdk/platforms/android-36-ext19/data/res/values-ky-television: Cannot utime: Operation not permitted
build	Cache Android SDK	2026-06-06T12:22:49.8540583Z /usr/bin/tar: ../../../../../usr/local/lib/android/sdk/platforms/android-36-ext19/data/res/values-ky-television: Cannot change mode to rwxr-xr-x: Operation not permitted
build	Cache Android SDK	2026-06-06T12:22:49.8542793Z /usr/bin/tar: ../../../../../usr/local/lib/android/sdk/platforms/android-36-ext19/data/res/values-mcc310-mnc210-ms: Cannot utime: Operation not permitted
build	Cache Android SDK	2026-06-06T12:22:49.8543772Z /usr/bin/tar: ../../../../../usr/local/lib/android/sdk/platforms/android-36-ext19/data/res/values-mcc310-mnc210-ms: Cannot change mode to rwxr-xr-x: Operation not permitted
build	Cache Android SDK	2026-06-06T12:22:49.8546456Z /usr/bin/tar: ../../../../../usr/local/lib/android/sdk/platforms/android-36-ext19/data/res/values-mcc310-mnc210-hi: Cannot utime: Operation not permitted
build	Cache Android SDK	2026-06-06T12:22:49.8547598Z /usr/bin/tar: ../../../../../usr/local/lib/android/sdk/platforms/android-36-ext19/data/res/values-mcc310-mnc210-hi: Cannot change mode to rwxr-xr-x: Operation not permitted
build	Cache Android SDK	2026-06-06T12:22:49.8550238Z /usr/bin/tar: ../../../../../usr/local/lib/android/sdk/platforms/android-36-ext19/data/res/values-mcc310-mnc210-is: Cannot utime: Operation not permitted
build	Cache Android SDK	2026-06-06T12:22:49.8551211Z /usr/bin/tar: ../../../../../usr/local/lib/android/sdk/platforms/android-36-ext19/data/res/values-mcc310-mnc210-is: Cannot change mode to rwxr-xr-x: Operation not permitted
build	Cache Android SDK	2026-06-06T12:22:49.8554019Z /usr/bin/tar: ../../../../../usr/local/lib/android/sdk/platforms/android-36-ext19/data/res/values-mcc312-mnc670-tl: Cannot utime: Operation not permitted
build	Cache Android SDK	2026-06-06T12:22:49.8555329Z /usr/bin/tar: ../../../../../usr/local/lib/android/sdk/platforms/android-36-ext19/data/res/values-mcc312-mnc670-tl: Cannot change mode to rwxr-xr-x: Operation not permitted
build	Cache Android SDK	2026-06-06T12:22:49.8556784Z /usr/bin/tar: ../../../../../usr/local/lib/android/sdk/platforms/android-36-ext19/data/res/values-mcc310-mnc950-pa: Cannot utime: Operation not permitted
build	Cache Android SDK	2026-06-06T12:22:49.8557938Z /usr/bin/tar: ../../../../../usr/local/lib/android/sdk/platforms/android-36-ext19/data/res/values-mcc310-mnc950-pa: Cannot change mode to rwxr-xr-x: Operation not permitted
build	Cache Android SDK	2026-06-06T12:22:49.8560024Z /usr/bin/tar: ../../../../../usr/local/lib/android/sdk/platforms/android-36-ext19/data/res/values-mcc310-mnc660-be: Cannot utime: Operation not permitted
build	Cache Android SDK	2026-06-06T12:22:49.8560986Z /usr/bin/tar: ../../../../../usr/local/lib/android/sdk/platforms/android-36-ext19/data/res/values-mcc310-mnc660-be: Cannot change mode to rwxr-xr-x: Operation not permitted
build	Cache Android SDK	2026-06-06T12:22:49.8563251Z /usr/bin/tar: ../../../../../usr/local/lib/android/sdk/platforms/android-36-ext19/data/res/values-de-masculine: Cannot utime: Operation not permitted
build	Cache Android SDK	2026-06-06T12:22:49.8564205Z /usr/bin/tar: ../../../../../usr/local/lib/android/sdk/platforms/android-36-ext19/data/res/values-de-masculine: Cannot change mode to rwxr-xr-x: Operation not permitted
build	Cache Android SDK	2026-06-06T12:22:49.8566570Z /usr/bin/tar: ../../../../../usr/local/lib/android/sdk/platforms/android-36-ext19/data/res/values-mcc310-mnc250-el: Cannot utime: Operation not permitted
build	Cache Android SDK	2026-06-06T12:22:49.8567704Z /usr/bin/tar: ../../../../../usr/local/lib/android/sdk/platforms/android-36-ext19/data/res/values-mcc310-mnc250-el: Cannot change mode to rwxr-xr-x: Operation not permitted
build	Cache Android SDK	2026-06-06T12:22:49.8569596Z /usr/bin/tar: ../../../../../usr/local/lib/android/sdk/platforms/android-36-ext19/data/res/values-mcc310-mnc160-az: Cannot utime: Operation not permitted
build	Cache Android SDK	2026-06-06T12:22:49.8570545Z /usr/bin/tar: ../../../../../usr/local/lib/android/sdk/platforms/android-36-ext19/data/res/values-mcc310-mnc160-az: Cannot change mode to rwxr-xr-x: Operation not permitted
build	Cache Android SDK	2026-06-06T12:22:49.8573318Z /usr/bin/tar: ../../../../../usr/local/lib/android/sdk/platforms/android-36-ext19/data/res/values-mcc312-mnc670-sl: Cannot utime: Operation not permitted
build	Cache Android SDK	2026-06-06T12:22:49.8574288Z /usr/bin/tar: ../../../../../usr/local/lib/android/sdk/platforms/android-36-ext19/data/res/values-mcc312-mnc670-sl: Cannot change mode to rwxr-xr-x: Operation not permitted
build	Cache Android SDK	2026-06-06T12:22:49.8576293Z /usr/bin/tar: ../../../../../usr/local/lib/android/sdk/platforms/android-36-ext19/data/res/values-mcc312-mnc670: Cannot utime: Operation not permitted
build	Cache Android SDK	2026-06-06T12:22:49.8577239Z /usr/bin/tar: ../../../../../usr/local/lib/android/sdk/platforms/android-36-ext19/data/res/values-mcc312-mnc670: Cannot change mode to rwxr-xr-x: Operation not permitted
build	Cache Android SDK	2026-06-06T12:22:49.8579426Z /usr/bin/tar: ../../../../../usr/local/lib/android/sdk/platforms/android-36-ext19/data/res/values-mcc310-mnc380-en-rAU: Cannot utime: Operation not permitted
build	Cache Android SDK	2026-06-06T12:22:49.8580428Z /usr/bin/tar: ../../../../../usr/local/lib/android/sdk/platforms/android-36-ext19/data/res/values-mcc310-mnc380-en-rAU: Cannot change mode to rwxr-xr-x: Operation not permitted
build	Cache Android SDK	2026-06-06T12:22:49.8582853Z /usr/bin/tar: ../../../../../usr/local/lib/android/sdk/platforms/android-36-ext19/data/res/values-mcc310-mnc200-sl: Cannot utime: Operation not permitted
build	Cache Android SDK	2026-06-06T12:22:49.8583895Z /usr/bin/tar: ../../../../../usr/local/lib/android/sdk/platforms/android-36-ext19/data/res/values-mcc310-mnc200-sl: Cannot change mode to rwxr-xr-x: Operation not permitted
build	Cache Android SDK	2026-06-06T12:22:49.8585874Z /usr/bin/tar: ../../../../../usr/local/lib/android/sdk/platforms/android-36-ext19/data/res/values-mcc310-mnc250-sk: Cannot utime: Operation not permitted
build	Cache Android SDK	2026-06-06T12:22:49.8586822Z /usr/bin/tar: ../../../../../usr/local/lib/android/sdk/platforms/android-36-ext19/data/res/values-mcc310-mnc250-sk: Cannot change mode to rwxr-xr-x: Operation not permitted
build	Cache Android SDK	2026-06-06T12:22:49.8589496Z /usr/bin/tar: ../../../../../usr/local/lib/android/sdk/platforms/android-36-ext19/data/res/values-mcc310-mnc280-en-rXC: Cannot utime: Operation not permitted
build	Cache Android SDK	2026-06-06T12:22:49.8590497Z /usr/bin/tar: ../../../../../usr/local/lib/android/sdk/platforms/android-36-ext19/data/res/values-mcc310-mnc280-en-rXC: Cannot change mode to rwxr-xr-x: Operation not permitted
build	Cache Android SDK	2026-06-06T12:22:49.8592965Z /usr/bin/tar: ../../../../../usr/local/lib/android/sdk/platforms/android-36-ext19/data/res/values-mcc310-mnc230-zh-rCN: Cannot utime: Operation not permitted
build	Cache Android SDK	2026-06-06T12:22:49.8594050Z /usr/bin/tar: ../../../../../usr/local/lib/android/sdk/platforms/android-36-ext19/data/res/values-mcc310-mnc230-zh-rCN: Cannot change mode to rwxr-xr-x: Operation not permitted
build	Cache Android SDK	2026-06-06T12:22:49.8596309Z /usr/bin/tar: ../../../../../usr/local/lib/android/sdk/platforms/android-36-ext19/data/res/values-mcc310-mnc220-sw: Cannot utime: Operation not permitted
build	Cache Android SDK	2026-06-06T12:22:49.8597266Z /usr/bin/tar: ../../../../../usr/local/lib/android/sdk/platforms/android-36-ext19/data/res/values-mcc310-mnc220-sw: Cannot change mode to rwxr-xr-x: Operation not permitted
build	Cache Android SDK	2026-06-06T12:22:49.8599422Z /usr/bin/tar: ../../../../../usr/local/lib/android/sdk/platforms/android-36-ext19/data/res/values-mcc310-mnc170-b+sr+Latn: Cannot utime: Operation not permitted
build	Cache Android SDK	2026-06-06T12:22:49.8600524Z /usr/bin/tar: ../../../../../usr/local/lib/android/sdk/platforms/android-36-ext19/data/res/values-mcc310-mnc170-b+sr+Latn: Cannot change mode to rwxr-xr-x: Operation not permitted
build	Cache Android SDK	2026-06-06T12:22:49.8605477Z /usr/bin/tar: ../../../../../usr/local/lib/android/sdk/platforms/android-36-ext19/data/res/values-sw720dp-port: Cannot utime: Operation not permitted
build	Cache Android SDK	2026-06-06T12:22:49.8606953Z /usr/bin/tar: ../../../../../usr/local/lib/android/sdk/platforms/android-36-ext19/data/res/values-sw720dp-port: Cannot change mode to rwxr-xr-x: Operation not permitted
build	Cache Android SDK	2026-06-06T12:22:49.8608750Z /usr/bin/tar: ../../../../../usr/local/lib/android/sdk/platforms/android-36-ext19/data/res/values-mcc310-mnc030-si: Cannot utime: Operation not permitted
build	Cache Android SDK	2026-06-06T12:22:49.8610030Z /usr/bin/tar: ../../../../../usr/local/lib/android/sdk/platforms/android-36-ext19/data/res/values-mcc310-mnc030-si: Cannot change mode to rwxr-xr-x: Operation not permitted
build	Cache Android SDK	2026-06-06T12:22:49.8610990Z /usr/bin/tar: ../../../../../usr/local/lib/android/sdk/platforms/android-36-ext19/data/res/values-mcc310-mnc150-is: Cannot utime: Operation not permitted
build	Cache Android SDK	2026-06-06T12:22:49.8612757Z /usr/bin/tar: ../../../../../usr/local/lib/android/sdk/platforms/android-36-ext19/data/res/values-mcc310-mnc150-is: Cannot change mode to rwxr-xr-x: Operation not permitted
build	Cache Android SDK	2026-06-06T12:22:49.8613805Z /usr/bin/tar: ../../../../../usr/local/lib/android/sdk/platforms/android-36-ext19/data/res/values-mcc310-mnc030-tl: Cannot utime: Operation not permitted
build	Cache Android SDK	2026-06-06T12:22:49.8614987Z /usr/bin/tar: ../../../../../usr/local/lib/android/sdk/platforms/android-36-ext19/data/res/values-mcc310-mnc030-tl: Cannot change mode to rwxr-xr-x: Operation not permitted
build	Cache Android SDK	2026-06-06T12:22:49.8616475Z /usr/bin/tar: ../../../../../usr/local/lib/android/sdk/platforms/android-36-ext19/data/res/values-mcc310-mnc490-af: Cannot utime: Operation not permitted
build	Cache Android SDK	2026-06-06T12:22:49.8617574Z /usr/bin/tar: ../../../../../usr/local/lib/android/sdk/platforms/android-36-ext19/data/res/values-mcc310-mnc490-af: Cannot change mode to rwxr-xr-x: Operation not permitted
build	Cache Android SDK	2026-06-06T12:22:49.8619577Z /usr/bin/tar: ../../../../../usr/local/lib/android/sdk/platforms/android-36-ext19/data/res/values-mcc313-mnc100-el: Cannot utime: Operation not permitted
build	Cache Android SDK	2026-06-06T12:22:49.8620541Z /usr/bin/tar: ../../../../../usr/local/lib/android/sdk/platforms/android-36-ext19/data/res/values-mcc313-mnc100-el: Cannot change mode to rwxr-xr-x: Operation not permitted
build	Cache Android SDK	2026-06-06T12:22:49.8622875Z /usr/bin/tar: ../../../../../usr/local/lib/android/sdk/platforms/android-36-ext19/data/res/values-mcc310-mnc220-pt-rBR: Cannot utime: Operation not permitted
build	Cache Android SDK	2026-06-06T12:22:49.8623878Z /usr/bin/tar: ../../../../../usr/local/lib/android/sdk/platforms/android-36-ext19/data/res/values-mcc310-mnc220-pt-rBR: Cannot change mode to rwxr-xr-x: Operation not permitted
build	Cache Android SDK	2026-06-06T12:22:49.8626308Z /usr/bin/tar: ../../../../../usr/local/lib/android/sdk/platforms/android-36-ext19/data/res/values-mcc310-mnc240-te: Cannot utime: Operation not permitted
build	Cache Android SDK	2026-06-06T12:22:49.8627286Z /usr/bin/tar: ../../../../../usr/local/lib/android/sdk/platforms/android-36-ext19/data/res/values-mcc310-mnc240-te: Cannot change mode to rwxr-xr-x: Operation not permitted
build	Cache Android SDK	2026-06-06T12:22:49.8629494Z /usr/bin/tar: ../../../../../usr/local/lib/android/sdk/platforms/android-36-ext19/data/res/values-mcc334-mnc020-es-rUS: Cannot utime: Operation not permitted
build	Cache Android SDK	2026-06-06T12:22:49.8630479Z /usr/bin/tar: ../../../../../usr/local/lib/android/sdk/platforms/android-36-ext19/data/res/values-mcc334-mnc020-es-rUS: Cannot change mode to rwxr-xr-x: Operation not permitted
build	Cache Android SDK	2026-06-06T12:22:49.8632620Z /usr/bin/tar: ../../../../../usr/local/lib/android/sdk/platforms/android-36-ext19/data/res/values-mcc302-mnc370-en-rCA: Cannot utime: Operation not permitted
build	Cache Android SDK	2026-06-06T12:22:49.8633613Z /usr/bin/tar: ../../../../../usr/local/lib/android/sdk/platforms/android-36-ext19/data/res/values-mcc302-mnc370-en-rCA: Cannot change mode to rwxr-xr-x: Operation not permitted
build	Cache Android SDK	2026-06-06T12:22:49.8635882Z /usr/bin/tar: ../../../../../usr/local/lib/android/sdk/platforms/android-36-ext19/data/res/values-mcc310-mnc170-pl: Cannot utime: Operation not permitted
build	Cache Android SDK	2026-06-06T12:22:49.8636858Z /usr/bin/tar: ../../../../../usr/local/lib/android/sdk/platforms/android-36-ext19/data/res/values-mcc310-mnc170-pl: Cannot change mode to rwxr-xr-x: Operation not permitted
build	Cache Android SDK	2026-06-06T12:22:49.8639366Z /usr/bin/tar: ../../../../../usr/local/lib/android/sdk/platforms/android-36-ext19/data/res/values-be-watch: Cannot utime: Operation not permitted
build	Cache Android SDK	2026-06-06T12:22:49.8640298Z /usr/bin/tar: ../../../../../usr/local/lib/android/sdk/platforms/android-36-ext19/data/res/values-be-watch: Cannot change mode to rwxr-xr-x: Operation not permitted
build	Cache Android SDK	2026-06-06T12:22:49.8642773Z /usr/bin/tar: ../../../../../usr/local/lib/android/sdk/platforms/android-36-ext19/data/res/values-fi-television: Cannot utime: Operation not permitted
build	Cache Android SDK	2026-06-06T12:22:49.8643724Z /usr/bin/tar: ../../../../../usr/local/lib/android/sdk/platforms/android-36-ext19/data/res/values-fi-television: Cannot change mode to rwxr-xr-x: Operation not permitted
build	Cache Android SDK	2026-06-06T12:22:49.8645821Z /usr/bin/tar: ../../../../../usr/local/lib/android/sdk/platforms/android-36-ext19/data/res/values-mcc310-mnc800-pt-rPT: Cannot utime: Operation not permitted
build	Cache Android SDK	2026-06-06T12:22:49.8646818Z /usr/bin/tar: ../../../../../usr/local/lib/android/sdk/platforms/android-36-ext19/data/res/values-mcc310-mnc800-pt-rPT: Cannot change mode to rwxr-xr-x: Operation not permitted
build	Cache Android SDK	2026-06-06T12:22:49.8649274Z /usr/bin/tar: ../../../../../usr/local/lib/android/sdk/platforms/android-36-ext19/data/res/values-mcc310-mnc490-hi: Cannot utime: Operation not permitted
build	Cache Android SDK	2026-06-06T12:22:49.8650232Z /usr/bin/tar: ../../../../../usr/local/lib/android/sdk/platforms/android-36-ext19/data/res/values-mcc310-mnc490-hi: Cannot change mode to rwxr-xr-x: Operation not permitted
build	Cache Android SDK	2026-06-06T12:22:49.8652504Z /usr/bin/tar: ../../../../../usr/local/lib/android/sdk/platforms/android-36-ext19/data/res/values-mcc001-mnc01-hu: Cannot utime: Operation not permitted
build	Cache Android SDK	2026-06-06T12:22:49.8653477Z /usr/bin/tar: ../../../../../usr/local/lib/android/sdk/platforms/android-36-ext19/data/res/values-mcc001-mnc01-hu: Cannot change mode to rwxr-xr-x: Operation not permitted
build	Cache Android SDK	2026-06-06T12:22:49.8655509Z /usr/bin/tar: ../../../../../usr/local/lib/android/sdk/platforms/android-36-ext19/data/res/values-mcc724: Cannot utime: Operation not permitted
build	Cache Android SDK	2026-06-06T12:22:49.8656426Z /usr/bin/tar: ../../../../../usr/local/lib/android/sdk/platforms/android-36-ext19/data/res/values-mcc724: Cannot change mode to rwxr-xr-x: Operation not permitted
build	Cache Android SDK	2026-06-06T12:22:49.8659298Z /usr/bin/tar: ../../../../../usr/local/lib/android/sdk/platforms/android-36-ext19/data/res/values-mcc310-mnc310-ar: Cannot utime: Operation not permitted
build	Cache Android SDK	2026-06-06T12:22:49.8660261Z /usr/bin/tar: ../../../../../usr/local/lib/android/sdk/platforms/android-36-ext19/data/res/values-mcc310-mnc310-ar: Cannot change mode to rwxr-xr-x: Operation not permitted
build	Cache Android SDK	2026-06-06T12:22:49.8662461Z /usr/bin/tar: ../../../../../usr/local/lib/android/sdk/platforms/android-36-ext19/data/res/values-mcc310-mnc310-tr: Cannot utime: Operation not permitted
build	Cache Android SDK	2026-06-06T12:22:49.8663435Z /usr/bin/tar: ../../../../../usr/local/lib/android/sdk/platforms/android-36-ext19/data/res/values-mcc310-mnc310-tr: Cannot change mode to rwxr-xr-x: Operation not permitted
build	Cache Android SDK	2026-06-06T12:22:49.8665589Z /usr/bin/tar: ../../../../../usr/local/lib/android/sdk/platforms/android-36-ext19/data/res/values-mcc310-mnc410-sr: Cannot utime: Operation not permitted
build	Cache Android SDK	2026-06-06T12:22:49.8666558Z /usr/bin/tar: ../../../../../usr/local/lib/android/sdk/platforms/android-36-ext19/data/res/values-mcc310-mnc410-sr: Cannot change mode to rwxr-xr-x: Operation not permitted
build	Cache Android SDK	2026-06-06T12:22:49.8669954Z /usr/bin/tar: ../../../../../usr/local/lib/android/sdk/platforms/android-36-ext19/data/res/values-mcc310-mnc250-fa: Cannot utime: Operation not permitted
build	Cache Android SDK	2026-06-06T12:22:49.8671753Z /usr/bin/tar: ../../../../../usr/local/lib/android/sdk/platforms/android-36-ext19/data/res/values-mcc310-mnc250-fa: Cannot change mode to rwxr-xr-x: Operation not permitted
build	Cache Android SDK	2026-06-06T12:22:49.8675673Z /usr/bin/tar: ../../../../../usr/local/lib/android/sdk/platforms/android-36-ext19/data/res/values-mcc310-mnc660-pt: Cannot utime: Operation not permitted
build	Cache Android SDK	2026-06-06T12:22:49.8676651Z /usr/bin/tar: ../../../../../usr/local/lib/android/sdk/platforms/android-36-ext19/data/res/values-mcc310-mnc660-pt: Cannot change mode to rwxr-xr-x: Operation not permitted
build	Cache Android SDK	2026-06-06T12:22:49.8683440Z /usr/bin/tar: ../../../../../usr/local/lib/android/sdk/platforms/android-36-ext19/data/res/values-am: Cannot utime: Operation not permitted
build	Cache Android SDK	2026-06-06T12:22:49.8688123Z /usr/bin/tar: ../../../../../usr/local/lib/android/sdk/platforms/android-36-ext19/data/res/values-am: Cannot change mode to rwxr-xr-x: Operation not permitted
build	Cache Android SDK	2026-06-06T12:22:49.8689051Z /usr/bin/tar: ../../../../../usr/local/lib/android/sdk/platforms/android-36-ext19/data/res/values-mcc310-mnc030-be: Cannot utime: Operation not permitted
build	Cache Android SDK	2026-06-06T12:22:49.8690212Z /usr/bin/tar: ../../../../../usr/local/lib/android/sdk/platforms/android-36-ext19/data/res/values-mcc310-mnc030-be: Cannot change mode to rwxr-xr-x: Operation not permitted
build	Cache Android SDK	2026-06-06T12:22:49.8692320Z /usr/bin/tar: ../../../../../usr/local/lib/android/sdk/platforms/android-36-ext19/data/res/values-mcc310-mnc950-si: Cannot utime: Operation not permitted
build	Cache Android SDK	2026-06-06T12:22:49.8693297Z /usr/bin/tar: ../../../../../usr/local/lib/android/sdk/platforms/android-36-ext19/data/res/values-mcc310-mnc950-si: Cannot change mode to rwxr-xr-x: Operation not permitted
build	Cache Android SDK	2026-06-06T12:22:49.8699666Z /usr/bin/tar: ../../../../../usr/local/lib/android/sdk/platforms/android-36-ext19/data/res/values-mcc310-mnc270-eu: Cannot utime: Operation not permitted
build	Cache Android SDK	2026-06-06T12:22:49.8700612Z /usr/bin/tar: ../../../../../usr/local/lib/android/sdk/platforms/android-36-ext19/data/res/values-mcc310-mnc270-eu: Cannot change mode to rwxr-xr-x: Operation not permitted
build	Cache Android SDK	2026-06-06T12:22:49.8703268Z /usr/bin/tar: ../../../../../usr/local/lib/android/sdk/platforms/android-36-ext19/data/res/values-mcc310-mnc220-si: Cannot utime: Operation not permitted
build	Cache Android SDK	2026-06-06T12:22:49.8704532Z /usr/bin/tar: ../../../../../usr/local/lib/android/sdk/platforms/android-36-ext19/data/res/values-mcc310-mnc220-si: Cannot change mode to rwxr-xr-x: Operation not permitted
build	Cache Android SDK	2026-06-06T12:22:49.8707539Z /usr/bin/tar: ../../../../../usr/local/lib/android/sdk/platforms/android-36-ext19/data/res/values-mcc313-mnc100-uk: Cannot utime: Operation not permitted
build	Cache Android SDK	2026-06-06T12:22:49.8708499Z /usr/bin/tar: ../../../../../usr/local/lib/android/sdk/platforms/android-36-ext19/data/res/values-mcc313-mnc100-uk: Cannot change mode to rwxr-xr-x: Operation not permitted
build	Cache Android SDK	2026-06-06T12:22:49.8711464Z /usr/bin/tar: ../../../../../usr/local/lib/android/sdk/platforms/android-36-ext19/data/res/values-mcc311-mnc180-bs: Cannot utime: Operation not permitted
build	Cache Android SDK	2026-06-06T12:22:49.8712513Z /usr/bin/tar: ../../../../../usr/local/lib/android/sdk/platforms/android-36-ext19/data/res/values-mcc311-mnc180-bs: Cannot change mode to rwxr-xr-x: Operation not permitted
build	Cache Android SDK	2026-06-06T12:22:49.8718112Z /usr/bin/tar: ../../../../../usr/local/lib/android/sdk/platforms/android-36-ext19/data/res/values-nb: Cannot utime: Operation not permitted
build	Cache Android SDK	2026-06-06T12:22:49.8719225Z /usr/bin/tar: ../../../../../usr/local/lib/android/sdk/platforms/android-36-ext19/data/res/values-nb: Cannot change mode to rwxr-xr-x: Operation not permitted
build	Cache Android SDK	2026-06-06T12:22:49.8720939Z /usr/bin/tar: ../../../../../usr/local/lib/android/sdk/platforms/android-36-ext19/data/res/values-mcc310-mnc250-gl: Cannot utime: Operation not permitted
build	Cache Android SDK	2026-06-06T12:22:49.8721882Z /usr/bin/tar: ../../../../../usr/local/lib/android/sdk/platforms/android-36-ext19/data/res/values-mcc310-mnc250-gl: Cannot change mode to rwxr-xr-x: Operation not permitted
build	Cache Android SDK	2026-06-06T12:22:49.8723998Z /usr/bin/tar: ../../../../../usr/local/lib/android/sdk/platforms/android-36-ext19/data/res/values-mcc310-mnc270-en-rIN: Cannot utime: Operation not permitted
build	Cache Android SDK	2026-06-06T12:22:49.8725155Z /usr/bin/tar: ../../../../../usr/local/lib/android/sdk/platforms/android-36-ext19/data/res/values-mcc310-mnc270-en-rIN: Cannot change mode to rwxr-xr-x: Operation not permitted
build	Cache Android SDK	2026-06-06T12:22:49.8726792Z /usr/bin/tar: ../../../../../usr/local/lib/android/sdk/platforms/android-36-ext19/data/res/raw-cs: Cannot utime: Operation not permitted
build	Cache Android SDK	2026-06-06T12:22:49.8727789Z /usr/bin/tar: ../../../../../usr/local/lib/android/sdk/platforms/android-36-ext19/data/res/raw-cs: Cannot change mode to rwxr-xr-x: Operation not permitted
build	Cache Android SDK	2026-06-06T12:22:49.8729886Z /usr/bin/tar: ../../../../../usr/local/lib/android/sdk/platforms/android-36-ext19/data/res/values-mcc310-mnc160-mr: Cannot utime: Operation not permitted
build	Cache Android SDK	2026-06-06T12:22:49.8730836Z /usr/bin/tar: ../../../../../usr/local/lib/android/sdk/platforms/android-36-ext19/data/res/values-mcc310-mnc160-mr: Cannot change mode to rwxr-xr-x: Operation not permitted
build	Cache Android SDK	2026-06-06T12:22:49.8732937Z /usr/bin/tar: ../../../../../usr/local/lib/android/sdk/platforms/android-36-ext19/data/res/values-mcc302-mnc370-en-rGB: Cannot utime: Operation not permitted
build	Cache Android SDK	2026-06-06T12:22:49.8734009Z /usr/bin/tar: ../../../../../usr/local/lib/android/sdk/platforms/android-36-ext19/data/res/values-mcc302-mnc370-en-rGB: Cannot change mode to rwxr-xr-x: Operation not permitted
build	Cache Android SDK	2026-06-06T12:22:49.8737833Z /usr/bin/tar: ../../../../../usr/local/lib/android/sdk/platforms/android-36-ext19/data/res/values-mcc310-mnc490-pt-rBR: Cannot utime: Operation not permitted
build	Cache Android SDK	2026-06-06T12:22:49.8738818Z /usr/bin/tar: ../../../../../usr/local/lib/android/sdk/platforms/android-36-ext19/data/res/values-mcc310-mnc490-pt-rBR: Cannot change mode to rwxr-xr-x: Operation not permitted
build	Cache Android SDK	2026-06-06T12:22:49.8740939Z /usr/bin/tar: ../../../../../usr/local/lib/android/sdk/platforms/android-36-ext19/data/res/values-mcc311-mnc180-ur: Cannot utime: Operation not permitted
build	Cache Android SDK	2026-06-06T12:22:49.8741906Z /usr/bin/tar: ../../../../../usr/local/lib/android/sdk/platforms/android-36-ext19/data/res/values-mcc311-mnc180-ur: Cannot change mode to rwxr-xr-x: Operation not permitted
build	Cache Android SDK	2026-06-06T12:22:49.8744005Z /usr/bin/tar: ../../../../../usr/local/lib/android/sdk/platforms/android-36-ext19/data/res/values-mcc334-mnc020-te: Cannot utime: Operation not permitted
build	Cache Android SDK	2026-06-06T12:22:49.8744962Z /usr/bin/tar: ../../../../../usr/local/lib/android/sdk/platforms/android-36-ext19/data/res/values-mcc334-mnc020-te: Cannot change mode to rwxr-xr-x: Operation not permitted
build	Cache Android SDK	2026-06-06T12:22:49.8747324Z /usr/bin/tar: ../../../../../usr/local/lib/android/sdk/platforms/android-36-ext19/data/res/values-mcc312-mnc670-ky: Cannot utime: Operation not permitted
build	Cache Android SDK	2026-06-06T12:22:49.8748514Z /usr/bin/tar: ../../../../../usr/local/lib/android/sdk/platforms/android-36-ext19/data/res/values-mcc312-mnc670-ky: Cannot change mode to rwxr-xr-x: Operation not permitted
build	Cache Android SDK	2026-06-06T12:22:49.8752606Z /usr/bin/tar: ../../../../../usr/local/lib/android/sdk/platforms/android-36-ext19/data/res/values-mcc310-mnc030-ml: Cannot utime: Operation not permitted
build	Cache Android SDK	2026-06-06T12:22:49.8753751Z /usr/bin/tar: ../../../../../usr/local/lib/android/sdk/platforms/android-36-ext19/data/res/values-mcc310-mnc030-ml: Cannot change mode to rwxr-xr-x: Operation not permitted
build	Cache Android SDK	2026-06-06T12:22:49.8755710Z /usr/bin/tar: ../../../../../usr/local/lib/android/sdk/platforms/android-36-ext19/data/res/values-mcc310-mnc380-sl: Cannot utime: Operation not permitted
build	Cache Android SDK	2026-06-06T12:22:49.8756663Z /usr/bin/tar: ../../../../../usr/local/lib/android/sdk/platforms/android-36-ext19/data/res/values-mcc310-mnc380-sl: Cannot change mode to rwxr-xr-x: Operation not permitted
build	Cache Android SDK	2026-06-06T12:22:49.8759491Z /usr/bin/tar: ../../../../../usr/local/lib/android/sdk/platforms/android-36-ext19/data/res/values-mcc310-mnc030-ka: Cannot utime: Operation not permitted
build	Cache Android SDK	2026-06-06T12:22:49.8760445Z /usr/bin/tar: ../../../../../usr/local/lib/android/sdk/platforms/android-36-ext19/data/res/values-mcc310-mnc030-ka: Cannot change mode to rwxr-xr-x: Operation not permitted
build	Cache Android SDK	2026-06-06T12:22:49.8763412Z /usr/bin/tar: ../../../../../usr/local/lib/android/sdk/platforms/android-36-ext19/data/res/values-mcc310-mnc950-nl: Cannot utime: Operation not permitted
build	Cache Android SDK	2026-06-06T12:22:49.8764652Z /usr/bin/tar: ../../../../../usr/local/lib/android/sdk/platforms/android-36-ext19/data/res/values-mcc310-mnc950-nl: Cannot change mode to rwxr-xr-x: Operation not permitted
build	Cache Android SDK	2026-06-06T12:22:49.8767336Z /usr/bin/tar: ../../../../../usr/local/lib/android/sdk/platforms/android-36-ext19/data/res/values-mcc312-mnc670-sq: Cannot utime: Operation not permitted
build	Cache Android SDK	2026-06-06T12:22:49.8769076Z /usr/bin/tar: ../../../../../usr/local/lib/android/sdk/platforms/android-36-ext19/data/res/values-mcc312-mnc670-sq: Cannot change mode to rwxr-xr-x: Operation not permitted
build	Cache Android SDK	2026-06-06T12:22:49.8773655Z /usr/bin/tar: ../../../../../usr/local/lib/android/sdk/platforms/android-36-ext19/data/res/values-ur: Cannot utime: Operation not permitted
build	Cache Android SDK	2026-06-06T12:22:49.8774679Z /usr/bin/tar: ../../../../../usr/local/lib/android/sdk/platforms/android-36-ext19/data/res/values-ur: Cannot change mode to rwxr-xr-x: Operation not permitted
build	Cache Android SDK	2026-06-06T12:22:49.8777859Z /usr/bin/tar: ../../../../../usr/local/lib/android/sdk/platforms/android-36-ext19/data/res/values-mcc310-mnc270-te: Cannot utime: Operation not permitted
build	Cache Android SDK	2026-06-06T12:22:49.8779244Z /usr/bin/tar: ../../../../../usr/local/lib/android/sdk/platforms/android-36-ext19/data/res/values-mcc310-mnc270-te: Cannot change mode to rwxr-xr-x: Operation not permitted
build	Cache Android SDK	2026-06-06T12:22:49.8780723Z /usr/bin/tar: ../../../../../usr/local/lib/android/sdk/platforms/android-36-ext19/data/res/values-mcc310-mnc160-nl: Cannot utime: Operation not permitted
build	Cache Android SDK	2026-06-06T12:22:49.8781702Z /usr/bin/tar: ../../../../../usr/local/lib/android/sdk/platforms/android-36-ext19/data/res/values-mcc310-mnc160-nl: Cannot change mode to rwxr-xr-x: Operation not permitted
build	Cache Android SDK	2026-06-06T12:22:49.8784574Z /usr/bin/tar: ../../../../../usr/local/lib/android/sdk/platforms/android-36-ext19/data/res/values-mcc302-mnc720-eu: Cannot utime: Operation not permitted
build	Cache Android SDK	2026-06-06T12:22:49.8785710Z /usr/bin/tar: ../../../../../usr/local/lib/android/sdk/platforms/android-36-ext19/data/res/values-mcc302-mnc720-eu: Cannot change mode to rwxr-xr-x: Operation not permitted
build	Cache Android SDK	2026-06-06T12:22:49.8788405Z /usr/bin/tar: ../../../../../usr/local/lib/android/sdk/platforms/android-36-ext19/data/res/values-mcc310-mnc250-am: Cannot utime: Operation not permitted
build	Cache Android SDK	2026-06-06T12:22:49.8789866Z /usr/bin/tar: ../../../../../usr/local/lib/android/sdk/platforms/android-36-ext19/data/res/values-mcc310-mnc250-am: Cannot change mode to rwxr-xr-x: Operation not permitted
build	Cache Android SDK	2026-06-06T12:22:49.8791711Z /usr/bin/tar: ../../../../../usr/local/lib/android/sdk/platforms/android-36-ext19/data/res/values-mcc310-mnc210-bn: Cannot utime: Operation not permitted
build	Cache Android SDK	2026-06-06T12:22:49.8792686Z /usr/bin/tar: ../../../../../usr/local/lib/android/sdk/platforms/android-36-ext19/data/res/values-mcc310-mnc210-bn: Cannot change mode to rwxr-xr-x: Operation not permitted
build	Cache Android SDK	2026-06-06T12:22:49.8795040Z /usr/bin/tar: ../../../../../usr/local/lib/android/sdk/platforms/android-36-ext19/data/res/values-sw640dp: Cannot utime: Operation not permitted
build	Cache Android SDK	2026-06-06T12:22:49.8795970Z /usr/bin/tar: ../../../../../usr/local/lib/android/sdk/platforms/android-36-ext19/data/res/values-sw640dp: Cannot change mode to rwxr-xr-x: Operation not permitted
build	Cache Android SDK	2026-06-06T12:22:49.8802054Z /usr/bin/tar: ../../../../../usr/local/lib/android/sdk/platforms/android-36-ext19/data/res/values-nl: Cannot utime: Operation not permitted
build	Cache Android SDK	2026-06-06T12:22:49.8802922Z /usr/bin/tar: ../../../../../usr/local/lib/android/sdk/platforms/android-36-ext19/data/res/values-nl: Cannot change mode to rwxr-xr-x: Operation not permitted
build	Cache Android SDK	2026-06-06T12:22:49.8805324Z /usr/bin/tar: ../../../../../usr/local/lib/android/sdk/platforms/android-36-ext19/data/res/values-tr-watch: Cannot utime: Operation not permitted
build	Cache Android SDK	2026-06-06T12:22:49.8806242Z /usr/bin/tar: ../../../../../usr/local/lib/android/sdk/platforms/android-36-ext19/data/res/values-tr-watch: Cannot change mode to rwxr-xr-x: Operation not permitted
build	Cache Android SDK	2026-06-06T12:22:49.8811299Z /usr/bin/tar: ../../../../../usr/local/lib/android/sdk/platforms/android-36-ext19/data/res/values-mcc310-mnc310-az: Cannot utime: Operation not permitted
build	Cache Android SDK	2026-06-06T12:22:49.8812490Z /usr/bin/tar: ../../../../../usr/local/lib/android/sdk/platforms/android-36-ext19/data/res/values-mcc310-mnc310-az: Cannot change mode to rwxr-xr-x: Operation not permitted
build	Cache Android SDK	2026-06-06T12:22:49.8813458Z /usr/bin/tar: ../../../../../usr/local/lib/android/sdk/platforms/android-36-ext19/data/res/values-mcc310-mnc240-es: Cannot utime: Operation not permitted
build	Cache Android SDK	2026-06-06T12:22:49.8814428Z /usr/bin/tar: ../../../../../usr/local/lib/android/sdk/platforms/android-36-ext19/data/res/values-mcc310-mnc240-es: Cannot change mode to rwxr-xr-x: Operation not permitted
build	Cache Android SDK	2026-06-06T12:22:49.8816049Z /usr/bin/tar: ../../../../../usr/local/lib/android/sdk/platforms/android-36-ext19/data/res/values-mcc310-mnc200-hi: Cannot utime: Operation not permitted
build	Cache Android SDK	2026-06-06T12:22:49.8817019Z /usr/bin/tar: ../../../../../usr/local/lib/android/sdk/platforms/android-36-ext19/data/res/values-mcc310-mnc200-hi: Cannot change mode to rwxr-xr-x: Operation not permitted
build	Cache Android SDK	2026-06-06T12:22:49.8819290Z /usr/bin/tar: ../../../../../usr/local/lib/android/sdk/platforms/android-36-ext19/data/res/values-gu-television: Cannot utime: Operation not permitted
build	Cache Android SDK	2026-06-06T12:22:49.8820249Z /usr/bin/tar: ../../../../../usr/local/lib/android/sdk/platforms/android-36-ext19/data/res/values-gu-television: Cannot change mode to rwxr-xr-x: Operation not permitted
build	Cache Android SDK	2026-06-06T12:22:49.8822204Z /usr/bin/tar: ../../../../../usr/local/lib/android/sdk/platforms/android-36-ext19/data/res/values-mcc310-mnc230-be: Cannot utime: Operation not permitted
build	Cache Android SDK	2026-06-06T12:22:49.8823162Z /usr/bin/tar: ../../../../../usr/local/lib/android/sdk/platforms/android-36-ext19/data/res/values-mcc310-mnc230-be: Cannot change mode to rwxr-xr-x: Operation not permitted
build	Cache Android SDK	2026-06-06T12:22:49.8826386Z /usr/bin/tar: ../../../../../usr/local/lib/android/sdk/platforms/android-36-ext19/data/res/values-mcc334-mnc020: Cannot utime: Operation not permitted
build	Cache Android SDK	2026-06-06T12:22:49.8827336Z /usr/bin/tar: ../../../../../usr/local/lib/android/sdk/platforms/android-36-ext19/data/res/values-mcc334-mnc020: Cannot change mode to rwxr-xr-x: Operation not permitted
build	Cache Android SDK	2026-06-06T12:22:49.8829675Z /usr/bin/tar: ../../../../../usr/local/lib/android/sdk/platforms/android-36-ext19/data/res/values-mcc310-mnc950-fr: Cannot utime: Operation not permitted
build	Cache Android SDK	2026-06-06T12:22:49.8830624Z /usr/bin/tar: ../../../../../usr/local/lib/android/sdk/platforms/android-36-ext19/data/res/values-mcc310-mnc950-fr: Cannot change mode to rwxr-xr-x: Operation not permitted
build	Cache Android SDK	2026-06-06T12:22:49.8832953Z /usr/bin/tar: ../../../../../usr/local/lib/android/sdk/platforms/android-36-ext19/data/res/values-mcc334-mnc020-mr: Cannot utime: Operation not permitted
build	Cache Android SDK	2026-06-06T12:22:49.8833913Z /usr/bin/tar: ../../../../../usr/local/lib/android/sdk/platforms/android-36-ext19/data/res/values-mcc334-mnc020-mr: Cannot change mode to rwxr-xr-x: Operation not permitted
build	Cache Android SDK	2026-06-06T12:22:49.8836189Z /usr/bin/tar: ../../../../../usr/local/lib/android/sdk/platforms/android-36-ext19/data/res/values-mcc310-mnc220-tl: Cannot utime: Operation not permitted
build	Cache Android SDK	2026-06-06T12:22:49.8837240Z /usr/bin/tar: ../../../../../usr/local/lib/android/sdk/platforms/android-36-ext19/data/res/values-mcc310-mnc220-tl: Cannot change mode to rwxr-xr-x: Operation not permitted
build	Cache Android SDK	2026-06-06T12:22:49.8840476Z /usr/bin/tar: ../../../../../usr/local/lib/android/sdk/platforms/android-36-ext19/data/res/values-night: Cannot utime: Operation not permitted
build	Cache Android SDK	2026-06-06T12:22:49.8841363Z /usr/bin/tar: ../../../../../usr/local/lib/android/sdk/platforms/android-36-ext19/data/res/values-night: Cannot change mode to rwxr-xr-x: Operation not permitted
build	Cache Android SDK	2026-06-06T12:22:49.8843563Z /usr/bin/tar: ../../../../../usr/local/lib/android/sdk/platforms/android-36-ext19/data/res/values-mcc310-mnc030-de: Cannot utime: Operation not permitted
build	Cache Android SDK	2026-06-06T12:22:49.8844503Z /usr/bin/tar: ../../../../../usr/local/lib/android/sdk/platforms/android-36-ext19/data/res/values-mcc310-mnc030-de: Cannot change mode to rwxr-xr-x: Operation not permitted
build	Cache Android SDK	2026-06-06T12:22:49.8847000Z /usr/bin/tar: ../../../../../usr/local/lib/android/sdk/platforms/android-36-ext19/data/res/values-tl-watch: Cannot utime: Operation not permitted
build	Cache Android SDK	2026-06-06T12:22:49.8848075Z /usr/bin/tar: ../../../../../usr/local/lib/android/sdk/platforms/android-36-ext19/data/res/values-tl-watch: Cannot change mode to rwxr-xr-x: Operation not permitted
build	Cache Android SDK	2026-06-06T12:22:49.8850485Z /usr/bin/tar: ../../../../../usr/local/lib/android/sdk/platforms/android-36-ext19/data/res/values-mcc313-mnc100-my: Cannot utime: Operation not permitted
build	Cache Android SDK	2026-06-06T12:22:49.8851448Z /usr/bin/tar: ../../../../../usr/local/lib/android/sdk/platforms/android-36-ext19/data/res/values-mcc313-mnc100-my: Cannot change mode to rwxr-xr-x: Operation not permitted
build	Cache Android SDK	2026-06-06T12:22:49.8853860Z /usr/bin/tar: ../../../../../usr/local/lib/android/sdk/platforms/android-36-ext19/data/res/values-mcc310-mnc160-ne: Cannot utime: Operation not permitted
build	Cache Android SDK	2026-06-06T12:22:49.8854813Z /usr/bin/tar: ../../../../../usr/local/lib/android/sdk/platforms/android-36-ext19/data/res/values-mcc310-mnc160-ne: Cannot change mode to rwxr-xr-x: Operation not permitted
build	Cache Android SDK	2026-06-06T12:22:49.8857224Z /usr/bin/tar: ../../../../../usr/local/lib/android/sdk/platforms/android-36-ext19/data/res/values-mcc311-mnc180-sw: Cannot utime: Operation not permitted
build	Cache Android SDK	2026-06-06T12:22:49.8858364Z /usr/bin/tar: ../../../../../usr/local/lib/android/sdk/platforms/android-36-ext19/data/res/values-mcc311-mnc180-sw: Cannot change mode to rwxr-xr-x: Operation not permitted
build	Cache Android SDK	2026-06-06T12:22:49.8861011Z /usr/bin/tar: ../../../../../usr/local/lib/android/sdk/platforms/android-36-ext19/data/res/values-mcc310-mnc660-iw: Cannot utime: Operation not permitted
build	Cache Android SDK	2026-06-06T12:22:49.8861953Z /usr/bin/tar: ../../../../../usr/local/lib/android/sdk/platforms/android-36-ext19/data/res/values-mcc310-mnc660-iw: Cannot change mode to rwxr-xr-x: Operation not permitted
build	Cache Android SDK	2026-06-06T12:22:49.8864167Z /usr/bin/tar: ../../../../../usr/local/lib/android/sdk/platforms/android-36-ext19/data/res/values-mcc310-mnc150-zu: Cannot utime: Operation not permitted
build	Cache Android SDK	2026-06-06T12:22:49.8865224Z /usr/bin/tar: ../../../../../usr/local/lib/android/sdk/platforms/android-36-ext19/data/res/values-mcc310-mnc150-zu: Cannot change mode to rwxr-xr-x: Operation not permitted
build	Cache Android SDK	2026-06-06T12:22:49.8868275Z /usr/bin/tar: ../../../../../usr/local/lib/android/sdk/platforms/android-36-ext19/data/res/values-mcc313-mnc100-in: Cannot utime: Operation not permitted
build	Cache Android SDK	2026-06-06T12:22:49.8869235Z /usr/bin/tar: ../../../../../usr/local/lib/android/sdk/platforms/android-36-ext19/data/res/values-mcc313-mnc100-in: Cannot change mode to rwxr-xr-x: Operation not permitted
build	Cache Android SDK	2026-06-06T12:22:49.8872186Z /usr/bin/tar: ../../../../../usr/local/lib/android/sdk/platforms/android-36-ext19/data/res/values-mcc310-mnc160-uk: Cannot utime: Operation not permitted
build	Cache Android SDK	2026-06-06T12:22:49.8873144Z /usr/bin/tar: ../../../../../usr/local/lib/android/sdk/platforms/android-36-ext19/data/res/values-mcc310-mnc160-uk: Cannot change mode to rwxr-xr-x: Operation not permitted
build	Cache Android SDK	2026-06-06T12:22:49.8876212Z /usr/bin/tar: ../../../../../usr/local/lib/android/sdk/platforms/android-36-ext19/data/res/values-uk-rUA: Cannot utime: Operation not permitted
build	Cache Android SDK	2026-06-06T12:22:49.8877210Z /usr/bin/tar: ../../../../../usr/local/lib/android/sdk/platforms/android-36-ext19/data/res/values-uk-rUA: Cannot change mode to rwxr-xr-x: Operation not permitted
build	Cache Android SDK	2026-06-06T12:22:49.8879363Z /usr/bin/tar: ../../../../../usr/local/lib/android/sdk/platforms/android-36-ext19/data/res/values-mcc310-mnc230-bn: Cannot utime: Operation not permitted
build	Cache Android SDK	2026-06-06T12:22:49.8880478Z /usr/bin/tar: ../../../../../usr/local/lib/android/sdk/platforms/android-36-ext19/data/res/values-mcc310-mnc230-bn: Cannot change mode to rwxr-xr-x: Operation not permitted
build	Cache Android SDK	2026-06-06T12:22:49.8882853Z /usr/bin/tar: ../../../../../usr/local/lib/android/sdk/platforms/android-36-ext19/data/res/values-tl-rPH: Cannot utime: Operation not permitted
build	Cache Android SDK	2026-06-06T12:22:49.8883829Z /usr/bin/tar: ../../../../../usr/local/lib/android/sdk/platforms/android-36-ext19/data/res/values-tl-rPH: Cannot change mode to rwxr-xr-x: Operation not permitted
build	Cache Android SDK	2026-06-06T12:22:49.8885966Z /usr/bin/tar: ../../../../../usr/local/lib/android/sdk/platforms/android-36-ext19/data/res/values-mcc310-mnc200-si: Cannot utime: Operation not permitted
build	Cache Android SDK	2026-06-06T12:22:49.8886913Z /usr/bin/tar: ../../../../../usr/local/lib/android/sdk/platforms/android-36-ext19/data/res/values-mcc310-mnc200-si: Cannot change mode to rwxr-xr-x: Operation not permitted
build	Cache Android SDK	2026-06-06T12:22:49.8890320Z /usr/bin/tar: ../../../../../usr/local/lib/android/sdk/platforms/android-36-ext19/data/res/values-mcc310-mnc310-af: Cannot utime: Operation not permitted
build	Cache Android SDK	2026-06-06T12:22:49.8891271Z /usr/bin/tar: ../../../../../usr/local/lib/android/sdk/platforms/android-36-ext19/data/res/values-mcc310-mnc310-af: Cannot change mode to rwxr-xr-x: Operation not permitted
build	Cache Android SDK	2026-06-06T12:22:49.8893772Z /usr/bin/tar: ../../../../../usr/local/lib/android/sdk/platforms/android-36-ext19/data/res/values-mcc310-mnc240-lt: Cannot utime: Operation not permitted
build	Cache Android SDK	2026-06-06T12:22:49.8894784Z /usr/bin/tar: ../../../../../usr/local/lib/android/sdk/platforms/android-36-ext19/data/res/values-mcc310-mnc240-lt: Cannot change mode to rwxr-xr-x: Operation not permitted
build	Cache Android SDK	2026-06-06T12:22:49.8897930Z /usr/bin/tar: ../../../../../usr/local/lib/android/sdk/platforms/android-36-ext19/data/res/values-mcc310-mnc660-pa: Cannot utime: Operation not permitted
build	Cache Android SDK	2026-06-06T12:22:49.8898877Z /usr/bin/tar: ../../../../../usr/local/lib/android/sdk/platforms/android-36-ext19/data/res/values-mcc310-mnc660-pa: Cannot change mode to rwxr-xr-x: Operation not permitted
build	Cache Android SDK	2026-06-06T12:22:49.8901990Z /usr/bin/tar: ../../../../../usr/local/lib/android/sdk/platforms/android-36-ext19/data/res/values-mcc310-mnc310-fa: Cannot utime: Operation not permitted
build	Cache Android SDK	2026-06-06T12:22:49.8902949Z /usr/bin/tar: ../../../../../usr/local/lib/android/sdk/platforms/android-36-ext19/data/res/values-mcc310-mnc310-fa: Cannot change mode to rwxr-xr-x: Operation not permitted
build	Cache Android SDK	2026-06-06T12:22:49.8906028Z /usr/bin/tar: ../../../../../usr/local/lib/android/sdk/platforms/android-36-ext19/data/res/values-mcc310-mnc230-in: Cannot utime: Operation not permitted
build	Cache Android SDK	2026-06-06T12:22:49.8907054Z /usr/bin/tar: ../../../../../usr/local/lib/android/sdk/platforms/android-36-ext19/data/res/values-mcc310-mnc230-in: Cannot change mode to rwxr-xr-x: Operation not permitted
build	Cache Android SDK	2026-06-06T12:22:49.8945089Z /usr/bin/tar: ../../../../../usr/local/lib/android/sdk/platforms/android-36-ext19/data/res/color: Cannot utime: Operation not permitted
build	Cache Android SDK	2026-06-06T12:22:49.8945983Z /usr/bin/tar: ../../../../../usr/local/lib/android/sdk/platforms/android-36-ext19/data/res/color: Cannot change mode to rwxr-xr-x: Operation not permitted
build	Cache Android SDK	2026-06-06T12:22:49.8948349Z /usr/bin/tar: ../../../../../usr/local/lib/android/sdk/platforms/android-36-ext19/data/res/values-mcc312-mnc670-be: Cannot utime: Operation not permitted
build	Cache Android SDK	2026-06-06T12:22:49.8949294Z /usr/bin/tar: ../../../../../usr/local/lib/android/sdk/platforms/android-36-ext19/data/res/values-mcc312-mnc670-be: Cannot change mode to rwxr-xr-x: Operation not permitted
build	Cache Android SDK	2026-06-06T12:22:49.8952035Z /usr/bin/tar: ../../../../../usr/local/lib/android/sdk/platforms/android-36-ext19/data/res/values-mcc310-mnc410-mk: Cannot utime: Operation not permitted
build	Cache Android SDK	2026-06-06T12:22:49.8953101Z /usr/bin/tar: ../../../../../usr/local/lib/android/sdk/platforms/android-36-ext19/data/res/values-mcc310-mnc410-mk: Cannot change mode to rwxr-xr-x: Operation not permitted
build	Cache Android SDK	2026-06-06T12:22:49.8955076Z /usr/bin/tar: ../../../../../usr/local/lib/android/sdk/platforms/android-36-ext19/data/res/values-mcc313-mnc100-sv: Cannot utime: Operation not permitted
build	Cache Android SDK	2026-06-06T12:22:49.8956029Z /usr/bin/tar: ../../../../../usr/local/lib/android/sdk/platforms/android-36-ext19/data/res/values-mcc313-mnc100-sv: Cannot change mode to rwxr-xr-x: Operation not permitted
build	Cache Android SDK	2026-06-06T12:22:49.8958391Z /usr/bin/tar: ../../../../../usr/local/lib/android/sdk/platforms/android-36-ext19/data/res/values-mcc310-mnc410-sl: Cannot utime: Operation not permitted
build	Cache Android SDK	2026-06-06T12:22:49.8959420Z /usr/bin/tar: ../../../../../usr/local/lib/android/sdk/platforms/android-36-ext19/data/res/values-mcc310-mnc410-sl: Cannot change mode to rwxr-xr-x: Operation not permitted
build	Cache Android SDK	2026-06-06T12:22:49.8961585Z /usr/bin/tar: ../../../../../usr/local/lib/android/sdk/platforms/android-36-ext19/data/res/values-mcc302-mnc370-en-rAU: Cannot utime: Operation not permitted
build	Cache Android SDK	2026-06-06T12:22:49.8962567Z /usr/bin/tar: ../../../../../usr/local/lib/android/sdk/platforms/android-36-ext19/data/res/values-mcc302-mnc370-en-rAU: Cannot change mode to rwxr-xr-x: Operation not permitted
build	Cache Android SDK	2026-06-06T12:22:49.8964739Z /usr/bin/tar: ../../../../../usr/local/lib/android/sdk/platforms/android-36-ext19/data/res/values-mcc310-mnc210-vi: Cannot utime: Operation not permitted
build	Cache Android SDK	2026-06-06T12:22:49.8965682Z /usr/bin/tar: ../../../../../usr/local/lib/android/sdk/platforms/android-36-ext19/data/res/values-mcc310-mnc210-vi: Cannot change mode to rwxr-xr-x: Operation not permitted
build	Cache Android SDK	2026-06-06T12:22:49.8968058Z /usr/bin/tar: ../../../../../usr/local/lib/android/sdk/platforms/android-36-ext19/data/res/values-mcc310-mnc030-ur: Cannot utime: Operation not permitted
build	Cache Android SDK	2026-06-06T12:22:49.8968999Z /usr/bin/tar: ../../../../../usr/local/lib/android/sdk/platforms/android-36-ext19/data/res/values-mcc310-mnc030-ur: Cannot change mode to rwxr-xr-x: Operation not permitted
build	Cache Android SDK	2026-06-06T12:22:49.8972697Z /usr/bin/tar: ../../../../../usr/local/lib/android/sdk/platforms/android-36-ext19/data/res/color-night: Cannot utime: Operation not permitted
build	Cache Android SDK	2026-06-06T12:22:49.8973598Z /usr/bin/tar: ../../../../../usr/local/lib/android/sdk/platforms/android-36-ext19/data/res/color-night: Cannot change mode to rwxr-xr-x: Operation not permitted
build	Cache Android SDK	2026-06-06T12:22:49.8975896Z /usr/bin/tar: ../../../../../usr/local/lib/android/sdk/platforms/android-36-ext19/data/res/values-mcc310-mnc240-ta: Cannot utime: Operation not permitted
build	Cache Android SDK	2026-06-06T12:22:49.8976839Z /usr/bin/tar: ../../../../../usr/local/lib/android/sdk/platforms/android-36-ext19/data/res/values-mcc310-mnc240-ta: Cannot change mode to rwxr-xr-x: Operation not permitted
build	Cache Android SDK	2026-06-06T12:22:49.8979183Z /usr/bin/tar: ../../../../../usr/local/lib/android/sdk/platforms/android-36-ext19/data/res/values-mcc313-mnc100-cs: Cannot utime: Operation not permitted
build	Cache Android SDK	2026-06-06T12:22:49.8980135Z /usr/bin/tar: ../../../../../usr/local/lib/android/sdk/platforms/android-36-ext19/data/res/values-mcc313-mnc100-cs: Cannot change mode to rwxr-xr-x: Operation not permitted
build	Cache Android SDK	2026-06-06T12:22:49.8983529Z /usr/bin/tar: ../../../../../usr/local/lib/android/sdk/platforms/android-36-ext19/data/res/values-mcc311-mnc180-uz: Cannot utime: Operation not permitted
build	Cache Android SDK	2026-06-06T12:22:49.8984588Z /usr/bin/tar: ../../../../../usr/local/lib/android/sdk/platforms/android-36-ext19/data/res/values-mcc311-mnc180-uz: Cannot change mode to rwxr-xr-x: Operation not permitted
build	Cache Android SDK	2026-06-06T12:22:49.8988079Z /usr/bin/tar: ../../../../../usr/local/lib/android/sdk/platforms/android-36-ext19/data/res/values-mcc312-mnc670-pt: Cannot utime: Operation not permitted
build	Cache Android SDK	2026-06-06T12:22:49.8989192Z /usr/bin/tar: ../../../../../usr/local/lib/android/sdk/platforms/android-36-ext19/data/res/values-mcc312-mnc670-pt: Cannot change mode to rwxr-xr-x: Operation not permitted
build	Cache Android SDK	2026-06-06T12:22:49.8990995Z /usr/bin/tar: ../../../../../usr/local/lib/android/sdk/platforms/android-36-ext19/data/res/values-mcc310-mnc250-tl: Cannot utime: Operation not permitted
build	Cache Android SDK	2026-06-06T12:22:49.8991973Z /usr/bin/tar: ../../../../../usr/local/lib/android/sdk/platforms/android-36-ext19/data/res/values-mcc310-mnc250-tl: Cannot change mode to rwxr-xr-x: Operation not permitted
build	Cache Android SDK	2026-06-06T12:22:49.8994236Z /usr/bin/tar: ../../../../../usr/local/lib/android/sdk/platforms/android-36-ext19/data/res/values-mcc310-mnc250-fr-rCA: Cannot utime: Operation not permitted
build	Cache Android SDK	2026-06-06T12:22:49.8995267Z /usr/bin/tar: ../../../../../usr/local/lib/android/sdk/platforms/android-36-ext19/data/res/values-mcc310-mnc250-fr-rCA: Cannot change mode to rwxr-xr-x: Operation not permitted
build	Cache Android SDK	2026-06-06T12:22:49.8997693Z /usr/bin/tar: ../../../../../usr/local/lib/android/sdk/platforms/android-36-ext19/data/res/values-mcc310-mnc150-bs: Cannot utime: Operation not permitted
build	Cache Android SDK	2026-06-06T12:22:49.8998664Z /usr/bin/tar: ../../../../../usr/local/lib/android/sdk/platforms/android-36-ext19/data/res/values-mcc310-mnc150-bs: Cannot change mode to rwxr-xr-x: Operation not permitted
build	Cache Android SDK	2026-06-06T12:22:49.9001220Z /usr/bin/tar: ../../../../../usr/local/lib/android/sdk/platforms/android-36-ext19/data/res/values-mcc310-mnc560-sk: Cannot utime: Operation not permitted
build	Cache Android SDK	2026-06-06T12:22:49.9002180Z /usr/bin/tar: ../../../../../usr/local/lib/android/sdk/platforms/android-36-ext19/data/res/values-mcc310-mnc560-sk: Cannot change mode to rwxr-xr-x: Operation not permitted
build	Cache Android SDK	2026-06-06T12:22:49.9004520Z /usr/bin/tar: ../../../../../usr/local/lib/android/sdk/platforms/android-36-ext19/data/res/values-mcc310-mnc030-zu: Cannot utime: Operation not permitted
build	Cache Android SDK	2026-06-06T12:22:49.9005492Z /usr/bin/tar: ../../../../../usr/local/lib/android/sdk/platforms/android-36-ext19/data/res/values-mcc310-mnc030-zu: Cannot change mode to rwxr-xr-x: Operation not permitted
build	Cache Android SDK	2026-06-06T12:22:49.9007840Z /usr/bin/tar: ../../../../../usr/local/lib/android/sdk/platforms/android-36-ext19/data/res/values-mcc450-mnc06: Cannot utime: Operation not permitted
build	Cache Android SDK	2026-06-06T12:22:49.9008911Z /usr/bin/tar: ../../../../../usr/local/lib/android/sdk/platforms/android-36-ext19/data/res/values-mcc450-mnc06: Cannot change mode to rwxr-xr-x: Operation not permitted
build	Cache Android SDK	2026-06-06T12:22:49.9010844Z /usr/bin/tar: ../../../../../usr/local/lib/android/sdk/platforms/android-36-ext19/data/res/values-mcc310-mnc800-es-rUS: Cannot utime: Operation not permitted
build	Cache Android SDK	2026-06-06T12:22:49.9012458Z /usr/bin/tar: ../../../../../usr/local/lib/android/sdk/platforms/android-36-ext19/data/res/values-mcc310-mnc800-es-rUS: Cannot change mode to rwxr-xr-x: Operation not permitted
build	Cache Android SDK	2026-06-06T12:22:49.9013924Z /usr/bin/tar: ../../../../../usr/local/lib/android/sdk/platforms/android-36-ext19/data/res/values-mcc310-mnc560-mn: Cannot utime: Operation not permitted
build	Cache Android SDK	2026-06-06T12:22:49.9015486Z /usr/bin/tar: ../../../../../usr/local/lib/android/sdk/platforms/android-36-ext19/data/res/values-mcc310-mnc560-mn: Cannot change mode to rwxr-xr-x: Operation not permitted
build	Cache Android SDK	2026-06-06T12:22:49.9016914Z /usr/bin/tar: ../../../../../usr/local/lib/android/sdk/platforms/android-36-ext19/data/res/values-mcc313-mnc100-bn: Cannot utime: Operation not permitted
build	Cache Android SDK	2026-06-06T12:22:49.9018485Z /usr/bin/tar: ../../../../../usr/local/lib/android/sdk/platforms/android-36-ext19/data/res/values-mcc313-mnc100-bn: Cannot change mode to rwxr-xr-x: Operation not permitted
build	Cache Android SDK	2026-06-06T12:22:49.9019910Z /usr/bin/tar: ../../../../../usr/local/lib/android/sdk/platforms/android-36-ext19/data/res/values-mcc310-mnc200-hr: Cannot utime: Operation not permitted
build	Cache Android SDK	2026-06-06T12:22:49.9021346Z /usr/bin/tar: ../../../../../usr/local/lib/android/sdk/platforms/android-36-ext19/data/res/values-mcc310-mnc200-hr: Cannot change mode to rwxr-xr-x: Operation not permitted
build	Cache Android SDK	2026-06-06T12:22:49.9023249Z /usr/bin/tar: ../../../../../usr/local/lib/android/sdk/platforms/android-36-ext19/data/res/values-mcc310-mnc200-am: Cannot utime: Operation not permitted
build	Cache Android SDK	2026-06-06T12:22:49.9024295Z /usr/bin/tar: ../../../../../usr/local/lib/android/sdk/platforms/android-36-ext19/data/res/values-mcc310-mnc200-am: Cannot change mode to rwxr-xr-x: Operation not permitted
build	Cache Android SDK	2026-06-06T12:22:49.9026191Z /usr/bin/tar: ../../../../../usr/local/lib/android/sdk/platforms/android-36-ext19/data/res/values-mcc310-mnc800-sw: Cannot utime: Operation not permitted
build	Cache Android SDK	2026-06-06T12:22:49.9027174Z /usr/bin/tar: ../../../../../usr/local/lib/android/sdk/platforms/android-36-ext19/data/res/values-mcc310-mnc800-sw: Cannot change mode to rwxr-xr-x: Operation not permitted
build	Cache Android SDK	2026-06-06T12:22:49.9029388Z /usr/bin/tar: ../../../../../usr/local/lib/android/sdk/platforms/android-36-ext19/data/res/values-mcc302-mnc370-ne: Cannot utime: Operation not permitted
build	Cache Android SDK	2026-06-06T12:22:49.9030339Z /usr/bin/tar: ../../../../../usr/local/lib/android/sdk/platforms/android-36-ext19/data/res/values-mcc302-mnc370-ne: Cannot change mode to rwxr-xr-x: Operation not permitted
build	Cache Android SDK	2026-06-06T12:22:49.9034989Z /usr/bin/tar: ../../../../../usr/local/lib/android/sdk/platforms/android-36-ext19/data/res/drawable-sw600dp-mdpi: Cannot utime: Operation not permitted
build	Cache Android SDK	2026-06-06T12:22:49.9036020Z /usr/bin/tar: ../../../../../usr/local/lib/android/sdk/platforms/android-36-ext19/data/res/drawable-sw600dp-mdpi: Cannot change mode to rwxr-xr-x: Operation not permitted
build	Cache Android SDK	2026-06-06T12:22:49.9038685Z /usr/bin/tar: ../../../../../usr/local/lib/android/sdk/platforms/android-36-ext19/data/res/values-mcc310-mnc560-af: Cannot utime: Operation not permitted
build	Cache Android SDK	2026-06-06T12:22:49.9039854Z /usr/bin/tar: ../../../../../usr/local/lib/android/sdk/platforms/android-36-ext19/data/res/values-mcc310-mnc560-af: Cannot change mode to rwxr-xr-x: Operation not permitted
build	Cache Android SDK	2026-06-06T12:22:49.9041529Z /usr/bin/tar: ../../../../../usr/local/lib/android/sdk/platforms/android-36-ext19/data/res/values-mcc310-mnc310-pt-rBR: Cannot utime: Operation not permitted
build	Cache Android SDK	2026-06-06T12:22:49.9042880Z /usr/bin/tar: ../../../../../usr/local/lib/android/sdk/platforms/android-36-ext19/data/res/values-mcc310-mnc310-pt-rBR: Cannot change mode to rwxr-xr-x: Operation not permitted
build	Cache Android SDK	2026-06-06T12:22:49.9044774Z /usr/bin/tar: ../../../../../usr/local/lib/android/sdk/platforms/android-36-ext19/data/res/values-mcc302-mnc720-es-rUS: Cannot utime: Operation not permitted
build	Cache Android SDK	2026-06-06T12:22:49.9045927Z /usr/bin/tar: ../../../../../usr/local/lib/android/sdk/platforms/android-36-ext19/data/res/values-mcc302-mnc720-es-rUS: Cannot change mode to rwxr-xr-x: Operation not permitted
build	Cache Android SDK	2026-06-06T12:22:49.9047683Z /usr/bin/tar: ../../../../../usr/local/lib/android/sdk/platforms/android-36-ext19/data/res/values-mcc310-mnc270-is: Cannot utime: Operation not permitted
build	Cache Android SDK	2026-06-06T12:22:49.9048718Z /usr/bin/tar: ../../../../../usr/local/lib/android/sdk/platforms/android-36-ext19/data/res/values-mcc310-mnc270-is: Cannot change mode to rwxr-xr-x: Operation not permitted
build	Cache Android SDK	2026-06-06T12:22:49.9050467Z /usr/bin/tar: ../../../../../usr/local/lib/android/sdk/platforms/android-36-ext19/data/res/values-mcc310-mnc250-ko: Cannot utime: Operation not permitted
build	Cache Android SDK	2026-06-06T12:22:49.9051631Z /usr/bin/tar: ../../../../../usr/local/lib/android/sdk/platforms/android-36-ext19/data/res/values-mcc310-mnc250-ko: Cannot change mode to rwxr-xr-x: Operation not permitted
build	Cache Android SDK	2026-06-06T12:22:49.9053167Z /usr/bin/tar: ../../../../../usr/local/lib/android/sdk/platforms/android-36-ext19/data/res/values-mcc310-mnc200-ro: Cannot utime: Operation not permitted
build	Cache Android SDK	2026-06-06T12:22:49.9054246Z /usr/bin/tar: ../../../../../usr/local/lib/android/sdk/platforms/android-36-ext19/data/res/values-mcc310-mnc200-ro: Cannot change mode to rwxr-xr-x: Operation not permitted
build	Cache Android SDK	2026-06-06T12:22:49.9056421Z /usr/bin/tar: ../../../../../usr/local/lib/android/sdk/platforms/android-36-ext19/data/res/values-mcc310-mnc310-zh-rTW: Cannot utime: Operation not permitted
build	Cache Android SDK	2026-06-06T12:22:49.9057592Z /usr/bin/tar: ../../../../../usr/local/lib/android/sdk/platforms/android-36-ext19/data/res/values-mcc310-mnc310-zh-rTW: Cannot change mode to rwxr-xr-x: Operation not permitted
build	Cache Android SDK	2026-06-06T12:22:49.9059639Z /usr/bin/tar: ../../../../../usr/local/lib/android/sdk/platforms/android-36-ext19/data/res/values-mcc310-mnc380-lt: Cannot utime: Operation not permitted
build	Cache Android SDK	2026-06-06T12:22:49.9060706Z /usr/bin/tar: ../../../../../usr/local/lib/android/sdk/platforms/android-36-ext19/data/res/values-mcc310-mnc380-lt: Cannot change mode to rwxr-xr-x: Operation not permitted
build	Cache Android SDK	2026-06-06T12:22:49.9064541Z /usr/bin/tar: ../../../../../usr/local/lib/android/sdk/platforms/android-36-ext19/data/res/values-mcc310-mnc410-it: Cannot utime: Operation not permitted
build	Cache Android SDK	2026-06-06T12:22:49.9065509Z /usr/bin/tar: ../../../../../usr/local/lib/android/sdk/platforms/android-36-ext19/data/res/values-mcc310-mnc410-it: Cannot change mode to rwxr-xr-x: Operation not permitted
build	Cache Android SDK	2026-06-06T12:22:49.9068271Z /usr/bin/tar: ../../../../../usr/local/lib/android/sdk/platforms/android-36-ext19/data/res/values-mcc311-mnc870: Cannot utime: Operation not permitted
build	Cache Android SDK	2026-06-06T12:22:49.9069361Z /usr/bin/tar: ../../../../../usr/local/lib/android/sdk/platforms/android-36-ext19/data/res/values-mcc311-mnc870: Cannot change mode to rwxr-xr-x: Operation not permitted
build	Cache Android SDK	2026-06-06T12:22:49.9071475Z /usr/bin/tar: ../../../../../usr/local/lib/android/sdk/platforms/android-36-ext19/data/res/values-mcc310-mnc280-kn: Cannot utime: Operation not permitted
build	Cache Android SDK	2026-06-06T12:22:49.9072441Z /usr/bin/tar: ../../../../../usr/local/lib/android/sdk/platforms/android-36-ext19/data/res/values-mcc310-mnc280-kn: Cannot change mode to rwxr-xr-x: Operation not permitted
build	Cache Android SDK	2026-06-06T12:22:49.9079826Z /usr/bin/tar: ../../../../../usr/local/lib/android/sdk/platforms/android-36-ext19/data/res/values-fr-rCA: Cannot utime: Operation not permitted
build	Cache Android SDK	2026-06-06T12:22:49.9080852Z /usr/bin/tar: ../../../../../usr/local/lib/android/sdk/platforms/android-36-ext19/data/res/values-fr-rCA: Cannot change mode to rwxr-xr-x: Operation not permitted
build	Cache Android SDK	2026-06-06T12:22:49.9083099Z /usr/bin/tar: ../../../../../usr/local/lib/android/sdk/platforms/android-36-ext19/data/res/values-ko-watch: Cannot utime: Operation not permitted
build	Cache Android SDK	2026-06-06T12:22:49.9084029Z /usr/bin/tar: ../../../../../usr/local/lib/android/sdk/platforms/android-36-ext19/data/res/values-ko-watch: Cannot change mode to rwxr-xr-x: Operation not permitted
build	Cache Android SDK	2026-06-06T12:22:49.9086151Z /usr/bin/tar: ../../../../../usr/local/lib/android/sdk/platforms/android-36-ext19/data/res/values-mcc310-mnc170-in: Cannot utime: Operation not permitted
build	Cache Android SDK	2026-06-06T12:22:49.9087098Z /usr/bin/tar: ../../../../../usr/local/lib/android/sdk/platforms/android-36-ext19/data/res/values-mcc310-mnc170-in: Cannot change mode to rwxr-xr-x: Operation not permitted
build	Cache Android SDK	2026-06-06T12:22:49.9089269Z /usr/bin/tar: ../../../../../usr/local/lib/android/sdk/platforms/android-36-ext19/data/res/values-mcc310-mnc170-pa: Cannot utime: Operation not permitted
build	Cache Android SDK	2026-06-06T12:22:49.9090226Z /usr/bin/tar: ../../../../../usr/local/lib/android/sdk/platforms/android-36-ext19/data/res/values-mcc310-mnc170-pa: Cannot change mode to rwxr-xr-x: Operation not permitted
build	Cache Android SDK	2026-06-06T12:22:49.9092490Z /usr/bin/tar: ../../../../../usr/local/lib/android/sdk/platforms/android-36-ext19/data/res/values-mcc310-mnc220-bs: Cannot utime: Operation not permitted
build	Cache Android SDK	2026-06-06T12:22:49.9093455Z /usr/bin/tar: ../../../../../usr/local/lib/android/sdk/platforms/android-36-ext19/data/res/values-mcc310-mnc220-bs: Cannot change mode to rwxr-xr-x: Operation not permitted
build	Cache Android SDK	2026-06-06T12:22:49.9095611Z /usr/bin/tar: ../../../../../usr/local/lib/android/sdk/platforms/android-36-ext19/data/res/values-mcc310-mnc280-pt-rPT: Cannot utime: Operation not permitted
build	Cache Android SDK	2026-06-06T12:22:49.9096613Z /usr/bin/tar: ../../../../../usr/local/lib/android/sdk/platforms/android-36-ext19/data/res/values-mcc310-mnc280-pt-rPT: Cannot change mode to rwxr-xr-x: Operation not permitted
build	Cache Android SDK	2026-06-06T12:22:49.9099058Z /usr/bin/tar: ../../../../../usr/local/lib/android/sdk/platforms/android-36-ext19/data/res/values-mcc310-mnc200-ur: Cannot utime: Operation not permitted
build	Cache Android SDK	2026-06-06T12:22:49.9100032Z /usr/bin/tar: ../../../../../usr/local/lib/android/sdk/platforms/android-36-ext19/data/res/values-mcc310-mnc200-ur: Cannot change mode to rwxr-xr-x: Operation not permitted
build	Cache Android SDK	2026-06-06T12:22:49.9102387Z /usr/bin/tar: ../../../../../usr/local/lib/android/sdk/platforms/android-36-ext19/data/res/values-mcc310-mnc490-lv: Cannot utime: Operation not permitted
build	Cache Android SDK	2026-06-06T12:22:49.9103553Z /usr/bin/tar: ../../../../../usr/local/lib/android/sdk/platforms/android-36-ext19/data/res/values-mcc310-mnc490-lv: Cannot change mode to rwxr-xr-x: Operation not permitted
build	Cache Android SDK	2026-06-06T12:22:49.9105164Z /usr/bin/tar: ../../../../../usr/local/lib/android/sdk/platforms/android-36-ext19/data/res/values-uz-watch: Cannot utime: Operation not permitted
build	Cache Android SDK	2026-06-06T12:22:49.9106301Z /usr/bin/tar: ../../../../../usr/local/lib/android/sdk/platforms/android-36-ext19/data/res/values-uz-watch: Cannot change mode to rwxr-xr-x: Operation not permitted
build	Cache Android SDK	2026-06-06T12:22:49.9108510Z /usr/bin/tar: ../../../../../usr/local/lib/android/sdk/platforms/android-36-ext19/data/res/values-mcc310-mnc660-da: Cannot utime: Operation not permitted
build	Cache Android SDK	2026-06-06T12:22:49.9109512Z /usr/bin/tar: ../../../../../usr/local/lib/android/sdk/platforms/android-36-ext19/data/res/values-mcc310-mnc660-da: Cannot change mode to rwxr-xr-x: Operation not permitted
build	Cache Android SDK	2026-06-06T12:22:49.9117907Z /usr/bin/tar: ../../../../../usr/local/lib/android/sdk/platforms/android-36-ext19/data/res/values-fi: Cannot utime: Operation not permitted
build	Cache Android SDK	2026-06-06T12:22:49.9118832Z /usr/bin/tar: ../../../../../usr/local/lib/android/sdk/platforms/android-36-ext19/data/res/values-fi: Cannot change mode to rwxr-xr-x: Operation not permitted
build	Cache Android SDK	2026-06-06T12:22:49.9119823Z /usr/bin/tar: ../../../../../usr/local/lib/android/sdk/platforms/android-36-ext19/data/res/values-mcc310-mnc800-cs: Cannot utime: Operation not permitted
build	Cache Android SDK	2026-06-06T12:22:49.9120901Z /usr/bin/tar: ../../../../../usr/local/lib/android/sdk/platforms/android-36-ext19/data/res/values-mcc310-mnc800-cs: Cannot change mode to rwxr-xr-x: Operation not permitted
build	Cache Android SDK	2026-06-06T12:22:49.9122089Z /usr/bin/tar: ../../../../../usr/local/lib/android/sdk/platforms/android-36-ext19/data/res/values-mcc310-mnc380-hi: Cannot utime: Operation not permitted
build	Cache Android SDK	2026-06-06T12:22:49.9123099Z /usr/bin/tar: ../../../../../usr/local/lib/android/sdk/platforms/android-36-ext19/data/res/values-mcc310-mnc380-hi: Cannot change mode to rwxr-xr-x: Operation not permitted
build	Cache Android SDK	2026-06-06T12:22:49.9124401Z /usr/bin/tar: ../../../../../usr/local/lib/android/sdk/platforms/android-36-ext19/data/res/values-mcc310-mnc410-af: Cannot utime: Operation not permitted
build	Cache Android SDK	2026-06-06T12:22:49.9125339Z /usr/bin/tar: ../../../../../usr/local/lib/android/sdk/platforms/android-36-ext19/data/res/values-mcc310-mnc410-af: Cannot change mode to rwxr-xr-x: Operation not permitted
build	Cache Android SDK	2026-06-06T12:22:49.9127138Z /usr/bin/tar: ../../../../../usr/local/lib/android/sdk/platforms/android-36-ext19/data/res/values-mcc310-mnc250-km: Cannot utime: Operation not permitted
build	Cache Android SDK	2026-06-06T12:22:49.9128299Z /usr/bin/tar: ../../../../../usr/local/lib/android/sdk/platforms/android-36-ext19/data/res/values-mcc310-mnc250-km: Cannot change mode to rwxr-xr-x: Operation not permitted
build	Cache Android SDK	2026-06-06T12:22:49.9130269Z /usr/bin/tar: ../../../../../usr/local/lib/android/sdk/platforms/android-36-ext19/data/res/values-mcc302-mnc370-pa: Cannot utime: Operation not permitted
build	Cache Android SDK	2026-06-06T12:22:49.9131227Z /usr/bin/tar: ../../../../../usr/local/lib/android/sdk/platforms/android-36-ext19/data/res/values-mcc302-mnc370-pa: Cannot change mode to rwxr-xr-x: Operation not permitted
build	Cache Android SDK	2026-06-06T12:22:49.9133209Z /usr/bin/tar: ../../../../../usr/local/lib/android/sdk/platforms/android-36-ext19/data/res/values-mcc310-mnc380-ca: Cannot utime: Operation not permitted
build	Cache Android SDK	2026-06-06T12:22:49.9134160Z /usr/bin/tar: ../../../../../usr/local/lib/android/sdk/platforms/android-36-ext19/data/res/values-mcc310-mnc380-ca: Cannot change mode to rwxr-xr-x: Operation not permitted
build	Cache Android SDK	2026-06-06T12:22:49.9136177Z /usr/bin/tar: ../../../../../usr/local/lib/android/sdk/platforms/android-36-ext19/data/res/values-mcc310-mnc950-gu: Cannot utime: Operation not permitted
build	Cache Android SDK	2026-06-06T12:22:49.9137203Z /usr/bin/tar: ../../../../../usr/local/lib/android/sdk/platforms/android-36-ext19/data/res/values-mcc310-mnc950-gu: Cannot change mode to rwxr-xr-x: Operation not permitted
build	Cache Android SDK	2026-06-06T12:22:49.9139544Z /usr/bin/tar: ../../../../../usr/local/lib/android/sdk/platforms/android-36-ext19/data/res/values-mcc302-mnc720-sq: Cannot utime: Operation not permitted
build	Cache Android SDK	2026-06-06T12:22:49.9140492Z /usr/bin/tar: ../../../../../usr/local/lib/android/sdk/platforms/android-36-ext19/data/res/values-mcc302-mnc720-sq: Cannot change mode to rwxr-xr-x: Operation not permitted
build	Cache Android SDK	2026-06-06T12:22:49.9142685Z /usr/bin/tar: ../../../../../usr/local/lib/android/sdk/platforms/android-36-ext19/data/res/values-sq-watch: Cannot utime: Operation not permitted
build	Cache Android SDK	2026-06-06T12:22:49.9143594Z /usr/bin/tar: ../../../../../usr/local/lib/android/sdk/platforms/android-36-ext19/data/res/values-sq-watch: Cannot change mode to rwxr-xr-x: Operation not permitted
build	Cache Android SDK	2026-06-06T12:22:49.9145875Z /usr/bin/tar: ../../../../../usr/local/lib/android/sdk/platforms/android-36-ext19/data/res/values-mcc311-mnc180-lv: Cannot utime: Operation not permitted
build	Cache Android SDK	2026-06-06T12:22:49.9146822Z /usr/bin/tar: ../../../../../usr/local/lib/android/sdk/platforms/android-36-ext19/data/res/values-mcc311-mnc180-lv: Cannot change mode to rwxr-xr-x: Operation not permitted
build	Cache Android SDK	2026-06-06T12:22:49.9149331Z /usr/bin/tar: ../../../../../usr/local/lib/android/sdk/platforms/android-36-ext19/data/res/values-mcc310-mnc280-it: Cannot utime: Operation not permitted
build	Cache Android SDK	2026-06-06T12:22:49.9150286Z /usr/bin/tar: ../../../../../usr/local/lib/android/sdk/platforms/android-36-ext19/data/res/values-mcc310-mnc280-it: Cannot change mode to rwxr-xr-x: Operation not permitted
build	Cache Android SDK	2026-06-06T12:22:49.9152443Z /usr/bin/tar: ../../../../../usr/local/lib/android/sdk/platforms/android-36-ext19/data/res/values-mcc302-mnc720-kk: Cannot utime: Operation not permitted
build	Cache Android SDK	2026-06-06T12:22:49.9154112Z /usr/bin/tar: ../../../../../usr/local/lib/android/sdk/platforms/android-36-ext19/data/res/values-mcc302-mnc720-kk: Cannot change mode to rwxr-xr-x: Operation not permitted
build	Cache Android SDK	2026-06-06T12:22:49.9155326Z /usr/bin/tar: ../../../../../usr/local/lib/android/sdk/platforms/android-36-ext19/data/res: Cannot utime: Operation not permitted
build	Cache Android SDK	2026-06-06T12:22:49.9156796Z /usr/bin/tar: ../../../../../usr/local/lib/android/sdk/platforms/android-36-ext19/data/res: Cannot change mode to rwxr-xr-x: Operation not permitted
build	Cache Android SDK	2026-06-06T12:22:49.9221755Z /usr/bin/tar: ../../../../../usr/local/lib/android/sdk/platforms/android-36-ext19/data: Cannot utime: Operation not permitted
build	Cache Android SDK	2026-06-06T12:22:49.9222780Z /usr/bin/tar: ../../../../../usr/local/lib/android/sdk/platforms/android-36-ext19/data: Cannot change mode to rwxr-xr-x: Operation not permitted
build	Cache Android SDK	2026-06-06T12:22:49.9223585Z /usr/bin/tar: ../../../../../usr/local/lib/android/sdk/platforms/android-36-ext19: Cannot utime: Operation not permitted
build	Cache Android SDK	2026-06-06T12:22:49.9224416Z /usr/bin/tar: ../../../../../usr/local/lib/android/sdk/platforms/android-36-ext19: Cannot change mode to rwxr-xr-x: Operation not permitted
build	Cache Android SDK	2026-06-06T12:22:49.9235659Z /usr/bin/tar: ../../../../../usr/local/lib/android/sdk/platforms/android-34-ext11/optional/libbinder_ndk_cpp/android: Cannot utime: Operation not permitted
build	Cache Android SDK	2026-06-06T12:22:49.9237633Z /usr/bin/tar: ../../../../../usr/local/lib/android/sdk/platforms/android-34-ext11/optional/libbinder_ndk_cpp/android: Cannot change mode to rwxr-xr-x: Operation not permitted
build	Cache Android SDK	2026-06-06T12:22:49.9238608Z /usr/bin/tar: ../../../../../usr/local/lib/android/sdk/platforms/android-34-ext11/optional/libbinder_ndk_cpp: Cannot utime: Operation not permitted
build	Cache Android SDK	2026-06-06T12:22:49.9239537Z /usr/bin/tar: ../../../../../usr/local/lib/android/sdk/platforms/android-34-ext11/optional/libbinder_ndk_cpp: Cannot change mode to rwxr-xr-x: Operation not permitted
build	Cache Android SDK	2026-06-06T12:22:49.9244548Z /usr/bin/tar: ../../../../../usr/local/lib/android/sdk/platforms/android-34-ext11/optional: Cannot utime: Operation not permitted
build	Cache Android SDK	2026-06-06T12:22:49.9246053Z /usr/bin/tar: ../../../../../usr/local/lib/android/sdk/platforms/android-34-ext11/optional: Cannot change mode to rwxr-xr-x: Operation not permitted
build	Cache Android SDK	2026-06-06T12:22:49.9344266Z /usr/bin/tar: ../../../../../usr/local/lib/android/sdk/platforms/android-34-ext11/skins/WXGA800: Cannot utime: Operation not permitted
build	Cache Android SDK	2026-06-06T12:22:49.9345422Z /usr/bin/tar: ../../../../../usr/local/lib/android/sdk/platforms/android-34-ext11/skins/WXGA800: Cannot change mode to rwxr-xr-x: Operation not permitted
build	Cache Android SDK	2026-06-06T12:22:49.9350265Z /usr/bin/tar: ../../../../../usr/local/lib/android/sdk/platforms/android-34-ext11/skins/HVGA: Cannot utime: Operation not permitted
build	Cache Android SDK	2026-06-06T12:22:49.9351106Z /usr/bin/tar: ../../../../../usr/local/lib/android/sdk/platforms/android-34-ext11/skins/HVGA: Cannot change mode to rwxr-xr-x: Operation not permitted
build	Cache Android SDK	2026-06-06T12:22:49.9357560Z /usr/bin/tar: ../../../../../usr/local/lib/android/sdk/platforms/android-34-ext11/skins/WSVGA: Cannot utime: Operation not permitted
build	Cache Android SDK	2026-06-06T12:22:49.9358698Z /usr/bin/tar: ../../../../../usr/local/lib/android/sdk/platforms/android-34-ext11/skins/WSVGA: Cannot change mode to rwxr-xr-x: Operation not permitted
build	Cache Android SDK	2026-06-06T12:22:49.9364842Z /usr/bin/tar: ../../../../../usr/local/lib/android/sdk/platforms/android-34-ext11/skins/WQVGA432: Cannot utime: Operation not permitted
build	Cache Android SDK	2026-06-06T12:22:49.9365734Z /usr/bin/tar: ../../../../../usr/local/lib/android/sdk/platforms/android-34-ext11/skins/WQVGA432: Cannot change mode to rwxr-xr-x: Operation not permitted
build	Cache Android SDK	2026-06-06T12:22:49.9372114Z /usr/bin/tar: ../../../../../usr/local/lib/android/sdk/platforms/android-34-ext11/skins/WVGA854: Cannot utime: Operation not permitted
build	Cache Android SDK	2026-06-06T12:22:49.9372989Z /usr/bin/tar: ../../../../../usr/local/lib/android/sdk/platforms/android-34-ext11/skins/WVGA854: Cannot change mode to rwxr-xr-x: Operation not permitted
build	Cache Android SDK	2026-06-06T12:22:49.9379513Z /usr/bin/tar: ../../../../../usr/local/lib/android/sdk/platforms/android-34-ext11/skins/WXGA800-7in: Cannot utime: Operation not permitted
build	Cache Android SDK	2026-06-06T12:22:49.9380634Z /usr/bin/tar: ../../../../../usr/local/lib/android/sdk/platforms/android-34-ext11/skins/WXGA800-7in: Cannot change mode to rwxr-xr-x: Operation not permitted
build	Cache Android SDK	2026-06-06T12:22:49.9386515Z /usr/bin/tar: ../../../../../usr/local/lib/android/sdk/platforms/android-34-ext11/skins/QVGA: Cannot utime: Operation not permitted
build	Cache Android SDK	2026-06-06T12:22:49.9387652Z /usr/bin/tar: ../../../../../usr/local/lib/android/sdk/platforms/android-34-ext11/skins/QVGA: Cannot change mode to rwxr-xr-x: Operation not permitted
build	Cache Android SDK	2026-06-06T12:22:49.9395996Z /usr/bin/tar: ../../../../../usr/local/lib/android/sdk/platforms/android-34-ext11/skins/WQVGA400: Cannot utime: Operation not permitted
build	Cache Android SDK	2026-06-06T12:22:49.9397850Z /usr/bin/tar: ../../../../../usr/local/lib/android/sdk/platforms/android-34-ext11/skins/WQVGA400: Cannot change mode to rwxr-xr-x: Operation not permitted
build	Cache Android SDK	2026-06-06T12:22:49.9411666Z /usr/bin/tar: ../../../../../usr/local/lib/android/sdk/platforms/android-34-ext11/skins/WVGA800: Cannot utime: Operation not permitted
build	Cache Android SDK	2026-06-06T12:22:49.9412831Z /usr/bin/tar: ../../../../../usr/local/lib/android/sdk/platforms/android-34-ext11/skins/WVGA800: Cannot change mode to rwxr-xr-x: Operation not permitted
build	Cache Android SDK	2026-06-06T12:22:49.9418956Z /usr/bin/tar: ../../../../../usr/local/lib/android/sdk/platforms/android-34-ext11/skins/WXGA720: Cannot utime: Operation not permitted
build	Cache Android SDK	2026-06-06T12:22:49.9420532Z /usr/bin/tar: ../../../../../usr/local/lib/android/sdk/platforms/android-34-ext11/skins/WXGA720: Cannot change mode to rwxr-xr-x: Operation not permitted
build	Cache Android SDK	2026-06-06T12:22:49.9421700Z /usr/bin/tar: ../../../../../usr/local/lib/android/sdk/platforms/android-34-ext11/skins: Cannot utime: Operation not permitted
build	Cache Android SDK	2026-06-06T12:22:49.9423131Z /usr/bin/tar: ../../../../../usr/local/lib/android/sdk/platforms/android-34-ext11/skins: Cannot change mode to rwxr-xr-x: Operation not permitted
build	Cache Android SDK	2026-06-06T12:22:49.9663516Z /usr/bin/tar: ../../../../../usr/local/lib/android/sdk/platforms/android-34-ext11/templates: Cannot utime: Operation not permitted
build	Cache Android SDK	2026-06-06T12:22:49.9664493Z /usr/bin/tar: ../../../../../usr/local/lib/android/sdk/platforms/android-34-ext11/templates: Cannot change mode to rwxr-xr-x: Operation not permitted
build	Cache Android SDK	2026-06-06T12:22:49.9676424Z /usr/bin/tar: ../../../../../usr/local/lib/android/sdk/platforms/android-34-ext11/data/res/values-mcc310-mnc160-sk: Cannot utime: Operation not permitted
build	Cache Android SDK	2026-06-06T12:22:49.9678073Z /usr/bin/tar: ../../../../../usr/local/lib/android/sdk/platforms/android-34-ext11/data/res/values-mcc310-mnc160-sk: Cannot change mode to rwxr-xr-x: Operation not permitted
build	Cache Android SDK	2026-06-06T12:22:49.9682309Z /usr/bin/tar: ../../../../../usr/local/lib/android/sdk/platforms/android-34-ext11/data/res/values-mcc302-mnc370-hr: Cannot utime: Operation not permitted
build	Cache Android SDK	2026-06-06T12:22:49.9684139Z /usr/bin/tar: ../../../../../usr/local/lib/android/sdk/platforms/android-34-ext11/data/res/values-mcc302-mnc370-hr: Cannot change mode to rwxr-xr-x: Operation not permitted
build	Cache Android SDK	2026-06-06T12:22:49.9687948Z /usr/bin/tar: ../../../../../usr/local/lib/android/sdk/platforms/android-34-ext11/data/res/values-mcc310-mnc950-zh-rHK: Cannot utime: Operation not permitted
build	Cache Android SDK	2026-06-06T12:22:49.9688949Z /usr/bin/tar: ../../../../../usr/local/lib/android/sdk/platforms/android-34-ext11/data/res/values-mcc310-mnc950-zh-rHK: Cannot change mode to rwxr-xr-x: Operation not permitted
build	Cache Android SDK	2026-06-06T12:22:49.9692717Z /usr/bin/tar: ../../../../../usr/local/lib/android/sdk/platforms/android-34-ext11/data/res/values-mcc310-mnc210-et: Cannot utime: Operation not permitted
build	Cache Android SDK	2026-06-06T12:22:49.9693757Z /usr/bin/tar: ../../../../../usr/local/lib/android/sdk/platforms/android-34-ext11/data/res/values-mcc310-mnc210-et: Cannot change mode to rwxr-xr-x: Operation not permitted
build	Cache Android SDK	2026-06-06T12:22:49.9695492Z /usr/bin/tar: ../../../../../usr/local/lib/android/sdk/platforms/android-34-ext11/data/res/values-mcc310-mnc170-sl: Cannot utime: Operation not permitted
build	Cache Android SDK	2026-06-06T12:22:49.9696573Z /usr/bin/tar: ../../../../../usr/local/lib/android/sdk/platforms/android-34-ext11/data/res/values-mcc310-mnc170-sl: Cannot change mode to rwxr-xr-x: Operation not permitted
build	Cache Android SDK	2026-06-06T12:22:49.9701343Z /usr/bin/tar: ../../../../../usr/local/lib/android/sdk/platforms/android-34-ext11/data/res/values-mcc310-mnc150-eu: Cannot utime: Operation not permitted
build	Cache Android SDK	2026-06-06T12:22:49.9702303Z /usr/bin/tar: ../../../../../usr/local/lib/android/sdk/platforms/android-34-ext11/data/res/values-mcc310-mnc150-eu: Cannot change mode to rwxr-xr-x: Operation not permitted
build	Cache Android SDK	2026-06-06T12:22:49.9707024Z /usr/bin/tar: ../../../../../usr/local/lib/android/sdk/platforms/android-34-ext11/data/res/values-mcc334-mnc020-bs: Cannot utime: Operation not permitted
build	Cache Android SDK	2026-06-06T12:22:49.9708135Z /usr/bin/tar: ../../../../../usr/local/lib/android/sdk/platforms/android-34-ext11/data/res/values-mcc334-mnc020-bs: Cannot change mode to rwxr-xr-x: Operation not permitted
build	Cache Android SDK	2026-06-06T12:22:49.9712758Z /usr/bin/tar: ../../../../../usr/local/lib/android/sdk/platforms/android-34-ext11/data/res/values-mcc310-mnc310-en-rAU: Cannot utime: Operation not permitted
build	Cache Android SDK	2026-06-06T12:22:49.9713880Z /usr/bin/tar: ../../../../../usr/local/lib/android/sdk/platforms/android-34-ext11/data/res/values-mcc310-mnc310-en-rAU: Cannot change mode to rwxr-xr-x: Operation not permitted
build	Cache Android SDK	2026-06-06T12:22:49.9716149Z /usr/bin/tar: ../../../../../usr/local/lib/android/sdk/platforms/android-34-ext11/data/res/values-mcc334-mnc020-nl: Cannot utime: Operation not permitted
build	Cache Android SDK	2026-06-06T12:22:49.9717125Z /usr/bin/tar: ../../../../../usr/local/lib/android/sdk/platforms/android-34-ext11/data/res/values-mcc334-mnc020-nl: Cannot change mode to rwxr-xr-x: Operation not permitted
build	Cache Android SDK	2026-06-06T12:22:49.9721714Z /usr/bin/tar: ../../../../../usr/local/lib/android/sdk/platforms/android-34-ext11/data/res/raw-nl: Cannot utime: Operation not permitted
build	Cache Android SDK	2026-06-06T12:22:49.9723133Z /usr/bin/tar: ../../../../../usr/local/lib/android/sdk/platforms/android-34-ext11/data/res/raw-nl: Cannot change mode to rwxr-xr-x: Operation not permitted
build	Cache Android SDK	2026-06-06T12:22:49.9724710Z /usr/bin/tar: ../../../../../usr/local/lib/android/sdk/platforms/android-34-ext11/data/res/values-mcc310-mnc800-pl: Cannot utime: Operation not permitted
build	Cache Android SDK	2026-06-06T12:22:49.9726297Z /usr/bin/tar: ../../../../../usr/local/lib/android/sdk/platforms/android-34-ext11/data/res/values-mcc310-mnc800-pl: Cannot change mode to rwxr-xr-x: Operation not permitted
build	Cache Android SDK	2026-06-06T12:22:49.9728013Z /usr/bin/tar: ../../../../../usr/local/lib/android/sdk/platforms/android-34-ext11/data/res/values-mcc310-mnc490-sk: Cannot utime: Operation not permitted
build	Cache Android SDK	2026-06-06T12:22:49.9729395Z /usr/bin/tar: ../../../../../usr/local/lib/android/sdk/platforms/android-34-ext11/data/res/values-mcc310-mnc490-sk: Cannot change mode to rwxr-xr-x: Operation not permitted
build	Cache Android SDK	2026-06-06T12:22:49.9735316Z /usr/bin/tar: ../../../../../usr/local/lib/android/sdk/platforms/android-34-ext11/data/res/values-si: Cannot utime: Operation not permitted
build	Cache Android SDK	2026-06-06T12:22:49.9736393Z /usr/bin/tar: ../../../../../usr/local/lib/android/sdk/platforms/android-34-ext11/data/res/values-si: Cannot change mode to rwxr-xr-x: Operation not permitted
build	Cache Android SDK	2026-06-06T12:22:49.9738783Z /usr/bin/tar: ../../../../../usr/local/lib/android/sdk/platforms/android-34-ext11/data/res/values-mcc311-mnc180-bg: Cannot utime: Operation not permitted
build	Cache Android SDK	2026-06-06T12:22:49.9739775Z /usr/bin/tar: ../../../../../usr/local/lib/android/sdk/platforms/android-34-ext11/data/res/values-mcc311-mnc180-bg: Cannot change mode to rwxr-xr-x: Operation not permitted
build	Cache Android SDK	2026-06-06T12:22:49.9742097Z /usr/bin/tar: ../../../../../usr/local/lib/android/sdk/platforms/android-34-ext11/data/res/values-mcc310-mnc160-be: Cannot utime: Operation not permitted
build	Cache Android SDK	2026-06-06T12:22:49.9743067Z /usr/bin/tar: ../../../../../usr/local/lib/android/sdk/platforms/android-34-ext11/data/res/values-mcc310-mnc160-be: Cannot change mode to rwxr-xr-x: Operation not permitted
build	Cache Android SDK	2026-06-06T12:22:49.9745317Z /usr/bin/tar: ../../../../../usr/local/lib/android/sdk/platforms/android-34-ext11/data/res/values-mcc310-mnc280-pt: Cannot utime: Operation not permitted
build	Cache Android SDK	2026-06-06T12:22:49.9746419Z /usr/bin/tar: ../../../../../usr/local/lib/android/sdk/platforms/android-34-ext11/data/res/values-mcc310-mnc280-pt: Cannot change mode to rwxr-xr-x: Operation not permitted
build	Cache Android SDK	2026-06-06T12:22:49.9751918Z /usr/bin/tar: ../../../../../usr/local/lib/android/sdk/platforms/android-34-ext11/data/res/values-mcc302-mnc720-zh-rHK: Cannot utime: Operation not permitted
build	Cache Android SDK	2026-06-06T12:22:49.9752923Z /usr/bin/tar: ../../../../../usr/local/lib/android/sdk/platforms/android-34-ext11/data/res/values-mcc302-mnc720-zh-rHK: Cannot change mode to rwxr-xr-x: Operation not permitted
build	Cache Android SDK	2026-06-06T12:22:49.9757647Z /usr/bin/tar: ../../../../../usr/local/lib/android/sdk/platforms/android-34-ext11/data/res/values-mcc440-mnc50: Cannot utime: Operation not permitted
build	Cache Android SDK	2026-06-06T12:22:49.9758666Z /usr/bin/tar: ../../../../../usr/local/lib/android/sdk/platforms/android-34-ext11/data/res/values-mcc440-mnc50: Cannot change mode to rwxr-xr-x: Operation not permitted
build	Cache Android SDK	2026-06-06T12:22:49.9761877Z /usr/bin/tar: ../../../../../usr/local/lib/android/sdk/platforms/android-34-ext11/data/res/values-tr-television: Cannot utime: Operation not permitted
build	Cache Android SDK	2026-06-06T12:22:49.9763701Z /usr/bin/tar: ../../../../../usr/local/lib/android/sdk/platforms/android-34-ext11/data/res/values-tr-television: Cannot change mode to rwxr-xr-x: Operation not permitted
build	Cache Android SDK	2026-06-06T12:22:49.9768776Z /usr/bin/tar: ../../../../../usr/local/lib/android/sdk/platforms/android-34-ext11/data/res/values-mcc310-mnc490-th: Cannot utime: Operation not permitted
build	Cache Android SDK	2026-06-06T12:22:49.9770245Z /usr/bin/tar: ../../../../../usr/local/lib/android/sdk/platforms/android-34-ext11/data/res/values-mcc310-mnc490-th: Cannot change mode to rwxr-xr-x: Operation not permitted
build	Cache Android SDK	2026-06-06T12:22:49.9772004Z /usr/bin/tar: ../../../../../usr/local/lib/android/sdk/platforms/android-34-ext11/data/res/values-mcc311-mnc180-zh-rHK: Cannot utime: Operation not permitted
build	Cache Android SDK	2026-06-06T12:22:49.9773033Z /usr/bin/tar: ../../../../../usr/local/lib/android/sdk/platforms/android-34-ext11/data/res/values-mcc311-mnc180-zh-rHK: Cannot change mode to rwxr-xr-x: Operation not permitted
build	Cache Android SDK	2026-06-06T12:22:49.9778806Z /usr/bin/tar: ../../../../../usr/local/lib/android/sdk/platforms/android-34-ext11/data/res/values-mcc310-mnc310-fi: Cannot utime: Operation not permitted
build	Cache Android SDK	2026-06-06T12:22:49.9779786Z /usr/bin/tar: ../../../../../usr/local/lib/android/sdk/platforms/android-34-ext11/data/res/values-mcc310-mnc310-fi: Cannot change mode to rwxr-xr-x: Operation not permitted
build	Cache Android SDK	2026-06-06T12:22:49.9783004Z /usr/bin/tar: ../../../../../usr/local/lib/android/sdk/platforms/android-34-ext11/data/res/values-mcc313-mnc100-is: Cannot utime: Operation not permitted
build	Cache Android SDK	2026-06-06T12:22:49.9783973Z /usr/bin/tar: ../../../../../usr/local/lib/android/sdk/platforms/android-34-ext11/data/res/values-mcc313-mnc100-is: Cannot change mode to rwxr-xr-x: Operation not permitted
build	Cache Android SDK	2026-06-06T12:22:49.9789414Z /usr/bin/tar: ../../../../../usr/local/lib/android/sdk/platforms/android-34-ext11/data/res/values-mcc310-mnc280-as: Cannot utime: Operation not permitted
build	Cache Android SDK	2026-06-06T12:22:49.9790497Z /usr/bin/tar: ../../../../../usr/local/lib/android/sdk/platforms/android-34-ext11/data/res/values-mcc310-mnc280-as: Cannot change mode to rwxr-xr-x: Operation not permitted
build	Cache Android SDK	2026-06-06T12:22:49.9817686Z /usr/bin/tar: ../../../../../usr/local/lib/android/sdk/platforms/android-34-ext11/data/res/values-w180dp-notround-watch: Cannot utime: Operation not permitted
build	Cache Android SDK	2026-06-06T12:22:49.9818806Z /usr/bin/tar: ../../../../../usr/local/lib/android/sdk/platforms/android-34-ext11/data/res/values-w180dp-notround-watch: Cannot change mode to rwxr-xr-x: Operation not permitted
build	Cache Android SDK	2026-06-06T12:22:49.9821109Z /usr/bin/tar: ../../../../../usr/local/lib/android/sdk/platforms/android-34-ext11/data/res/values-mcc310-mnc030-gu: Cannot utime: Operation not permitted
build	Cache Android SDK	2026-06-06T12:22:49.9822073Z /usr/bin/tar: ../../../../../usr/local/lib/android/sdk/platforms/android-34-ext11/data/res/values-mcc310-mnc030-gu: Cannot change mode to rwxr-xr-x: Operation not permitted
build	Cache Android SDK	2026-06-06T12:22:49.9824143Z /usr/bin/tar: ../../../../../usr/local/lib/android/sdk/platforms/android-34-ext11/data/res/values-mcc310-mnc210-in: Cannot utime: Operation not permitted
build	Cache Android SDK	2026-06-06T12:22:49.9825116Z /usr/bin/tar: ../../../../../usr/local/lib/android/sdk/platforms/android-34-ext11/data/res/values-mcc310-mnc210-in: Cannot change mode to rwxr-xr-x: Operation not permitted
build	Cache Android SDK	2026-06-06T12:22:49.9827987Z /usr/bin/tar: ../../../../../usr/local/lib/android/sdk/platforms/android-34-ext11/data/res/values-mcc310-mnc410-nl: Cannot utime: Operation not permitted
build	Cache Android SDK	2026-06-06T12:22:49.9829470Z /usr/bin/tar: ../../../../../usr/local/lib/android/sdk/platforms/android-34-ext11/data/res/values-mcc310-mnc410-nl: Cannot change mode to rwxr-xr-x: Operation not permitted
build	Cache Android SDK	2026-06-06T12:22:49.9831166Z /usr/bin/tar: ../../../../../usr/local/lib/android/sdk/platforms/android-34-ext11/data/res/values-mcc310-mnc410-hi: Cannot utime: Operation not permitted
build	Cache Android SDK	2026-06-06T12:22:49.9832594Z /usr/bin/tar: ../../../../../usr/local/lib/android/sdk/platforms/android-34-ext11/data/res/values-mcc310-mnc410-hi: Cannot change mode to rwxr-xr-x: Operation not permitted
build	Cache Android SDK	2026-06-06T12:22:49.9834364Z /usr/bin/tar: ../../../../../usr/local/lib/android/sdk/platforms/android-34-ext11/data/res/values-mcc310-mnc210-iw: Cannot utime: Operation not permitted
build	Cache Android SDK	2026-06-06T12:22:49.9835792Z /usr/bin/tar: ../../../../../usr/local/lib/android/sdk/platforms/android-34-ext11/data/res/values-mcc310-mnc210-iw: Cannot change mode to rwxr-xr-x: Operation not permitted
build	Cache Android SDK	2026-06-06T12:22:49.9837221Z /usr/bin/tar: ../../../../../usr/local/lib/android/sdk/platforms/android-34-ext11/data/res/values-mcc001-mnc01-or: Cannot utime: Operation not permitted
build	Cache Android SDK	2026-06-06T12:22:49.9838615Z /usr/bin/tar: ../../../../../usr/local/lib/android/sdk/platforms/android-34-ext11/data/res/values-mcc001-mnc01-or: Cannot change mode to rwxr-xr-x: Operation not permitted
build	Cache Android SDK	2026-06-06T12:22:49.9840667Z /usr/bin/tar: ../../../../../usr/local/lib/android/sdk/platforms/android-34-ext11/data/res/values-mcc310-mnc230-pl: Cannot utime: Operation not permitted
build	Cache Android SDK	2026-06-06T12:22:49.9841641Z /usr/bin/tar: ../../../../../usr/local/lib/android/sdk/platforms/android-34-ext11/data/res/values-mcc310-mnc230-pl: Cannot change mode to rwxr-xr-x: Operation not permitted
build	Cache Android SDK	2026-06-06T12:22:49.9843342Z /usr/bin/tar: ../../../../../usr/local/lib/android/sdk/platforms/android-34-ext11/data/res/values-de-watch: Cannot utime: Operation not permitted
build	Cache Android SDK	2026-06-06T12:22:49.9844276Z /usr/bin/tar: ../../../../../usr/local/lib/android/sdk/platforms/android-34-ext11/data/res/values-de-watch: Cannot change mode to rwxr-xr-x: Operation not permitted
build	Cache Android SDK	2026-06-06T12:22:49.9848514Z /usr/bin/tar: ../../../../../usr/local/lib/android/sdk/platforms/android-34-ext11/data/res/raw: Cannot utime: Operation not permitted
build	Cache Android SDK	2026-06-06T12:22:49.9849364Z /usr/bin/tar: ../../../../../usr/local/lib/android/sdk/platforms/android-34-ext11/data/res/raw: Cannot change mode to rwxr-xr-x: Operation not permitted
build	Cache Android SDK	2026-06-06T12:22:49.9851865Z /usr/bin/tar: ../../../../../usr/local/lib/android/sdk/platforms/android-34-ext11/data/res/values-mcc310-mnc380-ml: Cannot utime: Operation not permitted
build	Cache Android SDK	2026-06-06T12:22:49.9852852Z /usr/bin/tar: ../../../../../usr/local/lib/android/sdk/platforms/android-34-ext11/data/res/values-mcc310-mnc380-ml: Cannot change mode to rwxr-xr-x: Operation not permitted
build	Cache Android SDK	2026-06-06T12:22:49.9855318Z /usr/bin/tar: ../../../../../usr/local/lib/android/sdk/platforms/android-34-ext11/data/res/values-mcc310-mnc660-pt-rPT: Cannot utime: Operation not permitted
build	Cache Android SDK	2026-06-06T12:22:49.9856352Z /usr/bin/tar: ../../../../../usr/local/lib/android/sdk/platforms/android-34-ext11/data/res/values-mcc310-mnc660-pt-rPT: Cannot change mode to rwxr-xr-x: Operation not permitted
build	Cache Android SDK	2026-06-06T12:22:49.9858285Z /usr/bin/tar: ../../../../../usr/local/lib/android/sdk/platforms/android-34-ext11/data/res/values-mcc310-mnc800-zh-rCN: Cannot utime: Operation not permitted
build	Cache Android SDK	2026-06-06T12:22:49.9859261Z /usr/bin/tar: ../../../../../usr/local/lib/android/sdk/platforms/android-34-ext11/data/res/values-mcc310-mnc800-zh-rCN: Cannot change mode to rwxr-xr-x: Operation not permitted
build	Cache Android SDK	2026-06-06T12:22:49.9865330Z /usr/bin/tar: ../../../../../usr/local/lib/android/sdk/platforms/android-34-ext11/data/res/values-ky: Cannot utime: Operation not permitted
build	Cache Android SDK	2026-06-06T12:22:49.9866226Z /usr/bin/tar: ../../../../../usr/local/lib/android/sdk/platforms/android-34-ext11/data/res/values-ky: Cannot change mode to rwxr-xr-x: Operation not permitted
build	Cache Android SDK	2026-06-06T12:22:49.9871678Z /usr/bin/tar: ../../../../../usr/local/lib/android/sdk/platforms/android-34-ext11/data/res/values-mcc311-mnc180-my: Cannot utime: Operation not permitted
build	Cache Android SDK	2026-06-06T12:22:49.9872621Z /usr/bin/tar: ../../../../../usr/local/lib/android/sdk/platforms/android-34-ext11/data/res/values-mcc311-mnc180-my: Cannot change mode to rwxr-xr-x: Operation not permitted
build	Cache Android SDK	2026-06-06T12:22:49.9874777Z /usr/bin/tar: ../../../../../usr/local/lib/android/sdk/platforms/android-34-ext11/data/res/values-mcc310-mnc240-da: Cannot utime: Operation not permitted
build	Cache Android SDK	2026-06-06T12:22:49.9875859Z /usr/bin/tar: ../../../../../usr/local/lib/android/sdk/platforms/android-34-ext11/data/res/values-mcc310-mnc240-da: Cannot change mode to rwxr-xr-x: Operation not permitted
build	Cache Android SDK	2026-06-06T12:22:49.9878186Z /usr/bin/tar: ../../../../../usr/local/lib/android/sdk/platforms/android-34-ext11/data/res/values-mcc310-mnc660-fa: Cannot utime: Operation not permitted
build	Cache Android SDK	2026-06-06T12:22:49.9879613Z /usr/bin/tar: ../../../../../usr/local/lib/android/sdk/platforms/android-34-ext11/data/res/values-mcc310-mnc660-fa: Cannot change mode to rwxr-xr-x: Operation not permitted
build	Cache Android SDK	2026-06-06T12:22:49.9881736Z /usr/bin/tar: ../../../../../usr/local/lib/android/sdk/platforms/android-34-ext11/data/res/values-mcc310-mnc270-sr: Cannot utime: Operation not permitted
build	Cache Android SDK	2026-06-06T12:22:49.9882680Z /usr/bin/tar: ../../../../../usr/local/lib/android/sdk/platforms/android-34-ext11/data/res/values-mcc310-mnc270-sr: Cannot change mode to rwxr-xr-x: Operation not permitted
build	Cache Android SDK	2026-06-06T12:22:49.9885012Z /usr/bin/tar: ../../../../../usr/local/lib/android/sdk/platforms/android-34-ext11/data/res/values-mcc310-mnc220-en-rIN: Cannot utime: Operation not permitted
build	Cache Android SDK	2026-06-06T12:22:49.9886229Z /usr/bin/tar: ../../../../../usr/local/lib/android/sdk/platforms/android-34-ext11/data/res/values-mcc310-mnc220-en-rIN: Cannot change mode to rwxr-xr-x: Operation not permitted
build	Cache Android SDK	2026-06-06T12:22:49.9893001Z /usr/bin/tar: ../../../../../usr/local/lib/android/sdk/platforms/android-34-ext11/data/res/values-bg: Cannot utime: Operation not permitted
build	Cache Android SDK	2026-06-06T12:22:49.9893880Z /usr/bin/tar: ../../../../../usr/local/lib/android/sdk/platforms/android-34-ext11/data/res/values-bg: Cannot change mode to rwxr-xr-x: Operation not permitted
build	Cache Android SDK	2026-06-06T12:22:49.9896110Z /usr/bin/tar: ../../../../../usr/local/lib/android/sdk/platforms/android-34-ext11/data/res/values-mcc310-mnc200-kn: Cannot utime: Operation not permitted
build	Cache Android SDK	2026-06-06T12:22:49.9897109Z /usr/bin/tar: ../../../../../usr/local/lib/android/sdk/platforms/android-34-ext11/data/res/values-mcc310-mnc200-kn: Cannot change mode to rwxr-xr-x: Operation not permitted
build	Cache Android SDK	2026-06-06T12:22:49.9899459Z /usr/bin/tar: ../../../../../usr/local/lib/android/sdk/platforms/android-34-ext11/data/res/values-mcc310-mnc230-nb: Cannot utime: Operation not permitted
build	Cache Android SDK	2026-06-06T12:22:49.9900422Z /usr/bin/tar: ../../../../../usr/local/lib/android/sdk/platforms/android-34-ext11/data/res/values-mcc310-mnc230-nb: Cannot change mode to rwxr-xr-x: Operation not permitted
build	Cache Android SDK	2026-06-06T12:22:49.9902796Z /usr/bin/tar: ../../../../../usr/local/lib/android/sdk/platforms/android-34-ext11/data/res/values-mcc310-mnc280-af: Cannot utime: Operation not permitted
build	Cache Android SDK	2026-06-06T12:22:49.9903889Z /usr/bin/tar: ../../../../../usr/local/lib/android/sdk/platforms/android-34-ext11/data/res/values-mcc310-mnc280-af: Cannot change mode to rwxr-xr-x: Operation not permitted
build	Cache Android SDK	2026-06-06T12:22:49.9906201Z /usr/bin/tar: ../../../../../usr/local/lib/android/sdk/platforms/android-34-ext11/data/res/values-mcc310-mnc800-te: Cannot utime: Operation not permitted
build	Cache Android SDK	2026-06-06T12:22:49.9907256Z /usr/bin/tar: ../../../../../usr/local/lib/android/sdk/platforms/android-34-ext11/data/res/values-mcc310-mnc800-te: Cannot change mode to rwxr-xr-x: Operation not permitted
build	Cache Android SDK	2026-06-06T12:22:49.9909488Z /usr/bin/tar: ../../../../../usr/local/lib/android/sdk/platforms/android-34-ext11/data/res/values-gl-watch: Cannot utime: Operation not permitted
build	Cache Android SDK	2026-06-06T12:22:49.9910410Z /usr/bin/tar: ../../../../../usr/local/lib/android/sdk/platforms/android-34-ext11/data/res/values-gl-watch: Cannot change mode to rwxr-xr-x: Operation not permitted
build	Cache Android SDK	2026-06-06T12:22:49.9915535Z /usr/bin/tar: ../../../../../usr/local/lib/android/sdk/platforms/android-34-ext11/data/res/values-mcc310-mnc240-hu: Cannot utime: Operation not permitted
build	Cache Android SDK	2026-06-06T12:22:49.9916497Z /usr/bin/tar: ../../../../../usr/local/lib/android/sdk/platforms/android-34-ext11/data/res/values-mcc310-mnc240-hu: Cannot change mode to rwxr-xr-x: Operation not permitted
build	Cache Android SDK	2026-06-06T12:22:49.9923946Z /usr/bin/tar: ../../../../../usr/local/lib/android/sdk/platforms/android-34-ext11/data/res/values-mcc310-mnc950-bs: Cannot utime: Operation not permitted
build	Cache Android SDK	2026-06-06T12:22:49.9925026Z /usr/bin/tar: ../../../../../usr/local/lib/android/sdk/platforms/android-34-ext11/data/res/values-mcc310-mnc950-bs: Cannot change mode to rwxr-xr-x: Operation not permitted
build	Cache Android SDK	2026-06-06T12:22:49.9929346Z /usr/bin/tar: ../../../../../usr/local/lib/android/sdk/platforms/android-34-ext11/data/res/values-bn-television: Cannot utime: Operation not permitted
build	Cache Android SDK	2026-06-06T12:22:49.9930308Z /usr/bin/tar: ../../../../../usr/local/lib/android/sdk/platforms/android-34-ext11/data/res/values-bn-television: Cannot change mode to rwxr-xr-x: Operation not permitted
build	Cache Android SDK	2026-06-06T12:22:49.9932559Z /usr/bin/tar: ../../../../../usr/local/lib/android/sdk/platforms/android-34-ext11/data/res/values-mcc310-mnc250-te: Cannot utime: Operation not permitted
build	Cache Android SDK	2026-06-06T12:22:49.9933597Z /usr/bin/tar: ../../../../../usr/local/lib/android/sdk/platforms/android-34-ext11/data/res/values-mcc310-mnc250-te: Cannot change mode to rwxr-xr-x: Operation not permitted
build	Cache Android SDK	2026-06-06T12:22:49.9937204Z /usr/bin/tar: ../../../../../usr/local/lib/android/sdk/platforms/android-34-ext11/data/res/values-mcc302-mnc720-cs: Cannot utime: Operation not permitted
build	Cache Android SDK	2026-06-06T12:22:49.9938461Z /usr/bin/tar: ../../../../../usr/local/lib/android/sdk/platforms/android-34-ext11/data/res/values-mcc302-mnc720-cs: Cannot change mode to rwxr-xr-x: Operation not permitted
build	Cache Android SDK	2026-06-06T12:22:49.9941219Z /usr/bin/tar: ../../../../../usr/local/lib/android/sdk/platforms/android-34-ext11/data/res/values-mcc310-mnc410-or: Cannot utime: Operation not permitted
build	Cache Android SDK	2026-06-06T12:22:49.9941681Z /usr/bin/tar: ../../../../../usr/local/lib/android/sdk/platforms/android-34-ext11/data/res/values-mcc310-mnc410-or: Cannot change mode to rwxr-xr-x: Operation not permitted
build	Cache Android SDK	2026-06-06T12:22:49.9945122Z /usr/bin/tar: ../../../../../usr/local/lib/android/sdk/platforms/android-34-ext11/data/res/values-mcc313-mnc100-af: Cannot utime: Operation not permitted
build	Cache Android SDK	2026-06-06T12:22:49.9945744Z /usr/bin/tar: ../../../../../usr/local/lib/android/sdk/platforms/android-34-ext11/data/res/values-mcc313-mnc100-af: Cannot change mode to rwxr-xr-x: Operation not permitted
build	Cache Android SDK	2026-06-06T12:22:49.9951991Z /usr/bin/tar: ../../../../../usr/local/lib/android/sdk/platforms/android-34-ext11/data/res/values-mcc310-mnc170-zu: Cannot utime: Operation not permitted
build	Cache Android SDK	2026-06-06T12:22:49.9952456Z /usr/bin/tar: ../../../../../usr/local/lib/android/sdk/platforms/android-34-ext11/data/res/values-mcc310-mnc170-zu: Cannot change mode to rwxr-xr-x: Operation not permitted
build	Cache Android SDK	2026-06-06T12:22:49.9958014Z /usr/bin/tar: ../../../../../usr/local/lib/android/sdk/platforms/android-34-ext11/data/res/values-mcc311-mnc180-vi: Cannot utime: Operation not permitted
build	Cache Android SDK	2026-06-06T12:22:49.9958481Z /usr/bin/tar: ../../../../../usr/local/lib/android/sdk/platforms/android-34-ext11/data/res/values-mcc311-mnc180-vi: Cannot change mode to rwxr-xr-x: Operation not permitted
build	Cache Android SDK	2026-06-06T12:22:49.9961463Z /usr/bin/tar: ../../../../../usr/local/lib/android/sdk/platforms/android-34-ext11/data/res/values-ca-television: Cannot utime: Operation not permitted
build	Cache Android SDK	2026-06-06T12:22:49.9962057Z /usr/bin/tar: ../../../../../usr/local/lib/android/sdk/platforms/android-34-ext11/data/res/values-ca-television: Cannot change mode to rwxr-xr-x: Operation not permitted
build	Cache Android SDK	2026-06-06T12:22:49.9964119Z /usr/bin/tar: ../../../../../usr/local/lib/android/sdk/platforms/android-34-ext11/data/res/values-mcc001-mnc01-pa: Cannot utime: Operation not permitted
build	Cache Android SDK	2026-06-06T12:22:49.9964582Z /usr/bin/tar: ../../../../../usr/local/lib/android/sdk/platforms/android-34-ext11/data/res/values-mcc001-mnc01-pa: Cannot change mode to rwxr-xr-x: Operation not permitted
build	Cache Android SDK	2026-06-06T12:22:49.9967981Z /usr/bin/tar: ../../../../../usr/local/lib/android/sdk/platforms/android-34-ext11/data/res/values-mcc302-mnc720-ar: Cannot utime: Operation not permitted
build	Cache Android SDK	2026-06-06T12:22:49.9968432Z /usr/bin/tar: ../../../../../usr/local/lib/android/sdk/platforms/android-34-ext11/data/res/values-mcc302-mnc720-ar: Cannot change mode to rwxr-xr-x: Operation not permitted
build	Cache Android SDK	2026-06-06T12:22:49.9970904Z /usr/bin/tar: ../../../../../usr/local/lib/android/sdk/platforms/android-34-ext11/data/res/values-mcc001-mnc01-ka: Cannot utime: Operation not permitted
build	Cache Android SDK	2026-06-06T12:22:49.9971364Z /usr/bin/tar: ../../../../../usr/local/lib/android/sdk/platforms/android-34-ext11/data/res/values-mcc001-mnc01-ka: Cannot change mode to rwxr-xr-x: Operation not permitted
build	Cache Android SDK	2026-06-06T12:22:49.9974019Z /usr/bin/tar: ../../../../../usr/local/lib/android/sdk/platforms/android-34-ext11/data/res/values-mcc310-mnc230-te: Cannot utime: Operation not permitted
build	Cache Android SDK	2026-06-06T12:22:49.9974510Z /usr/bin/tar: ../../../../../usr/local/lib/android/sdk/platforms/android-34-ext11/data/res/values-mcc310-mnc230-te: Cannot change mode to rwxr-xr-x: Operation not permitted
build	Cache Android SDK	2026-06-06T12:22:49.9977990Z /usr/bin/tar: ../../../../../usr/local/lib/android/sdk/platforms/android-34-ext11/data/res/values-mcc310-mnc030-or: Cannot utime: Operation not permitted
build	Cache Android SDK	2026-06-06T12:22:49.9978449Z /usr/bin/tar: ../../../../../usr/local/lib/android/sdk/platforms/android-34-ext11/data/res/values-mcc310-mnc030-or: Cannot change mode to rwxr-xr-x: Operation not permitted
build	Cache Android SDK	2026-06-06T12:22:49.9980844Z /usr/bin/tar: ../../../../../usr/local/lib/android/sdk/platforms/android-34-ext11/data/res/values-mcc310-mnc310-fr: Cannot utime: Operation not permitted
build	Cache Android SDK	2026-06-06T12:22:49.9981301Z /usr/bin/tar: ../../../../../usr/local/lib/android/sdk/platforms/android-34-ext11/data/res/values-mcc310-mnc310-fr: Cannot change mode to rwxr-xr-x: Operation not permitted
build	Cache Android SDK	2026-06-06T12:22:49.9983806Z /usr/bin/tar: ../../../../../usr/local/lib/android/sdk/platforms/android-34-ext11/data/res/values-mcc310-mnc210-ml: Cannot utime: Operation not permitted
build	Cache Android SDK	2026-06-06T12:22:49.9984269Z /usr/bin/tar: ../../../../../usr/local/lib/android/sdk/platforms/android-34-ext11/data/res/values-mcc310-mnc210-ml: Cannot change mode to rwxr-xr-x: Operation not permitted
build	Cache Android SDK	2026-06-06T12:22:49.9987145Z /usr/bin/tar: ../../../../../usr/local/lib/android/sdk/platforms/android-34-ext11/data/res/values-mcc310-mnc150-bg: Cannot utime: Operation not permitted
build	Cache Android SDK	2026-06-06T12:22:49.9987735Z /usr/bin/tar: ../../../../../usr/local/lib/android/sdk/platforms/android-34-ext11/data/res/values-mcc310-mnc150-bg: Cannot change mode to rwxr-xr-x: Operation not permitted
build	Cache Android SDK	2026-06-06T12:22:49.9990607Z /usr/bin/tar: ../../../../../usr/local/lib/android/sdk/platforms/android-34-ext11/data/res/values-mcc310-mnc230-ta: Cannot utime: Operation not permitted
build	Cache Android SDK	2026-06-06T12:22:49.9991067Z /usr/bin/tar: ../../../../../usr/local/lib/android/sdk/platforms/android-34-ext11/data/res/values-mcc310-mnc230-ta: Cannot change mode to rwxr-xr-x: Operation not permitted
build	Cache Android SDK	2026-06-06T12:22:49.9993615Z /usr/bin/tar: ../../../../../usr/local/lib/android/sdk/platforms/android-34-ext11/data/res/values-mcc310-mnc800-hr: Cannot utime: Operation not permitted
build	Cache Android SDK	2026-06-06T12:22:49.9994079Z /usr/bin/tar: ../../../../../usr/local/lib/android/sdk/platforms/android-34-ext11/data/res/values-mcc310-mnc800-hr: Cannot change mode to rwxr-xr-x: Operation not permitted
build	Cache Android SDK	2026-06-06T12:22:49.9996948Z /usr/bin/tar: ../../../../../usr/local/lib/android/sdk/platforms/android-34-ext11/data/res/values-mcc310-mnc240-sq: Cannot utime: Operation not permitted
build	Cache Android SDK	2026-06-06T12:22:49.9997555Z /usr/bin/tar: ../../../../../usr/local/lib/android/sdk/platforms/android-34-ext11/data/res/values-mcc310-mnc240-sq: Cannot change mode to rwxr-xr-x: Operation not permitted
build	Cache Android SDK	2026-06-06T12:22:49.9999874Z /usr/bin/tar: ../../../../../usr/local/lib/android/sdk/platforms/android-34-ext11/data/res/values-mcc311-mnc180-pt: Cannot utime: Operation not permitted
build	Cache Android SDK	2026-06-06T12:22:50.0000341Z /usr/bin/tar: ../../../../../usr/local/lib/android/sdk/platforms/android-34-ext11/data/res/values-mcc311-mnc180-pt: Cannot change mode to rwxr-xr-x: Operation not permitted
build	Cache Android SDK	2026-06-06T12:22:50.0004153Z /usr/bin/tar: ../../../../../usr/local/lib/android/sdk/platforms/android-34-ext11/data/res/values-mcc310-mnc660-hy: Cannot utime: Operation not permitted
build	Cache Android SDK	2026-06-06T12:22:50.0004630Z /usr/bin/tar: ../../../../../usr/local/lib/android/sdk/platforms/android-34-ext11/data/res/values-mcc310-mnc660-hy: Cannot change mode to rwxr-xr-x: Operation not permitted
build	Cache Android SDK	2026-06-06T12:22:50.0006754Z /usr/bin/tar: ../../../../../usr/local/lib/android/sdk/platforms/android-34-ext11/data/res/values-mcc001-mnc01: Cannot utime: Operation not permitted
build	Cache Android SDK	2026-06-06T12:22:50.0007285Z /usr/bin/tar: ../../../../../usr/local/lib/android/sdk/platforms/android-34-ext11/data/res/values-mcc001-mnc01: Cannot change mode to rwxr-xr-x: Operation not permitted
build	Cache Android SDK	2026-06-06T12:22:50.0012618Z /usr/bin/tar: ../../../../../usr/local/lib/android/sdk/platforms/android-34-ext11/data/res/values-mcc310-mnc220-sl: Cannot utime: Operation not permitted
build	Cache Android SDK	2026-06-06T12:22:50.0013601Z /usr/bin/tar: ../../../../../usr/local/lib/android/sdk/platforms/android-34-ext11/data/res/values-mcc310-mnc220-sl: Cannot change mode to rwxr-xr-x: Operation not permitted
build	Cache Android SDK	2026-06-06T12:22:50.0015885Z /usr/bin/tar: ../../../../../usr/local/lib/android/sdk/platforms/android-34-ext11/data/res/values-mcc310-mnc560-fi: Cannot utime: Operation not permitted
build	Cache Android SDK	2026-06-06T12:22:50.0016623Z /usr/bin/tar: ../../../../../usr/local/lib/android/sdk/platforms/android-34-ext11/data/res/values-mcc310-mnc560-fi: Cannot change mode to rwxr-xr-x: Operation not permitted
build	Cache Android SDK	2026-06-06T12:22:50.0018914Z /usr/bin/tar: ../../../../../usr/local/lib/android/sdk/platforms/android-34-ext11/data/res/values-mcc312-mnc670-en-rCA: Cannot utime: Operation not permitted
build	Cache Android SDK	2026-06-06T12:22:50.0019651Z /usr/bin/tar: ../../../../../usr/local/lib/android/sdk/platforms/android-34-ext11/data/res/values-mcc312-mnc670-en-rCA: Cannot change mode to rwxr-xr-x: Operation not permitted
build	Cache Android SDK	2026-06-06T12:22:50.0021812Z /usr/bin/tar: ../../../../../usr/local/lib/android/sdk/platforms/android-34-ext11/data/res/values-mcc312-mnc670-fa: Cannot utime: Operation not permitted
build	Cache Android SDK	2026-06-06T12:22:50.0022735Z /usr/bin/tar: ../../../../../usr/local/lib/android/sdk/platforms/android-34-ext11/data/res/values-mcc312-mnc670-fa: Cannot change mode to rwxr-xr-x: Operation not permitted
build	Cache Android SDK	2026-06-06T12:22:50.0024491Z /usr/bin/tar: ../../../../../usr/local/lib/android/sdk/platforms/android-34-ext11/data/res/values-mcc310-mnc230-ne: Cannot utime: Operation not permitted
build	Cache Android SDK	2026-06-06T12:22:50.0024965Z /usr/bin/tar: ../../../../../usr/local/lib/android/sdk/platforms/android-34-ext11/data/res/values-mcc310-mnc230-ne: Cannot change mode to rwxr-xr-x: Operation not permitted
build	Cache Android SDK	2026-06-06T12:22:50.0027336Z /usr/bin/tar: ../../../../../usr/local/lib/android/sdk/platforms/android-34-ext11/data/res/values-es-rCR: Cannot utime: Operation not permitted
build	Cache Android SDK	2026-06-06T12:22:50.0027955Z /usr/bin/tar: ../../../../../usr/local/lib/android/sdk/platforms/android-34-ext11/data/res/values-es-rCR: Cannot change mode to rwxr-xr-x: Operation not permitted
build	Cache Android SDK	2026-06-06T12:22:50.0030200Z /usr/bin/tar: ../../../../../usr/local/lib/android/sdk/platforms/android-34-ext11/data/res/values-mcc312-mnc670-en-rGB: Cannot utime: Operation not permitted
build	Cache Android SDK	2026-06-06T12:22:50.0030772Z /usr/bin/tar: ../../../../../usr/local/lib/android/sdk/platforms/android-34-ext11/data/res/values-mcc312-mnc670-en-rGB: Cannot change mode to rwxr-xr-x: Operation not permitted
build	Cache Android SDK	2026-06-06T12:22:50.0033255Z /usr/bin/tar: ../../../../../usr/local/lib/android/sdk/platforms/android-34-ext11/data/res/values-mcc310-mnc950-bg: Cannot utime: Operation not permitted
build	Cache Android SDK	2026-06-06T12:22:50.0033726Z /usr/bin/tar: ../../../../../usr/local/lib/android/sdk/platforms/android-34-ext11/data/res/values-mcc310-mnc950-bg: Cannot change mode to rwxr-xr-x: Operation not permitted
build	Cache Android SDK	2026-06-06T12:22:50.0036248Z /usr/bin/tar: ../../../../../usr/local/lib/android/sdk/platforms/android-34-ext11/data/res/values-mcc310-mnc210-be: Cannot utime: Operation not permitted
build	Cache Android SDK	2026-06-06T12:22:50.0036724Z /usr/bin/tar: ../../../../../usr/local/lib/android/sdk/platforms/android-34-ext11/data/res/values-mcc310-mnc210-be: Cannot change mode to rwxr-xr-x: Operation not permitted
build	Cache Android SDK	2026-06-06T12:22:50.0039372Z /usr/bin/tar: ../../../../../usr/local/lib/android/sdk/platforms/android-34-ext11/data/res/values-mcc302-mnc720-tr: Cannot utime: Operation not permitted
build	Cache Android SDK	2026-06-06T12:22:50.0039901Z /usr/bin/tar: ../../../../../usr/local/lib/android/sdk/platforms/android-34-ext11/data/res/values-mcc302-mnc720-tr: Cannot change mode to rwxr-xr-x: Operation not permitted
build	Cache Android SDK	2026-06-06T12:22:50.0045814Z /usr/bin/tar: ../../../../../usr/local/lib/android/sdk/platforms/android-34-ext11/data/res/values-mcc310-mnc240-ar: Cannot utime: Operation not permitted
build	Cache Android SDK	2026-06-06T12:22:50.0046538Z /usr/bin/tar: ../../../../../usr/local/lib/android/sdk/platforms/android-34-ext11/data/res/values-mcc310-mnc240-ar: Cannot change mode to rwxr-xr-x: Operation not permitted
build	Cache Android SDK	2026-06-06T12:22:50.0049203Z /usr/bin/tar: ../../../../../usr/local/lib/android/sdk/platforms/android-34-ext11/data/res/values-mcc310-mnc220-vi: Cannot utime: Operation not permitted
build	Cache Android SDK	2026-06-06T12:22:50.0049673Z /usr/bin/tar: ../../../../../usr/local/lib/android/sdk/platforms/android-34-ext11/data/res/values-mcc310-mnc220-vi: Cannot change mode to rwxr-xr-x: Operation not permitted
build	Cache Android SDK	2026-06-06T12:22:50.0052439Z /usr/bin/tar: ../../../../../usr/local/lib/android/sdk/platforms/android-34-ext11/data/res/values-mcc310-mnc310-ja: Cannot utime: Operation not permitted
build	Cache Android SDK	2026-06-06T12:22:50.0053034Z /usr/bin/tar: ../../../../../usr/local/lib/android/sdk/platforms/android-34-ext11/data/res/values-mcc310-mnc310-ja: Cannot change mode to rwxr-xr-x: Operation not permitted
build	Cache Android SDK	2026-06-06T12:22:50.0058630Z /usr/bin/tar: ../../../../../usr/local/lib/android/sdk/platforms/android-34-ext11/data/res/values-mcc310-mnc150-fr: Cannot utime: Operation not permitted
build	Cache Android SDK	2026-06-06T12:22:50.0059140Z /usr/bin/tar: ../../../../../usr/local/lib/android/sdk/platforms/android-34-ext11/data/res/values-mcc310-mnc150-fr: Cannot change mode to rwxr-xr-x: Operation not permitted
build	Cache Android SDK	2026-06-06T12:22:50.0061543Z /usr/bin/tar: ../../../../../usr/local/lib/android/sdk/platforms/android-34-ext11/data/res/values-mcc310-mnc280-iw: Cannot utime: Operation not permitted
build	Cache Android SDK	2026-06-06T12:22:50.0062087Z /usr/bin/tar: ../../../../../usr/local/lib/android/sdk/platforms/android-34-ext11/data/res/values-mcc310-mnc280-iw: Cannot change mode to rwxr-xr-x: Operation not permitted
build	Cache Android SDK	2026-06-06T12:22:50.0065292Z /usr/bin/tar: ../../../../../usr/local/lib/android/sdk/platforms/android-34-ext11/data/res/values-mcc310-mnc950-ar: Cannot utime: Operation not permitted
build	Cache Android SDK	2026-06-06T12:22:50.0065760Z /usr/bin/tar: ../../../../../usr/local/lib/android/sdk/platforms/android-34-ext11/data/res/values-mcc310-mnc950-ar: Cannot change mode to rwxr-xr-x: Operation not permitted
build	Cache Android SDK	2026-06-06T12:22:50.0068416Z /usr/bin/tar: ../../../../../usr/local/lib/android/sdk/platforms/android-34-ext11/data/res/values-mcc310-mnc160-gl: Cannot utime: Operation not permitted
build	Cache Android SDK	2026-06-06T12:22:50.0068887Z /usr/bin/tar: ../../../../../usr/local/lib/android/sdk/platforms/android-34-ext11/data/res/values-mcc310-mnc160-gl: Cannot change mode to rwxr-xr-x: Operation not permitted
build	Cache Android SDK	2026-06-06T12:22:50.0071566Z /usr/bin/tar: ../../../../../usr/local/lib/android/sdk/platforms/android-34-ext11/data/res/values-mcc310-mnc250-tr: Cannot utime: Operation not permitted
build	Cache Android SDK	2026-06-06T12:22:50.0072225Z /usr/bin/tar: ../../../../../usr/local/lib/android/sdk/platforms/android-34-ext11/data/res/values-mcc310-mnc250-tr: Cannot change mode to rwxr-xr-x: Operation not permitted
build	Cache Android SDK	2026-06-06T12:22:50.0077287Z /usr/bin/tar: ../../../../../usr/local/lib/android/sdk/platforms/android-34-ext11/data/res/values-mcc313-mnc100-es-rUS: Cannot utime: Operation not permitted
build	Cache Android SDK	2026-06-06T12:22:50.0077867Z /usr/bin/tar: ../../../../../usr/local/lib/android/sdk/platforms/android-34-ext11/data/res/values-mcc313-mnc100-es-rUS: Cannot change mode to rwxr-xr-x: Operation not permitted
build	Cache Android SDK	2026-06-06T12:22:50.0083442Z /usr/bin/tar: ../../../../../usr/local/lib/android/sdk/platforms/android-34-ext11/data/res/values-mcc310-mnc250-hy: Cannot utime: Operation not permitted
build	Cache Android SDK	2026-06-06T12:22:50.0083909Z /usr/bin/tar: ../../../../../usr/local/lib/android/sdk/platforms/android-34-ext11/data/res/values-mcc310-mnc250-hy: Cannot change mode to rwxr-xr-x: Operation not permitted
build	Cache Android SDK	2026-06-06T12:22:50.0086477Z /usr/bin/tar: ../../../../../usr/local/lib/android/sdk/platforms/android-34-ext11/data/res/values-mcc310-mnc950-in: Cannot utime: Operation not permitted
build	Cache Android SDK	2026-06-06T12:22:50.0086945Z /usr/bin/tar: ../../../../../usr/local/lib/android/sdk/platforms/android-34-ext11/data/res/values-mcc310-mnc950-in: Cannot change mode to rwxr-xr-x: Operation not permitted
build	Cache Android SDK	2026-06-06T12:22:50.0089660Z /usr/bin/tar: ../../../../../usr/local/lib/android/sdk/platforms/android-34-ext11/data/res/values-mcc310-mnc270-sk: Cannot utime: Operation not permitted
build	Cache Android SDK	2026-06-06T12:22:50.0090124Z /usr/bin/tar: ../../../../../usr/local/lib/android/sdk/platforms/android-34-ext11/data/res/values-mcc310-mnc270-sk: Cannot change mode to rwxr-xr-x: Operation not permitted
build	Cache Android SDK	2026-06-06T12:22:50.0092757Z /usr/bin/tar: ../../../../../usr/local/lib/android/sdk/platforms/android-34-ext11/data/res/values-mcc310-mnc230-iw: Cannot utime: Operation not permitted
build	Cache Android SDK	2026-06-06T12:22:50.0093216Z /usr/bin/tar: ../../../../../usr/local/lib/android/sdk/platforms/android-34-ext11/data/res/values-mcc310-mnc230-iw: Cannot change mode to rwxr-xr-x: Operation not permitted
build	Cache Android SDK	2026-06-06T12:22:50.0096084Z /usr/bin/tar: ../../../../../usr/local/lib/android/sdk/platforms/android-34-ext11/data/res/values-mcc310-mnc230-en-rAU: Cannot utime: Operation not permitted
build	Cache Android SDK	2026-06-06T12:22:50.0096567Z /usr/bin/tar: ../../../../../usr/local/lib/android/sdk/platforms/android-34-ext11/data/res/values-mcc310-mnc230-en-rAU: Cannot change mode to rwxr-xr-x: Operation not permitted
build	Cache Android SDK	2026-06-06T12:22:50.0099239Z /usr/bin/tar: ../../../../../usr/local/lib/android/sdk/platforms/android-34-ext11/data/res/values-ru-rRU: Cannot utime: Operation not permitted
build	Cache Android SDK	2026-06-06T12:22:50.0099683Z /usr/bin/tar: ../../../../../usr/local/lib/android/sdk/platforms/android-34-ext11/data/res/values-ru-rRU: Cannot change mode to rwxr-xr-x: Operation not permitted
build	Cache Android SDK	2026-06-06T12:22:50.0106536Z /usr/bin/tar: ../../../../../usr/local/lib/android/sdk/platforms/android-34-ext11/data/res/values-uk: Cannot utime: Operation not permitted
build	Cache Android SDK	2026-06-06T12:22:50.0106981Z /usr/bin/tar: ../../../../../usr/local/lib/android/sdk/platforms/android-34-ext11/data/res/values-uk: Cannot change mode to rwxr-xr-x: Operation not permitted
build	Cache Android SDK	2026-06-06T12:22:50.0112510Z /usr/bin/tar: ../../../../../usr/local/lib/android/sdk/platforms/android-34-ext11/data/res/values-mcc310-mnc310-sv: Cannot utime: Operation not permitted
build	Cache Android SDK	2026-06-06T12:22:50.0113085Z /usr/bin/tar: ../../../../../usr/local/lib/android/sdk/platforms/android-34-ext11/data/res/values-mcc310-mnc310-sv: Cannot change mode to rwxr-xr-x: Operation not permitted
build	Cache Android SDK	2026-06-06T12:22:50.0115703Z /usr/bin/tar: ../../../../../usr/local/lib/android/sdk/platforms/android-34-ext11/data/res/values-mcc310-mnc230-it: Cannot utime: Operation not permitted
build	Cache Android SDK	2026-06-06T12:22:50.0116163Z /usr/bin/tar: ../../../../../usr/local/lib/android/sdk/platforms/android-34-ext11/data/res/values-mcc310-mnc230-it: Cannot change mode to rwxr-xr-x: Operation not permitted
build	Cache Android SDK	2026-06-06T12:22:50.0119133Z /usr/bin/tar: ../../../../../usr/local/lib/android/sdk/platforms/android-34-ext11/data/res/values-eu-television: Cannot utime: Operation not permitted
build	Cache Android SDK	2026-06-06T12:22:50.0119595Z /usr/bin/tar: ../../../../../usr/local/lib/android/sdk/platforms/android-34-ext11/data/res/values-eu-television: Cannot change mode to rwxr-xr-x: Operation not permitted
build	Cache Android SDK	2026-06-06T12:22:50.0122377Z /usr/bin/tar: ../../../../../usr/local/lib/android/sdk/platforms/android-34-ext11/data/res/values-zh-rHK-television: Cannot utime: Operation not permitted
build	Cache Android SDK	2026-06-06T12:22:50.0122861Z /usr/bin/tar: ../../../../../usr/local/lib/android/sdk/platforms/android-34-ext11/data/res/values-zh-rHK-television: Cannot change mode to rwxr-xr-x: Operation not permitted
build	Cache Android SDK	2026-06-06T12:22:50.0125638Z /usr/bin/tar: ../../../../../usr/local/lib/android/sdk/platforms/android-34-ext11/data/res/values-mcc310-mnc490-cs: Cannot utime: Operation not permitted
build	Cache Android SDK	2026-06-06T12:22:50.0126108Z /usr/bin/tar: ../../../../../usr/local/lib/android/sdk/platforms/android-34-ext11/data/res/values-mcc310-mnc490-cs: Cannot change mode to rwxr-xr-x: Operation not permitted
build	Cache Android SDK	2026-06-06T12:22:50.0128848Z /usr/bin/tar: ../../../../../usr/local/lib/android/sdk/platforms/android-34-ext11/data/res/values-mcc310-mnc800-zh-rTW: Cannot utime: Operation not permitted
build	Cache Android SDK	2026-06-06T12:22:50.0129318Z /usr/bin/tar: ../../../../../usr/local/lib/android/sdk/platforms/android-34-ext11/data/res/values-mcc310-mnc800-zh-rTW: Cannot change mode to rwxr-xr-x: Operation not permitted
build	Cache Android SDK	2026-06-06T12:22:50.0131667Z /usr/bin/tar: ../../../../../usr/local/lib/android/sdk/platforms/android-34-ext11/data/res/values-es-rPA: Cannot utime: Operation not permitted
build	Cache Android SDK	2026-06-06T12:22:50.0132100Z /usr/bin/tar: ../../../../../usr/local/lib/android/sdk/platforms/android-34-ext11/data/res/values-es-rPA: Cannot change mode to rwxr-xr-x: Operation not permitted
build	Cache Android SDK	2026-06-06T12:22:50.0134910Z /usr/bin/tar: ../../../../../usr/local/lib/android/sdk/platforms/android-34-ext11/data/res/values-mcc001-mnc01-mk: Cannot utime: Operation not permitted
build	Cache Android SDK	2026-06-06T12:22:50.0135378Z /usr/bin/tar: ../../../../../usr/local/lib/android/sdk/platforms/android-34-ext11/data/res/values-mcc001-mnc01-mk: Cannot change mode to rwxr-xr-x: Operation not permitted
build	Cache Android SDK	2026-06-06T12:22:50.0138000Z /usr/bin/tar: ../../../../../usr/local/lib/android/sdk/platforms/android-34-ext11/data/res/values-mk-watch: Cannot utime: Operation not permitted
build	Cache Android SDK	2026-06-06T12:22:50.0138444Z /usr/bin/tar: ../../../../../usr/local/lib/android/sdk/platforms/android-34-ext11/data/res/values-mk-watch: Cannot change mode to rwxr-xr-x: Operation not permitted
build	Cache Android SDK	2026-06-06T12:22:50.0153716Z /usr/bin/tar: ../../../../../usr/local/lib/android/sdk/platforms/android-34-ext11/data/res/values-mcc310-mnc150-am: Cannot utime: Operation not permitted
build	Cache Android SDK	2026-06-06T12:22:50.0154737Z /usr/bin/tar: ../../../../../usr/local/lib/android/sdk/platforms/android-34-ext11/data/res/values-mcc310-mnc150-am: Cannot change mode to rwxr-xr-x: Operation not permitted
build	Cache Android SDK	2026-06-06T12:22:50.0155382Z /usr/bin/tar: ../../../../../usr/local/lib/android/sdk/platforms/android-34-ext11/data/res/values-mcc310-mnc250-hr: Cannot utime: Operation not permitted
build	Cache Android SDK	2026-06-06T12:22:50.0156175Z /usr/bin/tar: ../../../../../usr/local/lib/android/sdk/platforms/android-34-ext11/data/res/values-mcc310-mnc250-hr: Cannot change mode to rwxr-xr-x: Operation not permitted
build	Cache Android SDK	2026-06-06T12:22:50.0156666Z /usr/bin/tar: ../../../../../usr/local/lib/android/sdk/platforms/android-34-ext11/data/res/values-mcc334-mnc020-fr: Cannot utime: Operation not permitted
build	Cache Android SDK	2026-06-06T12:22:50.0157125Z /usr/bin/tar: ../../../../../usr/local/lib/android/sdk/platforms/android-34-ext11/data/res/values-mcc334-mnc020-fr: Cannot change mode to rwxr-xr-x: Operation not permitted
build	Cache Android SDK	2026-06-06T12:22:50.0157639Z /usr/bin/tar: ../../../../../usr/local/lib/android/sdk/platforms/android-34-ext11/data/res/values-mcc310-mnc220-uk: Cannot utime: Operation not permitted
build	Cache Android SDK	2026-06-06T12:22:50.0158105Z /usr/bin/tar: ../../../../../usr/local/lib/android/sdk/platforms/android-34-ext11/data/res/values-mcc310-mnc220-uk: Cannot change mode to rwxr-xr-x: Operation not permitted
build	Cache Android SDK	2026-06-06T12:22:50.0158697Z /usr/bin/tar: ../../../../../usr/local/lib/android/sdk/platforms/android-34-ext11/data/res/values-mcc313-mnc100-te: Cannot utime: Operation not permitted
build	Cache Android SDK	2026-06-06T12:22:50.0159369Z /usr/bin/tar: ../../../../../usr/local/lib/android/sdk/platforms/android-34-ext11/data/res/values-mcc313-mnc100-te: Cannot change mode to rwxr-xr-x: Operation not permitted
build	Cache Android SDK	2026-06-06T12:22:50.0160013Z /usr/bin/tar: ../../../../../usr/local/lib/android/sdk/platforms/android-34-ext11/data/res/values-si-watch: Cannot utime: Operation not permitted
build	Cache Android SDK	2026-06-06T12:22:50.0160454Z /usr/bin/tar: ../../../../../usr/local/lib/android/sdk/platforms/android-34-ext11/data/res/values-si-watch: Cannot change mode to rwxr-xr-x: Operation not permitted
build	Cache Android SDK	2026-06-06T12:22:50.0163585Z /usr/bin/tar: ../../../../../usr/local/lib/android/sdk/platforms/android-34-ext11/data/res/values-mcc310-mnc270-lo: Cannot utime: Operation not permitted
build	Cache Android SDK	2026-06-06T12:22:50.0164135Z /usr/bin/tar: ../../../../../usr/local/lib/android/sdk/platforms/android-34-ext11/data/res/values-mcc310-mnc270-lo: Cannot change mode to rwxr-xr-x: Operation not permitted
build	Cache Android SDK	2026-06-06T12:22:50.0167819Z /usr/bin/tar: ../../../../../usr/local/lib/android/sdk/platforms/android-34-ext11/data/res/values-mcc310-mnc170-km: Cannot utime: Operation not permitted
build	Cache Android SDK	2026-06-06T12:22:50.0168727Z /usr/bin/tar: ../../../../../usr/local/lib/android/sdk/platforms/android-34-ext11/data/res/values-mcc310-mnc170-km: Cannot change mode to rwxr-xr-x: Operation not permitted
build	Cache Android SDK	2026-06-06T12:22:50.0170542Z /usr/bin/tar: ../../../../../usr/local/lib/android/sdk/platforms/android-34-ext11/data/res/values-mcc310-mnc660-af: Cannot utime: Operation not permitted
build	Cache Android SDK	2026-06-06T12:22:50.0171015Z /usr/bin/tar: ../../../../../usr/local/lib/android/sdk/platforms/android-34-ext11/data/res/values-mcc310-mnc660-af: Cannot change mode to rwxr-xr-x: Operation not permitted
build	Cache Android SDK	2026-06-06T12:22:50.0173384Z /usr/bin/tar: ../../../../../usr/local/lib/android/sdk/platforms/android-34-ext11/data/res/values-mcc001-mnc01-it: Cannot utime: Operation not permitted
build	Cache Android SDK	2026-06-06T12:22:50.0173986Z /usr/bin/tar: ../../../../../usr/local/lib/android/sdk/platforms/android-34-ext11/data/res/values-mcc001-mnc01-it: Cannot change mode to rwxr-xr-x: Operation not permitted
build	Cache Android SDK	2026-06-06T12:22:50.0176742Z /usr/bin/tar: ../../../../../usr/local/lib/android/sdk/platforms/android-34-ext11/data/res/values-mcc310-mnc280-th: Cannot utime: Operation not permitted
build	Cache Android SDK	2026-06-06T12:22:50.0177253Z /usr/bin/tar: ../../../../../usr/local/lib/android/sdk/platforms/android-34-ext11/data/res/values-mcc310-mnc280-th: Cannot change mode to rwxr-xr-x: Operation not permitted
build	Cache Android SDK	2026-06-06T12:22:50.0179945Z /usr/bin/tar: ../../../../../usr/local/lib/android/sdk/platforms/android-34-ext11/data/res/values-mcc310-mnc380-mk: Cannot utime: Operation not permitted
build	Cache Android SDK	2026-06-06T12:22:50.0180519Z /usr/bin/tar: ../../../../../usr/local/lib/android/sdk/platforms/android-34-ext11/data/res/values-mcc310-mnc380-mk: Cannot change mode to rwxr-xr-x: Operation not permitted
build	Cache Android SDK	2026-06-06T12:22:50.0183476Z /usr/bin/tar: ../../../../../usr/local/lib/android/sdk/platforms/android-34-ext11/data/res/values-mcc310-mnc250-is: Cannot utime: Operation not permitted
build	Cache Android SDK	2026-06-06T12:22:50.0183951Z /usr/bin/tar: ../../../../../usr/local/lib/android/sdk/platforms/android-34-ext11/data/res/values-mcc310-mnc250-is: Cannot change mode to rwxr-xr-x: Operation not permitted
build	Cache Android SDK	2026-06-06T12:22:50.0187002Z /usr/bin/tar: ../../../../../usr/local/lib/android/sdk/platforms/android-34-ext11/data/res/values-th-rTH: Cannot utime: Operation not permitted
build	Cache Android SDK	2026-06-06T12:22:50.0187646Z /usr/bin/tar: ../../../../../usr/local/lib/android/sdk/platforms/android-34-ext11/data/res/values-th-rTH: Cannot change mode to rwxr-xr-x: Operation not permitted
build	Cache Android SDK	2026-06-06T12:22:50.0190597Z /usr/bin/tar: ../../../../../usr/local/lib/android/sdk/platforms/android-34-ext11/data/res/values-mcc310-mnc560-ml: Cannot utime: Operation not permitted
build	Cache Android SDK	2026-06-06T12:22:50.0191198Z /usr/bin/tar: ../../../../../usr/local/lib/android/sdk/platforms/android-34-ext11/data/res/values-mcc310-mnc560-ml: Cannot change mode to rwxr-xr-x: Operation not permitted
build	Cache Android SDK	2026-06-06T12:22:50.0193412Z /usr/bin/tar: ../../../../../usr/local/lib/android/sdk/platforms/android-34-ext11/data/res/values-mcc310-mnc210-th: Cannot utime: Operation not permitted
build	Cache Android SDK	2026-06-06T12:22:50.0193884Z /usr/bin/tar: ../../../../../usr/local/lib/android/sdk/platforms/android-34-ext11/data/res/values-mcc310-mnc210-th: Cannot change mode to rwxr-xr-x: Operation not permitted
build	Cache Android SDK	2026-06-06T12:22:50.0196599Z /usr/bin/tar: ../../../../../usr/local/lib/android/sdk/platforms/android-34-ext11/data/res/values-mcc310-mnc380-sr: Cannot utime: Operation not permitted
build	Cache Android SDK	2026-06-06T12:22:50.0197076Z /usr/bin/tar: ../../../../../usr/local/lib/android/sdk/platforms/android-34-ext11/data/res/values-mcc310-mnc380-sr: Cannot change mode to rwxr-xr-x: Operation not permitted
build	Cache Android SDK	2026-06-06T12:22:50.0199625Z /usr/bin/tar: ../../../../../usr/local/lib/android/sdk/platforms/android-34-ext11/data/res/values-mcc310-mnc410-et: Cannot utime: Operation not permitted
build	Cache Android SDK	2026-06-06T12:22:50.0200192Z /usr/bin/tar: ../../../../../usr/local/lib/android/sdk/platforms/android-34-ext11/data/res/values-mcc310-mnc410-et: Cannot change mode to rwxr-xr-x: Operation not permitted
build	Cache Android SDK	2026-06-06T12:22:50.0203075Z /usr/bin/tar: ../../../../../usr/local/lib/android/sdk/platforms/android-34-ext11/data/res/values-mcc310-mnc380-uz: Cannot utime: Operation not permitted
build	Cache Android SDK	2026-06-06T12:22:50.0203538Z /usr/bin/tar: ../../../../../usr/local/lib/android/sdk/platforms/android-34-ext11/data/res/values-mcc310-mnc380-uz: Cannot change mode to rwxr-xr-x: Operation not permitted
build	Cache Android SDK	2026-06-06T12:22:50.0206752Z /usr/bin/tar: ../../../../../usr/local/lib/android/sdk/platforms/android-34-ext11/data/res/values-mcc311-mnc180-gu: Cannot utime: Operation not permitted
build	Cache Android SDK	2026-06-06T12:22:50.0207234Z /usr/bin/tar: ../../../../../usr/local/lib/android/sdk/platforms/android-34-ext11/data/res/values-mcc311-mnc180-gu: Cannot change mode to rwxr-xr-x: Operation not permitted
build	Cache Android SDK	2026-06-06T12:22:50.0211420Z /usr/bin/tar: ../../../../../usr/local/lib/android/sdk/platforms/android-34-ext11/data/res/values-mcc311-mnc180-is: Cannot utime: Operation not permitted
build	Cache Android SDK	2026-06-06T12:22:50.0211902Z /usr/bin/tar: ../../../../../usr/local/lib/android/sdk/platforms/android-34-ext11/data/res/values-mcc311-mnc180-is: Cannot change mode to rwxr-xr-x: Operation not permitted
build	Cache Android SDK	2026-06-06T12:22:50.0216101Z /usr/bin/tar: ../../../../../usr/local/lib/android/sdk/platforms/android-34-ext11/data/res/values-mcc312-mnc670-ml: Cannot utime: Operation not permitted
build	Cache Android SDK	2026-06-06T12:22:50.0216574Z /usr/bin/tar: ../../../../../usr/local/lib/android/sdk/platforms/android-34-ext11/data/res/values-mcc312-mnc670-ml: Cannot change mode to rwxr-xr-x: Operation not permitted
build	Cache Android SDK	2026-06-06T12:22:50.0219639Z /usr/bin/tar: ../../../../../usr/local/lib/android/sdk/platforms/android-34-ext11/data/res/values-mcc310-mnc170-sr: Cannot utime: Operation not permitted
build	Cache Android SDK	2026-06-06T12:22:50.0220217Z /usr/bin/tar: ../../../../../usr/local/lib/android/sdk/platforms/android-34-ext11/data/res/values-mcc310-mnc170-sr: Cannot change mode to rwxr-xr-x: Operation not permitted
build	Cache Android SDK	2026-06-06T12:22:50.0223763Z /usr/bin/tar: ../../../../../usr/local/lib/android/sdk/platforms/android-34-ext11/data/res/values-mcc311: Cannot utime: Operation not permitted
build	Cache Android SDK	2026-06-06T12:22:50.0224224Z /usr/bin/tar: ../../../../../usr/local/lib/android/sdk/platforms/android-34-ext11/data/res/values-mcc311: Cannot change mode to rwxr-xr-x: Operation not permitted
build	Cache Android SDK	2026-06-06T12:22:50.0226820Z /usr/bin/tar: ../../../../../usr/local/lib/android/sdk/platforms/android-34-ext11/data/res/values-es-watch: Cannot utime: Operation not permitted
build	Cache Android SDK	2026-06-06T12:22:50.0227275Z /usr/bin/tar: ../../../../../usr/local/lib/android/sdk/platforms/android-34-ext11/data/res/values-es-watch: Cannot change mode to rwxr-xr-x: Operation not permitted
build	Cache Android SDK	2026-06-06T12:22:50.0364126Z /usr/bin/tar: ../../../../../usr/local/lib/android/sdk/platforms/android-34-ext11/data/res/layout: Cannot utime: Operation not permitted
build	Cache Android SDK	2026-06-06T12:22:50.0364848Z /usr/bin/tar: ../../../../../usr/local/lib/android/sdk/platforms/android-34-ext11/data/res/layout: Cannot change mode to rwxr-xr-x: Operation not permitted
build	Cache Android SDK	2026-06-06T12:22:50.0366402Z /usr/bin/tar: ../../../../../usr/local/lib/android/sdk/platforms/android-34-ext11/data/res/values-mcc311-mnc180-zh-rCN: Cannot utime: Operation not permitted
build	Cache Android SDK	2026-06-06T12:22:50.0366907Z /usr/bin/tar: ../../../../../usr/local/lib/android/sdk/platforms/android-34-ext11/data/res/values-mcc311-mnc180-zh-rCN: Cannot change mode to rwxr-xr-x: Operation not permitted
build	Cache Android SDK	2026-06-06T12:22:50.0369708Z /usr/bin/tar: ../../../../../usr/local/lib/android/sdk/platforms/android-34-ext11/data/res/values-mcc310-mnc150-hi: Cannot utime: Operation not permitted
build	Cache Android SDK	2026-06-06T12:22:50.0370214Z /usr/bin/tar: ../../../../../usr/local/lib/android/sdk/platforms/android-34-ext11/data/res/values-mcc310-mnc150-hi: Cannot change mode to rwxr-xr-x: Operation not permitted
build	Cache Android SDK	2026-06-06T12:22:50.0373242Z /usr/bin/tar: ../../../../../usr/local/lib/android/sdk/platforms/android-34-ext11/data/res/values-mcc310-mnc490-it: Cannot utime: Operation not permitted
build	Cache Android SDK	2026-06-06T12:22:50.0373739Z /usr/bin/tar: ../../../../../usr/local/lib/android/sdk/platforms/android-34-ext11/data/res/values-mcc310-mnc490-it: Cannot change mode to rwxr-xr-x: Operation not permitted
build	Cache Android SDK	2026-06-06T12:22:50.0375970Z /usr/bin/tar: ../../../../../usr/local/lib/android/sdk/platforms/android-34-ext11/data/res/values-mcc334-mnc020-ru: Cannot utime: Operation not permitted
build	Cache Android SDK	2026-06-06T12:22:50.0376446Z /usr/bin/tar: ../../../../../usr/local/lib/android/sdk/platforms/android-34-ext11/data/res/values-mcc334-mnc020-ru: Cannot change mode to rwxr-xr-x: Operation not permitted
build	Cache Android SDK	2026-06-06T12:22:50.0379244Z /usr/bin/tar: ../../../../../usr/local/lib/android/sdk/platforms/android-34-ext11/data/res/values-mcc310-mnc280-ta: Cannot utime: Operation not permitted
build	Cache Android SDK	2026-06-06T12:22:50.0379747Z /usr/bin/tar: ../../../../../usr/local/lib/android/sdk/platforms/android-34-ext11/data/res/values-mcc310-mnc280-ta: Cannot change mode to rwxr-xr-x: Operation not permitted
build	Cache Android SDK	2026-06-06T12:22:50.0382111Z /usr/bin/tar: ../../../../../usr/local/lib/android/sdk/platforms/android-34-ext11/data/res/values-ne-watch: Cannot utime: Operation not permitted
build	Cache Android SDK	2026-06-06T12:22:50.0382560Z /usr/bin/tar: ../../../../../usr/local/lib/android/sdk/platforms/android-34-ext11/data/res/values-ne-watch: Cannot change mode to rwxr-xr-x: Operation not permitted
build	Cache Android SDK	2026-06-06T12:22:50.0385250Z /usr/bin/tar: ../../../../../usr/local/lib/android/sdk/platforms/android-34-ext11/data/res/values-mcc310-mnc200-ml: Cannot utime: Operation not permitted
build	Cache Android SDK	2026-06-06T12:22:50.0385722Z /usr/bin/tar: ../../../../../usr/local/lib/android/sdk/platforms/android-34-ext11/data/res/values-mcc310-mnc200-ml: Cannot change mode to rwxr-xr-x: Operation not permitted
build	Cache Android SDK	2026-06-06T12:22:50.0388503Z /usr/bin/tar: ../../../../../usr/local/lib/android/sdk/platforms/android-34-ext11/data/res/values-mcc310-mnc280-nb: Cannot utime: Operation not permitted
build	Cache Android SDK	2026-06-06T12:22:50.0388987Z /usr/bin/tar: ../../../../../usr/local/lib/android/sdk/platforms/android-34-ext11/data/res/values-mcc310-mnc280-nb: Cannot change mode to rwxr-xr-x: Operation not permitted
build	Cache Android SDK	2026-06-06T12:22:50.0392085Z /usr/bin/tar: ../../../../../usr/local/lib/android/sdk/platforms/android-34-ext11/data/res/values-mcc302-mnc370-pt-rPT: Cannot utime: Operation not permitted
build	Cache Android SDK	2026-06-06T12:22:50.0392583Z /usr/bin/tar: ../../../../../usr/local/lib/android/sdk/platforms/android-34-ext11/data/res/values-mcc302-mnc370-pt-rPT: Cannot change mode to rwxr-xr-x: Operation not permitted
build	Cache Android SDK	2026-06-06T12:22:50.0420187Z /usr/bin/tar: ../../../../../usr/local/lib/android/sdk/platforms/android-34-ext11/data/res/drawable-sw600dp-nodpi: Cannot utime: Operation not permitted
build	Cache Android SDK	2026-06-06T12:22:50.0420816Z /usr/bin/tar: ../../../../../usr/local/lib/android/sdk/platforms/android-34-ext11/data/res/drawable-sw600dp-nodpi: Cannot change mode to rwxr-xr-x: Operation not permitted
build	Cache Android SDK	2026-06-06T12:22:50.0423007Z /usr/bin/tar: ../../../../../usr/local/lib/android/sdk/platforms/android-34-ext11/data/res/values-mcc310-mnc490-mr: Cannot utime: Operation not permitted
build	Cache Android SDK	2026-06-06T12:22:50.0423487Z /usr/bin/tar: ../../../../../usr/local/lib/android/sdk/platforms/android-34-ext11/data/res/values-mcc310-mnc490-mr: Cannot change mode to rwxr-xr-x: Operation not permitted
build	Cache Android SDK	2026-06-06T12:22:50.0425991Z /usr/bin/tar: ../../../../../usr/local/lib/android/sdk/platforms/android-34-ext11/data/res/values-mcc310-mnc200-ms: Cannot utime: Operation not permitted
build	Cache Android SDK	2026-06-06T12:22:50.0426457Z /usr/bin/tar: ../../../../../usr/local/lib/android/sdk/platforms/android-34-ext11/data/res/values-mcc310-mnc200-ms: Cannot change mode to rwxr-xr-x: Operation not permitted
build	Cache Android SDK	2026-06-06T12:22:50.0429915Z /usr/bin/tar: ../../../../../usr/local/lib/android/sdk/platforms/android-34-ext11/data/res/values-mcc313-mnc100-fa: Cannot utime: Operation not permitted
build	Cache Android SDK	2026-06-06T12:22:50.0430468Z /usr/bin/tar: ../../../../../usr/local/lib/android/sdk/platforms/android-34-ext11/data/res/values-mcc313-mnc100-fa: Cannot change mode to rwxr-xr-x: Operation not permitted
build	Cache Android SDK	2026-06-06T12:22:50.0432972Z /usr/bin/tar: ../../../../../usr/local/lib/android/sdk/platforms/android-34-ext11/data/res/values-mcc310-mnc490-bs: Cannot utime: Operation not permitted
build	Cache Android SDK	2026-06-06T12:22:50.0433440Z /usr/bin/tar: ../../../../../usr/local/lib/android/sdk/platforms/android-34-ext11/data/res/values-mcc310-mnc490-bs: Cannot change mode to rwxr-xr-x: Operation not permitted
build	Cache Android SDK	2026-06-06T12:22:50.0435932Z /usr/bin/tar: ../../../../../usr/local/lib/android/sdk/platforms/android-34-ext11/data/res/values-sw900dp: Cannot utime: Operation not permitted
build	Cache Android SDK	2026-06-06T12:22:50.0436446Z /usr/bin/tar: ../../../../../usr/local/lib/android/sdk/platforms/android-34-ext11/data/res/values-sw900dp: Cannot change mode to rwxr-xr-x: Operation not permitted
build	Cache Android SDK	2026-06-06T12:22:50.0439028Z /usr/bin/tar: ../../../../../usr/local/lib/android/sdk/platforms/android-34-ext11/data/res/values-mcc302-mnc720-mn: Cannot utime: Operation not permitted
build	Cache Android SDK	2026-06-06T12:22:50.0439584Z /usr/bin/tar: ../../../../../usr/local/lib/android/sdk/platforms/android-34-ext11/data/res/values-mcc302-mnc720-mn: Cannot change mode to rwxr-xr-x: Operation not permitted
build	Cache Android SDK	2026-06-06T12:22:50.0442098Z /usr/bin/tar: ../../../../../usr/local/lib/android/sdk/platforms/android-34-ext11/data/res/values-mcc302-mnc720-or: Cannot utime: Operation not permitted
build	Cache Android SDK	2026-06-06T12:22:50.0442565Z /usr/bin/tar: ../../../../../usr/local/lib/android/sdk/platforms/android-34-ext11/data/res/values-mcc302-mnc720-or: Cannot change mode to rwxr-xr-x: Operation not permitted
build	Cache Android SDK	2026-06-06T12:22:50.0445147Z /usr/bin/tar: ../../../../../usr/local/lib/android/sdk/platforms/android-34-ext11/data/res/values-mcc310-mnc220-es: Cannot utime: Operation not permitted
build	Cache Android SDK	2026-06-06T12:22:50.0445616Z /usr/bin/tar: ../../../../../usr/local/lib/android/sdk/platforms/android-34-ext11/data/res/values-mcc310-mnc220-es: Cannot change mode to rwxr-xr-x: Operation not permitted
build	Cache Android SDK	2026-06-06T12:22:50.0448796Z /usr/bin/tar: ../../../../../usr/local/lib/android/sdk/platforms/android-34-ext11/data/res/values-mcc310-mnc410-da: Cannot utime: Operation not permitted
build	Cache Android SDK	2026-06-06T12:22:50.0449263Z /usr/bin/tar: ../../../../../usr/local/lib/android/sdk/platforms/android-34-ext11/data/res/values-mcc310-mnc410-da: Cannot change mode to rwxr-xr-x: Operation not permitted
build	Cache Android SDK	2026-06-06T12:22:50.0452828Z /usr/bin/tar: ../../../../../usr/local/lib/android/sdk/platforms/android-34-ext11/data/res/values-mcc310-mnc030-iw: Cannot utime: Operation not permitted
build	Cache Android SDK	2026-06-06T12:22:50.0453382Z /usr/bin/tar: ../../../../../usr/local/lib/android/sdk/platforms/android-34-ext11/data/res/values-mcc310-mnc030-iw: Cannot change mode to rwxr-xr-x: Operation not permitted
build	Cache Android SDK	2026-06-06T12:22:50.0454752Z /usr/bin/tar: ../../../../../usr/local/lib/android/sdk/platforms/android-34-ext11/data/res/values-mcc312-mnc670-as: Cannot utime: Operation not permitted
build	Cache Android SDK	2026-06-06T12:22:50.0455429Z /usr/bin/tar: ../../../../../usr/local/lib/android/sdk/platforms/android-34-ext11/data/res/values-mcc312-mnc670-as: Cannot change mode to rwxr-xr-x: Operation not permitted
build	Cache Android SDK	2026-06-06T12:22:50.0458050Z /usr/bin/tar: ../../../../../usr/local/lib/android/sdk/platforms/android-34-ext11/data/res/values-mcc310-mnc150-ms: Cannot utime: Operation not permitted
build	Cache Android SDK	2026-06-06T12:22:50.0458514Z /usr/bin/tar: ../../../../../usr/local/lib/android/sdk/platforms/android-34-ext11/data/res/values-mcc310-mnc150-ms: Cannot change mode to rwxr-xr-x: Operation not permitted
build	Cache Android SDK	2026-06-06T12:22:50.0461426Z /usr/bin/tar: ../../../../../usr/local/lib/android/sdk/platforms/android-34-ext11/data/res/values-mcc214-mnc01: Cannot utime: Operation not permitted
build	Cache Android SDK	2026-06-06T12:22:50.0461959Z /usr/bin/tar: ../../../../../usr/local/lib/android/sdk/platforms/android-34-ext11/data/res/values-mcc214-mnc01: Cannot change mode to rwxr-xr-x: Operation not permitted
build	Cache Android SDK	2026-06-06T12:22:50.0464675Z /usr/bin/tar: ../../../../../usr/local/lib/android/sdk/platforms/android-34-ext11/data/res/values-ro-watch: Cannot utime: Operation not permitted
build	Cache Android SDK	2026-06-06T12:22:50.0465211Z /usr/bin/tar: ../../../../../usr/local/lib/android/sdk/platforms/android-34-ext11/data/res/values-ro-watch: Cannot change mode to rwxr-xr-x: Operation not permitted
build	Cache Android SDK	2026-06-06T12:22:50.0468193Z /usr/bin/tar: ../../../../../usr/local/lib/android/sdk/platforms/android-34-ext11/data/res/values-mcc334-mnc020-bg: Cannot utime: Operation not permitted
build	Cache Android SDK	2026-06-06T12:22:50.0468669Z /usr/bin/tar: ../../../../../usr/local/lib/android/sdk/platforms/android-34-ext11/data/res/values-mcc334-mnc020-bg: Cannot change mode to rwxr-xr-x: Operation not permitted
build	Cache Android SDK	2026-06-06T12:22:50.0471432Z /usr/bin/tar: ../../../../../usr/local/lib/android/sdk/platforms/android-34-ext11/data/res/values-mcc001-mnc01-pt: Cannot utime: Operation not permitted
build	Cache Android SDK	2026-06-06T12:22:50.0471898Z /usr/bin/tar: ../../../../../usr/local/lib/android/sdk/platforms/android-34-ext11/data/res/values-mcc001-mnc01-pt: Cannot change mode to rwxr-xr-x: Operation not permitted
build	Cache Android SDK	2026-06-06T12:22:50.0474869Z /usr/bin/tar: ../../../../../usr/local/lib/android/sdk/platforms/android-34-ext11/data/res/values-mcc310-mnc280-pt-rBR: Cannot utime: Operation not permitted
build	Cache Android SDK	2026-06-06T12:22:50.0475440Z /usr/bin/tar: ../../../../../usr/local/lib/android/sdk/platforms/android-34-ext11/data/res/values-mcc310-mnc280-pt-rBR: Cannot change mode to rwxr-xr-x: Operation not permitted
build	Cache Android SDK	2026-06-06T12:22:50.0477973Z /usr/bin/tar: ../../../../../usr/local/lib/android/sdk/platforms/android-34-ext11/data/res/values-mcc310-mnc170-uk: Cannot utime: Operation not permitted
build	Cache Android SDK	2026-06-06T12:22:50.0478442Z /usr/bin/tar: ../../../../../usr/local/lib/android/sdk/platforms/android-34-ext11/data/res/values-mcc310-mnc170-uk: Cannot change mode to rwxr-xr-x: Operation not permitted
build	Cache Android SDK	2026-06-06T12:22:50.0481139Z /usr/bin/tar: ../../../../../usr/local/lib/android/sdk/platforms/android-34-ext11/data/res/values-mcc302-mnc370-lv: Cannot utime: Operation not permitted
build	Cache Android SDK	2026-06-06T12:22:50.0481693Z /usr/bin/tar: ../../../../../usr/local/lib/android/sdk/platforms/android-34-ext11/data/res/values-mcc302-mnc370-lv: Cannot change mode to rwxr-xr-x: Operation not permitted
build	Cache Android SDK	2026-06-06T12:22:50.0484483Z /usr/bin/tar: ../../../../../usr/local/lib/android/sdk/platforms/android-34-ext11/data/res/values-mcc310-mnc160-vi: Cannot utime: Operation not permitted
build	Cache Android SDK	2026-06-06T12:22:50.0484938Z /usr/bin/tar: ../../../../../usr/local/lib/android/sdk/platforms/android-34-ext11/data/res/values-mcc310-mnc160-vi: Cannot change mode to rwxr-xr-x: Operation not permitted
build	Cache Android SDK	2026-06-06T12:22:50.0492039Z /usr/bin/tar: ../../../../../usr/local/lib/android/sdk/platforms/android-34-ext11/data/res/values-kk: Cannot utime: Operation not permitted
build	Cache Android SDK	2026-06-06T12:22:50.0492519Z /usr/bin/tar: ../../../../../usr/local/lib/android/sdk/platforms/android-34-ext11/data/res/values-kk: Cannot change mode to rwxr-xr-x: Operation not permitted
build	Cache Android SDK	2026-06-06T12:22:50.0495080Z /usr/bin/tar: ../../../../../usr/local/lib/android/sdk/platforms/android-34-ext11/data/res/values-mcc310-mnc560-sl: Cannot utime: Operation not permitted
build	Cache Android SDK	2026-06-06T12:22:50.0495676Z /usr/bin/tar: ../../../../../usr/local/lib/android/sdk/platforms/android-34-ext11/data/res/values-mcc310-mnc560-sl: Cannot change mode to rwxr-xr-x: Operation not permitted
build	Cache Android SDK	2026-06-06T12:22:50.0498014Z /usr/bin/tar: ../../../../../usr/local/lib/android/sdk/platforms/android-34-ext11/data/res/values-zh-rTW-watch: Cannot utime: Operation not permitted
build	Cache Android SDK	2026-06-06T12:22:50.0498496Z /usr/bin/tar: ../../../../../usr/local/lib/android/sdk/platforms/android-34-ext11/data/res/values-zh-rTW-watch: Cannot change mode to rwxr-xr-x: Operation not permitted
build	Cache Android SDK	2026-06-06T12:22:50.0501730Z /usr/bin/tar: ../../../../../usr/local/lib/android/sdk/platforms/android-34-ext11/data/res/values-mcc001-mnc01-ta: Cannot utime: Operation not permitted
build	Cache Android SDK	2026-06-06T12:22:50.0502217Z /usr/bin/tar: ../../../../../usr/local/lib/android/sdk/platforms/android-34-ext11/data/res/values-mcc001-mnc01-ta: Cannot change mode to rwxr-xr-x: Operation not permitted
build	Cache Android SDK	2026-06-06T12:22:50.0506346Z /usr/bin/tar: ../../../../../usr/local/lib/android/sdk/platforms/android-34-ext11/data/res/values-large: Cannot utime: Operation not permitted
build	Cache Android SDK	2026-06-06T12:22:50.0506812Z /usr/bin/tar: ../../../../../usr/local/lib/android/sdk/platforms/android-34-ext11/data/res/values-large: Cannot change mode to rwxr-xr-x: Operation not permitted
build	Cache Android SDK	2026-06-06T12:22:50.0509168Z /usr/bin/tar: ../../../../../usr/local/lib/android/sdk/platforms/android-34-ext11/data/res/values-es-television: Cannot utime: Operation not permitted
build	Cache Android SDK	2026-06-06T12:22:50.0509656Z /usr/bin/tar: ../../../../../usr/local/lib/android/sdk/platforms/android-34-ext11/data/res/values-es-television: Cannot change mode to rwxr-xr-x: Operation not permitted
build	Cache Android SDK	2026-06-06T12:22:50.0512530Z /usr/bin/tar: ../../../../../usr/local/lib/android/sdk/platforms/android-34-ext11/data/res/values-mcc310-mnc200-hy: Cannot utime: Operation not permitted
build	Cache Android SDK	2026-06-06T12:22:50.0513006Z /usr/bin/tar: ../../../../../usr/local/lib/android/sdk/platforms/android-34-ext11/data/res/values-mcc310-mnc200-hy: Cannot change mode to rwxr-xr-x: Operation not permitted
build	Cache Android SDK	2026-06-06T12:22:50.0515578Z /usr/bin/tar: ../../../../../usr/local/lib/android/sdk/platforms/android-34-ext11/data/res/values-mcc310-mnc800-sq: Cannot utime: Operation not permitted
build	Cache Android SDK	2026-06-06T12:22:50.0516056Z /usr/bin/tar: ../../../../../usr/local/lib/android/sdk/platforms/android-34-ext11/data/res/values-mcc310-mnc800-sq: Cannot change mode to rwxr-xr-x: Operation not permitted
build	Cache Android SDK	2026-06-06T12:22:50.0518596Z /usr/bin/tar: ../../../../../usr/local/lib/android/sdk/platforms/android-34-ext11/data/res/values-mcc302-mnc720-ko: Cannot utime: Operation not permitted
build	Cache Android SDK	2026-06-06T12:22:50.0519068Z /usr/bin/tar: ../../../../../usr/local/lib/android/sdk/platforms/android-34-ext11/data/res/values-mcc302-mnc720-ko: Cannot change mode to rwxr-xr-x: Operation not permitted
build	Cache Android SDK	2026-06-06T12:22:50.0521830Z /usr/bin/tar: ../../../../../usr/local/lib/android/sdk/platforms/android-34-ext11/data/res/values-mcc310-mnc240-ca: Cannot utime: Operation not permitted
build	Cache Android SDK	2026-06-06T12:22:50.0522393Z /usr/bin/tar: ../../../../../usr/local/lib/android/sdk/platforms/android-34-ext11/data/res/values-mcc310-mnc240-ca: Cannot change mode to rwxr-xr-x: Operation not permitted
build	Cache Android SDK	2026-06-06T12:22:50.0525131Z /usr/bin/tar: ../../../../../usr/local/lib/android/sdk/platforms/android-34-ext11/data/res/values-mcc310-mnc170-fr-rCA: Cannot utime: Operation not permitted
build	Cache Android SDK	2026-06-06T12:22:50.0526092Z /usr/bin/tar: ../../../../../usr/local/lib/android/sdk/platforms/android-34-ext11/data/res/values-mcc310-mnc170-fr-rCA: Cannot change mode to rwxr-xr-x: Operation not permitted
build	Cache Android SDK	2026-06-06T12:22:50.0528430Z /usr/bin/tar: ../../../../../usr/local/lib/android/sdk/platforms/android-34-ext11/data/res/values-mcc310-mnc230-el: Cannot utime: Operation not permitted
build	Cache Android SDK	2026-06-06T12:22:50.0528933Z /usr/bin/tar: ../../../../../usr/local/lib/android/sdk/platforms/android-34-ext11/data/res/values-mcc310-mnc230-el: Cannot change mode to rwxr-xr-x: Operation not permitted
build	Cache Android SDK	2026-06-06T12:22:50.0531564Z /usr/bin/tar: ../../../../../usr/local/lib/android/sdk/platforms/android-34-ext11/data/res/values-mcc310-mnc210-tl: Cannot utime: Operation not permitted
build	Cache Android SDK	2026-06-06T12:22:50.0532039Z /usr/bin/tar: ../../../../../usr/local/lib/android/sdk/platforms/android-34-ext11/data/res/values-mcc310-mnc210-tl: Cannot change mode to rwxr-xr-x: Operation not permitted
build	Cache Android SDK	2026-06-06T12:22:50.0534952Z /usr/bin/tar: ../../../../../usr/local/lib/android/sdk/platforms/android-34-ext11/data/res/values-mcc302-mnc720-fr-rCA: Cannot utime: Operation not permitted
build	Cache Android SDK	2026-06-06T12:22:50.0535447Z /usr/bin/tar: ../../../../../usr/local/lib/android/sdk/platforms/android-34-ext11/data/res/values-mcc302-mnc720-fr-rCA: Cannot change mode to rwxr-xr-x: Operation not permitted
build	Cache Android SDK	2026-06-06T12:22:50.0537856Z /usr/bin/tar: ../../../../../usr/local/lib/android/sdk/platforms/android-34-ext11/data/res/values-mcc310-mnc030-as: Cannot utime: Operation not permitted
build	Cache Android SDK	2026-06-06T12:22:50.0538343Z /usr/bin/tar: ../../../../../usr/local/lib/android/sdk/platforms/android-34-ext11/data/res/values-mcc310-mnc030-as: Cannot change mode to rwxr-xr-x: Operation not permitted
build	Cache Android SDK	2026-06-06T12:22:50.0541041Z /usr/bin/tar: ../../../../../usr/local/lib/android/sdk/platforms/android-34-ext11/data/res/values-mcc001-mnc01-ru: Cannot utime: Operation not permitted
build	Cache Android SDK	2026-06-06T12:22:50.0541509Z /usr/bin/tar: ../../../../../usr/local/lib/android/sdk/platforms/android-34-ext11/data/res/values-mcc001-mnc01-ru: Cannot change mode to rwxr-xr-x: Operation not permitted
build	Cache Android SDK	2026-06-06T12:22:50.0543906Z /usr/bin/tar: ../../../../../usr/local/lib/android/sdk/platforms/android-34-ext11/data/res/values-be-television: Cannot utime: Operation not permitted
build	Cache Android SDK	2026-06-06T12:22:50.0544369Z /usr/bin/tar: ../../../../../usr/local/lib/android/sdk/platforms/android-34-ext11/data/res/values-be-television: Cannot change mode to rwxr-xr-x: Operation not permitted
build	Cache Android SDK	2026-06-06T12:22:50.0546888Z /usr/bin/tar: ../../../../../usr/local/lib/android/sdk/platforms/android-34-ext11/data/res/values-mcc334-mnc020-si: Cannot utime: Operation not permitted
build	Cache Android SDK	2026-06-06T12:22:50.0547551Z /usr/bin/tar: ../../../../../usr/local/lib/android/sdk/platforms/android-34-ext11/data/res/values-mcc334-mnc020-si: Cannot change mode to rwxr-xr-x: Operation not permitted
build	Cache Android SDK	2026-06-06T12:22:50.0551070Z /usr/bin/tar: ../../../../../usr/local/lib/android/sdk/platforms/android-34-ext11/data/res/values-mcc302-mnc370-am: Cannot utime: Operation not permitted
build	Cache Android SDK	2026-06-06T12:22:50.0551554Z /usr/bin/tar: ../../../../../usr/local/lib/android/sdk/platforms/android-34-ext11/data/res/values-mcc302-mnc370-am: Cannot change mode to rwxr-xr-x: Operation not permitted
build	Cache Android SDK	2026-06-06T12:22:50.0557038Z /usr/bin/tar: ../../../../../usr/local/lib/android/sdk/platforms/android-34-ext11/data/res/values-mcc310-mnc240-ro: Cannot utime: Operation not permitted
build	Cache Android SDK	2026-06-06T12:22:50.0558243Z /usr/bin/tar: ../../../../../usr/local/lib/android/sdk/platforms/android-34-ext11/data/res/values-mcc310-mnc240-ro: Cannot change mode to rwxr-xr-x: Operation not permitted
build	Cache Android SDK	2026-06-06T12:22:50.0560815Z /usr/bin/tar: ../../../../../usr/local/lib/android/sdk/platforms/android-34-ext11/data/res/values-mcc334-mnc020-ar: Cannot utime: Operation not permitted
build	Cache Android SDK	2026-06-06T12:22:50.0561448Z /usr/bin/tar: ../../../../../usr/local/lib/android/sdk/platforms/android-34-ext11/data/res/values-mcc334-mnc020-ar: Cannot change mode to rwxr-xr-x: Operation not permitted
build	Cache Android SDK	2026-06-06T12:22:50.0563966Z /usr/bin/tar: ../../../../../usr/local/lib/android/sdk/platforms/android-34-ext11/data/res/values-mcc310-mnc560-az: Cannot utime: Operation not permitted
build	Cache Android SDK	2026-06-06T12:22:50.0564501Z /usr/bin/tar: ../../../../../usr/local/lib/android/sdk/platforms/android-34-ext11/data/res/values-mcc310-mnc560-az: Cannot change mode to rwxr-xr-x: Operation not permitted
build	Cache Android SDK	2026-06-06T12:22:50.0567809Z /usr/bin/tar: ../../../../../usr/local/lib/android/sdk/platforms/android-34-ext11/data/res/values-mcc310-mnc210-ja: Cannot utime: Operation not permitted
build	Cache Android SDK	2026-06-06T12:22:50.0568291Z /usr/bin/tar: ../../../../../usr/local/lib/android/sdk/platforms/android-34-ext11/data/res/values-mcc310-mnc210-ja: Cannot change mode to rwxr-xr-x: Operation not permitted
build	Cache Android SDK	2026-06-06T12:22:50.0571627Z /usr/bin/tar: ../../../../../usr/local/lib/android/sdk/platforms/android-34-ext11/data/res/values-mcc310-mnc280-ja: Cannot utime: Operation not permitted
build	Cache Android SDK	2026-06-06T12:22:50.0572081Z /usr/bin/tar: ../../../../../usr/local/lib/android/sdk/platforms/android-34-ext11/data/res/values-mcc310-mnc280-ja: Cannot change mode to rwxr-xr-x: Operation not permitted
build	Cache Android SDK	2026-06-06T12:22:50.0574941Z /usr/bin/tar: ../../../../../usr/local/lib/android/sdk/platforms/android-34-ext11/data/res/values-pl-watch: Cannot utime: Operation not permitted
build	Cache Android SDK	2026-06-06T12:22:50.0575389Z /usr/bin/tar: ../../../../../usr/local/lib/android/sdk/platforms/android-34-ext11/data/res/values-pl-watch: Cannot change mode to rwxr-xr-x: Operation not permitted
build	Cache Android SDK	2026-06-06T12:22:50.0578299Z /usr/bin/tar: ../../../../../usr/local/lib/android/sdk/platforms/android-34-ext11/data/res/values-mcc302-mnc370-sl: Cannot utime: Operation not permitted
build	Cache Android SDK	2026-06-06T12:22:50.0578867Z /usr/bin/tar: ../../../../../usr/local/lib/android/sdk/platforms/android-34-ext11/data/res/values-mcc302-mnc370-sl: Cannot change mode to rwxr-xr-x: Operation not permitted
build	Cache Android SDK	2026-06-06T12:22:50.0581670Z /usr/bin/tar: ../../../../../usr/local/lib/android/sdk/platforms/android-34-ext11/data/res/values-mcc310-mnc950-ru: Cannot utime: Operation not permitted
build	Cache Android SDK	2026-06-06T12:22:50.0582129Z /usr/bin/tar: ../../../../../usr/local/lib/android/sdk/platforms/android-34-ext11/data/res/values-mcc310-mnc950-ru: Cannot change mode to rwxr-xr-x: Operation not permitted
build	Cache Android SDK	2026-06-06T12:22:50.0585561Z /usr/bin/tar: ../../../../../usr/local/lib/android/sdk/platforms/android-34-ext11/data/res/values-mcc310-mnc220-my: Cannot utime: Operation not permitted
build	Cache Android SDK	2026-06-06T12:22:50.0586031Z /usr/bin/tar: ../../../../../usr/local/lib/android/sdk/platforms/android-34-ext11/data/res/values-mcc310-mnc220-my: Cannot change mode to rwxr-xr-x: Operation not permitted
build	Cache Android SDK	2026-06-06T12:22:50.0589569Z /usr/bin/tar: ../../../../../usr/local/lib/android/sdk/platforms/android-34-ext11/data/res/values-mcc310-mnc240-bs: Cannot utime: Operation not permitted
build	Cache Android SDK	2026-06-06T12:22:50.0590123Z /usr/bin/tar: ../../../../../usr/local/lib/android/sdk/platforms/android-34-ext11/data/res/values-mcc310-mnc240-bs: Cannot change mode to rwxr-xr-x: Operation not permitted
build	Cache Android SDK	2026-06-06T12:22:50.0597201Z /usr/bin/tar: ../../../../../usr/local/lib/android/sdk/platforms/android-34-ext11/data/res/values-el: Cannot utime: Operation not permitted
build	Cache Android SDK	2026-06-06T12:22:50.0597707Z /usr/bin/tar: ../../../../../usr/local/lib/android/sdk/platforms/android-34-ext11/data/res/values-el: Cannot change mode to rwxr-xr-x: Operation not permitted
build	Cache Android SDK	2026-06-06T12:22:50.0600264Z /usr/bin/tar: ../../../../../usr/local/lib/android/sdk/platforms/android-34-ext11/data/res/values-mcc310-mnc800-kk: Cannot utime: Operation not permitted
build	Cache Android SDK	2026-06-06T12:22:50.0600894Z /usr/bin/tar: ../../../../../usr/local/lib/android/sdk/platforms/android-34-ext11/data/res/values-mcc310-mnc800-kk: Cannot change mode to rwxr-xr-x: Operation not permitted
build	Cache Android SDK	2026-06-06T12:22:50.0603299Z /usr/bin/tar: ../../../../../usr/local/lib/android/sdk/platforms/android-34-ext11/data/res/values-mcc310-mnc160-hu: Cannot utime: Operation not permitted
build	Cache Android SDK	2026-06-06T12:22:50.0603770Z /usr/bin/tar: ../../../../../usr/local/lib/android/sdk/platforms/android-34-ext11/data/res/values-mcc310-mnc160-hu: Cannot change mode to rwxr-xr-x: Operation not permitted
build	Cache Android SDK	2026-06-06T12:22:50.0606460Z /usr/bin/tar: ../../../../../usr/local/lib/android/sdk/platforms/android-34-ext11/data/res/values-mcc310-mnc170-lt: Cannot utime: Operation not permitted
build	Cache Android SDK	2026-06-06T12:22:50.0606926Z /usr/bin/tar: ../../../../../usr/local/lib/android/sdk/platforms/android-34-ext11/data/res/values-mcc310-mnc170-lt: Cannot change mode to rwxr-xr-x: Operation not permitted
build	Cache Android SDK	2026-06-06T12:22:50.0609637Z /usr/bin/tar: ../../../../../usr/local/lib/android/sdk/platforms/android-34-ext11/data/res/values-ca-rES: Cannot utime: Operation not permitted
build	Cache Android SDK	2026-06-06T12:22:50.0610169Z /usr/bin/tar: ../../../../../usr/local/lib/android/sdk/platforms/android-34-ext11/data/res/values-ca-rES: Cannot change mode to rwxr-xr-x: Operation not permitted
build	Cache Android SDK	2026-06-06T12:22:50.0616444Z /usr/bin/tar: ../../../../../usr/local/lib/android/sdk/platforms/android-34-ext11/data/res/drawable-car: Cannot utime: Operation not permitted
build	Cache Android SDK	2026-06-06T12:22:50.0617573Z /usr/bin/tar: ../../../../../usr/local/lib/android/sdk/platforms/android-34-ext11/data/res/drawable-car: Cannot change mode to rwxr-xr-x: Operation not permitted
build	Cache Android SDK	2026-06-06T12:22:50.0620029Z /usr/bin/tar: ../../../../../usr/local/lib/android/sdk/platforms/android-34-ext11/data/res/values-mcc310-mnc310-et: Cannot utime: Operation not permitted
build	Cache Android SDK	2026-06-06T12:22:50.0620533Z /usr/bin/tar: ../../../../../usr/local/lib/android/sdk/platforms/android-34-ext11/data/res/values-mcc310-mnc310-et: Cannot change mode to rwxr-xr-x: Operation not permitted
build	Cache Android SDK	2026-06-06T12:22:50.0622940Z /usr/bin/tar: ../../../../../usr/local/lib/android/sdk/platforms/android-34-ext11/data/res/values-mcc310-mnc560-mr: Cannot utime: Operation not permitted
build	Cache Android SDK	2026-06-06T12:22:50.0623540Z /usr/bin/tar: ../../../../../usr/local/lib/android/sdk/platforms/android-34-ext11/data/res/values-mcc310-mnc560-mr: Cannot change mode to rwxr-xr-x: Operation not permitted
build	Cache Android SDK	2026-06-06T12:22:50.0626323Z /usr/bin/tar: ../../../../../usr/local/lib/android/sdk/platforms/android-34-ext11/data/res/values-mcc310-mnc150-pt-rPT: Cannot utime: Operation not permitted
build	Cache Android SDK	2026-06-06T12:22:50.0626819Z /usr/bin/tar: ../../../../../usr/local/lib/android/sdk/platforms/android-34-ext11/data/res/values-mcc310-mnc150-pt-rPT: Cannot change mode to rwxr-xr-x: Operation not permitted
build	Cache Android SDK	2026-06-06T12:22:50.0629372Z /usr/bin/tar: ../../../../../usr/local/lib/android/sdk/platforms/android-34-ext11/data/res/values-mcc310-mnc800-mn: Cannot utime: Operation not permitted
build	Cache Android SDK	2026-06-06T12:22:50.0629851Z /usr/bin/tar: ../../../../../usr/local/lib/android/sdk/platforms/android-34-ext11/data/res/values-mcc310-mnc800-mn: Cannot change mode to rwxr-xr-x: Operation not permitted
build	Cache Android SDK	2026-06-06T12:22:50.0632231Z /usr/bin/tar: ../../../../../usr/local/lib/android/sdk/platforms/android-34-ext11/data/res/values-km-watch: Cannot utime: Operation not permitted
build	Cache Android SDK	2026-06-06T12:22:50.0632793Z /usr/bin/tar: ../../../../../usr/local/lib/android/sdk/platforms/android-34-ext11/data/res/values-km-watch: Cannot change mode to rwxr-xr-x: Operation not permitted
build	Cache Android SDK	2026-06-06T12:22:50.0635325Z /usr/bin/tar: ../../../../../usr/local/lib/android/sdk/platforms/android-34-ext11/data/res/values-en-rGB-television: Cannot utime: Operation not permitted
build	Cache Android SDK	2026-06-06T12:22:50.0635805Z /usr/bin/tar: ../../../../../usr/local/lib/android/sdk/platforms/android-34-ext11/data/res/values-en-rGB-television: Cannot change mode to rwxr-xr-x: Operation not permitted
build	Cache Android SDK	2026-06-06T12:22:50.0638307Z /usr/bin/tar: ../../../../../usr/local/lib/android/sdk/platforms/android-34-ext11/data/res/values-mcc334-mnc020-mn: Cannot utime: Operation not permitted
build	Cache Android SDK	2026-06-06T12:22:50.0638898Z /usr/bin/tar: ../../../../../usr/local/lib/android/sdk/platforms/android-34-ext11/data/res/values-mcc334-mnc020-mn: Cannot change mode to rwxr-xr-x: Operation not permitted
build	Cache Android SDK	2026-06-06T12:22:50.0642090Z /usr/bin/tar: ../../../../../usr/local/lib/android/sdk/platforms/android-34-ext11/data/res/values-mcc001-mnc01-lv: Cannot utime: Operation not permitted
build	Cache Android SDK	2026-06-06T12:22:50.0642566Z /usr/bin/tar: ../../../../../usr/local/lib/android/sdk/platforms/android-34-ext11/data/res/values-mcc001-mnc01-lv: Cannot change mode to rwxr-xr-x: Operation not permitted
build	Cache Android SDK	2026-06-06T12:22:50.0645413Z /usr/bin/tar: ../../../../../usr/local/lib/android/sdk/platforms/android-34-ext11/data/res/values-mcc310-mnc170-hi: Cannot utime: Operation not permitted
build	Cache Android SDK	2026-06-06T12:22:50.0646346Z /usr/bin/tar: ../../../../../usr/local/lib/android/sdk/platforms/android-34-ext11/data/res/values-mcc310-mnc170-hi: Cannot change mode to rwxr-xr-x: Operation not permitted
build	Cache Android SDK	2026-06-06T12:22:50.0648830Z /usr/bin/tar: ../../../../../usr/local/lib/android/sdk/platforms/android-34-ext11/data/res/values-mcc310-mnc800-ro: Cannot utime: Operation not permitted
build	Cache Android SDK	2026-06-06T12:22:50.0649414Z /usr/bin/tar: ../../../../../usr/local/lib/android/sdk/platforms/android-34-ext11/data/res/values-mcc310-mnc800-ro: Cannot change mode to rwxr-xr-x: Operation not permitted
build	Cache Android SDK	2026-06-06T12:22:50.0652135Z /usr/bin/tar: ../../../../../usr/local/lib/android/sdk/platforms/android-34-ext11/data/res/values-mcc310-mnc270-km: Cannot utime: Operation not permitted
build	Cache Android SDK	2026-06-06T12:22:50.0652607Z /usr/bin/tar: ../../../../../usr/local/lib/android/sdk/platforms/android-34-ext11/data/res/values-mcc310-mnc270-km: Cannot change mode to rwxr-xr-x: Operation not permitted
build	Cache Android SDK	2026-06-06T12:22:50.0655338Z /usr/bin/tar: ../../../../../usr/local/lib/android/sdk/platforms/android-34-ext11/data/res/values-mcc310-mnc160-ml: Cannot utime: Operation not permitted
build	Cache Android SDK	2026-06-06T12:22:50.0655817Z /usr/bin/tar: ../../../../../usr/local/lib/android/sdk/platforms/android-34-ext11/data/res/values-mcc310-mnc160-ml: Cannot change mode to rwxr-xr-x: Operation not permitted
build	Cache Android SDK	2026-06-06T12:22:50.0658227Z /usr/bin/tar: ../../../../../usr/local/lib/android/sdk/platforms/android-34-ext11/data/res/values-mcc310-mnc270-es-rUS: Cannot utime: Operation not permitted
build	Cache Android SDK	2026-06-06T12:22:50.0658715Z /usr/bin/tar: ../../../../../usr/local/lib/android/sdk/platforms/android-34-ext11/data/res/values-mcc310-mnc270-es-rUS: Cannot change mode to rwxr-xr-x: Operation not permitted
build	Cache Android SDK	2026-06-06T12:22:50.0661462Z /usr/bin/tar: ../../../../../usr/local/lib/android/sdk/platforms/android-34-ext11/data/res/values-es-rEC: Cannot utime: Operation not permitted
build	Cache Android SDK	2026-06-06T12:22:50.0661912Z /usr/bin/tar: ../../../../../usr/local/lib/android/sdk/platforms/android-34-ext11/data/res/values-es-rEC: Cannot change mode to rwxr-xr-x: Operation not permitted
build	Cache Android SDK	2026-06-06T12:22:50.0664256Z /usr/bin/tar: ../../../../../usr/local/lib/android/sdk/platforms/android-34-ext11/data/res/values-mcc311-mnc180-zu: Cannot utime: Operation not permitted
build	Cache Android SDK	2026-06-06T12:22:50.0664754Z /usr/bin/tar: ../../../../../usr/local/lib/android/sdk/platforms/android-34-ext11/data/res/values-mcc311-mnc180-zu: Cannot change mode to rwxr-xr-x: Operation not permitted
build	Cache Android SDK	2026-06-06T12:22:50.0668215Z /usr/bin/tar: ../../../../../usr/local/lib/android/sdk/platforms/android-34-ext11/data/res/values-mcc310-mnc240-hi: Cannot utime: Operation not permitted
build	Cache Android SDK	2026-06-06T12:22:50.0668695Z /usr/bin/tar: ../../../../../usr/local/lib/android/sdk/platforms/android-34-ext11/data/res/values-mcc310-mnc240-hi: Cannot change mode to rwxr-xr-x: Operation not permitted
build	Cache Android SDK	2026-06-06T12:22:50.0670790Z /usr/bin/tar: ../../../../../usr/local/lib/android/sdk/platforms/android-34-ext11/data/res/values-mcc334-mnc020-kk: Cannot utime: Operation not permitted
build	Cache Android SDK	2026-06-06T12:22:50.0671261Z /usr/bin/tar: ../../../../../usr/local/lib/android/sdk/platforms/android-34-ext11/data/res/values-mcc334-mnc020-kk: Cannot change mode to rwxr-xr-x: Operation not permitted
build	Cache Android SDK	2026-06-06T12:22:50.0673846Z /usr/bin/tar: ../../../../../usr/local/lib/android/sdk/platforms/android-34-ext11/data/res/values-mcc310-mnc240-in: Cannot utime: Operation not permitted
build	Cache Android SDK	2026-06-06T12:22:50.0674334Z /usr/bin/tar: ../../../../../usr/local/lib/android/sdk/platforms/android-34-ext11/data/res/values-mcc310-mnc240-in: Cannot change mode to rwxr-xr-x: Operation not permitted
build	Cache Android SDK	2026-06-06T12:22:50.0680397Z /usr/bin/tar: ../../../../../usr/local/lib/android/sdk/platforms/android-34-ext11/data/res/values-et: Cannot utime: Operation not permitted
build	Cache Android SDK	2026-06-06T12:22:50.0680828Z /usr/bin/tar: ../../../../../usr/local/lib/android/sdk/platforms/android-34-ext11/data/res/values-et: Cannot change mode to rwxr-xr-x: Operation not permitted
build	Cache Android SDK	2026-06-06T12:22:50.0683396Z /usr/bin/tar: ../../../../../usr/local/lib/android/sdk/platforms/android-34-ext11/data/res/values-mcc310-mnc220-da: Cannot utime: Operation not permitted
build	Cache Android SDK	2026-06-06T12:22:50.0683852Z /usr/bin/tar: ../../../../../usr/local/lib/android/sdk/platforms/android-34-ext11/data/res/values-mcc310-mnc220-da: Cannot change mode to rwxr-xr-x: Operation not permitted
build	Cache Android SDK	2026-06-06T12:22:50.0686743Z /usr/bin/tar: ../../../../../usr/local/lib/android/sdk/platforms/android-34-ext11/data/res/values-mcc310-mnc280-en-rGB: Cannot utime: Operation not permitted
build	Cache Android SDK	2026-06-06T12:22:50.0687234Z /usr/bin/tar: ../../../../../usr/local/lib/android/sdk/platforms/android-34-ext11/data/res/values-mcc310-mnc280-en-rGB: Cannot change mode to rwxr-xr-x: Operation not permitted
build	Cache Android SDK	2026-06-06T12:22:50.0691026Z /usr/bin/tar: ../../../../../usr/local/lib/android/sdk/platforms/android-34-ext11/data/res/layout-land: Cannot utime: Operation not permitted
build	Cache Android SDK	2026-06-06T12:22:50.0691460Z /usr/bin/tar: ../../../../../usr/local/lib/android/sdk/platforms/android-34-ext11/data/res/layout-land: Cannot change mode to rwxr-xr-x: Operation not permitted
build	Cache Android SDK	2026-06-06T12:22:50.0694506Z /usr/bin/tar: ../../../../../usr/local/lib/android/sdk/platforms/android-34-ext11/data/res/values-mcc310-mnc380-km: Cannot utime: Operation not permitted
build	Cache Android SDK	2026-06-06T12:22:50.0695044Z /usr/bin/tar: ../../../../../usr/local/lib/android/sdk/platforms/android-34-ext11/data/res/values-mcc310-mnc380-km: Cannot change mode to rwxr-xr-x: Operation not permitted
build	Cache Android SDK	2026-06-06T12:22:50.0697710Z /usr/bin/tar: ../../../../../usr/local/lib/android/sdk/platforms/android-34-ext11/data/res/values-mcc310-mnc270-da: Cannot utime: Operation not permitted
build	Cache Android SDK	2026-06-06T12:22:50.0698175Z /usr/bin/tar: ../../../../../usr/local/lib/android/sdk/platforms/android-34-ext11/data/res/values-mcc310-mnc270-da: Cannot change mode to rwxr-xr-x: Operation not permitted
build	Cache Android SDK	2026-06-06T12:22:50.0701986Z /usr/bin/tar: ../../../../../usr/local/lib/android/sdk/platforms/android-34-ext11/data/res/values-mcc310-mnc660-my: Cannot utime: Operation not permitted
build	Cache Android SDK	2026-06-06T12:22:50.0702450Z /usr/bin/tar: ../../../../../usr/local/lib/android/sdk/platforms/android-34-ext11/data/res/values-mcc310-mnc660-my: Cannot change mode to rwxr-xr-x: Operation not permitted
build	Cache Android SDK	2026-06-06T12:22:50.0705229Z /usr/bin/tar: ../../../../../usr/local/lib/android/sdk/platforms/android-34-ext11/data/res/values-mcc310-mnc280-et: Cannot utime: Operation not permitted
build	Cache Android SDK	2026-06-06T12:22:50.0705694Z /usr/bin/tar: ../../../../../usr/local/lib/android/sdk/platforms/android-34-ext11/data/res/values-mcc310-mnc280-et: Cannot change mode to rwxr-xr-x: Operation not permitted
build	Cache Android SDK	2026-06-06T12:22:50.0708705Z /usr/bin/tar: ../../../../../usr/local/lib/android/sdk/platforms/android-34-ext11/data/res/values-mcc310-mnc380-sv: Cannot utime: Operation not permitted
build	Cache Android SDK	2026-06-06T12:22:50.0709175Z /usr/bin/tar: ../../../../../usr/local/lib/android/sdk/platforms/android-34-ext11/data/res/values-mcc310-mnc380-sv: Cannot change mode to rwxr-xr-x: Operation not permitted
build	Cache Android SDK	2026-06-06T12:22:50.0712479Z /usr/bin/tar: ../../../../../usr/local/lib/android/sdk/platforms/android-34-ext11/data/res/values-mcc310-mnc250-be: Cannot utime: Operation not permitted
build	Cache Android SDK	2026-06-06T12:22:50.0712946Z /usr/bin/tar: ../../../../../usr/local/lib/android/sdk/platforms/android-34-ext11/data/res/values-mcc310-mnc250-be: Cannot change mode to rwxr-xr-x: Operation not permitted
build	Cache Android SDK	2026-06-06T12:22:50.0715664Z /usr/bin/tar: ../../../../../usr/local/lib/android/sdk/platforms/android-34-ext11/data/res/values-mcc310-mnc270-sq: Cannot utime: Operation not permitted
build	Cache Android SDK	2026-06-06T12:22:50.0716130Z /usr/bin/tar: ../../../../../usr/local/lib/android/sdk/platforms/android-34-ext11/data/res/values-mcc310-mnc270-sq: Cannot change mode to rwxr-xr-x: Operation not permitted
build	Cache Android SDK	2026-06-06T12:22:50.0718862Z /usr/bin/tar: ../../../../../usr/local/lib/android/sdk/platforms/android-34-ext11/data/res/values-mcc312-mnc670-km: Cannot utime: Operation not permitted
build	Cache Android SDK	2026-06-06T12:22:50.0719326Z /usr/bin/tar: ../../../../../usr/local/lib/android/sdk/platforms/android-34-ext11/data/res/values-mcc312-mnc670-km: Cannot change mode to rwxr-xr-x: Operation not permitted
build	Cache Android SDK	2026-06-06T12:22:50.0722096Z /usr/bin/tar: ../../../../../usr/local/lib/android/sdk/platforms/android-34-ext11/data/res/values-mcc310-mnc230-ur: Cannot utime: Operation not permitted
build	Cache Android SDK	2026-06-06T12:22:50.0722642Z /usr/bin/tar: ../../../../../usr/local/lib/android/sdk/platforms/android-34-ext11/data/res/values-mcc310-mnc230-ur: Cannot change mode to rwxr-xr-x: Operation not permitted
build	Cache Android SDK	2026-06-06T12:22:50.0725304Z /usr/bin/tar: ../../../../../usr/local/lib/android/sdk/platforms/android-34-ext11/data/res/values-mcc310-mnc950-mk: Cannot utime: Operation not permitted
build	Cache Android SDK	2026-06-06T12:22:50.0725992Z /usr/bin/tar: ../../../../../usr/local/lib/android/sdk/platforms/android-34-ext11/data/res/values-mcc310-mnc950-mk: Cannot change mode to rwxr-xr-x: Operation not permitted
build	Cache Android SDK	2026-06-06T12:22:50.0728803Z /usr/bin/tar: ../../../../../usr/local/lib/android/sdk/platforms/android-34-ext11/data/res/values-mcc310-mnc030-fr: Cannot utime: Operation not permitted
build	Cache Android SDK	2026-06-06T12:22:50.0729304Z /usr/bin/tar: ../../../../../usr/local/lib/android/sdk/platforms/android-34-ext11/data/res/values-mcc310-mnc030-fr: Cannot change mode to rwxr-xr-x: Operation not permitted
build	Cache Android SDK	2026-06-06T12:22:50.0731398Z /usr/bin/tar: ../../../../../usr/local/lib/android/sdk/platforms/android-34-ext11/data/res/values-mcc310-mnc490-az: Cannot utime: Operation not permitted
build	Cache Android SDK	2026-06-06T12:22:50.0731972Z /usr/bin/tar: ../../../../../usr/local/lib/android/sdk/platforms/android-34-ext11/data/res/values-mcc310-mnc490-az: Cannot change mode to rwxr-xr-x: Operation not permitted
build	Cache Android SDK	2026-06-06T12:22:50.0734266Z /usr/bin/tar: ../../../../../usr/local/lib/android/sdk/platforms/android-34-ext11/data/res/values-mcc310-mnc200-es: Cannot utime: Operation not permitted
build	Cache Android SDK	2026-06-06T12:22:50.0734734Z /usr/bin/tar: ../../../../../usr/local/lib/android/sdk/platforms/android-34-ext11/data/res/values-mcc310-mnc200-es: Cannot change mode to rwxr-xr-x: Operation not permitted
build	Cache Android SDK	2026-06-06T12:22:50.0737588Z /usr/bin/tar: ../../../../../usr/local/lib/android/sdk/platforms/android-34-ext11/data/res/values-mcc310-mnc250-mk: Cannot utime: Operation not permitted
build	Cache Android SDK	2026-06-06T12:22:50.0738176Z /usr/bin/tar: ../../../../../usr/local/lib/android/sdk/platforms/android-34-ext11/data/res/values-mcc310-mnc250-mk: Cannot change mode to rwxr-xr-x: Operation not permitted
build	Cache Android SDK	2026-06-06T12:22:50.0740806Z /usr/bin/tar: ../../../../../usr/local/lib/android/sdk/platforms/android-34-ext11/data/res/values-nb-rNO: Cannot utime: Operation not permitted
build	Cache Android SDK	2026-06-06T12:22:50.0741330Z /usr/bin/tar: ../../../../../usr/local/lib/android/sdk/platforms/android-34-ext11/data/res/values-nb-rNO: Cannot change mode to rwxr-xr-x: Operation not permitted
build	Cache Android SDK	2026-06-06T12:22:50.0743759Z /usr/bin/tar: ../../../../../usr/local/lib/android/sdk/platforms/android-34-ext11/data/res/values-mcc310-mnc950-my: Cannot utime: Operation not permitted
build	Cache Android SDK	2026-06-06T12:22:50.0744225Z /usr/bin/tar: ../../../../../usr/local/lib/android/sdk/platforms/android-34-ext11/data/res/values-mcc310-mnc950-my: Cannot change mode to rwxr-xr-x: Operation not permitted
build	Cache Android SDK	2026-06-06T12:22:50.0747754Z /usr/bin/tar: ../../../../../usr/local/lib/android/sdk/platforms/android-34-ext11/data/res/values-mcc001-mnc01-lo: Cannot utime: Operation not permitted
build	Cache Android SDK	2026-06-06T12:22:50.0748436Z /usr/bin/tar: ../../../../../usr/local/lib/android/sdk/platforms/android-34-ext11/data/res/values-mcc001-mnc01-lo: Cannot change mode to rwxr-xr-x: Operation not permitted
build	Cache Android SDK	2026-06-06T12:22:50.0750796Z /usr/bin/tar: ../../../../../usr/local/lib/android/sdk/platforms/android-34-ext11/data/res/values-mcc302-mnc370-ta: Cannot utime: Operation not permitted
build	Cache Android SDK	2026-06-06T12:22:50.0751267Z /usr/bin/tar: ../../../../../usr/local/lib/android/sdk/platforms/android-34-ext11/data/res/values-mcc302-mnc370-ta: Cannot change mode to rwxr-xr-x: Operation not permitted
build	Cache Android SDK	2026-06-06T12:22:50.0753854Z /usr/bin/tar: ../../../../../usr/local/lib/android/sdk/platforms/android-34-ext11/data/res/values-mcc310-mnc220-pt: Cannot utime: Operation not permitted
build	Cache Android SDK	2026-06-06T12:22:50.0754321Z /usr/bin/tar: ../../../../../usr/local/lib/android/sdk/platforms/android-34-ext11/data/res/values-mcc310-mnc220-pt: Cannot change mode to rwxr-xr-x: Operation not permitted
build	Cache Android SDK	2026-06-06T12:22:50.0757503Z /usr/bin/tar: ../../../../../usr/local/lib/android/sdk/platforms/android-34-ext11/data/res/values-mcc310-mnc800-bg: Cannot utime: Operation not permitted
build	Cache Android SDK	2026-06-06T12:22:50.0758117Z /usr/bin/tar: ../../../../../usr/local/lib/android/sdk/platforms/android-34-ext11/data/res/values-mcc310-mnc800-bg: Cannot change mode to rwxr-xr-x: Operation not permitted
build	Cache Android SDK	2026-06-06T12:22:50.0760450Z /usr/bin/tar: ../../../../../usr/local/lib/android/sdk/platforms/android-34-ext11/data/res/values-rm-rCH: Cannot utime: Operation not permitted
build	Cache Android SDK	2026-06-06T12:22:50.0760887Z /usr/bin/tar: ../../../../../usr/local/lib/android/sdk/platforms/android-34-ext11/data/res/values-rm-rCH: Cannot change mode to rwxr-xr-x: Operation not permitted
build	Cache Android SDK	2026-06-06T12:22:50.0764614Z /usr/bin/tar: ../../../../../usr/local/lib/android/sdk/platforms/android-34-ext11/data/res/values-mcc310-mnc270-af: Cannot utime: Operation not permitted
build	Cache Android SDK	2026-06-06T12:22:50.0765107Z /usr/bin/tar: ../../../../../usr/local/lib/android/sdk/platforms/android-34-ext11/data/res/values-mcc310-mnc270-af: Cannot change mode to rwxr-xr-x: Operation not permitted
build	Cache Android SDK	2026-06-06T12:22:50.0767756Z /usr/bin/tar: ../../../../../usr/local/lib/android/sdk/platforms/android-34-ext11/data/res/values-mcc310-mnc270-gu: Cannot utime: Operation not permitted
build	Cache Android SDK	2026-06-06T12:22:50.0768298Z /usr/bin/tar: ../../../../../usr/local/lib/android/sdk/platforms/android-34-ext11/data/res/values-mcc310-mnc270-gu: Cannot change mode to rwxr-xr-x: Operation not permitted
build	Cache Android SDK	2026-06-06T12:22:50.0770469Z /usr/bin/tar: ../../../../../usr/local/lib/android/sdk/platforms/android-34-ext11/data/res/values-mcc310-mnc380-en-rCA: Cannot utime: Operation not permitted
build	Cache Android SDK	2026-06-06T12:22:50.0770967Z /usr/bin/tar: ../../../../../usr/local/lib/android/sdk/platforms/android-34-ext11/data/res/values-mcc310-mnc380-en-rCA: Cannot change mode to rwxr-xr-x: Operation not permitted
build	Cache Android SDK	2026-06-06T12:22:50.0773272Z /usr/bin/tar: ../../../../../usr/local/lib/android/sdk/platforms/android-34-ext11/data/res/values-mcc310-mnc270: Cannot utime: Operation not permitted
build	Cache Android SDK	2026-06-06T12:22:50.0773759Z /usr/bin/tar: ../../../../../usr/local/lib/android/sdk/platforms/android-34-ext11/data/res/values-mcc310-mnc270: Cannot change mode to rwxr-xr-x: Operation not permitted
build	Cache Android SDK	2026-06-06T12:22:50.0775981Z /usr/bin/tar: ../../../../../usr/local/lib/android/sdk/platforms/android-34-ext11/data/res/mipmap-watch-anydpi: Cannot utime: Operation not permitted
build	Cache Android SDK	2026-06-06T12:22:50.0776451Z /usr/bin/tar: ../../../../../usr/local/lib/android/sdk/platforms/android-34-ext11/data/res/mipmap-watch-anydpi: Cannot change mode to rwxr-xr-x: Operation not permitted
build	Cache Android SDK	2026-06-06T12:22:50.0779256Z /usr/bin/tar: ../../../../../usr/local/lib/android/sdk/platforms/android-34-ext11/data/res/values-sq-television: Cannot utime: Operation not permitted
build	Cache Android SDK	2026-06-06T12:22:50.0779738Z /usr/bin/tar: ../../../../../usr/local/lib/android/sdk/platforms/android-34-ext11/data/res/values-sq-television: Cannot change mode to rwxr-xr-x: Operation not permitted
build	Cache Android SDK	2026-06-06T12:22:50.0781913Z /usr/bin/tar: ../../../../../usr/local/lib/android/sdk/platforms/android-34-ext11/data/res/values-mcc310-mnc030-en-rCA: Cannot utime: Operation not permitted
build	Cache Android SDK	2026-06-06T12:22:50.0782539Z /usr/bin/tar: ../../../../../usr/local/lib/android/sdk/platforms/android-34-ext11/data/res/values-mcc310-mnc030-en-rCA: Cannot change mode to rwxr-xr-x: Operation not permitted
build	Cache Android SDK	2026-06-06T12:22:50.0785057Z /usr/bin/tar: ../../../../../usr/local/lib/android/sdk/platforms/android-34-ext11/data/res/values-mcc001-mnc01-in: Cannot utime: Operation not permitted
build	Cache Android SDK	2026-06-06T12:22:50.0785543Z /usr/bin/tar: ../../../../../usr/local/lib/android/sdk/platforms/android-34-ext11/data/res/values-mcc001-mnc01-in: Cannot change mode to rwxr-xr-x: Operation not permitted
build	Cache Android SDK	2026-06-06T12:22:50.0788138Z /usr/bin/tar: ../../../../../usr/local/lib/android/sdk/platforms/android-34-ext11/data/res/values-mcc310-mnc800-zh-rHK: Cannot utime: Operation not permitted
build	Cache Android SDK	2026-06-06T12:22:50.0788625Z /usr/bin/tar: ../../../../../usr/local/lib/android/sdk/platforms/android-34-ext11/data/res/values-mcc310-mnc800-zh-rHK: Cannot change mode to rwxr-xr-x: Operation not permitted
build	Cache Android SDK	2026-06-06T12:22:50.0791412Z /usr/bin/tar: ../../../../../usr/local/lib/android/sdk/platforms/android-34-ext11/data/res/values-mcc310-mnc170-nb: Cannot utime: Operation not permitted
build	Cache Android SDK	2026-06-06T12:22:50.0791895Z /usr/bin/tar: ../../../../../usr/local/lib/android/sdk/platforms/android-34-ext11/data/res/values-mcc310-mnc170-nb: Cannot change mode to rwxr-xr-x: Operation not permitted
build	Cache Android SDK	2026-06-06T12:22:50.0794572Z /usr/bin/tar: ../../../../../usr/local/lib/android/sdk/platforms/android-34-ext11/data/res/values-mcc311-mnc180-hu: Cannot utime: Operation not permitted
build	Cache Android SDK	2026-06-06T12:22:50.0795045Z /usr/bin/tar: ../../../../../usr/local/lib/android/sdk/platforms/android-34-ext11/data/res/values-mcc311-mnc180-hu: Cannot change mode to rwxr-xr-x: Operation not permitted
build	Cache Android SDK	2026-06-06T12:22:50.0799253Z /usr/bin/tar: ../../../../../usr/local/lib/android/sdk/platforms/android-34-ext11/data/res/values-mcc310-mnc210-sv: Cannot utime: Operation not permitted
build	Cache Android SDK	2026-06-06T12:22:50.0800296Z /usr/bin/tar: ../../../../../usr/local/lib/android/sdk/platforms/android-34-ext11/data/res/values-mcc310-mnc210-sv: Cannot change mode to rwxr-xr-x: Operation not permitted
build	Cache Android SDK	2026-06-06T12:22:50.0802727Z /usr/bin/tar: ../../../../../usr/local/lib/android/sdk/platforms/android-34-ext11/data/res/values-mcc310-mnc280-be: Cannot utime: Operation not permitted
build	Cache Android SDK	2026-06-06T12:22:50.0803810Z /usr/bin/tar: ../../../../../usr/local/lib/android/sdk/platforms/android-34-ext11/data/res/values-mcc310-mnc280-be: Cannot change mode to rwxr-xr-x: Operation not permitted
build	Cache Android SDK	2026-06-06T12:22:50.0806273Z /usr/bin/tar: ../../../../../usr/local/lib/android/sdk/platforms/android-34-ext11/data/res/values-mcc310-mnc220-en-rGB: Cannot utime: Operation not permitted
build	Cache Android SDK	2026-06-06T12:22:50.0807487Z /usr/bin/tar: ../../../../../usr/local/lib/android/sdk/platforms/android-34-ext11/data/res/values-mcc310-mnc220-en-rGB: Cannot change mode to rwxr-xr-x: Operation not permitted
build	Cache Android SDK	2026-06-06T12:22:50.0809583Z /usr/bin/tar: ../../../../../usr/local/lib/android/sdk/platforms/android-34-ext11/data/res/values-mcc310-mnc950-el: Cannot utime: Operation not permitted
build	Cache Android SDK	2026-06-06T12:22:50.0810621Z /usr/bin/tar: ../../../../../usr/local/lib/android/sdk/platforms/android-34-ext11/data/res/values-mcc310-mnc950-el: Cannot change mode to rwxr-xr-x: Operation not permitted
build	Cache Android SDK	2026-06-06T12:22:50.0812595Z /usr/bin/tar: ../../../../../usr/local/lib/android/sdk/platforms/android-34-ext11/data/res/values-mcc310-mnc220-gu: Cannot utime: Operation not permitted
build	Cache Android SDK	2026-06-06T12:22:50.0813530Z /usr/bin/tar: ../../../../../usr/local/lib/android/sdk/platforms/android-34-ext11/data/res/values-mcc310-mnc220-gu: Cannot change mode to rwxr-xr-x: Operation not permitted
build	Cache Android SDK	2026-06-06T12:22:50.0816181Z /usr/bin/tar: ../../../../../usr/local/lib/android/sdk/platforms/android-34-ext11/data/res/values-mcc310-mnc590: Cannot utime: Operation not permitted
build	Cache Android SDK	2026-06-06T12:22:50.0817270Z /usr/bin/tar: ../../../../../usr/local/lib/android/sdk/platforms/android-34-ext11/data/res/values-mcc310-mnc590: Cannot change mode to rwxr-xr-x: Operation not permitted
build	Cache Android SDK	2026-06-06T12:22:50.0819785Z /usr/bin/tar: ../../../../../usr/local/lib/android/sdk/platforms/android-34-ext11/data/res/values-mcc310-mnc800-tr: Cannot utime: Operation not permitted
build	Cache Android SDK	2026-06-06T12:22:50.0820319Z /usr/bin/tar: ../../../../../usr/local/lib/android/sdk/platforms/android-34-ext11/data/res/values-mcc310-mnc800-tr: Cannot change mode to rwxr-xr-x: Operation not permitted
build	Cache Android SDK	2026-06-06T12:22:50.0823002Z /usr/bin/tar: ../../../../../usr/local/lib/android/sdk/platforms/android-34-ext11/data/res/values-mcc310-mnc800-fr-rCA: Cannot utime: Operation not permitted
build	Cache Android SDK	2026-06-06T12:22:50.0823510Z /usr/bin/tar: ../../../../../usr/local/lib/android/sdk/platforms/android-34-ext11/data/res/values-mcc310-mnc800-fr-rCA: Cannot change mode to rwxr-xr-x: Operation not permitted
build	Cache Android SDK	2026-06-06T12:22:50.0826092Z /usr/bin/tar: ../../../../../usr/local/lib/android/sdk/platforms/android-34-ext11/data/res/values-mcc310-mnc250-ml: Cannot utime: Operation not permitted
build	Cache Android SDK	2026-06-06T12:22:50.0826711Z /usr/bin/tar: ../../../../../usr/local/lib/android/sdk/platforms/android-34-ext11/data/res/values-mcc310-mnc250-ml: Cannot change mode to rwxr-xr-x: Operation not permitted
build	Cache Android SDK	2026-06-06T12:22:50.0829611Z /usr/bin/tar: ../../../../../usr/local/lib/android/sdk/platforms/android-34-ext11/data/res/values-mcc310-mnc220-ar: Cannot utime: Operation not permitted
build	Cache Android SDK	2026-06-06T12:22:50.0830555Z /usr/bin/tar: ../../../../../usr/local/lib/android/sdk/platforms/android-34-ext11/data/res/values-mcc310-mnc220-ar: Cannot change mode to rwxr-xr-x: Operation not permitted
build	Cache Android SDK	2026-06-06T12:22:50.0832756Z /usr/bin/tar: ../../../../../usr/local/lib/android/sdk/platforms/android-34-ext11/data/res/values-mcc334-mnc030: Cannot utime: Operation not permitted
build	Cache Android SDK	2026-06-06T12:22:50.0833224Z /usr/bin/tar: ../../../../../usr/local/lib/android/sdk/platforms/android-34-ext11/data/res/values-mcc334-mnc030: Cannot change mode to rwxr-xr-x: Operation not permitted
build	Cache Android SDK	2026-06-06T12:22:50.0836057Z /usr/bin/tar: ../../../../../usr/local/lib/android/sdk/platforms/android-34-ext11/data/res/values-mcc312-mnc670-lv: Cannot utime: Operation not permitted
build	Cache Android SDK	2026-06-06T12:22:50.0836640Z /usr/bin/tar: ../../../../../usr/local/lib/android/sdk/platforms/android-34-ext11/data/res/values-mcc312-mnc670-lv: Cannot change mode to rwxr-xr-x: Operation not permitted
build	Cache Android SDK	2026-06-06T12:22:50.0839417Z /usr/bin/tar: ../../../../../usr/local/lib/android/sdk/platforms/android-34-ext11/data/res/values-mcc310-mnc220-lo: Cannot utime: Operation not permitted
build	Cache Android SDK	2026-06-06T12:22:50.0839876Z /usr/bin/tar: ../../../../../usr/local/lib/android/sdk/platforms/android-34-ext11/data/res/values-mcc310-mnc220-lo: Cannot change mode to rwxr-xr-x: Operation not permitted
build	Cache Android SDK	2026-06-06T12:22:50.0842995Z /usr/bin/tar: ../../../../../usr/local/lib/android/sdk/platforms/android-34-ext11/data/res/values-mcc310-mnc230-pt-rBR: Cannot utime: Operation not permitted
build	Cache Android SDK	2026-06-06T12:22:50.0843488Z /usr/bin/tar: ../../../../../usr/local/lib/android/sdk/platforms/android-34-ext11/data/res/values-mcc310-mnc230-pt-rBR: Cannot change mode to rwxr-xr-x: Operation not permitted
build	Cache Android SDK	2026-06-06T12:22:50.0846246Z /usr/bin/tar: ../../../../../usr/local/lib/android/sdk/platforms/android-34-ext11/data/res/values-mcc310-mnc380: Cannot utime: Operation not permitted
build	Cache Android SDK	2026-06-06T12:22:50.0846782Z /usr/bin/tar: ../../../../../usr/local/lib/android/sdk/platforms/android-34-ext11/data/res/values-mcc310-mnc380: Cannot change mode to rwxr-xr-x: Operation not permitted
build	Cache Android SDK	2026-06-06T12:22:50.0849729Z /usr/bin/tar: ../../../../../usr/local/lib/android/sdk/platforms/android-34-ext11/data/res/values-mcc310-mnc170-pt: Cannot utime: Operation not permitted
build	Cache Android SDK	2026-06-06T12:22:50.0850210Z /usr/bin/tar: ../../../../../usr/local/lib/android/sdk/platforms/android-34-ext11/data/res/values-mcc310-mnc170-pt: Cannot change mode to rwxr-xr-x: Operation not permitted
build	Cache Android SDK	2026-06-06T12:22:50.0852706Z /usr/bin/tar: ../../../../../usr/local/lib/android/sdk/platforms/android-34-ext11/data/res/values-mcc311-mnc180-ne: Cannot utime: Operation not permitted
build	Cache Android SDK	2026-06-06T12:22:50.0853246Z /usr/bin/tar: ../../../../../usr/local/lib/android/sdk/platforms/android-34-ext11/data/res/values-mcc311-mnc180-ne: Cannot change mode to rwxr-xr-x: Operation not permitted
build	Cache Android SDK	2026-06-06T12:22:50.0856190Z /usr/bin/tar: ../../../../../usr/local/lib/android/sdk/platforms/android-34-ext11/data/res/values-bs-television: Cannot utime: Operation not permitted
build	Cache Android SDK	2026-06-06T12:22:50.0856720Z /usr/bin/tar: ../../../../../usr/local/lib/android/sdk/platforms/android-34-ext11/data/res/values-bs-television: Cannot change mode to rwxr-xr-x: Operation not permitted
build	Cache Android SDK	2026-06-06T12:22:50.0859324Z /usr/bin/tar: ../../../../../usr/local/lib/android/sdk/platforms/android-34-ext11/data/res/values-mcc310-mnc270-ru: Cannot utime: Operation not permitted
build	Cache Android SDK	2026-06-06T12:22:50.0859800Z /usr/bin/tar: ../../../../../usr/local/lib/android/sdk/platforms/android-34-ext11/data/res/values-mcc310-mnc270-ru: Cannot change mode to rwxr-xr-x: Operation not permitted
build	Cache Android SDK	2026-06-06T12:22:50.0862501Z /usr/bin/tar: ../../../../../usr/local/lib/android/sdk/platforms/android-34-ext11/data/res/values-mcc310-mnc220-sk: Cannot utime: Operation not permitted
build	Cache Android SDK	2026-06-06T12:22:50.0863064Z /usr/bin/tar: ../../../../../usr/local/lib/android/sdk/platforms/android-34-ext11/data/res/values-mcc310-mnc220-sk: Cannot change mode to rwxr-xr-x: Operation not permitted
build	Cache Android SDK	2026-06-06T12:22:50.0866013Z /usr/bin/tar: ../../../../../usr/local/lib/android/sdk/platforms/android-34-ext11/data/res/values-mcc310-mnc150: Cannot utime: Operation not permitted
build	Cache Android SDK	2026-06-06T12:22:50.0866475Z /usr/bin/tar: ../../../../../usr/local/lib/android/sdk/platforms/android-34-ext11/data/res/values-mcc310-mnc150: Cannot change mode to rwxr-xr-x: Operation not permitted
build	Cache Android SDK	2026-06-06T12:22:50.0869944Z /usr/bin/tar: ../../../../../usr/local/lib/android/sdk/platforms/android-34-ext11/data/res/values-mcc310-mnc410-sv: Cannot utime: Operation not permitted
build	Cache Android SDK	2026-06-06T12:22:50.0870413Z /usr/bin/tar: ../../../../../usr/local/lib/android/sdk/platforms/android-34-ext11/data/res/values-mcc310-mnc410-sv: Cannot change mode to rwxr-xr-x: Operation not permitted
build	Cache Android SDK	2026-06-06T12:22:50.0875694Z /usr/bin/tar: ../../../../../usr/local/lib/android/sdk/platforms/android-34-ext11/data/res/values-mcc310-mnc210-lv: Cannot utime: Operation not permitted
build	Cache Android SDK	2026-06-06T12:22:50.0876174Z /usr/bin/tar: ../../../../../usr/local/lib/android/sdk/platforms/android-34-ext11/data/res/values-mcc310-mnc210-lv: Cannot change mode to rwxr-xr-x: Operation not permitted
build	Cache Android SDK	2026-06-06T12:22:50.0879017Z /usr/bin/tar: ../../../../../usr/local/lib/android/sdk/platforms/android-34-ext11/data/res/values-mcc310-mnc280-sv: Cannot utime: Operation not permitted
build	Cache Android SDK	2026-06-06T12:22:50.0879479Z /usr/bin/tar: ../../../../../usr/local/lib/android/sdk/platforms/android-34-ext11/data/res/values-mcc310-mnc280-sv: Cannot change mode to rwxr-xr-x: Operation not permitted
build	Cache Android SDK	2026-06-06T12:22:50.0882090Z /usr/bin/tar: ../../../../../usr/local/lib/android/sdk/platforms/android-34-ext11/data/res/values-mcc310-mnc660-ar: Cannot utime: Operation not permitted
build	Cache Android SDK	2026-06-06T12:22:50.0882575Z /usr/bin/tar: ../../../../../usr/local/lib/android/sdk/platforms/android-34-ext11/data/res/values-mcc310-mnc660-ar: Cannot change mode to rwxr-xr-x: Operation not permitted
build	Cache Android SDK	2026-06-06T12:22:50.0889440Z /usr/bin/tar: ../../../../../usr/local/lib/android/sdk/platforms/android-34-ext11/data/res/values-sw: Cannot utime: Operation not permitted
build	Cache Android SDK	2026-06-06T12:22:50.0889891Z /usr/bin/tar: ../../../../../usr/local/lib/android/sdk/platforms/android-34-ext11/data/res/values-sw: Cannot change mode to rwxr-xr-x: Operation not permitted
build	Cache Android SDK	2026-06-06T12:22:50.0892570Z /usr/bin/tar: ../../../../../usr/local/lib/android/sdk/platforms/android-34-ext11/data/res/values-mcc313-mnc100-ne: Cannot utime: Operation not permitted
build	Cache Android SDK	2026-06-06T12:22:50.0893277Z /usr/bin/tar: ../../../../../usr/local/lib/android/sdk/platforms/android-34-ext11/data/res/values-mcc313-mnc100-ne: Cannot change mode to rwxr-xr-x: Operation not permitted
build	Cache Android SDK	2026-06-06T12:22:50.0895237Z /usr/bin/tar: ../../../../../usr/local/lib/android/sdk/platforms/android-34-ext11/data/res/values-mcc310-mnc200-zh-rHK: Cannot utime: Operation not permitted
build	Cache Android SDK	2026-06-06T12:22:50.0895880Z /usr/bin/tar: ../../../../../usr/local/lib/android/sdk/platforms/android-34-ext11/data/res/values-mcc310-mnc200-zh-rHK: Cannot change mode to rwxr-xr-x: Operation not permitted
build	Cache Android SDK	2026-06-06T12:22:50.0899232Z /usr/bin/tar: ../../../../../usr/local/lib/android/sdk/platforms/android-34-ext11/data/res/values-mcc310-mnc310-mn: Cannot utime: Operation not permitted
build	Cache Android SDK	2026-06-06T12:22:50.0899720Z /usr/bin/tar: ../../../../../usr/local/lib/android/sdk/platforms/android-34-ext11/data/res/values-mcc310-mnc310-mn: Cannot change mode to rwxr-xr-x: Operation not permitted
build	Cache Android SDK	2026-06-06T12:22:50.0902330Z /usr/bin/tar: ../../../../../usr/local/lib/android/sdk/platforms/android-34-ext11/data/res/values-mcc311-mnc180-th: Cannot utime: Operation not permitted
build	Cache Android SDK	2026-06-06T12:22:50.0902816Z /usr/bin/tar: ../../../../../usr/local/lib/android/sdk/platforms/android-34-ext11/data/res/values-mcc311-mnc180-th: Cannot change mode to rwxr-xr-x: Operation not permitted
build	Cache Android SDK	2026-06-06T12:22:50.0907779Z /usr/bin/tar: ../../../../../usr/local/lib/android/sdk/platforms/android-34-ext11/data/res/values-mcc311-mnc180-fr-rCA: Cannot utime: Operation not permitted
build	Cache Android SDK	2026-06-06T12:22:50.0909706Z /usr/bin/tar: ../../../../../usr/local/lib/android/sdk/platforms/android-34-ext11/data/res/values-mcc311-mnc180-fr-rCA: Cannot change mode to rwxr-xr-x: Operation not permitted
build	Cache Android SDK	2026-06-06T12:22:50.0911505Z /usr/bin/tar: ../../../../../usr/local/lib/android/sdk/platforms/android-34-ext11/data/res/values-sl-rSI: Cannot utime: Operation not permitted
build	Cache Android SDK	2026-06-06T12:22:50.0913418Z /usr/bin/tar: ../../../../../usr/local/lib/android/sdk/platforms/android-34-ext11/data/res/values-sl-rSI: Cannot change mode to rwxr-xr-x: Operation not permitted
build	Cache Android SDK	2026-06-06T12:22:50.0915404Z /usr/bin/tar: ../../../../../usr/local/lib/android/sdk/platforms/android-34-ext11/data/res/values-ja-rJP: Cannot utime: Operation not permitted
build	Cache Android SDK	2026-06-06T12:22:50.0917287Z /usr/bin/tar: ../../../../../usr/local/lib/android/sdk/platforms/android-34-ext11/data/res/values-ja-rJP: Cannot change mode to rwxr-xr-x: Operation not permitted
build	Cache Android SDK	2026-06-06T12:22:50.0919601Z /usr/bin/tar: ../../../../../usr/local/lib/android/sdk/platforms/android-34-ext11/data/res/values-mcc313-mnc100-uz: Cannot utime: Operation not permitted
build	Cache Android SDK	2026-06-06T12:22:50.0921495Z /usr/bin/tar: ../../../../../usr/local/lib/android/sdk/platforms/android-34-ext11/data/res/values-mcc313-mnc100-uz: Cannot change mode to rwxr-xr-x: Operation not permitted
build	Cache Android SDK	2026-06-06T12:22:50.0922870Z /usr/bin/tar: ../../../../../usr/local/lib/android/sdk/platforms/android-34-ext11/data/res/values-mcc310-mnc230-vi: Cannot utime: Operation not permitted
build	Cache Android SDK	2026-06-06T12:22:50.0923905Z /usr/bin/tar: ../../../../../usr/local/lib/android/sdk/platforms/android-34-ext11/data/res/values-mcc310-mnc230-vi: Cannot change mode to rwxr-xr-x: Operation not permitted
build	Cache Android SDK	2026-06-06T12:22:50.0924932Z /usr/bin/tar: ../../../../../usr/local/lib/android/sdk/platforms/android-34-ext11/data/res/values-mcc310-mnc560-iw: Cannot utime: Operation not permitted
build	Cache Android SDK	2026-06-06T12:22:50.0926339Z /usr/bin/tar: ../../../../../usr/local/lib/android/sdk/platforms/android-34-ext11/data/res/values-mcc310-mnc560-iw: Cannot change mode to rwxr-xr-x: Operation not permitted
build	Cache Android SDK	2026-06-06T12:22:50.0927545Z /usr/bin/tar: ../../../../../usr/local/lib/android/sdk/platforms/android-34-ext11/data/res/values-mcc310-mnc170-sv: Cannot utime: Operation not permitted
build	Cache Android SDK	2026-06-06T12:22:50.0928593Z /usr/bin/tar: ../../../../../usr/local/lib/android/sdk/platforms/android-34-ext11/data/res/values-mcc310-mnc170-sv: Cannot change mode to rwxr-xr-x: Operation not permitted
build	Cache Android SDK	2026-06-06T12:22:50.0930352Z /usr/bin/tar: ../../../../../usr/local/lib/android/sdk/platforms/android-34-ext11/data/res/values-mcc310-mnc260: Cannot utime: Operation not permitted
build	Cache Android SDK	2026-06-06T12:22:50.0931652Z /usr/bin/tar: ../../../../../usr/local/lib/android/sdk/platforms/android-34-ext11/data/res/values-mcc310-mnc260: Cannot change mode to rwxr-xr-x: Operation not permitted
build	Cache Android SDK	2026-06-06T12:22:50.0933540Z /usr/bin/tar: ../../../../../usr/local/lib/android/sdk/platforms/android-34-ext11/data/res/values-mcc302-mnc720-mr: Cannot utime: Operation not permitted
build	Cache Android SDK	2026-06-06T12:22:50.0934693Z /usr/bin/tar: ../../../../../usr/local/lib/android/sdk/platforms/android-34-ext11/data/res/values-mcc302-mnc720-mr: Cannot change mode to rwxr-xr-x: Operation not permitted
build	Cache Android SDK	2026-06-06T12:22:50.0936024Z /usr/bin/tar: ../../../../../usr/local/lib/android/sdk/platforms/android-34-ext11/data/res/values-mcc310-mnc210-lo: Cannot utime: Operation not permitted
build	Cache Android SDK	2026-06-06T12:22:50.0936962Z /usr/bin/tar: ../../../../../usr/local/lib/android/sdk/platforms/android-34-ext11/data/res/values-mcc310-mnc210-lo: Cannot change mode to rwxr-xr-x: Operation not permitted
build	Cache Android SDK	2026-06-06T12:22:50.0938585Z /usr/bin/tar: ../../../../../usr/local/lib/android/sdk/platforms/android-34-ext11/data/res/values-mcc310-mnc150-af: Cannot utime: Operation not permitted
build	Cache Android SDK	2026-06-06T12:22:50.0939998Z /usr/bin/tar: ../../../../../usr/local/lib/android/sdk/platforms/android-34-ext11/data/res/values-mcc310-mnc150-af: Cannot change mode to rwxr-xr-x: Operation not permitted
build	Cache Android SDK	2026-06-06T12:22:50.0943349Z /usr/bin/tar: ../../../../../usr/local/lib/android/sdk/platforms/android-34-ext11/data/res/layout-car: Cannot utime: Operation not permitted
build	Cache Android SDK	2026-06-06T12:22:50.0944241Z /usr/bin/tar: ../../../../../usr/local/lib/android/sdk/platforms/android-34-ext11/data/res/layout-car: Cannot change mode to rwxr-xr-x: Operation not permitted
build	Cache Android SDK	2026-06-06T12:22:50.0946548Z /usr/bin/tar: ../../../../../usr/local/lib/android/sdk/platforms/android-34-ext11/data/res/values-mcc310-mnc270-iw: Cannot utime: Operation not permitted
build	Cache Android SDK	2026-06-06T12:22:50.0947821Z /usr/bin/tar: ../../../../../usr/local/lib/android/sdk/platforms/android-34-ext11/data/res/values-mcc310-mnc270-iw: Cannot change mode to rwxr-xr-x: Operation not permitted
build	Cache Android SDK	2026-06-06T12:22:50.0949847Z /usr/bin/tar: ../../../../../usr/local/lib/android/sdk/platforms/android-34-ext11/data/res/values-mcc310-mnc660-ne: Cannot utime: Operation not permitted
build	Cache Android SDK	2026-06-06T12:22:50.0950906Z /usr/bin/tar: ../../../../../usr/local/lib/android/sdk/platforms/android-34-ext11/data/res/values-mcc310-mnc660-ne: Cannot change mode to rwxr-xr-x: Operation not permitted
build	Cache Android SDK	2026-06-06T12:22:50.0952734Z /usr/bin/tar: ../../../../../usr/local/lib/android/sdk/platforms/android-34-ext11/data/res/values-sw-rTZ: Cannot utime: Operation not permitted
build	Cache Android SDK	2026-06-06T12:22:50.0953638Z /usr/bin/tar: ../../../../../usr/local/lib/android/sdk/platforms/android-34-ext11/data/res/values-sw-rTZ: Cannot change mode to rwxr-xr-x: Operation not permitted
build	Cache Android SDK	2026-06-06T12:22:50.0955702Z /usr/bin/tar: ../../../../../usr/local/lib/android/sdk/platforms/android-34-ext11/data/res/values-mcc310-mnc160-zu: Cannot utime: Operation not permitted
build	Cache Android SDK	2026-06-06T12:22:50.0956657Z /usr/bin/tar: ../../../../../usr/local/lib/android/sdk/platforms/android-34-ext11/data/res/values-mcc310-mnc160-zu: Cannot change mode to rwxr-xr-x: Operation not permitted
build	Cache Android SDK	2026-06-06T12:22:50.0959704Z /usr/bin/tar: ../../../../../usr/local/lib/android/sdk/platforms/android-34-ext11/data/res/values-mcc334-mnc020-ne: Cannot utime: Operation not permitted
build	Cache Android SDK	2026-06-06T12:22:50.0960752Z /usr/bin/tar: ../../../../../usr/local/lib/android/sdk/platforms/android-34-ext11/data/res/values-mcc334-mnc020-ne: Cannot change mode to rwxr-xr-x: Operation not permitted
build	Cache Android SDK	2026-06-06T12:22:50.0962883Z /usr/bin/tar: ../../../../../usr/local/lib/android/sdk/platforms/android-34-ext11/data/res/values-mcc302-mnc720-ro: Cannot utime: Operation not permitted
build	Cache Android SDK	2026-06-06T12:22:50.0963849Z /usr/bin/tar: ../../../../../usr/local/lib/android/sdk/platforms/android-34-ext11/data/res/values-mcc302-mnc720-ro: Cannot change mode to rwxr-xr-x: Operation not permitted
build	Cache Android SDK	2026-06-06T12:22:50.0966343Z /usr/bin/tar: ../../../../../usr/local/lib/android/sdk/platforms/android-34-ext11/data/res/values-mcc310-mnc490-en-rGB: Cannot utime: Operation not permitted
build	Cache Android SDK	2026-06-06T12:22:50.0968370Z /usr/bin/tar: ../../../../../usr/local/lib/android/sdk/platforms/android-34-ext11/data/res/values-mcc310-mnc490-en-rGB: Cannot change mode to rwxr-xr-x: Operation not permitted
build	Cache Android SDK	2026-06-06T12:22:50.0969620Z /usr/bin/tar: ../../../../../usr/local/lib/android/sdk/platforms/android-34-ext11/data/res/values-de-rDE: Cannot utime: Operation not permitted
build	Cache Android SDK	2026-06-06T12:22:50.0970641Z /usr/bin/tar: ../../../../../usr/local/lib/android/sdk/platforms/android-34-ext11/data/res/values-de-rDE: Cannot change mode to rwxr-xr-x: Operation not permitted
build	Cache Android SDK	2026-06-06T12:22:50.0972875Z /usr/bin/tar: ../../../../../usr/local/lib/android/sdk/platforms/android-34-ext11/data/res/values-mcc334-mnc020-ml: Cannot utime: Operation not permitted
build	Cache Android SDK	2026-06-06T12:22:50.0973842Z /usr/bin/tar: ../../../../../usr/local/lib/android/sdk/platforms/android-34-ext11/data/res/values-mcc334-mnc020-ml: Cannot change mode to rwxr-xr-x: Operation not permitted
build	Cache Android SDK	2026-06-06T12:22:50.0975713Z /usr/bin/tar: ../../../../../usr/local/lib/android/sdk/platforms/android-34-ext11/data/res/values-mcc334-mnc020-zh-rCN: Cannot utime: Operation not permitted
build	Cache Android SDK	2026-06-06T12:22:50.0976825Z /usr/bin/tar: ../../../../../usr/local/lib/android/sdk/platforms/android-34-ext11/data/res/values-mcc334-mnc020-zh-rCN: Cannot change mode to rwxr-xr-x: Operation not permitted
build	Cache Android SDK	2026-06-06T12:22:50.0979023Z /usr/bin/tar: ../../../../../usr/local/lib/android/sdk/platforms/android-34-ext11/data/res/values-mcc310-mnc150-te: Cannot utime: Operation not permitted
build	Cache Android SDK	2026-06-06T12:22:50.0979987Z /usr/bin/tar: ../../../../../usr/local/lib/android/sdk/platforms/android-34-ext11/data/res/values-mcc310-mnc150-te: Cannot change mode to rwxr-xr-x: Operation not permitted
build	Cache Android SDK	2026-06-06T12:22:50.0982241Z /usr/bin/tar: ../../../../../usr/local/lib/android/sdk/platforms/android-34-ext11/data/res/values-mcc310-mnc200-b+sr+Latn: Cannot utime: Operation not permitted
build	Cache Android SDK	2026-06-06T12:22:50.0983263Z /usr/bin/tar: ../../../../../usr/local/lib/android/sdk/platforms/android-34-ext11/data/res/values-mcc310-mnc200-b+sr+Latn: Cannot change mode to rwxr-xr-x: Operation not permitted
build	Cache Android SDK	2026-06-06T12:22:50.0985207Z /usr/bin/tar: ../../../../../usr/local/lib/android/sdk/platforms/android-34-ext11/data/res/values-mcc310-mnc150-ml: Cannot utime: Operation not permitted
build	Cache Android SDK	2026-06-06T12:22:50.0986252Z /usr/bin/tar: ../../../../../usr/local/lib/android/sdk/platforms/android-34-ext11/data/res/values-mcc310-mnc150-ml: Cannot change mode to rwxr-xr-x: Operation not permitted
build	Cache Android SDK	2026-06-06T12:22:50.0988700Z /usr/bin/tar: ../../../../../usr/local/lib/android/sdk/platforms/android-34-ext11/data/res/values-mcc001-mnc01-ja: Cannot utime: Operation not permitted
build	Cache Android SDK	2026-06-06T12:22:50.0989675Z /usr/bin/tar: ../../../../../usr/local/lib/android/sdk/platforms/android-34-ext11/data/res/values-mcc001-mnc01-ja: Cannot change mode to rwxr-xr-x: Operation not permitted
build	Cache Android SDK	2026-06-06T12:22:50.0991785Z /usr/bin/tar: ../../../../../usr/local/lib/android/sdk/platforms/android-34-ext11/data/res/values-mcc310-mnc150-uk: Cannot utime: Operation not permitted
build	Cache Android SDK	2026-06-06T12:22:50.0992741Z /usr/bin/tar: ../../../../../usr/local/lib/android/sdk/platforms/android-34-ext11/data/res/values-mcc310-mnc150-uk: Cannot change mode to rwxr-xr-x: Operation not permitted
build	Cache Android SDK	2026-06-06T12:22:50.0994894Z /usr/bin/tar: ../../../../../usr/local/lib/android/sdk/platforms/android-34-ext11/data/res/values-mcc334-mnc020-de: Cannot utime: Operation not permitted
build	Cache Android SDK	2026-06-06T12:22:50.0995965Z /usr/bin/tar: ../../../../../usr/local/lib/android/sdk/platforms/android-34-ext11/data/res/values-mcc334-mnc020-de: Cannot change mode to rwxr-xr-x: Operation not permitted
build	Cache Android SDK	2026-06-06T12:22:50.0998460Z /usr/bin/tar: ../../../../../usr/local/lib/android/sdk/platforms/android-34-ext11/data/res/values-mcc310-mnc230-es: Cannot utime: Operation not permitted
build	Cache Android SDK	2026-06-06T12:22:50.0999412Z /usr/bin/tar: ../../../../../usr/local/lib/android/sdk/platforms/android-34-ext11/data/res/values-mcc310-mnc230-es: Cannot change mode to rwxr-xr-x: Operation not permitted
build	Cache Android SDK	2026-06-06T12:22:50.1001835Z /usr/bin/tar: ../../../../../usr/local/lib/android/sdk/platforms/android-34-ext11/data/res/values-mcc310-mnc280-fr: Cannot utime: Operation not permitted
build	Cache Android SDK	2026-06-06T12:22:50.1002893Z /usr/bin/tar: ../../../../../usr/local/lib/android/sdk/platforms/android-34-ext11/data/res/values-mcc310-mnc280-fr: Cannot change mode to rwxr-xr-x: Operation not permitted
build	Cache Android SDK	2026-06-06T12:22:50.1004440Z /usr/bin/tar: ../../../../../usr/local/lib/android/sdk/platforms/android-34-ext11/data/res/values-mcc302-mnc370-eu: Cannot utime: Operation not permitted
build	Cache Android SDK	2026-06-06T12:22:50.1005384Z /usr/bin/tar: ../../../../../usr/local/lib/android/sdk/platforms/android-34-ext11/data/res/values-mcc302-mnc370-eu: Cannot change mode to rwxr-xr-x: Operation not permitted
build	Cache Android SDK	2026-06-06T12:22:50.1007985Z /usr/bin/tar: ../../../../../usr/local/lib/android/sdk/platforms/android-34-ext11/data/res/values-mcc334-mnc020-ja: Cannot utime: Operation not permitted
build	Cache Android SDK	2026-06-06T12:22:50.1009014Z /usr/bin/tar: ../../../../../usr/local/lib/android/sdk/platforms/android-34-ext11/data/res/values-mcc334-mnc020-ja: Cannot change mode to rwxr-xr-x: Operation not permitted
build	Cache Android SDK	2026-06-06T12:22:50.1010868Z /usr/bin/tar: ../../../../../usr/local/lib/android/sdk/platforms/android-34-ext11/data/res/values-mcc310-mnc250-my: Cannot utime: Operation not permitted
build	Cache Android SDK	2026-06-06T12:22:50.1011877Z /usr/bin/tar: ../../../../../usr/local/lib/android/sdk/platforms/android-34-ext11/data/res/values-mcc310-mnc250-my: Cannot change mode to rwxr-xr-x: Operation not permitted
build	Cache Android SDK	2026-06-06T12:22:50.1013771Z /usr/bin/tar: ../../../../../usr/local/lib/android/sdk/platforms/android-34-ext11/data/res/values-mcc310-mnc380-b+sr+Latn: Cannot utime: Operation not permitted
build	Cache Android SDK	2026-06-06T12:22:50.1014780Z /usr/bin/tar: ../../../../../usr/local/lib/android/sdk/platforms/android-34-ext11/data/res/values-mcc310-mnc380-b+sr+Latn: Cannot change mode to rwxr-xr-x: Operation not permitted
build	Cache Android SDK	2026-06-06T12:22:50.1016947Z /usr/bin/tar: ../../../../../usr/local/lib/android/sdk/platforms/android-34-ext11/data/res/values-mcc405: Cannot utime: Operation not permitted
build	Cache Android SDK	2026-06-06T12:22:50.1017943Z /usr/bin/tar: ../../../../../usr/local/lib/android/sdk/platforms/android-34-ext11/data/res/values-mcc405: Cannot change mode to rwxr-xr-x: Operation not permitted
build	Cache Android SDK	2026-06-06T12:22:50.1020138Z /usr/bin/tar: ../../../../../usr/local/lib/android/sdk/platforms/android-34-ext11/data/res/values-mcc310-mnc560-km: Cannot utime: Operation not permitted
build	Cache Android SDK	2026-06-06T12:22:50.1021085Z /usr/bin/tar: ../../../../../usr/local/lib/android/sdk/platforms/android-34-ext11/data/res/values-mcc310-mnc560-km: Cannot change mode to rwxr-xr-x: Operation not permitted
build	Cache Android SDK	2026-06-06T12:22:50.1026539Z /usr/bin/tar: ../../../../../usr/local/lib/android/sdk/platforms/android-34-ext11/data/res/values-is: Cannot utime: Operation not permitted
build	Cache Android SDK	2026-06-06T12:22:50.1028409Z /usr/bin/tar: ../../../../../usr/local/lib/android/sdk/platforms/android-34-ext11/data/res/values-is: Cannot change mode to rwxr-xr-x: Operation not permitted
build	Cache Android SDK	2026-06-06T12:22:50.1029599Z /usr/bin/tar: ../../../../../usr/local/lib/android/sdk/platforms/android-34-ext11/data/res/values-mcc334-mnc020-it: Cannot utime: Operation not permitted
build	Cache Android SDK	2026-06-06T12:22:50.1030603Z /usr/bin/tar: ../../../../../usr/local/lib/android/sdk/platforms/android-34-ext11/data/res/values-mcc334-mnc020-it: Cannot change mode to rwxr-xr-x: Operation not permitted
build	Cache Android SDK	2026-06-06T12:22:50.1032981Z /usr/bin/tar: ../../../../../usr/local/lib/android/sdk/platforms/android-34-ext11/data/res/values-mcc310-mnc230-nl: Cannot utime: Operation not permitted
build	Cache Android SDK	2026-06-06T12:22:50.1033941Z /usr/bin/tar: ../../../../../usr/local/lib/android/sdk/platforms/android-34-ext11/data/res/values-mcc310-mnc230-nl: Cannot change mode to rwxr-xr-x: Operation not permitted
build	Cache Android SDK	2026-06-06T12:22:50.1036041Z /usr/bin/tar: ../../../../../usr/local/lib/android/sdk/platforms/android-34-ext11/data/res/values-mcc310-mnc800-vi: Cannot utime: Operation not permitted
build	Cache Android SDK	2026-06-06T12:22:50.1036989Z /usr/bin/tar: ../../../../../usr/local/lib/android/sdk/platforms/android-34-ext11/data/res/values-mcc310-mnc800-vi: Cannot change mode to rwxr-xr-x: Operation not permitted
build	Cache Android SDK	2026-06-06T12:22:50.1040870Z /usr/bin/tar: ../../../../../usr/local/lib/android/sdk/platforms/android-34-ext11/data/res/values-ta-television: Cannot utime: Operation not permitted
build	Cache Android SDK	2026-06-06T12:22:50.1041825Z /usr/bin/tar: ../../../../../usr/local/lib/android/sdk/platforms/android-34-ext11/data/res/values-ta-television: Cannot change mode to rwxr-xr-x: Operation not permitted
build	Cache Android SDK	2026-06-06T12:22:50.1043143Z /usr/bin/tar: ../../../../../usr/local/lib/android/sdk/platforms/android-34-ext11/data/res/values-mcc302-mnc370-bs: Cannot utime: Operation not permitted
build	Cache Android SDK	2026-06-06T12:22:50.1044109Z /usr/bin/tar: ../../../../../usr/local/lib/android/sdk/platforms/android-34-ext11/data/res/values-mcc302-mnc370-bs: Cannot change mode to rwxr-xr-x: Operation not permitted
build	Cache Android SDK	2026-06-06T12:22:50.1048072Z /usr/bin/tar: ../../../../../usr/local/lib/android/sdk/platforms/android-34-ext11/data/res/values-sw600dp: Cannot utime: Operation not permitted
build	Cache Android SDK	2026-06-06T12:22:50.1049055Z /usr/bin/tar: ../../../../../usr/local/lib/android/sdk/platforms/android-34-ext11/data/res/values-sw600dp: Cannot change mode to rwxr-xr-x: Operation not permitted
build	Cache Android SDK	2026-06-06T12:22:50.1050683Z /usr/bin/tar: ../../../../../usr/local/lib/android/sdk/platforms/android-34-ext11/data/res/values-mcc310-mnc490-pl: Cannot utime: Operation not permitted
build	Cache Android SDK	2026-06-06T12:22:50.1051648Z /usr/bin/tar: ../../../../../usr/local/lib/android/sdk/platforms/android-34-ext11/data/res/values-mcc310-mnc490-pl: Cannot change mode to rwxr-xr-x: Operation not permitted
build	Cache Android SDK	2026-06-06T12:22:50.1053699Z /usr/bin/tar: ../../../../../usr/local/lib/android/sdk/platforms/android-34-ext11/data/res/values-mcc313-mnc100-da: Cannot utime: Operation not permitted
build	Cache Android SDK	2026-06-06T12:22:50.1054651Z /usr/bin/tar: ../../../../../usr/local/lib/android/sdk/platforms/android-34-ext11/data/res/values-mcc313-mnc100-da: Cannot change mode to rwxr-xr-x: Operation not permitted
build	Cache Android SDK	2026-06-06T12:22:50.1057908Z /usr/bin/tar: ../../../../../usr/local/lib/android/sdk/platforms/android-34-ext11/data/res/values-mcc313-mnc100-ta: Cannot utime: Operation not permitted
build	Cache Android SDK	2026-06-06T12:22:50.1058887Z /usr/bin/tar: ../../../../../usr/local/lib/android/sdk/platforms/android-34-ext11/data/res/values-mcc313-mnc100-ta: Cannot change mode to rwxr-xr-x: Operation not permitted
build	Cache Android SDK	2026-06-06T12:22:50.1061416Z /usr/bin/tar: ../../../../../usr/local/lib/android/sdk/platforms/android-34-ext11/data/res/values-mcc310-mnc220-sq: Cannot utime: Operation not permitted
build	Cache Android SDK	2026-06-06T12:22:50.1062703Z /usr/bin/tar: ../../../../../usr/local/lib/android/sdk/platforms/android-34-ext11/data/res/values-mcc310-mnc220-sq: Cannot change mode to rwxr-xr-x: Operation not permitted
build	Cache Android SDK	2026-06-06T12:22:50.1064445Z /usr/bin/tar: ../../../../../usr/local/lib/android/sdk/platforms/android-34-ext11/data/res/values-mcc310-mnc250-zh-rCN: Cannot utime: Operation not permitted
build	Cache Android SDK	2026-06-06T12:22:50.1065506Z /usr/bin/tar: ../../../../../usr/local/lib/android/sdk/platforms/android-34-ext11/data/res/values-mcc310-mnc250-zh-rCN: Cannot change mode to rwxr-xr-x: Operation not permitted
build	Cache Android SDK	2026-06-06T12:22:50.1067261Z /usr/bin/tar: ../../../../../usr/local/lib/android/sdk/platforms/android-34-ext11/data/res/values-mcc310-mnc150-gu: Cannot utime: Operation not permitted
build	Cache Android SDK	2026-06-06T12:22:50.1068667Z /usr/bin/tar: ../../../../../usr/local/lib/android/sdk/platforms/android-34-ext11/data/res/values-mcc310-mnc150-gu: Cannot change mode to rwxr-xr-x: Operation not permitted
build	Cache Android SDK	2026-06-06T12:22:50.1071124Z /usr/bin/tar: ../../../../../usr/local/lib/android/sdk/platforms/android-34-ext11/data/res/values-mcc310-mnc230-si: Cannot utime: Operation not permitted
build	Cache Android SDK	2026-06-06T12:22:50.1072099Z /usr/bin/tar: ../../../../../usr/local/lib/android/sdk/platforms/android-34-ext11/data/res/values-mcc310-mnc230-si: Cannot change mode to rwxr-xr-x: Operation not permitted
build	Cache Android SDK	2026-06-06T12:22:50.1074466Z /usr/bin/tar: ../../../../../usr/local/lib/android/sdk/platforms/android-34-ext11/data/res/values-mcc311-mnc180-ar: Cannot utime: Operation not permitted
build	Cache Android SDK	2026-06-06T12:22:50.1075428Z /usr/bin/tar: ../../../../../usr/local/lib/android/sdk/platforms/android-34-ext11/data/res/values-mcc311-mnc180-ar: Cannot change mode to rwxr-xr-x: Operation not permitted
build	Cache Android SDK	2026-06-06T12:22:50.1077877Z /usr/bin/tar: ../../../../../usr/local/lib/android/sdk/platforms/android-34-ext11/data/res/values-mcc310-mnc800-ca: Cannot utime: Operation not permitted
build	Cache Android SDK	2026-06-06T12:22:50.1079092Z /usr/bin/tar: ../../../../../usr/local/lib/android/sdk/platforms/android-34-ext11/data/res/values-mcc310-mnc800-ca: Cannot change mode to rwxr-xr-x: Operation not permitted
build	Cache Android SDK	2026-06-06T12:22:50.1080814Z /usr/bin/tar: ../../../../../usr/local/lib/android/sdk/platforms/android-34-ext11/data/res/values-mcc310-mnc560-as: Cannot utime: Operation not permitted
build	Cache Android SDK	2026-06-06T12:22:50.1081918Z /usr/bin/tar: ../../../../../usr/local/lib/android/sdk/platforms/android-34-ext11/data/res/values-mcc310-mnc560-as: Cannot change mode to rwxr-xr-x: Operation not permitted
build	Cache Android SDK	2026-06-06T12:22:50.1084407Z /usr/bin/tar: ../../../../../usr/local/lib/android/sdk/platforms/android-34-ext11/data/res/values-mcc310-mnc310-zh-rCN: Cannot utime: Operation not permitted
build	Cache Android SDK	2026-06-06T12:22:50.1085599Z /usr/bin/tar: ../../../../../usr/local/lib/android/sdk/platforms/android-34-ext11/data/res/values-mcc310-mnc310-zh-rCN: Cannot change mode to rwxr-xr-x: Operation not permitted
build	Cache Android SDK	2026-06-06T12:22:50.1087793Z /usr/bin/tar: ../../../../../usr/local/lib/android/sdk/platforms/android-34-ext11/data/res/values-mcc310-mnc800-gl: Cannot utime: Operation not permitted
build	Cache Android SDK	2026-06-06T12:22:50.1088770Z /usr/bin/tar: ../../../../../usr/local/lib/android/sdk/platforms/android-34-ext11/data/res/values-mcc310-mnc800-gl: Cannot change mode to rwxr-xr-x: Operation not permitted
build	Cache Android SDK	2026-06-06T12:22:50.1091061Z /usr/bin/tar: ../../../../../usr/local/lib/android/sdk/platforms/android-34-ext11/data/res/values-mcc310-mnc240-si: Cannot utime: Operation not permitted
build	Cache Android SDK	2026-06-06T12:22:50.1092109Z /usr/bin/tar: ../../../../../usr/local/lib/android/sdk/platforms/android-34-ext11/data/res/values-mcc310-mnc240-si: Cannot change mode to rwxr-xr-x: Operation not permitted
build	Cache Android SDK	2026-06-06T12:22:50.1094285Z /usr/bin/tar: ../../../../../usr/local/lib/android/sdk/platforms/android-34-ext11/data/res/values-mcc313-mnc100-en-rAU: Cannot utime: Operation not permitted
build	Cache Android SDK	2026-06-06T12:22:50.1095410Z /usr/bin/tar: ../../../../../usr/local/lib/android/sdk/platforms/android-34-ext11/data/res/values-mcc313-mnc100-en-rAU: Cannot change mode to rwxr-xr-x: Operation not permitted
build	Cache Android SDK	2026-06-06T12:22:50.1097848Z /usr/bin/tar: ../../../../../usr/local/lib/android/sdk/platforms/android-34-ext11/data/res/values-mcc310-mnc280-sk: Cannot utime: Operation not permitted
build	Cache Android SDK	2026-06-06T12:22:50.1098833Z /usr/bin/tar: ../../../../../usr/local/lib/android/sdk/platforms/android-34-ext11/data/res/values-mcc310-mnc280-sk: Cannot change mode to rwxr-xr-x: Operation not permitted
build	Cache Android SDK	2026-06-06T12:22:50.1101291Z /usr/bin/tar: ../../../../../usr/local/lib/android/sdk/platforms/android-34-ext11/data/res/values-mcc310-mnc170-or: Cannot utime: Operation not permitted
build	Cache Android SDK	2026-06-06T12:22:50.1102297Z /usr/bin/tar: ../../../../../usr/local/lib/android/sdk/platforms/android-34-ext11/data/res/values-mcc310-mnc170-or: Cannot change mode to rwxr-xr-x: Operation not permitted
build	Cache Android SDK	2026-06-06T12:22:50.1104815Z /usr/bin/tar: ../../../../../usr/local/lib/android/sdk/platforms/android-34-ext11/data/res/values-mcc310-mnc200-ko: Cannot utime: Operation not permitted
build	Cache Android SDK	2026-06-06T12:22:50.1105925Z /usr/bin/tar: ../../../../../usr/local/lib/android/sdk/platforms/android-34-ext11/data/res/values-mcc310-mnc200-ko: Cannot change mode to rwxr-xr-x: Operation not permitted
build	Cache Android SDK	2026-06-06T12:22:50.1108217Z /usr/bin/tar: ../../../../../usr/local/lib/android/sdk/platforms/android-34-ext11/data/res/values-mcc310-mnc270-b+sr+Latn: Cannot utime: Operation not permitted
build	Cache Android SDK	2026-06-06T12:22:50.1109312Z /usr/bin/tar: ../../../../../usr/local/lib/android/sdk/platforms/android-34-ext11/data/res/values-mcc310-mnc270-b+sr+Latn: Cannot change mode to rwxr-xr-x: Operation not permitted
build	Cache Android SDK	2026-06-06T12:22:50.1111937Z /usr/bin/tar: ../../../../../usr/local/lib/android/sdk/platforms/android-34-ext11/data/res/values-uz-television: Cannot utime: Operation not permitted
build	Cache Android SDK	2026-06-06T12:22:50.1113288Z /usr/bin/tar: ../../../../../usr/local/lib/android/sdk/platforms/android-34-ext11/data/res/values-uz-television: Cannot change mode to rwxr-xr-x: Operation not permitted
build	Cache Android SDK	2026-06-06T12:22:50.1115041Z /usr/bin/tar: ../../../../../usr/local/lib/android/sdk/platforms/android-34-ext11/data/res/values-mcc310-mnc030-tr: Cannot utime: Operation not permitted
build	Cache Android SDK	2026-06-06T12:22:50.1116033Z /usr/bin/tar: ../../../../../usr/local/lib/android/sdk/platforms/android-34-ext11/data/res/values-mcc310-mnc030-tr: Cannot change mode to rwxr-xr-x: Operation not permitted
build	Cache Android SDK	2026-06-06T12:22:50.1118367Z /usr/bin/tar: ../../../../../usr/local/lib/android/sdk/platforms/android-34-ext11/data/res/values-vi-television: Cannot utime: Operation not permitted
build	Cache Android SDK	2026-06-06T12:22:50.1119336Z /usr/bin/tar: ../../../../../usr/local/lib/android/sdk/platforms/android-34-ext11/data/res/values-vi-television: Cannot change mode to rwxr-xr-x: Operation not permitted
build	Cache Android SDK	2026-06-06T12:22:50.1121942Z /usr/bin/tar: ../../../../../usr/local/lib/android/sdk/platforms/android-34-ext11/data/res/values-mcc310-mnc800-sv: Cannot utime: Operation not permitted
build	Cache Android SDK	2026-06-06T12:22:50.1123080Z /usr/bin/tar: ../../../../../usr/local/lib/android/sdk/platforms/android-34-ext11/data/res/values-mcc310-mnc800-sv: Cannot change mode to rwxr-xr-x: Operation not permitted
build	Cache Android SDK	2026-06-06T12:22:50.1124430Z /usr/bin/tar: ../../../../../usr/local/lib/android/sdk/platforms/android-34-ext11/data/res/values-mcc001-mnc01-mn: Cannot utime: Operation not permitted
build	Cache Android SDK	2026-06-06T12:22:50.1125375Z /usr/bin/tar: ../../../../../usr/local/lib/android/sdk/platforms/android-34-ext11/data/res/values-mcc001-mnc01-mn: Cannot change mode to rwxr-xr-x: Operation not permitted
build	Cache Android SDK	2026-06-06T12:22:50.1126862Z /usr/bin/tar: ../../../../../usr/local/lib/android/sdk/platforms/android-34-ext11/data/res/values-mcc001-mnc01-sk: Cannot utime: Operation not permitted
build	Cache Android SDK	2026-06-06T12:22:50.1127964Z /usr/bin/tar: ../../../../../usr/local/lib/android/sdk/platforms/android-34-ext11/data/res/values-mcc001-mnc01-sk: Cannot change mode to rwxr-xr-x: Operation not permitted
build	Cache Android SDK	2026-06-06T12:22:50.1130286Z /usr/bin/tar: ../../../../../usr/local/lib/android/sdk/platforms/android-34-ext11/data/res/values-mcc311-mnc180-ko: Cannot utime: Operation not permitted
build	Cache Android SDK	2026-06-06T12:22:50.1131258Z /usr/bin/tar: ../../../../../usr/local/lib/android/sdk/platforms/android-34-ext11/data/res/values-mcc311-mnc180-ko: Cannot change mode to rwxr-xr-x: Operation not permitted
build	Cache Android SDK	2026-06-06T12:22:50.1133452Z /usr/bin/tar: ../../../../../usr/local/lib/android/sdk/platforms/android-34-ext11/data/res/raw-fi: Cannot utime: Operation not permitted
build	Cache Android SDK	2026-06-06T12:22:50.1134318Z /usr/bin/tar: ../../../../../usr/local/lib/android/sdk/platforms/android-34-ext11/data/res/raw-fi: Cannot change mode to rwxr-xr-x: Operation not permitted
build	Cache Android SDK	2026-06-06T12:22:50.1136948Z /usr/bin/tar: ../../../../../usr/local/lib/android/sdk/platforms/android-34-ext11/data/res/values-mcc313-mnc100-gu: Cannot utime: Operation not permitted
build	Cache Android SDK	2026-06-06T12:22:50.1138103Z /usr/bin/tar: ../../../../../usr/local/lib/android/sdk/platforms/android-34-ext11/data/res/values-mcc313-mnc100-gu: Cannot change mode to rwxr-xr-x: Operation not permitted
build	Cache Android SDK	2026-06-06T12:22:50.1139960Z /usr/bin/tar: ../../../../../usr/local/lib/android/sdk/platforms/android-34-ext11/data/res/values-mcc310-mnc240-lv: Cannot utime: Operation not permitted
build	Cache Android SDK	2026-06-06T12:22:50.1140921Z /usr/bin/tar: ../../../../../usr/local/lib/android/sdk/platforms/android-34-ext11/data/res/values-mcc310-mnc240-lv: Cannot change mode to rwxr-xr-x: Operation not permitted
build	Cache Android SDK	2026-06-06T12:22:50.1143346Z /usr/bin/tar: ../../../../../usr/local/lib/android/sdk/platforms/android-34-ext11/data/res/values-mcc310-mnc280-zh-rCN: Cannot utime: Operation not permitted
build	Cache Android SDK	2026-06-06T12:22:50.1144371Z /usr/bin/tar: ../../../../../usr/local/lib/android/sdk/platforms/android-34-ext11/data/res/values-mcc310-mnc280-zh-rCN: Cannot change mode to rwxr-xr-x: Operation not permitted
build	Cache Android SDK	2026-06-06T12:22:50.1146126Z /usr/bin/tar: ../../../../../usr/local/lib/android/sdk/platforms/android-34-ext11/data/res/values-en-rNZ: Cannot utime: Operation not permitted
build	Cache Android SDK	2026-06-06T12:22:50.1147042Z /usr/bin/tar: ../../../../../usr/local/lib/android/sdk/platforms/android-34-ext11/data/res/values-en-rNZ: Cannot change mode to rwxr-xr-x: Operation not permitted
build	Cache Android SDK	2026-06-06T12:22:50.1149452Z /usr/bin/tar: ../../../../../usr/local/lib/android/sdk/platforms/android-34-ext11/data/res/values-mcc310-mnc240-fr: Cannot utime: Operation not permitted
build	Cache Android SDK	2026-06-06T12:22:50.1150425Z /usr/bin/tar: ../../../../../usr/local/lib/android/sdk/platforms/android-34-ext11/data/res/values-mcc310-mnc240-fr: Cannot change mode to rwxr-xr-x: Operation not permitted
build	Cache Android SDK	2026-06-06T12:22:50.1152170Z /usr/bin/tar: ../../../../../usr/local/lib/android/sdk/platforms/android-34-ext11/data/res/values-mcc310-mnc250-si: Cannot utime: Operation not permitted
build	Cache Android SDK	2026-06-06T12:22:50.1153126Z /usr/bin/tar: ../../../../../usr/local/lib/android/sdk/platforms/android-34-ext11/data/res/values-mcc310-mnc250-si: Cannot change mode to rwxr-xr-x: Operation not permitted
build	Cache Android SDK	2026-06-06T12:22:50.1155621Z /usr/bin/tar: ../../../../../usr/local/lib/android/sdk/platforms/android-34-ext11/data/res/values-mcc310-mnc170-ja: Cannot utime: Operation not permitted
build	Cache Android SDK	2026-06-06T12:22:50.1156586Z /usr/bin/tar: ../../../../../usr/local/lib/android/sdk/platforms/android-34-ext11/data/res/values-mcc310-mnc170-ja: Cannot change mode to rwxr-xr-x: Operation not permitted
build	Cache Android SDK	2026-06-06T12:22:50.1159472Z /usr/bin/tar: ../../../../../usr/local/lib/android/sdk/platforms/android-34-ext11/data/res/values-mcc302-mnc720-hu: Cannot utime: Operation not permitted
build	Cache Android SDK	2026-06-06T12:22:50.1160429Z /usr/bin/tar: ../../../../../usr/local/lib/android/sdk/platforms/android-34-ext11/data/res/values-mcc302-mnc720-hu: Cannot change mode to rwxr-xr-x: Operation not permitted
build	Cache Android SDK	2026-06-06T12:22:50.1162487Z /usr/bin/tar: ../../../../../usr/local/lib/android/sdk/platforms/android-34-ext11/data/res/values-mcc310-mnc160-zh-rTW: Cannot utime: Operation not permitted
build	Cache Android SDK	2026-06-06T12:22:50.1163594Z /usr/bin/tar: ../../../../../usr/local/lib/android/sdk/platforms/android-34-ext11/data/res/values-mcc310-mnc160-zh-rTW: Cannot change mode to rwxr-xr-x: Operation not permitted
build	Cache Android SDK	2026-06-06T12:22:50.1165277Z /usr/bin/tar: ../../../../../usr/local/lib/android/sdk/platforms/android-34-ext11/data/res/values-mcc310-mnc310-gl: Cannot utime: Operation not permitted
build	Cache Android SDK	2026-06-06T12:22:50.1166235Z /usr/bin/tar: ../../../../../usr/local/lib/android/sdk/platforms/android-34-ext11/data/res/values-mcc310-mnc310-gl: Cannot change mode to rwxr-xr-x: Operation not permitted
build	Cache Android SDK	2026-06-06T12:22:50.1168764Z /usr/bin/tar: ../../../../../usr/local/lib/android/sdk/platforms/android-34-ext11/data/res/values-mcc310-mnc030-hr: Cannot utime: Operation not permitted
build	Cache Android SDK	2026-06-06T12:22:50.1169711Z /usr/bin/tar: ../../../../../usr/local/lib/android/sdk/platforms/android-34-ext11/data/res/values-mcc310-mnc030-hr: Cannot change mode to rwxr-xr-x: Operation not permitted
build	Cache Android SDK	2026-06-06T12:22:50.1172106Z /usr/bin/tar: ../../../../../usr/local/lib/android/sdk/platforms/android-34-ext11/data/res/values-mcc310-mnc280-ka: Cannot utime: Operation not permitted
build	Cache Android SDK	2026-06-06T12:22:50.1173152Z /usr/bin/tar: ../../../../../usr/local/lib/android/sdk/platforms/android-34-ext11/data/res/values-mcc310-mnc280-ka: Cannot change mode to rwxr-xr-x: Operation not permitted
build	Cache Android SDK	2026-06-06T12:22:50.1174702Z /usr/bin/tar: ../../../../../usr/local/lib/android/sdk/platforms/android-34-ext11/data/res/values-mcc310-mnc950-te: Cannot utime: Operation not permitted
build	Cache Android SDK	2026-06-06T12:22:50.1175655Z /usr/bin/tar: ../../../../../usr/local/lib/android/sdk/platforms/android-34-ext11/data/res/values-mcc310-mnc950-te: Cannot change mode to rwxr-xr-x: Operation not permitted
build	Cache Android SDK	2026-06-06T12:22:50.1178032Z /usr/bin/tar: ../../../../../usr/local/lib/android/sdk/platforms/android-34-ext11/data/res/values-mcc302-mnc720-ka: Cannot utime: Operation not permitted
build	Cache Android SDK	2026-06-06T12:22:50.1179005Z /usr/bin/tar: ../../../../../usr/local/lib/android/sdk/platforms/android-34-ext11/data/res/values-mcc302-mnc720-ka: Cannot change mode to rwxr-xr-x: Operation not permitted
build	Cache Android SDK	2026-06-06T12:22:50.1181519Z /usr/bin/tar: ../../../../../usr/local/lib/android/sdk/platforms/android-34-ext11/data/res/values-mcc310-mnc210-pt: Cannot utime: Operation not permitted
build	Cache Android SDK	2026-06-06T12:22:50.1182581Z /usr/bin/tar: ../../../../../usr/local/lib/android/sdk/platforms/android-34-ext11/data/res/values-mcc310-mnc210-pt: Cannot change mode to rwxr-xr-x: Operation not permitted
build	Cache Android SDK	2026-06-06T12:22:50.1187107Z /usr/bin/tar: ../../../../../usr/local/lib/android/sdk/platforms/android-34-ext11/data/res/values-mcc310-mnc250-b+sr+Latn: Cannot utime: Operation not permitted
build	Cache Android SDK	2026-06-06T12:22:50.1188297Z /usr/bin/tar: ../../../../../usr/local/lib/android/sdk/platforms/android-34-ext11/data/res/values-mcc310-mnc250-b+sr+Latn: Cannot change mode to rwxr-xr-x: Operation not permitted
build	Cache Android SDK	2026-06-06T12:22:50.1189967Z /usr/bin/tar: ../../../../../usr/local/lib/android/sdk/platforms/android-34-ext11/data/res/values-mcc310-mnc380-iw: Cannot utime: Operation not permitted
build	Cache Android SDK	2026-06-06T12:22:50.1191034Z /usr/bin/tar: ../../../../../usr/local/lib/android/sdk/platforms/android-34-ext11/data/res/values-mcc310-mnc380-iw: Cannot change mode to rwxr-xr-x: Operation not permitted
build	Cache Android SDK	2026-06-06T12:22:50.1193110Z /usr/bin/tar: ../../../../../usr/local/lib/android/sdk/platforms/android-34-ext11/data/res/values-mcc732-mnc123: Cannot utime: Operation not permitted
build	Cache Android SDK	2026-06-06T12:22:50.1194064Z /usr/bin/tar: ../../../../../usr/local/lib/android/sdk/platforms/android-34-ext11/data/res/values-mcc732-mnc123: Cannot change mode to rwxr-xr-x: Operation not permitted
build	Cache Android SDK	2026-06-06T12:22:50.1196144Z /usr/bin/tar: ../../../../../usr/local/lib/android/sdk/platforms/android-34-ext11/data/res/values-mcc302-mnc370-cs: Cannot utime: Operation not permitted
build	Cache Android SDK	2026-06-06T12:22:50.1197109Z /usr/bin/tar: ../../../../../usr/local/lib/android/sdk/platforms/android-34-ext11/data/res/values-mcc302-mnc370-cs: Cannot change mode to rwxr-xr-x: Operation not permitted
build	Cache Android SDK	2026-06-06T12:22:50.1199346Z /usr/bin/tar: ../../../../../usr/local/lib/android/sdk/platforms/android-34-ext11/data/res/values-mcc311-mnc180-sr: Cannot utime: Operation not permitted
build	Cache Android SDK	2026-06-06T12:22:50.1200457Z /usr/bin/tar: ../../../../../usr/local/lib/android/sdk/platforms/android-34-ext11/data/res/values-mcc311-mnc180-sr: Cannot change mode to rwxr-xr-x: Operation not permitted
build	Cache Android SDK	2026-06-06T12:22:50.1202799Z /usr/bin/tar: ../../../../../usr/local/lib/android/sdk/platforms/android-34-ext11/data/res/values-mcc302-mnc370-ur: Cannot utime: Operation not permitted
build	Cache Android SDK	2026-06-06T12:22:50.1203748Z /usr/bin/tar: ../../../../../usr/local/lib/android/sdk/platforms/android-34-ext11/data/res/values-mcc302-mnc370-ur: Cannot change mode to rwxr-xr-x: Operation not permitted
build	Cache Android SDK	2026-06-06T12:22:50.1206525Z /usr/bin/tar: ../../../../../usr/local/lib/android/sdk/platforms/android-34-ext11/data/res/values-mcc310-mnc230-kk: Cannot utime: Operation not permitted
build	Cache Android SDK	2026-06-06T12:22:50.1207946Z /usr/bin/tar: ../../../../../usr/local/lib/android/sdk/platforms/android-34-ext11/data/res/values-mcc310-mnc230-kk: Cannot change mode to rwxr-xr-x: Operation not permitted
build	Cache Android SDK	2026-06-06T12:22:50.1210430Z /usr/bin/tar: ../../../../../usr/local/lib/android/sdk/platforms/android-34-ext11/data/res/values-mcc310-mnc490-eu: Cannot utime: Operation not permitted
build	Cache Android SDK	2026-06-06T12:22:50.1211559Z /usr/bin/tar: ../../../../../usr/local/lib/android/sdk/platforms/android-34-ext11/data/res/values-mcc310-mnc490-eu: Cannot change mode to rwxr-xr-x: Operation not permitted
build	Cache Android SDK	2026-06-06T12:22:50.1214365Z /usr/bin/tar: ../../../../../usr/local/lib/android/sdk/platforms/android-34-ext11/data/res/values-mcc310-mnc170-az: Cannot utime: Operation not permitted
build	Cache Android SDK	2026-06-06T12:22:50.1216060Z /usr/bin/tar: ../../../../../usr/local/lib/android/sdk/platforms/android-34-ext11/data/res/values-mcc310-mnc170-az: Cannot change mode to rwxr-xr-x: Operation not permitted
build	Cache Android SDK	2026-06-06T12:22:50.1217548Z /usr/bin/tar: ../../../../../usr/local/lib/android/sdk/platforms/android-34-ext11/data/res/values-mcc311-mnc480: Cannot utime: Operation not permitted
build	Cache Android SDK	2026-06-06T12:22:50.1219053Z /usr/bin/tar: ../../../../../usr/local/lib/android/sdk/platforms/android-34-ext11/data/res/values-mcc311-mnc480: Cannot change mode to rwxr-xr-x: Operation not permitted
build	Cache Android SDK	2026-06-06T12:22:50.1220489Z /usr/bin/tar: ../../../../../usr/local/lib/android/sdk/platforms/android-34-ext11/data/res/values-mcc310-mnc250-sw: Cannot utime: Operation not permitted
build	Cache Android SDK	2026-06-06T12:22:50.1221483Z /usr/bin/tar: ../../../../../usr/local/lib/android/sdk/platforms/android-34-ext11/data/res/values-mcc310-mnc250-sw: Cannot change mode to rwxr-xr-x: Operation not permitted
build	Cache Android SDK	2026-06-06T12:22:50.1226621Z /usr/bin/tar: ../../../../../usr/local/lib/android/sdk/platforms/android-34-ext11/data/res/values-gl: Cannot utime: Operation not permitted
build	Cache Android SDK	2026-06-06T12:22:50.1228252Z /usr/bin/tar: ../../../../../usr/local/lib/android/sdk/platforms/android-34-ext11/data/res/values-gl: Cannot change mode to rwxr-xr-x: Operation not permitted
build	Cache Android SDK	2026-06-06T12:22:50.1229974Z /usr/bin/tar: ../../../../../usr/local/lib/android/sdk/platforms/android-34-ext11/data/res/values-mcc001-mnc01-pt-rPT: Cannot utime: Operation not permitted
build	Cache Android SDK	2026-06-06T12:22:50.1231429Z /usr/bin/tar: ../../../../../usr/local/lib/android/sdk/platforms/android-34-ext11/data/res/values-mcc001-mnc01-pt-rPT: Cannot change mode to rwxr-xr-x: Operation not permitted
build	Cache Android SDK	2026-06-06T12:22:50.1233206Z /usr/bin/tar: ../../../../../usr/local/lib/android/sdk/platforms/android-34-ext11/data/res/values-mcc310-mnc250-ja: Cannot utime: Operation not permitted
build	Cache Android SDK	2026-06-06T12:22:50.1234276Z /usr/bin/tar: ../../../../../usr/local/lib/android/sdk/platforms/android-34-ext11/data/res/values-mcc310-mnc250-ja: Cannot change mode to rwxr-xr-x: Operation not permitted
build	Cache Android SDK	2026-06-06T12:22:50.1236132Z /usr/bin/tar: ../../../../../usr/local/lib/android/sdk/platforms/android-34-ext11/data/res/values-mcc311-mnc180-en-rGB: Cannot utime: Operation not permitted
build	Cache Android SDK	2026-06-06T12:22:50.1237264Z /usr/bin/tar: ../../../../../usr/local/lib/android/sdk/platforms/android-34-ext11/data/res/values-mcc311-mnc180-en-rGB: Cannot change mode to rwxr-xr-x: Operation not permitted
build	Cache Android SDK	2026-06-06T12:22:50.1240158Z /usr/bin/tar: ../../../../../usr/local/lib/android/sdk/platforms/android-34-ext11/data/res/values-mcc310-mnc220-tr: Cannot utime: Operation not permitted
build	Cache Android SDK	2026-06-06T12:22:50.1241101Z /usr/bin/tar: ../../../../../usr/local/lib/android/sdk/platforms/android-34-ext11/data/res/values-mcc310-mnc220-tr: Cannot change mode to rwxr-xr-x: Operation not permitted
build	Cache Android SDK	2026-06-06T12:22:50.1243290Z /usr/bin/tar: ../../../../../usr/local/lib/android/sdk/platforms/android-34-ext11/data/res/values-ms-television: Cannot utime: Operation not permitted
build	Cache Android SDK	2026-06-06T12:22:50.1244237Z /usr/bin/tar: ../../../../../usr/local/lib/android/sdk/platforms/android-34-ext11/data/res/values-ms-television: Cannot change mode to rwxr-xr-x: Operation not permitted
build	Cache Android SDK	2026-06-06T12:22:50.1246594Z /usr/bin/tar: ../../../../../usr/local/lib/android/sdk/platforms/android-34-ext11/data/res/values-mcc310-mnc380-hr: Cannot utime: Operation not permitted
build	Cache Android SDK	2026-06-06T12:22:50.1247745Z /usr/bin/tar: ../../../../../usr/local/lib/android/sdk/platforms/android-34-ext11/data/res/values-mcc310-mnc380-hr: Cannot change mode to rwxr-xr-x: Operation not permitted
build	Cache Android SDK	2026-06-06T12:22:50.1249968Z /usr/bin/tar: ../../../../../usr/local/lib/android/sdk/platforms/android-34-ext11/data/res/values-mcc313-mnc100-es: Cannot utime: Operation not permitted
build	Cache Android SDK	2026-06-06T12:22:50.1250923Z /usr/bin/tar: ../../../../../usr/local/lib/android/sdk/platforms/android-34-ext11/data/res/values-mcc313-mnc100-es: Cannot change mode to rwxr-xr-x: Operation not permitted
build	Cache Android SDK	2026-06-06T12:22:50.1253213Z /usr/bin/tar: ../../../../../usr/local/lib/android/sdk/platforms/android-34-ext11/data/res/values-mcc310-mnc410-uk: Cannot utime: Operation not permitted
build	Cache Android SDK	2026-06-06T12:22:50.1254158Z /usr/bin/tar: ../../../../../usr/local/lib/android/sdk/platforms/android-34-ext11/data/res/values-mcc310-mnc410-uk: Cannot change mode to rwxr-xr-x: Operation not permitted
build	Cache Android SDK	2026-06-06T12:22:50.1256938Z /usr/bin/tar: ../../../../../usr/local/lib/android/sdk/platforms/android-34-ext11/data/res/values-mcc310-mnc280-fa: Cannot utime: Operation not permitted
build	Cache Android SDK	2026-06-06T12:22:50.1258018Z /usr/bin/tar: ../../../../../usr/local/lib/android/sdk/platforms/android-34-ext11/data/res/values-mcc310-mnc280-fa: Cannot change mode to rwxr-xr-x: Operation not permitted
build	Cache Android SDK	2026-06-06T12:22:50.1260139Z /usr/bin/tar: ../../../../../usr/local/lib/android/sdk/platforms/android-34-ext11/data/res/values-mcc302-mnc720-bn: Cannot utime: Operation not permitted
build	Cache Android SDK	2026-06-06T12:22:50.1261102Z /usr/bin/tar: ../../../../../usr/local/lib/android/sdk/platforms/android-34-ext11/data/res/values-mcc302-mnc720-bn: Cannot change mode to rwxr-xr-x: Operation not permitted
build	Cache Android SDK	2026-06-06T12:22:50.1263095Z /usr/bin/tar: ../../../../../usr/local/lib/android/sdk/platforms/android-34-ext11/data/res/values-mcc262-mnc02: Cannot utime: Operation not permitted
build	Cache Android SDK	2026-06-06T12:22:50.1264035Z /usr/bin/tar: ../../../../../usr/local/lib/android/sdk/platforms/android-34-ext11/data/res/values-mcc262-mnc02: Cannot change mode to rwxr-xr-x: Operation not permitted
build	Cache Android SDK	2026-06-06T12:22:50.1266314Z /usr/bin/tar: ../../../../../usr/local/lib/android/sdk/platforms/android-34-ext11/data/res/values-mcc310-mnc230-cs: Cannot utime: Operation not permitted
build	Cache Android SDK	2026-06-06T12:22:50.1267267Z /usr/bin/tar: ../../../../../usr/local/lib/android/sdk/platforms/android-34-ext11/data/res/values-mcc310-mnc230-cs: Cannot change mode to rwxr-xr-x: Operation not permitted
build	Cache Android SDK	2026-06-06T12:22:50.1269552Z /usr/bin/tar: ../../../../../usr/local/lib/android/sdk/platforms/android-34-ext11/data/res/values-mcc310-mnc800-zu: Cannot utime: Operation not permitted
build	Cache Android SDK	2026-06-06T12:22:50.1270497Z /usr/bin/tar: ../../../../../usr/local/lib/android/sdk/platforms/android-34-ext11/data/res/values-mcc310-mnc800-zu: Cannot change mode to rwxr-xr-x: Operation not permitted
build	Cache Android SDK	2026-06-06T12:22:50.1276222Z /usr/bin/tar: ../../../../../usr/local/lib/android/sdk/platforms/android-34-ext11/data/res/values-fr: Cannot utime: Operation not permitted
build	Cache Android SDK	2026-06-06T12:22:50.1277323Z /usr/bin/tar: ../../../../../usr/local/lib/android/sdk/platforms/android-34-ext11/data/res/values-fr: Cannot change mode to rwxr-xr-x: Operation not permitted
build	Cache Android SDK	2026-06-06T12:22:50.1279273Z /usr/bin/tar: ../../../../../usr/local/lib/android/sdk/platforms/android-34-ext11/data/res/values-mcc310-mnc380-is: Cannot utime: Operation not permitted
build	Cache Android SDK	2026-06-06T12:22:50.1280252Z /usr/bin/tar: ../../../../../usr/local/lib/android/sdk/platforms/android-34-ext11/data/res/values-mcc310-mnc380-is: Cannot change mode to rwxr-xr-x: Operation not permitted
build	Cache Android SDK	2026-06-06T12:22:50.1281778Z /usr/bin/tar: ../../../../../usr/local/lib/android/sdk/platforms/android-34-ext11/data/res/values-mcc466-mnc06: Cannot utime: Operation not permitted
build	Cache Android SDK	2026-06-06T12:22:50.1282711Z /usr/bin/tar: ../../../../../usr/local/lib/android/sdk/platforms/android-34-ext11/data/res/values-mcc466-mnc06: Cannot change mode to rwxr-xr-x: Operation not permitted
build	Cache Android SDK	2026-06-06T12:22:50.1285013Z /usr/bin/tar: ../../../../../usr/local/lib/android/sdk/platforms/android-34-ext11/data/res/values-mcc310-mnc490-uz: Cannot utime: Operation not permitted
build	Cache Android SDK	2026-06-06T12:22:50.1286046Z /usr/bin/tar: ../../../../../usr/local/lib/android/sdk/platforms/android-34-ext11/data/res/values-mcc310-mnc490-uz: Cannot change mode to rwxr-xr-x: Operation not permitted
build	Cache Android SDK	2026-06-06T12:22:50.1288742Z /usr/bin/tar: ../../../../../usr/local/lib/android/sdk/platforms/android-34-ext11/data/res/values-mcc310-mnc270-ja: Cannot utime: Operation not permitted
build	Cache Android SDK	2026-06-06T12:22:50.1289683Z /usr/bin/tar: ../../../../../usr/local/lib/android/sdk/platforms/android-34-ext11/data/res/values-mcc310-mnc270-ja: Cannot change mode to rwxr-xr-x: Operation not permitted
build	Cache Android SDK	2026-06-06T12:22:50.1291795Z /usr/bin/tar: ../../../../../usr/local/lib/android/sdk/platforms/android-34-ext11/data/res/values-mcc302-mnc720-hi: Cannot utime: Operation not permitted
build	Cache Android SDK	2026-06-06T12:22:50.1292731Z /usr/bin/tar: ../../../../../usr/local/lib/android/sdk/platforms/android-34-ext11/data/res/values-mcc302-mnc720-hi: Cannot change mode to rwxr-xr-x: Operation not permitted
build	Cache Android SDK	2026-06-06T12:22:50.1295023Z /usr/bin/tar: ../../../../../usr/local/lib/android/sdk/platforms/android-34-ext11/data/res/values-mcc302-mnc720-bg: Cannot utime: Operation not permitted
build	Cache Android SDK	2026-06-06T12:22:50.1295972Z /usr/bin/tar: ../../../../../usr/local/lib/android/sdk/platforms/android-34-ext11/data/res/values-mcc302-mnc720-bg: Cannot change mode to rwxr-xr-x: Operation not permitted
build	Cache Android SDK	2026-06-06T12:22:50.1298338Z /usr/bin/tar: ../../../../../usr/local/lib/android/sdk/platforms/android-34-ext11/data/res/values-mcc310-mnc380-af: Cannot utime: Operation not permitted
build	Cache Android SDK	2026-06-06T12:22:50.1299283Z /usr/bin/tar: ../../../../../usr/local/lib/android/sdk/platforms/android-34-ext11/data/res/values-mcc310-mnc380-af: Cannot change mode to rwxr-xr-x: Operation not permitted
build	Cache Android SDK	2026-06-06T12:22:50.1301632Z /usr/bin/tar: ../../../../../usr/local/lib/android/sdk/platforms/android-34-ext11/data/res/values-mcc001-mnc01-fi: Cannot utime: Operation not permitted
build	Cache Android SDK	2026-06-06T12:22:50.1302656Z /usr/bin/tar: ../../../../../usr/local/lib/android/sdk/platforms/android-34-ext11/data/res/values-mcc001-mnc01-fi: Cannot change mode to rwxr-xr-x: Operation not permitted
build	Cache Android SDK	2026-06-06T12:22:50.1304676Z /usr/bin/tar: ../../../../../usr/local/lib/android/sdk/platforms/android-34-ext11/data/res/values-mcc310-mnc490-mn: Cannot utime: Operation not permitted
build	Cache Android SDK	2026-06-06T12:22:50.1305625Z /usr/bin/tar: ../../../../../usr/local/lib/android/sdk/platforms/android-34-ext11/data/res/values-mcc310-mnc490-mn: Cannot change mode to rwxr-xr-x: Operation not permitted
build	Cache Android SDK	2026-06-06T12:22:50.1308830Z /usr/bin/tar: ../../../../../usr/local/lib/android/sdk/platforms/android-34-ext11/data/res/values-mcc310-mnc410-fa: Cannot utime: Operation not permitted
build	Cache Android SDK	2026-06-06T12:22:50.1309782Z /usr/bin/tar: ../../../../../usr/local/lib/android/sdk/platforms/android-34-ext11/data/res/values-mcc310-mnc410-fa: Cannot change mode to rwxr-xr-x: Operation not permitted
build	Cache Android SDK	2026-06-06T12:22:50.1312134Z /usr/bin/tar: ../../../../../usr/local/lib/android/sdk/platforms/android-34-ext11/data/res/values-mcc310-mnc410-iw: Cannot utime: Operation not permitted
build	Cache Android SDK	2026-06-06T12:22:50.1313167Z /usr/bin/tar: ../../../../../usr/local/lib/android/sdk/platforms/android-34-ext11/data/res/values-mcc310-mnc410-iw: Cannot change mode to rwxr-xr-x: Operation not permitted
build	Cache Android SDK	2026-06-06T12:22:50.1316044Z /usr/bin/tar: ../../../../../usr/local/lib/android/sdk/platforms/android-34-ext11/data/res/values-mcc310-mnc380-zu: Cannot utime: Operation not permitted
build	Cache Android SDK	2026-06-06T12:22:50.1316990Z /usr/bin/tar: ../../../../../usr/local/lib/android/sdk/platforms/android-34-ext11/data/res/values-mcc310-mnc380-zu: Cannot change mode to rwxr-xr-x: Operation not permitted
build	Cache Android SDK	2026-06-06T12:22:50.1322867Z /usr/bin/tar: ../../../../../usr/local/lib/android/sdk/platforms/android-34-ext11/data/res/values-iw: Cannot utime: Operation not permitted
build	Cache Android SDK	2026-06-06T12:22:50.1324530Z /usr/bin/tar: ../../../../../usr/local/lib/android/sdk/platforms/android-34-ext11/data/res/values-iw: Cannot change mode to rwxr-xr-x: Operation not permitted
build	Cache Android SDK	2026-06-06T12:22:50.1325876Z /usr/bin/tar: ../../../../../usr/local/lib/android/sdk/platforms/android-34-ext11/data/res/values-mcc310-mnc150-en-rIN: Cannot utime: Operation not permitted
build	Cache Android SDK	2026-06-06T12:22:50.1326975Z /usr/bin/tar: ../../../../../usr/local/lib/android/sdk/platforms/android-34-ext11/data/res/values-mcc310-mnc150-en-rIN: Cannot change mode to rwxr-xr-x: Operation not permitted
build	Cache Android SDK	2026-06-06T12:22:50.1329707Z /usr/bin/tar: ../../../../../usr/local/lib/android/sdk/platforms/android-34-ext11/data/res/values-mcc311-mnc180-en-rIN: Cannot utime: Operation not permitted
build	Cache Android SDK	2026-06-06T12:22:50.1331239Z /usr/bin/tar: ../../../../../usr/local/lib/android/sdk/platforms/android-34-ext11/data/res/values-mcc311-mnc180-en-rIN: Cannot change mode to rwxr-xr-x: Operation not permitted
build	Cache Android SDK	2026-06-06T12:22:50.1332771Z /usr/bin/tar: ../../../../../usr/local/lib/android/sdk/platforms/android-34-ext11/data/res/values-mcc310-mnc800-is: Cannot utime: Operation not permitted
build	Cache Android SDK	2026-06-06T12:22:50.1334247Z /usr/bin/tar: ../../../../../usr/local/lib/android/sdk/platforms/android-34-ext11/data/res/values-mcc310-mnc800-is: Cannot change mode to rwxr-xr-x: Operation not permitted
build	Cache Android SDK	2026-06-06T12:22:50.1335660Z /usr/bin/tar: ../../../../../usr/local/lib/android/sdk/platforms/android-34-ext11/data/res/values-mcc302-mnc370-mr: Cannot utime: Operation not permitted
build	Cache Android SDK	2026-06-06T12:22:50.1336633Z /usr/bin/tar: ../../../../../usr/local/lib/android/sdk/platforms/android-34-ext11/data/res/values-mcc302-mnc370-mr: Cannot change mode to rwxr-xr-x: Operation not permitted
build	Cache Android SDK	2026-06-06T12:22:50.1339303Z /usr/bin/tar: ../../../../../usr/local/lib/android/sdk/platforms/android-34-ext11/data/res/values-mcc310-mnc800-ta: Cannot utime: Operation not permitted
build	Cache Android SDK	2026-06-06T12:22:50.1340295Z /usr/bin/tar: ../../../../../usr/local/lib/android/sdk/platforms/android-34-ext11/data/res/values-mcc310-mnc800-ta: Cannot change mode to rwxr-xr-x: Operation not permitted
build	Cache Android SDK	2026-06-06T12:22:50.1342711Z /usr/bin/tar: ../../../../../usr/local/lib/android/sdk/platforms/android-34-ext11/data/res/values-mcc310-mnc380-mn: Cannot utime: Operation not permitted
build	Cache Android SDK	2026-06-06T12:22:50.1343794Z /usr/bin/tar: ../../../../../usr/local/lib/android/sdk/platforms/android-34-ext11/data/res/values-mcc310-mnc380-mn: Cannot change mode to rwxr-xr-x: Operation not permitted
build	Cache Android SDK	2026-06-06T12:22:50.1346305Z /usr/bin/tar: ../../../../../usr/local/lib/android/sdk/platforms/android-34-ext11/data/res/values-mcc310-mnc560-ta: Cannot utime: Operation not permitted
build	Cache Android SDK	2026-06-06T12:22:50.1347277Z /usr/bin/tar: ../../../../../usr/local/lib/android/sdk/platforms/android-34-ext11/data/res/values-mcc310-mnc560-ta: Cannot change mode to rwxr-xr-x: Operation not permitted
build	Cache Android SDK	2026-06-06T12:22:50.1349434Z /usr/bin/tar: ../../../../../usr/local/lib/android/sdk/platforms/android-34-ext11/data/res/values-mcc310-mnc160-el: Cannot utime: Operation not permitted
build	Cache Android SDK	2026-06-06T12:22:50.1350413Z /usr/bin/tar: ../../../../../usr/local/lib/android/sdk/platforms/android-34-ext11/data/res/values-mcc310-mnc160-el: Cannot change mode to rwxr-xr-x: Operation not permitted
build	Cache Android SDK	2026-06-06T12:22:50.1353010Z /usr/bin/tar: ../../../../../usr/local/lib/android/sdk/platforms/android-34-ext11/data/res/values-mcc310-mnc240-en-rAU: Cannot utime: Operation not permitted
build	Cache Android SDK	2026-06-06T12:22:50.1354026Z /usr/bin/tar: ../../../../../usr/local/lib/android/sdk/platforms/android-34-ext11/data/res/values-mcc310-mnc240-en-rAU: Cannot change mode to rwxr-xr-x: Operation not permitted
build	Cache Android SDK	2026-06-06T12:22:50.1356695Z /usr/bin/tar: ../../../../../usr/local/lib/android/sdk/platforms/android-34-ext11/data/res/values-mcc310-mnc410-zh-rCN: Cannot utime: Operation not permitted
build	Cache Android SDK	2026-06-06T12:22:50.1358087Z /usr/bin/tar: ../../../../../usr/local/lib/android/sdk/platforms/android-34-ext11/data/res/values-mcc310-mnc410-zh-rCN: Cannot change mode to rwxr-xr-x: Operation not permitted
build	Cache Android SDK	2026-06-06T12:22:50.1359907Z /usr/bin/tar: ../../../../../usr/local/lib/android/sdk/platforms/android-34-ext11/data/res/values-mcc310-mnc250-lt: Cannot utime: Operation not permitted
build	Cache Android SDK	2026-06-06T12:22:50.1360873Z /usr/bin/tar: ../../../../../usr/local/lib/android/sdk/platforms/android-34-ext11/data/res/values-mcc310-mnc250-lt: Cannot change mode to rwxr-xr-x: Operation not permitted
build	Cache Android SDK	2026-06-06T12:22:50.1363262Z /usr/bin/tar: ../../../../../usr/local/lib/android/sdk/platforms/android-34-ext11/data/res/values-mcc310-mnc410-ta: Cannot utime: Operation not permitted
build	Cache Android SDK	2026-06-06T12:22:50.1364222Z /usr/bin/tar: ../../../../../usr/local/lib/android/sdk/platforms/android-34-ext11/data/res/values-mcc310-mnc410-ta: Cannot change mode to rwxr-xr-x: Operation not permitted
build	Cache Android SDK	2026-06-06T12:22:50.1366544Z /usr/bin/tar: ../../../../../usr/local/lib/android/sdk/platforms/android-34-ext11/data/res/values-pt-television: Cannot utime: Operation not permitted
build	Cache Android SDK	2026-06-06T12:22:50.1367756Z /usr/bin/tar: ../../../../../usr/local/lib/android/sdk/platforms/android-34-ext11/data/res/values-pt-television: Cannot change mode to rwxr-xr-x: Operation not permitted
build	Cache Android SDK	2026-06-06T12:22:50.1369729Z /usr/bin/tar: ../../../../../usr/local/lib/android/sdk/platforms/android-34-ext11/data/res/values-mcc310-mnc220-fr: Cannot utime: Operation not permitted
build	Cache Android SDK	2026-06-06T12:22:50.1370702Z /usr/bin/tar: ../../../../../usr/local/lib/android/sdk/platforms/android-34-ext11/data/res/values-mcc310-mnc220-fr: Cannot change mode to rwxr-xr-x: Operation not permitted
build	Cache Android SDK	2026-06-06T12:22:50.1373510Z /usr/bin/tar: ../../../../../usr/local/lib/android/sdk/platforms/android-34-ext11/data/res/values-mcc302-mnc370-mk: Cannot utime: Operation not permitted
build	Cache Android SDK	2026-06-06T12:22:50.1374753Z /usr/bin/tar: ../../../../../usr/local/lib/android/sdk/platforms/android-34-ext11/data/res/values-mcc302-mnc370-mk: Cannot change mode to rwxr-xr-x: Operation not permitted
build	Cache Android SDK	2026-06-06T12:22:50.1376344Z /usr/bin/tar: ../../../../../usr/local/lib/android/sdk/platforms/android-34-ext11/data/res/values-mcc310-mnc410-ne: Cannot utime: Operation not permitted
build	Cache Android SDK	2026-06-06T12:22:50.1377299Z /usr/bin/tar: ../../../../../usr/local/lib/android/sdk/platforms/android-34-ext11/data/res/values-mcc310-mnc410-ne: Cannot change mode to rwxr-xr-x: Operation not permitted
build	Cache Android SDK	2026-06-06T12:22:50.1379720Z /usr/bin/tar: ../../../../../usr/local/lib/android/sdk/platforms/android-34-ext11/data/res/values-mcc310-mnc200-pa: Cannot utime: Operation not permitted
build	Cache Android SDK	2026-06-06T12:22:50.1380686Z /usr/bin/tar: ../../../../../usr/local/lib/android/sdk/platforms/android-34-ext11/data/res/values-mcc310-mnc200-pa: Cannot change mode to rwxr-xr-x: Operation not permitted
build	Cache Android SDK	2026-06-06T12:22:50.1383350Z /usr/bin/tar: ../../../../../usr/local/lib/android/sdk/platforms/android-34-ext11/data/res/values-mcc302-mnc370-ms: Cannot utime: Operation not permitted
build	Cache Android SDK	2026-06-06T12:22:50.1384378Z /usr/bin/tar: ../../../../../usr/local/lib/android/sdk/platforms/android-34-ext11/data/res/values-mcc302-mnc370-ms: Cannot change mode to rwxr-xr-x: Operation not permitted
build	Cache Android SDK	2026-06-06T12:22:50.1386324Z /usr/bin/tar: ../../../../../usr/local/lib/android/sdk/platforms/android-34-ext11/data/res/values-mcc310-mnc220-ro: Cannot utime: Operation not permitted
build	Cache Android SDK	2026-06-06T12:22:50.1387714Z /usr/bin/tar: ../../../../../usr/local/lib/android/sdk/platforms/android-34-ext11/data/res/values-mcc310-mnc220-ro: Cannot change mode to rwxr-xr-x: Operation not permitted
build	Cache Android SDK	2026-06-06T12:22:50.1389894Z /usr/bin/tar: ../../../../../usr/local/lib/android/sdk/platforms/android-34-ext11/data/res/values-mcc310-mnc280-ms: Cannot utime: Operation not permitted
build	Cache Android SDK	2026-06-06T12:22:50.1391029Z /usr/bin/tar: ../../../../../usr/local/lib/android/sdk/platforms/android-34-ext11/data/res/values-mcc310-mnc280-ms: Cannot change mode to rwxr-xr-x: Operation not permitted
build	Cache Android SDK	2026-06-06T12:22:50.1393141Z /usr/bin/tar: ../../../../../usr/local/lib/android/sdk/platforms/android-34-ext11/data/res/values-mcc310-mnc170-hr: Cannot utime: Operation not permitted
build	Cache Android SDK	2026-06-06T12:22:50.1394109Z /usr/bin/tar: ../../../../../usr/local/lib/android/sdk/platforms/android-34-ext11/data/res/values-mcc310-mnc170-hr: Cannot change mode to rwxr-xr-x: Operation not permitted
build	Cache Android SDK	2026-06-06T12:22:50.1396691Z /usr/bin/tar: ../../../../../usr/local/lib/android/sdk/platforms/android-34-ext11/data/res/values-mcc310-mnc030-nb: Cannot utime: Operation not permitted
build	Cache Android SDK	2026-06-06T12:22:50.1397922Z /usr/bin/tar: ../../../../../usr/local/lib/android/sdk/platforms/android-34-ext11/data/res/values-mcc310-mnc030-nb: Cannot change mode to rwxr-xr-x: Operation not permitted
build	Cache Android SDK	2026-06-06T12:22:50.1399936Z /usr/bin/tar: ../../../../../usr/local/lib/android/sdk/platforms/android-34-ext11/data/res/values-mcc302-mnc780: Cannot utime: Operation not permitted
build	Cache Android SDK	2026-06-06T12:22:50.1400895Z /usr/bin/tar: ../../../../../usr/local/lib/android/sdk/platforms/android-34-ext11/data/res/values-mcc302-mnc780: Cannot change mode to rwxr-xr-x: Operation not permitted
build	Cache Android SDK	2026-06-06T12:22:50.1403786Z /usr/bin/tar: ../../../../../usr/local/lib/android/sdk/platforms/android-34-ext11/data/res/values-mcc310-mnc560-fr-rCA: Cannot utime: Operation not permitted
build	Cache Android SDK	2026-06-06T12:22:50.1404838Z /usr/bin/tar: ../../../../../usr/local/lib/android/sdk/platforms/android-34-ext11/data/res/values-mcc310-mnc560-fr-rCA: Cannot change mode to rwxr-xr-x: Operation not permitted
build	Cache Android SDK	2026-06-06T12:22:50.1409281Z /usr/bin/tar: ../../../../../usr/local/lib/android/sdk/platforms/android-34-ext11/data/res/values-mcc310-mnc560-ms: Cannot utime: Operation not permitted
build	Cache Android SDK	2026-06-06T12:22:50.1410743Z /usr/bin/tar: ../../../../../usr/local/lib/android/sdk/platforms/android-34-ext11/data/res/values-mcc310-mnc560-ms: Cannot change mode to rwxr-xr-x: Operation not permitted
build	Cache Android SDK	2026-06-06T12:22:50.1411701Z /usr/bin/tar: ../../../../../usr/local/lib/android/sdk/platforms/android-34-ext11/data/res/values-mcc311-mnc180-en-rCA: Cannot utime: Operation not permitted
build	Cache Android SDK	2026-06-06T12:22:50.1413479Z /usr/bin/tar: ../../../../../usr/local/lib/android/sdk/platforms/android-34-ext11/data/res/values-mcc311-mnc180-en-rCA: Cannot change mode to rwxr-xr-x: Operation not permitted
build	Cache Android SDK	2026-06-06T12:22:50.1414445Z /usr/bin/tar: ../../../../../usr/local/lib/android/sdk/platforms/android-34-ext11/data/res/values-hu-television: Cannot utime: Operation not permitted
build	Cache Android SDK	2026-06-06T12:22:50.1415731Z /usr/bin/tar: ../../../../../usr/local/lib/android/sdk/platforms/android-34-ext11/data/res/values-hu-television: Cannot change mode to rwxr-xr-x: Operation not permitted
build	Cache Android SDK	2026-06-06T12:22:50.1417162Z /usr/bin/tar: ../../../../../usr/local/lib/android/sdk/platforms/android-34-ext11/data/res/values-mcc310-mnc410-ur: Cannot utime: Operation not permitted
build	Cache Android SDK	2026-06-06T12:22:50.1418304Z /usr/bin/tar: ../../../../../usr/local/lib/android/sdk/platforms/android-34-ext11/data/res/values-mcc310-mnc410-ur: Cannot change mode to rwxr-xr-x: Operation not permitted
build	Cache Android SDK	2026-06-06T12:22:50.1420244Z /usr/bin/tar: ../../../../../usr/local/lib/android/sdk/platforms/android-34-ext11/data/res/values-mcc310-mnc560-si: Cannot utime: Operation not permitted
build	Cache Android SDK	2026-06-06T12:22:50.1421198Z /usr/bin/tar: ../../../../../usr/local/lib/android/sdk/platforms/android-34-ext11/data/res/values-mcc310-mnc560-si: Cannot change mode to rwxr-xr-x: Operation not permitted
build	Cache Android SDK	2026-06-06T12:22:50.1423465Z /usr/bin/tar: ../../../../../usr/local/lib/android/sdk/platforms/android-34-ext11/data/res/values-mcc001-mnc01-ml: Cannot utime: Operation not permitted
build	Cache Android SDK	2026-06-06T12:22:50.1424511Z /usr/bin/tar: ../../../../../usr/local/lib/android/sdk/platforms/android-34-ext11/data/res/values-mcc001-mnc01-ml: Cannot change mode to rwxr-xr-x: Operation not permitted
build	Cache Android SDK	2026-06-06T12:22:50.1426490Z /usr/bin/tar: ../../../../../usr/local/lib/android/sdk/platforms/android-34-ext11/data/res/values-mcc310-mnc950-lv: Cannot utime: Operation not permitted
build	Cache Android SDK	2026-06-06T12:22:50.1427615Z /usr/bin/tar: ../../../../../usr/local/lib/android/sdk/platforms/android-34-ext11/data/res/values-mcc310-mnc950-lv: Cannot change mode to rwxr-xr-x: Operation not permitted
build	Cache Android SDK	2026-06-06T12:22:50.1429875Z /usr/bin/tar: ../../../../../usr/local/lib/android/sdk/platforms/android-34-ext11/data/res/values-mcc310-mnc170-be: Cannot utime: Operation not permitted
build	Cache Android SDK	2026-06-06T12:22:50.1430831Z /usr/bin/tar: ../../../../../usr/local/lib/android/sdk/platforms/android-34-ext11/data/res/values-mcc310-mnc170-be: Cannot change mode to rwxr-xr-x: Operation not permitted
build	Cache Android SDK	2026-06-06T12:22:50.1433027Z /usr/bin/tar: ../../../../../usr/local/lib/android/sdk/platforms/android-34-ext11/data/res/values-mcc313-mnc100-hr: Cannot utime: Operation not permitted
build	Cache Android SDK	2026-06-06T12:22:50.1434062Z /usr/bin/tar: ../../../../../usr/local/lib/android/sdk/platforms/android-34-ext11/data/res/values-mcc313-mnc100-hr: Cannot change mode to rwxr-xr-x: Operation not permitted
build	Cache Android SDK	2026-06-06T12:22:50.1436239Z /usr/bin/tar: ../../../../../usr/local/lib/android/sdk/platforms/android-34-ext11/data/res/values-mcc310-mnc380-lv: Cannot utime: Operation not permitted
build	Cache Android SDK	2026-06-06T12:22:50.1437185Z /usr/bin/tar: ../../../../../usr/local/lib/android/sdk/platforms/android-34-ext11/data/res/values-mcc310-mnc380-lv: Cannot change mode to rwxr-xr-x: Operation not permitted
build	Cache Android SDK	2026-06-06T12:22:50.1439766Z /usr/bin/tar: ../../../../../usr/local/lib/android/sdk/platforms/android-34-ext11/data/res/values-mcc310-mnc030-hi: Cannot utime: Operation not permitted
build	Cache Android SDK	2026-06-06T12:22:50.1440828Z /usr/bin/tar: ../../../../../usr/local/lib/android/sdk/platforms/android-34-ext11/data/res/values-mcc310-mnc030-hi: Cannot change mode to rwxr-xr-x: Operation not permitted
build	Cache Android SDK	2026-06-06T12:22:50.1442738Z /usr/bin/tar: ../../../../../usr/local/lib/android/sdk/platforms/android-34-ext11/data/res/values-mcc310-mnc560-lv: Cannot utime: Operation not permitted
build	Cache Android SDK	2026-06-06T12:22:50.1443697Z /usr/bin/tar: ../../../../../usr/local/lib/android/sdk/platforms/android-34-ext11/data/res/values-mcc310-mnc560-lv: Cannot change mode to rwxr-xr-x: Operation not permitted
build	Cache Android SDK	2026-06-06T12:22:50.1447028Z /usr/bin/tar: ../../../../../usr/local/lib/android/sdk/platforms/android-34-ext11/data/res/values-mcc311-mnc180-zh-rTW: Cannot utime: Operation not permitted
build	Cache Android SDK	2026-06-06T12:22:50.1448612Z /usr/bin/tar: ../../../../../usr/local/lib/android/sdk/platforms/android-34-ext11/data/res/values-mcc311-mnc180-zh-rTW: Cannot change mode to rwxr-xr-x: Operation not permitted
build	Cache Android SDK	2026-06-06T12:22:50.1450312Z /usr/bin/tar: ../../../../../usr/local/lib/android/sdk/platforms/android-34-ext11/data/res/values-mcc310-mnc380-az: Cannot utime: Operation not permitted
build	Cache Android SDK	2026-06-06T12:22:50.1451257Z /usr/bin/tar: ../../../../../usr/local/lib/android/sdk/platforms/android-34-ext11/data/res/values-mcc310-mnc380-az: Cannot change mode to rwxr-xr-x: Operation not permitted
build	Cache Android SDK	2026-06-06T12:22:50.1453714Z /usr/bin/tar: ../../../../../usr/local/lib/android/sdk/platforms/android-34-ext11/data/res/values-mcc310-mnc030-b+sr+Latn: Cannot utime: Operation not permitted
build	Cache Android SDK	2026-06-06T12:22:50.1454718Z /usr/bin/tar: ../../../../../usr/local/lib/android/sdk/platforms/android-34-ext11/data/res/values-mcc310-mnc030-b+sr+Latn: Cannot change mode to rwxr-xr-x: Operation not permitted
build	Cache Android SDK	2026-06-06T12:22:50.1457136Z /usr/bin/tar: ../../../../../usr/local/lib/android/sdk/platforms/android-34-ext11/data/res/values-mcc310-mnc200-mn: Cannot utime: Operation not permitted
build	Cache Android SDK	2026-06-06T12:22:50.1458261Z /usr/bin/tar: ../../../../../usr/local/lib/android/sdk/platforms/android-34-ext11/data/res/values-mcc310-mnc200-mn: Cannot change mode to rwxr-xr-x: Operation not permitted
build	Cache Android SDK	2026-06-06T12:22:50.1460661Z /usr/bin/tar: ../../../../../usr/local/lib/android/sdk/platforms/android-34-ext11/data/res/values-mcc310-mnc230-fa: Cannot utime: Operation not permitted
build	Cache Android SDK	2026-06-06T12:22:50.1461617Z /usr/bin/tar: ../../../../../usr/local/lib/android/sdk/platforms/android-34-ext11/data/res/values-mcc310-mnc230-fa: Cannot change mode to rwxr-xr-x: Operation not permitted
build	Cache Android SDK	2026-06-06T12:22:50.1463856Z /usr/bin/tar: ../../../../../usr/local/lib/android/sdk/platforms/android-34-ext11/data/res/values-mcc311-mnc180-lo: Cannot utime: Operation not permitted
build	Cache Android SDK	2026-06-06T12:22:50.1464816Z /usr/bin/tar: ../../../../../usr/local/lib/android/sdk/platforms/android-34-ext11/data/res/values-mcc311-mnc180-lo: Cannot change mode to rwxr-xr-x: Operation not permitted
build	Cache Android SDK	2026-06-06T12:22:50.1467138Z /usr/bin/tar: ../../../../../usr/local/lib/android/sdk/platforms/android-34-ext11/data/res/values-in-watch: Cannot utime: Operation not permitted
build	Cache Android SDK	2026-06-06T12:22:50.1468470Z /usr/bin/tar: ../../../../../usr/local/lib/android/sdk/platforms/android-34-ext11/data/res/values-in-watch: Cannot change mode to rwxr-xr-x: Operation not permitted
build	Cache Android SDK	2026-06-06T12:22:50.1470331Z /usr/bin/tar: ../../../../../usr/local/lib/android/sdk/platforms/android-34-ext11/data/res/values-mcc001-mnc01-en-rXC: Cannot utime: Operation not permitted
build	Cache Android SDK	2026-06-06T12:22:50.1471300Z /usr/bin/tar: ../../../../../usr/local/lib/android/sdk/platforms/android-34-ext11/data/res/values-mcc001-mnc01-en-rXC: Cannot change mode to rwxr-xr-x: Operation not permitted
build	Cache Android SDK	2026-06-06T12:22:50.1473710Z /usr/bin/tar: ../../../../../usr/local/lib/android/sdk/platforms/android-34-ext11/data/res/values-mcc310-mnc270-sl: Cannot utime: Operation not permitted
build	Cache Android SDK	2026-06-06T12:22:50.1474653Z /usr/bin/tar: ../../../../../usr/local/lib/android/sdk/platforms/android-34-ext11/data/res/values-mcc310-mnc270-sl: Cannot change mode to rwxr-xr-x: Operation not permitted
build	Cache Android SDK	2026-06-06T12:22:50.1476950Z /usr/bin/tar: ../../../../../usr/local/lib/android/sdk/platforms/android-34-ext11/data/res/values-mcc312-mnc670-af: Cannot utime: Operation not permitted
build	Cache Android SDK	2026-06-06T12:22:50.1478053Z /usr/bin/tar: ../../../../../usr/local/lib/android/sdk/platforms/android-34-ext11/data/res/values-mcc312-mnc670-af: Cannot change mode to rwxr-xr-x: Operation not permitted
build	Cache Android SDK	2026-06-06T12:22:50.1479955Z /usr/bin/tar: ../../../../../usr/local/lib/android/sdk/platforms/android-34-ext11/data/res/values-mcc310-mnc950-bn: Cannot utime: Operation not permitted
build	Cache Android SDK	2026-06-06T12:22:50.1480903Z /usr/bin/tar: ../../../../../usr/local/lib/android/sdk/platforms/android-34-ext11/data/res/values-mcc310-mnc950-bn: Cannot change mode to rwxr-xr-x: Operation not permitted
build	Cache Android SDK	2026-06-06T12:22:50.1483066Z /usr/bin/tar: ../../../../../usr/local/lib/android/sdk/platforms/android-34-ext11/data/res/values-mcc310-mnc580: Cannot utime: Operation not permitted
build	Cache Android SDK	2026-06-06T12:22:50.1483995Z /usr/bin/tar: ../../../../../usr/local/lib/android/sdk/platforms/android-34-ext11/data/res/values-mcc310-mnc580: Cannot change mode to rwxr-xr-x: Operation not permitted
build	Cache Android SDK	2026-06-06T12:22:50.1486149Z /usr/bin/tar: ../../../../../usr/local/lib/android/sdk/platforms/android-34-ext11/data/res/values-mcc310-mnc200-es-rUS: Cannot utime: Operation not permitted
build	Cache Android SDK	2026-06-06T12:22:50.1487120Z /usr/bin/tar: ../../../../../usr/local/lib/android/sdk/platforms/android-34-ext11/data/res/values-mcc310-mnc200-es-rUS: Cannot change mode to rwxr-xr-x: Operation not permitted
build	Cache Android SDK	2026-06-06T12:22:50.1489455Z /usr/bin/tar: ../../../../../usr/local/lib/android/sdk/platforms/android-34-ext11/data/res/values-mcc310-mnc800-ms: Cannot utime: Operation not permitted
build	Cache Android SDK	2026-06-06T12:22:50.1490401Z /usr/bin/tar: ../../../../../usr/local/lib/android/sdk/platforms/android-34-ext11/data/res/values-mcc310-mnc800-ms: Cannot change mode to rwxr-xr-x: Operation not permitted
build	Cache Android SDK	2026-06-06T12:22:50.1494239Z /usr/bin/tar: ../../../../../usr/local/lib/android/sdk/platforms/android-34-ext11/data/res/values-mcc310-mnc200-bs: Cannot utime: Operation not permitted
build	Cache Android SDK	2026-06-06T12:22:50.1495295Z /usr/bin/tar: ../../../../../usr/local/lib/android/sdk/platforms/android-34-ext11/data/res/values-mcc310-mnc200-bs: Cannot change mode to rwxr-xr-x: Operation not permitted
build	Cache Android SDK	2026-06-06T12:22:50.1498187Z /usr/bin/tar: ../../../../../usr/local/lib/android/sdk/platforms/android-34-ext11/data/res/values-mcc310-mnc280-uz: Cannot utime: Operation not permitted
build	Cache Android SDK	2026-06-06T12:22:50.1499485Z /usr/bin/tar: ../../../../../usr/local/lib/android/sdk/platforms/android-34-ext11/data/res/values-mcc310-mnc280-uz: Cannot change mode to rwxr-xr-x: Operation not permitted
build	Cache Android SDK	2026-06-06T12:22:50.1501731Z /usr/bin/tar: ../../../../../usr/local/lib/android/sdk/platforms/android-34-ext11/data/res/values-mcc310-mnc230-hr: Cannot utime: Operation not permitted
build	Cache Android SDK	2026-06-06T12:22:50.1502710Z /usr/bin/tar: ../../../../../usr/local/lib/android/sdk/platforms/android-34-ext11/data/res/values-mcc310-mnc230-hr: Cannot change mode to rwxr-xr-x: Operation not permitted
build	Cache Android SDK	2026-06-06T12:22:50.1504839Z /usr/bin/tar: ../../../../../usr/local/lib/android/sdk/platforms/android-34-ext11/data/res/values-mcc310-mnc240-it: Cannot utime: Operation not permitted
build	Cache Android SDK	2026-06-06T12:22:50.1506288Z /usr/bin/tar: ../../../../../usr/local/lib/android/sdk/platforms/android-34-ext11/data/res/values-mcc310-mnc240-it: Cannot change mode to rwxr-xr-x: Operation not permitted
build	Cache Android SDK	2026-06-06T12:22:50.1508202Z /usr/bin/tar: ../../../../../usr/local/lib/android/sdk/platforms/android-34-ext11/data/res/values-mcc440: Cannot utime: Operation not permitted
build	Cache Android SDK	2026-06-06T12:22:50.1509158Z /usr/bin/tar: ../../../../../usr/local/lib/android/sdk/platforms/android-34-ext11/data/res/values-mcc440: Cannot change mode to rwxr-xr-x: Operation not permitted
build	Cache Android SDK	2026-06-06T12:22:50.1510378Z /usr/bin/tar: ../../../../../usr/local/lib/android/sdk/platforms/android-34-ext11/data/res/values-mcc310-mnc310-es: Cannot utime: Operation not permitted
build	Cache Android SDK	2026-06-06T12:22:50.1511505Z /usr/bin/tar: ../../../../../usr/local/lib/android/sdk/platforms/android-34-ext11/data/res/values-mcc310-mnc310-es: Cannot change mode to rwxr-xr-x: Operation not permitted
build	Cache Android SDK	2026-06-06T12:22:50.1514256Z /usr/bin/tar: ../../../../../usr/local/lib/android/sdk/platforms/android-34-ext11/data/res/values-mcc310-mnc560-cs: Cannot utime: Operation not permitted
build	Cache Android SDK	2026-06-06T12:22:50.1515505Z /usr/bin/tar: ../../../../../usr/local/lib/android/sdk/platforms/android-34-ext11/data/res/values-mcc310-mnc560-cs: Cannot change mode to rwxr-xr-x: Operation not permitted
build	Cache Android SDK	2026-06-06T12:22:50.1517263Z /usr/bin/tar: ../../../../../usr/local/lib/android/sdk/platforms/android-34-ext11/data/res/values-mcc310-mnc160-ky: Cannot utime: Operation not permitted
build	Cache Android SDK	2026-06-06T12:22:50.1518488Z /usr/bin/tar: ../../../../../usr/local/lib/android/sdk/platforms/android-34-ext11/data/res/values-mcc310-mnc160-ky: Cannot change mode to rwxr-xr-x: Operation not permitted
build	Cache Android SDK	2026-06-06T12:22:50.1520448Z /usr/bin/tar: ../../../../../usr/local/lib/android/sdk/platforms/android-34-ext11/data/res/values-mcc310-mnc270-mk: Cannot utime: Operation not permitted
build	Cache Android SDK	2026-06-06T12:22:50.1521519Z /usr/bin/tar: ../../../../../usr/local/lib/android/sdk/platforms/android-34-ext11/data/res/values-mcc310-mnc270-mk: Cannot change mode to rwxr-xr-x: Operation not permitted
build	Cache Android SDK	2026-06-06T12:22:50.1524315Z /usr/bin/tar: ../../../../../usr/local/lib/android/sdk/platforms/android-34-ext11/data/res/values-et-watch: Cannot utime: Operation not permitted
build	Cache Android SDK	2026-06-06T12:22:50.1526029Z /usr/bin/tar: ../../../../../usr/local/lib/android/sdk/platforms/android-34-ext11/data/res/values-et-watch: Cannot change mode to rwxr-xr-x: Operation not permitted
build	Cache Android SDK	2026-06-06T12:22:50.1527729Z /usr/bin/tar: ../../../../../usr/local/lib/android/sdk/platforms/android-34-ext11/data/res/values-mcc310-mnc800-da: Cannot utime: Operation not permitted
build	Cache Android SDK	2026-06-06T12:22:50.1528760Z /usr/bin/tar: ../../../../../usr/local/lib/android/sdk/platforms/android-34-ext11/data/res/values-mcc310-mnc800-da: Cannot change mode to rwxr-xr-x: Operation not permitted
build	Cache Android SDK	2026-06-06T12:22:50.1530486Z /usr/bin/tar: ../../../../../usr/local/lib/android/sdk/platforms/android-34-ext11/data/res/values-mcc310-mnc310-sq: Cannot utime: Operation not permitted
build	Cache Android SDK	2026-06-06T12:22:50.1531526Z /usr/bin/tar: ../../../../../usr/local/lib/android/sdk/platforms/android-34-ext11/data/res/values-mcc310-mnc310-sq: Cannot change mode to rwxr-xr-x: Operation not permitted
build	Cache Android SDK	2026-06-06T12:22:50.1533698Z /usr/bin/tar: ../../../../../usr/local/lib/android/sdk/platforms/android-34-ext11/data/res/values-mcc310-mnc310-my: Cannot utime: Operation not permitted
build	Cache Android SDK	2026-06-06T12:22:50.1534634Z /usr/bin/tar: ../../../../../usr/local/lib/android/sdk/platforms/android-34-ext11/data/res/values-mcc310-mnc310-my: Cannot change mode to rwxr-xr-x: Operation not permitted
build	Cache Android SDK	2026-06-06T12:22:50.1536798Z /usr/bin/tar: ../../../../../usr/local/lib/android/sdk/platforms/android-34-ext11/data/res/values-mcc311-mnc180-be: Cannot utime: Operation not permitted
build	Cache Android SDK	2026-06-06T12:22:50.1537905Z /usr/bin/tar: ../../../../../usr/local/lib/android/sdk/platforms/android-34-ext11/data/res/values-mcc311-mnc180-be: Cannot change mode to rwxr-xr-x: Operation not permitted
build	Cache Android SDK	2026-06-06T12:22:50.1540135Z /usr/bin/tar: ../../../../../usr/local/lib/android/sdk/platforms/android-34-ext11/data/res/values-mcc310-mnc490-zu: Cannot utime: Operation not permitted
build	Cache Android SDK	2026-06-06T12:22:50.1541166Z /usr/bin/tar: ../../../../../usr/local/lib/android/sdk/platforms/android-34-ext11/data/res/values-mcc310-mnc490-zu: Cannot change mode to rwxr-xr-x: Operation not permitted
build	Cache Android SDK	2026-06-06T12:22:50.1543678Z /usr/bin/tar: ../../../../../usr/local/lib/android/sdk/platforms/android-34-ext11/data/res/values-mcc310-mnc410-am: Cannot utime: Operation not permitted
build	Cache Android SDK	2026-06-06T12:22:50.1544636Z /usr/bin/tar: ../../../../../usr/local/lib/android/sdk/platforms/android-34-ext11/data/res/values-mcc310-mnc410-am: Cannot change mode to rwxr-xr-x: Operation not permitted
build	Cache Android SDK	2026-06-06T12:22:50.1546930Z /usr/bin/tar: ../../../../../usr/local/lib/android/sdk/platforms/android-34-ext11/data/res/values-mcc310-mnc950-hr: Cannot utime: Operation not permitted
build	Cache Android SDK	2026-06-06T12:22:50.1548233Z /usr/bin/tar: ../../../../../usr/local/lib/android/sdk/platforms/android-34-ext11/data/res/values-mcc310-mnc950-hr: Cannot change mode to rwxr-xr-x: Operation not permitted
build	Cache Android SDK	2026-06-06T12:22:50.1549395Z /usr/bin/tar: ../../../../../usr/local/lib/android/sdk/platforms/android-34-ext11/data/res/values-mcc716-mnc10: Cannot utime: Operation not permitted
build	Cache Android SDK	2026-06-06T12:22:50.1550331Z /usr/bin/tar: ../../../../../usr/local/lib/android/sdk/platforms/android-34-ext11/data/res/values-mcc716-mnc10: Cannot change mode to rwxr-xr-x: Operation not permitted
build	Cache Android SDK	2026-06-06T12:22:50.1552834Z /usr/bin/tar: ../../../../../usr/local/lib/android/sdk/platforms/android-34-ext11/data/res/values-mcc310-mnc280-hr: Cannot utime: Operation not permitted
build	Cache Android SDK	2026-06-06T12:22:50.1553983Z /usr/bin/tar: ../../../../../usr/local/lib/android/sdk/platforms/android-34-ext11/data/res/values-mcc310-mnc280-hr: Cannot change mode to rwxr-xr-x: Operation not permitted
build	Cache Android SDK	2026-06-06T12:22:50.1555878Z /usr/bin/tar: ../../../../../usr/local/lib/android/sdk/platforms/android-34-ext11/data/res/values-mcc310-mnc490-zh-rCN: Cannot utime: Operation not permitted
build	Cache Android SDK	2026-06-06T12:22:50.1556886Z /usr/bin/tar: ../../../../../usr/local/lib/android/sdk/platforms/android-34-ext11/data/res/values-mcc310-mnc490-zh-rCN: Cannot change mode to rwxr-xr-x: Operation not permitted
build	Cache Android SDK	2026-06-06T12:22:50.1559102Z /usr/bin/tar: ../../../../../usr/local/lib/android/sdk/platforms/android-34-ext11/data/res/values-mcc001-mnc01-hi: Cannot utime: Operation not permitted
build	Cache Android SDK	2026-06-06T12:22:50.1560063Z /usr/bin/tar: ../../../../../usr/local/lib/android/sdk/platforms/android-34-ext11/data/res/values-mcc001-mnc01-hi: Cannot change mode to rwxr-xr-x: Operation not permitted
build	Cache Android SDK	2026-06-06T12:22:50.1562271Z /usr/bin/tar: ../../../../../usr/local/lib/android/sdk/platforms/android-34-ext11/data/res/values-mcc310-mnc220-ne: Cannot utime: Operation not permitted
build	Cache Android SDK	2026-06-06T12:22:50.1563223Z /usr/bin/tar: ../../../../../usr/local/lib/android/sdk/platforms/android-34-ext11/data/res/values-mcc310-mnc220-ne: Cannot change mode to rwxr-xr-x: Operation not permitted
build	Cache Android SDK	2026-06-06T12:22:50.1565395Z /usr/bin/tar: ../../../../../usr/local/lib/android/sdk/platforms/android-34-ext11/data/res/values-de-rAT: Cannot utime: Operation not permitted
build	Cache Android SDK	2026-06-06T12:22:50.1566301Z /usr/bin/tar: ../../../../../usr/local/lib/android/sdk/platforms/android-34-ext11/data/res/values-de-rAT: Cannot change mode to rwxr-xr-x: Operation not permitted
build	Cache Android SDK	2026-06-06T12:22:50.1568582Z /usr/bin/tar: ../../../../../usr/local/lib/android/sdk/platforms/android-34-ext11/data/res/values-mcc310-mnc030-es: Cannot utime: Operation not permitted
build	Cache Android SDK	2026-06-06T12:22:50.1569533Z /usr/bin/tar: ../../../../../usr/local/lib/android/sdk/platforms/android-34-ext11/data/res/values-mcc310-mnc030-es: Cannot change mode to rwxr-xr-x: Operation not permitted
build	Cache Android SDK	2026-06-06T12:22:50.1571524Z /usr/bin/tar: ../../../../../usr/local/lib/android/sdk/platforms/android-34-ext11/data/res/values-mcc001-mnc01-es: Cannot utime: Operation not permitted
build	Cache Android SDK	2026-06-06T12:22:50.1572497Z /usr/bin/tar: ../../../../../usr/local/lib/android/sdk/platforms/android-34-ext11/data/res/values-mcc001-mnc01-es: Cannot change mode to rwxr-xr-x: Operation not permitted
build	Cache Android SDK	2026-06-06T12:22:50.1574892Z /usr/bin/tar: ../../../../../usr/local/lib/android/sdk/platforms/android-34-ext11/data/res/values-mcc310-mnc270-el: Cannot utime: Operation not permitted
build	Cache Android SDK	2026-06-06T12:22:50.1575844Z /usr/bin/tar: ../../../../../usr/local/lib/android/sdk/platforms/android-34-ext11/data/res/values-mcc310-mnc270-el: Cannot change mode to rwxr-xr-x: Operation not permitted
build	Cache Android SDK	2026-06-06T12:22:50.1577918Z /usr/bin/tar: ../../../../../usr/local/lib/android/sdk/platforms/android-34-ext11/data/res/values-mcc310-mnc410-en-rIN: Cannot utime: Operation not permitted
build	Cache Android SDK	2026-06-06T12:22:50.1578908Z /usr/bin/tar: ../../../../../usr/local/lib/android/sdk/platforms/android-34-ext11/data/res/values-mcc310-mnc410-en-rIN: Cannot change mode to rwxr-xr-x: Operation not permitted
build	Cache Android SDK	2026-06-06T12:22:50.1580874Z /usr/bin/tar: ../../../../../usr/local/lib/android/sdk/platforms/android-34-ext11/data/res/values-mcc311-mnc180-tl: Cannot utime: Operation not permitted
build	Cache Android SDK	2026-06-06T12:22:50.1581823Z /usr/bin/tar: ../../../../../usr/local/lib/android/sdk/platforms/android-34-ext11/data/res/values-mcc311-mnc180-tl: Cannot change mode to rwxr-xr-x: Operation not permitted
build	Cache Android SDK	2026-06-06T12:22:50.1583979Z /usr/bin/tar: ../../../../../usr/local/lib/android/sdk/platforms/android-34-ext11/data/res/values-mcc310-mnc210-en-rIN: Cannot utime: Operation not permitted
build	Cache Android SDK	2026-06-06T12:22:50.1584960Z /usr/bin/tar: ../../../../../usr/local/lib/android/sdk/platforms/android-34-ext11/data/res/values-mcc310-mnc210-en-rIN: Cannot change mode to rwxr-xr-x: Operation not permitted
build	Cache Android SDK	2026-06-06T12:22:50.1587089Z /usr/bin/tar: ../../../../../usr/local/lib/android/sdk/platforms/android-34-ext11/data/res/values-mcc312-mnc670-kn: Cannot utime: Operation not permitted
build	Cache Android SDK	2026-06-06T12:22:50.1588254Z /usr/bin/tar: ../../../../../usr/local/lib/android/sdk/platforms/android-34-ext11/data/res/values-mcc312-mnc670-kn: Cannot change mode to rwxr-xr-x: Operation not permitted
build	Cache Android SDK	2026-06-06T12:22:50.1590512Z /usr/bin/tar: ../../../../../usr/local/lib/android/sdk/platforms/android-34-ext11/data/res/values-ro-television: Cannot utime: Operation not permitted
build	Cache Android SDK	2026-06-06T12:22:50.1591460Z /usr/bin/tar: ../../../../../usr/local/lib/android/sdk/platforms/android-34-ext11/data/res/values-ro-television: Cannot change mode to rwxr-xr-x: Operation not permitted
build	Cache Android SDK	2026-06-06T12:22:50.1593696Z /usr/bin/tar: ../../../../../usr/local/lib/android/sdk/platforms/android-34-ext11/data/res/values-mcc310-mnc210-pt-rPT: Cannot utime: Operation not permitted
build	Cache Android SDK	2026-06-06T12:22:50.1594673Z /usr/bin/tar: ../../../../../usr/local/lib/android/sdk/platforms/android-34-ext11/data/res/values-mcc310-mnc210-pt-rPT: Cannot change mode to rwxr-xr-x: Operation not permitted
build	Cache Android SDK	2026-06-06T12:22:50.1597813Z /usr/bin/tar: ../../../../../usr/local/lib/android/sdk/platforms/android-34-ext11/data/res/values-vi-rVN: Cannot utime: Operation not permitted
build	Cache Android SDK	2026-06-06T12:22:50.1598787Z /usr/bin/tar: ../../../../../usr/local/lib/android/sdk/platforms/android-34-ext11/data/res/values-vi-rVN: Cannot change mode to rwxr-xr-x: Operation not permitted
build	Cache Android SDK	2026-06-06T12:22:50.1601117Z /usr/bin/tar: ../../../../../usr/local/lib/android/sdk/platforms/android-34-ext11/data/res/values-mcc302-mnc720-el: Cannot utime: Operation not permitted
build	Cache Android SDK	2026-06-06T12:22:50.1602070Z /usr/bin/tar: ../../../../../usr/local/lib/android/sdk/platforms/android-34-ext11/data/res/values-mcc302-mnc720-el: Cannot change mode to rwxr-xr-x: Operation not permitted
build	Cache Android SDK	2026-06-06T12:22:50.1604286Z /usr/bin/tar: ../../../../../usr/local/lib/android/sdk/platforms/android-34-ext11/data/res/values-mcc310-mnc270-sw: Cannot utime: Operation not permitted
build	Cache Android SDK	2026-06-06T12:22:50.1605233Z /usr/bin/tar: ../../../../../usr/local/lib/android/sdk/platforms/android-34-ext11/data/res/values-mcc310-mnc270-sw: Cannot change mode to rwxr-xr-x: Operation not permitted
build	Cache Android SDK	2026-06-06T12:22:50.1611896Z /usr/bin/tar: ../../../../../usr/local/lib/android/sdk/platforms/android-34-ext11/data/res/values-pt-rPT: Cannot utime: Operation not permitted
build	Cache Android SDK	2026-06-06T12:22:50.1613077Z /usr/bin/tar: ../../../../../usr/local/lib/android/sdk/platforms/android-34-ext11/data/res/values-pt-rPT: Cannot change mode to rwxr-xr-x: Operation not permitted
build	Cache Android SDK	2026-06-06T12:22:50.1614635Z /usr/bin/tar: ../../../../../usr/local/lib/android/sdk/platforms/android-34-ext11/data/res/values-mcc334-mnc020-sv: Cannot utime: Operation not permitted
build	Cache Android SDK	2026-06-06T12:22:50.1615806Z /usr/bin/tar: ../../../../../usr/local/lib/android/sdk/platforms/android-34-ext11/data/res/values-mcc334-mnc020-sv: Cannot change mode to rwxr-xr-x: Operation not permitted
build	Cache Android SDK	2026-06-06T12:22:50.1619283Z /usr/bin/tar: ../../../../../usr/local/lib/android/sdk/platforms/android-34-ext11/data/res/values-mcc530-mnc05: Cannot utime: Operation not permitted
build	Cache Android SDK	2026-06-06T12:22:50.1620486Z /usr/bin/tar: ../../../../../usr/local/lib/android/sdk/platforms/android-34-ext11/data/res/values-mcc530-mnc05: Cannot change mode to rwxr-xr-x: Operation not permitted
build	Cache Android SDK	2026-06-06T12:22:50.1621670Z /usr/bin/tar: ../../../../../usr/local/lib/android/sdk/platforms/android-34-ext11/data/res/values-mcc310-mnc030-uk: Cannot utime: Operation not permitted
build	Cache Android SDK	2026-06-06T12:22:50.1622879Z /usr/bin/tar: ../../../../../usr/local/lib/android/sdk/platforms/android-34-ext11/data/res/values-mcc310-mnc030-uk: Cannot change mode to rwxr-xr-x: Operation not permitted
build	Cache Android SDK	2026-06-06T12:22:50.1624251Z /usr/bin/tar: ../../../../../usr/local/lib/android/sdk/platforms/android-34-ext11/data/res/values-mcc310-mnc030-hy: Cannot utime: Operation not permitted
build	Cache Android SDK	2026-06-06T12:22:50.1625198Z /usr/bin/tar: ../../../../../usr/local/lib/android/sdk/platforms/android-34-ext11/data/res/values-mcc310-mnc030-hy: Cannot change mode to rwxr-xr-x: Operation not permitted
build	Cache Android SDK	2026-06-06T12:22:50.1627306Z /usr/bin/tar: ../../../../../usr/local/lib/android/sdk/platforms/android-34-ext11/data/res/values-mcc310-mnc950-kk: Cannot utime: Operation not permitted
build	Cache Android SDK	2026-06-06T12:22:50.1628579Z /usr/bin/tar: ../../../../../usr/local/lib/android/sdk/platforms/android-34-ext11/data/res/values-mcc310-mnc950-kk: Cannot change mode to rwxr-xr-x: Operation not permitted
build	Cache Android SDK	2026-06-06T12:22:50.1630380Z /usr/bin/tar: ../../../../../usr/local/lib/android/sdk/platforms/android-34-ext11/data/res/values-mcc310-mnc170-ne: Cannot utime: Operation not permitted
build	Cache Android SDK	2026-06-06T12:22:50.1631322Z /usr/bin/tar: ../../../../../usr/local/lib/android/sdk/platforms/android-34-ext11/data/res/values-mcc310-mnc170-ne: Cannot change mode to rwxr-xr-x: Operation not permitted
build	Cache Android SDK	2026-06-06T12:22:50.1633938Z /usr/bin/tar: ../../../../../usr/local/lib/android/sdk/platforms/android-34-ext11/data/res/values-mcc310-mnc150-lt: Cannot utime: Operation not permitted
build	Cache Android SDK	2026-06-06T12:22:50.1634896Z /usr/bin/tar: ../../../../../usr/local/lib/android/sdk/platforms/android-34-ext11/data/res/values-mcc310-mnc150-lt: Cannot change mode to rwxr-xr-x: Operation not permitted
build	Cache Android SDK	2026-06-06T12:22:50.1637031Z /usr/bin/tar: ../../../../../usr/local/lib/android/sdk/platforms/android-34-ext11/data/res/values-mcc310-mnc240-iw: Cannot utime: Operation not permitted
build	Cache Android SDK	2026-06-06T12:22:50.1638258Z /usr/bin/tar: ../../../../../usr/local/lib/android/sdk/platforms/android-34-ext11/data/res/values-mcc310-mnc240-iw: Cannot change mode to rwxr-xr-x: Operation not permitted
build	Cache Android SDK	2026-06-06T12:22:50.1640276Z /usr/bin/tar: ../../../../../usr/local/lib/android/sdk/platforms/android-34-ext11/data/res/values-mcc310-mnc240-sr: Cannot utime: Operation not permitted
build	Cache Android SDK	2026-06-06T12:22:50.1641232Z /usr/bin/tar: ../../../../../usr/local/lib/android/sdk/platforms/android-34-ext11/data/res/values-mcc310-mnc240-sr: Cannot change mode to rwxr-xr-x: Operation not permitted
build	Cache Android SDK	2026-06-06T12:22:50.1643574Z /usr/bin/tar: ../../../../../usr/local/lib/android/sdk/platforms/android-34-ext11/data/res/values-w240dp: Cannot utime: Operation not permitted
build	Cache Android SDK	2026-06-06T12:22:50.1644465Z /usr/bin/tar: ../../../../../usr/local/lib/android/sdk/platforms/android-34-ext11/data/res/values-w240dp: Cannot change mode to rwxr-xr-x: Operation not permitted
build	Cache Android SDK	2026-06-06T12:22:50.1648150Z /usr/bin/tar: ../../../../../usr/local/lib/android/sdk/platforms/android-34-ext11/data/res/values-mcc310-mnc240-zh-rCN: Cannot utime: Operation not permitted
build	Cache Android SDK	2026-06-06T12:22:50.1649373Z /usr/bin/tar: ../../../../../usr/local/lib/android/sdk/platforms/android-34-ext11/data/res/values-mcc310-mnc240-zh-rCN: Cannot change mode to rwxr-xr-x: Operation not permitted
build	Cache Android SDK	2026-06-06T12:22:50.1655280Z /usr/bin/tar: ../../../../../usr/local/lib/android/sdk/platforms/android-34-ext11/data/res/values-mcc310-mnc380-tr: Cannot utime: Operation not permitted
build	Cache Android SDK	2026-06-06T12:22:50.1656553Z /usr/bin/tar: ../../../../../usr/local/lib/android/sdk/platforms/android-34-ext11/data/res/values-mcc310-mnc380-tr: Cannot change mode to rwxr-xr-x: Operation not permitted
build	Cache Android SDK	2026-06-06T12:22:50.1658177Z /usr/bin/tar: ../../../../../usr/local/lib/android/sdk/platforms/android-34-ext11/data/res/values-mcc310-mnc250-nb: Cannot utime: Operation not permitted
build	Cache Android SDK	2026-06-06T12:22:50.1659510Z /usr/bin/tar: ../../../../../usr/local/lib/android/sdk/platforms/android-34-ext11/data/res/values-mcc310-mnc250-nb: Cannot change mode to rwxr-xr-x: Operation not permitted
build	Cache Android SDK	2026-06-06T12:22:50.1662278Z /usr/bin/tar: ../../../../../usr/local/lib/android/sdk/platforms/android-34-ext11/data/res/drawable-en-ldpi: Cannot utime: Operation not permitted
build	Cache Android SDK	2026-06-06T12:22:50.1663219Z /usr/bin/tar: ../../../../../usr/local/lib/android/sdk/platforms/android-34-ext11/data/res/drawable-en-ldpi: Cannot change mode to rwxr-xr-x: Operation not permitted
build	Cache Android SDK	2026-06-06T12:22:50.1666054Z /usr/bin/tar: ../../../../../usr/local/lib/android/sdk/platforms/android-34-ext11/data/res/values-mcc334-mnc020-gl: Cannot utime: Operation not permitted
build	Cache Android SDK	2026-06-06T12:22:50.1667051Z /usr/bin/tar: ../../../../../usr/local/lib/android/sdk/platforms/android-34-ext11/data/res/values-mcc334-mnc020-gl: Cannot change mode to rwxr-xr-x: Operation not permitted
build	Cache Android SDK	2026-06-06T12:22:50.1670650Z /usr/bin/tar: ../../../../../usr/local/lib/android/sdk/platforms/android-34-ext11/data/res/values-mcc310-mnc170-fr: Cannot utime: Operation not permitted
build	Cache Android SDK	2026-06-06T12:22:50.1671694Z /usr/bin/tar: ../../../../../usr/local/lib/android/sdk/platforms/android-34-ext11/data/res/values-mcc310-mnc170-fr: Cannot change mode to rwxr-xr-x: Operation not permitted
build	Cache Android SDK	2026-06-06T12:22:50.1675071Z /usr/bin/tar: ../../../../../usr/local/lib/android/sdk/platforms/android-34-ext11/data/res/values-mcc310-mnc280-eu: Cannot utime: Operation not permitted
build	Cache Android SDK	2026-06-06T12:22:50.1676024Z /usr/bin/tar: ../../../../../usr/local/lib/android/sdk/platforms/android-34-ext11/data/res/values-mcc310-mnc280-eu: Cannot change mode to rwxr-xr-x: Operation not permitted
build	Cache Android SDK	2026-06-06T12:22:50.1682212Z /usr/bin/tar: ../../../../../usr/local/lib/android/sdk/platforms/android-34-ext11/data/res/values-mcc310-mnc270-si: Cannot utime: Operation not permitted
build	Cache Android SDK	2026-06-06T12:22:50.1683173Z /usr/bin/tar: ../../../../../usr/local/lib/android/sdk/platforms/android-34-ext11/data/res/values-mcc310-mnc270-si: Cannot change mode to rwxr-xr-x: Operation not permitted
build	Cache Android SDK	2026-06-06T12:22:50.1685400Z /usr/bin/tar: ../../../../../usr/local/lib/android/sdk/platforms/android-34-ext11/data/res/values-mcc310-mnc380-my: Cannot utime: Operation not permitted
build	Cache Android SDK	2026-06-06T12:22:50.1686349Z /usr/bin/tar: ../../../../../usr/local/lib/android/sdk/platforms/android-34-ext11/data/res/values-mcc310-mnc380-my: Cannot change mode to rwxr-xr-x: Operation not permitted
build	Cache Android SDK	2026-06-06T12:22:50.1689555Z /usr/bin/tar: ../../../../../usr/local/lib/android/sdk/platforms/android-34-ext11/data/res/values-mcc311-mnc180-fi: Cannot utime: Operation not permitted
build	Cache Android SDK	2026-06-06T12:22:50.1690515Z /usr/bin/tar: ../../../../../usr/local/lib/android/sdk/platforms/android-34-ext11/data/res/values-mcc311-mnc180-fi: Cannot change mode to rwxr-xr-x: Operation not permitted
build	Cache Android SDK	2026-06-06T12:22:50.1692942Z /usr/bin/tar: ../../../../../usr/local/lib/android/sdk/platforms/android-34-ext11/data/res/values-mcc310-mnc150-el: Cannot utime: Operation not permitted
build	Cache Android SDK	2026-06-06T12:22:50.1693890Z /usr/bin/tar: ../../../../../usr/local/lib/android/sdk/platforms/android-34-ext11/data/res/values-mcc310-mnc150-el: Cannot change mode to rwxr-xr-x: Operation not permitted
build	Cache Android SDK	2026-06-06T12:22:50.1700704Z /usr/bin/tar: ../../../../../usr/local/lib/android/sdk/platforms/android-34-ext11/data/res/values-ldrtl-television: Cannot utime: Operation not permitted
build	Cache Android SDK	2026-06-06T12:22:50.1701780Z /usr/bin/tar: ../../../../../usr/local/lib/android/sdk/platforms/android-34-ext11/data/res/values-ldrtl-television: Cannot change mode to rwxr-xr-x: Operation not permitted
build	Cache Android SDK	2026-06-06T12:22:50.1706039Z /usr/bin/tar: ../../../../../usr/local/lib/android/sdk/platforms/android-34-ext11/data/res/values-nb-watch: Cannot utime: Operation not permitted
build	Cache Android SDK	2026-06-06T12:22:50.1706970Z /usr/bin/tar: ../../../../../usr/local/lib/android/sdk/platforms/android-34-ext11/data/res/values-nb-watch: Cannot change mode to rwxr-xr-x: Operation not permitted
build	Cache Android SDK	2026-06-06T12:22:50.1710170Z /usr/bin/tar: ../../../../../usr/local/lib/android/sdk/platforms/android-34-ext11/data/res/values-mcc310-mnc490: Cannot utime: Operation not permitted
build	Cache Android SDK	2026-06-06T12:22:50.1711142Z /usr/bin/tar: ../../../../../usr/local/lib/android/sdk/platforms/android-34-ext11/data/res/values-mcc310-mnc490: Cannot change mode to rwxr-xr-x: Operation not permitted
build	Cache Android SDK	2026-06-06T12:22:50.1714172Z /usr/bin/tar: ../../../../../usr/local/lib/android/sdk/platforms/android-34-ext11/data/res/values-mcc310-mnc230-gu: Cannot utime: Operation not permitted
build	Cache Android SDK	2026-06-06T12:22:50.1715140Z /usr/bin/tar: ../../../../../usr/local/lib/android/sdk/platforms/android-34-ext11/data/res/values-mcc310-mnc230-gu: Cannot change mode to rwxr-xr-x: Operation not permitted
build	Cache Android SDK	2026-06-06T12:22:50.1717724Z /usr/bin/tar: ../../../../../usr/local/lib/android/sdk/platforms/android-34-ext11/data/res/values-mcc310-mnc230-lv: Cannot utime: Operation not permitted
build	Cache Android SDK	2026-06-06T12:22:50.1718677Z /usr/bin/tar: ../../../../../usr/local/lib/android/sdk/platforms/android-34-ext11/data/res/values-mcc310-mnc230-lv: Cannot change mode to rwxr-xr-x: Operation not permitted
build	Cache Android SDK	2026-06-06T12:22:50.1721814Z /usr/bin/tar: ../../../../../usr/local/lib/android/sdk/platforms/android-34-ext11/data/res/values-mcc310-mnc410-bs: Cannot utime: Operation not permitted
build	Cache Android SDK	2026-06-06T12:22:50.1722769Z /usr/bin/tar: ../../../../../usr/local/lib/android/sdk/platforms/android-34-ext11/data/res/values-mcc310-mnc410-bs: Cannot change mode to rwxr-xr-x: Operation not permitted
build	Cache Android SDK	2026-06-06T12:22:50.1728501Z /usr/bin/tar: ../../../../../usr/local/lib/android/sdk/platforms/android-34-ext11/data/res/values-mcc302-mnc370-pt: Cannot utime: Operation not permitted
build	Cache Android SDK	2026-06-06T12:22:50.1729464Z /usr/bin/tar: ../../../../../usr/local/lib/android/sdk/platforms/android-34-ext11/data/res/values-mcc302-mnc370-pt: Cannot change mode to rwxr-xr-x: Operation not permitted
build	Cache Android SDK	2026-06-06T12:22:50.1732361Z /usr/bin/tar: ../../../../../usr/local/lib/android/sdk/platforms/android-34-ext11/data/res/raw-ja: Cannot utime: Operation not permitted
build	Cache Android SDK	2026-06-06T12:22:50.1733231Z /usr/bin/tar: ../../../../../usr/local/lib/android/sdk/platforms/android-34-ext11/data/res/raw-ja: Cannot change mode to rwxr-xr-x: Operation not permitted
build	Cache Android SDK	2026-06-06T12:22:50.1739650Z /usr/bin/tar: ../../../../../usr/local/lib/android/sdk/platforms/android-34-ext11/data/res/values-mcc310-mnc270-ne: Cannot utime: Operation not permitted
build	Cache Android SDK	2026-06-06T12:22:50.1740608Z /usr/bin/tar: ../../../../../usr/local/lib/android/sdk/platforms/android-34-ext11/data/res/values-mcc310-mnc270-ne: Cannot change mode to rwxr-xr-x: Operation not permitted
build	Cache Android SDK	2026-06-06T12:22:50.1744945Z /usr/bin/tar: ../../../../../usr/local/lib/android/sdk/platforms/android-34-ext11/data/res/values-mcc310-mnc150-sl: Cannot utime: Operation not permitted
build	Cache Android SDK	2026-06-06T12:22:50.1746835Z /usr/bin/tar: ../../../../../usr/local/lib/android/sdk/platforms/android-34-ext11/data/res/values-mcc310-mnc150-sl: Cannot change mode to rwxr-xr-x: Operation not permitted
build	Cache Android SDK	2026-06-06T12:22:50.1749105Z /usr/bin/tar: ../../../../../usr/local/lib/android/sdk/platforms/android-34-ext11/data/res/values-mcc310-mnc380-de: Cannot utime: Operation not permitted
build	Cache Android SDK	2026-06-06T12:22:50.1750103Z /usr/bin/tar: ../../../../../usr/local/lib/android/sdk/platforms/android-34-ext11/data/res/values-mcc310-mnc380-de: Cannot change mode to rwxr-xr-x: Operation not permitted
build	Cache Android SDK	2026-06-06T12:22:50.1753416Z /usr/bin/tar: ../../../../../usr/local/lib/android/sdk/platforms/android-34-ext11/data/res/values-mcc310-mnc950-hu: Cannot utime: Operation not permitted
build	Cache Android SDK	2026-06-06T12:22:50.1754389Z /usr/bin/tar: ../../../../../usr/local/lib/android/sdk/platforms/android-34-ext11/data/res/values-mcc310-mnc950-hu: Cannot change mode to rwxr-xr-x: Operation not permitted
build	Cache Android SDK	2026-06-06T12:22:50.1759988Z /usr/bin/tar: ../../../../../usr/local/lib/android/sdk/platforms/android-34-ext11/data/res/values-mcc310-mnc230-pa: Cannot utime: Operation not permitted
build	Cache Android SDK	2026-06-06T12:22:50.1760982Z /usr/bin/tar: ../../../../../usr/local/lib/android/sdk/platforms/android-34-ext11/data/res/values-mcc310-mnc230-pa: Cannot change mode to rwxr-xr-x: Operation not permitted
build	Cache Android SDK	2026-06-06T12:22:50.1765247Z /usr/bin/tar: ../../../../../usr/local/lib/android/sdk/platforms/android-34-ext11/data/res/values-w320dp: Cannot utime: Operation not permitted
build	Cache Android SDK	2026-06-06T12:22:50.1766184Z /usr/bin/tar: ../../../../../usr/local/lib/android/sdk/platforms/android-34-ext11/data/res/values-w320dp: Cannot change mode to rwxr-xr-x: Operation not permitted
build	Cache Android SDK	2026-06-06T12:22:50.1771927Z /usr/bin/tar: ../../../../../usr/local/lib/android/sdk/platforms/android-34-ext11/data/res/values-mcc310-mnc270-kk: Cannot utime: Operation not permitted
build	Cache Android SDK	2026-06-06T12:22:50.1772875Z /usr/bin/tar: ../../../../../usr/local/lib/android/sdk/platforms/android-34-ext11/data/res/values-mcc310-mnc270-kk: Cannot change mode to rwxr-xr-x: Operation not permitted
build	Cache Android SDK	2026-06-06T12:22:50.1775752Z /usr/bin/tar: ../../../../../usr/local/lib/android/sdk/platforms/android-34-ext11/data/res/values-mcc313-mnc100-nb: Cannot utime: Operation not permitted
build	Cache Android SDK	2026-06-06T12:22:50.1776854Z /usr/bin/tar: ../../../../../usr/local/lib/android/sdk/platforms/android-34-ext11/data/res/values-mcc313-mnc100-nb: Cannot change mode to rwxr-xr-x: Operation not permitted
build	Cache Android SDK	2026-06-06T12:22:50.1779639Z /usr/bin/tar: ../../../../../usr/local/lib/android/sdk/platforms/android-34-ext11/data/res/values-mcc310-mnc250-ky: Cannot utime: Operation not permitted
build	Cache Android SDK	2026-06-06T12:22:50.1780616Z /usr/bin/tar: ../../../../../usr/local/lib/android/sdk/platforms/android-34-ext11/data/res/values-mcc310-mnc250-ky: Cannot change mode to rwxr-xr-x: Operation not permitted
build	Cache Android SDK	2026-06-06T12:22:50.1783423Z /usr/bin/tar: ../../../../../usr/local/lib/android/sdk/platforms/android-34-ext11/data/res/values-mcc310-mnc800-gu: Cannot utime: Operation not permitted
build	Cache Android SDK	2026-06-06T12:22:50.1784539Z /usr/bin/tar: ../../../../../usr/local/lib/android/sdk/platforms/android-34-ext11/data/res/values-mcc310-mnc800-gu: Cannot change mode to rwxr-xr-x: Operation not permitted
build	Cache Android SDK	2026-06-06T12:22:50.1787465Z /usr/bin/tar: ../../../../../usr/local/lib/android/sdk/platforms/android-34-ext11/data/res/values-mcc310-mnc200-sv: Cannot utime: Operation not permitted
build	Cache Android SDK	2026-06-06T12:22:50.1788540Z /usr/bin/tar: ../../../../../usr/local/lib/android/sdk/platforms/android-34-ext11/data/res/values-mcc310-mnc200-sv: Cannot change mode to rwxr-xr-x: Operation not permitted
build	Cache Android SDK	2026-06-06T12:22:50.1793803Z /usr/bin/tar: ../../../../../usr/local/lib/android/sdk/platforms/android-34-ext11/data/res/values-mcc334-mnc020-en-rGB: Cannot utime: Operation not permitted
build	Cache Android SDK	2026-06-06T12:22:50.1794802Z /usr/bin/tar: ../../../../../usr/local/lib/android/sdk/platforms/android-34-ext11/data/res/values-mcc334-mnc020-en-rGB: Cannot change mode to rwxr-xr-x: Operation not permitted
build	Cache Android SDK	2026-06-06T12:22:50.1798271Z /usr/bin/tar: ../../../../../usr/local/lib/android/sdk/platforms/android-34-ext11/data/res/values-mcc302-mnc720-en-rIN: Cannot utime: Operation not permitted
build	Cache Android SDK	2026-06-06T12:22:50.1799259Z /usr/bin/tar: ../../../../../usr/local/lib/android/sdk/platforms/android-34-ext11/data/res/values-mcc302-mnc720-en-rIN: Cannot change mode to rwxr-xr-x: Operation not permitted
build	Cache Android SDK	2026-06-06T12:22:50.1801840Z /usr/bin/tar: ../../../../../usr/local/lib/android/sdk/platforms/android-34-ext11/data/res/xml-en: Cannot utime: Operation not permitted
build	Cache Android SDK	2026-06-06T12:22:50.1802353Z /usr/bin/tar: ../../../../../usr/local/lib/android/sdk/platforms/android-34-ext11/data/res/xml-en: Cannot change mode to rwxr-xr-x: Operation not permitted
build	Cache Android SDK	2026-06-06T12:22:50.1805898Z /usr/bin/tar: ../../../../../usr/local/lib/android/sdk/platforms/android-34-ext11/data/res/values-mcc310-mnc950-es-rUS: Cannot utime: Operation not permitted
build	Cache Android SDK	2026-06-06T12:22:50.1806381Z /usr/bin/tar: ../../../../../usr/local/lib/android/sdk/platforms/android-34-ext11/data/res/values-mcc310-mnc950-es-rUS: Cannot change mode to rwxr-xr-x: Operation not permitted
build	Cache Android SDK	2026-06-06T12:22:50.1810371Z /usr/bin/tar: ../../../../../usr/local/lib/android/sdk/platforms/android-34-ext11/data/res/values-mcc310-mnc950-tr: Cannot utime: Operation not permitted
build	Cache Android SDK	2026-06-06T12:22:50.1810940Z /usr/bin/tar: ../../../../../usr/local/lib/android/sdk/platforms/android-34-ext11/data/res/values-mcc310-mnc950-tr: Cannot change mode to rwxr-xr-x: Operation not permitted
build	Cache Android SDK	2026-06-06T12:22:50.1813585Z /usr/bin/tar: ../../../../../usr/local/lib/android/sdk/platforms/android-34-ext11/data/res/values-mcc310-mnc200-de: Cannot utime: Operation not permitted
build	Cache Android SDK	2026-06-06T12:22:50.1814048Z /usr/bin/tar: ../../../../../usr/local/lib/android/sdk/platforms/android-34-ext11/data/res/values-mcc310-mnc200-de: Cannot change mode to rwxr-xr-x: Operation not permitted
build	Cache Android SDK	2026-06-06T12:22:50.1816972Z /usr/bin/tar: ../../../../../usr/local/lib/android/sdk/platforms/android-34-ext11/data/res/values-is-watch: Cannot utime: Operation not permitted
build	Cache Android SDK	2026-06-06T12:22:50.1817590Z /usr/bin/tar: ../../../../../usr/local/lib/android/sdk/platforms/android-34-ext11/data/res/values-is-watch: Cannot change mode to rwxr-xr-x: Operation not permitted
build	Cache Android SDK	2026-06-06T12:22:50.1822811Z /usr/bin/tar: ../../../../../usr/local/lib/android/sdk/platforms/android-34-ext11/data/res/values-mcc310-mnc660-lo: Cannot utime: Operation not permitted
build	Cache Android SDK	2026-06-06T12:22:50.1823387Z /usr/bin/tar: ../../../../../usr/local/lib/android/sdk/platforms/android-34-ext11/data/res/values-mcc310-mnc660-lo: Cannot change mode to rwxr-xr-x: Operation not permitted
build	Cache Android SDK	2026-06-06T12:22:50.1826102Z /usr/bin/tar: ../../../../../usr/local/lib/android/sdk/platforms/android-34-ext11/data/res/values-mcc310-mnc380-or: Cannot utime: Operation not permitted
build	Cache Android SDK	2026-06-06T12:22:50.1826567Z /usr/bin/tar: ../../../../../usr/local/lib/android/sdk/platforms/android-34-ext11/data/res/values-mcc310-mnc380-or: Cannot change mode to rwxr-xr-x: Operation not permitted
build	Cache Android SDK	2026-06-06T12:22:50.1830016Z /usr/bin/tar: ../../../../../usr/local/lib/android/sdk/platforms/android-34-ext11/data/res/values-mcc334-mnc020-ky: Cannot utime: Operation not permitted
build	Cache Android SDK	2026-06-06T12:22:50.1830481Z /usr/bin/tar: ../../../../../usr/local/lib/android/sdk/platforms/android-34-ext11/data/res/values-mcc334-mnc020-ky: Cannot change mode to rwxr-xr-x: Operation not permitted
build	Cache Android SDK	2026-06-06T12:22:50.1835122Z /usr/bin/tar: ../../../../../usr/local/lib/android/sdk/platforms/android-34-ext11/data/res/values-mcc334-mnc020-pt-rPT: Cannot utime: Operation not permitted
build	Cache Android SDK	2026-06-06T12:22:50.1835702Z /usr/bin/tar: ../../../../../usr/local/lib/android/sdk/platforms/android-34-ext11/data/res/values-mcc334-mnc020-pt-rPT: Cannot change mode to rwxr-xr-x: Operation not permitted
build	Cache Android SDK	2026-06-06T12:22:50.1840951Z /usr/bin/tar: ../../../../../usr/local/lib/android/sdk/platforms/android-34-ext11/data/res/values-mcc310-mnc250-en-rIN: Cannot utime: Operation not permitted
build	Cache Android SDK	2026-06-06T12:22:50.1841421Z /usr/bin/tar: ../../../../../usr/local/lib/android/sdk/platforms/android-34-ext11/data/res/values-mcc310-mnc250-en-rIN: Cannot change mode to rwxr-xr-x: Operation not permitted
build	Cache Android SDK	2026-06-06T12:22:50.1847267Z /usr/bin/tar: ../../../../../usr/local/lib/android/sdk/platforms/android-34-ext11/data/res/values-mcc466-mnc03: Cannot utime: Operation not permitted
build	Cache Android SDK	2026-06-06T12:22:50.1847878Z /usr/bin/tar: ../../../../../usr/local/lib/android/sdk/platforms/android-34-ext11/data/res/values-mcc466-mnc03: Cannot change mode to rwxr-xr-x: Operation not permitted
build	Cache Android SDK	2026-06-06T12:22:50.1851642Z /usr/bin/tar: ../../../../../usr/local/lib/android/sdk/platforms/android-34-ext11/data/res/values-mcc310-mnc200-fr-rCA: Cannot utime: Operation not permitted
build	Cache Android SDK	2026-06-06T12:22:50.1852117Z /usr/bin/tar: ../../../../../usr/local/lib/android/sdk/platforms/android-34-ext11/data/res/values-mcc310-mnc200-fr-rCA: Cannot change mode to rwxr-xr-x: Operation not permitted
build	Cache Android SDK	2026-06-06T12:22:50.1855538Z /usr/bin/tar: ../../../../../usr/local/lib/android/sdk/platforms/android-34-ext11/data/res/values-mcc340-mnc01: Cannot utime: Operation not permitted
build	Cache Android SDK	2026-06-06T12:22:50.1855979Z /usr/bin/tar: ../../../../../usr/local/lib/android/sdk/platforms/android-34-ext11/data/res/values-mcc340-mnc01: Cannot change mode to rwxr-xr-x: Operation not permitted
build	Cache Android SDK	2026-06-06T12:22:50.1860041Z /usr/bin/tar: ../../../../../usr/local/lib/android/sdk/platforms/android-34-ext11/data/res/values-mcc310-mnc240-kn: Cannot utime: Operation not permitted
build	Cache Android SDK	2026-06-06T12:22:50.1860808Z /usr/bin/tar: ../../../../../usr/local/lib/android/sdk/platforms/android-34-ext11/data/res/values-mcc310-mnc240-kn: Cannot change mode to rwxr-xr-x: Operation not permitted
build	Cache Android SDK	2026-06-06T12:22:50.1866913Z /usr/bin/tar: ../../../../../usr/local/lib/android/sdk/platforms/android-34-ext11/data/res/values-land: Cannot utime: Operation not permitted
build	Cache Android SDK	2026-06-06T12:22:50.1867622Z /usr/bin/tar: ../../../../../usr/local/lib/android/sdk/platforms/android-34-ext11/data/res/values-land: Cannot change mode to rwxr-xr-x: Operation not permitted
build	Cache Android SDK	2026-06-06T12:22:50.1870786Z /usr/bin/tar: ../../../../../usr/local/lib/android/sdk/platforms/android-34-ext11/data/res/values-mcc302-mnc370-ka: Cannot utime: Operation not permitted
build	Cache Android SDK	2026-06-06T12:22:50.1871251Z /usr/bin/tar: ../../../../../usr/local/lib/android/sdk/platforms/android-34-ext11/data/res/values-mcc302-mnc370-ka: Cannot change mode to rwxr-xr-x: Operation not permitted
build	Cache Android SDK	2026-06-06T12:22:50.1874645Z /usr/bin/tar: ../../../../../usr/local/lib/android/sdk/platforms/android-34-ext11/data/res/values-mcc302-mnc720-sl: Cannot utime: Operation not permitted
build	Cache Android SDK	2026-06-06T12:22:50.1875114Z /usr/bin/tar: ../../../../../usr/local/lib/android/sdk/platforms/android-34-ext11/data/res/values-mcc302-mnc720-sl: Cannot change mode to rwxr-xr-x: Operation not permitted
build	Cache Android SDK	2026-06-06T12:22:50.1883092Z /usr/bin/tar: ../../../../../usr/local/lib/android/sdk/platforms/android-34-ext11/data/res/values-mcc310-mnc240-mr: Cannot utime: Operation not permitted
build	Cache Android SDK	2026-06-06T12:22:50.1883667Z /usr/bin/tar: ../../../../../usr/local/lib/android/sdk/platforms/android-34-ext11/data/res/values-mcc310-mnc240-mr: Cannot change mode to rwxr-xr-x: Operation not permitted
build	Cache Android SDK	2026-06-06T12:22:50.1886542Z /usr/bin/tar: ../../../../../usr/local/lib/android/sdk/platforms/android-34-ext11/data/res/values-mcc310-mnc560-fa: Cannot utime: Operation not permitted
build	Cache Android SDK	2026-06-06T12:22:50.1887118Z /usr/bin/tar: ../../../../../usr/local/lib/android/sdk/platforms/android-34-ext11/data/res/values-mcc310-mnc560-fa: Cannot change mode to rwxr-xr-x: Operation not permitted
build	Cache Android SDK	2026-06-06T12:22:50.1890149Z /usr/bin/tar: ../../../../../usr/local/lib/android/sdk/platforms/android-34-ext11/data/res/values-mcc312-mnc670-ro: Cannot utime: Operation not permitted
build	Cache Android SDK	2026-06-06T12:22:50.1890605Z /usr/bin/tar: ../../../../../usr/local/lib/android/sdk/platforms/android-34-ext11/data/res/values-mcc312-mnc670-ro: Cannot change mode to rwxr-xr-x: Operation not permitted
build	Cache Android SDK	2026-06-06T12:22:50.1895891Z /usr/bin/tar: ../../../../../usr/local/lib/android/sdk/platforms/android-34-ext11/data/res/values-mcc310-mnc250-cs: Cannot utime: Operation not permitted
build	Cache Android SDK	2026-06-06T12:22:50.1896350Z /usr/bin/tar: ../../../../../usr/local/lib/android/sdk/platforms/android-34-ext11/data/res/values-mcc310-mnc250-cs: Cannot change mode to rwxr-xr-x: Operation not permitted
build	Cache Android SDK	2026-06-06T12:22:50.1899574Z /usr/bin/tar: ../../../../../usr/local/lib/android/sdk/platforms/android-34-ext11/data/res/values-hu-rHU: Cannot utime: Operation not permitted
build	Cache Android SDK	2026-06-06T12:22:50.1900014Z /usr/bin/tar: ../../../../../usr/local/lib/android/sdk/platforms/android-34-ext11/data/res/values-hu-rHU: Cannot change mode to rwxr-xr-x: Operation not permitted
build	Cache Android SDK	2026-06-06T12:22:50.1903959Z /usr/bin/tar: ../../../../../usr/local/lib/android/sdk/platforms/android-34-ext11/data/res/values-mcc315: Cannot utime: Operation not permitted
build	Cache Android SDK	2026-06-06T12:22:50.1904401Z /usr/bin/tar: ../../../../../usr/local/lib/android/sdk/platforms/android-34-ext11/data/res/values-mcc315: Cannot change mode to rwxr-xr-x: Operation not permitted
build	Cache Android SDK	2026-06-06T12:22:50.1907698Z /usr/bin/tar: ../../../../../usr/local/lib/android/sdk/platforms/android-34-ext11/data/res/values-mcc310-mnc660-gl: Cannot utime: Operation not permitted
build	Cache Android SDK	2026-06-06T12:22:50.1910226Z /usr/bin/tar: ../../../../../usr/local/lib/android/sdk/platforms/android-34-ext11/data/res/values-mcc310-mnc660-gl: Cannot change mode to rwxr-xr-x: Operation not permitted
build	Cache Android SDK	2026-06-06T12:22:50.1910731Z /usr/bin/tar: ../../../../../usr/local/lib/android/sdk/platforms/android-34-ext11/data/res/values-mcc313-mnc100-de: Cannot utime: Operation not permitted
build	Cache Android SDK	2026-06-06T12:22:50.1911194Z /usr/bin/tar: ../../../../../usr/local/lib/android/sdk/platforms/android-34-ext11/data/res/values-mcc313-mnc100-de: Cannot change mode to rwxr-xr-x: Operation not permitted
build	Cache Android SDK	2026-06-06T12:22:50.1915070Z /usr/bin/tar: ../../../../../usr/local/lib/android/sdk/platforms/android-34-ext11/data/res/values-mcc311-mnc180-it: Cannot utime: Operation not permitted
build	Cache Android SDK	2026-06-06T12:22:50.1915534Z /usr/bin/tar: ../../../../../usr/local/lib/android/sdk/platforms/android-34-ext11/data/res/values-mcc311-mnc180-it: Cannot change mode to rwxr-xr-x: Operation not permitted
build	Cache Android SDK	2026-06-06T12:22:50.1918427Z /usr/bin/tar: ../../../../../usr/local/lib/android/sdk/platforms/android-34-ext11/data/res/values-mcc310-mnc150-ta: Cannot utime: Operation not permitted
build	Cache Android SDK	2026-06-06T12:22:50.1918895Z /usr/bin/tar: ../../../../../usr/local/lib/android/sdk/platforms/android-34-ext11/data/res/values-mcc310-mnc150-ta: Cannot change mode to rwxr-xr-x: Operation not permitted
build	Cache Android SDK	2026-06-06T12:22:50.1922686Z /usr/bin/tar: ../../../../../usr/local/lib/android/sdk/platforms/android-34-ext11/data/res/values-mcc334-mnc050: Cannot utime: Operation not permitted
build	Cache Android SDK	2026-06-06T12:22:50.1923143Z /usr/bin/tar: ../../../../../usr/local/lib/android/sdk/platforms/android-34-ext11/data/res/values-mcc334-mnc050: Cannot change mode to rwxr-xr-x: Operation not permitted
build	Cache Android SDK	2026-06-06T12:22:50.1927044Z /usr/bin/tar: ../../../../../usr/local/lib/android/sdk/platforms/android-34-ext11/data/res/values-mcc001-mnc01-gl: Cannot utime: Operation not permitted
build	Cache Android SDK	2026-06-06T12:22:50.1927591Z /usr/bin/tar: ../../../../../usr/local/lib/android/sdk/platforms/android-34-ext11/data/res/values-mcc001-mnc01-gl: Cannot change mode to rwxr-xr-x: Operation not permitted
build	Cache Android SDK	2026-06-06T12:22:50.1930930Z /usr/bin/tar: ../../../../../usr/local/lib/android/sdk/platforms/android-34-ext11/data/res/values-mcc310-mnc950-vi: Cannot utime: Operation not permitted
build	Cache Android SDK	2026-06-06T12:22:50.1931481Z /usr/bin/tar: ../../../../../usr/local/lib/android/sdk/platforms/android-34-ext11/data/res/values-mcc310-mnc950-vi: Cannot change mode to rwxr-xr-x: Operation not permitted
build	Cache Android SDK	2026-06-06T12:22:50.1939548Z /usr/bin/tar: ../../../../../usr/local/lib/android/sdk/platforms/android-34-ext11/data/res/values-mcc432-mnc20: Cannot utime: Operation not permitted
build	Cache Android SDK	2026-06-06T12:22:50.1940115Z /usr/bin/tar: ../../../../../usr/local/lib/android/sdk/platforms/android-34-ext11/data/res/values-mcc432-mnc20: Cannot change mode to rwxr-xr-x: Operation not permitted
build	Cache Android SDK	2026-06-06T12:22:50.1943763Z /usr/bin/tar: ../../../../../usr/local/lib/android/sdk/platforms/android-34-ext11/data/res/values-mcc310-mnc800-de: Cannot utime: Operation not permitted
build	Cache Android SDK	2026-06-06T12:22:50.1944327Z /usr/bin/tar: ../../../../../usr/local/lib/android/sdk/platforms/android-34-ext11/data/res/values-mcc310-mnc800-de: Cannot change mode to rwxr-xr-x: Operation not permitted
build	Cache Android SDK	2026-06-06T12:22:50.1948197Z /usr/bin/tar: ../../../../../usr/local/lib/android/sdk/platforms/android-34-ext11/data/res/values-mcc310-mnc660-sq: Cannot utime: Operation not permitted
build	Cache Android SDK	2026-06-06T12:22:50.1948877Z /usr/bin/tar: ../../../../../usr/local/lib/android/sdk/platforms/android-34-ext11/data/res/values-mcc310-mnc660-sq: Cannot change mode to rwxr-xr-x: Operation not permitted
build	Cache Android SDK	2026-06-06T12:22:50.1951940Z /usr/bin/tar: ../../../../../usr/local/lib/android/sdk/platforms/android-34-ext11/data/res/values-mcc302-mnc720-sv: Cannot utime: Operation not permitted
build	Cache Android SDK	2026-06-06T12:22:50.1952517Z /usr/bin/tar: ../../../../../usr/local/lib/android/sdk/platforms/android-34-ext11/data/res/values-mcc302-mnc720-sv: Cannot change mode to rwxr-xr-x: Operation not permitted
build	Cache Android SDK	2026-06-06T12:22:50.1956114Z /usr/bin/tar: ../../../../../usr/local/lib/android/sdk/platforms/android-34-ext11/data/res/values-mcc310-mnc560-nl: Cannot utime: Operation not permitted
build	Cache Android SDK	2026-06-06T12:22:50.1962131Z /usr/bin/tar: ../../../../../usr/local/lib/android/sdk/platforms/android-34-ext11/data/res/values-mcc310-mnc560-nl: Cannot change mode to rwxr-xr-x: Operation not permitted
build	Cache Android SDK	2026-06-06T12:22:50.1962810Z /usr/bin/tar: ../../../../../usr/local/lib/android/sdk/platforms/android-34-ext11/data/res/values-mcc334-mnc020-hr: Cannot utime: Operation not permitted
build	Cache Android SDK	2026-06-06T12:22:50.1963376Z /usr/bin/tar: ../../../../../usr/local/lib/android/sdk/platforms/android-34-ext11/data/res/values-mcc334-mnc020-hr: Cannot change mode to rwxr-xr-x: Operation not permitted
build	Cache Android SDK	2026-06-06T12:22:50.1967005Z /usr/bin/tar: ../../../../../usr/local/lib/android/sdk/platforms/android-34-ext11/data/res/values-mcc001-mnc01-am: Cannot utime: Operation not permitted
build	Cache Android SDK	2026-06-06T12:22:50.1967591Z /usr/bin/tar: ../../../../../usr/local/lib/android/sdk/platforms/android-34-ext11/data/res/values-mcc001-mnc01-am: Cannot change mode to rwxr-xr-x: Operation not permitted
build	Cache Android SDK	2026-06-06T12:22:50.1970598Z /usr/bin/tar: ../../../../../usr/local/lib/android/sdk/platforms/android-34-ext11/data/res/values-mcc310-mnc560-en-rXC: Cannot utime: Operation not permitted
build	Cache Android SDK	2026-06-06T12:22:50.1971154Z /usr/bin/tar: ../../../../../usr/local/lib/android/sdk/platforms/android-34-ext11/data/res/values-mcc310-mnc560-en-rXC: Cannot change mode to rwxr-xr-x: Operation not permitted
build	Cache Android SDK	2026-06-06T12:22:50.1974101Z /usr/bin/tar: ../../../../../usr/local/lib/android/sdk/platforms/android-34-ext11/data/res/values-mcc310-mnc240-ne: Cannot utime: Operation not permitted
build	Cache Android SDK	2026-06-06T12:22:50.1975069Z /usr/bin/tar: ../../../../../usr/local/lib/android/sdk/platforms/android-34-ext11/data/res/values-mcc310-mnc240-ne: Cannot change mode to rwxr-xr-x: Operation not permitted
build	Cache Android SDK	2026-06-06T12:22:50.1978391Z /usr/bin/tar: ../../../../../usr/local/lib/android/sdk/platforms/android-34-ext11/data/res/values-mcc310-mnc150-lv: Cannot utime: Operation not permitted
build	Cache Android SDK	2026-06-06T12:22:50.1978863Z /usr/bin/tar: ../../../../../usr/local/lib/android/sdk/platforms/android-34-ext11/data/res/values-mcc310-mnc150-lv: Cannot change mode to rwxr-xr-x: Operation not permitted
build	Cache Android SDK	2026-06-06T12:22:50.1983006Z /usr/bin/tar: ../../../../../usr/local/lib/android/sdk/platforms/android-34-ext11/data/res/values-mcc310-mnc490-ro: Cannot utime: Operation not permitted
build	Cache Android SDK	2026-06-06T12:22:50.1983616Z /usr/bin/tar: ../../../../../usr/local/lib/android/sdk/platforms/android-34-ext11/data/res/values-mcc310-mnc490-ro: Cannot change mode to rwxr-xr-x: Operation not permitted
build	Cache Android SDK	2026-06-06T12:22:50.1986965Z /usr/bin/tar: ../../../../../usr/local/lib/android/sdk/platforms/android-34-ext11/data/res/values-mcc310-mnc270-zh-rTW: Cannot utime: Operation not permitted
build	Cache Android SDK	2026-06-06T12:22:50.1987561Z /usr/bin/tar: ../../../../../usr/local/lib/android/sdk/platforms/android-34-ext11/data/res/values-mcc310-mnc270-zh-rTW: Cannot change mode to rwxr-xr-x: Operation not permitted
build	Cache Android SDK	2026-06-06T12:22:50.1991215Z /usr/bin/tar: ../../../../../usr/local/lib/android/sdk/platforms/android-34-ext11/data/res/values-mcc310-mnc380-nl: Cannot utime: Operation not permitted
build	Cache Android SDK	2026-06-06T12:22:50.1991676Z /usr/bin/tar: ../../../../../usr/local/lib/android/sdk/platforms/android-34-ext11/data/res/values-mcc310-mnc380-nl: Cannot change mode to rwxr-xr-x: Operation not permitted
build	Cache Android SDK	2026-06-06T12:22:50.1997908Z /usr/bin/tar: ../../../../../usr/local/lib/android/sdk/platforms/android-34-ext11/data/res/values-en-rSG: Cannot utime: Operation not permitted
build	Cache Android SDK	2026-06-06T12:22:50.1998446Z /usr/bin/tar: ../../../../../usr/local/lib/android/sdk/platforms/android-34-ext11/data/res/values-en-rSG: Cannot change mode to rwxr-xr-x: Operation not permitted
build	Cache Android SDK	2026-06-06T12:22:50.2003819Z /usr/bin/tar: ../../../../../usr/local/lib/android/sdk/platforms/android-34-ext11/data/res/drawable-en-mdpi: Cannot utime: Operation not permitted
build	Cache Android SDK	2026-06-06T12:22:50.2004272Z /usr/bin/tar: ../../../../../usr/local/lib/android/sdk/platforms/android-34-ext11/data/res/drawable-en-mdpi: Cannot change mode to rwxr-xr-x: Operation not permitted
build	Cache Android SDK	2026-06-06T12:22:50.2010312Z /usr/bin/tar: ../../../../../usr/local/lib/android/sdk/platforms/android-34-ext11/data/res/values-mcc302-mnc720-pt-rPT: Cannot utime: Operation not permitted
build	Cache Android SDK	2026-06-06T12:22:50.2010907Z /usr/bin/tar: ../../../../../usr/local/lib/android/sdk/platforms/android-34-ext11/data/res/values-mcc302-mnc720-pt-rPT: Cannot change mode to rwxr-xr-x: Operation not permitted
build	Cache Android SDK	2026-06-06T12:22:50.2014867Z /usr/bin/tar: ../../../../../usr/local/lib/android/sdk/platforms/android-34-ext11/data/res/raw-fr: Cannot utime: Operation not permitted
build	Cache Android SDK	2026-06-06T12:22:50.2015274Z /usr/bin/tar: ../../../../../usr/local/lib/android/sdk/platforms/android-34-ext11/data/res/raw-fr: Cannot change mode to rwxr-xr-x: Operation not permitted
build	Cache Android SDK	2026-06-06T12:22:50.2021042Z /usr/bin/tar: ../../../../../usr/local/lib/android/sdk/platforms/android-34-ext11/data/res/values-mcc310-mnc530: Cannot utime: Operation not permitted
build	Cache Android SDK	2026-06-06T12:22:50.2021498Z /usr/bin/tar: ../../../../../usr/local/lib/android/sdk/platforms/android-34-ext11/data/res/values-mcc310-mnc530: Cannot change mode to rwxr-xr-x: Operation not permitted
build	Cache Android SDK	2026-06-06T12:22:50.2026064Z /usr/bin/tar: ../../../../../usr/local/lib/android/sdk/platforms/android-34-ext11/data/res/values-mcc311-mnc180-ru: Cannot utime: Operation not permitted
build	Cache Android SDK	2026-06-06T12:22:50.2026760Z /usr/bin/tar: ../../../../../usr/local/lib/android/sdk/platforms/android-34-ext11/data/res/values-mcc311-mnc180-ru: Cannot change mode to rwxr-xr-x: Operation not permitted
build	Cache Android SDK	2026-06-06T12:22:50.2029726Z /usr/bin/tar: ../../../../../usr/local/lib/android/sdk/platforms/android-34-ext11/data/res/values-mcc302-mnc370-hu: Cannot utime: Operation not permitted
build	Cache Android SDK	2026-06-06T12:22:50.2030239Z /usr/bin/tar: ../../../../../usr/local/lib/android/sdk/platforms/android-34-ext11/data/res/values-mcc302-mnc370-hu: Cannot change mode to rwxr-xr-x: Operation not permitted
build	Cache Android SDK	2026-06-06T12:22:50.2035555Z /usr/bin/tar: ../../../../../usr/local/lib/android/sdk/platforms/android-34-ext11/data/res/values-mcc310-mnc210-cs: Cannot utime: Operation not permitted
build	Cache Android SDK	2026-06-06T12:22:50.2036026Z /usr/bin/tar: ../../../../../usr/local/lib/android/sdk/platforms/android-34-ext11/data/res/values-mcc310-mnc210-cs: Cannot change mode to rwxr-xr-x: Operation not permitted
build	Cache Android SDK	2026-06-06T12:22:50.2039442Z /usr/bin/tar: ../../../../../usr/local/lib/android/sdk/platforms/android-34-ext11/data/res/values-mcc312-mnc670-hi: Cannot utime: Operation not permitted
build	Cache Android SDK	2026-06-06T12:22:50.2039921Z /usr/bin/tar: ../../../../../usr/local/lib/android/sdk/platforms/android-34-ext11/data/res/values-mcc312-mnc670-hi: Cannot change mode to rwxr-xr-x: Operation not permitted
build	Cache Android SDK	2026-06-06T12:22:50.2043878Z /usr/bin/tar: ../../../../../usr/local/lib/android/sdk/platforms/android-34-ext11/data/res/values-mcc302-mnc720-km: Cannot utime: Operation not permitted
build	Cache Android SDK	2026-06-06T12:22:50.2044352Z /usr/bin/tar: ../../../../../usr/local/lib/android/sdk/platforms/android-34-ext11/data/res/values-mcc302-mnc720-km: Cannot change mode to rwxr-xr-x: Operation not permitted
build	Cache Android SDK	2026-06-06T12:22:50.2048902Z /usr/bin/tar: ../../../../../usr/local/lib/android/sdk/platforms/android-34-ext11/data/res/values-sl-television: Cannot utime: Operation not permitted
build	Cache Android SDK	2026-06-06T12:22:50.2051312Z /usr/bin/tar: ../../../../../usr/local/lib/android/sdk/platforms/android-34-ext11/data/res/values-sl-television: Cannot change mode to rwxr-xr-x: Operation not permitted
build	Cache Android SDK	2026-06-06T12:22:50.2056638Z /usr/bin/tar: ../../../../../usr/local/lib/android/sdk/platforms/android-34-ext11/data/res/values-mcc310-mnc220-en-rAU: Cannot utime: Operation not permitted
build	Cache Android SDK	2026-06-06T12:22:50.2057131Z /usr/bin/tar: ../../../../../usr/local/lib/android/sdk/platforms/android-34-ext11/data/res/values-mcc310-mnc220-en-rAU: Cannot change mode to rwxr-xr-x: Operation not permitted
build	Cache Android SDK	2026-06-06T12:22:50.2060966Z /usr/bin/tar: ../../../../../usr/local/lib/android/sdk/platforms/android-34-ext11/data/res/values-mcc310-mnc490-ko: Cannot utime: Operation not permitted
build	Cache Android SDK	2026-06-06T12:22:50.2061439Z /usr/bin/tar: ../../../../../usr/local/lib/android/sdk/platforms/android-34-ext11/data/res/values-mcc310-mnc490-ko: Cannot change mode to rwxr-xr-x: Operation not permitted
build	Cache Android SDK	2026-06-06T12:22:50.2069650Z /usr/bin/tar: ../../../../../usr/local/lib/android/sdk/platforms/android-34-ext11/data/res/values-mcc302-mnc370-ml: Cannot utime: Operation not permitted
build	Cache Android SDK	2026-06-06T12:22:50.2070235Z /usr/bin/tar: ../../../../../usr/local/lib/android/sdk/platforms/android-34-ext11/data/res/values-mcc302-mnc370-ml: Cannot change mode to rwxr-xr-x: Operation not permitted
build	Cache Android SDK	2026-06-06T12:22:50.2073654Z /usr/bin/tar: ../../../../../usr/local/lib/android/sdk/platforms/android-34-ext11/data/res/values-mcc310-mnc170-ka: Cannot utime: Operation not permitted
build	Cache Android SDK	2026-06-06T12:22:50.2074161Z /usr/bin/tar: ../../../../../usr/local/lib/android/sdk/platforms/android-34-ext11/data/res/values-mcc310-mnc170-ka: Cannot change mode to rwxr-xr-x: Operation not permitted
build	Cache Android SDK	2026-06-06T12:22:50.2081466Z /usr/bin/tar: ../../../../../usr/local/lib/android/sdk/platforms/android-34-ext11/data/res/values-b+sr+Latn: Cannot utime: Operation not permitted
build	Cache Android SDK	2026-06-06T12:22:50.2081952Z /usr/bin/tar: ../../../../../usr/local/lib/android/sdk/platforms/android-34-ext11/data/res/values-b+sr+Latn: Cannot change mode to rwxr-xr-x: Operation not permitted
build	Cache Android SDK	2026-06-06T12:22:50.2084682Z /usr/bin/tar: ../../../../../usr/local/lib/android/sdk/platforms/android-34-ext11/data/res/values-mcc310-mnc280-uk: Cannot utime: Operation not permitted
build	Cache Android SDK	2026-06-06T12:22:50.2085174Z /usr/bin/tar: ../../../../../usr/local/lib/android/sdk/platforms/android-34-ext11/data/res/values-mcc310-mnc280-uk: Cannot change mode to rwxr-xr-x: Operation not permitted
build	Cache Android SDK	2026-06-06T12:22:50.2088350Z /usr/bin/tar: ../../../../../usr/local/lib/android/sdk/platforms/android-34-ext11/data/res/values-mcc310-mnc220-hu: Cannot utime: Operation not permitted
build	Cache Android SDK	2026-06-06T12:22:50.2088819Z /usr/bin/tar: ../../../../../usr/local/lib/android/sdk/platforms/android-34-ext11/data/res/values-mcc310-mnc220-hu: Cannot change mode to rwxr-xr-x: Operation not permitted
build	Cache Android SDK	2026-06-06T12:22:50.2092545Z /usr/bin/tar: ../../../../../usr/local/lib/android/sdk/platforms/android-34-ext11/data/res/values-mcc310-mnc230-tr: Cannot utime: Operation not permitted
build	Cache Android SDK	2026-06-06T12:22:50.2093019Z /usr/bin/tar: ../../../../../usr/local/lib/android/sdk/platforms/android-34-ext11/data/res/values-mcc310-mnc230-tr: Cannot change mode to rwxr-xr-x: Operation not permitted
build	Cache Android SDK	2026-06-06T12:22:50.2095710Z /usr/bin/tar: ../../../../../usr/local/lib/android/sdk/platforms/android-34-ext11/data/res/values-mcc310-mnc230-sv: Cannot utime: Operation not permitted
build	Cache Android SDK	2026-06-06T12:22:50.2096181Z /usr/bin/tar: ../../../../../usr/local/lib/android/sdk/platforms/android-34-ext11/data/res/values-mcc310-mnc230-sv: Cannot change mode to rwxr-xr-x: Operation not permitted
build	Cache Android SDK	2026-06-06T12:22:50.2099363Z /usr/bin/tar: ../../../../../usr/local/lib/android/sdk/platforms/android-34-ext11/data/res/values-ar-rIL: Cannot utime: Operation not permitted
build	Cache Android SDK	2026-06-06T12:22:50.2099792Z /usr/bin/tar: ../../../../../usr/local/lib/android/sdk/platforms/android-34-ext11/data/res/values-ar-rIL: Cannot change mode to rwxr-xr-x: Operation not permitted
build	Cache Android SDK	2026-06-06T12:22:50.2102757Z /usr/bin/tar: ../../../../../usr/local/lib/android/sdk/platforms/android-34-ext11/data/res/values-te-television: Cannot utime: Operation not permitted
build	Cache Android SDK	2026-06-06T12:22:50.2103247Z /usr/bin/tar: ../../../../../usr/local/lib/android/sdk/platforms/android-34-ext11/data/res/values-te-television: Cannot change mode to rwxr-xr-x: Operation not permitted
build	Cache Android SDK	2026-06-06T12:22:50.2106107Z /usr/bin/tar: ../../../../../usr/local/lib/android/sdk/platforms/android-34-ext11/data/res/values-mcc310-mnc160-pt: Cannot utime: Operation not permitted
build	Cache Android SDK	2026-06-06T12:22:50.2106578Z /usr/bin/tar: ../../../../../usr/local/lib/android/sdk/platforms/android-34-ext11/data/res/values-mcc310-mnc160-pt: Cannot change mode to rwxr-xr-x: Operation not permitted
build	Cache Android SDK	2026-06-06T12:22:50.2109659Z /usr/bin/tar: ../../../../../usr/local/lib/android/sdk/platforms/android-34-ext11/data/res/values-mcc310-mnc660-ur: Cannot utime: Operation not permitted
build	Cache Android SDK	2026-06-06T12:22:50.2110121Z /usr/bin/tar: ../../../../../usr/local/lib/android/sdk/platforms/android-34-ext11/data/res/values-mcc310-mnc660-ur: Cannot change mode to rwxr-xr-x: Operation not permitted
build	Cache Android SDK	2026-06-06T12:22:50.2118372Z /usr/bin/tar: ../../../../../usr/local/lib/android/sdk/platforms/android-34-ext11/data/res/values-mcc334-mnc020-cs: Cannot utime: Operation not permitted
build	Cache Android SDK	2026-06-06T12:22:50.2118934Z /usr/bin/tar: ../../../../../usr/local/lib/android/sdk/platforms/android-34-ext11/data/res/values-mcc334-mnc020-cs: Cannot change mode to rwxr-xr-x: Operation not permitted
build	Cache Android SDK	2026-06-06T12:22:50.2127888Z /usr/bin/tar: ../../../../../usr/local/lib/android/sdk/platforms/android-34-ext11/data/res/values-zh-rTW: Cannot utime: Operation not permitted
build	Cache Android SDK	2026-06-06T12:22:50.2128390Z /usr/bin/tar: ../../../../../usr/local/lib/android/sdk/platforms/android-34-ext11/data/res/values-zh-rTW: Cannot change mode to rwxr-xr-x: Operation not permitted
build	Cache Android SDK	2026-06-06T12:22:50.2131480Z /usr/bin/tar: ../../../../../usr/local/lib/android/sdk/platforms/android-34-ext11/data/res/values-mcc310-mnc200-uz: Cannot utime: Operation not permitted
build	Cache Android SDK	2026-06-06T12:22:50.2131956Z /usr/bin/tar: ../../../../../usr/local/lib/android/sdk/platforms/android-34-ext11/data/res/values-mcc310-mnc200-uz: Cannot change mode to rwxr-xr-x: Operation not permitted
build	Cache Android SDK	2026-06-06T12:22:50.2135379Z /usr/bin/tar: ../../../../../usr/local/lib/android/sdk/platforms/android-34-ext11/data/res/values-mcc310-mnc410-sw: Cannot utime: Operation not permitted
build	Cache Android SDK	2026-06-06T12:22:50.2135838Z /usr/bin/tar: ../../../../../usr/local/lib/android/sdk/platforms/android-34-ext11/data/res/values-mcc310-mnc410-sw: Cannot change mode to rwxr-xr-x: Operation not permitted
build	Cache Android SDK	2026-06-06T12:22:50.2139348Z /usr/bin/tar: ../../../../../usr/local/lib/android/sdk/platforms/android-34-ext11/data/res/values-el-rGR: Cannot utime: Operation not permitted
build	Cache Android SDK	2026-06-06T12:22:50.2139781Z /usr/bin/tar: ../../../../../usr/local/lib/android/sdk/platforms/android-34-ext11/data/res/values-el-rGR: Cannot change mode to rwxr-xr-x: Operation not permitted
build	Cache Android SDK	2026-06-06T12:22:50.2143987Z /usr/bin/tar: ../../../../../usr/local/lib/android/sdk/platforms/android-34-ext11/data/res/values-mcc310-mnc800-hy: Cannot utime: Operation not permitted
build	Cache Android SDK	2026-06-06T12:22:50.2144536Z /usr/bin/tar: ../../../../../usr/local/lib/android/sdk/platforms/android-34-ext11/data/res/values-mcc310-mnc800-hy: Cannot change mode to rwxr-xr-x: Operation not permitted
build	Cache Android SDK	2026-06-06T12:22:50.2148691Z /usr/bin/tar: ../../../../../usr/local/lib/android/sdk/platforms/android-34-ext11/data/res/values-mcc302-mnc720: Cannot utime: Operation not permitted
build	Cache Android SDK	2026-06-06T12:22:50.2149147Z /usr/bin/tar: ../../../../../usr/local/lib/android/sdk/platforms/android-34-ext11/data/res/values-mcc302-mnc720: Cannot change mode to rwxr-xr-x: Operation not permitted
build	Cache Android SDK	2026-06-06T12:22:50.2153701Z /usr/bin/tar: ../../../../../usr/local/lib/android/sdk/platforms/android-34-ext11/data/res/values-mcc313-mnc100-sl: Cannot utime: Operation not permitted
build	Cache Android SDK	2026-06-06T12:22:50.2154166Z /usr/bin/tar: ../../../../../usr/local/lib/android/sdk/platforms/android-34-ext11/data/res/values-mcc313-mnc100-sl: Cannot change mode to rwxr-xr-x: Operation not permitted
build	Cache Android SDK	2026-06-06T12:22:50.2162117Z /usr/bin/tar: ../../../../../usr/local/lib/android/sdk/platforms/android-34-ext11/data/res/values-mcc312-mnc670-zh-rTW: Cannot utime: Operation not permitted
build	Cache Android SDK	2026-06-06T12:22:50.2162942Z /usr/bin/tar: ../../../../../usr/local/lib/android/sdk/platforms/android-34-ext11/data/res/values-mcc312-mnc670-zh-rTW: Cannot change mode to rwxr-xr-x: Operation not permitted
build	Cache Android SDK	2026-06-06T12:22:50.2167994Z /usr/bin/tar: ../../../../../usr/local/lib/android/sdk/platforms/android-34-ext11/data/res/values-mcc310-mnc560-ur: Cannot utime: Operation not permitted
build	Cache Android SDK	2026-06-06T12:22:50.2168561Z /usr/bin/tar: ../../../../../usr/local/lib/android/sdk/platforms/android-34-ext11/data/res/values-mcc310-mnc560-ur: Cannot change mode to rwxr-xr-x: Operation not permitted
build	Cache Android SDK	2026-06-06T12:22:50.2173154Z /usr/bin/tar: ../../../../../usr/local/lib/android/sdk/platforms/android-34-ext11/data/res/values-mcc310-mnc170-am: Cannot utime: Operation not permitted
build	Cache Android SDK	2026-06-06T12:22:50.2173710Z /usr/bin/tar: ../../../../../usr/local/lib/android/sdk/platforms/android-34-ext11/data/res/values-mcc310-mnc170-am: Cannot change mode to rwxr-xr-x: Operation not permitted
build	Cache Android SDK	2026-06-06T12:22:50.2179037Z /usr/bin/tar: ../../../../../usr/local/lib/android/sdk/platforms/android-34-ext11/data/res/values-mcc310-mnc800-nb: Cannot utime: Operation not permitted
build	Cache Android SDK	2026-06-06T12:22:50.2179499Z /usr/bin/tar: ../../../../../usr/local/lib/android/sdk/platforms/android-34-ext11/data/res/values-mcc310-mnc800-nb: Cannot change mode to rwxr-xr-x: Operation not permitted
build	Cache Android SDK	2026-06-06T12:22:50.2182951Z /usr/bin/tar: ../../../../../usr/local/lib/android/sdk/platforms/android-34-ext11/data/res/values-mcc310-mnc800-b+sr+Latn: Cannot utime: Operation not permitted
build	Cache Android SDK	2026-06-06T12:22:50.2183436Z /usr/bin/tar: ../../../../../usr/local/lib/android/sdk/platforms/android-34-ext11/data/res/values-mcc310-mnc800-b+sr+Latn: Cannot change mode to rwxr-xr-x: Operation not permitted
build	Cache Android SDK	2026-06-06T12:22:50.2186793Z /usr/bin/tar: ../../../../../usr/local/lib/android/sdk/platforms/android-34-ext11/data/res/values-mcc310-mnc150-be: Cannot utime: Operation not permitted
build	Cache Android SDK	2026-06-06T12:22:50.2187341Z /usr/bin/tar: ../../../../../usr/local/lib/android/sdk/platforms/android-34-ext11/data/res/values-mcc310-mnc150-be: Cannot change mode to rwxr-xr-x: Operation not permitted
build	Cache Android SDK	2026-06-06T12:22:50.2191680Z /usr/bin/tar: ../../../../../usr/local/lib/android/sdk/platforms/android-34-ext11/data/res/values-mcc310-mnc560-ja: Cannot utime: Operation not permitted
build	Cache Android SDK	2026-06-06T12:22:50.2192143Z /usr/bin/tar: ../../../../../usr/local/lib/android/sdk/platforms/android-34-ext11/data/res/values-mcc310-mnc560-ja: Cannot change mode to rwxr-xr-x: Operation not permitted
build	Cache Android SDK	2026-06-06T12:22:50.2195093Z /usr/bin/tar: ../../../../../usr/local/lib/android/sdk/platforms/android-34-ext11/data/res/values-mcc310-mnc210-sq: Cannot utime: Operation not permitted
build	Cache Android SDK	2026-06-06T12:22:50.2195552Z /usr/bin/tar: ../../../../../usr/local/lib/android/sdk/platforms/android-34-ext11/data/res/values-mcc310-mnc210-sq: Cannot change mode to rwxr-xr-x: Operation not permitted
build	Cache Android SDK	2026-06-06T12:22:50.2200179Z /usr/bin/tar: ../../../../../usr/local/lib/android/sdk/platforms/android-34-ext11/data/res/values-w228dp: Cannot utime: Operation not permitted
build	Cache Android SDK	2026-06-06T12:22:50.2200618Z /usr/bin/tar: ../../../../../usr/local/lib/android/sdk/platforms/android-34-ext11/data/res/values-w228dp: Cannot change mode to rwxr-xr-x: Operation not permitted
build	Cache Android SDK	2026-06-06T12:22:50.2203284Z /usr/bin/tar: ../../../../../usr/local/lib/android/sdk/platforms/android-34-ext11/data/res/values-mcc312-mnc670-ms: Cannot utime: Operation not permitted
build	Cache Android SDK	2026-06-06T12:22:50.2203742Z /usr/bin/tar: ../../../../../usr/local/lib/android/sdk/platforms/android-34-ext11/data/res/values-mcc312-mnc670-ms: Cannot change mode to rwxr-xr-x: Operation not permitted
build	Cache Android SDK	2026-06-06T12:22:50.2206979Z /usr/bin/tar: ../../../../../usr/local/lib/android/sdk/platforms/android-34-ext11/data/res/values-mcc302-mnc720-sw: Cannot utime: Operation not permitted
build	Cache Android SDK	2026-06-06T12:22:50.2207602Z /usr/bin/tar: ../../../../../usr/local/lib/android/sdk/platforms/android-34-ext11/data/res/values-mcc302-mnc720-sw: Cannot change mode to rwxr-xr-x: Operation not permitted
build	Cache Android SDK	2026-06-06T12:22:50.2211031Z /usr/bin/tar: ../../../../../usr/local/lib/android/sdk/platforms/android-34-ext11/data/res/values-mcc310-mnc160-de: Cannot utime: Operation not permitted
build	Cache Android SDK	2026-06-06T12:22:50.2211491Z /usr/bin/tar: ../../../../../usr/local/lib/android/sdk/platforms/android-34-ext11/data/res/values-mcc310-mnc160-de: Cannot change mode to rwxr-xr-x: Operation not permitted
build	Cache Android SDK	2026-06-06T12:22:50.2214921Z /usr/bin/tar: ../../../../../usr/local/lib/android/sdk/platforms/android-34-ext11/data/res/values-mcc310-mnc230-ru: Cannot utime: Operation not permitted
build	Cache Android SDK	2026-06-06T12:22:50.2215390Z /usr/bin/tar: ../../../../../usr/local/lib/android/sdk/platforms/android-34-ext11/data/res/values-mcc310-mnc230-ru: Cannot change mode to rwxr-xr-x: Operation not permitted
build	Cache Android SDK	2026-06-06T12:22:50.2219122Z /usr/bin/tar: ../../../../../usr/local/lib/android/sdk/platforms/android-34-ext11/data/res/values-mcc310-mnc170-en-rCA: Cannot utime: Operation not permitted
build	Cache Android SDK	2026-06-06T12:22:50.2219716Z /usr/bin/tar: ../../../../../usr/local/lib/android/sdk/platforms/android-34-ext11/data/res/values-mcc310-mnc170-en-rCA: Cannot change mode to rwxr-xr-x: Operation not permitted
build	Cache Android SDK	2026-06-06T12:22:50.2224892Z /usr/bin/tar: ../../../../../usr/local/lib/android/sdk/platforms/android-34-ext11/data/res/values-mcc313-mnc100-or: Cannot utime: Operation not permitted
build	Cache Android SDK	2026-06-06T12:22:50.2225365Z /usr/bin/tar: ../../../../../usr/local/lib/android/sdk/platforms/android-34-ext11/data/res/values-mcc313-mnc100-or: Cannot change mode to rwxr-xr-x: Operation not permitted
build	Cache Android SDK	2026-06-06T12:22:50.2229415Z /usr/bin/tar: ../../../../../usr/local/lib/android/sdk/platforms/android-34-ext11/data/res/values-mcc312-mnc670-sv: Cannot utime: Operation not permitted
build	Cache Android SDK	2026-06-06T12:22:50.2229878Z /usr/bin/tar: ../../../../../usr/local/lib/android/sdk/platforms/android-34-ext11/data/res/values-mcc312-mnc670-sv: Cannot change mode to rwxr-xr-x: Operation not permitted
build	Cache Android SDK	2026-06-06T12:22:50.2232733Z /usr/bin/tar: ../../../../../usr/local/lib/android/sdk/platforms/android-34-ext11/data/res/values-mcc334-mnc020-ca: Cannot utime: Operation not permitted
build	Cache Android SDK	2026-06-06T12:22:50.2233200Z /usr/bin/tar: ../../../../../usr/local/lib/android/sdk/platforms/android-34-ext11/data/res/values-mcc334-mnc020-ca: Cannot change mode to rwxr-xr-x: Operation not permitted
build	Cache Android SDK	2026-06-06T12:22:50.2236928Z /usr/bin/tar: ../../../../../usr/local/lib/android/sdk/platforms/android-34-ext11/data/res/menu: Cannot utime: Operation not permitted
build	Cache Android SDK	2026-06-06T12:22:50.2237337Z /usr/bin/tar: ../../../../../usr/local/lib/android/sdk/platforms/android-34-ext11/data/res/menu: Cannot change mode to rwxr-xr-x: Operation not permitted
build	Cache Android SDK	2026-06-06T12:22:50.2243150Z /usr/bin/tar: ../../../../../usr/local/lib/android/sdk/platforms/android-34-ext11/data/res/values-mcc310-mnc560-bn: Cannot utime: Operation not permitted
build	Cache Android SDK	2026-06-06T12:22:50.2243610Z /usr/bin/tar: ../../../../../usr/local/lib/android/sdk/platforms/android-34-ext11/data/res/values-mcc310-mnc560-bn: Cannot change mode to rwxr-xr-x: Operation not permitted
build	Cache Android SDK	2026-06-06T12:22:50.2246332Z /usr/bin/tar: ../../../../../usr/local/lib/android/sdk/platforms/android-34-ext11/data/res/values-mcc310-mnc270-hy: Cannot utime: Operation not permitted
build	Cache Android SDK	2026-06-06T12:22:50.2246791Z /usr/bin/tar: ../../../../../usr/local/lib/android/sdk/platforms/android-34-ext11/data/res/values-mcc310-mnc270-hy: Cannot change mode to rwxr-xr-x: Operation not permitted
build	Cache Android SDK	2026-06-06T12:22:50.2253662Z /usr/bin/tar: ../../../../../usr/local/lib/android/sdk/platforms/android-34-ext11/data/res/values-mcc310-mnc200-az: Cannot utime: Operation not permitted
build	Cache Android SDK	2026-06-06T12:22:50.2254117Z /usr/bin/tar: ../../../../../usr/local/lib/android/sdk/platforms/android-34-ext11/data/res/values-mcc310-mnc200-az: Cannot change mode to rwxr-xr-x: Operation not permitted
build	Cache Android SDK	2026-06-06T12:22:50.2258750Z /usr/bin/tar: ../../../../../usr/local/lib/android/sdk/platforms/android-34-ext11/data/res/values-mcc310-mnc220-cs: Cannot utime: Operation not permitted
build	Cache Android SDK	2026-06-06T12:22:50.2259391Z /usr/bin/tar: ../../../../../usr/local/lib/android/sdk/platforms/android-34-ext11/data/res/values-mcc310-mnc220-cs: Cannot change mode to rwxr-xr-x: Operation not permitted
build	Cache Android SDK	2026-06-06T12:22:50.2262609Z /usr/bin/tar: ../../../../../usr/local/lib/android/sdk/platforms/android-34-ext11/data/res/values-w720dp: Cannot utime: Operation not permitted
build	Cache Android SDK	2026-06-06T12:22:50.2263057Z /usr/bin/tar: ../../../../../usr/local/lib/android/sdk/platforms/android-34-ext11/data/res/values-w720dp: Cannot change mode to rwxr-xr-x: Operation not permitted
build	Cache Android SDK	2026-06-06T12:22:50.2269160Z /usr/bin/tar: ../../../../../usr/local/lib/android/sdk/platforms/android-34-ext11/data/res/values-mcc310-mnc200-sw: Cannot utime: Operation not permitted
build	Cache Android SDK	2026-06-06T12:22:50.2269624Z /usr/bin/tar: ../../../../../usr/local/lib/android/sdk/platforms/android-34-ext11/data/res/values-mcc310-mnc200-sw: Cannot change mode to rwxr-xr-x: Operation not permitted
build	Cache Android SDK	2026-06-06T12:22:50.2272762Z /usr/bin/tar: ../../../../../usr/local/lib/android/sdk/platforms/android-34-ext11/data/res/values-mcc310-mnc950-it: Cannot utime: Operation not permitted
build	Cache Android SDK	2026-06-06T12:22:50.2273254Z /usr/bin/tar: ../../../../../usr/local/lib/android/sdk/platforms/android-34-ext11/data/res/values-mcc310-mnc950-it: Cannot change mode to rwxr-xr-x: Operation not permitted
build	Cache Android SDK	2026-06-06T12:22:50.2275968Z /usr/bin/tar: ../../../../../usr/local/lib/android/sdk/platforms/android-34-ext11/data/res/values-mcc312-mnc670-en-rXC: Cannot utime: Operation not permitted
build	Cache Android SDK	2026-06-06T12:22:50.2276455Z /usr/bin/tar: ../../../../../usr/local/lib/android/sdk/platforms/android-34-ext11/data/res/values-mcc312-mnc670-en-rXC: Cannot change mode to rwxr-xr-x: Operation not permitted
build	Cache Android SDK	2026-06-06T12:22:50.2282040Z /usr/bin/tar: ../../../../../usr/local/lib/android/sdk/platforms/android-34-ext11/data/res/values-mcc310-mnc030-ru: Cannot utime: Operation not permitted
build	Cache Android SDK	2026-06-06T12:22:50.2282501Z /usr/bin/tar: ../../../../../usr/local/lib/android/sdk/platforms/android-34-ext11/data/res/values-mcc310-mnc030-ru: Cannot change mode to rwxr-xr-x: Operation not permitted
build	Cache Android SDK	2026-06-06T12:22:50.2288799Z /usr/bin/tar: ../../../../../usr/local/lib/android/sdk/platforms/android-34-ext11/data/res/values-mcc310-mnc950-ko: Cannot utime: Operation not permitted
build	Cache Android SDK	2026-06-06T12:22:50.2289280Z /usr/bin/tar: ../../../../../usr/local/lib/android/sdk/platforms/android-34-ext11/data/res/values-mcc310-mnc950-ko: Cannot change mode to rwxr-xr-x: Operation not permitted
build	Cache Android SDK	2026-06-06T12:22:50.2292651Z /usr/bin/tar: ../../../../../usr/local/lib/android/sdk/platforms/android-34-ext11/data/res/values-mcc310-mnc490-iw: Cannot utime: Operation not permitted
build	Cache Android SDK	2026-06-06T12:22:50.2293314Z /usr/bin/tar: ../../../../../usr/local/lib/android/sdk/platforms/android-34-ext11/data/res/values-mcc310-mnc490-iw: Cannot change mode to rwxr-xr-x: Operation not permitted
build	Cache Android SDK	2026-06-06T12:22:50.2296015Z /usr/bin/tar: ../../../../../usr/local/lib/android/sdk/platforms/android-34-ext11/data/res/values-mcc310-mnc660-uk: Cannot utime: Operation not permitted
build	Cache Android SDK	2026-06-06T12:22:50.2296572Z /usr/bin/tar: ../../../../../usr/local/lib/android/sdk/platforms/android-34-ext11/data/res/values-mcc310-mnc660-uk: Cannot change mode to rwxr-xr-x: Operation not permitted
build	Cache Android SDK	2026-06-06T12:22:50.2300306Z /usr/bin/tar: ../../../../../usr/local/lib/android/sdk/platforms/android-34-ext11/data/res/values-mcc310-mnc030-sv: Cannot utime: Operation not permitted
build	Cache Android SDK	2026-06-06T12:22:50.2300773Z /usr/bin/tar: ../../../../../usr/local/lib/android/sdk/platforms/android-34-ext11/data/res/values-mcc310-mnc030-sv: Cannot change mode to rwxr-xr-x: Operation not permitted
build	Cache Android SDK	2026-06-06T12:22:50.2303519Z /usr/bin/tar: ../../../../../usr/local/lib/android/sdk/platforms/android-34-ext11/data/res/values-w205dp: Cannot utime: Operation not permitted
build	Cache Android SDK	2026-06-06T12:22:50.2303961Z /usr/bin/tar: ../../../../../usr/local/lib/android/sdk/platforms/android-34-ext11/data/res/values-w205dp: Cannot change mode to rwxr-xr-x: Operation not permitted
build	Cache Android SDK	2026-06-06T12:22:50.2306798Z /usr/bin/tar: ../../../../../usr/local/lib/android/sdk/platforms/android-34-ext11/data/res/values-mcc310-mnc490-in: Cannot utime: Operation not permitted
build	Cache Android SDK	2026-06-06T12:22:50.2307336Z /usr/bin/tar: ../../../../../usr/local/lib/android/sdk/platforms/android-34-ext11/data/res/values-mcc310-mnc490-in: Cannot change mode to rwxr-xr-x: Operation not permitted
build	Cache Android SDK	2026-06-06T12:22:50.2311988Z /usr/bin/tar: ../../../../../usr/local/lib/android/sdk/platforms/android-34-ext11/data/res/values-mcc310-mnc220-hi: Cannot utime: Operation not permitted
build	Cache Android SDK	2026-06-06T12:22:50.2312447Z /usr/bin/tar: ../../../../../usr/local/lib/android/sdk/platforms/android-34-ext11/data/res/values-mcc310-mnc220-hi: Cannot change mode to rwxr-xr-x: Operation not permitted
build	Cache Android SDK	2026-06-06T12:22:50.2321819Z /usr/bin/tar: ../../../../../usr/local/lib/android/sdk/platforms/android-34-ext11/data/res/values-de: Cannot utime: Operation not permitted
build	Cache Android SDK	2026-06-06T12:22:50.2322294Z /usr/bin/tar: ../../../../../usr/local/lib/android/sdk/platforms/android-34-ext11/data/res/values-de: Cannot change mode to rwxr-xr-x: Operation not permitted
build	Cache Android SDK	2026-06-06T12:22:50.2325324Z /usr/bin/tar: ../../../../../usr/local/lib/android/sdk/platforms/android-34-ext11/data/res/values-mcc310-mnc250-bs: Cannot utime: Operation not permitted
build	Cache Android SDK	2026-06-06T12:22:50.2325783Z /usr/bin/tar: ../../../../../usr/local/lib/android/sdk/platforms/android-34-ext11/data/res/values-mcc310-mnc250-bs: Cannot change mode to rwxr-xr-x: Operation not permitted
build	Cache Android SDK	2026-06-06T12:22:50.2333792Z /usr/bin/tar: ../../../../../usr/local/lib/android/sdk/platforms/android-34-ext11/data/res/values-mcc310-mnc170-cs: Cannot utime: Operation not permitted
build	Cache Android SDK	2026-06-06T12:22:50.2334364Z /usr/bin/tar: ../../../../../usr/local/lib/android/sdk/platforms/android-34-ext11/data/res/values-mcc310-mnc170-cs: Cannot change mode to rwxr-xr-x: Operation not permitted
build	Cache Android SDK	2026-06-06T12:22:50.2338160Z /usr/bin/tar: ../../../../../usr/local/lib/android/sdk/platforms/android-34-ext11/data/res/values-mcc310-mnc660-es: Cannot utime: Operation not permitted
build	Cache Android SDK	2026-06-06T12:22:50.2338716Z /usr/bin/tar: ../../../../../usr/local/lib/android/sdk/platforms/android-34-ext11/data/res/values-mcc310-mnc660-es: Cannot change mode to rwxr-xr-x: Operation not permitted
build	Cache Android SDK	2026-06-06T12:22:50.2341990Z /usr/bin/tar: ../../../../../usr/local/lib/android/sdk/platforms/android-34-ext11/data/res/values-mcc313-mnc100-sk: Cannot utime: Operation not permitted
build	Cache Android SDK	2026-06-06T12:22:50.2342446Z /usr/bin/tar: ../../../../../usr/local/lib/android/sdk/platforms/android-34-ext11/data/res/values-mcc313-mnc100-sk: Cannot change mode to rwxr-xr-x: Operation not permitted
build	Cache Android SDK	2026-06-06T12:22:50.2345884Z /usr/bin/tar: ../../../../../usr/local/lib/android/sdk/platforms/android-34-ext11/data/res/values-mcc310-mnc310-zh-rHK: Cannot utime: Operation not permitted
build	Cache Android SDK	2026-06-06T12:22:50.2346365Z /usr/bin/tar: ../../../../../usr/local/lib/android/sdk/platforms/android-34-ext11/data/res/values-mcc310-mnc310-zh-rHK: Cannot change mode to rwxr-xr-x: Operation not permitted
build	Cache Android SDK	2026-06-06T12:22:50.2351575Z /usr/bin/tar: ../../../../../usr/local/lib/android/sdk/platforms/android-34-ext11/data/res/values-mcc001-mnc01-pl: Cannot utime: Operation not permitted
build	Cache Android SDK	2026-06-06T12:22:50.2352128Z /usr/bin/tar: ../../../../../usr/local/lib/android/sdk/platforms/android-34-ext11/data/res/values-mcc001-mnc01-pl: Cannot change mode to rwxr-xr-x: Operation not permitted
build	Cache Android SDK	2026-06-06T12:22:50.2358822Z /usr/bin/tar: ../../../../../usr/local/lib/android/sdk/platforms/android-34-ext11/data/res/values-mcc310-mnc250-gu: Cannot utime: Operation not permitted
build	Cache Android SDK	2026-06-06T12:22:50.2359279Z /usr/bin/tar: ../../../../../usr/local/lib/android/sdk/platforms/android-34-ext11/data/res/values-mcc310-mnc250-gu: Cannot change mode to rwxr-xr-x: Operation not permitted
build	Cache Android SDK	2026-06-06T12:22:50.2363096Z /usr/bin/tar: ../../../../../usr/local/lib/android/sdk/platforms/android-34-ext11/data/res/values-mcc311-mnc180-sq: Cannot utime: Operation not permitted
build	Cache Android SDK	2026-06-06T12:22:50.2363562Z /usr/bin/tar: ../../../../../usr/local/lib/android/sdk/platforms/android-34-ext11/data/res/values-mcc311-mnc180-sq: Cannot change mode to rwxr-xr-x: Operation not permitted
build	Cache Android SDK	2026-06-06T12:22:50.2367687Z /usr/bin/tar: ../../../../../usr/local/lib/android/sdk/platforms/android-34-ext11/data/res/values-mcc310-mnc950-zu: Cannot utime: Operation not permitted
build	Cache Android SDK	2026-06-06T12:22:50.2368326Z /usr/bin/tar: ../../../../../usr/local/lib/android/sdk/platforms/android-34-ext11/data/res/values-mcc310-mnc950-zu: Cannot change mode to rwxr-xr-x: Operation not permitted
build	Cache Android SDK	2026-06-06T12:22:50.2374091Z /usr/bin/tar: ../../../../../usr/local/lib/android/sdk/platforms/android-34-ext11/data/res/values-mcc312-mnc670-gl: Cannot utime: Operation not permitted
build	Cache Android SDK	2026-06-06T12:22:50.2374561Z /usr/bin/tar: ../../../../../usr/local/lib/android/sdk/platforms/android-34-ext11/data/res/values-mcc312-mnc670-gl: Cannot change mode to rwxr-xr-x: Operation not permitted
build	Cache Android SDK	2026-06-06T12:22:50.2378637Z /usr/bin/tar: ../../../../../usr/local/lib/android/sdk/platforms/android-34-ext11/data/res/values-mcc313-mnc100-eu: Cannot utime: Operation not permitted
build	Cache Android SDK	2026-06-06T12:22:50.2379236Z /usr/bin/tar: ../../../../../usr/local/lib/android/sdk/platforms/android-34-ext11/data/res/values-mcc313-mnc100-eu: Cannot change mode to rwxr-xr-x: Operation not permitted
build	Cache Android SDK	2026-06-06T12:22:50.2381626Z /usr/bin/tar: ../../../../../usr/local/lib/android/sdk/platforms/android-34-ext11/data/res/values-mcc310-mnc410-pa: Cannot utime: Operation not permitted
build	Cache Android SDK	2026-06-06T12:22:50.2382097Z /usr/bin/tar: ../../../../../usr/local/lib/android/sdk/platforms/android-34-ext11/data/res/values-mcc310-mnc410-pa: Cannot change mode to rwxr-xr-x: Operation not permitted
build	Cache Android SDK	2026-06-06T12:22:50.2389522Z /usr/bin/tar: ../../../../../usr/local/lib/android/sdk/platforms/android-34-ext11/data/res/values-pt-rBR: Cannot utime: Operation not permitted
build	Cache Android SDK	2026-06-06T12:22:50.2390077Z /usr/bin/tar: ../../../../../usr/local/lib/android/sdk/platforms/android-34-ext11/data/res/values-pt-rBR: Cannot change mode to rwxr-xr-x: Operation not permitted
build	Cache Android SDK	2026-06-06T12:22:50.2392275Z /usr/bin/tar: ../../../../../usr/local/lib/android/sdk/platforms/android-34-ext11/data/res/values-mcc310-mnc410-pt-rPT: Cannot utime: Operation not permitted
build	Cache Android SDK	2026-06-06T12:22:50.2392875Z /usr/bin/tar: ../../../../../usr/local/lib/android/sdk/platforms/android-34-ext11/data/res/values-mcc310-mnc410-pt-rPT: Cannot change mode to rwxr-xr-x: Operation not permitted
build	Cache Android SDK	2026-06-06T12:22:50.2396221Z /usr/bin/tar: ../../../../../usr/local/lib/android/sdk/platforms/android-34-ext11/data/res/values-mcc310-mnc380-pt-rBR: Cannot utime: Operation not permitted
build	Cache Android SDK	2026-06-06T12:22:50.2396724Z /usr/bin/tar: ../../../../../usr/local/lib/android/sdk/platforms/android-34-ext11/data/res/values-mcc310-mnc380-pt-rBR: Cannot change mode to rwxr-xr-x: Operation not permitted
build	Cache Android SDK	2026-06-06T12:22:50.2401256Z /usr/bin/tar: ../../../../../usr/local/lib/android/sdk/platforms/android-34-ext11/data/res/values-mcc310-mnc560-pl: Cannot utime: Operation not permitted
build	Cache Android SDK	2026-06-06T12:22:50.2401724Z /usr/bin/tar: ../../../../../usr/local/lib/android/sdk/platforms/android-34-ext11/data/res/values-mcc310-mnc560-pl: Cannot change mode to rwxr-xr-x: Operation not permitted
build	Cache Android SDK	2026-06-06T12:22:50.2406859Z /usr/bin/tar: ../../../../../usr/local/lib/android/sdk/platforms/android-34-ext11/data/res/values-mcc310-mnc200-fa: Cannot utime: Operation not permitted
build	Cache Android SDK	2026-06-06T12:22:50.2407717Z /usr/bin/tar: ../../../../../usr/local/lib/android/sdk/platforms/android-34-ext11/data/res/values-mcc310-mnc200-fa: Cannot change mode to rwxr-xr-x: Operation not permitted
build	Cache Android SDK	2026-06-06T12:22:50.2425119Z /usr/bin/tar: ../../../../../usr/local/lib/android/sdk/platforms/android-34-ext11/data/res/values-mcc310-mnc280-my: Cannot utime: Operation not permitted
build	Cache Android SDK	2026-06-06T12:22:50.2426067Z /usr/bin/tar: ../../../../../usr/local/lib/android/sdk/platforms/android-34-ext11/data/res/values-mcc310-mnc280-my: Cannot change mode to rwxr-xr-x: Operation not permitted
build	Cache Android SDK	2026-06-06T12:22:50.2426787Z /usr/bin/tar: ../../../../../usr/local/lib/android/sdk/platforms/android-34-ext11/data/res/values-mcc313-mnc100-en-rXC: Cannot utime: Operation not permitted
build	Cache Android SDK	2026-06-06T12:22:50.2427298Z /usr/bin/tar: ../../../../../usr/local/lib/android/sdk/platforms/android-34-ext11/data/res/values-mcc313-mnc100-en-rXC: Cannot change mode to rwxr-xr-x: Operation not permitted
build	Cache Android SDK	2026-06-06T12:22:50.2427975Z /usr/bin/tar: ../../../../../usr/local/lib/android/sdk/platforms/android-34-ext11/data/res/values-mcc001-mnc01-zu: Cannot utime: Operation not permitted
build	Cache Android SDK	2026-06-06T12:22:50.2428440Z /usr/bin/tar: ../../../../../usr/local/lib/android/sdk/platforms/android-34-ext11/data/res/values-mcc001-mnc01-zu: Cannot change mode to rwxr-xr-x: Operation not permitted
build	Cache Android SDK	2026-06-06T12:22:50.2428859Z /usr/bin/tar: ../../../../../usr/local/lib/android/sdk/platforms/android-34-ext11/data/res/values-mcc310-mnc560-tr: Cannot utime: Operation not permitted
build	Cache Android SDK	2026-06-06T12:22:50.2429333Z /usr/bin/tar: ../../../../../usr/local/lib/android/sdk/platforms/android-34-ext11/data/res/values-mcc310-mnc560-tr: Cannot change mode to rwxr-xr-x: Operation not permitted
build	Cache Android SDK	2026-06-06T12:22:50.2429792Z /usr/bin/tar: ../../../../../usr/local/lib/android/sdk/platforms/android-34-ext11/data/res/values-kk-television: Cannot utime: Operation not permitted
build	Cache Android SDK	2026-06-06T12:22:50.2430296Z /usr/bin/tar: ../../../../../usr/local/lib/android/sdk/platforms/android-34-ext11/data/res/values-kk-television: Cannot change mode to rwxr-xr-x: Operation not permitted
build	Cache Android SDK	2026-06-06T12:22:50.2431142Z /usr/bin/tar: ../../../../../usr/local/lib/android/sdk/platforms/android-34-ext11/data/res/values-mcc310-mnc250-pl: Cannot utime: Operation not permitted
build	Cache Android SDK	2026-06-06T12:22:50.2431668Z /usr/bin/tar: ../../../../../usr/local/lib/android/sdk/platforms/android-34-ext11/data/res/values-mcc310-mnc250-pl: Cannot change mode to rwxr-xr-x: Operation not permitted
build	Cache Android SDK	2026-06-06T12:22:50.2980344Z /usr/bin/tar: ../../../../../usr/local/lib/android/sdk/platforms/android-34-ext11/data/res/drawable-xhdpi: Cannot utime: Operation not permitted
build	Cache Android SDK	2026-06-06T12:22:50.2980857Z /usr/bin/tar: ../../../../../usr/local/lib/android/sdk/platforms/android-34-ext11/data/res/drawable-xhdpi: Cannot change mode to rwxr-xr-x: Operation not permitted
build	Cache Android SDK	2026-06-06T12:22:50.2983637Z /usr/bin/tar: ../../../../../usr/local/lib/android/sdk/platforms/android-34-ext11/data/res/values-mcc310-mnc410-ml: Cannot utime: Operation not permitted
build	Cache Android SDK	2026-06-06T12:22:50.2984132Z /usr/bin/tar: ../../../../../usr/local/lib/android/sdk/platforms/android-34-ext11/data/res/values-mcc310-mnc410-ml: Cannot change mode to rwxr-xr-x: Operation not permitted
build	Cache Android SDK	2026-06-06T12:22:50.2988683Z /usr/bin/tar: ../../../../../usr/local/lib/android/sdk/platforms/android-34-ext11/data/res/values-mcc466-mnc92: Cannot utime: Operation not permitted
build	Cache Android SDK	2026-06-06T12:22:50.2989170Z /usr/bin/tar: ../../../../../usr/local/lib/android/sdk/platforms/android-34-ext11/data/res/values-mcc466-mnc92: Cannot change mode to rwxr-xr-x: Operation not permitted
build	Cache Android SDK	2026-06-06T12:22:50.2991417Z /usr/bin/tar: ../../../../../usr/local/lib/android/sdk/platforms/android-34-ext11/data/res/values-mcc310-mnc210-sl: Cannot utime: Operation not permitted
build	Cache Android SDK	2026-06-06T12:22:50.2991918Z /usr/bin/tar: ../../../../../usr/local/lib/android/sdk/platforms/android-34-ext11/data/res/values-mcc310-mnc210-sl: Cannot change mode to rwxr-xr-x: Operation not permitted
build	Cache Android SDK	2026-06-06T12:22:50.2994445Z /usr/bin/tar: ../../../../../usr/local/lib/android/sdk/platforms/android-34-ext11/data/res/values-as-television: Cannot utime: Operation not permitted
build	Cache Android SDK	2026-06-06T12:22:50.2994912Z /usr/bin/tar: ../../../../../usr/local/lib/android/sdk/platforms/android-34-ext11/data/res/values-as-television: Cannot change mode to rwxr-xr-x: Operation not permitted
build	Cache Android SDK	2026-06-06T12:22:50.2997660Z /usr/bin/tar: ../../../../../usr/local/lib/android/sdk/platforms/android-34-ext11/data/res/values-mcc310-mnc380-sq: Cannot utime: Operation not permitted
build	Cache Android SDK	2026-06-06T12:22:50.2998128Z /usr/bin/tar: ../../../../../usr/local/lib/android/sdk/platforms/android-34-ext11/data/res/values-mcc310-mnc380-sq: Cannot change mode to rwxr-xr-x: Operation not permitted
build	Cache Android SDK	2026-06-06T12:22:50.3000934Z /usr/bin/tar: ../../../../../usr/local/lib/android/sdk/platforms/android-34-ext11/data/res/values-en-rIE: Cannot utime: Operation not permitted
build	Cache Android SDK	2026-06-06T12:22:50.3001376Z /usr/bin/tar: ../../../../../usr/local/lib/android/sdk/platforms/android-34-ext11/data/res/values-en-rIE: Cannot change mode to rwxr-xr-x: Operation not permitted
build	Cache Android SDK	2026-06-06T12:22:50.3003814Z /usr/bin/tar: ../../../../../usr/local/lib/android/sdk/platforms/android-34-ext11/data/res/values-mcc310-mnc250-zu: Cannot utime: Operation not permitted
build	Cache Android SDK	2026-06-06T12:22:50.3004277Z /usr/bin/tar: ../../../../../usr/local/lib/android/sdk/platforms/android-34-ext11/data/res/values-mcc310-mnc250-zu: Cannot change mode to rwxr-xr-x: Operation not permitted
build	Cache Android SDK	2026-06-06T12:22:50.3006820Z /usr/bin/tar: ../../../../../usr/local/lib/android/sdk/platforms/android-34-ext11/data/res/values-mcc310-mnc410-lo: Cannot utime: Operation not permitted
build	Cache Android SDK	2026-06-06T12:22:50.3007279Z /usr/bin/tar: ../../../../../usr/local/lib/android/sdk/platforms/android-34-ext11/data/res/values-mcc310-mnc410-lo: Cannot change mode to rwxr-xr-x: Operation not permitted
build	Cache Android SDK	2026-06-06T12:22:50.3010211Z /usr/bin/tar: ../../../../../usr/local/lib/android/sdk/platforms/android-34-ext11/data/res/values-kk-watch: Cannot utime: Operation not permitted
build	Cache Android SDK	2026-06-06T12:22:50.3010662Z /usr/bin/tar: ../../../../../usr/local/lib/android/sdk/platforms/android-34-ext11/data/res/values-kk-watch: Cannot change mode to rwxr-xr-x: Operation not permitted
build	Cache Android SDK	2026-06-06T12:22:50.3013558Z /usr/bin/tar: ../../../../../usr/local/lib/android/sdk/platforms/android-34-ext11/data/res/values-mcc432: Cannot utime: Operation not permitted
build	Cache Android SDK	2026-06-06T12:22:50.3013994Z /usr/bin/tar: ../../../../../usr/local/lib/android/sdk/platforms/android-34-ext11/data/res/values-mcc432: Cannot change mode to rwxr-xr-x: Operation not permitted
build	Cache Android SDK	2026-06-06T12:22:50.3016737Z /usr/bin/tar: ../../../../../usr/local/lib/android/sdk/platforms/android-34-ext11/data/res/values-mcc310-mnc380-ne: Cannot utime: Operation not permitted
build	Cache Android SDK	2026-06-06T12:22:50.3017196Z /usr/bin/tar: ../../../../../usr/local/lib/android/sdk/platforms/android-34-ext11/data/res/values-mcc310-mnc380-ne: Cannot change mode to rwxr-xr-x: Operation not permitted
build	Cache Android SDK	2026-06-06T12:22:50.3019772Z /usr/bin/tar: ../../../../../usr/local/lib/android/sdk/platforms/android-34-ext11/data/res/values-mcc001-mnc01-uz: Cannot utime: Operation not permitted
build	Cache Android SDK	2026-06-06T12:22:50.3020368Z /usr/bin/tar: ../../../../../usr/local/lib/android/sdk/platforms/android-34-ext11/data/res/values-mcc001-mnc01-uz: Cannot change mode to rwxr-xr-x: Operation not permitted
build	Cache Android SDK	2026-06-06T12:22:50.3023026Z /usr/bin/tar: ../../../../../usr/local/lib/android/sdk/platforms/android-34-ext11/data/res/values-mcc312-mnc670-it: Cannot utime: Operation not permitted
build	Cache Android SDK	2026-06-06T12:22:50.3023497Z /usr/bin/tar: ../../../../../usr/local/lib/android/sdk/platforms/android-34-ext11/data/res/values-mcc312-mnc670-it: Cannot change mode to rwxr-xr-x: Operation not permitted
build	Cache Android SDK	2026-06-06T12:22:50.3025880Z /usr/bin/tar: ../../../../../usr/local/lib/android/sdk/platforms/android-34-ext11/data/res/values-mcc722-mnc07: Cannot utime: Operation not permitted
build	Cache Android SDK	2026-06-06T12:22:50.3026410Z /usr/bin/tar: ../../../../../usr/local/lib/android/sdk/platforms/android-34-ext11/data/res/values-mcc722-mnc07: Cannot change mode to rwxr-xr-x: Operation not permitted
build	Cache Android SDK	2026-06-06T12:22:50.3030355Z /usr/bin/tar: ../../../../../usr/local/lib/android/sdk/platforms/android-34-ext11/data/res/values-mcc310-mnc310-eu: Cannot utime: Operation not permitted
build	Cache Android SDK	2026-06-06T12:22:50.3030824Z /usr/bin/tar: ../../../../../usr/local/lib/android/sdk/platforms/android-34-ext11/data/res/values-mcc310-mnc310-eu: Cannot change mode to rwxr-xr-x: Operation not permitted
build	Cache Android SDK	2026-06-06T12:22:50.3033460Z /usr/bin/tar: ../../../../../usr/local/lib/android/sdk/platforms/android-34-ext11/data/res/values-mcc235-mnc94: Cannot utime: Operation not permitted
build	Cache Android SDK	2026-06-06T12:22:50.3033922Z /usr/bin/tar: ../../../../../usr/local/lib/android/sdk/platforms/android-34-ext11/data/res/values-mcc235-mnc94: Cannot change mode to rwxr-xr-x: Operation not permitted
build	Cache Android SDK	2026-06-06T12:22:50.3036498Z /usr/bin/tar: ../../../../../usr/local/lib/android/sdk/platforms/android-34-ext11/data/res/values-mcc311-mnc180-sk: Cannot utime: Operation not permitted
build	Cache Android SDK	2026-06-06T12:22:50.3037034Z /usr/bin/tar: ../../../../../usr/local/lib/android/sdk/platforms/android-34-ext11/data/res/values-mcc311-mnc180-sk: Cannot change mode to rwxr-xr-x: Operation not permitted
build	Cache Android SDK	2026-06-06T12:22:50.3039661Z /usr/bin/tar: ../../../../../usr/local/lib/android/sdk/platforms/android-34-ext11/data/res/values-mcc310-mnc170-es: Cannot utime: Operation not permitted
build	Cache Android SDK	2026-06-06T12:22:50.3040132Z /usr/bin/tar: ../../../../../usr/local/lib/android/sdk/platforms/android-34-ext11/data/res/values-mcc310-mnc170-es: Cannot change mode to rwxr-xr-x: Operation not permitted
build	Cache Android SDK	2026-06-06T12:22:50.3042639Z /usr/bin/tar: ../../../../../usr/local/lib/android/sdk/platforms/android-34-ext11/data/res/values-mcc310-mnc240-my: Cannot utime: Operation not permitted
build	Cache Android SDK	2026-06-06T12:22:50.3043168Z /usr/bin/tar: ../../../../../usr/local/lib/android/sdk/platforms/android-34-ext11/data/res/values-mcc310-mnc240-my: Cannot change mode to rwxr-xr-x: Operation not permitted
build	Cache Android SDK	2026-06-06T12:22:50.3046092Z /usr/bin/tar: ../../../../../usr/local/lib/android/sdk/platforms/android-34-ext11/data/res/values-am-television: Cannot utime: Operation not permitted
build	Cache Android SDK	2026-06-06T12:22:50.3046556Z /usr/bin/tar: ../../../../../usr/local/lib/android/sdk/platforms/android-34-ext11/data/res/values-am-television: Cannot change mode to rwxr-xr-x: Operation not permitted
build	Cache Android SDK	2026-06-06T12:22:50.3049154Z /usr/bin/tar: ../../../../../usr/local/lib/android/sdk/platforms/android-34-ext11/data/res/values-mcc302-mnc370-in: Cannot utime: Operation not permitted
build	Cache Android SDK	2026-06-06T12:22:50.3049619Z /usr/bin/tar: ../../../../../usr/local/lib/android/sdk/platforms/android-34-ext11/data/res/values-mcc302-mnc370-in: Cannot change mode to rwxr-xr-x: Operation not permitted
build	Cache Android SDK	2026-06-06T12:22:50.3180873Z /usr/bin/tar: ../../../../../usr/local/lib/android/sdk/platforms/android-34-ext11/data/res/values-mcc310-mnc270-ml: Cannot utime: Operation not permitted
build	Cache Android SDK	2026-06-06T12:22:50.3181712Z /usr/bin/tar: ../../../../../usr/local/lib/android/sdk/platforms/android-34-ext11/data/res/values-mcc310-mnc270-ml: Cannot change mode to rwxr-xr-x: Operation not permitted
build	Cache Android SDK	2026-06-06T12:22:50.3184801Z /usr/bin/tar: ../../../../../usr/local/lib/android/sdk/platforms/android-34-ext11/data/res/values-mcc302-mnc370-ru: Cannot utime: Operation not permitted
build	Cache Android SDK	2026-06-06T12:22:50.3185497Z /usr/bin/tar: ../../../../../usr/local/lib/android/sdk/platforms/android-34-ext11/data/res/values-mcc302-mnc370-ru: Cannot change mode to rwxr-xr-x: Operation not permitted
build	Cache Android SDK	2026-06-06T12:22:50.3188412Z /usr/bin/tar: ../../../../../usr/local/lib/android/sdk/platforms/android-34-ext11/data/res/values-mcc310-mnc950-ro: Cannot utime: Operation not permitted
build	Cache Android SDK	2026-06-06T12:22:50.3189570Z /usr/bin/tar: ../../../../../usr/local/lib/android/sdk/platforms/android-34-ext11/data/res/values-mcc310-mnc950-ro: Cannot change mode to rwxr-xr-x: Operation not permitted
build	Cache Android SDK	2026-06-06T12:22:50.3191232Z /usr/bin/tar: ../../../../../usr/local/lib/android/sdk/platforms/android-34-ext11/data/res/values-te-watch: Cannot utime: Operation not permitted
build	Cache Android SDK	2026-06-06T12:22:50.3192019Z /usr/bin/tar: ../../../../../usr/local/lib/android/sdk/platforms/android-34-ext11/data/res/values-te-watch: Cannot change mode to rwxr-xr-x: Operation not permitted
build	Cache Android SDK	2026-06-06T12:22:50.3194698Z /usr/bin/tar: ../../../../../usr/local/lib/android/sdk/platforms/android-34-ext11/data/res/values-mcc310-mnc410-pl: Cannot utime: Operation not permitted
build	Cache Android SDK	2026-06-06T12:22:50.3195320Z /usr/bin/tar: ../../../../../usr/local/lib/android/sdk/platforms/android-34-ext11/data/res/values-mcc310-mnc410-pl: Cannot change mode to rwxr-xr-x: Operation not permitted
build	Cache Android SDK	2026-06-06T12:22:50.3198721Z /usr/bin/tar: ../../../../../usr/local/lib/android/sdk/platforms/android-34-ext11/data/res/values-mcc310-mnc220-is: Cannot utime: Operation not permitted
build	Cache Android SDK	2026-06-06T12:22:50.3199519Z /usr/bin/tar: ../../../../../usr/local/lib/android/sdk/platforms/android-34-ext11/data/res/values-mcc310-mnc220-is: Cannot change mode to rwxr-xr-x: Operation not permitted
build	Cache Android SDK	2026-06-06T12:22:50.3203703Z /usr/bin/tar: ../../../../../usr/local/lib/android/sdk/platforms/android-34-ext11/data/res/values-mcc310-mnc170-nl: Cannot utime: Operation not permitted
build	Cache Android SDK	2026-06-06T12:22:50.3204442Z /usr/bin/tar: ../../../../../usr/local/lib/android/sdk/platforms/android-34-ext11/data/res/values-mcc310-mnc170-nl: Cannot change mode to rwxr-xr-x: Operation not permitted
build	Cache Android SDK	2026-06-06T12:22:50.3208009Z /usr/bin/tar: ../../../../../usr/local/lib/android/sdk/platforms/android-34-ext11/data/res/values-mcc310-mnc380-el: Cannot utime: Operation not permitted
build	Cache Android SDK	2026-06-06T12:22:50.3208532Z /usr/bin/tar: ../../../../../usr/local/lib/android/sdk/platforms/android-34-ext11/data/res/values-mcc310-mnc380-el: Cannot change mode to rwxr-xr-x: Operation not permitted
build	Cache Android SDK	2026-06-06T12:22:50.3211690Z /usr/bin/tar: ../../../../../usr/local/lib/android/sdk/platforms/android-34-ext11/data/res/values-mcc334-mnc020-lt: Cannot utime: Operation not permitted
build	Cache Android SDK	2026-06-06T12:22:50.3212681Z /usr/bin/tar: ../../../../../usr/local/lib/android/sdk/platforms/android-34-ext11/data/res/values-mcc334-mnc020-lt: Cannot change mode to rwxr-xr-x: Operation not permitted
build	Cache Android SDK	2026-06-06T12:22:50.3215905Z /usr/bin/tar: ../../../../../usr/local/lib/android/sdk/platforms/android-34-ext11/data/res/values-mcc302-mnc370-si: Cannot utime: Operation not permitted
build	Cache Android SDK	2026-06-06T12:22:50.3216521Z /usr/bin/tar: ../../../../../usr/local/lib/android/sdk/platforms/android-34-ext11/data/res/values-mcc302-mnc370-si: Cannot change mode to rwxr-xr-x: Operation not permitted
build	Cache Android SDK	2026-06-06T12:22:50.3218896Z /usr/bin/tar: ../../../../../usr/local/lib/android/sdk/platforms/android-34-ext11/data/res/drawable-land-xhdpi: Cannot utime: Operation not permitted
build	Cache Android SDK	2026-06-06T12:22:50.3219789Z /usr/bin/tar: ../../../../../usr/local/lib/android/sdk/platforms/android-34-ext11/data/res/drawable-land-xhdpi: Cannot change mode to rwxr-xr-x: Operation not permitted
build	Cache Android SDK	2026-06-06T12:22:50.3222668Z /usr/bin/tar: ../../../../../usr/local/lib/android/sdk/platforms/android-34-ext11/data/res/values-mcc310-mnc560-ko: Cannot utime: Operation not permitted
build	Cache Android SDK	2026-06-06T12:22:50.3223419Z /usr/bin/tar: ../../../../../usr/local/lib/android/sdk/platforms/android-34-ext11/data/res/values-mcc310-mnc560-ko: Cannot change mode to rwxr-xr-x: Operation not permitted
build	Cache Android SDK	2026-06-06T12:22:50.3226296Z /usr/bin/tar: ../../../../../usr/local/lib/android/sdk/platforms/android-34-ext11/data/res/values-ms-rMY: Cannot utime: Operation not permitted
build	Cache Android SDK	2026-06-06T12:22:50.3227175Z /usr/bin/tar: ../../../../../usr/local/lib/android/sdk/platforms/android-34-ext11/data/res/values-ms-rMY: Cannot change mode to rwxr-xr-x: Operation not permitted
build	Cache Android SDK	2026-06-06T12:22:50.3230945Z /usr/bin/tar: ../../../../../usr/local/lib/android/sdk/platforms/android-34-ext11/data/res/values-mcc310-mnc230-de: Cannot utime: Operation not permitted
build	Cache Android SDK	2026-06-06T12:22:50.3231429Z /usr/bin/tar: ../../../../../usr/local/lib/android/sdk/platforms/android-34-ext11/data/res/values-mcc310-mnc230-de: Cannot change mode to rwxr-xr-x: Operation not permitted
build	Cache Android SDK	2026-06-06T12:22:50.3234856Z /usr/bin/tar: ../../../../../usr/local/lib/android/sdk/platforms/android-34-ext11/data/res/values-mcc310-mnc280-zu: Cannot utime: Operation not permitted
build	Cache Android SDK	2026-06-06T12:22:50.3236001Z /usr/bin/tar: ../../../../../usr/local/lib/android/sdk/platforms/android-34-ext11/data/res/values-mcc310-mnc280-zu: Cannot change mode to rwxr-xr-x: Operation not permitted
build	Cache Android SDK	2026-06-06T12:22:50.3239500Z /usr/bin/tar: ../../../../../usr/local/lib/android/sdk/platforms/android-34-ext11/data/res/values-mcc310-mnc230-tl: Cannot utime: Operation not permitted
build	Cache Android SDK	2026-06-06T12:22:50.3240575Z /usr/bin/tar: ../../../../../usr/local/lib/android/sdk/platforms/android-34-ext11/data/res/values-mcc310-mnc230-tl: Cannot change mode to rwxr-xr-x: Operation not permitted
build	Cache Android SDK	2026-06-06T12:22:50.3243124Z /usr/bin/tar: ../../../../../usr/local/lib/android/sdk/platforms/android-34-ext11/data/res/values-mcc310-mnc280-bs: Cannot utime: Operation not permitted
build	Cache Android SDK	2026-06-06T12:22:50.3243763Z /usr/bin/tar: ../../../../../usr/local/lib/android/sdk/platforms/android-34-ext11/data/res/values-mcc310-mnc280-bs: Cannot change mode to rwxr-xr-x: Operation not permitted
build	Cache Android SDK	2026-06-06T12:22:50.3246598Z /usr/bin/tar: ../../../../../usr/local/lib/android/sdk/platforms/android-34-ext11/data/res/values-mcc310-mnc230-af: Cannot utime: Operation not permitted
build	Cache Android SDK	2026-06-06T12:22:50.3247151Z /usr/bin/tar: ../../../../../usr/local/lib/android/sdk/platforms/android-34-ext11/data/res/values-mcc310-mnc230-af: Cannot change mode to rwxr-xr-x: Operation not permitted
build	Cache Android SDK	2026-06-06T12:22:50.3250023Z /usr/bin/tar: ../../../../../usr/local/lib/android/sdk/platforms/android-34-ext11/data/res/values-mcc310-mnc160-mk: Cannot utime: Operation not permitted
build	Cache Android SDK	2026-06-06T12:22:50.3250545Z /usr/bin/tar: ../../../../../usr/local/lib/android/sdk/platforms/android-34-ext11/data/res/values-mcc310-mnc160-mk: Cannot change mode to rwxr-xr-x: Operation not permitted
build	Cache Android SDK	2026-06-06T12:22:50.3253181Z /usr/bin/tar: ../../../../../usr/local/lib/android/sdk/platforms/android-34-ext11/data/res/values-mcc312-mnc670-bg: Cannot utime: Operation not permitted
build	Cache Android SDK	2026-06-06T12:22:50.3253794Z /usr/bin/tar: ../../../../../usr/local/lib/android/sdk/platforms/android-34-ext11/data/res/values-mcc312-mnc670-bg: Cannot change mode to rwxr-xr-x: Operation not permitted
build	Cache Android SDK	2026-06-06T12:22:50.3257023Z /usr/bin/tar: ../../../../../usr/local/lib/android/sdk/platforms/android-34-ext11/data/res/values-mcc312-mnc670-pa: Cannot utime: Operation not permitted
build	Cache Android SDK	2026-06-06T12:22:50.3258372Z /usr/bin/tar: ../../../../../usr/local/lib/android/sdk/platforms/android-34-ext11/data/res/values-mcc312-mnc670-pa: Cannot change mode to rwxr-xr-x: Operation not permitted
build	Cache Android SDK	2026-06-06T12:22:50.3259916Z /usr/bin/tar: ../../../../../usr/local/lib/android/sdk/platforms/android-34-ext11/data/res/values-w192dp: Cannot utime: Operation not permitted
build	Cache Android SDK	2026-06-06T12:22:50.3261074Z /usr/bin/tar: ../../../../../usr/local/lib/android/sdk/platforms/android-34-ext11/data/res/values-w192dp: Cannot change mode to rwxr-xr-x: Operation not permitted
build	Cache Android SDK	2026-06-06T12:22:50.3263143Z /usr/bin/tar: ../../../../../usr/local/lib/android/sdk/platforms/android-34-ext11/data/res/values-mcc310-mnc170-my: Cannot utime: Operation not permitted
build	Cache Android SDK	2026-06-06T12:22:50.3263823Z /usr/bin/tar: ../../../../../usr/local/lib/android/sdk/platforms/android-34-ext11/data/res/values-mcc310-mnc170-my: Cannot change mode to rwxr-xr-x: Operation not permitted
build	Cache Android SDK	2026-06-06T12:22:50.3266900Z /usr/bin/tar: ../../../../../usr/local/lib/android/sdk/platforms/android-34-ext11/data/res/values-sw720dp-land: Cannot utime: Operation not permitted
build	Cache Android SDK	2026-06-06T12:22:50.3268417Z /usr/bin/tar: ../../../../../usr/local/lib/android/sdk/platforms/android-34-ext11/data/res/values-sw720dp-land: Cannot change mode to rwxr-xr-x: Operation not permitted
build	Cache Android SDK	2026-06-06T12:22:50.3269670Z /usr/bin/tar: ../../../../../usr/local/lib/android/sdk/platforms/android-34-ext11/data/res/values-mcc310-mnc200-en-rAU: Cannot utime: Operation not permitted
build	Cache Android SDK	2026-06-06T12:22:50.3270453Z /usr/bin/tar: ../../../../../usr/local/lib/android/sdk/platforms/android-34-ext11/data/res/values-mcc310-mnc200-en-rAU: Cannot change mode to rwxr-xr-x: Operation not permitted
build	Cache Android SDK	2026-06-06T12:22:50.3273184Z /usr/bin/tar: ../../../../../usr/local/lib/android/sdk/platforms/android-34-ext11/data/res/values-mcc312-mnc670-pl: Cannot utime: Operation not permitted
build	Cache Android SDK	2026-06-06T12:22:50.3273922Z /usr/bin/tar: ../../../../../usr/local/lib/android/sdk/platforms/android-34-ext11/data/res/values-mcc312-mnc670-pl: Cannot change mode to rwxr-xr-x: Operation not permitted
build	Cache Android SDK	2026-06-06T12:22:50.3275782Z /usr/bin/tar: ../../../../../usr/local/lib/android/sdk/platforms/android-34-ext11/data/res/values-mcc310-mnc120: Cannot utime: Operation not permitted
build	Cache Android SDK	2026-06-06T12:22:50.3276343Z /usr/bin/tar: ../../../../../usr/local/lib/android/sdk/platforms/android-34-ext11/data/res/values-mcc310-mnc120: Cannot change mode to rwxr-xr-x: Operation not permitted
build	Cache Android SDK	2026-06-06T12:22:50.3279664Z /usr/bin/tar: ../../../../../usr/local/lib/android/sdk/platforms/android-34-ext11/data/res/values-mcc310-mnc950-b+sr+Latn: Cannot utime: Operation not permitted
build	Cache Android SDK	2026-06-06T12:22:50.3280555Z /usr/bin/tar: ../../../../../usr/local/lib/android/sdk/platforms/android-34-ext11/data/res/values-mcc310-mnc950-b+sr+Latn: Cannot change mode to rwxr-xr-x: Operation not permitted
build	Cache Android SDK	2026-06-06T12:22:50.3283142Z /usr/bin/tar: ../../../../../usr/local/lib/android/sdk/platforms/android-34-ext11/data/res/values-mcc310-mnc490-ne: Cannot utime: Operation not permitted
build	Cache Android SDK	2026-06-06T12:22:50.3283722Z /usr/bin/tar: ../../../../../usr/local/lib/android/sdk/platforms/android-34-ext11/data/res/values-mcc310-mnc490-ne: Cannot change mode to rwxr-xr-x: Operation not permitted
build	Cache Android SDK	2026-06-06T12:22:50.3286783Z /usr/bin/tar: ../../../../../usr/local/lib/android/sdk/platforms/android-34-ext11/data/res/values-mcc310-mnc230: Cannot utime: Operation not permitted
build	Cache Android SDK	2026-06-06T12:22:50.3287253Z /usr/bin/tar: ../../../../../usr/local/lib/android/sdk/platforms/android-34-ext11/data/res/values-mcc310-mnc230: Cannot change mode to rwxr-xr-x: Operation not permitted
build	Cache Android SDK	2026-06-06T12:22:50.3289959Z /usr/bin/tar: ../../../../../usr/local/lib/android/sdk/platforms/android-34-ext11/data/res/values-mcc310-mnc230-am: Cannot utime: Operation not permitted
build	Cache Android SDK	2026-06-06T12:22:50.3290688Z /usr/bin/tar: ../../../../../usr/local/lib/android/sdk/platforms/android-34-ext11/data/res/values-mcc310-mnc230-am: Cannot change mode to rwxr-xr-x: Operation not permitted
build	Cache Android SDK	2026-06-06T12:22:50.3293100Z /usr/bin/tar: ../../../../../usr/local/lib/android/sdk/platforms/android-34-ext11/data/res/raw-zh-rTW: Cannot utime: Operation not permitted
build	Cache Android SDK	2026-06-06T12:22:50.3293723Z /usr/bin/tar: ../../../../../usr/local/lib/android/sdk/platforms/android-34-ext11/data/res/raw-zh-rTW: Cannot change mode to rwxr-xr-x: Operation not permitted
build	Cache Android SDK	2026-06-06T12:22:50.3299571Z /usr/bin/tar: ../../../../../usr/local/lib/android/sdk/platforms/android-34-ext11/data/res/values-mcc310-mnc160-sv: Cannot utime: Operation not permitted
build	Cache Android SDK	2026-06-06T12:22:50.3300299Z /usr/bin/tar: ../../../../../usr/local/lib/android/sdk/platforms/android-34-ext11/data/res/values-mcc310-mnc160-sv: Cannot change mode to rwxr-xr-x: Operation not permitted
build	Cache Android SDK	2026-06-06T12:22:50.3303922Z /usr/bin/tar: ../../../../../usr/local/lib/android/sdk/platforms/android-34-ext11/data/res/values-mcc001-mnc01-et: Cannot utime: Operation not permitted
build	Cache Android SDK	2026-06-06T12:22:50.3304752Z /usr/bin/tar: ../../../../../usr/local/lib/android/sdk/platforms/android-34-ext11/data/res/values-mcc001-mnc01-et: Cannot change mode to rwxr-xr-x: Operation not permitted
build	Cache Android SDK	2026-06-06T12:22:50.3306491Z /usr/bin/tar: ../../../../../usr/local/lib/android/sdk/platforms/android-34-ext11/data/res/values-es-rGT: Cannot utime: Operation not permitted
build	Cache Android SDK	2026-06-06T12:22:50.3307042Z /usr/bin/tar: ../../../../../usr/local/lib/android/sdk/platforms/android-34-ext11/data/res/values-es-rGT: Cannot change mode to rwxr-xr-x: Operation not permitted
build	Cache Android SDK	2026-06-06T12:22:50.3309759Z /usr/bin/tar: ../../../../../usr/local/lib/android/sdk/platforms/android-34-ext11/data/res/values-mcc310-mnc030-en-rIN: Cannot utime: Operation not permitted
build	Cache Android SDK	2026-06-06T12:22:50.3310488Z /usr/bin/tar: ../../../../../usr/local/lib/android/sdk/platforms/android-34-ext11/data/res/values-mcc310-mnc030-en-rIN: Cannot change mode to rwxr-xr-x: Operation not permitted
build	Cache Android SDK	2026-06-06T12:22:50.3313540Z /usr/bin/tar: ../../../../../usr/local/lib/android/sdk/platforms/android-34-ext11/data/res/values-mcc311-mnc180-el: Cannot utime: Operation not permitted
build	Cache Android SDK	2026-06-06T12:22:50.3314146Z /usr/bin/tar: ../../../../../usr/local/lib/android/sdk/platforms/android-34-ext11/data/res/values-mcc311-mnc180-el: Cannot change mode to rwxr-xr-x: Operation not permitted
build	Cache Android SDK	2026-06-06T12:22:50.3316720Z /usr/bin/tar: ../../../../../usr/local/lib/android/sdk/platforms/android-34-ext11/data/res/values-mcc310-mnc160-en-rAU: Cannot utime: Operation not permitted
build	Cache Android SDK	2026-06-06T12:22:50.3317216Z /usr/bin/tar: ../../../../../usr/local/lib/android/sdk/platforms/android-34-ext11/data/res/values-mcc310-mnc160-en-rAU: Cannot change mode to rwxr-xr-x: Operation not permitted
build	Cache Android SDK	2026-06-06T12:22:50.3319753Z /usr/bin/tar: ../../../../../usr/local/lib/android/sdk/platforms/android-34-ext11/data/res/values-mcc302-mnc370-mn: Cannot utime: Operation not permitted
build	Cache Android SDK	2026-06-06T12:22:50.3320505Z /usr/bin/tar: ../../../../../usr/local/lib/android/sdk/platforms/android-34-ext11/data/res/values-mcc302-mnc370-mn: Cannot change mode to rwxr-xr-x: Operation not permitted
build	Cache Android SDK	2026-06-06T12:22:50.3323149Z /usr/bin/tar: ../../../../../usr/local/lib/android/sdk/platforms/android-34-ext11/data/res/values-ja-television: Cannot utime: Operation not permitted
build	Cache Android SDK	2026-06-06T12:22:50.3323945Z /usr/bin/tar: ../../../../../usr/local/lib/android/sdk/platforms/android-34-ext11/data/res/values-ja-television: Cannot change mode to rwxr-xr-x: Operation not permitted
build	Cache Android SDK	2026-06-06T12:22:50.3326007Z /usr/bin/tar: ../../../../../usr/local/lib/android/sdk/platforms/android-34-ext11/data/res/values-mcc310-mnc250-lo: Cannot utime: Operation not permitted
build	Cache Android SDK	2026-06-06T12:22:50.3326846Z /usr/bin/tar: ../../../../../usr/local/lib/android/sdk/platforms/android-34-ext11/data/res/values-mcc310-mnc250-lo: Cannot change mode to rwxr-xr-x: Operation not permitted
build	Cache Android SDK	2026-06-06T12:22:50.3329250Z /usr/bin/tar: ../../../../../usr/local/lib/android/sdk/platforms/android-34-ext11/data/res/values-mcc310-mnc410-kn: Cannot utime: Operation not permitted
build	Cache Android SDK	2026-06-06T12:22:50.3330196Z /usr/bin/tar: ../../../../../usr/local/lib/android/sdk/platforms/android-34-ext11/data/res/values-mcc310-mnc410-kn: Cannot change mode to rwxr-xr-x: Operation not permitted
build	Cache Android SDK	2026-06-06T12:22:50.3333390Z /usr/bin/tar: ../../../../../usr/local/lib/android/sdk/platforms/android-34-ext11/data/res/values-mcc310-mnc380-es: Cannot utime: Operation not permitted
build	Cache Android SDK	2026-06-06T12:22:50.3333880Z /usr/bin/tar: ../../../../../usr/local/lib/android/sdk/platforms/android-34-ext11/data/res/values-mcc310-mnc380-es: Cannot change mode to rwxr-xr-x: Operation not permitted
build	Cache Android SDK	2026-06-06T12:22:50.3337215Z /usr/bin/tar: ../../../../../usr/local/lib/android/sdk/platforms/android-34-ext11/data/res/values-mcc310-mnc160-iw: Cannot utime: Operation not permitted
build	Cache Android SDK	2026-06-06T12:22:50.3338102Z /usr/bin/tar: ../../../../../usr/local/lib/android/sdk/platforms/android-34-ext11/data/res/values-mcc310-mnc160-iw: Cannot change mode to rwxr-xr-x: Operation not permitted
build	Cache Android SDK	2026-06-06T12:22:50.3341242Z /usr/bin/tar: ../../../../../usr/local/lib/android/sdk/platforms/android-34-ext11/data/res/values-mcc310-mnc380-zh-rHK: Cannot utime: Operation not permitted
build	Cache Android SDK	2026-06-06T12:22:50.3341731Z /usr/bin/tar: ../../../../../usr/local/lib/android/sdk/platforms/android-34-ext11/data/res/values-mcc310-mnc380-zh-rHK: Cannot change mode to rwxr-xr-x: Operation not permitted
build	Cache Android SDK	2026-06-06T12:22:50.3344728Z /usr/bin/tar: ../../../../../usr/local/lib/android/sdk/platforms/android-34-ext11/data/res/values-mcc310-mnc280-ur: Cannot utime: Operation not permitted
build	Cache Android SDK	2026-06-06T12:22:50.3345696Z /usr/bin/tar: ../../../../../usr/local/lib/android/sdk/platforms/android-34-ext11/data/res/values-mcc310-mnc280-ur: Cannot change mode to rwxr-xr-x: Operation not permitted
build	Cache Android SDK	2026-06-06T12:22:50.3348007Z /usr/bin/tar: ../../../../../usr/local/lib/android/sdk/platforms/android-34-ext11/data/res/values-mcc310-mnc200-kk: Cannot utime: Operation not permitted
build	Cache Android SDK	2026-06-06T12:22:50.3348575Z /usr/bin/tar: ../../../../../usr/local/lib/android/sdk/platforms/android-34-ext11/data/res/values-mcc310-mnc200-kk: Cannot change mode to rwxr-xr-x: Operation not permitted
build	Cache Android SDK	2026-06-06T12:22:50.3352696Z /usr/bin/tar: ../../../../../usr/local/lib/android/sdk/platforms/android-34-ext11/data/res/values-es-rNI: Cannot utime: Operation not permitted
build	Cache Android SDK	2026-06-06T12:22:50.3353309Z /usr/bin/tar: ../../../../../usr/local/lib/android/sdk/platforms/android-34-ext11/data/res/values-es-rNI: Cannot change mode to rwxr-xr-x: Operation not permitted
build	Cache Android SDK	2026-06-06T12:22:50.3355851Z /usr/bin/tar: ../../../../../usr/local/lib/android/sdk/platforms/android-34-ext11/data/res/values-mcc310-mnc170-bg: Cannot utime: Operation not permitted
build	Cache Android SDK	2026-06-06T12:22:50.3356432Z /usr/bin/tar: ../../../../../usr/local/lib/android/sdk/platforms/android-34-ext11/data/res/values-mcc310-mnc170-bg: Cannot change mode to rwxr-xr-x: Operation not permitted
build	Cache Android SDK	2026-06-06T12:22:50.3361048Z /usr/bin/tar: ../../../../../usr/local/lib/android/sdk/platforms/android-34-ext11/data/res/values-nb-television: Cannot utime: Operation not permitted
build	Cache Android SDK	2026-06-06T12:22:50.3361866Z /usr/bin/tar: ../../../../../usr/local/lib/android/sdk/platforms/android-34-ext11/data/res/values-nb-television: Cannot change mode to rwxr-xr-x: Operation not permitted
build	Cache Android SDK	2026-06-06T12:22:50.3364141Z /usr/bin/tar: ../../../../../usr/local/lib/android/sdk/platforms/android-34-ext11/data/res/values-mcc310-mnc380-in: Cannot utime: Operation not permitted
build	Cache Android SDK	2026-06-06T12:22:50.3365086Z /usr/bin/tar: ../../../../../usr/local/lib/android/sdk/platforms/android-34-ext11/data/res/values-mcc310-mnc380-in: Cannot change mode to rwxr-xr-x: Operation not permitted
build	Cache Android SDK	2026-06-06T12:22:50.3368626Z /usr/bin/tar: ../../../../../usr/local/lib/android/sdk/platforms/android-34-ext11/data/res/values-zh-rTW-television: Cannot utime: Operation not permitted
build	Cache Android SDK	2026-06-06T12:22:50.3369373Z /usr/bin/tar: ../../../../../usr/local/lib/android/sdk/platforms/android-34-ext11/data/res/values-zh-rTW-television: Cannot change mode to rwxr-xr-x: Operation not permitted
build	Cache Android SDK	2026-06-06T12:22:50.3372403Z /usr/bin/tar: ../../../../../usr/local/lib/android/sdk/platforms/android-34-ext11/data/res/values-mcc310-mnc380-pt: Cannot utime: Operation not permitted
build	Cache Android SDK	2026-06-06T12:22:50.3372886Z /usr/bin/tar: ../../../../../usr/local/lib/android/sdk/platforms/android-34-ext11/data/res/values-mcc310-mnc380-pt: Cannot change mode to rwxr-xr-x: Operation not permitted
build	Cache Android SDK	2026-06-06T12:22:50.3376101Z /usr/bin/tar: ../../../../../usr/local/lib/android/sdk/platforms/android-34-ext11/data/res/values-mcc310-mnc560-kn: Cannot utime: Operation not permitted
build	Cache Android SDK	2026-06-06T12:22:50.3376601Z /usr/bin/tar: ../../../../../usr/local/lib/android/sdk/platforms/android-34-ext11/data/res/values-mcc310-mnc560-kn: Cannot change mode to rwxr-xr-x: Operation not permitted
build	Cache Android SDK	2026-06-06T12:22:50.3379449Z /usr/bin/tar: ../../../../../usr/local/lib/android/sdk/platforms/android-34-ext11/data/res/values-mcc310-mnc490-am: Cannot utime: Operation not permitted
build	Cache Android SDK	2026-06-06T12:22:50.3380334Z /usr/bin/tar: ../../../../../usr/local/lib/android/sdk/platforms/android-34-ext11/data/res/values-mcc310-mnc490-am: Cannot change mode to rwxr-xr-x: Operation not permitted
build	Cache Android SDK	2026-06-06T12:22:50.3383160Z /usr/bin/tar: ../../../../../usr/local/lib/android/sdk/platforms/android-34-ext11/data/res/values-mcc310-mnc490-sl: Cannot utime: Operation not permitted
build	Cache Android SDK	2026-06-06T12:22:50.3384075Z /usr/bin/tar: ../../../../../usr/local/lib/android/sdk/platforms/android-34-ext11/data/res/values-mcc310-mnc490-sl: Cannot change mode to rwxr-xr-x: Operation not permitted
build	Cache Android SDK	2026-06-06T12:22:50.3386741Z /usr/bin/tar: ../../../../../usr/local/lib/android/sdk/platforms/android-34-ext11/data/res/values-mcc310-mnc160-ur: Cannot utime: Operation not permitted
build	Cache Android SDK	2026-06-06T12:22:50.3387648Z /usr/bin/tar: ../../../../../usr/local/lib/android/sdk/platforms/android-34-ext11/data/res/values-mcc310-mnc160-ur: Cannot change mode to rwxr-xr-x: Operation not permitted
build	Cache Android SDK	2026-06-06T12:22:50.3481610Z /usr/bin/tar: ../../../../../usr/local/lib/android/sdk/platforms/android-34-ext11/data/res/drawable-xxxhdpi: Cannot utime: Operation not permitted
build	Cache Android SDK	2026-06-06T12:22:50.3485118Z /usr/bin/tar: ../../../../../usr/local/lib/android/sdk/platforms/android-34-ext11/data/res/drawable-xxxhdpi: Cannot change mode to rwxr-xr-x: Operation not permitted
build	Cache Android SDK	2026-06-06T12:22:50.3486516Z /usr/bin/tar: ../../../../../usr/local/lib/android/sdk/platforms/android-34-ext11/data/res/values-mcc310-mnc210-af: Cannot utime: Operation not permitted
build	Cache Android SDK	2026-06-06T12:22:50.3488261Z /usr/bin/tar: ../../../../../usr/local/lib/android/sdk/platforms/android-34-ext11/data/res/values-mcc310-mnc210-af: Cannot change mode to rwxr-xr-x: Operation not permitted
build	Cache Android SDK	2026-06-06T12:22:50.3489925Z /usr/bin/tar: ../../../../../usr/local/lib/android/sdk/platforms/android-34-ext11/data/res/values-mcc310-mnc270-ky: Cannot utime: Operation not permitted
build	Cache Android SDK	2026-06-06T12:22:50.3492254Z /usr/bin/tar: ../../../../../usr/local/lib/android/sdk/platforms/android-34-ext11/data/res/values-mcc310-mnc270-ky: Cannot change mode to rwxr-xr-x: Operation not permitted
build	Cache Android SDK	2026-06-06T12:22:50.3494552Z /usr/bin/tar: ../../../../../usr/local/lib/android/sdk/platforms/android-34-ext11/data/res/values-mcc302-mnc720-te: Cannot utime: Operation not permitted
build	Cache Android SDK	2026-06-06T12:22:50.3496357Z /usr/bin/tar: ../../../../../usr/local/lib/android/sdk/platforms/android-34-ext11/data/res/values-mcc302-mnc720-te: Cannot change mode to rwxr-xr-x: Operation not permitted
build	Cache Android SDK	2026-06-06T12:22:50.3497965Z /usr/bin/tar: ../../../../../usr/local/lib/android/sdk/platforms/android-34-ext11/data/res/values-mcc312-mnc670-en-rIN: Cannot utime: Operation not permitted
build	Cache Android SDK	2026-06-06T12:22:50.3499693Z /usr/bin/tar: ../../../../../usr/local/lib/android/sdk/platforms/android-34-ext11/data/res/values-mcc312-mnc670-en-rIN: Cannot change mode to rwxr-xr-x: Operation not permitted
build	Cache Android SDK	2026-06-06T12:22:50.3500996Z /usr/bin/tar: ../../../../../usr/local/lib/android/sdk/platforms/android-34-ext11/data/res/values-mr-watch: Cannot utime: Operation not permitted
build	Cache Android SDK	2026-06-06T12:22:50.3503059Z /usr/bin/tar: ../../../../../usr/local/lib/android/sdk/platforms/android-34-ext11/data/res/values-mr-watch: Cannot change mode to rwxr-xr-x: Operation not permitted
build	Cache Android SDK	2026-06-06T12:22:50.3504194Z /usr/bin/tar: ../../../../../usr/local/lib/android/sdk/platforms/android-34-ext11/data/res/values-mcc310-mnc160-hi: Cannot utime: Operation not permitted
build	Cache Android SDK	2026-06-06T12:22:50.3505729Z /usr/bin/tar: ../../../../../usr/local/lib/android/sdk/platforms/android-34-ext11/data/res/values-mcc310-mnc160-hi: Cannot change mode to rwxr-xr-x: Operation not permitted
build	Cache Android SDK	2026-06-06T12:22:50.3507747Z /usr/bin/tar: ../../../../../usr/local/lib/android/sdk/platforms/android-34-ext11/data/res/values-mcc334-mnc020-fr-rCA: Cannot utime: Operation not permitted
build	Cache Android SDK	2026-06-06T12:22:50.3509902Z /usr/bin/tar: ../../../../../usr/local/lib/android/sdk/platforms/android-34-ext11/data/res/values-mcc334-mnc020-fr-rCA: Cannot change mode to rwxr-xr-x: Operation not permitted
build	Cache Android SDK	2026-06-06T12:22:50.3511270Z /usr/bin/tar: ../../../../../usr/local/lib/android/sdk/platforms/android-34-ext11/data/res/values-mcc302-mnc720-lv: Cannot utime: Operation not permitted
build	Cache Android SDK	2026-06-06T12:22:50.3513272Z /usr/bin/tar: ../../../../../usr/local/lib/android/sdk/platforms/android-34-ext11/data/res/values-mcc302-mnc720-lv: Cannot change mode to rwxr-xr-x: Operation not permitted
build	Cache Android SDK	2026-06-06T12:22:50.3514470Z /usr/bin/tar: ../../../../../usr/local/lib/android/sdk/platforms/android-34-ext11/data/res/values-mcc334-mnc020-pl: Cannot utime: Operation not permitted
build	Cache Android SDK	2026-06-06T12:22:50.3516422Z /usr/bin/tar: ../../../../../usr/local/lib/android/sdk/platforms/android-34-ext11/data/res/values-mcc334-mnc020-pl: Cannot change mode to rwxr-xr-x: Operation not permitted
build	Cache Android SDK	2026-06-06T12:22:50.3519134Z /usr/bin/tar: ../../../../../usr/local/lib/android/sdk/platforms/android-34-ext11/data/res/values-mcc310-mnc230-zh-rTW: Cannot utime: Operation not permitted
build	Cache Android SDK	2026-06-06T12:22:50.3520813Z /usr/bin/tar: ../../../../../usr/local/lib/android/sdk/platforms/android-34-ext11/data/res/values-mcc310-mnc230-zh-rTW: Cannot change mode to rwxr-xr-x: Operation not permitted
build	Cache Android SDK	2026-06-06T12:22:50.3522833Z /usr/bin/tar: ../../../../../usr/local/lib/android/sdk/platforms/android-34-ext11/data/res/values-mcc311-mnc180-pt-rBR: Cannot utime: Operation not permitted
build	Cache Android SDK	2026-06-06T12:22:50.3524052Z /usr/bin/tar: ../../../../../usr/local/lib/android/sdk/platforms/android-34-ext11/data/res/values-mcc311-mnc180-pt-rBR: Cannot change mode to rwxr-xr-x: Operation not permitted
build	Cache Android SDK	2026-06-06T12:22:50.3526051Z /usr/bin/tar: ../../../../../usr/local/lib/android/sdk/platforms/android-34-ext11/data/res/values-sw600dp-port: Cannot utime: Operation not permitted
build	Cache Android SDK	2026-06-06T12:22:50.3527068Z /usr/bin/tar: ../../../../../usr/local/lib/android/sdk/platforms/android-34-ext11/data/res/values-sw600dp-port: Cannot change mode to rwxr-xr-x: Operation not permitted
build	Cache Android SDK	2026-06-06T12:22:50.3528765Z /usr/bin/tar: ../../../../../usr/local/lib/android/sdk/platforms/android-34-ext11/data/res/values-mcc310-mnc380-be: Cannot utime: Operation not permitted
build	Cache Android SDK	2026-06-06T12:22:50.3530367Z /usr/bin/tar: ../../../../../usr/local/lib/android/sdk/platforms/android-34-ext11/data/res/values-mcc310-mnc380-be: Cannot change mode to rwxr-xr-x: Operation not permitted
build	Cache Android SDK	2026-06-06T12:22:50.3531850Z /usr/bin/tar: ../../../../../usr/local/lib/android/sdk/platforms/android-34-ext11/data/res/values-mcc310-mnc280-es-rUS: Cannot utime: Operation not permitted
build	Cache Android SDK	2026-06-06T12:22:50.3533595Z /usr/bin/tar: ../../../../../usr/local/lib/android/sdk/platforms/android-34-ext11/data/res/values-mcc310-mnc280-es-rUS: Cannot change mode to rwxr-xr-x: Operation not permitted
build	Cache Android SDK	2026-06-06T12:22:50.3535040Z /usr/bin/tar: ../../../../../usr/local/lib/android/sdk/platforms/android-34-ext11/data/res/values-mcc310-mnc410-hu: Cannot utime: Operation not permitted
build	Cache Android SDK	2026-06-06T12:22:50.3537002Z /usr/bin/tar: ../../../../../usr/local/lib/android/sdk/platforms/android-34-ext11/data/res/values-mcc310-mnc410-hu: Cannot change mode to rwxr-xr-x: Operation not permitted
build	Cache Android SDK	2026-06-06T12:22:50.3539067Z /usr/bin/tar: ../../../../../usr/local/lib/android/sdk/platforms/android-34-ext11/data/res/values-mcc310-mnc170-en-rIN: Cannot utime: Operation not permitted
build	Cache Android SDK	2026-06-06T12:22:50.3540547Z /usr/bin/tar: ../../../../../usr/local/lib/android/sdk/platforms/android-34-ext11/data/res/values-mcc310-mnc170-en-rIN: Cannot change mode to rwxr-xr-x: Operation not permitted
build	Cache Android SDK	2026-06-06T12:22:50.3542472Z /usr/bin/tar: ../../../../../usr/local/lib/android/sdk/platforms/android-34-ext11/data/res/values-mcc310-mnc030-bs: Cannot utime: Operation not permitted
build	Cache Android SDK	2026-06-06T12:22:50.3544135Z /usr/bin/tar: ../../../../../usr/local/lib/android/sdk/platforms/android-34-ext11/data/res/values-mcc310-mnc030-bs: Cannot change mode to rwxr-xr-x: Operation not permitted
build	Cache Android SDK	2026-06-06T12:22:50.3546103Z /usr/bin/tar: ../../../../../usr/local/lib/android/sdk/platforms/android-34-ext11/data/res/values-mcc310-mnc250-da: Cannot utime: Operation not permitted
build	Cache Android SDK	2026-06-06T12:22:50.3548218Z /usr/bin/tar: ../../../../../usr/local/lib/android/sdk/platforms/android-34-ext11/data/res/values-mcc310-mnc250-da: Cannot change mode to rwxr-xr-x: Operation not permitted
build	Cache Android SDK	2026-06-06T12:22:50.3550197Z /usr/bin/tar: ../../../../../usr/local/lib/android/sdk/platforms/android-34-ext11/data/res/values-mcc310-mnc560-en-rGB: Cannot utime: Operation not permitted
build	Cache Android SDK	2026-06-06T12:22:50.3551452Z /usr/bin/tar: ../../../../../usr/local/lib/android/sdk/platforms/android-34-ext11/data/res/values-mcc310-mnc560-en-rGB: Cannot change mode to rwxr-xr-x: Operation not permitted
build	Cache Android SDK	2026-06-06T12:22:50.3553462Z /usr/bin/tar: ../../../../../usr/local/lib/android/sdk/platforms/android-34-ext11/data/res/values-mcc310-mnc950-sr: Cannot utime: Operation not permitted
build	Cache Android SDK	2026-06-06T12:22:50.3554676Z /usr/bin/tar: ../../../../../usr/local/lib/android/sdk/platforms/android-34-ext11/data/res/values-mcc310-mnc950-sr: Cannot change mode to rwxr-xr-x: Operation not permitted
build	Cache Android SDK	2026-06-06T12:22:50.3556631Z /usr/bin/tar: ../../../../../usr/local/lib/android/sdk/platforms/android-34-ext11/data/res/values-mcc310-mnc030-mk: Cannot utime: Operation not permitted
build	Cache Android SDK	2026-06-06T12:22:50.3558854Z /usr/bin/tar: ../../../../../usr/local/lib/android/sdk/platforms/android-34-ext11/data/res/values-mcc310-mnc030-mk: Cannot change mode to rwxr-xr-x: Operation not permitted
build	Cache Android SDK	2026-06-06T12:22:50.3560629Z /usr/bin/tar: ../../../../../usr/local/lib/android/sdk/platforms/android-34-ext11/data/res/values-mcc310-mnc560-ru: Cannot utime: Operation not permitted
build	Cache Android SDK	2026-06-06T12:22:50.3561822Z /usr/bin/tar: ../../../../../usr/local/lib/android/sdk/platforms/android-34-ext11/data/res/values-mcc310-mnc560-ru: Cannot change mode to rwxr-xr-x: Operation not permitted
build	Cache Android SDK	2026-06-06T12:22:50.3563805Z /usr/bin/tar: ../../../../../usr/local/lib/android/sdk/platforms/android-34-ext11/data/res/values-mcc310-mnc380-nb: Cannot utime: Operation not permitted
build	Cache Android SDK	2026-06-06T12:22:50.3565008Z /usr/bin/tar: ../../../../../usr/local/lib/android/sdk/platforms/android-34-ext11/data/res/values-mcc310-mnc380-nb: Cannot change mode to rwxr-xr-x: Operation not permitted
build	Cache Android SDK	2026-06-06T12:22:50.3567197Z /usr/bin/tar: ../../../../../usr/local/lib/android/sdk/platforms/android-34-ext11/data/res/values-mcc310-mnc160-fa: Cannot utime: Operation not permitted
build	Cache Android SDK	2026-06-06T12:22:50.3569156Z /usr/bin/tar: ../../../../../usr/local/lib/android/sdk/platforms/android-34-ext11/data/res/values-mcc310-mnc160-fa: Cannot change mode to rwxr-xr-x: Operation not permitted
build	Cache Android SDK	2026-06-06T12:22:50.3570733Z /usr/bin/tar: ../../../../../usr/local/lib/android/sdk/platforms/android-34-ext11/data/res/layout-sw600dp: Cannot utime: Operation not permitted
build	Cache Android SDK	2026-06-06T12:22:50.3572262Z /usr/bin/tar: ../../../../../usr/local/lib/android/sdk/platforms/android-34-ext11/data/res/layout-sw600dp: Cannot change mode to rwxr-xr-x: Operation not permitted
build	Cache Android SDK	2026-06-06T12:22:50.3574268Z /usr/bin/tar: ../../../../../usr/local/lib/android/sdk/platforms/android-34-ext11/data/res/values-mcc302-mnc720-ms: Cannot utime: Operation not permitted
build	Cache Android SDK	2026-06-06T12:22:50.3575807Z /usr/bin/tar: ../../../../../usr/local/lib/android/sdk/platforms/android-34-ext11/data/res/values-mcc302-mnc720-ms: Cannot change mode to rwxr-xr-x: Operation not permitted
build	Cache Android SDK	2026-06-06T12:22:50.3577645Z /usr/bin/tar: ../../../../../usr/local/lib/android/sdk/platforms/android-34-ext11/data/res/values-el-watch: Cannot utime: Operation not permitted
build	Cache Android SDK	2026-06-06T12:22:50.3579544Z /usr/bin/tar: ../../../../../usr/local/lib/android/sdk/platforms/android-34-ext11/data/res/values-el-watch: Cannot change mode to rwxr-xr-x: Operation not permitted
build	Cache Android SDK	2026-06-06T12:22:50.3581806Z /usr/bin/tar: ../../../../../usr/local/lib/android/sdk/platforms/android-34-ext11/data/res/values-mcc310-mnc170-mr: Cannot utime: Operation not permitted
build	Cache Android SDK	2026-06-06T12:22:50.3583272Z /usr/bin/tar: ../../../../../usr/local/lib/android/sdk/platforms/android-34-ext11/data/res/values-mcc310-mnc170-mr: Cannot change mode to rwxr-xr-x: Operation not permitted
build	Cache Android SDK	2026-06-06T12:22:50.3584349Z /usr/bin/tar: ../../../../../usr/local/lib/android/sdk/platforms/android-34-ext11/data/res/values-mcc310-mnc250-nl: Cannot utime: Operation not permitted
build	Cache Android SDK	2026-06-06T12:22:50.3586264Z /usr/bin/tar: ../../../../../usr/local/lib/android/sdk/platforms/android-34-ext11/data/res/values-mcc310-mnc250-nl: Cannot change mode to rwxr-xr-x: Operation not permitted
build	Cache Android SDK	2026-06-06T12:22:50.3588776Z /usr/bin/tar: ../../../../../usr/local/lib/android/sdk/platforms/android-34-ext11/data/res/values-mcc310-mnc950-pl: Cannot utime: Operation not permitted
build	Cache Android SDK	2026-06-06T12:22:50.3590840Z /usr/bin/tar: ../../../../../usr/local/lib/android/sdk/platforms/android-34-ext11/data/res/values-mcc310-mnc950-pl: Cannot change mode to rwxr-xr-x: Operation not permitted
build	Cache Android SDK	2026-06-06T12:22:50.3592608Z /usr/bin/tar: ../../../../../usr/local/lib/android/sdk/platforms/android-34-ext11/data/res/values-mcc312-mnc670-mk: Cannot utime: Operation not permitted
build	Cache Android SDK	2026-06-06T12:22:50.3594838Z /usr/bin/tar: ../../../../../usr/local/lib/android/sdk/platforms/android-34-ext11/data/res/values-mcc312-mnc670-mk: Cannot change mode to rwxr-xr-x: Operation not permitted
build	Cache Android SDK	2026-06-06T12:22:50.3596690Z /usr/bin/tar: ../../../../../usr/local/lib/android/sdk/platforms/android-34-ext11/data/res/values-mcc313-mnc100-fi: Cannot utime: Operation not permitted
build	Cache Android SDK	2026-06-06T12:22:50.3598474Z /usr/bin/tar: ../../../../../usr/local/lib/android/sdk/platforms/android-34-ext11/data/res/values-mcc313-mnc100-fi: Cannot change mode to rwxr-xr-x: Operation not permitted
build	Cache Android SDK	2026-06-06T12:22:50.3600355Z /usr/bin/tar: ../../../../../usr/local/lib/android/sdk/platforms/android-34-ext11/data/res/values-mcc310-mnc200-is: Cannot utime: Operation not permitted
build	Cache Android SDK	2026-06-06T12:22:50.3602369Z /usr/bin/tar: ../../../../../usr/local/lib/android/sdk/platforms/android-34-ext11/data/res/values-mcc310-mnc200-is: Cannot change mode to rwxr-xr-x: Operation not permitted
build	Cache Android SDK	2026-06-06T12:22:50.3603847Z /usr/bin/tar: ../../../../../usr/local/lib/android/sdk/platforms/android-34-ext11/data/res/values-mcc312-mnc670-sw: Cannot utime: Operation not permitted
build	Cache Android SDK	2026-06-06T12:22:50.3605370Z /usr/bin/tar: ../../../../../usr/local/lib/android/sdk/platforms/android-34-ext11/data/res/values-mcc312-mnc670-sw: Cannot change mode to rwxr-xr-x: Operation not permitted
build	Cache Android SDK	2026-06-06T12:22:50.3607455Z /usr/bin/tar: ../../../../../usr/local/lib/android/sdk/platforms/android-34-ext11/data/res/values-mcc310-mnc220-ur: Cannot utime: Operation not permitted
build	Cache Android SDK	2026-06-06T12:22:50.3609446Z /usr/bin/tar: ../../../../../usr/local/lib/android/sdk/platforms/android-34-ext11/data/res/values-mcc310-mnc220-ur: Cannot change mode to rwxr-xr-x: Operation not permitted
build	Cache Android SDK	2026-06-06T12:22:50.3611588Z /usr/bin/tar: ../../../../../usr/local/lib/android/sdk/platforms/android-34-ext11/data/res/values-mcc302-mnc370-hy: Cannot utime: Operation not permitted
build	Cache Android SDK	2026-06-06T12:22:50.3613510Z /usr/bin/tar: ../../../../../usr/local/lib/android/sdk/platforms/android-34-ext11/data/res/values-mcc302-mnc370-hy: Cannot change mode to rwxr-xr-x: Operation not permitted
build	Cache Android SDK	2026-06-06T12:22:50.3615510Z /usr/bin/tar: ../../../../../usr/local/lib/android/sdk/platforms/android-34-ext11/data/res/values-mcc310-mnc250-mn: Cannot utime: Operation not permitted
build	Cache Android SDK	2026-06-06T12:22:50.3617485Z /usr/bin/tar: ../../../../../usr/local/lib/android/sdk/platforms/android-34-ext11/data/res/values-mcc310-mnc250-mn: Cannot change mode to rwxr-xr-x: Operation not permitted
build	Cache Android SDK	2026-06-06T12:22:50.3619537Z /usr/bin/tar: ../../../../../usr/local/lib/android/sdk/platforms/android-34-ext11/data/res/values-mcc310-mnc030-sk: Cannot utime: Operation not permitted
build	Cache Android SDK	2026-06-06T12:22:50.3621488Z /usr/bin/tar: ../../../../../usr/local/lib/android/sdk/platforms/android-34-ext11/data/res/values-mcc310-mnc030-sk: Cannot change mode to rwxr-xr-x: Operation not permitted
build	Cache Android SDK	2026-06-06T12:22:50.3623513Z /usr/bin/tar: ../../../../../usr/local/lib/android/sdk/platforms/android-34-ext11/data/res/values-mcc310-mnc660-cs: Cannot utime: Operation not permitted
build	Cache Android SDK	2026-06-06T12:22:50.3624813Z /usr/bin/tar: ../../../../../usr/local/lib/android/sdk/platforms/android-34-ext11/data/res/values-mcc310-mnc660-cs: Cannot change mode to rwxr-xr-x: Operation not permitted
build	Cache Android SDK	2026-06-06T12:22:50.3626484Z /usr/bin/tar: ../../../../../usr/local/lib/android/sdk/platforms/android-34-ext11/data/res/values-mcc313-mnc100-hy: Cannot utime: Operation not permitted
build	Cache Android SDK	2026-06-06T12:22:50.3628712Z /usr/bin/tar: ../../../../../usr/local/lib/android/sdk/platforms/android-34-ext11/data/res/values-mcc313-mnc100-hy: Cannot change mode to rwxr-xr-x: Operation not permitted
build	Cache Android SDK	2026-06-06T12:22:50.3630688Z /usr/bin/tar: ../../../../../usr/local/lib/android/sdk/platforms/android-34-ext11/data/res/values-mcc310-mnc220-pt-rPT: Cannot utime: Operation not permitted
build	Cache Android SDK	2026-06-06T12:22:50.3632753Z /usr/bin/tar: ../../../../../usr/local/lib/android/sdk/platforms/android-34-ext11/data/res/values-mcc310-mnc220-pt-rPT: Cannot change mode to rwxr-xr-x: Operation not permitted
build	Cache Android SDK	2026-06-06T12:22:50.3634842Z /usr/bin/tar: ../../../../../usr/local/lib/android/sdk/platforms/android-34-ext11/data/res/values-b+sr+Latn-watch: Cannot utime: Operation not permitted
build	Cache Android SDK	2026-06-06T12:22:50.3636882Z /usr/bin/tar: ../../../../../usr/local/lib/android/sdk/platforms/android-34-ext11/data/res/values-b+sr+Latn-watch: Cannot change mode to rwxr-xr-x: Operation not permitted
build	Cache Android SDK	2026-06-06T12:22:50.3638744Z /usr/bin/tar: ../../../../../usr/local/lib/android/sdk/platforms/android-34-ext11/data/res/values-mcc334-mnc020-km: Cannot utime: Operation not permitted
build	Cache Android SDK	2026-06-06T12:22:50.3640483Z /usr/bin/tar: ../../../../../usr/local/lib/android/sdk/platforms/android-34-ext11/data/res/values-mcc334-mnc020-km: Cannot change mode to rwxr-xr-x: Operation not permitted
build	Cache Android SDK	2026-06-06T12:22:50.3641710Z /usr/bin/tar: ../../../../../usr/local/lib/android/sdk/platforms/android-34-ext11/data/res/values-mcc311-mnc180-bn: Cannot utime: Operation not permitted
build	Cache Android SDK	2026-06-06T12:22:50.3643412Z /usr/bin/tar: ../../../../../usr/local/lib/android/sdk/platforms/android-34-ext11/data/res/values-mcc311-mnc180-bn: Cannot change mode to rwxr-xr-x: Operation not permitted
build	Cache Android SDK	2026-06-06T12:22:50.3645735Z /usr/bin/tar: ../../../../../usr/local/lib/android/sdk/platforms/android-34-ext11/data/res/values-mcc334-mnc020-en-rXC: Cannot utime: Operation not permitted
build	Cache Android SDK	2026-06-06T12:22:50.3648296Z /usr/bin/tar: ../../../../../usr/local/lib/android/sdk/platforms/android-34-ext11/data/res/values-mcc334-mnc020-en-rXC: Cannot change mode to rwxr-xr-x: Operation not permitted
build	Cache Android SDK	2026-06-06T12:22:50.3653015Z /usr/bin/tar: ../../../../../usr/local/lib/android/sdk/platforms/android-34-ext11/data/res/values-ro: Cannot utime: Operation not permitted
build	Cache Android SDK	2026-06-06T12:22:50.3654471Z /usr/bin/tar: ../../../../../usr/local/lib/android/sdk/platforms/android-34-ext11/data/res/values-ro: Cannot change mode to rwxr-xr-x: Operation not permitted
build	Cache Android SDK	2026-06-06T12:22:50.3656460Z /usr/bin/tar: ../../../../../usr/local/lib/android/sdk/platforms/android-34-ext11/data/res/values-mcc310-mnc310-cs: Cannot utime: Operation not permitted
build	Cache Android SDK	2026-06-06T12:22:50.3657729Z /usr/bin/tar: ../../../../../usr/local/lib/android/sdk/platforms/android-34-ext11/data/res/values-mcc310-mnc310-cs: Cannot change mode to rwxr-xr-x: Operation not permitted
build	Cache Android SDK	2026-06-06T12:22:50.3660056Z /usr/bin/tar: ../../../../../usr/local/lib/android/sdk/platforms/android-34-ext11/data/res/values-mcc310-mnc210-bs: Cannot utime: Operation not permitted
build	Cache Android SDK	2026-06-06T12:22:50.3661580Z /usr/bin/tar: ../../../../../usr/local/lib/android/sdk/platforms/android-34-ext11/data/res/values-mcc310-mnc210-bs: Cannot change mode to rwxr-xr-x: Operation not permitted
build	Cache Android SDK	2026-06-06T12:22:50.3663536Z /usr/bin/tar: ../../../../../usr/local/lib/android/sdk/platforms/android-34-ext11/data/res/values-mcc310-mnc220-hr: Cannot utime: Operation not permitted
build	Cache Android SDK	2026-06-06T12:22:50.3664515Z /usr/bin/tar: ../../../../../usr/local/lib/android/sdk/platforms/android-34-ext11/data/res/values-mcc310-mnc220-hr: Cannot change mode to rwxr-xr-x: Operation not permitted
build	Cache Android SDK	2026-06-06T12:22:50.3667706Z /usr/bin/tar: ../../../../../usr/local/lib/android/sdk/platforms/android-34-ext11/data/res/values-mcc310-mnc560-hu: Cannot utime: Operation not permitted
build	Cache Android SDK	2026-06-06T12:22:50.3669400Z /usr/bin/tar: ../../../../../usr/local/lib/android/sdk/platforms/android-34-ext11/data/res/values-mcc310-mnc560-hu: Cannot change mode to rwxr-xr-x: Operation not permitted
build	Cache Android SDK	2026-06-06T12:22:50.3671185Z /usr/bin/tar: ../../../../../usr/local/lib/android/sdk/platforms/android-34-ext11/data/res/values-mcc313: Cannot utime: Operation not permitted
build	Cache Android SDK	2026-06-06T12:22:50.3672836Z /usr/bin/tar: ../../../../../usr/local/lib/android/sdk/platforms/android-34-ext11/data/res/values-mcc313: Cannot change mode to rwxr-xr-x: Operation not permitted
build	Cache Android SDK	2026-06-06T12:22:50.3674573Z /usr/bin/tar: ../../../../../usr/local/lib/android/sdk/platforms/android-34-ext11/data/res/values-mcc302-mnc720-uz: Cannot utime: Operation not permitted
build	Cache Android SDK	2026-06-06T12:22:50.3676372Z /usr/bin/tar: ../../../../../usr/local/lib/android/sdk/platforms/android-34-ext11/data/res/values-mcc302-mnc720-uz: Cannot change mode to rwxr-xr-x: Operation not permitted
build	Cache Android SDK	2026-06-06T12:22:50.3678609Z /usr/bin/tar: ../../../../../usr/local/lib/android/sdk/platforms/android-34-ext11/data/res/values-mcc334-mnc020-hi: Cannot utime: Operation not permitted
build	Cache Android SDK	2026-06-06T12:22:50.3680388Z /usr/bin/tar: ../../../../../usr/local/lib/android/sdk/platforms/android-34-ext11/data/res/values-mcc334-mnc020-hi: Cannot change mode to rwxr-xr-x: Operation not permitted
build	Cache Android SDK	2026-06-06T12:22:50.3682145Z /usr/bin/tar: ../../../../../usr/local/lib/android/sdk/platforms/android-34-ext11/data/res/values-mcc310-mnc410-ja: Cannot utime: Operation not permitted
build	Cache Android SDK	2026-06-06T12:22:50.3683504Z /usr/bin/tar: ../../../../../usr/local/lib/android/sdk/platforms/android-34-ext11/data/res/values-mcc310-mnc410-ja: Cannot change mode to rwxr-xr-x: Operation not permitted
build	Cache Android SDK	2026-06-06T12:22:50.3684867Z /usr/bin/tar: ../../../../../usr/local/lib/android/sdk/platforms/android-34-ext11/data/res/values-mcc310-mnc490-gl: Cannot utime: Operation not permitted
build	Cache Android SDK	2026-06-06T12:22:50.3686251Z /usr/bin/tar: ../../../../../usr/local/lib/android/sdk/platforms/android-34-ext11/data/res/values-mcc310-mnc490-gl: Cannot change mode to rwxr-xr-x: Operation not permitted
build	Cache Android SDK	2026-06-06T12:22:50.3688163Z /usr/bin/tar: ../../../../../usr/local/lib/android/sdk/platforms/android-34-ext11/data/res/values-mcc310-mnc310-de: Cannot utime: Operation not permitted
build	Cache Android SDK	2026-06-06T12:22:50.3689735Z /usr/bin/tar: ../../../../../usr/local/lib/android/sdk/platforms/android-34-ext11/data/res/values-mcc310-mnc310-de: Cannot change mode to rwxr-xr-x: Operation not permitted
build	Cache Android SDK	2026-06-06T12:22:50.3691418Z /usr/bin/tar: ../../../../../usr/local/lib/android/sdk/platforms/android-34-ext11/data/res/values-cs-television: Cannot utime: Operation not permitted
build	Cache Android SDK	2026-06-06T12:22:50.3693174Z /usr/bin/tar: ../../../../../usr/local/lib/android/sdk/platforms/android-34-ext11/data/res/values-cs-television: Cannot change mode to rwxr-xr-x: Operation not permitted
build	Cache Android SDK	2026-06-06T12:22:50.3694892Z /usr/bin/tar: ../../../../../usr/local/lib/android/sdk/platforms/android-34-ext11/data/res/values-mcc334-mnc03: Cannot utime: Operation not permitted
build	Cache Android SDK	2026-06-06T12:22:50.3696522Z /usr/bin/tar: ../../../../../usr/local/lib/android/sdk/platforms/android-34-ext11/data/res/values-mcc334-mnc03: Cannot change mode to rwxr-xr-x: Operation not permitted
build	Cache Android SDK	2026-06-06T12:22:50.3698244Z /usr/bin/tar: ../../../../../usr/local/lib/android/sdk/platforms/android-34-ext11/data/res/values-mcc312-mnc670-ne: Cannot utime: Operation not permitted
build	Cache Android SDK	2026-06-06T12:22:50.3699856Z /usr/bin/tar: ../../../../../usr/local/lib/android/sdk/platforms/android-34-ext11/data/res/values-mcc312-mnc670-ne: Cannot change mode to rwxr-xr-x: Operation not permitted
build	Cache Android SDK	2026-06-06T12:22:50.3701163Z /usr/bin/tar: ../../../../../usr/local/lib/android/sdk/platforms/android-34-ext11/data/res/values-mcc310-mnc230-en-rIN: Cannot utime: Operation not permitted
build	Cache Android SDK	2026-06-06T12:22:50.3702513Z /usr/bin/tar: ../../../../../usr/local/lib/android/sdk/platforms/android-34-ext11/data/res/values-mcc310-mnc230-en-rIN: Cannot change mode to rwxr-xr-x: Operation not permitted
build	Cache Android SDK	2026-06-06T12:22:50.3704513Z /usr/bin/tar: ../../../../../usr/local/lib/android/sdk/platforms/android-34-ext11/data/res/values-mcc310-mnc150-ne: Cannot utime: Operation not permitted
build	Cache Android SDK	2026-06-06T12:22:50.3705850Z /usr/bin/tar: ../../../../../usr/local/lib/android/sdk/platforms/android-34-ext11/data/res/values-mcc310-mnc150-ne: Cannot change mode to rwxr-xr-x: Operation not permitted
build	Cache Android SDK	2026-06-06T12:22:50.3707588Z /usr/bin/tar: ../../../../../usr/local/lib/android/sdk/platforms/android-34-ext11/data/res/values-mcc310-mnc200-ca: Cannot utime: Operation not permitted
build	Cache Android SDK	2026-06-06T12:22:50.3709019Z /usr/bin/tar: ../../../../../usr/local/lib/android/sdk/platforms/android-34-ext11/data/res/values-mcc310-mnc200-ca: Cannot change mode to rwxr-xr-x: Operation not permitted
build	Cache Android SDK	2026-06-06T12:22:50.3711769Z /usr/bin/tar: ../../../../../usr/local/lib/android/sdk/platforms/android-34-ext11/data/res/values-mcc310-mnc030-km: Cannot utime: Operation not permitted
build	Cache Android SDK	2026-06-06T12:22:50.3713075Z /usr/bin/tar: ../../../../../usr/local/lib/android/sdk/platforms/android-34-ext11/data/res/values-mcc310-mnc030-km: Cannot change mode to rwxr-xr-x: Operation not permitted
build	Cache Android SDK	2026-06-06T12:22:50.3715226Z /usr/bin/tar: ../../../../../usr/local/lib/android/sdk/platforms/android-34-ext11/data/res/values-mcc313-mnc100-pa: Cannot utime: Operation not permitted
build	Cache Android SDK	2026-06-06T12:22:50.3716516Z /usr/bin/tar: ../../../../../usr/local/lib/android/sdk/platforms/android-34-ext11/data/res/values-mcc313-mnc100-pa: Cannot change mode to rwxr-xr-x: Operation not permitted
build	Cache Android SDK	2026-06-06T12:22:50.3718599Z /usr/bin/tar: ../../../../../usr/local/lib/android/sdk/platforms/android-34-ext11/data/res/values-mcc310-mnc150-ru: Cannot utime: Operation not permitted
build	Cache Android SDK	2026-06-06T12:22:50.3719791Z /usr/bin/tar: ../../../../../usr/local/lib/android/sdk/platforms/android-34-ext11/data/res/values-mcc310-mnc150-ru: Cannot change mode to rwxr-xr-x: Operation not permitted
build	Cache Android SDK	2026-06-06T12:22:50.3722232Z /usr/bin/tar: ../../../../../usr/local/lib/android/sdk/platforms/android-34-ext11/data/res/values-mcc310-mnc560-eu: Cannot utime: Operation not permitted
build	Cache Android SDK	2026-06-06T12:22:50.3723503Z /usr/bin/tar: ../../../../../usr/local/lib/android/sdk/platforms/android-34-ext11/data/res/values-mcc310-mnc560-eu: Cannot change mode to rwxr-xr-x: Operation not permitted
build	Cache Android SDK	2026-06-06T12:22:50.3725432Z /usr/bin/tar: ../../../../../usr/local/lib/android/sdk/platforms/android-34-ext11/data/res/values-mcc310-mnc170-zh-rTW: Cannot utime: Operation not permitted
build	Cache Android SDK	2026-06-06T12:22:50.3726681Z /usr/bin/tar: ../../../../../usr/local/lib/android/sdk/platforms/android-34-ext11/data/res/values-mcc310-mnc170-zh-rTW: Cannot change mode to rwxr-xr-x: Operation not permitted
build	Cache Android SDK	2026-06-06T12:22:50.3729337Z /usr/bin/tar: ../../../../../usr/local/lib/android/sdk/platforms/android-34-ext11/data/res/values-lo-television: Cannot utime: Operation not permitted
build	Cache Android SDK	2026-06-06T12:22:50.3730896Z /usr/bin/tar: ../../../../../usr/local/lib/android/sdk/platforms/android-34-ext11/data/res/values-lo-television: Cannot change mode to rwxr-xr-x: Operation not permitted
build	Cache Android SDK	2026-06-06T12:22:50.3732823Z /usr/bin/tar: ../../../../../usr/local/lib/android/sdk/platforms/android-34-ext11/data/res/values-mcc311-mnc180-mr: Cannot utime: Operation not permitted
build	Cache Android SDK	2026-06-06T12:22:50.3734479Z /usr/bin/tar: ../../../../../usr/local/lib/android/sdk/platforms/android-34-ext11/data/res/values-mcc311-mnc180-mr: Cannot change mode to rwxr-xr-x: Operation not permitted
build	Cache Android SDK	2026-06-06T12:22:50.3736483Z /usr/bin/tar: ../../../../../usr/local/lib/android/sdk/platforms/android-34-ext11/data/res/values-mcc001-mnc01-ne: Cannot utime: Operation not permitted
build	Cache Android SDK	2026-06-06T12:22:50.3737940Z /usr/bin/tar: ../../../../../usr/local/lib/android/sdk/platforms/android-34-ext11/data/res/values-mcc001-mnc01-ne: Cannot change mode to rwxr-xr-x: Operation not permitted
build	Cache Android SDK	2026-06-06T12:22:50.3739576Z /usr/bin/tar: ../../../../../usr/local/lib/android/sdk/platforms/android-34-ext11/data/res/values-iw-watch: Cannot utime: Operation not permitted
build	Cache Android SDK	2026-06-06T12:22:50.3740898Z /usr/bin/tar: ../../../../../usr/local/lib/android/sdk/platforms/android-34-ext11/data/res/values-iw-watch: Cannot change mode to rwxr-xr-x: Operation not permitted
build	Cache Android SDK	2026-06-06T12:22:50.3743827Z /usr/bin/tar: ../../../../../usr/local/lib/android/sdk/platforms/android-34-ext11/data/res/values-mcc310-mnc560-it: Cannot utime: Operation not permitted
build	Cache Android SDK	2026-06-06T12:22:50.3745487Z /usr/bin/tar: ../../../../../usr/local/lib/android/sdk/platforms/android-34-ext11/data/res/values-mcc310-mnc560-it: Cannot change mode to rwxr-xr-x: Operation not permitted
build	Cache Android SDK	2026-06-06T12:22:50.3747197Z /usr/bin/tar: ../../../../../usr/local/lib/android/sdk/platforms/android-34-ext11/data/res/values-mcc313-mnc100-it: Cannot utime: Operation not permitted
build	Cache Android SDK	2026-06-06T12:22:50.3748674Z /usr/bin/tar: ../../../../../usr/local/lib/android/sdk/platforms/android-34-ext11/data/res/values-mcc313-mnc100-it: Cannot change mode to rwxr-xr-x: Operation not permitted
build	Cache Android SDK	2026-06-06T12:22:50.3750734Z /usr/bin/tar: ../../../../../usr/local/lib/android/sdk/platforms/android-34-ext11/data/res/values-mcc310-mnc270-pl: Cannot utime: Operation not permitted
build	Cache Android SDK	2026-06-06T12:22:50.3752150Z /usr/bin/tar: ../../../../../usr/local/lib/android/sdk/platforms/android-34-ext11/data/res/values-mcc310-mnc270-pl: Cannot change mode to rwxr-xr-x: Operation not permitted
build	Cache Android SDK	2026-06-06T12:22:50.3754218Z /usr/bin/tar: ../../../../../usr/local/lib/android/sdk/platforms/android-34-ext11/data/res/values-ca-watch: Cannot utime: Operation not permitted
build	Cache Android SDK	2026-06-06T12:22:50.3755382Z /usr/bin/tar: ../../../../../usr/local/lib/android/sdk/platforms/android-34-ext11/data/res/values-ca-watch: Cannot change mode to rwxr-xr-x: Operation not permitted
build	Cache Android SDK	2026-06-06T12:22:50.3757721Z /usr/bin/tar: ../../../../../usr/local/lib/android/sdk/platforms/android-34-ext11/data/res/values-mcc310-mnc380-ja: Cannot utime: Operation not permitted
build	Cache Android SDK	2026-06-06T12:22:50.3759007Z /usr/bin/tar: ../../../../../usr/local/lib/android/sdk/platforms/android-34-ext11/data/res/values-mcc310-mnc380-ja: Cannot change mode to rwxr-xr-x: Operation not permitted
build	Cache Android SDK	2026-06-06T12:22:50.3826919Z /usr/bin/tar: ../../../../../usr/local/lib/android/sdk/platforms/android-34-ext11/data/res/values: Cannot utime: Operation not permitted
build	Cache Android SDK	2026-06-06T12:22:50.3828707Z /usr/bin/tar: ../../../../../usr/local/lib/android/sdk/platforms/android-34-ext11/data/res/values: Cannot change mode to rwxr-xr-x: Operation not permitted
build	Cache Android SDK	2026-06-06T12:22:50.3830682Z /usr/bin/tar: ../../../../../usr/local/lib/android/sdk/platforms/android-34-ext11/data/res/raw-zh-rCN: Cannot utime: Operation not permitted
build	Cache Android SDK	2026-06-06T12:22:50.3832120Z /usr/bin/tar: ../../../../../usr/local/lib/android/sdk/platforms/android-34-ext11/data/res/raw-zh-rCN: Cannot change mode to rwxr-xr-x: Operation not permitted
build	Cache Android SDK	2026-06-06T12:22:50.3834269Z /usr/bin/tar: ../../../../../usr/local/lib/android/sdk/platforms/android-34-ext11/data/res/values-mcc310-mnc280-ro: Cannot utime: Operation not permitted
build	Cache Android SDK	2026-06-06T12:22:50.3835349Z /usr/bin/tar: ../../../../../usr/local/lib/android/sdk/platforms/android-34-ext11/data/res/values-mcc310-mnc280-ro: Cannot change mode to rwxr-xr-x: Operation not permitted
build	Cache Android SDK	2026-06-06T12:22:50.3837905Z /usr/bin/tar: ../../../../../usr/local/lib/android/sdk/platforms/android-34-ext11/data/res/values-mcc310-mnc250-en-rGB: Cannot utime: Operation not permitted
build	Cache Android SDK	2026-06-06T12:22:50.3839102Z /usr/bin/tar: ../../../../../usr/local/lib/android/sdk/platforms/android-34-ext11/data/res/values-mcc310-mnc250-en-rGB: Cannot change mode to rwxr-xr-x: Operation not permitted
build	Cache Android SDK	2026-06-06T12:22:50.3841131Z /usr/bin/tar: ../../../../../usr/local/lib/android/sdk/platforms/android-34-ext11/data/res/values-es-rCO: Cannot utime: Operation not permitted
build	Cache Android SDK	2026-06-06T12:22:50.3842060Z /usr/bin/tar: ../../../../../usr/local/lib/android/sdk/platforms/android-34-ext11/data/res/values-es-rCO: Cannot change mode to rwxr-xr-x: Operation not permitted
build	Cache Android SDK	2026-06-06T12:22:50.3846303Z /usr/bin/tar: ../../../../../usr/local/lib/android/sdk/platforms/android-34-ext11/data/res/values-mcc310-mnc170-uz: Cannot utime: Operation not permitted
build	Cache Android SDK	2026-06-06T12:22:50.3849189Z /usr/bin/tar: ../../../../../usr/local/lib/android/sdk/platforms/android-34-ext11/data/res/values-mcc310-mnc170-uz: Cannot change mode to rwxr-xr-x: Operation not permitted
build	Cache Android SDK	2026-06-06T12:22:50.3850875Z /usr/bin/tar: ../../../../../usr/local/lib/android/sdk/platforms/android-34-ext11/data/res/values-mcc310-mnc950-is: Cannot utime: Operation not permitted
build	Cache Android SDK	2026-06-06T12:22:50.3852036Z /usr/bin/tar: ../../../../../usr/local/lib/android/sdk/platforms/android-34-ext11/data/res/values-mcc310-mnc950-is: Cannot change mode to rwxr-xr-x: Operation not permitted
build	Cache Android SDK	2026-06-06T12:22:50.3855420Z /usr/bin/tar: ../../../../../usr/local/lib/android/sdk/platforms/android-34-ext11/data/res/values-pt-watch: Cannot utime: Operation not permitted
build	Cache Android SDK	2026-06-06T12:22:50.3857663Z /usr/bin/tar: ../../../../../usr/local/lib/android/sdk/platforms/android-34-ext11/data/res/values-pt-watch: Cannot change mode to rwxr-xr-x: Operation not permitted
build	Cache Android SDK	2026-06-06T12:22:50.3859169Z /usr/bin/tar: ../../../../../usr/local/lib/android/sdk/platforms/android-34-ext11/data/res/values-mcc313-mnc100-pl: Cannot utime: Operation not permitted
build	Cache Android SDK	2026-06-06T12:22:50.3861735Z /usr/bin/tar: ../../../../../usr/local/lib/android/sdk/platforms/android-34-ext11/data/res/values-mcc313-mnc100-pl: Cannot change mode to rwxr-xr-x: Operation not permitted
build	Cache Android SDK	2026-06-06T12:22:50.3863212Z /usr/bin/tar: ../../../../../usr/local/lib/android/sdk/platforms/android-34-ext11/data/res/values-mcc001-mnc01-vi: Cannot utime: Operation not permitted
build	Cache Android SDK	2026-06-06T12:22:50.3865179Z /usr/bin/tar: ../../../../../usr/local/lib/android/sdk/platforms/android-34-ext11/data/res/values-mcc001-mnc01-vi: Cannot change mode to rwxr-xr-x: Operation not permitted
build	Cache Android SDK	2026-06-06T12:22:50.3866591Z /usr/bin/tar: ../../../../../usr/local/lib/android/sdk/platforms/android-34-ext11/data/res/values-mcc313-mnc100-lv: Cannot utime: Operation not permitted
build	Cache Android SDK	2026-06-06T12:22:50.3868935Z /usr/bin/tar: ../../../../../usr/local/lib/android/sdk/platforms/android-34-ext11/data/res/values-mcc313-mnc100-lv: Cannot change mode to rwxr-xr-x: Operation not permitted
build	Cache Android SDK	2026-06-06T12:22:50.3870340Z /usr/bin/tar: ../../../../../usr/local/lib/android/sdk/platforms/android-34-ext11/data/res/values-mcc302-mnc720-gu: Cannot utime: Operation not permitted
build	Cache Android SDK	2026-06-06T12:22:50.3872563Z /usr/bin/tar: ../../../../../usr/local/lib/android/sdk/platforms/android-34-ext11/data/res/values-mcc302-mnc720-gu: Cannot change mode to rwxr-xr-x: Operation not permitted
build	Cache Android SDK	2026-06-06T12:22:50.3874035Z /usr/bin/tar: ../../../../../usr/local/lib/android/sdk/platforms/android-34-ext11/data/res/values-mcc302-mnc370-zh-rCN: Cannot utime: Operation not permitted
build	Cache Android SDK	2026-06-06T12:22:50.3876248Z /usr/bin/tar: ../../../../../usr/local/lib/android/sdk/platforms/android-34-ext11/data/res/values-mcc302-mnc370-zh-rCN: Cannot change mode to rwxr-xr-x: Operation not permitted
build	Cache Android SDK	2026-06-06T12:22:50.3878111Z /usr/bin/tar: ../../../../../usr/local/lib/android/sdk/platforms/android-34-ext11/data/res/values-th-watch: Cannot utime: Operation not permitted
build	Cache Android SDK	2026-06-06T12:22:50.3879896Z /usr/bin/tar: ../../../../../usr/local/lib/android/sdk/platforms/android-34-ext11/data/res/values-th-watch: Cannot change mode to rwxr-xr-x: Operation not permitted
build	Cache Android SDK	2026-06-06T12:22:50.3881705Z /usr/bin/tar: ../../../../../usr/local/lib/android/sdk/platforms/android-34-ext11/data/res/values-mcc310-mnc250-ta: Cannot utime: Operation not permitted
build	Cache Android SDK	2026-06-06T12:22:50.3883373Z /usr/bin/tar: ../../../../../usr/local/lib/android/sdk/platforms/android-34-ext11/data/res/values-mcc310-mnc250-ta: Cannot change mode to rwxr-xr-x: Operation not permitted
build	Cache Android SDK	2026-06-06T12:22:50.3885455Z /usr/bin/tar: ../../../../../usr/local/lib/android/sdk/platforms/android-34-ext11/data/res/values-mcc310-mnc560-mk: Cannot utime: Operation not permitted
build	Cache Android SDK	2026-06-06T12:22:50.3887269Z /usr/bin/tar: ../../../../../usr/local/lib/android/sdk/platforms/android-34-ext11/data/res/values-mcc310-mnc560-mk: Cannot change mode to rwxr-xr-x: Operation not permitted
build	Cache Android SDK	2026-06-06T12:22:50.3889302Z /usr/bin/tar: ../../../../../usr/local/lib/android/sdk/platforms/android-34-ext11/data/res/values-mcc466-mnc02: Cannot utime: Operation not permitted
build	Cache Android SDK	2026-06-06T12:22:50.3890974Z /usr/bin/tar: ../../../../../usr/local/lib/android/sdk/platforms/android-34-ext11/data/res/values-mcc466-mnc02: Cannot change mode to rwxr-xr-x: Operation not permitted
build	Cache Android SDK	2026-06-06T12:22:50.3892762Z /usr/bin/tar: ../../../../../usr/local/lib/android/sdk/platforms/android-34-ext11/data/res/values-mcc310-mnc030: Cannot utime: Operation not permitted
build	Cache Android SDK	2026-06-06T12:22:50.3893919Z /usr/bin/tar: ../../../../../usr/local/lib/android/sdk/platforms/android-34-ext11/data/res/values-mcc310-mnc030: Cannot change mode to rwxr-xr-x: Operation not permitted
build	Cache Android SDK	2026-06-06T12:22:50.3895660Z /usr/bin/tar: ../../../../../usr/local/lib/android/sdk/platforms/android-34-ext11/data/res/values-mcc310-mnc150-sq: Cannot utime: Operation not permitted
build	Cache Android SDK	2026-06-06T12:22:50.3897850Z /usr/bin/tar: ../../../../../usr/local/lib/android/sdk/platforms/android-34-ext11/data/res/values-mcc310-mnc150-sq: Cannot change mode to rwxr-xr-x: Operation not permitted
build	Cache Android SDK	2026-06-06T12:22:50.3899984Z /usr/bin/tar: ../../../../../usr/local/lib/android/sdk/platforms/android-34-ext11/data/res/values-mcc310-mnc220-uz: Cannot utime: Operation not permitted
build	Cache Android SDK	2026-06-06T12:22:50.3901106Z /usr/bin/tar: ../../../../../usr/local/lib/android/sdk/platforms/android-34-ext11/data/res/values-mcc310-mnc220-uz: Cannot change mode to rwxr-xr-x: Operation not permitted
build	Cache Android SDK	2026-06-06T12:22:50.3903487Z /usr/bin/tar: ../../../../../usr/local/lib/android/sdk/platforms/android-34-ext11/data/res/values-mcc310-mnc380-es-rUS: Cannot utime: Operation not permitted
build	Cache Android SDK	2026-06-06T12:22:50.3904791Z /usr/bin/tar: ../../../../../usr/local/lib/android/sdk/platforms/android-34-ext11/data/res/values-mcc310-mnc380-es-rUS: Cannot change mode to rwxr-xr-x: Operation not permitted
build	Cache Android SDK	2026-06-06T12:22:50.3906808Z /usr/bin/tar: ../../../../../usr/local/lib/android/sdk/platforms/android-34-ext11/data/res/values-hu-watch: Cannot utime: Operation not permitted
build	Cache Android SDK	2026-06-06T12:22:50.3908765Z /usr/bin/tar: ../../../../../usr/local/lib/android/sdk/platforms/android-34-ext11/data/res/values-hu-watch: Cannot change mode to rwxr-xr-x: Operation not permitted
build	Cache Android SDK	2026-06-06T12:22:50.3910261Z /usr/bin/tar: ../../../../../usr/local/lib/android/sdk/platforms/android-34-ext11/data/res/values-mcc311-mnc180-et: Cannot utime: Operation not permitted
build	Cache Android SDK	2026-06-06T12:22:50.3911880Z /usr/bin/tar: ../../../../../usr/local/lib/android/sdk/platforms/android-34-ext11/data/res/values-mcc311-mnc180-et: Cannot change mode to rwxr-xr-x: Operation not permitted
build	Cache Android SDK	2026-06-06T12:22:50.3913455Z /usr/bin/tar: ../../../../../usr/local/lib/android/sdk/platforms/android-34-ext11/data/res/values-mcc310-mnc800-my: Cannot utime: Operation not permitted
build	Cache Android SDK	2026-06-06T12:22:50.3914668Z /usr/bin/tar: ../../../../../usr/local/lib/android/sdk/platforms/android-34-ext11/data/res/values-mcc310-mnc800-my: Cannot change mode to rwxr-xr-x: Operation not permitted
build	Cache Android SDK	2026-06-06T12:22:50.3917163Z /usr/bin/tar: ../../../../../usr/local/lib/android/sdk/platforms/android-34-ext11/data/res/values-mcc310-mnc150-pl: Cannot utime: Operation not permitted
build	Cache Android SDK	2026-06-06T12:22:50.3919276Z /usr/bin/tar: ../../../../../usr/local/lib/android/sdk/platforms/android-34-ext11/data/res/values-mcc310-mnc150-pl: Cannot change mode to rwxr-xr-x: Operation not permitted
build	Cache Android SDK	2026-06-06T12:22:50.3920511Z /usr/bin/tar: ../../../../../usr/local/lib/android/sdk/platforms/android-34-ext11/data/res/values-mcc302-mnc370-ja: Cannot utime: Operation not permitted
build	Cache Android SDK	2026-06-06T12:22:50.3921791Z /usr/bin/tar: ../../../../../usr/local/lib/android/sdk/platforms/android-34-ext11/data/res/values-mcc302-mnc370-ja: Cannot change mode to rwxr-xr-x: Operation not permitted
build	Cache Android SDK	2026-06-06T12:22:50.3923649Z /usr/bin/tar: ../../../../../usr/local/lib/android/sdk/platforms/android-34-ext11/data/res/values-mcc302-mnc370-my: Cannot utime: Operation not permitted
build	Cache Android SDK	2026-06-06T12:22:50.3924901Z /usr/bin/tar: ../../../../../usr/local/lib/android/sdk/platforms/android-34-ext11/data/res/values-mcc302-mnc370-my: Cannot change mode to rwxr-xr-x: Operation not permitted
build	Cache Android SDK	2026-06-06T12:22:50.3932514Z /usr/bin/tar: ../../../../../usr/local/lib/android/sdk/platforms/android-34-ext11/data/res/drawable-sw600dp-xhdpi: Cannot utime: Operation not permitted
build	Cache Android SDK	2026-06-06T12:22:50.3934860Z /usr/bin/tar: ../../../../../usr/local/lib/android/sdk/platforms/android-34-ext11/data/res/drawable-sw600dp-xhdpi: Cannot change mode to rwxr-xr-x: Operation not permitted
build	Cache Android SDK	2026-06-06T12:22:50.3936918Z /usr/bin/tar: ../../../../../usr/local/lib/android/sdk/platforms/android-34-ext11/data/res/values-mcc510-mnc89: Cannot utime: Operation not permitted
build	Cache Android SDK	2026-06-06T12:22:50.3938856Z /usr/bin/tar: ../../../../../usr/local/lib/android/sdk/platforms/android-34-ext11/data/res/values-mcc510-mnc89: Cannot change mode to rwxr-xr-x: Operation not permitted
build	Cache Android SDK	2026-06-06T12:22:50.3940261Z /usr/bin/tar: ../../../../../usr/local/lib/android/sdk/platforms/android-34-ext11/data/res/values-mcc313-mnc100-gl: Cannot utime: Operation not permitted
build	Cache Android SDK	2026-06-06T12:22:50.3942559Z /usr/bin/tar: ../../../../../usr/local/lib/android/sdk/platforms/android-34-ext11/data/res/values-mcc313-mnc100-gl: Cannot change mode to rwxr-xr-x: Operation not permitted
build	Cache Android SDK	2026-06-06T12:22:50.3944503Z /usr/bin/tar: ../../../../../usr/local/lib/android/sdk/platforms/android-34-ext11/data/res/values-mcc310-mnc490-da: Cannot utime: Operation not permitted
build	Cache Android SDK	2026-06-06T12:22:50.3946228Z /usr/bin/tar: ../../../../../usr/local/lib/android/sdk/platforms/android-34-ext11/data/res/values-mcc310-mnc490-da: Cannot change mode to rwxr-xr-x: Operation not permitted
build	Cache Android SDK	2026-06-06T12:22:50.3948020Z /usr/bin/tar: ../../../../../usr/local/lib/android/sdk/platforms/android-34-ext11/data/res/values-mcc310-mnc240-uz: Cannot utime: Operation not permitted
build	Cache Android SDK	2026-06-06T12:22:50.3950105Z /usr/bin/tar: ../../../../../usr/local/lib/android/sdk/platforms/android-34-ext11/data/res/values-mcc310-mnc240-uz: Cannot change mode to rwxr-xr-x: Operation not permitted
build	Cache Android SDK	2026-06-06T12:22:50.3951954Z /usr/bin/tar: ../../../../../usr/local/lib/android/sdk/platforms/android-34-ext11/data/res/values-mcc310-mnc170-ky: Cannot utime: Operation not permitted
build	Cache Android SDK	2026-06-06T12:22:50.3954302Z /usr/bin/tar: ../../../../../usr/local/lib/android/sdk/platforms/android-34-ext11/data/res/values-mcc310-mnc170-ky: Cannot change mode to rwxr-xr-x: Operation not permitted
build	Cache Android SDK	2026-06-06T12:22:50.3956120Z /usr/bin/tar: ../../../../../usr/local/lib/android/sdk/platforms/android-34-ext11/data/res/values-mcc310-mnc950-az: Cannot utime: Operation not permitted
build	Cache Android SDK	2026-06-06T12:22:50.3958198Z /usr/bin/tar: ../../../../../usr/local/lib/android/sdk/platforms/android-34-ext11/data/res/values-mcc310-mnc950-az: Cannot change mode to rwxr-xr-x: Operation not permitted
build	Cache Android SDK	2026-06-06T12:22:50.3959398Z /usr/bin/tar: ../../../../../usr/local/lib/android/sdk/platforms/android-34-ext11/data/res/values-mcc310-mnc220-zh-rTW: Cannot utime: Operation not permitted
build	Cache Android SDK	2026-06-06T12:22:50.3960938Z /usr/bin/tar: ../../../../../usr/local/lib/android/sdk/platforms/android-34-ext11/data/res/values-mcc310-mnc220-zh-rTW: Cannot change mode to rwxr-xr-x: Operation not permitted
build	Cache Android SDK	2026-06-06T12:22:50.3962270Z /usr/bin/tar: ../../../../../usr/local/lib/android/sdk/platforms/android-34-ext11/data/res/values-mcc310-mnc150-ky: Cannot utime: Operation not permitted
build	Cache Android SDK	2026-06-06T12:22:50.3963755Z /usr/bin/tar: ../../../../../usr/local/lib/android/sdk/platforms/android-34-ext11/data/res/values-mcc310-mnc150-ky: Cannot change mode to rwxr-xr-x: Operation not permitted
build	Cache Android SDK	2026-06-06T12:22:50.3965250Z /usr/bin/tar: ../../../../../usr/local/lib/android/sdk/platforms/android-34-ext11/data/res/values-mcc310-mnc950-hi: Cannot utime: Operation not permitted
build	Cache Android SDK	2026-06-06T12:22:50.3966502Z /usr/bin/tar: ../../../../../usr/local/lib/android/sdk/platforms/android-34-ext11/data/res/values-mcc310-mnc950-hi: Cannot change mode to rwxr-xr-x: Operation not permitted
build	Cache Android SDK	2026-06-06T12:22:50.3968509Z /usr/bin/tar: ../../../../../usr/local/lib/android/sdk/platforms/android-34-ext11/data/res/values-mcc310-mnc250-th: Cannot utime: Operation not permitted
build	Cache Android SDK	2026-06-06T12:22:50.3969819Z /usr/bin/tar: ../../../../../usr/local/lib/android/sdk/platforms/android-34-ext11/data/res/values-mcc310-mnc250-th: Cannot change mode to rwxr-xr-x: Operation not permitted
build	Cache Android SDK	2026-06-06T12:22:50.3973001Z /usr/bin/tar: ../../../../../usr/local/lib/android/sdk/platforms/android-34-ext11/data/res/values-round-watch: Cannot utime: Operation not permitted
build	Cache Android SDK	2026-06-06T12:22:50.3974461Z /usr/bin/tar: ../../../../../usr/local/lib/android/sdk/platforms/android-34-ext11/data/res/values-round-watch: Cannot change mode to rwxr-xr-x: Operation not permitted
build	Cache Android SDK	2026-06-06T12:22:50.3976261Z /usr/bin/tar: ../../../../../usr/local/lib/android/sdk/platforms/android-34-ext11/data/res/values-mcc310-mnc160-te: Cannot utime: Operation not permitted
build	Cache Android SDK	2026-06-06T12:22:50.3977531Z /usr/bin/tar: ../../../../../usr/local/lib/android/sdk/platforms/android-34-ext11/data/res/values-mcc310-mnc160-te: Cannot change mode to rwxr-xr-x: Operation not permitted
build	Cache Android SDK	2026-06-06T12:22:50.3980965Z /usr/bin/tar: ../../../../../usr/local/lib/android/sdk/platforms/android-34-ext11/data/res/color-watch: Cannot utime: Operation not permitted
build	Cache Android SDK	2026-06-06T12:22:50.3982503Z /usr/bin/tar: ../../../../../usr/local/lib/android/sdk/platforms/android-34-ext11/data/res/color-watch: Cannot change mode to rwxr-xr-x: Operation not permitted
build	Cache Android SDK	2026-06-06T12:22:50.3984173Z /usr/bin/tar: ../../../../../usr/local/lib/android/sdk/platforms/android-34-ext11/data/res/values-mcc310-mnc950-mr: Cannot utime: Operation not permitted
build	Cache Android SDK	2026-06-06T12:22:50.3985171Z /usr/bin/tar: ../../../../../usr/local/lib/android/sdk/platforms/android-34-ext11/data/res/values-mcc310-mnc950-mr: Cannot change mode to rwxr-xr-x: Operation not permitted
build	Cache Android SDK	2026-06-06T12:22:50.3987283Z /usr/bin/tar: ../../../../../usr/local/lib/android/sdk/platforms/android-34-ext11/data/res/values-mcc312-mnc670-is: Cannot utime: Operation not permitted
build	Cache Android SDK	2026-06-06T12:22:50.3988889Z /usr/bin/tar: ../../../../../usr/local/lib/android/sdk/platforms/android-34-ext11/data/res/values-mcc312-mnc670-is: Cannot change mode to rwxr-xr-x: Operation not permitted
build	Cache Android SDK	2026-06-06T12:22:50.3990956Z /usr/bin/tar: ../../../../../usr/local/lib/android/sdk/platforms/android-34-ext11/data/res/values-mcc310-mnc030-it: Cannot utime: Operation not permitted
build	Cache Android SDK	2026-06-06T12:22:50.3992587Z /usr/bin/tar: ../../../../../usr/local/lib/android/sdk/platforms/android-34-ext11/data/res/values-mcc310-mnc030-it: Cannot change mode to rwxr-xr-x: Operation not permitted
build	Cache Android SDK	2026-06-06T12:22:50.3994129Z /usr/bin/tar: ../../../../../usr/local/lib/android/sdk/platforms/android-34-ext11/data/res/values-mcc313-mnc100-ky: Cannot utime: Operation not permitted
build	Cache Android SDK	2026-06-06T12:22:50.3995785Z /usr/bin/tar: ../../../../../usr/local/lib/android/sdk/platforms/android-34-ext11/data/res/values-mcc313-mnc100-ky: Cannot change mode to rwxr-xr-x: Operation not permitted
build	Cache Android SDK	2026-06-06T12:22:50.3997177Z /usr/bin/tar: ../../../../../usr/local/lib/android/sdk/platforms/android-34-ext11/data/res/values-mcc311-mnc180-en-rAU: Cannot utime: Operation not permitted
build	Cache Android SDK	2026-06-06T12:22:50.3998749Z /usr/bin/tar: ../../../../../usr/local/lib/android/sdk/platforms/android-34-ext11/data/res/values-mcc311-mnc180-en-rAU: Cannot change mode to rwxr-xr-x: Operation not permitted
build	Cache Android SDK	2026-06-06T12:22:50.4000403Z /usr/bin/tar: ../../../../../usr/local/lib/android/sdk/platforms/android-34-ext11/data/res/values-mcc310-mnc490-sr: Cannot utime: Operation not permitted
build	Cache Android SDK	2026-06-06T12:22:50.4001776Z /usr/bin/tar: ../../../../../usr/local/lib/android/sdk/platforms/android-34-ext11/data/res/values-mcc310-mnc490-sr: Cannot change mode to rwxr-xr-x: Operation not permitted
build	Cache Android SDK	2026-06-06T12:22:50.4003903Z /usr/bin/tar: ../../../../../usr/local/lib/android/sdk/platforms/android-34-ext11/data/res/values-mcc310-mnc560-uz: Cannot utime: Operation not permitted
build	Cache Android SDK	2026-06-06T12:22:50.4005175Z /usr/bin/tar: ../../../../../usr/local/lib/android/sdk/platforms/android-34-ext11/data/res/values-mcc310-mnc560-uz: Cannot change mode to rwxr-xr-x: Operation not permitted
build	Cache Android SDK	2026-06-06T12:22:50.4008442Z /usr/bin/tar: ../../../../../usr/local/lib/android/sdk/platforms/android-34-ext11/data/res/values-mcc310-mnc490-sw: Cannot utime: Operation not permitted
build	Cache Android SDK	2026-06-06T12:22:50.4010134Z /usr/bin/tar: ../../../../../usr/local/lib/android/sdk/platforms/android-34-ext11/data/res/values-mcc310-mnc490-sw: Cannot change mode to rwxr-xr-x: Operation not permitted
build	Cache Android SDK	2026-06-06T12:22:50.4012111Z /usr/bin/tar: ../../../../../usr/local/lib/android/sdk/platforms/android-34-ext11/data/res/values-mcc302-mnc370-is: Cannot utime: Operation not permitted
build	Cache Android SDK	2026-06-06T12:22:50.4013718Z /usr/bin/tar: ../../../../../usr/local/lib/android/sdk/platforms/android-34-ext11/data/res/values-mcc302-mnc370-is: Cannot change mode to rwxr-xr-x: Operation not permitted
build	Cache Android SDK	2026-06-06T12:22:50.4015425Z /usr/bin/tar: ../../../../../usr/local/lib/android/sdk/platforms/android-34-ext11/data/res/values-mcc302-mnc610: Cannot utime: Operation not permitted
build	Cache Android SDK	2026-06-06T12:22:50.4017111Z /usr/bin/tar: ../../../../../usr/local/lib/android/sdk/platforms/android-34-ext11/data/res/values-mcc302-mnc610: Cannot change mode to rwxr-xr-x: Operation not permitted
build	Cache Android SDK	2026-06-06T12:22:50.4019189Z /usr/bin/tar: ../../../../../usr/local/lib/android/sdk/platforms/android-34-ext11/data/res/values-mcc310-mnc800-el: Cannot utime: Operation not permitted
build	Cache Android SDK	2026-06-06T12:22:50.4020522Z /usr/bin/tar: ../../../../../usr/local/lib/android/sdk/platforms/android-34-ext11/data/res/values-mcc310-mnc800-el: Cannot change mode to rwxr-xr-x: Operation not permitted
build	Cache Android SDK	2026-06-06T12:22:50.4022498Z /usr/bin/tar: ../../../../../usr/local/lib/android/sdk/platforms/android-34-ext11/data/res/values-mcc302-mnc720-gl: Cannot utime: Operation not permitted
build	Cache Android SDK	2026-06-06T12:22:50.4023933Z /usr/bin/tar: ../../../../../usr/local/lib/android/sdk/platforms/android-34-ext11/data/res/values-mcc302-mnc720-gl: Cannot change mode to rwxr-xr-x: Operation not permitted
build	Cache Android SDK	2026-06-06T12:22:50.4025797Z /usr/bin/tar: ../../../../../usr/local/lib/android/sdk/platforms/android-34-ext11/data/res/values-nl-television: Cannot utime: Operation not permitted
build	Cache Android SDK	2026-06-06T12:22:50.4027142Z /usr/bin/tar: ../../../../../usr/local/lib/android/sdk/platforms/android-34-ext11/data/res/values-nl-television: Cannot change mode to rwxr-xr-x: Operation not permitted
build	Cache Android SDK	2026-06-06T12:22:50.4030058Z /usr/bin/tar: ../../../../../usr/local/lib/android/sdk/platforms/android-34-ext11/data/res/values-mcc334-mnc020-mk: Cannot utime: Operation not permitted
build	Cache Android SDK	2026-06-06T12:22:50.4032104Z /usr/bin/tar: ../../../../../usr/local/lib/android/sdk/platforms/android-34-ext11/data/res/values-mcc334-mnc020-mk: Cannot change mode to rwxr-xr-x: Operation not permitted
build	Cache Android SDK	2026-06-06T12:22:50.4033840Z /usr/bin/tar: ../../../../../usr/local/lib/android/sdk/platforms/android-34-ext11/data/res/values-mcc310-mnc950-de: Cannot utime: Operation not permitted
build	Cache Android SDK	2026-06-06T12:22:50.4036010Z /usr/bin/tar: ../../../../../usr/local/lib/android/sdk/platforms/android-34-ext11/data/res/values-mcc310-mnc950-de: Cannot change mode to rwxr-xr-x: Operation not permitted
build	Cache Android SDK	2026-06-06T12:22:50.4037932Z /usr/bin/tar: ../../../../../usr/local/lib/android/sdk/platforms/android-34-ext11/data/res/values-mcc310-mnc270-lt: Cannot utime: Operation not permitted
build	Cache Android SDK	2026-06-06T12:22:50.4038952Z /usr/bin/tar: ../../../../../usr/local/lib/android/sdk/platforms/android-34-ext11/data/res/values-mcc310-mnc270-lt: Cannot change mode to rwxr-xr-x: Operation not permitted
build	Cache Android SDK	2026-06-06T12:22:50.4040480Z /usr/bin/tar: ../../../../../usr/local/lib/android/sdk/platforms/android-34-ext11/data/res/values-mcc310-mnc410-sk: Cannot utime: Operation not permitted
build	Cache Android SDK	2026-06-06T12:22:50.4041947Z /usr/bin/tar: ../../../../../usr/local/lib/android/sdk/platforms/android-34-ext11/data/res/values-mcc310-mnc410-sk: Cannot change mode to rwxr-xr-x: Operation not permitted
build	Cache Android SDK	2026-06-06T12:22:50.4043796Z /usr/bin/tar: ../../../../../usr/local/lib/android/sdk/platforms/android-34-ext11/data/res/values-mcc001-mnc01-sq: Cannot utime: Operation not permitted
build	Cache Android SDK	2026-06-06T12:22:50.4045013Z /usr/bin/tar: ../../../../../usr/local/lib/android/sdk/platforms/android-34-ext11/data/res/values-mcc001-mnc01-sq: Cannot change mode to rwxr-xr-x: Operation not permitted
build	Cache Android SDK	2026-06-06T12:22:50.4046876Z /usr/bin/tar: ../../../../../usr/local/lib/android/sdk/platforms/android-34-ext11/data/res/values-mcc310-mnc230-sl: Cannot utime: Operation not permitted
build	Cache Android SDK	2026-06-06T12:22:50.4048337Z /usr/bin/tar: ../../../../../usr/local/lib/android/sdk/platforms/android-34-ext11/data/res/values-mcc310-mnc230-sl: Cannot change mode to rwxr-xr-x: Operation not permitted
build	Cache Android SDK	2026-06-06T12:22:50.4050428Z /usr/bin/tar: ../../../../../usr/local/lib/android/sdk/platforms/android-34-ext11/data/res/values-mcc310-mnc240-en-rIN: Cannot utime: Operation not permitted
build	Cache Android SDK	2026-06-06T12:22:50.4051946Z /usr/bin/tar: ../../../../../usr/local/lib/android/sdk/platforms/android-34-ext11/data/res/values-mcc310-mnc240-en-rIN: Cannot change mode to rwxr-xr-x: Operation not permitted
build	Cache Android SDK	2026-06-06T12:22:50.4054384Z /usr/bin/tar: ../../../../../usr/local/lib/android/sdk/platforms/android-34-ext11/data/res/values-mcc310-mnc560-my: Cannot utime: Operation not permitted
build	Cache Android SDK	2026-06-06T12:22:50.4055806Z /usr/bin/tar: ../../../../../usr/local/lib/android/sdk/platforms/android-34-ext11/data/res/values-mcc310-mnc560-my: Cannot change mode to rwxr-xr-x: Operation not permitted
build	Cache Android SDK	2026-06-06T12:22:50.4057876Z /usr/bin/tar: ../../../../../usr/local/lib/android/sdk/platforms/android-34-ext11/data/res/values-mcc001-mnc01-ca: Cannot utime: Operation not permitted
build	Cache Android SDK	2026-06-06T12:22:50.4059082Z /usr/bin/tar: ../../../../../usr/local/lib/android/sdk/platforms/android-34-ext11/data/res/values-mcc001-mnc01-ca: Cannot change mode to rwxr-xr-x: Operation not permitted
build	Cache Android SDK	2026-06-06T12:22:50.4061503Z /usr/bin/tar: ../../../../../usr/local/lib/android/sdk/platforms/android-34-ext11/data/res/values-mcc310-mnc220-be: Cannot utime: Operation not permitted
build	Cache Android SDK	2026-06-06T12:22:50.4062741Z /usr/bin/tar: ../../../../../usr/local/lib/android/sdk/platforms/android-34-ext11/data/res/values-mcc310-mnc220-be: Cannot change mode to rwxr-xr-x: Operation not permitted
build	Cache Android SDK	2026-06-06T12:22:50.4065719Z /usr/bin/tar: ../../../../../usr/local/lib/android/sdk/platforms/android-34-ext11/data/res/values-mcc334-mnc020-fi: Cannot utime: Operation not permitted
build	Cache Android SDK	2026-06-06T12:22:50.4067512Z /usr/bin/tar: ../../../../../usr/local/lib/android/sdk/platforms/android-34-ext11/data/res/values-mcc334-mnc020-fi: Cannot change mode to rwxr-xr-x: Operation not permitted
build	Cache Android SDK	2026-06-06T12:22:50.4069288Z /usr/bin/tar: ../../../../../usr/local/lib/android/sdk/platforms/android-34-ext11/data/res/values-mcc302-mnc370-kk: Cannot utime: Operation not permitted
build	Cache Android SDK	2026-06-06T12:22:50.4070406Z /usr/bin/tar: ../../../../../usr/local/lib/android/sdk/platforms/android-34-ext11/data/res/values-mcc302-mnc370-kk: Cannot change mode to rwxr-xr-x: Operation not permitted
build	Cache Android SDK	2026-06-06T12:22:50.4073227Z /usr/bin/tar: ../../../../../usr/local/lib/android/sdk/platforms/android-34-ext11/data/res/values-mcc311-mnc180-kk: Cannot utime: Operation not permitted
build	Cache Android SDK	2026-06-06T12:22:50.4075243Z /usr/bin/tar: ../../../../../usr/local/lib/android/sdk/platforms/android-34-ext11/data/res/values-mcc311-mnc180-kk: Cannot change mode to rwxr-xr-x: Operation not permitted
build	Cache Android SDK	2026-06-06T12:22:50.4076927Z /usr/bin/tar: ../../../../../usr/local/lib/android/sdk/platforms/android-34-ext11/data/res/values-pt-rPT-television: Cannot utime: Operation not permitted
build	Cache Android SDK	2026-06-06T12:22:50.4079116Z /usr/bin/tar: ../../../../../usr/local/lib/android/sdk/platforms/android-34-ext11/data/res/values-pt-rPT-television: Cannot change mode to rwxr-xr-x: Operation not permitted
build	Cache Android SDK	2026-06-06T12:22:50.4080523Z /usr/bin/tar: ../../../../../usr/local/lib/android/sdk/platforms/android-34-ext11/data/res/values-mcc302-mnc720-ur: Cannot utime: Operation not permitted
build	Cache Android SDK	2026-06-06T12:22:50.4081971Z /usr/bin/tar: ../../../../../usr/local/lib/android/sdk/platforms/android-34-ext11/data/res/values-mcc302-mnc720-ur: Cannot change mode to rwxr-xr-x: Operation not permitted
build	Cache Android SDK	2026-06-06T12:22:50.4421217Z /usr/bin/tar: ../../../../../usr/local/lib/android/sdk/platforms/android-34-ext11/data/res/drawable-xxhdpi: Cannot utime: Operation not permitted
build	Cache Android SDK	2026-06-06T12:22:50.4422752Z /usr/bin/tar: ../../../../../usr/local/lib/android/sdk/platforms/android-34-ext11/data/res/drawable-xxhdpi: Cannot change mode to rwxr-xr-x: Operation not permitted
build	Cache Android SDK	2026-06-06T12:22:50.4423714Z /usr/bin/tar: ../../../../../usr/local/lib/android/sdk/platforms/android-34-ext11/data/res/values-mcc310-mnc380-th: Cannot utime: Operation not permitted
build	Cache Android SDK	2026-06-06T12:22:50.4424969Z /usr/bin/tar: ../../../../../usr/local/lib/android/sdk/platforms/android-34-ext11/data/res/values-mcc310-mnc380-th: Cannot change mode to rwxr-xr-x: Operation not permitted
build	Cache Android SDK	2026-06-06T12:22:50.4426281Z /usr/bin/tar: ../../../../../usr/local/lib/android/sdk/platforms/android-34-ext11/data/res/values-mcc310-mnc380-en-rXC: Cannot utime: Operation not permitted
build	Cache Android SDK	2026-06-06T12:22:50.4427314Z /usr/bin/tar: ../../../../../usr/local/lib/android/sdk/platforms/android-34-ext11/data/res/values-mcc310-mnc380-en-rXC: Cannot change mode to rwxr-xr-x: Operation not permitted
build	Cache Android SDK	2026-06-06T12:22:50.4428699Z /usr/bin/tar: ../../../../../usr/local/lib/android/sdk/platforms/android-34-ext11/data/res/values-mcc310-mnc410-es: Cannot utime: Operation not permitted
build	Cache Android SDK	2026-06-06T12:22:50.4429782Z /usr/bin/tar: ../../../../../usr/local/lib/android/sdk/platforms/android-34-ext11/data/res/values-mcc310-mnc410-es: Cannot change mode to rwxr-xr-x: Operation not permitted
build	Cache Android SDK	2026-06-06T12:22:50.4433503Z /usr/bin/tar: ../../../../../usr/local/lib/android/sdk/platforms/android-34-ext11/data/res/values-mcc310-mnc660-pt-rBR: Cannot utime: Operation not permitted
build	Cache Android SDK	2026-06-06T12:22:50.4434497Z /usr/bin/tar: ../../../../../usr/local/lib/android/sdk/platforms/android-34-ext11/data/res/values-mcc310-mnc660-pt-rBR: Cannot change mode to rwxr-xr-x: Operation not permitted
build	Cache Android SDK	2026-06-06T12:22:50.4436044Z /usr/bin/tar: ../../../../../usr/local/lib/android/sdk/platforms/android-34-ext11/data/res/values-mcc310-mnc250-ka: Cannot utime: Operation not permitted
build	Cache Android SDK	2026-06-06T12:22:50.4437007Z /usr/bin/tar: ../../../../../usr/local/lib/android/sdk/platforms/android-34-ext11/data/res/values-mcc310-mnc250-ka: Cannot change mode to rwxr-xr-x: Operation not permitted
build	Cache Android SDK	2026-06-06T12:22:50.4439574Z /usr/bin/tar: ../../../../../usr/local/lib/android/sdk/platforms/android-34-ext11/data/res/values-mcc310-mnc800-lt: Cannot utime: Operation not permitted
build	Cache Android SDK	2026-06-06T12:22:50.4440914Z /usr/bin/tar: ../../../../../usr/local/lib/android/sdk/platforms/android-34-ext11/data/res/values-mcc310-mnc800-lt: Cannot change mode to rwxr-xr-x: Operation not permitted
build	Cache Android SDK	2026-06-06T12:22:50.4442227Z /usr/bin/tar: ../../../../../usr/local/lib/android/sdk/platforms/android-34-ext11/data/res/values-my-watch: Cannot utime: Operation not permitted
build	Cache Android SDK	2026-06-06T12:22:50.4443140Z /usr/bin/tar: ../../../../../usr/local/lib/android/sdk/platforms/android-34-ext11/data/res/values-my-watch: Cannot change mode to rwxr-xr-x: Operation not permitted
build	Cache Android SDK	2026-06-06T12:22:50.4444629Z /usr/bin/tar: ../../../../../usr/local/lib/android/sdk/platforms/android-34-ext11/data/res/values-mcc310-mnc950-sl: Cannot utime: Operation not permitted
build	Cache Android SDK	2026-06-06T12:22:50.4445679Z /usr/bin/tar: ../../../../../usr/local/lib/android/sdk/platforms/android-34-ext11/data/res/values-mcc310-mnc950-sl: Cannot change mode to rwxr-xr-x: Operation not permitted
build	Cache Android SDK	2026-06-06T12:22:50.4451038Z /usr/bin/tar: ../../../../../usr/local/lib/android/sdk/platforms/android-34-ext11/data/res/values-uz: Cannot utime: Operation not permitted
build	Cache Android SDK	2026-06-06T12:22:50.4451952Z /usr/bin/tar: ../../../../../usr/local/lib/android/sdk/platforms/android-34-ext11/data/res/values-uz: Cannot change mode to rwxr-xr-x: Operation not permitted
build	Cache Android SDK	2026-06-06T12:22:50.4453392Z /usr/bin/tar: ../../../../../usr/local/lib/android/sdk/platforms/android-34-ext11/data/res/values-mcc310-mnc380-mr: Cannot utime: Operation not permitted
build	Cache Android SDK	2026-06-06T12:22:50.4454865Z /usr/bin/tar: ../../../../../usr/local/lib/android/sdk/platforms/android-34-ext11/data/res/values-mcc310-mnc380-mr: Cannot change mode to rwxr-xr-x: Operation not permitted
build	Cache Android SDK	2026-06-06T12:22:50.4456577Z /usr/bin/tar: ../../../../../usr/local/lib/android/sdk/platforms/android-34-ext11/data/res/values-mcc310-mnc160-kk: Cannot utime: Operation not permitted
build	Cache Android SDK	2026-06-06T12:22:50.4458415Z /usr/bin/tar: ../../../../../usr/local/lib/android/sdk/platforms/android-34-ext11/data/res/values-mcc310-mnc160-kk: Cannot change mode to rwxr-xr-x: Operation not permitted
build	Cache Android SDK	2026-06-06T12:22:50.4459865Z /usr/bin/tar: ../../../../../usr/local/lib/android/sdk/platforms/android-34-ext11/data/res/values-mcc310-mnc240-is: Cannot utime: Operation not permitted
build	Cache Android SDK	2026-06-06T12:22:50.4460846Z /usr/bin/tar: ../../../../../usr/local/lib/android/sdk/platforms/android-34-ext11/data/res/values-mcc310-mnc240-is: Cannot change mode to rwxr-xr-x: Operation not permitted
build	Cache Android SDK	2026-06-06T12:22:50.4463372Z /usr/bin/tar: ../../../../../usr/local/lib/android/sdk/platforms/android-34-ext11/data/res/values-mcc313-mnc100: Cannot utime: Operation not permitted
build	Cache Android SDK	2026-06-06T12:22:50.4464463Z /usr/bin/tar: ../../../../../usr/local/lib/android/sdk/platforms/android-34-ext11/data/res/values-mcc313-mnc100: Cannot change mode to rwxr-xr-x: Operation not permitted
build	Cache Android SDK	2026-06-06T12:22:50.4466242Z /usr/bin/tar: ../../../../../usr/local/lib/android/sdk/platforms/android-34-ext11/data/res/values-mcc313-mnc100-mk: Cannot utime: Operation not permitted
build	Cache Android SDK	2026-06-06T12:22:50.4467280Z /usr/bin/tar: ../../../../../usr/local/lib/android/sdk/platforms/android-34-ext11/data/res/values-mcc313-mnc100-mk: Cannot change mode to rwxr-xr-x: Operation not permitted
build	Cache Android SDK	2026-06-06T12:22:50.4469807Z /usr/bin/tar: ../../../../../usr/local/lib/android/sdk/platforms/android-34-ext11/data/res/values-mcc310-mnc030-bg: Cannot utime: Operation not permitted
build	Cache Android SDK	2026-06-06T12:22:50.4470890Z /usr/bin/tar: ../../../../../usr/local/lib/android/sdk/platforms/android-34-ext11/data/res/values-mcc310-mnc030-bg: Cannot change mode to rwxr-xr-x: Operation not permitted
build	Cache Android SDK	2026-06-06T12:22:50.4472834Z /usr/bin/tar: ../../../../../usr/local/lib/android/sdk/platforms/android-34-ext11/data/res/values-hi-watch: Cannot utime: Operation not permitted
build	Cache Android SDK	2026-06-06T12:22:50.4473826Z /usr/bin/tar: ../../../../../usr/local/lib/android/sdk/platforms/android-34-ext11/data/res/values-hi-watch: Cannot change mode to rwxr-xr-x: Operation not permitted
build	Cache Android SDK	2026-06-06T12:22:50.4476373Z /usr/bin/tar: ../../../../../usr/local/lib/android/sdk/platforms/android-34-ext11/data/res/values-mcc310-mnc160-ru: Cannot utime: Operation not permitted
build	Cache Android SDK	2026-06-06T12:22:50.4477741Z /usr/bin/tar: ../../../../../usr/local/lib/android/sdk/platforms/android-34-ext11/data/res/values-mcc310-mnc160-ru: Cannot change mode to rwxr-xr-x: Operation not permitted
build	Cache Android SDK	2026-06-06T12:22:50.4480699Z /usr/bin/tar: ../../../../../usr/local/lib/android/sdk/platforms/android-34-ext11/data/res/values-mcc310-mnc240-km: Cannot utime: Operation not permitted
build	Cache Android SDK	2026-06-06T12:22:50.4481828Z /usr/bin/tar: ../../../../../usr/local/lib/android/sdk/platforms/android-34-ext11/data/res/values-mcc310-mnc240-km: Cannot change mode to rwxr-xr-x: Operation not permitted
build	Cache Android SDK	2026-06-06T12:22:50.4483547Z /usr/bin/tar: ../../../../../usr/local/lib/android/sdk/platforms/android-34-ext11/data/res/values-mcc310-mnc270-ro: Cannot utime: Operation not permitted
build	Cache Android SDK	2026-06-06T12:22:50.4485308Z /usr/bin/tar: ../../../../../usr/local/lib/android/sdk/platforms/android-34-ext11/data/res/values-mcc310-mnc270-ro: Cannot change mode to rwxr-xr-x: Operation not permitted
build	Cache Android SDK	2026-06-06T12:22:50.4487017Z /usr/bin/tar: ../../../../../usr/local/lib/android/sdk/platforms/android-34-ext11/data/res/values-ko-television: Cannot utime: Operation not permitted
build	Cache Android SDK	2026-06-06T12:22:50.4488278Z /usr/bin/tar: ../../../../../usr/local/lib/android/sdk/platforms/android-34-ext11/data/res/values-ko-television: Cannot change mode to rwxr-xr-x: Operation not permitted
build	Cache Android SDK	2026-06-06T12:22:50.4491009Z /usr/bin/tar: ../../../../../usr/local/lib/android/sdk/platforms/android-34-ext11/data/res/values-mcc310-mnc230-ja: Cannot utime: Operation not permitted
build	Cache Android SDK	2026-06-06T12:22:50.4492235Z /usr/bin/tar: ../../../../../usr/local/lib/android/sdk/platforms/android-34-ext11/data/res/values-mcc310-mnc230-ja: Cannot change mode to rwxr-xr-x: Operation not permitted
build	Cache Android SDK	2026-06-06T12:22:50.4494310Z /usr/bin/tar: ../../../../../usr/local/lib/android/sdk/platforms/android-34-ext11/data/res/values-mcc312-mnc670-kk: Cannot utime: Operation not permitted
build	Cache Android SDK	2026-06-06T12:22:50.4495289Z /usr/bin/tar: ../../../../../usr/local/lib/android/sdk/platforms/android-34-ext11/data/res/values-mcc312-mnc670-kk: Cannot change mode to rwxr-xr-x: Operation not permitted
build	Cache Android SDK	2026-06-06T12:22:50.4497309Z /usr/bin/tar: ../../../../../usr/local/lib/android/sdk/platforms/android-34-ext11/data/res/values-sw360dp: Cannot utime: Operation not permitted
build	Cache Android SDK	2026-06-06T12:22:50.4498373Z /usr/bin/tar: ../../../../../usr/local/lib/android/sdk/platforms/android-34-ext11/data/res/values-sw360dp: Cannot change mode to rwxr-xr-x: Operation not permitted
build	Cache Android SDK	2026-06-06T12:22:50.4499881Z /usr/bin/tar: ../../../../../usr/local/lib/android/sdk/platforms/android-34-ext11/data/res/values-mcc310-mnc150-sw: Cannot utime: Operation not permitted
build	Cache Android SDK	2026-06-06T12:22:50.4500873Z /usr/bin/tar: ../../../../../usr/local/lib/android/sdk/platforms/android-34-ext11/data/res/values-mcc310-mnc150-sw: Cannot change mode to rwxr-xr-x: Operation not permitted
build	Cache Android SDK	2026-06-06T12:22:50.4506912Z /usr/bin/tar: ../../../../../usr/local/lib/android/sdk/platforms/android-34-ext11/data/res/values-ar: Cannot utime: Operation not permitted
build	Cache Android SDK	2026-06-06T12:22:50.4507958Z /usr/bin/tar: ../../../../../usr/local/lib/android/sdk/platforms/android-34-ext11/data/res/values-ar: Cannot change mode to rwxr-xr-x: Operation not permitted
build	Cache Android SDK	2026-06-06T12:22:50.4510691Z /usr/bin/tar: ../../../../../usr/local/lib/android/sdk/platforms/android-34-ext11/data/res/values-mcc310-mnc660-en-rAU: Cannot utime: Operation not permitted
build	Cache Android SDK	2026-06-06T12:22:50.4511758Z /usr/bin/tar: ../../../../../usr/local/lib/android/sdk/platforms/android-34-ext11/data/res/values-mcc310-mnc660-en-rAU: Cannot change mode to rwxr-xr-x: Operation not permitted
build	Cache Android SDK	2026-06-06T12:22:50.4513959Z /usr/bin/tar: ../../../../../usr/local/lib/android/sdk/platforms/android-34-ext11/data/res/values-mcc310-mnc230-sw: Cannot utime: Operation not permitted
build	Cache Android SDK	2026-06-06T12:22:50.4514973Z /usr/bin/tar: ../../../../../usr/local/lib/android/sdk/platforms/android-34-ext11/data/res/values-mcc310-mnc230-sw: Cannot change mode to rwxr-xr-x: Operation not permitted
build	Cache Android SDK	2026-06-06T12:22:50.4516643Z /usr/bin/tar: ../../../../../usr/local/lib/android/sdk/platforms/android-34-ext11/data/res/values-mcc310-mnc280-ky: Cannot utime: Operation not permitted
build	Cache Android SDK	2026-06-06T12:22:50.4517732Z /usr/bin/tar: ../../../../../usr/local/lib/android/sdk/platforms/android-34-ext11/data/res/values-mcc310-mnc280-ky: Cannot change mode to rwxr-xr-x: Operation not permitted
build	Cache Android SDK	2026-06-06T12:22:50.4520695Z /usr/bin/tar: ../../../../../usr/local/lib/android/sdk/platforms/android-34-ext11/data/res/values-mcc310-mnc490-mk: Cannot utime: Operation not permitted
build	Cache Android SDK	2026-06-06T12:22:50.4521669Z /usr/bin/tar: ../../../../../usr/local/lib/android/sdk/platforms/android-34-ext11/data/res/values-mcc310-mnc490-mk: Cannot change mode to rwxr-xr-x: Operation not permitted
build	Cache Android SDK	2026-06-06T12:22:50.4523421Z /usr/bin/tar: ../../../../../usr/local/lib/android/sdk/platforms/android-34-ext11/data/res/values-mcc310-mnc200-fr: Cannot utime: Operation not permitted
build	Cache Android SDK	2026-06-06T12:22:50.4524392Z /usr/bin/tar: ../../../../../usr/local/lib/android/sdk/platforms/android-34-ext11/data/res/values-mcc310-mnc200-fr: Cannot change mode to rwxr-xr-x: Operation not permitted
build	Cache Android SDK	2026-06-06T12:22:50.4526398Z /usr/bin/tar: ../../../../../usr/local/lib/android/sdk/platforms/android-34-ext11/data/res/values-mcc310-mnc150-fi: Cannot utime: Operation not permitted
build	Cache Android SDK	2026-06-06T12:22:50.4527455Z /usr/bin/tar: ../../../../../usr/local/lib/android/sdk/platforms/android-34-ext11/data/res/values-mcc310-mnc150-fi: Cannot change mode to rwxr-xr-x: Operation not permitted
build	Cache Android SDK	2026-06-06T12:22:50.4529533Z /usr/bin/tar: ../../../../../usr/local/lib/android/sdk/platforms/android-34-ext11/data/res/values-mcc310-mnc560-kk: Cannot utime: Operation not permitted
build	Cache Android SDK	2026-06-06T12:22:50.4530490Z /usr/bin/tar: ../../../../../usr/local/lib/android/sdk/platforms/android-34-ext11/data/res/values-mcc310-mnc560-kk: Cannot change mode to rwxr-xr-x: Operation not permitted
build	Cache Android SDK	2026-06-06T12:22:50.4532107Z /usr/bin/tar: ../../../../../usr/local/lib/android/sdk/platforms/android-34-ext11/data/res/values-mcc310-mnc220-nl: Cannot utime: Operation not permitted
build	Cache Android SDK	2026-06-06T12:22:50.4533061Z /usr/bin/tar: ../../../../../usr/local/lib/android/sdk/platforms/android-34-ext11/data/res/values-mcc310-mnc220-nl: Cannot change mode to rwxr-xr-x: Operation not permitted
build	Cache Android SDK	2026-06-06T12:22:50.4535724Z /usr/bin/tar: ../../../../../usr/local/lib/android/sdk/platforms/android-34-ext11/data/res/values-mcc310-mnc800-bn: Cannot utime: Operation not permitted
build	Cache Android SDK	2026-06-06T12:22:50.4536685Z /usr/bin/tar: ../../../../../usr/local/lib/android/sdk/platforms/android-34-ext11/data/res/values-mcc310-mnc800-bn: Cannot change mode to rwxr-xr-x: Operation not permitted
build	Cache Android SDK	2026-06-06T12:22:50.4538978Z /usr/bin/tar: ../../../../../usr/local/lib/android/sdk/platforms/android-34-ext11/data/res/values-mcc310-mnc950-pt-rPT: Cannot utime: Operation not permitted
build	Cache Android SDK	2026-06-06T12:22:50.4540091Z /usr/bin/tar: ../../../../../usr/local/lib/android/sdk/platforms/android-34-ext11/data/res/values-mcc310-mnc950-pt-rPT: Cannot change mode to rwxr-xr-x: Operation not permitted
build	Cache Android SDK	2026-06-06T12:22:50.4542284Z /usr/bin/tar: ../../../../../usr/local/lib/android/sdk/platforms/android-34-ext11/data/res/values-mcc001-mnc01-de: Cannot utime: Operation not permitted
build	Cache Android SDK	2026-06-06T12:22:50.4543253Z /usr/bin/tar: ../../../../../usr/local/lib/android/sdk/platforms/android-34-ext11/data/res/values-mcc001-mnc01-de: Cannot change mode to rwxr-xr-x: Operation not permitted
build	Cache Android SDK	2026-06-06T12:22:50.4546379Z /usr/bin/tar: ../../../../../usr/local/lib/android/sdk/platforms/android-34-ext11/data/res/values-mcc310-mnc210-nb: Cannot utime: Operation not permitted
build	Cache Android SDK	2026-06-06T12:22:50.4547339Z /usr/bin/tar: ../../../../../usr/local/lib/android/sdk/platforms/android-34-ext11/data/res/values-mcc310-mnc210-nb: Cannot change mode to rwxr-xr-x: Operation not permitted
build	Cache Android SDK	2026-06-06T12:22:50.4553430Z /usr/bin/tar: ../../../../../usr/local/lib/android/sdk/platforms/android-34-ext11/data/res/values-fa: Cannot utime: Operation not permitted
build	Cache Android SDK	2026-06-06T12:22:50.4554509Z /usr/bin/tar: ../../../../../usr/local/lib/android/sdk/platforms/android-34-ext11/data/res/values-fa: Cannot change mode to rwxr-xr-x: Operation not permitted
build	Cache Android SDK	2026-06-06T12:22:50.4556025Z /usr/bin/tar: ../../../../../usr/local/lib/android/sdk/platforms/android-34-ext11/data/res/values-mcc310-mnc380-ms: Cannot utime: Operation not permitted
build	Cache Android SDK	2026-06-06T12:22:50.4556987Z /usr/bin/tar: ../../../../../usr/local/lib/android/sdk/platforms/android-34-ext11/data/res/values-mcc310-mnc380-ms: Cannot change mode to rwxr-xr-x: Operation not permitted
build	Cache Android SDK	2026-06-06T12:22:50.4559817Z /usr/bin/tar: ../../../../../usr/local/lib/android/sdk/platforms/android-34-ext11/data/res/values-mcc310-mnc310-tl: Cannot utime: Operation not permitted
build	Cache Android SDK	2026-06-06T12:22:50.4560881Z /usr/bin/tar: ../../../../../usr/local/lib/android/sdk/platforms/android-34-ext11/data/res/values-mcc310-mnc310-tl: Cannot change mode to rwxr-xr-x: Operation not permitted
build	Cache Android SDK	2026-06-06T12:22:50.4563025Z /usr/bin/tar: ../../../../../usr/local/lib/android/sdk/platforms/android-34-ext11/data/res/xml-mdpi: Cannot utime: Operation not permitted
build	Cache Android SDK	2026-06-06T12:22:50.4563993Z /usr/bin/tar: ../../../../../usr/local/lib/android/sdk/platforms/android-34-ext11/data/res/xml-mdpi: Cannot change mode to rwxr-xr-x: Operation not permitted
build	Cache Android SDK	2026-06-06T12:22:50.4566412Z /usr/bin/tar: ../../../../../usr/local/lib/android/sdk/platforms/android-34-ext11/data/res/values-mcc310-mnc150-zh-rTW: Cannot utime: Operation not permitted
build	Cache Android SDK	2026-06-06T12:22:50.4567535Z /usr/bin/tar: ../../../../../usr/local/lib/android/sdk/platforms/android-34-ext11/data/res/values-mcc310-mnc150-zh-rTW: Cannot change mode to rwxr-xr-x: Operation not permitted
build	Cache Android SDK	2026-06-06T12:22:50.4569685Z /usr/bin/tar: ../../../../../usr/local/lib/android/sdk/platforms/android-34-ext11/data/res/values-mcc334-mnc020-zh-rHK: Cannot utime: Operation not permitted
build	Cache Android SDK	2026-06-06T12:22:50.4570795Z /usr/bin/tar: ../../../../../usr/local/lib/android/sdk/platforms/android-34-ext11/data/res/values-mcc334-mnc020-zh-rHK: Cannot change mode to rwxr-xr-x: Operation not permitted
build	Cache Android SDK	2026-06-06T12:22:50.4572562Z /usr/bin/tar: ../../../../../usr/local/lib/android/sdk/platforms/android-34-ext11/data/res/values-mcc310-mnc250-es-rUS: Cannot utime: Operation not permitted
build	Cache Android SDK	2026-06-06T12:22:50.4573553Z /usr/bin/tar: ../../../../../usr/local/lib/android/sdk/platforms/android-34-ext11/data/res/values-mcc310-mnc250-es-rUS: Cannot change mode to rwxr-xr-x: Operation not permitted
build	Cache Android SDK	2026-06-06T12:22:50.4575878Z /usr/bin/tar: ../../../../../usr/local/lib/android/sdk/platforms/android-34-ext11/data/res/values-mcc310-mnc800-uz: Cannot utime: Operation not permitted
build	Cache Android SDK	2026-06-06T12:22:50.4576954Z /usr/bin/tar: ../../../../../usr/local/lib/android/sdk/platforms/android-34-ext11/data/res/values-mcc310-mnc800-uz: Cannot change mode to rwxr-xr-x: Operation not permitted
build	Cache Android SDK	2026-06-06T12:22:50.4578879Z /usr/bin/tar: ../../../../../usr/local/lib/android/sdk/platforms/android-34-ext11/data/res/values-mcc310-mnc660-th: Cannot utime: Operation not permitted
build	Cache Android SDK	2026-06-06T12:22:50.4579848Z /usr/bin/tar: ../../../../../usr/local/lib/android/sdk/platforms/android-34-ext11/data/res/values-mcc310-mnc660-th: Cannot change mode to rwxr-xr-x: Operation not permitted
build	Cache Android SDK	2026-06-06T12:22:50.4581439Z /usr/bin/tar: ../../../../../usr/local/lib/android/sdk/platforms/android-34-ext11/data/res/values-mcc310-mnc490-ru: Cannot utime: Operation not permitted
build	Cache Android SDK	2026-06-06T12:22:50.4582390Z /usr/bin/tar: ../../../../../usr/local/lib/android/sdk/platforms/android-34-ext11/data/res/values-mcc310-mnc490-ru: Cannot change mode to rwxr-xr-x: Operation not permitted
build	Cache Android SDK	2026-06-06T12:22:50.4584620Z /usr/bin/tar: ../../../../../usr/local/lib/android/sdk/platforms/android-34-ext11/data/res/values-mcc312-mnc670-in: Cannot utime: Operation not permitted
build	Cache Android SDK	2026-06-06T12:22:50.4585599Z /usr/bin/tar: ../../../../../usr/local/lib/android/sdk/platforms/android-34-ext11/data/res/values-mcc312-mnc670-in: Cannot change mode to rwxr-xr-x: Operation not permitted
build	Cache Android SDK	2026-06-06T12:22:50.4587925Z /usr/bin/tar: ../../../../../usr/local/lib/android/sdk/platforms/android-34-ext11/data/res/values-mcc310-mnc310-bn: Cannot utime: Operation not permitted
build	Cache Android SDK	2026-06-06T12:22:50.4588921Z /usr/bin/tar: ../../../../../usr/local/lib/android/sdk/platforms/android-34-ext11/data/res/values-mcc310-mnc310-bn: Cannot change mode to rwxr-xr-x: Operation not permitted
build	Cache Android SDK	2026-06-06T12:22:50.4590566Z /usr/bin/tar: ../../../../../usr/local/lib/android/sdk/platforms/android-34-ext11/data/res/values-mcc310-mnc280: Cannot utime: Operation not permitted
build	Cache Android SDK	2026-06-06T12:22:50.4591512Z /usr/bin/tar: ../../../../../usr/local/lib/android/sdk/platforms/android-34-ext11/data/res/values-mcc310-mnc280: Cannot change mode to rwxr-xr-x: Operation not permitted
build	Cache Android SDK	2026-06-06T12:22:50.4595671Z /usr/bin/tar: ../../../../../usr/local/lib/android/sdk/platforms/android-34-ext11/data/res/values-mcc310-mnc310-ca: Cannot utime: Operation not permitted
build	Cache Android SDK	2026-06-06T12:22:50.4596739Z /usr/bin/tar: ../../../../../usr/local/lib/android/sdk/platforms/android-34-ext11/data/res/values-mcc310-mnc310-ca: Cannot change mode to rwxr-xr-x: Operation not permitted
build	Cache Android SDK	2026-06-06T12:22:50.4598477Z /usr/bin/tar: ../../../../../usr/local/lib/android/sdk/platforms/android-34-ext11/data/res/values-mcc310-mnc490-gu: Cannot utime: Operation not permitted
build	Cache Android SDK	2026-06-06T12:22:50.4599465Z /usr/bin/tar: ../../../../../usr/local/lib/android/sdk/platforms/android-34-ext11/data/res/values-mcc310-mnc490-gu: Cannot change mode to rwxr-xr-x: Operation not permitted
build	Cache Android SDK	2026-06-06T12:22:50.4601710Z /usr/bin/tar: ../../../../../usr/local/lib/android/sdk/platforms/android-34-ext11/data/res/values-mcc334-mnc020-as: Cannot utime: Operation not permitted
build	Cache Android SDK	2026-06-06T12:22:50.4602668Z /usr/bin/tar: ../../../../../usr/local/lib/android/sdk/platforms/android-34-ext11/data/res/values-mcc334-mnc020-as: Cannot change mode to rwxr-xr-x: Operation not permitted
build	Cache Android SDK	2026-06-06T12:22:50.4604445Z /usr/bin/tar: ../../../../../usr/local/lib/android/sdk/platforms/android-34-ext11/data/res/values-mcc001-mnc01-th: Cannot utime: Operation not permitted
build	Cache Android SDK	2026-06-06T12:22:50.4605405Z /usr/bin/tar: ../../../../../usr/local/lib/android/sdk/platforms/android-34-ext11/data/res/values-mcc001-mnc01-th: Cannot change mode to rwxr-xr-x: Operation not permitted
build	Cache Android SDK	2026-06-06T12:22:50.4607295Z /usr/bin/tar: ../../../../../usr/local/lib/android/sdk/platforms/android-34-ext11/data/res/values-mcc310-mnc150-iw: Cannot utime: Operation not permitted
build	Cache Android SDK	2026-06-06T12:22:50.4608368Z /usr/bin/tar: ../../../../../usr/local/lib/android/sdk/platforms/android-34-ext11/data/res/values-mcc310-mnc150-iw: Cannot change mode to rwxr-xr-x: Operation not permitted
build	Cache Android SDK	2026-06-06T12:22:50.4609949Z /usr/bin/tar: ../../../../../usr/local/lib/android/sdk/platforms/android-34-ext11/data/res/values-mcc440-mnc20: Cannot utime: Operation not permitted
build	Cache Android SDK	2026-06-06T12:22:50.4610924Z /usr/bin/tar: ../../../../../usr/local/lib/android/sdk/platforms/android-34-ext11/data/res/values-mcc440-mnc20: Cannot change mode to rwxr-xr-x: Operation not permitted
build	Cache Android SDK	2026-06-06T12:22:50.4612827Z /usr/bin/tar: ../../../../../usr/local/lib/android/sdk/platforms/android-34-ext11/data/res/values-mcc310-mnc030-ky: Cannot utime: Operation not permitted
build	Cache Android SDK	2026-06-06T12:22:50.4613787Z /usr/bin/tar: ../../../../../usr/local/lib/android/sdk/platforms/android-34-ext11/data/res/values-mcc310-mnc030-ky: Cannot change mode to rwxr-xr-x: Operation not permitted
build	Cache Android SDK	2026-06-06T12:22:50.4616161Z /usr/bin/tar: ../../../../../usr/local/lib/android/sdk/platforms/android-34-ext11/data/res/values-mcc230: Cannot utime: Operation not permitted
build	Cache Android SDK	2026-06-06T12:22:50.4617068Z /usr/bin/tar: ../../../../../usr/local/lib/android/sdk/platforms/android-34-ext11/data/res/values-mcc230: Cannot change mode to rwxr-xr-x: Operation not permitted
build	Cache Android SDK	2026-06-06T12:22:50.4619549Z /usr/bin/tar: ../../../../../usr/local/lib/android/sdk/platforms/android-34-ext11/data/res/values-mcc310-mnc800-mk: Cannot utime: Operation not permitted
build	Cache Android SDK	2026-06-06T12:22:50.4620614Z /usr/bin/tar: ../../../../../usr/local/lib/android/sdk/platforms/android-34-ext11/data/res/values-mcc310-mnc800-mk: Cannot change mode to rwxr-xr-x: Operation not permitted
build	Cache Android SDK	2026-06-06T12:22:50.4622263Z /usr/bin/tar: ../../../../../usr/local/lib/android/sdk/platforms/android-34-ext11/data/res/values-mcc310-mnc410-th: Cannot utime: Operation not permitted
build	Cache Android SDK	2026-06-06T12:22:50.4623216Z /usr/bin/tar: ../../../../../usr/local/lib/android/sdk/platforms/android-34-ext11/data/res/values-mcc310-mnc410-th: Cannot change mode to rwxr-xr-x: Operation not permitted
build	Cache Android SDK	2026-06-06T12:22:50.4628099Z /usr/bin/tar: ../../../../../usr/local/lib/android/sdk/platforms/android-34-ext11/data/res/values-mcc310-mnc200-mr: Cannot utime: Operation not permitted
build	Cache Android SDK	2026-06-06T12:22:50.4629073Z /usr/bin/tar: ../../../../../usr/local/lib/android/sdk/platforms/android-34-ext11/data/res/values-mcc310-mnc200-mr: Cannot change mode to rwxr-xr-x: Operation not permitted
build	Cache Android SDK	2026-06-06T12:22:50.5143706Z /usr/bin/tar: ../../../../../usr/local/lib/android/sdk/platforms/android-34-ext11/data/res/drawable-hdpi: Cannot utime: Operation not permitted
build	Cache Android SDK	2026-06-06T12:22:50.5144848Z /usr/bin/tar: ../../../../../usr/local/lib/android/sdk/platforms/android-34-ext11/data/res/drawable-hdpi: Cannot change mode to rwxr-xr-x: Operation not permitted
build	Cache Android SDK	2026-06-06T12:22:50.5146522Z /usr/bin/tar: ../../../../../usr/local/lib/android/sdk/platforms/android-34-ext11/data/res/values-mcc310-mnc380-pl: Cannot utime: Operation not permitted
build	Cache Android SDK	2026-06-06T12:22:50.5147615Z /usr/bin/tar: ../../../../../usr/local/lib/android/sdk/platforms/android-34-ext11/data/res/values-mcc310-mnc380-pl: Cannot change mode to rwxr-xr-x: Operation not permitted
build	Cache Android SDK	2026-06-06T12:22:50.5149897Z /usr/bin/tar: ../../../../../usr/local/lib/android/sdk/platforms/android-34-ext11/data/res/values-mcc312-mnc670-th: Cannot utime: Operation not permitted
build	Cache Android SDK	2026-06-06T12:22:50.5150858Z /usr/bin/tar: ../../../../../usr/local/lib/android/sdk/platforms/android-34-ext11/data/res/values-mcc312-mnc670-th: Cannot change mode to rwxr-xr-x: Operation not permitted
build	Cache Android SDK	2026-06-06T12:22:50.5153044Z /usr/bin/tar: ../../../../../usr/local/lib/android/sdk/platforms/android-34-ext11/data/res/values-pa-television: Cannot utime: Operation not permitted
build	Cache Android SDK	2026-06-06T12:22:50.5154017Z /usr/bin/tar: ../../../../../usr/local/lib/android/sdk/platforms/android-34-ext11/data/res/values-pa-television: Cannot change mode to rwxr-xr-x: Operation not permitted
build	Cache Android SDK	2026-06-06T12:22:50.5156547Z /usr/bin/tar: ../../../../../usr/local/lib/android/sdk/platforms/android-34-ext11/data/res/values-mcc310-mnc030-uz: Cannot utime: Operation not permitted
build	Cache Android SDK	2026-06-06T12:22:50.5157607Z /usr/bin/tar: ../../../../../usr/local/lib/android/sdk/platforms/android-34-ext11/data/res/values-mcc310-mnc030-uz: Cannot change mode to rwxr-xr-x: Operation not permitted
build	Cache Android SDK	2026-06-06T12:22:50.5159523Z /usr/bin/tar: ../../../../../usr/local/lib/android/sdk/platforms/android-34-ext11/data/res/values-mcc716-mnc06: Cannot utime: Operation not permitted
build	Cache Android SDK	2026-06-06T12:22:50.5160558Z /usr/bin/tar: ../../../../../usr/local/lib/android/sdk/platforms/android-34-ext11/data/res/values-mcc716-mnc06: Cannot change mode to rwxr-xr-x: Operation not permitted
build	Cache Android SDK	2026-06-06T12:22:50.5162478Z /usr/bin/tar: ../../../../../usr/local/lib/android/sdk/platforms/android-34-ext11/data/res/values-es-rPE: Cannot utime: Operation not permitted
build	Cache Android SDK	2026-06-06T12:22:50.5163373Z /usr/bin/tar: ../../../../../usr/local/lib/android/sdk/platforms/android-34-ext11/data/res/values-es-rPE: Cannot change mode to rwxr-xr-x: Operation not permitted
build	Cache Android SDK	2026-06-06T12:22:50.5166056Z /usr/bin/tar: ../../../../../usr/local/lib/android/sdk/platforms/android-34-ext11/data/res/values-mcc001-mnc01-my: Cannot utime: Operation not permitted
build	Cache Android SDK	2026-06-06T12:22:50.5167008Z /usr/bin/tar: ../../../../../usr/local/lib/android/sdk/platforms/android-34-ext11/data/res/values-mcc001-mnc01-my: Cannot change mode to rwxr-xr-x: Operation not permitted
build	Cache Android SDK	2026-06-06T12:22:50.5169269Z /usr/bin/tar: ../../../../../usr/local/lib/android/sdk/platforms/android-34-ext11/data/res/values-mcc302-mnc720-si: Cannot utime: Operation not permitted
build	Cache Android SDK	2026-06-06T12:22:50.5170318Z /usr/bin/tar: ../../../../../usr/local/lib/android/sdk/platforms/android-34-ext11/data/res/values-mcc302-mnc720-si: Cannot change mode to rwxr-xr-x: Operation not permitted
build	Cache Android SDK	2026-06-06T12:22:50.5172274Z /usr/bin/tar: ../../../../../usr/local/lib/android/sdk/platforms/android-34-ext11/data/res/values-mcc310-mnc170-eu: Cannot utime: Operation not permitted
build	Cache Android SDK	2026-06-06T12:22:50.5173223Z /usr/bin/tar: ../../../../../usr/local/lib/android/sdk/platforms/android-34-ext11/data/res/values-mcc310-mnc170-eu: Cannot change mode to rwxr-xr-x: Operation not permitted
build	Cache Android SDK	2026-06-06T12:22:50.5175627Z /usr/bin/tar: ../../../../../usr/local/lib/android/sdk/platforms/android-34-ext11/data/res/values-mcc310-mnc560-vi: Cannot utime: Operation not permitted
build	Cache Android SDK	2026-06-06T12:22:50.5176578Z /usr/bin/tar: ../../../../../usr/local/lib/android/sdk/platforms/android-34-ext11/data/res/values-mcc310-mnc560-vi: Cannot change mode to rwxr-xr-x: Operation not permitted
build	Cache Android SDK	2026-06-06T12:22:50.5179104Z /usr/bin/tar: ../../../../../usr/local/lib/android/sdk/platforms/android-34-ext11/data/res/values-mcc310-mnc380-et: Cannot utime: Operation not permitted
build	Cache Android SDK	2026-06-06T12:22:50.5180051Z /usr/bin/tar: ../../../../../usr/local/lib/android/sdk/platforms/android-34-ext11/data/res/values-mcc310-mnc380-et: Cannot change mode to rwxr-xr-x: Operation not permitted
build	Cache Android SDK	2026-06-06T12:22:50.5182569Z /usr/bin/tar: ../../../../../usr/local/lib/android/sdk/platforms/android-34-ext11/data/res/values-mcc310-mnc800-lo: Cannot utime: Operation not permitted
build	Cache Android SDK	2026-06-06T12:22:50.5183523Z /usr/bin/tar: ../../../../../usr/local/lib/android/sdk/platforms/android-34-ext11/data/res/values-mcc310-mnc800-lo: Cannot change mode to rwxr-xr-x: Operation not permitted
build	Cache Android SDK	2026-06-06T12:22:50.5186304Z /usr/bin/tar: ../../../../../usr/local/lib/android/sdk/platforms/android-34-ext11/data/res/values-mcc310-mnc200-ar: Cannot utime: Operation not permitted
build	Cache Android SDK	2026-06-06T12:22:50.5188701Z /usr/bin/tar: ../../../../../usr/local/lib/android/sdk/platforms/android-34-ext11/data/res/values-mcc310-mnc200-ar: Cannot change mode to rwxr-xr-x: Operation not permitted
build	Cache Android SDK	2026-06-06T12:22:50.5189924Z /usr/bin/tar: ../../../../../usr/local/lib/android/sdk/platforms/android-34-ext11/data/res/values-mcc310-mnc490-ar: Cannot utime: Operation not permitted
build	Cache Android SDK	2026-06-06T12:22:50.5190949Z /usr/bin/tar: ../../../../../usr/local/lib/android/sdk/platforms/android-34-ext11/data/res/values-mcc310-mnc490-ar: Cannot change mode to rwxr-xr-x: Operation not permitted
build	Cache Android SDK	2026-06-06T12:22:50.5192379Z /usr/bin/tar: ../../../../../usr/local/lib/android/sdk/platforms/android-34-ext11/data/res/values-mcc310-mnc310-si: Cannot utime: Operation not permitted
build	Cache Android SDK	2026-06-06T12:22:50.5193325Z /usr/bin/tar: ../../../../../usr/local/lib/android/sdk/platforms/android-34-ext11/data/res/values-mcc310-mnc310-si: Cannot change mode to rwxr-xr-x: Operation not permitted
build	Cache Android SDK	2026-06-06T12:22:50.5196423Z /usr/bin/tar: ../../../../../usr/local/lib/android/sdk/platforms/android-34-ext11/data/res/values-mcc310-mnc410-te: Cannot utime: Operation not permitted
build	Cache Android SDK	2026-06-06T12:22:50.5197569Z /usr/bin/tar: ../../../../../usr/local/lib/android/sdk/platforms/android-34-ext11/data/res/values-mcc310-mnc410-te: Cannot change mode to rwxr-xr-x: Operation not permitted
build	Cache Android SDK	2026-06-06T12:22:50.5199748Z /usr/bin/tar: ../../../../../usr/local/lib/android/sdk/platforms/android-34-ext11/data/res/values-mcc312-mnc670-cs: Cannot utime: Operation not permitted
build	Cache Android SDK	2026-06-06T12:22:50.5200714Z /usr/bin/tar: ../../../../../usr/local/lib/android/sdk/platforms/android-34-ext11/data/res/values-mcc312-mnc670-cs: Cannot change mode to rwxr-xr-x: Operation not permitted
build	Cache Android SDK	2026-06-06T12:22:50.5203614Z /usr/bin/tar: ../../../../../usr/local/lib/android/sdk/platforms/android-34-ext11/data/res/values-mcc310-mnc410-lv: Cannot utime: Operation not permitted
build	Cache Android SDK	2026-06-06T12:22:50.5204732Z /usr/bin/tar: ../../../../../usr/local/lib/android/sdk/platforms/android-34-ext11/data/res/values-mcc310-mnc410-lv: Cannot change mode to rwxr-xr-x: Operation not permitted
build	Cache Android SDK	2026-06-06T12:22:50.5206800Z /usr/bin/tar: ../../../../../usr/local/lib/android/sdk/platforms/android-34-ext11/data/res/values-mcc310-mnc660-en-rGB: Cannot utime: Operation not permitted
build	Cache Android SDK	2026-06-06T12:22:50.5208150Z /usr/bin/tar: ../../../../../usr/local/lib/android/sdk/platforms/android-34-ext11/data/res/values-mcc310-mnc660-en-rGB: Cannot change mode to rwxr-xr-x: Operation not permitted
build	Cache Android SDK	2026-06-06T12:22:50.5209887Z /usr/bin/tar: ../../../../../usr/local/lib/android/sdk/platforms/android-34-ext11/data/res/values-mcc310-mnc230-zh-rHK: Cannot utime: Operation not permitted
build	Cache Android SDK	2026-06-06T12:22:50.5210886Z /usr/bin/tar: ../../../../../usr/local/lib/android/sdk/platforms/android-34-ext11/data/res/values-mcc310-mnc230-zh-rHK: Cannot change mode to rwxr-xr-x: Operation not permitted
build	Cache Android SDK	2026-06-06T12:22:50.5213111Z /usr/bin/tar: ../../../../../usr/local/lib/android/sdk/platforms/android-34-ext11/data/res/values-mcc310-mnc280-in: Cannot utime: Operation not permitted
build	Cache Android SDK	2026-06-06T12:22:50.5214177Z /usr/bin/tar: ../../../../../usr/local/lib/android/sdk/platforms/android-34-ext11/data/res/values-mcc310-mnc280-in: Cannot change mode to rwxr-xr-x: Operation not permitted
build	Cache Android SDK	2026-06-06T12:22:50.5216093Z /usr/bin/tar: ../../../../../usr/local/lib/android/sdk/platforms/android-34-ext11/data/res/values-mcc313-mnc100-mn: Cannot utime: Operation not permitted
build	Cache Android SDK	2026-06-06T12:22:50.5217041Z /usr/bin/tar: ../../../../../usr/local/lib/android/sdk/platforms/android-34-ext11/data/res/values-mcc313-mnc100-mn: Cannot change mode to rwxr-xr-x: Operation not permitted
build	Cache Android SDK	2026-06-06T12:22:50.5222645Z /usr/bin/tar: ../../../../../usr/local/lib/android/sdk/platforms/android-34-ext11/data/res/values-zh-rCN: Cannot utime: Operation not permitted
build	Cache Android SDK	2026-06-06T12:22:50.5223546Z /usr/bin/tar: ../../../../../usr/local/lib/android/sdk/platforms/android-34-ext11/data/res/values-zh-rCN: Cannot change mode to rwxr-xr-x: Operation not permitted
build	Cache Android SDK	2026-06-06T12:22:50.5225655Z /usr/bin/tar: ../../../../../usr/local/lib/android/sdk/platforms/android-34-ext11/data/res/values-mcc310-mnc310-nb: Cannot utime: Operation not permitted
build	Cache Android SDK	2026-06-06T12:22:50.5226706Z /usr/bin/tar: ../../../../../usr/local/lib/android/sdk/platforms/android-34-ext11/data/res/values-mcc310-mnc310-nb: Cannot change mode to rwxr-xr-x: Operation not permitted
build	Cache Android SDK	2026-06-06T12:22:50.5228658Z /usr/bin/tar: ../../../../../usr/local/lib/android/sdk/platforms/android-34-ext11/data/res/values-mcc310-mnc230-my: Cannot utime: Operation not permitted
build	Cache Android SDK	2026-06-06T12:22:50.5229611Z /usr/bin/tar: ../../../../../usr/local/lib/android/sdk/platforms/android-34-ext11/data/res/values-mcc310-mnc230-my: Cannot change mode to rwxr-xr-x: Operation not permitted
build	Cache Android SDK	2026-06-06T12:22:50.5232577Z /usr/bin/tar: ../../../../../usr/local/lib/android/sdk/platforms/android-34-ext11/data/res/values-mcc302-mnc720-bs: Cannot utime: Operation not permitted
build	Cache Android SDK	2026-06-06T12:22:50.5233539Z /usr/bin/tar: ../../../../../usr/local/lib/android/sdk/platforms/android-34-ext11/data/res/values-mcc302-mnc720-bs: Cannot change mode to rwxr-xr-x: Operation not permitted
build	Cache Android SDK	2026-06-06T12:22:50.5235640Z /usr/bin/tar: ../../../../../usr/local/lib/android/sdk/platforms/android-34-ext11/data/res/values-fi-watch: Cannot utime: Operation not permitted
build	Cache Android SDK	2026-06-06T12:22:50.5236543Z /usr/bin/tar: ../../../../../usr/local/lib/android/sdk/platforms/android-34-ext11/data/res/values-fi-watch: Cannot change mode to rwxr-xr-x: Operation not permitted
build	Cache Android SDK	2026-06-06T12:22:50.5239028Z /usr/bin/tar: ../../../../../usr/local/lib/android/sdk/platforms/android-34-ext11/data/res/values-mcc310-mnc270-mr: Cannot utime: Operation not permitted
build	Cache Android SDK	2026-06-06T12:22:50.5239974Z /usr/bin/tar: ../../../../../usr/local/lib/android/sdk/platforms/android-34-ext11/data/res/values-mcc310-mnc270-mr: Cannot change mode to rwxr-xr-x: Operation not permitted
build	Cache Android SDK	2026-06-06T12:22:50.5242237Z /usr/bin/tar: ../../../../../usr/local/lib/android/sdk/platforms/android-34-ext11/data/res/values-mcc310-mnc280-lv: Cannot utime: Operation not permitted
build	Cache Android SDK	2026-06-06T12:22:50.5243188Z /usr/bin/tar: ../../../../../usr/local/lib/android/sdk/platforms/android-34-ext11/data/res/values-mcc310-mnc280-lv: Cannot change mode to rwxr-xr-x: Operation not permitted
build	Cache Android SDK	2026-06-06T12:22:50.5245490Z /usr/bin/tar: ../../../../../usr/local/lib/android/sdk/platforms/android-34-ext11/data/res/values-mcc310-mnc270-az: Cannot utime: Operation not permitted
build	Cache Android SDK	2026-06-06T12:22:50.5246448Z /usr/bin/tar: ../../../../../usr/local/lib/android/sdk/platforms/android-34-ext11/data/res/values-mcc310-mnc270-az: Cannot change mode to rwxr-xr-x: Operation not permitted
build	Cache Android SDK	2026-06-06T12:22:50.5249097Z /usr/bin/tar: ../../../../../usr/local/lib/android/sdk/platforms/android-34-ext11/data/res/values-mcc310-mnc560-ne: Cannot utime: Operation not permitted
build	Cache Android SDK	2026-06-06T12:22:50.5250055Z /usr/bin/tar: ../../../../../usr/local/lib/android/sdk/platforms/android-34-ext11/data/res/values-mcc310-mnc560-ne: Cannot change mode to rwxr-xr-x: Operation not permitted
build	Cache Android SDK	2026-06-06T12:22:50.5252293Z /usr/bin/tar: ../../../../../usr/local/lib/android/sdk/platforms/android-34-ext11/data/res/values-mcc312-mnc670-ur: Cannot utime: Operation not permitted
build	Cache Android SDK	2026-06-06T12:22:50.5253246Z /usr/bin/tar: ../../../../../usr/local/lib/android/sdk/platforms/android-34-ext11/data/res/values-mcc312-mnc670-ur: Cannot change mode to rwxr-xr-x: Operation not permitted
build	Cache Android SDK	2026-06-06T12:22:50.5256052Z /usr/bin/tar: ../../../../../usr/local/lib/android/sdk/platforms/android-34-ext11/data/res/values-mcc310-mnc380-te: Cannot utime: Operation not permitted
build	Cache Android SDK	2026-06-06T12:22:50.5256999Z /usr/bin/tar: ../../../../../usr/local/lib/android/sdk/platforms/android-34-ext11/data/res/values-mcc310-mnc380-te: Cannot change mode to rwxr-xr-x: Operation not permitted
build	Cache Android SDK	2026-06-06T12:22:50.5259350Z /usr/bin/tar: ../../../../../usr/local/lib/android/sdk/platforms/android-34-ext11/data/res/values-mcc310-mnc270-ur: Cannot utime: Operation not permitted
build	Cache Android SDK	2026-06-06T12:22:50.5260292Z /usr/bin/tar: ../../../../../usr/local/lib/android/sdk/platforms/android-34-ext11/data/res/values-mcc310-mnc270-ur: Cannot change mode to rwxr-xr-x: Operation not permitted
build	Cache Android SDK	2026-06-06T12:22:50.5263069Z /usr/bin/tar: ../../../../../usr/local/lib/android/sdk/platforms/android-34-ext11/data/res/values-mcc310-mnc800-ru: Cannot utime: Operation not permitted
build	Cache Android SDK	2026-06-06T12:22:50.5264036Z /usr/bin/tar: ../../../../../usr/local/lib/android/sdk/platforms/android-34-ext11/data/res/values-mcc310-mnc800-ru: Cannot change mode to rwxr-xr-x: Operation not permitted
build	Cache Android SDK	2026-06-06T12:22:50.5266683Z /usr/bin/tar: ../../../../../usr/local/lib/android/sdk/platforms/android-34-ext11/data/res/values-mcc310-mnc560-zh-rHK: Cannot utime: Operation not permitted
build	Cache Android SDK	2026-06-06T12:22:50.5269184Z /usr/bin/tar: ../../../../../usr/local/lib/android/sdk/platforms/android-34-ext11/data/res/values-mcc310-mnc560-zh-rHK: Cannot change mode to rwxr-xr-x: Operation not permitted
build	Cache Android SDK	2026-06-06T12:22:50.5270380Z /usr/bin/tar: ../../../../../usr/local/lib/android/sdk/platforms/android-34-ext11/data/res/values-mcc001-mnc01-ro: Cannot utime: Operation not permitted
build	Cache Android SDK	2026-06-06T12:22:50.5271433Z /usr/bin/tar: ../../../../../usr/local/lib/android/sdk/platforms/android-34-ext11/data/res/values-mcc001-mnc01-ro: Cannot change mode to rwxr-xr-x: Operation not permitted
build	Cache Android SDK	2026-06-06T12:22:50.5273732Z /usr/bin/tar: ../../../../../usr/local/lib/android/sdk/platforms/android-34-ext11/data/res/values-mcc310-mnc150-ko: Cannot utime: Operation not permitted
build	Cache Android SDK	2026-06-06T12:22:50.5274698Z /usr/bin/tar: ../../../../../usr/local/lib/android/sdk/platforms/android-34-ext11/data/res/values-mcc310-mnc150-ko: Cannot change mode to rwxr-xr-x: Operation not permitted
build	Cache Android SDK	2026-06-06T12:22:50.5276815Z /usr/bin/tar: ../../../../../usr/local/lib/android/sdk/platforms/android-34-ext11/data/res/values-mcc310-mnc150-sr: Cannot utime: Operation not permitted
build	Cache Android SDK	2026-06-06T12:22:50.5277859Z /usr/bin/tar: ../../../../../usr/local/lib/android/sdk/platforms/android-34-ext11/data/res/values-mcc310-mnc150-sr: Cannot change mode to rwxr-xr-x: Operation not permitted
build	Cache Android SDK	2026-06-06T12:22:50.5280009Z /usr/bin/tar: ../../../../../usr/local/lib/android/sdk/platforms/android-34-ext11/data/res/values-mcc704-mnc03: Cannot utime: Operation not permitted
build	Cache Android SDK	2026-06-06T12:22:50.5281024Z /usr/bin/tar: ../../../../../usr/local/lib/android/sdk/platforms/android-34-ext11/data/res/values-mcc704-mnc03: Cannot change mode to rwxr-xr-x: Operation not permitted
build	Cache Android SDK	2026-06-06T12:22:50.5283116Z /usr/bin/tar: ../../../../../usr/local/lib/android/sdk/platforms/android-34-ext11/data/res/values-mcc310-mnc220-it: Cannot utime: Operation not permitted
build	Cache Android SDK	2026-06-06T12:22:50.5284148Z /usr/bin/tar: ../../../../../usr/local/lib/android/sdk/platforms/android-34-ext11/data/res/values-mcc310-mnc220-it: Cannot change mode to rwxr-xr-x: Operation not permitted
build	Cache Android SDK	2026-06-06T12:22:50.5286600Z /usr/bin/tar: ../../../../../usr/local/lib/android/sdk/platforms/android-34-ext11/data/res/values-mcc310-mnc230-ka: Cannot utime: Operation not permitted
build	Cache Android SDK	2026-06-06T12:22:50.5287786Z /usr/bin/tar: ../../../../../usr/local/lib/android/sdk/platforms/android-34-ext11/data/res/values-mcc310-mnc230-ka: Cannot change mode to rwxr-xr-x: Operation not permitted
build	Cache Android SDK	2026-06-06T12:22:50.5288742Z /usr/bin/tar: ../../../../../usr/local/lib/android/sdk/platforms/android-34-ext11/data/res/values-bn-watch: Cannot utime: Operation not permitted
build	Cache Android SDK	2026-06-06T12:22:50.5289185Z /usr/bin/tar: ../../../../../usr/local/lib/android/sdk/platforms/android-34-ext11/data/res/values-bn-watch: Cannot change mode to rwxr-xr-x: Operation not permitted
build	Cache Android SDK	2026-06-06T12:22:50.5292717Z /usr/bin/tar: ../../../../../usr/local/lib/android/sdk/platforms/android-34-ext11/data/res/values-mcc302-mnc370-pt-rBR: Cannot utime: Operation not permitted
build	Cache Android SDK	2026-06-06T12:22:50.5293294Z /usr/bin/tar: ../../../../../usr/local/lib/android/sdk/platforms/android-34-ext11/data/res/values-mcc302-mnc370-pt-rBR: Cannot change mode to rwxr-xr-x: Operation not permitted
build	Cache Android SDK	2026-06-06T12:22:50.5296070Z /usr/bin/tar: ../../../../../usr/local/lib/android/sdk/platforms/android-34-ext11/data/res/mipmap-xxhdpi: Cannot utime: Operation not permitted
build	Cache Android SDK	2026-06-06T12:22:50.5296595Z /usr/bin/tar: ../../../../../usr/local/lib/android/sdk/platforms/android-34-ext11/data/res/mipmap-xxhdpi: Cannot change mode to rwxr-xr-x: Operation not permitted
build	Cache Android SDK	2026-06-06T12:22:50.5299302Z /usr/bin/tar: ../../../../../usr/local/lib/android/sdk/platforms/android-34-ext11/data/res/values-mcc311-mnc180-ja: Cannot utime: Operation not permitted
build	Cache Android SDK	2026-06-06T12:22:50.5299778Z /usr/bin/tar: ../../../../../usr/local/lib/android/sdk/platforms/android-34-ext11/data/res/values-mcc311-mnc180-ja: Cannot change mode to rwxr-xr-x: Operation not permitted
build	Cache Android SDK	2026-06-06T12:22:50.5302802Z /usr/bin/tar: ../../../../../usr/local/lib/android/sdk/platforms/android-34-ext11/data/res/values-sl-watch: Cannot utime: Operation not permitted
build	Cache Android SDK	2026-06-06T12:22:50.5303248Z /usr/bin/tar: ../../../../../usr/local/lib/android/sdk/platforms/android-34-ext11/data/res/values-sl-watch: Cannot change mode to rwxr-xr-x: Operation not permitted
build	Cache Android SDK	2026-06-06T12:22:50.5305936Z /usr/bin/tar: ../../../../../usr/local/lib/android/sdk/platforms/android-34-ext11/data/res/values-mcc310-mnc270-th: Cannot utime: Operation not permitted
build	Cache Android SDK	2026-06-06T12:22:50.5306484Z /usr/bin/tar: ../../../../../usr/local/lib/android/sdk/platforms/android-34-ext11/data/res/values-mcc310-mnc270-th: Cannot change mode to rwxr-xr-x: Operation not permitted
build	Cache Android SDK	2026-06-06T12:22:50.5309067Z /usr/bin/tar: ../../../../../usr/local/lib/android/sdk/platforms/android-34-ext11/data/res/values-mcc310-mnc660-zh-rHK: Cannot utime: Operation not permitted
build	Cache Android SDK	2026-06-06T12:22:50.5309555Z /usr/bin/tar: ../../../../../usr/local/lib/android/sdk/platforms/android-34-ext11/data/res/values-mcc310-mnc660-zh-rHK: Cannot change mode to rwxr-xr-x: Operation not permitted
build	Cache Android SDK	2026-06-06T12:22:50.5312872Z /usr/bin/tar: ../../../../../usr/local/lib/android/sdk/platforms/android-34-ext11/data/res/values-mcc334-mnc020-be: Cannot utime: Operation not permitted
build	Cache Android SDK	2026-06-06T12:22:50.5313348Z /usr/bin/tar: ../../../../../usr/local/lib/android/sdk/platforms/android-34-ext11/data/res/values-mcc334-mnc020-be: Cannot change mode to rwxr-xr-x: Operation not permitted
build	Cache Android SDK	2026-06-06T12:22:50.5316340Z /usr/bin/tar: ../../../../../usr/local/lib/android/sdk/platforms/android-34-ext11/data/res/values-mcc310-mnc270-fi: Cannot utime: Operation not permitted
build	Cache Android SDK	2026-06-06T12:22:50.5316893Z /usr/bin/tar: ../../../../../usr/local/lib/android/sdk/platforms/android-34-ext11/data/res/values-mcc310-mnc270-fi: Cannot change mode to rwxr-xr-x: Operation not permitted
build	Cache Android SDK	2026-06-06T12:22:50.5319489Z /usr/bin/tar: ../../../../../usr/local/lib/android/sdk/platforms/android-34-ext11/data/res/values-mcc334: Cannot utime: Operation not permitted
build	Cache Android SDK	2026-06-06T12:22:50.5319927Z /usr/bin/tar: ../../../../../usr/local/lib/android/sdk/platforms/android-34-ext11/data/res/values-mcc334: Cannot change mode to rwxr-xr-x: Operation not permitted
build	Cache Android SDK	2026-06-06T12:22:50.5322909Z /usr/bin/tar: ../../../../../usr/local/lib/android/sdk/platforms/android-34-ext11/data/res/values-mcc310-mnc800-az: Cannot utime: Operation not permitted
build	Cache Android SDK	2026-06-06T12:22:50.5323458Z /usr/bin/tar: ../../../../../usr/local/lib/android/sdk/platforms/android-34-ext11/data/res/values-mcc310-mnc800-az: Cannot change mode to rwxr-xr-x: Operation not permitted
build	Cache Android SDK	2026-06-06T12:22:50.5326137Z /usr/bin/tar: ../../../../../usr/local/lib/android/sdk/platforms/android-34-ext11/data/res/values-mcc310-mnc280-es: Cannot utime: Operation not permitted
build	Cache Android SDK	2026-06-06T12:22:50.5326611Z /usr/bin/tar: ../../../../../usr/local/lib/android/sdk/platforms/android-34-ext11/data/res/values-mcc310-mnc280-es: Cannot change mode to rwxr-xr-x: Operation not permitted
build	Cache Android SDK	2026-06-06T12:22:50.5328807Z /usr/bin/tar: ../../../../../usr/local/lib/android/sdk/platforms/android-34-ext11/data/res/values-mcc310-mnc200-hu: Cannot utime: Operation not permitted
build	Cache Android SDK	2026-06-06T12:22:50.5329274Z /usr/bin/tar: ../../../../../usr/local/lib/android/sdk/platforms/android-34-ext11/data/res/values-mcc310-mnc200-hu: Cannot change mode to rwxr-xr-x: Operation not permitted
build	Cache Android SDK	2026-06-06T12:22:50.5331851Z /usr/bin/tar: ../../../../../usr/local/lib/android/sdk/platforms/android-34-ext11/data/res/values-ur-television: Cannot utime: Operation not permitted
build	Cache Android SDK	2026-06-06T12:22:50.5332394Z /usr/bin/tar: ../../../../../usr/local/lib/android/sdk/platforms/android-34-ext11/data/res/values-ur-television: Cannot change mode to rwxr-xr-x: Operation not permitted
build	Cache Android SDK	2026-06-06T12:22:50.5335900Z /usr/bin/tar: ../../../../../usr/local/lib/android/sdk/platforms/android-34-ext11/data/res/values-mcc001-mnc01-sv: Cannot utime: Operation not permitted
build	Cache Android SDK	2026-06-06T12:22:50.5336370Z /usr/bin/tar: ../../../../../usr/local/lib/android/sdk/platforms/android-34-ext11/data/res/values-mcc001-mnc01-sv: Cannot change mode to rwxr-xr-x: Operation not permitted
build	Cache Android SDK	2026-06-06T12:22:50.5339234Z /usr/bin/tar: ../../../../../usr/local/lib/android/sdk/platforms/android-34-ext11/data/res/values-mcc302-mnc370-kn: Cannot utime: Operation not permitted
build	Cache Android SDK	2026-06-06T12:22:50.5339701Z /usr/bin/tar: ../../../../../usr/local/lib/android/sdk/platforms/android-34-ext11/data/res/values-mcc302-mnc370-kn: Cannot change mode to rwxr-xr-x: Operation not permitted
build	Cache Android SDK	2026-06-06T12:22:50.5342219Z /usr/bin/tar: ../../../../../usr/local/lib/android/sdk/platforms/android-34-ext11/data/res/values-en-rCA-watch: Cannot utime: Operation not permitted
build	Cache Android SDK	2026-06-06T12:22:50.5342681Z /usr/bin/tar: ../../../../../usr/local/lib/android/sdk/platforms/android-34-ext11/data/res/values-en-rCA-watch: Cannot change mode to rwxr-xr-x: Operation not permitted
build	Cache Android SDK	2026-06-06T12:22:50.5345909Z /usr/bin/tar: ../../../../../usr/local/lib/android/sdk/platforms/android-34-ext11/data/res/values-mcc310-mnc250-fi: Cannot utime: Operation not permitted
build	Cache Android SDK	2026-06-06T12:22:50.5346389Z /usr/bin/tar: ../../../../../usr/local/lib/android/sdk/platforms/android-34-ext11/data/res/values-mcc310-mnc250-fi: Cannot change mode to rwxr-xr-x: Operation not permitted
build	Cache Android SDK	2026-06-06T12:22:50.5349826Z /usr/bin/tar: ../../../../../usr/local/lib/android/sdk/platforms/android-34-ext11/data/res/values-mcc001-mnc01-tl: Cannot utime: Operation not permitted
build	Cache Android SDK	2026-06-06T12:22:50.5350295Z /usr/bin/tar: ../../../../../usr/local/lib/android/sdk/platforms/android-34-ext11/data/res/values-mcc001-mnc01-tl: Cannot change mode to rwxr-xr-x: Operation not permitted
build	Cache Android SDK	2026-06-06T12:22:50.5353238Z /usr/bin/tar: ../../../../../usr/local/lib/android/sdk/platforms/android-34-ext11/data/res/values-it-rCH: Cannot utime: Operation not permitted
build	Cache Android SDK	2026-06-06T12:22:50.5353669Z /usr/bin/tar: ../../../../../usr/local/lib/android/sdk/platforms/android-34-ext11/data/res/values-it-rCH: Cannot change mode to rwxr-xr-x: Operation not permitted
build	Cache Android SDK	2026-06-06T12:22:50.5356659Z /usr/bin/tar: ../../../../../usr/local/lib/android/sdk/platforms/android-34-ext11/data/res/values-mcc310-mnc950-kn: Cannot utime: Operation not permitted
build	Cache Android SDK	2026-06-06T12:22:50.5357125Z /usr/bin/tar: ../../../../../usr/local/lib/android/sdk/platforms/android-34-ext11/data/res/values-mcc310-mnc950-kn: Cannot change mode to rwxr-xr-x: Operation not permitted
build	Cache Android SDK	2026-06-06T12:22:50.5359652Z /usr/bin/tar: ../../../../../usr/local/lib/android/sdk/platforms/android-34-ext11/data/res/values-mcc302-mnc720-ja: Cannot utime: Operation not permitted
build	Cache Android SDK	2026-06-06T12:22:50.5360208Z /usr/bin/tar: ../../../../../usr/local/lib/android/sdk/platforms/android-34-ext11/data/res/values-mcc302-mnc720-ja: Cannot change mode to rwxr-xr-x: Operation not permitted
build	Cache Android SDK	2026-06-06T12:22:50.5362808Z /usr/bin/tar: ../../../../../usr/local/lib/android/sdk/platforms/android-34-ext11/data/res/values-mcc302-mnc720-ca: Cannot utime: Operation not permitted
build	Cache Android SDK	2026-06-06T12:22:50.5363264Z /usr/bin/tar: ../../../../../usr/local/lib/android/sdk/platforms/android-34-ext11/data/res/values-mcc302-mnc720-ca: Cannot change mode to rwxr-xr-x: Operation not permitted
build	Cache Android SDK	2026-06-06T12:22:50.5365816Z /usr/bin/tar: ../../../../../usr/local/lib/android/sdk/platforms/android-34-ext11/data/res/values-de-rCH: Cannot utime: Operation not permitted
build	Cache Android SDK	2026-06-06T12:22:50.5366254Z /usr/bin/tar: ../../../../../usr/local/lib/android/sdk/platforms/android-34-ext11/data/res/values-de-rCH: Cannot change mode to rwxr-xr-x: Operation not permitted
build	Cache Android SDK	2026-06-06T12:22:50.5370291Z /usr/bin/tar: ../../../../../usr/local/lib/android/sdk/platforms/android-34-ext11/data/res/values-mcc310-mnc210-kn: Cannot utime: Operation not permitted
build	Cache Android SDK	2026-06-06T12:22:50.5371277Z /usr/bin/tar: ../../../../../usr/local/lib/android/sdk/platforms/android-34-ext11/data/res/values-mcc310-mnc210-kn: Cannot change mode to rwxr-xr-x: Operation not permitted
build	Cache Android SDK	2026-06-06T12:22:50.5373190Z /usr/bin/tar: ../../../../../usr/local/lib/android/sdk/platforms/android-34-ext11/data/res/values-mcc310-mnc250-ar: Cannot utime: Operation not permitted
build	Cache Android SDK	2026-06-06T12:22:50.5373675Z /usr/bin/tar: ../../../../../usr/local/lib/android/sdk/platforms/android-34-ext11/data/res/values-mcc310-mnc250-ar: Cannot change mode to rwxr-xr-x: Operation not permitted
build	Cache Android SDK	2026-06-06T12:22:50.5376751Z /usr/bin/tar: ../../../../../usr/local/lib/android/sdk/platforms/android-34-ext11/data/res/values-mcc310-mnc030-kn: Cannot utime: Operation not permitted
build	Cache Android SDK	2026-06-06T12:22:50.5377239Z /usr/bin/tar: ../../../../../usr/local/lib/android/sdk/platforms/android-34-ext11/data/res/values-mcc310-mnc030-kn: Cannot change mode to rwxr-xr-x: Operation not permitted
build	Cache Android SDK	2026-06-06T12:22:50.5382756Z /usr/bin/tar: ../../../../../usr/local/lib/android/sdk/platforms/android-34-ext11/data/res/values-w210dp-round-watch: Cannot utime: Operation not permitted
build	Cache Android SDK	2026-06-06T12:22:50.5383252Z /usr/bin/tar: ../../../../../usr/local/lib/android/sdk/platforms/android-34-ext11/data/res/values-w210dp-round-watch: Cannot change mode to rwxr-xr-x: Operation not permitted
build	Cache Android SDK	2026-06-06T12:22:50.5385434Z /usr/bin/tar: ../../../../../usr/local/lib/android/sdk/platforms/android-34-ext11/data/res/values-mcc310-mnc200-ka: Cannot utime: Operation not permitted
build	Cache Android SDK	2026-06-06T12:22:50.5385899Z /usr/bin/tar: ../../../../../usr/local/lib/android/sdk/platforms/android-34-ext11/data/res/values-mcc310-mnc200-ka: Cannot change mode to rwxr-xr-x: Operation not permitted
build	Cache Android SDK	2026-06-06T12:22:50.5389155Z /usr/bin/tar: ../../../../../usr/local/lib/android/sdk/platforms/android-34-ext11/data/res/values-mcc310-mnc380-pa: Cannot utime: Operation not permitted
build	Cache Android SDK	2026-06-06T12:22:50.5389640Z /usr/bin/tar: ../../../../../usr/local/lib/android/sdk/platforms/android-34-ext11/data/res/values-mcc310-mnc380-pa: Cannot change mode to rwxr-xr-x: Operation not permitted
build	Cache Android SDK	2026-06-06T12:22:50.5392933Z /usr/bin/tar: ../../../../../usr/local/lib/android/sdk/platforms/android-34-ext11/data/res/values-mcc302-mnc720-sr: Cannot utime: Operation not permitted
build	Cache Android SDK	2026-06-06T12:22:50.5393398Z /usr/bin/tar: ../../../../../usr/local/lib/android/sdk/platforms/android-34-ext11/data/res/values-mcc302-mnc720-sr: Cannot change mode to rwxr-xr-x: Operation not permitted
build	Cache Android SDK	2026-06-06T12:22:50.5396231Z /usr/bin/tar: ../../../../../usr/local/lib/android/sdk/platforms/android-34-ext11/data/res/values-mcc310-mnc800-ka: Cannot utime: Operation not permitted
build	Cache Android SDK	2026-06-06T12:22:50.5396698Z /usr/bin/tar: ../../../../../usr/local/lib/android/sdk/platforms/android-34-ext11/data/res/values-mcc310-mnc800-ka: Cannot change mode to rwxr-xr-x: Operation not permitted
build	Cache Android SDK	2026-06-06T12:22:50.5399779Z /usr/bin/tar: ../../../../../usr/local/lib/android/sdk/platforms/android-34-ext11/data/res/values-mcc310-mnc660-nl: Cannot utime: Operation not permitted
build	Cache Android SDK	2026-06-06T12:22:50.5400246Z /usr/bin/tar: ../../../../../usr/local/lib/android/sdk/platforms/android-34-ext11/data/res/values-mcc310-mnc660-nl: Cannot change mode to rwxr-xr-x: Operation not permitted
build	Cache Android SDK	2026-06-06T12:22:50.5402915Z /usr/bin/tar: ../../../../../usr/local/lib/android/sdk/platforms/android-34-ext11/data/res/values-mcc310-mnc030-zh-rHK: Cannot utime: Operation not permitted
build	Cache Android SDK	2026-06-06T12:22:50.5403403Z /usr/bin/tar: ../../../../../usr/local/lib/android/sdk/platforms/android-34-ext11/data/res/values-mcc310-mnc030-zh-rHK: Cannot change mode to rwxr-xr-x: Operation not permitted
build	Cache Android SDK	2026-06-06T12:22:50.5405333Z /usr/bin/tar: ../../../../../usr/local/lib/android/sdk/platforms/android-34-ext11/data/res/values-mcc302-mnc370-sv: Cannot utime: Operation not permitted
build	Cache Android SDK	2026-06-06T12:22:50.5405802Z /usr/bin/tar: ../../../../../usr/local/lib/android/sdk/platforms/android-34-ext11/data/res/values-mcc302-mnc370-sv: Cannot change mode to rwxr-xr-x: Operation not permitted
build	Cache Android SDK	2026-06-06T12:22:50.5408722Z /usr/bin/tar: ../../../../../usr/local/lib/android/sdk/platforms/android-34-ext11/data/res/values-mcc310-mnc170-fa: Cannot utime: Operation not permitted
build	Cache Android SDK	2026-06-06T12:22:50.5409189Z /usr/bin/tar: ../../../../../usr/local/lib/android/sdk/platforms/android-34-ext11/data/res/values-mcc310-mnc170-fa: Cannot change mode to rwxr-xr-x: Operation not permitted
build	Cache Android SDK	2026-06-06T12:22:50.5412140Z /usr/bin/tar: ../../../../../usr/local/lib/android/sdk/platforms/android-34-ext11/data/res/values-port: Cannot utime: Operation not permitted
build	Cache Android SDK	2026-06-06T12:22:50.5412580Z /usr/bin/tar: ../../../../../usr/local/lib/android/sdk/platforms/android-34-ext11/data/res/values-port: Cannot change mode to rwxr-xr-x: Operation not permitted
build	Cache Android SDK	2026-06-06T12:22:50.5415491Z /usr/bin/tar: ../../../../../usr/local/lib/android/sdk/platforms/android-34-ext11/data/res/drawable-en-hdpi: Cannot utime: Operation not permitted
build	Cache Android SDK	2026-06-06T12:22:50.5416052Z /usr/bin/tar: ../../../../../usr/local/lib/android/sdk/platforms/android-34-ext11/data/res/drawable-en-hdpi: Cannot change mode to rwxr-xr-x: Operation not permitted
build	Cache Android SDK	2026-06-06T12:22:50.5419409Z /usr/bin/tar: ../../../../../usr/local/lib/android/sdk/platforms/android-34-ext11/data/res/values-mcc310-mnc230-mn: Cannot utime: Operation not permitted
build	Cache Android SDK	2026-06-06T12:22:50.5419871Z /usr/bin/tar: ../../../../../usr/local/lib/android/sdk/platforms/android-34-ext11/data/res/values-mcc310-mnc230-mn: Cannot change mode to rwxr-xr-x: Operation not permitted
build	Cache Android SDK	2026-06-06T12:22:50.5425537Z /usr/bin/tar: ../../../../../usr/local/lib/android/sdk/platforms/android-34-ext11/data/res/values-es: Cannot utime: Operation not permitted
build	Cache Android SDK	2026-06-06T12:22:50.5425994Z /usr/bin/tar: ../../../../../usr/local/lib/android/sdk/platforms/android-34-ext11/data/res/values-es: Cannot change mode to rwxr-xr-x: Operation not permitted
build	Cache Android SDK	2026-06-06T12:22:50.5428481Z /usr/bin/tar: ../../../../../usr/local/lib/android/sdk/platforms/android-34-ext11/data/res/values-mcc310-mnc800-km: Cannot utime: Operation not permitted
build	Cache Android SDK	2026-06-06T12:22:50.5429100Z /usr/bin/tar: ../../../../../usr/local/lib/android/sdk/platforms/android-34-ext11/data/res/values-mcc310-mnc800-km: Cannot change mode to rwxr-xr-x: Operation not permitted
build	Cache Android SDK	2026-06-06T12:22:50.5432434Z /usr/bin/tar: ../../../../../usr/local/lib/android/sdk/platforms/android-34-ext11/data/res/values-mcc334-mnc020-en-rAU: Cannot utime: Operation not permitted
build	Cache Android SDK	2026-06-06T12:22:50.5432912Z /usr/bin/tar: ../../../../../usr/local/lib/android/sdk/platforms/android-34-ext11/data/res/values-mcc334-mnc020-en-rAU: Cannot change mode to rwxr-xr-x: Operation not permitted
build	Cache Android SDK	2026-06-06T12:22:50.5437116Z /usr/bin/tar: ../../../../../usr/local/lib/android/sdk/platforms/android-34-ext11/data/res/values-mcc310-mnc170-tl: Cannot utime: Operation not permitted
build	Cache Android SDK	2026-06-06T12:22:50.5437713Z /usr/bin/tar: ../../../../../usr/local/lib/android/sdk/platforms/android-34-ext11/data/res/values-mcc310-mnc170-tl: Cannot change mode to rwxr-xr-x: Operation not permitted
build	Cache Android SDK	2026-06-06T12:22:50.5439320Z /usr/bin/tar: ../../../../../usr/local/lib/android/sdk/platforms/android-34-ext11/data/res/values-mcc311-mnc180-lt: Cannot utime: Operation not permitted
build	Cache Android SDK	2026-06-06T12:22:50.5439797Z /usr/bin/tar: ../../../../../usr/local/lib/android/sdk/platforms/android-34-ext11/data/res/values-mcc311-mnc180-lt: Cannot change mode to rwxr-xr-x: Operation not permitted
build	Cache Android SDK	2026-06-06T12:22:50.5442529Z /usr/bin/tar: ../../../../../usr/local/lib/android/sdk/platforms/android-34-ext11/data/res/values-en-rIN-television: Cannot utime: Operation not permitted
build	Cache Android SDK	2026-06-06T12:22:50.5443002Z /usr/bin/tar: ../../../../../usr/local/lib/android/sdk/platforms/android-34-ext11/data/res/values-en-rIN-television: Cannot change mode to rwxr-xr-x: Operation not permitted
build	Cache Android SDK	2026-06-06T12:22:50.5446292Z /usr/bin/tar: ../../../../../usr/local/lib/android/sdk/platforms/android-34-ext11/data/res/values-mcc310-mnc270-nl: Cannot utime: Operation not permitted
build	Cache Android SDK	2026-06-06T12:22:50.5446836Z /usr/bin/tar: ../../../../../usr/local/lib/android/sdk/platforms/android-34-ext11/data/res/values-mcc310-mnc270-nl: Cannot change mode to rwxr-xr-x: Operation not permitted
build	Cache Android SDK	2026-06-06T12:22:50.5449783Z /usr/bin/tar: ../../../../../usr/local/lib/android/sdk/platforms/android-34-ext11/data/res/values-mcc334-mnc020-hu: Cannot utime: Operation not permitted
build	Cache Android SDK	2026-06-06T12:22:50.5450240Z /usr/bin/tar: ../../../../../usr/local/lib/android/sdk/platforms/android-34-ext11/data/res/values-mcc334-mnc020-hu: Cannot change mode to rwxr-xr-x: Operation not permitted
build	Cache Android SDK	2026-06-06T12:22:50.5452782Z /usr/bin/tar: ../../../../../usr/local/lib/android/sdk/platforms/android-34-ext11/data/res/values-mcc310-mnc220-gl: Cannot utime: Operation not permitted
build	Cache Android SDK	2026-06-06T12:22:50.5453240Z /usr/bin/tar: ../../../../../usr/local/lib/android/sdk/platforms/android-34-ext11/data/res/values-mcc310-mnc220-gl: Cannot change mode to rwxr-xr-x: Operation not permitted
build	Cache Android SDK	2026-06-06T12:22:50.5456256Z /usr/bin/tar: ../../../../../usr/local/lib/android/sdk/platforms/android-34-ext11/data/res/values-mcc310-mnc220-zh-rHK: Cannot utime: Operation not permitted
build	Cache Android SDK	2026-06-06T12:22:50.5456828Z /usr/bin/tar: ../../../../../usr/local/lib/android/sdk/platforms/android-34-ext11/data/res/values-mcc310-mnc220-zh-rHK: Cannot change mode to rwxr-xr-x: Operation not permitted
build	Cache Android SDK	2026-06-06T12:22:50.5459435Z /usr/bin/tar: ../../../../../usr/local/lib/android/sdk/platforms/android-34-ext11/data/res/values-sw720dp-w1280dp: Cannot utime: Operation not permitted
build	Cache Android SDK	2026-06-06T12:22:50.5459910Z /usr/bin/tar: ../../../../../usr/local/lib/android/sdk/platforms/android-34-ext11/data/res/values-sw720dp-w1280dp: Cannot change mode to rwxr-xr-x: Operation not permitted
build	Cache Android SDK	2026-06-06T12:22:50.5462797Z /usr/bin/tar: ../../../../../usr/local/lib/android/sdk/platforms/android-34-ext11/data/res/values-mcc310-mnc030-pt-rPT: Cannot utime: Operation not permitted
build	Cache Android SDK	2026-06-06T12:22:50.5463272Z /usr/bin/tar: ../../../../../usr/local/lib/android/sdk/platforms/android-34-ext11/data/res/values-mcc310-mnc030-pt-rPT: Cannot change mode to rwxr-xr-x: Operation not permitted
build	Cache Android SDK	2026-06-06T12:22:50.5465469Z /usr/bin/tar: ../../../../../usr/local/lib/android/sdk/platforms/android-34-ext11/data/res/values-mcc313-mnc100-ca: Cannot utime: Operation not permitted
build	Cache Android SDK	2026-06-06T12:22:50.5468866Z /usr/bin/tar: ../../../../../usr/local/lib/android/sdk/platforms/android-34-ext11/data/res/values-mcc313-mnc100-ca: Cannot change mode to rwxr-xr-x: Operation not permitted
build	Cache Android SDK	2026-06-06T12:22:50.5469283Z /usr/bin/tar: ../../../../../usr/local/lib/android/sdk/platforms/android-34-ext11/data/res/values-mcc310-mnc660-de: Cannot utime: Operation not permitted
build	Cache Android SDK	2026-06-06T12:22:50.5469748Z /usr/bin/tar: ../../../../../usr/local/lib/android/sdk/platforms/android-34-ext11/data/res/values-mcc310-mnc660-de: Cannot change mode to rwxr-xr-x: Operation not permitted
build	Cache Android SDK	2026-06-06T12:22:50.5472312Z /usr/bin/tar: ../../../../../usr/local/lib/android/sdk/platforms/android-34-ext11/data/res/values-mcc310-mnc160-fr-rCA: Cannot utime: Operation not permitted
build	Cache Android SDK	2026-06-06T12:22:50.5472849Z /usr/bin/tar: ../../../../../usr/local/lib/android/sdk/platforms/android-34-ext11/data/res/values-mcc310-mnc160-fr-rCA: Cannot change mode to rwxr-xr-x: Operation not permitted
build	Cache Android SDK	2026-06-06T12:22:50.5475318Z /usr/bin/tar: ../../../../../usr/local/lib/android/sdk/platforms/android-34-ext11/data/res/values-mcc312-mnc670-or: Cannot utime: Operation not permitted
build	Cache Android SDK	2026-06-06T12:22:50.5475784Z /usr/bin/tar: ../../../../../usr/local/lib/android/sdk/platforms/android-34-ext11/data/res/values-mcc312-mnc670-or: Cannot change mode to rwxr-xr-x: Operation not permitted
build	Cache Android SDK	2026-06-06T12:22:50.5479044Z /usr/bin/tar: ../../../../../usr/local/lib/android/sdk/platforms/android-34-ext11/data/res/values-mcc310-mnc210-da: Cannot utime: Operation not permitted
build	Cache Android SDK	2026-06-06T12:22:50.5479538Z /usr/bin/tar: ../../../../../usr/local/lib/android/sdk/platforms/android-34-ext11/data/res/values-mcc310-mnc210-da: Cannot change mode to rwxr-xr-x: Operation not permitted
build	Cache Android SDK	2026-06-06T12:22:50.5482345Z /usr/bin/tar: ../../../../../usr/local/lib/android/sdk/platforms/android-34-ext11/data/res/values-mcc310-mnc310-sk: Cannot utime: Operation not permitted
build	Cache Android SDK	2026-06-06T12:22:50.5482816Z /usr/bin/tar: ../../../../../usr/local/lib/android/sdk/platforms/android-34-ext11/data/res/values-mcc310-mnc310-sk: Cannot change mode to rwxr-xr-x: Operation not permitted
build	Cache Android SDK	2026-06-06T12:22:50.5485369Z /usr/bin/tar: ../../../../../usr/local/lib/android/sdk/platforms/android-34-ext11/data/res/values-mcc310-mnc200-in: Cannot utime: Operation not permitted
build	Cache Android SDK	2026-06-06T12:22:50.5485829Z /usr/bin/tar: ../../../../../usr/local/lib/android/sdk/platforms/android-34-ext11/data/res/values-mcc310-mnc200-in: Cannot change mode to rwxr-xr-x: Operation not permitted
build	Cache Android SDK	2026-06-06T12:22:50.5488454Z /usr/bin/tar: ../../../../../usr/local/lib/android/sdk/platforms/android-34-ext11/data/res/values-mcc310-mnc170-af: Cannot utime: Operation not permitted
build	Cache Android SDK	2026-06-06T12:22:50.5488925Z /usr/bin/tar: ../../../../../usr/local/lib/android/sdk/platforms/android-34-ext11/data/res/values-mcc310-mnc170-af: Cannot change mode to rwxr-xr-x: Operation not permitted
build	Cache Android SDK	2026-06-06T12:22:50.5495024Z /usr/bin/tar: ../../../../../usr/local/lib/android/sdk/platforms/android-34-ext11/data/res/values-hu: Cannot utime: Operation not permitted
build	Cache Android SDK	2026-06-06T12:22:50.5495541Z /usr/bin/tar: ../../../../../usr/local/lib/android/sdk/platforms/android-34-ext11/data/res/values-hu: Cannot change mode to rwxr-xr-x: Operation not permitted
build	Cache Android SDK	2026-06-06T12:22:50.5498453Z /usr/bin/tar: ../../../../../usr/local/lib/android/sdk/platforms/android-34-ext11/data/res/values-mcc310-mnc950-en-rXC: Cannot utime: Operation not permitted
build	Cache Android SDK	2026-06-06T12:22:50.5498961Z /usr/bin/tar: ../../../../../usr/local/lib/android/sdk/platforms/android-34-ext11/data/res/values-mcc310-mnc950-en-rXC: Cannot change mode to rwxr-xr-x: Operation not permitted
build	Cache Android SDK	2026-06-06T12:22:50.5501787Z /usr/bin/tar: ../../../../../usr/local/lib/android/sdk/platforms/android-34-ext11/data/res/values-mcc310: Cannot utime: Operation not permitted
build	Cache Android SDK	2026-06-06T12:22:50.5502252Z /usr/bin/tar: ../../../../../usr/local/lib/android/sdk/platforms/android-34-ext11/data/res/values-mcc310: Cannot change mode to rwxr-xr-x: Operation not permitted
build	Cache Android SDK	2026-06-06T12:22:50.5504755Z /usr/bin/tar: ../../../../../usr/local/lib/android/sdk/platforms/android-34-ext11/data/res/values-mcc312-mnc670-fi: Cannot utime: Operation not permitted
build	Cache Android SDK	2026-06-06T12:22:50.5505237Z /usr/bin/tar: ../../../../../usr/local/lib/android/sdk/platforms/android-34-ext11/data/res/values-mcc312-mnc670-fi: Cannot change mode to rwxr-xr-x: Operation not permitted
build	Cache Android SDK	2026-06-06T12:22:50.5508055Z /usr/bin/tar: ../../../../../usr/local/lib/android/sdk/platforms/android-34-ext11/data/res/values-es-rUS-television: Cannot utime: Operation not permitted
build	Cache Android SDK	2026-06-06T12:22:50.5508534Z /usr/bin/tar: ../../../../../usr/local/lib/android/sdk/platforms/android-34-ext11/data/res/values-es-rUS-television: Cannot change mode to rwxr-xr-x: Operation not permitted
build	Cache Android SDK	2026-06-06T12:22:50.5510837Z /usr/bin/tar: ../../../../../usr/local/lib/android/sdk/platforms/android-34-ext11/data/res/values-mcc310-mnc950-mn: Cannot utime: Operation not permitted
build	Cache Android SDK	2026-06-06T12:22:50.5511322Z /usr/bin/tar: ../../../../../usr/local/lib/android/sdk/platforms/android-34-ext11/data/res/values-mcc310-mnc950-mn: Cannot change mode to rwxr-xr-x: Operation not permitted
build	Cache Android SDK	2026-06-06T12:22:50.5513862Z /usr/bin/tar: ../../../../../usr/local/lib/android/sdk/platforms/android-34-ext11/data/res/values-mcc310-mnc660-et: Cannot utime: Operation not permitted
build	Cache Android SDK	2026-06-06T12:22:50.5514365Z /usr/bin/tar: ../../../../../usr/local/lib/android/sdk/platforms/android-34-ext11/data/res/values-mcc310-mnc660-et: Cannot change mode to rwxr-xr-x: Operation not permitted
build	Cache Android SDK	2026-06-06T12:22:50.5516641Z /usr/bin/tar: ../../../../../usr/local/lib/android/sdk/platforms/android-34-ext11/data/res/values-mcc310-mnc210-ar: Cannot utime: Operation not permitted
build	Cache Android SDK	2026-06-06T12:22:50.5517117Z /usr/bin/tar: ../../../../../usr/local/lib/android/sdk/platforms/android-34-ext11/data/res/values-mcc310-mnc210-ar: Cannot change mode to rwxr-xr-x: Operation not permitted
build	Cache Android SDK	2026-06-06T12:22:50.5519733Z /usr/bin/tar: ../../../../../usr/local/lib/android/sdk/platforms/android-34-ext11/data/res/values-mcc310-mnc270-hi: Cannot utime: Operation not permitted
build	Cache Android SDK	2026-06-06T12:22:50.5520721Z /usr/bin/tar: ../../../../../usr/local/lib/android/sdk/platforms/android-34-ext11/data/res/values-mcc310-mnc270-hi: Cannot change mode to rwxr-xr-x: Operation not permitted
build	Cache Android SDK	2026-06-06T12:22:50.5523139Z /usr/bin/tar: ../../../../../usr/local/lib/android/sdk/platforms/android-34-ext11/data/res/values-mcc311-mnc180-in: Cannot utime: Operation not permitted
build	Cache Android SDK	2026-06-06T12:22:50.5523631Z /usr/bin/tar: ../../../../../usr/local/lib/android/sdk/platforms/android-34-ext11/data/res/values-mcc311-mnc180-in: Cannot change mode to rwxr-xr-x: Operation not permitted
build	Cache Android SDK	2026-06-06T12:22:50.5525971Z /usr/bin/tar: ../../../../../usr/local/lib/android/sdk/platforms/android-34-ext11/data/res/values-mcc310-mnc240-hy: Cannot utime: Operation not permitted
build	Cache Android SDK	2026-06-06T12:22:50.5527100Z /usr/bin/tar: ../../../../../usr/local/lib/android/sdk/platforms/android-34-ext11/data/res/values-mcc310-mnc240-hy: Cannot change mode to rwxr-xr-x: Operation not permitted
build	Cache Android SDK	2026-06-06T12:22:50.5529221Z /usr/bin/tar: ../../../../../usr/local/lib/android/sdk/platforms/android-34-ext11/data/res/values-lv-watch: Cannot utime: Operation not permitted
build	Cache Android SDK	2026-06-06T12:22:50.5529690Z /usr/bin/tar: ../../../../../usr/local/lib/android/sdk/platforms/android-34-ext11/data/res/values-lv-watch: Cannot change mode to rwxr-xr-x: Operation not permitted
build	Cache Android SDK	2026-06-06T12:22:50.5532141Z /usr/bin/tar: ../../../../../usr/local/lib/android/sdk/platforms/android-34-ext11/data/res/values-mcc302-mnc720-ta: Cannot utime: Operation not permitted
build	Cache Android SDK	2026-06-06T12:22:50.5532618Z /usr/bin/tar: ../../../../../usr/local/lib/android/sdk/platforms/android-34-ext11/data/res/values-mcc302-mnc720-ta: Cannot change mode to rwxr-xr-x: Operation not permitted
build	Cache Android SDK	2026-06-06T12:22:50.5535207Z /usr/bin/tar: ../../../../../usr/local/lib/android/sdk/platforms/android-34-ext11/data/res/values-mcc310-mnc200-th: Cannot utime: Operation not permitted
build	Cache Android SDK	2026-06-06T12:22:50.5535773Z /usr/bin/tar: ../../../../../usr/local/lib/android/sdk/platforms/android-34-ext11/data/res/values-mcc310-mnc200-th: Cannot change mode to rwxr-xr-x: Operation not permitted
build	Cache Android SDK	2026-06-06T12:22:50.5539238Z /usr/bin/tar: ../../../../../usr/local/lib/android/sdk/platforms/android-34-ext11/data/res/values-mcc310-mnc160-ta: Cannot utime: Operation not permitted
build	Cache Android SDK	2026-06-06T12:22:50.5539748Z /usr/bin/tar: ../../../../../usr/local/lib/android/sdk/platforms/android-34-ext11/data/res/values-mcc310-mnc160-ta: Cannot change mode to rwxr-xr-x: Operation not permitted
build	Cache Android SDK	2026-06-06T12:22:50.5542817Z /usr/bin/tar: ../../../../../usr/local/lib/android/sdk/platforms/android-34-ext11/data/res/values-mcc310-mnc210-lt: Cannot utime: Operation not permitted
build	Cache Android SDK	2026-06-06T12:22:50.5543293Z /usr/bin/tar: ../../../../../usr/local/lib/android/sdk/platforms/android-34-ext11/data/res/values-mcc310-mnc210-lt: Cannot change mode to rwxr-xr-x: Operation not permitted
build	Cache Android SDK	2026-06-06T12:22:50.5550817Z /usr/bin/tar: ../../../../../usr/local/lib/android/sdk/platforms/android-34-ext11/data/res/values-mcc310-mnc490-my: Cannot utime: Operation not permitted
build	Cache Android SDK	2026-06-06T12:22:50.5551468Z /usr/bin/tar: ../../../../../usr/local/lib/android/sdk/platforms/android-34-ext11/data/res/values-mcc310-mnc490-my: Cannot change mode to rwxr-xr-x: Operation not permitted
build	Cache Android SDK	2026-06-06T12:22:50.5554363Z /usr/bin/tar: ../../../../../usr/local/lib/android/sdk/platforms/android-34-ext11/data/res/values-it-watch: Cannot utime: Operation not permitted
build	Cache Android SDK	2026-06-06T12:22:50.5554903Z /usr/bin/tar: ../../../../../usr/local/lib/android/sdk/platforms/android-34-ext11/data/res/values-it-watch: Cannot change mode to rwxr-xr-x: Operation not permitted
build	Cache Android SDK	2026-06-06T12:22:50.5556916Z /usr/bin/tar: ../../../../../usr/local/lib/android/sdk/platforms/android-34-ext11/data/res/values-mcc310-mnc240-ja: Cannot utime: Operation not permitted
build	Cache Android SDK	2026-06-06T12:22:50.5557684Z /usr/bin/tar: ../../../../../usr/local/lib/android/sdk/platforms/android-34-ext11/data/res/values-mcc310-mnc240-ja: Cannot change mode to rwxr-xr-x: Operation not permitted
build	Cache Android SDK	2026-06-06T12:22:50.5562794Z /usr/bin/tar: ../../../../../usr/local/lib/android/sdk/platforms/android-34-ext11/data/res/values-mcc310-mnc210-zu: Cannot utime: Operation not permitted
build	Cache Android SDK	2026-06-06T12:22:50.5563265Z /usr/bin/tar: ../../../../../usr/local/lib/android/sdk/platforms/android-34-ext11/data/res/values-mcc310-mnc210-zu: Cannot change mode to rwxr-xr-x: Operation not permitted
build	Cache Android SDK	2026-06-06T12:22:50.5566217Z /usr/bin/tar: ../../../../../usr/local/lib/android/sdk/platforms/android-34-ext11/data/res/values-mcc310-mnc250-pa: Cannot utime: Operation not permitted
build	Cache Android SDK	2026-06-06T12:22:50.5566773Z /usr/bin/tar: ../../../../../usr/local/lib/android/sdk/platforms/android-34-ext11/data/res/values-mcc310-mnc250-pa: Cannot change mode to rwxr-xr-x: Operation not permitted
build	Cache Android SDK	2026-06-06T12:22:50.5570247Z /usr/bin/tar: ../../../../../usr/local/lib/android/sdk/platforms/android-34-ext11/data/res/values-mcc310-mnc030-sr: Cannot utime: Operation not permitted
build	Cache Android SDK	2026-06-06T12:22:50.5571393Z /usr/bin/tar: ../../../../../usr/local/lib/android/sdk/platforms/android-34-ext11/data/res/values-mcc310-mnc030-sr: Cannot change mode to rwxr-xr-x: Operation not permitted
build	Cache Android SDK	2026-06-06T12:22:50.5573516Z /usr/bin/tar: ../../../../../usr/local/lib/android/sdk/platforms/android-34-ext11/data/res/values-mcc310-mnc950-pt: Cannot utime: Operation not permitted
build	Cache Android SDK	2026-06-06T12:22:50.5574030Z /usr/bin/tar: ../../../../../usr/local/lib/android/sdk/platforms/android-34-ext11/data/res/values-mcc310-mnc950-pt: Cannot change mode to rwxr-xr-x: Operation not permitted
build	Cache Android SDK	2026-06-06T12:22:50.5577221Z /usr/bin/tar: ../../../../../usr/local/lib/android/sdk/platforms/android-34-ext11/data/res/values-mcc310-mnc560-pa: Cannot utime: Operation not permitted
build	Cache Android SDK	2026-06-06T12:22:50.5577908Z /usr/bin/tar: ../../../../../usr/local/lib/android/sdk/platforms/android-34-ext11/data/res/values-mcc310-mnc560-pa: Cannot change mode to rwxr-xr-x: Operation not permitted
build	Cache Android SDK	2026-06-06T12:22:50.5580003Z /usr/bin/tar: ../../../../../usr/local/lib/android/sdk/platforms/android-34-ext11/data/res/values-mcc310-mnc220-es-rUS: Cannot utime: Operation not permitted
build	Cache Android SDK	2026-06-06T12:22:50.5580589Z /usr/bin/tar: ../../../../../usr/local/lib/android/sdk/platforms/android-34-ext11/data/res/values-mcc310-mnc220-es-rUS: Cannot change mode to rwxr-xr-x: Operation not permitted
build	Cache Android SDK	2026-06-06T12:22:50.5584068Z /usr/bin/tar: ../../../../../usr/local/lib/android/sdk/platforms/android-34-ext11/data/res/values-mcc310-mnc660-bg: Cannot utime: Operation not permitted
build	Cache Android SDK	2026-06-06T12:22:50.5584540Z /usr/bin/tar: ../../../../../usr/local/lib/android/sdk/platforms/android-34-ext11/data/res/values-mcc310-mnc660-bg: Cannot change mode to rwxr-xr-x: Operation not permitted
build	Cache Android SDK	2026-06-06T12:22:50.5587703Z /usr/bin/tar: ../../../../../usr/local/lib/android/sdk/platforms/android-34-ext11/data/res/values-mcc310-mnc380-fa: Cannot utime: Operation not permitted
build	Cache Android SDK	2026-06-06T12:22:50.5588822Z /usr/bin/tar: ../../../../../usr/local/lib/android/sdk/platforms/android-34-ext11/data/res/values-mcc310-mnc380-fa: Cannot change mode to rwxr-xr-x: Operation not permitted
build	Cache Android SDK	2026-06-06T12:22:50.5590860Z /usr/bin/tar: ../../../../../usr/local/lib/android/sdk/platforms/android-34-ext11/data/res/values-mcc001-mnc01-km: Cannot utime: Operation not permitted
build	Cache Android SDK	2026-06-06T12:22:50.5591353Z /usr/bin/tar: ../../../../../usr/local/lib/android/sdk/platforms/android-34-ext11/data/res/values-mcc001-mnc01-km: Cannot change mode to rwxr-xr-x: Operation not permitted
build	Cache Android SDK	2026-06-06T12:22:50.5594067Z /usr/bin/tar: ../../../../../usr/local/lib/android/sdk/platforms/android-34-ext11/data/res/values-mcc310-mnc030-el: Cannot utime: Operation not permitted
build	Cache Android SDK	2026-06-06T12:22:50.5594544Z /usr/bin/tar: ../../../../../usr/local/lib/android/sdk/platforms/android-34-ext11/data/res/values-mcc310-mnc030-el: Cannot change mode to rwxr-xr-x: Operation not permitted
build	Cache Android SDK	2026-06-06T12:22:50.5596957Z /usr/bin/tar: ../../../../../usr/local/lib/android/sdk/platforms/android-34-ext11/data/res/values-mcc310-mnc660-ky: Cannot utime: Operation not permitted
build	Cache Android SDK	2026-06-06T12:22:50.5597660Z /usr/bin/tar: ../../../../../usr/local/lib/android/sdk/platforms/android-34-ext11/data/res/values-mcc310-mnc660-ky: Cannot change mode to rwxr-xr-x: Operation not permitted
build	Cache Android SDK	2026-06-06T12:22:50.5600703Z /usr/bin/tar: ../../../../../usr/local/lib/android/sdk/platforms/android-34-ext11/data/res/values-mcc310-mnc210-uz: Cannot utime: Operation not permitted
build	Cache Android SDK	2026-06-06T12:22:50.5601189Z /usr/bin/tar: ../../../../../usr/local/lib/android/sdk/platforms/android-34-ext11/data/res/values-mcc310-mnc210-uz: Cannot change mode to rwxr-xr-x: Operation not permitted
build	Cache Android SDK	2026-06-06T12:22:50.5603183Z /usr/bin/tar: ../../../../../usr/local/lib/android/sdk/platforms/android-34-ext11/data/res/values-mcc310-mnc310-ur: Cannot utime: Operation not permitted
build	Cache Android SDK	2026-06-06T12:22:50.5603642Z /usr/bin/tar: ../../../../../usr/local/lib/android/sdk/platforms/android-34-ext11/data/res/values-mcc310-mnc310-ur: Cannot change mode to rwxr-xr-x: Operation not permitted
build	Cache Android SDK	2026-06-06T12:22:50.5606136Z /usr/bin/tar: ../../../../../usr/local/lib/android/sdk/platforms/android-34-ext11/data/res/values-mcc310-mnc270-kn: Cannot utime: Operation not permitted
build	Cache Android SDK	2026-06-06T12:22:50.5606616Z /usr/bin/tar: ../../../../../usr/local/lib/android/sdk/platforms/android-34-ext11/data/res/values-mcc310-mnc270-kn: Cannot change mode to rwxr-xr-x: Operation not permitted
build	Cache Android SDK	2026-06-06T12:22:50.5609748Z /usr/bin/tar: ../../../../../usr/local/lib/android/sdk/platforms/android-34-ext11/data/res/values-mcc302-mnc370-or: Cannot utime: Operation not permitted
build	Cache Android SDK	2026-06-06T12:22:50.5610226Z /usr/bin/tar: ../../../../../usr/local/lib/android/sdk/platforms/android-34-ext11/data/res/values-mcc302-mnc370-or: Cannot change mode to rwxr-xr-x: Operation not permitted
build	Cache Android SDK	2026-06-06T12:22:50.5612369Z /usr/bin/tar: ../../../../../usr/local/lib/android/sdk/platforms/android-34-ext11/data/res/values-mcc310-mnc150-hr: Cannot utime: Operation not permitted
build	Cache Android SDK	2026-06-06T12:22:50.5612856Z /usr/bin/tar: ../../../../../usr/local/lib/android/sdk/platforms/android-34-ext11/data/res/values-mcc310-mnc150-hr: Cannot change mode to rwxr-xr-x: Operation not permitted
build	Cache Android SDK	2026-06-06T12:22:50.5620282Z /usr/bin/tar: ../../../../../usr/local/lib/android/sdk/platforms/android-34-ext11/data/res/values-te: Cannot utime: Operation not permitted
build	Cache Android SDK	2026-06-06T12:22:50.5621213Z /usr/bin/tar: ../../../../../usr/local/lib/android/sdk/platforms/android-34-ext11/data/res/values-te: Cannot change mode to rwxr-xr-x: Operation not permitted
build	Cache Android SDK	2026-06-06T12:22:50.5624169Z /usr/bin/tar: ../../../../../usr/local/lib/android/sdk/platforms/android-34-ext11/data/res/values-mcc310-mnc490-es-rUS: Cannot utime: Operation not permitted
build	Cache Android SDK	2026-06-06T12:22:50.5624695Z /usr/bin/tar: ../../../../../usr/local/lib/android/sdk/platforms/android-34-ext11/data/res/values-mcc310-mnc490-es-rUS: Cannot change mode to rwxr-xr-x: Operation not permitted
build	Cache Android SDK	2026-06-06T12:22:50.5627018Z /usr/bin/tar: ../../../../../usr/local/lib/android/sdk/platforms/android-34-ext11/data/res/values-mcc310-mnc310-pt: Cannot utime: Operation not permitted
build	Cache Android SDK	2026-06-06T12:22:50.5627732Z /usr/bin/tar: ../../../../../usr/local/lib/android/sdk/platforms/android-34-ext11/data/res/values-mcc310-mnc310-pt: Cannot change mode to rwxr-xr-x: Operation not permitted
build	Cache Android SDK	2026-06-06T12:22:50.5630371Z /usr/bin/tar: ../../../../../usr/local/lib/android/sdk/platforms/android-34-ext11/data/res/values-mcc310-mnc200-bg: Cannot utime: Operation not permitted
build	Cache Android SDK	2026-06-06T12:22:50.5630855Z /usr/bin/tar: ../../../../../usr/local/lib/android/sdk/platforms/android-34-ext11/data/res/values-mcc310-mnc200-bg: Cannot change mode to rwxr-xr-x: Operation not permitted
build	Cache Android SDK	2026-06-06T12:22:50.5633950Z /usr/bin/tar: ../../../../../usr/local/lib/android/sdk/platforms/android-34-ext11/data/res/values-mcc312-mnc670-fr: Cannot utime: Operation not permitted
build	Cache Android SDK	2026-06-06T12:22:50.5634452Z /usr/bin/tar: ../../../../../usr/local/lib/android/sdk/platforms/android-34-ext11/data/res/values-mcc312-mnc670-fr: Cannot change mode to rwxr-xr-x: Operation not permitted
build	Cache Android SDK	2026-06-06T12:22:50.5636743Z /usr/bin/tar: ../../../../../usr/local/lib/android/sdk/platforms/android-34-ext11/data/res/values-mcc310-mnc560-th: Cannot utime: Operation not permitted
build	Cache Android SDK	2026-06-06T12:22:50.5637231Z /usr/bin/tar: ../../../../../usr/local/lib/android/sdk/platforms/android-34-ext11/data/res/values-mcc310-mnc560-th: Cannot change mode to rwxr-xr-x: Operation not permitted
build	Cache Android SDK	2026-06-06T12:22:50.5639785Z /usr/bin/tar: ../../../../../usr/local/lib/android/sdk/platforms/android-34-ext11/data/res/values-mcc312-mnc670-ta: Cannot utime: Operation not permitted
build	Cache Android SDK	2026-06-06T12:22:50.5640251Z /usr/bin/tar: ../../../../../usr/local/lib/android/sdk/platforms/android-34-ext11/data/res/values-mcc312-mnc670-ta: Cannot change mode to rwxr-xr-x: Operation not permitted
build	Cache Android SDK	2026-06-06T12:22:50.5642708Z /usr/bin/tar: ../../../../../usr/local/lib/android/sdk/platforms/android-34-ext11/data/res/values-mcc312-mnc670-tr: Cannot utime: Operation not permitted
build	Cache Android SDK	2026-06-06T12:22:50.5643274Z /usr/bin/tar: ../../../../../usr/local/lib/android/sdk/platforms/android-34-ext11/data/res/values-mcc312-mnc670-tr: Cannot change mode to rwxr-xr-x: Operation not permitted
build	Cache Android SDK	2026-06-06T12:22:50.5648261Z /usr/bin/tar: ../../../../../usr/local/lib/android/sdk/platforms/android-34-ext11/data/res/values-mcc310-mnc210-zh-rTW: Cannot utime: Operation not permitted
build	Cache Android SDK	2026-06-06T12:22:50.5648760Z /usr/bin/tar: ../../../../../usr/local/lib/android/sdk/platforms/android-34-ext11/data/res/values-mcc310-mnc210-zh-rTW: Cannot change mode to rwxr-xr-x: Operation not permitted
build	Cache Android SDK	2026-06-06T12:22:50.5651242Z /usr/bin/tar: ../../../../../usr/local/lib/android/sdk/platforms/android-34-ext11/data/res/raw-de: Cannot utime: Operation not permitted
build	Cache Android SDK	2026-06-06T12:22:50.5651671Z /usr/bin/tar: ../../../../../usr/local/lib/android/sdk/platforms/android-34-ext11/data/res/raw-de: Cannot change mode to rwxr-xr-x: Operation not permitted
build	Cache Android SDK	2026-06-06T12:22:50.5654583Z /usr/bin/tar: ../../../../../usr/local/lib/android/sdk/platforms/android-34-ext11/data/res/values-mcc312-mnc670-zh-rHK: Cannot utime: Operation not permitted
build	Cache Android SDK	2026-06-06T12:22:50.5655175Z /usr/bin/tar: ../../../../../usr/local/lib/android/sdk/platforms/android-34-ext11/data/res/values-mcc312-mnc670-zh-rHK: Cannot change mode to rwxr-xr-x: Operation not permitted
build	Cache Android SDK	2026-06-06T12:22:50.5657961Z /usr/bin/tar: ../../../../../usr/local/lib/android/sdk/platforms/android-34-ext11/data/res/values-mcc302-mnc370-ro: Cannot utime: Operation not permitted
build	Cache Android SDK	2026-06-06T12:22:50.5658444Z /usr/bin/tar: ../../../../../usr/local/lib/android/sdk/platforms/android-34-ext11/data/res/values-mcc302-mnc370-ro: Cannot change mode to rwxr-xr-x: Operation not permitted
build	Cache Android SDK	2026-06-06T12:22:50.5660981Z /usr/bin/tar: ../../../../../usr/local/lib/android/sdk/platforms/android-34-ext11/data/res/values-mcc310-mnc240-mn: Cannot utime: Operation not permitted
build	Cache Android SDK	2026-06-06T12:22:50.5661455Z /usr/bin/tar: ../../../../../usr/local/lib/android/sdk/platforms/android-34-ext11/data/res/values-mcc310-mnc240-mn: Cannot change mode to rwxr-xr-x: Operation not permitted
build	Cache Android SDK	2026-06-06T12:22:50.5664360Z /usr/bin/tar: ../../../../../usr/local/lib/android/sdk/platforms/android-34-ext11/data/res/values-mcc310-mnc240-bn: Cannot utime: Operation not permitted
build	Cache Android SDK	2026-06-06T12:22:50.5664848Z /usr/bin/tar: ../../../../../usr/local/lib/android/sdk/platforms/android-34-ext11/data/res/values-mcc310-mnc240-bn: Cannot change mode to rwxr-xr-x: Operation not permitted
build	Cache Android SDK	2026-06-06T12:22:50.5667727Z /usr/bin/tar: ../../../../../usr/local/lib/android/sdk/platforms/android-34-ext11/data/res/values-mcc310-mnc560-be: Cannot utime: Operation not permitted
build	Cache Android SDK	2026-06-06T12:22:50.5668775Z /usr/bin/tar: ../../../../../usr/local/lib/android/sdk/platforms/android-34-ext11/data/res/values-mcc310-mnc560-be: Cannot change mode to rwxr-xr-x: Operation not permitted
build	Cache Android SDK	2026-06-06T12:22:50.5670363Z /usr/bin/tar: ../../../../../usr/local/lib/android/sdk/platforms/android-34-ext11/data/res/values-mcc313-mnc100-th: Cannot utime: Operation not permitted
build	Cache Android SDK	2026-06-06T12:22:50.5670988Z /usr/bin/tar: ../../../../../usr/local/lib/android/sdk/platforms/android-34-ext11/data/res/values-mcc313-mnc100-th: Cannot change mode to rwxr-xr-x: Operation not permitted
build	Cache Android SDK	2026-06-06T12:22:50.5673089Z /usr/bin/tar: ../../../../../usr/local/lib/android/sdk/platforms/android-34-ext11/data/res/values-mcc310-mnc220-el: Cannot utime: Operation not permitted
build	Cache Android SDK	2026-06-06T12:22:50.5673559Z /usr/bin/tar: ../../../../../usr/local/lib/android/sdk/platforms/android-34-ext11/data/res/values-mcc310-mnc220-el: Cannot change mode to rwxr-xr-x: Operation not permitted
build	Cache Android SDK	2026-06-06T12:22:50.5675840Z /usr/bin/tar: ../../../../../usr/local/lib/android/sdk/platforms/android-34-ext11/data/res/values-mcc311-mnc180-si: Cannot utime: Operation not permitted
build	Cache Android SDK	2026-06-06T12:22:50.5676311Z /usr/bin/tar: ../../../../../usr/local/lib/android/sdk/platforms/android-34-ext11/data/res/values-mcc311-mnc180-si: Cannot change mode to rwxr-xr-x: Operation not permitted
build	Cache Android SDK	2026-06-06T12:22:50.5678932Z /usr/bin/tar: ../../../../../usr/local/lib/android/sdk/platforms/android-34-ext11/data/res/values-mcc310-mnc250-uk: Cannot utime: Operation not permitted
build	Cache Android SDK	2026-06-06T12:22:50.5679472Z /usr/bin/tar: ../../../../../usr/local/lib/android/sdk/platforms/android-34-ext11/data/res/values-mcc310-mnc250-uk: Cannot change mode to rwxr-xr-x: Operation not permitted
build	Cache Android SDK	2026-06-06T12:22:50.5681849Z /usr/bin/tar: ../../../../../usr/local/lib/android/sdk/platforms/android-34-ext11/data/res/values-mcc313-mnc100-en-rCA: Cannot utime: Operation not permitted
build	Cache Android SDK	2026-06-06T12:22:50.5682343Z /usr/bin/tar: ../../../../../usr/local/lib/android/sdk/platforms/android-34-ext11/data/res/values-mcc313-mnc100-en-rCA: Cannot change mode to rwxr-xr-x: Operation not permitted
build	Cache Android SDK	2026-06-06T12:22:50.5685247Z /usr/bin/tar: ../../../../../usr/local/lib/android/sdk/platforms/android-34-ext11/data/res/raw-ar: Cannot utime: Operation not permitted
build	Cache Android SDK	2026-06-06T12:22:50.5685671Z /usr/bin/tar: ../../../../../usr/local/lib/android/sdk/platforms/android-34-ext11/data/res/raw-ar: Cannot change mode to rwxr-xr-x: Operation not permitted
build	Cache Android SDK	2026-06-06T12:22:50.5688783Z /usr/bin/tar: ../../../../../usr/local/lib/android/sdk/platforms/android-34-ext11/data/res/values-mcc310-mnc660-ro: Cannot utime: Operation not permitted
build	Cache Android SDK	2026-06-06T12:22:50.5689329Z /usr/bin/tar: ../../../../../usr/local/lib/android/sdk/platforms/android-34-ext11/data/res/values-mcc310-mnc660-ro: Cannot change mode to rwxr-xr-x: Operation not permitted
build	Cache Android SDK	2026-06-06T12:22:50.5692296Z /usr/bin/tar: ../../../../../usr/local/lib/android/sdk/platforms/android-34-ext11/data/res/values-mcc312-mnc670-az: Cannot utime: Operation not permitted
build	Cache Android SDK	2026-06-06T12:22:50.5692765Z /usr/bin/tar: ../../../../../usr/local/lib/android/sdk/platforms/android-34-ext11/data/res/values-mcc312-mnc670-az: Cannot change mode to rwxr-xr-x: Operation not permitted
build	Cache Android SDK	2026-06-06T12:22:50.5695356Z /usr/bin/tar: ../../../../../usr/local/lib/android/sdk/platforms/android-34-ext11/data/res/values-mcc310-mnc250-in: Cannot utime: Operation not permitted
build	Cache Android SDK	2026-06-06T12:22:50.5695894Z /usr/bin/tar: ../../../../../usr/local/lib/android/sdk/platforms/android-34-ext11/data/res/values-mcc310-mnc250-in: Cannot change mode to rwxr-xr-x: Operation not permitted
build	Cache Android SDK	2026-06-06T12:22:50.5698616Z /usr/bin/tar: ../../../../../usr/local/lib/android/sdk/platforms/android-34-ext11/data/res/values-mcc313-mnc100-iw: Cannot utime: Operation not permitted
build	Cache Android SDK	2026-06-06T12:22:50.5699093Z /usr/bin/tar: ../../../../../usr/local/lib/android/sdk/platforms/android-34-ext11/data/res/values-mcc313-mnc100-iw: Cannot change mode to rwxr-xr-x: Operation not permitted
build	Cache Android SDK	2026-06-06T12:22:50.5701890Z /usr/bin/tar: ../../../../../usr/local/lib/android/sdk/platforms/android-34-ext11/data/res/values-w170dp-notround-watch: Cannot utime: Operation not permitted
build	Cache Android SDK	2026-06-06T12:22:50.5702387Z /usr/bin/tar: ../../../../../usr/local/lib/android/sdk/platforms/android-34-ext11/data/res/values-w170dp-notround-watch: Cannot change mode to rwxr-xr-x: Operation not permitted
build	Cache Android SDK	2026-06-06T12:22:50.5708876Z /usr/bin/tar: ../../../../../usr/local/lib/android/sdk/platforms/android-34-ext11/data/res/values-pa: Cannot utime: Operation not permitted
build	Cache Android SDK	2026-06-06T12:22:50.5709408Z /usr/bin/tar: ../../../../../usr/local/lib/android/sdk/platforms/android-34-ext11/data/res/values-pa: Cannot change mode to rwxr-xr-x: Operation not permitted
build	Cache Android SDK	2026-06-06T12:22:50.5711906Z /usr/bin/tar: ../../../../../usr/local/lib/android/sdk/platforms/android-34-ext11/data/res/values-mcc310-mnc240-sl: Cannot utime: Operation not permitted
build	Cache Android SDK	2026-06-06T12:22:50.5712380Z /usr/bin/tar: ../../../../../usr/local/lib/android/sdk/platforms/android-34-ext11/data/res/values-mcc310-mnc240-sl: Cannot change mode to rwxr-xr-x: Operation not permitted
build	Cache Android SDK	2026-06-06T12:22:50.5714809Z /usr/bin/tar: ../../../../../usr/local/lib/android/sdk/platforms/android-34-ext11/data/res/values-mcc310-mnc490-ky: Cannot utime: Operation not permitted
build	Cache Android SDK	2026-06-06T12:22:50.5715273Z /usr/bin/tar: ../../../../../usr/local/lib/android/sdk/platforms/android-34-ext11/data/res/values-mcc310-mnc490-ky: Cannot change mode to rwxr-xr-x: Operation not permitted
build	Cache Android SDK	2026-06-06T12:22:50.5718009Z /usr/bin/tar: ../../../../../usr/local/lib/android/sdk/platforms/android-34-ext11/data/res/values-mcc310-mnc170-pt-rPT: Cannot utime: Operation not permitted
build	Cache Android SDK	2026-06-06T12:22:50.5718494Z /usr/bin/tar: ../../../../../usr/local/lib/android/sdk/platforms/android-34-ext11/data/res/values-mcc310-mnc170-pt-rPT: Cannot change mode to rwxr-xr-x: Operation not permitted
build	Cache Android SDK	2026-06-06T12:22:50.5721123Z /usr/bin/tar: ../../../../../usr/local/lib/android/sdk/platforms/android-34-ext11/data/res/values-mcc310-mnc560-bg: Cannot utime: Operation not permitted
build	Cache Android SDK	2026-06-06T12:22:50.5721586Z /usr/bin/tar: ../../../../../usr/local/lib/android/sdk/platforms/android-34-ext11/data/res/values-mcc310-mnc560-bg: Cannot change mode to rwxr-xr-x: Operation not permitted
build	Cache Android SDK	2026-06-06T12:22:50.5724165Z /usr/bin/tar: ../../../../../usr/local/lib/android/sdk/platforms/android-34-ext11/data/res/values-mcc310-mnc150-en-rCA: Cannot utime: Operation not permitted
build	Cache Android SDK	2026-06-06T12:22:50.5724655Z /usr/bin/tar: ../../../../../usr/local/lib/android/sdk/platforms/android-34-ext11/data/res/values-mcc310-mnc150-en-rCA: Cannot change mode to rwxr-xr-x: Operation not permitted
build	Cache Android SDK	2026-06-06T12:22:50.5728328Z /usr/bin/tar: ../../../../../usr/local/lib/android/sdk/platforms/android-34-ext11/data/res/values-mcc310-mnc800-es: Cannot utime: Operation not permitted
build	Cache Android SDK	2026-06-06T12:22:50.5728907Z /usr/bin/tar: ../../../../../usr/local/lib/android/sdk/platforms/android-34-ext11/data/res/values-mcc310-mnc800-es: Cannot change mode to rwxr-xr-x: Operation not permitted
build	Cache Android SDK	2026-06-06T12:22:50.5731216Z /usr/bin/tar: ../../../../../usr/local/lib/android/sdk/platforms/android-34-ext11/data/res/values-mcc001-mnc01-cs: Cannot utime: Operation not permitted
build	Cache Android SDK	2026-06-06T12:22:50.5731698Z /usr/bin/tar: ../../../../../usr/local/lib/android/sdk/platforms/android-34-ext11/data/res/values-mcc001-mnc01-cs: Cannot change mode to rwxr-xr-x: Operation not permitted
build	Cache Android SDK	2026-06-06T12:22:50.5734637Z /usr/bin/tar: ../../../../../usr/local/lib/android/sdk/platforms/android-34-ext11/data/res/values-mcc311-mnc180-tr: Cannot utime: Operation not permitted
build	Cache Android SDK	2026-06-06T12:22:50.5735129Z /usr/bin/tar: ../../../../../usr/local/lib/android/sdk/platforms/android-34-ext11/data/res/values-mcc311-mnc180-tr: Cannot change mode to rwxr-xr-x: Operation not permitted
build	Cache Android SDK	2026-06-06T12:22:50.5740012Z /usr/bin/tar: ../../../../../usr/local/lib/android/sdk/platforms/android-34-ext11/data/res/values-mcc310-mnc030-vi: Cannot utime: Operation not permitted
build	Cache Android SDK	2026-06-06T12:22:50.5740515Z /usr/bin/tar: ../../../../../usr/local/lib/android/sdk/platforms/android-34-ext11/data/res/values-mcc310-mnc030-vi: Cannot change mode to rwxr-xr-x: Operation not permitted
build	Cache Android SDK	2026-06-06T12:22:50.5743251Z /usr/bin/tar: ../../../../../usr/local/lib/android/sdk/platforms/android-34-ext11/data/res/values-mcc310-mnc280-sw: Cannot utime: Operation not permitted
build	Cache Android SDK	2026-06-06T12:22:50.5743728Z /usr/bin/tar: ../../../../../usr/local/lib/android/sdk/platforms/android-34-ext11/data/res/values-mcc310-mnc280-sw: Cannot change mode to rwxr-xr-x: Operation not permitted
build	Cache Android SDK	2026-06-06T12:22:50.5746549Z /usr/bin/tar: ../../../../../usr/local/lib/android/sdk/platforms/android-34-ext11/data/res/values-mcc302-mnc720-hr: Cannot utime: Operation not permitted
build	Cache Android SDK	2026-06-06T12:22:50.5747044Z /usr/bin/tar: ../../../../../usr/local/lib/android/sdk/platforms/android-34-ext11/data/res/values-mcc302-mnc720-hr: Cannot change mode to rwxr-xr-x: Operation not permitted
build	Cache Android SDK	2026-06-06T12:22:50.5749531Z /usr/bin/tar: ../../../../../usr/local/lib/android/sdk/platforms/android-34-ext11/data/res/values-mcc310-mnc170-fi: Cannot utime: Operation not permitted
build	Cache Android SDK	2026-06-06T12:22:50.5750003Z /usr/bin/tar: ../../../../../usr/local/lib/android/sdk/platforms/android-34-ext11/data/res/values-mcc310-mnc170-fi: Cannot change mode to rwxr-xr-x: Operation not permitted
build	Cache Android SDK	2026-06-06T12:22:50.5752618Z /usr/bin/tar: ../../../../../usr/local/lib/android/sdk/platforms/android-34-ext11/data/res/values-mcc312-mnc670-es-rUS: Cannot utime: Operation not permitted
build	Cache Android SDK	2026-06-06T12:22:50.5753242Z /usr/bin/tar: ../../../../../usr/local/lib/android/sdk/platforms/android-34-ext11/data/res/values-mcc312-mnc670-es-rUS: Cannot change mode to rwxr-xr-x: Operation not permitted
build	Cache Android SDK	2026-06-06T12:22:50.5755804Z /usr/bin/tar: ../../../../../usr/local/lib/android/sdk/platforms/android-34-ext11/data/res/values-w198dp: Cannot utime: Operation not permitted
build	Cache Android SDK	2026-06-06T12:22:50.5756273Z /usr/bin/tar: ../../../../../usr/local/lib/android/sdk/platforms/android-34-ext11/data/res/values-w198dp: Cannot change mode to rwxr-xr-x: Operation not permitted
build	Cache Android SDK	2026-06-06T12:22:50.5758692Z /usr/bin/tar: ../../../../../usr/local/lib/android/sdk/platforms/android-34-ext11/data/res/values-mcc310-mnc280-ne: Cannot utime: Operation not permitted
build	Cache Android SDK	2026-06-06T12:22:50.5759166Z /usr/bin/tar: ../../../../../usr/local/lib/android/sdk/platforms/android-34-ext11/data/res/values-mcc310-mnc280-ne: Cannot change mode to rwxr-xr-x: Operation not permitted
build	Cache Android SDK	2026-06-06T12:22:50.5761626Z /usr/bin/tar: ../../../../../usr/local/lib/android/sdk/platforms/android-34-ext11/data/res/values-bs-watch: Cannot utime: Operation not permitted
build	Cache Android SDK	2026-06-06T12:22:50.5762156Z /usr/bin/tar: ../../../../../usr/local/lib/android/sdk/platforms/android-34-ext11/data/res/values-bs-watch: Cannot change mode to rwxr-xr-x: Operation not permitted
build	Cache Android SDK	2026-06-06T12:22:50.5764839Z /usr/bin/tar: ../../../../../usr/local/lib/android/sdk/platforms/android-34-ext11/data/res/values-mcc310-mnc160-ca: Cannot utime: Operation not permitted
build	Cache Android SDK	2026-06-06T12:22:50.5765338Z /usr/bin/tar: ../../../../../usr/local/lib/android/sdk/platforms/android-34-ext11/data/res/values-mcc310-mnc160-ca: Cannot change mode to rwxr-xr-x: Operation not permitted
build	Cache Android SDK	2026-06-06T12:22:50.5767715Z /usr/bin/tar: ../../../../../usr/local/lib/android/sdk/platforms/android-34-ext11/data/res/values-mcc310-mnc150-hu: Cannot utime: Operation not permitted
build	Cache Android SDK	2026-06-06T12:22:50.5768194Z /usr/bin/tar: ../../../../../usr/local/lib/android/sdk/platforms/android-34-ext11/data/res/values-mcc310-mnc150-hu: Cannot change mode to rwxr-xr-x: Operation not permitted
build	Cache Android SDK	2026-06-06T12:22:50.5772745Z /usr/bin/tar: ../../../../../usr/local/lib/android/sdk/platforms/android-34-ext11/data/res/transition: Cannot utime: Operation not permitted
build	Cache Android SDK	2026-06-06T12:22:50.5773222Z /usr/bin/tar: ../../../../../usr/local/lib/android/sdk/platforms/android-34-ext11/data/res/transition: Cannot change mode to rwxr-xr-x: Operation not permitted
build	Cache Android SDK	2026-06-06T12:22:50.5775586Z /usr/bin/tar: ../../../../../usr/local/lib/android/sdk/platforms/android-34-ext11/data/res/values-mcc310-mnc230-ko: Cannot utime: Operation not permitted
build	Cache Android SDK	2026-06-06T12:22:50.5776084Z /usr/bin/tar: ../../../../../usr/local/lib/android/sdk/platforms/android-34-ext11/data/res/values-mcc310-mnc230-ko: Cannot change mode to rwxr-xr-x: Operation not permitted
build	Cache Android SDK	2026-06-06T12:22:50.5779282Z /usr/bin/tar: ../../../../../usr/local/lib/android/sdk/platforms/android-34-ext11/data/res/values-mcc310-mnc270-am: Cannot utime: Operation not permitted
build	Cache Android SDK	2026-06-06T12:22:50.5779925Z /usr/bin/tar: ../../../../../usr/local/lib/android/sdk/platforms/android-34-ext11/data/res/values-mcc310-mnc270-am: Cannot change mode to rwxr-xr-x: Operation not permitted
build	Cache Android SDK	2026-06-06T12:22:50.5782780Z /usr/bin/tar: ../../../../../usr/local/lib/android/sdk/platforms/android-34-ext11/data/res/values-mcc312-mnc670-uk: Cannot utime: Operation not permitted
build	Cache Android SDK	2026-06-06T12:22:50.5783248Z /usr/bin/tar: ../../../../../usr/local/lib/android/sdk/platforms/android-34-ext11/data/res/values-mcc312-mnc670-uk: Cannot change mode to rwxr-xr-x: Operation not permitted
build	Cache Android SDK	2026-06-06T12:22:50.5785739Z /usr/bin/tar: ../../../../../usr/local/lib/android/sdk/platforms/android-34-ext11/data/res/values-mcc310-mnc210-zh-rCN: Cannot utime: Operation not permitted
build	Cache Android SDK	2026-06-06T12:22:50.5786230Z /usr/bin/tar: ../../../../../usr/local/lib/android/sdk/platforms/android-34-ext11/data/res/values-mcc310-mnc210-zh-rCN: Cannot change mode to rwxr-xr-x: Operation not permitted
build	Cache Android SDK	2026-06-06T12:22:50.5788619Z /usr/bin/tar: ../../../../../usr/local/lib/android/sdk/platforms/android-34-ext11/data/res/values-mcc302-mnc660: Cannot utime: Operation not permitted
build	Cache Android SDK	2026-06-06T12:22:50.5789179Z /usr/bin/tar: ../../../../../usr/local/lib/android/sdk/platforms/android-34-ext11/data/res/values-mcc302-mnc660: Cannot change mode to rwxr-xr-x: Operation not permitted
build	Cache Android SDK	2026-06-06T12:22:50.5792486Z /usr/bin/tar: ../../../../../usr/local/lib/android/sdk/platforms/android-34-ext11/data/res/values-mcc310-mnc950-gl: Cannot utime: Operation not permitted
build	Cache Android SDK	2026-06-06T12:22:50.5792957Z /usr/bin/tar: ../../../../../usr/local/lib/android/sdk/platforms/android-34-ext11/data/res/values-mcc310-mnc950-gl: Cannot change mode to rwxr-xr-x: Operation not permitted
build	Cache Android SDK	2026-06-06T12:22:50.5795595Z /usr/bin/tar: ../../../../../usr/local/lib/android/sdk/platforms/android-34-ext11/data/res/values-mcc302-mnc720-is: Cannot utime: Operation not permitted
build	Cache Android SDK	2026-06-06T12:22:50.5796069Z /usr/bin/tar: ../../../../../usr/local/lib/android/sdk/platforms/android-34-ext11/data/res/values-mcc302-mnc720-is: Cannot change mode to rwxr-xr-x: Operation not permitted
build	Cache Android SDK	2026-06-06T12:22:50.5798516Z /usr/bin/tar: ../../../../../usr/local/lib/android/sdk/platforms/android-34-ext11/data/res/values-mcc310-mnc240-ms: Cannot utime: Operation not permitted
build	Cache Android SDK	2026-06-06T12:22:50.5799142Z /usr/bin/tar: ../../../../../usr/local/lib/android/sdk/platforms/android-34-ext11/data/res/values-mcc310-mnc240-ms: Cannot change mode to rwxr-xr-x: Operation not permitted
build	Cache Android SDK	2026-06-06T12:22:50.5804854Z /usr/bin/tar: ../../../../../usr/local/lib/android/sdk/platforms/android-34-ext11/data/res/values-sk: Cannot utime: Operation not permitted
build	Cache Android SDK	2026-06-06T12:22:50.5805362Z /usr/bin/tar: ../../../../../usr/local/lib/android/sdk/platforms/android-34-ext11/data/res/values-sk: Cannot change mode to rwxr-xr-x: Operation not permitted
build	Cache Android SDK	2026-06-06T12:22:50.5807724Z /usr/bin/tar: ../../../../../usr/local/lib/android/sdk/platforms/android-34-ext11/data/res/values-mcc310-mnc160-eu: Cannot utime: Operation not permitted
build	Cache Android SDK	2026-06-06T12:22:50.5808324Z /usr/bin/tar: ../../../../../usr/local/lib/android/sdk/platforms/android-34-ext11/data/res/values-mcc310-mnc160-eu: Cannot change mode to rwxr-xr-x: Operation not permitted
build	Cache Android SDK	2026-06-06T12:22:50.5810603Z /usr/bin/tar: ../../../../../usr/local/lib/android/sdk/platforms/android-34-ext11/data/res/values-mcc310-mnc660-es-rUS: Cannot utime: Operation not permitted
build	Cache Android SDK	2026-06-06T12:22:50.5811087Z /usr/bin/tar: ../../../../../usr/local/lib/android/sdk/platforms/android-34-ext11/data/res/values-mcc310-mnc660-es-rUS: Cannot change mode to rwxr-xr-x: Operation not permitted
build	Cache Android SDK	2026-06-06T12:22:50.5813803Z /usr/bin/tar: ../../../../../usr/local/lib/android/sdk/platforms/android-34-ext11/data/res/values-mcc310-mnc210-az: Cannot utime: Operation not permitted
build	Cache Android SDK	2026-06-06T12:22:50.5814299Z /usr/bin/tar: ../../../../../usr/local/lib/android/sdk/platforms/android-34-ext11/data/res/values-mcc310-mnc210-az: Cannot change mode to rwxr-xr-x: Operation not permitted
build	Cache Android SDK	2026-06-06T12:22:50.5817098Z /usr/bin/tar: ../../../../../usr/local/lib/android/sdk/platforms/android-34-ext11/data/res/values-mcc312-mnc670-el: Cannot utime: Operation not permitted
build	Cache Android SDK	2026-06-06T12:22:50.5817964Z /usr/bin/tar: ../../../../../usr/local/lib/android/sdk/platforms/android-34-ext11/data/res/values-mcc312-mnc670-el: Cannot change mode to rwxr-xr-x: Operation not permitted
build	Cache Android SDK	2026-06-06T12:22:50.5819930Z /usr/bin/tar: ../../../../../usr/local/lib/android/sdk/platforms/android-34-ext11/data/res/values-mcc310-mnc310-en-rIN: Cannot utime: Operation not permitted
build	Cache Android SDK	2026-06-06T12:22:50.5820629Z /usr/bin/tar: ../../../../../usr/local/lib/android/sdk/platforms/android-34-ext11/data/res/values-mcc310-mnc310-en-rIN: Cannot change mode to rwxr-xr-x: Operation not permitted
build	Cache Android SDK	2026-06-06T12:22:50.5823087Z /usr/bin/tar: ../../../../../usr/local/lib/android/sdk/platforms/android-34-ext11/data/res/values-mcc310-mnc380-am: Cannot utime: Operation not permitted
build	Cache Android SDK	2026-06-06T12:22:50.5823568Z /usr/bin/tar: ../../../../../usr/local/lib/android/sdk/platforms/android-34-ext11/data/res/values-mcc310-mnc380-am: Cannot change mode to rwxr-xr-x: Operation not permitted
build	Cache Android SDK	2026-06-06T12:22:50.5826119Z /usr/bin/tar: ../../../../../usr/local/lib/android/sdk/platforms/android-34-ext11/data/res/values-mcc310-mnc280-fr-rCA: Cannot utime: Operation not permitted
build	Cache Android SDK	2026-06-06T12:22:50.5826623Z /usr/bin/tar: ../../../../../usr/local/lib/android/sdk/platforms/android-34-ext11/data/res/values-mcc310-mnc280-fr-rCA: Cannot change mode to rwxr-xr-x: Operation not permitted
build	Cache Android SDK	2026-06-06T12:22:50.5828972Z /usr/bin/tar: ../../../../../usr/local/lib/android/sdk/platforms/android-34-ext11/data/res/values-mcc311-mnc180-es-rUS: Cannot utime: Operation not permitted
build	Cache Android SDK	2026-06-06T12:22:50.5829461Z /usr/bin/tar: ../../../../../usr/local/lib/android/sdk/platforms/android-34-ext11/data/res/values-mcc311-mnc180-es-rUS: Cannot change mode to rwxr-xr-x: Operation not permitted
build	Cache Android SDK	2026-06-06T12:22:50.5831970Z /usr/bin/tar: ../../../../../usr/local/lib/android/sdk/platforms/android-34-ext11/data/res/raw-rm: Cannot utime: Operation not permitted
build	Cache Android SDK	2026-06-06T12:22:50.5832404Z /usr/bin/tar: ../../../../../usr/local/lib/android/sdk/platforms/android-34-ext11/data/res/raw-rm: Cannot change mode to rwxr-xr-x: Operation not permitted
build	Cache Android SDK	2026-06-06T12:22:50.5834762Z /usr/bin/tar: ../../../../../usr/local/lib/android/sdk/platforms/android-34-ext11/data/res/values-mcc310-mnc310-bs: Cannot utime: Operation not permitted
build	Cache Android SDK	2026-06-06T12:22:50.5835230Z /usr/bin/tar: ../../../../../usr/local/lib/android/sdk/platforms/android-34-ext11/data/res/values-mcc310-mnc310-bs: Cannot change mode to rwxr-xr-x: Operation not permitted
build	Cache Android SDK	2026-06-06T12:22:50.5838096Z /usr/bin/tar: ../../../../../usr/local/lib/android/sdk/platforms/android-34-ext11/data/res/values-lt-watch: Cannot utime: Operation not permitted
build	Cache Android SDK	2026-06-06T12:22:50.5838550Z /usr/bin/tar: ../../../../../usr/local/lib/android/sdk/platforms/android-34-ext11/data/res/values-lt-watch: Cannot change mode to rwxr-xr-x: Operation not permitted
build	Cache Android SDK	2026-06-06T12:22:50.5841268Z /usr/bin/tar: ../../../../../usr/local/lib/android/sdk/platforms/android-34-ext11/data/res/values-mcc302-mnc720-de: Cannot utime: Operation not permitted
build	Cache Android SDK	2026-06-06T12:22:50.5841841Z /usr/bin/tar: ../../../../../usr/local/lib/android/sdk/platforms/android-34-ext11/data/res/values-mcc302-mnc720-de: Cannot change mode to rwxr-xr-x: Operation not permitted
build	Cache Android SDK	2026-06-06T12:22:50.5844164Z /usr/bin/tar: ../../../../../usr/local/lib/android/sdk/platforms/android-34-ext11/data/res/values-mcc310-mnc660-vi: Cannot utime: Operation not permitted
build	Cache Android SDK	2026-06-06T12:22:50.5844632Z /usr/bin/tar: ../../../../../usr/local/lib/android/sdk/platforms/android-34-ext11/data/res/values-mcc310-mnc660-vi: Cannot change mode to rwxr-xr-x: Operation not permitted
build	Cache Android SDK	2026-06-06T12:22:50.5847520Z /usr/bin/tar: ../../../../../usr/local/lib/android/sdk/platforms/android-34-ext11/data/res/values-mcc310-mnc950-lt: Cannot utime: Operation not permitted
build	Cache Android SDK	2026-06-06T12:22:50.5848104Z /usr/bin/tar: ../../../../../usr/local/lib/android/sdk/platforms/android-34-ext11/data/res/values-mcc310-mnc950-lt: Cannot change mode to rwxr-xr-x: Operation not permitted
build	Cache Android SDK	2026-06-06T12:22:50.5850185Z /usr/bin/tar: ../../../../../usr/local/lib/android/sdk/platforms/android-34-ext11/data/res/values-mcc310-mnc280-sr: Cannot utime: Operation not permitted
build	Cache Android SDK	2026-06-06T12:22:50.5850651Z /usr/bin/tar: ../../../../../usr/local/lib/android/sdk/platforms/android-34-ext11/data/res/values-mcc310-mnc280-sr: Cannot change mode to rwxr-xr-x: Operation not permitted
build	Cache Android SDK	2026-06-06T12:22:50.5853339Z /usr/bin/tar: ../../../../../usr/local/lib/android/sdk/platforms/android-34-ext11/data/res/mipmap-xxxhdpi: Cannot utime: Operation not permitted
build	Cache Android SDK	2026-06-06T12:22:50.5853802Z /usr/bin/tar: ../../../../../usr/local/lib/android/sdk/platforms/android-34-ext11/data/res/mipmap-xxxhdpi: Cannot change mode to rwxr-xr-x: Operation not permitted
build	Cache Android SDK	2026-06-06T12:22:50.5856829Z /usr/bin/tar: ../../../../../usr/local/lib/android/sdk/platforms/android-34-ext11/data/res/values-notround-watch: Cannot utime: Operation not permitted
build	Cache Android SDK	2026-06-06T12:22:50.5857316Z /usr/bin/tar: ../../../../../usr/local/lib/android/sdk/platforms/android-34-ext11/data/res/values-notround-watch: Cannot change mode to rwxr-xr-x: Operation not permitted
build	Cache Android SDK	2026-06-06T12:22:50.5859742Z /usr/bin/tar: ../../../../../usr/local/lib/android/sdk/platforms/android-34-ext11/data/res/values-mcc310-mnc660-bn: Cannot utime: Operation not permitted
build	Cache Android SDK	2026-06-06T12:22:50.5860246Z /usr/bin/tar: ../../../../../usr/local/lib/android/sdk/platforms/android-34-ext11/data/res/values-mcc310-mnc660-bn: Cannot change mode to rwxr-xr-x: Operation not permitted
build	Cache Android SDK	2026-06-06T12:22:50.5865994Z /usr/bin/tar: ../../../../../usr/local/lib/android/sdk/platforms/android-34-ext11/data/res/values-mcc313-mnc100-as: Cannot utime: Operation not permitted
build	Cache Android SDK	2026-06-06T12:22:50.5866539Z /usr/bin/tar: ../../../../../usr/local/lib/android/sdk/platforms/android-34-ext11/data/res/values-mcc313-mnc100-as: Cannot change mode to rwxr-xr-x: Operation not permitted
build	Cache Android SDK	2026-06-06T12:22:50.5869158Z /usr/bin/tar: ../../../../../usr/local/lib/android/sdk/platforms/android-34-ext11/data/res/values-mcc310-mnc170-pt-rBR: Cannot utime: Operation not permitted
build	Cache Android SDK	2026-06-06T12:22:50.5869654Z /usr/bin/tar: ../../../../../usr/local/lib/android/sdk/platforms/android-34-ext11/data/res/values-mcc310-mnc170-pt-rBR: Cannot change mode to rwxr-xr-x: Operation not permitted
build	Cache Android SDK	2026-06-06T12:22:50.5872429Z /usr/bin/tar: ../../../../../usr/local/lib/android/sdk/platforms/android-34-ext11/data/res/values-mcc310-mnc200-nb: Cannot utime: Operation not permitted
build	Cache Android SDK	2026-06-06T12:22:50.5872897Z /usr/bin/tar: ../../../../../usr/local/lib/android/sdk/platforms/android-34-ext11/data/res/values-mcc310-mnc200-nb: Cannot change mode to rwxr-xr-x: Operation not permitted
build	Cache Android SDK	2026-06-06T12:22:50.5875530Z /usr/bin/tar: ../../../../../usr/local/lib/android/sdk/platforms/android-34-ext11/data/res/values-mcc313-mnc100-nl: Cannot utime: Operation not permitted
build	Cache Android SDK	2026-06-06T12:22:50.5876000Z /usr/bin/tar: ../../../../../usr/local/lib/android/sdk/platforms/android-34-ext11/data/res/values-mcc313-mnc100-nl: Cannot change mode to rwxr-xr-x: Operation not permitted
build	Cache Android SDK	2026-06-06T12:22:50.5878661Z /usr/bin/tar: ../../../../../usr/local/lib/android/sdk/platforms/android-34-ext11/data/res/values-mcc310-mnc380-ka: Cannot utime: Operation not permitted
build	Cache Android SDK	2026-06-06T12:22:50.5879146Z /usr/bin/tar: ../../../../../usr/local/lib/android/sdk/platforms/android-34-ext11/data/res/values-mcc310-mnc380-ka: Cannot change mode to rwxr-xr-x: Operation not permitted
build	Cache Android SDK	2026-06-06T12:22:50.5883460Z /usr/bin/tar: ../../../../../usr/local/lib/android/sdk/platforms/android-34-ext11/data/res/values-mcc310-mnc240-nl: Cannot utime: Operation not permitted
build	Cache Android SDK	2026-06-06T12:22:50.5884415Z /usr/bin/tar: ../../../../../usr/local/lib/android/sdk/platforms/android-34-ext11/data/res/values-mcc310-mnc240-nl: Cannot change mode to rwxr-xr-x: Operation not permitted
build	Cache Android SDK	2026-06-06T12:22:50.5886669Z /usr/bin/tar: ../../../../../usr/local/lib/android/sdk/platforms/android-34-ext11/data/res/values-mcc001-mnc01-uk: Cannot utime: Operation not permitted
build	Cache Android SDK	2026-06-06T12:22:50.5887619Z /usr/bin/tar: ../../../../../usr/local/lib/android/sdk/platforms/android-34-ext11/data/res/values-mcc001-mnc01-uk: Cannot change mode to rwxr-xr-x: Operation not permitted
build	Cache Android SDK	2026-06-06T12:22:50.5889164Z /usr/bin/tar: ../../../../../usr/local/lib/android/sdk/platforms/android-34-ext11/data/res/values-bg-television: Cannot utime: Operation not permitted
build	Cache Android SDK	2026-06-06T12:22:50.5889635Z /usr/bin/tar: ../../../../../usr/local/lib/android/sdk/platforms/android-34-ext11/data/res/values-bg-television: Cannot change mode to rwxr-xr-x: Operation not permitted
build	Cache Android SDK	2026-06-06T12:22:50.5892644Z /usr/bin/tar: ../../../../../usr/local/lib/android/sdk/platforms/android-34-ext11/data/res/values-mcc310-mnc800-ur: Cannot utime: Operation not permitted
build	Cache Android SDK	2026-06-06T12:22:50.5893124Z /usr/bin/tar: ../../../../../usr/local/lib/android/sdk/platforms/android-34-ext11/data/res/values-mcc310-mnc800-ur: Cannot change mode to rwxr-xr-x: Operation not permitted
build	Cache Android SDK	2026-06-06T12:22:50.5895522Z /usr/bin/tar: ../../../../../usr/local/lib/android/sdk/platforms/android-34-ext11/data/res/values-mcc310-mnc410-hy: Cannot utime: Operation not permitted
build	Cache Android SDK	2026-06-06T12:22:50.5896086Z /usr/bin/tar: ../../../../../usr/local/lib/android/sdk/platforms/android-34-ext11/data/res/values-mcc310-mnc410-hy: Cannot change mode to rwxr-xr-x: Operation not permitted
build	Cache Android SDK	2026-06-06T12:22:50.5898916Z /usr/bin/tar: ../../../../../usr/local/lib/android/sdk/platforms/android-34-ext11/data/res/values-w213dp: Cannot utime: Operation not permitted
build	Cache Android SDK	2026-06-06T12:22:50.5899368Z /usr/bin/tar: ../../../../../usr/local/lib/android/sdk/platforms/android-34-ext11/data/res/values-w213dp: Cannot change mode to rwxr-xr-x: Operation not permitted
build	Cache Android SDK	2026-06-06T12:22:50.5902379Z /usr/bin/tar: ../../../../../usr/local/lib/android/sdk/platforms/android-34-ext11/data/res/values-mcc310-mnc410-es-rUS: Cannot utime: Operation not permitted
build	Cache Android SDK	2026-06-06T12:22:50.5902872Z /usr/bin/tar: ../../../../../usr/local/lib/android/sdk/platforms/android-34-ext11/data/res/values-mcc310-mnc410-es-rUS: Cannot change mode to rwxr-xr-x: Operation not permitted
build	Cache Android SDK	2026-06-06T12:22:50.5905448Z /usr/bin/tar: ../../../../../usr/local/lib/android/sdk/platforms/android-34-ext11/data/res/values-mcc310-mnc660-tl: Cannot utime: Operation not permitted
build	Cache Android SDK	2026-06-06T12:22:50.5905991Z /usr/bin/tar: ../../../../../usr/local/lib/android/sdk/platforms/android-34-ext11/data/res/values-mcc310-mnc660-tl: Cannot change mode to rwxr-xr-x: Operation not permitted
build	Cache Android SDK	2026-06-06T12:22:50.5908154Z /usr/bin/tar: ../../../../../usr/local/lib/android/sdk/platforms/android-34-ext11/data/res/values-mcc310-mnc280-bn: Cannot utime: Operation not permitted
build	Cache Android SDK	2026-06-06T12:22:50.5908628Z /usr/bin/tar: ../../../../../usr/local/lib/android/sdk/platforms/android-34-ext11/data/res/values-mcc310-mnc280-bn: Cannot change mode to rwxr-xr-x: Operation not permitted
build	Cache Android SDK	2026-06-06T12:22:50.5911420Z /usr/bin/tar: ../../../../../usr/local/lib/android/sdk/platforms/android-34-ext11/data/res/values-mcc313-mnc100-b+sr+Latn: Cannot utime: Operation not permitted
build	Cache Android SDK	2026-06-06T12:22:50.5911988Z /usr/bin/tar: ../../../../../usr/local/lib/android/sdk/platforms/android-34-ext11/data/res/values-mcc313-mnc100-b+sr+Latn: Cannot change mode to rwxr-xr-x: Operation not permitted
build	Cache Android SDK	2026-06-06T12:22:50.5914370Z /usr/bin/tar: ../../../../../usr/local/lib/android/sdk/platforms/android-34-ext11/data/res/values-mcc466-mnc01: Cannot utime: Operation not permitted
build	Cache Android SDK	2026-06-06T12:22:50.5914830Z /usr/bin/tar: ../../../../../usr/local/lib/android/sdk/platforms/android-34-ext11/data/res/values-mcc466-mnc01: Cannot change mode to rwxr-xr-x: Operation not permitted
build	Cache Android SDK	2026-06-06T12:22:50.5918215Z /usr/bin/tar: ../../../../../usr/local/lib/android/sdk/platforms/android-34-ext11/data/res/raw-th: Cannot utime: Operation not permitted
build	Cache Android SDK	2026-06-06T12:22:50.5918633Z /usr/bin/tar: ../../../../../usr/local/lib/android/sdk/platforms/android-34-ext11/data/res/raw-th: Cannot change mode to rwxr-xr-x: Operation not permitted
build	Cache Android SDK	2026-06-06T12:22:50.5921520Z /usr/bin/tar: ../../../../../usr/local/lib/android/sdk/platforms/android-34-ext11/data/res/values-mcc302-mnc720-in: Cannot utime: Operation not permitted
build	Cache Android SDK	2026-06-06T12:22:50.5922060Z /usr/bin/tar: ../../../../../usr/local/lib/android/sdk/platforms/android-34-ext11/data/res/values-mcc302-mnc720-in: Cannot change mode to rwxr-xr-x: Operation not permitted
build	Cache Android SDK	2026-06-06T12:22:50.5924681Z /usr/bin/tar: ../../../../../usr/local/lib/android/sdk/platforms/android-34-ext11/data/res/values-mcc310-mnc210-gl: Cannot utime: Operation not permitted
build	Cache Android SDK	2026-06-06T12:22:50.5925149Z /usr/bin/tar: ../../../../../usr/local/lib/android/sdk/platforms/android-34-ext11/data/res/values-mcc310-mnc210-gl: Cannot change mode to rwxr-xr-x: Operation not permitted
build	Cache Android SDK	2026-06-06T12:22:50.5927893Z /usr/bin/tar: ../../../../../usr/local/lib/android/sdk/platforms/android-34-ext11/data/res/values-fr-rCH: Cannot utime: Operation not permitted
build	Cache Android SDK	2026-06-06T12:22:50.5928335Z /usr/bin/tar: ../../../../../usr/local/lib/android/sdk/platforms/android-34-ext11/data/res/values-fr-rCH: Cannot change mode to rwxr-xr-x: Operation not permitted
build	Cache Android SDK	2026-06-06T12:22:50.5931347Z /usr/bin/tar: ../../../../../usr/local/lib/android/sdk/platforms/android-34-ext11/data/res/values-hr-television: Cannot utime: Operation not permitted
build	Cache Android SDK	2026-06-06T12:22:50.5931878Z /usr/bin/tar: ../../../../../usr/local/lib/android/sdk/platforms/android-34-ext11/data/res/values-hr-television: Cannot change mode to rwxr-xr-x: Operation not permitted
build	Cache Android SDK	2026-06-06T12:22:50.5934489Z /usr/bin/tar: ../../../../../usr/local/lib/android/sdk/platforms/android-34-ext11/data/res/values-mcc313-mnc100-fr: Cannot utime: Operation not permitted
build	Cache Android SDK	2026-06-06T12:22:50.5934959Z /usr/bin/tar: ../../../../../usr/local/lib/android/sdk/platforms/android-34-ext11/data/res/values-mcc313-mnc100-fr: Cannot change mode to rwxr-xr-x: Operation not permitted
build	Cache Android SDK	2026-06-06T12:22:50.5937881Z /usr/bin/tar: ../../../../../usr/local/lib/android/sdk/platforms/android-34-ext11/data/res/values-km-television: Cannot utime: Operation not permitted
build	Cache Android SDK	2026-06-06T12:22:50.5938357Z /usr/bin/tar: ../../../../../usr/local/lib/android/sdk/platforms/android-34-ext11/data/res/values-km-television: Cannot change mode to rwxr-xr-x: Operation not permitted
build	Cache Android SDK	2026-06-06T12:22:50.5940630Z /usr/bin/tar: ../../../../../usr/local/lib/android/sdk/platforms/android-34-ext11/data/res/values-mcc310-mnc410-ar: Cannot utime: Operation not permitted
build	Cache Android SDK	2026-06-06T12:22:50.5941165Z /usr/bin/tar: ../../../../../usr/local/lib/android/sdk/platforms/android-34-ext11/data/res/values-mcc310-mnc410-ar: Cannot change mode to rwxr-xr-x: Operation not permitted
build	Cache Android SDK	2026-06-06T12:22:50.5943612Z /usr/bin/tar: ../../../../../usr/local/lib/android/sdk/platforms/android-34-ext11/data/res/values-mcc310-mnc660-fr: Cannot utime: Operation not permitted
build	Cache Android SDK	2026-06-06T12:22:50.5944080Z /usr/bin/tar: ../../../../../usr/local/lib/android/sdk/platforms/android-34-ext11/data/res/values-mcc310-mnc660-fr: Cannot change mode to rwxr-xr-x: Operation not permitted
build	Cache Android SDK	2026-06-06T12:22:50.5951362Z /usr/bin/tar: ../../../../../usr/local/lib/android/sdk/platforms/android-34-ext11/data/res/values-mcc310-mnc160-es-rUS: Cannot utime: Operation not permitted
build	Cache Android SDK	2026-06-06T12:22:50.5958561Z /usr/bin/tar: ../../../../../usr/local/lib/android/sdk/platforms/android-34-ext11/data/res/values-mcc310-mnc160-es-rUS: Cannot change mode to rwxr-xr-x: Operation not permitted
build	Cache Android SDK	2026-06-06T12:22:50.5960036Z /usr/bin/tar: ../../../../../usr/local/lib/android/sdk/platforms/android-34-ext11/data/res/values-mcc310-mnc200: Cannot utime: Operation not permitted
build	Cache Android SDK	2026-06-06T12:22:50.5961434Z /usr/bin/tar: ../../../../../usr/local/lib/android/sdk/platforms/android-34-ext11/data/res/values-mcc310-mnc200: Cannot change mode to rwxr-xr-x: Operation not permitted
build	Cache Android SDK	2026-06-06T12:22:50.5962832Z /usr/bin/tar: ../../../../../usr/local/lib/android/sdk/platforms/android-34-ext11/data/res/values-mcc310-mnc270-tl: Cannot utime: Operation not permitted
build	Cache Android SDK	2026-06-06T12:22:50.5964289Z /usr/bin/tar: ../../../../../usr/local/lib/android/sdk/platforms/android-34-ext11/data/res/values-mcc310-mnc270-tl: Cannot change mode to rwxr-xr-x: Operation not permitted
build	Cache Android SDK	2026-06-06T12:22:50.5965671Z /usr/bin/tar: ../../../../../usr/local/lib/android/sdk/platforms/android-34-ext11/data/res/values-mcc310-mnc950-sk: Cannot utime: Operation not permitted
build	Cache Android SDK	2026-06-06T12:22:50.5967263Z /usr/bin/tar: ../../../../../usr/local/lib/android/sdk/platforms/android-34-ext11/data/res/values-mcc310-mnc950-sk: Cannot change mode to rwxr-xr-x: Operation not permitted
build	Cache Android SDK	2026-06-06T12:22:50.5979536Z /usr/bin/tar: ../../../../../usr/local/lib/android/sdk/platforms/android-34-ext11/data/res/values-mcc310-mnc240-ky: Cannot utime: Operation not permitted
build	Cache Android SDK	2026-06-06T12:22:50.5980944Z /usr/bin/tar: ../../../../../usr/local/lib/android/sdk/platforms/android-34-ext11/data/res/values-mcc310-mnc240-ky: Cannot change mode to rwxr-xr-x: Operation not permitted
build	Cache Android SDK	2026-06-06T12:22:50.5982016Z /usr/bin/tar: ../../../../../usr/local/lib/android/sdk/platforms/android-34-ext11/data/res/values-mcc310-mnc310-ky: Cannot utime: Operation not permitted
build	Cache Android SDK	2026-06-06T12:22:50.5982968Z /usr/bin/tar: ../../../../../usr/local/lib/android/sdk/platforms/android-34-ext11/data/res/values-mcc310-mnc310-ky: Cannot change mode to rwxr-xr-x: Operation not permitted
build	Cache Android SDK	2026-06-06T12:22:50.5984266Z /usr/bin/tar: ../../../../../usr/local/lib/android/sdk/platforms/android-34-ext11/data/res/values-mcc310-mnc250-hu: Cannot utime: Operation not permitted
build	Cache Android SDK	2026-06-06T12:22:50.5985573Z /usr/bin/tar: ../../../../../usr/local/lib/android/sdk/platforms/android-34-ext11/data/res/values-mcc310-mnc250-hu: Cannot change mode to rwxr-xr-x: Operation not permitted
build	Cache Android SDK	2026-06-06T12:22:50.5986594Z /usr/bin/tar: ../../../../../usr/local/lib/android/sdk/platforms/android-34-ext11/data/res/values-mcc311-mnc490: Cannot utime: Operation not permitted
build	Cache Android SDK	2026-06-06T12:22:50.5987824Z /usr/bin/tar: ../../../../../usr/local/lib/android/sdk/platforms/android-34-ext11/data/res/values-mcc311-mnc490: Cannot change mode to rwxr-xr-x: Operation not permitted
build	Cache Android SDK	2026-06-06T12:22:50.5988989Z /usr/bin/tar: ../../../../../usr/local/lib/android/sdk/platforms/android-34-ext11/data/res/values-mcc310-mnc220-zu: Cannot utime: Operation not permitted
build	Cache Android SDK	2026-06-06T12:22:50.5989949Z /usr/bin/tar: ../../../../../usr/local/lib/android/sdk/platforms/android-34-ext11/data/res/values-mcc310-mnc220-zu: Cannot change mode to rwxr-xr-x: Operation not permitted
build	Cache Android SDK	2026-06-06T12:22:50.5991337Z /usr/bin/tar: ../../../../../usr/local/lib/android/sdk/platforms/android-34-ext11/data/res/values-mcc310-mnc150-gl: Cannot utime: Operation not permitted
build	Cache Android SDK	2026-06-06T12:22:50.5992493Z /usr/bin/tar: ../../../../../usr/local/lib/android/sdk/platforms/android-34-ext11/data/res/values-mcc310-mnc150-gl: Cannot change mode to rwxr-xr-x: Operation not permitted
build	Cache Android SDK	2026-06-06T12:22:50.5993571Z /usr/bin/tar: ../../../../../usr/local/lib/android/sdk/platforms/android-34-ext11/data/res/values-mcc302-mnc220: Cannot utime: Operation not permitted
build	Cache Android SDK	2026-06-06T12:22:50.5995228Z /usr/bin/tar: ../../../../../usr/local/lib/android/sdk/platforms/android-34-ext11/data/res/values-mcc302-mnc220: Cannot change mode to rwxr-xr-x: Operation not permitted
build	Cache Android SDK	2026-06-06T12:22:50.5997019Z /usr/bin/tar: ../../../../../usr/local/lib/android/sdk/platforms/android-34-ext11/data/res/values-mcc310-mnc560-sv: Cannot utime: Operation not permitted
build	Cache Android SDK	2026-06-06T12:22:50.5998945Z /usr/bin/tar: ../../../../../usr/local/lib/android/sdk/platforms/android-34-ext11/data/res/values-mcc310-mnc560-sv: Cannot change mode to rwxr-xr-x: Operation not permitted
build	Cache Android SDK	2026-06-06T12:22:50.6000774Z /usr/bin/tar: ../../../../../usr/local/lib/android/sdk/platforms/android-34-ext11/data/res/values-mcc310-mnc560-hy: Cannot utime: Operation not permitted
build	Cache Android SDK	2026-06-06T12:22:50.6002604Z /usr/bin/tar: ../../../../../usr/local/lib/android/sdk/platforms/android-34-ext11/data/res/values-mcc310-mnc560-hy: Cannot change mode to rwxr-xr-x: Operation not permitted
build	Cache Android SDK	2026-06-06T12:22:50.6004408Z /usr/bin/tar: ../../../../../usr/local/lib/android/sdk/platforms/android-34-ext11/data/res/values-mcc310-mnc170-en-rGB: Cannot utime: Operation not permitted
build	Cache Android SDK	2026-06-06T12:22:50.6006224Z /usr/bin/tar: ../../../../../usr/local/lib/android/sdk/platforms/android-34-ext11/data/res/values-mcc310-mnc170-en-rGB: Cannot change mode to rwxr-xr-x: Operation not permitted
build	Cache Android SDK	2026-06-06T12:22:50.6030955Z /usr/bin/tar: ../../../../../usr/local/lib/android/sdk/platforms/android-34-ext11/data/res/drawable-sw720dp-nodpi: Cannot utime: Operation not permitted
build	Cache Android SDK	2026-06-06T12:22:50.6032553Z /usr/bin/tar: ../../../../../usr/local/lib/android/sdk/platforms/android-34-ext11/data/res/drawable-sw720dp-nodpi: Cannot change mode to rwxr-xr-x: Operation not permitted
build	Cache Android SDK	2026-06-06T12:22:50.6035024Z /usr/bin/tar: ../../../../../usr/local/lib/android/sdk/platforms/android-34-ext11/data/res/values-mcc310-mnc410-ru: Cannot utime: Operation not permitted
build	Cache Android SDK	2026-06-06T12:22:50.6036084Z /usr/bin/tar: ../../../../../usr/local/lib/android/sdk/platforms/android-34-ext11/data/res/values-mcc310-mnc410-ru: Cannot change mode to rwxr-xr-x: Operation not permitted
build	Cache Android SDK	2026-06-06T12:22:50.6037914Z /usr/bin/tar: ../../../../../usr/local/lib/android/sdk/platforms/android-34-ext11/data/res/values-mcc310-mnc380-ko: Cannot utime: Operation not permitted
build	Cache Android SDK	2026-06-06T12:22:50.6039119Z /usr/bin/tar: ../../../../../usr/local/lib/android/sdk/platforms/android-34-ext11/data/res/values-mcc310-mnc380-ko: Cannot change mode to rwxr-xr-x: Operation not permitted
build	Cache Android SDK	2026-06-06T12:22:50.6040613Z /usr/bin/tar: ../../../../../usr/local/lib/android/sdk/platforms/android-34-ext11/data/res/values-mcc302-mnc720-fr: Cannot utime: Operation not permitted
build	Cache Android SDK	2026-06-06T12:22:50.6041576Z /usr/bin/tar: ../../../../../usr/local/lib/android/sdk/platforms/android-34-ext11/data/res/values-mcc302-mnc720-fr: Cannot change mode to rwxr-xr-x: Operation not permitted
build	Cache Android SDK	2026-06-06T12:22:50.6055635Z /usr/bin/tar: ../../../../../usr/local/lib/android/sdk/platforms/android-34-ext11/data/res/drawable-land-hdpi: Cannot utime: Operation not permitted
build	Cache Android SDK	2026-06-06T12:22:50.6056795Z /usr/bin/tar: ../../../../../usr/local/lib/android/sdk/platforms/android-34-ext11/data/res/drawable-land-hdpi: Cannot change mode to rwxr-xr-x: Operation not permitted
build	Cache Android SDK	2026-06-06T12:22:50.6058411Z /usr/bin/tar: ../../../../../usr/local/lib/android/sdk/platforms/android-34-ext11/data/res/values-mcc310-mnc660-it: Cannot utime: Operation not permitted
build	Cache Android SDK	2026-06-06T12:22:50.6059512Z /usr/bin/tar: ../../../../../usr/local/lib/android/sdk/platforms/android-34-ext11/data/res/values-mcc310-mnc660-it: Cannot change mode to rwxr-xr-x: Operation not permitted
build	Cache Android SDK	2026-06-06T12:22:50.6061713Z /usr/bin/tar: ../../../../../usr/local/lib/android/sdk/platforms/android-34-ext11/data/res/values-mcc310-mnc250-ru: Cannot utime: Operation not permitted
build	Cache Android SDK	2026-06-06T12:22:50.6062673Z /usr/bin/tar: ../../../../../usr/local/lib/android/sdk/platforms/android-34-ext11/data/res/values-mcc310-mnc250-ru: Cannot change mode to rwxr-xr-x: Operation not permitted
build	Cache Android SDK	2026-06-06T12:22:50.6067994Z /usr/bin/tar: ../../../../../usr/local/lib/android/sdk/platforms/android-34-ext11/data/res/values-et-television: Cannot utime: Operation not permitted
build	Cache Android SDK	2026-06-06T12:22:50.6069180Z /usr/bin/tar: ../../../../../usr/local/lib/android/sdk/platforms/android-34-ext11/data/res/values-et-television: Cannot change mode to rwxr-xr-x: Operation not permitted
build	Cache Android SDK	2026-06-06T12:22:50.6070915Z /usr/bin/tar: ../../../../../usr/local/lib/android/sdk/platforms/android-34-ext11/data/res/values-mcc310-mnc280-si: Cannot utime: Operation not permitted
build	Cache Android SDK	2026-06-06T12:22:50.6071887Z /usr/bin/tar: ../../../../../usr/local/lib/android/sdk/platforms/android-34-ext11/data/res/values-mcc310-mnc280-si: Cannot change mode to rwxr-xr-x: Operation not permitted
build	Cache Android SDK	2026-06-06T12:22:50.6075141Z /usr/bin/tar: ../../../../../usr/local/lib/android/sdk/platforms/android-34-ext11/data/res/values-mcc311-mnc180-nl: Cannot utime: Operation not permitted
build	Cache Android SDK	2026-06-06T12:22:50.6076109Z /usr/bin/tar: ../../../../../usr/local/lib/android/sdk/platforms/android-34-ext11/data/res/values-mcc311-mnc180-nl: Cannot change mode to rwxr-xr-x: Operation not permitted
build	Cache Android SDK	2026-06-06T12:22:50.6082517Z /usr/bin/tar: ../../../../../usr/local/lib/android/sdk/platforms/android-34-ext11/data/res/drawable-sw600dp-hdpi: Cannot utime: Operation not permitted
build	Cache Android SDK	2026-06-06T12:22:50.6083820Z /usr/bin/tar: ../../../../../usr/local/lib/android/sdk/platforms/android-34-ext11/data/res/drawable-sw600dp-hdpi: Cannot change mode to rwxr-xr-x: Operation not permitted
build	Cache Android SDK	2026-06-06T12:22:50.6085456Z /usr/bin/tar: ../../../../../usr/local/lib/android/sdk/platforms/android-34-ext11/data/res/values-mcc302-mnc370-sr: Cannot utime: Operation not permitted
build	Cache Android SDK	2026-06-06T12:22:50.6086447Z /usr/bin/tar: ../../../../../usr/local/lib/android/sdk/platforms/android-34-ext11/data/res/values-mcc302-mnc370-sr: Cannot change mode to rwxr-xr-x: Operation not permitted
build	Cache Android SDK	2026-06-06T12:22:50.6089848Z /usr/bin/tar: ../../../../../usr/local/lib/android/sdk/platforms/android-34-ext11/data/res/values-mcc310-mnc310-is: Cannot utime: Operation not permitted
build	Cache Android SDK	2026-06-06T12:22:50.6091016Z /usr/bin/tar: ../../../../../usr/local/lib/android/sdk/platforms/android-34-ext11/data/res/values-mcc310-mnc310-is: Cannot change mode to rwxr-xr-x: Operation not permitted
build	Cache Android SDK	2026-06-06T12:22:50.6092661Z /usr/bin/tar: ../../../../../usr/local/lib/android/sdk/platforms/android-34-ext11/data/res/values-mcc310-mnc240-es-rUS: Cannot utime: Operation not permitted
build	Cache Android SDK	2026-06-06T12:22:50.6093792Z /usr/bin/tar: ../../../../../usr/local/lib/android/sdk/platforms/android-34-ext11/data/res/values-mcc310-mnc240-es-rUS: Cannot change mode to rwxr-xr-x: Operation not permitted
build	Cache Android SDK	2026-06-06T12:22:50.6095781Z /usr/bin/tar: ../../../../../usr/local/lib/android/sdk/platforms/android-34-ext11/data/res/values-mcc310-mnc170-gl: Cannot utime: Operation not permitted
build	Cache Android SDK	2026-06-06T12:22:50.6096767Z /usr/bin/tar: ../../../../../usr/local/lib/android/sdk/platforms/android-34-ext11/data/res/values-mcc310-mnc170-gl: Cannot change mode to rwxr-xr-x: Operation not permitted
build	Cache Android SDK	2026-06-06T12:22:50.6099647Z /usr/bin/tar: ../../../../../usr/local/lib/android/sdk/platforms/android-34-ext11/data/res/values-mcc310-mnc270-uk: Cannot utime: Operation not permitted
build	Cache Android SDK	2026-06-06T12:22:50.6100830Z /usr/bin/tar: ../../../../../usr/local/lib/android/sdk/platforms/android-34-ext11/data/res/values-mcc310-mnc270-uk: Cannot change mode to rwxr-xr-x: Operation not permitted
build	Cache Android SDK	2026-06-06T12:22:50.6102378Z /usr/bin/tar: ../../../../../usr/local/lib/android/sdk/platforms/android-34-ext11/data/res/values-mcc310-mnc800-fi: Cannot utime: Operation not permitted
build	Cache Android SDK	2026-06-06T12:22:50.6103425Z /usr/bin/tar: ../../../../../usr/local/lib/android/sdk/platforms/android-34-ext11/data/res/values-mcc310-mnc800-fi: Cannot change mode to rwxr-xr-x: Operation not permitted
build	Cache Android SDK	2026-06-06T12:22:50.6105753Z /usr/bin/tar: ../../../../../usr/local/lib/android/sdk/platforms/android-34-ext11/data/res/values-mcc450: Cannot utime: Operation not permitted
build	Cache Android SDK	2026-06-06T12:22:50.6106679Z /usr/bin/tar: ../../../../../usr/local/lib/android/sdk/platforms/android-34-ext11/data/res/values-mcc450: Cannot change mode to rwxr-xr-x: Operation not permitted
build	Cache Android SDK	2026-06-06T12:22:50.6109505Z /usr/bin/tar: ../../../../../usr/local/lib/android/sdk/platforms/android-34-ext11/data/res/values-or-television: Cannot utime: Operation not permitted
build	Cache Android SDK	2026-06-06T12:22:50.6110574Z /usr/bin/tar: ../../../../../usr/local/lib/android/sdk/platforms/android-34-ext11/data/res/values-or-television: Cannot change mode to rwxr-xr-x: Operation not permitted
build	Cache Android SDK	2026-06-06T12:22:50.6112495Z /usr/bin/tar: ../../../../../usr/local/lib/android/sdk/platforms/android-34-ext11/data/res/values-es-rES: Cannot utime: Operation not permitted
build	Cache Android SDK	2026-06-06T12:22:50.6113408Z /usr/bin/tar: ../../../../../usr/local/lib/android/sdk/platforms/android-34-ext11/data/res/values-es-rES: Cannot change mode to rwxr-xr-x: Operation not permitted
build	Cache Android SDK	2026-06-06T12:22:50.6116188Z /usr/bin/tar: ../../../../../usr/local/lib/android/sdk/platforms/android-34-ext11/data/res/values-mcc302-mnc370-nl: Cannot utime: Operation not permitted
build	Cache Android SDK	2026-06-06T12:22:50.6118069Z /usr/bin/tar: ../../../../../usr/local/lib/android/sdk/platforms/android-34-ext11/data/res/values-mcc302-mnc370-nl: Cannot change mode to rwxr-xr-x: Operation not permitted
build	Cache Android SDK	2026-06-06T12:22:50.6119466Z /usr/bin/tar: ../../../../../usr/local/lib/android/sdk/platforms/android-34-ext11/data/res/values-mcc310-mnc950-fr-rCA: Cannot utime: Operation not permitted
build	Cache Android SDK	2026-06-06T12:22:50.6120571Z /usr/bin/tar: ../../../../../usr/local/lib/android/sdk/platforms/android-34-ext11/data/res/values-mcc310-mnc950-fr-rCA: Cannot change mode to rwxr-xr-x: Operation not permitted
build	Cache Android SDK	2026-06-06T12:22:50.6122809Z /usr/bin/tar: ../../../../../usr/local/lib/android/sdk/platforms/android-34-ext11/data/res/values-mcc310-mnc210-ca: Cannot utime: Operation not permitted
build	Cache Android SDK	2026-06-06T12:22:50.6123790Z /usr/bin/tar: ../../../../../usr/local/lib/android/sdk/platforms/android-34-ext11/data/res/values-mcc310-mnc210-ca: Cannot change mode to rwxr-xr-x: Operation not permitted
build	Cache Android SDK	2026-06-06T12:22:50.6125917Z /usr/bin/tar: ../../../../../usr/local/lib/android/sdk/platforms/android-34-ext11/data/res/values-mcc310-mnc490-el: Cannot utime: Operation not permitted
build	Cache Android SDK	2026-06-06T12:22:50.6126890Z /usr/bin/tar: ../../../../../usr/local/lib/android/sdk/platforms/android-34-ext11/data/res/values-mcc310-mnc490-el: Cannot change mode to rwxr-xr-x: Operation not permitted
build	Cache Android SDK	2026-06-06T12:22:50.6131077Z /usr/bin/tar: ../../../../../usr/local/lib/android/sdk/platforms/android-34-ext11/data/res/values-mcc311-mnc180-uk: Cannot utime: Operation not permitted
build	Cache Android SDK	2026-06-06T12:22:50.6132104Z /usr/bin/tar: ../../../../../usr/local/lib/android/sdk/platforms/android-34-ext11/data/res/values-mcc311-mnc180-uk: Cannot change mode to rwxr-xr-x: Operation not permitted
build	Cache Android SDK	2026-06-06T12:22:50.6133208Z /usr/bin/tar: ../../../../../usr/local/lib/android/sdk/platforms/android-34-ext11/data/res/values-ms-watch: Cannot utime: Operation not permitted
build	Cache Android SDK	2026-06-06T12:22:50.6134120Z /usr/bin/tar: ../../../../../usr/local/lib/android/sdk/platforms/android-34-ext11/data/res/values-ms-watch: Cannot change mode to rwxr-xr-x: Operation not permitted
build	Cache Android SDK	2026-06-06T12:22:50.6135861Z /usr/bin/tar: ../../../../../usr/local/lib/android/sdk/platforms/android-34-ext11/data/res/values-mcc310-mnc220-mr: Cannot utime: Operation not permitted
build	Cache Android SDK	2026-06-06T12:22:50.6136830Z /usr/bin/tar: ../../../../../usr/local/lib/android/sdk/platforms/android-34-ext11/data/res/values-mcc310-mnc220-mr: Cannot change mode to rwxr-xr-x: Operation not permitted
build	Cache Android SDK	2026-06-06T12:22:50.6139126Z /usr/bin/tar: ../../../../../usr/local/lib/android/sdk/platforms/android-34-ext11/data/res/values-mcc310-mnc660-kn: Cannot utime: Operation not permitted
build	Cache Android SDK	2026-06-06T12:22:50.6140087Z /usr/bin/tar: ../../../../../usr/local/lib/android/sdk/platforms/android-34-ext11/data/res/values-mcc310-mnc660-kn: Cannot change mode to rwxr-xr-x: Operation not permitted
build	Cache Android SDK	2026-06-06T12:22:50.6142018Z /usr/bin/tar: ../../../../../usr/local/lib/android/sdk/platforms/android-34-ext11/data/res/values-mcc310-mnc210-b+sr+Latn: Cannot utime: Operation not permitted
build	Cache Android SDK	2026-06-06T12:22:50.6143037Z /usr/bin/tar: ../../../../../usr/local/lib/android/sdk/platforms/android-34-ext11/data/res/values-mcc310-mnc210-b+sr+Latn: Cannot change mode to rwxr-xr-x: Operation not permitted
build	Cache Android SDK	2026-06-06T12:22:50.6145419Z /usr/bin/tar: ../../../../../usr/local/lib/android/sdk/platforms/android-34-ext11/data/res/values-mcc310-mnc220-iw: Cannot utime: Operation not permitted
build	Cache Android SDK	2026-06-06T12:22:50.6146388Z /usr/bin/tar: ../../../../../usr/local/lib/android/sdk/platforms/android-34-ext11/data/res/values-mcc310-mnc220-iw: Cannot change mode to rwxr-xr-x: Operation not permitted
build	Cache Android SDK	2026-06-06T12:22:50.6148511Z /usr/bin/tar: ../../../../../usr/local/lib/android/sdk/platforms/android-34-ext11/data/res/values-mcc334-mnc020-uk: Cannot utime: Operation not permitted
build	Cache Android SDK	2026-06-06T12:22:50.6149466Z /usr/bin/tar: ../../../../../usr/local/lib/android/sdk/platforms/android-34-ext11/data/res/values-mcc334-mnc020-uk: Cannot change mode to rwxr-xr-x: Operation not permitted
build	Cache Android SDK	2026-06-06T12:22:50.6153571Z /usr/bin/tar: ../../../../../usr/local/lib/android/sdk/platforms/android-34-ext11/data/res/values-mcc313-mnc100-et: Cannot utime: Operation not permitted
build	Cache Android SDK	2026-06-06T12:22:50.6154531Z /usr/bin/tar: ../../../../../usr/local/lib/android/sdk/platforms/android-34-ext11/data/res/values-mcc313-mnc100-et: Cannot change mode to rwxr-xr-x: Operation not permitted
build	Cache Android SDK	2026-06-06T12:22:50.6156799Z /usr/bin/tar: ../../../../../usr/local/lib/android/sdk/platforms/android-34-ext11/data/res/values-nl-rBE: Cannot utime: Operation not permitted
build	Cache Android SDK	2026-06-06T12:22:50.6157921Z /usr/bin/tar: ../../../../../usr/local/lib/android/sdk/platforms/android-34-ext11/data/res/values-nl-rBE: Cannot change mode to rwxr-xr-x: Operation not permitted
build	Cache Android SDK	2026-06-06T12:22:50.6160277Z /usr/bin/tar: ../../../../../usr/local/lib/android/sdk/platforms/android-34-ext11/data/res/values-mcc310-mnc560-gu: Cannot utime: Operation not permitted
build	Cache Android SDK	2026-06-06T12:22:50.6161232Z /usr/bin/tar: ../../../../../usr/local/lib/android/sdk/platforms/android-34-ext11/data/res/values-mcc310-mnc560-gu: Cannot change mode to rwxr-xr-x: Operation not permitted
build	Cache Android SDK	2026-06-06T12:22:50.6165130Z /usr/bin/tar: ../../../../../usr/local/lib/android/sdk/platforms/android-34-ext11/data/res/values-mcc310-mnc800-lv: Cannot utime: Operation not permitted
build	Cache Android SDK	2026-06-06T12:22:50.6166089Z /usr/bin/tar: ../../../../../usr/local/lib/android/sdk/platforms/android-34-ext11/data/res/values-mcc310-mnc800-lv: Cannot change mode to rwxr-xr-x: Operation not permitted
build	Cache Android SDK	2026-06-06T12:22:50.6169282Z /usr/bin/tar: ../../../../../usr/local/lib/android/sdk/platforms/android-34-ext11/data/res/values-mcc302-mnc720-nb: Cannot utime: Operation not permitted
build	Cache Android SDK	2026-06-06T12:22:50.6170241Z /usr/bin/tar: ../../../../../usr/local/lib/android/sdk/platforms/android-34-ext11/data/res/values-mcc302-mnc720-nb: Cannot change mode to rwxr-xr-x: Operation not permitted
build	Cache Android SDK	2026-06-06T12:22:50.6172445Z /usr/bin/tar: ../../../../../usr/local/lib/android/sdk/platforms/android-34-ext11/data/res/values-mcc313-mnc100-ru: Cannot utime: Operation not permitted
build	Cache Android SDK	2026-06-06T12:22:50.6173407Z /usr/bin/tar: ../../../../../usr/local/lib/android/sdk/platforms/android-34-ext11/data/res/values-mcc313-mnc100-ru: Cannot change mode to rwxr-xr-x: Operation not permitted
build	Cache Android SDK	2026-06-06T12:22:50.6175560Z /usr/bin/tar: ../../../../../usr/local/lib/android/sdk/platforms/android-34-ext11/data/res/values-mcc310-mnc380-sk: Cannot utime: Operation not permitted
build	Cache Android SDK	2026-06-06T12:22:50.6176527Z /usr/bin/tar: ../../../../../usr/local/lib/android/sdk/platforms/android-34-ext11/data/res/values-mcc310-mnc380-sk: Cannot change mode to rwxr-xr-x: Operation not permitted
build	Cache Android SDK	2026-06-06T12:22:50.6179876Z /usr/bin/tar: ../../../../../usr/local/lib/android/sdk/platforms/android-34-ext11/data/res/xml-xlarge: Cannot utime: Operation not permitted
build	Cache Android SDK	2026-06-06T12:22:50.6180773Z /usr/bin/tar: ../../../../../usr/local/lib/android/sdk/platforms/android-34-ext11/data/res/xml-xlarge: Cannot change mode to rwxr-xr-x: Operation not permitted
build	Cache Android SDK	2026-06-06T12:22:50.6183389Z /usr/bin/tar: ../../../../../usr/local/lib/android/sdk/platforms/android-34-ext11/data/res/values-mcc310-mnc240-uk: Cannot utime: Operation not permitted
build	Cache Android SDK	2026-06-06T12:22:50.6184348Z /usr/bin/tar: ../../../../../usr/local/lib/android/sdk/platforms/android-34-ext11/data/res/values-mcc310-mnc240-uk: Cannot change mode to rwxr-xr-x: Operation not permitted
build	Cache Android SDK	2026-06-06T12:22:50.6186544Z /usr/bin/tar: ../../../../../usr/local/lib/android/sdk/platforms/android-34-ext11/data/res/values-sw372dp: Cannot utime: Operation not permitted
build	Cache Android SDK	2026-06-06T12:22:50.6187672Z /usr/bin/tar: ../../../../../usr/local/lib/android/sdk/platforms/android-34-ext11/data/res/values-sw372dp: Cannot change mode to rwxr-xr-x: Operation not permitted
build	Cache Android SDK	2026-06-06T12:22:50.6189741Z /usr/bin/tar: ../../../../../usr/local/lib/android/sdk/platforms/android-34-ext11/data/res/values-mcc310-mnc160-b+sr+Latn: Cannot utime: Operation not permitted
build	Cache Android SDK	2026-06-06T12:22:50.6190752Z /usr/bin/tar: ../../../../../usr/local/lib/android/sdk/platforms/android-34-ext11/data/res/values-mcc310-mnc160-b+sr+Latn: Cannot change mode to rwxr-xr-x: Operation not permitted
build	Cache Android SDK	2026-06-06T12:22:50.6192864Z /usr/bin/tar: ../../../../../usr/local/lib/android/sdk/platforms/android-34-ext11/data/res/values-mcc334-mnc020-az: Cannot utime: Operation not permitted
build	Cache Android SDK	2026-06-06T12:22:50.6193829Z /usr/bin/tar: ../../../../../usr/local/lib/android/sdk/platforms/android-34-ext11/data/res/values-mcc334-mnc020-az: Cannot change mode to rwxr-xr-x: Operation not permitted
build	Cache Android SDK	2026-06-06T12:22:50.6196217Z /usr/bin/tar: ../../../../../usr/local/lib/android/sdk/platforms/android-34-ext11/data/res/raw-ru: Cannot utime: Operation not permitted
build	Cache Android SDK	2026-06-06T12:22:50.6197082Z /usr/bin/tar: ../../../../../usr/local/lib/android/sdk/platforms/android-34-ext11/data/res/raw-ru: Cannot change mode to rwxr-xr-x: Operation not permitted
build	Cache Android SDK	2026-06-06T12:22:50.6199372Z /usr/bin/tar: ../../../../../usr/local/lib/android/sdk/platforms/android-34-ext11/data/res/values-mcc310-mnc280-en-rIN: Cannot utime: Operation not permitted
build	Cache Android SDK	2026-06-06T12:22:50.6200372Z /usr/bin/tar: ../../../../../usr/local/lib/android/sdk/platforms/android-34-ext11/data/res/values-mcc310-mnc280-en-rIN: Cannot change mode to rwxr-xr-x: Operation not permitted
build	Cache Android SDK	2026-06-06T12:22:50.6202615Z /usr/bin/tar: ../../../../../usr/local/lib/android/sdk/platforms/android-34-ext11/data/res/values-mcc310-mnc270-lv: Cannot utime: Operation not permitted
build	Cache Android SDK	2026-06-06T12:22:50.6203659Z /usr/bin/tar: ../../../../../usr/local/lib/android/sdk/platforms/android-34-ext11/data/res/values-mcc310-mnc270-lv: Cannot change mode to rwxr-xr-x: Operation not permitted
build	Cache Android SDK	2026-06-06T12:22:50.6205707Z /usr/bin/tar: ../../../../../usr/local/lib/android/sdk/platforms/android-34-ext11/data/res/values-mcc310-mnc380-hu: Cannot utime: Operation not permitted
build	Cache Android SDK	2026-06-06T12:22:50.6206667Z /usr/bin/tar: ../../../../../usr/local/lib/android/sdk/platforms/android-34-ext11/data/res/values-mcc310-mnc380-hu: Cannot change mode to rwxr-xr-x: Operation not permitted
build	Cache Android SDK	2026-06-06T12:22:50.6211307Z /usr/bin/tar: ../../../../../usr/local/lib/android/sdk/platforms/android-34-ext11/data/res/values-mcc310-mnc660-hr: Cannot utime: Operation not permitted
build	Cache Android SDK	2026-06-06T12:22:50.6212276Z /usr/bin/tar: ../../../../../usr/local/lib/android/sdk/platforms/android-34-ext11/data/res/values-mcc310-mnc660-hr: Cannot change mode to rwxr-xr-x: Operation not permitted
build	Cache Android SDK	2026-06-06T12:22:50.6215705Z /usr/bin/tar: ../../../../../usr/local/lib/android/sdk/platforms/android-34-ext11/data/res/values-mcc310-mnc200-da: Cannot utime: Operation not permitted
build	Cache Android SDK	2026-06-06T12:22:50.6216784Z /usr/bin/tar: ../../../../../usr/local/lib/android/sdk/platforms/android-34-ext11/data/res/values-mcc310-mnc200-da: Cannot change mode to rwxr-xr-x: Operation not permitted
build	Cache Android SDK	2026-06-06T12:22:50.6218680Z /usr/bin/tar: ../../../../../usr/local/lib/android/sdk/platforms/android-34-ext11/data/res/values-mcc310-mnc280-mk: Cannot utime: Operation not permitted
build	Cache Android SDK	2026-06-06T12:22:50.6219641Z /usr/bin/tar: ../../../../../usr/local/lib/android/sdk/platforms/android-34-ext11/data/res/values-mcc310-mnc280-mk: Cannot change mode to rwxr-xr-x: Operation not permitted
build	Cache Android SDK	2026-06-06T12:22:50.6221972Z /usr/bin/tar: ../../../../../usr/local/lib/android/sdk/platforms/android-34-ext11/data/res/values-az-watch: Cannot utime: Operation not permitted
build	Cache Android SDK	2026-06-06T12:22:50.6222981Z /usr/bin/tar: ../../../../../usr/local/lib/android/sdk/platforms/android-34-ext11/data/res/values-az-watch: Cannot change mode to rwxr-xr-x: Operation not permitted
build	Cache Android SDK	2026-06-06T12:22:50.6225271Z /usr/bin/tar: ../../../../../usr/local/lib/android/sdk/platforms/android-34-ext11/data/res/values-mcc310-mnc200-pt-rPT: Cannot utime: Operation not permitted
build	Cache Android SDK	2026-06-06T12:22:50.6226270Z /usr/bin/tar: ../../../../../usr/local/lib/android/sdk/platforms/android-34-ext11/data/res/values-mcc310-mnc200-pt-rPT: Cannot change mode to rwxr-xr-x: Operation not permitted
build	Cache Android SDK	2026-06-06T12:22:50.6228867Z /usr/bin/tar: ../../../../../usr/local/lib/android/sdk/platforms/android-34-ext11/data/res/values-mcc310-mnc800-uk: Cannot utime: Operation not permitted
build	Cache Android SDK	2026-06-06T12:22:50.6229825Z /usr/bin/tar: ../../../../../usr/local/lib/android/sdk/platforms/android-34-ext11/data/res/values-mcc310-mnc800-uk: Cannot change mode to rwxr-xr-x: Operation not permitted
build	Cache Android SDK	2026-06-06T12:22:50.6231947Z /usr/bin/tar: ../../../../../usr/local/lib/android/sdk/platforms/android-34-ext11/data/res/values-mcc310-mnc950-ur: Cannot utime: Operation not permitted
build	Cache Android SDK	2026-06-06T12:22:50.6232989Z /usr/bin/tar: ../../../../../usr/local/lib/android/sdk/platforms/android-34-ext11/data/res/values-mcc310-mnc950-ur: Cannot change mode to rwxr-xr-x: Operation not permitted
build	Cache Android SDK	2026-06-06T12:22:50.6239994Z /usr/bin/tar: ../../../../../usr/local/lib/android/sdk/platforms/android-34-ext11/data/res/values-bn: Cannot utime: Operation not permitted
build	Cache Android SDK	2026-06-06T12:22:50.6240883Z /usr/bin/tar: ../../../../../usr/local/lib/android/sdk/platforms/android-34-ext11/data/res/values-bn: Cannot change mode to rwxr-xr-x: Operation not permitted
build	Cache Android SDK	2026-06-06T12:22:50.6242965Z /usr/bin/tar: ../../../../../usr/local/lib/android/sdk/platforms/android-34-ext11/data/res/values-mcc302-mnc370: Cannot utime: Operation not permitted
build	Cache Android SDK	2026-06-06T12:22:50.6243908Z /usr/bin/tar: ../../../../../usr/local/lib/android/sdk/platforms/android-34-ext11/data/res/values-mcc302-mnc370: Cannot change mode to rwxr-xr-x: Operation not permitted
build	Cache Android SDK	2026-06-06T12:22:50.6246217Z /usr/bin/tar: ../../../../../usr/local/lib/android/sdk/platforms/android-34-ext11/data/res/values-mcc310-mnc560-sq: Cannot utime: Operation not permitted
build	Cache Android SDK	2026-06-06T12:22:50.6247317Z /usr/bin/tar: ../../../../../usr/local/lib/android/sdk/platforms/android-34-ext11/data/res/values-mcc310-mnc560-sq: Cannot change mode to rwxr-xr-x: Operation not permitted
build	Cache Android SDK	2026-06-06T12:22:50.6253551Z /usr/bin/tar: ../../../../../usr/local/lib/android/sdk/platforms/android-34-ext11/data/res/drawable-watch: Cannot utime: Operation not permitted
build	Cache Android SDK	2026-06-06T12:22:50.6254476Z /usr/bin/tar: ../../../../../usr/local/lib/android/sdk/platforms/android-34-ext11/data/res/drawable-watch: Cannot change mode to rwxr-xr-x: Operation not permitted
build	Cache Android SDK	2026-06-06T12:22:50.6256475Z /usr/bin/tar: ../../../../../usr/local/lib/android/sdk/platforms/android-34-ext11/data/res/values-mcc310-mnc150-as: Cannot utime: Operation not permitted
build	Cache Android SDK	2026-06-06T12:22:50.6257529Z /usr/bin/tar: ../../../../../usr/local/lib/android/sdk/platforms/android-34-ext11/data/res/values-mcc310-mnc150-as: Cannot change mode to rwxr-xr-x: Operation not permitted
build	Cache Android SDK	2026-06-06T12:22:50.6259670Z /usr/bin/tar: ../../../../../usr/local/lib/android/sdk/platforms/android-34-ext11/data/res/values-mcc310-mnc560-uk: Cannot utime: Operation not permitted
build	Cache Android SDK	2026-06-06T12:22:50.6260721Z /usr/bin/tar: ../../../../../usr/local/lib/android/sdk/platforms/android-34-ext11/data/res/values-mcc310-mnc560-uk: Cannot change mode to rwxr-xr-x: Operation not permitted
build	Cache Android SDK	2026-06-06T12:22:50.6263127Z /usr/bin/tar: ../../../../../usr/local/lib/android/sdk/platforms/android-34-ext11/data/res/values-mcc334-mnc020-hy: Cannot utime: Operation not permitted
build	Cache Android SDK	2026-06-06T12:22:50.6264083Z /usr/bin/tar: ../../../../../usr/local/lib/android/sdk/platforms/android-34-ext11/data/res/values-mcc334-mnc020-hy: Cannot change mode to rwxr-xr-x: Operation not permitted
build	Cache Android SDK	2026-06-06T12:22:50.6266243Z /usr/bin/tar: ../../../../../usr/local/lib/android/sdk/platforms/android-34-ext11/data/res/values-mcc310-mnc240-pa: Cannot utime: Operation not permitted
build	Cache Android SDK	2026-06-06T12:22:50.6267281Z /usr/bin/tar: ../../../../../usr/local/lib/android/sdk/platforms/android-34-ext11/data/res/values-mcc310-mnc240-pa: Cannot change mode to rwxr-xr-x: Operation not permitted
build	Cache Android SDK	2026-06-06T12:22:50.6273060Z /usr/bin/tar: ../../../../../usr/local/lib/android/sdk/platforms/android-34-ext11/data/res/values-mcc302-mnc370-ca: Cannot utime: Operation not permitted
build	Cache Android SDK	2026-06-06T12:22:50.6274023Z /usr/bin/tar: ../../../../../usr/local/lib/android/sdk/platforms/android-34-ext11/data/res/values-mcc302-mnc370-ca: Cannot change mode to rwxr-xr-x: Operation not permitted
build	Cache Android SDK	2026-06-06T12:22:50.6276331Z /usr/bin/tar: ../../../../../usr/local/lib/android/sdk/platforms/android-34-ext11/data/res/values-mcc310-mnc240-zh-rHK: Cannot utime: Operation not permitted
build	Cache Android SDK	2026-06-06T12:22:50.6277313Z /usr/bin/tar: ../../../../../usr/local/lib/android/sdk/platforms/android-34-ext11/data/res/values-mcc310-mnc240-zh-rHK: Cannot change mode to rwxr-xr-x: Operation not permitted
build	Cache Android SDK	2026-06-06T12:22:50.6279749Z /usr/bin/tar: ../../../../../usr/local/lib/android/sdk/platforms/android-34-ext11/data/res/values-mcc310-mnc950-lo: Cannot utime: Operation not permitted
build	Cache Android SDK	2026-06-06T12:22:50.6280710Z /usr/bin/tar: ../../../../../usr/local/lib/android/sdk/platforms/android-34-ext11/data/res/values-mcc310-mnc950-lo: Cannot change mode to rwxr-xr-x: Operation not permitted
build	Cache Android SDK	2026-06-06T12:22:50.6282865Z /usr/bin/tar: ../../../../../usr/local/lib/android/sdk/platforms/android-34-ext11/data/res/values-mcc310-mnc660-ta: Cannot utime: Operation not permitted
build	Cache Android SDK	2026-06-06T12:22:50.6283829Z /usr/bin/tar: ../../../../../usr/local/lib/android/sdk/platforms/android-34-ext11/data/res/values-mcc310-mnc660-ta: Cannot change mode to rwxr-xr-x: Operation not permitted
build	Cache Android SDK	2026-06-06T12:22:50.6285885Z /usr/bin/tar: ../../../../../usr/local/lib/android/sdk/platforms/android-34-ext11/data/res/values-mcc310-mnc270-ms: Cannot utime: Operation not permitted
build	Cache Android SDK	2026-06-06T12:22:50.6286857Z /usr/bin/tar: ../../../../../usr/local/lib/android/sdk/platforms/android-34-ext11/data/res/values-mcc310-mnc270-ms: Cannot change mode to rwxr-xr-x: Operation not permitted
build	Cache Android SDK	2026-06-06T12:22:50.6289605Z /usr/bin/tar: ../../../../../usr/local/lib/android/sdk/platforms/android-34-ext11/data/res/values-mcc310-mnc280-ca: Cannot utime: Operation not permitted
build	Cache Android SDK	2026-06-06T12:22:50.6290589Z /usr/bin/tar: ../../../../../usr/local/lib/android/sdk/platforms/android-34-ext11/data/res/values-mcc310-mnc280-ca: Cannot change mode to rwxr-xr-x: Operation not permitted
build	Cache Android SDK	2026-06-06T12:22:50.6293088Z /usr/bin/tar: ../../../../../usr/local/lib/android/sdk/platforms/android-34-ext11/data/res/values-mcc310-mnc280-az: Cannot utime: Operation not permitted
build	Cache Android SDK	2026-06-06T12:22:50.6294035Z /usr/bin/tar: ../../../../../usr/local/lib/android/sdk/platforms/android-34-ext11/data/res/values-mcc310-mnc280-az: Cannot change mode to rwxr-xr-x: Operation not permitted
build	Cache Android SDK	2026-06-06T12:22:50.6296716Z /usr/bin/tar: ../../../../../usr/local/lib/android/sdk/platforms/android-34-ext11/data/res/values-mcc310-mnc240-tr: Cannot utime: Operation not permitted
build	Cache Android SDK	2026-06-06T12:22:50.6297779Z /usr/bin/tar: ../../../../../usr/local/lib/android/sdk/platforms/android-34-ext11/data/res/values-mcc310-mnc240-tr: Cannot change mode to rwxr-xr-x: Operation not permitted
build	Cache Android SDK	2026-06-06T12:22:50.6300039Z /usr/bin/tar: ../../../../../usr/local/lib/android/sdk/platforms/android-34-ext11/data/res/values-mcc001-mnc01-sr: Cannot utime: Operation not permitted
build	Cache Android SDK	2026-06-06T12:22:50.6300992Z /usr/bin/tar: ../../../../../usr/local/lib/android/sdk/platforms/android-34-ext11/data/res/values-mcc001-mnc01-sr: Cannot change mode to rwxr-xr-x: Operation not permitted
build	Cache Android SDK	2026-06-06T12:22:50.6302571Z /usr/bin/tar: ../../../../../usr/local/lib/android/sdk/platforms/android-34-ext11/data/res/values-mcc312-mnc670-ja: Cannot utime: Operation not permitted
build	Cache Android SDK	2026-06-06T12:22:50.6303522Z /usr/bin/tar: ../../../../../usr/local/lib/android/sdk/platforms/android-34-ext11/data/res/values-mcc312-mnc670-ja: Cannot change mode to rwxr-xr-x: Operation not permitted
build	Cache Android SDK	2026-06-06T12:22:50.6305943Z /usr/bin/tar: ../../../../../usr/local/lib/android/sdk/platforms/android-34-ext11/data/res/values-mcc001-mnc01-gu: Cannot utime: Operation not permitted
build	Cache Android SDK	2026-06-06T12:22:50.6306913Z /usr/bin/tar: ../../../../../usr/local/lib/android/sdk/platforms/android-34-ext11/data/res/values-mcc001-mnc01-gu: Cannot change mode to rwxr-xr-x: Operation not permitted
build	Cache Android SDK	2026-06-06T12:22:50.6309138Z /usr/bin/tar: ../../../../../usr/local/lib/android/sdk/platforms/android-34-ext11/data/res/values-mcc334-mnc020-et: Cannot utime: Operation not permitted
build	Cache Android SDK	2026-06-06T12:22:50.6310089Z /usr/bin/tar: ../../../../../usr/local/lib/android/sdk/platforms/android-34-ext11/data/res/values-mcc334-mnc020-et: Cannot change mode to rwxr-xr-x: Operation not permitted
build	Cache Android SDK	2026-06-06T12:22:50.6312318Z /usr/bin/tar: ../../../../../usr/local/lib/android/sdk/platforms/android-34-ext11/data/res/values-mcc310-mnc560-am: Cannot utime: Operation not permitted
build	Cache Android SDK	2026-06-06T12:22:50.6313264Z /usr/bin/tar: ../../../../../usr/local/lib/android/sdk/platforms/android-34-ext11/data/res/values-mcc310-mnc560-am: Cannot change mode to rwxr-xr-x: Operation not permitted
build	Cache Android SDK	2026-06-06T12:22:50.6315907Z /usr/bin/tar: ../../../../../usr/local/lib/android/sdk/platforms/android-34-ext11/data/res/values-sw600dp-land: Cannot utime: Operation not permitted
build	Cache Android SDK	2026-06-06T12:22:50.6316854Z /usr/bin/tar: ../../../../../usr/local/lib/android/sdk/platforms/android-34-ext11/data/res/values-sw600dp-land: Cannot change mode to rwxr-xr-x: Operation not permitted
build	Cache Android SDK	2026-06-06T12:22:50.6319621Z /usr/bin/tar: ../../../../../usr/local/lib/android/sdk/platforms/android-34-ext11/data/res/values-mcc310-mnc950-ta: Cannot utime: Operation not permitted
build	Cache Android SDK	2026-06-06T12:22:50.6320577Z /usr/bin/tar: ../../../../../usr/local/lib/android/sdk/platforms/android-34-ext11/data/res/values-mcc310-mnc950-ta: Cannot change mode to rwxr-xr-x: Operation not permitted
build	Cache Android SDK	2026-06-06T12:22:50.6325684Z /usr/bin/tar: ../../../../../usr/local/lib/android/sdk/platforms/android-34-ext11/data/res/values-mcc310-mnc410-en-rGB: Cannot utime: Operation not permitted
build	Cache Android SDK	2026-06-06T12:22:50.6326784Z /usr/bin/tar: ../../../../../usr/local/lib/android/sdk/platforms/android-34-ext11/data/res/values-mcc310-mnc410-en-rGB: Cannot change mode to rwxr-xr-x: Operation not permitted
build	Cache Android SDK	2026-06-06T12:22:50.6329290Z /usr/bin/tar: ../../../../../usr/local/lib/android/sdk/platforms/android-34-ext11/data/res/values-mcc310-mnc230-es-rUS: Cannot utime: Operation not permitted
build	Cache Android SDK	2026-06-06T12:22:50.6330267Z /usr/bin/tar: ../../../../../usr/local/lib/android/sdk/platforms/android-34-ext11/data/res/values-mcc310-mnc230-es-rUS: Cannot change mode to rwxr-xr-x: Operation not permitted
build	Cache Android SDK	2026-06-06T12:22:50.6332407Z /usr/bin/tar: ../../../../../usr/local/lib/android/sdk/platforms/android-34-ext11/data/res/values-ar-television: Cannot utime: Operation not permitted
build	Cache Android SDK	2026-06-06T12:22:50.6333345Z /usr/bin/tar: ../../../../../usr/local/lib/android/sdk/platforms/android-34-ext11/data/res/values-ar-television: Cannot change mode to rwxr-xr-x: Operation not permitted
build	Cache Android SDK	2026-06-06T12:22:50.6338032Z /usr/bin/tar: ../../../../../usr/local/lib/android/sdk/platforms/android-34-ext11/data/res/values-mcc313-mnc100-bs: Cannot utime: Operation not permitted
build	Cache Android SDK	2026-06-06T12:22:50.6339067Z /usr/bin/tar: ../../../../../usr/local/lib/android/sdk/platforms/android-34-ext11/data/res/values-mcc313-mnc100-bs: Cannot change mode to rwxr-xr-x: Operation not permitted
build	Cache Android SDK	2026-06-06T12:22:50.6341210Z /usr/bin/tar: ../../../../../usr/local/lib/android/sdk/platforms/android-34-ext11/data/res/values-mcc310-mnc200-en-rGB: Cannot utime: Operation not permitted
build	Cache Android SDK	2026-06-06T12:22:50.6344518Z /usr/bin/tar: ../../../../../usr/local/lib/android/sdk/platforms/android-34-ext11/data/res/values-mcc310-mnc200-en-rGB: Cannot change mode to rwxr-xr-x: Operation not permitted
build	Cache Android SDK	2026-06-06T12:22:50.6345490Z /usr/bin/tar: ../../../../../usr/local/lib/android/sdk/platforms/android-34-ext11/data/res/values-mcc310-mnc950-ne: Cannot utime: Operation not permitted
build	Cache Android SDK	2026-06-06T12:22:50.6346537Z /usr/bin/tar: ../../../../../usr/local/lib/android/sdk/platforms/android-34-ext11/data/res/values-mcc310-mnc950-ne: Cannot change mode to rwxr-xr-x: Operation not permitted
build	Cache Android SDK	2026-06-06T12:22:50.6347785Z /usr/bin/tar: ../../../../../usr/local/lib/android/sdk/platforms/android-34-ext11/data/res/values-mcc310-mnc560-es: Cannot utime: Operation not permitted
build	Cache Android SDK	2026-06-06T12:22:50.6348739Z /usr/bin/tar: ../../../../../usr/local/lib/android/sdk/platforms/android-34-ext11/data/res/values-mcc310-mnc560-es: Cannot change mode to rwxr-xr-x: Operation not permitted
build	Cache Android SDK	2026-06-06T12:22:50.6350899Z /usr/bin/tar: ../../../../../usr/local/lib/android/sdk/platforms/android-34-ext11/data/res/values-mcc001-mnc01-b+sr+Latn: Cannot utime: Operation not permitted
build	Cache Android SDK	2026-06-06T12:22:50.6351912Z /usr/bin/tar: ../../../../../usr/local/lib/android/sdk/platforms/android-34-ext11/data/res/values-mcc001-mnc01-b+sr+Latn: Cannot change mode to rwxr-xr-x: Operation not permitted
build	Cache Android SDK	2026-06-06T12:22:50.6353301Z /usr/bin/tar: ../../../../../usr/local/lib/android/sdk/platforms/android-34-ext11/data/res/values-mcc310-mnc800-sk: Cannot utime: Operation not permitted
build	Cache Android SDK	2026-06-06T12:22:50.6354356Z /usr/bin/tar: ../../../../../usr/local/lib/android/sdk/platforms/android-34-ext11/data/res/values-mcc310-mnc800-sk: Cannot change mode to rwxr-xr-x: Operation not permitted
build	Cache Android SDK	2026-06-06T12:22:50.6356796Z /usr/bin/tar: ../../../../../usr/local/lib/android/sdk/platforms/android-34-ext11/data/res/values-mcc310-mnc410-ms: Cannot utime: Operation not permitted
build	Cache Android SDK	2026-06-06T12:22:50.6358309Z /usr/bin/tar: ../../../../../usr/local/lib/android/sdk/platforms/android-34-ext11/data/res/values-mcc310-mnc410-ms: Cannot change mode to rwxr-xr-x: Operation not permitted
build	Cache Android SDK	2026-06-06T12:22:50.6362288Z /usr/bin/tar: ../../../../../usr/local/lib/android/sdk/platforms/android-34-ext11/data/res/values-mcc313-mnc100-en-rIN: Cannot utime: Operation not permitted
build	Cache Android SDK	2026-06-06T12:22:50.6363638Z /usr/bin/tar: ../../../../../usr/local/lib/android/sdk/platforms/android-34-ext11/data/res/values-mcc313-mnc100-en-rIN: Cannot change mode to rwxr-xr-x: Operation not permitted
build	Cache Android SDK	2026-06-06T12:22:50.6370891Z /usr/bin/tar: ../../../../../usr/local/lib/android/sdk/platforms/android-34-ext11/data/res/values-mcc310-mnc160-mn: Cannot utime: Operation not permitted
build	Cache Android SDK	2026-06-06T12:22:50.6371905Z /usr/bin/tar: ../../../../../usr/local/lib/android/sdk/platforms/android-34-ext11/data/res/values-mcc310-mnc160-mn: Cannot change mode to rwxr-xr-x: Operation not permitted
build	Cache Android SDK	2026-06-06T12:22:50.6375106Z /usr/bin/tar: ../../../../../usr/local/lib/android/sdk/platforms/android-34-ext11/data/res/values-mcc310-mnc240-el: Cannot utime: Operation not permitted
build	Cache Android SDK	2026-06-06T12:22:50.6376086Z /usr/bin/tar: ../../../../../usr/local/lib/android/sdk/platforms/android-34-ext11/data/res/values-mcc310-mnc240-el: Cannot change mode to rwxr-xr-x: Operation not permitted
build	Cache Android SDK	2026-06-06T12:22:50.6378308Z /usr/bin/tar: ../../../../../usr/local/lib/android/sdk/platforms/android-34-ext11/data/res/values-mcc312-mnc670-ko: Cannot utime: Operation not permitted
build	Cache Android SDK	2026-06-06T12:22:50.6379487Z /usr/bin/tar: ../../../../../usr/local/lib/android/sdk/platforms/android-34-ext11/data/res/values-mcc312-mnc670-ko: Cannot change mode to rwxr-xr-x: Operation not permitted
build	Cache Android SDK	2026-06-06T12:22:50.6381783Z /usr/bin/tar: ../../../../../usr/local/lib/android/sdk/platforms/android-34-ext11/data/res/values-mcc001-mnc01-as: Cannot utime: Operation not permitted
build	Cache Android SDK	2026-06-06T12:22:50.6382910Z /usr/bin/tar: ../../../../../usr/local/lib/android/sdk/platforms/android-34-ext11/data/res/values-mcc001-mnc01-as: Cannot change mode to rwxr-xr-x: Operation not permitted
build	Cache Android SDK	2026-06-06T12:22:50.6385035Z /usr/bin/tar: ../../../../../usr/local/lib/android/sdk/platforms/android-34-ext11/data/res/values-mcc310-mnc950-en-rGB: Cannot utime: Operation not permitted
build	Cache Android SDK	2026-06-06T12:22:50.6386033Z /usr/bin/tar: ../../../../../usr/local/lib/android/sdk/platforms/android-34-ext11/data/res/values-mcc310-mnc950-en-rGB: Cannot change mode to rwxr-xr-x: Operation not permitted
build	Cache Android SDK	2026-06-06T12:22:50.6388699Z /usr/bin/tar: ../../../../../usr/local/lib/android/sdk/platforms/android-34-ext11/data/res/values-mcc310-mnc250-zh-rTW: Cannot utime: Operation not permitted
build	Cache Android SDK	2026-06-06T12:22:50.6389805Z /usr/bin/tar: ../../../../../usr/local/lib/android/sdk/platforms/android-34-ext11/data/res/values-mcc310-mnc250-zh-rTW: Cannot change mode to rwxr-xr-x: Operation not permitted
build	Cache Android SDK	2026-06-06T12:22:50.6392076Z /usr/bin/tar: ../../../../../usr/local/lib/android/sdk/platforms/android-34-ext11/data/res/values-mcc312-mnc670-bs: Cannot utime: Operation not permitted
build	Cache Android SDK	2026-06-06T12:22:50.6393054Z /usr/bin/tar: ../../../../../usr/local/lib/android/sdk/platforms/android-34-ext11/data/res/values-mcc312-mnc670-bs: Cannot change mode to rwxr-xr-x: Operation not permitted
build	Cache Android SDK	2026-06-06T12:22:50.6395620Z /usr/bin/tar: ../../../../../usr/local/lib/android/sdk/platforms/android-34-ext11/data/res/values-mcc302-mnc370-uz: Cannot utime: Operation not permitted
build	Cache Android SDK	2026-06-06T12:22:50.6396609Z /usr/bin/tar: ../../../../../usr/local/lib/android/sdk/platforms/android-34-ext11/data/res/values-mcc302-mnc370-uz: Cannot change mode to rwxr-xr-x: Operation not permitted
build	Cache Android SDK	2026-06-06T12:22:50.6399707Z /usr/bin/tar: ../../../../../usr/local/lib/android/sdk/platforms/android-34-ext11/data/res/values-mcc310-mnc220-nb: Cannot utime: Operation not permitted
build	Cache Android SDK	2026-06-06T12:22:50.6401272Z /usr/bin/tar: ../../../../../usr/local/lib/android/sdk/platforms/android-34-ext11/data/res/values-mcc310-mnc220-nb: Cannot change mode to rwxr-xr-x: Operation not permitted
build	Cache Android SDK	2026-06-06T12:22:50.6402548Z /usr/bin/tar: ../../../../../usr/local/lib/android/sdk/platforms/android-34-ext11/data/res/values-mcc310-mnc150-nb: Cannot utime: Operation not permitted
build	Cache Android SDK	2026-06-06T12:22:50.6403645Z /usr/bin/tar: ../../../../../usr/local/lib/android/sdk/platforms/android-34-ext11/data/res/values-mcc310-mnc150-nb: Cannot change mode to rwxr-xr-x: Operation not permitted
build	Cache Android SDK	2026-06-06T12:22:50.6405372Z /usr/bin/tar: ../../../../../usr/local/lib/android/sdk/platforms/android-34-ext11/data/res/values-mcc310-mnc030-et: Cannot utime: Operation not permitted
build	Cache Android SDK	2026-06-06T12:22:50.6406354Z /usr/bin/tar: ../../../../../usr/local/lib/android/sdk/platforms/android-34-ext11/data/res/values-mcc310-mnc030-et: Cannot change mode to rwxr-xr-x: Operation not permitted
build	Cache Android SDK	2026-06-06T12:22:50.6409014Z /usr/bin/tar: ../../../../../usr/local/lib/android/sdk/platforms/android-34-ext11/data/res/values-mcc310-mnc310-sr: Cannot utime: Operation not permitted
build	Cache Android SDK	2026-06-06T12:22:50.6410070Z /usr/bin/tar: ../../../../../usr/local/lib/android/sdk/platforms/android-34-ext11/data/res/values-mcc310-mnc310-sr: Cannot change mode to rwxr-xr-x: Operation not permitted
build	Cache Android SDK	2026-06-06T12:22:50.6411919Z /usr/bin/tar: ../../../../../usr/local/lib/android/sdk/platforms/android-34-ext11/data/res/values-mcc310-mnc250-ro: Cannot utime: Operation not permitted
build	Cache Android SDK	2026-06-06T12:22:50.6412910Z /usr/bin/tar: ../../../../../usr/local/lib/android/sdk/platforms/android-34-ext11/data/res/values-mcc310-mnc250-ro: Cannot change mode to rwxr-xr-x: Operation not permitted
build	Cache Android SDK	2026-06-06T12:22:50.6415747Z /usr/bin/tar: ../../../../../usr/local/lib/android/sdk/platforms/android-34-ext11/data/res/values-mcc302-mnc370-tr: Cannot utime: Operation not permitted
build	Cache Android SDK	2026-06-06T12:22:50.6416739Z /usr/bin/tar: ../../../../../usr/local/lib/android/sdk/platforms/android-34-ext11/data/res/values-mcc302-mnc370-tr: Cannot change mode to rwxr-xr-x: Operation not permitted
build	Cache Android SDK	2026-06-06T12:22:50.6418942Z /usr/bin/tar: ../../../../../usr/local/lib/android/sdk/platforms/android-34-ext11/data/res/values-mcc310-mnc200-nl: Cannot utime: Operation not permitted
build	Cache Android SDK	2026-06-06T12:22:50.6419915Z /usr/bin/tar: ../../../../../usr/local/lib/android/sdk/platforms/android-34-ext11/data/res/values-mcc310-mnc200-nl: Cannot change mode to rwxr-xr-x: Operation not permitted
build	Cache Android SDK	2026-06-06T12:22:50.6421964Z /usr/bin/tar: ../../../../../usr/local/lib/android/sdk/platforms/android-34-ext11/data/res/values-mcc310-mnc660-sw: Cannot utime: Operation not permitted
build	Cache Android SDK	2026-06-06T12:22:50.6422936Z /usr/bin/tar: ../../../../../usr/local/lib/android/sdk/platforms/android-34-ext11/data/res/values-mcc310-mnc660-sw: Cannot change mode to rwxr-xr-x: Operation not permitted
build	Cache Android SDK	2026-06-06T12:22:50.6425217Z /usr/bin/tar: ../../../../../usr/local/lib/android/sdk/platforms/android-34-ext11/data/res/values-mcc313-mnc100-sr: Cannot utime: Operation not permitted
build	Cache Android SDK	2026-06-06T12:22:50.6426195Z /usr/bin/tar: ../../../../../usr/local/lib/android/sdk/platforms/android-34-ext11/data/res/values-mcc313-mnc100-sr: Cannot change mode to rwxr-xr-x: Operation not permitted
build	Cache Android SDK	2026-06-06T12:22:50.6428867Z /usr/bin/tar: ../../../../../usr/local/lib/android/sdk/platforms/android-34-ext11/data/res/raw-da: Cannot utime: Operation not permitted
build	Cache Android SDK	2026-06-06T12:22:50.6429855Z /usr/bin/tar: ../../../../../usr/local/lib/android/sdk/platforms/android-34-ext11/data/res/raw-da: Cannot change mode to rwxr-xr-x: Operation not permitted
build	Cache Android SDK	2026-06-06T12:22:50.6432420Z /usr/bin/tar: ../../../../../usr/local/lib/android/sdk/platforms/android-34-ext11/data/res/values-mcc260: Cannot utime: Operation not permitted
build	Cache Android SDK	2026-06-06T12:22:50.6433339Z /usr/bin/tar: ../../../../../usr/local/lib/android/sdk/platforms/android-34-ext11/data/res/values-mcc260: Cannot change mode to rwxr-xr-x: Operation not permitted
build	Cache Android SDK	2026-06-06T12:22:50.6435604Z /usr/bin/tar: ../../../../../usr/local/lib/android/sdk/platforms/android-34-ext11/data/res/values-mcc310-mnc220-ja: Cannot utime: Operation not permitted
build	Cache Android SDK	2026-06-06T12:22:50.6436577Z /usr/bin/tar: ../../../../../usr/local/lib/android/sdk/platforms/android-34-ext11/data/res/values-mcc310-mnc220-ja: Cannot change mode to rwxr-xr-x: Operation not permitted
build	Cache Android SDK	2026-06-06T12:22:50.6438735Z /usr/bin/tar: ../../../../../usr/local/lib/android/sdk/platforms/android-34-ext11/data/res/values-mcc310-mnc800-en-rIN: Cannot utime: Operation not permitted
build	Cache Android SDK	2026-06-06T12:22:50.6439740Z /usr/bin/tar: ../../../../../usr/local/lib/android/sdk/platforms/android-34-ext11/data/res/values-mcc310-mnc800-en-rIN: Cannot change mode to rwxr-xr-x: Operation not permitted
build	Cache Android SDK	2026-06-06T12:22:50.6441997Z /usr/bin/tar: ../../../../../usr/local/lib/android/sdk/platforms/android-34-ext11/data/res/values-mcc310-mnc250-pt-rPT: Cannot utime: Operation not permitted
build	Cache Android SDK	2026-06-06T12:22:50.6443095Z /usr/bin/tar: ../../../../../usr/local/lib/android/sdk/platforms/android-34-ext11/data/res/values-mcc310-mnc250-pt-rPT: Cannot change mode to rwxr-xr-x: Operation not permitted
build	Cache Android SDK	2026-06-06T12:22:50.6448182Z /usr/bin/tar: ../../../../../usr/local/lib/android/sdk/platforms/android-34-ext11/data/res/values-mcc310-mnc490-ka: Cannot utime: Operation not permitted
build	Cache Android SDK	2026-06-06T12:22:50.6449631Z /usr/bin/tar: ../../../../../usr/local/lib/android/sdk/platforms/android-34-ext11/data/res/values-mcc310-mnc490-ka: Cannot change mode to rwxr-xr-x: Operation not permitted
build	Cache Android SDK	2026-06-06T12:22:50.6451144Z /usr/bin/tar: ../../../../../usr/local/lib/android/sdk/platforms/android-34-ext11/data/res/values-mcc310-mnc490-be: Cannot utime: Operation not permitted
build	Cache Android SDK	2026-06-06T12:22:50.6452779Z /usr/bin/tar: ../../../../../usr/local/lib/android/sdk/platforms/android-34-ext11/data/res/values-mcc310-mnc490-be: Cannot change mode to rwxr-xr-x: Operation not permitted
build	Cache Android SDK	2026-06-06T12:22:50.6453735Z /usr/bin/tar: ../../../../../usr/local/lib/android/sdk/platforms/android-34-ext11/data/res/values-mcc204: Cannot utime: Operation not permitted
build	Cache Android SDK	2026-06-06T12:22:50.6455349Z /usr/bin/tar: ../../../../../usr/local/lib/android/sdk/platforms/android-34-ext11/data/res/values-mcc204: Cannot change mode to rwxr-xr-x: Operation not permitted
build	Cache Android SDK	2026-06-06T12:22:50.6456525Z /usr/bin/tar: ../../../../../usr/local/lib/android/sdk/platforms/android-34-ext11/data/res/values-mcc310-mnc660-sr: Cannot utime: Operation not permitted
build	Cache Android SDK	2026-06-06T12:22:50.6457916Z /usr/bin/tar: ../../../../../usr/local/lib/android/sdk/platforms/android-34-ext11/data/res/values-mcc310-mnc660-sr: Cannot change mode to rwxr-xr-x: Operation not permitted
build	Cache Android SDK	2026-06-06T12:22:50.6459324Z /usr/bin/tar: ../../../../../usr/local/lib/android/sdk/platforms/android-34-ext11/data/res/values-mcc310-mnc220-lv: Cannot utime: Operation not permitted
build	Cache Android SDK	2026-06-06T12:22:50.6460357Z /usr/bin/tar: ../../../../../usr/local/lib/android/sdk/platforms/android-34-ext11/data/res/values-mcc310-mnc220-lv: Cannot change mode to rwxr-xr-x: Operation not permitted
build	Cache Android SDK	2026-06-06T12:22:50.6462214Z /usr/bin/tar: ../../../../../usr/local/lib/android/sdk/platforms/android-34-ext11/data/res/values-mcc310-mnc200-gl: Cannot utime: Operation not permitted
build	Cache Android SDK	2026-06-06T12:22:50.6463178Z /usr/bin/tar: ../../../../../usr/local/lib/android/sdk/platforms/android-34-ext11/data/res/values-mcc310-mnc200-gl: Cannot change mode to rwxr-xr-x: Operation not permitted
build	Cache Android SDK	2026-06-06T12:22:50.6466923Z /usr/bin/tar: ../../../../../usr/local/lib/android/sdk/platforms/android-34-ext11/data/res/values-en-rUS: Cannot utime: Operation not permitted
build	Cache Android SDK	2026-06-06T12:22:50.6468547Z /usr/bin/tar: ../../../../../usr/local/lib/android/sdk/platforms/android-34-ext11/data/res/values-en-rUS: Cannot change mode to rwxr-xr-x: Operation not permitted
build	Cache Android SDK	2026-06-06T12:22:50.6469872Z /usr/bin/tar: ../../../../../usr/local/lib/android/sdk/platforms/android-34-ext11/data/res/values-mcc310-mnc240-gu: Cannot utime: Operation not permitted
build	Cache Android SDK	2026-06-06T12:22:50.6470928Z /usr/bin/tar: ../../../../../usr/local/lib/android/sdk/platforms/android-34-ext11/data/res/values-mcc310-mnc240-gu: Cannot change mode to rwxr-xr-x: Operation not permitted
build	Cache Android SDK	2026-06-06T12:22:50.6473476Z /usr/bin/tar: ../../../../../usr/local/lib/android/sdk/platforms/android-34-ext11/data/res/values-mcc310-mnc150-es-rUS: Cannot utime: Operation not permitted
build	Cache Android SDK	2026-06-06T12:22:50.6474494Z /usr/bin/tar: ../../../../../usr/local/lib/android/sdk/platforms/android-34-ext11/data/res/values-mcc310-mnc150-es-rUS: Cannot change mode to rwxr-xr-x: Operation not permitted
build	Cache Android SDK	2026-06-06T12:22:50.6480718Z /usr/bin/tar: ../../../../../usr/local/lib/android/sdk/platforms/android-34-ext11/data/res/values-ru: Cannot utime: Operation not permitted
build	Cache Android SDK	2026-06-06T12:22:50.6481892Z /usr/bin/tar: ../../../../../usr/local/lib/android/sdk/platforms/android-34-ext11/data/res/values-ru: Cannot change mode to rwxr-xr-x: Operation not permitted
build	Cache Android SDK	2026-06-06T12:22:50.6483861Z /usr/bin/tar: ../../../../../usr/local/lib/android/sdk/platforms/android-34-ext11/data/res/values-mcc310-mnc150-ar: Cannot utime: Operation not permitted
build	Cache Android SDK	2026-06-06T12:22:50.6485551Z /usr/bin/tar: ../../../../../usr/local/lib/android/sdk/platforms/android-34-ext11/data/res/values-mcc310-mnc150-ar: Cannot change mode to rwxr-xr-x: Operation not permitted
build	Cache Android SDK	2026-06-06T12:22:50.6487061Z /usr/bin/tar: ../../../../../usr/local/lib/android/sdk/platforms/android-34-ext11/data/res/values-mcc310-mnc310-bg: Cannot utime: Operation not permitted
build	Cache Android SDK	2026-06-06T12:22:50.6488410Z /usr/bin/tar: ../../../../../usr/local/lib/android/sdk/platforms/android-34-ext11/data/res/values-mcc310-mnc310-bg: Cannot change mode to rwxr-xr-x: Operation not permitted
build	Cache Android SDK	2026-06-06T12:22:50.6490244Z /usr/bin/tar: ../../../../../usr/local/lib/android/sdk/platforms/android-34-ext11/data/res/values-ro-rRO: Cannot utime: Operation not permitted
build	Cache Android SDK	2026-06-06T12:22:50.6491153Z /usr/bin/tar: ../../../../../usr/local/lib/android/sdk/platforms/android-34-ext11/data/res/values-ro-rRO: Cannot change mode to rwxr-xr-x: Operation not permitted
build	Cache Android SDK	2026-06-06T12:22:50.6493346Z /usr/bin/tar: ../../../../../usr/local/lib/android/sdk/platforms/android-34-ext11/data/res/values-mcc302-mnc370-az: Cannot utime: Operation not permitted
build	Cache Android SDK	2026-06-06T12:22:50.6494445Z /usr/bin/tar: ../../../../../usr/local/lib/android/sdk/platforms/android-34-ext11/data/res/values-mcc302-mnc370-az: Cannot change mode to rwxr-xr-x: Operation not permitted
build	Cache Android SDK	2026-06-06T12:22:50.6500286Z /usr/bin/tar: ../../../../../usr/local/lib/android/sdk/platforms/android-34-ext11/data/res/values-hr: Cannot utime: Operation not permitted
build	Cache Android SDK	2026-06-06T12:22:50.6501372Z /usr/bin/tar: ../../../../../usr/local/lib/android/sdk/platforms/android-34-ext11/data/res/values-hr: Cannot change mode to rwxr-xr-x: Operation not permitted
build	Cache Android SDK	2026-06-06T12:22:50.6503472Z /usr/bin/tar: ../../../../../usr/local/lib/android/sdk/platforms/android-34-ext11/data/res/values-mcc310-mnc280-zh-rTW: Cannot utime: Operation not permitted
build	Cache Android SDK	2026-06-06T12:22:50.6504805Z /usr/bin/tar: ../../../../../usr/local/lib/android/sdk/platforms/android-34-ext11/data/res/values-mcc310-mnc280-zh-rTW: Cannot change mode to rwxr-xr-x: Operation not permitted
build	Cache Android SDK	2026-06-06T12:22:50.6506393Z /usr/bin/tar: ../../../../../usr/local/lib/android/sdk/platforms/android-34-ext11/data/res/values-mcc310-mnc490-pa: Cannot utime: Operation not permitted
build	Cache Android SDK	2026-06-06T12:22:50.6507526Z /usr/bin/tar: ../../../../../usr/local/lib/android/sdk/platforms/android-34-ext11/data/res/values-mcc310-mnc490-pa: Cannot change mode to rwxr-xr-x: Operation not permitted
build	Cache Android SDK	2026-06-06T12:22:50.6509842Z /usr/bin/tar: ../../../../../usr/local/lib/android/sdk/platforms/android-34-ext11/data/res/values-mcc310-mnc030-kk: Cannot utime: Operation not permitted
build	Cache Android SDK	2026-06-06T12:22:50.6510810Z /usr/bin/tar: ../../../../../usr/local/lib/android/sdk/platforms/android-34-ext11/data/res/values-mcc310-mnc030-kk: Cannot change mode to rwxr-xr-x: Operation not permitted
build	Cache Android SDK	2026-06-06T12:22:50.6513072Z /usr/bin/tar: ../../../../../usr/local/lib/android/sdk/platforms/android-34-ext11/data/res/values-mcc302-mnc720-pt-rBR: Cannot utime: Operation not permitted
build	Cache Android SDK	2026-06-06T12:22:50.6514166Z /usr/bin/tar: ../../../../../usr/local/lib/android/sdk/platforms/android-34-ext11/data/res/values-mcc302-mnc720-pt-rBR: Cannot change mode to rwxr-xr-x: Operation not permitted
build	Cache Android SDK	2026-06-06T12:22:50.6516195Z /usr/bin/tar: ../../../../../usr/local/lib/android/sdk/platforms/android-34-ext11/data/res/values-mcc310-mnc160-ka: Cannot utime: Operation not permitted
build	Cache Android SDK	2026-06-06T12:22:50.6517155Z /usr/bin/tar: ../../../../../usr/local/lib/android/sdk/platforms/android-34-ext11/data/res/values-mcc310-mnc160-ka: Cannot change mode to rwxr-xr-x: Operation not permitted
build	Cache Android SDK	2026-06-06T12:22:50.6519327Z /usr/bin/tar: ../../../../../usr/local/lib/android/sdk/platforms/android-34-ext11/data/res/values-mcc310-mnc280-am: Cannot utime: Operation not permitted
build	Cache Android SDK	2026-06-06T12:22:50.6520296Z /usr/bin/tar: ../../../../../usr/local/lib/android/sdk/platforms/android-34-ext11/data/res/values-mcc310-mnc280-am: Cannot change mode to rwxr-xr-x: Operation not permitted
build	Cache Android SDK	2026-06-06T12:22:50.6523047Z /usr/bin/tar: ../../../../../usr/local/lib/android/sdk/platforms/android-34-ext11/data/res/values-mcc310-mnc410: Cannot utime: Operation not permitted
build	Cache Android SDK	2026-06-06T12:22:50.6524043Z /usr/bin/tar: ../../../../../usr/local/lib/android/sdk/platforms/android-34-ext11/data/res/values-mcc310-mnc410: Cannot change mode to rwxr-xr-x: Operation not permitted
build	Cache Android SDK	2026-06-06T12:22:50.6526324Z /usr/bin/tar: ../../../../../usr/local/lib/android/sdk/platforms/android-34-ext11/data/res/values-mcc310-mnc950-en-rIN: Cannot utime: Operation not permitted
build	Cache Android SDK	2026-06-06T12:22:50.6527763Z /usr/bin/tar: ../../../../../usr/local/lib/android/sdk/platforms/android-34-ext11/data/res/values-mcc310-mnc950-en-rIN: Cannot change mode to rwxr-xr-x: Operation not permitted
build	Cache Android SDK	2026-06-06T12:22:50.6529355Z /usr/bin/tar: ../../../../../usr/local/lib/android/sdk/platforms/android-34-ext11/data/res/values-mcc334-mnc020-fa: Cannot utime: Operation not permitted
build	Cache Android SDK	2026-06-06T12:22:50.6530346Z /usr/bin/tar: ../../../../../usr/local/lib/android/sdk/platforms/android-34-ext11/data/res/values-mcc334-mnc020-fa: Cannot change mode to rwxr-xr-x: Operation not permitted
build	Cache Android SDK	2026-06-06T12:22:50.6532455Z /usr/bin/tar: ../../../../../usr/local/lib/android/sdk/platforms/android-34-ext11/data/res/values-mcc310-mnc240-ko: Cannot utime: Operation not permitted
build	Cache Android SDK	2026-06-06T12:22:50.6533417Z /usr/bin/tar: ../../../../../usr/local/lib/android/sdk/platforms/android-34-ext11/data/res/values-mcc310-mnc240-ko: Cannot change mode to rwxr-xr-x: Operation not permitted
build	Cache Android SDK	2026-06-06T12:22:50.6535780Z /usr/bin/tar: ../../../../../usr/local/lib/android/sdk/platforms/android-34-ext11/data/res/values-mcc310-mnc410-en-rAU: Cannot utime: Operation not permitted
build	Cache Android SDK	2026-06-06T12:22:50.6536780Z /usr/bin/tar: ../../../../../usr/local/lib/android/sdk/platforms/android-34-ext11/data/res/values-mcc310-mnc410-en-rAU: Cannot change mode to rwxr-xr-x: Operation not permitted
build	Cache Android SDK	2026-06-06T12:22:50.6539673Z /usr/bin/tar: ../../../../../usr/local/lib/android/sdk/platforms/android-34-ext11/data/res/values-mcc302-mnc370-fr: Cannot utime: Operation not permitted
build	Cache Android SDK	2026-06-06T12:22:50.6540659Z /usr/bin/tar: ../../../../../usr/local/lib/android/sdk/platforms/android-34-ext11/data/res/values-mcc302-mnc370-fr: Cannot change mode to rwxr-xr-x: Operation not permitted
build	Cache Android SDK	2026-06-06T12:22:50.6542698Z /usr/bin/tar: ../../../../../usr/local/lib/android/sdk/platforms/android-34-ext11/data/res/values-mcc310-mnc410-fr: Cannot utime: Operation not permitted
build	Cache Android SDK	2026-06-06T12:22:50.6543668Z /usr/bin/tar: ../../../../../usr/local/lib/android/sdk/platforms/android-34-ext11/data/res/values-mcc310-mnc410-fr: Cannot change mode to rwxr-xr-x: Operation not permitted
build	Cache Android SDK	2026-06-06T12:22:50.6546043Z /usr/bin/tar: ../../../../../usr/local/lib/android/sdk/platforms/android-34-ext11/data/res/values-mcc310-mnc240-ur: Cannot utime: Operation not permitted
build	Cache Android SDK	2026-06-06T12:22:50.6547011Z /usr/bin/tar: ../../../../../usr/local/lib/android/sdk/platforms/android-34-ext11/data/res/values-mcc310-mnc240-ur: Cannot change mode to rwxr-xr-x: Operation not permitted
build	Cache Android SDK	2026-06-06T12:22:50.6549734Z /usr/bin/tar: ../../../../../usr/local/lib/android/sdk/platforms/android-34-ext11/data/res/values-mcc310-mnc220-de: Cannot utime: Operation not permitted
build	Cache Android SDK	2026-06-06T12:22:50.6550703Z /usr/bin/tar: ../../../../../usr/local/lib/android/sdk/platforms/android-34-ext11/data/res/values-mcc310-mnc220-de: Cannot change mode to rwxr-xr-x: Operation not permitted
build	Cache Android SDK	2026-06-06T12:22:50.6552936Z /usr/bin/tar: ../../../../../usr/local/lib/android/sdk/platforms/android-34-ext11/data/res/values-mcc310-mnc030-en-rXC: Cannot utime: Operation not permitted
build	Cache Android SDK	2026-06-06T12:22:50.6553937Z /usr/bin/tar: ../../../../../usr/local/lib/android/sdk/platforms/android-34-ext11/data/res/values-mcc310-mnc030-en-rXC: Cannot change mode to rwxr-xr-x: Operation not permitted
build	Cache Android SDK	2026-06-06T12:22:50.6555983Z /usr/bin/tar: ../../../../../usr/local/lib/android/sdk/platforms/android-34-ext11/data/res/values-mcc001-mnc01-ko: Cannot utime: Operation not permitted
build	Cache Android SDK	2026-06-06T12:22:50.6557047Z /usr/bin/tar: ../../../../../usr/local/lib/android/sdk/platforms/android-34-ext11/data/res/values-mcc001-mnc01-ko: Cannot change mode to rwxr-xr-x: Operation not permitted
build	Cache Android SDK	2026-06-06T12:22:50.6559644Z /usr/bin/tar: ../../../../../usr/local/lib/android/sdk/platforms/android-34-ext11/data/res/values-mcc334-mnc020-gu: Cannot utime: Operation not permitted
build	Cache Android SDK	2026-06-06T12:22:50.6560623Z /usr/bin/tar: ../../../../../usr/local/lib/android/sdk/platforms/android-34-ext11/data/res/values-mcc334-mnc020-gu: Cannot change mode to rwxr-xr-x: Operation not permitted
build	Cache Android SDK	2026-06-06T12:22:50.6562754Z /usr/bin/tar: ../../../../../usr/local/lib/android/sdk/platforms/android-34-ext11/data/res/values-mcc310-mnc560-zh-rTW: Cannot utime: Operation not permitted
build	Cache Android SDK	2026-06-06T12:22:50.6563935Z /usr/bin/tar: ../../../../../usr/local/lib/android/sdk/platforms/android-34-ext11/data/res/values-mcc310-mnc560-zh-rTW: Cannot change mode to rwxr-xr-x: Operation not permitted
build	Cache Android SDK	2026-06-06T12:22:50.6565580Z /usr/bin/tar: ../../../../../usr/local/lib/android/sdk/platforms/android-34-ext11/data/res/values-mcc310-mnc280-en-rAU: Cannot utime: Operation not permitted
build	Cache Android SDK	2026-06-06T12:22:50.6566653Z /usr/bin/tar: ../../../../../usr/local/lib/android/sdk/platforms/android-34-ext11/data/res/values-mcc310-mnc280-en-rAU: Cannot change mode to rwxr-xr-x: Operation not permitted
build	Cache Android SDK	2026-06-06T12:22:50.6569383Z /usr/bin/tar: ../../../../../usr/local/lib/android/sdk/platforms/android-34-ext11/data/res/values-mcc310-mnc210-fi: Cannot utime: Operation not permitted
build	Cache Android SDK	2026-06-06T12:22:50.6570363Z /usr/bin/tar: ../../../../../usr/local/lib/android/sdk/platforms/android-34-ext11/data/res/values-mcc310-mnc210-fi: Cannot change mode to rwxr-xr-x: Operation not permitted
build	Cache Android SDK	2026-06-06T12:22:50.6572380Z /usr/bin/tar: ../../../../../usr/local/lib/android/sdk/platforms/android-34-ext11/data/res/values-mcc310-mnc170-de: Cannot utime: Operation not permitted
build	Cache Android SDK	2026-06-06T12:22:50.6573449Z /usr/bin/tar: ../../../../../usr/local/lib/android/sdk/platforms/android-34-ext11/data/res/values-mcc310-mnc170-de: Cannot change mode to rwxr-xr-x: Operation not permitted
build	Cache Android SDK	2026-06-06T12:22:50.6575741Z /usr/bin/tar: ../../../../../usr/local/lib/android/sdk/platforms/android-34-ext11/data/res/values-mcc310-mnc210-gu: Cannot utime: Operation not permitted
build	Cache Android SDK	2026-06-06T12:22:50.6576714Z /usr/bin/tar: ../../../../../usr/local/lib/android/sdk/platforms/android-34-ext11/data/res/values-mcc310-mnc210-gu: Cannot change mode to rwxr-xr-x: Operation not permitted
build	Cache Android SDK	2026-06-06T12:22:50.6579277Z /usr/bin/tar: ../../../../../usr/local/lib/android/sdk/platforms/android-34-ext11/data/res/values-mcc310-mnc660-hi: Cannot utime: Operation not permitted
build	Cache Android SDK	2026-06-06T12:22:50.6580246Z /usr/bin/tar: ../../../../../usr/local/lib/android/sdk/platforms/android-34-ext11/data/res/values-mcc310-mnc660-hi: Cannot change mode to rwxr-xr-x: Operation not permitted
build	Cache Android SDK	2026-06-06T12:22:50.6582438Z /usr/bin/tar: ../../../../../usr/local/lib/android/sdk/platforms/android-34-ext11/data/res/values-mcc310-mnc210-nl: Cannot utime: Operation not permitted
build	Cache Android SDK	2026-06-06T12:22:50.6583673Z /usr/bin/tar: ../../../../../usr/local/lib/android/sdk/platforms/android-34-ext11/data/res/values-mcc310-mnc210-nl: Cannot change mode to rwxr-xr-x: Operation not permitted
build	Cache Android SDK	2026-06-06T12:22:50.6585302Z /usr/bin/tar: ../../../../../usr/local/lib/android/sdk/platforms/android-34-ext11/data/res/values-mcc334-mnc020-am: Cannot utime: Operation not permitted
build	Cache Android SDK	2026-06-06T12:22:50.6586281Z /usr/bin/tar: ../../../../../usr/local/lib/android/sdk/platforms/android-34-ext11/data/res/values-mcc334-mnc020-am: Cannot change mode to rwxr-xr-x: Operation not permitted
build	Cache Android SDK	2026-06-06T12:22:50.6588522Z /usr/bin/tar: ../../../../../usr/local/lib/android/sdk/platforms/android-34-ext11/data/res/values-mcc334-mnc020-my: Cannot utime: Operation not permitted
build	Cache Android SDK	2026-06-06T12:22:50.6589495Z /usr/bin/tar: ../../../../../usr/local/lib/android/sdk/platforms/android-34-ext11/data/res/values-mcc334-mnc020-my: Cannot change mode to rwxr-xr-x: Operation not permitted
build	Cache Android SDK	2026-06-06T12:22:50.6591724Z /usr/bin/tar: ../../../../../usr/local/lib/android/sdk/platforms/android-34-ext11/data/res/values-mcc740-mnc00: Cannot utime: Operation not permitted
build	Cache Android SDK	2026-06-06T12:22:50.6592758Z /usr/bin/tar: ../../../../../usr/local/lib/android/sdk/platforms/android-34-ext11/data/res/values-mcc740-mnc00: Cannot change mode to rwxr-xr-x: Operation not permitted
build	Cache Android SDK	2026-06-06T12:22:50.6595477Z /usr/bin/tar: ../../../../../usr/local/lib/android/sdk/platforms/android-34-ext11/data/res/values-mcc310-mnc200-ky: Cannot utime: Operation not permitted
build	Cache Android SDK	2026-06-06T12:22:50.6596557Z /usr/bin/tar: ../../../../../usr/local/lib/android/sdk/platforms/android-34-ext11/data/res/values-mcc310-mnc200-ky: Cannot change mode to rwxr-xr-x: Operation not permitted
build	Cache Android SDK	2026-06-06T12:22:50.6598374Z /usr/bin/tar: ../../../../../usr/local/lib/android/sdk/platforms/android-34-ext11/data/res/values-mcc302-mnc370-el: Cannot utime: Operation not permitted
build	Cache Android SDK	2026-06-06T12:22:50.6599362Z /usr/bin/tar: ../../../../../usr/local/lib/android/sdk/platforms/android-34-ext11/data/res/values-mcc302-mnc370-el: Cannot change mode to rwxr-xr-x: Operation not permitted
build	Cache Android SDK	2026-06-06T12:22:50.6601566Z /usr/bin/tar: ../../../../../usr/local/lib/android/sdk/platforms/android-34-ext11/data/res/values-mcc310-mnc560-ro: Cannot utime: Operation not permitted
build	Cache Android SDK	2026-06-06T12:22:50.6602534Z /usr/bin/tar: ../../../../../usr/local/lib/android/sdk/platforms/android-34-ext11/data/res/values-mcc310-mnc560-ro: Cannot change mode to rwxr-xr-x: Operation not permitted
build	Cache Android SDK	2026-06-06T12:22:50.6605745Z /usr/bin/tar: ../../../../../usr/local/lib/android/sdk/platforms/android-34-ext11/data/res/values-mcc310-mnc150-kk: Cannot utime: Operation not permitted
build	Cache Android SDK	2026-06-06T12:22:50.6606721Z /usr/bin/tar: ../../../../../usr/local/lib/android/sdk/platforms/android-34-ext11/data/res/values-mcc310-mnc150-kk: Cannot change mode to rwxr-xr-x: Operation not permitted
build	Cache Android SDK	2026-06-06T12:22:50.6609186Z /usr/bin/tar: ../../../../../usr/local/lib/android/sdk/platforms/android-34-ext11/data/res/values-mcc334-mnc020-pt: Cannot utime: Operation not permitted
build	Cache Android SDK	2026-06-06T12:22:50.6610243Z /usr/bin/tar: ../../../../../usr/local/lib/android/sdk/platforms/android-34-ext11/data/res/values-mcc334-mnc020-pt: Cannot change mode to rwxr-xr-x: Operation not permitted
build	Cache Android SDK	2026-06-06T12:22:50.6615352Z /usr/bin/tar: ../../../../../usr/local/lib/android/sdk/platforms/android-34-ext11/data/res/values-mcc310-mnc210-en-rGB: Cannot utime: Operation not permitted
build	Cache Android SDK	2026-06-06T12:22:50.6617161Z /usr/bin/tar: ../../../../../usr/local/lib/android/sdk/platforms/android-34-ext11/data/res/values-mcc310-mnc210-en-rGB: Cannot change mode to rwxr-xr-x: Operation not permitted
build	Cache Android SDK	2026-06-06T12:22:50.6619126Z /usr/bin/tar: ../../../../../usr/local/lib/android/sdk/platforms/android-34-ext11/data/res/values-mcc302-mnc720-pt: Cannot utime: Operation not permitted
build	Cache Android SDK	2026-06-06T12:22:50.6620572Z /usr/bin/tar: ../../../../../usr/local/lib/android/sdk/platforms/android-34-ext11/data/res/values-mcc302-mnc720-pt: Cannot change mode to rwxr-xr-x: Operation not permitted
build	Cache Android SDK	2026-06-06T12:22:50.6621641Z /usr/bin/tar: ../../../../../usr/local/lib/android/sdk/platforms/android-34-ext11/data/res/values-mcc302-mnc720-zh-rCN: Cannot utime: Operation not permitted
build	Cache Android SDK	2026-06-06T12:22:50.6622716Z /usr/bin/tar: ../../../../../usr/local/lib/android/sdk/platforms/android-34-ext11/data/res/values-mcc302-mnc720-zh-rCN: Cannot change mode to rwxr-xr-x: Operation not permitted
build	Cache Android SDK	2026-06-06T12:22:50.6624326Z /usr/bin/tar: ../../../../../usr/local/lib/android/sdk/platforms/android-34-ext11/data/res/values-mcc310-mnc210-fr-rCA: Cannot utime: Operation not permitted
build	Cache Android SDK	2026-06-06T12:22:50.6625313Z /usr/bin/tar: ../../../../../usr/local/lib/android/sdk/platforms/android-34-ext11/data/res/values-mcc310-mnc210-fr-rCA: Cannot change mode to rwxr-xr-x: Operation not permitted
build	Cache Android SDK	2026-06-06T12:22:50.6627560Z /usr/bin/tar: ../../../../../usr/local/lib/android/sdk/platforms/android-34-ext11/data/res/values-mcc310-mnc270-nb: Cannot utime: Operation not permitted
build	Cache Android SDK	2026-06-06T12:22:50.6628517Z /usr/bin/tar: ../../../../../usr/local/lib/android/sdk/platforms/android-34-ext11/data/res/values-mcc310-mnc270-nb: Cannot change mode to rwxr-xr-x: Operation not permitted
build	Cache Android SDK	2026-06-06T12:22:50.6630463Z /usr/bin/tar: ../../../../../usr/local/lib/android/sdk/platforms/android-34-ext11/data/res/values-mcc334-mnc020-zu: Cannot utime: Operation not permitted
build	Cache Android SDK	2026-06-06T12:22:50.6631412Z /usr/bin/tar: ../../../../../usr/local/lib/android/sdk/platforms/android-34-ext11/data/res/values-mcc334-mnc020-zu: Cannot change mode to rwxr-xr-x: Operation not permitted
build	Cache Android SDK	2026-06-06T12:22:50.6633640Z /usr/bin/tar: ../../../../../usr/local/lib/android/sdk/platforms/android-34-ext11/data/res/values-port-mdpi: Cannot utime: Operation not permitted
build	Cache Android SDK	2026-06-06T12:22:50.6634569Z /usr/bin/tar: ../../../../../usr/local/lib/android/sdk/platforms/android-34-ext11/data/res/values-port-mdpi: Cannot change mode to rwxr-xr-x: Operation not permitted
build	Cache Android SDK	2026-06-06T12:22:50.6636968Z /usr/bin/tar: ../../../../../usr/local/lib/android/sdk/platforms/android-34-ext11/data/res/values-mcc302-mnc720-th: Cannot utime: Operation not permitted
build	Cache Android SDK	2026-06-06T12:22:50.6638073Z /usr/bin/tar: ../../../../../usr/local/lib/android/sdk/platforms/android-34-ext11/data/res/values-mcc302-mnc720-th: Cannot change mode to rwxr-xr-x: Operation not permitted
build	Cache Android SDK	2026-06-06T12:22:50.6640241Z /usr/bin/tar: ../../../../../usr/local/lib/android/sdk/platforms/android-34-ext11/data/res/values-mcc310-mnc950-ka: Cannot utime: Operation not permitted
build	Cache Android SDK	2026-06-06T12:22:50.6641202Z /usr/bin/tar: ../../../../../usr/local/lib/android/sdk/platforms/android-34-ext11/data/res/values-mcc310-mnc950-ka: Cannot change mode to rwxr-xr-x: Operation not permitted
build	Cache Android SDK	2026-06-06T12:22:50.6643319Z /usr/bin/tar: ../../../../../usr/local/lib/android/sdk/platforms/android-34-ext11/data/res/values-mcc302-mnc720-en-rGB: Cannot utime: Operation not permitted
build	Cache Android SDK	2026-06-06T12:22:50.6644302Z /usr/bin/tar: ../../../../../usr/local/lib/android/sdk/platforms/android-34-ext11/data/res/values-mcc302-mnc720-en-rGB: Cannot change mode to rwxr-xr-x: Operation not permitted
build	Cache Android SDK	2026-06-06T12:22:50.6646465Z /usr/bin/tar: ../../../../../usr/local/lib/android/sdk/platforms/android-34-ext11/data/res/values-mcc310-mnc250-az: Cannot utime: Operation not permitted
build	Cache Android SDK	2026-06-06T12:22:50.6647578Z /usr/bin/tar: ../../../../../usr/local/lib/android/sdk/platforms/android-34-ext11/data/res/values-mcc310-mnc250-az: Cannot change mode to rwxr-xr-x: Operation not permitted
build	Cache Android SDK	2026-06-06T12:22:50.6649845Z /usr/bin/tar: ../../../../../usr/local/lib/android/sdk/platforms/android-34-ext11/data/res/values-mcc310-mnc200-be: Cannot utime: Operation not permitted
build	Cache Android SDK	2026-06-06T12:22:50.6650808Z /usr/bin/tar: ../../../../../usr/local/lib/android/sdk/platforms/android-34-ext11/data/res/values-mcc310-mnc200-be: Cannot change mode to rwxr-xr-x: Operation not permitted
build	Cache Android SDK	2026-06-06T12:22:50.6653208Z /usr/bin/tar: ../../../../../usr/local/lib/android/sdk/platforms/android-34-ext11/data/res/values-zu-rZA: Cannot utime: Operation not permitted
build	Cache Android SDK	2026-06-06T12:22:50.6654383Z /usr/bin/tar: ../../../../../usr/local/lib/android/sdk/platforms/android-34-ext11/data/res/values-zu-rZA: Cannot change mode to rwxr-xr-x: Operation not permitted
build	Cache Android SDK	2026-06-06T12:22:50.6655684Z /usr/bin/tar: ../../../../../usr/local/lib/android/sdk/platforms/android-34-ext11/data/res/values-ka-watch: Cannot utime: Operation not permitted
build	Cache Android SDK	2026-06-06T12:22:50.6656770Z /usr/bin/tar: ../../../../../usr/local/lib/android/sdk/platforms/android-34-ext11/data/res/values-ka-watch: Cannot change mode to rwxr-xr-x: Operation not permitted
build	Cache Android SDK	2026-06-06T12:22:50.6659038Z /usr/bin/tar: ../../../../../usr/local/lib/android/sdk/platforms/android-34-ext11/data/res/values-mcc310-mnc490-ms: Cannot utime: Operation not permitted
build	Cache Android SDK	2026-06-06T12:22:50.6660104Z /usr/bin/tar: ../../../../../usr/local/lib/android/sdk/platforms/android-34-ext11/data/res/values-mcc310-mnc490-ms: Cannot change mode to rwxr-xr-x: Operation not permitted
build	Cache Android SDK	2026-06-06T12:22:50.6663973Z /usr/bin/tar: ../../../../../usr/local/lib/android/sdk/platforms/android-34-ext11/data/res/values-mcc310-mnc310-pl: Cannot utime: Operation not permitted
build	Cache Android SDK	2026-06-06T12:22:50.6665038Z /usr/bin/tar: ../../../../../usr/local/lib/android/sdk/platforms/android-34-ext11/data/res/values-mcc310-mnc310-pl: Cannot change mode to rwxr-xr-x: Operation not permitted
build	Cache Android SDK	2026-06-06T12:22:50.6672533Z /usr/bin/tar: ../../../../../usr/local/lib/android/sdk/platforms/android-34-ext11/data/res/values-hi: Cannot utime: Operation not permitted
build	Cache Android SDK	2026-06-06T12:22:50.6673972Z /usr/bin/tar: ../../../../../usr/local/lib/android/sdk/platforms/android-34-ext11/data/res/values-hi: Cannot change mode to rwxr-xr-x: Operation not permitted
build	Cache Android SDK	2026-06-06T12:22:50.6675581Z /usr/bin/tar: ../../../../../usr/local/lib/android/sdk/platforms/android-34-ext11/data/res/values-mcc310-mnc200-zu: Cannot utime: Operation not permitted
build	Cache Android SDK	2026-06-06T12:22:50.6676730Z /usr/bin/tar: ../../../../../usr/local/lib/android/sdk/platforms/android-34-ext11/data/res/values-mcc310-mnc200-zu: Cannot change mode to rwxr-xr-x: Operation not permitted
build	Cache Android SDK	2026-06-06T12:22:50.6678713Z /usr/bin/tar: ../../../../../usr/local/lib/android/sdk/platforms/android-34-ext11/data/res/values-mcc310-mnc410-mr: Cannot utime: Operation not permitted
build	Cache Android SDK	2026-06-06T12:22:50.6679944Z /usr/bin/tar: ../../../../../usr/local/lib/android/sdk/platforms/android-34-ext11/data/res/values-mcc310-mnc410-mr: Cannot change mode to rwxr-xr-x: Operation not permitted
build	Cache Android SDK	2026-06-06T12:22:50.6684202Z /usr/bin/tar: ../../../../../usr/local/lib/android/sdk/platforms/android-34-ext11/data/res/values-mcc310-mnc210-mr: Cannot utime: Operation not permitted
build	Cache Android SDK	2026-06-06T12:22:50.6685611Z /usr/bin/tar: ../../../../../usr/local/lib/android/sdk/platforms/android-34-ext11/data/res/values-mcc310-mnc210-mr: Cannot change mode to rwxr-xr-x: Operation not permitted
build	Cache Android SDK	2026-06-06T12:22:50.6686616Z /usr/bin/tar: ../../../../../usr/local/lib/android/sdk/platforms/android-34-ext11/data/res/values-mcc310-mnc150-si: Cannot utime: Operation not permitted
build	Cache Android SDK	2026-06-06T12:22:50.6688067Z /usr/bin/tar: ../../../../../usr/local/lib/android/sdk/platforms/android-34-ext11/data/res/values-mcc310-mnc150-si: Cannot change mode to rwxr-xr-x: Operation not permitted
build	Cache Android SDK	2026-06-06T12:22:50.6689251Z /usr/bin/tar: ../../../../../usr/local/lib/android/sdk/platforms/android-34-ext11/data/res/values-mcc310-mnc240-et: Cannot utime: Operation not permitted
build	Cache Android SDK	2026-06-06T12:22:50.6690607Z /usr/bin/tar: ../../../../../usr/local/lib/android/sdk/platforms/android-34-ext11/data/res/values-mcc310-mnc240-et: Cannot change mode to rwxr-xr-x: Operation not permitted
build	Cache Android SDK	2026-06-06T12:22:50.6691573Z /usr/bin/tar: ../../../../../usr/local/lib/android/sdk/platforms/android-34-ext11/data/res/values-mcc310-mnc380-kk: Cannot utime: Operation not permitted
build	Cache Android SDK	2026-06-06T12:22:50.6692524Z /usr/bin/tar: ../../../../../usr/local/lib/android/sdk/platforms/android-34-ext11/data/res/values-mcc310-mnc380-kk: Cannot change mode to rwxr-xr-x: Operation not permitted
build	Cache Android SDK	2026-06-06T12:22:50.6694680Z /usr/bin/tar: ../../../../../usr/local/lib/android/sdk/platforms/android-34-ext11/data/res/values-mcc310-mnc280-kk: Cannot utime: Operation not permitted
build	Cache Android SDK	2026-06-06T12:22:50.6695726Z /usr/bin/tar: ../../../../../usr/local/lib/android/sdk/platforms/android-34-ext11/data/res/values-mcc310-mnc280-kk: Cannot change mode to rwxr-xr-x: Operation not permitted
build	Cache Android SDK	2026-06-06T12:22:50.6700096Z /usr/bin/tar: ../../../../../usr/local/lib/android/sdk/platforms/android-34-ext11/data/res/values-mcc310-mnc160-sq: Cannot utime: Operation not permitted
build	Cache Android SDK	2026-06-06T12:22:50.6701051Z /usr/bin/tar: ../../../../../usr/local/lib/android/sdk/platforms/android-34-ext11/data/res/values-mcc310-mnc160-sq: Cannot change mode to rwxr-xr-x: Operation not permitted
build	Cache Android SDK	2026-06-06T12:22:50.6703198Z /usr/bin/tar: ../../../../../usr/local/lib/android/sdk/platforms/android-34-ext11/data/res/values-mcc334-mnc020-kn: Cannot utime: Operation not permitted
build	Cache Android SDK	2026-06-06T12:22:50.6704145Z /usr/bin/tar: ../../../../../usr/local/lib/android/sdk/platforms/android-34-ext11/data/res/values-mcc334-mnc020-kn: Cannot change mode to rwxr-xr-x: Operation not permitted
build	Cache Android SDK	2026-06-06T12:22:50.6710081Z /usr/bin/tar: ../../../../../usr/local/lib/android/sdk/platforms/android-34-ext11/data/res/values-mcc312-mnc530: Cannot utime: Operation not permitted
build	Cache Android SDK	2026-06-06T12:22:50.6711115Z /usr/bin/tar: ../../../../../usr/local/lib/android/sdk/platforms/android-34-ext11/data/res/values-mcc312-mnc530: Cannot change mode to rwxr-xr-x: Operation not permitted
build	Cache Android SDK	2026-06-06T12:22:50.6713929Z /usr/bin/tar: ../../../../../usr/local/lib/android/sdk/platforms/android-34-ext11/data/res/values-mcc310-mnc270-vi: Cannot utime: Operation not permitted
build	Cache Android SDK	2026-06-06T12:22:50.6714886Z /usr/bin/tar: ../../../../../usr/local/lib/android/sdk/platforms/android-34-ext11/data/res/values-mcc310-mnc270-vi: Cannot change mode to rwxr-xr-x: Operation not permitted
build	Cache Android SDK	2026-06-06T12:22:50.6721780Z /usr/bin/tar: ../../../../../usr/local/lib/android/sdk/platforms/android-34-ext11/data/res/values-ne: Cannot utime: Operation not permitted
build	Cache Android SDK	2026-06-06T12:22:50.6722978Z /usr/bin/tar: ../../../../../usr/local/lib/android/sdk/platforms/android-34-ext11/data/res/values-ne: Cannot change mode to rwxr-xr-x: Operation not permitted
build	Cache Android SDK	2026-06-06T12:22:50.6724542Z /usr/bin/tar: ../../../../../usr/local/lib/android/sdk/platforms/android-34-ext11/data/res/values-mcc310-mnc250-et: Cannot utime: Operation not permitted
build	Cache Android SDK	2026-06-06T12:22:50.6725649Z /usr/bin/tar: ../../../../../usr/local/lib/android/sdk/platforms/android-34-ext11/data/res/values-mcc310-mnc250-et: Cannot change mode to rwxr-xr-x: Operation not permitted
build	Cache Android SDK	2026-06-06T12:22:50.6727716Z /usr/bin/tar: ../../../../../usr/local/lib/android/sdk/platforms/android-34-ext11/data/res/values-es-rSV: Cannot utime: Operation not permitted
build	Cache Android SDK	2026-06-06T12:22:50.6728653Z /usr/bin/tar: ../../../../../usr/local/lib/android/sdk/platforms/android-34-ext11/data/res/values-es-rSV: Cannot change mode to rwxr-xr-x: Operation not permitted
build	Cache Android SDK	2026-06-06T12:22:50.6731626Z /usr/bin/tar: ../../../../../usr/local/lib/android/sdk/platforms/android-34-ext11/data/res/values-mcc310-mnc220-pl: Cannot utime: Operation not permitted
build	Cache Android SDK	2026-06-06T12:22:50.6732881Z /usr/bin/tar: ../../../../../usr/local/lib/android/sdk/platforms/android-34-ext11/data/res/values-mcc310-mnc220-pl: Cannot change mode to rwxr-xr-x: Operation not permitted
build	Cache Android SDK	2026-06-06T12:22:50.6734434Z /usr/bin/tar: ../../../../../usr/local/lib/android/sdk/platforms/android-34-ext11/data/res/values-mcc302-mnc720-az: Cannot utime: Operation not permitted
build	Cache Android SDK	2026-06-06T12:22:50.6735399Z /usr/bin/tar: ../../../../../usr/local/lib/android/sdk/platforms/android-34-ext11/data/res/values-mcc302-mnc720-az: Cannot change mode to rwxr-xr-x: Operation not permitted
build	Cache Android SDK	2026-06-06T12:22:50.6737893Z /usr/bin/tar: ../../../../../usr/local/lib/android/sdk/platforms/android-34-ext11/data/res/values-mcc415-mnc01: Cannot utime: Operation not permitted
build	Cache Android SDK	2026-06-06T12:22:50.6738854Z /usr/bin/tar: ../../../../../usr/local/lib/android/sdk/platforms/android-34-ext11/data/res/values-mcc415-mnc01: Cannot change mode to rwxr-xr-x: Operation not permitted
build	Cache Android SDK	2026-06-06T12:22:50.6740858Z /usr/bin/tar: ../../../../../usr/local/lib/android/sdk/platforms/android-34-ext11/data/res/values-mcc310-mnc250-de: Cannot utime: Operation not permitted
build	Cache Android SDK	2026-06-06T12:22:50.6741899Z /usr/bin/tar: ../../../../../usr/local/lib/android/sdk/platforms/android-34-ext11/data/res/values-mcc310-mnc250-de: Cannot change mode to rwxr-xr-x: Operation not permitted
build	Cache Android SDK	2026-06-06T12:22:50.6744366Z /usr/bin/tar: ../../../../../usr/local/lib/android/sdk/platforms/android-34-ext11/data/res/values-mcc310-mnc220-am: Cannot utime: Operation not permitted
build	Cache Android SDK	2026-06-06T12:22:50.6745334Z /usr/bin/tar: ../../../../../usr/local/lib/android/sdk/platforms/android-34-ext11/data/res/values-mcc310-mnc220-am: Cannot change mode to rwxr-xr-x: Operation not permitted
build	Cache Android SDK	2026-06-06T12:22:50.6747276Z /usr/bin/tar: ../../../../../usr/local/lib/android/sdk/platforms/android-34-ext11/data/res/values-mcc302-mnc370-tl: Cannot utime: Operation not permitted
build	Cache Android SDK	2026-06-06T12:22:50.6748546Z /usr/bin/tar: ../../../../../usr/local/lib/android/sdk/platforms/android-34-ext11/data/res/values-mcc302-mnc370-tl: Cannot change mode to rwxr-xr-x: Operation not permitted
build	Cache Android SDK	2026-06-06T12:22:50.6750789Z /usr/bin/tar: ../../../../../usr/local/lib/android/sdk/platforms/android-34-ext11/data/res/values-mcc310-mnc210-bg: Cannot utime: Operation not permitted
build	Cache Android SDK	2026-06-06T12:22:50.6751766Z /usr/bin/tar: ../../../../../usr/local/lib/android/sdk/platforms/android-34-ext11/data/res/values-mcc310-mnc210-bg: Cannot change mode to rwxr-xr-x: Operation not permitted
build	Cache Android SDK	2026-06-06T12:22:50.6753703Z /usr/bin/tar: ../../../../../usr/local/lib/android/sdk/platforms/android-34-ext11/data/res/values-mcc302-mnc370-zh-rHK: Cannot utime: Operation not permitted
build	Cache Android SDK	2026-06-06T12:22:50.6754706Z /usr/bin/tar: ../../../../../usr/local/lib/android/sdk/platforms/android-34-ext11/data/res/values-mcc302-mnc370-zh-rHK: Cannot change mode to rwxr-xr-x: Operation not permitted
build	Cache Android SDK	2026-06-06T12:22:50.6757877Z /usr/bin/tar: ../../../../../usr/local/lib/android/sdk/platforms/android-34-ext11/data/res/values-ar-rEG: Cannot utime: Operation not permitted
build	Cache Android SDK	2026-06-06T12:22:50.6759206Z /usr/bin/tar: ../../../../../usr/local/lib/android/sdk/platforms/android-34-ext11/data/res/values-ar-rEG: Cannot change mode to rwxr-xr-x: Operation not permitted
build	Cache Android SDK	2026-06-06T12:22:50.6761133Z /usr/bin/tar: ../../../../../usr/local/lib/android/sdk/platforms/android-34-ext11/data/res/values-mcc310-mnc310-uz: Cannot utime: Operation not permitted
build	Cache Android SDK	2026-06-06T12:22:50.6762112Z /usr/bin/tar: ../../../../../usr/local/lib/android/sdk/platforms/android-34-ext11/data/res/values-mcc310-mnc310-uz: Cannot change mode to rwxr-xr-x: Operation not permitted
build	Cache Android SDK	2026-06-06T12:22:50.6764392Z /usr/bin/tar: ../../../../../usr/local/lib/android/sdk/platforms/android-34-ext11/data/res/values-mcc310-mnc800-it: Cannot utime: Operation not permitted
build	Cache Android SDK	2026-06-06T12:22:50.6765363Z /usr/bin/tar: ../../../../../usr/local/lib/android/sdk/platforms/android-34-ext11/data/res/values-mcc310-mnc800-it: Cannot change mode to rwxr-xr-x: Operation not permitted
build	Cache Android SDK	2026-06-06T12:22:50.6767750Z /usr/bin/tar: ../../../../../usr/local/lib/android/sdk/platforms/android-34-ext11/data/res/values-mcc310-mnc410-kk: Cannot utime: Operation not permitted
build	Cache Android SDK	2026-06-06T12:22:50.6768822Z /usr/bin/tar: ../../../../../usr/local/lib/android/sdk/platforms/android-34-ext11/data/res/values-mcc310-mnc410-kk: Cannot change mode to rwxr-xr-x: Operation not permitted
build	Cache Android SDK	2026-06-06T12:22:50.6770917Z /usr/bin/tar: ../../../../../usr/local/lib/android/sdk/platforms/android-34-ext11/data/res/values-mcc310-mnc950-eu: Cannot utime: Operation not permitted
build	Cache Android SDK	2026-06-06T12:22:50.6771879Z /usr/bin/tar: ../../../../../usr/local/lib/android/sdk/platforms/android-34-ext11/data/res/values-mcc310-mnc950-eu: Cannot change mode to rwxr-xr-x: Operation not permitted
build	Cache Android SDK	2026-06-06T12:22:50.6774049Z /usr/bin/tar: ../../../../../usr/local/lib/android/sdk/platforms/android-34-ext11/data/res/values-mcc302-mnc720-af: Cannot utime: Operation not permitted
build	Cache Android SDK	2026-06-06T12:22:50.6774996Z /usr/bin/tar: ../../../../../usr/local/lib/android/sdk/platforms/android-34-ext11/data/res/values-mcc302-mnc720-af: Cannot change mode to rwxr-xr-x: Operation not permitted
build	Cache Android SDK	2026-06-06T12:22:50.6777142Z /usr/bin/tar: ../../../../../usr/local/lib/android/sdk/platforms/android-34-ext11/data/res/values-mcc334-mnc020-es: Cannot utime: Operation not permitted
build	Cache Android SDK	2026-06-06T12:22:50.6778212Z /usr/bin/tar: ../../../../../usr/local/lib/android/sdk/platforms/android-34-ext11/data/res/values-mcc334-mnc020-es: Cannot change mode to rwxr-xr-x: Operation not permitted
build	Cache Android SDK	2026-06-06T12:22:50.6780583Z /usr/bin/tar: ../../../../../usr/local/lib/android/sdk/platforms/android-34-ext11/data/res/values-mcc310-mnc410-be: Cannot utime: Operation not permitted
build	Cache Android SDK	2026-06-06T12:22:50.6781558Z /usr/bin/tar: ../../../../../usr/local/lib/android/sdk/platforms/android-34-ext11/data/res/values-mcc310-mnc410-be: Cannot change mode to rwxr-xr-x: Operation not permitted
build	Cache Android SDK	2026-06-06T12:22:50.6783463Z /usr/bin/tar: ../../../../../usr/local/lib/android/sdk/platforms/android-34-ext11/data/res/values-mcc310-mnc030-am: Cannot utime: Operation not permitted
build	Cache Android SDK	2026-06-06T12:22:50.6784447Z /usr/bin/tar: ../../../../../usr/local/lib/android/sdk/platforms/android-34-ext11/data/res/values-mcc310-mnc030-am: Cannot change mode to rwxr-xr-x: Operation not permitted
build	Cache Android SDK	2026-06-06T12:22:50.6788972Z /usr/bin/tar: ../../../../../usr/local/lib/android/sdk/platforms/android-34-ext11/data/res/values-sq: Cannot utime: Operation not permitted
build	Cache Android SDK	2026-06-06T12:22:50.6789861Z /usr/bin/tar: ../../../../../usr/local/lib/android/sdk/platforms/android-34-ext11/data/res/values-sq: Cannot change mode to rwxr-xr-x: Operation not permitted
build	Cache Android SDK	2026-06-06T12:22:50.6792865Z /usr/bin/tar: ../../../../../usr/local/lib/android/sdk/platforms/android-34-ext11/data/res/values-mcc310-mnc380-bs: Cannot utime: Operation not permitted
build	Cache Android SDK	2026-06-06T12:22:50.6794226Z /usr/bin/tar: ../../../../../usr/local/lib/android/sdk/platforms/android-34-ext11/data/res/values-mcc310-mnc380-bs: Cannot change mode to rwxr-xr-x: Operation not permitted
build	Cache Android SDK	2026-06-06T12:22:50.6795940Z /usr/bin/tar: ../../../../../usr/local/lib/android/sdk/platforms/android-34-ext11/data/res/values-mcc310-mnc660-te: Cannot utime: Operation not permitted
build	Cache Android SDK	2026-06-06T12:22:50.6796950Z /usr/bin/tar: ../../../../../usr/local/lib/android/sdk/platforms/android-34-ext11/data/res/values-mcc310-mnc660-te: Cannot change mode to rwxr-xr-x: Operation not permitted
build	Cache Android SDK	2026-06-06T12:22:50.6799447Z /usr/bin/tar: ../../../../../usr/local/lib/android/sdk/platforms/android-34-ext11/data/res/values-mcc310-mnc950-es: Cannot utime: Operation not permitted
build	Cache Android SDK	2026-06-06T12:22:50.6800681Z /usr/bin/tar: ../../../../../usr/local/lib/android/sdk/platforms/android-34-ext11/data/res/values-mcc310-mnc950-es: Cannot change mode to rwxr-xr-x: Operation not permitted
build	Cache Android SDK	2026-06-06T12:22:50.6803438Z /usr/bin/tar: ../../../../../usr/local/lib/android/sdk/platforms/android-34-ext11/data/res/xml-land: Cannot utime: Operation not permitted
build	Cache Android SDK	2026-06-06T12:22:50.6804352Z /usr/bin/tar: ../../../../../usr/local/lib/android/sdk/platforms/android-34-ext11/data/res/xml-land: Cannot change mode to rwxr-xr-x: Operation not permitted
build	Cache Android SDK	2026-06-06T12:22:50.6806496Z /usr/bin/tar: ../../../../../usr/local/lib/android/sdk/platforms/android-34-ext11/data/res/values-w225dp: Cannot utime: Operation not permitted
build	Cache Android SDK	2026-06-06T12:22:50.6807850Z /usr/bin/tar: ../../../../../usr/local/lib/android/sdk/platforms/android-34-ext11/data/res/values-w225dp: Cannot change mode to rwxr-xr-x: Operation not permitted
build	Cache Android SDK	2026-06-06T12:22:50.6809902Z /usr/bin/tar: ../../../../../usr/local/lib/android/sdk/platforms/android-34-ext11/data/res/values-mcc311-mnc180-pt-rPT: Cannot utime: Operation not permitted
build	Cache Android SDK	2026-06-06T12:22:50.6811057Z /usr/bin/tar: ../../../../../usr/local/lib/android/sdk/platforms/android-34-ext11/data/res/values-mcc311-mnc180-pt-rPT: Cannot change mode to rwxr-xr-x: Operation not permitted
build	Cache Android SDK	2026-06-06T12:22:50.6813191Z /usr/bin/tar: ../../../../../usr/local/lib/android/sdk/platforms/android-34-ext11/data/res/values-mcc310-mnc490-de: Cannot utime: Operation not permitted
build	Cache Android SDK	2026-06-06T12:22:50.6814317Z /usr/bin/tar: ../../../../../usr/local/lib/android/sdk/platforms/android-34-ext11/data/res/values-mcc310-mnc490-de: Cannot change mode to rwxr-xr-x: Operation not permitted
build	Cache Android SDK	2026-06-06T12:22:50.6816451Z /usr/bin/tar: ../../../../../usr/local/lib/android/sdk/platforms/android-34-ext11/data/res/values-mcc310-mnc150-sk: Cannot utime: Operation not permitted
build	Cache Android SDK	2026-06-06T12:22:50.6817789Z /usr/bin/tar: ../../../../../usr/local/lib/android/sdk/platforms/android-34-ext11/data/res/values-mcc310-mnc150-sk: Cannot change mode to rwxr-xr-x: Operation not permitted
build	Cache Android SDK	2026-06-06T12:22:50.6819731Z /usr/bin/tar: ../../../../../usr/local/lib/android/sdk/platforms/android-34-ext11/data/res/values-mcc310-mnc950-hy: Cannot utime: Operation not permitted
build	Cache Android SDK	2026-06-06T12:22:50.6821105Z /usr/bin/tar: ../../../../../usr/local/lib/android/sdk/platforms/android-34-ext11/data/res/values-mcc310-mnc950-hy: Cannot change mode to rwxr-xr-x: Operation not permitted
build	Cache Android SDK	2026-06-06T12:22:50.6822937Z /usr/bin/tar: ../../../../../usr/local/lib/android/sdk/platforms/android-34-ext11/data/res/values-am-rET: Cannot utime: Operation not permitted
build	Cache Android SDK	2026-06-06T12:22:50.6824072Z /usr/bin/tar: ../../../../../usr/local/lib/android/sdk/platforms/android-34-ext11/data/res/values-am-rET: Cannot change mode to rwxr-xr-x: Operation not permitted
build	Cache Android SDK	2026-06-06T12:22:50.6826796Z /usr/bin/tar: ../../../../../usr/local/lib/android/sdk/platforms/android-34-ext11/data/res/values-mcc310-mnc030-zh-rCN: Cannot utime: Operation not permitted
build	Cache Android SDK	2026-06-06T12:22:50.6828374Z /usr/bin/tar: ../../../../../usr/local/lib/android/sdk/platforms/android-34-ext11/data/res/values-mcc310-mnc030-zh-rCN: Cannot change mode to rwxr-xr-x: Operation not permitted
build	Cache Android SDK	2026-06-06T12:22:50.6829941Z /usr/bin/tar: ../../../../../usr/local/lib/android/sdk/platforms/android-34-ext11/data/res/raw-tr: Cannot utime: Operation not permitted
build	Cache Android SDK	2026-06-06T12:22:50.6830811Z /usr/bin/tar: ../../../../../usr/local/lib/android/sdk/platforms/android-34-ext11/data/res/raw-tr: Cannot change mode to rwxr-xr-x: Operation not permitted
build	Cache Android SDK	2026-06-06T12:22:50.6833147Z /usr/bin/tar: ../../../../../usr/local/lib/android/sdk/platforms/android-34-ext11/data/res/values-mcc310-mnc230-lo: Cannot utime: Operation not permitted
build	Cache Android SDK	2026-06-06T12:22:50.6834208Z /usr/bin/tar: ../../../../../usr/local/lib/android/sdk/platforms/android-34-ext11/data/res/values-mcc310-mnc230-lo: Cannot change mode to rwxr-xr-x: Operation not permitted
build	Cache Android SDK	2026-06-06T12:22:50.6836197Z /usr/bin/tar: ../../../../../usr/local/lib/android/sdk/platforms/android-34-ext11/data/res/values-mcc310-mnc240-kk: Cannot utime: Operation not permitted
build	Cache Android SDK	2026-06-06T12:22:50.6837164Z /usr/bin/tar: ../../../../../usr/local/lib/android/sdk/platforms/android-34-ext11/data/res/values-mcc310-mnc240-kk: Cannot change mode to rwxr-xr-x: Operation not permitted
build	Cache Android SDK	2026-06-06T12:22:50.6839755Z /usr/bin/tar: ../../../../../usr/local/lib/android/sdk/platforms/android-34-ext11/data/res/values-mcc312-mnc670-ru: Cannot utime: Operation not permitted
build	Cache Android SDK	2026-06-06T12:22:50.6840717Z /usr/bin/tar: ../../../../../usr/local/lib/android/sdk/platforms/android-34-ext11/data/res/values-mcc312-mnc670-ru: Cannot change mode to rwxr-xr-x: Operation not permitted
build	Cache Android SDK	2026-06-06T12:22:50.6843206Z /usr/bin/tar: ../../../../../usr/local/lib/android/sdk/platforms/android-34-ext11/data/res/values-mcc310-mnc210-ky: Cannot utime: Operation not permitted
build	Cache Android SDK	2026-06-06T12:22:50.6844190Z /usr/bin/tar: ../../../../../usr/local/lib/android/sdk/platforms/android-34-ext11/data/res/values-mcc310-mnc210-ky: Cannot change mode to rwxr-xr-x: Operation not permitted
build	Cache Android SDK	2026-06-06T12:22:50.6849926Z /usr/bin/tar: ../../../../../usr/local/lib/android/sdk/platforms/android-34-ext11/data/res/values-en-rAU: Cannot utime: Operation not permitted
build	Cache Android SDK	2026-06-06T12:22:50.6850865Z /usr/bin/tar: ../../../../../usr/local/lib/android/sdk/platforms/android-34-ext11/data/res/values-en-rAU: Cannot change mode to rwxr-xr-x: Operation not permitted
build	Cache Android SDK	2026-06-06T12:22:50.6853751Z /usr/bin/tar: ../../../../../usr/local/lib/android/sdk/platforms/android-34-ext11/data/res/values-mcc310-mnc230-hy: Cannot utime: Operation not permitted
build	Cache Android SDK	2026-06-06T12:22:50.6854835Z /usr/bin/tar: ../../../../../usr/local/lib/android/sdk/platforms/android-34-ext11/data/res/values-mcc310-mnc230-hy: Cannot change mode to rwxr-xr-x: Operation not permitted
build	Cache Android SDK	2026-06-06T12:22:50.6857283Z /usr/bin/tar: ../../../../../usr/local/lib/android/sdk/platforms/android-34-ext11/data/res/values-mcc310-mnc150-en-rXC: Cannot utime: Operation not permitted
build	Cache Android SDK	2026-06-06T12:22:50.6858471Z /usr/bin/tar: ../../../../../usr/local/lib/android/sdk/platforms/android-34-ext11/data/res/values-mcc310-mnc150-en-rXC: Cannot change mode to rwxr-xr-x: Operation not permitted
build	Cache Android SDK	2026-06-06T12:22:50.6865622Z /usr/bin/tar: ../../../../../usr/local/lib/android/sdk/platforms/android-34-ext11/data/res/values-zh-rHK: Cannot utime: Operation not permitted
build	Cache Android SDK	2026-06-06T12:22:50.6867345Z /usr/bin/tar: ../../../../../usr/local/lib/android/sdk/platforms/android-34-ext11/data/res/values-zh-rHK: Cannot change mode to rwxr-xr-x: Operation not permitted
build	Cache Android SDK	2026-06-06T12:22:50.6868655Z /usr/bin/tar: ../../../../../usr/local/lib/android/sdk/platforms/android-34-ext11/data/res/values-en-rIN-watch: Cannot utime: Operation not permitted
build	Cache Android SDK	2026-06-06T12:22:50.6870317Z /usr/bin/tar: ../../../../../usr/local/lib/android/sdk/platforms/android-34-ext11/data/res/values-en-rIN-watch: Cannot change mode to rwxr-xr-x: Operation not permitted
build	Cache Android SDK	2026-06-06T12:22:50.6871893Z /usr/bin/tar: ../../../../../usr/local/lib/android/sdk/platforms/android-34-ext11/data/res/values-mcc312-mnc670-am: Cannot utime: Operation not permitted
build	Cache Android SDK	2026-06-06T12:22:50.6872868Z /usr/bin/tar: ../../../../../usr/local/lib/android/sdk/platforms/android-34-ext11/data/res/values-mcc312-mnc670-am: Cannot change mode to rwxr-xr-x: Operation not permitted
build	Cache Android SDK	2026-06-06T12:22:50.6878808Z /usr/bin/tar: ../../../../../usr/local/lib/android/sdk/platforms/android-34-ext11/data/res/values-mcc310-mnc660-el: Cannot utime: Operation not permitted
build	Cache Android SDK	2026-06-06T12:22:50.6880746Z /usr/bin/tar: ../../../../../usr/local/lib/android/sdk/platforms/android-34-ext11/data/res/values-mcc310-mnc660-el: Cannot change mode to rwxr-xr-x: Operation not permitted
build	Cache Android SDK	2026-06-06T12:22:50.6882748Z /usr/bin/tar: ../../../../../usr/local/lib/android/sdk/platforms/android-34-ext11/data/res/values-mcc310-mnc310-vi: Cannot utime: Operation not permitted
build	Cache Android SDK	2026-06-06T12:22:50.6884788Z /usr/bin/tar: ../../../../../usr/local/lib/android/sdk/platforms/android-34-ext11/data/res/values-mcc310-mnc310-vi: Cannot change mode to rwxr-xr-x: Operation not permitted
build	Cache Android SDK	2026-06-06T12:22:50.6887693Z /usr/bin/tar: ../../../../../usr/local/lib/android/sdk/platforms/android-34-ext11/data/res/values-mcc310-mnc240-af: Cannot utime: Operation not permitted
build	Cache Android SDK	2026-06-06T12:22:50.6889610Z /usr/bin/tar: ../../../../../usr/local/lib/android/sdk/platforms/android-34-ext11/data/res/values-mcc310-mnc240-af: Cannot change mode to rwxr-xr-x: Operation not permitted
build	Cache Android SDK	2026-06-06T12:22:50.6891492Z /usr/bin/tar: ../../../../../usr/local/lib/android/sdk/platforms/android-34-ext11/data/res/values-mcc310-mnc490-uk: Cannot utime: Operation not permitted
build	Cache Android SDK	2026-06-06T12:22:50.6893489Z /usr/bin/tar: ../../../../../usr/local/lib/android/sdk/platforms/android-34-ext11/data/res/values-mcc310-mnc490-uk: Cannot change mode to rwxr-xr-x: Operation not permitted
build	Cache Android SDK	2026-06-06T12:22:50.6895469Z /usr/bin/tar: ../../../../../usr/local/lib/android/sdk/platforms/android-34-ext11/data/res/values-mcc310-mnc210-pa: Cannot utime: Operation not permitted
build	Cache Android SDK	2026-06-06T12:22:50.6897522Z /usr/bin/tar: ../../../../../usr/local/lib/android/sdk/platforms/android-34-ext11/data/res/values-mcc310-mnc210-pa: Cannot change mode to rwxr-xr-x: Operation not permitted
build	Cache Android SDK	2026-06-06T12:22:50.6899466Z /usr/bin/tar: ../../../../../usr/local/lib/android/sdk/platforms/android-34-ext11/data/res/values-mcc310-mnc380-ro: Cannot utime: Operation not permitted
build	Cache Android SDK	2026-06-06T12:22:50.6901355Z /usr/bin/tar: ../../../../../usr/local/lib/android/sdk/platforms/android-34-ext11/data/res/values-mcc310-mnc380-ro: Cannot change mode to rwxr-xr-x: Operation not permitted
build	Cache Android SDK	2026-06-06T12:22:50.6911930Z /usr/bin/tar: ../../../../../usr/local/lib/android/sdk/platforms/android-34-ext11/data/res/values-ta: Cannot utime: Operation not permitted
build	Cache Android SDK	2026-06-06T12:22:50.6913972Z /usr/bin/tar: ../../../../../usr/local/lib/android/sdk/platforms/android-34-ext11/data/res/values-ta: Cannot change mode to rwxr-xr-x: Operation not permitted
build	Cache Android SDK	2026-06-06T12:22:50.6920058Z /usr/bin/tar: ../../../../../usr/local/lib/android/sdk/platforms/android-34-ext11/data/res/values-mcc310-mnc800-ml: Cannot utime: Operation not permitted
build	Cache Android SDK	2026-06-06T12:22:50.6922012Z /usr/bin/tar: ../../../../../usr/local/lib/android/sdk/platforms/android-34-ext11/data/res/values-mcc310-mnc800-ml: Cannot change mode to rwxr-xr-x: Operation not permitted
build	Cache Android SDK	2026-06-06T12:22:50.6932094Z /usr/bin/tar: ../../../../../usr/local/lib/android/sdk/platforms/android-34-ext11/data/res/values-mcc313-mnc100-mr: Cannot utime: Operation not permitted
build	Cache Android SDK	2026-06-06T12:22:50.6932933Z /usr/bin/tar: ../../../../../usr/local/lib/android/sdk/platforms/android-34-ext11/data/res/values-mcc313-mnc100-mr: Cannot change mode to rwxr-xr-x: Operation not permitted
build	Cache Android SDK	2026-06-06T12:22:50.6948545Z /usr/bin/tar: ../../../../../usr/local/lib/android/sdk/platforms/android-34-ext11/data/res/values-mcc302-mnc370-sw: Cannot utime: Operation not permitted
build	Cache Android SDK	2026-06-06T12:22:50.6950064Z /usr/bin/tar: ../../../../../usr/local/lib/android/sdk/platforms/android-34-ext11/data/res/values-mcc302-mnc370-sw: Cannot change mode to rwxr-xr-x: Operation not permitted
build	Cache Android SDK	2026-06-06T12:22:50.6953885Z /usr/bin/tar: ../../../../../usr/local/lib/android/sdk/platforms/android-34-ext11/data/res/values-mcc302-mnc720-en-rAU: Cannot utime: Operation not permitted
build	Cache Android SDK	2026-06-06T12:22:50.6954434Z /usr/bin/tar: ../../../../../usr/local/lib/android/sdk/platforms/android-34-ext11/data/res/values-mcc302-mnc720-en-rAU: Cannot change mode to rwxr-xr-x: Operation not permitted
build	Cache Android SDK	2026-06-06T12:22:50.6954935Z /usr/bin/tar: ../../../../../usr/local/lib/android/sdk/platforms/android-34-ext11/data/res/values-pt: Cannot utime: Operation not permitted
build	Cache Android SDK	2026-06-06T12:22:50.6955359Z /usr/bin/tar: ../../../../../usr/local/lib/android/sdk/platforms/android-34-ext11/data/res/values-pt: Cannot change mode to rwxr-xr-x: Operation not permitted
build	Cache Android SDK	2026-06-06T12:22:50.6967319Z /usr/bin/tar: ../../../../../usr/local/lib/android/sdk/platforms/android-34-ext11/data/res/values-ur-watch: Cannot utime: Operation not permitted
build	Cache Android SDK	2026-06-06T12:22:50.6967950Z /usr/bin/tar: ../../../../../usr/local/lib/android/sdk/platforms/android-34-ext11/data/res/values-ur-watch: Cannot change mode to rwxr-xr-x: Operation not permitted
build	Cache Android SDK	2026-06-06T12:22:50.6986960Z /usr/bin/tar: ../../../../../usr/local/lib/android/sdk/platforms/android-34-ext11/data/res/values-mcc310-mnc310-lt: Cannot utime: Operation not permitted
build	Cache Android SDK	2026-06-06T12:22:50.6988042Z /usr/bin/tar: ../../../../../usr/local/lib/android/sdk/platforms/android-34-ext11/data/res/values-mcc310-mnc310-lt: Cannot change mode to rwxr-xr-x: Operation not permitted
build	Cache Android SDK	2026-06-06T12:22:50.6988784Z /usr/bin/tar: ../../../../../usr/local/lib/android/sdk/platforms/android-34-ext11/data/res/values-mcc310-mnc660-kk: Cannot utime: Operation not permitted
build	Cache Android SDK	2026-06-06T12:22:50.6989796Z /usr/bin/tar: ../../../../../usr/local/lib/android/sdk/platforms/android-34-ext11/data/res/values-mcc310-mnc660-kk: Cannot change mode to rwxr-xr-x: Operation not permitted
build	Cache Android SDK	2026-06-06T12:22:50.6990479Z /usr/bin/tar: ../../../../../usr/local/lib/android/sdk/platforms/android-34-ext11/data/res/values-cs-rCZ: Cannot utime: Operation not permitted
build	Cache Android SDK	2026-06-06T12:22:50.6991056Z /usr/bin/tar: ../../../../../usr/local/lib/android/sdk/platforms/android-34-ext11/data/res/values-cs-rCZ: Cannot change mode to rwxr-xr-x: Operation not permitted
build	Cache Android SDK	2026-06-06T12:22:50.6991525Z /usr/bin/tar: ../../../../../usr/local/lib/android/sdk/platforms/android-34-ext11/data/res/values-mcc450-mnc05: Cannot utime: Operation not permitted
build	Cache Android SDK	2026-06-06T12:22:50.6991978Z /usr/bin/tar: ../../../../../usr/local/lib/android/sdk/platforms/android-34-ext11/data/res/values-mcc450-mnc05: Cannot change mode to rwxr-xr-x: Operation not permitted
build	Cache Android SDK	2026-06-06T12:22:50.6992723Z /usr/bin/tar: ../../../../../usr/local/lib/android/sdk/platforms/android-34-ext11/data/res/values-mcc313-mnc100-vi: Cannot utime: Operation not permitted
build	Cache Android SDK	2026-06-06T12:22:50.6993379Z /usr/bin/tar: ../../../../../usr/local/lib/android/sdk/platforms/android-34-ext11/data/res/values-mcc313-mnc100-vi: Cannot change mode to rwxr-xr-x: Operation not permitted
build	Cache Android SDK	2026-06-06T12:22:50.7004520Z /usr/bin/tar: ../../../../../usr/local/lib/android/sdk/platforms/android-34-ext11/data/res/values-it-television: Cannot utime: Operation not permitted
build	Cache Android SDK	2026-06-06T12:22:50.7005124Z /usr/bin/tar: ../../../../../usr/local/lib/android/sdk/platforms/android-34-ext11/data/res/values-it-television: Cannot change mode to rwxr-xr-x: Operation not permitted
build	Cache Android SDK	2026-06-06T12:22:50.7015347Z /usr/bin/tar: ../../../../../usr/local/lib/android/sdk/platforms/android-34-ext11/data/res/values-mcc310-mnc950-as: Cannot utime: Operation not permitted
build	Cache Android SDK	2026-06-06T12:22:50.7015939Z /usr/bin/tar: ../../../../../usr/local/lib/android/sdk/platforms/android-34-ext11/data/res/values-mcc310-mnc950-as: Cannot change mode to rwxr-xr-x: Operation not permitted
build	Cache Android SDK	2026-06-06T12:22:50.7020051Z /usr/bin/tar: ../../../../../usr/local/lib/android/sdk/platforms/android-34-ext11/data/res/values-mcc302-mnc370-lt: Cannot utime: Operation not permitted
build	Cache Android SDK	2026-06-06T12:22:50.7020534Z /usr/bin/tar: ../../../../../usr/local/lib/android/sdk/platforms/android-34-ext11/data/res/values-mcc302-mnc370-lt: Cannot change mode to rwxr-xr-x: Operation not permitted
build	Cache Android SDK	2026-06-06T12:22:50.7023322Z /usr/bin/tar: ../../../../../usr/local/lib/android/sdk/platforms/android-34-ext11/data/res/values-mcc310-mnc230-ky: Cannot utime: Operation not permitted
build	Cache Android SDK	2026-06-06T12:22:50.7023795Z /usr/bin/tar: ../../../../../usr/local/lib/android/sdk/platforms/android-34-ext11/data/res/values-mcc310-mnc230-ky: Cannot change mode to rwxr-xr-x: Operation not permitted
build	Cache Android SDK	2026-06-06T12:22:50.7037118Z /usr/bin/tar: ../../../../../usr/local/lib/android/sdk/platforms/android-34-ext11/data/res/values-mcc310-mnc210-sw: Cannot utime: Operation not permitted
build	Cache Android SDK	2026-06-06T12:22:50.7037866Z /usr/bin/tar: ../../../../../usr/local/lib/android/sdk/platforms/android-34-ext11/data/res/values-mcc310-mnc210-sw: Cannot change mode to rwxr-xr-x: Operation not permitted
build	Cache Android SDK	2026-06-06T12:22:50.7044054Z /usr/bin/tar: ../../../../../usr/local/lib/android/sdk/platforms/android-34-ext11/data/res/values-mcc310-mnc490-hr: Cannot utime: Operation not permitted
build	Cache Android SDK	2026-06-06T12:22:50.7045040Z /usr/bin/tar: ../../../../../usr/local/lib/android/sdk/platforms/android-34-ext11/data/res/values-mcc310-mnc490-hr: Cannot change mode to rwxr-xr-x: Operation not permitted
build	Cache Android SDK	2026-06-06T12:22:50.7047533Z /usr/bin/tar: ../../../../../usr/local/lib/android/sdk/platforms/android-34-ext11/data/res/values-mcc310-mnc410-az: Cannot utime: Operation not permitted
build	Cache Android SDK	2026-06-06T12:22:50.7048562Z /usr/bin/tar: ../../../../../usr/local/lib/android/sdk/platforms/android-34-ext11/data/res/values-mcc310-mnc410-az: Cannot change mode to rwxr-xr-x: Operation not permitted
build	Cache Android SDK	2026-06-06T12:22:50.7051166Z /usr/bin/tar: ../../../../../usr/local/lib/android/sdk/platforms/android-34-ext11/data/res/values-mcc310-mnc380-kn: Cannot utime: Operation not permitted
build	Cache Android SDK	2026-06-06T12:22:50.7051805Z /usr/bin/tar: ../../../../../usr/local/lib/android/sdk/platforms/android-34-ext11/data/res/values-mcc310-mnc380-kn: Cannot change mode to rwxr-xr-x: Operation not permitted
build	Cache Android SDK	2026-06-06T12:22:50.7055443Z /usr/bin/tar: ../../../../../usr/local/lib/android/sdk/platforms/android-34-ext11/data/res/values-mcc310-mnc150-mn: Cannot utime: Operation not permitted
build	Cache Android SDK	2026-06-06T12:22:50.7055922Z /usr/bin/tar: ../../../../../usr/local/lib/android/sdk/platforms/android-34-ext11/data/res/values-mcc310-mnc150-mn: Cannot change mode to rwxr-xr-x: Operation not permitted
build	Cache Android SDK	2026-06-06T12:22:50.7058811Z /usr/bin/tar: ../../../../../usr/local/lib/android/sdk/platforms/android-34-ext11/data/res/values-mcc310-mnc150-mr: Cannot utime: Operation not permitted
build	Cache Android SDK	2026-06-06T12:22:50.7059322Z /usr/bin/tar: ../../../../../usr/local/lib/android/sdk/platforms/android-34-ext11/data/res/values-mcc310-mnc150-mr: Cannot change mode to rwxr-xr-x: Operation not permitted
build	Cache Android SDK	2026-06-06T12:22:50.7069637Z /usr/bin/tar: ../../../../../usr/local/lib/android/sdk/platforms/android-34-ext11/data/res/values-mcc310-mnc220-ca: Cannot utime: Operation not permitted
build	Cache Android SDK	2026-06-06T12:22:50.7070180Z /usr/bin/tar: ../../../../../usr/local/lib/android/sdk/platforms/android-34-ext11/data/res/values-mcc310-mnc220-ca: Cannot change mode to rwxr-xr-x: Operation not permitted
build	Cache Android SDK	2026-06-06T12:22:50.7073552Z /usr/bin/tar: ../../../../../usr/local/lib/android/sdk/platforms/android-34-ext11/data/res/values-mcc310-mnc490-hu: Cannot utime: Operation not permitted
build	Cache Android SDK	2026-06-06T12:22:50.7074078Z /usr/bin/tar: ../../../../../usr/local/lib/android/sdk/platforms/android-34-ext11/data/res/values-mcc310-mnc490-hu: Cannot change mode to rwxr-xr-x: Operation not permitted
build	Cache Android SDK	2026-06-06T12:22:50.7078714Z /usr/bin/tar: ../../../../../usr/local/lib/android/sdk/platforms/android-34-ext11/data/res/values-mcc310-mnc310-it: Cannot utime: Operation not permitted
build	Cache Android SDK	2026-06-06T12:22:50.7079850Z /usr/bin/tar: ../../../../../usr/local/lib/android/sdk/platforms/android-34-ext11/data/res/values-mcc310-mnc310-it: Cannot change mode to rwxr-xr-x: Operation not permitted
build	Cache Android SDK	2026-06-06T12:22:50.7082066Z /usr/bin/tar: ../../../../../usr/local/lib/android/sdk/platforms/android-34-ext11/data/res/values-mcc310-mnc220-zh-rCN: Cannot utime: Operation not permitted
build	Cache Android SDK	2026-06-06T12:22:50.7082571Z /usr/bin/tar: ../../../../../usr/local/lib/android/sdk/platforms/android-34-ext11/data/res/values-mcc310-mnc220-zh-rCN: Cannot change mode to rwxr-xr-x: Operation not permitted
build	Cache Android SDK	2026-06-06T12:22:50.7086125Z /usr/bin/tar: ../../../../../usr/local/lib/android/sdk/platforms/android-34-ext11/data/res/values-mcc311-mnc180-ro: Cannot utime: Operation not permitted
build	Cache Android SDK	2026-06-06T12:22:50.7086745Z /usr/bin/tar: ../../../../../usr/local/lib/android/sdk/platforms/android-34-ext11/data/res/values-mcc311-mnc180-ro: Cannot change mode to rwxr-xr-x: Operation not permitted
build	Cache Android SDK	2026-06-06T12:22:50.7090288Z /usr/bin/tar: ../../../../../usr/local/lib/android/sdk/platforms/android-34-ext11/data/res/values-es-rMX: Cannot utime: Operation not permitted
build	Cache Android SDK	2026-06-06T12:22:50.7091585Z /usr/bin/tar: ../../../../../usr/local/lib/android/sdk/platforms/android-34-ext11/data/res/values-es-rMX: Cannot change mode to rwxr-xr-x: Operation not permitted
build	Cache Android SDK	2026-06-06T12:22:50.7100432Z /usr/bin/tar: ../../../../../usr/local/lib/android/sdk/platforms/android-34-ext11/data/res/values-hy: Cannot utime: Operation not permitted
build	Cache Android SDK	2026-06-06T12:22:50.7101324Z /usr/bin/tar: ../../../../../usr/local/lib/android/sdk/platforms/android-34-ext11/data/res/values-hy: Cannot change mode to rwxr-xr-x: Operation not permitted
build	Cache Android SDK	2026-06-06T12:22:50.7110998Z /usr/bin/tar: ../../../../../usr/local/lib/android/sdk/platforms/android-34-ext11/data/res/values-mcc310-mnc950-en-rAU: Cannot utime: Operation not permitted
build	Cache Android SDK	2026-06-06T12:22:50.7112021Z /usr/bin/tar: ../../../../../usr/local/lib/android/sdk/platforms/android-34-ext11/data/res/values-mcc310-mnc950-en-rAU: Cannot change mode to rwxr-xr-x: Operation not permitted
build	Cache Android SDK	2026-06-06T12:22:50.7112976Z /usr/bin/tar: ../../../../../usr/local/lib/android/sdk/platforms/android-34-ext11/data/res/values-mcc302-mnc370-it: Cannot utime: Operation not permitted
build	Cache Android SDK	2026-06-06T12:22:50.7113838Z /usr/bin/tar: ../../../../../usr/local/lib/android/sdk/platforms/android-34-ext11/data/res/values-mcc302-mnc370-it: Cannot change mode to rwxr-xr-x: Operation not permitted
build	Cache Android SDK	2026-06-06T12:22:50.7115715Z /usr/bin/tar: ../../../../../usr/local/lib/android/sdk/platforms/android-34-ext11/data/res/values-sw720dp: Cannot utime: Operation not permitted
build	Cache Android SDK	2026-06-06T12:22:50.7116565Z /usr/bin/tar: ../../../../../usr/local/lib/android/sdk/platforms/android-34-ext11/data/res/values-sw720dp: Cannot change mode to rwxr-xr-x: Operation not permitted
build	Cache Android SDK	2026-06-06T12:22:50.7124102Z /usr/bin/tar: ../../../../../usr/local/lib/android/sdk/platforms/android-34-ext11/data/res/layout-notround-watch: Cannot utime: Operation not permitted
build	Cache Android SDK	2026-06-06T12:22:50.7125068Z /usr/bin/tar: ../../../../../usr/local/lib/android/sdk/platforms/android-34-ext11/data/res/layout-notround-watch: Cannot change mode to rwxr-xr-x: Operation not permitted
build	Cache Android SDK	2026-06-06T12:22:50.7127225Z /usr/bin/tar: ../../../../../usr/local/lib/android/sdk/platforms/android-34-ext11/data/res/values-mcc310-mnc220-af: Cannot utime: Operation not permitted
build	Cache Android SDK	2026-06-06T12:22:50.7128174Z /usr/bin/tar: ../../../../../usr/local/lib/android/sdk/platforms/android-34-ext11/data/res/values-mcc310-mnc220-af: Cannot change mode to rwxr-xr-x: Operation not permitted
build	Cache Android SDK	2026-06-06T12:22:50.7137548Z /usr/bin/tar: ../../../../../usr/local/lib/android/sdk/platforms/android-34-ext11/data/res/values-mcc310-mnc270-cs: Cannot utime: Operation not permitted
build	Cache Android SDK	2026-06-06T12:22:50.7138411Z /usr/bin/tar: ../../../../../usr/local/lib/android/sdk/platforms/android-34-ext11/data/res/values-mcc310-mnc270-cs: Cannot change mode to rwxr-xr-x: Operation not permitted
build	Cache Android SDK	2026-06-06T12:22:50.7145729Z /usr/bin/tar: ../../../../../usr/local/lib/android/sdk/platforms/android-34-ext11/data/res/values-mcc310-mnc490-kn: Cannot utime: Operation not permitted
build	Cache Android SDK	2026-06-06T12:22:50.7146379Z /usr/bin/tar: ../../../../../usr/local/lib/android/sdk/platforms/android-34-ext11/data/res/values-mcc310-mnc490-kn: Cannot change mode to rwxr-xr-x: Operation not permitted
build	Cache Android SDK	2026-06-06T12:22:50.7147159Z /usr/bin/tar: ../../../../../usr/local/lib/android/sdk/platforms/android-34-ext11/data/res/values-mcc310-mnc660-pl: Cannot utime: Operation not permitted
build	Cache Android SDK	2026-06-06T12:22:50.7157689Z /usr/bin/tar: ../../../../../usr/local/lib/android/sdk/platforms/android-34-ext11/data/res/values-mcc310-mnc660-pl: Cannot change mode to rwxr-xr-x: Operation not permitted
build	Cache Android SDK	2026-06-06T12:22:50.7158290Z /usr/bin/tar: ../../../../../usr/local/lib/android/sdk/platforms/android-34-ext11/data/res/values-mcc312-mnc670-te: Cannot utime: Operation not permitted
build	Cache Android SDK	2026-06-06T12:22:50.7158926Z /usr/bin/tar: ../../../../../usr/local/lib/android/sdk/platforms/android-34-ext11/data/res/values-mcc312-mnc670-te: Cannot change mode to rwxr-xr-x: Operation not permitted
build	Cache Android SDK	2026-06-06T12:22:50.7159808Z /usr/bin/tar: ../../../../../usr/local/lib/android/sdk/platforms/android-34-ext11/data/res/values-mcc310-mnc160-hr: Cannot utime: Operation not permitted
build	Cache Android SDK	2026-06-06T12:22:50.7160979Z /usr/bin/tar: ../../../../../usr/local/lib/android/sdk/platforms/android-34-ext11/data/res/values-mcc310-mnc160-hr: Cannot change mode to rwxr-xr-x: Operation not permitted
build	Cache Android SDK	2026-06-06T12:22:50.7170649Z /usr/bin/tar: ../../../../../usr/local/lib/android/sdk/platforms/android-34-ext11/data/res/values-mcc310-mnc800-af: Cannot utime: Operation not permitted
build	Cache Android SDK	2026-06-06T12:22:50.7171630Z /usr/bin/tar: ../../../../../usr/local/lib/android/sdk/platforms/android-34-ext11/data/res/values-mcc310-mnc800-af: Cannot change mode to rwxr-xr-x: Operation not permitted
build	Cache Android SDK	2026-06-06T12:22:50.7172202Z /usr/bin/tar: ../../../../../usr/local/lib/android/sdk/platforms/android-34-ext11/data/res/values-mcc310-mnc310-nl: Cannot utime: Operation not permitted
build	Cache Android SDK	2026-06-06T12:22:50.7172762Z /usr/bin/tar: ../../../../../usr/local/lib/android/sdk/platforms/android-34-ext11/data/res/values-mcc310-mnc310-nl: Cannot change mode to rwxr-xr-x: Operation not permitted
build	Cache Android SDK	2026-06-06T12:22:50.7173178Z /usr/bin/tar: ../../../../../usr/local/lib/android/sdk/platforms/android-34-ext11/data/res/values-sv-rSE: Cannot utime: Operation not permitted
build	Cache Android SDK	2026-06-06T12:22:50.7178033Z /usr/bin/tar: ../../../../../usr/local/lib/android/sdk/platforms/android-34-ext11/data/res/values-sv-rSE: Cannot change mode to rwxr-xr-x: Operation not permitted
build	Cache Android SDK	2026-06-06T12:22:50.7178827Z /usr/bin/tar: ../../../../../usr/local/lib/android/sdk/platforms/android-34-ext11/data/res/values-mcc310-mnc170-hu: Cannot utime: Operation not permitted
build	Cache Android SDK	2026-06-06T12:22:50.7179664Z /usr/bin/tar: ../../../../../usr/local/lib/android/sdk/platforms/android-34-ext11/data/res/values-mcc310-mnc170-hu: Cannot change mode to rwxr-xr-x: Operation not permitted
build	Cache Android SDK	2026-06-06T12:22:50.7180081Z /usr/bin/tar: ../../../../../usr/local/lib/android/sdk/platforms/android-34-ext11/data/res/values-mcc302-mnc720-tl: Cannot utime: Operation not permitted
build	Cache Android SDK	2026-06-06T12:22:50.7180647Z /usr/bin/tar: ../../../../../usr/local/lib/android/sdk/platforms/android-34-ext11/data/res/values-mcc302-mnc720-tl: Cannot change mode to rwxr-xr-x: Operation not permitted
build	Cache Android SDK	2026-06-06T12:22:50.7181075Z /usr/bin/tar: ../../../../../usr/local/lib/android/sdk/platforms/android-34-ext11/data/res/values-mcc001-mnc01-nb: Cannot utime: Operation not permitted
build	Cache Android SDK	2026-06-06T12:22:50.7181551Z /usr/bin/tar: ../../../../../usr/local/lib/android/sdk/platforms/android-34-ext11/data/res/values-mcc001-mnc01-nb: Cannot change mode to rwxr-xr-x: Operation not permitted
build	Cache Android SDK	2026-06-06T12:22:50.7181962Z /usr/bin/tar: ../../../../../usr/local/lib/android/sdk/platforms/android-34-ext11/data/res/values-mcc310-mnc150-tr: Cannot utime: Operation not permitted
build	Cache Android SDK	2026-06-06T12:22:50.7182598Z /usr/bin/tar: ../../../../../usr/local/lib/android/sdk/platforms/android-34-ext11/data/res/values-mcc310-mnc150-tr: Cannot change mode to rwxr-xr-x: Operation not permitted
build	Cache Android SDK	2026-06-06T12:22:50.7189068Z /usr/bin/tar: ../../../../../usr/local/lib/android/sdk/platforms/android-34-ext11/data/res/values-mcc310-mnc160-da: Cannot utime: Operation not permitted
build	Cache Android SDK	2026-06-06T12:22:50.7189712Z /usr/bin/tar: ../../../../../usr/local/lib/android/sdk/platforms/android-34-ext11/data/res/values-mcc310-mnc160-da: Cannot change mode to rwxr-xr-x: Operation not permitted
build	Cache Android SDK	2026-06-06T12:22:50.7190441Z /usr/bin/tar: ../../../../../usr/local/lib/android/sdk/platforms/android-34-ext11/data/res/values-mcc310-mnc240-lo: Cannot utime: Operation not permitted
build	Cache Android SDK	2026-06-06T12:22:50.7197693Z /usr/bin/tar: ../../../../../usr/local/lib/android/sdk/platforms/android-34-ext11/data/res/values-mcc310-mnc240-lo: Cannot change mode to rwxr-xr-x: Operation not permitted
build	Cache Android SDK	2026-06-06T12:22:50.7198663Z /usr/bin/tar: ../../../../../usr/local/lib/android/sdk/platforms/android-34-ext11/data/res/values-mcc310-mnc250-eu: Cannot utime: Operation not permitted
build	Cache Android SDK	2026-06-06T12:22:50.7199538Z /usr/bin/tar: ../../../../../usr/local/lib/android/sdk/platforms/android-34-ext11/data/res/values-mcc310-mnc250-eu: Cannot change mode to rwxr-xr-x: Operation not permitted
build	Cache Android SDK	2026-06-06T12:22:50.7200277Z /usr/bin/tar: ../../../../../usr/local/lib/android/sdk/platforms/android-34-ext11/data/res/raw-hu: Cannot utime: Operation not permitted
build	Cache Android SDK	2026-06-06T12:22:50.7201021Z /usr/bin/tar: ../../../../../usr/local/lib/android/sdk/platforms/android-34-ext11/data/res/raw-hu: Cannot change mode to rwxr-xr-x: Operation not permitted
build	Cache Android SDK	2026-06-06T12:22:50.7201793Z /usr/bin/tar: ../../../../../usr/local/lib/android/sdk/platforms/android-34-ext11/data/res/values-mcc302-mnc370-nb: Cannot utime: Operation not permitted
build	Cache Android SDK	2026-06-06T12:22:50.7202448Z /usr/bin/tar: ../../../../../usr/local/lib/android/sdk/platforms/android-34-ext11/data/res/values-mcc302-mnc370-nb: Cannot change mode to rwxr-xr-x: Operation not permitted
build	Cache Android SDK	2026-06-06T12:22:50.7204323Z /usr/bin/tar: ../../../../../usr/local/lib/android/sdk/platforms/android-34-ext11/data/res/values-pt-rBR-watch: Cannot utime: Operation not permitted
build	Cache Android SDK	2026-06-06T12:22:50.7204885Z /usr/bin/tar: ../../../../../usr/local/lib/android/sdk/platforms/android-34-ext11/data/res/values-pt-rBR-watch: Cannot change mode to rwxr-xr-x: Operation not permitted
build	Cache Android SDK	2026-06-06T12:22:50.7211919Z /usr/bin/tar: ../../../../../usr/local/lib/android/sdk/platforms/android-34-ext11/data/res/values-mcc310-mnc150-pt-rBR: Cannot utime: Operation not permitted
build	Cache Android SDK	2026-06-06T12:22:50.7212972Z /usr/bin/tar: ../../../../../usr/local/lib/android/sdk/platforms/android-34-ext11/data/res/values-mcc310-mnc150-pt-rBR: Cannot change mode to rwxr-xr-x: Operation not permitted
build	Cache Android SDK	2026-06-06T12:22:50.7215054Z /usr/bin/tar: ../../../../../usr/local/lib/android/sdk/platforms/android-34-ext11/data/res/values-mcc310-mnc660-b+sr+Latn: Cannot utime: Operation not permitted
build	Cache Android SDK	2026-06-06T12:22:50.7216133Z /usr/bin/tar: ../../../../../usr/local/lib/android/sdk/platforms/android-34-ext11/data/res/values-mcc310-mnc660-b+sr+Latn: Cannot change mode to rwxr-xr-x: Operation not permitted
build	Cache Android SDK	2026-06-06T12:22:50.7238248Z /usr/bin/tar: ../../../../../usr/local/lib/android/sdk/platforms/android-34-ext11/data/res/interpolator: Cannot utime: Operation not permitted
build	Cache Android SDK	2026-06-06T12:22:50.7239038Z /usr/bin/tar: ../../../../../usr/local/lib/android/sdk/platforms/android-34-ext11/data/res/interpolator: Cannot change mode to rwxr-xr-x: Operation not permitted
build	Cache Android SDK	2026-06-06T12:22:50.7245607Z /usr/bin/tar: ../../../../../usr/local/lib/android/sdk/platforms/android-34-ext11/data/res/values-mcc310-mnc030-ar: Cannot utime: Operation not permitted
build	Cache Android SDK	2026-06-06T12:22:50.7246363Z /usr/bin/tar: ../../../../../usr/local/lib/android/sdk/platforms/android-34-ext11/data/res/values-mcc310-mnc030-ar: Cannot change mode to rwxr-xr-x: Operation not permitted
build	Cache Android SDK	2026-06-06T12:22:50.7247089Z /usr/bin/tar: ../../../../../usr/local/lib/android/sdk/platforms/android-34-ext11/data/res/values-es-rUS-watch: Cannot utime: Operation not permitted
build	Cache Android SDK	2026-06-06T12:22:50.7247926Z /usr/bin/tar: ../../../../../usr/local/lib/android/sdk/platforms/android-34-ext11/data/res/values-es-rUS-watch: Cannot change mode to rwxr-xr-x: Operation not permitted
build	Cache Android SDK	2026-06-06T12:22:50.7248458Z /usr/bin/tar: ../../../../../usr/local/lib/android/sdk/platforms/android-34-ext11/data/res/values-gl-television: Cannot utime: Operation not permitted
build	Cache Android SDK	2026-06-06T12:22:50.7248921Z /usr/bin/tar: ../../../../../usr/local/lib/android/sdk/platforms/android-34-ext11/data/res/values-gl-television: Cannot change mode to rwxr-xr-x: Operation not permitted
build	Cache Android SDK	2026-06-06T12:22:50.7251262Z /usr/bin/tar: ../../../../../usr/local/lib/android/sdk/platforms/android-34-ext11/data/res/values-w227dp: Cannot utime: Operation not permitted
build	Cache Android SDK	2026-06-06T12:22:50.7251713Z /usr/bin/tar: ../../../../../usr/local/lib/android/sdk/platforms/android-34-ext11/data/res/values-w227dp: Cannot change mode to rwxr-xr-x: Operation not permitted
build	Cache Android SDK	2026-06-06T12:22:50.7254939Z /usr/bin/tar: ../../../../../usr/local/lib/android/sdk/platforms/android-34-ext11/data/res/values-mcc310-mnc160-in: Cannot utime: Operation not permitted
build	Cache Android SDK	2026-06-06T12:22:50.7255944Z /usr/bin/tar: ../../../../../usr/local/lib/android/sdk/platforms/android-34-ext11/data/res/values-mcc310-mnc160-in: Cannot change mode to rwxr-xr-x: Operation not permitted
build	Cache Android SDK	2026-06-06T12:22:50.7258817Z /usr/bin/tar: ../../../../../usr/local/lib/android/sdk/platforms/android-34-ext11/data/res/values-mcc310-mnc280-lt: Cannot utime: Operation not permitted
build	Cache Android SDK	2026-06-06T12:22:50.7259851Z /usr/bin/tar: ../../../../../usr/local/lib/android/sdk/platforms/android-34-ext11/data/res/values-mcc310-mnc280-lt: Cannot change mode to rwxr-xr-x: Operation not permitted
build	Cache Android SDK	2026-06-06T12:22:50.7262414Z /usr/bin/tar: ../../../../../usr/local/lib/android/sdk/platforms/android-34-ext11/data/res/values-mcc310-mnc230-fr-rCA: Cannot utime: Operation not permitted
build	Cache Android SDK	2026-06-06T12:22:50.7263451Z /usr/bin/tar: ../../../../../usr/local/lib/android/sdk/platforms/android-34-ext11/data/res/values-mcc310-mnc230-fr-rCA: Cannot change mode to rwxr-xr-x: Operation not permitted
build	Cache Android SDK	2026-06-06T12:22:50.7265589Z /usr/bin/tar: ../../../../../usr/local/lib/android/sdk/platforms/android-34-ext11/data/res/values-mcc310-mnc170-ar: Cannot utime: Operation not permitted
build	Cache Android SDK	2026-06-06T12:22:50.7266245Z /usr/bin/tar: ../../../../../usr/local/lib/android/sdk/platforms/android-34-ext11/data/res/values-mcc310-mnc170-ar: Cannot change mode to rwxr-xr-x: Operation not permitted
build	Cache Android SDK	2026-06-06T12:22:50.7279434Z /usr/bin/tar: ../../../../../usr/local/lib/android/sdk/platforms/android-34-ext11/data/res/values-sl: Cannot utime: Operation not permitted
build	Cache Android SDK	2026-06-06T12:22:50.7280335Z /usr/bin/tar: ../../../../../usr/local/lib/android/sdk/platforms/android-34-ext11/data/res/values-sl: Cannot change mode to rwxr-xr-x: Operation not permitted
build	Cache Android SDK	2026-06-06T12:22:50.7281542Z /usr/bin/tar: ../../../../../usr/local/lib/android/sdk/platforms/android-34-ext11/data/res/values-mcc310-mnc030-da: Cannot utime: Operation not permitted
build	Cache Android SDK	2026-06-06T12:22:50.7282398Z /usr/bin/tar: ../../../../../usr/local/lib/android/sdk/platforms/android-34-ext11/data/res/values-mcc310-mnc030-da: Cannot change mode to rwxr-xr-x: Operation not permitted
build	Cache Android SDK	2026-06-06T12:22:50.7284080Z /usr/bin/tar: ../../../../../usr/local/lib/android/sdk/platforms/android-34-ext11/data/res/values-mcc510-mnc08: Cannot utime: Operation not permitted
build	Cache Android SDK	2026-06-06T12:22:50.7284668Z /usr/bin/tar: ../../../../../usr/local/lib/android/sdk/platforms/android-34-ext11/data/res/values-mcc510-mnc08: Cannot change mode to rwxr-xr-x: Operation not permitted
build	Cache Android SDK	2026-06-06T12:22:50.7298953Z /usr/bin/tar: ../../../../../usr/local/lib/android/sdk/platforms/android-34-ext11/data/res/values-fa-rIR: Cannot utime: Operation not permitted
build	Cache Android SDK	2026-06-06T12:22:50.7299415Z /usr/bin/tar: ../../../../../usr/local/lib/android/sdk/platforms/android-34-ext11/data/res/values-fa-rIR: Cannot change mode to rwxr-xr-x: Operation not permitted
build	Cache Android SDK	2026-06-06T12:22:50.7299866Z /usr/bin/tar: ../../../../../usr/local/lib/android/sdk/platforms/android-34-ext11/data/res/values-en-rZA: Cannot utime: Operation not permitted
build	Cache Android SDK	2026-06-06T12:22:50.7300880Z /usr/bin/tar: ../../../../../usr/local/lib/android/sdk/platforms/android-34-ext11/data/res/values-en-rZA: Cannot change mode to rwxr-xr-x: Operation not permitted
build	Cache Android SDK	2026-06-06T12:22:50.7301777Z /usr/bin/tar: ../../../../../usr/local/lib/android/sdk/platforms/android-34-ext11/data/res/values-mcc310-mnc310-en-rGB: Cannot utime: Operation not permitted
build	Cache Android SDK	2026-06-06T12:22:50.7302639Z /usr/bin/tar: ../../../../../usr/local/lib/android/sdk/platforms/android-34-ext11/data/res/values-mcc310-mnc310-en-rGB: Cannot change mode to rwxr-xr-x: Operation not permitted
build	Cache Android SDK	2026-06-06T12:22:50.7305542Z /usr/bin/tar: ../../../../../usr/local/lib/android/sdk/platforms/android-34-ext11/data/res/values-mcc310-mnc270-tr: Cannot utime: Operation not permitted
build	Cache Android SDK	2026-06-06T12:22:50.7306252Z /usr/bin/tar: ../../../../../usr/local/lib/android/sdk/platforms/android-34-ext11/data/res/values-mcc310-mnc270-tr: Cannot change mode to rwxr-xr-x: Operation not permitted
build	Cache Android SDK	2026-06-06T12:22:50.7307000Z /usr/bin/tar: ../../../../../usr/local/lib/android/sdk/platforms/android-34-ext11/data/res/values-mcc312-mnc670-vi: Cannot utime: Operation not permitted
build	Cache Android SDK	2026-06-06T12:22:50.7308007Z /usr/bin/tar: ../../../../../usr/local/lib/android/sdk/platforms/android-34-ext11/data/res/values-mcc312-mnc670-vi: Cannot change mode to rwxr-xr-x: Operation not permitted
build	Cache Android SDK	2026-06-06T12:22:50.7308602Z /usr/bin/tar: ../../../../../usr/local/lib/android/sdk/platforms/android-34-ext11/data/res/values-mcc310-mnc200-tl: Cannot utime: Operation not permitted
build	Cache Android SDK	2026-06-06T12:22:50.7309066Z /usr/bin/tar: ../../../../../usr/local/lib/android/sdk/platforms/android-34-ext11/data/res/values-mcc310-mnc200-tl: Cannot change mode to rwxr-xr-x: Operation not permitted
build	Cache Android SDK	2026-06-06T12:22:50.7311848Z /usr/bin/tar: ../../../../../usr/local/lib/android/sdk/platforms/android-34-ext11/data/res/values-mcc311-mnc180-az: Cannot utime: Operation not permitted
build	Cache Android SDK	2026-06-06T12:22:50.7312603Z /usr/bin/tar: ../../../../../usr/local/lib/android/sdk/platforms/android-34-ext11/data/res/values-mcc311-mnc180-az: Cannot change mode to rwxr-xr-x: Operation not permitted
build	Cache Android SDK	2026-06-06T12:22:50.7315585Z /usr/bin/tar: ../../../../../usr/local/lib/android/sdk/platforms/android-34-ext11/data/res/values-mcc310-mnc800-ky: Cannot utime: Operation not permitted
build	Cache Android SDK	2026-06-06T12:22:50.7316151Z /usr/bin/tar: ../../../../../usr/local/lib/android/sdk/platforms/android-34-ext11/data/res/values-mcc310-mnc800-ky: Cannot change mode to rwxr-xr-x: Operation not permitted
build	Cache Android SDK	2026-06-06T12:22:50.7320330Z /usr/bin/tar: ../../../../../usr/local/lib/android/sdk/platforms/android-34-ext11/data/res/values-mcc310-mnc170-da: Cannot utime: Operation not permitted
build	Cache Android SDK	2026-06-06T12:22:50.7320904Z /usr/bin/tar: ../../../../../usr/local/lib/android/sdk/platforms/android-34-ext11/data/res/values-mcc310-mnc170-da: Cannot change mode to rwxr-xr-x: Operation not permitted
build	Cache Android SDK	2026-06-06T12:22:50.7324515Z /usr/bin/tar: ../../../../../usr/local/lib/android/sdk/platforms/android-34-ext11/data/res/values-mcc310-mnc280-hu: Cannot utime: Operation not permitted
build	Cache Android SDK	2026-06-06T12:22:50.7325688Z /usr/bin/tar: ../../../../../usr/local/lib/android/sdk/platforms/android-34-ext11/data/res/values-mcc310-mnc280-hu: Cannot change mode to rwxr-xr-x: Operation not permitted
build	Cache Android SDK	2026-06-06T12:22:50.7329245Z /usr/bin/tar: ../../../../../usr/local/lib/android/sdk/platforms/android-34-ext11/data/res/values-es-rHN: Cannot utime: Operation not permitted
build	Cache Android SDK	2026-06-06T12:22:50.7329869Z /usr/bin/tar: ../../../../../usr/local/lib/android/sdk/platforms/android-34-ext11/data/res/values-es-rHN: Cannot change mode to rwxr-xr-x: Operation not permitted
build	Cache Android SDK	2026-06-06T12:22:50.7333594Z /usr/bin/tar: ../../../../../usr/local/lib/android/sdk/platforms/android-34-ext11/data/res/values-mcc310-mnc200-en-rIN: Cannot utime: Operation not permitted
build	Cache Android SDK	2026-06-06T12:22:50.7334125Z /usr/bin/tar: ../../../../../usr/local/lib/android/sdk/platforms/android-34-ext11/data/res/values-mcc310-mnc200-en-rIN: Cannot change mode to rwxr-xr-x: Operation not permitted
build	Cache Android SDK	2026-06-06T12:22:50.7338150Z /usr/bin/tar: ../../../../../usr/local/lib/android/sdk/platforms/android-34-ext11/data/res/values-mcc310-mnc280-ko: Cannot utime: Operation not permitted
build	Cache Android SDK	2026-06-06T12:22:50.7341088Z /usr/bin/tar: ../../../../../usr/local/lib/android/sdk/platforms/android-34-ext11/data/res/values-mcc310-mnc280-ko: Cannot change mode to rwxr-xr-x: Operation not permitted
build	Cache Android SDK	2026-06-06T12:22:50.7346463Z /usr/bin/tar: ../../../../../usr/local/lib/android/sdk/platforms/android-34-ext11/data/res/values-mcc310-mnc490-en-rIN: Cannot utime: Operation not permitted
build	Cache Android SDK	2026-06-06T12:22:50.7347554Z /usr/bin/tar: ../../../../../usr/local/lib/android/sdk/platforms/android-34-ext11/data/res/values-mcc310-mnc490-en-rIN: Cannot change mode to rwxr-xr-x: Operation not permitted
build	Cache Android SDK	2026-06-06T12:22:50.7353141Z /usr/bin/tar: ../../../../../usr/local/lib/android/sdk/platforms/android-34-ext11/data/res/values-mcc310-mnc160-hy: Cannot utime: Operation not permitted
build	Cache Android SDK	2026-06-06T12:22:50.7354219Z /usr/bin/tar: ../../../../../usr/local/lib/android/sdk/platforms/android-34-ext11/data/res/values-mcc310-mnc160-hy: Cannot change mode to rwxr-xr-x: Operation not permitted
build	Cache Android SDK	2026-06-06T12:22:50.7355186Z /usr/bin/tar: ../../../../../usr/local/lib/android/sdk/platforms/android-34-ext11/data/res/values-mcc310-mnc200-af: Cannot utime: Operation not permitted
build	Cache Android SDK	2026-06-06T12:22:50.7356347Z /usr/bin/tar: ../../../../../usr/local/lib/android/sdk/platforms/android-34-ext11/data/res/values-mcc310-mnc200-af: Cannot change mode to rwxr-xr-x: Operation not permitted
build	Cache Android SDK	2026-06-06T12:22:50.7359068Z /usr/bin/tar: ../../../../../usr/local/lib/android/sdk/platforms/android-34-ext11/data/res/values-mcc313-mnc100-ms: Cannot utime: Operation not permitted
build	Cache Android SDK	2026-06-06T12:22:50.7359664Z /usr/bin/tar: ../../../../../usr/local/lib/android/sdk/platforms/android-34-ext11/data/res/values-mcc313-mnc100-ms: Cannot change mode to rwxr-xr-x: Operation not permitted
build	Cache Android SDK	2026-06-06T12:22:50.7362230Z /usr/bin/tar: ../../../../../usr/local/lib/android/sdk/platforms/android-34-ext11/data/res/values-mcc302-mnc370-pl: Cannot utime: Operation not permitted
build	Cache Android SDK	2026-06-06T12:22:50.7362942Z /usr/bin/tar: ../../../../../usr/local/lib/android/sdk/platforms/android-34-ext11/data/res/values-mcc302-mnc370-pl: Cannot change mode to rwxr-xr-x: Operation not permitted
build	Cache Android SDK	2026-06-06T12:22:50.7364909Z /usr/bin/tar: ../../../../../usr/local/lib/android/sdk/platforms/android-34-ext11/data/res/values-mcc310-mnc150-bn: Cannot utime: Operation not permitted
build	Cache Android SDK	2026-06-06T12:22:50.7365512Z /usr/bin/tar: ../../../../../usr/local/lib/android/sdk/platforms/android-34-ext11/data/res/values-mcc310-mnc150-bn: Cannot change mode to rwxr-xr-x: Operation not permitted
build	Cache Android SDK	2026-06-06T12:22:50.7376428Z /usr/bin/tar: ../../../../../usr/local/lib/android/sdk/platforms/android-34-ext11/data/res/values-mcc312-mnc670-iw: Cannot utime: Operation not permitted
build	Cache Android SDK	2026-06-06T12:22:50.7377042Z /usr/bin/tar: ../../../../../usr/local/lib/android/sdk/platforms/android-34-ext11/data/res/values-mcc312-mnc670-iw: Cannot change mode to rwxr-xr-x: Operation not permitted
build	Cache Android SDK	2026-06-06T12:22:50.7379566Z /usr/bin/tar: ../../../../../usr/local/lib/android/sdk/platforms/android-34-ext11/data/res/values-mcc310-mnc310-sw: Cannot utime: Operation not permitted
build	Cache Android SDK	2026-06-06T12:22:50.7380144Z /usr/bin/tar: ../../../../../usr/local/lib/android/sdk/platforms/android-34-ext11/data/res/values-mcc310-mnc310-sw: Cannot change mode to rwxr-xr-x: Operation not permitted
build	Cache Android SDK	2026-06-06T12:22:50.7386841Z /usr/bin/tar: ../../../../../usr/local/lib/android/sdk/platforms/android-34-ext11/data/res/values-mcc312-mnc670-zu: Cannot utime: Operation not permitted
build	Cache Android SDK	2026-06-06T12:22:50.7387342Z /usr/bin/tar: ../../../../../usr/local/lib/android/sdk/platforms/android-34-ext11/data/res/values-mcc312-mnc670-zu: Cannot change mode to rwxr-xr-x: Operation not permitted
build	Cache Android SDK	2026-06-06T12:22:50.7390383Z /usr/bin/tar: ../../../../../usr/local/lib/android/sdk/platforms/android-34-ext11/data/res/values-mcc310-mnc230-uz: Cannot utime: Operation not permitted
build	Cache Android SDK	2026-06-06T12:22:50.7390873Z /usr/bin/tar: ../../../../../usr/local/lib/android/sdk/platforms/android-34-ext11/data/res/values-mcc310-mnc230-uz: Cannot change mode to rwxr-xr-x: Operation not permitted
build	Cache Android SDK	2026-06-06T12:22:50.7400447Z /usr/bin/tar: ../../../../../usr/local/lib/android/sdk/platforms/android-34-ext11/data/res/values-mcc310-mnc410-b+sr+Latn: Cannot utime: Operation not permitted
build	Cache Android SDK	2026-06-06T12:22:50.7401585Z /usr/bin/tar: ../../../../../usr/local/lib/android/sdk/platforms/android-34-ext11/data/res/values-mcc310-mnc410-b+sr+Latn: Cannot change mode to rwxr-xr-x: Operation not permitted
build	Cache Android SDK	2026-06-06T12:22:50.7404691Z /usr/bin/tar: ../../../../../usr/local/lib/android/sdk/platforms/android-34-ext11/data/res/values-mcc312-mnc670-gu: Cannot utime: Operation not permitted
build	Cache Android SDK	2026-06-06T12:22:50.7405232Z /usr/bin/tar: ../../../../../usr/local/lib/android/sdk/platforms/android-34-ext11/data/res/values-mcc312-mnc670-gu: Cannot change mode to rwxr-xr-x: Operation not permitted
build	Cache Android SDK	2026-06-06T12:22:50.7408397Z /usr/bin/tar: ../../../../../usr/local/lib/android/sdk/platforms/android-34-ext11/data/res/values-mcc310-mnc410-gl: Cannot utime: Operation not permitted
build	Cache Android SDK	2026-06-06T12:22:50.7408890Z /usr/bin/tar: ../../../../../usr/local/lib/android/sdk/platforms/android-34-ext11/data/res/values-mcc310-mnc410-gl: Cannot change mode to rwxr-xr-x: Operation not permitted
build	Cache Android SDK	2026-06-06T12:22:50.7411733Z /usr/bin/tar: ../../../../../usr/local/lib/android/sdk/platforms/android-34-ext11/data/res/values-mk-television: Cannot utime: Operation not permitted
build	Cache Android SDK	2026-06-06T12:22:50.7412207Z /usr/bin/tar: ../../../../../usr/local/lib/android/sdk/platforms/android-34-ext11/data/res/values-mk-television: Cannot change mode to rwxr-xr-x: Operation not permitted
build	Cache Android SDK	2026-06-06T12:22:50.7415290Z /usr/bin/tar: ../../../../../usr/local/lib/android/sdk/platforms/android-34-ext11/data/res/values-mcc310-mnc030-ca: Cannot utime: Operation not permitted
build	Cache Android SDK	2026-06-06T12:22:50.7415769Z /usr/bin/tar: ../../../../../usr/local/lib/android/sdk/platforms/android-34-ext11/data/res/values-mcc310-mnc030-ca: Cannot change mode to rwxr-xr-x: Operation not permitted
build	Cache Android SDK	2026-06-06T12:22:50.7423013Z /usr/bin/tar: ../../../../../usr/local/lib/android/sdk/platforms/android-34-ext11/data/res/values-vi: Cannot utime: Operation not permitted
build	Cache Android SDK	2026-06-06T12:22:50.7424520Z /usr/bin/tar: ../../../../../usr/local/lib/android/sdk/platforms/android-34-ext11/data/res/values-vi: Cannot change mode to rwxr-xr-x: Operation not permitted
build	Cache Android SDK	2026-06-06T12:22:50.7426258Z /usr/bin/tar: ../../../../../usr/local/lib/android/sdk/platforms/android-34-ext11/data/res/values-mcc310-mnc280-cs: Cannot utime: Operation not permitted
build	Cache Android SDK	2026-06-06T12:22:50.7426898Z /usr/bin/tar: ../../../../../usr/local/lib/android/sdk/platforms/android-34-ext11/data/res/values-mcc310-mnc280-cs: Cannot change mode to rwxr-xr-x: Operation not permitted
build	Cache Android SDK	2026-06-06T12:22:50.7449092Z /usr/bin/tar: ../../../../../usr/local/lib/android/sdk/platforms/android-34-ext11/data/res/values-mcc310-mnc310-da: Cannot utime: Operation not permitted
build	Cache Android SDK	2026-06-06T12:22:50.7450018Z /usr/bin/tar: ../../../../../usr/local/lib/android/sdk/platforms/android-34-ext11/data/res/values-mcc310-mnc310-da: Cannot change mode to rwxr-xr-x: Operation not permitted
build	Cache Android SDK	2026-06-06T12:22:50.7486616Z /usr/bin/tar: ../../../../../usr/local/lib/android/sdk/platforms/android-34-ext11/data/res/values-mcc450-mnc08: Cannot utime: Operation not permitted
build	Cache Android SDK	2026-06-06T12:22:50.7487143Z /usr/bin/tar: ../../../../../usr/local/lib/android/sdk/platforms/android-34-ext11/data/res/values-mcc450-mnc08: Cannot change mode to rwxr-xr-x: Operation not permitted
build	Cache Android SDK	2026-06-06T12:22:50.7553948Z /usr/bin/tar: ../../../../../usr/local/lib/android/sdk/platforms/android-34-ext11/data/res/values-mcc302-mnc370-es: Cannot utime: Operation not permitted
build	Cache Android SDK	2026-06-06T12:22:50.7554572Z /usr/bin/tar: ../../../../../usr/local/lib/android/sdk/platforms/android-34-ext11/data/res/values-mcc302-mnc370-es: Cannot change mode to rwxr-xr-x: Operation not permitted
build	Cache Android SDK	2026-06-06T12:22:50.7555080Z /usr/bin/tar: ../../../../../usr/local/lib/android/sdk/platforms/android-34-ext11/data/res/values-mcc310-mnc490-nb: Cannot utime: Operation not permitted
build	Cache Android SDK	2026-06-06T12:22:50.7555619Z /usr/bin/tar: ../../../../../usr/local/lib/android/sdk/platforms/android-34-ext11/data/res/values-mcc310-mnc490-nb: Cannot change mode to rwxr-xr-x: Operation not permitted
build	Cache Android SDK	2026-06-06T12:22:50.7559919Z /usr/bin/tar: ../../../../../usr/local/lib/android/sdk/platforms/android-34-ext11/data/res/values-mcc310-mnc170-hy: Cannot utime: Operation not permitted
build	Cache Android SDK	2026-06-06T12:22:50.7560398Z /usr/bin/tar: ../../../../../usr/local/lib/android/sdk/platforms/android-34-ext11/data/res/values-mcc310-mnc170-hy: Cannot change mode to rwxr-xr-x: Operation not permitted
build	Cache Android SDK	2026-06-06T12:22:50.7563115Z /usr/bin/tar: ../../../../../usr/local/lib/android/sdk/platforms/android-34-ext11/data/res/values-mcc310-mnc230-km: Cannot utime: Operation not permitted
build	Cache Android SDK	2026-06-06T12:22:50.7563593Z /usr/bin/tar: ../../../../../usr/local/lib/android/sdk/platforms/android-34-ext11/data/res/values-mcc310-mnc230-km: Cannot change mode to rwxr-xr-x: Operation not permitted
build	Cache Android SDK	2026-06-06T12:22:50.7572382Z /usr/bin/tar: ../../../../../usr/local/lib/android/sdk/platforms/android-34-ext11/data/res/values-mcc310-mnc490-km: Cannot utime: Operation not permitted
build	Cache Android SDK	2026-06-06T12:22:50.7573099Z /usr/bin/tar: ../../../../../usr/local/lib/android/sdk/platforms/android-34-ext11/data/res/values-mcc310-mnc490-km: Cannot change mode to rwxr-xr-x: Operation not permitted
build	Cache Android SDK	2026-06-06T12:22:50.7575777Z /usr/bin/tar: ../../../../../usr/local/lib/android/sdk/platforms/android-34-ext11/data/res/values-mcc310-mnc280-sl: Cannot utime: Operation not permitted
build	Cache Android SDK	2026-06-06T12:22:50.7576296Z /usr/bin/tar: ../../../../../usr/local/lib/android/sdk/platforms/android-34-ext11/data/res/values-mcc310-mnc280-sl: Cannot change mode to rwxr-xr-x: Operation not permitted
build	Cache Android SDK	2026-06-06T12:22:50.7580261Z /usr/bin/tar: ../../../../../usr/local/lib/android/sdk/platforms/android-34-ext11/data/res/values-en-rGB-watch: Cannot utime: Operation not permitted
build	Cache Android SDK	2026-06-06T12:22:50.7581076Z /usr/bin/tar: ../../../../../usr/local/lib/android/sdk/platforms/android-34-ext11/data/res/values-en-rGB-watch: Cannot change mode to rwxr-xr-x: Operation not permitted
build	Cache Android SDK	2026-06-06T12:22:50.7591568Z /usr/bin/tar: ../../../../../usr/local/lib/android/sdk/platforms/android-34-ext11/data/res/values-mcc302-mnc720-ky: Cannot utime: Operation not permitted
build	Cache Android SDK	2026-06-06T12:22:50.7594948Z /usr/bin/tar: ../../../../../usr/local/lib/android/sdk/platforms/android-34-ext11/data/res/values-mcc302-mnc720-ky: Cannot change mode to rwxr-xr-x: Operation not permitted
build	Cache Android SDK	2026-06-06T12:22:50.7595358Z /usr/bin/tar: ../../../../../usr/local/lib/android/sdk/platforms/android-34-ext11/data/res/values-sv-watch: Cannot utime: Operation not permitted
build	Cache Android SDK	2026-06-06T12:22:50.7596308Z /usr/bin/tar: ../../../../../usr/local/lib/android/sdk/platforms/android-34-ext11/data/res/values-sv-watch: Cannot change mode to rwxr-xr-x: Operation not permitted
build	Cache Android SDK	2026-06-06T12:22:50.7599013Z /usr/bin/tar: ../../../../../usr/local/lib/android/sdk/platforms/android-34-ext11/data/res/values-mcc204-mnc04: Cannot utime: Operation not permitted
build	Cache Android SDK	2026-06-06T12:22:50.7599706Z /usr/bin/tar: ../../../../../usr/local/lib/android/sdk/platforms/android-34-ext11/data/res/values-mcc204-mnc04: Cannot change mode to rwxr-xr-x: Operation not permitted
build	Cache Android SDK	2026-06-06T12:22:50.7603643Z /usr/bin/tar: ../../../../../usr/local/lib/android/sdk/platforms/android-34-ext11/data/res/values-mcc310-mnc410-fi: Cannot utime: Operation not permitted
build	Cache Android SDK	2026-06-06T12:22:50.7604282Z /usr/bin/tar: ../../../../../usr/local/lib/android/sdk/platforms/android-34-ext11/data/res/values-mcc310-mnc410-fi: Cannot change mode to rwxr-xr-x: Operation not permitted
build	Cache Android SDK	2026-06-06T12:22:50.7618346Z /usr/bin/tar: ../../../../../usr/local/lib/android/sdk/platforms/android-34-ext11/data/res/values-mcc310-mnc800-be: Cannot utime: Operation not permitted
build	Cache Android SDK	2026-06-06T12:22:50.7619294Z /usr/bin/tar: ../../../../../usr/local/lib/android/sdk/platforms/android-34-ext11/data/res/values-mcc310-mnc800-be: Cannot change mode to rwxr-xr-x: Operation not permitted
build	Cache Android SDK	2026-06-06T12:22:50.7620830Z /usr/bin/tar: ../../../../../usr/local/lib/android/sdk/platforms/android-34-ext11/data/res/raw-iw: Cannot utime: Operation not permitted
build	Cache Android SDK	2026-06-06T12:22:50.7621767Z /usr/bin/tar: ../../../../../usr/local/lib/android/sdk/platforms/android-34-ext11/data/res/raw-iw: Cannot change mode to rwxr-xr-x: Operation not permitted
build	Cache Android SDK	2026-06-06T12:22:50.7623806Z /usr/bin/tar: ../../../../../usr/local/lib/android/sdk/platforms/android-34-ext11/data/res/values-mcc312-mnc670-mn: Cannot utime: Operation not permitted
build	Cache Android SDK	2026-06-06T12:22:50.7624846Z /usr/bin/tar: ../../../../../usr/local/lib/android/sdk/platforms/android-34-ext11/data/res/values-mcc312-mnc670-mn: Cannot change mode to rwxr-xr-x: Operation not permitted
build	Cache Android SDK	2026-06-06T12:22:50.7630951Z /usr/bin/tar: ../../../../../usr/local/lib/android/sdk/platforms/android-34-ext11/data/res/values-mcc310-mnc240-gl: Cannot utime: Operation not permitted
build	Cache Android SDK	2026-06-06T12:22:50.7631993Z /usr/bin/tar: ../../../../../usr/local/lib/android/sdk/platforms/android-34-ext11/data/res/values-mcc310-mnc240-gl: Cannot change mode to rwxr-xr-x: Operation not permitted
build	Cache Android SDK	2026-06-06T12:22:50.7634962Z /usr/bin/tar: ../../../../../usr/local/lib/android/sdk/platforms/android-34-ext11/data/res/values-mcc310-mnc270-gl: Cannot utime: Operation not permitted
build	Cache Android SDK	2026-06-06T12:22:50.7636236Z /usr/bin/tar: ../../../../../usr/local/lib/android/sdk/platforms/android-34-ext11/data/res/values-mcc310-mnc270-gl: Cannot change mode to rwxr-xr-x: Operation not permitted
build	Cache Android SDK	2026-06-06T12:22:50.7649303Z /usr/bin/tar: ../../../../../usr/local/lib/android/sdk/platforms/android-34-ext11/data/res/values-mcc310-mnc380-ru: Cannot utime: Operation not permitted
build	Cache Android SDK	2026-06-06T12:22:50.7650088Z /usr/bin/tar: ../../../../../usr/local/lib/android/sdk/platforms/android-34-ext11/data/res/values-mcc310-mnc380-ru: Cannot change mode to rwxr-xr-x: Operation not permitted
build	Cache Android SDK	2026-06-06T12:22:50.7650525Z /usr/bin/tar: ../../../../../usr/local/lib/android/sdk/platforms/android-34-ext11/data/res/values-mcc001-mnc01-fr-rCA: Cannot utime: Operation not permitted
build	Cache Android SDK	2026-06-06T12:22:50.7651921Z /usr/bin/tar: ../../../../../usr/local/lib/android/sdk/platforms/android-34-ext11/data/res/values-mcc001-mnc01-fr-rCA: Cannot change mode to rwxr-xr-x: Operation not permitted
build	Cache Android SDK	2026-06-06T12:22:50.7652681Z /usr/bin/tar: ../../../../../usr/local/lib/android/sdk/platforms/android-34-ext11/data/res/values-zu-television: Cannot utime: Operation not permitted
build	Cache Android SDK	2026-06-06T12:22:50.7653532Z /usr/bin/tar: ../../../../../usr/local/lib/android/sdk/platforms/android-34-ext11/data/res/values-zu-television: Cannot change mode to rwxr-xr-x: Operation not permitted
build	Cache Android SDK	2026-06-06T12:22:50.7656785Z /usr/bin/tar: ../../../../../usr/local/lib/android/sdk/platforms/android-34-ext11/data/res/values-mcc310-mnc240-pl: Cannot utime: Operation not permitted
build	Cache Android SDK	2026-06-06T12:22:50.7657873Z /usr/bin/tar: ../../../../../usr/local/lib/android/sdk/platforms/android-34-ext11/data/res/values-mcc310-mnc240-pl: Cannot change mode to rwxr-xr-x: Operation not permitted
build	Cache Android SDK	2026-06-06T12:22:50.7658837Z /usr/bin/tar: ../../../../../usr/local/lib/android/sdk/platforms/android-34-ext11/data/res/values-mcc334-mnc020-lo: Cannot utime: Operation not permitted
build	Cache Android SDK	2026-06-06T12:22:50.7659962Z /usr/bin/tar: ../../../../../usr/local/lib/android/sdk/platforms/android-34-ext11/data/res/values-mcc334-mnc020-lo: Cannot change mode to rwxr-xr-x: Operation not permitted
build	Cache Android SDK	2026-06-06T12:22:50.7663415Z /usr/bin/tar: ../../../../../usr/local/lib/android/sdk/platforms/android-34-ext11/data/res/values-mcc310-mnc240-nb: Cannot utime: Operation not permitted
build	Cache Android SDK	2026-06-06T12:22:50.7663886Z /usr/bin/tar: ../../../../../usr/local/lib/android/sdk/platforms/android-34-ext11/data/res/values-mcc310-mnc240-nb: Cannot change mode to rwxr-xr-x: Operation not permitted
build	Cache Android SDK	2026-06-06T12:22:50.7668298Z /usr/bin/tar: ../../../../../usr/local/lib/android/sdk/platforms/android-34-ext11/data/res/values-mcc310-mnc240-fa: Cannot utime: Operation not permitted
build	Cache Android SDK	2026-06-06T12:22:50.7669269Z /usr/bin/tar: ../../../../../usr/local/lib/android/sdk/platforms/android-34-ext11/data/res/values-mcc310-mnc240-fa: Cannot change mode to rwxr-xr-x: Operation not permitted
build	Cache Android SDK	2026-06-06T12:22:50.7671793Z /usr/bin/tar: ../../../../../usr/local/lib/android/sdk/platforms/android-34-ext11/data/res/values-pl-rPL: Cannot utime: Operation not permitted
build	Cache Android SDK	2026-06-06T12:22:50.7672669Z /usr/bin/tar: ../../../../../usr/local/lib/android/sdk/platforms/android-34-ext11/data/res/values-pl-rPL: Cannot change mode to rwxr-xr-x: Operation not permitted
build	Cache Android SDK	2026-06-06T12:22:50.7675439Z /usr/bin/tar: ../../../../../usr/local/lib/android/sdk/platforms/android-34-ext11/data/res/values-mcc310-mnc660-mr: Cannot utime: Operation not permitted
build	Cache Android SDK	2026-06-06T12:22:50.7676343Z /usr/bin/tar: ../../../../../usr/local/lib/android/sdk/platforms/android-34-ext11/data/res/values-mcc310-mnc660-mr: Cannot change mode to rwxr-xr-x: Operation not permitted
build	Cache Android SDK	2026-06-06T12:22:50.7683941Z /usr/bin/tar: ../../../../../usr/local/lib/android/sdk/platforms/android-34-ext11/data/res/values-mcc310-mnc270-bn: Cannot utime: Operation not permitted
build	Cache Android SDK	2026-06-06T12:22:50.7684974Z /usr/bin/tar: ../../../../../usr/local/lib/android/sdk/platforms/android-34-ext11/data/res/values-mcc310-mnc270-bn: Cannot change mode to rwxr-xr-x: Operation not permitted
build	Cache Android SDK	2026-06-06T12:22:50.7688502Z /usr/bin/tar: ../../../../../usr/local/lib/android/sdk/platforms/android-34-ext11/data/res/values-mcc310-mnc660-mk: Cannot utime: Operation not permitted
build	Cache Android SDK	2026-06-06T12:22:50.7689031Z /usr/bin/tar: ../../../../../usr/local/lib/android/sdk/platforms/android-34-ext11/data/res/values-mcc310-mnc660-mk: Cannot change mode to rwxr-xr-x: Operation not permitted
build	Cache Android SDK	2026-06-06T12:22:50.7692743Z /usr/bin/tar: ../../../../../usr/local/lib/android/sdk/platforms/android-34-ext11/data/res/values-mcc310-mnc160-et: Cannot utime: Operation not permitted
build	Cache Android SDK	2026-06-06T12:22:50.7693552Z /usr/bin/tar: ../../../../../usr/local/lib/android/sdk/platforms/android-34-ext11/data/res/values-mcc310-mnc160-et: Cannot change mode to rwxr-xr-x: Operation not permitted
build	Cache Android SDK	2026-06-06T12:22:50.7704171Z /usr/bin/tar: ../../../../../usr/local/lib/android/sdk/platforms/android-34-ext11/data/res/values-fa-television: Cannot utime: Operation not permitted
build	Cache Android SDK	2026-06-06T12:22:50.7704951Z /usr/bin/tar: ../../../../../usr/local/lib/android/sdk/platforms/android-34-ext11/data/res/values-fa-television: Cannot change mode to rwxr-xr-x: Operation not permitted
build	Cache Android SDK	2026-06-06T12:22:50.7705712Z /usr/bin/tar: ../../../../../usr/local/lib/android/sdk/platforms/android-34-ext11/data/res/values-mcc310-mnc560-hi: Cannot utime: Operation not permitted
build	Cache Android SDK	2026-06-06T12:22:50.7706568Z /usr/bin/tar: ../../../../../usr/local/lib/android/sdk/platforms/android-34-ext11/data/res/values-mcc310-mnc560-hi: Cannot change mode to rwxr-xr-x: Operation not permitted
build	Cache Android SDK	2026-06-06T12:22:50.7706944Z /usr/bin/tar: ../../../../../usr/local/lib/android/sdk/platforms/android-34-ext11/data/res/raw-en-rGB: Cannot utime: Operation not permitted
build	Cache Android SDK	2026-06-06T12:22:50.7707561Z /usr/bin/tar: ../../../../../usr/local/lib/android/sdk/platforms/android-34-ext11/data/res/raw-en-rGB: Cannot change mode to rwxr-xr-x: Operation not permitted
build	Cache Android SDK	2026-06-06T12:22:50.7708069Z /usr/bin/tar: ../../../../../usr/local/lib/android/sdk/platforms/android-34-ext11/data/res/values-eu-watch: Cannot utime: Operation not permitted
build	Cache Android SDK	2026-06-06T12:22:50.7708522Z /usr/bin/tar: ../../../../../usr/local/lib/android/sdk/platforms/android-34-ext11/data/res/values-eu-watch: Cannot change mode to rwxr-xr-x: Operation not permitted
build	Cache Android SDK	2026-06-06T12:22:50.7715342Z /usr/bin/tar: ../../../../../usr/local/lib/android/sdk/platforms/android-34-ext11/data/res/values-mcc310-mnc660-ko: Cannot utime: Operation not permitted
build	Cache Android SDK	2026-06-06T12:22:50.7716033Z /usr/bin/tar: ../../../../../usr/local/lib/android/sdk/platforms/android-34-ext11/data/res/values-mcc310-mnc660-ko: Cannot change mode to rwxr-xr-x: Operation not permitted
build	Cache Android SDK	2026-06-06T12:22:50.7717343Z /usr/bin/tar: ../../../../../usr/local/lib/android/sdk/platforms/android-34-ext11/data/res/values-mcc311-mnc180-mn: Cannot utime: Operation not permitted
build	Cache Android SDK	2026-06-06T12:22:50.7718310Z /usr/bin/tar: ../../../../../usr/local/lib/android/sdk/platforms/android-34-ext11/data/res/values-mcc311-mnc180-mn: Cannot change mode to rwxr-xr-x: Operation not permitted
build	Cache Android SDK	2026-06-06T12:22:50.7721164Z /usr/bin/tar: ../../../../../usr/local/lib/android/sdk/platforms/android-34-ext11/data/res/values-mcc310-mnc240-ml: Cannot utime: Operation not permitted
build	Cache Android SDK	2026-06-06T12:22:50.7721786Z /usr/bin/tar: ../../../../../usr/local/lib/android/sdk/platforms/android-34-ext11/data/res/values-mcc310-mnc240-ml: Cannot change mode to rwxr-xr-x: Operation not permitted
build	Cache Android SDK	2026-06-06T12:22:50.7728724Z /usr/bin/tar: ../../../../../usr/local/lib/android/sdk/platforms/android-34-ext11/data/res/values-mcc310-mnc490-kk: Cannot utime: Operation not permitted
build	Cache Android SDK	2026-06-06T12:22:50.7729451Z /usr/bin/tar: ../../../../../usr/local/lib/android/sdk/platforms/android-34-ext11/data/res/values-mcc310-mnc490-kk: Cannot change mode to rwxr-xr-x: Operation not permitted
build	Cache Android SDK	2026-06-06T12:22:50.7729869Z /usr/bin/tar: ../../../../../usr/local/lib/android/sdk/platforms/android-34-ext11/data/res/values-mcc310-mnc240-bg: Cannot utime: Operation not permitted
build	Cache Android SDK	2026-06-06T12:22:50.7730341Z /usr/bin/tar: ../../../../../usr/local/lib/android/sdk/platforms/android-34-ext11/data/res/values-mcc310-mnc240-bg: Cannot change mode to rwxr-xr-x: Operation not permitted
build	Cache Android SDK	2026-06-06T12:22:50.7732441Z /usr/bin/tar: ../../../../../usr/local/lib/android/sdk/platforms/android-34-ext11/data/res/values-mcc310-mnc240-zu: Cannot utime: Operation not permitted
build	Cache Android SDK	2026-06-06T12:22:50.7733354Z /usr/bin/tar: ../../../../../usr/local/lib/android/sdk/platforms/android-34-ext11/data/res/values-mcc310-mnc240-zu: Cannot change mode to rwxr-xr-x: Operation not permitted
build	Cache Android SDK	2026-06-06T12:22:50.7736320Z /usr/bin/tar: ../../../../../usr/local/lib/android/sdk/platforms/android-34-ext11/data/res/values-mcc310-mnc410-tl: Cannot utime: Operation not permitted
build	Cache Android SDK	2026-06-06T12:22:50.7736814Z /usr/bin/tar: ../../../../../usr/local/lib/android/sdk/platforms/android-34-ext11/data/res/values-mcc310-mnc410-tl: Cannot change mode to rwxr-xr-x: Operation not permitted
build	Cache Android SDK	2026-06-06T12:22:50.7742865Z /usr/bin/tar: ../../../../../usr/local/lib/android/sdk/platforms/android-34-ext11/data/res/values-mcc310-mnc220-ky: Cannot utime: Operation not permitted
build	Cache Android SDK	2026-06-06T12:22:50.7743803Z /usr/bin/tar: ../../../../../usr/local/lib/android/sdk/platforms/android-34-ext11/data/res/values-mcc310-mnc220-ky: Cannot change mode to rwxr-xr-x: Operation not permitted
build	Cache Android SDK	2026-06-06T12:22:50.7749388Z /usr/bin/tar: ../../../../../usr/local/lib/android/sdk/platforms/android-34-ext11/data/res/values-mcc310-mnc560-or: Cannot utime: Operation not permitted
build	Cache Android SDK	2026-06-06T12:22:50.7750312Z /usr/bin/tar: ../../../../../usr/local/lib/android/sdk/platforms/android-34-ext11/data/res/values-mcc310-mnc560-or: Cannot change mode to rwxr-xr-x: Operation not permitted
build	Cache Android SDK	2026-06-06T12:22:50.7752810Z /usr/bin/tar: ../../../../../usr/local/lib/android/sdk/platforms/android-34-ext11/data/res/values-mcc302-mnc720-da: Cannot utime: Operation not permitted
build	Cache Android SDK	2026-06-06T12:22:50.7753719Z /usr/bin/tar: ../../../../../usr/local/lib/android/sdk/platforms/android-34-ext11/data/res/values-mcc302-mnc720-da: Cannot change mode to rwxr-xr-x: Operation not permitted
build	Cache Android SDK	2026-06-06T12:22:50.7755883Z /usr/bin/tar: ../../../../../usr/local/lib/android/sdk/platforms/android-34-ext11/data/res/values-mcc302-mnc720-pa: Cannot utime: Operation not permitted
build	Cache Android SDK	2026-06-06T12:22:50.7756517Z /usr/bin/tar: ../../../../../usr/local/lib/android/sdk/platforms/android-34-ext11/data/res/values-mcc302-mnc720-pa: Cannot change mode to rwxr-xr-x: Operation not permitted
build	Cache Android SDK	2026-06-06T12:22:50.7757007Z /usr/bin/tar: ../../../../../usr/local/lib/android/sdk/platforms/android-34-ext11/data/res/values-mcc334-mnc020-in: Cannot utime: Operation not permitted
build	Cache Android SDK	2026-06-06T12:22:50.7757643Z /usr/bin/tar: ../../../../../usr/local/lib/android/sdk/platforms/android-34-ext11/data/res/values-mcc334-mnc020-in: Cannot change mode to rwxr-xr-x: Operation not permitted
build	Cache Android SDK	2026-06-06T12:22:50.7764303Z /usr/bin/tar: ../../../../../usr/local/lib/android/sdk/platforms/android-34-ext11/data/res/values-mcc310-mnc490-fr-rCA: Cannot utime: Operation not permitted
build	Cache Android SDK	2026-06-06T12:22:50.7765472Z /usr/bin/tar: ../../../../../usr/local/lib/android/sdk/platforms/android-34-ext11/data/res/values-mcc310-mnc490-fr-rCA: Cannot change mode to rwxr-xr-x: Operation not permitted
build	Cache Android SDK	2026-06-06T12:22:50.7766289Z /usr/bin/tar: ../../../../../usr/local/lib/android/sdk/platforms/android-34-ext11/data/res/values-mcc312-mnc670-en-rAU: Cannot utime: Operation not permitted
build	Cache Android SDK	2026-06-06T12:22:50.7767176Z /usr/bin/tar: ../../../../../usr/local/lib/android/sdk/platforms/android-34-ext11/data/res/values-mcc312-mnc670-en-rAU: Cannot change mode to rwxr-xr-x: Operation not permitted
build	Cache Android SDK	2026-06-06T12:22:50.7769592Z /usr/bin/tar: ../../../../../usr/local/lib/android/sdk/platforms/android-34-ext11/data/res/values-mcc302-mnc370-et: Cannot utime: Operation not permitted
build	Cache Android SDK	2026-06-06T12:22:50.7770596Z /usr/bin/tar: ../../../../../usr/local/lib/android/sdk/platforms/android-34-ext11/data/res/values-mcc302-mnc370-et: Cannot change mode to rwxr-xr-x: Operation not permitted
build	Cache Android SDK	2026-06-06T12:22:50.7773414Z /usr/bin/tar: ../../../../../usr/local/lib/android/sdk/platforms/android-34-ext11/data/res/values-mcc313-mnc100-fr-rCA: Cannot utime: Operation not permitted
build	Cache Android SDK	2026-06-06T12:22:50.7774447Z /usr/bin/tar: ../../../../../usr/local/lib/android/sdk/platforms/android-34-ext11/data/res/values-mcc313-mnc100-fr-rCA: Cannot change mode to rwxr-xr-x: Operation not permitted
build	Cache Android SDK	2026-06-06T12:22:50.7783326Z /usr/bin/tar: ../../../../../usr/local/lib/android/sdk/platforms/android-34-ext11/data/res/values-mcc310-mnc150-en-rAU: Cannot utime: Operation not permitted
build	Cache Android SDK	2026-06-06T12:22:50.7784104Z /usr/bin/tar: ../../../../../usr/local/lib/android/sdk/platforms/android-34-ext11/data/res/values-mcc310-mnc150-en-rAU: Cannot change mode to rwxr-xr-x: Operation not permitted
build	Cache Android SDK	2026-06-06T12:22:50.7790864Z /usr/bin/tar: ../../../../../usr/local/lib/android/sdk/platforms/android-34-ext11/data/res/xml: Cannot utime: Operation not permitted
build	Cache Android SDK	2026-06-06T12:22:50.7791442Z /usr/bin/tar: ../../../../../usr/local/lib/android/sdk/platforms/android-34-ext11/data/res/xml: Cannot change mode to rwxr-xr-x: Operation not permitted
build	Cache Android SDK	2026-06-06T12:22:50.7798974Z /usr/bin/tar: ../../../../../usr/local/lib/android/sdk/platforms/android-34-ext11/data/res/values-mcc310-mnc800-sr: Cannot utime: Operation not permitted
build	Cache Android SDK	2026-06-06T12:22:50.7799589Z /usr/bin/tar: ../../../../../usr/local/lib/android/sdk/platforms/android-34-ext11/data/res/values-mcc310-mnc800-sr: Cannot change mode to rwxr-xr-x: Operation not permitted
build	Cache Android SDK	2026-06-06T12:22:50.7802347Z /usr/bin/tar: ../../../../../usr/local/lib/android/sdk/platforms/android-34-ext11/data/res/values-mcc310-mnc380-zh-rCN: Cannot utime: Operation not permitted
build	Cache Android SDK	2026-06-06T12:22:50.7803091Z /usr/bin/tar: ../../../../../usr/local/lib/android/sdk/platforms/android-34-ext11/data/res/values-mcc310-mnc380-zh-rCN: Cannot change mode to rwxr-xr-x: Operation not permitted
build	Cache Android SDK	2026-06-06T12:22:51.1760182Z /usr/bin/tar: ../../../../../usr/local/lib/android/sdk/platforms/android-34-ext11/data/res/values-mcc310-mnc950-ms: Cannot utime: Operation not permitted
build	Cache Android SDK	2026-06-06T12:22:51.1761434Z /usr/bin/tar: ../../../../../usr/local/lib/android/sdk/platforms/android-34-ext11/data/res/values-mcc310-mnc950-ms: Cannot change mode to rwxr-xr-x: Operation not permitted
build	Cache Android SDK	2026-06-06T12:22:51.1762919Z /usr/bin/tar: ../../../../../usr/local/lib/android/sdk/platforms/android-34-ext11/data/res/values-mcc310-mnc170-ms: Cannot utime: Operation not permitted
build	Cache Android SDK	2026-06-06T12:22:51.1763891Z /usr/bin/tar: ../../../../../usr/local/lib/android/sdk/platforms/android-34-ext11/data/res/values-mcc310-mnc170-ms: Cannot change mode to rwxr-xr-x: Operation not permitted
build	Cache Android SDK	2026-06-06T12:22:51.1767045Z /usr/bin/tar: ../../../../../usr/local/lib/android/sdk/platforms/android-34-ext11/data/res/values-mcc310-mnc230-sq: Cannot utime: Operation not permitted
build	Cache Android SDK	2026-06-06T12:22:51.1768255Z /usr/bin/tar: ../../../../../usr/local/lib/android/sdk/platforms/android-34-ext11/data/res/values-mcc310-mnc230-sq: Cannot change mode to rwxr-xr-x: Operation not permitted
build	Cache Android SDK	2026-06-06T12:22:51.1770503Z /usr/bin/tar: ../../../../../usr/local/lib/android/sdk/platforms/android-34-ext11/data/res/values-mcc334-mnc020-b+sr+Latn: Cannot utime: Operation not permitted
build	Cache Android SDK	2026-06-06T12:22:51.1771643Z /usr/bin/tar: ../../../../../usr/local/lib/android/sdk/platforms/android-34-ext11/data/res/values-mcc334-mnc020-b+sr+Latn: Cannot change mode to rwxr-xr-x: Operation not permitted
build	Cache Android SDK	2026-06-06T12:22:51.1776736Z /usr/bin/tar: ../../../../../usr/local/lib/android/sdk/platforms/android-34-ext11/data/res/values-mcc310-mnc800-pt: Cannot utime: Operation not permitted
build	Cache Android SDK	2026-06-06T12:22:51.1777784Z /usr/bin/tar: ../../../../../usr/local/lib/android/sdk/platforms/android-34-ext11/data/res/values-mcc310-mnc800-pt: Cannot change mode to rwxr-xr-x: Operation not permitted
build	Cache Android SDK	2026-06-06T12:22:51.1780599Z /usr/bin/tar: ../../../../../usr/local/lib/android/sdk/platforms/android-34-ext11/data/res/values-mcc310-mnc250-iw: Cannot utime: Operation not permitted
build	Cache Android SDK	2026-06-06T12:22:51.1781564Z /usr/bin/tar: ../../../../../usr/local/lib/android/sdk/platforms/android-34-ext11/data/res/values-mcc310-mnc250-iw: Cannot change mode to rwxr-xr-x: Operation not permitted
build	Cache Android SDK	2026-06-06T12:22:51.1784540Z /usr/bin/tar: ../../../../../usr/local/lib/android/sdk/platforms/android-34-ext11/data/res/mipmap-hdpi: Cannot utime: Operation not permitted
build	Cache Android SDK	2026-06-06T12:22:51.1785434Z /usr/bin/tar: ../../../../../usr/local/lib/android/sdk/platforms/android-34-ext11/data/res/mipmap-hdpi: Cannot change mode to rwxr-xr-x: Operation not permitted
build	Cache Android SDK	2026-06-06T12:22:51.1789619Z /usr/bin/tar: ../../../../../usr/local/lib/android/sdk/platforms/android-34-ext11/data/res/values-mcc310-mnc950-af: Cannot utime: Operation not permitted
build	Cache Android SDK	2026-06-06T12:22:51.1791312Z /usr/bin/tar: ../../../../../usr/local/lib/android/sdk/platforms/android-34-ext11/data/res/values-mcc310-mnc950-af: Cannot change mode to rwxr-xr-x: Operation not permitted
build	Cache Android SDK	2026-06-06T12:22:51.1793066Z /usr/bin/tar: ../../../../../usr/local/lib/android/sdk/platforms/android-34-ext11/data/res/values-mcc310-mnc210-kk: Cannot utime: Operation not permitted
build	Cache Android SDK	2026-06-06T12:22:51.1794278Z /usr/bin/tar: ../../../../../usr/local/lib/android/sdk/platforms/android-34-ext11/data/res/values-mcc310-mnc210-kk: Cannot change mode to rwxr-xr-x: Operation not permitted
build	Cache Android SDK	2026-06-06T12:22:51.1796549Z /usr/bin/tar: ../../../../../usr/local/lib/android/sdk/platforms/android-34-ext11/data/res/values-mcc302-mnc720-ne: Cannot utime: Operation not permitted
build	Cache Android SDK	2026-06-06T12:22:51.1798025Z /usr/bin/tar: ../../../../../usr/local/lib/android/sdk/platforms/android-34-ext11/data/res/values-mcc302-mnc720-ne: Cannot change mode to rwxr-xr-x: Operation not permitted
build	Cache Android SDK	2026-06-06T12:22:51.1801048Z /usr/bin/tar: ../../../../../usr/local/lib/android/sdk/platforms/android-34-ext11/data/res/values-mcc334-mnc020-th: Cannot utime: Operation not permitted
build	Cache Android SDK	2026-06-06T12:22:51.1802104Z /usr/bin/tar: ../../../../../usr/local/lib/android/sdk/platforms/android-34-ext11/data/res/values-mcc334-mnc020-th: Cannot change mode to rwxr-xr-x: Operation not permitted
build	Cache Android SDK	2026-06-06T12:22:51.1803995Z /usr/bin/tar: ../../../../../usr/local/lib/android/sdk/platforms/android-34-ext11/data/res/values-mcc310-mnc280-is: Cannot utime: Operation not permitted
build	Cache Android SDK	2026-06-06T12:22:51.1804984Z /usr/bin/tar: ../../../../../usr/local/lib/android/sdk/platforms/android-34-ext11/data/res/values-mcc310-mnc280-is: Cannot change mode to rwxr-xr-x: Operation not permitted
build	Cache Android SDK	2026-06-06T12:22:51.1807290Z /usr/bin/tar: ../../../../../usr/local/lib/android/sdk/platforms/android-34-ext11/data/res/values-mcc313-mnc100-be: Cannot utime: Operation not permitted
build	Cache Android SDK	2026-06-06T12:22:51.1808532Z /usr/bin/tar: ../../../../../usr/local/lib/android/sdk/platforms/android-34-ext11/data/res/values-mcc313-mnc100-be: Cannot change mode to rwxr-xr-x: Operation not permitted
build	Cache Android SDK	2026-06-06T12:22:51.1814270Z /usr/bin/tar: ../../../../../usr/local/lib/android/sdk/platforms/android-34-ext11/data/res/values-es-rUS: Cannot utime: Operation not permitted
build	Cache Android SDK	2026-06-06T12:22:51.1815237Z /usr/bin/tar: ../../../../../usr/local/lib/android/sdk/platforms/android-34-ext11/data/res/values-es-rUS: Cannot change mode to rwxr-xr-x: Operation not permitted
build	Cache Android SDK	2026-06-06T12:22:51.1817072Z /usr/bin/tar: ../../../../../usr/local/lib/android/sdk/platforms/android-34-ext11/data/res/values-mcc311-mnc180-te: Cannot utime: Operation not permitted
build	Cache Android SDK	2026-06-06T12:22:51.1818242Z /usr/bin/tar: ../../../../../usr/local/lib/android/sdk/platforms/android-34-ext11/data/res/values-mcc311-mnc180-te: Cannot change mode to rwxr-xr-x: Operation not permitted
build	Cache Android SDK	2026-06-06T12:22:51.1820387Z /usr/bin/tar: ../../../../../usr/local/lib/android/sdk/platforms/android-34-ext11/data/res/values-mcc310-mnc030-ko: Cannot utime: Operation not permitted
build	Cache Android SDK	2026-06-06T12:22:51.1821350Z /usr/bin/tar: ../../../../../usr/local/lib/android/sdk/platforms/android-34-ext11/data/res/values-mcc310-mnc030-ko: Cannot change mode to rwxr-xr-x: Operation not permitted
build	Cache Android SDK	2026-06-06T12:22:51.1823668Z /usr/bin/tar: ../../../../../usr/local/lib/android/sdk/platforms/android-34-ext11/data/res/values-da-television: Cannot utime: Operation not permitted
build	Cache Android SDK	2026-06-06T12:22:51.1824636Z /usr/bin/tar: ../../../../../usr/local/lib/android/sdk/platforms/android-34-ext11/data/res/values-da-television: Cannot change mode to rwxr-xr-x: Operation not permitted
build	Cache Android SDK	2026-06-06T12:22:51.1826978Z /usr/bin/tar: ../../../../../usr/local/lib/android/sdk/platforms/android-34-ext11/data/res/values-mcc310-mnc240-be: Cannot utime: Operation not permitted
build	Cache Android SDK	2026-06-06T12:22:51.1828071Z /usr/bin/tar: ../../../../../usr/local/lib/android/sdk/platforms/android-34-ext11/data/res/values-mcc310-mnc240-be: Cannot change mode to rwxr-xr-x: Operation not permitted
build	Cache Android SDK	2026-06-06T12:22:51.1829943Z /usr/bin/tar: ../../../../../usr/local/lib/android/sdk/platforms/android-34-ext11/data/res/values-mr-television: Cannot utime: Operation not permitted
build	Cache Android SDK	2026-06-06T12:22:51.1830896Z /usr/bin/tar: ../../../../../usr/local/lib/android/sdk/platforms/android-34-ext11/data/res/values-mr-television: Cannot change mode to rwxr-xr-x: Operation not permitted
build	Cache Android SDK	2026-06-06T12:22:51.1833085Z /usr/bin/tar: ../../../../../usr/local/lib/android/sdk/platforms/android-34-ext11/data/res/values-mcc310-mnc490-tl: Cannot utime: Operation not permitted
build	Cache Android SDK	2026-06-06T12:22:51.1834188Z /usr/bin/tar: ../../../../../usr/local/lib/android/sdk/platforms/android-34-ext11/data/res/values-mcc310-mnc490-tl: Cannot change mode to rwxr-xr-x: Operation not permitted
build	Cache Android SDK	2026-06-06T12:22:51.1836228Z /usr/bin/tar: ../../../../../usr/local/lib/android/sdk/platforms/android-34-ext11/data/res/values-mcc310-mnc240-cs: Cannot utime: Operation not permitted
build	Cache Android SDK	2026-06-06T12:22:51.1837205Z /usr/bin/tar: ../../../../../usr/local/lib/android/sdk/platforms/android-34-ext11/data/res/values-mcc310-mnc240-cs: Cannot change mode to rwxr-xr-x: Operation not permitted
build	Cache Android SDK	2026-06-06T12:22:51.1839706Z /usr/bin/tar: ../../../../../usr/local/lib/android/sdk/platforms/android-34-ext11/data/res/values-mcc310-mnc250-af: Cannot utime: Operation not permitted
build	Cache Android SDK	2026-06-06T12:22:51.1840802Z /usr/bin/tar: ../../../../../usr/local/lib/android/sdk/platforms/android-34-ext11/data/res/values-mcc310-mnc250-af: Cannot change mode to rwxr-xr-x: Operation not permitted
build	Cache Android SDK	2026-06-06T12:22:51.1842888Z /usr/bin/tar: ../../../../../usr/local/lib/android/sdk/platforms/android-34-ext11/data/res/values-xlarge: Cannot utime: Operation not permitted
build	Cache Android SDK	2026-06-06T12:22:51.1843827Z /usr/bin/tar: ../../../../../usr/local/lib/android/sdk/platforms/android-34-ext11/data/res/values-xlarge: Cannot change mode to rwxr-xr-x: Operation not permitted
build	Cache Android SDK	2026-06-06T12:22:51.1846728Z /usr/bin/tar: ../../../../../usr/local/lib/android/sdk/platforms/android-34-ext11/data/res/values-mcc302-mnc370-zh-rTW: Cannot utime: Operation not permitted
build	Cache Android SDK	2026-06-06T12:22:51.1847876Z /usr/bin/tar: ../../../../../usr/local/lib/android/sdk/platforms/android-34-ext11/data/res/values-mcc302-mnc370-zh-rTW: Cannot change mode to rwxr-xr-x: Operation not permitted
build	Cache Android SDK	2026-06-06T12:22:51.1850606Z /usr/bin/tar: ../../../../../usr/local/lib/android/sdk/platforms/android-34-ext11/data/res/values-mcc310-mnc410-ca: Cannot utime: Operation not permitted
build	Cache Android SDK	2026-06-06T12:22:51.1851983Z /usr/bin/tar: ../../../../../usr/local/lib/android/sdk/platforms/android-34-ext11/data/res/values-mcc310-mnc410-ca: Cannot change mode to rwxr-xr-x: Operation not permitted
build	Cache Android SDK	2026-06-06T12:22:51.1853959Z /usr/bin/tar: ../../../../../usr/local/lib/android/sdk/platforms/android-34-ext11/data/res/values-mcc310-mnc410-my: Cannot utime: Operation not permitted
build	Cache Android SDK	2026-06-06T12:22:51.1854927Z /usr/bin/tar: ../../../../../usr/local/lib/android/sdk/platforms/android-34-ext11/data/res/values-mcc310-mnc410-my: Cannot change mode to rwxr-xr-x: Operation not permitted
build	Cache Android SDK	2026-06-06T12:22:51.1857539Z /usr/bin/tar: ../../../../../usr/local/lib/android/sdk/platforms/android-34-ext11/data/res/values-mcc310-mnc160-lo: Cannot utime: Operation not permitted
build	Cache Android SDK	2026-06-06T12:22:51.1858569Z /usr/bin/tar: ../../../../../usr/local/lib/android/sdk/platforms/android-34-ext11/data/res/values-mcc310-mnc160-lo: Cannot change mode to rwxr-xr-x: Operation not permitted
build	Cache Android SDK	2026-06-06T12:22:51.1860458Z /usr/bin/tar: ../../../../../usr/local/lib/android/sdk/platforms/android-34-ext11/data/res/values-mcc310-mnc660-ka: Cannot utime: Operation not permitted
build	Cache Android SDK	2026-06-06T12:22:51.1861562Z /usr/bin/tar: ../../../../../usr/local/lib/android/sdk/platforms/android-34-ext11/data/res/values-mcc310-mnc660-ka: Cannot change mode to rwxr-xr-x: Operation not permitted
build	Cache Android SDK	2026-06-06T12:22:51.1865547Z /usr/bin/tar: ../../../../../usr/local/lib/android/sdk/platforms/android-34-ext11/data/res/values-mcc310-mnc170-lv: Cannot utime: Operation not permitted
build	Cache Android SDK	2026-06-06T12:22:51.1866497Z /usr/bin/tar: ../../../../../usr/local/lib/android/sdk/platforms/android-34-ext11/data/res/values-mcc310-mnc170-lv: Cannot change mode to rwxr-xr-x: Operation not permitted
build	Cache Android SDK	2026-06-06T12:22:51.1868907Z /usr/bin/tar: ../../../../../usr/local/lib/android/sdk/platforms/android-34-ext11/data/res/values-mcc505-mnc01: Cannot utime: Operation not permitted
build	Cache Android SDK	2026-06-06T12:22:51.1869856Z /usr/bin/tar: ../../../../../usr/local/lib/android/sdk/platforms/android-34-ext11/data/res/values-mcc505-mnc01: Cannot change mode to rwxr-xr-x: Operation not permitted
build	Cache Android SDK	2026-06-06T12:22:51.1871904Z /usr/bin/tar: ../../../../../usr/local/lib/android/sdk/platforms/android-34-ext11/data/res/values-mcc310-mnc560-ky: Cannot utime: Operation not permitted
build	Cache Android SDK	2026-06-06T12:22:51.1872876Z /usr/bin/tar: ../../../../../usr/local/lib/android/sdk/platforms/android-34-ext11/data/res/values-mcc310-mnc560-ky: Cannot change mode to rwxr-xr-x: Operation not permitted
build	Cache Android SDK	2026-06-06T12:22:51.1874938Z /usr/bin/tar: ../../../../../usr/local/lib/android/sdk/platforms/android-34-ext11/data/res/values-my-television: Cannot utime: Operation not permitted
build	Cache Android SDK	2026-06-06T12:22:51.1875888Z /usr/bin/tar: ../../../../../usr/local/lib/android/sdk/platforms/android-34-ext11/data/res/values-my-television: Cannot change mode to rwxr-xr-x: Operation not permitted
build	Cache Android SDK	2026-06-06T12:22:51.1878438Z /usr/bin/tar: ../../../../../usr/local/lib/android/sdk/platforms/android-34-ext11/data/res/values-mcc310-mnc160-km: Cannot utime: Operation not permitted
build	Cache Android SDK	2026-06-06T12:22:51.1879509Z /usr/bin/tar: ../../../../../usr/local/lib/android/sdk/platforms/android-34-ext11/data/res/values-mcc310-mnc160-km: Cannot change mode to rwxr-xr-x: Operation not permitted
build	Cache Android SDK	2026-06-06T12:22:51.1881587Z /usr/bin/tar: ../../../../../usr/local/lib/android/sdk/platforms/android-34-ext11/data/res/layout-port: Cannot utime: Operation not permitted
build	Cache Android SDK	2026-06-06T12:22:51.1882489Z /usr/bin/tar: ../../../../../usr/local/lib/android/sdk/platforms/android-34-ext11/data/res/layout-port: Cannot change mode to rwxr-xr-x: Operation not permitted
build	Cache Android SDK	2026-06-06T12:22:51.1885074Z /usr/bin/tar: ../../../../../usr/local/lib/android/sdk/platforms/android-34-ext11/data/res/values-mcc310-mnc030-gl: Cannot utime: Operation not permitted
build	Cache Android SDK	2026-06-06T12:22:51.1886032Z /usr/bin/tar: ../../../../../usr/local/lib/android/sdk/platforms/android-34-ext11/data/res/values-mcc310-mnc030-gl: Cannot change mode to rwxr-xr-x: Operation not permitted
build	Cache Android SDK	2026-06-06T12:22:51.1888768Z /usr/bin/tar: ../../../../../usr/local/lib/android/sdk/platforms/android-34-ext11/data/res/values-mcc310-mnc230-ar: Cannot utime: Operation not permitted
build	Cache Android SDK	2026-06-06T12:22:51.1889823Z /usr/bin/tar: ../../../../../usr/local/lib/android/sdk/platforms/android-34-ext11/data/res/values-mcc310-mnc230-ar: Cannot change mode to rwxr-xr-x: Operation not permitted
build	Cache Android SDK	2026-06-06T12:22:51.1891937Z /usr/bin/tar: ../../../../../usr/local/lib/android/sdk/platforms/android-34-ext11/data/res/values-mcc310-mnc230-kn: Cannot utime: Operation not permitted
build	Cache Android SDK	2026-06-06T12:22:51.1892900Z /usr/bin/tar: ../../../../../usr/local/lib/android/sdk/platforms/android-34-ext11/data/res/values-mcc310-mnc230-kn: Cannot change mode to rwxr-xr-x: Operation not permitted
build	Cache Android SDK	2026-06-06T12:22:51.1896111Z /usr/bin/tar: ../../../../../usr/local/lib/android/sdk/platforms/android-34-ext11/data/res/values-in-rID: Cannot utime: Operation not permitted
build	Cache Android SDK	2026-06-06T12:22:51.1897023Z /usr/bin/tar: ../../../../../usr/local/lib/android/sdk/platforms/android-34-ext11/data/res/values-in-rID: Cannot change mode to rwxr-xr-x: Operation not permitted
build	Cache Android SDK	2026-06-06T12:22:51.1899401Z /usr/bin/tar: ../../../../../usr/local/lib/android/sdk/platforms/android-34-ext11/data/res/values-mcc310-mnc210-si: Cannot utime: Operation not permitted
build	Cache Android SDK	2026-06-06T12:22:51.1900443Z /usr/bin/tar: ../../../../../usr/local/lib/android/sdk/platforms/android-34-ext11/data/res/values-mcc310-mnc210-si: Cannot change mode to rwxr-xr-x: Operation not permitted
build	Cache Android SDK	2026-06-06T12:22:51.1902779Z /usr/bin/tar: ../../../../../usr/local/lib/android/sdk/platforms/android-34-ext11/data/res/layout-large: Cannot utime: Operation not permitted
build	Cache Android SDK	2026-06-06T12:22:51.1903669Z /usr/bin/tar: ../../../../../usr/local/lib/android/sdk/platforms/android-34-ext11/data/res/layout-large: Cannot change mode to rwxr-xr-x: Operation not permitted
build	Cache Android SDK	2026-06-06T12:22:51.1905961Z /usr/bin/tar: ../../../../../usr/local/lib/android/sdk/platforms/android-34-ext11/data/res/values-mcc310-mnc150-or: Cannot utime: Operation not permitted
build	Cache Android SDK	2026-06-06T12:22:51.1907023Z /usr/bin/tar: ../../../../../usr/local/lib/android/sdk/platforms/android-34-ext11/data/res/values-mcc310-mnc150-or: Cannot change mode to rwxr-xr-x: Operation not permitted
build	Cache Android SDK	2026-06-06T12:22:51.1909330Z /usr/bin/tar: ../../../../../usr/local/lib/android/sdk/platforms/android-34-ext11/data/res/values-mcc310-mnc250-sv: Cannot utime: Operation not permitted
build	Cache Android SDK	2026-06-06T12:22:51.1910295Z /usr/bin/tar: ../../../../../usr/local/lib/android/sdk/platforms/android-34-ext11/data/res/values-mcc310-mnc250-sv: Cannot change mode to rwxr-xr-x: Operation not permitted
build	Cache Android SDK	2026-06-06T12:22:51.1912425Z /usr/bin/tar: ../../../../../usr/local/lib/android/sdk/platforms/android-34-ext11/data/res/values-mcc310-mnc270-pa: Cannot utime: Operation not permitted
build	Cache Android SDK	2026-06-06T12:22:51.1913388Z /usr/bin/tar: ../../../../../usr/local/lib/android/sdk/platforms/android-34-ext11/data/res/values-mcc310-mnc270-pa: Cannot change mode to rwxr-xr-x: Operation not permitted
build	Cache Android SDK	2026-06-06T12:22:51.1922121Z /usr/bin/tar: ../../../../../usr/local/lib/android/sdk/platforms/android-34-ext11/data/res/values-pl: Cannot utime: Operation not permitted
build	Cache Android SDK	2026-06-06T12:22:51.1923771Z /usr/bin/tar: ../../../../../usr/local/lib/android/sdk/platforms/android-34-ext11/data/res/values-pl: Cannot change mode to rwxr-xr-x: Operation not permitted
build	Cache Android SDK	2026-06-06T12:22:51.1925149Z /usr/bin/tar: ../../../../../usr/local/lib/android/sdk/platforms/android-34-ext11/data/res/values-mcc310-mnc490-ml: Cannot utime: Operation not permitted
build	Cache Android SDK	2026-06-06T12:22:51.1926601Z /usr/bin/tar: ../../../../../usr/local/lib/android/sdk/platforms/android-34-ext11/data/res/values-mcc310-mnc490-ml: Cannot change mode to rwxr-xr-x: Operation not permitted
build	Cache Android SDK	2026-06-06T12:22:51.1928201Z /usr/bin/tar: ../../../../../usr/local/lib/android/sdk/platforms/android-34-ext11/data/res/values-mcc310-mnc160-am: Cannot utime: Operation not permitted
build	Cache Android SDK	2026-06-06T12:22:51.1931529Z /usr/bin/tar: ../../../../../usr/local/lib/android/sdk/platforms/android-34-ext11/data/res/values-mcc310-mnc160-am: Cannot change mode to rwxr-xr-x: Operation not permitted
build	Cache Android SDK	2026-06-06T12:22:51.1933052Z /usr/bin/tar: ../../../../../usr/local/lib/android/sdk/platforms/android-34-ext11/data/res/values-mcc310-mnc170-es-rUS: Cannot utime: Operation not permitted
build	Cache Android SDK	2026-06-06T12:22:51.1934625Z /usr/bin/tar: ../../../../../usr/local/lib/android/sdk/platforms/android-34-ext11/data/res/values-mcc310-mnc170-es-rUS: Cannot change mode to rwxr-xr-x: Operation not permitted
build	Cache Android SDK	2026-06-06T12:22:51.1936757Z /usr/bin/tar: ../../../../../usr/local/lib/android/sdk/platforms/android-34-ext11/data/res/values-ca: Cannot utime: Operation not permitted
build	Cache Android SDK	2026-06-06T12:22:51.1938040Z /usr/bin/tar: ../../../../../usr/local/lib/android/sdk/platforms/android-34-ext11/data/res/values-ca: Cannot change mode to rwxr-xr-x: Operation not permitted
build	Cache Android SDK	2026-06-06T12:22:51.1941501Z /usr/bin/tar: ../../../../../usr/local/lib/android/sdk/platforms/android-34-ext11/data/res/values-mcc310-mnc210-am: Cannot utime: Operation not permitted
build	Cache Android SDK	2026-06-06T12:22:51.1942466Z /usr/bin/tar: ../../../../../usr/local/lib/android/sdk/platforms/android-34-ext11/data/res/values-mcc310-mnc210-am: Cannot change mode to rwxr-xr-x: Operation not permitted
build	Cache Android SDK	2026-06-06T12:22:51.1944431Z /usr/bin/tar: ../../../../../usr/local/lib/android/sdk/platforms/android-34-ext11/data/res/values-mcc310-mnc030-eu: Cannot utime: Operation not permitted
build	Cache Android SDK	2026-06-06T12:22:51.1945621Z /usr/bin/tar: ../../../../../usr/local/lib/android/sdk/platforms/android-34-ext11/data/res/values-mcc310-mnc030-eu: Cannot change mode to rwxr-xr-x: Operation not permitted
build	Cache Android SDK	2026-06-06T12:22:51.1951194Z /usr/bin/tar: ../../../../../usr/local/lib/android/sdk/platforms/android-34-ext11/data/res/values-mcc706-mnc04: Cannot utime: Operation not permitted
build	Cache Android SDK	2026-06-06T12:22:51.1952268Z /usr/bin/tar: ../../../../../usr/local/lib/android/sdk/platforms/android-34-ext11/data/res/values-mcc706-mnc04: Cannot change mode to rwxr-xr-x: Operation not permitted
build	Cache Android SDK	2026-06-06T12:22:51.1954034Z /usr/bin/tar: ../../../../../usr/local/lib/android/sdk/platforms/android-34-ext11/data/res/values-si-television: Cannot utime: Operation not permitted
build	Cache Android SDK	2026-06-06T12:22:51.1955170Z /usr/bin/tar: ../../../../../usr/local/lib/android/sdk/platforms/android-34-ext11/data/res/values-si-television: Cannot change mode to rwxr-xr-x: Operation not permitted
build	Cache Android SDK	2026-06-06T12:22:51.1957859Z /usr/bin/tar: ../../../../../usr/local/lib/android/sdk/platforms/android-34-ext11/data/res/values-mcc334-mnc020-sl: Cannot utime: Operation not permitted
build	Cache Android SDK	2026-06-06T12:22:51.1958889Z /usr/bin/tar: ../../../../../usr/local/lib/android/sdk/platforms/android-34-ext11/data/res/values-mcc334-mnc020-sl: Cannot change mode to rwxr-xr-x: Operation not permitted
build	Cache Android SDK	2026-06-06T12:22:51.1960817Z /usr/bin/tar: ../../../../../usr/local/lib/android/sdk/platforms/android-34-ext11/data/res/values-mcc310-mnc660-sv: Cannot utime: Operation not permitted
build	Cache Android SDK	2026-06-06T12:22:51.1961777Z /usr/bin/tar: ../../../../../usr/local/lib/android/sdk/platforms/android-34-ext11/data/res/values-mcc310-mnc660-sv: Cannot change mode to rwxr-xr-x: Operation not permitted
build	Cache Android SDK	2026-06-06T12:22:51.1967182Z /usr/bin/tar: ../../../../../usr/local/lib/android/sdk/platforms/android-34-ext11/data/res/values-mcc268-mnc03: Cannot utime: Operation not permitted
build	Cache Android SDK	2026-06-06T12:22:51.1968327Z /usr/bin/tar: ../../../../../usr/local/lib/android/sdk/platforms/android-34-ext11/data/res/values-mcc268-mnc03: Cannot change mode to rwxr-xr-x: Operation not permitted
build	Cache Android SDK	2026-06-06T12:22:51.1971422Z /usr/bin/tar: ../../../../../usr/local/lib/android/sdk/platforms/android-34-ext11/data/res/values-mcc310-mnc950-zh-rTW: Cannot utime: Operation not permitted
build	Cache Android SDK	2026-06-06T12:22:51.1972513Z /usr/bin/tar: ../../../../../usr/local/lib/android/sdk/platforms/android-34-ext11/data/res/values-mcc310-mnc950-zh-rTW: Cannot change mode to rwxr-xr-x: Operation not permitted
build	Cache Android SDK	2026-06-06T12:22:51.1974285Z /usr/bin/tar: ../../../../../usr/local/lib/android/sdk/platforms/android-34-ext11/data/res/values-mcc313-mnc100-sq: Cannot utime: Operation not permitted
build	Cache Android SDK	2026-06-06T12:22:51.1975325Z /usr/bin/tar: ../../../../../usr/local/lib/android/sdk/platforms/android-34-ext11/data/res/values-mcc313-mnc100-sq: Cannot change mode to rwxr-xr-x: Operation not permitted
build	Cache Android SDK	2026-06-06T12:22:51.1976914Z /usr/bin/tar: ../../../../../usr/local/lib/android/sdk/platforms/android-34-ext11/data/res/values-mcc310-mnc280-tr: Cannot utime: Operation not permitted
build	Cache Android SDK	2026-06-06T12:22:51.1978045Z /usr/bin/tar: ../../../../../usr/local/lib/android/sdk/platforms/android-34-ext11/data/res/values-mcc310-mnc280-tr: Cannot change mode to rwxr-xr-x: Operation not permitted
build	Cache Android SDK	2026-06-06T12:22:51.1980615Z /usr/bin/tar: ../../../../../usr/local/lib/android/sdk/platforms/android-34-ext11/data/res/values-mcc302-mnc370-fi: Cannot utime: Operation not permitted
build	Cache Android SDK	2026-06-06T12:22:51.1981592Z /usr/bin/tar: ../../../../../usr/local/lib/android/sdk/platforms/android-34-ext11/data/res/values-mcc302-mnc370-fi: Cannot change mode to rwxr-xr-x: Operation not permitted
build	Cache Android SDK	2026-06-06T12:22:51.1983930Z /usr/bin/tar: ../../../../../usr/local/lib/android/sdk/platforms/android-34-ext11/data/res/values-mcc310-mnc230-hi: Cannot utime: Operation not permitted
build	Cache Android SDK	2026-06-06T12:22:51.1984969Z /usr/bin/tar: ../../../../../usr/local/lib/android/sdk/platforms/android-34-ext11/data/res/values-mcc310-mnc230-hi: Cannot change mode to rwxr-xr-x: Operation not permitted
build	Cache Android SDK	2026-06-06T12:22:51.1990116Z /usr/bin/tar: ../../../../../usr/local/lib/android/sdk/platforms/android-34-ext11/data/res/values-az: Cannot utime: Operation not permitted
build	Cache Android SDK	2026-06-06T12:22:51.1991017Z /usr/bin/tar: ../../../../../usr/local/lib/android/sdk/platforms/android-34-ext11/data/res/values-az: Cannot change mode to rwxr-xr-x: Operation not permitted
build	Cache Android SDK	2026-06-06T12:22:51.1993262Z /usr/bin/tar: ../../../../../usr/local/lib/android/sdk/platforms/android-34-ext11/data/res/values-mcc310-mnc160-sr: Cannot utime: Operation not permitted
build	Cache Android SDK	2026-06-06T12:22:51.1994212Z /usr/bin/tar: ../../../../../usr/local/lib/android/sdk/platforms/android-34-ext11/data/res/values-mcc310-mnc160-sr: Cannot change mode to rwxr-xr-x: Operation not permitted
build	Cache Android SDK	2026-06-06T12:22:51.1996637Z /usr/bin/tar: ../../../../../usr/local/lib/android/sdk/platforms/android-34-ext11/data/res/values-mcc310-mnc250-vi: Cannot utime: Operation not permitted
build	Cache Android SDK	2026-06-06T12:22:51.1997763Z /usr/bin/tar: ../../../../../usr/local/lib/android/sdk/platforms/android-34-ext11/data/res/values-mcc310-mnc250-vi: Cannot change mode to rwxr-xr-x: Operation not permitted
build	Cache Android SDK	2026-06-06T12:22:51.1999683Z /usr/bin/tar: ../../../../../usr/local/lib/android/sdk/platforms/android-34-ext11/data/res/values-mcc302-mnc720-zu: Cannot utime: Operation not permitted
build	Cache Android SDK	2026-06-06T12:22:51.2000628Z /usr/bin/tar: ../../../../../usr/local/lib/android/sdk/platforms/android-34-ext11/data/res/values-mcc302-mnc720-zu: Cannot change mode to rwxr-xr-x: Operation not permitted
build	Cache Android SDK	2026-06-06T12:22:51.2002634Z /usr/bin/tar: ../../../../../usr/local/lib/android/sdk/platforms/android-34-ext11/data/res/values-lt-television: Cannot utime: Operation not permitted
build	Cache Android SDK	2026-06-06T12:22:51.2003584Z /usr/bin/tar: ../../../../../usr/local/lib/android/sdk/platforms/android-34-ext11/data/res/values-lt-television: Cannot change mode to rwxr-xr-x: Operation not permitted
build	Cache Android SDK	2026-06-06T12:22:51.2005882Z /usr/bin/tar: ../../../../../usr/local/lib/android/sdk/platforms/android-34-ext11/data/res/values-mcc313-mnc100-pt: Cannot utime: Operation not permitted
build	Cache Android SDK	2026-06-06T12:22:51.2006841Z /usr/bin/tar: ../../../../../usr/local/lib/android/sdk/platforms/android-34-ext11/data/res/values-mcc313-mnc100-pt: Cannot change mode to rwxr-xr-x: Operation not permitted
build	Cache Android SDK	2026-06-06T12:22:51.2008973Z /usr/bin/tar: ../../../../../usr/local/lib/android/sdk/platforms/android-34-ext11/data/res/values-mcc310-mnc660-km: Cannot utime: Operation not permitted
build	Cache Android SDK	2026-06-06T12:22:51.2009942Z /usr/bin/tar: ../../../../../usr/local/lib/android/sdk/platforms/android-34-ext11/data/res/values-mcc310-mnc660-km: Cannot change mode to rwxr-xr-x: Operation not permitted
build	Cache Android SDK	2026-06-06T12:22:51.2012348Z /usr/bin/tar: ../../../../../usr/local/lib/android/sdk/platforms/android-34-ext11/data/res/values-en-rXC-watch: Cannot utime: Operation not permitted
build	Cache Android SDK	2026-06-06T12:22:51.2013285Z /usr/bin/tar: ../../../../../usr/local/lib/android/sdk/platforms/android-34-ext11/data/res/values-en-rXC-watch: Cannot change mode to rwxr-xr-x: Operation not permitted
build	Cache Android SDK	2026-06-06T12:22:51.2015664Z /usr/bin/tar: ../../../../../usr/local/lib/android/sdk/platforms/android-34-ext11/data/res/values-mcc310-mnc310-pa: Cannot utime: Operation not permitted
build	Cache Android SDK	2026-06-06T12:22:51.2016623Z /usr/bin/tar: ../../../../../usr/local/lib/android/sdk/platforms/android-34-ext11/data/res/values-mcc310-mnc310-pa: Cannot change mode to rwxr-xr-x: Operation not permitted
build	Cache Android SDK	2026-06-06T12:22:51.2019081Z /usr/bin/tar: ../../../../../usr/local/lib/android/sdk/platforms/android-34-ext11/data/res/values-mcc312-mnc670-hy: Cannot utime: Operation not permitted
build	Cache Android SDK	2026-06-06T12:22:51.2020037Z /usr/bin/tar: ../../../../../usr/local/lib/android/sdk/platforms/android-34-ext11/data/res/values-mcc312-mnc670-hy: Cannot change mode to rwxr-xr-x: Operation not permitted
build	Cache Android SDK	2026-06-06T12:22:51.2022189Z /usr/bin/tar: ../../../../../usr/local/lib/android/sdk/platforms/android-34-ext11/data/res/values-mcc310-mnc220-ms: Cannot utime: Operation not permitted
build	Cache Android SDK	2026-06-06T12:22:51.2023236Z /usr/bin/tar: ../../../../../usr/local/lib/android/sdk/platforms/android-34-ext11/data/res/values-mcc310-mnc220-ms: Cannot change mode to rwxr-xr-x: Operation not permitted
build	Cache Android SDK	2026-06-06T12:22:51.2025086Z /usr/bin/tar: ../../../../../usr/local/lib/android/sdk/platforms/android-34-ext11/data/res/values-mcc302-mnc370-ko: Cannot utime: Operation not permitted
build	Cache Android SDK	2026-06-06T12:22:51.2026051Z /usr/bin/tar: ../../../../../usr/local/lib/android/sdk/platforms/android-34-ext11/data/res/values-mcc302-mnc370-ko: Cannot change mode to rwxr-xr-x: Operation not permitted
build	Cache Android SDK	2026-06-06T12:22:51.2028445Z /usr/bin/tar: ../../../../../usr/local/lib/android/sdk/platforms/android-34-ext11/data/res/values-mcc302-mnc720-my: Cannot utime: Operation not permitted
build	Cache Android SDK	2026-06-06T12:22:51.2029396Z /usr/bin/tar: ../../../../../usr/local/lib/android/sdk/platforms/android-34-ext11/data/res/values-mcc302-mnc720-my: Cannot change mode to rwxr-xr-x: Operation not permitted
build	Cache Android SDK	2026-06-06T12:22:51.2036271Z /usr/bin/tar: ../../../../../usr/local/lib/android/sdk/platforms/android-34-ext11/data/res/values-gu: Cannot utime: Operation not permitted
build	Cache Android SDK	2026-06-06T12:22:51.2037288Z /usr/bin/tar: ../../../../../usr/local/lib/android/sdk/platforms/android-34-ext11/data/res/values-gu: Cannot change mode to rwxr-xr-x: Operation not permitted
build	Cache Android SDK	2026-06-06T12:22:51.2040070Z /usr/bin/tar: ../../../../../usr/local/lib/android/sdk/platforms/android-34-ext11/data/res/values-mcc310-mnc270-in: Cannot utime: Operation not permitted
build	Cache Android SDK	2026-06-06T12:22:51.2041063Z /usr/bin/tar: ../../../../../usr/local/lib/android/sdk/platforms/android-34-ext11/data/res/values-mcc310-mnc270-in: Cannot change mode to rwxr-xr-x: Operation not permitted
build	Cache Android SDK	2026-06-06T12:22:51.2043751Z /usr/bin/tar: ../../../../../usr/local/lib/android/sdk/platforms/android-34-ext11/data/res/values-pa-watch: Cannot utime: Operation not permitted
build	Cache Android SDK	2026-06-06T12:22:51.2045290Z /usr/bin/tar: ../../../../../usr/local/lib/android/sdk/platforms/android-34-ext11/data/res/values-pa-watch: Cannot change mode to rwxr-xr-x: Operation not permitted
build	Cache Android SDK	2026-06-06T12:22:51.2047342Z /usr/bin/tar: ../../../../../usr/local/lib/android/sdk/platforms/android-34-ext11/data/res/values-mcc310-mnc170-ca: Cannot utime: Operation not permitted
build	Cache Android SDK	2026-06-06T12:22:51.2048401Z /usr/bin/tar: ../../../../../usr/local/lib/android/sdk/platforms/android-34-ext11/data/res/values-mcc310-mnc170-ca: Cannot change mode to rwxr-xr-x: Operation not permitted
build	Cache Android SDK	2026-06-06T12:22:51.2051067Z /usr/bin/tar: ../../../../../usr/local/lib/android/sdk/platforms/android-34-ext11/data/res/values-mcc310-mnc280-el: Cannot utime: Operation not permitted
build	Cache Android SDK	2026-06-06T12:22:51.2052066Z /usr/bin/tar: ../../../../../usr/local/lib/android/sdk/platforms/android-34-ext11/data/res/values-mcc310-mnc280-el: Cannot change mode to rwxr-xr-x: Operation not permitted
build	Cache Android SDK	2026-06-06T12:22:51.2054432Z /usr/bin/tar: ../../../../../usr/local/lib/android/sdk/platforms/android-34-ext11/data/res/values-mcc310-mnc310-km: Cannot utime: Operation not permitted
build	Cache Android SDK	2026-06-06T12:22:51.2055507Z /usr/bin/tar: ../../../../../usr/local/lib/android/sdk/platforms/android-34-ext11/data/res/values-mcc310-mnc310-km: Cannot change mode to rwxr-xr-x: Operation not permitted
build	Cache Android SDK	2026-06-06T12:22:51.2058324Z /usr/bin/tar: ../../../../../usr/local/lib/android/sdk/platforms/android-34-ext11/data/res/values-mcc302-mnc720-lt: Cannot utime: Operation not permitted
build	Cache Android SDK	2026-06-06T12:22:51.2059297Z /usr/bin/tar: ../../../../../usr/local/lib/android/sdk/platforms/android-34-ext11/data/res/values-mcc302-mnc720-lt: Cannot change mode to rwxr-xr-x: Operation not permitted
build	Cache Android SDK	2026-06-06T12:22:51.2061773Z /usr/bin/tar: ../../../../../usr/local/lib/android/sdk/platforms/android-34-ext11/data/res/values-mcc310-mnc230-en-rGB: Cannot utime: Operation not permitted
build	Cache Android SDK	2026-06-06T12:22:51.2062773Z /usr/bin/tar: ../../../../../usr/local/lib/android/sdk/platforms/android-34-ext11/data/res/values-mcc310-mnc230-en-rGB: Cannot change mode to rwxr-xr-x: Operation not permitted
build	Cache Android SDK	2026-06-06T12:22:51.2065238Z /usr/bin/tar: ../../../../../usr/local/lib/android/sdk/platforms/android-34-ext11/data/res/values-mcc310-mnc150-sv: Cannot utime: Operation not permitted
build	Cache Android SDK	2026-06-06T12:22:51.2066355Z /usr/bin/tar: ../../../../../usr/local/lib/android/sdk/platforms/android-34-ext11/data/res/values-mcc310-mnc150-sv: Cannot change mode to rwxr-xr-x: Operation not permitted
build	Cache Android SDK	2026-06-06T12:22:51.2068186Z /usr/bin/tar: ../../../../../usr/local/lib/android/sdk/platforms/android-34-ext11/data/res/mipmap-xhdpi: Cannot utime: Operation not permitted
build	Cache Android SDK	2026-06-06T12:22:51.2069103Z /usr/bin/tar: ../../../../../usr/local/lib/android/sdk/platforms/android-34-ext11/data/res/mipmap-xhdpi: Cannot change mode to rwxr-xr-x: Operation not permitted
build	Cache Android SDK	2026-06-06T12:22:51.2072102Z /usr/bin/tar: ../../../../../usr/local/lib/android/sdk/platforms/android-34-ext11/data/res/values-mcc310-mnc310-in: Cannot utime: Operation not permitted
build	Cache Android SDK	2026-06-06T12:22:51.2073344Z /usr/bin/tar: ../../../../../usr/local/lib/android/sdk/platforms/android-34-ext11/data/res/values-mcc310-mnc310-in: Cannot change mode to rwxr-xr-x: Operation not permitted
build	Cache Android SDK	2026-06-06T12:22:51.2076248Z /usr/bin/tar: ../../../../../usr/local/lib/android/sdk/platforms/android-34-ext11/data/res/values-mcc310-mnc950-pt-rBR: Cannot utime: Operation not permitted
build	Cache Android SDK	2026-06-06T12:22:51.2077270Z /usr/bin/tar: ../../../../../usr/local/lib/android/sdk/platforms/android-34-ext11/data/res/values-mcc310-mnc950-pt-rBR: Cannot change mode to rwxr-xr-x: Operation not permitted
build	Cache Android SDK	2026-06-06T12:22:51.2092585Z /usr/bin/tar: ../../../../../usr/local/lib/android/sdk/platforms/android-34-ext11/data/res/values-mn-television: Cannot utime: Operation not permitted
build	Cache Android SDK	2026-06-06T12:22:51.2093846Z /usr/bin/tar: ../../../../../usr/local/lib/android/sdk/platforms/android-34-ext11/data/res/values-mn-television: Cannot change mode to rwxr-xr-x: Operation not permitted
build	Cache Android SDK	2026-06-06T12:22:51.2094929Z /usr/bin/tar: ../../../../../usr/local/lib/android/sdk/platforms/android-34-ext11/data/res/values-it: Cannot utime: Operation not permitted
build	Cache Android SDK	2026-06-06T12:22:51.2096163Z /usr/bin/tar: ../../../../../usr/local/lib/android/sdk/platforms/android-34-ext11/data/res/values-it: Cannot change mode to rwxr-xr-x: Operation not permitted
build	Cache Android SDK	2026-06-06T12:22:51.2097089Z /usr/bin/tar: ../../../../../usr/local/lib/android/sdk/platforms/android-34-ext11/data/res/values-mcc310-mnc200-km: Cannot utime: Operation not permitted
build	Cache Android SDK	2026-06-06T12:22:51.2098311Z /usr/bin/tar: ../../../../../usr/local/lib/android/sdk/platforms/android-34-ext11/data/res/values-mcc310-mnc200-km: Cannot change mode to rwxr-xr-x: Operation not permitted
build	Cache Android SDK	2026-06-06T12:22:51.2099449Z /usr/bin/tar: ../../../../../usr/local/lib/android/sdk/platforms/android-34-ext11/data/res/values-mcc311-mnc180-af: Cannot utime: Operation not permitted
build	Cache Android SDK	2026-06-06T12:22:51.2100408Z /usr/bin/tar: ../../../../../usr/local/lib/android/sdk/platforms/android-34-ext11/data/res/values-mcc311-mnc180-af: Cannot change mode to rwxr-xr-x: Operation not permitted
build	Cache Android SDK	2026-06-06T12:22:51.2101477Z /usr/bin/tar: ../../../../../usr/local/lib/android/sdk/platforms/android-34-ext11/data/res/values-mcc310-mnc210: Cannot utime: Operation not permitted
build	Cache Android SDK	2026-06-06T12:22:51.2103804Z /usr/bin/tar: ../../../../../usr/local/lib/android/sdk/platforms/android-34-ext11/data/res/values-mcc310-mnc210: Cannot change mode to rwxr-xr-x: Operation not permitted
build	Cache Android SDK	2026-06-06T12:22:51.2105737Z /usr/bin/tar: ../../../../../usr/local/lib/android/sdk/platforms/android-34-ext11/data/res/values-mcc310-mnc030-hu: Cannot utime: Operation not permitted
build	Cache Android SDK	2026-06-06T12:22:51.2107975Z /usr/bin/tar: ../../../../../usr/local/lib/android/sdk/platforms/android-34-ext11/data/res/values-mcc310-mnc030-hu: Cannot change mode to rwxr-xr-x: Operation not permitted
build	Cache Android SDK	2026-06-06T12:22:51.2109212Z /usr/bin/tar: ../../../../../usr/local/lib/android/sdk/platforms/android-34-ext11/data/res/values-tl: Cannot utime: Operation not permitted
build	Cache Android SDK	2026-06-06T12:22:51.2110081Z /usr/bin/tar: ../../../../../usr/local/lib/android/sdk/platforms/android-34-ext11/data/res/values-tl: Cannot change mode to rwxr-xr-x: Operation not permitted
build	Cache Android SDK	2026-06-06T12:22:51.2111065Z /usr/bin/tar: ../../../../../usr/local/lib/android/sdk/platforms/android-34-ext11/data/res/values-fr-watch: Cannot utime: Operation not permitted
build	Cache Android SDK	2026-06-06T12:22:51.2112363Z /usr/bin/tar: ../../../../../usr/local/lib/android/sdk/platforms/android-34-ext11/data/res/values-fr-watch: Cannot change mode to rwxr-xr-x: Operation not permitted
build	Cache Android SDK	2026-06-06T12:22:51.2113324Z /usr/bin/tar: ../../../../../usr/local/lib/android/sdk/platforms/android-34-ext11/data/res/values-mcc310-mnc030-en-rGB: Cannot utime: Operation not permitted
build	Cache Android SDK	2026-06-06T12:22:51.2114393Z /usr/bin/tar: ../../../../../usr/local/lib/android/sdk/platforms/android-34-ext11/data/res/values-mcc310-mnc030-en-rGB: Cannot change mode to rwxr-xr-x: Operation not permitted
build	Cache Android SDK	2026-06-06T12:22:51.2115524Z /usr/bin/tar: ../../../../../usr/local/lib/android/sdk/platforms/android-34-ext11/data/res/values-mcc302-mnc720-mk: Cannot utime: Operation not permitted
build	Cache Android SDK	2026-06-06T12:22:51.2116578Z /usr/bin/tar: ../../../../../usr/local/lib/android/sdk/platforms/android-34-ext11/data/res/values-mcc302-mnc720-mk: Cannot change mode to rwxr-xr-x: Operation not permitted
build	Cache Android SDK	2026-06-06T12:22:51.2118777Z /usr/bin/tar: ../../../../../usr/local/lib/android/sdk/platforms/android-34-ext11/data/res/values-mcc310-mnc800-hu: Cannot utime: Operation not permitted
build	Cache Android SDK	2026-06-06T12:22:51.2119733Z /usr/bin/tar: ../../../../../usr/local/lib/android/sdk/platforms/android-34-ext11/data/res/values-mcc310-mnc800-hu: Cannot change mode to rwxr-xr-x: Operation not permitted
build	Cache Android SDK	2026-06-06T12:22:51.2121915Z /usr/bin/tar: ../../../../../usr/local/lib/android/sdk/platforms/android-34-ext11/data/res/values-mcc310-mnc250-hi: Cannot utime: Operation not permitted
build	Cache Android SDK	2026-06-06T12:22:51.2122866Z /usr/bin/tar: ../../../../../usr/local/lib/android/sdk/platforms/android-34-ext11/data/res/values-mcc310-mnc250-hi: Cannot change mode to rwxr-xr-x: Operation not permitted
build	Cache Android SDK	2026-06-06T12:22:51.2125040Z /usr/bin/tar: ../../../../../usr/local/lib/android/sdk/platforms/android-34-ext11/data/res/values-mcc310-mnc160-my: Cannot utime: Operation not permitted
build	Cache Android SDK	2026-06-06T12:22:51.2126011Z /usr/bin/tar: ../../../../../usr/local/lib/android/sdk/platforms/android-34-ext11/data/res/values-mcc310-mnc160-my: Cannot change mode to rwxr-xr-x: Operation not permitted
build	Cache Android SDK	2026-06-06T12:22:51.2129449Z /usr/bin/tar: ../../../../../usr/local/lib/android/sdk/platforms/android-34-ext11/data/res/values-mcc310-mnc410-mn: Cannot utime: Operation not permitted
build	Cache Android SDK	2026-06-06T12:22:51.2130904Z /usr/bin/tar: ../../../../../usr/local/lib/android/sdk/platforms/android-34-ext11/data/res/values-mcc310-mnc410-mn: Cannot change mode to rwxr-xr-x: Operation not permitted
build	Cache Android SDK	2026-06-06T12:22:51.2132461Z /usr/bin/tar: ../../../../../usr/local/lib/android/sdk/platforms/android-34-ext11/data/res/values-mcc310-mnc380-ur: Cannot utime: Operation not permitted
build	Cache Android SDK	2026-06-06T12:22:51.2133486Z /usr/bin/tar: ../../../../../usr/local/lib/android/sdk/platforms/android-34-ext11/data/res/values-mcc310-mnc380-ur: Cannot change mode to rwxr-xr-x: Operation not permitted
build	Cache Android SDK	2026-06-06T12:22:51.2135643Z /usr/bin/tar: ../../../../../usr/local/lib/android/sdk/platforms/android-34-ext11/data/res/values-mcc310-mnc150-ja: Cannot utime: Operation not permitted
build	Cache Android SDK	2026-06-06T12:22:51.2136613Z /usr/bin/tar: ../../../../../usr/local/lib/android/sdk/platforms/android-34-ext11/data/res/values-mcc310-mnc150-ja: Cannot change mode to rwxr-xr-x: Operation not permitted
build	Cache Android SDK	2026-06-06T12:22:51.2139275Z /usr/bin/tar: ../../../../../usr/local/lib/android/sdk/platforms/android-34-ext11/data/res/values-mcc310-mnc030-nl: Cannot utime: Operation not permitted
build	Cache Android SDK	2026-06-06T12:22:51.2140255Z /usr/bin/tar: ../../../../../usr/local/lib/android/sdk/platforms/android-34-ext11/data/res/values-mcc310-mnc030-nl: Cannot change mode to rwxr-xr-x: Operation not permitted
build	Cache Android SDK	2026-06-06T12:22:51.2142549Z /usr/bin/tar: ../../../../../usr/local/lib/android/sdk/platforms/android-34-ext11/data/res/values-mcc334-mnc020-ur: Cannot utime: Operation not permitted
build	Cache Android SDK	2026-06-06T12:22:51.2143521Z /usr/bin/tar: ../../../../../usr/local/lib/android/sdk/platforms/android-34-ext11/data/res/values-mcc334-mnc020-ur: Cannot change mode to rwxr-xr-x: Operation not permitted
build	Cache Android SDK	2026-06-06T12:22:51.2146161Z /usr/bin/tar: ../../../../../usr/local/lib/android/sdk/platforms/android-34-ext11/data/res/values-mcc001-mnc01-ky: Cannot utime: Operation not permitted
build	Cache Android SDK	2026-06-06T12:22:51.2147145Z /usr/bin/tar: ../../../../../usr/local/lib/android/sdk/platforms/android-34-ext11/data/res/values-mcc001-mnc01-ky: Cannot change mode to rwxr-xr-x: Operation not permitted
build	Cache Android SDK	2026-06-06T12:22:51.2149736Z /usr/bin/tar: ../../../../../usr/local/lib/android/sdk/platforms/android-34-ext11/data/res/values-mcc310-mnc250-it: Cannot utime: Operation not permitted
build	Cache Android SDK	2026-06-06T12:22:51.2150707Z /usr/bin/tar: ../../../../../usr/local/lib/android/sdk/platforms/android-34-ext11/data/res/values-mcc310-mnc250-it: Cannot change mode to rwxr-xr-x: Operation not permitted
build	Cache Android SDK	2026-06-06T12:22:51.2153021Z /usr/bin/tar: ../../../../../usr/local/lib/android/sdk/platforms/android-34-ext11/data/res/values-mcc310-mnc800-en-rAU: Cannot utime: Operation not permitted
build	Cache Android SDK	2026-06-06T12:22:51.2154039Z /usr/bin/tar: ../../../../../usr/local/lib/android/sdk/platforms/android-34-ext11/data/res/values-mcc310-mnc800-en-rAU: Cannot change mode to rwxr-xr-x: Operation not permitted
build	Cache Android SDK	2026-06-06T12:22:51.2156359Z /usr/bin/tar: ../../../../../usr/local/lib/android/sdk/platforms/android-34-ext11/data/res/values-mcc001: Cannot utime: Operation not permitted
build	Cache Android SDK	2026-06-06T12:22:51.2157280Z /usr/bin/tar: ../../../../../usr/local/lib/android/sdk/platforms/android-34-ext11/data/res/values-mcc001: Cannot change mode to rwxr-xr-x: Operation not permitted
build	Cache Android SDK	2026-06-06T12:22:51.2159263Z /usr/bin/tar: ../../../../../usr/local/lib/android/sdk/platforms/android-34-ext11/data/res/values-mcc310-mnc270-bg: Cannot utime: Operation not permitted
build	Cache Android SDK	2026-06-06T12:22:51.2160239Z /usr/bin/tar: ../../../../../usr/local/lib/android/sdk/platforms/android-34-ext11/data/res/values-mcc310-mnc270-bg: Cannot change mode to rwxr-xr-x: Operation not permitted
build	Cache Android SDK	2026-06-06T12:22:51.2162464Z /usr/bin/tar: ../../../../../usr/local/lib/android/sdk/platforms/android-34-ext11/data/res/values-xlarge-land: Cannot utime: Operation not permitted
build	Cache Android SDK	2026-06-06T12:22:51.2163425Z /usr/bin/tar: ../../../../../usr/local/lib/android/sdk/platforms/android-34-ext11/data/res/values-xlarge-land: Cannot change mode to rwxr-xr-x: Operation not permitted
build	Cache Android SDK	2026-06-06T12:22:51.2165887Z /usr/bin/tar: ../../../../../usr/local/lib/android/sdk/platforms/android-34-ext11/data/res/values-uk-watch: Cannot utime: Operation not permitted
build	Cache Android SDK	2026-06-06T12:22:51.2167001Z /usr/bin/tar: ../../../../../usr/local/lib/android/sdk/platforms/android-34-ext11/data/res/values-uk-watch: Cannot change mode to rwxr-xr-x: Operation not permitted
build	Cache Android SDK	2026-06-06T12:22:51.2169281Z /usr/bin/tar: ../../../../../usr/local/lib/android/sdk/platforms/android-34-ext11/data/res/values-mcc302-mnc720-sk: Cannot utime: Operation not permitted
build	Cache Android SDK	2026-06-06T12:22:51.2170285Z /usr/bin/tar: ../../../../../usr/local/lib/android/sdk/platforms/android-34-ext11/data/res/values-mcc302-mnc720-sk: Cannot change mode to rwxr-xr-x: Operation not permitted
build	Cache Android SDK	2026-06-06T12:22:51.2173065Z /usr/bin/tar: ../../../../../usr/local/lib/android/sdk/platforms/android-34-ext11/data/res/values-mcc310-mnc200-zh-rTW: Cannot utime: Operation not permitted
build	Cache Android SDK	2026-06-06T12:22:51.2174093Z /usr/bin/tar: ../../../../../usr/local/lib/android/sdk/platforms/android-34-ext11/data/res/values-mcc310-mnc200-zh-rTW: Cannot change mode to rwxr-xr-x: Operation not permitted
build	Cache Android SDK	2026-06-06T12:22:51.2176122Z /usr/bin/tar: ../../../../../usr/local/lib/android/sdk/platforms/android-34-ext11/data/res/values-mcc310-mnc410-si: Cannot utime: Operation not permitted
build	Cache Android SDK	2026-06-06T12:22:51.2177106Z /usr/bin/tar: ../../../../../usr/local/lib/android/sdk/platforms/android-34-ext11/data/res/values-mcc310-mnc410-si: Cannot change mode to rwxr-xr-x: Operation not permitted
build	Cache Android SDK	2026-06-06T12:22:51.2182408Z /usr/bin/tar: ../../../../../usr/local/lib/android/sdk/platforms/android-34-ext11/data/res/values-mcc310-mnc270-hu: Cannot utime: Operation not permitted
build	Cache Android SDK	2026-06-06T12:22:51.2183618Z /usr/bin/tar: ../../../../../usr/local/lib/android/sdk/platforms/android-34-ext11/data/res/values-mcc310-mnc270-hu: Cannot change mode to rwxr-xr-x: Operation not permitted
build	Cache Android SDK	2026-06-06T12:22:51.2185254Z /usr/bin/tar: ../../../../../usr/local/lib/android/sdk/platforms/android-34-ext11/data/res/values-mcc310-mnc800-pa: Cannot utime: Operation not permitted
build	Cache Android SDK	2026-06-06T12:22:51.2186211Z /usr/bin/tar: ../../../../../usr/local/lib/android/sdk/platforms/android-34-ext11/data/res/values-mcc310-mnc800-pa: Cannot change mode to rwxr-xr-x: Operation not permitted
build	Cache Android SDK	2026-06-06T12:22:51.2192756Z /usr/bin/tar: ../../../../../usr/local/lib/android/sdk/platforms/android-34-ext11/data/res/values-mn: Cannot utime: Operation not permitted
build	Cache Android SDK	2026-06-06T12:22:51.2194189Z /usr/bin/tar: ../../../../../usr/local/lib/android/sdk/platforms/android-34-ext11/data/res/values-mn: Cannot change mode to rwxr-xr-x: Operation not permitted
build	Cache Android SDK	2026-06-06T12:22:51.2196671Z /usr/bin/tar: ../../../../../usr/local/lib/android/sdk/platforms/android-34-ext11/data/res/values-lv-rLV: Cannot utime: Operation not permitted
build	Cache Android SDK	2026-06-06T12:22:51.2197808Z /usr/bin/tar: ../../../../../usr/local/lib/android/sdk/platforms/android-34-ext11/data/res/values-lv-rLV: Cannot change mode to rwxr-xr-x: Operation not permitted
build	Cache Android SDK	2026-06-06T12:22:51.2199481Z /usr/bin/tar: ../../../../../usr/local/lib/android/sdk/platforms/android-34-ext11/data/res/values-mcc313-mnc100-lt: Cannot utime: Operation not permitted
build	Cache Android SDK	2026-06-06T12:22:51.2200514Z /usr/bin/tar: ../../../../../usr/local/lib/android/sdk/platforms/android-34-ext11/data/res/values-mcc313-mnc100-lt: Cannot change mode to rwxr-xr-x: Operation not permitted
build	Cache Android SDK	2026-06-06T12:22:51.2202259Z /usr/bin/tar: ../../../../../usr/local/lib/android/sdk/platforms/android-34-ext11/data/res/raw-it: Cannot utime: Operation not permitted
build	Cache Android SDK	2026-06-06T12:22:51.2203150Z /usr/bin/tar: ../../../../../usr/local/lib/android/sdk/platforms/android-34-ext11/data/res/raw-it: Cannot change mode to rwxr-xr-x: Operation not permitted
build	Cache Android SDK	2026-06-06T12:22:51.2205674Z /usr/bin/tar: ../../../../../usr/local/lib/android/sdk/platforms/android-34-ext11/data/res/values-mcc312-mnc670-my: Cannot utime: Operation not permitted
build	Cache Android SDK	2026-06-06T12:22:51.2206712Z /usr/bin/tar: ../../../../../usr/local/lib/android/sdk/platforms/android-34-ext11/data/res/values-mcc312-mnc670-my: Cannot change mode to rwxr-xr-x: Operation not permitted
build	Cache Android SDK	2026-06-06T12:22:51.2208232Z /usr/bin/tar: ../../../../../usr/local/lib/android/sdk/platforms/android-34-ext11/data/res/values-sr-watch: Cannot utime: Operation not permitted
build	Cache Android SDK	2026-06-06T12:22:51.2209228Z /usr/bin/tar: ../../../../../usr/local/lib/android/sdk/platforms/android-34-ext11/data/res/values-sr-watch: Cannot change mode to rwxr-xr-x: Operation not permitted
build	Cache Android SDK	2026-06-06T12:22:51.2211761Z /usr/bin/tar: ../../../../../usr/local/lib/android/sdk/platforms/android-34-ext11/data/res/values-mcc310-mnc660-lv: Cannot utime: Operation not permitted
build	Cache Android SDK	2026-06-06T12:22:51.2212931Z /usr/bin/tar: ../../../../../usr/local/lib/android/sdk/platforms/android-34-ext11/data/res/values-mcc310-mnc660-lv: Cannot change mode to rwxr-xr-x: Operation not permitted
build	Cache Android SDK	2026-06-06T12:22:51.2214731Z /usr/bin/tar: ../../../../../usr/local/lib/android/sdk/platforms/android-34-ext11/data/res/values-mcc001-mnc01-en-rAU: Cannot utime: Operation not permitted
build	Cache Android SDK	2026-06-06T12:22:51.2215734Z /usr/bin/tar: ../../../../../usr/local/lib/android/sdk/platforms/android-34-ext11/data/res/values-mcc001-mnc01-en-rAU: Cannot change mode to rwxr-xr-x: Operation not permitted
build	Cache Android SDK	2026-06-06T12:22:51.2217863Z /usr/bin/tar: ../../../../../usr/local/lib/android/sdk/platforms/android-34-ext11/data/res/values-mcc310-mnc660-mn: Cannot utime: Operation not permitted
build	Cache Android SDK	2026-06-06T12:22:51.2218848Z /usr/bin/tar: ../../../../../usr/local/lib/android/sdk/platforms/android-34-ext11/data/res/values-mcc310-mnc660-mn: Cannot change mode to rwxr-xr-x: Operation not permitted
build	Cache Android SDK	2026-06-06T12:22:51.2221271Z /usr/bin/tar: ../../../../../usr/local/lib/android/sdk/platforms/android-34-ext11/data/res/values-mcc313-mnc100-pt-rPT: Cannot utime: Operation not permitted
build	Cache Android SDK	2026-06-06T12:22:51.2222473Z /usr/bin/tar: ../../../../../usr/local/lib/android/sdk/platforms/android-34-ext11/data/res/values-mcc313-mnc100-pt-rPT: Cannot change mode to rwxr-xr-x: Operation not permitted
build	Cache Android SDK	2026-06-06T12:22:51.2224170Z /usr/bin/tar: ../../../../../usr/local/lib/android/sdk/platforms/android-34-ext11/data/res/values-mcc302-mnc720-et: Cannot utime: Operation not permitted
build	Cache Android SDK	2026-06-06T12:22:51.2225167Z /usr/bin/tar: ../../../../../usr/local/lib/android/sdk/platforms/android-34-ext11/data/res/values-mcc302-mnc720-et: Cannot change mode to rwxr-xr-x: Operation not permitted
build	Cache Android SDK	2026-06-06T12:22:51.2227791Z /usr/bin/tar: ../../../../../usr/local/lib/android/sdk/platforms/android-34-ext11/data/res/values-mcc310-mnc410-zu: Cannot utime: Operation not permitted
build	Cache Android SDK	2026-06-06T12:22:51.2228953Z /usr/bin/tar: ../../../../../usr/local/lib/android/sdk/platforms/android-34-ext11/data/res/values-mcc310-mnc410-zu: Cannot change mode to rwxr-xr-x: Operation not permitted
build	Cache Android SDK	2026-06-06T12:22:51.2234252Z /usr/bin/tar: ../../../../../usr/local/lib/android/sdk/platforms/android-34-ext11/data/res/values-zu: Cannot utime: Operation not permitted
build	Cache Android SDK	2026-06-06T12:22:51.2235272Z /usr/bin/tar: ../../../../../usr/local/lib/android/sdk/platforms/android-34-ext11/data/res/values-zu: Cannot change mode to rwxr-xr-x: Operation not permitted
build	Cache Android SDK	2026-06-06T12:22:51.2236950Z /usr/bin/tar: ../../../../../usr/local/lib/android/sdk/platforms/android-34-ext11/data/res/values-mcc310-mnc150-mk: Cannot utime: Operation not permitted
build	Cache Android SDK	2026-06-06T12:22:51.2238108Z /usr/bin/tar: ../../../../../usr/local/lib/android/sdk/platforms/android-34-ext11/data/res/values-mcc310-mnc150-mk: Cannot change mode to rwxr-xr-x: Operation not permitted
build	Cache Android SDK	2026-06-06T12:22:51.2240140Z /usr/bin/tar: ../../../../../usr/local/lib/android/sdk/platforms/android-34-ext11/data/res/values-mcc310-mnc410-zh-rHK: Cannot utime: Operation not permitted
build	Cache Android SDK	2026-06-06T12:22:51.2241260Z /usr/bin/tar: ../../../../../usr/local/lib/android/sdk/platforms/android-34-ext11/data/res/values-mcc310-mnc410-zh-rHK: Cannot change mode to rwxr-xr-x: Operation not permitted
build	Cache Android SDK	2026-06-06T12:22:51.2243492Z /usr/bin/tar: ../../../../../usr/local/lib/android/sdk/platforms/android-34-ext11/data/res/values-mcc310-mnc280-tl: Cannot utime: Operation not permitted
build	Cache Android SDK	2026-06-06T12:22:51.2244447Z /usr/bin/tar: ../../../../../usr/local/lib/android/sdk/platforms/android-34-ext11/data/res/values-mcc310-mnc280-tl: Cannot change mode to rwxr-xr-x: Operation not permitted
build	Cache Android SDK	2026-06-06T12:22:51.2246464Z /usr/bin/tar: ../../../../../usr/local/lib/android/sdk/platforms/android-34-ext11/data/res/values-mcc310-mnc200-pt-rBR: Cannot utime: Operation not permitted
build	Cache Android SDK	2026-06-06T12:22:51.2247534Z /usr/bin/tar: ../../../../../usr/local/lib/android/sdk/platforms/android-34-ext11/data/res/values-mcc310-mnc200-pt-rBR: Cannot change mode to rwxr-xr-x: Operation not permitted
build	Cache Android SDK	2026-06-06T12:22:51.2249603Z /usr/bin/tar: ../../../../../usr/local/lib/android/sdk/platforms/android-34-ext11/data/res/values-mcc310-mnc410-en-rCA: Cannot utime: Operation not permitted
build	Cache Android SDK	2026-06-06T12:22:51.2250679Z /usr/bin/tar: ../../../../../usr/local/lib/android/sdk/platforms/android-34-ext11/data/res/values-mcc310-mnc410-en-rCA: Cannot change mode to rwxr-xr-x: Operation not permitted
build	Cache Android SDK	2026-06-06T12:22:51.2253054Z /usr/bin/tar: ../../../../../usr/local/lib/android/sdk/platforms/android-34-ext11/data/res/values-mcc310-mnc030-ro: Cannot utime: Operation not permitted
build	Cache Android SDK	2026-06-06T12:22:51.2254015Z /usr/bin/tar: ../../../../../usr/local/lib/android/sdk/platforms/android-34-ext11/data/res/values-mcc310-mnc030-ro: Cannot change mode to rwxr-xr-x: Operation not permitted
build	Cache Android SDK	2026-06-06T12:22:51.2257310Z /usr/bin/tar: ../../../../../usr/local/lib/android/sdk/platforms/android-34-ext11/data/res/values-mcc310-mnc380-ky: Cannot utime: Operation not permitted
build	Cache Android SDK	2026-06-06T12:22:51.2258339Z /usr/bin/tar: ../../../../../usr/local/lib/android/sdk/platforms/android-34-ext11/data/res/values-mcc310-mnc380-ky: Cannot change mode to rwxr-xr-x: Operation not permitted
build	Cache Android SDK	2026-06-06T12:22:51.2260552Z /usr/bin/tar: ../../../../../usr/local/lib/android/sdk/platforms/android-34-ext11/data/res/values-mcc310-mnc800-et: Cannot utime: Operation not permitted
build	Cache Android SDK	2026-06-06T12:22:51.2261508Z /usr/bin/tar: ../../../../../usr/local/lib/android/sdk/platforms/android-34-ext11/data/res/values-mcc310-mnc800-et: Cannot change mode to rwxr-xr-x: Operation not permitted
build	Cache Android SDK	2026-06-06T12:22:51.2268149Z /usr/bin/tar: ../../../../../usr/local/lib/android/sdk/platforms/android-34-ext11/data/res/values-be: Cannot utime: Operation not permitted
build	Cache Android SDK	2026-06-06T12:22:51.2269059Z /usr/bin/tar: ../../../../../usr/local/lib/android/sdk/platforms/android-34-ext11/data/res/values-be: Cannot change mode to rwxr-xr-x: Operation not permitted
build	Cache Android SDK	2026-06-06T12:22:51.2270832Z /usr/bin/tar: ../../../../../usr/local/lib/android/sdk/platforms/android-34-ext11/data/res/values-mcc310-mnc310-el: Cannot utime: Operation not permitted
build	Cache Android SDK	2026-06-06T12:22:51.2271919Z /usr/bin/tar: ../../../../../usr/local/lib/android/sdk/platforms/android-34-ext11/data/res/values-mcc310-mnc310-el: Cannot change mode to rwxr-xr-x: Operation not permitted
build	Cache Android SDK	2026-06-06T12:22:51.2274019Z /usr/bin/tar: ../../../../../usr/local/lib/android/sdk/platforms/android-34-ext11/data/res/values-mcc310-mnc490-ta: Cannot utime: Operation not permitted
build	Cache Android SDK	2026-06-06T12:22:51.2274990Z /usr/bin/tar: ../../../../../usr/local/lib/android/sdk/platforms/android-34-ext11/data/res/values-mcc310-mnc490-ta: Cannot change mode to rwxr-xr-x: Operation not permitted
build	Cache Android SDK	2026-06-06T12:22:51.2277134Z /usr/bin/tar: ../../../../../usr/local/lib/android/sdk/platforms/android-34-ext11/data/res/values-mcc310-mnc310-hu: Cannot utime: Operation not permitted
build	Cache Android SDK	2026-06-06T12:22:51.2278344Z /usr/bin/tar: ../../../../../usr/local/lib/android/sdk/platforms/android-34-ext11/data/res/values-mcc310-mnc310-hu: Cannot change mode to rwxr-xr-x: Operation not permitted
build	Cache Android SDK	2026-06-06T12:22:51.2280478Z /usr/bin/tar: ../../../../../usr/local/lib/android/sdk/platforms/android-34-ext11/data/res/values-mcc310-mnc800-ko: Cannot utime: Operation not permitted
build	Cache Android SDK	2026-06-06T12:22:51.2281441Z /usr/bin/tar: ../../../../../usr/local/lib/android/sdk/platforms/android-34-ext11/data/res/values-mcc310-mnc800-ko: Cannot change mode to rwxr-xr-x: Operation not permitted
build	Cache Android SDK	2026-06-06T12:22:51.2283642Z /usr/bin/tar: ../../../../../usr/local/lib/android/sdk/platforms/android-34-ext11/data/res/values-mcc311-mnc180-km: Cannot utime: Operation not permitted
build	Cache Android SDK	2026-06-06T12:22:51.2284614Z /usr/bin/tar: ../../../../../usr/local/lib/android/sdk/platforms/android-34-ext11/data/res/values-mcc311-mnc180-km: Cannot change mode to rwxr-xr-x: Operation not permitted
build	Cache Android SDK	2026-06-06T12:22:51.2287134Z /usr/bin/tar: ../../../../../usr/local/lib/android/sdk/platforms/android-34-ext11/data/res/values-mcc310-mnc660-az: Cannot utime: Operation not permitted
build	Cache Android SDK	2026-06-06T12:22:51.2288771Z /usr/bin/tar: ../../../../../usr/local/lib/android/sdk/platforms/android-34-ext11/data/res/values-mcc310-mnc660-az: Cannot change mode to rwxr-xr-x: Operation not permitted
build	Cache Android SDK	2026-06-06T12:22:51.2290363Z /usr/bin/tar: ../../../../../usr/local/lib/android/sdk/platforms/android-34-ext11/data/res/values-mcc310-mnc210-zh-rHK: Cannot utime: Operation not permitted
build	Cache Android SDK	2026-06-06T12:22:51.2291389Z /usr/bin/tar: ../../../../../usr/local/lib/android/sdk/platforms/android-34-ext11/data/res/values-mcc310-mnc210-zh-rHK: Cannot change mode to rwxr-xr-x: Operation not permitted
build	Cache Android SDK	2026-06-06T12:22:51.2293307Z /usr/bin/tar: ../../../../../usr/local/lib/android/sdk/platforms/android-34-ext11/data/res/values-ja-watch: Cannot utime: Operation not permitted
build	Cache Android SDK	2026-06-06T12:22:51.2294249Z /usr/bin/tar: ../../../../../usr/local/lib/android/sdk/platforms/android-34-ext11/data/res/values-ja-watch: Cannot change mode to rwxr-xr-x: Operation not permitted
build	Cache Android SDK	2026-06-06T12:22:51.2296848Z /usr/bin/tar: ../../../../../usr/local/lib/android/sdk/platforms/android-34-ext11/data/res/values-mcc312-mnc670-zh-rCN: Cannot utime: Operation not permitted
build	Cache Android SDK	2026-06-06T12:22:51.2298129Z /usr/bin/tar: ../../../../../usr/local/lib/android/sdk/platforms/android-34-ext11/data/res/values-mcc312-mnc670-zh-rCN: Cannot change mode to rwxr-xr-x: Operation not permitted
build	Cache Android SDK	2026-06-06T12:22:51.2299935Z /usr/bin/tar: ../../../../../usr/local/lib/android/sdk/platforms/android-34-ext11/data/res/values-mcc302-mnc370-en-rXC: Cannot utime: Operation not permitted
build	Cache Android SDK	2026-06-06T12:22:51.2300944Z /usr/bin/tar: ../../../../../usr/local/lib/android/sdk/platforms/android-34-ext11/data/res/values-mcc302-mnc370-en-rXC: Cannot change mode to rwxr-xr-x: Operation not permitted
build	Cache Android SDK	2026-06-06T12:22:51.2303466Z /usr/bin/tar: ../../../../../usr/local/lib/android/sdk/platforms/android-34-ext11/data/res/values-mcc310-mnc160-kn: Cannot utime: Operation not permitted
build	Cache Android SDK	2026-06-06T12:22:51.2304461Z /usr/bin/tar: ../../../../../usr/local/lib/android/sdk/platforms/android-34-ext11/data/res/values-mcc310-mnc160-kn: Cannot change mode to rwxr-xr-x: Operation not permitted
build	Cache Android SDK	2026-06-06T12:22:51.2306899Z /usr/bin/tar: ../../../../../usr/local/lib/android/sdk/platforms/android-34-ext11/data/res/values-mcc310-mnc170-th: Cannot utime: Operation not permitted
build	Cache Android SDK	2026-06-06T12:22:51.2308093Z /usr/bin/tar: ../../../../../usr/local/lib/android/sdk/platforms/android-34-ext11/data/res/values-mcc310-mnc170-th: Cannot change mode to rwxr-xr-x: Operation not permitted
build	Cache Android SDK	2026-06-06T12:22:51.2313599Z /usr/bin/tar: ../../../../../usr/local/lib/android/sdk/platforms/android-34-ext11/data/res/values-en-rCA: Cannot utime: Operation not permitted
build	Cache Android SDK	2026-06-06T12:22:51.2315400Z /usr/bin/tar: ../../../../../usr/local/lib/android/sdk/platforms/android-34-ext11/data/res/values-en-rCA: Cannot change mode to rwxr-xr-x: Operation not permitted
build	Cache Android SDK	2026-06-06T12:22:51.2316840Z /usr/bin/tar: ../../../../../usr/local/lib/android/sdk/platforms/android-34-ext11/data/res/values-mcc310-mnc490-vi: Cannot utime: Operation not permitted
build	Cache Android SDK	2026-06-06T12:22:51.2318280Z /usr/bin/tar: ../../../../../usr/local/lib/android/sdk/platforms/android-34-ext11/data/res/values-mcc310-mnc490-vi: Cannot change mode to rwxr-xr-x: Operation not permitted
build	Cache Android SDK	2026-06-06T12:22:51.2319797Z /usr/bin/tar: ../../../../../usr/local/lib/android/sdk/platforms/android-34-ext11/data/res/values-mcc310-mnc210-eu: Cannot utime: Operation not permitted
build	Cache Android SDK	2026-06-06T12:22:51.2320851Z /usr/bin/tar: ../../../../../usr/local/lib/android/sdk/platforms/android-34-ext11/data/res/values-mcc310-mnc210-eu: Cannot change mode to rwxr-xr-x: Operation not permitted
build	Cache Android SDK	2026-06-06T12:22:51.2322406Z /usr/bin/tar: ../../../../../usr/local/lib/android/sdk/platforms/android-34-ext11/data/res/values-mcc312-mnc670-si: Cannot utime: Operation not permitted
build	Cache Android SDK	2026-06-06T12:22:51.2323448Z /usr/bin/tar: ../../../../../usr/local/lib/android/sdk/platforms/android-34-ext11/data/res/values-mcc312-mnc670-si: Cannot change mode to rwxr-xr-x: Operation not permitted
build	Cache Android SDK	2026-06-06T12:22:51.2325879Z /usr/bin/tar: ../../../../../usr/local/lib/android/sdk/platforms/android-34-ext11/data/res/mipmap-mdpi: Cannot utime: Operation not permitted
build	Cache Android SDK	2026-06-06T12:22:51.2326872Z /usr/bin/tar: ../../../../../usr/local/lib/android/sdk/platforms/android-34-ext11/data/res/mipmap-mdpi: Cannot change mode to rwxr-xr-x: Operation not permitted
build	Cache Android SDK	2026-06-06T12:22:51.2329435Z /usr/bin/tar: ../../../../../usr/local/lib/android/sdk/platforms/android-34-ext11/data/res/values-mcc310-mnc170-is: Cannot utime: Operation not permitted
build	Cache Android SDK	2026-06-06T12:22:51.2330390Z /usr/bin/tar: ../../../../../usr/local/lib/android/sdk/platforms/android-34-ext11/data/res/values-mcc310-mnc170-is: Cannot change mode to rwxr-xr-x: Operation not permitted
build	Cache Android SDK	2026-06-06T12:22:51.2332456Z /usr/bin/tar: ../../../../../usr/local/lib/android/sdk/platforms/android-34-ext11/data/res/values-mcc310-mnc950-et: Cannot utime: Operation not permitted
build	Cache Android SDK	2026-06-06T12:22:51.2333404Z /usr/bin/tar: ../../../../../usr/local/lib/android/sdk/platforms/android-34-ext11/data/res/values-mcc310-mnc950-et: Cannot change mode to rwxr-xr-x: Operation not permitted
build	Cache Android SDK	2026-06-06T12:22:51.2335599Z /usr/bin/tar: ../../../../../usr/local/lib/android/sdk/platforms/android-34-ext11/data/res/values-mcc310-mnc200-gu: Cannot utime: Operation not permitted
build	Cache Android SDK	2026-06-06T12:22:51.2336645Z /usr/bin/tar: ../../../../../usr/local/lib/android/sdk/platforms/android-34-ext11/data/res/values-mcc310-mnc200-gu: Cannot change mode to rwxr-xr-x: Operation not permitted
build	Cache Android SDK	2026-06-06T12:22:51.2338679Z /usr/bin/tar: ../../../../../usr/local/lib/android/sdk/platforms/android-34-ext11/data/res/values-mcc313-mnc100-ar: Cannot utime: Operation not permitted
build	Cache Android SDK	2026-06-06T12:22:51.2339651Z /usr/bin/tar: ../../../../../usr/local/lib/android/sdk/platforms/android-34-ext11/data/res/values-mcc313-mnc100-ar: Cannot change mode to rwxr-xr-x: Operation not permitted
build	Cache Android SDK	2026-06-06T12:22:51.2342089Z /usr/bin/tar: ../../../../../usr/local/lib/android/sdk/platforms/android-34-ext11/data/res/values-mcc001-mnc01-nl: Cannot utime: Operation not permitted
build	Cache Android SDK	2026-06-06T12:22:51.2343133Z /usr/bin/tar: ../../../../../usr/local/lib/android/sdk/platforms/android-34-ext11/data/res/values-mcc001-mnc01-nl: Cannot change mode to rwxr-xr-x: Operation not permitted
build	Cache Android SDK	2026-06-06T12:22:51.2346044Z /usr/bin/tar: ../../../../../usr/local/lib/android/sdk/platforms/android-34-ext11/data/res/values-mcc310-mnc270-pt-rBR: Cannot utime: Operation not permitted
build	Cache Android SDK	2026-06-06T12:22:51.2347227Z /usr/bin/tar: ../../../../../usr/local/lib/android/sdk/platforms/android-34-ext11/data/res/values-mcc310-mnc270-pt-rBR: Cannot change mode to rwxr-xr-x: Operation not permitted
build	Cache Android SDK	2026-06-06T12:22:51.2349080Z /usr/bin/tar: ../../../../../usr/local/lib/android/sdk/platforms/android-34-ext11/data/res/values-mcc310-mnc410-nb: Cannot utime: Operation not permitted
build	Cache Android SDK	2026-06-06T12:22:51.2350076Z /usr/bin/tar: ../../../../../usr/local/lib/android/sdk/platforms/android-34-ext11/data/res/values-mcc310-mnc410-nb: Cannot change mode to rwxr-xr-x: Operation not permitted
build	Cache Android SDK	2026-06-06T12:22:51.2352512Z /usr/bin/tar: ../../../../../usr/local/lib/android/sdk/platforms/android-34-ext11/data/res/values-iw-television: Cannot utime: Operation not permitted
build	Cache Android SDK	2026-06-06T12:22:51.2353635Z /usr/bin/tar: ../../../../../usr/local/lib/android/sdk/platforms/android-34-ext11/data/res/values-iw-television: Cannot change mode to rwxr-xr-x: Operation not permitted
build	Cache Android SDK	2026-06-06T12:22:51.2356366Z /usr/bin/tar: ../../../../../usr/local/lib/android/sdk/platforms/android-34-ext11/data/res/values-mcc334-mnc020-da: Cannot utime: Operation not permitted
build	Cache Android SDK	2026-06-06T12:22:51.2357517Z /usr/bin/tar: ../../../../../usr/local/lib/android/sdk/platforms/android-34-ext11/data/res/values-mcc334-mnc020-da: Cannot change mode to rwxr-xr-x: Operation not permitted
build	Cache Android SDK	2026-06-06T12:22:51.2359520Z /usr/bin/tar: ../../../../../usr/local/lib/android/sdk/platforms/android-34-ext11/data/res/values-mcc001-mnc01-zh-rHK: Cannot utime: Operation not permitted
build	Cache Android SDK	2026-06-06T12:22:51.2360509Z /usr/bin/tar: ../../../../../usr/local/lib/android/sdk/platforms/android-34-ext11/data/res/values-mcc001-mnc01-zh-rHK: Cannot change mode to rwxr-xr-x: Operation not permitted
build	Cache Android SDK	2026-06-06T12:22:51.2362794Z /usr/bin/tar: ../../../../../usr/local/lib/android/sdk/platforms/android-34-ext11/data/res/values-mcc310-mnc270-ar: Cannot utime: Operation not permitted
build	Cache Android SDK	2026-06-06T12:22:51.2363865Z /usr/bin/tar: ../../../../../usr/local/lib/android/sdk/platforms/android-34-ext11/data/res/values-mcc310-mnc270-ar: Cannot change mode to rwxr-xr-x: Operation not permitted
build	Cache Android SDK	2026-06-06T12:22:51.2365916Z /usr/bin/tar: ../../../../../usr/local/lib/android/sdk/platforms/android-34-ext11/data/res/values-mcc001-mnc01-tr: Cannot utime: Operation not permitted
build	Cache Android SDK	2026-06-06T12:22:51.2366888Z /usr/bin/tar: ../../../../../usr/local/lib/android/sdk/platforms/android-34-ext11/data/res/values-mcc001-mnc01-tr: Cannot change mode to rwxr-xr-x: Operation not permitted
build	Cache Android SDK	2026-06-06T12:22:51.2370062Z /usr/bin/tar: ../../../../../usr/local/lib/android/sdk/platforms/android-34-ext11/data/res/values-mcc310-mnc030-mn: Cannot utime: Operation not permitted
build	Cache Android SDK	2026-06-06T12:22:51.2371427Z /usr/bin/tar: ../../../../../usr/local/lib/android/sdk/platforms/android-34-ext11/data/res/values-mcc310-mnc030-mn: Cannot change mode to rwxr-xr-x: Operation not permitted
build	Cache Android SDK	2026-06-06T12:22:51.2373185Z /usr/bin/tar: ../../../../../usr/local/lib/android/sdk/platforms/android-34-ext11/data/res/values-mcc302-mnc720-en-rXC: Cannot utime: Operation not permitted
build	Cache Android SDK	2026-06-06T12:22:51.2374278Z /usr/bin/tar: ../../../../../usr/local/lib/android/sdk/platforms/android-34-ext11/data/res/values-mcc302-mnc720-en-rXC: Cannot change mode to rwxr-xr-x: Operation not permitted
build	Cache Android SDK	2026-06-06T12:22:51.2376283Z /usr/bin/tar: ../../../../../usr/local/lib/android/sdk/platforms/android-34-ext11/data/res/values-mcc310-mnc160-nb: Cannot utime: Operation not permitted
build	Cache Android SDK	2026-06-06T12:22:51.2377637Z /usr/bin/tar: ../../../../../usr/local/lib/android/sdk/platforms/android-34-ext11/data/res/values-mcc310-mnc160-nb: Cannot change mode to rwxr-xr-x: Operation not permitted
build	Cache Android SDK	2026-06-06T12:22:51.2379990Z /usr/bin/tar: ../../../../../usr/local/lib/android/sdk/platforms/android-34-ext11/data/res/values-mcc310-mnc150-da: Cannot utime: Operation not permitted
build	Cache Android SDK	2026-06-06T12:22:51.2381085Z /usr/bin/tar: ../../../../../usr/local/lib/android/sdk/platforms/android-34-ext11/data/res/values-mcc310-mnc150-da: Cannot change mode to rwxr-xr-x: Operation not permitted
build	Cache Android SDK	2026-06-06T12:22:51.2383659Z /usr/bin/tar: ../../../../../usr/local/lib/android/sdk/platforms/android-34-ext11/data/res/values-mcc310-mnc800-en-rGB: Cannot utime: Operation not permitted
build	Cache Android SDK	2026-06-06T12:22:51.2384673Z /usr/bin/tar: ../../../../../usr/local/lib/android/sdk/platforms/android-34-ext11/data/res/values-mcc310-mnc800-en-rGB: Cannot change mode to rwxr-xr-x: Operation not permitted
build	Cache Android SDK	2026-06-06T12:22:51.2387194Z /usr/bin/tar: ../../../../../usr/local/lib/android/sdk/platforms/android-34-ext11/data/res/values-mcc310-mnc170-bn: Cannot utime: Operation not permitted
build	Cache Android SDK	2026-06-06T12:22:51.2388434Z /usr/bin/tar: ../../../../../usr/local/lib/android/sdk/platforms/android-34-ext11/data/res/values-mcc310-mnc170-bn: Cannot change mode to rwxr-xr-x: Operation not permitted
build	Cache Android SDK	2026-06-06T12:22:51.2390539Z /usr/bin/tar: ../../../../../usr/local/lib/android/sdk/platforms/android-34-ext11/data/res/values-mcc310-mnc150-zh-rHK: Cannot utime: Operation not permitted
build	Cache Android SDK	2026-06-06T12:22:51.2391550Z /usr/bin/tar: ../../../../../usr/local/lib/android/sdk/platforms/android-34-ext11/data/res/values-mcc310-mnc150-zh-rHK: Cannot change mode to rwxr-xr-x: Operation not permitted
build	Cache Android SDK	2026-06-06T12:22:51.2394444Z /usr/bin/tar: ../../../../../usr/local/lib/android/sdk/platforms/android-34-ext11/data/res/values-de-television: Cannot utime: Operation not permitted
build	Cache Android SDK	2026-06-06T12:22:51.2395765Z /usr/bin/tar: ../../../../../usr/local/lib/android/sdk/platforms/android-34-ext11/data/res/values-de-television: Cannot change mode to rwxr-xr-x: Operation not permitted
build	Cache Android SDK	2026-06-06T12:22:51.2397586Z /usr/bin/tar: ../../../../../usr/local/lib/android/sdk/platforms/android-34-ext11/data/res/values-mcc310-mnc230-da: Cannot utime: Operation not permitted
build	Cache Android SDK	2026-06-06T12:22:51.2398775Z /usr/bin/tar: ../../../../../usr/local/lib/android/sdk/platforms/android-34-ext11/data/res/values-mcc310-mnc230-da: Cannot change mode to rwxr-xr-x: Operation not permitted
build	Cache Android SDK	2026-06-06T12:22:51.2400589Z /usr/bin/tar: ../../../../../usr/local/lib/android/sdk/platforms/android-34-ext11/data/res/values-mcc302-mnc370-af: Cannot utime: Operation not permitted
build	Cache Android SDK	2026-06-06T12:22:51.2401642Z /usr/bin/tar: ../../../../../usr/local/lib/android/sdk/platforms/android-34-ext11/data/res/values-mcc302-mnc370-af: Cannot change mode to rwxr-xr-x: Operation not permitted
build	Cache Android SDK	2026-06-06T12:22:51.2403458Z /usr/bin/tar: ../../../../../usr/local/lib/android/sdk/platforms/android-34-ext11/data/res/values-mcc310-mnc800-th: Cannot utime: Operation not permitted
build	Cache Android SDK	2026-06-06T12:22:51.2404529Z /usr/bin/tar: ../../../../../usr/local/lib/android/sdk/platforms/android-34-ext11/data/res/values-mcc310-mnc800-th: Cannot change mode to rwxr-xr-x: Operation not permitted
build	Cache Android SDK	2026-06-06T12:22:51.2406289Z /usr/bin/tar: ../../../../../usr/local/lib/android/sdk/platforms/android-34-ext11/data/res/values-mcc310-mnc490-lo: Cannot utime: Operation not permitted
build	Cache Android SDK	2026-06-06T12:22:51.2407329Z /usr/bin/tar: ../../../../../usr/local/lib/android/sdk/platforms/android-34-ext11/data/res/values-mcc310-mnc490-lo: Cannot change mode to rwxr-xr-x: Operation not permitted
build	Cache Android SDK	2026-06-06T12:22:51.2409994Z /usr/bin/tar: ../../../../../usr/local/lib/android/sdk/platforms/android-34-ext11/data/res/values-mcc310-mnc950-sq: Cannot utime: Operation not permitted
build	Cache Android SDK	2026-06-06T12:22:51.2411051Z /usr/bin/tar: ../../../../../usr/local/lib/android/sdk/platforms/android-34-ext11/data/res/values-mcc310-mnc950-sq: Cannot change mode to rwxr-xr-x: Operation not permitted
build	Cache Android SDK	2026-06-06T12:22:51.2412607Z /usr/bin/tar: ../../../../../usr/local/lib/android/sdk/platforms/android-34-ext11/data/res/values-fa-watch: Cannot utime: Operation not permitted
build	Cache Android SDK	2026-06-06T12:22:51.2413540Z /usr/bin/tar: ../../../../../usr/local/lib/android/sdk/platforms/android-34-ext11/data/res/values-fa-watch: Cannot change mode to rwxr-xr-x: Operation not permitted
build	Cache Android SDK	2026-06-06T12:22:51.2416247Z /usr/bin/tar: ../../../../../usr/local/lib/android/sdk/platforms/android-34-ext11/data/res/values-mcc310-mnc170-sw: Cannot utime: Operation not permitted
build	Cache Android SDK	2026-06-06T12:22:51.2417316Z /usr/bin/tar: ../../../../../usr/local/lib/android/sdk/platforms/android-34-ext11/data/res/values-mcc310-mnc170-sw: Cannot change mode to rwxr-xr-x: Operation not permitted
build	Cache Android SDK	2026-06-06T12:22:51.2419221Z /usr/bin/tar: ../../../../../usr/local/lib/android/sdk/platforms/android-34-ext11/data/res/values-mcc310-mnc250-sr: Cannot utime: Operation not permitted
build	Cache Android SDK	2026-06-06T12:22:51.2420199Z /usr/bin/tar: ../../../../../usr/local/lib/android/sdk/platforms/android-34-ext11/data/res/values-mcc310-mnc250-sr: Cannot change mode to rwxr-xr-x: Operation not permitted
build	Cache Android SDK	2026-06-06T12:22:51.2422445Z /usr/bin/tar: ../../../../../usr/local/lib/android/sdk/platforms/android-34-ext11/data/res/values-mcc311-mnc180-hr: Cannot utime: Operation not permitted
build	Cache Android SDK	2026-06-06T12:22:51.2423488Z /usr/bin/tar: ../../../../../usr/local/lib/android/sdk/platforms/android-34-ext11/data/res/values-mcc311-mnc180-hr: Cannot change mode to rwxr-xr-x: Operation not permitted
build	Cache Android SDK	2026-06-06T12:22:51.2425189Z /usr/bin/tar: ../../../../../usr/local/lib/android/sdk/platforms/android-34-ext11/data/res/values-mcc310-mnc560-da: Cannot utime: Operation not permitted
build	Cache Android SDK	2026-06-06T12:22:51.2426153Z /usr/bin/tar: ../../../../../usr/local/lib/android/sdk/platforms/android-34-ext11/data/res/values-mcc310-mnc560-da: Cannot change mode to rwxr-xr-x: Operation not permitted
build	Cache Android SDK	2026-06-06T12:22:51.2428406Z /usr/bin/tar: ../../../../../usr/local/lib/android/sdk/platforms/android-34-ext11/data/res/values-af-television: Cannot utime: Operation not permitted
build	Cache Android SDK	2026-06-06T12:22:51.2429366Z /usr/bin/tar: ../../../../../usr/local/lib/android/sdk/platforms/android-34-ext11/data/res/values-af-television: Cannot change mode to rwxr-xr-x: Operation not permitted
build	Cache Android SDK	2026-06-06T12:22:51.2436449Z /usr/bin/tar: ../../../../../usr/local/lib/android/sdk/platforms/android-34-ext11/data/res/values-tr: Cannot utime: Operation not permitted
build	Cache Android SDK	2026-06-06T12:22:51.2437892Z /usr/bin/tar: ../../../../../usr/local/lib/android/sdk/platforms/android-34-ext11/data/res/values-tr: Cannot change mode to rwxr-xr-x: Operation not permitted
build	Cache Android SDK	2026-06-06T12:22:51.2438788Z /usr/bin/tar: ../../../../../usr/local/lib/android/sdk/platforms/android-34-ext11/data/res/values-mcc232: Cannot utime: Operation not permitted
build	Cache Android SDK	2026-06-06T12:22:51.2439771Z /usr/bin/tar: ../../../../../usr/local/lib/android/sdk/platforms/android-34-ext11/data/res/values-mcc232: Cannot change mode to rwxr-xr-x: Operation not permitted
build	Cache Android SDK	2026-06-06T12:22:51.2441601Z /usr/bin/tar: ../../../../../usr/local/lib/android/sdk/platforms/android-34-ext11/data/res/values-mcc310-mnc950-ca: Cannot utime: Operation not permitted
build	Cache Android SDK	2026-06-06T12:22:51.2442636Z /usr/bin/tar: ../../../../../usr/local/lib/android/sdk/platforms/android-34-ext11/data/res/values-mcc310-mnc950-ca: Cannot change mode to rwxr-xr-x: Operation not permitted
build	Cache Android SDK	2026-06-06T12:22:51.2444518Z /usr/bin/tar: ../../../../../usr/local/lib/android/sdk/platforms/android-34-ext11/data/res/values-mcc001-mnc01-zh-rTW: Cannot utime: Operation not permitted
build	Cache Android SDK	2026-06-06T12:22:51.2445623Z /usr/bin/tar: ../../../../../usr/local/lib/android/sdk/platforms/android-34-ext11/data/res/values-mcc001-mnc01-zh-rTW: Cannot change mode to rwxr-xr-x: Operation not permitted
build	Cache Android SDK	2026-06-06T12:22:51.2447892Z /usr/bin/tar: ../../../../../usr/local/lib/android/sdk/platforms/android-34-ext11/data/res/values-mcc310-mnc410-bg: Cannot utime: Operation not permitted
build	Cache Android SDK	2026-06-06T12:22:51.2449165Z /usr/bin/tar: ../../../../../usr/local/lib/android/sdk/platforms/android-34-ext11/data/res/values-mcc310-mnc410-bg: Cannot change mode to rwxr-xr-x: Operation not permitted
build	Cache Android SDK	2026-06-06T12:22:51.2451277Z /usr/bin/tar: ../../../../../usr/local/lib/android/sdk/platforms/android-34-ext11/data/res/values-mcc310-mnc270-be: Cannot utime: Operation not permitted
build	Cache Android SDK	2026-06-06T12:22:51.2452394Z /usr/bin/tar: ../../../../../usr/local/lib/android/sdk/platforms/android-34-ext11/data/res/values-mcc310-mnc270-be: Cannot change mode to rwxr-xr-x: Operation not permitted
build	Cache Android SDK	2026-06-06T12:22:51.2454665Z /usr/bin/tar: ../../../../../usr/local/lib/android/sdk/platforms/android-34-ext11/data/res/values-mcc302-mnc370-ar: Cannot utime: Operation not permitted
build	Cache Android SDK	2026-06-06T12:22:51.2455693Z /usr/bin/tar: ../../../../../usr/local/lib/android/sdk/platforms/android-34-ext11/data/res/values-mcc302-mnc370-ar: Cannot change mode to rwxr-xr-x: Operation not permitted
build	Cache Android SDK	2026-06-06T12:22:51.2457514Z /usr/bin/tar: ../../../../../usr/local/lib/android/sdk/platforms/android-34-ext11/data/res/values-mcc310-mnc250-lv: Cannot utime: Operation not permitted
build	Cache Android SDK	2026-06-06T12:22:51.2458609Z /usr/bin/tar: ../../../../../usr/local/lib/android/sdk/platforms/android-34-ext11/data/res/values-mcc310-mnc250-lv: Cannot change mode to rwxr-xr-x: Operation not permitted
build	Cache Android SDK	2026-06-06T12:22:51.2463062Z /usr/bin/tar: ../../../../../usr/local/lib/android/sdk/platforms/android-34-ext11/data/res/values-mcc310-mnc230-th: Cannot utime: Operation not permitted
build	Cache Android SDK	2026-06-06T12:22:51.2464213Z /usr/bin/tar: ../../../../../usr/local/lib/android/sdk/platforms/android-34-ext11/data/res/values-mcc310-mnc230-th: Cannot change mode to rwxr-xr-x: Operation not permitted
build	Cache Android SDK	2026-06-06T12:22:51.2466241Z /usr/bin/tar: ../../../../../usr/local/lib/android/sdk/platforms/android-34-ext11/data/res/values-mcc286: Cannot utime: Operation not permitted
build	Cache Android SDK	2026-06-06T12:22:51.2467263Z /usr/bin/tar: ../../../../../usr/local/lib/android/sdk/platforms/android-34-ext11/data/res/values-mcc286: Cannot change mode to rwxr-xr-x: Operation not permitted
build	Cache Android SDK	2026-06-06T12:22:51.2468991Z /usr/bin/tar: ../../../../../usr/local/lib/android/sdk/platforms/android-34-ext11/data/res/values-mcc310-mnc250-uz: Cannot utime: Operation not permitted
build	Cache Android SDK	2026-06-06T12:22:51.2469969Z /usr/bin/tar: ../../../../../usr/local/lib/android/sdk/platforms/android-34-ext11/data/res/values-mcc310-mnc250-uz: Cannot change mode to rwxr-xr-x: Operation not permitted
build	Cache Android SDK	2026-06-06T12:22:51.2472261Z /usr/bin/tar: ../../../../../usr/local/lib/android/sdk/platforms/android-34-ext11/data/res/values-mcc310-mnc240-eu: Cannot utime: Operation not permitted
build	Cache Android SDK	2026-06-06T12:22:51.2473397Z /usr/bin/tar: ../../../../../usr/local/lib/android/sdk/platforms/android-34-ext11/data/res/values-mcc310-mnc240-eu: Cannot change mode to rwxr-xr-x: Operation not permitted
build	Cache Android SDK	2026-06-06T12:22:51.2474885Z /usr/bin/tar: ../../../../../usr/local/lib/android/sdk/platforms/android-34-ext11/data/res/values-mcc310-mnc280-km: Cannot utime: Operation not permitted
build	Cache Android SDK	2026-06-06T12:22:51.2475981Z /usr/bin/tar: ../../../../../usr/local/lib/android/sdk/platforms/android-34-ext11/data/res/values-mcc310-mnc280-km: Cannot change mode to rwxr-xr-x: Operation not permitted
build	Cache Android SDK	2026-06-06T12:22:51.2477606Z /usr/bin/tar: ../../../../../usr/local/lib/android/sdk/platforms/android-34-ext11/data/res/values-mcc310-mnc150-et: Cannot utime: Operation not permitted
build	Cache Android SDK	2026-06-06T12:22:51.2478723Z /usr/bin/tar: ../../../../../usr/local/lib/android/sdk/platforms/android-34-ext11/data/res/values-mcc310-mnc150-et: Cannot change mode to rwxr-xr-x: Operation not permitted
build	Cache Android SDK	2026-06-06T12:22:51.2480174Z /usr/bin/tar: ../../../../../usr/local/lib/android/sdk/platforms/android-34-ext11/data/res/values-mcc310-mnc800-tl: Cannot utime: Operation not permitted
build	Cache Android SDK	2026-06-06T12:22:51.2481454Z /usr/bin/tar: ../../../../../usr/local/lib/android/sdk/platforms/android-34-ext11/data/res/values-mcc310-mnc800-tl: Cannot change mode to rwxr-xr-x: Operation not permitted
build	Cache Android SDK	2026-06-06T12:22:51.2482789Z /usr/bin/tar: ../../../../../usr/local/lib/android/sdk/platforms/android-34-ext11/data/res/values-mcc312-mnc670-bn: Cannot utime: Operation not permitted
build	Cache Android SDK	2026-06-06T12:22:51.2483807Z /usr/bin/tar: ../../../../../usr/local/lib/android/sdk/platforms/android-34-ext11/data/res/values-mcc312-mnc670-bn: Cannot change mode to rwxr-xr-x: Operation not permitted
build	Cache Android SDK	2026-06-06T12:22:51.2485271Z /usr/bin/tar: ../../../../../usr/local/lib/android/sdk/platforms/android-34-ext11/data/res/values-mcc234-mnc91: Cannot utime: Operation not permitted
build	Cache Android SDK	2026-06-06T12:22:51.2486363Z /usr/bin/tar: ../../../../../usr/local/lib/android/sdk/platforms/android-34-ext11/data/res/values-mcc234-mnc91: Cannot change mode to rwxr-xr-x: Operation not permitted
build	Cache Android SDK	2026-06-06T12:22:51.2488119Z /usr/bin/tar: ../../../../../usr/local/lib/android/sdk/platforms/android-34-ext11/data/res/values-mcc310-mnc210-hu: Cannot utime: Operation not permitted
build	Cache Android SDK	2026-06-06T12:22:51.2489154Z /usr/bin/tar: ../../../../../usr/local/lib/android/sdk/platforms/android-34-ext11/data/res/values-mcc310-mnc210-hu: Cannot change mode to rwxr-xr-x: Operation not permitted
build	Cache Android SDK	2026-06-06T12:22:51.2490597Z /usr/bin/tar: ../../../../../usr/local/lib/android/sdk/platforms/android-34-ext11/data/res/values-mcc310-mnc200-ne: Cannot utime: Operation not permitted
build	Cache Android SDK	2026-06-06T12:22:51.2491566Z /usr/bin/tar: ../../../../../usr/local/lib/android/sdk/platforms/android-34-ext11/data/res/values-mcc310-mnc200-ne: Cannot change mode to rwxr-xr-x: Operation not permitted
build	Cache Android SDK	2026-06-06T12:22:51.2494011Z /usr/bin/tar: ../../../../../usr/local/lib/android/sdk/platforms/android-34-ext11/data/res/values-mcc240-mnc05: Cannot utime: Operation not permitted
build	Cache Android SDK	2026-06-06T12:22:51.2495143Z /usr/bin/tar: ../../../../../usr/local/lib/android/sdk/platforms/android-34-ext11/data/res/values-mcc240-mnc05: Cannot change mode to rwxr-xr-x: Operation not permitted
build	Cache Android SDK	2026-06-06T12:22:51.2496903Z /usr/bin/tar: ../../../../../usr/local/lib/android/sdk/platforms/android-34-ext11/data/res/values-mcc312-mnc670-et: Cannot utime: Operation not permitted
build	Cache Android SDK	2026-06-06T12:22:51.2498100Z /usr/bin/tar: ../../../../../usr/local/lib/android/sdk/platforms/android-34-ext11/data/res/values-mcc312-mnc670-et: Cannot change mode to rwxr-xr-x: Operation not permitted
build	Cache Android SDK	2026-06-06T12:22:51.2499762Z /usr/bin/tar: ../../../../../usr/local/lib/android/sdk/platforms/android-34-ext11/data/res/values-mcc334-mnc020-bn: Cannot utime: Operation not permitted
build	Cache Android SDK	2026-06-06T12:22:51.2500850Z /usr/bin/tar: ../../../../../usr/local/lib/android/sdk/platforms/android-34-ext11/data/res/values-mcc334-mnc020-bn: Cannot change mode to rwxr-xr-x: Operation not permitted
build	Cache Android SDK	2026-06-06T12:22:51.2502548Z /usr/bin/tar: ../../../../../usr/local/lib/android/sdk/platforms/android-34-ext11/data/res/values-sw600dp-w960dp: Cannot utime: Operation not permitted
build	Cache Android SDK	2026-06-06T12:22:51.2503599Z /usr/bin/tar: ../../../../../usr/local/lib/android/sdk/platforms/android-34-ext11/data/res/values-sw600dp-w960dp: Cannot change mode to rwxr-xr-x: Operation not permitted
build	Cache Android SDK	2026-06-06T12:22:51.2505789Z /usr/bin/tar: ../../../../../usr/local/lib/android/sdk/platforms/android-34-ext11/data/res/values-mcc310-mnc660-is: Cannot utime: Operation not permitted
build	Cache Android SDK	2026-06-06T12:22:51.2506771Z /usr/bin/tar: ../../../../../usr/local/lib/android/sdk/platforms/android-34-ext11/data/res/values-mcc310-mnc660-is: Cannot change mode to rwxr-xr-x: Operation not permitted
build	Cache Android SDK	2026-06-06T12:22:51.2509277Z /usr/bin/tar: ../../../../../usr/local/lib/android/sdk/platforms/android-34-ext11/data/res/values-fr-rBE: Cannot utime: Operation not permitted
build	Cache Android SDK	2026-06-06T12:22:51.2512606Z /usr/bin/tar: ../../../../../usr/local/lib/android/sdk/platforms/android-34-ext11/data/res/values-fr-rBE: Cannot change mode to rwxr-xr-x: Operation not permitted
build	Cache Android SDK	2026-06-06T12:22:51.2513711Z /usr/bin/tar: ../../../../../usr/local/lib/android/sdk/platforms/android-34-ext11/data/res/values-mcc312-mnc670-es: Cannot utime: Operation not permitted
build	Cache Android SDK	2026-06-06T12:22:51.2515035Z /usr/bin/tar: ../../../../../usr/local/lib/android/sdk/platforms/android-34-ext11/data/res/values-mcc312-mnc670-es: Cannot change mode to rwxr-xr-x: Operation not permitted
build	Cache Android SDK	2026-06-06T12:22:51.2516243Z /usr/bin/tar: ../../../../../usr/local/lib/android/sdk/platforms/android-34-ext11/data/res/values-mcc310-mnc380-gu: Cannot utime: Operation not permitted
build	Cache Android SDK	2026-06-06T12:22:51.2517331Z /usr/bin/tar: ../../../../../usr/local/lib/android/sdk/platforms/android-34-ext11/data/res/values-mcc310-mnc380-gu: Cannot change mode to rwxr-xr-x: Operation not permitted
build	Cache Android SDK	2026-06-06T12:22:51.2518973Z /usr/bin/tar: ../../../../../usr/local/lib/android/sdk/platforms/android-34-ext11/data/res/values-mcc334-mnc020-uz: Cannot utime: Operation not permitted
build	Cache Android SDK	2026-06-06T12:22:51.2520019Z /usr/bin/tar: ../../../../../usr/local/lib/android/sdk/platforms/android-34-ext11/data/res/values-mcc334-mnc020-uz: Cannot change mode to rwxr-xr-x: Operation not permitted
build	Cache Android SDK	2026-06-06T12:22:51.2521537Z /usr/bin/tar: ../../../../../usr/local/lib/android/sdk/platforms/android-34-ext11/data/res/values-mcc302-mnc720-b+sr+Latn: Cannot utime: Operation not permitted
build	Cache Android SDK	2026-06-06T12:22:51.2522620Z /usr/bin/tar: ../../../../../usr/local/lib/android/sdk/platforms/android-34-ext11/data/res/values-mcc302-mnc720-b+sr+Latn: Cannot change mode to rwxr-xr-x: Operation not permitted
build	Cache Android SDK	2026-06-06T12:22:51.2528160Z /usr/bin/tar: ../../../../../usr/local/lib/android/sdk/platforms/android-34-ext11/data/res/values-af: Cannot utime: Operation not permitted
build	Cache Android SDK	2026-06-06T12:22:51.2529105Z /usr/bin/tar: ../../../../../usr/local/lib/android/sdk/platforms/android-34-ext11/data/res/values-af: Cannot change mode to rwxr-xr-x: Operation not permitted
build	Cache Android SDK	2026-06-06T12:22:51.2531067Z /usr/bin/tar: ../../../../../usr/local/lib/android/sdk/platforms/android-34-ext11/data/res/values-mcc334-mnc020-sk: Cannot utime: Operation not permitted
build	Cache Android SDK	2026-06-06T12:22:51.2532039Z /usr/bin/tar: ../../../../../usr/local/lib/android/sdk/platforms/android-34-ext11/data/res/values-mcc334-mnc020-sk: Cannot change mode to rwxr-xr-x: Operation not permitted
build	Cache Android SDK	2026-06-06T12:22:51.2534443Z /usr/bin/tar: ../../../../../usr/local/lib/android/sdk/platforms/android-34-ext11/data/res/values-mcc312-mnc670-de: Cannot utime: Operation not permitted
build	Cache Android SDK	2026-06-06T12:22:51.2535390Z /usr/bin/tar: ../../../../../usr/local/lib/android/sdk/platforms/android-34-ext11/data/res/values-mcc312-mnc670-de: Cannot change mode to rwxr-xr-x: Operation not permitted
build	Cache Android SDK	2026-06-06T12:22:51.2538087Z /usr/bin/tar: ../../../../../usr/local/lib/android/sdk/platforms/android-34-ext11/data/res/values-mcc310-mnc950-iw: Cannot utime: Operation not permitted
build	Cache Android SDK	2026-06-06T12:22:51.2539051Z /usr/bin/tar: ../../../../../usr/local/lib/android/sdk/platforms/android-34-ext11/data/res/values-mcc310-mnc950-iw: Cannot change mode to rwxr-xr-x: Operation not permitted
build	Cache Android SDK	2026-06-06T12:22:51.2541411Z /usr/bin/tar: ../../../../../usr/local/lib/android/sdk/platforms/android-34-ext11/data/res/values-mcc302-mnc370-de: Cannot utime: Operation not permitted
build	Cache Android SDK	2026-06-06T12:22:51.2542374Z /usr/bin/tar: ../../../../../usr/local/lib/android/sdk/platforms/android-34-ext11/data/res/values-mcc302-mnc370-de: Cannot change mode to rwxr-xr-x: Operation not permitted
build	Cache Android SDK	2026-06-06T12:22:51.2544612Z /usr/bin/tar: ../../../../../usr/local/lib/android/sdk/platforms/android-34-ext11/data/res/values-mcc310-mnc310-be: Cannot utime: Operation not permitted
build	Cache Android SDK	2026-06-06T12:22:51.2545571Z /usr/bin/tar: ../../../../../usr/local/lib/android/sdk/platforms/android-34-ext11/data/res/values-mcc310-mnc310-be: Cannot change mode to rwxr-xr-x: Operation not permitted
build	Cache Android SDK	2026-06-06T12:22:51.2547882Z /usr/bin/tar: ../../../../../usr/local/lib/android/sdk/platforms/android-34-ext11/data/res/values-da-watch: Cannot utime: Operation not permitted
build	Cache Android SDK	2026-06-06T12:22:51.2548810Z /usr/bin/tar: ../../../../../usr/local/lib/android/sdk/platforms/android-34-ext11/data/res/values-da-watch: Cannot change mode to rwxr-xr-x: Operation not permitted
build	Cache Android SDK	2026-06-06T12:22:51.2550858Z /usr/bin/tar: ../../../../../usr/local/lib/android/sdk/platforms/android-34-ext11/data/res/values-mcc312-mnc670-fr-rCA: Cannot utime: Operation not permitted
build	Cache Android SDK	2026-06-06T12:22:51.2551848Z /usr/bin/tar: ../../../../../usr/local/lib/android/sdk/platforms/android-34-ext11/data/res/values-mcc312-mnc670-fr-rCA: Cannot change mode to rwxr-xr-x: Operation not permitted
build	Cache Android SDK	2026-06-06T12:22:51.2553952Z /usr/bin/tar: ../../../../../usr/local/lib/android/sdk/platforms/android-34-ext11/data/res/values-mcc310-mnc410-lt: Cannot utime: Operation not permitted
build	Cache Android SDK	2026-06-06T12:22:51.2554898Z /usr/bin/tar: ../../../../../usr/local/lib/android/sdk/platforms/android-34-ext11/data/res/values-mcc310-mnc410-lt: Cannot change mode to rwxr-xr-x: Operation not permitted
build	Cache Android SDK	2026-06-06T12:22:51.2557056Z /usr/bin/tar: ../../../../../usr/local/lib/android/sdk/platforms/android-34-ext11/data/res/values-mcc311-mnc180-am: Cannot utime: Operation not permitted
build	Cache Android SDK	2026-06-06T12:22:51.2558205Z /usr/bin/tar: ../../../../../usr/local/lib/android/sdk/platforms/android-34-ext11/data/res/values-mcc311-mnc180-am: Cannot change mode to rwxr-xr-x: Operation not permitted
build	Cache Android SDK	2026-06-06T12:22:51.2560371Z /usr/bin/tar: ../../../../../usr/local/lib/android/sdk/platforms/android-34-ext11/data/res/values-mcc310-mnc410-pt-rBR: Cannot utime: Operation not permitted
build	Cache Android SDK	2026-06-06T12:22:51.2561385Z /usr/bin/tar: ../../../../../usr/local/lib/android/sdk/platforms/android-34-ext11/data/res/values-mcc310-mnc410-pt-rBR: Cannot change mode to rwxr-xr-x: Operation not permitted
build	Cache Android SDK	2026-06-06T12:22:51.2563615Z /usr/bin/tar: ../../../../../usr/local/lib/android/sdk/platforms/android-34-ext11/data/res/layout-television: Cannot utime: Operation not permitted
build	Cache Android SDK	2026-06-06T12:22:51.2564639Z /usr/bin/tar: ../../../../../usr/local/lib/android/sdk/platforms/android-34-ext11/data/res/layout-television: Cannot change mode to rwxr-xr-x: Operation not permitted
build	Cache Android SDK	2026-06-06T12:22:51.2566840Z /usr/bin/tar: ../../../../../usr/local/lib/android/sdk/platforms/android-34-ext11/data/res/values-mcc001-mnc01-hy: Cannot utime: Operation not permitted
build	Cache Android SDK	2026-06-06T12:22:51.2567895Z /usr/bin/tar: ../../../../../usr/local/lib/android/sdk/platforms/android-34-ext11/data/res/values-mcc001-mnc01-hy: Cannot change mode to rwxr-xr-x: Operation not permitted
build	Cache Android SDK	2026-06-06T12:22:51.2569879Z /usr/bin/tar: ../../../../../usr/local/lib/android/sdk/platforms/android-34-ext11/data/res/values-mcc310-mnc800-fa: Cannot utime: Operation not permitted
build	Cache Android SDK	2026-06-06T12:22:51.2570834Z /usr/bin/tar: ../../../../../usr/local/lib/android/sdk/platforms/android-34-ext11/data/res/values-mcc310-mnc800-fa: Cannot change mode to rwxr-xr-x: Operation not permitted
build	Cache Android SDK	2026-06-06T12:22:51.2572846Z /usr/bin/tar: ../../../../../usr/local/lib/android/sdk/platforms/android-34-ext11/data/res/values-mcc310-mnc220-ru: Cannot utime: Operation not permitted
build	Cache Android SDK	2026-06-06T12:22:51.2573878Z /usr/bin/tar: ../../../../../usr/local/lib/android/sdk/platforms/android-34-ext11/data/res/values-mcc310-mnc220-ru: Cannot change mode to rwxr-xr-x: Operation not permitted
build	Cache Android SDK	2026-06-06T12:22:51.2575983Z /usr/bin/tar: ../../../../../usr/local/lib/android/sdk/platforms/android-34-ext11/data/res/values-mcc302-mnc370-as: Cannot utime: Operation not permitted
build	Cache Android SDK	2026-06-06T12:22:51.2584507Z /usr/bin/tar: ../../../../../usr/local/lib/android/sdk/platforms/android-34-ext11/data/res/values-mcc302-mnc370-as: Cannot change mode to rwxr-xr-x: Operation not permitted
build	Cache Android SDK	2026-06-06T12:22:51.2585674Z /usr/bin/tar: ../../../../../usr/local/lib/android/sdk/platforms/android-34-ext11/data/res/values-my: Cannot utime: Operation not permitted
build	Cache Android SDK	2026-06-06T12:22:51.2586788Z /usr/bin/tar: ../../../../../usr/local/lib/android/sdk/platforms/android-34-ext11/data/res/values-my: Cannot change mode to rwxr-xr-x: Operation not permitted
build	Cache Android SDK	2026-06-06T12:22:51.2588340Z /usr/bin/tar: ../../../../../usr/local/lib/android/sdk/platforms/android-34-ext11/data/res/values-h480dp: Cannot utime: Operation not permitted
build	Cache Android SDK	2026-06-06T12:22:51.2589380Z /usr/bin/tar: ../../../../../usr/local/lib/android/sdk/platforms/android-34-ext11/data/res/values-h480dp: Cannot change mode to rwxr-xr-x: Operation not permitted
build	Cache Android SDK	2026-06-06T12:22:51.2590720Z /usr/bin/tar: ../../../../../usr/local/lib/android/sdk/platforms/android-34-ext11/data/res/values-mcc310-mnc150-km: Cannot utime: Operation not permitted
build	Cache Android SDK	2026-06-06T12:22:51.2591683Z /usr/bin/tar: ../../../../../usr/local/lib/android/sdk/platforms/android-34-ext11/data/res/values-mcc310-mnc150-km: Cannot change mode to rwxr-xr-x: Operation not permitted
build	Cache Android SDK	2026-06-06T12:22:51.2593569Z /usr/bin/tar: ../../../../../usr/local/lib/android/sdk/platforms/android-34-ext11/data/res/values-mcc310-mnc410-in: Cannot utime: Operation not permitted
build	Cache Android SDK	2026-06-06T12:22:51.2594598Z /usr/bin/tar: ../../../../../usr/local/lib/android/sdk/platforms/android-34-ext11/data/res/values-mcc310-mnc410-in: Cannot change mode to rwxr-xr-x: Operation not permitted
build	Cache Android SDK	2026-06-06T12:22:51.2597054Z /usr/bin/tar: ../../../../../usr/local/lib/android/sdk/platforms/android-34-ext11/data/res/values-mcc310-mnc950: Cannot utime: Operation not permitted
build	Cache Android SDK	2026-06-06T12:22:51.2598352Z /usr/bin/tar: ../../../../../usr/local/lib/android/sdk/platforms/android-34-ext11/data/res/values-mcc310-mnc950: Cannot change mode to rwxr-xr-x: Operation not permitted
build	Cache Android SDK	2026-06-06T12:22:51.2599898Z /usr/bin/tar: ../../../../../usr/local/lib/android/sdk/platforms/android-34-ext11/data/res/values-mcc310-mnc220-mn: Cannot utime: Operation not permitted
build	Cache Android SDK	2026-06-06T12:22:51.2600855Z /usr/bin/tar: ../../../../../usr/local/lib/android/sdk/platforms/android-34-ext11/data/res/values-mcc310-mnc220-mn: Cannot change mode to rwxr-xr-x: Operation not permitted
build	Cache Android SDK	2026-06-06T12:22:51.2602790Z /usr/bin/tar: ../../../../../usr/local/lib/android/sdk/platforms/android-34-ext11/data/res/values-mcc310-mnc950-ml: Cannot utime: Operation not permitted
build	Cache Android SDK	2026-06-06T12:22:51.2603860Z /usr/bin/tar: ../../../../../usr/local/lib/android/sdk/platforms/android-34-ext11/data/res/values-mcc310-mnc950-ml: Cannot change mode to rwxr-xr-x: Operation not permitted
build	Cache Android SDK	2026-06-06T12:22:51.2606408Z /usr/bin/tar: ../../../../../usr/local/lib/android/sdk/platforms/android-34-ext11/data/res/interpolator-watch: Cannot utime: Operation not permitted
build	Cache Android SDK	2026-06-06T12:22:51.2607523Z /usr/bin/tar: ../../../../../usr/local/lib/android/sdk/platforms/android-34-ext11/data/res/interpolator-watch: Cannot change mode to rwxr-xr-x: Operation not permitted
build	Cache Android SDK	2026-06-06T12:22:51.2612587Z /usr/bin/tar: ../../../../../usr/local/lib/android/sdk/platforms/android-34-ext11/data/res/values-lt: Cannot utime: Operation not permitted
build	Cache Android SDK	2026-06-06T12:22:51.2613462Z /usr/bin/tar: ../../../../../usr/local/lib/android/sdk/platforms/android-34-ext11/data/res/values-lt: Cannot change mode to rwxr-xr-x: Operation not permitted
build	Cache Android SDK	2026-06-06T12:22:51.2615957Z /usr/bin/tar: ../../../../../usr/local/lib/android/sdk/platforms/android-34-ext11/data/res/values-mcc310-mnc270-zu: Cannot utime: Operation not permitted
build	Cache Android SDK	2026-06-06T12:22:51.2617035Z /usr/bin/tar: ../../../../../usr/local/lib/android/sdk/platforms/android-34-ext11/data/res/values-mcc310-mnc270-zu: Cannot change mode to rwxr-xr-x: Operation not permitted
build	Cache Android SDK	2026-06-06T12:22:51.2618798Z /usr/bin/tar: ../../../../../usr/local/lib/android/sdk/platforms/android-34-ext11/data/res/values-sr-television: Cannot utime: Operation not permitted
build	Cache Android SDK	2026-06-06T12:22:51.2619746Z /usr/bin/tar: ../../../../../usr/local/lib/android/sdk/platforms/android-34-ext11/data/res/values-sr-television: Cannot change mode to rwxr-xr-x: Operation not permitted
build	Cache Android SDK	2026-06-06T12:22:51.2621530Z /usr/bin/tar: ../../../../../usr/local/lib/android/sdk/platforms/android-34-ext11/data/res/values-mcc312-mnc670-pt-rPT: Cannot utime: Operation not permitted
build	Cache Android SDK	2026-06-06T12:22:51.2622523Z /usr/bin/tar: ../../../../../usr/local/lib/android/sdk/platforms/android-34-ext11/data/res/values-mcc312-mnc670-pt-rPT: Cannot change mode to rwxr-xr-x: Operation not permitted
build	Cache Android SDK	2026-06-06T12:22:51.2624462Z /usr/bin/tar: ../../../../../usr/local/lib/android/sdk/platforms/android-34-ext11/data/res/values-bg-rBG: Cannot utime: Operation not permitted
build	Cache Android SDK	2026-06-06T12:22:51.2625442Z /usr/bin/tar: ../../../../../usr/local/lib/android/sdk/platforms/android-34-ext11/data/res/values-bg-rBG: Cannot change mode to rwxr-xr-x: Operation not permitted
build	Cache Android SDK	2026-06-06T12:22:51.2627439Z /usr/bin/tar: ../../../../../usr/local/lib/android/sdk/platforms/android-34-ext11/data/res/values-mcc310-mnc270-ko: Cannot utime: Operation not permitted
build	Cache Android SDK	2026-06-06T12:22:51.2630503Z /usr/bin/tar: ../../../../../usr/local/lib/android/sdk/platforms/android-34-ext11/data/res/values-mcc310-mnc270-ko: Cannot change mode to rwxr-xr-x: Operation not permitted
build	Cache Android SDK	2026-06-06T12:22:51.2631465Z /usr/bin/tar: ../../../../../usr/local/lib/android/sdk/platforms/android-34-ext11/data/res/values-mcc334-mnc020-nb: Cannot utime: Operation not permitted
build	Cache Android SDK	2026-06-06T12:22:51.2632498Z /usr/bin/tar: ../../../../../usr/local/lib/android/sdk/platforms/android-34-ext11/data/res/values-mcc334-mnc020-nb: Cannot change mode to rwxr-xr-x: Operation not permitted
build	Cache Android SDK	2026-06-06T12:22:51.2633642Z /usr/bin/tar: ../../../../../usr/local/lib/android/sdk/platforms/android-34-ext11/data/res/values-mcc310-mnc150-en-rGB: Cannot utime: Operation not permitted
build	Cache Android SDK	2026-06-06T12:22:51.2634626Z /usr/bin/tar: ../../../../../usr/local/lib/android/sdk/platforms/android-34-ext11/data/res/values-mcc310-mnc150-en-rGB: Cannot change mode to rwxr-xr-x: Operation not permitted
build	Cache Android SDK	2026-06-06T12:22:51.2636079Z /usr/bin/tar: ../../../../../usr/local/lib/android/sdk/platforms/android-34-ext11/data/res/values-mcc310-mnc380-en-rIN: Cannot utime: Operation not permitted
build	Cache Android SDK	2026-06-06T12:22:51.2637064Z /usr/bin/tar: ../../../../../usr/local/lib/android/sdk/platforms/android-34-ext11/data/res/values-mcc310-mnc380-en-rIN: Cannot change mode to rwxr-xr-x: Operation not permitted
build	Cache Android SDK	2026-06-06T12:22:51.2639175Z /usr/bin/tar: ../../../../../usr/local/lib/android/sdk/platforms/android-34-ext11/data/res/values-mcc310-mnc490-en-rAU: Cannot utime: Operation not permitted
build	Cache Android SDK	2026-06-06T12:22:51.2640171Z /usr/bin/tar: ../../../../../usr/local/lib/android/sdk/platforms/android-34-ext11/data/res/values-mcc310-mnc490-en-rAU: Cannot change mode to rwxr-xr-x: Operation not permitted
build	Cache Android SDK	2026-06-06T12:22:51.2641982Z /usr/bin/tar: ../../../../../usr/local/lib/android/sdk/platforms/android-34-ext11/data/res/values-mcc310-mnc380-vi: Cannot utime: Operation not permitted
build	Cache Android SDK	2026-06-06T12:22:51.2642929Z /usr/bin/tar: ../../../../../usr/local/lib/android/sdk/platforms/android-34-ext11/data/res/values-mcc310-mnc380-vi: Cannot change mode to rwxr-xr-x: Operation not permitted
build	Cache Android SDK	2026-06-06T12:22:51.2645698Z /usr/bin/tar: ../../../../../usr/local/lib/android/sdk/platforms/android-34-ext11/data/res/values-mcc310-mnc220-km: Cannot utime: Operation not permitted
build	Cache Android SDK	2026-06-06T12:22:51.2646647Z /usr/bin/tar: ../../../../../usr/local/lib/android/sdk/platforms/android-34-ext11/data/res/values-mcc310-mnc220-km: Cannot change mode to rwxr-xr-x: Operation not permitted
build	Cache Android SDK	2026-06-06T12:22:51.2648304Z /usr/bin/tar: ../../../../../usr/local/lib/android/sdk/platforms/android-34-ext11/data/res/values-mcc311-mnc180-b+sr+Latn: Cannot utime: Operation not permitted
build	Cache Android SDK	2026-06-06T12:22:51.2649318Z /usr/bin/tar: ../../../../../usr/local/lib/android/sdk/platforms/android-34-ext11/data/res/values-mcc311-mnc180-b+sr+Latn: Cannot change mode to rwxr-xr-x: Operation not permitted
build	Cache Android SDK	2026-06-06T12:22:51.2651627Z /usr/bin/tar: ../../../../../usr/local/lib/android/sdk/platforms/android-34-ext11/data/res/values-mcc313-mnc100-tr: Cannot utime: Operation not permitted
build	Cache Android SDK	2026-06-06T12:22:51.2652099Z /usr/bin/tar: ../../../../../usr/local/lib/android/sdk/platforms/android-34-ext11/data/res/values-mcc313-mnc100-tr: Cannot change mode to rwxr-xr-x: Operation not permitted
build	Cache Android SDK	2026-06-06T12:22:51.2654759Z /usr/bin/tar: ../../../../../usr/local/lib/android/sdk/platforms/android-34-ext11/data/res/values-mcc234-mnc15: Cannot utime: Operation not permitted
build	Cache Android SDK	2026-06-06T12:22:51.2655658Z /usr/bin/tar: ../../../../../usr/local/lib/android/sdk/platforms/android-34-ext11/data/res/values-mcc234-mnc15: Cannot change mode to rwxr-xr-x: Operation not permitted
build	Cache Android SDK	2026-06-06T12:22:51.2656863Z /usr/bin/tar: ../../../../../usr/local/lib/android/sdk/platforms/android-34-ext11/data/res/values-or-watch: Cannot utime: Operation not permitted
build	Cache Android SDK	2026-06-06T12:22:51.2657650Z /usr/bin/tar: ../../../../../usr/local/lib/android/sdk/platforms/android-34-ext11/data/res/values-or-watch: Cannot change mode to rwxr-xr-x: Operation not permitted
build	Cache Android SDK	2026-06-06T12:22:51.2660481Z /usr/bin/tar: ../../../../../usr/local/lib/android/sdk/platforms/android-34-ext11/data/res/values-mcc262: Cannot utime: Operation not permitted
build	Cache Android SDK	2026-06-06T12:22:51.2660930Z /usr/bin/tar: ../../../../../usr/local/lib/android/sdk/platforms/android-34-ext11/data/res/values-mcc262: Cannot change mode to rwxr-xr-x: Operation not permitted
build	Cache Android SDK	2026-06-06T12:22:51.2663832Z /usr/bin/tar: ../../../../../usr/local/lib/android/sdk/platforms/android-34-ext11/data/res/values-mcc310-mnc160-lt: Cannot utime: Operation not permitted
build	Cache Android SDK	2026-06-06T12:22:51.2664373Z /usr/bin/tar: ../../../../../usr/local/lib/android/sdk/platforms/android-34-ext11/data/res/values-mcc310-mnc160-lt: Cannot change mode to rwxr-xr-x: Operation not permitted
build	Cache Android SDK	2026-06-06T12:22:51.2666826Z /usr/bin/tar: ../../../../../usr/local/lib/android/sdk/platforms/android-34-ext11/data/res/values-mcc310-mnc280-gu: Cannot utime: Operation not permitted
build	Cache Android SDK	2026-06-06T12:22:51.2667309Z /usr/bin/tar: ../../../../../usr/local/lib/android/sdk/platforms/android-34-ext11/data/res/values-mcc310-mnc280-gu: Cannot change mode to rwxr-xr-x: Operation not permitted
build	Cache Android SDK	2026-06-06T12:22:51.2670109Z /usr/bin/tar: ../../../../../usr/local/lib/android/sdk/platforms/android-34-ext11/data/res/values-mcc310-mnc030-sq: Cannot utime: Operation not permitted
build	Cache Android SDK	2026-06-06T12:22:51.2670594Z /usr/bin/tar: ../../../../../usr/local/lib/android/sdk/platforms/android-34-ext11/data/res/values-mcc310-mnc030-sq: Cannot change mode to rwxr-xr-x: Operation not permitted
build	Cache Android SDK	2026-06-06T12:22:51.2673212Z /usr/bin/tar: ../../../../../usr/local/lib/android/sdk/platforms/android-34-ext11/data/res/values-mcc310-mnc240-pt: Cannot utime: Operation not permitted
build	Cache Android SDK	2026-06-06T12:22:51.2673692Z /usr/bin/tar: ../../../../../usr/local/lib/android/sdk/platforms/android-34-ext11/data/res/values-mcc310-mnc240-pt: Cannot change mode to rwxr-xr-x: Operation not permitted
build	Cache Android SDK	2026-06-06T12:22:51.2676532Z /usr/bin/tar: ../../../../../usr/local/lib/android/sdk/platforms/android-34-ext11/data/res/values-mcc302-mnc370-es-rUS: Cannot utime: Operation not permitted
build	Cache Android SDK	2026-06-06T12:22:51.2677023Z /usr/bin/tar: ../../../../../usr/local/lib/android/sdk/platforms/android-34-ext11/data/res/values-mcc302-mnc370-es-rUS: Cannot change mode to rwxr-xr-x: Operation not permitted
build	Cache Android SDK	2026-06-06T12:22:51.2679779Z /usr/bin/tar: ../../../../../usr/local/lib/android/sdk/platforms/android-34-ext11/data/res/values-nl-watch: Cannot utime: Operation not permitted
build	Cache Android SDK	2026-06-06T12:22:51.2680347Z /usr/bin/tar: ../../../../../usr/local/lib/android/sdk/platforms/android-34-ext11/data/res/values-nl-watch: Cannot change mode to rwxr-xr-x: Operation not permitted
build	Cache Android SDK	2026-06-06T12:22:51.2686349Z /usr/bin/tar: ../../../../../usr/local/lib/android/sdk/platforms/android-34-ext11/data/res/values-cs: Cannot utime: Operation not permitted
build	Cache Android SDK	2026-06-06T12:22:51.2686785Z /usr/bin/tar: ../../../../../usr/local/lib/android/sdk/platforms/android-34-ext11/data/res/values-cs: Cannot change mode to rwxr-xr-x: Operation not permitted
build	Cache Android SDK	2026-06-06T12:22:51.2689338Z /usr/bin/tar: ../../../../../usr/local/lib/android/sdk/platforms/android-34-ext11/data/res/values-mcc311-mnc180-eu: Cannot utime: Operation not permitted
build	Cache Android SDK	2026-06-06T12:22:51.2689814Z /usr/bin/tar: ../../../../../usr/local/lib/android/sdk/platforms/android-34-ext11/data/res/values-mcc311-mnc180-eu: Cannot change mode to rwxr-xr-x: Operation not permitted
build	Cache Android SDK	2026-06-06T12:22:51.2692388Z /usr/bin/tar: ../../../../../usr/local/lib/android/sdk/platforms/android-34-ext11/data/res/values-mcc310-mnc210-km: Cannot utime: Operation not permitted
build	Cache Android SDK	2026-06-06T12:22:51.2692874Z /usr/bin/tar: ../../../../../usr/local/lib/android/sdk/platforms/android-34-ext11/data/res/values-mcc310-mnc210-km: Cannot change mode to rwxr-xr-x: Operation not permitted
build	Cache Android SDK	2026-06-06T12:22:51.2695044Z /usr/bin/tar: ../../../../../usr/local/lib/android/sdk/platforms/android-34-ext11/data/res/values-mcc313-mnc100-ja: Cannot utime: Operation not permitted
build	Cache Android SDK	2026-06-06T12:22:51.2695508Z /usr/bin/tar: ../../../../../usr/local/lib/android/sdk/platforms/android-34-ext11/data/res/values-mcc313-mnc100-ja: Cannot change mode to rwxr-xr-x: Operation not permitted
build	Cache Android SDK	2026-06-06T12:22:51.2698144Z /usr/bin/tar: ../../../../../usr/local/lib/android/sdk/platforms/android-34-ext11/data/res/values-mcc334-mnc020-sw: Cannot utime: Operation not permitted
build	Cache Android SDK	2026-06-06T12:22:51.2698637Z /usr/bin/tar: ../../../../../usr/local/lib/android/sdk/platforms/android-34-ext11/data/res/values-mcc334-mnc020-sw: Cannot change mode to rwxr-xr-x: Operation not permitted
build	Cache Android SDK	2026-06-06T12:22:51.2701489Z /usr/bin/tar: ../../../../../usr/local/lib/android/sdk/platforms/android-34-ext11/data/res/values-mcc310-mnc200-ta: Cannot utime: Operation not permitted
build	Cache Android SDK	2026-06-06T12:22:51.2702172Z /usr/bin/tar: ../../../../../usr/local/lib/android/sdk/platforms/android-34-ext11/data/res/values-mcc310-mnc200-ta: Cannot change mode to rwxr-xr-x: Operation not permitted
build	Cache Android SDK	2026-06-06T12:22:51.2704184Z /usr/bin/tar: ../../../../../usr/local/lib/android/sdk/platforms/android-34-ext11/data/res/values-mcc310-mnc800-kn: Cannot utime: Operation not permitted
build	Cache Android SDK	2026-06-06T12:22:51.2704687Z /usr/bin/tar: ../../../../../usr/local/lib/android/sdk/platforms/android-34-ext11/data/res/values-mcc310-mnc800-kn: Cannot change mode to rwxr-xr-x: Operation not permitted
build	Cache Android SDK	2026-06-06T12:22:51.2707799Z /usr/bin/tar: ../../../../../usr/local/lib/android/sdk/platforms/android-34-ext11/data/res/values-mcc310-mnc800: Cannot utime: Operation not permitted
build	Cache Android SDK	2026-06-06T12:22:51.2708740Z /usr/bin/tar: ../../../../../usr/local/lib/android/sdk/platforms/android-34-ext11/data/res/values-mcc310-mnc800: Cannot change mode to rwxr-xr-x: Operation not permitted
build	Cache Android SDK	2026-06-06T12:22:51.2712684Z /usr/bin/tar: ../../../../../usr/local/lib/android/sdk/platforms/android-34-ext11/data/res/values-mcc310-mnc410-en-rXC: Cannot utime: Operation not permitted
build	Cache Android SDK	2026-06-06T12:22:51.2713183Z /usr/bin/tar: ../../../../../usr/local/lib/android/sdk/platforms/android-34-ext11/data/res/values-mcc310-mnc410-en-rXC: Cannot change mode to rwxr-xr-x: Operation not permitted
build	Cache Android SDK	2026-06-06T12:22:51.2716102Z /usr/bin/tar: ../../../../../usr/local/lib/android/sdk/platforms/android-34-ext11/data/res/values-mcc310-mnc220-bn: Cannot utime: Operation not permitted
build	Cache Android SDK	2026-06-06T12:22:51.2716601Z /usr/bin/tar: ../../../../../usr/local/lib/android/sdk/platforms/android-34-ext11/data/res/values-mcc310-mnc220-bn: Cannot change mode to rwxr-xr-x: Operation not permitted
build	Cache Android SDK	2026-06-06T12:22:51.2719262Z /usr/bin/tar: ../../../../../usr/local/lib/android/sdk/platforms/android-34-ext11/data/res/values-mcc310-mnc490-ca: Cannot utime: Operation not permitted
build	Cache Android SDK	2026-06-06T12:22:51.2719865Z /usr/bin/tar: ../../../../../usr/local/lib/android/sdk/platforms/android-34-ext11/data/res/values-mcc310-mnc490-ca: Cannot change mode to rwxr-xr-x: Operation not permitted
build	Cache Android SDK	2026-06-06T12:22:51.2723131Z /usr/bin/tar: ../../../../../usr/local/lib/android/sdk/platforms/android-34-ext11/data/res/values-en-rAU-watch: Cannot utime: Operation not permitted
build	Cache Android SDK	2026-06-06T12:22:51.2723678Z /usr/bin/tar: ../../../../../usr/local/lib/android/sdk/platforms/android-34-ext11/data/res/values-en-rAU-watch: Cannot change mode to rwxr-xr-x: Operation not permitted
build	Cache Android SDK	2026-06-06T12:22:51.2726191Z /usr/bin/tar: ../../../../../usr/local/lib/android/sdk/platforms/android-34-ext11/data/res/values-mcc310-mnc220-et: Cannot utime: Operation not permitted
build	Cache Android SDK	2026-06-06T12:22:51.2726711Z /usr/bin/tar: ../../../../../usr/local/lib/android/sdk/platforms/android-34-ext11/data/res/values-mcc310-mnc220-et: Cannot change mode to rwxr-xr-x: Operation not permitted
build	Cache Android SDK	2026-06-06T12:22:51.2729741Z /usr/bin/tar: ../../../../../usr/local/lib/android/sdk/platforms/android-34-ext11/data/res/values-w195dp: Cannot utime: Operation not permitted
build	Cache Android SDK	2026-06-06T12:22:51.2730353Z /usr/bin/tar: ../../../../../usr/local/lib/android/sdk/platforms/android-34-ext11/data/res/values-w195dp: Cannot change mode to rwxr-xr-x: Operation not permitted
build	Cache Android SDK	2026-06-06T12:22:51.2732527Z /usr/bin/tar: ../../../../../usr/local/lib/android/sdk/platforms/android-34-ext11/data/res/values-mcc310-mnc410-is: Cannot utime: Operation not permitted
build	Cache Android SDK	2026-06-06T12:22:51.2733005Z /usr/bin/tar: ../../../../../usr/local/lib/android/sdk/platforms/android-34-ext11/data/res/values-mcc310-mnc410-is: Cannot change mode to rwxr-xr-x: Operation not permitted
build	Cache Android SDK	2026-06-06T12:22:51.2735135Z /usr/bin/tar: ../../../../../usr/local/lib/android/sdk/platforms/android-34-ext11/data/res/values-mcc302-mnc370-vi: Cannot utime: Operation not permitted
build	Cache Android SDK	2026-06-06T12:22:51.2735768Z /usr/bin/tar: ../../../../../usr/local/lib/android/sdk/platforms/android-34-ext11/data/res/values-mcc302-mnc370-vi: Cannot change mode to rwxr-xr-x: Operation not permitted
build	Cache Android SDK	2026-06-06T12:22:51.2738890Z /usr/bin/tar: ../../../../../usr/local/lib/android/sdk/platforms/android-34-ext11/data/res/values-w426dp-h320dp: Cannot utime: Operation not permitted
build	Cache Android SDK	2026-06-06T12:22:51.2739369Z /usr/bin/tar: ../../../../../usr/local/lib/android/sdk/platforms/android-34-ext11/data/res/values-w426dp-h320dp: Cannot change mode to rwxr-xr-x: Operation not permitted
build	Cache Android SDK	2026-06-06T12:22:51.2741880Z /usr/bin/tar: ../../../../../usr/local/lib/android/sdk/platforms/android-34-ext11/data/res/values-mcc310-mnc200-iw: Cannot utime: Operation not permitted
build	Cache Android SDK	2026-06-06T12:22:51.2742363Z /usr/bin/tar: ../../../../../usr/local/lib/android/sdk/platforms/android-34-ext11/data/res/values-mcc310-mnc200-iw: Cannot change mode to rwxr-xr-x: Operation not permitted
build	Cache Android SDK	2026-06-06T12:22:51.2745415Z /usr/bin/tar: ../../../../../usr/local/lib/android/sdk/platforms/android-34-ext11/data/res/values-mcc001-mnc01-sl: Cannot utime: Operation not permitted
build	Cache Android SDK	2026-06-06T12:22:51.2746017Z /usr/bin/tar: ../../../../../usr/local/lib/android/sdk/platforms/android-34-ext11/data/res/values-mcc001-mnc01-sl: Cannot change mode to rwxr-xr-x: Operation not permitted
build	Cache Android SDK	2026-06-06T12:22:51.2748019Z /usr/bin/tar: ../../../../../usr/local/lib/android/sdk/platforms/android-34-ext11/data/res/values-mcc313-mnc100-ro: Cannot utime: Operation not permitted
build	Cache Android SDK	2026-06-06T12:22:51.2748502Z /usr/bin/tar: ../../../../../usr/local/lib/android/sdk/platforms/android-34-ext11/data/res/values-mcc313-mnc100-ro: Cannot change mode to rwxr-xr-x: Operation not permitted
build	Cache Android SDK	2026-06-06T12:22:51.2751392Z /usr/bin/tar: ../../../../../usr/local/lib/android/sdk/platforms/android-34-ext11/data/res/values-mcc001-mnc01-en-rGB: Cannot utime: Operation not permitted
build	Cache Android SDK	2026-06-06T12:22:51.2751878Z /usr/bin/tar: ../../../../../usr/local/lib/android/sdk/platforms/android-34-ext11/data/res/values-mcc001-mnc01-en-rGB: Cannot change mode to rwxr-xr-x: Operation not permitted
build	Cache Android SDK	2026-06-06T12:22:51.2754686Z /usr/bin/tar: ../../../../../usr/local/lib/android/sdk/platforms/android-34-ext11/data/res/values-mcc310-mnc230-et: Cannot utime: Operation not permitted
build	Cache Android SDK	2026-06-06T12:22:51.2755172Z /usr/bin/tar: ../../../../../usr/local/lib/android/sdk/platforms/android-34-ext11/data/res/values-mcc310-mnc230-et: Cannot change mode to rwxr-xr-x: Operation not permitted
build	Cache Android SDK	2026-06-06T12:22:51.2757822Z /usr/bin/tar: ../../../../../usr/local/lib/android/sdk/platforms/android-34-ext11/data/res/values-mcc313-mnc100-ko: Cannot utime: Operation not permitted
build	Cache Android SDK	2026-06-06T12:22:51.2758303Z /usr/bin/tar: ../../../../../usr/local/lib/android/sdk/platforms/android-34-ext11/data/res/values-mcc313-mnc100-ko: Cannot change mode to rwxr-xr-x: Operation not permitted
build	Cache Android SDK	2026-06-06T12:22:51.2760823Z /usr/bin/tar: ../../../../../usr/local/lib/android/sdk/platforms/android-34-ext11/data/res/values-mcc310-mnc380-fr: Cannot utime: Operation not permitted
build	Cache Android SDK	2026-06-06T12:22:51.2761375Z /usr/bin/tar: ../../../../../usr/local/lib/android/sdk/platforms/android-34-ext11/data/res/values-mcc310-mnc380-fr: Cannot change mode to rwxr-xr-x: Operation not permitted
build	Cache Android SDK	2026-06-06T12:22:51.2763788Z /usr/bin/tar: ../../../../../usr/local/lib/android/sdk/platforms/android-34-ext11/data/res/values-mcc310-mnc250-bn: Cannot utime: Operation not permitted
build	Cache Android SDK	2026-06-06T12:22:51.2764312Z /usr/bin/tar: ../../../../../usr/local/lib/android/sdk/platforms/android-34-ext11/data/res/values-mcc310-mnc250-bn: Cannot change mode to rwxr-xr-x: Operation not permitted
build	Cache Android SDK	2026-06-06T12:22:51.2766592Z /usr/bin/tar: ../../../../../usr/local/lib/android/sdk/platforms/android-34-ext11/data/res/values-mcc302-mnc720-lo: Cannot utime: Operation not permitted
build	Cache Android SDK	2026-06-06T12:22:51.2767063Z /usr/bin/tar: ../../../../../usr/local/lib/android/sdk/platforms/android-34-ext11/data/res/values-mcc302-mnc720-lo: Cannot change mode to rwxr-xr-x: Operation not permitted
build	Cache Android SDK	2026-06-06T12:22:51.2769681Z /usr/bin/tar: ../../../../../usr/local/lib/android/sdk/platforms/android-34-ext11/data/res/values-mcc310-mnc210-mn: Cannot utime: Operation not permitted
build	Cache Android SDK	2026-06-06T12:22:51.2770169Z /usr/bin/tar: ../../../../../usr/local/lib/android/sdk/platforms/android-34-ext11/data/res/values-mcc310-mnc210-mn: Cannot change mode to rwxr-xr-x: Operation not permitted
build	Cache Android SDK	2026-06-06T12:22:51.2772600Z /usr/bin/tar: ../../../../../usr/local/lib/android/sdk/platforms/android-34-ext11/data/res/values-mcc310-mnc230-gl: Cannot utime: Operation not permitted
build	Cache Android SDK	2026-06-06T12:22:51.2773064Z /usr/bin/tar: ../../../../../usr/local/lib/android/sdk/platforms/android-34-ext11/data/res/values-mcc310-mnc230-gl: Cannot change mode to rwxr-xr-x: Operation not permitted
build	Cache Android SDK	2026-06-06T12:22:51.2775644Z /usr/bin/tar: ../../../../../usr/local/lib/android/sdk/platforms/android-34-ext11/data/res/values-mcc310-mnc230-bg: Cannot utime: Operation not permitted
build	Cache Android SDK	2026-06-06T12:22:51.2776119Z /usr/bin/tar: ../../../../../usr/local/lib/android/sdk/platforms/android-34-ext11/data/res/values-mcc310-mnc230-bg: Cannot change mode to rwxr-xr-x: Operation not permitted
build	Cache Android SDK	2026-06-06T12:22:51.2778988Z /usr/bin/tar: ../../../../../usr/local/lib/android/sdk/platforms/android-34-ext11/data/res/values-mcc310-mnc250-pt: Cannot utime: Operation not permitted
build	Cache Android SDK	2026-06-06T12:22:51.2779534Z /usr/bin/tar: ../../../../../usr/local/lib/android/sdk/platforms/android-34-ext11/data/res/values-mcc310-mnc250-pt: Cannot change mode to rwxr-xr-x: Operation not permitted
build	Cache Android SDK	2026-06-06T12:22:51.2781970Z /usr/bin/tar: ../../../../../usr/local/lib/android/sdk/platforms/android-34-ext11/data/res/values-mcc310-mnc160-ko: Cannot utime: Operation not permitted
build	Cache Android SDK	2026-06-06T12:22:51.2782447Z /usr/bin/tar: ../../../../../usr/local/lib/android/sdk/platforms/android-34-ext11/data/res/values-mcc310-mnc160-ko: Cannot change mode to rwxr-xr-x: Operation not permitted
build	Cache Android SDK	2026-06-06T12:22:51.2785141Z /usr/bin/tar: ../../../../../usr/local/lib/android/sdk/platforms/android-34-ext11/data/res/values-mcc310-mnc410-sq: Cannot utime: Operation not permitted
build	Cache Android SDK	2026-06-06T12:22:51.2785682Z /usr/bin/tar: ../../../../../usr/local/lib/android/sdk/platforms/android-34-ext11/data/res/values-mcc310-mnc410-sq: Cannot change mode to rwxr-xr-x: Operation not permitted
build	Cache Android SDK	2026-06-06T12:22:51.2788141Z /usr/bin/tar: ../../../../../usr/local/lib/android/sdk/platforms/android-34-ext11/data/res/values-w480dp: Cannot utime: Operation not permitted
build	Cache Android SDK	2026-06-06T12:22:51.2788629Z /usr/bin/tar: ../../../../../usr/local/lib/android/sdk/platforms/android-34-ext11/data/res/values-w480dp: Cannot change mode to rwxr-xr-x: Operation not permitted
build	Cache Android SDK	2026-06-06T12:22:51.2790586Z /usr/bin/tar: ../../../../../usr/local/lib/android/sdk/platforms/android-34-ext11/data/res/values-mcc310-mnc560-is: Cannot utime: Operation not permitted
build	Cache Android SDK	2026-06-06T12:22:51.2791061Z /usr/bin/tar: ../../../../../usr/local/lib/android/sdk/platforms/android-34-ext11/data/res/values-mcc310-mnc560-is: Cannot change mode to rwxr-xr-x: Operation not permitted
build	Cache Android SDK	2026-06-06T12:22:51.2793870Z /usr/bin/tar: ../../../../../usr/local/lib/android/sdk/platforms/android-34-ext11/data/res/values-mn-watch: Cannot utime: Operation not permitted
build	Cache Android SDK	2026-06-06T12:22:51.2794330Z /usr/bin/tar: ../../../../../usr/local/lib/android/sdk/platforms/android-34-ext11/data/res/values-mn-watch: Cannot change mode to rwxr-xr-x: Operation not permitted
build	Cache Android SDK	2026-06-06T12:22:51.2796714Z /usr/bin/tar: ../../../../../usr/local/lib/android/sdk/platforms/android-34-ext11/data/res/values-mcc302-mnc720-ru: Cannot utime: Operation not permitted
build	Cache Android SDK	2026-06-06T12:22:51.2797204Z /usr/bin/tar: ../../../../../usr/local/lib/android/sdk/platforms/android-34-ext11/data/res/values-mcc302-mnc720-ru: Cannot change mode to rwxr-xr-x: Operation not permitted
build	Cache Android SDK	2026-06-06T12:22:51.2799959Z /usr/bin/tar: ../../../../../usr/local/lib/android/sdk/platforms/android-34-ext11/data/res/values-mcc310-mnc950-zh-rCN: Cannot utime: Operation not permitted
build	Cache Android SDK	2026-06-06T12:22:51.2800537Z /usr/bin/tar: ../../../../../usr/local/lib/android/sdk/platforms/android-34-ext11/data/res/values-mcc310-mnc950-zh-rCN: Cannot change mode to rwxr-xr-x: Operation not permitted
build	Cache Android SDK	2026-06-06T12:22:51.2803772Z /usr/bin/tar: ../../../../../usr/local/lib/android/sdk/platforms/android-34-ext11/data/res/values-mcc310-mnc950-cs: Cannot utime: Operation not permitted
build	Cache Android SDK	2026-06-06T12:22:51.2804251Z /usr/bin/tar: ../../../../../usr/local/lib/android/sdk/platforms/android-34-ext11/data/res/values-mcc310-mnc950-cs: Cannot change mode to rwxr-xr-x: Operation not permitted
build	Cache Android SDK	2026-06-06T12:22:51.2806910Z /usr/bin/tar: ../../../../../usr/local/lib/android/sdk/platforms/android-34-ext11/data/res/values-mcc310-mnc200-pt: Cannot utime: Operation not permitted
build	Cache Android SDK	2026-06-06T12:22:51.2807717Z /usr/bin/tar: ../../../../../usr/local/lib/android/sdk/platforms/android-34-ext11/data/res/values-mcc310-mnc200-pt: Cannot change mode to rwxr-xr-x: Operation not permitted
build	Cache Android SDK	2026-06-06T12:22:51.2809817Z /usr/bin/tar: ../../../../../usr/local/lib/android/sdk/platforms/android-34-ext11/data/res/values-mcc310-mnc240-fr-rCA: Cannot utime: Operation not permitted
build	Cache Android SDK	2026-06-06T12:22:51.2810426Z /usr/bin/tar: ../../../../../usr/local/lib/android/sdk/platforms/android-34-ext11/data/res/values-mcc310-mnc240-fr-rCA: Cannot change mode to rwxr-xr-x: Operation not permitted
build	Cache Android SDK	2026-06-06T12:22:51.2812678Z /usr/bin/tar: ../../../../../usr/local/lib/android/sdk/platforms/android-34-ext11/data/res/values-mcc311-mnc180-pl: Cannot utime: Operation not permitted
build	Cache Android SDK	2026-06-06T12:22:51.2813146Z /usr/bin/tar: ../../../../../usr/local/lib/android/sdk/platforms/android-34-ext11/data/res/values-mcc311-mnc180-pl: Cannot change mode to rwxr-xr-x: Operation not permitted
build	Cache Android SDK	2026-06-06T12:22:51.2815707Z /usr/bin/tar: ../../../../../usr/local/lib/android/sdk/platforms/android-34-ext11/data/res/values-ka-television: Cannot utime: Operation not permitted
build	Cache Android SDK	2026-06-06T12:22:51.2816175Z /usr/bin/tar: ../../../../../usr/local/lib/android/sdk/platforms/android-34-ext11/data/res/values-ka-television: Cannot change mode to rwxr-xr-x: Operation not permitted
build	Cache Android SDK	2026-06-06T12:22:51.2818696Z /usr/bin/tar: ../../../../../usr/local/lib/android/sdk/platforms/android-34-ext11/data/res/values-mcc310-mnc310-hr: Cannot utime: Operation not permitted
build	Cache Android SDK	2026-06-06T12:22:51.2819271Z /usr/bin/tar: ../../../../../usr/local/lib/android/sdk/platforms/android-34-ext11/data/res/values-mcc310-mnc310-hr: Cannot change mode to rwxr-xr-x: Operation not permitted
build	Cache Android SDK	2026-06-06T12:22:51.2826405Z /usr/bin/tar: ../../../../../usr/local/lib/android/sdk/platforms/android-34-ext11/data/res/animator: Cannot utime: Operation not permitted
build	Cache Android SDK	2026-06-06T12:22:51.2826845Z /usr/bin/tar: ../../../../../usr/local/lib/android/sdk/platforms/android-34-ext11/data/res/animator: Cannot change mode to rwxr-xr-x: Operation not permitted
build	Cache Android SDK	2026-06-06T12:22:51.2830028Z /usr/bin/tar: ../../../../../usr/local/lib/android/sdk/platforms/android-34-ext11/data/res/values-az-television: Cannot utime: Operation not permitted
build	Cache Android SDK	2026-06-06T12:22:51.2830496Z /usr/bin/tar: ../../../../../usr/local/lib/android/sdk/platforms/android-34-ext11/data/res/values-az-television: Cannot change mode to rwxr-xr-x: Operation not permitted
build	Cache Android SDK	2026-06-06T12:22:51.2836567Z /usr/bin/tar: ../../../../../usr/local/lib/android/sdk/platforms/android-34-ext11/data/res/values-en-rGB: Cannot utime: Operation not permitted
build	Cache Android SDK	2026-06-06T12:22:51.2837769Z /usr/bin/tar: ../../../../../usr/local/lib/android/sdk/platforms/android-34-ext11/data/res/values-en-rGB: Cannot change mode to rwxr-xr-x: Operation not permitted
build	Cache Android SDK	2026-06-06T12:22:51.2839920Z /usr/bin/tar: ../../../../../usr/local/lib/android/sdk/platforms/android-34-ext11/data/res/values-mcc310-mnc230-pt: Cannot utime: Operation not permitted
build	Cache Android SDK	2026-06-06T12:22:51.2840403Z /usr/bin/tar: ../../../../../usr/local/lib/android/sdk/platforms/android-34-ext11/data/res/values-mcc310-mnc230-pt: Cannot change mode to rwxr-xr-x: Operation not permitted
build	Cache Android SDK	2026-06-06T12:22:51.2842857Z /usr/bin/tar: ../../../../../usr/local/lib/android/sdk/platforms/android-34-ext11/data/res/values-mcc302-mnc370-bn: Cannot utime: Operation not permitted
build	Cache Android SDK	2026-06-06T12:22:51.2843328Z /usr/bin/tar: ../../../../../usr/local/lib/android/sdk/platforms/android-34-ext11/data/res/values-mcc302-mnc370-bn: Cannot change mode to rwxr-xr-x: Operation not permitted
build	Cache Android SDK	2026-06-06T12:22:51.2846304Z /usr/bin/tar: ../../../../../usr/local/lib/android/sdk/platforms/android-34-ext11/data/res/values-mcc310-mnc410-ro: Cannot utime: Operation not permitted
build	Cache Android SDK	2026-06-06T12:22:51.2846837Z /usr/bin/tar: ../../../../../usr/local/lib/android/sdk/platforms/android-34-ext11/data/res/values-mcc310-mnc410-ro: Cannot change mode to rwxr-xr-x: Operation not permitted
build	Cache Android SDK	2026-06-06T12:22:51.2849542Z /usr/bin/tar: ../../../../../usr/local/lib/android/sdk/platforms/android-34-ext11/data/res/values-mcc310-mnc170-en-rXC: Cannot utime: Operation not permitted
build	Cache Android SDK	2026-06-06T12:22:51.2850034Z /usr/bin/tar: ../../../../../usr/local/lib/android/sdk/platforms/android-34-ext11/data/res/values-mcc310-mnc170-en-rXC: Cannot change mode to rwxr-xr-x: Operation not permitted
build	Cache Android SDK	2026-06-06T12:22:51.2857088Z /usr/bin/tar: ../../../../../usr/local/lib/android/sdk/platforms/android-34-ext11/data/res/values-ka: Cannot utime: Operation not permitted
build	Cache Android SDK	2026-06-06T12:22:51.2858208Z /usr/bin/tar: ../../../../../usr/local/lib/android/sdk/platforms/android-34-ext11/data/res/values-ka: Cannot change mode to rwxr-xr-x: Operation not permitted
build	Cache Android SDK	2026-06-06T12:22:51.2860506Z /usr/bin/tar: ../../../../../usr/local/lib/android/sdk/platforms/android-34-ext11/data/res/values-ky-watch: Cannot utime: Operation not permitted
build	Cache Android SDK	2026-06-06T12:22:51.2861032Z /usr/bin/tar: ../../../../../usr/local/lib/android/sdk/platforms/android-34-ext11/data/res/values-ky-watch: Cannot change mode to rwxr-xr-x: Operation not permitted
build	Cache Android SDK	2026-06-06T12:22:51.2863456Z /usr/bin/tar: ../../../../../usr/local/lib/android/sdk/platforms/android-34-ext11/data/res/values-am-watch: Cannot utime: Operation not permitted
build	Cache Android SDK	2026-06-06T12:22:51.2863906Z /usr/bin/tar: ../../../../../usr/local/lib/android/sdk/platforms/android-34-ext11/data/res/values-am-watch: Cannot change mode to rwxr-xr-x: Operation not permitted
build	Cache Android SDK	2026-06-06T12:22:51.2866527Z /usr/bin/tar: ../../../../../usr/local/lib/android/sdk/platforms/android-34-ext11/data/res/values-mcc310-mnc004: Cannot utime: Operation not permitted
build	Cache Android SDK	2026-06-06T12:22:51.2867102Z /usr/bin/tar: ../../../../../usr/local/lib/android/sdk/platforms/android-34-ext11/data/res/values-mcc310-mnc004: Cannot change mode to rwxr-xr-x: Operation not permitted
build	Cache Android SDK	2026-06-06T12:22:51.2869728Z /usr/bin/tar: ../../../../../usr/local/lib/android/sdk/platforms/android-34-ext11/data/res/values-mcc310-mnc230-hu: Cannot utime: Operation not permitted
build	Cache Android SDK	2026-06-06T12:22:51.2870263Z /usr/bin/tar: ../../../../../usr/local/lib/android/sdk/platforms/android-34-ext11/data/res/values-mcc310-mnc230-hu: Cannot change mode to rwxr-xr-x: Operation not permitted
build	Cache Android SDK	2026-06-06T12:22:51.2872449Z /usr/bin/tar: ../../../../../usr/local/lib/android/sdk/platforms/android-34-ext11/data/res/values-mcc310-mnc660-hu: Cannot utime: Operation not permitted
build	Cache Android SDK	2026-06-06T12:22:51.2872918Z /usr/bin/tar: ../../../../../usr/local/lib/android/sdk/platforms/android-34-ext11/data/res/values-mcc310-mnc660-hu: Cannot change mode to rwxr-xr-x: Operation not permitted
build	Cache Android SDK	2026-06-06T12:22:51.2875710Z /usr/bin/tar: ../../../../../usr/local/lib/android/sdk/platforms/android-34-ext11/data/res/raw-es: Cannot utime: Operation not permitted
build	Cache Android SDK	2026-06-06T12:22:51.2876302Z /usr/bin/tar: ../../../../../usr/local/lib/android/sdk/platforms/android-34-ext11/data/res/raw-es: Cannot change mode to rwxr-xr-x: Operation not permitted
build	Cache Android SDK	2026-06-06T12:22:51.2878725Z /usr/bin/tar: ../../../../../usr/local/lib/android/sdk/platforms/android-34-ext11/data/res/values-mcc310-mnc220-ta: Cannot utime: Operation not permitted
build	Cache Android SDK	2026-06-06T12:22:51.2879254Z /usr/bin/tar: ../../../../../usr/local/lib/android/sdk/platforms/android-34-ext11/data/res/values-mcc310-mnc220-ta: Cannot change mode to rwxr-xr-x: Operation not permitted
build	Cache Android SDK	2026-06-06T12:22:51.2881774Z /usr/bin/tar: ../../../../../usr/local/lib/android/sdk/platforms/android-34-ext11/data/res/values-mcc302-mnc370-fa: Cannot utime: Operation not permitted
build	Cache Android SDK	2026-06-06T12:22:51.2882383Z /usr/bin/tar: ../../../../../usr/local/lib/android/sdk/platforms/android-34-ext11/data/res/values-mcc302-mnc370-fa: Cannot change mode to rwxr-xr-x: Operation not permitted
build	Cache Android SDK	2026-06-06T12:22:51.2884669Z /usr/bin/tar: ../../../../../usr/local/lib/android/sdk/platforms/android-34-ext11/data/res/values-mcc310-mnc270-en-rAU: Cannot utime: Operation not permitted
build	Cache Android SDK	2026-06-06T12:22:51.2885167Z /usr/bin/tar: ../../../../../usr/local/lib/android/sdk/platforms/android-34-ext11/data/res/values-mcc310-mnc270-en-rAU: Cannot change mode to rwxr-xr-x: Operation not permitted
build	Cache Android SDK	2026-06-06T12:22:51.2898331Z /usr/bin/tar: ../../../../../usr/local/lib/android/sdk/platforms/android-34-ext11/data/res/drawable-land-mdpi: Cannot utime: Operation not permitted
build	Cache Android SDK	2026-06-06T12:22:51.2898933Z /usr/bin/tar: ../../../../../usr/local/lib/android/sdk/platforms/android-34-ext11/data/res/drawable-land-mdpi: Cannot change mode to rwxr-xr-x: Operation not permitted
build	Cache Android SDK	2026-06-06T12:22:51.2901847Z /usr/bin/tar: ../../../../../usr/local/lib/android/sdk/platforms/android-34-ext11/data/res/values-mcc310-mnc210-ta: Cannot utime: Operation not permitted
build	Cache Android SDK	2026-06-06T12:22:51.2902711Z /usr/bin/tar: ../../../../../usr/local/lib/android/sdk/platforms/android-34-ext11/data/res/values-mcc310-mnc210-ta: Cannot change mode to rwxr-xr-x: Operation not permitted
build	Cache Android SDK	2026-06-06T12:22:51.2905380Z /usr/bin/tar: ../../../../../usr/local/lib/android/sdk/platforms/android-34-ext11/data/res/values-mcc310-mnc410-ko: Cannot utime: Operation not permitted
build	Cache Android SDK	2026-06-06T12:22:51.2906006Z /usr/bin/tar: ../../../../../usr/local/lib/android/sdk/platforms/android-34-ext11/data/res/values-mcc310-mnc410-ko: Cannot change mode to rwxr-xr-x: Operation not permitted
build	Cache Android SDK	2026-06-06T12:22:51.2908308Z /usr/bin/tar: ../../../../../usr/local/lib/android/sdk/platforms/android-34-ext11/data/res/values-mcc310-mnc030-ms: Cannot utime: Operation not permitted
build	Cache Android SDK	2026-06-06T12:22:51.2908836Z /usr/bin/tar: ../../../../../usr/local/lib/android/sdk/platforms/android-34-ext11/data/res/values-mcc310-mnc030-ms: Cannot change mode to rwxr-xr-x: Operation not permitted
build	Cache Android SDK	2026-06-06T12:22:51.2911244Z /usr/bin/tar: ../../../../../usr/local/lib/android/sdk/platforms/android-34-ext11/data/res/values-mcc310-mnc280-hi: Cannot utime: Operation not permitted
build	Cache Android SDK	2026-06-06T12:22:51.2911733Z /usr/bin/tar: ../../../../../usr/local/lib/android/sdk/platforms/android-34-ext11/data/res/values-mcc310-mnc280-hi: Cannot change mode to rwxr-xr-x: Operation not permitted
build	Cache Android SDK	2026-06-06T12:22:51.2914908Z /usr/bin/tar: ../../../../../usr/local/lib/android/sdk/platforms/android-34-ext11/data/res/values-mcc310-mnc310-ro: Cannot utime: Operation not permitted
build	Cache Android SDK	2026-06-06T12:22:51.2915386Z /usr/bin/tar: ../../../../../usr/local/lib/android/sdk/platforms/android-34-ext11/data/res/values-mcc310-mnc310-ro: Cannot change mode to rwxr-xr-x: Operation not permitted
build	Cache Android SDK	2026-06-06T12:22:51.2918109Z /usr/bin/tar: ../../../../../usr/local/lib/android/sdk/platforms/android-34-ext11/data/res/values-mcc310-mnc240-pt-rBR: Cannot utime: Operation not permitted
build	Cache Android SDK	2026-06-06T12:22:51.2918641Z /usr/bin/tar: ../../../../../usr/local/lib/android/sdk/platforms/android-34-ext11/data/res/values-mcc310-mnc240-pt-rBR: Cannot change mode to rwxr-xr-x: Operation not permitted
build	Cache Android SDK	2026-06-06T12:22:51.2921906Z /usr/bin/tar: ../../../../../usr/local/lib/android/sdk/platforms/android-34-ext11/data/res/values-mcc310-mnc490-fr: Cannot utime: Operation not permitted
build	Cache Android SDK	2026-06-06T12:22:51.2922559Z /usr/bin/tar: ../../../../../usr/local/lib/android/sdk/platforms/android-34-ext11/data/res/values-mcc310-mnc490-fr: Cannot change mode to rwxr-xr-x: Operation not permitted
build	Cache Android SDK	2026-06-06T12:22:51.2924160Z /usr/bin/tar: ../../../../../usr/local/lib/android/sdk/platforms/android-34-ext11/data/res/values-mcc310-mnc160-gu: Cannot utime: Operation not permitted
build	Cache Android SDK	2026-06-06T12:22:51.2924645Z /usr/bin/tar: ../../../../../usr/local/lib/android/sdk/platforms/android-34-ext11/data/res/values-mcc310-mnc160-gu: Cannot change mode to rwxr-xr-x: Operation not permitted
build	Cache Android SDK	2026-06-06T12:22:51.2927880Z /usr/bin/tar: ../../../../../usr/local/lib/android/sdk/platforms/android-34-ext11/data/res/values-mcc310-mnc150-es: Cannot utime: Operation not permitted
build	Cache Android SDK	2026-06-06T12:22:51.2928371Z /usr/bin/tar: ../../../../../usr/local/lib/android/sdk/platforms/android-34-ext11/data/res/values-mcc310-mnc150-es: Cannot change mode to rwxr-xr-x: Operation not permitted
build	Cache Android SDK	2026-06-06T12:22:51.2931288Z /usr/bin/tar: ../../../../../usr/local/lib/android/sdk/platforms/android-34-ext11/data/res/values-mcc310-mnc800-hi: Cannot utime: Operation not permitted
build	Cache Android SDK	2026-06-06T12:22:51.2931759Z /usr/bin/tar: ../../../../../usr/local/lib/android/sdk/platforms/android-34-ext11/data/res/values-mcc310-mnc800-hi: Cannot change mode to rwxr-xr-x: Operation not permitted
build	Cache Android SDK	2026-06-06T12:22:51.2934428Z /usr/bin/tar: ../../../../../usr/local/lib/android/sdk/platforms/android-34-ext11/data/res/values-mcc450-ko: Cannot utime: Operation not permitted
build	Cache Android SDK	2026-06-06T12:22:51.2934880Z /usr/bin/tar: ../../../../../usr/local/lib/android/sdk/platforms/android-34-ext11/data/res/values-mcc450-ko: Cannot change mode to rwxr-xr-x: Operation not permitted
build	Cache Android SDK	2026-06-06T12:22:51.2937199Z /usr/bin/tar: ../../../../../usr/local/lib/android/sdk/platforms/android-34-ext11/data/res/values-ml-television: Cannot utime: Operation not permitted
build	Cache Android SDK	2026-06-06T12:22:51.2937861Z /usr/bin/tar: ../../../../../usr/local/lib/android/sdk/platforms/android-34-ext11/data/res/values-ml-television: Cannot change mode to rwxr-xr-x: Operation not permitted
build	Cache Android SDK	2026-06-06T12:22:51.2940418Z /usr/bin/tar: ../../../../../usr/local/lib/android/sdk/platforms/android-34-ext11/data/res/values-mcc310-mnc240-vi: Cannot utime: Operation not permitted
build	Cache Android SDK	2026-06-06T12:22:51.2940896Z /usr/bin/tar: ../../../../../usr/local/lib/android/sdk/platforms/android-34-ext11/data/res/values-mcc310-mnc240-vi: Cannot change mode to rwxr-xr-x: Operation not permitted
build	Cache Android SDK	2026-06-06T12:22:51.2943016Z /usr/bin/tar: ../../../../../usr/local/lib/android/sdk/platforms/android-34-ext11/data/res/values-mcc311-mnc180-de: Cannot utime: Operation not permitted
build	Cache Android SDK	2026-06-06T12:22:51.2943510Z /usr/bin/tar: ../../../../../usr/local/lib/android/sdk/platforms/android-34-ext11/data/res/values-mcc311-mnc180-de: Cannot change mode to rwxr-xr-x: Operation not permitted
build	Cache Android SDK	2026-06-06T12:22:51.2946253Z /usr/bin/tar: ../../../../../usr/local/lib/android/sdk/platforms/android-34-ext11/data/res/values-mcc310-mnc210-pt-rBR: Cannot utime: Operation not permitted
build	Cache Android SDK	2026-06-06T12:22:51.2946757Z /usr/bin/tar: ../../../../../usr/local/lib/android/sdk/platforms/android-34-ext11/data/res/values-mcc310-mnc210-pt-rBR: Cannot change mode to rwxr-xr-x: Operation not permitted
build	Cache Android SDK	2026-06-06T12:22:51.2949315Z /usr/bin/tar: ../../../../../usr/local/lib/android/sdk/platforms/android-34-ext11/data/res/values-mcc732: Cannot utime: Operation not permitted
build	Cache Android SDK	2026-06-06T12:22:51.2949763Z /usr/bin/tar: ../../../../../usr/local/lib/android/sdk/platforms/android-34-ext11/data/res/values-mcc732: Cannot change mode to rwxr-xr-x: Operation not permitted
build	Cache Android SDK	2026-06-06T12:22:51.2952136Z /usr/bin/tar: ../../../../../usr/local/lib/android/sdk/platforms/android-34-ext11/data/res/values-mcc313-mnc100-zh-rHK: Cannot utime: Operation not permitted
build	Cache Android SDK	2026-06-06T12:22:51.2952650Z /usr/bin/tar: ../../../../../usr/local/lib/android/sdk/platforms/android-34-ext11/data/res/values-mcc313-mnc100-zh-rHK: Cannot change mode to rwxr-xr-x: Operation not permitted
build	Cache Android SDK	2026-06-06T12:22:51.2955165Z /usr/bin/tar: ../../../../../usr/local/lib/android/sdk/platforms/android-34-ext11/data/res/values-mcc334-mnc020-or: Cannot utime: Operation not permitted
build	Cache Android SDK	2026-06-06T12:22:51.2955643Z /usr/bin/tar: ../../../../../usr/local/lib/android/sdk/platforms/android-34-ext11/data/res/values-mcc334-mnc020-or: Cannot change mode to rwxr-xr-x: Operation not permitted
build	Cache Android SDK	2026-06-06T12:22:51.2958371Z /usr/bin/tar: ../../../../../usr/local/lib/android/sdk/platforms/android-34-ext11/data/res/values-mcc310-mnc150-in: Cannot utime: Operation not permitted
build	Cache Android SDK	2026-06-06T12:22:51.2958851Z /usr/bin/tar: ../../../../../usr/local/lib/android/sdk/platforms/android-34-ext11/data/res/values-mcc310-mnc150-in: Cannot change mode to rwxr-xr-x: Operation not permitted
build	Cache Android SDK	2026-06-06T12:22:51.2963080Z /usr/bin/tar: ../../../../../usr/local/lib/android/sdk/platforms/android-34-ext11/data/res/values-kn-television: Cannot utime: Operation not permitted
build	Cache Android SDK	2026-06-06T12:22:51.2963561Z /usr/bin/tar: ../../../../../usr/local/lib/android/sdk/platforms/android-34-ext11/data/res/values-kn-television: Cannot change mode to rwxr-xr-x: Operation not permitted
build	Cache Android SDK	2026-06-06T12:22:51.2965917Z /usr/bin/tar: ../../../../../usr/local/lib/android/sdk/platforms/android-34-ext11/data/res/values-mcc310-mnc410-cs: Cannot utime: Operation not permitted
build	Cache Android SDK	2026-06-06T12:22:51.2966402Z /usr/bin/tar: ../../../../../usr/local/lib/android/sdk/platforms/android-34-ext11/data/res/values-mcc310-mnc410-cs: Cannot change mode to rwxr-xr-x: Operation not permitted
build	Cache Android SDK	2026-06-06T12:22:51.2969370Z /usr/bin/tar: ../../../../../usr/local/lib/android/sdk/platforms/android-34-ext11/data/res/values-mcc310-mnc200-tr: Cannot utime: Operation not permitted
build	Cache Android SDK	2026-06-06T12:22:51.2969939Z /usr/bin/tar: ../../../../../usr/local/lib/android/sdk/platforms/android-34-ext11/data/res/values-mcc310-mnc200-tr: Cannot change mode to rwxr-xr-x: Operation not permitted
build	Cache Android SDK	2026-06-06T12:22:51.2972242Z /usr/bin/tar: ../../../../../usr/local/lib/android/sdk/platforms/android-34-ext11/data/res/values-mcc310-mnc030-sw: Cannot utime: Operation not permitted
build	Cache Android SDK	2026-06-06T12:22:51.2972715Z /usr/bin/tar: ../../../../../usr/local/lib/android/sdk/platforms/android-34-ext11/data/res/values-mcc310-mnc030-sw: Cannot change mode to rwxr-xr-x: Operation not permitted
build	Cache Android SDK	2026-06-06T12:22:51.2975518Z /usr/bin/tar: ../../../../../usr/local/lib/android/sdk/platforms/android-34-ext11/data/res/values-hi-rIN: Cannot utime: Operation not permitted
build	Cache Android SDK	2026-06-06T12:22:51.2975973Z /usr/bin/tar: ../../../../../usr/local/lib/android/sdk/platforms/android-34-ext11/data/res/values-hi-rIN: Cannot change mode to rwxr-xr-x: Operation not permitted
build	Cache Android SDK	2026-06-06T12:22:51.2978559Z /usr/bin/tar: ../../../../../usr/local/lib/android/sdk/platforms/android-34-ext11/data/res/values-mcc310-mnc170-sk: Cannot utime: Operation not permitted
build	Cache Android SDK	2026-06-06T12:22:51.2979131Z /usr/bin/tar: ../../../../../usr/local/lib/android/sdk/platforms/android-34-ext11/data/res/values-mcc310-mnc170-sk: Cannot change mode to rwxr-xr-x: Operation not permitted
build	Cache Android SDK	2026-06-06T12:22:51.2981866Z /usr/bin/tar: ../../../../../usr/local/lib/android/sdk/platforms/android-34-ext11/data/res/values-mcc310-mnc030-pt: Cannot utime: Operation not permitted
build	Cache Android SDK	2026-06-06T12:22:51.2982341Z /usr/bin/tar: ../../../../../usr/local/lib/android/sdk/platforms/android-34-ext11/data/res/values-mcc310-mnc030-pt: Cannot change mode to rwxr-xr-x: Operation not permitted
build	Cache Android SDK	2026-06-06T12:22:51.2984702Z /usr/bin/tar: ../../../../../usr/local/lib/android/sdk/platforms/android-34-ext11/data/res/values-mcc310-mnc150-b+sr+Latn: Cannot utime: Operation not permitted
build	Cache Android SDK	2026-06-06T12:22:51.2985208Z /usr/bin/tar: ../../../../../usr/local/lib/android/sdk/platforms/android-34-ext11/data/res/values-mcc310-mnc150-b+sr+Latn: Cannot change mode to rwxr-xr-x: Operation not permitted
build	Cache Android SDK	2026-06-06T12:22:51.2988342Z /usr/bin/tar: ../../../../../usr/local/lib/android/sdk/platforms/android-34-ext11/data/res/values-mcc310-mnc160-tl: Cannot utime: Operation not permitted
build	Cache Android SDK	2026-06-06T12:22:51.2988908Z /usr/bin/tar: ../../../../../usr/local/lib/android/sdk/platforms/android-34-ext11/data/res/values-mcc310-mnc160-tl: Cannot change mode to rwxr-xr-x: Operation not permitted
build	Cache Android SDK	2026-06-06T12:22:51.2991277Z /usr/bin/tar: ../../../../../usr/local/lib/android/sdk/platforms/android-34-ext11/data/res/values-mcc310-mnc310-am: Cannot utime: Operation not permitted
build	Cache Android SDK	2026-06-06T12:22:51.2991741Z /usr/bin/tar: ../../../../../usr/local/lib/android/sdk/platforms/android-34-ext11/data/res/values-mcc310-mnc310-am: Cannot change mode to rwxr-xr-x: Operation not permitted
build	Cache Android SDK	2026-06-06T12:22:51.2994582Z /usr/bin/tar: ../../../../../usr/local/lib/android/sdk/platforms/android-34-ext11/data/res/values-mcc310-mnc490-et: Cannot utime: Operation not permitted
build	Cache Android SDK	2026-06-06T12:22:51.2995222Z /usr/bin/tar: ../../../../../usr/local/lib/android/sdk/platforms/android-34-ext11/data/res/values-mcc310-mnc490-et: Cannot change mode to rwxr-xr-x: Operation not permitted
build	Cache Android SDK	2026-06-06T12:22:51.2997614Z /usr/bin/tar: ../../../../../usr/local/lib/android/sdk/platforms/android-34-ext11/data/res/values-mcc310-mnc280-en-rCA: Cannot utime: Operation not permitted
build	Cache Android SDK	2026-06-06T12:22:51.2998179Z /usr/bin/tar: ../../../../../usr/local/lib/android/sdk/platforms/android-34-ext11/data/res/values-mcc310-mnc280-en-rCA: Cannot change mode to rwxr-xr-x: Operation not permitted
build	Cache Android SDK	2026-06-06T12:22:51.3000527Z /usr/bin/tar: ../../../../../usr/local/lib/android/sdk/platforms/android-34-ext11/data/res/values-mcc310-mnc030-az: Cannot utime: Operation not permitted
build	Cache Android SDK	2026-06-06T12:22:51.3000994Z /usr/bin/tar: ../../../../../usr/local/lib/android/sdk/platforms/android-34-ext11/data/res/values-mcc310-mnc030-az: Cannot change mode to rwxr-xr-x: Operation not permitted
build	Cache Android SDK	2026-06-06T12:22:51.3003731Z /usr/bin/tar: ../../../../../usr/local/lib/android/sdk/platforms/android-34-ext11/data/res/values-mcc310-mnc280-mr: Cannot utime: Operation not permitted
build	Cache Android SDK	2026-06-06T12:22:51.3004322Z /usr/bin/tar: ../../../../../usr/local/lib/android/sdk/platforms/android-34-ext11/data/res/values-mcc310-mnc280-mr: Cannot change mode to rwxr-xr-x: Operation not permitted
build	Cache Android SDK	2026-06-06T12:22:51.3006719Z /usr/bin/tar: ../../../../../usr/local/lib/android/sdk/platforms/android-34-ext11/data/res/values-mcc310-mnc170-ko: Cannot utime: Operation not permitted
build	Cache Android SDK	2026-06-06T12:22:51.3007265Z /usr/bin/tar: ../../../../../usr/local/lib/android/sdk/platforms/android-34-ext11/data/res/values-mcc310-mnc170-ko: Cannot change mode to rwxr-xr-x: Operation not permitted
build	Cache Android SDK	2026-06-06T12:22:51.3009615Z /usr/bin/tar: ../../../../../usr/local/lib/android/sdk/platforms/android-34-ext11/data/res/values-mcc310-mnc250-kn: Cannot utime: Operation not permitted
build	Cache Android SDK	2026-06-06T12:22:51.3010086Z /usr/bin/tar: ../../../../../usr/local/lib/android/sdk/platforms/android-34-ext11/data/res/values-mcc310-mnc250-kn: Cannot change mode to rwxr-xr-x: Operation not permitted
build	Cache Android SDK	2026-06-06T12:22:51.3012542Z /usr/bin/tar: ../../../../../usr/local/lib/android/sdk/platforms/android-34-ext11/data/res/values-mcc440-mnc54: Cannot utime: Operation not permitted
build	Cache Android SDK	2026-06-06T12:22:51.3013045Z /usr/bin/tar: ../../../../../usr/local/lib/android/sdk/platforms/android-34-ext11/data/res/values-mcc440-mnc54: Cannot change mode to rwxr-xr-x: Operation not permitted
build	Cache Android SDK	2026-06-06T12:22:51.3015525Z /usr/bin/tar: ../../../../../usr/local/lib/android/sdk/platforms/android-34-ext11/data/res/values-mcc310-mnc660-en-rIN: Cannot utime: Operation not permitted
build	Cache Android SDK	2026-06-06T12:22:51.3016023Z /usr/bin/tar: ../../../../../usr/local/lib/android/sdk/platforms/android-34-ext11/data/res/values-mcc310-mnc660-en-rIN: Cannot change mode to rwxr-xr-x: Operation not permitted
build	Cache Android SDK	2026-06-06T12:22:51.3019413Z /usr/bin/tar: ../../../../../usr/local/lib/android/sdk/platforms/android-34-ext11/data/res/values-iw-rIL: Cannot utime: Operation not permitted
build	Cache Android SDK	2026-06-06T12:22:51.3019907Z /usr/bin/tar: ../../../../../usr/local/lib/android/sdk/platforms/android-34-ext11/data/res/values-iw-rIL: Cannot change mode to rwxr-xr-x: Operation not permitted
build	Cache Android SDK	2026-06-06T12:22:51.3022264Z /usr/bin/tar: ../../../../../usr/local/lib/android/sdk/platforms/android-34-ext11/data/res/values-mcc310-mnc220-az: Cannot utime: Operation not permitted
build	Cache Android SDK	2026-06-06T12:22:51.3022739Z /usr/bin/tar: ../../../../../usr/local/lib/android/sdk/platforms/android-34-ext11/data/res/values-mcc310-mnc220-az: Cannot change mode to rwxr-xr-x: Operation not permitted
build	Cache Android SDK	2026-06-06T12:22:51.3025103Z /usr/bin/tar: ../../../../../usr/local/lib/android/sdk/platforms/android-34-ext11/data/res/values-mcc310-mnc200-mk: Cannot utime: Operation not permitted
build	Cache Android SDK	2026-06-06T12:22:51.3025608Z /usr/bin/tar: ../../../../../usr/local/lib/android/sdk/platforms/android-34-ext11/data/res/values-mcc310-mnc200-mk: Cannot change mode to rwxr-xr-x: Operation not permitted
build	Cache Android SDK	2026-06-06T12:22:51.3028187Z /usr/bin/tar: ../../../../../usr/local/lib/android/sdk/platforms/android-34-ext11/data/res/values-mcc334-mnc020-iw: Cannot utime: Operation not permitted
build	Cache Android SDK	2026-06-06T12:22:51.3028784Z /usr/bin/tar: ../../../../../usr/local/lib/android/sdk/platforms/android-34-ext11/data/res/values-mcc334-mnc020-iw: Cannot change mode to rwxr-xr-x: Operation not permitted
build	Cache Android SDK	2026-06-06T12:22:51.3031277Z /usr/bin/tar: ../../../../../usr/local/lib/android/sdk/platforms/android-34-ext11/data/res/values-mcc310-mnc380-pt-rPT: Cannot utime: Operation not permitted
build	Cache Android SDK	2026-06-06T12:22:51.3031761Z /usr/bin/tar: ../../../../../usr/local/lib/android/sdk/platforms/android-34-ext11/data/res/values-mcc310-mnc380-pt-rPT: Cannot change mode to rwxr-xr-x: Operation not permitted
build	Cache Android SDK	2026-06-06T12:22:51.3034281Z /usr/bin/tar: ../../../../../usr/local/lib/android/sdk/platforms/android-34-ext11/data/res/values-mcc310-mnc210-sk: Cannot utime: Operation not permitted
build	Cache Android SDK	2026-06-06T12:22:51.3034836Z /usr/bin/tar: ../../../../../usr/local/lib/android/sdk/platforms/android-34-ext11/data/res/values-mcc310-mnc210-sk: Cannot change mode to rwxr-xr-x: Operation not permitted
build	Cache Android SDK	2026-06-06T12:22:51.3037577Z /usr/bin/tar: ../../../../../usr/local/lib/android/sdk/platforms/android-34-ext11/data/res/values-mcc310-mnc160-uz: Cannot utime: Operation not permitted
build	Cache Android SDK	2026-06-06T12:22:51.3038057Z /usr/bin/tar: ../../../../../usr/local/lib/android/sdk/platforms/android-34-ext11/data/res/values-mcc310-mnc160-uz: Cannot change mode to rwxr-xr-x: Operation not permitted
build	Cache Android SDK	2026-06-06T12:22:51.3040393Z /usr/bin/tar: ../../../../../usr/local/lib/android/sdk/platforms/android-34-ext11/data/res/values-mcc310-mnc250-bg: Cannot utime: Operation not permitted
build	Cache Android SDK	2026-06-06T12:22:51.3040855Z /usr/bin/tar: ../../../../../usr/local/lib/android/sdk/platforms/android-34-ext11/data/res/values-mcc310-mnc250-bg: Cannot change mode to rwxr-xr-x: Operation not permitted
build	Cache Android SDK	2026-06-06T12:22:51.3043388Z /usr/bin/tar: ../../../../../usr/local/lib/android/sdk/platforms/android-34-ext11/data/res/values-mcc310-mnc410-km: Cannot utime: Operation not permitted
build	Cache Android SDK	2026-06-06T12:22:51.3043876Z /usr/bin/tar: ../../../../../usr/local/lib/android/sdk/platforms/android-34-ext11/data/res/values-mcc310-mnc410-km: Cannot change mode to rwxr-xr-x: Operation not permitted
build	Cache Android SDK	2026-06-06T12:22:51.3050094Z /usr/bin/tar: ../../../../../usr/local/lib/android/sdk/platforms/android-34-ext11/data/res/values-lv: Cannot utime: Operation not permitted
build	Cache Android SDK	2026-06-06T12:22:51.3050582Z /usr/bin/tar: ../../../../../usr/local/lib/android/sdk/platforms/android-34-ext11/data/res/values-lv: Cannot change mode to rwxr-xr-x: Operation not permitted
build	Cache Android SDK	2026-06-06T12:22:51.3053274Z /usr/bin/tar: ../../../../../usr/local/lib/android/sdk/platforms/android-34-ext11/data/res/values-mcc334-mnc020-vi: Cannot utime: Operation not permitted
build	Cache Android SDK	2026-06-06T12:22:51.3053751Z /usr/bin/tar: ../../../../../usr/local/lib/android/sdk/platforms/android-34-ext11/data/res/values-mcc334-mnc020-vi: Cannot change mode to rwxr-xr-x: Operation not permitted
build	Cache Android SDK	2026-06-06T12:22:51.3056770Z /usr/bin/tar: ../../../../../usr/local/lib/android/sdk/platforms/android-34-ext11/data/res/values-mcc310-mnc210-en-rAU: Cannot utime: Operation not permitted
build	Cache Android SDK	2026-06-06T12:22:51.3057561Z /usr/bin/tar: ../../../../../usr/local/lib/android/sdk/platforms/android-34-ext11/data/res/values-mcc310-mnc210-en-rAU: Cannot change mode to rwxr-xr-x: Operation not permitted
build	Cache Android SDK	2026-06-06T12:22:51.3059749Z /usr/bin/tar: ../../../../../usr/local/lib/android/sdk/platforms/android-34-ext11/data/res/values-mcc310-mnc560-ka: Cannot utime: Operation not permitted
build	Cache Android SDK	2026-06-06T12:22:51.3060302Z /usr/bin/tar: ../../../../../usr/local/lib/android/sdk/platforms/android-34-ext11/data/res/values-mcc310-mnc560-ka: Cannot change mode to rwxr-xr-x: Operation not permitted
build	Cache Android SDK	2026-06-06T12:22:51.3067208Z /usr/bin/tar: ../../../../../usr/local/lib/android/sdk/platforms/android-34-ext11/data/res/values-mr: Cannot utime: Operation not permitted
build	Cache Android SDK	2026-06-06T12:22:51.3068138Z /usr/bin/tar: ../../../../../usr/local/lib/android/sdk/platforms/android-34-ext11/data/res/values-mr: Cannot change mode to rwxr-xr-x: Operation not permitted
build	Cache Android SDK	2026-06-06T12:22:51.3070570Z /usr/bin/tar: ../../../../../usr/local/lib/android/sdk/platforms/android-34-ext11/data/res/values-mcc310-mnc030-en-rAU: Cannot utime: Operation not permitted
build	Cache Android SDK	2026-06-06T12:22:51.3071125Z /usr/bin/tar: ../../../../../usr/local/lib/android/sdk/platforms/android-34-ext11/data/res/values-mcc310-mnc030-en-rAU: Cannot change mode to rwxr-xr-x: Operation not permitted
build	Cache Android SDK	2026-06-06T12:22:51.3073723Z /usr/bin/tar: ../../../../../usr/local/lib/android/sdk/platforms/android-34-ext11/data/res/values-sk-television: Cannot utime: Operation not permitted
build	Cache Android SDK	2026-06-06T12:22:51.3074243Z /usr/bin/tar: ../../../../../usr/local/lib/android/sdk/platforms/android-34-ext11/data/res/values-sk-television: Cannot change mode to rwxr-xr-x: Operation not permitted
build	Cache Android SDK	2026-06-06T12:22:51.3076918Z /usr/bin/tar: ../../../../../usr/local/lib/android/sdk/platforms/android-34-ext11/data/res/values-mcc310-mnc310-fr-rCA: Cannot utime: Operation not permitted
build	Cache Android SDK	2026-06-06T12:22:51.3077597Z /usr/bin/tar: ../../../../../usr/local/lib/android/sdk/platforms/android-34-ext11/data/res/values-mcc310-mnc310-fr-rCA: Cannot change mode to rwxr-xr-x: Operation not permitted
build	Cache Android SDK	2026-06-06T12:22:51.3080066Z /usr/bin/tar: ../../../../../usr/local/lib/android/sdk/platforms/android-34-ext11/data/res/values-mcc310-mnc230-fr: Cannot utime: Operation not permitted
build	Cache Android SDK	2026-06-06T12:22:51.3080533Z /usr/bin/tar: ../../../../../usr/local/lib/android/sdk/platforms/android-34-ext11/data/res/values-mcc310-mnc230-fr: Cannot change mode to rwxr-xr-x: Operation not permitted
build	Cache Android SDK	2026-06-06T12:22:51.3083067Z /usr/bin/tar: ../../../../../usr/local/lib/android/sdk/platforms/android-34-ext11/data/res/values-mcc313-mnc100-kk: Cannot utime: Operation not permitted
build	Cache Android SDK	2026-06-06T12:22:51.3083538Z /usr/bin/tar: ../../../../../usr/local/lib/android/sdk/platforms/android-34-ext11/data/res/values-mcc313-mnc100-kk: Cannot change mode to rwxr-xr-x: Operation not permitted
build	Cache Android SDK	2026-06-06T12:22:51.3086023Z /usr/bin/tar: ../../../../../usr/local/lib/android/sdk/platforms/android-34-ext11/data/res/values-mcc313-mnc100-zh-rCN: Cannot utime: Operation not permitted
build	Cache Android SDK	2026-06-06T12:22:51.3086587Z /usr/bin/tar: ../../../../../usr/local/lib/android/sdk/platforms/android-34-ext11/data/res/values-mcc313-mnc100-zh-rCN: Cannot change mode to rwxr-xr-x: Operation not permitted
build	Cache Android SDK	2026-06-06T12:22:51.3089277Z /usr/bin/tar: ../../../../../usr/local/lib/android/sdk/platforms/android-34-ext11/data/res/values-mcc310-mnc170-zh-rHK: Cannot utime: Operation not permitted
build	Cache Android SDK	2026-06-06T12:22:51.3089753Z /usr/bin/tar: ../../../../../usr/local/lib/android/sdk/platforms/android-34-ext11/data/res/values-mcc310-mnc170-zh-rHK: Cannot change mode to rwxr-xr-x: Operation not permitted
build	Cache Android SDK	2026-06-06T12:22:51.3092252Z /usr/bin/tar: ../../../../../usr/local/lib/android/sdk/platforms/android-34-ext11/data/res/values-mcc310-mnc270-ta: Cannot utime: Operation not permitted
build	Cache Android SDK	2026-06-06T12:22:51.3092732Z /usr/bin/tar: ../../../../../usr/local/lib/android/sdk/platforms/android-34-ext11/data/res/values-mcc310-mnc270-ta: Cannot change mode to rwxr-xr-x: Operation not permitted
build	Cache Android SDK	2026-06-06T12:22:51.3095315Z /usr/bin/tar: ../../../../../usr/local/lib/android/sdk/platforms/android-34-ext11/data/res/values-hy-television: Cannot utime: Operation not permitted
build	Cache Android SDK	2026-06-06T12:22:51.3095843Z /usr/bin/tar: ../../../../../usr/local/lib/android/sdk/platforms/android-34-ext11/data/res/values-hy-television: Cannot change mode to rwxr-xr-x: Operation not permitted
build	Cache Android SDK	2026-06-06T12:22:51.3098530Z /usr/bin/tar: ../../../../../usr/local/lib/android/sdk/platforms/android-34-ext11/data/res/values-mcc310-mnc150-pt: Cannot utime: Operation not permitted
build	Cache Android SDK	2026-06-06T12:22:51.3098993Z /usr/bin/tar: ../../../../../usr/local/lib/android/sdk/platforms/android-34-ext11/data/res/values-mcc310-mnc150-pt: Cannot change mode to rwxr-xr-x: Operation not permitted
build	Cache Android SDK	2026-06-06T12:22:51.3101916Z /usr/bin/tar: ../../../../../usr/local/lib/android/sdk/platforms/android-34-ext11/data/res/values-mcc310-mnc270-hr: Cannot utime: Operation not permitted
build	Cache Android SDK	2026-06-06T12:22:51.3102446Z /usr/bin/tar: ../../../../../usr/local/lib/android/sdk/platforms/android-34-ext11/data/res/values-mcc310-mnc270-hr: Cannot change mode to rwxr-xr-x: Operation not permitted
build	Cache Android SDK	2026-06-06T12:22:51.3105070Z /usr/bin/tar: ../../../../../usr/local/lib/android/sdk/platforms/android-34-ext11/data/res/values-mcc302-mnc720-fa: Cannot utime: Operation not permitted
build	Cache Android SDK	2026-06-06T12:22:51.3105536Z /usr/bin/tar: ../../../../../usr/local/lib/android/sdk/platforms/android-34-ext11/data/res/values-mcc302-mnc720-fa: Cannot change mode to rwxr-xr-x: Operation not permitted
build	Cache Android SDK	2026-06-06T12:22:51.3108160Z /usr/bin/tar: ../../../../../usr/local/lib/android/sdk/platforms/android-34-ext11/data/res/values-mcc310-mnc310-ml: Cannot utime: Operation not permitted
build	Cache Android SDK	2026-06-06T12:22:51.3108684Z /usr/bin/tar: ../../../../../usr/local/lib/android/sdk/platforms/android-34-ext11/data/res/values-mcc310-mnc310-ml: Cannot change mode to rwxr-xr-x: Operation not permitted
build	Cache Android SDK	2026-06-06T12:22:51.3111638Z /usr/bin/tar: ../../../../../usr/local/lib/android/sdk/platforms/android-34-ext11/data/res/values-mcc310-mnc380-hy: Cannot utime: Operation not permitted
build	Cache Android SDK	2026-06-06T12:22:51.3112181Z /usr/bin/tar: ../../../../../usr/local/lib/android/sdk/platforms/android-34-ext11/data/res/values-mcc310-mnc380-hy: Cannot change mode to rwxr-xr-x: Operation not permitted
build	Cache Android SDK	2026-06-06T12:22:51.3116138Z /usr/bin/tar: ../../../../../usr/local/lib/android/sdk/platforms/android-34-ext11/data/res/values-mcc001-mnc01-kk: Cannot utime: Operation not permitted
build	Cache Android SDK	2026-06-06T12:22:51.3116615Z /usr/bin/tar: ../../../../../usr/local/lib/android/sdk/platforms/android-34-ext11/data/res/values-mcc001-mnc01-kk: Cannot change mode to rwxr-xr-x: Operation not permitted
build	Cache Android SDK	2026-06-06T12:22:51.3123080Z /usr/bin/tar: ../../../../../usr/local/lib/android/sdk/platforms/android-34-ext11/data/res/values-ja: Cannot utime: Operation not permitted
build	Cache Android SDK	2026-06-06T12:22:51.3123671Z /usr/bin/tar: ../../../../../usr/local/lib/android/sdk/platforms/android-34-ext11/data/res/values-ja: Cannot change mode to rwxr-xr-x: Operation not permitted
build	Cache Android SDK	2026-06-06T12:22:51.3126209Z /usr/bin/tar: ../../../../../usr/local/lib/android/sdk/platforms/android-34-ext11/data/res/values-mcc310-mnc270-es: Cannot utime: Operation not permitted
build	Cache Android SDK	2026-06-06T12:22:51.3126789Z /usr/bin/tar: ../../../../../usr/local/lib/android/sdk/platforms/android-34-ext11/data/res/values-mcc310-mnc270-es: Cannot change mode to rwxr-xr-x: Operation not permitted
build	Cache Android SDK	2026-06-06T12:22:51.3129253Z /usr/bin/tar: ../../../../../usr/local/lib/android/sdk/platforms/android-34-ext11/data/res/values-mcc310-mnc230-az: Cannot utime: Operation not permitted
build	Cache Android SDK	2026-06-06T12:22:51.3129740Z /usr/bin/tar: ../../../../../usr/local/lib/android/sdk/platforms/android-34-ext11/data/res/values-mcc310-mnc230-az: Cannot change mode to rwxr-xr-x: Operation not permitted
build	Cache Android SDK	2026-06-06T12:22:51.3131917Z /usr/bin/tar: ../../../../../usr/local/lib/android/sdk/platforms/android-34-ext11/data/res/values-mcc313-mnc100-hi: Cannot utime: Operation not permitted
build	Cache Android SDK	2026-06-06T12:22:51.3132417Z /usr/bin/tar: ../../../../../usr/local/lib/android/sdk/platforms/android-34-ext11/data/res/values-mcc313-mnc100-hi: Cannot change mode to rwxr-xr-x: Operation not permitted
build	Cache Android SDK	2026-06-06T12:22:51.3140307Z /usr/bin/tar: ../../../../../usr/local/lib/android/sdk/platforms/android-34-ext11/data/res/values-mcc310-mnc240-zh-rTW: Cannot utime: Operation not permitted
build	Cache Android SDK	2026-06-06T12:22:51.3140911Z /usr/bin/tar: ../../../../../usr/local/lib/android/sdk/platforms/android-34-ext11/data/res/values-mcc310-mnc240-zh-rTW: Cannot change mode to rwxr-xr-x: Operation not permitted
build	Cache Android SDK	2026-06-06T12:22:51.3145063Z /usr/bin/tar: ../../../../../usr/local/lib/android/sdk/platforms/android-34-ext11/data/res/values-mcc310-mnc210-es: Cannot utime: Operation not permitted
build	Cache Android SDK	2026-06-06T12:22:51.3145621Z /usr/bin/tar: ../../../../../usr/local/lib/android/sdk/platforms/android-34-ext11/data/res/values-mcc310-mnc210-es: Cannot change mode to rwxr-xr-x: Operation not permitted
build	Cache Android SDK	2026-06-06T12:22:51.3148103Z /usr/bin/tar: ../../../../../usr/local/lib/android/sdk/platforms/android-34-ext11/data/res/values-mcc310-mnc150-ca: Cannot utime: Operation not permitted
build	Cache Android SDK	2026-06-06T12:22:51.3148690Z /usr/bin/tar: ../../../../../usr/local/lib/android/sdk/platforms/android-34-ext11/data/res/values-mcc310-mnc150-ca: Cannot change mode to rwxr-xr-x: Operation not permitted
build	Cache Android SDK	2026-06-06T12:22:51.3151349Z /usr/bin/tar: ../../../../../usr/local/lib/android/sdk/platforms/android-34-ext11/data/res/values-mcc310-mnc210-te: Cannot utime: Operation not permitted
build	Cache Android SDK	2026-06-06T12:22:51.3151824Z /usr/bin/tar: ../../../../../usr/local/lib/android/sdk/platforms/android-34-ext11/data/res/values-mcc310-mnc210-te: Cannot change mode to rwxr-xr-x: Operation not permitted
build	Cache Android SDK	2026-06-06T12:22:51.3154772Z /usr/bin/tar: ../../../../../usr/local/lib/android/sdk/platforms/android-34-ext11/data/res/values-mcc310-mnc210-hy: Cannot utime: Operation not permitted
build	Cache Android SDK	2026-06-06T12:22:51.3155247Z /usr/bin/tar: ../../../../../usr/local/lib/android/sdk/platforms/android-34-ext11/data/res/values-mcc310-mnc210-hy: Cannot change mode to rwxr-xr-x: Operation not permitted
build	Cache Android SDK	2026-06-06T12:22:51.3157989Z /usr/bin/tar: ../../../../../usr/local/lib/android/sdk/platforms/android-34-ext11/data/res/values-mcc334-mnc020-is: Cannot utime: Operation not permitted
build	Cache Android SDK	2026-06-06T12:22:51.3158468Z /usr/bin/tar: ../../../../../usr/local/lib/android/sdk/platforms/android-34-ext11/data/res/values-mcc334-mnc020-is: Cannot change mode to rwxr-xr-x: Operation not permitted
build	Cache Android SDK	2026-06-06T12:22:51.3161135Z /usr/bin/tar: ../../../../../usr/local/lib/android/sdk/platforms/android-34-ext11/data/res/values-mcc310-mnc220-b+sr+Latn: Cannot utime: Operation not permitted
build	Cache Android SDK	2026-06-06T12:22:51.3161652Z /usr/bin/tar: ../../../../../usr/local/lib/android/sdk/platforms/android-34-ext11/data/res/values-mcc310-mnc220-b+sr+Latn: Cannot change mode to rwxr-xr-x: Operation not permitted
build	Cache Android SDK	2026-06-06T12:22:51.3164098Z /usr/bin/tar: ../../../../../usr/local/lib/android/sdk/platforms/android-34-ext11/data/res/values-mcc310-mnc200-cs: Cannot utime: Operation not permitted
build	Cache Android SDK	2026-06-06T12:22:51.3164587Z /usr/bin/tar: ../../../../../usr/local/lib/android/sdk/platforms/android-34-ext11/data/res/values-mcc310-mnc200-cs: Cannot change mode to rwxr-xr-x: Operation not permitted
build	Cache Android SDK	2026-06-06T12:22:51.3167833Z /usr/bin/tar: ../../../../../usr/local/lib/android/sdk/platforms/android-34-ext11/data/res/values-it-rIT: Cannot utime: Operation not permitted
build	Cache Android SDK	2026-06-06T12:22:51.3168290Z /usr/bin/tar: ../../../../../usr/local/lib/android/sdk/platforms/android-34-ext11/data/res/values-it-rIT: Cannot change mode to rwxr-xr-x: Operation not permitted
build	Cache Android SDK	2026-06-06T12:22:51.3170433Z /usr/bin/tar: ../../../../../usr/local/lib/android/sdk/platforms/android-34-ext11/data/res/values-mcc310-mnc950-sv: Cannot utime: Operation not permitted
build	Cache Android SDK	2026-06-06T12:22:51.3170914Z /usr/bin/tar: ../../../../../usr/local/lib/android/sdk/platforms/android-34-ext11/data/res/values-mcc310-mnc950-sv: Cannot change mode to rwxr-xr-x: Operation not permitted
build	Cache Android SDK	2026-06-06T12:22:51.3173448Z /usr/bin/tar: ../../../../../usr/local/lib/android/sdk/platforms/android-34-ext11/data/res/values-mcc310-mnc030-pl: Cannot utime: Operation not permitted
build	Cache Android SDK	2026-06-06T12:22:51.3173949Z /usr/bin/tar: ../../../../../usr/local/lib/android/sdk/platforms/android-34-ext11/data/res/values-mcc310-mnc030-pl: Cannot change mode to rwxr-xr-x: Operation not permitted
build	Cache Android SDK	2026-06-06T12:22:51.3176273Z /usr/bin/tar: ../../../../../usr/local/lib/android/sdk/platforms/android-34-ext11/data/res/values-mcc404: Cannot utime: Operation not permitted
build	Cache Android SDK	2026-06-06T12:22:51.3176719Z /usr/bin/tar: ../../../../../usr/local/lib/android/sdk/platforms/android-34-ext11/data/res/values-mcc404: Cannot change mode to rwxr-xr-x: Operation not permitted
build	Cache Android SDK	2026-06-06T12:22:51.3179372Z /usr/bin/tar: ../../../../../usr/local/lib/android/sdk/platforms/android-34-ext11/data/res/values-mcc310-mnc490-zh-rHK: Cannot utime: Operation not permitted
build	Cache Android SDK	2026-06-06T12:22:51.3179873Z /usr/bin/tar: ../../../../../usr/local/lib/android/sdk/platforms/android-34-ext11/data/res/values-mcc310-mnc490-zh-rHK: Cannot change mode to rwxr-xr-x: Operation not permitted
build	Cache Android SDK	2026-06-06T12:22:51.3182425Z /usr/bin/tar: ../../../../../usr/local/lib/android/sdk/platforms/android-34-ext11/data/res/values-mcc334-mnc020-eu: Cannot utime: Operation not permitted
build	Cache Android SDK	2026-06-06T12:22:51.3182910Z /usr/bin/tar: ../../../../../usr/local/lib/android/sdk/platforms/android-34-ext11/data/res/values-mcc334-mnc020-eu: Cannot change mode to rwxr-xr-x: Operation not permitted
build	Cache Android SDK	2026-06-06T12:22:51.3185616Z /usr/bin/tar: ../../../../../usr/local/lib/android/sdk/platforms/android-34-ext11/data/res/values-mcc302-mnc370-gl: Cannot utime: Operation not permitted
build	Cache Android SDK	2026-06-06T12:22:51.3186097Z /usr/bin/tar: ../../../../../usr/local/lib/android/sdk/platforms/android-34-ext11/data/res/values-mcc302-mnc370-gl: Cannot change mode to rwxr-xr-x: Operation not permitted
build	Cache Android SDK	2026-06-06T12:22:51.3188564Z /usr/bin/tar: ../../../../../usr/local/lib/android/sdk/platforms/android-34-ext11/data/res/values-mcc310-mnc210-hr: Cannot utime: Operation not permitted
build	Cache Android SDK	2026-06-06T12:22:51.3189038Z /usr/bin/tar: ../../../../../usr/local/lib/android/sdk/platforms/android-34-ext11/data/res/values-mcc310-mnc210-hr: Cannot change mode to rwxr-xr-x: Operation not permitted
build	Cache Android SDK	2026-06-06T12:22:51.3191691Z /usr/bin/tar: ../../../../../usr/local/lib/android/sdk/platforms/android-34-ext11/data/res/values-mcc001-mnc01-mr: Cannot utime: Operation not permitted
build	Cache Android SDK	2026-06-06T12:22:51.3192331Z /usr/bin/tar: ../../../../../usr/local/lib/android/sdk/platforms/android-34-ext11/data/res/values-mcc001-mnc01-mr: Cannot change mode to rwxr-xr-x: Operation not permitted
build	Cache Android SDK	2026-06-06T12:22:51.3195152Z /usr/bin/tar: ../../../../../usr/local/lib/android/sdk/platforms/android-34-ext11/data/res/values-mcc310-mnc150-tl: Cannot utime: Operation not permitted
build	Cache Android SDK	2026-06-06T12:22:51.3195643Z /usr/bin/tar: ../../../../../usr/local/lib/android/sdk/platforms/android-34-ext11/data/res/values-mcc310-mnc150-tl: Cannot change mode to rwxr-xr-x: Operation not permitted
build	Cache Android SDK	2026-06-06T12:22:51.3202323Z /usr/bin/tar: ../../../../../usr/local/lib/android/sdk/platforms/android-34-ext11/data/res/values-km: Cannot utime: Operation not permitted
build	Cache Android SDK	2026-06-06T12:22:51.3202941Z /usr/bin/tar: ../../../../../usr/local/lib/android/sdk/platforms/android-34-ext11/data/res/values-km: Cannot change mode to rwxr-xr-x: Operation not permitted
build	Cache Android SDK	2026-06-06T12:22:51.3204884Z /usr/bin/tar: ../../../../../usr/local/lib/android/sdk/platforms/android-34-ext11/data/res/values-mcc302-mnc370-be: Cannot utime: Operation not permitted
build	Cache Android SDK	2026-06-06T12:22:51.3205373Z /usr/bin/tar: ../../../../../usr/local/lib/android/sdk/platforms/android-34-ext11/data/res/values-mcc302-mnc370-be: Cannot change mode to rwxr-xr-x: Operation not permitted
build	Cache Android SDK	2026-06-06T12:22:51.3207807Z /usr/bin/tar: ../../../../../usr/local/lib/android/sdk/platforms/android-34-ext11/data/res/values-mcc310-mnc380-uk: Cannot utime: Operation not permitted
build	Cache Android SDK	2026-06-06T12:22:51.3208294Z /usr/bin/tar: ../../../../../usr/local/lib/android/sdk/platforms/android-34-ext11/data/res/values-mcc310-mnc380-uk: Cannot change mode to rwxr-xr-x: Operation not permitted
build	Cache Android SDK	2026-06-06T12:22:51.3210802Z /usr/bin/tar: ../../../../../usr/local/lib/android/sdk/platforms/android-34-ext11/data/res/values-mcc302-mnc370-uk: Cannot utime: Operation not permitted
build	Cache Android SDK	2026-06-06T12:22:51.3211412Z /usr/bin/tar: ../../../../../usr/local/lib/android/sdk/platforms/android-34-ext11/data/res/values-mcc302-mnc370-uk: Cannot change mode to rwxr-xr-x: Operation not permitted
build	Cache Android SDK	2026-06-06T12:22:51.3213670Z /usr/bin/tar: ../../../../../usr/local/lib/android/sdk/platforms/android-34-ext11/data/res/values-mcc001-mnc01-lt: Cannot utime: Operation not permitted
build	Cache Android SDK	2026-06-06T12:22:51.3214220Z /usr/bin/tar: ../../../../../usr/local/lib/android/sdk/platforms/android-34-ext11/data/res/values-mcc001-mnc01-lt: Cannot change mode to rwxr-xr-x: Operation not permitted
build	Cache Android SDK	2026-06-06T12:22:51.3216818Z /usr/bin/tar: ../../../../../usr/local/lib/android/sdk/platforms/android-34-ext11/data/res/values-mcc310-mnc560-en-rCA: Cannot utime: Operation not permitted
build	Cache Android SDK	2026-06-06T12:22:51.3217518Z /usr/bin/tar: ../../../../../usr/local/lib/android/sdk/platforms/android-34-ext11/data/res/values-mcc310-mnc560-en-rCA: Cannot change mode to rwxr-xr-x: Operation not permitted
build	Cache Android SDK	2026-06-06T12:22:51.3219573Z /usr/bin/tar: ../../../../../usr/local/lib/android/sdk/platforms/android-34-ext11/data/res/values-mcc310-mnc310-uk: Cannot utime: Operation not permitted
build	Cache Android SDK	2026-06-06T12:22:51.3220052Z /usr/bin/tar: ../../../../../usr/local/lib/android/sdk/platforms/android-34-ext11/data/res/values-mcc310-mnc310-uk: Cannot change mode to rwxr-xr-x: Operation not permitted
build	Cache Android SDK	2026-06-06T12:22:51.3222419Z /usr/bin/tar: ../../../../../usr/local/lib/android/sdk/platforms/android-34-ext11/data/res/values-mcc302-mnc720-uk: Cannot utime: Operation not permitted
build	Cache Android SDK	2026-06-06T12:22:51.3222889Z /usr/bin/tar: ../../../../../usr/local/lib/android/sdk/platforms/android-34-ext11/data/res/values-mcc302-mnc720-uk: Cannot change mode to rwxr-xr-x: Operation not permitted
build	Cache Android SDK	2026-06-06T12:22:51.3225205Z /usr/bin/tar: ../../../../../usr/local/lib/android/sdk/platforms/android-34-ext11/data/res/values-mcc310-mnc240-ka: Cannot utime: Operation not permitted
build	Cache Android SDK	2026-06-06T12:22:51.3225845Z /usr/bin/tar: ../../../../../usr/local/lib/android/sdk/platforms/android-34-ext11/data/res/values-mcc310-mnc240-ka: Cannot change mode to rwxr-xr-x: Operation not permitted
build	Cache Android SDK	2026-06-06T12:22:51.3234744Z /usr/bin/tar: ../../../../../usr/local/lib/android/sdk/platforms/android-34-ext11/data/res/values-watch: Cannot utime: Operation not permitted
build	Cache Android SDK	2026-06-06T12:22:51.3235297Z /usr/bin/tar: ../../../../../usr/local/lib/android/sdk/platforms/android-34-ext11/data/res/values-watch: Cannot change mode to rwxr-xr-x: Operation not permitted
build	Cache Android SDK	2026-06-06T12:22:51.3237721Z /usr/bin/tar: ../../../../../usr/local/lib/android/sdk/platforms/android-34-ext11/data/res/values-mcc310-mnc800-bs: Cannot utime: Operation not permitted
build	Cache Android SDK	2026-06-06T12:22:51.3238226Z /usr/bin/tar: ../../../../../usr/local/lib/android/sdk/platforms/android-34-ext11/data/res/values-mcc310-mnc800-bs: Cannot change mode to rwxr-xr-x: Operation not permitted
build	Cache Android SDK	2026-06-06T12:22:51.3240553Z /usr/bin/tar: ../../../../../usr/local/lib/android/sdk/platforms/android-34-ext11/data/res/values-mcc310-mnc150-az: Cannot utime: Operation not permitted
build	Cache Android SDK	2026-06-06T12:22:51.3241204Z /usr/bin/tar: ../../../../../usr/local/lib/android/sdk/platforms/android-34-ext11/data/res/values-mcc310-mnc150-az: Cannot change mode to rwxr-xr-x: Operation not permitted
build	Cache Android SDK	2026-06-06T12:22:51.3247843Z /usr/bin/tar: ../../../../../usr/local/lib/android/sdk/platforms/android-34-ext11/data/res/values-kn: Cannot utime: Operation not permitted
build	Cache Android SDK	2026-06-06T12:22:51.3248787Z /usr/bin/tar: ../../../../../usr/local/lib/android/sdk/platforms/android-34-ext11/data/res/values-kn: Cannot change mode to rwxr-xr-x: Operation not permitted
build	Cache Android SDK	2026-06-06T12:22:51.3251298Z /usr/bin/tar: ../../../../../usr/local/lib/android/sdk/platforms/android-34-ext11/data/res/values-mcc310-mnc490-pt: Cannot utime: Operation not permitted
build	Cache Android SDK	2026-06-06T12:22:51.3252194Z /usr/bin/tar: ../../../../../usr/local/lib/android/sdk/platforms/android-34-ext11/data/res/values-mcc310-mnc490-pt: Cannot change mode to rwxr-xr-x: Operation not permitted
build	Cache Android SDK	2026-06-06T12:22:51.3254440Z /usr/bin/tar: ../../../../../usr/local/lib/android/sdk/platforms/android-34-ext11/data/res/values-mcc310-mnc280-or: Cannot utime: Operation not permitted
build	Cache Android SDK	2026-06-06T12:22:51.3255076Z /usr/bin/tar: ../../../../../usr/local/lib/android/sdk/platforms/android-34-ext11/data/res/values-mcc310-mnc280-or: Cannot change mode to rwxr-xr-x: Operation not permitted
build	Cache Android SDK	2026-06-06T12:22:51.3257162Z /usr/bin/tar: ../../../../../usr/local/lib/android/sdk/platforms/android-34-ext11/data/res/values-mcc311-mnc180-iw: Cannot utime: Operation not permitted
build	Cache Android SDK	2026-06-06T12:22:51.3257758Z /usr/bin/tar: ../../../../../usr/local/lib/android/sdk/platforms/android-34-ext11/data/res/values-mcc311-mnc180-iw: Cannot change mode to rwxr-xr-x: Operation not permitted
build	Cache Android SDK	2026-06-06T12:22:51.3260294Z /usr/bin/tar: ../../../../../usr/local/lib/android/sdk/platforms/android-34-ext11/data/res/values-ru-watch: Cannot utime: Operation not permitted
build	Cache Android SDK	2026-06-06T12:22:51.3260903Z /usr/bin/tar: ../../../../../usr/local/lib/android/sdk/platforms/android-34-ext11/data/res/values-ru-watch: Cannot change mode to rwxr-xr-x: Operation not permitted
build	Cache Android SDK	2026-06-06T12:22:51.3263098Z /usr/bin/tar: ../../../../../usr/local/lib/android/sdk/platforms/android-34-ext11/data/res/values-mcc310-mnc800-sl: Cannot utime: Operation not permitted
build	Cache Android SDK	2026-06-06T12:22:51.3263580Z /usr/bin/tar: ../../../../../usr/local/lib/android/sdk/platforms/android-34-ext11/data/res/values-mcc310-mnc800-sl: Cannot change mode to rwxr-xr-x: Operation not permitted
build	Cache Android SDK	2026-06-06T12:22:51.3267019Z /usr/bin/tar: ../../../../../usr/local/lib/android/sdk/platforms/android-34-ext11/data/res/layout-round-watch: Cannot utime: Operation not permitted
build	Cache Android SDK	2026-06-06T12:22:51.3267649Z /usr/bin/tar: ../../../../../usr/local/lib/android/sdk/platforms/android-34-ext11/data/res/layout-round-watch: Cannot change mode to rwxr-xr-x: Operation not permitted
build	Cache Android SDK	2026-06-06T12:22:51.3270040Z /usr/bin/tar: ../../../../../usr/local/lib/android/sdk/platforms/android-34-ext11/data/res/values-af-rZA: Cannot utime: Operation not permitted
build	Cache Android SDK	2026-06-06T12:22:51.3270588Z /usr/bin/tar: ../../../../../usr/local/lib/android/sdk/platforms/android-34-ext11/data/res/values-af-rZA: Cannot change mode to rwxr-xr-x: Operation not permitted
build	Cache Android SDK	2026-06-06T12:22:51.3273236Z /usr/bin/tar: ../../../../../usr/local/lib/android/sdk/platforms/android-34-ext11/data/res/values-mcc310-mnc410-hr: Cannot utime: Operation not permitted
build	Cache Android SDK	2026-06-06T12:22:51.3273715Z /usr/bin/tar: ../../../../../usr/local/lib/android/sdk/platforms/android-34-ext11/data/res/values-mcc310-mnc410-hr: Cannot change mode to rwxr-xr-x: Operation not permitted
build	Cache Android SDK	2026-06-06T12:22:51.3276181Z /usr/bin/tar: ../../../../../usr/local/lib/android/sdk/platforms/android-34-ext11/data/res/values-mcc312-mnc670-ka: Cannot utime: Operation not permitted
build	Cache Android SDK	2026-06-06T12:22:51.3276659Z /usr/bin/tar: ../../../../../usr/local/lib/android/sdk/platforms/android-34-ext11/data/res/values-mcc312-mnc670-ka: Cannot change mode to rwxr-xr-x: Operation not permitted
build	Cache Android SDK	2026-06-06T12:22:51.3279074Z /usr/bin/tar: ../../../../../usr/local/lib/android/sdk/platforms/android-34-ext11/data/res/values-mcc310-mnc950-am: Cannot utime: Operation not permitted
build	Cache Android SDK	2026-06-06T12:22:51.3279561Z /usr/bin/tar: ../../../../../usr/local/lib/android/sdk/platforms/android-34-ext11/data/res/values-mcc310-mnc950-am: Cannot change mode to rwxr-xr-x: Operation not permitted
build	Cache Android SDK	2026-06-06T12:22:51.3282592Z /usr/bin/tar: ../../../../../usr/local/lib/android/sdk/platforms/android-34-ext11/data/res/values-mcc313-mnc100-kn: Cannot utime: Operation not permitted
build	Cache Android SDK	2026-06-06T12:22:51.3283069Z /usr/bin/tar: ../../../../../usr/local/lib/android/sdk/platforms/android-34-ext11/data/res/values-mcc313-mnc100-kn: Cannot change mode to rwxr-xr-x: Operation not permitted
build	Cache Android SDK	2026-06-06T12:22:51.3285772Z /usr/bin/tar: ../../../../../usr/local/lib/android/sdk/platforms/android-34-ext11/data/res/values-mcc311-mnc180-pa: Cannot utime: Operation not permitted
build	Cache Android SDK	2026-06-06T12:22:51.3286265Z /usr/bin/tar: ../../../../../usr/local/lib/android/sdk/platforms/android-34-ext11/data/res/values-mcc311-mnc180-pa: Cannot change mode to rwxr-xr-x: Operation not permitted
build	Cache Android SDK	2026-06-06T12:22:51.3288685Z /usr/bin/tar: ../../../../../usr/local/lib/android/sdk/platforms/android-34-ext11/data/res/values-mcc334-mnc020-ko: Cannot utime: Operation not permitted
build	Cache Android SDK	2026-06-06T12:22:51.3289163Z /usr/bin/tar: ../../../../../usr/local/lib/android/sdk/platforms/android-34-ext11/data/res/values-mcc334-mnc020-ko: Cannot change mode to rwxr-xr-x: Operation not permitted
build	Cache Android SDK	2026-06-06T12:22:51.3291983Z /usr/bin/tar: ../../../../../usr/local/lib/android/sdk/platforms/android-34-ext11/data/res/values-sk-rSK: Cannot utime: Operation not permitted
build	Cache Android SDK	2026-06-06T12:22:51.3292438Z /usr/bin/tar: ../../../../../usr/local/lib/android/sdk/platforms/android-34-ext11/data/res/values-sk-rSK: Cannot change mode to rwxr-xr-x: Operation not permitted
build	Cache Android SDK	2026-06-06T12:22:51.3295349Z /usr/bin/tar: ../../../../../usr/local/lib/android/sdk/platforms/android-34-ext11/data/res/values-mcc302-mnc370-sk: Cannot utime: Operation not permitted
build	Cache Android SDK	2026-06-06T12:22:51.3295916Z /usr/bin/tar: ../../../../../usr/local/lib/android/sdk/platforms/android-34-ext11/data/res/values-mcc302-mnc370-sk: Cannot change mode to rwxr-xr-x: Operation not permitted
build	Cache Android SDK	2026-06-06T12:22:51.3298680Z /usr/bin/tar: ../../../../../usr/local/lib/android/sdk/platforms/android-34-ext11/data/res/values-mcc001-mnc01-iw: Cannot utime: Operation not permitted
build	Cache Android SDK	2026-06-06T12:22:51.3299153Z /usr/bin/tar: ../../../../../usr/local/lib/android/sdk/platforms/android-34-ext11/data/res/values-mcc001-mnc01-iw: Cannot change mode to rwxr-xr-x: Operation not permitted
build	Cache Android SDK	2026-06-06T12:22:51.3301848Z /usr/bin/tar: ../../../../../usr/local/lib/android/sdk/platforms/android-34-ext11/data/res/values-mcc310-mnc310-te: Cannot utime: Operation not permitted
build	Cache Android SDK	2026-06-06T12:22:51.3302324Z /usr/bin/tar: ../../../../../usr/local/lib/android/sdk/platforms/android-34-ext11/data/res/values-mcc310-mnc310-te: Cannot change mode to rwxr-xr-x: Operation not permitted
build	Cache Android SDK	2026-06-06T12:22:51.3304686Z /usr/bin/tar: ../../../../../usr/local/lib/android/sdk/platforms/android-34-ext11/data/res/values-mcc310-mnc200-fi: Cannot utime: Operation not permitted
build	Cache Android SDK	2026-06-06T12:22:51.3305161Z /usr/bin/tar: ../../../../../usr/local/lib/android/sdk/platforms/android-34-ext11/data/res/values-mcc310-mnc200-fi: Cannot change mode to rwxr-xr-x: Operation not permitted
build	Cache Android SDK	2026-06-06T12:22:51.3308396Z /usr/bin/tar: ../../../../../usr/local/lib/android/sdk/platforms/android-34-ext11/data/res/values-mcc310-mnc270-fr: Cannot utime: Operation not permitted
build	Cache Android SDK	2026-06-06T12:22:51.3308872Z /usr/bin/tar: ../../../../../usr/local/lib/android/sdk/platforms/android-34-ext11/data/res/values-mcc310-mnc270-fr: Cannot change mode to rwxr-xr-x: Operation not permitted
build	Cache Android SDK	2026-06-06T12:22:51.3315177Z /usr/bin/tar: ../../../../../usr/local/lib/android/sdk/platforms/android-34-ext11/data/res/values-sv: Cannot utime: Operation not permitted
build	Cache Android SDK	2026-06-06T12:22:51.3316098Z /usr/bin/tar: ../../../../../usr/local/lib/android/sdk/platforms/android-34-ext11/data/res/values-sv: Cannot change mode to rwxr-xr-x: Operation not permitted
build	Cache Android SDK	2026-06-06T12:22:51.3317970Z /usr/bin/tar: ../../../../../usr/local/lib/android/sdk/platforms/android-34-ext11/data/res/values-mcc310-mnc160-pa: Cannot utime: Operation not permitted
build	Cache Android SDK	2026-06-06T12:22:51.3318458Z /usr/bin/tar: ../../../../../usr/local/lib/android/sdk/platforms/android-34-ext11/data/res/values-mcc310-mnc160-pa: Cannot change mode to rwxr-xr-x: Operation not permitted
build	Cache Android SDK	2026-06-06T12:22:51.3321119Z /usr/bin/tar: ../../../../../usr/local/lib/android/sdk/platforms/android-34-ext11/data/res/values-mcc310-mnc270-ca: Cannot utime: Operation not permitted
build	Cache Android SDK	2026-06-06T12:22:51.3321599Z /usr/bin/tar: ../../../../../usr/local/lib/android/sdk/platforms/android-34-ext11/data/res/values-mcc310-mnc270-ca: Cannot change mode to rwxr-xr-x: Operation not permitted
build	Cache Android SDK	2026-06-06T12:22:51.3324369Z /usr/bin/tar: ../../../../../usr/local/lib/android/sdk/platforms/android-34-ext11/data/res/values-en-rCA-television: Cannot utime: Operation not permitted
build	Cache Android SDK	2026-06-06T12:22:51.3324945Z /usr/bin/tar: ../../../../../usr/local/lib/android/sdk/platforms/android-34-ext11/data/res/values-en-rCA-television: Cannot change mode to rwxr-xr-x: Operation not permitted
build	Cache Android SDK	2026-06-06T12:22:51.3327521Z /usr/bin/tar: ../../../../../usr/local/lib/android/sdk/platforms/android-34-ext11/data/res/values-mcc310-mnc150-zh-rCN: Cannot utime: Operation not permitted
build	Cache Android SDK	2026-06-06T12:22:51.3328027Z /usr/bin/tar: ../../../../../usr/local/lib/android/sdk/platforms/android-34-ext11/data/res/values-mcc310-mnc150-zh-rCN: Cannot change mode to rwxr-xr-x: Operation not permitted
build	Cache Android SDK	2026-06-06T12:22:51.3330384Z /usr/bin/tar: ../../../../../usr/local/lib/android/sdk/platforms/android-34-ext11/data/res/values-mcc310-mnc660-uz: Cannot utime: Operation not permitted
build	Cache Android SDK	2026-06-06T12:22:51.3330846Z /usr/bin/tar: ../../../../../usr/local/lib/android/sdk/platforms/android-34-ext11/data/res/values-mcc310-mnc660-uz: Cannot change mode to rwxr-xr-x: Operation not permitted
build	Cache Android SDK	2026-06-06T12:22:51.3333287Z /usr/bin/tar: ../../../../../usr/local/lib/android/sdk/platforms/android-34-ext11/data/res/values-mcc310-mnc560-bs: Cannot utime: Operation not permitted
build	Cache Android SDK	2026-06-06T12:22:51.3333754Z /usr/bin/tar: ../../../../../usr/local/lib/android/sdk/platforms/android-34-ext11/data/res/values-mcc310-mnc560-bs: Cannot change mode to rwxr-xr-x: Operation not permitted
build	Cache Android SDK	2026-06-06T12:22:51.3336215Z /usr/bin/tar: ../../../../../usr/local/lib/android/sdk/platforms/android-34-ext11/data/res/values-mcc302-mnc720-hy: Cannot utime: Operation not permitted
build	Cache Android SDK	2026-06-06T12:22:51.3336675Z /usr/bin/tar: ../../../../../usr/local/lib/android/sdk/platforms/android-34-ext11/data/res/values-mcc302-mnc720-hy: Cannot change mode to rwxr-xr-x: Operation not permitted
build	Cache Android SDK	2026-06-06T12:22:51.3339369Z /usr/bin/tar: ../../../../../usr/local/lib/android/sdk/platforms/android-34-ext11/data/res/values-mcc310-mnc210-mk: Cannot utime: Operation not permitted
build	Cache Android SDK	2026-06-06T12:22:51.3339890Z /usr/bin/tar: ../../../../../usr/local/lib/android/sdk/platforms/android-34-ext11/data/res/values-mcc310-mnc210-mk: Cannot change mode to rwxr-xr-x: Operation not permitted
build	Cache Android SDK	2026-06-06T12:22:51.3342372Z /usr/bin/tar: ../../../../../usr/local/lib/android/sdk/platforms/android-34-ext11/data/res/values-mcc334-mnc020-ro: Cannot utime: Operation not permitted
build	Cache Android SDK	2026-06-06T12:22:51.3342836Z /usr/bin/tar: ../../../../../usr/local/lib/android/sdk/platforms/android-34-ext11/data/res/values-mcc334-mnc020-ro: Cannot change mode to rwxr-xr-x: Operation not permitted
build	Cache Android SDK	2026-06-06T12:22:51.3345703Z /usr/bin/tar: ../../../../../usr/local/lib/android/sdk/platforms/android-34-ext11/data/res/values-mcc310-mnc280-lo: Cannot utime: Operation not permitted
build	Cache Android SDK	2026-06-06T12:22:51.3346170Z /usr/bin/tar: ../../../../../usr/local/lib/android/sdk/platforms/android-34-ext11/data/res/values-mcc310-mnc280-lo: Cannot change mode to rwxr-xr-x: Operation not permitted
build	Cache Android SDK	2026-06-06T12:22:51.3348805Z /usr/bin/tar: ../../../../../usr/local/lib/android/sdk/platforms/android-34-ext11/data/res/values-mcc311-mnc180-ka: Cannot utime: Operation not permitted
build	Cache Android SDK	2026-06-06T12:22:51.3349316Z /usr/bin/tar: ../../../../../usr/local/lib/android/sdk/platforms/android-34-ext11/data/res/values-mcc311-mnc180-ka: Cannot change mode to rwxr-xr-x: Operation not permitted
build	Cache Android SDK	2026-06-06T12:22:51.3352504Z /usr/bin/tar: ../../../../../usr/local/lib/android/sdk/platforms/android-34-ext11/data/res/values-mcc310-mnc280-nl: Cannot utime: Operation not permitted
build	Cache Android SDK	2026-06-06T12:22:51.3352963Z /usr/bin/tar: ../../../../../usr/local/lib/android/sdk/platforms/android-34-ext11/data/res/values-mcc310-mnc280-nl: Cannot change mode to rwxr-xr-x: Operation not permitted
build	Cache Android SDK	2026-06-06T12:22:51.3355331Z /usr/bin/tar: ../../../../../usr/local/lib/android/sdk/platforms/android-34-ext11/data/res/values-mcc310-mnc160: Cannot utime: Operation not permitted
build	Cache Android SDK	2026-06-06T12:22:51.3355794Z /usr/bin/tar: ../../../../../usr/local/lib/android/sdk/platforms/android-34-ext11/data/res/values-mcc310-mnc160: Cannot change mode to rwxr-xr-x: Operation not permitted
build	Cache Android SDK	2026-06-06T12:22:51.3358847Z /usr/bin/tar: ../../../../../usr/local/lib/android/sdk/platforms/android-34-ext11/data/res/values-mcc310-mnc170-as: Cannot utime: Operation not permitted
build	Cache Android SDK	2026-06-06T12:22:51.3359459Z /usr/bin/tar: ../../../../../usr/local/lib/android/sdk/platforms/android-34-ext11/data/res/values-mcc310-mnc170-as: Cannot change mode to rwxr-xr-x: Operation not permitted
build	Cache Android SDK	2026-06-06T12:22:51.3361768Z /usr/bin/tar: ../../../../../usr/local/lib/android/sdk/platforms/android-34-ext11/data/res/values-mcc310-mnc230-uk: Cannot utime: Operation not permitted
build	Cache Android SDK	2026-06-06T12:22:51.3362239Z /usr/bin/tar: ../../../../../usr/local/lib/android/sdk/platforms/android-34-ext11/data/res/values-mcc310-mnc230-uk: Cannot change mode to rwxr-xr-x: Operation not permitted
build	Cache Android SDK	2026-06-06T12:22:51.3364991Z /usr/bin/tar: ../../../../../usr/local/lib/android/sdk/platforms/android-34-ext11/data/res/values-mcc302-mnc370-ky: Cannot utime: Operation not permitted
build	Cache Android SDK	2026-06-06T12:22:51.3365536Z /usr/bin/tar: ../../../../../usr/local/lib/android/sdk/platforms/android-34-ext11/data/res/values-mcc302-mnc370-ky: Cannot change mode to rwxr-xr-x: Operation not permitted
build	Cache Android SDK	2026-06-06T12:22:51.3368556Z /usr/bin/tar: ../../../../../usr/local/lib/android/sdk/platforms/android-34-ext11/data/res/values-mcc310-mnc950-ky: Cannot utime: Operation not permitted
build	Cache Android SDK	2026-06-06T12:22:51.3369026Z /usr/bin/tar: ../../../../../usr/local/lib/android/sdk/platforms/android-34-ext11/data/res/values-mcc310-mnc950-ky: Cannot change mode to rwxr-xr-x: Operation not permitted
build	Cache Android SDK	2026-06-06T12:22:51.3371529Z /usr/bin/tar: ../../../../../usr/local/lib/android/sdk/platforms/android-34-ext11/data/res/values-vi-watch: Cannot utime: Operation not permitted
build	Cache Android SDK	2026-06-06T12:22:51.3371979Z /usr/bin/tar: ../../../../../usr/local/lib/android/sdk/platforms/android-34-ext11/data/res/values-vi-watch: Cannot change mode to rwxr-xr-x: Operation not permitted
build	Cache Android SDK	2026-06-06T12:22:51.3374596Z /usr/bin/tar: ../../../../../usr/local/lib/android/sdk/platforms/android-34-ext11/data/res/values-mcc310-mnc410-ka: Cannot utime: Operation not permitted
build	Cache Android SDK	2026-06-06T12:22:51.3375136Z /usr/bin/tar: ../../../../../usr/local/lib/android/sdk/platforms/android-34-ext11/data/res/values-mcc310-mnc410-ka: Cannot change mode to rwxr-xr-x: Operation not permitted
build	Cache Android SDK	2026-06-06T12:22:51.3377185Z /usr/bin/tar: ../../../../../usr/local/lib/android/sdk/platforms/android-34-ext11/data/res/values-mcc310-mnc220-in: Cannot utime: Operation not permitted
build	Cache Android SDK	2026-06-06T12:22:51.3377748Z /usr/bin/tar: ../../../../../usr/local/lib/android/sdk/platforms/android-34-ext11/data/res/values-mcc310-mnc220-in: Cannot change mode to rwxr-xr-x: Operation not permitted
build	Cache Android SDK	2026-06-06T12:22:51.3380637Z /usr/bin/tar: ../../../../../usr/local/lib/android/sdk/platforms/android-34-ext11/data/res/values-lo-watch: Cannot utime: Operation not permitted
build	Cache Android SDK	2026-06-06T12:22:51.3381083Z /usr/bin/tar: ../../../../../usr/local/lib/android/sdk/platforms/android-34-ext11/data/res/values-lo-watch: Cannot change mode to rwxr-xr-x: Operation not permitted
build	Cache Android SDK	2026-06-06T12:22:51.3383641Z /usr/bin/tar: ../../../../../usr/local/lib/android/sdk/platforms/android-34-ext11/data/res/values-mcc310-mnc240-sw: Cannot utime: Operation not permitted
build	Cache Android SDK	2026-06-06T12:22:51.3384113Z /usr/bin/tar: ../../../../../usr/local/lib/android/sdk/platforms/android-34-ext11/data/res/values-mcc310-mnc240-sw: Cannot change mode to rwxr-xr-x: Operation not permitted
build	Cache Android SDK	2026-06-06T12:22:51.3386651Z /usr/bin/tar: ../../../../../usr/local/lib/android/sdk/platforms/android-34-ext11/data/res/values-mcc310-mnc200-vi: Cannot utime: Operation not permitted
build	Cache Android SDK	2026-06-06T12:22:51.3387120Z /usr/bin/tar: ../../../../../usr/local/lib/android/sdk/platforms/android-34-ext11/data/res/values-mcc310-mnc200-vi: Cannot change mode to rwxr-xr-x: Operation not permitted
build	Cache Android SDK	2026-06-06T12:22:51.3389970Z /usr/bin/tar: ../../../../../usr/local/lib/android/sdk/platforms/android-34-ext11/data/res/values-mcc310-mnc030-is: Cannot utime: Operation not permitted
build	Cache Android SDK	2026-06-06T12:22:51.3390437Z /usr/bin/tar: ../../../../../usr/local/lib/android/sdk/platforms/android-34-ext11/data/res/values-mcc310-mnc030-is: Cannot change mode to rwxr-xr-x: Operation not permitted
build	Cache Android SDK	2026-06-06T12:22:51.3393077Z /usr/bin/tar: ../../../../../usr/local/lib/android/sdk/platforms/android-34-ext11/data/res/values-mcc302-mnc720-it: Cannot utime: Operation not permitted
build	Cache Android SDK	2026-06-06T12:22:51.3393544Z /usr/bin/tar: ../../../../../usr/local/lib/android/sdk/platforms/android-34-ext11/data/res/values-mcc302-mnc720-it: Cannot change mode to rwxr-xr-x: Operation not permitted
build	Cache Android SDK	2026-06-06T12:22:51.3398825Z /usr/bin/tar: ../../../../../usr/local/lib/android/sdk/platforms/android-34-ext11/data/res/values-mcc310-mnc160-zh-rHK: Cannot utime: Operation not permitted
build	Cache Android SDK	2026-06-06T12:22:51.3399314Z /usr/bin/tar: ../../../../../usr/local/lib/android/sdk/platforms/android-34-ext11/data/res/values-mcc310-mnc160-zh-rHK: Cannot change mode to rwxr-xr-x: Operation not permitted
build	Cache Android SDK	2026-06-06T12:22:51.3401920Z /usr/bin/tar: ../../../../../usr/local/lib/android/sdk/platforms/android-34-ext11/data/res/values-mcc310-mnc410-vi: Cannot utime: Operation not permitted
build	Cache Android SDK	2026-06-06T12:22:51.3402469Z /usr/bin/tar: ../../../../../usr/local/lib/android/sdk/platforms/android-34-ext11/data/res/values-mcc310-mnc410-vi: Cannot change mode to rwxr-xr-x: Operation not permitted
build	Cache Android SDK	2026-06-06T12:22:51.3404858Z /usr/bin/tar: ../../../../../usr/local/lib/android/sdk/platforms/android-34-ext11/data/res/values-mcc311-mnc180-fa: Cannot utime: Operation not permitted
build	Cache Android SDK	2026-06-06T12:22:51.3405460Z /usr/bin/tar: ../../../../../usr/local/lib/android/sdk/platforms/android-34-ext11/data/res/values-mcc311-mnc180-fa: Cannot change mode to rwxr-xr-x: Operation not permitted
build	Cache Android SDK	2026-06-06T12:22:51.3408390Z /usr/bin/tar: ../../../../../usr/local/lib/android/sdk/platforms/android-34-ext11/data/res/values-mcc310-mnc150-th: Cannot utime: Operation not permitted
build	Cache Android SDK	2026-06-06T12:22:51.3409071Z /usr/bin/tar: ../../../../../usr/local/lib/android/sdk/platforms/android-34-ext11/data/res/values-mcc310-mnc150-th: Cannot change mode to rwxr-xr-x: Operation not permitted
build	Cache Android SDK	2026-06-06T12:22:51.3411491Z /usr/bin/tar: ../../../../../usr/local/lib/android/sdk/platforms/android-34-ext11/data/res/values-mcc001-mnc01-az: Cannot utime: Operation not permitted
build	Cache Android SDK	2026-06-06T12:22:51.3411962Z /usr/bin/tar: ../../../../../usr/local/lib/android/sdk/platforms/android-34-ext11/data/res/values-mcc001-mnc01-az: Cannot change mode to rwxr-xr-x: Operation not permitted
build	Cache Android SDK	2026-06-06T12:22:51.3414461Z /usr/bin/tar: ../../../../../usr/local/lib/android/sdk/platforms/android-34-ext11/data/res/values-mcc310-mnc660-lt: Cannot utime: Operation not permitted
build	Cache Android SDK	2026-06-06T12:22:51.3414945Z /usr/bin/tar: ../../../../../usr/local/lib/android/sdk/platforms/android-34-ext11/data/res/values-mcc310-mnc660-lt: Cannot change mode to rwxr-xr-x: Operation not permitted
build	Cache Android SDK	2026-06-06T12:22:51.3417486Z /usr/bin/tar: ../../../../../usr/local/lib/android/sdk/platforms/android-34-ext11/data/res/values-mcc310-mnc490-zh-rTW: Cannot utime: Operation not permitted
build	Cache Android SDK	2026-06-06T12:22:51.3417977Z /usr/bin/tar: ../../../../../usr/local/lib/android/sdk/platforms/android-34-ext11/data/res/values-mcc310-mnc490-zh-rTW: Cannot change mode to rwxr-xr-x: Operation not permitted
build	Cache Android SDK	2026-06-06T12:22:51.3420405Z /usr/bin/tar: ../../../../../usr/local/lib/android/sdk/platforms/android-34-ext11/data/res/values-mcc311-mnc180-hy: Cannot utime: Operation not permitted
build	Cache Android SDK	2026-06-06T12:22:51.3420867Z /usr/bin/tar: ../../../../../usr/local/lib/android/sdk/platforms/android-34-ext11/data/res/values-mcc311-mnc180-hy: Cannot change mode to rwxr-xr-x: Operation not permitted
build	Cache Android SDK	2026-06-06T12:22:51.3423297Z /usr/bin/tar: ../../../../../usr/local/lib/android/sdk/platforms/android-34-ext11/data/res/values-mcc310-mnc490-ja: Cannot utime: Operation not permitted
build	Cache Android SDK	2026-06-06T12:22:51.3423766Z /usr/bin/tar: ../../../../../usr/local/lib/android/sdk/platforms/android-34-ext11/data/res/values-mcc310-mnc490-ja: Cannot change mode to rwxr-xr-x: Operation not permitted
build	Cache Android SDK	2026-06-06T12:22:51.3426323Z /usr/bin/tar: ../../../../../usr/local/lib/android/sdk/platforms/android-34-ext11/data/res/values-mcc310-mnc560-te: Cannot utime: Operation not permitted
build	Cache Android SDK	2026-06-06T12:22:51.3426800Z /usr/bin/tar: ../../../../../usr/local/lib/android/sdk/platforms/android-34-ext11/data/res/values-mcc310-mnc560-te: Cannot change mode to rwxr-xr-x: Operation not permitted
build	Cache Android SDK	2026-06-06T12:22:51.3429300Z /usr/bin/tar: ../../../../../usr/local/lib/android/sdk/platforms/android-34-ext11/data/res/values-mcc310-mnc310-iw: Cannot utime: Operation not permitted
build	Cache Android SDK	2026-06-06T12:22:51.3429764Z /usr/bin/tar: ../../../../../usr/local/lib/android/sdk/platforms/android-34-ext11/data/res/values-mcc310-mnc310-iw: Cannot change mode to rwxr-xr-x: Operation not permitted
build	Cache Android SDK	2026-06-06T12:22:51.3432809Z /usr/bin/tar: ../../../../../usr/local/lib/android/sdk/platforms/android-34-ext11/data/res/values-sw-television: Cannot utime: Operation not permitted
build	Cache Android SDK	2026-06-06T12:22:51.3433279Z /usr/bin/tar: ../../../../../usr/local/lib/android/sdk/platforms/android-34-ext11/data/res/values-sw-television: Cannot change mode to rwxr-xr-x: Operation not permitted
build	Cache Android SDK	2026-06-06T12:22:51.3435655Z /usr/bin/tar: ../../../../../usr/local/lib/android/sdk/platforms/android-34-ext11/data/res/values-mcc310-mnc250-kk: Cannot utime: Operation not permitted
build	Cache Android SDK	2026-06-06T12:22:51.3436123Z /usr/bin/tar: ../../../../../usr/local/lib/android/sdk/platforms/android-34-ext11/data/res/values-mcc310-mnc250-kk: Cannot change mode to rwxr-xr-x: Operation not permitted
build	Cache Android SDK	2026-06-06T12:22:51.3438973Z /usr/bin/tar: ../../../../../usr/local/lib/android/sdk/platforms/android-34-ext11/data/res/values-mcc310-mnc030-th: Cannot utime: Operation not permitted
build	Cache Android SDK	2026-06-06T12:22:51.3439445Z /usr/bin/tar: ../../../../../usr/local/lib/android/sdk/platforms/android-34-ext11/data/res/values-mcc310-mnc030-th: Cannot change mode to rwxr-xr-x: Operation not permitted
build	Cache Android SDK	2026-06-06T12:22:51.3442186Z /usr/bin/tar: ../../../../../usr/local/lib/android/sdk/platforms/android-34-ext11/data/res/values-lt-rLT: Cannot utime: Operation not permitted
build	Cache Android SDK	2026-06-06T12:22:51.3442638Z /usr/bin/tar: ../../../../../usr/local/lib/android/sdk/platforms/android-34-ext11/data/res/values-lt-rLT: Cannot change mode to rwxr-xr-x: Operation not permitted
build	Cache Android SDK	2026-06-06T12:22:51.3445057Z /usr/bin/tar: ../../../../../usr/local/lib/android/sdk/platforms/android-34-ext11/data/res/values-mcc310-mnc800-ar: Cannot utime: Operation not permitted
build	Cache Android SDK	2026-06-06T12:22:51.3446037Z /usr/bin/tar: ../../../../../usr/local/lib/android/sdk/platforms/android-34-ext11/data/res/values-mcc310-mnc800-ar: Cannot change mode to rwxr-xr-x: Operation not permitted
build	Cache Android SDK	2026-06-06T12:22:51.3448186Z /usr/bin/tar: ../../../../../usr/local/lib/android/sdk/platforms/android-34-ext11/data/res/values-mcc310-mnc410-eu: Cannot utime: Operation not permitted
build	Cache Android SDK	2026-06-06T12:22:51.3448666Z /usr/bin/tar: ../../../../../usr/local/lib/android/sdk/platforms/android-34-ext11/data/res/values-mcc310-mnc410-eu: Cannot change mode to rwxr-xr-x: Operation not permitted
build	Cache Android SDK	2026-06-06T12:22:51.3451304Z /usr/bin/tar: ../../../../../usr/local/lib/android/sdk/platforms/android-34-ext11/data/res/values-mcc310-mnc560-hr: Cannot utime: Operation not permitted
build	Cache Android SDK	2026-06-06T12:22:51.3451910Z /usr/bin/tar: ../../../../../usr/local/lib/android/sdk/platforms/android-34-ext11/data/res/values-mcc310-mnc560-hr: Cannot change mode to rwxr-xr-x: Operation not permitted
build	Cache Android SDK	2026-06-06T12:22:51.3459702Z /usr/bin/tar: ../../../../../usr/local/lib/android/sdk/platforms/android-34-ext11/data/res/anim-ldrtl: Cannot utime: Operation not permitted
build	Cache Android SDK	2026-06-06T12:22:51.3460256Z /usr/bin/tar: ../../../../../usr/local/lib/android/sdk/platforms/android-34-ext11/data/res/anim-ldrtl: Cannot change mode to rwxr-xr-x: Operation not permitted
build	Cache Android SDK	2026-06-06T12:22:51.3466381Z /usr/bin/tar: ../../../../../usr/local/lib/android/sdk/platforms/android-34-ext11/data/res/values-mk: Cannot utime: Operation not permitted
build	Cache Android SDK	2026-06-06T12:22:51.3467590Z /usr/bin/tar: ../../../../../usr/local/lib/android/sdk/platforms/android-34-ext11/data/res/values-mk: Cannot change mode to rwxr-xr-x: Operation not permitted
build	Cache Android SDK	2026-06-06T12:22:51.3469640Z /usr/bin/tar: ../../../../../usr/local/lib/android/sdk/platforms/android-34-ext11/data/res/values-mcc310-mnc030-ja: Cannot utime: Operation not permitted
build	Cache Android SDK	2026-06-06T12:22:51.3470551Z /usr/bin/tar: ../../../../../usr/local/lib/android/sdk/platforms/android-34-ext11/data/res/values-mcc310-mnc030-ja: Cannot change mode to rwxr-xr-x: Operation not permitted
build	Cache Android SDK	2026-06-06T12:22:51.3472502Z /usr/bin/tar: ../../../../../usr/local/lib/android/sdk/platforms/android-34-ext11/data/res/values-mcc310-mnc160-ro: Cannot utime: Operation not permitted
build	Cache Android SDK	2026-06-06T12:22:51.3472986Z /usr/bin/tar: ../../../../../usr/local/lib/android/sdk/platforms/android-34-ext11/data/res/values-mcc310-mnc160-ro: Cannot change mode to rwxr-xr-x: Operation not permitted
build	Cache Android SDK	2026-06-06T12:22:51.3475459Z /usr/bin/tar: ../../../../../usr/local/lib/android/sdk/platforms/android-34-ext11/data/res/values-mcc310-mnc200-sk: Cannot utime: Operation not permitted
build	Cache Android SDK	2026-06-06T12:22:51.3475930Z /usr/bin/tar: ../../../../../usr/local/lib/android/sdk/platforms/android-34-ext11/data/res/values-mcc310-mnc200-sk: Cannot change mode to rwxr-xr-x: Operation not permitted
build	Cache Android SDK	2026-06-06T12:22:51.3478938Z /usr/bin/tar: ../../../../../usr/local/lib/android/sdk/platforms/android-34-ext11/data/res/values-mcc310-mnc660-sl: Cannot utime: Operation not permitted
build	Cache Android SDK	2026-06-06T12:22:51.3479399Z /usr/bin/tar: ../../../../../usr/local/lib/android/sdk/platforms/android-34-ext11/data/res/values-mcc310-mnc660-sl: Cannot change mode to rwxr-xr-x: Operation not permitted
build	Cache Android SDK	2026-06-06T12:22:51.3481967Z /usr/bin/tar: ../../../../../usr/local/lib/android/sdk/platforms/android-34-ext11/data/res/values-mcc310-mnc200-eu: Cannot utime: Operation not permitted
build	Cache Android SDK	2026-06-06T12:22:51.3482433Z /usr/bin/tar: ../../../../../usr/local/lib/android/sdk/platforms/android-34-ext11/data/res/values-mcc310-mnc200-eu: Cannot change mode to rwxr-xr-x: Operation not permitted
build	Cache Android SDK	2026-06-06T12:22:51.3484945Z /usr/bin/tar: ../../../../../usr/local/lib/android/sdk/platforms/android-34-ext11/data/res/values-mcc334-mnc020-sq: Cannot utime: Operation not permitted
build	Cache Android SDK	2026-06-06T12:22:51.3485525Z /usr/bin/tar: ../../../../../usr/local/lib/android/sdk/platforms/android-34-ext11/data/res/values-mcc334-mnc020-sq: Cannot change mode to rwxr-xr-x: Operation not permitted
build	Cache Android SDK	2026-06-06T12:22:51.3488054Z /usr/bin/tar: ../../../../../usr/local/lib/android/sdk/platforms/android-34-ext11/data/res/values-mcc310-mnc220-fa: Cannot utime: Operation not permitted
build	Cache Android SDK	2026-06-06T12:22:51.3488518Z /usr/bin/tar: ../../../../../usr/local/lib/android/sdk/platforms/android-34-ext11/data/res/values-mcc310-mnc220-fa: Cannot change mode to rwxr-xr-x: Operation not permitted
build	Cache Android SDK	2026-06-06T12:22:51.3491208Z /usr/bin/tar: ../../../../../usr/local/lib/android/sdk/platforms/android-34-ext11/data/res/values-mcc313-mnc100-ml: Cannot utime: Operation not permitted
build	Cache Android SDK	2026-06-06T12:22:51.3491673Z /usr/bin/tar: ../../../../../usr/local/lib/android/sdk/platforms/android-34-ext11/data/res/values-mcc313-mnc100-ml: Cannot change mode to rwxr-xr-x: Operation not permitted
build	Cache Android SDK	2026-06-06T12:22:51.3494361Z /usr/bin/tar: ../../../../../usr/local/lib/android/sdk/platforms/android-34-ext11/data/res/values-mcc310-mnc280-pa: Cannot utime: Operation not permitted
build	Cache Android SDK	2026-06-06T12:22:51.3494901Z /usr/bin/tar: ../../../../../usr/local/lib/android/sdk/platforms/android-34-ext11/data/res/values-mcc310-mnc280-pa: Cannot change mode to rwxr-xr-x: Operation not permitted
build	Cache Android SDK	2026-06-06T12:22:51.3497270Z /usr/bin/tar: ../../../../../usr/local/lib/android/sdk/platforms/android-34-ext11/data/res/values-mcc310-mnc160-sw: Cannot utime: Operation not permitted
build	Cache Android SDK	2026-06-06T12:22:51.3497822Z /usr/bin/tar: ../../../../../usr/local/lib/android/sdk/platforms/android-34-ext11/data/res/values-mcc310-mnc160-sw: Cannot change mode to rwxr-xr-x: Operation not permitted
build	Cache Android SDK	2026-06-06T12:22:51.3500463Z /usr/bin/tar: ../../../../../usr/local/lib/android/sdk/platforms/android-34-ext11/data/res/values-mcc310-mnc800-nl: Cannot utime: Operation not permitted
build	Cache Android SDK	2026-06-06T12:22:51.3500939Z /usr/bin/tar: ../../../../../usr/local/lib/android/sdk/platforms/android-34-ext11/data/res/values-mcc310-mnc800-nl: Cannot change mode to rwxr-xr-x: Operation not permitted
build	Cache Android SDK	2026-06-06T12:22:51.3503639Z /usr/bin/tar: ../../../../../usr/local/lib/android/sdk/platforms/android-34-ext11/data/res/raw-pl: Cannot utime: Operation not permitted
build	Cache Android SDK	2026-06-06T12:22:51.3504138Z /usr/bin/tar: ../../../../../usr/local/lib/android/sdk/platforms/android-34-ext11/data/res/raw-pl: Cannot change mode to rwxr-xr-x: Operation not permitted
build	Cache Android SDK	2026-06-06T12:22:51.3506920Z /usr/bin/tar: ../../../../../usr/local/lib/android/sdk/platforms/android-34-ext11/data/res/values-mcc310-mnc950-sw: Cannot utime: Operation not permitted
build	Cache Android SDK	2026-06-06T12:22:51.3507579Z /usr/bin/tar: ../../../../../usr/local/lib/android/sdk/platforms/android-34-ext11/data/res/values-mcc310-mnc950-sw: Cannot change mode to rwxr-xr-x: Operation not permitted
build	Cache Android SDK	2026-06-06T12:22:51.3509978Z /usr/bin/tar: ../../../../../usr/local/lib/android/sdk/platforms/android-34-ext11/data/res/values-mcc310-mnc170-en-rAU: Cannot utime: Operation not permitted
build	Cache Android SDK	2026-06-06T12:22:51.3510536Z /usr/bin/tar: ../../../../../usr/local/lib/android/sdk/platforms/android-34-ext11/data/res/values-mcc310-mnc170-en-rAU: Cannot change mode to rwxr-xr-x: Operation not permitted
build	Cache Android SDK	2026-06-06T12:22:51.3522894Z /usr/bin/tar: ../../../../../usr/local/lib/android/sdk/platforms/android-34-ext11/data/res/drawable-land-ldpi: Cannot utime: Operation not permitted
build	Cache Android SDK	2026-06-06T12:22:51.3523370Z /usr/bin/tar: ../../../../../usr/local/lib/android/sdk/platforms/android-34-ext11/data/res/drawable-land-ldpi: Cannot change mode to rwxr-xr-x: Operation not permitted
build	Cache Android SDK	2026-06-06T12:22:51.3525670Z /usr/bin/tar: ../../../../../usr/local/lib/android/sdk/platforms/android-34-ext11/data/res/values-mcc311-mnc180-cs: Cannot utime: Operation not permitted
build	Cache Android SDK	2026-06-06T12:22:51.3526128Z /usr/bin/tar: ../../../../../usr/local/lib/android/sdk/platforms/android-34-ext11/data/res/values-mcc311-mnc180-cs: Cannot change mode to rwxr-xr-x: Operation not permitted
build	Cache Android SDK	2026-06-06T12:22:51.3529535Z /usr/bin/tar: ../../../../../usr/local/lib/android/sdk/platforms/android-34-ext11/data/res/values-mcc312-mnc670-sk: Cannot utime: Operation not permitted
build	Cache Android SDK	2026-06-06T12:22:51.3530093Z /usr/bin/tar: ../../../../../usr/local/lib/android/sdk/platforms/android-34-ext11/data/res/values-mcc312-mnc670-sk: Cannot change mode to rwxr-xr-x: Operation not permitted
build	Cache Android SDK	2026-06-06T12:22:51.3533510Z /usr/bin/tar: ../../../../../usr/local/lib/android/sdk/platforms/android-34-ext11/data/res/values-mcc302-mnc720-pl: Cannot utime: Operation not permitted
build	Cache Android SDK	2026-06-06T12:22:51.3534609Z /usr/bin/tar: ../../../../../usr/local/lib/android/sdk/platforms/android-34-ext11/data/res/values-mcc302-mnc720-pl: Cannot change mode to rwxr-xr-x: Operation not permitted
build	Cache Android SDK	2026-06-06T12:22:51.3536765Z /usr/bin/tar: ../../../../../usr/local/lib/android/sdk/platforms/android-34-ext11/data/res/values-mcc310-mnc200-zh-rCN: Cannot utime: Operation not permitted
build	Cache Android SDK	2026-06-06T12:22:51.3537713Z /usr/bin/tar: ../../../../../usr/local/lib/android/sdk/platforms/android-34-ext11/data/res/values-mcc310-mnc200-zh-rCN: Cannot change mode to rwxr-xr-x: Operation not permitted
build	Cache Android SDK	2026-06-06T12:22:51.3540054Z /usr/bin/tar: ../../../../../usr/local/lib/android/sdk/platforms/android-34-ext11/data/res/values-mcc310-mnc220-sr: Cannot utime: Operation not permitted
build	Cache Android SDK	2026-06-06T12:22:51.3540565Z /usr/bin/tar: ../../../../../usr/local/lib/android/sdk/platforms/android-34-ext11/data/res/values-mcc310-mnc220-sr: Cannot change mode to rwxr-xr-x: Operation not permitted
build	Cache Android SDK	2026-06-06T12:22:51.3543669Z /usr/bin/tar: ../../../../../usr/local/lib/android/sdk/platforms/android-34-ext11/data/res/values-mcc310-mnc160-tr: Cannot utime: Operation not permitted
build	Cache Android SDK	2026-06-06T12:22:51.3544152Z /usr/bin/tar: ../../../../../usr/local/lib/android/sdk/platforms/android-34-ext11/data/res/values-mcc310-mnc160-tr: Cannot change mode to rwxr-xr-x: Operation not permitted
build	Cache Android SDK	2026-06-06T12:22:51.3546769Z /usr/bin/tar: ../../../../../usr/local/lib/android/sdk/platforms/android-34-ext11/data/res/values-pt-rPT-watch: Cannot utime: Operation not permitted
build	Cache Android SDK	2026-06-06T12:22:51.3547258Z /usr/bin/tar: ../../../../../usr/local/lib/android/sdk/platforms/android-34-ext11/data/res/values-pt-rPT-watch: Cannot change mode to rwxr-xr-x: Operation not permitted
build	Cache Android SDK	2026-06-06T12:22:51.3550366Z /usr/bin/tar: ../../../../../usr/local/lib/android/sdk/platforms/android-34-ext11/data/res/values-mcc310-mnc410-zh-rTW: Cannot utime: Operation not permitted
build	Cache Android SDK	2026-06-06T12:22:51.3550862Z /usr/bin/tar: ../../../../../usr/local/lib/android/sdk/platforms/android-34-ext11/data/res/values-mcc310-mnc410-zh-rTW: Cannot change mode to rwxr-xr-x: Operation not permitted
build	Cache Android SDK	2026-06-06T12:22:51.3553611Z /usr/bin/tar: ../../../../../usr/local/lib/android/sdk/platforms/android-34-ext11/data/res/values-mcc334-mnc020-sr: Cannot utime: Operation not permitted
build	Cache Android SDK	2026-06-06T12:22:51.3554096Z /usr/bin/tar: ../../../../../usr/local/lib/android/sdk/platforms/android-34-ext11/data/res/values-mcc334-mnc020-sr: Cannot change mode to rwxr-xr-x: Operation not permitted
build	Cache Android SDK	2026-06-06T12:22:51.3556869Z /usr/bin/tar: ../../../../../usr/local/lib/android/sdk/platforms/android-34-ext11/data/res/values-mcc310-mnc240-fi: Cannot utime: Operation not permitted
build	Cache Android SDK	2026-06-06T12:22:51.3557481Z /usr/bin/tar: ../../../../../usr/local/lib/android/sdk/platforms/android-34-ext11/data/res/values-mcc310-mnc240-fi: Cannot change mode to rwxr-xr-x: Operation not permitted
build	Cache Android SDK	2026-06-06T12:22:51.3559596Z /usr/bin/tar: ../../../../../usr/local/lib/android/sdk/platforms/android-34-ext11/data/res/values-mcc310-mnc560-sr: Cannot utime: Operation not permitted
build	Cache Android SDK	2026-06-06T12:22:51.3560073Z /usr/bin/tar: ../../../../../usr/local/lib/android/sdk/platforms/android-34-ext11/data/res/values-mcc310-mnc560-sr: Cannot change mode to rwxr-xr-x: Operation not permitted
build	Cache Android SDK	2026-06-06T12:22:51.3562620Z /usr/bin/tar: ../../../../../usr/local/lib/android/sdk/platforms/android-34-ext11/data/res/values-da-rDK: Cannot utime: Operation not permitted
build	Cache Android SDK	2026-06-06T12:22:51.3563068Z /usr/bin/tar: ../../../../../usr/local/lib/android/sdk/platforms/android-34-ext11/data/res/values-da-rDK: Cannot change mode to rwxr-xr-x: Operation not permitted
build	Cache Android SDK	2026-06-06T12:22:51.3565477Z /usr/bin/tar: ../../../../../usr/local/lib/android/sdk/platforms/android-34-ext11/data/res/values-mcc310-mnc410-gu: Cannot utime: Operation not permitted
build	Cache Android SDK	2026-06-06T12:22:51.3565949Z /usr/bin/tar: ../../../../../usr/local/lib/android/sdk/platforms/android-34-ext11/data/res/values-mcc310-mnc410-gu: Cannot change mode to rwxr-xr-x: Operation not permitted
build	Cache Android SDK	2026-06-06T12:22:51.3567995Z /usr/bin/tar: ../../../../../usr/local/lib/android/sdk/platforms/android-34-ext11/data/res/values-mcc334-mnc020-ka: Cannot utime: Operation not permitted
build	Cache Android SDK	2026-06-06T12:22:51.3568462Z /usr/bin/tar: ../../../../../usr/local/lib/android/sdk/platforms/android-34-ext11/data/res/values-mcc334-mnc020-ka: Cannot change mode to rwxr-xr-x: Operation not permitted
build	Cache Android SDK	2026-06-06T12:22:51.3571168Z /usr/bin/tar: ../../../../../usr/local/lib/android/sdk/platforms/android-34-ext11/data/res/values-mcc310-mnc560-nb: Cannot utime: Operation not permitted
build	Cache Android SDK	2026-06-06T12:22:51.3571647Z /usr/bin/tar: ../../../../../usr/local/lib/android/sdk/platforms/android-34-ext11/data/res/values-mcc310-mnc560-nb: Cannot change mode to rwxr-xr-x: Operation not permitted
build	Cache Android SDK	2026-06-06T12:22:51.3575853Z /usr/bin/tar: ../../../../../usr/local/lib/android/sdk/platforms/android-34-ext11/data/res/values-mcc310-mnc240-en-rGB: Cannot utime: Operation not permitted
build	Cache Android SDK	2026-06-06T12:22:51.3576364Z /usr/bin/tar: ../../../../../usr/local/lib/android/sdk/platforms/android-34-ext11/data/res/values-mcc310-mnc240-en-rGB: Cannot change mode to rwxr-xr-x: Operation not permitted
build	Cache Android SDK	2026-06-06T12:22:51.3579285Z /usr/bin/tar: ../../../../../usr/local/lib/android/sdk/platforms/android-34-ext11/data/res/values-mcc310-mnc380-zh-rTW: Cannot utime: Operation not permitted
build	Cache Android SDK	2026-06-06T12:22:51.3579840Z /usr/bin/tar: ../../../../../usr/local/lib/android/sdk/platforms/android-34-ext11/data/res/values-mcc310-mnc380-zh-rTW: Cannot change mode to rwxr-xr-x: Operation not permitted
build	Cache Android SDK	2026-06-06T12:22:51.3582034Z /usr/bin/tar: ../../../../../usr/local/lib/android/sdk/platforms/android-34-ext11/data/res/values-mcc310-mnc210-sr: Cannot utime: Operation not permitted
build	Cache Android SDK	2026-06-06T12:22:51.3582637Z /usr/bin/tar: ../../../../../usr/local/lib/android/sdk/platforms/android-34-ext11/data/res/values-mcc310-mnc210-sr: Cannot change mode to rwxr-xr-x: Operation not permitted
build	Cache Android SDK	2026-06-06T12:22:51.3585337Z /usr/bin/tar: ../../../../../usr/local/lib/android/sdk/platforms/android-34-ext11/data/res/values-mcc310-mnc380-as: Cannot utime: Operation not permitted
build	Cache Android SDK	2026-06-06T12:22:51.3585832Z /usr/bin/tar: ../../../../../usr/local/lib/android/sdk/platforms/android-34-ext11/data/res/values-mcc310-mnc380-as: Cannot change mode to rwxr-xr-x: Operation not permitted
build	Cache Android SDK	2026-06-06T12:22:51.3588040Z /usr/bin/tar: ../../../../../usr/local/lib/android/sdk/platforms/android-34-ext11/data/res/values-mcc312-mnc670-nb: Cannot utime: Operation not permitted
build	Cache Android SDK	2026-06-06T12:22:51.3588514Z /usr/bin/tar: ../../../../../usr/local/lib/android/sdk/platforms/android-34-ext11/data/res/values-mcc312-mnc670-nb: Cannot change mode to rwxr-xr-x: Operation not permitted
build	Cache Android SDK	2026-06-06T12:22:51.3590915Z /usr/bin/tar: ../../../../../usr/local/lib/android/sdk/platforms/android-34-ext11/data/res/values-mcc302-mnc370-bg: Cannot utime: Operation not permitted
build	Cache Android SDK	2026-06-06T12:22:51.3591408Z /usr/bin/tar: ../../../../../usr/local/lib/android/sdk/platforms/android-34-ext11/data/res/values-mcc302-mnc370-bg: Cannot change mode to rwxr-xr-x: Operation not permitted
build	Cache Android SDK	2026-06-06T12:22:51.3594260Z /usr/bin/tar: ../../../../../usr/local/lib/android/sdk/platforms/android-34-ext11/data/res/values-mcc310-mnc200-it: Cannot utime: Operation not permitted
build	Cache Android SDK	2026-06-06T12:22:51.3594738Z /usr/bin/tar: ../../../../../usr/local/lib/android/sdk/platforms/android-34-ext11/data/res/values-mcc310-mnc200-it: Cannot change mode to rwxr-xr-x: Operation not permitted
build	Cache Android SDK	2026-06-06T12:22:51.3597522Z /usr/bin/tar: ../../../../../usr/local/lib/android/sdk/platforms/android-34-ext11/data/res/values-w211dp: Cannot utime: Operation not permitted
build	Cache Android SDK	2026-06-06T12:22:51.3598113Z /usr/bin/tar: ../../../../../usr/local/lib/android/sdk/platforms/android-34-ext11/data/res/values-w211dp: Cannot change mode to rwxr-xr-x: Operation not permitted
build	Cache Android SDK	2026-06-06T12:22:51.3601080Z /usr/bin/tar: ../../../../../usr/local/lib/android/sdk/platforms/android-34-ext11/data/res/values-sk-watch: Cannot utime: Operation not permitted
build	Cache Android SDK	2026-06-06T12:22:51.3601529Z /usr/bin/tar: ../../../../../usr/local/lib/android/sdk/platforms/android-34-ext11/data/res/values-sk-watch: Cannot change mode to rwxr-xr-x: Operation not permitted
build	Cache Android SDK	2026-06-06T12:22:51.3604113Z /usr/bin/tar: ../../../../../usr/local/lib/android/sdk/platforms/android-34-ext11/data/res/values-mcc310-mnc030-te: Cannot utime: Operation not permitted
build	Cache Android SDK	2026-06-06T12:22:51.3604600Z /usr/bin/tar: ../../../../../usr/local/lib/android/sdk/platforms/android-34-ext11/data/res/values-mcc310-mnc030-te: Cannot change mode to rwxr-xr-x: Operation not permitted
build	Cache Android SDK	2026-06-06T12:22:51.3607216Z /usr/bin/tar: ../../../../../usr/local/lib/android/sdk/platforms/android-34-ext11/data/res/values-mcc310-mnc250-es: Cannot utime: Operation not permitted
build	Cache Android SDK	2026-06-06T12:22:51.3610292Z /usr/bin/tar: ../../../../../usr/local/lib/android/sdk/platforms/android-34-ext11/data/res/values-mcc310-mnc250-es: Cannot change mode to rwxr-xr-x: Operation not permitted
build	Cache Android SDK	2026-06-06T12:22:51.3610691Z /usr/bin/tar: ../../../../../usr/local/lib/android/sdk/platforms/android-34-ext11/data/res/values-th-television: Cannot utime: Operation not permitted
build	Cache Android SDK	2026-06-06T12:22:51.3611150Z /usr/bin/tar: ../../../../../usr/local/lib/android/sdk/platforms/android-34-ext11/data/res/values-th-television: Cannot change mode to rwxr-xr-x: Operation not permitted
build	Cache Android SDK	2026-06-06T12:22:51.3613313Z /usr/bin/tar: ../../../../../usr/local/lib/android/sdk/platforms/android-34-ext11/data/res/values-mcc310-mnc160-es: Cannot utime: Operation not permitted
build	Cache Android SDK	2026-06-06T12:22:51.3613777Z /usr/bin/tar: ../../../../../usr/local/lib/android/sdk/platforms/android-34-ext11/data/res/values-mcc310-mnc160-es: Cannot change mode to rwxr-xr-x: Operation not permitted
build	Cache Android SDK	2026-06-06T12:22:51.3616440Z /usr/bin/tar: ../../../../../usr/local/lib/android/sdk/platforms/android-34-ext11/data/res/values-ko-rKR: Cannot utime: Operation not permitted
build	Cache Android SDK	2026-06-06T12:22:51.3616960Z /usr/bin/tar: ../../../../../usr/local/lib/android/sdk/platforms/android-34-ext11/data/res/values-ko-rKR: Cannot change mode to rwxr-xr-x: Operation not permitted
build	Cache Android SDK	2026-06-06T12:22:51.3619983Z /usr/bin/tar: ../../../../../usr/local/lib/android/sdk/platforms/android-34-ext11/data/res/values-mcc310-mnc310-sl: Cannot utime: Operation not permitted
build	Cache Android SDK	2026-06-06T12:22:51.3620450Z /usr/bin/tar: ../../../../../usr/local/lib/android/sdk/platforms/android-34-ext11/data/res/values-mcc310-mnc310-sl: Cannot change mode to rwxr-xr-x: Operation not permitted
build	Cache Android SDK	2026-06-06T12:22:51.3623394Z /usr/bin/tar: ../../../../../usr/local/lib/android/sdk/platforms/android-34-ext11/data/res/values-mcc001-mnc01-zh-rCN: Cannot utime: Operation not permitted
build	Cache Android SDK	2026-06-06T12:22:51.3623952Z /usr/bin/tar: ../../../../../usr/local/lib/android/sdk/platforms/android-34-ext11/data/res/values-mcc001-mnc01-zh-rCN: Cannot change mode to rwxr-xr-x: Operation not permitted
build	Cache Android SDK	2026-06-06T12:22:51.3626340Z /usr/bin/tar: ../../../../../usr/local/lib/android/sdk/platforms/android-34-ext11/data/res/values-mcc310-mnc220: Cannot utime: Operation not permitted
build	Cache Android SDK	2026-06-06T12:22:51.3626929Z /usr/bin/tar: ../../../../../usr/local/lib/android/sdk/platforms/android-34-ext11/data/res/values-mcc310-mnc220: Cannot change mode to rwxr-xr-x: Operation not permitted
build	Cache Android SDK	2026-06-06T12:22:51.3629740Z /usr/bin/tar: ../../../../../usr/local/lib/android/sdk/platforms/android-34-ext11/data/res/values-mcc310-mnc220-hy: Cannot utime: Operation not permitted
build	Cache Android SDK	2026-06-06T12:22:51.3630209Z /usr/bin/tar: ../../../../../usr/local/lib/android/sdk/platforms/android-34-ext11/data/res/values-mcc310-mnc220-hy: Cannot change mode to rwxr-xr-x: Operation not permitted
build	Cache Android SDK	2026-06-06T12:22:51.3632652Z /usr/bin/tar: ../../../../../usr/local/lib/android/sdk/platforms/android-34-ext11/data/res/values-zu-watch: Cannot utime: Operation not permitted
build	Cache Android SDK	2026-06-06T12:22:51.3633182Z /usr/bin/tar: ../../../../../usr/local/lib/android/sdk/platforms/android-34-ext11/data/res/values-zu-watch: Cannot change mode to rwxr-xr-x: Operation not permitted
build	Cache Android SDK	2026-06-06T12:22:51.3635895Z /usr/bin/tar: ../../../../../usr/local/lib/android/sdk/platforms/android-34-ext11/data/res/values-mcc310-mnc560-b+sr+Latn: Cannot utime: Operation not permitted
build	Cache Android SDK	2026-06-06T12:22:51.3636395Z /usr/bin/tar: ../../../../../usr/local/lib/android/sdk/platforms/android-34-ext11/data/res/values-mcc310-mnc560-b+sr+Latn: Cannot change mode to rwxr-xr-x: Operation not permitted
build	Cache Android SDK	2026-06-06T12:22:51.3638935Z /usr/bin/tar: ../../../../../usr/local/lib/android/sdk/platforms/android-34-ext11/data/res/values-mcc310-mnc200-lo: Cannot utime: Operation not permitted
build	Cache Android SDK	2026-06-06T12:22:51.3639416Z /usr/bin/tar: ../../../../../usr/local/lib/android/sdk/platforms/android-34-ext11/data/res/values-mcc310-mnc200-lo: Cannot change mode to rwxr-xr-x: Operation not permitted
build	Cache Android SDK	2026-06-06T12:22:51.3642206Z /usr/bin/tar: ../../../../../usr/local/lib/android/sdk/platforms/android-34-ext11/data/res/values-mcc310-mnc150-it: Cannot utime: Operation not permitted
build	Cache Android SDK	2026-06-06T12:22:51.3642683Z /usr/bin/tar: ../../../../../usr/local/lib/android/sdk/platforms/android-34-ext11/data/res/values-mcc310-mnc150-it: Cannot change mode to rwxr-xr-x: Operation not permitted
build	Cache Android SDK	2026-06-06T12:22:51.3645602Z /usr/bin/tar: ../../../../../usr/local/lib/android/sdk/platforms/android-34-ext11/data/res/values-mcc310-mnc230-bs: Cannot utime: Operation not permitted
build	Cache Android SDK	2026-06-06T12:22:51.3646058Z /usr/bin/tar: ../../../../../usr/local/lib/android/sdk/platforms/android-34-ext11/data/res/values-mcc310-mnc230-bs: Cannot change mode to rwxr-xr-x: Operation not permitted
build	Cache Android SDK	2026-06-06T12:22:51.3649080Z /usr/bin/tar: ../../../../../usr/local/lib/android/sdk/platforms/android-34-ext11/data/res/values-mcc313-mnc100-az: Cannot utime: Operation not permitted
build	Cache Android SDK	2026-06-06T12:22:51.3649569Z /usr/bin/tar: ../../../../../usr/local/lib/android/sdk/platforms/android-34-ext11/data/res/values-mcc313-mnc100-az: Cannot change mode to rwxr-xr-x: Operation not permitted
build	Cache Android SDK	2026-06-06T12:22:51.3651893Z /usr/bin/tar: ../../../../../usr/local/lib/android/sdk/platforms/android-34-ext11/data/res/values-mcc310-mnc250-sl: Cannot utime: Operation not permitted
build	Cache Android SDK	2026-06-06T12:22:51.3652364Z /usr/bin/tar: ../../../../../usr/local/lib/android/sdk/platforms/android-34-ext11/data/res/values-mcc310-mnc250-sl: Cannot change mode to rwxr-xr-x: Operation not permitted
build	Cache Android SDK	2026-06-06T12:22:51.3654834Z /usr/bin/tar: ../../../../../usr/local/lib/android/sdk/platforms/android-34-ext11/data/res/values-mcc311-mnc180-ms: Cannot utime: Operation not permitted
build	Cache Android SDK	2026-06-06T12:22:51.3655297Z /usr/bin/tar: ../../../../../usr/local/lib/android/sdk/platforms/android-34-ext11/data/res/values-mcc311-mnc180-ms: Cannot change mode to rwxr-xr-x: Operation not permitted
build	Cache Android SDK	2026-06-06T12:22:51.3657897Z /usr/bin/tar: ../../../../../usr/local/lib/android/sdk/platforms/android-34-ext11/data/res/values-mcc310-mnc220-th: Cannot utime: Operation not permitted
build	Cache Android SDK	2026-06-06T12:22:51.3658379Z /usr/bin/tar: ../../../../../usr/local/lib/android/sdk/platforms/android-34-ext11/data/res/values-mcc310-mnc220-th: Cannot change mode to rwxr-xr-x: Operation not permitted
build	Cache Android SDK	2026-06-06T12:22:51.3660846Z /usr/bin/tar: ../../../../../usr/local/lib/android/sdk/platforms/android-34-ext11/data/res/values-mcc334-mnc020-ta: Cannot utime: Operation not permitted
build	Cache Android SDK	2026-06-06T12:22:51.3661317Z /usr/bin/tar: ../../../../../usr/local/lib/android/sdk/platforms/android-34-ext11/data/res/values-mcc334-mnc020-ta: Cannot change mode to rwxr-xr-x: Operation not permitted
build	Cache Android SDK	2026-06-06T12:22:51.3664538Z /usr/bin/tar: ../../../../../usr/local/lib/android/sdk/platforms/android-34-ext11/data/res/values-mcc302-mnc370-fr-rCA: Cannot utime: Operation not permitted
build	Cache Android SDK	2026-06-06T12:22:51.3665025Z /usr/bin/tar: ../../../../../usr/local/lib/android/sdk/platforms/android-34-ext11/data/res/values-mcc302-mnc370-fr-rCA: Cannot change mode to rwxr-xr-x: Operation not permitted
build	Cache Android SDK	2026-06-06T12:22:51.3667267Z /usr/bin/tar: ../../../../../usr/local/lib/android/sdk/platforms/android-34-ext11/data/res/values-mcc310-mnc660-in: Cannot utime: Operation not permitted
build	Cache Android SDK	2026-06-06T12:22:51.3667841Z /usr/bin/tar: ../../../../../usr/local/lib/android/sdk/platforms/android-34-ext11/data/res/values-mcc310-mnc660-in: Cannot change mode to rwxr-xr-x: Operation not permitted
build	Cache Android SDK	2026-06-06T12:22:51.3670167Z /usr/bin/tar: ../../../../../usr/local/lib/android/sdk/platforms/android-34-ext11/data/res/values-mcc001-mnc01-bs: Cannot utime: Operation not permitted
build	Cache Android SDK	2026-06-06T12:22:51.3670638Z /usr/bin/tar: ../../../../../usr/local/lib/android/sdk/platforms/android-34-ext11/data/res/values-mcc001-mnc01-bs: Cannot change mode to rwxr-xr-x: Operation not permitted
build	Cache Android SDK	2026-06-06T12:22:51.3673257Z /usr/bin/tar: ../../../../../usr/local/lib/android/sdk/platforms/android-34-ext11/data/res/values-mcc310-mnc280-de: Cannot utime: Operation not permitted
build	Cache Android SDK	2026-06-06T12:22:51.3673727Z /usr/bin/tar: ../../../../../usr/local/lib/android/sdk/platforms/android-34-ext11/data/res/values-mcc310-mnc280-de: Cannot change mode to rwxr-xr-x: Operation not permitted
build	Cache Android SDK	2026-06-06T12:22:51.3676275Z /usr/bin/tar: ../../../../../usr/local/lib/android/sdk/platforms/android-34-ext11/data/res/values-mcc416-mnc77: Cannot utime: Operation not permitted
build	Cache Android SDK	2026-06-06T12:22:51.3676739Z /usr/bin/tar: ../../../../../usr/local/lib/android/sdk/platforms/android-34-ext11/data/res/values-mcc416-mnc77: Cannot change mode to rwxr-xr-x: Operation not permitted
build	Cache Android SDK	2026-06-06T12:22:51.3679468Z /usr/bin/tar: ../../../../../usr/local/lib/android/sdk/platforms/android-34-ext11/data/res/values-pl-television: Cannot utime: Operation not permitted
build	Cache Android SDK	2026-06-06T12:22:51.3679936Z /usr/bin/tar: ../../../../../usr/local/lib/android/sdk/platforms/android-34-ext11/data/res/values-pl-television: Cannot change mode to rwxr-xr-x: Operation not permitted
build	Cache Android SDK	2026-06-06T12:22:51.3682486Z /usr/bin/tar: ../../../../../usr/local/lib/android/sdk/platforms/android-34-ext11/data/res/values-h720dp: Cannot utime: Operation not permitted
build	Cache Android SDK	2026-06-06T12:22:51.3682927Z /usr/bin/tar: ../../../../../usr/local/lib/android/sdk/platforms/android-34-ext11/data/res/values-h720dp: Cannot change mode to rwxr-xr-x: Operation not permitted
build	Cache Android SDK	2026-06-06T12:22:51.3685495Z /usr/bin/tar: ../../../../../usr/local/lib/android/sdk/platforms/android-34-ext11/data/res/values-mcc310-mnc310-b+sr+Latn: Cannot utime: Operation not permitted
build	Cache Android SDK	2026-06-06T12:22:51.3685994Z /usr/bin/tar: ../../../../../usr/local/lib/android/sdk/platforms/android-34-ext11/data/res/values-mcc310-mnc310-b+sr+Latn: Cannot change mode to rwxr-xr-x: Operation not permitted
build	Cache Android SDK	2026-06-06T12:22:51.3688987Z /usr/bin/tar: ../../../../../usr/local/lib/android/sdk/platforms/android-34-ext11/data/res/values-mcc001-mnc01-eu: Cannot utime: Operation not permitted
build	Cache Android SDK	2026-06-06T12:22:51.3689456Z /usr/bin/tar: ../../../../../usr/local/lib/android/sdk/platforms/android-34-ext11/data/res/values-mcc001-mnc01-eu: Cannot change mode to rwxr-xr-x: Operation not permitted
build	Cache Android SDK	2026-06-06T12:22:51.3692733Z /usr/bin/tar: ../../../../../usr/local/lib/android/sdk/platforms/android-34-ext11/data/res/values-mcc310-mnc170-mn: Cannot utime: Operation not permitted
build	Cache Android SDK	2026-06-06T12:22:51.3693203Z /usr/bin/tar: ../../../../../usr/local/lib/android/sdk/platforms/android-34-ext11/data/res/values-mcc310-mnc170-mn: Cannot change mode to rwxr-xr-x: Operation not permitted
build	Cache Android SDK	2026-06-06T12:22:51.3695615Z /usr/bin/tar: ../../../../../usr/local/lib/android/sdk/platforms/android-34-ext11/data/res/values-mcc234: Cannot utime: Operation not permitted
build	Cache Android SDK	2026-06-06T12:22:51.3696054Z /usr/bin/tar: ../../../../../usr/local/lib/android/sdk/platforms/android-34-ext11/data/res/values-mcc234: Cannot change mode to rwxr-xr-x: Operation not permitted
build	Cache Android SDK	2026-06-06T12:22:51.3705610Z /usr/bin/tar: ../../../../../usr/local/lib/android/sdk/platforms/android-34-ext11/data/res/values-th: Cannot utime: Operation not permitted
build	Cache Android SDK	2026-06-06T12:22:51.3706153Z /usr/bin/tar: ../../../../../usr/local/lib/android/sdk/platforms/android-34-ext11/data/res/values-th: Cannot change mode to rwxr-xr-x: Operation not permitted
build	Cache Android SDK	2026-06-06T12:22:51.3708920Z /usr/bin/tar: ../../../../../usr/local/lib/android/sdk/platforms/android-34-ext11/data/res/values-mcc310-mnc030-mr: Cannot utime: Operation not permitted
build	Cache Android SDK	2026-06-06T12:22:51.3709463Z /usr/bin/tar: ../../../../../usr/local/lib/android/sdk/platforms/android-34-ext11/data/res/values-mcc310-mnc030-mr: Cannot change mode to rwxr-xr-x: Operation not permitted
build	Cache Android SDK	2026-06-06T12:22:51.3711797Z /usr/bin/tar: ../../../../../usr/local/lib/android/sdk/platforms/android-34-ext11/data/res/values-mcc310-mnc310-ka: Cannot utime: Operation not permitted
build	Cache Android SDK	2026-06-06T12:22:51.3712286Z /usr/bin/tar: ../../../../../usr/local/lib/android/sdk/platforms/android-34-ext11/data/res/values-mcc310-mnc310-ka: Cannot change mode to rwxr-xr-x: Operation not permitted
build	Cache Android SDK	2026-06-06T12:22:51.3714696Z /usr/bin/tar: ../../../../../usr/local/lib/android/sdk/platforms/android-34-ext11/data/res/values-mcc310-mnc240-tl: Cannot utime: Operation not permitted
build	Cache Android SDK	2026-06-06T12:22:51.3715307Z /usr/bin/tar: ../../../../../usr/local/lib/android/sdk/platforms/android-34-ext11/data/res/values-mcc310-mnc240-tl: Cannot change mode to rwxr-xr-x: Operation not permitted
build	Cache Android SDK	2026-06-06T12:22:51.3717617Z /usr/bin/tar: ../../../../../usr/local/lib/android/sdk/platforms/android-34-ext11/data/res/values-el-television: Cannot utime: Operation not permitted
build	Cache Android SDK	2026-06-06T12:22:51.3718105Z /usr/bin/tar: ../../../../../usr/local/lib/android/sdk/platforms/android-34-ext11/data/res/values-el-television: Cannot change mode to rwxr-xr-x: Operation not permitted
build	Cache Android SDK	2026-06-06T12:22:51.3720758Z /usr/bin/tar: ../../../../../usr/local/lib/android/sdk/platforms/android-34-ext11/data/res/values-mcc312-mnc670-nl: Cannot utime: Operation not permitted
build	Cache Android SDK	2026-06-06T12:22:51.3721236Z /usr/bin/tar: ../../../../../usr/local/lib/android/sdk/platforms/android-34-ext11/data/res/values-mcc312-mnc670-nl: Cannot change mode to rwxr-xr-x: Operation not permitted
build	Cache Android SDK	2026-06-06T12:22:51.3723569Z /usr/bin/tar: ../../../../../usr/local/lib/android/sdk/platforms/android-34-ext11/data/res/values-mcc310-mnc310-hy: Cannot utime: Operation not permitted
build	Cache Android SDK	2026-06-06T12:22:51.3724135Z /usr/bin/tar: ../../../../../usr/local/lib/android/sdk/platforms/android-34-ext11/data/res/values-mcc310-mnc310-hy: Cannot change mode to rwxr-xr-x: Operation not permitted
build	Cache Android SDK	2026-06-06T12:22:51.3726641Z /usr/bin/tar: ../../../../../usr/local/lib/android/sdk/platforms/android-34-ext11/data/res/values-mcc310-mnc250-ur: Cannot utime: Operation not permitted
build	Cache Android SDK	2026-06-06T12:22:51.3727119Z /usr/bin/tar: ../../../../../usr/local/lib/android/sdk/platforms/android-34-ext11/data/res/values-mcc310-mnc250-ur: Cannot change mode to rwxr-xr-x: Operation not permitted
build	Cache Android SDK	2026-06-06T12:22:51.3729678Z /usr/bin/tar: ../../../../../usr/local/lib/android/sdk/platforms/android-34-ext11/data/res/values-mcc310-mnc490-si: Cannot utime: Operation not permitted
build	Cache Android SDK	2026-06-06T12:22:51.3730261Z /usr/bin/tar: ../../../../../usr/local/lib/android/sdk/platforms/android-34-ext11/data/res/values-mcc310-mnc490-si: Cannot change mode to rwxr-xr-x: Operation not permitted
build	Cache Android SDK	2026-06-06T12:22:51.3732674Z /usr/bin/tar: ../../../../../usr/local/lib/android/sdk/platforms/android-34-ext11/data/res/values-mcc313-mnc100-am: Cannot utime: Operation not permitted
build	Cache Android SDK	2026-06-06T12:22:51.3733159Z /usr/bin/tar: ../../../../../usr/local/lib/android/sdk/platforms/android-34-ext11/data/res/values-mcc313-mnc100-am: Cannot change mode to rwxr-xr-x: Operation not permitted
build	Cache Android SDK	2026-06-06T12:22:51.3735717Z /usr/bin/tar: ../../../../../usr/local/lib/android/sdk/platforms/android-34-ext11/data/res/values-mcc310-mnc660-gu: Cannot utime: Operation not permitted
build	Cache Android SDK	2026-06-06T12:22:51.3736196Z /usr/bin/tar: ../../../../../usr/local/lib/android/sdk/platforms/android-34-ext11/data/res/values-mcc310-mnc660-gu: Cannot change mode to rwxr-xr-x: Operation not permitted
build	Cache Android SDK	2026-06-06T12:22:51.3738518Z /usr/bin/tar: ../../../../../usr/local/lib/android/sdk/platforms/android-34-ext11/data/res/values-mcc310-mnc410-fr-rCA: Cannot utime: Operation not permitted
build	Cache Android SDK	2026-06-06T12:22:51.3739113Z /usr/bin/tar: ../../../../../usr/local/lib/android/sdk/platforms/android-34-ext11/data/res/values-mcc310-mnc410-fr-rCA: Cannot change mode to rwxr-xr-x: Operation not permitted
build	Cache Android SDK	2026-06-06T12:22:51.3741631Z /usr/bin/tar: ../../../../../usr/local/lib/android/sdk/platforms/android-34-ext11/data/res/values-mcc310-mnc220-te: Cannot utime: Operation not permitted
build	Cache Android SDK	2026-06-06T12:22:51.3742107Z /usr/bin/tar: ../../../../../usr/local/lib/android/sdk/platforms/android-34-ext11/data/res/values-mcc310-mnc220-te: Cannot change mode to rwxr-xr-x: Operation not permitted
build	Cache Android SDK	2026-06-06T12:22:51.3744677Z /usr/bin/tar: ../../../../../usr/local/lib/android/sdk/platforms/android-34-ext11/data/res/values-af-watch: Cannot utime: Operation not permitted
build	Cache Android SDK	2026-06-06T12:22:51.3745134Z /usr/bin/tar: ../../../../../usr/local/lib/android/sdk/platforms/android-34-ext11/data/res/values-af-watch: Cannot change mode to rwxr-xr-x: Operation not permitted
build	Cache Android SDK	2026-06-06T12:22:51.3748462Z /usr/bin/tar: ../../../../../usr/local/lib/android/sdk/platforms/android-34-ext11/data/res/values-mcc310-mnc410-el: Cannot utime: Operation not permitted
build	Cache Android SDK	2026-06-06T12:22:51.3749239Z /usr/bin/tar: ../../../../../usr/local/lib/android/sdk/platforms/android-34-ext11/data/res/values-mcc310-mnc410-el: Cannot change mode to rwxr-xr-x: Operation not permitted
build	Cache Android SDK	2026-06-06T12:22:51.3750886Z /usr/bin/tar: ../../../../../usr/local/lib/android/sdk/platforms/android-34-ext11/data/res/values-mcc310-mnc250-en-rAU: Cannot utime: Operation not permitted
build	Cache Android SDK	2026-06-06T12:22:51.3751372Z /usr/bin/tar: ../../../../../usr/local/lib/android/sdk/platforms/android-34-ext11/data/res/values-mcc310-mnc250-en-rAU: Cannot change mode to rwxr-xr-x: Operation not permitted
build	Cache Android SDK	2026-06-06T12:22:51.3754073Z /usr/bin/tar: ../../../../../usr/local/lib/android/sdk/platforms/android-34-ext11/data/res/values-mcc312-mnc670-mr: Cannot utime: Operation not permitted
build	Cache Android SDK	2026-06-06T12:22:51.3754566Z /usr/bin/tar: ../../../../../usr/local/lib/android/sdk/platforms/android-34-ext11/data/res/values-mcc312-mnc670-mr: Cannot change mode to rwxr-xr-x: Operation not permitted
build	Cache Android SDK	2026-06-06T12:22:51.3757043Z /usr/bin/tar: ../../../../../usr/local/lib/android/sdk/platforms/android-34-ext11/data/res/values-mcc310-mnc660-sk: Cannot utime: Operation not permitted
build	Cache Android SDK	2026-06-06T12:22:51.3757673Z /usr/bin/tar: ../../../../../usr/local/lib/android/sdk/platforms/android-34-ext11/data/res/values-mcc310-mnc660-sk: Cannot change mode to rwxr-xr-x: Operation not permitted
build	Cache Android SDK	2026-06-06T12:22:51.3759774Z /usr/bin/tar: ../../../../../usr/local/lib/android/sdk/platforms/android-34-ext11/data/res/values-mcc310-mnc800-pt-rBR: Cannot utime: Operation not permitted
build	Cache Android SDK	2026-06-06T12:22:51.3760271Z /usr/bin/tar: ../../../../../usr/local/lib/android/sdk/platforms/android-34-ext11/data/res/values-mcc310-mnc800-pt-rBR: Cannot change mode to rwxr-xr-x: Operation not permitted
build	Cache Android SDK	2026-06-06T12:22:51.3762566Z /usr/bin/tar: ../../../../../usr/local/lib/android/sdk/platforms/android-34-ext11/data/res/values-mcc310-mnc410-uz: Cannot utime: Operation not permitted
build	Cache Android SDK	2026-06-06T12:22:51.3763124Z /usr/bin/tar: ../../../../../usr/local/lib/android/sdk/platforms/android-34-ext11/data/res/values-mcc310-mnc410-uz: Cannot change mode to rwxr-xr-x: Operation not permitted
build	Cache Android SDK	2026-06-06T12:22:51.3765344Z /usr/bin/tar: ../../../../../usr/local/lib/android/sdk/platforms/android-34-ext11/data/res/values-mcc310-mnc230-ms: Cannot utime: Operation not permitted
build	Cache Android SDK	2026-06-06T12:22:51.3765808Z /usr/bin/tar: ../../../../../usr/local/lib/android/sdk/platforms/android-34-ext11/data/res/values-mcc310-mnc230-ms: Cannot change mode to rwxr-xr-x: Operation not permitted
build	Cache Android SDK	2026-06-06T12:22:51.3768325Z /usr/bin/tar: ../../../../../usr/local/lib/android/sdk/platforms/android-34-ext11/data/res/values-mcc302-mnc720-vi: Cannot utime: Operation not permitted
build	Cache Android SDK	2026-06-06T12:22:51.3768802Z /usr/bin/tar: ../../../../../usr/local/lib/android/sdk/platforms/android-34-ext11/data/res/values-mcc302-mnc720-vi: Cannot change mode to rwxr-xr-x: Operation not permitted
build	Cache Android SDK	2026-06-06T12:22:51.3771455Z /usr/bin/tar: ../../../../../usr/local/lib/android/sdk/platforms/android-34-ext11/data/res/values-tr-rTR: Cannot utime: Operation not permitted
build	Cache Android SDK	2026-06-06T12:22:51.3771915Z /usr/bin/tar: ../../../../../usr/local/lib/android/sdk/platforms/android-34-ext11/data/res/values-tr-rTR: Cannot change mode to rwxr-xr-x: Operation not permitted
build	Cache Android SDK	2026-06-06T12:22:51.3784715Z /usr/bin/tar: ../../../../../usr/local/lib/android/sdk/platforms/android-34-ext11/data/res/values-en-rXC: Cannot utime: Operation not permitted
build	Cache Android SDK	2026-06-06T12:22:51.3785233Z /usr/bin/tar: ../../../../../usr/local/lib/android/sdk/platforms/android-34-ext11/data/res/values-en-rXC: Cannot change mode to rwxr-xr-x: Operation not permitted
build	Cache Android SDK	2026-06-06T12:22:51.3787813Z /usr/bin/tar: ../../../../../usr/local/lib/android/sdk/platforms/android-34-ext11/data/res/values-mcc310-mnc560-pt-rPT: Cannot utime: Operation not permitted
build	Cache Android SDK	2026-06-06T12:22:51.3788320Z /usr/bin/tar: ../../../../../usr/local/lib/android/sdk/platforms/android-34-ext11/data/res/values-mcc310-mnc560-pt-rPT: Cannot change mode to rwxr-xr-x: Operation not permitted
build	Cache Android SDK	2026-06-06T12:22:51.3791004Z /usr/bin/tar: ../../../../../usr/local/lib/android/sdk/platforms/android-34-ext11/data/res/values-mcc310-mnc490-es: Cannot utime: Operation not permitted
build	Cache Android SDK	2026-06-06T12:22:51.3791490Z /usr/bin/tar: ../../../../../usr/local/lib/android/sdk/platforms/android-34-ext11/data/res/values-mcc310-mnc490-es: Cannot change mode to rwxr-xr-x: Operation not permitted
build	Cache Android SDK	2026-06-06T12:22:51.3793875Z /usr/bin/tar: ../../../../../usr/local/lib/android/sdk/platforms/android-34-ext11/data/res/values-mcc310-mnc310-th: Cannot utime: Operation not permitted
build	Cache Android SDK	2026-06-06T12:22:51.3794346Z /usr/bin/tar: ../../../../../usr/local/lib/android/sdk/platforms/android-34-ext11/data/res/values-mcc310-mnc310-th: Cannot change mode to rwxr-xr-x: Operation not permitted
build	Cache Android SDK	2026-06-06T12:22:51.3797129Z /usr/bin/tar: ../../../../../usr/local/lib/android/sdk/platforms/android-34-ext11/data/res/values-mcc310-mnc030-fa: Cannot utime: Operation not permitted
build	Cache Android SDK	2026-06-06T12:22:51.3797699Z /usr/bin/tar: ../../../../../usr/local/lib/android/sdk/platforms/android-34-ext11/data/res/values-mcc310-mnc030-fa: Cannot change mode to rwxr-xr-x: Operation not permitted
build	Cache Android SDK	2026-06-06T12:22:51.3800180Z /usr/bin/tar: ../../../../../usr/local/lib/android/sdk/platforms/android-34-ext11/data/res/values-mcc001-mnc01-be: Cannot utime: Operation not permitted
build	Cache Android SDK	2026-06-06T12:22:51.3800650Z /usr/bin/tar: ../../../../../usr/local/lib/android/sdk/platforms/android-34-ext11/data/res/values-mcc001-mnc01-be: Cannot change mode to rwxr-xr-x: Operation not permitted
build	Cache Android SDK	2026-06-06T12:22:51.3803240Z /usr/bin/tar: ../../../../../usr/local/lib/android/sdk/platforms/android-34-ext11/data/res/values-mcc310-mnc210-el: Cannot utime: Operation not permitted
build	Cache Android SDK	2026-06-06T12:22:51.3803707Z /usr/bin/tar: ../../../../../usr/local/lib/android/sdk/platforms/android-34-ext11/data/res/values-mcc310-mnc210-el: Cannot change mode to rwxr-xr-x: Operation not permitted
build	Cache Android SDK	2026-06-06T12:22:51.3806275Z /usr/bin/tar: ../../../../../usr/local/lib/android/sdk/platforms/android-34-ext11/data/res/values-mcc310-mnc200-ja: Cannot utime: Operation not permitted
build	Cache Android SDK	2026-06-06T12:22:51.3806745Z /usr/bin/tar: ../../../../../usr/local/lib/android/sdk/platforms/android-34-ext11/data/res/values-mcc310-mnc200-ja: Cannot change mode to rwxr-xr-x: Operation not permitted
build	Cache Android SDK	2026-06-06T12:22:51.3812978Z /usr/bin/tar: ../../../../../usr/local/lib/android/sdk/platforms/android-34-ext11/data/res/values-eu: Cannot utime: Operation not permitted
build	Cache Android SDK	2026-06-06T12:22:51.3813451Z /usr/bin/tar: ../../../../../usr/local/lib/android/sdk/platforms/android-34-ext11/data/res/values-eu: Cannot change mode to rwxr-xr-x: Operation not permitted
build	Cache Android SDK	2026-06-06T12:22:51.3815686Z /usr/bin/tar: ../../../../../usr/local/lib/android/sdk/platforms/android-34-ext11/data/res/values-mcc310-mnc160-ms: Cannot utime: Operation not permitted
build	Cache Android SDK	2026-06-06T12:22:51.3816174Z /usr/bin/tar: ../../../../../usr/local/lib/android/sdk/platforms/android-34-ext11/data/res/values-mcc310-mnc160-ms: Cannot change mode to rwxr-xr-x: Operation not permitted
build	Cache Android SDK	2026-06-06T12:22:51.3818852Z /usr/bin/tar: ../../../../../usr/local/lib/android/sdk/platforms/android-34-ext11/data/res/values-mcc310-mnc240-az: Cannot utime: Operation not permitted
build	Cache Android SDK	2026-06-06T12:22:51.3819334Z /usr/bin/tar: ../../../../../usr/local/lib/android/sdk/platforms/android-34-ext11/data/res/values-mcc310-mnc240-az: Cannot change mode to rwxr-xr-x: Operation not permitted
build	Cache Android SDK	2026-06-06T12:22:51.3822067Z /usr/bin/tar: ../../../../../usr/local/lib/android/sdk/platforms/android-34-ext11/data/res/values-mcc310-mnc220-kk: Cannot utime: Operation not permitted
build	Cache Android SDK	2026-06-06T12:22:51.3822557Z /usr/bin/tar: ../../../../../usr/local/lib/android/sdk/platforms/android-34-ext11/data/res/values-mcc310-mnc220-kk: Cannot change mode to rwxr-xr-x: Operation not permitted
build	Cache Android SDK	2026-06-06T12:22:51.3824517Z /usr/bin/tar: ../../../../../usr/local/lib/android/sdk/platforms/android-34-ext11/data/res/values-mcc310-mnc200-ru: Cannot utime: Operation not permitted
build	Cache Android SDK	2026-06-06T12:22:51.3825128Z /usr/bin/tar: ../../../../../usr/local/lib/android/sdk/platforms/android-34-ext11/data/res/values-mcc310-mnc200-ru: Cannot change mode to rwxr-xr-x: Operation not permitted
build	Cache Android SDK	2026-06-06T12:22:51.3827823Z /usr/bin/tar: ../../../../../usr/local/lib/android/sdk/platforms/android-34-ext11/data/res/values-mcc001-mnc01-da: Cannot utime: Operation not permitted
build	Cache Android SDK	2026-06-06T12:22:51.3828326Z /usr/bin/tar: ../../../../../usr/local/lib/android/sdk/platforms/android-34-ext11/data/res/values-mcc001-mnc01-da: Cannot change mode to rwxr-xr-x: Operation not permitted
build	Cache Android SDK	2026-06-06T12:22:51.3830745Z /usr/bin/tar: ../../../../../usr/local/lib/android/sdk/platforms/android-34-ext11/data/res/values-mcc310-mnc160-it: Cannot utime: Operation not permitted
build	Cache Android SDK	2026-06-06T12:22:51.3831353Z /usr/bin/tar: ../../../../../usr/local/lib/android/sdk/platforms/android-34-ext11/data/res/values-mcc310-mnc160-it: Cannot change mode to rwxr-xr-x: Operation not permitted
build	Cache Android SDK	2026-06-06T12:22:51.3834825Z /usr/bin/tar: ../../../../../usr/local/lib/android/sdk/platforms/android-34-ext11/data/res/values-mcc310-mnc200-sq: Cannot utime: Operation not permitted
build	Cache Android SDK	2026-06-06T12:22:51.3835577Z /usr/bin/tar: ../../../../../usr/local/lib/android/sdk/platforms/android-34-ext11/data/res/values-mcc310-mnc200-sq: Cannot change mode to rwxr-xr-x: Operation not permitted
build	Cache Android SDK	2026-06-06T12:22:51.3839980Z /usr/bin/tar: ../../../../../usr/local/lib/android/sdk/platforms/android-34-ext11/data/res/values-mcc302-mnc370-b+sr+Latn: Cannot utime: Operation not permitted
build	Cache Android SDK	2026-06-06T12:22:51.3841042Z /usr/bin/tar: ../../../../../usr/local/lib/android/sdk/platforms/android-34-ext11/data/res/values-mcc302-mnc370-b+sr+Latn: Cannot change mode to rwxr-xr-x: Operation not permitted
build	Cache Android SDK	2026-06-06T12:22:51.3847226Z /usr/bin/tar: ../../../../../usr/local/lib/android/sdk/platforms/android-34-ext11/data/res/values-mcc302-mnc720-am: Cannot utime: Operation not permitted
build	Cache Android SDK	2026-06-06T12:22:51.3848313Z /usr/bin/tar: ../../../../../usr/local/lib/android/sdk/platforms/android-34-ext11/data/res/values-mcc302-mnc720-am: Cannot change mode to rwxr-xr-x: Operation not permitted
build	Cache Android SDK	2026-06-06T12:22:51.3850810Z /usr/bin/tar: ../../../../../usr/local/lib/android/sdk/platforms/android-34-ext11/data/res/values-mcc310-mnc210-ru: Cannot utime: Operation not permitted
build	Cache Android SDK	2026-06-06T12:22:51.3851687Z /usr/bin/tar: ../../../../../usr/local/lib/android/sdk/platforms/android-34-ext11/data/res/values-mcc310-mnc210-ru: Cannot change mode to rwxr-xr-x: Operation not permitted
build	Cache Android SDK	2026-06-06T12:22:51.3854051Z /usr/bin/tar: ../../../../../usr/local/lib/android/sdk/platforms/android-34-ext11/data/res/values-mcc311-mnc180-sv: Cannot utime: Operation not permitted
build	Cache Android SDK	2026-06-06T12:22:51.3854881Z /usr/bin/tar: ../../../../../usr/local/lib/android/sdk/platforms/android-34-ext11/data/res/values-mcc311-mnc180-sv: Cannot change mode to rwxr-xr-x: Operation not permitted
build	Cache Android SDK	2026-06-06T12:22:51.3860982Z /usr/bin/tar: ../../../../../usr/local/lib/android/sdk/platforms/android-34-ext11/data/res/values-mcc312-mnc670-pt-rBR: Cannot utime: Operation not permitted
build	Cache Android SDK	2026-06-06T12:22:51.3863575Z /usr/bin/tar: ../../../../../usr/local/lib/android/sdk/platforms/android-34-ext11/data/res/values-mcc312-mnc670-pt-rBR: Cannot change mode to rwxr-xr-x: Operation not permitted
build	Cache Android SDK	2026-06-06T12:22:51.3864161Z /usr/bin/tar: ../../../../../usr/local/lib/android/sdk/platforms/android-34-ext11/data/res/values-mcc313-mnc100-km: Cannot utime: Operation not permitted
build	Cache Android SDK	2026-06-06T12:22:51.3864636Z /usr/bin/tar: ../../../../../usr/local/lib/android/sdk/platforms/android-34-ext11/data/res/values-mcc313-mnc100-km: Cannot change mode to rwxr-xr-x: Operation not permitted
build	Cache Android SDK	2026-06-06T12:22:51.3865049Z /usr/bin/tar: ../../../../../usr/local/lib/android/sdk/platforms/android-34-ext11/data/res/values-mcc310-mnc170-ur: Cannot utime: Operation not permitted
build	Cache Android SDK	2026-06-06T12:22:51.3867296Z /usr/bin/tar: ../../../../../usr/local/lib/android/sdk/platforms/android-34-ext11/data/res/values-mcc310-mnc170-ur: Cannot change mode to rwxr-xr-x: Operation not permitted
build	Cache Android SDK	2026-06-06T12:22:51.3868041Z /usr/bin/tar: ../../../../../usr/local/lib/android/sdk/platforms/android-34-ext11/data/res/values-mcc310-mnc380-bn: Cannot utime: Operation not permitted
build	Cache Android SDK	2026-06-06T12:22:51.3868504Z /usr/bin/tar: ../../../../../usr/local/lib/android/sdk/platforms/android-34-ext11/data/res/values-mcc310-mnc380-bn: Cannot change mode to rwxr-xr-x: Operation not permitted
build	Cache Android SDK	2026-06-06T12:22:51.3868934Z /usr/bin/tar: ../../../../../usr/local/lib/android/sdk/platforms/android-34-ext11/data/res/values-mcc310-mnc160-pt-rBR: Cannot utime: Operation not permitted
build	Cache Android SDK	2026-06-06T12:22:51.3869423Z /usr/bin/tar: ../../../../../usr/local/lib/android/sdk/platforms/android-34-ext11/data/res/values-mcc310-mnc160-pt-rBR: Cannot change mode to rwxr-xr-x: Operation not permitted
build	Cache Android SDK	2026-06-06T12:22:51.3870890Z /usr/bin/tar: ../../../../../usr/local/lib/android/sdk/platforms/android-34-ext11/data/res/values-mcc313-mnc100-ka: Cannot utime: Operation not permitted
build	Cache Android SDK	2026-06-06T12:22:51.3871370Z /usr/bin/tar: ../../../../../usr/local/lib/android/sdk/platforms/android-34-ext11/data/res/values-mcc313-mnc100-ka: Cannot change mode to rwxr-xr-x: Operation not permitted
build	Cache Android SDK	2026-06-06T12:22:51.3874242Z /usr/bin/tar: ../../../../../usr/local/lib/android/sdk/platforms/android-34-ext11/data/res/values-mcc001-mnc01-ar: Cannot utime: Operation not permitted
build	Cache Android SDK	2026-06-06T12:22:51.3874703Z /usr/bin/tar: ../../../../../usr/local/lib/android/sdk/platforms/android-34-ext11/data/res/values-mcc001-mnc01-ar: Cannot change mode to rwxr-xr-x: Operation not permitted
build	Cache Android SDK	2026-06-06T12:22:51.3877303Z /usr/bin/tar: ../../../../../usr/local/lib/android/sdk/platforms/android-34-ext11/data/res/values-mcc312-mnc670-da: Cannot utime: Operation not permitted
build	Cache Android SDK	2026-06-06T12:22:51.3877927Z /usr/bin/tar: ../../../../../usr/local/lib/android/sdk/platforms/android-34-ext11/data/res/values-mcc312-mnc670-da: Cannot change mode to rwxr-xr-x: Operation not permitted
build	Cache Android SDK	2026-06-06T12:22:51.3880659Z /usr/bin/tar: ../../../../../usr/local/lib/android/sdk/platforms/android-34-ext11/data/res/values-mcc001-mnc01-is: Cannot utime: Operation not permitted
build	Cache Android SDK	2026-06-06T12:22:51.3881206Z /usr/bin/tar: ../../../../../usr/local/lib/android/sdk/platforms/android-34-ext11/data/res/values-mcc001-mnc01-is: Cannot change mode to rwxr-xr-x: Operation not permitted
build	Cache Android SDK	2026-06-06T12:22:51.3883826Z /usr/bin/tar: ../../../../../usr/local/lib/android/sdk/platforms/android-34-ext11/data/res/values-mcc310-mnc280-mn: Cannot utime: Operation not permitted
build	Cache Android SDK	2026-06-06T12:22:51.3884298Z /usr/bin/tar: ../../../../../usr/local/lib/android/sdk/platforms/android-34-ext11/data/res/values-mcc310-mnc280-mn: Cannot change mode to rwxr-xr-x: Operation not permitted
build	Cache Android SDK	2026-06-06T12:22:51.3886787Z /usr/bin/tar: ../../../../../usr/local/lib/android/sdk/platforms/android-34-ext11/data/res/values-mcc311-mnc180-es: Cannot utime: Operation not permitted
build	Cache Android SDK	2026-06-06T12:22:51.3887254Z /usr/bin/tar: ../../../../../usr/local/lib/android/sdk/platforms/android-34-ext11/data/res/values-mcc311-mnc180-es: Cannot change mode to rwxr-xr-x: Operation not permitted
build	Cache Android SDK	2026-06-06T12:22:51.3890134Z /usr/bin/tar: ../../../../../usr/local/lib/android/sdk/platforms/android-34-ext11/data/res/values-mcc310-mnc270-uz: Cannot utime: Operation not permitted
build	Cache Android SDK	2026-06-06T12:22:51.3890616Z /usr/bin/tar: ../../../../../usr/local/lib/android/sdk/platforms/android-34-ext11/data/res/values-mcc310-mnc270-uz: Cannot change mode to rwxr-xr-x: Operation not permitted
build	Cache Android SDK	2026-06-06T12:22:51.3893188Z /usr/bin/tar: ../../../../../usr/local/lib/android/sdk/platforms/android-34-ext11/data/res/values-mcc310-mnc220-fr-rCA: Cannot utime: Operation not permitted
build	Cache Android SDK	2026-06-06T12:22:51.3893676Z /usr/bin/tar: ../../../../../usr/local/lib/android/sdk/platforms/android-34-ext11/data/res/values-mcc310-mnc220-fr-rCA: Cannot change mode to rwxr-xr-x: Operation not permitted
build	Cache Android SDK	2026-06-06T12:22:51.3896426Z /usr/bin/tar: ../../../../../usr/local/lib/android/sdk/platforms/android-34-ext11/data/res/values-mcc001-mnc01-af: Cannot utime: Operation not permitted
build	Cache Android SDK	2026-06-06T12:22:51.3896903Z /usr/bin/tar: ../../../../../usr/local/lib/android/sdk/platforms/android-34-ext11/data/res/values-mcc001-mnc01-af: Cannot change mode to rwxr-xr-x: Operation not permitted
build	Cache Android SDK	2026-06-06T12:22:51.3899322Z /usr/bin/tar: ../../../../../usr/local/lib/android/sdk/platforms/android-34-ext11/data/res/values-mcc310-mnc280-fi: Cannot utime: Operation not permitted
build	Cache Android SDK	2026-06-06T12:22:51.3899950Z /usr/bin/tar: ../../../../../usr/local/lib/android/sdk/platforms/android-34-ext11/data/res/values-mcc310-mnc280-fi: Cannot change mode to rwxr-xr-x: Operation not permitted
build	Cache Android SDK	2026-06-06T12:22:51.3902532Z /usr/bin/tar: ../../../../../usr/local/lib/android/sdk/platforms/android-34-ext11/data/res/values-fr-rFR: Cannot utime: Operation not permitted
build	Cache Android SDK	2026-06-06T12:22:51.3903034Z /usr/bin/tar: ../../../../../usr/local/lib/android/sdk/platforms/android-34-ext11/data/res/values-fr-rFR: Cannot change mode to rwxr-xr-x: Operation not permitted
build	Cache Android SDK	2026-06-06T12:22:51.3905835Z /usr/bin/tar: ../../../../../usr/local/lib/android/sdk/platforms/android-34-ext11/data/res/values-mcc310-mnc380-sw: Cannot utime: Operation not permitted
build	Cache Android SDK	2026-06-06T12:22:51.3906343Z /usr/bin/tar: ../../../../../usr/local/lib/android/sdk/platforms/android-34-ext11/data/res/values-mcc310-mnc380-sw: Cannot change mode to rwxr-xr-x: Operation not permitted
build	Cache Android SDK	2026-06-06T12:22:51.3909083Z /usr/bin/tar: ../../../../../usr/local/lib/android/sdk/platforms/android-34-ext11/data/res/values-mcc310-mnc270-de: Cannot utime: Operation not permitted
build	Cache Android SDK	2026-06-06T12:22:51.3909567Z /usr/bin/tar: ../../../../../usr/local/lib/android/sdk/platforms/android-34-ext11/data/res/values-mcc310-mnc270-de: Cannot change mode to rwxr-xr-x: Operation not permitted
build	Cache Android SDK	2026-06-06T12:22:51.3912370Z /usr/bin/tar: ../../../../../usr/local/lib/android/sdk/platforms/android-34-ext11/data/res/values-mcc310-mnc030-ta: Cannot utime: Operation not permitted
build	Cache Android SDK	2026-06-06T12:22:51.3912867Z /usr/bin/tar: ../../../../../usr/local/lib/android/sdk/platforms/android-34-ext11/data/res/values-mcc310-mnc030-ta: Cannot change mode to rwxr-xr-x: Operation not permitted
build	Cache Android SDK	2026-06-06T12:22:51.3915491Z /usr/bin/tar: ../../../../../usr/local/lib/android/sdk/platforms/android-34-ext11/data/res/values-mcc310-mnc800-si: Cannot utime: Operation not permitted
build	Cache Android SDK	2026-06-06T12:22:51.3916038Z /usr/bin/tar: ../../../../../usr/local/lib/android/sdk/platforms/android-34-ext11/data/res/values-mcc310-mnc800-si: Cannot change mode to rwxr-xr-x: Operation not permitted
build	Cache Android SDK	2026-06-06T12:22:51.3918550Z /usr/bin/tar: ../../../../../usr/local/lib/android/sdk/platforms/android-34-ext11/data/res/values-mcc310-mnc660-zu: Cannot utime: Operation not permitted
build	Cache Android SDK	2026-06-06T12:22:51.3919020Z /usr/bin/tar: ../../../../../usr/local/lib/android/sdk/platforms/android-34-ext11/data/res/values-mcc310-mnc660-zu: Cannot change mode to rwxr-xr-x: Operation not permitted
build	Cache Android SDK	2026-06-06T12:22:51.3921439Z /usr/bin/tar: ../../../../../usr/local/lib/android/sdk/platforms/android-34-ext11/data/res/values-mcc310-mnc310-es-rUS: Cannot utime: Operation not permitted
build	Cache Android SDK	2026-06-06T12:22:51.3922021Z /usr/bin/tar: ../../../../../usr/local/lib/android/sdk/platforms/android-34-ext11/data/res/values-mcc310-mnc310-es-rUS: Cannot change mode to rwxr-xr-x: Operation not permitted
build	Cache Android SDK	2026-06-06T12:22:51.3924524Z /usr/bin/tar: ../../../../../usr/local/lib/android/sdk/platforms/android-34-ext11/data/res/values-mcc311-mnc180-ky: Cannot utime: Operation not permitted
build	Cache Android SDK	2026-06-06T12:22:51.3924998Z /usr/bin/tar: ../../../../../usr/local/lib/android/sdk/platforms/android-34-ext11/data/res/values-mcc311-mnc180-ky: Cannot change mode to rwxr-xr-x: Operation not permitted
build	Cache Android SDK	2026-06-06T12:22:51.3927154Z /usr/bin/tar: ../../../../../usr/local/lib/android/sdk/platforms/android-34-ext11/data/res/values-mcc310-mnc490-fi: Cannot utime: Operation not permitted
build	Cache Android SDK	2026-06-06T12:22:51.3927901Z /usr/bin/tar: ../../../../../usr/local/lib/android/sdk/platforms/android-34-ext11/data/res/values-mcc310-mnc490-fi: Cannot change mode to rwxr-xr-x: Operation not permitted
build	Cache Android SDK	2026-06-06T12:22:51.3930486Z /usr/bin/tar: ../../../../../usr/local/lib/android/sdk/platforms/android-34-ext11/data/res/values-mcc310-mnc310-hi: Cannot utime: Operation not permitted
build	Cache Android SDK	2026-06-06T12:22:51.3930965Z /usr/bin/tar: ../../../../../usr/local/lib/android/sdk/platforms/android-34-ext11/data/res/values-mcc310-mnc310-hi: Cannot change mode to rwxr-xr-x: Operation not permitted
build	Cache Android SDK	2026-06-06T12:22:51.3934262Z /usr/bin/tar: ../../../../../usr/local/lib/android/sdk/platforms/android-34-ext11/data/res/values-mcc302-mnc720-nl: Cannot utime: Operation not permitted
build	Cache Android SDK	2026-06-06T12:22:51.3934730Z /usr/bin/tar: ../../../../../usr/local/lib/android/sdk/platforms/android-34-ext11/data/res/values-mcc302-mnc720-nl: Cannot change mode to rwxr-xr-x: Operation not permitted
build	Cache Android SDK	2026-06-06T12:22:51.3940090Z /usr/bin/tar: ../../../../../usr/local/lib/android/sdk/platforms/android-34-ext11/data/res/values-mcc310-mnc170-lo: Cannot utime: Operation not permitted
build	Cache Android SDK	2026-06-06T12:22:51.3940560Z /usr/bin/tar: ../../../../../usr/local/lib/android/sdk/platforms/android-34-ext11/data/res/values-mcc310-mnc170-lo: Cannot change mode to rwxr-xr-x: Operation not permitted
build	Cache Android SDK	2026-06-06T12:22:51.3944343Z /usr/bin/tar: ../../../../../usr/local/lib/android/sdk/platforms/android-34-ext11/data/res/values-mcc310-mnc380-fi: Cannot utime: Operation not permitted
build	Cache Android SDK	2026-06-06T12:22:51.3944947Z /usr/bin/tar: ../../../../../usr/local/lib/android/sdk/platforms/android-34-ext11/data/res/values-mcc310-mnc380-fi: Cannot change mode to rwxr-xr-x: Operation not permitted
build	Cache Android SDK	2026-06-06T12:22:51.3947691Z /usr/bin/tar: ../../../../../usr/local/lib/android/sdk/platforms/android-34-ext11/data/res/values-mcc310-mnc150-kn: Cannot utime: Operation not permitted
build	Cache Android SDK	2026-06-06T12:22:51.3948172Z /usr/bin/tar: ../../../../../usr/local/lib/android/sdk/platforms/android-34-ext11/data/res/values-mcc310-mnc150-kn: Cannot change mode to rwxr-xr-x: Operation not permitted
build	Cache Android SDK	2026-06-06T12:22:51.3950724Z /usr/bin/tar: ../../../../../usr/local/lib/android/sdk/platforms/android-34-ext11/data/res/values-mcc310-mnc170: Cannot utime: Operation not permitted
build	Cache Android SDK	2026-06-06T12:22:51.3951311Z /usr/bin/tar: ../../../../../usr/local/lib/android/sdk/platforms/android-34-ext11/data/res/values-mcc310-mnc170: Cannot change mode to rwxr-xr-x: Operation not permitted
build	Cache Android SDK	2026-06-06T12:22:51.3953767Z /usr/bin/tar: ../../../../../usr/local/lib/android/sdk/platforms/android-34-ext11/data/res/values-mcc310-mnc150-hy: Cannot utime: Operation not permitted
build	Cache Android SDK	2026-06-06T12:22:51.3954249Z /usr/bin/tar: ../../../../../usr/local/lib/android/sdk/platforms/android-34-ext11/data/res/values-mcc310-mnc150-hy: Cannot change mode to rwxr-xr-x: Operation not permitted
build	Cache Android SDK	2026-06-06T12:22:51.3956705Z /usr/bin/tar: ../../../../../usr/local/lib/android/sdk/platforms/android-34-ext11/data/res/values-mcc310-mnc560-en-rAU: Cannot utime: Operation not permitted
build	Cache Android SDK	2026-06-06T12:22:51.3957274Z /usr/bin/tar: ../../../../../usr/local/lib/android/sdk/platforms/android-34-ext11/data/res/values-mcc310-mnc560-en-rAU: Cannot change mode to rwxr-xr-x: Operation not permitted
build	Cache Android SDK	2026-06-06T12:22:51.3961768Z /usr/bin/tar: ../../../../../usr/local/lib/android/sdk/platforms/android-34-ext11/data/res/values-mcc716-mnc17: Cannot utime: Operation not permitted
build	Cache Android SDK	2026-06-06T12:22:51.3962387Z /usr/bin/tar: ../../../../../usr/local/lib/android/sdk/platforms/android-34-ext11/data/res/values-mcc716-mnc17: Cannot change mode to rwxr-xr-x: Operation not permitted
build	Cache Android SDK	2026-06-06T12:22:51.3964550Z /usr/bin/tar: ../../../../../usr/local/lib/android/sdk/platforms/android-34-ext11/data/res/values-mcc310-mnc560-de: Cannot utime: Operation not permitted
build	Cache Android SDK	2026-06-06T12:22:51.3965091Z /usr/bin/tar: ../../../../../usr/local/lib/android/sdk/platforms/android-34-ext11/data/res/values-mcc310-mnc560-de: Cannot change mode to rwxr-xr-x: Operation not permitted
build	Cache Android SDK	2026-06-06T12:22:51.3967642Z /usr/bin/tar: ../../../../../usr/local/lib/android/sdk/platforms/android-34-ext11/data/res/values-mcc334-mnc020-tl: Cannot utime: Operation not permitted
build	Cache Android SDK	2026-06-06T12:22:51.3968117Z /usr/bin/tar: ../../../../../usr/local/lib/android/sdk/platforms/android-34-ext11/data/res/values-mcc334-mnc020-tl: Cannot change mode to rwxr-xr-x: Operation not permitted
build	Cache Android SDK	2026-06-06T12:22:51.3970881Z /usr/bin/tar: ../../../../../usr/local/lib/android/sdk/platforms/android-34-ext11/data/res/values-mcc310-mnc150-ur: Cannot utime: Operation not permitted
build	Cache Android SDK	2026-06-06T12:22:51.3971419Z /usr/bin/tar: ../../../../../usr/local/lib/android/sdk/platforms/android-34-ext11/data/res/values-mcc310-mnc150-ur: Cannot change mode to rwxr-xr-x: Operation not permitted
build	Cache Android SDK	2026-06-06T12:22:51.3973999Z /usr/bin/tar: ../../../../../usr/local/lib/android/sdk/platforms/android-34-ext11/data/res/values-mcc310-mnc250-fr: Cannot utime: Operation not permitted
build	Cache Android SDK	2026-06-06T12:22:51.3974516Z /usr/bin/tar: ../../../../../usr/local/lib/android/sdk/platforms/android-34-ext11/data/res/values-mcc310-mnc250-fr: Cannot change mode to rwxr-xr-x: Operation not permitted
build	Cache Android SDK	2026-06-06T12:22:51.3977057Z /usr/bin/tar: ../../../../../usr/local/lib/android/sdk/platforms/android-34-ext11/data/res/values-mcc310-mnc950-tl: Cannot utime: Operation not permitted
build	Cache Android SDK	2026-06-06T12:22:51.3977808Z /usr/bin/tar: ../../../../../usr/local/lib/android/sdk/platforms/android-34-ext11/data/res/values-mcc310-mnc950-tl: Cannot change mode to rwxr-xr-x: Operation not permitted
build	Cache Android SDK	2026-06-06T12:22:51.3980232Z /usr/bin/tar: ../../../../../usr/local/lib/android/sdk/platforms/android-34-ext11/data/res/values-mcc310-mnc160-fr: Cannot utime: Operation not permitted
build	Cache Android SDK	2026-06-06T12:22:51.3980757Z /usr/bin/tar: ../../../../../usr/local/lib/android/sdk/platforms/android-34-ext11/data/res/values-mcc310-mnc160-fr: Cannot change mode to rwxr-xr-x: Operation not permitted
build	Cache Android SDK	2026-06-06T12:22:51.3983019Z /usr/bin/tar: ../../../../../usr/local/lib/android/sdk/platforms/android-34-ext11/data/res/values-mcc313-mnc100-en-rGB: Cannot utime: Operation not permitted
build	Cache Android SDK	2026-06-06T12:22:51.3983533Z /usr/bin/tar: ../../../../../usr/local/lib/android/sdk/platforms/android-34-ext11/data/res/values-mcc313-mnc100-en-rGB: Cannot change mode to rwxr-xr-x: Operation not permitted
build	Cache Android SDK	2026-06-06T12:22:51.3985973Z /usr/bin/tar: ../../../../../usr/local/lib/android/sdk/platforms/android-34-ext11/data/res/values-mcc310-mnc560-gl: Cannot utime: Operation not permitted
build	Cache Android SDK	2026-06-06T12:22:51.3986468Z /usr/bin/tar: ../../../../../usr/local/lib/android/sdk/platforms/android-34-ext11/data/res/values-mcc310-mnc560-gl: Cannot change mode to rwxr-xr-x: Operation not permitted
build	Cache Android SDK	2026-06-06T12:22:51.3989264Z /usr/bin/tar: ../../../../../usr/local/lib/android/sdk/platforms/android-34-ext11/data/res/values-mcc310-mnc560-lo: Cannot utime: Operation not permitted
build	Cache Android SDK	2026-06-06T12:22:51.3989755Z /usr/bin/tar: ../../../../../usr/local/lib/android/sdk/platforms/android-34-ext11/data/res/values-mcc310-mnc560-lo: Cannot change mode to rwxr-xr-x: Operation not permitted
build	Cache Android SDK	2026-06-06T12:22:51.3992215Z /usr/bin/tar: ../../../../../usr/local/lib/android/sdk/platforms/android-34-ext11/data/res/values-mcc310-mnc160-pl: Cannot utime: Operation not permitted
build	Cache Android SDK	2026-06-06T12:22:51.3992698Z /usr/bin/tar: ../../../../../usr/local/lib/android/sdk/platforms/android-34-ext11/data/res/values-mcc310-mnc160-pl: Cannot change mode to rwxr-xr-x: Operation not permitted
build	Cache Android SDK	2026-06-06T12:22:51.3995795Z /usr/bin/tar: ../../../../../usr/local/lib/android/sdk/platforms/android-34-ext11/data/res/values-mcc310-mnc250-ca: Cannot utime: Operation not permitted
build	Cache Android SDK	2026-06-06T12:22:51.3996270Z /usr/bin/tar: ../../../../../usr/local/lib/android/sdk/platforms/android-34-ext11/data/res/values-mcc310-mnc250-ca: Cannot change mode to rwxr-xr-x: Operation not permitted
build	Cache Android SDK	2026-06-06T12:22:51.3998980Z /usr/bin/tar: ../../../../../usr/local/lib/android/sdk/platforms/android-34-ext11/data/res/values-mcc310-mnc240-pt-rPT: Cannot utime: Operation not permitted
build	Cache Android SDK	2026-06-06T12:22:51.3999491Z /usr/bin/tar: ../../../../../usr/local/lib/android/sdk/platforms/android-34-ext11/data/res/values-mcc310-mnc240-pt-rPT: Cannot change mode to rwxr-xr-x: Operation not permitted
build	Cache Android SDK	2026-06-06T12:22:51.4001856Z /usr/bin/tar: ../../../../../usr/local/lib/android/sdk/platforms/android-34-ext11/data/res/values-mcc310-mnc560-in: Cannot utime: Operation not permitted
build	Cache Android SDK	2026-06-06T12:22:51.4002349Z /usr/bin/tar: ../../../../../usr/local/lib/android/sdk/platforms/android-34-ext11/data/res/values-mcc310-mnc560-in: Cannot change mode to rwxr-xr-x: Operation not permitted
build	Cache Android SDK	2026-06-06T12:22:51.4004675Z /usr/bin/tar: ../../../../../usr/local/lib/android/sdk/platforms/android-34-ext11/data/res/values-mcc425-mnc07: Cannot utime: Operation not permitted
build	Cache Android SDK	2026-06-06T12:22:51.4005160Z /usr/bin/tar: ../../../../../usr/local/lib/android/sdk/platforms/android-34-ext11/data/res/values-mcc425-mnc07: Cannot change mode to rwxr-xr-x: Operation not permitted
build	Cache Android SDK	2026-06-06T12:22:51.4007863Z /usr/bin/tar: ../../../../../usr/local/lib/android/sdk/platforms/android-34-ext11/data/res/values-mcc311-mnc190: Cannot utime: Operation not permitted
build	Cache Android SDK	2026-06-06T12:22:51.4008339Z /usr/bin/tar: ../../../../../usr/local/lib/android/sdk/platforms/android-34-ext11/data/res/values-mcc311-mnc190: Cannot change mode to rwxr-xr-x: Operation not permitted
build	Cache Android SDK	2026-06-06T12:22:51.4010922Z /usr/bin/tar: ../../../../../usr/local/lib/android/sdk/platforms/android-34-ext11/data/res/values-mcc310-mnc030-cs: Cannot utime: Operation not permitted
build	Cache Android SDK	2026-06-06T12:22:51.4011410Z /usr/bin/tar: ../../../../../usr/local/lib/android/sdk/platforms/android-34-ext11/data/res/values-mcc310-mnc030-cs: Cannot change mode to rwxr-xr-x: Operation not permitted
build	Cache Android SDK	2026-06-06T12:22:51.4013683Z /usr/bin/tar: ../../../../../usr/local/lib/android/sdk/platforms/android-34-ext11/data/res/values-mcc310-mnc250-mr: Cannot utime: Operation not permitted
build	Cache Android SDK	2026-06-06T12:22:51.4014159Z /usr/bin/tar: ../../../../../usr/local/lib/android/sdk/platforms/android-34-ext11/data/res/values-mcc310-mnc250-mr: Cannot change mode to rwxr-xr-x: Operation not permitted
build	Cache Android SDK	2026-06-06T12:22:51.4017181Z /usr/bin/tar: ../../../../../usr/local/lib/android/sdk/platforms/android-34-ext11/data/res/values-mcc310-mnc270-pt-rPT: Cannot utime: Operation not permitted
build	Cache Android SDK	2026-06-06T12:22:51.4017907Z /usr/bin/tar: ../../../../../usr/local/lib/android/sdk/platforms/android-34-ext11/data/res/values-mcc310-mnc270-pt-rPT: Cannot change mode to rwxr-xr-x: Operation not permitted
build	Cache Android SDK	2026-06-06T12:22:51.4020344Z /usr/bin/tar: ../../../../../usr/local/lib/android/sdk/platforms/android-34-ext11/data/res/values-fr-television: Cannot utime: Operation not permitted
build	Cache Android SDK	2026-06-06T12:22:51.4020836Z /usr/bin/tar: ../../../../../usr/local/lib/android/sdk/platforms/android-34-ext11/data/res/values-fr-television: Cannot change mode to rwxr-xr-x: Operation not permitted
build	Cache Android SDK	2026-06-06T12:22:51.4023293Z /usr/bin/tar: ../../../../../usr/local/lib/android/sdk/platforms/android-34-ext11/data/res/values-ar-watch: Cannot utime: Operation not permitted
build	Cache Android SDK	2026-06-06T12:22:51.4023755Z /usr/bin/tar: ../../../../../usr/local/lib/android/sdk/platforms/android-34-ext11/data/res/values-ar-watch: Cannot change mode to rwxr-xr-x: Operation not permitted
build	Cache Android SDK	2026-06-06T12:22:51.4026697Z /usr/bin/tar: ../../../../../usr/local/lib/android/sdk/platforms/android-34-ext11/data/res/values-mcc310-mnc030-es-rUS: Cannot utime: Operation not permitted
build	Cache Android SDK	2026-06-06T12:22:51.4027308Z /usr/bin/tar: ../../../../../usr/local/lib/android/sdk/platforms/android-34-ext11/data/res/values-mcc310-mnc030-es-rUS: Cannot change mode to rwxr-xr-x: Operation not permitted
build	Cache Android SDK	2026-06-06T12:22:51.4029889Z /usr/bin/tar: ../../../../../usr/local/lib/android/sdk/platforms/android-34-ext11/data/res/values-mcc310-mnc030-zh-rTW: Cannot utime: Operation not permitted
build	Cache Android SDK	2026-06-06T12:22:51.4030393Z /usr/bin/tar: ../../../../../usr/local/lib/android/sdk/platforms/android-34-ext11/data/res/values-mcc310-mnc030-zh-rTW: Cannot change mode to rwxr-xr-x: Operation not permitted
build	Cache Android SDK	2026-06-06T12:22:51.4032966Z /usr/bin/tar: ../../../../../usr/local/lib/android/sdk/platforms/android-34-ext11/data/res/values-mcc001-mnc01-en-rIN: Cannot utime: Operation not permitted
build	Cache Android SDK	2026-06-06T12:22:51.4033460Z /usr/bin/tar: ../../../../../usr/local/lib/android/sdk/platforms/android-34-ext11/data/res/values-mcc001-mnc01-en-rIN: Cannot change mode to rwxr-xr-x: Operation not permitted
build	Cache Android SDK	2026-06-06T12:22:51.4036476Z /usr/bin/tar: ../../../../../usr/local/lib/android/sdk/platforms/android-34-ext11/data/res/values-mcc310-mnc310-mk: Cannot utime: Operation not permitted
build	Cache Android SDK	2026-06-06T12:22:51.4036974Z /usr/bin/tar: ../../../../../usr/local/lib/android/sdk/platforms/android-34-ext11/data/res/values-mcc310-mnc310-mk: Cannot change mode to rwxr-xr-x: Operation not permitted
build	Cache Android SDK	2026-06-06T12:22:51.4039921Z /usr/bin/tar: ../../../../../usr/local/lib/android/sdk/platforms/android-34-ext11/data/res/values-mcc302-mnc370-hi: Cannot utime: Operation not permitted
build	Cache Android SDK	2026-06-06T12:22:51.4040426Z /usr/bin/tar: ../../../../../usr/local/lib/android/sdk/platforms/android-34-ext11/data/res/values-mcc302-mnc370-hi: Cannot change mode to rwxr-xr-x: Operation not permitted
build	Cache Android SDK	2026-06-06T12:22:51.4042853Z /usr/bin/tar: ../../../../../usr/local/lib/android/sdk/platforms/android-34-ext11/data/res/values-mcc312-mnc670-uz: Cannot utime: Operation not permitted
build	Cache Android SDK	2026-06-06T12:22:51.4043320Z /usr/bin/tar: ../../../../../usr/local/lib/android/sdk/platforms/android-34-ext11/data/res/values-mcc312-mnc670-uz: Cannot change mode to rwxr-xr-x: Operation not permitted
build	Cache Android SDK	2026-06-06T12:22:51.4045923Z /usr/bin/tar: ../../../../../usr/local/lib/android/sdk/platforms/android-34-ext11/data/res/values-mcc311-mnc180-ml: Cannot utime: Operation not permitted
build	Cache Android SDK	2026-06-06T12:22:51.4046550Z /usr/bin/tar: ../../../../../usr/local/lib/android/sdk/platforms/android-34-ext11/data/res/values-mcc311-mnc180-ml: Cannot change mode to rwxr-xr-x: Operation not permitted
build	Cache Android SDK	2026-06-06T12:22:51.4049085Z /usr/bin/tar: ../../../../../usr/local/lib/android/sdk/platforms/android-34-ext11/data/res/values-zh-rCN-watch: Cannot utime: Operation not permitted
build	Cache Android SDK	2026-06-06T12:22:51.4049554Z /usr/bin/tar: ../../../../../usr/local/lib/android/sdk/platforms/android-34-ext11/data/res/values-zh-rCN-watch: Cannot change mode to rwxr-xr-x: Operation not permitted
build	Cache Android SDK	2026-06-06T12:22:51.4052344Z /usr/bin/tar: ../../../../../usr/local/lib/android/sdk/platforms/android-34-ext11/data/res/values-mcc310-mnc170-kk: Cannot utime: Operation not permitted
build	Cache Android SDK	2026-06-06T12:22:51.4052883Z /usr/bin/tar: ../../../../../usr/local/lib/android/sdk/platforms/android-34-ext11/data/res/values-mcc310-mnc170-kk: Cannot change mode to rwxr-xr-x: Operation not permitted
build	Cache Android SDK	2026-06-06T12:22:51.4055402Z /usr/bin/tar: ../../../../../usr/local/lib/android/sdk/platforms/android-34-ext11/data/res/values-mcc310-mnc660-fi: Cannot utime: Operation not permitted
build	Cache Android SDK	2026-06-06T12:22:51.4055870Z /usr/bin/tar: ../../../../../usr/local/lib/android/sdk/platforms/android-34-ext11/data/res/values-mcc310-mnc660-fi: Cannot change mode to rwxr-xr-x: Operation not permitted
build	Cache Android SDK	2026-06-06T12:22:51.4058784Z /usr/bin/tar: ../../../../../usr/local/lib/android/sdk/platforms/android-34-ext11/data/res/values-mcc310-mnc240-mk: Cannot utime: Operation not permitted
build	Cache Android SDK	2026-06-06T12:22:51.4059254Z /usr/bin/tar: ../../../../../usr/local/lib/android/sdk/platforms/android-34-ext11/data/res/values-mcc310-mnc240-mk: Cannot change mode to rwxr-xr-x: Operation not permitted
build	Cache Android SDK	2026-06-06T12:22:51.4063620Z /usr/bin/tar: ../../../../../usr/local/lib/android/sdk/platforms/android-34-ext11/data/res/values-tl-television: Cannot utime: Operation not permitted
build	Cache Android SDK	2026-06-06T12:22:51.4064145Z /usr/bin/tar: ../../../../../usr/local/lib/android/sdk/platforms/android-34-ext11/data/res/values-tl-television: Cannot change mode to rwxr-xr-x: Operation not permitted
build	Cache Android SDK	2026-06-06T12:22:51.4066644Z /usr/bin/tar: ../../../../../usr/local/lib/android/sdk/platforms/android-34-ext11/data/res/values-mcc310-mnc950-uz: Cannot utime: Operation not permitted
build	Cache Android SDK	2026-06-06T12:22:51.4067206Z /usr/bin/tar: ../../../../../usr/local/lib/android/sdk/platforms/android-34-ext11/data/res/values-mcc310-mnc950-uz: Cannot change mode to rwxr-xr-x: Operation not permitted
build	Cache Android SDK	2026-06-06T12:22:51.4070883Z /usr/bin/tar: ../../../../../usr/local/lib/android/sdk/platforms/android-34-ext11/data/res/color-car: Cannot utime: Operation not permitted
build	Cache Android SDK	2026-06-06T12:22:51.4071391Z /usr/bin/tar: ../../../../../usr/local/lib/android/sdk/platforms/android-34-ext11/data/res/color-car: Cannot change mode to rwxr-xr-x: Operation not permitted
build	Cache Android SDK	2026-06-06T12:22:51.4074173Z /usr/bin/tar: ../../../../../usr/local/lib/android/sdk/platforms/android-34-ext11/data/res/values-mcc310-mnc220-ml: Cannot utime: Operation not permitted
build	Cache Android SDK	2026-06-06T12:22:51.4074703Z /usr/bin/tar: ../../../../../usr/local/lib/android/sdk/platforms/android-34-ext11/data/res/values-mcc310-mnc220-ml: Cannot change mode to rwxr-xr-x: Operation not permitted
build	Cache Android SDK	2026-06-06T12:22:51.4077485Z /usr/bin/tar: ../../../../../usr/local/lib/android/sdk/platforms/android-34-ext11/data/res/values-mcc310-mnc160-zh-rCN: Cannot utime: Operation not permitted
build	Cache Android SDK	2026-06-06T12:22:51.4078059Z /usr/bin/tar: ../../../../../usr/local/lib/android/sdk/platforms/android-34-ext11/data/res/values-mcc310-mnc160-zh-rCN: Cannot change mode to rwxr-xr-x: Operation not permitted
build	Cache Android SDK	2026-06-06T12:22:51.4080502Z /usr/bin/tar: ../../../../../usr/local/lib/android/sdk/platforms/android-34-ext11/data/res/values-mcc310-mnc160-sl: Cannot utime: Operation not permitted
build	Cache Android SDK	2026-06-06T12:22:51.4080994Z /usr/bin/tar: ../../../../../usr/local/lib/android/sdk/platforms/android-34-ext11/data/res/values-mcc310-mnc160-sl: Cannot change mode to rwxr-xr-x: Operation not permitted
build	Cache Android SDK	2026-06-06T12:22:51.4083545Z /usr/bin/tar: ../../../../../usr/local/lib/android/sdk/platforms/android-34-ext11/data/res/values-mcc310-mnc410-bn: Cannot utime: Operation not permitted
build	Cache Android SDK	2026-06-06T12:22:51.4084009Z /usr/bin/tar: ../../../../../usr/local/lib/android/sdk/platforms/android-34-ext11/data/res/values-mcc310-mnc410-bn: Cannot change mode to rwxr-xr-x: Operation not permitted
build	Cache Android SDK	2026-06-06T12:22:51.4086813Z /usr/bin/tar: ../../../../../usr/local/lib/android/sdk/platforms/android-34-ext11/data/res/values-mcc310-mnc380-da: Cannot utime: Operation not permitted
build	Cache Android SDK	﻿2026-06-06T12:22:51.4089760Z /usr/bin/tar: ../../../../../usr/local/lib/android/sdk/platforms/android-34-ext11/data/res/values-mcc310-mnc380-da: Cannot change mode to rwxr-xr-x: Operation not permitted
build	Cache Android SDK	2026-06-06T12:22:51.4090379Z /usr/bin/tar: ../../../../../usr/local/lib/android/sdk/platforms/android-34-ext11/data/res/values-mcc310-mnc950-nb: Cannot utime: Operation not permitted
build	Cache Android SDK	2026-06-06T12:22:51.4090848Z /usr/bin/tar: ../../../../../usr/local/lib/android/sdk/platforms/android-34-ext11/data/res/values-mcc310-mnc950-nb: Cannot change mode to rwxr-xr-x: Operation not permitted
build	Cache Android SDK	2026-06-06T12:22:51.4093367Z /usr/bin/tar: ../../../../../usr/local/lib/android/sdk/platforms/android-34-ext11/data/res/values-mcc001-mnc01-hr: Cannot utime: Operation not permitted
build	Cache Android SDK	2026-06-06T12:22:51.4093842Z /usr/bin/tar: ../../../../../usr/local/lib/android/sdk/platforms/android-34-ext11/data/res/values-mcc001-mnc01-hr: Cannot change mode to rwxr-xr-x: Operation not permitted
build	Cache Android SDK	2026-06-06T12:22:51.4099560Z /usr/bin/tar: ../../../../../usr/local/lib/android/sdk/platforms/android-34-ext11/data/res/values-sr: Cannot utime: Operation not permitted
build	Cache Android SDK	2026-06-06T12:22:51.4100043Z /usr/bin/tar: ../../../../../usr/local/lib/android/sdk/platforms/android-34-ext11/data/res/values-sr: Cannot change mode to rwxr-xr-x: Operation not permitted
build	Cache Android SDK	2026-06-06T12:22:51.4102488Z /usr/bin/tar: ../../../../../usr/local/lib/android/sdk/platforms/android-34-ext11/data/res/values-mcc310-mnc660-ca: Cannot utime: Operation not permitted
build	Cache Android SDK	2026-06-06T12:22:51.4102958Z /usr/bin/tar: ../../../../../usr/local/lib/android/sdk/platforms/android-34-ext11/data/res/values-mcc310-mnc660-ca: Cannot change mode to rwxr-xr-x: Operation not permitted
build	Cache Android SDK	2026-06-06T12:22:51.4105645Z /usr/bin/tar: ../../../../../usr/local/lib/android/sdk/platforms/android-34-ext11/data/res/values-mcc310-mnc380-cs: Cannot utime: Operation not permitted
build	Cache Android SDK	2026-06-06T12:22:51.4106116Z /usr/bin/tar: ../../../../../usr/local/lib/android/sdk/platforms/android-34-ext11/data/res/values-mcc310-mnc380-cs: Cannot change mode to rwxr-xr-x: Operation not permitted
build	Cache Android SDK	2026-06-06T12:22:51.4108818Z /usr/bin/tar: ../../../../../usr/local/lib/android/sdk/platforms/android-34-ext11/data/res/values-mcc310-mnc280-gl: Cannot utime: Operation not permitted
build	Cache Android SDK	2026-06-06T12:22:51.4109280Z /usr/bin/tar: ../../../../../usr/local/lib/android/sdk/platforms/android-34-ext11/data/res/values-mcc310-mnc280-gl: Cannot change mode to rwxr-xr-x: Operation not permitted
build	Cache Android SDK	2026-06-06T12:22:51.4111191Z /usr/bin/tar: ../../../../../usr/local/lib/android/sdk/platforms/android-34-ext11/data/res/values-mcc310-mnc280-ml: Cannot utime: Operation not permitted
build	Cache Android SDK	2026-06-06T12:22:51.4111666Z /usr/bin/tar: ../../../../../usr/local/lib/android/sdk/platforms/android-34-ext11/data/res/values-mcc310-mnc280-ml: Cannot change mode to rwxr-xr-x: Operation not permitted
build	Cache Android SDK	2026-06-06T12:22:51.4114181Z /usr/bin/tar: ../../../../../usr/local/lib/android/sdk/platforms/android-34-ext11/data/res/values-mcc310-mnc950-be: Cannot utime: Operation not permitted
build	Cache Android SDK	2026-06-06T12:22:51.4114644Z /usr/bin/tar: ../../../../../usr/local/lib/android/sdk/platforms/android-34-ext11/data/res/values-mcc310-mnc950-be: Cannot change mode to rwxr-xr-x: Operation not permitted
build	Cache Android SDK	2026-06-06T12:22:51.4117022Z /usr/bin/tar: ../../../../../usr/local/lib/android/sdk/platforms/android-34-ext11/data/res/values-mcc334-mnc020-el: Cannot utime: Operation not permitted
build	Cache Android SDK	2026-06-06T12:22:51.4117687Z /usr/bin/tar: ../../../../../usr/local/lib/android/sdk/platforms/android-34-ext11/data/res/values-mcc334-mnc020-el: Cannot change mode to rwxr-xr-x: Operation not permitted
build	Cache Android SDK	2026-06-06T12:22:51.4120283Z /usr/bin/tar: ../../../../../usr/local/lib/android/sdk/platforms/android-34-ext11/data/res/values-mcc313-mnc100-tl: Cannot utime: Operation not permitted
build	Cache Android SDK	2026-06-06T12:22:51.4120750Z /usr/bin/tar: ../../../../../usr/local/lib/android/sdk/platforms/android-34-ext11/data/res/values-mcc313-mnc100-tl: Cannot change mode to rwxr-xr-x: Operation not permitted
build	Cache Android SDK	2026-06-06T12:22:51.4124198Z /usr/bin/tar: ../../../../../usr/local/lib/android/sdk/platforms/android-34-ext11/data/res/values-mcc310-mnc800-mr: Cannot utime: Operation not permitted
build	Cache Android SDK	2026-06-06T12:22:51.4124770Z /usr/bin/tar: ../../../../../usr/local/lib/android/sdk/platforms/android-34-ext11/data/res/values-mcc310-mnc800-mr: Cannot change mode to rwxr-xr-x: Operation not permitted
build	Cache Android SDK	2026-06-06T12:22:51.4128324Z /usr/bin/tar: ../../../../../usr/local/lib/android/sdk/platforms/android-34-ext11/data/res/values-mcc310-mnc150-pa: Cannot utime: Operation not permitted
build	Cache Android SDK	2026-06-06T12:22:51.4128783Z /usr/bin/tar: ../../../../../usr/local/lib/android/sdk/platforms/android-34-ext11/data/res/values-mcc310-mnc150-pa: Cannot change mode to rwxr-xr-x: Operation not permitted
build	Cache Android SDK	2026-06-06T12:22:51.4131101Z /usr/bin/tar: ../../../../../usr/local/lib/android/sdk/platforms/android-34-ext11/data/res/values-hr-rHR: Cannot utime: Operation not permitted
build	Cache Android SDK	2026-06-06T12:22:51.4131545Z /usr/bin/tar: ../../../../../usr/local/lib/android/sdk/platforms/android-34-ext11/data/res/values-hr-rHR: Cannot change mode to rwxr-xr-x: Operation not permitted
build	Cache Android SDK	2026-06-06T12:22:51.4134332Z /usr/bin/tar: ../../../../../usr/local/lib/android/sdk/platforms/android-34-ext11/data/res/values-mcc740: Cannot utime: Operation not permitted
build	Cache Android SDK	2026-06-06T12:22:51.4134836Z /usr/bin/tar: ../../../../../usr/local/lib/android/sdk/platforms/android-34-ext11/data/res/values-mcc740: Cannot change mode to rwxr-xr-x: Operation not permitted
build	Cache Android SDK	2026-06-06T12:22:51.4138166Z /usr/bin/tar: ../../../../../usr/local/lib/android/sdk/platforms/android-34-ext11/data/res/values-mcc310-mnc560-lt: Cannot utime: Operation not permitted
build	Cache Android SDK	2026-06-06T12:22:51.4138626Z /usr/bin/tar: ../../../../../usr/local/lib/android/sdk/platforms/android-34-ext11/data/res/values-mcc310-mnc560-lt: Cannot change mode to rwxr-xr-x: Operation not permitted
build	Cache Android SDK	2026-06-06T12:22:51.4141859Z /usr/bin/tar: ../../../../../usr/local/lib/android/sdk/platforms/android-34-ext11/data/res/values-mcc310-mnc150-ro: Cannot utime: Operation not permitted
build	Cache Android SDK	2026-06-06T12:22:51.4142324Z /usr/bin/tar: ../../../../../usr/local/lib/android/sdk/platforms/android-34-ext11/data/res/values-mcc310-mnc150-ro: Cannot change mode to rwxr-xr-x: Operation not permitted
build	Cache Android SDK	2026-06-06T12:22:51.4145958Z /usr/bin/tar: ../../../../../usr/local/lib/android/sdk/platforms/android-34-ext11/data/res/values-mcc310-mnc170-ta: Cannot utime: Operation not permitted
build	Cache Android SDK	2026-06-06T12:22:51.4146453Z /usr/bin/tar: ../../../../../usr/local/lib/android/sdk/platforms/android-34-ext11/data/res/values-mcc310-mnc170-ta: Cannot change mode to rwxr-xr-x: Operation not permitted
build	Cache Android SDK	2026-06-06T12:22:51.4148230Z /usr/bin/tar: ../../../../../usr/local/lib/android/sdk/platforms/android-34-ext11/data/res/values-mcc310-mnc950-fa: Cannot utime: Operation not permitted
build	Cache Android SDK	2026-06-06T12:22:51.4148689Z /usr/bin/tar: ../../../../../usr/local/lib/android/sdk/platforms/android-34-ext11/data/res/values-mcc310-mnc950-fa: Cannot change mode to rwxr-xr-x: Operation not permitted
build	Cache Android SDK	2026-06-06T12:22:51.4151367Z /usr/bin/tar: ../../../../../usr/local/lib/android/sdk/platforms/android-34-ext11/data/res/values-mcc310-mnc210-uk: Cannot utime: Operation not permitted
build	Cache Android SDK	2026-06-06T12:22:51.4151840Z /usr/bin/tar: ../../../../../usr/local/lib/android/sdk/platforms/android-34-ext11/data/res/values-mcc310-mnc210-uk: Cannot change mode to rwxr-xr-x: Operation not permitted
build	Cache Android SDK	2026-06-06T12:22:51.4154307Z /usr/bin/tar: ../../../../../usr/local/lib/android/sdk/platforms/android-34-ext11/data/res/values-mcc310-mnc410-as: Cannot utime: Operation not permitted
build	Cache Android SDK	2026-06-06T12:22:51.4154887Z /usr/bin/tar: ../../../../../usr/local/lib/android/sdk/platforms/android-34-ext11/data/res/values-mcc310-mnc410-as: Cannot change mode to rwxr-xr-x: Operation not permitted
build	Cache Android SDK	2026-06-06T12:22:51.4158009Z /usr/bin/tar: ../../../../../usr/local/lib/android/sdk/platforms/android-34-ext11/data/res/values-mcc310-mnc160-ja: Cannot utime: Operation not permitted
build	Cache Android SDK	2026-06-06T12:22:51.4158481Z /usr/bin/tar: ../../../../../usr/local/lib/android/sdk/platforms/android-34-ext11/data/res/values-mcc310-mnc160-ja: Cannot change mode to rwxr-xr-x: Operation not permitted
build	Cache Android SDK	2026-06-06T12:22:51.4160960Z /usr/bin/tar: ../../../../../usr/local/lib/android/sdk/platforms/android-34-ext11/data/res/values-mcc001-mnc01-si: Cannot utime: Operation not permitted
build	Cache Android SDK	2026-06-06T12:22:51.4161485Z /usr/bin/tar: ../../../../../usr/local/lib/android/sdk/platforms/android-34-ext11/data/res/values-mcc001-mnc01-si: Cannot change mode to rwxr-xr-x: Operation not permitted
build	Cache Android SDK	2026-06-06T12:22:51.4167636Z /usr/bin/tar: ../../../../../usr/local/lib/android/sdk/platforms/android-34-ext11/data/res/values-mcc001-mnc01-kn: Cannot utime: Operation not permitted
build	Cache Android SDK	2026-06-06T12:22:51.4168106Z /usr/bin/tar: ../../../../../usr/local/lib/android/sdk/platforms/android-34-ext11/data/res/values-mcc001-mnc01-kn: Cannot change mode to rwxr-xr-x: Operation not permitted
build	Cache Android SDK	2026-06-06T12:22:51.4170952Z /usr/bin/tar: ../../../../../usr/local/lib/android/sdk/platforms/android-34-ext11/data/res/values-mcc311-mnc180-ta: Cannot utime: Operation not permitted
build	Cache Android SDK	2026-06-06T12:22:51.4171438Z /usr/bin/tar: ../../../../../usr/local/lib/android/sdk/platforms/android-34-ext11/data/res/values-mcc311-mnc180-ta: Cannot change mode to rwxr-xr-x: Operation not permitted
build	Cache Android SDK	2026-06-06T12:22:51.4174031Z /usr/bin/tar: ../../../../../usr/local/lib/android/sdk/platforms/android-34-ext11/data/res/values-fr-rCA-television: Cannot utime: Operation not permitted
build	Cache Android SDK	2026-06-06T12:22:51.4174594Z /usr/bin/tar: ../../../../../usr/local/lib/android/sdk/platforms/android-34-ext11/data/res/values-fr-rCA-television: Cannot change mode to rwxr-xr-x: Operation not permitted
build	Cache Android SDK	2026-06-06T12:22:51.4177605Z /usr/bin/tar: ../../../../../usr/local/lib/android/sdk/platforms/android-34-ext11/data/res/values-mcc311-mnc180: Cannot utime: Operation not permitted
build	Cache Android SDK	2026-06-06T12:22:51.4178122Z /usr/bin/tar: ../../../../../usr/local/lib/android/sdk/platforms/android-34-ext11/data/res/values-mcc311-mnc180: Cannot change mode to rwxr-xr-x: Operation not permitted
build	Cache Android SDK	2026-06-06T12:22:51.4180584Z /usr/bin/tar: ../../../../../usr/local/lib/android/sdk/platforms/android-34-ext11/data/res/values-mcc310-mnc200-lv: Cannot utime: Operation not permitted
build	Cache Android SDK	2026-06-06T12:22:51.4181132Z /usr/bin/tar: ../../../../../usr/local/lib/android/sdk/platforms/android-34-ext11/data/res/values-mcc310-mnc200-lv: Cannot change mode to rwxr-xr-x: Operation not permitted
build	Cache Android SDK	2026-06-06T12:22:51.4183493Z /usr/bin/tar: ../../../../../usr/local/lib/android/sdk/platforms/android-34-ext11/data/res/values-mcc310-mnc310-ta: Cannot utime: Operation not permitted
build	Cache Android SDK	2026-06-06T12:22:51.4183961Z /usr/bin/tar: ../../../../../usr/local/lib/android/sdk/platforms/android-34-ext11/data/res/values-mcc310-mnc310-ta: Cannot change mode to rwxr-xr-x: Operation not permitted
build	Cache Android SDK	2026-06-06T12:22:51.4186062Z /usr/bin/tar: ../../../../../usr/local/lib/android/sdk/platforms/android-34-ext11/data/res/values-mcc310-mnc270-it: Cannot utime: Operation not permitted
build	Cache Android SDK	2026-06-06T12:22:51.4186600Z /usr/bin/tar: ../../../../../usr/local/lib/android/sdk/platforms/android-34-ext11/data/res/values-mcc310-mnc270-it: Cannot change mode to rwxr-xr-x: Operation not permitted
build	Cache Android SDK	2026-06-06T12:22:51.4189440Z /usr/bin/tar: ../../../../../usr/local/lib/android/sdk/platforms/android-34-ext11/data/res/values-mcc311-mnc180-hi: Cannot utime: Operation not permitted
build	Cache Android SDK	2026-06-06T12:22:51.4189912Z /usr/bin/tar: ../../../../../usr/local/lib/android/sdk/platforms/android-34-ext11/data/res/values-mcc311-mnc180-hi: Cannot change mode to rwxr-xr-x: Operation not permitted
build	Cache Android SDK	2026-06-06T12:22:51.4192592Z /usr/bin/tar: ../../../../../usr/local/lib/android/sdk/platforms/android-34-ext11/data/res/values-mcc310-mnc280-b+sr+Latn: Cannot utime: Operation not permitted
build	Cache Android SDK	2026-06-06T12:22:51.4193096Z /usr/bin/tar: ../../../../../usr/local/lib/android/sdk/platforms/android-34-ext11/data/res/values-mcc310-mnc280-b+sr+Latn: Cannot change mode to rwxr-xr-x: Operation not permitted
build	Cache Android SDK	2026-06-06T12:22:51.4195641Z /usr/bin/tar: ../../../../../usr/local/lib/android/sdk/platforms/android-34-ext11/data/res/values-en-rXC-television: Cannot utime: Operation not permitted
build	Cache Android SDK	2026-06-06T12:22:51.4196127Z /usr/bin/tar: ../../../../../usr/local/lib/android/sdk/platforms/android-34-ext11/data/res/values-en-rXC-television: Cannot change mode to rwxr-xr-x: Operation not permitted
build	Cache Android SDK	2026-06-06T12:22:51.4199416Z /usr/bin/tar: ../../../../../usr/local/lib/android/sdk/platforms/android-34-ext11/data/res/values-mcc310-mnc170-kn: Cannot utime: Operation not permitted
build	Cache Android SDK	2026-06-06T12:22:51.4199984Z /usr/bin/tar: ../../../../../usr/local/lib/android/sdk/platforms/android-34-ext11/data/res/values-mcc310-mnc170-kn: Cannot change mode to rwxr-xr-x: Operation not permitted
build	Cache Android SDK	2026-06-06T12:22:51.4202564Z /usr/bin/tar: ../../../../../usr/local/lib/android/sdk/platforms/android-34-ext11/data/res/values-mcc001-mnc01-ur: Cannot utime: Operation not permitted
build	Cache Android SDK	2026-06-06T12:22:51.4203028Z /usr/bin/tar: ../../../../../usr/local/lib/android/sdk/platforms/android-34-ext11/data/res/values-mcc001-mnc01-ur: Cannot change mode to rwxr-xr-x: Operation not permitted
build	Cache Android SDK	2026-06-06T12:22:51.4206219Z /usr/bin/tar: ../../../../../usr/local/lib/android/sdk/platforms/android-34-ext11/data/res/values-mcc310-mnc560-zu: Cannot utime: Operation not permitted
build	Cache Android SDK	2026-06-06T12:22:51.4206686Z /usr/bin/tar: ../../../../../usr/local/lib/android/sdk/platforms/android-34-ext11/data/res/values-mcc310-mnc560-zu: Cannot change mode to rwxr-xr-x: Operation not permitted
build	Cache Android SDK	2026-06-06T12:22:51.4210279Z /usr/bin/tar: ../../../../../usr/local/lib/android/sdk/platforms/android-34-ext11/data/res/values-mcc310-mnc200-uk: Cannot utime: Operation not permitted
build	Cache Android SDK	2026-06-06T12:22:51.4210748Z /usr/bin/tar: ../../../../../usr/local/lib/android/sdk/platforms/android-34-ext11/data/res/values-mcc310-mnc200-uk: Cannot change mode to rwxr-xr-x: Operation not permitted
build	Cache Android SDK	2026-06-06T12:22:51.4419454Z /usr/bin/tar: ../../../../../usr/local/lib/android/sdk/platforms/android-34-ext11/data/res/drawable-ldpi: Cannot utime: Operation not permitted
build	Cache Android SDK	2026-06-06T12:22:51.4420445Z /usr/bin/tar: ../../../../../usr/local/lib/android/sdk/platforms/android-34-ext11/data/res/drawable-ldpi: Cannot change mode to rwxr-xr-x: Operation not permitted
build	Cache Android SDK	2026-06-06T12:22:51.4421923Z /usr/bin/tar: ../../../../../usr/local/lib/android/sdk/platforms/android-34-ext11/data/res/values-mcc310-mnc220-ka: Cannot utime: Operation not permitted
build	Cache Android SDK	2026-06-06T12:22:51.4422899Z /usr/bin/tar: ../../../../../usr/local/lib/android/sdk/platforms/android-34-ext11/data/res/values-mcc310-mnc220-ka: Cannot change mode to rwxr-xr-x: Operation not permitted
build	Cache Android SDK	2026-06-06T12:22:51.4425079Z /usr/bin/tar: ../../../../../usr/local/lib/android/sdk/platforms/android-34-ext11/data/res/values-mcc310-mnc170-ml: Cannot utime: Operation not permitted
build	Cache Android SDK	2026-06-06T12:22:51.4426054Z /usr/bin/tar: ../../../../../usr/local/lib/android/sdk/platforms/android-34-ext11/data/res/values-mcc310-mnc170-ml: Cannot change mode to rwxr-xr-x: Operation not permitted
build	Cache Android SDK	2026-06-06T12:22:51.4428073Z /usr/bin/tar: ../../../../../usr/local/lib/android/sdk/platforms/android-34-ext11/data/res/values-mcc310-mnc380-ar: Cannot utime: Operation not permitted
build	Cache Android SDK	2026-06-06T12:22:51.4429042Z /usr/bin/tar: ../../../../../usr/local/lib/android/sdk/platforms/android-34-ext11/data/res/values-mcc310-mnc380-ar: Cannot change mode to rwxr-xr-x: Operation not permitted
build	Cache Android SDK	2026-06-06T12:22:51.4441633Z /usr/bin/tar: ../../../../../usr/local/lib/android/sdk/platforms/android-34-ext11/data/res/values-mcc310-mnc160-af: Cannot utime: Operation not permitted
build	Cache Android SDK	2026-06-06T12:22:51.4443487Z /usr/bin/tar: ../../../../../usr/local/lib/android/sdk/platforms/android-34-ext11/data/res/values-mcc310-mnc160-af: Cannot change mode to rwxr-xr-x: Operation not permitted
build	Cache Android SDK	2026-06-06T12:22:51.4445280Z /usr/bin/tar: ../../../../../usr/local/lib/android/sdk/platforms/android-34-ext11/data/res/values-mcc310-mnc660-bs: Cannot utime: Operation not permitted
build	Cache Android SDK	2026-06-06T12:22:51.4446281Z /usr/bin/tar: ../../../../../usr/local/lib/android/sdk/platforms/android-34-ext11/data/res/values-mcc310-mnc660-bs: Cannot change mode to rwxr-xr-x: Operation not permitted
build	Cache Android SDK	2026-06-06T12:22:51.4447559Z /usr/bin/tar: ../../../../../usr/local/lib/android/sdk/platforms/android-34-ext11/data/res/values-sv-television: Cannot utime: Operation not permitted
build	Cache Android SDK	2026-06-06T12:22:51.4449144Z /usr/bin/tar: ../../../../../usr/local/lib/android/sdk/platforms/android-34-ext11/data/res/values-sv-television: Cannot change mode to rwxr-xr-x: Operation not permitted
build	Cache Android SDK	2026-06-06T12:22:51.4450179Z /usr/bin/tar: ../../../../../usr/local/lib/android/sdk/platforms/android-34-ext11/data/res/values-mcc310-mnc150-nl: Cannot utime: Operation not permitted
build	Cache Android SDK	2026-06-06T12:22:51.4451133Z /usr/bin/tar: ../../../../../usr/local/lib/android/sdk/platforms/android-34-ext11/data/res/values-mcc310-mnc150-nl: Cannot change mode to rwxr-xr-x: Operation not permitted
build	Cache Android SDK	2026-06-06T12:22:51.4452770Z /usr/bin/tar: ../../../../../usr/local/lib/android/sdk/platforms/android-34-ext11/data/res/values-mcc310-mnc270-en-rGB: Cannot utime: Operation not permitted
build	Cache Android SDK	2026-06-06T12:22:51.4453891Z /usr/bin/tar: ../../../../../usr/local/lib/android/sdk/platforms/android-34-ext11/data/res/values-mcc310-mnc270-en-rGB: Cannot change mode to rwxr-xr-x: Operation not permitted
build	Cache Android SDK	2026-06-06T12:22:51.4454845Z /usr/bin/tar: ../../../../../usr/local/lib/android/sdk/platforms/android-34-ext11/data/res/values-mcc316: Cannot utime: Operation not permitted
build	Cache Android SDK	2026-06-06T12:22:51.4456546Z /usr/bin/tar: ../../../../../usr/local/lib/android/sdk/platforms/android-34-ext11/data/res/values-mcc316: Cannot change mode to rwxr-xr-x: Operation not permitted
build	Cache Android SDK	2026-06-06T12:22:51.4458043Z /usr/bin/tar: ../../../../../usr/local/lib/android/sdk/platforms/android-34-ext11/data/res/values-mcc001-mnc01-fa: Cannot utime: Operation not permitted
build	Cache Android SDK	2026-06-06T12:22:51.4459458Z /usr/bin/tar: ../../../../../usr/local/lib/android/sdk/platforms/android-34-ext11/data/res/values-mcc001-mnc01-fa: Cannot change mode to rwxr-xr-x: Operation not permitted
build	Cache Android SDK	2026-06-06T12:22:51.4460696Z /usr/bin/tar: ../../../../../usr/local/lib/android/sdk/platforms/android-34-ext11/data/res/values-mcc310-mnc220-eu: Cannot utime: Operation not permitted
build	Cache Android SDK	2026-06-06T12:22:51.4461653Z /usr/bin/tar: ../../../../../usr/local/lib/android/sdk/platforms/android-34-ext11/data/res/values-mcc310-mnc220-eu: Cannot change mode to rwxr-xr-x: Operation not permitted
build	Cache Android SDK	2026-06-06T12:22:51.4463159Z /usr/bin/tar: ../../../../../usr/local/lib/android/sdk/platforms/android-34-ext11/data/res/values-mcc310-mnc240: Cannot utime: Operation not permitted
build	Cache Android SDK	2026-06-06T12:22:51.4464269Z /usr/bin/tar: ../../../../../usr/local/lib/android/sdk/platforms/android-34-ext11/data/res/values-mcc310-mnc240: Cannot change mode to rwxr-xr-x: Operation not permitted
build	Cache Android SDK	2026-06-06T12:22:51.4465216Z /usr/bin/tar: ../../../../../usr/local/lib/android/sdk/platforms/android-34-ext11/data/res/values-mcc313-mnc100-sw: Cannot utime: Operation not permitted
build	Cache Android SDK	2026-06-06T12:22:51.4466731Z /usr/bin/tar: ../../../../../usr/local/lib/android/sdk/platforms/android-34-ext11/data/res/values-mcc313-mnc100-sw: Cannot change mode to rwxr-xr-x: Operation not permitted
build	Cache Android SDK	2026-06-06T12:22:51.4468082Z /usr/bin/tar: ../../../../../usr/local/lib/android/sdk/platforms/android-34-ext11/data/res/values-mcc310-mnc230-ro: Cannot utime: Operation not permitted
build	Cache Android SDK	2026-06-06T12:22:51.4469246Z /usr/bin/tar: ../../../../../usr/local/lib/android/sdk/platforms/android-34-ext11/data/res/values-mcc310-mnc230-ro: Cannot change mode to rwxr-xr-x: Operation not permitted
build	Cache Android SDK	2026-06-06T12:22:51.4470780Z /usr/bin/tar: ../../../../../usr/local/lib/android/sdk/platforms/android-34-ext11/data/res/values-mcc310-mnc660-zh-rCN: Cannot utime: Operation not permitted
build	Cache Android SDK	2026-06-06T12:22:51.4471856Z /usr/bin/tar: ../../../../../usr/local/lib/android/sdk/platforms/android-34-ext11/data/res/values-mcc310-mnc660-zh-rCN: Cannot change mode to rwxr-xr-x: Operation not permitted
build	Cache Android SDK	2026-06-06T12:22:51.4474195Z /usr/bin/tar: ../../../../../usr/local/lib/android/sdk/platforms/android-34-ext11/data/res/values-mcc310-mnc310-lv: Cannot utime: Operation not permitted
build	Cache Android SDK	2026-06-06T12:22:51.4475169Z /usr/bin/tar: ../../../../../usr/local/lib/android/sdk/platforms/android-34-ext11/data/res/values-mcc310-mnc310-lv: Cannot change mode to rwxr-xr-x: Operation not permitted
build	Cache Android SDK	2026-06-06T12:22:51.4477875Z /usr/bin/tar: ../../../../../usr/local/lib/android/sdk/platforms/android-34-ext11/data/res/values-mcc310-mnc950-km: Cannot utime: Operation not permitted
build	Cache Android SDK	2026-06-06T12:22:51.4478949Z /usr/bin/tar: ../../../../../usr/local/lib/android/sdk/platforms/android-34-ext11/data/res/values-mcc310-mnc950-km: Cannot change mode to rwxr-xr-x: Operation not permitted
build	Cache Android SDK	2026-06-06T12:22:51.4480918Z /usr/bin/tar: ../../../../../usr/local/lib/android/sdk/platforms/android-34-ext11/data/res/values-mcc310-mnc560-ar: Cannot utime: Operation not permitted
build	Cache Android SDK	2026-06-06T12:22:51.4481871Z /usr/bin/tar: ../../../../../usr/local/lib/android/sdk/platforms/android-34-ext11/data/res/values-mcc310-mnc560-ar: Cannot change mode to rwxr-xr-x: Operation not permitted
build	Cache Android SDK	2026-06-06T12:22:51.4484091Z /usr/bin/tar: ../../../../../usr/local/lib/android/sdk/platforms/android-34-ext11/data/res/values-mcc310-mnc230-mr: Cannot utime: Operation not permitted
build	Cache Android SDK	2026-06-06T12:22:51.4485054Z /usr/bin/tar: ../../../../../usr/local/lib/android/sdk/platforms/android-34-ext11/data/res/values-mcc310-mnc230-mr: Cannot change mode to rwxr-xr-x: Operation not permitted
build	Cache Android SDK	2026-06-06T12:22:51.4487028Z /usr/bin/tar: ../../../../../usr/local/lib/android/sdk/platforms/android-34-ext11/data/res/values-mcc310-mnc230-mk: Cannot utime: Operation not permitted
build	Cache Android SDK	2026-06-06T12:22:51.4488242Z /usr/bin/tar: ../../../../../usr/local/lib/android/sdk/platforms/android-34-ext11/data/res/values-mcc310-mnc230-mk: Cannot change mode to rwxr-xr-x: Operation not permitted
build	Cache Android SDK	2026-06-06T12:22:51.4490331Z /usr/bin/tar: ../../../../../usr/local/lib/android/sdk/platforms/android-34-ext11/data/res/values-mcc311-mnc180-ca: Cannot utime: Operation not permitted
build	Cache Android SDK	2026-06-06T12:22:51.4491286Z /usr/bin/tar: ../../../../../usr/local/lib/android/sdk/platforms/android-34-ext11/data/res/values-mcc311-mnc180-ca: Cannot change mode to rwxr-xr-x: Operation not permitted
build	Cache Android SDK	2026-06-06T12:22:51.4505489Z /usr/bin/tar: ../../../../../usr/local/lib/android/sdk/platforms/android-34-ext11/data/res/drawable-nodpi: Cannot utime: Operation not permitted
build	Cache Android SDK	2026-06-06T12:22:51.4506530Z /usr/bin/tar: ../../../../../usr/local/lib/android/sdk/platforms/android-34-ext11/data/res/drawable-nodpi: Cannot change mode to rwxr-xr-x: Operation not permitted
build	Cache Android SDK	2026-06-06T12:22:51.4508093Z /usr/bin/tar: ../../../../../usr/local/lib/android/sdk/platforms/android-34-ext11/data/res/values-w208dp: Cannot utime: Operation not permitted
build	Cache Android SDK	2026-06-06T12:22:51.4509490Z /usr/bin/tar: ../../../../../usr/local/lib/android/sdk/platforms/android-34-ext11/data/res/values-w208dp: Cannot change mode to rwxr-xr-x: Operation not permitted
build	Cache Android SDK	2026-06-06T12:22:51.4510968Z /usr/bin/tar: ../../../../../usr/local/lib/android/sdk/platforms/android-34-ext11/data/res/values-mcc310-mnc030-lo: Cannot utime: Operation not permitted
build	Cache Android SDK	2026-06-06T12:22:51.4511924Z /usr/bin/tar: ../../../../../usr/local/lib/android/sdk/platforms/android-34-ext11/data/res/values-mcc310-mnc030-lo: Cannot change mode to rwxr-xr-x: Operation not permitted
build	Cache Android SDK	2026-06-06T12:22:51.4514997Z /usr/bin/tar: ../../../../../usr/local/lib/android/sdk/platforms/android-34-ext11/data/res/values-mcc310-mnc240-sv: Cannot utime: Operation not permitted
build	Cache Android SDK	2026-06-06T12:22:51.4516087Z /usr/bin/tar: ../../../../../usr/local/lib/android/sdk/platforms/android-34-ext11/data/res/values-mcc310-mnc240-sv: Cannot change mode to rwxr-xr-x: Operation not permitted
build	Cache Android SDK	2026-06-06T12:22:51.4517991Z /usr/bin/tar: ../../../../../usr/local/lib/android/sdk/platforms/android-34-ext11/data/res/values-mcc310-mnc240-am: Cannot utime: Operation not permitted
build	Cache Android SDK	2026-06-06T12:22:51.4519325Z /usr/bin/tar: ../../../../../usr/local/lib/android/sdk/platforms/android-34-ext11/data/res/values-mcc310-mnc240-am: Cannot change mode to rwxr-xr-x: Operation not permitted
build	Cache Android SDK	2026-06-06T12:22:51.4522658Z /usr/bin/tar: ../../../../../usr/local/lib/android/sdk/platforms/android-34-ext11/data/res/values-mcc234-mnc20: Cannot utime: Operation not permitted
build	Cache Android SDK	2026-06-06T12:22:51.4523677Z /usr/bin/tar: ../../../../../usr/local/lib/android/sdk/platforms/android-34-ext11/data/res/values-mcc234-mnc20: Cannot change mode to rwxr-xr-x: Operation not permitted
build	Cache Android SDK	2026-06-06T12:22:51.4525635Z /usr/bin/tar: ../../../../../usr/local/lib/android/sdk/platforms/android-34-ext11/data/res/values-mcc310-mnc380-ta: Cannot utime: Operation not permitted
build	Cache Android SDK	2026-06-06T12:22:51.4526682Z /usr/bin/tar: ../../../../../usr/local/lib/android/sdk/platforms/android-34-ext11/data/res/values-mcc310-mnc380-ta: Cannot change mode to rwxr-xr-x: Operation not permitted
build	Cache Android SDK	2026-06-06T12:22:51.4529070Z /usr/bin/tar: ../../../../../usr/local/lib/android/sdk/platforms/android-34-ext11/data/res/values-mcc310-mnc170-sq: Cannot utime: Operation not permitted
build	Cache Android SDK	2026-06-06T12:22:51.4530141Z /usr/bin/tar: ../../../../../usr/local/lib/android/sdk/platforms/android-34-ext11/data/res/values-mcc310-mnc170-sq: Cannot change mode to rwxr-xr-x: Operation not permitted
build	Cache Android SDK	2026-06-06T12:22:51.4532069Z /usr/bin/tar: ../../../../../usr/local/lib/android/sdk/platforms/android-34-ext11/data/res/values-mcc425: Cannot utime: Operation not permitted
build	Cache Android SDK	2026-06-06T12:22:51.4533067Z /usr/bin/tar: ../../../../../usr/local/lib/android/sdk/platforms/android-34-ext11/data/res/values-mcc425: Cannot change mode to rwxr-xr-x: Operation not permitted
build	Cache Android SDK	2026-06-06T12:22:51.4535170Z /usr/bin/tar: ../../../../../usr/local/lib/android/sdk/platforms/android-34-ext11/data/res/values-mcc310-mnc270-et: Cannot utime: Operation not permitted
build	Cache Android SDK	2026-06-06T12:22:51.4536225Z /usr/bin/tar: ../../../../../usr/local/lib/android/sdk/platforms/android-34-ext11/data/res/values-mcc310-mnc270-et: Cannot change mode to rwxr-xr-x: Operation not permitted
build	Cache Android SDK	2026-06-06T12:22:51.4538594Z /usr/bin/tar: ../../../../../usr/local/lib/android/sdk/platforms/android-34-ext11/data/res/values-mcc302-mnc720-as: Cannot utime: Operation not permitted
build	Cache Android SDK	2026-06-06T12:22:51.4539807Z /usr/bin/tar: ../../../../../usr/local/lib/android/sdk/platforms/android-34-ext11/data/res/values-mcc302-mnc720-as: Cannot change mode to rwxr-xr-x: Operation not permitted
build	Cache Android SDK	2026-06-06T12:22:51.4542202Z /usr/bin/tar: ../../../../../usr/local/lib/android/sdk/platforms/android-34-ext11/data/res/values-mcc310-mnc490-te: Cannot utime: Operation not permitted
build	Cache Android SDK	2026-06-06T12:22:51.4543164Z /usr/bin/tar: ../../../../../usr/local/lib/android/sdk/platforms/android-34-ext11/data/res/values-mcc310-mnc490-te: Cannot change mode to rwxr-xr-x: Operation not permitted
build	Cache Android SDK	2026-06-06T12:22:51.4545039Z /usr/bin/tar: ../../../../../usr/local/lib/android/sdk/platforms/android-34-ext11/data/res/values-mcc310-mnc160-th: Cannot utime: Operation not permitted
build	Cache Android SDK	2026-06-06T12:22:51.4546097Z /usr/bin/tar: ../../../../../usr/local/lib/android/sdk/platforms/android-34-ext11/data/res/values-mcc310-mnc160-th: Cannot change mode to rwxr-xr-x: Operation not permitted
build	Cache Android SDK	2026-06-06T12:22:51.4548445Z /usr/bin/tar: ../../../../../usr/local/lib/android/sdk/platforms/android-34-ext11/data/res/values-mcc310-mnc200-sr: Cannot utime: Operation not permitted
build	Cache Android SDK	2026-06-06T12:22:51.4549690Z /usr/bin/tar: ../../../../../usr/local/lib/android/sdk/platforms/android-34-ext11/data/res/values-mcc310-mnc200-sr: Cannot change mode to rwxr-xr-x: Operation not permitted
build	Cache Android SDK	2026-06-06T12:22:51.4555067Z /usr/bin/tar: ../../../../../usr/local/lib/android/sdk/platforms/android-34-ext11/data/res/values-da: Cannot utime: Operation not permitted
build	Cache Android SDK	2026-06-06T12:22:51.4555981Z /usr/bin/tar: ../../../../../usr/local/lib/android/sdk/platforms/android-34-ext11/data/res/values-da: Cannot change mode to rwxr-xr-x: Operation not permitted
build	Cache Android SDK	2026-06-06T12:22:51.4558503Z /usr/bin/tar: ../../../../../usr/local/lib/android/sdk/platforms/android-34-ext11/data/res/values-mcc310-mnc170-et: Cannot utime: Operation not permitted
build	Cache Android SDK	2026-06-06T12:22:51.4559473Z /usr/bin/tar: ../../../../../usr/local/lib/android/sdk/platforms/android-34-ext11/data/res/values-mcc310-mnc170-et: Cannot change mode to rwxr-xr-x: Operation not permitted
build	Cache Android SDK	2026-06-06T12:22:51.4561775Z /usr/bin/tar: ../../../../../usr/local/lib/android/sdk/platforms/android-34-ext11/data/res/values-mcc310-mnc160-en-rIN: Cannot utime: Operation not permitted
build	Cache Android SDK	2026-06-06T12:22:51.4562869Z /usr/bin/tar: ../../../../../usr/local/lib/android/sdk/platforms/android-34-ext11/data/res/values-mcc310-mnc160-en-rIN: Cannot change mode to rwxr-xr-x: Operation not permitted
build	Cache Android SDK	2026-06-06T12:22:51.4565663Z /usr/bin/tar: ../../../../../usr/local/lib/android/sdk/platforms/android-34-ext11/data/res/values-mcc302-mnc370-da: Cannot utime: Operation not permitted
build	Cache Android SDK	2026-06-06T12:22:51.4566718Z /usr/bin/tar: ../../../../../usr/local/lib/android/sdk/platforms/android-34-ext11/data/res/values-mcc302-mnc370-da: Cannot change mode to rwxr-xr-x: Operation not permitted
build	Cache Android SDK	2026-06-06T12:22:51.4569621Z /usr/bin/tar: ../../../../../usr/local/lib/android/sdk/platforms/android-34-ext11/data/res/values-mcc310-mnc490-sv: Cannot utime: Operation not permitted
build	Cache Android SDK	2026-06-06T12:22:51.4570736Z /usr/bin/tar: ../../../../../usr/local/lib/android/sdk/platforms/android-34-ext11/data/res/values-mcc310-mnc490-sv: Cannot change mode to rwxr-xr-x: Operation not permitted
build	Cache Android SDK	2026-06-06T12:22:51.4575861Z /usr/bin/tar: ../../../../../usr/local/lib/android/sdk/platforms/android-34-ext11/data/res/values-ru-television: Cannot utime: Operation not permitted
build	Cache Android SDK	2026-06-06T12:22:51.4576897Z /usr/bin/tar: ../../../../../usr/local/lib/android/sdk/platforms/android-34-ext11/data/res/values-ru-television: Cannot change mode to rwxr-xr-x: Operation not permitted
build	Cache Android SDK	2026-06-06T12:22:51.4578767Z /usr/bin/tar: ../../../../../usr/local/lib/android/sdk/platforms/android-34-ext11/data/res/values-mcc310-mnc380-it: Cannot utime: Operation not permitted
build	Cache Android SDK	2026-06-06T12:22:51.4579745Z /usr/bin/tar: ../../../../../usr/local/lib/android/sdk/platforms/android-34-ext11/data/res/values-mcc310-mnc380-it: Cannot change mode to rwxr-xr-x: Operation not permitted
build	Cache Android SDK	2026-06-06T12:22:51.4582274Z /usr/bin/tar: ../../../../../usr/local/lib/android/sdk/platforms/android-34-ext11/data/res/values-mcc001-mnc01-sw: Cannot utime: Operation not permitted
build	Cache Android SDK	2026-06-06T12:22:51.4583241Z /usr/bin/tar: ../../../../../usr/local/lib/android/sdk/platforms/android-34-ext11/data/res/values-mcc001-mnc01-sw: Cannot change mode to rwxr-xr-x: Operation not permitted
build	Cache Android SDK	2026-06-06T12:22:51.4585220Z /usr/bin/tar: ../../../../../usr/local/lib/android/sdk/platforms/android-34-ext11/data/res/values-kn-watch: Cannot utime: Operation not permitted
build	Cache Android SDK	2026-06-06T12:22:51.4586158Z /usr/bin/tar: ../../../../../usr/local/lib/android/sdk/platforms/android-34-ext11/data/res/values-kn-watch: Cannot change mode to rwxr-xr-x: Operation not permitted
build	Cache Android SDK	2026-06-06T12:22:51.4588956Z /usr/bin/tar: ../../../../../usr/local/lib/android/sdk/platforms/android-34-ext11/data/res/values-mcc310-mnc660-am: Cannot utime: Operation not permitted
build	Cache Android SDK	2026-06-06T12:22:51.4589926Z /usr/bin/tar: ../../../../../usr/local/lib/android/sdk/platforms/android-34-ext11/data/res/values-mcc310-mnc660-am: Cannot change mode to rwxr-xr-x: Operation not permitted
build	Cache Android SDK	2026-06-06T12:22:51.4592380Z /usr/bin/tar: ../../../../../usr/local/lib/android/sdk/platforms/android-34-ext11/data/res/values-mcc310-mnc240-b+sr+Latn: Cannot utime: Operation not permitted
build	Cache Android SDK	2026-06-06T12:22:51.4593404Z /usr/bin/tar: ../../../../../usr/local/lib/android/sdk/platforms/android-34-ext11/data/res/values-mcc310-mnc240-b+sr+Latn: Cannot change mode to rwxr-xr-x: Operation not permitted
build	Cache Android SDK	2026-06-06T12:22:51.4595937Z /usr/bin/tar: ../../../../../usr/local/lib/android/sdk/platforms/android-34-ext11/data/res/values-as-watch: Cannot utime: Operation not permitted
build	Cache Android SDK	2026-06-06T12:22:51.4596865Z /usr/bin/tar: ../../../../../usr/local/lib/android/sdk/platforms/android-34-ext11/data/res/values-as-watch: Cannot change mode to rwxr-xr-x: Operation not permitted
build	Cache Android SDK	2026-06-06T12:22:51.4599342Z /usr/bin/tar: ../../../../../usr/local/lib/android/sdk/platforms/android-34-ext11/data/res/values-mcc310-mnc270-fa: Cannot utime: Operation not permitted
build	Cache Android SDK	2026-06-06T12:22:51.4600311Z /usr/bin/tar: ../../../../../usr/local/lib/android/sdk/platforms/android-34-ext11/data/res/values-mcc310-mnc270-fa: Cannot change mode to rwxr-xr-x: Operation not permitted
build	Cache Android SDK	2026-06-06T12:22:51.4603138Z /usr/bin/tar: ../../../../../usr/local/lib/android/sdk/platforms/android-34-ext11/data/res/values-mcc310-mnc410-ky: Cannot utime: Operation not permitted
build	Cache Android SDK	2026-06-06T12:22:51.4604239Z /usr/bin/tar: ../../../../../usr/local/lib/android/sdk/platforms/android-34-ext11/data/res/values-mcc310-mnc410-ky: Cannot change mode to rwxr-xr-x: Operation not permitted
build	Cache Android SDK	2026-06-06T12:22:51.4605983Z /usr/bin/tar: ../../../../../usr/local/lib/android/sdk/platforms/android-34-ext11/data/res/values-mcc310-mnc030-lt: Cannot utime: Operation not permitted
build	Cache Android SDK	2026-06-06T12:22:51.4607095Z /usr/bin/tar: ../../../../../usr/local/lib/android/sdk/platforms/android-34-ext11/data/res/values-mcc310-mnc030-lt: Cannot change mode to rwxr-xr-x: Operation not permitted
build	Cache Android SDK	2026-06-06T12:22:51.4609892Z /usr/bin/tar: ../../../../../usr/local/lib/android/sdk/platforms/android-34-ext11/data/res/values-mcc310-mnc030-my: Cannot utime: Operation not permitted
build	Cache Android SDK	2026-06-06T12:22:51.4610931Z /usr/bin/tar: ../../../../../usr/local/lib/android/sdk/platforms/android-34-ext11/data/res/values-mcc310-mnc030-my: Cannot change mode to rwxr-xr-x: Operation not permitted
build	Cache Android SDK	2026-06-06T12:22:51.4612635Z /usr/bin/tar: ../../../../../usr/local/lib/android/sdk/platforms/android-34-ext11/data/res/values-mcc310-mnc270-my: Cannot utime: Operation not permitted
build	Cache Android SDK	2026-06-06T12:22:51.4613879Z /usr/bin/tar: ../../../../../usr/local/lib/android/sdk/platforms/android-34-ext11/data/res/values-mcc310-mnc270-my: Cannot change mode to rwxr-xr-x: Operation not permitted
build	Cache Android SDK	2026-06-06T12:22:51.4615495Z /usr/bin/tar: ../../../../../usr/local/lib/android/sdk/platforms/android-34-ext11/data/res/values-hi-television: Cannot utime: Operation not permitted
build	Cache Android SDK	2026-06-06T12:22:51.4616450Z /usr/bin/tar: ../../../../../usr/local/lib/android/sdk/platforms/android-34-ext11/data/res/values-hi-television: Cannot change mode to rwxr-xr-x: Operation not permitted
build	Cache Android SDK	2026-06-06T12:22:51.4618802Z /usr/bin/tar: ../../../../../usr/local/lib/android/sdk/platforms/android-34-ext11/data/res/values-mcc312-mnc670-sr: Cannot utime: Operation not permitted
build	Cache Android SDK	2026-06-06T12:22:51.4619935Z /usr/bin/tar: ../../../../../usr/local/lib/android/sdk/platforms/android-34-ext11/data/res/values-mcc312-mnc670-sr: Cannot change mode to rwxr-xr-x: Operation not permitted
build	Cache Android SDK	2026-06-06T12:22:51.4621574Z /usr/bin/tar: ../../../../../usr/local/lib/android/sdk/platforms/android-34-ext11/data/res/values-mcc310-mnc270-zh-rHK: Cannot utime: Operation not permitted
build	Cache Android SDK	2026-06-06T12:22:51.4622589Z /usr/bin/tar: ../../../../../usr/local/lib/android/sdk/platforms/android-34-ext11/data/res/values-mcc310-mnc270-zh-rHK: Cannot change mode to rwxr-xr-x: Operation not permitted
build	Cache Android SDK	2026-06-06T12:22:51.4624794Z /usr/bin/tar: ../../../../../usr/local/lib/android/sdk/platforms/android-34-ext11/data/res/values-mcc310-mnc560-pt: Cannot utime: Operation not permitted
build	Cache Android SDK	2026-06-06T12:22:51.4625752Z /usr/bin/tar: ../../../../../usr/local/lib/android/sdk/platforms/android-34-ext11/data/res/values-mcc310-mnc560-pt: Cannot change mode to rwxr-xr-x: Operation not permitted
build	Cache Android SDK	2026-06-06T12:22:51.4628191Z /usr/bin/tar: ../../../../../usr/local/lib/android/sdk/platforms/android-34-ext11/data/res/values-mcc310-mnc160-pt-rPT: Cannot utime: Operation not permitted
build	Cache Android SDK	2026-06-06T12:22:51.4629395Z /usr/bin/tar: ../../../../../usr/local/lib/android/sdk/platforms/android-34-ext11/data/res/values-mcc310-mnc160-pt-rPT: Cannot change mode to rwxr-xr-x: Operation not permitted
build	Cache Android SDK	2026-06-06T12:22:51.4630968Z /usr/bin/tar: ../../../../../usr/local/lib/android/sdk/platforms/android-34-ext11/data/res/values-mcc310-mnc490-fa: Cannot utime: Operation not permitted
build	Cache Android SDK	2026-06-06T12:22:51.4632044Z /usr/bin/tar: ../../../../../usr/local/lib/android/sdk/platforms/android-34-ext11/data/res/values-mcc310-mnc490-fa: Cannot change mode to rwxr-xr-x: Operation not permitted
build	Cache Android SDK	2026-06-06T12:22:51.4634329Z /usr/bin/tar: ../../../../../usr/local/lib/android/sdk/platforms/android-34-ext11/data/res/values-mcc302-mnc370-sq: Cannot utime: Operation not permitted
build	Cache Android SDK	2026-06-06T12:22:51.4635437Z /usr/bin/tar: ../../../../../usr/local/lib/android/sdk/platforms/android-34-ext11/data/res/values-mcc302-mnc370-sq: Cannot change mode to rwxr-xr-x: Operation not permitted
build	Cache Android SDK	2026-06-06T12:22:51.4637307Z /usr/bin/tar: ../../../../../usr/local/lib/android/sdk/platforms/android-34-ext11/data/res/values-mcc310-mnc210-fr: Cannot utime: Operation not permitted
build	Cache Android SDK	2026-06-06T12:22:51.4639306Z /usr/bin/tar: ../../../../../usr/local/lib/android/sdk/platforms/android-34-ext11/data/res/values-mcc310-mnc210-fr: Cannot change mode to rwxr-xr-x: Operation not permitted
build	Cache Android SDK	2026-06-06T12:22:51.4640641Z /usr/bin/tar: ../../../../../usr/local/lib/android/sdk/platforms/android-34-ext11/data/res/values-mcc310-mnc030-sl: Cannot utime: Operation not permitted
build	Cache Android SDK	2026-06-06T12:22:51.4641841Z /usr/bin/tar: ../../../../../usr/local/lib/android/sdk/platforms/android-34-ext11/data/res/values-mcc310-mnc030-sl: Cannot change mode to rwxr-xr-x: Operation not permitted
build	Cache Android SDK	2026-06-06T12:22:51.4643644Z /usr/bin/tar: ../../../../../usr/local/lib/android/sdk/platforms/android-34-ext11/data/res/values-mcc310-mnc410-tr: Cannot utime: Operation not permitted
build	Cache Android SDK	2026-06-06T12:22:51.4645108Z /usr/bin/tar: ../../../../../usr/local/lib/android/sdk/platforms/android-34-ext11/data/res/values-mcc310-mnc410-tr: Cannot change mode to rwxr-xr-x: Operation not permitted
build	Cache Android SDK	2026-06-06T12:22:51.4646639Z /usr/bin/tar: ../../../../../usr/local/lib/android/sdk/platforms/android-34-ext11/data/res/values-mcc302-mnc720-kn: Cannot utime: Operation not permitted
build	Cache Android SDK	2026-06-06T12:22:51.4647839Z /usr/bin/tar: ../../../../../usr/local/lib/android/sdk/platforms/android-34-ext11/data/res/values-mcc302-mnc720-kn: Cannot change mode to rwxr-xr-x: Operation not permitted
build	Cache Android SDK	2026-06-06T12:22:51.4649561Z /usr/bin/tar: ../../../../../usr/local/lib/android/sdk/platforms/android-34-ext11/data/res/values-mcc001-mnc01-fr: Cannot utime: Operation not permitted
build	Cache Android SDK	2026-06-06T12:22:51.4651278Z /usr/bin/tar: ../../../../../usr/local/lib/android/sdk/platforms/android-34-ext11/data/res/values-mcc001-mnc01-fr: Cannot change mode to rwxr-xr-x: Operation not permitted
build	Cache Android SDK	2026-06-06T12:22:51.4653037Z /usr/bin/tar: ../../../../../usr/local/lib/android/sdk/platforms/android-34-ext11/data/res/values-mcc310-mnc490-sq: Cannot utime: Operation not permitted
build	Cache Android SDK	2026-06-06T12:22:51.4654748Z /usr/bin/tar: ../../../../../usr/local/lib/android/sdk/platforms/android-34-ext11/data/res/values-mcc310-mnc490-sq: Cannot change mode to rwxr-xr-x: Operation not permitted
build	Cache Android SDK	2026-06-06T12:22:51.4655891Z /usr/bin/tar: ../../../../../usr/local/lib/android/sdk/platforms/android-34-ext11/data/res/values-mcc310-mnc170-el: Cannot utime: Operation not permitted
build	Cache Android SDK	2026-06-06T12:22:51.4657177Z /usr/bin/tar: ../../../../../usr/local/lib/android/sdk/platforms/android-34-ext11/data/res/values-mcc310-mnc170-el: Cannot change mode to rwxr-xr-x: Operation not permitted
build	Cache Android SDK	2026-06-06T12:22:51.4658584Z /usr/bin/tar: ../../../../../usr/local/lib/android/sdk/platforms/android-34-ext11/data/res/values-mcc310-mnc030-fi: Cannot utime: Operation not permitted
build	Cache Android SDK	2026-06-06T12:22:51.4659845Z /usr/bin/tar: ../../../../../usr/local/lib/android/sdk/platforms/android-34-ext11/data/res/values-mcc310-mnc030-fi: Cannot change mode to rwxr-xr-x: Operation not permitted
build	Cache Android SDK	2026-06-06T12:22:51.4661465Z /usr/bin/tar: ../../../../../usr/local/lib/android/sdk/platforms/android-34-ext11/data/res/values-mcc310-mnc560-pt-rBR: Cannot utime: Operation not permitted
build	Cache Android SDK	2026-06-06T12:22:51.4662664Z /usr/bin/tar: ../../../../../usr/local/lib/android/sdk/platforms/android-34-ext11/data/res/values-mcc310-mnc560-pt-rBR: Cannot change mode to rwxr-xr-x: Operation not permitted
build	Cache Android SDK	2026-06-06T12:22:51.4664243Z /usr/bin/tar: ../../../../../usr/local/lib/android/sdk/platforms/android-34-ext11/data/res/values-mcc310-mnc230-fi: Cannot utime: Operation not permitted
build	Cache Android SDK	2026-06-06T12:22:51.4665268Z /usr/bin/tar: ../../../../../usr/local/lib/android/sdk/platforms/android-34-ext11/data/res/values-mcc310-mnc230-fi: Cannot change mode to rwxr-xr-x: Operation not permitted
build	Cache Android SDK	2026-06-06T12:22:51.4666784Z /usr/bin/tar: ../../../../../usr/local/lib/android/sdk/platforms/android-34-ext11/data/res/values-mcc310-mnc170-it: Cannot utime: Operation not permitted
build	Cache Android SDK	2026-06-06T12:22:51.4668248Z /usr/bin/tar: ../../../../../usr/local/lib/android/sdk/platforms/android-34-ext11/data/res/values-mcc310-mnc170-it: Cannot change mode to rwxr-xr-x: Operation not permitted
build	Cache Android SDK	2026-06-06T12:22:51.4673363Z /usr/bin/tar: ../../../../../usr/local/lib/android/sdk/platforms/android-34-ext11/data/res/values-as: Cannot utime: Operation not permitted
build	Cache Android SDK	2026-06-06T12:22:51.4674274Z /usr/bin/tar: ../../../../../usr/local/lib/android/sdk/platforms/android-34-ext11/data/res/values-as: Cannot change mode to rwxr-xr-x: Operation not permitted
build	Cache Android SDK	2026-06-06T12:22:51.4676544Z /usr/bin/tar: ../../../../../usr/local/lib/android/sdk/platforms/android-34-ext11/data/res/values-w320dp-h426dp: Cannot utime: Operation not permitted
build	Cache Android SDK	2026-06-06T12:22:51.4677659Z /usr/bin/tar: ../../../../../usr/local/lib/android/sdk/platforms/android-34-ext11/data/res/values-w320dp-h426dp: Cannot change mode to rwxr-xr-x: Operation not permitted
build	Cache Android SDK	2026-06-06T12:22:51.4679793Z /usr/bin/tar: ../../../../../usr/local/lib/android/sdk/platforms/android-34-ext11/data/res/values-mcc310-mnc270-bs: Cannot utime: Operation not permitted
build	Cache Android SDK	2026-06-06T12:22:51.4680753Z /usr/bin/tar: ../../../../../usr/local/lib/android/sdk/platforms/android-34-ext11/data/res/values-mcc310-mnc270-bs: Cannot change mode to rwxr-xr-x: Operation not permitted
build	Cache Android SDK	2026-06-06T12:22:51.4682969Z /usr/bin/tar: ../../../../../usr/local/lib/android/sdk/platforms/android-34-ext11/data/res/values-mcc310-mnc230-sr: Cannot utime: Operation not permitted
build	Cache Android SDK	2026-06-06T12:22:51.4683926Z /usr/bin/tar: ../../../../../usr/local/lib/android/sdk/platforms/android-34-ext11/data/res/values-mcc310-mnc230-sr: Cannot change mode to rwxr-xr-x: Operation not permitted
build	Cache Android SDK	2026-06-06T12:22:51.4685981Z /usr/bin/tar: ../../../../../usr/local/lib/android/sdk/platforms/android-34-ext11/data/res/values-mcc313-mnc100-si: Cannot utime: Operation not permitted
build	Cache Android SDK	2026-06-06T12:22:51.4686934Z /usr/bin/tar: ../../../../../usr/local/lib/android/sdk/platforms/android-34-ext11/data/res/values-mcc313-mnc100-si: Cannot change mode to rwxr-xr-x: Operation not permitted
build	Cache Android SDK	2026-06-06T12:22:51.4691788Z /usr/bin/tar: ../../../../../usr/local/lib/android/sdk/platforms/android-34-ext11/data/res/values-bs: Cannot utime: Operation not permitted
build	Cache Android SDK	2026-06-06T12:22:51.4692807Z /usr/bin/tar: ../../../../../usr/local/lib/android/sdk/platforms/android-34-ext11/data/res/values-bs: Cannot change mode to rwxr-xr-x: Operation not permitted
build	Cache Android SDK	2026-06-06T12:22:51.4694960Z /usr/bin/tar: ../../../../../usr/local/lib/android/sdk/platforms/android-34-ext11/data/res/values-mcc310-mnc230-pt-rPT: Cannot utime: Operation not permitted
build	Cache Android SDK	2026-06-06T12:22:51.4695957Z /usr/bin/tar: ../../../../../usr/local/lib/android/sdk/platforms/android-34-ext11/data/res/values-mcc310-mnc230-pt-rPT: Cannot change mode to rwxr-xr-x: Operation not permitted
build	Cache Android SDK	2026-06-06T12:22:51.4698131Z /usr/bin/tar: ../../../../../usr/local/lib/android/sdk/platforms/android-34-ext11/data/res/values-mcc310-mnc170-zh-rCN: Cannot utime: Operation not permitted
build	Cache Android SDK	2026-06-06T12:22:51.4699119Z /usr/bin/tar: ../../../../../usr/local/lib/android/sdk/platforms/android-34-ext11/data/res/values-mcc310-mnc170-zh-rCN: Cannot change mode to rwxr-xr-x: Operation not permitted
build	Cache Android SDK	2026-06-06T12:22:51.4702196Z /usr/bin/tar: ../../../../../usr/local/lib/android/sdk/platforms/android-34-ext11/data/res/values-mcc313-mnc100-lo: Cannot utime: Operation not permitted
build	Cache Android SDK	2026-06-06T12:22:51.4703250Z /usr/bin/tar: ../../../../../usr/local/lib/android/sdk/platforms/android-34-ext11/data/res/values-mcc313-mnc100-lo: Cannot change mode to rwxr-xr-x: Operation not permitted
build	Cache Android SDK	2026-06-06T12:22:51.4704589Z /usr/bin/tar: ../../../../../usr/local/lib/android/sdk/platforms/android-34-ext11/data/res/values-mcc302-mnc370-th: Cannot utime: Operation not permitted
build	Cache Android SDK	2026-06-06T12:22:51.4705539Z /usr/bin/tar: ../../../../../usr/local/lib/android/sdk/platforms/android-34-ext11/data/res/values-mcc302-mnc370-th: Cannot change mode to rwxr-xr-x: Operation not permitted
build	Cache Android SDK	2026-06-06T12:22:51.4707323Z /usr/bin/tar: ../../../../../usr/local/lib/android/sdk/platforms/android-34-ext11/data/res/values-mcc310-mnc160-si: Cannot utime: Operation not permitted
build	Cache Android SDK	2026-06-06T12:22:51.4708634Z /usr/bin/tar: ../../../../../usr/local/lib/android/sdk/platforms/android-34-ext11/data/res/values-mcc310-mnc160-si: Cannot change mode to rwxr-xr-x: Operation not permitted
build	Cache Android SDK	2026-06-06T12:22:51.4710325Z /usr/bin/tar: ../../../../../usr/local/lib/android/sdk/platforms/android-34-ext11/data/res/values-mcc311-mnc180-or: Cannot utime: Operation not permitted
build	Cache Android SDK	2026-06-06T12:22:51.4711284Z /usr/bin/tar: ../../../../../usr/local/lib/android/sdk/platforms/android-34-ext11/data/res/values-mcc311-mnc180-or: Cannot change mode to rwxr-xr-x: Operation not permitted
build	Cache Android SDK	2026-06-06T12:22:51.4713432Z /usr/bin/tar: ../../../../../usr/local/lib/android/sdk/platforms/android-34-ext11/data/res/values-mcc312-mnc670-hu: Cannot utime: Operation not permitted
build	Cache Android SDK	2026-06-06T12:22:51.4714385Z /usr/bin/tar: ../../../../../usr/local/lib/android/sdk/platforms/android-34-ext11/data/res/values-mcc312-mnc670-hu: Cannot change mode to rwxr-xr-x: Operation not permitted
build	Cache Android SDK	2026-06-06T12:22:51.4716626Z /usr/bin/tar: ../../../../../usr/local/lib/android/sdk/platforms/android-34-ext11/data/res/values-mcc302-mnc720-ml: Cannot utime: Operation not permitted
build	Cache Android SDK	2026-06-06T12:22:51.4717824Z /usr/bin/tar: ../../../../../usr/local/lib/android/sdk/platforms/android-34-ext11/data/res/values-mcc302-mnc720-ml: Cannot change mode to rwxr-xr-x: Operation not permitted
build	Cache Android SDK	2026-06-06T12:22:51.4719874Z /usr/bin/tar: ../../../../../usr/local/lib/android/sdk/platforms/android-34-ext11/data/res/values-mcc310-mnc410-pt: Cannot utime: Operation not permitted
build	Cache Android SDK	2026-06-06T12:22:51.4720822Z /usr/bin/tar: ../../../../../usr/local/lib/android/sdk/platforms/android-34-ext11/data/res/values-mcc310-mnc410-pt: Cannot change mode to rwxr-xr-x: Operation not permitted
build	Cache Android SDK	2026-06-06T12:22:51.4723474Z /usr/bin/tar: ../../../../../usr/local/lib/android/sdk/platforms/android-34-ext11/data/res/values-mcc313-mnc100-zu: Cannot utime: Operation not permitted
build	Cache Android SDK	2026-06-06T12:22:51.4724422Z /usr/bin/tar: ../../../../../usr/local/lib/android/sdk/platforms/android-34-ext11/data/res/values-mcc313-mnc100-zu: Cannot change mode to rwxr-xr-x: Operation not permitted
build	Cache Android SDK	2026-06-06T12:22:51.4726991Z /usr/bin/tar: ../../../../../usr/local/lib/android/sdk/platforms/android-34-ext11/data/res/values-mcc310-mnc560-ca: Cannot utime: Operation not permitted
build	Cache Android SDK	2026-06-06T12:22:51.4728103Z /usr/bin/tar: ../../../../../usr/local/lib/android/sdk/platforms/android-34-ext11/data/res/values-mcc310-mnc560-ca: Cannot change mode to rwxr-xr-x: Operation not permitted
build	Cache Android SDK	2026-06-06T12:22:51.4731055Z /usr/bin/tar: ../../../../../usr/local/lib/android/sdk/platforms/android-34-ext11/data/res/values-bg-watch: Cannot utime: Operation not permitted
build	Cache Android SDK	2026-06-06T12:22:51.4731972Z /usr/bin/tar: ../../../../../usr/local/lib/android/sdk/platforms/android-34-ext11/data/res/values-bg-watch: Cannot change mode to rwxr-xr-x: Operation not permitted
build	Cache Android SDK	2026-06-06T12:22:51.4967220Z /usr/bin/tar: ../../../../../usr/local/lib/android/sdk/platforms/android-34-ext11/data/res/drawable: Cannot utime: Operation not permitted
build	Cache Android SDK	2026-06-06T12:22:51.4968430Z /usr/bin/tar: ../../../../../usr/local/lib/android/sdk/platforms/android-34-ext11/data/res/drawable: Cannot change mode to rwxr-xr-x: Operation not permitted
build	Cache Android SDK	2026-06-06T12:22:51.4970359Z /usr/bin/tar: ../../../../../usr/local/lib/android/sdk/platforms/android-34-ext11/data/res/values-mcc310-mnc280-te: Cannot utime: Operation not permitted
build	Cache Android SDK	2026-06-06T12:22:51.4971473Z /usr/bin/tar: ../../../../../usr/local/lib/android/sdk/platforms/android-34-ext11/data/res/values-mcc310-mnc280-te: Cannot change mode to rwxr-xr-x: Operation not permitted
build	Cache Android SDK	2026-06-06T12:22:51.4973893Z /usr/bin/tar: ../../../../../usr/local/lib/android/sdk/platforms/android-34-ext11/data/res/values-mcc312-mnc670-lo: Cannot utime: Operation not permitted
build	Cache Android SDK	2026-06-06T12:22:51.4974886Z /usr/bin/tar: ../../../../../usr/local/lib/android/sdk/platforms/android-34-ext11/data/res/values-mcc312-mnc670-lo: Cannot change mode to rwxr-xr-x: Operation not permitted
build	Cache Android SDK	2026-06-06T12:22:51.4977254Z /usr/bin/tar: ../../../../../usr/local/lib/android/sdk/platforms/android-34-ext11/data/res/values-mcc310-mnc210-ro: Cannot utime: Operation not permitted
build	Cache Android SDK	2026-06-06T12:22:51.4978590Z /usr/bin/tar: ../../../../../usr/local/lib/android/sdk/platforms/android-34-ext11/data/res/values-mcc310-mnc210-ro: Cannot change mode to rwxr-xr-x: Operation not permitted
build	Cache Android SDK	2026-06-06T12:22:51.4980154Z /usr/bin/tar: ../../../../../usr/local/lib/android/sdk/platforms/android-34-ext11/data/res/values-mcc302-mnc720-be: Cannot utime: Operation not permitted
build	Cache Android SDK	2026-06-06T12:22:51.4981590Z /usr/bin/tar: ../../../../../usr/local/lib/android/sdk/platforms/android-34-ext11/data/res/values-mcc302-mnc720-be: Cannot change mode to rwxr-xr-x: Operation not permitted
build	Cache Android SDK	2026-06-06T12:22:51.4983134Z /usr/bin/tar: ../../../../../usr/local/lib/android/sdk/platforms/android-34-ext11/data/res/values-ne-television: Cannot utime: Operation not permitted
build	Cache Android SDK	2026-06-06T12:22:51.4984574Z /usr/bin/tar: ../../../../../usr/local/lib/android/sdk/platforms/android-34-ext11/data/res/values-ne-television: Cannot change mode to rwxr-xr-x: Operation not permitted
build	Cache Android SDK	2026-06-06T12:22:51.4986075Z /usr/bin/tar: ../../../../../usr/local/lib/android/sdk/platforms/android-34-ext11/data/res/values-mcc310-mnc660-ms: Cannot utime: Operation not permitted
build	Cache Android SDK	2026-06-06T12:22:51.4987677Z /usr/bin/tar: ../../../../../usr/local/lib/android/sdk/platforms/android-34-ext11/data/res/values-mcc310-mnc660-ms: Cannot change mode to rwxr-xr-x: Operation not permitted
build	Cache Android SDK	2026-06-06T12:22:51.4989166Z /usr/bin/tar: ../../../../../usr/local/lib/android/sdk/platforms/android-34-ext11/data/res/values-mcc310-mnc490-hy: Cannot utime: Operation not permitted
build	Cache Android SDK	2026-06-06T12:22:51.4990301Z /usr/bin/tar: ../../../../../usr/local/lib/android/sdk/platforms/android-34-ext11/data/res/values-mcc310-mnc490-hy: Cannot change mode to rwxr-xr-x: Operation not permitted
build	Cache Android SDK	2026-06-06T12:22:51.4992327Z /usr/bin/tar: ../../../../../usr/local/lib/android/sdk/platforms/android-34-ext11/data/res/values-mcc311-mnc180-as: Cannot utime: Operation not permitted
build	Cache Android SDK	2026-06-06T12:22:51.4993295Z /usr/bin/tar: ../../../../../usr/local/lib/android/sdk/platforms/android-34-ext11/data/res/values-mcc311-mnc180-as: Cannot change mode to rwxr-xr-x: Operation not permitted
build	Cache Android SDK	2026-06-06T12:22:51.4995441Z /usr/bin/tar: ../../../../../usr/local/lib/android/sdk/platforms/android-34-ext11/data/res/values-zh-rHK-watch: Cannot utime: Operation not permitted
build	Cache Android SDK	2026-06-06T12:22:51.4996381Z /usr/bin/tar: ../../../../../usr/local/lib/android/sdk/platforms/android-34-ext11/data/res/values-zh-rHK-watch: Cannot change mode to rwxr-xr-x: Operation not permitted
build	Cache Android SDK	2026-06-06T12:22:51.5000334Z /usr/bin/tar: ../../../../../usr/local/lib/android/sdk/platforms/android-34-ext11/data/res/values-mcc310-mnc560-tl: Cannot utime: Operation not permitted
build	Cache Android SDK	2026-06-06T12:22:51.5001350Z /usr/bin/tar: ../../../../../usr/local/lib/android/sdk/platforms/android-34-ext11/data/res/values-mcc310-mnc560-tl: Cannot change mode to rwxr-xr-x: Operation not permitted
build	Cache Android SDK	2026-06-06T12:22:51.5003484Z /usr/bin/tar: ../../../../../usr/local/lib/android/sdk/platforms/android-34-ext11/data/res/values-mcc310-mnc210-es-rUS: Cannot utime: Operation not permitted
build	Cache Android SDK	2026-06-06T12:22:51.5004476Z /usr/bin/tar: ../../../../../usr/local/lib/android/sdk/platforms/android-34-ext11/data/res/values-mcc310-mnc210-es-rUS: Cannot change mode to rwxr-xr-x: Operation not permitted
build	Cache Android SDK	2026-06-06T12:22:51.5006736Z /usr/bin/tar: ../../../../../usr/local/lib/android/sdk/platforms/android-34-ext11/data/res/values-mcc312-mnc670-b+sr+Latn: Cannot utime: Operation not permitted
build	Cache Android SDK	2026-06-06T12:22:51.5007898Z /usr/bin/tar: ../../../../../usr/local/lib/android/sdk/platforms/android-34-ext11/data/res/values-mcc312-mnc670-b+sr+Latn: Cannot change mode to rwxr-xr-x: Operation not permitted
build	Cache Android SDK	2026-06-06T12:22:51.5009745Z /usr/bin/tar: ../../../../../usr/local/lib/android/sdk/platforms/android-34-ext11/data/res/values-mcc310-mnc210-tr: Cannot utime: Operation not permitted
build	Cache Android SDK	2026-06-06T12:22:51.5010699Z /usr/bin/tar: ../../../../../usr/local/lib/android/sdk/platforms/android-34-ext11/data/res/values-mcc310-mnc210-tr: Cannot change mode to rwxr-xr-x: Operation not permitted
build	Cache Android SDK	2026-06-06T12:22:51.5013038Z /usr/bin/tar: ../../../../../usr/local/lib/android/sdk/platforms/android-34-ext11/data/res/values-mcc302-mnc720-iw: Cannot utime: Operation not permitted
build	Cache Android SDK	2026-06-06T12:22:51.5014042Z /usr/bin/tar: ../../../../../usr/local/lib/android/sdk/platforms/android-34-ext11/data/res/values-mcc302-mnc720-iw: Cannot change mode to rwxr-xr-x: Operation not permitted
build	Cache Android SDK	2026-06-06T12:22:51.5015945Z /usr/bin/tar: ../../../../../usr/local/lib/android/sdk/platforms/android-34-ext11/data/res/values-mcc310-mnc230-eu: Cannot utime: Operation not permitted
build	Cache Android SDK	2026-06-06T12:22:51.5016885Z /usr/bin/tar: ../../../../../usr/local/lib/android/sdk/platforms/android-34-ext11/data/res/values-mcc310-mnc230-eu: Cannot change mode to rwxr-xr-x: Operation not permitted
build	Cache Android SDK	2026-06-06T12:22:51.5019303Z /usr/bin/tar: ../../../../../usr/local/lib/android/sdk/platforms/android-34-ext11/data/res/values-mcc310-mnc160-ar: Cannot utime: Operation not permitted
build	Cache Android SDK	2026-06-06T12:22:51.5020260Z /usr/bin/tar: ../../../../../usr/local/lib/android/sdk/platforms/android-34-ext11/data/res/values-mcc310-mnc160-ar: Cannot change mode to rwxr-xr-x: Operation not permitted
build	Cache Android SDK	2026-06-06T12:22:51.5022209Z /usr/bin/tar: ../../../../../usr/local/lib/android/sdk/platforms/android-34-ext11/data/res/values-cs-watch: Cannot utime: Operation not permitted
build	Cache Android SDK	2026-06-06T12:22:51.5023119Z /usr/bin/tar: ../../../../../usr/local/lib/android/sdk/platforms/android-34-ext11/data/res/values-cs-watch: Cannot change mode to rwxr-xr-x: Operation not permitted
build	Cache Android SDK	2026-06-06T12:22:51.5025284Z /usr/bin/tar: ../../../../../usr/local/lib/android/sdk/platforms/android-34-ext11/data/res/values-mcc302-mnc720-en-rCA: Cannot utime: Operation not permitted
build	Cache Android SDK	2026-06-06T12:22:51.5026342Z /usr/bin/tar: ../../../../../usr/local/lib/android/sdk/platforms/android-34-ext11/data/res/values-mcc302-mnc720-en-rCA: Cannot change mode to rwxr-xr-x: Operation not permitted
build	Cache Android SDK	2026-06-06T12:22:51.5032350Z /usr/bin/tar: ../../../../../usr/local/lib/android/sdk/platforms/android-34-ext11/data/res/values-ml: Cannot utime: Operation not permitted
build	Cache Android SDK	2026-06-06T12:22:51.5033317Z /usr/bin/tar: ../../../../../usr/local/lib/android/sdk/platforms/android-34-ext11/data/res/values-ml: Cannot change mode to rwxr-xr-x: Operation not permitted
build	Cache Android SDK	2026-06-06T12:22:51.5035840Z /usr/bin/tar: ../../../../../usr/local/lib/android/sdk/platforms/android-34-ext11/data/res/values-mcc310-mnc150-my: Cannot utime: Operation not permitted
build	Cache Android SDK	2026-06-06T12:22:51.5036824Z /usr/bin/tar: ../../../../../usr/local/lib/android/sdk/platforms/android-34-ext11/data/res/values-mcc310-mnc150-my: Cannot change mode to rwxr-xr-x: Operation not permitted
build	Cache Android SDK	2026-06-06T12:22:51.5039009Z /usr/bin/tar: ../../../../../usr/local/lib/android/sdk/platforms/android-34-ext11/data/res/values-pt-rBR-television: Cannot utime: Operation not permitted
build	Cache Android SDK	2026-06-06T12:22:51.5040113Z /usr/bin/tar: ../../../../../usr/local/lib/android/sdk/platforms/android-34-ext11/data/res/values-pt-rBR-television: Cannot change mode to rwxr-xr-x: Operation not permitted
build	Cache Android SDK	2026-06-06T12:22:51.5042306Z /usr/bin/tar: ../../../../../usr/local/lib/android/sdk/platforms/android-34-ext11/data/res/values-mcc310-mnc030-af: Cannot utime: Operation not permitted
build	Cache Android SDK	2026-06-06T12:22:51.5043365Z /usr/bin/tar: ../../../../../usr/local/lib/android/sdk/platforms/android-34-ext11/data/res/values-mcc310-mnc030-af: Cannot change mode to rwxr-xr-x: Operation not permitted
build	Cache Android SDK	2026-06-06T12:22:51.5045568Z /usr/bin/tar: ../../../../../usr/local/lib/android/sdk/platforms/android-34-ext11/data/res/values-mcc310-mnc280-ar: Cannot utime: Operation not permitted
build	Cache Android SDK	2026-06-06T12:22:51.5046625Z /usr/bin/tar: ../../../../../usr/local/lib/android/sdk/platforms/android-34-ext11/data/res/values-mcc310-mnc280-ar: Cannot change mode to rwxr-xr-x: Operation not permitted
build	Cache Android SDK	2026-06-06T12:22:51.5048607Z /usr/bin/tar: ../../../../../usr/local/lib/android/sdk/platforms/android-34-ext11/data/res/values-mcc310-mnc160-bg: Cannot utime: Operation not permitted
build	Cache Android SDK	2026-06-06T12:22:51.5049754Z /usr/bin/tar: ../../../../../usr/local/lib/android/sdk/platforms/android-34-ext11/data/res/values-mcc310-mnc160-bg: Cannot change mode to rwxr-xr-x: Operation not permitted
build	Cache Android SDK	2026-06-06T12:22:51.5052163Z /usr/bin/tar: ../../../../../usr/local/lib/android/sdk/platforms/android-34-ext11/data/res/values-ml-watch: Cannot utime: Operation not permitted
build	Cache Android SDK	2026-06-06T12:22:51.5053181Z /usr/bin/tar: ../../../../../usr/local/lib/android/sdk/platforms/android-34-ext11/data/res/values-ml-watch: Cannot change mode to rwxr-xr-x: Operation not permitted
build	Cache Android SDK	2026-06-06T12:22:51.5055753Z /usr/bin/tar: ../../../../../usr/local/lib/android/sdk/platforms/android-34-ext11/data/res/values-mcc310-mnc210-ur: Cannot utime: Operation not permitted
build	Cache Android SDK	2026-06-06T12:22:51.5056800Z /usr/bin/tar: ../../../../../usr/local/lib/android/sdk/platforms/android-34-ext11/data/res/values-mcc310-mnc210-ur: Cannot change mode to rwxr-xr-x: Operation not permitted
build	Cache Android SDK	2026-06-06T12:22:51.5058960Z /usr/bin/tar: ../../../../../usr/local/lib/android/sdk/platforms/android-34-ext11/data/res/values-mcc310-mnc240-hr: Cannot utime: Operation not permitted
build	Cache Android SDK	2026-06-06T12:22:51.5060088Z /usr/bin/tar: ../../../../../usr/local/lib/android/sdk/platforms/android-34-ext11/data/res/values-mcc310-mnc240-hr: Cannot change mode to rwxr-xr-x: Operation not permitted
build	Cache Android SDK	2026-06-06T12:22:51.5062193Z /usr/bin/tar: ../../../../../usr/local/lib/android/sdk/platforms/android-34-ext11/data/res/values-mcc310-mnc160-en-rGB: Cannot utime: Operation not permitted
build	Cache Android SDK	2026-06-06T12:22:51.5063271Z /usr/bin/tar: ../../../../../usr/local/lib/android/sdk/platforms/android-34-ext11/data/res/values-mcc310-mnc160-en-rGB: Cannot change mode to rwxr-xr-x: Operation not permitted
build	Cache Android SDK	2026-06-06T12:22:51.5065453Z /usr/bin/tar: ../../../../../usr/local/lib/android/sdk/platforms/android-34-ext11/data/res/values-fr-rCA-watch: Cannot utime: Operation not permitted
build	Cache Android SDK	2026-06-06T12:22:51.5066498Z /usr/bin/tar: ../../../../../usr/local/lib/android/sdk/platforms/android-34-ext11/data/res/values-fr-rCA-watch: Cannot change mode to rwxr-xr-x: Operation not permitted
build	Cache Android SDK	2026-06-06T12:22:51.5068897Z /usr/bin/tar: ../../../../../usr/local/lib/android/sdk/platforms/android-34-ext11/data/res/values-mcc310-mnc560-es-rUS: Cannot utime: Operation not permitted
build	Cache Android SDK	2026-06-06T12:22:51.5069989Z /usr/bin/tar: ../../../../../usr/local/lib/android/sdk/platforms/android-34-ext11/data/res/values-mcc310-mnc560-es-rUS: Cannot change mode to rwxr-xr-x: Operation not permitted
build	Cache Android SDK	2026-06-06T12:22:51.5072085Z /usr/bin/tar: ../../../../../usr/local/lib/android/sdk/platforms/android-34-ext11/data/res/values-mcc310-mnc300: Cannot utime: Operation not permitted
build	Cache Android SDK	2026-06-06T12:22:51.5073114Z /usr/bin/tar: ../../../../../usr/local/lib/android/sdk/platforms/android-34-ext11/data/res/values-mcc310-mnc300: Cannot change mode to rwxr-xr-x: Operation not permitted
build	Cache Android SDK	2026-06-06T12:22:51.5075443Z /usr/bin/tar: ../../../../../usr/local/lib/android/sdk/platforms/android-34-ext11/data/res/values-mcc310-mnc310-gu: Cannot utime: Operation not permitted
build	Cache Android SDK	2026-06-06T12:22:51.5076499Z /usr/bin/tar: ../../../../../usr/local/lib/android/sdk/platforms/android-34-ext11/data/res/values-mcc310-mnc310-gu: Cannot change mode to rwxr-xr-x: Operation not permitted
build	Cache Android SDK	2026-06-06T12:22:51.5079741Z /usr/bin/tar: ../../../../../usr/local/lib/android/sdk/platforms/android-34-ext11/data/res/values-mcc310-mnc560-en-rIN: Cannot utime: Operation not permitted
build	Cache Android SDK	2026-06-06T12:22:51.5080910Z /usr/bin/tar: ../../../../../usr/local/lib/android/sdk/platforms/android-34-ext11/data/res/values-mcc310-mnc560-en-rIN: Cannot change mode to rwxr-xr-x: Operation not permitted
build	Cache Android SDK	2026-06-06T12:22:51.5082914Z /usr/bin/tar: ../../../../../usr/local/lib/android/sdk/platforms/android-34-ext11/data/res/values-mcc310-mnc280-da: Cannot utime: Operation not permitted
build	Cache Android SDK	2026-06-06T12:22:51.5083981Z /usr/bin/tar: ../../../../../usr/local/lib/android/sdk/platforms/android-34-ext11/data/res/values-mcc310-mnc280-da: Cannot change mode to rwxr-xr-x: Operation not permitted
build	Cache Android SDK	2026-06-06T12:22:51.5086162Z /usr/bin/tar: ../../../../../usr/local/lib/android/sdk/platforms/android-34-ext11/data/res/values-mcc311-mnc180-fr: Cannot utime: Operation not permitted
build	Cache Android SDK	2026-06-06T12:22:51.5087268Z /usr/bin/tar: ../../../../../usr/local/lib/android/sdk/platforms/android-34-ext11/data/res/values-mcc311-mnc180-fr: Cannot change mode to rwxr-xr-x: Operation not permitted
build	Cache Android SDK	2026-06-06T12:22:51.5090094Z /usr/bin/tar: ../../../../../usr/local/lib/android/sdk/platforms/android-34-ext11/data/res/values-mcc310-mnc310-ms: Cannot utime: Operation not permitted
build	Cache Android SDK	2026-06-06T12:22:51.5092669Z /usr/bin/tar: ../../../../../usr/local/lib/android/sdk/platforms/android-34-ext11/data/res/values-mcc310-mnc310-ms: Cannot change mode to rwxr-xr-x: Operation not permitted
build	Cache Android SDK	2026-06-06T12:22:51.5095452Z /usr/bin/tar: ../../../../../usr/local/lib/android/sdk/platforms/android-34-ext11/data/res/values-mcc310-mnc170-te: Cannot utime: Operation not permitted
build	Cache Android SDK	2026-06-06T12:22:51.5096525Z /usr/bin/tar: ../../../../../usr/local/lib/android/sdk/platforms/android-34-ext11/data/res/values-mcc310-mnc170-te: Cannot change mode to rwxr-xr-x: Operation not permitted
build	Cache Android SDK	2026-06-06T12:22:51.5099130Z /usr/bin/tar: ../../../../../usr/local/lib/android/sdk/platforms/android-34-ext11/data/res/values-mcc001-mnc01-te: Cannot utime: Operation not permitted
build	Cache Android SDK	2026-06-06T12:22:51.5100089Z /usr/bin/tar: ../../../../../usr/local/lib/android/sdk/platforms/android-34-ext11/data/res/values-mcc001-mnc01-te: Cannot change mode to rwxr-xr-x: Operation not permitted
build	Cache Android SDK	2026-06-06T12:22:51.5101032Z /usr/bin/tar: ../../../../../usr/local/lib/android/sdk/platforms/android-34-ext11/data/res/values-mcc310-mnc310-mr: Cannot utime: Operation not permitted
build	Cache Android SDK	2026-06-06T12:22:51.5102024Z /usr/bin/tar: ../../../../../usr/local/lib/android/sdk/platforms/android-34-ext11/data/res/values-mcc310-mnc310-mr: Cannot change mode to rwxr-xr-x: Operation not permitted
build	Cache Android SDK	2026-06-06T12:22:51.5103413Z /usr/bin/tar: ../../../../../usr/local/lib/android/sdk/platforms/android-34-ext11/data/res/values-mcc310-mnc660-tr: Cannot utime: Operation not permitted
build	Cache Android SDK	2026-06-06T12:22:51.5104359Z /usr/bin/tar: ../../../../../usr/local/lib/android/sdk/platforms/android-34-ext11/data/res/values-mcc310-mnc660-tr: Cannot change mode to rwxr-xr-x: Operation not permitted
build	Cache Android SDK	2026-06-06T12:22:51.5106234Z /usr/bin/tar: ../../../../../usr/local/lib/android/sdk/platforms/android-34-ext11/data/res/values-mcc302-mnc370-iw: Cannot utime: Operation not permitted
build	Cache Android SDK	2026-06-06T12:22:51.5107224Z /usr/bin/tar: ../../../../../usr/local/lib/android/sdk/platforms/android-34-ext11/data/res/values-mcc302-mnc370-iw: Cannot change mode to rwxr-xr-x: Operation not permitted
build	Cache Android SDK	2026-06-06T12:22:51.5109862Z /usr/bin/tar: ../../../../../usr/local/lib/android/sdk/platforms/android-34-ext11/data/res/values-mcc334-mnc020-tr: Cannot utime: Operation not permitted
build	Cache Android SDK	2026-06-06T12:22:51.5110911Z /usr/bin/tar: ../../../../../usr/local/lib/android/sdk/platforms/android-34-ext11/data/res/values-mcc334-mnc020-tr: Cannot change mode to rwxr-xr-x: Operation not permitted
build	Cache Android SDK	2026-06-06T12:22:51.5113224Z /usr/bin/tar: ../../../../../usr/local/lib/android/sdk/platforms/android-34-ext11/data/res/values-mcc310-mnc030-in: Cannot utime: Operation not permitted
build	Cache Android SDK	2026-06-06T12:22:51.5114210Z /usr/bin/tar: ../../../../../usr/local/lib/android/sdk/platforms/android-34-ext11/data/res/values-mcc310-mnc030-in: Cannot change mode to rwxr-xr-x: Operation not permitted
build	Cache Android SDK	2026-06-06T12:22:51.5115756Z /usr/bin/tar: ../../../../../usr/local/lib/android/sdk/platforms/android-34-ext11/data/res/values-mcc310-mnc310-ne: Cannot utime: Operation not permitted
build	Cache Android SDK	2026-06-06T12:22:51.5116718Z /usr/bin/tar: ../../../../../usr/local/lib/android/sdk/platforms/android-34-ext11/data/res/values-mcc310-mnc310-ne: Cannot change mode to rwxr-xr-x: Operation not permitted
build	Cache Android SDK	2026-06-06T12:22:51.5119846Z /usr/bin/tar: ../../../../../usr/local/lib/android/sdk/platforms/android-34-ext11/data/res/values-mcc310-mnc240-de: Cannot utime: Operation not permitted
build	Cache Android SDK	2026-06-06T12:22:51.5120924Z /usr/bin/tar: ../../../../../usr/local/lib/android/sdk/platforms/android-34-ext11/data/res/values-mcc310-mnc240-de: Cannot change mode to rwxr-xr-x: Operation not permitted
build	Cache Android SDK	2026-06-06T12:22:51.5122549Z /usr/bin/tar: ../../../../../usr/local/lib/android/sdk/platforms/android-34-ext11/data/res/values-mcc310-mnc490-bn: Cannot utime: Operation not permitted
build	Cache Android SDK	2026-06-06T12:22:51.5123687Z /usr/bin/tar: ../../../../../usr/local/lib/android/sdk/platforms/android-34-ext11/data/res/values-mcc310-mnc490-bn: Cannot change mode to rwxr-xr-x: Operation not permitted
build	Cache Android SDK	2026-06-06T12:22:51.5126015Z /usr/bin/tar: ../../../../../usr/local/lib/android/sdk/platforms/android-34-ext11/data/res/values-mcc310-mnc280-sq: Cannot utime: Operation not permitted
build	Cache Android SDK	2026-06-06T12:22:51.5126955Z /usr/bin/tar: ../../../../../usr/local/lib/android/sdk/platforms/android-34-ext11/data/res/values-mcc310-mnc280-sq: Cannot change mode to rwxr-xr-x: Operation not permitted
build	Cache Android SDK	2026-06-06T12:22:51.5129406Z /usr/bin/tar: ../../../../../usr/local/lib/android/sdk/platforms/android-34-ext11/data/res/values-mcc310-mnc380-si: Cannot utime: Operation not permitted
build	Cache Android SDK	2026-06-06T12:22:51.5130367Z /usr/bin/tar: ../../../../../usr/local/lib/android/sdk/platforms/android-34-ext11/data/res/values-mcc310-mnc380-si: Cannot change mode to rwxr-xr-x: Operation not permitted
build	Cache Android SDK	2026-06-06T12:22:51.5132757Z /usr/bin/tar: ../../../../../usr/local/lib/android/sdk/platforms/android-34-ext11/data/res/values-mcc313-mnc100-zh-rTW: Cannot utime: Operation not permitted
build	Cache Android SDK	2026-06-06T12:22:51.5133747Z /usr/bin/tar: ../../../../../usr/local/lib/android/sdk/platforms/android-34-ext11/data/res/values-mcc313-mnc100-zh-rTW: Cannot change mode to rwxr-xr-x: Operation not permitted
build	Cache Android SDK	2026-06-06T12:22:51.5135934Z /usr/bin/tar: ../../../../../usr/local/lib/android/sdk/platforms/android-34-ext11/data/res/values-mcc310-mnc250-pt-rBR: Cannot utime: Operation not permitted
build	Cache Android SDK	2026-06-06T12:22:51.5136918Z /usr/bin/tar: ../../../../../usr/local/lib/android/sdk/platforms/android-34-ext11/data/res/values-mcc310-mnc250-pt-rBR: Cannot change mode to rwxr-xr-x: Operation not permitted
build	Cache Android SDK	2026-06-06T12:22:51.5139194Z /usr/bin/tar: ../../../../../usr/local/lib/android/sdk/platforms/android-34-ext11/data/res/values-mcc310-mnc310-kn: Cannot utime: Operation not permitted
build	Cache Android SDK	2026-06-06T12:22:51.5140207Z /usr/bin/tar: ../../../../../usr/local/lib/android/sdk/platforms/android-34-ext11/data/res/values-mcc310-mnc310-kn: Cannot change mode to rwxr-xr-x: Operation not permitted
build	Cache Android SDK	2026-06-06T12:22:51.5141872Z /usr/bin/tar: ../../../../../usr/local/lib/android/sdk/platforms/android-34-ext11/data/res/values-mcc310-mnc230-sk: Cannot utime: Operation not permitted
build	Cache Android SDK	2026-06-06T12:22:51.5142865Z /usr/bin/tar: ../../../../../usr/local/lib/android/sdk/platforms/android-34-ext11/data/res/values-mcc310-mnc230-sk: Cannot change mode to rwxr-xr-x: Operation not permitted
build	Cache Android SDK	2026-06-06T12:22:51.5146066Z /usr/bin/tar: ../../../../../usr/local/lib/android/sdk/platforms/android-34-ext11/data/res/values-mcc310-mnc800-ne: Cannot utime: Operation not permitted
build	Cache Android SDK	2026-06-06T12:22:51.5147039Z /usr/bin/tar: ../../../../../usr/local/lib/android/sdk/platforms/android-34-ext11/data/res/values-mcc310-mnc800-ne: Cannot change mode to rwxr-xr-x: Operation not permitted
build	Cache Android SDK	2026-06-06T12:22:51.5149278Z /usr/bin/tar: ../../../../../usr/local/lib/android/sdk/platforms/android-34-ext11/data/res/values-mcc310-mnc220-mk: Cannot utime: Operation not permitted
build	Cache Android SDK	2026-06-06T12:22:51.5150231Z /usr/bin/tar: ../../../../../usr/local/lib/android/sdk/platforms/android-34-ext11/data/res/values-mcc310-mnc220-mk: Cannot change mode to rwxr-xr-x: Operation not permitted
build	Cache Android SDK	2026-06-06T12:22:51.5152537Z /usr/bin/tar: ../../../../../usr/local/lib/android/sdk/platforms/android-34-ext11/data/res/values-mcc312-mnc670-lt: Cannot utime: Operation not permitted
build	Cache Android SDK	2026-06-06T12:22:51.5153487Z /usr/bin/tar: ../../../../../usr/local/lib/android/sdk/platforms/android-34-ext11/data/res/values-mcc312-mnc670-lt: Cannot change mode to rwxr-xr-x: Operation not permitted
build	Cache Android SDK	2026-06-06T12:22:51.5155960Z /usr/bin/tar: ../../../../../usr/local/lib/android/sdk/platforms/android-34-ext11/data/res/values-mcc310-mnc950-fi: Cannot utime: Operation not permitted
build	Cache Android SDK	2026-06-06T12:22:51.5156988Z /usr/bin/tar: ../../../../../usr/local/lib/android/sdk/platforms/android-34-ext11/data/res/values-mcc310-mnc950-fi: Cannot change mode to rwxr-xr-x: Operation not permitted
build	Cache Android SDK	2026-06-06T12:22:51.5159502Z /usr/bin/tar: ../../../../../usr/local/lib/android/sdk/platforms/android-34-ext11/data/res/values-mcc302-mnc720-zh-rTW: Cannot utime: Operation not permitted
build	Cache Android SDK	2026-06-06T12:22:51.5160481Z /usr/bin/tar: ../../../../../usr/local/lib/android/sdk/platforms/android-34-ext11/data/res/values-mcc302-mnc720-zh-rTW: Cannot change mode to rwxr-xr-x: Operation not permitted
build	Cache Android SDK	2026-06-06T12:22:51.5162823Z /usr/bin/tar: ../../../../../usr/local/lib/android/sdk/platforms/android-34-ext11/data/res/values-mcc302-mnc370-te: Cannot utime: Operation not permitted
build	Cache Android SDK	2026-06-06T12:22:51.5163775Z /usr/bin/tar: ../../../../../usr/local/lib/android/sdk/platforms/android-34-ext11/data/res/values-mcc302-mnc370-te: Cannot change mode to rwxr-xr-x: Operation not permitted
build	Cache Android SDK	2026-06-06T12:22:51.5171167Z /usr/bin/tar: ../../../../../usr/local/lib/android/sdk/platforms/android-34-ext11/data/res/values-ms: Cannot utime: Operation not permitted
build	Cache Android SDK	2026-06-06T12:22:51.5172155Z /usr/bin/tar: ../../../../../usr/local/lib/android/sdk/platforms/android-34-ext11/data/res/values-ms: Cannot change mode to rwxr-xr-x: Operation not permitted
build	Cache Android SDK	2026-06-06T12:22:51.5173660Z /usr/bin/tar: ../../../../../usr/local/lib/android/sdk/platforms/android-34-ext11/data/res/values-mcc310-mnc270-pt: Cannot utime: Operation not permitted
build	Cache Android SDK	2026-06-06T12:22:51.5174659Z /usr/bin/tar: ../../../../../usr/local/lib/android/sdk/platforms/android-34-ext11/data/res/values-mcc310-mnc270-pt: Cannot change mode to rwxr-xr-x: Operation not permitted
build	Cache Android SDK	2026-06-06T12:22:51.5176607Z /usr/bin/tar: ../../../../../usr/local/lib/android/sdk/platforms/android-34-ext11/data/res/values-mcc310-mnc310-kk: Cannot utime: Operation not permitted
build	Cache Android SDK	2026-06-06T12:22:51.5177686Z /usr/bin/tar: ../../../../../usr/local/lib/android/sdk/platforms/android-34-ext11/data/res/values-mcc310-mnc310-kk: Cannot change mode to rwxr-xr-x: Operation not permitted
build	Cache Android SDK	2026-06-06T12:22:51.5180174Z /usr/bin/tar: ../../../../../usr/local/lib/android/sdk/platforms/android-34-ext11/data/res/raw-pt-rBR: Cannot utime: Operation not permitted
build	Cache Android SDK	2026-06-06T12:22:51.5181162Z /usr/bin/tar: ../../../../../usr/local/lib/android/sdk/platforms/android-34-ext11/data/res/raw-pt-rBR: Cannot change mode to rwxr-xr-x: Operation not permitted
build	Cache Android SDK	2026-06-06T12:22:51.5183505Z /usr/bin/tar: ../../../../../usr/local/lib/android/sdk/platforms/android-34-ext11/data/res/values-mcc310-mnc160-fi: Cannot utime: Operation not permitted
build	Cache Android SDK	2026-06-06T12:22:51.5184489Z /usr/bin/tar: ../../../../../usr/local/lib/android/sdk/platforms/android-34-ext11/data/res/values-mcc310-mnc160-fi: Cannot change mode to rwxr-xr-x: Operation not permitted
build	Cache Android SDK	2026-06-06T12:22:51.5186830Z /usr/bin/tar: ../../../../../usr/local/lib/android/sdk/platforms/android-34-ext11/data/res/values-mcc310-mnc950-da: Cannot utime: Operation not permitted
build	Cache Android SDK	2026-06-06T12:22:51.5188396Z /usr/bin/tar: ../../../../../usr/local/lib/android/sdk/platforms/android-34-ext11/data/res/values-mcc310-mnc950-da: Cannot change mode to rwxr-xr-x: Operation not permitted
build	Cache Android SDK	2026-06-06T12:22:51.5190034Z /usr/bin/tar: ../../../../../usr/local/lib/android/sdk/platforms/android-34-ext11/data/res/values-mcc310-mnc220-fi: Cannot utime: Operation not permitted
build	Cache Android SDK	2026-06-06T12:22:51.5191588Z /usr/bin/tar: ../../../../../usr/local/lib/android/sdk/platforms/android-34-ext11/data/res/values-mcc310-mnc220-fi: Cannot change mode to rwxr-xr-x: Operation not permitted
build	Cache Android SDK	2026-06-06T12:22:51.5193138Z /usr/bin/tar: ../../../../../usr/local/lib/android/sdk/platforms/android-34-ext11/data/res/values-mcc310-mnc210-it: Cannot utime: Operation not permitted
build	Cache Android SDK	2026-06-06T12:22:51.5194513Z /usr/bin/tar: ../../../../../usr/local/lib/android/sdk/platforms/android-34-ext11/data/res/values-mcc310-mnc210-it: Cannot change mode to rwxr-xr-x: Operation not permitted
build	Cache Android SDK	2026-06-06T12:22:51.5196036Z /usr/bin/tar: ../../../../../usr/local/lib/android/sdk/platforms/android-34-ext11/data/res/values-mcc310-mnc490-lt: Cannot utime: Operation not permitted
build	Cache Android SDK	2026-06-06T12:22:51.5197720Z /usr/bin/tar: ../../../../../usr/local/lib/android/sdk/platforms/android-34-ext11/data/res/values-mcc310-mnc490-lt: Cannot change mode to rwxr-xr-x: Operation not permitted
build	Cache Android SDK	2026-06-06T12:22:51.5199228Z /usr/bin/tar: ../../../../../usr/local/lib/android/sdk/platforms/android-34-ext11/data/res/values-mcc310-mnc220-bg: Cannot utime: Operation not permitted
build	Cache Android SDK	2026-06-06T12:22:51.5200683Z /usr/bin/tar: ../../../../../usr/local/lib/android/sdk/platforms/android-34-ext11/data/res/values-mcc310-mnc220-bg: Cannot change mode to rwxr-xr-x: Operation not permitted
build	Cache Android SDK	2026-06-06T12:22:51.5202064Z /usr/bin/tar: ../../../../../usr/local/lib/android/sdk/platforms/android-34-ext11/data/res/values-mcc334-mnc020-ms: Cannot utime: Operation not permitted
build	Cache Android SDK	2026-06-06T12:22:51.5203434Z /usr/bin/tar: ../../../../../usr/local/lib/android/sdk/platforms/android-34-ext11/data/res/values-mcc334-mnc020-ms: Cannot change mode to rwxr-xr-x: Operation not permitted
build	Cache Android SDK	2026-06-06T12:22:51.5204912Z /usr/bin/tar: ../../../../../usr/local/lib/android/sdk/platforms/android-34-ext11/data/res/values-mcc310-mnc950-or: Cannot utime: Operation not permitted
build	Cache Android SDK	2026-06-06T12:22:51.5206290Z /usr/bin/tar: ../../../../../usr/local/lib/android/sdk/platforms/android-34-ext11/data/res/values-mcc310-mnc950-or: Cannot change mode to rwxr-xr-x: Operation not permitted
build	Cache Android SDK	2026-06-06T12:22:51.5207807Z /usr/bin/tar: ../../../../../usr/local/lib/android/sdk/platforms/android-34-ext11/data/res/values-mcc310-mnc800-eu: Cannot utime: Operation not permitted
build	Cache Android SDK	2026-06-06T12:22:51.5209185Z /usr/bin/tar: ../../../../../usr/local/lib/android/sdk/platforms/android-34-ext11/data/res/values-mcc310-mnc800-eu: Cannot change mode to rwxr-xr-x: Operation not permitted
build	Cache Android SDK	2026-06-06T12:22:51.5210586Z /usr/bin/tar: ../../../../../usr/local/lib/android/sdk/platforms/android-34-ext11/data/res/values-mcc310-mnc030-lv: Cannot utime: Operation not permitted
build	Cache Android SDK	2026-06-06T12:22:51.5211978Z /usr/bin/tar: ../../../../../usr/local/lib/android/sdk/platforms/android-34-ext11/data/res/values-mcc310-mnc030-lv: Cannot change mode to rwxr-xr-x: Operation not permitted
build	Cache Android SDK	2026-06-06T12:22:51.5216803Z /usr/bin/tar: ../../../../../usr/local/lib/android/sdk/platforms/android-34-ext11/data/res/values-mcc311-mnc180-da: Cannot utime: Operation not permitted
build	Cache Android SDK	2026-06-06T12:22:51.5217898Z /usr/bin/tar: ../../../../../usr/local/lib/android/sdk/platforms/android-34-ext11/data/res/values-mcc311-mnc180-da: Cannot change mode to rwxr-xr-x: Operation not permitted
build	Cache Android SDK	2026-06-06T12:22:51.5219992Z /usr/bin/tar: ../../../../../usr/local/lib/android/sdk/platforms/android-34-ext11/data/res/values-mcc310-mnc210-my: Cannot utime: Operation not permitted
build	Cache Android SDK	2026-06-06T12:22:51.5220950Z /usr/bin/tar: ../../../../../usr/local/lib/android/sdk/platforms/android-34-ext11/data/res/values-mcc310-mnc210-my: Cannot change mode to rwxr-xr-x: Operation not permitted
build	Cache Android SDK	2026-06-06T12:22:51.5223593Z /usr/bin/tar: ../../../../../usr/local/lib/android/sdk/platforms/android-34-ext11/data/res/values-mcc310-mnc660: Cannot utime: Operation not permitted
build	Cache Android SDK	2026-06-06T12:22:51.5224583Z /usr/bin/tar: ../../../../../usr/local/lib/android/sdk/platforms/android-34-ext11/data/res/values-mcc310-mnc660: Cannot change mode to rwxr-xr-x: Operation not permitted
build	Cache Android SDK	2026-06-06T12:22:51.5226701Z /usr/bin/tar: ../../../../../usr/local/lib/android/sdk/platforms/android-34-ext11/data/res/values-mcc312-mnc670-eu: Cannot utime: Operation not permitted
build	Cache Android SDK	2026-06-06T12:22:51.5227766Z /usr/bin/tar: ../../../../../usr/local/lib/android/sdk/platforms/android-34-ext11/data/res/values-mcc312-mnc670-eu: Cannot change mode to rwxr-xr-x: Operation not permitted
build	Cache Android SDK	2026-06-06T12:22:51.5230418Z /usr/bin/tar: ../../../../../usr/local/lib/android/sdk/platforms/android-34-ext11/data/res/values-uk-television: Cannot utime: Operation not permitted
build	Cache Android SDK	2026-06-06T12:22:51.5231765Z /usr/bin/tar: ../../../../../usr/local/lib/android/sdk/platforms/android-34-ext11/data/res/values-uk-television: Cannot change mode to rwxr-xr-x: Operation not permitted
build	Cache Android SDK	2026-06-06T12:22:51.5233399Z /usr/bin/tar: ../../../../../usr/local/lib/android/sdk/platforms/android-34-ext11/data/res/values-mcc310-mnc950-en-rCA: Cannot utime: Operation not permitted
build	Cache Android SDK	2026-06-06T12:22:51.5234477Z /usr/bin/tar: ../../../../../usr/local/lib/android/sdk/platforms/android-34-ext11/data/res/values-mcc310-mnc950-en-rCA: Cannot change mode to rwxr-xr-x: Operation not permitted
build	Cache Android SDK	2026-06-06T12:22:51.5236370Z /usr/bin/tar: ../../../../../usr/local/lib/android/sdk/platforms/android-34-ext11/data/res/values-mcc310-mnc560-et: Cannot utime: Operation not permitted
build	Cache Android SDK	2026-06-06T12:22:51.5237664Z /usr/bin/tar: ../../../../../usr/local/lib/android/sdk/platforms/android-34-ext11/data/res/values-mcc310-mnc560-et: Cannot change mode to rwxr-xr-x: Operation not permitted
build	Cache Android SDK	2026-06-06T12:22:51.5239304Z /usr/bin/tar: ../../../../../usr/local/lib/android/sdk/platforms/android-34-ext11/data/res/values-mcc310-mnc560: Cannot utime: Operation not permitted
build	Cache Android SDK	2026-06-06T12:22:51.5240245Z /usr/bin/tar: ../../../../../usr/local/lib/android/sdk/platforms/android-34-ext11/data/res/values-mcc310-mnc560: Cannot change mode to rwxr-xr-x: Operation not permitted
build	Cache Android SDK	2026-06-06T12:22:51.5243049Z /usr/bin/tar: ../../../../../usr/local/lib/android/sdk/platforms/android-34-ext11/data/res/values-mcc310-mnc660-eu: Cannot utime: Operation not permitted
build	Cache Android SDK	2026-06-06T12:22:51.5244025Z /usr/bin/tar: ../../../../../usr/local/lib/android/sdk/platforms/android-34-ext11/data/res/values-mcc310-mnc660-eu: Cannot change mode to rwxr-xr-x: Operation not permitted
build	Cache Android SDK	2026-06-06T12:22:51.5246786Z /usr/bin/tar: ../../../../../usr/local/lib/android/sdk/platforms/android-34-ext11/data/res/values-mcc310-mnc150-uz: Cannot utime: Operation not permitted
build	Cache Android SDK	2026-06-06T12:22:51.5248225Z /usr/bin/tar: ../../../../../usr/local/lib/android/sdk/platforms/android-34-ext11/data/res/values-mcc310-mnc150-uz: Cannot change mode to rwxr-xr-x: Operation not permitted
build	Cache Android SDK	2026-06-06T12:22:51.5249753Z /usr/bin/tar: ../../../../../usr/local/lib/android/sdk/platforms/android-34-ext11/data/res/values-mcc302-mnc370-lo: Cannot utime: Operation not permitted
build	Cache Android SDK	2026-06-06T12:22:51.5250727Z /usr/bin/tar: ../../../../../usr/local/lib/android/sdk/platforms/android-34-ext11/data/res/values-mcc302-mnc370-lo: Cannot change mode to rwxr-xr-x: Operation not permitted
build	Cache Android SDK	2026-06-06T12:22:51.5253961Z /usr/bin/tar: ../../../../../usr/local/lib/android/sdk/platforms/android-34-ext11/data/res/values-mcc310-mnc380-tl: Cannot utime: Operation not permitted
build	Cache Android SDK	2026-06-06T12:22:51.5254949Z /usr/bin/tar: ../../../../../usr/local/lib/android/sdk/platforms/android-34-ext11/data/res/values-mcc310-mnc380-tl: Cannot change mode to rwxr-xr-x: Operation not permitted
build	Cache Android SDK	2026-06-06T12:22:51.5257846Z /usr/bin/tar: ../../../../../usr/local/lib/android/sdk/platforms/android-34-ext11/data/res/values-fi-rFI: Cannot utime: Operation not permitted
build	Cache Android SDK	2026-06-06T12:22:51.5258764Z /usr/bin/tar: ../../../../../usr/local/lib/android/sdk/platforms/android-34-ext11/data/res/values-fi-rFI: Cannot change mode to rwxr-xr-x: Operation not permitted
build	Cache Android SDK	2026-06-06T12:22:51.5261356Z /usr/bin/tar: ../../../../../usr/local/lib/android/sdk/platforms/android-34-ext11/data/res/values-mcc310-mnc280-vi: Cannot utime: Operation not permitted
build	Cache Android SDK	2026-06-06T12:22:51.5262336Z /usr/bin/tar: ../../../../../usr/local/lib/android/sdk/platforms/android-34-ext11/data/res/values-mcc310-mnc280-vi: Cannot change mode to rwxr-xr-x: Operation not permitted
build	Cache Android SDK	2026-06-06T12:22:51.5265075Z /usr/bin/tar: ../../../../../usr/local/lib/android/sdk/platforms/android-34-ext11/data/res/values-mcc310-mnc280-ru: Cannot utime: Operation not permitted
build	Cache Android SDK	2026-06-06T12:22:51.5266048Z /usr/bin/tar: ../../../../../usr/local/lib/android/sdk/platforms/android-34-ext11/data/res/values-mcc310-mnc280-ru: Cannot change mode to rwxr-xr-x: Operation not permitted
build	Cache Android SDK	2026-06-06T12:22:51.5269104Z /usr/bin/tar: ../../../../../usr/local/lib/android/sdk/platforms/android-34-ext11/data/res/values-mcc310-mnc800-in: Cannot utime: Operation not permitted
build	Cache Android SDK	2026-06-06T12:22:51.5270212Z /usr/bin/tar: ../../../../../usr/local/lib/android/sdk/platforms/android-34-ext11/data/res/values-mcc310-mnc800-in: Cannot change mode to rwxr-xr-x: Operation not permitted
build	Cache Android SDK	2026-06-06T12:22:51.5273054Z /usr/bin/tar: ../../../../../usr/local/lib/android/sdk/platforms/android-34-ext11/data/res/values-mcc310-mnc490-tr: Cannot utime: Operation not permitted
build	Cache Android SDK	2026-06-06T12:22:51.5274018Z /usr/bin/tar: ../../../../../usr/local/lib/android/sdk/platforms/android-34-ext11/data/res/values-mcc310-mnc490-tr: Cannot change mode to rwxr-xr-x: Operation not permitted
build	Cache Android SDK	2026-06-06T12:22:51.5276186Z /usr/bin/tar: ../../../../../usr/local/lib/android/sdk/platforms/android-34-ext11/data/res/values-mcc310-mnc380-bg: Cannot utime: Operation not permitted
build	Cache Android SDK	2026-06-06T12:22:51.5277132Z /usr/bin/tar: ../../../../../usr/local/lib/android/sdk/platforms/android-34-ext11/data/res/values-mcc310-mnc380-bg: Cannot change mode to rwxr-xr-x: Operation not permitted
build	Cache Android SDK	2026-06-06T12:22:51.5279532Z /usr/bin/tar: ../../../../../usr/local/lib/android/sdk/platforms/android-34-ext11/data/res/values-mcc302-mnc370-km: Cannot utime: Operation not permitted
build	Cache Android SDK	2026-06-06T12:22:51.5280776Z /usr/bin/tar: ../../../../../usr/local/lib/android/sdk/platforms/android-34-ext11/data/res/values-mcc302-mnc370-km: Cannot change mode to rwxr-xr-x: Operation not permitted
build	Cache Android SDK	2026-06-06T12:22:51.5282470Z /usr/bin/tar: ../../../../../usr/local/lib/android/sdk/platforms/android-34-ext11/data/res/values-mcc310-mnc170-si: Cannot utime: Operation not permitted
build	Cache Android SDK	2026-06-06T12:22:51.5283437Z /usr/bin/tar: ../../../../../usr/local/lib/android/sdk/platforms/android-34-ext11/data/res/values-mcc310-mnc170-si: Cannot change mode to rwxr-xr-x: Operation not permitted
build	Cache Android SDK	2026-06-06T12:22:51.5286536Z /usr/bin/tar: ../../../../../usr/local/lib/android/sdk/platforms/android-34-ext11/data/res/values-de-rLI: Cannot utime: Operation not permitted
build	Cache Android SDK	2026-06-06T12:22:51.5287552Z /usr/bin/tar: ../../../../../usr/local/lib/android/sdk/platforms/android-34-ext11/data/res/values-de-rLI: Cannot change mode to rwxr-xr-x: Operation not permitted
build	Cache Android SDK	2026-06-06T12:22:51.5289663Z /usr/bin/tar: ../../../../../usr/local/lib/android/sdk/platforms/android-34-ext11/data/res/values-mcc310-mnc200-pl: Cannot utime: Operation not permitted
build	Cache Android SDK	2026-06-06T12:22:51.5290635Z /usr/bin/tar: ../../../../../usr/local/lib/android/sdk/platforms/android-34-ext11/data/res/values-mcc310-mnc200-pl: Cannot change mode to rwxr-xr-x: Operation not permitted
build	Cache Android SDK	2026-06-06T12:22:51.5293298Z /usr/bin/tar: ../../../../../usr/local/lib/android/sdk/platforms/android-34-ext11/data/res/values-mcc001-mnc01-en-rCA: Cannot utime: Operation not permitted
build	Cache Android SDK	2026-06-06T12:22:51.5294280Z /usr/bin/tar: ../../../../../usr/local/lib/android/sdk/platforms/android-34-ext11/data/res/values-mcc001-mnc01-en-rCA: Cannot change mode to rwxr-xr-x: Operation not permitted
build	Cache Android SDK	2026-06-06T12:22:51.5296596Z /usr/bin/tar: ../../../../../usr/local/lib/android/sdk/platforms/android-34-ext11/data/res/values-mcc310-mnc170-tr: Cannot utime: Operation not permitted
build	Cache Android SDK	2026-06-06T12:22:51.5297669Z /usr/bin/tar: ../../../../../usr/local/lib/android/sdk/platforms/android-34-ext11/data/res/values-mcc310-mnc170-tr: Cannot change mode to rwxr-xr-x: Operation not permitted
build	Cache Android SDK	2026-06-06T12:22:51.5300024Z /usr/bin/tar: ../../../../../usr/local/lib/android/sdk/platforms/android-34-ext11/data/res/values-mcc310-mnc490-nl: Cannot utime: Operation not permitted
build	Cache Android SDK	2026-06-06T12:22:51.5301095Z /usr/bin/tar: ../../../../../usr/local/lib/android/sdk/platforms/android-34-ext11/data/res/values-mcc310-mnc490-nl: Cannot change mode to rwxr-xr-x: Operation not permitted
build	Cache Android SDK	2026-06-06T12:22:51.5303189Z /usr/bin/tar: ../../../../../usr/local/lib/android/sdk/platforms/android-34-ext11/data/res/values-mcc310-mnc030-ne: Cannot utime: Operation not permitted
build	Cache Android SDK	2026-06-06T12:22:51.5304147Z /usr/bin/tar: ../../../../../usr/local/lib/android/sdk/platforms/android-34-ext11/data/res/values-mcc310-mnc030-ne: Cannot change mode to rwxr-xr-x: Operation not permitted
build	Cache Android SDK	2026-06-06T12:22:51.5306586Z /usr/bin/tar: ../../../../../usr/local/lib/android/sdk/platforms/android-34-ext11/data/res/values-mcc310-mnc150-lo: Cannot utime: Operation not permitted
build	Cache Android SDK	2026-06-06T12:22:51.5307832Z /usr/bin/tar: ../../../../../usr/local/lib/android/sdk/platforms/android-34-ext11/data/res/values-mcc310-mnc150-lo: Cannot change mode to rwxr-xr-x: Operation not permitted
build	Cache Android SDK	2026-06-06T12:22:51.5309685Z /usr/bin/tar: ../../../../../usr/local/lib/android/sdk/platforms/android-34-ext11/data/res/values-mcc310-mnc800-iw: Cannot utime: Operation not permitted
build	Cache Android SDK	2026-06-06T12:22:51.5310670Z /usr/bin/tar: ../../../../../usr/local/lib/android/sdk/platforms/android-34-ext11/data/res/values-mcc310-mnc800-iw: Cannot change mode to rwxr-xr-x: Operation not permitted
build	Cache Android SDK	2026-06-06T12:22:51.5312882Z /usr/bin/tar: ../../../../../usr/local/lib/android/sdk/platforms/android-34-ext11/data/res/values-mcc310-mnc250-sq: Cannot utime: Operation not permitted
build	Cache Android SDK	2026-06-06T12:22:51.5313851Z /usr/bin/tar: ../../../../../usr/local/lib/android/sdk/platforms/android-34-ext11/data/res/values-mcc310-mnc250-sq: Cannot change mode to rwxr-xr-x: Operation not permitted
build	Cache Android SDK	2026-06-06T12:22:51.5316257Z /usr/bin/tar: ../../../../../usr/local/lib/android/sdk/platforms/android-34-ext11/data/res/values-mcc310-mnc150-ka: Cannot utime: Operation not permitted
build	Cache Android SDK	2026-06-06T12:22:51.5317234Z /usr/bin/tar: ../../../../../usr/local/lib/android/sdk/platforms/android-34-ext11/data/res/values-mcc310-mnc150-ka: Cannot change mode to rwxr-xr-x: Operation not permitted
build	Cache Android SDK	2026-06-06T12:22:51.5319364Z /usr/bin/tar: ../../../../../usr/local/lib/android/sdk/platforms/android-34-ext11/data/res/values-h320dp: Cannot utime: Operation not permitted
build	Cache Android SDK	2026-06-06T12:22:51.5320416Z /usr/bin/tar: ../../../../../usr/local/lib/android/sdk/platforms/android-34-ext11/data/res/values-h320dp: Cannot change mode to rwxr-xr-x: Operation not permitted
build	Cache Android SDK	2026-06-06T12:22:51.5323816Z /usr/bin/tar: ../../../../../usr/local/lib/android/sdk/platforms/android-34-ext11/data/res/values-television: Cannot utime: Operation not permitted
build	Cache Android SDK	2026-06-06T12:22:51.5324752Z /usr/bin/tar: ../../../../../usr/local/lib/android/sdk/platforms/android-34-ext11/data/res/values-television: Cannot change mode to rwxr-xr-x: Operation not permitted
build	Cache Android SDK	2026-06-06T12:22:51.5327006Z /usr/bin/tar: ../../../../../usr/local/lib/android/sdk/platforms/android-34-ext11/data/res/values-mcc310-mnc220-lt: Cannot utime: Operation not permitted
build	Cache Android SDK	2026-06-06T12:22:51.5328058Z /usr/bin/tar: ../../../../../usr/local/lib/android/sdk/platforms/android-34-ext11/data/res/values-mcc310-mnc220-lt: Cannot change mode to rwxr-xr-x: Operation not permitted
build	Cache Android SDK	2026-06-06T12:22:51.5330141Z /usr/bin/tar: ../../../../../usr/local/lib/android/sdk/platforms/android-34-ext11/data/res/values-mcc311-mnc180-en-rXC: Cannot utime: Operation not permitted
build	Cache Android SDK	2026-06-06T12:22:51.5331132Z /usr/bin/tar: ../../../../../usr/local/lib/android/sdk/platforms/android-34-ext11/data/res/values-mcc311-mnc180-en-rXC: Cannot change mode to rwxr-xr-x: Operation not permitted
build	Cache Android SDK	2026-06-06T12:22:51.5333451Z /usr/bin/tar: ../../../../../usr/local/lib/android/sdk/platforms/android-34-ext11/data/res/values-mcc310-mnc640: Cannot utime: Operation not permitted
build	Cache Android SDK	2026-06-06T12:22:51.5334404Z /usr/bin/tar: ../../../../../usr/local/lib/android/sdk/platforms/android-34-ext11/data/res/values-mcc310-mnc640: Cannot change mode to rwxr-xr-x: Operation not permitted
build	Cache Android SDK	2026-06-06T12:22:51.5336582Z /usr/bin/tar: ../../../../../usr/local/lib/android/sdk/platforms/android-34-ext11/data/res/values-mcc208-mnc10-fr: Cannot utime: Operation not permitted
build	Cache Android SDK	2026-06-06T12:22:51.5337849Z /usr/bin/tar: ../../../../../usr/local/lib/android/sdk/platforms/android-34-ext11/data/res/values-mcc208-mnc10-fr: Cannot change mode to rwxr-xr-x: Operation not permitted
build	Cache Android SDK	2026-06-06T12:22:51.5339636Z /usr/bin/tar: ../../../../../usr/local/lib/android/sdk/platforms/android-34-ext11/data/res/values-mcc310-mnc250-ne: Cannot utime: Operation not permitted
build	Cache Android SDK	2026-06-06T12:22:51.5340604Z /usr/bin/tar: ../../../../../usr/local/lib/android/sdk/platforms/android-34-ext11/data/res/values-mcc310-mnc250-ne: Cannot change mode to rwxr-xr-x: Operation not permitted
build	Cache Android SDK	2026-06-06T12:22:51.5342763Z /usr/bin/tar: ../../../../../usr/local/lib/android/sdk/platforms/android-34-ext11/data/res/values-mcc310-mnc310: Cannot utime: Operation not permitted
build	Cache Android SDK	2026-06-06T12:22:51.5343751Z /usr/bin/tar: ../../../../../usr/local/lib/android/sdk/platforms/android-34-ext11/data/res/values-mcc310-mnc310: Cannot change mode to rwxr-xr-x: Operation not permitted
build	Cache Android SDK	2026-06-06T12:22:51.5346029Z /usr/bin/tar: ../../../../../usr/local/lib/android/sdk/platforms/android-34-ext11/data/res/values-mcc310-mnc380-fr-rCA: Cannot utime: Operation not permitted
build	Cache Android SDK	2026-06-06T12:22:51.5347008Z /usr/bin/tar: ../../../../../usr/local/lib/android/sdk/platforms/android-34-ext11/data/res/values-mcc310-mnc380-fr-rCA: Cannot change mode to rwxr-xr-x: Operation not permitted
build	Cache Android SDK	2026-06-06T12:22:51.5349619Z /usr/bin/tar: ../../../../../usr/local/lib/android/sdk/platforms/android-34-ext11/data/res/mipmap-ldpi: Cannot utime: Operation not permitted
build	Cache Android SDK	2026-06-06T12:22:51.5350531Z /usr/bin/tar: ../../../../../usr/local/lib/android/sdk/platforms/android-34-ext11/data/res/mipmap-ldpi: Cannot change mode to rwxr-xr-x: Operation not permitted
build	Cache Android SDK	2026-06-06T12:22:51.5353233Z /usr/bin/tar: ../../../../../usr/local/lib/android/sdk/platforms/android-34-ext11/data/res/values-mcc310-mnc170-iw: Cannot utime: Operation not permitted
build	Cache Android SDK	2026-06-06T12:22:51.5354225Z /usr/bin/tar: ../../../../../usr/local/lib/android/sdk/platforms/android-34-ext11/data/res/values-mcc310-mnc170-iw: Cannot change mode to rwxr-xr-x: Operation not permitted
build	Cache Android SDK	2026-06-06T12:22:51.5359909Z /usr/bin/tar: ../../../../../usr/local/lib/android/sdk/platforms/android-34-ext11/data/res/layout-watch: Cannot utime: Operation not permitted
build	Cache Android SDK	2026-06-06T12:22:51.5360804Z /usr/bin/tar: ../../../../../usr/local/lib/android/sdk/platforms/android-34-ext11/data/res/layout-watch: Cannot change mode to rwxr-xr-x: Operation not permitted
build	Cache Android SDK	2026-06-06T12:22:51.5363168Z /usr/bin/tar: ../../../../../usr/local/lib/android/sdk/platforms/android-34-ext11/data/res/values-mcc311-mnc180-gl: Cannot utime: Operation not permitted
build	Cache Android SDK	2026-06-06T12:22:51.5364119Z /usr/bin/tar: ../../../../../usr/local/lib/android/sdk/platforms/android-34-ext11/data/res/values-mcc311-mnc180-gl: Cannot change mode to rwxr-xr-x: Operation not permitted
build	Cache Android SDK	2026-06-06T12:22:51.5366352Z /usr/bin/tar: ../../../../../usr/local/lib/android/sdk/platforms/android-34-ext11/data/res/values-mcc313-mnc100-pt-rBR: Cannot utime: Operation not permitted
build	Cache Android SDK	2026-06-06T12:22:51.5367341Z /usr/bin/tar: ../../../../../usr/local/lib/android/sdk/platforms/android-34-ext11/data/res/values-mcc313-mnc100-pt-rBR: Cannot change mode to rwxr-xr-x: Operation not permitted
build	Cache Android SDK	2026-06-06T12:22:51.5370385Z /usr/bin/tar: ../../../../../usr/local/lib/android/sdk/platforms/android-34-ext11/data/res/values-mcc310-mnc240-ru: Cannot utime: Operation not permitted
build	Cache Android SDK	2026-06-06T12:22:51.5371345Z /usr/bin/tar: ../../../../../usr/local/lib/android/sdk/platforms/android-34-ext11/data/res/values-mcc310-mnc240-ru: Cannot change mode to rwxr-xr-x: Operation not permitted
build	Cache Android SDK	2026-06-06T12:22:51.5374015Z /usr/bin/tar: ../../../../../usr/local/lib/android/sdk/platforms/android-34-ext11/data/res/values-mcc310-mnc950-ja: Cannot utime: Operation not permitted
build	Cache Android SDK	2026-06-06T12:22:51.5375062Z /usr/bin/tar: ../../../../../usr/local/lib/android/sdk/platforms/android-34-ext11/data/res/values-mcc310-mnc950-ja: Cannot change mode to rwxr-xr-x: Operation not permitted
build	Cache Android SDK	2026-06-06T12:22:51.5381545Z /usr/bin/tar: ../../../../../usr/local/lib/android/sdk/platforms/android-34-ext11/data/res/values-lo: Cannot utime: Operation not permitted
build	Cache Android SDK	2026-06-06T12:22:51.5382446Z /usr/bin/tar: ../../../../../usr/local/lib/android/sdk/platforms/android-34-ext11/data/res/values-lo: Cannot change mode to rwxr-xr-x: Operation not permitted
build	Cache Android SDK	2026-06-06T12:22:51.5384266Z /usr/bin/tar: ../../../../../usr/local/lib/android/sdk/platforms/android-34-ext11/data/res/values-mcc310-mnc170-ru: Cannot utime: Operation not permitted
build	Cache Android SDK	2026-06-06T12:22:51.5385353Z /usr/bin/tar: ../../../../../usr/local/lib/android/sdk/platforms/android-34-ext11/data/res/values-mcc310-mnc170-ru: Cannot change mode to rwxr-xr-x: Operation not permitted
build	Cache Android SDK	2026-06-06T12:22:51.5387608Z /usr/bin/tar: ../../../../../usr/local/lib/android/sdk/platforms/android-34-ext11/data/res/values-mcc310-mnc310-pt-rPT: Cannot utime: Operation not permitted
build	Cache Android SDK	2026-06-06T12:22:51.5388594Z /usr/bin/tar: ../../../../../usr/local/lib/android/sdk/platforms/android-34-ext11/data/res/values-mcc310-mnc310-pt-rPT: Cannot change mode to rwxr-xr-x: Operation not permitted
build	Cache Android SDK	2026-06-06T12:22:51.5390982Z /usr/bin/tar: ../../../../../usr/local/lib/android/sdk/platforms/android-34-ext11/data/res/values-mcc310-mnc150-fa: Cannot utime: Operation not permitted
build	Cache Android SDK	2026-06-06T12:22:51.5391942Z /usr/bin/tar: ../../../../../usr/local/lib/android/sdk/platforms/android-34-ext11/data/res/values-mcc310-mnc150-fa: Cannot change mode to rwxr-xr-x: Operation not permitted
build	Cache Android SDK	2026-06-06T12:22:51.5395331Z /usr/bin/tar: ../../../../../usr/local/lib/android/sdk/platforms/android-34-ext11/data/res/values-mcc310-mnc380-gl: Cannot utime: Operation not permitted
build	Cache Android SDK	2026-06-06T12:22:51.5396332Z /usr/bin/tar: ../../../../../usr/local/lib/android/sdk/platforms/android-34-ext11/data/res/values-mcc310-mnc380-gl: Cannot change mode to rwxr-xr-x: Operation not permitted
build	Cache Android SDK	2026-06-06T12:22:51.5398576Z /usr/bin/tar: ../../../../../usr/local/lib/android/sdk/platforms/android-34-ext11/data/res/values-mcc310-mnc210-de: Cannot utime: Operation not permitted
build	Cache Android SDK	2026-06-06T12:22:51.5399522Z /usr/bin/tar: ../../../../../usr/local/lib/android/sdk/platforms/android-34-ext11/data/res/values-mcc310-mnc210-de: Cannot change mode to rwxr-xr-x: Operation not permitted
build	Cache Android SDK	2026-06-06T12:22:51.5401993Z /usr/bin/tar: ../../../../../usr/local/lib/android/sdk/platforms/android-34-ext11/data/res/values-mcc310-mnc310-ko: Cannot utime: Operation not permitted
build	Cache Android SDK	2026-06-06T12:22:51.5402937Z /usr/bin/tar: ../../../../../usr/local/lib/android/sdk/platforms/android-34-ext11/data/res/values-mcc310-mnc310-ko: Cannot change mode to rwxr-xr-x: Operation not permitted
build	Cache Android SDK	2026-06-06T12:22:51.5405127Z /usr/bin/tar: ../../../../../usr/local/lib/android/sdk/platforms/android-34-ext11/data/res/values-mcc310-mnc220-sv: Cannot utime: Operation not permitted
build	Cache Android SDK	2026-06-06T12:22:51.5406082Z /usr/bin/tar: ../../../../../usr/local/lib/android/sdk/platforms/android-34-ext11/data/res/values-mcc310-mnc220-sv: Cannot change mode to rwxr-xr-x: Operation not permitted
build	Cache Android SDK	2026-06-06T12:22:51.5409260Z /usr/bin/tar: ../../../../../usr/local/lib/android/sdk/platforms/android-34-ext11/data/res/values-b+sr+Latn-television: Cannot utime: Operation not permitted
build	Cache Android SDK	2026-06-06T12:22:51.5410358Z /usr/bin/tar: ../../../../../usr/local/lib/android/sdk/platforms/android-34-ext11/data/res/values-b+sr+Latn-television: Cannot change mode to rwxr-xr-x: Operation not permitted
build	Cache Android SDK	2026-06-06T12:22:51.5412963Z /usr/bin/tar: ../../../../../usr/local/lib/android/sdk/platforms/android-34-ext11/data/res/values-mcc310-mnc660-fr-rCA: Cannot utime: Operation not permitted
build	Cache Android SDK	2026-06-06T12:22:51.5413976Z /usr/bin/tar: ../../../../../usr/local/lib/android/sdk/platforms/android-34-ext11/data/res/values-mcc310-mnc660-fr-rCA: Cannot change mode to rwxr-xr-x: Operation not permitted
build	Cache Android SDK	2026-06-06T12:22:51.5416501Z /usr/bin/tar: ../../../../../usr/local/lib/android/sdk/platforms/android-34-ext11/data/res/values-mcc310-mnc280-hy: Cannot utime: Operation not permitted
build	Cache Android SDK	2026-06-06T12:22:51.5417723Z /usr/bin/tar: ../../../../../usr/local/lib/android/sdk/platforms/android-34-ext11/data/res/values-mcc310-mnc280-hy: Cannot change mode to rwxr-xr-x: Operation not permitted
build	Cache Android SDK	2026-06-06T12:22:51.5419976Z /usr/bin/tar: ../../../../../usr/local/lib/android/sdk/platforms/android-34-ext11/data/res/values-mcc334-mnc020-zh-rTW: Cannot utime: Operation not permitted
build	Cache Android SDK	2026-06-06T12:22:51.5420966Z /usr/bin/tar: ../../../../../usr/local/lib/android/sdk/platforms/android-34-ext11/data/res/values-mcc334-mnc020-zh-rTW: Cannot change mode to rwxr-xr-x: Operation not permitted
build	Cache Android SDK	2026-06-06T12:22:51.5423337Z /usr/bin/tar: ../../../../../usr/local/lib/android/sdk/platforms/android-34-ext11/data/res/values-mcc310-mnc270-fr-rCA: Cannot utime: Operation not permitted
build	Cache Android SDK	2026-06-06T12:22:51.5424431Z /usr/bin/tar: ../../../../../usr/local/lib/android/sdk/platforms/android-34-ext11/data/res/values-mcc310-mnc270-fr-rCA: Cannot change mode to rwxr-xr-x: Operation not permitted
build	Cache Android SDK	2026-06-06T12:22:51.5426222Z /usr/bin/tar: ../../../../../usr/local/lib/android/sdk/platforms/android-34-ext11/data/res/values-mcc310-mnc410-de: Cannot utime: Operation not permitted
build	Cache Android SDK	2026-06-06T12:22:51.5427184Z /usr/bin/tar: ../../../../../usr/local/lib/android/sdk/platforms/android-34-ext11/data/res/values-mcc310-mnc410-de: Cannot change mode to rwxr-xr-x: Operation not permitted
build	Cache Android SDK	2026-06-06T12:22:51.5429360Z /usr/bin/tar: ../../../../../usr/local/lib/android/sdk/platforms/android-34-ext11/data/res/values-mcc310-mnc560-zh-rCN: Cannot utime: Operation not permitted
build	Cache Android SDK	2026-06-06T12:22:51.5430355Z /usr/bin/tar: ../../../../../usr/local/lib/android/sdk/platforms/android-34-ext11/data/res/values-mcc310-mnc560-zh-rCN: Cannot change mode to rwxr-xr-x: Operation not permitted
build	Cache Android SDK	2026-06-06T12:22:51.5432716Z /usr/bin/tar: ../../../../../usr/local/lib/android/sdk/platforms/android-34-ext11/data/res/values-mcc310-mnc240-th: Cannot utime: Operation not permitted
build	Cache Android SDK	2026-06-06T12:22:51.5433739Z /usr/bin/tar: ../../../../../usr/local/lib/android/sdk/platforms/android-34-ext11/data/res/values-mcc310-mnc240-th: Cannot change mode to rwxr-xr-x: Operation not permitted
build	Cache Android SDK	2026-06-06T12:22:51.5435926Z /usr/bin/tar: ../../../../../usr/local/lib/android/sdk/platforms/android-34-ext11/data/res/values-mcc310-mnc030-fr-rCA: Cannot utime: Operation not permitted
build	Cache Android SDK	2026-06-06T12:22:51.5436906Z /usr/bin/tar: ../../../../../usr/local/lib/android/sdk/platforms/android-34-ext11/data/res/values-mcc310-mnc030-fr-rCA: Cannot change mode to rwxr-xr-x: Operation not permitted
build	Cache Android SDK	2026-06-06T12:22:51.5439216Z /usr/bin/tar: ../../../../../usr/local/lib/android/sdk/platforms/android-34-ext11/data/res/values-mcc310-mnc380-en-rGB: Cannot utime: Operation not permitted
build	Cache Android SDK	2026-06-06T12:22:51.5440198Z /usr/bin/tar: ../../../../../usr/local/lib/android/sdk/platforms/android-34-ext11/data/res/values-mcc310-mnc380-en-rGB: Cannot change mode to rwxr-xr-x: Operation not permitted
build	Cache Android SDK	2026-06-06T12:22:51.5443082Z /usr/bin/tar: ../../../../../usr/local/lib/android/sdk/platforms/android-34-ext11/data/res/values-mcc310-mnc250-ms: Cannot utime: Operation not permitted
build	Cache Android SDK	2026-06-06T12:22:51.5444092Z /usr/bin/tar: ../../../../../usr/local/lib/android/sdk/platforms/android-34-ext11/data/res/values-mcc310-mnc250-ms: Cannot change mode to rwxr-xr-x: Operation not permitted
build	Cache Android SDK	2026-06-06T12:22:51.5446186Z /usr/bin/tar: ../../../../../usr/local/lib/android/sdk/platforms/android-34-ext11/data/res/values-zh-rCN-television: Cannot utime: Operation not permitted
build	Cache Android SDK	2026-06-06T12:22:51.5447165Z /usr/bin/tar: ../../../../../usr/local/lib/android/sdk/platforms/android-34-ext11/data/res/values-zh-rCN-television: Cannot change mode to rwxr-xr-x: Operation not permitted
build	Cache Android SDK	2026-06-06T12:22:51.5449471Z /usr/bin/tar: ../../../../../usr/local/lib/android/sdk/platforms/android-34-ext11/data/res/values-mcc310-mnc150-cs: Cannot utime: Operation not permitted
build	Cache Android SDK	2026-06-06T12:22:51.5450454Z /usr/bin/tar: ../../../../../usr/local/lib/android/sdk/platforms/android-34-ext11/data/res/values-mcc310-mnc150-cs: Cannot change mode to rwxr-xr-x: Operation not permitted
build	Cache Android SDK	2026-06-06T12:22:51.5452799Z /usr/bin/tar: ../../../../../usr/local/lib/android/sdk/platforms/android-34-ext11/data/res/values-mcc310-mnc200-lt: Cannot utime: Operation not permitted
build	Cache Android SDK	2026-06-06T12:22:51.5453818Z /usr/bin/tar: ../../../../../usr/local/lib/android/sdk/platforms/android-34-ext11/data/res/values-mcc310-mnc200-lt: Cannot change mode to rwxr-xr-x: Operation not permitted
build	Cache Android SDK	2026-06-06T12:22:51.5455699Z /usr/bin/tar: ../../../../../usr/local/lib/android/sdk/platforms/android-34-ext11/data/res/values-mcc310-mnc150-de: Cannot utime: Operation not permitted
build	Cache Android SDK	2026-06-06T12:22:51.5456661Z /usr/bin/tar: ../../../../../usr/local/lib/android/sdk/platforms/android-34-ext11/data/res/values-mcc310-mnc150-de: Cannot change mode to rwxr-xr-x: Operation not permitted
build	Cache Android SDK	2026-06-06T12:22:51.5459100Z /usr/bin/tar: ../../../../../usr/local/lib/android/sdk/platforms/android-34-ext11/data/res/values-mcc001-mnc01-ms: Cannot utime: Operation not permitted
build	Cache Android SDK	2026-06-06T12:22:51.5460236Z /usr/bin/tar: ../../../../../usr/local/lib/android/sdk/platforms/android-34-ext11/data/res/values-mcc001-mnc01-ms: Cannot change mode to rwxr-xr-x: Operation not permitted
build	Cache Android SDK	2026-06-06T12:22:51.5462533Z /usr/bin/tar: ../../../../../usr/local/lib/android/sdk/platforms/android-34-ext11/data/res/values-ta-watch: Cannot utime: Operation not permitted
build	Cache Android SDK	2026-06-06T12:22:51.5463675Z /usr/bin/tar: ../../../../../usr/local/lib/android/sdk/platforms/android-34-ext11/data/res/values-ta-watch: Cannot change mode to rwxr-xr-x: Operation not permitted
build	Cache Android SDK	2026-06-06T12:22:51.5465781Z /usr/bin/tar: ../../../../../usr/local/lib/android/sdk/platforms/android-34-ext11/data/res/values-mcc310-mnc160-is: Cannot utime: Operation not permitted
build	Cache Android SDK	2026-06-06T12:22:51.5466777Z /usr/bin/tar: ../../../../../usr/local/lib/android/sdk/platforms/android-34-ext11/data/res/values-mcc310-mnc160-is: Cannot change mode to rwxr-xr-x: Operation not permitted
build	Cache Android SDK	2026-06-06T12:22:51.5469028Z /usr/bin/tar: ../../../../../usr/local/lib/android/sdk/platforms/android-34-ext11/data/res/values-mcc310-mnc230-zu: Cannot utime: Operation not permitted
build	Cache Android SDK	2026-06-06T12:22:51.5470020Z /usr/bin/tar: ../../../../../usr/local/lib/android/sdk/platforms/android-34-ext11/data/res/values-mcc310-mnc230-zu: Cannot change mode to rwxr-xr-x: Operation not permitted
build	Cache Android SDK	2026-06-06T12:22:51.5472854Z /usr/bin/tar: ../../../../../usr/local/lib/android/sdk/platforms/android-34-ext11/data/res/values-mcc312-mnc670-ca: Cannot utime: Operation not permitted
build	Cache Android SDK	2026-06-06T12:22:51.5474002Z /usr/bin/tar: ../../../../../usr/local/lib/android/sdk/platforms/android-34-ext11/data/res/values-mcc312-mnc670-ca: Cannot change mode to rwxr-xr-x: Operation not permitted
build	Cache Android SDK	2026-06-06T12:22:51.5475683Z /usr/bin/tar: ../../../../../usr/local/lib/android/sdk/platforms/android-34-ext11/data/res/values-mcc302-mnc720-es: Cannot utime: Operation not permitted
build	Cache Android SDK	2026-06-06T12:22:51.5476667Z /usr/bin/tar: ../../../../../usr/local/lib/android/sdk/platforms/android-34-ext11/data/res/values-mcc302-mnc720-es: Cannot change mode to rwxr-xr-x: Operation not permitted
build	Cache Android SDK	2026-06-06T12:22:51.5479399Z /usr/bin/tar: ../../../../../usr/local/lib/android/sdk/platforms/android-34-ext11/data/res/values-mcc310-mnc280-zh-rHK: Cannot utime: Operation not permitted
build	Cache Android SDK	2026-06-06T12:22:51.5480405Z /usr/bin/tar: ../../../../../usr/local/lib/android/sdk/platforms/android-34-ext11/data/res/values-mcc310-mnc280-zh-rHK: Cannot change mode to rwxr-xr-x: Operation not permitted
build	Cache Android SDK	2026-06-06T12:22:51.5482464Z /usr/bin/tar: ../../../../../usr/local/lib/android/sdk/platforms/android-34-ext11/data/res/values-mcc334-mnc020-en-rIN: Cannot utime: Operation not permitted
build	Cache Android SDK	2026-06-06T12:22:51.5483469Z /usr/bin/tar: ../../../../../usr/local/lib/android/sdk/platforms/android-34-ext11/data/res/values-mcc334-mnc020-en-rIN: Cannot change mode to rwxr-xr-x: Operation not permitted
build	Cache Android SDK	2026-06-06T12:22:51.5485895Z /usr/bin/tar: ../../../../../usr/local/lib/android/sdk/platforms/android-34-ext11/data/res/values-mcc001-mnc01-bg: Cannot utime: Operation not permitted
build	Cache Android SDK	2026-06-06T12:22:51.5486863Z /usr/bin/tar: ../../../../../usr/local/lib/android/sdk/platforms/android-34-ext11/data/res/values-mcc001-mnc01-bg: Cannot change mode to rwxr-xr-x: Operation not permitted
build	Cache Android SDK	2026-06-06T12:22:51.5489469Z /usr/bin/tar: ../../../../../usr/local/lib/android/sdk/platforms/android-34-ext11/data/res/values-mcc312: Cannot utime: Operation not permitted
build	Cache Android SDK	2026-06-06T12:22:51.5490585Z /usr/bin/tar: ../../../../../usr/local/lib/android/sdk/platforms/android-34-ext11/data/res/values-mcc312: Cannot change mode to rwxr-xr-x: Operation not permitted
build	Cache Android SDK	2026-06-06T12:22:51.5492741Z /usr/bin/tar: ../../../../../usr/local/lib/android/sdk/platforms/android-34-ext11/data/res/raw-ko: Cannot utime: Operation not permitted
build	Cache Android SDK	2026-06-06T12:22:51.5493820Z /usr/bin/tar: ../../../../../usr/local/lib/android/sdk/platforms/android-34-ext11/data/res/raw-ko: Cannot change mode to rwxr-xr-x: Operation not permitted
build	Cache Android SDK	2026-06-06T12:22:51.5496008Z /usr/bin/tar: ../../../../../usr/local/lib/android/sdk/platforms/android-34-ext11/data/res/values-mcc466-mnc07: Cannot utime: Operation not permitted
build	Cache Android SDK	2026-06-06T12:22:51.5496968Z /usr/bin/tar: ../../../../../usr/local/lib/android/sdk/platforms/android-34-ext11/data/res/values-mcc466-mnc07: Cannot change mode to rwxr-xr-x: Operation not permitted
build	Cache Android SDK	2026-06-06T12:22:51.6019928Z /usr/bin/tar: ../../../../../usr/local/lib/android/sdk/platforms/android-34-ext11/data/res/drawable-mdpi: Cannot utime: Operation not permitted
build	Cache Android SDK	2026-06-06T12:22:51.6021252Z /usr/bin/tar: ../../../../../usr/local/lib/android/sdk/platforms/android-34-ext11/data/res/drawable-mdpi: Cannot change mode to rwxr-xr-x: Operation not permitted
build	Cache Android SDK	2026-06-06T12:22:51.6022743Z /usr/bin/tar: ../../../../../usr/local/lib/android/sdk/platforms/android-34-ext11/data/res/values-mcc310-mnc170-gu: Cannot utime: Operation not permitted
build	Cache Android SDK	2026-06-06T12:22:51.6023750Z /usr/bin/tar: ../../../../../usr/local/lib/android/sdk/platforms/android-34-ext11/data/res/values-mcc310-mnc170-gu: Cannot change mode to rwxr-xr-x: Operation not permitted
build	Cache Android SDK	2026-06-06T12:22:51.6026793Z /usr/bin/tar: ../../../../../usr/local/lib/android/sdk/platforms/android-34-ext11/data/res/values-mcc313-mnc100-bg: Cannot utime: Operation not permitted
build	Cache Android SDK	2026-06-06T12:22:51.6028163Z /usr/bin/tar: ../../../../../usr/local/lib/android/sdk/platforms/android-34-ext11/data/res/values-mcc313-mnc100-bg: Cannot change mode to rwxr-xr-x: Operation not permitted
build	Cache Android SDK	2026-06-06T12:22:51.6030196Z /usr/bin/tar: ../../../../../usr/local/lib/android/sdk/platforms/android-34-ext11/data/res/values-mcc312-mnc670-hr: Cannot utime: Operation not permitted
build	Cache Android SDK	2026-06-06T12:22:51.6031154Z /usr/bin/tar: ../../../../../usr/local/lib/android/sdk/platforms/android-34-ext11/data/res/values-mcc312-mnc670-hr: Cannot change mode to rwxr-xr-x: Operation not permitted
build	Cache Android SDK	2026-06-06T12:22:51.6033498Z /usr/bin/tar: ../../../../../usr/local/lib/android/sdk/platforms/android-34-ext11/data/res/values-mcc310-mnc170-bs: Cannot utime: Operation not permitted
build	Cache Android SDK	2026-06-06T12:22:51.6034572Z /usr/bin/tar: ../../../../../usr/local/lib/android/sdk/platforms/android-34-ext11/data/res/values-mcc310-mnc170-bs: Cannot change mode to rwxr-xr-x: Operation not permitted
build	Cache Android SDK	2026-06-06T12:22:51.6039884Z /usr/bin/tar: ../../../../../usr/local/lib/android/sdk/platforms/android-34-ext11/data/res/values-mcc310-mnc030-bn: Cannot utime: Operation not permitted
build	Cache Android SDK	2026-06-06T12:22:51.6040963Z /usr/bin/tar: ../../../../../usr/local/lib/android/sdk/platforms/android-34-ext11/data/res/values-mcc310-mnc030-bn: Cannot change mode to rwxr-xr-x: Operation not permitted
build	Cache Android SDK	2026-06-06T12:22:51.6042674Z /usr/bin/tar: ../../../../../usr/local/lib/android/sdk/platforms/android-34-ext11/data/res/values-mcc310-mnc230-lt: Cannot utime: Operation not permitted
build	Cache Android SDK	2026-06-06T12:22:51.6043679Z /usr/bin/tar: ../../../../../usr/local/lib/android/sdk/platforms/android-34-ext11/data/res/values-mcc310-mnc230-lt: Cannot change mode to rwxr-xr-x: Operation not permitted
build	Cache Android SDK	2026-06-06T12:22:51.6046254Z /usr/bin/tar: ../../../../../usr/local/lib/android/sdk/platforms/android-34-ext11/data/res/values-mcc310-mnc150-vi: Cannot utime: Operation not permitted
build	Cache Android SDK	2026-06-06T12:22:51.6047499Z /usr/bin/tar: ../../../../../usr/local/lib/android/sdk/platforms/android-34-ext11/data/res/values-mcc310-mnc150-vi: Cannot change mode to rwxr-xr-x: Operation not permitted
build	Cache Android SDK	2026-06-06T12:22:51.6049608Z /usr/bin/tar: ../../../../../usr/local/lib/android/sdk/platforms/android-34-ext11/data/res/values-mcc001-mnc01-el: Cannot utime: Operation not permitted
build	Cache Android SDK	2026-06-06T12:22:51.6050084Z /usr/bin/tar: ../../../../../usr/local/lib/android/sdk/platforms/android-34-ext11/data/res/values-mcc001-mnc01-el: Cannot change mode to rwxr-xr-x: Operation not permitted
build	Cache Android SDK	2026-06-06T12:22:51.6052715Z /usr/bin/tar: ../../../../../usr/local/lib/android/sdk/platforms/android-34-ext11/data/res/values-mcc310-mnc230-ca: Cannot utime: Operation not permitted
build	Cache Android SDK	2026-06-06T12:22:51.6053282Z /usr/bin/tar: ../../../../../usr/local/lib/android/sdk/platforms/android-34-ext11/data/res/values-mcc310-mnc230-ca: Cannot change mode to rwxr-xr-x: Operation not permitted
build	Cache Android SDK	2026-06-06T12:22:51.6055934Z /usr/bin/tar: ../../../../../usr/local/lib/android/sdk/platforms/android-34-ext11/data/res/values-mcc310-mnc200-el: Cannot utime: Operation not permitted
build	Cache Android SDK	2026-06-06T12:22:51.6056418Z /usr/bin/tar: ../../../../../usr/local/lib/android/sdk/platforms/android-34-ext11/data/res/values-mcc310-mnc200-el: Cannot change mode to rwxr-xr-x: Operation not permitted
build	Cache Android SDK	2026-06-06T12:22:51.6059327Z /usr/bin/tar: ../../../../../usr/local/lib/android/sdk/platforms/android-34-ext11/data/res/values-mcc310-mnc160-lv: Cannot utime: Operation not permitted
build	Cache Android SDK	2026-06-06T12:22:51.6059804Z /usr/bin/tar: ../../../../../usr/local/lib/android/sdk/platforms/android-34-ext11/data/res/values-mcc310-mnc160-lv: Cannot change mode to rwxr-xr-x: Operation not permitted
build	Cache Android SDK	2026-06-06T12:22:51.6062841Z /usr/bin/tar: ../../../../../usr/local/lib/android/sdk/platforms/android-34-ext11/data/res/values-mcc310-mnc220-ko: Cannot utime: Operation not permitted
build	Cache Android SDK	2026-06-06T12:22:51.6063410Z /usr/bin/tar: ../../../../../usr/local/lib/android/sdk/platforms/android-34-ext11/data/res/values-mcc310-mnc220-ko: Cannot change mode to rwxr-xr-x: Operation not permitted
build	Cache Android SDK	2026-06-06T12:22:51.6066322Z /usr/bin/tar: ../../../../../usr/local/lib/android/sdk/platforms/android-34-ext11/data/res/values-mcc310-mnc280-pl: Cannot utime: Operation not permitted
build	Cache Android SDK	2026-06-06T12:22:51.6066837Z /usr/bin/tar: ../../../../../usr/local/lib/android/sdk/platforms/android-34-ext11/data/res/values-mcc310-mnc280-pl: Cannot change mode to rwxr-xr-x: Operation not permitted
build	Cache Android SDK	2026-06-06T12:22:51.6069350Z /usr/bin/tar: ../../../../../usr/local/lib/android/sdk/platforms/android-34-ext11/data/res/values-nl-rNL: Cannot utime: Operation not permitted
build	Cache Android SDK	2026-06-06T12:22:51.6069822Z /usr/bin/tar: ../../../../../usr/local/lib/android/sdk/platforms/android-34-ext11/data/res/values-nl-rNL: Cannot change mode to rwxr-xr-x: Operation not permitted
build	Cache Android SDK	2026-06-06T12:22:51.6072481Z /usr/bin/tar: ../../../../../usr/local/lib/android/sdk/platforms/android-34-ext11/data/res/values-mcc001-mnc01-es-rUS: Cannot utime: Operation not permitted
build	Cache Android SDK	2026-06-06T12:22:51.6072981Z /usr/bin/tar: ../../../../../usr/local/lib/android/sdk/platforms/android-34-ext11/data/res/values-mcc001-mnc01-es-rUS: Cannot change mode to rwxr-xr-x: Operation not permitted
build	Cache Android SDK	2026-06-06T12:22:51.6075743Z /usr/bin/tar: ../../../../../usr/local/lib/android/sdk/platforms/android-34-ext11/data/res/values-mcc302-mnc370-gu: Cannot utime: Operation not permitted
build	Cache Android SDK	2026-06-06T12:22:51.6076229Z /usr/bin/tar: ../../../../../usr/local/lib/android/sdk/platforms/android-34-ext11/data/res/values-mcc302-mnc370-gu: Cannot change mode to rwxr-xr-x: Operation not permitted
build	Cache Android SDK	2026-06-06T12:22:51.6079830Z /usr/bin/tar: ../../../../../usr/local/lib/android/sdk/platforms/android-34-ext11/data/res/values-mcc310-mnc490-b+sr+Latn: Cannot utime: Operation not permitted
build	Cache Android SDK	2026-06-06T12:22:51.6080361Z /usr/bin/tar: ../../../../../usr/local/lib/android/sdk/platforms/android-34-ext11/data/res/values-mcc310-mnc490-b+sr+Latn: Cannot change mode to rwxr-xr-x: Operation not permitted
build	Cache Android SDK	2026-06-06T12:22:51.6082979Z /usr/bin/tar: ../../../../../usr/local/lib/android/sdk/platforms/android-34-ext11/data/res/values-mcc310-mnc950-uk: Cannot utime: Operation not permitted
build	Cache Android SDK	2026-06-06T12:22:51.6083572Z /usr/bin/tar: ../../../../../usr/local/lib/android/sdk/platforms/android-34-ext11/data/res/values-mcc310-mnc950-uk: Cannot change mode to rwxr-xr-x: Operation not permitted
build	Cache Android SDK	2026-06-06T12:22:51.6086280Z /usr/bin/tar: ../../../../../usr/local/lib/android/sdk/platforms/android-34-ext11/data/res/values-mcc310-mnc660-ml: Cannot utime: Operation not permitted
build	Cache Android SDK	2026-06-06T12:22:51.6086752Z /usr/bin/tar: ../../../../../usr/local/lib/android/sdk/platforms/android-34-ext11/data/res/values-mcc310-mnc660-ml: Cannot change mode to rwxr-xr-x: Operation not permitted
build	Cache Android SDK	2026-06-06T12:22:51.6089162Z /usr/bin/tar: ../../../../../usr/local/lib/android/sdk/platforms/android-34-ext11/data/res/values-mcc314: Cannot utime: Operation not permitted
build	Cache Android SDK	2026-06-06T12:22:51.6089842Z /usr/bin/tar: ../../../../../usr/local/lib/android/sdk/platforms/android-34-ext11/data/res/values-mcc314: Cannot change mode to rwxr-xr-x: Operation not permitted
build	Cache Android SDK	2026-06-06T12:22:51.6093309Z /usr/bin/tar: ../../../../../usr/local/lib/android/sdk/platforms/android-34-ext11/data/res/values-mcc310-mnc200-te: Cannot utime: Operation not permitted
build	Cache Android SDK	2026-06-06T12:22:51.6093792Z /usr/bin/tar: ../../../../../usr/local/lib/android/sdk/platforms/android-34-ext11/data/res/values-mcc310-mnc200-te: Cannot change mode to rwxr-xr-x: Operation not permitted
build	Cache Android SDK	2026-06-06T12:22:51.6096829Z /usr/bin/tar: ../../../../../usr/local/lib/android/sdk/platforms/android-34-ext11/data/res/values-mcc311-mnc180-nb: Cannot utime: Operation not permitted
build	Cache Android SDK	2026-06-06T12:22:51.6097311Z /usr/bin/tar: ../../../../../usr/local/lib/android/sdk/platforms/android-34-ext11/data/res/values-mcc311-mnc180-nb: Cannot change mode to rwxr-xr-x: Operation not permitted
build	Cache Android SDK	2026-06-06T12:22:51.6099771Z /usr/bin/tar: ../../../../../usr/local/lib/android/sdk/platforms/android-34-ext11/data/res/values-mcc310-mnc250-zh-rHK: Cannot utime: Operation not permitted
build	Cache Android SDK	2026-06-06T12:22:51.6100277Z /usr/bin/tar: ../../../../../usr/local/lib/android/sdk/platforms/android-34-ext11/data/res/values-mcc310-mnc250-zh-rHK: Cannot change mode to rwxr-xr-x: Operation not permitted
build	Cache Android SDK	2026-06-06T12:22:51.6102390Z /usr/bin/tar: ../../../../../usr/local/lib/android/sdk/platforms/android-34-ext11/data/res/values-mcc310-mnc310-lo: Cannot utime: Operation not permitted
build	Cache Android SDK	2026-06-06T12:22:51.6102866Z /usr/bin/tar: ../../../../../usr/local/lib/android/sdk/platforms/android-34-ext11/data/res/values-mcc310-mnc310-lo: Cannot change mode to rwxr-xr-x: Operation not permitted
build	Cache Android SDK	2026-06-06T12:22:51.6105314Z /usr/bin/tar: ../../../../../usr/local/lib/android/sdk/platforms/android-34-ext11/data/res/values-mcc001-mnc01-pt-rBR: Cannot utime: Operation not permitted
build	Cache Android SDK	2026-06-06T12:22:51.6105815Z /usr/bin/tar: ../../../../../usr/local/lib/android/sdk/platforms/android-34-ext11/data/res/values-mcc001-mnc01-pt-rBR: Cannot change mode to rwxr-xr-x: Operation not permitted
build	Cache Android SDK	2026-06-06T12:22:51.6108670Z /usr/bin/tar: ../../../../../usr/local/lib/android/sdk/platforms/android-34-ext11/data/res/values-mcc310-mnc660-ja: Cannot utime: Operation not permitted
build	Cache Android SDK	2026-06-06T12:22:51.6109561Z /usr/bin/tar: ../../../../../usr/local/lib/android/sdk/platforms/android-34-ext11/data/res/values-mcc310-mnc660-ja: Cannot change mode to rwxr-xr-x: Operation not permitted
build	Cache Android SDK	2026-06-06T12:22:51.6112092Z /usr/bin/tar: ../../../../../usr/local/lib/android/sdk/platforms/android-34-ext11/data/res/values-mcc310-mnc280-bg: Cannot utime: Operation not permitted
build	Cache Android SDK	2026-06-06T12:22:51.6112565Z /usr/bin/tar: ../../../../../usr/local/lib/android/sdk/platforms/android-34-ext11/data/res/values-mcc310-mnc280-bg: Cannot change mode to rwxr-xr-x: Operation not permitted
build	Cache Android SDK	2026-06-06T12:22:51.6114365Z /usr/bin/tar: ../../../../../usr/local/lib/android/sdk/platforms/android-34-ext11/data/res/values-mcc310-mnc800-am: Cannot utime: Operation not permitted
build	Cache Android SDK	2026-06-06T12:22:51.6114836Z /usr/bin/tar: ../../../../../usr/local/lib/android/sdk/platforms/android-34-ext11/data/res/values-mcc310-mnc800-am: Cannot change mode to rwxr-xr-x: Operation not permitted
build	Cache Android SDK	2026-06-06T12:22:51.6117534Z /usr/bin/tar: ../../../../../usr/local/lib/android/sdk/platforms/android-34-ext11/data/res/values-mcc310-mnc170-vi: Cannot utime: Operation not permitted
build	Cache Android SDK	2026-06-06T12:22:51.6118001Z /usr/bin/tar: ../../../../../usr/local/lib/android/sdk/platforms/android-34-ext11/data/res/values-mcc310-mnc170-vi: Cannot change mode to rwxr-xr-x: Operation not permitted
build	Cache Android SDK	2026-06-06T12:22:51.6120587Z /usr/bin/tar: ../../../../../usr/local/lib/android/sdk/platforms/android-34-ext11/data/res/values-mcc310-mnc310-zu: Cannot utime: Operation not permitted
build	Cache Android SDK	2026-06-06T12:22:51.6121120Z /usr/bin/tar: ../../../../../usr/local/lib/android/sdk/platforms/android-34-ext11/data/res/values-mcc310-mnc310-zu: Cannot change mode to rwxr-xr-x: Operation not permitted
build	Cache Android SDK	2026-06-06T12:22:51.6123881Z /usr/bin/tar: ../../../../../usr/local/lib/android/sdk/platforms/android-34-ext11/data/res/values-mcc310-mnc160-bs: Cannot utime: Operation not permitted
build	Cache Android SDK	2026-06-06T12:22:51.6124348Z /usr/bin/tar: ../../../../../usr/local/lib/android/sdk/platforms/android-34-ext11/data/res/values-mcc310-mnc160-bs: Cannot change mode to rwxr-xr-x: Operation not permitted
build	Cache Android SDK	2026-06-06T12:22:51.6127711Z /usr/bin/tar: ../../../../../usr/local/lib/android/sdk/platforms/android-34-ext11/data/res/anim-watch: Cannot utime: Operation not permitted
build	Cache Android SDK	2026-06-06T12:22:51.6128145Z /usr/bin/tar: ../../../../../usr/local/lib/android/sdk/platforms/android-34-ext11/data/res/anim-watch: Cannot change mode to rwxr-xr-x: Operation not permitted
build	Cache Android SDK	2026-06-06T12:22:51.6130910Z /usr/bin/tar: ../../../../../usr/local/lib/android/sdk/platforms/android-34-ext11/data/res/values-mcc334-mnc020-en-rCA: Cannot utime: Operation not permitted
build	Cache Android SDK	2026-06-06T12:22:51.6131398Z /usr/bin/tar: ../../../../../usr/local/lib/android/sdk/platforms/android-34-ext11/data/res/values-mcc334-mnc020-en-rCA: Cannot change mode to rwxr-xr-x: Operation not permitted
build	Cache Android SDK	2026-06-06T12:22:51.6134186Z /usr/bin/tar: ../../../../../usr/local/lib/android/sdk/platforms/android-34-ext11/data/res/values-lv-television: Cannot utime: Operation not permitted
build	Cache Android SDK	2026-06-06T12:22:51.6134665Z /usr/bin/tar: ../../../../../usr/local/lib/android/sdk/platforms/android-34-ext11/data/res/values-lv-television: Cannot change mode to rwxr-xr-x: Operation not permitted
build	Cache Android SDK	2026-06-06T12:22:51.6137758Z /usr/bin/tar: ../../../../../usr/local/lib/android/sdk/platforms/android-34-ext11/data/res/values-mcc310-mnc210-ko: Cannot utime: Operation not permitted
build	Cache Android SDK	2026-06-06T12:22:51.6138230Z /usr/bin/tar: ../../../../../usr/local/lib/android/sdk/platforms/android-34-ext11/data/res/values-mcc310-mnc210-ko: Cannot change mode to rwxr-xr-x: Operation not permitted
build	Cache Android SDK	2026-06-06T12:22:51.6140386Z /usr/bin/tar: ../../../../../usr/local/lib/android/sdk/platforms/android-34-ext11/data/res/values-mcc310-mnc150-fr-rCA: Cannot utime: Operation not permitted
build	Cache Android SDK	2026-06-06T12:22:51.6140869Z /usr/bin/tar: ../../../../../usr/local/lib/android/sdk/platforms/android-34-ext11/data/res/values-mcc310-mnc150-fr-rCA: Cannot change mode to rwxr-xr-x: Operation not permitted
build	Cache Android SDK	2026-06-06T12:22:51.6143546Z /usr/bin/tar: ../../../../../usr/local/lib/android/sdk/platforms/android-34-ext11/data/res/values-mcc310-mnc030-pt-rBR: Cannot utime: Operation not permitted
build	Cache Android SDK	2026-06-06T12:22:51.6144030Z /usr/bin/tar: ../../../../../usr/local/lib/android/sdk/platforms/android-34-ext11/data/res/values-mcc310-mnc030-pt-rBR: Cannot change mode to rwxr-xr-x: Operation not permitted
build	Cache Android SDK	2026-06-06T12:22:51.6146307Z /usr/bin/tar: ../../../../../usr/local/lib/android/sdk/platforms/android-34-ext11/data/res/values-mcc334-mnc020-lv: Cannot utime: Operation not permitted
build	Cache Android SDK	2026-06-06T12:22:51.6146775Z /usr/bin/tar: ../../../../../usr/local/lib/android/sdk/platforms/android-34-ext11/data/res/values-mcc334-mnc020-lv: Cannot change mode to rwxr-xr-x: Operation not permitted
build	Cache Android SDK	2026-06-06T12:22:51.6150482Z /usr/bin/tar: ../../../../../usr/local/lib/android/sdk/platforms/android-34-ext11/data/res/values-hr-watch: Cannot utime: Operation not permitted
build	Cache Android SDK	2026-06-06T12:22:51.6150998Z /usr/bin/tar: ../../../../../usr/local/lib/android/sdk/platforms/android-34-ext11/data/res/values-hr-watch: Cannot change mode to rwxr-xr-x: Operation not permitted
build	Cache Android SDK	2026-06-06T12:22:51.6155805Z /usr/bin/tar: ../../../../../usr/local/lib/android/sdk/platforms/android-34-ext11/data/res/values-mcc310-mnc380-lo: Cannot utime: Operation not permitted
build	Cache Android SDK	2026-06-06T12:22:51.6156491Z /usr/bin/tar: ../../../../../usr/local/lib/android/sdk/platforms/android-34-ext11/data/res/values-mcc310-mnc380-lo: Cannot change mode to rwxr-xr-x: Operation not permitted
build	Cache Android SDK	2026-06-06T12:22:51.6159263Z /usr/bin/tar: ../../../../../usr/local/lib/android/sdk/platforms/android-34-ext11/data/res/values-mcc311-mnc180-mk: Cannot utime: Operation not permitted
build	Cache Android SDK	2026-06-06T12:22:51.6159882Z /usr/bin/tar: ../../../../../usr/local/lib/android/sdk/platforms/android-34-ext11/data/res/values-mcc311-mnc180-mk: Cannot change mode to rwxr-xr-x: Operation not permitted
build	Cache Android SDK	2026-06-06T12:22:51.6162696Z /usr/bin/tar: ../../../../../usr/local/lib/android/sdk/platforms/android-34-ext11/data/res/values-mcc310-mnc170-ro: Cannot utime: Operation not permitted
build	Cache Android SDK	2026-06-06T12:22:51.6163184Z /usr/bin/tar: ../../../../../usr/local/lib/android/sdk/platforms/android-34-ext11/data/res/values-mcc310-mnc170-ro: Cannot change mode to rwxr-xr-x: Operation not permitted
build	Cache Android SDK	2026-06-06T12:22:51.6165961Z /usr/bin/tar: ../../../../../usr/local/lib/android/sdk/platforms/android-34-ext11/data/res/values-mcc310-mnc200-bn: Cannot utime: Operation not permitted
build	Cache Android SDK	2026-06-06T12:22:51.6166448Z /usr/bin/tar: ../../../../../usr/local/lib/android/sdk/platforms/android-34-ext11/data/res/values-mcc310-mnc200-bn: Cannot change mode to rwxr-xr-x: Operation not permitted
build	Cache Android SDK	2026-06-06T12:22:51.6169033Z /usr/bin/tar: ../../../../../usr/local/lib/android/sdk/platforms/android-34-ext11/data/res/values-mcc310-mnc250: Cannot utime: Operation not permitted
build	Cache Android SDK	2026-06-06T12:22:51.6169611Z /usr/bin/tar: ../../../../../usr/local/lib/android/sdk/platforms/android-34-ext11/data/res/values-mcc310-mnc250: Cannot change mode to rwxr-xr-x: Operation not permitted
build	Cache Android SDK	2026-06-06T12:22:51.6172222Z /usr/bin/tar: ../../../../../usr/local/lib/android/sdk/platforms/android-34-ext11/data/res/values-mcc310-mnc660-ru: Cannot utime: Operation not permitted
build	Cache Android SDK	2026-06-06T12:22:51.6172705Z /usr/bin/tar: ../../../../../usr/local/lib/android/sdk/platforms/android-34-ext11/data/res/values-mcc310-mnc660-ru: Cannot change mode to rwxr-xr-x: Operation not permitted
build	Cache Android SDK	2026-06-06T12:22:51.6175277Z /usr/bin/tar: ../../../../../usr/local/lib/android/sdk/platforms/android-34-ext11/data/res/values-mcc310-mnc220-pa: Cannot utime: Operation not permitted
build	Cache Android SDK	2026-06-06T12:22:51.6175778Z /usr/bin/tar: ../../../../../usr/local/lib/android/sdk/platforms/android-34-ext11/data/res/values-mcc310-mnc220-pa: Cannot change mode to rwxr-xr-x: Operation not permitted
build	Cache Android SDK	2026-06-06T12:22:51.6178269Z /usr/bin/tar: ../../../../../usr/local/lib/android/sdk/platforms/android-34-ext11/data/res/values-mcc310-mnc800-ja: Cannot utime: Operation not permitted
build	Cache Android SDK	2026-06-06T12:22:51.6178751Z /usr/bin/tar: ../../../../../usr/local/lib/android/sdk/platforms/android-34-ext11/data/res/values-mcc310-mnc800-ja: Cannot change mode to rwxr-xr-x: Operation not permitted
build	Cache Android SDK	2026-06-06T12:22:51.6181572Z /usr/bin/tar: ../../../../../usr/local/lib/android/sdk/platforms/android-34-ext11/data/res/values-mcc310-mnc490-is: Cannot utime: Operation not permitted
build	Cache Android SDK	2026-06-06T12:22:51.6182050Z /usr/bin/tar: ../../../../../usr/local/lib/android/sdk/platforms/android-34-ext11/data/res/values-mcc310-mnc490-is: Cannot change mode to rwxr-xr-x: Operation not permitted
build	Cache Android SDK	2026-06-06T12:22:51.6184565Z /usr/bin/tar: ../../../../../usr/local/lib/android/sdk/platforms/android-34-ext11/data/res/values-mcc302-mnc720-fi: Cannot utime: Operation not permitted
build	Cache Android SDK	2026-06-06T12:22:51.6185059Z /usr/bin/tar: ../../../../../usr/local/lib/android/sdk/platforms/android-34-ext11/data/res/values-mcc302-mnc720-fi: Cannot change mode to rwxr-xr-x: Operation not permitted
build	Cache Android SDK	2026-06-06T12:22:51.6187694Z /usr/bin/tar: ../../../../../usr/local/lib/android/sdk/platforms/android-34-ext11/data/res/values-mcc310-mnc270-mn: Cannot utime: Operation not permitted
build	Cache Android SDK	2026-06-06T12:22:51.6188303Z /usr/bin/tar: ../../../../../usr/local/lib/android/sdk/platforms/android-34-ext11/data/res/values-mcc310-mnc270-mn: Cannot change mode to rwxr-xr-x: Operation not permitted
build	Cache Android SDK	2026-06-06T12:22:51.6190794Z /usr/bin/tar: ../../../../../usr/local/lib/android/sdk/platforms/android-34-ext11/data/res/values-mcc312-mnc670-ar: Cannot utime: Operation not permitted
build	Cache Android SDK	2026-06-06T12:22:51.6191275Z /usr/bin/tar: ../../../../../usr/local/lib/android/sdk/platforms/android-34-ext11/data/res/values-mcc312-mnc670-ar: Cannot change mode to rwxr-xr-x: Operation not permitted
build	Cache Android SDK	2026-06-06T12:22:51.6193634Z /usr/bin/tar: ../../../../../usr/local/lib/android/sdk/platforms/android-34-ext11/data/res/values-mcc313-mnc100-hu: Cannot utime: Operation not permitted
build	Cache Android SDK	2026-06-06T12:22:51.6194192Z /usr/bin/tar: ../../../../../usr/local/lib/android/sdk/platforms/android-34-ext11/data/res/values-mcc313-mnc100-hu: Cannot change mode to rwxr-xr-x: Operation not permitted
build	Cache Android SDK	2026-06-06T12:22:51.6197299Z /usr/bin/tar: ../../../../../usr/local/lib/android/sdk/platforms/android-34-ext11/data/res/values-in-television: Cannot utime: Operation not permitted
build	Cache Android SDK	2026-06-06T12:22:51.6197964Z /usr/bin/tar: ../../../../../usr/local/lib/android/sdk/platforms/android-34-ext11/data/res/values-in-television: Cannot change mode to rwxr-xr-x: Operation not permitted
build	Cache Android SDK	2026-06-06T12:22:51.6204701Z /usr/bin/tar: ../../../../../usr/local/lib/android/sdk/platforms/android-34-ext11/data/res/values-or: Cannot utime: Operation not permitted
build	Cache Android SDK	2026-06-06T12:22:51.6205145Z /usr/bin/tar: ../../../../../usr/local/lib/android/sdk/platforms/android-34-ext11/data/res/values-or: Cannot change mode to rwxr-xr-x: Operation not permitted
build	Cache Android SDK	2026-06-06T12:22:51.6207967Z /usr/bin/tar: ../../../../../usr/local/lib/android/sdk/platforms/android-34-ext11/data/res/values-mcc310-mnc230-b+sr+Latn: Cannot utime: Operation not permitted
build	Cache Android SDK	2026-06-06T12:22:51.6208482Z /usr/bin/tar: ../../../../../usr/local/lib/android/sdk/platforms/android-34-ext11/data/res/values-mcc310-mnc230-b+sr+Latn: Cannot change mode to rwxr-xr-x: Operation not permitted
build	Cache Android SDK	2026-06-06T12:22:51.6210932Z /usr/bin/tar: ../../../../../usr/local/lib/android/sdk/platforms/android-34-ext11/data/res/values-mcc222-mnc10: Cannot utime: Operation not permitted
build	Cache Android SDK	2026-06-06T12:22:51.6211407Z /usr/bin/tar: ../../../../../usr/local/lib/android/sdk/platforms/android-34-ext11/data/res/values-mcc222-mnc10: Cannot change mode to rwxr-xr-x: Operation not permitted
build	Cache Android SDK	2026-06-06T12:22:51.6214721Z /usr/bin/tar: ../../../../../usr/local/lib/android/sdk/platforms/android-34-ext11/data/res/values-mcc310-mnc310-ru: Cannot utime: Operation not permitted
build	Cache Android SDK	2026-06-06T12:22:51.6215215Z /usr/bin/tar: ../../../../../usr/local/lib/android/sdk/platforms/android-34-ext11/data/res/values-mcc310-mnc310-ru: Cannot change mode to rwxr-xr-x: Operation not permitted
build	Cache Android SDK	2026-06-06T12:22:51.6217950Z /usr/bin/tar: ../../../../../usr/local/lib/android/sdk/platforms/android-34-ext11/data/res/values-mcc310-mnc240-sk: Cannot utime: Operation not permitted
build	Cache Android SDK	2026-06-06T12:22:51.6218497Z /usr/bin/tar: ../../../../../usr/local/lib/android/sdk/platforms/android-34-ext11/data/res/values-mcc310-mnc240-sk: Cannot change mode to rwxr-xr-x: Operation not permitted
build	Cache Android SDK	2026-06-06T12:22:51.6220799Z /usr/bin/tar: ../../../../../usr/local/lib/android/sdk/platforms/android-34-ext11/data/res/values-mcc310-mnc210-fa: Cannot utime: Operation not permitted
build	Cache Android SDK	2026-06-06T12:22:51.6221272Z /usr/bin/tar: ../../../../../usr/local/lib/android/sdk/platforms/android-34-ext11/data/res/values-mcc310-mnc210-fa: Cannot change mode to rwxr-xr-x: Operation not permitted
build	Cache Android SDK	2026-06-06T12:22:51.6223948Z /usr/bin/tar: ../../../../../usr/local/lib/android/sdk/platforms/android-34-ext11/data/res/values-mcc310-mnc200-et: Cannot utime: Operation not permitted
build	Cache Android SDK	2026-06-06T12:22:51.6224416Z /usr/bin/tar: ../../../../../usr/local/lib/android/sdk/platforms/android-34-ext11/data/res/values-mcc310-mnc200-et: Cannot change mode to rwxr-xr-x: Operation not permitted
build	Cache Android SDK	2026-06-06T12:22:51.6230837Z /usr/bin/tar: ../../../../../usr/local/lib/android/sdk/platforms/android-34-ext11/data/res/values-ko: Cannot utime: Operation not permitted
build	Cache Android SDK	2026-06-06T12:22:51.6231367Z /usr/bin/tar: ../../../../../usr/local/lib/android/sdk/platforms/android-34-ext11/data/res/values-ko: Cannot change mode to rwxr-xr-x: Operation not permitted
build	Cache Android SDK	2026-06-06T12:22:51.6233787Z /usr/bin/tar: ../../../../../usr/local/lib/android/sdk/platforms/android-34-ext11/data/res/values-en-rAU-television: Cannot utime: Operation not permitted
build	Cache Android SDK	2026-06-06T12:22:51.6234322Z /usr/bin/tar: ../../../../../usr/local/lib/android/sdk/platforms/android-34-ext11/data/res/values-en-rAU-television: Cannot change mode to rwxr-xr-x: Operation not permitted
build	Cache Android SDK	2026-06-06T12:22:51.6236744Z /usr/bin/tar: ../../../../../usr/local/lib/android/sdk/platforms/android-34-ext11/data/res/values-hy-watch: Cannot utime: Operation not permitted
build	Cache Android SDK	2026-06-06T12:22:51.6237293Z /usr/bin/tar: ../../../../../usr/local/lib/android/sdk/platforms/android-34-ext11/data/res/values-hy-watch: Cannot change mode to rwxr-xr-x: Operation not permitted
build	Cache Android SDK	2026-06-06T12:22:51.6239668Z /usr/bin/tar: ../../../../../usr/local/lib/android/sdk/platforms/android-34-ext11/data/res/values-mcc311-mnc180-kn: Cannot utime: Operation not permitted
build	Cache Android SDK	2026-06-06T12:22:51.6240191Z /usr/bin/tar: ../../../../../usr/local/lib/android/sdk/platforms/android-34-ext11/data/res/values-mcc311-mnc180-kn: Cannot change mode to rwxr-xr-x: Operation not permitted
build	Cache Android SDK	2026-06-06T12:22:51.6242977Z /usr/bin/tar: ../../../../../usr/local/lib/android/sdk/platforms/android-34-ext11/data/res/values-mcc310-mnc210-pl: Cannot utime: Operation not permitted
build	Cache Android SDK	2026-06-06T12:22:51.6243531Z /usr/bin/tar: ../../../../../usr/local/lib/android/sdk/platforms/android-34-ext11/data/res/values-mcc310-mnc210-pl: Cannot change mode to rwxr-xr-x: Operation not permitted
build	Cache Android SDK	2026-06-06T12:22:51.6246007Z /usr/bin/tar: ../../../../../usr/local/lib/android/sdk/platforms/android-34-ext11/data/res/values-mcc310-mnc230-is: Cannot utime: Operation not permitted
build	Cache Android SDK	2026-06-06T12:22:51.6246472Z /usr/bin/tar: ../../../../../usr/local/lib/android/sdk/platforms/android-34-ext11/data/res/values-mcc310-mnc230-is: Cannot change mode to rwxr-xr-x: Operation not permitted
build	Cache Android SDK	2026-06-06T12:22:51.6248875Z /usr/bin/tar: ../../../../../usr/local/lib/android/sdk/platforms/android-34-ext11/data/res/values-mcc712-mnc04: Cannot utime: Operation not permitted
build	Cache Android SDK	2026-06-06T12:22:51.6249446Z /usr/bin/tar: ../../../../../usr/local/lib/android/sdk/platforms/android-34-ext11/data/res/values-mcc712-mnc04: Cannot change mode to rwxr-xr-x: Operation not permitted
build	Cache Android SDK	2026-06-06T12:22:51.6252228Z /usr/bin/tar: ../../../../../usr/local/lib/android/sdk/platforms/android-34-ext11/data/res/values-mcc310-mnc490-ur: Cannot utime: Operation not permitted
build	Cache Android SDK	2026-06-06T12:22:51.6252706Z /usr/bin/tar: ../../../../../usr/local/lib/android/sdk/platforms/android-34-ext11/data/res/values-mcc310-mnc490-ur: Cannot change mode to rwxr-xr-x: Operation not permitted
build	Cache Android SDK	2026-06-06T12:22:51.6255038Z /usr/bin/tar: ../../../../../usr/local/lib/android/sdk/platforms/android-34-ext11/data/res/values-mcc311-mnc180-sl: Cannot utime: Operation not permitted
build	Cache Android SDK	2026-06-06T12:22:51.6255519Z /usr/bin/tar: ../../../../../usr/local/lib/android/sdk/platforms/android-34-ext11/data/res/values-mcc311-mnc180-sl: Cannot change mode to rwxr-xr-x: Operation not permitted
build	Cache Android SDK	2026-06-06T12:22:51.6258322Z /usr/bin/tar: ../../../../../usr/local/lib/android/sdk/platforms/android-34-ext11/data/res/values-mcc310-mnc170-mk: Cannot utime: Operation not permitted
build	Cache Android SDK	2026-06-06T12:22:51.6258831Z /usr/bin/tar: ../../../../../usr/local/lib/android/sdk/platforms/android-34-ext11/data/res/values-mcc310-mnc170-mk: Cannot change mode to rwxr-xr-x: Operation not permitted
build	Cache Android SDK	2026-06-06T12:22:51.6261306Z /usr/bin/tar: ../../../../../usr/local/lib/android/sdk/platforms/android-34-ext11/data/res/values-mcc310-mnc950-th: Cannot utime: Operation not permitted
build	Cache Android SDK	2026-06-06T12:22:51.6261823Z /usr/bin/tar: ../../../../../usr/local/lib/android/sdk/platforms/android-34-ext11/data/res/values-mcc310-mnc950-th: Cannot change mode to rwxr-xr-x: Operation not permitted
build	Cache Android SDK	2026-06-06T12:22:51.6264383Z /usr/bin/tar: ../../../../../usr/local/lib/android/sdk/platforms/android-34-ext11/data/res/values-mcc310-mnc660-nb: Cannot utime: Operation not permitted
build	Cache Android SDK	2026-06-06T12:22:51.6264877Z /usr/bin/tar: ../../../../../usr/local/lib/android/sdk/platforms/android-34-ext11/data/res/values-mcc310-mnc660-nb: Cannot change mode to rwxr-xr-x: Operation not permitted
build	Cache Android SDK	2026-06-06T12:22:51.6267546Z /usr/bin/tar: ../../../../../usr/local/lib/android/sdk/platforms/android-34-ext11/data/res/values-mcc310-mnc030-pa: Cannot utime: Operation not permitted
build	Cache Android SDK	2026-06-06T12:22:51.6268119Z /usr/bin/tar: ../../../../../usr/local/lib/android/sdk/platforms/android-34-ext11/data/res/values-mcc310-mnc030-pa: Cannot change mode to rwxr-xr-x: Operation not permitted
build	Cache Android SDK	2026-06-06T12:22:51.6270832Z /usr/bin/tar: ../../../../../usr/local/lib/android/sdk/platforms/android-34-ext11/data/res/values-gu-watch: Cannot utime: Operation not permitted
build	Cache Android SDK	2026-06-06T12:22:51.6271320Z /usr/bin/tar: ../../../../../usr/local/lib/android/sdk/platforms/android-34-ext11/data/res/values-gu-watch: Cannot change mode to rwxr-xr-x: Operation not permitted
build	Cache Android SDK	2026-06-06T12:22:51.6273402Z /usr/bin/tar: ../../../../../usr/local/lib/android/sdk/platforms/android-34-ext11/data/res/values-mcc310-mnc660-si: Cannot utime: Operation not permitted
build	Cache Android SDK	2026-06-06T12:22:51.6273878Z /usr/bin/tar: ../../../../../usr/local/lib/android/sdk/platforms/android-34-ext11/data/res/values-mcc310-mnc660-si: Cannot change mode to rwxr-xr-x: Operation not permitted
build	Cache Android SDK	2026-06-06T12:22:51.6276637Z /usr/bin/tar: ../../../../../usr/local/lib/android/sdk/platforms/android-34-ext11/data/res/values-mcc310-mnc380-eu: Cannot utime: Operation not permitted
build	Cache Android SDK	2026-06-06T12:22:51.6277228Z /usr/bin/tar: ../../../../../usr/local/lib/android/sdk/platforms/android-34-ext11/data/res/values-mcc310-mnc380-eu: Cannot change mode to rwxr-xr-x: Operation not permitted
build	Cache Android SDK	2026-06-06T12:22:51.6279532Z /usr/bin/tar: ../../../../../usr/local/lib/android/sdk/platforms/android-34-ext11/data/res/values-mcc334-mnc020-pa: Cannot utime: Operation not permitted
build	Cache Android SDK	2026-06-06T12:22:51.6280015Z /usr/bin/tar: ../../../../../usr/local/lib/android/sdk/platforms/android-34-ext11/data/res/values-mcc334-mnc020-pa: Cannot change mode to rwxr-xr-x: Operation not permitted
build	Cache Android SDK	2026-06-06T12:22:51.6282658Z /usr/bin/tar: ../../../../../usr/local/lib/android/sdk/platforms/android-34-ext11/data/res/values-mcc310-mnc560-fr: Cannot utime: Operation not permitted
build	Cache Android SDK	2026-06-06T12:22:51.6283133Z /usr/bin/tar: ../../../../../usr/local/lib/android/sdk/platforms/android-34-ext11/data/res/values-mcc310-mnc560-fr: Cannot change mode to rwxr-xr-x: Operation not permitted
build	Cache Android SDK	2026-06-06T12:22:51.6285627Z /usr/bin/tar: ../../../../../usr/local/lib/android/sdk/platforms/android-34-ext11/data/res/values-mcc334-mnc020-pt-rBR: Cannot utime: Operation not permitted
build	Cache Android SDK	2026-06-06T12:22:51.6286134Z /usr/bin/tar: ../../../../../usr/local/lib/android/sdk/platforms/android-34-ext11/data/res/values-mcc334-mnc020-pt-rBR: Cannot change mode to rwxr-xr-x: Operation not permitted
build	Cache Android SDK	2026-06-06T12:22:51.6289609Z /usr/bin/tar: ../../../../../usr/local/lib/android/sdk/platforms/android-34-ext11/data/res/values-mcc313-mnc100-ur: Cannot utime: Operation not permitted
build	Cache Android SDK	2026-06-06T12:22:51.6290081Z /usr/bin/tar: ../../../../../usr/local/lib/android/sdk/platforms/android-34-ext11/data/res/values-mcc313-mnc100-ur: Cannot change mode to rwxr-xr-x: Operation not permitted
build	Cache Android SDK	2026-06-06T12:22:51.6292274Z /usr/bin/tar: ../../../../../usr/local/lib/android/sdk/platforms/android-34-ext11/data/res/values-mcc310-mnc230-ml: Cannot utime: Operation not permitted
build	Cache Android SDK	2026-06-06T12:22:51.6292763Z /usr/bin/tar: ../../../../../usr/local/lib/android/sdk/platforms/android-34-ext11/data/res/values-mcc310-mnc230-ml: Cannot change mode to rwxr-xr-x: Operation not permitted
build	Cache Android SDK	2026-06-06T12:22:51.6295870Z /usr/bin/tar: ../../../../../usr/local/lib/android/sdk/platforms/android-34-ext11/data/res/values-sr-rRS: Cannot utime: Operation not permitted
build	Cache Android SDK	2026-06-06T12:22:51.6296422Z /usr/bin/tar: ../../../../../usr/local/lib/android/sdk/platforms/android-34-ext11/data/res/values-sr-rRS: Cannot change mode to rwxr-xr-x: Operation not permitted
build	Cache Android SDK	2026-06-06T12:22:51.6299147Z /usr/bin/tar: ../../../../../usr/local/lib/android/sdk/platforms/android-34-ext11/data/res/values-mcc310-mnc160-cs: Cannot utime: Operation not permitted
build	Cache Android SDK	2026-06-06T12:22:51.6299627Z /usr/bin/tar: ../../../../../usr/local/lib/android/sdk/platforms/android-34-ext11/data/res/values-mcc310-mnc160-cs: Cannot change mode to rwxr-xr-x: Operation not permitted
build	Cache Android SDK	2026-06-06T12:22:51.6302244Z /usr/bin/tar: ../../../../../usr/local/lib/android/sdk/platforms/android-34-ext11/data/res/values-mcc240-mnc01: Cannot utime: Operation not permitted
build	Cache Android SDK	2026-06-06T12:22:51.6302815Z /usr/bin/tar: ../../../../../usr/local/lib/android/sdk/platforms/android-34-ext11/data/res/values-mcc240-mnc01: Cannot change mode to rwxr-xr-x: Operation not permitted
build	Cache Android SDK	2026-06-06T12:22:51.6305198Z /usr/bin/tar: ../../../../../usr/local/lib/android/sdk/platforms/android-34-ext11/data/res/values-mcc310-mnc800-fr: Cannot utime: Operation not permitted
build	Cache Android SDK	2026-06-06T12:22:51.6305667Z /usr/bin/tar: ../../../../../usr/local/lib/android/sdk/platforms/android-34-ext11/data/res/values-mcc310-mnc800-fr: Cannot change mode to rwxr-xr-x: Operation not permitted
build	Cache Android SDK	2026-06-06T12:22:51.6308510Z /usr/bin/tar: ../../../../../usr/local/lib/android/sdk/platforms/android-34-ext11/data/res/values-mcc310-mnc490-pt-rPT: Cannot utime: Operation not permitted
build	Cache Android SDK	2026-06-06T12:22:51.6309009Z /usr/bin/tar: ../../../../../usr/local/lib/android/sdk/platforms/android-34-ext11/data/res/values-mcc310-mnc490-pt-rPT: Cannot change mode to rwxr-xr-x: Operation not permitted
build	Cache Android SDK	2026-06-06T12:22:51.6311598Z /usr/bin/tar: ../../../../../usr/local/lib/android/sdk/platforms/android-34-ext11/data/res/values-mcc310-mnc160-bn: Cannot utime: Operation not permitted
build	Cache Android SDK	2026-06-06T12:22:51.6312073Z /usr/bin/tar: ../../../../../usr/local/lib/android/sdk/platforms/android-34-ext11/data/res/values-mcc310-mnc160-bn: Cannot change mode to rwxr-xr-x: Operation not permitted
build	Cache Android SDK	2026-06-06T12:22:51.6318833Z /usr/bin/tar: ../../../../../usr/local/lib/android/sdk/platforms/android-34-ext11/data/res/values-in: Cannot utime: Operation not permitted
build	Cache Android SDK	2026-06-06T12:22:51.6319319Z /usr/bin/tar: ../../../../../usr/local/lib/android/sdk/platforms/android-34-ext11/data/res/values-in: Cannot change mode to rwxr-xr-x: Operation not permitted
build	Cache Android SDK	2026-06-06T12:22:51.6322868Z /usr/bin/tar: ../../../../../usr/local/lib/android/sdk/platforms/android-34-ext11/data/res/values-mcc310-mnc220-kn: Cannot utime: Operation not permitted
build	Cache Android SDK	2026-06-06T12:22:51.6323356Z /usr/bin/tar: ../../../../../usr/local/lib/android/sdk/platforms/android-34-ext11/data/res/values-mcc310-mnc220-kn: Cannot change mode to rwxr-xr-x: Operation not permitted
build	Cache Android SDK	2026-06-06T12:22:51.6325825Z /usr/bin/tar: ../../../../../usr/local/lib/android/sdk/platforms/android-34-ext11/data/res/values-mcc214: Cannot utime: Operation not permitted
build	Cache Android SDK	2026-06-06T12:22:51.6326281Z /usr/bin/tar: ../../../../../usr/local/lib/android/sdk/platforms/android-34-ext11/data/res/values-mcc214: Cannot change mode to rwxr-xr-x: Operation not permitted
build	Cache Android SDK	2026-06-06T12:22:51.6329749Z /usr/bin/tar: ../../../../../usr/local/lib/android/sdk/platforms/android-34-ext11/data/res/values-mcc310-mnc660-zh-rTW: Cannot utime: Operation not permitted
build	Cache Android SDK	2026-06-06T12:22:51.6330252Z /usr/bin/tar: ../../../../../usr/local/lib/android/sdk/platforms/android-34-ext11/data/res/values-mcc310-mnc660-zh-rTW: Cannot change mode to rwxr-xr-x: Operation not permitted
build	Cache Android SDK	2026-06-06T12:22:51.6332474Z /usr/bin/tar: ../../../../../usr/local/lib/android/sdk/platforms/android-34-ext11/data/res/values-is-television: Cannot utime: Operation not permitted
build	Cache Android SDK	2026-06-06T12:22:51.6332964Z /usr/bin/tar: ../../../../../usr/local/lib/android/sdk/platforms/android-34-ext11/data/res/values-is-television: Cannot change mode to rwxr-xr-x: Operation not permitted
build	Cache Android SDK	2026-06-06T12:22:51.6340022Z /usr/bin/tar: ../../../../../usr/local/lib/android/sdk/platforms/android-34-ext11/data/res/values-en-rIN: Cannot utime: Operation not permitted
build	Cache Android SDK	2026-06-06T12:22:51.6340979Z /usr/bin/tar: ../../../../../usr/local/lib/android/sdk/platforms/android-34-ext11/data/res/values-en-rIN: Cannot change mode to rwxr-xr-x: Operation not permitted
build	Cache Android SDK	2026-06-06T12:22:51.6343491Z /usr/bin/tar: ../../../../../usr/local/lib/android/sdk/platforms/android-34-ext11/data/res/values-sw-watch: Cannot utime: Operation not permitted
build	Cache Android SDK	2026-06-06T12:22:51.6343956Z /usr/bin/tar: ../../../../../usr/local/lib/android/sdk/platforms/android-34-ext11/data/res/values-sw-watch: Cannot change mode to rwxr-xr-x: Operation not permitted
build	Cache Android SDK	2026-06-06T12:22:51.6347700Z /usr/bin/tar: ../../../../../usr/local/lib/android/sdk/platforms/android-34-ext11/data/res/values-mcc310-mnc270-sv: Cannot utime: Operation not permitted
build	Cache Android SDK	2026-06-06T12:22:51.6348346Z /usr/bin/tar: ../../../../../usr/local/lib/android/sdk/platforms/android-34-ext11/data/res/values-mcc310-mnc270-sv: Cannot change mode to rwxr-xr-x: Operation not permitted
build	Cache Android SDK	2026-06-06T12:22:51.6350834Z /usr/bin/tar: ../../../../../usr/local/lib/android/sdk/platforms/android-34-ext11/data/res/values-mcc310-mnc490-bg: Cannot utime: Operation not permitted
build	Cache Android SDK	2026-06-06T12:22:51.6351312Z /usr/bin/tar: ../../../../../usr/local/lib/android/sdk/platforms/android-34-ext11/data/res/values-mcc310-mnc490-bg: Cannot change mode to rwxr-xr-x: Operation not permitted
build	Cache Android SDK	2026-06-06T12:22:51.6354251Z /usr/bin/tar: ../../../../../usr/local/lib/android/sdk/platforms/android-34-ext11/data/res/values-mcc466-mnc11: Cannot utime: Operation not permitted
build	Cache Android SDK	2026-06-06T12:22:51.6354733Z /usr/bin/tar: ../../../../../usr/local/lib/android/sdk/platforms/android-34-ext11/data/res/values-mcc466-mnc11: Cannot change mode to rwxr-xr-x: Operation not permitted
build	Cache Android SDK	2026-06-06T12:22:51.6358018Z /usr/bin/tar: ../../../../../usr/local/lib/android/sdk/platforms/android-34-ext11/data/res/values-mcc310-mnc200-my: Cannot utime: Operation not permitted
build	Cache Android SDK	2026-06-06T12:22:51.6358503Z /usr/bin/tar: ../../../../../usr/local/lib/android/sdk/platforms/android-34-ext11/data/res/values-mcc310-mnc200-my: Cannot change mode to rwxr-xr-x: Operation not permitted
build	Cache Android SDK	2026-06-06T12:22:51.6362080Z /usr/bin/tar: ../../../../../usr/local/lib/android/sdk/platforms/android-34-ext11/data/res/values-mcc310-mnc210-ka: Cannot utime: Operation not permitted
build	Cache Android SDK	2026-06-06T12:22:51.6362563Z /usr/bin/tar: ../../../../../usr/local/lib/android/sdk/platforms/android-34-ext11/data/res/values-mcc310-mnc210-ka: Cannot change mode to rwxr-xr-x: Operation not permitted
build	Cache Android SDK	2026-06-06T12:22:51.6440724Z /usr/bin/tar: ../../../../../usr/local/lib/android/sdk/platforms/android-34-ext11/data/res/anim: Cannot utime: Operation not permitted
build	Cache Android SDK	2026-06-06T12:22:51.6441209Z /usr/bin/tar: ../../../../../usr/local/lib/android/sdk/platforms/android-34-ext11/data/res/anim: Cannot change mode to rwxr-xr-x: Operation not permitted
build	Cache Android SDK	2026-06-06T12:22:51.6443351Z /usr/bin/tar: ../../../../../usr/local/lib/android/sdk/platforms/android-34-ext11/data/res/values-mcc310-mnc560-sw: Cannot utime: Operation not permitted
build	Cache Android SDK	2026-06-06T12:22:51.6443844Z /usr/bin/tar: ../../../../../usr/local/lib/android/sdk/platforms/android-34-ext11/data/res/values-mcc310-mnc560-sw: Cannot change mode to rwxr-xr-x: Operation not permitted
build	Cache Android SDK	2026-06-06T12:22:51.6446302Z /usr/bin/tar: ../../../../../usr/local/lib/android/sdk/platforms/android-34-ext11/data/res/values-mcc310-mnc270-ka: Cannot utime: Operation not permitted
build	Cache Android SDK	2026-06-06T12:22:51.6446781Z /usr/bin/tar: ../../../../../usr/local/lib/android/sdk/platforms/android-34-ext11/data/res/values-mcc310-mnc270-ka: Cannot change mode to rwxr-xr-x: Operation not permitted
build	Cache Android SDK	2026-06-06T12:22:51.6449765Z /usr/bin/tar: ../../../../../usr/local/lib/android/sdk/platforms/android-34-ext11/data/res/values-mcc334-mnc020-af: Cannot utime: Operation not permitted
build	Cache Android SDK	2026-06-06T12:22:51.6450255Z /usr/bin/tar: ../../../../../usr/local/lib/android/sdk/platforms/android-34-ext11/data/res/values-mcc334-mnc020-af: Cannot change mode to rwxr-xr-x: Operation not permitted
build	Cache Android SDK	2026-06-06T12:22:51.6452794Z /usr/bin/tar: ../../../../../usr/local/lib/android/sdk/platforms/android-34-ext11/data/res/values-mcc310-mnc560-el: Cannot utime: Operation not permitted
build	Cache Android SDK	2026-06-06T12:22:51.6453262Z /usr/bin/tar: ../../../../../usr/local/lib/android/sdk/platforms/android-34-ext11/data/res/values-mcc310-mnc560-el: Cannot change mode to rwxr-xr-x: Operation not permitted
build	Cache Android SDK	2026-06-06T12:22:51.6457744Z /usr/bin/tar: ../../../../../usr/local/lib/android/sdk/platforms/android-34-ext11/data/res/layout-xlarge: Cannot utime: Operation not permitted
build	Cache Android SDK	2026-06-06T12:22:51.6458206Z /usr/bin/tar: ../../../../../usr/local/lib/android/sdk/platforms/android-34-ext11/data/res/layout-xlarge: Cannot change mode to rwxr-xr-x: Operation not permitted
build	Cache Android SDK	2026-06-06T12:22:51.6460478Z /usr/bin/tar: ../../../../../usr/local/lib/android/sdk/platforms/android-34-ext11/data/res/values-mcc001-mnc01-bn: Cannot utime: Operation not permitted
build	Cache Android SDK	2026-06-06T12:22:51.6461042Z /usr/bin/tar: ../../../../../usr/local/lib/android/sdk/platforms/android-34-ext11/data/res/values-mcc001-mnc01-bn: Cannot change mode to rwxr-xr-x: Operation not permitted
build	Cache Android SDK	2026-06-06T12:22:51.6463184Z /usr/bin/tar: ../../../../../usr/local/lib/android/sdk/platforms/android-34-ext11/data/res/values-mcc310-mnc270-zh-rCN: Cannot utime: Operation not permitted
build	Cache Android SDK	2026-06-06T12:22:51.6463835Z /usr/bin/tar: ../../../../../usr/local/lib/android/sdk/platforms/android-34-ext11/data/res/values-mcc310-mnc270-zh-rCN: Cannot change mode to rwxr-xr-x: Operation not permitted
build	Cache Android SDK	2026-06-06T12:22:51.6466422Z /usr/bin/tar: ../../../../../usr/local/lib/android/sdk/platforms/android-34-ext11/data/res/values-mcc302-mnc370-zu: Cannot utime: Operation not permitted
build	Cache Android SDK	2026-06-06T12:22:51.6466971Z /usr/bin/tar: ../../../../../usr/local/lib/android/sdk/platforms/android-34-ext11/data/res/values-mcc302-mnc370-zu: Cannot change mode to rwxr-xr-x: Operation not permitted
build	Cache Android SDK	2026-06-06T12:22:51.6468904Z /usr/bin/tar: ../../../../../usr/local/lib/android/sdk/platforms/android-34-ext11/data/res/values-mcc310-mnc210-ne: Cannot utime: Operation not permitted
build	Cache Android SDK	2026-06-06T12:22:51.6469390Z /usr/bin/tar: ../../../../../usr/local/lib/android/sdk/platforms/android-34-ext11/data/res/values-mcc310-mnc210-ne: Cannot change mode to rwxr-xr-x: Operation not permitted
build	Cache Android SDK	2026-06-06T12:22:51.6472843Z /usr/bin/tar: ../../../../../usr/local/lib/android/sdk/platforms/android-34-ext11/data/res/values-mcc302-mnc370-en-rIN: Cannot utime: Operation not permitted
build	Cache Android SDK	2026-06-06T12:22:51.6473338Z /usr/bin/tar: ../../../../../usr/local/lib/android/sdk/platforms/android-34-ext11/data/res/values-mcc302-mnc370-en-rIN: Cannot change mode to rwxr-xr-x: Operation not permitted
build	Cache Android SDK	2026-06-06T12:22:51.6476054Z /usr/bin/tar: ../../../../../usr/local/lib/android/sdk/platforms/android-34-ext11/data/res/values-ky-television: Cannot utime: Operation not permitted
build	Cache Android SDK	2026-06-06T12:22:51.6476529Z /usr/bin/tar: ../../../../../usr/local/lib/android/sdk/platforms/android-34-ext11/data/res/values-ky-television: Cannot change mode to rwxr-xr-x: Operation not permitted
build	Cache Android SDK	2026-06-06T12:22:51.6479158Z /usr/bin/tar: ../../../../../usr/local/lib/android/sdk/platforms/android-34-ext11/data/res/values-mcc310-mnc210-ms: Cannot utime: Operation not permitted
build	Cache Android SDK	2026-06-06T12:22:51.6479632Z /usr/bin/tar: ../../../../../usr/local/lib/android/sdk/platforms/android-34-ext11/data/res/values-mcc310-mnc210-ms: Cannot change mode to rwxr-xr-x: Operation not permitted
build	Cache Android SDK	2026-06-06T12:22:51.6482200Z /usr/bin/tar: ../../../../../usr/local/lib/android/sdk/platforms/android-34-ext11/data/res/values-mcc310-mnc210-hi: Cannot utime: Operation not permitted
build	Cache Android SDK	2026-06-06T12:22:51.6482683Z /usr/bin/tar: ../../../../../usr/local/lib/android/sdk/platforms/android-34-ext11/data/res/values-mcc310-mnc210-hi: Cannot change mode to rwxr-xr-x: Operation not permitted
build	Cache Android SDK	2026-06-06T12:22:51.6485247Z /usr/bin/tar: ../../../../../usr/local/lib/android/sdk/platforms/android-34-ext11/data/res/values-mcc310-mnc210-is: Cannot utime: Operation not permitted
build	Cache Android SDK	2026-06-06T12:22:51.6485723Z /usr/bin/tar: ../../../../../usr/local/lib/android/sdk/platforms/android-34-ext11/data/res/values-mcc310-mnc210-is: Cannot change mode to rwxr-xr-x: Operation not permitted
build	Cache Android SDK	2026-06-06T12:22:51.6488728Z /usr/bin/tar: ../../../../../usr/local/lib/android/sdk/platforms/android-34-ext11/data/res/values-mcc312-mnc670-tl: Cannot utime: Operation not permitted
build	Cache Android SDK	2026-06-06T12:22:51.6489200Z /usr/bin/tar: ../../../../../usr/local/lib/android/sdk/platforms/android-34-ext11/data/res/values-mcc312-mnc670-tl: Cannot change mode to rwxr-xr-x: Operation not permitted
build	Cache Android SDK	2026-06-06T12:22:51.6493832Z /usr/bin/tar: ../../../../../usr/local/lib/android/sdk/platforms/android-34-ext11/data/res/values-mcc310-mnc950-pa: Cannot utime: Operation not permitted
build	Cache Android SDK	2026-06-06T12:22:51.6494391Z /usr/bin/tar: ../../../../../usr/local/lib/android/sdk/platforms/android-34-ext11/data/res/values-mcc310-mnc950-pa: Cannot change mode to rwxr-xr-x: Operation not permitted
build	Cache Android SDK	2026-06-06T12:22:51.6496675Z /usr/bin/tar: ../../../../../usr/local/lib/android/sdk/platforms/android-34-ext11/data/res/values-mcc310-mnc660-be: Cannot utime: Operation not permitted
build	Cache Android SDK	2026-06-06T12:22:51.6497147Z /usr/bin/tar: ../../../../../usr/local/lib/android/sdk/platforms/android-34-ext11/data/res/values-mcc310-mnc660-be: Cannot change mode to rwxr-xr-x: Operation not permitted
build	Cache Android SDK	2026-06-06T12:22:51.6499758Z /usr/bin/tar: ../../../../../usr/local/lib/android/sdk/platforms/android-34-ext11/data/res/values-mcc310-mnc250-el: Cannot utime: Operation not permitted
build	Cache Android SDK	2026-06-06T12:22:51.6500227Z /usr/bin/tar: ../../../../../usr/local/lib/android/sdk/platforms/android-34-ext11/data/res/values-mcc310-mnc250-el: Cannot change mode to rwxr-xr-x: Operation not permitted
build	Cache Android SDK	2026-06-06T12:22:51.6502719Z /usr/bin/tar: ../../../../../usr/local/lib/android/sdk/platforms/android-34-ext11/data/res/values-mcc310-mnc160-az: Cannot utime: Operation not permitted
build	Cache Android SDK	2026-06-06T12:22:51.6503253Z /usr/bin/tar: ../../../../../usr/local/lib/android/sdk/platforms/android-34-ext11/data/res/values-mcc310-mnc160-az: Cannot change mode to rwxr-xr-x: Operation not permitted
build	Cache Android SDK	2026-06-06T12:22:51.6505416Z /usr/bin/tar: ../../../../../usr/local/lib/android/sdk/platforms/android-34-ext11/data/res/values-mcc312-mnc670-sl: Cannot utime: Operation not permitted
build	Cache Android SDK	2026-06-06T12:22:51.6505879Z /usr/bin/tar: ../../../../../usr/local/lib/android/sdk/platforms/android-34-ext11/data/res/values-mcc312-mnc670-sl: Cannot change mode to rwxr-xr-x: Operation not permitted
build	Cache Android SDK	2026-06-06T12:22:51.6508671Z /usr/bin/tar: ../../../../../usr/local/lib/android/sdk/platforms/android-34-ext11/data/res/values-mcc312-mnc670: Cannot utime: Operation not permitted
build	Cache Android SDK	2026-06-06T12:22:51.6509131Z /usr/bin/tar: ../../../../../usr/local/lib/android/sdk/platforms/android-34-ext11/data/res/values-mcc312-mnc670: Cannot change mode to rwxr-xr-x: Operation not permitted
build	Cache Android SDK	2026-06-06T12:22:51.6511910Z /usr/bin/tar: ../../../../../usr/local/lib/android/sdk/platforms/android-34-ext11/data/res/values-mcc310-mnc380-en-rAU: Cannot utime: Operation not permitted
build	Cache Android SDK	2026-06-06T12:22:51.6512405Z /usr/bin/tar: ../../../../../usr/local/lib/android/sdk/platforms/android-34-ext11/data/res/values-mcc310-mnc380-en-rAU: Cannot change mode to rwxr-xr-x: Operation not permitted
build	Cache Android SDK	2026-06-06T12:22:51.6514973Z /usr/bin/tar: ../../../../../usr/local/lib/android/sdk/platforms/android-34-ext11/data/res/values-mcc310-mnc200-sl: Cannot utime: Operation not permitted
build	Cache Android SDK	2026-06-06T12:22:51.6515427Z /usr/bin/tar: ../../../../../usr/local/lib/android/sdk/platforms/android-34-ext11/data/res/values-mcc310-mnc200-sl: Cannot change mode to rwxr-xr-x: Operation not permitted
build	Cache Android SDK	2026-06-06T12:22:51.6518035Z /usr/bin/tar: ../../../../../usr/local/lib/android/sdk/platforms/android-34-ext11/data/res/values-mcc310-mnc250-sk: Cannot utime: Operation not permitted
build	Cache Android SDK	2026-06-06T12:22:51.6518511Z /usr/bin/tar: ../../../../../usr/local/lib/android/sdk/platforms/android-34-ext11/data/res/values-mcc310-mnc250-sk: Cannot change mode to rwxr-xr-x: Operation not permitted
build	Cache Android SDK	2026-06-06T12:22:51.6521254Z /usr/bin/tar: ../../../../../usr/local/lib/android/sdk/platforms/android-34-ext11/data/res/values-mcc310-mnc280-en-rXC: Cannot utime: Operation not permitted
build	Cache Android SDK	2026-06-06T12:22:51.6521860Z /usr/bin/tar: ../../../../../usr/local/lib/android/sdk/platforms/android-34-ext11/data/res/values-mcc310-mnc280-en-rXC: Cannot change mode to rwxr-xr-x: Operation not permitted
build	Cache Android SDK	2026-06-06T12:22:51.6524477Z /usr/bin/tar: ../../../../../usr/local/lib/android/sdk/platforms/android-34-ext11/data/res/values-mcc310-mnc230-zh-rCN: Cannot utime: Operation not permitted
build	Cache Android SDK	2026-06-06T12:22:51.6524952Z /usr/bin/tar: ../../../../../usr/local/lib/android/sdk/platforms/android-34-ext11/data/res/values-mcc310-mnc230-zh-rCN: Cannot change mode to rwxr-xr-x: Operation not permitted
build	Cache Android SDK	2026-06-06T12:22:51.6527691Z /usr/bin/tar: ../../../../../usr/local/lib/android/sdk/platforms/android-34-ext11/data/res/values-mcc310-mnc220-sw: Cannot utime: Operation not permitted
build	Cache Android SDK	2026-06-06T12:22:51.6528236Z /usr/bin/tar: ../../../../../usr/local/lib/android/sdk/platforms/android-34-ext11/data/res/values-mcc310-mnc220-sw: Cannot change mode to rwxr-xr-x: Operation not permitted
build	Cache Android SDK	2026-06-06T12:22:51.6530899Z /usr/bin/tar: ../../../../../usr/local/lib/android/sdk/platforms/android-34-ext11/data/res/values-mcc310-mnc170-b+sr+Latn: Cannot utime: Operation not permitted
build	Cache Android SDK	2026-06-06T12:22:51.6531395Z /usr/bin/tar: ../../../../../usr/local/lib/android/sdk/platforms/android-34-ext11/data/res/values-mcc310-mnc170-b+sr+Latn: Cannot change mode to rwxr-xr-x: Operation not permitted
build	Cache Android SDK	2026-06-06T12:22:51.6533936Z /usr/bin/tar: ../../../../../usr/local/lib/android/sdk/platforms/android-34-ext11/data/res/values-sw720dp-port: Cannot utime: Operation not permitted
build	Cache Android SDK	2026-06-06T12:22:51.6534393Z /usr/bin/tar: ../../../../../usr/local/lib/android/sdk/platforms/android-34-ext11/data/res/values-sw720dp-port: Cannot change mode to rwxr-xr-x: Operation not permitted
build	Cache Android SDK	2026-06-06T12:22:51.6536974Z /usr/bin/tar: ../../../../../usr/local/lib/android/sdk/platforms/android-34-ext11/data/res/values-mcc310-mnc030-si: Cannot utime: Operation not permitted
build	Cache Android SDK	2026-06-06T12:22:51.6537581Z /usr/bin/tar: ../../../../../usr/local/lib/android/sdk/platforms/android-34-ext11/data/res/values-mcc310-mnc030-si: Cannot change mode to rwxr-xr-x: Operation not permitted
build	Cache Android SDK	2026-06-06T12:22:51.6540078Z /usr/bin/tar: ../../../../../usr/local/lib/android/sdk/platforms/android-34-ext11/data/res/values-mcc310-mnc150-is: Cannot utime: Operation not permitted
build	Cache Android SDK	2026-06-06T12:22:51.6540647Z /usr/bin/tar: ../../../../../usr/local/lib/android/sdk/platforms/android-34-ext11/data/res/values-mcc310-mnc150-is: Cannot change mode to rwxr-xr-x: Operation not permitted
build	Cache Android SDK	2026-06-06T12:22:51.6543241Z /usr/bin/tar: ../../../../../usr/local/lib/android/sdk/platforms/android-34-ext11/data/res/values-mcc310-mnc030-tl: Cannot utime: Operation not permitted
build	Cache Android SDK	2026-06-06T12:22:51.6543744Z /usr/bin/tar: ../../../../../usr/local/lib/android/sdk/platforms/android-34-ext11/data/res/values-mcc310-mnc030-tl: Cannot change mode to rwxr-xr-x: Operation not permitted
build	Cache Android SDK	2026-06-06T12:22:51.6546925Z /usr/bin/tar: ../../../../../usr/local/lib/android/sdk/platforms/android-34-ext11/data/res/values-mcc310-mnc490-af: Cannot utime: Operation not permitted
build	Cache Android SDK	2026-06-06T12:22:51.6547665Z /usr/bin/tar: ../../../../../usr/local/lib/android/sdk/platforms/android-34-ext11/data/res/values-mcc310-mnc490-af: Cannot change mode to rwxr-xr-x: Operation not permitted
build	Cache Android SDK	2026-06-06T12:22:51.6550962Z /usr/bin/tar: ../../../../../usr/local/lib/android/sdk/platforms/android-34-ext11/data/res/values-mcc313-mnc100-el: Cannot utime: Operation not permitted
build	Cache Android SDK	2026-06-06T12:22:51.6551449Z /usr/bin/tar: ../../../../../usr/local/lib/android/sdk/platforms/android-34-ext11/data/res/values-mcc313-mnc100-el: Cannot change mode to rwxr-xr-x: Operation not permitted
build	Cache Android SDK	2026-06-06T12:22:51.6553932Z /usr/bin/tar: ../../../../../usr/local/lib/android/sdk/platforms/android-34-ext11/data/res/values-mcc310-mnc220-pt-rBR: Cannot utime: Operation not permitted
build	Cache Android SDK	2026-06-06T12:22:51.6554450Z /usr/bin/tar: ../../../../../usr/local/lib/android/sdk/platforms/android-34-ext11/data/res/values-mcc310-mnc220-pt-rBR: Cannot change mode to rwxr-xr-x: Operation not permitted
build	Cache Android SDK	2026-06-06T12:22:51.6556559Z /usr/bin/tar: ../../../../../usr/local/lib/android/sdk/platforms/android-34-ext11/data/res/values-mcc310-mnc240-te: Cannot utime: Operation not permitted
build	Cache Android SDK	2026-06-06T12:22:51.6557023Z /usr/bin/tar: ../../../../../usr/local/lib/android/sdk/platforms/android-34-ext11/data/res/values-mcc310-mnc240-te: Cannot change mode to rwxr-xr-x: Operation not permitted
build	Cache Android SDK	2026-06-06T12:22:51.6559752Z /usr/bin/tar: ../../../../../usr/local/lib/android/sdk/platforms/android-34-ext11/data/res/values-mcc334-mnc020-es-rUS: Cannot utime: Operation not permitted
build	Cache Android SDK	2026-06-06T12:22:51.6560348Z /usr/bin/tar: ../../../../../usr/local/lib/android/sdk/platforms/android-34-ext11/data/res/values-mcc334-mnc020-es-rUS: Cannot change mode to rwxr-xr-x: Operation not permitted
build	Cache Android SDK	2026-06-06T12:22:51.6563355Z /usr/bin/tar: ../../../../../usr/local/lib/android/sdk/platforms/android-34-ext11/data/res/values-mcc302-mnc370-en-rCA: Cannot utime: Operation not permitted
build	Cache Android SDK	2026-06-06T12:22:51.6563844Z /usr/bin/tar: ../../../../../usr/local/lib/android/sdk/platforms/android-34-ext11/data/res/values-mcc302-mnc370-en-rCA: Cannot change mode to rwxr-xr-x: Operation not permitted
build	Cache Android SDK	2026-06-06T12:22:51.6566873Z /usr/bin/tar: ../../../../../usr/local/lib/android/sdk/platforms/android-34-ext11/data/res/values-mcc310-mnc170-pl: Cannot utime: Operation not permitted
build	Cache Android SDK	2026-06-06T12:22:51.6567343Z /usr/bin/tar: ../../../../../usr/local/lib/android/sdk/platforms/android-34-ext11/data/res/values-mcc310-mnc170-pl: Cannot change mode to rwxr-xr-x: Operation not permitted
build	Cache Android SDK	2026-06-06T12:22:51.6570003Z /usr/bin/tar: ../../../../../usr/local/lib/android/sdk/platforms/android-34-ext11/data/res/values-be-watch: Cannot utime: Operation not permitted
build	Cache Android SDK	2026-06-06T12:22:51.6570505Z /usr/bin/tar: ../../../../../usr/local/lib/android/sdk/platforms/android-34-ext11/data/res/values-be-watch: Cannot change mode to rwxr-xr-x: Operation not permitted
build	Cache Android SDK	2026-06-06T12:22:51.6573176Z /usr/bin/tar: ../../../../../usr/local/lib/android/sdk/platforms/android-34-ext11/data/res/values-fi-television: Cannot utime: Operation not permitted
build	Cache Android SDK	2026-06-06T12:22:51.6573680Z /usr/bin/tar: ../../../../../usr/local/lib/android/sdk/platforms/android-34-ext11/data/res/values-fi-television: Cannot change mode to rwxr-xr-x: Operation not permitted
build	Cache Android SDK	2026-06-06T12:22:51.6576308Z /usr/bin/tar: ../../../../../usr/local/lib/android/sdk/platforms/android-34-ext11/data/res/values-mcc310-mnc800-pt-rPT: Cannot utime: Operation not permitted
build	Cache Android SDK	2026-06-06T12:22:51.6576791Z /usr/bin/tar: ../../../../../usr/local/lib/android/sdk/platforms/android-34-ext11/data/res/values-mcc310-mnc800-pt-rPT: Cannot change mode to rwxr-xr-x: Operation not permitted
build	Cache Android SDK	2026-06-06T12:22:51.6579470Z /usr/bin/tar: ../../../../../usr/local/lib/android/sdk/platforms/android-34-ext11/data/res/values-mcc310-mnc490-hi: Cannot utime: Operation not permitted
build	Cache Android SDK	2026-06-06T12:22:51.6579937Z /usr/bin/tar: ../../../../../usr/local/lib/android/sdk/platforms/android-34-ext11/data/res/values-mcc310-mnc490-hi: Cannot change mode to rwxr-xr-x: Operation not permitted
build	Cache Android SDK	2026-06-06T12:22:51.6582357Z /usr/bin/tar: ../../../../../usr/local/lib/android/sdk/platforms/android-34-ext11/data/res/values-mcc001-mnc01-hu: Cannot utime: Operation not permitted
build	Cache Android SDK	2026-06-06T12:22:51.6582824Z /usr/bin/tar: ../../../../../usr/local/lib/android/sdk/platforms/android-34-ext11/data/res/values-mcc001-mnc01-hu: Cannot change mode to rwxr-xr-x: Operation not permitted
build	Cache Android SDK	2026-06-06T12:22:51.6585560Z /usr/bin/tar: ../../../../../usr/local/lib/android/sdk/platforms/android-34-ext11/data/res/values-mcc724: Cannot utime: Operation not permitted
build	Cache Android SDK	2026-06-06T12:22:51.6586006Z /usr/bin/tar: ../../../../../usr/local/lib/android/sdk/platforms/android-34-ext11/data/res/values-mcc724: Cannot change mode to rwxr-xr-x: Operation not permitted
build	Cache Android SDK	2026-06-06T12:22:51.6589118Z /usr/bin/tar: ../../../../../usr/local/lib/android/sdk/platforms/android-34-ext11/data/res/values-mcc310-mnc310-ar: Cannot utime: Operation not permitted
build	Cache Android SDK	2026-06-06T12:22:51.6590050Z /usr/bin/tar: ../../../../../usr/local/lib/android/sdk/platforms/android-34-ext11/data/res/values-mcc310-mnc310-ar: Cannot change mode to rwxr-xr-x: Operation not permitted
build	Cache Android SDK	2026-06-06T12:22:51.6592669Z /usr/bin/tar: ../../../../../usr/local/lib/android/sdk/platforms/android-34-ext11/data/res/values-mcc310-mnc310-tr: Cannot utime: Operation not permitted
build	Cache Android SDK	2026-06-06T12:22:51.6593178Z /usr/bin/tar: ../../../../../usr/local/lib/android/sdk/platforms/android-34-ext11/data/res/values-mcc310-mnc310-tr: Cannot change mode to rwxr-xr-x: Operation not permitted
build	Cache Android SDK	2026-06-06T12:22:51.6597446Z /usr/bin/tar: ../../../../../usr/local/lib/android/sdk/platforms/android-34-ext11/data/res/values-mcc310-mnc410-sr: Cannot utime: Operation not permitted
build	Cache Android SDK	2026-06-06T12:22:51.6598412Z /usr/bin/tar: ../../../../../usr/local/lib/android/sdk/platforms/android-34-ext11/data/res/values-mcc310-mnc410-sr: Cannot change mode to rwxr-xr-x: Operation not permitted
build	Cache Android SDK	2026-06-06T12:22:51.6598927Z /usr/bin/tar: ../../../../../usr/local/lib/android/sdk/platforms/android-34-ext11/data/res/values-mcc310-mnc250-fa: Cannot utime: Operation not permitted
build	Cache Android SDK	2026-06-06T12:22:51.6599395Z /usr/bin/tar: ../../../../../usr/local/lib/android/sdk/platforms/android-34-ext11/data/res/values-mcc310-mnc250-fa: Cannot change mode to rwxr-xr-x: Operation not permitted
build	Cache Android SDK	2026-06-06T12:22:51.6602301Z /usr/bin/tar: ../../../../../usr/local/lib/android/sdk/platforms/android-34-ext11/data/res/values-mcc310-mnc660-pt: Cannot utime: Operation not permitted
build	Cache Android SDK	2026-06-06T12:22:51.6602999Z /usr/bin/tar: ../../../../../usr/local/lib/android/sdk/platforms/android-34-ext11/data/res/values-mcc310-mnc660-pt: Cannot change mode to rwxr-xr-x: Operation not permitted
build	Cache Android SDK	2026-06-06T12:22:51.6610654Z /usr/bin/tar: ../../../../../usr/local/lib/android/sdk/platforms/android-34-ext11/data/res/values-am: Cannot utime: Operation not permitted
build	Cache Android SDK	2026-06-06T12:22:51.6616342Z /usr/bin/tar: ../../../../../usr/local/lib/android/sdk/platforms/android-34-ext11/data/res/values-am: Cannot change mode to rwxr-xr-x: Operation not permitted
build	Cache Android SDK	2026-06-06T12:22:51.6617739Z /usr/bin/tar: ../../../../../usr/local/lib/android/sdk/platforms/android-34-ext11/data/res/values-mcc310-mnc030-be: Cannot utime: Operation not permitted
build	Cache Android SDK	2026-06-06T12:22:51.6618911Z /usr/bin/tar: ../../../../../usr/local/lib/android/sdk/platforms/android-34-ext11/data/res/values-mcc310-mnc030-be: Cannot change mode to rwxr-xr-x: Operation not permitted
build	Cache Android SDK	2026-06-06T12:22:51.6620078Z /usr/bin/tar: ../../../../../usr/local/lib/android/sdk/platforms/android-34-ext11/data/res/values-mcc310-mnc950-si: Cannot utime: Operation not permitted
build	Cache Android SDK	2026-06-06T12:22:51.6621445Z /usr/bin/tar: ../../../../../usr/local/lib/android/sdk/platforms/android-34-ext11/data/res/values-mcc310-mnc950-si: Cannot change mode to rwxr-xr-x: Operation not permitted
build	Cache Android SDK	2026-06-06T12:22:51.6622780Z /usr/bin/tar: ../../../../../usr/local/lib/android/sdk/platforms/android-34-ext11/data/res/values-mcc310-mnc270-eu: Cannot utime: Operation not permitted
build	Cache Android SDK	2026-06-06T12:22:51.6623715Z /usr/bin/tar: ../../../../../usr/local/lib/android/sdk/platforms/android-34-ext11/data/res/values-mcc310-mnc270-eu: Cannot change mode to rwxr-xr-x: Operation not permitted
build	Cache Android SDK	2026-06-06T12:22:51.6624278Z /usr/bin/tar: ../../../../../usr/local/lib/android/sdk/platforms/android-34-ext11/data/res/values-mcc310-mnc220-si: Cannot utime: Operation not permitted
build	Cache Android SDK	2026-06-06T12:22:51.6624867Z /usr/bin/tar: ../../../../../usr/local/lib/android/sdk/platforms/android-34-ext11/data/res/values-mcc310-mnc220-si: Cannot change mode to rwxr-xr-x: Operation not permitted
build	Cache Android SDK	2026-06-06T12:22:51.6627486Z /usr/bin/tar: ../../../../../usr/local/lib/android/sdk/platforms/android-34-ext11/data/res/values-mcc313-mnc100-uk: Cannot utime: Operation not permitted
build	Cache Android SDK	2026-06-06T12:22:51.6628194Z /usr/bin/tar: ../../../../../usr/local/lib/android/sdk/platforms/android-34-ext11/data/res/values-mcc313-mnc100-uk: Cannot change mode to rwxr-xr-x: Operation not permitted
build	Cache Android SDK	2026-06-06T12:22:51.6631281Z /usr/bin/tar: ../../../../../usr/local/lib/android/sdk/platforms/android-34-ext11/data/res/values-mcc311-mnc180-bs: Cannot utime: Operation not permitted
build	Cache Android SDK	2026-06-06T12:22:51.6631980Z /usr/bin/tar: ../../../../../usr/local/lib/android/sdk/platforms/android-34-ext11/data/res/values-mcc311-mnc180-bs: Cannot change mode to rwxr-xr-x: Operation not permitted
build	Cache Android SDK	2026-06-06T12:22:51.6638132Z /usr/bin/tar: ../../../../../usr/local/lib/android/sdk/platforms/android-34-ext11/data/res/values-nb: Cannot utime: Operation not permitted
build	Cache Android SDK	2026-06-06T12:22:51.6638579Z /usr/bin/tar: ../../../../../usr/local/lib/android/sdk/platforms/android-34-ext11/data/res/values-nb: Cannot change mode to rwxr-xr-x: Operation not permitted
build	Cache Android SDK	2026-06-06T12:22:51.6641112Z /usr/bin/tar: ../../../../../usr/local/lib/android/sdk/platforms/android-34-ext11/data/res/values-mcc310-mnc250-gl: Cannot utime: Operation not permitted
build	Cache Android SDK	2026-06-06T12:22:51.6641719Z /usr/bin/tar: ../../../../../usr/local/lib/android/sdk/platforms/android-34-ext11/data/res/values-mcc310-mnc250-gl: Cannot change mode to rwxr-xr-x: Operation not permitted
build	Cache Android SDK	2026-06-06T12:22:51.6644251Z /usr/bin/tar: ../../../../../usr/local/lib/android/sdk/platforms/android-34-ext11/data/res/values-mcc310-mnc270-en-rIN: Cannot utime: Operation not permitted
build	Cache Android SDK	2026-06-06T12:22:51.6644742Z /usr/bin/tar: ../../../../../usr/local/lib/android/sdk/platforms/android-34-ext11/data/res/values-mcc310-mnc270-en-rIN: Cannot change mode to rwxr-xr-x: Operation not permitted
build	Cache Android SDK	2026-06-06T12:22:51.6647994Z /usr/bin/tar: ../../../../../usr/local/lib/android/sdk/platforms/android-34-ext11/data/res/raw-cs: Cannot utime: Operation not permitted
build	Cache Android SDK	2026-06-06T12:22:51.6648417Z /usr/bin/tar: ../../../../../usr/local/lib/android/sdk/platforms/android-34-ext11/data/res/raw-cs: Cannot change mode to rwxr-xr-x: Operation not permitted
build	Cache Android SDK	2026-06-06T12:22:51.6651268Z /usr/bin/tar: ../../../../../usr/local/lib/android/sdk/platforms/android-34-ext11/data/res/values-mcc310-mnc160-mr: Cannot utime: Operation not permitted
build	Cache Android SDK	2026-06-06T12:22:51.6651742Z /usr/bin/tar: ../../../../../usr/local/lib/android/sdk/platforms/android-34-ext11/data/res/values-mcc310-mnc160-mr: Cannot change mode to rwxr-xr-x: Operation not permitted
build	Cache Android SDK	2026-06-06T12:22:51.6654437Z /usr/bin/tar: ../../../../../usr/local/lib/android/sdk/platforms/android-34-ext11/data/res/values-mcc302-mnc370-en-rGB: Cannot utime: Operation not permitted
build	Cache Android SDK	2026-06-06T12:22:51.6654922Z /usr/bin/tar: ../../../../../usr/local/lib/android/sdk/platforms/android-34-ext11/data/res/values-mcc302-mnc370-en-rGB: Cannot change mode to rwxr-xr-x: Operation not permitted
build	Cache Android SDK	2026-06-06T12:22:51.6658032Z /usr/bin/tar: ../../../../../usr/local/lib/android/sdk/platforms/android-34-ext11/data/res/values-mcc310-mnc490-pt-rBR: Cannot utime: Operation not permitted
build	Cache Android SDK	2026-06-06T12:22:51.6658524Z /usr/bin/tar: ../../../../../usr/local/lib/android/sdk/platforms/android-34-ext11/data/res/values-mcc310-mnc490-pt-rBR: Cannot change mode to rwxr-xr-x: Operation not permitted
build	Cache Android SDK	2026-06-06T12:22:51.6661569Z /usr/bin/tar: ../../../../../usr/local/lib/android/sdk/platforms/android-34-ext11/data/res/values-mcc311-mnc180-ur: Cannot utime: Operation not permitted
build	Cache Android SDK	2026-06-06T12:22:51.6662108Z /usr/bin/tar: ../../../../../usr/local/lib/android/sdk/platforms/android-34-ext11/data/res/values-mcc311-mnc180-ur: Cannot change mode to rwxr-xr-x: Operation not permitted
build	Cache Android SDK	2026-06-06T12:22:51.6664502Z /usr/bin/tar: ../../../../../usr/local/lib/android/sdk/platforms/android-34-ext11/data/res/values-mcc334-mnc020-te: Cannot utime: Operation not permitted
build	Cache Android SDK	2026-06-06T12:22:51.6665028Z /usr/bin/tar: ../../../../../usr/local/lib/android/sdk/platforms/android-34-ext11/data/res/values-mcc334-mnc020-te: Cannot change mode to rwxr-xr-x: Operation not permitted
build	Cache Android SDK	2026-06-06T12:22:51.6667743Z /usr/bin/tar: ../../../../../usr/local/lib/android/sdk/platforms/android-34-ext11/data/res/values-mcc312-mnc670-ky: Cannot utime: Operation not permitted
build	Cache Android SDK	2026-06-06T12:22:51.6668206Z /usr/bin/tar: ../../../../../usr/local/lib/android/sdk/platforms/android-34-ext11/data/res/values-mcc312-mnc670-ky: Cannot change mode to rwxr-xr-x: Operation not permitted
build	Cache Android SDK	2026-06-06T12:22:51.6670809Z /usr/bin/tar: ../../../../../usr/local/lib/android/sdk/platforms/android-34-ext11/data/res/values-mcc310-mnc030-ml: Cannot utime: Operation not permitted
build	Cache Android SDK	2026-06-06T12:22:51.6671296Z /usr/bin/tar: ../../../../../usr/local/lib/android/sdk/platforms/android-34-ext11/data/res/values-mcc310-mnc030-ml: Cannot change mode to rwxr-xr-x: Operation not permitted
build	Cache Android SDK	2026-06-06T12:22:51.6674534Z /usr/bin/tar: ../../../../../usr/local/lib/android/sdk/platforms/android-34-ext11/data/res/values-mcc310-mnc380-sl: Cannot utime: Operation not permitted
build	Cache Android SDK	2026-06-06T12:22:51.6675121Z /usr/bin/tar: ../../../../../usr/local/lib/android/sdk/platforms/android-34-ext11/data/res/values-mcc310-mnc380-sl: Cannot change mode to rwxr-xr-x: Operation not permitted
build	Cache Android SDK	2026-06-06T12:22:51.6678575Z /usr/bin/tar: ../../../../../usr/local/lib/android/sdk/platforms/android-34-ext11/data/res/values-mcc310-mnc030-ka: Cannot utime: Operation not permitted
build	Cache Android SDK	2026-06-06T12:22:51.6679158Z /usr/bin/tar: ../../../../../usr/local/lib/android/sdk/platforms/android-34-ext11/data/res/values-mcc310-mnc030-ka: Cannot change mode to rwxr-xr-x: Operation not permitted
build	Cache Android SDK	2026-06-06T12:22:51.6682116Z /usr/bin/tar: ../../../../../usr/local/lib/android/sdk/platforms/android-34-ext11/data/res/values-mcc310-mnc950-nl: Cannot utime: Operation not permitted
build	Cache Android SDK	2026-06-06T12:22:51.6682585Z /usr/bin/tar: ../../../../../usr/local/lib/android/sdk/platforms/android-34-ext11/data/res/values-mcc310-mnc950-nl: Cannot change mode to rwxr-xr-x: Operation not permitted
build	Cache Android SDK	2026-06-06T12:22:51.6685573Z /usr/bin/tar: ../../../../../usr/local/lib/android/sdk/platforms/android-34-ext11/data/res/values-mcc312-mnc670-sq: Cannot utime: Operation not permitted
build	Cache Android SDK	2026-06-06T12:22:51.6686044Z /usr/bin/tar: ../../../../../usr/local/lib/android/sdk/platforms/android-34-ext11/data/res/values-mcc312-mnc670-sq: Cannot change mode to rwxr-xr-x: Operation not permitted
build	Cache Android SDK	2026-06-06T12:22:51.6691850Z /usr/bin/tar: ../../../../../usr/local/lib/android/sdk/platforms/android-34-ext11/data/res/values-ur: Cannot utime: Operation not permitted
build	Cache Android SDK	2026-06-06T12:22:51.6692422Z /usr/bin/tar: ../../../../../usr/local/lib/android/sdk/platforms/android-34-ext11/data/res/values-ur: Cannot change mode to rwxr-xr-x: Operation not permitted
build	Cache Android SDK	2026-06-06T12:22:51.6695254Z /usr/bin/tar: ../../../../../usr/local/lib/android/sdk/platforms/android-34-ext11/data/res/values-mcc310-mnc270-te: Cannot utime: Operation not permitted
build	Cache Android SDK	2026-06-06T12:22:51.6695751Z /usr/bin/tar: ../../../../../usr/local/lib/android/sdk/platforms/android-34-ext11/data/res/values-mcc310-mnc270-te: Cannot change mode to rwxr-xr-x: Operation not permitted
build	Cache Android SDK	2026-06-06T12:22:51.6697951Z /usr/bin/tar: ../../../../../usr/local/lib/android/sdk/platforms/android-34-ext11/data/res/values-mcc310-mnc160-nl: Cannot utime: Operation not permitted
build	Cache Android SDK	2026-06-06T12:22:51.6698472Z /usr/bin/tar: ../../../../../usr/local/lib/android/sdk/platforms/android-34-ext11/data/res/values-mcc310-mnc160-nl: Cannot change mode to rwxr-xr-x: Operation not permitted
build	Cache Android SDK	2026-06-06T12:22:51.6701313Z /usr/bin/tar: ../../../../../usr/local/lib/android/sdk/platforms/android-34-ext11/data/res/values-mcc302-mnc720-eu: Cannot utime: Operation not permitted
build	Cache Android SDK	2026-06-06T12:22:51.6701794Z /usr/bin/tar: ../../../../../usr/local/lib/android/sdk/platforms/android-34-ext11/data/res/values-mcc302-mnc720-eu: Cannot change mode to rwxr-xr-x: Operation not permitted
build	Cache Android SDK	2026-06-06T12:22:51.6704214Z /usr/bin/tar: ../../../../../usr/local/lib/android/sdk/platforms/android-34-ext11/data/res/values-mcc310-mnc250-am: Cannot utime: Operation not permitted
build	Cache Android SDK	2026-06-06T12:22:51.6704694Z /usr/bin/tar: ../../../../../usr/local/lib/android/sdk/platforms/android-34-ext11/data/res/values-mcc310-mnc250-am: Cannot change mode to rwxr-xr-x: Operation not permitted
build	Cache Android SDK	2026-06-06T12:22:51.6708016Z /usr/bin/tar: ../../../../../usr/local/lib/android/sdk/platforms/android-34-ext11/data/res/values-mcc310-mnc210-bn: Cannot utime: Operation not permitted
build	Cache Android SDK	2026-06-06T12:22:51.6708503Z /usr/bin/tar: ../../../../../usr/local/lib/android/sdk/platforms/android-34-ext11/data/res/values-mcc310-mnc210-bn: Cannot change mode to rwxr-xr-x: Operation not permitted
build	Cache Android SDK	2026-06-06T12:22:51.6716608Z /usr/bin/tar: ../../../../../usr/local/lib/android/sdk/platforms/android-34-ext11/data/res/values-nl: Cannot utime: Operation not permitted
build	Cache Android SDK	2026-06-06T12:22:51.6717768Z /usr/bin/tar: ../../../../../usr/local/lib/android/sdk/platforms/android-34-ext11/data/res/values-nl: Cannot change mode to rwxr-xr-x: Operation not permitted
build	Cache Android SDK	2026-06-06T12:22:51.6718349Z /usr/bin/tar: ../../../../../usr/local/lib/android/sdk/platforms/android-34-ext11/data/res/values-tr-watch: Cannot utime: Operation not permitted
build	Cache Android SDK	2026-06-06T12:22:51.6719006Z /usr/bin/tar: ../../../../../usr/local/lib/android/sdk/platforms/android-34-ext11/data/res/values-tr-watch: Cannot change mode to rwxr-xr-x: Operation not permitted
build	Cache Android SDK	2026-06-06T12:22:51.6722036Z /usr/bin/tar: ../../../../../usr/local/lib/android/sdk/platforms/android-34-ext11/data/res/values-mcc310-mnc310-az: Cannot utime: Operation not permitted
build	Cache Android SDK	2026-06-06T12:22:51.6722533Z /usr/bin/tar: ../../../../../usr/local/lib/android/sdk/platforms/android-34-ext11/data/res/values-mcc310-mnc310-az: Cannot change mode to rwxr-xr-x: Operation not permitted
build	Cache Android SDK	2026-06-06T12:22:51.6724548Z /usr/bin/tar: ../../../../../usr/local/lib/android/sdk/platforms/android-34-ext11/data/res/values-mcc310-mnc240-es: Cannot utime: Operation not permitted
build	Cache Android SDK	2026-06-06T12:22:51.6725070Z /usr/bin/tar: ../../../../../usr/local/lib/android/sdk/platforms/android-34-ext11/data/res/values-mcc310-mnc240-es: Cannot change mode to rwxr-xr-x: Operation not permitted
build	Cache Android SDK	2026-06-06T12:22:51.6728071Z /usr/bin/tar: ../../../../../usr/local/lib/android/sdk/platforms/android-34-ext11/data/res/values-mcc310-mnc200-hi: Cannot utime: Operation not permitted
build	Cache Android SDK	2026-06-06T12:22:51.6728728Z /usr/bin/tar: ../../../../../usr/local/lib/android/sdk/platforms/android-34-ext11/data/res/values-mcc310-mnc200-hi: Cannot change mode to rwxr-xr-x: Operation not permitted
build	Cache Android SDK	2026-06-06T12:22:51.6731729Z /usr/bin/tar: ../../../../../usr/local/lib/android/sdk/platforms/android-34-ext11/data/res/values-gu-television: Cannot utime: Operation not permitted
build	Cache Android SDK	2026-06-06T12:22:51.6732200Z /usr/bin/tar: ../../../../../usr/local/lib/android/sdk/platforms/android-34-ext11/data/res/values-gu-television: Cannot change mode to rwxr-xr-x: Operation not permitted
build	Cache Android SDK	2026-06-06T12:22:51.6734883Z /usr/bin/tar: ../../../../../usr/local/lib/android/sdk/platforms/android-34-ext11/data/res/values-mcc310-mnc230-be: Cannot utime: Operation not permitted
build	Cache Android SDK	2026-06-06T12:22:51.6735354Z /usr/bin/tar: ../../../../../usr/local/lib/android/sdk/platforms/android-34-ext11/data/res/values-mcc310-mnc230-be: Cannot change mode to rwxr-xr-x: Operation not permitted
build	Cache Android SDK	2026-06-06T12:22:51.6738079Z /usr/bin/tar: ../../../../../usr/local/lib/android/sdk/platforms/android-34-ext11/data/res/values-mcc334-mnc020: Cannot utime: Operation not permitted
build	Cache Android SDK	2026-06-06T12:22:51.6738577Z /usr/bin/tar: ../../../../../usr/local/lib/android/sdk/platforms/android-34-ext11/data/res/values-mcc334-mnc020: Cannot change mode to rwxr-xr-x: Operation not permitted
build	Cache Android SDK	2026-06-06T12:22:51.6740976Z /usr/bin/tar: ../../../../../usr/local/lib/android/sdk/platforms/android-34-ext11/data/res/values-mcc310-mnc950-fr: Cannot utime: Operation not permitted
build	Cache Android SDK	2026-06-06T12:22:51.6741441Z /usr/bin/tar: ../../../../../usr/local/lib/android/sdk/platforms/android-34-ext11/data/res/values-mcc310-mnc950-fr: Cannot change mode to rwxr-xr-x: Operation not permitted
build	Cache Android SDK	2026-06-06T12:22:51.6743908Z /usr/bin/tar: ../../../../../usr/local/lib/android/sdk/platforms/android-34-ext11/data/res/values-mcc334-mnc020-mr: Cannot utime: Operation not permitted
build	Cache Android SDK	2026-06-06T12:22:51.6744431Z /usr/bin/tar: ../../../../../usr/local/lib/android/sdk/platforms/android-34-ext11/data/res/values-mcc334-mnc020-mr: Cannot change mode to rwxr-xr-x: Operation not permitted
build	Cache Android SDK	2026-06-06T12:22:51.6746855Z /usr/bin/tar: ../../../../../usr/local/lib/android/sdk/platforms/android-34-ext11/data/res/values-mcc310-mnc220-tl: Cannot utime: Operation not permitted
build	Cache Android SDK	2026-06-06T12:22:51.6747637Z /usr/bin/tar: ../../../../../usr/local/lib/android/sdk/platforms/android-34-ext11/data/res/values-mcc310-mnc220-tl: Cannot change mode to rwxr-xr-x: Operation not permitted
build	Cache Android SDK	2026-06-06T12:22:51.6750840Z /usr/bin/tar: ../../../../../usr/local/lib/android/sdk/platforms/android-34-ext11/data/res/values-night: Cannot utime: Operation not permitted
build	Cache Android SDK	2026-06-06T12:22:51.6751337Z /usr/bin/tar: ../../../../../usr/local/lib/android/sdk/platforms/android-34-ext11/data/res/values-night: Cannot change mode to rwxr-xr-x: Operation not permitted
build	Cache Android SDK	2026-06-06T12:22:51.6754919Z /usr/bin/tar: ../../../../../usr/local/lib/android/sdk/platforms/android-34-ext11/data/res/values-mcc310-mnc030-de: Cannot utime: Operation not permitted
build	Cache Android SDK	2026-06-06T12:22:51.6755559Z /usr/bin/tar: ../../../../../usr/local/lib/android/sdk/platforms/android-34-ext11/data/res/values-mcc310-mnc030-de: Cannot change mode to rwxr-xr-x: Operation not permitted
build	Cache Android SDK	2026-06-06T12:22:51.6757959Z /usr/bin/tar: ../../../../../usr/local/lib/android/sdk/platforms/android-34-ext11/data/res/values-tl-watch: Cannot utime: Operation not permitted
build	Cache Android SDK	2026-06-06T12:22:51.6758405Z /usr/bin/tar: ../../../../../usr/local/lib/android/sdk/platforms/android-34-ext11/data/res/values-tl-watch: Cannot change mode to rwxr-xr-x: Operation not permitted
build	Cache Android SDK	2026-06-06T12:22:51.6761085Z /usr/bin/tar: ../../../../../usr/local/lib/android/sdk/platforms/android-34-ext11/data/res/values-mcc313-mnc100-my: Cannot utime: Operation not permitted
build	Cache Android SDK	2026-06-06T12:22:51.6762007Z /usr/bin/tar: ../../../../../usr/local/lib/android/sdk/platforms/android-34-ext11/data/res/values-mcc313-mnc100-my: Cannot change mode to rwxr-xr-x: Operation not permitted
build	Cache Android SDK	2026-06-06T12:22:51.6764571Z /usr/bin/tar: ../../../../../usr/local/lib/android/sdk/platforms/android-34-ext11/data/res/values-mcc310-mnc160-ne: Cannot utime: Operation not permitted
build	Cache Android SDK	2026-06-06T12:22:51.6765286Z /usr/bin/tar: ../../../../../usr/local/lib/android/sdk/platforms/android-34-ext11/data/res/values-mcc310-mnc160-ne: Cannot change mode to rwxr-xr-x: Operation not permitted
build	Cache Android SDK	2026-06-06T12:22:51.6767921Z /usr/bin/tar: ../../../../../usr/local/lib/android/sdk/platforms/android-34-ext11/data/res/values-mcc311-mnc180-sw: Cannot utime: Operation not permitted
build	Cache Android SDK	2026-06-06T12:22:51.6768510Z /usr/bin/tar: ../../../../../usr/local/lib/android/sdk/platforms/android-34-ext11/data/res/values-mcc311-mnc180-sw: Cannot change mode to rwxr-xr-x: Operation not permitted
build	Cache Android SDK	2026-06-06T12:22:51.6770858Z /usr/bin/tar: ../../../../../usr/local/lib/android/sdk/platforms/android-34-ext11/data/res/values-mcc310-mnc660-iw: Cannot utime: Operation not permitted
build	Cache Android SDK	2026-06-06T12:22:51.6771352Z /usr/bin/tar: ../../../../../usr/local/lib/android/sdk/platforms/android-34-ext11/data/res/values-mcc310-mnc660-iw: Cannot change mode to rwxr-xr-x: Operation not permitted
build	Cache Android SDK	2026-06-06T12:22:51.6773691Z /usr/bin/tar: ../../../../../usr/local/lib/android/sdk/platforms/android-34-ext11/data/res/values-mcc310-mnc150-zu: Cannot utime: Operation not permitted
build	Cache Android SDK	2026-06-06T12:22:51.6774162Z /usr/bin/tar: ../../../../../usr/local/lib/android/sdk/platforms/android-34-ext11/data/res/values-mcc310-mnc150-zu: Cannot change mode to rwxr-xr-x: Operation not permitted
build	Cache Android SDK	2026-06-06T12:22:51.6777341Z /usr/bin/tar: ../../../../../usr/local/lib/android/sdk/platforms/android-34-ext11/data/res/values-mcc313-mnc100-in: Cannot utime: Operation not permitted
build	Cache Android SDK	2026-06-06T12:22:51.6778229Z /usr/bin/tar: ../../../../../usr/local/lib/android/sdk/platforms/android-34-ext11/data/res/values-mcc313-mnc100-in: Cannot change mode to rwxr-xr-x: Operation not permitted
build	Cache Android SDK	2026-06-06T12:22:51.6781087Z /usr/bin/tar: ../../../../../usr/local/lib/android/sdk/platforms/android-34-ext11/data/res/values-mcc310-mnc160-uk: Cannot utime: Operation not permitted
build	Cache Android SDK	2026-06-06T12:22:51.6782089Z /usr/bin/tar: ../../../../../usr/local/lib/android/sdk/platforms/android-34-ext11/data/res/values-mcc310-mnc160-uk: Cannot change mode to rwxr-xr-x: Operation not permitted
build	Cache Android SDK	2026-06-06T12:22:51.6785257Z /usr/bin/tar: ../../../../../usr/local/lib/android/sdk/platforms/android-34-ext11/data/res/values-uk-rUA: Cannot utime: Operation not permitted
build	Cache Android SDK	2026-06-06T12:22:51.6787115Z /usr/bin/tar: ../../../../../usr/local/lib/android/sdk/platforms/android-34-ext11/data/res/values-uk-rUA: Cannot change mode to rwxr-xr-x: Operation not permitted
build	Cache Android SDK	2026-06-06T12:22:51.6789127Z /usr/bin/tar: ../../../../../usr/local/lib/android/sdk/platforms/android-34-ext11/data/res/values-mcc310-mnc230-bn: Cannot utime: Operation not permitted
build	Cache Android SDK	2026-06-06T12:22:51.6790933Z /usr/bin/tar: ../../../../../usr/local/lib/android/sdk/platforms/android-34-ext11/data/res/values-mcc310-mnc230-bn: Cannot change mode to rwxr-xr-x: Operation not permitted
build	Cache Android SDK	2026-06-06T12:22:51.6792554Z /usr/bin/tar: ../../../../../usr/local/lib/android/sdk/platforms/android-34-ext11/data/res/values-tl-rPH: Cannot utime: Operation not permitted
build	Cache Android SDK	2026-06-06T12:22:51.6793638Z /usr/bin/tar: ../../../../../usr/local/lib/android/sdk/platforms/android-34-ext11/data/res/values-tl-rPH: Cannot change mode to rwxr-xr-x: Operation not permitted
build	Cache Android SDK	2026-06-06T12:22:51.6796142Z /usr/bin/tar: ../../../../../usr/local/lib/android/sdk/platforms/android-34-ext11/data/res/values-mcc310-mnc200-si: Cannot utime: Operation not permitted
build	Cache Android SDK	2026-06-06T12:22:51.6797104Z /usr/bin/tar: ../../../../../usr/local/lib/android/sdk/platforms/android-34-ext11/data/res/values-mcc310-mnc200-si: Cannot change mode to rwxr-xr-x: Operation not permitted
build	Cache Android SDK	2026-06-06T12:22:51.6799238Z /usr/bin/tar: ../../../../../usr/local/lib/android/sdk/platforms/android-34-ext11/data/res/values-mcc310-mnc310-af: Cannot utime: Operation not permitted
build	Cache Android SDK	2026-06-06T12:22:51.6800218Z /usr/bin/tar: ../../../../../usr/local/lib/android/sdk/platforms/android-34-ext11/data/res/values-mcc310-mnc310-af: Cannot change mode to rwxr-xr-x: Operation not permitted
build	Cache Android SDK	2026-06-06T12:22:51.6806749Z /usr/bin/tar: ../../../../../usr/local/lib/android/sdk/platforms/android-34-ext11/data/res/values-mcc310-mnc240-lt: Cannot utime: Operation not permitted
build	Cache Android SDK	2026-06-06T12:22:51.6807959Z /usr/bin/tar: ../../../../../usr/local/lib/android/sdk/platforms/android-34-ext11/data/res/values-mcc310-mnc240-lt: Cannot change mode to rwxr-xr-x: Operation not permitted
build	Cache Android SDK	2026-06-06T12:22:51.6810662Z /usr/bin/tar: ../../../../../usr/local/lib/android/sdk/platforms/android-34-ext11/data/res/values-mcc310-mnc660-pa: Cannot utime: Operation not permitted
build	Cache Android SDK	2026-06-06T12:22:51.6811627Z /usr/bin/tar: ../../../../../usr/local/lib/android/sdk/platforms/android-34-ext11/data/res/values-mcc310-mnc660-pa: Cannot change mode to rwxr-xr-x: Operation not permitted
build	Cache Android SDK	2026-06-06T12:22:51.6813995Z /usr/bin/tar: ../../../../../usr/local/lib/android/sdk/platforms/android-34-ext11/data/res/values-mcc310-mnc310-fa: Cannot utime: Operation not permitted
build	Cache Android SDK	2026-06-06T12:22:51.6814968Z /usr/bin/tar: ../../../../../usr/local/lib/android/sdk/platforms/android-34-ext11/data/res/values-mcc310-mnc310-fa: Cannot change mode to rwxr-xr-x: Operation not permitted
build	Cache Android SDK	2026-06-06T12:22:51.6820764Z /usr/bin/tar: ../../../../../usr/local/lib/android/sdk/platforms/android-34-ext11/data/res/values-mcc310-mnc230-in: Cannot utime: Operation not permitted
build	Cache Android SDK	2026-06-06T12:22:51.6821753Z /usr/bin/tar: ../../../../../usr/local/lib/android/sdk/platforms/android-34-ext11/data/res/values-mcc310-mnc230-in: Cannot change mode to rwxr-xr-x: Operation not permitted
build	Cache Android SDK	2026-06-06T12:22:51.6853025Z /usr/bin/tar: ../../../../../usr/local/lib/android/sdk/platforms/android-34-ext11/data/res/color: Cannot utime: Operation not permitted
build	Cache Android SDK	2026-06-06T12:22:51.6853960Z /usr/bin/tar: ../../../../../usr/local/lib/android/sdk/platforms/android-34-ext11/data/res/color: Cannot change mode to rwxr-xr-x: Operation not permitted
build	Cache Android SDK	2026-06-06T12:22:51.6855522Z /usr/bin/tar: ../../../../../usr/local/lib/android/sdk/platforms/android-34-ext11/data/res/values-mcc312-mnc670-be: Cannot utime: Operation not permitted
build	Cache Android SDK	2026-06-06T12:22:51.6856486Z /usr/bin/tar: ../../../../../usr/local/lib/android/sdk/platforms/android-34-ext11/data/res/values-mcc312-mnc670-be: Cannot change mode to rwxr-xr-x: Operation not permitted
build	Cache Android SDK	2026-06-06T12:22:51.6859201Z /usr/bin/tar: ../../../../../usr/local/lib/android/sdk/platforms/android-34-ext11/data/res/values-mcc310-mnc410-mk: Cannot utime: Operation not permitted
build	Cache Android SDK	2026-06-06T12:22:51.6860168Z /usr/bin/tar: ../../../../../usr/local/lib/android/sdk/platforms/android-34-ext11/data/res/values-mcc310-mnc410-mk: Cannot change mode to rwxr-xr-x: Operation not permitted
build	Cache Android SDK	2026-06-06T12:22:51.6861900Z /usr/bin/tar: ../../../../../usr/local/lib/android/sdk/platforms/android-34-ext11/data/res/values-mcc313-mnc100-sv: Cannot utime: Operation not permitted
build	Cache Android SDK	2026-06-06T12:22:51.6862862Z /usr/bin/tar: ../../../../../usr/local/lib/android/sdk/platforms/android-34-ext11/data/res/values-mcc313-mnc100-sv: Cannot change mode to rwxr-xr-x: Operation not permitted
build	Cache Android SDK	2026-06-06T12:22:51.6864978Z /usr/bin/tar: ../../../../../usr/local/lib/android/sdk/platforms/android-34-ext11/data/res/values-mcc310-mnc410-sl: Cannot utime: Operation not permitted
build	Cache Android SDK	2026-06-06T12:22:51.6866066Z /usr/bin/tar: ../../../../../usr/local/lib/android/sdk/platforms/android-34-ext11/data/res/values-mcc310-mnc410-sl: Cannot change mode to rwxr-xr-x: Operation not permitted
build	Cache Android SDK	2026-06-06T12:22:51.6869288Z /usr/bin/tar: ../../../../../usr/local/lib/android/sdk/platforms/android-34-ext11/data/res/values-mcc302-mnc370-en-rAU: Cannot utime: Operation not permitted
build	Cache Android SDK	2026-06-06T12:22:51.6871154Z /usr/bin/tar: ../../../../../usr/local/lib/android/sdk/platforms/android-34-ext11/data/res/values-mcc302-mnc370-en-rAU: Cannot change mode to rwxr-xr-x: Operation not permitted
build	Cache Android SDK	2026-06-06T12:22:51.6872821Z /usr/bin/tar: ../../../../../usr/local/lib/android/sdk/platforms/android-34-ext11/data/res/values-mcc310-mnc210-vi: Cannot utime: Operation not permitted
build	Cache Android SDK	2026-06-06T12:22:51.6874407Z /usr/bin/tar: ../../../../../usr/local/lib/android/sdk/platforms/android-34-ext11/data/res/values-mcc310-mnc210-vi: Cannot change mode to rwxr-xr-x: Operation not permitted
build	Cache Android SDK	2026-06-06T12:22:51.6875796Z /usr/bin/tar: ../../../../../usr/local/lib/android/sdk/platforms/android-34-ext11/data/res/values-mcc310-mnc030-ur: Cannot utime: Operation not permitted
build	Cache Android SDK	2026-06-06T12:22:51.6877057Z /usr/bin/tar: ../../../../../usr/local/lib/android/sdk/platforms/android-34-ext11/data/res/values-mcc310-mnc030-ur: Cannot change mode to rwxr-xr-x: Operation not permitted
build	Cache Android SDK	2026-06-06T12:22:51.6879818Z /usr/bin/tar: ../../../../../usr/local/lib/android/sdk/platforms/android-34-ext11/data/res/color-night: Cannot utime: Operation not permitted
build	Cache Android SDK	2026-06-06T12:22:51.6880733Z /usr/bin/tar: ../../../../../usr/local/lib/android/sdk/platforms/android-34-ext11/data/res/color-night: Cannot change mode to rwxr-xr-x: Operation not permitted
build	Cache Android SDK	2026-06-06T12:22:51.6883235Z /usr/bin/tar: ../../../../../usr/local/lib/android/sdk/platforms/android-34-ext11/data/res/values-mcc310-mnc240-ta: Cannot utime: Operation not permitted
build	Cache Android SDK	2026-06-06T12:22:51.6885100Z /usr/bin/tar: ../../../../../usr/local/lib/android/sdk/platforms/android-34-ext11/data/res/values-mcc310-mnc240-ta: Cannot change mode to rwxr-xr-x: Operation not permitted
build	Cache Android SDK	2026-06-06T12:22:51.6887323Z /usr/bin/tar: ../../../../../usr/local/lib/android/sdk/platforms/android-34-ext11/data/res/values-mcc313-mnc100-cs: Cannot utime: Operation not permitted
build	Cache Android SDK	2026-06-06T12:22:51.6888476Z /usr/bin/tar: ../../../../../usr/local/lib/android/sdk/platforms/android-34-ext11/data/res/values-mcc313-mnc100-cs: Cannot change mode to rwxr-xr-x: Operation not permitted
build	Cache Android SDK	2026-06-06T12:22:51.6890422Z /usr/bin/tar: ../../../../../usr/local/lib/android/sdk/platforms/android-34-ext11/data/res/values-mcc311-mnc180-uz: Cannot utime: Operation not permitted
build	Cache Android SDK	2026-06-06T12:22:51.6891375Z /usr/bin/tar: ../../../../../usr/local/lib/android/sdk/platforms/android-34-ext11/data/res/values-mcc311-mnc180-uz: Cannot change mode to rwxr-xr-x: Operation not permitted
build	Cache Android SDK	2026-06-06T12:22:51.6893408Z /usr/bin/tar: ../../../../../usr/local/lib/android/sdk/platforms/android-34-ext11/data/res/values-mcc312-mnc670-pt: Cannot utime: Operation not permitted
build	Cache Android SDK	2026-06-06T12:22:51.6894375Z /usr/bin/tar: ../../../../../usr/local/lib/android/sdk/platforms/android-34-ext11/data/res/values-mcc312-mnc670-pt: Cannot change mode to rwxr-xr-x: Operation not permitted
build	Cache Android SDK	2026-06-06T12:22:51.6896546Z /usr/bin/tar: ../../../../../usr/local/lib/android/sdk/platforms/android-34-ext11/data/res/values-mcc310-mnc250-tl: Cannot utime: Operation not permitted
build	Cache Android SDK	2026-06-06T12:22:51.6897687Z /usr/bin/tar: ../../../../../usr/local/lib/android/sdk/platforms/android-34-ext11/data/res/values-mcc310-mnc250-tl: Cannot change mode to rwxr-xr-x: Operation not permitted
build	Cache Android SDK	2026-06-06T12:22:51.6899783Z /usr/bin/tar: ../../../../../usr/local/lib/android/sdk/platforms/android-34-ext11/data/res/values-mcc310-mnc250-fr-rCA: Cannot utime: Operation not permitted
build	Cache Android SDK	2026-06-06T12:22:51.6901088Z /usr/bin/tar: ../../../../../usr/local/lib/android/sdk/platforms/android-34-ext11/data/res/values-mcc310-mnc250-fr-rCA: Cannot change mode to rwxr-xr-x: Operation not permitted
build	Cache Android SDK	2026-06-06T12:22:51.6902598Z /usr/bin/tar: ../../../../../usr/local/lib/android/sdk/platforms/android-34-ext11/data/res/values-mcc310-mnc150-bs: Cannot utime: Operation not permitted
build	Cache Android SDK	2026-06-06T12:22:51.6903567Z /usr/bin/tar: ../../../../../usr/local/lib/android/sdk/platforms/android-34-ext11/data/res/values-mcc310-mnc150-bs: Cannot change mode to rwxr-xr-x: Operation not permitted
build	Cache Android SDK	2026-06-06T12:22:51.6906010Z /usr/bin/tar: ../../../../../usr/local/lib/android/sdk/platforms/android-34-ext11/data/res/values-mcc310-mnc560-sk: Cannot utime: Operation not permitted
build	Cache Android SDK	2026-06-06T12:22:51.6906965Z /usr/bin/tar: ../../../../../usr/local/lib/android/sdk/platforms/android-34-ext11/data/res/values-mcc310-mnc560-sk: Cannot change mode to rwxr-xr-x: Operation not permitted
build	Cache Android SDK	2026-06-06T12:22:51.6909321Z /usr/bin/tar: ../../../../../usr/local/lib/android/sdk/platforms/android-34-ext11/data/res/values-mcc310-mnc030-zu: Cannot utime: Operation not permitted
build	Cache Android SDK	2026-06-06T12:22:51.6910349Z /usr/bin/tar: ../../../../../usr/local/lib/android/sdk/platforms/android-34-ext11/data/res/values-mcc310-mnc030-zu: Cannot change mode to rwxr-xr-x: Operation not permitted
build	Cache Android SDK	2026-06-06T12:22:51.6912528Z /usr/bin/tar: ../../../../../usr/local/lib/android/sdk/platforms/android-34-ext11/data/res/values-mcc450-mnc06: Cannot utime: Operation not permitted
build	Cache Android SDK	2026-06-06T12:22:51.6913469Z /usr/bin/tar: ../../../../../usr/local/lib/android/sdk/platforms/android-34-ext11/data/res/values-mcc450-mnc06: Cannot change mode to rwxr-xr-x: Operation not permitted
build	Cache Android SDK	2026-06-06T12:22:51.6915765Z /usr/bin/tar: ../../../../../usr/local/lib/android/sdk/platforms/android-34-ext11/data/res/values-mcc310-mnc800-es-rUS: Cannot utime: Operation not permitted
build	Cache Android SDK	2026-06-06T12:22:51.6916774Z /usr/bin/tar: ../../../../../usr/local/lib/android/sdk/platforms/android-34-ext11/data/res/values-mcc310-mnc800-es-rUS: Cannot change mode to rwxr-xr-x: Operation not permitted
build	Cache Android SDK	2026-06-06T12:22:51.6919080Z /usr/bin/tar: ../../../../../usr/local/lib/android/sdk/platforms/android-34-ext11/data/res/values-mcc310-mnc560-mn: Cannot utime: Operation not permitted
build	Cache Android SDK	2026-06-06T12:22:51.6920064Z /usr/bin/tar: ../../../../../usr/local/lib/android/sdk/platforms/android-34-ext11/data/res/values-mcc310-mnc560-mn: Cannot change mode to rwxr-xr-x: Operation not permitted
build	Cache Android SDK	2026-06-06T12:22:51.6921979Z /usr/bin/tar: ../../../../../usr/local/lib/android/sdk/platforms/android-34-ext11/data/res/values-mcc313-mnc100-bn: Cannot utime: Operation not permitted
build	Cache Android SDK	2026-06-06T12:22:51.6922938Z /usr/bin/tar: ../../../../../usr/local/lib/android/sdk/platforms/android-34-ext11/data/res/values-mcc313-mnc100-bn: Cannot change mode to rwxr-xr-x: Operation not permitted
build	Cache Android SDK	2026-06-06T12:22:51.6925338Z /usr/bin/tar: ../../../../../usr/local/lib/android/sdk/platforms/android-34-ext11/data/res/values-mcc310-mnc200-hr: Cannot utime: Operation not permitted
build	Cache Android SDK	2026-06-06T12:22:51.6926297Z /usr/bin/tar: ../../../../../usr/local/lib/android/sdk/platforms/android-34-ext11/data/res/values-mcc310-mnc200-hr: Cannot change mode to rwxr-xr-x: Operation not permitted
build	Cache Android SDK	2026-06-06T12:22:51.6928975Z /usr/bin/tar: ../../../../../usr/local/lib/android/sdk/platforms/android-34-ext11/data/res/values-mcc310-mnc200-am: Cannot utime: Operation not permitted
build	Cache Android SDK	2026-06-06T12:22:51.6930033Z /usr/bin/tar: ../../../../../usr/local/lib/android/sdk/platforms/android-34-ext11/data/res/values-mcc310-mnc200-am: Cannot change mode to rwxr-xr-x: Operation not permitted
build	Cache Android SDK	2026-06-06T12:22:51.6932474Z /usr/bin/tar: ../../../../../usr/local/lib/android/sdk/platforms/android-34-ext11/data/res/values-mcc310-mnc800-sw: Cannot utime: Operation not permitted
build	Cache Android SDK	2026-06-06T12:22:51.6933434Z /usr/bin/tar: ../../../../../usr/local/lib/android/sdk/platforms/android-34-ext11/data/res/values-mcc310-mnc800-sw: Cannot change mode to rwxr-xr-x: Operation not permitted
build	Cache Android SDK	2026-06-06T12:22:51.6935388Z /usr/bin/tar: ../../../../../usr/local/lib/android/sdk/platforms/android-34-ext11/data/res/values-mcc302-mnc370-ne: Cannot utime: Operation not permitted
build	Cache Android SDK	2026-06-06T12:22:51.6936411Z /usr/bin/tar: ../../../../../usr/local/lib/android/sdk/platforms/android-34-ext11/data/res/values-mcc302-mnc370-ne: Cannot change mode to rwxr-xr-x: Operation not permitted
build	Cache Android SDK	2026-06-06T12:22:51.6942016Z /usr/bin/tar: ../../../../../usr/local/lib/android/sdk/platforms/android-34-ext11/data/res/drawable-sw600dp-mdpi: Cannot utime: Operation not permitted
build	Cache Android SDK	2026-06-06T12:22:51.6944017Z /usr/bin/tar: ../../../../../usr/local/lib/android/sdk/platforms/android-34-ext11/data/res/drawable-sw600dp-mdpi: Cannot change mode to rwxr-xr-x: Operation not permitted
build	Cache Android SDK	2026-06-06T12:22:51.6945145Z /usr/bin/tar: ../../../../../usr/local/lib/android/sdk/platforms/android-34-ext11/data/res/values-mcc310-mnc560-af: Cannot utime: Operation not permitted
build	Cache Android SDK	2026-06-06T12:22:51.6946088Z /usr/bin/tar: ../../../../../usr/local/lib/android/sdk/platforms/android-34-ext11/data/res/values-mcc310-mnc560-af: Cannot change mode to rwxr-xr-x: Operation not permitted
build	Cache Android SDK	2026-06-06T12:22:51.6948245Z /usr/bin/tar: ../../../../../usr/local/lib/android/sdk/platforms/android-34-ext11/data/res/values-mcc310-mnc310-pt-rBR: Cannot utime: Operation not permitted
build	Cache Android SDK	2026-06-06T12:22:51.6949337Z /usr/bin/tar: ../../../../../usr/local/lib/android/sdk/platforms/android-34-ext11/data/res/values-mcc310-mnc310-pt-rBR: Cannot change mode to rwxr-xr-x: Operation not permitted
build	Cache Android SDK	2026-06-06T12:22:51.6950905Z /usr/bin/tar: ../../../../../usr/local/lib/android/sdk/platforms/android-34-ext11/data/res/values-mcc302-mnc720-es-rUS: Cannot utime: Operation not permitted
build	Cache Android SDK	2026-06-06T12:22:51.6951892Z /usr/bin/tar: ../../../../../usr/local/lib/android/sdk/platforms/android-34-ext11/data/res/values-mcc302-mnc720-es-rUS: Cannot change mode to rwxr-xr-x: Operation not permitted
build	Cache Android SDK	2026-06-06T12:22:51.6954175Z /usr/bin/tar: ../../../../../usr/local/lib/android/sdk/platforms/android-34-ext11/data/res/values-mcc310-mnc270-is: Cannot utime: Operation not permitted
build	Cache Android SDK	2026-06-06T12:22:51.6955159Z /usr/bin/tar: ../../../../../usr/local/lib/android/sdk/platforms/android-34-ext11/data/res/values-mcc310-mnc270-is: Cannot change mode to rwxr-xr-x: Operation not permitted
build	Cache Android SDK	2026-06-06T12:22:51.6957332Z /usr/bin/tar: ../../../../../usr/local/lib/android/sdk/platforms/android-34-ext11/data/res/values-mcc310-mnc250-ko: Cannot utime: Operation not permitted
build	Cache Android SDK	2026-06-06T12:22:51.6958439Z /usr/bin/tar: ../../../../../usr/local/lib/android/sdk/platforms/android-34-ext11/data/res/values-mcc310-mnc250-ko: Cannot change mode to rwxr-xr-x: Operation not permitted
build	Cache Android SDK	2026-06-06T12:22:51.6960824Z /usr/bin/tar: ../../../../../usr/local/lib/android/sdk/platforms/android-34-ext11/data/res/values-mcc310-mnc200-ro: Cannot utime: Operation not permitted
build	Cache Android SDK	2026-06-06T12:22:51.6961848Z /usr/bin/tar: ../../../../../usr/local/lib/android/sdk/platforms/android-34-ext11/data/res/values-mcc310-mnc200-ro: Cannot change mode to rwxr-xr-x: Operation not permitted
build	Cache Android SDK	2026-06-06T12:22:51.6963577Z /usr/bin/tar: ../../../../../usr/local/lib/android/sdk/platforms/android-34-ext11/data/res/values-mcc310-mnc310-zh-rTW: Cannot utime: Operation not permitted
build	Cache Android SDK	2026-06-06T12:22:51.6964578Z /usr/bin/tar: ../../../../../usr/local/lib/android/sdk/platforms/android-34-ext11/data/res/values-mcc310-mnc310-zh-rTW: Cannot change mode to rwxr-xr-x: Operation not permitted
build	Cache Android SDK	2026-06-06T12:22:51.6966785Z /usr/bin/tar: ../../../../../usr/local/lib/android/sdk/platforms/android-34-ext11/data/res/values-mcc310-mnc380-lt: Cannot utime: Operation not permitted
build	Cache Android SDK	2026-06-06T12:22:51.6968011Z /usr/bin/tar: ../../../../../usr/local/lib/android/sdk/platforms/android-34-ext11/data/res/values-mcc310-mnc380-lt: Cannot change mode to rwxr-xr-x: Operation not permitted
build	Cache Android SDK	2026-06-06T12:22:51.6969588Z /usr/bin/tar: ../../../../../usr/local/lib/android/sdk/platforms/android-34-ext11/data/res/values-mcc310-mnc410-it: Cannot utime: Operation not permitted
build	Cache Android SDK	2026-06-06T12:22:51.6970551Z /usr/bin/tar: ../../../../../usr/local/lib/android/sdk/platforms/android-34-ext11/data/res/values-mcc310-mnc410-it: Cannot change mode to rwxr-xr-x: Operation not permitted
build	Cache Android SDK	2026-06-06T12:22:51.6972950Z /usr/bin/tar: ../../../../../usr/local/lib/android/sdk/platforms/android-34-ext11/data/res/values-mcc311-mnc870: Cannot utime: Operation not permitted
build	Cache Android SDK	2026-06-06T12:22:51.6973987Z /usr/bin/tar: ../../../../../usr/local/lib/android/sdk/platforms/android-34-ext11/data/res/values-mcc311-mnc870: Cannot change mode to rwxr-xr-x: Operation not permitted
build	Cache Android SDK	2026-06-06T12:22:51.6975563Z /usr/bin/tar: ../../../../../usr/local/lib/android/sdk/platforms/android-34-ext11/data/res/values-mcc310-mnc280-kn: Cannot utime: Operation not permitted
build	Cache Android SDK	2026-06-06T12:22:51.6976589Z /usr/bin/tar: ../../../../../usr/local/lib/android/sdk/platforms/android-34-ext11/data/res/values-mcc310-mnc280-kn: Cannot change mode to rwxr-xr-x: Operation not permitted
build	Cache Android SDK	2026-06-06T12:22:51.6982950Z /usr/bin/tar: ../../../../../usr/local/lib/android/sdk/platforms/android-34-ext11/data/res/values-fr-rCA: Cannot utime: Operation not permitted
build	Cache Android SDK	2026-06-06T12:22:51.6984351Z /usr/bin/tar: ../../../../../usr/local/lib/android/sdk/platforms/android-34-ext11/data/res/values-fr-rCA: Cannot change mode to rwxr-xr-x: Operation not permitted
build	Cache Android SDK	2026-06-06T12:22:51.6986328Z /usr/bin/tar: ../../../../../usr/local/lib/android/sdk/platforms/android-34-ext11/data/res/values-ko-watch: Cannot utime: Operation not permitted
build	Cache Android SDK	2026-06-06T12:22:51.6987790Z /usr/bin/tar: ../../../../../usr/local/lib/android/sdk/platforms/android-34-ext11/data/res/values-ko-watch: Cannot change mode to rwxr-xr-x: Operation not permitted
build	Cache Android SDK	2026-06-06T12:22:51.6989798Z /usr/bin/tar: ../../../../../usr/local/lib/android/sdk/platforms/android-34-ext11/data/res/values-mcc310-mnc170-in: Cannot utime: Operation not permitted
build	Cache Android SDK	2026-06-06T12:22:51.6990837Z /usr/bin/tar: ../../../../../usr/local/lib/android/sdk/platforms/android-34-ext11/data/res/values-mcc310-mnc170-in: Cannot change mode to rwxr-xr-x: Operation not permitted
build	Cache Android SDK	2026-06-06T12:22:51.6993413Z /usr/bin/tar: ../../../../../usr/local/lib/android/sdk/platforms/android-34-ext11/data/res/values-mcc310-mnc170-pa: Cannot utime: Operation not permitted
build	Cache Android SDK	2026-06-06T12:22:51.6994478Z /usr/bin/tar: ../../../../../usr/local/lib/android/sdk/platforms/android-34-ext11/data/res/values-mcc310-mnc170-pa: Cannot change mode to rwxr-xr-x: Operation not permitted
build	Cache Android SDK	2026-06-06T12:22:51.6996492Z /usr/bin/tar: ../../../../../usr/local/lib/android/sdk/platforms/android-34-ext11/data/res/values-mcc310-mnc220-bs: Cannot utime: Operation not permitted
build	Cache Android SDK	2026-06-06T12:22:51.6997758Z /usr/bin/tar: ../../../../../usr/local/lib/android/sdk/platforms/android-34-ext11/data/res/values-mcc310-mnc220-bs: Cannot change mode to rwxr-xr-x: Operation not permitted
build	Cache Android SDK	2026-06-06T12:22:51.6999495Z /usr/bin/tar: ../../../../../usr/local/lib/android/sdk/platforms/android-34-ext11/data/res/values-mcc310-mnc280-pt-rPT: Cannot utime: Operation not permitted
build	Cache Android SDK	2026-06-06T12:22:51.7000498Z /usr/bin/tar: ../../../../../usr/local/lib/android/sdk/platforms/android-34-ext11/data/res/values-mcc310-mnc280-pt-rPT: Cannot change mode to rwxr-xr-x: Operation not permitted
build	Cache Android SDK	2026-06-06T12:22:51.7003054Z /usr/bin/tar: ../../../../../usr/local/lib/android/sdk/platforms/android-34-ext11/data/res/values-mcc310-mnc200-ur: Cannot utime: Operation not permitted
build	Cache Android SDK	2026-06-06T12:22:51.7004038Z /usr/bin/tar: ../../../../../usr/local/lib/android/sdk/platforms/android-34-ext11/data/res/values-mcc310-mnc200-ur: Cannot change mode to rwxr-xr-x: Operation not permitted
build	Cache Android SDK	2026-06-06T12:22:51.7006014Z /usr/bin/tar: ../../../../../usr/local/lib/android/sdk/platforms/android-34-ext11/data/res/values-mcc310-mnc490-lv: Cannot utime: Operation not permitted
build	Cache Android SDK	2026-06-06T12:22:51.7006983Z /usr/bin/tar: ../../../../../usr/local/lib/android/sdk/platforms/android-34-ext11/data/res/values-mcc310-mnc490-lv: Cannot change mode to rwxr-xr-x: Operation not permitted
build	Cache Android SDK	2026-06-06T12:22:51.7009240Z /usr/bin/tar: ../../../../../usr/local/lib/android/sdk/platforms/android-34-ext11/data/res/values-uz-watch: Cannot utime: Operation not permitted
build	Cache Android SDK	2026-06-06T12:22:51.7010292Z /usr/bin/tar: ../../../../../usr/local/lib/android/sdk/platforms/android-34-ext11/data/res/values-uz-watch: Cannot change mode to rwxr-xr-x: Operation not permitted
build	Cache Android SDK	2026-06-06T12:22:51.7012202Z /usr/bin/tar: ../../../../../usr/local/lib/android/sdk/platforms/android-34-ext11/data/res/values-mcc310-mnc660-da: Cannot utime: Operation not permitted
build	Cache Android SDK	2026-06-06T12:22:51.7013166Z /usr/bin/tar: ../../../../../usr/local/lib/android/sdk/platforms/android-34-ext11/data/res/values-mcc310-mnc660-da: Cannot change mode to rwxr-xr-x: Operation not permitted
build	Cache Android SDK	2026-06-06T12:22:51.7019428Z /usr/bin/tar: ../../../../../usr/local/lib/android/sdk/platforms/android-34-ext11/data/res/values-fi: Cannot utime: Operation not permitted
build	Cache Android SDK	2026-06-06T12:22:51.7020488Z /usr/bin/tar: ../../../../../usr/local/lib/android/sdk/platforms/android-34-ext11/data/res/values-fi: Cannot change mode to rwxr-xr-x: Operation not permitted
build	Cache Android SDK	2026-06-06T12:22:51.7022196Z /usr/bin/tar: ../../../../../usr/local/lib/android/sdk/platforms/android-34-ext11/data/res/values-mcc310-mnc800-cs: Cannot utime: Operation not permitted
build	Cache Android SDK	2026-06-06T12:22:51.7023279Z /usr/bin/tar: ../../../../../usr/local/lib/android/sdk/platforms/android-34-ext11/data/res/values-mcc310-mnc800-cs: Cannot change mode to rwxr-xr-x: Operation not permitted
build	Cache Android SDK	2026-06-06T12:22:51.7025711Z /usr/bin/tar: ../../../../../usr/local/lib/android/sdk/platforms/android-34-ext11/data/res/values-mcc310-mnc380-hi: Cannot utime: Operation not permitted
build	Cache Android SDK	2026-06-06T12:22:51.7026913Z /usr/bin/tar: ../../../../../usr/local/lib/android/sdk/platforms/android-34-ext11/data/res/values-mcc310-mnc380-hi: Cannot change mode to rwxr-xr-x: Operation not permitted
build	Cache Android SDK	2026-06-06T12:22:51.7040205Z /usr/bin/tar: ../../../../../usr/local/lib/android/sdk/platforms/android-34-ext11/data/res/values-mcc310-mnc410-af: Cannot utime: Operation not permitted
build	Cache Android SDK	2026-06-06T12:22:51.7041906Z /usr/bin/tar: ../../../../../usr/local/lib/android/sdk/platforms/android-34-ext11/data/res/values-mcc310-mnc410-af: Cannot change mode to rwxr-xr-x: Operation not permitted
build	Cache Android SDK	2026-06-06T12:22:51.7043009Z /usr/bin/tar: ../../../../../usr/local/lib/android/sdk/platforms/android-34-ext11/data/res/values-mcc310-mnc250-km: Cannot utime: Operation not permitted
build	Cache Android SDK	2026-06-06T12:22:51.7044296Z /usr/bin/tar: ../../../../../usr/local/lib/android/sdk/platforms/android-34-ext11/data/res/values-mcc310-mnc250-km: Cannot change mode to rwxr-xr-x: Operation not permitted
build	Cache Android SDK	2026-06-06T12:22:51.7045405Z /usr/bin/tar: ../../../../../usr/local/lib/android/sdk/platforms/android-34-ext11/data/res/values-mcc302-mnc370-pa: Cannot utime: Operation not permitted
build	Cache Android SDK	2026-06-06T12:22:51.7046344Z /usr/bin/tar: ../../../../../usr/local/lib/android/sdk/platforms/android-34-ext11/data/res/values-mcc302-mnc370-pa: Cannot change mode to rwxr-xr-x: Operation not permitted
build	Cache Android SDK	2026-06-06T12:22:51.7047453Z /usr/bin/tar: ../../../../../usr/local/lib/android/sdk/platforms/android-34-ext11/data/res/values-mcc310-mnc380-ca: Cannot utime: Operation not permitted
build	Cache Android SDK	2026-06-06T12:22:51.7048835Z /usr/bin/tar: ../../../../../usr/local/lib/android/sdk/platforms/android-34-ext11/data/res/values-mcc310-mnc380-ca: Cannot change mode to rwxr-xr-x: Operation not permitted
build	Cache Android SDK	2026-06-06T12:22:51.7049791Z /usr/bin/tar: ../../../../../usr/local/lib/android/sdk/platforms/android-34-ext11/data/res/values-mcc310-mnc950-gu: Cannot utime: Operation not permitted
build	Cache Android SDK	2026-06-06T12:22:51.7051037Z /usr/bin/tar: ../../../../../usr/local/lib/android/sdk/platforms/android-34-ext11/data/res/values-mcc310-mnc950-gu: Cannot change mode to rwxr-xr-x: Operation not permitted
build	Cache Android SDK	2026-06-06T12:22:51.7052403Z /usr/bin/tar: ../../../../../usr/local/lib/android/sdk/platforms/android-34-ext11/data/res/values-mcc302-mnc720-sq: Cannot utime: Operation not permitted
build	Cache Android SDK	2026-06-06T12:22:51.7053419Z /usr/bin/tar: ../../../../../usr/local/lib/android/sdk/platforms/android-34-ext11/data/res/values-mcc302-mnc720-sq: Cannot change mode to rwxr-xr-x: Operation not permitted
build	Cache Android SDK	2026-06-06T12:22:51.7054497Z /usr/bin/tar: ../../../../../usr/local/lib/android/sdk/platforms/android-34-ext11/data/res/values-sq-watch: Cannot utime: Operation not permitted
build	Cache Android SDK	2026-06-06T12:22:51.7055709Z /usr/bin/tar: ../../../../../usr/local/lib/android/sdk/platforms/android-34-ext11/data/res/values-sq-watch: Cannot change mode to rwxr-xr-x: Operation not permitted
build	Cache Android SDK	2026-06-06T12:22:51.7056755Z /usr/bin/tar: ../../../../../usr/local/lib/android/sdk/platforms/android-34-ext11/data/res/values-mcc311-mnc180-lv: Cannot utime: Operation not permitted
build	Cache Android SDK	2026-06-06T12:22:51.7058038Z /usr/bin/tar: ../../../../../usr/local/lib/android/sdk/platforms/android-34-ext11/data/res/values-mcc311-mnc180-lv: Cannot change mode to rwxr-xr-x: Operation not permitted
build	Cache Android SDK	2026-06-06T12:22:51.7059249Z /usr/bin/tar: ../../../../../usr/local/lib/android/sdk/platforms/android-34-ext11/data/res/values-mcc310-mnc280-it: Cannot utime: Operation not permitted
build	Cache Android SDK	2026-06-06T12:22:51.7060607Z /usr/bin/tar: ../../../../../usr/local/lib/android/sdk/platforms/android-34-ext11/data/res/values-mcc310-mnc280-it: Cannot change mode to rwxr-xr-x: Operation not permitted
build	Cache Android SDK	2026-06-06T12:22:51.7062298Z /usr/bin/tar: ../../../../../usr/local/lib/android/sdk/platforms/android-34-ext11/data/res/values-mcc302-mnc720-kk: Cannot utime: Operation not permitted
build	Cache Android SDK	2026-06-06T12:22:51.7064163Z /usr/bin/tar: ../../../../../usr/local/lib/android/sdk/platforms/android-34-ext11/data/res/values-mcc302-mnc720-kk: Cannot change mode to rwxr-xr-x: Operation not permitted
build	Cache Android SDK	2026-06-06T12:22:51.7065852Z /usr/bin/tar: ../../../../../usr/local/lib/android/sdk/platforms/android-34-ext11/data/res: Cannot utime: Operation not permitted
build	Cache Android SDK	2026-06-06T12:22:51.7067588Z /usr/bin/tar: ../../../../../usr/local/lib/android/sdk/platforms/android-34-ext11/data/res: Cannot change mode to rwxr-xr-x: Operation not permitted
build	Cache Android SDK	2026-06-06T12:22:51.7126051Z /usr/bin/tar: ../../../../../usr/local/lib/android/sdk/platforms/android-34-ext11/data: Cannot utime: Operation not permitted
build	Cache Android SDK	2026-06-06T12:22:51.7126945Z /usr/bin/tar: ../../../../../usr/local/lib/android/sdk/platforms/android-34-ext11/data: Cannot change mode to rwxr-xr-x: Operation not permitted
build	Cache Android SDK	2026-06-06T12:22:51.7128134Z /usr/bin/tar: ../../../../../usr/local/lib/android/sdk/platforms/android-34-ext11: Cannot utime: Operation not permitted
build	Cache Android SDK	2026-06-06T12:22:51.7128944Z /usr/bin/tar: ../../../../../usr/local/lib/android/sdk/platforms/android-34-ext11: Cannot change mode to rwxr-xr-x: Operation not permitted
build	Cache Android SDK	2026-06-06T12:22:51.7149784Z /usr/bin/tar: ../../../../../usr/local/lib/android/sdk/platforms/android-36-ext18/optional/libbinder_ndk_cpp/android: Cannot utime: Operation not permitted
build	Cache Android SDK	2026-06-06T12:22:51.7150803Z /usr/bin/tar: ../../../../../usr/local/lib/android/sdk/platforms/android-36-ext18/optional/libbinder_ndk_cpp/android: Cannot change mode to rwxr-xr-x: Operation not permitted
build	Cache Android SDK	2026-06-06T12:22:51.7151750Z /usr/bin/tar: ../../../../../usr/local/lib/android/sdk/platforms/android-36-ext18/optional/libbinder_ndk_cpp: Cannot utime: Operation not permitted
build	Cache Android SDK	2026-06-06T12:22:51.7152680Z /usr/bin/tar: ../../../../../usr/local/lib/android/sdk/platforms/android-36-ext18/optional/libbinder_ndk_cpp: Cannot change mode to rwxr-xr-x: Operation not permitted
build	Cache Android SDK	2026-06-06T12:22:51.7157724Z /usr/bin/tar: ../../../../../usr/local/lib/android/sdk/platforms/android-36-ext18/optional: Cannot utime: Operation not permitted
build	Cache Android SDK	2026-06-06T12:22:51.7159185Z /usr/bin/tar: ../../../../../usr/local/lib/android/sdk/platforms/android-36-ext18/optional: Cannot change mode to rwxr-xr-x: Operation not permitted
build	Cache Android SDK	2026-06-06T12:22:51.7270948Z /usr/bin/tar: ../../../../../usr/local/lib/android/sdk/platforms/android-36-ext18/skins/WXGA800: Cannot utime: Operation not permitted
build	Cache Android SDK	2026-06-06T12:22:51.7271932Z /usr/bin/tar: ../../../../../usr/local/lib/android/sdk/platforms/android-36-ext18/skins/WXGA800: Cannot change mode to rwxr-xr-x: Operation not permitted
build	Cache Android SDK	2026-06-06T12:22:51.7278055Z /usr/bin/tar: ../../../../../usr/local/lib/android/sdk/platforms/android-36-ext18/skins/HVGA: Cannot utime: Operation not permitted
build	Cache Android SDK	2026-06-06T12:22:51.7279067Z /usr/bin/tar: ../../../../../usr/local/lib/android/sdk/platforms/android-36-ext18/skins/HVGA: Cannot change mode to rwxr-xr-x: Operation not permitted
build	Cache Android SDK	2026-06-06T12:22:51.7285763Z /usr/bin/tar: ../../../../../usr/local/lib/android/sdk/platforms/android-36-ext18/skins/WSVGA: Cannot utime: Operation not permitted
build	Cache Android SDK	2026-06-06T12:22:51.7286585Z /usr/bin/tar: ../../../../../usr/local/lib/android/sdk/platforms/android-36-ext18/skins/WSVGA: Cannot change mode to rwxr-xr-x: Operation not permitted
build	Cache Android SDK	2026-06-06T12:22:51.7293432Z /usr/bin/tar: ../../../../../usr/local/lib/android/sdk/platforms/android-36-ext18/skins/WQVGA432: Cannot utime: Operation not permitted
build	Cache Android SDK	2026-06-06T12:22:51.7294274Z /usr/bin/tar: ../../../../../usr/local/lib/android/sdk/platforms/android-36-ext18/skins/WQVGA432: Cannot change mode to rwxr-xr-x: Operation not permitted
build	Cache Android SDK	2026-06-06T12:22:51.7301583Z /usr/bin/tar: ../../../../../usr/local/lib/android/sdk/platforms/android-36-ext18/skins/WVGA854: Cannot utime: Operation not permitted
build	Cache Android SDK	2026-06-06T12:22:51.7302449Z /usr/bin/tar: ../../../../../usr/local/lib/android/sdk/platforms/android-36-ext18/skins/WVGA854: Cannot change mode to rwxr-xr-x: Operation not permitted
build	Cache Android SDK	2026-06-06T12:22:51.7309869Z /usr/bin/tar: ../../../../../usr/local/lib/android/sdk/platforms/android-36-ext18/skins/WXGA800-7in: Cannot utime: Operation not permitted
build	Cache Android SDK	2026-06-06T12:22:51.7310833Z /usr/bin/tar: ../../../../../usr/local/lib/android/sdk/platforms/android-36-ext18/skins/WXGA800-7in: Cannot change mode to rwxr-xr-x: Operation not permitted
build	Cache Android SDK	2026-06-06T12:22:51.7317514Z /usr/bin/tar: ../../../../../usr/local/lib/android/sdk/platforms/android-36-ext18/skins/QVGA: Cannot utime: Operation not permitted
build	Cache Android SDK	2026-06-06T12:22:51.7318645Z /usr/bin/tar: ../../../../../usr/local/lib/android/sdk/platforms/android-36-ext18/skins/QVGA: Cannot change mode to rwxr-xr-x: Operation not permitted
build	Cache Android SDK	2026-06-06T12:22:51.7326445Z /usr/bin/tar: ../../../../../usr/local/lib/android/sdk/platforms/android-36-ext18/skins/WQVGA400: Cannot utime: Operation not permitted
build	Cache Android SDK	2026-06-06T12:22:51.7328580Z /usr/bin/tar: ../../../../../usr/local/lib/android/sdk/platforms/android-36-ext18/skins/WQVGA400: Cannot change mode to rwxr-xr-x: Operation not permitted
build	Cache Android SDK	2026-06-06T12:22:51.7341012Z /usr/bin/tar: ../../../../../usr/local/lib/android/sdk/platforms/android-36-ext18/skins/WVGA800: Cannot utime: Operation not permitted
build	Cache Android SDK	2026-06-06T12:22:51.7341991Z /usr/bin/tar: ../../../../../usr/local/lib/android/sdk/platforms/android-36-ext18/skins/WVGA800: Cannot change mode to rwxr-xr-x: Operation not permitted
build	Cache Android SDK	2026-06-06T12:22:51.7348985Z /usr/bin/tar: ../../../../../usr/local/lib/android/sdk/platforms/android-36-ext18/skins/WXGA720: Cannot utime: Operation not permitted
build	Cache Android SDK	2026-06-06T12:22:51.7349856Z /usr/bin/tar: ../../../../../usr/local/lib/android/sdk/platforms/android-36-ext18/skins/WXGA720: Cannot change mode to rwxr-xr-x: Operation not permitted
build	Cache Android SDK	2026-06-06T12:22:51.7350688Z /usr/bin/tar: ../../../../../usr/local/lib/android/sdk/platforms/android-36-ext18/skins: Cannot utime: Operation not permitted
build	Cache Android SDK	2026-06-06T12:22:51.7351489Z /usr/bin/tar: ../../../../../usr/local/lib/android/sdk/platforms/android-36-ext18/skins: Cannot change mode to rwxr-xr-x: Operation not permitted
build	Cache Android SDK	2026-06-06T12:22:51.7592230Z /usr/bin/tar: ../../../../../usr/local/lib/android/sdk/platforms/android-36-ext18/templates: Cannot utime: Operation not permitted
build	Cache Android SDK	2026-06-06T12:22:51.7606881Z /usr/bin/tar: ../../../../../usr/local/lib/android/sdk/platforms/android-36-ext18/templates: Cannot change mode to rwxr-xr-x: Operation not permitted
build	Cache Android SDK	2026-06-06T12:22:51.7608248Z /usr/bin/tar: ../../../../../usr/local/lib/android/sdk/platforms/android-36-ext18/data/res/values-mcc310-mnc160-sk: Cannot utime: Operation not permitted
build	Cache Android SDK	2026-06-06T12:22:51.7609254Z /usr/bin/tar: ../../../../../usr/local/lib/android/sdk/platforms/android-36-ext18/data/res/values-mcc310-mnc160-sk: Cannot change mode to rwxr-xr-x: Operation not permitted
build	Cache Android SDK	2026-06-06T12:22:51.7612888Z /usr/bin/tar: ../../../../../usr/local/lib/android/sdk/platforms/android-36-ext18/data/res/values-mcc302-mnc370-hr: Cannot utime: Operation not permitted
build	Cache Android SDK	2026-06-06T12:22:51.7614067Z /usr/bin/tar: ../../../../../usr/local/lib/android/sdk/platforms/android-36-ext18/data/res/values-mcc302-mnc370-hr: Cannot change mode to rwxr-xr-x: Operation not permitted
build	Cache Android SDK	2026-06-06T12:22:51.7618509Z /usr/bin/tar: ../../../../../usr/local/lib/android/sdk/platforms/android-36-ext18/data/res/values-mcc310-mnc950-zh-rHK: Cannot utime: Operation not permitted
build	Cache Android SDK	2026-06-06T12:22:51.7619511Z /usr/bin/tar: ../../../../../usr/local/lib/android/sdk/platforms/android-36-ext18/data/res/values-mcc310-mnc950-zh-rHK: Cannot change mode to rwxr-xr-x: Operation not permitted
build	Cache Android SDK	2026-06-06T12:22:51.7624176Z /usr/bin/tar: ../../../../../usr/local/lib/android/sdk/platforms/android-36-ext18/data/res/values-mcc310-mnc210-et: Cannot utime: Operation not permitted
build	Cache Android SDK	2026-06-06T12:22:51.7625932Z /usr/bin/tar: ../../../../../usr/local/lib/android/sdk/platforms/android-36-ext18/data/res/values-mcc310-mnc210-et: Cannot change mode to rwxr-xr-x: Operation not permitted
build	Cache Android SDK	2026-06-06T12:22:51.7627074Z /usr/bin/tar: ../../../../../usr/local/lib/android/sdk/platforms/android-36-ext18/data/res/values-mcc310-mnc170-sl: Cannot utime: Operation not permitted
build	Cache Android SDK	2026-06-06T12:22:51.7628349Z /usr/bin/tar: ../../../../../usr/local/lib/android/sdk/platforms/android-36-ext18/data/res/values-mcc310-mnc170-sl: Cannot change mode to rwxr-xr-x: Operation not permitted
build	Cache Android SDK	2026-06-06T12:22:51.7629702Z /usr/bin/tar: ../../../../../usr/local/lib/android/sdk/platforms/android-36-ext18/data/res/values-mcc310-mnc150-eu: Cannot utime: Operation not permitted
build	Cache Android SDK	2026-06-06T12:22:51.7630641Z /usr/bin/tar: ../../../../../usr/local/lib/android/sdk/platforms/android-36-ext18/data/res/values-mcc310-mnc150-eu: Cannot change mode to rwxr-xr-x: Operation not permitted
build	Cache Android SDK	2026-06-06T12:22:51.7635065Z /usr/bin/tar: ../../../../../usr/local/lib/android/sdk/platforms/android-36-ext18/data/res/values-mcc334-mnc020-bs: Cannot utime: Operation not permitted
build	Cache Android SDK	2026-06-06T12:22:51.7636017Z /usr/bin/tar: ../../../../../usr/local/lib/android/sdk/platforms/android-36-ext18/data/res/values-mcc334-mnc020-bs: Cannot change mode to rwxr-xr-x: Operation not permitted
build	Cache Android SDK	2026-06-06T12:22:51.7641676Z /usr/bin/tar: ../../../../../usr/local/lib/android/sdk/platforms/android-36-ext18/data/res/values-mcc310-mnc310-en-rAU: Cannot utime: Operation not permitted
build	Cache Android SDK	2026-06-06T12:22:51.7642684Z /usr/bin/tar: ../../../../../usr/local/lib/android/sdk/platforms/android-36-ext18/data/res/values-mcc310-mnc310-en-rAU: Cannot change mode to rwxr-xr-x: Operation not permitted
build	Cache Android SDK	2026-06-06T12:22:51.7644647Z /usr/bin/tar: ../../../../../usr/local/lib/android/sdk/platforms/android-36-ext18/data/res/values-mcc334-mnc020-nl: Cannot utime: Operation not permitted
build	Cache Android SDK	2026-06-06T12:22:51.7645590Z /usr/bin/tar: ../../../../../usr/local/lib/android/sdk/platforms/android-36-ext18/data/res/values-mcc334-mnc020-nl: Cannot change mode to rwxr-xr-x: Operation not permitted
build	Cache Android SDK	2026-06-06T12:22:51.7650674Z /usr/bin/tar: ../../../../../usr/local/lib/android/sdk/platforms/android-36-ext18/data/res/raw-nl: Cannot utime: Operation not permitted
build	Cache Android SDK	2026-06-06T12:22:51.7651522Z /usr/bin/tar: ../../../../../usr/local/lib/android/sdk/platforms/android-36-ext18/data/res/raw-nl: Cannot change mode to rwxr-xr-x: Operation not permitted
build	Cache Android SDK	2026-06-06T12:22:51.7656576Z /usr/bin/tar: ../../../../../usr/local/lib/android/sdk/platforms/android-36-ext18/data/res/values-mcc310-mnc800-pl: Cannot utime: Operation not permitted
build	Cache Android SDK	2026-06-06T12:22:51.7657849Z /usr/bin/tar: ../../../../../usr/local/lib/android/sdk/platforms/android-36-ext18/data/res/values-mcc310-mnc800-pl: Cannot change mode to rwxr-xr-x: Operation not permitted
build	Cache Android SDK	2026-06-06T12:22:51.7663206Z /usr/bin/tar: ../../../../../usr/local/lib/android/sdk/platforms/android-36-ext18/data/res/values-mcc310-mnc490-sk: Cannot utime: Operation not permitted
build	Cache Android SDK	2026-06-06T12:22:51.7664404Z /usr/bin/tar: ../../../../../usr/local/lib/android/sdk/platforms/android-36-ext18/data/res/values-mcc310-mnc490-sk: Cannot change mode to rwxr-xr-x: Operation not permitted
build	Cache Android SDK	2026-06-06T12:22:51.7670325Z /usr/bin/tar: ../../../../../usr/local/lib/android/sdk/platforms/android-36-ext18/data/res/values-si: Cannot utime: Operation not permitted
build	Cache Android SDK	2026-06-06T12:22:51.7671349Z /usr/bin/tar: ../../../../../usr/local/lib/android/sdk/platforms/android-36-ext18/data/res/values-si: Cannot change mode to rwxr-xr-x: Operation not permitted
build	Cache Android SDK	2026-06-06T12:22:51.7674020Z /usr/bin/tar: ../../../../../usr/local/lib/android/sdk/platforms/android-36-ext18/data/res/values-mcc311-mnc180-bg: Cannot utime: Operation not permitted
build	Cache Android SDK	2026-06-06T12:22:51.7674996Z /usr/bin/tar: ../../../../../usr/local/lib/android/sdk/platforms/android-36-ext18/data/res/values-mcc311-mnc180-bg: Cannot change mode to rwxr-xr-x: Operation not permitted
build	Cache Android SDK	2026-06-06T12:22:51.7676887Z /usr/bin/tar: ../../../../../usr/local/lib/android/sdk/platforms/android-36-ext18/data/res/values-mcc310-mnc160-be: Cannot utime: Operation not permitted
build	Cache Android SDK	2026-06-06T12:22:51.7678119Z /usr/bin/tar: ../../../../../usr/local/lib/android/sdk/platforms/android-36-ext18/data/res/values-mcc310-mnc160-be: Cannot change mode to rwxr-xr-x: Operation not permitted
build	Cache Android SDK	2026-06-06T12:22:51.7680652Z /usr/bin/tar: ../../../../../usr/local/lib/android/sdk/platforms/android-36-ext18/data/res/values-mcc310-mnc280-pt: Cannot utime: Operation not permitted
build	Cache Android SDK	2026-06-06T12:22:51.7681741Z /usr/bin/tar: ../../../../../usr/local/lib/android/sdk/platforms/android-36-ext18/data/res/values-mcc310-mnc280-pt: Cannot change mode to rwxr-xr-x: Operation not permitted
build	Cache Android SDK	2026-06-06T12:22:51.7684055Z /usr/bin/tar: ../../../../../usr/local/lib/android/sdk/platforms/android-36-ext18/data/res/values-mcc302-mnc720-zh-rHK: Cannot utime: Operation not permitted
build	Cache Android SDK	2026-06-06T12:22:51.7685086Z /usr/bin/tar: ../../../../../usr/local/lib/android/sdk/platforms/android-36-ext18/data/res/values-mcc302-mnc720-zh-rHK: Cannot change mode to rwxr-xr-x: Operation not permitted
build	Cache Android SDK	2026-06-06T12:22:51.7687205Z /usr/bin/tar: ../../../../../usr/local/lib/android/sdk/platforms/android-36-ext18/data/res/values-mcc440-mnc50: Cannot utime: Operation not permitted
build	Cache Android SDK	2026-06-06T12:22:51.7688397Z /usr/bin/tar: ../../../../../usr/local/lib/android/sdk/platforms/android-36-ext18/data/res/values-mcc440-mnc50: Cannot change mode to rwxr-xr-x: Operation not permitted
build	Cache Android SDK	2026-06-06T12:22:51.7690798Z /usr/bin/tar: ../../../../../usr/local/lib/android/sdk/platforms/android-36-ext18/data/res/values-tr-television: Cannot utime: Operation not permitted
build	Cache Android SDK	2026-06-06T12:22:51.7691863Z /usr/bin/tar: ../../../../../usr/local/lib/android/sdk/platforms/android-36-ext18/data/res/values-tr-television: Cannot change mode to rwxr-xr-x: Operation not permitted
build	Cache Android SDK	2026-06-06T12:22:51.7694237Z /usr/bin/tar: ../../../../../usr/local/lib/android/sdk/platforms/android-36-ext18/data/res/values-mcc310-mnc490-th: Cannot utime: Operation not permitted
build	Cache Android SDK	2026-06-06T12:22:51.7695207Z /usr/bin/tar: ../../../../../usr/local/lib/android/sdk/platforms/android-36-ext18/data/res/values-mcc310-mnc490-th: Cannot change mode to rwxr-xr-x: Operation not permitted
build	Cache Android SDK	2026-06-06T12:22:51.7697878Z /usr/bin/tar: ../../../../../usr/local/lib/android/sdk/platforms/android-36-ext18/data/res/values-mcc311-mnc180-zh-rHK: Cannot utime: Operation not permitted
build	Cache Android SDK	2026-06-06T12:22:51.7698883Z /usr/bin/tar: ../../../../../usr/local/lib/android/sdk/platforms/android-36-ext18/data/res/values-mcc311-mnc180-zh-rHK: Cannot change mode to rwxr-xr-x: Operation not permitted
build	Cache Android SDK	2026-06-06T12:22:51.7700737Z /usr/bin/tar: ../../../../../usr/local/lib/android/sdk/platforms/android-36-ext18/data/res/values-mcc310-mnc310-fi: Cannot utime: Operation not permitted
build	Cache Android SDK	2026-06-06T12:22:51.7701694Z /usr/bin/tar: ../../../../../usr/local/lib/android/sdk/platforms/android-36-ext18/data/res/values-mcc310-mnc310-fi: Cannot change mode to rwxr-xr-x: Operation not permitted
build	Cache Android SDK	2026-06-06T12:22:51.7705150Z /usr/bin/tar: ../../../../../usr/local/lib/android/sdk/platforms/android-36-ext18/data/res/values-mcc313-mnc100-is: Cannot utime: Operation not permitted
build	Cache Android SDK	2026-06-06T12:22:51.7706276Z /usr/bin/tar: ../../../../../usr/local/lib/android/sdk/platforms/android-36-ext18/data/res/values-mcc313-mnc100-is: Cannot change mode to rwxr-xr-x: Operation not permitted
build	Cache Android SDK	2026-06-06T12:22:51.7708102Z /usr/bin/tar: ../../../../../usr/local/lib/android/sdk/platforms/android-36-ext18/data/res/values-mcc310-mnc280-as: Cannot utime: Operation not permitted
build	Cache Android SDK	2026-06-06T12:22:51.7709153Z /usr/bin/tar: ../../../../../usr/local/lib/android/sdk/platforms/android-36-ext18/data/res/values-mcc310-mnc280-as: Cannot change mode to rwxr-xr-x: Operation not permitted
build	Cache Android SDK	2026-06-06T12:22:51.7712175Z /usr/bin/tar: ../../../../../usr/local/lib/android/sdk/platforms/android-36-ext18/data/res/values-w180dp-notround-watch: Cannot utime: Operation not permitted
build	Cache Android SDK	2026-06-06T12:22:51.7713198Z /usr/bin/tar: ../../../../../usr/local/lib/android/sdk/platforms/android-36-ext18/data/res/values-w180dp-notround-watch: Cannot change mode to rwxr-xr-x: Operation not permitted
build	Cache Android SDK	2026-06-06T12:22:51.7715188Z /usr/bin/tar: ../../../../../usr/local/lib/android/sdk/platforms/android-36-ext18/data/res/values-mcc310-mnc030-gu: Cannot utime: Operation not permitted
build	Cache Android SDK	2026-06-06T12:22:51.7716206Z /usr/bin/tar: ../../../../../usr/local/lib/android/sdk/platforms/android-36-ext18/data/res/values-mcc310-mnc030-gu: Cannot change mode to rwxr-xr-x: Operation not permitted
build	Cache Android SDK	2026-06-06T12:22:51.7719194Z /usr/bin/tar: ../../../../../usr/local/lib/android/sdk/platforms/android-36-ext18/data/res/values-mcc310-mnc210-in: Cannot utime: Operation not permitted
build	Cache Android SDK	2026-06-06T12:22:51.7720690Z /usr/bin/tar: ../../../../../usr/local/lib/android/sdk/platforms/android-36-ext18/data/res/values-mcc310-mnc210-in: Cannot change mode to rwxr-xr-x: Operation not permitted
build	Cache Android SDK	2026-06-06T12:22:51.7722507Z /usr/bin/tar: ../../../../../usr/local/lib/android/sdk/platforms/android-36-ext18/data/res/values-mcc310-mnc410-nl: Cannot utime: Operation not permitted
build	Cache Android SDK	2026-06-06T12:22:51.7723481Z /usr/bin/tar: ../../../../../usr/local/lib/android/sdk/platforms/android-36-ext18/data/res/values-mcc310-mnc410-nl: Cannot change mode to rwxr-xr-x: Operation not permitted
build	Cache Android SDK	2026-06-06T12:22:51.7727299Z /usr/bin/tar: ../../../../../usr/local/lib/android/sdk/platforms/android-36-ext18/data/res/values-mcc310-mnc410-hi: Cannot utime: Operation not permitted
build	Cache Android SDK	2026-06-06T12:22:51.7729307Z /usr/bin/tar: ../../../../../usr/local/lib/android/sdk/platforms/android-36-ext18/data/res/values-mcc310-mnc410-hi: Cannot change mode to rwxr-xr-x: Operation not permitted
build	Cache Android SDK	2026-06-06T12:22:51.7731417Z /usr/bin/tar: ../../../../../usr/local/lib/android/sdk/platforms/android-36-ext18/data/res/values-mcc310-mnc210-iw: Cannot utime: Operation not permitted
build	Cache Android SDK	2026-06-06T12:22:51.7732407Z /usr/bin/tar: ../../../../../usr/local/lib/android/sdk/platforms/android-36-ext18/data/res/values-mcc310-mnc210-iw: Cannot change mode to rwxr-xr-x: Operation not permitted
build	Cache Android SDK	2026-06-06T12:22:51.7743179Z /usr/bin/tar: ../../../../../usr/local/lib/android/sdk/platforms/android-36-ext18/data/res/values-mcc001-mnc01-or: Cannot utime: Operation not permitted
build	Cache Android SDK	2026-06-06T12:22:51.7744209Z /usr/bin/tar: ../../../../../usr/local/lib/android/sdk/platforms/android-36-ext18/data/res/values-mcc001-mnc01-or: Cannot change mode to rwxr-xr-x: Operation not permitted
build	Cache Android SDK	2026-06-06T12:22:51.7749558Z /usr/bin/tar: ../../../../../usr/local/lib/android/sdk/platforms/android-36-ext18/data/res/values-mcc310-mnc230-pl: Cannot utime: Operation not permitted
build	Cache Android SDK	2026-06-06T12:22:51.7750570Z /usr/bin/tar: ../../../../../usr/local/lib/android/sdk/platforms/android-36-ext18/data/res/values-mcc310-mnc230-pl: Cannot change mode to rwxr-xr-x: Operation not permitted
build	Cache Android SDK	2026-06-06T12:22:51.7753457Z /usr/bin/tar: ../../../../../usr/local/lib/android/sdk/platforms/android-36-ext18/data/res/values-de-watch: Cannot utime: Operation not permitted
build	Cache Android SDK	2026-06-06T12:22:51.7754371Z /usr/bin/tar: ../../../../../usr/local/lib/android/sdk/platforms/android-36-ext18/data/res/values-de-watch: Cannot change mode to rwxr-xr-x: Operation not permitted
build	Cache Android SDK	2026-06-06T12:22:51.7761979Z /usr/bin/tar: ../../../../../usr/local/lib/android/sdk/platforms/android-36-ext18/data/res/raw: Cannot utime: Operation not permitted
build	Cache Android SDK	2026-06-06T12:22:51.7763008Z /usr/bin/tar: ../../../../../usr/local/lib/android/sdk/platforms/android-36-ext18/data/res/raw: Cannot change mode to rwxr-xr-x: Operation not permitted
build	Cache Android SDK	2026-06-06T12:22:51.7765964Z /usr/bin/tar: ../../../../../usr/local/lib/android/sdk/platforms/android-36-ext18/data/res/values-mcc310-mnc380-ml: Cannot utime: Operation not permitted
build	Cache Android SDK	2026-06-06T12:22:51.7767055Z /usr/bin/tar: ../../../../../usr/local/lib/android/sdk/platforms/android-36-ext18/data/res/values-mcc310-mnc380-ml: Cannot change mode to rwxr-xr-x: Operation not permitted
build	Cache Android SDK	2026-06-06T12:22:51.7769938Z /usr/bin/tar: ../../../../../usr/local/lib/android/sdk/platforms/android-36-ext18/data/res/values-mcc310-mnc660-pt-rPT: Cannot utime: Operation not permitted
build	Cache Android SDK	2026-06-06T12:22:51.7770931Z /usr/bin/tar: ../../../../../usr/local/lib/android/sdk/platforms/android-36-ext18/data/res/values-mcc310-mnc660-pt-rPT: Cannot change mode to rwxr-xr-x: Operation not permitted
build	Cache Android SDK	2026-06-06T12:22:51.7777866Z /usr/bin/tar: ../../../../../usr/local/lib/android/sdk/platforms/android-36-ext18/data/res/values-mcc310-mnc800-zh-rCN: Cannot utime: Operation not permitted
build	Cache Android SDK	2026-06-06T12:22:51.7778970Z /usr/bin/tar: ../../../../../usr/local/lib/android/sdk/platforms/android-36-ext18/data/res/values-mcc310-mnc800-zh-rCN: Cannot change mode to rwxr-xr-x: Operation not permitted
build	Cache Android SDK	2026-06-06T12:22:51.7785291Z /usr/bin/tar: ../../../../../usr/local/lib/android/sdk/platforms/android-36-ext18/data/res/values-ky: Cannot utime: Operation not permitted
build	Cache Android SDK	2026-06-06T12:22:51.7786234Z /usr/bin/tar: ../../../../../usr/local/lib/android/sdk/platforms/android-36-ext18/data/res/values-ky: Cannot change mode to rwxr-xr-x: Operation not permitted
build	Cache Android SDK	2026-06-06T12:22:51.7788482Z /usr/bin/tar: ../../../../../usr/local/lib/android/sdk/platforms/android-36-ext18/data/res/values-mcc311-mnc180-my: Cannot utime: Operation not permitted
build	Cache Android SDK	2026-06-06T12:22:51.7789452Z /usr/bin/tar: ../../../../../usr/local/lib/android/sdk/platforms/android-36-ext18/data/res/values-mcc311-mnc180-my: Cannot change mode to rwxr-xr-x: Operation not permitted
build	Cache Android SDK	2026-06-06T12:22:51.7794248Z /usr/bin/tar: ../../../../../usr/local/lib/android/sdk/platforms/android-36-ext18/data/res/values-mcc310-mnc240-da: Cannot utime: Operation not permitted
build	Cache Android SDK	2026-06-06T12:22:51.7795215Z /usr/bin/tar: ../../../../../usr/local/lib/android/sdk/platforms/android-36-ext18/data/res/values-mcc310-mnc240-da: Cannot change mode to rwxr-xr-x: Operation not permitted
build	Cache Android SDK	2026-06-06T12:22:51.7798023Z /usr/bin/tar: ../../../../../usr/local/lib/android/sdk/platforms/android-36-ext18/data/res/values-mcc310-mnc660-fa: Cannot utime: Operation not permitted
build	Cache Android SDK	2026-06-06T12:22:51.7798981Z /usr/bin/tar: ../../../../../usr/local/lib/android/sdk/platforms/android-36-ext18/data/res/values-mcc310-mnc660-fa: Cannot change mode to rwxr-xr-x: Operation not permitted
build	Cache Android SDK	2026-06-06T12:22:51.7801759Z /usr/bin/tar: ../../../../../usr/local/lib/android/sdk/platforms/android-36-ext18/data/res/values-mcc310-mnc270-sr: Cannot utime: Operation not permitted
build	Cache Android SDK	2026-06-06T12:22:51.7802715Z /usr/bin/tar: ../../../../../usr/local/lib/android/sdk/platforms/android-36-ext18/data/res/values-mcc310-mnc270-sr: Cannot change mode to rwxr-xr-x: Operation not permitted
build	Cache Android SDK	2026-06-06T12:22:51.7805032Z /usr/bin/tar: ../../../../../usr/local/lib/android/sdk/platforms/android-36-ext18/data/res/values-mcc310-mnc220-en-rIN: Cannot utime: Operation not permitted
build	Cache Android SDK	2026-06-06T12:22:51.7806163Z /usr/bin/tar: ../../../../../usr/local/lib/android/sdk/platforms/android-36-ext18/data/res/values-mcc310-mnc220-en-rIN: Cannot change mode to rwxr-xr-x: Operation not permitted
build	Cache Android SDK	2026-06-06T12:22:51.7813075Z /usr/bin/tar: ../../../../../usr/local/lib/android/sdk/platforms/android-36-ext18/data/res/values-bg: Cannot utime: Operation not permitted
build	Cache Android SDK	2026-06-06T12:22:51.7814001Z /usr/bin/tar: ../../../../../usr/local/lib/android/sdk/platforms/android-36-ext18/data/res/values-bg: Cannot change mode to rwxr-xr-x: Operation not permitted
build	Cache Android SDK	2026-06-06T12:22:51.7815689Z /usr/bin/tar: ../../../../../usr/local/lib/android/sdk/platforms/android-36-ext18/data/res/values-mcc310-mnc200-kn: Cannot utime: Operation not permitted
build	Cache Android SDK	2026-06-06T12:22:51.7816775Z /usr/bin/tar: ../../../../../usr/local/lib/android/sdk/platforms/android-36-ext18/data/res/values-mcc310-mnc200-kn: Cannot change mode to rwxr-xr-x: Operation not permitted
build	Cache Android SDK	2026-06-06T12:22:51.7819639Z /usr/bin/tar: ../../../../../usr/local/lib/android/sdk/platforms/android-36-ext18/data/res/values-mcc310-mnc230-nb: Cannot utime: Operation not permitted
build	Cache Android SDK	2026-06-06T12:22:51.7820611Z /usr/bin/tar: ../../../../../usr/local/lib/android/sdk/platforms/android-36-ext18/data/res/values-mcc310-mnc230-nb: Cannot change mode to rwxr-xr-x: Operation not permitted
build	Cache Android SDK	2026-06-06T12:22:51.7822723Z /usr/bin/tar: ../../../../../usr/local/lib/android/sdk/platforms/android-36-ext18/data/res/values-mcc310-mnc280-af: Cannot utime: Operation not permitted
build	Cache Android SDK	2026-06-06T12:22:51.7823682Z /usr/bin/tar: ../../../../../usr/local/lib/android/sdk/platforms/android-36-ext18/data/res/values-mcc310-mnc280-af: Cannot change mode to rwxr-xr-x: Operation not permitted
build	Cache Android SDK	2026-06-06T12:22:51.7825244Z /usr/bin/tar: ../../../../../usr/local/lib/android/sdk/platforms/android-36-ext18/data/res/values-mcc310-mnc800-te: Cannot utime: Operation not permitted
build	Cache Android SDK	2026-06-06T12:22:51.7826297Z /usr/bin/tar: ../../../../../usr/local/lib/android/sdk/platforms/android-36-ext18/data/res/values-mcc310-mnc800-te: Cannot change mode to rwxr-xr-x: Operation not permitted
build	Cache Android SDK	2026-06-06T12:22:51.7828974Z /usr/bin/tar: ../../../../../usr/local/lib/android/sdk/platforms/android-36-ext18/data/res/values-gl-watch: Cannot utime: Operation not permitted
build	Cache Android SDK	2026-06-06T12:22:51.7829892Z /usr/bin/tar: ../../../../../usr/local/lib/android/sdk/platforms/android-36-ext18/data/res/values-gl-watch: Cannot change mode to rwxr-xr-x: Operation not permitted
build	Cache Android SDK	2026-06-06T12:22:51.7831614Z /usr/bin/tar: ../../../../../usr/local/lib/android/sdk/platforms/android-36-ext18/data/res/values-mcc310-mnc240-hu: Cannot utime: Operation not permitted
build	Cache Android SDK	2026-06-06T12:22:51.7832572Z /usr/bin/tar: ../../../../../usr/local/lib/android/sdk/platforms/android-36-ext18/data/res/values-mcc310-mnc240-hu: Cannot change mode to rwxr-xr-x: Operation not permitted
build	Cache Android SDK	2026-06-06T12:22:51.7834835Z /usr/bin/tar: ../../../../../usr/local/lib/android/sdk/platforms/android-36-ext18/data/res/values-mcc310-mnc950-bs: Cannot utime: Operation not permitted
build	Cache Android SDK	2026-06-06T12:22:51.7835788Z /usr/bin/tar: ../../../../../usr/local/lib/android/sdk/platforms/android-36-ext18/data/res/values-mcc310-mnc950-bs: Cannot change mode to rwxr-xr-x: Operation not permitted
build	Cache Android SDK	2026-06-06T12:22:51.7838216Z /usr/bin/tar: ../../../../../usr/local/lib/android/sdk/platforms/android-36-ext18/data/res/values-bn-television: Cannot utime: Operation not permitted
build	Cache Android SDK	2026-06-06T12:22:51.7839164Z /usr/bin/tar: ../../../../../usr/local/lib/android/sdk/platforms/android-36-ext18/data/res/values-bn-television: Cannot change mode to rwxr-xr-x: Operation not permitted
build	Cache Android SDK	2026-06-06T12:22:51.7841341Z /usr/bin/tar: ../../../../../usr/local/lib/android/sdk/platforms/android-36-ext18/data/res/values-mcc310-mnc250-te: Cannot utime: Operation not permitted
build	Cache Android SDK	2026-06-06T12:22:51.7842300Z /usr/bin/tar: ../../../../../usr/local/lib/android/sdk/platforms/android-36-ext18/data/res/values-mcc310-mnc250-te: Cannot change mode to rwxr-xr-x: Operation not permitted
build	Cache Android SDK	2026-06-06T12:22:51.7844498Z /usr/bin/tar: ../../../../../usr/local/lib/android/sdk/platforms/android-36-ext18/data/res/values-mcc302-mnc720-cs: Cannot utime: Operation not permitted
build	Cache Android SDK	2026-06-06T12:22:51.7845565Z /usr/bin/tar: ../../../../../usr/local/lib/android/sdk/platforms/android-36-ext18/data/res/values-mcc302-mnc720-cs: Cannot change mode to rwxr-xr-x: Operation not permitted
build	Cache Android SDK	2026-06-06T12:22:51.7847800Z /usr/bin/tar: ../../../../../usr/local/lib/android/sdk/platforms/android-36-ext18/data/res/values-mcc310-mnc410-or: Cannot utime: Operation not permitted
build	Cache Android SDK	2026-06-06T12:22:51.7848757Z /usr/bin/tar: ../../../../../usr/local/lib/android/sdk/platforms/android-36-ext18/data/res/values-mcc310-mnc410-or: Cannot change mode to rwxr-xr-x: Operation not permitted
build	Cache Android SDK	2026-06-06T12:22:51.7850851Z /usr/bin/tar: ../../../../../usr/local/lib/android/sdk/platforms/android-36-ext18/data/res/values-mcc313-mnc100-af: Cannot utime: Operation not permitted
build	Cache Android SDK	2026-06-06T12:22:51.7851884Z /usr/bin/tar: ../../../../../usr/local/lib/android/sdk/platforms/android-36-ext18/data/res/values-mcc313-mnc100-af: Cannot change mode to rwxr-xr-x: Operation not permitted
build	Cache Android SDK	2026-06-06T12:22:51.7853615Z /usr/bin/tar: ../../../../../usr/local/lib/android/sdk/platforms/android-36-ext18/data/res/values-mcc310-mnc170-zu: Cannot utime: Operation not permitted
build	Cache Android SDK	2026-06-06T12:22:51.7854564Z /usr/bin/tar: ../../../../../usr/local/lib/android/sdk/platforms/android-36-ext18/data/res/values-mcc310-mnc170-zu: Cannot change mode to rwxr-xr-x: Operation not permitted
build	Cache Android SDK	2026-06-06T12:22:51.7856743Z /usr/bin/tar: ../../../../../usr/local/lib/android/sdk/platforms/android-36-ext18/data/res/values-mcc311-mnc180-vi: Cannot utime: Operation not permitted
build	Cache Android SDK	2026-06-06T12:22:51.7857824Z /usr/bin/tar: ../../../../../usr/local/lib/android/sdk/platforms/android-36-ext18/data/res/values-mcc311-mnc180-vi: Cannot change mode to rwxr-xr-x: Operation not permitted
build	Cache Android SDK	2026-06-06T12:22:51.7859786Z /usr/bin/tar: ../../../../../usr/local/lib/android/sdk/platforms/android-36-ext18/data/res/values-ca-television: Cannot utime: Operation not permitted
build	Cache Android SDK	2026-06-06T12:22:51.7860753Z /usr/bin/tar: ../../../../../usr/local/lib/android/sdk/platforms/android-36-ext18/data/res/values-ca-television: Cannot change mode to rwxr-xr-x: Operation not permitted
build	Cache Android SDK	2026-06-06T12:22:51.7863680Z /usr/bin/tar: ../../../../../usr/local/lib/android/sdk/platforms/android-36-ext18/data/res/values-mcc001-mnc01-pa: Cannot utime: Operation not permitted
build	Cache Android SDK	2026-06-06T12:22:51.7864631Z /usr/bin/tar: ../../../../../usr/local/lib/android/sdk/platforms/android-36-ext18/data/res/values-mcc001-mnc01-pa: Cannot change mode to rwxr-xr-x: Operation not permitted
build	Cache Android SDK	2026-06-06T12:22:51.7866725Z /usr/bin/tar: ../../../../../usr/local/lib/android/sdk/platforms/android-36-ext18/data/res/values-mcc302-mnc720-ar: Cannot utime: Operation not permitted
build	Cache Android SDK	2026-06-06T12:22:51.7867779Z /usr/bin/tar: ../../../../../usr/local/lib/android/sdk/platforms/android-36-ext18/data/res/values-mcc302-mnc720-ar: Cannot change mode to rwxr-xr-x: Operation not permitted
build	Cache Android SDK	2026-06-06T12:22:51.7869991Z /usr/bin/tar: ../../../../../usr/local/lib/android/sdk/platforms/android-36-ext18/data/res/values-mcc001-mnc01-ka: Cannot utime: Operation not permitted
build	Cache Android SDK	2026-06-06T12:22:51.7870931Z /usr/bin/tar: ../../../../../usr/local/lib/android/sdk/platforms/android-36-ext18/data/res/values-mcc001-mnc01-ka: Cannot change mode to rwxr-xr-x: Operation not permitted
build	Cache Android SDK	2026-06-06T12:22:51.7873191Z /usr/bin/tar: ../../../../../usr/local/lib/android/sdk/platforms/android-36-ext18/data/res/values-mcc310-mnc230-te: Cannot utime: Operation not permitted
build	Cache Android SDK	2026-06-06T12:22:51.7874129Z /usr/bin/tar: ../../../../../usr/local/lib/android/sdk/platforms/android-36-ext18/data/res/values-mcc310-mnc230-te: Cannot change mode to rwxr-xr-x: Operation not permitted
build	Cache Android SDK	2026-06-06T12:22:51.7876569Z /usr/bin/tar: ../../../../../usr/local/lib/android/sdk/platforms/android-36-ext18/data/res/values-mcc310-mnc030-or: Cannot utime: Operation not permitted
build	Cache Android SDK	2026-06-06T12:22:51.7878568Z /usr/bin/tar: ../../../../../usr/local/lib/android/sdk/platforms/android-36-ext18/data/res/values-mcc310-mnc030-or: Cannot change mode to rwxr-xr-x: Operation not permitted
build	Cache Android SDK	2026-06-06T12:22:51.7879912Z /usr/bin/tar: ../../../../../usr/local/lib/android/sdk/platforms/android-36-ext18/data/res/values-mcc310-mnc310-fr: Cannot utime: Operation not permitted
build	Cache Android SDK	2026-06-06T12:22:51.7880880Z /usr/bin/tar: ../../../../../usr/local/lib/android/sdk/platforms/android-36-ext18/data/res/values-mcc310-mnc310-fr: Cannot change mode to rwxr-xr-x: Operation not permitted
build	Cache Android SDK	2026-06-06T12:22:51.7882851Z /usr/bin/tar: ../../../../../usr/local/lib/android/sdk/platforms/android-36-ext18/data/res/values-mcc310-mnc210-ml: Cannot utime: Operation not permitted
build	Cache Android SDK	2026-06-06T12:22:51.7883937Z /usr/bin/tar: ../../../../../usr/local/lib/android/sdk/platforms/android-36-ext18/data/res/values-mcc310-mnc210-ml: Cannot change mode to rwxr-xr-x: Operation not permitted
build	Cache Android SDK	2026-06-06T12:22:51.7885824Z /usr/bin/tar: ../../../../../usr/local/lib/android/sdk/platforms/android-36-ext18/data/res/values-mcc310-mnc150-bg: Cannot utime: Operation not permitted
build	Cache Android SDK	2026-06-06T12:22:51.7886773Z /usr/bin/tar: ../../../../../usr/local/lib/android/sdk/platforms/android-36-ext18/data/res/values-mcc310-mnc150-bg: Cannot change mode to rwxr-xr-x: Operation not permitted
build	Cache Android SDK	2026-06-06T12:22:51.7889218Z /usr/bin/tar: ../../../../../usr/local/lib/android/sdk/platforms/android-36-ext18/data/res/values-mcc310-mnc230-ta: Cannot utime: Operation not permitted
build	Cache Android SDK	2026-06-06T12:22:51.7890153Z /usr/bin/tar: ../../../../../usr/local/lib/android/sdk/platforms/android-36-ext18/data/res/values-mcc310-mnc230-ta: Cannot change mode to rwxr-xr-x: Operation not permitted
build	Cache Android SDK	2026-06-06T12:22:51.7892516Z /usr/bin/tar: ../../../../../usr/local/lib/android/sdk/platforms/android-36-ext18/data/res/values-mcc310-mnc800-hr: Cannot utime: Operation not permitted
build	Cache Android SDK	2026-06-06T12:22:51.7893538Z /usr/bin/tar: ../../../../../usr/local/lib/android/sdk/platforms/android-36-ext18/data/res/values-mcc310-mnc800-hr: Cannot change mode to rwxr-xr-x: Operation not permitted
build	Cache Android SDK	2026-06-06T12:22:51.7895627Z /usr/bin/tar: ../../../../../usr/local/lib/android/sdk/platforms/android-36-ext18/data/res/values-mcc310-mnc240-sq: Cannot utime: Operation not permitted
build	Cache Android SDK	2026-06-06T12:22:51.7896576Z /usr/bin/tar: ../../../../../usr/local/lib/android/sdk/platforms/android-36-ext18/data/res/values-mcc310-mnc240-sq: Cannot change mode to rwxr-xr-x: Operation not permitted
build	Cache Android SDK	2026-06-06T12:22:51.7899493Z /usr/bin/tar: ../../../../../usr/local/lib/android/sdk/platforms/android-36-ext18/data/res/values-mcc311-mnc180-pt: Cannot utime: Operation not permitted
build	Cache Android SDK	2026-06-06T12:22:51.7900445Z /usr/bin/tar: ../../../../../usr/local/lib/android/sdk/platforms/android-36-ext18/data/res/values-mcc311-mnc180-pt: Cannot change mode to rwxr-xr-x: Operation not permitted
build	Cache Android SDK	2026-06-06T12:22:51.7902403Z /usr/bin/tar: ../../../../../usr/local/lib/android/sdk/platforms/android-36-ext18/data/res/values-mcc310-mnc660-hy: Cannot utime: Operation not permitted
build	Cache Android SDK	2026-06-06T12:22:51.7903358Z /usr/bin/tar: ../../../../../usr/local/lib/android/sdk/platforms/android-36-ext18/data/res/values-mcc310-mnc660-hy: Cannot change mode to rwxr-xr-x: Operation not permitted
build	Cache Android SDK	2026-06-06T12:22:51.7905596Z /usr/bin/tar: ../../../../../usr/local/lib/android/sdk/platforms/android-36-ext18/data/res/values-mcc001-mnc01: Cannot utime: Operation not permitted
build	Cache Android SDK	2026-06-06T12:22:51.7906510Z /usr/bin/tar: ../../../../../usr/local/lib/android/sdk/platforms/android-36-ext18/data/res/values-mcc001-mnc01: Cannot change mode to rwxr-xr-x: Operation not permitted
build	Cache Android SDK	2026-06-06T12:22:51.7909207Z /usr/bin/tar: ../../../../../usr/local/lib/android/sdk/platforms/android-36-ext18/data/res/values-mcc310-mnc220-sl: Cannot utime: Operation not permitted
build	Cache Android SDK	2026-06-06T12:22:51.7910164Z /usr/bin/tar: ../../../../../usr/local/lib/android/sdk/platforms/android-36-ext18/data/res/values-mcc310-mnc220-sl: Cannot change mode to rwxr-xr-x: Operation not permitted
build	Cache Android SDK	2026-06-06T12:22:51.7912696Z /usr/bin/tar: ../../../../../usr/local/lib/android/sdk/platforms/android-36-ext18/data/res/values-mcc310-mnc560-fi: Cannot utime: Operation not permitted
build	Cache Android SDK	2026-06-06T12:22:51.7913741Z /usr/bin/tar: ../../../../../usr/local/lib/android/sdk/platforms/android-36-ext18/data/res/values-mcc310-mnc560-fi: Cannot change mode to rwxr-xr-x: Operation not permitted
build	Cache Android SDK	2026-06-06T12:22:51.7915793Z /usr/bin/tar: ../../../../../usr/local/lib/android/sdk/platforms/android-36-ext18/data/res/values-mcc312-mnc670-en-rCA: Cannot utime: Operation not permitted
build	Cache Android SDK	2026-06-06T12:22:51.7916781Z /usr/bin/tar: ../../../../../usr/local/lib/android/sdk/platforms/android-36-ext18/data/res/values-mcc312-mnc670-en-rCA: Cannot change mode to rwxr-xr-x: Operation not permitted
build	Cache Android SDK	2026-06-06T12:22:51.7919060Z /usr/bin/tar: ../../../../../usr/local/lib/android/sdk/platforms/android-36-ext18/data/res/values-mcc312-mnc670-fa: Cannot utime: Operation not permitted
build	Cache Android SDK	2026-06-06T12:22:51.7920081Z /usr/bin/tar: ../../../../../usr/local/lib/android/sdk/platforms/android-36-ext18/data/res/values-mcc312-mnc670-fa: Cannot change mode to rwxr-xr-x: Operation not permitted
build	Cache Android SDK	2026-06-06T12:22:51.7922366Z /usr/bin/tar: ../../../../../usr/local/lib/android/sdk/platforms/android-36-ext18/data/res/values-mcc310-mnc230-ne: Cannot utime: Operation not permitted
build	Cache Android SDK	2026-06-06T12:22:51.7923313Z /usr/bin/tar: ../../../../../usr/local/lib/android/sdk/platforms/android-36-ext18/data/res/values-mcc310-mnc230-ne: Cannot change mode to rwxr-xr-x: Operation not permitted
build	Cache Android SDK	2026-06-06T12:22:51.7925535Z /usr/bin/tar: ../../../../../usr/local/lib/android/sdk/platforms/android-36-ext18/data/res/values-es-rCR: Cannot utime: Operation not permitted
build	Cache Android SDK	2026-06-06T12:22:51.7926437Z /usr/bin/tar: ../../../../../usr/local/lib/android/sdk/platforms/android-36-ext18/data/res/values-es-rCR: Cannot change mode to rwxr-xr-x: Operation not permitted
build	Cache Android SDK	2026-06-06T12:22:51.7929237Z /usr/bin/tar: ../../../../../usr/local/lib/android/sdk/platforms/android-36-ext18/data/res/values-mcc312-mnc670-en-rGB: Cannot utime: Operation not permitted
build	Cache Android SDK	2026-06-06T12:22:51.7930406Z /usr/bin/tar: ../../../../../usr/local/lib/android/sdk/platforms/android-36-ext18/data/res/values-mcc312-mnc670-en-rGB: Cannot change mode to rwxr-xr-x: Operation not permitted
build	Cache Android SDK	2026-06-06T12:22:51.7932489Z /usr/bin/tar: ../../../../../usr/local/lib/android/sdk/platforms/android-36-ext18/data/res/values-mcc310-mnc950-bg: Cannot utime: Operation not permitted
build	Cache Android SDK	2026-06-06T12:22:51.7933442Z /usr/bin/tar: ../../../../../usr/local/lib/android/sdk/platforms/android-36-ext18/data/res/values-mcc310-mnc950-bg: Cannot change mode to rwxr-xr-x: Operation not permitted
build	Cache Android SDK	2026-06-06T12:22:51.7936007Z /usr/bin/tar: ../../../../../usr/local/lib/android/sdk/platforms/android-36-ext18/data/res/values-mcc310-mnc210-be: Cannot utime: Operation not permitted
build	Cache Android SDK	2026-06-06T12:22:51.7937301Z /usr/bin/tar: ../../../../../usr/local/lib/android/sdk/platforms/android-36-ext18/data/res/values-mcc310-mnc210-be: Cannot change mode to rwxr-xr-x: Operation not permitted
build	Cache Android SDK	2026-06-06T12:22:51.7939211Z /usr/bin/tar: ../../../../../usr/local/lib/android/sdk/platforms/android-36-ext18/data/res/values-mcc302-mnc720-tr: Cannot utime: Operation not permitted
build	Cache Android SDK	2026-06-06T12:22:51.7940288Z /usr/bin/tar: ../../../../../usr/local/lib/android/sdk/platforms/android-36-ext18/data/res/values-mcc302-mnc720-tr: Cannot change mode to rwxr-xr-x: Operation not permitted
build	Cache Android SDK	2026-06-06T12:22:51.7942119Z /usr/bin/tar: ../../../../../usr/local/lib/android/sdk/platforms/android-36-ext18/data/res/values-mcc310-mnc240-ar: Cannot utime: Operation not permitted
build	Cache Android SDK	2026-06-06T12:22:51.7943086Z /usr/bin/tar: ../../../../../usr/local/lib/android/sdk/platforms/android-36-ext18/data/res/values-mcc310-mnc240-ar: Cannot change mode to rwxr-xr-x: Operation not permitted
build	Cache Android SDK	2026-06-06T12:22:51.7945253Z /usr/bin/tar: ../../../../../usr/local/lib/android/sdk/platforms/android-36-ext18/data/res/values-mcc310-mnc220-vi: Cannot utime: Operation not permitted
build	Cache Android SDK	2026-06-06T12:22:51.7946225Z /usr/bin/tar: ../../../../../usr/local/lib/android/sdk/platforms/android-36-ext18/data/res/values-mcc310-mnc220-vi: Cannot change mode to rwxr-xr-x: Operation not permitted
build	Cache Android SDK	2026-06-06T12:22:51.7949495Z /usr/bin/tar: ../../../../../usr/local/lib/android/sdk/platforms/android-36-ext18/data/res/values-mcc310-mnc310-ja: Cannot utime: Operation not permitted
build	Cache Android SDK	2026-06-06T12:22:51.7951224Z /usr/bin/tar: ../../../../../usr/local/lib/android/sdk/platforms/android-36-ext18/data/res/values-mcc310-mnc310-ja: Cannot change mode to rwxr-xr-x: Operation not permitted
build	Cache Android SDK	2026-06-06T12:22:51.7952476Z /usr/bin/tar: ../../../../../usr/local/lib/android/sdk/platforms/android-36-ext18/data/res/values-mcc310-mnc150-fr: Cannot utime: Operation not permitted
build	Cache Android SDK	2026-06-06T12:22:51.7953812Z /usr/bin/tar: ../../../../../usr/local/lib/android/sdk/platforms/android-36-ext18/data/res/values-mcc310-mnc150-fr: Cannot change mode to rwxr-xr-x: Operation not permitted
build	Cache Android SDK	2026-06-06T12:22:51.7957010Z /usr/bin/tar: ../../../../../usr/local/lib/android/sdk/platforms/android-36-ext18/data/res/values-mcc310-mnc280-iw: Cannot utime: Operation not permitted
build	Cache Android SDK	2026-06-06T12:22:51.7958424Z /usr/bin/tar: ../../../../../usr/local/lib/android/sdk/platforms/android-36-ext18/data/res/values-mcc310-mnc280-iw: Cannot change mode to rwxr-xr-x: Operation not permitted
build	Cache Android SDK	2026-06-06T12:22:51.7960119Z /usr/bin/tar: ../../../../../usr/local/lib/android/sdk/platforms/android-36-ext18/data/res/values-mcc310-mnc950-ar: Cannot utime: Operation not permitted
build	Cache Android SDK	2026-06-06T12:22:51.7961088Z /usr/bin/tar: ../../../../../usr/local/lib/android/sdk/platforms/android-36-ext18/data/res/values-mcc310-mnc950-ar: Cannot change mode to rwxr-xr-x: Operation not permitted
build	Cache Android SDK	2026-06-06T12:22:51.7963115Z /usr/bin/tar: ../../../../../usr/local/lib/android/sdk/platforms/android-36-ext18/data/res/values-mcc310-mnc160-gl: Cannot utime: Operation not permitted
build	Cache Android SDK	2026-06-06T12:22:51.7964084Z /usr/bin/tar: ../../../../../usr/local/lib/android/sdk/platforms/android-36-ext18/data/res/values-mcc310-mnc160-gl: Cannot change mode to rwxr-xr-x: Operation not permitted
build	Cache Android SDK	2026-06-06T12:22:51.7966505Z /usr/bin/tar: ../../../../../usr/local/lib/android/sdk/platforms/android-36-ext18/data/res/values-mcc310-mnc250-tr: Cannot utime: Operation not permitted
build	Cache Android SDK	2026-06-06T12:22:51.7967695Z /usr/bin/tar: ../../../../../usr/local/lib/android/sdk/platforms/android-36-ext18/data/res/values-mcc310-mnc250-tr: Cannot change mode to rwxr-xr-x: Operation not permitted
build	Cache Android SDK	2026-06-06T12:22:51.7969687Z /usr/bin/tar: ../../../../../usr/local/lib/android/sdk/platforms/android-36-ext18/data/res/values-mcc313-mnc100-es-rUS: Cannot utime: Operation not permitted
build	Cache Android SDK	2026-06-06T12:22:51.7970684Z /usr/bin/tar: ../../../../../usr/local/lib/android/sdk/platforms/android-36-ext18/data/res/values-mcc313-mnc100-es-rUS: Cannot change mode to rwxr-xr-x: Operation not permitted
build	Cache Android SDK	2026-06-06T12:22:51.7973052Z /usr/bin/tar: ../../../../../usr/local/lib/android/sdk/platforms/android-36-ext18/data/res/values-mcc310-mnc250-hy: Cannot utime: Operation not permitted
build	Cache Android SDK	2026-06-06T12:22:51.7974068Z /usr/bin/tar: ../../../../../usr/local/lib/android/sdk/platforms/android-36-ext18/data/res/values-mcc310-mnc250-hy: Cannot change mode to rwxr-xr-x: Operation not permitted
build	Cache Android SDK	2026-06-06T12:22:51.7976493Z /usr/bin/tar: ../../../../../usr/local/lib/android/sdk/platforms/android-36-ext18/data/res/values-mcc310-mnc950-in: Cannot utime: Operation not permitted
build	Cache Android SDK	2026-06-06T12:22:51.7977581Z /usr/bin/tar: ../../../../../usr/local/lib/android/sdk/platforms/android-36-ext18/data/res/values-mcc310-mnc950-in: Cannot change mode to rwxr-xr-x: Operation not permitted
build	Cache Android SDK	2026-06-06T12:22:51.7979847Z /usr/bin/tar: ../../../../../usr/local/lib/android/sdk/platforms/android-36-ext18/data/res/values-mcc310-mnc270-sk: Cannot utime: Operation not permitted
build	Cache Android SDK	2026-06-06T12:22:51.7980825Z /usr/bin/tar: ../../../../../usr/local/lib/android/sdk/platforms/android-36-ext18/data/res/values-mcc310-mnc270-sk: Cannot change mode to rwxr-xr-x: Operation not permitted
build	Cache Android SDK	2026-06-06T12:22:51.7983731Z /usr/bin/tar: ../../../../../usr/local/lib/android/sdk/platforms/android-36-ext18/data/res/values-mcc310-mnc230-iw: Cannot utime: Operation not permitted
build	Cache Android SDK	2026-06-06T12:22:51.7984815Z /usr/bin/tar: ../../../../../usr/local/lib/android/sdk/platforms/android-36-ext18/data/res/values-mcc310-mnc230-iw: Cannot change mode to rwxr-xr-x: Operation not permitted
build	Cache Android SDK	2026-06-06T12:22:51.7987144Z /usr/bin/tar: ../../../../../usr/local/lib/android/sdk/platforms/android-36-ext18/data/res/values-mcc310-mnc230-en-rAU: Cannot utime: Operation not permitted
build	Cache Android SDK	2026-06-06T12:22:51.7989100Z /usr/bin/tar: ../../../../../usr/local/lib/android/sdk/platforms/android-36-ext18/data/res/values-mcc310-mnc230-en-rAU: Cannot change mode to rwxr-xr-x: Operation not permitted
build	Cache Android SDK	2026-06-06T12:22:51.7990451Z /usr/bin/tar: ../../../../../usr/local/lib/android/sdk/platforms/android-36-ext18/data/res/values-ru-rRU: Cannot utime: Operation not permitted
build	Cache Android SDK	2026-06-06T12:22:51.7991598Z /usr/bin/tar: ../../../../../usr/local/lib/android/sdk/platforms/android-36-ext18/data/res/values-ru-rRU: Cannot change mode to rwxr-xr-x: Operation not permitted
build	Cache Android SDK	2026-06-06T12:22:51.7997839Z /usr/bin/tar: ../../../../../usr/local/lib/android/sdk/platforms/android-36-ext18/data/res/values-uk: Cannot utime: Operation not permitted
build	Cache Android SDK	2026-06-06T12:22:51.7999190Z /usr/bin/tar: ../../../../../usr/local/lib/android/sdk/platforms/android-36-ext18/data/res/values-uk: Cannot change mode to rwxr-xr-x: Operation not permitted
build	Cache Android SDK	2026-06-06T12:22:51.8000586Z /usr/bin/tar: ../../../../../usr/local/lib/android/sdk/platforms/android-36-ext18/data/res/values-mcc310-mnc310-sv: Cannot utime: Operation not permitted
build	Cache Android SDK	2026-06-06T12:22:51.8001556Z /usr/bin/tar: ../../../../../usr/local/lib/android/sdk/platforms/android-36-ext18/data/res/values-mcc310-mnc310-sv: Cannot change mode to rwxr-xr-x: Operation not permitted
build	Cache Android SDK	2026-06-06T12:22:51.8003837Z /usr/bin/tar: ../../../../../usr/local/lib/android/sdk/platforms/android-36-ext18/data/res/values-mcc310-mnc230-it: Cannot utime: Operation not permitted
build	Cache Android SDK	2026-06-06T12:22:51.8004877Z /usr/bin/tar: ../../../../../usr/local/lib/android/sdk/platforms/android-36-ext18/data/res/values-mcc310-mnc230-it: Cannot change mode to rwxr-xr-x: Operation not permitted
build	Cache Android SDK	2026-06-06T12:22:51.8007002Z /usr/bin/tar: ../../../../../usr/local/lib/android/sdk/platforms/android-36-ext18/data/res/values-eu-television: Cannot utime: Operation not permitted
build	Cache Android SDK	2026-06-06T12:22:51.8008192Z /usr/bin/tar: ../../../../../usr/local/lib/android/sdk/platforms/android-36-ext18/data/res/values-eu-television: Cannot change mode to rwxr-xr-x: Operation not permitted
build	Cache Android SDK	2026-06-06T12:22:51.8010098Z /usr/bin/tar: ../../../../../usr/local/lib/android/sdk/platforms/android-36-ext18/data/res/values-zh-rHK-television: Cannot utime: Operation not permitted
build	Cache Android SDK	2026-06-06T12:22:51.8011244Z /usr/bin/tar: ../../../../../usr/local/lib/android/sdk/platforms/android-36-ext18/data/res/values-zh-rHK-television: Cannot change mode to rwxr-xr-x: Operation not permitted
build	Cache Android SDK	2026-06-06T12:22:51.8012822Z /usr/bin/tar: ../../../../../usr/local/lib/android/sdk/platforms/android-36-ext18/data/res/values-mcc310-mnc490-cs: Cannot utime: Operation not permitted
build	Cache Android SDK	2026-06-06T12:22:51.8013791Z /usr/bin/tar: ../../../../../usr/local/lib/android/sdk/platforms/android-36-ext18/data/res/values-mcc310-mnc490-cs: Cannot change mode to rwxr-xr-x: Operation not permitted
build	Cache Android SDK	2026-06-06T12:22:51.8016706Z /usr/bin/tar: ../../../../../usr/local/lib/android/sdk/platforms/android-36-ext18/data/res/values-mcc310-mnc800-zh-rTW: Cannot utime: Operation not permitted
build	Cache Android SDK	2026-06-06T12:22:51.8018071Z /usr/bin/tar: ../../../../../usr/local/lib/android/sdk/platforms/android-36-ext18/data/res/values-mcc310-mnc800-zh-rTW: Cannot change mode to rwxr-xr-x: Operation not permitted
build	Cache Android SDK	2026-06-06T12:22:51.8019597Z /usr/bin/tar: ../../../../../usr/local/lib/android/sdk/platforms/android-36-ext18/data/res/values-es-rPA: Cannot utime: Operation not permitted
build	Cache Android SDK	2026-06-06T12:22:51.8020496Z /usr/bin/tar: ../../../../../usr/local/lib/android/sdk/platforms/android-36-ext18/data/res/values-es-rPA: Cannot change mode to rwxr-xr-x: Operation not permitted
build	Cache Android SDK	2026-06-06T12:22:51.8022795Z /usr/bin/tar: ../../../../../usr/local/lib/android/sdk/platforms/android-36-ext18/data/res/values-mcc001-mnc01-mk: Cannot utime: Operation not permitted
build	Cache Android SDK	2026-06-06T12:22:51.8023861Z /usr/bin/tar: ../../../../../usr/local/lib/android/sdk/platforms/android-36-ext18/data/res/values-mcc001-mnc01-mk: Cannot change mode to rwxr-xr-x: Operation not permitted
build	Cache Android SDK	2026-06-06T12:22:51.8025823Z /usr/bin/tar: ../../../../../usr/local/lib/android/sdk/platforms/android-36-ext18/data/res/values-mk-watch: Cannot utime: Operation not permitted
build	Cache Android SDK	2026-06-06T12:22:51.8026742Z /usr/bin/tar: ../../../../../usr/local/lib/android/sdk/platforms/android-36-ext18/data/res/values-mk-watch: Cannot change mode to rwxr-xr-x: Operation not permitted
build	Cache Android SDK	2026-06-06T12:22:51.8028912Z /usr/bin/tar: ../../../../../usr/local/lib/android/sdk/platforms/android-36-ext18/data/res/values-mcc310-mnc150-am: Cannot utime: Operation not permitted
build	Cache Android SDK	2026-06-06T12:22:51.8029950Z /usr/bin/tar: ../../../../../usr/local/lib/android/sdk/platforms/android-36-ext18/data/res/values-mcc310-mnc150-am: Cannot change mode to rwxr-xr-x: Operation not permitted
build	Cache Android SDK	2026-06-06T12:22:51.8032762Z /usr/bin/tar: ../../../../../usr/local/lib/android/sdk/platforms/android-36-ext18/data/res/values-mcc310-mnc250-hr: Cannot utime: Operation not permitted
build	Cache Android SDK	2026-06-06T12:22:51.8033722Z /usr/bin/tar: ../../../../../usr/local/lib/android/sdk/platforms/android-36-ext18/data/res/values-mcc310-mnc250-hr: Cannot change mode to rwxr-xr-x: Operation not permitted
build	Cache Android SDK	2026-06-06T12:22:51.8035762Z /usr/bin/tar: ../../../../../usr/local/lib/android/sdk/platforms/android-36-ext18/data/res/values-mcc334-mnc020-fr: Cannot utime: Operation not permitted
build	Cache Android SDK	2026-06-06T12:22:51.8036718Z /usr/bin/tar: ../../../../../usr/local/lib/android/sdk/platforms/android-36-ext18/data/res/values-mcc334-mnc020-fr: Cannot change mode to rwxr-xr-x: Operation not permitted
build	Cache Android SDK	2026-06-06T12:22:51.8039481Z /usr/bin/tar: ../../../../../usr/local/lib/android/sdk/platforms/android-36-ext18/data/res/values-mcc310-mnc220-uk: Cannot utime: Operation not permitted
build	Cache Android SDK	2026-06-06T12:22:51.8040660Z /usr/bin/tar: ../../../../../usr/local/lib/android/sdk/platforms/android-36-ext18/data/res/values-mcc310-mnc220-uk: Cannot change mode to rwxr-xr-x: Operation not permitted
build	Cache Android SDK	2026-06-06T12:22:51.8042326Z /usr/bin/tar: ../../../../../usr/local/lib/android/sdk/platforms/android-36-ext18/data/res/values-mcc313-mnc100-te: Cannot utime: Operation not permitted
build	Cache Android SDK	2026-06-06T12:22:51.8043287Z /usr/bin/tar: ../../../../../usr/local/lib/android/sdk/platforms/android-36-ext18/data/res/values-mcc313-mnc100-te: Cannot change mode to rwxr-xr-x: Operation not permitted
build	Cache Android SDK	2026-06-06T12:22:51.8045972Z /usr/bin/tar: ../../../../../usr/local/lib/android/sdk/platforms/android-36-ext18/data/res/values-si-watch: Cannot utime: Operation not permitted
build	Cache Android SDK	2026-06-06T12:22:51.8046931Z /usr/bin/tar: ../../../../../usr/local/lib/android/sdk/platforms/android-36-ext18/data/res/values-si-watch: Cannot change mode to rwxr-xr-x: Operation not permitted
build	Cache Android SDK	2026-06-06T12:22:51.8049591Z /usr/bin/tar: ../../../../../usr/local/lib/android/sdk/platforms/android-36-ext18/data/res/values-mcc310-mnc270-lo: Cannot utime: Operation not permitted
build	Cache Android SDK	2026-06-06T12:22:51.8050643Z /usr/bin/tar: ../../../../../usr/local/lib/android/sdk/platforms/android-36-ext18/data/res/values-mcc310-mnc270-lo: Cannot change mode to rwxr-xr-x: Operation not permitted
build	Cache Android SDK	2026-06-06T12:22:51.8053961Z /usr/bin/tar: ../../../../../usr/local/lib/android/sdk/platforms/android-36-ext18/data/res/values-mcc310-mnc170-km: Cannot utime: Operation not permitted
build	Cache Android SDK	2026-06-06T12:22:51.8055133Z /usr/bin/tar: ../../../../../usr/local/lib/android/sdk/platforms/android-36-ext18/data/res/values-mcc310-mnc170-km: Cannot change mode to rwxr-xr-x: Operation not permitted
build	Cache Android SDK	2026-06-06T12:22:51.8056657Z /usr/bin/tar: ../../../../../usr/local/lib/android/sdk/platforms/android-36-ext18/data/res/values-mcc310-mnc660-af: Cannot utime: Operation not permitted
build	Cache Android SDK	2026-06-06T12:22:51.8057806Z /usr/bin/tar: ../../../../../usr/local/lib/android/sdk/platforms/android-36-ext18/data/res/values-mcc310-mnc660-af: Cannot change mode to rwxr-xr-x: Operation not permitted
build	Cache Android SDK	2026-06-06T12:22:51.8060039Z /usr/bin/tar: ../../../../../usr/local/lib/android/sdk/platforms/android-36-ext18/data/res/values-mcc001-mnc01-it: Cannot utime: Operation not permitted
build	Cache Android SDK	2026-06-06T12:22:51.8061094Z /usr/bin/tar: ../../../../../usr/local/lib/android/sdk/platforms/android-36-ext18/data/res/values-mcc001-mnc01-it: Cannot change mode to rwxr-xr-x: Operation not permitted
build	Cache Android SDK	2026-06-06T12:22:51.8063087Z /usr/bin/tar: ../../../../../usr/local/lib/android/sdk/platforms/android-36-ext18/data/res/values-mcc310-mnc280-th: Cannot utime: Operation not permitted
build	Cache Android SDK	2026-06-06T12:22:51.8064043Z /usr/bin/tar: ../../../../../usr/local/lib/android/sdk/platforms/android-36-ext18/data/res/values-mcc310-mnc280-th: Cannot change mode to rwxr-xr-x: Operation not permitted
build	Cache Android SDK	2026-06-06T12:22:51.8066243Z /usr/bin/tar: ../../../../../usr/local/lib/android/sdk/platforms/android-36-ext18/data/res/values-mcc310-mnc380-mk: Cannot utime: Operation not permitted
build	Cache Android SDK	2026-06-06T12:22:51.8067341Z /usr/bin/tar: ../../../../../usr/local/lib/android/sdk/platforms/android-36-ext18/data/res/values-mcc310-mnc380-mk: Cannot change mode to rwxr-xr-x: Operation not permitted
build	Cache Android SDK	2026-06-06T12:22:51.8069785Z /usr/bin/tar: ../../../../../usr/local/lib/android/sdk/platforms/android-36-ext18/data/res/values-mcc310-mnc250-is: Cannot utime: Operation not permitted
build	Cache Android SDK	2026-06-06T12:22:51.8070739Z /usr/bin/tar: ../../../../../usr/local/lib/android/sdk/platforms/android-36-ext18/data/res/values-mcc310-mnc250-is: Cannot change mode to rwxr-xr-x: Operation not permitted
build	Cache Android SDK	2026-06-06T12:22:51.8073490Z /usr/bin/tar: ../../../../../usr/local/lib/android/sdk/platforms/android-36-ext18/data/res/values-th-rTH: Cannot utime: Operation not permitted
build	Cache Android SDK	2026-06-06T12:22:51.8074448Z /usr/bin/tar: ../../../../../usr/local/lib/android/sdk/platforms/android-36-ext18/data/res/values-th-rTH: Cannot change mode to rwxr-xr-x: Operation not permitted
build	Cache Android SDK	2026-06-06T12:22:51.8077881Z /usr/bin/tar: ../../../../../usr/local/lib/android/sdk/platforms/android-36-ext18/data/res/values-mcc310-mnc560-ml: Cannot utime: Operation not permitted
build	Cache Android SDK	2026-06-06T12:22:51.8079076Z /usr/bin/tar: ../../../../../usr/local/lib/android/sdk/platforms/android-36-ext18/data/res/values-mcc310-mnc560-ml: Cannot change mode to rwxr-xr-x: Operation not permitted
build	Cache Android SDK	2026-06-06T12:22:51.8080711Z /usr/bin/tar: ../../../../../usr/local/lib/android/sdk/platforms/android-36-ext18/data/res/values-mcc310-mnc210-th: Cannot utime: Operation not permitted
build	Cache Android SDK	2026-06-06T12:22:51.8081674Z /usr/bin/tar: ../../../../../usr/local/lib/android/sdk/platforms/android-36-ext18/data/res/values-mcc310-mnc210-th: Cannot change mode to rwxr-xr-x: Operation not permitted
build	Cache Android SDK	2026-06-06T12:22:51.8084366Z /usr/bin/tar: ../../../../../usr/local/lib/android/sdk/platforms/android-36-ext18/data/res/values-mcc310-mnc380-sr: Cannot utime: Operation not permitted
build	Cache Android SDK	2026-06-06T12:22:51.8085685Z /usr/bin/tar: ../../../../../usr/local/lib/android/sdk/platforms/android-36-ext18/data/res/values-mcc310-mnc380-sr: Cannot change mode to rwxr-xr-x: Operation not permitted
build	Cache Android SDK	2026-06-06T12:22:51.8087486Z /usr/bin/tar: ../../../../../usr/local/lib/android/sdk/platforms/android-36-ext18/data/res/values-mcc310-mnc410-et: Cannot utime: Operation not permitted
build	Cache Android SDK	2026-06-06T12:22:51.8088746Z /usr/bin/tar: ../../../../../usr/local/lib/android/sdk/platforms/android-36-ext18/data/res/values-mcc310-mnc410-et: Cannot change mode to rwxr-xr-x: Operation not permitted
build	Cache Android SDK	2026-06-06T12:22:51.8090652Z /usr/bin/tar: ../../../../../usr/local/lib/android/sdk/platforms/android-36-ext18/data/res/values-mcc310-mnc380-uz: Cannot utime: Operation not permitted
build	Cache Android SDK	2026-06-06T12:22:51.8091609Z /usr/bin/tar: ../../../../../usr/local/lib/android/sdk/platforms/android-36-ext18/data/res/values-mcc310-mnc380-uz: Cannot change mode to rwxr-xr-x: Operation not permitted
build	Cache Android SDK	2026-06-06T12:22:51.8095841Z /usr/bin/tar: ../../../../../usr/local/lib/android/sdk/platforms/android-36-ext18/data/res/values-mcc311-mnc180-gu: Cannot utime: Operation not permitted
build	Cache Android SDK	2026-06-06T12:22:51.8096810Z /usr/bin/tar: ../../../../../usr/local/lib/android/sdk/platforms/android-36-ext18/data/res/values-mcc311-mnc180-gu: Cannot change mode to rwxr-xr-x: Operation not permitted
build	Cache Android SDK	2026-06-06T12:22:51.8099427Z /usr/bin/tar: ../../../../../usr/local/lib/android/sdk/platforms/android-36-ext18/data/res/values-mcc311-mnc180-is: Cannot utime: Operation not permitted
build	Cache Android SDK	2026-06-06T12:22:51.8100391Z /usr/bin/tar: ../../../../../usr/local/lib/android/sdk/platforms/android-36-ext18/data/res/values-mcc311-mnc180-is: Cannot change mode to rwxr-xr-x: Operation not permitted
build	Cache Android SDK	2026-06-06T12:22:51.8102422Z /usr/bin/tar: ../../../../../usr/local/lib/android/sdk/platforms/android-36-ext18/data/res/values-mcc312-mnc670-ml: Cannot utime: Operation not permitted
build	Cache Android SDK	2026-06-06T12:22:51.8103379Z /usr/bin/tar: ../../../../../usr/local/lib/android/sdk/platforms/android-36-ext18/data/res/values-mcc312-mnc670-ml: Cannot change mode to rwxr-xr-x: Operation not permitted
build	Cache Android SDK	2026-06-06T12:22:51.8105063Z /usr/bin/tar: ../../../../../usr/local/lib/android/sdk/platforms/android-36-ext18/data/res/values-mcc310-mnc170-sr: Cannot utime: Operation not permitted
build	Cache Android SDK	2026-06-06T12:22:51.8106105Z /usr/bin/tar: ../../../../../usr/local/lib/android/sdk/platforms/android-36-ext18/data/res/values-mcc310-mnc170-sr: Cannot change mode to rwxr-xr-x: Operation not permitted
build	Cache Android SDK	2026-06-06T12:22:51.8108138Z /usr/bin/tar: ../../../../../usr/local/lib/android/sdk/platforms/android-36-ext18/data/res/values-mcc311: Cannot utime: Operation not permitted
build	Cache Android SDK	2026-06-06T12:22:51.8109142Z /usr/bin/tar: ../../../../../usr/local/lib/android/sdk/platforms/android-36-ext18/data/res/values-mcc311: Cannot change mode to rwxr-xr-x: Operation not permitted
build	Cache Android SDK	2026-06-06T12:22:51.8111098Z /usr/bin/tar: ../../../../../usr/local/lib/android/sdk/platforms/android-36-ext18/data/res/values-es-watch: Cannot utime: Operation not permitted
build	Cache Android SDK	2026-06-06T12:22:51.8112022Z /usr/bin/tar: ../../../../../usr/local/lib/android/sdk/platforms/android-36-ext18/data/res/values-es-watch: Cannot change mode to rwxr-xr-x: Operation not permitted
build	Cache Android SDK	2026-06-06T12:22:51.8243646Z /usr/bin/tar: ../../../../../usr/local/lib/android/sdk/platforms/android-36-ext18/data/res/layout: Cannot utime: Operation not permitted
build	Cache Android SDK	2026-06-06T12:22:51.8244754Z /usr/bin/tar: ../../../../../usr/local/lib/android/sdk/platforms/android-36-ext18/data/res/layout: Cannot change mode to rwxr-xr-x: Operation not permitted
build	Cache Android SDK	2026-06-06T12:22:51.8246124Z /usr/bin/tar: ../../../../../usr/local/lib/android/sdk/platforms/android-36-ext18/data/res/values-mcc311-mnc180-zh-rCN: Cannot utime: Operation not permitted
build	Cache Android SDK	2026-06-06T12:22:51.8247113Z /usr/bin/tar: ../../../../../usr/local/lib/android/sdk/platforms/android-36-ext18/data/res/values-mcc311-mnc180-zh-rCN: Cannot change mode to rwxr-xr-x: Operation not permitted
build	Cache Android SDK	2026-06-06T12:22:51.8249055Z /usr/bin/tar: ../../../../../usr/local/lib/android/sdk/platforms/android-36-ext18/data/res/values-mcc310-mnc150-hi: Cannot utime: Operation not permitted
build	Cache Android SDK	2026-06-06T12:22:51.8250066Z /usr/bin/tar: ../../../../../usr/local/lib/android/sdk/platforms/android-36-ext18/data/res/values-mcc310-mnc150-hi: Cannot change mode to rwxr-xr-x: Operation not permitted
build	Cache Android SDK	2026-06-06T12:22:51.8252427Z /usr/bin/tar: ../../../../../usr/local/lib/android/sdk/platforms/android-36-ext18/data/res/values-mcc310-mnc490-it: Cannot utime: Operation not permitted
build	Cache Android SDK	2026-06-06T12:22:51.8253395Z /usr/bin/tar: ../../../../../usr/local/lib/android/sdk/platforms/android-36-ext18/data/res/values-mcc310-mnc490-it: Cannot change mode to rwxr-xr-x: Operation not permitted
build	Cache Android SDK	2026-06-06T12:22:51.8255150Z /usr/bin/tar: ../../../../../usr/local/lib/android/sdk/platforms/android-36-ext18/data/res/values-mcc334-mnc020-ru: Cannot utime: Operation not permitted
build	Cache Android SDK	2026-06-06T12:22:51.8256103Z /usr/bin/tar: ../../../../../usr/local/lib/android/sdk/platforms/android-36-ext18/data/res/values-mcc334-mnc020-ru: Cannot change mode to rwxr-xr-x: Operation not permitted
build	Cache Android SDK	2026-06-06T12:22:51.8258501Z /usr/bin/tar: ../../../../../usr/local/lib/android/sdk/platforms/android-36-ext18/data/res/values-mcc310-mnc280-ta: Cannot utime: Operation not permitted
build	Cache Android SDK	2026-06-06T12:22:51.8259458Z /usr/bin/tar: ../../../../../usr/local/lib/android/sdk/platforms/android-36-ext18/data/res/values-mcc310-mnc280-ta: Cannot change mode to rwxr-xr-x: Operation not permitted
build	Cache Android SDK	2026-06-06T12:22:51.8261497Z /usr/bin/tar: ../../../../../usr/local/lib/android/sdk/platforms/android-36-ext18/data/res/values-ne-watch: Cannot utime: Operation not permitted
build	Cache Android SDK	2026-06-06T12:22:51.8262397Z /usr/bin/tar: ../../../../../usr/local/lib/android/sdk/platforms/android-36-ext18/data/res/values-ne-watch: Cannot change mode to rwxr-xr-x: Operation not permitted
build	Cache Android SDK	2026-06-06T12:22:51.8264649Z /usr/bin/tar: ../../../../../usr/local/lib/android/sdk/platforms/android-36-ext18/data/res/values-mcc310-mnc200-ml: Cannot utime: Operation not permitted
build	Cache Android SDK	2026-06-06T12:22:51.8265901Z /usr/bin/tar: ../../../../../usr/local/lib/android/sdk/platforms/android-36-ext18/data/res/values-mcc310-mnc200-ml: Cannot change mode to rwxr-xr-x: Operation not permitted
build	Cache Android SDK	2026-06-06T12:22:51.8267792Z /usr/bin/tar: ../../../../../usr/local/lib/android/sdk/platforms/android-36-ext18/data/res/values-mcc310-mnc280-nb: Cannot utime: Operation not permitted
build	Cache Android SDK	2026-06-06T12:22:51.8269525Z /usr/bin/tar: ../../../../../usr/local/lib/android/sdk/platforms/android-36-ext18/data/res/values-mcc310-mnc280-nb: Cannot change mode to rwxr-xr-x: Operation not permitted
build	Cache Android SDK	2026-06-06T12:22:51.8271012Z /usr/bin/tar: ../../../../../usr/local/lib/android/sdk/platforms/android-36-ext18/data/res/values-mcc302-mnc370-pt-rPT: Cannot utime: Operation not permitted
build	Cache Android SDK	2026-06-06T12:22:51.8271999Z /usr/bin/tar: ../../../../../usr/local/lib/android/sdk/platforms/android-36-ext18/data/res/values-mcc302-mnc370-pt-rPT: Cannot change mode to rwxr-xr-x: Operation not permitted
build	Cache Android SDK	2026-06-06T12:22:51.8301837Z /usr/bin/tar: ../../../../../usr/local/lib/android/sdk/platforms/android-36-ext18/data/res/drawable-sw600dp-nodpi: Cannot utime: Operation not permitted
build	Cache Android SDK	2026-06-06T12:22:51.8303023Z /usr/bin/tar: ../../../../../usr/local/lib/android/sdk/platforms/android-36-ext18/data/res/drawable-sw600dp-nodpi: Cannot change mode to rwxr-xr-x: Operation not permitted
build	Cache Android SDK	2026-06-06T12:22:51.8304665Z /usr/bin/tar: ../../../../../usr/local/lib/android/sdk/platforms/android-36-ext18/data/res/values-mcc310-mnc490-mr: Cannot utime: Operation not permitted
build	Cache Android SDK	2026-06-06T12:22:51.8305626Z /usr/bin/tar: ../../../../../usr/local/lib/android/sdk/platforms/android-36-ext18/data/res/values-mcc310-mnc490-mr: Cannot change mode to rwxr-xr-x: Operation not permitted
build	Cache Android SDK	2026-06-06T12:22:51.8307890Z /usr/bin/tar: ../../../../../usr/local/lib/android/sdk/platforms/android-36-ext18/data/res/values-mcc310-mnc200-ms: Cannot utime: Operation not permitted
build	Cache Android SDK	2026-06-06T12:22:51.8308863Z /usr/bin/tar: ../../../../../usr/local/lib/android/sdk/platforms/android-36-ext18/data/res/values-mcc310-mnc200-ms: Cannot change mode to rwxr-xr-x: Operation not permitted
build	Cache Android SDK	2026-06-06T12:22:51.8310847Z /usr/bin/tar: ../../../../../usr/local/lib/android/sdk/platforms/android-36-ext18/data/res/values-mcc313-mnc100-fa: Cannot utime: Operation not permitted
build	Cache Android SDK	2026-06-06T12:22:51.8311801Z /usr/bin/tar: ../../../../../usr/local/lib/android/sdk/platforms/android-36-ext18/data/res/values-mcc313-mnc100-fa: Cannot change mode to rwxr-xr-x: Operation not permitted
build	Cache Android SDK	2026-06-06T12:22:51.8313419Z /usr/bin/tar: ../../../../../usr/local/lib/android/sdk/platforms/android-36-ext18/data/res/values-mcc310-mnc490-bs: Cannot utime: Operation not permitted
build	Cache Android SDK	2026-06-06T12:22:51.8314520Z /usr/bin/tar: ../../../../../usr/local/lib/android/sdk/platforms/android-36-ext18/data/res/values-mcc310-mnc490-bs: Cannot change mode to rwxr-xr-x: Operation not permitted
build	Cache Android SDK	2026-06-06T12:22:51.8317330Z /usr/bin/tar: ../../../../../usr/local/lib/android/sdk/platforms/android-36-ext18/data/res/values-sw900dp: Cannot utime: Operation not permitted
build	Cache Android SDK	2026-06-06T12:22:51.8318602Z /usr/bin/tar: ../../../../../usr/local/lib/android/sdk/platforms/android-36-ext18/data/res/values-sw900dp: Cannot change mode to rwxr-xr-x: Operation not permitted
build	Cache Android SDK	2026-06-06T12:22:51.8320365Z /usr/bin/tar: ../../../../../usr/local/lib/android/sdk/platforms/android-36-ext18/data/res/values-mcc302-mnc720-mn: Cannot utime: Operation not permitted
build	Cache Android SDK	2026-06-06T12:22:51.8321531Z /usr/bin/tar: ../../../../../usr/local/lib/android/sdk/platforms/android-36-ext18/data/res/values-mcc302-mnc720-mn: Cannot change mode to rwxr-xr-x: Operation not permitted
build	Cache Android SDK	2026-06-06T12:22:51.8323549Z /usr/bin/tar: ../../../../../usr/local/lib/android/sdk/platforms/android-36-ext18/data/res/values-mcc302-mnc720-or: Cannot utime: Operation not permitted
build	Cache Android SDK	2026-06-06T12:22:51.8324521Z /usr/bin/tar: ../../../../../usr/local/lib/android/sdk/platforms/android-36-ext18/data/res/values-mcc302-mnc720-or: Cannot change mode to rwxr-xr-x: Operation not permitted
build	Cache Android SDK	2026-06-06T12:22:51.8326869Z /usr/bin/tar: ../../../../../usr/local/lib/android/sdk/platforms/android-36-ext18/data/res/values-mcc310-mnc220-es: Cannot utime: Operation not permitted
build	Cache Android SDK	2026-06-06T12:22:51.8329231Z /usr/bin/tar: ../../../../../usr/local/lib/android/sdk/platforms/android-36-ext18/data/res/values-mcc310-mnc220-es: Cannot change mode to rwxr-xr-x: Operation not permitted
build	Cache Android SDK	2026-06-06T12:22:51.8330373Z /usr/bin/tar: ../../../../../usr/local/lib/android/sdk/platforms/android-36-ext18/data/res/values-mcc310-mnc410-da: Cannot utime: Operation not permitted
build	Cache Android SDK	2026-06-06T12:22:51.8331713Z /usr/bin/tar: ../../../../../usr/local/lib/android/sdk/platforms/android-36-ext18/data/res/values-mcc310-mnc410-da: Cannot change mode to rwxr-xr-x: Operation not permitted
build	Cache Android SDK	2026-06-06T12:22:51.8332791Z /usr/bin/tar: ../../../../../usr/local/lib/android/sdk/platforms/android-36-ext18/data/res/values-mcc310-mnc030-iw: Cannot utime: Operation not permitted
build	Cache Android SDK	2026-06-06T12:22:51.8334076Z /usr/bin/tar: ../../../../../usr/local/lib/android/sdk/platforms/android-36-ext18/data/res/values-mcc310-mnc030-iw: Cannot change mode to rwxr-xr-x: Operation not permitted
build	Cache Android SDK	2026-06-06T12:22:51.8335464Z /usr/bin/tar: ../../../../../usr/local/lib/android/sdk/platforms/android-36-ext18/data/res/values-mcc312-mnc670-as: Cannot utime: Operation not permitted
build	Cache Android SDK	2026-06-06T12:22:51.8336660Z /usr/bin/tar: ../../../../../usr/local/lib/android/sdk/platforms/android-36-ext18/data/res/values-mcc312-mnc670-as: Cannot change mode to rwxr-xr-x: Operation not permitted
build	Cache Android SDK	2026-06-06T12:22:51.8338616Z /usr/bin/tar: ../../../../../usr/local/lib/android/sdk/platforms/android-36-ext18/data/res/values-mcc310-mnc150-ms: Cannot utime: Operation not permitted
build	Cache Android SDK	2026-06-06T12:22:51.8339610Z /usr/bin/tar: ../../../../../usr/local/lib/android/sdk/platforms/android-36-ext18/data/res/values-mcc310-mnc150-ms: Cannot change mode to rwxr-xr-x: Operation not permitted
build	Cache Android SDK	2026-06-06T12:22:51.8342912Z /usr/bin/tar: ../../../../../usr/local/lib/android/sdk/platforms/android-36-ext18/data/res/values-mcc214-mnc01: Cannot utime: Operation not permitted
build	Cache Android SDK	2026-06-06T12:22:51.8343860Z /usr/bin/tar: ../../../../../usr/local/lib/android/sdk/platforms/android-36-ext18/data/res/values-mcc214-mnc01: Cannot change mode to rwxr-xr-x: Operation not permitted
build	Cache Android SDK	2026-06-06T12:22:51.8346296Z /usr/bin/tar: ../../../../../usr/local/lib/android/sdk/platforms/android-36-ext18/data/res/values-ro-watch: Cannot utime: Operation not permitted
build	Cache Android SDK	2026-06-06T12:22:51.8347235Z /usr/bin/tar: ../../../../../usr/local/lib/android/sdk/platforms/android-36-ext18/data/res/values-ro-watch: Cannot change mode to rwxr-xr-x: Operation not permitted
build	Cache Android SDK	2026-06-06T12:22:51.8349613Z /usr/bin/tar: ../../../../../usr/local/lib/android/sdk/platforms/android-36-ext18/data/res/values-mcc334-mnc020-bg: Cannot utime: Operation not permitted
build	Cache Android SDK	2026-06-06T12:22:51.8350568Z /usr/bin/tar: ../../../../../usr/local/lib/android/sdk/platforms/android-36-ext18/data/res/values-mcc334-mnc020-bg: Cannot change mode to rwxr-xr-x: Operation not permitted
build	Cache Android SDK	2026-06-06T12:22:51.8353747Z /usr/bin/tar: ../../../../../usr/local/lib/android/sdk/platforms/android-36-ext18/data/res/values-mcc001-mnc01-pt: Cannot utime: Operation not permitted
build	Cache Android SDK	2026-06-06T12:22:51.8354705Z /usr/bin/tar: ../../../../../usr/local/lib/android/sdk/platforms/android-36-ext18/data/res/values-mcc001-mnc01-pt: Cannot change mode to rwxr-xr-x: Operation not permitted
build	Cache Android SDK	2026-06-06T12:22:51.8357063Z /usr/bin/tar: ../../../../../usr/local/lib/android/sdk/platforms/android-36-ext18/data/res/values-mcc310-mnc280-pt-rBR: Cannot utime: Operation not permitted
build	Cache Android SDK	2026-06-06T12:22:51.8358308Z /usr/bin/tar: ../../../../../usr/local/lib/android/sdk/platforms/android-36-ext18/data/res/values-mcc310-mnc280-pt-rBR: Cannot change mode to rwxr-xr-x: Operation not permitted
build	Cache Android SDK	2026-06-06T12:22:51.8360106Z /usr/bin/tar: ../../../../../usr/local/lib/android/sdk/platforms/android-36-ext18/data/res/values-mcc310-mnc170-uk: Cannot utime: Operation not permitted
build	Cache Android SDK	2026-06-06T12:22:51.8360581Z /usr/bin/tar: ../../../../../usr/local/lib/android/sdk/platforms/android-36-ext18/data/res/values-mcc310-mnc170-uk: Cannot change mode to rwxr-xr-x: Operation not permitted
build	Cache Android SDK	2026-06-06T12:22:51.8363555Z /usr/bin/tar: ../../../../../usr/local/lib/android/sdk/platforms/android-36-ext18/data/res/values-mcc302-mnc370-lv: Cannot utime: Operation not permitted
build	Cache Android SDK	2026-06-06T12:22:51.8364089Z /usr/bin/tar: ../../../../../usr/local/lib/android/sdk/platforms/android-36-ext18/data/res/values-mcc302-mnc370-lv: Cannot change mode to rwxr-xr-x: Operation not permitted
build	Cache Android SDK	2026-06-06T12:22:51.8367140Z /usr/bin/tar: ../../../../../usr/local/lib/android/sdk/platforms/android-36-ext18/data/res/values-mcc310-mnc160-vi: Cannot utime: Operation not permitted
build	Cache Android SDK	2026-06-06T12:22:51.8367747Z /usr/bin/tar: ../../../../../usr/local/lib/android/sdk/platforms/android-36-ext18/data/res/values-mcc310-mnc160-vi: Cannot change mode to rwxr-xr-x: Operation not permitted
build	Cache Android SDK	2026-06-06T12:22:51.8374350Z /usr/bin/tar: ../../../../../usr/local/lib/android/sdk/platforms/android-36-ext18/data/res/values-kk: Cannot utime: Operation not permitted
build	Cache Android SDK	2026-06-06T12:22:51.8374848Z /usr/bin/tar: ../../../../../usr/local/lib/android/sdk/platforms/android-36-ext18/data/res/values-kk: Cannot change mode to rwxr-xr-x: Operation not permitted
build	Cache Android SDK	2026-06-06T12:22:51.8377171Z /usr/bin/tar: ../../../../../usr/local/lib/android/sdk/platforms/android-36-ext18/data/res/values-mcc310-mnc560-sl: Cannot utime: Operation not permitted
build	Cache Android SDK	2026-06-06T12:22:51.8377817Z /usr/bin/tar: ../../../../../usr/local/lib/android/sdk/platforms/android-36-ext18/data/res/values-mcc310-mnc560-sl: Cannot change mode to rwxr-xr-x: Operation not permitted
build	Cache Android SDK	2026-06-06T12:22:51.8380459Z /usr/bin/tar: ../../../../../usr/local/lib/android/sdk/platforms/android-36-ext18/data/res/values-zh-rTW-watch: Cannot utime: Operation not permitted
build	Cache Android SDK	2026-06-06T12:22:51.8380921Z /usr/bin/tar: ../../../../../usr/local/lib/android/sdk/platforms/android-36-ext18/data/res/values-zh-rTW-watch: Cannot change mode to rwxr-xr-x: Operation not permitted
build	Cache Android SDK	2026-06-06T12:22:51.8383702Z /usr/bin/tar: ../../../../../usr/local/lib/android/sdk/platforms/android-36-ext18/data/res/values-mcc001-mnc01-ta: Cannot utime: Operation not permitted
build	Cache Android SDK	2026-06-06T12:22:51.8384169Z /usr/bin/tar: ../../../../../usr/local/lib/android/sdk/platforms/android-36-ext18/data/res/values-mcc001-mnc01-ta: Cannot change mode to rwxr-xr-x: Operation not permitted
build	Cache Android SDK	2026-06-06T12:22:51.8387882Z /usr/bin/tar: ../../../../../usr/local/lib/android/sdk/platforms/android-36-ext18/data/res/values-large: Cannot utime: Operation not permitted
build	Cache Android SDK	2026-06-06T12:22:51.8388334Z /usr/bin/tar: ../../../../../usr/local/lib/android/sdk/platforms/android-36-ext18/data/res/values-large: Cannot change mode to rwxr-xr-x: Operation not permitted
build	Cache Android SDK	2026-06-06T12:22:51.8390989Z /usr/bin/tar: ../../../../../usr/local/lib/android/sdk/platforms/android-36-ext18/data/res/values-es-television: Cannot utime: Operation not permitted
build	Cache Android SDK	2026-06-06T12:22:51.8391441Z /usr/bin/tar: ../../../../../usr/local/lib/android/sdk/platforms/android-36-ext18/data/res/values-es-television: Cannot change mode to rwxr-xr-x: Operation not permitted
build	Cache Android SDK	2026-06-06T12:22:51.8394152Z /usr/bin/tar: ../../../../../usr/local/lib/android/sdk/platforms/android-36-ext18/data/res/values-mcc310-mnc200-hy: Cannot utime: Operation not permitted
build	Cache Android SDK	2026-06-06T12:22:51.8394623Z /usr/bin/tar: ../../../../../usr/local/lib/android/sdk/platforms/android-36-ext18/data/res/values-mcc310-mnc200-hy: Cannot change mode to rwxr-xr-x: Operation not permitted
build	Cache Android SDK	2026-06-06T12:22:51.8396970Z /usr/bin/tar: ../../../../../usr/local/lib/android/sdk/platforms/android-36-ext18/data/res/values-mcc310-mnc800-sq: Cannot utime: Operation not permitted
build	Cache Android SDK	2026-06-06T12:22:51.8397565Z /usr/bin/tar: ../../../../../usr/local/lib/android/sdk/platforms/android-36-ext18/data/res/values-mcc310-mnc800-sq: Cannot change mode to rwxr-xr-x: Operation not permitted
build	Cache Android SDK	2026-06-06T12:22:51.8400466Z /usr/bin/tar: ../../../../../usr/local/lib/android/sdk/platforms/android-36-ext18/data/res/values-mcc302-mnc720-ko: Cannot utime: Operation not permitted
build	Cache Android SDK	2026-06-06T12:22:51.8400928Z /usr/bin/tar: ../../../../../usr/local/lib/android/sdk/platforms/android-36-ext18/data/res/values-mcc302-mnc720-ko: Cannot change mode to rwxr-xr-x: Operation not permitted
build	Cache Android SDK	2026-06-06T12:22:51.8403736Z /usr/bin/tar: ../../../../../usr/local/lib/android/sdk/platforms/android-36-ext18/data/res/values-mcc310-mnc240-ca: Cannot utime: Operation not permitted
build	Cache Android SDK	2026-06-06T12:22:51.8405818Z /usr/bin/tar: ../../../../../usr/local/lib/android/sdk/platforms/android-36-ext18/data/res/values-mcc310-mnc240-ca: Cannot change mode to rwxr-xr-x: Operation not permitted
build	Cache Android SDK	2026-06-06T12:22:51.8407540Z /usr/bin/tar: ../../../../../usr/local/lib/android/sdk/platforms/android-36-ext18/data/res/values-mcc310-mnc170-fr-rCA: Cannot utime: Operation not permitted
build	Cache Android SDK	2026-06-06T12:22:51.8408052Z /usr/bin/tar: ../../../../../usr/local/lib/android/sdk/platforms/android-36-ext18/data/res/values-mcc310-mnc170-fr-rCA: Cannot change mode to rwxr-xr-x: Operation not permitted
build	Cache Android SDK	2026-06-06T12:22:51.8410393Z /usr/bin/tar: ../../../../../usr/local/lib/android/sdk/platforms/android-36-ext18/data/res/values-mcc310-mnc230-el: Cannot utime: Operation not permitted
build	Cache Android SDK	2026-06-06T12:22:51.8410889Z /usr/bin/tar: ../../../../../usr/local/lib/android/sdk/platforms/android-36-ext18/data/res/values-mcc310-mnc230-el: Cannot change mode to rwxr-xr-x: Operation not permitted
build	Cache Android SDK	2026-06-06T12:22:51.8413876Z /usr/bin/tar: ../../../../../usr/local/lib/android/sdk/platforms/android-36-ext18/data/res/values-mcc310-mnc210-tl: Cannot utime: Operation not permitted
build	Cache Android SDK	2026-06-06T12:22:51.8414340Z /usr/bin/tar: ../../../../../usr/local/lib/android/sdk/platforms/android-36-ext18/data/res/values-mcc310-mnc210-tl: Cannot change mode to rwxr-xr-x: Operation not permitted
build	Cache Android SDK	2026-06-06T12:22:51.8419099Z /usr/bin/tar: ../../../../../usr/local/lib/android/sdk/platforms/android-36-ext18/data/res/values-mcc302-mnc720-fr-rCA: Cannot utime: Operation not permitted
build	Cache Android SDK	2026-06-06T12:22:51.8422167Z /usr/bin/tar: ../../../../../usr/local/lib/android/sdk/platforms/android-36-ext18/data/res/values-mcc302-mnc720-fr-rCA: Cannot change mode to rwxr-xr-x: Operation not permitted
build	Cache Android SDK	2026-06-06T12:22:51.8422590Z /usr/bin/tar: ../../../../../usr/local/lib/android/sdk/platforms/android-36-ext18/data/res/values-mcc310-mnc030-as: Cannot utime: Operation not permitted
build	Cache Android SDK	2026-06-06T12:22:51.8423059Z /usr/bin/tar: ../../../../../usr/local/lib/android/sdk/platforms/android-36-ext18/data/res/values-mcc310-mnc030-as: Cannot change mode to rwxr-xr-x: Operation not permitted
build	Cache Android SDK	2026-06-06T12:22:51.8425553Z /usr/bin/tar: ../../../../../usr/local/lib/android/sdk/platforms/android-36-ext18/data/res/values-mcc001-mnc01-ru: Cannot utime: Operation not permitted
build	Cache Android SDK	2026-06-06T12:22:51.8426010Z /usr/bin/tar: ../../../../../usr/local/lib/android/sdk/platforms/android-36-ext18/data/res/values-mcc001-mnc01-ru: Cannot change mode to rwxr-xr-x: Operation not permitted
build	Cache Android SDK	2026-06-06T12:22:51.8428344Z /usr/bin/tar: ../../../../../usr/local/lib/android/sdk/platforms/android-36-ext18/data/res/values-be-television: Cannot utime: Operation not permitted
build	Cache Android SDK	2026-06-06T12:22:51.8428865Z /usr/bin/tar: ../../../../../usr/local/lib/android/sdk/platforms/android-36-ext18/data/res/values-be-television: Cannot change mode to rwxr-xr-x: Operation not permitted
build	Cache Android SDK	2026-06-06T12:22:51.8431570Z /usr/bin/tar: ../../../../../usr/local/lib/android/sdk/platforms/android-36-ext18/data/res/values-mcc334-mnc020-si: Cannot utime: Operation not permitted
build	Cache Android SDK	2026-06-06T12:22:51.8432033Z /usr/bin/tar: ../../../../../usr/local/lib/android/sdk/platforms/android-36-ext18/data/res/values-mcc334-mnc020-si: Cannot change mode to rwxr-xr-x: Operation not permitted
build	Cache Android SDK	2026-06-06T12:22:51.8434671Z /usr/bin/tar: ../../../../../usr/local/lib/android/sdk/platforms/android-36-ext18/data/res/values-mcc302-mnc370-am: Cannot utime: Operation not permitted
build	Cache Android SDK	2026-06-06T12:22:51.8435131Z /usr/bin/tar: ../../../../../usr/local/lib/android/sdk/platforms/android-36-ext18/data/res/values-mcc302-mnc370-am: Cannot change mode to rwxr-xr-x: Operation not permitted
build	Cache Android SDK	2026-06-06T12:22:51.8437521Z /usr/bin/tar: ../../../../../usr/local/lib/android/sdk/platforms/android-36-ext18/data/res/values-mcc310-mnc240-ro: Cannot utime: Operation not permitted
build	Cache Android SDK	2026-06-06T12:22:51.8438093Z /usr/bin/tar: ../../../../../usr/local/lib/android/sdk/platforms/android-36-ext18/data/res/values-mcc310-mnc240-ro: Cannot change mode to rwxr-xr-x: Operation not permitted
build	Cache Android SDK	2026-06-06T12:22:51.8440499Z /usr/bin/tar: ../../../../../usr/local/lib/android/sdk/platforms/android-36-ext18/data/res/values-mcc334-mnc020-ar: Cannot utime: Operation not permitted
build	Cache Android SDK	2026-06-06T12:22:51.8440965Z /usr/bin/tar: ../../../../../usr/local/lib/android/sdk/platforms/android-36-ext18/data/res/values-mcc334-mnc020-ar: Cannot change mode to rwxr-xr-x: Operation not permitted
build	Cache Android SDK	2026-06-06T12:22:51.8443738Z /usr/bin/tar: ../../../../../usr/local/lib/android/sdk/platforms/android-36-ext18/data/res/values-mcc310-mnc560-az: Cannot utime: Operation not permitted
build	Cache Android SDK	2026-06-06T12:22:51.8444192Z /usr/bin/tar: ../../../../../usr/local/lib/android/sdk/platforms/android-36-ext18/data/res/values-mcc310-mnc560-az: Cannot change mode to rwxr-xr-x: Operation not permitted
build	Cache Android SDK	2026-06-06T12:22:51.8447133Z /usr/bin/tar: ../../../../../usr/local/lib/android/sdk/platforms/android-36-ext18/data/res/values-mcc310-mnc210-ja: Cannot utime: Operation not permitted
build	Cache Android SDK	2026-06-06T12:22:51.8447819Z /usr/bin/tar: ../../../../../usr/local/lib/android/sdk/platforms/android-36-ext18/data/res/values-mcc310-mnc210-ja: Cannot change mode to rwxr-xr-x: Operation not permitted
build	Cache Android SDK	2026-06-06T12:22:51.8449892Z /usr/bin/tar: ../../../../../usr/local/lib/android/sdk/platforms/android-36-ext18/data/res/values-mcc310-mnc280-ja: Cannot utime: Operation not permitted
build	Cache Android SDK	2026-06-06T12:22:51.8450380Z /usr/bin/tar: ../../../../../usr/local/lib/android/sdk/platforms/android-36-ext18/data/res/values-mcc310-mnc280-ja: Cannot change mode to rwxr-xr-x: Operation not permitted
build	Cache Android SDK	2026-06-06T12:22:51.8452369Z /usr/bin/tar: ../../../../../usr/local/lib/android/sdk/platforms/android-36-ext18/data/res/values-pl-watch: Cannot utime: Operation not permitted
build	Cache Android SDK	2026-06-06T12:22:51.8452818Z /usr/bin/tar: ../../../../../usr/local/lib/android/sdk/platforms/android-36-ext18/data/res/values-pl-watch: Cannot change mode to rwxr-xr-x: Operation not permitted
build	Cache Android SDK	2026-06-06T12:22:51.8455430Z /usr/bin/tar: ../../../../../usr/local/lib/android/sdk/platforms/android-36-ext18/data/res/values-mcc302-mnc370-sl: Cannot utime: Operation not permitted
build	Cache Android SDK	2026-06-06T12:22:51.8455909Z /usr/bin/tar: ../../../../../usr/local/lib/android/sdk/platforms/android-36-ext18/data/res/values-mcc302-mnc370-sl: Cannot change mode to rwxr-xr-x: Operation not permitted
build	Cache Android SDK	2026-06-06T12:22:51.8458953Z /usr/bin/tar: ../../../../../usr/local/lib/android/sdk/platforms/android-36-ext18/data/res/values-mcc310-mnc950-ru: Cannot utime: Operation not permitted
build	Cache Android SDK	2026-06-06T12:22:51.8459424Z /usr/bin/tar: ../../../../../usr/local/lib/android/sdk/platforms/android-36-ext18/data/res/values-mcc310-mnc950-ru: Cannot change mode to rwxr-xr-x: Operation not permitted
build	Cache Android SDK	2026-06-06T12:22:51.8462194Z /usr/bin/tar: ../../../../../usr/local/lib/android/sdk/platforms/android-36-ext18/data/res/values-mcc310-mnc220-my: Cannot utime: Operation not permitted
build	Cache Android SDK	2026-06-06T12:22:51.8462670Z /usr/bin/tar: ../../../../../usr/local/lib/android/sdk/platforms/android-36-ext18/data/res/values-mcc310-mnc220-my: Cannot change mode to rwxr-xr-x: Operation not permitted
build	Cache Android SDK	2026-06-06T12:22:51.8465046Z /usr/bin/tar: ../../../../../usr/local/lib/android/sdk/platforms/android-36-ext18/data/res/values-mcc310-mnc240-bs: Cannot utime: Operation not permitted
build	Cache Android SDK	2026-06-06T12:22:51.8465618Z /usr/bin/tar: ../../../../../usr/local/lib/android/sdk/platforms/android-36-ext18/data/res/values-mcc310-mnc240-bs: Cannot change mode to rwxr-xr-x: Operation not permitted
build	Cache Android SDK	2026-06-06T12:22:51.8472413Z /usr/bin/tar: ../../../../../usr/local/lib/android/sdk/platforms/android-36-ext18/data/res/values-el: Cannot utime: Operation not permitted
build	Cache Android SDK	2026-06-06T12:22:51.8472941Z /usr/bin/tar: ../../../../../usr/local/lib/android/sdk/platforms/android-36-ext18/data/res/values-el: Cannot change mode to rwxr-xr-x: Operation not permitted
build	Cache Android SDK	2026-06-06T12:22:51.8475643Z /usr/bin/tar: ../../../../../usr/local/lib/android/sdk/platforms/android-36-ext18/data/res/values-mcc310-mnc800-kk: Cannot utime: Operation not permitted
build	Cache Android SDK	2026-06-06T12:22:51.8476247Z /usr/bin/tar: ../../../../../usr/local/lib/android/sdk/platforms/android-36-ext18/data/res/values-mcc310-mnc800-kk: Cannot change mode to rwxr-xr-x: Operation not permitted
build	Cache Android SDK	2026-06-06T12:22:51.8479068Z /usr/bin/tar: ../../../../../usr/local/lib/android/sdk/platforms/android-36-ext18/data/res/values-mcc310-mnc160-hu: Cannot utime: Operation not permitted
build	Cache Android SDK	2026-06-06T12:22:51.8479549Z /usr/bin/tar: ../../../../../usr/local/lib/android/sdk/platforms/android-36-ext18/data/res/values-mcc310-mnc160-hu: Cannot change mode to rwxr-xr-x: Operation not permitted
build	Cache Android SDK	2026-06-06T12:22:51.8482410Z /usr/bin/tar: ../../../../../usr/local/lib/android/sdk/platforms/android-36-ext18/data/res/values-mcc310-mnc170-lt: Cannot utime: Operation not permitted
build	Cache Android SDK	2026-06-06T12:22:51.8482903Z /usr/bin/tar: ../../../../../usr/local/lib/android/sdk/platforms/android-36-ext18/data/res/values-mcc310-mnc170-lt: Cannot change mode to rwxr-xr-x: Operation not permitted
build	Cache Android SDK	2026-06-06T12:22:51.8486086Z /usr/bin/tar: ../../../../../usr/local/lib/android/sdk/platforms/android-36-ext18/data/res/values-ca-rES: Cannot utime: Operation not permitted
build	Cache Android SDK	2026-06-06T12:22:51.8486554Z /usr/bin/tar: ../../../../../usr/local/lib/android/sdk/platforms/android-36-ext18/data/res/values-ca-rES: Cannot change mode to rwxr-xr-x: Operation not permitted
build	Cache Android SDK	2026-06-06T12:22:51.8495281Z /usr/bin/tar: ../../../../../usr/local/lib/android/sdk/platforms/android-36-ext18/data/res/drawable-car: Cannot utime: Operation not permitted
build	Cache Android SDK	2026-06-06T12:22:51.8495841Z /usr/bin/tar: ../../../../../usr/local/lib/android/sdk/platforms/android-36-ext18/data/res/drawable-car: Cannot change mode to rwxr-xr-x: Operation not permitted
build	Cache Android SDK	2026-06-06T12:22:51.8498530Z /usr/bin/tar: ../../../../../usr/local/lib/android/sdk/platforms/android-36-ext18/data/res/values-mcc310-mnc310-et: Cannot utime: Operation not permitted
build	Cache Android SDK	2026-06-06T12:22:51.8499016Z /usr/bin/tar: ../../../../../usr/local/lib/android/sdk/platforms/android-36-ext18/data/res/values-mcc310-mnc310-et: Cannot change mode to rwxr-xr-x: Operation not permitted
build	Cache Android SDK	2026-06-06T12:22:51.8501506Z /usr/bin/tar: ../../../../../usr/local/lib/android/sdk/platforms/android-36-ext18/data/res/values-mcc310-mnc560-mr: Cannot utime: Operation not permitted
build	Cache Android SDK	2026-06-06T12:22:51.8501992Z /usr/bin/tar: ../../../../../usr/local/lib/android/sdk/platforms/android-36-ext18/data/res/values-mcc310-mnc560-mr: Cannot change mode to rwxr-xr-x: Operation not permitted
build	Cache Android SDK	2026-06-06T12:22:51.8504698Z /usr/bin/tar: ../../../../../usr/local/lib/android/sdk/platforms/android-36-ext18/data/res/values-mcc310-mnc150-pt-rPT: Cannot utime: Operation not permitted
build	Cache Android SDK	2026-06-06T12:22:51.8505193Z /usr/bin/tar: ../../../../../usr/local/lib/android/sdk/platforms/android-36-ext18/data/res/values-mcc310-mnc150-pt-rPT: Cannot change mode to rwxr-xr-x: Operation not permitted
build	Cache Android SDK	2026-06-06T12:22:51.8507746Z /usr/bin/tar: ../../../../../usr/local/lib/android/sdk/platforms/android-36-ext18/data/res/values-mcc310-mnc800-mn: Cannot utime: Operation not permitted
build	Cache Android SDK	2026-06-06T12:22:51.8508234Z /usr/bin/tar: ../../../../../usr/local/lib/android/sdk/platforms/android-36-ext18/data/res/values-mcc310-mnc800-mn: Cannot change mode to rwxr-xr-x: Operation not permitted
build	Cache Android SDK	2026-06-06T12:22:51.8510681Z /usr/bin/tar: ../../../../../usr/local/lib/android/sdk/platforms/android-36-ext18/data/res/values-km-watch: Cannot utime: Operation not permitted
build	Cache Android SDK	2026-06-06T12:22:51.8511132Z /usr/bin/tar: ../../../../../usr/local/lib/android/sdk/platforms/android-36-ext18/data/res/values-km-watch: Cannot change mode to rwxr-xr-x: Operation not permitted
build	Cache Android SDK	2026-06-06T12:22:51.8513882Z /usr/bin/tar: ../../../../../usr/local/lib/android/sdk/platforms/android-36-ext18/data/res/values-en-rGB-television: Cannot utime: Operation not permitted
build	Cache Android SDK	2026-06-06T12:22:51.8514370Z /usr/bin/tar: ../../../../../usr/local/lib/android/sdk/platforms/android-36-ext18/data/res/values-en-rGB-television: Cannot change mode to rwxr-xr-x: Operation not permitted
build	Cache Android SDK	2026-06-06T12:22:51.8516592Z /usr/bin/tar: ../../../../../usr/local/lib/android/sdk/platforms/android-36-ext18/data/res/values-mcc334-mnc020-mn: Cannot utime: Operation not permitted
build	Cache Android SDK	2026-06-06T12:22:51.8517161Z /usr/bin/tar: ../../../../../usr/local/lib/android/sdk/platforms/android-36-ext18/data/res/values-mcc334-mnc020-mn: Cannot change mode to rwxr-xr-x: Operation not permitted
build	Cache Android SDK	2026-06-06T12:22:51.8519941Z /usr/bin/tar: ../../../../../usr/local/lib/android/sdk/platforms/android-36-ext18/data/res/values-mcc001-mnc01-lv: Cannot utime: Operation not permitted
build	Cache Android SDK	2026-06-06T12:22:51.8520414Z /usr/bin/tar: ../../../../../usr/local/lib/android/sdk/platforms/android-36-ext18/data/res/values-mcc001-mnc01-lv: Cannot change mode to rwxr-xr-x: Operation not permitted
build	Cache Android SDK	2026-06-06T12:22:51.8522907Z /usr/bin/tar: ../../../../../usr/local/lib/android/sdk/platforms/android-36-ext18/data/res/values-mcc310-mnc170-hi: Cannot utime: Operation not permitted
build	Cache Android SDK	2026-06-06T12:22:51.8523381Z /usr/bin/tar: ../../../../../usr/local/lib/android/sdk/platforms/android-36-ext18/data/res/values-mcc310-mnc170-hi: Cannot change mode to rwxr-xr-x: Operation not permitted
build	Cache Android SDK	2026-06-06T12:22:51.8525733Z /usr/bin/tar: ../../../../../usr/local/lib/android/sdk/platforms/android-36-ext18/data/res/values-mcc310-mnc800-ro: Cannot utime: Operation not permitted
build	Cache Android SDK	2026-06-06T12:22:51.8526209Z /usr/bin/tar: ../../../../../usr/local/lib/android/sdk/platforms/android-36-ext18/data/res/values-mcc310-mnc800-ro: Cannot change mode to rwxr-xr-x: Operation not permitted
build	Cache Android SDK	2026-06-06T12:22:51.8529071Z /usr/bin/tar: ../../../../../usr/local/lib/android/sdk/platforms/android-36-ext18/data/res/values-mcc310-mnc270-km: Cannot utime: Operation not permitted
build	Cache Android SDK	2026-06-06T12:22:51.8529544Z /usr/bin/tar: ../../../../../usr/local/lib/android/sdk/platforms/android-36-ext18/data/res/values-mcc310-mnc270-km: Cannot change mode to rwxr-xr-x: Operation not permitted
build	Cache Android SDK	2026-06-06T12:22:51.8532248Z /usr/bin/tar: ../../../../../usr/local/lib/android/sdk/platforms/android-36-ext18/data/res/values-mcc310-mnc160-ml: Cannot utime: Operation not permitted
build	Cache Android SDK	2026-06-06T12:22:51.8532727Z /usr/bin/tar: ../../../../../usr/local/lib/android/sdk/platforms/android-36-ext18/data/res/values-mcc310-mnc160-ml: Cannot change mode to rwxr-xr-x: Operation not permitted
build	Cache Android SDK	2026-06-06T12:22:51.8535388Z /usr/bin/tar: ../../../../../usr/local/lib/android/sdk/platforms/android-36-ext18/data/res/values-mcc310-mnc270-es-rUS: Cannot utime: Operation not permitted
build	Cache Android SDK	2026-06-06T12:22:51.8535888Z /usr/bin/tar: ../../../../../usr/local/lib/android/sdk/platforms/android-36-ext18/data/res/values-mcc310-mnc270-es-rUS: Cannot change mode to rwxr-xr-x: Operation not permitted
build	Cache Android SDK	2026-06-06T12:22:51.8538990Z /usr/bin/tar: ../../../../../usr/local/lib/android/sdk/platforms/android-36-ext18/data/res/values-es-rEC: Cannot utime: Operation not permitted
build	Cache Android SDK	2026-06-06T12:22:51.8539932Z /usr/bin/tar: ../../../../../usr/local/lib/android/sdk/platforms/android-36-ext18/data/res/values-es-rEC: Cannot change mode to rwxr-xr-x: Operation not permitted
build	Cache Android SDK	2026-06-06T12:22:51.8541682Z /usr/bin/tar: ../../../../../usr/local/lib/android/sdk/platforms/android-36-ext18/data/res/values-mcc311-mnc180-zu: Cannot utime: Operation not permitted
build	Cache Android SDK	2026-06-06T12:22:51.8542163Z /usr/bin/tar: ../../../../../usr/local/lib/android/sdk/platforms/android-36-ext18/data/res/values-mcc311-mnc180-zu: Cannot change mode to rwxr-xr-x: Operation not permitted
build	Cache Android SDK	2026-06-06T12:22:51.8544300Z /usr/bin/tar: ../../../../../usr/local/lib/android/sdk/platforms/android-36-ext18/data/res/values-mcc310-mnc240-hi: Cannot utime: Operation not permitted
build	Cache Android SDK	2026-06-06T12:22:51.8544942Z /usr/bin/tar: ../../../../../usr/local/lib/android/sdk/platforms/android-36-ext18/data/res/values-mcc310-mnc240-hi: Cannot change mode to rwxr-xr-x: Operation not permitted
build	Cache Android SDK	2026-06-06T12:22:51.8547909Z /usr/bin/tar: ../../../../../usr/local/lib/android/sdk/platforms/android-36-ext18/data/res/values-mcc334-mnc020-kk: Cannot utime: Operation not permitted
build	Cache Android SDK	2026-06-06T12:22:51.8548513Z /usr/bin/tar: ../../../../../usr/local/lib/android/sdk/platforms/android-36-ext18/data/res/values-mcc334-mnc020-kk: Cannot change mode to rwxr-xr-x: Operation not permitted
build	Cache Android SDK	2026-06-06T12:22:51.8551071Z /usr/bin/tar: ../../../../../usr/local/lib/android/sdk/platforms/android-36-ext18/data/res/values-mcc310-mnc240-in: Cannot utime: Operation not permitted
build	Cache Android SDK	2026-06-06T12:22:51.8551551Z /usr/bin/tar: ../../../../../usr/local/lib/android/sdk/platforms/android-36-ext18/data/res/values-mcc310-mnc240-in: Cannot change mode to rwxr-xr-x: Operation not permitted
build	Cache Android SDK	2026-06-06T12:22:51.8556920Z /usr/bin/tar: ../../../../../usr/local/lib/android/sdk/platforms/android-36-ext18/data/res/values-et: Cannot utime: Operation not permitted
build	Cache Android SDK	2026-06-06T12:22:51.8557594Z /usr/bin/tar: ../../../../../usr/local/lib/android/sdk/platforms/android-36-ext18/data/res/values-et: Cannot change mode to rwxr-xr-x: Operation not permitted
build	Cache Android SDK	2026-06-06T12:22:51.8560762Z /usr/bin/tar: ../../../../../usr/local/lib/android/sdk/platforms/android-36-ext18/data/res/values-mcc310-mnc220-da: Cannot utime: Operation not permitted
build	Cache Android SDK	2026-06-06T12:22:51.8561415Z /usr/bin/tar: ../../../../../usr/local/lib/android/sdk/platforms/android-36-ext18/data/res/values-mcc310-mnc220-da: Cannot change mode to rwxr-xr-x: Operation not permitted
build	Cache Android SDK	2026-06-06T12:22:51.8563824Z /usr/bin/tar: ../../../../../usr/local/lib/android/sdk/platforms/android-36-ext18/data/res/values-mcc310-mnc280-en-rGB: Cannot utime: Operation not permitted
build	Cache Android SDK	2026-06-06T12:22:51.8564330Z /usr/bin/tar: ../../../../../usr/local/lib/android/sdk/platforms/android-36-ext18/data/res/values-mcc310-mnc280-en-rGB: Cannot change mode to rwxr-xr-x: Operation not permitted
build	Cache Android SDK	2026-06-06T12:22:51.8568433Z /usr/bin/tar: ../../../../../usr/local/lib/android/sdk/platforms/android-36-ext18/data/res/layout-land: Cannot utime: Operation not permitted
build	Cache Android SDK	2026-06-06T12:22:51.8568889Z /usr/bin/tar: ../../../../../usr/local/lib/android/sdk/platforms/android-36-ext18/data/res/layout-land: Cannot change mode to rwxr-xr-x: Operation not permitted
build	Cache Android SDK	2026-06-06T12:22:51.8571415Z /usr/bin/tar: ../../../../../usr/local/lib/android/sdk/platforms/android-36-ext18/data/res/values-mcc310-mnc380-km: Cannot utime: Operation not permitted
build	Cache Android SDK	2026-06-06T12:22:51.8571906Z /usr/bin/tar: ../../../../../usr/local/lib/android/sdk/platforms/android-36-ext18/data/res/values-mcc310-mnc380-km: Cannot change mode to rwxr-xr-x: Operation not permitted
build	Cache Android SDK	2026-06-06T12:22:51.8574362Z /usr/bin/tar: ../../../../../usr/local/lib/android/sdk/platforms/android-36-ext18/data/res/values-mcc310-mnc270-da: Cannot utime: Operation not permitted
build	Cache Android SDK	2026-06-06T12:22:51.8574839Z /usr/bin/tar: ../../../../../usr/local/lib/android/sdk/platforms/android-36-ext18/data/res/values-mcc310-mnc270-da: Cannot change mode to rwxr-xr-x: Operation not permitted
build	Cache Android SDK	2026-06-06T12:22:51.8577900Z /usr/bin/tar: ../../../../../usr/local/lib/android/sdk/platforms/android-36-ext18/data/res/values-mcc310-mnc660-my: Cannot utime: Operation not permitted
build	Cache Android SDK	2026-06-06T12:22:51.8578385Z /usr/bin/tar: ../../../../../usr/local/lib/android/sdk/platforms/android-36-ext18/data/res/values-mcc310-mnc660-my: Cannot change mode to rwxr-xr-x: Operation not permitted
build	Cache Android SDK	2026-06-06T12:22:51.8580992Z /usr/bin/tar: ../../../../../usr/local/lib/android/sdk/platforms/android-36-ext18/data/res/values-mcc310-mnc280-et: Cannot utime: Operation not permitted
build	Cache Android SDK	2026-06-06T12:22:51.8581555Z /usr/bin/tar: ../../../../../usr/local/lib/android/sdk/platforms/android-36-ext18/data/res/values-mcc310-mnc280-et: Cannot change mode to rwxr-xr-x: Operation not permitted
build	Cache Android SDK	2026-06-06T12:22:51.8583614Z /usr/bin/tar: ../../../../../usr/local/lib/android/sdk/platforms/android-36-ext18/data/res/values-mcc310-mnc380-sv: Cannot utime: Operation not permitted
build	Cache Android SDK	2026-06-06T12:22:51.8584081Z /usr/bin/tar: ../../../../../usr/local/lib/android/sdk/platforms/android-36-ext18/data/res/values-mcc310-mnc380-sv: Cannot change mode to rwxr-xr-x: Operation not permitted
build	Cache Android SDK	2026-06-06T12:22:51.8587023Z /usr/bin/tar: ../../../../../usr/local/lib/android/sdk/platforms/android-36-ext18/data/res/values-mcc310-mnc250-be: Cannot utime: Operation not permitted
build	Cache Android SDK	2026-06-06T12:22:51.8587739Z /usr/bin/tar: ../../../../../usr/local/lib/android/sdk/platforms/android-36-ext18/data/res/values-mcc310-mnc250-be: Cannot change mode to rwxr-xr-x: Operation not permitted
build	Cache Android SDK	2026-06-06T12:22:51.8589973Z /usr/bin/tar: ../../../../../usr/local/lib/android/sdk/platforms/android-36-ext18/data/res/values-mcc310-mnc270-sq: Cannot utime: Operation not permitted
build	Cache Android SDK	2026-06-06T12:22:51.8590440Z /usr/bin/tar: ../../../../../usr/local/lib/android/sdk/platforms/android-36-ext18/data/res/values-mcc310-mnc270-sq: Cannot change mode to rwxr-xr-x: Operation not permitted
build	Cache Android SDK	2026-06-06T12:22:51.8592978Z /usr/bin/tar: ../../../../../usr/local/lib/android/sdk/platforms/android-36-ext18/data/res/values-mcc312-mnc670-km: Cannot utime: Operation not permitted
build	Cache Android SDK	2026-06-06T12:22:51.8593450Z /usr/bin/tar: ../../../../../usr/local/lib/android/sdk/platforms/android-36-ext18/data/res/values-mcc312-mnc670-km: Cannot change mode to rwxr-xr-x: Operation not permitted
build	Cache Android SDK	2026-06-06T12:22:51.8595872Z /usr/bin/tar: ../../../../../usr/local/lib/android/sdk/platforms/android-36-ext18/data/res/values-mcc310-mnc230-ur: Cannot utime: Operation not permitted
build	Cache Android SDK	2026-06-06T12:22:51.8596420Z /usr/bin/tar: ../../../../../usr/local/lib/android/sdk/platforms/android-36-ext18/data/res/values-mcc310-mnc230-ur: Cannot change mode to rwxr-xr-x: Operation not permitted
build	Cache Android SDK	2026-06-06T12:22:51.8599026Z /usr/bin/tar: ../../../../../usr/local/lib/android/sdk/platforms/android-36-ext18/data/res/drawable-w228dp: Cannot utime: Operation not permitted
build	Cache Android SDK	2026-06-06T12:22:51.8599481Z /usr/bin/tar: ../../../../../usr/local/lib/android/sdk/platforms/android-36-ext18/data/res/drawable-w228dp: Cannot change mode to rwxr-xr-x: Operation not permitted
build	Cache Android SDK	2026-06-06T12:22:51.8602178Z /usr/bin/tar: ../../../../../usr/local/lib/android/sdk/platforms/android-36-ext18/data/res/values-mcc310-mnc950-mk: Cannot utime: Operation not permitted
build	Cache Android SDK	2026-06-06T12:22:51.8602657Z /usr/bin/tar: ../../../../../usr/local/lib/android/sdk/platforms/android-36-ext18/data/res/values-mcc310-mnc950-mk: Cannot change mode to rwxr-xr-x: Operation not permitted
build	Cache Android SDK	2026-06-06T12:22:51.8605046Z /usr/bin/tar: ../../../../../usr/local/lib/android/sdk/platforms/android-36-ext18/data/res/values-mcc310-mnc030-fr: Cannot utime: Operation not permitted
build	Cache Android SDK	2026-06-06T12:22:51.8605522Z /usr/bin/tar: ../../../../../usr/local/lib/android/sdk/platforms/android-36-ext18/data/res/values-mcc310-mnc030-fr: Cannot change mode to rwxr-xr-x: Operation not permitted
build	Cache Android SDK	2026-06-06T12:22:51.8608217Z /usr/bin/tar: ../../../../../usr/local/lib/android/sdk/platforms/android-36-ext18/data/res/values-mcc310-mnc490-az: Cannot utime: Operation not permitted
build	Cache Android SDK	2026-06-06T12:22:51.8608687Z /usr/bin/tar: ../../../../../usr/local/lib/android/sdk/platforms/android-36-ext18/data/res/values-mcc310-mnc490-az: Cannot change mode to rwxr-xr-x: Operation not permitted
build	Cache Android SDK	2026-06-06T12:22:51.8610962Z /usr/bin/tar: ../../../../../usr/local/lib/android/sdk/platforms/android-36-ext18/data/res/values-mcc310-mnc200-es: Cannot utime: Operation not permitted
build	Cache Android SDK	2026-06-06T12:22:51.8611431Z /usr/bin/tar: ../../../../../usr/local/lib/android/sdk/platforms/android-36-ext18/data/res/values-mcc310-mnc200-es: Cannot change mode to rwxr-xr-x: Operation not permitted
build	Cache Android SDK	2026-06-06T12:22:51.8614094Z /usr/bin/tar: ../../../../../usr/local/lib/android/sdk/platforms/android-36-ext18/data/res/values-mcc310-mnc250-mk: Cannot utime: Operation not permitted
build	Cache Android SDK	2026-06-06T12:22:51.8614657Z /usr/bin/tar: ../../../../../usr/local/lib/android/sdk/platforms/android-36-ext18/data/res/values-mcc310-mnc250-mk: Cannot change mode to rwxr-xr-x: Operation not permitted
build	Cache Android SDK	2026-06-06T12:22:51.8617298Z /usr/bin/tar: ../../../../../usr/local/lib/android/sdk/platforms/android-36-ext18/data/res/values-nb-rNO: Cannot utime: Operation not permitted
build	Cache Android SDK	2026-06-06T12:22:51.8617916Z /usr/bin/tar: ../../../../../usr/local/lib/android/sdk/platforms/android-36-ext18/data/res/values-nb-rNO: Cannot change mode to rwxr-xr-x: Operation not permitted
build	Cache Android SDK	2026-06-06T12:22:51.8620193Z /usr/bin/tar: ../../../../../usr/local/lib/android/sdk/platforms/android-36-ext18/data/res/values-mcc310-mnc950-my: Cannot utime: Operation not permitted
build	Cache Android SDK	2026-06-06T12:22:51.8620743Z /usr/bin/tar: ../../../../../usr/local/lib/android/sdk/platforms/android-36-ext18/data/res/values-mcc310-mnc950-my: Cannot change mode to rwxr-xr-x: Operation not permitted
build	Cache Android SDK	2026-06-06T12:22:51.8623217Z /usr/bin/tar: ../../../../../usr/local/lib/android/sdk/platforms/android-36-ext18/data/res/values-mcc001-mnc01-lo: Cannot utime: Operation not permitted
build	Cache Android SDK	2026-06-06T12:22:51.8623699Z /usr/bin/tar: ../../../../../usr/local/lib/android/sdk/platforms/android-36-ext18/data/res/values-mcc001-mnc01-lo: Cannot change mode to rwxr-xr-x: Operation not permitted
build	Cache Android SDK	2026-06-06T12:22:51.8626117Z /usr/bin/tar: ../../../../../usr/local/lib/android/sdk/platforms/android-36-ext18/data/res/values-mcc302-mnc370-ta: Cannot utime: Operation not permitted
build	Cache Android SDK	2026-06-06T12:22:51.8626595Z /usr/bin/tar: ../../../../../usr/local/lib/android/sdk/platforms/android-36-ext18/data/res/values-mcc302-mnc370-ta: Cannot change mode to rwxr-xr-x: Operation not permitted
build	Cache Android SDK	2026-06-06T12:22:51.8629418Z /usr/bin/tar: ../../../../../usr/local/lib/android/sdk/platforms/android-36-ext18/data/res/values-mcc310-mnc220-pt: Cannot utime: Operation not permitted
build	Cache Android SDK	2026-06-06T12:22:51.8629891Z /usr/bin/tar: ../../../../../usr/local/lib/android/sdk/platforms/android-36-ext18/data/res/values-mcc310-mnc220-pt: Cannot change mode to rwxr-xr-x: Operation not permitted
build	Cache Android SDK	2026-06-06T12:22:51.8635114Z /usr/bin/tar: ../../../../../usr/local/lib/android/sdk/platforms/android-36-ext18/data/res/values-w213dp-round-watch: Cannot utime: Operation not permitted
build	Cache Android SDK	2026-06-06T12:22:51.8635596Z /usr/bin/tar: ../../../../../usr/local/lib/android/sdk/platforms/android-36-ext18/data/res/values-w213dp-round-watch: Cannot change mode to rwxr-xr-x: Operation not permitted
build	Cache Android SDK	2026-06-06T12:22:51.8638097Z /usr/bin/tar: ../../../../../usr/local/lib/android/sdk/platforms/android-36-ext18/data/res/values-mcc310-mnc800-bg: Cannot utime: Operation not permitted
build	Cache Android SDK	2026-06-06T12:22:51.8638579Z /usr/bin/tar: ../../../../../usr/local/lib/android/sdk/platforms/android-36-ext18/data/res/values-mcc310-mnc800-bg: Cannot change mode to rwxr-xr-x: Operation not permitted
build	Cache Android SDK	2026-06-06T12:22:51.8640900Z /usr/bin/tar: ../../../../../usr/local/lib/android/sdk/platforms/android-36-ext18/data/res/values-rm-rCH: Cannot utime: Operation not permitted
build	Cache Android SDK	2026-06-06T12:22:51.8641367Z /usr/bin/tar: ../../../../../usr/local/lib/android/sdk/platforms/android-36-ext18/data/res/values-rm-rCH: Cannot change mode to rwxr-xr-x: Operation not permitted
build	Cache Android SDK	2026-06-06T12:22:51.8643970Z /usr/bin/tar: ../../../../../usr/local/lib/android/sdk/platforms/android-36-ext18/data/res/values-mcc310-mnc270-af: Cannot utime: Operation not permitted
build	Cache Android SDK	2026-06-06T12:22:51.8644447Z /usr/bin/tar: ../../../../../usr/local/lib/android/sdk/platforms/android-36-ext18/data/res/values-mcc310-mnc270-af: Cannot change mode to rwxr-xr-x: Operation not permitted
build	Cache Android SDK	2026-06-06T12:22:51.8646937Z /usr/bin/tar: ../../../../../usr/local/lib/android/sdk/platforms/android-36-ext18/data/res/values-mcc310-mnc270-gu: Cannot utime: Operation not permitted
build	Cache Android SDK	2026-06-06T12:22:51.8647569Z /usr/bin/tar: ../../../../../usr/local/lib/android/sdk/platforms/android-36-ext18/data/res/values-mcc310-mnc270-gu: Cannot change mode to rwxr-xr-x: Operation not permitted
build	Cache Android SDK	2026-06-06T12:22:51.8650013Z /usr/bin/tar: ../../../../../usr/local/lib/android/sdk/platforms/android-36-ext18/data/res/values-mcc310-mnc380-en-rCA: Cannot utime: Operation not permitted
build	Cache Android SDK	2026-06-06T12:22:51.8650509Z /usr/bin/tar: ../../../../../usr/local/lib/android/sdk/platforms/android-36-ext18/data/res/values-mcc310-mnc380-en-rCA: Cannot change mode to rwxr-xr-x: Operation not permitted
build	Cache Android SDK	2026-06-06T12:22:51.8652966Z /usr/bin/tar: ../../../../../usr/local/lib/android/sdk/platforms/android-36-ext18/data/res/values-mcc310-mnc270: Cannot utime: Operation not permitted
build	Cache Android SDK	2026-06-06T12:22:51.8653434Z /usr/bin/tar: ../../../../../usr/local/lib/android/sdk/platforms/android-36-ext18/data/res/values-mcc310-mnc270: Cannot change mode to rwxr-xr-x: Operation not permitted
build	Cache Android SDK	2026-06-06T12:22:51.8655970Z /usr/bin/tar: ../../../../../usr/local/lib/android/sdk/platforms/android-36-ext18/data/res/mipmap-watch-anydpi: Cannot utime: Operation not permitted
build	Cache Android SDK	2026-06-06T12:22:51.8656518Z /usr/bin/tar: ../../../../../usr/local/lib/android/sdk/platforms/android-36-ext18/data/res/mipmap-watch-anydpi: Cannot change mode to rwxr-xr-x: Operation not permitted
build	Cache Android SDK	2026-06-06T12:22:51.8659392Z /usr/bin/tar: ../../../../../usr/local/lib/android/sdk/platforms/android-36-ext18/data/res/values-sq-television: Cannot utime: Operation not permitted
build	Cache Android SDK	2026-06-06T12:22:51.8659863Z /usr/bin/tar: ../../../../../usr/local/lib/android/sdk/platforms/android-36-ext18/data/res/values-sq-television: Cannot change mode to rwxr-xr-x: Operation not permitted
build	Cache Android SDK	2026-06-06T12:22:51.8662567Z /usr/bin/tar: ../../../../../usr/local/lib/android/sdk/platforms/android-36-ext18/data/res/values-mcc310-mnc030-en-rCA: Cannot utime: Operation not permitted
build	Cache Android SDK	2026-06-06T12:22:51.8663073Z /usr/bin/tar: ../../../../../usr/local/lib/android/sdk/platforms/android-36-ext18/data/res/values-mcc310-mnc030-en-rCA: Cannot change mode to rwxr-xr-x: Operation not permitted
build	Cache Android SDK	2026-06-06T12:22:51.8665508Z /usr/bin/tar: ../../../../../usr/local/lib/android/sdk/platforms/android-36-ext18/data/res/values-mcc001-mnc01-in: Cannot utime: Operation not permitted
build	Cache Android SDK	2026-06-06T12:22:51.8665983Z /usr/bin/tar: ../../../../../usr/local/lib/android/sdk/platforms/android-36-ext18/data/res/values-mcc001-mnc01-in: Cannot change mode to rwxr-xr-x: Operation not permitted
build	Cache Android SDK	2026-06-06T12:22:51.8669107Z /usr/bin/tar: ../../../../../usr/local/lib/android/sdk/platforms/android-36-ext18/data/res/values-mcc310-mnc800-zh-rHK: Cannot utime: Operation not permitted
build	Cache Android SDK	2026-06-06T12:22:51.8669604Z /usr/bin/tar: ../../../../../usr/local/lib/android/sdk/platforms/android-36-ext18/data/res/values-mcc310-mnc800-zh-rHK: Cannot change mode to rwxr-xr-x: Operation not permitted
build	Cache Android SDK	2026-06-06T12:22:51.8672357Z /usr/bin/tar: ../../../../../usr/local/lib/android/sdk/platforms/android-36-ext18/data/res/values-mcc310-mnc170-nb: Cannot utime: Operation not permitted
build	Cache Android SDK	2026-06-06T12:22:51.8672845Z /usr/bin/tar: ../../../../../usr/local/lib/android/sdk/platforms/android-36-ext18/data/res/values-mcc310-mnc170-nb: Cannot change mode to rwxr-xr-x: Operation not permitted
build	Cache Android SDK	2026-06-06T12:22:51.8675417Z /usr/bin/tar: ../../../../../usr/local/lib/android/sdk/platforms/android-36-ext18/data/res/values-mcc311-mnc180-hu: Cannot utime: Operation not permitted
build	Cache Android SDK	2026-06-06T12:22:51.8675884Z /usr/bin/tar: ../../../../../usr/local/lib/android/sdk/platforms/android-36-ext18/data/res/values-mcc311-mnc180-hu: Cannot change mode to rwxr-xr-x: Operation not permitted
build	Cache Android SDK	2026-06-06T12:22:51.8678533Z /usr/bin/tar: ../../../../../usr/local/lib/android/sdk/platforms/android-36-ext18/data/res/values-mcc310-mnc210-sv: Cannot utime: Operation not permitted
build	Cache Android SDK	2026-06-06T12:22:51.8679009Z /usr/bin/tar: ../../../../../usr/local/lib/android/sdk/platforms/android-36-ext18/data/res/values-mcc310-mnc210-sv: Cannot change mode to rwxr-xr-x: Operation not permitted
build	Cache Android SDK	2026-06-06T12:22:51.8681719Z /usr/bin/tar: ../../../../../usr/local/lib/android/sdk/platforms/android-36-ext18/data/res/values-mcc310-mnc280-be: Cannot utime: Operation not permitted
build	Cache Android SDK	2026-06-06T12:22:51.8682193Z /usr/bin/tar: ../../../../../usr/local/lib/android/sdk/platforms/android-36-ext18/data/res/values-mcc310-mnc280-be: Cannot change mode to rwxr-xr-x: Operation not permitted
build	Cache Android SDK	2026-06-06T12:22:51.8684710Z /usr/bin/tar: ../../../../../usr/local/lib/android/sdk/platforms/android-36-ext18/data/res/values-mcc310-mnc220-en-rGB: Cannot utime: Operation not permitted
build	Cache Android SDK	2026-06-06T12:22:51.8685205Z /usr/bin/tar: ../../../../../usr/local/lib/android/sdk/platforms/android-36-ext18/data/res/values-mcc310-mnc220-en-rGB: Cannot change mode to rwxr-xr-x: Operation not permitted
build	Cache Android SDK	2026-06-06T12:22:51.8687852Z /usr/bin/tar: ../../../../../usr/local/lib/android/sdk/platforms/android-36-ext18/data/res/values-mcc310-mnc950-el: Cannot utime: Operation not permitted
build	Cache Android SDK	2026-06-06T12:22:51.8688410Z /usr/bin/tar: ../../../../../usr/local/lib/android/sdk/platforms/android-36-ext18/data/res/values-mcc310-mnc950-el: Cannot change mode to rwxr-xr-x: Operation not permitted
build	Cache Android SDK	2026-06-06T12:22:51.8690704Z /usr/bin/tar: ../../../../../usr/local/lib/android/sdk/platforms/android-36-ext18/data/res/values-mcc310-mnc220-gu: Cannot utime: Operation not permitted
build	Cache Android SDK	2026-06-06T12:22:51.8691181Z /usr/bin/tar: ../../../../../usr/local/lib/android/sdk/platforms/android-36-ext18/data/res/values-mcc310-mnc220-gu: Cannot change mode to rwxr-xr-x: Operation not permitted
build	Cache Android SDK	2026-06-06T12:22:51.8694320Z /usr/bin/tar: ../../../../../usr/local/lib/android/sdk/platforms/android-36-ext18/data/res/values-mcc310-mnc590: Cannot utime: Operation not permitted
build	Cache Android SDK	2026-06-06T12:22:51.8694787Z /usr/bin/tar: ../../../../../usr/local/lib/android/sdk/platforms/android-36-ext18/data/res/values-mcc310-mnc590: Cannot change mode to rwxr-xr-x: Operation not permitted
build	Cache Android SDK	2026-06-06T12:22:51.8697717Z /usr/bin/tar: ../../../../../usr/local/lib/android/sdk/platforms/android-36-ext18/data/res/values-mcc310-mnc800-tr: Cannot utime: Operation not permitted
build	Cache Android SDK	2026-06-06T12:22:51.8698272Z /usr/bin/tar: ../../../../../usr/local/lib/android/sdk/platforms/android-36-ext18/data/res/values-mcc310-mnc800-tr: Cannot change mode to rwxr-xr-x: Operation not permitted
build	Cache Android SDK	2026-06-06T12:22:51.8702829Z /usr/bin/tar: ../../../../../usr/local/lib/android/sdk/platforms/android-36-ext18/data/res/values-mcc310-mnc800-fr-rCA: Cannot utime: Operation not permitted
build	Cache Android SDK	2026-06-06T12:22:51.8703354Z /usr/bin/tar: ../../../../../usr/local/lib/android/sdk/platforms/android-36-ext18/data/res/values-mcc310-mnc800-fr-rCA: Cannot change mode to rwxr-xr-x: Operation not permitted
build	Cache Android SDK	2026-06-06T12:22:51.8706024Z /usr/bin/tar: ../../../../../usr/local/lib/android/sdk/platforms/android-36-ext18/data/res/values-mcc310-mnc250-ml: Cannot utime: Operation not permitted
build	Cache Android SDK	2026-06-06T12:22:51.8706710Z /usr/bin/tar: ../../../../../usr/local/lib/android/sdk/platforms/android-36-ext18/data/res/values-mcc310-mnc250-ml: Cannot change mode to rwxr-xr-x: Operation not permitted
build	Cache Android SDK	2026-06-06T12:22:51.8708907Z /usr/bin/tar: ../../../../../usr/local/lib/android/sdk/platforms/android-36-ext18/data/res/values-mcc310-mnc220-ar: Cannot utime: Operation not permitted
build	Cache Android SDK	2026-06-06T12:22:51.8709593Z /usr/bin/tar: ../../../../../usr/local/lib/android/sdk/platforms/android-36-ext18/data/res/values-mcc310-mnc220-ar: Cannot change mode to rwxr-xr-x: Operation not permitted
build	Cache Android SDK	2026-06-06T12:22:51.8712317Z /usr/bin/tar: ../../../../../usr/local/lib/android/sdk/platforms/android-36-ext18/data/res/values-mcc334-mnc030: Cannot utime: Operation not permitted
build	Cache Android SDK	2026-06-06T12:22:51.8712789Z /usr/bin/tar: ../../../../../usr/local/lib/android/sdk/platforms/android-36-ext18/data/res/values-mcc334-mnc030: Cannot change mode to rwxr-xr-x: Operation not permitted
build	Cache Android SDK	2026-06-06T12:22:51.8715150Z /usr/bin/tar: ../../../../../usr/local/lib/android/sdk/platforms/android-36-ext18/data/res/values-mcc312-mnc670-lv: Cannot utime: Operation not permitted
build	Cache Android SDK	2026-06-06T12:22:51.8715634Z /usr/bin/tar: ../../../../../usr/local/lib/android/sdk/platforms/android-36-ext18/data/res/values-mcc312-mnc670-lv: Cannot change mode to rwxr-xr-x: Operation not permitted
build	Cache Android SDK	2026-06-06T12:22:51.8718165Z /usr/bin/tar: ../../../../../usr/local/lib/android/sdk/platforms/android-36-ext18/data/res/values-mcc310-mnc220-lo: Cannot utime: Operation not permitted
build	Cache Android SDK	2026-06-06T12:22:51.8718788Z /usr/bin/tar: ../../../../../usr/local/lib/android/sdk/platforms/android-36-ext18/data/res/values-mcc310-mnc220-lo: Cannot change mode to rwxr-xr-x: Operation not permitted
build	Cache Android SDK	2026-06-06T12:22:51.8721333Z /usr/bin/tar: ../../../../../usr/local/lib/android/sdk/platforms/android-36-ext18/data/res/values-mcc310-mnc230-pt-rBR: Cannot utime: Operation not permitted
build	Cache Android SDK	2026-06-06T12:22:51.8721818Z /usr/bin/tar: ../../../../../usr/local/lib/android/sdk/platforms/android-36-ext18/data/res/values-mcc310-mnc230-pt-rBR: Cannot change mode to rwxr-xr-x: Operation not permitted
build	Cache Android SDK	2026-06-06T12:22:51.8724353Z /usr/bin/tar: ../../../../../usr/local/lib/android/sdk/platforms/android-36-ext18/data/res/values-mcc310-mnc380: Cannot utime: Operation not permitted
build	Cache Android SDK	2026-06-06T12:22:51.8724881Z /usr/bin/tar: ../../../../../usr/local/lib/android/sdk/platforms/android-36-ext18/data/res/values-mcc310-mnc380: Cannot change mode to rwxr-xr-x: Operation not permitted
build	Cache Android SDK	2026-06-06T12:22:51.8727600Z /usr/bin/tar: ../../../../../usr/local/lib/android/sdk/platforms/android-36-ext18/data/res/values-mcc310-mnc170-pt: Cannot utime: Operation not permitted
build	Cache Android SDK	2026-06-06T12:22:51.8728070Z /usr/bin/tar: ../../../../../usr/local/lib/android/sdk/platforms/android-36-ext18/data/res/values-mcc310-mnc170-pt: Cannot change mode to rwxr-xr-x: Operation not permitted
build	Cache Android SDK	2026-06-06T12:22:51.8730605Z /usr/bin/tar: ../../../../../usr/local/lib/android/sdk/platforms/android-36-ext18/data/res/values-mcc311-mnc180-ne: Cannot utime: Operation not permitted
build	Cache Android SDK	2026-06-06T12:22:51.8731144Z /usr/bin/tar: ../../../../../usr/local/lib/android/sdk/platforms/android-36-ext18/data/res/values-mcc311-mnc180-ne: Cannot change mode to rwxr-xr-x: Operation not permitted
build	Cache Android SDK	2026-06-06T12:22:51.8734200Z /usr/bin/tar: ../../../../../usr/local/lib/android/sdk/platforms/android-36-ext18/data/res/values-bs-television: Cannot utime: Operation not permitted
build	Cache Android SDK	2026-06-06T12:22:51.8734671Z /usr/bin/tar: ../../../../../usr/local/lib/android/sdk/platforms/android-36-ext18/data/res/values-bs-television: Cannot change mode to rwxr-xr-x: Operation not permitted
build	Cache Android SDK	2026-06-06T12:22:51.8737547Z /usr/bin/tar: ../../../../../usr/local/lib/android/sdk/platforms/android-36-ext18/data/res/values-mcc310-mnc270-ru: Cannot utime: Operation not permitted
build	Cache Android SDK	2026-06-06T12:22:51.8738017Z /usr/bin/tar: ../../../../../usr/local/lib/android/sdk/platforms/android-36-ext18/data/res/values-mcc310-mnc270-ru: Cannot change mode to rwxr-xr-x: Operation not permitted
build	Cache Android SDK	2026-06-06T12:22:51.8740521Z /usr/bin/tar: ../../../../../usr/local/lib/android/sdk/platforms/android-36-ext18/data/res/values-mcc310-mnc220-sk: Cannot utime: Operation not permitted
build	Cache Android SDK	2026-06-06T12:22:51.8740995Z /usr/bin/tar: ../../../../../usr/local/lib/android/sdk/platforms/android-36-ext18/data/res/values-mcc310-mnc220-sk: Cannot change mode to rwxr-xr-x: Operation not permitted
build	Cache Android SDK	2026-06-06T12:22:51.8743304Z /usr/bin/tar: ../../../../../usr/local/lib/android/sdk/platforms/android-36-ext18/data/res/values-mcc310-mnc150: Cannot utime: Operation not permitted
build	Cache Android SDK	2026-06-06T12:22:51.8743773Z /usr/bin/tar: ../../../../../usr/local/lib/android/sdk/platforms/android-36-ext18/data/res/values-mcc310-mnc150: Cannot change mode to rwxr-xr-x: Operation not permitted
build	Cache Android SDK	2026-06-06T12:22:51.8746344Z /usr/bin/tar: ../../../../../usr/local/lib/android/sdk/platforms/android-36-ext18/data/res/values-mcc310-mnc410-sv: Cannot utime: Operation not permitted
build	Cache Android SDK	2026-06-06T12:22:51.8746821Z /usr/bin/tar: ../../../../../usr/local/lib/android/sdk/platforms/android-36-ext18/data/res/values-mcc310-mnc410-sv: Cannot change mode to rwxr-xr-x: Operation not permitted
build	Cache Android SDK	2026-06-06T12:22:51.8750077Z /usr/bin/tar: ../../../../../usr/local/lib/android/sdk/platforms/android-36-ext18/data/res/values-mcc310-mnc210-lv: Cannot utime: Operation not permitted
build	Cache Android SDK	2026-06-06T12:22:51.8750553Z /usr/bin/tar: ../../../../../usr/local/lib/android/sdk/platforms/android-36-ext18/data/res/values-mcc310-mnc210-lv: Cannot change mode to rwxr-xr-x: Operation not permitted
build	Cache Android SDK	2026-06-06T12:22:51.8753302Z /usr/bin/tar: ../../../../../usr/local/lib/android/sdk/platforms/android-36-ext18/data/res/values-mcc310-mnc280-sv: Cannot utime: Operation not permitted
build	Cache Android SDK	2026-06-06T12:22:51.8753844Z /usr/bin/tar: ../../../../../usr/local/lib/android/sdk/platforms/android-36-ext18/data/res/values-mcc310-mnc280-sv: Cannot change mode to rwxr-xr-x: Operation not permitted
build	Cache Android SDK	2026-06-06T12:22:51.8756260Z /usr/bin/tar: ../../../../../usr/local/lib/android/sdk/platforms/android-36-ext18/data/res/values-mcc310-mnc660-ar: Cannot utime: Operation not permitted
build	Cache Android SDK	2026-06-06T12:22:51.8756816Z /usr/bin/tar: ../../../../../usr/local/lib/android/sdk/platforms/android-36-ext18/data/res/values-mcc310-mnc660-ar: Cannot change mode to rwxr-xr-x: Operation not permitted
build	Cache Android SDK	2026-06-06T12:22:51.8763961Z /usr/bin/tar: ../../../../../usr/local/lib/android/sdk/platforms/android-36-ext18/data/res/values-sw: Cannot utime: Operation not permitted
build	Cache Android SDK	2026-06-06T12:22:51.8764613Z /usr/bin/tar: ../../../../../usr/local/lib/android/sdk/platforms/android-36-ext18/data/res/values-sw: Cannot change mode to rwxr-xr-x: Operation not permitted
build	Cache Android SDK	2026-06-06T12:22:51.8765369Z /usr/bin/tar: ../../../../../usr/local/lib/android/sdk/platforms/android-36-ext18/data/res/values-mcc313-mnc100-ne: Cannot utime: Operation not permitted
build	Cache Android SDK	2026-06-06T12:22:51.8765862Z /usr/bin/tar: ../../../../../usr/local/lib/android/sdk/platforms/android-36-ext18/data/res/values-mcc313-mnc100-ne: Cannot change mode to rwxr-xr-x: Operation not permitted
build	Cache Android SDK	2026-06-06T12:22:51.8768362Z /usr/bin/tar: ../../../../../usr/local/lib/android/sdk/platforms/android-36-ext18/data/res/values-mcc310-mnc200-zh-rHK: Cannot utime: Operation not permitted
build	Cache Android SDK	2026-06-06T12:22:51.8768870Z /usr/bin/tar: ../../../../../usr/local/lib/android/sdk/platforms/android-36-ext18/data/res/values-mcc310-mnc200-zh-rHK: Cannot change mode to rwxr-xr-x: Operation not permitted
build	Cache Android SDK	2026-06-06T12:22:51.8771694Z /usr/bin/tar: ../../../../../usr/local/lib/android/sdk/platforms/android-36-ext18/data/res/values-mcc310-mnc310-mn: Cannot utime: Operation not permitted
build	Cache Android SDK	2026-06-06T12:22:51.8772170Z /usr/bin/tar: ../../../../../usr/local/lib/android/sdk/platforms/android-36-ext18/data/res/values-mcc310-mnc310-mn: Cannot change mode to rwxr-xr-x: Operation not permitted
build	Cache Android SDK	2026-06-06T12:22:51.8774665Z /usr/bin/tar: ../../../../../usr/local/lib/android/sdk/platforms/android-36-ext18/data/res/values-w204dp: Cannot utime: Operation not permitted
build	Cache Android SDK	2026-06-06T12:22:51.8775112Z /usr/bin/tar: ../../../../../usr/local/lib/android/sdk/platforms/android-36-ext18/data/res/values-w204dp: Cannot change mode to rwxr-xr-x: Operation not permitted
build	Cache Android SDK	2026-06-06T12:22:51.8777842Z /usr/bin/tar: ../../../../../usr/local/lib/android/sdk/platforms/android-36-ext18/data/res/values-mcc311-mnc180-th: Cannot utime: Operation not permitted
build	Cache Android SDK	2026-06-06T12:22:51.8778319Z /usr/bin/tar: ../../../../../usr/local/lib/android/sdk/platforms/android-36-ext18/data/res/values-mcc311-mnc180-th: Cannot change mode to rwxr-xr-x: Operation not permitted
build	Cache Android SDK	2026-06-06T12:22:51.8780788Z /usr/bin/tar: ../../../../../usr/local/lib/android/sdk/platforms/android-36-ext18/data/res/values-mcc311-mnc180-fr-rCA: Cannot utime: Operation not permitted
build	Cache Android SDK	2026-06-06T12:22:51.8781287Z /usr/bin/tar: ../../../../../usr/local/lib/android/sdk/platforms/android-36-ext18/data/res/values-mcc311-mnc180-fr-rCA: Cannot change mode to rwxr-xr-x: Operation not permitted
build	Cache Android SDK	2026-06-06T12:22:51.8784085Z /usr/bin/tar: ../../../../../usr/local/lib/android/sdk/platforms/android-36-ext18/data/res/values-sl-rSI: Cannot utime: Operation not permitted
build	Cache Android SDK	2026-06-06T12:22:51.8784524Z /usr/bin/tar: ../../../../../usr/local/lib/android/sdk/platforms/android-36-ext18/data/res/values-sl-rSI: Cannot change mode to rwxr-xr-x: Operation not permitted
build	Cache Android SDK	2026-06-06T12:22:51.8787226Z /usr/bin/tar: ../../../../../usr/local/lib/android/sdk/platforms/android-36-ext18/data/res/values-ja-rJP: Cannot utime: Operation not permitted
build	Cache Android SDK	2026-06-06T12:22:51.8787802Z /usr/bin/tar: ../../../../../usr/local/lib/android/sdk/platforms/android-36-ext18/data/res/values-ja-rJP: Cannot change mode to rwxr-xr-x: Operation not permitted
build	Cache Android SDK	2026-06-06T12:22:51.8790378Z /usr/bin/tar: ../../../../../usr/local/lib/android/sdk/platforms/android-36-ext18/data/res/values-mcc313-mnc100-uz: Cannot utime: Operation not permitted
build	Cache Android SDK	2026-06-06T12:22:51.8790863Z /usr/bin/tar: ../../../../../usr/local/lib/android/sdk/platforms/android-36-ext18/data/res/values-mcc313-mnc100-uz: Cannot change mode to rwxr-xr-x: Operation not permitted
build	Cache Android SDK	2026-06-06T12:22:51.8793268Z /usr/bin/tar: ../../../../../usr/local/lib/android/sdk/platforms/android-36-ext18/data/res/values-mcc310-mnc230-vi: Cannot utime: Operation not permitted
build	Cache Android SDK	2026-06-06T12:22:51.8793817Z /usr/bin/tar: ../../../../../usr/local/lib/android/sdk/platforms/android-36-ext18/data/res/values-mcc310-mnc230-vi: Cannot change mode to rwxr-xr-x: Operation not permitted
build	Cache Android SDK	2026-06-06T12:22:51.8796544Z /usr/bin/tar: ../../../../../usr/local/lib/android/sdk/platforms/android-36-ext18/data/res/values-mcc310-mnc560-iw: Cannot utime: Operation not permitted
build	Cache Android SDK	2026-06-06T12:22:51.8797019Z /usr/bin/tar: ../../../../../usr/local/lib/android/sdk/platforms/android-36-ext18/data/res/values-mcc310-mnc560-iw: Cannot change mode to rwxr-xr-x: Operation not permitted
build	Cache Android SDK	2026-06-06T12:22:51.8800084Z /usr/bin/tar: ../../../../../usr/local/lib/android/sdk/platforms/android-36-ext18/data/res/values-mcc310-mnc170-sv: Cannot utime: Operation not permitted
build	Cache Android SDK	2026-06-06T12:22:51.8800712Z /usr/bin/tar: ../../../../../usr/local/lib/android/sdk/platforms/android-36-ext18/data/res/values-mcc310-mnc170-sv: Cannot change mode to rwxr-xr-x: Operation not permitted
build	Cache Android SDK	2026-06-06T12:22:51.8802916Z /usr/bin/tar: ../../../../../usr/local/lib/android/sdk/platforms/android-36-ext18/data/res/values-mcc310-mnc260: Cannot utime: Operation not permitted
build	Cache Android SDK	2026-06-06T12:22:51.8803593Z /usr/bin/tar: ../../../../../usr/local/lib/android/sdk/platforms/android-36-ext18/data/res/values-mcc310-mnc260: Cannot change mode to rwxr-xr-x: Operation not permitted
build	Cache Android SDK	2026-06-06T12:22:51.8805926Z /usr/bin/tar: ../../../../../usr/local/lib/android/sdk/platforms/android-36-ext18/data/res/values-mcc302-mnc720-mr: Cannot utime: Operation not permitted
build	Cache Android SDK	2026-06-06T12:22:51.8806409Z /usr/bin/tar: ../../../../../usr/local/lib/android/sdk/platforms/android-36-ext18/data/res/values-mcc302-mnc720-mr: Cannot change mode to rwxr-xr-x: Operation not permitted
build	Cache Android SDK	2026-06-06T12:22:51.8809200Z /usr/bin/tar: ../../../../../usr/local/lib/android/sdk/platforms/android-36-ext18/data/res/values-mcc310-mnc210-lo: Cannot utime: Operation not permitted
build	Cache Android SDK	2026-06-06T12:22:51.8809679Z /usr/bin/tar: ../../../../../usr/local/lib/android/sdk/platforms/android-36-ext18/data/res/values-mcc310-mnc210-lo: Cannot change mode to rwxr-xr-x: Operation not permitted
build	Cache Android SDK	2026-06-06T12:22:51.8811983Z /usr/bin/tar: ../../../../../usr/local/lib/android/sdk/platforms/android-36-ext18/data/res/values-mcc310-mnc150-af: Cannot utime: Operation not permitted
build	Cache Android SDK	2026-06-06T12:22:51.8812469Z /usr/bin/tar: ../../../../../usr/local/lib/android/sdk/platforms/android-36-ext18/data/res/values-mcc310-mnc150-af: Cannot change mode to rwxr-xr-x: Operation not permitted
build	Cache Android SDK	2026-06-06T12:22:51.8816069Z /usr/bin/tar: ../../../../../usr/local/lib/android/sdk/platforms/android-36-ext18/data/res/layout-car: Cannot utime: Operation not permitted
build	Cache Android SDK	2026-06-06T12:22:51.8816514Z /usr/bin/tar: ../../../../../usr/local/lib/android/sdk/platforms/android-36-ext18/data/res/layout-car: Cannot change mode to rwxr-xr-x: Operation not permitted
build	Cache Android SDK	2026-06-06T12:22:51.8819893Z /usr/bin/tar: ../../../../../usr/local/lib/android/sdk/platforms/android-36-ext18/data/res/values-mcc310-mnc270-iw: Cannot utime: Operation not permitted
build	Cache Android SDK	2026-06-06T12:22:51.8820408Z /usr/bin/tar: ../../../../../usr/local/lib/android/sdk/platforms/android-36-ext18/data/res/values-mcc310-mnc270-iw: Cannot change mode to rwxr-xr-x: Operation not permitted
build	Cache Android SDK	2026-06-06T12:22:51.8823908Z /usr/bin/tar: ../../../../../usr/local/lib/android/sdk/platforms/android-36-ext18/data/res/values-mcc310-mnc660-ne: Cannot utime: Operation not permitted
build	Cache Android SDK	2026-06-06T12:22:51.8824483Z /usr/bin/tar: ../../../../../usr/local/lib/android/sdk/platforms/android-36-ext18/data/res/values-mcc310-mnc660-ne: Cannot change mode to rwxr-xr-x: Operation not permitted
build	Cache Android SDK	2026-06-06T12:22:51.8827657Z /usr/bin/tar: ../../../../../usr/local/lib/android/sdk/platforms/android-36-ext18/data/res/values-sw-rTZ: Cannot utime: Operation not permitted
build	Cache Android SDK	2026-06-06T12:22:51.8828174Z /usr/bin/tar: ../../../../../usr/local/lib/android/sdk/platforms/android-36-ext18/data/res/values-sw-rTZ: Cannot change mode to rwxr-xr-x: Operation not permitted
build	Cache Android SDK	2026-06-06T12:22:51.8831144Z /usr/bin/tar: ../../../../../usr/local/lib/android/sdk/platforms/android-36-ext18/data/res/values-mcc310-mnc160-zu: Cannot utime: Operation not permitted
build	Cache Android SDK	2026-06-06T12:22:51.8831705Z /usr/bin/tar: ../../../../../usr/local/lib/android/sdk/platforms/android-36-ext18/data/res/values-mcc310-mnc160-zu: Cannot change mode to rwxr-xr-x: Operation not permitted
build	Cache Android SDK	2026-06-06T12:22:51.8834059Z /usr/bin/tar: ../../../../../usr/local/lib/android/sdk/platforms/android-36-ext18/data/res/values-mcc334-mnc020-ne: Cannot utime: Operation not permitted
build	Cache Android SDK	2026-06-06T12:22:51.8834551Z /usr/bin/tar: ../../../../../usr/local/lib/android/sdk/platforms/android-36-ext18/data/res/values-mcc334-mnc020-ne: Cannot change mode to rwxr-xr-x: Operation not permitted
build	Cache Android SDK	2026-06-06T12:22:51.8837705Z /usr/bin/tar: ../../../../../usr/local/lib/android/sdk/platforms/android-36-ext18/data/res/values-mcc302-mnc720-ro: Cannot utime: Operation not permitted
build	Cache Android SDK	2026-06-06T12:22:51.8838191Z /usr/bin/tar: ../../../../../usr/local/lib/android/sdk/platforms/android-36-ext18/data/res/values-mcc302-mnc720-ro: Cannot change mode to rwxr-xr-x: Operation not permitted
build	Cache Android SDK	2026-06-06T12:22:51.8840462Z /usr/bin/tar: ../../../../../usr/local/lib/android/sdk/platforms/android-36-ext18/data/res/values-mcc310-mnc490-en-rGB: Cannot utime: Operation not permitted
build	Cache Android SDK	2026-06-06T12:22:51.8841039Z /usr/bin/tar: ../../../../../usr/local/lib/android/sdk/platforms/android-36-ext18/data/res/values-mcc310-mnc490-en-rGB: Cannot change mode to rwxr-xr-x: Operation not permitted
build	Cache Android SDK	2026-06-06T12:22:51.8844854Z /usr/bin/tar: ../../../../../usr/local/lib/android/sdk/platforms/android-36-ext18/data/res/values-de-rDE: Cannot utime: Operation not permitted
build	Cache Android SDK	2026-06-06T12:22:51.8845302Z /usr/bin/tar: ../../../../../usr/local/lib/android/sdk/platforms/android-36-ext18/data/res/values-de-rDE: Cannot change mode to rwxr-xr-x: Operation not permitted
build	Cache Android SDK	2026-06-06T12:22:51.8848160Z /usr/bin/tar: ../../../../../usr/local/lib/android/sdk/platforms/android-36-ext18/data/res/values-mcc334-mnc020-ml: Cannot utime: Operation not permitted
build	Cache Android SDK	2026-06-06T12:22:51.8848635Z /usr/bin/tar: ../../../../../usr/local/lib/android/sdk/platforms/android-36-ext18/data/res/values-mcc334-mnc020-ml: Cannot change mode to rwxr-xr-x: Operation not permitted
build	Cache Android SDK	2026-06-06T12:22:51.8851392Z /usr/bin/tar: ../../../../../usr/local/lib/android/sdk/platforms/android-36-ext18/data/res/values-mcc334-mnc020-zh-rCN: Cannot utime: Operation not permitted
build	Cache Android SDK	2026-06-06T12:22:51.8851896Z /usr/bin/tar: ../../../../../usr/local/lib/android/sdk/platforms/android-36-ext18/data/res/values-mcc334-mnc020-zh-rCN: Cannot change mode to rwxr-xr-x: Operation not permitted
build	Cache Android SDK	2026-06-06T12:22:51.8854326Z /usr/bin/tar: ../../../../../usr/local/lib/android/sdk/platforms/android-36-ext18/data/res/values-mcc310-mnc150-te: Cannot utime: Operation not permitted
build	Cache Android SDK	2026-06-06T12:22:51.8854806Z /usr/bin/tar: ../../../../../usr/local/lib/android/sdk/platforms/android-36-ext18/data/res/values-mcc310-mnc150-te: Cannot change mode to rwxr-xr-x: Operation not permitted
build	Cache Android SDK	2026-06-06T12:22:51.8858176Z /usr/bin/tar: ../../../../../usr/local/lib/android/sdk/platforms/android-36-ext18/data/res/values-mcc310-mnc200-b+sr+Latn: Cannot utime: Operation not permitted
build	Cache Android SDK	2026-06-06T12:22:51.8858751Z /usr/bin/tar: ../../../../../usr/local/lib/android/sdk/platforms/android-36-ext18/data/res/values-mcc310-mnc200-b+sr+Latn: Cannot change mode to rwxr-xr-x: Operation not permitted
build	Cache Android SDK	2026-06-06T12:22:51.8861706Z /usr/bin/tar: ../../../../../usr/local/lib/android/sdk/platforms/android-36-ext18/data/res/values-mcc310-mnc150-ml: Cannot utime: Operation not permitted
build	Cache Android SDK	2026-06-06T12:22:51.8862261Z /usr/bin/tar: ../../../../../usr/local/lib/android/sdk/platforms/android-36-ext18/data/res/values-mcc310-mnc150-ml: Cannot change mode to rwxr-xr-x: Operation not permitted
build	Cache Android SDK	2026-06-06T12:22:51.8864844Z /usr/bin/tar: ../../../../../usr/local/lib/android/sdk/platforms/android-36-ext18/data/res/values-mcc001-mnc01-ja: Cannot utime: Operation not permitted
build	Cache Android SDK	2026-06-06T12:22:51.8865322Z /usr/bin/tar: ../../../../../usr/local/lib/android/sdk/platforms/android-36-ext18/data/res/values-mcc001-mnc01-ja: Cannot change mode to rwxr-xr-x: Operation not permitted
build	Cache Android SDK	2026-06-06T12:22:51.8868045Z /usr/bin/tar: ../../../../../usr/local/lib/android/sdk/platforms/android-36-ext18/data/res/values-mcc310-mnc150-uk: Cannot utime: Operation not permitted
build	Cache Android SDK	2026-06-06T12:22:51.8868611Z /usr/bin/tar: ../../../../../usr/local/lib/android/sdk/platforms/android-36-ext18/data/res/values-mcc310-mnc150-uk: Cannot change mode to rwxr-xr-x: Operation not permitted
build	Cache Android SDK	2026-06-06T12:22:51.8870927Z /usr/bin/tar: ../../../../../usr/local/lib/android/sdk/platforms/android-36-ext18/data/res/values-mcc334-mnc020-de: Cannot utime: Operation not permitted
build	Cache Android SDK	2026-06-06T12:22:51.8871385Z /usr/bin/tar: ../../../../../usr/local/lib/android/sdk/platforms/android-36-ext18/data/res/values-mcc334-mnc020-de: Cannot change mode to rwxr-xr-x: Operation not permitted
build	Cache Android SDK	2026-06-06T12:22:51.8874727Z /usr/bin/tar: ../../../../../usr/local/lib/android/sdk/platforms/android-36-ext18/data/res/values-mcc310-mnc230-es: Cannot utime: Operation not permitted
build	Cache Android SDK	2026-06-06T12:22:51.8875205Z /usr/bin/tar: ../../../../../usr/local/lib/android/sdk/platforms/android-36-ext18/data/res/values-mcc310-mnc230-es: Cannot change mode to rwxr-xr-x: Operation not permitted
build	Cache Android SDK	2026-06-06T12:22:51.8877756Z /usr/bin/tar: ../../../../../usr/local/lib/android/sdk/platforms/android-36-ext18/data/res/values-mcc310-mnc280-fr: Cannot utime: Operation not permitted
build	Cache Android SDK	2026-06-06T12:22:51.8878233Z /usr/bin/tar: ../../../../../usr/local/lib/android/sdk/platforms/android-36-ext18/data/res/values-mcc310-mnc280-fr: Cannot change mode to rwxr-xr-x: Operation not permitted
build	Cache Android SDK	2026-06-06T12:22:51.8880924Z /usr/bin/tar: ../../../../../usr/local/lib/android/sdk/platforms/android-36-ext18/data/res/values-mcc302-mnc370-eu: Cannot utime: Operation not permitted
build	Cache Android SDK	2026-06-06T12:22:51.8881393Z /usr/bin/tar: ../../../../../usr/local/lib/android/sdk/platforms/android-36-ext18/data/res/values-mcc302-mnc370-eu: Cannot change mode to rwxr-xr-x: Operation not permitted
build	Cache Android SDK	2026-06-06T12:22:51.8884360Z /usr/bin/tar: ../../../../../usr/local/lib/android/sdk/platforms/android-36-ext18/data/res/values-mcc334-mnc020-ja: Cannot utime: Operation not permitted
build	Cache Android SDK	2026-06-06T12:22:51.8884839Z /usr/bin/tar: ../../../../../usr/local/lib/android/sdk/platforms/android-36-ext18/data/res/values-mcc334-mnc020-ja: Cannot change mode to rwxr-xr-x: Operation not permitted
build	Cache Android SDK	2026-06-06T12:22:51.8887697Z /usr/bin/tar: ../../../../../usr/local/lib/android/sdk/platforms/android-36-ext18/data/res/values-mcc310-mnc250-my: Cannot utime: Operation not permitted
build	Cache Android SDK	2026-06-06T12:22:51.8888171Z /usr/bin/tar: ../../../../../usr/local/lib/android/sdk/platforms/android-36-ext18/data/res/values-mcc310-mnc250-my: Cannot change mode to rwxr-xr-x: Operation not permitted
build	Cache Android SDK	2026-06-06T12:22:51.8890882Z /usr/bin/tar: ../../../../../usr/local/lib/android/sdk/platforms/android-36-ext18/data/res/values-mcc310-mnc380-b+sr+Latn: Cannot utime: Operation not permitted
build	Cache Android SDK	2026-06-06T12:22:51.8891385Z /usr/bin/tar: ../../../../../usr/local/lib/android/sdk/platforms/android-36-ext18/data/res/values-mcc310-mnc380-b+sr+Latn: Cannot change mode to rwxr-xr-x: Operation not permitted
build	Cache Android SDK	2026-06-06T12:22:51.8893799Z /usr/bin/tar: ../../../../../usr/local/lib/android/sdk/platforms/android-36-ext18/data/res/values-de-feminine: Cannot utime: Operation not permitted
build	Cache Android SDK	2026-06-06T12:22:51.8894266Z /usr/bin/tar: ../../../../../usr/local/lib/android/sdk/platforms/android-36-ext18/data/res/values-de-feminine: Cannot change mode to rwxr-xr-x: Operation not permitted
build	Cache Android SDK	2026-06-06T12:22:51.8896578Z /usr/bin/tar: ../../../../../usr/local/lib/android/sdk/platforms/android-36-ext18/data/res/values-mcc405: Cannot utime: Operation not permitted
build	Cache Android SDK	2026-06-06T12:22:51.8897030Z /usr/bin/tar: ../../../../../usr/local/lib/android/sdk/platforms/android-36-ext18/data/res/values-mcc405: Cannot change mode to rwxr-xr-x: Operation not permitted
build	Cache Android SDK	2026-06-06T12:22:51.8899438Z /usr/bin/tar: ../../../../../usr/local/lib/android/sdk/platforms/android-36-ext18/data/res/values-mcc310-mnc560-km: Cannot utime: Operation not permitted
build	Cache Android SDK	2026-06-06T12:22:51.8899984Z /usr/bin/tar: ../../../../../usr/local/lib/android/sdk/platforms/android-36-ext18/data/res/values-mcc310-mnc560-km: Cannot change mode to rwxr-xr-x: Operation not permitted
build	Cache Android SDK	2026-06-06T12:22:51.8906006Z /usr/bin/tar: ../../../../../usr/local/lib/android/sdk/platforms/android-36-ext18/data/res/values-is: Cannot utime: Operation not permitted
build	Cache Android SDK	2026-06-06T12:22:51.8906457Z /usr/bin/tar: ../../../../../usr/local/lib/android/sdk/platforms/android-36-ext18/data/res/values-is: Cannot change mode to rwxr-xr-x: Operation not permitted
build	Cache Android SDK	2026-06-06T12:22:51.8909174Z /usr/bin/tar: ../../../../../usr/local/lib/android/sdk/platforms/android-36-ext18/data/res/values-es-rUS-neuter: Cannot utime: Operation not permitted
build	Cache Android SDK	2026-06-06T12:22:51.8909774Z /usr/bin/tar: ../../../../../usr/local/lib/android/sdk/platforms/android-36-ext18/data/res/values-es-rUS-neuter: Cannot change mode to rwxr-xr-x: Operation not permitted
build	Cache Android SDK	2026-06-06T12:22:51.8912192Z /usr/bin/tar: ../../../../../usr/local/lib/android/sdk/platforms/android-36-ext18/data/res/values-mcc334-mnc020-it: Cannot utime: Operation not permitted
build	Cache Android SDK	2026-06-06T12:22:51.8912766Z /usr/bin/tar: ../../../../../usr/local/lib/android/sdk/platforms/android-36-ext18/data/res/values-mcc334-mnc020-it: Cannot change mode to rwxr-xr-x: Operation not permitted
build	Cache Android SDK	2026-06-06T12:22:51.8915036Z /usr/bin/tar: ../../../../../usr/local/lib/android/sdk/platforms/android-36-ext18/data/res/values-mcc310-mnc230-nl: Cannot utime: Operation not permitted
build	Cache Android SDK	2026-06-06T12:22:51.8915520Z /usr/bin/tar: ../../../../../usr/local/lib/android/sdk/platforms/android-36-ext18/data/res/values-mcc310-mnc230-nl: Cannot change mode to rwxr-xr-x: Operation not permitted
build	Cache Android SDK	2026-06-06T12:22:51.8918474Z /usr/bin/tar: ../../../../../usr/local/lib/android/sdk/platforms/android-36-ext18/data/res/values-mcc310-mnc800-vi: Cannot utime: Operation not permitted
build	Cache Android SDK	2026-06-06T12:22:51.8918949Z /usr/bin/tar: ../../../../../usr/local/lib/android/sdk/platforms/android-36-ext18/data/res/values-mcc310-mnc800-vi: Cannot change mode to rwxr-xr-x: Operation not permitted
build	Cache Android SDK	2026-06-06T12:22:51.8921547Z /usr/bin/tar: ../../../../../usr/local/lib/android/sdk/platforms/android-36-ext18/data/res/values-ta-television: Cannot utime: Operation not permitted
build	Cache Android SDK	2026-06-06T12:22:51.8922031Z /usr/bin/tar: ../../../../../usr/local/lib/android/sdk/platforms/android-36-ext18/data/res/values-ta-television: Cannot change mode to rwxr-xr-x: Operation not permitted
build	Cache Android SDK	2026-06-06T12:22:51.8924542Z /usr/bin/tar: ../../../../../usr/local/lib/android/sdk/platforms/android-36-ext18/data/res/values-mcc302-mnc370-bs: Cannot utime: Operation not permitted
build	Cache Android SDK	2026-06-06T12:22:51.8925015Z /usr/bin/tar: ../../../../../usr/local/lib/android/sdk/platforms/android-36-ext18/data/res/values-mcc302-mnc370-bs: Cannot change mode to rwxr-xr-x: Operation not permitted
build	Cache Android SDK	2026-06-06T12:22:51.8929415Z /usr/bin/tar: ../../../../../usr/local/lib/android/sdk/platforms/android-36-ext18/data/res/values-sw600dp: Cannot utime: Operation not permitted
build	Cache Android SDK	2026-06-06T12:22:51.8929884Z /usr/bin/tar: ../../../../../usr/local/lib/android/sdk/platforms/android-36-ext18/data/res/values-sw600dp: Cannot change mode to rwxr-xr-x: Operation not permitted
build	Cache Android SDK	2026-06-06T12:22:51.8932609Z /usr/bin/tar: ../../../../../usr/local/lib/android/sdk/platforms/android-36-ext18/data/res/values-mcc310-mnc490-pl: Cannot utime: Operation not permitted
build	Cache Android SDK	2026-06-06T12:22:51.8933080Z /usr/bin/tar: ../../../../../usr/local/lib/android/sdk/platforms/android-36-ext18/data/res/values-mcc310-mnc490-pl: Cannot change mode to rwxr-xr-x: Operation not permitted
build	Cache Android SDK	2026-06-06T12:22:51.8935371Z /usr/bin/tar: ../../../../../usr/local/lib/android/sdk/platforms/android-36-ext18/data/res/values-mcc313-mnc100-da: Cannot utime: Operation not permitted
build	Cache Android SDK	2026-06-06T12:22:51.8935837Z /usr/bin/tar: ../../../../../usr/local/lib/android/sdk/platforms/android-36-ext18/data/res/values-mcc313-mnc100-da: Cannot change mode to rwxr-xr-x: Operation not permitted
build	Cache Android SDK	2026-06-06T12:22:51.8938728Z /usr/bin/tar: ../../../../../usr/local/lib/android/sdk/platforms/android-36-ext18/data/res/values-mcc313-mnc100-ta: Cannot utime: Operation not permitted
build	Cache Android SDK	2026-06-06T12:22:51.8939277Z /usr/bin/tar: ../../../../../usr/local/lib/android/sdk/platforms/android-36-ext18/data/res/values-mcc313-mnc100-ta: Cannot change mode to rwxr-xr-x: Operation not permitted
build	Cache Android SDK	2026-06-06T12:22:51.8941766Z /usr/bin/tar: ../../../../../usr/local/lib/android/sdk/platforms/android-36-ext18/data/res/values-mcc310-mnc220-sq: Cannot utime: Operation not permitted
build	Cache Android SDK	2026-06-06T12:22:51.8942242Z /usr/bin/tar: ../../../../../usr/local/lib/android/sdk/platforms/android-36-ext18/data/res/values-mcc310-mnc220-sq: Cannot change mode to rwxr-xr-x: Operation not permitted
build	Cache Android SDK	2026-06-06T12:22:51.8945025Z /usr/bin/tar: ../../../../../usr/local/lib/android/sdk/platforms/android-36-ext18/data/res/values-mcc310-mnc250-zh-rCN: Cannot utime: Operation not permitted
build	Cache Android SDK	2026-06-06T12:22:51.8945518Z /usr/bin/tar: ../../../../../usr/local/lib/android/sdk/platforms/android-36-ext18/data/res/values-mcc310-mnc250-zh-rCN: Cannot change mode to rwxr-xr-x: Operation not permitted
build	Cache Android SDK	2026-06-06T12:22:51.8947989Z /usr/bin/tar: ../../../../../usr/local/lib/android/sdk/platforms/android-36-ext18/data/res/values-mcc310-mnc150-gu: Cannot utime: Operation not permitted
build	Cache Android SDK	2026-06-06T12:22:51.8948542Z /usr/bin/tar: ../../../../../usr/local/lib/android/sdk/platforms/android-36-ext18/data/res/values-mcc310-mnc150-gu: Cannot change mode to rwxr-xr-x: Operation not permitted
build	Cache Android SDK	2026-06-06T12:22:51.8950821Z /usr/bin/tar: ../../../../../usr/local/lib/android/sdk/platforms/android-36-ext18/data/res/values-mcc310-mnc230-si: Cannot utime: Operation not permitted
build	Cache Android SDK	2026-06-06T12:22:51.8951310Z /usr/bin/tar: ../../../../../usr/local/lib/android/sdk/platforms/android-36-ext18/data/res/values-mcc310-mnc230-si: Cannot change mode to rwxr-xr-x: Operation not permitted
build	Cache Android SDK	2026-06-06T12:22:51.8954346Z /usr/bin/tar: ../../../../../usr/local/lib/android/sdk/platforms/android-36-ext18/data/res/values-mcc311-mnc180-ar: Cannot utime: Operation not permitted
build	Cache Android SDK	2026-06-06T12:22:51.8954828Z /usr/bin/tar: ../../../../../usr/local/lib/android/sdk/platforms/android-36-ext18/data/res/values-mcc311-mnc180-ar: Cannot change mode to rwxr-xr-x: Operation not permitted
build	Cache Android SDK	2026-06-06T12:22:51.8957218Z /usr/bin/tar: ../../../../../usr/local/lib/android/sdk/platforms/android-36-ext18/data/res/values-mcc310-mnc800-ca: Cannot utime: Operation not permitted
build	Cache Android SDK	2026-06-06T12:22:51.8957925Z /usr/bin/tar: ../../../../../usr/local/lib/android/sdk/platforms/android-36-ext18/data/res/values-mcc310-mnc800-ca: Cannot change mode to rwxr-xr-x: Operation not permitted
build	Cache Android SDK	2026-06-06T12:22:51.8960453Z /usr/bin/tar: ../../../../../usr/local/lib/android/sdk/platforms/android-36-ext18/data/res/values-mcc310-mnc560-as: Cannot utime: Operation not permitted
build	Cache Android SDK	2026-06-06T12:22:51.8960928Z /usr/bin/tar: ../../../../../usr/local/lib/android/sdk/platforms/android-36-ext18/data/res/values-mcc310-mnc560-as: Cannot change mode to rwxr-xr-x: Operation not permitted
build	Cache Android SDK	2026-06-06T12:22:51.8963686Z /usr/bin/tar: ../../../../../usr/local/lib/android/sdk/platforms/android-36-ext18/data/res/values-mcc310-mnc310-zh-rCN: Cannot utime: Operation not permitted
build	Cache Android SDK	2026-06-06T12:22:51.8964189Z /usr/bin/tar: ../../../../../usr/local/lib/android/sdk/platforms/android-36-ext18/data/res/values-mcc310-mnc310-zh-rCN: Cannot change mode to rwxr-xr-x: Operation not permitted
build	Cache Android SDK	2026-06-06T12:22:51.8966422Z /usr/bin/tar: ../../../../../usr/local/lib/android/sdk/platforms/android-36-ext18/data/res/values-mcc310-mnc800-gl: Cannot utime: Operation not permitted
build	Cache Android SDK	2026-06-06T12:22:51.8966970Z /usr/bin/tar: ../../../../../usr/local/lib/android/sdk/platforms/android-36-ext18/data/res/values-mcc310-mnc800-gl: Cannot change mode to rwxr-xr-x: Operation not permitted
build	Cache Android SDK	2026-06-06T12:22:51.8969493Z /usr/bin/tar: ../../../../../usr/local/lib/android/sdk/platforms/android-36-ext18/data/res/values-mcc310-mnc240-si: Cannot utime: Operation not permitted
build	Cache Android SDK	2026-06-06T12:22:51.8969969Z /usr/bin/tar: ../../../../../usr/local/lib/android/sdk/platforms/android-36-ext18/data/res/values-mcc310-mnc240-si: Cannot change mode to rwxr-xr-x: Operation not permitted
build	Cache Android SDK	2026-06-06T12:22:51.8972394Z /usr/bin/tar: ../../../../../usr/local/lib/android/sdk/platforms/android-36-ext18/data/res/values-mcc313-mnc100-en-rAU: Cannot utime: Operation not permitted
build	Cache Android SDK	2026-06-06T12:22:51.8972965Z /usr/bin/tar: ../../../../../usr/local/lib/android/sdk/platforms/android-36-ext18/data/res/values-mcc313-mnc100-en-rAU: Cannot change mode to rwxr-xr-x: Operation not permitted
build	Cache Android SDK	2026-06-06T12:22:51.8975476Z /usr/bin/tar: ../../../../../usr/local/lib/android/sdk/platforms/android-36-ext18/data/res/values-mcc310-mnc280-sk: Cannot utime: Operation not permitted
build	Cache Android SDK	2026-06-06T12:22:51.8975948Z /usr/bin/tar: ../../../../../usr/local/lib/android/sdk/platforms/android-36-ext18/data/res/values-mcc310-mnc280-sk: Cannot change mode to rwxr-xr-x: Operation not permitted
build	Cache Android SDK	2026-06-06T12:22:51.8978251Z /usr/bin/tar: ../../../../../usr/local/lib/android/sdk/platforms/android-36-ext18/data/res/values-mcc310-mnc170-or: Cannot utime: Operation not permitted
build	Cache Android SDK	2026-06-06T12:22:51.8978736Z /usr/bin/tar: ../../../../../usr/local/lib/android/sdk/platforms/android-36-ext18/data/res/values-mcc310-mnc170-or: Cannot change mode to rwxr-xr-x: Operation not permitted
build	Cache Android SDK	2026-06-06T12:22:51.8981625Z /usr/bin/tar: ../../../../../usr/local/lib/android/sdk/platforms/android-36-ext18/data/res/values-mcc310-mnc200-ko: Cannot utime: Operation not permitted
build	Cache Android SDK	2026-06-06T12:22:51.8982106Z /usr/bin/tar: ../../../../../usr/local/lib/android/sdk/platforms/android-36-ext18/data/res/values-mcc310-mnc200-ko: Cannot change mode to rwxr-xr-x: Operation not permitted
build	Cache Android SDK	2026-06-06T12:22:51.8984601Z /usr/bin/tar: ../../../../../usr/local/lib/android/sdk/platforms/android-36-ext18/data/res/values-mcc310-mnc270-b+sr+Latn: Cannot utime: Operation not permitted
build	Cache Android SDK	2026-06-06T12:22:51.8985523Z /usr/bin/tar: ../../../../../usr/local/lib/android/sdk/platforms/android-36-ext18/data/res/values-mcc310-mnc270-b+sr+Latn: Cannot change mode to rwxr-xr-x: Operation not permitted
build	Cache Android SDK	2026-06-06T12:22:51.8987535Z /usr/bin/tar: ../../../../../usr/local/lib/android/sdk/platforms/android-36-ext18/data/res/values-uz-television: Cannot utime: Operation not permitted
build	Cache Android SDK	2026-06-06T12:22:51.8988279Z /usr/bin/tar: ../../../../../usr/local/lib/android/sdk/platforms/android-36-ext18/data/res/values-uz-television: Cannot change mode to rwxr-xr-x: Operation not permitted
build	Cache Android SDK	2026-06-06T12:22:51.8990602Z /usr/bin/tar: ../../../../../usr/local/lib/android/sdk/platforms/android-36-ext18/data/res/values-mcc310-mnc030-tr: Cannot utime: Operation not permitted
build	Cache Android SDK	2026-06-06T12:22:51.8991077Z /usr/bin/tar: ../../../../../usr/local/lib/android/sdk/platforms/android-36-ext18/data/res/values-mcc310-mnc030-tr: Cannot change mode to rwxr-xr-x: Operation not permitted
build	Cache Android SDK	2026-06-06T12:22:51.8993673Z /usr/bin/tar: ../../../../../usr/local/lib/android/sdk/platforms/android-36-ext18/data/res/values-vi-television: Cannot utime: Operation not permitted
build	Cache Android SDK	2026-06-06T12:22:51.8994123Z /usr/bin/tar: ../../../../../usr/local/lib/android/sdk/platforms/android-36-ext18/data/res/values-vi-television: Cannot change mode to rwxr-xr-x: Operation not permitted
build	Cache Android SDK	2026-06-06T12:22:51.8996835Z /usr/bin/tar: ../../../../../usr/local/lib/android/sdk/platforms/android-36-ext18/data/res/values-mcc310-mnc800-sv: Cannot utime: Operation not permitted
build	Cache Android SDK	2026-06-06T12:22:51.8997306Z /usr/bin/tar: ../../../../../usr/local/lib/android/sdk/platforms/android-36-ext18/data/res/values-mcc310-mnc800-sv: Cannot change mode to rwxr-xr-x: Operation not permitted
build	Cache Android SDK	2026-06-06T12:22:51.9000091Z /usr/bin/tar: ../../../../../usr/local/lib/android/sdk/platforms/android-36-ext18/data/res/values-mcc001-mnc01-mn: Cannot utime: Operation not permitted
build	Cache Android SDK	2026-06-06T12:22:51.9000557Z /usr/bin/tar: ../../../../../usr/local/lib/android/sdk/platforms/android-36-ext18/data/res/values-mcc001-mnc01-mn: Cannot change mode to rwxr-xr-x: Operation not permitted
build	Cache Android SDK	2026-06-06T12:22:51.9004145Z /usr/bin/tar: ../../../../../usr/local/lib/android/sdk/platforms/android-36-ext18/data/res/values-mcc001-mnc01-sk: Cannot utime: Operation not permitted
build	Cache Android SDK	2026-06-06T12:22:51.9004667Z /usr/bin/tar: ../../../../../usr/local/lib/android/sdk/platforms/android-36-ext18/data/res/values-mcc001-mnc01-sk: Cannot change mode to rwxr-xr-x: Operation not permitted
build	Cache Android SDK	2026-06-06T12:22:51.9006859Z /usr/bin/tar: ../../../../../usr/local/lib/android/sdk/platforms/android-36-ext18/data/res/values-mcc311-mnc180-ko: Cannot utime: Operation not permitted
build	Cache Android SDK	2026-06-06T12:22:51.9007327Z /usr/bin/tar: ../../../../../usr/local/lib/android/sdk/platforms/android-36-ext18/data/res/values-mcc311-mnc180-ko: Cannot change mode to rwxr-xr-x: Operation not permitted
build	Cache Android SDK	2026-06-06T12:22:51.9011905Z /usr/bin/tar: ../../../../../usr/local/lib/android/sdk/platforms/android-36-ext18/data/res/raw-fi: Cannot utime: Operation not permitted
build	Cache Android SDK	2026-06-06T12:22:51.9012323Z /usr/bin/tar: ../../../../../usr/local/lib/android/sdk/platforms/android-36-ext18/data/res/raw-fi: Cannot change mode to rwxr-xr-x: Operation not permitted
build	Cache Android SDK	2026-06-06T12:22:51.9014908Z /usr/bin/tar: ../../../../../usr/local/lib/android/sdk/platforms/android-36-ext18/data/res/values-mcc313-mnc100-gu: Cannot utime: Operation not permitted
build	Cache Android SDK	2026-06-06T12:22:51.9015449Z /usr/bin/tar: ../../../../../usr/local/lib/android/sdk/platforms/android-36-ext18/data/res/values-mcc313-mnc100-gu: Cannot change mode to rwxr-xr-x: Operation not permitted
build	Cache Android SDK	2026-06-06T12:22:51.9017966Z /usr/bin/tar: ../../../../../usr/local/lib/android/sdk/platforms/android-36-ext18/data/res/values-mcc310-mnc240-lv: Cannot utime: Operation not permitted
build	Cache Android SDK	2026-06-06T12:22:51.9018429Z /usr/bin/tar: ../../../../../usr/local/lib/android/sdk/platforms/android-36-ext18/data/res/values-mcc310-mnc240-lv: Cannot change mode to rwxr-xr-x: Operation not permitted
build	Cache Android SDK	2026-06-06T12:22:51.9021160Z /usr/bin/tar: ../../../../../usr/local/lib/android/sdk/platforms/android-36-ext18/data/res/values-mcc310-mnc280-zh-rCN: Cannot utime: Operation not permitted
build	Cache Android SDK	2026-06-06T12:22:51.9021650Z /usr/bin/tar: ../../../../../usr/local/lib/android/sdk/platforms/android-36-ext18/data/res/values-mcc310-mnc280-zh-rCN: Cannot change mode to rwxr-xr-x: Operation not permitted
build	Cache Android SDK	2026-06-06T12:22:51.9024274Z /usr/bin/tar: ../../../../../usr/local/lib/android/sdk/platforms/android-36-ext18/data/res/values-en-rNZ: Cannot utime: Operation not permitted
build	Cache Android SDK	2026-06-06T12:22:51.9024712Z /usr/bin/tar: ../../../../../usr/local/lib/android/sdk/platforms/android-36-ext18/data/res/values-en-rNZ: Cannot change mode to rwxr-xr-x: Operation not permitted
build	Cache Android SDK	2026-06-06T12:22:51.9027088Z /usr/bin/tar: ../../../../../usr/local/lib/android/sdk/platforms/android-36-ext18/data/res/values-mcc310-mnc240-fr: Cannot utime: Operation not permitted
build	Cache Android SDK	2026-06-06T12:22:51.9027646Z /usr/bin/tar: ../../../../../usr/local/lib/android/sdk/platforms/android-36-ext18/data/res/values-mcc310-mnc240-fr: Cannot change mode to rwxr-xr-x: Operation not permitted
build	Cache Android SDK	2026-06-06T12:22:51.9030008Z /usr/bin/tar: ../../../../../usr/local/lib/android/sdk/platforms/android-36-ext18/data/res/values-mcc310-mnc250-si: Cannot utime: Operation not permitted
build	Cache Android SDK	2026-06-06T12:22:51.9030471Z /usr/bin/tar: ../../../../../usr/local/lib/android/sdk/platforms/android-36-ext18/data/res/values-mcc310-mnc250-si: Cannot change mode to rwxr-xr-x: Operation not permitted
build	Cache Android SDK	2026-06-06T12:22:51.9033981Z /usr/bin/tar: ../../../../../usr/local/lib/android/sdk/platforms/android-36-ext18/data/res/values-mcc310-mnc170-ja: Cannot utime: Operation not permitted
build	Cache Android SDK	2026-06-06T12:22:51.9034595Z /usr/bin/tar: ../../../../../usr/local/lib/android/sdk/platforms/android-36-ext18/data/res/values-mcc310-mnc170-ja: Cannot change mode to rwxr-xr-x: Operation not permitted
build	Cache Android SDK	2026-06-06T12:22:51.9036829Z /usr/bin/tar: ../../../../../usr/local/lib/android/sdk/platforms/android-36-ext18/data/res/values-mcc302-mnc720-hu: Cannot utime: Operation not permitted
build	Cache Android SDK	2026-06-06T12:22:51.9037292Z /usr/bin/tar: ../../../../../usr/local/lib/android/sdk/platforms/android-36-ext18/data/res/values-mcc302-mnc720-hu: Cannot change mode to rwxr-xr-x: Operation not permitted
build	Cache Android SDK	2026-06-06T12:22:51.9040466Z /usr/bin/tar: ../../../../../usr/local/lib/android/sdk/platforms/android-36-ext18/data/res/values-mcc310-mnc160-zh-rTW: Cannot utime: Operation not permitted
build	Cache Android SDK	2026-06-06T12:22:51.9041036Z /usr/bin/tar: ../../../../../usr/local/lib/android/sdk/platforms/android-36-ext18/data/res/values-mcc310-mnc160-zh-rTW: Cannot change mode to rwxr-xr-x: Operation not permitted
build	Cache Android SDK	2026-06-06T12:22:51.9043469Z /usr/bin/tar: ../../../../../usr/local/lib/android/sdk/platforms/android-36-ext18/data/res/values-mcc310-mnc310-gl: Cannot utime: Operation not permitted
build	Cache Android SDK	2026-06-06T12:22:51.9043937Z /usr/bin/tar: ../../../../../usr/local/lib/android/sdk/platforms/android-36-ext18/data/res/values-mcc310-mnc310-gl: Cannot change mode to rwxr-xr-x: Operation not permitted
build	Cache Android SDK	2026-06-06T12:22:51.9046714Z /usr/bin/tar: ../../../../../usr/local/lib/android/sdk/platforms/android-36-ext18/data/res/values-mcc310-mnc030-hr: Cannot utime: Operation not permitted
build	Cache Android SDK	2026-06-06T12:22:51.9047187Z /usr/bin/tar: ../../../../../usr/local/lib/android/sdk/platforms/android-36-ext18/data/res/values-mcc310-mnc030-hr: Cannot change mode to rwxr-xr-x: Operation not permitted
build	Cache Android SDK	2026-06-06T12:22:51.9050677Z /usr/bin/tar: ../../../../../usr/local/lib/android/sdk/platforms/android-36-ext18/data/res/values-mcc310-mnc280-ka: Cannot utime: Operation not permitted
build	Cache Android SDK	2026-06-06T12:22:51.9051231Z /usr/bin/tar: ../../../../../usr/local/lib/android/sdk/platforms/android-36-ext18/data/res/values-mcc310-mnc280-ka: Cannot change mode to rwxr-xr-x: Operation not permitted
build	Cache Android SDK	2026-06-06T12:22:51.9053836Z /usr/bin/tar: ../../../../../usr/local/lib/android/sdk/platforms/android-36-ext18/data/res/values-mcc310-mnc950-te: Cannot utime: Operation not permitted
build	Cache Android SDK	2026-06-06T12:22:51.9054298Z /usr/bin/tar: ../../../../../usr/local/lib/android/sdk/platforms/android-36-ext18/data/res/values-mcc310-mnc950-te: Cannot change mode to rwxr-xr-x: Operation not permitted
build	Cache Android SDK	2026-06-06T12:22:51.9057134Z /usr/bin/tar: ../../../../../usr/local/lib/android/sdk/platforms/android-36-ext18/data/res/values-mcc302-mnc720-ka: Cannot utime: Operation not permitted
build	Cache Android SDK	2026-06-06T12:22:51.9057700Z /usr/bin/tar: ../../../../../usr/local/lib/android/sdk/platforms/android-36-ext18/data/res/values-mcc302-mnc720-ka: Cannot change mode to rwxr-xr-x: Operation not permitted
build	Cache Android SDK	2026-06-06T12:22:51.9060368Z /usr/bin/tar: ../../../../../usr/local/lib/android/sdk/platforms/android-36-ext18/data/res/values-mcc310-mnc210-pt: Cannot utime: Operation not permitted
build	Cache Android SDK	2026-06-06T12:22:51.9060839Z /usr/bin/tar: ../../../../../usr/local/lib/android/sdk/platforms/android-36-ext18/data/res/values-mcc310-mnc210-pt: Cannot change mode to rwxr-xr-x: Operation not permitted
build	Cache Android SDK	2026-06-06T12:22:51.9063824Z /usr/bin/tar: ../../../../../usr/local/lib/android/sdk/platforms/android-36-ext18/data/res/values-mcc310-mnc250-b+sr+Latn: Cannot utime: Operation not permitted
build	Cache Android SDK	2026-06-06T12:22:51.9064322Z /usr/bin/tar: ../../../../../usr/local/lib/android/sdk/platforms/android-36-ext18/data/res/values-mcc310-mnc250-b+sr+Latn: Cannot change mode to rwxr-xr-x: Operation not permitted
build	Cache Android SDK	2026-06-06T12:22:51.9066935Z /usr/bin/tar: ../../../../../usr/local/lib/android/sdk/platforms/android-36-ext18/data/res/values-mcc310-mnc380-iw: Cannot utime: Operation not permitted
build	Cache Android SDK	2026-06-06T12:22:51.9067489Z /usr/bin/tar: ../../../../../usr/local/lib/android/sdk/platforms/android-36-ext18/data/res/values-mcc310-mnc380-iw: Cannot change mode to rwxr-xr-x: Operation not permitted
build	Cache Android SDK	2026-06-06T12:22:51.9070043Z /usr/bin/tar: ../../../../../usr/local/lib/android/sdk/platforms/android-36-ext18/data/res/values-mcc732-mnc123: Cannot utime: Operation not permitted
build	Cache Android SDK	2026-06-06T12:22:51.9070606Z /usr/bin/tar: ../../../../../usr/local/lib/android/sdk/platforms/android-36-ext18/data/res/values-mcc732-mnc123: Cannot change mode to rwxr-xr-x: Operation not permitted
build	Cache Android SDK	2026-06-06T12:22:51.9073294Z /usr/bin/tar: ../../../../../usr/local/lib/android/sdk/platforms/android-36-ext18/data/res/values-mcc302-mnc370-cs: Cannot utime: Operation not permitted
build	Cache Android SDK	2026-06-06T12:22:51.9073882Z /usr/bin/tar: ../../../../../usr/local/lib/android/sdk/platforms/android-36-ext18/data/res/values-mcc302-mnc370-cs: Cannot change mode to rwxr-xr-x: Operation not permitted
build	Cache Android SDK	2026-06-06T12:22:51.9076327Z /usr/bin/tar: ../../../../../usr/local/lib/android/sdk/platforms/android-36-ext18/data/res/values-mcc311-mnc180-sr: Cannot utime: Operation not permitted
build	Cache Android SDK	2026-06-06T12:22:51.9076843Z /usr/bin/tar: ../../../../../usr/local/lib/android/sdk/platforms/android-36-ext18/data/res/values-mcc311-mnc180-sr: Cannot change mode to rwxr-xr-x: Operation not permitted
build	Cache Android SDK	2026-06-06T12:22:51.9079560Z /usr/bin/tar: ../../../../../usr/local/lib/android/sdk/platforms/android-36-ext18/data/res/values-mcc302-mnc370-ur: Cannot utime: Operation not permitted
build	Cache Android SDK	2026-06-06T12:22:51.9080367Z /usr/bin/tar: ../../../../../usr/local/lib/android/sdk/platforms/android-36-ext18/data/res/values-mcc302-mnc370-ur: Cannot change mode to rwxr-xr-x: Operation not permitted
build	Cache Android SDK	2026-06-06T12:22:51.9082913Z /usr/bin/tar: ../../../../../usr/local/lib/android/sdk/platforms/android-36-ext18/data/res/values-mcc310-mnc230-kk: Cannot utime: Operation not permitted
build	Cache Android SDK	2026-06-06T12:22:51.9083392Z /usr/bin/tar: ../../../../../usr/local/lib/android/sdk/platforms/android-36-ext18/data/res/values-mcc310-mnc230-kk: Cannot change mode to rwxr-xr-x: Operation not permitted
build	Cache Android SDK	2026-06-06T12:22:51.9085996Z /usr/bin/tar: ../../../../../usr/local/lib/android/sdk/platforms/android-36-ext18/data/res/values-mcc310-mnc490-eu: Cannot utime: Operation not permitted
build	Cache Android SDK	2026-06-06T12:22:51.9086456Z /usr/bin/tar: ../../../../../usr/local/lib/android/sdk/platforms/android-36-ext18/data/res/values-mcc310-mnc490-eu: Cannot change mode to rwxr-xr-x: Operation not permitted
build	Cache Android SDK	2026-06-06T12:22:51.9089468Z /usr/bin/tar: ../../../../../usr/local/lib/android/sdk/platforms/android-36-ext18/data/res/values-mcc310-mnc170-az: Cannot utime: Operation not permitted
build	Cache Android SDK	2026-06-06T12:22:51.9089967Z /usr/bin/tar: ../../../../../usr/local/lib/android/sdk/platforms/android-36-ext18/data/res/values-mcc310-mnc170-az: Cannot change mode to rwxr-xr-x: Operation not permitted
build	Cache Android SDK	2026-06-06T12:22:51.9092291Z /usr/bin/tar: ../../../../../usr/local/lib/android/sdk/platforms/android-36-ext18/data/res/values-mcc311-mnc480: Cannot utime: Operation not permitted
build	Cache Android SDK	2026-06-06T12:22:51.9092757Z /usr/bin/tar: ../../../../../usr/local/lib/android/sdk/platforms/android-36-ext18/data/res/values-mcc311-mnc480: Cannot change mode to rwxr-xr-x: Operation not permitted
build	Cache Android SDK	2026-06-06T12:22:51.9095576Z /usr/bin/tar: ../../../../../usr/local/lib/android/sdk/platforms/android-36-ext18/data/res/values-mcc310-mnc250-sw: Cannot utime: Operation not permitted
build	Cache Android SDK	2026-06-06T12:22:51.9096037Z /usr/bin/tar: ../../../../../usr/local/lib/android/sdk/platforms/android-36-ext18/data/res/values-mcc310-mnc250-sw: Cannot change mode to rwxr-xr-x: Operation not permitted
build	Cache Android SDK	2026-06-06T12:22:51.9101626Z /usr/bin/tar: ../../../../../usr/local/lib/android/sdk/platforms/android-36-ext18/data/res/values-gl: Cannot utime: Operation not permitted
build	Cache Android SDK	2026-06-06T12:22:51.9102058Z /usr/bin/tar: ../../../../../usr/local/lib/android/sdk/platforms/android-36-ext18/data/res/values-gl: Cannot change mode to rwxr-xr-x: Operation not permitted
build	Cache Android SDK	2026-06-06T12:22:51.9105250Z /usr/bin/tar: ../../../../../usr/local/lib/android/sdk/platforms/android-36-ext18/data/res/values-mcc001-mnc01-pt-rPT: Cannot utime: Operation not permitted
build	Cache Android SDK	2026-06-06T12:22:51.9105738Z /usr/bin/tar: ../../../../../usr/local/lib/android/sdk/platforms/android-36-ext18/data/res/values-mcc001-mnc01-pt-rPT: Cannot change mode to rwxr-xr-x: Operation not permitted
build	Cache Android SDK	2026-06-06T12:22:51.9108721Z /usr/bin/tar: ../../../../../usr/local/lib/android/sdk/platforms/android-36-ext18/data/res/values-mcc310-mnc250-ja: Cannot utime: Operation not permitted
build	Cache Android SDK	2026-06-06T12:22:51.9109175Z /usr/bin/tar: ../../../../../usr/local/lib/android/sdk/platforms/android-36-ext18/data/res/values-mcc310-mnc250-ja: Cannot change mode to rwxr-xr-x: Operation not permitted
build	Cache Android SDK	2026-06-06T12:22:51.9111837Z /usr/bin/tar: ../../../../../usr/local/lib/android/sdk/platforms/android-36-ext18/data/res/values-mcc311-mnc180-en-rGB: Cannot utime: Operation not permitted
build	Cache Android SDK	2026-06-06T12:22:51.9112381Z /usr/bin/tar: ../../../../../usr/local/lib/android/sdk/platforms/android-36-ext18/data/res/values-mcc311-mnc180-en-rGB: Cannot change mode to rwxr-xr-x: Operation not permitted
build	Cache Android SDK	2026-06-06T12:22:51.9115010Z /usr/bin/tar: ../../../../../usr/local/lib/android/sdk/platforms/android-36-ext18/data/res/values-mcc310-mnc220-tr: Cannot utime: Operation not permitted
build	Cache Android SDK	2026-06-06T12:22:51.9115473Z /usr/bin/tar: ../../../../../usr/local/lib/android/sdk/platforms/android-36-ext18/data/res/values-mcc310-mnc220-tr: Cannot change mode to rwxr-xr-x: Operation not permitted
build	Cache Android SDK	2026-06-06T12:22:51.9118273Z /usr/bin/tar: ../../../../../usr/local/lib/android/sdk/platforms/android-36-ext18/data/res/values-ms-television: Cannot utime: Operation not permitted
build	Cache Android SDK	2026-06-06T12:22:51.9118731Z /usr/bin/tar: ../../../../../usr/local/lib/android/sdk/platforms/android-36-ext18/data/res/values-ms-television: Cannot change mode to rwxr-xr-x: Operation not permitted
build	Cache Android SDK	2026-06-06T12:22:51.9121345Z /usr/bin/tar: ../../../../../usr/local/lib/android/sdk/platforms/android-36-ext18/data/res/values-mcc310-mnc380-hr: Cannot utime: Operation not permitted
build	Cache Android SDK	2026-06-06T12:22:51.9122375Z /usr/bin/tar: ../../../../../usr/local/lib/android/sdk/platforms/android-36-ext18/data/res/values-mcc310-mnc380-hr: Cannot change mode to rwxr-xr-x: Operation not permitted
build	Cache Android SDK	2026-06-06T12:22:51.9124489Z /usr/bin/tar: ../../../../../usr/local/lib/android/sdk/platforms/android-36-ext18/data/res/values-mcc313-mnc100-es: Cannot utime: Operation not permitted
build	Cache Android SDK	2026-06-06T12:22:51.9124970Z /usr/bin/tar: ../../../../../usr/local/lib/android/sdk/platforms/android-36-ext18/data/res/values-mcc313-mnc100-es: Cannot change mode to rwxr-xr-x: Operation not permitted
build	Cache Android SDK	2026-06-06T12:22:51.9127704Z /usr/bin/tar: ../../../../../usr/local/lib/android/sdk/platforms/android-36-ext18/data/res/values-mcc310-mnc410-uk: Cannot utime: Operation not permitted
build	Cache Android SDK	2026-06-06T12:22:51.9128169Z /usr/bin/tar: ../../../../../usr/local/lib/android/sdk/platforms/android-36-ext18/data/res/values-mcc310-mnc410-uk: Cannot change mode to rwxr-xr-x: Operation not permitted
build	Cache Android SDK	2026-06-06T12:22:51.9130991Z /usr/bin/tar: ../../../../../usr/local/lib/android/sdk/platforms/android-36-ext18/data/res/values-mcc310-mnc280-fa: Cannot utime: Operation not permitted
build	Cache Android SDK	2026-06-06T12:22:51.9131458Z /usr/bin/tar: ../../../../../usr/local/lib/android/sdk/platforms/android-36-ext18/data/res/values-mcc310-mnc280-fa: Cannot change mode to rwxr-xr-x: Operation not permitted
build	Cache Android SDK	2026-06-06T12:22:51.9134647Z /usr/bin/tar: ../../../../../usr/local/lib/android/sdk/platforms/android-36-ext18/data/res/values-mcc302-mnc720-bn: Cannot utime: Operation not permitted
build	Cache Android SDK	2026-06-06T12:22:51.9135113Z /usr/bin/tar: ../../../../../usr/local/lib/android/sdk/platforms/android-36-ext18/data/res/values-mcc302-mnc720-bn: Cannot change mode to rwxr-xr-x: Operation not permitted
build	Cache Android SDK	2026-06-06T12:22:51.9138036Z /usr/bin/tar: ../../../../../usr/local/lib/android/sdk/platforms/android-36-ext18/data/res/values-mcc262-mnc02: Cannot utime: Operation not permitted
build	Cache Android SDK	2026-06-06T12:22:51.9138497Z /usr/bin/tar: ../../../../../usr/local/lib/android/sdk/platforms/android-36-ext18/data/res/values-mcc262-mnc02: Cannot change mode to rwxr-xr-x: Operation not permitted
build	Cache Android SDK	2026-06-06T12:22:51.9142045Z /usr/bin/tar: ../../../../../usr/local/lib/android/sdk/platforms/android-36-ext18/data/res/values-mcc310-mnc230-cs: Cannot utime: Operation not permitted
build	Cache Android SDK	2026-06-06T12:22:51.9142623Z /usr/bin/tar: ../../../../../usr/local/lib/android/sdk/platforms/android-36-ext18/data/res/values-mcc310-mnc230-cs: Cannot change mode to rwxr-xr-x: Operation not permitted
build	Cache Android SDK	2026-06-06T12:22:51.9145791Z /usr/bin/tar: ../../../../../usr/local/lib/android/sdk/platforms/android-36-ext18/data/res/values-mcc310-mnc800-zu: Cannot utime: Operation not permitted
build	Cache Android SDK	2026-06-06T12:22:51.9146255Z /usr/bin/tar: ../../../../../usr/local/lib/android/sdk/platforms/android-36-ext18/data/res/values-mcc310-mnc800-zu: Cannot change mode to rwxr-xr-x: Operation not permitted
build	Cache Android SDK	2026-06-06T12:22:51.9152950Z /usr/bin/tar: ../../../../../usr/local/lib/android/sdk/platforms/android-36-ext18/data/res/values-fr: Cannot utime: Operation not permitted
build	Cache Android SDK	2026-06-06T12:22:51.9153927Z /usr/bin/tar: ../../../../../usr/local/lib/android/sdk/platforms/android-36-ext18/data/res/values-fr: Cannot change mode to rwxr-xr-x: Operation not permitted
build	Cache Android SDK	2026-06-06T12:22:51.9156279Z /usr/bin/tar: ../../../../../usr/local/lib/android/sdk/platforms/android-36-ext18/data/res/values-mcc310-mnc380-is: Cannot utime: Operation not permitted
build	Cache Android SDK	2026-06-06T12:22:51.9156890Z /usr/bin/tar: ../../../../../usr/local/lib/android/sdk/platforms/android-36-ext18/data/res/values-mcc310-mnc380-is: Cannot change mode to rwxr-xr-x: Operation not permitted
build	Cache Android SDK	2026-06-06T12:22:51.9159182Z /usr/bin/tar: ../../../../../usr/local/lib/android/sdk/platforms/android-36-ext18/data/res/values-mcc466-mnc06: Cannot utime: Operation not permitted
build	Cache Android SDK	2026-06-06T12:22:51.9159658Z /usr/bin/tar: ../../../../../usr/local/lib/android/sdk/platforms/android-36-ext18/data/res/values-mcc466-mnc06: Cannot change mode to rwxr-xr-x: Operation not permitted
build	Cache Android SDK	2026-06-06T12:22:51.9162153Z /usr/bin/tar: ../../../../../usr/local/lib/android/sdk/platforms/android-36-ext18/data/res/values-mcc310-mnc490-uz: Cannot utime: Operation not permitted
build	Cache Android SDK	2026-06-06T12:22:51.9162740Z /usr/bin/tar: ../../../../../usr/local/lib/android/sdk/platforms/android-36-ext18/data/res/values-mcc310-mnc490-uz: Cannot change mode to rwxr-xr-x: Operation not permitted
build	Cache Android SDK	2026-06-06T12:22:51.9165399Z /usr/bin/tar: ../../../../../usr/local/lib/android/sdk/platforms/android-36-ext18/data/res/values-mcc310-mnc270-ja: Cannot utime: Operation not permitted
build	Cache Android SDK	2026-06-06T12:22:51.9165874Z /usr/bin/tar: ../../../../../usr/local/lib/android/sdk/platforms/android-36-ext18/data/res/values-mcc310-mnc270-ja: Cannot change mode to rwxr-xr-x: Operation not permitted
build	Cache Android SDK	2026-06-06T12:22:51.9168137Z /usr/bin/tar: ../../../../../usr/local/lib/android/sdk/platforms/android-36-ext18/data/res/values-mcc302-mnc720-hi: Cannot utime: Operation not permitted
build	Cache Android SDK	2026-06-06T12:22:51.9168613Z /usr/bin/tar: ../../../../../usr/local/lib/android/sdk/platforms/android-36-ext18/data/res/values-mcc302-mnc720-hi: Cannot change mode to rwxr-xr-x: Operation not permitted
build	Cache Android SDK	2026-06-06T12:22:51.9171463Z /usr/bin/tar: ../../../../../usr/local/lib/android/sdk/platforms/android-36-ext18/data/res/values-mcc302-mnc720-bg: Cannot utime: Operation not permitted
build	Cache Android SDK	2026-06-06T12:22:51.9171937Z /usr/bin/tar: ../../../../../usr/local/lib/android/sdk/platforms/android-36-ext18/data/res/values-mcc302-mnc720-bg: Cannot change mode to rwxr-xr-x: Operation not permitted
build	Cache Android SDK	2026-06-06T12:22:51.9174622Z /usr/bin/tar: ../../../../../usr/local/lib/android/sdk/platforms/android-36-ext18/data/res/values-mcc310-mnc380-af: Cannot utime: Operation not permitted
build	Cache Android SDK	2026-06-06T12:22:51.9175095Z /usr/bin/tar: ../../../../../usr/local/lib/android/sdk/platforms/android-36-ext18/data/res/values-mcc310-mnc380-af: Cannot change mode to rwxr-xr-x: Operation not permitted
build	Cache Android SDK	2026-06-06T12:22:51.9177802Z /usr/bin/tar: ../../../../../usr/local/lib/android/sdk/platforms/android-36-ext18/data/res/values-mcc001-mnc01-fi: Cannot utime: Operation not permitted
build	Cache Android SDK	2026-06-06T12:22:51.9178287Z /usr/bin/tar: ../../../../../usr/local/lib/android/sdk/platforms/android-36-ext18/data/res/values-mcc001-mnc01-fi: Cannot change mode to rwxr-xr-x: Operation not permitted
build	Cache Android SDK	2026-06-06T12:22:51.9181230Z /usr/bin/tar: ../../../../../usr/local/lib/android/sdk/platforms/android-36-ext18/data/res/values-mcc310-mnc490-mn: Cannot utime: Operation not permitted
build	Cache Android SDK	2026-06-06T12:22:51.9181800Z /usr/bin/tar: ../../../../../usr/local/lib/android/sdk/platforms/android-36-ext18/data/res/values-mcc310-mnc490-mn: Cannot change mode to rwxr-xr-x: Operation not permitted
build	Cache Android SDK	2026-06-06T12:22:51.9184237Z /usr/bin/tar: ../../../../../usr/local/lib/android/sdk/platforms/android-36-ext18/data/res/values-mcc310-mnc410-fa: Cannot utime: Operation not permitted
build	Cache Android SDK	2026-06-06T12:22:51.9184710Z /usr/bin/tar: ../../../../../usr/local/lib/android/sdk/platforms/android-36-ext18/data/res/values-mcc310-mnc410-fa: Cannot change mode to rwxr-xr-x: Operation not permitted
build	Cache Android SDK	2026-06-06T12:22:51.9187604Z /usr/bin/tar: ../../../../../usr/local/lib/android/sdk/platforms/android-36-ext18/data/res/values-mcc310-mnc410-iw: Cannot utime: Operation not permitted
build	Cache Android SDK	2026-06-06T12:22:51.9188172Z /usr/bin/tar: ../../../../../usr/local/lib/android/sdk/platforms/android-36-ext18/data/res/values-mcc310-mnc410-iw: Cannot change mode to rwxr-xr-x: Operation not permitted
build	Cache Android SDK	2026-06-06T12:22:51.9190139Z /usr/bin/tar: ../../../../../usr/local/lib/android/sdk/platforms/android-36-ext18/data/res/values-mcc310-mnc380-zu: Cannot utime: Operation not permitted
build	Cache Android SDK	2026-06-06T12:22:51.9190608Z /usr/bin/tar: ../../../../../usr/local/lib/android/sdk/platforms/android-36-ext18/data/res/values-mcc310-mnc380-zu: Cannot change mode to rwxr-xr-x: Operation not permitted
build	Cache Android SDK	2026-06-06T12:22:51.9197794Z /usr/bin/tar: ../../../../../usr/local/lib/android/sdk/platforms/android-36-ext18/data/res/values-iw: Cannot utime: Operation not permitted
build	Cache Android SDK	2026-06-06T12:22:51.9198603Z /usr/bin/tar: ../../../../../usr/local/lib/android/sdk/platforms/android-36-ext18/data/res/values-iw: Cannot change mode to rwxr-xr-x: Operation not permitted
build	Cache Android SDK	2026-06-06T12:22:51.9199864Z /usr/bin/tar: ../../../../../usr/local/lib/android/sdk/platforms/android-36-ext18/data/res/values-mcc310-mnc150-en-rIN: Cannot utime: Operation not permitted
build	Cache Android SDK	2026-06-06T12:22:51.9200382Z /usr/bin/tar: ../../../../../usr/local/lib/android/sdk/platforms/android-36-ext18/data/res/values-mcc310-mnc150-en-rIN: Cannot change mode to rwxr-xr-x: Operation not permitted
build	Cache Android SDK	2026-06-06T12:22:51.9203568Z /usr/bin/tar: ../../../../../usr/local/lib/android/sdk/platforms/android-36-ext18/data/res/values-mcc311-mnc180-en-rIN: Cannot utime: Operation not permitted
build	Cache Android SDK	2026-06-06T12:22:51.9204061Z /usr/bin/tar: ../../../../../usr/local/lib/android/sdk/platforms/android-36-ext18/data/res/values-mcc311-mnc180-en-rIN: Cannot change mode to rwxr-xr-x: Operation not permitted
build	Cache Android SDK	2026-06-06T12:22:51.9206528Z /usr/bin/tar: ../../../../../usr/local/lib/android/sdk/platforms/android-36-ext18/data/res/values-mcc310-mnc800-is: Cannot utime: Operation not permitted
build	Cache Android SDK	2026-06-06T12:22:51.9207011Z /usr/bin/tar: ../../../../../usr/local/lib/android/sdk/platforms/android-36-ext18/data/res/values-mcc310-mnc800-is: Cannot change mode to rwxr-xr-x: Operation not permitted
build	Cache Android SDK	2026-06-06T12:22:51.9209353Z /usr/bin/tar: ../../../../../usr/local/lib/android/sdk/platforms/android-36-ext18/data/res/values-mcc302-mnc370-mr: Cannot utime: Operation not permitted
build	Cache Android SDK	2026-06-06T12:22:51.9209846Z /usr/bin/tar: ../../../../../usr/local/lib/android/sdk/platforms/android-36-ext18/data/res/values-mcc302-mnc370-mr: Cannot change mode to rwxr-xr-x: Operation not permitted
build	Cache Android SDK	2026-06-06T12:22:51.9212641Z /usr/bin/tar: ../../../../../usr/local/lib/android/sdk/platforms/android-36-ext18/data/res/values-mcc310-mnc800-ta: Cannot utime: Operation not permitted
build	Cache Android SDK	2026-06-06T12:22:51.9213119Z /usr/bin/tar: ../../../../../usr/local/lib/android/sdk/platforms/android-36-ext18/data/res/values-mcc310-mnc800-ta: Cannot change mode to rwxr-xr-x: Operation not permitted
build	Cache Android SDK	2026-06-06T12:22:51.9215306Z /usr/bin/tar: ../../../../../usr/local/lib/android/sdk/platforms/android-36-ext18/data/res/values-mcc310-mnc380-mn: Cannot utime: Operation not permitted
build	Cache Android SDK	2026-06-06T12:22:51.9215781Z /usr/bin/tar: ../../../../../usr/local/lib/android/sdk/platforms/android-36-ext18/data/res/values-mcc310-mnc380-mn: Cannot change mode to rwxr-xr-x: Operation not permitted
build	Cache Android SDK	2026-06-06T12:22:51.9218296Z /usr/bin/tar: ../../../../../usr/local/lib/android/sdk/platforms/android-36-ext18/data/res/values-mcc310-mnc560-ta: Cannot utime: Operation not permitted
build	Cache Android SDK	2026-06-06T12:22:51.9218771Z /usr/bin/tar: ../../../../../usr/local/lib/android/sdk/platforms/android-36-ext18/data/res/values-mcc310-mnc560-ta: Cannot change mode to rwxr-xr-x: Operation not permitted
build	Cache Android SDK	2026-06-06T12:22:51.9221320Z /usr/bin/tar: ../../../../../usr/local/lib/android/sdk/platforms/android-36-ext18/data/res/values-mcc310-mnc160-el: Cannot utime: Operation not permitted
build	Cache Android SDK	2026-06-06T12:22:51.9221891Z /usr/bin/tar: ../../../../../usr/local/lib/android/sdk/platforms/android-36-ext18/data/res/values-mcc310-mnc160-el: Cannot change mode to rwxr-xr-x: Operation not permitted
build	Cache Android SDK	2026-06-06T12:22:51.9224056Z /usr/bin/tar: ../../../../../usr/local/lib/android/sdk/platforms/android-36-ext18/data/res/values-mcc310-mnc240-en-rAU: Cannot utime: Operation not permitted
build	Cache Android SDK	2026-06-06T12:22:51.9224546Z /usr/bin/tar: ../../../../../usr/local/lib/android/sdk/platforms/android-36-ext18/data/res/values-mcc310-mnc240-en-rAU: Cannot change mode to rwxr-xr-x: Operation not permitted
build	Cache Android SDK	2026-06-06T12:22:51.9227903Z /usr/bin/tar: ../../../../../usr/local/lib/android/sdk/platforms/android-36-ext18/data/res/values-mcc310-mnc410-zh-rCN: Cannot utime: Operation not permitted
build	Cache Android SDK	2026-06-06T12:22:51.9228393Z /usr/bin/tar: ../../../../../usr/local/lib/android/sdk/platforms/android-36-ext18/data/res/values-mcc310-mnc410-zh-rCN: Cannot change mode to rwxr-xr-x: Operation not permitted
build	Cache Android SDK	2026-06-06T12:22:51.9230926Z /usr/bin/tar: ../../../../../usr/local/lib/android/sdk/platforms/android-36-ext18/data/res/values-mcc310-mnc250-lt: Cannot utime: Operation not permitted
build	Cache Android SDK	2026-06-06T12:22:51.9231478Z /usr/bin/tar: ../../../../../usr/local/lib/android/sdk/platforms/android-36-ext18/data/res/values-mcc310-mnc250-lt: Cannot change mode to rwxr-xr-x: Operation not permitted
build	Cache Android SDK	2026-06-06T12:22:51.9233711Z /usr/bin/tar: ../../../../../usr/local/lib/android/sdk/platforms/android-36-ext18/data/res/values-mcc310-mnc410-ta: Cannot utime: Operation not permitted
build	Cache Android SDK	2026-06-06T12:22:51.9234176Z /usr/bin/tar: ../../../../../usr/local/lib/android/sdk/platforms/android-36-ext18/data/res/values-mcc310-mnc410-ta: Cannot change mode to rwxr-xr-x: Operation not permitted
build	Cache Android SDK	2026-06-06T12:22:51.9236508Z /usr/bin/tar: ../../../../../usr/local/lib/android/sdk/platforms/android-36-ext18/data/res/values-pt-television: Cannot utime: Operation not permitted
build	Cache Android SDK	2026-06-06T12:22:51.9236979Z /usr/bin/tar: ../../../../../usr/local/lib/android/sdk/platforms/android-36-ext18/data/res/values-pt-television: Cannot change mode to rwxr-xr-x: Operation not permitted
build	Cache Android SDK	2026-06-06T12:22:51.9239462Z /usr/bin/tar: ../../../../../usr/local/lib/android/sdk/platforms/android-36-ext18/data/res/values-mcc310-mnc220-fr: Cannot utime: Operation not permitted
build	Cache Android SDK	2026-06-06T12:22:51.9239949Z /usr/bin/tar: ../../../../../usr/local/lib/android/sdk/platforms/android-36-ext18/data/res/values-mcc310-mnc220-fr: Cannot change mode to rwxr-xr-x: Operation not permitted
build	Cache Android SDK	2026-06-06T12:22:51.9242079Z /usr/bin/tar: ../../../../../usr/local/lib/android/sdk/platforms/android-36-ext18/data/res/values-mcc302-mnc370-mk: Cannot utime: Operation not permitted
build	Cache Android SDK	2026-06-06T12:22:51.9242536Z /usr/bin/tar: ../../../../../usr/local/lib/android/sdk/platforms/android-36-ext18/data/res/values-mcc302-mnc370-mk: Cannot change mode to rwxr-xr-x: Operation not permitted
build	Cache Android SDK	2026-06-06T12:22:51.9245692Z /usr/bin/tar: ../../../../../usr/local/lib/android/sdk/platforms/android-36-ext18/data/res/values-mcc310-mnc410-ne: Cannot utime: Operation not permitted
build	Cache Android SDK	2026-06-06T12:22:51.9246195Z /usr/bin/tar: ../../../../../usr/local/lib/android/sdk/platforms/android-36-ext18/data/res/values-mcc310-mnc410-ne: Cannot change mode to rwxr-xr-x: Operation not permitted
build	Cache Android SDK	2026-06-06T12:22:51.9248743Z /usr/bin/tar: ../../../../../usr/local/lib/android/sdk/platforms/android-36-ext18/data/res/values-mcc310-mnc200-pa: Cannot utime: Operation not permitted
build	Cache Android SDK	2026-06-06T12:22:51.9249333Z /usr/bin/tar: ../../../../../usr/local/lib/android/sdk/platforms/android-36-ext18/data/res/values-mcc310-mnc200-pa: Cannot change mode to rwxr-xr-x: Operation not permitted
build	Cache Android SDK	2026-06-06T12:22:51.9251985Z /usr/bin/tar: ../../../../../usr/local/lib/android/sdk/platforms/android-36-ext18/data/res/values-mcc302-mnc370-ms: Cannot utime: Operation not permitted
build	Cache Android SDK	2026-06-06T12:22:51.9252479Z /usr/bin/tar: ../../../../../usr/local/lib/android/sdk/platforms/android-36-ext18/data/res/values-mcc302-mnc370-ms: Cannot change mode to rwxr-xr-x: Operation not permitted
build	Cache Android SDK	2026-06-06T12:22:51.9254854Z /usr/bin/tar: ../../../../../usr/local/lib/android/sdk/platforms/android-36-ext18/data/res/values-mcc310-mnc220-ro: Cannot utime: Operation not permitted
build	Cache Android SDK	2026-06-06T12:22:51.9255420Z /usr/bin/tar: ../../../../../usr/local/lib/android/sdk/platforms/android-36-ext18/data/res/values-mcc310-mnc220-ro: Cannot change mode to rwxr-xr-x: Operation not permitted
build	Cache Android SDK	2026-06-06T12:22:51.9257686Z /usr/bin/tar: ../../../../../usr/local/lib/android/sdk/platforms/android-36-ext18/data/res/values-mcc310-mnc280-ms: Cannot utime: Operation not permitted
build	Cache Android SDK	2026-06-06T12:22:51.9258161Z /usr/bin/tar: ../../../../../usr/local/lib/android/sdk/platforms/android-36-ext18/data/res/values-mcc310-mnc280-ms: Cannot change mode to rwxr-xr-x: Operation not permitted
build	Cache Android SDK	2026-06-06T12:22:51.9260393Z /usr/bin/tar: ../../../../../usr/local/lib/android/sdk/platforms/android-36-ext18/data/res/values-mcc310-mnc170-hr: Cannot utime: Operation not permitted
build	Cache Android SDK	2026-06-06T12:22:51.9260858Z /usr/bin/tar: ../../../../../usr/local/lib/android/sdk/platforms/android-36-ext18/data/res/values-mcc310-mnc170-hr: Cannot change mode to rwxr-xr-x: Operation not permitted
build	Cache Android SDK	2026-06-06T12:22:51.9263254Z /usr/bin/tar: ../../../../../usr/local/lib/android/sdk/platforms/android-36-ext18/data/res/values-mcc310-mnc030-nb: Cannot utime: Operation not permitted
build	Cache Android SDK	2026-06-06T12:22:51.9263806Z /usr/bin/tar: ../../../../../usr/local/lib/android/sdk/platforms/android-36-ext18/data/res/values-mcc310-mnc030-nb: Cannot change mode to rwxr-xr-x: Operation not permitted
build	Cache Android SDK	2026-06-06T12:22:51.9266121Z /usr/bin/tar: ../../../../../usr/local/lib/android/sdk/platforms/android-36-ext18/data/res/values-mcc302-mnc780: Cannot utime: Operation not permitted
build	Cache Android SDK	2026-06-06T12:22:51.9266592Z /usr/bin/tar: ../../../../../usr/local/lib/android/sdk/platforms/android-36-ext18/data/res/values-mcc302-mnc780: Cannot change mode to rwxr-xr-x: Operation not permitted
build	Cache Android SDK	2026-06-06T12:22:51.9269157Z /usr/bin/tar: ../../../../../usr/local/lib/android/sdk/platforms/android-36-ext18/data/res/values-mcc310-mnc560-fr-rCA: Cannot utime: Operation not permitted
build	Cache Android SDK	2026-06-06T12:22:51.9269659Z /usr/bin/tar: ../../../../../usr/local/lib/android/sdk/platforms/android-36-ext18/data/res/values-mcc310-mnc560-fr-rCA: Cannot change mode to rwxr-xr-x: Operation not permitted
build	Cache Android SDK	2026-06-06T12:22:51.9273841Z /usr/bin/tar: ../../../../../usr/local/lib/android/sdk/platforms/android-36-ext18/data/res/values-mcc310-mnc560-ms: Cannot utime: Operation not permitted
build	Cache Android SDK	2026-06-06T12:22:51.9274319Z /usr/bin/tar: ../../../../../usr/local/lib/android/sdk/platforms/android-36-ext18/data/res/values-mcc310-mnc560-ms: Cannot change mode to rwxr-xr-x: Operation not permitted
build	Cache Android SDK	2026-06-06T12:22:51.9276790Z /usr/bin/tar: ../../../../../usr/local/lib/android/sdk/platforms/android-36-ext18/data/res/values-mcc311-mnc180-en-rCA: Cannot utime: Operation not permitted
build	Cache Android SDK	2026-06-06T12:22:51.9277277Z /usr/bin/tar: ../../../../../usr/local/lib/android/sdk/platforms/android-36-ext18/data/res/values-mcc311-mnc180-en-rCA: Cannot change mode to rwxr-xr-x: Operation not permitted
build	Cache Android SDK	2026-06-06T12:22:51.9280009Z /usr/bin/tar: ../../../../../usr/local/lib/android/sdk/platforms/android-36-ext18/data/res/values-hu-television: Cannot utime: Operation not permitted
build	Cache Android SDK	2026-06-06T12:22:51.9280496Z /usr/bin/tar: ../../../../../usr/local/lib/android/sdk/platforms/android-36-ext18/data/res/values-hu-television: Cannot change mode to rwxr-xr-x: Operation not permitted
build	Cache Android SDK	2026-06-06T12:22:51.9282772Z /usr/bin/tar: ../../../../../usr/local/lib/android/sdk/platforms/android-36-ext18/data/res/values-mcc310-mnc410-ur: Cannot utime: Operation not permitted
build	Cache Android SDK	2026-06-06T12:22:51.9283325Z /usr/bin/tar: ../../../../../usr/local/lib/android/sdk/platforms/android-36-ext18/data/res/values-mcc310-mnc410-ur: Cannot change mode to rwxr-xr-x: Operation not permitted
build	Cache Android SDK	2026-06-06T12:22:51.9285552Z /usr/bin/tar: ../../../../../usr/local/lib/android/sdk/platforms/android-36-ext18/data/res/values-mcc310-mnc560-si: Cannot utime: Operation not permitted
build	Cache Android SDK	2026-06-06T12:22:51.9286019Z /usr/bin/tar: ../../../../../usr/local/lib/android/sdk/platforms/android-36-ext18/data/res/values-mcc310-mnc560-si: Cannot change mode to rwxr-xr-x: Operation not permitted
build	Cache Android SDK	2026-06-06T12:22:51.9288768Z /usr/bin/tar: ../../../../../usr/local/lib/android/sdk/platforms/android-36-ext18/data/res/values-mcc001-mnc01-ml: Cannot utime: Operation not permitted
build	Cache Android SDK	2026-06-06T12:22:51.9289328Z /usr/bin/tar: ../../../../../usr/local/lib/android/sdk/platforms/android-36-ext18/data/res/values-mcc001-mnc01-ml: Cannot change mode to rwxr-xr-x: Operation not permitted
build	Cache Android SDK	2026-06-06T12:22:51.9291755Z /usr/bin/tar: ../../../../../usr/local/lib/android/sdk/platforms/android-36-ext18/data/res/values-mcc310-mnc950-lv: Cannot utime: Operation not permitted
build	Cache Android SDK	2026-06-06T12:22:51.9292229Z /usr/bin/tar: ../../../../../usr/local/lib/android/sdk/platforms/android-36-ext18/data/res/values-mcc310-mnc950-lv: Cannot change mode to rwxr-xr-x: Operation not permitted
build	Cache Android SDK	2026-06-06T12:22:51.9295457Z /usr/bin/tar: ../../../../../usr/local/lib/android/sdk/platforms/android-36-ext18/data/res/values-mcc310-mnc170-be: Cannot utime: Operation not permitted
build	Cache Android SDK	2026-06-06T12:22:51.9297009Z /usr/bin/tar: ../../../../../usr/local/lib/android/sdk/platforms/android-36-ext18/data/res/values-mcc310-mnc170-be: Cannot change mode to rwxr-xr-x: Operation not permitted
build	Cache Android SDK	2026-06-06T12:22:51.9299048Z /usr/bin/tar: ../../../../../usr/local/lib/android/sdk/platforms/android-36-ext18/data/res/values-mcc313-mnc100-hr: Cannot utime: Operation not permitted
build	Cache Android SDK	2026-06-06T12:22:51.9300167Z /usr/bin/tar: ../../../../../usr/local/lib/android/sdk/platforms/android-36-ext18/data/res/values-mcc313-mnc100-hr: Cannot change mode to rwxr-xr-x: Operation not permitted
build	Cache Android SDK	2026-06-06T12:22:51.9302168Z /usr/bin/tar: ../../../../../usr/local/lib/android/sdk/platforms/android-36-ext18/data/res/values-mcc310-mnc380-lv: Cannot utime: Operation not permitted
build	Cache Android SDK	2026-06-06T12:22:51.9303170Z /usr/bin/tar: ../../../../../usr/local/lib/android/sdk/platforms/android-36-ext18/data/res/values-mcc310-mnc380-lv: Cannot change mode to rwxr-xr-x: Operation not permitted
build	Cache Android SDK	2026-06-06T12:22:51.9305856Z /usr/bin/tar: ../../../../../usr/local/lib/android/sdk/platforms/android-36-ext18/data/res/values-mcc310-mnc030-hi: Cannot utime: Operation not permitted
build	Cache Android SDK	2026-06-06T12:22:51.9306866Z /usr/bin/tar: ../../../../../usr/local/lib/android/sdk/platforms/android-36-ext18/data/res/values-mcc310-mnc030-hi: Cannot change mode to rwxr-xr-x: Operation not permitted
build	Cache Android SDK	2026-06-06T12:22:51.9308869Z /usr/bin/tar: ../../../../../usr/local/lib/android/sdk/platforms/android-36-ext18/data/res/values-mcc310-mnc560-lv: Cannot utime: Operation not permitted
build	Cache Android SDK	2026-06-06T12:22:51.9309838Z /usr/bin/tar: ../../../../../usr/local/lib/android/sdk/platforms/android-36-ext18/data/res/values-mcc310-mnc560-lv: Cannot change mode to rwxr-xr-x: Operation not permitted
build	Cache Android SDK	2026-06-06T12:22:51.9311976Z /usr/bin/tar: ../../../../../usr/local/lib/android/sdk/platforms/android-36-ext18/data/res/values-mcc311-mnc180-zh-rTW: Cannot utime: Operation not permitted
build	Cache Android SDK	2026-06-06T12:22:51.9312974Z /usr/bin/tar: ../../../../../usr/local/lib/android/sdk/platforms/android-36-ext18/data/res/values-mcc311-mnc180-zh-rTW: Cannot change mode to rwxr-xr-x: Operation not permitted
build	Cache Android SDK	2026-06-06T12:22:51.9314589Z /usr/bin/tar: ../../../../../usr/local/lib/android/sdk/platforms/android-36-ext18/data/res/values-mcc310-mnc380-az: Cannot utime: Operation not permitted
build	Cache Android SDK	2026-06-06T12:22:51.9316356Z /usr/bin/tar: ../../../../../usr/local/lib/android/sdk/platforms/android-36-ext18/data/res/values-mcc310-mnc380-az: Cannot change mode to rwxr-xr-x: Operation not permitted
build	Cache Android SDK	2026-06-06T12:22:51.9318162Z /usr/bin/tar: ../../../../../usr/local/lib/android/sdk/platforms/android-36-ext18/data/res/values-mcc310-mnc030-b+sr+Latn: Cannot utime: Operation not permitted
build	Cache Android SDK	2026-06-06T12:22:51.9319159Z /usr/bin/tar: ../../../../../usr/local/lib/android/sdk/platforms/android-36-ext18/data/res/values-mcc310-mnc030-b+sr+Latn: Cannot change mode to rwxr-xr-x: Operation not permitted
build	Cache Android SDK	2026-06-06T12:22:51.9320804Z /usr/bin/tar: ../../../../../usr/local/lib/android/sdk/platforms/android-36-ext18/data/res/values-mcc310-mnc200-mn: Cannot utime: Operation not permitted
build	Cache Android SDK	2026-06-06T12:22:51.9321916Z /usr/bin/tar: ../../../../../usr/local/lib/android/sdk/platforms/android-36-ext18/data/res/values-mcc310-mnc200-mn: Cannot change mode to rwxr-xr-x: Operation not permitted
build	Cache Android SDK	2026-06-06T12:22:51.9324211Z /usr/bin/tar: ../../../../../usr/local/lib/android/sdk/platforms/android-36-ext18/data/res/values-mcc310-mnc230-fa: Cannot utime: Operation not permitted
build	Cache Android SDK	2026-06-06T12:22:51.9325200Z /usr/bin/tar: ../../../../../usr/local/lib/android/sdk/platforms/android-36-ext18/data/res/values-mcc310-mnc230-fa: Cannot change mode to rwxr-xr-x: Operation not permitted
build	Cache Android SDK	2026-06-06T12:22:51.9326810Z /usr/bin/tar: ../../../../../usr/local/lib/android/sdk/platforms/android-36-ext18/data/res/values-mcc311-mnc180-lo: Cannot utime: Operation not permitted
build	Cache Android SDK	2026-06-06T12:22:51.9328036Z /usr/bin/tar: ../../../../../usr/local/lib/android/sdk/platforms/android-36-ext18/data/res/values-mcc311-mnc180-lo: Cannot change mode to rwxr-xr-x: Operation not permitted
build	Cache Android SDK	2026-06-06T12:22:51.9330771Z /usr/bin/tar: ../../../../../usr/local/lib/android/sdk/platforms/android-36-ext18/data/res/values-in-watch: Cannot utime: Operation not permitted
build	Cache Android SDK	2026-06-06T12:22:51.9331807Z /usr/bin/tar: ../../../../../usr/local/lib/android/sdk/platforms/android-36-ext18/data/res/values-in-watch: Cannot change mode to rwxr-xr-x: Operation not permitted
build	Cache Android SDK	2026-06-06T12:22:51.9333554Z /usr/bin/tar: ../../../../../usr/local/lib/android/sdk/platforms/android-36-ext18/data/res/values-mcc001-mnc01-en-rXC: Cannot utime: Operation not permitted
build	Cache Android SDK	2026-06-06T12:22:51.9335807Z /usr/bin/tar: ../../../../../usr/local/lib/android/sdk/platforms/android-36-ext18/data/res/values-mcc001-mnc01-en-rXC: Cannot change mode to rwxr-xr-x: Operation not permitted
build	Cache Android SDK	2026-06-06T12:22:51.9337448Z /usr/bin/tar: ../../../../../usr/local/lib/android/sdk/platforms/android-36-ext18/data/res/values-mcc310-mnc270-sl: Cannot utime: Operation not permitted
build	Cache Android SDK	2026-06-06T12:22:51.9339092Z /usr/bin/tar: ../../../../../usr/local/lib/android/sdk/platforms/android-36-ext18/data/res/values-mcc310-mnc270-sl: Cannot change mode to rwxr-xr-x: Operation not permitted
build	Cache Android SDK	2026-06-06T12:22:51.9340889Z /usr/bin/tar: ../../../../../usr/local/lib/android/sdk/platforms/android-36-ext18/data/res/values-mcc312-mnc670-af: Cannot utime: Operation not permitted
build	Cache Android SDK	2026-06-06T12:22:51.9342110Z /usr/bin/tar: ../../../../../usr/local/lib/android/sdk/platforms/android-36-ext18/data/res/values-mcc312-mnc670-af: Cannot change mode to rwxr-xr-x: Operation not permitted
build	Cache Android SDK	2026-06-06T12:22:51.9343843Z /usr/bin/tar: ../../../../../usr/local/lib/android/sdk/platforms/android-36-ext18/data/res/values-mcc310-mnc950-bn: Cannot utime: Operation not permitted
build	Cache Android SDK	2026-06-06T12:22:51.9345216Z /usr/bin/tar: ../../../../../usr/local/lib/android/sdk/platforms/android-36-ext18/data/res/values-mcc310-mnc950-bn: Cannot change mode to rwxr-xr-x: Operation not permitted
build	Cache Android SDK	2026-06-06T12:22:51.9346807Z /usr/bin/tar: ../../../../../usr/local/lib/android/sdk/platforms/android-36-ext18/data/res/values-mcc310-mnc580: Cannot utime: Operation not permitted
build	Cache Android SDK	2026-06-06T12:22:51.9348358Z /usr/bin/tar: ../../../../../usr/local/lib/android/sdk/platforms/android-36-ext18/data/res/values-mcc310-mnc580: Cannot change mode to rwxr-xr-x: Operation not permitted
build	Cache Android SDK	2026-06-06T12:22:51.9349854Z /usr/bin/tar: ../../../../../usr/local/lib/android/sdk/platforms/android-36-ext18/data/res/values-mcc310-mnc200-es-rUS: Cannot utime: Operation not permitted
build	Cache Android SDK	2026-06-06T12:22:51.9351076Z /usr/bin/tar: ../../../../../usr/local/lib/android/sdk/platforms/android-36-ext18/data/res/values-mcc310-mnc200-es-rUS: Cannot change mode to rwxr-xr-x: Operation not permitted
build	Cache Android SDK	2026-06-06T12:22:51.9352591Z /usr/bin/tar: ../../../../../usr/local/lib/android/sdk/platforms/android-36-ext18/data/res/values-mcc310-mnc800-ms: Cannot utime: Operation not permitted
build	Cache Android SDK	2026-06-06T12:22:51.9353714Z /usr/bin/tar: ../../../../../usr/local/lib/android/sdk/platforms/android-36-ext18/data/res/values-mcc310-mnc800-ms: Cannot change mode to rwxr-xr-x: Operation not permitted
build	Cache Android SDK	2026-06-06T12:22:51.9355913Z /usr/bin/tar: ../../../../../usr/local/lib/android/sdk/platforms/android-36-ext18/data/res/values-mcc310-mnc200-bs: Cannot utime: Operation not permitted
build	Cache Android SDK	2026-06-06T12:22:51.9357060Z /usr/bin/tar: ../../../../../usr/local/lib/android/sdk/platforms/android-36-ext18/data/res/values-mcc310-mnc200-bs: Cannot change mode to rwxr-xr-x: Operation not permitted
build	Cache Android SDK	2026-06-06T12:22:51.9359500Z /usr/bin/tar: ../../../../../usr/local/lib/android/sdk/platforms/android-36-ext18/data/res/values-mcc310-mnc280-uz: Cannot utime: Operation not permitted
build	Cache Android SDK	2026-06-06T12:22:51.9360550Z /usr/bin/tar: ../../../../../usr/local/lib/android/sdk/platforms/android-36-ext18/data/res/values-mcc310-mnc280-uz: Cannot change mode to rwxr-xr-x: Operation not permitted
build	Cache Android SDK	2026-06-06T12:22:51.9362674Z /usr/bin/tar: ../../../../../usr/local/lib/android/sdk/platforms/android-36-ext18/data/res/values-mcc310-mnc230-hr: Cannot utime: Operation not permitted
build	Cache Android SDK	2026-06-06T12:22:51.9363631Z /usr/bin/tar: ../../../../../usr/local/lib/android/sdk/platforms/android-36-ext18/data/res/values-mcc310-mnc230-hr: Cannot change mode to rwxr-xr-x: Operation not permitted
build	Cache Android SDK	2026-06-06T12:22:51.9365759Z /usr/bin/tar: ../../../../../usr/local/lib/android/sdk/platforms/android-36-ext18/data/res/values-mcc310-mnc240-it: Cannot utime: Operation not permitted
build	Cache Android SDK	2026-06-06T12:22:51.9366803Z /usr/bin/tar: ../../../../../usr/local/lib/android/sdk/platforms/android-36-ext18/data/res/values-mcc310-mnc240-it: Cannot change mode to rwxr-xr-x: Operation not permitted
build	Cache Android SDK	2026-06-06T12:22:51.9369003Z /usr/bin/tar: ../../../../../usr/local/lib/android/sdk/platforms/android-36-ext18/data/res/values-mcc440: Cannot utime: Operation not permitted
build	Cache Android SDK	2026-06-06T12:22:51.9369893Z /usr/bin/tar: ../../../../../usr/local/lib/android/sdk/platforms/android-36-ext18/data/res/values-mcc440: Cannot change mode to rwxr-xr-x: Operation not permitted
build	Cache Android SDK	2026-06-06T12:22:51.9372328Z /usr/bin/tar: ../../../../../usr/local/lib/android/sdk/platforms/android-36-ext18/data/res/values-mcc310-mnc310-es: Cannot utime: Operation not permitted
build	Cache Android SDK	2026-06-06T12:22:51.9373449Z /usr/bin/tar: ../../../../../usr/local/lib/android/sdk/platforms/android-36-ext18/data/res/values-mcc310-mnc310-es: Cannot change mode to rwxr-xr-x: Operation not permitted
build	Cache Android SDK	2026-06-06T12:22:51.9375478Z /usr/bin/tar: ../../../../../usr/local/lib/android/sdk/platforms/android-36-ext18/data/res/values-mcc310-mnc560-cs: Cannot utime: Operation not permitted
build	Cache Android SDK	2026-06-06T12:22:51.9376430Z /usr/bin/tar: ../../../../../usr/local/lib/android/sdk/platforms/android-36-ext18/data/res/values-mcc310-mnc560-cs: Cannot change mode to rwxr-xr-x: Operation not permitted
build	Cache Android SDK	2026-06-06T12:22:51.9378865Z /usr/bin/tar: ../../../../../usr/local/lib/android/sdk/platforms/android-36-ext18/data/res/values-mcc310-mnc160-ky: Cannot utime: Operation not permitted
build	Cache Android SDK	2026-06-06T12:22:51.9379822Z /usr/bin/tar: ../../../../../usr/local/lib/android/sdk/platforms/android-36-ext18/data/res/values-mcc310-mnc160-ky: Cannot change mode to rwxr-xr-x: Operation not permitted
build	Cache Android SDK	2026-06-06T12:22:51.9382551Z /usr/bin/tar: ../../../../../usr/local/lib/android/sdk/platforms/android-36-ext18/data/res/values-mcc310-mnc270-mk: Cannot utime: Operation not permitted
build	Cache Android SDK	2026-06-06T12:22:51.9383494Z /usr/bin/tar: ../../../../../usr/local/lib/android/sdk/platforms/android-36-ext18/data/res/values-mcc310-mnc270-mk: Cannot change mode to rwxr-xr-x: Operation not permitted
build	Cache Android SDK	2026-06-06T12:22:51.9386148Z /usr/bin/tar: ../../../../../usr/local/lib/android/sdk/platforms/android-36-ext18/data/res/values-et-watch: Cannot utime: Operation not permitted
build	Cache Android SDK	2026-06-06T12:22:51.9387138Z /usr/bin/tar: ../../../../../usr/local/lib/android/sdk/platforms/android-36-ext18/data/res/values-et-watch: Cannot change mode to rwxr-xr-x: Operation not permitted
build	Cache Android SDK	2026-06-06T12:22:51.9389675Z /usr/bin/tar: ../../../../../usr/local/lib/android/sdk/platforms/android-36-ext18/data/res/values-mcc310-mnc800-da: Cannot utime: Operation not permitted
build	Cache Android SDK	2026-06-06T12:22:51.9390633Z /usr/bin/tar: ../../../../../usr/local/lib/android/sdk/platforms/android-36-ext18/data/res/values-mcc310-mnc800-da: Cannot change mode to rwxr-xr-x: Operation not permitted
build	Cache Android SDK	2026-06-06T12:22:51.9393066Z /usr/bin/tar: ../../../../../usr/local/lib/android/sdk/platforms/android-36-ext18/data/res/values-mcc310-mnc310-sq: Cannot utime: Operation not permitted
build	Cache Android SDK	2026-06-06T12:22:51.9394081Z /usr/bin/tar: ../../../../../usr/local/lib/android/sdk/platforms/android-36-ext18/data/res/values-mcc310-mnc310-sq: Cannot change mode to rwxr-xr-x: Operation not permitted
build	Cache Android SDK	2026-06-06T12:22:51.9396319Z /usr/bin/tar: ../../../../../usr/local/lib/android/sdk/platforms/android-36-ext18/data/res/values-mcc310-mnc310-my: Cannot utime: Operation not permitted
build	Cache Android SDK	2026-06-06T12:22:51.9397301Z /usr/bin/tar: ../../../../../usr/local/lib/android/sdk/platforms/android-36-ext18/data/res/values-mcc310-mnc310-my: Cannot change mode to rwxr-xr-x: Operation not permitted
build	Cache Android SDK	2026-06-06T12:22:51.9399873Z /usr/bin/tar: ../../../../../usr/local/lib/android/sdk/platforms/android-36-ext18/data/res/values-mcc311-mnc180-be: Cannot utime: Operation not permitted
build	Cache Android SDK	2026-06-06T12:22:51.9400830Z /usr/bin/tar: ../../../../../usr/local/lib/android/sdk/platforms/android-36-ext18/data/res/values-mcc311-mnc180-be: Cannot change mode to rwxr-xr-x: Operation not permitted
build	Cache Android SDK	2026-06-06T12:22:51.9403353Z /usr/bin/tar: ../../../../../usr/local/lib/android/sdk/platforms/android-36-ext18/data/res/values-fr-neuter: Cannot utime: Operation not permitted
build	Cache Android SDK	2026-06-06T12:22:51.9404276Z /usr/bin/tar: ../../../../../usr/local/lib/android/sdk/platforms/android-36-ext18/data/res/values-fr-neuter: Cannot change mode to rwxr-xr-x: Operation not permitted
build	Cache Android SDK	2026-06-06T12:22:51.9406614Z /usr/bin/tar: ../../../../../usr/local/lib/android/sdk/platforms/android-36-ext18/data/res/values-mcc310-mnc490-zu: Cannot utime: Operation not permitted
build	Cache Android SDK	2026-06-06T12:22:51.9407719Z /usr/bin/tar: ../../../../../usr/local/lib/android/sdk/platforms/android-36-ext18/data/res/values-mcc310-mnc490-zu: Cannot change mode to rwxr-xr-x: Operation not permitted
build	Cache Android SDK	2026-06-06T12:22:51.9409476Z /usr/bin/tar: ../../../../../usr/local/lib/android/sdk/platforms/android-36-ext18/data/res/values-mcc310-mnc410-am: Cannot utime: Operation not permitted
build	Cache Android SDK	2026-06-06T12:22:51.9412631Z /usr/bin/tar: ../../../../../usr/local/lib/android/sdk/platforms/android-36-ext18/data/res/values-mcc310-mnc410-am: Cannot change mode to rwxr-xr-x: Operation not permitted
build	Cache Android SDK	2026-06-06T12:22:51.9413577Z /usr/bin/tar: ../../../../../usr/local/lib/android/sdk/platforms/android-36-ext18/data/res/values-mcc310-mnc950-hr: Cannot utime: Operation not permitted
build	Cache Android SDK	2026-06-06T12:22:51.9414529Z /usr/bin/tar: ../../../../../usr/local/lib/android/sdk/platforms/android-36-ext18/data/res/values-mcc310-mnc950-hr: Cannot change mode to rwxr-xr-x: Operation not permitted
build	Cache Android SDK	2026-06-06T12:22:51.9416077Z /usr/bin/tar: ../../../../../usr/local/lib/android/sdk/platforms/android-36-ext18/data/res/values-mcc716-mnc10: Cannot utime: Operation not permitted
build	Cache Android SDK	2026-06-06T12:22:51.9417113Z /usr/bin/tar: ../../../../../usr/local/lib/android/sdk/platforms/android-36-ext18/data/res/values-mcc716-mnc10: Cannot change mode to rwxr-xr-x: Operation not permitted
build	Cache Android SDK	2026-06-06T12:22:51.9419315Z /usr/bin/tar: ../../../../../usr/local/lib/android/sdk/platforms/android-36-ext18/data/res/values-mcc310-mnc280-hr: Cannot utime: Operation not permitted
build	Cache Android SDK	2026-06-06T12:22:51.9420260Z /usr/bin/tar: ../../../../../usr/local/lib/android/sdk/platforms/android-36-ext18/data/res/values-mcc310-mnc280-hr: Cannot change mode to rwxr-xr-x: Operation not permitted
build	Cache Android SDK	2026-06-06T12:22:51.9422576Z /usr/bin/tar: ../../../../../usr/local/lib/android/sdk/platforms/android-36-ext18/data/res/values-mcc310-mnc490-zh-rCN: Cannot utime: Operation not permitted
build	Cache Android SDK	2026-06-06T12:22:51.9423545Z /usr/bin/tar: ../../../../../usr/local/lib/android/sdk/platforms/android-36-ext18/data/res/values-mcc310-mnc490-zh-rCN: Cannot change mode to rwxr-xr-x: Operation not permitted
build	Cache Android SDK	2026-06-06T12:22:51.9425863Z /usr/bin/tar: ../../../../../usr/local/lib/android/sdk/platforms/android-36-ext18/data/res/values-mcc001-mnc01-hi: Cannot utime: Operation not permitted
build	Cache Android SDK	2026-06-06T12:22:51.9426877Z /usr/bin/tar: ../../../../../usr/local/lib/android/sdk/platforms/android-36-ext18/data/res/values-mcc001-mnc01-hi: Cannot change mode to rwxr-xr-x: Operation not permitted
build	Cache Android SDK	2026-06-06T12:22:51.9429304Z /usr/bin/tar: ../../../../../usr/local/lib/android/sdk/platforms/android-36-ext18/data/res/values-mcc310-mnc220-ne: Cannot utime: Operation not permitted
build	Cache Android SDK	2026-06-06T12:22:51.9430270Z /usr/bin/tar: ../../../../../usr/local/lib/android/sdk/platforms/android-36-ext18/data/res/values-mcc310-mnc220-ne: Cannot change mode to rwxr-xr-x: Operation not permitted
build	Cache Android SDK	2026-06-06T12:22:51.9432131Z /usr/bin/tar: ../../../../../usr/local/lib/android/sdk/platforms/android-36-ext18/data/res/values-de-rAT: Cannot utime: Operation not permitted
build	Cache Android SDK	2026-06-06T12:22:51.9433018Z /usr/bin/tar: ../../../../../usr/local/lib/android/sdk/platforms/android-36-ext18/data/res/values-de-rAT: Cannot change mode to rwxr-xr-x: Operation not permitted
build	Cache Android SDK	2026-06-06T12:22:51.9435227Z /usr/bin/tar: ../../../../../usr/local/lib/android/sdk/platforms/android-36-ext18/data/res/values-mcc310-mnc030-es: Cannot utime: Operation not permitted
build	Cache Android SDK	2026-06-06T12:22:51.9436462Z /usr/bin/tar: ../../../../../usr/local/lib/android/sdk/platforms/android-36-ext18/data/res/values-mcc310-mnc030-es: Cannot change mode to rwxr-xr-x: Operation not permitted
build	Cache Android SDK	2026-06-06T12:22:51.9439003Z /usr/bin/tar: ../../../../../usr/local/lib/android/sdk/platforms/android-36-ext18/data/res/values-mcc001-mnc01-es: Cannot utime: Operation not permitted
build	Cache Android SDK	2026-06-06T12:22:51.9440043Z /usr/bin/tar: ../../../../../usr/local/lib/android/sdk/platforms/android-36-ext18/data/res/values-mcc001-mnc01-es: Cannot change mode to rwxr-xr-x: Operation not permitted
build	Cache Android SDK	2026-06-06T12:22:51.9442147Z /usr/bin/tar: ../../../../../usr/local/lib/android/sdk/platforms/android-36-ext18/data/res/values-mcc310-mnc270-el: Cannot utime: Operation not permitted
build	Cache Android SDK	2026-06-06T12:22:51.9443098Z /usr/bin/tar: ../../../../../usr/local/lib/android/sdk/platforms/android-36-ext18/data/res/values-mcc310-mnc270-el: Cannot change mode to rwxr-xr-x: Operation not permitted
build	Cache Android SDK	2026-06-06T12:22:51.9445199Z /usr/bin/tar: ../../../../../usr/local/lib/android/sdk/platforms/android-36-ext18/data/res/values-mcc310-mnc410-en-rIN: Cannot utime: Operation not permitted
build	Cache Android SDK	2026-06-06T12:22:51.9446190Z /usr/bin/tar: ../../../../../usr/local/lib/android/sdk/platforms/android-36-ext18/data/res/values-mcc310-mnc410-en-rIN: Cannot change mode to rwxr-xr-x: Operation not permitted
build	Cache Android SDK	2026-06-06T12:22:51.9448420Z /usr/bin/tar: ../../../../../usr/local/lib/android/sdk/platforms/android-36-ext18/data/res/values-mcc311-mnc180-tl: Cannot utime: Operation not permitted
build	Cache Android SDK	2026-06-06T12:22:51.9449363Z /usr/bin/tar: ../../../../../usr/local/lib/android/sdk/platforms/android-36-ext18/data/res/values-mcc311-mnc180-tl: Cannot change mode to rwxr-xr-x: Operation not permitted
build	Cache Android SDK	2026-06-06T12:22:51.9451653Z /usr/bin/tar: ../../../../../usr/local/lib/android/sdk/platforms/android-36-ext18/data/res/values-mcc310-mnc210-en-rIN: Cannot utime: Operation not permitted
build	Cache Android SDK	2026-06-06T12:22:51.9452640Z /usr/bin/tar: ../../../../../usr/local/lib/android/sdk/platforms/android-36-ext18/data/res/values-mcc310-mnc210-en-rIN: Cannot change mode to rwxr-xr-x: Operation not permitted
build	Cache Android SDK	2026-06-06T12:22:51.9454966Z /usr/bin/tar: ../../../../../usr/local/lib/android/sdk/platforms/android-36-ext18/data/res/values-mcc312-mnc670-kn: Cannot utime: Operation not permitted
build	Cache Android SDK	2026-06-06T12:22:51.9456001Z /usr/bin/tar: ../../../../../usr/local/lib/android/sdk/platforms/android-36-ext18/data/res/values-mcc312-mnc670-kn: Cannot change mode to rwxr-xr-x: Operation not permitted
build	Cache Android SDK	2026-06-06T12:22:51.9458229Z /usr/bin/tar: ../../../../../usr/local/lib/android/sdk/platforms/android-36-ext18/data/res/values-ro-television: Cannot utime: Operation not permitted
build	Cache Android SDK	2026-06-06T12:22:51.9459186Z /usr/bin/tar: ../../../../../usr/local/lib/android/sdk/platforms/android-36-ext18/data/res/values-ro-television: Cannot change mode to rwxr-xr-x: Operation not permitted
build	Cache Android SDK	2026-06-06T12:22:51.9461419Z /usr/bin/tar: ../../../../../usr/local/lib/android/sdk/platforms/android-36-ext18/data/res/values-mcc310-mnc210-pt-rPT: Cannot utime: Operation not permitted
build	Cache Android SDK	2026-06-06T12:22:51.9462480Z /usr/bin/tar: ../../../../../usr/local/lib/android/sdk/platforms/android-36-ext18/data/res/values-mcc310-mnc210-pt-rPT: Cannot change mode to rwxr-xr-x: Operation not permitted
build	Cache Android SDK	2026-06-06T12:22:51.9464605Z /usr/bin/tar: ../../../../../usr/local/lib/android/sdk/platforms/android-36-ext18/data/res/values-vi-rVN: Cannot utime: Operation not permitted
build	Cache Android SDK	2026-06-06T12:22:51.9465488Z /usr/bin/tar: ../../../../../usr/local/lib/android/sdk/platforms/android-36-ext18/data/res/values-vi-rVN: Cannot change mode to rwxr-xr-x: Operation not permitted
build	Cache Android SDK	2026-06-06T12:22:51.9467990Z /usr/bin/tar: ../../../../../usr/local/lib/android/sdk/platforms/android-36-ext18/data/res/values-mcc302-mnc720-el: Cannot utime: Operation not permitted
build	Cache Android SDK	2026-06-06T12:22:51.9468937Z /usr/bin/tar: ../../../../../usr/local/lib/android/sdk/platforms/android-36-ext18/data/res/values-mcc302-mnc720-el: Cannot change mode to rwxr-xr-x: Operation not permitted
build	Cache Android SDK	2026-06-06T12:22:51.9470901Z /usr/bin/tar: ../../../../../usr/local/lib/android/sdk/platforms/android-36-ext18/data/res/values-mcc310-mnc270-sw: Cannot utime: Operation not permitted
build	Cache Android SDK	2026-06-06T12:22:51.9471926Z /usr/bin/tar: ../../../../../usr/local/lib/android/sdk/platforms/android-36-ext18/data/res/values-mcc310-mnc270-sw: Cannot change mode to rwxr-xr-x: Operation not permitted
build	Cache Android SDK	2026-06-06T12:22:51.9478787Z /usr/bin/tar: ../../../../../usr/local/lib/android/sdk/platforms/android-36-ext18/data/res/values-pt-rPT: Cannot utime: Operation not permitted
build	Cache Android SDK	2026-06-06T12:22:51.9479757Z /usr/bin/tar: ../../../../../usr/local/lib/android/sdk/platforms/android-36-ext18/data/res/values-pt-rPT: Cannot change mode to rwxr-xr-x: Operation not permitted
build	Cache Android SDK	2026-06-06T12:22:51.9481138Z /usr/bin/tar: ../../../../../usr/local/lib/android/sdk/platforms/android-36-ext18/data/res/values-mcc334-mnc020-sv: Cannot utime: Operation not permitted
build	Cache Android SDK	2026-06-06T12:22:51.9482102Z /usr/bin/tar: ../../../../../usr/local/lib/android/sdk/platforms/android-36-ext18/data/res/values-mcc334-mnc020-sv: Cannot change mode to rwxr-xr-x: Operation not permitted
build	Cache Android SDK	2026-06-06T12:22:51.9483660Z /usr/bin/tar: ../../../../../usr/local/lib/android/sdk/platforms/android-36-ext18/data/res/values-mcc530-mnc05: Cannot utime: Operation not permitted
build	Cache Android SDK	2026-06-06T12:22:51.9484640Z /usr/bin/tar: ../../../../../usr/local/lib/android/sdk/platforms/android-36-ext18/data/res/values-mcc530-mnc05: Cannot change mode to rwxr-xr-x: Operation not permitted
build	Cache Android SDK	2026-06-06T12:22:51.9486964Z /usr/bin/tar: ../../../../../usr/local/lib/android/sdk/platforms/android-36-ext18/data/res/values-mcc310-mnc030-uk: Cannot utime: Operation not permitted
build	Cache Android SDK	2026-06-06T12:22:51.9488024Z /usr/bin/tar: ../../../../../usr/local/lib/android/sdk/platforms/android-36-ext18/data/res/values-mcc310-mnc030-uk: Cannot change mode to rwxr-xr-x: Operation not permitted
build	Cache Android SDK	2026-06-06T12:22:51.9490338Z /usr/bin/tar: ../../../../../usr/local/lib/android/sdk/platforms/android-36-ext18/data/res/values-mcc310-mnc030-hy: Cannot utime: Operation not permitted
build	Cache Android SDK	2026-06-06T12:22:51.9491286Z /usr/bin/tar: ../../../../../usr/local/lib/android/sdk/platforms/android-36-ext18/data/res/values-mcc310-mnc030-hy: Cannot change mode to rwxr-xr-x: Operation not permitted
build	Cache Android SDK	2026-06-06T12:22:51.9493577Z /usr/bin/tar: ../../../../../usr/local/lib/android/sdk/platforms/android-36-ext18/data/res/values-mcc310-mnc950-kk: Cannot utime: Operation not permitted
build	Cache Android SDK	2026-06-06T12:22:51.9494663Z /usr/bin/tar: ../../../../../usr/local/lib/android/sdk/platforms/android-36-ext18/data/res/values-mcc310-mnc950-kk: Cannot change mode to rwxr-xr-x: Operation not permitted
build	Cache Android SDK	2026-06-06T12:22:51.9496483Z /usr/bin/tar: ../../../../../usr/local/lib/android/sdk/platforms/android-36-ext18/data/res/values-mcc310-mnc170-ne: Cannot utime: Operation not permitted
build	Cache Android SDK	2026-06-06T12:22:51.9497529Z /usr/bin/tar: ../../../../../usr/local/lib/android/sdk/platforms/android-36-ext18/data/res/values-mcc310-mnc170-ne: Cannot change mode to rwxr-xr-x: Operation not permitted
build	Cache Android SDK	2026-06-06T12:22:51.9499917Z /usr/bin/tar: ../../../../../usr/local/lib/android/sdk/platforms/android-36-ext18/data/res/values-mcc310-mnc150-lt: Cannot utime: Operation not permitted
build	Cache Android SDK	2026-06-06T12:22:51.9500968Z /usr/bin/tar: ../../../../../usr/local/lib/android/sdk/platforms/android-36-ext18/data/res/values-mcc310-mnc150-lt: Cannot change mode to rwxr-xr-x: Operation not permitted
build	Cache Android SDK	2026-06-06T12:22:51.9502907Z /usr/bin/tar: ../../../../../usr/local/lib/android/sdk/platforms/android-36-ext18/data/res/values-mcc310-mnc240-iw: Cannot utime: Operation not permitted
build	Cache Android SDK	2026-06-06T12:22:51.9503858Z /usr/bin/tar: ../../../../../usr/local/lib/android/sdk/platforms/android-36-ext18/data/res/values-mcc310-mnc240-iw: Cannot change mode to rwxr-xr-x: Operation not permitted
build	Cache Android SDK	2026-06-06T12:22:51.9506138Z /usr/bin/tar: ../../../../../usr/local/lib/android/sdk/platforms/android-36-ext18/data/res/values-mcc310-mnc240-sr: Cannot utime: Operation not permitted
build	Cache Android SDK	2026-06-06T12:22:51.9507114Z /usr/bin/tar: ../../../../../usr/local/lib/android/sdk/platforms/android-36-ext18/data/res/values-mcc310-mnc240-sr: Cannot change mode to rwxr-xr-x: Operation not permitted
build	Cache Android SDK	2026-06-06T12:22:51.9509501Z /usr/bin/tar: ../../../../../usr/local/lib/android/sdk/platforms/android-36-ext18/data/res/values-w240dp: Cannot utime: Operation not permitted
build	Cache Android SDK	2026-06-06T12:22:51.9510390Z /usr/bin/tar: ../../../../../usr/local/lib/android/sdk/platforms/android-36-ext18/data/res/values-w240dp: Cannot change mode to rwxr-xr-x: Operation not permitted
build	Cache Android SDK	2026-06-06T12:22:51.9512958Z /usr/bin/tar: ../../../../../usr/local/lib/android/sdk/platforms/android-36-ext18/data/res/values-mcc310-mnc240-zh-rCN: Cannot utime: Operation not permitted
build	Cache Android SDK	2026-06-06T12:22:51.9513934Z /usr/bin/tar: ../../../../../usr/local/lib/android/sdk/platforms/android-36-ext18/data/res/values-mcc310-mnc240-zh-rCN: Cannot change mode to rwxr-xr-x: Operation not permitted
build	Cache Android SDK	2026-06-06T12:22:51.9516034Z /usr/bin/tar: ../../../../../usr/local/lib/android/sdk/platforms/android-36-ext18/data/res/values-mcc310-mnc380-tr: Cannot utime: Operation not permitted
build	Cache Android SDK	2026-06-06T12:22:51.9516988Z /usr/bin/tar: ../../../../../usr/local/lib/android/sdk/platforms/android-36-ext18/data/res/values-mcc310-mnc380-tr: Cannot change mode to rwxr-xr-x: Operation not permitted
build	Cache Android SDK	2026-06-06T12:22:51.9519322Z /usr/bin/tar: ../../../../../usr/local/lib/android/sdk/platforms/android-36-ext18/data/res/values-mcc310-mnc250-nb: Cannot utime: Operation not permitted
build	Cache Android SDK	2026-06-06T12:22:51.9520272Z /usr/bin/tar: ../../../../../usr/local/lib/android/sdk/platforms/android-36-ext18/data/res/values-mcc310-mnc250-nb: Cannot change mode to rwxr-xr-x: Operation not permitted
build	Cache Android SDK	2026-06-06T12:22:51.9523198Z /usr/bin/tar: ../../../../../usr/local/lib/android/sdk/platforms/android-36-ext18/data/res/drawable-en-ldpi: Cannot utime: Operation not permitted
build	Cache Android SDK	2026-06-06T12:22:51.9524117Z /usr/bin/tar: ../../../../../usr/local/lib/android/sdk/platforms/android-36-ext18/data/res/drawable-en-ldpi: Cannot change mode to rwxr-xr-x: Operation not permitted
build	Cache Android SDK	2026-06-06T12:22:51.9526554Z /usr/bin/tar: ../../../../../usr/local/lib/android/sdk/platforms/android-36-ext18/data/res/values-mcc334-mnc020-gl: Cannot utime: Operation not permitted
build	Cache Android SDK	2026-06-06T12:22:51.9527604Z /usr/bin/tar: ../../../../../usr/local/lib/android/sdk/platforms/android-36-ext18/data/res/values-mcc334-mnc020-gl: Cannot change mode to rwxr-xr-x: Operation not permitted
build	Cache Android SDK	2026-06-06T12:22:51.9529566Z /usr/bin/tar: ../../../../../usr/local/lib/android/sdk/platforms/android-36-ext18/data/res/values-mcc310-mnc170-fr: Cannot utime: Operation not permitted
build	Cache Android SDK	2026-06-06T12:22:51.9530510Z /usr/bin/tar: ../../../../../usr/local/lib/android/sdk/platforms/android-36-ext18/data/res/values-mcc310-mnc170-fr: Cannot change mode to rwxr-xr-x: Operation not permitted
build	Cache Android SDK	2026-06-06T12:22:51.9533174Z /usr/bin/tar: ../../../../../usr/local/lib/android/sdk/platforms/android-36-ext18/data/res/values-mcc310-mnc280-eu: Cannot utime: Operation not permitted
build	Cache Android SDK	2026-06-06T12:22:51.9544354Z /usr/bin/tar: ../../../../../usr/local/lib/android/sdk/platforms/android-36-ext18/data/res/values-mcc310-mnc280-eu: Cannot change mode to rwxr-xr-x: Operation not permitted
build	Cache Android SDK	2026-06-06T12:22:51.9546339Z /usr/bin/tar: ../../../../../usr/local/lib/android/sdk/platforms/android-36-ext18/data/res/values-mcc310-mnc270-si: Cannot utime: Operation not permitted
build	Cache Android SDK	2026-06-06T12:22:51.9547328Z /usr/bin/tar: ../../../../../usr/local/lib/android/sdk/platforms/android-36-ext18/data/res/values-mcc310-mnc270-si: Cannot change mode to rwxr-xr-x: Operation not permitted
build	Cache Android SDK	2026-06-06T12:22:51.9548772Z /usr/bin/tar: ../../../../../usr/local/lib/android/sdk/platforms/android-36-ext18/data/res/drawable-w240dp: Cannot utime: Operation not permitted
build	Cache Android SDK	2026-06-06T12:22:51.9549776Z /usr/bin/tar: ../../../../../usr/local/lib/android/sdk/platforms/android-36-ext18/data/res/drawable-w240dp: Cannot change mode to rwxr-xr-x: Operation not permitted
build	Cache Android SDK	2026-06-06T12:22:51.9551271Z /usr/bin/tar: ../../../../../usr/local/lib/android/sdk/platforms/android-36-ext18/data/res/values-mcc310-mnc380-my: Cannot utime: Operation not permitted
build	Cache Android SDK	2026-06-06T12:22:51.9552817Z /usr/bin/tar: ../../../../../usr/local/lib/android/sdk/platforms/android-36-ext18/data/res/values-mcc310-mnc380-my: Cannot change mode to rwxr-xr-x: Operation not permitted
build	Cache Android SDK	2026-06-06T12:22:51.9553865Z /usr/bin/tar: ../../../../../usr/local/lib/android/sdk/platforms/android-36-ext18/data/res/values-mcc311-mnc180-fi: Cannot utime: Operation not permitted
build	Cache Android SDK	2026-06-06T12:22:51.9554811Z /usr/bin/tar: ../../../../../usr/local/lib/android/sdk/platforms/android-36-ext18/data/res/values-mcc311-mnc180-fi: Cannot change mode to rwxr-xr-x: Operation not permitted
build	Cache Android SDK	2026-06-06T12:22:51.9555776Z /usr/bin/tar: ../../../../../usr/local/lib/android/sdk/platforms/android-36-ext18/data/res/values-mcc310-mnc150-el: Cannot utime: Operation not permitted
build	Cache Android SDK	2026-06-06T12:22:51.9557078Z /usr/bin/tar: ../../../../../usr/local/lib/android/sdk/platforms/android-36-ext18/data/res/values-mcc310-mnc150-el: Cannot change mode to rwxr-xr-x: Operation not permitted
build	Cache Android SDK	2026-06-06T12:22:51.9558669Z /usr/bin/tar: ../../../../../usr/local/lib/android/sdk/platforms/android-36-ext18/data/res/values-ldrtl-television: Cannot utime: Operation not permitted
build	Cache Android SDK	2026-06-06T12:22:51.9559641Z /usr/bin/tar: ../../../../../usr/local/lib/android/sdk/platforms/android-36-ext18/data/res/values-ldrtl-television: Cannot change mode to rwxr-xr-x: Operation not permitted
build	Cache Android SDK	2026-06-06T12:22:51.9561135Z /usr/bin/tar: ../../../../../usr/local/lib/android/sdk/platforms/android-36-ext18/data/res/values-nb-watch: Cannot utime: Operation not permitted
build	Cache Android SDK	2026-06-06T12:22:51.9562568Z /usr/bin/tar: ../../../../../usr/local/lib/android/sdk/platforms/android-36-ext18/data/res/values-nb-watch: Cannot change mode to rwxr-xr-x: Operation not permitted
build	Cache Android SDK	2026-06-06T12:22:51.9563758Z /usr/bin/tar: ../../../../../usr/local/lib/android/sdk/platforms/android-36-ext18/data/res/values-mcc310-mnc490: Cannot utime: Operation not permitted
build	Cache Android SDK	2026-06-06T12:22:51.9564689Z /usr/bin/tar: ../../../../../usr/local/lib/android/sdk/platforms/android-36-ext18/data/res/values-mcc310-mnc490: Cannot change mode to rwxr-xr-x: Operation not permitted
build	Cache Android SDK	2026-06-06T12:22:51.9567504Z /usr/bin/tar: ../../../../../usr/local/lib/android/sdk/platforms/android-36-ext18/data/res/values-mcc310-mnc230-gu: Cannot utime: Operation not permitted
build	Cache Android SDK	2026-06-06T12:22:51.9568493Z /usr/bin/tar: ../../../../../usr/local/lib/android/sdk/platforms/android-36-ext18/data/res/values-mcc310-mnc230-gu: Cannot change mode to rwxr-xr-x: Operation not permitted
build	Cache Android SDK	2026-06-06T12:22:51.9570538Z /usr/bin/tar: ../../../../../usr/local/lib/android/sdk/platforms/android-36-ext18/data/res/values-mcc310-mnc230-lv: Cannot utime: Operation not permitted
build	Cache Android SDK	2026-06-06T12:22:51.9571489Z /usr/bin/tar: ../../../../../usr/local/lib/android/sdk/platforms/android-36-ext18/data/res/values-mcc310-mnc230-lv: Cannot change mode to rwxr-xr-x: Operation not permitted
build	Cache Android SDK	2026-06-06T12:22:51.9573704Z /usr/bin/tar: ../../../../../usr/local/lib/android/sdk/platforms/android-36-ext18/data/res/values-mcc310-mnc410-bs: Cannot utime: Operation not permitted
build	Cache Android SDK	2026-06-06T12:22:51.9574761Z /usr/bin/tar: ../../../../../usr/local/lib/android/sdk/platforms/android-36-ext18/data/res/values-mcc310-mnc410-bs: Cannot change mode to rwxr-xr-x: Operation not permitted
build	Cache Android SDK	2026-06-06T12:22:51.9576792Z /usr/bin/tar: ../../../../../usr/local/lib/android/sdk/platforms/android-36-ext18/data/res/values-mcc302-mnc370-pt: Cannot utime: Operation not permitted
build	Cache Android SDK	2026-06-06T12:22:51.9577961Z /usr/bin/tar: ../../../../../usr/local/lib/android/sdk/platforms/android-36-ext18/data/res/values-mcc302-mnc370-pt: Cannot change mode to rwxr-xr-x: Operation not permitted
build	Cache Android SDK	2026-06-06T12:22:51.9580705Z /usr/bin/tar: ../../../../../usr/local/lib/android/sdk/platforms/android-36-ext18/data/res/raw-ja: Cannot utime: Operation not permitted
build	Cache Android SDK	2026-06-06T12:22:51.9581568Z /usr/bin/tar: ../../../../../usr/local/lib/android/sdk/platforms/android-36-ext18/data/res/raw-ja: Cannot change mode to rwxr-xr-x: Operation not permitted
build	Cache Android SDK	2026-06-06T12:22:51.9583827Z /usr/bin/tar: ../../../../../usr/local/lib/android/sdk/platforms/android-36-ext18/data/res/values-mcc310-mnc270-ne: Cannot utime: Operation not permitted
build	Cache Android SDK	2026-06-06T12:22:51.9584879Z /usr/bin/tar: ../../../../../usr/local/lib/android/sdk/platforms/android-36-ext18/data/res/values-mcc310-mnc270-ne: Cannot change mode to rwxr-xr-x: Operation not permitted
build	Cache Android SDK	2026-06-06T12:22:51.9587068Z /usr/bin/tar: ../../../../../usr/local/lib/android/sdk/platforms/android-36-ext18/data/res/values-mcc310-mnc150-sl: Cannot utime: Operation not permitted
build	Cache Android SDK	2026-06-06T12:22:51.9588211Z /usr/bin/tar: ../../../../../usr/local/lib/android/sdk/platforms/android-36-ext18/data/res/values-mcc310-mnc150-sl: Cannot change mode to rwxr-xr-x: Operation not permitted
build	Cache Android SDK	2026-06-06T12:22:51.9590414Z /usr/bin/tar: ../../../../../usr/local/lib/android/sdk/platforms/android-36-ext18/data/res/values-mcc310-mnc380-de: Cannot utime: Operation not permitted
build	Cache Android SDK	2026-06-06T12:22:51.9591365Z /usr/bin/tar: ../../../../../usr/local/lib/android/sdk/platforms/android-36-ext18/data/res/values-mcc310-mnc380-de: Cannot change mode to rwxr-xr-x: Operation not permitted
build	Cache Android SDK	2026-06-06T12:22:51.9593762Z /usr/bin/tar: ../../../../../usr/local/lib/android/sdk/platforms/android-36-ext18/data/res/values-mcc310-mnc950-hu: Cannot utime: Operation not permitted
build	Cache Android SDK	2026-06-06T12:22:51.9594729Z /usr/bin/tar: ../../../../../usr/local/lib/android/sdk/platforms/android-36-ext18/data/res/values-mcc310-mnc950-hu: Cannot change mode to rwxr-xr-x: Operation not permitted
build	Cache Android SDK	2026-06-06T12:22:51.9596993Z /usr/bin/tar: ../../../../../usr/local/lib/android/sdk/platforms/android-36-ext18/data/res/values-mcc310-mnc230-pa: Cannot utime: Operation not permitted
build	Cache Android SDK	2026-06-06T12:22:51.9598147Z /usr/bin/tar: ../../../../../usr/local/lib/android/sdk/platforms/android-36-ext18/data/res/values-mcc310-mnc230-pa: Cannot change mode to rwxr-xr-x: Operation not permitted
build	Cache Android SDK	2026-06-06T12:22:51.9600002Z /usr/bin/tar: ../../../../../usr/local/lib/android/sdk/platforms/android-36-ext18/data/res/values-w320dp: Cannot utime: Operation not permitted
build	Cache Android SDK	2026-06-06T12:22:51.9600900Z /usr/bin/tar: ../../../../../usr/local/lib/android/sdk/platforms/android-36-ext18/data/res/values-w320dp: Cannot change mode to rwxr-xr-x: Operation not permitted
build	Cache Android SDK	2026-06-06T12:22:51.9603600Z /usr/bin/tar: ../../../../../usr/local/lib/android/sdk/platforms/android-36-ext18/data/res/values-mcc310-mnc270-kk: Cannot utime: Operation not permitted
build	Cache Android SDK	2026-06-06T12:22:51.9604642Z /usr/bin/tar: ../../../../../usr/local/lib/android/sdk/platforms/android-36-ext18/data/res/values-mcc310-mnc270-kk: Cannot change mode to rwxr-xr-x: Operation not permitted
build	Cache Android SDK	2026-06-06T12:22:51.9606483Z /usr/bin/tar: ../../../../../usr/local/lib/android/sdk/platforms/android-36-ext18/data/res/values-mcc313-mnc100-nb: Cannot utime: Operation not permitted
build	Cache Android SDK	2026-06-06T12:22:51.9607688Z /usr/bin/tar: ../../../../../usr/local/lib/android/sdk/platforms/android-36-ext18/data/res/values-mcc313-mnc100-nb: Cannot change mode to rwxr-xr-x: Operation not permitted
build	Cache Android SDK	2026-06-06T12:22:51.9609711Z /usr/bin/tar: ../../../../../usr/local/lib/android/sdk/platforms/android-36-ext18/data/res/values-mcc310-mnc250-ky: Cannot utime: Operation not permitted
build	Cache Android SDK	2026-06-06T12:22:51.9610690Z /usr/bin/tar: ../../../../../usr/local/lib/android/sdk/platforms/android-36-ext18/data/res/values-mcc310-mnc250-ky: Cannot change mode to rwxr-xr-x: Operation not permitted
build	Cache Android SDK	2026-06-06T12:22:51.9613643Z /usr/bin/tar: ../../../../../usr/local/lib/android/sdk/platforms/android-36-ext18/data/res/values-mcc310-mnc800-gu: Cannot utime: Operation not permitted
build	Cache Android SDK	2026-06-06T12:22:51.9614602Z /usr/bin/tar: ../../../../../usr/local/lib/android/sdk/platforms/android-36-ext18/data/res/values-mcc310-mnc800-gu: Cannot change mode to rwxr-xr-x: Operation not permitted
build	Cache Android SDK	2026-06-06T12:22:51.9616633Z /usr/bin/tar: ../../../../../usr/local/lib/android/sdk/platforms/android-36-ext18/data/res/values-mcc310-mnc200-sv: Cannot utime: Operation not permitted
build	Cache Android SDK	2026-06-06T12:22:51.9617793Z /usr/bin/tar: ../../../../../usr/local/lib/android/sdk/platforms/android-36-ext18/data/res/values-mcc310-mnc200-sv: Cannot change mode to rwxr-xr-x: Operation not permitted
build	Cache Android SDK	2026-06-06T12:22:51.9620222Z /usr/bin/tar: ../../../../../usr/local/lib/android/sdk/platforms/android-36-ext18/data/res/values-mcc334-mnc020-en-rGB: Cannot utime: Operation not permitted
build	Cache Android SDK	2026-06-06T12:22:51.9621318Z /usr/bin/tar: ../../../../../usr/local/lib/android/sdk/platforms/android-36-ext18/data/res/values-mcc334-mnc020-en-rGB: Cannot change mode to rwxr-xr-x: Operation not permitted
build	Cache Android SDK	2026-06-06T12:22:51.9623127Z /usr/bin/tar: ../../../../../usr/local/lib/android/sdk/platforms/android-36-ext18/data/res/values-mcc302-mnc720-en-rIN: Cannot utime: Operation not permitted
build	Cache Android SDK	2026-06-06T12:22:51.9624128Z /usr/bin/tar: ../../../../../usr/local/lib/android/sdk/platforms/android-36-ext18/data/res/values-mcc302-mnc720-en-rIN: Cannot change mode to rwxr-xr-x: Operation not permitted
build	Cache Android SDK	2026-06-06T12:22:51.9626576Z /usr/bin/tar: ../../../../../usr/local/lib/android/sdk/platforms/android-36-ext18/data/res/xml-en: Cannot utime: Operation not permitted
build	Cache Android SDK	2026-06-06T12:22:51.9627644Z /usr/bin/tar: ../../../../../usr/local/lib/android/sdk/platforms/android-36-ext18/data/res/xml-en: Cannot change mode to rwxr-xr-x: Operation not permitted
build	Cache Android SDK	2026-06-06T12:22:51.9630146Z /usr/bin/tar: ../../../../../usr/local/lib/android/sdk/platforms/android-36-ext18/data/res/values-mcc310-mnc950-es-rUS: Cannot utime: Operation not permitted
build	Cache Android SDK	2026-06-06T12:22:51.9631142Z /usr/bin/tar: ../../../../../usr/local/lib/android/sdk/platforms/android-36-ext18/data/res/values-mcc310-mnc950-es-rUS: Cannot change mode to rwxr-xr-x: Operation not permitted
build	Cache Android SDK	2026-06-06T12:22:51.9633261Z /usr/bin/tar: ../../../../../usr/local/lib/android/sdk/platforms/android-36-ext18/data/res/values-mcc310-mnc950-tr: Cannot utime: Operation not permitted
build	Cache Android SDK	2026-06-06T12:22:51.9634216Z /usr/bin/tar: ../../../../../usr/local/lib/android/sdk/platforms/android-36-ext18/data/res/values-mcc310-mnc950-tr: Cannot change mode to rwxr-xr-x: Operation not permitted
build	Cache Android SDK	2026-06-06T12:22:51.9636700Z /usr/bin/tar: ../../../../../usr/local/lib/android/sdk/platforms/android-36-ext18/data/res/values-mcc310-mnc200-de: Cannot utime: Operation not permitted
build	Cache Android SDK	2026-06-06T12:22:51.9637833Z /usr/bin/tar: ../../../../../usr/local/lib/android/sdk/platforms/android-36-ext18/data/res/values-mcc310-mnc200-de: Cannot change mode to rwxr-xr-x: Operation not permitted
build	Cache Android SDK	2026-06-06T12:22:51.9640092Z /usr/bin/tar: ../../../../../usr/local/lib/android/sdk/platforms/android-36-ext18/data/res/values-is-watch: Cannot utime: Operation not permitted
build	Cache Android SDK	2026-06-06T12:22:51.9641097Z /usr/bin/tar: ../../../../../usr/local/lib/android/sdk/platforms/android-36-ext18/data/res/values-is-watch: Cannot change mode to rwxr-xr-x: Operation not permitted
build	Cache Android SDK	2026-06-06T12:22:51.9643553Z /usr/bin/tar: ../../../../../usr/local/lib/android/sdk/platforms/android-36-ext18/data/res/values-mcc310-mnc660-lo: Cannot utime: Operation not permitted
build	Cache Android SDK	2026-06-06T12:22:51.9644506Z /usr/bin/tar: ../../../../../usr/local/lib/android/sdk/platforms/android-36-ext18/data/res/values-mcc310-mnc660-lo: Cannot change mode to rwxr-xr-x: Operation not permitted
build	Cache Android SDK	2026-06-06T12:22:51.9646608Z /usr/bin/tar: ../../../../../usr/local/lib/android/sdk/platforms/android-36-ext18/data/res/values-mcc310-mnc380-or: Cannot utime: Operation not permitted
build	Cache Android SDK	2026-06-06T12:22:51.9647838Z /usr/bin/tar: ../../../../../usr/local/lib/android/sdk/platforms/android-36-ext18/data/res/values-mcc310-mnc380-or: Cannot change mode to rwxr-xr-x: Operation not permitted
build	Cache Android SDK	2026-06-06T12:22:51.9650617Z /usr/bin/tar: ../../../../../usr/local/lib/android/sdk/platforms/android-36-ext18/data/res/values-mcc334-mnc020-ky: Cannot utime: Operation not permitted
build	Cache Android SDK	2026-06-06T12:22:51.9652148Z /usr/bin/tar: ../../../../../usr/local/lib/android/sdk/platforms/android-36-ext18/data/res/values-mcc334-mnc020-ky: Cannot change mode to rwxr-xr-x: Operation not permitted
build	Cache Android SDK	2026-06-06T12:22:51.9653850Z /usr/bin/tar: ../../../../../usr/local/lib/android/sdk/platforms/android-36-ext18/data/res/values-mcc334-mnc020-pt-rPT: Cannot utime: Operation not permitted
build	Cache Android SDK	2026-06-06T12:22:51.9654898Z /usr/bin/tar: ../../../../../usr/local/lib/android/sdk/platforms/android-36-ext18/data/res/values-mcc334-mnc020-pt-rPT: Cannot change mode to rwxr-xr-x: Operation not permitted
build	Cache Android SDK	2026-06-06T12:22:51.9656915Z /usr/bin/tar: ../../../../../usr/local/lib/android/sdk/platforms/android-36-ext18/data/res/values-mcc310-mnc250-en-rIN: Cannot utime: Operation not permitted
build	Cache Android SDK	2026-06-06T12:22:51.9658465Z /usr/bin/tar: ../../../../../usr/local/lib/android/sdk/platforms/android-36-ext18/data/res/values-mcc310-mnc250-en-rIN: Cannot change mode to rwxr-xr-x: Operation not permitted
build	Cache Android SDK	2026-06-06T12:22:51.9660031Z /usr/bin/tar: ../../../../../usr/local/lib/android/sdk/platforms/android-36-ext18/data/res/values-mcc466-mnc03: Cannot utime: Operation not permitted
build	Cache Android SDK	2026-06-06T12:22:51.9660959Z /usr/bin/tar: ../../../../../usr/local/lib/android/sdk/platforms/android-36-ext18/data/res/values-mcc466-mnc03: Cannot change mode to rwxr-xr-x: Operation not permitted
build	Cache Android SDK	2026-06-06T12:22:51.9663258Z /usr/bin/tar: ../../../../../usr/local/lib/android/sdk/platforms/android-36-ext18/data/res/values-mcc310-mnc200-fr-rCA: Cannot utime: Operation not permitted
build	Cache Android SDK	2026-06-06T12:22:51.9664302Z /usr/bin/tar: ../../../../../usr/local/lib/android/sdk/platforms/android-36-ext18/data/res/values-mcc310-mnc200-fr-rCA: Cannot change mode to rwxr-xr-x: Operation not permitted
build	Cache Android SDK	2026-06-06T12:22:51.9666067Z /usr/bin/tar: ../../../../../usr/local/lib/android/sdk/platforms/android-36-ext18/data/res/values-mcc340-mnc01: Cannot utime: Operation not permitted
build	Cache Android SDK	2026-06-06T12:22:51.9667007Z /usr/bin/tar: ../../../../../usr/local/lib/android/sdk/platforms/android-36-ext18/data/res/values-mcc340-mnc01: Cannot change mode to rwxr-xr-x: Operation not permitted
build	Cache Android SDK	2026-06-06T12:22:51.9669497Z /usr/bin/tar: ../../../../../usr/local/lib/android/sdk/platforms/android-36-ext18/data/res/values-mcc310-mnc240-kn: Cannot utime: Operation not permitted
build	Cache Android SDK	2026-06-06T12:22:51.9670535Z /usr/bin/tar: ../../../../../usr/local/lib/android/sdk/platforms/android-36-ext18/data/res/values-mcc310-mnc240-kn: Cannot change mode to rwxr-xr-x: Operation not permitted
build	Cache Android SDK	2026-06-06T12:22:51.9674528Z /usr/bin/tar: ../../../../../usr/local/lib/android/sdk/platforms/android-36-ext18/data/res/values-land: Cannot utime: Operation not permitted
build	Cache Android SDK	2026-06-06T12:22:51.9675457Z /usr/bin/tar: ../../../../../usr/local/lib/android/sdk/platforms/android-36-ext18/data/res/values-land: Cannot change mode to rwxr-xr-x: Operation not permitted
build	Cache Android SDK	2026-06-06T12:22:51.9677610Z /usr/bin/tar: ../../../../../usr/local/lib/android/sdk/platforms/android-36-ext18/data/res/values-mcc302-mnc370-ka: Cannot utime: Operation not permitted
build	Cache Android SDK	2026-06-06T12:22:51.9678575Z /usr/bin/tar: ../../../../../usr/local/lib/android/sdk/platforms/android-36-ext18/data/res/values-mcc302-mnc370-ka: Cannot change mode to rwxr-xr-x: Operation not permitted
build	Cache Android SDK	2026-06-06T12:22:51.9680642Z /usr/bin/tar: ../../../../../usr/local/lib/android/sdk/platforms/android-36-ext18/data/res/values-mcc302-mnc720-sl: Cannot utime: Operation not permitted
build	Cache Android SDK	2026-06-06T12:22:51.9681683Z /usr/bin/tar: ../../../../../usr/local/lib/android/sdk/platforms/android-36-ext18/data/res/values-mcc302-mnc720-sl: Cannot change mode to rwxr-xr-x: Operation not permitted
build	Cache Android SDK	2026-06-06T12:22:51.9683859Z /usr/bin/tar: ../../../../../usr/local/lib/android/sdk/platforms/android-36-ext18/data/res/values-mcc310-mnc240-mr: Cannot utime: Operation not permitted
build	Cache Android SDK	2026-06-06T12:22:51.9684817Z /usr/bin/tar: ../../../../../usr/local/lib/android/sdk/platforms/android-36-ext18/data/res/values-mcc310-mnc240-mr: Cannot change mode to rwxr-xr-x: Operation not permitted
build	Cache Android SDK	2026-06-06T12:22:51.9687540Z /usr/bin/tar: ../../../../../usr/local/lib/android/sdk/platforms/android-36-ext18/data/res/values-mcc334-mnc020-fr-neuter: Cannot utime: Operation not permitted
build	Cache Android SDK	2026-06-06T12:22:51.9688850Z /usr/bin/tar: ../../../../../usr/local/lib/android/sdk/platforms/android-36-ext18/data/res/values-mcc334-mnc020-fr-neuter: Cannot change mode to rwxr-xr-x: Operation not permitted
build	Cache Android SDK	2026-06-06T12:22:51.9690476Z /usr/bin/tar: ../../../../../usr/local/lib/android/sdk/platforms/android-36-ext18/data/res/values-mcc310-mnc560-fa: Cannot utime: Operation not permitted
build	Cache Android SDK	2026-06-06T12:22:51.9691557Z /usr/bin/tar: ../../../../../usr/local/lib/android/sdk/platforms/android-36-ext18/data/res/values-mcc310-mnc560-fa: Cannot change mode to rwxr-xr-x: Operation not permitted
build	Cache Android SDK	2026-06-06T12:22:51.9693220Z /usr/bin/tar: ../../../../../usr/local/lib/android/sdk/platforms/android-36-ext18/data/res/values-mcc312-mnc670-ro: Cannot utime: Operation not permitted
build	Cache Android SDK	2026-06-06T12:22:51.9694157Z /usr/bin/tar: ../../../../../usr/local/lib/android/sdk/platforms/android-36-ext18/data/res/values-mcc312-mnc670-ro: Cannot change mode to rwxr-xr-x: Operation not permitted
build	Cache Android SDK	2026-06-06T12:22:51.9697013Z /usr/bin/tar: ../../../../../usr/local/lib/android/sdk/platforms/android-36-ext18/data/res/values-mcc310-mnc250-cs: Cannot utime: Operation not permitted
build	Cache Android SDK	2026-06-06T12:22:51.9698184Z /usr/bin/tar: ../../../../../usr/local/lib/android/sdk/platforms/android-36-ext18/data/res/values-mcc310-mnc250-cs: Cannot change mode to rwxr-xr-x: Operation not permitted
build	Cache Android SDK	2026-06-06T12:22:51.9700850Z /usr/bin/tar: ../../../../../usr/local/lib/android/sdk/platforms/android-36-ext18/data/res/values-hu-rHU: Cannot utime: Operation not permitted
build	Cache Android SDK	2026-06-06T12:22:51.9701769Z /usr/bin/tar: ../../../../../usr/local/lib/android/sdk/platforms/android-36-ext18/data/res/values-hu-rHU: Cannot change mode to rwxr-xr-x: Operation not permitted
build	Cache Android SDK	2026-06-06T12:22:51.9704212Z /usr/bin/tar: ../../../../../usr/local/lib/android/sdk/platforms/android-36-ext18/data/res/values-mcc315: Cannot utime: Operation not permitted
build	Cache Android SDK	2026-06-06T12:22:51.9705113Z /usr/bin/tar: ../../../../../usr/local/lib/android/sdk/platforms/android-36-ext18/data/res/values-mcc315: Cannot change mode to rwxr-xr-x: Operation not permitted
build	Cache Android SDK	2026-06-06T12:22:51.9706993Z /usr/bin/tar: ../../../../../usr/local/lib/android/sdk/platforms/android-36-ext18/data/res/values-mcc310-mnc660-gl: Cannot utime: Operation not permitted
build	Cache Android SDK	2026-06-06T12:22:51.9708196Z /usr/bin/tar: ../../../../../usr/local/lib/android/sdk/platforms/android-36-ext18/data/res/values-mcc310-mnc660-gl: Cannot change mode to rwxr-xr-x: Operation not permitted
build	Cache Android SDK	2026-06-06T12:22:51.9710027Z /usr/bin/tar: ../../../../../usr/local/lib/android/sdk/platforms/android-36-ext18/data/res/values-mcc313-mnc100-de: Cannot utime: Operation not permitted
build	Cache Android SDK	2026-06-06T12:22:51.9711070Z /usr/bin/tar: ../../../../../usr/local/lib/android/sdk/platforms/android-36-ext18/data/res/values-mcc313-mnc100-de: Cannot change mode to rwxr-xr-x: Operation not permitted
build	Cache Android SDK	2026-06-06T12:22:51.9713868Z /usr/bin/tar: ../../../../../usr/local/lib/android/sdk/platforms/android-36-ext18/data/res/values-mcc311-mnc180-it: Cannot utime: Operation not permitted
build	Cache Android SDK	2026-06-06T12:22:51.9714853Z /usr/bin/tar: ../../../../../usr/local/lib/android/sdk/platforms/android-36-ext18/data/res/values-mcc311-mnc180-it: Cannot change mode to rwxr-xr-x: Operation not permitted
build	Cache Android SDK	2026-06-06T12:22:51.9716692Z /usr/bin/tar: ../../../../../usr/local/lib/android/sdk/platforms/android-36-ext18/data/res/values-mcc310-mnc150-ta: Cannot utime: Operation not permitted
build	Cache Android SDK	2026-06-06T12:22:51.9717985Z /usr/bin/tar: ../../../../../usr/local/lib/android/sdk/platforms/android-36-ext18/data/res/values-mcc310-mnc150-ta: Cannot change mode to rwxr-xr-x: Operation not permitted
build	Cache Android SDK	2026-06-06T12:22:51.9719682Z /usr/bin/tar: ../../../../../usr/local/lib/android/sdk/platforms/android-36-ext18/data/res/values-mcc334-mnc050: Cannot utime: Operation not permitted
build	Cache Android SDK	2026-06-06T12:22:51.9720619Z /usr/bin/tar: ../../../../../usr/local/lib/android/sdk/platforms/android-36-ext18/data/res/values-mcc334-mnc050: Cannot change mode to rwxr-xr-x: Operation not permitted
build	Cache Android SDK	2026-06-06T12:22:51.9723637Z /usr/bin/tar: ../../../../../usr/local/lib/android/sdk/platforms/android-36-ext18/data/res/values-mcc001-mnc01-gl: Cannot utime: Operation not permitted
build	Cache Android SDK	2026-06-06T12:22:51.9724591Z /usr/bin/tar: ../../../../../usr/local/lib/android/sdk/platforms/android-36-ext18/data/res/values-mcc001-mnc01-gl: Cannot change mode to rwxr-xr-x: Operation not permitted
build	Cache Android SDK	2026-06-06T12:22:51.9726514Z /usr/bin/tar: ../../../../../usr/local/lib/android/sdk/platforms/android-36-ext18/data/res/values-mcc310-mnc950-vi: Cannot utime: Operation not permitted
build	Cache Android SDK	2026-06-06T12:22:51.9727759Z /usr/bin/tar: ../../../../../usr/local/lib/android/sdk/platforms/android-36-ext18/data/res/values-mcc310-mnc950-vi: Cannot change mode to rwxr-xr-x: Operation not permitted
build	Cache Android SDK	2026-06-06T12:22:51.9730411Z /usr/bin/tar: ../../../../../usr/local/lib/android/sdk/platforms/android-36-ext18/data/res/values-mcc432-mnc20: Cannot utime: Operation not permitted
build	Cache Android SDK	2026-06-06T12:22:51.9731529Z /usr/bin/tar: ../../../../../usr/local/lib/android/sdk/platforms/android-36-ext18/data/res/values-mcc432-mnc20: Cannot change mode to rwxr-xr-x: Operation not permitted
build	Cache Android SDK	2026-06-06T12:22:51.9733073Z /usr/bin/tar: ../../../../../usr/local/lib/android/sdk/platforms/android-36-ext18/data/res/values-mcc310-mnc800-de: Cannot utime: Operation not permitted
build	Cache Android SDK	2026-06-06T12:22:51.9734025Z /usr/bin/tar: ../../../../../usr/local/lib/android/sdk/platforms/android-36-ext18/data/res/values-mcc310-mnc800-de: Cannot change mode to rwxr-xr-x: Operation not permitted
build	Cache Android SDK	2026-06-06T12:22:51.9736694Z /usr/bin/tar: ../../../../../usr/local/lib/android/sdk/platforms/android-36-ext18/data/res/values-mcc310-mnc660-sq: Cannot utime: Operation not permitted
build	Cache Android SDK	2026-06-06T12:22:51.9738001Z /usr/bin/tar: ../../../../../usr/local/lib/android/sdk/platforms/android-36-ext18/data/res/values-mcc310-mnc660-sq: Cannot change mode to rwxr-xr-x: Operation not permitted
build	Cache Android SDK	2026-06-06T12:22:51.9739588Z /usr/bin/tar: ../../../../../usr/local/lib/android/sdk/platforms/android-36-ext18/data/res/values-mcc302-mnc720-sv: Cannot utime: Operation not permitted
build	Cache Android SDK	2026-06-06T12:22:51.9740542Z /usr/bin/tar: ../../../../../usr/local/lib/android/sdk/platforms/android-36-ext18/data/res/values-mcc302-mnc720-sv: Cannot change mode to rwxr-xr-x: Operation not permitted
build	Cache Android SDK	2026-06-06T12:22:51.9742821Z /usr/bin/tar: ../../../../../usr/local/lib/android/sdk/platforms/android-36-ext18/data/res/values-mcc310-mnc560-nl: Cannot utime: Operation not permitted
build	Cache Android SDK	2026-06-06T12:22:51.9743784Z /usr/bin/tar: ../../../../../usr/local/lib/android/sdk/platforms/android-36-ext18/data/res/values-mcc310-mnc560-nl: Cannot change mode to rwxr-xr-x: Operation not permitted
build	Cache Android SDK	2026-06-06T12:22:51.9746165Z /usr/bin/tar: ../../../../../usr/local/lib/android/sdk/platforms/android-36-ext18/data/res/values-mcc334-mnc020-hr: Cannot utime: Operation not permitted
build	Cache Android SDK	2026-06-06T12:22:51.9747215Z /usr/bin/tar: ../../../../../usr/local/lib/android/sdk/platforms/android-36-ext18/data/res/values-mcc334-mnc020-hr: Cannot change mode to rwxr-xr-x: Operation not permitted
build	Cache Android SDK	2026-06-06T12:22:51.9749351Z /usr/bin/tar: ../../../../../usr/local/lib/android/sdk/platforms/android-36-ext18/data/res/values-mcc001-mnc01-am: Cannot utime: Operation not permitted
build	Cache Android SDK	2026-06-06T12:22:51.9750301Z /usr/bin/tar: ../../../../../usr/local/lib/android/sdk/platforms/android-36-ext18/data/res/values-mcc001-mnc01-am: Cannot change mode to rwxr-xr-x: Operation not permitted
build	Cache Android SDK	2026-06-06T12:22:51.9752786Z /usr/bin/tar: ../../../../../usr/local/lib/android/sdk/platforms/android-36-ext18/data/res/values-mcc310-mnc560-en-rXC: Cannot utime: Operation not permitted
build	Cache Android SDK	2026-06-06T12:22:51.9753847Z /usr/bin/tar: ../../../../../usr/local/lib/android/sdk/platforms/android-36-ext18/data/res/values-mcc310-mnc560-en-rXC: Cannot change mode to rwxr-xr-x: Operation not permitted
build	Cache Android SDK	2026-06-06T12:22:51.9755733Z /usr/bin/tar: ../../../../../usr/local/lib/android/sdk/platforms/android-36-ext18/data/res/values-mcc310-mnc240-ne: Cannot utime: Operation not permitted
build	Cache Android SDK	2026-06-06T12:22:51.9756693Z /usr/bin/tar: ../../../../../usr/local/lib/android/sdk/platforms/android-36-ext18/data/res/values-mcc310-mnc240-ne: Cannot change mode to rwxr-xr-x: Operation not permitted
build	Cache Android SDK	2026-06-06T12:22:51.9759252Z /usr/bin/tar: ../../../../../usr/local/lib/android/sdk/platforms/android-36-ext18/data/res/values-mcc310-mnc150-lv: Cannot utime: Operation not permitted
build	Cache Android SDK	2026-06-06T12:22:51.9760223Z /usr/bin/tar: ../../../../../usr/local/lib/android/sdk/platforms/android-36-ext18/data/res/values-mcc310-mnc150-lv: Cannot change mode to rwxr-xr-x: Operation not permitted
build	Cache Android SDK	2026-06-06T12:22:51.9762646Z /usr/bin/tar: ../../../../../usr/local/lib/android/sdk/platforms/android-36-ext18/data/res/values-mcc310-mnc490-ro: Cannot utime: Operation not permitted
build	Cache Android SDK	2026-06-06T12:22:51.9763616Z /usr/bin/tar: ../../../../../usr/local/lib/android/sdk/platforms/android-36-ext18/data/res/values-mcc310-mnc490-ro: Cannot change mode to rwxr-xr-x: Operation not permitted
build	Cache Android SDK	2026-06-06T12:22:51.9766003Z /usr/bin/tar: ../../../../../usr/local/lib/android/sdk/platforms/android-36-ext18/data/res/values-mcc310-mnc270-zh-rTW: Cannot utime: Operation not permitted
build	Cache Android SDK	2026-06-06T12:22:51.9766986Z /usr/bin/tar: ../../../../../usr/local/lib/android/sdk/platforms/android-36-ext18/data/res/values-mcc310-mnc270-zh-rTW: Cannot change mode to rwxr-xr-x: Operation not permitted
build	Cache Android SDK	2026-06-06T12:22:51.9769135Z /usr/bin/tar: ../../../../../usr/local/lib/android/sdk/platforms/android-36-ext18/data/res/values-mcc310-mnc380-nl: Cannot utime: Operation not permitted
build	Cache Android SDK	2026-06-06T12:22:51.9770109Z /usr/bin/tar: ../../../../../usr/local/lib/android/sdk/platforms/android-36-ext18/data/res/values-mcc310-mnc380-nl: Cannot change mode to rwxr-xr-x: Operation not permitted
build	Cache Android SDK	2026-06-06T12:22:51.9774104Z /usr/bin/tar: ../../../../../usr/local/lib/android/sdk/platforms/android-36-ext18/data/res/values-en-rSG: Cannot utime: Operation not permitted
build	Cache Android SDK	2026-06-06T12:22:51.9775057Z /usr/bin/tar: ../../../../../usr/local/lib/android/sdk/platforms/android-36-ext18/data/res/values-en-rSG: Cannot change mode to rwxr-xr-x: Operation not permitted
build	Cache Android SDK	2026-06-06T12:22:51.9777946Z /usr/bin/tar: ../../../../../usr/local/lib/android/sdk/platforms/android-36-ext18/data/res/drawable-en-mdpi: Cannot utime: Operation not permitted
build	Cache Android SDK	2026-06-06T12:22:51.9778886Z /usr/bin/tar: ../../../../../usr/local/lib/android/sdk/platforms/android-36-ext18/data/res/drawable-en-mdpi: Cannot change mode to rwxr-xr-x: Operation not permitted
build	Cache Android SDK	2026-06-06T12:22:51.9781663Z /usr/bin/tar: ../../../../../usr/local/lib/android/sdk/platforms/android-36-ext18/data/res/values-mcc302-mnc720-pt-rPT: Cannot utime: Operation not permitted
build	Cache Android SDK	2026-06-06T12:22:51.9783410Z /usr/bin/tar: ../../../../../usr/local/lib/android/sdk/platforms/android-36-ext18/data/res/values-mcc302-mnc720-pt-rPT: Cannot change mode to rwxr-xr-x: Operation not permitted
build	Cache Android SDK	2026-06-06T12:22:51.9785074Z /usr/bin/tar: ../../../../../usr/local/lib/android/sdk/platforms/android-36-ext18/data/res/raw-fr: Cannot utime: Operation not permitted
build	Cache Android SDK	2026-06-06T12:22:51.9786657Z /usr/bin/tar: ../../../../../usr/local/lib/android/sdk/platforms/android-36-ext18/data/res/raw-fr: Cannot change mode to rwxr-xr-x: Operation not permitted
build	Cache Android SDK	2026-06-06T12:22:51.9789015Z /usr/bin/tar: ../../../../../usr/local/lib/android/sdk/platforms/android-36-ext18/data/res/values-mcc310-mnc530: Cannot utime: Operation not permitted
build	Cache Android SDK	2026-06-06T12:22:51.9790776Z /usr/bin/tar: ../../../../../usr/local/lib/android/sdk/platforms/android-36-ext18/data/res/values-mcc310-mnc530: Cannot change mode to rwxr-xr-x: Operation not permitted
build	Cache Android SDK	2026-06-06T12:22:51.9792243Z /usr/bin/tar: ../../../../../usr/local/lib/android/sdk/platforms/android-36-ext18/data/res/values-mcc311-mnc180-ru: Cannot utime: Operation not permitted
build	Cache Android SDK	2026-06-06T12:22:51.9794032Z /usr/bin/tar: ../../../../../usr/local/lib/android/sdk/platforms/android-36-ext18/data/res/values-mcc311-mnc180-ru: Cannot change mode to rwxr-xr-x: Operation not permitted
build	Cache Android SDK	2026-06-06T12:22:51.9796355Z /usr/bin/tar: ../../../../../usr/local/lib/android/sdk/platforms/android-36-ext18/data/res/values-mcc302-mnc370-hu: Cannot utime: Operation not permitted
build	Cache Android SDK	2026-06-06T12:22:51.9798200Z /usr/bin/tar: ../../../../../usr/local/lib/android/sdk/platforms/android-36-ext18/data/res/values-mcc302-mnc370-hu: Cannot change mode to rwxr-xr-x: Operation not permitted
build	Cache Android SDK	2026-06-06T12:22:51.9799952Z /usr/bin/tar: ../../../../../usr/local/lib/android/sdk/platforms/android-36-ext18/data/res/values-mcc310-mnc210-cs: Cannot utime: Operation not permitted
build	Cache Android SDK	2026-06-06T12:22:51.9800892Z /usr/bin/tar: ../../../../../usr/local/lib/android/sdk/platforms/android-36-ext18/data/res/values-mcc310-mnc210-cs: Cannot change mode to rwxr-xr-x: Operation not permitted
build	Cache Android SDK	2026-06-06T12:22:51.9803344Z /usr/bin/tar: ../../../../../usr/local/lib/android/sdk/platforms/android-36-ext18/data/res/values-mcc312-mnc670-hi: Cannot utime: Operation not permitted
build	Cache Android SDK	2026-06-06T12:22:51.9804288Z /usr/bin/tar: ../../../../../usr/local/lib/android/sdk/platforms/android-36-ext18/data/res/values-mcc312-mnc670-hi: Cannot change mode to rwxr-xr-x: Operation not permitted
build	Cache Android SDK	2026-06-06T12:22:51.9806911Z /usr/bin/tar: ../../../../../usr/local/lib/android/sdk/platforms/android-36-ext18/data/res/values-mcc302-mnc720-km: Cannot utime: Operation not permitted
build	Cache Android SDK	2026-06-06T12:22:51.9808072Z /usr/bin/tar: ../../../../../usr/local/lib/android/sdk/platforms/android-36-ext18/data/res/values-mcc302-mnc720-km: Cannot change mode to rwxr-xr-x: Operation not permitted
build	Cache Android SDK	2026-06-06T12:22:51.9809965Z /usr/bin/tar: ../../../../../usr/local/lib/android/sdk/platforms/android-36-ext18/data/res/values-sl-television: Cannot utime: Operation not permitted
build	Cache Android SDK	2026-06-06T12:22:51.9811012Z /usr/bin/tar: ../../../../../usr/local/lib/android/sdk/platforms/android-36-ext18/data/res/values-sl-television: Cannot change mode to rwxr-xr-x: Operation not permitted
build	Cache Android SDK	2026-06-06T12:22:51.9812979Z /usr/bin/tar: ../../../../../usr/local/lib/android/sdk/platforms/android-36-ext18/data/res/values-fr-feminine: Cannot utime: Operation not permitted
build	Cache Android SDK	2026-06-06T12:22:51.9813903Z /usr/bin/tar: ../../../../../usr/local/lib/android/sdk/platforms/android-36-ext18/data/res/values-fr-feminine: Cannot change mode to rwxr-xr-x: Operation not permitted
build	Cache Android SDK	2026-06-06T12:22:51.9816219Z /usr/bin/tar: ../../../../../usr/local/lib/android/sdk/platforms/android-36-ext18/data/res/values-mcc310-mnc220-en-rAU: Cannot utime: Operation not permitted
build	Cache Android SDK	2026-06-06T12:22:51.9817189Z /usr/bin/tar: ../../../../../usr/local/lib/android/sdk/platforms/android-36-ext18/data/res/values-mcc310-mnc220-en-rAU: Cannot change mode to rwxr-xr-x: Operation not permitted
build	Cache Android SDK	2026-06-06T12:22:51.9821563Z /usr/bin/tar: ../../../../../usr/local/lib/android/sdk/platforms/android-36-ext18/data/res/values-mcc310-mnc490-ko: Cannot utime: Operation not permitted
build	Cache Android SDK	2026-06-06T12:22:51.9822512Z /usr/bin/tar: ../../../../../usr/local/lib/android/sdk/platforms/android-36-ext18/data/res/values-mcc310-mnc490-ko: Cannot change mode to rwxr-xr-x: Operation not permitted
build	Cache Android SDK	2026-06-06T12:22:51.9825123Z /usr/bin/tar: ../../../../../usr/local/lib/android/sdk/platforms/android-36-ext18/data/res/values-mcc302-mnc370-ml: Cannot utime: Operation not permitted
build	Cache Android SDK	2026-06-06T12:22:51.9826076Z /usr/bin/tar: ../../../../../usr/local/lib/android/sdk/platforms/android-36-ext18/data/res/values-mcc302-mnc370-ml: Cannot change mode to rwxr-xr-x: Operation not permitted
build	Cache Android SDK	2026-06-06T12:22:51.9828868Z /usr/bin/tar: ../../../../../usr/local/lib/android/sdk/platforms/android-36-ext18/data/res/values-mcc310-mnc170-ka: Cannot utime: Operation not permitted
build	Cache Android SDK	2026-06-06T12:22:51.9829886Z /usr/bin/tar: ../../../../../usr/local/lib/android/sdk/platforms/android-36-ext18/data/res/values-mcc310-mnc170-ka: Cannot change mode to rwxr-xr-x: Operation not permitted
build	Cache Android SDK	2026-06-06T12:22:51.9835256Z /usr/bin/tar: ../../../../../usr/local/lib/android/sdk/platforms/android-36-ext18/data/res/values-b+sr+Latn: Cannot utime: Operation not permitted
build	Cache Android SDK	2026-06-06T12:22:51.9836633Z /usr/bin/tar: ../../../../../usr/local/lib/android/sdk/platforms/android-36-ext18/data/res/values-b+sr+Latn: Cannot change mode to rwxr-xr-x: Operation not permitted
build	Cache Android SDK	2026-06-06T12:22:51.9839178Z /usr/bin/tar: ../../../../../usr/local/lib/android/sdk/platforms/android-36-ext18/data/res/values-mcc310-mnc280-uk: Cannot utime: Operation not permitted
build	Cache Android SDK	2026-06-06T12:22:51.9840137Z /usr/bin/tar: ../../../../../usr/local/lib/android/sdk/platforms/android-36-ext18/data/res/values-mcc310-mnc280-uk: Cannot change mode to rwxr-xr-x: Operation not permitted
build	Cache Android SDK	2026-06-06T12:22:51.9842389Z /usr/bin/tar: ../../../../../usr/local/lib/android/sdk/platforms/android-36-ext18/data/res/values-mcc310-mnc220-hu: Cannot utime: Operation not permitted
build	Cache Android SDK	2026-06-06T12:22:51.9843525Z /usr/bin/tar: ../../../../../usr/local/lib/android/sdk/platforms/android-36-ext18/data/res/values-mcc310-mnc220-hu: Cannot change mode to rwxr-xr-x: Operation not permitted
build	Cache Android SDK	2026-06-06T12:22:51.9845337Z /usr/bin/tar: ../../../../../usr/local/lib/android/sdk/platforms/android-36-ext18/data/res/values-mcc310-mnc230-tr: Cannot utime: Operation not permitted
build	Cache Android SDK	2026-06-06T12:22:51.9846302Z /usr/bin/tar: ../../../../../usr/local/lib/android/sdk/platforms/android-36-ext18/data/res/values-mcc310-mnc230-tr: Cannot change mode to rwxr-xr-x: Operation not permitted
build	Cache Android SDK	2026-06-06T12:22:51.9848956Z /usr/bin/tar: ../../../../../usr/local/lib/android/sdk/platforms/android-36-ext18/data/res/values-mcc310-mnc230-sv: Cannot utime: Operation not permitted
build	Cache Android SDK	2026-06-06T12:22:51.9849949Z /usr/bin/tar: ../../../../../usr/local/lib/android/sdk/platforms/android-36-ext18/data/res/values-mcc310-mnc230-sv: Cannot change mode to rwxr-xr-x: Operation not permitted
build	Cache Android SDK	2026-06-06T12:22:51.9851644Z /usr/bin/tar: ../../../../../usr/local/lib/android/sdk/platforms/android-36-ext18/data/res/values-ar-rIL: Cannot utime: Operation not permitted
build	Cache Android SDK	2026-06-06T12:22:51.9852608Z /usr/bin/tar: ../../../../../usr/local/lib/android/sdk/platforms/android-36-ext18/data/res/values-ar-rIL: Cannot change mode to rwxr-xr-x: Operation not permitted
build	Cache Android SDK	2026-06-06T12:22:51.9854711Z /usr/bin/tar: ../../../../../usr/local/lib/android/sdk/platforms/android-36-ext18/data/res/values-te-television: Cannot utime: Operation not permitted
build	Cache Android SDK	2026-06-06T12:22:51.9855658Z /usr/bin/tar: ../../../../../usr/local/lib/android/sdk/platforms/android-36-ext18/data/res/values-te-television: Cannot change mode to rwxr-xr-x: Operation not permitted
build	Cache Android SDK	2026-06-06T12:22:51.9858067Z /usr/bin/tar: ../../../../../usr/local/lib/android/sdk/platforms/android-36-ext18/data/res/values-mcc310-mnc160-pt: Cannot utime: Operation not permitted
build	Cache Android SDK	2026-06-06T12:22:51.9859037Z /usr/bin/tar: ../../../../../usr/local/lib/android/sdk/platforms/android-36-ext18/data/res/values-mcc310-mnc160-pt: Cannot change mode to rwxr-xr-x: Operation not permitted
build	Cache Android SDK	2026-06-06T12:22:51.9863219Z /usr/bin/tar: ../../../../../usr/local/lib/android/sdk/platforms/android-36-ext18/data/res/values-mcc310-mnc660-ur: Cannot utime: Operation not permitted
build	Cache Android SDK	2026-06-06T12:22:51.9864293Z /usr/bin/tar: ../../../../../usr/local/lib/android/sdk/platforms/android-36-ext18/data/res/values-mcc310-mnc660-ur: Cannot change mode to rwxr-xr-x: Operation not permitted
build	Cache Android SDK	2026-06-06T12:22:51.9866381Z /usr/bin/tar: ../../../../../usr/local/lib/android/sdk/platforms/android-36-ext18/data/res/values-mcc334-mnc020-cs: Cannot utime: Operation not permitted
build	Cache Android SDK	2026-06-06T12:22:51.9867513Z /usr/bin/tar: ../../../../../usr/local/lib/android/sdk/platforms/android-36-ext18/data/res/values-mcc334-mnc020-cs: Cannot change mode to rwxr-xr-x: Operation not permitted
build	Cache Android SDK	2026-06-06T12:22:51.9873269Z /usr/bin/tar: ../../../../../usr/local/lib/android/sdk/platforms/android-36-ext18/data/res/values-zh-rTW: Cannot utime: Operation not permitted
build	Cache Android SDK	2026-06-06T12:22:51.9874201Z /usr/bin/tar: ../../../../../usr/local/lib/android/sdk/platforms/android-36-ext18/data/res/values-zh-rTW: Cannot change mode to rwxr-xr-x: Operation not permitted
build	Cache Android SDK	2026-06-06T12:22:51.9875897Z /usr/bin/tar: ../../../../../usr/local/lib/android/sdk/platforms/android-36-ext18/data/res/values-mcc310-mnc200-uz: Cannot utime: Operation not permitted
build	Cache Android SDK	2026-06-06T12:22:51.9876842Z /usr/bin/tar: ../../../../../usr/local/lib/android/sdk/platforms/android-36-ext18/data/res/values-mcc310-mnc200-uz: Cannot change mode to rwxr-xr-x: Operation not permitted
build	Cache Android SDK	2026-06-06T12:22:51.9878619Z /usr/bin/tar: ../../../../../usr/local/lib/android/sdk/platforms/android-36-ext18/data/res/values-mcc310-mnc410-sw: Cannot utime: Operation not permitted
build	Cache Android SDK	2026-06-06T12:22:51.9879601Z /usr/bin/tar: ../../../../../usr/local/lib/android/sdk/platforms/android-36-ext18/data/res/values-mcc310-mnc410-sw: Cannot change mode to rwxr-xr-x: Operation not permitted
build	Cache Android SDK	2026-06-06T12:22:51.9881917Z /usr/bin/tar: ../../../../../usr/local/lib/android/sdk/platforms/android-36-ext18/data/res/values-el-rGR: Cannot utime: Operation not permitted
build	Cache Android SDK	2026-06-06T12:22:51.9883008Z /usr/bin/tar: ../../../../../usr/local/lib/android/sdk/platforms/android-36-ext18/data/res/values-el-rGR: Cannot change mode to rwxr-xr-x: Operation not permitted
build	Cache Android SDK	2026-06-06T12:22:51.9884724Z /usr/bin/tar: ../../../../../usr/local/lib/android/sdk/platforms/android-36-ext18/data/res/values-mcc310-mnc800-hy: Cannot utime: Operation not permitted
build	Cache Android SDK	2026-06-06T12:22:51.9886441Z /usr/bin/tar: ../../../../../usr/local/lib/android/sdk/platforms/android-36-ext18/data/res/values-mcc310-mnc800-hy: Cannot change mode to rwxr-xr-x: Operation not permitted
build	Cache Android SDK	2026-06-06T12:22:51.9888270Z /usr/bin/tar: ../../../../../usr/local/lib/android/sdk/platforms/android-36-ext18/data/res/values-mcc302-mnc720: Cannot utime: Operation not permitted
build	Cache Android SDK	2026-06-06T12:22:51.9889869Z /usr/bin/tar: ../../../../../usr/local/lib/android/sdk/platforms/android-36-ext18/data/res/values-mcc302-mnc720: Cannot change mode to rwxr-xr-x: Operation not permitted
build	Cache Android SDK	2026-06-06T12:22:51.9891344Z /usr/bin/tar: ../../../../../usr/local/lib/android/sdk/platforms/android-36-ext18/data/res/values-mcc313-mnc100-sl: Cannot utime: Operation not permitted
build	Cache Android SDK	2026-06-06T12:22:51.9892292Z /usr/bin/tar: ../../../../../usr/local/lib/android/sdk/platforms/android-36-ext18/data/res/values-mcc313-mnc100-sl: Cannot change mode to rwxr-xr-x: Operation not permitted
build	Cache Android SDK	2026-06-06T12:22:51.9894001Z /usr/bin/tar: ../../../../../usr/local/lib/android/sdk/platforms/android-36-ext18/data/res/values-mcc312-mnc670-zh-rTW: Cannot utime: Operation not permitted
build	Cache Android SDK	2026-06-06T12:22:51.9894987Z /usr/bin/tar: ../../../../../usr/local/lib/android/sdk/platforms/android-36-ext18/data/res/values-mcc312-mnc670-zh-rTW: Cannot change mode to rwxr-xr-x: Operation not permitted
build	Cache Android SDK	2026-06-06T12:22:51.9897737Z /usr/bin/tar: ../../../../../usr/local/lib/android/sdk/platforms/android-36-ext18/data/res/values-mcc310-mnc560-ur: Cannot utime: Operation not permitted
build	Cache Android SDK	2026-06-06T12:22:51.9898788Z /usr/bin/tar: ../../../../../usr/local/lib/android/sdk/platforms/android-36-ext18/data/res/values-mcc310-mnc560-ur: Cannot change mode to rwxr-xr-x: Operation not permitted
build	Cache Android SDK	2026-06-06T12:22:51.9900960Z /usr/bin/tar: ../../../../../usr/local/lib/android/sdk/platforms/android-36-ext18/data/res/values-mcc310-mnc170-am: Cannot utime: Operation not permitted
build	Cache Android SDK	2026-06-06T12:22:51.9902012Z /usr/bin/tar: ../../../../../usr/local/lib/android/sdk/platforms/android-36-ext18/data/res/values-mcc310-mnc170-am: Cannot change mode to rwxr-xr-x: Operation not permitted
build	Cache Android SDK	2026-06-06T12:22:51.9904300Z /usr/bin/tar: ../../../../../usr/local/lib/android/sdk/platforms/android-36-ext18/data/res/values-mcc310-mnc800-nb: Cannot utime: Operation not permitted
build	Cache Android SDK	2026-06-06T12:22:51.9905303Z /usr/bin/tar: ../../../../../usr/local/lib/android/sdk/platforms/android-36-ext18/data/res/values-mcc310-mnc800-nb: Cannot change mode to rwxr-xr-x: Operation not permitted
build	Cache Android SDK	2026-06-06T12:22:51.9907474Z /usr/bin/tar: ../../../../../usr/local/lib/android/sdk/platforms/android-36-ext18/data/res/values-mcc310-mnc800-b+sr+Latn: Cannot utime: Operation not permitted
build	Cache Android SDK	2026-06-06T12:22:51.9908545Z /usr/bin/tar: ../../../../../usr/local/lib/android/sdk/platforms/android-36-ext18/data/res/values-mcc310-mnc800-b+sr+Latn: Cannot change mode to rwxr-xr-x: Operation not permitted
build	Cache Android SDK	2026-06-06T12:22:51.9910415Z /usr/bin/tar: ../../../../../usr/local/lib/android/sdk/platforms/android-36-ext18/data/res/values-mcc310-mnc150-be: Cannot utime: Operation not permitted
build	Cache Android SDK	2026-06-06T12:22:51.9911476Z /usr/bin/tar: ../../../../../usr/local/lib/android/sdk/platforms/android-36-ext18/data/res/values-mcc310-mnc150-be: Cannot change mode to rwxr-xr-x: Operation not permitted
build	Cache Android SDK	2026-06-06T12:22:51.9914077Z /usr/bin/tar: ../../../../../usr/local/lib/android/sdk/platforms/android-36-ext18/data/res/values-mcc310-mnc560-ja: Cannot utime: Operation not permitted
build	Cache Android SDK	2026-06-06T12:22:51.9915052Z /usr/bin/tar: ../../../../../usr/local/lib/android/sdk/platforms/android-36-ext18/data/res/values-mcc310-mnc560-ja: Cannot change mode to rwxr-xr-x: Operation not permitted
build	Cache Android SDK	2026-06-06T12:22:51.9917025Z /usr/bin/tar: ../../../../../usr/local/lib/android/sdk/platforms/android-36-ext18/data/res/values-mcc310-mnc210-sq: Cannot utime: Operation not permitted
build	Cache Android SDK	2026-06-06T12:22:51.9918071Z /usr/bin/tar: ../../../../../usr/local/lib/android/sdk/platforms/android-36-ext18/data/res/values-mcc310-mnc210-sq: Cannot change mode to rwxr-xr-x: Operation not permitted
build	Cache Android SDK	2026-06-06T12:22:51.9920451Z /usr/bin/tar: ../../../../../usr/local/lib/android/sdk/platforms/android-36-ext18/data/res/values-w228dp: Cannot utime: Operation not permitted
build	Cache Android SDK	2026-06-06T12:22:51.9921340Z /usr/bin/tar: ../../../../../usr/local/lib/android/sdk/platforms/android-36-ext18/data/res/values-w228dp: Cannot change mode to rwxr-xr-x: Operation not permitted
build	Cache Android SDK	2026-06-06T12:22:51.9923650Z /usr/bin/tar: ../../../../../usr/local/lib/android/sdk/platforms/android-36-ext18/data/res/values-mcc312-mnc670-ms: Cannot utime: Operation not permitted
build	Cache Android SDK	2026-06-06T12:22:51.9924609Z /usr/bin/tar: ../../../../../usr/local/lib/android/sdk/platforms/android-36-ext18/data/res/values-mcc312-mnc670-ms: Cannot change mode to rwxr-xr-x: Operation not permitted
build	Cache Android SDK	2026-06-06T12:22:51.9926816Z /usr/bin/tar: ../../../../../usr/local/lib/android/sdk/platforms/android-36-ext18/data/res/values-mcc302-mnc720-sw: Cannot utime: Operation not permitted
build	Cache Android SDK	2026-06-06T12:22:51.9927879Z /usr/bin/tar: ../../../../../usr/local/lib/android/sdk/platforms/android-36-ext18/data/res/values-mcc302-mnc720-sw: Cannot change mode to rwxr-xr-x: Operation not permitted
build	Cache Android SDK	2026-06-06T12:22:51.9930138Z /usr/bin/tar: ../../../../../usr/local/lib/android/sdk/platforms/android-36-ext18/data/res/values-mcc310-mnc160-de: Cannot utime: Operation not permitted
build	Cache Android SDK	2026-06-06T12:22:51.9931092Z /usr/bin/tar: ../../../../../usr/local/lib/android/sdk/platforms/android-36-ext18/data/res/values-mcc310-mnc160-de: Cannot change mode to rwxr-xr-x: Operation not permitted
build	Cache Android SDK	2026-06-06T12:22:51.9933259Z /usr/bin/tar: ../../../../../usr/local/lib/android/sdk/platforms/android-36-ext18/data/res/values-mcc310-mnc230-ru: Cannot utime: Operation not permitted
build	Cache Android SDK	2026-06-06T12:22:51.9934201Z /usr/bin/tar: ../../../../../usr/local/lib/android/sdk/platforms/android-36-ext18/data/res/values-mcc310-mnc230-ru: Cannot change mode to rwxr-xr-x: Operation not permitted
build	Cache Android SDK	2026-06-06T12:22:51.9936888Z /usr/bin/tar: ../../../../../usr/local/lib/android/sdk/platforms/android-36-ext18/data/res/values-mcc310-mnc170-en-rCA: Cannot utime: Operation not permitted
build	Cache Android SDK	2026-06-06T12:22:51.9937959Z /usr/bin/tar: ../../../../../usr/local/lib/android/sdk/platforms/android-36-ext18/data/res/values-mcc310-mnc170-en-rCA: Cannot change mode to rwxr-xr-x: Operation not permitted
build	Cache Android SDK	2026-06-06T12:22:51.9940027Z /usr/bin/tar: ../../../../../usr/local/lib/android/sdk/platforms/android-36-ext18/data/res/values-mcc313-mnc100-or: Cannot utime: Operation not permitted
build	Cache Android SDK	2026-06-06T12:22:51.9941051Z /usr/bin/tar: ../../../../../usr/local/lib/android/sdk/platforms/android-36-ext18/data/res/values-mcc313-mnc100-or: Cannot change mode to rwxr-xr-x: Operation not permitted
build	Cache Android SDK	2026-06-06T12:22:51.9942904Z /usr/bin/tar: ../../../../../usr/local/lib/android/sdk/platforms/android-36-ext18/data/res/values-mcc312-mnc670-sv: Cannot utime: Operation not permitted
build	Cache Android SDK	2026-06-06T12:22:51.9943855Z /usr/bin/tar: ../../../../../usr/local/lib/android/sdk/platforms/android-36-ext18/data/res/values-mcc312-mnc670-sv: Cannot change mode to rwxr-xr-x: Operation not permitted
build	Cache Android SDK	2026-06-06T12:22:51.9946326Z /usr/bin/tar: ../../../../../usr/local/lib/android/sdk/platforms/android-36-ext18/data/res/values-mcc334-mnc020-ca: Cannot utime: Operation not permitted
build	Cache Android SDK	2026-06-06T12:22:51.9947478Z /usr/bin/tar: ../../../../../usr/local/lib/android/sdk/platforms/android-36-ext18/data/res/values-mcc334-mnc020-ca: Cannot change mode to rwxr-xr-x: Operation not permitted
build	Cache Android SDK	2026-06-06T12:22:51.9949843Z /usr/bin/tar: ../../../../../usr/local/lib/android/sdk/platforms/android-36-ext18/data/res/menu: Cannot utime: Operation not permitted
build	Cache Android SDK	2026-06-06T12:22:51.9950745Z /usr/bin/tar: ../../../../../usr/local/lib/android/sdk/platforms/android-36-ext18/data/res/menu: Cannot change mode to rwxr-xr-x: Operation not permitted
build	Cache Android SDK	2026-06-06T12:22:51.9953004Z /usr/bin/tar: ../../../../../usr/local/lib/android/sdk/platforms/android-36-ext18/data/res/values-mcc310-mnc560-bn: Cannot utime: Operation not permitted
build	Cache Android SDK	2026-06-06T12:22:51.9953952Z /usr/bin/tar: ../../../../../usr/local/lib/android/sdk/platforms/android-36-ext18/data/res/values-mcc310-mnc560-bn: Cannot change mode to rwxr-xr-x: Operation not permitted
build	Cache Android SDK	2026-06-06T12:22:51.9956200Z /usr/bin/tar: ../../../../../usr/local/lib/android/sdk/platforms/android-36-ext18/data/res/values-mcc310-mnc270-hy: Cannot utime: Operation not permitted
build	Cache Android SDK	2026-06-06T12:22:51.9957144Z /usr/bin/tar: ../../../../../usr/local/lib/android/sdk/platforms/android-36-ext18/data/res/values-mcc310-mnc270-hy: Cannot change mode to rwxr-xr-x: Operation not permitted
build	Cache Android SDK	2026-06-06T12:22:51.9959347Z /usr/bin/tar: ../../../../../usr/local/lib/android/sdk/platforms/android-36-ext18/data/res/values-mcc310-mnc200-az: Cannot utime: Operation not permitted
build	Cache Android SDK	2026-06-06T12:22:51.9960301Z /usr/bin/tar: ../../../../../usr/local/lib/android/sdk/platforms/android-36-ext18/data/res/values-mcc310-mnc200-az: Cannot change mode to rwxr-xr-x: Operation not permitted
build	Cache Android SDK	2026-06-06T12:22:51.9962633Z /usr/bin/tar: ../../../../../usr/local/lib/android/sdk/platforms/android-36-ext18/data/res/values-mcc310-mnc220-cs: Cannot utime: Operation not permitted
build	Cache Android SDK	2026-06-06T12:22:51.9963583Z /usr/bin/tar: ../../../../../usr/local/lib/android/sdk/platforms/android-36-ext18/data/res/values-mcc310-mnc220-cs: Cannot change mode to rwxr-xr-x: Operation not permitted
build	Cache Android SDK	2026-06-06T12:22:51.9965817Z /usr/bin/tar: ../../../../../usr/local/lib/android/sdk/platforms/android-36-ext18/data/res/values-w720dp: Cannot utime: Operation not permitted
build	Cache Android SDK	2026-06-06T12:22:51.9966848Z /usr/bin/tar: ../../../../../usr/local/lib/android/sdk/platforms/android-36-ext18/data/res/values-w720dp: Cannot change mode to rwxr-xr-x: Operation not permitted
build	Cache Android SDK	2026-06-06T12:22:51.9968893Z /usr/bin/tar: ../../../../../usr/local/lib/android/sdk/platforms/android-36-ext18/data/res/values-mcc310-mnc200-sw: Cannot utime: Operation not permitted
build	Cache Android SDK	2026-06-06T12:22:51.9969848Z /usr/bin/tar: ../../../../../usr/local/lib/android/sdk/platforms/android-36-ext18/data/res/values-mcc310-mnc200-sw: Cannot change mode to rwxr-xr-x: Operation not permitted
build	Cache Android SDK	2026-06-06T12:22:51.9972072Z /usr/bin/tar: ../../../../../usr/local/lib/android/sdk/platforms/android-36-ext18/data/res/values-mcc310-mnc950-it: Cannot utime: Operation not permitted
build	Cache Android SDK	2026-06-06T12:22:51.9973021Z /usr/bin/tar: ../../../../../usr/local/lib/android/sdk/platforms/android-36-ext18/data/res/values-mcc310-mnc950-it: Cannot change mode to rwxr-xr-x: Operation not permitted
build	Cache Android SDK	2026-06-06T12:22:51.9975127Z /usr/bin/tar: ../../../../../usr/local/lib/android/sdk/platforms/android-36-ext18/data/res/values-mcc312-mnc670-en-rXC: Cannot utime: Operation not permitted
build	Cache Android SDK	2026-06-06T12:22:51.9976204Z /usr/bin/tar: ../../../../../usr/local/lib/android/sdk/platforms/android-36-ext18/data/res/values-mcc312-mnc670-en-rXC: Cannot change mode to rwxr-xr-x: Operation not permitted
build	Cache Android SDK	2026-06-06T12:22:51.9978202Z /usr/bin/tar: ../../../../../usr/local/lib/android/sdk/platforms/android-36-ext18/data/res/values-mcc310-mnc030-ru: Cannot utime: Operation not permitted
build	Cache Android SDK	2026-06-06T12:22:51.9979164Z /usr/bin/tar: ../../../../../usr/local/lib/android/sdk/platforms/android-36-ext18/data/res/values-mcc310-mnc030-ru: Cannot change mode to rwxr-xr-x: Operation not permitted
build	Cache Android SDK	2026-06-06T12:22:51.9981361Z /usr/bin/tar: ../../../../../usr/local/lib/android/sdk/platforms/android-36-ext18/data/res/values-mcc310-mnc950-ko: Cannot utime: Operation not permitted
build	Cache Android SDK	2026-06-06T12:22:51.9984301Z /usr/bin/tar: ../../../../../usr/local/lib/android/sdk/platforms/android-36-ext18/data/res/values-mcc310-mnc950-ko: Cannot change mode to rwxr-xr-x: Operation not permitted
build	Cache Android SDK	2026-06-06T12:22:51.9985254Z /usr/bin/tar: ../../../../../usr/local/lib/android/sdk/platforms/android-36-ext18/data/res/values-mcc310-mnc490-iw: Cannot utime: Operation not permitted
build	Cache Android SDK	2026-06-06T12:22:51.9986247Z /usr/bin/tar: ../../../../../usr/local/lib/android/sdk/platforms/android-36-ext18/data/res/values-mcc310-mnc490-iw: Cannot change mode to rwxr-xr-x: Operation not permitted
build	Cache Android SDK	2026-06-06T12:22:51.9987662Z /usr/bin/tar: ../../../../../usr/local/lib/android/sdk/platforms/android-36-ext18/data/res/values-mcc310-mnc660-uk: Cannot utime: Operation not permitted
build	Cache Android SDK	2026-06-06T12:22:51.9988607Z /usr/bin/tar: ../../../../../usr/local/lib/android/sdk/platforms/android-36-ext18/data/res/values-mcc310-mnc660-uk: Cannot change mode to rwxr-xr-x: Operation not permitted
build	Cache Android SDK	2026-06-06T12:22:51.9991161Z /usr/bin/tar: ../../../../../usr/local/lib/android/sdk/platforms/android-36-ext18/data/res/values-mcc310-mnc030-sv: Cannot utime: Operation not permitted
build	Cache Android SDK	2026-06-06T12:22:51.9992549Z /usr/bin/tar: ../../../../../usr/local/lib/android/sdk/platforms/android-36-ext18/data/res/values-mcc310-mnc030-sv: Cannot change mode to rwxr-xr-x: Operation not permitted
build	Cache Android SDK	2026-06-06T12:22:51.9994268Z /usr/bin/tar: ../../../../../usr/local/lib/android/sdk/platforms/android-36-ext18/data/res/values-w205dp: Cannot utime: Operation not permitted
build	Cache Android SDK	2026-06-06T12:22:51.9995316Z /usr/bin/tar: ../../../../../usr/local/lib/android/sdk/platforms/android-36-ext18/data/res/values-w205dp: Cannot change mode to rwxr-xr-x: Operation not permitted
build	Cache Android SDK	2026-06-06T12:22:51.9997167Z /usr/bin/tar: ../../../../../usr/local/lib/android/sdk/platforms/android-36-ext18/data/res/values-mcc310-mnc490-in: Cannot utime: Operation not permitted
build	Cache Android SDK	2026-06-06T12:22:51.9998573Z /usr/bin/tar: ../../../../../usr/local/lib/android/sdk/platforms/android-36-ext18/data/res/values-mcc310-mnc490-in: Cannot change mode to rwxr-xr-x: Operation not permitted
build	Cache Android SDK	2026-06-06T12:22:52.0000677Z /usr/bin/tar: ../../../../../usr/local/lib/android/sdk/platforms/android-36-ext18/data/res/values-mcc310-mnc220-hi: Cannot utime: Operation not permitted
build	Cache Android SDK	2026-06-06T12:22:52.0002767Z /usr/bin/tar: ../../../../../usr/local/lib/android/sdk/platforms/android-36-ext18/data/res/values-mcc310-mnc220-hi: Cannot change mode to rwxr-xr-x: Operation not permitted
build	Cache Android SDK	2026-06-06T12:22:52.0008237Z /usr/bin/tar: ../../../../../usr/local/lib/android/sdk/platforms/android-36-ext18/data/res/values-de: Cannot utime: Operation not permitted
build	Cache Android SDK	2026-06-06T12:22:52.0009461Z /usr/bin/tar: ../../../../../usr/local/lib/android/sdk/platforms/android-36-ext18/data/res/values-de: Cannot change mode to rwxr-xr-x: Operation not permitted
build	Cache Android SDK	2026-06-06T12:22:52.0011468Z /usr/bin/tar: ../../../../../usr/local/lib/android/sdk/platforms/android-36-ext18/data/res/values-mcc310-mnc250-bs: Cannot utime: Operation not permitted
build	Cache Android SDK	2026-06-06T12:22:52.0012476Z /usr/bin/tar: ../../../../../usr/local/lib/android/sdk/platforms/android-36-ext18/data/res/values-mcc310-mnc250-bs: Cannot change mode to rwxr-xr-x: Operation not permitted
build	Cache Android SDK	2026-06-06T12:22:52.0014243Z /usr/bin/tar: ../../../../../usr/local/lib/android/sdk/platforms/android-36-ext18/data/res/values-mcc310-mnc170-cs: Cannot utime: Operation not permitted
build	Cache Android SDK	2026-06-06T12:22:52.0015392Z /usr/bin/tar: ../../../../../usr/local/lib/android/sdk/platforms/android-36-ext18/data/res/values-mcc310-mnc170-cs: Cannot change mode to rwxr-xr-x: Operation not permitted
build	Cache Android SDK	2026-06-06T12:22:52.0016904Z /usr/bin/tar: ../../../../../usr/local/lib/android/sdk/platforms/android-36-ext18/data/res/values-mcc310-mnc660-es: Cannot utime: Operation not permitted
build	Cache Android SDK	2026-06-06T12:22:52.0017999Z /usr/bin/tar: ../../../../../usr/local/lib/android/sdk/platforms/android-36-ext18/data/res/values-mcc310-mnc660-es: Cannot change mode to rwxr-xr-x: Operation not permitted
build	Cache Android SDK	2026-06-06T12:22:52.0019850Z /usr/bin/tar: ../../../../../usr/local/lib/android/sdk/platforms/android-36-ext18/data/res/values-mcc313-mnc100-sk: Cannot utime: Operation not permitted
build	Cache Android SDK	2026-06-06T12:22:52.0020873Z /usr/bin/tar: ../../../../../usr/local/lib/android/sdk/platforms/android-36-ext18/data/res/values-mcc313-mnc100-sk: Cannot change mode to rwxr-xr-x: Operation not permitted
build	Cache Android SDK	2026-06-06T12:22:52.0023404Z /usr/bin/tar: ../../../../../usr/local/lib/android/sdk/platforms/android-36-ext18/data/res/values-mcc310-mnc310-zh-rHK: Cannot utime: Operation not permitted
build	Cache Android SDK	2026-06-06T12:22:52.0024398Z /usr/bin/tar: ../../../../../usr/local/lib/android/sdk/platforms/android-36-ext18/data/res/values-mcc310-mnc310-zh-rHK: Cannot change mode to rwxr-xr-x: Operation not permitted
build	Cache Android SDK	2026-06-06T12:22:52.0026761Z /usr/bin/tar: ../../../../../usr/local/lib/android/sdk/platforms/android-36-ext18/data/res/values-mcc001-mnc01-pl: Cannot utime: Operation not permitted
build	Cache Android SDK	2026-06-06T12:22:52.0027840Z /usr/bin/tar: ../../../../../usr/local/lib/android/sdk/platforms/android-36-ext18/data/res/values-mcc001-mnc01-pl: Cannot change mode to rwxr-xr-x: Operation not permitted
build	Cache Android SDK	2026-06-06T12:22:52.0030081Z /usr/bin/tar: ../../../../../usr/local/lib/android/sdk/platforms/android-36-ext18/data/res/values-mcc310-mnc250-gu: Cannot utime: Operation not permitted
build	Cache Android SDK	2026-06-06T12:22:52.0031141Z /usr/bin/tar: ../../../../../usr/local/lib/android/sdk/platforms/android-36-ext18/data/res/values-mcc310-mnc250-gu: Cannot change mode to rwxr-xr-x: Operation not permitted
build	Cache Android SDK	2026-06-06T12:22:52.0032899Z /usr/bin/tar: ../../../../../usr/local/lib/android/sdk/platforms/android-36-ext18/data/res/values-mcc311-mnc180-sq: Cannot utime: Operation not permitted
build	Cache Android SDK	2026-06-06T12:22:52.0034008Z /usr/bin/tar: ../../../../../usr/local/lib/android/sdk/platforms/android-36-ext18/data/res/values-mcc311-mnc180-sq: Cannot change mode to rwxr-xr-x: Operation not permitted
build	Cache Android SDK	2026-06-06T12:22:52.0036474Z /usr/bin/tar: ../../../../../usr/local/lib/android/sdk/platforms/android-36-ext18/data/res/values-mcc310-mnc950-zu: Cannot utime: Operation not permitted
build	Cache Android SDK	2026-06-06T12:22:52.0037617Z /usr/bin/tar: ../../../../../usr/local/lib/android/sdk/platforms/android-36-ext18/data/res/values-mcc310-mnc950-zu: Cannot change mode to rwxr-xr-x: Operation not permitted
build	Cache Android SDK	2026-06-06T12:22:52.0039399Z /usr/bin/tar: ../../../../../usr/local/lib/android/sdk/platforms/android-36-ext18/data/res/values-mcc312-mnc670-gl: Cannot utime: Operation not permitted
build	Cache Android SDK	2026-06-06T12:22:52.0040408Z /usr/bin/tar: ../../../../../usr/local/lib/android/sdk/platforms/android-36-ext18/data/res/values-mcc312-mnc670-gl: Cannot change mode to rwxr-xr-x: Operation not permitted
build	Cache Android SDK	2026-06-06T12:22:52.0042567Z /usr/bin/tar: ../../../../../usr/local/lib/android/sdk/platforms/android-36-ext18/data/res/values-mcc313-mnc100-eu: Cannot utime: Operation not permitted
build	Cache Android SDK	2026-06-06T12:22:52.0043530Z /usr/bin/tar: ../../../../../usr/local/lib/android/sdk/platforms/android-36-ext18/data/res/values-mcc313-mnc100-eu: Cannot change mode to rwxr-xr-x: Operation not permitted
build	Cache Android SDK	2026-06-06T12:22:52.0045075Z /usr/bin/tar: ../../../../../usr/local/lib/android/sdk/platforms/android-36-ext18/data/res/values-mcc310-mnc410-pa: Cannot utime: Operation not permitted
build	Cache Android SDK	2026-06-06T12:22:52.0046132Z /usr/bin/tar: ../../../../../usr/local/lib/android/sdk/platforms/android-36-ext18/data/res/values-mcc310-mnc410-pa: Cannot change mode to rwxr-xr-x: Operation not permitted
build	Cache Android SDK	2026-06-06T12:22:52.0051648Z /usr/bin/tar: ../../../../../usr/local/lib/android/sdk/platforms/android-36-ext18/data/res/values-pt-rBR: Cannot utime: Operation not permitted
build	Cache Android SDK	2026-06-06T12:22:52.0052561Z /usr/bin/tar: ../../../../../usr/local/lib/android/sdk/platforms/android-36-ext18/data/res/values-pt-rBR: Cannot change mode to rwxr-xr-x: Operation not permitted
build	Cache Android SDK	2026-06-06T12:22:52.0054172Z /usr/bin/tar: ../../../../../usr/local/lib/android/sdk/platforms/android-36-ext18/data/res/values-mcc310-mnc410-pt-rPT: Cannot utime: Operation not permitted
build	Cache Android SDK	2026-06-06T12:22:52.0055154Z /usr/bin/tar: ../../../../../usr/local/lib/android/sdk/platforms/android-36-ext18/data/res/values-mcc310-mnc410-pt-rPT: Cannot change mode to rwxr-xr-x: Operation not permitted
build	Cache Android SDK	2026-06-06T12:22:52.0057571Z /usr/bin/tar: ../../../../../usr/local/lib/android/sdk/platforms/android-36-ext18/data/res/values-mcc310-mnc380-pt-rBR: Cannot utime: Operation not permitted
build	Cache Android SDK	2026-06-06T12:22:52.0058597Z /usr/bin/tar: ../../../../../usr/local/lib/android/sdk/platforms/android-36-ext18/data/res/values-mcc310-mnc380-pt-rBR: Cannot change mode to rwxr-xr-x: Operation not permitted
build	Cache Android SDK	2026-06-06T12:22:52.0060305Z /usr/bin/tar: ../../../../../usr/local/lib/android/sdk/platforms/android-36-ext18/data/res/values-mcc310-mnc560-pl: Cannot utime: Operation not permitted
build	Cache Android SDK	2026-06-06T12:22:52.0062059Z /usr/bin/tar: ../../../../../usr/local/lib/android/sdk/platforms/android-36-ext18/data/res/values-mcc310-mnc560-pl: Cannot change mode to rwxr-xr-x: Operation not permitted
build	Cache Android SDK	2026-06-06T12:22:52.0063811Z /usr/bin/tar: ../../../../../usr/local/lib/android/sdk/platforms/android-36-ext18/data/res/values-mcc310-mnc200-fa: Cannot utime: Operation not permitted
build	Cache Android SDK	2026-06-06T12:22:52.0065390Z /usr/bin/tar: ../../../../../usr/local/lib/android/sdk/platforms/android-36-ext18/data/res/values-mcc310-mnc200-fa: Cannot change mode to rwxr-xr-x: Operation not permitted
build	Cache Android SDK	2026-06-06T12:22:52.0066802Z /usr/bin/tar: ../../../../../usr/local/lib/android/sdk/platforms/android-36-ext18/data/res/values-mcc310-mnc280-my: Cannot utime: Operation not permitted
build	Cache Android SDK	2026-06-06T12:22:52.0067878Z /usr/bin/tar: ../../../../../usr/local/lib/android/sdk/platforms/android-36-ext18/data/res/values-mcc310-mnc280-my: Cannot change mode to rwxr-xr-x: Operation not permitted
build	Cache Android SDK	2026-06-06T12:22:52.0069488Z /usr/bin/tar: ../../../../../usr/local/lib/android/sdk/platforms/android-36-ext18/data/res/values-mcc313-mnc100-en-rXC: Cannot utime: Operation not permitted
build	Cache Android SDK	2026-06-06T12:22:52.0070457Z /usr/bin/tar: ../../../../../usr/local/lib/android/sdk/platforms/android-36-ext18/data/res/values-mcc313-mnc100-en-rXC: Cannot change mode to rwxr-xr-x: Operation not permitted
build	Cache Android SDK	2026-06-06T12:22:52.0072130Z /usr/bin/tar: ../../../../../usr/local/lib/android/sdk/platforms/android-36-ext18/data/res/values-mcc001-mnc01-zu: Cannot utime: Operation not permitted
build	Cache Android SDK	2026-06-06T12:22:52.0073106Z /usr/bin/tar: ../../../../../usr/local/lib/android/sdk/platforms/android-36-ext18/data/res/values-mcc001-mnc01-zu: Cannot change mode to rwxr-xr-x: Operation not permitted
build	Cache Android SDK	2026-06-06T12:22:52.0074830Z /usr/bin/tar: ../../../../../usr/local/lib/android/sdk/platforms/android-36-ext18/data/res/values-mcc310-mnc560-tr: Cannot utime: Operation not permitted
build	Cache Android SDK	2026-06-06T12:22:52.0075789Z /usr/bin/tar: ../../../../../usr/local/lib/android/sdk/platforms/android-36-ext18/data/res/values-mcc310-mnc560-tr: Cannot change mode to rwxr-xr-x: Operation not permitted
build	Cache Android SDK	2026-06-06T12:22:52.0078128Z /usr/bin/tar: ../../../../../usr/local/lib/android/sdk/platforms/android-36-ext18/data/res/values-kk-television: Cannot utime: Operation not permitted
build	Cache Android SDK	2026-06-06T12:22:52.0079072Z /usr/bin/tar: ../../../../../usr/local/lib/android/sdk/platforms/android-36-ext18/data/res/values-kk-television: Cannot change mode to rwxr-xr-x: Operation not permitted
build	Cache Android SDK	2026-06-06T12:22:52.0080623Z /usr/bin/tar: ../../../../../usr/local/lib/android/sdk/platforms/android-36-ext18/data/res/values-mcc310-mnc250-pl: Cannot utime: Operation not permitted
build	Cache Android SDK	2026-06-06T12:22:52.0081668Z /usr/bin/tar: ../../../../../usr/local/lib/android/sdk/platforms/android-36-ext18/data/res/values-mcc310-mnc250-pl: Cannot change mode to rwxr-xr-x: Operation not permitted
build	Cache Android SDK	2026-06-06T12:22:52.0629820Z /usr/bin/tar: ../../../../../usr/local/lib/android/sdk/platforms/android-36-ext18/data/res/drawable-xhdpi: Cannot utime: Operation not permitted
build	Cache Android SDK	2026-06-06T12:22:52.0631000Z /usr/bin/tar: ../../../../../usr/local/lib/android/sdk/platforms/android-36-ext18/data/res/drawable-xhdpi: Cannot change mode to rwxr-xr-x: Operation not permitted
build	Cache Android SDK	2026-06-06T12:22:52.0632872Z /usr/bin/tar: ../../../../../usr/local/lib/android/sdk/platforms/android-36-ext18/data/res/values-mcc310-mnc410-ml: Cannot utime: Operation not permitted
build	Cache Android SDK	2026-06-06T12:22:52.0633865Z /usr/bin/tar: ../../../../../usr/local/lib/android/sdk/platforms/android-36-ext18/data/res/values-mcc310-mnc410-ml: Cannot change mode to rwxr-xr-x: Operation not permitted
build	Cache Android SDK	2026-06-06T12:22:52.0636132Z /usr/bin/tar: ../../../../../usr/local/lib/android/sdk/platforms/android-36-ext18/data/res/values-mcc466-mnc92: Cannot utime: Operation not permitted
build	Cache Android SDK	2026-06-06T12:22:52.0637194Z /usr/bin/tar: ../../../../../usr/local/lib/android/sdk/platforms/android-36-ext18/data/res/values-mcc466-mnc92: Cannot change mode to rwxr-xr-x: Operation not permitted
build	Cache Android SDK	2026-06-06T12:22:52.0639460Z /usr/bin/tar: ../../../../../usr/local/lib/android/sdk/platforms/android-36-ext18/data/res/values-mcc310-mnc210-sl: Cannot utime: Operation not permitted
build	Cache Android SDK	2026-06-06T12:22:52.0640402Z /usr/bin/tar: ../../../../../usr/local/lib/android/sdk/platforms/android-36-ext18/data/res/values-mcc310-mnc210-sl: Cannot change mode to rwxr-xr-x: Operation not permitted
build	Cache Android SDK	2026-06-06T12:22:52.0642974Z /usr/bin/tar: ../../../../../usr/local/lib/android/sdk/platforms/android-36-ext18/data/res/values-as-television: Cannot utime: Operation not permitted
build	Cache Android SDK	2026-06-06T12:22:52.0644050Z /usr/bin/tar: ../../../../../usr/local/lib/android/sdk/platforms/android-36-ext18/data/res/values-as-television: Cannot change mode to rwxr-xr-x: Operation not permitted
build	Cache Android SDK	2026-06-06T12:22:52.0646699Z /usr/bin/tar: ../../../../../usr/local/lib/android/sdk/platforms/android-36-ext18/data/res/values-mcc310-mnc380-sq: Cannot utime: Operation not permitted
build	Cache Android SDK	2026-06-06T12:22:52.0648006Z /usr/bin/tar: ../../../../../usr/local/lib/android/sdk/platforms/android-36-ext18/data/res/values-mcc310-mnc380-sq: Cannot change mode to rwxr-xr-x: Operation not permitted
build	Cache Android SDK	2026-06-06T12:22:52.0649815Z /usr/bin/tar: ../../../../../usr/local/lib/android/sdk/platforms/android-36-ext18/data/res/values-it-feminine: Cannot utime: Operation not permitted
build	Cache Android SDK	2026-06-06T12:22:52.0650773Z /usr/bin/tar: ../../../../../usr/local/lib/android/sdk/platforms/android-36-ext18/data/res/values-it-feminine: Cannot change mode to rwxr-xr-x: Operation not permitted
build	Cache Android SDK	2026-06-06T12:22:52.0653888Z /usr/bin/tar: ../../../../../usr/local/lib/android/sdk/platforms/android-36-ext18/data/res/values-en-rIE: Cannot utime: Operation not permitted
build	Cache Android SDK	2026-06-06T12:22:52.0654819Z /usr/bin/tar: ../../../../../usr/local/lib/android/sdk/platforms/android-36-ext18/data/res/values-en-rIE: Cannot change mode to rwxr-xr-x: Operation not permitted
build	Cache Android SDK	2026-06-06T12:22:52.0656838Z /usr/bin/tar: ../../../../../usr/local/lib/android/sdk/platforms/android-36-ext18/data/res/values-mcc310-mnc250-zu: Cannot utime: Operation not permitted
build	Cache Android SDK	2026-06-06T12:22:52.0658110Z /usr/bin/tar: ../../../../../usr/local/lib/android/sdk/platforms/android-36-ext18/data/res/values-mcc310-mnc250-zu: Cannot change mode to rwxr-xr-x: Operation not permitted
build	Cache Android SDK	2026-06-06T12:22:52.0660561Z /usr/bin/tar: ../../../../../usr/local/lib/android/sdk/platforms/android-36-ext18/data/res/values-mcc310-mnc410-lo: Cannot utime: Operation not permitted
build	Cache Android SDK	2026-06-06T12:22:52.0661528Z /usr/bin/tar: ../../../../../usr/local/lib/android/sdk/platforms/android-36-ext18/data/res/values-mcc310-mnc410-lo: Cannot change mode to rwxr-xr-x: Operation not permitted
build	Cache Android SDK	2026-06-06T12:22:52.0663505Z /usr/bin/tar: ../../../../../usr/local/lib/android/sdk/platforms/android-36-ext18/data/res/values-kk-watch: Cannot utime: Operation not permitted
build	Cache Android SDK	2026-06-06T12:22:52.0664501Z /usr/bin/tar: ../../../../../usr/local/lib/android/sdk/platforms/android-36-ext18/data/res/values-kk-watch: Cannot change mode to rwxr-xr-x: Operation not permitted
build	Cache Android SDK	2026-06-06T12:22:52.0666969Z /usr/bin/tar: ../../../../../usr/local/lib/android/sdk/platforms/android-36-ext18/data/res/values-mcc432: Cannot utime: Operation not permitted
build	Cache Android SDK	2026-06-06T12:22:52.0668193Z /usr/bin/tar: ../../../../../usr/local/lib/android/sdk/platforms/android-36-ext18/data/res/values-mcc432: Cannot change mode to rwxr-xr-x: Operation not permitted
build	Cache Android SDK	2026-06-06T12:22:52.0670083Z /usr/bin/tar: ../../../../../usr/local/lib/android/sdk/platforms/android-36-ext18/data/res/values-mcc310-mnc380-ne: Cannot utime: Operation not permitted
build	Cache Android SDK	2026-06-06T12:22:52.0671042Z /usr/bin/tar: ../../../../../usr/local/lib/android/sdk/platforms/android-36-ext18/data/res/values-mcc310-mnc380-ne: Cannot change mode to rwxr-xr-x: Operation not permitted
build	Cache Android SDK	2026-06-06T12:22:52.0673812Z /usr/bin/tar: ../../../../../usr/local/lib/android/sdk/platforms/android-36-ext18/data/res/values-mcc001-mnc01-uz: Cannot utime: Operation not permitted
build	Cache Android SDK	2026-06-06T12:22:52.0675127Z /usr/bin/tar: ../../../../../usr/local/lib/android/sdk/platforms/android-36-ext18/data/res/values-mcc001-mnc01-uz: Cannot change mode to rwxr-xr-x: Operation not permitted
build	Cache Android SDK	2026-06-06T12:22:52.0677018Z /usr/bin/tar: ../../../../../usr/local/lib/android/sdk/platforms/android-36-ext18/data/res/values-mcc312-mnc670-it: Cannot utime: Operation not permitted
build	Cache Android SDK	2026-06-06T12:22:52.0678909Z /usr/bin/tar: ../../../../../usr/local/lib/android/sdk/platforms/android-36-ext18/data/res/values-mcc312-mnc670-it: Cannot change mode to rwxr-xr-x: Operation not permitted
build	Cache Android SDK	2026-06-06T12:22:52.0680374Z /usr/bin/tar: ../../../../../usr/local/lib/android/sdk/platforms/android-36-ext18/data/res/values-mcc722-mnc07: Cannot utime: Operation not permitted
build	Cache Android SDK	2026-06-06T12:22:52.0681406Z /usr/bin/tar: ../../../../../usr/local/lib/android/sdk/platforms/android-36-ext18/data/res/values-mcc722-mnc07: Cannot change mode to rwxr-xr-x: Operation not permitted
build	Cache Android SDK	2026-06-06T12:22:52.0683327Z /usr/bin/tar: ../../../../../usr/local/lib/android/sdk/platforms/android-36-ext18/data/res/values-mcc310-mnc310-eu: Cannot utime: Operation not permitted
build	Cache Android SDK	2026-06-06T12:22:52.0684291Z /usr/bin/tar: ../../../../../usr/local/lib/android/sdk/platforms/android-36-ext18/data/res/values-mcc310-mnc310-eu: Cannot change mode to rwxr-xr-x: Operation not permitted
build	Cache Android SDK	2026-06-06T12:22:52.0686638Z /usr/bin/tar: ../../../../../usr/local/lib/android/sdk/platforms/android-36-ext18/data/res/values-mcc235-mnc94: Cannot utime: Operation not permitted
build	Cache Android SDK	2026-06-06T12:22:52.0687102Z /usr/bin/tar: ../../../../../usr/local/lib/android/sdk/platforms/android-36-ext18/data/res/values-mcc235-mnc94: Cannot change mode to rwxr-xr-x: Operation not permitted
build	Cache Android SDK	2026-06-06T12:22:52.0689720Z /usr/bin/tar: ../../../../../usr/local/lib/android/sdk/platforms/android-36-ext18/data/res/values-mcc311-mnc180-sk: Cannot utime: Operation not permitted
build	Cache Android SDK	2026-06-06T12:22:52.0690264Z /usr/bin/tar: ../../../../../usr/local/lib/android/sdk/platforms/android-36-ext18/data/res/values-mcc311-mnc180-sk: Cannot change mode to rwxr-xr-x: Operation not permitted
build	Cache Android SDK	2026-06-06T12:22:52.0692572Z /usr/bin/tar: ../../../../../usr/local/lib/android/sdk/platforms/android-36-ext18/data/res/values-mcc310-mnc170-es: Cannot utime: Operation not permitted
build	Cache Android SDK	2026-06-06T12:22:52.0693166Z /usr/bin/tar: ../../../../../usr/local/lib/android/sdk/platforms/android-36-ext18/data/res/values-mcc310-mnc170-es: Cannot change mode to rwxr-xr-x: Operation not permitted
build	Cache Android SDK	2026-06-06T12:22:52.0695476Z /usr/bin/tar: ../../../../../usr/local/lib/android/sdk/platforms/android-36-ext18/data/res/values-mcc310-mnc240-my: Cannot utime: Operation not permitted
build	Cache Android SDK	2026-06-06T12:22:52.0696035Z /usr/bin/tar: ../../../../../usr/local/lib/android/sdk/platforms/android-36-ext18/data/res/values-mcc310-mnc240-my: Cannot change mode to rwxr-xr-x: Operation not permitted
build	Cache Android SDK	2026-06-06T12:22:52.0700096Z /usr/bin/tar: ../../../../../usr/local/lib/android/sdk/platforms/android-36-ext18/data/res/values-am-television: Cannot utime: Operation not permitted
build	Cache Android SDK	2026-06-06T12:22:52.0700656Z /usr/bin/tar: ../../../../../usr/local/lib/android/sdk/platforms/android-36-ext18/data/res/values-am-television: Cannot change mode to rwxr-xr-x: Operation not permitted
build	Cache Android SDK	2026-06-06T12:22:52.0703336Z /usr/bin/tar: ../../../../../usr/local/lib/android/sdk/platforms/android-36-ext18/data/res/values-mcc302-mnc370-in: Cannot utime: Operation not permitted
build	Cache Android SDK	2026-06-06T12:22:52.0703806Z /usr/bin/tar: ../../../../../usr/local/lib/android/sdk/platforms/android-36-ext18/data/res/values-mcc302-mnc370-in: Cannot change mode to rwxr-xr-x: Operation not permitted
build	Cache Android SDK	2026-06-06T12:22:52.0706291Z /usr/bin/tar: ../../../../../usr/local/lib/android/sdk/platforms/android-36-ext18/data/res/values-mcc310-mnc270-ml: Cannot utime: Operation not permitted
build	Cache Android SDK	2026-06-06T12:22:52.0706753Z /usr/bin/tar: ../../../../../usr/local/lib/android/sdk/platforms/android-36-ext18/data/res/values-mcc310-mnc270-ml: Cannot change mode to rwxr-xr-x: Operation not permitted
build	Cache Android SDK	2026-06-06T12:22:52.0709580Z /usr/bin/tar: ../../../../../usr/local/lib/android/sdk/platforms/android-36-ext18/data/res/values-mcc302-mnc370-ru: Cannot utime: Operation not permitted
build	Cache Android SDK	2026-06-06T12:22:52.0710099Z /usr/bin/tar: ../../../../../usr/local/lib/android/sdk/platforms/android-36-ext18/data/res/values-mcc302-mnc370-ru: Cannot change mode to rwxr-xr-x: Operation not permitted
build	Cache Android SDK	2026-06-06T12:22:52.0716680Z /usr/bin/tar: ../../../../../usr/local/lib/android/sdk/platforms/android-36-ext18/data/res/values-mcc310-mnc950-ro: Cannot utime: Operation not permitted
build	Cache Android SDK	2026-06-06T12:22:52.0717151Z /usr/bin/tar: ../../../../../usr/local/lib/android/sdk/platforms/android-36-ext18/data/res/values-mcc310-mnc950-ro: Cannot change mode to rwxr-xr-x: Operation not permitted
build	Cache Android SDK	2026-06-06T12:22:52.0721591Z /usr/bin/tar: ../../../../../usr/local/lib/android/sdk/platforms/android-36-ext18/data/res/values-te-watch: Cannot utime: Operation not permitted
build	Cache Android SDK	2026-06-06T12:22:52.0722057Z /usr/bin/tar: ../../../../../usr/local/lib/android/sdk/platforms/android-36-ext18/data/res/values-te-watch: Cannot change mode to rwxr-xr-x: Operation not permitted
build	Cache Android SDK	2026-06-06T12:22:52.0724561Z /usr/bin/tar: ../../../../../usr/local/lib/android/sdk/platforms/android-36-ext18/data/res/values-mcc310-mnc410-pl: Cannot utime: Operation not permitted
build	Cache Android SDK	2026-06-06T12:22:52.0725038Z /usr/bin/tar: ../../../../../usr/local/lib/android/sdk/platforms/android-36-ext18/data/res/values-mcc310-mnc410-pl: Cannot change mode to rwxr-xr-x: Operation not permitted
build	Cache Android SDK	2026-06-06T12:22:52.0734003Z /usr/bin/tar: ../../../../../usr/local/lib/android/sdk/platforms/android-36-ext18/data/res/values-mcc310-mnc220-is: Cannot utime: Operation not permitted
build	Cache Android SDK	2026-06-06T12:22:52.0735002Z /usr/bin/tar: ../../../../../usr/local/lib/android/sdk/platforms/android-36-ext18/data/res/values-mcc310-mnc220-is: Cannot change mode to rwxr-xr-x: Operation not permitted
build	Cache Android SDK	2026-06-06T12:22:52.0738645Z /usr/bin/tar: ../../../../../usr/local/lib/android/sdk/platforms/android-36-ext18/data/res/values-mcc310-mnc170-nl: Cannot utime: Operation not permitted
build	Cache Android SDK	2026-06-06T12:22:52.0739586Z /usr/bin/tar: ../../../../../usr/local/lib/android/sdk/platforms/android-36-ext18/data/res/values-mcc310-mnc170-nl: Cannot change mode to rwxr-xr-x: Operation not permitted
build	Cache Android SDK	2026-06-06T12:22:52.0743844Z /usr/bin/tar: ../../../../../usr/local/lib/android/sdk/platforms/android-36-ext18/data/res/values-mcc310-mnc380-el: Cannot utime: Operation not permitted
build	Cache Android SDK	2026-06-06T12:22:52.0744757Z /usr/bin/tar: ../../../../../usr/local/lib/android/sdk/platforms/android-36-ext18/data/res/values-mcc310-mnc380-el: Cannot change mode to rwxr-xr-x: Operation not permitted
build	Cache Android SDK	2026-06-06T12:22:52.0747888Z /usr/bin/tar: ../../../../../usr/local/lib/android/sdk/platforms/android-36-ext18/data/res/values-mcc334-mnc020-lt: Cannot utime: Operation not permitted
build	Cache Android SDK	2026-06-06T12:22:52.0748958Z /usr/bin/tar: ../../../../../usr/local/lib/android/sdk/platforms/android-36-ext18/data/res/values-mcc334-mnc020-lt: Cannot change mode to rwxr-xr-x: Operation not permitted
build	Cache Android SDK	2026-06-06T12:22:52.0751560Z /usr/bin/tar: ../../../../../usr/local/lib/android/sdk/platforms/android-36-ext18/data/res/values-mcc302-mnc370-si: Cannot utime: Operation not permitted
build	Cache Android SDK	2026-06-06T12:22:52.0752481Z /usr/bin/tar: ../../../../../usr/local/lib/android/sdk/platforms/android-36-ext18/data/res/values-mcc302-mnc370-si: Cannot change mode to rwxr-xr-x: Operation not permitted
build	Cache Android SDK	2026-06-06T12:22:52.0758398Z /usr/bin/tar: ../../../../../usr/local/lib/android/sdk/platforms/android-36-ext18/data/res/drawable-land-xhdpi: Cannot utime: Operation not permitted
build	Cache Android SDK	2026-06-06T12:22:52.0759410Z /usr/bin/tar: ../../../../../usr/local/lib/android/sdk/platforms/android-36-ext18/data/res/drawable-land-xhdpi: Cannot change mode to rwxr-xr-x: Operation not permitted
build	Cache Android SDK	2026-06-06T12:22:52.0762161Z /usr/bin/tar: ../../../../../usr/local/lib/android/sdk/platforms/android-36-ext18/data/res/values-mcc310-mnc560-ko: Cannot utime: Operation not permitted
build	Cache Android SDK	2026-06-06T12:22:52.0763086Z /usr/bin/tar: ../../../../../usr/local/lib/android/sdk/platforms/android-36-ext18/data/res/values-mcc310-mnc560-ko: Cannot change mode to rwxr-xr-x: Operation not permitted
build	Cache Android SDK	2026-06-06T12:22:52.0765658Z /usr/bin/tar: ../../../../../usr/local/lib/android/sdk/platforms/android-36-ext18/data/res/values-ms-rMY: Cannot utime: Operation not permitted
build	Cache Android SDK	2026-06-06T12:22:52.0766557Z /usr/bin/tar: ../../../../../usr/local/lib/android/sdk/platforms/android-36-ext18/data/res/values-ms-rMY: Cannot change mode to rwxr-xr-x: Operation not permitted
build	Cache Android SDK	2026-06-06T12:22:52.0770219Z /usr/bin/tar: ../../../../../usr/local/lib/android/sdk/platforms/android-36-ext18/data/res/values-mcc310-mnc230-de: Cannot utime: Operation not permitted
build	Cache Android SDK	2026-06-06T12:22:52.0771162Z /usr/bin/tar: ../../../../../usr/local/lib/android/sdk/platforms/android-36-ext18/data/res/values-mcc310-mnc230-de: Cannot change mode to rwxr-xr-x: Operation not permitted
build	Cache Android SDK	2026-06-06T12:22:52.0773820Z /usr/bin/tar: ../../../../../usr/local/lib/android/sdk/platforms/android-36-ext18/data/res/values-mcc310-mnc280-zu: Cannot utime: Operation not permitted
build	Cache Android SDK	2026-06-06T12:22:52.0774730Z /usr/bin/tar: ../../../../../usr/local/lib/android/sdk/platforms/android-36-ext18/data/res/values-mcc310-mnc280-zu: Cannot change mode to rwxr-xr-x: Operation not permitted
build	Cache Android SDK	2026-06-06T12:22:52.0778033Z /usr/bin/tar: ../../../../../usr/local/lib/android/sdk/platforms/android-36-ext18/data/res/values-mcc310-mnc230-tl: Cannot utime: Operation not permitted
build	Cache Android SDK	2026-06-06T12:22:52.0778919Z /usr/bin/tar: ../../../../../usr/local/lib/android/sdk/platforms/android-36-ext18/data/res/values-mcc310-mnc230-tl: Cannot change mode to rwxr-xr-x: Operation not permitted
build	Cache Android SDK	2026-06-06T12:22:52.0781595Z /usr/bin/tar: ../../../../../usr/local/lib/android/sdk/platforms/android-36-ext18/data/res/values-mcc310-mnc280-bs: Cannot utime: Operation not permitted
build	Cache Android SDK	2026-06-06T12:22:52.0782599Z /usr/bin/tar: ../../../../../usr/local/lib/android/sdk/platforms/android-36-ext18/data/res/values-mcc310-mnc280-bs: Cannot change mode to rwxr-xr-x: Operation not permitted
build	Cache Android SDK	2026-06-06T12:22:52.0785128Z /usr/bin/tar: ../../../../../usr/local/lib/android/sdk/platforms/android-36-ext18/data/res/values-mcc310-mnc230-af: Cannot utime: Operation not permitted
build	Cache Android SDK	2026-06-06T12:22:52.0786041Z /usr/bin/tar: ../../../../../usr/local/lib/android/sdk/platforms/android-36-ext18/data/res/values-mcc310-mnc230-af: Cannot change mode to rwxr-xr-x: Operation not permitted
build	Cache Android SDK	2026-06-06T12:22:52.0788861Z /usr/bin/tar: ../../../../../usr/local/lib/android/sdk/platforms/android-36-ext18/data/res/values-mcc310-mnc160-mk: Cannot utime: Operation not permitted
build	Cache Android SDK	2026-06-06T12:22:52.0789819Z /usr/bin/tar: ../../../../../usr/local/lib/android/sdk/platforms/android-36-ext18/data/res/values-mcc310-mnc160-mk: Cannot change mode to rwxr-xr-x: Operation not permitted
build	Cache Android SDK	2026-06-06T12:22:52.0792245Z /usr/bin/tar: ../../../../../usr/local/lib/android/sdk/platforms/android-36-ext18/data/res/values-mcc312-mnc670-bg: Cannot utime: Operation not permitted
build	Cache Android SDK	2026-06-06T12:22:52.0793358Z /usr/bin/tar: ../../../../../usr/local/lib/android/sdk/platforms/android-36-ext18/data/res/values-mcc312-mnc670-bg: Cannot change mode to rwxr-xr-x: Operation not permitted
build	Cache Android SDK	2026-06-06T12:22:52.0795881Z /usr/bin/tar: ../../../../../usr/local/lib/android/sdk/platforms/android-36-ext18/data/res/values-mcc312-mnc670-pa: Cannot utime: Operation not permitted
build	Cache Android SDK	2026-06-06T12:22:52.0796810Z /usr/bin/tar: ../../../../../usr/local/lib/android/sdk/platforms/android-36-ext18/data/res/values-mcc312-mnc670-pa: Cannot change mode to rwxr-xr-x: Operation not permitted
build	Cache Android SDK	2026-06-06T12:22:52.0800211Z /usr/bin/tar: ../../../../../usr/local/lib/android/sdk/platforms/android-36-ext18/data/res/values-w192dp: Cannot utime: Operation not permitted
build	Cache Android SDK	2026-06-06T12:22:52.0805092Z /usr/bin/tar: ../../../../../usr/local/lib/android/sdk/platforms/android-36-ext18/data/res/values-w192dp: Cannot change mode to rwxr-xr-x: Operation not permitted
build	Cache Android SDK	2026-06-06T12:22:52.0805820Z /usr/bin/tar: ../../../../../usr/local/lib/android/sdk/platforms/android-36-ext18/data/res/values-mcc310-mnc170-my: Cannot utime: Operation not permitted
build	Cache Android SDK	2026-06-06T12:22:52.0806896Z /usr/bin/tar: ../../../../../usr/local/lib/android/sdk/platforms/android-36-ext18/data/res/values-mcc310-mnc170-my: Cannot change mode to rwxr-xr-x: Operation not permitted
build	Cache Android SDK	2026-06-06T12:22:52.0807840Z /usr/bin/tar: ../../../../../usr/local/lib/android/sdk/platforms/android-36-ext18/data/res/values-sw720dp-land: Cannot utime: Operation not permitted
build	Cache Android SDK	2026-06-06T12:22:52.0808511Z /usr/bin/tar: ../../../../../usr/local/lib/android/sdk/platforms/android-36-ext18/data/res/values-sw720dp-land: Cannot change mode to rwxr-xr-x: Operation not permitted
build	Cache Android SDK	2026-06-06T12:22:52.0811799Z /usr/bin/tar: ../../../../../usr/local/lib/android/sdk/platforms/android-36-ext18/data/res/values-mcc310-mnc200-en-rAU: Cannot utime: Operation not permitted
build	Cache Android SDK	2026-06-06T12:22:52.0812724Z /usr/bin/tar: ../../../../../usr/local/lib/android/sdk/platforms/android-36-ext18/data/res/values-mcc310-mnc200-en-rAU: Cannot change mode to rwxr-xr-x: Operation not permitted
build	Cache Android SDK	2026-06-06T12:22:52.0815312Z /usr/bin/tar: ../../../../../usr/local/lib/android/sdk/platforms/android-36-ext18/data/res/values-mcc312-mnc670-pl: Cannot utime: Operation not permitted
build	Cache Android SDK	2026-06-06T12:22:52.0816231Z /usr/bin/tar: ../../../../../usr/local/lib/android/sdk/platforms/android-36-ext18/data/res/values-mcc312-mnc670-pl: Cannot change mode to rwxr-xr-x: Operation not permitted
build	Cache Android SDK	2026-06-06T12:22:52.0819576Z /usr/bin/tar: ../../../../../usr/local/lib/android/sdk/platforms/android-36-ext18/data/res/values-mcc310-mnc120: Cannot utime: Operation not permitted
build	Cache Android SDK	2026-06-06T12:22:52.0820521Z /usr/bin/tar: ../../../../../usr/local/lib/android/sdk/platforms/android-36-ext18/data/res/values-mcc310-mnc120: Cannot change mode to rwxr-xr-x: Operation not permitted
build	Cache Android SDK	2026-06-06T12:22:52.0823373Z /usr/bin/tar: ../../../../../usr/local/lib/android/sdk/platforms/android-36-ext18/data/res/values-mcc310-mnc950-b+sr+Latn: Cannot utime: Operation not permitted
build	Cache Android SDK	2026-06-06T12:22:52.0824317Z /usr/bin/tar: ../../../../../usr/local/lib/android/sdk/platforms/android-36-ext18/data/res/values-mcc310-mnc950-b+sr+Latn: Cannot change mode to rwxr-xr-x: Operation not permitted
build	Cache Android SDK	2026-06-06T12:22:52.0827123Z /usr/bin/tar: ../../../../../usr/local/lib/android/sdk/platforms/android-36-ext18/data/res/values-mcc310-mnc490-ne: Cannot utime: Operation not permitted
build	Cache Android SDK	2026-06-06T12:22:52.0828273Z /usr/bin/tar: ../../../../../usr/local/lib/android/sdk/platforms/android-36-ext18/data/res/values-mcc310-mnc490-ne: Cannot change mode to rwxr-xr-x: Operation not permitted
build	Cache Android SDK	2026-06-06T12:22:52.0830741Z /usr/bin/tar: ../../../../../usr/local/lib/android/sdk/platforms/android-36-ext18/data/res/values-mcc310-mnc230: Cannot utime: Operation not permitted
build	Cache Android SDK	2026-06-06T12:22:52.0831667Z /usr/bin/tar: ../../../../../usr/local/lib/android/sdk/platforms/android-36-ext18/data/res/values-mcc310-mnc230: Cannot change mode to rwxr-xr-x: Operation not permitted
build	Cache Android SDK	2026-06-06T12:22:52.0834511Z /usr/bin/tar: ../../../../../usr/local/lib/android/sdk/platforms/android-36-ext18/data/res/values-mcc310-mnc230-am: Cannot utime: Operation not permitted
build	Cache Android SDK	2026-06-06T12:22:52.0835522Z /usr/bin/tar: ../../../../../usr/local/lib/android/sdk/platforms/android-36-ext18/data/res/values-mcc310-mnc230-am: Cannot change mode to rwxr-xr-x: Operation not permitted
build	Cache Android SDK	2026-06-06T12:22:52.0838674Z /usr/bin/tar: ../../../../../usr/local/lib/android/sdk/platforms/android-36-ext18/data/res/raw-zh-rTW: Cannot utime: Operation not permitted
build	Cache Android SDK	2026-06-06T12:22:52.0839548Z /usr/bin/tar: ../../../../../usr/local/lib/android/sdk/platforms/android-36-ext18/data/res/raw-zh-rTW: Cannot change mode to rwxr-xr-x: Operation not permitted
build	Cache Android SDK	2026-06-06T12:22:52.0842883Z /usr/bin/tar: ../../../../../usr/local/lib/android/sdk/platforms/android-36-ext18/data/res/values-mcc310-mnc160-sv: Cannot utime: Operation not permitted
build	Cache Android SDK	2026-06-06T12:22:52.0843804Z /usr/bin/tar: ../../../../../usr/local/lib/android/sdk/platforms/android-36-ext18/data/res/values-mcc310-mnc160-sv: Cannot change mode to rwxr-xr-x: Operation not permitted
build	Cache Android SDK	2026-06-06T12:22:52.0846619Z /usr/bin/tar: ../../../../../usr/local/lib/android/sdk/platforms/android-36-ext18/data/res/values-mcc001-mnc01-et: Cannot utime: Operation not permitted
build	Cache Android SDK	2026-06-06T12:22:52.0847696Z /usr/bin/tar: ../../../../../usr/local/lib/android/sdk/platforms/android-36-ext18/data/res/values-mcc001-mnc01-et: Cannot change mode to rwxr-xr-x: Operation not permitted
build	Cache Android SDK	2026-06-06T12:22:52.0850066Z /usr/bin/tar: ../../../../../usr/local/lib/android/sdk/platforms/android-36-ext18/data/res/values-es-rGT: Cannot utime: Operation not permitted
build	Cache Android SDK	2026-06-06T12:22:52.0850961Z /usr/bin/tar: ../../../../../usr/local/lib/android/sdk/platforms/android-36-ext18/data/res/values-es-rGT: Cannot change mode to rwxr-xr-x: Operation not permitted
build	Cache Android SDK	2026-06-06T12:22:52.0853796Z /usr/bin/tar: ../../../../../usr/local/lib/android/sdk/platforms/android-36-ext18/data/res/values-mcc310-mnc030-en-rIN: Cannot utime: Operation not permitted
build	Cache Android SDK	2026-06-06T12:22:52.0854738Z /usr/bin/tar: ../../../../../usr/local/lib/android/sdk/platforms/android-36-ext18/data/res/values-mcc310-mnc030-en-rIN: Cannot change mode to rwxr-xr-x: Operation not permitted
build	Cache Android SDK	2026-06-06T12:22:52.0857859Z /usr/bin/tar: ../../../../../usr/local/lib/android/sdk/platforms/android-36-ext18/data/res/values-mcc311-mnc180-el: Cannot utime: Operation not permitted
build	Cache Android SDK	2026-06-06T12:22:52.0858541Z /usr/bin/tar: ../../../../../usr/local/lib/android/sdk/platforms/android-36-ext18/data/res/values-mcc311-mnc180-el: Cannot change mode to rwxr-xr-x: Operation not permitted
build	Cache Android SDK	2026-06-06T12:22:52.0861464Z /usr/bin/tar: ../../../../../usr/local/lib/android/sdk/platforms/android-36-ext18/data/res/values-mcc310-mnc160-en-rAU: Cannot utime: Operation not permitted
build	Cache Android SDK	2026-06-06T12:22:52.0862451Z /usr/bin/tar: ../../../../../usr/local/lib/android/sdk/platforms/android-36-ext18/data/res/values-mcc310-mnc160-en-rAU: Cannot change mode to rwxr-xr-x: Operation not permitted
build	Cache Android SDK	2026-06-06T12:22:52.0865753Z /usr/bin/tar: ../../../../../usr/local/lib/android/sdk/platforms/android-36-ext18/data/res/values-mcc302-mnc370-mn: Cannot utime: Operation not permitted
build	Cache Android SDK	2026-06-06T12:22:52.0866318Z /usr/bin/tar: ../../../../../usr/local/lib/android/sdk/platforms/android-36-ext18/data/res/values-mcc302-mnc370-mn: Cannot change mode to rwxr-xr-x: Operation not permitted
build	Cache Android SDK	2026-06-06T12:22:52.0869045Z /usr/bin/tar: ../../../../../usr/local/lib/android/sdk/platforms/android-36-ext18/data/res/values-ja-television: Cannot utime: Operation not permitted
build	Cache Android SDK	2026-06-06T12:22:52.0869535Z /usr/bin/tar: ../../../../../usr/local/lib/android/sdk/platforms/android-36-ext18/data/res/values-ja-television: Cannot change mode to rwxr-xr-x: Operation not permitted
build	Cache Android SDK	2026-06-06T12:22:52.0876290Z /usr/bin/tar: ../../../../../usr/local/lib/android/sdk/platforms/android-36-ext18/data/res/values-mcc310-mnc250-lo: Cannot utime: Operation not permitted
build	Cache Android SDK	2026-06-06T12:22:52.0876853Z /usr/bin/tar: ../../../../../usr/local/lib/android/sdk/platforms/android-36-ext18/data/res/values-mcc310-mnc250-lo: Cannot change mode to rwxr-xr-x: Operation not permitted
build	Cache Android SDK	2026-06-06T12:22:52.0879625Z /usr/bin/tar: ../../../../../usr/local/lib/android/sdk/platforms/android-36-ext18/data/res/values-mcc310-mnc410-kn: Cannot utime: Operation not permitted
build	Cache Android SDK	2026-06-06T12:22:52.0880205Z /usr/bin/tar: ../../../../../usr/local/lib/android/sdk/platforms/android-36-ext18/data/res/values-mcc310-mnc410-kn: Cannot change mode to rwxr-xr-x: Operation not permitted
build	Cache Android SDK	2026-06-06T12:22:52.0883054Z /usr/bin/tar: ../../../../../usr/local/lib/android/sdk/platforms/android-36-ext18/data/res/values-mcc310-mnc380-es: Cannot utime: Operation not permitted
build	Cache Android SDK	2026-06-06T12:22:52.0883536Z /usr/bin/tar: ../../../../../usr/local/lib/android/sdk/platforms/android-36-ext18/data/res/values-mcc310-mnc380-es: Cannot change mode to rwxr-xr-x: Operation not permitted
build	Cache Android SDK	2026-06-06T12:22:52.0885902Z /usr/bin/tar: ../../../../../usr/local/lib/android/sdk/platforms/android-36-ext18/data/res/values-mcc310-mnc160-iw: Cannot utime: Operation not permitted
build	Cache Android SDK	2026-06-06T12:22:52.0886385Z /usr/bin/tar: ../../../../../usr/local/lib/android/sdk/platforms/android-36-ext18/data/res/values-mcc310-mnc160-iw: Cannot change mode to rwxr-xr-x: Operation not permitted
build	Cache Android SDK	2026-06-06T12:22:52.0888949Z /usr/bin/tar: ../../../../../usr/local/lib/android/sdk/platforms/android-36-ext18/data/res/values-mcc310-mnc380-zh-rHK: Cannot utime: Operation not permitted
build	Cache Android SDK	2026-06-06T12:22:52.0889445Z /usr/bin/tar: ../../../../../usr/local/lib/android/sdk/platforms/android-36-ext18/data/res/values-mcc310-mnc380-zh-rHK: Cannot change mode to rwxr-xr-x: Operation not permitted
build	Cache Android SDK	2026-06-06T12:22:52.0892550Z /usr/bin/tar: ../../../../../usr/local/lib/android/sdk/platforms/android-36-ext18/data/res/values-mcc310-mnc280-ur: Cannot utime: Operation not permitted
build	Cache Android SDK	2026-06-06T12:22:52.0893448Z /usr/bin/tar: ../../../../../usr/local/lib/android/sdk/platforms/android-36-ext18/data/res/values-mcc310-mnc280-ur: Cannot change mode to rwxr-xr-x: Operation not permitted
build	Cache Android SDK	2026-06-06T12:22:52.0895509Z /usr/bin/tar: ../../../../../usr/local/lib/android/sdk/platforms/android-36-ext18/data/res/values-mcc310-mnc200-kk: Cannot utime: Operation not permitted
build	Cache Android SDK	2026-06-06T12:22:52.0896001Z /usr/bin/tar: ../../../../../usr/local/lib/android/sdk/platforms/android-36-ext18/data/res/values-mcc310-mnc200-kk: Cannot change mode to rwxr-xr-x: Operation not permitted
build	Cache Android SDK	2026-06-06T12:22:52.0898458Z /usr/bin/tar: ../../../../../usr/local/lib/android/sdk/platforms/android-36-ext18/data/res/values-es-rNI: Cannot utime: Operation not permitted
build	Cache Android SDK	2026-06-06T12:22:52.0898907Z /usr/bin/tar: ../../../../../usr/local/lib/android/sdk/platforms/android-36-ext18/data/res/values-es-rNI: Cannot change mode to rwxr-xr-x: Operation not permitted
build	Cache Android SDK	2026-06-06T12:22:52.0902818Z /usr/bin/tar: ../../../../../usr/local/lib/android/sdk/platforms/android-36-ext18/data/res/values-mcc310-mnc170-bg: Cannot utime: Operation not permitted
build	Cache Android SDK	2026-06-06T12:22:52.0903298Z /usr/bin/tar: ../../../../../usr/local/lib/android/sdk/platforms/android-36-ext18/data/res/values-mcc310-mnc170-bg: Cannot change mode to rwxr-xr-x: Operation not permitted
build	Cache Android SDK	2026-06-06T12:22:52.0905661Z /usr/bin/tar: ../../../../../usr/local/lib/android/sdk/platforms/android-36-ext18/data/res/values-nb-television: Cannot utime: Operation not permitted
build	Cache Android SDK	2026-06-06T12:22:52.0906141Z /usr/bin/tar: ../../../../../usr/local/lib/android/sdk/platforms/android-36-ext18/data/res/values-nb-television: Cannot change mode to rwxr-xr-x: Operation not permitted
build	Cache Android SDK	2026-06-06T12:22:52.0908774Z /usr/bin/tar: ../../../../../usr/local/lib/android/sdk/platforms/android-36-ext18/data/res/values-mcc310-mnc380-in: Cannot utime: Operation not permitted
build	Cache Android SDK	2026-06-06T12:22:52.0909247Z /usr/bin/tar: ../../../../../usr/local/lib/android/sdk/platforms/android-36-ext18/data/res/values-mcc310-mnc380-in: Cannot change mode to rwxr-xr-x: Operation not permitted
build	Cache Android SDK	2026-06-06T12:22:52.0911664Z /usr/bin/tar: ../../../../../usr/local/lib/android/sdk/platforms/android-36-ext18/data/res/values-zh-rTW-television: Cannot utime: Operation not permitted
build	Cache Android SDK	2026-06-06T12:22:52.0912231Z /usr/bin/tar: ../../../../../usr/local/lib/android/sdk/platforms/android-36-ext18/data/res/values-zh-rTW-television: Cannot change mode to rwxr-xr-x: Operation not permitted
build	Cache Android SDK	2026-06-06T12:22:52.0914630Z /usr/bin/tar: ../../../../../usr/local/lib/android/sdk/platforms/android-36-ext18/data/res/values-mcc310-mnc380-pt: Cannot utime: Operation not permitted
build	Cache Android SDK	2026-06-06T12:22:52.0915099Z /usr/bin/tar: ../../../../../usr/local/lib/android/sdk/platforms/android-36-ext18/data/res/values-mcc310-mnc380-pt: Cannot change mode to rwxr-xr-x: Operation not permitted
build	Cache Android SDK	2026-06-06T12:22:52.0917895Z /usr/bin/tar: ../../../../../usr/local/lib/android/sdk/platforms/android-36-ext18/data/res/values-mcc310-mnc560-kn: Cannot utime: Operation not permitted
build	Cache Android SDK	2026-06-06T12:22:52.0918366Z /usr/bin/tar: ../../../../../usr/local/lib/android/sdk/platforms/android-36-ext18/data/res/values-mcc310-mnc560-kn: Cannot change mode to rwxr-xr-x: Operation not permitted
build	Cache Android SDK	2026-06-06T12:22:52.0920909Z /usr/bin/tar: ../../../../../usr/local/lib/android/sdk/platforms/android-36-ext18/data/res/values-mcc310-mnc490-am: Cannot utime: Operation not permitted
build	Cache Android SDK	2026-06-06T12:22:52.0921457Z /usr/bin/tar: ../../../../../usr/local/lib/android/sdk/platforms/android-36-ext18/data/res/values-mcc310-mnc490-am: Cannot change mode to rwxr-xr-x: Operation not permitted
build	Cache Android SDK	2026-06-06T12:22:52.0923665Z /usr/bin/tar: ../../../../../usr/local/lib/android/sdk/platforms/android-36-ext18/data/res/values-mcc310-mnc490-sl: Cannot utime: Operation not permitted
build	Cache Android SDK	2026-06-06T12:22:52.0924128Z /usr/bin/tar: ../../../../../usr/local/lib/android/sdk/platforms/android-36-ext18/data/res/values-mcc310-mnc490-sl: Cannot change mode to rwxr-xr-x: Operation not permitted
build	Cache Android SDK	2026-06-06T12:22:52.0926558Z /usr/bin/tar: ../../../../../usr/local/lib/android/sdk/platforms/android-36-ext18/data/res/values-mcc310-mnc160-ur: Cannot utime: Operation not permitted
build	Cache Android SDK	2026-06-06T12:22:52.0927034Z /usr/bin/tar: ../../../../../usr/local/lib/android/sdk/platforms/android-36-ext18/data/res/values-mcc310-mnc160-ur: Cannot change mode to rwxr-xr-x: Operation not permitted
build	Cache Android SDK	2026-06-06T12:22:52.0992576Z /usr/bin/tar: ../../../../../usr/local/lib/android/sdk/platforms/android-36-ext18/data/res/drawable-xxxhdpi: Cannot utime: Operation not permitted
build	Cache Android SDK	2026-06-06T12:22:52.0993129Z /usr/bin/tar: ../../../../../usr/local/lib/android/sdk/platforms/android-36-ext18/data/res/drawable-xxxhdpi: Cannot change mode to rwxr-xr-x: Operation not permitted
build	Cache Android SDK	2026-06-06T12:22:52.0995424Z /usr/bin/tar: ../../../../../usr/local/lib/android/sdk/platforms/android-36-ext18/data/res/values-mcc310-mnc210-af: Cannot utime: Operation not permitted
build	Cache Android SDK	2026-06-06T12:22:52.0995913Z /usr/bin/tar: ../../../../../usr/local/lib/android/sdk/platforms/android-36-ext18/data/res/values-mcc310-mnc210-af: Cannot change mode to rwxr-xr-x: Operation not permitted
build	Cache Android SDK	2026-06-06T12:22:52.0998668Z /usr/bin/tar: ../../../../../usr/local/lib/android/sdk/platforms/android-36-ext18/data/res/values-mcc310-mnc270-ky: Cannot utime: Operation not permitted
build	Cache Android SDK	2026-06-06T12:22:52.0999148Z /usr/bin/tar: ../../../../../usr/local/lib/android/sdk/platforms/android-36-ext18/data/res/values-mcc310-mnc270-ky: Cannot change mode to rwxr-xr-x: Operation not permitted
build	Cache Android SDK	2026-06-06T12:22:52.1002427Z /usr/bin/tar: ../../../../../usr/local/lib/android/sdk/platforms/android-36-ext18/data/res/values-mcc302-mnc720-te: Cannot utime: Operation not permitted
build	Cache Android SDK	2026-06-06T12:22:52.1003008Z /usr/bin/tar: ../../../../../usr/local/lib/android/sdk/platforms/android-36-ext18/data/res/values-mcc302-mnc720-te: Cannot change mode to rwxr-xr-x: Operation not permitted
build	Cache Android SDK	2026-06-06T12:22:52.1005424Z /usr/bin/tar: ../../../../../usr/local/lib/android/sdk/platforms/android-36-ext18/data/res/values-mcc312-mnc670-en-rIN: Cannot utime: Operation not permitted
build	Cache Android SDK	2026-06-06T12:22:52.1005921Z /usr/bin/tar: ../../../../../usr/local/lib/android/sdk/platforms/android-36-ext18/data/res/values-mcc312-mnc670-en-rIN: Cannot change mode to rwxr-xr-x: Operation not permitted
build	Cache Android SDK	2026-06-06T12:22:52.1008444Z /usr/bin/tar: ../../../../../usr/local/lib/android/sdk/platforms/android-36-ext18/data/res/values-mr-watch: Cannot utime: Operation not permitted
build	Cache Android SDK	2026-06-06T12:22:52.1009006Z /usr/bin/tar: ../../../../../usr/local/lib/android/sdk/platforms/android-36-ext18/data/res/values-mr-watch: Cannot change mode to rwxr-xr-x: Operation not permitted
build	Cache Android SDK	2026-06-06T12:22:52.1011754Z /usr/bin/tar: ../../../../../usr/local/lib/android/sdk/platforms/android-36-ext18/data/res/values-mcc310-mnc160-hi: Cannot utime: Operation not permitted
build	Cache Android SDK	2026-06-06T12:22:52.1012241Z /usr/bin/tar: ../../../../../usr/local/lib/android/sdk/platforms/android-36-ext18/data/res/values-mcc310-mnc160-hi: Cannot change mode to rwxr-xr-x: Operation not permitted
build	Cache Android SDK	2026-06-06T12:22:52.1014484Z /usr/bin/tar: ../../../../../usr/local/lib/android/sdk/platforms/android-36-ext18/data/res/values-mcc334-mnc020-fr-rCA: Cannot utime: Operation not permitted
build	Cache Android SDK	2026-06-06T12:22:52.1014986Z /usr/bin/tar: ../../../../../usr/local/lib/android/sdk/platforms/android-36-ext18/data/res/values-mcc334-mnc020-fr-rCA: Cannot change mode to rwxr-xr-x: Operation not permitted
build	Cache Android SDK	2026-06-06T12:22:52.1018097Z /usr/bin/tar: ../../../../../usr/local/lib/android/sdk/platforms/android-36-ext18/data/res/values-mcc302-mnc720-lv: Cannot utime: Operation not permitted
build	Cache Android SDK	2026-06-06T12:22:52.1018599Z /usr/bin/tar: ../../../../../usr/local/lib/android/sdk/platforms/android-36-ext18/data/res/values-mcc302-mnc720-lv: Cannot change mode to rwxr-xr-x: Operation not permitted
build	Cache Android SDK	2026-06-06T12:22:52.1020604Z /usr/bin/tar: ../../../../../usr/local/lib/android/sdk/platforms/android-36-ext18/data/res/values-mcc334-mnc020-pl: Cannot utime: Operation not permitted
build	Cache Android SDK	2026-06-06T12:22:52.1021070Z /usr/bin/tar: ../../../../../usr/local/lib/android/sdk/platforms/android-36-ext18/data/res/values-mcc334-mnc020-pl: Cannot change mode to rwxr-xr-x: Operation not permitted
build	Cache Android SDK	2026-06-06T12:22:52.1023714Z /usr/bin/tar: ../../../../../usr/local/lib/android/sdk/platforms/android-36-ext18/data/res/values-mcc310-mnc230-zh-rTW: Cannot utime: Operation not permitted
build	Cache Android SDK	2026-06-06T12:22:52.1024217Z /usr/bin/tar: ../../../../../usr/local/lib/android/sdk/platforms/android-36-ext18/data/res/values-mcc310-mnc230-zh-rTW: Cannot change mode to rwxr-xr-x: Operation not permitted
build	Cache Android SDK	2026-06-06T12:22:52.1026666Z /usr/bin/tar: ../../../../../usr/local/lib/android/sdk/platforms/android-36-ext18/data/res/values-mcc311-mnc180-pt-rBR: Cannot utime: Operation not permitted
build	Cache Android SDK	2026-06-06T12:22:52.1027161Z /usr/bin/tar: ../../../../../usr/local/lib/android/sdk/platforms/android-36-ext18/data/res/values-mcc311-mnc180-pt-rBR: Cannot change mode to rwxr-xr-x: Operation not permitted
build	Cache Android SDK	2026-06-06T12:22:52.1030038Z /usr/bin/tar: ../../../../../usr/local/lib/android/sdk/platforms/android-36-ext18/data/res/values-sw600dp-port: Cannot utime: Operation not permitted
build	Cache Android SDK	2026-06-06T12:22:52.1030511Z /usr/bin/tar: ../../../../../usr/local/lib/android/sdk/platforms/android-36-ext18/data/res/values-sw600dp-port: Cannot change mode to rwxr-xr-x: Operation not permitted
build	Cache Android SDK	2026-06-06T12:22:52.1032993Z /usr/bin/tar: ../../../../../usr/local/lib/android/sdk/platforms/android-36-ext18/data/res/values-mcc310-mnc380-be: Cannot utime: Operation not permitted
build	Cache Android SDK	2026-06-06T12:22:52.1033475Z /usr/bin/tar: ../../../../../usr/local/lib/android/sdk/platforms/android-36-ext18/data/res/values-mcc310-mnc380-be: Cannot change mode to rwxr-xr-x: Operation not permitted
build	Cache Android SDK	2026-06-06T12:22:52.1036504Z /usr/bin/tar: ../../../../../usr/local/lib/android/sdk/platforms/android-36-ext18/data/res/values-mcc310-mnc280-es-rUS: Cannot utime: Operation not permitted
build	Cache Android SDK	2026-06-06T12:22:52.1037006Z /usr/bin/tar: ../../../../../usr/local/lib/android/sdk/platforms/android-36-ext18/data/res/values-mcc310-mnc280-es-rUS: Cannot change mode to rwxr-xr-x: Operation not permitted
build	Cache Android SDK	2026-06-06T12:22:52.1039749Z /usr/bin/tar: ../../../../../usr/local/lib/android/sdk/platforms/android-36-ext18/data/res/values-mcc310-mnc410-hu: Cannot utime: Operation not permitted
build	Cache Android SDK	2026-06-06T12:22:52.1040225Z /usr/bin/tar: ../../../../../usr/local/lib/android/sdk/platforms/android-36-ext18/data/res/values-mcc310-mnc410-hu: Cannot change mode to rwxr-xr-x: Operation not permitted
build	Cache Android SDK	2026-06-06T12:22:52.1042465Z /usr/bin/tar: ../../../../../usr/local/lib/android/sdk/platforms/android-36-ext18/data/res/values-mcc310-mnc170-en-rIN: Cannot utime: Operation not permitted
build	Cache Android SDK	2026-06-06T12:22:52.1043104Z /usr/bin/tar: ../../../../../usr/local/lib/android/sdk/platforms/android-36-ext18/data/res/values-mcc310-mnc170-en-rIN: Cannot change mode to rwxr-xr-x: Operation not permitted
build	Cache Android SDK	2026-06-06T12:22:52.1045855Z /usr/bin/tar: ../../../../../usr/local/lib/android/sdk/platforms/android-36-ext18/data/res/values-mcc310-mnc030-bs: Cannot utime: Operation not permitted
build	Cache Android SDK	2026-06-06T12:22:52.1046346Z /usr/bin/tar: ../../../../../usr/local/lib/android/sdk/platforms/android-36-ext18/data/res/values-mcc310-mnc030-bs: Cannot change mode to rwxr-xr-x: Operation not permitted
build	Cache Android SDK	2026-06-06T12:22:52.1049204Z /usr/bin/tar: ../../../../../usr/local/lib/android/sdk/platforms/android-36-ext18/data/res/values-mcc310-mnc250-da: Cannot utime: Operation not permitted
build	Cache Android SDK	2026-06-06T12:22:52.1049686Z /usr/bin/tar: ../../../../../usr/local/lib/android/sdk/platforms/android-36-ext18/data/res/values-mcc310-mnc250-da: Cannot change mode to rwxr-xr-x: Operation not permitted
build	Cache Android SDK	2026-06-06T12:22:52.1054256Z /usr/bin/tar: ../../../../../usr/local/lib/android/sdk/platforms/android-36-ext18/data/res/values-mcc310-mnc560-en-rGB: Cannot utime: Operation not permitted
build	Cache Android SDK	2026-06-06T12:22:52.1054758Z /usr/bin/tar: ../../../../../usr/local/lib/android/sdk/platforms/android-36-ext18/data/res/values-mcc310-mnc560-en-rGB: Cannot change mode to rwxr-xr-x: Operation not permitted
build	Cache Android SDK	2026-06-06T12:22:52.1057092Z /usr/bin/tar: ../../../../../usr/local/lib/android/sdk/platforms/android-36-ext18/data/res/values-mcc310-mnc950-sr: Cannot utime: Operation not permitted
build	Cache Android SDK	2026-06-06T12:22:52.1057768Z /usr/bin/tar: ../../../../../usr/local/lib/android/sdk/platforms/android-36-ext18/data/res/values-mcc310-mnc950-sr: Cannot change mode to rwxr-xr-x: Operation not permitted
build	Cache Android SDK	2026-06-06T12:22:52.1060488Z /usr/bin/tar: ../../../../../usr/local/lib/android/sdk/platforms/android-36-ext18/data/res/values-mcc310-mnc030-mk: Cannot utime: Operation not permitted
build	Cache Android SDK	2026-06-06T12:22:52.1060968Z /usr/bin/tar: ../../../../../usr/local/lib/android/sdk/platforms/android-36-ext18/data/res/values-mcc310-mnc030-mk: Cannot change mode to rwxr-xr-x: Operation not permitted
build	Cache Android SDK	2026-06-06T12:22:52.1063156Z /usr/bin/tar: ../../../../../usr/local/lib/android/sdk/platforms/android-36-ext18/data/res/values-mcc310-mnc560-ru: Cannot utime: Operation not permitted
build	Cache Android SDK	2026-06-06T12:22:52.1063614Z /usr/bin/tar: ../../../../../usr/local/lib/android/sdk/platforms/android-36-ext18/data/res/values-mcc310-mnc560-ru: Cannot change mode to rwxr-xr-x: Operation not permitted
build	Cache Android SDK	2026-06-06T12:22:52.1066480Z /usr/bin/tar: ../../../../../usr/local/lib/android/sdk/platforms/android-36-ext18/data/res/values-mcc310-mnc380-nb: Cannot utime: Operation not permitted
build	Cache Android SDK	2026-06-06T12:22:52.1066962Z /usr/bin/tar: ../../../../../usr/local/lib/android/sdk/platforms/android-36-ext18/data/res/values-mcc310-mnc380-nb: Cannot change mode to rwxr-xr-x: Operation not permitted
build	Cache Android SDK	2026-06-06T12:22:52.1069354Z /usr/bin/tar: ../../../../../usr/local/lib/android/sdk/platforms/android-36-ext18/data/res/values-mcc310-mnc160-fa: Cannot utime: Operation not permitted
build	Cache Android SDK	2026-06-06T12:22:52.1069902Z /usr/bin/tar: ../../../../../usr/local/lib/android/sdk/platforms/android-36-ext18/data/res/values-mcc310-mnc160-fa: Cannot change mode to rwxr-xr-x: Operation not permitted
build	Cache Android SDK	2026-06-06T12:22:52.1072744Z /usr/bin/tar: ../../../../../usr/local/lib/android/sdk/platforms/android-36-ext18/data/res/layout-sw600dp: Cannot utime: Operation not permitted
build	Cache Android SDK	2026-06-06T12:22:52.1073230Z /usr/bin/tar: ../../../../../usr/local/lib/android/sdk/platforms/android-36-ext18/data/res/layout-sw600dp: Cannot change mode to rwxr-xr-x: Operation not permitted
build	Cache Android SDK	2026-06-06T12:22:52.1075781Z /usr/bin/tar: ../../../../../usr/local/lib/android/sdk/platforms/android-36-ext18/data/res/values-mcc302-mnc720-ms: Cannot utime: Operation not permitted
build	Cache Android SDK	2026-06-06T12:22:52.1076326Z /usr/bin/tar: ../../../../../usr/local/lib/android/sdk/platforms/android-36-ext18/data/res/values-mcc302-mnc720-ms: Cannot change mode to rwxr-xr-x: Operation not permitted
build	Cache Android SDK	2026-06-06T12:22:52.1080376Z /usr/bin/tar: ../../../../../usr/local/lib/android/sdk/platforms/android-36-ext18/data/res/values-el-watch: Cannot utime: Operation not permitted
build	Cache Android SDK	2026-06-06T12:22:52.1080880Z /usr/bin/tar: ../../../../../usr/local/lib/android/sdk/platforms/android-36-ext18/data/res/values-el-watch: Cannot change mode to rwxr-xr-x: Operation not permitted
build	Cache Android SDK	2026-06-06T12:22:52.1083640Z /usr/bin/tar: ../../../../../usr/local/lib/android/sdk/platforms/android-36-ext18/data/res/values-mcc310-mnc170-mr: Cannot utime: Operation not permitted
build	Cache Android SDK	2026-06-06T12:22:52.1084139Z /usr/bin/tar: ../../../../../usr/local/lib/android/sdk/platforms/android-36-ext18/data/res/values-mcc310-mnc170-mr: Cannot change mode to rwxr-xr-x: Operation not permitted
build	Cache Android SDK	2026-06-06T12:22:52.1086673Z /usr/bin/tar: ../../../../../usr/local/lib/android/sdk/platforms/android-36-ext18/data/res/values-mcc310-mnc250-nl: Cannot utime: Operation not permitted
build	Cache Android SDK	2026-06-06T12:22:52.1087225Z /usr/bin/tar: ../../../../../usr/local/lib/android/sdk/platforms/android-36-ext18/data/res/values-mcc310-mnc250-nl: Cannot change mode to rwxr-xr-x: Operation not permitted
build	Cache Android SDK	2026-06-06T12:22:52.1089881Z /usr/bin/tar: ../../../../../usr/local/lib/android/sdk/platforms/android-36-ext18/data/res/values-mcc310-mnc950-pl: Cannot utime: Operation not permitted
build	Cache Android SDK	2026-06-06T12:22:52.1090356Z /usr/bin/tar: ../../../../../usr/local/lib/android/sdk/platforms/android-36-ext18/data/res/values-mcc310-mnc950-pl: Cannot change mode to rwxr-xr-x: Operation not permitted
build	Cache Android SDK	2026-06-06T12:22:52.1093119Z /usr/bin/tar: ../../../../../usr/local/lib/android/sdk/platforms/android-36-ext18/data/res/values-mcc312-mnc670-mk: Cannot utime: Operation not permitted
build	Cache Android SDK	2026-06-06T12:22:52.1093616Z /usr/bin/tar: ../../../../../usr/local/lib/android/sdk/platforms/android-36-ext18/data/res/values-mcc312-mnc670-mk: Cannot change mode to rwxr-xr-x: Operation not permitted
build	Cache Android SDK	2026-06-06T12:22:52.1095813Z /usr/bin/tar: ../../../../../usr/local/lib/android/sdk/platforms/android-36-ext18/data/res/values-mcc313-mnc100-fi: Cannot utime: Operation not permitted
build	Cache Android SDK	2026-06-06T12:22:52.1096296Z /usr/bin/tar: ../../../../../usr/local/lib/android/sdk/platforms/android-36-ext18/data/res/values-mcc313-mnc100-fi: Cannot change mode to rwxr-xr-x: Operation not permitted
build	Cache Android SDK	2026-06-06T12:22:52.1098436Z /usr/bin/tar: ../../../../../usr/local/lib/android/sdk/platforms/android-36-ext18/data/res/values-mcc310-mnc200-is: Cannot utime: Operation not permitted
build	Cache Android SDK	2026-06-06T12:22:52.1098905Z /usr/bin/tar: ../../../../../usr/local/lib/android/sdk/platforms/android-36-ext18/data/res/values-mcc310-mnc200-is: Cannot change mode to rwxr-xr-x: Operation not permitted
build	Cache Android SDK	2026-06-06T12:22:52.1101279Z /usr/bin/tar: ../../../../../usr/local/lib/android/sdk/platforms/android-36-ext18/data/res/values-mcc312-mnc670-sw: Cannot utime: Operation not permitted
build	Cache Android SDK	2026-06-06T12:22:52.1101752Z /usr/bin/tar: ../../../../../usr/local/lib/android/sdk/platforms/android-36-ext18/data/res/values-mcc312-mnc670-sw: Cannot change mode to rwxr-xr-x: Operation not permitted
build	Cache Android SDK	2026-06-06T12:22:52.1104391Z /usr/bin/tar: ../../../../../usr/local/lib/android/sdk/platforms/android-36-ext18/data/res/values-mcc310-mnc220-ur: Cannot utime: Operation not permitted
build	Cache Android SDK	2026-06-06T12:22:52.1104944Z /usr/bin/tar: ../../../../../usr/local/lib/android/sdk/platforms/android-36-ext18/data/res/values-mcc310-mnc220-ur: Cannot change mode to rwxr-xr-x: Operation not permitted
build	Cache Android SDK	2026-06-06T12:22:52.1107665Z /usr/bin/tar: ../../../../../usr/local/lib/android/sdk/platforms/android-36-ext18/data/res/values-mcc302-mnc370-hy: Cannot utime: Operation not permitted
build	Cache Android SDK	2026-06-06T12:22:52.1108140Z /usr/bin/tar: ../../../../../usr/local/lib/android/sdk/platforms/android-36-ext18/data/res/values-mcc302-mnc370-hy: Cannot change mode to rwxr-xr-x: Operation not permitted
build	Cache Android SDK	2026-06-06T12:22:52.1110750Z /usr/bin/tar: ../../../../../usr/local/lib/android/sdk/platforms/android-36-ext18/data/res/values-mcc310-mnc250-mn: Cannot utime: Operation not permitted
build	Cache Android SDK	2026-06-06T12:22:52.1111304Z /usr/bin/tar: ../../../../../usr/local/lib/android/sdk/platforms/android-36-ext18/data/res/values-mcc310-mnc250-mn: Cannot change mode to rwxr-xr-x: Operation not permitted
build	Cache Android SDK	2026-06-06T12:22:52.1113710Z /usr/bin/tar: ../../../../../usr/local/lib/android/sdk/platforms/android-36-ext18/data/res/values-mcc310-mnc030-sk: Cannot utime: Operation not permitted
build	Cache Android SDK	2026-06-06T12:22:52.1114178Z /usr/bin/tar: ../../../../../usr/local/lib/android/sdk/platforms/android-36-ext18/data/res/values-mcc310-mnc030-sk: Cannot change mode to rwxr-xr-x: Operation not permitted
build	Cache Android SDK	2026-06-06T12:22:52.1116603Z /usr/bin/tar: ../../../../../usr/local/lib/android/sdk/platforms/android-36-ext18/data/res/values-mcc310-mnc660-cs: Cannot utime: Operation not permitted
build	Cache Android SDK	2026-06-06T12:22:52.1117072Z /usr/bin/tar: ../../../../../usr/local/lib/android/sdk/platforms/android-36-ext18/data/res/values-mcc310-mnc660-cs: Cannot change mode to rwxr-xr-x: Operation not permitted
build	Cache Android SDK	2026-06-06T12:22:52.1119775Z /usr/bin/tar: ../../../../../usr/local/lib/android/sdk/platforms/android-36-ext18/data/res/values-mcc313-mnc100-hy: Cannot utime: Operation not permitted
build	Cache Android SDK	2026-06-06T12:22:52.1120245Z /usr/bin/tar: ../../../../../usr/local/lib/android/sdk/platforms/android-36-ext18/data/res/values-mcc313-mnc100-hy: Cannot change mode to rwxr-xr-x: Operation not permitted
build	Cache Android SDK	2026-06-06T12:22:52.1123137Z /usr/bin/tar: ../../../../../usr/local/lib/android/sdk/platforms/android-36-ext18/data/res/values-mcc310-mnc220-pt-rPT: Cannot utime: Operation not permitted
build	Cache Android SDK	2026-06-06T12:22:52.1123655Z /usr/bin/tar: ../../../../../usr/local/lib/android/sdk/platforms/android-36-ext18/data/res/values-mcc310-mnc220-pt-rPT: Cannot change mode to rwxr-xr-x: Operation not permitted
build	Cache Android SDK	2026-06-06T12:22:52.1128047Z /usr/bin/tar: ../../../../../usr/local/lib/android/sdk/platforms/android-36-ext18/data/res/values-b+sr+Latn-watch: Cannot utime: Operation not permitted
build	Cache Android SDK	2026-06-06T12:22:52.1128866Z /usr/bin/tar: ../../../../../usr/local/lib/android/sdk/platforms/android-36-ext18/data/res/values-b+sr+Latn-watch: Cannot change mode to rwxr-xr-x: Operation not permitted
build	Cache Android SDK	2026-06-06T12:22:52.1129277Z /usr/bin/tar: ../../../../../usr/local/lib/android/sdk/platforms/android-36-ext18/data/res/values-mcc334-mnc020-km: Cannot utime: Operation not permitted
build	Cache Android SDK	2026-06-06T12:22:52.1129739Z /usr/bin/tar: ../../../../../usr/local/lib/android/sdk/platforms/android-36-ext18/data/res/values-mcc334-mnc020-km: Cannot change mode to rwxr-xr-x: Operation not permitted
build	Cache Android SDK	2026-06-06T12:22:52.1132790Z /usr/bin/tar: ../../../../../usr/local/lib/android/sdk/platforms/android-36-ext18/data/res/values-mcc311-mnc180-bn: Cannot utime: Operation not permitted
build	Cache Android SDK	2026-06-06T12:22:52.1133674Z /usr/bin/tar: ../../../../../usr/local/lib/android/sdk/platforms/android-36-ext18/data/res/values-mcc311-mnc180-bn: Cannot change mode to rwxr-xr-x: Operation not permitted
build	Cache Android SDK	2026-06-06T12:22:52.1135943Z /usr/bin/tar: ../../../../../usr/local/lib/android/sdk/platforms/android-36-ext18/data/res/values-mcc334-mnc020-en-rXC: Cannot utime: Operation not permitted
build	Cache Android SDK	2026-06-06T12:22:52.1136428Z /usr/bin/tar: ../../../../../usr/local/lib/android/sdk/platforms/android-36-ext18/data/res/values-mcc334-mnc020-en-rXC: Cannot change mode to rwxr-xr-x: Operation not permitted
build	Cache Android SDK	2026-06-06T12:22:52.1143723Z /usr/bin/tar: ../../../../../usr/local/lib/android/sdk/platforms/android-36-ext18/data/res/values-ro: Cannot utime: Operation not permitted
build	Cache Android SDK	2026-06-06T12:22:52.1144214Z /usr/bin/tar: ../../../../../usr/local/lib/android/sdk/platforms/android-36-ext18/data/res/values-ro: Cannot change mode to rwxr-xr-x: Operation not permitted
build	Cache Android SDK	2026-06-06T12:22:52.1147146Z /usr/bin/tar: ../../../../../usr/local/lib/android/sdk/platforms/android-36-ext18/data/res/values-mcc310-mnc310-cs: Cannot utime: Operation not permitted
build	Cache Android SDK	2026-06-06T12:22:52.1147830Z /usr/bin/tar: ../../../../../usr/local/lib/android/sdk/platforms/android-36-ext18/data/res/values-mcc310-mnc310-cs: Cannot change mode to rwxr-xr-x: Operation not permitted
build	Cache Android SDK	2026-06-06T12:22:52.1150149Z /usr/bin/tar: ../../../../../usr/local/lib/android/sdk/platforms/android-36-ext18/data/res/values-mcc310-mnc210-bs: Cannot utime: Operation not permitted
build	Cache Android SDK	2026-06-06T12:22:52.1150720Z /usr/bin/tar: ../../../../../usr/local/lib/android/sdk/platforms/android-36-ext18/data/res/values-mcc310-mnc210-bs: Cannot change mode to rwxr-xr-x: Operation not permitted
build	Cache Android SDK	2026-06-06T12:22:52.1153233Z /usr/bin/tar: ../../../../../usr/local/lib/android/sdk/platforms/android-36-ext18/data/res/values-mcc310-mnc220-hr: Cannot utime: Operation not permitted
build	Cache Android SDK	2026-06-06T12:22:52.1153696Z /usr/bin/tar: ../../../../../usr/local/lib/android/sdk/platforms/android-36-ext18/data/res/values-mcc310-mnc220-hr: Cannot change mode to rwxr-xr-x: Operation not permitted
build	Cache Android SDK	2026-06-06T12:22:52.1156116Z /usr/bin/tar: ../../../../../usr/local/lib/android/sdk/platforms/android-36-ext18/data/res/values-mcc310-mnc560-hu: Cannot utime: Operation not permitted
build	Cache Android SDK	2026-06-06T12:22:52.1156590Z /usr/bin/tar: ../../../../../usr/local/lib/android/sdk/platforms/android-36-ext18/data/res/values-mcc310-mnc560-hu: Cannot change mode to rwxr-xr-x: Operation not permitted
build	Cache Android SDK	2026-06-06T12:22:52.1159240Z /usr/bin/tar: ../../../../../usr/local/lib/android/sdk/platforms/android-36-ext18/data/res/values-mcc313: Cannot utime: Operation not permitted
build	Cache Android SDK	2026-06-06T12:22:52.1159691Z /usr/bin/tar: ../../../../../usr/local/lib/android/sdk/platforms/android-36-ext18/data/res/values-mcc313: Cannot change mode to rwxr-xr-x: Operation not permitted
build	Cache Android SDK	2026-06-06T12:22:52.1162114Z /usr/bin/tar: ../../../../../usr/local/lib/android/sdk/platforms/android-36-ext18/data/res/values-mcc302-mnc720-uz: Cannot utime: Operation not permitted
build	Cache Android SDK	2026-06-06T12:22:52.1162580Z /usr/bin/tar: ../../../../../usr/local/lib/android/sdk/platforms/android-36-ext18/data/res/values-mcc302-mnc720-uz: Cannot change mode to rwxr-xr-x: Operation not permitted
build	Cache Android SDK	2026-06-06T12:22:52.1165036Z /usr/bin/tar: ../../../../../usr/local/lib/android/sdk/platforms/android-36-ext18/data/res/values-mcc334-mnc020-hi: Cannot utime: Operation not permitted
build	Cache Android SDK	2026-06-06T12:22:52.1165515Z /usr/bin/tar: ../../../../../usr/local/lib/android/sdk/platforms/android-36-ext18/data/res/values-mcc334-mnc020-hi: Cannot change mode to rwxr-xr-x: Operation not permitted
build	Cache Android SDK	2026-06-06T12:22:52.1168254Z /usr/bin/tar: ../../../../../usr/local/lib/android/sdk/platforms/android-36-ext18/data/res/values-mcc310-mnc410-ja: Cannot utime: Operation not permitted
build	Cache Android SDK	2026-06-06T12:22:52.1168720Z /usr/bin/tar: ../../../../../usr/local/lib/android/sdk/platforms/android-36-ext18/data/res/values-mcc310-mnc410-ja: Cannot change mode to rwxr-xr-x: Operation not permitted
build	Cache Android SDK	2026-06-06T12:22:52.1171395Z /usr/bin/tar: ../../../../../usr/local/lib/android/sdk/platforms/android-36-ext18/data/res/values-mcc310-mnc490-gl: Cannot utime: Operation not permitted
build	Cache Android SDK	2026-06-06T12:22:52.1171867Z /usr/bin/tar: ../../../../../usr/local/lib/android/sdk/platforms/android-36-ext18/data/res/values-mcc310-mnc490-gl: Cannot change mode to rwxr-xr-x: Operation not permitted
build	Cache Android SDK	2026-06-06T12:22:52.1174451Z /usr/bin/tar: ../../../../../usr/local/lib/android/sdk/platforms/android-36-ext18/data/res/values-mcc310-mnc310-de: Cannot utime: Operation not permitted
build	Cache Android SDK	2026-06-06T12:22:52.1174920Z /usr/bin/tar: ../../../../../usr/local/lib/android/sdk/platforms/android-36-ext18/data/res/values-mcc310-mnc310-de: Cannot change mode to rwxr-xr-x: Operation not permitted
build	Cache Android SDK	2026-06-06T12:22:52.1176963Z /usr/bin/tar: ../../../../../usr/local/lib/android/sdk/platforms/android-36-ext18/data/res/values-cs-television: Cannot utime: Operation not permitted
build	Cache Android SDK	2026-06-06T12:22:52.1177569Z /usr/bin/tar: ../../../../../usr/local/lib/android/sdk/platforms/android-36-ext18/data/res/values-cs-television: Cannot change mode to rwxr-xr-x: Operation not permitted
build	Cache Android SDK	2026-06-06T12:22:52.1179703Z /usr/bin/tar: ../../../../../usr/local/lib/android/sdk/platforms/android-36-ext18/data/res/values-w192dp-round-watch: Cannot utime: Operation not permitted
build	Cache Android SDK	2026-06-06T12:22:52.1180293Z /usr/bin/tar: ../../../../../usr/local/lib/android/sdk/platforms/android-36-ext18/data/res/values-w192dp-round-watch: Cannot change mode to rwxr-xr-x: Operation not permitted
build	Cache Android SDK	2026-06-06T12:22:52.1182668Z /usr/bin/tar: ../../../../../usr/local/lib/android/sdk/platforms/android-36-ext18/data/res/values-mcc334-mnc03: Cannot utime: Operation not permitted
build	Cache Android SDK	2026-06-06T12:22:52.1183200Z /usr/bin/tar: ../../../../../usr/local/lib/android/sdk/platforms/android-36-ext18/data/res/values-mcc334-mnc03: Cannot change mode to rwxr-xr-x: Operation not permitted
build	Cache Android SDK	2026-06-06T12:22:52.1185731Z /usr/bin/tar: ../../../../../usr/local/lib/android/sdk/platforms/android-36-ext18/data/res/values-mcc312-mnc670-ne: Cannot utime: Operation not permitted
build	Cache Android SDK	2026-06-06T12:22:52.1186197Z /usr/bin/tar: ../../../../../usr/local/lib/android/sdk/platforms/android-36-ext18/data/res/values-mcc312-mnc670-ne: Cannot change mode to rwxr-xr-x: Operation not permitted
build	Cache Android SDK	2026-06-06T12:22:52.1190116Z /usr/bin/tar: ../../../../../usr/local/lib/android/sdk/platforms/android-36-ext18/data/res/values-mcc310-mnc230-en-rIN: Cannot utime: Operation not permitted
build	Cache Android SDK	2026-06-06T12:22:52.1190705Z /usr/bin/tar: ../../../../../usr/local/lib/android/sdk/platforms/android-36-ext18/data/res/values-mcc310-mnc230-en-rIN: Cannot change mode to rwxr-xr-x: Operation not permitted
build	Cache Android SDK	2026-06-06T12:22:52.1193106Z /usr/bin/tar: ../../../../../usr/local/lib/android/sdk/platforms/android-36-ext18/data/res/values-mcc310-mnc150-ne: Cannot utime: Operation not permitted
build	Cache Android SDK	2026-06-06T12:22:52.1193570Z /usr/bin/tar: ../../../../../usr/local/lib/android/sdk/platforms/android-36-ext18/data/res/values-mcc310-mnc150-ne: Cannot change mode to rwxr-xr-x: Operation not permitted
build	Cache Android SDK	2026-06-06T12:22:52.1197131Z /usr/bin/tar: ../../../../../usr/local/lib/android/sdk/platforms/android-36-ext18/data/res/values-mcc310-mnc200-ca: Cannot utime: Operation not permitted
build	Cache Android SDK	2026-06-06T12:22:52.1197755Z /usr/bin/tar: ../../../../../usr/local/lib/android/sdk/platforms/android-36-ext18/data/res/values-mcc310-mnc200-ca: Cannot change mode to rwxr-xr-x: Operation not permitted
build	Cache Android SDK	2026-06-06T12:22:52.1201114Z /usr/bin/tar: ../../../../../usr/local/lib/android/sdk/platforms/android-36-ext18/data/res/values-mcc310-mnc030-km: Cannot utime: Operation not permitted
build	Cache Android SDK	2026-06-06T12:22:52.1201586Z /usr/bin/tar: ../../../../../usr/local/lib/android/sdk/platforms/android-36-ext18/data/res/values-mcc310-mnc030-km: Cannot change mode to rwxr-xr-x: Operation not permitted
build	Cache Android SDK	2026-06-06T12:22:52.1204185Z /usr/bin/tar: ../../../../../usr/local/lib/android/sdk/platforms/android-36-ext18/data/res/values-mcc313-mnc100-pa: Cannot utime: Operation not permitted
build	Cache Android SDK	2026-06-06T12:22:52.1204640Z /usr/bin/tar: ../../../../../usr/local/lib/android/sdk/platforms/android-36-ext18/data/res/values-mcc313-mnc100-pa: Cannot change mode to rwxr-xr-x: Operation not permitted
build	Cache Android SDK	2026-06-06T12:22:52.1207282Z /usr/bin/tar: ../../../../../usr/local/lib/android/sdk/platforms/android-36-ext18/data/res/values-mcc310-mnc150-ru: Cannot utime: Operation not permitted
build	Cache Android SDK	2026-06-06T12:22:52.1207921Z /usr/bin/tar: ../../../../../usr/local/lib/android/sdk/platforms/android-36-ext18/data/res/values-mcc310-mnc150-ru: Cannot change mode to rwxr-xr-x: Operation not permitted
build	Cache Android SDK	2026-06-06T12:22:52.1210403Z /usr/bin/tar: ../../../../../usr/local/lib/android/sdk/platforms/android-36-ext18/data/res/values-mcc310-mnc560-eu: Cannot utime: Operation not permitted
build	Cache Android SDK	2026-06-06T12:22:52.1210980Z /usr/bin/tar: ../../../../../usr/local/lib/android/sdk/platforms/android-36-ext18/data/res/values-mcc310-mnc560-eu: Cannot change mode to rwxr-xr-x: Operation not permitted
build	Cache Android SDK	2026-06-06T12:22:52.1214363Z /usr/bin/tar: ../../../../../usr/local/lib/android/sdk/platforms/android-36-ext18/data/res/values-mcc310-mnc170-zh-rTW: Cannot utime: Operation not permitted
build	Cache Android SDK	2026-06-06T12:22:52.1214851Z /usr/bin/tar: ../../../../../usr/local/lib/android/sdk/platforms/android-36-ext18/data/res/values-mcc310-mnc170-zh-rTW: Cannot change mode to rwxr-xr-x: Operation not permitted
build	Cache Android SDK	2026-06-06T12:22:52.1216911Z /usr/bin/tar: ../../../../../usr/local/lib/android/sdk/platforms/android-36-ext18/data/res/values-lo-television: Cannot utime: Operation not permitted
build	Cache Android SDK	2026-06-06T12:22:52.1218024Z /usr/bin/tar: ../../../../../usr/local/lib/android/sdk/platforms/android-36-ext18/data/res/values-lo-television: Cannot change mode to rwxr-xr-x: Operation not permitted
build	Cache Android SDK	2026-06-06T12:22:52.1219922Z /usr/bin/tar: ../../../../../usr/local/lib/android/sdk/platforms/android-36-ext18/data/res/values-mcc311-mnc180-mr: Cannot utime: Operation not permitted
build	Cache Android SDK	2026-06-06T12:22:52.1220394Z /usr/bin/tar: ../../../../../usr/local/lib/android/sdk/platforms/android-36-ext18/data/res/values-mcc311-mnc180-mr: Cannot change mode to rwxr-xr-x: Operation not permitted
build	Cache Android SDK	2026-06-06T12:22:52.1223223Z /usr/bin/tar: ../../../../../usr/local/lib/android/sdk/platforms/android-36-ext18/data/res/values-mcc001-mnc01-ne: Cannot utime: Operation not permitted
build	Cache Android SDK	2026-06-06T12:22:52.1223681Z /usr/bin/tar: ../../../../../usr/local/lib/android/sdk/platforms/android-36-ext18/data/res/values-mcc001-mnc01-ne: Cannot change mode to rwxr-xr-x: Operation not permitted
build	Cache Android SDK	2026-06-06T12:22:52.1226220Z /usr/bin/tar: ../../../../../usr/local/lib/android/sdk/platforms/android-36-ext18/data/res/values-iw-watch: Cannot utime: Operation not permitted
build	Cache Android SDK	2026-06-06T12:22:52.1226668Z /usr/bin/tar: ../../../../../usr/local/lib/android/sdk/platforms/android-36-ext18/data/res/values-iw-watch: Cannot change mode to rwxr-xr-x: Operation not permitted
build	Cache Android SDK	2026-06-06T12:22:52.1229206Z /usr/bin/tar: ../../../../../usr/local/lib/android/sdk/platforms/android-36-ext18/data/res/values-mcc310-mnc560-it: Cannot utime: Operation not permitted
build	Cache Android SDK	2026-06-06T12:22:52.1229676Z /usr/bin/tar: ../../../../../usr/local/lib/android/sdk/platforms/android-36-ext18/data/res/values-mcc310-mnc560-it: Cannot change mode to rwxr-xr-x: Operation not permitted
build	Cache Android SDK	2026-06-06T12:22:52.1232768Z /usr/bin/tar: ../../../../../usr/local/lib/android/sdk/platforms/android-36-ext18/data/res/values-mcc313-mnc100-it: Cannot utime: Operation not permitted
build	Cache Android SDK	2026-06-06T12:22:52.1233227Z /usr/bin/tar: ../../../../../usr/local/lib/android/sdk/platforms/android-36-ext18/data/res/values-mcc313-mnc100-it: Cannot change mode to rwxr-xr-x: Operation not permitted
build	Cache Android SDK	2026-06-06T12:22:52.1236189Z /usr/bin/tar: ../../../../../usr/local/lib/android/sdk/platforms/android-36-ext18/data/res/values-mcc310-mnc270-pl: Cannot utime: Operation not permitted
build	Cache Android SDK	2026-06-06T12:22:52.1236654Z /usr/bin/tar: ../../../../../usr/local/lib/android/sdk/platforms/android-36-ext18/data/res/values-mcc310-mnc270-pl: Cannot change mode to rwxr-xr-x: Operation not permitted
build	Cache Android SDK	2026-06-06T12:22:52.1239474Z /usr/bin/tar: ../../../../../usr/local/lib/android/sdk/platforms/android-36-ext18/data/res/values-ca-watch: Cannot utime: Operation not permitted
build	Cache Android SDK	2026-06-06T12:22:52.1239914Z /usr/bin/tar: ../../../../../usr/local/lib/android/sdk/platforms/android-36-ext18/data/res/values-ca-watch: Cannot change mode to rwxr-xr-x: Operation not permitted
build	Cache Android SDK	2026-06-06T12:22:52.1242464Z /usr/bin/tar: ../../../../../usr/local/lib/android/sdk/platforms/android-36-ext18/data/res/values-mcc310-mnc380-ja: Cannot utime: Operation not permitted
build	Cache Android SDK	2026-06-06T12:22:52.1242936Z /usr/bin/tar: ../../../../../usr/local/lib/android/sdk/platforms/android-36-ext18/data/res/values-mcc310-mnc380-ja: Cannot change mode to rwxr-xr-x: Operation not permitted
build	Cache Android SDK	2026-06-06T12:22:52.1298557Z /usr/bin/tar: ../../../../../usr/local/lib/android/sdk/platforms/android-36-ext18/data/res/values: Cannot utime: Operation not permitted
build	Cache Android SDK	2026-06-06T12:22:52.1299024Z /usr/bin/tar: ../../../../../usr/local/lib/android/sdk/platforms/android-36-ext18/data/res/values: Cannot change mode to rwxr-xr-x: Operation not permitted
build	Cache Android SDK	2026-06-06T12:22:52.1301644Z /usr/bin/tar: ../../../../../usr/local/lib/android/sdk/platforms/android-36-ext18/data/res/raw-zh-rCN: Cannot utime: Operation not permitted
build	Cache Android SDK	2026-06-06T12:22:52.1302081Z /usr/bin/tar: ../../../../../usr/local/lib/android/sdk/platforms/android-36-ext18/data/res/raw-zh-rCN: Cannot change mode to rwxr-xr-x: Operation not permitted
build	Cache Android SDK	2026-06-06T12:22:52.1304742Z /usr/bin/tar: ../../../../../usr/local/lib/android/sdk/platforms/android-36-ext18/data/res/values-mcc310-mnc280-ro: Cannot utime: Operation not permitted
build	Cache Android SDK	2026-06-06T12:22:52.1305283Z /usr/bin/tar: ../../../../../usr/local/lib/android/sdk/platforms/android-36-ext18/data/res/values-mcc310-mnc280-ro: Cannot change mode to rwxr-xr-x: Operation not permitted
build	Cache Android SDK	2026-06-06T12:22:52.1307966Z /usr/bin/tar: ../../../../../usr/local/lib/android/sdk/platforms/android-36-ext18/data/res/values-mcc310-mnc250-en-rGB: Cannot utime: Operation not permitted
build	Cache Android SDK	2026-06-06T12:22:52.1308450Z /usr/bin/tar: ../../../../../usr/local/lib/android/sdk/platforms/android-36-ext18/data/res/values-mcc310-mnc250-en-rGB: Cannot change mode to rwxr-xr-x: Operation not permitted
build	Cache Android SDK	2026-06-06T12:22:52.1310914Z /usr/bin/tar: ../../../../../usr/local/lib/android/sdk/platforms/android-36-ext18/data/res/values-es-rCO: Cannot utime: Operation not permitted
build	Cache Android SDK	2026-06-06T12:22:52.1311358Z /usr/bin/tar: ../../../../../usr/local/lib/android/sdk/platforms/android-36-ext18/data/res/values-es-rCO: Cannot change mode to rwxr-xr-x: Operation not permitted
build	Cache Android SDK	2026-06-06T12:22:52.1313860Z /usr/bin/tar: ../../../../../usr/local/lib/android/sdk/platforms/android-36-ext18/data/res/values-mcc310-mnc170-uz: Cannot utime: Operation not permitted
build	Cache Android SDK	2026-06-06T12:22:52.1314334Z /usr/bin/tar: ../../../../../usr/local/lib/android/sdk/platforms/android-36-ext18/data/res/values-mcc310-mnc170-uz: Cannot change mode to rwxr-xr-x: Operation not permitted
build	Cache Android SDK	2026-06-06T12:22:52.1316999Z /usr/bin/tar: ../../../../../usr/local/lib/android/sdk/platforms/android-36-ext18/data/res/values-mcc310-mnc950-is: Cannot utime: Operation not permitted
build	Cache Android SDK	2026-06-06T12:22:52.1317648Z /usr/bin/tar: ../../../../../usr/local/lib/android/sdk/platforms/android-36-ext18/data/res/values-mcc310-mnc950-is: Cannot change mode to rwxr-xr-x: Operation not permitted
build	Cache Android SDK	2026-06-06T12:22:52.1319699Z /usr/bin/tar: ../../../../../usr/local/lib/android/sdk/platforms/android-36-ext18/data/res/values-pt-watch: Cannot utime: Operation not permitted
build	Cache Android SDK	2026-06-06T12:22:52.1320145Z /usr/bin/tar: ../../../../../usr/local/lib/android/sdk/platforms/android-36-ext18/data/res/values-pt-watch: Cannot change mode to rwxr-xr-x: Operation not permitted
build	Cache Android SDK	2026-06-06T12:22:52.1322748Z /usr/bin/tar: ../../../../../usr/local/lib/android/sdk/platforms/android-36-ext18/data/res/values-mcc313-mnc100-pl: Cannot utime: Operation not permitted
build	Cache Android SDK	2026-06-06T12:22:52.1323210Z /usr/bin/tar: ../../../../../usr/local/lib/android/sdk/platforms/android-36-ext18/data/res/values-mcc313-mnc100-pl: Cannot change mode to rwxr-xr-x: Operation not permitted
build	Cache Android SDK	2026-06-06T12:22:52.1325865Z /usr/bin/tar: ../../../../../usr/local/lib/android/sdk/platforms/android-36-ext18/data/res/values-mcc001-mnc01-vi: Cannot utime: Operation not permitted
build	Cache Android SDK	2026-06-06T12:22:52.1326336Z /usr/bin/tar: ../../../../../usr/local/lib/android/sdk/platforms/android-36-ext18/data/res/values-mcc001-mnc01-vi: Cannot change mode to rwxr-xr-x: Operation not permitted
build	Cache Android SDK	2026-06-06T12:22:52.1329164Z /usr/bin/tar: ../../../../../usr/local/lib/android/sdk/platforms/android-36-ext18/data/res/values-mcc313-mnc100-lv: Cannot utime: Operation not permitted
build	Cache Android SDK	2026-06-06T12:22:52.1329630Z /usr/bin/tar: ../../../../../usr/local/lib/android/sdk/platforms/android-36-ext18/data/res/values-mcc313-mnc100-lv: Cannot change mode to rwxr-xr-x: Operation not permitted
build	Cache Android SDK	2026-06-06T12:22:52.1332409Z /usr/bin/tar: ../../../../../usr/local/lib/android/sdk/platforms/android-36-ext18/data/res/values-mcc302-mnc720-gu: Cannot utime: Operation not permitted
build	Cache Android SDK	2026-06-06T12:22:52.1332881Z /usr/bin/tar: ../../../../../usr/local/lib/android/sdk/platforms/android-36-ext18/data/res/values-mcc302-mnc720-gu: Cannot change mode to rwxr-xr-x: Operation not permitted
build	Cache Android SDK	2026-06-06T12:22:52.1335257Z /usr/bin/tar: ../../../../../usr/local/lib/android/sdk/platforms/android-36-ext18/data/res/values-mcc302-mnc370-zh-rCN: Cannot utime: Operation not permitted
build	Cache Android SDK	2026-06-06T12:22:52.1335800Z /usr/bin/tar: ../../../../../usr/local/lib/android/sdk/platforms/android-36-ext18/data/res/values-mcc302-mnc370-zh-rCN: Cannot change mode to rwxr-xr-x: Operation not permitted
build	Cache Android SDK	2026-06-06T12:22:52.1338562Z /usr/bin/tar: ../../../../../usr/local/lib/android/sdk/platforms/android-36-ext18/data/res/values-th-watch: Cannot utime: Operation not permitted
build	Cache Android SDK	2026-06-06T12:22:52.1339009Z /usr/bin/tar: ../../../../../usr/local/lib/android/sdk/platforms/android-36-ext18/data/res/values-th-watch: Cannot change mode to rwxr-xr-x: Operation not permitted
build	Cache Android SDK	2026-06-06T12:22:52.1341484Z /usr/bin/tar: ../../../../../usr/local/lib/android/sdk/platforms/android-36-ext18/data/res/values-mcc310-mnc250-ta: Cannot utime: Operation not permitted
build	Cache Android SDK	2026-06-06T12:22:52.1341949Z /usr/bin/tar: ../../../../../usr/local/lib/android/sdk/platforms/android-36-ext18/data/res/values-mcc310-mnc250-ta: Cannot change mode to rwxr-xr-x: Operation not permitted
build	Cache Android SDK	2026-06-06T12:22:52.1345349Z /usr/bin/tar: ../../../../../usr/local/lib/android/sdk/platforms/android-36-ext18/data/res/values-mcc310-mnc560-mk: Cannot utime: Operation not permitted
build	Cache Android SDK	2026-06-06T12:22:52.1345814Z /usr/bin/tar: ../../../../../usr/local/lib/android/sdk/platforms/android-36-ext18/data/res/values-mcc310-mnc560-mk: Cannot change mode to rwxr-xr-x: Operation not permitted
build	Cache Android SDK	2026-06-06T12:22:52.1348654Z /usr/bin/tar: ../../../../../usr/local/lib/android/sdk/platforms/android-36-ext18/data/res/values-mcc466-mnc02: Cannot utime: Operation not permitted
build	Cache Android SDK	2026-06-06T12:22:52.1349150Z /usr/bin/tar: ../../../../../usr/local/lib/android/sdk/platforms/android-36-ext18/data/res/values-mcc466-mnc02: Cannot change mode to rwxr-xr-x: Operation not permitted
build	Cache Android SDK	2026-06-06T12:22:52.1351752Z /usr/bin/tar: ../../../../../usr/local/lib/android/sdk/platforms/android-36-ext18/data/res/values-mcc310-mnc030: Cannot utime: Operation not permitted
build	Cache Android SDK	2026-06-06T12:22:52.1352210Z /usr/bin/tar: ../../../../../usr/local/lib/android/sdk/platforms/android-36-ext18/data/res/values-mcc310-mnc030: Cannot change mode to rwxr-xr-x: Operation not permitted
build	Cache Android SDK	2026-06-06T12:22:52.1355363Z /usr/bin/tar: ../../../../../usr/local/lib/android/sdk/platforms/android-36-ext18/data/res/values-mcc310-mnc150-sq: Cannot utime: Operation not permitted
build	Cache Android SDK	2026-06-06T12:22:52.1355826Z /usr/bin/tar: ../../../../../usr/local/lib/android/sdk/platforms/android-36-ext18/data/res/values-mcc310-mnc150-sq: Cannot change mode to rwxr-xr-x: Operation not permitted
build	Cache Android SDK	2026-06-06T12:22:52.1358895Z /usr/bin/tar: ../../../../../usr/local/lib/android/sdk/platforms/android-36-ext18/data/res/values-mcc310-mnc220-uz: Cannot utime: Operation not permitted
build	Cache Android SDK	2026-06-06T12:22:52.1359360Z /usr/bin/tar: ../../../../../usr/local/lib/android/sdk/platforms/android-36-ext18/data/res/values-mcc310-mnc220-uz: Cannot change mode to rwxr-xr-x: Operation not permitted
build	Cache Android SDK	2026-06-06T12:22:52.1362069Z /usr/bin/tar: ../../../../../usr/local/lib/android/sdk/platforms/android-36-ext18/data/res/values-mcc310-mnc380-es-rUS: Cannot utime: Operation not permitted
build	Cache Android SDK	2026-06-06T12:22:52.1362550Z /usr/bin/tar: ../../../../../usr/local/lib/android/sdk/platforms/android-36-ext18/data/res/values-mcc310-mnc380-es-rUS: Cannot change mode to rwxr-xr-x: Operation not permitted
build	Cache Android SDK	2026-06-06T12:22:52.1365151Z /usr/bin/tar: ../../../../../usr/local/lib/android/sdk/platforms/android-36-ext18/data/res/values-hu-watch: Cannot utime: Operation not permitted
build	Cache Android SDK	2026-06-06T12:22:52.1365586Z /usr/bin/tar: ../../../../../usr/local/lib/android/sdk/platforms/android-36-ext18/data/res/values-hu-watch: Cannot change mode to rwxr-xr-x: Operation not permitted
build	Cache Android SDK	2026-06-06T12:22:52.1369677Z /usr/bin/tar: ../../../../../usr/local/lib/android/sdk/platforms/android-36-ext18/data/res/values-mcc311-mnc180-et: Cannot utime: Operation not permitted
build	Cache Android SDK	2026-06-06T12:22:52.1370136Z /usr/bin/tar: ../../../../../usr/local/lib/android/sdk/platforms/android-36-ext18/data/res/values-mcc311-mnc180-et: Cannot change mode to rwxr-xr-x: Operation not permitted
build	Cache Android SDK	2026-06-06T12:22:52.1372599Z /usr/bin/tar: ../../../../../usr/local/lib/android/sdk/platforms/android-36-ext18/data/res/values-mcc310-mnc800-my: Cannot utime: Operation not permitted
build	Cache Android SDK	2026-06-06T12:22:52.1373163Z /usr/bin/tar: ../../../../../usr/local/lib/android/sdk/platforms/android-36-ext18/data/res/values-mcc310-mnc800-my: Cannot change mode to rwxr-xr-x: Operation not permitted
build	Cache Android SDK	2026-06-06T12:22:52.1376777Z /usr/bin/tar: ../../../../../usr/local/lib/android/sdk/platforms/android-36-ext18/data/res/values-mcc310-mnc150-pl: Cannot utime: Operation not permitted
build	Cache Android SDK	2026-06-06T12:22:52.1377257Z /usr/bin/tar: ../../../../../usr/local/lib/android/sdk/platforms/android-36-ext18/data/res/values-mcc310-mnc150-pl: Cannot change mode to rwxr-xr-x: Operation not permitted
build	Cache Android SDK	2026-06-06T12:22:52.1379653Z /usr/bin/tar: ../../../../../usr/local/lib/android/sdk/platforms/android-36-ext18/data/res/values-mcc302-mnc370-ja: Cannot utime: Operation not permitted
build	Cache Android SDK	2026-06-06T12:22:52.1380143Z /usr/bin/tar: ../../../../../usr/local/lib/android/sdk/platforms/android-36-ext18/data/res/values-mcc302-mnc370-ja: Cannot change mode to rwxr-xr-x: Operation not permitted
build	Cache Android SDK	2026-06-06T12:22:52.1385468Z /usr/bin/tar: ../../../../../usr/local/lib/android/sdk/platforms/android-36-ext18/data/res/values-mcc302-mnc370-my: Cannot utime: Operation not permitted
build	Cache Android SDK	2026-06-06T12:22:52.1386048Z /usr/bin/tar: ../../../../../usr/local/lib/android/sdk/platforms/android-36-ext18/data/res/values-mcc302-mnc370-my: Cannot change mode to rwxr-xr-x: Operation not permitted
build	Cache Android SDK	2026-06-06T12:22:52.1393133Z /usr/bin/tar: ../../../../../usr/local/lib/android/sdk/platforms/android-36-ext18/data/res/drawable-sw600dp-xhdpi: Cannot utime: Operation not permitted
build	Cache Android SDK	2026-06-06T12:22:52.1393777Z /usr/bin/tar: ../../../../../usr/local/lib/android/sdk/platforms/android-36-ext18/data/res/drawable-sw600dp-xhdpi: Cannot change mode to rwxr-xr-x: Operation not permitted
build	Cache Android SDK	2026-06-06T12:22:52.1395906Z /usr/bin/tar: ../../../../../usr/local/lib/android/sdk/platforms/android-36-ext18/data/res/values-mcc510-mnc89: Cannot utime: Operation not permitted
build	Cache Android SDK	2026-06-06T12:22:52.1396376Z /usr/bin/tar: ../../../../../usr/local/lib/android/sdk/platforms/android-36-ext18/data/res/values-mcc510-mnc89: Cannot change mode to rwxr-xr-x: Operation not permitted
build	Cache Android SDK	2026-06-06T12:22:52.1398917Z /usr/bin/tar: ../../../../../usr/local/lib/android/sdk/platforms/android-36-ext18/data/res/values-mcc313-mnc100-gl: Cannot utime: Operation not permitted
build	Cache Android SDK	2026-06-06T12:22:52.1399384Z /usr/bin/tar: ../../../../../usr/local/lib/android/sdk/platforms/android-36-ext18/data/res/values-mcc313-mnc100-gl: Cannot change mode to rwxr-xr-x: Operation not permitted
build	Cache Android SDK	2026-06-06T12:22:52.1401570Z /usr/bin/tar: ../../../../../usr/local/lib/android/sdk/platforms/android-36-ext18/data/res/values-mcc310-mnc490-da: Cannot utime: Operation not permitted
build	Cache Android SDK	2026-06-06T12:22:52.1402038Z /usr/bin/tar: ../../../../../usr/local/lib/android/sdk/platforms/android-36-ext18/data/res/values-mcc310-mnc490-da: Cannot change mode to rwxr-xr-x: Operation not permitted
build	Cache Android SDK	2026-06-06T12:22:52.1404782Z /usr/bin/tar: ../../../../../usr/local/lib/android/sdk/platforms/android-36-ext18/data/res/values-mcc310-mnc240-uz: Cannot utime: Operation not permitted
build	Cache Android SDK	2026-06-06T12:22:52.1405246Z /usr/bin/tar: ../../../../../usr/local/lib/android/sdk/platforms/android-36-ext18/data/res/values-mcc310-mnc240-uz: Cannot change mode to rwxr-xr-x: Operation not permitted
build	Cache Android SDK	2026-06-06T12:22:52.1408295Z /usr/bin/tar: ../../../../../usr/local/lib/android/sdk/platforms/android-36-ext18/data/res/values-mcc310-mnc170-ky: Cannot utime: Operation not permitted
build	Cache Android SDK	2026-06-06T12:22:52.1408866Z /usr/bin/tar: ../../../../../usr/local/lib/android/sdk/platforms/android-36-ext18/data/res/values-mcc310-mnc170-ky: Cannot change mode to rwxr-xr-x: Operation not permitted
build	Cache Android SDK	2026-06-06T12:22:52.1411802Z /usr/bin/tar: ../../../../../usr/local/lib/android/sdk/platforms/android-36-ext18/data/res/values-mcc310-mnc950-az: Cannot utime: Operation not permitted
build	Cache Android SDK	2026-06-06T12:22:52.1412265Z /usr/bin/tar: ../../../../../usr/local/lib/android/sdk/platforms/android-36-ext18/data/res/values-mcc310-mnc950-az: Cannot change mode to rwxr-xr-x: Operation not permitted
build	Cache Android SDK	2026-06-06T12:22:52.1414960Z /usr/bin/tar: ../../../../../usr/local/lib/android/sdk/platforms/android-36-ext18/data/res/values-mcc310-mnc220-zh-rTW: Cannot utime: Operation not permitted
build	Cache Android SDK	2026-06-06T12:22:52.1415490Z /usr/bin/tar: ../../../../../usr/local/lib/android/sdk/platforms/android-36-ext18/data/res/values-mcc310-mnc220-zh-rTW: Cannot change mode to rwxr-xr-x: Operation not permitted
build	Cache Android SDK	2026-06-06T12:22:52.1418754Z /usr/bin/tar: ../../../../../usr/local/lib/android/sdk/platforms/android-36-ext18/data/res/values-mcc310-mnc150-ky: Cannot utime: Operation not permitted
build	Cache Android SDK	2026-06-06T12:22:52.1419219Z /usr/bin/tar: ../../../../../usr/local/lib/android/sdk/platforms/android-36-ext18/data/res/values-mcc310-mnc150-ky: Cannot change mode to rwxr-xr-x: Operation not permitted
build	Cache Android SDK	2026-06-06T12:22:52.1422185Z /usr/bin/tar: ../../../../../usr/local/lib/android/sdk/platforms/android-36-ext18/data/res/values-mcc310-mnc950-hi: Cannot utime: Operation not permitted
build	Cache Android SDK	2026-06-06T12:22:52.1422647Z /usr/bin/tar: ../../../../../usr/local/lib/android/sdk/platforms/android-36-ext18/data/res/values-mcc310-mnc950-hi: Cannot change mode to rwxr-xr-x: Operation not permitted
build	Cache Android SDK	2026-06-06T12:22:52.1425774Z /usr/bin/tar: ../../../../../usr/local/lib/android/sdk/platforms/android-36-ext18/data/res/values-mcc310-mnc250-th: Cannot utime: Operation not permitted
build	Cache Android SDK	2026-06-06T12:22:52.1426224Z /usr/bin/tar: ../../../../../usr/local/lib/android/sdk/platforms/android-36-ext18/data/res/values-mcc310-mnc250-th: Cannot change mode to rwxr-xr-x: Operation not permitted
build	Cache Android SDK	2026-06-06T12:22:52.1430770Z /usr/bin/tar: ../../../../../usr/local/lib/android/sdk/platforms/android-36-ext18/data/res/values-round-watch: Cannot utime: Operation not permitted
build	Cache Android SDK	2026-06-06T12:22:52.1431222Z /usr/bin/tar: ../../../../../usr/local/lib/android/sdk/platforms/android-36-ext18/data/res/values-round-watch: Cannot change mode to rwxr-xr-x: Operation not permitted
build	Cache Android SDK	2026-06-06T12:22:52.1433987Z /usr/bin/tar: ../../../../../usr/local/lib/android/sdk/platforms/android-36-ext18/data/res/values-mcc310-mnc160-te: Cannot utime: Operation not permitted
build	Cache Android SDK	2026-06-06T12:22:52.1434452Z /usr/bin/tar: ../../../../../usr/local/lib/android/sdk/platforms/android-36-ext18/data/res/values-mcc310-mnc160-te: Cannot change mode to rwxr-xr-x: Operation not permitted
build	Cache Android SDK	2026-06-06T12:22:52.1442931Z /usr/bin/tar: ../../../../../usr/local/lib/android/sdk/platforms/android-36-ext18/data/res/color-watch: Cannot utime: Operation not permitted
build	Cache Android SDK	2026-06-06T12:22:52.1443586Z /usr/bin/tar: ../../../../../usr/local/lib/android/sdk/platforms/android-36-ext18/data/res/color-watch: Cannot change mode to rwxr-xr-x: Operation not permitted
build	Cache Android SDK	2026-06-06T12:22:52.1446348Z /usr/bin/tar: ../../../../../usr/local/lib/android/sdk/platforms/android-36-ext18/data/res/values-mcc310-mnc950-mr: Cannot utime: Operation not permitted
build	Cache Android SDK	2026-06-06T12:22:52.1446825Z /usr/bin/tar: ../../../../../usr/local/lib/android/sdk/platforms/android-36-ext18/data/res/values-mcc310-mnc950-mr: Cannot change mode to rwxr-xr-x: Operation not permitted
build	Cache Android SDK	2026-06-06T12:22:52.1449317Z /usr/bin/tar: ../../../../../usr/local/lib/android/sdk/platforms/android-36-ext18/data/res/values-mcc312-mnc670-is: Cannot utime: Operation not permitted
build	Cache Android SDK	2026-06-06T12:22:52.1449787Z /usr/bin/tar: ../../../../../usr/local/lib/android/sdk/platforms/android-36-ext18/data/res/values-mcc312-mnc670-is: Cannot change mode to rwxr-xr-x: Operation not permitted
build	Cache Android SDK	2026-06-06T12:22:52.1452408Z /usr/bin/tar: ../../../../../usr/local/lib/android/sdk/platforms/android-36-ext18/data/res/values-mcc310-mnc030-it: Cannot utime: Operation not permitted
build	Cache Android SDK	2026-06-06T12:22:52.1452864Z /usr/bin/tar: ../../../../../usr/local/lib/android/sdk/platforms/android-36-ext18/data/res/values-mcc310-mnc030-it: Cannot change mode to rwxr-xr-x: Operation not permitted
build	Cache Android SDK	2026-06-06T12:22:52.1455386Z /usr/bin/tar: ../../../../../usr/local/lib/android/sdk/platforms/android-36-ext18/data/res/values-mcc313-mnc100-ky: Cannot utime: Operation not permitted
build	Cache Android SDK	2026-06-06T12:22:52.1455846Z /usr/bin/tar: ../../../../../usr/local/lib/android/sdk/platforms/android-36-ext18/data/res/values-mcc313-mnc100-ky: Cannot change mode to rwxr-xr-x: Operation not permitted
build	Cache Android SDK	2026-06-06T12:22:52.1458646Z /usr/bin/tar: ../../../../../usr/local/lib/android/sdk/platforms/android-36-ext18/data/res/values-mcc311-mnc180-en-rAU: Cannot utime: Operation not permitted
build	Cache Android SDK	2026-06-06T12:22:52.1459181Z /usr/bin/tar: ../../../../../usr/local/lib/android/sdk/platforms/android-36-ext18/data/res/values-mcc311-mnc180-en-rAU: Cannot change mode to rwxr-xr-x: Operation not permitted
build	Cache Android SDK	2026-06-06T12:22:52.1461618Z /usr/bin/tar: ../../../../../usr/local/lib/android/sdk/platforms/android-36-ext18/data/res/values-mcc310-mnc490-sr: Cannot utime: Operation not permitted
build	Cache Android SDK	2026-06-06T12:22:52.1462073Z /usr/bin/tar: ../../../../../usr/local/lib/android/sdk/platforms/android-36-ext18/data/res/values-mcc310-mnc490-sr: Cannot change mode to rwxr-xr-x: Operation not permitted
build	Cache Android SDK	2026-06-06T12:22:52.1464799Z /usr/bin/tar: ../../../../../usr/local/lib/android/sdk/platforms/android-36-ext18/data/res/values-mcc310-mnc560-uz: Cannot utime: Operation not permitted
build	Cache Android SDK	2026-06-06T12:22:52.1465262Z /usr/bin/tar: ../../../../../usr/local/lib/android/sdk/platforms/android-36-ext18/data/res/values-mcc310-mnc560-uz: Cannot change mode to rwxr-xr-x: Operation not permitted
build	Cache Android SDK	2026-06-06T12:22:52.1467734Z /usr/bin/tar: ../../../../../usr/local/lib/android/sdk/platforms/android-36-ext18/data/res/values-mcc310-mnc490-sw: Cannot utime: Operation not permitted
build	Cache Android SDK	2026-06-06T12:22:52.1468203Z /usr/bin/tar: ../../../../../usr/local/lib/android/sdk/platforms/android-36-ext18/data/res/values-mcc310-mnc490-sw: Cannot change mode to rwxr-xr-x: Operation not permitted
build	Cache Android SDK	2026-06-06T12:22:52.1471254Z /usr/bin/tar: ../../../../../usr/local/lib/android/sdk/platforms/android-36-ext18/data/res/values-mcc302-mnc370-is: Cannot utime: Operation not permitted
build	Cache Android SDK	2026-06-06T12:22:52.1471721Z /usr/bin/tar: ../../../../../usr/local/lib/android/sdk/platforms/android-36-ext18/data/res/values-mcc302-mnc370-is: Cannot change mode to rwxr-xr-x: Operation not permitted
build	Cache Android SDK	2026-06-06T12:22:52.1474115Z /usr/bin/tar: ../../../../../usr/local/lib/android/sdk/platforms/android-36-ext18/data/res/values-mcc302-mnc610: Cannot utime: Operation not permitted
build	Cache Android SDK	2026-06-06T12:22:52.1474583Z /usr/bin/tar: ../../../../../usr/local/lib/android/sdk/platforms/android-36-ext18/data/res/values-mcc302-mnc610: Cannot change mode to rwxr-xr-x: Operation not permitted
build	Cache Android SDK	2026-06-06T12:22:52.1477040Z /usr/bin/tar: ../../../../../usr/local/lib/android/sdk/platforms/android-36-ext18/data/res/values-mcc310-mnc800-el: Cannot utime: Operation not permitted
build	Cache Android SDK	2026-06-06T12:22:52.1477682Z /usr/bin/tar: ../../../../../usr/local/lib/android/sdk/platforms/android-36-ext18/data/res/values-mcc310-mnc800-el: Cannot change mode to rwxr-xr-x: Operation not permitted
build	Cache Android SDK	2026-06-06T12:22:52.1480171Z /usr/bin/tar: ../../../../../usr/local/lib/android/sdk/platforms/android-36-ext18/data/res/values-mcc302-mnc720-gl: Cannot utime: Operation not permitted
build	Cache Android SDK	2026-06-06T12:22:52.1480634Z /usr/bin/tar: ../../../../../usr/local/lib/android/sdk/platforms/android-36-ext18/data/res/values-mcc302-mnc720-gl: Cannot change mode to rwxr-xr-x: Operation not permitted
build	Cache Android SDK	2026-06-06T12:22:52.1483045Z /usr/bin/tar: ../../../../../usr/local/lib/android/sdk/platforms/android-36-ext18/data/res/values-nl-television: Cannot utime: Operation not permitted
build	Cache Android SDK	2026-06-06T12:22:52.1483506Z /usr/bin/tar: ../../../../../usr/local/lib/android/sdk/platforms/android-36-ext18/data/res/values-nl-television: Cannot change mode to rwxr-xr-x: Operation not permitted
build	Cache Android SDK	2026-06-06T12:22:52.1486330Z /usr/bin/tar: ../../../../../usr/local/lib/android/sdk/platforms/android-36-ext18/data/res/values-mcc334-mnc020-mk: Cannot utime: Operation not permitted
build	Cache Android SDK	2026-06-06T12:22:52.1486794Z /usr/bin/tar: ../../../../../usr/local/lib/android/sdk/platforms/android-36-ext18/data/res/values-mcc334-mnc020-mk: Cannot change mode to rwxr-xr-x: Operation not permitted
build	Cache Android SDK	2026-06-06T12:22:52.1489292Z /usr/bin/tar: ../../../../../usr/local/lib/android/sdk/platforms/android-36-ext18/data/res/values-mcc310-mnc950-de: Cannot utime: Operation not permitted
build	Cache Android SDK	2026-06-06T12:22:52.1489816Z /usr/bin/tar: ../../../../../usr/local/lib/android/sdk/platforms/android-36-ext18/data/res/values-mcc310-mnc950-de: Cannot change mode to rwxr-xr-x: Operation not permitted
build	Cache Android SDK	2026-06-06T12:22:52.1492481Z /usr/bin/tar: ../../../../../usr/local/lib/android/sdk/platforms/android-36-ext18/data/res/values-mcc310-mnc270-lt: Cannot utime: Operation not permitted
build	Cache Android SDK	2026-06-06T12:22:52.1492939Z /usr/bin/tar: ../../../../../usr/local/lib/android/sdk/platforms/android-36-ext18/data/res/values-mcc310-mnc270-lt: Cannot change mode to rwxr-xr-x: Operation not permitted
build	Cache Android SDK	2026-06-06T12:22:52.1495546Z /usr/bin/tar: ../../../../../usr/local/lib/android/sdk/platforms/android-36-ext18/data/res/values-mcc310-mnc410-sk: Cannot utime: Operation not permitted
build	Cache Android SDK	2026-06-06T12:22:52.1496009Z /usr/bin/tar: ../../../../../usr/local/lib/android/sdk/platforms/android-36-ext18/data/res/values-mcc310-mnc410-sk: Cannot change mode to rwxr-xr-x: Operation not permitted
build	Cache Android SDK	2026-06-06T12:22:52.1499040Z /usr/bin/tar: ../../../../../usr/local/lib/android/sdk/platforms/android-36-ext18/data/res/values-mcc001-mnc01-sq: Cannot utime: Operation not permitted
build	Cache Android SDK	2026-06-06T12:22:52.1499581Z /usr/bin/tar: ../../../../../usr/local/lib/android/sdk/platforms/android-36-ext18/data/res/values-mcc001-mnc01-sq: Cannot change mode to rwxr-xr-x: Operation not permitted
build	Cache Android SDK	2026-06-06T12:22:52.1502282Z /usr/bin/tar: ../../../../../usr/local/lib/android/sdk/platforms/android-36-ext18/data/res/values-mcc310-mnc230-sl: Cannot utime: Operation not permitted
build	Cache Android SDK	2026-06-06T12:22:52.1502743Z /usr/bin/tar: ../../../../../usr/local/lib/android/sdk/platforms/android-36-ext18/data/res/values-mcc310-mnc230-sl: Cannot change mode to rwxr-xr-x: Operation not permitted
build	Cache Android SDK	2026-06-06T12:22:52.1505703Z /usr/bin/tar: ../../../../../usr/local/lib/android/sdk/platforms/android-36-ext18/data/res/values-mcc310-mnc240-en-rIN: Cannot utime: Operation not permitted
build	Cache Android SDK	2026-06-06T12:22:52.1506191Z /usr/bin/tar: ../../../../../usr/local/lib/android/sdk/platforms/android-36-ext18/data/res/values-mcc310-mnc240-en-rIN: Cannot change mode to rwxr-xr-x: Operation not permitted
build	Cache Android SDK	2026-06-06T12:22:52.1508943Z /usr/bin/tar: ../../../../../usr/local/lib/android/sdk/platforms/android-36-ext18/data/res/values-mcc310-mnc560-my: Cannot utime: Operation not permitted
build	Cache Android SDK	2026-06-06T12:22:52.1509416Z /usr/bin/tar: ../../../../../usr/local/lib/android/sdk/platforms/android-36-ext18/data/res/values-mcc310-mnc560-my: Cannot change mode to rwxr-xr-x: Operation not permitted
build	Cache Android SDK	2026-06-06T12:22:52.1512221Z /usr/bin/tar: ../../../../../usr/local/lib/android/sdk/platforms/android-36-ext18/data/res/values-mcc001-mnc01-ca: Cannot utime: Operation not permitted
build	Cache Android SDK	2026-06-06T12:22:52.1512676Z /usr/bin/tar: ../../../../../usr/local/lib/android/sdk/platforms/android-36-ext18/data/res/values-mcc001-mnc01-ca: Cannot change mode to rwxr-xr-x: Operation not permitted
build	Cache Android SDK	2026-06-06T12:22:52.1515265Z /usr/bin/tar: ../../../../../usr/local/lib/android/sdk/platforms/android-36-ext18/data/res/values-mcc310-mnc220-be: Cannot utime: Operation not permitted
build	Cache Android SDK	2026-06-06T12:22:52.1515731Z /usr/bin/tar: ../../../../../usr/local/lib/android/sdk/platforms/android-36-ext18/data/res/values-mcc310-mnc220-be: Cannot change mode to rwxr-xr-x: Operation not permitted
build	Cache Android SDK	2026-06-06T12:22:52.1518556Z /usr/bin/tar: ../../../../../usr/local/lib/android/sdk/platforms/android-36-ext18/data/res/values-mcc334-mnc020-fi: Cannot utime: Operation not permitted
build	Cache Android SDK	2026-06-06T12:22:52.1521769Z /usr/bin/tar: ../../../../../usr/local/lib/android/sdk/platforms/android-36-ext18/data/res/values-mcc334-mnc020-fi: Cannot change mode to rwxr-xr-x: Operation not permitted
build	Cache Android SDK	2026-06-06T12:22:52.1522174Z /usr/bin/tar: ../../../../../usr/local/lib/android/sdk/platforms/android-36-ext18/data/res/values-mcc302-mnc370-kk: Cannot utime: Operation not permitted
build	Cache Android SDK	2026-06-06T12:22:52.1522617Z /usr/bin/tar: ../../../../../usr/local/lib/android/sdk/platforms/android-36-ext18/data/res/values-mcc302-mnc370-kk: Cannot change mode to rwxr-xr-x: Operation not permitted
build	Cache Android SDK	2026-06-06T12:22:52.1524982Z /usr/bin/tar: ../../../../../usr/local/lib/android/sdk/platforms/android-36-ext18/data/res/values-mcc311-mnc180-kk: Cannot utime: Operation not permitted
build	Cache Android SDK	2026-06-06T12:22:52.1525492Z /usr/bin/tar: ../../../../../usr/local/lib/android/sdk/platforms/android-36-ext18/data/res/values-mcc311-mnc180-kk: Cannot change mode to rwxr-xr-x: Operation not permitted
build	Cache Android SDK	2026-06-06T12:22:52.1529271Z /usr/bin/tar: ../../../../../usr/local/lib/android/sdk/platforms/android-36-ext18/data/res/drawable-round-watch: Cannot utime: Operation not permitted
build	Cache Android SDK	2026-06-06T12:22:52.1529752Z /usr/bin/tar: ../../../../../usr/local/lib/android/sdk/platforms/android-36-ext18/data/res/drawable-round-watch: Cannot change mode to rwxr-xr-x: Operation not permitted
build	Cache Android SDK	2026-06-06T12:22:52.1532140Z /usr/bin/tar: ../../../../../usr/local/lib/android/sdk/platforms/android-36-ext18/data/res/values-pt-rPT-television: Cannot utime: Operation not permitted
build	Cache Android SDK	2026-06-06T12:22:52.1532635Z /usr/bin/tar: ../../../../../usr/local/lib/android/sdk/platforms/android-36-ext18/data/res/values-pt-rPT-television: Cannot change mode to rwxr-xr-x: Operation not permitted
build	Cache Android SDK	2026-06-06T12:22:52.1535172Z /usr/bin/tar: ../../../../../usr/local/lib/android/sdk/platforms/android-36-ext18/data/res/values-mcc302-mnc720-ur: Cannot utime: Operation not permitted
build	Cache Android SDK	2026-06-06T12:22:52.1535636Z /usr/bin/tar: ../../../../../usr/local/lib/android/sdk/platforms/android-36-ext18/data/res/values-mcc302-mnc720-ur: Cannot change mode to rwxr-xr-x: Operation not permitted
build	Cache Android SDK	2026-06-06T12:22:52.5065812Z /usr/bin/tar: ../../../../../usr/local/lib/android/sdk/platforms/android-36-ext18/data/res/drawable-xxhdpi: Cannot utime: Operation not permitted
build	Cache Android SDK	2026-06-06T12:22:52.5069993Z /usr/bin/tar: ../../../../../usr/local/lib/android/sdk/platforms/android-36-ext18/data/res/drawable-xxhdpi: Cannot change mode to rwxr-xr-x: Operation not permitted
build	Cache Android SDK	2026-06-06T12:22:52.5071212Z /usr/bin/tar: ../../../../../usr/local/lib/android/sdk/platforms/android-36-ext18/data/res/values-mcc310-mnc380-th: Cannot utime: Operation not permitted
build	Cache Android SDK	2026-06-06T12:22:52.5073082Z /usr/bin/tar: ../../../../../usr/local/lib/android/sdk/platforms/android-36-ext18/data/res/values-mcc310-mnc380-th: Cannot change mode to rwxr-xr-x: Operation not permitted
build	Cache Android SDK	2026-06-06T12:22:52.5074411Z /usr/bin/tar: ../../../../../usr/local/lib/android/sdk/platforms/android-36-ext18/data/res/values-mcc310-mnc380-en-rXC: Cannot utime: Operation not permitted
build	Cache Android SDK	2026-06-06T12:22:52.5076113Z /usr/bin/tar: ../../../../../usr/local/lib/android/sdk/platforms/android-36-ext18/data/res/values-mcc310-mnc380-en-rXC: Cannot change mode to rwxr-xr-x: Operation not permitted
build	Cache Android SDK	2026-06-06T12:22:52.5077967Z /usr/bin/tar: ../../../../../usr/local/lib/android/sdk/platforms/android-36-ext18/data/res/values-mcc310-mnc410-es: Cannot utime: Operation not permitted
build	Cache Android SDK	2026-06-06T12:22:52.5079743Z /usr/bin/tar: ../../../../../usr/local/lib/android/sdk/platforms/android-36-ext18/data/res/values-mcc310-mnc410-es: Cannot change mode to rwxr-xr-x: Operation not permitted
build	Cache Android SDK	2026-06-06T12:22:52.5088454Z /usr/bin/tar: ../../../../../usr/local/lib/android/sdk/platforms/android-36-ext18/data/res/values-mcc310-mnc660-pt-rBR: Cannot utime: Operation not permitted
build	Cache Android SDK	2026-06-06T12:22:52.5089489Z /usr/bin/tar: ../../../../../usr/local/lib/android/sdk/platforms/android-36-ext18/data/res/values-mcc310-mnc660-pt-rBR: Cannot change mode to rwxr-xr-x: Operation not permitted
build	Cache Android SDK	2026-06-06T12:22:52.5100238Z /usr/bin/tar: ../../../../../usr/local/lib/android/sdk/platforms/android-36-ext18/data/res/values-mcc310-mnc250-ka: Cannot utime: Operation not permitted
build	Cache Android SDK	2026-06-06T12:22:52.5101485Z /usr/bin/tar: ../../../../../usr/local/lib/android/sdk/platforms/android-36-ext18/data/res/values-mcc310-mnc250-ka: Cannot change mode to rwxr-xr-x: Operation not permitted
build	Cache Android SDK	2026-06-06T12:22:52.5107043Z /usr/bin/tar: ../../../../../usr/local/lib/android/sdk/platforms/android-36-ext18/data/res/values-mcc310-mnc800-lt: Cannot utime: Operation not permitted
build	Cache Android SDK	2026-06-06T12:22:52.5109374Z /usr/bin/tar: ../../../../../usr/local/lib/android/sdk/platforms/android-36-ext18/data/res/values-mcc310-mnc800-lt: Cannot change mode to rwxr-xr-x: Operation not permitted
build	Cache Android SDK	2026-06-06T12:22:52.5115636Z /usr/bin/tar: ../../../../../usr/local/lib/android/sdk/platforms/android-36-ext18/data/res/values-my-watch: Cannot utime: Operation not permitted
build	Cache Android SDK	2026-06-06T12:22:52.5116724Z /usr/bin/tar: ../../../../../usr/local/lib/android/sdk/platforms/android-36-ext18/data/res/values-my-watch: Cannot change mode to rwxr-xr-x: Operation not permitted
build	Cache Android SDK	2026-06-06T12:22:52.5131752Z /usr/bin/tar: ../../../../../usr/local/lib/android/sdk/platforms/android-36-ext18/data/res/values-mcc310-mnc950-sl: Cannot utime: Operation not permitted
build	Cache Android SDK	2026-06-06T12:22:52.5143204Z /usr/bin/tar: ../../../../../usr/local/lib/android/sdk/platforms/android-36-ext18/data/res/values-mcc310-mnc950-sl: Cannot change mode to rwxr-xr-x: Operation not permitted
build	Cache Android SDK	2026-06-06T12:22:52.5145127Z /usr/bin/tar: ../../../../../usr/local/lib/android/sdk/platforms/android-36-ext18/data/res/values-uz: Cannot utime: Operation not permitted
build	Cache Android SDK	2026-06-06T12:22:52.5146793Z /usr/bin/tar: ../../../../../usr/local/lib/android/sdk/platforms/android-36-ext18/data/res/values-uz: Cannot change mode to rwxr-xr-x: Operation not permitted
build	Cache Android SDK	2026-06-06T12:22:52.5148845Z /usr/bin/tar: ../../../../../usr/local/lib/android/sdk/platforms/android-36-ext18/data/res/values-mcc310-mnc380-mr: Cannot utime: Operation not permitted
build	Cache Android SDK	2026-06-06T12:22:52.5150087Z /usr/bin/tar: ../../../../../usr/local/lib/android/sdk/platforms/android-36-ext18/data/res/values-mcc310-mnc380-mr: Cannot change mode to rwxr-xr-x: Operation not permitted
build	Cache Android SDK	2026-06-06T12:22:52.5151028Z /usr/bin/tar: ../../../../../usr/local/lib/android/sdk/platforms/android-36-ext18/data/res/values-mcc310-mnc160-kk: Cannot utime: Operation not permitted
build	Cache Android SDK	2026-06-06T12:22:52.5152523Z /usr/bin/tar: ../../../../../usr/local/lib/android/sdk/platforms/android-36-ext18/data/res/values-mcc310-mnc160-kk: Cannot change mode to rwxr-xr-x: Operation not permitted
build	Cache Android SDK	2026-06-06T12:22:52.5153712Z /usr/bin/tar: ../../../../../usr/local/lib/android/sdk/platforms/android-36-ext18/data/res/values-mcc310-mnc240-is: Cannot utime: Operation not permitted
build	Cache Android SDK	2026-06-06T12:22:52.5154661Z /usr/bin/tar: ../../../../../usr/local/lib/android/sdk/platforms/android-36-ext18/data/res/values-mcc310-mnc240-is: Cannot change mode to rwxr-xr-x: Operation not permitted
build	Cache Android SDK	2026-06-06T12:22:52.5167949Z /usr/bin/tar: ../../../../../usr/local/lib/android/sdk/platforms/android-36-ext18/data/res/values-mcc313-mnc100: Cannot utime: Operation not permitted
build	Cache Android SDK	2026-06-06T12:22:52.5168967Z /usr/bin/tar: ../../../../../usr/local/lib/android/sdk/platforms/android-36-ext18/data/res/values-mcc313-mnc100: Cannot change mode to rwxr-xr-x: Operation not permitted
build	Cache Android SDK	2026-06-06T12:22:52.5298109Z /usr/bin/tar: ../../../../../usr/local/lib/android/sdk/platforms/android-36-ext18/data/res/values-mcc313-mnc100-mk: Cannot utime: Operation not permitted
build	Cache Android SDK	2026-06-06T12:22:52.5299175Z /usr/bin/tar: ../../../../../usr/local/lib/android/sdk/platforms/android-36-ext18/data/res/values-mcc313-mnc100-mk: Cannot change mode to rwxr-xr-x: Operation not permitted
build	Cache Android SDK	2026-06-06T12:22:52.5301626Z /usr/bin/tar: ../../../../../usr/local/lib/android/sdk/platforms/android-36-ext18/data/res/values-mcc310-mnc030-bg: Cannot utime: Operation not permitted
build	Cache Android SDK	2026-06-06T12:22:52.5306424Z /usr/bin/tar: ../../../../../usr/local/lib/android/sdk/platforms/android-36-ext18/data/res/values-mcc310-mnc030-bg: Cannot change mode to rwxr-xr-x: Operation not permitted
build	Cache Android SDK	2026-06-06T12:22:52.5307907Z /usr/bin/tar: ../../../../../usr/local/lib/android/sdk/platforms/android-36-ext18/data/res/values-hi-watch: Cannot utime: Operation not permitted
build	Cache Android SDK	2026-06-06T12:22:52.5308847Z /usr/bin/tar: ../../../../../usr/local/lib/android/sdk/platforms/android-36-ext18/data/res/values-hi-watch: Cannot change mode to rwxr-xr-x: Operation not permitted
build	Cache Android SDK	2026-06-06T12:22:52.5319147Z /usr/bin/tar: ../../../../../usr/local/lib/android/sdk/platforms/android-36-ext18/data/res/values-mcc310-mnc160-ru: Cannot utime: Operation not permitted
build	Cache Android SDK	2026-06-06T12:22:52.5320714Z /usr/bin/tar: ../../../../../usr/local/lib/android/sdk/platforms/android-36-ext18/data/res/values-mcc310-mnc160-ru: Cannot change mode to rwxr-xr-x: Operation not permitted
build	Cache Android SDK	2026-06-06T12:22:52.5322389Z /usr/bin/tar: ../../../../../usr/local/lib/android/sdk/platforms/android-36-ext18/data/res/values-mcc310-mnc240-km: Cannot utime: Operation not permitted
build	Cache Android SDK	2026-06-06T12:22:52.5323342Z /usr/bin/tar: ../../../../../usr/local/lib/android/sdk/platforms/android-36-ext18/data/res/values-mcc310-mnc240-km: Cannot change mode to rwxr-xr-x: Operation not permitted
build	Cache Android SDK	2026-06-06T12:22:52.5326872Z /usr/bin/tar: ../../../../../usr/local/lib/android/sdk/platforms/android-36-ext18/data/res/values-mcc310-mnc270-ro: Cannot utime: Operation not permitted
build	Cache Android SDK	2026-06-06T12:22:52.5328257Z /usr/bin/tar: ../../../../../usr/local/lib/android/sdk/platforms/android-36-ext18/data/res/values-mcc310-mnc270-ro: Cannot change mode to rwxr-xr-x: Operation not permitted
build	Cache Android SDK	2026-06-06T12:22:52.5333871Z /usr/bin/tar: ../../../../../usr/local/lib/android/sdk/platforms/android-36-ext18/data/res/values-ko-television: Cannot utime: Operation not permitted
build	Cache Android SDK	2026-06-06T12:22:52.5335721Z /usr/bin/tar: ../../../../../usr/local/lib/android/sdk/platforms/android-36-ext18/data/res/values-ko-television: Cannot change mode to rwxr-xr-x: Operation not permitted
build	Cache Android SDK	2026-06-06T12:22:52.5339255Z /usr/bin/tar: ../../../../../usr/local/lib/android/sdk/platforms/android-36-ext18/data/res/values-mcc310-mnc230-ja: Cannot utime: Operation not permitted
build	Cache Android SDK	2026-06-06T12:22:52.5340221Z /usr/bin/tar: ../../../../../usr/local/lib/android/sdk/platforms/android-36-ext18/data/res/values-mcc310-mnc230-ja: Cannot change mode to rwxr-xr-x: Operation not permitted
build	Cache Android SDK	2026-06-06T12:22:52.5343153Z /usr/bin/tar: ../../../../../usr/local/lib/android/sdk/platforms/android-36-ext18/data/res/values-mcc312-mnc670-kk: Cannot utime: Operation not permitted
build	Cache Android SDK	2026-06-06T12:22:52.5344114Z /usr/bin/tar: ../../../../../usr/local/lib/android/sdk/platforms/android-36-ext18/data/res/values-mcc312-mnc670-kk: Cannot change mode to rwxr-xr-x: Operation not permitted
build	Cache Android SDK	2026-06-06T12:22:52.5347496Z /usr/bin/tar: ../../../../../usr/local/lib/android/sdk/platforms/android-36-ext18/data/res/values-sw360dp: Cannot utime: Operation not permitted
build	Cache Android SDK	2026-06-06T12:22:52.5349220Z /usr/bin/tar: ../../../../../usr/local/lib/android/sdk/platforms/android-36-ext18/data/res/values-sw360dp: Cannot change mode to rwxr-xr-x: Operation not permitted
build	Cache Android SDK	2026-06-06T12:22:52.5359065Z /usr/bin/tar: ../../../../../usr/local/lib/android/sdk/platforms/android-36-ext18/data/res/values-mcc310-mnc150-sw: Cannot utime: Operation not permitted
build	Cache Android SDK	2026-06-06T12:22:52.5360357Z /usr/bin/tar: ../../../../../usr/local/lib/android/sdk/platforms/android-36-ext18/data/res/values-mcc310-mnc150-sw: Cannot change mode to rwxr-xr-x: Operation not permitted
build	Cache Android SDK	2026-06-06T12:22:52.5372536Z /usr/bin/tar: ../../../../../usr/local/lib/android/sdk/platforms/android-36-ext18/data/res/values-ar: Cannot utime: Operation not permitted
build	Cache Android SDK	2026-06-06T12:22:52.5373981Z /usr/bin/tar: ../../../../../usr/local/lib/android/sdk/platforms/android-36-ext18/data/res/values-ar: Cannot change mode to rwxr-xr-x: Operation not permitted
build	Cache Android SDK	2026-06-06T12:22:52.5384375Z /usr/bin/tar: ../../../../../usr/local/lib/android/sdk/platforms/android-36-ext18/data/res/values-mcc310-mnc660-en-rAU: Cannot utime: Operation not permitted
build	Cache Android SDK	2026-06-06T12:22:52.5385864Z /usr/bin/tar: ../../../../../usr/local/lib/android/sdk/platforms/android-36-ext18/data/res/values-mcc310-mnc660-en-rAU: Cannot change mode to rwxr-xr-x: Operation not permitted
build	Cache Android SDK	2026-06-06T12:22:52.5388256Z /usr/bin/tar: ../../../../../usr/local/lib/android/sdk/platforms/android-36-ext18/data/res/values-mcc310-mnc230-sw: Cannot utime: Operation not permitted
build	Cache Android SDK	2026-06-06T12:22:52.5390061Z /usr/bin/tar: ../../../../../usr/local/lib/android/sdk/platforms/android-36-ext18/data/res/values-mcc310-mnc230-sw: Cannot change mode to rwxr-xr-x: Operation not permitted
build	Cache Android SDK	2026-06-06T12:22:52.5391999Z /usr/bin/tar: ../../../../../usr/local/lib/android/sdk/platforms/android-36-ext18/data/res/values-mcc310-mnc280-ky: Cannot utime: Operation not permitted
build	Cache Android SDK	2026-06-06T12:22:52.5393911Z /usr/bin/tar: ../../../../../usr/local/lib/android/sdk/platforms/android-36-ext18/data/res/values-mcc310-mnc280-ky: Cannot change mode to rwxr-xr-x: Operation not permitted
build	Cache Android SDK	2026-06-06T12:22:52.5395900Z /usr/bin/tar: ../../../../../usr/local/lib/android/sdk/platforms/android-36-ext18/data/res/values-mcc310-mnc490-mk: Cannot utime: Operation not permitted
build	Cache Android SDK	2026-06-06T12:22:52.5397917Z /usr/bin/tar: ../../../../../usr/local/lib/android/sdk/platforms/android-36-ext18/data/res/values-mcc310-mnc490-mk: Cannot change mode to rwxr-xr-x: Operation not permitted
build	Cache Android SDK	2026-06-06T12:22:52.5399788Z /usr/bin/tar: ../../../../../usr/local/lib/android/sdk/platforms/android-36-ext18/data/res/values-mcc310-mnc200-fr: Cannot utime: Operation not permitted
build	Cache Android SDK	2026-06-06T12:22:52.5401638Z /usr/bin/tar: ../../../../../usr/local/lib/android/sdk/platforms/android-36-ext18/data/res/values-mcc310-mnc200-fr: Cannot change mode to rwxr-xr-x: Operation not permitted
build	Cache Android SDK	2026-06-06T12:22:52.5403093Z /usr/bin/tar: ../../../../../usr/local/lib/android/sdk/platforms/android-36-ext18/data/res/values-mcc310-mnc150-fi: Cannot utime: Operation not permitted
build	Cache Android SDK	2026-06-06T12:22:52.5405088Z /usr/bin/tar: ../../../../../usr/local/lib/android/sdk/platforms/android-36-ext18/data/res/values-mcc310-mnc150-fi: Cannot change mode to rwxr-xr-x: Operation not permitted
build	Cache Android SDK	2026-06-06T12:22:52.5406951Z /usr/bin/tar: ../../../../../usr/local/lib/android/sdk/platforms/android-36-ext18/data/res/values-mcc310-mnc560-kk: Cannot utime: Operation not permitted
build	Cache Android SDK	2026-06-06T12:22:52.5408963Z /usr/bin/tar: ../../../../../usr/local/lib/android/sdk/platforms/android-36-ext18/data/res/values-mcc310-mnc560-kk: Cannot change mode to rwxr-xr-x: Operation not permitted
build	Cache Android SDK	2026-06-06T12:22:52.5410742Z /usr/bin/tar: ../../../../../usr/local/lib/android/sdk/platforms/android-36-ext18/data/res/values-mcc310-mnc220-nl: Cannot utime: Operation not permitted
build	Cache Android SDK	2026-06-06T12:22:52.5412570Z /usr/bin/tar: ../../../../../usr/local/lib/android/sdk/platforms/android-36-ext18/data/res/values-mcc310-mnc220-nl: Cannot change mode to rwxr-xr-x: Operation not permitted
build	Cache Android SDK	2026-06-06T12:22:52.5414385Z /usr/bin/tar: ../../../../../usr/local/lib/android/sdk/platforms/android-36-ext18/data/res/values-mcc310-mnc800-bn: Cannot utime: Operation not permitted
build	Cache Android SDK	2026-06-06T12:22:52.5416225Z /usr/bin/tar: ../../../../../usr/local/lib/android/sdk/platforms/android-36-ext18/data/res/values-mcc310-mnc800-bn: Cannot change mode to rwxr-xr-x: Operation not permitted
build	Cache Android SDK	2026-06-06T12:22:52.5418152Z /usr/bin/tar: ../../../../../usr/local/lib/android/sdk/platforms/android-36-ext18/data/res/values-mcc310-mnc950-pt-rPT: Cannot utime: Operation not permitted
build	Cache Android SDK	2026-06-06T12:22:52.5420040Z /usr/bin/tar: ../../../../../usr/local/lib/android/sdk/platforms/android-36-ext18/data/res/values-mcc310-mnc950-pt-rPT: Cannot change mode to rwxr-xr-x: Operation not permitted
build	Cache Android SDK	2026-06-06T12:22:52.5424132Z /usr/bin/tar: ../../../../../usr/local/lib/android/sdk/platforms/android-36-ext18/data/res/values-mcc001-mnc01-de: Cannot utime: Operation not permitted
build	Cache Android SDK	2026-06-06T12:22:52.5425731Z /usr/bin/tar: ../../../../../usr/local/lib/android/sdk/platforms/android-36-ext18/data/res/values-mcc001-mnc01-de: Cannot change mode to rwxr-xr-x: Operation not permitted
build	Cache Android SDK	2026-06-06T12:22:52.5427660Z /usr/bin/tar: ../../../../../usr/local/lib/android/sdk/platforms/android-36-ext18/data/res/values-mcc310-mnc210-nb: Cannot utime: Operation not permitted
build	Cache Android SDK	2026-06-06T12:22:52.5429495Z /usr/bin/tar: ../../../../../usr/local/lib/android/sdk/platforms/android-36-ext18/data/res/values-mcc310-mnc210-nb: Cannot change mode to rwxr-xr-x: Operation not permitted
build	Cache Android SDK	2026-06-06T12:22:52.5431222Z /usr/bin/tar: ../../../../../usr/local/lib/android/sdk/platforms/android-36-ext18/data/res/values-fa: Cannot utime: Operation not permitted
build	Cache Android SDK	2026-06-06T12:22:52.5432871Z /usr/bin/tar: ../../../../../usr/local/lib/android/sdk/platforms/android-36-ext18/data/res/values-fa: Cannot change mode to rwxr-xr-x: Operation not permitted
build	Cache Android SDK	2026-06-06T12:22:52.5434713Z /usr/bin/tar: ../../../../../usr/local/lib/android/sdk/platforms/android-36-ext18/data/res/values-mcc310-mnc380-ms: Cannot utime: Operation not permitted
build	Cache Android SDK	2026-06-06T12:22:52.5436664Z /usr/bin/tar: ../../../../../usr/local/lib/android/sdk/platforms/android-36-ext18/data/res/values-mcc310-mnc380-ms: Cannot change mode to rwxr-xr-x: Operation not permitted
build	Cache Android SDK	2026-06-06T12:22:52.5438454Z /usr/bin/tar: ../../../../../usr/local/lib/android/sdk/platforms/android-36-ext18/data/res/values-mcc310-mnc310-tl: Cannot utime: Operation not permitted
build	Cache Android SDK	2026-06-06T12:22:52.5439560Z /usr/bin/tar: ../../../../../usr/local/lib/android/sdk/platforms/android-36-ext18/data/res/values-mcc310-mnc310-tl: Cannot change mode to rwxr-xr-x: Operation not permitted
build	Cache Android SDK	2026-06-06T12:22:52.5443203Z /usr/bin/tar: ../../../../../usr/local/lib/android/sdk/platforms/android-36-ext18/data/res/xml-mdpi: Cannot utime: Operation not permitted
build	Cache Android SDK	2026-06-06T12:22:52.5445035Z /usr/bin/tar: ../../../../../usr/local/lib/android/sdk/platforms/android-36-ext18/data/res/xml-mdpi: Cannot change mode to rwxr-xr-x: Operation not permitted
build	Cache Android SDK	2026-06-06T12:22:52.5447100Z /usr/bin/tar: ../../../../../usr/local/lib/android/sdk/platforms/android-36-ext18/data/res/values-mcc310-mnc150-zh-rTW: Cannot utime: Operation not permitted
build	Cache Android SDK	2026-06-06T12:22:52.5449201Z /usr/bin/tar: ../../../../../usr/local/lib/android/sdk/platforms/android-36-ext18/data/res/values-mcc310-mnc150-zh-rTW: Cannot change mode to rwxr-xr-x: Operation not permitted
build	Cache Android SDK	2026-06-06T12:22:52.5451061Z /usr/bin/tar: ../../../../../usr/local/lib/android/sdk/platforms/android-36-ext18/data/res/values-mcc334-mnc020-zh-rHK: Cannot utime: Operation not permitted
build	Cache Android SDK	2026-06-06T12:22:52.5452972Z /usr/bin/tar: ../../../../../usr/local/lib/android/sdk/platforms/android-36-ext18/data/res/values-mcc334-mnc020-zh-rHK: Cannot change mode to rwxr-xr-x: Operation not permitted
build	Cache Android SDK	2026-06-06T12:22:52.5454881Z /usr/bin/tar: ../../../../../usr/local/lib/android/sdk/platforms/android-36-ext18/data/res/values-mcc310-mnc250-es-rUS: Cannot utime: Operation not permitted
build	Cache Android SDK	2026-06-06T12:22:52.5456473Z /usr/bin/tar: ../../../../../usr/local/lib/android/sdk/platforms/android-36-ext18/data/res/values-mcc310-mnc250-es-rUS: Cannot change mode to rwxr-xr-x: Operation not permitted
build	Cache Android SDK	2026-06-06T12:22:52.5457836Z /usr/bin/tar: ../../../../../usr/local/lib/android/sdk/platforms/android-36-ext18/data/res/values-mcc310-mnc800-uz: Cannot utime: Operation not permitted
build	Cache Android SDK	2026-06-06T12:22:52.5459101Z /usr/bin/tar: ../../../../../usr/local/lib/android/sdk/platforms/android-36-ext18/data/res/values-mcc310-mnc800-uz: Cannot change mode to rwxr-xr-x: Operation not permitted
build	Cache Android SDK	2026-06-06T12:22:52.5460770Z /usr/bin/tar: ../../../../../usr/local/lib/android/sdk/platforms/android-36-ext18/data/res/values-mcc310-mnc660-th: Cannot utime: Operation not permitted
build	Cache Android SDK	2026-06-06T12:22:52.5462584Z /usr/bin/tar: ../../../../../usr/local/lib/android/sdk/platforms/android-36-ext18/data/res/values-mcc310-mnc660-th: Cannot change mode to rwxr-xr-x: Operation not permitted
build	Cache Android SDK	2026-06-06T12:22:52.5469181Z /usr/bin/tar: ../../../../../usr/local/lib/android/sdk/platforms/android-36-ext18/data/res/values-mcc310-mnc490-ru: Cannot utime: Operation not permitted
build	Cache Android SDK	2026-06-06T12:22:52.5470504Z /usr/bin/tar: ../../../../../usr/local/lib/android/sdk/platforms/android-36-ext18/data/res/values-mcc310-mnc490-ru: Cannot change mode to rwxr-xr-x: Operation not permitted
build	Cache Android SDK	2026-06-06T12:22:52.5473011Z /usr/bin/tar: ../../../../../usr/local/lib/android/sdk/platforms/android-36-ext18/data/res/values-mcc312-mnc670-in: Cannot utime: Operation not permitted
build	Cache Android SDK	2026-06-06T12:22:52.5474443Z /usr/bin/tar: ../../../../../usr/local/lib/android/sdk/platforms/android-36-ext18/data/res/values-mcc312-mnc670-in: Cannot change mode to rwxr-xr-x: Operation not permitted
build	Cache Android SDK	2026-06-06T12:22:52.5477807Z /usr/bin/tar: ../../../../../usr/local/lib/android/sdk/platforms/android-36-ext18/data/res/values-mcc310-mnc310-bn: Cannot utime: Operation not permitted
build	Cache Android SDK	2026-06-06T12:22:52.5479780Z /usr/bin/tar: ../../../../../usr/local/lib/android/sdk/platforms/android-36-ext18/data/res/values-mcc310-mnc310-bn: Cannot change mode to rwxr-xr-x: Operation not permitted
build	Cache Android SDK	2026-06-06T12:22:52.5481252Z /usr/bin/tar: ../../../../../usr/local/lib/android/sdk/platforms/android-36-ext18/data/res/values-mcc310-mnc280: Cannot utime: Operation not permitted
build	Cache Android SDK	2026-06-06T12:22:52.5482565Z /usr/bin/tar: ../../../../../usr/local/lib/android/sdk/platforms/android-36-ext18/data/res/values-mcc310-mnc280: Cannot change mode to rwxr-xr-x: Operation not permitted
build	Cache Android SDK	2026-06-06T12:22:52.5484423Z /usr/bin/tar: ../../../../../usr/local/lib/android/sdk/platforms/android-36-ext18/data/res/values-mcc310-mnc310-ca: Cannot utime: Operation not permitted
build	Cache Android SDK	2026-06-06T12:22:52.5486973Z /usr/bin/tar: ../../../../../usr/local/lib/android/sdk/platforms/android-36-ext18/data/res/values-mcc310-mnc310-ca: Cannot change mode to rwxr-xr-x: Operation not permitted
build	Cache Android SDK	2026-06-06T12:22:52.5490304Z /usr/bin/tar: ../../../../../usr/local/lib/android/sdk/platforms/android-36-ext18/data/res/values-mcc310-mnc490-gu: Cannot utime: Operation not permitted
build	Cache Android SDK	2026-06-06T12:22:52.5491756Z /usr/bin/tar: ../../../../../usr/local/lib/android/sdk/platforms/android-36-ext18/data/res/values-mcc310-mnc490-gu: Cannot change mode to rwxr-xr-x: Operation not permitted
build	Cache Android SDK	2026-06-06T12:22:52.5493117Z /usr/bin/tar: ../../../../../usr/local/lib/android/sdk/platforms/android-36-ext18/data/res/values-mcc334-mnc020-as: Cannot utime: Operation not permitted
build	Cache Android SDK	2026-06-06T12:22:52.5494483Z /usr/bin/tar: ../../../../../usr/local/lib/android/sdk/platforms/android-36-ext18/data/res/values-mcc334-mnc020-as: Cannot change mode to rwxr-xr-x: Operation not permitted
build	Cache Android SDK	2026-06-06T12:22:52.5496638Z /usr/bin/tar: ../../../../../usr/local/lib/android/sdk/platforms/android-36-ext18/data/res/values-mcc001-mnc01-th: Cannot utime: Operation not permitted
build	Cache Android SDK	2026-06-06T12:22:52.5498099Z /usr/bin/tar: ../../../../../usr/local/lib/android/sdk/platforms/android-36-ext18/data/res/values-mcc001-mnc01-th: Cannot change mode to rwxr-xr-x: Operation not permitted
build	Cache Android SDK	2026-06-06T12:22:52.5500638Z /usr/bin/tar: ../../../../../usr/local/lib/android/sdk/platforms/android-36-ext18/data/res/values-mcc310-mnc150-iw: Cannot utime: Operation not permitted
build	Cache Android SDK	2026-06-06T12:22:52.5502536Z /usr/bin/tar: ../../../../../usr/local/lib/android/sdk/platforms/android-36-ext18/data/res/values-mcc310-mnc150-iw: Cannot change mode to rwxr-xr-x: Operation not permitted
build	Cache Android SDK	2026-06-06T12:22:52.5504931Z /usr/bin/tar: ../../../../../usr/local/lib/android/sdk/platforms/android-36-ext18/data/res/values-mcc440-mnc20: Cannot utime: Operation not permitted
build	Cache Android SDK	2026-06-06T12:22:52.5506733Z /usr/bin/tar: ../../../../../usr/local/lib/android/sdk/platforms/android-36-ext18/data/res/values-mcc440-mnc20: Cannot change mode to rwxr-xr-x: Operation not permitted
build	Cache Android SDK	2026-06-06T12:22:52.5508641Z /usr/bin/tar: ../../../../../usr/local/lib/android/sdk/platforms/android-36-ext18/data/res/values-mcc310-mnc030-ky: Cannot utime: Operation not permitted
build	Cache Android SDK	2026-06-06T12:22:52.5510470Z /usr/bin/tar: ../../../../../usr/local/lib/android/sdk/platforms/android-36-ext18/data/res/values-mcc310-mnc030-ky: Cannot change mode to rwxr-xr-x: Operation not permitted
build	Cache Android SDK	2026-06-06T12:22:52.5512375Z /usr/bin/tar: ../../../../../usr/local/lib/android/sdk/platforms/android-36-ext18/data/res/values-mcc230: Cannot utime: Operation not permitted
build	Cache Android SDK	2026-06-06T12:22:52.5514250Z /usr/bin/tar: ../../../../../usr/local/lib/android/sdk/platforms/android-36-ext18/data/res/values-mcc230: Cannot change mode to rwxr-xr-x: Operation not permitted
build	Cache Android SDK	2026-06-06T12:22:52.5516203Z /usr/bin/tar: ../../../../../usr/local/lib/android/sdk/platforms/android-36-ext18/data/res/values-mcc310-mnc800-mk: Cannot utime: Operation not permitted
build	Cache Android SDK	2026-06-06T12:22:52.5517195Z /usr/bin/tar: ../../../../../usr/local/lib/android/sdk/platforms/android-36-ext18/data/res/values-mcc310-mnc800-mk: Cannot change mode to rwxr-xr-x: Operation not permitted
build	Cache Android SDK	2026-06-06T12:22:52.5519481Z /usr/bin/tar: ../../../../../usr/local/lib/android/sdk/platforms/android-36-ext18/data/res/values-mcc310-mnc410-th: Cannot utime: Operation not permitted
build	Cache Android SDK	2026-06-06T12:22:52.5521176Z /usr/bin/tar: ../../../../../usr/local/lib/android/sdk/platforms/android-36-ext18/data/res/values-mcc310-mnc410-th: Cannot change mode to rwxr-xr-x: Operation not permitted
build	Cache Android SDK	2026-06-06T12:22:52.5526508Z /usr/bin/tar: ../../../../../usr/local/lib/android/sdk/platforms/android-36-ext18/data/res/values-mcc310-mnc200-mr: Cannot utime: Operation not permitted
build	Cache Android SDK	2026-06-06T12:22:52.5528467Z /usr/bin/tar: ../../../../../usr/local/lib/android/sdk/platforms/android-36-ext18/data/res/values-mcc310-mnc200-mr: Cannot change mode to rwxr-xr-x: Operation not permitted
build	Cache Android SDK	2026-06-06T12:22:52.7973556Z /usr/bin/tar: ../../../../../usr/local/lib/android/sdk/platforms/android-36-ext18/data/res/drawable-hdpi: Cannot utime: Operation not permitted
build	Cache Android SDK	2026-06-06T12:22:52.7975523Z /usr/bin/tar: ../../../../../usr/local/lib/android/sdk/platforms/android-36-ext18/data/res/drawable-hdpi: Cannot change mode to rwxr-xr-x: Operation not permitted
build	Cache Android SDK	2026-06-06T12:22:52.7982880Z /usr/bin/tar: ../../../../../usr/local/lib/android/sdk/platforms/android-36-ext18/data/res/values-mcc310-mnc380-pl: Cannot utime: Operation not permitted
build	Cache Android SDK	2026-06-06T12:22:52.7985689Z /usr/bin/tar: ../../../../../usr/local/lib/android/sdk/platforms/android-36-ext18/data/res/values-mcc310-mnc380-pl: Cannot change mode to rwxr-xr-x: Operation not permitted
build	Cache Android SDK	2026-06-06T12:22:52.7988643Z /usr/bin/tar: ../../../../../usr/local/lib/android/sdk/platforms/android-36-ext18/data/res/values-mcc312-mnc670-th: Cannot utime: Operation not permitted
build	Cache Android SDK	2026-06-06T12:22:52.7990627Z /usr/bin/tar: ../../../../../usr/local/lib/android/sdk/platforms/android-36-ext18/data/res/values-mcc312-mnc670-th: Cannot change mode to rwxr-xr-x: Operation not permitted
build	Cache Android SDK	2026-06-06T12:22:52.8029450Z /usr/bin/tar: ../../../../../usr/local/lib/android/sdk/platforms/android-36-ext18/data/res/values-pa-television: Cannot utime: Operation not permitted
build	Cache Android SDK	2026-06-06T12:22:52.8031866Z /usr/bin/tar: ../../../../../usr/local/lib/android/sdk/platforms/android-36-ext18/data/res/values-pa-television: Cannot change mode to rwxr-xr-x: Operation not permitted
build	Cache Android SDK	2026-06-06T12:22:52.8033629Z /usr/bin/tar: ../../../../../usr/local/lib/android/sdk/platforms/android-36-ext18/data/res/values-mcc310-mnc030-uz: Cannot utime: Operation not permitted
build	Cache Android SDK	2026-06-06T12:22:52.8035767Z /usr/bin/tar: ../../../../../usr/local/lib/android/sdk/platforms/android-36-ext18/data/res/values-mcc310-mnc030-uz: Cannot change mode to rwxr-xr-x: Operation not permitted
build	Cache Android SDK	2026-06-06T12:22:52.8038058Z /usr/bin/tar: ../../../../../usr/local/lib/android/sdk/platforms/android-36-ext18/data/res/values-mcc716-mnc06: Cannot utime: Operation not permitted
build	Cache Android SDK	2026-06-06T12:22:52.8040161Z /usr/bin/tar: ../../../../../usr/local/lib/android/sdk/platforms/android-36-ext18/data/res/values-mcc716-mnc06: Cannot change mode to rwxr-xr-x: Operation not permitted
build	Cache Android SDK	2026-06-06T12:22:52.8042498Z /usr/bin/tar: ../../../../../usr/local/lib/android/sdk/platforms/android-36-ext18/data/res/values-es-rPE: Cannot utime: Operation not permitted
build	Cache Android SDK	2026-06-06T12:22:52.8043587Z /usr/bin/tar: ../../../../../usr/local/lib/android/sdk/platforms/android-36-ext18/data/res/values-es-rPE: Cannot change mode to rwxr-xr-x: Operation not permitted
build	Cache Android SDK	2026-06-06T12:22:52.8044987Z /usr/bin/tar: ../../../../../usr/local/lib/android/sdk/platforms/android-36-ext18/data/res/values-mcc001-mnc01-my: Cannot utime: Operation not permitted
build	Cache Android SDK	2026-06-06T12:22:52.8046433Z /usr/bin/tar: ../../../../../usr/local/lib/android/sdk/platforms/android-36-ext18/data/res/values-mcc001-mnc01-my: Cannot change mode to rwxr-xr-x: Operation not permitted
build	Cache Android SDK	2026-06-06T12:22:52.8062590Z /usr/bin/tar: ../../../../../usr/local/lib/android/sdk/platforms/android-36-ext18/data/res/values-mcc302-mnc720-si: Cannot utime: Operation not permitted
build	Cache Android SDK	2026-06-06T12:22:52.8063964Z /usr/bin/tar: ../../../../../usr/local/lib/android/sdk/platforms/android-36-ext18/data/res/values-mcc302-mnc720-si: Cannot change mode to rwxr-xr-x: Operation not permitted
build	Cache Android SDK	2026-06-06T12:22:52.8080909Z /usr/bin/tar: ../../../../../usr/local/lib/android/sdk/platforms/android-36-ext18/data/res/values-mcc310-mnc170-eu: Cannot utime: Operation not permitted
build	Cache Android SDK	2026-06-06T12:22:52.8082082Z /usr/bin/tar: ../../../../../usr/local/lib/android/sdk/platforms/android-36-ext18/data/res/values-mcc310-mnc170-eu: Cannot change mode to rwxr-xr-x: Operation not permitted
build	Cache Android SDK	2026-06-06T12:22:52.8310718Z /usr/bin/tar: ../../../../../usr/local/lib/android/sdk/platforms/android-36-ext18/data/res/values-mcc310-mnc560-vi: Cannot utime: Operation not permitted
build	Cache Android SDK	2026-06-06T12:22:52.8311836Z /usr/bin/tar: ../../../../../usr/local/lib/android/sdk/platforms/android-36-ext18/data/res/values-mcc310-mnc560-vi: Cannot change mode to rwxr-xr-x: Operation not permitted
build	Cache Android SDK	2026-06-06T12:22:52.8319232Z /usr/bin/tar: ../../../../../usr/local/lib/android/sdk/platforms/android-36-ext18/data/res/values-mcc310-mnc380-et: Cannot utime: Operation not permitted
build	Cache Android SDK	2026-06-06T12:22:52.8320855Z /usr/bin/tar: ../../../../../usr/local/lib/android/sdk/platforms/android-36-ext18/data/res/values-mcc310-mnc380-et: Cannot change mode to rwxr-xr-x: Operation not permitted
build	Cache Android SDK	2026-06-06T12:22:52.8327213Z /usr/bin/tar: ../../../../../usr/local/lib/android/sdk/platforms/android-36-ext18/data/res/values-mcc310-mnc800-lo: Cannot utime: Operation not permitted
build	Cache Android SDK	2026-06-06T12:22:52.8328329Z /usr/bin/tar: ../../../../../usr/local/lib/android/sdk/platforms/android-36-ext18/data/res/values-mcc310-mnc800-lo: Cannot change mode to rwxr-xr-x: Operation not permitted
build	Cache Android SDK	2026-06-06T12:22:52.8329293Z /usr/bin/tar: ../../../../../usr/local/lib/android/sdk/platforms/android-36-ext18/data/res/values-mcc310-mnc200-ar: Cannot utime: Operation not permitted
build	Cache Android SDK	2026-06-06T12:22:52.8330232Z /usr/bin/tar: ../../../../../usr/local/lib/android/sdk/platforms/android-36-ext18/data/res/values-mcc310-mnc200-ar: Cannot change mode to rwxr-xr-x: Operation not permitted
build	Cache Android SDK	2026-06-06T12:22:52.8341645Z /usr/bin/tar: ../../../../../usr/local/lib/android/sdk/platforms/android-36-ext18/data/res/values-mcc310-mnc490-ar: Cannot utime: Operation not permitted
build	Cache Android SDK	2026-06-06T12:22:52.8342725Z /usr/bin/tar: ../../../../../usr/local/lib/android/sdk/platforms/android-36-ext18/data/res/values-mcc310-mnc490-ar: Cannot change mode to rwxr-xr-x: Operation not permitted
build	Cache Android SDK	2026-06-06T12:22:52.8344051Z /usr/bin/tar: ../../../../../usr/local/lib/android/sdk/platforms/android-36-ext18/data/res/values-mcc310-mnc310-si: Cannot utime: Operation not permitted
build	Cache Android SDK	2026-06-06T12:22:52.8345767Z /usr/bin/tar: ../../../../../usr/local/lib/android/sdk/platforms/android-36-ext18/data/res/values-mcc310-mnc310-si: Cannot change mode to rwxr-xr-x: Operation not permitted
build	Cache Android SDK	2026-06-06T12:22:52.8347554Z /usr/bin/tar: ../../../../../usr/local/lib/android/sdk/platforms/android-36-ext18/data/res/values-mcc310-mnc410-te: Cannot utime: Operation not permitted
build	Cache Android SDK	2026-06-06T12:22:52.8349260Z /usr/bin/tar: ../../../../../usr/local/lib/android/sdk/platforms/android-36-ext18/data/res/values-mcc310-mnc410-te: Cannot change mode to rwxr-xr-x: Operation not permitted
build	Cache Android SDK	2026-06-06T12:22:52.8350513Z /usr/bin/tar: ../../../../../usr/local/lib/android/sdk/platforms/android-36-ext18/data/res/values-mcc312-mnc670-cs: Cannot utime: Operation not permitted
build	Cache Android SDK	2026-06-06T12:22:52.8351848Z /usr/bin/tar: ../../../../../usr/local/lib/android/sdk/platforms/android-36-ext18/data/res/values-mcc312-mnc670-cs: Cannot change mode to rwxr-xr-x: Operation not permitted
build	Cache Android SDK	2026-06-06T12:22:52.8352973Z /usr/bin/tar: ../../../../../usr/local/lib/android/sdk/platforms/android-36-ext18/data/res/values-mcc310-mnc410-lv: Cannot utime: Operation not permitted
build	Cache Android SDK	2026-06-06T12:22:52.8354539Z /usr/bin/tar: ../../../../../usr/local/lib/android/sdk/platforms/android-36-ext18/data/res/values-mcc310-mnc410-lv: Cannot change mode to rwxr-xr-x: Operation not permitted
build	Cache Android SDK	2026-06-06T12:22:52.8355837Z /usr/bin/tar: ../../../../../usr/local/lib/android/sdk/platforms/android-36-ext18/data/res/values-mcc310-mnc660-en-rGB: Cannot utime: Operation not permitted
build	Cache Android SDK	2026-06-06T12:22:52.8356820Z /usr/bin/tar: ../../../../../usr/local/lib/android/sdk/platforms/android-36-ext18/data/res/values-mcc310-mnc660-en-rGB: Cannot change mode to rwxr-xr-x: Operation not permitted
build	Cache Android SDK	2026-06-06T12:22:52.8358632Z /usr/bin/tar: ../../../../../usr/local/lib/android/sdk/platforms/android-36-ext18/data/res/values-mcc310-mnc230-zh-rHK: Cannot utime: Operation not permitted
build	Cache Android SDK	2026-06-06T12:22:52.8360440Z /usr/bin/tar: ../../../../../usr/local/lib/android/sdk/platforms/android-36-ext18/data/res/values-mcc310-mnc230-zh-rHK: Cannot change mode to rwxr-xr-x: Operation not permitted
build	Cache Android SDK	2026-06-06T12:22:52.8362196Z /usr/bin/tar: ../../../../../usr/local/lib/android/sdk/platforms/android-36-ext18/data/res/values-mcc310-mnc280-in: Cannot utime: Operation not permitted
build	Cache Android SDK	2026-06-06T12:22:52.8363885Z /usr/bin/tar: ../../../../../usr/local/lib/android/sdk/platforms/android-36-ext18/data/res/values-mcc310-mnc280-in: Cannot change mode to rwxr-xr-x: Operation not permitted
build	Cache Android SDK	2026-06-06T12:22:52.8365740Z /usr/bin/tar: ../../../../../usr/local/lib/android/sdk/platforms/android-36-ext18/data/res/values-mcc313-mnc100-mn: Cannot utime: Operation not permitted
build	Cache Android SDK	2026-06-06T12:22:52.8368651Z /usr/bin/tar: ../../../../../usr/local/lib/android/sdk/platforms/android-36-ext18/data/res/values-mcc313-mnc100-mn: Cannot change mode to rwxr-xr-x: Operation not permitted
build	Cache Android SDK	2026-06-06T12:22:52.8375050Z /usr/bin/tar: ../../../../../usr/local/lib/android/sdk/platforms/android-36-ext18/data/res/values-zh-rCN: Cannot utime: Operation not permitted
build	Cache Android SDK	2026-06-06T12:22:52.8376785Z /usr/bin/tar: ../../../../../usr/local/lib/android/sdk/platforms/android-36-ext18/data/res/values-zh-rCN: Cannot change mode to rwxr-xr-x: Operation not permitted
build	Cache Android SDK	2026-06-06T12:22:52.8378312Z /usr/bin/tar: ../../../../../usr/local/lib/android/sdk/platforms/android-36-ext18/data/res/values-mcc310-mnc310-nb: Cannot utime: Operation not permitted
build	Cache Android SDK	2026-06-06T12:22:52.8380090Z /usr/bin/tar: ../../../../../usr/local/lib/android/sdk/platforms/android-36-ext18/data/res/values-mcc310-mnc310-nb: Cannot change mode to rwxr-xr-x: Operation not permitted
build	Cache Android SDK	2026-06-06T12:22:52.8381940Z /usr/bin/tar: ../../../../../usr/local/lib/android/sdk/platforms/android-36-ext18/data/res/values-mcc310-mnc230-my: Cannot utime: Operation not permitted
build	Cache Android SDK	2026-06-06T12:22:52.8383729Z /usr/bin/tar: ../../../../../usr/local/lib/android/sdk/platforms/android-36-ext18/data/res/values-mcc310-mnc230-my: Cannot change mode to rwxr-xr-x: Operation not permitted
build	Cache Android SDK	2026-06-06T12:22:52.8385600Z /usr/bin/tar: ../../../../../usr/local/lib/android/sdk/platforms/android-36-ext18/data/res/values-mcc302-mnc720-bs: Cannot utime: Operation not permitted
build	Cache Android SDK	2026-06-06T12:22:52.8387594Z /usr/bin/tar: ../../../../../usr/local/lib/android/sdk/platforms/android-36-ext18/data/res/values-mcc302-mnc720-bs: Cannot change mode to rwxr-xr-x: Operation not permitted
build	Cache Android SDK	2026-06-06T12:22:52.8389336Z /usr/bin/tar: ../../../../../usr/local/lib/android/sdk/platforms/android-36-ext18/data/res/values-fi-watch: Cannot utime: Operation not permitted
build	Cache Android SDK	2026-06-06T12:22:52.8390447Z /usr/bin/tar: ../../../../../usr/local/lib/android/sdk/platforms/android-36-ext18/data/res/values-fi-watch: Cannot change mode to rwxr-xr-x: Operation not permitted
build	Cache Android SDK	2026-06-06T12:22:52.8392274Z /usr/bin/tar: ../../../../../usr/local/lib/android/sdk/platforms/android-36-ext18/data/res/values-mcc310-mnc270-mr: Cannot utime: Operation not permitted
build	Cache Android SDK	2026-06-06T12:22:52.8393984Z /usr/bin/tar: ../../../../../usr/local/lib/android/sdk/platforms/android-36-ext18/data/res/values-mcc310-mnc270-mr: Cannot change mode to rwxr-xr-x: Operation not permitted
build	Cache Android SDK	2026-06-06T12:22:52.8399071Z /usr/bin/tar: ../../../../../usr/local/lib/android/sdk/platforms/android-36-ext18/data/res/values-mcc310-mnc280-lv: Cannot utime: Operation not permitted
build	Cache Android SDK	2026-06-06T12:22:52.8400536Z /usr/bin/tar: ../../../../../usr/local/lib/android/sdk/platforms/android-36-ext18/data/res/values-mcc310-mnc280-lv: Cannot change mode to rwxr-xr-x: Operation not permitted
build	Cache Android SDK	2026-06-06T12:22:52.8401613Z /usr/bin/tar: ../../../../../usr/local/lib/android/sdk/platforms/android-36-ext18/data/res/values-mcc310-mnc270-az: Cannot utime: Operation not permitted
build	Cache Android SDK	2026-06-06T12:22:52.8403498Z /usr/bin/tar: ../../../../../usr/local/lib/android/sdk/platforms/android-36-ext18/data/res/values-mcc310-mnc270-az: Cannot change mode to rwxr-xr-x: Operation not permitted
build	Cache Android SDK	2026-06-06T12:22:52.8405402Z /usr/bin/tar: ../../../../../usr/local/lib/android/sdk/platforms/android-36-ext18/data/res/values-mcc310-mnc560-ne: Cannot utime: Operation not permitted
build	Cache Android SDK	2026-06-06T12:22:52.8406405Z /usr/bin/tar: ../../../../../usr/local/lib/android/sdk/platforms/android-36-ext18/data/res/values-mcc310-mnc560-ne: Cannot change mode to rwxr-xr-x: Operation not permitted
build	Cache Android SDK	2026-06-06T12:22:52.8409431Z /usr/bin/tar: ../../../../../usr/local/lib/android/sdk/platforms/android-36-ext18/data/res/values-mcc312-mnc670-ur: Cannot utime: Operation not permitted
build	Cache Android SDK	2026-06-06T12:22:52.8410517Z /usr/bin/tar: ../../../../../usr/local/lib/android/sdk/platforms/android-36-ext18/data/res/values-mcc312-mnc670-ur: Cannot change mode to rwxr-xr-x: Operation not permitted
build	Cache Android SDK	2026-06-06T12:22:52.8412899Z /usr/bin/tar: ../../../../../usr/local/lib/android/sdk/platforms/android-36-ext18/data/res/values-mcc310-mnc380-te: Cannot utime: Operation not permitted
build	Cache Android SDK	2026-06-06T12:22:52.8414075Z /usr/bin/tar: ../../../../../usr/local/lib/android/sdk/platforms/android-36-ext18/data/res/values-mcc310-mnc380-te: Cannot change mode to rwxr-xr-x: Operation not permitted
build	Cache Android SDK	2026-06-06T12:22:52.8416060Z /usr/bin/tar: ../../../../../usr/local/lib/android/sdk/platforms/android-36-ext18/data/res/values-mcc310-mnc270-ur: Cannot utime: Operation not permitted
build	Cache Android SDK	2026-06-06T12:22:52.8417164Z /usr/bin/tar: ../../../../../usr/local/lib/android/sdk/platforms/android-36-ext18/data/res/values-mcc310-mnc270-ur: Cannot change mode to rwxr-xr-x: Operation not permitted
build	Cache Android SDK	2026-06-06T12:22:52.8419815Z /usr/bin/tar: ../../../../../usr/local/lib/android/sdk/platforms/android-36-ext18/data/res/values-mcc310-mnc800-ru: Cannot utime: Operation not permitted
build	Cache Android SDK	2026-06-06T12:22:52.8420884Z /usr/bin/tar: ../../../../../usr/local/lib/android/sdk/platforms/android-36-ext18/data/res/values-mcc310-mnc800-ru: Cannot change mode to rwxr-xr-x: Operation not permitted
build	Cache Android SDK	2026-06-06T12:22:52.8422808Z /usr/bin/tar: ../../../../../usr/local/lib/android/sdk/platforms/android-36-ext18/data/res/values-mcc310-mnc560-zh-rHK: Cannot utime: Operation not permitted
build	Cache Android SDK	2026-06-06T12:22:52.8423951Z /usr/bin/tar: ../../../../../usr/local/lib/android/sdk/platforms/android-36-ext18/data/res/values-mcc310-mnc560-zh-rHK: Cannot change mode to rwxr-xr-x: Operation not permitted
build	Cache Android SDK	2026-06-06T12:22:52.8427147Z /usr/bin/tar: ../../../../../usr/local/lib/android/sdk/platforms/android-36-ext18/data/res/values-mcc001-mnc01-ro: Cannot utime: Operation not permitted
build	Cache Android SDK	2026-06-06T12:22:52.8428329Z /usr/bin/tar: ../../../../../usr/local/lib/android/sdk/platforms/android-36-ext18/data/res/values-mcc001-mnc01-ro: Cannot change mode to rwxr-xr-x: Operation not permitted
build	Cache Android SDK	2026-06-06T12:22:52.8448046Z /usr/bin/tar: ../../../../../usr/local/lib/android/sdk/platforms/android-36-ext18/data/res/values-mcc310-mnc150-ko: Cannot utime: Operation not permitted
build	Cache Android SDK	2026-06-06T12:22:52.8449957Z /usr/bin/tar: ../../../../../usr/local/lib/android/sdk/platforms/android-36-ext18/data/res/values-mcc310-mnc150-ko: Cannot change mode to rwxr-xr-x: Operation not permitted
build	Cache Android SDK	2026-06-06T12:22:52.8451386Z /usr/bin/tar: ../../../../../usr/local/lib/android/sdk/platforms/android-36-ext18/data/res/values-mcc310-mnc150-sr: Cannot utime: Operation not permitted
build	Cache Android SDK	2026-06-06T12:22:52.8452584Z /usr/bin/tar: ../../../../../usr/local/lib/android/sdk/platforms/android-36-ext18/data/res/values-mcc310-mnc150-sr: Cannot change mode to rwxr-xr-x: Operation not permitted
build	Cache Android SDK	2026-06-06T12:22:52.8455975Z /usr/bin/tar: ../../../../../usr/local/lib/android/sdk/platforms/android-36-ext18/data/res/values-mcc704-mnc03: Cannot utime: Operation not permitted
build	Cache Android SDK	2026-06-06T12:22:52.8457538Z /usr/bin/tar: ../../../../../usr/local/lib/android/sdk/platforms/android-36-ext18/data/res/values-mcc704-mnc03: Cannot change mode to rwxr-xr-x: Operation not permitted
build	Cache Android SDK	2026-06-06T12:22:52.8461144Z /usr/bin/tar: ../../../../../usr/local/lib/android/sdk/platforms/android-36-ext18/data/res/values-mcc310-mnc220-it: Cannot utime: Operation not permitted
build	Cache Android SDK	2026-06-06T12:22:52.8477287Z /usr/bin/tar: ../../../../../usr/local/lib/android/sdk/platforms/android-36-ext18/data/res/values-mcc310-mnc220-it: Cannot change mode to rwxr-xr-x: Operation not permitted
build	Cache Android SDK	2026-06-06T12:22:52.8479297Z /usr/bin/tar: ../../../../../usr/local/lib/android/sdk/platforms/android-36-ext18/data/res/values-mcc310-mnc230-ka: Cannot utime: Operation not permitted
build	Cache Android SDK	2026-06-06T12:22:52.8481107Z /usr/bin/tar: ../../../../../usr/local/lib/android/sdk/platforms/android-36-ext18/data/res/values-mcc310-mnc230-ka: Cannot change mode to rwxr-xr-x: Operation not permitted
build	Cache Android SDK	2026-06-06T12:22:52.8482833Z /usr/bin/tar: ../../../../../usr/local/lib/android/sdk/platforms/android-36-ext18/data/res/values-bn-watch: Cannot utime: Operation not permitted
build	Cache Android SDK	2026-06-06T12:22:52.8484545Z /usr/bin/tar: ../../../../../usr/local/lib/android/sdk/platforms/android-36-ext18/data/res/values-bn-watch: Cannot change mode to rwxr-xr-x: Operation not permitted
build	Cache Android SDK	2026-06-06T12:22:52.8486647Z /usr/bin/tar: ../../../../../usr/local/lib/android/sdk/platforms/android-36-ext18/data/res/values-mcc302-mnc370-pt-rBR: Cannot utime: Operation not permitted
build	Cache Android SDK	2026-06-06T12:22:52.8488624Z /usr/bin/tar: ../../../../../usr/local/lib/android/sdk/platforms/android-36-ext18/data/res/values-mcc302-mnc370-pt-rBR: Cannot change mode to rwxr-xr-x: Operation not permitted
build	Cache Android SDK	2026-06-06T12:22:52.8490479Z /usr/bin/tar: ../../../../../usr/local/lib/android/sdk/platforms/android-36-ext18/data/res/mipmap-xxhdpi: Cannot utime: Operation not permitted
build	Cache Android SDK	2026-06-06T12:22:52.8492156Z /usr/bin/tar: ../../../../../usr/local/lib/android/sdk/platforms/android-36-ext18/data/res/mipmap-xxhdpi: Cannot change mode to rwxr-xr-x: Operation not permitted
build	Cache Android SDK	2026-06-06T12:22:52.8494210Z /usr/bin/tar: ../../../../../usr/local/lib/android/sdk/platforms/android-36-ext18/data/res/values-mcc311-mnc180-ja: Cannot utime: Operation not permitted
build	Cache Android SDK	2026-06-06T12:22:52.8496016Z /usr/bin/tar: ../../../../../usr/local/lib/android/sdk/platforms/android-36-ext18/data/res/values-mcc311-mnc180-ja: Cannot change mode to rwxr-xr-x: Operation not permitted
build	Cache Android SDK	2026-06-06T12:22:52.8779890Z /usr/bin/tar: ../../../../../usr/local/lib/android/sdk/platforms/android-36-ext18/data/res/values-sl-watch: Cannot utime: Operation not permitted
build	Cache Android SDK	2026-06-06T12:22:52.8781766Z /usr/bin/tar: ../../../../../usr/local/lib/android/sdk/platforms/android-36-ext18/data/res/values-sl-watch: Cannot change mode to rwxr-xr-x: Operation not permitted
build	Cache Android SDK	2026-06-06T12:22:52.8787186Z /usr/bin/tar: ../../../../../usr/local/lib/android/sdk/platforms/android-36-ext18/data/res/values-mcc310-mnc270-th: Cannot utime: Operation not permitted
build	Cache Android SDK	2026-06-06T12:22:52.8789082Z /usr/bin/tar: ../../../../../usr/local/lib/android/sdk/platforms/android-36-ext18/data/res/values-mcc310-mnc270-th: Cannot change mode to rwxr-xr-x: Operation not permitted
build	Cache Android SDK	2026-06-06T12:22:52.8790810Z /usr/bin/tar: ../../../../../usr/local/lib/android/sdk/platforms/android-36-ext18/data/res/values-mcc310-mnc660-zh-rHK: Cannot utime: Operation not permitted
build	Cache Android SDK	2026-06-06T12:22:52.8791817Z /usr/bin/tar: ../../../../../usr/local/lib/android/sdk/platforms/android-36-ext18/data/res/values-mcc310-mnc660-zh-rHK: Cannot change mode to rwxr-xr-x: Operation not permitted
build	Cache Android SDK	2026-06-06T12:22:52.8793150Z /usr/bin/tar: ../../../../../usr/local/lib/android/sdk/platforms/android-36-ext18/data/res/values-mcc334-mnc020-be: Cannot utime: Operation not permitted
build	Cache Android SDK	2026-06-06T12:22:52.8794874Z /usr/bin/tar: ../../../../../usr/local/lib/android/sdk/platforms/android-36-ext18/data/res/values-mcc334-mnc020-be: Cannot change mode to rwxr-xr-x: Operation not permitted
build	Cache Android SDK	2026-06-06T12:22:52.8795916Z /usr/bin/tar: ../../../../../usr/local/lib/android/sdk/platforms/android-36-ext18/data/res/values-mcc310-mnc270-fi: Cannot utime: Operation not permitted
build	Cache Android SDK	2026-06-06T12:22:52.8796856Z /usr/bin/tar: ../../../../../usr/local/lib/android/sdk/platforms/android-36-ext18/data/res/values-mcc310-mnc270-fi: Cannot change mode to rwxr-xr-x: Operation not permitted
build	Cache Android SDK	2026-06-06T12:22:52.8805290Z /usr/bin/tar: ../../../../../usr/local/lib/android/sdk/platforms/android-36-ext18/data/res/values-mcc334: Cannot utime: Operation not permitted
build	Cache Android SDK	2026-06-06T12:22:52.8806547Z /usr/bin/tar: ../../../../../usr/local/lib/android/sdk/platforms/android-36-ext18/data/res/values-mcc334: Cannot change mode to rwxr-xr-x: Operation not permitted
build	Cache Android SDK	2026-06-06T12:22:52.8809478Z /usr/bin/tar: ../../../../../usr/local/lib/android/sdk/platforms/android-36-ext18/data/res/values-mcc310-mnc800-az: Cannot utime: Operation not permitted
build	Cache Android SDK	2026-06-06T12:22:52.8810566Z /usr/bin/tar: ../../../../../usr/local/lib/android/sdk/platforms/android-36-ext18/data/res/values-mcc310-mnc800-az: Cannot change mode to rwxr-xr-x: Operation not permitted
build	Cache Android SDK	2026-06-06T12:22:52.8813989Z /usr/bin/tar: ../../../../../usr/local/lib/android/sdk/platforms/android-36-ext18/data/res/values-mcc310-mnc280-es: Cannot utime: Operation not permitted
build	Cache Android SDK	2026-06-06T12:22:52.8815058Z /usr/bin/tar: ../../../../../usr/local/lib/android/sdk/platforms/android-36-ext18/data/res/values-mcc310-mnc280-es: Cannot change mode to rwxr-xr-x: Operation not permitted
build	Cache Android SDK	2026-06-06T12:22:52.8825607Z /usr/bin/tar: ../../../../../usr/local/lib/android/sdk/platforms/android-36-ext18/data/res/values-mcc310-mnc200-hu: Cannot utime: Operation not permitted
build	Cache Android SDK	2026-06-06T12:22:52.8828043Z /usr/bin/tar: ../../../../../usr/local/lib/android/sdk/platforms/android-36-ext18/data/res/values-mcc310-mnc200-hu: Cannot change mode to rwxr-xr-x: Operation not permitted
build	Cache Android SDK	2026-06-06T12:22:52.8829887Z /usr/bin/tar: ../../../../../usr/local/lib/android/sdk/platforms/android-36-ext18/data/res/values-ur-television: Cannot utime: Operation not permitted
build	Cache Android SDK	2026-06-06T12:22:52.8831153Z /usr/bin/tar: ../../../../../usr/local/lib/android/sdk/platforms/android-36-ext18/data/res/values-ur-television: Cannot change mode to rwxr-xr-x: Operation not permitted
build	Cache Android SDK	2026-06-06T12:22:52.8837030Z /usr/bin/tar: ../../../../../usr/local/lib/android/sdk/platforms/android-36-ext18/data/res/values-mcc001-mnc01-sv: Cannot utime: Operation not permitted
build	Cache Android SDK	2026-06-06T12:22:52.8838772Z /usr/bin/tar: ../../../../../usr/local/lib/android/sdk/platforms/android-36-ext18/data/res/values-mcc001-mnc01-sv: Cannot change mode to rwxr-xr-x: Operation not permitted
build	Cache Android SDK	2026-06-06T12:22:52.8841169Z /usr/bin/tar: ../../../../../usr/local/lib/android/sdk/platforms/android-36-ext18/data/res/values-mcc302-mnc370-kn: Cannot utime: Operation not permitted
build	Cache Android SDK	2026-06-06T12:22:52.8842663Z /usr/bin/tar: ../../../../../usr/local/lib/android/sdk/platforms/android-36-ext18/data/res/values-mcc302-mnc370-kn: Cannot change mode to rwxr-xr-x: Operation not permitted
build	Cache Android SDK	2026-06-06T12:22:52.8845224Z /usr/bin/tar: ../../../../../usr/local/lib/android/sdk/platforms/android-36-ext18/data/res/values-en-rCA-watch: Cannot utime: Operation not permitted
build	Cache Android SDK	2026-06-06T12:22:52.8846288Z /usr/bin/tar: ../../../../../usr/local/lib/android/sdk/platforms/android-36-ext18/data/res/values-en-rCA-watch: Cannot change mode to rwxr-xr-x: Operation not permitted
build	Cache Android SDK	2026-06-06T12:22:52.8851109Z /usr/bin/tar: ../../../../../usr/local/lib/android/sdk/platforms/android-36-ext18/data/res/values-mcc310-mnc250-fi: Cannot utime: Operation not permitted
build	Cache Android SDK	2026-06-06T12:22:52.8858037Z /usr/bin/tar: ../../../../../usr/local/lib/android/sdk/platforms/android-36-ext18/data/res/values-mcc310-mnc250-fi: Cannot change mode to rwxr-xr-x: Operation not permitted
build	Cache Android SDK	2026-06-06T12:22:52.8861895Z /usr/bin/tar: ../../../../../usr/local/lib/android/sdk/platforms/android-36-ext18/data/res/values-mcc001-mnc01-tl: Cannot utime: Operation not permitted
build	Cache Android SDK	2026-06-06T12:22:52.8865057Z /usr/bin/tar: ../../../../../usr/local/lib/android/sdk/platforms/android-36-ext18/data/res/values-mcc001-mnc01-tl: Cannot change mode to rwxr-xr-x: Operation not permitted
build	Cache Android SDK	2026-06-06T12:22:52.8866791Z /usr/bin/tar: ../../../../../usr/local/lib/android/sdk/platforms/android-36-ext18/data/res/values-it-rCH: Cannot utime: Operation not permitted
build	Cache Android SDK	2026-06-06T12:22:52.8870680Z /usr/bin/tar: ../../../../../usr/local/lib/android/sdk/platforms/android-36-ext18/data/res/values-it-rCH: Cannot change mode to rwxr-xr-x: Operation not permitted
build	Cache Android SDK	2026-06-06T12:22:52.8872864Z /usr/bin/tar: ../../../../../usr/local/lib/android/sdk/platforms/android-36-ext18/data/res/values-mcc310-mnc950-kn: Cannot utime: Operation not permitted
build	Cache Android SDK	2026-06-06T12:22:52.8874739Z /usr/bin/tar: ../../../../../usr/local/lib/android/sdk/platforms/android-36-ext18/data/res/values-mcc310-mnc950-kn: Cannot change mode to rwxr-xr-x: Operation not permitted
build	Cache Android SDK	2026-06-06T12:22:52.8876593Z /usr/bin/tar: ../../../../../usr/local/lib/android/sdk/platforms/android-36-ext18/data/res/values-mcc302-mnc720-ja: Cannot utime: Operation not permitted
build	Cache Android SDK	2026-06-06T12:22:52.8878524Z /usr/bin/tar: ../../../../../usr/local/lib/android/sdk/platforms/android-36-ext18/data/res/values-mcc302-mnc720-ja: Cannot change mode to rwxr-xr-x: Operation not permitted
build	Cache Android SDK	2026-06-06T12:22:52.8880367Z /usr/bin/tar: ../../../../../usr/local/lib/android/sdk/platforms/android-36-ext18/data/res/values-mcc302-mnc720-ca: Cannot utime: Operation not permitted
build	Cache Android SDK	2026-06-06T12:22:52.8881925Z /usr/bin/tar: ../../../../../usr/local/lib/android/sdk/platforms/android-36-ext18/data/res/values-mcc302-mnc720-ca: Cannot change mode to rwxr-xr-x: Operation not permitted
build	Cache Android SDK	2026-06-06T12:22:52.8883048Z /usr/bin/tar: ../../../../../usr/local/lib/android/sdk/platforms/android-36-ext18/data/res/values-de-rCH: Cannot utime: Operation not permitted
build	Cache Android SDK	2026-06-06T12:22:52.8884430Z /usr/bin/tar: ../../../../../usr/local/lib/android/sdk/platforms/android-36-ext18/data/res/values-de-rCH: Cannot change mode to rwxr-xr-x: Operation not permitted
build	Cache Android SDK	2026-06-06T12:22:52.8886232Z /usr/bin/tar: ../../../../../usr/local/lib/android/sdk/platforms/android-36-ext18/data/res/values-mcc310-mnc210-kn: Cannot utime: Operation not permitted
build	Cache Android SDK	2026-06-06T12:22:52.8888150Z /usr/bin/tar: ../../../../../usr/local/lib/android/sdk/platforms/android-36-ext18/data/res/values-mcc310-mnc210-kn: Cannot change mode to rwxr-xr-x: Operation not permitted
build	Cache Android SDK	2026-06-06T12:22:52.8890228Z /usr/bin/tar: ../../../../../usr/local/lib/android/sdk/platforms/android-36-ext18/data/res/values-mcc310-mnc250-ar: Cannot utime: Operation not permitted
build	Cache Android SDK	2026-06-06T12:22:52.8892141Z /usr/bin/tar: ../../../../../usr/local/lib/android/sdk/platforms/android-36-ext18/data/res/values-mcc310-mnc250-ar: Cannot change mode to rwxr-xr-x: Operation not permitted
build	Cache Android SDK	2026-06-06T12:22:52.8893959Z /usr/bin/tar: ../../../../../usr/local/lib/android/sdk/platforms/android-36-ext18/data/res/values-mcc310-mnc030-kn: Cannot utime: Operation not permitted
build	Cache Android SDK	2026-06-06T12:22:52.8895870Z /usr/bin/tar: ../../../../../usr/local/lib/android/sdk/platforms/android-36-ext18/data/res/values-mcc310-mnc030-kn: Cannot change mode to rwxr-xr-x: Operation not permitted
build	Cache Android SDK	2026-06-06T12:22:52.8897130Z /usr/bin/tar: ../../../../../usr/local/lib/android/sdk/platforms/android-36-ext18/data/res/values-w210dp-round-watch: Cannot utime: Operation not permitted
build	Cache Android SDK	2026-06-06T12:22:52.8899560Z /usr/bin/tar: ../../../../../usr/local/lib/android/sdk/platforms/android-36-ext18/data/res/values-w210dp-round-watch: Cannot change mode to rwxr-xr-x: Operation not permitted
build	Cache Android SDK	2026-06-06T12:22:52.8901369Z /usr/bin/tar: ../../../../../usr/local/lib/android/sdk/platforms/android-36-ext18/data/res/values-mcc310-mnc200-ka: Cannot utime: Operation not permitted
build	Cache Android SDK	2026-06-06T12:22:52.8903387Z /usr/bin/tar: ../../../../../usr/local/lib/android/sdk/platforms/android-36-ext18/data/res/values-mcc310-mnc200-ka: Cannot change mode to rwxr-xr-x: Operation not permitted
build	Cache Android SDK	2026-06-06T12:22:52.8905283Z /usr/bin/tar: ../../../../../usr/local/lib/android/sdk/platforms/android-36-ext18/data/res/values-mcc310-mnc380-pa: Cannot utime: Operation not permitted
build	Cache Android SDK	2026-06-06T12:22:52.8907055Z /usr/bin/tar: ../../../../../usr/local/lib/android/sdk/platforms/android-36-ext18/data/res/values-mcc310-mnc380-pa: Cannot change mode to rwxr-xr-x: Operation not permitted
build	Cache Android SDK	2026-06-06T12:22:52.8909092Z /usr/bin/tar: ../../../../../usr/local/lib/android/sdk/platforms/android-36-ext18/data/res/values-mcc302-mnc720-sr: Cannot utime: Operation not permitted
build	Cache Android SDK	2026-06-06T12:22:52.8911443Z /usr/bin/tar: ../../../../../usr/local/lib/android/sdk/platforms/android-36-ext18/data/res/values-mcc302-mnc720-sr: Cannot change mode to rwxr-xr-x: Operation not permitted
build	Cache Android SDK	2026-06-06T12:22:52.8913304Z /usr/bin/tar: ../../../../../usr/local/lib/android/sdk/platforms/android-36-ext18/data/res/values-mcc310-mnc800-ka: Cannot utime: Operation not permitted
build	Cache Android SDK	2026-06-06T12:22:52.8915427Z /usr/bin/tar: ../../../../../usr/local/lib/android/sdk/platforms/android-36-ext18/data/res/values-mcc310-mnc800-ka: Cannot change mode to rwxr-xr-x: Operation not permitted
build	Cache Android SDK	2026-06-06T12:22:52.8917311Z /usr/bin/tar: ../../../../../usr/local/lib/android/sdk/platforms/android-36-ext18/data/res/values-mcc310-mnc660-nl: Cannot utime: Operation not permitted
build	Cache Android SDK	2026-06-06T12:22:52.8919220Z /usr/bin/tar: ../../../../../usr/local/lib/android/sdk/platforms/android-36-ext18/data/res/values-mcc310-mnc660-nl: Cannot change mode to rwxr-xr-x: Operation not permitted
build	Cache Android SDK	2026-06-06T12:22:52.8921189Z /usr/bin/tar: ../../../../../usr/local/lib/android/sdk/platforms/android-36-ext18/data/res/values-mcc310-mnc030-zh-rHK: Cannot utime: Operation not permitted
build	Cache Android SDK	2026-06-06T12:22:52.8923118Z /usr/bin/tar: ../../../../../usr/local/lib/android/sdk/platforms/android-36-ext18/data/res/values-mcc310-mnc030-zh-rHK: Cannot change mode to rwxr-xr-x: Operation not permitted
build	Cache Android SDK	2026-06-06T12:22:52.8924260Z /usr/bin/tar: ../../../../../usr/local/lib/android/sdk/platforms/android-36-ext18/data/res/values-mcc302-mnc370-sv: Cannot utime: Operation not permitted
build	Cache Android SDK	2026-06-06T12:22:52.8925571Z /usr/bin/tar: ../../../../../usr/local/lib/android/sdk/platforms/android-36-ext18/data/res/values-mcc302-mnc370-sv: Cannot change mode to rwxr-xr-x: Operation not permitted
build	Cache Android SDK	2026-06-06T12:22:52.8927467Z /usr/bin/tar: ../../../../../usr/local/lib/android/sdk/platforms/android-36-ext18/data/res/values-mcc310-mnc170-fa: Cannot utime: Operation not permitted
build	Cache Android SDK	2026-06-06T12:22:52.8929439Z /usr/bin/tar: ../../../../../usr/local/lib/android/sdk/platforms/android-36-ext18/data/res/values-mcc310-mnc170-fa: Cannot change mode to rwxr-xr-x: Operation not permitted
build	Cache Android SDK	2026-06-06T12:22:52.8936036Z /usr/bin/tar: ../../../../../usr/local/lib/android/sdk/platforms/android-36-ext18/data/res/values-port: Cannot utime: Operation not permitted
build	Cache Android SDK	2026-06-06T12:22:52.8937980Z /usr/bin/tar: ../../../../../usr/local/lib/android/sdk/platforms/android-36-ext18/data/res/values-port: Cannot change mode to rwxr-xr-x: Operation not permitted
build	Cache Android SDK	2026-06-06T12:22:52.8949735Z /usr/bin/tar: ../../../../../usr/local/lib/android/sdk/platforms/android-36-ext18/data/res/drawable-en-hdpi: Cannot utime: Operation not permitted
build	Cache Android SDK	2026-06-06T12:22:52.8951689Z /usr/bin/tar: ../../../../../usr/local/lib/android/sdk/platforms/android-36-ext18/data/res/drawable-en-hdpi: Cannot change mode to rwxr-xr-x: Operation not permitted
build	Cache Android SDK	2026-06-06T12:22:52.8954811Z /usr/bin/tar: ../../../../../usr/local/lib/android/sdk/platforms/android-36-ext18/data/res/values-mcc310-mnc230-mn: Cannot utime: Operation not permitted
build	Cache Android SDK	2026-06-06T12:22:52.8956334Z /usr/bin/tar: ../../../../../usr/local/lib/android/sdk/platforms/android-36-ext18/data/res/values-mcc310-mnc230-mn: Cannot change mode to rwxr-xr-x: Operation not permitted
build	Cache Android SDK	2026-06-06T12:22:52.8962907Z /usr/bin/tar: ../../../../../usr/local/lib/android/sdk/platforms/android-36-ext18/data/res/values-es: Cannot utime: Operation not permitted
build	Cache Android SDK	2026-06-06T12:22:52.8963972Z /usr/bin/tar: ../../../../../usr/local/lib/android/sdk/platforms/android-36-ext18/data/res/values-es: Cannot change mode to rwxr-xr-x: Operation not permitted
build	Cache Android SDK	2026-06-06T12:22:52.9245543Z /usr/bin/tar: ../../../../../usr/local/lib/android/sdk/platforms/android-36-ext18/data/res/values-mcc310-mnc800-km: Cannot utime: Operation not permitted
build	Cache Android SDK	2026-06-06T12:22:52.9247280Z /usr/bin/tar: ../../../../../usr/local/lib/android/sdk/platforms/android-36-ext18/data/res/values-mcc310-mnc800-km: Cannot change mode to rwxr-xr-x: Operation not permitted
build	Cache Android SDK	2026-06-06T12:22:52.9249218Z /usr/bin/tar: ../../../../../usr/local/lib/android/sdk/platforms/android-36-ext18/data/res/values-mcc334-mnc020-en-rAU: Cannot utime: Operation not permitted
build	Cache Android SDK	2026-06-06T12:22:52.9250324Z /usr/bin/tar: ../../../../../usr/local/lib/android/sdk/platforms/android-36-ext18/data/res/values-mcc334-mnc020-en-rAU: Cannot change mode to rwxr-xr-x: Operation not permitted
build	Cache Android SDK	2026-06-06T12:22:52.9252170Z /usr/bin/tar: ../../../../../usr/local/lib/android/sdk/platforms/android-36-ext18/data/res/values-mcc310-mnc170-tl: Cannot utime: Operation not permitted
build	Cache Android SDK	2026-06-06T12:22:52.9253130Z /usr/bin/tar: ../../../../../usr/local/lib/android/sdk/platforms/android-36-ext18/data/res/values-mcc310-mnc170-tl: Cannot change mode to rwxr-xr-x: Operation not permitted
build	Cache Android SDK	2026-06-06T12:22:52.9255309Z /usr/bin/tar: ../../../../../usr/local/lib/android/sdk/platforms/android-36-ext18/data/res/values-mcc311-mnc180-lt: Cannot utime: Operation not permitted
build	Cache Android SDK	2026-06-06T12:22:52.9256772Z /usr/bin/tar: ../../../../../usr/local/lib/android/sdk/platforms/android-36-ext18/data/res/values-mcc311-mnc180-lt: Cannot change mode to rwxr-xr-x: Operation not permitted
build	Cache Android SDK	2026-06-06T12:22:52.9266973Z /usr/bin/tar: ../../../../../usr/local/lib/android/sdk/platforms/android-36-ext18/data/res/values-en-rIN-television: Cannot utime: Operation not permitted
build	Cache Android SDK	2026-06-06T12:22:52.9269172Z /usr/bin/tar: ../../../../../usr/local/lib/android/sdk/platforms/android-36-ext18/data/res/values-en-rIN-television: Cannot change mode to rwxr-xr-x: Operation not permitted
build	Cache Android SDK	2026-06-06T12:22:52.9271172Z /usr/bin/tar: ../../../../../usr/local/lib/android/sdk/platforms/android-36-ext18/data/res/values-mcc310-mnc270-nl: Cannot utime: Operation not permitted
build	Cache Android SDK	2026-06-06T12:22:52.9273144Z /usr/bin/tar: ../../../../../usr/local/lib/android/sdk/platforms/android-36-ext18/data/res/values-mcc310-mnc270-nl: Cannot change mode to rwxr-xr-x: Operation not permitted
build	Cache Android SDK	2026-06-06T12:22:52.9275102Z /usr/bin/tar: ../../../../../usr/local/lib/android/sdk/platforms/android-36-ext18/data/res/values-mcc334-mnc020-hu: Cannot utime: Operation not permitted
build	Cache Android SDK	2026-06-06T12:22:52.9277079Z /usr/bin/tar: ../../../../../usr/local/lib/android/sdk/platforms/android-36-ext18/data/res/values-mcc334-mnc020-hu: Cannot change mode to rwxr-xr-x: Operation not permitted
build	Cache Android SDK	2026-06-06T12:22:52.9279210Z /usr/bin/tar: ../../../../../usr/local/lib/android/sdk/platforms/android-36-ext18/data/res/values-mcc310-mnc220-gl: Cannot utime: Operation not permitted
build	Cache Android SDK	2026-06-06T12:22:52.9281113Z /usr/bin/tar: ../../../../../usr/local/lib/android/sdk/platforms/android-36-ext18/data/res/values-mcc310-mnc220-gl: Cannot change mode to rwxr-xr-x: Operation not permitted
build	Cache Android SDK	2026-06-06T12:22:52.9282282Z /usr/bin/tar: ../../../../../usr/local/lib/android/sdk/platforms/android-36-ext18/data/res/values-mcc310-mnc220-zh-rHK: Cannot utime: Operation not permitted
build	Cache Android SDK	2026-06-06T12:22:52.9283387Z /usr/bin/tar: ../../../../../usr/local/lib/android/sdk/platforms/android-36-ext18/data/res/values-mcc310-mnc220-zh-rHK: Cannot change mode to rwxr-xr-x: Operation not permitted
build	Cache Android SDK	2026-06-06T12:22:52.9284674Z /usr/bin/tar: ../../../../../usr/local/lib/android/sdk/platforms/android-36-ext18/data/res/values-sw720dp-w1280dp: Cannot utime: Operation not permitted
build	Cache Android SDK	2026-06-06T12:22:52.9286633Z /usr/bin/tar: ../../../../../usr/local/lib/android/sdk/platforms/android-36-ext18/data/res/values-sw720dp-w1280dp: Cannot change mode to rwxr-xr-x: Operation not permitted
build	Cache Android SDK	2026-06-06T12:22:52.9292013Z /usr/bin/tar: ../../../../../usr/local/lib/android/sdk/platforms/android-36-ext18/data/res/values-mcc310-mnc030-pt-rPT: Cannot utime: Operation not permitted
build	Cache Android SDK	2026-06-06T12:22:52.9294146Z /usr/bin/tar: ../../../../../usr/local/lib/android/sdk/platforms/android-36-ext18/data/res/values-mcc310-mnc030-pt-rPT: Cannot change mode to rwxr-xr-x: Operation not permitted
build	Cache Android SDK	2026-06-06T12:22:52.9296202Z /usr/bin/tar: ../../../../../usr/local/lib/android/sdk/platforms/android-36-ext18/data/res/values-mcc313-mnc100-ca: Cannot utime: Operation not permitted
build	Cache Android SDK	2026-06-06T12:22:52.9298422Z /usr/bin/tar: ../../../../../usr/local/lib/android/sdk/platforms/android-36-ext18/data/res/values-mcc313-mnc100-ca: Cannot change mode to rwxr-xr-x: Operation not permitted
build	Cache Android SDK	2026-06-06T12:22:52.9299723Z /usr/bin/tar: ../../../../../usr/local/lib/android/sdk/platforms/android-36-ext18/data/res/values-mcc310-mnc660-de: Cannot utime: Operation not permitted
build	Cache Android SDK	2026-06-06T12:22:52.9300783Z /usr/bin/tar: ../../../../../usr/local/lib/android/sdk/platforms/android-36-ext18/data/res/values-mcc310-mnc660-de: Cannot change mode to rwxr-xr-x: Operation not permitted
build	Cache Android SDK	2026-06-06T12:22:52.9302205Z /usr/bin/tar: ../../../../../usr/local/lib/android/sdk/platforms/android-36-ext18/data/res/values-mcc310-mnc160-fr-rCA: Cannot utime: Operation not permitted
build	Cache Android SDK	2026-06-06T12:22:52.9303829Z /usr/bin/tar: ../../../../../usr/local/lib/android/sdk/platforms/android-36-ext18/data/res/values-mcc310-mnc160-fr-rCA: Cannot change mode to rwxr-xr-x: Operation not permitted
build	Cache Android SDK	2026-06-06T12:22:52.9307013Z /usr/bin/tar: ../../../../../usr/local/lib/android/sdk/platforms/android-36-ext18/data/res/values-mcc312-mnc670-or: Cannot utime: Operation not permitted
build	Cache Android SDK	2026-06-06T12:22:52.9309235Z /usr/bin/tar: ../../../../../usr/local/lib/android/sdk/platforms/android-36-ext18/data/res/values-mcc312-mnc670-or: Cannot change mode to rwxr-xr-x: Operation not permitted
build	Cache Android SDK	2026-06-06T12:22:52.9311298Z /usr/bin/tar: ../../../../../usr/local/lib/android/sdk/platforms/android-36-ext18/data/res/values-mcc310-mnc210-da: Cannot utime: Operation not permitted
build	Cache Android SDK	2026-06-06T12:22:52.9313260Z /usr/bin/tar: ../../../../../usr/local/lib/android/sdk/platforms/android-36-ext18/data/res/values-mcc310-mnc210-da: Cannot change mode to rwxr-xr-x: Operation not permitted
build	Cache Android SDK	2026-06-06T12:22:52.9314732Z /usr/bin/tar: ../../../../../usr/local/lib/android/sdk/platforms/android-36-ext18/data/res/values-mcc310-mnc310-sk: Cannot utime: Operation not permitted
build	Cache Android SDK	2026-06-06T12:22:52.9316321Z /usr/bin/tar: ../../../../../usr/local/lib/android/sdk/platforms/android-36-ext18/data/res/values-mcc310-mnc310-sk: Cannot change mode to rwxr-xr-x: Operation not permitted
build	Cache Android SDK	2026-06-06T12:22:52.9317879Z /usr/bin/tar: ../../../../../usr/local/lib/android/sdk/platforms/android-36-ext18/data/res/values-mcc310-mnc200-in: Cannot utime: Operation not permitted
build	Cache Android SDK	2026-06-06T12:22:52.9319334Z /usr/bin/tar: ../../../../../usr/local/lib/android/sdk/platforms/android-36-ext18/data/res/values-mcc310-mnc200-in: Cannot change mode to rwxr-xr-x: Operation not permitted
build	Cache Android SDK	2026-06-06T12:22:52.9329520Z /usr/bin/tar: ../../../../../usr/local/lib/android/sdk/platforms/android-36-ext18/data/res/values-mcc310-mnc170-af: Cannot utime: Operation not permitted
build	Cache Android SDK	2026-06-06T12:22:52.9330996Z /usr/bin/tar: ../../../../../usr/local/lib/android/sdk/platforms/android-36-ext18/data/res/values-mcc310-mnc170-af: Cannot change mode to rwxr-xr-x: Operation not permitted
build	Cache Android SDK	2026-06-06T12:22:52.9331974Z /usr/bin/tar: ../../../../../usr/local/lib/android/sdk/platforms/android-36-ext18/data/res/values-hu: Cannot utime: Operation not permitted
build	Cache Android SDK	2026-06-06T12:22:52.9333045Z /usr/bin/tar: ../../../../../usr/local/lib/android/sdk/platforms/android-36-ext18/data/res/values-hu: Cannot change mode to rwxr-xr-x: Operation not permitted
build	Cache Android SDK	2026-06-06T12:22:52.9336595Z /usr/bin/tar: ../../../../../usr/local/lib/android/sdk/platforms/android-36-ext18/data/res/values-mcc310-mnc950-en-rXC: Cannot utime: Operation not permitted
build	Cache Android SDK	2026-06-06T12:22:52.9338592Z /usr/bin/tar: ../../../../../usr/local/lib/android/sdk/platforms/android-36-ext18/data/res/values-mcc310-mnc950-en-rXC: Cannot change mode to rwxr-xr-x: Operation not permitted
build	Cache Android SDK	2026-06-06T12:22:52.9342098Z /usr/bin/tar: ../../../../../usr/local/lib/android/sdk/platforms/android-36-ext18/data/res/values-mcc310: Cannot utime: Operation not permitted
build	Cache Android SDK	2026-06-06T12:22:52.9343090Z /usr/bin/tar: ../../../../../usr/local/lib/android/sdk/platforms/android-36-ext18/data/res/values-mcc310: Cannot change mode to rwxr-xr-x: Operation not permitted
build	Cache Android SDK	2026-06-06T12:22:52.9345003Z /usr/bin/tar: ../../../../../usr/local/lib/android/sdk/platforms/android-36-ext18/data/res/values-mcc312-mnc670-fi: Cannot utime: Operation not permitted
build	Cache Android SDK	2026-06-06T12:22:52.9346073Z /usr/bin/tar: ../../../../../usr/local/lib/android/sdk/platforms/android-36-ext18/data/res/values-mcc312-mnc670-fi: Cannot change mode to rwxr-xr-x: Operation not permitted
build	Cache Android SDK	2026-06-06T12:22:52.9349084Z /usr/bin/tar: ../../../../../usr/local/lib/android/sdk/platforms/android-36-ext18/data/res/values-es-rUS-television: Cannot utime: Operation not permitted
build	Cache Android SDK	2026-06-06T12:22:52.9350161Z /usr/bin/tar: ../../../../../usr/local/lib/android/sdk/platforms/android-36-ext18/data/res/values-es-rUS-television: Cannot change mode to rwxr-xr-x: Operation not permitted
build	Cache Android SDK	2026-06-06T12:22:52.9356651Z /usr/bin/tar: ../../../../../usr/local/lib/android/sdk/platforms/android-36-ext18/data/res/values-mcc310-mnc950-mn: Cannot utime: Operation not permitted
build	Cache Android SDK	2026-06-06T12:22:52.9358579Z /usr/bin/tar: ../../../../../usr/local/lib/android/sdk/platforms/android-36-ext18/data/res/values-mcc310-mnc950-mn: Cannot change mode to rwxr-xr-x: Operation not permitted
build	Cache Android SDK	2026-06-06T12:22:52.9359773Z /usr/bin/tar: ../../../../../usr/local/lib/android/sdk/platforms/android-36-ext18/data/res/values-mcc310-mnc660-et: Cannot utime: Operation not permitted
build	Cache Android SDK	2026-06-06T12:22:52.9361038Z /usr/bin/tar: ../../../../../usr/local/lib/android/sdk/platforms/android-36-ext18/data/res/values-mcc310-mnc660-et: Cannot change mode to rwxr-xr-x: Operation not permitted
build	Cache Android SDK	2026-06-06T12:22:52.9362809Z /usr/bin/tar: ../../../../../usr/local/lib/android/sdk/platforms/android-36-ext18/data/res/values-mcc310-mnc210-ar: Cannot utime: Operation not permitted
build	Cache Android SDK	2026-06-06T12:22:52.9363754Z /usr/bin/tar: ../../../../../usr/local/lib/android/sdk/platforms/android-36-ext18/data/res/values-mcc310-mnc210-ar: Cannot change mode to rwxr-xr-x: Operation not permitted
build	Cache Android SDK	2026-06-06T12:22:52.9365004Z /usr/bin/tar: ../../../../../usr/local/lib/android/sdk/platforms/android-36-ext18/data/res/values-mcc310-mnc270-hi: Cannot utime: Operation not permitted
build	Cache Android SDK	2026-06-06T12:22:52.9366779Z /usr/bin/tar: ../../../../../usr/local/lib/android/sdk/platforms/android-36-ext18/data/res/values-mcc310-mnc270-hi: Cannot change mode to rwxr-xr-x: Operation not permitted
build	Cache Android SDK	2026-06-06T12:22:52.9367981Z /usr/bin/tar: ../../../../../usr/local/lib/android/sdk/platforms/android-36-ext18/data/res/values-mcc311-mnc180-in: Cannot utime: Operation not permitted
build	Cache Android SDK	2026-06-06T12:22:52.9369576Z /usr/bin/tar: ../../../../../usr/local/lib/android/sdk/platforms/android-36-ext18/data/res/values-mcc311-mnc180-in: Cannot change mode to rwxr-xr-x: Operation not permitted
build	Cache Android SDK	2026-06-06T12:22:52.9371129Z /usr/bin/tar: ../../../../../usr/local/lib/android/sdk/platforms/android-36-ext18/data/res/values-mcc310-mnc240-hy: Cannot utime: Operation not permitted
build	Cache Android SDK	2026-06-06T12:22:52.9372629Z /usr/bin/tar: ../../../../../usr/local/lib/android/sdk/platforms/android-36-ext18/data/res/values-mcc310-mnc240-hy: Cannot change mode to rwxr-xr-x: Operation not permitted
build	Cache Android SDK	2026-06-06T12:22:52.9373874Z /usr/bin/tar: ../../../../../usr/local/lib/android/sdk/platforms/android-36-ext18/data/res/values-lv-watch: Cannot utime: Operation not permitted
build	Cache Android SDK	2026-06-06T12:22:52.9374791Z /usr/bin/tar: ../../../../../usr/local/lib/android/sdk/platforms/android-36-ext18/data/res/values-lv-watch: Cannot change mode to rwxr-xr-x: Operation not permitted
build	Cache Android SDK	2026-06-06T12:22:52.9376891Z /usr/bin/tar: ../../../../../usr/local/lib/android/sdk/platforms/android-36-ext18/data/res/values-mcc302-mnc720-ta: Cannot utime: Operation not permitted
build	Cache Android SDK	2026-06-06T12:22:52.9378098Z /usr/bin/tar: ../../../../../usr/local/lib/android/sdk/platforms/android-36-ext18/data/res/values-mcc302-mnc720-ta: Cannot change mode to rwxr-xr-x: Operation not permitted
build	Cache Android SDK	2026-06-06T12:22:52.9389470Z /usr/bin/tar: ../../../../../usr/local/lib/android/sdk/platforms/android-36-ext18/data/res/values-mcc310-mnc200-th: Cannot utime: Operation not permitted
build	Cache Android SDK	2026-06-06T12:22:52.9390489Z /usr/bin/tar: ../../../../../usr/local/lib/android/sdk/platforms/android-36-ext18/data/res/values-mcc310-mnc200-th: Cannot change mode to rwxr-xr-x: Operation not permitted
build	Cache Android SDK	2026-06-06T12:22:52.9391931Z /usr/bin/tar: ../../../../../usr/local/lib/android/sdk/platforms/android-36-ext18/data/res/values-mcc310-mnc160-ta: Cannot utime: Operation not permitted
build	Cache Android SDK	2026-06-06T12:22:52.9393703Z /usr/bin/tar: ../../../../../usr/local/lib/android/sdk/platforms/android-36-ext18/data/res/values-mcc310-mnc160-ta: Cannot change mode to rwxr-xr-x: Operation not permitted
build	Cache Android SDK	2026-06-06T12:22:52.9394632Z /usr/bin/tar: ../../../../../usr/local/lib/android/sdk/platforms/android-36-ext18/data/res/values-et-rEE: Cannot utime: Operation not permitted
build	Cache Android SDK	2026-06-06T12:22:52.9395929Z /usr/bin/tar: ../../../../../usr/local/lib/android/sdk/platforms/android-36-ext18/data/res/values-et-rEE: Cannot change mode to rwxr-xr-x: Operation not permitted
build	Cache Android SDK	2026-06-06T12:22:52.9397180Z /usr/bin/tar: ../../../../../usr/local/lib/android/sdk/platforms/android-36-ext18/data/res/values-mcc310-mnc210-lt: Cannot utime: Operation not permitted
build	Cache Android SDK	2026-06-06T12:22:52.9398374Z /usr/bin/tar: ../../../../../usr/local/lib/android/sdk/platforms/android-36-ext18/data/res/values-mcc310-mnc210-lt: Cannot change mode to rwxr-xr-x: Operation not permitted
build	Cache Android SDK	2026-06-06T12:22:52.9400475Z /usr/bin/tar: ../../../../../usr/local/lib/android/sdk/platforms/android-36-ext18/data/res/values-mcc310-mnc490-my: Cannot utime: Operation not permitted
build	Cache Android SDK	2026-06-06T12:22:52.9401437Z /usr/bin/tar: ../../../../../usr/local/lib/android/sdk/platforms/android-36-ext18/data/res/values-mcc310-mnc490-my: Cannot change mode to rwxr-xr-x: Operation not permitted
build	Cache Android SDK	2026-06-06T12:22:52.9402707Z /usr/bin/tar: ../../../../../usr/local/lib/android/sdk/platforms/android-36-ext18/data/res/values-it-watch: Cannot utime: Operation not permitted
build	Cache Android SDK	2026-06-06T12:22:52.9404193Z /usr/bin/tar: ../../../../../usr/local/lib/android/sdk/platforms/android-36-ext18/data/res/values-it-watch: Cannot change mode to rwxr-xr-x: Operation not permitted
build	Cache Android SDK	2026-06-06T12:22:52.9405135Z /usr/bin/tar: ../../../../../usr/local/lib/android/sdk/platforms/android-36-ext18/data/res/values-mcc310-mnc240-ja: Cannot utime: Operation not permitted
build	Cache Android SDK	2026-06-06T12:22:52.9406088Z /usr/bin/tar: ../../../../../usr/local/lib/android/sdk/platforms/android-36-ext18/data/res/values-mcc310-mnc240-ja: Cannot change mode to rwxr-xr-x: Operation not permitted
build	Cache Android SDK	2026-06-06T12:22:52.9413728Z /usr/bin/tar: ../../../../../usr/local/lib/android/sdk/platforms/android-36-ext18/data/res/values-mcc310-mnc210-zu: Cannot utime: Operation not permitted
build	Cache Android SDK	2026-06-06T12:22:52.9415089Z /usr/bin/tar: ../../../../../usr/local/lib/android/sdk/platforms/android-36-ext18/data/res/values-mcc310-mnc210-zu: Cannot change mode to rwxr-xr-x: Operation not permitted
build	Cache Android SDK	2026-06-06T12:22:52.9416449Z /usr/bin/tar: ../../../../../usr/local/lib/android/sdk/platforms/android-36-ext18/data/res/values-mcc310-mnc250-pa: Cannot utime: Operation not permitted
build	Cache Android SDK	2026-06-06T12:22:52.9417546Z /usr/bin/tar: ../../../../../usr/local/lib/android/sdk/platforms/android-36-ext18/data/res/values-mcc310-mnc250-pa: Cannot change mode to rwxr-xr-x: Operation not permitted
build	Cache Android SDK	2026-06-06T12:22:52.9418526Z /usr/bin/tar: ../../../../../usr/local/lib/android/sdk/platforms/android-36-ext18/data/res/values-mcc310-mnc030-sr: Cannot utime: Operation not permitted
build	Cache Android SDK	2026-06-06T12:22:52.9420197Z /usr/bin/tar: ../../../../../usr/local/lib/android/sdk/platforms/android-36-ext18/data/res/values-mcc310-mnc030-sr: Cannot change mode to rwxr-xr-x: Operation not permitted
build	Cache Android SDK	2026-06-06T12:22:52.9421553Z /usr/bin/tar: ../../../../../usr/local/lib/android/sdk/platforms/android-36-ext18/data/res/values-mcc310-mnc950-pt: Cannot utime: Operation not permitted
build	Cache Android SDK	2026-06-06T12:22:52.9422494Z /usr/bin/tar: ../../../../../usr/local/lib/android/sdk/platforms/android-36-ext18/data/res/values-mcc310-mnc950-pt: Cannot change mode to rwxr-xr-x: Operation not permitted
build	Cache Android SDK	2026-06-06T12:22:52.9424853Z /usr/bin/tar: ../../../../../usr/local/lib/android/sdk/platforms/android-36-ext18/data/res/values-mcc310-mnc560-pa: Cannot utime: Operation not permitted
build	Cache Android SDK	2026-06-06T12:22:52.9425997Z /usr/bin/tar: ../../../../../usr/local/lib/android/sdk/platforms/android-36-ext18/data/res/values-mcc310-mnc560-pa: Cannot change mode to rwxr-xr-x: Operation not permitted
build	Cache Android SDK	2026-06-06T12:22:52.9436489Z /usr/bin/tar: ../../../../../usr/local/lib/android/sdk/platforms/android-36-ext18/data/res/values-mcc310-mnc220-es-rUS: Cannot utime: Operation not permitted
build	Cache Android SDK	2026-06-06T12:22:52.9438754Z /usr/bin/tar: ../../../../../usr/local/lib/android/sdk/platforms/android-36-ext18/data/res/values-mcc310-mnc220-es-rUS: Cannot change mode to rwxr-xr-x: Operation not permitted
build	Cache Android SDK	2026-06-06T12:22:52.9440248Z /usr/bin/tar: ../../../../../usr/local/lib/android/sdk/platforms/android-36-ext18/data/res/values-mcc310-mnc660-bg: Cannot utime: Operation not permitted
build	Cache Android SDK	2026-06-06T12:22:52.9441664Z /usr/bin/tar: ../../../../../usr/local/lib/android/sdk/platforms/android-36-ext18/data/res/values-mcc310-mnc660-bg: Cannot change mode to rwxr-xr-x: Operation not permitted
build	Cache Android SDK	2026-06-06T12:22:52.9444763Z /usr/bin/tar: ../../../../../usr/local/lib/android/sdk/platforms/android-36-ext18/data/res/values-mcc310-mnc380-fa: Cannot utime: Operation not permitted
build	Cache Android SDK	2026-06-06T12:22:52.9446859Z /usr/bin/tar: ../../../../../usr/local/lib/android/sdk/platforms/android-36-ext18/data/res/values-mcc310-mnc380-fa: Cannot change mode to rwxr-xr-x: Operation not permitted
build	Cache Android SDK	2026-06-06T12:22:52.9449143Z /usr/bin/tar: ../../../../../usr/local/lib/android/sdk/platforms/android-36-ext18/data/res/values-mcc001-mnc01-km: Cannot utime: Operation not permitted
build	Cache Android SDK	2026-06-06T12:22:52.9451138Z /usr/bin/tar: ../../../../../usr/local/lib/android/sdk/platforms/android-36-ext18/data/res/values-mcc001-mnc01-km: Cannot change mode to rwxr-xr-x: Operation not permitted
build	Cache Android SDK	2026-06-06T12:22:52.9456648Z /usr/bin/tar: ../../../../../usr/local/lib/android/sdk/platforms/android-36-ext18/data/res/values-mcc310-mnc030-el: Cannot utime: Operation not permitted
build	Cache Android SDK	2026-06-06T12:22:52.9457894Z /usr/bin/tar: ../../../../../usr/local/lib/android/sdk/platforms/android-36-ext18/data/res/values-mcc310-mnc030-el: Cannot change mode to rwxr-xr-x: Operation not permitted
build	Cache Android SDK	2026-06-06T12:22:52.9467974Z /usr/bin/tar: ../../../../../usr/local/lib/android/sdk/platforms/android-36-ext18/data/res/values-mcc310-mnc660-ky: Cannot utime: Operation not permitted
build	Cache Android SDK	2026-06-06T12:22:52.9468969Z /usr/bin/tar: ../../../../../usr/local/lib/android/sdk/platforms/android-36-ext18/data/res/values-mcc310-mnc660-ky: Cannot change mode to rwxr-xr-x: Operation not permitted
build	Cache Android SDK	2026-06-06T12:22:52.9470700Z /usr/bin/tar: ../../../../../usr/local/lib/android/sdk/platforms/android-36-ext18/data/res/values-mcc310-mnc210-uz: Cannot utime: Operation not permitted
build	Cache Android SDK	2026-06-06T12:22:52.9471979Z /usr/bin/tar: ../../../../../usr/local/lib/android/sdk/platforms/android-36-ext18/data/res/values-mcc310-mnc210-uz: Cannot change mode to rwxr-xr-x: Operation not permitted
build	Cache Android SDK	2026-06-06T12:22:52.9472934Z /usr/bin/tar: ../../../../../usr/local/lib/android/sdk/platforms/android-36-ext18/data/res/values-mcc310-mnc310-ur: Cannot utime: Operation not permitted
build	Cache Android SDK	2026-06-06T12:22:52.9474657Z /usr/bin/tar: ../../../../../usr/local/lib/android/sdk/platforms/android-36-ext18/data/res/values-mcc310-mnc310-ur: Cannot change mode to rwxr-xr-x: Operation not permitted
build	Cache Android SDK	2026-06-06T12:22:52.9475967Z /usr/bin/tar: ../../../../../usr/local/lib/android/sdk/platforms/android-36-ext18/data/res/values-mcc310-mnc270-kn: Cannot utime: Operation not permitted
build	Cache Android SDK	2026-06-06T12:22:52.9477669Z /usr/bin/tar: ../../../../../usr/local/lib/android/sdk/platforms/android-36-ext18/data/res/values-mcc310-mnc270-kn: Cannot change mode to rwxr-xr-x: Operation not permitted
build	Cache Android SDK	2026-06-06T12:22:52.9479245Z /usr/bin/tar: ../../../../../usr/local/lib/android/sdk/platforms/android-36-ext18/data/res/values-mcc302-mnc370-or: Cannot utime: Operation not permitted
build	Cache Android SDK	2026-06-06T12:22:52.9480189Z /usr/bin/tar: ../../../../../usr/local/lib/android/sdk/platforms/android-36-ext18/data/res/values-mcc302-mnc370-or: Cannot change mode to rwxr-xr-x: Operation not permitted
build	Cache Android SDK	2026-06-06T12:22:52.9482142Z /usr/bin/tar: ../../../../../usr/local/lib/android/sdk/platforms/android-36-ext18/data/res/values-mcc310-mnc150-hr: Cannot utime: Operation not permitted
build	Cache Android SDK	2026-06-06T12:22:52.9483171Z /usr/bin/tar: ../../../../../usr/local/lib/android/sdk/platforms/android-36-ext18/data/res/values-mcc310-mnc150-hr: Cannot change mode to rwxr-xr-x: Operation not permitted
build	Cache Android SDK	2026-06-06T12:22:52.9490892Z /usr/bin/tar: ../../../../../usr/local/lib/android/sdk/platforms/android-36-ext18/data/res/values-te: Cannot utime: Operation not permitted
build	Cache Android SDK	2026-06-06T12:22:52.9492274Z /usr/bin/tar: ../../../../../usr/local/lib/android/sdk/platforms/android-36-ext18/data/res/values-te: Cannot change mode to rwxr-xr-x: Operation not permitted
build	Cache Android SDK	2026-06-06T12:22:52.9723110Z /usr/bin/tar: ../../../../../usr/local/lib/android/sdk/platforms/android-36-ext18/data/res/values-fr-masculine: Cannot utime: Operation not permitted
build	Cache Android SDK	2026-06-06T12:22:52.9724431Z /usr/bin/tar: ../../../../../usr/local/lib/android/sdk/platforms/android-36-ext18/data/res/values-fr-masculine: Cannot change mode to rwxr-xr-x: Operation not permitted
build	Cache Android SDK	2026-06-06T12:22:52.9726125Z /usr/bin/tar: ../../../../../usr/local/lib/android/sdk/platforms/android-36-ext18/data/res/values-mcc310-mnc490-es-rUS: Cannot utime: Operation not permitted
build	Cache Android SDK	2026-06-06T12:22:52.9727255Z /usr/bin/tar: ../../../../../usr/local/lib/android/sdk/platforms/android-36-ext18/data/res/values-mcc310-mnc490-es-rUS: Cannot change mode to rwxr-xr-x: Operation not permitted
build	Cache Android SDK	2026-06-06T12:22:52.9730956Z /usr/bin/tar: ../../../../../usr/local/lib/android/sdk/platforms/android-36-ext18/data/res/values-mcc310-mnc310-pt: Cannot utime: Operation not permitted
build	Cache Android SDK	2026-06-06T12:22:52.9731935Z /usr/bin/tar: ../../../../../usr/local/lib/android/sdk/platforms/android-36-ext18/data/res/values-mcc310-mnc310-pt: Cannot change mode to rwxr-xr-x: Operation not permitted
build	Cache Android SDK	2026-06-06T12:22:52.9736073Z /usr/bin/tar: ../../../../../usr/local/lib/android/sdk/platforms/android-36-ext18/data/res/values-mcc310-mnc200-bg: Cannot utime: Operation not permitted
build	Cache Android SDK	2026-06-06T12:22:52.9737042Z /usr/bin/tar: ../../../../../usr/local/lib/android/sdk/platforms/android-36-ext18/data/res/values-mcc310-mnc200-bg: Cannot change mode to rwxr-xr-x: Operation not permitted
build	Cache Android SDK	2026-06-06T12:22:52.9759025Z /usr/bin/tar: ../../../../../usr/local/lib/android/sdk/platforms/android-36-ext18/data/res/values-mcc312-mnc670-fr: Cannot utime: Operation not permitted
build	Cache Android SDK	2026-06-06T12:22:52.9760490Z /usr/bin/tar: ../../../../../usr/local/lib/android/sdk/platforms/android-36-ext18/data/res/values-mcc312-mnc670-fr: Cannot change mode to rwxr-xr-x: Operation not permitted
build	Cache Android SDK	2026-06-06T12:22:52.9761454Z /usr/bin/tar: ../../../../../usr/local/lib/android/sdk/platforms/android-36-ext18/data/res/values-mcc310-mnc560-th: Cannot utime: Operation not permitted
build	Cache Android SDK	2026-06-06T12:22:52.9763086Z /usr/bin/tar: ../../../../../usr/local/lib/android/sdk/platforms/android-36-ext18/data/res/values-mcc310-mnc560-th: Cannot change mode to rwxr-xr-x: Operation not permitted
build	Cache Android SDK	2026-06-06T12:22:52.9764164Z /usr/bin/tar: ../../../../../usr/local/lib/android/sdk/platforms/android-36-ext18/data/res/values-mcc312-mnc670-ta: Cannot utime: Operation not permitted
build	Cache Android SDK	2026-06-06T12:22:52.9765246Z /usr/bin/tar: ../../../../../usr/local/lib/android/sdk/platforms/android-36-ext18/data/res/values-mcc312-mnc670-ta: Cannot change mode to rwxr-xr-x: Operation not permitted
build	Cache Android SDK	2026-06-06T12:22:52.9766792Z /usr/bin/tar: ../../../../../usr/local/lib/android/sdk/platforms/android-36-ext18/data/res/values-it-masculine: Cannot utime: Operation not permitted
build	Cache Android SDK	2026-06-06T12:22:52.9768041Z /usr/bin/tar: ../../../../../usr/local/lib/android/sdk/platforms/android-36-ext18/data/res/values-it-masculine: Cannot change mode to rwxr-xr-x: Operation not permitted
build	Cache Android SDK	2026-06-06T12:22:52.9769774Z /usr/bin/tar: ../../../../../usr/local/lib/android/sdk/platforms/android-36-ext18/data/res/values-mcc312-mnc670-tr: Cannot utime: Operation not permitted
build	Cache Android SDK	2026-06-06T12:22:52.9770726Z /usr/bin/tar: ../../../../../usr/local/lib/android/sdk/platforms/android-36-ext18/data/res/values-mcc312-mnc670-tr: Cannot change mode to rwxr-xr-x: Operation not permitted
build	Cache Android SDK	2026-06-06T12:22:52.9772348Z /usr/bin/tar: ../../../../../usr/local/lib/android/sdk/platforms/android-36-ext18/data/res/values-mcc310-mnc210-zh-rTW: Cannot utime: Operation not permitted
build	Cache Android SDK	2026-06-06T12:22:52.9773562Z /usr/bin/tar: ../../../../../usr/local/lib/android/sdk/platforms/android-36-ext18/data/res/values-mcc310-mnc210-zh-rTW: Cannot change mode to rwxr-xr-x: Operation not permitted
build	Cache Android SDK	2026-06-06T12:22:52.9774476Z /usr/bin/tar: ../../../../../usr/local/lib/android/sdk/platforms/android-36-ext18/data/res/raw-de: Cannot utime: Operation not permitted
build	Cache Android SDK	2026-06-06T12:22:52.9775846Z /usr/bin/tar: ../../../../../usr/local/lib/android/sdk/platforms/android-36-ext18/data/res/raw-de: Cannot change mode to rwxr-xr-x: Operation not permitted
build	Cache Android SDK	2026-06-06T12:22:52.9777105Z /usr/bin/tar: ../../../../../usr/local/lib/android/sdk/platforms/android-36-ext18/data/res/values-mcc312-mnc670-zh-rHK: Cannot utime: Operation not permitted
build	Cache Android SDK	2026-06-06T12:22:52.9778343Z /usr/bin/tar: ../../../../../usr/local/lib/android/sdk/platforms/android-36-ext18/data/res/values-mcc312-mnc670-zh-rHK: Cannot change mode to rwxr-xr-x: Operation not permitted
build	Cache Android SDK	2026-06-06T12:22:52.9779405Z /usr/bin/tar: ../../../../../usr/local/lib/android/sdk/platforms/android-36-ext18/data/res/values-mcc302-mnc370-ro: Cannot utime: Operation not permitted
build	Cache Android SDK	2026-06-06T12:22:52.9780350Z /usr/bin/tar: ../../../../../usr/local/lib/android/sdk/platforms/android-36-ext18/data/res/values-mcc302-mnc370-ro: Cannot change mode to rwxr-xr-x: Operation not permitted
build	Cache Android SDK	2026-06-06T12:22:52.9781303Z /usr/bin/tar: ../../../../../usr/local/lib/android/sdk/platforms/android-36-ext18/data/res/values-mcc310-mnc240-mn: Cannot utime: Operation not permitted
build	Cache Android SDK	2026-06-06T12:22:52.9782253Z /usr/bin/tar: ../../../../../usr/local/lib/android/sdk/platforms/android-36-ext18/data/res/values-mcc310-mnc240-mn: Cannot change mode to rwxr-xr-x: Operation not permitted
build	Cache Android SDK	2026-06-06T12:22:52.9783200Z /usr/bin/tar: ../../../../../usr/local/lib/android/sdk/platforms/android-36-ext18/data/res/values-mcc310-mnc240-bn: Cannot utime: Operation not permitted
build	Cache Android SDK	2026-06-06T12:22:52.9784188Z /usr/bin/tar: ../../../../../usr/local/lib/android/sdk/platforms/android-36-ext18/data/res/values-mcc310-mnc240-bn: Cannot change mode to rwxr-xr-x: Operation not permitted
build	Cache Android SDK	2026-06-06T12:22:52.9785129Z /usr/bin/tar: ../../../../../usr/local/lib/android/sdk/platforms/android-36-ext18/data/res/values-mcc310-mnc560-be: Cannot utime: Operation not permitted
build	Cache Android SDK	2026-06-06T12:22:52.9786076Z /usr/bin/tar: ../../../../../usr/local/lib/android/sdk/platforms/android-36-ext18/data/res/values-mcc310-mnc560-be: Cannot change mode to rwxr-xr-x: Operation not permitted
build	Cache Android SDK	2026-06-06T12:22:53.0690913Z /usr/bin/tar: ../../../../../usr/local/lib/android/sdk/platforms/android-36-ext18/data/res/values-mcc313-mnc100-th: Cannot utime: Operation not permitted
build	Cache Android SDK	2026-06-06T12:22:53.0692784Z /usr/bin/tar: ../../../../../usr/local/lib/android/sdk/platforms/android-36-ext18/data/res/values-mcc313-mnc100-th: Cannot change mode to rwxr-xr-x: Operation not permitted
build	Cache Android SDK	2026-06-06T12:22:53.0694958Z /usr/bin/tar: ../../../../../usr/local/lib/android/sdk/platforms/android-36-ext18/data/res/values-mcc310-mnc220-el: Cannot utime: Operation not permitted
build	Cache Android SDK	2026-06-06T12:22:53.0696760Z /usr/bin/tar: ../../../../../usr/local/lib/android/sdk/platforms/android-36-ext18/data/res/values-mcc310-mnc220-el: Cannot change mode to rwxr-xr-x: Operation not permitted
build	Cache Android SDK	2026-06-06T12:22:53.0706113Z /usr/bin/tar: ../../../../../usr/local/lib/android/sdk/platforms/android-36-ext18/data/res/values-mcc311-mnc180-si: Cannot utime: Operation not permitted
build	Cache Android SDK	2026-06-06T12:22:53.0708082Z /usr/bin/tar: ../../../../../usr/local/lib/android/sdk/platforms/android-36-ext18/data/res/values-mcc311-mnc180-si: Cannot change mode to rwxr-xr-x: Operation not permitted
build	Cache Android SDK	2026-06-06T12:22:53.0711828Z /usr/bin/tar: ../../../../../usr/local/lib/android/sdk/platforms/android-36-ext18/data/res/values-mcc310-mnc250-uk: Cannot utime: Operation not permitted
build	Cache Android SDK	2026-06-06T12:22:53.0713740Z /usr/bin/tar: ../../../../../usr/local/lib/android/sdk/platforms/android-36-ext18/data/res/values-mcc310-mnc250-uk: Cannot change mode to rwxr-xr-x: Operation not permitted
build	Cache Android SDK	2026-06-06T12:22:53.0715802Z /usr/bin/tar: ../../../../../usr/local/lib/android/sdk/platforms/android-36-ext18/data/res/values-mcc313-mnc100-en-rCA: Cannot utime: Operation not permitted
build	Cache Android SDK	2026-06-06T12:22:53.0718006Z /usr/bin/tar: ../../../../../usr/local/lib/android/sdk/platforms/android-36-ext18/data/res/values-mcc313-mnc100-en-rCA: Cannot change mode to rwxr-xr-x: Operation not permitted
build	Cache Android SDK	2026-06-06T12:22:53.0719849Z /usr/bin/tar: ../../../../../usr/local/lib/android/sdk/platforms/android-36-ext18/data/res/raw-ar: Cannot utime: Operation not permitted
build	Cache Android SDK	2026-06-06T12:22:53.0721213Z /usr/bin/tar: ../../../../../usr/local/lib/android/sdk/platforms/android-36-ext18/data/res/raw-ar: Cannot change mode to rwxr-xr-x: Operation not permitted
build	Cache Android SDK	2026-06-06T12:22:53.0722224Z /usr/bin/tar: ../../../../../usr/local/lib/android/sdk/platforms/android-36-ext18/data/res/values-mcc310-mnc660-ro: Cannot utime: Operation not permitted
build	Cache Android SDK	2026-06-06T12:22:53.0723178Z /usr/bin/tar: ../../../../../usr/local/lib/android/sdk/platforms/android-36-ext18/data/res/values-mcc310-mnc660-ro: Cannot change mode to rwxr-xr-x: Operation not permitted
build	Cache Android SDK	2026-06-06T12:22:53.0726338Z /usr/bin/tar: ../../../../../usr/local/lib/android/sdk/platforms/android-36-ext18/data/res/values-mcc312-mnc670-az: Cannot utime: Operation not permitted
build	Cache Android SDK	2026-06-06T12:22:53.0728188Z /usr/bin/tar: ../../../../../usr/local/lib/android/sdk/platforms/android-36-ext18/data/res/values-mcc312-mnc670-az: Cannot change mode to rwxr-xr-x: Operation not permitted
build	Cache Android SDK	2026-06-06T12:22:53.0730508Z /usr/bin/tar: ../../../../../usr/local/lib/android/sdk/platforms/android-36-ext18/data/res/values-mcc310-mnc250-in: Cannot utime: Operation not permitted
build	Cache Android SDK	2026-06-06T12:22:53.0731638Z /usr/bin/tar: ../../../../../usr/local/lib/android/sdk/platforms/android-36-ext18/data/res/values-mcc310-mnc250-in: Cannot change mode to rwxr-xr-x: Operation not permitted
build	Cache Android SDK	2026-06-06T12:22:53.0733979Z /usr/bin/tar: ../../../../../usr/local/lib/android/sdk/platforms/android-36-ext18/data/res/values-mcc313-mnc100-iw: Cannot utime: Operation not permitted
build	Cache Android SDK	2026-06-06T12:22:53.0734945Z /usr/bin/tar: ../../../../../usr/local/lib/android/sdk/platforms/android-36-ext18/data/res/values-mcc313-mnc100-iw: Cannot change mode to rwxr-xr-x: Operation not permitted
build	Cache Android SDK	2026-06-06T12:22:53.0739256Z /usr/bin/tar: ../../../../../usr/local/lib/android/sdk/platforms/android-36-ext18/data/res/values-w170dp-notround-watch: Cannot utime: Operation not permitted
build	Cache Android SDK	2026-06-06T12:22:53.0740834Z /usr/bin/tar: ../../../../../usr/local/lib/android/sdk/platforms/android-36-ext18/data/res/values-w170dp-notround-watch: Cannot change mode to rwxr-xr-x: Operation not permitted
build	Cache Android SDK	2026-06-06T12:22:53.0750602Z /usr/bin/tar: ../../../../../usr/local/lib/android/sdk/platforms/android-36-ext18/data/res/values-pa: Cannot utime: Operation not permitted
build	Cache Android SDK	2026-06-06T12:22:53.0751709Z /usr/bin/tar: ../../../../../usr/local/lib/android/sdk/platforms/android-36-ext18/data/res/values-pa: Cannot change mode to rwxr-xr-x: Operation not permitted
build	Cache Android SDK	2026-06-06T12:22:53.0755306Z /usr/bin/tar: ../../../../../usr/local/lib/android/sdk/platforms/android-36-ext18/data/res/values-mcc310-mnc240-sl: Cannot utime: Operation not permitted
build	Cache Android SDK	2026-06-06T12:22:53.0756400Z /usr/bin/tar: ../../../../../usr/local/lib/android/sdk/platforms/android-36-ext18/data/res/values-mcc310-mnc240-sl: Cannot change mode to rwxr-xr-x: Operation not permitted
build	Cache Android SDK	2026-06-06T12:22:53.0766845Z /usr/bin/tar: ../../../../../usr/local/lib/android/sdk/platforms/android-36-ext18/data/res/values-mcc310-mnc490-ky: Cannot utime: Operation not permitted
build	Cache Android SDK	2026-06-06T12:22:53.0769195Z /usr/bin/tar: ../../../../../usr/local/lib/android/sdk/platforms/android-36-ext18/data/res/values-mcc310-mnc490-ky: Cannot change mode to rwxr-xr-x: Operation not permitted
build	Cache Android SDK	2026-06-06T12:22:53.0772216Z /usr/bin/tar: ../../../../../usr/local/lib/android/sdk/platforms/android-36-ext18/data/res/values-mcc310-mnc170-pt-rPT: Cannot utime: Operation not permitted
build	Cache Android SDK	2026-06-06T12:22:53.0773430Z /usr/bin/tar: ../../../../../usr/local/lib/android/sdk/platforms/android-36-ext18/data/res/values-mcc310-mnc170-pt-rPT: Cannot change mode to rwxr-xr-x: Operation not permitted
build	Cache Android SDK	2026-06-06T12:22:53.0776332Z /usr/bin/tar: ../../../../../usr/local/lib/android/sdk/platforms/android-36-ext18/data/res/values-mcc310-mnc560-bg: Cannot utime: Operation not permitted
build	Cache Android SDK	2026-06-06T12:22:53.0777313Z /usr/bin/tar: ../../../../../usr/local/lib/android/sdk/platforms/android-36-ext18/data/res/values-mcc310-mnc560-bg: Cannot change mode to rwxr-xr-x: Operation not permitted
build	Cache Android SDK	2026-06-06T12:22:53.0790291Z /usr/bin/tar: ../../../../../usr/local/lib/android/sdk/platforms/android-36-ext18/data/res/values-mcc310-mnc150-en-rCA: Cannot utime: Operation not permitted
build	Cache Android SDK	2026-06-06T12:22:53.0792112Z /usr/bin/tar: ../../../../../usr/local/lib/android/sdk/platforms/android-36-ext18/data/res/values-mcc310-mnc150-en-rCA: Cannot change mode to rwxr-xr-x: Operation not permitted
build	Cache Android SDK	2026-06-06T12:22:53.0794084Z /usr/bin/tar: ../../../../../usr/local/lib/android/sdk/platforms/android-36-ext18/data/res/values-mcc310-mnc800-es: Cannot utime: Operation not permitted
build	Cache Android SDK	2026-06-06T12:22:53.0795141Z /usr/bin/tar: ../../../../../usr/local/lib/android/sdk/platforms/android-36-ext18/data/res/values-mcc310-mnc800-es: Cannot change mode to rwxr-xr-x: Operation not permitted
build	Cache Android SDK	2026-06-06T12:22:53.0814961Z /usr/bin/tar: ../../../../../usr/local/lib/android/sdk/platforms/android-36-ext18/data/res/values-mcc001-mnc01-cs: Cannot utime: Operation not permitted
build	Cache Android SDK	2026-06-06T12:22:53.0816597Z /usr/bin/tar: ../../../../../usr/local/lib/android/sdk/platforms/android-36-ext18/data/res/values-mcc001-mnc01-cs: Cannot change mode to rwxr-xr-x: Operation not permitted
build	Cache Android SDK	2026-06-06T12:22:53.1305014Z /usr/bin/tar: ../../../../../usr/local/lib/android/sdk/platforms/android-36-ext18/data/res/values-mcc311-mnc180-tr: Cannot utime: Operation not permitted
build	Cache Android SDK	2026-06-06T12:22:53.1306226Z /usr/bin/tar: ../../../../../usr/local/lib/android/sdk/platforms/android-36-ext18/data/res/values-mcc311-mnc180-tr: Cannot change mode to rwxr-xr-x: Operation not permitted
build	Cache Android SDK	2026-06-06T12:22:53.1307268Z /usr/bin/tar: ../../../../../usr/local/lib/android/sdk/platforms/android-36-ext18/data/res/values-mcc310-mnc030-vi: Cannot utime: Operation not permitted
build	Cache Android SDK	2026-06-06T12:22:53.1309013Z /usr/bin/tar: ../../../../../usr/local/lib/android/sdk/platforms/android-36-ext18/data/res/values-mcc310-mnc030-vi: Cannot change mode to rwxr-xr-x: Operation not permitted
build	Cache Android SDK	2026-06-06T12:22:53.1310623Z /usr/bin/tar: ../../../../../usr/local/lib/android/sdk/platforms/android-36-ext18/data/res/values-mcc310-mnc280-sw: Cannot utime: Operation not permitted
build	Cache Android SDK	2026-06-06T12:22:53.1311579Z /usr/bin/tar: ../../../../../usr/local/lib/android/sdk/platforms/android-36-ext18/data/res/values-mcc310-mnc280-sw: Cannot change mode to rwxr-xr-x: Operation not permitted
build	Cache Android SDK	2026-06-06T12:22:53.1313246Z /usr/bin/tar: ../../../../../usr/local/lib/android/sdk/platforms/android-36-ext18/data/res/values-mcc302-mnc720-hr: Cannot utime: Operation not permitted
build	Cache Android SDK	2026-06-06T12:22:53.1314257Z /usr/bin/tar: ../../../../../usr/local/lib/android/sdk/platforms/android-36-ext18/data/res/values-mcc302-mnc720-hr: Cannot change mode to rwxr-xr-x: Operation not permitted
build	Cache Android SDK	2026-06-06T12:22:53.1327760Z /usr/bin/tar: ../../../../../usr/local/lib/android/sdk/platforms/android-36-ext18/data/res/values-mcc310-mnc170-fi: Cannot utime: Operation not permitted
build	Cache Android SDK	2026-06-06T12:22:53.1329997Z /usr/bin/tar: ../../../../../usr/local/lib/android/sdk/platforms/android-36-ext18/data/res/values-mcc310-mnc170-fi: Cannot change mode to rwxr-xr-x: Operation not permitted
build	Cache Android SDK	2026-06-06T12:22:53.1331570Z /usr/bin/tar: ../../../../../usr/local/lib/android/sdk/platforms/android-36-ext18/data/res/values-mcc312-mnc670-es-rUS: Cannot utime: Operation not permitted
build	Cache Android SDK	2026-06-06T12:22:53.1332705Z /usr/bin/tar: ../../../../../usr/local/lib/android/sdk/platforms/android-36-ext18/data/res/values-mcc312-mnc670-es-rUS: Cannot change mode to rwxr-xr-x: Operation not permitted
build	Cache Android SDK	2026-06-06T12:22:53.1334181Z /usr/bin/tar: ../../../../../usr/local/lib/android/sdk/platforms/android-36-ext18/data/res/values-w198dp: Cannot utime: Operation not permitted
build	Cache Android SDK	2026-06-06T12:22:53.1335821Z /usr/bin/tar: ../../../../../usr/local/lib/android/sdk/platforms/android-36-ext18/data/res/values-w198dp: Cannot change mode to rwxr-xr-x: Operation not permitted
build	Cache Android SDK	2026-06-06T12:22:53.1337202Z /usr/bin/tar: ../../../../../usr/local/lib/android/sdk/platforms/android-36-ext18/data/res/values-mcc310-mnc280-ne: Cannot utime: Operation not permitted
build	Cache Android SDK	2026-06-06T12:22:53.1339102Z /usr/bin/tar: ../../../../../usr/local/lib/android/sdk/platforms/android-36-ext18/data/res/values-mcc310-mnc280-ne: Cannot change mode to rwxr-xr-x: Operation not permitted
build	Cache Android SDK	2026-06-06T12:22:53.1340459Z /usr/bin/tar: ../../../../../usr/local/lib/android/sdk/platforms/android-36-ext18/data/res/values-bs-watch: Cannot utime: Operation not permitted
build	Cache Android SDK	2026-06-06T12:22:53.1342020Z /usr/bin/tar: ../../../../../usr/local/lib/android/sdk/platforms/android-36-ext18/data/res/values-bs-watch: Cannot change mode to rwxr-xr-x: Operation not permitted
build	Cache Android SDK	2026-06-06T12:22:53.1343681Z /usr/bin/tar: ../../../../../usr/local/lib/android/sdk/platforms/android-36-ext18/data/res/values-mcc310-mnc160-ca: Cannot utime: Operation not permitted
build	Cache Android SDK	2026-06-06T12:22:53.1345549Z /usr/bin/tar: ../../../../../usr/local/lib/android/sdk/platforms/android-36-ext18/data/res/values-mcc310-mnc160-ca: Cannot change mode to rwxr-xr-x: Operation not permitted
build	Cache Android SDK	2026-06-06T12:22:53.1347231Z /usr/bin/tar: ../../../../../usr/local/lib/android/sdk/platforms/android-36-ext18/data/res/values-mcc310-mnc150-hu: Cannot utime: Operation not permitted
build	Cache Android SDK	2026-06-06T12:22:53.1348851Z /usr/bin/tar: ../../../../../usr/local/lib/android/sdk/platforms/android-36-ext18/data/res/values-mcc310-mnc150-hu: Cannot change mode to rwxr-xr-x: Operation not permitted
build	Cache Android SDK	2026-06-06T12:22:53.1350218Z /usr/bin/tar: ../../../../../usr/local/lib/android/sdk/platforms/android-36-ext18/data/res/transition: Cannot utime: Operation not permitted
build	Cache Android SDK	2026-06-06T12:22:53.1351714Z /usr/bin/tar: ../../../../../usr/local/lib/android/sdk/platforms/android-36-ext18/data/res/transition: Cannot change mode to rwxr-xr-x: Operation not permitted
build	Cache Android SDK	2026-06-06T12:22:53.1353170Z /usr/bin/tar: ../../../../../usr/local/lib/android/sdk/platforms/android-36-ext18/data/res/values-mcc310-mnc230-ko: Cannot utime: Operation not permitted
build	Cache Android SDK	2026-06-06T12:22:53.1354611Z /usr/bin/tar: ../../../../../usr/local/lib/android/sdk/platforms/android-36-ext18/data/res/values-mcc310-mnc230-ko: Cannot change mode to rwxr-xr-x: Operation not permitted
build	Cache Android SDK	2026-06-06T12:22:53.1355545Z /usr/bin/tar: ../../../../../usr/local/lib/android/sdk/platforms/android-36-ext18/data/res/values-mcc310-mnc270-am: Cannot utime: Operation not permitted
build	Cache Android SDK	2026-06-06T12:22:53.1356867Z /usr/bin/tar: ../../../../../usr/local/lib/android/sdk/platforms/android-36-ext18/data/res/values-mcc310-mnc270-am: Cannot change mode to rwxr-xr-x: Operation not permitted
build	Cache Android SDK	2026-06-06T12:22:53.1358621Z /usr/bin/tar: ../../../../../usr/local/lib/android/sdk/platforms/android-36-ext18/data/res/values-mcc312-mnc670-uk: Cannot utime: Operation not permitted
build	Cache Android SDK	2026-06-06T12:22:53.1360390Z /usr/bin/tar: ../../../../../usr/local/lib/android/sdk/platforms/android-36-ext18/data/res/values-mcc312-mnc670-uk: Cannot change mode to rwxr-xr-x: Operation not permitted
build	Cache Android SDK	2026-06-06T12:22:53.1362127Z /usr/bin/tar: ../../../../../usr/local/lib/android/sdk/platforms/android-36-ext18/data/res/values-mcc310-mnc210-zh-rCN: Cannot utime: Operation not permitted
build	Cache Android SDK	2026-06-06T12:22:53.1364034Z /usr/bin/tar: ../../../../../usr/local/lib/android/sdk/platforms/android-36-ext18/data/res/values-mcc310-mnc210-zh-rCN: Cannot change mode to rwxr-xr-x: Operation not permitted
build	Cache Android SDK	2026-06-06T12:22:53.1365776Z /usr/bin/tar: ../../../../../usr/local/lib/android/sdk/platforms/android-36-ext18/data/res/values-mcc302-mnc660: Cannot utime: Operation not permitted
build	Cache Android SDK	2026-06-06T12:22:53.1367686Z /usr/bin/tar: ../../../../../usr/local/lib/android/sdk/platforms/android-36-ext18/data/res/values-mcc302-mnc660: Cannot change mode to rwxr-xr-x: Operation not permitted
build	Cache Android SDK	2026-06-06T12:22:53.1369520Z /usr/bin/tar: ../../../../../usr/local/lib/android/sdk/platforms/android-36-ext18/data/res/values-mcc310-mnc950-gl: Cannot utime: Operation not permitted
build	Cache Android SDK	2026-06-06T12:22:53.1371407Z /usr/bin/tar: ../../../../../usr/local/lib/android/sdk/platforms/android-36-ext18/data/res/values-mcc310-mnc950-gl: Cannot change mode to rwxr-xr-x: Operation not permitted
build	Cache Android SDK	2026-06-06T12:22:53.1373165Z /usr/bin/tar: ../../../../../usr/local/lib/android/sdk/platforms/android-36-ext18/data/res/values-mcc302-mnc720-is: Cannot utime: Operation not permitted
build	Cache Android SDK	2026-06-06T12:22:53.1374905Z /usr/bin/tar: ../../../../../usr/local/lib/android/sdk/platforms/android-36-ext18/data/res/values-mcc302-mnc720-is: Cannot change mode to rwxr-xr-x: Operation not permitted
build	Cache Android SDK	2026-06-06T12:22:53.1376790Z /usr/bin/tar: ../../../../../usr/local/lib/android/sdk/platforms/android-36-ext18/data/res/values-mcc310-mnc240-ms: Cannot utime: Operation not permitted
build	Cache Android SDK	2026-06-06T12:22:53.1379370Z /usr/bin/tar: ../../../../../usr/local/lib/android/sdk/platforms/android-36-ext18/data/res/values-mcc310-mnc240-ms: Cannot change mode to rwxr-xr-x: Operation not permitted
build	Cache Android SDK	2026-06-06T12:22:53.1386656Z /usr/bin/tar: ../../../../../usr/local/lib/android/sdk/platforms/android-36-ext18/data/res/values-sk: Cannot utime: Operation not permitted
build	Cache Android SDK	2026-06-06T12:22:53.1390367Z /usr/bin/tar: ../../../../../usr/local/lib/android/sdk/platforms/android-36-ext18/data/res/values-sk: Cannot change mode to rwxr-xr-x: Operation not permitted
build	Cache Android SDK	2026-06-06T12:22:53.1392020Z /usr/bin/tar: ../../../../../usr/local/lib/android/sdk/platforms/android-36-ext18/data/res/values-mcc310-mnc160-eu: Cannot utime: Operation not permitted
build	Cache Android SDK	2026-06-06T12:22:53.1394820Z /usr/bin/tar: ../../../../../usr/local/lib/android/sdk/platforms/android-36-ext18/data/res/values-mcc310-mnc160-eu: Cannot change mode to rwxr-xr-x: Operation not permitted
build	Cache Android SDK	2026-06-06T12:22:53.1399321Z /usr/bin/tar: ../../../../../usr/local/lib/android/sdk/platforms/android-36-ext18/data/res/values-mcc310-mnc660-es-rUS: Cannot utime: Operation not permitted
build	Cache Android SDK	2026-06-06T12:22:53.1401201Z /usr/bin/tar: ../../../../../usr/local/lib/android/sdk/platforms/android-36-ext18/data/res/values-mcc310-mnc660-es-rUS: Cannot change mode to rwxr-xr-x: Operation not permitted
build	Cache Android SDK	2026-06-06T12:22:53.1404280Z /usr/bin/tar: ../../../../../usr/local/lib/android/sdk/platforms/android-36-ext18/data/res/values-mcc310-mnc210-az: Cannot utime: Operation not permitted
build	Cache Android SDK	2026-06-06T12:22:53.1406434Z /usr/bin/tar: ../../../../../usr/local/lib/android/sdk/platforms/android-36-ext18/data/res/values-mcc310-mnc210-az: Cannot change mode to rwxr-xr-x: Operation not permitted
build	Cache Android SDK	2026-06-06T12:22:53.1408353Z /usr/bin/tar: ../../../../../usr/local/lib/android/sdk/platforms/android-36-ext18/data/res/values-mcc312-mnc670-el: Cannot utime: Operation not permitted
build	Cache Android SDK	2026-06-06T12:22:53.1410998Z /usr/bin/tar: ../../../../../usr/local/lib/android/sdk/platforms/android-36-ext18/data/res/values-mcc312-mnc670-el: Cannot change mode to rwxr-xr-x: Operation not permitted
build	Cache Android SDK	2026-06-06T12:22:53.1417696Z /usr/bin/tar: ../../../../../usr/local/lib/android/sdk/platforms/android-36-ext18/data/res/values-mcc310-mnc310-en-rIN: Cannot utime: Operation not permitted
build	Cache Android SDK	2026-06-06T12:22:53.1419863Z /usr/bin/tar: ../../../../../usr/local/lib/android/sdk/platforms/android-36-ext18/data/res/values-mcc310-mnc310-en-rIN: Cannot change mode to rwxr-xr-x: Operation not permitted
build	Cache Android SDK	2026-06-06T12:22:53.1422504Z /usr/bin/tar: ../../../../../usr/local/lib/android/sdk/platforms/android-36-ext18/data/res/values-mcc310-mnc380-am: Cannot utime: Operation not permitted
build	Cache Android SDK	2026-06-06T12:22:53.1424050Z /usr/bin/tar: ../../../../../usr/local/lib/android/sdk/platforms/android-36-ext18/data/res/values-mcc310-mnc380-am: Cannot change mode to rwxr-xr-x: Operation not permitted
build	Cache Android SDK	2026-06-06T12:22:53.1426151Z /usr/bin/tar: ../../../../../usr/local/lib/android/sdk/platforms/android-36-ext18/data/res/values-mcc310-mnc280-fr-rCA: Cannot utime: Operation not permitted
build	Cache Android SDK	2026-06-06T12:22:53.1428653Z /usr/bin/tar: ../../../../../usr/local/lib/android/sdk/platforms/android-36-ext18/data/res/values-mcc310-mnc280-fr-rCA: Cannot change mode to rwxr-xr-x: Operation not permitted
build	Cache Android SDK	2026-06-06T12:22:53.1433225Z /usr/bin/tar: ../../../../../usr/local/lib/android/sdk/platforms/android-36-ext18/data/res/values-mcc311-mnc180-es-rUS: Cannot utime: Operation not permitted
build	Cache Android SDK	2026-06-06T12:22:53.1435220Z /usr/bin/tar: ../../../../../usr/local/lib/android/sdk/platforms/android-36-ext18/data/res/values-mcc311-mnc180-es-rUS: Cannot change mode to rwxr-xr-x: Operation not permitted
build	Cache Android SDK	2026-06-06T12:22:53.1437116Z /usr/bin/tar: ../../../../../usr/local/lib/android/sdk/platforms/android-36-ext18/data/res/raw-rm: Cannot utime: Operation not permitted
build	Cache Android SDK	2026-06-06T12:22:53.1439225Z /usr/bin/tar: ../../../../../usr/local/lib/android/sdk/platforms/android-36-ext18/data/res/raw-rm: Cannot change mode to rwxr-xr-x: Operation not permitted
build	Cache Android SDK	2026-06-06T12:22:53.1445149Z /usr/bin/tar: ../../../../../usr/local/lib/android/sdk/platforms/android-36-ext18/data/res/values-mcc310-mnc310-bs: Cannot utime: Operation not permitted
build	Cache Android SDK	2026-06-06T12:22:53.1446475Z /usr/bin/tar: ../../../../../usr/local/lib/android/sdk/platforms/android-36-ext18/data/res/values-mcc310-mnc310-bs: Cannot change mode to rwxr-xr-x: Operation not permitted
build	Cache Android SDK	2026-06-06T12:22:53.1450103Z /usr/bin/tar: ../../../../../usr/local/lib/android/sdk/platforms/android-36-ext18/data/res/values-lt-watch: Cannot utime: Operation not permitted
build	Cache Android SDK	2026-06-06T12:22:53.1451538Z /usr/bin/tar: ../../../../../usr/local/lib/android/sdk/platforms/android-36-ext18/data/res/values-lt-watch: Cannot change mode to rwxr-xr-x: Operation not permitted
build	Cache Android SDK	2026-06-06T12:22:53.1454223Z /usr/bin/tar: ../../../../../usr/local/lib/android/sdk/platforms/android-36-ext18/data/res/values-mcc302-mnc720-de: Cannot utime: Operation not permitted
build	Cache Android SDK	2026-06-06T12:22:53.1455183Z /usr/bin/tar: ../../../../../usr/local/lib/android/sdk/platforms/android-36-ext18/data/res/values-mcc302-mnc720-de: Cannot change mode to rwxr-xr-x: Operation not permitted
build	Cache Android SDK	2026-06-06T12:22:53.1481840Z /usr/bin/tar: ../../../../../usr/local/lib/android/sdk/platforms/android-36-ext18/data/res/values-mcc310-mnc660-vi: Cannot utime: Operation not permitted
build	Cache Android SDK	2026-06-06T12:22:53.1483473Z /usr/bin/tar: ../../../../../usr/local/lib/android/sdk/platforms/android-36-ext18/data/res/values-mcc310-mnc660-vi: Cannot change mode to rwxr-xr-x: Operation not permitted
build	Cache Android SDK	2026-06-06T12:22:53.1485225Z /usr/bin/tar: ../../../../../usr/local/lib/android/sdk/platforms/android-36-ext18/data/res/values-mcc310-mnc950-lt: Cannot utime: Operation not permitted
build	Cache Android SDK	2026-06-06T12:22:53.1486449Z /usr/bin/tar: ../../../../../usr/local/lib/android/sdk/platforms/android-36-ext18/data/res/values-mcc310-mnc950-lt: Cannot change mode to rwxr-xr-x: Operation not permitted
build	Cache Android SDK	2026-06-06T12:22:53.1487837Z /usr/bin/tar: ../../../../../usr/local/lib/android/sdk/platforms/android-36-ext18/data/res/values-mcc310-mnc280-sr: Cannot utime: Operation not permitted
build	Cache Android SDK	2026-06-06T12:22:53.1489569Z /usr/bin/tar: ../../../../../usr/local/lib/android/sdk/platforms/android-36-ext18/data/res/values-mcc310-mnc280-sr: Cannot change mode to rwxr-xr-x: Operation not permitted
build	Cache Android SDK	2026-06-06T12:22:53.1491357Z /usr/bin/tar: ../../../../../usr/local/lib/android/sdk/platforms/android-36-ext18/data/res/mipmap-xxxhdpi: Cannot utime: Operation not permitted
build	Cache Android SDK	2026-06-06T12:22:53.1493112Z /usr/bin/tar: ../../../../../usr/local/lib/android/sdk/platforms/android-36-ext18/data/res/mipmap-xxxhdpi: Cannot change mode to rwxr-xr-x: Operation not permitted
build	Cache Android SDK	2026-06-06T12:22:53.1776792Z /usr/bin/tar: ../../../../../usr/local/lib/android/sdk/platforms/android-36-ext18/data/res/values-notround-watch: Cannot utime: Operation not permitted
build	Cache Android SDK	2026-06-06T12:22:53.1778937Z /usr/bin/tar: ../../../../../usr/local/lib/android/sdk/platforms/android-36-ext18/data/res/values-notround-watch: Cannot change mode to rwxr-xr-x: Operation not permitted
build	Cache Android SDK	2026-06-06T12:22:53.1780770Z /usr/bin/tar: ../../../../../usr/local/lib/android/sdk/platforms/android-36-ext18/data/res/values-mcc310-mnc660-bn: Cannot utime: Operation not permitted
build	Cache Android SDK	2026-06-06T12:22:53.1782685Z /usr/bin/tar: ../../../../../usr/local/lib/android/sdk/platforms/android-36-ext18/data/res/values-mcc310-mnc660-bn: Cannot change mode to rwxr-xr-x: Operation not permitted
build	Cache Android SDK	2026-06-06T12:22:53.1786266Z /usr/bin/tar: ../../../../../usr/local/lib/android/sdk/platforms/android-36-ext18/data/res/values-mcc313-mnc100-as: Cannot utime: Operation not permitted
build	Cache Android SDK	2026-06-06T12:22:53.1787264Z /usr/bin/tar: ../../../../../usr/local/lib/android/sdk/platforms/android-36-ext18/data/res/values-mcc313-mnc100-as: Cannot change mode to rwxr-xr-x: Operation not permitted
build	Cache Android SDK	2026-06-06T12:22:53.1794201Z /usr/bin/tar: ../../../../../usr/local/lib/android/sdk/platforms/android-36-ext18/data/res/values-mcc310-mnc170-pt-rBR: Cannot utime: Operation not permitted
build	Cache Android SDK	2026-06-06T12:22:53.1796006Z /usr/bin/tar: ../../../../../usr/local/lib/android/sdk/platforms/android-36-ext18/data/res/values-mcc310-mnc170-pt-rBR: Cannot change mode to rwxr-xr-x: Operation not permitted
build	Cache Android SDK	2026-06-06T12:22:53.1797779Z /usr/bin/tar: ../../../../../usr/local/lib/android/sdk/platforms/android-36-ext18/data/res/values-mcc310-mnc200-nb: Cannot utime: Operation not permitted
build	Cache Android SDK	2026-06-06T12:22:53.1799299Z /usr/bin/tar: ../../../../../usr/local/lib/android/sdk/platforms/android-36-ext18/data/res/values-mcc310-mnc200-nb: Cannot change mode to rwxr-xr-x: Operation not permitted
build	Cache Android SDK	2026-06-06T12:22:53.1800583Z /usr/bin/tar: ../../../../../usr/local/lib/android/sdk/platforms/android-36-ext18/data/res/values-mcc313-mnc100-nl: Cannot utime: Operation not permitted
build	Cache Android SDK	2026-06-06T12:22:53.1801527Z /usr/bin/tar: ../../../../../usr/local/lib/android/sdk/platforms/android-36-ext18/data/res/values-mcc313-mnc100-nl: Cannot change mode to rwxr-xr-x: Operation not permitted
build	Cache Android SDK	2026-06-06T12:22:53.1803155Z /usr/bin/tar: ../../../../../usr/local/lib/android/sdk/platforms/android-36-ext18/data/res/values-mcc310-mnc380-ka: Cannot utime: Operation not permitted
build	Cache Android SDK	2026-06-06T12:22:53.1804133Z /usr/bin/tar: ../../../../../usr/local/lib/android/sdk/platforms/android-36-ext18/data/res/values-mcc310-mnc380-ka: Cannot change mode to rwxr-xr-x: Operation not permitted
build	Cache Android SDK	2026-06-06T12:22:53.1808453Z /usr/bin/tar: ../../../../../usr/local/lib/android/sdk/platforms/android-36-ext18/data/res/values-mcc310-mnc240-nl: Cannot utime: Operation not permitted
build	Cache Android SDK	2026-06-06T12:22:53.1810200Z /usr/bin/tar: ../../../../../usr/local/lib/android/sdk/platforms/android-36-ext18/data/res/values-mcc310-mnc240-nl: Cannot change mode to rwxr-xr-x: Operation not permitted
build	Cache Android SDK	2026-06-06T12:22:53.1811357Z /usr/bin/tar: ../../../../../usr/local/lib/android/sdk/platforms/android-36-ext18/data/res/values-mcc001-mnc01-uk: Cannot utime: Operation not permitted
build	Cache Android SDK	2026-06-06T12:22:53.1812483Z /usr/bin/tar: ../../../../../usr/local/lib/android/sdk/platforms/android-36-ext18/data/res/values-mcc001-mnc01-uk: Cannot change mode to rwxr-xr-x: Operation not permitted
build	Cache Android SDK	2026-06-06T12:22:53.1814012Z /usr/bin/tar: ../../../../../usr/local/lib/android/sdk/platforms/android-36-ext18/data/res/values-bg-television: Cannot utime: Operation not permitted
build	Cache Android SDK	2026-06-06T12:22:53.1814949Z /usr/bin/tar: ../../../../../usr/local/lib/android/sdk/platforms/android-36-ext18/data/res/values-bg-television: Cannot change mode to rwxr-xr-x: Operation not permitted
build	Cache Android SDK	2026-06-06T12:22:53.1815899Z /usr/bin/tar: ../../../../../usr/local/lib/android/sdk/platforms/android-36-ext18/data/res/values-mcc310-mnc800-ur: Cannot utime: Operation not permitted
build	Cache Android SDK	2026-06-06T12:22:53.1817893Z /usr/bin/tar: ../../../../../usr/local/lib/android/sdk/platforms/android-36-ext18/data/res/values-mcc310-mnc800-ur: Cannot change mode to rwxr-xr-x: Operation not permitted
build	Cache Android SDK	2026-06-06T12:22:53.1820622Z /usr/bin/tar: ../../../../../usr/local/lib/android/sdk/platforms/android-36-ext18/data/res/values-mcc310-mnc410-hy: Cannot utime: Operation not permitted
build	Cache Android SDK	2026-06-06T12:22:53.1822504Z /usr/bin/tar: ../../../../../usr/local/lib/android/sdk/platforms/android-36-ext18/data/res/values-mcc310-mnc410-hy: Cannot change mode to rwxr-xr-x: Operation not permitted
build	Cache Android SDK	2026-06-06T12:22:53.1823749Z /usr/bin/tar: ../../../../../usr/local/lib/android/sdk/platforms/android-36-ext18/data/res/values-w213dp: Cannot utime: Operation not permitted
build	Cache Android SDK	2026-06-06T12:22:53.1825400Z /usr/bin/tar: ../../../../../usr/local/lib/android/sdk/platforms/android-36-ext18/data/res/values-w213dp: Cannot change mode to rwxr-xr-x: Operation not permitted
build	Cache Android SDK	2026-06-06T12:22:53.1826727Z /usr/bin/tar: ../../../../../usr/local/lib/android/sdk/platforms/android-36-ext18/data/res/values-mcc310-mnc410-es-rUS: Cannot utime: Operation not permitted
build	Cache Android SDK	2026-06-06T12:22:53.1828306Z /usr/bin/tar: ../../../../../usr/local/lib/android/sdk/platforms/android-36-ext18/data/res/values-mcc310-mnc410-es-rUS: Cannot change mode to rwxr-xr-x: Operation not permitted
build	Cache Android SDK	2026-06-06T12:22:53.1830257Z /usr/bin/tar: ../../../../../usr/local/lib/android/sdk/platforms/android-36-ext18/data/res/values-mcc310-mnc660-tl: Cannot utime: Operation not permitted
build	Cache Android SDK	2026-06-06T12:22:53.1831211Z /usr/bin/tar: ../../../../../usr/local/lib/android/sdk/platforms/android-36-ext18/data/res/values-mcc310-mnc660-tl: Cannot change mode to rwxr-xr-x: Operation not permitted
build	Cache Android SDK	2026-06-06T12:22:53.1837342Z /usr/bin/tar: ../../../../../usr/local/lib/android/sdk/platforms/android-36-ext18/data/res/values-mcc310-mnc280-bn: Cannot utime: Operation not permitted
build	Cache Android SDK	2026-06-06T12:22:53.1839341Z /usr/bin/tar: ../../../../../usr/local/lib/android/sdk/platforms/android-36-ext18/data/res/values-mcc310-mnc280-bn: Cannot change mode to rwxr-xr-x: Operation not permitted
build	Cache Android SDK	2026-06-06T12:22:53.1841028Z /usr/bin/tar: ../../../../../usr/local/lib/android/sdk/platforms/android-36-ext18/data/res/values-mcc313-mnc100-b+sr+Latn: Cannot utime: Operation not permitted
build	Cache Android SDK	2026-06-06T12:22:53.1842465Z /usr/bin/tar: ../../../../../usr/local/lib/android/sdk/platforms/android-36-ext18/data/res/values-mcc313-mnc100-b+sr+Latn: Cannot change mode to rwxr-xr-x: Operation not permitted
build	Cache Android SDK	2026-06-06T12:22:53.1845246Z /usr/bin/tar: ../../../../../usr/local/lib/android/sdk/platforms/android-36-ext18/data/res/values-mcc466-mnc01: Cannot utime: Operation not permitted
build	Cache Android SDK	2026-06-06T12:22:53.1846498Z /usr/bin/tar: ../../../../../usr/local/lib/android/sdk/platforms/android-36-ext18/data/res/values-mcc466-mnc01: Cannot change mode to rwxr-xr-x: Operation not permitted
build	Cache Android SDK	2026-06-06T12:22:53.1848856Z /usr/bin/tar: ../../../../../usr/local/lib/android/sdk/platforms/android-36-ext18/data/res/raw-th: Cannot utime: Operation not permitted
build	Cache Android SDK	2026-06-06T12:22:53.1849738Z /usr/bin/tar: ../../../../../usr/local/lib/android/sdk/platforms/android-36-ext18/data/res/raw-th: Cannot change mode to rwxr-xr-x: Operation not permitted
build	Cache Android SDK	2026-06-06T12:22:53.1852506Z /usr/bin/tar: ../../../../../usr/local/lib/android/sdk/platforms/android-36-ext18/data/res/values-mcc302-mnc720-in: Cannot utime: Operation not permitted
build	Cache Android SDK	2026-06-06T12:22:53.1853485Z /usr/bin/tar: ../../../../../usr/local/lib/android/sdk/platforms/android-36-ext18/data/res/values-mcc302-mnc720-in: Cannot change mode to rwxr-xr-x: Operation not permitted
build	Cache Android SDK	2026-06-06T12:22:53.1856047Z /usr/bin/tar: ../../../../../usr/local/lib/android/sdk/platforms/android-36-ext18/data/res/values-mcc310-mnc210-gl: Cannot utime: Operation not permitted
build	Cache Android SDK	2026-06-06T12:22:53.1857029Z /usr/bin/tar: ../../../../../usr/local/lib/android/sdk/platforms/android-36-ext18/data/res/values-mcc310-mnc210-gl: Cannot change mode to rwxr-xr-x: Operation not permitted
build	Cache Android SDK	2026-06-06T12:22:53.1859398Z /usr/bin/tar: ../../../../../usr/local/lib/android/sdk/platforms/android-36-ext18/data/res/values-fr-rCH: Cannot utime: Operation not permitted
build	Cache Android SDK	2026-06-06T12:22:53.1860528Z /usr/bin/tar: ../../../../../usr/local/lib/android/sdk/platforms/android-36-ext18/data/res/values-fr-rCH: Cannot change mode to rwxr-xr-x: Operation not permitted
build	Cache Android SDK	2026-06-06T12:22:53.1863099Z /usr/bin/tar: ../../../../../usr/local/lib/android/sdk/platforms/android-36-ext18/data/res/values-hr-television: Cannot utime: Operation not permitted
build	Cache Android SDK	2026-06-06T12:22:53.1864167Z /usr/bin/tar: ../../../../../usr/local/lib/android/sdk/platforms/android-36-ext18/data/res/values-hr-television: Cannot change mode to rwxr-xr-x: Operation not permitted
build	Cache Android SDK	2026-06-06T12:22:53.1865847Z /usr/bin/tar: ../../../../../usr/local/lib/android/sdk/platforms/android-36-ext18/data/res/values-mcc313-mnc100-fr: Cannot utime: Operation not permitted
build	Cache Android SDK	2026-06-06T12:22:53.1866988Z /usr/bin/tar: ../../../../../usr/local/lib/android/sdk/platforms/android-36-ext18/data/res/values-mcc313-mnc100-fr: Cannot change mode to rwxr-xr-x: Operation not permitted
build	Cache Android SDK	2026-06-06T12:22:53.1868856Z /usr/bin/tar: ../../../../../usr/local/lib/android/sdk/platforms/android-36-ext18/data/res/values-km-television: Cannot utime: Operation not permitted
build	Cache Android SDK	2026-06-06T12:22:53.1869802Z /usr/bin/tar: ../../../../../usr/local/lib/android/sdk/platforms/android-36-ext18/data/res/values-km-television: Cannot change mode to rwxr-xr-x: Operation not permitted
build	Cache Android SDK	2026-06-06T12:22:53.1871764Z /usr/bin/tar: ../../../../../usr/local/lib/android/sdk/platforms/android-36-ext18/data/res/values-mcc310-mnc410-ar: Cannot utime: Operation not permitted
build	Cache Android SDK	2026-06-06T12:22:53.1872737Z /usr/bin/tar: ../../../../../usr/local/lib/android/sdk/platforms/android-36-ext18/data/res/values-mcc310-mnc410-ar: Cannot change mode to rwxr-xr-x: Operation not permitted
build	Cache Android SDK	2026-06-06T12:22:53.1874710Z /usr/bin/tar: ../../../../../usr/local/lib/android/sdk/platforms/android-36-ext18/data/res/values-mcc310-mnc660-fr: Cannot utime: Operation not permitted
build	Cache Android SDK	2026-06-06T12:22:53.1875679Z /usr/bin/tar: ../../../../../usr/local/lib/android/sdk/platforms/android-36-ext18/data/res/values-mcc310-mnc660-fr: Cannot change mode to rwxr-xr-x: Operation not permitted
build	Cache Android SDK	2026-06-06T12:22:53.1878500Z /usr/bin/tar: ../../../../../usr/local/lib/android/sdk/platforms/android-36-ext18/data/res/values-mcc310-mnc160-es-rUS: Cannot utime: Operation not permitted
build	Cache Android SDK	2026-06-06T12:22:53.1879993Z /usr/bin/tar: ../../../../../usr/local/lib/android/sdk/platforms/android-36-ext18/data/res/values-mcc310-mnc160-es-rUS: Cannot change mode to rwxr-xr-x: Operation not permitted
build	Cache Android SDK	2026-06-06T12:22:53.1881756Z /usr/bin/tar: ../../../../../usr/local/lib/android/sdk/platforms/android-36-ext18/data/res/values-mcc310-mnc200: Cannot utime: Operation not permitted
build	Cache Android SDK	2026-06-06T12:22:53.1883154Z /usr/bin/tar: ../../../../../usr/local/lib/android/sdk/platforms/android-36-ext18/data/res/values-mcc310-mnc200: Cannot change mode to rwxr-xr-x: Operation not permitted
build	Cache Android SDK	2026-06-06T12:22:53.1887052Z /usr/bin/tar: ../../../../../usr/local/lib/android/sdk/platforms/android-36-ext18/data/res/values-mcc310-mnc270-tl: Cannot utime: Operation not permitted
build	Cache Android SDK	2026-06-06T12:22:53.1888705Z /usr/bin/tar: ../../../../../usr/local/lib/android/sdk/platforms/android-36-ext18/data/res/values-mcc310-mnc270-tl: Cannot change mode to rwxr-xr-x: Operation not permitted
build	Cache Android SDK	2026-06-06T12:22:53.1890190Z /usr/bin/tar: ../../../../../usr/local/lib/android/sdk/platforms/android-36-ext18/data/res/values-mcc310-mnc950-sk: Cannot utime: Operation not permitted
build	Cache Android SDK	2026-06-06T12:22:53.1891139Z /usr/bin/tar: ../../../../../usr/local/lib/android/sdk/platforms/android-36-ext18/data/res/values-mcc310-mnc950-sk: Cannot change mode to rwxr-xr-x: Operation not permitted
build	Cache Android SDK	2026-06-06T12:22:53.1892927Z /usr/bin/tar: ../../../../../usr/local/lib/android/sdk/platforms/android-36-ext18/data/res/values-mcc310-mnc240-ky: Cannot utime: Operation not permitted
build	Cache Android SDK	2026-06-06T12:22:53.1893895Z /usr/bin/tar: ../../../../../usr/local/lib/android/sdk/platforms/android-36-ext18/data/res/values-mcc310-mnc240-ky: Cannot change mode to rwxr-xr-x: Operation not permitted
build	Cache Android SDK	2026-06-06T12:22:53.1896708Z /usr/bin/tar: ../../../../../usr/local/lib/android/sdk/platforms/android-36-ext18/data/res/values-mcc310-mnc310-ky: Cannot utime: Operation not permitted
build	Cache Android SDK	2026-06-06T12:22:53.1897762Z /usr/bin/tar: ../../../../../usr/local/lib/android/sdk/platforms/android-36-ext18/data/res/values-mcc310-mnc310-ky: Cannot change mode to rwxr-xr-x: Operation not permitted
build	Cache Android SDK	2026-06-06T12:22:53.1900130Z /usr/bin/tar: ../../../../../usr/local/lib/android/sdk/platforms/android-36-ext18/data/res/values-mcc310-mnc250-hu: Cannot utime: Operation not permitted
build	Cache Android SDK	2026-06-06T12:22:53.1901176Z /usr/bin/tar: ../../../../../usr/local/lib/android/sdk/platforms/android-36-ext18/data/res/values-mcc310-mnc250-hu: Cannot change mode to rwxr-xr-x: Operation not permitted
build	Cache Android SDK	2026-06-06T12:22:53.1903300Z /usr/bin/tar: ../../../../../usr/local/lib/android/sdk/platforms/android-36-ext18/data/res/values-mcc311-mnc490: Cannot utime: Operation not permitted
build	Cache Android SDK	2026-06-06T12:22:53.1904251Z /usr/bin/tar: ../../../../../usr/local/lib/android/sdk/platforms/android-36-ext18/data/res/values-mcc311-mnc490: Cannot change mode to rwxr-xr-x: Operation not permitted
build	Cache Android SDK	2026-06-06T12:22:53.1907805Z /usr/bin/tar: ../../../../../usr/local/lib/android/sdk/platforms/android-36-ext18/data/res/values-mcc310-mnc220-zu: Cannot utime: Operation not permitted
build	Cache Android SDK	2026-06-06T12:22:53.1908769Z /usr/bin/tar: ../../../../../usr/local/lib/android/sdk/platforms/android-36-ext18/data/res/values-mcc310-mnc220-zu: Cannot change mode to rwxr-xr-x: Operation not permitted
build	Cache Android SDK	2026-06-06T12:22:53.1911296Z /usr/bin/tar: ../../../../../usr/local/lib/android/sdk/platforms/android-36-ext18/data/res/values-mcc310-mnc150-gl: Cannot utime: Operation not permitted
build	Cache Android SDK	2026-06-06T12:22:53.1912357Z /usr/bin/tar: ../../../../../usr/local/lib/android/sdk/platforms/android-36-ext18/data/res/values-mcc310-mnc150-gl: Cannot change mode to rwxr-xr-x: Operation not permitted
build	Cache Android SDK	2026-06-06T12:22:53.1918008Z /usr/bin/tar: ../../../../../usr/local/lib/android/sdk/platforms/android-36-ext18/data/res/values-mcc302-mnc220: Cannot utime: Operation not permitted
build	Cache Android SDK	2026-06-06T12:22:53.1918957Z /usr/bin/tar: ../../../../../usr/local/lib/android/sdk/platforms/android-36-ext18/data/res/values-mcc302-mnc220: Cannot change mode to rwxr-xr-x: Operation not permitted
build	Cache Android SDK	2026-06-06T12:22:53.1921318Z /usr/bin/tar: ../../../../../usr/local/lib/android/sdk/platforms/android-36-ext18/data/res/values-mcc310-mnc560-sv: Cannot utime: Operation not permitted
build	Cache Android SDK	2026-06-06T12:22:53.1922285Z /usr/bin/tar: ../../../../../usr/local/lib/android/sdk/platforms/android-36-ext18/data/res/values-mcc310-mnc560-sv: Cannot change mode to rwxr-xr-x: Operation not permitted
build	Cache Android SDK	2026-06-06T12:22:53.1924782Z /usr/bin/tar: ../../../../../usr/local/lib/android/sdk/platforms/android-36-ext18/data/res/values-mcc310-mnc560-hy: Cannot utime: Operation not permitted
build	Cache Android SDK	2026-06-06T12:22:53.1926216Z /usr/bin/tar: ../../../../../usr/local/lib/android/sdk/platforms/android-36-ext18/data/res/values-mcc310-mnc560-hy: Cannot change mode to rwxr-xr-x: Operation not permitted
build	Cache Android SDK	2026-06-06T12:22:53.1928194Z /usr/bin/tar: ../../../../../usr/local/lib/android/sdk/platforms/android-36-ext18/data/res/values-mcc310-mnc170-en-rGB: Cannot utime: Operation not permitted
build	Cache Android SDK	2026-06-06T12:22:53.1929175Z /usr/bin/tar: ../../../../../usr/local/lib/android/sdk/platforms/android-36-ext18/data/res/values-mcc310-mnc170-en-rGB: Cannot change mode to rwxr-xr-x: Operation not permitted
build	Cache Android SDK	2026-06-06T12:22:53.1968327Z /usr/bin/tar: ../../../../../usr/local/lib/android/sdk/platforms/android-36-ext18/data/res/drawable-sw720dp-nodpi: Cannot utime: Operation not permitted
build	Cache Android SDK	2026-06-06T12:22:53.1969424Z /usr/bin/tar: ../../../../../usr/local/lib/android/sdk/platforms/android-36-ext18/data/res/drawable-sw720dp-nodpi: Cannot change mode to rwxr-xr-x: Operation not permitted
build	Cache Android SDK	2026-06-06T12:22:53.1970758Z /usr/bin/tar: ../../../../../usr/local/lib/android/sdk/platforms/android-36-ext18/data/res/values-mcc310-mnc410-ru: Cannot utime: Operation not permitted
build	Cache Android SDK	2026-06-06T12:22:53.1971887Z /usr/bin/tar: ../../../../../usr/local/lib/android/sdk/platforms/android-36-ext18/data/res/values-mcc310-mnc410-ru: Cannot change mode to rwxr-xr-x: Operation not permitted
build	Cache Android SDK	2026-06-06T12:22:53.1974369Z /usr/bin/tar: ../../../../../usr/local/lib/android/sdk/platforms/android-36-ext18/data/res/drawable-w192dp: Cannot utime: Operation not permitted
build	Cache Android SDK	2026-06-06T12:22:53.1975290Z /usr/bin/tar: ../../../../../usr/local/lib/android/sdk/platforms/android-36-ext18/data/res/drawable-w192dp: Cannot change mode to rwxr-xr-x: Operation not permitted
build	Cache Android SDK	2026-06-06T12:22:53.1976901Z /usr/bin/tar: ../../../../../usr/local/lib/android/sdk/platforms/android-36-ext18/data/res/values-mcc310-mnc380-ko: Cannot utime: Operation not permitted
build	Cache Android SDK	2026-06-06T12:22:53.1978065Z /usr/bin/tar: ../../../../../usr/local/lib/android/sdk/platforms/android-36-ext18/data/res/values-mcc310-mnc380-ko: Cannot change mode to rwxr-xr-x: Operation not permitted
build	Cache Android SDK	2026-06-06T12:22:53.1980222Z /usr/bin/tar: ../../../../../usr/local/lib/android/sdk/platforms/android-36-ext18/data/res/values-mcc302-mnc720-fr: Cannot utime: Operation not permitted
build	Cache Android SDK	2026-06-06T12:22:53.1981250Z /usr/bin/tar: ../../../../../usr/local/lib/android/sdk/platforms/android-36-ext18/data/res/values-mcc302-mnc720-fr: Cannot change mode to rwxr-xr-x: Operation not permitted
build	Cache Android SDK	2026-06-06T12:22:53.1994279Z /usr/bin/tar: ../../../../../usr/local/lib/android/sdk/platforms/android-36-ext18/data/res/drawable-land-hdpi: Cannot utime: Operation not permitted
build	Cache Android SDK	2026-06-06T12:22:53.1995328Z /usr/bin/tar: ../../../../../usr/local/lib/android/sdk/platforms/android-36-ext18/data/res/drawable-land-hdpi: Cannot change mode to rwxr-xr-x: Operation not permitted
build	Cache Android SDK	2026-06-06T12:22:53.1996803Z /usr/bin/tar: ../../../../../usr/local/lib/android/sdk/platforms/android-36-ext18/data/res/values-mcc310-mnc660-it: Cannot utime: Operation not permitted
build	Cache Android SDK	2026-06-06T12:22:53.1998164Z /usr/bin/tar: ../../../../../usr/local/lib/android/sdk/platforms/android-36-ext18/data/res/values-mcc310-mnc660-it: Cannot change mode to rwxr-xr-x: Operation not permitted
build	Cache Android SDK	2026-06-06T12:22:53.1999763Z /usr/bin/tar: ../../../../../usr/local/lib/android/sdk/platforms/android-36-ext18/data/res/values-mcc310-mnc250-ru: Cannot utime: Operation not permitted
build	Cache Android SDK	2026-06-06T12:22:53.2000722Z /usr/bin/tar: ../../../../../usr/local/lib/android/sdk/platforms/android-36-ext18/data/res/values-mcc310-mnc250-ru: Cannot change mode to rwxr-xr-x: Operation not permitted
build	Cache Android SDK	2026-06-06T12:22:53.2004987Z /usr/bin/tar: ../../../../../usr/local/lib/android/sdk/platforms/android-36-ext18/data/res/values-et-television: Cannot utime: Operation not permitted
build	Cache Android SDK	2026-06-06T12:22:53.2005994Z /usr/bin/tar: ../../../../../usr/local/lib/android/sdk/platforms/android-36-ext18/data/res/values-et-television: Cannot change mode to rwxr-xr-x: Operation not permitted
build	Cache Android SDK	2026-06-06T12:22:53.2007648Z /usr/bin/tar: ../../../../../usr/local/lib/android/sdk/platforms/android-36-ext18/data/res/values-mcc310-mnc280-si: Cannot utime: Operation not permitted
build	Cache Android SDK	2026-06-06T12:22:53.2008604Z /usr/bin/tar: ../../../../../usr/local/lib/android/sdk/platforms/android-36-ext18/data/res/values-mcc310-mnc280-si: Cannot change mode to rwxr-xr-x: Operation not permitted
build	Cache Android SDK	2026-06-06T12:22:53.2010920Z /usr/bin/tar: ../../../../../usr/local/lib/android/sdk/platforms/android-36-ext18/data/res/values-mcc311-mnc180-nl: Cannot utime: Operation not permitted
build	Cache Android SDK	2026-06-06T12:22:53.2012000Z /usr/bin/tar: ../../../../../usr/local/lib/android/sdk/platforms/android-36-ext18/data/res/values-mcc311-mnc180-nl: Cannot change mode to rwxr-xr-x: Operation not permitted
build	Cache Android SDK	2026-06-06T12:22:53.2018952Z /usr/bin/tar: ../../../../../usr/local/lib/android/sdk/platforms/android-36-ext18/data/res/drawable-sw600dp-hdpi: Cannot utime: Operation not permitted
build	Cache Android SDK	2026-06-06T12:22:53.2020403Z /usr/bin/tar: ../../../../../usr/local/lib/android/sdk/platforms/android-36-ext18/data/res/drawable-sw600dp-hdpi: Cannot change mode to rwxr-xr-x: Operation not permitted
build	Cache Android SDK	2026-06-06T12:22:53.2022212Z /usr/bin/tar: ../../../../../usr/local/lib/android/sdk/platforms/android-36-ext18/data/res/values-mcc302-mnc370-sr: Cannot utime: Operation not permitted
build	Cache Android SDK	2026-06-06T12:22:53.2023855Z /usr/bin/tar: ../../../../../usr/local/lib/android/sdk/platforms/android-36-ext18/data/res/values-mcc302-mnc370-sr: Cannot change mode to rwxr-xr-x: Operation not permitted
build	Cache Android SDK	2026-06-06T12:22:53.2024906Z /usr/bin/tar: ../../../../../usr/local/lib/android/sdk/platforms/android-36-ext18/data/res/values-mcc310-mnc310-is: Cannot utime: Operation not permitted
build	Cache Android SDK	2026-06-06T12:22:53.2026369Z /usr/bin/tar: ../../../../../usr/local/lib/android/sdk/platforms/android-36-ext18/data/res/values-mcc310-mnc310-is: Cannot change mode to rwxr-xr-x: Operation not permitted
build	Cache Android SDK	2026-06-06T12:22:53.2028209Z /usr/bin/tar: ../../../../../usr/local/lib/android/sdk/platforms/android-36-ext18/data/res/values-mcc310-mnc240-es-rUS: Cannot utime: Operation not permitted
build	Cache Android SDK	2026-06-06T12:22:53.2029670Z /usr/bin/tar: ../../../../../usr/local/lib/android/sdk/platforms/android-36-ext18/data/res/values-mcc310-mnc240-es-rUS: Cannot change mode to rwxr-xr-x: Operation not permitted
build	Cache Android SDK	2026-06-06T12:22:53.2030640Z /usr/bin/tar: ../../../../../usr/local/lib/android/sdk/platforms/android-36-ext18/data/res/values-mcc310-mnc170-gl: Cannot utime: Operation not permitted
build	Cache Android SDK	2026-06-06T12:22:53.2031579Z /usr/bin/tar: ../../../../../usr/local/lib/android/sdk/platforms/android-36-ext18/data/res/values-mcc310-mnc170-gl: Cannot change mode to rwxr-xr-x: Operation not permitted
build	Cache Android SDK	2026-06-06T12:22:53.2033249Z /usr/bin/tar: ../../../../../usr/local/lib/android/sdk/platforms/android-36-ext18/data/res/values-mcc310-mnc270-uk: Cannot utime: Operation not permitted
build	Cache Android SDK	2026-06-06T12:22:53.2034617Z /usr/bin/tar: ../../../../../usr/local/lib/android/sdk/platforms/android-36-ext18/data/res/values-mcc310-mnc270-uk: Cannot change mode to rwxr-xr-x: Operation not permitted
build	Cache Android SDK	2026-06-06T12:22:53.2036057Z /usr/bin/tar: ../../../../../usr/local/lib/android/sdk/platforms/android-36-ext18/data/res/values-mcc310-mnc800-fi: Cannot utime: Operation not permitted
build	Cache Android SDK	2026-06-06T12:22:53.2037135Z /usr/bin/tar: ../../../../../usr/local/lib/android/sdk/platforms/android-36-ext18/data/res/values-mcc310-mnc800-fi: Cannot change mode to rwxr-xr-x: Operation not permitted
build	Cache Android SDK	2026-06-06T12:22:53.2039142Z /usr/bin/tar: ../../../../../usr/local/lib/android/sdk/platforms/android-36-ext18/data/res/values-mcc450: Cannot utime: Operation not permitted
build	Cache Android SDK	2026-06-06T12:22:53.2040138Z /usr/bin/tar: ../../../../../usr/local/lib/android/sdk/platforms/android-36-ext18/data/res/values-mcc450: Cannot change mode to rwxr-xr-x: Operation not permitted
build	Cache Android SDK	2026-06-06T12:22:53.2041994Z /usr/bin/tar: ../../../../../usr/local/lib/android/sdk/platforms/android-36-ext18/data/res/values-or-television: Cannot utime: Operation not permitted
build	Cache Android SDK	2026-06-06T12:22:53.2043022Z /usr/bin/tar: ../../../../../usr/local/lib/android/sdk/platforms/android-36-ext18/data/res/values-or-television: Cannot change mode to rwxr-xr-x: Operation not permitted
build	Cache Android SDK	2026-06-06T12:22:53.2044946Z /usr/bin/tar: ../../../../../usr/local/lib/android/sdk/platforms/android-36-ext18/data/res/values-es-rES: Cannot utime: Operation not permitted
build	Cache Android SDK	2026-06-06T12:22:53.2045843Z /usr/bin/tar: ../../../../../usr/local/lib/android/sdk/platforms/android-36-ext18/data/res/values-es-rES: Cannot change mode to rwxr-xr-x: Operation not permitted
build	Cache Android SDK	2026-06-06T12:22:53.2048201Z /usr/bin/tar: ../../../../../usr/local/lib/android/sdk/platforms/android-36-ext18/data/res/values-mcc302-mnc370-nl: Cannot utime: Operation not permitted
build	Cache Android SDK	2026-06-06T12:22:53.2049410Z /usr/bin/tar: ../../../../../usr/local/lib/android/sdk/platforms/android-36-ext18/data/res/values-mcc302-mnc370-nl: Cannot change mode to rwxr-xr-x: Operation not permitted
build	Cache Android SDK	2026-06-06T12:22:53.2051355Z /usr/bin/tar: ../../../../../usr/local/lib/android/sdk/platforms/android-36-ext18/data/res/values-mcc310-mnc950-fr-rCA: Cannot utime: Operation not permitted
build	Cache Android SDK	2026-06-06T12:22:53.2052335Z /usr/bin/tar: ../../../../../usr/local/lib/android/sdk/platforms/android-36-ext18/data/res/values-mcc310-mnc950-fr-rCA: Cannot change mode to rwxr-xr-x: Operation not permitted
build	Cache Android SDK	2026-06-06T12:22:53.2054528Z /usr/bin/tar: ../../../../../usr/local/lib/android/sdk/platforms/android-36-ext18/data/res/values-mcc310-mnc210-ca: Cannot utime: Operation not permitted
build	Cache Android SDK	2026-06-06T12:22:53.2055477Z /usr/bin/tar: ../../../../../usr/local/lib/android/sdk/platforms/android-36-ext18/data/res/values-mcc310-mnc210-ca: Cannot change mode to rwxr-xr-x: Operation not permitted
build	Cache Android SDK	2026-06-06T12:22:53.2058121Z /usr/bin/tar: ../../../../../usr/local/lib/android/sdk/platforms/android-36-ext18/data/res/values-mcc310-mnc490-el: Cannot utime: Operation not permitted
build	Cache Android SDK	2026-06-06T12:22:53.2059152Z /usr/bin/tar: ../../../../../usr/local/lib/android/sdk/platforms/android-36-ext18/data/res/values-mcc310-mnc490-el: Cannot change mode to rwxr-xr-x: Operation not permitted
build	Cache Android SDK	2026-06-06T12:22:53.2061285Z /usr/bin/tar: ../../../../../usr/local/lib/android/sdk/platforms/android-36-ext18/data/res/values-mcc311-mnc180-uk: Cannot utime: Operation not permitted
build	Cache Android SDK	2026-06-06T12:22:53.2062233Z /usr/bin/tar: ../../../../../usr/local/lib/android/sdk/platforms/android-36-ext18/data/res/values-mcc311-mnc180-uk: Cannot change mode to rwxr-xr-x: Operation not permitted
build	Cache Android SDK	2026-06-06T12:22:53.2064700Z /usr/bin/tar: ../../../../../usr/local/lib/android/sdk/platforms/android-36-ext18/data/res/values-ms-watch: Cannot utime: Operation not permitted
build	Cache Android SDK	2026-06-06T12:22:53.2065611Z /usr/bin/tar: ../../../../../usr/local/lib/android/sdk/platforms/android-36-ext18/data/res/values-ms-watch: Cannot change mode to rwxr-xr-x: Operation not permitted
build	Cache Android SDK	2026-06-06T12:22:53.2068001Z /usr/bin/tar: ../../../../../usr/local/lib/android/sdk/platforms/android-36-ext18/data/res/values-mcc310-mnc220-mr: Cannot utime: Operation not permitted
build	Cache Android SDK	2026-06-06T12:22:53.2069028Z /usr/bin/tar: ../../../../../usr/local/lib/android/sdk/platforms/android-36-ext18/data/res/values-mcc310-mnc220-mr: Cannot change mode to rwxr-xr-x: Operation not permitted
build	Cache Android SDK	2026-06-06T12:22:53.2071151Z /usr/bin/tar: ../../../../../usr/local/lib/android/sdk/platforms/android-36-ext18/data/res/values-mcc310-mnc660-kn: Cannot utime: Operation not permitted
build	Cache Android SDK	2026-06-06T12:22:53.2072249Z /usr/bin/tar: ../../../../../usr/local/lib/android/sdk/platforms/android-36-ext18/data/res/values-mcc310-mnc660-kn: Cannot change mode to rwxr-xr-x: Operation not permitted
build	Cache Android SDK	2026-06-06T12:22:53.2074194Z /usr/bin/tar: ../../../../../usr/local/lib/android/sdk/platforms/android-36-ext18/data/res/values-mcc310-mnc210-b+sr+Latn: Cannot utime: Operation not permitted
build	Cache Android SDK	2026-06-06T12:22:53.2075196Z /usr/bin/tar: ../../../../../usr/local/lib/android/sdk/platforms/android-36-ext18/data/res/values-mcc310-mnc210-b+sr+Latn: Cannot change mode to rwxr-xr-x: Operation not permitted
build	Cache Android SDK	2026-06-06T12:22:53.2077934Z /usr/bin/tar: ../../../../../usr/local/lib/android/sdk/platforms/android-36-ext18/data/res/values-mcc310-mnc220-iw: Cannot utime: Operation not permitted
build	Cache Android SDK	2026-06-06T12:22:53.2079011Z /usr/bin/tar: ../../../../../usr/local/lib/android/sdk/platforms/android-36-ext18/data/res/values-mcc310-mnc220-iw: Cannot change mode to rwxr-xr-x: Operation not permitted
build	Cache Android SDK	2026-06-06T12:22:53.2081964Z /usr/bin/tar: ../../../../../usr/local/lib/android/sdk/platforms/android-36-ext18/data/res/values-mcc334-mnc020-uk: Cannot utime: Operation not permitted
build	Cache Android SDK	2026-06-06T12:22:53.2082944Z /usr/bin/tar: ../../../../../usr/local/lib/android/sdk/platforms/android-36-ext18/data/res/values-mcc334-mnc020-uk: Cannot change mode to rwxr-xr-x: Operation not permitted
build	Cache Android SDK	2026-06-06T12:22:53.2085138Z /usr/bin/tar: ../../../../../usr/local/lib/android/sdk/platforms/android-36-ext18/data/res/values-mcc313-mnc100-et: Cannot utime: Operation not permitted
build	Cache Android SDK	2026-06-06T12:22:53.2086111Z /usr/bin/tar: ../../../../../usr/local/lib/android/sdk/platforms/android-36-ext18/data/res/values-mcc313-mnc100-et: Cannot change mode to rwxr-xr-x: Operation not permitted
build	Cache Android SDK	2026-06-06T12:22:53.2088872Z /usr/bin/tar: ../../../../../usr/local/lib/android/sdk/platforms/android-36-ext18/data/res/values-nl-rBE: Cannot utime: Operation not permitted
build	Cache Android SDK	2026-06-06T12:22:53.2089897Z /usr/bin/tar: ../../../../../usr/local/lib/android/sdk/platforms/android-36-ext18/data/res/values-nl-rBE: Cannot change mode to rwxr-xr-x: Operation not permitted
build	Cache Android SDK	2026-06-06T12:22:53.2092172Z /usr/bin/tar: ../../../../../usr/local/lib/android/sdk/platforms/android-36-ext18/data/res/values-mcc310-mnc560-gu: Cannot utime: Operation not permitted
build	Cache Android SDK	2026-06-06T12:22:53.2093141Z /usr/bin/tar: ../../../../../usr/local/lib/android/sdk/platforms/android-36-ext18/data/res/values-mcc310-mnc560-gu: Cannot change mode to rwxr-xr-x: Operation not permitted
build	Cache Android SDK	2026-06-06T12:22:53.2096030Z /usr/bin/tar: ../../../../../usr/local/lib/android/sdk/platforms/android-36-ext18/data/res/values-mcc310-mnc800-lv: Cannot utime: Operation not permitted
build	Cache Android SDK	2026-06-06T12:22:53.2097910Z /usr/bin/tar: ../../../../../usr/local/lib/android/sdk/platforms/android-36-ext18/data/res/values-mcc310-mnc800-lv: Cannot change mode to rwxr-xr-x: Operation not permitted
build	Cache Android SDK	2026-06-06T12:22:53.2099112Z /usr/bin/tar: ../../../../../usr/local/lib/android/sdk/platforms/android-36-ext18/data/res/values-mcc302-mnc720-nb: Cannot utime: Operation not permitted
build	Cache Android SDK	2026-06-06T12:22:53.2100400Z /usr/bin/tar: ../../../../../usr/local/lib/android/sdk/platforms/android-36-ext18/data/res/values-mcc302-mnc720-nb: Cannot change mode to rwxr-xr-x: Operation not permitted
build	Cache Android SDK	2026-06-06T12:22:53.2101938Z /usr/bin/tar: ../../../../../usr/local/lib/android/sdk/platforms/android-36-ext18/data/res/values-mcc313-mnc100-ru: Cannot utime: Operation not permitted
build	Cache Android SDK	2026-06-06T12:22:53.2103406Z /usr/bin/tar: ../../../../../usr/local/lib/android/sdk/platforms/android-36-ext18/data/res/values-mcc313-mnc100-ru: Cannot change mode to rwxr-xr-x: Operation not permitted
build	Cache Android SDK	2026-06-06T12:22:53.2104675Z /usr/bin/tar: ../../../../../usr/local/lib/android/sdk/platforms/android-36-ext18/data/res/values-mcc310-mnc380-sk: Cannot utime: Operation not permitted
build	Cache Android SDK	2026-06-06T12:22:53.2105968Z /usr/bin/tar: ../../../../../usr/local/lib/android/sdk/platforms/android-36-ext18/data/res/values-mcc310-mnc380-sk: Cannot change mode to rwxr-xr-x: Operation not permitted
build	Cache Android SDK	2026-06-06T12:22:53.2109829Z /usr/bin/tar: ../../../../../usr/local/lib/android/sdk/platforms/android-36-ext18/data/res/xml-xlarge: Cannot utime: Operation not permitted
build	Cache Android SDK	2026-06-06T12:22:53.2110796Z /usr/bin/tar: ../../../../../usr/local/lib/android/sdk/platforms/android-36-ext18/data/res/xml-xlarge: Cannot change mode to rwxr-xr-x: Operation not permitted
build	Cache Android SDK	2026-06-06T12:22:53.2113062Z /usr/bin/tar: ../../../../../usr/local/lib/android/sdk/platforms/android-36-ext18/data/res/values-mcc310-mnc240-uk: Cannot utime: Operation not permitted
build	Cache Android SDK	2026-06-06T12:22:53.2114209Z /usr/bin/tar: ../../../../../usr/local/lib/android/sdk/platforms/android-36-ext18/data/res/values-mcc310-mnc240-uk: Cannot change mode to rwxr-xr-x: Operation not permitted
build	Cache Android SDK	2026-06-06T12:22:53.2116501Z /usr/bin/tar: ../../../../../usr/local/lib/android/sdk/platforms/android-36-ext18/data/res/values-sw372dp: Cannot utime: Operation not permitted
build	Cache Android SDK	2026-06-06T12:22:53.2117759Z /usr/bin/tar: ../../../../../usr/local/lib/android/sdk/platforms/android-36-ext18/data/res/values-sw372dp: Cannot change mode to rwxr-xr-x: Operation not permitted
build	Cache Android SDK	2026-06-06T12:22:53.2120167Z /usr/bin/tar: ../../../../../usr/local/lib/android/sdk/platforms/android-36-ext18/data/res/values-mcc310-mnc160-b+sr+Latn: Cannot utime: Operation not permitted
build	Cache Android SDK	2026-06-06T12:22:53.2121665Z /usr/bin/tar: ../../../../../usr/local/lib/android/sdk/platforms/android-36-ext18/data/res/values-mcc310-mnc160-b+sr+Latn: Cannot change mode to rwxr-xr-x: Operation not permitted
build	Cache Android SDK	2026-06-06T12:22:53.2122974Z /usr/bin/tar: ../../../../../usr/local/lib/android/sdk/platforms/android-36-ext18/data/res/values-mcc334-mnc020-az: Cannot utime: Operation not permitted
build	Cache Android SDK	2026-06-06T12:22:53.2124045Z /usr/bin/tar: ../../../../../usr/local/lib/android/sdk/platforms/android-36-ext18/data/res/values-mcc334-mnc020-az: Cannot change mode to rwxr-xr-x: Operation not permitted
build	Cache Android SDK	2026-06-06T12:22:53.2126009Z /usr/bin/tar: ../../../../../usr/local/lib/android/sdk/platforms/android-36-ext18/data/res/raw-ru: Cannot utime: Operation not permitted
build	Cache Android SDK	2026-06-06T12:22:53.2126947Z /usr/bin/tar: ../../../../../usr/local/lib/android/sdk/platforms/android-36-ext18/data/res/raw-ru: Cannot change mode to rwxr-xr-x: Operation not permitted
build	Cache Android SDK	2026-06-06T12:22:53.2129970Z /usr/bin/tar: ../../../../../usr/local/lib/android/sdk/platforms/android-36-ext18/data/res/values-mcc310-mnc280-en-rIN: Cannot utime: Operation not permitted
build	Cache Android SDK	2026-06-06T12:22:53.2130977Z /usr/bin/tar: ../../../../../usr/local/lib/android/sdk/platforms/android-36-ext18/data/res/values-mcc310-mnc280-en-rIN: Cannot change mode to rwxr-xr-x: Operation not permitted
build	Cache Android SDK	2026-06-06T12:22:53.2132979Z /usr/bin/tar: ../../../../../usr/local/lib/android/sdk/platforms/android-36-ext18/data/res/values-mcc310-mnc270-lv: Cannot utime: Operation not permitted
build	Cache Android SDK	2026-06-06T12:22:53.2134014Z /usr/bin/tar: ../../../../../usr/local/lib/android/sdk/platforms/android-36-ext18/data/res/values-mcc310-mnc270-lv: Cannot change mode to rwxr-xr-x: Operation not permitted
build	Cache Android SDK	2026-06-06T12:22:53.2136062Z /usr/bin/tar: ../../../../../usr/local/lib/android/sdk/platforms/android-36-ext18/data/res/values-mcc310-mnc380-hu: Cannot utime: Operation not permitted
build	Cache Android SDK	2026-06-06T12:22:53.2137222Z /usr/bin/tar: ../../../../../usr/local/lib/android/sdk/platforms/android-36-ext18/data/res/values-mcc310-mnc380-hu: Cannot change mode to rwxr-xr-x: Operation not permitted
build	Cache Android SDK	2026-06-06T12:22:53.2139561Z /usr/bin/tar: ../../../../../usr/local/lib/android/sdk/platforms/android-36-ext18/data/res/values-mcc310-mnc660-hr: Cannot utime: Operation not permitted
build	Cache Android SDK	2026-06-06T12:22:53.2140665Z /usr/bin/tar: ../../../../../usr/local/lib/android/sdk/platforms/android-36-ext18/data/res/values-mcc310-mnc660-hr: Cannot change mode to rwxr-xr-x: Operation not permitted
build	Cache Android SDK	2026-06-06T12:22:53.2142895Z /usr/bin/tar: ../../../../../usr/local/lib/android/sdk/platforms/android-36-ext18/data/res/values-mcc310-mnc200-da: Cannot utime: Operation not permitted
build	Cache Android SDK	2026-06-06T12:22:53.2144229Z /usr/bin/tar: ../../../../../usr/local/lib/android/sdk/platforms/android-36-ext18/data/res/values-mcc310-mnc200-da: Cannot change mode to rwxr-xr-x: Operation not permitted
build	Cache Android SDK	2026-06-06T12:22:53.2145803Z /usr/bin/tar: ../../../../../usr/local/lib/android/sdk/platforms/android-36-ext18/data/res/values-mcc310-mnc280-mk: Cannot utime: Operation not permitted
build	Cache Android SDK	2026-06-06T12:22:53.2146747Z /usr/bin/tar: ../../../../../usr/local/lib/android/sdk/platforms/android-36-ext18/data/res/values-mcc310-mnc280-mk: Cannot change mode to rwxr-xr-x: Operation not permitted
build	Cache Android SDK	2026-06-06T12:22:53.2149253Z /usr/bin/tar: ../../../../../usr/local/lib/android/sdk/platforms/android-36-ext18/data/res/values-az-watch: Cannot utime: Operation not permitted
build	Cache Android SDK	2026-06-06T12:22:53.2150186Z /usr/bin/tar: ../../../../../usr/local/lib/android/sdk/platforms/android-36-ext18/data/res/values-az-watch: Cannot change mode to rwxr-xr-x: Operation not permitted
build	Cache Android SDK	2026-06-06T12:22:53.2153432Z /usr/bin/tar: ../../../../../usr/local/lib/android/sdk/platforms/android-36-ext18/data/res/values-mcc310-mnc200-pt-rPT: Cannot utime: Operation not permitted
build	Cache Android SDK	2026-06-06T12:22:53.2154457Z /usr/bin/tar: ../../../../../usr/local/lib/android/sdk/platforms/android-36-ext18/data/res/values-mcc310-mnc200-pt-rPT: Cannot change mode to rwxr-xr-x: Operation not permitted
build	Cache Android SDK	2026-06-06T12:22:53.2156480Z /usr/bin/tar: ../../../../../usr/local/lib/android/sdk/platforms/android-36-ext18/data/res/values-mcc310-mnc800-uk: Cannot utime: Operation not permitted
build	Cache Android SDK	2026-06-06T12:22:53.2157647Z /usr/bin/tar: ../../../../../usr/local/lib/android/sdk/platforms/android-36-ext18/data/res/values-mcc310-mnc800-uk: Cannot change mode to rwxr-xr-x: Operation not permitted
build	Cache Android SDK	2026-06-06T12:22:53.2160024Z /usr/bin/tar: ../../../../../usr/local/lib/android/sdk/platforms/android-36-ext18/data/res/values-mcc310-mnc950-ur: Cannot utime: Operation not permitted
build	Cache Android SDK	2026-06-06T12:22:53.2160986Z /usr/bin/tar: ../../../../../usr/local/lib/android/sdk/platforms/android-36-ext18/data/res/values-mcc310-mnc950-ur: Cannot change mode to rwxr-xr-x: Operation not permitted
build	Cache Android SDK	2026-06-06T12:22:53.2168228Z /usr/bin/tar: ../../../../../usr/local/lib/android/sdk/platforms/android-36-ext18/data/res/values-bn: Cannot utime: Operation not permitted
build	Cache Android SDK	2026-06-06T12:22:53.2169532Z /usr/bin/tar: ../../../../../usr/local/lib/android/sdk/platforms/android-36-ext18/data/res/values-bn: Cannot change mode to rwxr-xr-x: Operation not permitted
build	Cache Android SDK	2026-06-06T12:22:53.2171187Z /usr/bin/tar: ../../../../../usr/local/lib/android/sdk/platforms/android-36-ext18/data/res/values-mcc302-mnc370: Cannot utime: Operation not permitted
build	Cache Android SDK	2026-06-06T12:22:53.2172213Z /usr/bin/tar: ../../../../../usr/local/lib/android/sdk/platforms/android-36-ext18/data/res/values-mcc302-mnc370: Cannot change mode to rwxr-xr-x: Operation not permitted
build	Cache Android SDK	2026-06-06T12:22:53.2174250Z /usr/bin/tar: ../../../../../usr/local/lib/android/sdk/platforms/android-36-ext18/data/res/values-mcc310-mnc560-sq: Cannot utime: Operation not permitted
build	Cache Android SDK	2026-06-06T12:22:53.2175342Z /usr/bin/tar: ../../../../../usr/local/lib/android/sdk/platforms/android-36-ext18/data/res/values-mcc310-mnc560-sq: Cannot change mode to rwxr-xr-x: Operation not permitted
build	Cache Android SDK	2026-06-06T12:22:53.2183952Z /usr/bin/tar: ../../../../../usr/local/lib/android/sdk/platforms/android-36-ext18/data/res/drawable-watch: Cannot utime: Operation not permitted
build	Cache Android SDK	2026-06-06T12:22:53.2185015Z /usr/bin/tar: ../../../../../usr/local/lib/android/sdk/platforms/android-36-ext18/data/res/drawable-watch: Cannot change mode to rwxr-xr-x: Operation not permitted
build	Cache Android SDK	2026-06-06T12:22:53.2186584Z /usr/bin/tar: ../../../../../usr/local/lib/android/sdk/platforms/android-36-ext18/data/res/values-mcc310-mnc150-as: Cannot utime: Operation not permitted
build	Cache Android SDK	2026-06-06T12:22:53.2188329Z /usr/bin/tar: ../../../../../usr/local/lib/android/sdk/platforms/android-36-ext18/data/res/values-mcc310-mnc150-as: Cannot change mode to rwxr-xr-x: Operation not permitted
build	Cache Android SDK	2026-06-06T12:22:53.2190260Z /usr/bin/tar: ../../../../../usr/local/lib/android/sdk/platforms/android-36-ext18/data/res/values-mcc310-mnc560-uk: Cannot utime: Operation not permitted
build	Cache Android SDK	2026-06-06T12:22:53.2191985Z /usr/bin/tar: ../../../../../usr/local/lib/android/sdk/platforms/android-36-ext18/data/res/values-mcc310-mnc560-uk: Cannot change mode to rwxr-xr-x: Operation not permitted
build	Cache Android SDK	2026-06-06T12:22:53.2193450Z /usr/bin/tar: ../../../../../usr/local/lib/android/sdk/platforms/android-36-ext18/data/res/values-mcc334-mnc020-hy: Cannot utime: Operation not permitted
build	Cache Android SDK	2026-06-06T12:22:53.2194395Z /usr/bin/tar: ../../../../../usr/local/lib/android/sdk/platforms/android-36-ext18/data/res/values-mcc334-mnc020-hy: Cannot change mode to rwxr-xr-x: Operation not permitted
build	Cache Android SDK	2026-06-06T12:22:53.2195779Z /usr/bin/tar: ../../../../../usr/local/lib/android/sdk/platforms/android-36-ext18/data/res/values-mcc310-mnc240-pa: Cannot utime: Operation not permitted
build	Cache Android SDK	2026-06-06T12:22:53.2196732Z /usr/bin/tar: ../../../../../usr/local/lib/android/sdk/platforms/android-36-ext18/data/res/values-mcc310-mnc240-pa: Cannot change mode to rwxr-xr-x: Operation not permitted
build	Cache Android SDK	2026-06-06T12:22:53.2199326Z /usr/bin/tar: ../../../../../usr/local/lib/android/sdk/platforms/android-36-ext18/data/res/values-mcc302-mnc370-ca: Cannot utime: Operation not permitted
build	Cache Android SDK	2026-06-06T12:22:53.2200364Z /usr/bin/tar: ../../../../../usr/local/lib/android/sdk/platforms/android-36-ext18/data/res/values-mcc302-mnc370-ca: Cannot change mode to rwxr-xr-x: Operation not permitted
build	Cache Android SDK	2026-06-06T12:22:53.2202130Z /usr/bin/tar: ../../../../../usr/local/lib/android/sdk/platforms/android-36-ext18/data/res/values-mcc310-mnc240-zh-rHK: Cannot utime: Operation not permitted
build	Cache Android SDK	2026-06-06T12:22:53.2203109Z /usr/bin/tar: ../../../../../usr/local/lib/android/sdk/platforms/android-36-ext18/data/res/values-mcc310-mnc240-zh-rHK: Cannot change mode to rwxr-xr-x: Operation not permitted
build	Cache Android SDK	2026-06-06T12:22:53.2205259Z /usr/bin/tar: ../../../../../usr/local/lib/android/sdk/platforms/android-36-ext18/data/res/values-mcc310-mnc950-lo: Cannot utime: Operation not permitted
build	Cache Android SDK	2026-06-06T12:22:53.2206260Z /usr/bin/tar: ../../../../../usr/local/lib/android/sdk/platforms/android-36-ext18/data/res/values-mcc310-mnc950-lo: Cannot change mode to rwxr-xr-x: Operation not permitted
build	Cache Android SDK	2026-06-06T12:22:53.2208399Z /usr/bin/tar: ../../../../../usr/local/lib/android/sdk/platforms/android-36-ext18/data/res/values-mcc310-mnc660-ta: Cannot utime: Operation not permitted
build	Cache Android SDK	2026-06-06T12:22:53.2209377Z /usr/bin/tar: ../../../../../usr/local/lib/android/sdk/platforms/android-36-ext18/data/res/values-mcc310-mnc660-ta: Cannot change mode to rwxr-xr-x: Operation not permitted
build	Cache Android SDK	2026-06-06T12:22:53.2211857Z /usr/bin/tar: ../../../../../usr/local/lib/android/sdk/platforms/android-36-ext18/data/res/values-mcc310-mnc270-ms: Cannot utime: Operation not permitted
build	Cache Android SDK	2026-06-06T12:22:53.2212947Z /usr/bin/tar: ../../../../../usr/local/lib/android/sdk/platforms/android-36-ext18/data/res/values-mcc310-mnc270-ms: Cannot change mode to rwxr-xr-x: Operation not permitted
build	Cache Android SDK	2026-06-06T12:22:53.2214975Z /usr/bin/tar: ../../../../../usr/local/lib/android/sdk/platforms/android-36-ext18/data/res/values-mcc310-mnc280-ca: Cannot utime: Operation not permitted
build	Cache Android SDK	2026-06-06T12:22:53.2215921Z /usr/bin/tar: ../../../../../usr/local/lib/android/sdk/platforms/android-36-ext18/data/res/values-mcc310-mnc280-ca: Cannot change mode to rwxr-xr-x: Operation not permitted
build	Cache Android SDK	2026-06-06T12:22:53.2217927Z /usr/bin/tar: ../../../../../usr/local/lib/android/sdk/platforms/android-36-ext18/data/res/values-mcc310-mnc280-az: Cannot utime: Operation not permitted
build	Cache Android SDK	2026-06-06T12:22:53.2219141Z /usr/bin/tar: ../../../../../usr/local/lib/android/sdk/platforms/android-36-ext18/data/res/values-mcc310-mnc280-az: Cannot change mode to rwxr-xr-x: Operation not permitted
build	Cache Android SDK	2026-06-06T12:22:53.2221171Z /usr/bin/tar: ../../../../../usr/local/lib/android/sdk/platforms/android-36-ext18/data/res/values-mcc310-mnc240-tr: Cannot utime: Operation not permitted
build	Cache Android SDK	2026-06-06T12:22:53.2222243Z /usr/bin/tar: ../../../../../usr/local/lib/android/sdk/platforms/android-36-ext18/data/res/values-mcc310-mnc240-tr: Cannot change mode to rwxr-xr-x: Operation not permitted
build	Cache Android SDK	2026-06-06T12:22:53.2224037Z /usr/bin/tar: ../../../../../usr/local/lib/android/sdk/platforms/android-36-ext18/data/res/values-mcc001-mnc01-sr: Cannot utime: Operation not permitted
build	Cache Android SDK	2026-06-06T12:22:53.2225000Z /usr/bin/tar: ../../../../../usr/local/lib/android/sdk/platforms/android-36-ext18/data/res/values-mcc001-mnc01-sr: Cannot change mode to rwxr-xr-x: Operation not permitted
build	Cache Android SDK	2026-06-06T12:22:53.2227544Z /usr/bin/tar: ../../../../../usr/local/lib/android/sdk/platforms/android-36-ext18/data/res/values-mcc312-mnc670-ja: Cannot utime: Operation not permitted
build	Cache Android SDK	2026-06-06T12:22:53.2228616Z /usr/bin/tar: ../../../../../usr/local/lib/android/sdk/platforms/android-36-ext18/data/res/values-mcc312-mnc670-ja: Cannot change mode to rwxr-xr-x: Operation not permitted
build	Cache Android SDK	2026-06-06T12:22:53.2230395Z /usr/bin/tar: ../../../../../usr/local/lib/android/sdk/platforms/android-36-ext18/data/res/values-mcc001-mnc01-gu: Cannot utime: Operation not permitted
build	Cache Android SDK	2026-06-06T12:22:53.2231336Z /usr/bin/tar: ../../../../../usr/local/lib/android/sdk/platforms/android-36-ext18/data/res/values-mcc001-mnc01-gu: Cannot change mode to rwxr-xr-x: Operation not permitted
build	Cache Android SDK	2026-06-06T12:22:53.2233228Z /usr/bin/tar: ../../../../../usr/local/lib/android/sdk/platforms/android-36-ext18/data/res/values-mcc334-mnc020-et: Cannot utime: Operation not permitted
build	Cache Android SDK	2026-06-06T12:22:53.2234325Z /usr/bin/tar: ../../../../../usr/local/lib/android/sdk/platforms/android-36-ext18/data/res/values-mcc334-mnc020-et: Cannot change mode to rwxr-xr-x: Operation not permitted
build	Cache Android SDK	2026-06-06T12:22:53.2236992Z /usr/bin/tar: ../../../../../usr/local/lib/android/sdk/platforms/android-36-ext18/data/res/values-mcc310-mnc560-am: Cannot utime: Operation not permitted
build	Cache Android SDK	2026-06-06T12:22:53.2238107Z /usr/bin/tar: ../../../../../usr/local/lib/android/sdk/platforms/android-36-ext18/data/res/values-mcc310-mnc560-am: Cannot change mode to rwxr-xr-x: Operation not permitted
build	Cache Android SDK	2026-06-06T12:22:53.2240615Z /usr/bin/tar: ../../../../../usr/local/lib/android/sdk/platforms/android-36-ext18/data/res/values-sw600dp-land: Cannot utime: Operation not permitted
build	Cache Android SDK	2026-06-06T12:22:53.2241670Z /usr/bin/tar: ../../../../../usr/local/lib/android/sdk/platforms/android-36-ext18/data/res/values-sw600dp-land: Cannot change mode to rwxr-xr-x: Operation not permitted
build	Cache Android SDK	2026-06-06T12:22:53.2243771Z /usr/bin/tar: ../../../../../usr/local/lib/android/sdk/platforms/android-36-ext18/data/res/values-mcc310-mnc950-ta: Cannot utime: Operation not permitted
build	Cache Android SDK	2026-06-06T12:22:53.2244718Z /usr/bin/tar: ../../../../../usr/local/lib/android/sdk/platforms/android-36-ext18/data/res/values-mcc310-mnc950-ta: Cannot change mode to rwxr-xr-x: Operation not permitted
build	Cache Android SDK	2026-06-06T12:22:53.2247220Z /usr/bin/tar: ../../../../../usr/local/lib/android/sdk/platforms/android-36-ext18/data/res/values-mcc310-mnc410-en-rGB: Cannot utime: Operation not permitted
build	Cache Android SDK	2026-06-06T12:22:53.2248386Z /usr/bin/tar: ../../../../../usr/local/lib/android/sdk/platforms/android-36-ext18/data/res/values-mcc310-mnc410-en-rGB: Cannot change mode to rwxr-xr-x: Operation not permitted
build	Cache Android SDK	2026-06-06T12:22:53.2250670Z /usr/bin/tar: ../../../../../usr/local/lib/android/sdk/platforms/android-36-ext18/data/res/values-mcc310-mnc230-es-rUS: Cannot utime: Operation not permitted
build	Cache Android SDK	2026-06-06T12:22:53.2251658Z /usr/bin/tar: ../../../../../usr/local/lib/android/sdk/platforms/android-36-ext18/data/res/values-mcc310-mnc230-es-rUS: Cannot change mode to rwxr-xr-x: Operation not permitted
build	Cache Android SDK	2026-06-06T12:22:53.2253772Z /usr/bin/tar: ../../../../../usr/local/lib/android/sdk/platforms/android-36-ext18/data/res/values-ar-television: Cannot utime: Operation not permitted
build	Cache Android SDK	2026-06-06T12:22:53.2254726Z /usr/bin/tar: ../../../../../usr/local/lib/android/sdk/platforms/android-36-ext18/data/res/values-ar-television: Cannot change mode to rwxr-xr-x: Operation not permitted
build	Cache Android SDK	2026-06-06T12:22:53.2256760Z /usr/bin/tar: ../../../../../usr/local/lib/android/sdk/platforms/android-36-ext18/data/res/values-mcc313-mnc100-bs: Cannot utime: Operation not permitted
build	Cache Android SDK	2026-06-06T12:22:53.2257825Z /usr/bin/tar: ../../../../../usr/local/lib/android/sdk/platforms/android-36-ext18/data/res/values-mcc313-mnc100-bs: Cannot change mode to rwxr-xr-x: Operation not permitted
build	Cache Android SDK	2026-06-06T12:22:53.2260247Z /usr/bin/tar: ../../../../../usr/local/lib/android/sdk/platforms/android-36-ext18/data/res/values-mcc310-mnc200-en-rGB: Cannot utime: Operation not permitted
build	Cache Android SDK	2026-06-06T12:22:53.2261455Z /usr/bin/tar: ../../../../../usr/local/lib/android/sdk/platforms/android-36-ext18/data/res/values-mcc310-mnc200-en-rGB: Cannot change mode to rwxr-xr-x: Operation not permitted
build	Cache Android SDK	2026-06-06T12:22:53.2263117Z /usr/bin/tar: ../../../../../usr/local/lib/android/sdk/platforms/android-36-ext18/data/res/values-mcc310-mnc950-ne: Cannot utime: Operation not permitted
build	Cache Android SDK	2026-06-06T12:22:53.2264240Z /usr/bin/tar: ../../../../../usr/local/lib/android/sdk/platforms/android-36-ext18/data/res/values-mcc310-mnc950-ne: Cannot change mode to rwxr-xr-x: Operation not permitted
build	Cache Android SDK	2026-06-06T12:22:53.2266201Z /usr/bin/tar: ../../../../../usr/local/lib/android/sdk/platforms/android-36-ext18/data/res/values-mcc310-mnc560-es: Cannot utime: Operation not permitted
build	Cache Android SDK	2026-06-06T12:22:53.2267174Z /usr/bin/tar: ../../../../../usr/local/lib/android/sdk/platforms/android-36-ext18/data/res/values-mcc310-mnc560-es: Cannot change mode to rwxr-xr-x: Operation not permitted
build	Cache Android SDK	2026-06-06T12:22:53.2269261Z /usr/bin/tar: ../../../../../usr/local/lib/android/sdk/platforms/android-36-ext18/data/res/values-mcc001-mnc01-b+sr+Latn: Cannot utime: Operation not permitted
build	Cache Android SDK	2026-06-06T12:22:53.2270311Z /usr/bin/tar: ../../../../../usr/local/lib/android/sdk/platforms/android-36-ext18/data/res/values-mcc001-mnc01-b+sr+Latn: Cannot change mode to rwxr-xr-x: Operation not permitted
build	Cache Android SDK	2026-06-06T12:22:53.2271883Z /usr/bin/tar: ../../../../../usr/local/lib/android/sdk/platforms/android-36-ext18/data/res/values-mcc310-mnc800-sk: Cannot utime: Operation not permitted
build	Cache Android SDK	2026-06-06T12:22:53.2272839Z /usr/bin/tar: ../../../../../usr/local/lib/android/sdk/platforms/android-36-ext18/data/res/values-mcc310-mnc800-sk: Cannot change mode to rwxr-xr-x: Operation not permitted
build	Cache Android SDK	2026-06-06T12:22:53.2274734Z /usr/bin/tar: ../../../../../usr/local/lib/android/sdk/platforms/android-36-ext18/data/res/values-mcc310-mnc410-ms: Cannot utime: Operation not permitted
build	Cache Android SDK	2026-06-06T12:22:53.2275742Z /usr/bin/tar: ../../../../../usr/local/lib/android/sdk/platforms/android-36-ext18/data/res/values-mcc310-mnc410-ms: Cannot change mode to rwxr-xr-x: Operation not permitted
build	Cache Android SDK	2026-06-06T12:22:53.2277225Z /usr/bin/tar: ../../../../../usr/local/lib/android/sdk/platforms/android-36-ext18/data/res/values-mcc313-mnc100-en-rIN: Cannot utime: Operation not permitted
build	Cache Android SDK	2026-06-06T12:22:53.2278370Z /usr/bin/tar: ../../../../../usr/local/lib/android/sdk/platforms/android-36-ext18/data/res/values-mcc313-mnc100-en-rIN: Cannot change mode to rwxr-xr-x: Operation not permitted
build	Cache Android SDK	2026-06-06T12:22:53.2282092Z /usr/bin/tar: ../../../../../usr/local/lib/android/sdk/platforms/android-36-ext18/data/res/values-mcc310-mnc160-mn: Cannot utime: Operation not permitted
build	Cache Android SDK	2026-06-06T12:22:53.2283607Z /usr/bin/tar: ../../../../../usr/local/lib/android/sdk/platforms/android-36-ext18/data/res/values-mcc310-mnc160-mn: Cannot change mode to rwxr-xr-x: Operation not permitted
build	Cache Android SDK	2026-06-06T12:22:53.2284582Z /usr/bin/tar: ../../../../../usr/local/lib/android/sdk/platforms/android-36-ext18/data/res/values-mcc310-mnc240-el: Cannot utime: Operation not permitted
build	Cache Android SDK	2026-06-06T12:22:53.2285576Z /usr/bin/tar: ../../../../../usr/local/lib/android/sdk/platforms/android-36-ext18/data/res/values-mcc310-mnc240-el: Cannot change mode to rwxr-xr-x: Operation not permitted
build	Cache Android SDK	2026-06-06T12:22:53.2287069Z /usr/bin/tar: ../../../../../usr/local/lib/android/sdk/platforms/android-36-ext18/data/res/values-mcc312-mnc670-ko: Cannot utime: Operation not permitted
build	Cache Android SDK	2026-06-06T12:22:53.2288149Z /usr/bin/tar: ../../../../../usr/local/lib/android/sdk/platforms/android-36-ext18/data/res/values-mcc312-mnc670-ko: Cannot change mode to rwxr-xr-x: Operation not permitted
build	Cache Android SDK	2026-06-06T12:22:53.2289608Z /usr/bin/tar: ../../../../../usr/local/lib/android/sdk/platforms/android-36-ext18/data/res/values-mcc001-mnc01-as: Cannot utime: Operation not permitted
build	Cache Android SDK	2026-06-06T12:22:53.2290597Z /usr/bin/tar: ../../../../../usr/local/lib/android/sdk/platforms/android-36-ext18/data/res/values-mcc001-mnc01-as: Cannot change mode to rwxr-xr-x: Operation not permitted
build	Cache Android SDK	2026-06-06T12:22:53.2293688Z /usr/bin/tar: ../../../../../usr/local/lib/android/sdk/platforms/android-36-ext18/data/res/values-mcc310-mnc950-en-rGB: Cannot utime: Operation not permitted
build	Cache Android SDK	2026-06-06T12:22:53.2294678Z /usr/bin/tar: ../../../../../usr/local/lib/android/sdk/platforms/android-36-ext18/data/res/values-mcc310-mnc950-en-rGB: Cannot change mode to rwxr-xr-x: Operation not permitted
build	Cache Android SDK	2026-06-06T12:22:53.2296893Z /usr/bin/tar: ../../../../../usr/local/lib/android/sdk/platforms/android-36-ext18/data/res/values-mcc310-mnc250-zh-rTW: Cannot utime: Operation not permitted
build	Cache Android SDK	2026-06-06T12:22:53.2298041Z /usr/bin/tar: ../../../../../usr/local/lib/android/sdk/platforms/android-36-ext18/data/res/values-mcc310-mnc250-zh-rTW: Cannot change mode to rwxr-xr-x: Operation not permitted
build	Cache Android SDK	2026-06-06T12:22:53.2300082Z /usr/bin/tar: ../../../../../usr/local/lib/android/sdk/platforms/android-36-ext18/data/res/values-mcc312-mnc670-bs: Cannot utime: Operation not permitted
build	Cache Android SDK	2026-06-06T12:22:53.2301041Z /usr/bin/tar: ../../../../../usr/local/lib/android/sdk/platforms/android-36-ext18/data/res/values-mcc312-mnc670-bs: Cannot change mode to rwxr-xr-x: Operation not permitted
build	Cache Android SDK	2026-06-06T12:22:53.2303078Z /usr/bin/tar: ../../../../../usr/local/lib/android/sdk/platforms/android-36-ext18/data/res/values-mcc302-mnc370-uz: Cannot utime: Operation not permitted
build	Cache Android SDK	2026-06-06T12:22:53.2304024Z /usr/bin/tar: ../../../../../usr/local/lib/android/sdk/platforms/android-36-ext18/data/res/values-mcc302-mnc370-uz: Cannot change mode to rwxr-xr-x: Operation not permitted
build	Cache Android SDK	2026-06-06T12:22:53.2306047Z /usr/bin/tar: ../../../../../usr/local/lib/android/sdk/platforms/android-36-ext18/data/res/values-mcc310-mnc220-nb: Cannot utime: Operation not permitted
build	Cache Android SDK	2026-06-06T12:22:53.2307082Z /usr/bin/tar: ../../../../../usr/local/lib/android/sdk/platforms/android-36-ext18/data/res/values-mcc310-mnc220-nb: Cannot change mode to rwxr-xr-x: Operation not permitted
build	Cache Android SDK	2026-06-06T12:22:53.2309391Z /usr/bin/tar: ../../../../../usr/local/lib/android/sdk/platforms/android-36-ext18/data/res/values-mcc310-mnc150-nb: Cannot utime: Operation not permitted
build	Cache Android SDK	2026-06-06T12:22:53.2310345Z /usr/bin/tar: ../../../../../usr/local/lib/android/sdk/platforms/android-36-ext18/data/res/values-mcc310-mnc150-nb: Cannot change mode to rwxr-xr-x: Operation not permitted
build	Cache Android SDK	2026-06-06T12:22:53.2312317Z /usr/bin/tar: ../../../../../usr/local/lib/android/sdk/platforms/android-36-ext18/data/res/values-mcc310-mnc030-et: Cannot utime: Operation not permitted
build	Cache Android SDK	2026-06-06T12:22:53.2313350Z /usr/bin/tar: ../../../../../usr/local/lib/android/sdk/platforms/android-36-ext18/data/res/values-mcc310-mnc030-et: Cannot change mode to rwxr-xr-x: Operation not permitted
build	Cache Android SDK	2026-06-06T12:22:53.2315390Z /usr/bin/tar: ../../../../../usr/local/lib/android/sdk/platforms/android-36-ext18/data/res/values-mcc310-mnc310-sr: Cannot utime: Operation not permitted
build	Cache Android SDK	2026-06-06T12:22:53.2316350Z /usr/bin/tar: ../../../../../usr/local/lib/android/sdk/platforms/android-36-ext18/data/res/values-mcc310-mnc310-sr: Cannot change mode to rwxr-xr-x: Operation not permitted
build	Cache Android SDK	2026-06-06T12:22:53.2318627Z /usr/bin/tar: ../../../../../usr/local/lib/android/sdk/platforms/android-36-ext18/data/res/values-mcc310-mnc250-ro: Cannot utime: Operation not permitted
build	Cache Android SDK	2026-06-06T12:22:53.2319733Z /usr/bin/tar: ../../../../../usr/local/lib/android/sdk/platforms/android-36-ext18/data/res/values-mcc310-mnc250-ro: Cannot change mode to rwxr-xr-x: Operation not permitted
build	Cache Android SDK	2026-06-06T12:22:53.2321605Z /usr/bin/tar: ../../../../../usr/local/lib/android/sdk/platforms/android-36-ext18/data/res/values-mcc302-mnc370-tr: Cannot utime: Operation not permitted
build	Cache Android SDK	2026-06-06T12:22:53.2322829Z /usr/bin/tar: ../../../../../usr/local/lib/android/sdk/platforms/android-36-ext18/data/res/values-mcc302-mnc370-tr: Cannot change mode to rwxr-xr-x: Operation not permitted
build	Cache Android SDK	2026-06-06T12:22:53.2324610Z /usr/bin/tar: ../../../../../usr/local/lib/android/sdk/platforms/android-36-ext18/data/res/values-mcc310-mnc200-nl: Cannot utime: Operation not permitted
build	Cache Android SDK	2026-06-06T12:22:53.2325562Z /usr/bin/tar: ../../../../../usr/local/lib/android/sdk/platforms/android-36-ext18/data/res/values-mcc310-mnc200-nl: Cannot change mode to rwxr-xr-x: Operation not permitted
build	Cache Android SDK	2026-06-06T12:22:53.2328500Z /usr/bin/tar: ../../../../../usr/local/lib/android/sdk/platforms/android-36-ext18/data/res/values-mcc310-mnc660-sw: Cannot utime: Operation not permitted
build	Cache Android SDK	2026-06-06T12:22:53.2329924Z /usr/bin/tar: ../../../../../usr/local/lib/android/sdk/platforms/android-36-ext18/data/res/values-mcc310-mnc660-sw: Cannot change mode to rwxr-xr-x: Operation not permitted
build	Cache Android SDK	2026-06-06T12:22:53.2331447Z /usr/bin/tar: ../../../../../usr/local/lib/android/sdk/platforms/android-36-ext18/data/res/values-mcc313-mnc100-sr: Cannot utime: Operation not permitted
build	Cache Android SDK	2026-06-06T12:22:53.2332412Z /usr/bin/tar: ../../../../../usr/local/lib/android/sdk/platforms/android-36-ext18/data/res/values-mcc313-mnc100-sr: Cannot change mode to rwxr-xr-x: Operation not permitted
build	Cache Android SDK	2026-06-06T12:22:53.2334972Z /usr/bin/tar: ../../../../../usr/local/lib/android/sdk/platforms/android-36-ext18/data/res/raw-da: Cannot utime: Operation not permitted
build	Cache Android SDK	2026-06-06T12:22:53.2335815Z /usr/bin/tar: ../../../../../usr/local/lib/android/sdk/platforms/android-36-ext18/data/res/raw-da: Cannot change mode to rwxr-xr-x: Operation not permitted
build	Cache Android SDK	2026-06-06T12:22:53.2338436Z /usr/bin/tar: ../../../../../usr/local/lib/android/sdk/platforms/android-36-ext18/data/res/values-mcc334-mnc020-fr-masculine: Cannot utime: Operation not permitted
build	Cache Android SDK	2026-06-06T12:22:53.2339475Z /usr/bin/tar: ../../../../../usr/local/lib/android/sdk/platforms/android-36-ext18/data/res/values-mcc334-mnc020-fr-masculine: Cannot change mode to rwxr-xr-x: Operation not permitted
build	Cache Android SDK	2026-06-06T12:22:53.2344054Z /usr/bin/tar: ../../../../../usr/local/lib/android/sdk/platforms/android-36-ext18/data/res/values-mcc260: Cannot utime: Operation not permitted
build	Cache Android SDK	2026-06-06T12:22:53.2345077Z /usr/bin/tar: ../../../../../usr/local/lib/android/sdk/platforms/android-36-ext18/data/res/values-mcc260: Cannot change mode to rwxr-xr-x: Operation not permitted
build	Cache Android SDK	2026-06-06T12:22:53.2347198Z /usr/bin/tar: ../../../../../usr/local/lib/android/sdk/platforms/android-36-ext18/data/res/values-mcc310-mnc220-ja: Cannot utime: Operation not permitted
build	Cache Android SDK	2026-06-06T12:22:53.2348244Z /usr/bin/tar: ../../../../../usr/local/lib/android/sdk/platforms/android-36-ext18/data/res/values-mcc310-mnc220-ja: Cannot change mode to rwxr-xr-x: Operation not permitted
build	Cache Android SDK	2026-06-06T12:22:53.2350860Z /usr/bin/tar: ../../../../../usr/local/lib/android/sdk/platforms/android-36-ext18/data/res/values-mcc310-mnc800-en-rIN: Cannot utime: Operation not permitted
build	Cache Android SDK	2026-06-06T12:22:53.2351898Z /usr/bin/tar: ../../../../../usr/local/lib/android/sdk/platforms/android-36-ext18/data/res/values-mcc310-mnc800-en-rIN: Cannot change mode to rwxr-xr-x: Operation not permitted
build	Cache Android SDK	2026-06-06T12:22:53.2353966Z /usr/bin/tar: ../../../../../usr/local/lib/android/sdk/platforms/android-36-ext18/data/res/values-mcc310-mnc250-pt-rPT: Cannot utime: Operation not permitted
build	Cache Android SDK	2026-06-06T12:22:53.2354958Z /usr/bin/tar: ../../../../../usr/local/lib/android/sdk/platforms/android-36-ext18/data/res/values-mcc310-mnc250-pt-rPT: Cannot change mode to rwxr-xr-x: Operation not permitted
build	Cache Android SDK	2026-06-06T12:22:53.2357998Z /usr/bin/tar: ../../../../../usr/local/lib/android/sdk/platforms/android-36-ext18/data/res/values-mcc310-mnc490-ka: Cannot utime: Operation not permitted
build	Cache Android SDK	2026-06-06T12:22:53.2358946Z /usr/bin/tar: ../../../../../usr/local/lib/android/sdk/platforms/android-36-ext18/data/res/values-mcc310-mnc490-ka: Cannot change mode to rwxr-xr-x: Operation not permitted
build	Cache Android SDK	2026-06-06T12:22:53.2361144Z /usr/bin/tar: ../../../../../usr/local/lib/android/sdk/platforms/android-36-ext18/data/res/values-mcc310-mnc490-be: Cannot utime: Operation not permitted
build	Cache Android SDK	2026-06-06T12:22:53.2362095Z /usr/bin/tar: ../../../../../usr/local/lib/android/sdk/platforms/android-36-ext18/data/res/values-mcc310-mnc490-be: Cannot change mode to rwxr-xr-x: Operation not permitted
build	Cache Android SDK	2026-06-06T12:22:53.2364738Z /usr/bin/tar: ../../../../../usr/local/lib/android/sdk/platforms/android-36-ext18/data/res/values-mcc204: Cannot utime: Operation not permitted
build	Cache Android SDK	2026-06-06T12:22:53.2365634Z /usr/bin/tar: ../../../../../usr/local/lib/android/sdk/platforms/android-36-ext18/data/res/values-mcc204: Cannot change mode to rwxr-xr-x: Operation not permitted
build	Cache Android SDK	2026-06-06T12:22:53.2368013Z /usr/bin/tar: ../../../../../usr/local/lib/android/sdk/platforms/android-36-ext18/data/res/values-mcc310-mnc660-sr: Cannot utime: Operation not permitted
build	Cache Android SDK	2026-06-06T12:22:53.2368971Z /usr/bin/tar: ../../../../../usr/local/lib/android/sdk/platforms/android-36-ext18/data/res/values-mcc310-mnc660-sr: Cannot change mode to rwxr-xr-x: Operation not permitted
build	Cache Android SDK	2026-06-06T12:22:53.2371701Z /usr/bin/tar: ../../../../../usr/local/lib/android/sdk/platforms/android-36-ext18/data/res/values-mcc310-mnc220-lv: Cannot utime: Operation not permitted
build	Cache Android SDK	2026-06-06T12:22:53.2372745Z /usr/bin/tar: ../../../../../usr/local/lib/android/sdk/platforms/android-36-ext18/data/res/values-mcc310-mnc220-lv: Cannot change mode to rwxr-xr-x: Operation not permitted
build	Cache Android SDK	2026-06-06T12:22:53.2374589Z /usr/bin/tar: ../../../../../usr/local/lib/android/sdk/platforms/android-36-ext18/data/res/values-mcc310-mnc200-gl: Cannot utime: Operation not permitted
build	Cache Android SDK	2026-06-06T12:22:53.2375541Z /usr/bin/tar: ../../../../../usr/local/lib/android/sdk/platforms/android-36-ext18/data/res/values-mcc310-mnc200-gl: Cannot change mode to rwxr-xr-x: Operation not permitted
build	Cache Android SDK	2026-06-06T12:22:53.2378574Z /usr/bin/tar: ../../../../../usr/local/lib/android/sdk/platforms/android-36-ext18/data/res/values-en-rUS: Cannot utime: Operation not permitted
build	Cache Android SDK	2026-06-06T12:22:53.2379482Z /usr/bin/tar: ../../../../../usr/local/lib/android/sdk/platforms/android-36-ext18/data/res/values-en-rUS: Cannot change mode to rwxr-xr-x: Operation not permitted
build	Cache Android SDK	2026-06-06T12:22:53.2381437Z /usr/bin/tar: ../../../../../usr/local/lib/android/sdk/platforms/android-36-ext18/data/res/values-mcc310-mnc240-gu: Cannot utime: Operation not permitted
build	Cache Android SDK	2026-06-06T12:22:53.2382899Z /usr/bin/tar: ../../../../../usr/local/lib/android/sdk/platforms/android-36-ext18/data/res/values-mcc310-mnc240-gu: Cannot change mode to rwxr-xr-x: Operation not permitted
build	Cache Android SDK	2026-06-06T12:22:53.2384318Z /usr/bin/tar: ../../../../../usr/local/lib/android/sdk/platforms/android-36-ext18/data/res/values-mcc310-mnc150-es-rUS: Cannot utime: Operation not permitted
build	Cache Android SDK	2026-06-06T12:22:53.2385775Z /usr/bin/tar: ../../../../../usr/local/lib/android/sdk/platforms/android-36-ext18/data/res/values-mcc310-mnc150-es-rUS: Cannot change mode to rwxr-xr-x: Operation not permitted
build	Cache Android SDK	2026-06-06T12:22:53.2393120Z /usr/bin/tar: ../../../../../usr/local/lib/android/sdk/platforms/android-36-ext18/data/res/values-ru: Cannot utime: Operation not permitted
build	Cache Android SDK	2026-06-06T12:22:53.2394458Z /usr/bin/tar: ../../../../../usr/local/lib/android/sdk/platforms/android-36-ext18/data/res/values-ru: Cannot change mode to rwxr-xr-x: Operation not permitted
build	Cache Android SDK	2026-06-06T12:22:53.2396231Z /usr/bin/tar: ../../../../../usr/local/lib/android/sdk/platforms/android-36-ext18/data/res/values-mcc310-mnc150-ar: Cannot utime: Operation not permitted
build	Cache Android SDK	2026-06-06T12:22:53.2397180Z /usr/bin/tar: ../../../../../usr/local/lib/android/sdk/platforms/android-36-ext18/data/res/values-mcc310-mnc150-ar: Cannot change mode to rwxr-xr-x: Operation not permitted
build	Cache Android SDK	2026-06-06T12:22:53.2399998Z /usr/bin/tar: ../../../../../usr/local/lib/android/sdk/platforms/android-36-ext18/data/res/values-mcc310-mnc310-bg: Cannot utime: Operation not permitted
build	Cache Android SDK	2026-06-06T12:22:53.2401663Z /usr/bin/tar: ../../../../../usr/local/lib/android/sdk/platforms/android-36-ext18/data/res/values-mcc310-mnc310-bg: Cannot change mode to rwxr-xr-x: Operation not permitted
build	Cache Android SDK	2026-06-06T12:22:53.2403416Z /usr/bin/tar: ../../../../../usr/local/lib/android/sdk/platforms/android-36-ext18/data/res/values-ro-rRO: Cannot utime: Operation not permitted
build	Cache Android SDK	2026-06-06T12:22:53.2404570Z /usr/bin/tar: ../../../../../usr/local/lib/android/sdk/platforms/android-36-ext18/data/res/values-ro-rRO: Cannot change mode to rwxr-xr-x: Operation not permitted
build	Cache Android SDK	2026-06-06T12:22:53.2406995Z /usr/bin/tar: ../../../../../usr/local/lib/android/sdk/platforms/android-36-ext18/data/res/values-mcc302-mnc370-az: Cannot utime: Operation not permitted
build	Cache Android SDK	2026-06-06T12:22:53.2408328Z /usr/bin/tar: ../../../../../usr/local/lib/android/sdk/platforms/android-36-ext18/data/res/values-mcc302-mnc370-az: Cannot change mode to rwxr-xr-x: Operation not permitted
build	Cache Android SDK	2026-06-06T12:22:53.2414970Z /usr/bin/tar: ../../../../../usr/local/lib/android/sdk/platforms/android-36-ext18/data/res/values-hr: Cannot utime: Operation not permitted
build	Cache Android SDK	2026-06-06T12:22:53.2416039Z /usr/bin/tar: ../../../../../usr/local/lib/android/sdk/platforms/android-36-ext18/data/res/values-hr: Cannot change mode to rwxr-xr-x: Operation not permitted
build	Cache Android SDK	2026-06-06T12:22:53.2418685Z /usr/bin/tar: ../../../../../usr/local/lib/android/sdk/platforms/android-36-ext18/data/res/values-mcc310-mnc280-zh-rTW: Cannot utime: Operation not permitted
build	Cache Android SDK	2026-06-06T12:22:53.2419684Z /usr/bin/tar: ../../../../../usr/local/lib/android/sdk/platforms/android-36-ext18/data/res/values-mcc310-mnc280-zh-rTW: Cannot change mode to rwxr-xr-x: Operation not permitted
build	Cache Android SDK	2026-06-06T12:22:53.2422114Z /usr/bin/tar: ../../../../../usr/local/lib/android/sdk/platforms/android-36-ext18/data/res/values-mcc310-mnc490-pa: Cannot utime: Operation not permitted
build	Cache Android SDK	2026-06-06T12:22:53.2423201Z /usr/bin/tar: ../../../../../usr/local/lib/android/sdk/platforms/android-36-ext18/data/res/values-mcc310-mnc490-pa: Cannot change mode to rwxr-xr-x: Operation not permitted
build	Cache Android SDK	2026-06-06T12:22:53.2424793Z /usr/bin/tar: ../../../../../usr/local/lib/android/sdk/platforms/android-36-ext18/data/res/values-mcc310-mnc030-kk: Cannot utime: Operation not permitted
build	Cache Android SDK	2026-06-06T12:22:53.2425780Z /usr/bin/tar: ../../../../../usr/local/lib/android/sdk/platforms/android-36-ext18/data/res/values-mcc310-mnc030-kk: Cannot change mode to rwxr-xr-x: Operation not permitted
build	Cache Android SDK	2026-06-06T12:22:53.2428158Z /usr/bin/tar: ../../../../../usr/local/lib/android/sdk/platforms/android-36-ext18/data/res/values-mcc302-mnc720-pt-rBR: Cannot utime: Operation not permitted
build	Cache Android SDK	2026-06-06T12:22:53.2429212Z /usr/bin/tar: ../../../../../usr/local/lib/android/sdk/platforms/android-36-ext18/data/res/values-mcc302-mnc720-pt-rBR: Cannot change mode to rwxr-xr-x: Operation not permitted
build	Cache Android SDK	2026-06-06T12:22:53.2430468Z /usr/bin/tar: ../../../../../usr/local/lib/android/sdk/platforms/android-36-ext18/data/res/values-mcc310-mnc160-ka: Cannot utime: Operation not permitted
build	Cache Android SDK	2026-06-06T12:22:53.2431510Z /usr/bin/tar: ../../../../../usr/local/lib/android/sdk/platforms/android-36-ext18/data/res/values-mcc310-mnc160-ka: Cannot change mode to rwxr-xr-x: Operation not permitted
build	Cache Android SDK	2026-06-06T12:22:53.2433396Z /usr/bin/tar: ../../../../../usr/local/lib/android/sdk/platforms/android-36-ext18/data/res/values-mcc310-mnc280-am: Cannot utime: Operation not permitted
build	Cache Android SDK	2026-06-06T12:22:53.2434373Z /usr/bin/tar: ../../../../../usr/local/lib/android/sdk/platforms/android-36-ext18/data/res/values-mcc310-mnc280-am: Cannot change mode to rwxr-xr-x: Operation not permitted
build	Cache Android SDK	2026-06-06T12:22:53.2436693Z /usr/bin/tar: ../../../../../usr/local/lib/android/sdk/platforms/android-36-ext18/data/res/values-mcc310-mnc410: Cannot utime: Operation not permitted
build	Cache Android SDK	2026-06-06T12:22:53.2437955Z /usr/bin/tar: ../../../../../usr/local/lib/android/sdk/platforms/android-36-ext18/data/res/values-mcc310-mnc410: Cannot change mode to rwxr-xr-x: Operation not permitted
build	Cache Android SDK	2026-06-06T12:22:53.2440383Z /usr/bin/tar: ../../../../../usr/local/lib/android/sdk/platforms/android-36-ext18/data/res/values-mcc310-mnc950-en-rIN: Cannot utime: Operation not permitted
build	Cache Android SDK	2026-06-06T12:22:53.2441467Z /usr/bin/tar: ../../../../../usr/local/lib/android/sdk/platforms/android-36-ext18/data/res/values-mcc310-mnc950-en-rIN: Cannot change mode to rwxr-xr-x: Operation not permitted
build	Cache Android SDK	2026-06-06T12:22:53.2442970Z /usr/bin/tar: ../../../../../usr/local/lib/android/sdk/platforms/android-36-ext18/data/res/values-mcc334-mnc020-fa: Cannot utime: Operation not permitted
build	Cache Android SDK	2026-06-06T12:22:53.2443921Z /usr/bin/tar: ../../../../../usr/local/lib/android/sdk/platforms/android-36-ext18/data/res/values-mcc334-mnc020-fa: Cannot change mode to rwxr-xr-x: Operation not permitted
build	Cache Android SDK	2026-06-06T12:22:53.2445671Z /usr/bin/tar: ../../../../../usr/local/lib/android/sdk/platforms/android-36-ext18/data/res/values-mcc310-mnc240-ko: Cannot utime: Operation not permitted
build	Cache Android SDK	2026-06-06T12:22:53.2446704Z /usr/bin/tar: ../../../../../usr/local/lib/android/sdk/platforms/android-36-ext18/data/res/values-mcc310-mnc240-ko: Cannot change mode to rwxr-xr-x: Operation not permitted
build	Cache Android SDK	2026-06-06T12:22:53.2449054Z /usr/bin/tar: ../../../../../usr/local/lib/android/sdk/platforms/android-36-ext18/data/res/values-mcc310-mnc410-en-rAU: Cannot utime: Operation not permitted
build	Cache Android SDK	2026-06-06T12:22:53.2450142Z /usr/bin/tar: ../../../../../usr/local/lib/android/sdk/platforms/android-36-ext18/data/res/values-mcc310-mnc410-en-rAU: Cannot change mode to rwxr-xr-x: Operation not permitted
build	Cache Android SDK	2026-06-06T12:22:53.2452517Z /usr/bin/tar: ../../../../../usr/local/lib/android/sdk/platforms/android-36-ext18/data/res/values-mcc302-mnc370-fr: Cannot utime: Operation not permitted
build	Cache Android SDK	2026-06-06T12:22:53.2453464Z /usr/bin/tar: ../../../../../usr/local/lib/android/sdk/platforms/android-36-ext18/data/res/values-mcc302-mnc370-fr: Cannot change mode to rwxr-xr-x: Operation not permitted
build	Cache Android SDK	2026-06-06T12:22:53.2455632Z /usr/bin/tar: ../../../../../usr/local/lib/android/sdk/platforms/android-36-ext18/data/res/values-mcc310-mnc410-fr: Cannot utime: Operation not permitted
build	Cache Android SDK	2026-06-06T12:22:53.2456642Z /usr/bin/tar: ../../../../../usr/local/lib/android/sdk/platforms/android-36-ext18/data/res/values-mcc310-mnc410-fr: Cannot change mode to rwxr-xr-x: Operation not permitted
build	Cache Android SDK	2026-06-06T12:22:53.2458412Z /usr/bin/tar: ../../../../../usr/local/lib/android/sdk/platforms/android-36-ext18/data/res/values-mcc310-mnc240-ur: Cannot utime: Operation not permitted
build	Cache Android SDK	2026-06-06T12:22:53.2460220Z /usr/bin/tar: ../../../../../usr/local/lib/android/sdk/platforms/android-36-ext18/data/res/values-mcc310-mnc240-ur: Cannot change mode to rwxr-xr-x: Operation not permitted
build	Cache Android SDK	2026-06-06T12:22:53.2461664Z /usr/bin/tar: ../../../../../usr/local/lib/android/sdk/platforms/android-36-ext18/data/res/values-mcc310-mnc220-de: Cannot utime: Operation not permitted
build	Cache Android SDK	2026-06-06T12:22:53.2462628Z /usr/bin/tar: ../../../../../usr/local/lib/android/sdk/platforms/android-36-ext18/data/res/values-mcc310-mnc220-de: Cannot change mode to rwxr-xr-x: Operation not permitted
build	Cache Android SDK	2026-06-06T12:22:53.2464102Z /usr/bin/tar: ../../../../../usr/local/lib/android/sdk/platforms/android-36-ext18/data/res/values-mcc310-mnc030-en-rXC: Cannot utime: Operation not permitted
build	Cache Android SDK	2026-06-06T12:22:53.2465168Z /usr/bin/tar: ../../../../../usr/local/lib/android/sdk/platforms/android-36-ext18/data/res/values-mcc310-mnc030-en-rXC: Cannot change mode to rwxr-xr-x: Operation not permitted
build	Cache Android SDK	2026-06-06T12:22:53.2467567Z /usr/bin/tar: ../../../../../usr/local/lib/android/sdk/platforms/android-36-ext18/data/res/values-mcc001-mnc01-ko: Cannot utime: Operation not permitted
build	Cache Android SDK	2026-06-06T12:22:53.2468527Z /usr/bin/tar: ../../../../../usr/local/lib/android/sdk/platforms/android-36-ext18/data/res/values-mcc001-mnc01-ko: Cannot change mode to rwxr-xr-x: Operation not permitted
build	Cache Android SDK	2026-06-06T12:22:53.2470425Z /usr/bin/tar: ../../../../../usr/local/lib/android/sdk/platforms/android-36-ext18/data/res/values-mcc334-mnc020-gu: Cannot utime: Operation not permitted
build	Cache Android SDK	2026-06-06T12:22:53.2471379Z /usr/bin/tar: ../../../../../usr/local/lib/android/sdk/platforms/android-36-ext18/data/res/values-mcc334-mnc020-gu: Cannot change mode to rwxr-xr-x: Operation not permitted
build	Cache Android SDK	2026-06-06T12:22:53.2473488Z /usr/bin/tar: ../../../../../usr/local/lib/android/sdk/platforms/android-36-ext18/data/res/values-mcc310-mnc560-zh-rTW: Cannot utime: Operation not permitted
build	Cache Android SDK	2026-06-06T12:22:53.2474473Z /usr/bin/tar: ../../../../../usr/local/lib/android/sdk/platforms/android-36-ext18/data/res/values-mcc310-mnc560-zh-rTW: Cannot change mode to rwxr-xr-x: Operation not permitted
build	Cache Android SDK	2026-06-06T12:22:53.2476642Z /usr/bin/tar: ../../../../../usr/local/lib/android/sdk/platforms/android-36-ext18/data/res/values-mcc310-mnc280-en-rAU: Cannot utime: Operation not permitted
build	Cache Android SDK	2026-06-06T12:22:53.2477916Z /usr/bin/tar: ../../../../../usr/local/lib/android/sdk/platforms/android-36-ext18/data/res/values-mcc310-mnc280-en-rAU: Cannot change mode to rwxr-xr-x: Operation not permitted
build	Cache Android SDK	2026-06-06T12:22:53.2480162Z /usr/bin/tar: ../../../../../usr/local/lib/android/sdk/platforms/android-36-ext18/data/res/values-mcc310-mnc210-fi: Cannot utime: Operation not permitted
build	Cache Android SDK	2026-06-06T12:22:53.2481128Z /usr/bin/tar: ../../../../../usr/local/lib/android/sdk/platforms/android-36-ext18/data/res/values-mcc310-mnc210-fi: Cannot change mode to rwxr-xr-x: Operation not permitted
build	Cache Android SDK	2026-06-06T12:22:53.2482898Z /usr/bin/tar: ../../../../../usr/local/lib/android/sdk/platforms/android-36-ext18/data/res/values-mcc310-mnc170-de: Cannot utime: Operation not permitted
build	Cache Android SDK	2026-06-06T12:22:53.2483854Z /usr/bin/tar: ../../../../../usr/local/lib/android/sdk/platforms/android-36-ext18/data/res/values-mcc310-mnc170-de: Cannot change mode to rwxr-xr-x: Operation not permitted
build	Cache Android SDK	2026-06-06T12:22:53.2486449Z /usr/bin/tar: ../../../../../usr/local/lib/android/sdk/platforms/android-36-ext18/data/res/values-mcc310-mnc210-gu: Cannot utime: Operation not permitted
build	Cache Android SDK	2026-06-06T12:22:53.2487591Z /usr/bin/tar: ../../../../../usr/local/lib/android/sdk/platforms/android-36-ext18/data/res/values-mcc310-mnc210-gu: Cannot change mode to rwxr-xr-x: Operation not permitted
build	Cache Android SDK	2026-06-06T12:22:53.2489631Z /usr/bin/tar: ../../../../../usr/local/lib/android/sdk/platforms/android-36-ext18/data/res/values-mcc310-mnc660-hi: Cannot utime: Operation not permitted
build	Cache Android SDK	2026-06-06T12:22:53.2490598Z /usr/bin/tar: ../../../../../usr/local/lib/android/sdk/platforms/android-36-ext18/data/res/values-mcc310-mnc660-hi: Cannot change mode to rwxr-xr-x: Operation not permitted
build	Cache Android SDK	2026-06-06T12:22:53.2492999Z /usr/bin/tar: ../../../../../usr/local/lib/android/sdk/platforms/android-36-ext18/data/res/values-mcc310-mnc210-nl: Cannot utime: Operation not permitted
build	Cache Android SDK	2026-06-06T12:22:53.2493970Z /usr/bin/tar: ../../../../../usr/local/lib/android/sdk/platforms/android-36-ext18/data/res/values-mcc310-mnc210-nl: Cannot change mode to rwxr-xr-x: Operation not permitted
build	Cache Android SDK	2026-06-06T12:22:53.2496486Z /usr/bin/tar: ../../../../../usr/local/lib/android/sdk/platforms/android-36-ext18/data/res/values-mcc334-mnc020-am: Cannot utime: Operation not permitted
build	Cache Android SDK	2026-06-06T12:22:53.2497698Z /usr/bin/tar: ../../../../../usr/local/lib/android/sdk/platforms/android-36-ext18/data/res/values-mcc334-mnc020-am: Cannot change mode to rwxr-xr-x: Operation not permitted
build	Cache Android SDK	2026-06-06T12:22:53.2499307Z /usr/bin/tar: ../../../../../usr/local/lib/android/sdk/platforms/android-36-ext18/data/res/values-mcc334-mnc020-my: Cannot utime: Operation not permitted
build	Cache Android SDK	2026-06-06T12:22:53.2500270Z /usr/bin/tar: ../../../../../usr/local/lib/android/sdk/platforms/android-36-ext18/data/res/values-mcc334-mnc020-my: Cannot change mode to rwxr-xr-x: Operation not permitted
build	Cache Android SDK	2026-06-06T12:22:53.2502461Z /usr/bin/tar: ../../../../../usr/local/lib/android/sdk/platforms/android-36-ext18/data/res/values-mcc740-mnc00: Cannot utime: Operation not permitted
build	Cache Android SDK	2026-06-06T12:22:53.2503399Z /usr/bin/tar: ../../../../../usr/local/lib/android/sdk/platforms/android-36-ext18/data/res/values-mcc740-mnc00: Cannot change mode to rwxr-xr-x: Operation not permitted
build	Cache Android SDK	2026-06-06T12:22:53.2504908Z /usr/bin/tar: ../../../../../usr/local/lib/android/sdk/platforms/android-36-ext18/data/res/values-mcc310-mnc200-ky: Cannot utime: Operation not permitted
build	Cache Android SDK	2026-06-06T12:22:53.2505855Z /usr/bin/tar: ../../../../../usr/local/lib/android/sdk/platforms/android-36-ext18/data/res/values-mcc310-mnc200-ky: Cannot change mode to rwxr-xr-x: Operation not permitted
build	Cache Android SDK	2026-06-06T12:22:53.2508542Z /usr/bin/tar: ../../../../../usr/local/lib/android/sdk/platforms/android-36-ext18/data/res/values-mcc302-mnc370-el: Cannot utime: Operation not permitted
build	Cache Android SDK	2026-06-06T12:22:53.2509591Z /usr/bin/tar: ../../../../../usr/local/lib/android/sdk/platforms/android-36-ext18/data/res/values-mcc302-mnc370-el: Cannot change mode to rwxr-xr-x: Operation not permitted
build	Cache Android SDK	2026-06-06T12:22:53.2511291Z /usr/bin/tar: ../../../../../usr/local/lib/android/sdk/platforms/android-36-ext18/data/res/values-mcc310-mnc560-ro: Cannot utime: Operation not permitted
build	Cache Android SDK	2026-06-06T12:22:53.2512808Z /usr/bin/tar: ../../../../../usr/local/lib/android/sdk/platforms/android-36-ext18/data/res/values-mcc310-mnc560-ro: Cannot change mode to rwxr-xr-x: Operation not permitted
build	Cache Android SDK	2026-06-06T12:22:53.2514373Z /usr/bin/tar: ../../../../../usr/local/lib/android/sdk/platforms/android-36-ext18/data/res/values-mcc310-mnc150-kk: Cannot utime: Operation not permitted
build	Cache Android SDK	2026-06-06T12:22:53.2515329Z /usr/bin/tar: ../../../../../usr/local/lib/android/sdk/platforms/android-36-ext18/data/res/values-mcc310-mnc150-kk: Cannot change mode to rwxr-xr-x: Operation not permitted
build	Cache Android SDK	2026-06-06T12:22:53.2517074Z /usr/bin/tar: ../../../../../usr/local/lib/android/sdk/platforms/android-36-ext18/data/res/values-mcc334-mnc020-pt: Cannot utime: Operation not permitted
build	Cache Android SDK	2026-06-06T12:22:53.2518724Z /usr/bin/tar: ../../../../../usr/local/lib/android/sdk/platforms/android-36-ext18/data/res/values-mcc334-mnc020-pt: Cannot change mode to rwxr-xr-x: Operation not permitted
build	Cache Android SDK	2026-06-06T12:22:53.2520520Z /usr/bin/tar: ../../../../../usr/local/lib/android/sdk/platforms/android-36-ext18/data/res/values-mcc310-mnc210-en-rGB: Cannot utime: Operation not permitted
build	Cache Android SDK	2026-06-06T12:22:53.2522181Z /usr/bin/tar: ../../../../../usr/local/lib/android/sdk/platforms/android-36-ext18/data/res/values-mcc310-mnc210-en-rGB: Cannot change mode to rwxr-xr-x: Operation not permitted
build	Cache Android SDK	2026-06-06T12:22:53.2523171Z /usr/bin/tar: ../../../../../usr/local/lib/android/sdk/platforms/android-36-ext18/data/res/values-de-neuter: Cannot utime: Operation not permitted
build	Cache Android SDK	2026-06-06T12:22:53.2524078Z /usr/bin/tar: ../../../../../usr/local/lib/android/sdk/platforms/android-36-ext18/data/res/values-de-neuter: Cannot change mode to rwxr-xr-x: Operation not permitted
build	Cache Android SDK	2026-06-06T12:22:53.2525599Z /usr/bin/tar: ../../../../../usr/local/lib/android/sdk/platforms/android-36-ext18/data/res/values-mcc302-mnc720-pt: Cannot utime: Operation not permitted
build	Cache Android SDK	2026-06-06T12:22:53.2526660Z /usr/bin/tar: ../../../../../usr/local/lib/android/sdk/platforms/android-36-ext18/data/res/values-mcc302-mnc720-pt: Cannot change mode to rwxr-xr-x: Operation not permitted
build	Cache Android SDK	2026-06-06T12:22:53.2528710Z /usr/bin/tar: ../../../../../usr/local/lib/android/sdk/platforms/android-36-ext18/data/res/values-mcc302-mnc720-zh-rCN: Cannot utime: Operation not permitted
build	Cache Android SDK	2026-06-06T12:22:53.2529777Z /usr/bin/tar: ../../../../../usr/local/lib/android/sdk/platforms/android-36-ext18/data/res/values-mcc302-mnc720-zh-rCN: Cannot change mode to rwxr-xr-x: Operation not permitted
build	Cache Android SDK	2026-06-06T12:22:53.2531761Z /usr/bin/tar: ../../../../../usr/local/lib/android/sdk/platforms/android-36-ext18/data/res/values-mcc310-mnc210-fr-rCA: Cannot utime: Operation not permitted
build	Cache Android SDK	2026-06-06T12:22:53.2532739Z /usr/bin/tar: ../../../../../usr/local/lib/android/sdk/platforms/android-36-ext18/data/res/values-mcc310-mnc210-fr-rCA: Cannot change mode to rwxr-xr-x: Operation not permitted
build	Cache Android SDK	2026-06-06T12:22:53.2535028Z /usr/bin/tar: ../../../../../usr/local/lib/android/sdk/platforms/android-36-ext18/data/res/values-mcc310-mnc270-nb: Cannot utime: Operation not permitted
build	Cache Android SDK	2026-06-06T12:22:53.2535967Z /usr/bin/tar: ../../../../../usr/local/lib/android/sdk/platforms/android-36-ext18/data/res/values-mcc310-mnc270-nb: Cannot change mode to rwxr-xr-x: Operation not permitted
build	Cache Android SDK	2026-06-06T12:22:53.2538363Z /usr/bin/tar: ../../../../../usr/local/lib/android/sdk/platforms/android-36-ext18/data/res/values-mcc334-mnc020-zu: Cannot utime: Operation not permitted
build	Cache Android SDK	2026-06-06T12:22:53.2540101Z /usr/bin/tar: ../../../../../usr/local/lib/android/sdk/platforms/android-36-ext18/data/res/values-mcc334-mnc020-zu: Cannot change mode to rwxr-xr-x: Operation not permitted
build	Cache Android SDK	2026-06-06T12:22:53.2541432Z /usr/bin/tar: ../../../../../usr/local/lib/android/sdk/platforms/android-36-ext18/data/res/values-port-mdpi: Cannot utime: Operation not permitted
build	Cache Android SDK	2026-06-06T12:22:53.2542438Z /usr/bin/tar: ../../../../../usr/local/lib/android/sdk/platforms/android-36-ext18/data/res/values-port-mdpi: Cannot change mode to rwxr-xr-x: Operation not permitted
build	Cache Android SDK	2026-06-06T12:22:53.2544617Z /usr/bin/tar: ../../../../../usr/local/lib/android/sdk/platforms/android-36-ext18/data/res/values-mcc302-mnc720-th: Cannot utime: Operation not permitted
build	Cache Android SDK	2026-06-06T12:22:53.2545570Z /usr/bin/tar: ../../../../../usr/local/lib/android/sdk/platforms/android-36-ext18/data/res/values-mcc302-mnc720-th: Cannot change mode to rwxr-xr-x: Operation not permitted
build	Cache Android SDK	2026-06-06T12:22:53.2548304Z /usr/bin/tar: ../../../../../usr/local/lib/android/sdk/platforms/android-36-ext18/data/res/values-mcc310-mnc950-ka: Cannot utime: Operation not permitted
build	Cache Android SDK	2026-06-06T12:22:53.2550206Z /usr/bin/tar: ../../../../../usr/local/lib/android/sdk/platforms/android-36-ext18/data/res/values-mcc310-mnc950-ka: Cannot change mode to rwxr-xr-x: Operation not permitted
build	Cache Android SDK	2026-06-06T12:22:53.2551799Z /usr/bin/tar: ../../../../../usr/local/lib/android/sdk/platforms/android-36-ext18/data/res/values-mcc302-mnc720-en-rGB: Cannot utime: Operation not permitted
build	Cache Android SDK	2026-06-06T12:22:53.2553213Z /usr/bin/tar: ../../../../../usr/local/lib/android/sdk/platforms/android-36-ext18/data/res/values-mcc302-mnc720-en-rGB: Cannot change mode to rwxr-xr-x: Operation not permitted
build	Cache Android SDK	2026-06-06T12:22:53.2555592Z /usr/bin/tar: ../../../../../usr/local/lib/android/sdk/platforms/android-36-ext18/data/res/values-mcc310-mnc250-az: Cannot utime: Operation not permitted
build	Cache Android SDK	2026-06-06T12:22:53.2556558Z /usr/bin/tar: ../../../../../usr/local/lib/android/sdk/platforms/android-36-ext18/data/res/values-mcc310-mnc250-az: Cannot change mode to rwxr-xr-x: Operation not permitted
build	Cache Android SDK	2026-06-06T12:22:53.2559160Z /usr/bin/tar: ../../../../../usr/local/lib/android/sdk/platforms/android-36-ext18/data/res/values-mcc310-mnc200-be: Cannot utime: Operation not permitted
build	Cache Android SDK	2026-06-06T12:22:53.2560216Z /usr/bin/tar: ../../../../../usr/local/lib/android/sdk/platforms/android-36-ext18/data/res/values-mcc310-mnc200-be: Cannot change mode to rwxr-xr-x: Operation not permitted
build	Cache Android SDK	2026-06-06T12:22:53.2562280Z /usr/bin/tar: ../../../../../usr/local/lib/android/sdk/platforms/android-36-ext18/data/res/values-zu-rZA: Cannot utime: Operation not permitted
build	Cache Android SDK	2026-06-06T12:22:53.2563183Z /usr/bin/tar: ../../../../../usr/local/lib/android/sdk/platforms/android-36-ext18/data/res/values-zu-rZA: Cannot change mode to rwxr-xr-x: Operation not permitted
build	Cache Android SDK	2026-06-06T12:22:53.2565367Z /usr/bin/tar: ../../../../../usr/local/lib/android/sdk/platforms/android-36-ext18/data/res/values-ka-watch: Cannot utime: Operation not permitted
build	Cache Android SDK	2026-06-06T12:22:53.2569261Z /usr/bin/tar: ../../../../../usr/local/lib/android/sdk/platforms/android-36-ext18/data/res/values-ka-watch: Cannot change mode to rwxr-xr-x: Operation not permitted
build	Cache Android SDK	2026-06-06T12:22:53.2570191Z /usr/bin/tar: ../../../../../usr/local/lib/android/sdk/platforms/android-36-ext18/data/res/values-mcc310-mnc490-ms: Cannot utime: Operation not permitted
build	Cache Android SDK	2026-06-06T12:22:53.2571128Z /usr/bin/tar: ../../../../../usr/local/lib/android/sdk/platforms/android-36-ext18/data/res/values-mcc310-mnc490-ms: Cannot change mode to rwxr-xr-x: Operation not permitted
build	Cache Android SDK	2026-06-06T12:22:53.2572456Z /usr/bin/tar: ../../../../../usr/local/lib/android/sdk/platforms/android-36-ext18/data/res/values-mcc310-mnc310-pl: Cannot utime: Operation not permitted
build	Cache Android SDK	2026-06-06T12:22:53.2573573Z /usr/bin/tar: ../../../../../usr/local/lib/android/sdk/platforms/android-36-ext18/data/res/values-mcc310-mnc310-pl: Cannot change mode to rwxr-xr-x: Operation not permitted
build	Cache Android SDK	2026-06-06T12:22:53.2582066Z /usr/bin/tar: ../../../../../usr/local/lib/android/sdk/platforms/android-36-ext18/data/res/values-hi: Cannot utime: Operation not permitted
build	Cache Android SDK	2026-06-06T12:22:53.2583178Z /usr/bin/tar: ../../../../../usr/local/lib/android/sdk/platforms/android-36-ext18/data/res/values-hi: Cannot change mode to rwxr-xr-x: Operation not permitted
build	Cache Android SDK	2026-06-06T12:22:53.2584450Z /usr/bin/tar: ../../../../../usr/local/lib/android/sdk/platforms/android-36-ext18/data/res/values-mcc310-mnc200-zu: Cannot utime: Operation not permitted
build	Cache Android SDK	2026-06-06T12:22:53.2585399Z /usr/bin/tar: ../../../../../usr/local/lib/android/sdk/platforms/android-36-ext18/data/res/values-mcc310-mnc200-zu: Cannot change mode to rwxr-xr-x: Operation not permitted
build	Cache Android SDK	2026-06-06T12:22:53.2586757Z /usr/bin/tar: ../../../../../usr/local/lib/android/sdk/platforms/android-36-ext18/data/res/values-mcc310-mnc410-mr: Cannot utime: Operation not permitted
build	Cache Android SDK	2026-06-06T12:22:53.2588547Z /usr/bin/tar: ../../../../../usr/local/lib/android/sdk/platforms/android-36-ext18/data/res/values-mcc310-mnc410-mr: Cannot change mode to rwxr-xr-x: Operation not permitted
build	Cache Android SDK	2026-06-06T12:22:53.2590121Z /usr/bin/tar: ../../../../../usr/local/lib/android/sdk/platforms/android-36-ext18/data/res/values-mcc310-mnc210-mr: Cannot utime: Operation not permitted
build	Cache Android SDK	2026-06-06T12:22:53.2591093Z /usr/bin/tar: ../../../../../usr/local/lib/android/sdk/platforms/android-36-ext18/data/res/values-mcc310-mnc210-mr: Cannot change mode to rwxr-xr-x: Operation not permitted
build	Cache Android SDK	2026-06-06T12:22:53.2594640Z /usr/bin/tar: ../../../../../usr/local/lib/android/sdk/platforms/android-36-ext18/data/res/values-mcc310-mnc150-si: Cannot utime: Operation not permitted
build	Cache Android SDK	2026-06-06T12:22:53.2595587Z /usr/bin/tar: ../../../../../usr/local/lib/android/sdk/platforms/android-36-ext18/data/res/values-mcc310-mnc150-si: Cannot change mode to rwxr-xr-x: Operation not permitted
build	Cache Android SDK	2026-06-06T12:22:53.2598333Z /usr/bin/tar: ../../../../../usr/local/lib/android/sdk/platforms/android-36-ext18/data/res/values-mcc310-mnc240-et: Cannot utime: Operation not permitted
build	Cache Android SDK	2026-06-06T12:22:53.2599308Z /usr/bin/tar: ../../../../../usr/local/lib/android/sdk/platforms/android-36-ext18/data/res/values-mcc310-mnc240-et: Cannot change mode to rwxr-xr-x: Operation not permitted
build	Cache Android SDK	2026-06-06T12:22:53.2601811Z /usr/bin/tar: ../../../../../usr/local/lib/android/sdk/platforms/android-36-ext18/data/res/values-mcc310-mnc380-kk: Cannot utime: Operation not permitted
build	Cache Android SDK	2026-06-06T12:22:53.2602756Z /usr/bin/tar: ../../../../../usr/local/lib/android/sdk/platforms/android-36-ext18/data/res/values-mcc310-mnc380-kk: Cannot change mode to rwxr-xr-x: Operation not permitted
build	Cache Android SDK	2026-06-06T12:22:53.2606340Z /usr/bin/tar: ../../../../../usr/local/lib/android/sdk/platforms/android-36-ext18/data/res/values-mcc310-mnc280-kk: Cannot utime: Operation not permitted
build	Cache Android SDK	2026-06-06T12:22:53.2607322Z /usr/bin/tar: ../../../../../usr/local/lib/android/sdk/platforms/android-36-ext18/data/res/values-mcc310-mnc280-kk: Cannot change mode to rwxr-xr-x: Operation not permitted
build	Cache Android SDK	2026-06-06T12:22:53.2608885Z /usr/bin/tar: ../../../../../usr/local/lib/android/sdk/platforms/android-36-ext18/data/res/values-mcc310-mnc160-sq: Cannot utime: Operation not permitted
build	Cache Android SDK	2026-06-06T12:22:53.2609960Z /usr/bin/tar: ../../../../../usr/local/lib/android/sdk/platforms/android-36-ext18/data/res/values-mcc310-mnc160-sq: Cannot change mode to rwxr-xr-x: Operation not permitted
build	Cache Android SDK	2026-06-06T12:22:53.2611884Z /usr/bin/tar: ../../../../../usr/local/lib/android/sdk/platforms/android-36-ext18/data/res/values-mcc334-mnc020-kn: Cannot utime: Operation not permitted
build	Cache Android SDK	2026-06-06T12:22:53.2612835Z /usr/bin/tar: ../../../../../usr/local/lib/android/sdk/platforms/android-36-ext18/data/res/values-mcc334-mnc020-kn: Cannot change mode to rwxr-xr-x: Operation not permitted
build	Cache Android SDK	2026-06-06T12:22:53.2614941Z /usr/bin/tar: ../../../../../usr/local/lib/android/sdk/platforms/android-36-ext18/data/res/values-mcc312-mnc530: Cannot utime: Operation not permitted
build	Cache Android SDK	2026-06-06T12:22:53.2615882Z /usr/bin/tar: ../../../../../usr/local/lib/android/sdk/platforms/android-36-ext18/data/res/values-mcc312-mnc530: Cannot change mode to rwxr-xr-x: Operation not permitted
build	Cache Android SDK	2026-06-06T12:22:53.2618667Z /usr/bin/tar: ../../../../../usr/local/lib/android/sdk/platforms/android-36-ext18/data/res/values-mcc310-mnc270-vi: Cannot utime: Operation not permitted
build	Cache Android SDK	2026-06-06T12:22:53.2619693Z /usr/bin/tar: ../../../../../usr/local/lib/android/sdk/platforms/android-36-ext18/data/res/values-mcc310-mnc270-vi: Cannot change mode to rwxr-xr-x: Operation not permitted
build	Cache Android SDK	2026-06-06T12:22:53.2636342Z /usr/bin/tar: ../../../../../usr/local/lib/android/sdk/platforms/android-36-ext18/data/res/values-ne: Cannot utime: Operation not permitted
build	Cache Android SDK	2026-06-06T12:22:53.2638031Z /usr/bin/tar: ../../../../../usr/local/lib/android/sdk/platforms/android-36-ext18/data/res/values-ne: Cannot change mode to rwxr-xr-x: Operation not permitted
build	Cache Android SDK	2026-06-06T12:22:53.2639536Z /usr/bin/tar: ../../../../../usr/local/lib/android/sdk/platforms/android-36-ext18/data/res/values-mcc310-mnc250-et: Cannot utime: Operation not permitted
build	Cache Android SDK	2026-06-06T12:22:53.2640517Z /usr/bin/tar: ../../../../../usr/local/lib/android/sdk/platforms/android-36-ext18/data/res/values-mcc310-mnc250-et: Cannot change mode to rwxr-xr-x: Operation not permitted
build	Cache Android SDK	2026-06-06T12:22:53.2641569Z /usr/bin/tar: ../../../../../usr/local/lib/android/sdk/platforms/android-36-ext18/data/res/values-es-rSV: Cannot utime: Operation not permitted
build	Cache Android SDK	2026-06-06T12:22:53.2642663Z /usr/bin/tar: ../../../../../usr/local/lib/android/sdk/platforms/android-36-ext18/data/res/values-es-rSV: Cannot change mode to rwxr-xr-x: Operation not permitted
build	Cache Android SDK	2026-06-06T12:22:53.2643911Z /usr/bin/tar: ../../../../../usr/local/lib/android/sdk/platforms/android-36-ext18/data/res/values-mcc310-mnc220-pl: Cannot utime: Operation not permitted
build	Cache Android SDK	2026-06-06T12:22:53.2645213Z /usr/bin/tar: ../../../../../usr/local/lib/android/sdk/platforms/android-36-ext18/data/res/values-mcc310-mnc220-pl: Cannot change mode to rwxr-xr-x: Operation not permitted
build	Cache Android SDK	2026-06-06T12:22:53.2646445Z /usr/bin/tar: ../../../../../usr/local/lib/android/sdk/platforms/android-36-ext18/data/res/values-mcc302-mnc720-az: Cannot utime: Operation not permitted
build	Cache Android SDK	2026-06-06T12:22:53.2647934Z /usr/bin/tar: ../../../../../usr/local/lib/android/sdk/platforms/android-36-ext18/data/res/values-mcc302-mnc720-az: Cannot change mode to rwxr-xr-x: Operation not permitted
build	Cache Android SDK	2026-06-06T12:22:53.2649860Z /usr/bin/tar: ../../../../../usr/local/lib/android/sdk/platforms/android-36-ext18/data/res/values-mcc415-mnc01: Cannot utime: Operation not permitted
build	Cache Android SDK	2026-06-06T12:22:53.2650956Z /usr/bin/tar: ../../../../../usr/local/lib/android/sdk/platforms/android-36-ext18/data/res/values-mcc415-mnc01: Cannot change mode to rwxr-xr-x: Operation not permitted
build	Cache Android SDK	2026-06-06T12:22:53.2652337Z /usr/bin/tar: ../../../../../usr/local/lib/android/sdk/platforms/android-36-ext18/data/res/values-mcc310-mnc250-de: Cannot utime: Operation not permitted
build	Cache Android SDK	2026-06-06T12:22:53.2653343Z /usr/bin/tar: ../../../../../usr/local/lib/android/sdk/platforms/android-36-ext18/data/res/values-mcc310-mnc250-de: Cannot change mode to rwxr-xr-x: Operation not permitted
build	Cache Android SDK	2026-06-06T12:22:53.2655213Z /usr/bin/tar: ../../../../../usr/local/lib/android/sdk/platforms/android-36-ext18/data/res/values-mcc310-mnc220-am: Cannot utime: Operation not permitted
build	Cache Android SDK	2026-06-06T12:22:53.2656183Z /usr/bin/tar: ../../../../../usr/local/lib/android/sdk/platforms/android-36-ext18/data/res/values-mcc310-mnc220-am: Cannot change mode to rwxr-xr-x: Operation not permitted
build	Cache Android SDK	2026-06-06T12:22:53.2658429Z /usr/bin/tar: ../../../../../usr/local/lib/android/sdk/platforms/android-36-ext18/data/res/values-mcc302-mnc370-tl: Cannot utime: Operation not permitted
build	Cache Android SDK	2026-06-06T12:22:53.2659381Z /usr/bin/tar: ../../../../../usr/local/lib/android/sdk/platforms/android-36-ext18/data/res/values-mcc302-mnc370-tl: Cannot change mode to rwxr-xr-x: Operation not permitted
build	Cache Android SDK	2026-06-06T12:22:53.2661585Z /usr/bin/tar: ../../../../../usr/local/lib/android/sdk/platforms/android-36-ext18/data/res/values-mcc310-mnc210-bg: Cannot utime: Operation not permitted
build	Cache Android SDK	2026-06-06T12:22:53.2662625Z /usr/bin/tar: ../../../../../usr/local/lib/android/sdk/platforms/android-36-ext18/data/res/values-mcc310-mnc210-bg: Cannot change mode to rwxr-xr-x: Operation not permitted
build	Cache Android SDK	2026-06-06T12:22:53.2664661Z /usr/bin/tar: ../../../../../usr/local/lib/android/sdk/platforms/android-36-ext18/data/res/values-mcc302-mnc370-zh-rHK: Cannot utime: Operation not permitted
build	Cache Android SDK	2026-06-06T12:22:53.2665648Z /usr/bin/tar: ../../../../../usr/local/lib/android/sdk/platforms/android-36-ext18/data/res/values-mcc302-mnc370-zh-rHK: Cannot change mode to rwxr-xr-x: Operation not permitted
build	Cache Android SDK	2026-06-06T12:22:53.2669006Z /usr/bin/tar: ../../../../../usr/local/lib/android/sdk/platforms/android-36-ext18/data/res/values-ar-rEG: Cannot utime: Operation not permitted
build	Cache Android SDK	2026-06-06T12:22:53.2669907Z /usr/bin/tar: ../../../../../usr/local/lib/android/sdk/platforms/android-36-ext18/data/res/values-ar-rEG: Cannot change mode to rwxr-xr-x: Operation not permitted
build	Cache Android SDK	2026-06-06T12:22:53.2671802Z /usr/bin/tar: ../../../../../usr/local/lib/android/sdk/platforms/android-36-ext18/data/res/values-mcc310-mnc310-uz: Cannot utime: Operation not permitted
build	Cache Android SDK	2026-06-06T12:22:53.2672753Z /usr/bin/tar: ../../../../../usr/local/lib/android/sdk/platforms/android-36-ext18/data/res/values-mcc310-mnc310-uz: Cannot change mode to rwxr-xr-x: Operation not permitted
build	Cache Android SDK	2026-06-06T12:22:53.2675225Z /usr/bin/tar: ../../../../../usr/local/lib/android/sdk/platforms/android-36-ext18/data/res/values-mcc310-mnc800-it: Cannot utime: Operation not permitted
build	Cache Android SDK	2026-06-06T12:22:53.2676161Z /usr/bin/tar: ../../../../../usr/local/lib/android/sdk/platforms/android-36-ext18/data/res/values-mcc310-mnc800-it: Cannot change mode to rwxr-xr-x: Operation not permitted
build	Cache Android SDK	2026-06-06T12:22:53.2678654Z /usr/bin/tar: ../../../../../usr/local/lib/android/sdk/platforms/android-36-ext18/data/res/values-mcc310-mnc410-kk: Cannot utime: Operation not permitted
build	Cache Android SDK	2026-06-06T12:22:53.2679592Z /usr/bin/tar: ../../../../../usr/local/lib/android/sdk/platforms/android-36-ext18/data/res/values-mcc310-mnc410-kk: Cannot change mode to rwxr-xr-x: Operation not permitted
build	Cache Android SDK	2026-06-06T12:22:53.2681862Z /usr/bin/tar: ../../../../../usr/local/lib/android/sdk/platforms/android-36-ext18/data/res/values-mcc310-mnc950-eu: Cannot utime: Operation not permitted
build	Cache Android SDK	2026-06-06T12:22:53.2682903Z /usr/bin/tar: ../../../../../usr/local/lib/android/sdk/platforms/android-36-ext18/data/res/values-mcc310-mnc950-eu: Cannot change mode to rwxr-xr-x: Operation not permitted
build	Cache Android SDK	2026-06-06T12:22:53.2685030Z /usr/bin/tar: ../../../../../usr/local/lib/android/sdk/platforms/android-36-ext18/data/res/values-mcc302-mnc720-af: Cannot utime: Operation not permitted
build	Cache Android SDK	2026-06-06T12:22:53.2685976Z /usr/bin/tar: ../../../../../usr/local/lib/android/sdk/platforms/android-36-ext18/data/res/values-mcc302-mnc720-af: Cannot change mode to rwxr-xr-x: Operation not permitted
build	Cache Android SDK	2026-06-06T12:22:53.2688064Z /usr/bin/tar: ../../../../../usr/local/lib/android/sdk/platforms/android-36-ext18/data/res/values-mcc334-mnc020-es: Cannot utime: Operation not permitted
build	Cache Android SDK	2026-06-06T12:22:53.2689084Z /usr/bin/tar: ../../../../../usr/local/lib/android/sdk/platforms/android-36-ext18/data/res/values-mcc334-mnc020-es: Cannot change mode to rwxr-xr-x: Operation not permitted
build	Cache Android SDK	2026-06-06T12:22:53.2691186Z /usr/bin/tar: ../../../../../usr/local/lib/android/sdk/platforms/android-36-ext18/data/res/values-mcc310-mnc410-be: Cannot utime: Operation not permitted
build	Cache Android SDK	2026-06-06T12:22:53.2692143Z /usr/bin/tar: ../../../../../usr/local/lib/android/sdk/platforms/android-36-ext18/data/res/values-mcc310-mnc410-be: Cannot change mode to rwxr-xr-x: Operation not permitted
build	Cache Android SDK	2026-06-06T12:22:53.2694259Z /usr/bin/tar: ../../../../../usr/local/lib/android/sdk/platforms/android-36-ext18/data/res/values-mcc310-mnc030-am: Cannot utime: Operation not permitted
build	Cache Android SDK	2026-06-06T12:22:53.2695200Z /usr/bin/tar: ../../../../../usr/local/lib/android/sdk/platforms/android-36-ext18/data/res/values-mcc310-mnc030-am: Cannot change mode to rwxr-xr-x: Operation not permitted
build	Cache Android SDK	2026-06-06T12:22:53.2701040Z /usr/bin/tar: ../../../../../usr/local/lib/android/sdk/platforms/android-36-ext18/data/res/values-sq: Cannot utime: Operation not permitted
build	Cache Android SDK	2026-06-06T12:22:53.2702519Z /usr/bin/tar: ../../../../../usr/local/lib/android/sdk/platforms/android-36-ext18/data/res/values-sq: Cannot change mode to rwxr-xr-x: Operation not permitted
build	Cache Android SDK	2026-06-06T12:22:53.2704523Z /usr/bin/tar: ../../../../../usr/local/lib/android/sdk/platforms/android-36-ext18/data/res/values-mcc310-mnc380-bs: Cannot utime: Operation not permitted
build	Cache Android SDK	2026-06-06T12:22:53.2705665Z /usr/bin/tar: ../../../../../usr/local/lib/android/sdk/platforms/android-36-ext18/data/res/values-mcc310-mnc380-bs: Cannot change mode to rwxr-xr-x: Operation not permitted
build	Cache Android SDK	2026-06-06T12:22:53.2707523Z /usr/bin/tar: ../../../../../usr/local/lib/android/sdk/platforms/android-36-ext18/data/res/values-mcc310-mnc660-te: Cannot utime: Operation not permitted
build	Cache Android SDK	2026-06-06T12:22:53.2708844Z /usr/bin/tar: ../../../../../usr/local/lib/android/sdk/platforms/android-36-ext18/data/res/values-mcc310-mnc660-te: Cannot change mode to rwxr-xr-x: Operation not permitted
build	Cache Android SDK	2026-06-06T12:22:53.2710703Z /usr/bin/tar: ../../../../../usr/local/lib/android/sdk/platforms/android-36-ext18/data/res/values-mcc310-mnc950-es: Cannot utime: Operation not permitted
build	Cache Android SDK	2026-06-06T12:22:53.2711863Z /usr/bin/tar: ../../../../../usr/local/lib/android/sdk/platforms/android-36-ext18/data/res/values-mcc310-mnc950-es: Cannot change mode to rwxr-xr-x: Operation not permitted
build	Cache Android SDK	2026-06-06T12:22:53.2714201Z /usr/bin/tar: ../../../../../usr/local/lib/android/sdk/platforms/android-36-ext18/data/res/xml-land: Cannot utime: Operation not permitted
build	Cache Android SDK	2026-06-06T12:22:53.2715077Z /usr/bin/tar: ../../../../../usr/local/lib/android/sdk/platforms/android-36-ext18/data/res/xml-land: Cannot change mode to rwxr-xr-x: Operation not permitted
build	Cache Android SDK	2026-06-06T12:22:53.2717737Z /usr/bin/tar: ../../../../../usr/local/lib/android/sdk/platforms/android-36-ext18/data/res/values-w225dp: Cannot utime: Operation not permitted
build	Cache Android SDK	2026-06-06T12:22:53.2718656Z /usr/bin/tar: ../../../../../usr/local/lib/android/sdk/platforms/android-36-ext18/data/res/values-w225dp: Cannot change mode to rwxr-xr-x: Operation not permitted
build	Cache Android SDK	2026-06-06T12:22:53.2721016Z /usr/bin/tar: ../../../../../usr/local/lib/android/sdk/platforms/android-36-ext18/data/res/values-mcc311-mnc180-pt-rPT: Cannot utime: Operation not permitted
build	Cache Android SDK	2026-06-06T12:22:53.2722111Z /usr/bin/tar: ../../../../../usr/local/lib/android/sdk/platforms/android-36-ext18/data/res/values-mcc311-mnc180-pt-rPT: Cannot change mode to rwxr-xr-x: Operation not permitted
build	Cache Android SDK	2026-06-06T12:22:53.2724553Z /usr/bin/tar: ../../../../../usr/local/lib/android/sdk/platforms/android-36-ext18/data/res/values-mcc310-mnc490-de: Cannot utime: Operation not permitted
build	Cache Android SDK	2026-06-06T12:22:53.2725520Z /usr/bin/tar: ../../../../../usr/local/lib/android/sdk/platforms/android-36-ext18/data/res/values-mcc310-mnc490-de: Cannot change mode to rwxr-xr-x: Operation not permitted
build	Cache Android SDK	2026-06-06T12:22:53.2727750Z /usr/bin/tar: ../../../../../usr/local/lib/android/sdk/platforms/android-36-ext18/data/res/values-mcc310-mnc150-sk: Cannot utime: Operation not permitted
build	Cache Android SDK	2026-06-06T12:22:53.2728779Z /usr/bin/tar: ../../../../../usr/local/lib/android/sdk/platforms/android-36-ext18/data/res/values-mcc310-mnc150-sk: Cannot change mode to rwxr-xr-x: Operation not permitted
build	Cache Android SDK	2026-06-06T12:22:53.2730737Z /usr/bin/tar: ../../../../../usr/local/lib/android/sdk/platforms/android-36-ext18/data/res/values-mcc310-mnc950-hy: Cannot utime: Operation not permitted
build	Cache Android SDK	2026-06-06T12:22:53.2731689Z /usr/bin/tar: ../../../../../usr/local/lib/android/sdk/platforms/android-36-ext18/data/res/values-mcc310-mnc950-hy: Cannot change mode to rwxr-xr-x: Operation not permitted
build	Cache Android SDK	2026-06-06T12:22:53.2734103Z /usr/bin/tar: ../../../../../usr/local/lib/android/sdk/platforms/android-36-ext18/data/res/values-am-rET: Cannot utime: Operation not permitted
build	Cache Android SDK	2026-06-06T12:22:53.2735004Z /usr/bin/tar: ../../../../../usr/local/lib/android/sdk/platforms/android-36-ext18/data/res/values-am-rET: Cannot change mode to rwxr-xr-x: Operation not permitted
build	Cache Android SDK	2026-06-06T12:22:53.2737044Z /usr/bin/tar: ../../../../../usr/local/lib/android/sdk/platforms/android-36-ext18/data/res/values-mcc310-mnc030-zh-rCN: Cannot utime: Operation not permitted
build	Cache Android SDK	2026-06-06T12:22:53.2738216Z /usr/bin/tar: ../../../../../usr/local/lib/android/sdk/platforms/android-36-ext18/data/res/values-mcc310-mnc030-zh-rCN: Cannot change mode to rwxr-xr-x: Operation not permitted
build	Cache Android SDK	2026-06-06T12:22:53.2740571Z /usr/bin/tar: ../../../../../usr/local/lib/android/sdk/platforms/android-36-ext18/data/res/raw-tr: Cannot utime: Operation not permitted
build	Cache Android SDK	2026-06-06T12:22:53.2741435Z /usr/bin/tar: ../../../../../usr/local/lib/android/sdk/platforms/android-36-ext18/data/res/raw-tr: Cannot change mode to rwxr-xr-x: Operation not permitted
build	Cache Android SDK	2026-06-06T12:22:53.2743981Z /usr/bin/tar: ../../../../../usr/local/lib/android/sdk/platforms/android-36-ext18/data/res/values-mcc310-mnc230-lo: Cannot utime: Operation not permitted
build	Cache Android SDK	2026-06-06T12:22:53.2745106Z /usr/bin/tar: ../../../../../usr/local/lib/android/sdk/platforms/android-36-ext18/data/res/values-mcc310-mnc230-lo: Cannot change mode to rwxr-xr-x: Operation not permitted
build	Cache Android SDK	2026-06-06T12:22:53.2746812Z /usr/bin/tar: ../../../../../usr/local/lib/android/sdk/platforms/android-36-ext18/data/res/values-mcc310-mnc240-kk: Cannot utime: Operation not permitted
build	Cache Android SDK	2026-06-06T12:22:53.2748300Z /usr/bin/tar: ../../../../../usr/local/lib/android/sdk/platforms/android-36-ext18/data/res/values-mcc310-mnc240-kk: Cannot change mode to rwxr-xr-x: Operation not permitted
build	Cache Android SDK	2026-06-06T12:22:53.2750040Z /usr/bin/tar: ../../../../../usr/local/lib/android/sdk/platforms/android-36-ext18/data/res/values-mcc312-mnc670-ru: Cannot utime: Operation not permitted
build	Cache Android SDK	2026-06-06T12:22:53.2751002Z /usr/bin/tar: ../../../../../usr/local/lib/android/sdk/platforms/android-36-ext18/data/res/values-mcc312-mnc670-ru: Cannot change mode to rwxr-xr-x: Operation not permitted
build	Cache Android SDK	2026-06-06T12:22:53.2753273Z /usr/bin/tar: ../../../../../usr/local/lib/android/sdk/platforms/android-36-ext18/data/res/values-mcc310-mnc210-ky: Cannot utime: Operation not permitted
build	Cache Android SDK	2026-06-06T12:22:53.2754479Z /usr/bin/tar: ../../../../../usr/local/lib/android/sdk/platforms/android-36-ext18/data/res/values-mcc310-mnc210-ky: Cannot change mode to rwxr-xr-x: Operation not permitted
build	Cache Android SDK	2026-06-06T12:22:53.2760322Z /usr/bin/tar: ../../../../../usr/local/lib/android/sdk/platforms/android-36-ext18/data/res/values-en-rAU: Cannot utime: Operation not permitted
build	Cache Android SDK	2026-06-06T12:22:53.2761580Z /usr/bin/tar: ../../../../../usr/local/lib/android/sdk/platforms/android-36-ext18/data/res/values-en-rAU: Cannot change mode to rwxr-xr-x: Operation not permitted
build	Cache Android SDK	2026-06-06T12:22:53.2763666Z /usr/bin/tar: ../../../../../usr/local/lib/android/sdk/platforms/android-36-ext18/data/res/values-mcc310-mnc230-hy: Cannot utime: Operation not permitted
build	Cache Android SDK	2026-06-06T12:22:53.2764640Z /usr/bin/tar: ../../../../../usr/local/lib/android/sdk/platforms/android-36-ext18/data/res/values-mcc310-mnc230-hy: Cannot change mode to rwxr-xr-x: Operation not permitted
build	Cache Android SDK	2026-06-06T12:22:53.2766687Z /usr/bin/tar: ../../../../../usr/local/lib/android/sdk/platforms/android-36-ext18/data/res/values-mcc310-mnc150-en-rXC: Cannot utime: Operation not permitted
build	Cache Android SDK	2026-06-06T12:22:53.2768017Z /usr/bin/tar: ../../../../../usr/local/lib/android/sdk/platforms/android-36-ext18/data/res/values-mcc310-mnc150-en-rXC: Cannot change mode to rwxr-xr-x: Operation not permitted
build	Cache Android SDK	2026-06-06T12:22:53.2774746Z /usr/bin/tar: ../../../../../usr/local/lib/android/sdk/platforms/android-36-ext18/data/res/values-zh-rHK: Cannot utime: Operation not permitted
build	Cache Android SDK	2026-06-06T12:22:53.2776018Z /usr/bin/tar: ../../../../../usr/local/lib/android/sdk/platforms/android-36-ext18/data/res/values-zh-rHK: Cannot change mode to rwxr-xr-x: Operation not permitted
build	Cache Android SDK	2026-06-06T12:22:53.2777022Z /usr/bin/tar: ../../../../../usr/local/lib/android/sdk/platforms/android-36-ext18/data/res/values-en-rIN-watch: Cannot utime: Operation not permitted
build	Cache Android SDK	2026-06-06T12:22:53.2778118Z /usr/bin/tar: ../../../../../usr/local/lib/android/sdk/platforms/android-36-ext18/data/res/values-en-rIN-watch: Cannot change mode to rwxr-xr-x: Operation not permitted
build	Cache Android SDK	2026-06-06T12:22:53.2779799Z /usr/bin/tar: ../../../../../usr/local/lib/android/sdk/platforms/android-36-ext18/data/res/values-mcc312-mnc670-am: Cannot utime: Operation not permitted
build	Cache Android SDK	2026-06-06T12:22:53.2780814Z /usr/bin/tar: ../../../../../usr/local/lib/android/sdk/platforms/android-36-ext18/data/res/values-mcc312-mnc670-am: Cannot change mode to rwxr-xr-x: Operation not permitted
build	Cache Android SDK	2026-06-06T12:22:53.2782547Z /usr/bin/tar: ../../../../../usr/local/lib/android/sdk/platforms/android-36-ext18/data/res/values-mcc310-mnc660-el: Cannot utime: Operation not permitted
build	Cache Android SDK	2026-06-06T12:22:53.2783530Z /usr/bin/tar: ../../../../../usr/local/lib/android/sdk/platforms/android-36-ext18/data/res/values-mcc310-mnc660-el: Cannot change mode to rwxr-xr-x: Operation not permitted
build	Cache Android SDK	2026-06-06T12:22:53.2785875Z /usr/bin/tar: ../../../../../usr/local/lib/android/sdk/platforms/android-36-ext18/data/res/values-mcc310-mnc310-vi: Cannot utime: Operation not permitted
build	Cache Android SDK	2026-06-06T12:22:53.2786870Z /usr/bin/tar: ../../../../../usr/local/lib/android/sdk/platforms/android-36-ext18/data/res/values-mcc310-mnc310-vi: Cannot change mode to rwxr-xr-x: Operation not permitted
build	Cache Android SDK	2026-06-06T12:22:53.2789259Z /usr/bin/tar: ../../../../../usr/local/lib/android/sdk/platforms/android-36-ext18/data/res/values-mcc310-mnc240-af: Cannot utime: Operation not permitted
build	Cache Android SDK	2026-06-06T12:22:53.2790219Z /usr/bin/tar: ../../../../../usr/local/lib/android/sdk/platforms/android-36-ext18/data/res/values-mcc310-mnc240-af: Cannot change mode to rwxr-xr-x: Operation not permitted
build	Cache Android SDK	2026-06-06T12:22:53.2791923Z /usr/bin/tar: ../../../../../usr/local/lib/android/sdk/platforms/android-36-ext18/data/res/values-mcc310-mnc490-uk: Cannot utime: Operation not permitted
build	Cache Android SDK	2026-06-06T12:22:53.2792870Z /usr/bin/tar: ../../../../../usr/local/lib/android/sdk/platforms/android-36-ext18/data/res/values-mcc310-mnc490-uk: Cannot change mode to rwxr-xr-x: Operation not permitted
build	Cache Android SDK	2026-06-06T12:22:53.2795178Z /usr/bin/tar: ../../../../../usr/local/lib/android/sdk/platforms/android-36-ext18/data/res/values-mcc310-mnc210-pa: Cannot utime: Operation not permitted
build	Cache Android SDK	2026-06-06T12:22:53.2796165Z /usr/bin/tar: ../../../../../usr/local/lib/android/sdk/platforms/android-36-ext18/data/res/values-mcc310-mnc210-pa: Cannot change mode to rwxr-xr-x: Operation not permitted
build	Cache Android SDK	2026-06-06T12:22:53.2798040Z /usr/bin/tar: ../../../../../usr/local/lib/android/sdk/platforms/android-36-ext18/data/res/values-mcc310-mnc380-ro: Cannot utime: Operation not permitted
build	Cache Android SDK	2026-06-06T12:22:53.2799008Z /usr/bin/tar: ../../../../../usr/local/lib/android/sdk/platforms/android-36-ext18/data/res/values-mcc310-mnc380-ro: Cannot change mode to rwxr-xr-x: Operation not permitted
build	Cache Android SDK	2026-06-06T12:22:53.2805569Z /usr/bin/tar: ../../../../../usr/local/lib/android/sdk/platforms/android-36-ext18/data/res/values-ta: Cannot utime: Operation not permitted
build	Cache Android SDK	2026-06-06T12:22:53.2807122Z /usr/bin/tar: ../../../../../usr/local/lib/android/sdk/platforms/android-36-ext18/data/res/values-ta: Cannot change mode to rwxr-xr-x: Operation not permitted
build	Cache Android SDK	2026-06-06T12:22:53.2809681Z /usr/bin/tar: ../../../../../usr/local/lib/android/sdk/platforms/android-36-ext18/data/res/values-mcc310-mnc800-ml: Cannot utime: Operation not permitted
build	Cache Android SDK	2026-06-06T12:22:53.2811126Z /usr/bin/tar: ../../../../../usr/local/lib/android/sdk/platforms/android-36-ext18/data/res/values-mcc310-mnc800-ml: Cannot change mode to rwxr-xr-x: Operation not permitted
build	Cache Android SDK	2026-06-06T12:22:53.2812521Z /usr/bin/tar: ../../../../../usr/local/lib/android/sdk/platforms/android-36-ext18/data/res/values-mcc313-mnc100-mr: Cannot utime: Operation not permitted
build	Cache Android SDK	2026-06-06T12:22:53.2813515Z /usr/bin/tar: ../../../../../usr/local/lib/android/sdk/platforms/android-36-ext18/data/res/values-mcc313-mnc100-mr: Cannot change mode to rwxr-xr-x: Operation not permitted
build	Cache Android SDK	2026-06-06T12:22:53.2815167Z /usr/bin/tar: ../../../../../usr/local/lib/android/sdk/platforms/android-36-ext18/data/res/values-mcc302-mnc370-sw: Cannot utime: Operation not permitted
build	Cache Android SDK	2026-06-06T12:22:53.2816236Z /usr/bin/tar: ../../../../../usr/local/lib/android/sdk/platforms/android-36-ext18/data/res/values-mcc302-mnc370-sw: Cannot change mode to rwxr-xr-x: Operation not permitted
build	Cache Android SDK	2026-06-06T12:22:53.2818319Z /usr/bin/tar: ../../../../../usr/local/lib/android/sdk/platforms/android-36-ext18/data/res/values-mcc302-mnc720-en-rAU: Cannot utime: Operation not permitted
build	Cache Android SDK	2026-06-06T12:22:53.2819402Z /usr/bin/tar: ../../../../../usr/local/lib/android/sdk/platforms/android-36-ext18/data/res/values-mcc302-mnc720-en-rAU: Cannot change mode to rwxr-xr-x: Operation not permitted
build	Cache Android SDK	2026-06-06T12:22:53.2825226Z /usr/bin/tar: ../../../../../usr/local/lib/android/sdk/platforms/android-36-ext18/data/res/values-pt: Cannot utime: Operation not permitted
build	Cache Android SDK	2026-06-06T12:22:53.2826559Z /usr/bin/tar: ../../../../../usr/local/lib/android/sdk/platforms/android-36-ext18/data/res/values-pt: Cannot change mode to rwxr-xr-x: Operation not permitted
build	Cache Android SDK	2026-06-06T12:22:53.2828180Z /usr/bin/tar: ../../../../../usr/local/lib/android/sdk/platforms/android-36-ext18/data/res/values-ur-watch: Cannot utime: Operation not permitted
build	Cache Android SDK	2026-06-06T12:22:53.2829563Z /usr/bin/tar: ../../../../../usr/local/lib/android/sdk/platforms/android-36-ext18/data/res/values-ur-watch: Cannot change mode to rwxr-xr-x: Operation not permitted
build	Cache Android SDK	2026-06-06T12:22:53.2831261Z /usr/bin/tar: ../../../../../usr/local/lib/android/sdk/platforms/android-36-ext18/data/res/values-mcc310-mnc310-lt: Cannot utime: Operation not permitted
build	Cache Android SDK	2026-06-06T12:22:53.2832259Z /usr/bin/tar: ../../../../../usr/local/lib/android/sdk/platforms/android-36-ext18/data/res/values-mcc310-mnc310-lt: Cannot change mode to rwxr-xr-x: Operation not permitted
build	Cache Android SDK	2026-06-06T12:22:53.2833976Z /usr/bin/tar: ../../../../../usr/local/lib/android/sdk/platforms/android-36-ext18/data/res/values-mcc310-mnc660-kk: Cannot utime: Operation not permitted
build	Cache Android SDK	2026-06-06T12:22:53.2834957Z /usr/bin/tar: ../../../../../usr/local/lib/android/sdk/platforms/android-36-ext18/data/res/values-mcc310-mnc660-kk: Cannot change mode to rwxr-xr-x: Operation not permitted
build	Cache Android SDK	2026-06-06T12:22:53.2836471Z /usr/bin/tar: ../../../../../usr/local/lib/android/sdk/platforms/android-36-ext18/data/res/values-cs-rCZ: Cannot utime: Operation not permitted
build	Cache Android SDK	2026-06-06T12:22:53.2837604Z /usr/bin/tar: ../../../../../usr/local/lib/android/sdk/platforms/android-36-ext18/data/res/values-cs-rCZ: Cannot change mode to rwxr-xr-x: Operation not permitted
build	Cache Android SDK	2026-06-06T12:22:53.2839428Z /usr/bin/tar: ../../../../../usr/local/lib/android/sdk/platforms/android-36-ext18/data/res/values-mcc450-mnc05: Cannot utime: Operation not permitted
build	Cache Android SDK	2026-06-06T12:22:53.2840484Z /usr/bin/tar: ../../../../../usr/local/lib/android/sdk/platforms/android-36-ext18/data/res/values-mcc450-mnc05: Cannot change mode to rwxr-xr-x: Operation not permitted
build	Cache Android SDK	2026-06-06T12:22:53.2842867Z /usr/bin/tar: ../../../../../usr/local/lib/android/sdk/platforms/android-36-ext18/data/res/values-mcc313-mnc100-vi: Cannot utime: Operation not permitted
build	Cache Android SDK	2026-06-06T12:22:53.2844383Z /usr/bin/tar: ../../../../../usr/local/lib/android/sdk/platforms/android-36-ext18/data/res/values-mcc313-mnc100-vi: Cannot change mode to rwxr-xr-x: Operation not permitted
build	Cache Android SDK	2026-06-06T12:22:53.2846042Z /usr/bin/tar: ../../../../../usr/local/lib/android/sdk/platforms/android-36-ext18/data/res/values-it-television: Cannot utime: Operation not permitted
build	Cache Android SDK	2026-06-06T12:22:53.2847579Z /usr/bin/tar: ../../../../../usr/local/lib/android/sdk/platforms/android-36-ext18/data/res/values-it-television: Cannot change mode to rwxr-xr-x: Operation not permitted
build	Cache Android SDK	2026-06-06T12:22:53.2849126Z /usr/bin/tar: ../../../../../usr/local/lib/android/sdk/platforms/android-36-ext18/data/res/values-mcc310-mnc950-as: Cannot utime: Operation not permitted
build	Cache Android SDK	2026-06-06T12:22:53.2850084Z /usr/bin/tar: ../../../../../usr/local/lib/android/sdk/platforms/android-36-ext18/data/res/values-mcc310-mnc950-as: Cannot change mode to rwxr-xr-x: Operation not permitted
build	Cache Android SDK	2026-06-06T12:22:53.2852881Z /usr/bin/tar: ../../../../../usr/local/lib/android/sdk/platforms/android-36-ext18/data/res/values-mcc302-mnc370-lt: Cannot utime: Operation not permitted
build	Cache Android SDK	2026-06-06T12:22:53.2854082Z /usr/bin/tar: ../../../../../usr/local/lib/android/sdk/platforms/android-36-ext18/data/res/values-mcc302-mnc370-lt: Cannot change mode to rwxr-xr-x: Operation not permitted
build	Cache Android SDK	2026-06-06T12:22:53.2856437Z /usr/bin/tar: ../../../../../usr/local/lib/android/sdk/platforms/android-36-ext18/data/res/values-mcc310-mnc230-ky: Cannot utime: Operation not permitted
build	Cache Android SDK	2026-06-06T12:22:53.2857605Z /usr/bin/tar: ../../../../../usr/local/lib/android/sdk/platforms/android-36-ext18/data/res/values-mcc310-mnc230-ky: Cannot change mode to rwxr-xr-x: Operation not permitted
build	Cache Android SDK	2026-06-06T12:22:53.2860083Z /usr/bin/tar: ../../../../../usr/local/lib/android/sdk/platforms/android-36-ext18/data/res/values-mcc310-mnc210-sw: Cannot utime: Operation not permitted
build	Cache Android SDK	2026-06-06T12:22:53.2861041Z /usr/bin/tar: ../../../../../usr/local/lib/android/sdk/platforms/android-36-ext18/data/res/values-mcc310-mnc210-sw: Cannot change mode to rwxr-xr-x: Operation not permitted
build	Cache Android SDK	2026-06-06T12:22:53.2862957Z /usr/bin/tar: ../../../../../usr/local/lib/android/sdk/platforms/android-36-ext18/data/res/values-mcc310-mnc490-hr: Cannot utime: Operation not permitted
build	Cache Android SDK	2026-06-06T12:22:53.2863918Z /usr/bin/tar: ../../../../../usr/local/lib/android/sdk/platforms/android-36-ext18/data/res/values-mcc310-mnc490-hr: Cannot change mode to rwxr-xr-x: Operation not permitted
build	Cache Android SDK	2026-06-06T12:22:53.2866151Z /usr/bin/tar: ../../../../../usr/local/lib/android/sdk/platforms/android-36-ext18/data/res/values-mcc310-mnc410-az: Cannot utime: Operation not permitted
build	Cache Android SDK	2026-06-06T12:22:53.2867113Z /usr/bin/tar: ../../../../../usr/local/lib/android/sdk/platforms/android-36-ext18/data/res/values-mcc310-mnc410-az: Cannot change mode to rwxr-xr-x: Operation not permitted
build	Cache Android SDK	2026-06-06T12:22:53.2869254Z /usr/bin/tar: ../../../../../usr/local/lib/android/sdk/platforms/android-36-ext18/data/res/values-mcc310-mnc380-kn: Cannot utime: Operation not permitted
build	Cache Android SDK	2026-06-06T12:22:53.2870232Z /usr/bin/tar: ../../../../../usr/local/lib/android/sdk/platforms/android-36-ext18/data/res/values-mcc310-mnc380-kn: Cannot change mode to rwxr-xr-x: Operation not permitted
build	Cache Android SDK	2026-06-06T12:22:53.2872571Z /usr/bin/tar: ../../../../../usr/local/lib/android/sdk/platforms/android-36-ext18/data/res/values-mcc310-mnc150-mn: Cannot utime: Operation not permitted
build	Cache Android SDK	2026-06-06T12:22:53.2873623Z /usr/bin/tar: ../../../../../usr/local/lib/android/sdk/platforms/android-36-ext18/data/res/values-mcc310-mnc150-mn: Cannot change mode to rwxr-xr-x: Operation not permitted
build	Cache Android SDK	2026-06-06T12:22:53.2875606Z /usr/bin/tar: ../../../../../usr/local/lib/android/sdk/platforms/android-36-ext18/data/res/values-mcc310-mnc150-mr: Cannot utime: Operation not permitted
build	Cache Android SDK	2026-06-06T12:22:53.2876639Z /usr/bin/tar: ../../../../../usr/local/lib/android/sdk/platforms/android-36-ext18/data/res/values-mcc310-mnc150-mr: Cannot change mode to rwxr-xr-x: Operation not permitted
build	Cache Android SDK	2026-06-06T12:22:53.2879215Z /usr/bin/tar: ../../../../../usr/local/lib/android/sdk/platforms/android-36-ext18/data/res/values-mcc310-mnc220-ca: Cannot utime: Operation not permitted
build	Cache Android SDK	2026-06-06T12:22:53.2880341Z /usr/bin/tar: ../../../../../usr/local/lib/android/sdk/platforms/android-36-ext18/data/res/values-mcc310-mnc220-ca: Cannot change mode to rwxr-xr-x: Operation not permitted
build	Cache Android SDK	2026-06-06T12:22:53.2882395Z /usr/bin/tar: ../../../../../usr/local/lib/android/sdk/platforms/android-36-ext18/data/res/values-mcc310-mnc490-hu: Cannot utime: Operation not permitted
build	Cache Android SDK	2026-06-06T12:22:53.2883453Z /usr/bin/tar: ../../../../../usr/local/lib/android/sdk/platforms/android-36-ext18/data/res/values-mcc310-mnc490-hu: Cannot change mode to rwxr-xr-x: Operation not permitted
build	Cache Android SDK	2026-06-06T12:22:53.2885493Z /usr/bin/tar: ../../../../../usr/local/lib/android/sdk/platforms/android-36-ext18/data/res/values-mcc310-mnc310-it: Cannot utime: Operation not permitted
build	Cache Android SDK	2026-06-06T12:22:53.2886536Z /usr/bin/tar: ../../../../../usr/local/lib/android/sdk/platforms/android-36-ext18/data/res/values-mcc310-mnc310-it: Cannot change mode to rwxr-xr-x: Operation not permitted
build	Cache Android SDK	2026-06-06T12:22:53.2888804Z /usr/bin/tar: ../../../../../usr/local/lib/android/sdk/platforms/android-36-ext18/data/res/values-mcc310-mnc220-zh-rCN: Cannot utime: Operation not permitted
build	Cache Android SDK	2026-06-06T12:22:53.2889908Z /usr/bin/tar: ../../../../../usr/local/lib/android/sdk/platforms/android-36-ext18/data/res/values-mcc310-mnc220-zh-rCN: Cannot change mode to rwxr-xr-x: Operation not permitted
build	Cache Android SDK	2026-06-06T12:22:53.2891967Z /usr/bin/tar: ../../../../../usr/local/lib/android/sdk/platforms/android-36-ext18/data/res/values-mcc311-mnc180-ro: Cannot utime: Operation not permitted
build	Cache Android SDK	2026-06-06T12:22:53.2893022Z /usr/bin/tar: ../../../../../usr/local/lib/android/sdk/platforms/android-36-ext18/data/res/values-mcc311-mnc180-ro: Cannot change mode to rwxr-xr-x: Operation not permitted
build	Cache Android SDK	2026-06-06T12:22:53.2897276Z /usr/bin/tar: ../../../../../usr/local/lib/android/sdk/platforms/android-36-ext18/data/res/values-es-rMX: Cannot utime: Operation not permitted
build	Cache Android SDK	2026-06-06T12:22:53.2898381Z /usr/bin/tar: ../../../../../usr/local/lib/android/sdk/platforms/android-36-ext18/data/res/values-es-rMX: Cannot change mode to rwxr-xr-x: Operation not permitted
build	Cache Android SDK	2026-06-06T12:22:53.2903177Z /usr/bin/tar: ../../../../../usr/local/lib/android/sdk/platforms/android-36-ext18/data/res/values-hy: Cannot utime: Operation not permitted
build	Cache Android SDK	2026-06-06T12:22:53.2904258Z /usr/bin/tar: ../../../../../usr/local/lib/android/sdk/platforms/android-36-ext18/data/res/values-hy: Cannot change mode to rwxr-xr-x: Operation not permitted
build	Cache Android SDK	2026-06-06T12:22:53.2906347Z /usr/bin/tar: ../../../../../usr/local/lib/android/sdk/platforms/android-36-ext18/data/res/values-mcc310-mnc950-en-rAU: Cannot utime: Operation not permitted
build	Cache Android SDK	2026-06-06T12:22:53.2907611Z /usr/bin/tar: ../../../../../usr/local/lib/android/sdk/platforms/android-36-ext18/data/res/values-mcc310-mnc950-en-rAU: Cannot change mode to rwxr-xr-x: Operation not permitted
build	Cache Android SDK	2026-06-06T12:22:53.2910271Z /usr/bin/tar: ../../../../../usr/local/lib/android/sdk/platforms/android-36-ext18/data/res/values-mcc302-mnc370-it: Cannot utime: Operation not permitted
build	Cache Android SDK	2026-06-06T12:22:53.2911258Z /usr/bin/tar: ../../../../../usr/local/lib/android/sdk/platforms/android-36-ext18/data/res/values-mcc302-mnc370-it: Cannot change mode to rwxr-xr-x: Operation not permitted
build	Cache Android SDK	2026-06-06T12:22:53.2914516Z /usr/bin/tar: ../../../../../usr/local/lib/android/sdk/platforms/android-36-ext18/data/res/values-sw720dp: Cannot utime: Operation not permitted
build	Cache Android SDK	2026-06-06T12:22:53.2915424Z /usr/bin/tar: ../../../../../usr/local/lib/android/sdk/platforms/android-36-ext18/data/res/values-sw720dp: Cannot change mode to rwxr-xr-x: Operation not permitted
build	Cache Android SDK	2026-06-06T12:22:53.2917736Z /usr/bin/tar: ../../../../../usr/local/lib/android/sdk/platforms/android-36-ext18/data/res/layout-notround-watch: Cannot utime: Operation not permitted
build	Cache Android SDK	2026-06-06T12:22:53.2918686Z /usr/bin/tar: ../../../../../usr/local/lib/android/sdk/platforms/android-36-ext18/data/res/layout-notround-watch: Cannot change mode to rwxr-xr-x: Operation not permitted
build	Cache Android SDK	2026-06-06T12:22:53.2920872Z /usr/bin/tar: ../../../../../usr/local/lib/android/sdk/platforms/android-36-ext18/data/res/values-mcc310-mnc220-af: Cannot utime: Operation not permitted
build	Cache Android SDK	2026-06-06T12:22:53.2921900Z /usr/bin/tar: ../../../../../usr/local/lib/android/sdk/platforms/android-36-ext18/data/res/values-mcc310-mnc220-af: Cannot change mode to rwxr-xr-x: Operation not permitted
build	Cache Android SDK	2026-06-06T12:22:53.2923850Z /usr/bin/tar: ../../../../../usr/local/lib/android/sdk/platforms/android-36-ext18/data/res/values-mcc310-mnc270-cs: Cannot utime: Operation not permitted
build	Cache Android SDK	2026-06-06T12:22:53.2924811Z /usr/bin/tar: ../../../../../usr/local/lib/android/sdk/platforms/android-36-ext18/data/res/values-mcc310-mnc270-cs: Cannot change mode to rwxr-xr-x: Operation not permitted
build	Cache Android SDK	2026-06-06T12:22:53.2926916Z /usr/bin/tar: ../../../../../usr/local/lib/android/sdk/platforms/android-36-ext18/data/res/values-mcc310-mnc490-kn: Cannot utime: Operation not permitted
build	Cache Android SDK	2026-06-06T12:22:53.2928089Z /usr/bin/tar: ../../../../../usr/local/lib/android/sdk/platforms/android-36-ext18/data/res/values-mcc310-mnc490-kn: Cannot change mode to rwxr-xr-x: Operation not permitted
build	Cache Android SDK	2026-06-06T12:22:53.2930012Z /usr/bin/tar: ../../../../../usr/local/lib/android/sdk/platforms/android-36-ext18/data/res/values-mcc310-mnc660-pl: Cannot utime: Operation not permitted
build	Cache Android SDK	2026-06-06T12:22:53.2930964Z /usr/bin/tar: ../../../../../usr/local/lib/android/sdk/platforms/android-36-ext18/data/res/values-mcc310-mnc660-pl: Cannot change mode to rwxr-xr-x: Operation not permitted
build	Cache Android SDK	2026-06-06T12:22:53.2932985Z /usr/bin/tar: ../../../../../usr/local/lib/android/sdk/platforms/android-36-ext18/data/res/values-mcc312-mnc670-te: Cannot utime: Operation not permitted
build	Cache Android SDK	2026-06-06T12:22:53.2933927Z /usr/bin/tar: ../../../../../usr/local/lib/android/sdk/platforms/android-36-ext18/data/res/values-mcc312-mnc670-te: Cannot change mode to rwxr-xr-x: Operation not permitted
build	Cache Android SDK	2026-06-06T12:22:53.2935889Z /usr/bin/tar: ../../../../../usr/local/lib/android/sdk/platforms/android-36-ext18/data/res/values-mcc310-mnc160-hr: Cannot utime: Operation not permitted
build	Cache Android SDK	2026-06-06T12:22:53.2936848Z /usr/bin/tar: ../../../../../usr/local/lib/android/sdk/platforms/android-36-ext18/data/res/values-mcc310-mnc160-hr: Cannot change mode to rwxr-xr-x: Operation not permitted
build	Cache Android SDK	2026-06-06T12:22:53.2939116Z /usr/bin/tar: ../../../../../usr/local/lib/android/sdk/platforms/android-36-ext18/data/res/values-mcc310-mnc800-af: Cannot utime: Operation not permitted
build	Cache Android SDK	2026-06-06T12:22:53.2940088Z /usr/bin/tar: ../../../../../usr/local/lib/android/sdk/platforms/android-36-ext18/data/res/values-mcc310-mnc800-af: Cannot change mode to rwxr-xr-x: Operation not permitted
build	Cache Android SDK	2026-06-06T12:22:53.2942138Z /usr/bin/tar: ../../../../../usr/local/lib/android/sdk/platforms/android-36-ext18/data/res/values-mcc310-mnc310-nl: Cannot utime: Operation not permitted
build	Cache Android SDK	2026-06-06T12:22:53.2943088Z /usr/bin/tar: ../../../../../usr/local/lib/android/sdk/platforms/android-36-ext18/data/res/values-mcc310-mnc310-nl: Cannot change mode to rwxr-xr-x: Operation not permitted
build	Cache Android SDK	2026-06-06T12:22:53.2945221Z /usr/bin/tar: ../../../../../usr/local/lib/android/sdk/platforms/android-36-ext18/data/res/values-sv-rSE: Cannot utime: Operation not permitted
build	Cache Android SDK	2026-06-06T12:22:53.2946127Z /usr/bin/tar: ../../../../../usr/local/lib/android/sdk/platforms/android-36-ext18/data/res/values-sv-rSE: Cannot change mode to rwxr-xr-x: Operation not permitted
build	Cache Android SDK	2026-06-06T12:22:53.2948757Z /usr/bin/tar: ../../../../../usr/local/lib/android/sdk/platforms/android-36-ext18/data/res/values-mcc310-mnc170-hu: Cannot utime: Operation not permitted
build	Cache Android SDK	2026-06-06T12:22:53.2950481Z /usr/bin/tar: ../../../../../usr/local/lib/android/sdk/platforms/android-36-ext18/data/res/values-mcc310-mnc170-hu: Cannot change mode to rwxr-xr-x: Operation not permitted
build	Cache Android SDK	2026-06-06T12:22:53.2952098Z /usr/bin/tar: ../../../../../usr/local/lib/android/sdk/platforms/android-36-ext18/data/res/values-mcc302-mnc720-tl: Cannot utime: Operation not permitted
build	Cache Android SDK	2026-06-06T12:22:53.2953335Z /usr/bin/tar: ../../../../../usr/local/lib/android/sdk/platforms/android-36-ext18/data/res/values-mcc302-mnc720-tl: Cannot change mode to rwxr-xr-x: Operation not permitted
build	Cache Android SDK	2026-06-06T12:22:53.2956337Z /usr/bin/tar: ../../../../../usr/local/lib/android/sdk/platforms/android-36-ext18/data/res/values-mcc001-mnc01-nb: Cannot utime: Operation not permitted
build	Cache Android SDK	2026-06-06T12:22:53.2957319Z /usr/bin/tar: ../../../../../usr/local/lib/android/sdk/platforms/android-36-ext18/data/res/values-mcc001-mnc01-nb: Cannot change mode to rwxr-xr-x: Operation not permitted
build	Cache Android SDK	2026-06-06T12:22:53.2960585Z /usr/bin/tar: ../../../../../usr/local/lib/android/sdk/platforms/android-36-ext18/data/res/values-mcc310-mnc150-tr: Cannot utime: Operation not permitted
build	Cache Android SDK	2026-06-06T12:22:53.2961742Z /usr/bin/tar: ../../../../../usr/local/lib/android/sdk/platforms/android-36-ext18/data/res/values-mcc310-mnc150-tr: Cannot change mode to rwxr-xr-x: Operation not permitted
build	Cache Android SDK	2026-06-06T12:22:53.2963443Z /usr/bin/tar: ../../../../../usr/local/lib/android/sdk/platforms/android-36-ext18/data/res/values-mcc310-mnc160-da: Cannot utime: Operation not permitted
build	Cache Android SDK	2026-06-06T12:22:53.2964517Z /usr/bin/tar: ../../../../../usr/local/lib/android/sdk/platforms/android-36-ext18/data/res/values-mcc310-mnc160-da: Cannot change mode to rwxr-xr-x: Operation not permitted
build	Cache Android SDK	2026-06-06T12:22:53.2966693Z /usr/bin/tar: ../../../../../usr/local/lib/android/sdk/platforms/android-36-ext18/data/res/values-mcc310-mnc240-lo: Cannot utime: Operation not permitted
build	Cache Android SDK	2026-06-06T12:22:53.2968038Z /usr/bin/tar: ../../../../../usr/local/lib/android/sdk/platforms/android-36-ext18/data/res/values-mcc310-mnc240-lo: Cannot change mode to rwxr-xr-x: Operation not permitted
build	Cache Android SDK	2026-06-06T12:22:53.2970753Z /usr/bin/tar: ../../../../../usr/local/lib/android/sdk/platforms/android-36-ext18/data/res/values-mcc310-mnc250-eu: Cannot utime: Operation not permitted
build	Cache Android SDK	2026-06-06T12:22:53.2972324Z /usr/bin/tar: ../../../../../usr/local/lib/android/sdk/platforms/android-36-ext18/data/res/values-mcc310-mnc250-eu: Cannot change mode to rwxr-xr-x: Operation not permitted
build	Cache Android SDK	2026-06-06T12:22:53.2974440Z /usr/bin/tar: ../../../../../usr/local/lib/android/sdk/platforms/android-36-ext18/data/res/raw-hu: Cannot utime: Operation not permitted
build	Cache Android SDK	2026-06-06T12:22:53.2975799Z /usr/bin/tar: ../../../../../usr/local/lib/android/sdk/platforms/android-36-ext18/data/res/raw-hu: Cannot change mode to rwxr-xr-x: Operation not permitted
build	Cache Android SDK	2026-06-06T12:22:53.2978244Z /usr/bin/tar: ../../../../../usr/local/lib/android/sdk/platforms/android-36-ext18/data/res/values-mcc302-mnc370-nb: Cannot utime: Operation not permitted
build	Cache Android SDK	2026-06-06T12:22:53.2979727Z /usr/bin/tar: ../../../../../usr/local/lib/android/sdk/platforms/android-36-ext18/data/res/values-mcc302-mnc370-nb: Cannot change mode to rwxr-xr-x: Operation not permitted
build	Cache Android SDK	2026-06-06T12:22:53.2982203Z /usr/bin/tar: ../../../../../usr/local/lib/android/sdk/platforms/android-36-ext18/data/res/values-pt-rBR-watch: Cannot utime: Operation not permitted
build	Cache Android SDK	2026-06-06T12:22:53.2983677Z /usr/bin/tar: ../../../../../usr/local/lib/android/sdk/platforms/android-36-ext18/data/res/values-pt-rBR-watch: Cannot change mode to rwxr-xr-x: Operation not permitted
build	Cache Android SDK	2026-06-06T12:22:53.2987305Z /usr/bin/tar: ../../../../../usr/local/lib/android/sdk/platforms/android-36-ext18/data/res/values-mcc310-mnc150-pt-rBR: Cannot utime: Operation not permitted
build	Cache Android SDK	2026-06-06T12:22:53.2989130Z /usr/bin/tar: ../../../../../usr/local/lib/android/sdk/platforms/android-36-ext18/data/res/values-mcc310-mnc150-pt-rBR: Cannot change mode to rwxr-xr-x: Operation not permitted
build	Cache Android SDK	2026-06-06T12:22:53.2990734Z /usr/bin/tar: ../../../../../usr/local/lib/android/sdk/platforms/android-36-ext18/data/res/values-mcc310-mnc660-b+sr+Latn: Cannot utime: Operation not permitted
build	Cache Android SDK	2026-06-06T12:22:53.2992177Z /usr/bin/tar: ../../../../../usr/local/lib/android/sdk/platforms/android-36-ext18/data/res/values-mcc310-mnc660-b+sr+Latn: Cannot change mode to rwxr-xr-x: Operation not permitted
build	Cache Android SDK	2026-06-06T12:22:53.3010834Z /usr/bin/tar: ../../../../../usr/local/lib/android/sdk/platforms/android-36-ext18/data/res/interpolator: Cannot utime: Operation not permitted
build	Cache Android SDK	2026-06-06T12:22:53.3012060Z /usr/bin/tar: ../../../../../usr/local/lib/android/sdk/platforms/android-36-ext18/data/res/interpolator: Cannot change mode to rwxr-xr-x: Operation not permitted
build	Cache Android SDK	2026-06-06T12:22:53.3013826Z /usr/bin/tar: ../../../../../usr/local/lib/android/sdk/platforms/android-36-ext18/data/res/values-mcc310-mnc030-ar: Cannot utime: Operation not permitted
build	Cache Android SDK	2026-06-06T12:22:53.3014807Z /usr/bin/tar: ../../../../../usr/local/lib/android/sdk/platforms/android-36-ext18/data/res/values-mcc310-mnc030-ar: Cannot change mode to rwxr-xr-x: Operation not permitted
build	Cache Android SDK	2026-06-06T12:22:53.3017548Z /usr/bin/tar: ../../../../../usr/local/lib/android/sdk/platforms/android-36-ext18/data/res/values-es-rUS-watch: Cannot utime: Operation not permitted
build	Cache Android SDK	2026-06-06T12:22:53.3018529Z /usr/bin/tar: ../../../../../usr/local/lib/android/sdk/platforms/android-36-ext18/data/res/values-es-rUS-watch: Cannot change mode to rwxr-xr-x: Operation not permitted
build	Cache Android SDK	2026-06-06T12:22:53.3021019Z /usr/bin/tar: ../../../../../usr/local/lib/android/sdk/platforms/android-36-ext18/data/res/values-gl-television: Cannot utime: Operation not permitted
build	Cache Android SDK	2026-06-06T12:22:53.3022069Z /usr/bin/tar: ../../../../../usr/local/lib/android/sdk/platforms/android-36-ext18/data/res/values-gl-television: Cannot change mode to rwxr-xr-x: Operation not permitted
build	Cache Android SDK	2026-06-06T12:22:53.3025080Z /usr/bin/tar: ../../../../../usr/local/lib/android/sdk/platforms/android-36-ext18/data/res/values-w227dp: Cannot utime: Operation not permitted
build	Cache Android SDK	2026-06-06T12:22:53.3026807Z /usr/bin/tar: ../../../../../usr/local/lib/android/sdk/platforms/android-36-ext18/data/res/values-w227dp: Cannot change mode to rwxr-xr-x: Operation not permitted
build	Cache Android SDK	2026-06-06T12:22:53.3028595Z /usr/bin/tar: ../../../../../usr/local/lib/android/sdk/platforms/android-36-ext18/data/res/values-mcc310-mnc160-in: Cannot utime: Operation not permitted
build	Cache Android SDK	2026-06-06T12:22:53.3037105Z /usr/bin/tar: ../../../../../usr/local/lib/android/sdk/platforms/android-36-ext18/data/res/values-mcc310-mnc160-in: Cannot change mode to rwxr-xr-x: Operation not permitted
build	Cache Android SDK	2026-06-06T12:22:53.3038597Z /usr/bin/tar: ../../../../../usr/local/lib/android/sdk/platforms/android-36-ext18/data/res/values-mcc310-mnc280-lt: Cannot utime: Operation not permitted
build	Cache Android SDK	2026-06-06T12:22:53.3040143Z /usr/bin/tar: ../../../../../usr/local/lib/android/sdk/platforms/android-36-ext18/data/res/values-mcc310-mnc280-lt: Cannot change mode to rwxr-xr-x: Operation not permitted
build	Cache Android SDK	2026-06-06T12:22:53.3041121Z /usr/bin/tar: ../../../../../usr/local/lib/android/sdk/platforms/android-36-ext18/data/res/values-mcc310-mnc230-fr-rCA: Cannot utime: Operation not permitted
build	Cache Android SDK	2026-06-06T12:22:53.3043291Z /usr/bin/tar: ../../../../../usr/local/lib/android/sdk/platforms/android-36-ext18/data/res/values-mcc310-mnc230-fr-rCA: Cannot change mode to rwxr-xr-x: Operation not permitted
build	Cache Android SDK	2026-06-06T12:22:53.3045097Z /usr/bin/tar: ../../../../../usr/local/lib/android/sdk/platforms/android-36-ext18/data/res/values-mcc310-mnc170-ar: Cannot utime: Operation not permitted
build	Cache Android SDK	2026-06-06T12:22:53.3046520Z /usr/bin/tar: ../../../../../usr/local/lib/android/sdk/platforms/android-36-ext18/data/res/values-mcc310-mnc170-ar: Cannot change mode to rwxr-xr-x: Operation not permitted
build	Cache Android SDK	2026-06-06T12:22:53.3048321Z /usr/bin/tar: ../../../../../usr/local/lib/android/sdk/platforms/android-36-ext18/data/res/values-sl: Cannot utime: Operation not permitted
build	Cache Android SDK	2026-06-06T12:22:53.3049359Z /usr/bin/tar: ../../../../../usr/local/lib/android/sdk/platforms/android-36-ext18/data/res/values-sl: Cannot change mode to rwxr-xr-x: Operation not permitted
build	Cache Android SDK	2026-06-06T12:22:53.3052543Z /usr/bin/tar: ../../../../../usr/local/lib/android/sdk/platforms/android-36-ext18/data/res/values-mcc310-mnc030-da: Cannot utime: Operation not permitted
build	Cache Android SDK	2026-06-06T12:22:53.3053502Z /usr/bin/tar: ../../../../../usr/local/lib/android/sdk/platforms/android-36-ext18/data/res/values-mcc310-mnc030-da: Cannot change mode to rwxr-xr-x: Operation not permitted
build	Cache Android SDK	2026-06-06T12:22:53.3055921Z /usr/bin/tar: ../../../../../usr/local/lib/android/sdk/platforms/android-36-ext18/data/res/values-mcc510-mnc08: Cannot utime: Operation not permitted
build	Cache Android SDK	2026-06-06T12:22:53.3057631Z /usr/bin/tar: ../../../../../usr/local/lib/android/sdk/platforms/android-36-ext18/data/res/values-mcc510-mnc08: Cannot change mode to rwxr-xr-x: Operation not permitted
build	Cache Android SDK	2026-06-06T12:22:53.3059750Z /usr/bin/tar: ../../../../../usr/local/lib/android/sdk/platforms/android-36-ext18/data/res/values-fa-rIR: Cannot utime: Operation not permitted
build	Cache Android SDK	2026-06-06T12:22:53.3061081Z /usr/bin/tar: ../../../../../usr/local/lib/android/sdk/platforms/android-36-ext18/data/res/values-fa-rIR: Cannot change mode to rwxr-xr-x: Operation not permitted
build	Cache Android SDK	2026-06-06T12:22:53.3064058Z /usr/bin/tar: ../../../../../usr/local/lib/android/sdk/platforms/android-36-ext18/data/res/values-en-rZA: Cannot utime: Operation not permitted
build	Cache Android SDK	2026-06-06T12:22:53.3065539Z /usr/bin/tar: ../../../../../usr/local/lib/android/sdk/platforms/android-36-ext18/data/res/values-en-rZA: Cannot change mode to rwxr-xr-x: Operation not permitted
build	Cache Android SDK	2026-06-06T12:22:53.3067145Z /usr/bin/tar: ../../../../../usr/local/lib/android/sdk/platforms/android-36-ext18/data/res/values-mcc310-mnc310-en-rGB: Cannot utime: Operation not permitted
build	Cache Android SDK	2026-06-06T12:22:53.3068578Z /usr/bin/tar: ../../../../../usr/local/lib/android/sdk/platforms/android-36-ext18/data/res/values-mcc310-mnc310-en-rGB: Cannot change mode to rwxr-xr-x: Operation not permitted
build	Cache Android SDK	2026-06-06T12:22:53.3070519Z /usr/bin/tar: ../../../../../usr/local/lib/android/sdk/platforms/android-36-ext18/data/res/values-mcc310-mnc270-tr: Cannot utime: Operation not permitted
build	Cache Android SDK	2026-06-06T12:22:53.3071670Z /usr/bin/tar: ../../../../../usr/local/lib/android/sdk/platforms/android-36-ext18/data/res/values-mcc310-mnc270-tr: Cannot change mode to rwxr-xr-x: Operation not permitted
build	Cache Android SDK	2026-06-06T12:22:53.3074852Z /usr/bin/tar: ../../../../../usr/local/lib/android/sdk/platforms/android-36-ext18/data/res/values-mcc312-mnc670-vi: Cannot utime: Operation not permitted
build	Cache Android SDK	2026-06-06T12:22:53.3076375Z /usr/bin/tar: ../../../../../usr/local/lib/android/sdk/platforms/android-36-ext18/data/res/values-mcc312-mnc670-vi: Cannot change mode to rwxr-xr-x: Operation not permitted
build	Cache Android SDK	2026-06-06T12:22:53.3077955Z /usr/bin/tar: ../../../../../usr/local/lib/android/sdk/platforms/android-36-ext18/data/res/values-mcc310-mnc200-tl: Cannot utime: Operation not permitted
build	Cache Android SDK	2026-06-06T12:22:53.3078966Z /usr/bin/tar: ../../../../../usr/local/lib/android/sdk/platforms/android-36-ext18/data/res/values-mcc310-mnc200-tl: Cannot change mode to rwxr-xr-x: Operation not permitted
build	Cache Android SDK	2026-06-06T12:22:53.3081023Z /usr/bin/tar: ../../../../../usr/local/lib/android/sdk/platforms/android-36-ext18/data/res/values-mcc311-mnc180-az: Cannot utime: Operation not permitted
build	Cache Android SDK	2026-06-06T12:22:53.3081974Z /usr/bin/tar: ../../../../../usr/local/lib/android/sdk/platforms/android-36-ext18/data/res/values-mcc311-mnc180-az: Cannot change mode to rwxr-xr-x: Operation not permitted
build	Cache Android SDK	2026-06-06T12:22:53.3083997Z /usr/bin/tar: ../../../../../usr/local/lib/android/sdk/platforms/android-36-ext18/data/res/values-mcc310-mnc800-ky: Cannot utime: Operation not permitted
build	Cache Android SDK	2026-06-06T12:22:53.3084961Z /usr/bin/tar: ../../../../../usr/local/lib/android/sdk/platforms/android-36-ext18/data/res/values-mcc310-mnc800-ky: Cannot change mode to rwxr-xr-x: Operation not permitted
build	Cache Android SDK	2026-06-06T12:22:53.3087456Z /usr/bin/tar: ../../../../../usr/local/lib/android/sdk/platforms/android-36-ext18/data/res/values-mcc310-mnc170-da: Cannot utime: Operation not permitted
build	Cache Android SDK	2026-06-06T12:22:53.3088570Z /usr/bin/tar: ../../../../../usr/local/lib/android/sdk/platforms/android-36-ext18/data/res/values-mcc310-mnc170-da: Cannot change mode to rwxr-xr-x: Operation not permitted
build	Cache Android SDK	2026-06-06T12:22:53.3091568Z /usr/bin/tar: ../../../../../usr/local/lib/android/sdk/platforms/android-36-ext18/data/res/values-mcc310-mnc280-hu: Cannot utime: Operation not permitted
build	Cache Android SDK	2026-06-06T12:22:53.3092518Z /usr/bin/tar: ../../../../../usr/local/lib/android/sdk/platforms/android-36-ext18/data/res/values-mcc310-mnc280-hu: Cannot change mode to rwxr-xr-x: Operation not permitted
build	Cache Android SDK	2026-06-06T12:22:53.3094214Z /usr/bin/tar: ../../../../../usr/local/lib/android/sdk/platforms/android-36-ext18/data/res/values-es-rHN: Cannot utime: Operation not permitted
build	Cache Android SDK	2026-06-06T12:22:53.3095207Z /usr/bin/tar: ../../../../../usr/local/lib/android/sdk/platforms/android-36-ext18/data/res/values-es-rHN: Cannot change mode to rwxr-xr-x: Operation not permitted
build	Cache Android SDK	2026-06-06T12:22:53.3097914Z /usr/bin/tar: ../../../../../usr/local/lib/android/sdk/platforms/android-36-ext18/data/res/values-mcc310-mnc200-en-rIN: Cannot utime: Operation not permitted
build	Cache Android SDK	2026-06-06T12:22:53.3098960Z /usr/bin/tar: ../../../../../usr/local/lib/android/sdk/platforms/android-36-ext18/data/res/values-mcc310-mnc200-en-rIN: Cannot change mode to rwxr-xr-x: Operation not permitted
build	Cache Android SDK	2026-06-06T12:22:53.3100585Z /usr/bin/tar: ../../../../../usr/local/lib/android/sdk/platforms/android-36-ext18/data/res/values-mcc310-mnc280-ko: Cannot utime: Operation not permitted
build	Cache Android SDK	2026-06-06T12:22:53.3101548Z /usr/bin/tar: ../../../../../usr/local/lib/android/sdk/platforms/android-36-ext18/data/res/values-mcc310-mnc280-ko: Cannot change mode to rwxr-xr-x: Operation not permitted
build	Cache Android SDK	2026-06-06T12:22:53.3103946Z /usr/bin/tar: ../../../../../usr/local/lib/android/sdk/platforms/android-36-ext18/data/res/values-mcc310-mnc490-en-rIN: Cannot utime: Operation not permitted
build	Cache Android SDK	2026-06-06T12:22:53.3104980Z /usr/bin/tar: ../../../../../usr/local/lib/android/sdk/platforms/android-36-ext18/data/res/values-mcc310-mnc490-en-rIN: Cannot change mode to rwxr-xr-x: Operation not permitted
build	Cache Android SDK	2026-06-06T12:22:53.3107102Z /usr/bin/tar: ../../../../../usr/local/lib/android/sdk/platforms/android-36-ext18/data/res/values-mcc310-mnc160-hy: Cannot utime: Operation not permitted
build	Cache Android SDK	2026-06-06T12:22:53.3108279Z /usr/bin/tar: ../../../../../usr/local/lib/android/sdk/platforms/android-36-ext18/data/res/values-mcc310-mnc160-hy: Cannot change mode to rwxr-xr-x: Operation not permitted
build	Cache Android SDK	2026-06-06T12:22:53.3110192Z /usr/bin/tar: ../../../../../usr/local/lib/android/sdk/platforms/android-36-ext18/data/res/values-mcc310-mnc200-af: Cannot utime: Operation not permitted
build	Cache Android SDK	2026-06-06T12:22:53.3111172Z /usr/bin/tar: ../../../../../usr/local/lib/android/sdk/platforms/android-36-ext18/data/res/values-mcc310-mnc200-af: Cannot change mode to rwxr-xr-x: Operation not permitted
build	Cache Android SDK	2026-06-06T12:22:53.3113427Z /usr/bin/tar: ../../../../../usr/local/lib/android/sdk/platforms/android-36-ext18/data/res/values-mcc313-mnc100-ms: Cannot utime: Operation not permitted
build	Cache Android SDK	2026-06-06T12:22:53.3114415Z /usr/bin/tar: ../../../../../usr/local/lib/android/sdk/platforms/android-36-ext18/data/res/values-mcc313-mnc100-ms: Cannot change mode to rwxr-xr-x: Operation not permitted
build	Cache Android SDK	2026-06-06T12:22:53.3116706Z /usr/bin/tar: ../../../../../usr/local/lib/android/sdk/platforms/android-36-ext18/data/res/values-mcc302-mnc370-pl: Cannot utime: Operation not permitted
build	Cache Android SDK	2026-06-06T12:22:53.3117819Z /usr/bin/tar: ../../../../../usr/local/lib/android/sdk/platforms/android-36-ext18/data/res/values-mcc302-mnc370-pl: Cannot change mode to rwxr-xr-x: Operation not permitted
build	Cache Android SDK	2026-06-06T12:22:53.3119371Z /usr/bin/tar: ../../../../../usr/local/lib/android/sdk/platforms/android-36-ext18/data/res/values-mcc310-mnc150-bn: Cannot utime: Operation not permitted
build	Cache Android SDK	2026-06-06T12:22:53.3120330Z /usr/bin/tar: ../../../../../usr/local/lib/android/sdk/platforms/android-36-ext18/data/res/values-mcc310-mnc150-bn: Cannot change mode to rwxr-xr-x: Operation not permitted
build	Cache Android SDK	2026-06-06T12:22:53.3122782Z /usr/bin/tar: ../../../../../usr/local/lib/android/sdk/platforms/android-36-ext18/data/res/values-mcc312-mnc670-iw: Cannot utime: Operation not permitted
build	Cache Android SDK	2026-06-06T12:22:53.3123739Z /usr/bin/tar: ../../../../../usr/local/lib/android/sdk/platforms/android-36-ext18/data/res/values-mcc312-mnc670-iw: Cannot change mode to rwxr-xr-x: Operation not permitted
build	Cache Android SDK	2026-06-06T12:22:53.3125864Z /usr/bin/tar: ../../../../../usr/local/lib/android/sdk/platforms/android-36-ext18/data/res/values-mcc310-mnc310-sw: Cannot utime: Operation not permitted
build	Cache Android SDK	2026-06-06T12:22:53.3126931Z /usr/bin/tar: ../../../../../usr/local/lib/android/sdk/platforms/android-36-ext18/data/res/values-mcc310-mnc310-sw: Cannot change mode to rwxr-xr-x: Operation not permitted
build	Cache Android SDK	2026-06-06T12:22:53.3129730Z /usr/bin/tar: ../../../../../usr/local/lib/android/sdk/platforms/android-36-ext18/data/res/values-mcc312-mnc670-zu: Cannot utime: Operation not permitted
build	Cache Android SDK	2026-06-06T12:22:53.3130742Z /usr/bin/tar: ../../../../../usr/local/lib/android/sdk/platforms/android-36-ext18/data/res/values-mcc312-mnc670-zu: Cannot change mode to rwxr-xr-x: Operation not permitted
build	Cache Android SDK	2026-06-06T12:22:53.3132886Z /usr/bin/tar: ../../../../../usr/local/lib/android/sdk/platforms/android-36-ext18/data/res/values-mcc310-mnc230-uz: Cannot utime: Operation not permitted
build	Cache Android SDK	2026-06-06T12:22:53.3133858Z /usr/bin/tar: ../../../../../usr/local/lib/android/sdk/platforms/android-36-ext18/data/res/values-mcc310-mnc230-uz: Cannot change mode to rwxr-xr-x: Operation not permitted
build	Cache Android SDK	2026-06-06T12:22:53.3135957Z /usr/bin/tar: ../../../../../usr/local/lib/android/sdk/platforms/android-36-ext18/data/res/values-mcc310-mnc410-b+sr+Latn: Cannot utime: Operation not permitted
build	Cache Android SDK	2026-06-06T12:22:53.3137067Z /usr/bin/tar: ../../../../../usr/local/lib/android/sdk/platforms/android-36-ext18/data/res/values-mcc310-mnc410-b+sr+Latn: Cannot change mode to rwxr-xr-x: Operation not permitted
build	Cache Android SDK	2026-06-06T12:22:53.3139700Z /usr/bin/tar: ../../../../../usr/local/lib/android/sdk/platforms/android-36-ext18/data/res/values-mcc312-mnc670-gu: Cannot utime: Operation not permitted
build	Cache Android SDK	2026-06-06T12:22:53.3140678Z /usr/bin/tar: ../../../../../usr/local/lib/android/sdk/platforms/android-36-ext18/data/res/values-mcc312-mnc670-gu: Cannot change mode to rwxr-xr-x: Operation not permitted
build	Cache Android SDK	2026-06-06T12:22:53.3142795Z /usr/bin/tar: ../../../../../usr/local/lib/android/sdk/platforms/android-36-ext18/data/res/values-mcc310-mnc410-gl: Cannot utime: Operation not permitted
build	Cache Android SDK	2026-06-06T12:22:53.3143763Z /usr/bin/tar: ../../../../../usr/local/lib/android/sdk/platforms/android-36-ext18/data/res/values-mcc310-mnc410-gl: Cannot change mode to rwxr-xr-x: Operation not permitted
build	Cache Android SDK	2026-06-06T12:22:53.3146013Z /usr/bin/tar: ../../../../../usr/local/lib/android/sdk/platforms/android-36-ext18/data/res/values-mk-television: Cannot utime: Operation not permitted
build	Cache Android SDK	2026-06-06T12:22:53.3146982Z /usr/bin/tar: ../../../../../usr/local/lib/android/sdk/platforms/android-36-ext18/data/res/values-mk-television: Cannot change mode to rwxr-xr-x: Operation not permitted
build	Cache Android SDK	2026-06-06T12:22:53.3148757Z /usr/bin/tar: ../../../../../usr/local/lib/android/sdk/platforms/android-36-ext18/data/res/values-mcc310-mnc030-ca: Cannot utime: Operation not permitted
build	Cache Android SDK	2026-06-06T12:22:53.3149714Z /usr/bin/tar: ../../../../../usr/local/lib/android/sdk/platforms/android-36-ext18/data/res/values-mcc310-mnc030-ca: Cannot change mode to rwxr-xr-x: Operation not permitted
build	Cache Android SDK	2026-06-06T12:22:53.3156161Z /usr/bin/tar: ../../../../../usr/local/lib/android/sdk/platforms/android-36-ext18/data/res/values-vi: Cannot utime: Operation not permitted
build	Cache Android SDK	2026-06-06T12:22:53.3157247Z /usr/bin/tar: ../../../../../usr/local/lib/android/sdk/platforms/android-36-ext18/data/res/values-vi: Cannot change mode to rwxr-xr-x: Operation not permitted
build	Cache Android SDK	2026-06-06T12:22:53.3159682Z /usr/bin/tar: ../../../../../usr/local/lib/android/sdk/platforms/android-36-ext18/data/res/values-mcc310-mnc280-cs: Cannot utime: Operation not permitted
build	Cache Android SDK	2026-06-06T12:22:53.3160783Z /usr/bin/tar: ../../../../../usr/local/lib/android/sdk/platforms/android-36-ext18/data/res/values-mcc310-mnc280-cs: Cannot change mode to rwxr-xr-x: Operation not permitted
build	Cache Android SDK	2026-06-06T12:22:53.3162348Z /usr/bin/tar: ../../../../../usr/local/lib/android/sdk/platforms/android-36-ext18/data/res/values-mcc310-mnc310-da: Cannot utime: Operation not permitted
build	Cache Android SDK	2026-06-06T12:22:53.3163311Z /usr/bin/tar: ../../../../../usr/local/lib/android/sdk/platforms/android-36-ext18/data/res/values-mcc310-mnc310-da: Cannot change mode to rwxr-xr-x: Operation not permitted
build	Cache Android SDK	2026-06-06T12:22:53.3166187Z /usr/bin/tar: ../../../../../usr/local/lib/android/sdk/platforms/android-36-ext18/data/res/values-mcc450-mnc08: Cannot utime: Operation not permitted
build	Cache Android SDK	2026-06-06T12:22:53.3167136Z /usr/bin/tar: ../../../../../usr/local/lib/android/sdk/platforms/android-36-ext18/data/res/values-mcc450-mnc08: Cannot change mode to rwxr-xr-x: Operation not permitted
build	Cache Android SDK	2026-06-06T12:22:53.3170342Z /usr/bin/tar: ../../../../../usr/local/lib/android/sdk/platforms/android-36-ext18/data/res/values-mcc302-mnc370-es: Cannot utime: Operation not permitted
build	Cache Android SDK	2026-06-06T12:22:53.3171303Z /usr/bin/tar: ../../../../../usr/local/lib/android/sdk/platforms/android-36-ext18/data/res/values-mcc302-mnc370-es: Cannot change mode to rwxr-xr-x: Operation not permitted
build	Cache Android SDK	2026-06-06T12:22:53.3174399Z /usr/bin/tar: ../../../../../usr/local/lib/android/sdk/platforms/android-36-ext18/data/res/values-mcc310-mnc490-nb: Cannot utime: Operation not permitted
build	Cache Android SDK	2026-06-06T12:22:53.3176187Z /usr/bin/tar: ../../../../../usr/local/lib/android/sdk/platforms/android-36-ext18/data/res/values-mcc310-mnc490-nb: Cannot change mode to rwxr-xr-x: Operation not permitted
build	Cache Android SDK	2026-06-06T12:22:53.3177819Z /usr/bin/tar: ../../../../../usr/local/lib/android/sdk/platforms/android-36-ext18/data/res/values-mcc310-mnc170-hy: Cannot utime: Operation not permitted
build	Cache Android SDK	2026-06-06T12:22:53.3179058Z /usr/bin/tar: ../../../../../usr/local/lib/android/sdk/platforms/android-36-ext18/data/res/values-mcc310-mnc170-hy: Cannot change mode to rwxr-xr-x: Operation not permitted
build	Cache Android SDK	2026-06-06T12:22:53.3180617Z /usr/bin/tar: ../../../../../usr/local/lib/android/sdk/platforms/android-36-ext18/data/res/values-mcc310-mnc230-km: Cannot utime: Operation not permitted
build	Cache Android SDK	2026-06-06T12:22:53.3181660Z /usr/bin/tar: ../../../../../usr/local/lib/android/sdk/platforms/android-36-ext18/data/res/values-mcc310-mnc230-km: Cannot change mode to rwxr-xr-x: Operation not permitted
build	Cache Android SDK	2026-06-06T12:22:53.3184335Z /usr/bin/tar: ../../../../../usr/local/lib/android/sdk/platforms/android-36-ext18/data/res/values-mcc310-mnc490-km: Cannot utime: Operation not permitted
build	Cache Android SDK	2026-06-06T12:22:53.3185299Z /usr/bin/tar: ../../../../../usr/local/lib/android/sdk/platforms/android-36-ext18/data/res/values-mcc310-mnc490-km: Cannot change mode to rwxr-xr-x: Operation not permitted
build	Cache Android SDK	2026-06-06T12:22:53.3187890Z /usr/bin/tar: ../../../../../usr/local/lib/android/sdk/platforms/android-36-ext18/data/res/values-mcc310-mnc280-sl: Cannot utime: Operation not permitted
build	Cache Android SDK	2026-06-06T12:22:53.3189416Z /usr/bin/tar: ../../../../../usr/local/lib/android/sdk/platforms/android-36-ext18/data/res/values-mcc310-mnc280-sl: Cannot change mode to rwxr-xr-x: Operation not permitted
build	Cache Android SDK	2026-06-06T12:22:53.3191108Z /usr/bin/tar: ../../../../../usr/local/lib/android/sdk/platforms/android-36-ext18/data/res/values-en-rGB-watch: Cannot utime: Operation not permitted
build	Cache Android SDK	2026-06-06T12:22:53.3192522Z /usr/bin/tar: ../../../../../usr/local/lib/android/sdk/platforms/android-36-ext18/data/res/values-en-rGB-watch: Cannot change mode to rwxr-xr-x: Operation not permitted
build	Cache Android SDK	2026-06-06T12:22:53.3194138Z /usr/bin/tar: ../../../../../usr/local/lib/android/sdk/platforms/android-36-ext18/data/res/values-mcc302-mnc720-ky: Cannot utime: Operation not permitted
build	Cache Android SDK	2026-06-06T12:22:53.3195568Z /usr/bin/tar: ../../../../../usr/local/lib/android/sdk/platforms/android-36-ext18/data/res/values-mcc302-mnc720-ky: Cannot change mode to rwxr-xr-x: Operation not permitted
build	Cache Android SDK	2026-06-06T12:22:53.3197237Z /usr/bin/tar: ../../../../../usr/local/lib/android/sdk/platforms/android-36-ext18/data/res/values-sv-watch: Cannot utime: Operation not permitted
build	Cache Android SDK	2026-06-06T12:22:53.3199075Z /usr/bin/tar: ../../../../../usr/local/lib/android/sdk/platforms/android-36-ext18/data/res/values-sv-watch: Cannot change mode to rwxr-xr-x: Operation not permitted
build	Cache Android SDK	2026-06-06T12:22:53.3200533Z /usr/bin/tar: ../../../../../usr/local/lib/android/sdk/platforms/android-36-ext18/data/res/values-mcc204-mnc04: Cannot utime: Operation not permitted
build	Cache Android SDK	2026-06-06T12:22:53.3201457Z /usr/bin/tar: ../../../../../usr/local/lib/android/sdk/platforms/android-36-ext18/data/res/values-mcc204-mnc04: Cannot change mode to rwxr-xr-x: Operation not permitted
build	Cache Android SDK	2026-06-06T12:22:53.3204181Z /usr/bin/tar: ../../../../../usr/local/lib/android/sdk/platforms/android-36-ext18/data/res/values-mcc310-mnc410-fi: Cannot utime: Operation not permitted
build	Cache Android SDK	2026-06-06T12:22:53.3205232Z /usr/bin/tar: ../../../../../usr/local/lib/android/sdk/platforms/android-36-ext18/data/res/values-mcc310-mnc410-fi: Cannot change mode to rwxr-xr-x: Operation not permitted
build	Cache Android SDK	2026-06-06T12:22:53.3207334Z /usr/bin/tar: ../../../../../usr/local/lib/android/sdk/platforms/android-36-ext18/data/res/values-mcc310-mnc800-be: Cannot utime: Operation not permitted
build	Cache Android SDK	2026-06-06T12:22:53.3208510Z /usr/bin/tar: ../../../../../usr/local/lib/android/sdk/platforms/android-36-ext18/data/res/values-mcc310-mnc800-be: Cannot change mode to rwxr-xr-x: Operation not permitted
build	Cache Android SDK	2026-06-06T12:22:53.3211229Z /usr/bin/tar: ../../../../../usr/local/lib/android/sdk/platforms/android-36-ext18/data/res/raw-iw: Cannot utime: Operation not permitted
build	Cache Android SDK	2026-06-06T12:22:53.3212100Z /usr/bin/tar: ../../../../../usr/local/lib/android/sdk/platforms/android-36-ext18/data/res/raw-iw: Cannot change mode to rwxr-xr-x: Operation not permitted
build	Cache Android SDK	2026-06-06T12:22:53.3214430Z /usr/bin/tar: ../../../../../usr/local/lib/android/sdk/platforms/android-36-ext18/data/res/values-mcc312-mnc670-mn: Cannot utime: Operation not permitted
build	Cache Android SDK	2026-06-06T12:22:53.3215395Z /usr/bin/tar: ../../../../../usr/local/lib/android/sdk/platforms/android-36-ext18/data/res/values-mcc312-mnc670-mn: Cannot change mode to rwxr-xr-x: Operation not permitted
build	Cache Android SDK	2026-06-06T12:22:53.3217626Z /usr/bin/tar: ../../../../../usr/local/lib/android/sdk/platforms/android-36-ext18/data/res/values-mcc310-mnc240-gl: Cannot utime: Operation not permitted
build	Cache Android SDK	2026-06-06T12:22:53.3218738Z /usr/bin/tar: ../../../../../usr/local/lib/android/sdk/platforms/android-36-ext18/data/res/values-mcc310-mnc240-gl: Cannot change mode to rwxr-xr-x: Operation not permitted
build	Cache Android SDK	2026-06-06T12:22:53.3221076Z /usr/bin/tar: ../../../../../usr/local/lib/android/sdk/platforms/android-36-ext18/data/res/values-mcc310-mnc270-gl: Cannot utime: Operation not permitted
build	Cache Android SDK	2026-06-06T12:22:53.3222047Z /usr/bin/tar: ../../../../../usr/local/lib/android/sdk/platforms/android-36-ext18/data/res/values-mcc310-mnc270-gl: Cannot change mode to rwxr-xr-x: Operation not permitted
build	Cache Android SDK	2026-06-06T12:22:53.3224967Z /usr/bin/tar: ../../../../../usr/local/lib/android/sdk/platforms/android-36-ext18/data/res/values-es-rUS-masculine: Cannot utime: Operation not permitted
build	Cache Android SDK	2026-06-06T12:22:53.3225946Z /usr/bin/tar: ../../../../../usr/local/lib/android/sdk/platforms/android-36-ext18/data/res/values-es-rUS-masculine: Cannot change mode to rwxr-xr-x: Operation not permitted
build	Cache Android SDK	2026-06-06T12:22:53.3228992Z /usr/bin/tar: ../../../../../usr/local/lib/android/sdk/platforms/android-36-ext18/data/res/values-mcc310-mnc380-ru: Cannot utime: Operation not permitted
build	Cache Android SDK	2026-06-06T12:22:53.3229981Z /usr/bin/tar: ../../../../../usr/local/lib/android/sdk/platforms/android-36-ext18/data/res/values-mcc310-mnc380-ru: Cannot change mode to rwxr-xr-x: Operation not permitted
build	Cache Android SDK	2026-06-06T12:22:53.3232021Z /usr/bin/tar: ../../../../../usr/local/lib/android/sdk/platforms/android-36-ext18/data/res/values-mcc001-mnc01-fr-rCA: Cannot utime: Operation not permitted
build	Cache Android SDK	2026-06-06T12:22:53.3233138Z /usr/bin/tar: ../../../../../usr/local/lib/android/sdk/platforms/android-36-ext18/data/res/values-mcc001-mnc01-fr-rCA: Cannot change mode to rwxr-xr-x: Operation not permitted
build	Cache Android SDK	2026-06-06T12:22:53.3235501Z /usr/bin/tar: ../../../../../usr/local/lib/android/sdk/platforms/android-36-ext18/data/res/values-zu-television: Cannot utime: Operation not permitted
build	Cache Android SDK	2026-06-06T12:22:53.3236565Z /usr/bin/tar: ../../../../../usr/local/lib/android/sdk/platforms/android-36-ext18/data/res/values-zu-television: Cannot change mode to rwxr-xr-x: Operation not permitted
build	Cache Android SDK	2026-06-06T12:22:53.3238965Z /usr/bin/tar: ../../../../../usr/local/lib/android/sdk/platforms/android-36-ext18/data/res/values-mcc310-mnc240-pl: Cannot utime: Operation not permitted
build	Cache Android SDK	2026-06-06T12:22:53.3240100Z /usr/bin/tar: ../../../../../usr/local/lib/android/sdk/platforms/android-36-ext18/data/res/values-mcc310-mnc240-pl: Cannot change mode to rwxr-xr-x: Operation not permitted
build	Cache Android SDK	2026-06-06T12:22:53.3242558Z /usr/bin/tar: ../../../../../usr/local/lib/android/sdk/platforms/android-36-ext18/data/res/values-mcc334-mnc020-lo: Cannot utime: Operation not permitted
build	Cache Android SDK	2026-06-06T12:22:53.3243621Z /usr/bin/tar: ../../../../../usr/local/lib/android/sdk/platforms/android-36-ext18/data/res/values-mcc334-mnc020-lo: Cannot change mode to rwxr-xr-x: Operation not permitted
build	Cache Android SDK	2026-06-06T12:22:53.3245756Z /usr/bin/tar: ../../../../../usr/local/lib/android/sdk/platforms/android-36-ext18/data/res/values-mcc310-mnc240-nb: Cannot utime: Operation not permitted
build	Cache Android SDK	2026-06-06T12:22:53.3246843Z /usr/bin/tar: ../../../../../usr/local/lib/android/sdk/platforms/android-36-ext18/data/res/values-mcc310-mnc240-nb: Cannot change mode to rwxr-xr-x: Operation not permitted
build	Cache Android SDK	2026-06-06T12:22:53.3249143Z /usr/bin/tar: ../../../../../usr/local/lib/android/sdk/platforms/android-36-ext18/data/res/values-mcc310-mnc240-fa: Cannot utime: Operation not permitted
build	Cache Android SDK	2026-06-06T12:22:53.3250197Z /usr/bin/tar: ../../../../../usr/local/lib/android/sdk/platforms/android-36-ext18/data/res/values-mcc310-mnc240-fa: Cannot change mode to rwxr-xr-x: Operation not permitted
build	Cache Android SDK	2026-06-06T12:22:53.3252120Z /usr/bin/tar: ../../../../../usr/local/lib/android/sdk/platforms/android-36-ext18/data/res/values-pl-rPL: Cannot utime: Operation not permitted
build	Cache Android SDK	2026-06-06T12:22:53.3253120Z /usr/bin/tar: ../../../../../usr/local/lib/android/sdk/platforms/android-36-ext18/data/res/values-pl-rPL: Cannot change mode to rwxr-xr-x: Operation not permitted
build	Cache Android SDK	2026-06-06T12:22:53.3255738Z /usr/bin/tar: ../../../../../usr/local/lib/android/sdk/platforms/android-36-ext18/data/res/values-mcc310-mnc660-mr: Cannot utime: Operation not permitted
build	Cache Android SDK	2026-06-06T12:22:53.3256817Z /usr/bin/tar: ../../../../../usr/local/lib/android/sdk/platforms/android-36-ext18/data/res/values-mcc310-mnc660-mr: Cannot change mode to rwxr-xr-x: Operation not permitted
build	Cache Android SDK	2026-06-06T12:22:53.3259087Z /usr/bin/tar: ../../../../../usr/local/lib/android/sdk/platforms/android-36-ext18/data/res/values-mcc310-mnc270-bn: Cannot utime: Operation not permitted
build	Cache Android SDK	2026-06-06T12:22:53.3260134Z /usr/bin/tar: ../../../../../usr/local/lib/android/sdk/platforms/android-36-ext18/data/res/values-mcc310-mnc270-bn: Cannot change mode to rwxr-xr-x: Operation not permitted
build	Cache Android SDK	2026-06-06T12:22:53.3262743Z /usr/bin/tar: ../../../../../usr/local/lib/android/sdk/platforms/android-36-ext18/data/res/values-mcc310-mnc660-mk: Cannot utime: Operation not permitted
build	Cache Android SDK	2026-06-06T12:22:53.3263791Z /usr/bin/tar: ../../../../../usr/local/lib/android/sdk/platforms/android-36-ext18/data/res/values-mcc310-mnc660-mk: Cannot change mode to rwxr-xr-x: Operation not permitted
build	Cache Android SDK	2026-06-06T12:22:53.3266001Z /usr/bin/tar: ../../../../../usr/local/lib/android/sdk/platforms/android-36-ext18/data/res/values-mcc310-mnc160-et: Cannot utime: Operation not permitted
build	Cache Android SDK	2026-06-06T12:22:53.3267037Z /usr/bin/tar: ../../../../../usr/local/lib/android/sdk/platforms/android-36-ext18/data/res/values-mcc310-mnc160-et: Cannot change mode to rwxr-xr-x: Operation not permitted
build	Cache Android SDK	2026-06-06T12:22:53.3270389Z /usr/bin/tar: ../../../../../usr/local/lib/android/sdk/platforms/android-36-ext18/data/res/values-fa-television: Cannot utime: Operation not permitted
build	Cache Android SDK	2026-06-06T12:22:53.3271384Z /usr/bin/tar: ../../../../../usr/local/lib/android/sdk/platforms/android-36-ext18/data/res/values-fa-television: Cannot change mode to rwxr-xr-x: Operation not permitted
build	Cache Android SDK	2026-06-06T12:22:53.3273535Z /usr/bin/tar: ../../../../../usr/local/lib/android/sdk/platforms/android-36-ext18/data/res/values-mcc310-mnc560-hi: Cannot utime: Operation not permitted
build	Cache Android SDK	2026-06-06T12:22:53.3274504Z /usr/bin/tar: ../../../../../usr/local/lib/android/sdk/platforms/android-36-ext18/data/res/values-mcc310-mnc560-hi: Cannot change mode to rwxr-xr-x: Operation not permitted
build	Cache Android SDK	2026-06-06T12:22:53.3277278Z /usr/bin/tar: ../../../../../usr/local/lib/android/sdk/platforms/android-36-ext18/data/res/raw-en-rGB: Cannot utime: Operation not permitted
build	Cache Android SDK	2026-06-06T12:22:53.3278649Z /usr/bin/tar: ../../../../../usr/local/lib/android/sdk/platforms/android-36-ext18/data/res/raw-en-rGB: Cannot change mode to rwxr-xr-x: Operation not permitted
build	Cache Android SDK	2026-06-06T12:22:53.3280292Z /usr/bin/tar: ../../../../../usr/local/lib/android/sdk/platforms/android-36-ext18/data/res/values-eu-watch: Cannot utime: Operation not permitted
build	Cache Android SDK	2026-06-06T12:22:53.3281232Z /usr/bin/tar: ../../../../../usr/local/lib/android/sdk/platforms/android-36-ext18/data/res/values-eu-watch: Cannot change mode to rwxr-xr-x: Operation not permitted
build	Cache Android SDK	2026-06-06T12:22:53.3284356Z /usr/bin/tar: ../../../../../usr/local/lib/android/sdk/platforms/android-36-ext18/data/res/values-mcc310-mnc660-ko: Cannot utime: Operation not permitted
build	Cache Android SDK	2026-06-06T12:22:53.3285345Z /usr/bin/tar: ../../../../../usr/local/lib/android/sdk/platforms/android-36-ext18/data/res/values-mcc310-mnc660-ko: Cannot change mode to rwxr-xr-x: Operation not permitted
build	Cache Android SDK	2026-06-06T12:22:53.3287324Z /usr/bin/tar: ../../../../../usr/local/lib/android/sdk/platforms/android-36-ext18/data/res/values-mcc311-mnc180-mn: Cannot utime: Operation not permitted
build	Cache Android SDK	2026-06-06T12:22:53.3288604Z /usr/bin/tar: ../../../../../usr/local/lib/android/sdk/platforms/android-36-ext18/data/res/values-mcc311-mnc180-mn: Cannot change mode to rwxr-xr-x: Operation not permitted
build	Cache Android SDK	2026-06-06T12:22:53.3290576Z /usr/bin/tar: ../../../../../usr/local/lib/android/sdk/platforms/android-36-ext18/data/res/values-mcc310-mnc240-ml: Cannot utime: Operation not permitted
build	Cache Android SDK	2026-06-06T12:22:53.3291555Z /usr/bin/tar: ../../../../../usr/local/lib/android/sdk/platforms/android-36-ext18/data/res/values-mcc310-mnc240-ml: Cannot change mode to rwxr-xr-x: Operation not permitted
build	Cache Android SDK	2026-06-06T12:22:53.3294060Z /usr/bin/tar: ../../../../../usr/local/lib/android/sdk/platforms/android-36-ext18/data/res/values-mcc310-mnc490-kk: Cannot utime: Operation not permitted
build	Cache Android SDK	2026-06-06T12:22:53.3295179Z /usr/bin/tar: ../../../../../usr/local/lib/android/sdk/platforms/android-36-ext18/data/res/values-mcc310-mnc490-kk: Cannot change mode to rwxr-xr-x: Operation not permitted
build	Cache Android SDK	2026-06-06T12:22:53.3296724Z /usr/bin/tar: ../../../../../usr/local/lib/android/sdk/platforms/android-36-ext18/data/res/values-mcc310-mnc240-bg: Cannot utime: Operation not permitted
build	Cache Android SDK	2026-06-06T12:22:53.3297855Z /usr/bin/tar: ../../../../../usr/local/lib/android/sdk/platforms/android-36-ext18/data/res/values-mcc310-mnc240-bg: Cannot change mode to rwxr-xr-x: Operation not permitted
build	Cache Android SDK	2026-06-06T12:22:53.3300701Z /usr/bin/tar: ../../../../../usr/local/lib/android/sdk/platforms/android-36-ext18/data/res/values-mcc310-mnc240-zu: Cannot utime: Operation not permitted
build	Cache Android SDK	2026-06-06T12:22:53.3301900Z /usr/bin/tar: ../../../../../usr/local/lib/android/sdk/platforms/android-36-ext18/data/res/values-mcc310-mnc240-zu: Cannot change mode to rwxr-xr-x: Operation not permitted
build	Cache Android SDK	2026-06-06T12:22:53.3303469Z /usr/bin/tar: ../../../../../usr/local/lib/android/sdk/platforms/android-36-ext18/data/res/values-mcc310-mnc410-tl: Cannot utime: Operation not permitted
build	Cache Android SDK	2026-06-06T12:22:53.3304424Z /usr/bin/tar: ../../../../../usr/local/lib/android/sdk/platforms/android-36-ext18/data/res/values-mcc310-mnc410-tl: Cannot change mode to rwxr-xr-x: Operation not permitted
build	Cache Android SDK	2026-06-06T12:22:53.3306644Z /usr/bin/tar: ../../../../../usr/local/lib/android/sdk/platforms/android-36-ext18/data/res/values-mcc310-mnc220-ky: Cannot utime: Operation not permitted
build	Cache Android SDK	2026-06-06T12:22:53.3307953Z /usr/bin/tar: ../../../../../usr/local/lib/android/sdk/platforms/android-36-ext18/data/res/values-mcc310-mnc220-ky: Cannot change mode to rwxr-xr-x: Operation not permitted
build	Cache Android SDK	2026-06-06T12:22:53.3309623Z /usr/bin/tar: ../../../../../usr/local/lib/android/sdk/platforms/android-36-ext18/data/res/values-mcc310-mnc560-or: Cannot utime: Operation not permitted
build	Cache Android SDK	2026-06-06T12:22:53.3310573Z /usr/bin/tar: ../../../../../usr/local/lib/android/sdk/platforms/android-36-ext18/data/res/values-mcc310-mnc560-or: Cannot change mode to rwxr-xr-x: Operation not permitted
build	Cache Android SDK	2026-06-06T12:22:53.3313390Z /usr/bin/tar: ../../../../../usr/local/lib/android/sdk/platforms/android-36-ext18/data/res/values-mcc302-mnc720-da: Cannot utime: Operation not permitted
build	Cache Android SDK	2026-06-06T12:22:53.3314545Z /usr/bin/tar: ../../../../../usr/local/lib/android/sdk/platforms/android-36-ext18/data/res/values-mcc302-mnc720-da: Cannot change mode to rwxr-xr-x: Operation not permitted
build	Cache Android SDK	2026-06-06T12:22:53.3316241Z /usr/bin/tar: ../../../../../usr/local/lib/android/sdk/platforms/android-36-ext18/data/res/values-mcc302-mnc720-pa: Cannot utime: Operation not permitted
build	Cache Android SDK	2026-06-06T12:22:53.3317724Z /usr/bin/tar: ../../../../../usr/local/lib/android/sdk/platforms/android-36-ext18/data/res/values-mcc302-mnc720-pa: Cannot change mode to rwxr-xr-x: Operation not permitted
build	Cache Android SDK	2026-06-06T12:22:53.3319236Z /usr/bin/tar: ../../../../../usr/local/lib/android/sdk/platforms/android-36-ext18/data/res/values-mcc334-mnc020-in: Cannot utime: Operation not permitted
build	Cache Android SDK	2026-06-06T12:22:53.3320312Z /usr/bin/tar: ../../../../../usr/local/lib/android/sdk/platforms/android-36-ext18/data/res/values-mcc334-mnc020-in: Cannot change mode to rwxr-xr-x: Operation not permitted
build	Cache Android SDK	2026-06-06T12:22:53.3322685Z /usr/bin/tar: ../../../../../usr/local/lib/android/sdk/platforms/android-36-ext18/data/res/values-mcc310-mnc490-fr-rCA: Cannot utime: Operation not permitted
build	Cache Android SDK	2026-06-06T12:22:53.3323716Z /usr/bin/tar: ../../../../../usr/local/lib/android/sdk/platforms/android-36-ext18/data/res/values-mcc310-mnc490-fr-rCA: Cannot change mode to rwxr-xr-x: Operation not permitted
build	Cache Android SDK	2026-06-06T12:22:53.3326055Z /usr/bin/tar: ../../../../../usr/local/lib/android/sdk/platforms/android-36-ext18/data/res/values-mcc312-mnc670-en-rAU: Cannot utime: Operation not permitted
build	Cache Android SDK	2026-06-06T12:22:53.3327944Z /usr/bin/tar: ../../../../../usr/local/lib/android/sdk/platforms/android-36-ext18/data/res/values-mcc312-mnc670-en-rAU: Cannot change mode to rwxr-xr-x: Operation not permitted
build	Cache Android SDK	2026-06-06T12:22:53.3332960Z /usr/bin/tar: ../../../../../usr/local/lib/android/sdk/platforms/android-36-ext18/data/res/values-mcc302-mnc370-et: Cannot utime: Operation not permitted
build	Cache Android SDK	2026-06-06T12:22:53.3333939Z /usr/bin/tar: ../../../../../usr/local/lib/android/sdk/platforms/android-36-ext18/data/res/values-mcc302-mnc370-et: Cannot change mode to rwxr-xr-x: Operation not permitted
build	Cache Android SDK	2026-06-06T12:22:53.3335612Z /usr/bin/tar: ../../../../../usr/local/lib/android/sdk/platforms/android-36-ext18/data/res/values-mcc313-mnc100-fr-rCA: Cannot utime: Operation not permitted
build	Cache Android SDK	2026-06-06T12:22:53.3336613Z /usr/bin/tar: ../../../../../usr/local/lib/android/sdk/platforms/android-36-ext18/data/res/values-mcc313-mnc100-fr-rCA: Cannot change mode to rwxr-xr-x: Operation not permitted
build	Cache Android SDK	2026-06-06T12:22:53.3338449Z /usr/bin/tar: ../../../../../usr/local/lib/android/sdk/platforms/android-36-ext18/data/res/values-mcc310-mnc150-en-rAU: Cannot utime: Operation not permitted
build	Cache Android SDK	2026-06-06T12:22:53.3339443Z /usr/bin/tar: ../../../../../usr/local/lib/android/sdk/platforms/android-36-ext18/data/res/values-mcc310-mnc150-en-rAU: Cannot change mode to rwxr-xr-x: Operation not permitted
build	Cache Android SDK	2026-06-06T12:22:53.3351801Z /usr/bin/tar: ../../../../../usr/local/lib/android/sdk/platforms/android-36-ext18/data/res/xml: Cannot utime: Operation not permitted
build	Cache Android SDK	2026-06-06T12:22:53.3352669Z /usr/bin/tar: ../../../../../usr/local/lib/android/sdk/platforms/android-36-ext18/data/res/xml: Cannot change mode to rwxr-xr-x: Operation not permitted
build	Cache Android SDK	2026-06-06T12:22:53.3354699Z /usr/bin/tar: ../../../../../usr/local/lib/android/sdk/platforms/android-36-ext18/data/res/values-mcc310-mnc800-sr: Cannot utime: Operation not permitted
build	Cache Android SDK	2026-06-06T12:22:53.3355670Z /usr/bin/tar: ../../../../../usr/local/lib/android/sdk/platforms/android-36-ext18/data/res/values-mcc310-mnc800-sr: Cannot change mode to rwxr-xr-x: Operation not permitted
build	Cache Android SDK	2026-06-06T12:22:53.3357792Z /usr/bin/tar: ../../../../../usr/local/lib/android/sdk/platforms/android-36-ext18/data/res/values-mcc310-mnc380-zh-rCN: Cannot utime: Operation not permitted
build	Cache Android SDK	2026-06-06T12:22:53.3358798Z /usr/bin/tar: ../../../../../usr/local/lib/android/sdk/platforms/android-36-ext18/data/res/values-mcc310-mnc380-zh-rCN: Cannot change mode to rwxr-xr-x: Operation not permitted
build	Cache Android SDK	2026-06-06T12:22:53.3361143Z /usr/bin/tar: ../../../../../usr/local/lib/android/sdk/platforms/android-36-ext18/data/res/values-mcc310-mnc950-ms: Cannot utime: Operation not permitted
build	Cache Android SDK	2026-06-06T12:22:53.3362181Z /usr/bin/tar: ../../../../../usr/local/lib/android/sdk/platforms/android-36-ext18/data/res/values-mcc310-mnc950-ms: Cannot change mode to rwxr-xr-x: Operation not permitted
build	Cache Android SDK	2026-06-06T12:22:53.3364564Z /usr/bin/tar: ../../../../../usr/local/lib/android/sdk/platforms/android-36-ext18/data/res/values-mcc310-mnc170-ms: Cannot utime: Operation not permitted
build	Cache Android SDK	2026-06-06T12:22:53.3366572Z /usr/bin/tar: ../../../../../usr/local/lib/android/sdk/platforms/android-36-ext18/data/res/values-mcc310-mnc170-ms: Cannot change mode to rwxr-xr-x: Operation not permitted
build	Cache Android SDK	2026-06-06T12:22:53.3368179Z /usr/bin/tar: ../../../../../usr/local/lib/android/sdk/platforms/android-36-ext18/data/res/values-mcc310-mnc230-sq: Cannot utime: Operation not permitted
build	Cache Android SDK	2026-06-06T12:22:53.3369591Z /usr/bin/tar: ../../../../../usr/local/lib/android/sdk/platforms/android-36-ext18/data/res/values-mcc310-mnc230-sq: Cannot change mode to rwxr-xr-x: Operation not permitted
build	Cache Android SDK	2026-06-06T12:22:53.3371142Z /usr/bin/tar: ../../../../../usr/local/lib/android/sdk/platforms/android-36-ext18/data/res/values-mcc334-mnc020-b+sr+Latn: Cannot utime: Operation not permitted
build	Cache Android SDK	2026-06-06T12:22:53.3372621Z /usr/bin/tar: ../../../../../usr/local/lib/android/sdk/platforms/android-36-ext18/data/res/values-mcc334-mnc020-b+sr+Latn: Cannot change mode to rwxr-xr-x: Operation not permitted
build	Cache Android SDK	2026-06-06T12:22:53.3374038Z /usr/bin/tar: ../../../../../usr/local/lib/android/sdk/platforms/android-36-ext18/data/res/values-mcc310-mnc800-pt: Cannot utime: Operation not permitted
build	Cache Android SDK	2026-06-06T12:22:53.3375406Z /usr/bin/tar: ../../../../../usr/local/lib/android/sdk/platforms/android-36-ext18/data/res/values-mcc310-mnc800-pt: Cannot change mode to rwxr-xr-x: Operation not permitted
build	Cache Android SDK	2026-06-06T12:22:53.3377469Z /usr/bin/tar: ../../../../../usr/local/lib/android/sdk/platforms/android-36-ext18/data/res/values-mcc310-mnc250-iw: Cannot utime: Operation not permitted
build	Cache Android SDK	2026-06-06T12:22:53.3378470Z /usr/bin/tar: ../../../../../usr/local/lib/android/sdk/platforms/android-36-ext18/data/res/values-mcc310-mnc250-iw: Cannot change mode to rwxr-xr-x: Operation not permitted
build	Cache Android SDK	2026-06-06T12:22:53.3380743Z /usr/bin/tar: ../../../../../usr/local/lib/android/sdk/platforms/android-36-ext18/data/res/mipmap-hdpi: Cannot utime: Operation not permitted
build	Cache Android SDK	2026-06-06T12:22:53.3381648Z /usr/bin/tar: ../../../../../usr/local/lib/android/sdk/platforms/android-36-ext18/data/res/mipmap-hdpi: Cannot change mode to rwxr-xr-x: Operation not permitted
build	Cache Android SDK	2026-06-06T12:22:53.3384070Z /usr/bin/tar: ../../../../../usr/local/lib/android/sdk/platforms/android-36-ext18/data/res/values-mcc310-mnc950-af: Cannot utime: Operation not permitted
build	Cache Android SDK	2026-06-06T12:22:53.3385030Z /usr/bin/tar: ../../../../../usr/local/lib/android/sdk/platforms/android-36-ext18/data/res/values-mcc310-mnc950-af: Cannot change mode to rwxr-xr-x: Operation not permitted
build	Cache Android SDK	2026-06-06T12:22:53.3387606Z /usr/bin/tar: ../../../../../usr/local/lib/android/sdk/platforms/android-36-ext18/data/res/values-mcc310-mnc210-kk: Cannot utime: Operation not permitted
build	Cache Android SDK	2026-06-06T12:22:53.3388671Z /usr/bin/tar: ../../../../../usr/local/lib/android/sdk/platforms/android-36-ext18/data/res/values-mcc310-mnc210-kk: Cannot change mode to rwxr-xr-x: Operation not permitted
build	Cache Android SDK	2026-06-06T12:22:53.3390731Z /usr/bin/tar: ../../../../../usr/local/lib/android/sdk/platforms/android-36-ext18/data/res/values-mcc302-mnc720-ne: Cannot utime: Operation not permitted
build	Cache Android SDK	2026-06-06T12:22:53.3391693Z /usr/bin/tar: ../../../../../usr/local/lib/android/sdk/platforms/android-36-ext18/data/res/values-mcc302-mnc720-ne: Cannot change mode to rwxr-xr-x: Operation not permitted
build	Cache Android SDK	2026-06-06T12:22:53.3394210Z /usr/bin/tar: ../../../../../usr/local/lib/android/sdk/platforms/android-36-ext18/data/res/values-mcc334-mnc020-th: Cannot utime: Operation not permitted
build	Cache Android SDK	2026-06-06T12:22:53.3395243Z /usr/bin/tar: ../../../../../usr/local/lib/android/sdk/platforms/android-36-ext18/data/res/values-mcc334-mnc020-th: Cannot change mode to rwxr-xr-x: Operation not permitted
build	Cache Android SDK	2026-06-06T12:22:53.3397606Z /usr/bin/tar: ../../../../../usr/local/lib/android/sdk/platforms/android-36-ext18/data/res/values-mcc310-mnc280-is: Cannot utime: Operation not permitted
build	Cache Android SDK	2026-06-06T12:22:53.3398569Z /usr/bin/tar: ../../../../../usr/local/lib/android/sdk/platforms/android-36-ext18/data/res/values-mcc310-mnc280-is: Cannot change mode to rwxr-xr-x: Operation not permitted
build	Cache Android SDK	2026-06-06T12:22:53.3400619Z /usr/bin/tar: ../../../../../usr/local/lib/android/sdk/platforms/android-36-ext18/data/res/values-mcc313-mnc100-be: Cannot utime: Operation not permitted
build	Cache Android SDK	2026-06-06T12:22:53.3401575Z /usr/bin/tar: ../../../../../usr/local/lib/android/sdk/platforms/android-36-ext18/data/res/values-mcc313-mnc100-be: Cannot change mode to rwxr-xr-x: Operation not permitted
build	Cache Android SDK	2026-06-06T12:22:53.3408314Z /usr/bin/tar: ../../../../../usr/local/lib/android/sdk/platforms/android-36-ext18/data/res/values-es-rUS: Cannot utime: Operation not permitted
build	Cache Android SDK	2026-06-06T12:22:53.3409530Z /usr/bin/tar: ../../../../../usr/local/lib/android/sdk/platforms/android-36-ext18/data/res/values-es-rUS: Cannot change mode to rwxr-xr-x: Operation not permitted
build	Cache Android SDK	2026-06-06T12:22:53.3410962Z /usr/bin/tar: ../../../../../usr/local/lib/android/sdk/platforms/android-36-ext18/data/res/values-mcc311-mnc180-te: Cannot utime: Operation not permitted
build	Cache Android SDK	2026-06-06T12:22:53.3411901Z /usr/bin/tar: ../../../../../usr/local/lib/android/sdk/platforms/android-36-ext18/data/res/values-mcc311-mnc180-te: Cannot change mode to rwxr-xr-x: Operation not permitted
build	Cache Android SDK	2026-06-06T12:22:53.3414051Z /usr/bin/tar: ../../../../../usr/local/lib/android/sdk/platforms/android-36-ext18/data/res/values-mcc310-mnc030-ko: Cannot utime: Operation not permitted
build	Cache Android SDK	2026-06-06T12:22:53.3416769Z /usr/bin/tar: ../../../../../usr/local/lib/android/sdk/platforms/android-36-ext18/data/res/values-mcc310-mnc030-ko: Cannot change mode to rwxr-xr-x: Operation not permitted
build	Cache Android SDK	2026-06-06T12:22:53.3417832Z /usr/bin/tar: ../../../../../usr/local/lib/android/sdk/platforms/android-36-ext18/data/res/values-da-television: Cannot utime: Operation not permitted
build	Cache Android SDK	2026-06-06T12:22:53.3418823Z /usr/bin/tar: ../../../../../usr/local/lib/android/sdk/platforms/android-36-ext18/data/res/values-da-television: Cannot change mode to rwxr-xr-x: Operation not permitted
build	Cache Android SDK	2026-06-06T12:22:53.3420186Z /usr/bin/tar: ../../../../../usr/local/lib/android/sdk/platforms/android-36-ext18/data/res/values-mcc310-mnc240-be: Cannot utime: Operation not permitted
build	Cache Android SDK	2026-06-06T12:22:53.3421137Z /usr/bin/tar: ../../../../../usr/local/lib/android/sdk/platforms/android-36-ext18/data/res/values-mcc310-mnc240-be: Cannot change mode to rwxr-xr-x: Operation not permitted
build	Cache Android SDK	2026-06-06T12:22:53.3422569Z /usr/bin/tar: ../../../../../usr/local/lib/android/sdk/platforms/android-36-ext18/data/res/values-mr-television: Cannot utime: Operation not permitted
build	Cache Android SDK	2026-06-06T12:22:53.3423565Z /usr/bin/tar: ../../../../../usr/local/lib/android/sdk/platforms/android-36-ext18/data/res/values-mr-television: Cannot change mode to rwxr-xr-x: Operation not permitted
build	Cache Android SDK	2026-06-06T12:22:53.3425746Z /usr/bin/tar: ../../../../../usr/local/lib/android/sdk/platforms/android-36-ext18/data/res/values-mcc310-mnc490-tl: Cannot utime: Operation not permitted
build	Cache Android SDK	2026-06-06T12:22:53.3426806Z /usr/bin/tar: ../../../../../usr/local/lib/android/sdk/platforms/android-36-ext18/data/res/values-mcc310-mnc490-tl: Cannot change mode to rwxr-xr-x: Operation not permitted
build	Cache Android SDK	2026-06-06T12:22:53.3428466Z /usr/bin/tar: ../../../../../usr/local/lib/android/sdk/platforms/android-36-ext18/data/res/values-mcc310-mnc240-cs: Cannot utime: Operation not permitted
build	Cache Android SDK	2026-06-06T12:22:53.3429435Z /usr/bin/tar: ../../../../../usr/local/lib/android/sdk/platforms/android-36-ext18/data/res/values-mcc310-mnc240-cs: Cannot change mode to rwxr-xr-x: Operation not permitted
build	Cache Android SDK	2026-06-06T12:22:53.3431517Z /usr/bin/tar: ../../../../../usr/local/lib/android/sdk/platforms/android-36-ext18/data/res/values-mcc310-mnc250-af: Cannot utime: Operation not permitted
build	Cache Android SDK	2026-06-06T12:22:53.3432530Z /usr/bin/tar: ../../../../../usr/local/lib/android/sdk/platforms/android-36-ext18/data/res/values-mcc310-mnc250-af: Cannot change mode to rwxr-xr-x: Operation not permitted
build	Cache Android SDK	2026-06-06T12:22:53.3434666Z /usr/bin/tar: ../../../../../usr/local/lib/android/sdk/platforms/android-36-ext18/data/res/values-xlarge: Cannot utime: Operation not permitted
build	Cache Android SDK	2026-06-06T12:22:53.3435567Z /usr/bin/tar: ../../../../../usr/local/lib/android/sdk/platforms/android-36-ext18/data/res/values-xlarge: Cannot change mode to rwxr-xr-x: Operation not permitted
build	Cache Android SDK	2026-06-06T12:22:53.3437747Z /usr/bin/tar: ../../../../../usr/local/lib/android/sdk/platforms/android-36-ext18/data/res/values-mcc302-mnc370-zh-rTW: Cannot utime: Operation not permitted
build	Cache Android SDK	2026-06-06T12:22:53.3438737Z /usr/bin/tar: ../../../../../usr/local/lib/android/sdk/platforms/android-36-ext18/data/res/values-mcc302-mnc370-zh-rTW: Cannot change mode to rwxr-xr-x: Operation not permitted
build	Cache Android SDK	2026-06-06T12:22:53.3440563Z /usr/bin/tar: ../../../../../usr/local/lib/android/sdk/platforms/android-36-ext18/data/res/values-mcc310-mnc410-ca: Cannot utime: Operation not permitted
build	Cache Android SDK	2026-06-06T12:22:53.3441571Z /usr/bin/tar: ../../../../../usr/local/lib/android/sdk/platforms/android-36-ext18/data/res/values-mcc310-mnc410-ca: Cannot change mode to rwxr-xr-x: Operation not permitted
build	Cache Android SDK	2026-06-06T12:22:53.3443545Z /usr/bin/tar: ../../../../../usr/local/lib/android/sdk/platforms/android-36-ext18/data/res/values-mcc310-mnc410-my: Cannot utime: Operation not permitted
build	Cache Android SDK	2026-06-06T12:22:53.3444485Z /usr/bin/tar: ../../../../../usr/local/lib/android/sdk/platforms/android-36-ext18/data/res/values-mcc310-mnc410-my: Cannot change mode to rwxr-xr-x: Operation not permitted
build	Cache Android SDK	2026-06-06T12:22:53.3447043Z /usr/bin/tar: ../../../../../usr/local/lib/android/sdk/platforms/android-36-ext18/data/res/values-mcc310-mnc160-lo: Cannot utime: Operation not permitted
build	Cache Android SDK	2026-06-06T12:22:53.3448121Z /usr/bin/tar: ../../../../../usr/local/lib/android/sdk/platforms/android-36-ext18/data/res/values-mcc310-mnc160-lo: Cannot change mode to rwxr-xr-x: Operation not permitted
build	Cache Android SDK	2026-06-06T12:22:53.3449789Z /usr/bin/tar: ../../../../../usr/local/lib/android/sdk/platforms/android-36-ext18/data/res/values-mcc310-mnc660-ka: Cannot utime: Operation not permitted
build	Cache Android SDK	2026-06-06T12:22:53.3450781Z /usr/bin/tar: ../../../../../usr/local/lib/android/sdk/platforms/android-36-ext18/data/res/values-mcc310-mnc660-ka: Cannot change mode to rwxr-xr-x: Operation not permitted
build	Cache Android SDK	2026-06-06T12:22:53.3453326Z /usr/bin/tar: ../../../../../usr/local/lib/android/sdk/platforms/android-36-ext18/data/res/values-mcc310-mnc170-lv: Cannot utime: Operation not permitted
build	Cache Android SDK	2026-06-06T12:22:53.3454319Z /usr/bin/tar: ../../../../../usr/local/lib/android/sdk/platforms/android-36-ext18/data/res/values-mcc310-mnc170-lv: Cannot change mode to rwxr-xr-x: Operation not permitted
build	Cache Android SDK	2026-06-06T12:22:53.3456174Z /usr/bin/tar: ../../../../../usr/local/lib/android/sdk/platforms/android-36-ext18/data/res/values-mcc505-mnc01: Cannot utime: Operation not permitted
build	Cache Android SDK	2026-06-06T12:22:53.3457102Z /usr/bin/tar: ../../../../../usr/local/lib/android/sdk/platforms/android-36-ext18/data/res/values-mcc505-mnc01: Cannot change mode to rwxr-xr-x: Operation not permitted
build	Cache Android SDK	2026-06-06T12:22:53.3459626Z /usr/bin/tar: ../../../../../usr/local/lib/android/sdk/platforms/android-36-ext18/data/res/values-mcc310-mnc560-ky: Cannot utime: Operation not permitted
build	Cache Android SDK	2026-06-06T12:22:53.3461270Z /usr/bin/tar: ../../../../../usr/local/lib/android/sdk/platforms/android-36-ext18/data/res/values-mcc310-mnc560-ky: Cannot change mode to rwxr-xr-x: Operation not permitted
build	Cache Android SDK	2026-06-06T12:22:53.3462679Z /usr/bin/tar: ../../../../../usr/local/lib/android/sdk/platforms/android-36-ext18/data/res/values-my-television: Cannot utime: Operation not permitted
build	Cache Android SDK	2026-06-06T12:22:53.3464048Z /usr/bin/tar: ../../../../../usr/local/lib/android/sdk/platforms/android-36-ext18/data/res/values-my-television: Cannot change mode to rwxr-xr-x: Operation not permitted
build	Cache Android SDK	2026-06-06T12:22:53.3465533Z /usr/bin/tar: ../../../../../usr/local/lib/android/sdk/platforms/android-36-ext18/data/res/values-mcc310-mnc160-km: Cannot utime: Operation not permitted
build	Cache Android SDK	2026-06-06T12:22:53.3467015Z /usr/bin/tar: ../../../../../usr/local/lib/android/sdk/platforms/android-36-ext18/data/res/values-mcc310-mnc160-km: Cannot change mode to rwxr-xr-x: Operation not permitted
build	Cache Android SDK	2026-06-06T12:22:53.3468499Z /usr/bin/tar: ../../../../../usr/local/lib/android/sdk/platforms/android-36-ext18/data/res/layout-port: Cannot utime: Operation not permitted
build	Cache Android SDK	2026-06-06T12:22:53.3469814Z /usr/bin/tar: ../../../../../usr/local/lib/android/sdk/platforms/android-36-ext18/data/res/layout-port: Cannot change mode to rwxr-xr-x: Operation not permitted
build	Cache Android SDK	2026-06-06T12:22:53.3472236Z /usr/bin/tar: ../../../../../usr/local/lib/android/sdk/platforms/android-36-ext18/data/res/values-mcc310-mnc030-gl: Cannot utime: Operation not permitted
build	Cache Android SDK	2026-06-06T12:22:53.3473469Z /usr/bin/tar: ../../../../../usr/local/lib/android/sdk/platforms/android-36-ext18/data/res/values-mcc310-mnc030-gl: Cannot change mode to rwxr-xr-x: Operation not permitted
build	Cache Android SDK	2026-06-06T12:22:53.3475342Z /usr/bin/tar: ../../../../../usr/local/lib/android/sdk/platforms/android-36-ext18/data/res/values-mcc310-mnc230-ar: Cannot utime: Operation not permitted
build	Cache Android SDK	2026-06-06T12:22:53.3476341Z /usr/bin/tar: ../../../../../usr/local/lib/android/sdk/platforms/android-36-ext18/data/res/values-mcc310-mnc230-ar: Cannot change mode to rwxr-xr-x: Operation not permitted
build	Cache Android SDK	2026-06-06T12:22:53.3478749Z /usr/bin/tar: ../../../../../usr/local/lib/android/sdk/platforms/android-36-ext18/data/res/values-mcc310-mnc230-kn: Cannot utime: Operation not permitted
build	Cache Android SDK	2026-06-06T12:22:53.3479722Z /usr/bin/tar: ../../../../../usr/local/lib/android/sdk/platforms/android-36-ext18/data/res/values-mcc310-mnc230-kn: Cannot change mode to rwxr-xr-x: Operation not permitted
build	Cache Android SDK	2026-06-06T12:22:53.3482410Z /usr/bin/tar: ../../../../../usr/local/lib/android/sdk/platforms/android-36-ext18/data/res/values-in-rID: Cannot utime: Operation not permitted
build	Cache Android SDK	2026-06-06T12:22:53.3483354Z /usr/bin/tar: ../../../../../usr/local/lib/android/sdk/platforms/android-36-ext18/data/res/values-in-rID: Cannot change mode to rwxr-xr-x: Operation not permitted
build	Cache Android SDK	2026-06-06T12:22:53.3485422Z /usr/bin/tar: ../../../../../usr/local/lib/android/sdk/platforms/android-36-ext18/data/res/values-mcc310-mnc210-si: Cannot utime: Operation not permitted
build	Cache Android SDK	2026-06-06T12:22:53.3486401Z /usr/bin/tar: ../../../../../usr/local/lib/android/sdk/platforms/android-36-ext18/data/res/values-mcc310-mnc210-si: Cannot change mode to rwxr-xr-x: Operation not permitted
build	Cache Android SDK	2026-06-06T12:22:53.3488578Z /usr/bin/tar: ../../../../../usr/local/lib/android/sdk/platforms/android-36-ext18/data/res/layout-large: Cannot utime: Operation not permitted
build	Cache Android SDK	2026-06-06T12:22:53.3489491Z /usr/bin/tar: ../../../../../usr/local/lib/android/sdk/platforms/android-36-ext18/data/res/layout-large: Cannot change mode to rwxr-xr-x: Operation not permitted
build	Cache Android SDK	2026-06-06T12:22:53.3492809Z /usr/bin/tar: ../../../../../usr/local/lib/android/sdk/platforms/android-36-ext18/data/res/values-mcc310-mnc150-or: Cannot utime: Operation not permitted
build	Cache Android SDK	2026-06-06T12:22:53.3493798Z /usr/bin/tar: ../../../../../usr/local/lib/android/sdk/platforms/android-36-ext18/data/res/values-mcc310-mnc150-or: Cannot change mode to rwxr-xr-x: Operation not permitted
build	Cache Android SDK	2026-06-06T12:22:53.3496099Z /usr/bin/tar: ../../../../../usr/local/lib/android/sdk/platforms/android-36-ext18/data/res/values-mcc310-mnc250-sv: Cannot utime: Operation not permitted
build	Cache Android SDK	2026-06-06T12:22:53.3497069Z /usr/bin/tar: ../../../../../usr/local/lib/android/sdk/platforms/android-36-ext18/data/res/values-mcc310-mnc250-sv: Cannot change mode to rwxr-xr-x: Operation not permitted
build	Cache Android SDK	2026-06-06T12:22:53.3499759Z /usr/bin/tar: ../../../../../usr/local/lib/android/sdk/platforms/android-36-ext18/data/res/values-mcc310-mnc270-pa: Cannot utime: Operation not permitted
build	Cache Android SDK	2026-06-06T12:22:53.3500812Z /usr/bin/tar: ../../../../../usr/local/lib/android/sdk/platforms/android-36-ext18/data/res/values-mcc310-mnc270-pa: Cannot change mode to rwxr-xr-x: Operation not permitted
build	Cache Android SDK	2026-06-06T12:22:53.3508447Z /usr/bin/tar: ../../../../../usr/local/lib/android/sdk/platforms/android-36-ext18/data/res/values-pl: Cannot utime: Operation not permitted
build	Cache Android SDK	2026-06-06T12:22:53.3509573Z /usr/bin/tar: ../../../../../usr/local/lib/android/sdk/platforms/android-36-ext18/data/res/values-pl: Cannot change mode to rwxr-xr-x: Operation not permitted
build	Cache Android SDK	2026-06-06T12:22:53.3512457Z /usr/bin/tar: ../../../../../usr/local/lib/android/sdk/platforms/android-36-ext18/data/res/values-mcc310-mnc490-ml: Cannot utime: Operation not permitted
build	Cache Android SDK	2026-06-06T12:22:53.3513420Z /usr/bin/tar: ../../../../../usr/local/lib/android/sdk/platforms/android-36-ext18/data/res/values-mcc310-mnc490-ml: Cannot change mode to rwxr-xr-x: Operation not permitted
build	Cache Android SDK	2026-06-06T12:22:53.3515357Z /usr/bin/tar: ../../../../../usr/local/lib/android/sdk/platforms/android-36-ext18/data/res/values-mcc310-mnc160-am: Cannot utime: Operation not permitted
build	Cache Android SDK	2026-06-06T12:22:53.3516323Z /usr/bin/tar: ../../../../../usr/local/lib/android/sdk/platforms/android-36-ext18/data/res/values-mcc310-mnc160-am: Cannot change mode to rwxr-xr-x: Operation not permitted
build	Cache Android SDK	2026-06-06T12:22:53.3518660Z /usr/bin/tar: ../../../../../usr/local/lib/android/sdk/platforms/android-36-ext18/data/res/values-mcc310-mnc170-es-rUS: Cannot utime: Operation not permitted
build	Cache Android SDK	2026-06-06T12:22:53.3519661Z /usr/bin/tar: ../../../../../usr/local/lib/android/sdk/platforms/android-36-ext18/data/res/values-mcc310-mnc170-es-rUS: Cannot change mode to rwxr-xr-x: Operation not permitted
build	Cache Android SDK	2026-06-06T12:22:53.3525515Z /usr/bin/tar: ../../../../../usr/local/lib/android/sdk/platforms/android-36-ext18/data/res/values-ca: Cannot utime: Operation not permitted
build	Cache Android SDK	2026-06-06T12:22:53.3526448Z /usr/bin/tar: ../../../../../usr/local/lib/android/sdk/platforms/android-36-ext18/data/res/values-ca: Cannot change mode to rwxr-xr-x: Operation not permitted
build	Cache Android SDK	2026-06-06T12:22:53.3528772Z /usr/bin/tar: ../../../../../usr/local/lib/android/sdk/platforms/android-36-ext18/data/res/values-mcc310-mnc210-am: Cannot utime: Operation not permitted
build	Cache Android SDK	2026-06-06T12:22:53.3529736Z /usr/bin/tar: ../../../../../usr/local/lib/android/sdk/platforms/android-36-ext18/data/res/values-mcc310-mnc210-am: Cannot change mode to rwxr-xr-x: Operation not permitted
build	Cache Android SDK	2026-06-06T12:22:53.3531896Z /usr/bin/tar: ../../../../../usr/local/lib/android/sdk/platforms/android-36-ext18/data/res/values-mcc310-mnc030-eu: Cannot utime: Operation not permitted
build	Cache Android SDK	2026-06-06T12:22:53.3532950Z /usr/bin/tar: ../../../../../usr/local/lib/android/sdk/platforms/android-36-ext18/data/res/values-mcc310-mnc030-eu: Cannot change mode to rwxr-xr-x: Operation not permitted
build	Cache Android SDK	2026-06-06T12:22:53.3535043Z /usr/bin/tar: ../../../../../usr/local/lib/android/sdk/platforms/android-36-ext18/data/res/values-mcc706-mnc04: Cannot utime: Operation not permitted
build	Cache Android SDK	2026-06-06T12:22:53.3536085Z /usr/bin/tar: ../../../../../usr/local/lib/android/sdk/platforms/android-36-ext18/data/res/values-mcc706-mnc04: Cannot change mode to rwxr-xr-x: Operation not permitted
build	Cache Android SDK	2026-06-06T12:22:53.3538412Z /usr/bin/tar: ../../../../../usr/local/lib/android/sdk/platforms/android-36-ext18/data/res/values-si-television: Cannot utime: Operation not permitted
build	Cache Android SDK	2026-06-06T12:22:53.3539473Z /usr/bin/tar: ../../../../../usr/local/lib/android/sdk/platforms/android-36-ext18/data/res/values-si-television: Cannot change mode to rwxr-xr-x: Operation not permitted
build	Cache Android SDK	2026-06-06T12:22:53.3541931Z /usr/bin/tar: ../../../../../usr/local/lib/android/sdk/platforms/android-36-ext18/data/res/values-mcc334-mnc020-sl: Cannot utime: Operation not permitted
build	Cache Android SDK	2026-06-06T12:22:53.3542978Z /usr/bin/tar: ../../../../../usr/local/lib/android/sdk/platforms/android-36-ext18/data/res/values-mcc334-mnc020-sl: Cannot change mode to rwxr-xr-x: Operation not permitted
build	Cache Android SDK	2026-06-06T12:22:53.3545304Z /usr/bin/tar: ../../../../../usr/local/lib/android/sdk/platforms/android-36-ext18/data/res/values-mcc310-mnc660-sv: Cannot utime: Operation not permitted
build	Cache Android SDK	2026-06-06T12:22:53.3546426Z /usr/bin/tar: ../../../../../usr/local/lib/android/sdk/platforms/android-36-ext18/data/res/values-mcc310-mnc660-sv: Cannot change mode to rwxr-xr-x: Operation not permitted
build	Cache Android SDK	2026-06-06T12:22:53.3548933Z /usr/bin/tar: ../../../../../usr/local/lib/android/sdk/platforms/android-36-ext18/data/res/values-mcc268-mnc03: Cannot utime: Operation not permitted
build	Cache Android SDK	2026-06-06T12:22:53.3549983Z /usr/bin/tar: ../../../../../usr/local/lib/android/sdk/platforms/android-36-ext18/data/res/values-mcc268-mnc03: Cannot change mode to rwxr-xr-x: Operation not permitted
build	Cache Android SDK	2026-06-06T12:22:53.3552398Z /usr/bin/tar: ../../../../../usr/local/lib/android/sdk/platforms/android-36-ext18/data/res/values-mcc310-mnc950-zh-rTW: Cannot utime: Operation not permitted
build	Cache Android SDK	2026-06-06T12:22:53.3553463Z /usr/bin/tar: ../../../../../usr/local/lib/android/sdk/platforms/android-36-ext18/data/res/values-mcc310-mnc950-zh-rTW: Cannot change mode to rwxr-xr-x: Operation not permitted
build	Cache Android SDK	2026-06-06T12:22:53.3555551Z /usr/bin/tar: ../../../../../usr/local/lib/android/sdk/platforms/android-36-ext18/data/res/values-mcc313-mnc100-sq: Cannot utime: Operation not permitted
build	Cache Android SDK	2026-06-06T12:22:53.3556667Z /usr/bin/tar: ../../../../../usr/local/lib/android/sdk/platforms/android-36-ext18/data/res/values-mcc313-mnc100-sq: Cannot change mode to rwxr-xr-x: Operation not permitted
build	Cache Android SDK	2026-06-06T12:22:53.3559142Z /usr/bin/tar: ../../../../../usr/local/lib/android/sdk/platforms/android-36-ext18/data/res/values-mcc334-mnc020-fr-feminine: Cannot utime: Operation not permitted
build	Cache Android SDK	2026-06-06T12:22:53.3560268Z /usr/bin/tar: ../../../../../usr/local/lib/android/sdk/platforms/android-36-ext18/data/res/values-mcc334-mnc020-fr-feminine: Cannot change mode to rwxr-xr-x: Operation not permitted
build	Cache Android SDK	2026-06-06T12:22:53.3562340Z /usr/bin/tar: ../../../../../usr/local/lib/android/sdk/platforms/android-36-ext18/data/res/values-mcc310-mnc280-tr: Cannot utime: Operation not permitted
build	Cache Android SDK	2026-06-06T12:22:53.3563394Z /usr/bin/tar: ../../../../../usr/local/lib/android/sdk/platforms/android-36-ext18/data/res/values-mcc310-mnc280-tr: Cannot change mode to rwxr-xr-x: Operation not permitted
build	Cache Android SDK	2026-06-06T12:22:53.3566061Z /usr/bin/tar: ../../../../../usr/local/lib/android/sdk/platforms/android-36-ext18/data/res/values-mcc302-mnc370-fi: Cannot utime: Operation not permitted
build	Cache Android SDK	2026-06-06T12:22:53.3567100Z /usr/bin/tar: ../../../../../usr/local/lib/android/sdk/platforms/android-36-ext18/data/res/values-mcc302-mnc370-fi: Cannot change mode to rwxr-xr-x: Operation not permitted
build	Cache Android SDK	2026-06-06T12:22:53.3570535Z /usr/bin/tar: ../../../../../usr/local/lib/android/sdk/platforms/android-36-ext18/data/res/values-mcc310-mnc230-hi: Cannot utime: Operation not permitted
build	Cache Android SDK	2026-06-06T12:22:53.3571752Z /usr/bin/tar: ../../../../../usr/local/lib/android/sdk/platforms/android-36-ext18/data/res/values-mcc310-mnc230-hi: Cannot change mode to rwxr-xr-x: Operation not permitted
build	Cache Android SDK	2026-06-06T12:22:53.3576631Z /usr/bin/tar: ../../../../../usr/local/lib/android/sdk/platforms/android-36-ext18/data/res/values-az: Cannot utime: Operation not permitted
build	Cache Android SDK	2026-06-06T12:22:53.3577894Z /usr/bin/tar: ../../../../../usr/local/lib/android/sdk/platforms/android-36-ext18/data/res/values-az: Cannot change mode to rwxr-xr-x: Operation not permitted
build	Cache Android SDK	2026-06-06T12:22:53.3580068Z /usr/bin/tar: ../../../../../usr/local/lib/android/sdk/platforms/android-36-ext18/data/res/values-mcc310-mnc160-sr: Cannot utime: Operation not permitted
build	Cache Android SDK	2026-06-06T12:22:53.3581114Z /usr/bin/tar: ../../../../../usr/local/lib/android/sdk/platforms/android-36-ext18/data/res/values-mcc310-mnc160-sr: Cannot change mode to rwxr-xr-x: Operation not permitted
build	Cache Android SDK	2026-06-06T12:22:53.3583893Z /usr/bin/tar: ../../../../../usr/local/lib/android/sdk/platforms/android-36-ext18/data/res/values-mcc310-mnc250-vi: Cannot utime: Operation not permitted
build	Cache Android SDK	2026-06-06T12:22:53.3585051Z /usr/bin/tar: ../../../../../usr/local/lib/android/sdk/platforms/android-36-ext18/data/res/values-mcc310-mnc250-vi: Cannot change mode to rwxr-xr-x: Operation not permitted
build	Cache Android SDK	2026-06-06T12:22:53.3586767Z /usr/bin/tar: ../../../../../usr/local/lib/android/sdk/platforms/android-36-ext18/data/res/values-mcc302-mnc720-zu: Cannot utime: Operation not permitted
build	Cache Android SDK	2026-06-06T12:22:53.3588261Z /usr/bin/tar: ../../../../../usr/local/lib/android/sdk/platforms/android-36-ext18/data/res/values-mcc302-mnc720-zu: Cannot change mode to rwxr-xr-x: Operation not permitted
build	Cache Android SDK	2026-06-06T12:22:53.3593087Z /usr/bin/tar: ../../../../../usr/local/lib/android/sdk/platforms/android-36-ext18/data/res/values-lt-television: Cannot utime: Operation not permitted
build	Cache Android SDK	2026-06-06T12:22:53.3594583Z /usr/bin/tar: ../../../../../usr/local/lib/android/sdk/platforms/android-36-ext18/data/res/values-lt-television: Cannot change mode to rwxr-xr-x: Operation not permitted
build	Cache Android SDK	2026-06-06T12:22:53.3595555Z /usr/bin/tar: ../../../../../usr/local/lib/android/sdk/platforms/android-36-ext18/data/res/values-mcc313-mnc100-pt: Cannot utime: Operation not permitted
build	Cache Android SDK	2026-06-06T12:22:53.3596945Z /usr/bin/tar: ../../../../../usr/local/lib/android/sdk/platforms/android-36-ext18/data/res/values-mcc313-mnc100-pt: Cannot change mode to rwxr-xr-x: Operation not permitted
build	Cache Android SDK	2026-06-06T12:22:53.3598295Z /usr/bin/tar: ../../../../../usr/local/lib/android/sdk/platforms/android-36-ext18/data/res/values-mcc310-mnc660-km: Cannot utime: Operation not permitted
build	Cache Android SDK	2026-06-06T12:22:53.3599518Z /usr/bin/tar: ../../../../../usr/local/lib/android/sdk/platforms/android-36-ext18/data/res/values-mcc310-mnc660-km: Cannot change mode to rwxr-xr-x: Operation not permitted
build	Cache Android SDK	2026-06-06T12:22:53.3601298Z /usr/bin/tar: ../../../../../usr/local/lib/android/sdk/platforms/android-36-ext18/data/res/values-en-rXC-watch: Cannot utime: Operation not permitted
build	Cache Android SDK	2026-06-06T12:22:53.3602884Z /usr/bin/tar: ../../../../../usr/local/lib/android/sdk/platforms/android-36-ext18/data/res/values-en-rXC-watch: Cannot change mode to rwxr-xr-x: Operation not permitted
build	Cache Android SDK	2026-06-06T12:22:53.3604704Z /usr/bin/tar: ../../../../../usr/local/lib/android/sdk/platforms/android-36-ext18/data/res/values-mcc310-mnc310-pa: Cannot utime: Operation not permitted
build	Cache Android SDK	2026-06-06T12:22:53.3606283Z /usr/bin/tar: ../../../../../usr/local/lib/android/sdk/platforms/android-36-ext18/data/res/values-mcc310-mnc310-pa: Cannot change mode to rwxr-xr-x: Operation not permitted
build	Cache Android SDK	2026-06-06T12:22:53.3607246Z /usr/bin/tar: ../../../../../usr/local/lib/android/sdk/platforms/android-36-ext18/data/res/values-mcc312-mnc670-hy: Cannot utime: Operation not permitted
build	Cache Android SDK	2026-06-06T12:22:53.3608283Z /usr/bin/tar: ../../../../../usr/local/lib/android/sdk/platforms/android-36-ext18/data/res/values-mcc312-mnc670-hy: Cannot change mode to rwxr-xr-x: Operation not permitted
build	Cache Android SDK	2026-06-06T12:22:53.3609633Z /usr/bin/tar: ../../../../../usr/local/lib/android/sdk/platforms/android-36-ext18/data/res/values-mcc310-mnc220-ms: Cannot utime: Operation not permitted
build	Cache Android SDK	2026-06-06T12:22:53.3610588Z /usr/bin/tar: ../../../../../usr/local/lib/android/sdk/platforms/android-36-ext18/data/res/values-mcc310-mnc220-ms: Cannot change mode to rwxr-xr-x: Operation not permitted
build	Cache Android SDK	2026-06-06T12:22:53.3612307Z /usr/bin/tar: ../../../../../usr/local/lib/android/sdk/platforms/android-36-ext18/data/res/values-mcc302-mnc370-ko: Cannot utime: Operation not permitted
build	Cache Android SDK	2026-06-06T12:22:53.3613249Z /usr/bin/tar: ../../../../../usr/local/lib/android/sdk/platforms/android-36-ext18/data/res/values-mcc302-mnc370-ko: Cannot change mode to rwxr-xr-x: Operation not permitted
build	Cache Android SDK	2026-06-06T12:22:53.3615458Z /usr/bin/tar: ../../../../../usr/local/lib/android/sdk/platforms/android-36-ext18/data/res/values-mcc302-mnc720-my: Cannot utime: Operation not permitted
build	Cache Android SDK	2026-06-06T12:22:53.3616397Z /usr/bin/tar: ../../../../../usr/local/lib/android/sdk/platforms/android-36-ext18/data/res/values-mcc302-mnc720-my: Cannot change mode to rwxr-xr-x: Operation not permitted
build	Cache Android SDK	2026-06-06T12:22:53.3623247Z /usr/bin/tar: ../../../../../usr/local/lib/android/sdk/platforms/android-36-ext18/data/res/values-gu: Cannot utime: Operation not permitted
build	Cache Android SDK	2026-06-06T12:22:53.3624609Z /usr/bin/tar: ../../../../../usr/local/lib/android/sdk/platforms/android-36-ext18/data/res/values-gu: Cannot change mode to rwxr-xr-x: Operation not permitted
build	Cache Android SDK	2026-06-06T12:22:53.3626373Z /usr/bin/tar: ../../../../../usr/local/lib/android/sdk/platforms/android-36-ext18/data/res/values-mcc310-mnc270-in: Cannot utime: Operation not permitted
build	Cache Android SDK	2026-06-06T12:22:53.3628548Z /usr/bin/tar: ../../../../../usr/local/lib/android/sdk/platforms/android-36-ext18/data/res/values-mcc310-mnc270-in: Cannot change mode to rwxr-xr-x: Operation not permitted
build	Cache Android SDK	2026-06-06T12:22:53.3630077Z /usr/bin/tar: ../../../../../usr/local/lib/android/sdk/platforms/android-36-ext18/data/res/values-pa-watch: Cannot utime: Operation not permitted
build	Cache Android SDK	2026-06-06T12:22:53.3631109Z /usr/bin/tar: ../../../../../usr/local/lib/android/sdk/platforms/android-36-ext18/data/res/values-pa-watch: Cannot change mode to rwxr-xr-x: Operation not permitted
build	Cache Android SDK	2026-06-06T12:22:53.3632364Z /usr/bin/tar: ../../../../../usr/local/lib/android/sdk/platforms/android-36-ext18/data/res/values-mcc310-mnc170-ca: Cannot utime: Operation not permitted
build	Cache Android SDK	2026-06-06T12:22:53.3633421Z /usr/bin/tar: ../../../../../usr/local/lib/android/sdk/platforms/android-36-ext18/data/res/values-mcc310-mnc170-ca: Cannot change mode to rwxr-xr-x: Operation not permitted
build	Cache Android SDK	2026-06-06T12:22:53.3636051Z /usr/bin/tar: ../../../../../usr/local/lib/android/sdk/platforms/android-36-ext18/data/res/values-mcc310-mnc280-el: Cannot utime: Operation not permitted
build	Cache Android SDK	2026-06-06T12:22:53.3637020Z /usr/bin/tar: ../../../../../usr/local/lib/android/sdk/platforms/android-36-ext18/data/res/values-mcc310-mnc280-el: Cannot change mode to rwxr-xr-x: Operation not permitted
build	Cache Android SDK	2026-06-06T12:22:53.3640165Z /usr/bin/tar: ../../../../../usr/local/lib/android/sdk/platforms/android-36-ext18/data/res/values-mcc310-mnc310-km: Cannot utime: Operation not permitted
build	Cache Android SDK	2026-06-06T12:22:53.3641334Z /usr/bin/tar: ../../../../../usr/local/lib/android/sdk/platforms/android-36-ext18/data/res/values-mcc310-mnc310-km: Cannot change mode to rwxr-xr-x: Operation not permitted
build	Cache Android SDK	2026-06-06T12:22:53.3646797Z /usr/bin/tar: ../../../../../usr/local/lib/android/sdk/platforms/android-36-ext18/data/res/values-mcc302-mnc720-lt: Cannot utime: Operation not permitted
build	Cache Android SDK	2026-06-06T12:22:53.3648016Z /usr/bin/tar: ../../../../../usr/local/lib/android/sdk/platforms/android-36-ext18/data/res/values-mcc302-mnc720-lt: Cannot change mode to rwxr-xr-x: Operation not permitted
build	Cache Android SDK	2026-06-06T12:22:53.3651169Z /usr/bin/tar: ../../../../../usr/local/lib/android/sdk/platforms/android-36-ext18/data/res/values-mcc310-mnc230-en-rGB: Cannot utime: Operation not permitted
build	Cache Android SDK	2026-06-06T12:22:53.3652313Z /usr/bin/tar: ../../../../../usr/local/lib/android/sdk/platforms/android-36-ext18/data/res/values-mcc310-mnc230-en-rGB: Cannot change mode to rwxr-xr-x: Operation not permitted
build	Cache Android SDK	2026-06-06T12:22:53.3654144Z /usr/bin/tar: ../../../../../usr/local/lib/android/sdk/platforms/android-36-ext18/data/res/values-mcc310-mnc150-sv: Cannot utime: Operation not permitted
build	Cache Android SDK	2026-06-06T12:22:53.3655185Z /usr/bin/tar: ../../../../../usr/local/lib/android/sdk/platforms/android-36-ext18/data/res/values-mcc310-mnc150-sv: Cannot change mode to rwxr-xr-x: Operation not permitted
build	Cache Android SDK	2026-06-06T12:22:53.3657203Z /usr/bin/tar: ../../../../../usr/local/lib/android/sdk/platforms/android-36-ext18/data/res/mipmap-xhdpi: Cannot utime: Operation not permitted
build	Cache Android SDK	2026-06-06T12:22:53.3658284Z /usr/bin/tar: ../../../../../usr/local/lib/android/sdk/platforms/android-36-ext18/data/res/mipmap-xhdpi: Cannot change mode to rwxr-xr-x: Operation not permitted
build	Cache Android SDK	2026-06-06T12:22:53.3666200Z /usr/bin/tar: ../../../../../usr/local/lib/android/sdk/platforms/android-36-ext18/data/res/values-mcc310-mnc310-in: Cannot utime: Operation not permitted
build	Cache Android SDK	2026-06-06T12:22:53.3667224Z /usr/bin/tar: ../../../../../usr/local/lib/android/sdk/platforms/android-36-ext18/data/res/values-mcc310-mnc310-in: Cannot change mode to rwxr-xr-x: Operation not permitted
build	Cache Android SDK	2026-06-06T12:22:53.3669516Z /usr/bin/tar: ../../../../../usr/local/lib/android/sdk/platforms/android-36-ext18/data/res/values-mcc310-mnc950-pt-rBR: Cannot utime: Operation not permitted
build	Cache Android SDK	2026-06-06T12:22:53.3670623Z /usr/bin/tar: ../../../../../usr/local/lib/android/sdk/platforms/android-36-ext18/data/res/values-mcc310-mnc950-pt-rBR: Cannot change mode to rwxr-xr-x: Operation not permitted
build	Cache Android SDK	2026-06-06T12:22:53.3673086Z /usr/bin/tar: ../../../../../usr/local/lib/android/sdk/platforms/android-36-ext18/data/res/values-mn-television: Cannot utime: Operation not permitted
build	Cache Android SDK	2026-06-06T12:22:53.3674065Z /usr/bin/tar: ../../../../../usr/local/lib/android/sdk/platforms/android-36-ext18/data/res/values-mn-television: Cannot change mode to rwxr-xr-x: Operation not permitted
build	Cache Android SDK	2026-06-06T12:22:53.3680246Z /usr/bin/tar: ../../../../../usr/local/lib/android/sdk/platforms/android-36-ext18/data/res/values-it: Cannot utime: Operation not permitted
build	Cache Android SDK	2026-06-06T12:22:53.3681562Z /usr/bin/tar: ../../../../../usr/local/lib/android/sdk/platforms/android-36-ext18/data/res/values-it: Cannot change mode to rwxr-xr-x: Operation not permitted
build	Cache Android SDK	2026-06-06T12:22:53.3683047Z /usr/bin/tar: ../../../../../usr/local/lib/android/sdk/platforms/android-36-ext18/data/res/values-mcc310-mnc200-km: Cannot utime: Operation not permitted
build	Cache Android SDK	2026-06-06T12:22:53.3684070Z /usr/bin/tar: ../../../../../usr/local/lib/android/sdk/platforms/android-36-ext18/data/res/values-mcc310-mnc200-km: Cannot change mode to rwxr-xr-x: Operation not permitted
build	Cache Android SDK	2026-06-06T12:22:53.3686186Z /usr/bin/tar: ../../../../../usr/local/lib/android/sdk/platforms/android-36-ext18/data/res/values-mcc311-mnc180-af: Cannot utime: Operation not permitted
build	Cache Android SDK	2026-06-06T12:22:53.3687144Z /usr/bin/tar: ../../../../../usr/local/lib/android/sdk/platforms/android-36-ext18/data/res/values-mcc311-mnc180-af: Cannot change mode to rwxr-xr-x: Operation not permitted
build	Cache Android SDK	2026-06-06T12:22:53.3689518Z /usr/bin/tar: ../../../../../usr/local/lib/android/sdk/platforms/android-36-ext18/data/res/values-mcc310-mnc210: Cannot utime: Operation not permitted
build	Cache Android SDK	2026-06-06T12:22:53.3690465Z /usr/bin/tar: ../../../../../usr/local/lib/android/sdk/platforms/android-36-ext18/data/res/values-mcc310-mnc210: Cannot change mode to rwxr-xr-x: Operation not permitted
build	Cache Android SDK	2026-06-06T12:22:53.3692857Z /usr/bin/tar: ../../../../../usr/local/lib/android/sdk/platforms/android-36-ext18/data/res/values-mcc310-mnc030-hu: Cannot utime: Operation not permitted
build	Cache Android SDK	2026-06-06T12:22:53.3693809Z /usr/bin/tar: ../../../../../usr/local/lib/android/sdk/platforms/android-36-ext18/data/res/values-mcc310-mnc030-hu: Cannot change mode to rwxr-xr-x: Operation not permitted
build	Cache Android SDK	2026-06-06T12:22:53.3700400Z /usr/bin/tar: ../../../../../usr/local/lib/android/sdk/platforms/android-36-ext18/data/res/values-tl: Cannot utime: Operation not permitted
build	Cache Android SDK	2026-06-06T12:22:53.3701283Z /usr/bin/tar: ../../../../../usr/local/lib/android/sdk/platforms/android-36-ext18/data/res/values-tl: Cannot change mode to rwxr-xr-x: Operation not permitted
build	Cache Android SDK	2026-06-06T12:22:53.3705110Z /usr/bin/tar: ../../../../../usr/local/lib/android/sdk/platforms/android-36-ext18/data/res/values-fr-watch: Cannot utime: Operation not permitted
build	Cache Android SDK	2026-06-06T12:22:53.3706113Z /usr/bin/tar: ../../../../../usr/local/lib/android/sdk/platforms/android-36-ext18/data/res/values-fr-watch: Cannot change mode to rwxr-xr-x: Operation not permitted
build	Cache Android SDK	2026-06-06T12:22:53.3708256Z /usr/bin/tar: ../../../../../usr/local/lib/android/sdk/platforms/android-36-ext18/data/res/values-mcc310-mnc030-en-rGB: Cannot utime: Operation not permitted
build	Cache Android SDK	2026-06-06T12:22:53.3709446Z /usr/bin/tar: ../../../../../usr/local/lib/android/sdk/platforms/android-36-ext18/data/res/values-mcc310-mnc030-en-rGB: Cannot change mode to rwxr-xr-x: Operation not permitted
build	Cache Android SDK	2026-06-06T12:22:53.3711576Z /usr/bin/tar: ../../../../../usr/local/lib/android/sdk/platforms/android-36-ext18/data/res/values-mcc302-mnc720-mk: Cannot utime: Operation not permitted
build	Cache Android SDK	2026-06-06T12:22:53.3712731Z /usr/bin/tar: ../../../../../usr/local/lib/android/sdk/platforms/android-36-ext18/data/res/values-mcc302-mnc720-mk: Cannot change mode to rwxr-xr-x: Operation not permitted
build	Cache Android SDK	2026-06-06T12:22:53.3714851Z /usr/bin/tar: ../../../../../usr/local/lib/android/sdk/platforms/android-36-ext18/data/res/values-mcc310-mnc800-hu: Cannot utime: Operation not permitted
build	Cache Android SDK	2026-06-06T12:22:53.3716054Z /usr/bin/tar: ../../../../../usr/local/lib/android/sdk/platforms/android-36-ext18/data/res/values-mcc310-mnc800-hu: Cannot change mode to rwxr-xr-x: Operation not permitted
build	Cache Android SDK	2026-06-06T12:22:53.3718436Z /usr/bin/tar: ../../../../../usr/local/lib/android/sdk/platforms/android-36-ext18/data/res/values-mcc310-mnc250-hi: Cannot utime: Operation not permitted
build	Cache Android SDK	2026-06-06T12:22:53.3719568Z /usr/bin/tar: ../../../../../usr/local/lib/android/sdk/platforms/android-36-ext18/data/res/values-mcc310-mnc250-hi: Cannot change mode to rwxr-xr-x: Operation not permitted
build	Cache Android SDK	2026-06-06T12:22:53.3721844Z /usr/bin/tar: ../../../../../usr/local/lib/android/sdk/platforms/android-36-ext18/data/res/values-mcc310-mnc160-my: Cannot utime: Operation not permitted
build	Cache Android SDK	2026-06-06T12:22:53.3722815Z /usr/bin/tar: ../../../../../usr/local/lib/android/sdk/platforms/android-36-ext18/data/res/values-mcc310-mnc160-my: Cannot change mode to rwxr-xr-x: Operation not permitted
build	Cache Android SDK	2026-06-06T12:22:53.3725170Z /usr/bin/tar: ../../../../../usr/local/lib/android/sdk/platforms/android-36-ext18/data/res/values-mcc310-mnc410-mn: Cannot utime: Operation not permitted
build	Cache Android SDK	2026-06-06T12:22:53.3726298Z /usr/bin/tar: ../../../../../usr/local/lib/android/sdk/platforms/android-36-ext18/data/res/values-mcc310-mnc410-mn: Cannot change mode to rwxr-xr-x: Operation not permitted
build	Cache Android SDK	2026-06-06T12:22:53.3728177Z /usr/bin/tar: ../../../../../usr/local/lib/android/sdk/platforms/android-36-ext18/data/res/values-mcc310-mnc380-ur: Cannot utime: Operation not permitted
build	Cache Android SDK	2026-06-06T12:22:53.3729336Z /usr/bin/tar: ../../../../../usr/local/lib/android/sdk/platforms/android-36-ext18/data/res/values-mcc310-mnc380-ur: Cannot change mode to rwxr-xr-x: Operation not permitted
build	Cache Android SDK	2026-06-06T12:22:53.3731976Z /usr/bin/tar: ../../../../../usr/local/lib/android/sdk/platforms/android-36-ext18/data/res/values-mcc310-mnc150-ja: Cannot utime: Operation not permitted
build	Cache Android SDK	2026-06-06T12:22:53.3733359Z /usr/bin/tar: ../../../../../usr/local/lib/android/sdk/platforms/android-36-ext18/data/res/values-mcc310-mnc150-ja: Cannot change mode to rwxr-xr-x: Operation not permitted
build	Cache Android SDK	2026-06-06T12:22:53.3734736Z /usr/bin/tar: ../../../../../usr/local/lib/android/sdk/platforms/android-36-ext18/data/res/values-mcc310-mnc030-nl: Cannot utime: Operation not permitted
build	Cache Android SDK	2026-06-06T12:22:53.3735685Z /usr/bin/tar: ../../../../../usr/local/lib/android/sdk/platforms/android-36-ext18/data/res/values-mcc310-mnc030-nl: Cannot change mode to rwxr-xr-x: Operation not permitted
build	Cache Android SDK	2026-06-06T12:22:53.3738109Z /usr/bin/tar: ../../../../../usr/local/lib/android/sdk/platforms/android-36-ext18/data/res/values-mcc334-mnc020-ur: Cannot utime: Operation not permitted
build	Cache Android SDK	2026-06-06T12:22:53.3739068Z /usr/bin/tar: ../../../../../usr/local/lib/android/sdk/platforms/android-36-ext18/data/res/values-mcc334-mnc020-ur: Cannot change mode to rwxr-xr-x: Operation not permitted
build	Cache Android SDK	2026-06-06T12:22:53.3741551Z /usr/bin/tar: ../../../../../usr/local/lib/android/sdk/platforms/android-36-ext18/data/res/values-mcc001-mnc01-ky: Cannot utime: Operation not permitted
build	Cache Android SDK	2026-06-06T12:22:53.3742526Z /usr/bin/tar: ../../../../../usr/local/lib/android/sdk/platforms/android-36-ext18/data/res/values-mcc001-mnc01-ky: Cannot change mode to rwxr-xr-x: Operation not permitted
build	Cache Android SDK	2026-06-06T12:22:53.3744527Z /usr/bin/tar: ../../../../../usr/local/lib/android/sdk/platforms/android-36-ext18/data/res/values-mcc310-mnc250-it: Cannot utime: Operation not permitted
build	Cache Android SDK	2026-06-06T12:22:53.3745626Z /usr/bin/tar: ../../../../../usr/local/lib/android/sdk/platforms/android-36-ext18/data/res/values-mcc310-mnc250-it: Cannot change mode to rwxr-xr-x: Operation not permitted
build	Cache Android SDK	2026-06-06T12:22:53.3748234Z /usr/bin/tar: ../../../../../usr/local/lib/android/sdk/platforms/android-36-ext18/data/res/values-mcc310-mnc800-en-rAU: Cannot utime: Operation not permitted
build	Cache Android SDK	2026-06-06T12:22:53.3749239Z /usr/bin/tar: ../../../../../usr/local/lib/android/sdk/platforms/android-36-ext18/data/res/values-mcc310-mnc800-en-rAU: Cannot change mode to rwxr-xr-x: Operation not permitted
build	Cache Android SDK	2026-06-06T12:22:53.3751283Z /usr/bin/tar: ../../../../../usr/local/lib/android/sdk/platforms/android-36-ext18/data/res/values-mcc001: Cannot utime: Operation not permitted
build	Cache Android SDK	2026-06-06T12:22:53.3752255Z /usr/bin/tar: ../../../../../usr/local/lib/android/sdk/platforms/android-36-ext18/data/res/values-mcc001: Cannot change mode to rwxr-xr-x: Operation not permitted
build	Cache Android SDK	2026-06-06T12:22:53.3754614Z /usr/bin/tar: ../../../../../usr/local/lib/android/sdk/platforms/android-36-ext18/data/res/values-mcc310-mnc270-bg: Cannot utime: Operation not permitted
build	Cache Android SDK	2026-06-06T12:22:53.3755680Z /usr/bin/tar: ../../../../../usr/local/lib/android/sdk/platforms/android-36-ext18/data/res/values-mcc310-mnc270-bg: Cannot change mode to rwxr-xr-x: Operation not permitted
build	Cache Android SDK	2026-06-06T12:22:53.3757986Z /usr/bin/tar: ../../../../../usr/local/lib/android/sdk/platforms/android-36-ext18/data/res/values-xlarge-land: Cannot utime: Operation not permitted
build	Cache Android SDK	2026-06-06T12:22:53.3759048Z /usr/bin/tar: ../../../../../usr/local/lib/android/sdk/platforms/android-36-ext18/data/res/values-xlarge-land: Cannot change mode to rwxr-xr-x: Operation not permitted
build	Cache Android SDK	2026-06-06T12:22:53.3761529Z /usr/bin/tar: ../../../../../usr/local/lib/android/sdk/platforms/android-36-ext18/data/res/values-uk-watch: Cannot utime: Operation not permitted
build	Cache Android SDK	2026-06-06T12:22:53.3762558Z /usr/bin/tar: ../../../../../usr/local/lib/android/sdk/platforms/android-36-ext18/data/res/values-uk-watch: Cannot change mode to rwxr-xr-x: Operation not permitted
build	Cache Android SDK	2026-06-06T12:22:53.3764985Z /usr/bin/tar: ../../../../../usr/local/lib/android/sdk/platforms/android-36-ext18/data/res/values-mcc302-mnc720-sk: Cannot utime: Operation not permitted
build	Cache Android SDK	2026-06-06T12:22:53.3766038Z /usr/bin/tar: ../../../../../usr/local/lib/android/sdk/platforms/android-36-ext18/data/res/values-mcc302-mnc720-sk: Cannot change mode to rwxr-xr-x: Operation not permitted
build	Cache Android SDK	2026-06-06T12:22:53.3768269Z /usr/bin/tar: ../../../../../usr/local/lib/android/sdk/platforms/android-36-ext18/data/res/values-mcc310-mnc200-zh-rTW: Cannot utime: Operation not permitted
build	Cache Android SDK	2026-06-06T12:22:53.3769365Z /usr/bin/tar: ../../../../../usr/local/lib/android/sdk/platforms/android-36-ext18/data/res/values-mcc310-mnc200-zh-rTW: Cannot change mode to rwxr-xr-x: Operation not permitted
build	Cache Android SDK	2026-06-06T12:22:53.3772258Z /usr/bin/tar: ../../../../../usr/local/lib/android/sdk/platforms/android-36-ext18/data/res/values-mcc310-mnc410-si: Cannot utime: Operation not permitted
build	Cache Android SDK	2026-06-06T12:22:53.3773236Z /usr/bin/tar: ../../../../../usr/local/lib/android/sdk/platforms/android-36-ext18/data/res/values-mcc310-mnc410-si: Cannot change mode to rwxr-xr-x: Operation not permitted
build	Cache Android SDK	2026-06-06T12:22:53.3775864Z /usr/bin/tar: ../../../../../usr/local/lib/android/sdk/platforms/android-36-ext18/data/res/values-mcc310-mnc270-hu: Cannot utime: Operation not permitted
build	Cache Android SDK	2026-06-06T12:22:53.3776944Z /usr/bin/tar: ../../../../../usr/local/lib/android/sdk/platforms/android-36-ext18/data/res/values-mcc310-mnc270-hu: Cannot change mode to rwxr-xr-x: Operation not permitted
build	Cache Android SDK	2026-06-06T12:22:53.3780005Z /usr/bin/tar: ../../../../../usr/local/lib/android/sdk/platforms/android-36-ext18/data/res/values-mcc310-mnc800-pa: Cannot utime: Operation not permitted
build	Cache Android SDK	2026-06-06T12:22:53.3786492Z /usr/bin/tar: ../../../../../usr/local/lib/android/sdk/platforms/android-36-ext18/data/res/values-mcc310-mnc800-pa: Cannot change mode to rwxr-xr-x: Operation not permitted
build	Cache Android SDK	2026-06-06T12:22:53.3788730Z /usr/bin/tar: ../../../../../usr/local/lib/android/sdk/platforms/android-36-ext18/data/res/values-mn: Cannot utime: Operation not permitted
build	Cache Android SDK	2026-06-06T12:22:53.3789991Z /usr/bin/tar: ../../../../../usr/local/lib/android/sdk/platforms/android-36-ext18/data/res/values-mn: Cannot change mode to rwxr-xr-x: Operation not permitted
build	Cache Android SDK	2026-06-06T12:22:53.3793123Z /usr/bin/tar: ../../../../../usr/local/lib/android/sdk/platforms/android-36-ext18/data/res/values-lv-rLV: Cannot utime: Operation not permitted
build	Cache Android SDK	2026-06-06T12:22:53.3795243Z /usr/bin/tar: ../../../../../usr/local/lib/android/sdk/platforms/android-36-ext18/data/res/values-lv-rLV: Cannot change mode to rwxr-xr-x: Operation not permitted
build	Cache Android SDK	2026-06-06T12:22:53.3796600Z /usr/bin/tar: ../../../../../usr/local/lib/android/sdk/platforms/android-36-ext18/data/res/values-mcc313-mnc100-lt: Cannot utime: Operation not permitted
build	Cache Android SDK	2026-06-06T12:22:53.3799612Z /usr/bin/tar: ../../../../../usr/local/lib/android/sdk/platforms/android-36-ext18/data/res/values-mcc313-mnc100-lt: Cannot change mode to rwxr-xr-x: Operation not permitted
build	Cache Android SDK	2026-06-06T12:22:53.3800555Z /usr/bin/tar: ../../../../../usr/local/lib/android/sdk/platforms/android-36-ext18/data/res/raw-it: Cannot utime: Operation not permitted
build	Cache Android SDK	2026-06-06T12:22:53.3802906Z /usr/bin/tar: ../../../../../usr/local/lib/android/sdk/platforms/android-36-ext18/data/res/raw-it: Cannot change mode to rwxr-xr-x: Operation not permitted
build	Cache Android SDK	2026-06-06T12:22:53.3803814Z /usr/bin/tar: ../../../../../usr/local/lib/android/sdk/platforms/android-36-ext18/data/res/values-mcc312-mnc670-my: Cannot utime: Operation not permitted
build	Cache Android SDK	2026-06-06T12:22:53.3804990Z /usr/bin/tar: ../../../../../usr/local/lib/android/sdk/platforms/android-36-ext18/data/res/values-mcc312-mnc670-my: Cannot change mode to rwxr-xr-x: Operation not permitted
build	Cache Android SDK	2026-06-06T12:22:53.3806576Z /usr/bin/tar: ../../../../../usr/local/lib/android/sdk/platforms/android-36-ext18/data/res/values-sr-watch: Cannot utime: Operation not permitted
build	Cache Android SDK	2026-06-06T12:22:53.3807682Z /usr/bin/tar: ../../../../../usr/local/lib/android/sdk/platforms/android-36-ext18/data/res/values-sr-watch: Cannot change mode to rwxr-xr-x: Operation not permitted
build	Cache Android SDK	2026-06-06T12:22:53.3810219Z /usr/bin/tar: ../../../../../usr/local/lib/android/sdk/platforms/android-36-ext18/data/res/values-mcc310-mnc660-lv: Cannot utime: Operation not permitted
build	Cache Android SDK	2026-06-06T12:22:53.3811186Z /usr/bin/tar: ../../../../../usr/local/lib/android/sdk/platforms/android-36-ext18/data/res/values-mcc310-mnc660-lv: Cannot change mode to rwxr-xr-x: Operation not permitted
build	Cache Android SDK	2026-06-06T12:22:53.3813207Z /usr/bin/tar: ../../../../../usr/local/lib/android/sdk/platforms/android-36-ext18/data/res/values-mcc001-mnc01-en-rAU: Cannot utime: Operation not permitted
build	Cache Android SDK	2026-06-06T12:22:53.3814213Z /usr/bin/tar: ../../../../../usr/local/lib/android/sdk/platforms/android-36-ext18/data/res/values-mcc001-mnc01-en-rAU: Cannot change mode to rwxr-xr-x: Operation not permitted
build	Cache Android SDK	2026-06-06T12:22:53.3816628Z /usr/bin/tar: ../../../../../usr/local/lib/android/sdk/platforms/android-36-ext18/data/res/values-mcc310-mnc660-mn: Cannot utime: Operation not permitted
build	Cache Android SDK	2026-06-06T12:22:53.3817915Z /usr/bin/tar: ../../../../../usr/local/lib/android/sdk/platforms/android-36-ext18/data/res/values-mcc310-mnc660-mn: Cannot change mode to rwxr-xr-x: Operation not permitted
build	Cache Android SDK	2026-06-06T12:22:53.3819721Z /usr/bin/tar: ../../../../../usr/local/lib/android/sdk/platforms/android-36-ext18/data/res/values-mcc313-mnc100-pt-rPT: Cannot utime: Operation not permitted
build	Cache Android SDK	2026-06-06T12:22:53.3820718Z /usr/bin/tar: ../../../../../usr/local/lib/android/sdk/platforms/android-36-ext18/data/res/values-mcc313-mnc100-pt-rPT: Cannot change mode to rwxr-xr-x: Operation not permitted
build	Cache Android SDK	2026-06-06T12:22:53.3823595Z /usr/bin/tar: ../../../../../usr/local/lib/android/sdk/platforms/android-36-ext18/data/res/values-mcc302-mnc720-et: Cannot utime: Operation not permitted
build	Cache Android SDK	2026-06-06T12:22:53.3824575Z /usr/bin/tar: ../../../../../usr/local/lib/android/sdk/platforms/android-36-ext18/data/res/values-mcc302-mnc720-et: Cannot change mode to rwxr-xr-x: Operation not permitted
build	Cache Android SDK	2026-06-06T12:22:53.3826561Z /usr/bin/tar: ../../../../../usr/local/lib/android/sdk/platforms/android-36-ext18/data/res/values-mcc310-mnc410-zu: Cannot utime: Operation not permitted
build	Cache Android SDK	2026-06-06T12:22:53.3827700Z /usr/bin/tar: ../../../../../usr/local/lib/android/sdk/platforms/android-36-ext18/data/res/values-mcc310-mnc410-zu: Cannot change mode to rwxr-xr-x: Operation not permitted
build	Cache Android SDK	2026-06-06T12:22:53.3833387Z /usr/bin/tar: ../../../../../usr/local/lib/android/sdk/platforms/android-36-ext18/data/res/values-zu: Cannot utime: Operation not permitted
build	Cache Android SDK	2026-06-06T12:22:53.3834696Z /usr/bin/tar: ../../../../../usr/local/lib/android/sdk/platforms/android-36-ext18/data/res/values-zu: Cannot change mode to rwxr-xr-x: Operation not permitted
build	Cache Android SDK	2026-06-06T12:22:53.3837254Z /usr/bin/tar: ../../../../../usr/local/lib/android/sdk/platforms/android-36-ext18/data/res/values-mcc310-mnc150-mk: Cannot utime: Operation not permitted
build	Cache Android SDK	2026-06-06T12:22:53.3838891Z /usr/bin/tar: ../../../../../usr/local/lib/android/sdk/platforms/android-36-ext18/data/res/values-mcc310-mnc150-mk: Cannot change mode to rwxr-xr-x: Operation not permitted
build	Cache Android SDK	2026-06-06T12:22:53.3840720Z /usr/bin/tar: ../../../../../usr/local/lib/android/sdk/platforms/android-36-ext18/data/res/values-mcc310-mnc410-zh-rHK: Cannot utime: Operation not permitted
build	Cache Android SDK	2026-06-06T12:22:53.3841715Z /usr/bin/tar: ../../../../../usr/local/lib/android/sdk/platforms/android-36-ext18/data/res/values-mcc310-mnc410-zh-rHK: Cannot change mode to rwxr-xr-x: Operation not permitted
build	Cache Android SDK	2026-06-06T12:22:53.3843653Z /usr/bin/tar: ../../../../../usr/local/lib/android/sdk/platforms/android-36-ext18/data/res/values-mcc310-mnc280-tl: Cannot utime: Operation not permitted
build	Cache Android SDK	2026-06-06T12:22:53.3844628Z /usr/bin/tar: ../../../../../usr/local/lib/android/sdk/platforms/android-36-ext18/data/res/values-mcc310-mnc280-tl: Cannot change mode to rwxr-xr-x: Operation not permitted
build	Cache Android SDK	2026-06-06T12:22:53.3847019Z /usr/bin/tar: ../../../../../usr/local/lib/android/sdk/platforms/android-36-ext18/data/res/values-mcc310-mnc200-pt-rBR: Cannot utime: Operation not permitted
build	Cache Android SDK	2026-06-06T12:22:53.3848383Z /usr/bin/tar: ../../../../../usr/local/lib/android/sdk/platforms/android-36-ext18/data/res/values-mcc310-mnc200-pt-rBR: Cannot change mode to rwxr-xr-x: Operation not permitted
build	Cache Android SDK	2026-06-06T12:22:53.3850155Z /usr/bin/tar: ../../../../../usr/local/lib/android/sdk/platforms/android-36-ext18/data/res/values-mcc310-mnc410-en-rCA: Cannot utime: Operation not permitted
build	Cache Android SDK	2026-06-06T12:22:53.3851961Z /usr/bin/tar: ../../../../../usr/local/lib/android/sdk/platforms/android-36-ext18/data/res/values-mcc310-mnc410-en-rCA: Cannot change mode to rwxr-xr-x: Operation not permitted
build	Cache Android SDK	2026-06-06T12:22:53.3853505Z /usr/bin/tar: ../../../../../usr/local/lib/android/sdk/platforms/android-36-ext18/data/res/values-mcc310-mnc030-ro: Cannot utime: Operation not permitted
build	Cache Android SDK	2026-06-06T12:22:53.3854601Z /usr/bin/tar: ../../../../../usr/local/lib/android/sdk/platforms/android-36-ext18/data/res/values-mcc310-mnc030-ro: Cannot change mode to rwxr-xr-x: Operation not permitted
build	Cache Android SDK	2026-06-06T12:22:53.3856335Z /usr/bin/tar: ../../../../../usr/local/lib/android/sdk/platforms/android-36-ext18/data/res/values-mcc310-mnc380-ky: Cannot utime: Operation not permitted
build	Cache Android SDK	2026-06-06T12:22:53.3857646Z /usr/bin/tar: ../../../../../usr/local/lib/android/sdk/platforms/android-36-ext18/data/res/values-mcc310-mnc380-ky: Cannot change mode to rwxr-xr-x: Operation not permitted
build	Cache Android SDK	2026-06-06T12:22:53.3861043Z /usr/bin/tar: ../../../../../usr/local/lib/android/sdk/platforms/android-36-ext18/data/res/values-mcc310-mnc800-et: Cannot utime: Operation not permitted
build	Cache Android SDK	2026-06-06T12:22:53.3862766Z /usr/bin/tar: ../../../../../usr/local/lib/android/sdk/platforms/android-36-ext18/data/res/values-mcc310-mnc800-et: Cannot change mode to rwxr-xr-x: Operation not permitted
build	Cache Android SDK	2026-06-06T12:22:53.3866428Z /usr/bin/tar: ../../../../../usr/local/lib/android/sdk/platforms/android-36-ext18/data/res/values-be: Cannot utime: Operation not permitted
build	Cache Android SDK	2026-06-06T12:22:53.3868063Z /usr/bin/tar: ../../../../../usr/local/lib/android/sdk/platforms/android-36-ext18/data/res/values-be: Cannot change mode to rwxr-xr-x: Operation not permitted
build	Cache Android SDK	2026-06-06T12:22:53.3869981Z /usr/bin/tar: ../../../../../usr/local/lib/android/sdk/platforms/android-36-ext18/data/res/values-mcc310-mnc310-el: Cannot utime: Operation not permitted
build	Cache Android SDK	2026-06-06T12:22:53.3871538Z /usr/bin/tar: ../../../../../usr/local/lib/android/sdk/platforms/android-36-ext18/data/res/values-mcc310-mnc310-el: Cannot change mode to rwxr-xr-x: Operation not permitted
build	Cache Android SDK	2026-06-06T12:22:53.3873531Z /usr/bin/tar: ../../../../../usr/local/lib/android/sdk/platforms/android-36-ext18/data/res/values-mcc310-mnc490-ta: Cannot utime: Operation not permitted
build	Cache Android SDK	2026-06-06T12:22:53.3874766Z /usr/bin/tar: ../../../../../usr/local/lib/android/sdk/platforms/android-36-ext18/data/res/values-mcc310-mnc490-ta: Cannot change mode to rwxr-xr-x: Operation not permitted
build	Cache Android SDK	2026-06-06T12:22:53.3876337Z /usr/bin/tar: ../../../../../usr/local/lib/android/sdk/platforms/android-36-ext18/data/res/values-mcc310-mnc310-hu: Cannot utime: Operation not permitted
build	Cache Android SDK	2026-06-06T12:22:53.3877311Z /usr/bin/tar: ../../../../../usr/local/lib/android/sdk/platforms/android-36-ext18/data/res/values-mcc310-mnc310-hu: Cannot change mode to rwxr-xr-x: Operation not permitted
build	Cache Android SDK	2026-06-06T12:22:53.3879542Z /usr/bin/tar: ../../../../../usr/local/lib/android/sdk/platforms/android-36-ext18/data/res/values-mcc310-mnc800-ko: Cannot utime: Operation not permitted
build	Cache Android SDK	2026-06-06T12:22:53.3880493Z /usr/bin/tar: ../../../../../usr/local/lib/android/sdk/platforms/android-36-ext18/data/res/values-mcc310-mnc800-ko: Cannot change mode to rwxr-xr-x: Operation not permitted
build	Cache Android SDK	2026-06-06T12:22:53.3882823Z /usr/bin/tar: ../../../../../usr/local/lib/android/sdk/platforms/android-36-ext18/data/res/values-mcc311-mnc180-km: Cannot utime: Operation not permitted
build	Cache Android SDK	2026-06-06T12:22:53.3884059Z /usr/bin/tar: ../../../../../usr/local/lib/android/sdk/platforms/android-36-ext18/data/res/values-mcc311-mnc180-km: Cannot change mode to rwxr-xr-x: Operation not permitted
build	Cache Android SDK	2026-06-06T12:22:53.3885723Z /usr/bin/tar: ../../../../../usr/local/lib/android/sdk/platforms/android-36-ext18/data/res/values-mcc310-mnc660-az: Cannot utime: Operation not permitted
build	Cache Android SDK	2026-06-06T12:22:53.3886687Z /usr/bin/tar: ../../../../../usr/local/lib/android/sdk/platforms/android-36-ext18/data/res/values-mcc310-mnc660-az: Cannot change mode to rwxr-xr-x: Operation not permitted
build	Cache Android SDK	2026-06-06T12:22:53.3888891Z /usr/bin/tar: ../../../../../usr/local/lib/android/sdk/platforms/android-36-ext18/data/res/values-mcc310-mnc210-zh-rHK: Cannot utime: Operation not permitted
build	Cache Android SDK	2026-06-06T12:22:53.3889894Z /usr/bin/tar: ../../../../../usr/local/lib/android/sdk/platforms/android-36-ext18/data/res/values-mcc310-mnc210-zh-rHK: Cannot change mode to rwxr-xr-x: Operation not permitted
build	Cache Android SDK	2026-06-06T12:22:53.3891961Z /usr/bin/tar: ../../../../../usr/local/lib/android/sdk/platforms/android-36-ext18/data/res/values-ja-watch: Cannot utime: Operation not permitted
build	Cache Android SDK	2026-06-06T12:22:53.3892898Z /usr/bin/tar: ../../../../../usr/local/lib/android/sdk/platforms/android-36-ext18/data/res/values-ja-watch: Cannot change mode to rwxr-xr-x: Operation not permitted
build	Cache Android SDK	2026-06-06T12:22:53.3895424Z /usr/bin/tar: ../../../../../usr/local/lib/android/sdk/platforms/android-36-ext18/data/res/values-mcc312-mnc670-zh-rCN: Cannot utime: Operation not permitted
build	Cache Android SDK	2026-06-06T12:22:53.3896446Z /usr/bin/tar: ../../../../../usr/local/lib/android/sdk/platforms/android-36-ext18/data/res/values-mcc312-mnc670-zh-rCN: Cannot change mode to rwxr-xr-x: Operation not permitted
build	Cache Android SDK	2026-06-06T12:22:53.3898487Z /usr/bin/tar: ../../../../../usr/local/lib/android/sdk/platforms/android-36-ext18/data/res/values-mcc302-mnc370-en-rXC: Cannot utime: Operation not permitted
build	Cache Android SDK	2026-06-06T12:22:53.3899478Z /usr/bin/tar: ../../../../../usr/local/lib/android/sdk/platforms/android-36-ext18/data/res/values-mcc302-mnc370-en-rXC: Cannot change mode to rwxr-xr-x: Operation not permitted
build	Cache Android SDK	2026-06-06T12:22:53.3902020Z /usr/bin/tar: ../../../../../usr/local/lib/android/sdk/platforms/android-36-ext18/data/res/values-mcc310-mnc160-kn: Cannot utime: Operation not permitted
build	Cache Android SDK	2026-06-06T12:22:53.3903196Z /usr/bin/tar: ../../../../../usr/local/lib/android/sdk/platforms/android-36-ext18/data/res/values-mcc310-mnc160-kn: Cannot change mode to rwxr-xr-x: Operation not permitted
build	Cache Android SDK	2026-06-06T12:22:53.3904747Z /usr/bin/tar: ../../../../../usr/local/lib/android/sdk/platforms/android-36-ext18/data/res/values-mcc310-mnc170-th: Cannot utime: Operation not permitted
build	Cache Android SDK	2026-06-06T12:22:53.3905761Z /usr/bin/tar: ../../../../../usr/local/lib/android/sdk/platforms/android-36-ext18/data/res/values-mcc310-mnc170-th: Cannot change mode to rwxr-xr-x: Operation not permitted
build	Cache Android SDK	2026-06-06T12:22:53.3912248Z /usr/bin/tar: ../../../../../usr/local/lib/android/sdk/platforms/android-36-ext18/data/res/values-en-rCA: Cannot utime: Operation not permitted
build	Cache Android SDK	2026-06-06T12:22:53.3913906Z /usr/bin/tar: ../../../../../usr/local/lib/android/sdk/platforms/android-36-ext18/data/res/values-en-rCA: Cannot change mode to rwxr-xr-x: Operation not permitted
build	Cache Android SDK	2026-06-06T12:22:53.3915276Z /usr/bin/tar: ../../../../../usr/local/lib/android/sdk/platforms/android-36-ext18/data/res/values-mcc310-mnc490-vi: Cannot utime: Operation not permitted
build	Cache Android SDK	2026-06-06T12:22:53.3916354Z /usr/bin/tar: ../../../../../usr/local/lib/android/sdk/platforms/android-36-ext18/data/res/values-mcc310-mnc490-vi: Cannot change mode to rwxr-xr-x: Operation not permitted
build	Cache Android SDK	2026-06-06T12:22:53.3919228Z /usr/bin/tar: ../../../../../usr/local/lib/android/sdk/platforms/android-36-ext18/data/res/values-mcc310-mnc210-eu: Cannot utime: Operation not permitted
build	Cache Android SDK	2026-06-06T12:22:53.3920679Z /usr/bin/tar: ../../../../../usr/local/lib/android/sdk/platforms/android-36-ext18/data/res/values-mcc310-mnc210-eu: Cannot change mode to rwxr-xr-x: Operation not permitted
build	Cache Android SDK	2026-06-06T12:22:53.3922236Z /usr/bin/tar: ../../../../../usr/local/lib/android/sdk/platforms/android-36-ext18/data/res/values-mcc312-mnc670-si: Cannot utime: Operation not permitted
build	Cache Android SDK	2026-06-06T12:22:53.3923208Z /usr/bin/tar: ../../../../../usr/local/lib/android/sdk/platforms/android-36-ext18/data/res/values-mcc312-mnc670-si: Cannot change mode to rwxr-xr-x: Operation not permitted
build	Cache Android SDK	2026-06-06T12:22:53.3926268Z /usr/bin/tar: ../../../../../usr/local/lib/android/sdk/platforms/android-36-ext18/data/res/mipmap-mdpi: Cannot utime: Operation not permitted
build	Cache Android SDK	2026-06-06T12:22:53.3927217Z /usr/bin/tar: ../../../../../usr/local/lib/android/sdk/platforms/android-36-ext18/data/res/mipmap-mdpi: Cannot change mode to rwxr-xr-x: Operation not permitted
build	Cache Android SDK	2026-06-06T12:22:53.3929267Z /usr/bin/tar: ../../../../../usr/local/lib/android/sdk/platforms/android-36-ext18/data/res/values-mcc310-mnc170-is: Cannot utime: Operation not permitted
build	Cache Android SDK	2026-06-06T12:22:53.3930259Z /usr/bin/tar: ../../../../../usr/local/lib/android/sdk/platforms/android-36-ext18/data/res/values-mcc310-mnc170-is: Cannot change mode to rwxr-xr-x: Operation not permitted
build	Cache Android SDK	2026-06-06T12:22:53.3933164Z /usr/bin/tar: ../../../../../usr/local/lib/android/sdk/platforms/android-36-ext18/data/res/values-mcc310-mnc950-et: Cannot utime: Operation not permitted
build	Cache Android SDK	2026-06-06T12:22:53.3934149Z /usr/bin/tar: ../../../../../usr/local/lib/android/sdk/platforms/android-36-ext18/data/res/values-mcc310-mnc950-et: Cannot change mode to rwxr-xr-x: Operation not permitted
build	Cache Android SDK	2026-06-06T12:22:53.3936291Z /usr/bin/tar: ../../../../../usr/local/lib/android/sdk/platforms/android-36-ext18/data/res/values-mcc310-mnc200-gu: Cannot utime: Operation not permitted
build	Cache Android SDK	2026-06-06T12:22:53.3937261Z /usr/bin/tar: ../../../../../usr/local/lib/android/sdk/platforms/android-36-ext18/data/res/values-mcc310-mnc200-gu: Cannot change mode to rwxr-xr-x: Operation not permitted
build	Cache Android SDK	2026-06-06T12:22:53.3940040Z /usr/bin/tar: ../../../../../usr/local/lib/android/sdk/platforms/android-36-ext18/data/res/values-mcc313-mnc100-ar: Cannot utime: Operation not permitted
build	Cache Android SDK	2026-06-06T12:22:53.3941042Z /usr/bin/tar: ../../../../../usr/local/lib/android/sdk/platforms/android-36-ext18/data/res/values-mcc313-mnc100-ar: Cannot change mode to rwxr-xr-x: Operation not permitted
build	Cache Android SDK	2026-06-06T12:22:53.3944212Z /usr/bin/tar: ../../../../../usr/local/lib/android/sdk/platforms/android-36-ext18/data/res/values-mcc001-mnc01-nl: Cannot utime: Operation not permitted
build	Cache Android SDK	2026-06-06T12:22:53.3945225Z /usr/bin/tar: ../../../../../usr/local/lib/android/sdk/platforms/android-36-ext18/data/res/values-mcc001-mnc01-nl: Cannot change mode to rwxr-xr-x: Operation not permitted
build	Cache Android SDK	2026-06-06T12:22:53.3947064Z /usr/bin/tar: ../../../../../usr/local/lib/android/sdk/platforms/android-36-ext18/data/res/values-mcc310-mnc270-pt-rBR: Cannot utime: Operation not permitted
build	Cache Android SDK	2026-06-06T12:22:53.3948253Z /usr/bin/tar: ../../../../../usr/local/lib/android/sdk/platforms/android-36-ext18/data/res/values-mcc310-mnc270-pt-rBR: Cannot change mode to rwxr-xr-x: Operation not permitted
build	Cache Android SDK	2026-06-06T12:22:53.3950474Z /usr/bin/tar: ../../../../../usr/local/lib/android/sdk/platforms/android-36-ext18/data/res/values-mcc310-mnc410-nb: Cannot utime: Operation not permitted
build	Cache Android SDK	2026-06-06T12:22:53.3951561Z /usr/bin/tar: ../../../../../usr/local/lib/android/sdk/platforms/android-36-ext18/data/res/values-mcc310-mnc410-nb: Cannot change mode to rwxr-xr-x: Operation not permitted
build	Cache Android SDK	2026-06-06T12:22:53.3956046Z /usr/bin/tar: ../../../../../usr/local/lib/android/sdk/platforms/android-36-ext18/data/res/values-iw-television: Cannot utime: Operation not permitted
build	Cache Android SDK	2026-06-06T12:22:53.3957227Z /usr/bin/tar: ../../../../../usr/local/lib/android/sdk/platforms/android-36-ext18/data/res/values-iw-television: Cannot change mode to rwxr-xr-x: Operation not permitted
build	Cache Android SDK	2026-06-06T12:22:53.3959318Z /usr/bin/tar: ../../../../../usr/local/lib/android/sdk/platforms/android-36-ext18/data/res/values-mcc334-mnc020-da: Cannot utime: Operation not permitted
build	Cache Android SDK	2026-06-06T12:22:53.3960451Z /usr/bin/tar: ../../../../../usr/local/lib/android/sdk/platforms/android-36-ext18/data/res/values-mcc334-mnc020-da: Cannot change mode to rwxr-xr-x: Operation not permitted
build	Cache Android SDK	2026-06-06T12:22:53.3963179Z /usr/bin/tar: ../../../../../usr/local/lib/android/sdk/platforms/android-36-ext18/data/res/values-mcc001-mnc01-zh-rHK: Cannot utime: Operation not permitted
build	Cache Android SDK	2026-06-06T12:22:53.3964200Z /usr/bin/tar: ../../../../../usr/local/lib/android/sdk/platforms/android-36-ext18/data/res/values-mcc001-mnc01-zh-rHK: Cannot change mode to rwxr-xr-x: Operation not permitted
build	Cache Android SDK	2026-06-06T12:22:53.3966859Z /usr/bin/tar: ../../../../../usr/local/lib/android/sdk/platforms/android-36-ext18/data/res/values-mcc310-mnc270-ar: Cannot utime: Operation not permitted
build	Cache Android SDK	2026-06-06T12:22:53.3967987Z /usr/bin/tar: ../../../../../usr/local/lib/android/sdk/platforms/android-36-ext18/data/res/values-mcc310-mnc270-ar: Cannot change mode to rwxr-xr-x: Operation not permitted
build	Cache Android SDK	2026-06-06T12:22:53.3970501Z /usr/bin/tar: ../../../../../usr/local/lib/android/sdk/platforms/android-36-ext18/data/res/values-mcc001-mnc01-tr: Cannot utime: Operation not permitted
build	Cache Android SDK	2026-06-06T12:22:53.3971475Z /usr/bin/tar: ../../../../../usr/local/lib/android/sdk/platforms/android-36-ext18/data/res/values-mcc001-mnc01-tr: Cannot change mode to rwxr-xr-x: Operation not permitted
build	Cache Android SDK	2026-06-06T12:22:53.3974006Z /usr/bin/tar: ../../../../../usr/local/lib/android/sdk/platforms/android-36-ext18/data/res/values-mcc310-mnc030-mn: Cannot utime: Operation not permitted
build	Cache Android SDK	2026-06-06T12:22:53.3974980Z /usr/bin/tar: ../../../../../usr/local/lib/android/sdk/platforms/android-36-ext18/data/res/values-mcc310-mnc030-mn: Cannot change mode to rwxr-xr-x: Operation not permitted
build	Cache Android SDK	2026-06-06T12:22:53.3976976Z /usr/bin/tar: ../../../../../usr/local/lib/android/sdk/platforms/android-36-ext18/data/res/values-mcc302-mnc720-en-rXC: Cannot utime: Operation not permitted
build	Cache Android SDK	2026-06-06T12:22:53.3978169Z /usr/bin/tar: ../../../../../usr/local/lib/android/sdk/platforms/android-36-ext18/data/res/values-mcc302-mnc720-en-rXC: Cannot change mode to rwxr-xr-x: Operation not permitted
build	Cache Android SDK	2026-06-06T12:22:53.3980624Z /usr/bin/tar: ../../../../../usr/local/lib/android/sdk/platforms/android-36-ext18/data/res/values-mcc310-mnc160-nb: Cannot utime: Operation not permitted
build	Cache Android SDK	2026-06-06T12:22:53.3981589Z /usr/bin/tar: ../../../../../usr/local/lib/android/sdk/platforms/android-36-ext18/data/res/values-mcc310-mnc160-nb: Cannot change mode to rwxr-xr-x: Operation not permitted
build	Cache Android SDK	2026-06-06T12:22:53.3983524Z /usr/bin/tar: ../../../../../usr/local/lib/android/sdk/platforms/android-36-ext18/data/res/values-mcc310-mnc150-da: Cannot utime: Operation not permitted
build	Cache Android SDK	2026-06-06T12:22:53.3984484Z /usr/bin/tar: ../../../../../usr/local/lib/android/sdk/platforms/android-36-ext18/data/res/values-mcc310-mnc150-da: Cannot change mode to rwxr-xr-x: Operation not permitted
build	Cache Android SDK	2026-06-06T12:22:53.3987019Z /usr/bin/tar: ../../../../../usr/local/lib/android/sdk/platforms/android-36-ext18/data/res/values-mcc310-mnc800-en-rGB: Cannot utime: Operation not permitted
build	Cache Android SDK	2026-06-06T12:22:53.3988367Z /usr/bin/tar: ../../../../../usr/local/lib/android/sdk/platforms/android-36-ext18/data/res/values-mcc310-mnc800-en-rGB: Cannot change mode to rwxr-xr-x: Operation not permitted
build	Cache Android SDK	2026-06-06T12:22:53.3990322Z /usr/bin/tar: ../../../../../usr/local/lib/android/sdk/platforms/android-36-ext18/data/res/values-mcc310-mnc170-bn: Cannot utime: Operation not permitted
build	Cache Android SDK	2026-06-06T12:22:53.3991319Z /usr/bin/tar: ../../../../../usr/local/lib/android/sdk/platforms/android-36-ext18/data/res/values-mcc310-mnc170-bn: Cannot change mode to rwxr-xr-x: Operation not permitted
build	Cache Android SDK	2026-06-06T12:22:53.3993665Z /usr/bin/tar: ../../../../../usr/local/lib/android/sdk/platforms/android-36-ext18/data/res/values-mcc310-mnc150-zh-rHK: Cannot utime: Operation not permitted
build	Cache Android SDK	2026-06-06T12:22:53.3994829Z /usr/bin/tar: ../../../../../usr/local/lib/android/sdk/platforms/android-36-ext18/data/res/values-mcc310-mnc150-zh-rHK: Cannot change mode to rwxr-xr-x: Operation not permitted
build	Cache Android SDK	2026-06-06T12:22:53.3996421Z /usr/bin/tar: ../../../../../usr/local/lib/android/sdk/platforms/android-36-ext18/data/res/values-de-television: Cannot utime: Operation not permitted
build	Cache Android SDK	2026-06-06T12:22:53.3997655Z /usr/bin/tar: ../../../../../usr/local/lib/android/sdk/platforms/android-36-ext18/data/res/values-de-television: Cannot change mode to rwxr-xr-x: Operation not permitted
build	Cache Android SDK	2026-06-06T12:22:53.4000646Z /usr/bin/tar: ../../../../../usr/local/lib/android/sdk/platforms/android-36-ext18/data/res/values-mcc310-mnc230-da: Cannot utime: Operation not permitted
build	Cache Android SDK	2026-06-06T12:22:53.4001628Z /usr/bin/tar: ../../../../../usr/local/lib/android/sdk/platforms/android-36-ext18/data/res/values-mcc310-mnc230-da: Cannot change mode to rwxr-xr-x: Operation not permitted
build	Cache Android SDK	2026-06-06T12:22:53.4003845Z /usr/bin/tar: ../../../../../usr/local/lib/android/sdk/platforms/android-36-ext18/data/res/values-mcc302-mnc370-af: Cannot utime: Operation not permitted
build	Cache Android SDK	2026-06-06T12:22:53.4004819Z /usr/bin/tar: ../../../../../usr/local/lib/android/sdk/platforms/android-36-ext18/data/res/values-mcc302-mnc370-af: Cannot change mode to rwxr-xr-x: Operation not permitted
build	Cache Android SDK	2026-06-06T12:22:53.4008114Z /usr/bin/tar: ../../../../../usr/local/lib/android/sdk/platforms/android-36-ext18/data/res/values-mcc310-mnc800-th: Cannot utime: Operation not permitted
build	Cache Android SDK	2026-06-06T12:22:53.4009578Z /usr/bin/tar: ../../../../../usr/local/lib/android/sdk/platforms/android-36-ext18/data/res/values-mcc310-mnc800-th: Cannot change mode to rwxr-xr-x: Operation not permitted
build	Cache Android SDK	2026-06-06T12:22:53.4010882Z /usr/bin/tar: ../../../../../usr/local/lib/android/sdk/platforms/android-36-ext18/data/res/values-mcc310-mnc490-lo: Cannot utime: Operation not permitted
build	Cache Android SDK	2026-06-06T12:22:53.4011827Z /usr/bin/tar: ../../../../../usr/local/lib/android/sdk/platforms/android-36-ext18/data/res/values-mcc310-mnc490-lo: Cannot change mode to rwxr-xr-x: Operation not permitted
build	Cache Android SDK	2026-06-06T12:22:53.4014354Z /usr/bin/tar: ../../../../../usr/local/lib/android/sdk/platforms/android-36-ext18/data/res/values-mcc310-mnc950-sq: Cannot utime: Operation not permitted
build	Cache Android SDK	2026-06-06T12:22:53.4015351Z /usr/bin/tar: ../../../../../usr/local/lib/android/sdk/platforms/android-36-ext18/data/res/values-mcc310-mnc950-sq: Cannot change mode to rwxr-xr-x: Operation not permitted
build	Cache Android SDK	2026-06-06T12:22:53.4018126Z /usr/bin/tar: ../../../../../usr/local/lib/android/sdk/platforms/android-36-ext18/data/res/values-fa-watch: Cannot utime: Operation not permitted
build	Cache Android SDK	2026-06-06T12:22:53.4019447Z /usr/bin/tar: ../../../../../usr/local/lib/android/sdk/platforms/android-36-ext18/data/res/values-fa-watch: Cannot change mode to rwxr-xr-x: Operation not permitted
build	Cache Android SDK	2026-06-06T12:22:53.4020942Z /usr/bin/tar: ../../../../../usr/local/lib/android/sdk/platforms/android-36-ext18/data/res/values-mcc310-mnc170-sw: Cannot utime: Operation not permitted
build	Cache Android SDK	2026-06-06T12:22:53.4021887Z /usr/bin/tar: ../../../../../usr/local/lib/android/sdk/platforms/android-36-ext18/data/res/values-mcc310-mnc170-sw: Cannot change mode to rwxr-xr-x: Operation not permitted
build	Cache Android SDK	2026-06-06T12:22:53.4024560Z /usr/bin/tar: ../../../../../usr/local/lib/android/sdk/platforms/android-36-ext18/data/res/values-mcc310-mnc250-sr: Cannot utime: Operation not permitted
build	Cache Android SDK	2026-06-06T12:22:53.4025627Z /usr/bin/tar: ../../../../../usr/local/lib/android/sdk/platforms/android-36-ext18/data/res/values-mcc310-mnc250-sr: Cannot change mode to rwxr-xr-x: Operation not permitted
build	Cache Android SDK	2026-06-06T12:22:53.4028166Z /usr/bin/tar: ../../../../../usr/local/lib/android/sdk/platforms/android-36-ext18/data/res/values-mcc311-mnc180-hr: Cannot utime: Operation not permitted
build	Cache Android SDK	2026-06-06T12:22:53.4029133Z /usr/bin/tar: ../../../../../usr/local/lib/android/sdk/platforms/android-36-ext18/data/res/values-mcc311-mnc180-hr: Cannot change mode to rwxr-xr-x: Operation not permitted
build	Cache Android SDK	2026-06-06T12:22:53.4031318Z /usr/bin/tar: ../../../../../usr/local/lib/android/sdk/platforms/android-36-ext18/data/res/values-mcc310-mnc560-da: Cannot utime: Operation not permitted
build	Cache Android SDK	2026-06-06T12:22:53.4032290Z /usr/bin/tar: ../../../../../usr/local/lib/android/sdk/platforms/android-36-ext18/data/res/values-mcc310-mnc560-da: Cannot change mode to rwxr-xr-x: Operation not permitted
build	Cache Android SDK	2026-06-06T12:22:53.4034795Z /usr/bin/tar: ../../../../../usr/local/lib/android/sdk/platforms/android-36-ext18/data/res/values-af-television: Cannot utime: Operation not permitted
build	Cache Android SDK	2026-06-06T12:22:53.4035770Z /usr/bin/tar: ../../../../../usr/local/lib/android/sdk/platforms/android-36-ext18/data/res/values-af-television: Cannot change mode to rwxr-xr-x: Operation not permitted
build	Cache Android SDK	2026-06-06T12:22:53.4042422Z /usr/bin/tar: ../../../../../usr/local/lib/android/sdk/platforms/android-36-ext18/data/res/values-tr: Cannot utime: Operation not permitted
build	Cache Android SDK	2026-06-06T12:22:53.4044055Z /usr/bin/tar: ../../../../../usr/local/lib/android/sdk/platforms/android-36-ext18/data/res/values-tr: Cannot change mode to rwxr-xr-x: Operation not permitted
build	Cache Android SDK	2026-06-06T12:22:53.4045507Z /usr/bin/tar: ../../../../../usr/local/lib/android/sdk/platforms/android-36-ext18/data/res/values-mcc232: Cannot utime: Operation not permitted
build	Cache Android SDK	2026-06-06T12:22:53.4047199Z /usr/bin/tar: ../../../../../usr/local/lib/android/sdk/platforms/android-36-ext18/data/res/values-mcc232: Cannot change mode to rwxr-xr-x: Operation not permitted
build	Cache Android SDK	2026-06-06T12:22:53.4049375Z /usr/bin/tar: ../../../../../usr/local/lib/android/sdk/platforms/android-36-ext18/data/res/values-mcc310-mnc950-ca: Cannot utime: Operation not permitted
build	Cache Android SDK	2026-06-06T12:22:53.4050397Z /usr/bin/tar: ../../../../../usr/local/lib/android/sdk/platforms/android-36-ext18/data/res/values-mcc310-mnc950-ca: Cannot change mode to rwxr-xr-x: Operation not permitted
build	Cache Android SDK	2026-06-06T12:22:53.4052503Z /usr/bin/tar: ../../../../../usr/local/lib/android/sdk/platforms/android-36-ext18/data/res/values-mcc001-mnc01-zh-rTW: Cannot utime: Operation not permitted
build	Cache Android SDK	2026-06-06T12:22:53.4053576Z /usr/bin/tar: ../../../../../usr/local/lib/android/sdk/platforms/android-36-ext18/data/res/values-mcc001-mnc01-zh-rTW: Cannot change mode to rwxr-xr-x: Operation not permitted
build	Cache Android SDK	2026-06-06T12:22:53.4055735Z /usr/bin/tar: ../../../../../usr/local/lib/android/sdk/platforms/android-36-ext18/data/res/values-mcc310-mnc410-bg: Cannot utime: Operation not permitted
build	Cache Android SDK	2026-06-06T12:22:53.4056755Z /usr/bin/tar: ../../../../../usr/local/lib/android/sdk/platforms/android-36-ext18/data/res/values-mcc310-mnc410-bg: Cannot change mode to rwxr-xr-x: Operation not permitted
build	Cache Android SDK	2026-06-06T12:22:53.4058898Z /usr/bin/tar: ../../../../../usr/local/lib/android/sdk/platforms/android-36-ext18/data/res/values-mcc310-mnc270-be: Cannot utime: Operation not permitted
build	Cache Android SDK	2026-06-06T12:22:53.4059885Z /usr/bin/tar: ../../../../../usr/local/lib/android/sdk/platforms/android-36-ext18/data/res/values-mcc310-mnc270-be: Cannot change mode to rwxr-xr-x: Operation not permitted
build	Cache Android SDK	2026-06-06T12:22:53.4062741Z /usr/bin/tar: ../../../../../usr/local/lib/android/sdk/platforms/android-36-ext18/data/res/values-mcc302-mnc370-ar: Cannot utime: Operation not permitted
build	Cache Android SDK	2026-06-06T12:22:53.4063745Z /usr/bin/tar: ../../../../../usr/local/lib/android/sdk/platforms/android-36-ext18/data/res/values-mcc302-mnc370-ar: Cannot change mode to rwxr-xr-x: Operation not permitted
build	Cache Android SDK	2026-06-06T12:22:53.4065655Z /usr/bin/tar: ../../../../../usr/local/lib/android/sdk/platforms/android-36-ext18/data/res/values-mcc310-mnc250-lv: Cannot utime: Operation not permitted
build	Cache Android SDK	2026-06-06T12:22:53.4067114Z /usr/bin/tar: ../../../../../usr/local/lib/android/sdk/platforms/android-36-ext18/data/res/values-mcc310-mnc250-lv: Cannot change mode to rwxr-xr-x: Operation not permitted
build	Cache Android SDK	2026-06-06T12:22:53.4068981Z /usr/bin/tar: ../../../../../usr/local/lib/android/sdk/platforms/android-36-ext18/data/res/values-mcc310-mnc230-th: Cannot utime: Operation not permitted
build	Cache Android SDK	2026-06-06T12:22:53.4069941Z /usr/bin/tar: ../../../../../usr/local/lib/android/sdk/platforms/android-36-ext18/data/res/values-mcc310-mnc230-th: Cannot change mode to rwxr-xr-x: Operation not permitted
build	Cache Android SDK	2026-06-06T12:22:53.4072718Z /usr/bin/tar: ../../../../../usr/local/lib/android/sdk/platforms/android-36-ext18/data/res/values-mcc286: Cannot utime: Operation not permitted
build	Cache Android SDK	2026-06-06T12:22:53.4073685Z /usr/bin/tar: ../../../../../usr/local/lib/android/sdk/platforms/android-36-ext18/data/res/values-mcc286: Cannot change mode to rwxr-xr-x: Operation not permitted
build	Cache Android SDK	2026-06-06T12:22:53.4076488Z /usr/bin/tar: ../../../../../usr/local/lib/android/sdk/platforms/android-36-ext18/data/res/values-mcc310-mnc250-uz: Cannot utime: Operation not permitted
build	Cache Android SDK	2026-06-06T12:22:53.4077656Z /usr/bin/tar: ../../../../../usr/local/lib/android/sdk/platforms/android-36-ext18/data/res/values-mcc310-mnc250-uz: Cannot change mode to rwxr-xr-x: Operation not permitted
build	Cache Android SDK	2026-06-06T12:22:53.4079187Z /usr/bin/tar: ../../../../../usr/local/lib/android/sdk/platforms/android-36-ext18/data/res/values-mcc310-mnc240-eu: Cannot utime: Operation not permitted
build	Cache Android SDK	2026-06-06T12:22:53.4080176Z /usr/bin/tar: ../../../../../usr/local/lib/android/sdk/platforms/android-36-ext18/data/res/values-mcc310-mnc240-eu: Cannot change mode to rwxr-xr-x: Operation not permitted
build	Cache Android SDK	2026-06-06T12:22:53.4085699Z /usr/bin/tar: ../../../../../usr/local/lib/android/sdk/platforms/android-36-ext18/data/res/values-mcc310-mnc280-km: Cannot utime: Operation not permitted
build	Cache Android SDK	2026-06-06T12:22:53.4086690Z /usr/bin/tar: ../../../../../usr/local/lib/android/sdk/platforms/android-36-ext18/data/res/values-mcc310-mnc280-km: Cannot change mode to rwxr-xr-x: Operation not permitted
build	Cache Android SDK	2026-06-06T12:22:53.4088034Z /usr/bin/tar: ../../../../../usr/local/lib/android/sdk/platforms/android-36-ext18/data/res/values-mcc310-mnc150-et: Cannot utime: Operation not permitted
build	Cache Android SDK	2026-06-06T12:22:53.4089514Z /usr/bin/tar: ../../../../../usr/local/lib/android/sdk/platforms/android-36-ext18/data/res/values-mcc310-mnc150-et: Cannot change mode to rwxr-xr-x: Operation not permitted
build	Cache Android SDK	2026-06-06T12:22:53.4090459Z /usr/bin/tar: ../../../../../usr/local/lib/android/sdk/platforms/android-36-ext18/data/res/values-mcc310-mnc800-tl: Cannot utime: Operation not permitted
build	Cache Android SDK	2026-06-06T12:22:53.4092062Z /usr/bin/tar: ../../../../../usr/local/lib/android/sdk/platforms/android-36-ext18/data/res/values-mcc310-mnc800-tl: Cannot change mode to rwxr-xr-x: Operation not permitted
build	Cache Android SDK	2026-06-06T12:22:53.4093079Z /usr/bin/tar: ../../../../../usr/local/lib/android/sdk/platforms/android-36-ext18/data/res/values-mcc312-mnc670-bn: Cannot utime: Operation not permitted
build	Cache Android SDK	2026-06-06T12:22:53.4094552Z /usr/bin/tar: ../../../../../usr/local/lib/android/sdk/platforms/android-36-ext18/data/res/values-mcc312-mnc670-bn: Cannot change mode to rwxr-xr-x: Operation not permitted
build	Cache Android SDK	2026-06-06T12:22:53.4095697Z /usr/bin/tar: ../../../../../usr/local/lib/android/sdk/platforms/android-36-ext18/data/res/values-mcc234-mnc91: Cannot utime: Operation not permitted
build	Cache Android SDK	2026-06-06T12:22:53.4096710Z /usr/bin/tar: ../../../../../usr/local/lib/android/sdk/platforms/android-36-ext18/data/res/values-mcc234-mnc91: Cannot change mode to rwxr-xr-x: Operation not permitted
build	Cache Android SDK	2026-06-06T12:22:53.4098221Z /usr/bin/tar: ../../../../../usr/local/lib/android/sdk/platforms/android-36-ext18/data/res/values-mcc310-mnc210-hu: Cannot utime: Operation not permitted
build	Cache Android SDK	2026-06-06T12:22:53.4099260Z /usr/bin/tar: ../../../../../usr/local/lib/android/sdk/platforms/android-36-ext18/data/res/values-mcc310-mnc210-hu: Cannot change mode to rwxr-xr-x: Operation not permitted
build	Cache Android SDK	2026-06-06T12:22:53.4100785Z /usr/bin/tar: ../../../../../usr/local/lib/android/sdk/platforms/android-36-ext18/data/res/values-mcc310-mnc200-ne: Cannot utime: Operation not permitted
build	Cache Android SDK	2026-06-06T12:22:53.4101772Z /usr/bin/tar: ../../../../../usr/local/lib/android/sdk/platforms/android-36-ext18/data/res/values-mcc310-mnc200-ne: Cannot change mode to rwxr-xr-x: Operation not permitted
build	Cache Android SDK	2026-06-06T12:22:53.4104357Z /usr/bin/tar: ../../../../../usr/local/lib/android/sdk/platforms/android-36-ext18/data/res/values-mcc240-mnc05: Cannot utime: Operation not permitted
build	Cache Android SDK	2026-06-06T12:22:53.4105325Z /usr/bin/tar: ../../../../../usr/local/lib/android/sdk/platforms/android-36-ext18/data/res/values-mcc240-mnc05: Cannot change mode to rwxr-xr-x: Operation not permitted
build	Cache Android SDK	2026-06-06T12:22:53.4106919Z /usr/bin/tar: ../../../../../usr/local/lib/android/sdk/platforms/android-36-ext18/data/res/values-mcc312-mnc670-et: Cannot utime: Operation not permitted
build	Cache Android SDK	2026-06-06T12:22:53.4108095Z /usr/bin/tar: ../../../../../usr/local/lib/android/sdk/platforms/android-36-ext18/data/res/values-mcc312-mnc670-et: Cannot change mode to rwxr-xr-x: Operation not permitted
build	Cache Android SDK	2026-06-06T12:22:53.4109839Z /usr/bin/tar: ../../../../../usr/local/lib/android/sdk/platforms/android-36-ext18/data/res/values-mcc334-mnc020-bn: Cannot utime: Operation not permitted
build	Cache Android SDK	2026-06-06T12:22:53.4110859Z /usr/bin/tar: ../../../../../usr/local/lib/android/sdk/platforms/android-36-ext18/data/res/values-mcc334-mnc020-bn: Cannot change mode to rwxr-xr-x: Operation not permitted
build	Cache Android SDK	2026-06-06T12:22:53.4112963Z /usr/bin/tar: ../../../../../usr/local/lib/android/sdk/platforms/android-36-ext18/data/res/values-sw600dp-w960dp: Cannot utime: Operation not permitted
build	Cache Android SDK	2026-06-06T12:22:53.4114001Z /usr/bin/tar: ../../../../../usr/local/lib/android/sdk/platforms/android-36-ext18/data/res/values-sw600dp-w960dp: Cannot change mode to rwxr-xr-x: Operation not permitted
build	Cache Android SDK	2026-06-06T12:22:53.4116028Z /usr/bin/tar: ../../../../../usr/local/lib/android/sdk/platforms/android-36-ext18/data/res/values-mcc310-mnc660-is: Cannot utime: Operation not permitted
build	Cache Android SDK	2026-06-06T12:22:53.4117004Z /usr/bin/tar: ../../../../../usr/local/lib/android/sdk/platforms/android-36-ext18/data/res/values-mcc310-mnc660-is: Cannot change mode to rwxr-xr-x: Operation not permitted
build	Cache Android SDK	2026-06-06T12:22:53.4119474Z /usr/bin/tar: ../../../../../usr/local/lib/android/sdk/platforms/android-36-ext18/data/res/values-fr-rBE: Cannot utime: Operation not permitted
build	Cache Android SDK	2026-06-06T12:22:53.4120426Z /usr/bin/tar: ../../../../../usr/local/lib/android/sdk/platforms/android-36-ext18/data/res/values-fr-rBE: Cannot change mode to rwxr-xr-x: Operation not permitted
build	Cache Android SDK	2026-06-06T12:22:53.4122782Z /usr/bin/tar: ../../../../../usr/local/lib/android/sdk/platforms/android-36-ext18/data/res/values-mcc312-mnc670-es: Cannot utime: Operation not permitted
build	Cache Android SDK	2026-06-06T12:22:53.4123760Z /usr/bin/tar: ../../../../../usr/local/lib/android/sdk/platforms/android-36-ext18/data/res/values-mcc312-mnc670-es: Cannot change mode to rwxr-xr-x: Operation not permitted
build	Cache Android SDK	2026-06-06T12:22:53.4126839Z /usr/bin/tar: ../../../../../usr/local/lib/android/sdk/platforms/android-36-ext18/data/res/values-mcc310-mnc380-gu: Cannot utime: Operation not permitted
build	Cache Android SDK	2026-06-06T12:22:53.4128149Z /usr/bin/tar: ../../../../../usr/local/lib/android/sdk/platforms/android-36-ext18/data/res/values-mcc310-mnc380-gu: Cannot change mode to rwxr-xr-x: Operation not permitted
build	Cache Android SDK	2026-06-06T12:22:53.4131043Z /usr/bin/tar: ../../../../../usr/local/lib/android/sdk/platforms/android-36-ext18/data/res/values-mcc334-mnc020-uz: Cannot utime: Operation not permitted
build	Cache Android SDK	2026-06-06T12:22:53.4132027Z /usr/bin/tar: ../../../../../usr/local/lib/android/sdk/platforms/android-36-ext18/data/res/values-mcc334-mnc020-uz: Cannot change mode to rwxr-xr-x: Operation not permitted
build	Cache Android SDK	2026-06-06T12:22:53.4133927Z /usr/bin/tar: ../../../../../usr/local/lib/android/sdk/platforms/android-36-ext18/data/res/values-mcc302-mnc720-b+sr+Latn: Cannot utime: Operation not permitted
build	Cache Android SDK	2026-06-06T12:22:53.4135088Z /usr/bin/tar: ../../../../../usr/local/lib/android/sdk/platforms/android-36-ext18/data/res/values-mcc302-mnc720-b+sr+Latn: Cannot change mode to rwxr-xr-x: Operation not permitted
build	Cache Android SDK	2026-06-06T12:22:53.4141047Z /usr/bin/tar: ../../../../../usr/local/lib/android/sdk/platforms/android-36-ext18/data/res/values-af: Cannot utime: Operation not permitted
build	Cache Android SDK	2026-06-06T12:22:53.4141936Z /usr/bin/tar: ../../../../../usr/local/lib/android/sdk/platforms/android-36-ext18/data/res/values-af: Cannot change mode to rwxr-xr-x: Operation not permitted
build	Cache Android SDK	2026-06-06T12:22:53.4143755Z /usr/bin/tar: ../../../../../usr/local/lib/android/sdk/platforms/android-36-ext18/data/res/values-mcc334-mnc020-sk: Cannot utime: Operation not permitted
build	Cache Android SDK	2026-06-06T12:22:53.4144725Z /usr/bin/tar: ../../../../../usr/local/lib/android/sdk/platforms/android-36-ext18/data/res/values-mcc334-mnc020-sk: Cannot change mode to rwxr-xr-x: Operation not permitted
build	Cache Android SDK	2026-06-06T12:22:53.4146757Z /usr/bin/tar: ../../../../../usr/local/lib/android/sdk/platforms/android-36-ext18/data/res/values-mcc312-mnc670-de: Cannot utime: Operation not permitted
build	Cache Android SDK	2026-06-06T12:22:53.4160850Z /usr/bin/tar: ../../../../../usr/local/lib/android/sdk/platforms/android-36-ext18/data/res/values-mcc312-mnc670-de: Cannot change mode to rwxr-xr-x: Operation not permitted
build	Cache Android SDK	2026-06-06T12:22:53.4162530Z /usr/bin/tar: ../../../../../usr/local/lib/android/sdk/platforms/android-36-ext18/data/res/values-mcc310-mnc950-iw: Cannot utime: Operation not permitted
build	Cache Android SDK	2026-06-06T12:22:53.4163516Z /usr/bin/tar: ../../../../../usr/local/lib/android/sdk/platforms/android-36-ext18/data/res/values-mcc310-mnc950-iw: Cannot change mode to rwxr-xr-x: Operation not permitted
build	Cache Android SDK	2026-06-06T12:22:53.4164584Z /usr/bin/tar: ../../../../../usr/local/lib/android/sdk/platforms/android-36-ext18/data/res/values-mcc302-mnc370-de: Cannot utime: Operation not permitted
build	Cache Android SDK	2026-06-06T12:22:53.4166220Z /usr/bin/tar: ../../../../../usr/local/lib/android/sdk/platforms/android-36-ext18/data/res/values-mcc302-mnc370-de: Cannot change mode to rwxr-xr-x: Operation not permitted
build	Cache Android SDK	2026-06-06T12:22:53.4167219Z /usr/bin/tar: ../../../../../usr/local/lib/android/sdk/platforms/android-36-ext18/data/res/values-mcc310-mnc310-be: Cannot utime: Operation not permitted
build	Cache Android SDK	2026-06-06T12:22:53.4168456Z /usr/bin/tar: ../../../../../usr/local/lib/android/sdk/platforms/android-36-ext18/data/res/values-mcc310-mnc310-be: Cannot change mode to rwxr-xr-x: Operation not permitted
build	Cache Android SDK	2026-06-06T12:22:53.4170089Z /usr/bin/tar: ../../../../../usr/local/lib/android/sdk/platforms/android-36-ext18/data/res/values-da-watch: Cannot utime: Operation not permitted
build	Cache Android SDK	2026-06-06T12:22:53.4170994Z /usr/bin/tar: ../../../../../usr/local/lib/android/sdk/platforms/android-36-ext18/data/res/values-da-watch: Cannot change mode to rwxr-xr-x: Operation not permitted
build	Cache Android SDK	2026-06-06T12:22:53.4172128Z /usr/bin/tar: ../../../../../usr/local/lib/android/sdk/platforms/android-36-ext18/data/res/values-mcc312-mnc670-fr-rCA: Cannot utime: Operation not permitted
build	Cache Android SDK	2026-06-06T12:22:53.4173808Z /usr/bin/tar: ../../../../../usr/local/lib/android/sdk/platforms/android-36-ext18/data/res/values-mcc312-mnc670-fr-rCA: Cannot change mode to rwxr-xr-x: Operation not permitted
build	Cache Android SDK	2026-06-06T12:22:53.4174778Z /usr/bin/tar: ../../../../../usr/local/lib/android/sdk/platforms/android-36-ext18/data/res/values-mcc310-mnc410-lt: Cannot utime: Operation not permitted
build	Cache Android SDK	2026-06-06T12:22:53.4176216Z /usr/bin/tar: ../../../../../usr/local/lib/android/sdk/platforms/android-36-ext18/data/res/values-mcc310-mnc410-lt: Cannot change mode to rwxr-xr-x: Operation not permitted
build	Cache Android SDK	2026-06-06T12:22:53.4177730Z /usr/bin/tar: ../../../../../usr/local/lib/android/sdk/platforms/android-36-ext18/data/res/values-mcc311-mnc180-am: Cannot utime: Operation not permitted
build	Cache Android SDK	2026-06-06T12:22:53.4178681Z /usr/bin/tar: ../../../../../usr/local/lib/android/sdk/platforms/android-36-ext18/data/res/values-mcc311-mnc180-am: Cannot change mode to rwxr-xr-x: Operation not permitted
build	Cache Android SDK	2026-06-06T12:22:53.4180470Z /usr/bin/tar: ../../../../../usr/local/lib/android/sdk/platforms/android-36-ext18/data/res/values-mcc310-mnc410-pt-rBR: Cannot utime: Operation not permitted
build	Cache Android SDK	2026-06-06T12:22:53.4181537Z /usr/bin/tar: ../../../../../usr/local/lib/android/sdk/platforms/android-36-ext18/data/res/values-mcc310-mnc410-pt-rBR: Cannot change mode to rwxr-xr-x: Operation not permitted
build	Cache Android SDK	2026-06-06T12:22:53.4183098Z /usr/bin/tar: ../../../../../usr/local/lib/android/sdk/platforms/android-36-ext18/data/res/layout-television: Cannot utime: Operation not permitted
build	Cache Android SDK	2026-06-06T12:22:53.4184132Z /usr/bin/tar: ../../../../../usr/local/lib/android/sdk/platforms/android-36-ext18/data/res/layout-television: Cannot change mode to rwxr-xr-x: Operation not permitted
build	Cache Android SDK	2026-06-06T12:22:53.4185072Z /usr/bin/tar: ../../../../../usr/local/lib/android/sdk/platforms/android-36-ext18/data/res/values-mcc001-mnc01-hy: Cannot utime: Operation not permitted
build	Cache Android SDK	2026-06-06T12:22:53.4186765Z /usr/bin/tar: ../../../../../usr/local/lib/android/sdk/platforms/android-36-ext18/data/res/values-mcc001-mnc01-hy: Cannot change mode to rwxr-xr-x: Operation not permitted
build	Cache Android SDK	2026-06-06T12:22:53.4188024Z /usr/bin/tar: ../../../../../usr/local/lib/android/sdk/platforms/android-36-ext18/data/res/values-mcc310-mnc800-fa: Cannot utime: Operation not permitted
build	Cache Android SDK	2026-06-06T12:22:53.4189322Z /usr/bin/tar: ../../../../../usr/local/lib/android/sdk/platforms/android-36-ext18/data/res/values-mcc310-mnc800-fa: Cannot change mode to rwxr-xr-x: Operation not permitted
build	Cache Android SDK	2026-06-06T12:22:53.4190692Z /usr/bin/tar: ../../../../../usr/local/lib/android/sdk/platforms/android-36-ext18/data/res/values-mcc310-mnc220-ru: Cannot utime: Operation not permitted
build	Cache Android SDK	2026-06-06T12:22:53.4191636Z /usr/bin/tar: ../../../../../usr/local/lib/android/sdk/platforms/android-36-ext18/data/res/values-mcc310-mnc220-ru: Cannot change mode to rwxr-xr-x: Operation not permitted
build	Cache Android SDK	2026-06-06T12:22:53.4192929Z /usr/bin/tar: ../../../../../usr/local/lib/android/sdk/platforms/android-36-ext18/data/res/values-mcc302-mnc370-as: Cannot utime: Operation not permitted
build	Cache Android SDK	2026-06-06T12:22:53.4194648Z /usr/bin/tar: ../../../../../usr/local/lib/android/sdk/platforms/android-36-ext18/data/res/values-mcc302-mnc370-as: Cannot change mode to rwxr-xr-x: Operation not permitted
build	Cache Android SDK	2026-06-06T12:22:53.4199459Z /usr/bin/tar: ../../../../../usr/local/lib/android/sdk/platforms/android-36-ext18/data/res/values-my: Cannot utime: Operation not permitted
build	Cache Android SDK	2026-06-06T12:22:53.4200480Z /usr/bin/tar: ../../../../../usr/local/lib/android/sdk/platforms/android-36-ext18/data/res/values-my: Cannot change mode to rwxr-xr-x: Operation not permitted
build	Cache Android SDK	2026-06-06T12:22:53.4203102Z /usr/bin/tar: ../../../../../usr/local/lib/android/sdk/platforms/android-36-ext18/data/res/values-h480dp: Cannot utime: Operation not permitted
build	Cache Android SDK	2026-06-06T12:22:53.4204174Z /usr/bin/tar: ../../../../../usr/local/lib/android/sdk/platforms/android-36-ext18/data/res/values-h480dp: Cannot change mode to rwxr-xr-x: Operation not permitted
build	Cache Android SDK	2026-06-06T12:22:53.4205633Z /usr/bin/tar: ../../../../../usr/local/lib/android/sdk/platforms/android-36-ext18/data/res/values-mcc310-mnc150-km: Cannot utime: Operation not permitted
build	Cache Android SDK	2026-06-06T12:22:53.4206693Z /usr/bin/tar: ../../../../../usr/local/lib/android/sdk/platforms/android-36-ext18/data/res/values-mcc310-mnc150-km: Cannot change mode to rwxr-xr-x: Operation not permitted
build	Cache Android SDK	2026-06-06T12:22:53.4208511Z /usr/bin/tar: ../../../../../usr/local/lib/android/sdk/platforms/android-36-ext18/data/res/values-mcc310-mnc410-in: Cannot utime: Operation not permitted
build	Cache Android SDK	2026-06-06T12:22:53.4209541Z /usr/bin/tar: ../../../../../usr/local/lib/android/sdk/platforms/android-36-ext18/data/res/values-mcc310-mnc410-in: Cannot change mode to rwxr-xr-x: Operation not permitted
build	Cache Android SDK	2026-06-06T12:22:53.4211312Z /usr/bin/tar: ../../../../../usr/local/lib/android/sdk/platforms/android-36-ext18/data/res/values-mcc310-mnc950: Cannot utime: Operation not permitted
build	Cache Android SDK	2026-06-06T12:22:53.4212371Z /usr/bin/tar: ../../../../../usr/local/lib/android/sdk/platforms/android-36-ext18/data/res/values-mcc310-mnc950: Cannot change mode to rwxr-xr-x: Operation not permitted
build	Cache Android SDK	2026-06-06T12:22:53.4214811Z /usr/bin/tar: ../../../../../usr/local/lib/android/sdk/platforms/android-36-ext18/data/res/values-mcc310-mnc220-mn: Cannot utime: Operation not permitted
build	Cache Android SDK	2026-06-06T12:22:53.4215859Z /usr/bin/tar: ../../../../../usr/local/lib/android/sdk/platforms/android-36-ext18/data/res/values-mcc310-mnc220-mn: Cannot change mode to rwxr-xr-x: Operation not permitted
build	Cache Android SDK	2026-06-06T12:22:53.4217563Z /usr/bin/tar: ../../../../../usr/local/lib/android/sdk/platforms/android-36-ext18/data/res/values-mcc310-mnc950-ml: Cannot utime: Operation not permitted
build	Cache Android SDK	2026-06-06T12:22:53.4218677Z /usr/bin/tar: ../../../../../usr/local/lib/android/sdk/platforms/android-36-ext18/data/res/values-mcc310-mnc950-ml: Cannot change mode to rwxr-xr-x: Operation not permitted
build	Cache Android SDK	2026-06-06T12:22:53.4221975Z /usr/bin/tar: ../../../../../usr/local/lib/android/sdk/platforms/android-36-ext18/data/res/interpolator-watch: Cannot utime: Operation not permitted
build	Cache Android SDK	2026-06-06T12:22:53.4223033Z /usr/bin/tar: ../../../../../usr/local/lib/android/sdk/platforms/android-36-ext18/data/res/interpolator-watch: Cannot change mode to rwxr-xr-x: Operation not permitted
build	Cache Android SDK	2026-06-06T12:22:53.4228280Z /usr/bin/tar: ../../../../../usr/local/lib/android/sdk/platforms/android-36-ext18/data/res/values-lt: Cannot utime: Operation not permitted
build	Cache Android SDK	2026-06-06T12:22:53.4229356Z /usr/bin/tar: ../../../../../usr/local/lib/android/sdk/platforms/android-36-ext18/data/res/values-lt: Cannot change mode to rwxr-xr-x: Operation not permitted
build	Cache Android SDK	2026-06-06T12:22:53.4231080Z /usr/bin/tar: ../../../../../usr/local/lib/android/sdk/platforms/android-36-ext18/data/res/values-mcc310-mnc270-zu: Cannot utime: Operation not permitted
build	Cache Android SDK	2026-06-06T12:22:53.4232033Z /usr/bin/tar: ../../../../../usr/local/lib/android/sdk/platforms/android-36-ext18/data/res/values-mcc310-mnc270-zu: Cannot change mode to rwxr-xr-x: Operation not permitted
build	Cache Android SDK	2026-06-06T12:22:53.4234351Z /usr/bin/tar: ../../../../../usr/local/lib/android/sdk/platforms/android-36-ext18/data/res/values-sr-television: Cannot utime: Operation not permitted
build	Cache Android SDK	2026-06-06T12:22:53.4235324Z /usr/bin/tar: ../../../../../usr/local/lib/android/sdk/platforms/android-36-ext18/data/res/values-sr-television: Cannot change mode to rwxr-xr-x: Operation not permitted
build	Cache Android SDK	2026-06-06T12:22:53.4237312Z /usr/bin/tar: ../../../../../usr/local/lib/android/sdk/platforms/android-36-ext18/data/res/values-mcc312-mnc670-pt-rPT: Cannot utime: Operation not permitted
build	Cache Android SDK	2026-06-06T12:22:53.4238845Z /usr/bin/tar: ../../../../../usr/local/lib/android/sdk/platforms/android-36-ext18/data/res/values-mcc312-mnc670-pt-rPT: Cannot change mode to rwxr-xr-x: Operation not permitted
build	Cache Android SDK	2026-06-06T12:22:53.4240904Z /usr/bin/tar: ../../../../../usr/local/lib/android/sdk/platforms/android-36-ext18/data/res/values-bg-rBG: Cannot utime: Operation not permitted
build	Cache Android SDK	2026-06-06T12:22:53.4242008Z /usr/bin/tar: ../../../../../usr/local/lib/android/sdk/platforms/android-36-ext18/data/res/values-bg-rBG: Cannot change mode to rwxr-xr-x: Operation not permitted
build	Cache Android SDK	2026-06-06T12:22:53.4244410Z /usr/bin/tar: ../../../../../usr/local/lib/android/sdk/platforms/android-36-ext18/data/res/values-mcc310-mnc270-ko: Cannot utime: Operation not permitted
build	Cache Android SDK	2026-06-06T12:22:53.4245381Z /usr/bin/tar: ../../../../../usr/local/lib/android/sdk/platforms/android-36-ext18/data/res/values-mcc310-mnc270-ko: Cannot change mode to rwxr-xr-x: Operation not permitted
build	Cache Android SDK	2026-06-06T12:22:53.4248158Z /usr/bin/tar: ../../../../../usr/local/lib/android/sdk/platforms/android-36-ext18/data/res/values-mcc334-mnc020-nb: Cannot utime: Operation not permitted
build	Cache Android SDK	2026-06-06T12:22:53.4249421Z /usr/bin/tar: ../../../../../usr/local/lib/android/sdk/platforms/android-36-ext18/data/res/values-mcc334-mnc020-nb: Cannot change mode to rwxr-xr-x: Operation not permitted
build	Cache Android SDK	2026-06-06T12:22:53.4250863Z /usr/bin/tar: ../../../../../usr/local/lib/android/sdk/platforms/android-36-ext18/data/res/values-mcc310-mnc150-en-rGB: Cannot utime: Operation not permitted
build	Cache Android SDK	2026-06-06T12:22:53.4251442Z /usr/bin/tar: ../../../../../usr/local/lib/android/sdk/platforms/android-36-ext18/data/res/values-mcc310-mnc150-en-rGB: Cannot change mode to rwxr-xr-x: Operation not permitted
build	Cache Android SDK	2026-06-06T12:22:53.4253926Z /usr/bin/tar: ../../../../../usr/local/lib/android/sdk/platforms/android-36-ext18/data/res/values-mcc310-mnc380-en-rIN: Cannot utime: Operation not permitted
build	Cache Android SDK	2026-06-06T12:22:53.4254432Z /usr/bin/tar: ../../../../../usr/local/lib/android/sdk/platforms/android-36-ext18/data/res/values-mcc310-mnc380-en-rIN: Cannot change mode to rwxr-xr-x: Operation not permitted
build	Cache Android SDK	2026-06-06T12:22:53.4257061Z /usr/bin/tar: ../../../../../usr/local/lib/android/sdk/platforms/android-36-ext18/data/res/values-mcc310-mnc490-en-rAU: Cannot utime: Operation not permitted
build	Cache Android SDK	2026-06-06T12:22:53.4257699Z /usr/bin/tar: ../../../../../usr/local/lib/android/sdk/platforms/android-36-ext18/data/res/values-mcc310-mnc490-en-rAU: Cannot change mode to rwxr-xr-x: Operation not permitted
build	Cache Android SDK	2026-06-06T12:22:53.4260116Z /usr/bin/tar: ../../../../../usr/local/lib/android/sdk/platforms/android-36-ext18/data/res/values-mcc310-mnc380-vi: Cannot utime: Operation not permitted
build	Cache Android SDK	2026-06-06T12:22:53.4260695Z /usr/bin/tar: ../../../../../usr/local/lib/android/sdk/platforms/android-36-ext18/data/res/values-mcc310-mnc380-vi: Cannot change mode to rwxr-xr-x: Operation not permitted
build	Cache Android SDK	2026-06-06T12:22:53.4263041Z /usr/bin/tar: ../../../../../usr/local/lib/android/sdk/platforms/android-36-ext18/data/res/values-mcc310-mnc220-km: Cannot utime: Operation not permitted
build	Cache Android SDK	2026-06-06T12:22:53.4263511Z /usr/bin/tar: ../../../../../usr/local/lib/android/sdk/platforms/android-36-ext18/data/res/values-mcc310-mnc220-km: Cannot change mode to rwxr-xr-x: Operation not permitted
build	Cache Android SDK	2026-06-06T12:22:53.4266409Z /usr/bin/tar: ../../../../../usr/local/lib/android/sdk/platforms/android-36-ext18/data/res/values-mcc311-mnc180-b+sr+Latn: Cannot utime: Operation not permitted
build	Cache Android SDK	2026-06-06T12:22:53.4266922Z /usr/bin/tar: ../../../../../usr/local/lib/android/sdk/platforms/android-36-ext18/data/res/values-mcc311-mnc180-b+sr+Latn: Cannot change mode to rwxr-xr-x: Operation not permitted
build	Cache Android SDK	2026-06-06T12:22:53.4269562Z /usr/bin/tar: ../../../../../usr/local/lib/android/sdk/platforms/android-36-ext18/data/res/values-mcc313-mnc100-tr: Cannot utime: Operation not permitted
build	Cache Android SDK	2026-06-06T12:22:53.4270046Z /usr/bin/tar: ../../../../../usr/local/lib/android/sdk/platforms/android-36-ext18/data/res/values-mcc313-mnc100-tr: Cannot change mode to rwxr-xr-x: Operation not permitted
build	Cache Android SDK	2026-06-06T12:22:53.4272247Z /usr/bin/tar: ../../../../../usr/local/lib/android/sdk/platforms/android-36-ext18/data/res/values-mcc234-mnc15: Cannot utime: Operation not permitted
build	Cache Android SDK	2026-06-06T12:22:53.4272735Z /usr/bin/tar: ../../../../../usr/local/lib/android/sdk/platforms/android-36-ext18/data/res/values-mcc234-mnc15: Cannot change mode to rwxr-xr-x: Operation not permitted
build	Cache Android SDK	2026-06-06T12:22:53.4275477Z /usr/bin/tar: ../../../../../usr/local/lib/android/sdk/platforms/android-36-ext18/data/res/values-or-watch: Cannot utime: Operation not permitted
build	Cache Android SDK	2026-06-06T12:22:53.4276017Z /usr/bin/tar: ../../../../../usr/local/lib/android/sdk/platforms/android-36-ext18/data/res/values-or-watch: Cannot change mode to rwxr-xr-x: Operation not permitted
build	Cache Android SDK	2026-06-06T12:22:53.4280605Z /usr/bin/tar: ../../../../../usr/local/lib/android/sdk/platforms/android-36-ext18/data/res/values-mcc262: Cannot utime: Operation not permitted
build	Cache Android SDK	2026-06-06T12:22:53.4281280Z /usr/bin/tar: ../../../../../usr/local/lib/android/sdk/platforms/android-36-ext18/data/res/values-mcc262: Cannot change mode to rwxr-xr-x: Operation not permitted
build	Cache Android SDK	2026-06-06T12:22:53.4284691Z /usr/bin/tar: ../../../../../usr/local/lib/android/sdk/platforms/android-36-ext18/data/res/values-mcc310-mnc160-lt: Cannot utime: Operation not permitted
build	Cache Android SDK	2026-06-06T12:22:53.4285163Z /usr/bin/tar: ../../../../../usr/local/lib/android/sdk/platforms/android-36-ext18/data/res/values-mcc310-mnc160-lt: Cannot change mode to rwxr-xr-x: Operation not permitted
build	Cache Android SDK	2026-06-06T12:22:53.4288335Z /usr/bin/tar: ../../../../../usr/local/lib/android/sdk/platforms/android-36-ext18/data/res/values-mcc310-mnc280-gu: Cannot utime: Operation not permitted
build	Cache Android SDK	2026-06-06T12:22:53.4289015Z /usr/bin/tar: ../../../../../usr/local/lib/android/sdk/platforms/android-36-ext18/data/res/values-mcc310-mnc280-gu: Cannot change mode to rwxr-xr-x: Operation not permitted
build	Cache Android SDK	2026-06-06T12:22:53.4291453Z /usr/bin/tar: ../../../../../usr/local/lib/android/sdk/platforms/android-36-ext18/data/res/values-mcc310-mnc030-sq: Cannot utime: Operation not permitted
build	Cache Android SDK	2026-06-06T12:22:53.4291953Z /usr/bin/tar: ../../../../../usr/local/lib/android/sdk/platforms/android-36-ext18/data/res/values-mcc310-mnc030-sq: Cannot change mode to rwxr-xr-x: Operation not permitted
build	Cache Android SDK	2026-06-06T12:22:53.4294704Z /usr/bin/tar: ../../../../../usr/local/lib/android/sdk/platforms/android-36-ext18/data/res/values-mcc310-mnc240-pt: Cannot utime: Operation not permitted
build	Cache Android SDK	2026-06-06T12:22:53.4295185Z /usr/bin/tar: ../../../../../usr/local/lib/android/sdk/platforms/android-36-ext18/data/res/values-mcc310-mnc240-pt: Cannot change mode to rwxr-xr-x: Operation not permitted
build	Cache Android SDK	2026-06-06T12:22:53.4298267Z /usr/bin/tar: ../../../../../usr/local/lib/android/sdk/platforms/android-36-ext18/data/res/values-mcc302-mnc370-es-rUS: Cannot utime: Operation not permitted
build	Cache Android SDK	2026-06-06T12:22:53.4298785Z /usr/bin/tar: ../../../../../usr/local/lib/android/sdk/platforms/android-36-ext18/data/res/values-mcc302-mnc370-es-rUS: Cannot change mode to rwxr-xr-x: Operation not permitted
build	Cache Android SDK	2026-06-06T12:22:53.4300668Z /usr/bin/tar: ../../../../../usr/local/lib/android/sdk/platforms/android-36-ext18/data/res/values-nl-watch: Cannot utime: Operation not permitted
build	Cache Android SDK	2026-06-06T12:22:53.4301566Z /usr/bin/tar: ../../../../../usr/local/lib/android/sdk/platforms/android-36-ext18/data/res/values-nl-watch: Cannot change mode to rwxr-xr-x: Operation not permitted
build	Cache Android SDK	2026-06-06T12:22:53.4308326Z /usr/bin/tar: ../../../../../usr/local/lib/android/sdk/platforms/android-36-ext18/data/res/values-cs: Cannot utime: Operation not permitted
build	Cache Android SDK	2026-06-06T12:22:53.4308877Z /usr/bin/tar: ../../../../../usr/local/lib/android/sdk/platforms/android-36-ext18/data/res/values-cs: Cannot change mode to rwxr-xr-x: Operation not permitted
build	Cache Android SDK	2026-06-06T12:22:53.4311665Z /usr/bin/tar: ../../../../../usr/local/lib/android/sdk/platforms/android-36-ext18/data/res/values-mcc311-mnc180-eu: Cannot utime: Operation not permitted
build	Cache Android SDK	2026-06-06T12:22:53.4312147Z /usr/bin/tar: ../../../../../usr/local/lib/android/sdk/platforms/android-36-ext18/data/res/values-mcc311-mnc180-eu: Cannot change mode to rwxr-xr-x: Operation not permitted
build	Cache Android SDK	2026-06-06T12:22:53.4314729Z /usr/bin/tar: ../../../../../usr/local/lib/android/sdk/platforms/android-36-ext18/data/res/values-mcc310-mnc210-km: Cannot utime: Operation not permitted
build	Cache Android SDK	2026-06-06T12:22:53.4315238Z /usr/bin/tar: ../../../../../usr/local/lib/android/sdk/platforms/android-36-ext18/data/res/values-mcc310-mnc210-km: Cannot change mode to rwxr-xr-x: Operation not permitted
build	Cache Android SDK	2026-06-06T12:22:53.4318010Z /usr/bin/tar: ../../../../../usr/local/lib/android/sdk/platforms/android-36-ext18/data/res/values-mcc313-mnc100-ja: Cannot utime: Operation not permitted
build	Cache Android SDK	2026-06-06T12:22:53.4318502Z /usr/bin/tar: ../../../../../usr/local/lib/android/sdk/platforms/android-36-ext18/data/res/values-mcc313-mnc100-ja: Cannot change mode to rwxr-xr-x: Operation not permitted
build	Cache Android SDK	2026-06-06T12:22:53.4320852Z /usr/bin/tar: ../../../../../usr/local/lib/android/sdk/platforms/android-36-ext18/data/res/values-mcc334-mnc020-sw: Cannot utime: Operation not permitted
build	Cache Android SDK	2026-06-06T12:22:53.4321324Z /usr/bin/tar: ../../../../../usr/local/lib/android/sdk/platforms/android-36-ext18/data/res/values-mcc334-mnc020-sw: Cannot change mode to rwxr-xr-x: Operation not permitted
build	Cache Android SDK	2026-06-06T12:22:53.4323817Z /usr/bin/tar: ../../../../../usr/local/lib/android/sdk/platforms/android-36-ext18/data/res/values-mcc310-mnc200-ta: Cannot utime: Operation not permitted
build	Cache Android SDK	2026-06-06T12:22:53.4324284Z /usr/bin/tar: ../../../../../usr/local/lib/android/sdk/platforms/android-36-ext18/data/res/values-mcc310-mnc200-ta: Cannot change mode to rwxr-xr-x: Operation not permitted
build	Cache Android SDK	2026-06-06T12:22:53.4326728Z /usr/bin/tar: ../../../../../usr/local/lib/android/sdk/platforms/android-36-ext18/data/res/values-mcc310-mnc800-kn: Cannot utime: Operation not permitted
build	Cache Android SDK	2026-06-06T12:22:53.4327296Z /usr/bin/tar: ../../../../../usr/local/lib/android/sdk/platforms/android-36-ext18/data/res/values-mcc310-mnc800-kn: Cannot change mode to rwxr-xr-x: Operation not permitted
build	Cache Android SDK	2026-06-06T12:22:53.4330392Z /usr/bin/tar: ../../../../../usr/local/lib/android/sdk/platforms/android-36-ext18/data/res/values-mcc310-mnc800: Cannot utime: Operation not permitted
build	Cache Android SDK	2026-06-06T12:22:53.4330870Z /usr/bin/tar: ../../../../../usr/local/lib/android/sdk/platforms/android-36-ext18/data/res/values-mcc310-mnc800: Cannot change mode to rwxr-xr-x: Operation not permitted
build	Cache Android SDK	2026-06-06T12:22:53.4333500Z /usr/bin/tar: ../../../../../usr/local/lib/android/sdk/platforms/android-36-ext18/data/res/values-mcc310-mnc410-en-rXC: Cannot utime: Operation not permitted
build	Cache Android SDK	2026-06-06T12:22:53.4333994Z /usr/bin/tar: ../../../../../usr/local/lib/android/sdk/platforms/android-36-ext18/data/res/values-mcc310-mnc410-en-rXC: Cannot change mode to rwxr-xr-x: Operation not permitted
build	Cache Android SDK	2026-06-06T12:22:53.4336804Z /usr/bin/tar: ../../../../../usr/local/lib/android/sdk/platforms/android-36-ext18/data/res/values-mcc310-mnc220-bn: Cannot utime: Operation not permitted
build	Cache Android SDK	2026-06-06T12:22:53.4337297Z /usr/bin/tar: ../../../../../usr/local/lib/android/sdk/platforms/android-36-ext18/data/res/values-mcc310-mnc220-bn: Cannot change mode to rwxr-xr-x: Operation not permitted
build	Cache Android SDK	2026-06-06T12:22:53.4340191Z /usr/bin/tar: ../../../../../usr/local/lib/android/sdk/platforms/android-36-ext18/data/res/values-mcc310-mnc490-ca: Cannot utime: Operation not permitted
build	Cache Android SDK	2026-06-06T12:22:53.4340666Z /usr/bin/tar: ../../../../../usr/local/lib/android/sdk/platforms/android-36-ext18/data/res/values-mcc310-mnc490-ca: Cannot change mode to rwxr-xr-x: Operation not permitted
build	Cache Android SDK	2026-06-06T12:22:53.4343311Z /usr/bin/tar: ../../../../../usr/local/lib/android/sdk/platforms/android-36-ext18/data/res/values-en-rAU-watch: Cannot utime: Operation not permitted
build	Cache Android SDK	2026-06-06T12:22:53.4343811Z /usr/bin/tar: ../../../../../usr/local/lib/android/sdk/platforms/android-36-ext18/data/res/values-en-rAU-watch: Cannot change mode to rwxr-xr-x: Operation not permitted
build	Cache Android SDK	2026-06-06T12:22:53.4346823Z /usr/bin/tar: ../../../../../usr/local/lib/android/sdk/platforms/android-36-ext18/data/res/values-mcc310-mnc220-et: Cannot utime: Operation not permitted
build	Cache Android SDK	2026-06-06T12:22:53.4347295Z /usr/bin/tar: ../../../../../usr/local/lib/android/sdk/platforms/android-36-ext18/data/res/values-mcc310-mnc220-et: Cannot change mode to rwxr-xr-x: Operation not permitted
build	Cache Android SDK	2026-06-06T12:22:53.4349717Z /usr/bin/tar: ../../../../../usr/local/lib/android/sdk/platforms/android-36-ext18/data/res/values-w195dp: Cannot utime: Operation not permitted
build	Cache Android SDK	2026-06-06T12:22:53.4350179Z /usr/bin/tar: ../../../../../usr/local/lib/android/sdk/platforms/android-36-ext18/data/res/values-w195dp: Cannot change mode to rwxr-xr-x: Operation not permitted
build	Cache Android SDK	2026-06-06T12:22:53.4353366Z /usr/bin/tar: ../../../../../usr/local/lib/android/sdk/platforms/android-36-ext18/data/res/values-mcc310-mnc410-is: Cannot utime: Operation not permitted
build	Cache Android SDK	2026-06-06T12:22:53.4353858Z /usr/bin/tar: ../../../../../usr/local/lib/android/sdk/platforms/android-36-ext18/data/res/values-mcc310-mnc410-is: Cannot change mode to rwxr-xr-x: Operation not permitted
build	Cache Android SDK	2026-06-06T12:22:53.4356247Z /usr/bin/tar: ../../../../../usr/local/lib/android/sdk/platforms/android-36-ext18/data/res/values-mcc302-mnc370-vi: Cannot utime: Operation not permitted
build	Cache Android SDK	2026-06-06T12:22:53.4356723Z /usr/bin/tar: ../../../../../usr/local/lib/android/sdk/platforms/android-36-ext18/data/res/values-mcc302-mnc370-vi: Cannot change mode to rwxr-xr-x: Operation not permitted
build	Cache Android SDK	2026-06-06T12:22:53.4359246Z /usr/bin/tar: ../../../../../usr/local/lib/android/sdk/platforms/android-36-ext18/data/res/values-w426dp-h320dp: Cannot utime: Operation not permitted
build	Cache Android SDK	2026-06-06T12:22:53.4359813Z /usr/bin/tar: ../../../../../usr/local/lib/android/sdk/platforms/android-36-ext18/data/res/values-w426dp-h320dp: Cannot change mode to rwxr-xr-x: Operation not permitted
build	Cache Android SDK	2026-06-06T12:22:53.4362598Z /usr/bin/tar: ../../../../../usr/local/lib/android/sdk/platforms/android-36-ext18/data/res/values-mcc310-mnc200-iw: Cannot utime: Operation not permitted
build	Cache Android SDK	2026-06-06T12:22:53.4363080Z /usr/bin/tar: ../../../../../usr/local/lib/android/sdk/platforms/android-36-ext18/data/res/values-mcc310-mnc200-iw: Cannot change mode to rwxr-xr-x: Operation not permitted
build	Cache Android SDK	2026-06-06T12:22:53.4365594Z /usr/bin/tar: ../../../../../usr/local/lib/android/sdk/platforms/android-36-ext18/data/res/values-mcc001-mnc01-sl: Cannot utime: Operation not permitted
build	Cache Android SDK	2026-06-06T12:22:53.4366067Z /usr/bin/tar: ../../../../../usr/local/lib/android/sdk/platforms/android-36-ext18/data/res/values-mcc001-mnc01-sl: Cannot change mode to rwxr-xr-x: Operation not permitted
build	Cache Android SDK	2026-06-06T12:22:53.4369116Z /usr/bin/tar: ../../../../../usr/local/lib/android/sdk/platforms/android-36-ext18/data/res/values-mcc313-mnc100-ro: Cannot utime: Operation not permitted
build	Cache Android SDK	2026-06-06T12:22:53.4369689Z /usr/bin/tar: ../../../../../usr/local/lib/android/sdk/platforms/android-36-ext18/data/res/values-mcc313-mnc100-ro: Cannot change mode to rwxr-xr-x: Operation not permitted
build	Cache Android SDK	2026-06-06T12:22:53.4372084Z /usr/bin/tar: ../../../../../usr/local/lib/android/sdk/platforms/android-36-ext18/data/res/values-mcc001-mnc01-en-rGB: Cannot utime: Operation not permitted
build	Cache Android SDK	2026-06-06T12:22:53.4372585Z /usr/bin/tar: ../../../../../usr/local/lib/android/sdk/platforms/android-36-ext18/data/res/values-mcc001-mnc01-en-rGB: Cannot change mode to rwxr-xr-x: Operation not permitted
build	Cache Android SDK	2026-06-06T12:22:53.4376012Z /usr/bin/tar: ../../../../../usr/local/lib/android/sdk/platforms/android-36-ext18/data/res/values-mcc310-mnc230-et: Cannot utime: Operation not permitted
build	Cache Android SDK	2026-06-06T12:22:53.4376485Z /usr/bin/tar: ../../../../../usr/local/lib/android/sdk/platforms/android-36-ext18/data/res/values-mcc310-mnc230-et: Cannot change mode to rwxr-xr-x: Operation not permitted
build	Cache Android SDK	2026-06-06T12:22:53.4379329Z /usr/bin/tar: ../../../../../usr/local/lib/android/sdk/platforms/android-36-ext18/data/res/values-mcc313-mnc100-ko: Cannot utime: Operation not permitted
build	Cache Android SDK	2026-06-06T12:22:53.4379815Z /usr/bin/tar: ../../../../../usr/local/lib/android/sdk/platforms/android-36-ext18/data/res/values-mcc313-mnc100-ko: Cannot change mode to rwxr-xr-x: Operation not permitted
build	Cache Android SDK	2026-06-06T12:22:53.4382479Z /usr/bin/tar: ../../../../../usr/local/lib/android/sdk/platforms/android-36-ext18/data/res/values-mcc310-mnc380-fr: Cannot utime: Operation not permitted
build	Cache Android SDK	2026-06-06T12:22:53.4382953Z /usr/bin/tar: ../../../../../usr/local/lib/android/sdk/platforms/android-36-ext18/data/res/values-mcc310-mnc380-fr: Cannot change mode to rwxr-xr-x: Operation not permitted
build	Cache Android SDK	2026-06-06T12:22:53.4385952Z /usr/bin/tar: ../../../../../usr/local/lib/android/sdk/platforms/android-36-ext18/data/res/values-mcc310-mnc250-bn: Cannot utime: Operation not permitted
build	Cache Android SDK	2026-06-06T12:22:53.4386433Z /usr/bin/tar: ../../../../../usr/local/lib/android/sdk/platforms/android-36-ext18/data/res/values-mcc310-mnc250-bn: Cannot change mode to rwxr-xr-x: Operation not permitted
build	Cache Android SDK	2026-06-06T12:22:53.4389055Z /usr/bin/tar: ../../../../../usr/local/lib/android/sdk/platforms/android-36-ext18/data/res/values-mcc302-mnc720-lo: Cannot utime: Operation not permitted
build	Cache Android SDK	2026-06-06T12:22:53.4389628Z /usr/bin/tar: ../../../../../usr/local/lib/android/sdk/platforms/android-36-ext18/data/res/values-mcc302-mnc720-lo: Cannot change mode to rwxr-xr-x: Operation not permitted
build	Cache Android SDK	2026-06-06T12:22:53.4392410Z /usr/bin/tar: ../../../../../usr/local/lib/android/sdk/platforms/android-36-ext18/data/res/values-mcc310-mnc210-mn: Cannot utime: Operation not permitted
build	Cache Android SDK	2026-06-06T12:22:53.4392878Z /usr/bin/tar: ../../../../../usr/local/lib/android/sdk/platforms/android-36-ext18/data/res/values-mcc310-mnc210-mn: Cannot change mode to rwxr-xr-x: Operation not permitted
build	Cache Android SDK	2026-06-06T12:22:53.4395868Z /usr/bin/tar: ../../../../../usr/local/lib/android/sdk/platforms/android-36-ext18/data/res/values-mcc310-mnc230-gl: Cannot utime: Operation not permitted
build	Cache Android SDK	2026-06-06T12:22:53.4396348Z /usr/bin/tar: ../../../../../usr/local/lib/android/sdk/platforms/android-36-ext18/data/res/values-mcc310-mnc230-gl: Cannot change mode to rwxr-xr-x: Operation not permitted
build	Cache Android SDK	2026-06-06T12:22:53.4399657Z /usr/bin/tar: ../../../../../usr/local/lib/android/sdk/platforms/android-36-ext18/data/res/values-mcc310-mnc230-bg: Cannot utime: Operation not permitted
build	Cache Android SDK	2026-06-06T12:22:53.4400132Z /usr/bin/tar: ../../../../../usr/local/lib/android/sdk/platforms/android-36-ext18/data/res/values-mcc310-mnc230-bg: Cannot change mode to rwxr-xr-x: Operation not permitted
build	Cache Android SDK	2026-06-06T12:22:53.4402625Z /usr/bin/tar: ../../../../../usr/local/lib/android/sdk/platforms/android-36-ext18/data/res/values-mcc310-mnc250-pt: Cannot utime: Operation not permitted
build	Cache Android SDK	2026-06-06T12:22:53.4403096Z /usr/bin/tar: ../../../../../usr/local/lib/android/sdk/platforms/android-36-ext18/data/res/values-mcc310-mnc250-pt: Cannot change mode to rwxr-xr-x: Operation not permitted
build	Cache Android SDK	2026-06-06T12:22:53.4405685Z /usr/bin/tar: ../../../../../usr/local/lib/android/sdk/platforms/android-36-ext18/data/res/values-mcc310-mnc160-ko: Cannot utime: Operation not permitted
build	Cache Android SDK	2026-06-06T12:22:53.4406246Z /usr/bin/tar: ../../../../../usr/local/lib/android/sdk/platforms/android-36-ext18/data/res/values-mcc310-mnc160-ko: Cannot change mode to rwxr-xr-x: Operation not permitted
build	Cache Android SDK	2026-06-06T12:22:53.4408776Z /usr/bin/tar: ../../../../../usr/local/lib/android/sdk/platforms/android-36-ext18/data/res/values-mcc310-mnc410-sq: Cannot utime: Operation not permitted
build	Cache Android SDK	2026-06-06T12:22:53.4409251Z /usr/bin/tar: ../../../../../usr/local/lib/android/sdk/platforms/android-36-ext18/data/res/values-mcc310-mnc410-sq: Cannot change mode to rwxr-xr-x: Operation not permitted
build	Cache Android SDK	2026-06-06T12:22:53.4411669Z /usr/bin/tar: ../../../../../usr/local/lib/android/sdk/platforms/android-36-ext18/data/res/values-w480dp: Cannot utime: Operation not permitted
build	Cache Android SDK	2026-06-06T12:22:53.4412150Z /usr/bin/tar: ../../../../../usr/local/lib/android/sdk/platforms/android-36-ext18/data/res/values-w480dp: Cannot change mode to rwxr-xr-x: Operation not permitted
build	Cache Android SDK	2026-06-06T12:22:53.4414707Z /usr/bin/tar: ../../../../../usr/local/lib/android/sdk/platforms/android-36-ext18/data/res/values-mcc310-mnc560-is: Cannot utime: Operation not permitted
build	Cache Android SDK	2026-06-06T12:22:53.4415192Z /usr/bin/tar: ../../../../../usr/local/lib/android/sdk/platforms/android-36-ext18/data/res/values-mcc310-mnc560-is: Cannot change mode to rwxr-xr-x: Operation not permitted
build	Cache Android SDK	2026-06-06T12:22:53.4417976Z /usr/bin/tar: ../../../../../usr/local/lib/android/sdk/platforms/android-36-ext18/data/res/values-mn-watch: Cannot utime: Operation not permitted
build	Cache Android SDK	2026-06-06T12:22:53.4418426Z /usr/bin/tar: ../../../../../usr/local/lib/android/sdk/platforms/android-36-ext18/data/res/values-mn-watch: Cannot change mode to rwxr-xr-x: Operation not permitted
build	Cache Android SDK	2026-06-06T12:22:53.4420804Z /usr/bin/tar: ../../../../../usr/local/lib/android/sdk/platforms/android-36-ext18/data/res/values-mcc302-mnc720-ru: Cannot utime: Operation not permitted
build	Cache Android SDK	2026-06-06T12:22:53.4421286Z /usr/bin/tar: ../../../../../usr/local/lib/android/sdk/platforms/android-36-ext18/data/res/values-mcc302-mnc720-ru: Cannot change mode to rwxr-xr-x: Operation not permitted
build	Cache Android SDK	2026-06-06T12:22:53.4423936Z /usr/bin/tar: ../../../../../usr/local/lib/android/sdk/platforms/android-36-ext18/data/res/values-mcc310-mnc950-zh-rCN: Cannot utime: Operation not permitted
build	Cache Android SDK	2026-06-06T12:22:53.4424522Z /usr/bin/tar: ../../../../../usr/local/lib/android/sdk/platforms/android-36-ext18/data/res/values-mcc310-mnc950-zh-rCN: Cannot change mode to rwxr-xr-x: Operation not permitted
build	Cache Android SDK	2026-06-06T12:22:53.4427233Z /usr/bin/tar: ../../../../../usr/local/lib/android/sdk/platforms/android-36-ext18/data/res/values-mcc310-mnc950-cs: Cannot utime: Operation not permitted
build	Cache Android SDK	2026-06-06T12:22:53.4427871Z /usr/bin/tar: ../../../../../usr/local/lib/android/sdk/platforms/android-36-ext18/data/res/values-mcc310-mnc950-cs: Cannot change mode to rwxr-xr-x: Operation not permitted
build	Cache Android SDK	2026-06-06T12:22:53.4430557Z /usr/bin/tar: ../../../../../usr/local/lib/android/sdk/platforms/android-36-ext18/data/res/values-mcc310-mnc200-pt: Cannot utime: Operation not permitted
build	Cache Android SDK	2026-06-06T12:22:53.4431122Z /usr/bin/tar: ../../../../../usr/local/lib/android/sdk/platforms/android-36-ext18/data/res/values-mcc310-mnc200-pt: Cannot change mode to rwxr-xr-x: Operation not permitted
build	Cache Android SDK	2026-06-06T12:22:53.4434103Z /usr/bin/tar: ../../../../../usr/local/lib/android/sdk/platforms/android-36-ext18/data/res/values-mcc310-mnc240-fr-rCA: Cannot utime: Operation not permitted
build	Cache Android SDK	2026-06-06T12:22:53.4434689Z /usr/bin/tar: ../../../../../usr/local/lib/android/sdk/platforms/android-36-ext18/data/res/values-mcc310-mnc240-fr-rCA: Cannot change mode to rwxr-xr-x: Operation not permitted
build	Cache Android SDK	2026-06-06T12:22:53.4437104Z /usr/bin/tar: ../../../../../usr/local/lib/android/sdk/platforms/android-36-ext18/data/res/values-mcc311-mnc180-pl: Cannot utime: Operation not permitted
build	Cache Android SDK	2026-06-06T12:22:53.4437823Z /usr/bin/tar: ../../../../../usr/local/lib/android/sdk/platforms/android-36-ext18/data/res/values-mcc311-mnc180-pl: Cannot change mode to rwxr-xr-x: Operation not permitted
build	Cache Android SDK	2026-06-06T12:22:53.4440537Z /usr/bin/tar: ../../../../../usr/local/lib/android/sdk/platforms/android-36-ext18/data/res/values-ka-television: Cannot utime: Operation not permitted
build	Cache Android SDK	2026-06-06T12:22:53.4441097Z /usr/bin/tar: ../../../../../usr/local/lib/android/sdk/platforms/android-36-ext18/data/res/values-ka-television: Cannot change mode to rwxr-xr-x: Operation not permitted
build	Cache Android SDK	2026-06-06T12:22:53.4443637Z /usr/bin/tar: ../../../../../usr/local/lib/android/sdk/platforms/android-36-ext18/data/res/values-mcc310-mnc310-hr: Cannot utime: Operation not permitted
build	Cache Android SDK	2026-06-06T12:22:53.4444116Z /usr/bin/tar: ../../../../../usr/local/lib/android/sdk/platforms/android-36-ext18/data/res/values-mcc310-mnc310-hr: Cannot change mode to rwxr-xr-x: Operation not permitted
build	Cache Android SDK	2026-06-06T12:22:53.4450734Z /usr/bin/tar: ../../../../../usr/local/lib/android/sdk/platforms/android-36-ext18/data/res/animator: Cannot utime: Operation not permitted
build	Cache Android SDK	2026-06-06T12:22:53.4451245Z /usr/bin/tar: ../../../../../usr/local/lib/android/sdk/platforms/android-36-ext18/data/res/animator: Cannot change mode to rwxr-xr-x: Operation not permitted
build	Cache Android SDK	2026-06-06T12:22:53.4454257Z /usr/bin/tar: ../../../../../usr/local/lib/android/sdk/platforms/android-36-ext18/data/res/values-az-television: Cannot utime: Operation not permitted
build	Cache Android SDK	2026-06-06T12:22:53.4454730Z /usr/bin/tar: ../../../../../usr/local/lib/android/sdk/platforms/android-36-ext18/data/res/values-az-television: Cannot change mode to rwxr-xr-x: Operation not permitted
build	Cache Android SDK	2026-06-06T12:22:53.4461612Z /usr/bin/tar: ../../../../../usr/local/lib/android/sdk/platforms/android-36-ext18/data/res/values-en-rGB: Cannot utime: Operation not permitted
build	Cache Android SDK	2026-06-06T12:22:53.4462446Z /usr/bin/tar: ../../../../../usr/local/lib/android/sdk/platforms/android-36-ext18/data/res/values-en-rGB: Cannot change mode to rwxr-xr-x: Operation not permitted
build	Cache Android SDK	2026-06-06T12:22:53.4464421Z /usr/bin/tar: ../../../../../usr/local/lib/android/sdk/platforms/android-36-ext18/data/res/values-mcc310-mnc230-pt: Cannot utime: Operation not permitted
build	Cache Android SDK	2026-06-06T12:22:53.4465044Z /usr/bin/tar: ../../../../../usr/local/lib/android/sdk/platforms/android-36-ext18/data/res/values-mcc310-mnc230-pt: Cannot change mode to rwxr-xr-x: Operation not permitted
build	Cache Android SDK	2026-06-06T12:22:53.4467271Z /usr/bin/tar: ../../../../../usr/local/lib/android/sdk/platforms/android-36-ext18/data/res/values-mcc302-mnc370-bn: Cannot utime: Operation not permitted
build	Cache Android SDK	2026-06-06T12:22:53.4467977Z /usr/bin/tar: ../../../../../usr/local/lib/android/sdk/platforms/android-36-ext18/data/res/values-mcc302-mnc370-bn: Cannot change mode to rwxr-xr-x: Operation not permitted
build	Cache Android SDK	2026-06-06T12:22:53.4470481Z /usr/bin/tar: ../../../../../usr/local/lib/android/sdk/platforms/android-36-ext18/data/res/values-mcc310-mnc410-ro: Cannot utime: Operation not permitted
build	Cache Android SDK	2026-06-06T12:22:53.4471047Z /usr/bin/tar: ../../../../../usr/local/lib/android/sdk/platforms/android-36-ext18/data/res/values-mcc310-mnc410-ro: Cannot change mode to rwxr-xr-x: Operation not permitted
build	Cache Android SDK	2026-06-06T12:22:53.4474251Z /usr/bin/tar: ../../../../../usr/local/lib/android/sdk/platforms/android-36-ext18/data/res/values-mcc310-mnc170-en-rXC: Cannot utime: Operation not permitted
build	Cache Android SDK	2026-06-06T12:22:53.4474738Z /usr/bin/tar: ../../../../../usr/local/lib/android/sdk/platforms/android-36-ext18/data/res/values-mcc310-mnc170-en-rXC: Cannot change mode to rwxr-xr-x: Operation not permitted
build	Cache Android SDK	2026-06-06T12:22:53.4482273Z /usr/bin/tar: ../../../../../usr/local/lib/android/sdk/platforms/android-36-ext18/data/res/values-ka: Cannot utime: Operation not permitted
build	Cache Android SDK	2026-06-06T12:22:53.4482803Z /usr/bin/tar: ../../../../../usr/local/lib/android/sdk/platforms/android-36-ext18/data/res/values-ka: Cannot change mode to rwxr-xr-x: Operation not permitted
build	Cache Android SDK	2026-06-06T12:22:53.4484958Z /usr/bin/tar: ../../../../../usr/local/lib/android/sdk/platforms/android-36-ext18/data/res/values-ky-watch: Cannot utime: Operation not permitted
build	Cache Android SDK	2026-06-06T12:22:53.4485412Z /usr/bin/tar: ../../../../../usr/local/lib/android/sdk/platforms/android-36-ext18/data/res/values-ky-watch: Cannot change mode to rwxr-xr-x: Operation not permitted
build	Cache Android SDK	2026-06-06T12:22:53.4488071Z /usr/bin/tar: ../../../../../usr/local/lib/android/sdk/platforms/android-36-ext18/data/res/values-am-watch: Cannot utime: Operation not permitted
build	Cache Android SDK	2026-06-06T12:22:53.4488539Z /usr/bin/tar: ../../../../../usr/local/lib/android/sdk/platforms/android-36-ext18/data/res/values-am-watch: Cannot change mode to rwxr-xr-x: Operation not permitted
build	Cache Android SDK	2026-06-06T12:22:53.4491651Z /usr/bin/tar: ../../../../../usr/local/lib/android/sdk/platforms/android-36-ext18/data/res/values-mcc310-mnc004: Cannot utime: Operation not permitted
build	Cache Android SDK	2026-06-06T12:22:53.4492110Z /usr/bin/tar: ../../../../../usr/local/lib/android/sdk/platforms/android-36-ext18/data/res/values-mcc310-mnc004: Cannot change mode to rwxr-xr-x: Operation not permitted
build	Cache Android SDK	2026-06-06T12:22:53.4495688Z /usr/bin/tar: ../../../../../usr/local/lib/android/sdk/platforms/android-36-ext18/data/res/values-mcc310-mnc230-hu: Cannot utime: Operation not permitted
build	Cache Android SDK	2026-06-06T12:22:53.4496147Z /usr/bin/tar: ../../../../../usr/local/lib/android/sdk/platforms/android-36-ext18/data/res/values-mcc310-mnc230-hu: Cannot change mode to rwxr-xr-x: Operation not permitted
build	Cache Android SDK	2026-06-06T12:22:53.4498888Z /usr/bin/tar: ../../../../../usr/local/lib/android/sdk/platforms/android-36-ext18/data/res/values-mcc310-mnc660-hu: Cannot utime: Operation not permitted
build	Cache Android SDK	2026-06-06T12:22:53.4499355Z /usr/bin/tar: ../../../../../usr/local/lib/android/sdk/platforms/android-36-ext18/data/res/values-mcc310-mnc660-hu: Cannot change mode to rwxr-xr-x: Operation not permitted
build	Cache Android SDK	2026-06-06T12:22:53.4502073Z /usr/bin/tar: ../../../../../usr/local/lib/android/sdk/platforms/android-36-ext18/data/res/raw-es: Cannot utime: Operation not permitted
build	Cache Android SDK	2026-06-06T12:22:53.4502492Z /usr/bin/tar: ../../../../../usr/local/lib/android/sdk/platforms/android-36-ext18/data/res/raw-es: Cannot change mode to rwxr-xr-x: Operation not permitted
build	Cache Android SDK	2026-06-06T12:22:53.4505209Z /usr/bin/tar: ../../../../../usr/local/lib/android/sdk/platforms/android-36-ext18/data/res/values-mcc310-mnc220-ta: Cannot utime: Operation not permitted
build	Cache Android SDK	2026-06-06T12:22:53.4505672Z /usr/bin/tar: ../../../../../usr/local/lib/android/sdk/platforms/android-36-ext18/data/res/values-mcc310-mnc220-ta: Cannot change mode to rwxr-xr-x: Operation not permitted
build	Cache Android SDK	2026-06-06T12:22:53.4509051Z /usr/bin/tar: ../../../../../usr/local/lib/android/sdk/platforms/android-36-ext18/data/res/values-mcc302-mnc370-fa: Cannot utime: Operation not permitted
build	Cache Android SDK	2026-06-06T12:22:53.4509508Z /usr/bin/tar: ../../../../../usr/local/lib/android/sdk/platforms/android-36-ext18/data/res/values-mcc302-mnc370-fa: Cannot change mode to rwxr-xr-x: Operation not permitted
build	Cache Android SDK	2026-06-06T12:22:53.4512376Z /usr/bin/tar: ../../../../../usr/local/lib/android/sdk/platforms/android-36-ext18/data/res/values-mcc310-mnc270-en-rAU: Cannot utime: Operation not permitted
build	Cache Android SDK	2026-06-06T12:22:53.4513462Z /usr/bin/tar: ../../../../../usr/local/lib/android/sdk/platforms/android-36-ext18/data/res/values-mcc310-mnc270-en-rAU: Cannot change mode to rwxr-xr-x: Operation not permitted
build	Cache Android SDK	2026-06-06T12:22:53.4523980Z /usr/bin/tar: ../../../../../usr/local/lib/android/sdk/platforms/android-36-ext18/data/res/drawable-land-mdpi: Cannot utime: Operation not permitted
build	Cache Android SDK	2026-06-06T12:22:53.4524884Z /usr/bin/tar: ../../../../../usr/local/lib/android/sdk/platforms/android-36-ext18/data/res/drawable-land-mdpi: Cannot change mode to rwxr-xr-x: Operation not permitted
build	Cache Android SDK	2026-06-06T12:22:53.4526493Z /usr/bin/tar: ../../../../../usr/local/lib/android/sdk/platforms/android-36-ext18/data/res/values-mcc310-mnc210-ta: Cannot utime: Operation not permitted
build	Cache Android SDK	2026-06-06T12:22:53.4526963Z /usr/bin/tar: ../../../../../usr/local/lib/android/sdk/platforms/android-36-ext18/data/res/values-mcc310-mnc210-ta: Cannot change mode to rwxr-xr-x: Operation not permitted
build	Cache Android SDK	2026-06-06T12:22:53.4529706Z /usr/bin/tar: ../../../../../usr/local/lib/android/sdk/platforms/android-36-ext18/data/res/values-mcc310-mnc410-ko: Cannot utime: Operation not permitted
build	Cache Android SDK	2026-06-06T12:22:53.4530283Z /usr/bin/tar: ../../../../../usr/local/lib/android/sdk/platforms/android-36-ext18/data/res/values-mcc310-mnc410-ko: Cannot change mode to rwxr-xr-x: Operation not permitted
build	Cache Android SDK	2026-06-06T12:22:53.4532873Z /usr/bin/tar: ../../../../../usr/local/lib/android/sdk/platforms/android-36-ext18/data/res/values-mcc310-mnc030-ms: Cannot utime: Operation not permitted
build	Cache Android SDK	2026-06-06T12:22:53.4533327Z /usr/bin/tar: ../../../../../usr/local/lib/android/sdk/platforms/android-36-ext18/data/res/values-mcc310-mnc030-ms: Cannot change mode to rwxr-xr-x: Operation not permitted
build	Cache Android SDK	2026-06-06T12:22:53.4535806Z /usr/bin/tar: ../../../../../usr/local/lib/android/sdk/platforms/android-36-ext18/data/res/values-mcc310-mnc280-hi: Cannot utime: Operation not permitted
build	Cache Android SDK	2026-06-06T12:22:53.4536269Z /usr/bin/tar: ../../../../../usr/local/lib/android/sdk/platforms/android-36-ext18/data/res/values-mcc310-mnc280-hi: Cannot change mode to rwxr-xr-x: Operation not permitted
build	Cache Android SDK	2026-06-06T12:22:53.4539222Z /usr/bin/tar: ../../../../../usr/local/lib/android/sdk/platforms/android-36-ext18/data/res/values-mcc310-mnc310-ro: Cannot utime: Operation not permitted
build	Cache Android SDK	2026-06-06T12:22:53.4539699Z /usr/bin/tar: ../../../../../usr/local/lib/android/sdk/platforms/android-36-ext18/data/res/values-mcc310-mnc310-ro: Cannot change mode to rwxr-xr-x: Operation not permitted
build	Cache Android SDK	2026-06-06T12:22:53.4542236Z /usr/bin/tar: ../../../../../usr/local/lib/android/sdk/platforms/android-36-ext18/data/res/values-mcc310-mnc240-pt-rBR: Cannot utime: Operation not permitted
build	Cache Android SDK	2026-06-06T12:22:53.4542716Z /usr/bin/tar: ../../../../../usr/local/lib/android/sdk/platforms/android-36-ext18/data/res/values-mcc310-mnc240-pt-rBR: Cannot change mode to rwxr-xr-x: Operation not permitted
build	Cache Android SDK	2026-06-06T12:22:53.4545574Z /usr/bin/tar: ../../../../../usr/local/lib/android/sdk/platforms/android-36-ext18/data/res/values-mcc310-mnc490-fr: Cannot utime: Operation not permitted
build	Cache Android SDK	2026-06-06T12:22:53.4546039Z /usr/bin/tar: ../../../../../usr/local/lib/android/sdk/platforms/android-36-ext18/data/res/values-mcc310-mnc490-fr: Cannot change mode to rwxr-xr-x: Operation not permitted
build	Cache Android SDK	2026-06-06T12:22:53.4548795Z /usr/bin/tar: ../../../../../usr/local/lib/android/sdk/platforms/android-36-ext18/data/res/values-mcc310-mnc160-gu: Cannot utime: Operation not permitted
build	Cache Android SDK	2026-06-06T12:22:53.4549368Z /usr/bin/tar: ../../../../../usr/local/lib/android/sdk/platforms/android-36-ext18/data/res/values-mcc310-mnc160-gu: Cannot change mode to rwxr-xr-x: Operation not permitted
build	Cache Android SDK	2026-06-06T12:22:53.4551797Z /usr/bin/tar: ../../../../../usr/local/lib/android/sdk/platforms/android-36-ext18/data/res/values-mcc310-mnc150-es: Cannot utime: Operation not permitted
build	Cache Android SDK	2026-06-06T12:22:53.4552260Z /usr/bin/tar: ../../../../../usr/local/lib/android/sdk/platforms/android-36-ext18/data/res/values-mcc310-mnc150-es: Cannot change mode to rwxr-xr-x: Operation not permitted
build	Cache Android SDK	2026-06-06T12:22:53.4554850Z /usr/bin/tar: ../../../../../usr/local/lib/android/sdk/platforms/android-36-ext18/data/res/values-mcc310-mnc800-hi: Cannot utime: Operation not permitted
build	Cache Android SDK	2026-06-06T12:22:53.4555318Z /usr/bin/tar: ../../../../../usr/local/lib/android/sdk/platforms/android-36-ext18/data/res/values-mcc310-mnc800-hi: Cannot change mode to rwxr-xr-x: Operation not permitted
build	Cache Android SDK	2026-06-06T12:22:53.4558385Z /usr/bin/tar: ../../../../../usr/local/lib/android/sdk/platforms/android-36-ext18/data/res/values-mcc450-ko: Cannot utime: Operation not permitted
build	Cache Android SDK	2026-06-06T12:22:53.4558852Z /usr/bin/tar: ../../../../../usr/local/lib/android/sdk/platforms/android-36-ext18/data/res/values-mcc450-ko: Cannot change mode to rwxr-xr-x: Operation not permitted
build	Cache Android SDK	2026-06-06T12:22:53.4561183Z /usr/bin/tar: ../../../../../usr/local/lib/android/sdk/platforms/android-36-ext18/data/res/values-ml-television: Cannot utime: Operation not permitted
build	Cache Android SDK	2026-06-06T12:22:53.4561640Z /usr/bin/tar: ../../../../../usr/local/lib/android/sdk/platforms/android-36-ext18/data/res/values-ml-television: Cannot change mode to rwxr-xr-x: Operation not permitted
build	Cache Android SDK	2026-06-06T12:22:53.4564331Z /usr/bin/tar: ../../../../../usr/local/lib/android/sdk/platforms/android-36-ext18/data/res/values-mcc310-mnc240-vi: Cannot utime: Operation not permitted
build	Cache Android SDK	2026-06-06T12:22:53.4564862Z /usr/bin/tar: ../../../../../usr/local/lib/android/sdk/platforms/android-36-ext18/data/res/values-mcc310-mnc240-vi: Cannot change mode to rwxr-xr-x: Operation not permitted
build	Cache Android SDK	2026-06-06T12:22:53.4567869Z /usr/bin/tar: ../../../../../usr/local/lib/android/sdk/platforms/android-36-ext18/data/res/values-mcc311-mnc180-de: Cannot utime: Operation not permitted
build	Cache Android SDK	2026-06-06T12:22:53.4568328Z /usr/bin/tar: ../../../../../usr/local/lib/android/sdk/platforms/android-36-ext18/data/res/values-mcc311-mnc180-de: Cannot change mode to rwxr-xr-x: Operation not permitted
build	Cache Android SDK	2026-06-06T12:22:53.4570846Z /usr/bin/tar: ../../../../../usr/local/lib/android/sdk/platforms/android-36-ext18/data/res/values-mcc310-mnc210-pt-rBR: Cannot utime: Operation not permitted
build	Cache Android SDK	2026-06-06T12:22:53.4571338Z /usr/bin/tar: ../../../../../usr/local/lib/android/sdk/platforms/android-36-ext18/data/res/values-mcc310-mnc210-pt-rBR: Cannot change mode to rwxr-xr-x: Operation not permitted
build	Cache Android SDK	2026-06-06T12:22:53.4579563Z /usr/bin/tar: ../../../../../usr/local/lib/android/sdk/platforms/android-36-ext18/data/res/values-mcc732: Cannot utime: Operation not permitted
build	Cache Android SDK	2026-06-06T12:22:53.4580102Z /usr/bin/tar: ../../../../../usr/local/lib/android/sdk/platforms/android-36-ext18/data/res/values-mcc732: Cannot change mode to rwxr-xr-x: Operation not permitted
build	Cache Android SDK	2026-06-06T12:22:53.4583109Z /usr/bin/tar: ../../../../../usr/local/lib/android/sdk/platforms/android-36-ext18/data/res/values-mcc313-mnc100-zh-rHK: Cannot utime: Operation not permitted
build	Cache Android SDK	2026-06-06T12:22:53.4583706Z /usr/bin/tar: ../../../../../usr/local/lib/android/sdk/platforms/android-36-ext18/data/res/values-mcc313-mnc100-zh-rHK: Cannot change mode to rwxr-xr-x: Operation not permitted
build	Cache Android SDK	2026-06-06T12:22:53.4586366Z /usr/bin/tar: ../../../../../usr/local/lib/android/sdk/platforms/android-36-ext18/data/res/values-mcc334-mnc020-or: Cannot utime: Operation not permitted
build	Cache Android SDK	2026-06-06T12:22:53.4586831Z /usr/bin/tar: ../../../../../usr/local/lib/android/sdk/platforms/android-36-ext18/data/res/values-mcc334-mnc020-or: Cannot change mode to rwxr-xr-x: Operation not permitted
build	Cache Android SDK	2026-06-06T12:22:53.4591487Z /usr/bin/tar: ../../../../../usr/local/lib/android/sdk/platforms/android-36-ext18/data/res/values-mcc310-mnc150-in: Cannot utime: Operation not permitted
build	Cache Android SDK	2026-06-06T12:22:53.4592029Z /usr/bin/tar: ../../../../../usr/local/lib/android/sdk/platforms/android-36-ext18/data/res/values-mcc310-mnc150-in: Cannot change mode to rwxr-xr-x: Operation not permitted
build	Cache Android SDK	2026-06-06T12:22:53.4594144Z /usr/bin/tar: ../../../../../usr/local/lib/android/sdk/platforms/android-36-ext18/data/res/values-kn-television: Cannot utime: Operation not permitted
build	Cache Android SDK	2026-06-06T12:22:53.4594602Z /usr/bin/tar: ../../../../../usr/local/lib/android/sdk/platforms/android-36-ext18/data/res/values-kn-television: Cannot change mode to rwxr-xr-x: Operation not permitted
build	Cache Android SDK	2026-06-06T12:22:53.4597068Z /usr/bin/tar: ../../../../../usr/local/lib/android/sdk/platforms/android-36-ext18/data/res/values-mcc310-mnc410-cs: Cannot utime: Operation not permitted
build	Cache Android SDK	2026-06-06T12:22:53.4597779Z /usr/bin/tar: ../../../../../usr/local/lib/android/sdk/platforms/android-36-ext18/data/res/values-mcc310-mnc410-cs: Cannot change mode to rwxr-xr-x: Operation not permitted
build	Cache Android SDK	2026-06-06T12:22:53.4600484Z /usr/bin/tar: ../../../../../usr/local/lib/android/sdk/platforms/android-36-ext18/data/res/values-mcc310-mnc200-tr: Cannot utime: Operation not permitted
build	Cache Android SDK	2026-06-06T12:22:53.4600937Z /usr/bin/tar: ../../../../../usr/local/lib/android/sdk/platforms/android-36-ext18/data/res/values-mcc310-mnc200-tr: Cannot change mode to rwxr-xr-x: Operation not permitted
build	Cache Android SDK	2026-06-06T12:22:53.4603660Z /usr/bin/tar: ../../../../../usr/local/lib/android/sdk/platforms/android-36-ext18/data/res/values-mcc310-mnc030-sw: Cannot utime: Operation not permitted
build	Cache Android SDK	2026-06-06T12:22:53.4604130Z /usr/bin/tar: ../../../../../usr/local/lib/android/sdk/platforms/android-36-ext18/data/res/values-mcc310-mnc030-sw: Cannot change mode to rwxr-xr-x: Operation not permitted
build	Cache Android SDK	2026-06-06T12:22:53.4607107Z /usr/bin/tar: ../../../../../usr/local/lib/android/sdk/platforms/android-36-ext18/data/res/values-hi-rIN: Cannot utime: Operation not permitted
build	Cache Android SDK	2026-06-06T12:22:53.4607698Z /usr/bin/tar: ../../../../../usr/local/lib/android/sdk/platforms/android-36-ext18/data/res/values-hi-rIN: Cannot change mode to rwxr-xr-x: Operation not permitted
build	Cache Android SDK	2026-06-06T12:22:53.4610023Z /usr/bin/tar: ../../../../../usr/local/lib/android/sdk/platforms/android-36-ext18/data/res/values-mcc310-mnc170-sk: Cannot utime: Operation not permitted
build	Cache Android SDK	2026-06-06T12:22:53.4610480Z /usr/bin/tar: ../../../../../usr/local/lib/android/sdk/platforms/android-36-ext18/data/res/values-mcc310-mnc170-sk: Cannot change mode to rwxr-xr-x: Operation not permitted
build	Cache Android SDK	2026-06-06T12:22:53.4613198Z /usr/bin/tar: ../../../../../usr/local/lib/android/sdk/platforms/android-36-ext18/data/res/values-mcc310-mnc030-pt: Cannot utime: Operation not permitted
build	Cache Android SDK	2026-06-06T12:22:53.4613669Z /usr/bin/tar: ../../../../../usr/local/lib/android/sdk/platforms/android-36-ext18/data/res/values-mcc310-mnc030-pt: Cannot change mode to rwxr-xr-x: Operation not permitted
build	Cache Android SDK	2026-06-06T12:22:53.4616111Z /usr/bin/tar: ../../../../../usr/local/lib/android/sdk/platforms/android-36-ext18/data/res/values-mcc310-mnc150-b+sr+Latn: Cannot utime: Operation not permitted
build	Cache Android SDK	2026-06-06T12:22:53.4616610Z /usr/bin/tar: ../../../../../usr/local/lib/android/sdk/platforms/android-36-ext18/data/res/values-mcc310-mnc150-b+sr+Latn: Cannot change mode to rwxr-xr-x: Operation not permitted
build	Cache Android SDK	2026-06-06T12:22:53.4619880Z /usr/bin/tar: ../../../../../usr/local/lib/android/sdk/platforms/android-36-ext18/data/res/values-mcc310-mnc160-tl: Cannot utime: Operation not permitted
build	Cache Android SDK	2026-06-06T12:22:53.4620873Z /usr/bin/tar: ../../../../../usr/local/lib/android/sdk/platforms/android-36-ext18/data/res/values-mcc310-mnc160-tl: Cannot change mode to rwxr-xr-x: Operation not permitted
build	Cache Android SDK	2026-06-06T12:22:53.4622786Z /usr/bin/tar: ../../../../../usr/local/lib/android/sdk/platforms/android-36-ext18/data/res/values-mcc310-mnc310-am: Cannot utime: Operation not permitted
build	Cache Android SDK	2026-06-06T12:22:53.4623272Z /usr/bin/tar: ../../../../../usr/local/lib/android/sdk/platforms/android-36-ext18/data/res/values-mcc310-mnc310-am: Cannot change mode to rwxr-xr-x: Operation not permitted
build	Cache Android SDK	2026-06-06T12:22:53.4625864Z /usr/bin/tar: ../../../../../usr/local/lib/android/sdk/platforms/android-36-ext18/data/res/values-mcc310-mnc490-et: Cannot utime: Operation not permitted
build	Cache Android SDK	2026-06-06T12:22:53.4626328Z /usr/bin/tar: ../../../../../usr/local/lib/android/sdk/platforms/android-36-ext18/data/res/values-mcc310-mnc490-et: Cannot change mode to rwxr-xr-x: Operation not permitted
build	Cache Android SDK	2026-06-06T12:22:53.4629468Z /usr/bin/tar: ../../../../../usr/local/lib/android/sdk/platforms/android-36-ext18/data/res/values-mcc310-mnc280-en-rCA: Cannot utime: Operation not permitted
build	Cache Android SDK	2026-06-06T12:22:53.4630028Z /usr/bin/tar: ../../../../../usr/local/lib/android/sdk/platforms/android-36-ext18/data/res/values-mcc310-mnc280-en-rCA: Cannot change mode to rwxr-xr-x: Operation not permitted
build	Cache Android SDK	2026-06-06T12:22:53.4632575Z /usr/bin/tar: ../../../../../usr/local/lib/android/sdk/platforms/android-36-ext18/data/res/values-mcc310-mnc030-az: Cannot utime: Operation not permitted
build	Cache Android SDK	2026-06-06T12:22:53.4633052Z /usr/bin/tar: ../../../../../usr/local/lib/android/sdk/platforms/android-36-ext18/data/res/values-mcc310-mnc030-az: Cannot change mode to rwxr-xr-x: Operation not permitted
build	Cache Android SDK	2026-06-06T12:22:53.4635235Z /usr/bin/tar: ../../../../../usr/local/lib/android/sdk/platforms/android-36-ext18/data/res/values-mcc310-mnc280-mr: Cannot utime: Operation not permitted
build	Cache Android SDK	2026-06-06T12:22:53.4635698Z /usr/bin/tar: ../../../../../usr/local/lib/android/sdk/platforms/android-36-ext18/data/res/values-mcc310-mnc280-mr: Cannot change mode to rwxr-xr-x: Operation not permitted
build	Cache Android SDK	2026-06-06T12:22:53.4638842Z /usr/bin/tar: ../../../../../usr/local/lib/android/sdk/platforms/android-36-ext18/data/res/values-mcc310-mnc170-ko: Cannot utime: Operation not permitted
build	Cache Android SDK	2026-06-06T12:22:53.4639365Z /usr/bin/tar: ../../../../../usr/local/lib/android/sdk/platforms/android-36-ext18/data/res/values-mcc310-mnc170-ko: Cannot change mode to rwxr-xr-x: Operation not permitted
build	Cache Android SDK	2026-06-06T12:22:53.4642061Z /usr/bin/tar: ../../../../../usr/local/lib/android/sdk/platforms/android-36-ext18/data/res/values-mcc310-mnc250-kn: Cannot utime: Operation not permitted
build	Cache Android SDK	2026-06-06T12:22:53.4642569Z /usr/bin/tar: ../../../../../usr/local/lib/android/sdk/platforms/android-36-ext18/data/res/values-mcc310-mnc250-kn: Cannot change mode to rwxr-xr-x: Operation not permitted
build	Cache Android SDK	2026-06-06T12:22:53.4645045Z /usr/bin/tar: ../../../../../usr/local/lib/android/sdk/platforms/android-36-ext18/data/res/values-mcc440-mnc54: Cannot utime: Operation not permitted
build	Cache Android SDK	2026-06-06T12:22:53.4645505Z /usr/bin/tar: ../../../../../usr/local/lib/android/sdk/platforms/android-36-ext18/data/res/values-mcc440-mnc54: Cannot change mode to rwxr-xr-x: Operation not permitted
build	Cache Android SDK	2026-06-06T12:22:53.4648248Z /usr/bin/tar: ../../../../../usr/local/lib/android/sdk/platforms/android-36-ext18/data/res/values-mcc310-mnc660-en-rIN: Cannot utime: Operation not permitted
build	Cache Android SDK	2026-06-06T12:22:53.4648740Z /usr/bin/tar: ../../../../../usr/local/lib/android/sdk/platforms/android-36-ext18/data/res/values-mcc310-mnc660-en-rIN: Cannot change mode to rwxr-xr-x: Operation not permitted
build	Cache Android SDK	2026-06-06T12:22:53.4651100Z /usr/bin/tar: ../../../../../usr/local/lib/android/sdk/platforms/android-36-ext18/data/res/values-iw-rIL: Cannot utime: Operation not permitted
build	Cache Android SDK	2026-06-06T12:22:53.4651527Z /usr/bin/tar: ../../../../../usr/local/lib/android/sdk/platforms/android-36-ext18/data/res/values-iw-rIL: Cannot change mode to rwxr-xr-x: Operation not permitted
build	Cache Android SDK	2026-06-06T12:22:53.4654128Z /usr/bin/tar: ../../../../../usr/local/lib/android/sdk/platforms/android-36-ext18/data/res/values-mcc310-mnc220-az: Cannot utime: Operation not permitted
build	Cache Android SDK	2026-06-06T12:22:53.4654595Z /usr/bin/tar: ../../../../../usr/local/lib/android/sdk/platforms/android-36-ext18/data/res/values-mcc310-mnc220-az: Cannot change mode to rwxr-xr-x: Operation not permitted
build	Cache Android SDK	2026-06-06T12:22:53.4657131Z /usr/bin/tar: ../../../../../usr/local/lib/android/sdk/platforms/android-36-ext18/data/res/values-mcc310-mnc200-mk: Cannot utime: Operation not permitted
build	Cache Android SDK	2026-06-06T12:22:53.4657915Z /usr/bin/tar: ../../../../../usr/local/lib/android/sdk/platforms/android-36-ext18/data/res/values-mcc310-mnc200-mk: Cannot change mode to rwxr-xr-x: Operation not permitted
build	Cache Android SDK	2026-06-06T12:22:53.4660649Z /usr/bin/tar: ../../../../../usr/local/lib/android/sdk/platforms/android-36-ext18/data/res/values-mcc334-mnc020-iw: Cannot utime: Operation not permitted
build	Cache Android SDK	2026-06-06T12:22:53.4661102Z /usr/bin/tar: ../../../../../usr/local/lib/android/sdk/platforms/android-36-ext18/data/res/values-mcc334-mnc020-iw: Cannot change mode to rwxr-xr-x: Operation not permitted
build	Cache Android SDK	2026-06-06T12:22:53.4663697Z /usr/bin/tar: ../../../../../usr/local/lib/android/sdk/platforms/android-36-ext18/data/res/values-mcc310-mnc380-pt-rPT: Cannot utime: Operation not permitted
build	Cache Android SDK	2026-06-06T12:22:53.4664254Z /usr/bin/tar: ../../../../../usr/local/lib/android/sdk/platforms/android-36-ext18/data/res/values-mcc310-mnc380-pt-rPT: Cannot change mode to rwxr-xr-x: Operation not permitted
build	Cache Android SDK	2026-06-06T12:22:53.4666820Z /usr/bin/tar: ../../../../../usr/local/lib/android/sdk/platforms/android-36-ext18/data/res/values-mcc310-mnc210-sk: Cannot utime: Operation not permitted
build	Cache Android SDK	2026-06-06T12:22:53.4667281Z /usr/bin/tar: ../../../../../usr/local/lib/android/sdk/platforms/android-36-ext18/data/res/values-mcc310-mnc210-sk: Cannot change mode to rwxr-xr-x: Operation not permitted
build	Cache Android SDK	2026-06-06T12:22:53.4670108Z /usr/bin/tar: ../../../../../usr/local/lib/android/sdk/platforms/android-36-ext18/data/res/values-mcc310-mnc160-uz: Cannot utime: Operation not permitted
build	Cache Android SDK	2026-06-06T12:22:53.4670564Z /usr/bin/tar: ../../../../../usr/local/lib/android/sdk/platforms/android-36-ext18/data/res/values-mcc310-mnc160-uz: Cannot change mode to rwxr-xr-x: Operation not permitted
build	Cache Android SDK	2026-06-06T12:22:53.4673597Z /usr/bin/tar: ../../../../../usr/local/lib/android/sdk/platforms/android-36-ext18/data/res/values-mcc310-mnc250-bg: Cannot utime: Operation not permitted
build	Cache Android SDK	2026-06-06T12:22:53.4674134Z /usr/bin/tar: ../../../../../usr/local/lib/android/sdk/platforms/android-36-ext18/data/res/values-mcc310-mnc250-bg: Cannot change mode to rwxr-xr-x: Operation not permitted
build	Cache Android SDK	2026-06-06T12:22:53.4676797Z /usr/bin/tar: ../../../../../usr/local/lib/android/sdk/platforms/android-36-ext18/data/res/values-mcc310-mnc410-km: Cannot utime: Operation not permitted
build	Cache Android SDK	2026-06-06T12:22:53.4677256Z /usr/bin/tar: ../../../../../usr/local/lib/android/sdk/platforms/android-36-ext18/data/res/values-mcc310-mnc410-km: Cannot change mode to rwxr-xr-x: Operation not permitted
build	Cache Android SDK	2026-06-06T12:22:53.4682845Z /usr/bin/tar: ../../../../../usr/local/lib/android/sdk/platforms/android-36-ext18/data/res/values-lv: Cannot utime: Operation not permitted
build	Cache Android SDK	2026-06-06T12:22:53.4683735Z /usr/bin/tar: ../../../../../usr/local/lib/android/sdk/platforms/android-36-ext18/data/res/values-lv: Cannot change mode to rwxr-xr-x: Operation not permitted
build	Cache Android SDK	2026-06-06T12:22:53.4685587Z /usr/bin/tar: ../../../../../usr/local/lib/android/sdk/platforms/android-36-ext18/data/res/values-mcc334-mnc020-vi: Cannot utime: Operation not permitted
build	Cache Android SDK	2026-06-06T12:22:53.4686065Z /usr/bin/tar: ../../../../../usr/local/lib/android/sdk/platforms/android-36-ext18/data/res/values-mcc334-mnc020-vi: Cannot change mode to rwxr-xr-x: Operation not permitted
build	Cache Android SDK	2026-06-06T12:22:53.4688778Z /usr/bin/tar: ../../../../../usr/local/lib/android/sdk/platforms/android-36-ext18/data/res/values-mcc310-mnc210-en-rAU: Cannot utime: Operation not permitted
build	Cache Android SDK	2026-06-06T12:22:53.4689257Z /usr/bin/tar: ../../../../../usr/local/lib/android/sdk/platforms/android-36-ext18/data/res/values-mcc310-mnc210-en-rAU: Cannot change mode to rwxr-xr-x: Operation not permitted
build	Cache Android SDK	2026-06-06T12:22:53.4691834Z /usr/bin/tar: ../../../../../usr/local/lib/android/sdk/platforms/android-36-ext18/data/res/values-mcc310-mnc560-ka: Cannot utime: Operation not permitted
build	Cache Android SDK	2026-06-06T12:22:53.4692295Z /usr/bin/tar: ../../../../../usr/local/lib/android/sdk/platforms/android-36-ext18/data/res/values-mcc310-mnc560-ka: Cannot change mode to rwxr-xr-x: Operation not permitted
build	Cache Android SDK	2026-06-06T12:22:53.4702011Z /usr/bin/tar: ../../../../../usr/local/lib/android/sdk/platforms/android-36-ext18/data/res/values-mr: Cannot utime: Operation not permitted
build	Cache Android SDK	2026-06-06T12:22:53.4702584Z /usr/bin/tar: ../../../../../usr/local/lib/android/sdk/platforms/android-36-ext18/data/res/values-mr: Cannot change mode to rwxr-xr-x: Operation not permitted
build	Cache Android SDK	2026-06-06T12:22:53.4703010Z /usr/bin/tar: ../../../../../usr/local/lib/android/sdk/platforms/android-36-ext18/data/res/values-mcc310-mnc030-en-rAU: Cannot utime: Operation not permitted
build	Cache Android SDK	2026-06-06T12:22:53.4703567Z /usr/bin/tar: ../../../../../usr/local/lib/android/sdk/platforms/android-36-ext18/data/res/values-mcc310-mnc030-en-rAU: Cannot change mode to rwxr-xr-x: Operation not permitted
build	Cache Android SDK	2026-06-06T12:22:53.4704875Z /usr/bin/tar: ../../../../../usr/local/lib/android/sdk/platforms/android-36-ext18/data/res/values-sk-television: Cannot utime: Operation not permitted
build	Cache Android SDK	2026-06-06T12:22:53.4705412Z /usr/bin/tar: ../../../../../usr/local/lib/android/sdk/platforms/android-36-ext18/data/res/values-sk-television: Cannot change mode to rwxr-xr-x: Operation not permitted
build	Cache Android SDK	2026-06-06T12:22:53.4707989Z /usr/bin/tar: ../../../../../usr/local/lib/android/sdk/platforms/android-36-ext18/data/res/values-mcc310-mnc310-fr-rCA: Cannot utime: Operation not permitted
build	Cache Android SDK	2026-06-06T12:22:53.4708476Z /usr/bin/tar: ../../../../../usr/local/lib/android/sdk/platforms/android-36-ext18/data/res/values-mcc310-mnc310-fr-rCA: Cannot change mode to rwxr-xr-x: Operation not permitted
build	Cache Android SDK	2026-06-06T12:22:53.4711273Z /usr/bin/tar: ../../../../../usr/local/lib/android/sdk/platforms/android-36-ext18/data/res/values-mcc310-mnc230-fr: Cannot utime: Operation not permitted
build	Cache Android SDK	2026-06-06T12:22:53.4711742Z /usr/bin/tar: ../../../../../usr/local/lib/android/sdk/platforms/android-36-ext18/data/res/values-mcc310-mnc230-fr: Cannot change mode to rwxr-xr-x: Operation not permitted
build	Cache Android SDK	2026-06-06T12:22:53.4714561Z /usr/bin/tar: ../../../../../usr/local/lib/android/sdk/platforms/android-36-ext18/data/res/values-mcc313-mnc100-kk: Cannot utime: Operation not permitted
build	Cache Android SDK	2026-06-06T12:22:53.4715022Z /usr/bin/tar: ../../../../../usr/local/lib/android/sdk/platforms/android-36-ext18/data/res/values-mcc313-mnc100-kk: Cannot change mode to rwxr-xr-x: Operation not permitted
build	Cache Android SDK	2026-06-06T12:22:53.4717696Z /usr/bin/tar: ../../../../../usr/local/lib/android/sdk/platforms/android-36-ext18/data/res/values-mcc313-mnc100-zh-rCN: Cannot utime: Operation not permitted
build	Cache Android SDK	2026-06-06T12:22:53.4718165Z /usr/bin/tar: ../../../../../usr/local/lib/android/sdk/platforms/android-36-ext18/data/res/values-mcc313-mnc100-zh-rCN: Cannot change mode to rwxr-xr-x: Operation not permitted
build	Cache Android SDK	2026-06-06T12:22:53.4720871Z /usr/bin/tar: ../../../../../usr/local/lib/android/sdk/platforms/android-36-ext18/data/res/values-mcc310-mnc170-zh-rHK: Cannot utime: Operation not permitted
build	Cache Android SDK	2026-06-06T12:22:53.4721346Z /usr/bin/tar: ../../../../../usr/local/lib/android/sdk/platforms/android-36-ext18/data/res/values-mcc310-mnc170-zh-rHK: Cannot change mode to rwxr-xr-x: Operation not permitted
build	Cache Android SDK	2026-06-06T12:22:53.4723864Z /usr/bin/tar: ../../../../../usr/local/lib/android/sdk/platforms/android-36-ext18/data/res/values-mcc310-mnc270-ta: Cannot utime: Operation not permitted
build	Cache Android SDK	2026-06-06T12:22:53.4724326Z /usr/bin/tar: ../../../../../usr/local/lib/android/sdk/platforms/android-36-ext18/data/res/values-mcc310-mnc270-ta: Cannot change mode to rwxr-xr-x: Operation not permitted
build	Cache Android SDK	2026-06-06T12:22:53.4727009Z /usr/bin/tar: ../../../../../usr/local/lib/android/sdk/platforms/android-36-ext18/data/res/values-hy-television: Cannot utime: Operation not permitted
build	Cache Android SDK	2026-06-06T12:22:53.4727603Z /usr/bin/tar: ../../../../../usr/local/lib/android/sdk/platforms/android-36-ext18/data/res/values-hy-television: Cannot change mode to rwxr-xr-x: Operation not permitted
build	Cache Android SDK	2026-06-06T12:22:53.4730046Z /usr/bin/tar: ../../../../../usr/local/lib/android/sdk/platforms/android-36-ext18/data/res/values-mcc310-mnc150-pt: Cannot utime: Operation not permitted
build	Cache Android SDK	2026-06-06T12:22:53.4730514Z /usr/bin/tar: ../../../../../usr/local/lib/android/sdk/platforms/android-36-ext18/data/res/values-mcc310-mnc150-pt: Cannot change mode to rwxr-xr-x: Operation not permitted
build	Cache Android SDK	2026-06-06T12:22:53.4733144Z /usr/bin/tar: ../../../../../usr/local/lib/android/sdk/platforms/android-36-ext18/data/res/values-mcc310-mnc270-hr: Cannot utime: Operation not permitted
build	Cache Android SDK	2026-06-06T12:22:53.4733612Z /usr/bin/tar: ../../../../../usr/local/lib/android/sdk/platforms/android-36-ext18/data/res/values-mcc310-mnc270-hr: Cannot change mode to rwxr-xr-x: Operation not permitted
build	Cache Android SDK	2026-06-06T12:22:53.4736320Z /usr/bin/tar: ../../../../../usr/local/lib/android/sdk/platforms/android-36-ext18/data/res/values-mcc302-mnc720-fa: Cannot utime: Operation not permitted
build	Cache Android SDK	2026-06-06T12:22:53.4736878Z /usr/bin/tar: ../../../../../usr/local/lib/android/sdk/platforms/android-36-ext18/data/res/values-mcc302-mnc720-fa: Cannot change mode to rwxr-xr-x: Operation not permitted
build	Cache Android SDK	2026-06-06T12:22:53.4739415Z /usr/bin/tar: ../../../../../usr/local/lib/android/sdk/platforms/android-36-ext18/data/res/values-mcc310-mnc310-ml: Cannot utime: Operation not permitted
build	Cache Android SDK	2026-06-06T12:22:53.4739877Z /usr/bin/tar: ../../../../../usr/local/lib/android/sdk/platforms/android-36-ext18/data/res/values-mcc310-mnc310-ml: Cannot change mode to rwxr-xr-x: Operation not permitted
build	Cache Android SDK	2026-06-06T12:22:53.4742499Z /usr/bin/tar: ../../../../../usr/local/lib/android/sdk/platforms/android-36-ext18/data/res/values-mcc310-mnc380-hy: Cannot utime: Operation not permitted
build	Cache Android SDK	2026-06-06T12:22:53.4742957Z /usr/bin/tar: ../../../../../usr/local/lib/android/sdk/platforms/android-36-ext18/data/res/values-mcc310-mnc380-hy: Cannot change mode to rwxr-xr-x: Operation not permitted
build	Cache Android SDK	2026-06-06T12:22:53.4745902Z /usr/bin/tar: ../../../../../usr/local/lib/android/sdk/platforms/android-36-ext18/data/res/values-mcc001-mnc01-kk: Cannot utime: Operation not permitted
build	Cache Android SDK	2026-06-06T12:22:53.4746437Z /usr/bin/tar: ../../../../../usr/local/lib/android/sdk/platforms/android-36-ext18/data/res/values-mcc001-mnc01-kk: Cannot change mode to rwxr-xr-x: Operation not permitted
build	Cache Android SDK	2026-06-06T12:22:53.4752786Z /usr/bin/tar: ../../../../../usr/local/lib/android/sdk/platforms/android-36-ext18/data/res/values-ja: Cannot utime: Operation not permitted
build	Cache Android SDK	2026-06-06T12:22:53.4753233Z /usr/bin/tar: ../../../../../usr/local/lib/android/sdk/platforms/android-36-ext18/data/res/values-ja: Cannot change mode to rwxr-xr-x: Operation not permitted
build	Cache Android SDK	2026-06-06T12:22:53.4756084Z /usr/bin/tar: ../../../../../usr/local/lib/android/sdk/platforms/android-36-ext18/data/res/values-mcc310-mnc270-es: Cannot utime: Operation not permitted
build	Cache Android SDK	2026-06-06T12:22:53.4756553Z /usr/bin/tar: ../../../../../usr/local/lib/android/sdk/platforms/android-36-ext18/data/res/values-mcc310-mnc270-es: Cannot change mode to rwxr-xr-x: Operation not permitted
build	Cache Android SDK	2026-06-06T12:22:53.4759359Z /usr/bin/tar: ../../../../../usr/local/lib/android/sdk/platforms/android-36-ext18/data/res/values-mcc310-mnc230-az: Cannot utime: Operation not permitted
build	Cache Android SDK	2026-06-06T12:22:53.4759817Z /usr/bin/tar: ../../../../../usr/local/lib/android/sdk/platforms/android-36-ext18/data/res/values-mcc310-mnc230-az: Cannot change mode to rwxr-xr-x: Operation not permitted
build	Cache Android SDK	2026-06-06T12:22:53.4762899Z /usr/bin/tar: ../../../../../usr/local/lib/android/sdk/platforms/android-36-ext18/data/res/values-mcc313-mnc100-hi: Cannot utime: Operation not permitted
build	Cache Android SDK	2026-06-06T12:22:53.4763361Z /usr/bin/tar: ../../../../../usr/local/lib/android/sdk/platforms/android-36-ext18/data/res/values-mcc313-mnc100-hi: Cannot change mode to rwxr-xr-x: Operation not permitted
build	Cache Android SDK	2026-06-06T12:22:53.4765970Z /usr/bin/tar: ../../../../../usr/local/lib/android/sdk/platforms/android-36-ext18/data/res/values-mcc310-mnc240-zh-rTW: Cannot utime: Operation not permitted
build	Cache Android SDK	2026-06-06T12:22:53.4766449Z /usr/bin/tar: ../../../../../usr/local/lib/android/sdk/platforms/android-36-ext18/data/res/values-mcc310-mnc240-zh-rTW: Cannot change mode to rwxr-xr-x: Operation not permitted
build	Cache Android SDK	2026-06-06T12:22:53.4769292Z /usr/bin/tar: ../../../../../usr/local/lib/android/sdk/platforms/android-36-ext18/data/res/values-mcc310-mnc210-es: Cannot utime: Operation not permitted
build	Cache Android SDK	2026-06-06T12:22:53.4769900Z /usr/bin/tar: ../../../../../usr/local/lib/android/sdk/platforms/android-36-ext18/data/res/values-mcc310-mnc210-es: Cannot change mode to rwxr-xr-x: Operation not permitted
build	Cache Android SDK	2026-06-06T12:22:53.4772327Z /usr/bin/tar: ../../../../../usr/local/lib/android/sdk/platforms/android-36-ext18/data/res/values-mcc310-mnc150-ca: Cannot utime: Operation not permitted
build	Cache Android SDK	2026-06-06T12:22:53.4772798Z /usr/bin/tar: ../../../../../usr/local/lib/android/sdk/platforms/android-36-ext18/data/res/values-mcc310-mnc150-ca: Cannot change mode to rwxr-xr-x: Operation not permitted
build	Cache Android SDK	2026-06-06T12:22:53.4775344Z /usr/bin/tar: ../../../../../usr/local/lib/android/sdk/platforms/android-36-ext18/data/res/values-mcc310-mnc210-te: Cannot utime: Operation not permitted
build	Cache Android SDK	2026-06-06T12:22:53.4775888Z /usr/bin/tar: ../../../../../usr/local/lib/android/sdk/platforms/android-36-ext18/data/res/values-mcc310-mnc210-te: Cannot change mode to rwxr-xr-x: Operation not permitted
build	Cache Android SDK	2026-06-06T12:22:53.4791421Z /usr/bin/tar: ../../../../../usr/local/lib/android/sdk/platforms/android-36-ext18/data/res/values-mcc310-mnc210-hy: Cannot utime: Operation not permitted
build	Cache Android SDK	2026-06-06T12:22:53.4791994Z /usr/bin/tar: ../../../../../usr/local/lib/android/sdk/platforms/android-36-ext18/data/res/values-mcc310-mnc210-hy: Cannot change mode to rwxr-xr-x: Operation not permitted
build	Cache Android SDK	2026-06-06T12:22:53.4794858Z /usr/bin/tar: ../../../../../usr/local/lib/android/sdk/platforms/android-36-ext18/data/res/values-mcc334-mnc020-is: Cannot utime: Operation not permitted
build	Cache Android SDK	2026-06-06T12:22:53.4795327Z /usr/bin/tar: ../../../../../usr/local/lib/android/sdk/platforms/android-36-ext18/data/res/values-mcc334-mnc020-is: Cannot change mode to rwxr-xr-x: Operation not permitted
build	Cache Android SDK	2026-06-06T12:22:53.4798534Z /usr/bin/tar: ../../../../../usr/local/lib/android/sdk/platforms/android-36-ext18/data/res/values-mcc310-mnc220-b+sr+Latn: Cannot utime: Operation not permitted
build	Cache Android SDK	2026-06-06T12:22:53.4799233Z /usr/bin/tar: ../../../../../usr/local/lib/android/sdk/platforms/android-36-ext18/data/res/values-mcc310-mnc220-b+sr+Latn: Cannot change mode to rwxr-xr-x: Operation not permitted
build	Cache Android SDK	2026-06-06T12:22:53.4801530Z /usr/bin/tar: ../../../../../usr/local/lib/android/sdk/platforms/android-36-ext18/data/res/values-mcc310-mnc200-cs: Cannot utime: Operation not permitted
build	Cache Android SDK	2026-06-06T12:22:53.4801998Z /usr/bin/tar: ../../../../../usr/local/lib/android/sdk/platforms/android-36-ext18/data/res/values-mcc310-mnc200-cs: Cannot change mode to rwxr-xr-x: Operation not permitted
build	Cache Android SDK	2026-06-06T12:22:53.4804700Z /usr/bin/tar: ../../../../../usr/local/lib/android/sdk/platforms/android-36-ext18/data/res/values-it-rIT: Cannot utime: Operation not permitted
build	Cache Android SDK	2026-06-06T12:22:53.4805147Z /usr/bin/tar: ../../../../../usr/local/lib/android/sdk/platforms/android-36-ext18/data/res/values-it-rIT: Cannot change mode to rwxr-xr-x: Operation not permitted
build	Cache Android SDK	2026-06-06T12:22:53.4808017Z /usr/bin/tar: ../../../../../usr/local/lib/android/sdk/platforms/android-36-ext18/data/res/values-mcc310-mnc950-sv: Cannot utime: Operation not permitted
build	Cache Android SDK	2026-06-06T12:22:53.4808486Z /usr/bin/tar: ../../../../../usr/local/lib/android/sdk/platforms/android-36-ext18/data/res/values-mcc310-mnc950-sv: Cannot change mode to rwxr-xr-x: Operation not permitted
build	Cache Android SDK	2026-06-06T12:22:53.4811397Z /usr/bin/tar: ../../../../../usr/local/lib/android/sdk/platforms/android-36-ext18/data/res/values-mcc310-mnc030-pl: Cannot utime: Operation not permitted
build	Cache Android SDK	2026-06-06T12:22:53.4812435Z /usr/bin/tar: ../../../../../usr/local/lib/android/sdk/platforms/android-36-ext18/data/res/values-mcc310-mnc030-pl: Cannot change mode to rwxr-xr-x: Operation not permitted
build	Cache Android SDK	2026-06-06T12:22:53.4815058Z /usr/bin/tar: ../../../../../usr/local/lib/android/sdk/platforms/android-36-ext18/data/res/values-mcc404: Cannot utime: Operation not permitted
build	Cache Android SDK	2026-06-06T12:22:53.4815507Z /usr/bin/tar: ../../../../../usr/local/lib/android/sdk/platforms/android-36-ext18/data/res/values-mcc404: Cannot change mode to rwxr-xr-x: Operation not permitted
build	Cache Android SDK	2026-06-06T12:22:53.4818257Z /usr/bin/tar: ../../../../../usr/local/lib/android/sdk/platforms/android-36-ext18/data/res/values-mcc310-mnc490-zh-rHK: Cannot utime: Operation not permitted
build	Cache Android SDK	2026-06-06T12:22:53.4818864Z /usr/bin/tar: ../../../../../usr/local/lib/android/sdk/platforms/android-36-ext18/data/res/values-mcc310-mnc490-zh-rHK: Cannot change mode to rwxr-xr-x: Operation not permitted
build	Cache Android SDK	2026-06-06T12:22:53.4821635Z /usr/bin/tar: ../../../../../usr/local/lib/android/sdk/platforms/android-36-ext18/data/res/values-mcc334-mnc020-eu: Cannot utime: Operation not permitted
build	Cache Android SDK	2026-06-06T12:22:53.4822098Z /usr/bin/tar: ../../../../../usr/local/lib/android/sdk/platforms/android-36-ext18/data/res/values-mcc334-mnc020-eu: Cannot change mode to rwxr-xr-x: Operation not permitted
build	Cache Android SDK	2026-06-06T12:22:53.4825149Z /usr/bin/tar: ../../../../../usr/local/lib/android/sdk/platforms/android-36-ext18/data/res/values-mcc302-mnc370-gl: Cannot utime: Operation not permitted
build	Cache Android SDK	2026-06-06T12:22:53.4825666Z /usr/bin/tar: ../../../../../usr/local/lib/android/sdk/platforms/android-36-ext18/data/res/values-mcc302-mnc370-gl: Cannot change mode to rwxr-xr-x: Operation not permitted
build	Cache Android SDK	2026-06-06T12:22:53.4828529Z /usr/bin/tar: ../../../../../usr/local/lib/android/sdk/platforms/android-36-ext18/data/res/values-mcc310-mnc210-hr: Cannot utime: Operation not permitted
build	Cache Android SDK	2026-06-06T12:22:53.4828992Z /usr/bin/tar: ../../../../../usr/local/lib/android/sdk/platforms/android-36-ext18/data/res/values-mcc310-mnc210-hr: Cannot change mode to rwxr-xr-x: Operation not permitted
build	Cache Android SDK	2026-06-06T12:22:53.4832495Z /usr/bin/tar: ../../../../../usr/local/lib/android/sdk/platforms/android-36-ext18/data/res/values-mcc001-mnc01-mr: Cannot utime: Operation not permitted
build	Cache Android SDK	2026-06-06T12:22:53.4832961Z /usr/bin/tar: ../../../../../usr/local/lib/android/sdk/platforms/android-36-ext18/data/res/values-mcc001-mnc01-mr: Cannot change mode to rwxr-xr-x: Operation not permitted
build	Cache Android SDK	2026-06-06T12:22:53.4836133Z /usr/bin/tar: ../../../../../usr/local/lib/android/sdk/platforms/android-36-ext18/data/res/values-mcc310-mnc150-tl: Cannot utime: Operation not permitted
build	Cache Android SDK	2026-06-06T12:22:53.4836592Z /usr/bin/tar: ../../../../../usr/local/lib/android/sdk/platforms/android-36-ext18/data/res/values-mcc310-mnc150-tl: Cannot change mode to rwxr-xr-x: Operation not permitted
build	Cache Android SDK	2026-06-06T12:22:53.4844833Z /usr/bin/tar: ../../../../../usr/local/lib/android/sdk/platforms/android-36-ext18/data/res/values-km: Cannot utime: Operation not permitted
build	Cache Android SDK	2026-06-06T12:22:53.4846092Z /usr/bin/tar: ../../../../../usr/local/lib/android/sdk/platforms/android-36-ext18/data/res/values-km: Cannot change mode to rwxr-xr-x: Operation not permitted
build	Cache Android SDK	2026-06-06T12:22:53.4847715Z /usr/bin/tar: ../../../../../usr/local/lib/android/sdk/platforms/android-36-ext18/data/res/values-mcc302-mnc370-be: Cannot utime: Operation not permitted
build	Cache Android SDK	2026-06-06T12:22:53.4848192Z /usr/bin/tar: ../../../../../usr/local/lib/android/sdk/platforms/android-36-ext18/data/res/values-mcc302-mnc370-be: Cannot change mode to rwxr-xr-x: Operation not permitted
build	Cache Android SDK	2026-06-06T12:22:53.4850870Z /usr/bin/tar: ../../../../../usr/local/lib/android/sdk/platforms/android-36-ext18/data/res/values-mcc310-mnc380-uk: Cannot utime: Operation not permitted
build	Cache Android SDK	2026-06-06T12:22:53.4851334Z /usr/bin/tar: ../../../../../usr/local/lib/android/sdk/platforms/android-36-ext18/data/res/values-mcc310-mnc380-uk: Cannot change mode to rwxr-xr-x: Operation not permitted
build	Cache Android SDK	2026-06-06T12:22:53.4853810Z /usr/bin/tar: ../../../../../usr/local/lib/android/sdk/platforms/android-36-ext18/data/res/values-mcc302-mnc370-uk: Cannot utime: Operation not permitted
build	Cache Android SDK	2026-06-06T12:22:53.4854275Z /usr/bin/tar: ../../../../../usr/local/lib/android/sdk/platforms/android-36-ext18/data/res/values-mcc302-mnc370-uk: Cannot change mode to rwxr-xr-x: Operation not permitted
build	Cache Android SDK	2026-06-06T12:22:53.4857212Z /usr/bin/tar: ../../../../../usr/local/lib/android/sdk/platforms/android-36-ext18/data/res/values-mcc001-mnc01-lt: Cannot utime: Operation not permitted
build	Cache Android SDK	2026-06-06T12:22:53.4857947Z /usr/bin/tar: ../../../../../usr/local/lib/android/sdk/platforms/android-36-ext18/data/res/values-mcc001-mnc01-lt: Cannot change mode to rwxr-xr-x: Operation not permitted
build	Cache Android SDK	2026-06-06T12:22:53.4860225Z /usr/bin/tar: ../../../../../usr/local/lib/android/sdk/platforms/android-36-ext18/data/res/values-mcc310-mnc560-en-rCA: Cannot utime: Operation not permitted
build	Cache Android SDK	2026-06-06T12:22:53.4860710Z /usr/bin/tar: ../../../../../usr/local/lib/android/sdk/platforms/android-36-ext18/data/res/values-mcc310-mnc560-en-rCA: Cannot change mode to rwxr-xr-x: Operation not permitted
build	Cache Android SDK	2026-06-06T12:22:53.4865658Z /usr/bin/tar: ../../../../../usr/local/lib/android/sdk/platforms/android-36-ext18/data/res/values-mcc310-mnc310-uk: Cannot utime: Operation not permitted
build	Cache Android SDK	2026-06-06T12:22:53.4866182Z /usr/bin/tar: ../../../../../usr/local/lib/android/sdk/platforms/android-36-ext18/data/res/values-mcc310-mnc310-uk: Cannot change mode to rwxr-xr-x: Operation not permitted
build	Cache Android SDK	2026-06-06T12:22:53.4869113Z /usr/bin/tar: ../../../../../usr/local/lib/android/sdk/platforms/android-36-ext18/data/res/values-mcc302-mnc720-uk: Cannot utime: Operation not permitted
build	Cache Android SDK	2026-06-06T12:22:53.4869574Z /usr/bin/tar: ../../../../../usr/local/lib/android/sdk/platforms/android-36-ext18/data/res/values-mcc302-mnc720-uk: Cannot change mode to rwxr-xr-x: Operation not permitted
build	Cache Android SDK	2026-06-06T12:22:53.4871960Z /usr/bin/tar: ../../../../../usr/local/lib/android/sdk/platforms/android-36-ext18/data/res/values-mcc310-mnc240-ka: Cannot utime: Operation not permitted
build	Cache Android SDK	2026-06-06T12:22:53.4872420Z /usr/bin/tar: ../../../../../usr/local/lib/android/sdk/platforms/android-36-ext18/data/res/values-mcc310-mnc240-ka: Cannot change mode to rwxr-xr-x: Operation not permitted
build	Cache Android SDK	2026-06-06T12:22:53.4879644Z /usr/bin/tar: ../../../../../usr/local/lib/android/sdk/platforms/android-36-ext18/data/res/values-watch: Cannot utime: Operation not permitted
build	Cache Android SDK	2026-06-06T12:22:53.4880083Z /usr/bin/tar: ../../../../../usr/local/lib/android/sdk/platforms/android-36-ext18/data/res/values-watch: Cannot change mode to rwxr-xr-x: Operation not permitted
build	Cache Android SDK	2026-06-06T12:22:53.4882562Z /usr/bin/tar: ../../../../../usr/local/lib/android/sdk/platforms/android-36-ext18/data/res/values-mcc310-mnc800-bs: Cannot utime: Operation not permitted
build	Cache Android SDK	2026-06-06T12:22:53.4883031Z /usr/bin/tar: ../../../../../usr/local/lib/android/sdk/platforms/android-36-ext18/data/res/values-mcc310-mnc800-bs: Cannot change mode to rwxr-xr-x: Operation not permitted
build	Cache Android SDK	2026-06-06T12:22:53.4885264Z /usr/bin/tar: ../../../../../usr/local/lib/android/sdk/platforms/android-36-ext18/data/res/values-mcc310-mnc150-az: Cannot utime: Operation not permitted
build	Cache Android SDK	2026-06-06T12:22:53.4885725Z /usr/bin/tar: ../../../../../usr/local/lib/android/sdk/platforms/android-36-ext18/data/res/values-mcc310-mnc150-az: Cannot change mode to rwxr-xr-x: Operation not permitted
build	Cache Android SDK	2026-06-06T12:22:53.4892049Z /usr/bin/tar: ../../../../../usr/local/lib/android/sdk/platforms/android-36-ext18/data/res/values-kn: Cannot utime: Operation not permitted
build	Cache Android SDK	2026-06-06T12:22:53.4893035Z /usr/bin/tar: ../../../../../usr/local/lib/android/sdk/platforms/android-36-ext18/data/res/values-kn: Cannot change mode to rwxr-xr-x: Operation not permitted
build	Cache Android SDK	2026-06-06T12:22:53.4894880Z /usr/bin/tar: ../../../../../usr/local/lib/android/sdk/platforms/android-36-ext18/data/res/values-mcc310-mnc490-pt: Cannot utime: Operation not permitted
build	Cache Android SDK	2026-06-06T12:22:53.4895358Z /usr/bin/tar: ../../../../../usr/local/lib/android/sdk/platforms/android-36-ext18/data/res/values-mcc310-mnc490-pt: Cannot change mode to rwxr-xr-x: Operation not permitted
build	Cache Android SDK	2026-06-06T12:22:53.4897524Z /usr/bin/tar: ../../../../../usr/local/lib/android/sdk/platforms/android-36-ext18/data/res/values-mcc310-mnc280-or: Cannot utime: Operation not permitted
build	Cache Android SDK	2026-06-06T12:22:53.4897986Z /usr/bin/tar: ../../../../../usr/local/lib/android/sdk/platforms/android-36-ext18/data/res/values-mcc310-mnc280-or: Cannot change mode to rwxr-xr-x: Operation not permitted
build	Cache Android SDK	2026-06-06T12:22:53.4900807Z /usr/bin/tar: ../../../../../usr/local/lib/android/sdk/platforms/android-36-ext18/data/res/values-mcc311-mnc180-iw: Cannot utime: Operation not permitted
build	Cache Android SDK	2026-06-06T12:22:53.4901262Z /usr/bin/tar: ../../../../../usr/local/lib/android/sdk/platforms/android-36-ext18/data/res/values-mcc311-mnc180-iw: Cannot change mode to rwxr-xr-x: Operation not permitted
build	Cache Android SDK	2026-06-06T12:22:53.4903907Z /usr/bin/tar: ../../../../../usr/local/lib/android/sdk/platforms/android-36-ext18/data/res/values-ru-watch: Cannot utime: Operation not permitted
build	Cache Android SDK	2026-06-06T12:22:53.4904342Z /usr/bin/tar: ../../../../../usr/local/lib/android/sdk/platforms/android-36-ext18/data/res/values-ru-watch: Cannot change mode to rwxr-xr-x: Operation not permitted
build	Cache Android SDK	2026-06-06T12:22:53.4906810Z /usr/bin/tar: ../../../../../usr/local/lib/android/sdk/platforms/android-36-ext18/data/res/values-mcc310-mnc800-sl: Cannot utime: Operation not permitted
build	Cache Android SDK	2026-06-06T12:22:53.4907337Z /usr/bin/tar: ../../../../../usr/local/lib/android/sdk/platforms/android-36-ext18/data/res/values-mcc310-mnc800-sl: Cannot change mode to rwxr-xr-x: Operation not permitted
build	Cache Android SDK	2026-06-06T12:22:53.4909890Z /usr/bin/tar: ../../../../../usr/local/lib/android/sdk/platforms/android-36-ext18/data/res/layout-round-watch: Cannot utime: Operation not permitted
build	Cache Android SDK	2026-06-06T12:22:53.4910343Z /usr/bin/tar: ../../../../../usr/local/lib/android/sdk/platforms/android-36-ext18/data/res/layout-round-watch: Cannot change mode to rwxr-xr-x: Operation not permitted
build	Cache Android SDK	2026-06-06T12:22:53.4913147Z /usr/bin/tar: ../../../../../usr/local/lib/android/sdk/platforms/android-36-ext18/data/res/values-w640dp: Cannot utime: Operation not permitted
build	Cache Android SDK	2026-06-06T12:22:53.4913595Z /usr/bin/tar: ../../../../../usr/local/lib/android/sdk/platforms/android-36-ext18/data/res/values-w640dp: Cannot change mode to rwxr-xr-x: Operation not permitted
build	Cache Android SDK	2026-06-06T12:22:53.4916276Z /usr/bin/tar: ../../../../../usr/local/lib/android/sdk/platforms/android-36-ext18/data/res/values-af-rZA: Cannot utime: Operation not permitted
build	Cache Android SDK	2026-06-06T12:22:53.4916784Z /usr/bin/tar: ../../../../../usr/local/lib/android/sdk/platforms/android-36-ext18/data/res/values-af-rZA: Cannot change mode to rwxr-xr-x: Operation not permitted
build	Cache Android SDK	2026-06-06T12:22:53.4919915Z /usr/bin/tar: ../../../../../usr/local/lib/android/sdk/platforms/android-36-ext18/data/res/values-mcc310-mnc410-hr: Cannot utime: Operation not permitted
build	Cache Android SDK	2026-06-06T12:22:53.4921871Z /usr/bin/tar: ../../../../../usr/local/lib/android/sdk/platforms/android-36-ext18/data/res/values-mcc310-mnc410-hr: Cannot change mode to rwxr-xr-x: Operation not permitted
build	Cache Android SDK	2026-06-06T12:22:53.4923871Z /usr/bin/tar: ../../../../../usr/local/lib/android/sdk/platforms/android-36-ext18/data/res/values-mcc312-mnc670-ka: Cannot utime: Operation not permitted
build	Cache Android SDK	2026-06-06T12:22:53.4925876Z /usr/bin/tar: ../../../../../usr/local/lib/android/sdk/platforms/android-36-ext18/data/res/values-mcc312-mnc670-ka: Cannot change mode to rwxr-xr-x: Operation not permitted
build	Cache Android SDK	2026-06-06T12:22:53.4927933Z /usr/bin/tar: ../../../../../usr/local/lib/android/sdk/platforms/android-36-ext18/data/res/values-mcc310-mnc950-am: Cannot utime: Operation not permitted
build	Cache Android SDK	2026-06-06T12:22:53.4929868Z /usr/bin/tar: ../../../../../usr/local/lib/android/sdk/platforms/android-36-ext18/data/res/values-mcc310-mnc950-am: Cannot change mode to rwxr-xr-x: Operation not permitted
build	Cache Android SDK	2026-06-06T12:22:53.4931791Z /usr/bin/tar: ../../../../../usr/local/lib/android/sdk/platforms/android-36-ext18/data/res/values-mcc313-mnc100-kn: Cannot utime: Operation not permitted
build	Cache Android SDK	2026-06-06T12:22:53.4933774Z /usr/bin/tar: ../../../../../usr/local/lib/android/sdk/platforms/android-36-ext18/data/res/values-mcc313-mnc100-kn: Cannot change mode to rwxr-xr-x: Operation not permitted
build	Cache Android SDK	2026-06-06T12:22:53.4935770Z /usr/bin/tar: ../../../../../usr/local/lib/android/sdk/platforms/android-36-ext18/data/res/values-mcc311-mnc180-pa: Cannot utime: Operation not permitted
build	Cache Android SDK	2026-06-06T12:22:53.4937676Z /usr/bin/tar: ../../../../../usr/local/lib/android/sdk/platforms/android-36-ext18/data/res/values-mcc311-mnc180-pa: Cannot change mode to rwxr-xr-x: Operation not permitted
build	Cache Android SDK	2026-06-06T12:22:53.4939101Z /usr/bin/tar: ../../../../../usr/local/lib/android/sdk/platforms/android-36-ext18/data/res/values-mcc334-mnc020-ko: Cannot utime: Operation not permitted
build	Cache Android SDK	2026-06-06T12:22:53.4940645Z /usr/bin/tar: ../../../../../usr/local/lib/android/sdk/platforms/android-36-ext18/data/res/values-mcc334-mnc020-ko: Cannot change mode to rwxr-xr-x: Operation not permitted
build	Cache Android SDK	2026-06-06T12:22:53.4941997Z /usr/bin/tar: ../../../../../usr/local/lib/android/sdk/platforms/android-36-ext18/data/res/values-sk-rSK: Cannot utime: Operation not permitted
build	Cache Android SDK	2026-06-06T12:22:53.4943200Z /usr/bin/tar: ../../../../../usr/local/lib/android/sdk/platforms/android-36-ext18/data/res/values-sk-rSK: Cannot change mode to rwxr-xr-x: Operation not permitted
build	Cache Android SDK	2026-06-06T12:22:53.4944450Z /usr/bin/tar: ../../../../../usr/local/lib/android/sdk/platforms/android-36-ext18/data/res/values-mcc302-mnc370-sk: Cannot utime: Operation not permitted
build	Cache Android SDK	2026-06-06T12:22:53.4945464Z /usr/bin/tar: ../../../../../usr/local/lib/android/sdk/platforms/android-36-ext18/data/res/values-mcc302-mnc370-sk: Cannot change mode to rwxr-xr-x: Operation not permitted
build	Cache Android SDK	2026-06-06T12:22:53.4947937Z /usr/bin/tar: ../../../../../usr/local/lib/android/sdk/platforms/android-36-ext18/data/res/values-mcc001-mnc01-iw: Cannot utime: Operation not permitted
build	Cache Android SDK	2026-06-06T12:22:53.4948890Z /usr/bin/tar: ../../../../../usr/local/lib/android/sdk/platforms/android-36-ext18/data/res/values-mcc001-mnc01-iw: Cannot change mode to rwxr-xr-x: Operation not permitted
build	Cache Android SDK	2026-06-06T12:22:53.4951497Z /usr/bin/tar: ../../../../../usr/local/lib/android/sdk/platforms/android-36-ext18/data/res/values-mcc310-mnc310-te: Cannot utime: Operation not permitted
build	Cache Android SDK	2026-06-06T12:22:53.4952454Z /usr/bin/tar: ../../../../../usr/local/lib/android/sdk/platforms/android-36-ext18/data/res/values-mcc310-mnc310-te: Cannot change mode to rwxr-xr-x: Operation not permitted
build	Cache Android SDK	2026-06-06T12:22:53.4954473Z /usr/bin/tar: ../../../../../usr/local/lib/android/sdk/platforms/android-36-ext18/data/res/values-mcc310-mnc200-fi: Cannot utime: Operation not permitted
build	Cache Android SDK	2026-06-06T12:22:53.4955492Z /usr/bin/tar: ../../../../../usr/local/lib/android/sdk/platforms/android-36-ext18/data/res/values-mcc310-mnc200-fi: Cannot change mode to rwxr-xr-x: Operation not permitted
build	Cache Android SDK	2026-06-06T12:22:53.4957732Z /usr/bin/tar: ../../../../../usr/local/lib/android/sdk/platforms/android-36-ext18/data/res/values-mcc310-mnc270-fr: Cannot utime: Operation not permitted
build	Cache Android SDK	2026-06-06T12:22:53.4958686Z /usr/bin/tar: ../../../../../usr/local/lib/android/sdk/platforms/android-36-ext18/data/res/values-mcc310-mnc270-fr: Cannot change mode to rwxr-xr-x: Operation not permitted
build	Cache Android SDK	2026-06-06T12:22:53.4964297Z /usr/bin/tar: ../../../../../usr/local/lib/android/sdk/platforms/android-36-ext18/data/res/values-sv: Cannot utime: Operation not permitted
build	Cache Android SDK	2026-06-06T12:22:53.4965847Z /usr/bin/tar: ../../../../../usr/local/lib/android/sdk/platforms/android-36-ext18/data/res/values-sv: Cannot change mode to rwxr-xr-x: Operation not permitted
build	Cache Android SDK	2026-06-06T12:22:53.4968288Z /usr/bin/tar: ../../../../../usr/local/lib/android/sdk/platforms/android-36-ext18/data/res/values-mcc310-mnc160-pa: Cannot utime: Operation not permitted
build	Cache Android SDK	2026-06-06T12:22:53.4969261Z /usr/bin/tar: ../../../../../usr/local/lib/android/sdk/platforms/android-36-ext18/data/res/values-mcc310-mnc160-pa: Cannot change mode to rwxr-xr-x: Operation not permitted
build	Cache Android SDK	2026-06-06T12:22:53.4970885Z /usr/bin/tar: ../../../../../usr/local/lib/android/sdk/platforms/android-36-ext18/data/res/values-mcc310-mnc270-ca: Cannot utime: Operation not permitted
build	Cache Android SDK	2026-06-06T12:22:53.4971851Z /usr/bin/tar: ../../../../../usr/local/lib/android/sdk/platforms/android-36-ext18/data/res/values-mcc310-mnc270-ca: Cannot change mode to rwxr-xr-x: Operation not permitted
build	Cache Android SDK	2026-06-06T12:22:53.4974348Z /usr/bin/tar: ../../../../../usr/local/lib/android/sdk/platforms/android-36-ext18/data/res/values-en-rCA-television: Cannot utime: Operation not permitted
build	Cache Android SDK	2026-06-06T12:22:53.4975406Z /usr/bin/tar: ../../../../../usr/local/lib/android/sdk/platforms/android-36-ext18/data/res/values-en-rCA-television: Cannot change mode to rwxr-xr-x: Operation not permitted
build	Cache Android SDK	2026-06-06T12:22:53.4976967Z /usr/bin/tar: ../../../../../usr/local/lib/android/sdk/platforms/android-36-ext18/data/res/values-mcc310-mnc150-zh-rCN: Cannot utime: Operation not permitted
build	Cache Android SDK	2026-06-06T12:22:53.4979330Z /usr/bin/tar: ../../../../../usr/local/lib/android/sdk/platforms/android-36-ext18/data/res/values-mcc310-mnc150-zh-rCN: Cannot change mode to rwxr-xr-x: Operation not permitted
build	Cache Android SDK	2026-06-06T12:22:53.4980577Z /usr/bin/tar: ../../../../../usr/local/lib/android/sdk/platforms/android-36-ext18/data/res/values-mcc310-mnc660-uz: Cannot utime: Operation not permitted
build	Cache Android SDK	2026-06-06T12:22:53.4981522Z /usr/bin/tar: ../../../../../usr/local/lib/android/sdk/platforms/android-36-ext18/data/res/values-mcc310-mnc660-uz: Cannot change mode to rwxr-xr-x: Operation not permitted
build	Cache Android SDK	2026-06-06T12:22:53.4983130Z /usr/bin/tar: ../../../../../usr/local/lib/android/sdk/platforms/android-36-ext18/data/res/values-mcc310-mnc560-bs: Cannot utime: Operation not permitted
build	Cache Android SDK	2026-06-06T12:22:53.4984178Z /usr/bin/tar: ../../../../../usr/local/lib/android/sdk/platforms/android-36-ext18/data/res/values-mcc310-mnc560-bs: Cannot change mode to rwxr-xr-x: Operation not permitted
build	Cache Android SDK	2026-06-06T12:22:53.4986661Z /usr/bin/tar: ../../../../../usr/local/lib/android/sdk/platforms/android-36-ext18/data/res/values-mcc302-mnc720-hy: Cannot utime: Operation not permitted
build	Cache Android SDK	2026-06-06T12:22:53.4987744Z /usr/bin/tar: ../../../../../usr/local/lib/android/sdk/platforms/android-36-ext18/data/res/values-mcc302-mnc720-hy: Cannot change mode to rwxr-xr-x: Operation not permitted
build	Cache Android SDK	2026-06-06T12:22:53.4990088Z /usr/bin/tar: ../../../../../usr/local/lib/android/sdk/platforms/android-36-ext18/data/res/values-mcc310-mnc210-mk: Cannot utime: Operation not permitted
build	Cache Android SDK	2026-06-06T12:22:53.4991061Z /usr/bin/tar: ../../../../../usr/local/lib/android/sdk/platforms/android-36-ext18/data/res/values-mcc310-mnc210-mk: Cannot change mode to rwxr-xr-x: Operation not permitted
build	Cache Android SDK	2026-06-06T12:22:53.4993372Z /usr/bin/tar: ../../../../../usr/local/lib/android/sdk/platforms/android-36-ext18/data/res/values-w216dp: Cannot utime: Operation not permitted
build	Cache Android SDK	2026-06-06T12:22:53.4994470Z /usr/bin/tar: ../../../../../usr/local/lib/android/sdk/platforms/android-36-ext18/data/res/values-w216dp: Cannot change mode to rwxr-xr-x: Operation not permitted
build	Cache Android SDK	2026-06-06T12:22:53.4996344Z /usr/bin/tar: ../../../../../usr/local/lib/android/sdk/platforms/android-36-ext18/data/res/values-mcc334-mnc020-ro: Cannot utime: Operation not permitted
build	Cache Android SDK	2026-06-06T12:22:53.4997324Z /usr/bin/tar: ../../../../../usr/local/lib/android/sdk/platforms/android-36-ext18/data/res/values-mcc334-mnc020-ro: Cannot change mode to rwxr-xr-x: Operation not permitted
build	Cache Android SDK	2026-06-06T12:22:53.4999674Z /usr/bin/tar: ../../../../../usr/local/lib/android/sdk/platforms/android-36-ext18/data/res/values-mcc310-mnc280-lo: Cannot utime: Operation not permitted
build	Cache Android SDK	2026-06-06T12:22:53.5001360Z /usr/bin/tar: ../../../../../usr/local/lib/android/sdk/platforms/android-36-ext18/data/res/values-mcc310-mnc280-lo: Cannot change mode to rwxr-xr-x: Operation not permitted
build	Cache Android SDK	2026-06-06T12:22:53.5003663Z /usr/bin/tar: ../../../../../usr/local/lib/android/sdk/platforms/android-36-ext18/data/res/values-mcc311-mnc180-ka: Cannot utime: Operation not permitted
build	Cache Android SDK	2026-06-06T12:22:53.5005711Z /usr/bin/tar: ../../../../../usr/local/lib/android/sdk/platforms/android-36-ext18/data/res/values-mcc311-mnc180-ka: Cannot change mode to rwxr-xr-x: Operation not permitted
build	Cache Android SDK	2026-06-06T12:22:53.5007785Z /usr/bin/tar: ../../../../../usr/local/lib/android/sdk/platforms/android-36-ext18/data/res/values-mcc310-mnc280-nl: Cannot utime: Operation not permitted
build	Cache Android SDK	2026-06-06T12:22:53.5009878Z /usr/bin/tar: ../../../../../usr/local/lib/android/sdk/platforms/android-36-ext18/data/res/values-mcc310-mnc280-nl: Cannot change mode to rwxr-xr-x: Operation not permitted
build	Cache Android SDK	2026-06-06T12:22:53.5011821Z /usr/bin/tar: ../../../../../usr/local/lib/android/sdk/platforms/android-36-ext18/data/res/values-mcc310-mnc160: Cannot utime: Operation not permitted
build	Cache Android SDK	2026-06-06T12:22:53.5013712Z /usr/bin/tar: ../../../../../usr/local/lib/android/sdk/platforms/android-36-ext18/data/res/values-mcc310-mnc160: Cannot change mode to rwxr-xr-x: Operation not permitted
build	Cache Android SDK	2026-06-06T12:22:53.5015870Z /usr/bin/tar: ../../../../../usr/local/lib/android/sdk/platforms/android-36-ext18/data/res/values-mcc310-mnc170-as: Cannot utime: Operation not permitted
build	Cache Android SDK	2026-06-06T12:22:53.5017857Z /usr/bin/tar: ../../../../../usr/local/lib/android/sdk/platforms/android-36-ext18/data/res/values-mcc310-mnc170-as: Cannot change mode to rwxr-xr-x: Operation not permitted
build	Cache Android SDK	2026-06-06T12:22:53.5019314Z /usr/bin/tar: ../../../../../usr/local/lib/android/sdk/platforms/android-36-ext18/data/res/values-mcc310-mnc230-uk: Cannot utime: Operation not permitted
build	Cache Android SDK	2026-06-06T12:22:53.5020902Z /usr/bin/tar: ../../../../../usr/local/lib/android/sdk/platforms/android-36-ext18/data/res/values-mcc310-mnc230-uk: Cannot change mode to rwxr-xr-x: Operation not permitted
build	Cache Android SDK	2026-06-06T12:22:53.5022731Z /usr/bin/tar: ../../../../../usr/local/lib/android/sdk/platforms/android-36-ext18/data/res/values-mcc302-mnc370-ky: Cannot utime: Operation not permitted
build	Cache Android SDK	2026-06-06T12:22:53.5024074Z /usr/bin/tar: ../../../../../usr/local/lib/android/sdk/platforms/android-36-ext18/data/res/values-mcc302-mnc370-ky: Cannot change mode to rwxr-xr-x: Operation not permitted
build	Cache Android SDK	2026-06-06T12:22:53.5025213Z /usr/bin/tar: ../../../../../usr/local/lib/android/sdk/platforms/android-36-ext18/data/res/values-mcc310-mnc950-ky: Cannot utime: Operation not permitted
build	Cache Android SDK	2026-06-06T12:22:53.5026918Z /usr/bin/tar: ../../../../../usr/local/lib/android/sdk/platforms/android-36-ext18/data/res/values-mcc310-mnc950-ky: Cannot change mode to rwxr-xr-x: Operation not permitted
build	Cache Android SDK	2026-06-06T12:22:53.5028173Z /usr/bin/tar: ../../../../../usr/local/lib/android/sdk/platforms/android-36-ext18/data/res/values-vi-watch: Cannot utime: Operation not permitted
build	Cache Android SDK	2026-06-06T12:22:53.5029243Z /usr/bin/tar: ../../../../../usr/local/lib/android/sdk/platforms/android-36-ext18/data/res/values-vi-watch: Cannot change mode to rwxr-xr-x: Operation not permitted
build	Cache Android SDK	2026-06-06T12:22:53.5030893Z /usr/bin/tar: ../../../../../usr/local/lib/android/sdk/platforms/android-36-ext18/data/res/values-mcc310-mnc410-ka: Cannot utime: Operation not permitted
build	Cache Android SDK	2026-06-06T12:22:53.5031854Z /usr/bin/tar: ../../../../../usr/local/lib/android/sdk/platforms/android-36-ext18/data/res/values-mcc310-mnc410-ka: Cannot change mode to rwxr-xr-x: Operation not permitted
build	Cache Android SDK	2026-06-06T12:22:53.5034480Z /usr/bin/tar: ../../../../../usr/local/lib/android/sdk/platforms/android-36-ext18/data/res/values-mcc310-mnc220-in: Cannot utime: Operation not permitted
build	Cache Android SDK	2026-06-06T12:22:53.5035793Z /usr/bin/tar: ../../../../../usr/local/lib/android/sdk/platforms/android-36-ext18/data/res/values-mcc310-mnc220-in: Cannot change mode to rwxr-xr-x: Operation not permitted
build	Cache Android SDK	2026-06-06T12:22:53.5037243Z /usr/bin/tar: ../../../../../usr/local/lib/android/sdk/platforms/android-36-ext18/data/res/values-lo-watch: Cannot utime: Operation not permitted
build	Cache Android SDK	2026-06-06T12:22:53.5038408Z /usr/bin/tar: ../../../../../usr/local/lib/android/sdk/platforms/android-36-ext18/data/res/values-lo-watch: Cannot change mode to rwxr-xr-x: Operation not permitted
build	Cache Android SDK	2026-06-06T12:22:53.5040274Z /usr/bin/tar: ../../../../../usr/local/lib/android/sdk/platforms/android-36-ext18/data/res/values-mcc310-mnc240-sw: Cannot utime: Operation not permitted
build	Cache Android SDK	2026-06-06T12:22:53.5041221Z /usr/bin/tar: ../../../../../usr/local/lib/android/sdk/platforms/android-36-ext18/data/res/values-mcc310-mnc240-sw: Cannot change mode to rwxr-xr-x: Operation not permitted
build	Cache Android SDK	2026-06-06T12:22:53.5043402Z /usr/bin/tar: ../../../../../usr/local/lib/android/sdk/platforms/android-36-ext18/data/res/values-mcc310-mnc200-vi: Cannot utime: Operation not permitted
build	Cache Android SDK	2026-06-06T12:22:53.5044359Z /usr/bin/tar: ../../../../../usr/local/lib/android/sdk/platforms/android-36-ext18/data/res/values-mcc310-mnc200-vi: Cannot change mode to rwxr-xr-x: Operation not permitted
build	Cache Android SDK	2026-06-06T12:22:53.5048410Z /usr/bin/tar: ../../../../../usr/local/lib/android/sdk/platforms/android-36-ext18/data/res/values-mcc310-mnc030-is: Cannot utime: Operation not permitted
build	Cache Android SDK	2026-06-06T12:22:53.5049868Z /usr/bin/tar: ../../../../../usr/local/lib/android/sdk/platforms/android-36-ext18/data/res/values-mcc310-mnc030-is: Cannot change mode to rwxr-xr-x: Operation not permitted
build	Cache Android SDK	2026-06-06T12:22:53.5050897Z /usr/bin/tar: ../../../../../usr/local/lib/android/sdk/platforms/android-36-ext18/data/res/values-mcc302-mnc720-it: Cannot utime: Operation not permitted
build	Cache Android SDK	2026-06-06T12:22:53.5052564Z /usr/bin/tar: ../../../../../usr/local/lib/android/sdk/platforms/android-36-ext18/data/res/values-mcc302-mnc720-it: Cannot change mode to rwxr-xr-x: Operation not permitted
build	Cache Android SDK	2026-06-06T12:22:53.5053989Z /usr/bin/tar: ../../../../../usr/local/lib/android/sdk/platforms/android-36-ext18/data/res/values-mcc310-mnc160-zh-rHK: Cannot utime: Operation not permitted
build	Cache Android SDK	2026-06-06T12:22:53.5055711Z /usr/bin/tar: ../../../../../usr/local/lib/android/sdk/platforms/android-36-ext18/data/res/values-mcc310-mnc160-zh-rHK: Cannot change mode to rwxr-xr-x: Operation not permitted
build	Cache Android SDK	2026-06-06T12:22:53.5056830Z /usr/bin/tar: ../../../../../usr/local/lib/android/sdk/platforms/android-36-ext18/data/res/values-mcc310-mnc410-vi: Cannot utime: Operation not permitted
build	Cache Android SDK	2026-06-06T12:22:53.5058353Z /usr/bin/tar: ../../../../../usr/local/lib/android/sdk/platforms/android-36-ext18/data/res/values-mcc310-mnc410-vi: Cannot change mode to rwxr-xr-x: Operation not permitted
build	Cache Android SDK	2026-06-06T12:22:53.5059767Z /usr/bin/tar: ../../../../../usr/local/lib/android/sdk/platforms/android-36-ext18/data/res/values-mcc311-mnc180-fa: Cannot utime: Operation not permitted
build	Cache Android SDK	2026-06-06T12:22:53.5060712Z /usr/bin/tar: ../../../../../usr/local/lib/android/sdk/platforms/android-36-ext18/data/res/values-mcc311-mnc180-fa: Cannot change mode to rwxr-xr-x: Operation not permitted
build	Cache Android SDK	2026-06-06T12:22:53.5062676Z /usr/bin/tar: ../../../../../usr/local/lib/android/sdk/platforms/android-36-ext18/data/res/values-mcc310-mnc150-th: Cannot utime: Operation not permitted
build	Cache Android SDK	2026-06-06T12:22:53.5063707Z /usr/bin/tar: ../../../../../usr/local/lib/android/sdk/platforms/android-36-ext18/data/res/values-mcc310-mnc150-th: Cannot change mode to rwxr-xr-x: Operation not permitted
build	Cache Android SDK	2026-06-06T12:22:53.5065459Z /usr/bin/tar: ../../../../../usr/local/lib/android/sdk/platforms/android-36-ext18/data/res/values-mcc001-mnc01-az: Cannot utime: Operation not permitted
build	Cache Android SDK	2026-06-06T12:22:53.5066531Z /usr/bin/tar: ../../../../../usr/local/lib/android/sdk/platforms/android-36-ext18/data/res/values-mcc001-mnc01-az: Cannot change mode to rwxr-xr-x: Operation not permitted
build	Cache Android SDK	2026-06-06T12:22:53.5068668Z /usr/bin/tar: ../../../../../usr/local/lib/android/sdk/platforms/android-36-ext18/data/res/values-mcc310-mnc660-lt: Cannot utime: Operation not permitted
build	Cache Android SDK	2026-06-06T12:22:53.5069731Z /usr/bin/tar: ../../../../../usr/local/lib/android/sdk/platforms/android-36-ext18/data/res/values-mcc310-mnc660-lt: Cannot change mode to rwxr-xr-x: Operation not permitted
build	Cache Android SDK	2026-06-06T12:22:53.5072197Z /usr/bin/tar: ../../../../../usr/local/lib/android/sdk/platforms/android-36-ext18/data/res/values-mcc310-mnc490-zh-rTW: Cannot utime: Operation not permitted
build	Cache Android SDK	2026-06-06T12:22:53.5073278Z /usr/bin/tar: ../../../../../usr/local/lib/android/sdk/platforms/android-36-ext18/data/res/values-mcc310-mnc490-zh-rTW: Cannot change mode to rwxr-xr-x: Operation not permitted
build	Cache Android SDK	2026-06-06T12:22:53.5075665Z /usr/bin/tar: ../../../../../usr/local/lib/android/sdk/platforms/android-36-ext18/data/res/values-mcc311-mnc180-hy: Cannot utime: Operation not permitted
build	Cache Android SDK	2026-06-06T12:22:53.5076706Z /usr/bin/tar: ../../../../../usr/local/lib/android/sdk/platforms/android-36-ext18/data/res/values-mcc311-mnc180-hy: Cannot change mode to rwxr-xr-x: Operation not permitted
build	Cache Android SDK	2026-06-06T12:22:53.5079133Z /usr/bin/tar: ../../../../../usr/local/lib/android/sdk/platforms/android-36-ext18/data/res/values-mcc310-mnc490-ja: Cannot utime: Operation not permitted
build	Cache Android SDK	2026-06-06T12:22:53.5080203Z /usr/bin/tar: ../../../../../usr/local/lib/android/sdk/platforms/android-36-ext18/data/res/values-mcc310-mnc490-ja: Cannot change mode to rwxr-xr-x: Operation not permitted
build	Cache Android SDK	2026-06-06T12:22:53.5082170Z /usr/bin/tar: ../../../../../usr/local/lib/android/sdk/platforms/android-36-ext18/data/res/values-mcc310-mnc560-te: Cannot utime: Operation not permitted
build	Cache Android SDK	2026-06-06T12:22:53.5083567Z /usr/bin/tar: ../../../../../usr/local/lib/android/sdk/platforms/android-36-ext18/data/res/values-mcc310-mnc560-te: Cannot change mode to rwxr-xr-x: Operation not permitted
build	Cache Android SDK	2026-06-06T12:22:53.5085341Z /usr/bin/tar: ../../../../../usr/local/lib/android/sdk/platforms/android-36-ext18/data/res/values-mcc310-mnc310-iw: Cannot utime: Operation not permitted
build	Cache Android SDK	2026-06-06T12:22:53.5086376Z /usr/bin/tar: ../../../../../usr/local/lib/android/sdk/platforms/android-36-ext18/data/res/values-mcc310-mnc310-iw: Cannot change mode to rwxr-xr-x: Operation not permitted
build	Cache Android SDK	2026-06-06T12:22:53.5088598Z /usr/bin/tar: ../../../../../usr/local/lib/android/sdk/platforms/android-36-ext18/data/res/values-sw-television: Cannot utime: Operation not permitted
build	Cache Android SDK	2026-06-06T12:22:53.5089624Z /usr/bin/tar: ../../../../../usr/local/lib/android/sdk/platforms/android-36-ext18/data/res/values-sw-television: Cannot change mode to rwxr-xr-x: Operation not permitted
build	Cache Android SDK	2026-06-06T12:22:53.5091987Z /usr/bin/tar: ../../../../../usr/local/lib/android/sdk/platforms/android-36-ext18/data/res/values-mcc310-mnc250-kk: Cannot utime: Operation not permitted
build	Cache Android SDK	2026-06-06T12:22:53.5093041Z /usr/bin/tar: ../../../../../usr/local/lib/android/sdk/platforms/android-36-ext18/data/res/values-mcc310-mnc250-kk: Cannot change mode to rwxr-xr-x: Operation not permitted
build	Cache Android SDK	2026-06-06T12:22:53.5095191Z /usr/bin/tar: ../../../../../usr/local/lib/android/sdk/platforms/android-36-ext18/data/res/values-mcc310-mnc030-th: Cannot utime: Operation not permitted
build	Cache Android SDK	2026-06-06T12:22:53.5096154Z /usr/bin/tar: ../../../../../usr/local/lib/android/sdk/platforms/android-36-ext18/data/res/values-mcc310-mnc030-th: Cannot change mode to rwxr-xr-x: Operation not permitted
build	Cache Android SDK	2026-06-06T12:22:53.5099052Z /usr/bin/tar: ../../../../../usr/local/lib/android/sdk/platforms/android-36-ext18/data/res/values-lt-rLT: Cannot utime: Operation not permitted
build	Cache Android SDK	2026-06-06T12:22:53.5099950Z /usr/bin/tar: ../../../../../usr/local/lib/android/sdk/platforms/android-36-ext18/data/res/values-lt-rLT: Cannot change mode to rwxr-xr-x: Operation not permitted
build	Cache Android SDK	2026-06-06T12:22:53.5102327Z /usr/bin/tar: ../../../../../usr/local/lib/android/sdk/platforms/android-36-ext18/data/res/values-mcc310-mnc800-ar: Cannot utime: Operation not permitted
build	Cache Android SDK	2026-06-06T12:22:53.5103390Z /usr/bin/tar: ../../../../../usr/local/lib/android/sdk/platforms/android-36-ext18/data/res/values-mcc310-mnc800-ar: Cannot change mode to rwxr-xr-x: Operation not permitted
build	Cache Android SDK	2026-06-06T12:22:53.5105339Z /usr/bin/tar: ../../../../../usr/local/lib/android/sdk/platforms/android-36-ext18/data/res/values-mcc310-mnc410-eu: Cannot utime: Operation not permitted
build	Cache Android SDK	2026-06-06T12:22:53.5106387Z /usr/bin/tar: ../../../../../usr/local/lib/android/sdk/platforms/android-36-ext18/data/res/values-mcc310-mnc410-eu: Cannot change mode to rwxr-xr-x: Operation not permitted
build	Cache Android SDK	2026-06-06T12:22:53.5108786Z /usr/bin/tar: ../../../../../usr/local/lib/android/sdk/platforms/android-36-ext18/data/res/values-mcc310-mnc560-hr: Cannot utime: Operation not permitted
build	Cache Android SDK	2026-06-06T12:22:53.5109843Z /usr/bin/tar: ../../../../../usr/local/lib/android/sdk/platforms/android-36-ext18/data/res/values-mcc310-mnc560-hr: Cannot change mode to rwxr-xr-x: Operation not permitted
build	Cache Android SDK	2026-06-06T12:22:53.5118249Z /usr/bin/tar: ../../../../../usr/local/lib/android/sdk/platforms/android-36-ext18/data/res/anim-ldrtl: Cannot utime: Operation not permitted
build	Cache Android SDK	2026-06-06T12:22:53.5119890Z /usr/bin/tar: ../../../../../usr/local/lib/android/sdk/platforms/android-36-ext18/data/res/anim-ldrtl: Cannot change mode to rwxr-xr-x: Operation not permitted
build	Cache Android SDK	2026-06-06T12:22:53.5128717Z /usr/bin/tar: ../../../../../usr/local/lib/android/sdk/platforms/android-36-ext18/data/res/values-mk: Cannot utime: Operation not permitted
build	Cache Android SDK	2026-06-06T12:22:53.5130046Z /usr/bin/tar: ../../../../../usr/local/lib/android/sdk/platforms/android-36-ext18/data/res/values-mk: Cannot change mode to rwxr-xr-x: Operation not permitted
build	Cache Android SDK	2026-06-06T12:22:53.5131488Z /usr/bin/tar: ../../../../../usr/local/lib/android/sdk/platforms/android-36-ext18/data/res/values-mcc310-mnc030-ja: Cannot utime: Operation not permitted
build	Cache Android SDK	2026-06-06T12:22:53.5132439Z /usr/bin/tar: ../../../../../usr/local/lib/android/sdk/platforms/android-36-ext18/data/res/values-mcc310-mnc030-ja: Cannot change mode to rwxr-xr-x: Operation not permitted
build	Cache Android SDK	2026-06-06T12:22:53.5134018Z /usr/bin/tar: ../../../../../usr/local/lib/android/sdk/platforms/android-36-ext18/data/res/values-mcc310-mnc160-ro: Cannot utime: Operation not permitted
build	Cache Android SDK	2026-06-06T12:22:53.5135135Z /usr/bin/tar: ../../../../../usr/local/lib/android/sdk/platforms/android-36-ext18/data/res/values-mcc310-mnc160-ro: Cannot change mode to rwxr-xr-x: Operation not permitted
build	Cache Android SDK	2026-06-06T12:22:53.5136155Z /usr/bin/tar: ../../../../../usr/local/lib/android/sdk/platforms/android-36-ext18/data/res/values-mcc310-mnc200-sk: Cannot utime: Operation not permitted
build	Cache Android SDK	2026-06-06T12:22:53.5137627Z /usr/bin/tar: ../../../../../usr/local/lib/android/sdk/platforms/android-36-ext18/data/res/values-mcc310-mnc200-sk: Cannot change mode to rwxr-xr-x: Operation not permitted
build	Cache Android SDK	2026-06-06T12:22:53.5139050Z /usr/bin/tar: ../../../../../usr/local/lib/android/sdk/platforms/android-36-ext18/data/res/values-mcc310-mnc660-sl: Cannot utime: Operation not permitted
build	Cache Android SDK	2026-06-06T12:22:53.5139985Z /usr/bin/tar: ../../../../../usr/local/lib/android/sdk/platforms/android-36-ext18/data/res/values-mcc310-mnc660-sl: Cannot change mode to rwxr-xr-x: Operation not permitted
build	Cache Android SDK	2026-06-06T12:22:53.5142364Z /usr/bin/tar: ../../../../../usr/local/lib/android/sdk/platforms/android-36-ext18/data/res/values-mcc310-mnc200-eu: Cannot utime: Operation not permitted
build	Cache Android SDK	2026-06-06T12:22:53.5143472Z /usr/bin/tar: ../../../../../usr/local/lib/android/sdk/platforms/android-36-ext18/data/res/values-mcc310-mnc200-eu: Cannot change mode to rwxr-xr-x: Operation not permitted
build	Cache Android SDK	2026-06-06T12:22:53.5145397Z /usr/bin/tar: ../../../../../usr/local/lib/android/sdk/platforms/android-36-ext18/data/res/values-mcc334-mnc020-sq: Cannot utime: Operation not permitted
build	Cache Android SDK	2026-06-06T12:22:53.5146454Z /usr/bin/tar: ../../../../../usr/local/lib/android/sdk/platforms/android-36-ext18/data/res/values-mcc334-mnc020-sq: Cannot change mode to rwxr-xr-x: Operation not permitted
build	Cache Android SDK	2026-06-06T12:22:53.5149237Z /usr/bin/tar: ../../../../../usr/local/lib/android/sdk/platforms/android-36-ext18/data/res/values-mcc310-mnc220-fa: Cannot utime: Operation not permitted
build	Cache Android SDK	2026-06-06T12:22:53.5150301Z /usr/bin/tar: ../../../../../usr/local/lib/android/sdk/platforms/android-36-ext18/data/res/values-mcc310-mnc220-fa: Cannot change mode to rwxr-xr-x: Operation not permitted
build	Cache Android SDK	2026-06-06T12:22:53.5152367Z /usr/bin/tar: ../../../../../usr/local/lib/android/sdk/platforms/android-36-ext18/data/res/values-mcc313-mnc100-ml: Cannot utime: Operation not permitted
build	Cache Android SDK	2026-06-06T12:22:53.5153348Z /usr/bin/tar: ../../../../../usr/local/lib/android/sdk/platforms/android-36-ext18/data/res/values-mcc313-mnc100-ml: Cannot change mode to rwxr-xr-x: Operation not permitted
build	Cache Android SDK	2026-06-06T12:22:53.5155809Z /usr/bin/tar: ../../../../../usr/local/lib/android/sdk/platforms/android-36-ext18/data/res/values-mcc310-mnc280-pa: Cannot utime: Operation not permitted
build	Cache Android SDK	2026-06-06T12:22:53.5156756Z /usr/bin/tar: ../../../../../usr/local/lib/android/sdk/platforms/android-36-ext18/data/res/values-mcc310-mnc280-pa: Cannot change mode to rwxr-xr-x: Operation not permitted
build	Cache Android SDK	2026-06-06T12:22:53.5159936Z /usr/bin/tar: ../../../../../usr/local/lib/android/sdk/platforms/android-36-ext18/data/res/values-mcc310-mnc160-sw: Cannot utime: Operation not permitted
build	Cache Android SDK	2026-06-06T12:22:53.5161048Z /usr/bin/tar: ../../../../../usr/local/lib/android/sdk/platforms/android-36-ext18/data/res/values-mcc310-mnc160-sw: Cannot change mode to rwxr-xr-x: Operation not permitted
build	Cache Android SDK	2026-06-06T12:22:53.5162797Z /usr/bin/tar: ../../../../../usr/local/lib/android/sdk/platforms/android-36-ext18/data/res/values-mcc310-mnc800-nl: Cannot utime: Operation not permitted
build	Cache Android SDK	2026-06-06T12:22:53.5163840Z /usr/bin/tar: ../../../../../usr/local/lib/android/sdk/platforms/android-36-ext18/data/res/values-mcc310-mnc800-nl: Cannot change mode to rwxr-xr-x: Operation not permitted
build	Cache Android SDK	2026-06-06T12:22:53.5168642Z /usr/bin/tar: ../../../../../usr/local/lib/android/sdk/platforms/android-36-ext18/data/res/raw-pl: Cannot utime: Operation not permitted
build	Cache Android SDK	2026-06-06T12:22:53.5169503Z /usr/bin/tar: ../../../../../usr/local/lib/android/sdk/platforms/android-36-ext18/data/res/raw-pl: Cannot change mode to rwxr-xr-x: Operation not permitted
build	Cache Android SDK	2026-06-06T12:22:53.5172145Z /usr/bin/tar: ../../../../../usr/local/lib/android/sdk/platforms/android-36-ext18/data/res/values-mcc310-mnc950-sw: Cannot utime: Operation not permitted
build	Cache Android SDK	2026-06-06T12:22:53.5173348Z /usr/bin/tar: ../../../../../usr/local/lib/android/sdk/platforms/android-36-ext18/data/res/values-mcc310-mnc950-sw: Cannot change mode to rwxr-xr-x: Operation not permitted
build	Cache Android SDK	2026-06-06T12:22:53.5175049Z /usr/bin/tar: ../../../../../usr/local/lib/android/sdk/platforms/android-36-ext18/data/res/values-mcc310-mnc170-en-rAU: Cannot utime: Operation not permitted
build	Cache Android SDK	2026-06-06T12:22:53.5176054Z /usr/bin/tar: ../../../../../usr/local/lib/android/sdk/platforms/android-36-ext18/data/res/values-mcc310-mnc170-en-rAU: Cannot change mode to rwxr-xr-x: Operation not permitted
build	Cache Android SDK	2026-06-06T12:22:53.5188889Z /usr/bin/tar: ../../../../../usr/local/lib/android/sdk/platforms/android-36-ext18/data/res/drawable-land-ldpi: Cannot utime: Operation not permitted
build	Cache Android SDK	2026-06-06T12:22:53.5190111Z /usr/bin/tar: ../../../../../usr/local/lib/android/sdk/platforms/android-36-ext18/data/res/drawable-land-ldpi: Cannot change mode to rwxr-xr-x: Operation not permitted
build	Cache Android SDK	2026-06-06T12:22:53.5191768Z /usr/bin/tar: ../../../../../usr/local/lib/android/sdk/platforms/android-36-ext18/data/res/values-mcc311-mnc180-cs: Cannot utime: Operation not permitted
build	Cache Android SDK	2026-06-06T12:22:53.5192826Z /usr/bin/tar: ../../../../../usr/local/lib/android/sdk/platforms/android-36-ext18/data/res/values-mcc311-mnc180-cs: Cannot change mode to rwxr-xr-x: Operation not permitted
build	Cache Android SDK	2026-06-06T12:22:53.5195238Z /usr/bin/tar: ../../../../../usr/local/lib/android/sdk/platforms/android-36-ext18/data/res/values-mcc312-mnc670-sk: Cannot utime: Operation not permitted
build	Cache Android SDK	2026-06-06T12:22:53.5196216Z /usr/bin/tar: ../../../../../usr/local/lib/android/sdk/platforms/android-36-ext18/data/res/values-mcc312-mnc670-sk: Cannot change mode to rwxr-xr-x: Operation not permitted
build	Cache Android SDK	2026-06-06T12:22:53.5198315Z /usr/bin/tar: ../../../../../usr/local/lib/android/sdk/platforms/android-36-ext18/data/res/values-mcc302-mnc720-pl: Cannot utime: Operation not permitted
build	Cache Android SDK	2026-06-06T12:22:53.5199289Z /usr/bin/tar: ../../../../../usr/local/lib/android/sdk/platforms/android-36-ext18/data/res/values-mcc302-mnc720-pl: Cannot change mode to rwxr-xr-x: Operation not permitted
build	Cache Android SDK	2026-06-06T12:22:53.5201742Z /usr/bin/tar: ../../../../../usr/local/lib/android/sdk/platforms/android-36-ext18/data/res/values-mcc310-mnc200-zh-rCN: Cannot utime: Operation not permitted
build	Cache Android SDK	2026-06-06T12:22:53.5202763Z /usr/bin/tar: ../../../../../usr/local/lib/android/sdk/platforms/android-36-ext18/data/res/values-mcc310-mnc200-zh-rCN: Cannot change mode to rwxr-xr-x: Operation not permitted
build	Cache Android SDK	2026-06-06T12:22:53.5204916Z /usr/bin/tar: ../../../../../usr/local/lib/android/sdk/platforms/android-36-ext18/data/res/values-mcc310-mnc220-sr: Cannot utime: Operation not permitted
build	Cache Android SDK	2026-06-06T12:22:53.5205869Z /usr/bin/tar: ../../../../../usr/local/lib/android/sdk/platforms/android-36-ext18/data/res/values-mcc310-mnc220-sr: Cannot change mode to rwxr-xr-x: Operation not permitted
build	Cache Android SDK	2026-06-06T12:22:53.5208830Z /usr/bin/tar: ../../../../../usr/local/lib/android/sdk/platforms/android-36-ext18/data/res/values-mcc310-mnc160-tr: Cannot utime: Operation not permitted
build	Cache Android SDK	2026-06-06T12:22:53.5210143Z /usr/bin/tar: ../../../../../usr/local/lib/android/sdk/platforms/android-36-ext18/data/res/values-mcc310-mnc160-tr: Cannot change mode to rwxr-xr-x: Operation not permitted
build	Cache Android SDK	2026-06-06T12:22:53.5211615Z /usr/bin/tar: ../../../../../usr/local/lib/android/sdk/platforms/android-36-ext18/data/res/values-pt-rPT-watch: Cannot utime: Operation not permitted
build	Cache Android SDK	2026-06-06T12:22:53.5212639Z /usr/bin/tar: ../../../../../usr/local/lib/android/sdk/platforms/android-36-ext18/data/res/values-pt-rPT-watch: Cannot change mode to rwxr-xr-x: Operation not permitted
build	Cache Android SDK	2026-06-06T12:22:53.5215529Z /usr/bin/tar: ../../../../../usr/local/lib/android/sdk/platforms/android-36-ext18/data/res/values-mcc310-mnc410-zh-rTW: Cannot utime: Operation not permitted
build	Cache Android SDK	2026-06-06T12:22:53.5216660Z /usr/bin/tar: ../../../../../usr/local/lib/android/sdk/platforms/android-36-ext18/data/res/values-mcc310-mnc410-zh-rTW: Cannot change mode to rwxr-xr-x: Operation not permitted
build	Cache Android SDK	2026-06-06T12:22:53.5218477Z /usr/bin/tar: ../../../../../usr/local/lib/android/sdk/platforms/android-36-ext18/data/res/values-mcc334-mnc020-sr: Cannot utime: Operation not permitted
build	Cache Android SDK	2026-06-06T12:22:53.5219434Z /usr/bin/tar: ../../../../../usr/local/lib/android/sdk/platforms/android-36-ext18/data/res/values-mcc334-mnc020-sr: Cannot change mode to rwxr-xr-x: Operation not permitted
build	Cache Android SDK	2026-06-06T12:22:53.5221408Z /usr/bin/tar: ../../../../../usr/local/lib/android/sdk/platforms/android-36-ext18/data/res/values-mcc310-mnc240-fi: Cannot utime: Operation not permitted
build	Cache Android SDK	2026-06-06T12:22:53.5222444Z /usr/bin/tar: ../../../../../usr/local/lib/android/sdk/platforms/android-36-ext18/data/res/values-mcc310-mnc240-fi: Cannot change mode to rwxr-xr-x: Operation not permitted
build	Cache Android SDK	2026-06-06T12:22:53.5224626Z /usr/bin/tar: ../../../../../usr/local/lib/android/sdk/platforms/android-36-ext18/data/res/values-mcc310-mnc560-sr: Cannot utime: Operation not permitted
build	Cache Android SDK	2026-06-06T12:22:53.5225667Z /usr/bin/tar: ../../../../../usr/local/lib/android/sdk/platforms/android-36-ext18/data/res/values-mcc310-mnc560-sr: Cannot change mode to rwxr-xr-x: Operation not permitted
build	Cache Android SDK	2026-06-06T12:22:53.5228370Z /usr/bin/tar: ../../../../../usr/local/lib/android/sdk/platforms/android-36-ext18/data/res/values-da-rDK: Cannot utime: Operation not permitted
build	Cache Android SDK	2026-06-06T12:22:53.5229469Z /usr/bin/tar: ../../../../../usr/local/lib/android/sdk/platforms/android-36-ext18/data/res/values-da-rDK: Cannot change mode to rwxr-xr-x: Operation not permitted
build	Cache Android SDK	2026-06-06T12:22:53.5232244Z /usr/bin/tar: ../../../../../usr/local/lib/android/sdk/platforms/android-36-ext18/data/res/values-mcc310-mnc410-gu: Cannot utime: Operation not permitted
build	Cache Android SDK	2026-06-06T12:22:53.5233300Z /usr/bin/tar: ../../../../../usr/local/lib/android/sdk/platforms/android-36-ext18/data/res/values-mcc310-mnc410-gu: Cannot change mode to rwxr-xr-x: Operation not permitted
build	Cache Android SDK	2026-06-06T12:22:53.5235920Z /usr/bin/tar: ../../../../../usr/local/lib/android/sdk/platforms/android-36-ext18/data/res/values-mcc334-mnc020-ka: Cannot utime: Operation not permitted
build	Cache Android SDK	2026-06-06T12:22:53.5236969Z /usr/bin/tar: ../../../../../usr/local/lib/android/sdk/platforms/android-36-ext18/data/res/values-mcc334-mnc020-ka: Cannot change mode to rwxr-xr-x: Operation not permitted
build	Cache Android SDK	2026-06-06T12:22:53.5240038Z /usr/bin/tar: ../../../../../usr/local/lib/android/sdk/platforms/android-36-ext18/data/res/values-mcc310-mnc560-nb: Cannot utime: Operation not permitted
build	Cache Android SDK	2026-06-06T12:22:53.5242690Z /usr/bin/tar: ../../../../../usr/local/lib/android/sdk/platforms/android-36-ext18/data/res/values-mcc310-mnc560-nb: Cannot change mode to rwxr-xr-x: Operation not permitted
build	Cache Android SDK	2026-06-06T12:22:53.5246080Z /usr/bin/tar: ../../../../../usr/local/lib/android/sdk/platforms/android-36-ext18/data/res/values-mcc310-mnc240-en-rGB: Cannot utime: Operation not permitted
build	Cache Android SDK	2026-06-06T12:22:53.5249311Z /usr/bin/tar: ../../../../../usr/local/lib/android/sdk/platforms/android-36-ext18/data/res/values-mcc310-mnc240-en-rGB: Cannot change mode to rwxr-xr-x: Operation not permitted
build	Cache Android SDK	2026-06-06T12:22:53.5252060Z /usr/bin/tar: ../../../../../usr/local/lib/android/sdk/platforms/android-36-ext18/data/res/values-mcc310-mnc380-zh-rTW: Cannot utime: Operation not permitted
build	Cache Android SDK	2026-06-06T12:22:53.5254448Z /usr/bin/tar: ../../../../../usr/local/lib/android/sdk/platforms/android-36-ext18/data/res/values-mcc310-mnc380-zh-rTW: Cannot change mode to rwxr-xr-x: Operation not permitted
build	Cache Android SDK	2026-06-06T12:22:53.5255826Z /usr/bin/tar: ../../../../../usr/local/lib/android/sdk/platforms/android-36-ext18/data/res/values-mcc310-mnc210-sr: Cannot utime: Operation not permitted
build	Cache Android SDK	2026-06-06T12:22:53.5256860Z /usr/bin/tar: ../../../../../usr/local/lib/android/sdk/platforms/android-36-ext18/data/res/values-mcc310-mnc210-sr: Cannot change mode to rwxr-xr-x: Operation not permitted
build	Cache Android SDK	2026-06-06T12:22:53.5258549Z /usr/bin/tar: ../../../../../usr/local/lib/android/sdk/platforms/android-36-ext18/data/res/values-mcc310-mnc380-as: Cannot utime: Operation not permitted
build	Cache Android SDK	2026-06-06T12:22:53.5259503Z /usr/bin/tar: ../../../../../usr/local/lib/android/sdk/platforms/android-36-ext18/data/res/values-mcc310-mnc380-as: Cannot change mode to rwxr-xr-x: Operation not permitted
build	Cache Android SDK	2026-06-06T12:22:53.5260676Z /usr/bin/tar: ../../../../../usr/local/lib/android/sdk/platforms/android-36-ext18/data/res/values-mcc312-mnc670-nb: Cannot utime: Operation not permitted
build	Cache Android SDK	2026-06-06T12:22:53.5262136Z /usr/bin/tar: ../../../../../usr/local/lib/android/sdk/platforms/android-36-ext18/data/res/values-mcc312-mnc670-nb: Cannot change mode to rwxr-xr-x: Operation not permitted
build	Cache Android SDK	2026-06-06T12:22:53.5263088Z /usr/bin/tar: ../../../../../usr/local/lib/android/sdk/platforms/android-36-ext18/data/res/values-mcc302-mnc370-bg: Cannot utime: Operation not permitted
build	Cache Android SDK	2026-06-06T12:22:53.5264122Z /usr/bin/tar: ../../../../../usr/local/lib/android/sdk/platforms/android-36-ext18/data/res/values-mcc302-mnc370-bg: Cannot change mode to rwxr-xr-x: Operation not permitted
build	Cache Android SDK	2026-06-06T12:22:53.5265538Z /usr/bin/tar: ../../../../../usr/local/lib/android/sdk/platforms/android-36-ext18/data/res/values-mcc310-mnc200-it: Cannot utime: Operation not permitted
build	Cache Android SDK	2026-06-06T12:22:53.5266495Z /usr/bin/tar: ../../../../../usr/local/lib/android/sdk/platforms/android-36-ext18/data/res/values-mcc310-mnc200-it: Cannot change mode to rwxr-xr-x: Operation not permitted
build	Cache Android SDK	2026-06-06T12:22:53.5267740Z /usr/bin/tar: ../../../../../usr/local/lib/android/sdk/platforms/android-36-ext18/data/res/values-w211dp: Cannot utime: Operation not permitted
build	Cache Android SDK	2026-06-06T12:22:53.5269109Z /usr/bin/tar: ../../../../../usr/local/lib/android/sdk/platforms/android-36-ext18/data/res/values-w211dp: Cannot change mode to rwxr-xr-x: Operation not permitted
build	Cache Android SDK	2026-06-06T12:22:53.5270026Z /usr/bin/tar: ../../../../../usr/local/lib/android/sdk/platforms/android-36-ext18/data/res/values-sk-watch: Cannot utime: Operation not permitted
build	Cache Android SDK	2026-06-06T12:22:53.5271007Z /usr/bin/tar: ../../../../../usr/local/lib/android/sdk/platforms/android-36-ext18/data/res/values-sk-watch: Cannot change mode to rwxr-xr-x: Operation not permitted
build	Cache Android SDK	2026-06-06T12:22:53.5272384Z /usr/bin/tar: ../../../../../usr/local/lib/android/sdk/platforms/android-36-ext18/data/res/values-mcc310-mnc030-te: Cannot utime: Operation not permitted
build	Cache Android SDK	2026-06-06T12:22:53.5273366Z /usr/bin/tar: ../../../../../usr/local/lib/android/sdk/platforms/android-36-ext18/data/res/values-mcc310-mnc030-te: Cannot change mode to rwxr-xr-x: Operation not permitted
build	Cache Android SDK	2026-06-06T12:22:53.5275807Z /usr/bin/tar: ../../../../../usr/local/lib/android/sdk/platforms/android-36-ext18/data/res/values-mcc310-mnc250-es: Cannot utime: Operation not permitted
build	Cache Android SDK	2026-06-06T12:22:53.5276771Z /usr/bin/tar: ../../../../../usr/local/lib/android/sdk/platforms/android-36-ext18/data/res/values-mcc310-mnc250-es: Cannot change mode to rwxr-xr-x: Operation not permitted
build	Cache Android SDK	2026-06-06T12:22:53.5282115Z /usr/bin/tar: ../../../../../usr/local/lib/android/sdk/platforms/android-36-ext18/data/res/values-th-television: Cannot utime: Operation not permitted
build	Cache Android SDK	2026-06-06T12:22:53.5283233Z /usr/bin/tar: ../../../../../usr/local/lib/android/sdk/platforms/android-36-ext18/data/res/values-th-television: Cannot change mode to rwxr-xr-x: Operation not permitted
build	Cache Android SDK	2026-06-06T12:22:53.5284292Z /usr/bin/tar: ../../../../../usr/local/lib/android/sdk/platforms/android-36-ext18/data/res/values-mcc310-mnc160-es: Cannot utime: Operation not permitted
build	Cache Android SDK	2026-06-06T12:22:53.5285701Z /usr/bin/tar: ../../../../../usr/local/lib/android/sdk/platforms/android-36-ext18/data/res/values-mcc310-mnc160-es: Cannot change mode to rwxr-xr-x: Operation not permitted
build	Cache Android SDK	2026-06-06T12:22:53.5286767Z /usr/bin/tar: ../../../../../usr/local/lib/android/sdk/platforms/android-36-ext18/data/res/values-ko-rKR: Cannot utime: Operation not permitted
build	Cache Android SDK	2026-06-06T12:22:53.5287854Z /usr/bin/tar: ../../../../../usr/local/lib/android/sdk/platforms/android-36-ext18/data/res/values-ko-rKR: Cannot change mode to rwxr-xr-x: Operation not permitted
build	Cache Android SDK	2026-06-06T12:22:53.5289536Z /usr/bin/tar: ../../../../../usr/local/lib/android/sdk/platforms/android-36-ext18/data/res/values-mcc310-mnc310-sl: Cannot utime: Operation not permitted
build	Cache Android SDK	2026-06-06T12:22:53.5291033Z /usr/bin/tar: ../../../../../usr/local/lib/android/sdk/platforms/android-36-ext18/data/res/values-mcc310-mnc310-sl: Cannot change mode to rwxr-xr-x: Operation not permitted
build	Cache Android SDK	2026-06-06T12:22:53.5292549Z /usr/bin/tar: ../../../../../usr/local/lib/android/sdk/platforms/android-36-ext18/data/res/values-mcc001-mnc01-zh-rCN: Cannot utime: Operation not permitted
build	Cache Android SDK	2026-06-06T12:22:53.5293606Z /usr/bin/tar: ../../../../../usr/local/lib/android/sdk/platforms/android-36-ext18/data/res/values-mcc001-mnc01-zh-rCN: Cannot change mode to rwxr-xr-x: Operation not permitted
build	Cache Android SDK	2026-06-06T12:22:53.5295066Z /usr/bin/tar: ../../../../../usr/local/lib/android/sdk/platforms/android-36-ext18/data/res/values-mcc310-mnc220: Cannot utime: Operation not permitted
build	Cache Android SDK	2026-06-06T12:22:53.5296037Z /usr/bin/tar: ../../../../../usr/local/lib/android/sdk/platforms/android-36-ext18/data/res/values-mcc310-mnc220: Cannot change mode to rwxr-xr-x: Operation not permitted
build	Cache Android SDK	2026-06-06T12:22:53.5298454Z /usr/bin/tar: ../../../../../usr/local/lib/android/sdk/platforms/android-36-ext18/data/res/values-mcc310-mnc220-hy: Cannot utime: Operation not permitted
build	Cache Android SDK	2026-06-06T12:22:53.5299475Z /usr/bin/tar: ../../../../../usr/local/lib/android/sdk/platforms/android-36-ext18/data/res/values-mcc310-mnc220-hy: Cannot change mode to rwxr-xr-x: Operation not permitted
build	Cache Android SDK	2026-06-06T12:22:53.5301559Z /usr/bin/tar: ../../../../../usr/local/lib/android/sdk/platforms/android-36-ext18/data/res/values-zu-watch: Cannot utime: Operation not permitted
build	Cache Android SDK	2026-06-06T12:22:53.5302463Z /usr/bin/tar: ../../../../../usr/local/lib/android/sdk/platforms/android-36-ext18/data/res/values-zu-watch: Cannot change mode to rwxr-xr-x: Operation not permitted
build	Cache Android SDK	2026-06-06T12:22:53.5304949Z /usr/bin/tar: ../../../../../usr/local/lib/android/sdk/platforms/android-36-ext18/data/res/values-mcc310-mnc560-b+sr+Latn: Cannot utime: Operation not permitted
build	Cache Android SDK	2026-06-06T12:22:53.5306013Z /usr/bin/tar: ../../../../../usr/local/lib/android/sdk/platforms/android-36-ext18/data/res/values-mcc310-mnc560-b+sr+Latn: Cannot change mode to rwxr-xr-x: Operation not permitted
build	Cache Android SDK	2026-06-06T12:22:53.5307974Z /usr/bin/tar: ../../../../../usr/local/lib/android/sdk/platforms/android-36-ext18/data/res/values-mcc310-mnc200-lo: Cannot utime: Operation not permitted
build	Cache Android SDK	2026-06-06T12:22:53.5308933Z /usr/bin/tar: ../../../../../usr/local/lib/android/sdk/platforms/android-36-ext18/data/res/values-mcc310-mnc200-lo: Cannot change mode to rwxr-xr-x: Operation not permitted
build	Cache Android SDK	2026-06-06T12:22:53.5311081Z /usr/bin/tar: ../../../../../usr/local/lib/android/sdk/platforms/android-36-ext18/data/res/values-mcc310-mnc150-it: Cannot utime: Operation not permitted
build	Cache Android SDK	2026-06-06T12:22:53.5312042Z /usr/bin/tar: ../../../../../usr/local/lib/android/sdk/platforms/android-36-ext18/data/res/values-mcc310-mnc150-it: Cannot change mode to rwxr-xr-x: Operation not permitted
build	Cache Android SDK	2026-06-06T12:22:53.5314990Z /usr/bin/tar: ../../../../../usr/local/lib/android/sdk/platforms/android-36-ext18/data/res/values-mcc310-mnc230-bs: Cannot utime: Operation not permitted
build	Cache Android SDK	2026-06-06T12:22:53.5315950Z /usr/bin/tar: ../../../../../usr/local/lib/android/sdk/platforms/android-36-ext18/data/res/values-mcc310-mnc230-bs: Cannot change mode to rwxr-xr-x: Operation not permitted
build	Cache Android SDK	2026-06-06T12:22:53.5318536Z /usr/bin/tar: ../../../../../usr/local/lib/android/sdk/platforms/android-36-ext18/data/res/values-mcc313-mnc100-az: Cannot utime: Operation not permitted
build	Cache Android SDK	2026-06-06T12:22:53.5319588Z /usr/bin/tar: ../../../../../usr/local/lib/android/sdk/platforms/android-36-ext18/data/res/values-mcc313-mnc100-az: Cannot change mode to rwxr-xr-x: Operation not permitted
build	Cache Android SDK	2026-06-06T12:22:53.5322250Z /usr/bin/tar: ../../../../../usr/local/lib/android/sdk/platforms/android-36-ext18/data/res/values-mcc310-mnc250-sl: Cannot utime: Operation not permitted
build	Cache Android SDK	2026-06-06T12:22:53.5323199Z /usr/bin/tar: ../../../../../usr/local/lib/android/sdk/platforms/android-36-ext18/data/res/values-mcc310-mnc250-sl: Cannot change mode to rwxr-xr-x: Operation not permitted
build	Cache Android SDK	2026-06-06T12:22:53.5325380Z /usr/bin/tar: ../../../../../usr/local/lib/android/sdk/platforms/android-36-ext18/data/res/values-mcc311-mnc180-ms: Cannot utime: Operation not permitted
build	Cache Android SDK	2026-06-06T12:22:53.5326558Z /usr/bin/tar: ../../../../../usr/local/lib/android/sdk/platforms/android-36-ext18/data/res/values-mcc311-mnc180-ms: Cannot change mode to rwxr-xr-x: Operation not permitted
build	Cache Android SDK	2026-06-06T12:22:53.5328323Z /usr/bin/tar: ../../../../../usr/local/lib/android/sdk/platforms/android-36-ext18/data/res/values-mcc310-mnc220-th: Cannot utime: Operation not permitted
build	Cache Android SDK	2026-06-06T12:22:53.5329289Z /usr/bin/tar: ../../../../../usr/local/lib/android/sdk/platforms/android-36-ext18/data/res/values-mcc310-mnc220-th: Cannot change mode to rwxr-xr-x: Operation not permitted
build	Cache Android SDK	2026-06-06T12:22:53.5331811Z /usr/bin/tar: ../../../../../usr/local/lib/android/sdk/platforms/android-36-ext18/data/res/values-mcc334-mnc020-ta: Cannot utime: Operation not permitted
build	Cache Android SDK	2026-06-06T12:22:53.5332770Z /usr/bin/tar: ../../../../../usr/local/lib/android/sdk/platforms/android-36-ext18/data/res/values-mcc334-mnc020-ta: Cannot change mode to rwxr-xr-x: Operation not permitted
build	Cache Android SDK	2026-06-06T12:22:53.5335617Z /usr/bin/tar: ../../../../../usr/local/lib/android/sdk/platforms/android-36-ext18/data/res/values-mcc302-mnc370-fr-rCA: Cannot utime: Operation not permitted
build	Cache Android SDK	2026-06-06T12:22:53.5337879Z /usr/bin/tar: ../../../../../usr/local/lib/android/sdk/platforms/android-36-ext18/data/res/values-mcc302-mnc370-fr-rCA: Cannot change mode to rwxr-xr-x: Operation not permitted
build	Cache Android SDK	2026-06-06T12:22:53.5339035Z /usr/bin/tar: ../../../../../usr/local/lib/android/sdk/platforms/android-36-ext18/data/res/values-mcc310-mnc660-in: Cannot utime: Operation not permitted
build	Cache Android SDK	2026-06-06T12:22:53.5340106Z /usr/bin/tar: ../../../../../usr/local/lib/android/sdk/platforms/android-36-ext18/data/res/values-mcc310-mnc660-in: Cannot change mode to rwxr-xr-x: Operation not permitted
build	Cache Android SDK	2026-06-06T12:22:53.5342650Z /usr/bin/tar: ../../../../../usr/local/lib/android/sdk/platforms/android-36-ext18/data/res/values-mcc001-mnc01-bs: Cannot utime: Operation not permitted
build	Cache Android SDK	2026-06-06T12:22:53.5343626Z /usr/bin/tar: ../../../../../usr/local/lib/android/sdk/platforms/android-36-ext18/data/res/values-mcc001-mnc01-bs: Cannot change mode to rwxr-xr-x: Operation not permitted
build	Cache Android SDK	2026-06-06T12:22:53.5346012Z /usr/bin/tar: ../../../../../usr/local/lib/android/sdk/platforms/android-36-ext18/data/res/values-mcc310-mnc280-de: Cannot utime: Operation not permitted
build	Cache Android SDK	2026-06-06T12:22:53.5347153Z /usr/bin/tar: ../../../../../usr/local/lib/android/sdk/platforms/android-36-ext18/data/res/values-mcc310-mnc280-de: Cannot change mode to rwxr-xr-x: Operation not permitted
build	Cache Android SDK	2026-06-06T12:22:53.5348904Z /usr/bin/tar: ../../../../../usr/local/lib/android/sdk/platforms/android-36-ext18/data/res/values-mcc416-mnc77: Cannot utime: Operation not permitted
build	Cache Android SDK	2026-06-06T12:22:53.5349949Z /usr/bin/tar: ../../../../../usr/local/lib/android/sdk/platforms/android-36-ext18/data/res/values-mcc416-mnc77: Cannot change mode to rwxr-xr-x: Operation not permitted
build	Cache Android SDK	2026-06-06T12:22:53.5351751Z /usr/bin/tar: ../../../../../usr/local/lib/android/sdk/platforms/android-36-ext18/data/res/values-pl-television: Cannot utime: Operation not permitted
build	Cache Android SDK	2026-06-06T12:22:53.5352702Z /usr/bin/tar: ../../../../../usr/local/lib/android/sdk/platforms/android-36-ext18/data/res/values-pl-television: Cannot change mode to rwxr-xr-x: Operation not permitted
build	Cache Android SDK	2026-06-06T12:22:53.5354877Z /usr/bin/tar: ../../../../../usr/local/lib/android/sdk/platforms/android-36-ext18/data/res/values-h720dp: Cannot utime: Operation not permitted
build	Cache Android SDK	2026-06-06T12:22:53.5355893Z /usr/bin/tar: ../../../../../usr/local/lib/android/sdk/platforms/android-36-ext18/data/res/values-h720dp: Cannot change mode to rwxr-xr-x: Operation not permitted
build	Cache Android SDK	2026-06-06T12:22:53.5358446Z /usr/bin/tar: ../../../../../usr/local/lib/android/sdk/platforms/android-36-ext18/data/res/values-mcc310-mnc310-b+sr+Latn: Cannot utime: Operation not permitted
build	Cache Android SDK	2026-06-06T12:22:53.5359456Z /usr/bin/tar: ../../../../../usr/local/lib/android/sdk/platforms/android-36-ext18/data/res/values-mcc310-mnc310-b+sr+Latn: Cannot change mode to rwxr-xr-x: Operation not permitted
build	Cache Android SDK	2026-06-06T12:22:53.5361663Z /usr/bin/tar: ../../../../../usr/local/lib/android/sdk/platforms/android-36-ext18/data/res/values-mcc001-mnc01-eu: Cannot utime: Operation not permitted
build	Cache Android SDK	2026-06-06T12:22:53.5362676Z /usr/bin/tar: ../../../../../usr/local/lib/android/sdk/platforms/android-36-ext18/data/res/values-mcc001-mnc01-eu: Cannot change mode to rwxr-xr-x: Operation not permitted
build	Cache Android SDK	2026-06-06T12:22:53.5365167Z /usr/bin/tar: ../../../../../usr/local/lib/android/sdk/platforms/android-36-ext18/data/res/values-mcc310-mnc170-mn: Cannot utime: Operation not permitted
build	Cache Android SDK	2026-06-06T12:22:53.5366112Z /usr/bin/tar: ../../../../../usr/local/lib/android/sdk/platforms/android-36-ext18/data/res/values-mcc310-mnc170-mn: Cannot change mode to rwxr-xr-x: Operation not permitted
build	Cache Android SDK	2026-06-06T12:22:53.5368414Z /usr/bin/tar: ../../../../../usr/local/lib/android/sdk/platforms/android-36-ext18/data/res/values-mcc234: Cannot utime: Operation not permitted
build	Cache Android SDK	2026-06-06T12:22:53.5369310Z /usr/bin/tar: ../../../../../usr/local/lib/android/sdk/platforms/android-36-ext18/data/res/values-mcc234: Cannot change mode to rwxr-xr-x: Operation not permitted
build	Cache Android SDK	2026-06-06T12:22:53.5378597Z /usr/bin/tar: ../../../../../usr/local/lib/android/sdk/platforms/android-36-ext18/data/res/values-th: Cannot utime: Operation not permitted
build	Cache Android SDK	2026-06-06T12:22:53.5380333Z /usr/bin/tar: ../../../../../usr/local/lib/android/sdk/platforms/android-36-ext18/data/res/values-th: Cannot change mode to rwxr-xr-x: Operation not permitted
build	Cache Android SDK	2026-06-06T12:22:53.5381420Z /usr/bin/tar: ../../../../../usr/local/lib/android/sdk/platforms/android-36-ext18/data/res/values-mcc310-mnc030-mr: Cannot utime: Operation not permitted
build	Cache Android SDK	2026-06-06T12:22:53.5382637Z /usr/bin/tar: ../../../../../usr/local/lib/android/sdk/platforms/android-36-ext18/data/res/values-mcc310-mnc030-mr: Cannot change mode to rwxr-xr-x: Operation not permitted
build	Cache Android SDK	2026-06-06T12:22:53.5383653Z /usr/bin/tar: ../../../../../usr/local/lib/android/sdk/platforms/android-36-ext18/data/res/values-mcc310-mnc310-ka: Cannot utime: Operation not permitted
build	Cache Android SDK	2026-06-06T12:22:53.5384602Z /usr/bin/tar: ../../../../../usr/local/lib/android/sdk/platforms/android-36-ext18/data/res/values-mcc310-mnc310-ka: Cannot change mode to rwxr-xr-x: Operation not permitted
build	Cache Android SDK	2026-06-06T12:22:53.5386035Z /usr/bin/tar: ../../../../../usr/local/lib/android/sdk/platforms/android-36-ext18/data/res/values-mcc310-mnc240-tl: Cannot utime: Operation not permitted
build	Cache Android SDK	2026-06-06T12:22:53.5386970Z /usr/bin/tar: ../../../../../usr/local/lib/android/sdk/platforms/android-36-ext18/data/res/values-mcc310-mnc240-tl: Cannot change mode to rwxr-xr-x: Operation not permitted
build	Cache Android SDK	2026-06-06T12:22:53.5390047Z /usr/bin/tar: ../../../../../usr/local/lib/android/sdk/platforms/android-36-ext18/data/res/values-el-television: Cannot utime: Operation not permitted
build	Cache Android SDK	2026-06-06T12:22:53.5391140Z /usr/bin/tar: ../../../../../usr/local/lib/android/sdk/platforms/android-36-ext18/data/res/values-el-television: Cannot change mode to rwxr-xr-x: Operation not permitted
build	Cache Android SDK	2026-06-06T12:22:53.5393038Z /usr/bin/tar: ../../../../../usr/local/lib/android/sdk/platforms/android-36-ext18/data/res/values-mcc312-mnc670-nl: Cannot utime: Operation not permitted
build	Cache Android SDK	2026-06-06T12:22:53.5394037Z /usr/bin/tar: ../../../../../usr/local/lib/android/sdk/platforms/android-36-ext18/data/res/values-mcc312-mnc670-nl: Cannot change mode to rwxr-xr-x: Operation not permitted
build	Cache Android SDK	2026-06-06T12:22:53.5396583Z /usr/bin/tar: ../../../../../usr/local/lib/android/sdk/platforms/android-36-ext18/data/res/values-mcc310-mnc310-hy: Cannot utime: Operation not permitted
build	Cache Android SDK	2026-06-06T12:22:53.5397823Z /usr/bin/tar: ../../../../../usr/local/lib/android/sdk/platforms/android-36-ext18/data/res/values-mcc310-mnc310-hy: Cannot change mode to rwxr-xr-x: Operation not permitted
build	Cache Android SDK	2026-06-06T12:22:53.5399741Z /usr/bin/tar: ../../../../../usr/local/lib/android/sdk/platforms/android-36-ext18/data/res/values-mcc310-mnc250-ur: Cannot utime: Operation not permitted
build	Cache Android SDK	2026-06-06T12:22:53.5400699Z /usr/bin/tar: ../../../../../usr/local/lib/android/sdk/platforms/android-36-ext18/data/res/values-mcc310-mnc250-ur: Cannot change mode to rwxr-xr-x: Operation not permitted
build	Cache Android SDK	2026-06-06T12:22:53.5403246Z /usr/bin/tar: ../../../../../usr/local/lib/android/sdk/platforms/android-36-ext18/data/res/values-mcc310-mnc490-si: Cannot utime: Operation not permitted
build	Cache Android SDK	2026-06-06T12:22:53.5404293Z /usr/bin/tar: ../../../../../usr/local/lib/android/sdk/platforms/android-36-ext18/data/res/values-mcc310-mnc490-si: Cannot change mode to rwxr-xr-x: Operation not permitted
build	Cache Android SDK	2026-06-06T12:22:53.5406424Z /usr/bin/tar: ../../../../../usr/local/lib/android/sdk/platforms/android-36-ext18/data/res/drawable-w216dp: Cannot utime: Operation not permitted
build	Cache Android SDK	2026-06-06T12:22:53.5407639Z /usr/bin/tar: ../../../../../usr/local/lib/android/sdk/platforms/android-36-ext18/data/res/drawable-w216dp: Cannot change mode to rwxr-xr-x: Operation not permitted
build	Cache Android SDK	2026-06-06T12:22:53.5410094Z /usr/bin/tar: ../../../../../usr/local/lib/android/sdk/platforms/android-36-ext18/data/res/values-mcc313-mnc100-am: Cannot utime: Operation not permitted
build	Cache Android SDK	2026-06-06T12:22:53.5411191Z /usr/bin/tar: ../../../../../usr/local/lib/android/sdk/platforms/android-36-ext18/data/res/values-mcc313-mnc100-am: Cannot change mode to rwxr-xr-x: Operation not permitted
build	Cache Android SDK	2026-06-06T12:22:53.5413100Z /usr/bin/tar: ../../../../../usr/local/lib/android/sdk/platforms/android-36-ext18/data/res/values-mcc310-mnc660-gu: Cannot utime: Operation not permitted
build	Cache Android SDK	2026-06-06T12:22:53.5416665Z /usr/bin/tar: ../../../../../usr/local/lib/android/sdk/platforms/android-36-ext18/data/res/values-mcc310-mnc660-gu: Cannot change mode to rwxr-xr-x: Operation not permitted
build	Cache Android SDK	2026-06-06T12:22:53.5418075Z /usr/bin/tar: ../../../../../usr/local/lib/android/sdk/platforms/android-36-ext18/data/res/values-mcc310-mnc410-fr-rCA: Cannot utime: Operation not permitted
build	Cache Android SDK	2026-06-06T12:22:53.5419698Z /usr/bin/tar: ../../../../../usr/local/lib/android/sdk/platforms/android-36-ext18/data/res/values-mcc310-mnc410-fr-rCA: Cannot change mode to rwxr-xr-x: Operation not permitted
build	Cache Android SDK	2026-06-06T12:22:53.5420705Z /usr/bin/tar: ../../../../../usr/local/lib/android/sdk/platforms/android-36-ext18/data/res/values-mcc310-mnc220-te: Cannot utime: Operation not permitted
build	Cache Android SDK	2026-06-06T12:22:53.5422097Z /usr/bin/tar: ../../../../../usr/local/lib/android/sdk/platforms/android-36-ext18/data/res/values-mcc310-mnc220-te: Cannot change mode to rwxr-xr-x: Operation not permitted
build	Cache Android SDK	2026-06-06T12:22:53.5423346Z /usr/bin/tar: ../../../../../usr/local/lib/android/sdk/platforms/android-36-ext18/data/res/values-af-watch: Cannot utime: Operation not permitted
build	Cache Android SDK	2026-06-06T12:22:53.5424248Z /usr/bin/tar: ../../../../../usr/local/lib/android/sdk/platforms/android-36-ext18/data/res/values-af-watch: Cannot change mode to rwxr-xr-x: Operation not permitted
build	Cache Android SDK	2026-06-06T12:22:53.5426237Z /usr/bin/tar: ../../../../../usr/local/lib/android/sdk/platforms/android-36-ext18/data/res/values-mcc310-mnc410-el: Cannot utime: Operation not permitted
build	Cache Android SDK	2026-06-06T12:22:53.5427194Z /usr/bin/tar: ../../../../../usr/local/lib/android/sdk/platforms/android-36-ext18/data/res/values-mcc310-mnc410-el: Cannot change mode to rwxr-xr-x: Operation not permitted
build	Cache Android SDK	2026-06-06T12:22:53.5430222Z /usr/bin/tar: ../../../../../usr/local/lib/android/sdk/platforms/android-36-ext18/data/res/values-mcc310-mnc250-en-rAU: Cannot utime: Operation not permitted
build	Cache Android SDK	2026-06-06T12:22:53.5431415Z /usr/bin/tar: ../../../../../usr/local/lib/android/sdk/platforms/android-36-ext18/data/res/values-mcc310-mnc250-en-rAU: Cannot change mode to rwxr-xr-x: Operation not permitted
build	Cache Android SDK	2026-06-06T12:22:53.5433053Z /usr/bin/tar: ../../../../../usr/local/lib/android/sdk/platforms/android-36-ext18/data/res/values-mcc312-mnc670-mr: Cannot utime: Operation not permitted
build	Cache Android SDK	2026-06-06T12:22:53.5434023Z /usr/bin/tar: ../../../../../usr/local/lib/android/sdk/platforms/android-36-ext18/data/res/values-mcc312-mnc670-mr: Cannot change mode to rwxr-xr-x: Operation not permitted
build	Cache Android SDK	2026-06-06T12:22:53.5436499Z /usr/bin/tar: ../../../../../usr/local/lib/android/sdk/platforms/android-36-ext18/data/res/values-mcc310-mnc660-sk: Cannot utime: Operation not permitted
build	Cache Android SDK	2026-06-06T12:22:53.5437839Z /usr/bin/tar: ../../../../../usr/local/lib/android/sdk/platforms/android-36-ext18/data/res/values-mcc310-mnc660-sk: Cannot change mode to rwxr-xr-x: Operation not permitted
build	Cache Android SDK	2026-06-06T12:22:53.5439650Z /usr/bin/tar: ../../../../../usr/local/lib/android/sdk/platforms/android-36-ext18/data/res/values-mcc310-mnc800-pt-rBR: Cannot utime: Operation not permitted
build	Cache Android SDK	2026-06-06T12:22:53.5440677Z /usr/bin/tar: ../../../../../usr/local/lib/android/sdk/platforms/android-36-ext18/data/res/values-mcc310-mnc800-pt-rBR: Cannot change mode to rwxr-xr-x: Operation not permitted
build	Cache Android SDK	2026-06-06T12:22:53.5443019Z /usr/bin/tar: ../../../../../usr/local/lib/android/sdk/platforms/android-36-ext18/data/res/values-mcc310-mnc410-uz: Cannot utime: Operation not permitted
build	Cache Android SDK	2026-06-06T12:22:53.5444082Z /usr/bin/tar: ../../../../../usr/local/lib/android/sdk/platforms/android-36-ext18/data/res/values-mcc310-mnc410-uz: Cannot change mode to rwxr-xr-x: Operation not permitted
build	Cache Android SDK	2026-06-06T12:22:53.5445848Z /usr/bin/tar: ../../../../../usr/local/lib/android/sdk/platforms/android-36-ext18/data/res/values-mcc310-mnc230-ms: Cannot utime: Operation not permitted
build	Cache Android SDK	2026-06-06T12:22:53.5447031Z /usr/bin/tar: ../../../../../usr/local/lib/android/sdk/platforms/android-36-ext18/data/res/values-mcc310-mnc230-ms: Cannot change mode to rwxr-xr-x: Operation not permitted
build	Cache Android SDK	2026-06-06T12:22:53.5448903Z /usr/bin/tar: ../../../../../usr/local/lib/android/sdk/platforms/android-36-ext18/data/res/values-mcc302-mnc720-vi: Cannot utime: Operation not permitted
build	Cache Android SDK	2026-06-06T12:22:53.5449844Z /usr/bin/tar: ../../../../../usr/local/lib/android/sdk/platforms/android-36-ext18/data/res/values-mcc302-mnc720-vi: Cannot change mode to rwxr-xr-x: Operation not permitted
build	Cache Android SDK	2026-06-06T12:22:53.5452122Z /usr/bin/tar: ../../../../../usr/local/lib/android/sdk/platforms/android-36-ext18/data/res/values-tr-rTR: Cannot utime: Operation not permitted
build	Cache Android SDK	2026-06-06T12:22:53.5453092Z /usr/bin/tar: ../../../../../usr/local/lib/android/sdk/platforms/android-36-ext18/data/res/values-tr-rTR: Cannot change mode to rwxr-xr-x: Operation not permitted
build	Cache Android SDK	2026-06-06T12:22:53.5465136Z /usr/bin/tar: ../../../../../usr/local/lib/android/sdk/platforms/android-36-ext18/data/res/values-en-rXC: Cannot utime: Operation not permitted
build	Cache Android SDK	2026-06-06T12:22:53.5466335Z /usr/bin/tar: ../../../../../usr/local/lib/android/sdk/platforms/android-36-ext18/data/res/values-en-rXC: Cannot change mode to rwxr-xr-x: Operation not permitted
build	Cache Android SDK	2026-06-06T12:22:53.5468206Z /usr/bin/tar: ../../../../../usr/local/lib/android/sdk/platforms/android-36-ext18/data/res/values-mcc310-mnc560-pt-rPT: Cannot utime: Operation not permitted
build	Cache Android SDK	2026-06-06T12:22:53.5469959Z /usr/bin/tar: ../../../../../usr/local/lib/android/sdk/platforms/android-36-ext18/data/res/values-mcc310-mnc560-pt-rPT: Cannot change mode to rwxr-xr-x: Operation not permitted
build	Cache Android SDK	2026-06-06T12:22:53.5473272Z /usr/bin/tar: ../../../../../usr/local/lib/android/sdk/platforms/android-36-ext18/data/res/values-mcc310-mnc490-es: Cannot utime: Operation not permitted
build	Cache Android SDK	2026-06-06T12:22:53.5474310Z /usr/bin/tar: ../../../../../usr/local/lib/android/sdk/platforms/android-36-ext18/data/res/values-mcc310-mnc490-es: Cannot change mode to rwxr-xr-x: Operation not permitted
build	Cache Android SDK	2026-06-06T12:22:53.5476570Z /usr/bin/tar: ../../../../../usr/local/lib/android/sdk/platforms/android-36-ext18/data/res/values-mcc310-mnc310-th: Cannot utime: Operation not permitted
build	Cache Android SDK	2026-06-06T12:22:53.5477813Z /usr/bin/tar: ../../../../../usr/local/lib/android/sdk/platforms/android-36-ext18/data/res/values-mcc310-mnc310-th: Cannot change mode to rwxr-xr-x: Operation not permitted
build	Cache Android SDK	2026-06-06T12:22:53.5479284Z /usr/bin/tar: ../../../../../usr/local/lib/android/sdk/platforms/android-36-ext18/data/res/values-mcc310-mnc030-fa: Cannot utime: Operation not permitted
build	Cache Android SDK	2026-06-06T12:22:53.5480256Z /usr/bin/tar: ../../../../../usr/local/lib/android/sdk/platforms/android-36-ext18/data/res/values-mcc310-mnc030-fa: Cannot change mode to rwxr-xr-x: Operation not permitted
build	Cache Android SDK	2026-06-06T12:22:53.5484373Z /usr/bin/tar: ../../../../../usr/local/lib/android/sdk/platforms/android-36-ext18/data/res/values-mcc001-mnc01-be: Cannot utime: Operation not permitted
build	Cache Android SDK	2026-06-06T12:22:53.5485448Z /usr/bin/tar: ../../../../../usr/local/lib/android/sdk/platforms/android-36-ext18/data/res/values-mcc001-mnc01-be: Cannot change mode to rwxr-xr-x: Operation not permitted
build	Cache Android SDK	2026-06-06T12:22:53.5487635Z /usr/bin/tar: ../../../../../usr/local/lib/android/sdk/platforms/android-36-ext18/data/res/values-mcc310-mnc210-el: Cannot utime: Operation not permitted
build	Cache Android SDK	2026-06-06T12:22:53.5488612Z /usr/bin/tar: ../../../../../usr/local/lib/android/sdk/platforms/android-36-ext18/data/res/values-mcc310-mnc210-el: Cannot change mode to rwxr-xr-x: Operation not permitted
build	Cache Android SDK	2026-06-06T12:22:53.5490317Z /usr/bin/tar: ../../../../../usr/local/lib/android/sdk/platforms/android-36-ext18/data/res/values-mcc310-mnc200-ja: Cannot utime: Operation not permitted
build	Cache Android SDK	2026-06-06T12:22:53.5491277Z /usr/bin/tar: ../../../../../usr/local/lib/android/sdk/platforms/android-36-ext18/data/res/values-mcc310-mnc200-ja: Cannot change mode to rwxr-xr-x: Operation not permitted
build	Cache Android SDK	2026-06-06T12:22:53.5497837Z /usr/bin/tar: ../../../../../usr/local/lib/android/sdk/platforms/android-36-ext18/data/res/values-eu: Cannot utime: Operation not permitted
build	Cache Android SDK	2026-06-06T12:22:53.5498851Z /usr/bin/tar: ../../../../../usr/local/lib/android/sdk/platforms/android-36-ext18/data/res/values-eu: Cannot change mode to rwxr-xr-x: Operation not permitted
build	Cache Android SDK	2026-06-06T12:22:53.5500322Z /usr/bin/tar: ../../../../../usr/local/lib/android/sdk/platforms/android-36-ext18/data/res/values-mcc310-mnc160-ms: Cannot utime: Operation not permitted
build	Cache Android SDK	2026-06-06T12:22:53.5501300Z /usr/bin/tar: ../../../../../usr/local/lib/android/sdk/platforms/android-36-ext18/data/res/values-mcc310-mnc160-ms: Cannot change mode to rwxr-xr-x: Operation not permitted
build	Cache Android SDK	2026-06-06T12:22:53.5503469Z /usr/bin/tar: ../../../../../usr/local/lib/android/sdk/platforms/android-36-ext18/data/res/values-mcc310-mnc240-az: Cannot utime: Operation not permitted
build	Cache Android SDK	2026-06-06T12:22:53.5504450Z /usr/bin/tar: ../../../../../usr/local/lib/android/sdk/platforms/android-36-ext18/data/res/values-mcc310-mnc240-az: Cannot change mode to rwxr-xr-x: Operation not permitted
build	Cache Android SDK	2026-06-06T12:22:53.5506357Z /usr/bin/tar: ../../../../../usr/local/lib/android/sdk/platforms/android-36-ext18/data/res/values-mcc310-mnc220-kk: Cannot utime: Operation not permitted
build	Cache Android SDK	2026-06-06T12:22:53.5507329Z /usr/bin/tar: ../../../../../usr/local/lib/android/sdk/platforms/android-36-ext18/data/res/values-mcc310-mnc220-kk: Cannot change mode to rwxr-xr-x: Operation not permitted
build	Cache Android SDK	2026-06-06T12:22:53.5510059Z /usr/bin/tar: ../../../../../usr/local/lib/android/sdk/platforms/android-36-ext18/data/res/values-mcc310-mnc200-ru: Cannot utime: Operation not permitted
build	Cache Android SDK	2026-06-06T12:22:53.5511009Z /usr/bin/tar: ../../../../../usr/local/lib/android/sdk/platforms/android-36-ext18/data/res/values-mcc310-mnc200-ru: Cannot change mode to rwxr-xr-x: Operation not permitted
build	Cache Android SDK	2026-06-06T12:22:53.5513743Z /usr/bin/tar: ../../../../../usr/local/lib/android/sdk/platforms/android-36-ext18/data/res/values-mcc001-mnc01-da: Cannot utime: Operation not permitted
build	Cache Android SDK	2026-06-06T12:22:53.5514694Z /usr/bin/tar: ../../../../../usr/local/lib/android/sdk/platforms/android-36-ext18/data/res/values-mcc001-mnc01-da: Cannot change mode to rwxr-xr-x: Operation not permitted
build	Cache Android SDK	2026-06-06T12:22:53.5518938Z /usr/bin/tar: ../../../../../usr/local/lib/android/sdk/platforms/android-36-ext18/data/res/values-mcc310-mnc160-it: Cannot utime: Operation not permitted
build	Cache Android SDK	2026-06-06T12:22:53.5519905Z /usr/bin/tar: ../../../../../usr/local/lib/android/sdk/platforms/android-36-ext18/data/res/values-mcc310-mnc160-it: Cannot change mode to rwxr-xr-x: Operation not permitted
build	Cache Android SDK	2026-06-06T12:22:53.5522296Z /usr/bin/tar: ../../../../../usr/local/lib/android/sdk/platforms/android-36-ext18/data/res/values-mcc310-mnc200-sq: Cannot utime: Operation not permitted
build	Cache Android SDK	2026-06-06T12:22:53.5523744Z /usr/bin/tar: ../../../../../usr/local/lib/android/sdk/platforms/android-36-ext18/data/res/values-mcc310-mnc200-sq: Cannot change mode to rwxr-xr-x: Operation not permitted
build	Cache Android SDK	2026-06-06T12:22:53.5525517Z /usr/bin/tar: ../../../../../usr/local/lib/android/sdk/platforms/android-36-ext18/data/res/values-mcc302-mnc370-b+sr+Latn: Cannot utime: Operation not permitted
build	Cache Android SDK	2026-06-06T12:22:53.5526613Z /usr/bin/tar: ../../../../../usr/local/lib/android/sdk/platforms/android-36-ext18/data/res/values-mcc302-mnc370-b+sr+Latn: Cannot change mode to rwxr-xr-x: Operation not permitted
build	Cache Android SDK	2026-06-06T12:22:53.5528812Z /usr/bin/tar: ../../../../../usr/local/lib/android/sdk/platforms/android-36-ext18/data/res/values-mcc302-mnc720-am: Cannot utime: Operation not permitted
build	Cache Android SDK	2026-06-06T12:22:53.5529771Z /usr/bin/tar: ../../../../../usr/local/lib/android/sdk/platforms/android-36-ext18/data/res/values-mcc302-mnc720-am: Cannot change mode to rwxr-xr-x: Operation not permitted
build	Cache Android SDK	2026-06-06T12:22:53.5532071Z /usr/bin/tar: ../../../../../usr/local/lib/android/sdk/platforms/android-36-ext18/data/res/values-mcc310-mnc210-ru: Cannot utime: Operation not permitted
build	Cache Android SDK	2026-06-06T12:22:53.5533052Z /usr/bin/tar: ../../../../../usr/local/lib/android/sdk/platforms/android-36-ext18/data/res/values-mcc310-mnc210-ru: Cannot change mode to rwxr-xr-x: Operation not permitted
build	Cache Android SDK	2026-06-06T12:22:53.5535313Z /usr/bin/tar: ../../../../../usr/local/lib/android/sdk/platforms/android-36-ext18/data/res/values-mcc311-mnc180-sv: Cannot utime: Operation not permitted
build	Cache Android SDK	2026-06-06T12:22:53.5536304Z /usr/bin/tar: ../../../../../usr/local/lib/android/sdk/platforms/android-36-ext18/data/res/values-mcc311-mnc180-sv: Cannot change mode to rwxr-xr-x: Operation not permitted
build	Cache Android SDK	2026-06-06T12:22:53.5539846Z /usr/bin/tar: ../../../../../usr/local/lib/android/sdk/platforms/android-36-ext18/data/res/values-mcc312-mnc670-pt-rBR: Cannot utime: Operation not permitted
build	Cache Android SDK	2026-06-06T12:22:53.5541478Z /usr/bin/tar: ../../../../../usr/local/lib/android/sdk/platforms/android-36-ext18/data/res/values-mcc312-mnc670-pt-rBR: Cannot change mode to rwxr-xr-x: Operation not permitted
build	Cache Android SDK	2026-06-06T12:22:53.5543317Z /usr/bin/tar: ../../../../../usr/local/lib/android/sdk/platforms/android-36-ext18/data/res/values-mcc313-mnc100-km: Cannot utime: Operation not permitted
build	Cache Android SDK	2026-06-06T12:22:53.5544278Z /usr/bin/tar: ../../../../../usr/local/lib/android/sdk/platforms/android-36-ext18/data/res/values-mcc313-mnc100-km: Cannot change mode to rwxr-xr-x: Operation not permitted
build	Cache Android SDK	2026-06-06T12:22:53.5546679Z /usr/bin/tar: ../../../../../usr/local/lib/android/sdk/platforms/android-36-ext18/data/res/values-mcc310-mnc170-ur: Cannot utime: Operation not permitted
build	Cache Android SDK	2026-06-06T12:22:53.5547793Z /usr/bin/tar: ../../../../../usr/local/lib/android/sdk/platforms/android-36-ext18/data/res/values-mcc310-mnc170-ur: Cannot change mode to rwxr-xr-x: Operation not permitted
build	Cache Android SDK	2026-06-06T12:22:53.5549891Z /usr/bin/tar: ../../../../../usr/local/lib/android/sdk/platforms/android-36-ext18/data/res/values-mcc310-mnc380-bn: Cannot utime: Operation not permitted
build	Cache Android SDK	2026-06-06T12:22:53.5550838Z /usr/bin/tar: ../../../../../usr/local/lib/android/sdk/platforms/android-36-ext18/data/res/values-mcc310-mnc380-bn: Cannot change mode to rwxr-xr-x: Operation not permitted
build	Cache Android SDK	2026-06-06T12:22:53.5553295Z /usr/bin/tar: ../../../../../usr/local/lib/android/sdk/platforms/android-36-ext18/data/res/values-mcc310-mnc160-pt-rBR: Cannot utime: Operation not permitted
build	Cache Android SDK	2026-06-06T12:22:53.5554294Z /usr/bin/tar: ../../../../../usr/local/lib/android/sdk/platforms/android-36-ext18/data/res/values-mcc310-mnc160-pt-rBR: Cannot change mode to rwxr-xr-x: Operation not permitted
build	Cache Android SDK	2026-06-06T12:22:53.5556281Z /usr/bin/tar: ../../../../../usr/local/lib/android/sdk/platforms/android-36-ext18/data/res/values-mcc313-mnc100-ka: Cannot utime: Operation not permitted
build	Cache Android SDK	2026-06-06T12:22:53.5557235Z /usr/bin/tar: ../../../../../usr/local/lib/android/sdk/platforms/android-36-ext18/data/res/values-mcc313-mnc100-ka: Cannot change mode to rwxr-xr-x: Operation not permitted
build	Cache Android SDK	2026-06-06T12:22:53.5559290Z /usr/bin/tar: ../../../../../usr/local/lib/android/sdk/platforms/android-36-ext18/data/res/values-mcc001-mnc01-ar: Cannot utime: Operation not permitted
build	Cache Android SDK	2026-06-06T12:22:53.5560341Z /usr/bin/tar: ../../../../../usr/local/lib/android/sdk/platforms/android-36-ext18/data/res/values-mcc001-mnc01-ar: Cannot change mode to rwxr-xr-x: Operation not permitted
build	Cache Android SDK	2026-06-06T12:22:53.5562464Z /usr/bin/tar: ../../../../../usr/local/lib/android/sdk/platforms/android-36-ext18/data/res/values-mcc312-mnc670-da: Cannot utime: Operation not permitted
build	Cache Android SDK	2026-06-06T12:22:53.5563411Z /usr/bin/tar: ../../../../../usr/local/lib/android/sdk/platforms/android-36-ext18/data/res/values-mcc312-mnc670-da: Cannot change mode to rwxr-xr-x: Operation not permitted
build	Cache Android SDK	2026-06-06T12:22:53.5565526Z /usr/bin/tar: ../../../../../usr/local/lib/android/sdk/platforms/android-36-ext18/data/res/values-mcc001-mnc01-is: Cannot utime: Operation not permitted
build	Cache Android SDK	2026-06-06T12:22:53.5566489Z /usr/bin/tar: ../../../../../usr/local/lib/android/sdk/platforms/android-36-ext18/data/res/values-mcc001-mnc01-is: Cannot change mode to rwxr-xr-x: Operation not permitted
build	Cache Android SDK	2026-06-06T12:22:53.5569378Z /usr/bin/tar: ../../../../../usr/local/lib/android/sdk/platforms/android-36-ext18/data/res/values-mcc310-mnc280-mn: Cannot utime: Operation not permitted
build	Cache Android SDK	2026-06-06T12:22:53.5570413Z /usr/bin/tar: ../../../../../usr/local/lib/android/sdk/platforms/android-36-ext18/data/res/values-mcc310-mnc280-mn: Cannot change mode to rwxr-xr-x: Operation not permitted
build	Cache Android SDK	2026-06-06T12:22:53.5572455Z /usr/bin/tar: ../../../../../usr/local/lib/android/sdk/platforms/android-36-ext18/data/res/values-mcc311-mnc180-es: Cannot utime: Operation not permitted
build	Cache Android SDK	2026-06-06T12:22:53.5573415Z /usr/bin/tar: ../../../../../usr/local/lib/android/sdk/platforms/android-36-ext18/data/res/values-mcc311-mnc180-es: Cannot change mode to rwxr-xr-x: Operation not permitted
build	Cache Android SDK	2026-06-06T12:22:53.5575531Z /usr/bin/tar: ../../../../../usr/local/lib/android/sdk/platforms/android-36-ext18/data/res/values-mcc310-mnc270-uz: Cannot utime: Operation not permitted
build	Cache Android SDK	2026-06-06T12:22:53.5576477Z /usr/bin/tar: ../../../../../usr/local/lib/android/sdk/platforms/android-36-ext18/data/res/values-mcc310-mnc270-uz: Cannot change mode to rwxr-xr-x: Operation not permitted
build	Cache Android SDK	2026-06-06T12:22:53.5579051Z /usr/bin/tar: ../../../../../usr/local/lib/android/sdk/platforms/android-36-ext18/data/res/values-mcc310-mnc220-fr-rCA: Cannot utime: Operation not permitted
build	Cache Android SDK	2026-06-06T12:22:53.5580031Z /usr/bin/tar: ../../../../../usr/local/lib/android/sdk/platforms/android-36-ext18/data/res/values-mcc310-mnc220-fr-rCA: Cannot change mode to rwxr-xr-x: Operation not permitted
build	Cache Android SDK	2026-06-06T12:22:53.5582170Z /usr/bin/tar: ../../../../../usr/local/lib/android/sdk/platforms/android-36-ext18/data/res/values-mcc001-mnc01-af: Cannot utime: Operation not permitted
build	Cache Android SDK	2026-06-06T12:22:53.5583262Z /usr/bin/tar: ../../../../../usr/local/lib/android/sdk/platforms/android-36-ext18/data/res/values-mcc001-mnc01-af: Cannot change mode to rwxr-xr-x: Operation not permitted
build	Cache Android SDK	2026-06-06T12:22:53.5585253Z /usr/bin/tar: ../../../../../usr/local/lib/android/sdk/platforms/android-36-ext18/data/res/values-mcc310-mnc280-fi: Cannot utime: Operation not permitted
build	Cache Android SDK	2026-06-06T12:22:53.5586239Z /usr/bin/tar: ../../../../../usr/local/lib/android/sdk/platforms/android-36-ext18/data/res/values-mcc310-mnc280-fi: Cannot change mode to rwxr-xr-x: Operation not permitted
build	Cache Android SDK	2026-06-06T12:22:53.5588879Z /usr/bin/tar: ../../../../../usr/local/lib/android/sdk/platforms/android-36-ext18/data/res/values-fr-rFR: Cannot utime: Operation not permitted
build	Cache Android SDK	2026-06-06T12:22:53.5590094Z /usr/bin/tar: ../../../../../usr/local/lib/android/sdk/platforms/android-36-ext18/data/res/values-fr-rFR: Cannot change mode to rwxr-xr-x: Operation not permitted
build	Cache Android SDK	2026-06-06T12:22:53.5591414Z /usr/bin/tar: ../../../../../usr/local/lib/android/sdk/platforms/android-36-ext18/data/res/values-mcc310-mnc380-sw: Cannot utime: Operation not permitted
build	Cache Android SDK	2026-06-06T12:22:53.5592430Z /usr/bin/tar: ../../../../../usr/local/lib/android/sdk/platforms/android-36-ext18/data/res/values-mcc310-mnc380-sw: Cannot change mode to rwxr-xr-x: Operation not permitted
build	Cache Android SDK	2026-06-06T12:22:53.5593941Z /usr/bin/tar: ../../../../../usr/local/lib/android/sdk/platforms/android-36-ext18/data/res/values-mcc310-mnc270-de: Cannot utime: Operation not permitted
build	Cache Android SDK	2026-06-06T12:22:53.5595011Z /usr/bin/tar: ../../../../../usr/local/lib/android/sdk/platforms/android-36-ext18/data/res/values-mcc310-mnc270-de: Cannot change mode to rwxr-xr-x: Operation not permitted
build	Cache Android SDK	2026-06-06T12:22:53.5596838Z /usr/bin/tar: ../../../../../usr/local/lib/android/sdk/platforms/android-36-ext18/data/res/values-mcc310-mnc030-ta: Cannot utime: Operation not permitted
build	Cache Android SDK	2026-06-06T12:22:53.5598040Z /usr/bin/tar: ../../../../../usr/local/lib/android/sdk/platforms/android-36-ext18/data/res/values-mcc310-mnc030-ta: Cannot change mode to rwxr-xr-x: Operation not permitted
build	Cache Android SDK	2026-06-06T12:22:53.5599528Z /usr/bin/tar: ../../../../../usr/local/lib/android/sdk/platforms/android-36-ext18/data/res/values-mcc310-mnc800-si: Cannot utime: Operation not permitted
build	Cache Android SDK	2026-06-06T12:22:53.5600472Z /usr/bin/tar: ../../../../../usr/local/lib/android/sdk/platforms/android-36-ext18/data/res/values-mcc310-mnc800-si: Cannot change mode to rwxr-xr-x: Operation not permitted
build	Cache Android SDK	2026-06-06T12:22:53.5602655Z /usr/bin/tar: ../../../../../usr/local/lib/android/sdk/platforms/android-36-ext18/data/res/values-mcc310-mnc660-zu: Cannot utime: Operation not permitted
build	Cache Android SDK	2026-06-06T12:22:53.5603619Z /usr/bin/tar: ../../../../../usr/local/lib/android/sdk/platforms/android-36-ext18/data/res/values-mcc310-mnc660-zu: Cannot change mode to rwxr-xr-x: Operation not permitted
build	Cache Android SDK	2026-06-06T12:22:53.5605860Z /usr/bin/tar: ../../../../../usr/local/lib/android/sdk/platforms/android-36-ext18/data/res/values-mcc310-mnc310-es-rUS: Cannot utime: Operation not permitted
build	Cache Android SDK	2026-06-06T12:22:53.5606932Z /usr/bin/tar: ../../../../../usr/local/lib/android/sdk/platforms/android-36-ext18/data/res/values-mcc310-mnc310-es-rUS: Cannot change mode to rwxr-xr-x: Operation not permitted
build	Cache Android SDK	2026-06-06T12:22:53.5608601Z /usr/bin/tar: ../../../../../usr/local/lib/android/sdk/platforms/android-36-ext18/data/res/values-mcc311-mnc180-ky: Cannot utime: Operation not permitted
build	Cache Android SDK	2026-06-06T12:22:53.5609569Z /usr/bin/tar: ../../../../../usr/local/lib/android/sdk/platforms/android-36-ext18/data/res/values-mcc311-mnc180-ky: Cannot change mode to rwxr-xr-x: Operation not permitted
build	Cache Android SDK	2026-06-06T12:22:53.5611747Z /usr/bin/tar: ../../../../../usr/local/lib/android/sdk/platforms/android-36-ext18/data/res/values-mcc310-mnc490-fi: Cannot utime: Operation not permitted
build	Cache Android SDK	2026-06-06T12:22:53.5612712Z /usr/bin/tar: ../../../../../usr/local/lib/android/sdk/platforms/android-36-ext18/data/res/values-mcc310-mnc490-fi: Cannot change mode to rwxr-xr-x: Operation not permitted
build	Cache Android SDK	2026-06-06T12:22:53.5614569Z /usr/bin/tar: ../../../../../usr/local/lib/android/sdk/platforms/android-36-ext18/data/res/values-mcc310-mnc310-hi: Cannot utime: Operation not permitted
build	Cache Android SDK	2026-06-06T12:22:53.5615512Z /usr/bin/tar: ../../../../../usr/local/lib/android/sdk/platforms/android-36-ext18/data/res/values-mcc310-mnc310-hi: Cannot change mode to rwxr-xr-x: Operation not permitted
build	Cache Android SDK	2026-06-06T12:22:53.5617874Z /usr/bin/tar: ../../../../../usr/local/lib/android/sdk/platforms/android-36-ext18/data/res/values-mcc302-mnc720-nl: Cannot utime: Operation not permitted
build	Cache Android SDK	2026-06-06T12:22:53.5618870Z /usr/bin/tar: ../../../../../usr/local/lib/android/sdk/platforms/android-36-ext18/data/res/values-mcc302-mnc720-nl: Cannot change mode to rwxr-xr-x: Operation not permitted
build	Cache Android SDK	2026-06-06T12:22:53.5621037Z /usr/bin/tar: ../../../../../usr/local/lib/android/sdk/platforms/android-36-ext18/data/res/values-mcc310-mnc170-lo: Cannot utime: Operation not permitted
build	Cache Android SDK	2026-06-06T12:22:53.5621986Z /usr/bin/tar: ../../../../../usr/local/lib/android/sdk/platforms/android-36-ext18/data/res/values-mcc310-mnc170-lo: Cannot change mode to rwxr-xr-x: Operation not permitted
build	Cache Android SDK	2026-06-06T12:22:53.5624026Z /usr/bin/tar: ../../../../../usr/local/lib/android/sdk/platforms/android-36-ext18/data/res/values-mcc310-mnc380-fi: Cannot utime: Operation not permitted
build	Cache Android SDK	2026-06-06T12:22:53.5625231Z /usr/bin/tar: ../../../../../usr/local/lib/android/sdk/platforms/android-36-ext18/data/res/values-mcc310-mnc380-fi: Cannot change mode to rwxr-xr-x: Operation not permitted
build	Cache Android SDK	2026-06-06T12:22:53.5626978Z /usr/bin/tar: ../../../../../usr/local/lib/android/sdk/platforms/android-36-ext18/data/res/values-mcc310-mnc150-kn: Cannot utime: Operation not permitted
build	Cache Android SDK	2026-06-06T12:22:53.5628301Z /usr/bin/tar: ../../../../../usr/local/lib/android/sdk/platforms/android-36-ext18/data/res/values-mcc310-mnc150-kn: Cannot change mode to rwxr-xr-x: Operation not permitted
build	Cache Android SDK	2026-06-06T12:22:53.5629976Z /usr/bin/tar: ../../../../../usr/local/lib/android/sdk/platforms/android-36-ext18/data/res/values-mcc310-mnc170: Cannot utime: Operation not permitted
build	Cache Android SDK	2026-06-06T12:22:53.5631165Z /usr/bin/tar: ../../../../../usr/local/lib/android/sdk/platforms/android-36-ext18/data/res/values-mcc310-mnc170: Cannot change mode to rwxr-xr-x: Operation not permitted
build	Cache Android SDK	2026-06-06T12:22:53.5632900Z /usr/bin/tar: ../../../../../usr/local/lib/android/sdk/platforms/android-36-ext18/data/res/values-mcc310-mnc150-hy: Cannot utime: Operation not permitted
build	Cache Android SDK	2026-06-06T12:22:53.5633859Z /usr/bin/tar: ../../../../../usr/local/lib/android/sdk/platforms/android-36-ext18/data/res/values-mcc310-mnc150-hy: Cannot change mode to rwxr-xr-x: Operation not permitted
build	Cache Android SDK	2026-06-06T12:22:53.5636010Z /usr/bin/tar: ../../../../../usr/local/lib/android/sdk/platforms/android-36-ext18/data/res/values-mcc310-mnc560-en-rAU: Cannot utime: Operation not permitted
build	Cache Android SDK	2026-06-06T12:22:53.5637002Z /usr/bin/tar: ../../../../../usr/local/lib/android/sdk/platforms/android-36-ext18/data/res/values-mcc310-mnc560-en-rAU: Cannot change mode to rwxr-xr-x: Operation not permitted
build	Cache Android SDK	2026-06-06T12:22:53.5639307Z /usr/bin/tar: ../../../../../usr/local/lib/android/sdk/platforms/android-36-ext18/data/res/values-it-neuter: Cannot utime: Operation not permitted
build	Cache Android SDK	2026-06-06T12:22:53.5640229Z /usr/bin/tar: ../../../../../usr/local/lib/android/sdk/platforms/android-36-ext18/data/res/values-it-neuter: Cannot change mode to rwxr-xr-x: Operation not permitted
build	Cache Android SDK	2026-06-06T12:22:53.5642243Z /usr/bin/tar: ../../../../../usr/local/lib/android/sdk/platforms/android-36-ext18/data/res/values-mcc716-mnc17: Cannot utime: Operation not permitted
build	Cache Android SDK	2026-06-06T12:22:53.5643185Z /usr/bin/tar: ../../../../../usr/local/lib/android/sdk/platforms/android-36-ext18/data/res/values-mcc716-mnc17: Cannot change mode to rwxr-xr-x: Operation not permitted
build	Cache Android SDK	2026-06-06T12:22:53.5645609Z /usr/bin/tar: ../../../../../usr/local/lib/android/sdk/platforms/android-36-ext18/data/res/values-mcc310-mnc560-de: Cannot utime: Operation not permitted
build	Cache Android SDK	2026-06-06T12:22:53.5646555Z /usr/bin/tar: ../../../../../usr/local/lib/android/sdk/platforms/android-36-ext18/data/res/values-mcc310-mnc560-de: Cannot change mode to rwxr-xr-x: Operation not permitted
build	Cache Android SDK	2026-06-06T12:22:53.5649203Z /usr/bin/tar: ../../../../../usr/local/lib/android/sdk/platforms/android-36-ext18/data/res/values-mcc334-mnc020-tl: Cannot utime: Operation not permitted
build	Cache Android SDK	2026-06-06T12:22:53.5650155Z /usr/bin/tar: ../../../../../usr/local/lib/android/sdk/platforms/android-36-ext18/data/res/values-mcc334-mnc020-tl: Cannot change mode to rwxr-xr-x: Operation not permitted
build	Cache Android SDK	2026-06-06T12:22:53.5652531Z /usr/bin/tar: ../../../../../usr/local/lib/android/sdk/platforms/android-36-ext18/data/res/values-mcc310-mnc150-ur: Cannot utime: Operation not permitted
build	Cache Android SDK	2026-06-06T12:22:53.5653488Z /usr/bin/tar: ../../../../../usr/local/lib/android/sdk/platforms/android-36-ext18/data/res/values-mcc310-mnc150-ur: Cannot change mode to rwxr-xr-x: Operation not permitted
build	Cache Android SDK	2026-06-06T12:22:53.5655943Z /usr/bin/tar: ../../../../../usr/local/lib/android/sdk/platforms/android-36-ext18/data/res/values-mcc310-mnc250-fr: Cannot utime: Operation not permitted
build	Cache Android SDK	2026-06-06T12:22:53.5656893Z /usr/bin/tar: ../../../../../usr/local/lib/android/sdk/platforms/android-36-ext18/data/res/values-mcc310-mnc250-fr: Cannot change mode to rwxr-xr-x: Operation not permitted
build	Cache Android SDK	2026-06-06T12:22:53.5659446Z /usr/bin/tar: ../../../../../usr/local/lib/android/sdk/platforms/android-36-ext18/data/res/values-mcc310-mnc950-tl: Cannot utime: Operation not permitted
build	Cache Android SDK	2026-06-06T12:22:53.5660474Z /usr/bin/tar: ../../../../../usr/local/lib/android/sdk/platforms/android-36-ext18/data/res/values-mcc310-mnc950-tl: Cannot change mode to rwxr-xr-x: Operation not permitted
build	Cache Android SDK	2026-06-06T12:22:53.5662609Z /usr/bin/tar: ../../../../../usr/local/lib/android/sdk/platforms/android-36-ext18/data/res/values-mcc310-mnc160-fr: Cannot utime: Operation not permitted
build	Cache Android SDK	2026-06-06T12:22:53.5663549Z /usr/bin/tar: ../../../../../usr/local/lib/android/sdk/platforms/android-36-ext18/data/res/values-mcc310-mnc160-fr: Cannot change mode to rwxr-xr-x: Operation not permitted
build	Cache Android SDK	2026-06-06T12:22:53.5665773Z /usr/bin/tar: ../../../../../usr/local/lib/android/sdk/platforms/android-36-ext18/data/res/values-mcc313-mnc100-en-rGB: Cannot utime: Operation not permitted
build	Cache Android SDK	2026-06-06T12:22:53.5666759Z /usr/bin/tar: ../../../../../usr/local/lib/android/sdk/platforms/android-36-ext18/data/res/values-mcc313-mnc100-en-rGB: Cannot change mode to rwxr-xr-x: Operation not permitted
build	Cache Android SDK	2026-06-06T12:22:53.5669079Z /usr/bin/tar: ../../../../../usr/local/lib/android/sdk/platforms/android-36-ext18/data/res/values-mcc310-mnc560-gl: Cannot utime: Operation not permitted
build	Cache Android SDK	2026-06-06T12:22:53.5670118Z /usr/bin/tar: ../../../../../usr/local/lib/android/sdk/platforms/android-36-ext18/data/res/values-mcc310-mnc560-gl: Cannot change mode to rwxr-xr-x: Operation not permitted
build	Cache Android SDK	2026-06-06T12:22:53.5672150Z /usr/bin/tar: ../../../../../usr/local/lib/android/sdk/platforms/android-36-ext18/data/res/values-mcc310-mnc560-lo: Cannot utime: Operation not permitted
build	Cache Android SDK	2026-06-06T12:22:53.5673110Z /usr/bin/tar: ../../../../../usr/local/lib/android/sdk/platforms/android-36-ext18/data/res/values-mcc310-mnc560-lo: Cannot change mode to rwxr-xr-x: Operation not permitted
build	Cache Android SDK	2026-06-06T12:22:53.5675479Z /usr/bin/tar: ../../../../../usr/local/lib/android/sdk/platforms/android-36-ext18/data/res/values-mcc310-mnc160-pl: Cannot utime: Operation not permitted
build	Cache Android SDK	2026-06-06T12:22:53.5676429Z /usr/bin/tar: ../../../../../usr/local/lib/android/sdk/platforms/android-36-ext18/data/res/values-mcc310-mnc160-pl: Cannot change mode to rwxr-xr-x: Operation not permitted
build	Cache Android SDK	2026-06-06T12:22:53.5679048Z /usr/bin/tar: ../../../../../usr/local/lib/android/sdk/platforms/android-36-ext18/data/res/values-mcc310-mnc250-ca: Cannot utime: Operation not permitted
build	Cache Android SDK	2026-06-06T12:22:53.5679996Z /usr/bin/tar: ../../../../../usr/local/lib/android/sdk/platforms/android-36-ext18/data/res/values-mcc310-mnc250-ca: Cannot change mode to rwxr-xr-x: Operation not permitted
build	Cache Android SDK	2026-06-06T12:22:53.5682067Z /usr/bin/tar: ../../../../../usr/local/lib/android/sdk/platforms/android-36-ext18/data/res/values-mcc310-mnc240-pt-rPT: Cannot utime: Operation not permitted
build	Cache Android SDK	2026-06-06T12:22:53.5683051Z /usr/bin/tar: ../../../../../usr/local/lib/android/sdk/platforms/android-36-ext18/data/res/values-mcc310-mnc240-pt-rPT: Cannot change mode to rwxr-xr-x: Operation not permitted
build	Cache Android SDK	2026-06-06T12:22:53.5685451Z /usr/bin/tar: ../../../../../usr/local/lib/android/sdk/platforms/android-36-ext18/data/res/values-mcc310-mnc560-in: Cannot utime: Operation not permitted
build	Cache Android SDK	2026-06-06T12:22:53.5686402Z /usr/bin/tar: ../../../../../usr/local/lib/android/sdk/platforms/android-36-ext18/data/res/values-mcc310-mnc560-in: Cannot change mode to rwxr-xr-x: Operation not permitted
build	Cache Android SDK	2026-06-06T12:22:53.5688500Z /usr/bin/tar: ../../../../../usr/local/lib/android/sdk/platforms/android-36-ext18/data/res/values-mcc425-mnc07: Cannot utime: Operation not permitted
build	Cache Android SDK	2026-06-06T12:22:53.5689533Z /usr/bin/tar: ../../../../../usr/local/lib/android/sdk/platforms/android-36-ext18/data/res/values-mcc425-mnc07: Cannot change mode to rwxr-xr-x: Operation not permitted
build	Cache Android SDK	2026-06-06T12:22:53.5691416Z /usr/bin/tar: ../../../../../usr/local/lib/android/sdk/platforms/android-36-ext18/data/res/values-mcc311-mnc190: Cannot utime: Operation not permitted
build	Cache Android SDK	2026-06-06T12:22:53.5692342Z /usr/bin/tar: ../../../../../usr/local/lib/android/sdk/platforms/android-36-ext18/data/res/values-mcc311-mnc190: Cannot change mode to rwxr-xr-x: Operation not permitted
build	Cache Android SDK	2026-06-06T12:22:53.5694892Z /usr/bin/tar: ../../../../../usr/local/lib/android/sdk/platforms/android-36-ext18/data/res/values-mcc310-mnc030-cs: Cannot utime: Operation not permitted
build	Cache Android SDK	2026-06-06T12:22:53.5695915Z /usr/bin/tar: ../../../../../usr/local/lib/android/sdk/platforms/android-36-ext18/data/res/values-mcc310-mnc030-cs: Cannot change mode to rwxr-xr-x: Operation not permitted
build	Cache Android SDK	2026-06-06T12:22:53.5698144Z /usr/bin/tar: ../../../../../usr/local/lib/android/sdk/platforms/android-36-ext18/data/res/values-mcc310-mnc250-mr: Cannot utime: Operation not permitted
build	Cache Android SDK	2026-06-06T12:22:53.5699103Z /usr/bin/tar: ../../../../../usr/local/lib/android/sdk/platforms/android-36-ext18/data/res/values-mcc310-mnc250-mr: Cannot change mode to rwxr-xr-x: Operation not permitted
build	Cache Android SDK	2026-06-06T12:22:53.5702116Z /usr/bin/tar: ../../../../../usr/local/lib/android/sdk/platforms/android-36-ext18/data/res/values-mcc310-mnc270-pt-rPT: Cannot utime: Operation not permitted
build	Cache Android SDK	2026-06-06T12:22:53.5703109Z /usr/bin/tar: ../../../../../usr/local/lib/android/sdk/platforms/android-36-ext18/data/res/values-mcc310-mnc270-pt-rPT: Cannot change mode to rwxr-xr-x: Operation not permitted
build	Cache Android SDK	2026-06-06T12:22:53.5707910Z /usr/bin/tar: ../../../../../usr/local/lib/android/sdk/platforms/android-36-ext18/data/res/values-fr-television: Cannot utime: Operation not permitted
build	Cache Android SDK	2026-06-06T12:22:53.5708855Z /usr/bin/tar: ../../../../../usr/local/lib/android/sdk/platforms/android-36-ext18/data/res/values-fr-television: Cannot change mode to rwxr-xr-x: Operation not permitted
build	Cache Android SDK	2026-06-06T12:22:53.5711344Z /usr/bin/tar: ../../../../../usr/local/lib/android/sdk/platforms/android-36-ext18/data/res/values-ar-watch: Cannot utime: Operation not permitted
build	Cache Android SDK	2026-06-06T12:22:53.5712239Z /usr/bin/tar: ../../../../../usr/local/lib/android/sdk/platforms/android-36-ext18/data/res/values-ar-watch: Cannot change mode to rwxr-xr-x: Operation not permitted
build	Cache Android SDK	2026-06-06T12:22:53.5714702Z /usr/bin/tar: ../../../../../usr/local/lib/android/sdk/platforms/android-36-ext18/data/res/values-mcc310-mnc030-es-rUS: Cannot utime: Operation not permitted
build	Cache Android SDK	2026-06-06T12:22:53.5715673Z /usr/bin/tar: ../../../../../usr/local/lib/android/sdk/platforms/android-36-ext18/data/res/values-mcc310-mnc030-es-rUS: Cannot change mode to rwxr-xr-x: Operation not permitted
build	Cache Android SDK	2026-06-06T12:22:53.5717857Z /usr/bin/tar: ../../../../../usr/local/lib/android/sdk/platforms/android-36-ext18/data/res/values-mcc310-mnc030-zh-rTW: Cannot utime: Operation not permitted
build	Cache Android SDK	2026-06-06T12:22:53.5718848Z /usr/bin/tar: ../../../../../usr/local/lib/android/sdk/platforms/android-36-ext18/data/res/values-mcc310-mnc030-zh-rTW: Cannot change mode to rwxr-xr-x: Operation not permitted
build	Cache Android SDK	2026-06-06T12:22:53.5721968Z /usr/bin/tar: ../../../../../usr/local/lib/android/sdk/platforms/android-36-ext18/data/res/values-mcc001-mnc01-en-rIN: Cannot utime: Operation not permitted
build	Cache Android SDK	2026-06-06T12:22:53.5723506Z /usr/bin/tar: ../../../../../usr/local/lib/android/sdk/platforms/android-36-ext18/data/res/values-mcc001-mnc01-en-rIN: Cannot change mode to rwxr-xr-x: Operation not permitted
build	Cache Android SDK	2026-06-06T12:22:53.5724826Z /usr/bin/tar: ../../../../../usr/local/lib/android/sdk/platforms/android-36-ext18/data/res/values-mcc310-mnc310-mk: Cannot utime: Operation not permitted
build	Cache Android SDK	2026-06-06T12:22:53.5725830Z /usr/bin/tar: ../../../../../usr/local/lib/android/sdk/platforms/android-36-ext18/data/res/values-mcc310-mnc310-mk: Cannot change mode to rwxr-xr-x: Operation not permitted
build	Cache Android SDK	2026-06-06T12:22:53.5728655Z /usr/bin/tar: ../../../../../usr/local/lib/android/sdk/platforms/android-36-ext18/data/res/values-mcc302-mnc370-hi: Cannot utime: Operation not permitted
build	Cache Android SDK	2026-06-06T12:22:53.5729673Z /usr/bin/tar: ../../../../../usr/local/lib/android/sdk/platforms/android-36-ext18/data/res/values-mcc302-mnc370-hi: Cannot change mode to rwxr-xr-x: Operation not permitted
build	Cache Android SDK	2026-06-06T12:22:53.5732683Z /usr/bin/tar: ../../../../../usr/local/lib/android/sdk/platforms/android-36-ext18/data/res/values-mcc312-mnc670-uz: Cannot utime: Operation not permitted
build	Cache Android SDK	2026-06-06T12:22:53.5734099Z /usr/bin/tar: ../../../../../usr/local/lib/android/sdk/platforms/android-36-ext18/data/res/values-mcc312-mnc670-uz: Cannot change mode to rwxr-xr-x: Operation not permitted
build	Cache Android SDK	2026-06-06T12:22:53.5735646Z /usr/bin/tar: ../../../../../usr/local/lib/android/sdk/platforms/android-36-ext18/data/res/values-mcc311-mnc180-ml: Cannot utime: Operation not permitted
build	Cache Android SDK	2026-06-06T12:22:53.5736712Z /usr/bin/tar: ../../../../../usr/local/lib/android/sdk/platforms/android-36-ext18/data/res/values-mcc311-mnc180-ml: Cannot change mode to rwxr-xr-x: Operation not permitted
build	Cache Android SDK	2026-06-06T12:22:53.5739397Z /usr/bin/tar: ../../../../../usr/local/lib/android/sdk/platforms/android-36-ext18/data/res/values-zh-rCN-watch: Cannot utime: Operation not permitted
build	Cache Android SDK	2026-06-06T12:22:53.5740380Z /usr/bin/tar: ../../../../../usr/local/lib/android/sdk/platforms/android-36-ext18/data/res/values-zh-rCN-watch: Cannot change mode to rwxr-xr-x: Operation not permitted
build	Cache Android SDK	2026-06-06T12:22:53.5743487Z /usr/bin/tar: ../../../../../usr/local/lib/android/sdk/platforms/android-36-ext18/data/res/values-mcc310-mnc170-kk: Cannot utime: Operation not permitted
build	Cache Android SDK	2026-06-06T12:22:53.5744601Z /usr/bin/tar: ../../../../../usr/local/lib/android/sdk/platforms/android-36-ext18/data/res/values-mcc310-mnc170-kk: Cannot change mode to rwxr-xr-x: Operation not permitted
build	Cache Android SDK	2026-06-06T12:22:53.5746505Z /usr/bin/tar: ../../../../../usr/local/lib/android/sdk/platforms/android-36-ext18/data/res/values-mcc310-mnc660-fi: Cannot utime: Operation not permitted
build	Cache Android SDK	2026-06-06T12:22:53.5748039Z /usr/bin/tar: ../../../../../usr/local/lib/android/sdk/platforms/android-36-ext18/data/res/values-mcc310-mnc660-fi: Cannot change mode to rwxr-xr-x: Operation not permitted
build	Cache Android SDK	2026-06-06T12:22:53.5749691Z /usr/bin/tar: ../../../../../usr/local/lib/android/sdk/platforms/android-36-ext18/data/res/values-mcc310-mnc240-mk: Cannot utime: Operation not permitted
build	Cache Android SDK	2026-06-06T12:22:53.5750660Z /usr/bin/tar: ../../../../../usr/local/lib/android/sdk/platforms/android-36-ext18/data/res/values-mcc310-mnc240-mk: Cannot change mode to rwxr-xr-x: Operation not permitted
build	Cache Android SDK	2026-06-06T12:22:53.5753616Z /usr/bin/tar: ../../../../../usr/local/lib/android/sdk/platforms/android-36-ext18/data/res/values-tl-television: Cannot utime: Operation not permitted
build	Cache Android SDK	2026-06-06T12:22:53.5755329Z /usr/bin/tar: ../../../../../usr/local/lib/android/sdk/platforms/android-36-ext18/data/res/values-tl-television: Cannot change mode to rwxr-xr-x: Operation not permitted
build	Cache Android SDK	2026-06-06T12:22:53.5757683Z /usr/bin/tar: ../../../../../usr/local/lib/android/sdk/platforms/android-36-ext18/data/res/values-mcc310-mnc950-uz: Cannot utime: Operation not permitted
build	Cache Android SDK	2026-06-06T12:22:53.5758666Z /usr/bin/tar: ../../../../../usr/local/lib/android/sdk/platforms/android-36-ext18/data/res/values-mcc310-mnc950-uz: Cannot change mode to rwxr-xr-x: Operation not permitted
build	Cache Android SDK	2026-06-06T12:22:53.5761613Z /usr/bin/tar: ../../../../../usr/local/lib/android/sdk/platforms/android-36-ext18/data/res/color-car: Cannot utime: Operation not permitted
build	Cache Android SDK	2026-06-06T12:22:53.5762491Z /usr/bin/tar: ../../../../../usr/local/lib/android/sdk/platforms/android-36-ext18/data/res/color-car: Cannot change mode to rwxr-xr-x: Operation not permitted
build	Cache Android SDK	2026-06-06T12:22:53.5765101Z /usr/bin/tar: ../../../../../usr/local/lib/android/sdk/platforms/android-36-ext18/data/res/values-mcc310-mnc220-ml: Cannot utime: Operation not permitted
build	Cache Android SDK	2026-06-06T12:22:53.5766062Z /usr/bin/tar: ../../../../../usr/local/lib/android/sdk/platforms/android-36-ext18/data/res/values-mcc310-mnc220-ml: Cannot change mode to rwxr-xr-x: Operation not permitted
build	Cache Android SDK	2026-06-06T12:22:53.5770178Z /usr/bin/tar: ../../../../../usr/local/lib/android/sdk/platforms/android-36-ext18/data/res/values-mcc310-mnc160-zh-rCN: Cannot utime: Operation not permitted
build	Cache Android SDK	2026-06-06T12:22:53.5771174Z /usr/bin/tar: ../../../../../usr/local/lib/android/sdk/platforms/android-36-ext18/data/res/values-mcc310-mnc160-zh-rCN: Cannot change mode to rwxr-xr-x: Operation not permitted
build	Cache Android SDK	2026-06-06T12:22:53.5774530Z /usr/bin/tar: ../../../../../usr/local/lib/android/sdk/platforms/android-36-ext18/data/res/values-mcc310-mnc160-sl: Cannot utime: Operation not permitted
build	Cache Android SDK	2026-06-06T12:22:53.5775761Z /usr/bin/tar: ../../../../../usr/local/lib/android/sdk/platforms/android-36-ext18/data/res/values-mcc310-mnc160-sl: Cannot change mode to rwxr-xr-x: Operation not permitted
build	Cache Android SDK	2026-06-06T12:22:53.5777489Z /usr/bin/tar: ../../../../../usr/local/lib/android/sdk/platforms/android-36-ext18/data/res/values-mcc310-mnc410-bn: Cannot utime: Operation not permitted
build	Cache Android SDK	2026-06-06T12:22:53.5778680Z /usr/bin/tar: ../../../../../usr/local/lib/android/sdk/platforms/android-36-ext18/data/res/values-mcc310-mnc410-bn: Cannot change mode to rwxr-xr-x: Operation not permitted
build	Cache Android SDK	2026-06-06T12:22:53.5780385Z /usr/bin/tar: ../../../../../usr/local/lib/android/sdk/platforms/android-36-ext18/data/res/values-mcc310-mnc380-da: Cannot utime: Operation not permitted
build	Cache Android SDK	2026-06-06T12:22:53.5781352Z /usr/bin/tar: ../../../../../usr/local/lib/android/sdk/platforms/android-36-ext18/data/res/values-mcc310-mnc380-da: Cannot change mode to rwxr-xr-x: Operation not permitted
build	Cache Android SDK	2026-06-06T12:22:53.5783599Z /usr/bin/tar: ../../../../../usr/local/lib/android/sdk/platforms/android-36-ext18/data/res/values-mcc310-mnc950-nb: Cannot utime: Operation not permitted
build	Cache Android SDK	2026-06-06T12:22:53.5784709Z /usr/bin/tar: ../../../../../usr/local/lib/android/sdk/platforms/android-36-ext18/data/res/values-mcc310-mnc950-nb: Cannot change mode to rwxr-xr-x: Operation not permitted
build	Cache Android SDK	2026-06-06T12:22:53.5786504Z /usr/bin/tar: ../../../../../usr/local/lib/android/sdk/platforms/android-36-ext18/data/res/values-mcc001-mnc01-hr: Cannot utime: Operation not permitted
build	Cache Android SDK	2026-06-06T12:22:53.5787710Z /usr/bin/tar: ../../../../../usr/local/lib/android/sdk/platforms/android-36-ext18/data/res/values-mcc001-mnc01-hr: Cannot change mode to rwxr-xr-x: Operation not permitted
build	Cache Android SDK	2026-06-06T12:22:53.5793831Z /usr/bin/tar: ../../../../../usr/local/lib/android/sdk/platforms/android-36-ext18/data/res/values-sr: Cannot utime: Operation not permitted
build	Cache Android SDK	2026-06-06T12:22:53.5794767Z /usr/bin/tar: ../../../../../usr/local/lib/android/sdk/platforms/android-36-ext18/data/res/values-sr: Cannot change mode to rwxr-xr-x: Operation not permitted
build	Cache Android SDK	2026-06-06T12:22:53.5796914Z /usr/bin/tar: ../../../../../usr/local/lib/android/sdk/platforms/android-36-ext18/data/res/values-mcc310-mnc660-ca: Cannot utime: Operation not permitted
build	Cache Android SDK	2026-06-06T12:22:53.5798310Z /usr/bin/tar: ../../../../../usr/local/lib/android/sdk/platforms/android-36-ext18/data/res/values-mcc310-mnc660-ca: Cannot change mode to rwxr-xr-x: Operation not permitted
build	Cache Android SDK	2026-06-06T12:22:53.5800192Z /usr/bin/tar: ../../../../../usr/local/lib/android/sdk/platforms/android-36-ext18/data/res/values-mcc310-mnc380-cs: Cannot utime: Operation not permitted
build	Cache Android SDK	2026-06-06T12:22:53.5801399Z /usr/bin/tar: ../../../../../usr/local/lib/android/sdk/platforms/android-36-ext18/data/res/values-mcc310-mnc380-cs: Cannot change mode to rwxr-xr-x: Operation not permitted
build	Cache Android SDK	2026-06-06T12:22:53.5803306Z /usr/bin/tar: ../../../../../usr/local/lib/android/sdk/platforms/android-36-ext18/data/res/values-mcc310-mnc280-gl: Cannot utime: Operation not permitted
build	Cache Android SDK	2026-06-06T12:22:53.5804383Z /usr/bin/tar: ../../../../../usr/local/lib/android/sdk/platforms/android-36-ext18/data/res/values-mcc310-mnc280-gl: Cannot change mode to rwxr-xr-x: Operation not permitted
build	Cache Android SDK	2026-06-06T12:22:53.5806488Z /usr/bin/tar: ../../../../../usr/local/lib/android/sdk/platforms/android-36-ext18/data/res/values-mcc310-mnc280-ml: Cannot utime: Operation not permitted
build	Cache Android SDK	2026-06-06T12:22:53.5807089Z /usr/bin/tar: ../../../../../usr/local/lib/android/sdk/platforms/android-36-ext18/data/res/values-mcc310-mnc280-ml: Cannot change mode to rwxr-xr-x: Operation not permitted
build	Cache Android SDK	2026-06-06T12:22:53.5810046Z /usr/bin/tar: ../../../../../usr/local/lib/android/sdk/platforms/android-36-ext18/data/res/values-mcc310-mnc950-be: Cannot utime: Operation not permitted
build	Cache Android SDK	2026-06-06T12:22:53.5810520Z /usr/bin/tar: ../../../../../usr/local/lib/android/sdk/platforms/android-36-ext18/data/res/values-mcc310-mnc950-be: Cannot change mode to rwxr-xr-x: Operation not permitted
build	Cache Android SDK	2026-06-06T12:22:53.5812792Z /usr/bin/tar: ../../../../../usr/local/lib/android/sdk/platforms/android-36-ext18/data/res/values-mcc334-mnc020-el: Cannot utime: Operation not permitted
build	Cache Android SDK	2026-06-06T12:22:53.5813338Z /usr/bin/tar: ../../../../../usr/local/lib/android/sdk/platforms/android-36-ext18/data/res/values-mcc334-mnc020-el: Cannot change mode to rwxr-xr-x: Operation not permitted
build	Cache Android SDK	2026-06-06T12:22:53.5815701Z /usr/bin/tar: ../../../../../usr/local/lib/android/sdk/platforms/android-36-ext18/data/res/values-mcc313-mnc100-tl: Cannot utime: Operation not permitted
build	Cache Android SDK	2026-06-06T12:22:53.5816162Z /usr/bin/tar: ../../../../../usr/local/lib/android/sdk/platforms/android-36-ext18/data/res/values-mcc313-mnc100-tl: Cannot change mode to rwxr-xr-x: Operation not permitted
build	Cache Android SDK	2026-06-06T12:22:53.5818749Z /usr/bin/tar: ../../../../../usr/local/lib/android/sdk/platforms/android-36-ext18/data/res/values-mcc310-mnc800-mr: Cannot utime: Operation not permitted
build	Cache Android SDK	2026-06-06T12:22:53.5819224Z /usr/bin/tar: ../../../../../usr/local/lib/android/sdk/platforms/android-36-ext18/data/res/values-mcc310-mnc800-mr: Cannot change mode to rwxr-xr-x: Operation not permitted
build	Cache Android SDK	2026-06-06T12:22:53.5821482Z /usr/bin/tar: ../../../../../usr/local/lib/android/sdk/platforms/android-36-ext18/data/res/values-mcc310-mnc150-pa: Cannot utime: Operation not permitted
build	Cache Android SDK	2026-06-06T12:22:53.5821954Z /usr/bin/tar: ../../../../../usr/local/lib/android/sdk/platforms/android-36-ext18/data/res/values-mcc310-mnc150-pa: Cannot change mode to rwxr-xr-x: Operation not permitted
build	Cache Android SDK	2026-06-06T12:22:53.5824623Z /usr/bin/tar: ../../../../../usr/local/lib/android/sdk/platforms/android-36-ext18/data/res/values-hr-rHR: Cannot utime: Operation not permitted
build	Cache Android SDK	2026-06-06T12:22:53.5825067Z /usr/bin/tar: ../../../../../usr/local/lib/android/sdk/platforms/android-36-ext18/data/res/values-hr-rHR: Cannot change mode to rwxr-xr-x: Operation not permitted
build	Cache Android SDK	2026-06-06T12:22:53.5827723Z /usr/bin/tar: ../../../../../usr/local/lib/android/sdk/platforms/android-36-ext18/data/res/values-mcc740: Cannot utime: Operation not permitted
build	Cache Android SDK	2026-06-06T12:22:53.5828179Z /usr/bin/tar: ../../../../../usr/local/lib/android/sdk/platforms/android-36-ext18/data/res/values-mcc740: Cannot change mode to rwxr-xr-x: Operation not permitted
build	Cache Android SDK	2026-06-06T12:22:53.5831097Z /usr/bin/tar: ../../../../../usr/local/lib/android/sdk/platforms/android-36-ext18/data/res/values-mcc310-mnc560-lt: Cannot utime: Operation not permitted
build	Cache Android SDK	2026-06-06T12:22:53.5831628Z /usr/bin/tar: ../../../../../usr/local/lib/android/sdk/platforms/android-36-ext18/data/res/values-mcc310-mnc560-lt: Cannot change mode to rwxr-xr-x: Operation not permitted
build	Cache Android SDK	2026-06-06T12:22:53.5833643Z /usr/bin/tar: ../../../../../usr/local/lib/android/sdk/platforms/android-36-ext18/data/res/values-mcc310-mnc150-ro: Cannot utime: Operation not permitted
build	Cache Android SDK	2026-06-06T12:22:53.5834111Z /usr/bin/tar: ../../../../../usr/local/lib/android/sdk/platforms/android-36-ext18/data/res/values-mcc310-mnc150-ro: Cannot change mode to rwxr-xr-x: Operation not permitted
build	Cache Android SDK	2026-06-06T12:22:53.5836995Z /usr/bin/tar: ../../../../../usr/local/lib/android/sdk/platforms/android-36-ext18/data/res/values-mcc310-mnc170-ta: Cannot utime: Operation not permitted
build	Cache Android SDK	2026-06-06T12:22:53.5837741Z /usr/bin/tar: ../../../../../usr/local/lib/android/sdk/platforms/android-36-ext18/data/res/values-mcc310-mnc170-ta: Cannot change mode to rwxr-xr-x: Operation not permitted
build	Cache Android SDK	2026-06-06T12:22:53.5839835Z /usr/bin/tar: ../../../../../usr/local/lib/android/sdk/platforms/android-36-ext18/data/res/values-mcc310-mnc950-fa: Cannot utime: Operation not permitted
build	Cache Android SDK	2026-06-06T12:22:53.5840309Z /usr/bin/tar: ../../../../../usr/local/lib/android/sdk/platforms/android-36-ext18/data/res/values-mcc310-mnc950-fa: Cannot change mode to rwxr-xr-x: Operation not permitted
build	Cache Android SDK	2026-06-06T12:22:53.5843126Z /usr/bin/tar: ../../../../../usr/local/lib/android/sdk/platforms/android-36-ext18/data/res/values-mcc310-mnc210-uk: Cannot utime: Operation not permitted
build	Cache Android SDK	2026-06-06T12:22:53.5843729Z /usr/bin/tar: ../../../../../usr/local/lib/android/sdk/platforms/android-36-ext18/data/res/values-mcc310-mnc210-uk: Cannot change mode to rwxr-xr-x: Operation not permitted
build	Cache Android SDK	2026-06-06T12:22:53.5845908Z /usr/bin/tar: ../../../../../usr/local/lib/android/sdk/platforms/android-36-ext18/data/res/values-mcc310-mnc410-as: Cannot utime: Operation not permitted
build	Cache Android SDK	2026-06-06T12:22:53.5846782Z /usr/bin/tar: ../../../../../usr/local/lib/android/sdk/platforms/android-36-ext18/data/res/values-mcc310-mnc410-as: Cannot change mode to rwxr-xr-x: Operation not permitted
build	Cache Android SDK	2026-06-06T12:22:53.5849043Z /usr/bin/tar: ../../../../../usr/local/lib/android/sdk/platforms/android-36-ext18/data/res/values-mcc310-mnc160-ja: Cannot utime: Operation not permitted
build	Cache Android SDK	2026-06-06T12:22:53.5849796Z /usr/bin/tar: ../../../../../usr/local/lib/android/sdk/platforms/android-36-ext18/data/res/values-mcc310-mnc160-ja: Cannot change mode to rwxr-xr-x: Operation not permitted
build	Cache Android SDK	2026-06-06T12:22:53.5853405Z /usr/bin/tar: ../../../../../usr/local/lib/android/sdk/platforms/android-36-ext18/data/res/values-mcc001-mnc01-si: Cannot utime: Operation not permitted
build	Cache Android SDK	2026-06-06T12:22:53.5853903Z /usr/bin/tar: ../../../../../usr/local/lib/android/sdk/platforms/android-36-ext18/data/res/values-mcc001-mnc01-si: Cannot change mode to rwxr-xr-x: Operation not permitted
build	Cache Android SDK	2026-06-06T12:22:53.5856614Z /usr/bin/tar: ../../../../../usr/local/lib/android/sdk/platforms/android-36-ext18/data/res/values-mcc001-mnc01-kn: Cannot utime: Operation not permitted
build	Cache Android SDK	2026-06-06T12:22:53.5857089Z /usr/bin/tar: ../../../../../usr/local/lib/android/sdk/platforms/android-36-ext18/data/res/values-mcc001-mnc01-kn: Cannot change mode to rwxr-xr-x: Operation not permitted
build	Cache Android SDK	2026-06-06T12:22:53.5860127Z /usr/bin/tar: ../../../../../usr/local/lib/android/sdk/platforms/android-36-ext18/data/res/values-mcc311-mnc180-ta: Cannot utime: Operation not permitted
build	Cache Android SDK	2026-06-06T12:22:53.5860630Z /usr/bin/tar: ../../../../../usr/local/lib/android/sdk/platforms/android-36-ext18/data/res/values-mcc311-mnc180-ta: Cannot change mode to rwxr-xr-x: Operation not permitted
build	Cache Android SDK	2026-06-06T12:22:53.5863770Z /usr/bin/tar: ../../../../../usr/local/lib/android/sdk/platforms/android-36-ext18/data/res/values-fr-rCA-television: Cannot utime: Operation not permitted
build	Cache Android SDK	2026-06-06T12:22:53.5864281Z /usr/bin/tar: ../../../../../usr/local/lib/android/sdk/platforms/android-36-ext18/data/res/values-fr-rCA-television: Cannot change mode to rwxr-xr-x: Operation not permitted
build	Cache Android SDK	2026-06-06T12:22:53.5867002Z /usr/bin/tar: ../../../../../usr/local/lib/android/sdk/platforms/android-36-ext18/data/res/values-mcc311-mnc180: Cannot utime: Operation not permitted
build	Cache Android SDK	2026-06-06T12:22:53.5867702Z /usr/bin/tar: ../../../../../usr/local/lib/android/sdk/platforms/android-36-ext18/data/res/values-mcc311-mnc180: Cannot change mode to rwxr-xr-x: Operation not permitted
build	Cache Android SDK	2026-06-06T12:22:53.5870546Z /usr/bin/tar: ../../../../../usr/local/lib/android/sdk/platforms/android-36-ext18/data/res/values-mcc310-mnc200-lv: Cannot utime: Operation not permitted
build	Cache Android SDK	2026-06-06T12:22:53.5871038Z /usr/bin/tar: ../../../../../usr/local/lib/android/sdk/platforms/android-36-ext18/data/res/values-mcc310-mnc200-lv: Cannot change mode to rwxr-xr-x: Operation not permitted
build	Cache Android SDK	2026-06-06T12:22:53.5874149Z /usr/bin/tar: ../../../../../usr/local/lib/android/sdk/platforms/android-36-ext18/data/res/values-mcc310-mnc310-ta: Cannot utime: Operation not permitted
build	Cache Android SDK	2026-06-06T12:22:53.5874624Z /usr/bin/tar: ../../../../../usr/local/lib/android/sdk/platforms/android-36-ext18/data/res/values-mcc310-mnc310-ta: Cannot change mode to rwxr-xr-x: Operation not permitted
build	Cache Android SDK	2026-06-06T12:22:53.5877230Z /usr/bin/tar: ../../../../../usr/local/lib/android/sdk/platforms/android-36-ext18/data/res/values-mcc310-mnc270-it: Cannot utime: Operation not permitted
build	Cache Android SDK	2026-06-06T12:22:53.5877944Z /usr/bin/tar: ../../../../../usr/local/lib/android/sdk/platforms/android-36-ext18/data/res/values-mcc310-mnc270-it: Cannot change mode to rwxr-xr-x: Operation not permitted
build	Cache Android SDK	2026-06-06T12:22:53.5880577Z /usr/bin/tar: ../../../../../usr/local/lib/android/sdk/platforms/android-36-ext18/data/res/values-mcc311-mnc180-hi: Cannot utime: Operation not permitted
build	Cache Android SDK	2026-06-06T12:22:53.5881154Z /usr/bin/tar: ../../../../../usr/local/lib/android/sdk/platforms/android-36-ext18/data/res/values-mcc311-mnc180-hi: Cannot change mode to rwxr-xr-x: Operation not permitted
build	Cache Android SDK	2026-06-06T12:22:53.5884352Z /usr/bin/tar: ../../../../../usr/local/lib/android/sdk/platforms/android-36-ext18/data/res/values-mcc310-mnc280-b+sr+Latn: Cannot utime: Operation not permitted
build	Cache Android SDK	2026-06-06T12:22:53.5884869Z /usr/bin/tar: ../../../../../usr/local/lib/android/sdk/platforms/android-36-ext18/data/res/values-mcc310-mnc280-b+sr+Latn: Cannot change mode to rwxr-xr-x: Operation not permitted
build	Cache Android SDK	2026-06-06T12:22:53.5889394Z /usr/bin/tar: ../../../../../usr/local/lib/android/sdk/platforms/android-36-ext18/data/res/values-en-rXC-television: Cannot utime: Operation not permitted
build	Cache Android SDK	2026-06-06T12:22:53.5889883Z /usr/bin/tar: ../../../../../usr/local/lib/android/sdk/platforms/android-36-ext18/data/res/values-en-rXC-television: Cannot change mode to rwxr-xr-x: Operation not permitted
build	Cache Android SDK	2026-06-06T12:22:53.5893873Z /usr/bin/tar: ../../../../../usr/local/lib/android/sdk/platforms/android-36-ext18/data/res/values-mcc310-mnc170-kn: Cannot utime: Operation not permitted
build	Cache Android SDK	2026-06-06T12:22:53.5894470Z /usr/bin/tar: ../../../../../usr/local/lib/android/sdk/platforms/android-36-ext18/data/res/values-mcc310-mnc170-kn: Cannot change mode to rwxr-xr-x: Operation not permitted
build	Cache Android SDK	2026-06-06T12:22:53.5897670Z /usr/bin/tar: ../../../../../usr/local/lib/android/sdk/platforms/android-36-ext18/data/res/values-mcc001-mnc01-ur: Cannot utime: Operation not permitted
build	Cache Android SDK	2026-06-06T12:22:53.5898138Z /usr/bin/tar: ../../../../../usr/local/lib/android/sdk/platforms/android-36-ext18/data/res/values-mcc001-mnc01-ur: Cannot change mode to rwxr-xr-x: Operation not permitted
build	Cache Android SDK	2026-06-06T12:22:53.5901193Z /usr/bin/tar: ../../../../../usr/local/lib/android/sdk/platforms/android-36-ext18/data/res/values-mcc310-mnc560-zu: Cannot utime: Operation not permitted
build	Cache Android SDK	2026-06-06T12:22:53.5901660Z /usr/bin/tar: ../../../../../usr/local/lib/android/sdk/platforms/android-36-ext18/data/res/values-mcc310-mnc560-zu: Cannot change mode to rwxr-xr-x: Operation not permitted
build	Cache Android SDK	2026-06-06T12:22:53.5906016Z /usr/bin/tar: ../../../../../usr/local/lib/android/sdk/platforms/android-36-ext18/data/res/values-mcc310-mnc200-uk: Cannot utime: Operation not permitted
build	Cache Android SDK	2026-06-06T12:22:53.5906645Z /usr/bin/tar: ../../../../../usr/local/lib/android/sdk/platforms/android-36-ext18/data/res/values-mcc310-mnc200-uk: Cannot change mode to rwxr-xr-x: Operation not permitted
build	Cache Android SDK	2026-06-06T12:22:53.6137064Z /usr/bin/tar: ../../../../../usr/local/lib/android/sdk/platforms/android-36-ext18/data/res/drawable-ldpi: Cannot utime: Operation not permitted
build	Cache Android SDK	2026-06-06T12:22:53.6137905Z /usr/bin/tar: ../../../../../usr/local/lib/android/sdk/platforms/android-36-ext18/data/res/drawable-ldpi: Cannot change mode to rwxr-xr-x: Operation not permitted
build	Cache Android SDK	2026-06-06T12:22:53.6139740Z /usr/bin/tar: ../../../../../usr/local/lib/android/sdk/platforms/android-36-ext18/data/res/values-mcc310-mnc220-ka: Cannot utime: Operation not permitted
build	Cache Android SDK	2026-06-06T12:22:53.6140262Z /usr/bin/tar: ../../../../../usr/local/lib/android/sdk/platforms/android-36-ext18/data/res/values-mcc310-mnc220-ka: Cannot change mode to rwxr-xr-x: Operation not permitted
build	Cache Android SDK	2026-06-06T12:22:53.6143421Z /usr/bin/tar: ../../../../../usr/local/lib/android/sdk/platforms/android-36-ext18/data/res/values-mcc310-mnc170-ml: Cannot utime: Operation not permitted
build	Cache Android SDK	2026-06-06T12:22:53.6144031Z /usr/bin/tar: ../../../../../usr/local/lib/android/sdk/platforms/android-36-ext18/data/res/values-mcc310-mnc170-ml: Cannot change mode to rwxr-xr-x: Operation not permitted
build	Cache Android SDK	2026-06-06T12:22:53.6146749Z /usr/bin/tar: ../../../../../usr/local/lib/android/sdk/platforms/android-36-ext18/data/res/values-mcc310-mnc380-ar: Cannot utime: Operation not permitted
build	Cache Android SDK	2026-06-06T12:22:53.6147231Z /usr/bin/tar: ../../../../../usr/local/lib/android/sdk/platforms/android-36-ext18/data/res/values-mcc310-mnc380-ar: Cannot change mode to rwxr-xr-x: Operation not permitted
build	Cache Android SDK	2026-06-06T12:22:53.6149634Z /usr/bin/tar: ../../../../../usr/local/lib/android/sdk/platforms/android-36-ext18/data/res/values-mcc310-mnc160-af: Cannot utime: Operation not permitted
build	Cache Android SDK	2026-06-06T12:22:53.6150213Z /usr/bin/tar: ../../../../../usr/local/lib/android/sdk/platforms/android-36-ext18/data/res/values-mcc310-mnc160-af: Cannot change mode to rwxr-xr-x: Operation not permitted
build	Cache Android SDK	2026-06-06T12:22:53.6152862Z /usr/bin/tar: ../../../../../usr/local/lib/android/sdk/platforms/android-36-ext18/data/res/values-mcc310-mnc660-bs: Cannot utime: Operation not permitted
build	Cache Android SDK	2026-06-06T12:22:53.6153340Z /usr/bin/tar: ../../../../../usr/local/lib/android/sdk/platforms/android-36-ext18/data/res/values-mcc310-mnc660-bs: Cannot change mode to rwxr-xr-x: Operation not permitted
build	Cache Android SDK	2026-06-06T12:22:53.6155605Z /usr/bin/tar: ../../../../../usr/local/lib/android/sdk/platforms/android-36-ext18/data/res/values-sv-television: Cannot utime: Operation not permitted
build	Cache Android SDK	2026-06-06T12:22:53.6156079Z /usr/bin/tar: ../../../../../usr/local/lib/android/sdk/platforms/android-36-ext18/data/res/values-sv-television: Cannot change mode to rwxr-xr-x: Operation not permitted
build	Cache Android SDK	2026-06-06T12:22:53.6159335Z /usr/bin/tar: ../../../../../usr/local/lib/android/sdk/platforms/android-36-ext18/data/res/values-mcc310-mnc150-nl: Cannot utime: Operation not permitted
build	Cache Android SDK	2026-06-06T12:22:53.6159909Z /usr/bin/tar: ../../../../../usr/local/lib/android/sdk/platforms/android-36-ext18/data/res/values-mcc310-mnc150-nl: Cannot change mode to rwxr-xr-x: Operation not permitted
build	Cache Android SDK	2026-06-06T12:22:53.6162133Z /usr/bin/tar: ../../../../../usr/local/lib/android/sdk/platforms/android-36-ext18/data/res/values-mcc310-mnc270-en-rGB: Cannot utime: Operation not permitted
build	Cache Android SDK	2026-06-06T12:22:53.6162881Z /usr/bin/tar: ../../../../../usr/local/lib/android/sdk/platforms/android-36-ext18/data/res/values-mcc310-mnc270-en-rGB: Cannot change mode to rwxr-xr-x: Operation not permitted
build	Cache Android SDK	2026-06-06T12:22:53.6165275Z /usr/bin/tar: ../../../../../usr/local/lib/android/sdk/platforms/android-36-ext18/data/res/values-mcc316: Cannot utime: Operation not permitted
build	Cache Android SDK	2026-06-06T12:22:53.6165770Z /usr/bin/tar: ../../../../../usr/local/lib/android/sdk/platforms/android-36-ext18/data/res/values-mcc316: Cannot change mode to rwxr-xr-x: Operation not permitted
build	Cache Android SDK	2026-06-06T12:22:53.6168554Z /usr/bin/tar: ../../../../../usr/local/lib/android/sdk/platforms/android-36-ext18/data/res/values-mcc001-mnc01-fa: Cannot utime: Operation not permitted
build	Cache Android SDK	2026-06-06T12:22:53.6169043Z /usr/bin/tar: ../../../../../usr/local/lib/android/sdk/platforms/android-36-ext18/data/res/values-mcc001-mnc01-fa: Cannot change mode to rwxr-xr-x: Operation not permitted
build	Cache Android SDK	2026-06-06T12:22:53.6171460Z /usr/bin/tar: ../../../../../usr/local/lib/android/sdk/platforms/android-36-ext18/data/res/values-mcc310-mnc220-eu: Cannot utime: Operation not permitted
build	Cache Android SDK	2026-06-06T12:22:53.6171937Z /usr/bin/tar: ../../../../../usr/local/lib/android/sdk/platforms/android-36-ext18/data/res/values-mcc310-mnc220-eu: Cannot change mode to rwxr-xr-x: Operation not permitted
build	Cache Android SDK	2026-06-06T12:22:53.6175592Z /usr/bin/tar: ../../../../../usr/local/lib/android/sdk/platforms/android-36-ext18/data/res/values-mcc310-mnc240: Cannot utime: Operation not permitted
build	Cache Android SDK	2026-06-06T12:22:53.6176538Z /usr/bin/tar: ../../../../../usr/local/lib/android/sdk/platforms/android-36-ext18/data/res/values-mcc310-mnc240: Cannot change mode to rwxr-xr-x: Operation not permitted
build	Cache Android SDK	2026-06-06T12:22:53.6180673Z /usr/bin/tar: ../../../../../usr/local/lib/android/sdk/platforms/android-36-ext18/data/res/values-mcc313-mnc100-sw: Cannot utime: Operation not permitted
build	Cache Android SDK	2026-06-06T12:22:53.6181382Z /usr/bin/tar: ../../../../../usr/local/lib/android/sdk/platforms/android-36-ext18/data/res/values-mcc313-mnc100-sw: Cannot change mode to rwxr-xr-x: Operation not permitted
build	Cache Android SDK	2026-06-06T12:22:53.6183884Z /usr/bin/tar: ../../../../../usr/local/lib/android/sdk/platforms/android-36-ext18/data/res/values-mcc310-mnc230-ro: Cannot utime: Operation not permitted
build	Cache Android SDK	2026-06-06T12:22:53.6184579Z /usr/bin/tar: ../../../../../usr/local/lib/android/sdk/platforms/android-36-ext18/data/res/values-mcc310-mnc230-ro: Cannot change mode to rwxr-xr-x: Operation not permitted
build	Cache Android SDK	2026-06-06T12:22:53.6188307Z /usr/bin/tar: ../../../../../usr/local/lib/android/sdk/platforms/android-36-ext18/data/res/values-mcc310-mnc660-zh-rCN: Cannot utime: Operation not permitted
build	Cache Android SDK	2026-06-06T12:22:53.6188991Z /usr/bin/tar: ../../../../../usr/local/lib/android/sdk/platforms/android-36-ext18/data/res/values-mcc310-mnc660-zh-rCN: Cannot change mode to rwxr-xr-x: Operation not permitted
build	Cache Android SDK	2026-06-06T12:22:53.6192174Z /usr/bin/tar: ../../../../../usr/local/lib/android/sdk/platforms/android-36-ext18/data/res/values-mcc310-mnc310-lv: Cannot utime: Operation not permitted
build	Cache Android SDK	2026-06-06T12:22:53.6192653Z /usr/bin/tar: ../../../../../usr/local/lib/android/sdk/platforms/android-36-ext18/data/res/values-mcc310-mnc310-lv: Cannot change mode to rwxr-xr-x: Operation not permitted
build	Cache Android SDK	2026-06-06T12:22:53.6195626Z /usr/bin/tar: ../../../../../usr/local/lib/android/sdk/platforms/android-36-ext18/data/res/values-mcc310-mnc950-km: Cannot utime: Operation not permitted
build	Cache Android SDK	2026-06-06T12:22:53.6196099Z /usr/bin/tar: ../../../../../usr/local/lib/android/sdk/platforms/android-36-ext18/data/res/values-mcc310-mnc950-km: Cannot change mode to rwxr-xr-x: Operation not permitted
build	Cache Android SDK	2026-06-06T12:22:53.6198840Z /usr/bin/tar: ../../../../../usr/local/lib/android/sdk/platforms/android-36-ext18/data/res/values-mcc310-mnc560-ar: Cannot utime: Operation not permitted
build	Cache Android SDK	2026-06-06T12:22:53.6199315Z /usr/bin/tar: ../../../../../usr/local/lib/android/sdk/platforms/android-36-ext18/data/res/values-mcc310-mnc560-ar: Cannot change mode to rwxr-xr-x: Operation not permitted
build	Cache Android SDK	2026-06-06T12:22:53.6206540Z /usr/bin/tar: ../../../../../usr/local/lib/android/sdk/platforms/android-36-ext18/data/res/values-mcc310-mnc230-mr: Cannot utime: Operation not permitted
build	Cache Android SDK	2026-06-06T12:22:53.6207012Z /usr/bin/tar: ../../../../../usr/local/lib/android/sdk/platforms/android-36-ext18/data/res/values-mcc310-mnc230-mr: Cannot change mode to rwxr-xr-x: Operation not permitted
build	Cache Android SDK	2026-06-06T12:22:53.6214782Z /usr/bin/tar: ../../../../../usr/local/lib/android/sdk/platforms/android-36-ext18/data/res/values-mcc310-mnc230-mk: Cannot utime: Operation not permitted
build	Cache Android SDK	2026-06-06T12:22:53.6215371Z /usr/bin/tar: ../../../../../usr/local/lib/android/sdk/platforms/android-36-ext18/data/res/values-mcc310-mnc230-mk: Cannot change mode to rwxr-xr-x: Operation not permitted
build	Cache Android SDK	2026-06-06T12:22:53.6218355Z /usr/bin/tar: ../../../../../usr/local/lib/android/sdk/platforms/android-36-ext18/data/res/values-mcc311-mnc180-ca: Cannot utime: Operation not permitted
build	Cache Android SDK	2026-06-06T12:22:53.6218927Z /usr/bin/tar: ../../../../../usr/local/lib/android/sdk/platforms/android-36-ext18/data/res/values-mcc311-mnc180-ca: Cannot change mode to rwxr-xr-x: Operation not permitted
build	Cache Android SDK	2026-06-06T12:22:53.6238713Z /usr/bin/tar: ../../../../../usr/local/lib/android/sdk/platforms/android-36-ext18/data/res/drawable-nodpi: Cannot utime: Operation not permitted
build	Cache Android SDK	2026-06-06T12:22:53.6239222Z /usr/bin/tar: ../../../../../usr/local/lib/android/sdk/platforms/android-36-ext18/data/res/drawable-nodpi: Cannot change mode to rwxr-xr-x: Operation not permitted
build	Cache Android SDK	2026-06-06T12:22:53.6242486Z /usr/bin/tar: ../../../../../usr/local/lib/android/sdk/platforms/android-36-ext18/data/res/values-w208dp: Cannot utime: Operation not permitted
build	Cache Android SDK	2026-06-06T12:22:53.6242944Z /usr/bin/tar: ../../../../../usr/local/lib/android/sdk/platforms/android-36-ext18/data/res/values-w208dp: Cannot change mode to rwxr-xr-x: Operation not permitted
build	Cache Android SDK	2026-06-06T12:22:53.6246410Z /usr/bin/tar: ../../../../../usr/local/lib/android/sdk/platforms/android-36-ext18/data/res/values-mcc310-mnc030-lo: Cannot utime: Operation not permitted
build	Cache Android SDK	2026-06-06T12:22:53.6246877Z /usr/bin/tar: ../../../../../usr/local/lib/android/sdk/platforms/android-36-ext18/data/res/values-mcc310-mnc030-lo: Cannot change mode to rwxr-xr-x: Operation not permitted
build	Cache Android SDK	2026-06-06T12:22:53.6250932Z /usr/bin/tar: ../../../../../usr/local/lib/android/sdk/platforms/android-36-ext18/data/res/values-mcc310-mnc240-sv: Cannot utime: Operation not permitted
build	Cache Android SDK	2026-06-06T12:22:53.6251496Z /usr/bin/tar: ../../../../../usr/local/lib/android/sdk/platforms/android-36-ext18/data/res/values-mcc310-mnc240-sv: Cannot change mode to rwxr-xr-x: Operation not permitted
build	Cache Android SDK	2026-06-06T12:22:53.6255695Z /usr/bin/tar: ../../../../../usr/local/lib/android/sdk/platforms/android-36-ext18/data/res/values-mcc310-mnc240-am: Cannot utime: Operation not permitted
build	Cache Android SDK	2026-06-06T12:22:53.6256168Z /usr/bin/tar: ../../../../../usr/local/lib/android/sdk/platforms/android-36-ext18/data/res/values-mcc310-mnc240-am: Cannot change mode to rwxr-xr-x: Operation not permitted
build	Cache Android SDK	2026-06-06T12:22:53.6259634Z /usr/bin/tar: ../../../../../usr/local/lib/android/sdk/platforms/android-36-ext18/data/res/values-mcc234-mnc20: Cannot utime: Operation not permitted
build	Cache Android SDK	2026-06-06T12:22:53.6260091Z /usr/bin/tar: ../../../../../usr/local/lib/android/sdk/platforms/android-36-ext18/data/res/values-mcc234-mnc20: Cannot change mode to rwxr-xr-x: Operation not permitted
build	Cache Android SDK	2026-06-06T12:22:53.6262895Z /usr/bin/tar: ../../../../../usr/local/lib/android/sdk/platforms/android-36-ext18/data/res/values-mcc310-mnc380-ta: Cannot utime: Operation not permitted
build	Cache Android SDK	2026-06-06T12:22:53.6263465Z /usr/bin/tar: ../../../../../usr/local/lib/android/sdk/platforms/android-36-ext18/data/res/values-mcc310-mnc380-ta: Cannot change mode to rwxr-xr-x: Operation not permitted
build	Cache Android SDK	2026-06-06T12:22:53.6266848Z /usr/bin/tar: ../../../../../usr/local/lib/android/sdk/platforms/android-36-ext18/data/res/values-mcc310-mnc170-sq: Cannot utime: Operation not permitted
build	Cache Android SDK	2026-06-06T12:22:53.6267325Z /usr/bin/tar: ../../../../../usr/local/lib/android/sdk/platforms/android-36-ext18/data/res/values-mcc310-mnc170-sq: Cannot change mode to rwxr-xr-x: Operation not permitted
build	Cache Android SDK	2026-06-06T12:22:53.6270476Z /usr/bin/tar: ../../../../../usr/local/lib/android/sdk/platforms/android-36-ext18/data/res/values-mcc425: Cannot utime: Operation not permitted
build	Cache Android SDK	2026-06-06T12:22:53.6270970Z /usr/bin/tar: ../../../../../usr/local/lib/android/sdk/platforms/android-36-ext18/data/res/values-mcc425: Cannot change mode to rwxr-xr-x: Operation not permitted
build	Cache Android SDK	2026-06-06T12:22:53.6286326Z /usr/bin/tar: ../../../../../usr/local/lib/android/sdk/platforms/android-36-ext18/data/res/values-mcc310-mnc270-et: Cannot utime: Operation not permitted
build	Cache Android SDK	2026-06-06T12:22:53.6287229Z /usr/bin/tar: ../../../../../usr/local/lib/android/sdk/platforms/android-36-ext18/data/res/values-mcc310-mnc270-et: Cannot change mode to rwxr-xr-x: Operation not permitted
build	Cache Android SDK	2026-06-06T12:22:53.6287995Z /usr/bin/tar: ../../../../../usr/local/lib/android/sdk/platforms/android-36-ext18/data/res/values-mcc302-mnc720-as: Cannot utime: Operation not permitted
build	Cache Android SDK	2026-06-06T12:22:53.6288593Z /usr/bin/tar: ../../../../../usr/local/lib/android/sdk/platforms/android-36-ext18/data/res/values-mcc302-mnc720-as: Cannot change mode to rwxr-xr-x: Operation not permitted
build	Cache Android SDK	2026-06-06T12:22:53.6289010Z /usr/bin/tar: ../../../../../usr/local/lib/android/sdk/platforms/android-36-ext18/data/res/values-mcc310-mnc490-te: Cannot utime: Operation not permitted
build	Cache Android SDK	2026-06-06T12:22:53.6289479Z /usr/bin/tar: ../../../../../usr/local/lib/android/sdk/platforms/android-36-ext18/data/res/values-mcc310-mnc490-te: Cannot change mode to rwxr-xr-x: Operation not permitted
build	Cache Android SDK	2026-06-06T12:22:53.6289890Z /usr/bin/tar: ../../../../../usr/local/lib/android/sdk/platforms/android-36-ext18/data/res/values-mcc310-mnc160-th: Cannot utime: Operation not permitted
build	Cache Android SDK	2026-06-06T12:22:53.6290495Z /usr/bin/tar: ../../../../../usr/local/lib/android/sdk/platforms/android-36-ext18/data/res/values-mcc310-mnc160-th: Cannot change mode to rwxr-xr-x: Operation not permitted
build	Cache Android SDK	2026-06-06T12:22:53.6290908Z /usr/bin/tar: ../../../../../usr/local/lib/android/sdk/platforms/android-36-ext18/data/res/values-mcc310-mnc200-sr: Cannot utime: Operation not permitted
build	Cache Android SDK	2026-06-06T12:22:53.6291362Z /usr/bin/tar: ../../../../../usr/local/lib/android/sdk/platforms/android-36-ext18/data/res/values-mcc310-mnc200-sr: Cannot change mode to rwxr-xr-x: Operation not permitted
build	Cache Android SDK	2026-06-06T12:22:53.6297642Z /usr/bin/tar: ../../../../../usr/local/lib/android/sdk/platforms/android-36-ext18/data/res/values-da: Cannot utime: Operation not permitted
build	Cache Android SDK	2026-06-06T12:22:53.6298292Z /usr/bin/tar: ../../../../../usr/local/lib/android/sdk/platforms/android-36-ext18/data/res/values-da: Cannot change mode to rwxr-xr-x: Operation not permitted
build	Cache Android SDK	2026-06-06T12:22:53.6301708Z /usr/bin/tar: ../../../../../usr/local/lib/android/sdk/platforms/android-36-ext18/data/res/values-mcc310-mnc170-et: Cannot utime: Operation not permitted
build	Cache Android SDK	2026-06-06T12:22:53.6302209Z /usr/bin/tar: ../../../../../usr/local/lib/android/sdk/platforms/android-36-ext18/data/res/values-mcc310-mnc170-et: Cannot change mode to rwxr-xr-x: Operation not permitted
build	Cache Android SDK	2026-06-06T12:22:53.6308873Z /usr/bin/tar: ../../../../../usr/local/lib/android/sdk/platforms/android-36-ext18/data/res/values-mcc310-mnc160-en-rIN: Cannot utime: Operation not permitted
build	Cache Android SDK	2026-06-06T12:22:53.6309366Z /usr/bin/tar: ../../../../../usr/local/lib/android/sdk/platforms/android-36-ext18/data/res/values-mcc310-mnc160-en-rIN: Cannot change mode to rwxr-xr-x: Operation not permitted
build	Cache Android SDK	2026-06-06T12:22:53.6312323Z /usr/bin/tar: ../../../../../usr/local/lib/android/sdk/platforms/android-36-ext18/data/res/values-mcc302-mnc370-da: Cannot utime: Operation not permitted
build	Cache Android SDK	2026-06-06T12:22:53.6312917Z /usr/bin/tar: ../../../../../usr/local/lib/android/sdk/platforms/android-36-ext18/data/res/values-mcc302-mnc370-da: Cannot change mode to rwxr-xr-x: Operation not permitted
build	Cache Android SDK	2026-06-06T12:22:53.6316335Z /usr/bin/tar: ../../../../../usr/local/lib/android/sdk/platforms/android-36-ext18/data/res/values-mcc310-mnc490-sv: Cannot utime: Operation not permitted
build	Cache Android SDK	2026-06-06T12:22:53.6316805Z /usr/bin/tar: ../../../../../usr/local/lib/android/sdk/platforms/android-36-ext18/data/res/values-mcc310-mnc490-sv: Cannot change mode to rwxr-xr-x: Operation not permitted
build	Cache Android SDK	2026-06-06T12:22:53.6320279Z /usr/bin/tar: ../../../../../usr/local/lib/android/sdk/platforms/android-36-ext18/data/res/values-ru-television: Cannot utime: Operation not permitted
build	Cache Android SDK	2026-06-06T12:22:53.6320757Z /usr/bin/tar: ../../../../../usr/local/lib/android/sdk/platforms/android-36-ext18/data/res/values-ru-television: Cannot change mode to rwxr-xr-x: Operation not permitted
build	Cache Android SDK	2026-06-06T12:22:53.6323636Z /usr/bin/tar: ../../../../../usr/local/lib/android/sdk/platforms/android-36-ext18/data/res/values-mcc310-mnc380-it: Cannot utime: Operation not permitted
build	Cache Android SDK	2026-06-06T12:22:53.6324111Z /usr/bin/tar: ../../../../../usr/local/lib/android/sdk/platforms/android-36-ext18/data/res/values-mcc310-mnc380-it: Cannot change mode to rwxr-xr-x: Operation not permitted
build	Cache Android SDK	2026-06-06T12:22:53.6331012Z /usr/bin/tar: ../../../../../usr/local/lib/android/sdk/platforms/android-36-ext18/data/res/values-mcc001-mnc01-sw: Cannot utime: Operation not permitted
build	Cache Android SDK	2026-06-06T12:22:53.6331480Z /usr/bin/tar: ../../../../../usr/local/lib/android/sdk/platforms/android-36-ext18/data/res/values-mcc001-mnc01-sw: Cannot change mode to rwxr-xr-x: Operation not permitted
build	Cache Android SDK	2026-06-06T12:22:53.6335755Z /usr/bin/tar: ../../../../../usr/local/lib/android/sdk/platforms/android-36-ext18/data/res/values-kn-watch: Cannot utime: Operation not permitted
build	Cache Android SDK	2026-06-06T12:22:53.6336219Z /usr/bin/tar: ../../../../../usr/local/lib/android/sdk/platforms/android-36-ext18/data/res/values-kn-watch: Cannot change mode to rwxr-xr-x: Operation not permitted
build	Cache Android SDK	2026-06-06T12:22:53.6339615Z /usr/bin/tar: ../../../../../usr/local/lib/android/sdk/platforms/android-36-ext18/data/res/values-mcc310-mnc660-am: Cannot utime: Operation not permitted
build	Cache Android SDK	2026-06-06T12:22:53.6340214Z /usr/bin/tar: ../../../../../usr/local/lib/android/sdk/platforms/android-36-ext18/data/res/values-mcc310-mnc660-am: Cannot change mode to rwxr-xr-x: Operation not permitted
build	Cache Android SDK	2026-06-06T12:22:53.6343850Z /usr/bin/tar: ../../../../../usr/local/lib/android/sdk/platforms/android-36-ext18/data/res/values-mcc310-mnc240-b+sr+Latn: Cannot utime: Operation not permitted
build	Cache Android SDK	2026-06-06T12:22:53.6347910Z /usr/bin/tar: ../../../../../usr/local/lib/android/sdk/platforms/android-36-ext18/data/res/values-mcc310-mnc240-b+sr+Latn: Cannot change mode to rwxr-xr-x: Operation not permitted
build	Cache Android SDK	2026-06-06T12:22:53.6348426Z /usr/bin/tar: ../../../../../usr/local/lib/android/sdk/platforms/android-36-ext18/data/res/values-as-watch: Cannot utime: Operation not permitted
build	Cache Android SDK	2026-06-06T12:22:53.6349004Z /usr/bin/tar: ../../../../../usr/local/lib/android/sdk/platforms/android-36-ext18/data/res/values-as-watch: Cannot change mode to rwxr-xr-x: Operation not permitted
build	Cache Android SDK	2026-06-06T12:22:53.6350875Z /usr/bin/tar: ../../../../../usr/local/lib/android/sdk/platforms/android-36-ext18/data/res/values-mcc310-mnc270-fa: Cannot utime: Operation not permitted
build	Cache Android SDK	2026-06-06T12:22:53.6351343Z /usr/bin/tar: ../../../../../usr/local/lib/android/sdk/platforms/android-36-ext18/data/res/values-mcc310-mnc270-fa: Cannot change mode to rwxr-xr-x: Operation not permitted
build	Cache Android SDK	2026-06-06T12:22:53.6355186Z /usr/bin/tar: ../../../../../usr/local/lib/android/sdk/platforms/android-36-ext18/data/res/values-mcc310-mnc410-ky: Cannot utime: Operation not permitted
build	Cache Android SDK	2026-06-06T12:22:53.6355693Z /usr/bin/tar: ../../../../../usr/local/lib/android/sdk/platforms/android-36-ext18/data/res/values-mcc310-mnc410-ky: Cannot change mode to rwxr-xr-x: Operation not permitted
build	Cache Android SDK	2026-06-06T12:22:53.6359986Z /usr/bin/tar: ../../../../../usr/local/lib/android/sdk/platforms/android-36-ext18/data/res/values-mcc310-mnc030-lt: Cannot utime: Operation not permitted
build	Cache Android SDK	2026-06-06T12:22:53.6360462Z /usr/bin/tar: ../../../../../usr/local/lib/android/sdk/platforms/android-36-ext18/data/res/values-mcc310-mnc030-lt: Cannot change mode to rwxr-xr-x: Operation not permitted
build	Cache Android SDK	2026-06-06T12:22:53.6363698Z /usr/bin/tar: ../../../../../usr/local/lib/android/sdk/platforms/android-36-ext18/data/res/values-mcc310-mnc030-my: Cannot utime: Operation not permitted
build	Cache Android SDK	2026-06-06T12:22:53.6364158Z /usr/bin/tar: ../../../../../usr/local/lib/android/sdk/platforms/android-36-ext18/data/res/values-mcc310-mnc030-my: Cannot change mode to rwxr-xr-x: Operation not permitted
build	Cache Android SDK	2026-06-06T12:22:53.6369520Z /usr/bin/tar: ../../../../../usr/local/lib/android/sdk/platforms/android-36-ext18/data/res/values-mcc310-mnc270-my: Cannot utime: Operation not permitted
build	Cache Android SDK	2026-06-06T12:22:53.6369994Z /usr/bin/tar: ../../../../../usr/local/lib/android/sdk/platforms/android-36-ext18/data/res/values-mcc310-mnc270-my: Cannot change mode to rwxr-xr-x: Operation not permitted
build	Cache Android SDK	2026-06-06T12:22:53.6374198Z /usr/bin/tar: ../../../../../usr/local/lib/android/sdk/platforms/android-36-ext18/data/res/values-hi-television: Cannot utime: Operation not permitted
build	Cache Android SDK	2026-06-06T12:22:53.6374691Z /usr/bin/tar: ../../../../../usr/local/lib/android/sdk/platforms/android-36-ext18/data/res/values-hi-television: Cannot change mode to rwxr-xr-x: Operation not permitted
build	Cache Android SDK	2026-06-06T12:22:53.6379403Z /usr/bin/tar: ../../../../../usr/local/lib/android/sdk/platforms/android-36-ext18/data/res/values-mcc312-mnc670-sr: Cannot utime: Operation not permitted
build	Cache Android SDK	2026-06-06T12:22:53.6379869Z /usr/bin/tar: ../../../../../usr/local/lib/android/sdk/platforms/android-36-ext18/data/res/values-mcc312-mnc670-sr: Cannot change mode to rwxr-xr-x: Operation not permitted
build	Cache Android SDK	2026-06-06T12:22:53.6382649Z /usr/bin/tar: ../../../../../usr/local/lib/android/sdk/platforms/android-36-ext18/data/res/values-mcc310-mnc270-zh-rHK: Cannot utime: Operation not permitted
build	Cache Android SDK	2026-06-06T12:22:53.6383147Z /usr/bin/tar: ../../../../../usr/local/lib/android/sdk/platforms/android-36-ext18/data/res/values-mcc310-mnc270-zh-rHK: Cannot change mode to rwxr-xr-x: Operation not permitted
build	Cache Android SDK	2026-06-06T12:22:53.6387544Z /usr/bin/tar: ../../../../../usr/local/lib/android/sdk/platforms/android-36-ext18/data/res/values-mcc310-mnc560-pt: Cannot utime: Operation not permitted
build	Cache Android SDK	2026-06-06T12:22:53.6388021Z /usr/bin/tar: ../../../../../usr/local/lib/android/sdk/platforms/android-36-ext18/data/res/values-mcc310-mnc560-pt: Cannot change mode to rwxr-xr-x: Operation not permitted
build	Cache Android SDK	2026-06-06T12:22:53.6393677Z /usr/bin/tar: ../../../../../usr/local/lib/android/sdk/platforms/android-36-ext18/data/res/values-mcc310-mnc160-pt-rPT: Cannot utime: Operation not permitted
build	Cache Android SDK	2026-06-06T12:22:53.6394765Z /usr/bin/tar: ../../../../../usr/local/lib/android/sdk/platforms/android-36-ext18/data/res/values-mcc310-mnc160-pt-rPT: Cannot change mode to rwxr-xr-x: Operation not permitted
build	Cache Android SDK	2026-06-06T12:22:53.6398960Z /usr/bin/tar: ../../../../../usr/local/lib/android/sdk/platforms/android-36-ext18/data/res/values-mcc310-mnc490-fa: Cannot utime: Operation not permitted
build	Cache Android SDK	2026-06-06T12:22:53.6399452Z /usr/bin/tar: ../../../../../usr/local/lib/android/sdk/platforms/android-36-ext18/data/res/values-mcc310-mnc490-fa: Cannot change mode to rwxr-xr-x: Operation not permitted
build	Cache Android SDK	2026-06-06T12:22:53.6404686Z /usr/bin/tar: ../../../../../usr/local/lib/android/sdk/platforms/android-36-ext18/data/res/values-mcc302-mnc370-sq: Cannot utime: Operation not permitted
build	Cache Android SDK	2026-06-06T12:22:53.6405183Z /usr/bin/tar: ../../../../../usr/local/lib/android/sdk/platforms/android-36-ext18/data/res/values-mcc302-mnc370-sq: Cannot change mode to rwxr-xr-x: Operation not permitted
build	Cache Android SDK	2026-06-06T12:22:53.6408672Z /usr/bin/tar: ../../../../../usr/local/lib/android/sdk/platforms/android-36-ext18/data/res/values-mcc310-mnc210-fr: Cannot utime: Operation not permitted
build	Cache Android SDK	2026-06-06T12:22:53.6409135Z /usr/bin/tar: ../../../../../usr/local/lib/android/sdk/platforms/android-36-ext18/data/res/values-mcc310-mnc210-fr: Cannot change mode to rwxr-xr-x: Operation not permitted
build	Cache Android SDK	2026-06-06T12:22:53.6412968Z /usr/bin/tar: ../../../../../usr/local/lib/android/sdk/platforms/android-36-ext18/data/res/values-mcc310-mnc030-sl: Cannot utime: Operation not permitted
build	Cache Android SDK	2026-06-06T12:22:53.6413443Z /usr/bin/tar: ../../../../../usr/local/lib/android/sdk/platforms/android-36-ext18/data/res/values-mcc310-mnc030-sl: Cannot change mode to rwxr-xr-x: Operation not permitted
build	Cache Android SDK	2026-06-06T12:22:53.6415987Z /usr/bin/tar: ../../../../../usr/local/lib/android/sdk/platforms/android-36-ext18/data/res/values-mcc310-mnc410-tr: Cannot utime: Operation not permitted
build	Cache Android SDK	2026-06-06T12:22:53.6416462Z /usr/bin/tar: ../../../../../usr/local/lib/android/sdk/platforms/android-36-ext18/data/res/values-mcc310-mnc410-tr: Cannot change mode to rwxr-xr-x: Operation not permitted
build	Cache Android SDK	2026-06-06T12:22:53.6419392Z /usr/bin/tar: ../../../../../usr/local/lib/android/sdk/platforms/android-36-ext18/data/res/values-mcc302-mnc720-kn: Cannot utime: Operation not permitted
build	Cache Android SDK	2026-06-06T12:22:53.6419868Z /usr/bin/tar: ../../../../../usr/local/lib/android/sdk/platforms/android-36-ext18/data/res/values-mcc302-mnc720-kn: Cannot change mode to rwxr-xr-x: Operation not permitted
build	Cache Android SDK	2026-06-06T12:22:53.6428491Z /usr/bin/tar: ../../../../../usr/local/lib/android/sdk/platforms/android-36-ext18/data/res/values-mcc001-mnc01-fr: Cannot utime: Operation not permitted
build	Cache Android SDK	2026-06-06T12:22:53.6429084Z /usr/bin/tar: ../../../../../usr/local/lib/android/sdk/platforms/android-36-ext18/data/res/values-mcc001-mnc01-fr: Cannot change mode to rwxr-xr-x: Operation not permitted
build	Cache Android SDK	2026-06-06T12:22:53.6432448Z /usr/bin/tar: ../../../../../usr/local/lib/android/sdk/platforms/android-36-ext18/data/res/values-mcc310-mnc490-sq: Cannot utime: Operation not permitted
build	Cache Android SDK	2026-06-06T12:22:53.6432925Z /usr/bin/tar: ../../../../../usr/local/lib/android/sdk/platforms/android-36-ext18/data/res/values-mcc310-mnc490-sq: Cannot change mode to rwxr-xr-x: Operation not permitted
build	Cache Android SDK	2026-06-06T12:22:53.6436003Z /usr/bin/tar: ../../../../../usr/local/lib/android/sdk/platforms/android-36-ext18/data/res/values-mcc310-mnc170-el: Cannot utime: Operation not permitted
build	Cache Android SDK	2026-06-06T12:22:53.6436585Z /usr/bin/tar: ../../../../../usr/local/lib/android/sdk/platforms/android-36-ext18/data/res/values-mcc310-mnc170-el: Cannot change mode to rwxr-xr-x: Operation not permitted
build	Cache Android SDK	2026-06-06T12:22:53.6440085Z /usr/bin/tar: ../../../../../usr/local/lib/android/sdk/platforms/android-36-ext18/data/res/values-mcc310-mnc030-fi: Cannot utime: Operation not permitted
build	Cache Android SDK	2026-06-06T12:22:53.6440555Z /usr/bin/tar: ../../../../../usr/local/lib/android/sdk/platforms/android-36-ext18/data/res/values-mcc310-mnc030-fi: Cannot change mode to rwxr-xr-x: Operation not permitted
build	Cache Android SDK	2026-06-06T12:22:53.6446566Z /usr/bin/tar: ../../../../../usr/local/lib/android/sdk/platforms/android-36-ext18/data/res/values-mcc310-mnc560-pt-rBR: Cannot utime: Operation not permitted
build	Cache Android SDK	2026-06-06T12:22:53.6447148Z /usr/bin/tar: ../../../../../usr/local/lib/android/sdk/platforms/android-36-ext18/data/res/values-mcc310-mnc560-pt-rBR: Cannot change mode to rwxr-xr-x: Operation not permitted
build	Cache Android SDK	2026-06-06T12:22:53.6449908Z /usr/bin/tar: ../../../../../usr/local/lib/android/sdk/platforms/android-36-ext18/data/res/values-mcc310-mnc230-fi: Cannot utime: Operation not permitted
build	Cache Android SDK	2026-06-06T12:22:53.6450457Z /usr/bin/tar: ../../../../../usr/local/lib/android/sdk/platforms/android-36-ext18/data/res/values-mcc310-mnc230-fi: Cannot change mode to rwxr-xr-x: Operation not permitted
build	Cache Android SDK	2026-06-06T12:22:53.6453922Z /usr/bin/tar: ../../../../../usr/local/lib/android/sdk/platforms/android-36-ext18/data/res/drawable-w204dp: Cannot utime: Operation not permitted
build	Cache Android SDK	2026-06-06T12:22:53.6454460Z /usr/bin/tar: ../../../../../usr/local/lib/android/sdk/platforms/android-36-ext18/data/res/drawable-w204dp: Cannot change mode to rwxr-xr-x: Operation not permitted
build	Cache Android SDK	2026-06-06T12:22:53.6456669Z /usr/bin/tar: ../../../../../usr/local/lib/android/sdk/platforms/android-36-ext18/data/res/values-mcc310-mnc170-it: Cannot utime: Operation not permitted
build	Cache Android SDK	2026-06-06T12:22:53.6457290Z /usr/bin/tar: ../../../../../usr/local/lib/android/sdk/platforms/android-36-ext18/data/res/values-mcc310-mnc170-it: Cannot change mode to rwxr-xr-x: Operation not permitted
build	Cache Android SDK	2026-06-06T12:22:53.6466601Z /usr/bin/tar: ../../../../../usr/local/lib/android/sdk/platforms/android-36-ext18/data/res/values-as: Cannot utime: Operation not permitted
build	Cache Android SDK	2026-06-06T12:22:53.6467275Z /usr/bin/tar: ../../../../../usr/local/lib/android/sdk/platforms/android-36-ext18/data/res/values-as: Cannot change mode to rwxr-xr-x: Operation not permitted
build	Cache Android SDK	2026-06-06T12:22:53.6470582Z /usr/bin/tar: ../../../../../usr/local/lib/android/sdk/platforms/android-36-ext18/data/res/values-w320dp-h426dp: Cannot utime: Operation not permitted
build	Cache Android SDK	2026-06-06T12:22:53.6471049Z /usr/bin/tar: ../../../../../usr/local/lib/android/sdk/platforms/android-36-ext18/data/res/values-w320dp-h426dp: Cannot change mode to rwxr-xr-x: Operation not permitted
build	Cache Android SDK	2026-06-06T12:22:53.6474881Z /usr/bin/tar: ../../../../../usr/local/lib/android/sdk/platforms/android-36-ext18/data/res/values-mcc310-mnc270-bs: Cannot utime: Operation not permitted
build	Cache Android SDK	2026-06-06T12:22:53.6475355Z /usr/bin/tar: ../../../../../usr/local/lib/android/sdk/platforms/android-36-ext18/data/res/values-mcc310-mnc270-bs: Cannot change mode to rwxr-xr-x: Operation not permitted
build	Cache Android SDK	2026-06-06T12:22:53.6478676Z /usr/bin/tar: ../../../../../usr/local/lib/android/sdk/platforms/android-36-ext18/data/res/values-mcc310-mnc230-sr: Cannot utime: Operation not permitted
build	Cache Android SDK	2026-06-06T12:22:53.6479148Z /usr/bin/tar: ../../../../../usr/local/lib/android/sdk/platforms/android-36-ext18/data/res/values-mcc310-mnc230-sr: Cannot change mode to rwxr-xr-x: Operation not permitted
build	Cache Android SDK	2026-06-06T12:22:53.6482489Z /usr/bin/tar: ../../../../../usr/local/lib/android/sdk/platforms/android-36-ext18/data/res/values-mcc313-mnc100-si: Cannot utime: Operation not permitted
build	Cache Android SDK	2026-06-06T12:22:53.6482959Z /usr/bin/tar: ../../../../../usr/local/lib/android/sdk/platforms/android-36-ext18/data/res/values-mcc313-mnc100-si: Cannot change mode to rwxr-xr-x: Operation not permitted
build	Cache Android SDK	2026-06-06T12:22:53.6490609Z /usr/bin/tar: ../../../../../usr/local/lib/android/sdk/platforms/android-36-ext18/data/res/values-bs: Cannot utime: Operation not permitted
build	Cache Android SDK	2026-06-06T12:22:53.6491288Z /usr/bin/tar: ../../../../../usr/local/lib/android/sdk/platforms/android-36-ext18/data/res/values-bs: Cannot change mode to rwxr-xr-x: Operation not permitted
build	Cache Android SDK	2026-06-06T12:22:53.6495584Z /usr/bin/tar: ../../../../../usr/local/lib/android/sdk/platforms/android-36-ext18/data/res/values-mcc310-mnc230-pt-rPT: Cannot utime: Operation not permitted
build	Cache Android SDK	2026-06-06T12:22:53.6496189Z /usr/bin/tar: ../../../../../usr/local/lib/android/sdk/platforms/android-36-ext18/data/res/values-mcc310-mnc230-pt-rPT: Cannot change mode to rwxr-xr-x: Operation not permitted
build	Cache Android SDK	2026-06-06T12:22:53.6502251Z /usr/bin/tar: ../../../../../usr/local/lib/android/sdk/platforms/android-36-ext18/data/res/values-mcc310-mnc170-zh-rCN: Cannot utime: Operation not permitted
build	Cache Android SDK	2026-06-06T12:22:53.6502826Z /usr/bin/tar: ../../../../../usr/local/lib/android/sdk/platforms/android-36-ext18/data/res/values-mcc310-mnc170-zh-rCN: Cannot change mode to rwxr-xr-x: Operation not permitted
build	Cache Android SDK	2026-06-06T12:22:53.6507510Z /usr/bin/tar: ../../../../../usr/local/lib/android/sdk/platforms/android-36-ext18/data/res/values-mcc313-mnc100-lo: Cannot utime: Operation not permitted
build	Cache Android SDK	2026-06-06T12:22:53.6508146Z /usr/bin/tar: ../../../../../usr/local/lib/android/sdk/platforms/android-36-ext18/data/res/values-mcc313-mnc100-lo: Cannot change mode to rwxr-xr-x: Operation not permitted
build	Cache Android SDK	2026-06-06T12:22:53.6511795Z /usr/bin/tar: ../../../../../usr/local/lib/android/sdk/platforms/android-36-ext18/data/res/values-mcc302-mnc370-th: Cannot utime: Operation not permitted
build	Cache Android SDK	2026-06-06T12:22:53.6512261Z /usr/bin/tar: ../../../../../usr/local/lib/android/sdk/platforms/android-36-ext18/data/res/values-mcc302-mnc370-th: Cannot change mode to rwxr-xr-x: Operation not permitted
build	Cache Android SDK	2026-06-06T12:22:53.6516296Z /usr/bin/tar: ../../../../../usr/local/lib/android/sdk/platforms/android-36-ext18/data/res/values-mcc310-mnc160-si: Cannot utime: Operation not permitted
build	Cache Android SDK	2026-06-06T12:22:53.6516765Z /usr/bin/tar: ../../../../../usr/local/lib/android/sdk/platforms/android-36-ext18/data/res/values-mcc310-mnc160-si: Cannot change mode to rwxr-xr-x: Operation not permitted
build	Cache Android SDK	2026-06-06T12:22:53.6522477Z /usr/bin/tar: ../../../../../usr/local/lib/android/sdk/platforms/android-36-ext18/data/res/values-mcc311-mnc180-or: Cannot utime: Operation not permitted
build	Cache Android SDK	2026-06-06T12:22:53.6526310Z /usr/bin/tar: ../../../../../usr/local/lib/android/sdk/platforms/android-36-ext18/data/res/values-mcc311-mnc180-or: Cannot change mode to rwxr-xr-x: Operation not permitted
build	Cache Android SDK	2026-06-06T12:22:53.6526727Z /usr/bin/tar: ../../../../../usr/local/lib/android/sdk/platforms/android-36-ext18/data/res/values-mcc312-mnc670-hu: Cannot utime: Operation not permitted
build	Cache Android SDK	2026-06-06T12:22:53.6527187Z /usr/bin/tar: ../../../../../usr/local/lib/android/sdk/platforms/android-36-ext18/data/res/values-mcc312-mnc670-hu: Cannot change mode to rwxr-xr-x: Operation not permitted
build	Cache Android SDK	2026-06-06T12:22:53.6530218Z /usr/bin/tar: ../../../../../usr/local/lib/android/sdk/platforms/android-36-ext18/data/res/values-mcc302-mnc720-ml: Cannot utime: Operation not permitted
build	Cache Android SDK	2026-06-06T12:22:53.6530686Z /usr/bin/tar: ../../../../../usr/local/lib/android/sdk/platforms/android-36-ext18/data/res/values-mcc302-mnc720-ml: Cannot change mode to rwxr-xr-x: Operation not permitted
build	Cache Android SDK	2026-06-06T12:22:53.6533909Z /usr/bin/tar: ../../../../../usr/local/lib/android/sdk/platforms/android-36-ext18/data/res/values-mcc310-mnc410-pt: Cannot utime: Operation not permitted
build	Cache Android SDK	2026-06-06T12:22:53.6534363Z /usr/bin/tar: ../../../../../usr/local/lib/android/sdk/platforms/android-36-ext18/data/res/values-mcc310-mnc410-pt: Cannot change mode to rwxr-xr-x: Operation not permitted
build	Cache Android SDK	2026-06-06T12:22:53.6538302Z /usr/bin/tar: ../../../../../usr/local/lib/android/sdk/platforms/android-36-ext18/data/res/values-mcc313-mnc100-zu: Cannot utime: Operation not permitted
build	Cache Android SDK	2026-06-06T12:22:53.6541519Z /usr/bin/tar: ../../../../../usr/local/lib/android/sdk/platforms/android-36-ext18/data/res/values-mcc313-mnc100-zu: Cannot change mode to rwxr-xr-x: Operation not permitted
build	Cache Android SDK	2026-06-06T12:22:53.6542041Z /usr/bin/tar: ../../../../../usr/local/lib/android/sdk/platforms/android-36-ext18/data/res/values-mcc310-mnc560-ca: Cannot utime: Operation not permitted
build	Cache Android SDK	2026-06-06T12:22:53.6542501Z /usr/bin/tar: ../../../../../usr/local/lib/android/sdk/platforms/android-36-ext18/data/res/values-mcc310-mnc560-ca: Cannot change mode to rwxr-xr-x: Operation not permitted
build	Cache Android SDK	2026-06-06T12:22:53.6545018Z /usr/bin/tar: ../../../../../usr/local/lib/android/sdk/platforms/android-36-ext18/data/res/values-bg-watch: Cannot utime: Operation not permitted
build	Cache Android SDK	2026-06-06T12:22:53.6545458Z /usr/bin/tar: ../../../../../usr/local/lib/android/sdk/platforms/android-36-ext18/data/res/values-bg-watch: Cannot change mode to rwxr-xr-x: Operation not permitted
build	Cache Android SDK	2026-06-06T12:22:53.6886197Z /usr/bin/tar: ../../../../../usr/local/lib/android/sdk/platforms/android-36-ext18/data/res/drawable: Cannot utime: Operation not permitted
build	Cache Android SDK	2026-06-06T12:22:53.6886898Z /usr/bin/tar: ../../../../../usr/local/lib/android/sdk/platforms/android-36-ext18/data/res/drawable: Cannot change mode to rwxr-xr-x: Operation not permitted
build	Cache Android SDK	2026-06-06T12:22:53.6890470Z /usr/bin/tar: ../../../../../usr/local/lib/android/sdk/platforms/android-36-ext18/data/res/values-mcc310-mnc280-te: Cannot utime: Operation not permitted
build	Cache Android SDK	2026-06-06T12:22:53.6890962Z /usr/bin/tar: ../../../../../usr/local/lib/android/sdk/platforms/android-36-ext18/data/res/values-mcc310-mnc280-te: Cannot change mode to rwxr-xr-x: Operation not permitted
build	Cache Android SDK	2026-06-06T12:22:53.6898110Z /usr/bin/tar: ../../../../../usr/local/lib/android/sdk/platforms/android-36-ext18/data/res/values-mcc312-mnc670-lo: Cannot utime: Operation not permitted
build	Cache Android SDK	2026-06-06T12:22:53.6898585Z /usr/bin/tar: ../../../../../usr/local/lib/android/sdk/platforms/android-36-ext18/data/res/values-mcc312-mnc670-lo: Cannot change mode to rwxr-xr-x: Operation not permitted
build	Cache Android SDK	2026-06-06T12:22:53.6905301Z /usr/bin/tar: ../../../../../usr/local/lib/android/sdk/platforms/android-36-ext18/data/res/values-mcc310-mnc210-ro: Cannot utime: Operation not permitted
build	Cache Android SDK	2026-06-06T12:22:53.6905771Z /usr/bin/tar: ../../../../../usr/local/lib/android/sdk/platforms/android-36-ext18/data/res/values-mcc310-mnc210-ro: Cannot change mode to rwxr-xr-x: Operation not permitted
build	Cache Android SDK	2026-06-06T12:22:53.6913330Z /usr/bin/tar: ../../../../../usr/local/lib/android/sdk/platforms/android-36-ext18/data/res/values-mcc302-mnc720-be: Cannot utime: Operation not permitted
build	Cache Android SDK	2026-06-06T12:22:53.6913918Z /usr/bin/tar: ../../../../../usr/local/lib/android/sdk/platforms/android-36-ext18/data/res/values-mcc302-mnc720-be: Cannot change mode to rwxr-xr-x: Operation not permitted
build	Cache Android SDK	2026-06-06T12:22:53.6918964Z /usr/bin/tar: ../../../../../usr/local/lib/android/sdk/platforms/android-36-ext18/data/res/values-ne-television: Cannot utime: Operation not permitted
build	Cache Android SDK	2026-06-06T12:22:53.6919475Z /usr/bin/tar: ../../../../../usr/local/lib/android/sdk/platforms/android-36-ext18/data/res/values-ne-television: Cannot change mode to rwxr-xr-x: Operation not permitted
build	Cache Android SDK	2026-06-06T12:22:53.6924592Z /usr/bin/tar: ../../../../../usr/local/lib/android/sdk/platforms/android-36-ext18/data/res/values-mcc310-mnc660-ms: Cannot utime: Operation not permitted
build	Cache Android SDK	2026-06-06T12:22:53.6925192Z /usr/bin/tar: ../../../../../usr/local/lib/android/sdk/platforms/android-36-ext18/data/res/values-mcc310-mnc660-ms: Cannot change mode to rwxr-xr-x: Operation not permitted
build	Cache Android SDK	2026-06-06T12:22:53.6929026Z /usr/bin/tar: ../../../../../usr/local/lib/android/sdk/platforms/android-36-ext18/data/res/values-mcc310-mnc490-hy: Cannot utime: Operation not permitted
build	Cache Android SDK	2026-06-06T12:22:53.6929504Z /usr/bin/tar: ../../../../../usr/local/lib/android/sdk/platforms/android-36-ext18/data/res/values-mcc310-mnc490-hy: Cannot change mode to rwxr-xr-x: Operation not permitted
build	Cache Android SDK	2026-06-06T12:22:53.6932643Z /usr/bin/tar: ../../../../../usr/local/lib/android/sdk/platforms/android-36-ext18/data/res/values-mcc311-mnc180-as: Cannot utime: Operation not permitted
build	Cache Android SDK	2026-06-06T12:22:53.6933111Z /usr/bin/tar: ../../../../../usr/local/lib/android/sdk/platforms/android-36-ext18/data/res/values-mcc311-mnc180-as: Cannot change mode to rwxr-xr-x: Operation not permitted
build	Cache Android SDK	2026-06-06T12:22:53.6936907Z /usr/bin/tar: ../../../../../usr/local/lib/android/sdk/platforms/android-36-ext18/data/res/values-zh-rHK-watch: Cannot utime: Operation not permitted
build	Cache Android SDK	2026-06-06T12:22:53.6937520Z /usr/bin/tar: ../../../../../usr/local/lib/android/sdk/platforms/android-36-ext18/data/res/values-zh-rHK-watch: Cannot change mode to rwxr-xr-x: Operation not permitted
build	Cache Android SDK	2026-06-06T12:22:53.6941069Z /usr/bin/tar: ../../../../../usr/local/lib/android/sdk/platforms/android-36-ext18/data/res/values-mcc310-mnc560-tl: Cannot utime: Operation not permitted
build	Cache Android SDK	2026-06-06T12:22:53.6941614Z /usr/bin/tar: ../../../../../usr/local/lib/android/sdk/platforms/android-36-ext18/data/res/values-mcc310-mnc560-tl: Cannot change mode to rwxr-xr-x: Operation not permitted
build	Cache Android SDK	2026-06-06T12:22:53.6947599Z /usr/bin/tar: ../../../../../usr/local/lib/android/sdk/platforms/android-36-ext18/data/res/values-mcc310-mnc210-es-rUS: Cannot utime: Operation not permitted
build	Cache Android SDK	2026-06-06T12:22:53.6948141Z /usr/bin/tar: ../../../../../usr/local/lib/android/sdk/platforms/android-36-ext18/data/res/values-mcc310-mnc210-es-rUS: Cannot change mode to rwxr-xr-x: Operation not permitted
build	Cache Android SDK	2026-06-06T12:22:53.6951471Z /usr/bin/tar: ../../../../../usr/local/lib/android/sdk/platforms/android-36-ext18/data/res/values-mcc312-mnc670-b+sr+Latn: Cannot utime: Operation not permitted
build	Cache Android SDK	2026-06-06T12:22:53.6951960Z /usr/bin/tar: ../../../../../usr/local/lib/android/sdk/platforms/android-36-ext18/data/res/values-mcc312-mnc670-b+sr+Latn: Cannot change mode to rwxr-xr-x: Operation not permitted
build	Cache Android SDK	2026-06-06T12:22:53.6955920Z /usr/bin/tar: ../../../../../usr/local/lib/android/sdk/platforms/android-36-ext18/data/res/values-mcc310-mnc210-tr: Cannot utime: Operation not permitted
build	Cache Android SDK	2026-06-06T12:22:53.6956451Z /usr/bin/tar: ../../../../../usr/local/lib/android/sdk/platforms/android-36-ext18/data/res/values-mcc310-mnc210-tr: Cannot change mode to rwxr-xr-x: Operation not permitted
build	Cache Android SDK	2026-06-06T12:22:53.6960127Z /usr/bin/tar: ../../../../../usr/local/lib/android/sdk/platforms/android-36-ext18/data/res/values-mcc302-mnc720-iw: Cannot utime: Operation not permitted
build	Cache Android SDK	2026-06-06T12:22:53.6960593Z /usr/bin/tar: ../../../../../usr/local/lib/android/sdk/platforms/android-36-ext18/data/res/values-mcc302-mnc720-iw: Cannot change mode to rwxr-xr-x: Operation not permitted
build	Cache Android SDK	2026-06-06T12:22:53.6964218Z /usr/bin/tar: ../../../../../usr/local/lib/android/sdk/platforms/android-36-ext18/data/res/values-mcc310-mnc230-eu: Cannot utime: Operation not permitted
build	Cache Android SDK	2026-06-06T12:22:53.6964674Z /usr/bin/tar: ../../../../../usr/local/lib/android/sdk/platforms/android-36-ext18/data/res/values-mcc310-mnc230-eu: Cannot change mode to rwxr-xr-x: Operation not permitted
build	Cache Android SDK	2026-06-06T12:22:53.6967930Z /usr/bin/tar: ../../../../../usr/local/lib/android/sdk/platforms/android-36-ext18/data/res/values-mcc310-mnc160-ar: Cannot utime: Operation not permitted
build	Cache Android SDK	2026-06-06T12:22:53.6968400Z /usr/bin/tar: ../../../../../usr/local/lib/android/sdk/platforms/android-36-ext18/data/res/values-mcc310-mnc160-ar: Cannot change mode to rwxr-xr-x: Operation not permitted
build	Cache Android SDK	2026-06-06T12:22:53.6972182Z /usr/bin/tar: ../../../../../usr/local/lib/android/sdk/platforms/android-36-ext18/data/res/values-cs-watch: Cannot utime: Operation not permitted
build	Cache Android SDK	2026-06-06T12:22:53.6972624Z /usr/bin/tar: ../../../../../usr/local/lib/android/sdk/platforms/android-36-ext18/data/res/values-cs-watch: Cannot change mode to rwxr-xr-x: Operation not permitted
build	Cache Android SDK	2026-06-06T12:22:53.6976244Z /usr/bin/tar: ../../../../../usr/local/lib/android/sdk/platforms/android-36-ext18/data/res/values-mcc302-mnc720-en-rCA: Cannot utime: Operation not permitted
build	Cache Android SDK	2026-06-06T12:22:53.6976720Z /usr/bin/tar: ../../../../../usr/local/lib/android/sdk/platforms/android-36-ext18/data/res/values-mcc302-mnc720-en-rCA: Cannot change mode to rwxr-xr-x: Operation not permitted
build	Cache Android SDK	2026-06-06T12:22:53.6984739Z /usr/bin/tar: ../../../../../usr/local/lib/android/sdk/platforms/android-36-ext18/data/res/values-ml: Cannot utime: Operation not permitted
build	Cache Android SDK	2026-06-06T12:22:53.6985724Z /usr/bin/tar: ../../../../../usr/local/lib/android/sdk/platforms/android-36-ext18/data/res/values-ml: Cannot change mode to rwxr-xr-x: Operation not permitted
build	Cache Android SDK	2026-06-06T12:22:53.6988203Z /usr/bin/tar: ../../../../../usr/local/lib/android/sdk/platforms/android-36-ext18/data/res/values-mcc310-mnc150-my: Cannot utime: Operation not permitted
build	Cache Android SDK	2026-06-06T12:22:53.6988682Z /usr/bin/tar: ../../../../../usr/local/lib/android/sdk/platforms/android-36-ext18/data/res/values-mcc310-mnc150-my: Cannot change mode to rwxr-xr-x: Operation not permitted
build	Cache Android SDK	2026-06-06T12:22:53.6992157Z /usr/bin/tar: ../../../../../usr/local/lib/android/sdk/platforms/android-36-ext18/data/res/values-pt-rBR-television: Cannot utime: Operation not permitted
build	Cache Android SDK	2026-06-06T12:22:53.6992648Z /usr/bin/tar: ../../../../../usr/local/lib/android/sdk/platforms/android-36-ext18/data/res/values-pt-rBR-television: Cannot change mode to rwxr-xr-x: Operation not permitted
build	Cache Android SDK	2026-06-06T12:22:53.6995773Z /usr/bin/tar: ../../../../../usr/local/lib/android/sdk/platforms/android-36-ext18/data/res/values-mcc310-mnc030-af: Cannot utime: Operation not permitted
build	Cache Android SDK	2026-06-06T12:22:53.6996246Z /usr/bin/tar: ../../../../../usr/local/lib/android/sdk/platforms/android-36-ext18/data/res/values-mcc310-mnc030-af: Cannot change mode to rwxr-xr-x: Operation not permitted
build	Cache Android SDK	2026-06-06T12:22:53.7003698Z /usr/bin/tar: ../../../../../usr/local/lib/android/sdk/platforms/android-36-ext18/data/res/values-mcc310-mnc280-ar: Cannot utime: Operation not permitted
build	Cache Android SDK	2026-06-06T12:22:53.7004280Z /usr/bin/tar: ../../../../../usr/local/lib/android/sdk/platforms/android-36-ext18/data/res/values-mcc310-mnc280-ar: Cannot change mode to rwxr-xr-x: Operation not permitted
build	Cache Android SDK	2026-06-06T12:22:53.7007621Z /usr/bin/tar: ../../../../../usr/local/lib/android/sdk/platforms/android-36-ext18/data/res/values-mcc310-mnc160-bg: Cannot utime: Operation not permitted
build	Cache Android SDK	2026-06-06T12:22:53.7008164Z /usr/bin/tar: ../../../../../usr/local/lib/android/sdk/platforms/android-36-ext18/data/res/values-mcc310-mnc160-bg: Cannot change mode to rwxr-xr-x: Operation not permitted
build	Cache Android SDK	2026-06-06T12:22:53.7012780Z /usr/bin/tar: ../../../../../usr/local/lib/android/sdk/platforms/android-36-ext18/data/res/values-ml-watch: Cannot utime: Operation not permitted
build	Cache Android SDK	2026-06-06T12:22:53.7013227Z /usr/bin/tar: ../../../../../usr/local/lib/android/sdk/platforms/android-36-ext18/data/res/values-ml-watch: Cannot change mode to rwxr-xr-x: Operation not permitted
build	Cache Android SDK	2026-06-06T12:22:53.7019290Z /usr/bin/tar: ../../../../../usr/local/lib/android/sdk/platforms/android-36-ext18/data/res/values-mcc310-mnc210-ur: Cannot utime: Operation not permitted
build	Cache Android SDK	2026-06-06T12:22:53.7019756Z /usr/bin/tar: ../../../../../usr/local/lib/android/sdk/platforms/android-36-ext18/data/res/values-mcc310-mnc210-ur: Cannot change mode to rwxr-xr-x: Operation not permitted
build	Cache Android SDK	2026-06-06T12:22:53.7023206Z /usr/bin/tar: ../../../../../usr/local/lib/android/sdk/platforms/android-36-ext18/data/res/values-mcc310-mnc240-hr: Cannot utime: Operation not permitted
build	Cache Android SDK	2026-06-06T12:22:53.7023671Z /usr/bin/tar: ../../../../../usr/local/lib/android/sdk/platforms/android-36-ext18/data/res/values-mcc310-mnc240-hr: Cannot change mode to rwxr-xr-x: Operation not permitted
build	Cache Android SDK	2026-06-06T12:22:53.7026966Z /usr/bin/tar: ../../../../../usr/local/lib/android/sdk/platforms/android-36-ext18/data/res/values-mcc310-mnc160-en-rGB: Cannot utime: Operation not permitted
build	Cache Android SDK	2026-06-06T12:22:53.7027577Z /usr/bin/tar: ../../../../../usr/local/lib/android/sdk/platforms/android-36-ext18/data/res/values-mcc310-mnc160-en-rGB: Cannot change mode to rwxr-xr-x: Operation not permitted
build	Cache Android SDK	2026-06-06T12:22:53.7033517Z /usr/bin/tar: ../../../../../usr/local/lib/android/sdk/platforms/android-36-ext18/data/res/values-fr-rCA-watch: Cannot utime: Operation not permitted
build	Cache Android SDK	2026-06-06T12:22:53.7033979Z /usr/bin/tar: ../../../../../usr/local/lib/android/sdk/platforms/android-36-ext18/data/res/values-fr-rCA-watch: Cannot change mode to rwxr-xr-x: Operation not permitted
build	Cache Android SDK	2026-06-06T12:22:53.7037257Z /usr/bin/tar: ../../../../../usr/local/lib/android/sdk/platforms/android-36-ext18/data/res/values-mcc310-mnc560-es-rUS: Cannot utime: Operation not permitted
build	Cache Android SDK	2026-06-06T12:22:53.7038021Z /usr/bin/tar: ../../../../../usr/local/lib/android/sdk/platforms/android-36-ext18/data/res/values-mcc310-mnc560-es-rUS: Cannot change mode to rwxr-xr-x: Operation not permitted
build	Cache Android SDK	2026-06-06T12:22:53.7041632Z /usr/bin/tar: ../../../../../usr/local/lib/android/sdk/platforms/android-36-ext18/data/res/values-mcc310-mnc300: Cannot utime: Operation not permitted
build	Cache Android SDK	2026-06-06T12:22:53.7042627Z /usr/bin/tar: ../../../../../usr/local/lib/android/sdk/platforms/android-36-ext18/data/res/values-mcc310-mnc300: Cannot change mode to rwxr-xr-x: Operation not permitted
build	Cache Android SDK	2026-06-06T12:22:53.7045440Z /usr/bin/tar: ../../../../../usr/local/lib/android/sdk/platforms/android-36-ext18/data/res/values-mcc310-mnc310-gu: Cannot utime: Operation not permitted
build	Cache Android SDK	2026-06-06T12:22:53.7050040Z /usr/bin/tar: ../../../../../usr/local/lib/android/sdk/platforms/android-36-ext18/data/res/values-mcc310-mnc310-gu: Cannot change mode to rwxr-xr-x: Operation not permitted
build	Cache Android SDK	2026-06-06T12:22:53.7050473Z /usr/bin/tar: ../../../../../usr/local/lib/android/sdk/platforms/android-36-ext18/data/res/values-mcc310-mnc560-en-rIN: Cannot utime: Operation not permitted
build	Cache Android SDK	2026-06-06T12:22:53.7050956Z /usr/bin/tar: ../../../../../usr/local/lib/android/sdk/platforms/android-36-ext18/data/res/values-mcc310-mnc560-en-rIN: Cannot change mode to rwxr-xr-x: Operation not permitted
build	Cache Android SDK	2026-06-06T12:22:53.7054263Z /usr/bin/tar: ../../../../../usr/local/lib/android/sdk/platforms/android-36-ext18/data/res/values-mcc310-mnc280-da: Cannot utime: Operation not permitted
build	Cache Android SDK	2026-06-06T12:22:53.7054727Z /usr/bin/tar: ../../../../../usr/local/lib/android/sdk/platforms/android-36-ext18/data/res/values-mcc310-mnc280-da: Cannot change mode to rwxr-xr-x: Operation not permitted
build	Cache Android SDK	2026-06-06T12:22:53.7057917Z /usr/bin/tar: ../../../../../usr/local/lib/android/sdk/platforms/android-36-ext18/data/res/values-mcc311-mnc180-fr: Cannot utime: Operation not permitted
build	Cache Android SDK	2026-06-06T12:22:53.7058387Z /usr/bin/tar: ../../../../../usr/local/lib/android/sdk/platforms/android-36-ext18/data/res/values-mcc311-mnc180-fr: Cannot change mode to rwxr-xr-x: Operation not permitted
build	Cache Android SDK	2026-06-06T12:22:53.7061675Z /usr/bin/tar: ../../../../../usr/local/lib/android/sdk/platforms/android-36-ext18/data/res/values-mcc310-mnc310-ms: Cannot utime: Operation not permitted
build	Cache Android SDK	2026-06-06T12:22:53.7062134Z /usr/bin/tar: ../../../../../usr/local/lib/android/sdk/platforms/android-36-ext18/data/res/values-mcc310-mnc310-ms: Cannot change mode to rwxr-xr-x: Operation not permitted
build	Cache Android SDK	2026-06-06T12:22:53.7064499Z /usr/bin/tar: ../../../../../usr/local/lib/android/sdk/platforms/android-36-ext18/data/res/values-mcc310-mnc170-te: Cannot utime: Operation not permitted
build	Cache Android SDK	2026-06-06T12:22:53.7064956Z /usr/bin/tar: ../../../../../usr/local/lib/android/sdk/platforms/android-36-ext18/data/res/values-mcc310-mnc170-te: Cannot change mode to rwxr-xr-x: Operation not permitted
build	Cache Android SDK	2026-06-06T12:22:53.7070653Z /usr/bin/tar: ../../../../../usr/local/lib/android/sdk/platforms/android-36-ext18/data/res/values-mcc001-mnc01-te: Cannot utime: Operation not permitted
build	Cache Android SDK	2026-06-06T12:22:53.7071394Z /usr/bin/tar: ../../../../../usr/local/lib/android/sdk/platforms/android-36-ext18/data/res/values-mcc001-mnc01-te: Cannot change mode to rwxr-xr-x: Operation not permitted
build	Cache Android SDK	2026-06-06T12:22:53.7073599Z /usr/bin/tar: ../../../../../usr/local/lib/android/sdk/platforms/android-36-ext18/data/res/values-mcc310-mnc310-mr: Cannot utime: Operation not permitted
build	Cache Android SDK	2026-06-06T12:22:53.7074068Z /usr/bin/tar: ../../../../../usr/local/lib/android/sdk/platforms/android-36-ext18/data/res/values-mcc310-mnc310-mr: Cannot change mode to rwxr-xr-x: Operation not permitted
build	Cache Android SDK	2026-06-06T12:22:53.7076667Z /usr/bin/tar: ../../../../../usr/local/lib/android/sdk/platforms/android-36-ext18/data/res/values-mcc310-mnc660-tr: Cannot utime: Operation not permitted
build	Cache Android SDK	2026-06-06T12:22:53.7077120Z /usr/bin/tar: ../../../../../usr/local/lib/android/sdk/platforms/android-36-ext18/data/res/values-mcc310-mnc660-tr: Cannot change mode to rwxr-xr-x: Operation not permitted
build	Cache Android SDK	2026-06-06T12:22:53.7080092Z /usr/bin/tar: ../../../../../usr/local/lib/android/sdk/platforms/android-36-ext18/data/res/values-mcc302-mnc370-iw: Cannot utime: Operation not permitted
build	Cache Android SDK	2026-06-06T12:22:53.7080568Z /usr/bin/tar: ../../../../../usr/local/lib/android/sdk/platforms/android-36-ext18/data/res/values-mcc302-mnc370-iw: Cannot change mode to rwxr-xr-x: Operation not permitted
build	Cache Android SDK	2026-06-06T12:22:53.7083357Z /usr/bin/tar: ../../../../../usr/local/lib/android/sdk/platforms/android-36-ext18/data/res/values-mcc334-mnc020-tr: Cannot utime: Operation not permitted
build	Cache Android SDK	2026-06-06T12:22:53.7083910Z /usr/bin/tar: ../../../../../usr/local/lib/android/sdk/platforms/android-36-ext18/data/res/values-mcc334-mnc020-tr: Cannot change mode to rwxr-xr-x: Operation not permitted
build	Cache Android SDK	2026-06-06T12:22:53.7086367Z /usr/bin/tar: ../../../../../usr/local/lib/android/sdk/platforms/android-36-ext18/data/res/values-mcc310-mnc030-in: Cannot utime: Operation not permitted
build	Cache Android SDK	2026-06-06T12:22:53.7086839Z /usr/bin/tar: ../../../../../usr/local/lib/android/sdk/platforms/android-36-ext18/data/res/values-mcc310-mnc030-in: Cannot change mode to rwxr-xr-x: Operation not permitted
build	Cache Android SDK	2026-06-06T12:22:53.7089589Z /usr/bin/tar: ../../../../../usr/local/lib/android/sdk/platforms/android-36-ext18/data/res/values-mcc310-mnc310-ne: Cannot utime: Operation not permitted
build	Cache Android SDK	2026-06-06T12:22:53.7090055Z /usr/bin/tar: ../../../../../usr/local/lib/android/sdk/platforms/android-36-ext18/data/res/values-mcc310-mnc310-ne: Cannot change mode to rwxr-xr-x: Operation not permitted
build	Cache Android SDK	2026-06-06T12:22:53.7092299Z /usr/bin/tar: ../../../../../usr/local/lib/android/sdk/platforms/android-36-ext18/data/res/values-mcc310-mnc240-de: Cannot utime: Operation not permitted
build	Cache Android SDK	2026-06-06T12:22:53.7092818Z /usr/bin/tar: ../../../../../usr/local/lib/android/sdk/platforms/android-36-ext18/data/res/values-mcc310-mnc240-de: Cannot change mode to rwxr-xr-x: Operation not permitted
build	Cache Android SDK	2026-06-06T12:22:53.7095295Z /usr/bin/tar: ../../../../../usr/local/lib/android/sdk/platforms/android-36-ext18/data/res/values-mcc310-mnc490-bn: Cannot utime: Operation not permitted
build	Cache Android SDK	2026-06-06T12:22:53.7095760Z /usr/bin/tar: ../../../../../usr/local/lib/android/sdk/platforms/android-36-ext18/data/res/values-mcc310-mnc490-bn: Cannot change mode to rwxr-xr-x: Operation not permitted
build	Cache Android SDK	2026-06-06T12:22:53.7098530Z /usr/bin/tar: ../../../../../usr/local/lib/android/sdk/platforms/android-36-ext18/data/res/values-mcc310-mnc280-sq: Cannot utime: Operation not permitted
build	Cache Android SDK	2026-06-06T12:22:53.7099001Z /usr/bin/tar: ../../../../../usr/local/lib/android/sdk/platforms/android-36-ext18/data/res/values-mcc310-mnc280-sq: Cannot change mode to rwxr-xr-x: Operation not permitted
build	Cache Android SDK	2026-06-06T12:22:53.7101616Z /usr/bin/tar: ../../../../../usr/local/lib/android/sdk/platforms/android-36-ext18/data/res/values-mcc310-mnc380-si: Cannot utime: Operation not permitted
build	Cache Android SDK	2026-06-06T12:22:53.7102081Z /usr/bin/tar: ../../../../../usr/local/lib/android/sdk/platforms/android-36-ext18/data/res/values-mcc310-mnc380-si: Cannot change mode to rwxr-xr-x: Operation not permitted
build	Cache Android SDK	2026-06-06T12:22:53.7104791Z /usr/bin/tar: ../../../../../usr/local/lib/android/sdk/platforms/android-36-ext18/data/res/values-mcc313-mnc100-zh-rTW: Cannot utime: Operation not permitted
build	Cache Android SDK	2026-06-06T12:22:53.7105270Z /usr/bin/tar: ../../../../../usr/local/lib/android/sdk/platforms/android-36-ext18/data/res/values-mcc313-mnc100-zh-rTW: Cannot change mode to rwxr-xr-x: Operation not permitted
build	Cache Android SDK	2026-06-06T12:22:53.7107715Z /usr/bin/tar: ../../../../../usr/local/lib/android/sdk/platforms/android-36-ext18/data/res/values-mcc310-mnc250-pt-rBR: Cannot utime: Operation not permitted
build	Cache Android SDK	2026-06-06T12:22:53.7108209Z /usr/bin/tar: ../../../../../usr/local/lib/android/sdk/platforms/android-36-ext18/data/res/values-mcc310-mnc250-pt-rBR: Cannot change mode to rwxr-xr-x: Operation not permitted
build	Cache Android SDK	2026-06-06T12:22:53.7110686Z /usr/bin/tar: ../../../../../usr/local/lib/android/sdk/platforms/android-36-ext18/data/res/values-mcc310-mnc310-kn: Cannot utime: Operation not permitted
build	Cache Android SDK	2026-06-06T12:22:53.7111228Z /usr/bin/tar: ../../../../../usr/local/lib/android/sdk/platforms/android-36-ext18/data/res/values-mcc310-mnc310-kn: Cannot change mode to rwxr-xr-x: Operation not permitted
build	Cache Android SDK	2026-06-06T12:22:53.7113858Z /usr/bin/tar: ../../../../../usr/local/lib/android/sdk/platforms/android-36-ext18/data/res/values-mcc310-mnc230-sk: Cannot utime: Operation not permitted
build	Cache Android SDK	2026-06-06T12:22:53.7114324Z /usr/bin/tar: ../../../../../usr/local/lib/android/sdk/platforms/android-36-ext18/data/res/values-mcc310-mnc230-sk: Cannot change mode to rwxr-xr-x: Operation not permitted
build	Cache Android SDK	2026-06-06T12:22:53.7118174Z /usr/bin/tar: ../../../../../usr/local/lib/android/sdk/platforms/android-36-ext18/data/res/values-mcc310-mnc800-ne: Cannot utime: Operation not permitted
build	Cache Android SDK	2026-06-06T12:22:53.7118715Z /usr/bin/tar: ../../../../../usr/local/lib/android/sdk/platforms/android-36-ext18/data/res/values-mcc310-mnc800-ne: Cannot change mode to rwxr-xr-x: Operation not permitted
build	Cache Android SDK	2026-06-06T12:22:53.7121744Z /usr/bin/tar: ../../../../../usr/local/lib/android/sdk/platforms/android-36-ext18/data/res/values-mcc310-mnc220-mk: Cannot utime: Operation not permitted
build	Cache Android SDK	2026-06-06T12:22:53.7122201Z /usr/bin/tar: ../../../../../usr/local/lib/android/sdk/platforms/android-36-ext18/data/res/values-mcc310-mnc220-mk: Cannot change mode to rwxr-xr-x: Operation not permitted
build	Cache Android SDK	2026-06-06T12:22:53.7125024Z /usr/bin/tar: ../../../../../usr/local/lib/android/sdk/platforms/android-36-ext18/data/res/values-mcc312-mnc670-lt: Cannot utime: Operation not permitted
build	Cache Android SDK	2026-06-06T12:22:53.7125484Z /usr/bin/tar: ../../../../../usr/local/lib/android/sdk/platforms/android-36-ext18/data/res/values-mcc312-mnc670-lt: Cannot change mode to rwxr-xr-x: Operation not permitted
build	Cache Android SDK	2026-06-06T12:22:53.7128488Z /usr/bin/tar: ../../../../../usr/local/lib/android/sdk/platforms/android-36-ext18/data/res/values-mcc310-mnc950-fi: Cannot utime: Operation not permitted
build	Cache Android SDK	2026-06-06T12:22:53.7128951Z /usr/bin/tar: ../../../../../usr/local/lib/android/sdk/platforms/android-36-ext18/data/res/values-mcc310-mnc950-fi: Cannot change mode to rwxr-xr-x: Operation not permitted
build	Cache Android SDK	2026-06-06T12:22:53.7131880Z /usr/bin/tar: ../../../../../usr/local/lib/android/sdk/platforms/android-36-ext18/data/res/values-mcc302-mnc720-zh-rTW: Cannot utime: Operation not permitted
build	Cache Android SDK	2026-06-06T12:22:53.7132357Z /usr/bin/tar: ../../../../../usr/local/lib/android/sdk/platforms/android-36-ext18/data/res/values-mcc302-mnc720-zh-rTW: Cannot change mode to rwxr-xr-x: Operation not permitted
build	Cache Android SDK	2026-06-06T12:22:53.7134786Z /usr/bin/tar: ../../../../../usr/local/lib/android/sdk/platforms/android-36-ext18/data/res/values-mcc302-mnc370-te: Cannot utime: Operation not permitted
build	Cache Android SDK	2026-06-06T12:22:53.7135241Z /usr/bin/tar: ../../../../../usr/local/lib/android/sdk/platforms/android-36-ext18/data/res/values-mcc302-mnc370-te: Cannot change mode to rwxr-xr-x: Operation not permitted
build	Cache Android SDK	2026-06-06T12:22:53.7141880Z /usr/bin/tar: ../../../../../usr/local/lib/android/sdk/platforms/android-36-ext18/data/res/values-ms: Cannot utime: Operation not permitted
build	Cache Android SDK	2026-06-06T12:22:53.7142319Z /usr/bin/tar: ../../../../../usr/local/lib/android/sdk/platforms/android-36-ext18/data/res/values-ms: Cannot change mode to rwxr-xr-x: Operation not permitted
build	Cache Android SDK	2026-06-06T12:22:53.7145260Z /usr/bin/tar: ../../../../../usr/local/lib/android/sdk/platforms/android-36-ext18/data/res/values-mcc310-mnc270-pt: Cannot utime: Operation not permitted
build	Cache Android SDK	2026-06-06T12:22:53.7145732Z /usr/bin/tar: ../../../../../usr/local/lib/android/sdk/platforms/android-36-ext18/data/res/values-mcc310-mnc270-pt: Cannot change mode to rwxr-xr-x: Operation not permitted
build	Cache Android SDK	2026-06-06T12:22:53.7148420Z /usr/bin/tar: ../../../../../usr/local/lib/android/sdk/platforms/android-36-ext18/data/res/values-mcc310-mnc310-kk: Cannot utime: Operation not permitted
build	Cache Android SDK	2026-06-06T12:22:53.7148904Z /usr/bin/tar: ../../../../../usr/local/lib/android/sdk/platforms/android-36-ext18/data/res/values-mcc310-mnc310-kk: Cannot change mode to rwxr-xr-x: Operation not permitted
build	Cache Android SDK	2026-06-06T12:22:53.7151688Z /usr/bin/tar: ../../../../../usr/local/lib/android/sdk/platforms/android-36-ext18/data/res/raw-pt-rBR: Cannot utime: Operation not permitted
build	Cache Android SDK	2026-06-06T12:22:53.7152117Z /usr/bin/tar: ../../../../../usr/local/lib/android/sdk/platforms/android-36-ext18/data/res/raw-pt-rBR: Cannot change mode to rwxr-xr-x: Operation not permitted
build	Cache Android SDK	2026-06-06T12:22:53.7154748Z /usr/bin/tar: ../../../../../usr/local/lib/android/sdk/platforms/android-36-ext18/data/res/values-mcc310-mnc160-fi: Cannot utime: Operation not permitted
build	Cache Android SDK	2026-06-06T12:22:53.7155211Z /usr/bin/tar: ../../../../../usr/local/lib/android/sdk/platforms/android-36-ext18/data/res/values-mcc310-mnc160-fi: Cannot change mode to rwxr-xr-x: Operation not permitted
build	Cache Android SDK	2026-06-06T12:22:53.7158040Z /usr/bin/tar: ../../../../../usr/local/lib/android/sdk/platforms/android-36-ext18/data/res/values-mcc310-mnc950-da: Cannot utime: Operation not permitted
build	Cache Android SDK	2026-06-06T12:22:53.7158571Z /usr/bin/tar: ../../../../../usr/local/lib/android/sdk/platforms/android-36-ext18/data/res/values-mcc310-mnc950-da: Cannot change mode to rwxr-xr-x: Operation not permitted
build	Cache Android SDK	2026-06-06T12:22:53.7161269Z /usr/bin/tar: ../../../../../usr/local/lib/android/sdk/platforms/android-36-ext18/data/res/values-mcc310-mnc220-fi: Cannot utime: Operation not permitted
build	Cache Android SDK	2026-06-06T12:22:53.7161730Z /usr/bin/tar: ../../../../../usr/local/lib/android/sdk/platforms/android-36-ext18/data/res/values-mcc310-mnc220-fi: Cannot change mode to rwxr-xr-x: Operation not permitted
build	Cache Android SDK	2026-06-06T12:22:53.7165681Z /usr/bin/tar: ../../../../../usr/local/lib/android/sdk/platforms/android-36-ext18/data/res/values-mcc310-mnc210-it: Cannot utime: Operation not permitted
build	Cache Android SDK	2026-06-06T12:22:53.7166145Z /usr/bin/tar: ../../../../../usr/local/lib/android/sdk/platforms/android-36-ext18/data/res/values-mcc310-mnc210-it: Cannot change mode to rwxr-xr-x: Operation not permitted
build	Cache Android SDK	2026-06-06T12:22:53.7169378Z /usr/bin/tar: ../../../../../usr/local/lib/android/sdk/platforms/android-36-ext18/data/res/values-mcc310-mnc490-lt: Cannot utime: Operation not permitted
build	Cache Android SDK	2026-06-06T12:22:53.7169837Z /usr/bin/tar: ../../../../../usr/local/lib/android/sdk/platforms/android-36-ext18/data/res/values-mcc310-mnc490-lt: Cannot change mode to rwxr-xr-x: Operation not permitted
build	Cache Android SDK	2026-06-06T12:22:53.7172851Z /usr/bin/tar: ../../../../../usr/local/lib/android/sdk/platforms/android-36-ext18/data/res/values-mcc310-mnc220-bg: Cannot utime: Operation not permitted
build	Cache Android SDK	2026-06-06T12:22:53.7173309Z /usr/bin/tar: ../../../../../usr/local/lib/android/sdk/platforms/android-36-ext18/data/res/values-mcc310-mnc220-bg: Cannot change mode to rwxr-xr-x: Operation not permitted
build	Cache Android SDK	2026-06-06T12:22:53.7175690Z /usr/bin/tar: ../../../../../usr/local/lib/android/sdk/platforms/android-36-ext18/data/res/values-mcc334-mnc020-ms: Cannot utime: Operation not permitted
build	Cache Android SDK	2026-06-06T12:22:53.7176153Z /usr/bin/tar: ../../../../../usr/local/lib/android/sdk/platforms/android-36-ext18/data/res/values-mcc334-mnc020-ms: Cannot change mode to rwxr-xr-x: Operation not permitted
build	Cache Android SDK	2026-06-06T12:22:53.7179124Z /usr/bin/tar: ../../../../../usr/local/lib/android/sdk/platforms/android-36-ext18/data/res/values-mcc310-mnc950-or: Cannot utime: Operation not permitted
build	Cache Android SDK	2026-06-06T12:22:53.7179581Z /usr/bin/tar: ../../../../../usr/local/lib/android/sdk/platforms/android-36-ext18/data/res/values-mcc310-mnc950-or: Cannot change mode to rwxr-xr-x: Operation not permitted
build	Cache Android SDK	2026-06-06T12:22:53.7182136Z /usr/bin/tar: ../../../../../usr/local/lib/android/sdk/platforms/android-36-ext18/data/res/values-mcc310-mnc800-eu: Cannot utime: Operation not permitted
build	Cache Android SDK	2026-06-06T12:22:53.7182600Z /usr/bin/tar: ../../../../../usr/local/lib/android/sdk/platforms/android-36-ext18/data/res/values-mcc310-mnc800-eu: Cannot change mode to rwxr-xr-x: Operation not permitted
build	Cache Android SDK	2026-06-06T12:22:53.7185911Z /usr/bin/tar: ../../../../../usr/local/lib/android/sdk/platforms/android-36-ext18/data/res/values-mcc310-mnc030-lv: Cannot utime: Operation not permitted
build	Cache Android SDK	2026-06-06T12:22:53.7186957Z /usr/bin/tar: ../../../../../usr/local/lib/android/sdk/platforms/android-36-ext18/data/res/values-mcc310-mnc030-lv: Cannot change mode to rwxr-xr-x: Operation not permitted
build	Cache Android SDK	2026-06-06T12:22:53.7189070Z /usr/bin/tar: ../../../../../usr/local/lib/android/sdk/platforms/android-36-ext18/data/res/values-mcc311-mnc180-da: Cannot utime: Operation not permitted
build	Cache Android SDK	2026-06-06T12:22:53.7189532Z /usr/bin/tar: ../../../../../usr/local/lib/android/sdk/platforms/android-36-ext18/data/res/values-mcc311-mnc180-da: Cannot change mode to rwxr-xr-x: Operation not permitted
build	Cache Android SDK	2026-06-06T12:22:53.7192007Z /usr/bin/tar: ../../../../../usr/local/lib/android/sdk/platforms/android-36-ext18/data/res/values-mcc310-mnc210-my: Cannot utime: Operation not permitted
build	Cache Android SDK	2026-06-06T12:22:53.7192547Z /usr/bin/tar: ../../../../../usr/local/lib/android/sdk/platforms/android-36-ext18/data/res/values-mcc310-mnc210-my: Cannot change mode to rwxr-xr-x: Operation not permitted
build	Cache Android SDK	2026-06-06T12:22:53.7195066Z /usr/bin/tar: ../../../../../usr/local/lib/android/sdk/platforms/android-36-ext18/data/res/values-mcc310-mnc660: Cannot utime: Operation not permitted
build	Cache Android SDK	2026-06-06T12:22:53.7195529Z /usr/bin/tar: ../../../../../usr/local/lib/android/sdk/platforms/android-36-ext18/data/res/values-mcc310-mnc660: Cannot change mode to rwxr-xr-x: Operation not permitted
build	Cache Android SDK	2026-06-06T12:22:53.7198372Z /usr/bin/tar: ../../../../../usr/local/lib/android/sdk/platforms/android-36-ext18/data/res/values-mcc312-mnc670-eu: Cannot utime: Operation not permitted
build	Cache Android SDK	2026-06-06T12:22:53.7198833Z /usr/bin/tar: ../../../../../usr/local/lib/android/sdk/platforms/android-36-ext18/data/res/values-mcc312-mnc670-eu: Cannot change mode to rwxr-xr-x: Operation not permitted
build	Cache Android SDK	2026-06-06T12:22:53.7202004Z /usr/bin/tar: ../../../../../usr/local/lib/android/sdk/platforms/android-36-ext18/data/res/values-uk-television: Cannot utime: Operation not permitted
build	Cache Android SDK	2026-06-06T12:22:53.7202530Z /usr/bin/tar: ../../../../../usr/local/lib/android/sdk/platforms/android-36-ext18/data/res/values-uk-television: Cannot change mode to rwxr-xr-x: Operation not permitted
build	Cache Android SDK	2026-06-06T12:22:53.7205108Z /usr/bin/tar: ../../../../../usr/local/lib/android/sdk/platforms/android-36-ext18/data/res/values-mcc310-mnc950-en-rCA: Cannot utime: Operation not permitted
build	Cache Android SDK	2026-06-06T12:22:53.7205598Z /usr/bin/tar: ../../../../../usr/local/lib/android/sdk/platforms/android-36-ext18/data/res/values-mcc310-mnc950-en-rCA: Cannot change mode to rwxr-xr-x: Operation not permitted
build	Cache Android SDK	2026-06-06T12:22:53.7208049Z /usr/bin/tar: ../../../../../usr/local/lib/android/sdk/platforms/android-36-ext18/data/res/values-mcc310-mnc560-et: Cannot utime: Operation not permitted
build	Cache Android SDK	2026-06-06T12:22:53.7208508Z /usr/bin/tar: ../../../../../usr/local/lib/android/sdk/platforms/android-36-ext18/data/res/values-mcc310-mnc560-et: Cannot change mode to rwxr-xr-x: Operation not permitted
build	Cache Android SDK	2026-06-06T12:22:53.7211342Z /usr/bin/tar: ../../../../../usr/local/lib/android/sdk/platforms/android-36-ext18/data/res/values-mcc310-mnc560: Cannot utime: Operation not permitted
build	Cache Android SDK	2026-06-06T12:22:53.7211803Z /usr/bin/tar: ../../../../../usr/local/lib/android/sdk/platforms/android-36-ext18/data/res/values-mcc310-mnc560: Cannot change mode to rwxr-xr-x: Operation not permitted
build	Cache Android SDK	2026-06-06T12:22:53.7214239Z /usr/bin/tar: ../../../../../usr/local/lib/android/sdk/platforms/android-36-ext18/data/res/values-mcc310-mnc660-eu: Cannot utime: Operation not permitted
build	Cache Android SDK	2026-06-06T12:22:53.7214707Z /usr/bin/tar: ../../../../../usr/local/lib/android/sdk/platforms/android-36-ext18/data/res/values-mcc310-mnc660-eu: Cannot change mode to rwxr-xr-x: Operation not permitted
build	Cache Android SDK	2026-06-06T12:22:53.7217004Z /usr/bin/tar: ../../../../../usr/local/lib/android/sdk/platforms/android-36-ext18/data/res/values-mcc310-mnc150-uz: Cannot utime: Operation not permitted
build	Cache Android SDK	2026-06-06T12:22:53.7217623Z /usr/bin/tar: ../../../../../usr/local/lib/android/sdk/platforms/android-36-ext18/data/res/values-mcc310-mnc150-uz: Cannot change mode to rwxr-xr-x: Operation not permitted
build	Cache Android SDK	2026-06-06T12:22:53.7220167Z /usr/bin/tar: ../../../../../usr/local/lib/android/sdk/platforms/android-36-ext18/data/res/values-mcc302-mnc370-lo: Cannot utime: Operation not permitted
build	Cache Android SDK	2026-06-06T12:22:53.7220703Z /usr/bin/tar: ../../../../../usr/local/lib/android/sdk/platforms/android-36-ext18/data/res/values-mcc302-mnc370-lo: Cannot change mode to rwxr-xr-x: Operation not permitted
build	Cache Android SDK	2026-06-06T12:22:53.7222594Z /usr/bin/tar: ../../../../../usr/local/lib/android/sdk/platforms/android-36-ext18/data/res/values-mcc310-mnc380-tl: Cannot utime: Operation not permitted
build	Cache Android SDK	2026-06-06T12:22:53.7223059Z /usr/bin/tar: ../../../../../usr/local/lib/android/sdk/platforms/android-36-ext18/data/res/values-mcc310-mnc380-tl: Cannot change mode to rwxr-xr-x: Operation not permitted
build	Cache Android SDK	2026-06-06T12:22:53.7225920Z /usr/bin/tar: ../../../../../usr/local/lib/android/sdk/platforms/android-36-ext18/data/res/values-fi-rFI: Cannot utime: Operation not permitted
build	Cache Android SDK	2026-06-06T12:22:53.7226422Z /usr/bin/tar: ../../../../../usr/local/lib/android/sdk/platforms/android-36-ext18/data/res/values-fi-rFI: Cannot change mode to rwxr-xr-x: Operation not permitted
build	Cache Android SDK	2026-06-06T12:22:53.7229066Z /usr/bin/tar: ../../../../../usr/local/lib/android/sdk/platforms/android-36-ext18/data/res/values-mcc310-mnc280-vi: Cannot utime: Operation not permitted
build	Cache Android SDK	2026-06-06T12:22:53.7229522Z /usr/bin/tar: ../../../../../usr/local/lib/android/sdk/platforms/android-36-ext18/data/res/values-mcc310-mnc280-vi: Cannot change mode to rwxr-xr-x: Operation not permitted
build	Cache Android SDK	2026-06-06T12:22:53.7232047Z /usr/bin/tar: ../../../../../usr/local/lib/android/sdk/platforms/android-36-ext18/data/res/values-mcc310-mnc280-ru: Cannot utime: Operation not permitted
build	Cache Android SDK	2026-06-06T12:22:53.7232513Z /usr/bin/tar: ../../../../../usr/local/lib/android/sdk/platforms/android-36-ext18/data/res/values-mcc310-mnc280-ru: Cannot change mode to rwxr-xr-x: Operation not permitted
build	Cache Android SDK	2026-06-06T12:22:53.7235099Z /usr/bin/tar: ../../../../../usr/local/lib/android/sdk/platforms/android-36-ext18/data/res/values-mcc310-mnc800-in: Cannot utime: Operation not permitted
build	Cache Android SDK	2026-06-06T12:22:53.7235618Z /usr/bin/tar: ../../../../../usr/local/lib/android/sdk/platforms/android-36-ext18/data/res/values-mcc310-mnc800-in: Cannot change mode to rwxr-xr-x: Operation not permitted
build	Cache Android SDK	2026-06-06T12:22:53.7238252Z /usr/bin/tar: ../../../../../usr/local/lib/android/sdk/platforms/android-36-ext18/data/res/values-mcc310-mnc490-tr: Cannot utime: Operation not permitted
build	Cache Android SDK	2026-06-06T12:22:53.7238704Z /usr/bin/tar: ../../../../../usr/local/lib/android/sdk/platforms/android-36-ext18/data/res/values-mcc310-mnc490-tr: Cannot change mode to rwxr-xr-x: Operation not permitted
build	Cache Android SDK	2026-06-06T12:22:53.7241365Z /usr/bin/tar: ../../../../../usr/local/lib/android/sdk/platforms/android-36-ext18/data/res/values-mcc310-mnc380-bg: Cannot utime: Operation not permitted
build	Cache Android SDK	2026-06-06T12:22:53.7241834Z /usr/bin/tar: ../../../../../usr/local/lib/android/sdk/platforms/android-36-ext18/data/res/values-mcc310-mnc380-bg: Cannot change mode to rwxr-xr-x: Operation not permitted
build	Cache Android SDK	2026-06-06T12:22:53.7244321Z /usr/bin/tar: ../../../../../usr/local/lib/android/sdk/platforms/android-36-ext18/data/res/values-mcc302-mnc370-km: Cannot utime: Operation not permitted
build	Cache Android SDK	2026-06-06T12:22:53.7244786Z /usr/bin/tar: ../../../../../usr/local/lib/android/sdk/platforms/android-36-ext18/data/res/values-mcc302-mnc370-km: Cannot change mode to rwxr-xr-x: Operation not permitted
build	Cache Android SDK	2026-06-06T12:22:53.7247129Z /usr/bin/tar: ../../../../../usr/local/lib/android/sdk/platforms/android-36-ext18/data/res/values-mcc310-mnc170-si: Cannot utime: Operation not permitted
build	Cache Android SDK	2026-06-06T12:22:53.7247776Z /usr/bin/tar: ../../../../../usr/local/lib/android/sdk/platforms/android-36-ext18/data/res/values-mcc310-mnc170-si: Cannot change mode to rwxr-xr-x: Operation not permitted
build	Cache Android SDK	2026-06-06T12:22:53.7249946Z /usr/bin/tar: ../../../../../usr/local/lib/android/sdk/platforms/android-36-ext18/data/res/values-de-rLI: Cannot utime: Operation not permitted
build	Cache Android SDK	2026-06-06T12:22:53.7250385Z /usr/bin/tar: ../../../../../usr/local/lib/android/sdk/platforms/android-36-ext18/data/res/values-de-rLI: Cannot change mode to rwxr-xr-x: Operation not permitted
build	Cache Android SDK	2026-06-06T12:22:53.7253060Z /usr/bin/tar: ../../../../../usr/local/lib/android/sdk/platforms/android-36-ext18/data/res/values-mcc310-mnc200-pl: Cannot utime: Operation not permitted
build	Cache Android SDK	2026-06-06T12:22:53.7253611Z /usr/bin/tar: ../../../../../usr/local/lib/android/sdk/platforms/android-36-ext18/data/res/values-mcc310-mnc200-pl: Cannot change mode to rwxr-xr-x: Operation not permitted
build	Cache Android SDK	2026-06-06T12:22:53.7255964Z /usr/bin/tar: ../../../../../usr/local/lib/android/sdk/platforms/android-36-ext18/data/res/values-mcc001-mnc01-en-rCA: Cannot utime: Operation not permitted
build	Cache Android SDK	2026-06-06T12:22:53.7256437Z /usr/bin/tar: ../../../../../usr/local/lib/android/sdk/platforms/android-36-ext18/data/res/values-mcc001-mnc01-en-rCA: Cannot change mode to rwxr-xr-x: Operation not permitted
build	Cache Android SDK	2026-06-06T12:22:53.7258978Z /usr/bin/tar: ../../../../../usr/local/lib/android/sdk/platforms/android-36-ext18/data/res/values-mcc310-mnc170-tr: Cannot utime: Operation not permitted
build	Cache Android SDK	2026-06-06T12:22:53.7259500Z /usr/bin/tar: ../../../../../usr/local/lib/android/sdk/platforms/android-36-ext18/data/res/values-mcc310-mnc170-tr: Cannot change mode to rwxr-xr-x: Operation not permitted
build	Cache Android SDK	2026-06-06T12:22:53.7261780Z /usr/bin/tar: ../../../../../usr/local/lib/android/sdk/platforms/android-36-ext18/data/res/values-mcc310-mnc490-nl: Cannot utime: Operation not permitted
build	Cache Android SDK	2026-06-06T12:22:53.7262245Z /usr/bin/tar: ../../../../../usr/local/lib/android/sdk/platforms/android-36-ext18/data/res/values-mcc310-mnc490-nl: Cannot change mode to rwxr-xr-x: Operation not permitted
build	Cache Android SDK	2026-06-06T12:22:53.7264861Z /usr/bin/tar: ../../../../../usr/local/lib/android/sdk/platforms/android-36-ext18/data/res/values-mcc310-mnc030-ne: Cannot utime: Operation not permitted
build	Cache Android SDK	2026-06-06T12:22:53.7265332Z /usr/bin/tar: ../../../../../usr/local/lib/android/sdk/platforms/android-36-ext18/data/res/values-mcc310-mnc030-ne: Cannot change mode to rwxr-xr-x: Operation not permitted
build	Cache Android SDK	2026-06-06T12:22:53.7268346Z /usr/bin/tar: ../../../../../usr/local/lib/android/sdk/platforms/android-36-ext18/data/res/values-mcc310-mnc150-lo: Cannot utime: Operation not permitted
build	Cache Android SDK	2026-06-06T12:22:53.7268814Z /usr/bin/tar: ../../../../../usr/local/lib/android/sdk/platforms/android-36-ext18/data/res/values-mcc310-mnc150-lo: Cannot change mode to rwxr-xr-x: Operation not permitted
build	Cache Android SDK	2026-06-06T12:22:53.7273199Z /usr/bin/tar: ../../../../../usr/local/lib/android/sdk/platforms/android-36-ext18/data/res/values-mcc310-mnc800-iw: Cannot utime: Operation not permitted
build	Cache Android SDK	2026-06-06T12:22:53.7273667Z /usr/bin/tar: ../../../../../usr/local/lib/android/sdk/platforms/android-36-ext18/data/res/values-mcc310-mnc800-iw: Cannot change mode to rwxr-xr-x: Operation not permitted
build	Cache Android SDK	2026-06-06T12:22:53.7276389Z /usr/bin/tar: ../../../../../usr/local/lib/android/sdk/platforms/android-36-ext18/data/res/values-mcc310-mnc250-sq: Cannot utime: Operation not permitted
build	Cache Android SDK	2026-06-06T12:22:53.7276863Z /usr/bin/tar: ../../../../../usr/local/lib/android/sdk/platforms/android-36-ext18/data/res/values-mcc310-mnc250-sq: Cannot change mode to rwxr-xr-x: Operation not permitted
build	Cache Android SDK	2026-06-06T12:22:53.7279529Z /usr/bin/tar: ../../../../../usr/local/lib/android/sdk/platforms/android-36-ext18/data/res/values-mcc310-mnc150-ka: Cannot utime: Operation not permitted
build	Cache Android SDK	2026-06-06T12:22:53.7279989Z /usr/bin/tar: ../../../../../usr/local/lib/android/sdk/platforms/android-36-ext18/data/res/values-mcc310-mnc150-ka: Cannot change mode to rwxr-xr-x: Operation not permitted
build	Cache Android SDK	2026-06-06T12:22:53.7287808Z /usr/bin/tar: ../../../../../usr/local/lib/android/sdk/platforms/android-36-ext18/data/res/values-h320dp: Cannot utime: Operation not permitted
build	Cache Android SDK	2026-06-06T12:22:53.7288369Z /usr/bin/tar: ../../../../../usr/local/lib/android/sdk/platforms/android-36-ext18/data/res/values-h320dp: Cannot change mode to rwxr-xr-x: Operation not permitted
build	Cache Android SDK	2026-06-06T12:22:53.7293172Z /usr/bin/tar: ../../../../../usr/local/lib/android/sdk/platforms/android-36-ext18/data/res/values-television: Cannot utime: Operation not permitted
build	Cache Android SDK	2026-06-06T12:22:53.7293701Z /usr/bin/tar: ../../../../../usr/local/lib/android/sdk/platforms/android-36-ext18/data/res/values-television: Cannot change mode to rwxr-xr-x: Operation not permitted
build	Cache Android SDK	2026-06-06T12:22:53.7297041Z /usr/bin/tar: ../../../../../usr/local/lib/android/sdk/platforms/android-36-ext18/data/res/values-mcc310-mnc220-lt: Cannot utime: Operation not permitted
build	Cache Android SDK	2026-06-06T12:22:53.7297659Z /usr/bin/tar: ../../../../../usr/local/lib/android/sdk/platforms/android-36-ext18/data/res/values-mcc310-mnc220-lt: Cannot change mode to rwxr-xr-x: Operation not permitted
build	Cache Android SDK	2026-06-06T12:22:53.7300791Z /usr/bin/tar: ../../../../../usr/local/lib/android/sdk/platforms/android-36-ext18/data/res/values-mcc311-mnc180-en-rXC: Cannot utime: Operation not permitted
build	Cache Android SDK	2026-06-06T12:22:53.7301354Z /usr/bin/tar: ../../../../../usr/local/lib/android/sdk/platforms/android-36-ext18/data/res/values-mcc311-mnc180-en-rXC: Cannot change mode to rwxr-xr-x: Operation not permitted
build	Cache Android SDK	2026-06-06T12:22:53.7304015Z /usr/bin/tar: ../../../../../usr/local/lib/android/sdk/platforms/android-36-ext18/data/res/values-mcc310-mnc640: Cannot utime: Operation not permitted
build	Cache Android SDK	2026-06-06T12:22:53.7304472Z /usr/bin/tar: ../../../../../usr/local/lib/android/sdk/platforms/android-36-ext18/data/res/values-mcc310-mnc640: Cannot change mode to rwxr-xr-x: Operation not permitted
build	Cache Android SDK	2026-06-06T12:22:53.7306945Z /usr/bin/tar: ../../../../../usr/local/lib/android/sdk/platforms/android-36-ext18/data/res/values-mcc208-mnc10-fr: Cannot utime: Operation not permitted
build	Cache Android SDK	2026-06-06T12:22:53.7307525Z /usr/bin/tar: ../../../../../usr/local/lib/android/sdk/platforms/android-36-ext18/data/res/values-mcc208-mnc10-fr: Cannot change mode to rwxr-xr-x: Operation not permitted
build	Cache Android SDK	2026-06-06T12:22:53.7311450Z /usr/bin/tar: ../../../../../usr/local/lib/android/sdk/platforms/android-36-ext18/data/res/values-mcc310-mnc250-ne: Cannot utime: Operation not permitted
build	Cache Android SDK	2026-06-06T12:22:53.7311988Z /usr/bin/tar: ../../../../../usr/local/lib/android/sdk/platforms/android-36-ext18/data/res/values-mcc310-mnc250-ne: Cannot change mode to rwxr-xr-x: Operation not permitted
build	Cache Android SDK	2026-06-06T12:22:53.7315282Z /usr/bin/tar: ../../../../../usr/local/lib/android/sdk/platforms/android-36-ext18/data/res/values-mcc310-mnc310: Cannot utime: Operation not permitted
build	Cache Android SDK	2026-06-06T12:22:53.7315739Z /usr/bin/tar: ../../../../../usr/local/lib/android/sdk/platforms/android-36-ext18/data/res/values-mcc310-mnc310: Cannot change mode to rwxr-xr-x: Operation not permitted
build	Cache Android SDK	2026-06-06T12:22:53.7318621Z /usr/bin/tar: ../../../../../usr/local/lib/android/sdk/platforms/android-36-ext18/data/res/values-mcc310-mnc380-fr-rCA: Cannot utime: Operation not permitted
build	Cache Android SDK	2026-06-06T12:22:53.7319116Z /usr/bin/tar: ../../../../../usr/local/lib/android/sdk/platforms/android-36-ext18/data/res/values-mcc310-mnc380-fr-rCA: Cannot change mode to rwxr-xr-x: Operation not permitted
build	Cache Android SDK	2026-06-06T12:22:53.7322463Z /usr/bin/tar: ../../../../../usr/local/lib/android/sdk/platforms/android-36-ext18/data/res/mipmap-ldpi: Cannot utime: Operation not permitted
build	Cache Android SDK	2026-06-06T12:22:53.7322911Z /usr/bin/tar: ../../../../../usr/local/lib/android/sdk/platforms/android-36-ext18/data/res/mipmap-ldpi: Cannot change mode to rwxr-xr-x: Operation not permitted
build	Cache Android SDK	2026-06-06T12:22:53.7325409Z /usr/bin/tar: ../../../../../usr/local/lib/android/sdk/platforms/android-36-ext18/data/res/values-mcc310-mnc170-iw: Cannot utime: Operation not permitted
build	Cache Android SDK	2026-06-06T12:22:53.7325880Z /usr/bin/tar: ../../../../../usr/local/lib/android/sdk/platforms/android-36-ext18/data/res/values-mcc310-mnc170-iw: Cannot change mode to rwxr-xr-x: Operation not permitted
build	Cache Android SDK	2026-06-06T12:22:53.7334286Z /usr/bin/tar: ../../../../../usr/local/lib/android/sdk/platforms/android-36-ext18/data/res/layout-watch: Cannot utime: Operation not permitted
build	Cache Android SDK	2026-06-06T12:22:53.7334847Z /usr/bin/tar: ../../../../../usr/local/lib/android/sdk/platforms/android-36-ext18/data/res/layout-watch: Cannot change mode to rwxr-xr-x: Operation not permitted
build	Cache Android SDK	2026-06-06T12:22:53.7337534Z /usr/bin/tar: ../../../../../usr/local/lib/android/sdk/platforms/android-36-ext18/data/res/values-mcc311-mnc180-gl: Cannot utime: Operation not permitted
build	Cache Android SDK	2026-06-06T12:22:53.7338065Z /usr/bin/tar: ../../../../../usr/local/lib/android/sdk/platforms/android-36-ext18/data/res/values-mcc311-mnc180-gl: Cannot change mode to rwxr-xr-x: Operation not permitted
build	Cache Android SDK	2026-06-06T12:22:53.7340618Z /usr/bin/tar: ../../../../../usr/local/lib/android/sdk/platforms/android-36-ext18/data/res/values-mcc313-mnc100-pt-rBR: Cannot utime: Operation not permitted
build	Cache Android SDK	2026-06-06T12:22:53.7341106Z /usr/bin/tar: ../../../../../usr/local/lib/android/sdk/platforms/android-36-ext18/data/res/values-mcc313-mnc100-pt-rBR: Cannot change mode to rwxr-xr-x: Operation not permitted
build	Cache Android SDK	2026-06-06T12:22:53.7343772Z /usr/bin/tar: ../../../../../usr/local/lib/android/sdk/platforms/android-36-ext18/data/res/values-mcc310-mnc240-ru: Cannot utime: Operation not permitted
build	Cache Android SDK	2026-06-06T12:22:53.7344294Z /usr/bin/tar: ../../../../../usr/local/lib/android/sdk/platforms/android-36-ext18/data/res/values-mcc310-mnc240-ru: Cannot change mode to rwxr-xr-x: Operation not permitted
build	Cache Android SDK	2026-06-06T12:22:53.7346859Z /usr/bin/tar: ../../../../../usr/local/lib/android/sdk/platforms/android-36-ext18/data/res/values-mcc310-mnc950-ja: Cannot utime: Operation not permitted
build	Cache Android SDK	2026-06-06T12:22:53.7347323Z /usr/bin/tar: ../../../../../usr/local/lib/android/sdk/platforms/android-36-ext18/data/res/values-mcc310-mnc950-ja: Cannot change mode to rwxr-xr-x: Operation not permitted
build	Cache Android SDK	2026-06-06T12:22:53.7353159Z /usr/bin/tar: ../../../../../usr/local/lib/android/sdk/platforms/android-36-ext18/data/res/values-lo: Cannot utime: Operation not permitted
build	Cache Android SDK	2026-06-06T12:22:53.7353605Z /usr/bin/tar: ../../../../../usr/local/lib/android/sdk/platforms/android-36-ext18/data/res/values-lo: Cannot change mode to rwxr-xr-x: Operation not permitted
build	Cache Android SDK	2026-06-06T12:22:53.7355807Z /usr/bin/tar: ../../../../../usr/local/lib/android/sdk/platforms/android-36-ext18/data/res/values-mcc310-mnc170-ru: Cannot utime: Operation not permitted
build	Cache Android SDK	2026-06-06T12:22:53.7356372Z /usr/bin/tar: ../../../../../usr/local/lib/android/sdk/platforms/android-36-ext18/data/res/values-mcc310-mnc170-ru: Cannot change mode to rwxr-xr-x: Operation not permitted
build	Cache Android SDK	2026-06-06T12:22:53.7358923Z /usr/bin/tar: ../../../../../usr/local/lib/android/sdk/platforms/android-36-ext18/data/res/values-mcc310-mnc310-pt-rPT: Cannot utime: Operation not permitted
build	Cache Android SDK	2026-06-06T12:22:53.7359418Z /usr/bin/tar: ../../../../../usr/local/lib/android/sdk/platforms/android-36-ext18/data/res/values-mcc310-mnc310-pt-rPT: Cannot change mode to rwxr-xr-x: Operation not permitted
build	Cache Android SDK	2026-06-06T12:22:53.7361580Z /usr/bin/tar: ../../../../../usr/local/lib/android/sdk/platforms/android-36-ext18/data/res/values-mcc310-mnc150-fa: Cannot utime: Operation not permitted
build	Cache Android SDK	2026-06-06T12:22:53.7362056Z /usr/bin/tar: ../../../../../usr/local/lib/android/sdk/platforms/android-36-ext18/data/res/values-mcc310-mnc150-fa: Cannot change mode to rwxr-xr-x: Operation not permitted
build	Cache Android SDK	2026-06-06T12:22:53.7364572Z /usr/bin/tar: ../../../../../usr/local/lib/android/sdk/platforms/android-36-ext18/data/res/values-mcc310-mnc380-gl: Cannot utime: Operation not permitted
build	Cache Android SDK	2026-06-06T12:22:53.7365024Z /usr/bin/tar: ../../../../../usr/local/lib/android/sdk/platforms/android-36-ext18/data/res/values-mcc310-mnc380-gl: Cannot change mode to rwxr-xr-x: Operation not permitted
build	Cache Android SDK	2026-06-06T12:22:53.7367794Z /usr/bin/tar: ../../../../../usr/local/lib/android/sdk/platforms/android-36-ext18/data/res/values-mcc310-mnc210-de: Cannot utime: Operation not permitted
build	Cache Android SDK	2026-06-06T12:22:53.7368260Z /usr/bin/tar: ../../../../../usr/local/lib/android/sdk/platforms/android-36-ext18/data/res/values-mcc310-mnc210-de: Cannot change mode to rwxr-xr-x: Operation not permitted
build	Cache Android SDK	2026-06-06T12:22:53.7370787Z /usr/bin/tar: ../../../../../usr/local/lib/android/sdk/platforms/android-36-ext18/data/res/values-mcc310-mnc310-ko: Cannot utime: Operation not permitted
build	Cache Android SDK	2026-06-06T12:22:53.7371252Z /usr/bin/tar: ../../../../../usr/local/lib/android/sdk/platforms/android-36-ext18/data/res/values-mcc310-mnc310-ko: Cannot change mode to rwxr-xr-x: Operation not permitted
build	Cache Android SDK	2026-06-06T12:22:53.7376004Z /usr/bin/tar: ../../../../../usr/local/lib/android/sdk/platforms/android-36-ext18/data/res/values-mcc310-mnc220-sv: Cannot utime: Operation not permitted
build	Cache Android SDK	2026-06-06T12:22:53.7376544Z /usr/bin/tar: ../../../../../usr/local/lib/android/sdk/platforms/android-36-ext18/data/res/values-mcc310-mnc220-sv: Cannot change mode to rwxr-xr-x: Operation not permitted
build	Cache Android SDK	2026-06-06T12:22:53.7379194Z /usr/bin/tar: ../../../../../usr/local/lib/android/sdk/platforms/android-36-ext18/data/res/values-b+sr+Latn-television: Cannot utime: Operation not permitted
build	Cache Android SDK	2026-06-06T12:22:53.7379686Z /usr/bin/tar: ../../../../../usr/local/lib/android/sdk/platforms/android-36-ext18/data/res/values-b+sr+Latn-television: Cannot change mode to rwxr-xr-x: Operation not permitted
build	Cache Android SDK	2026-06-06T12:22:53.7381977Z /usr/bin/tar: ../../../../../usr/local/lib/android/sdk/platforms/android-36-ext18/data/res/values-mcc310-mnc660-fr-rCA: Cannot utime: Operation not permitted
build	Cache Android SDK	2026-06-06T12:22:53.7382519Z /usr/bin/tar: ../../../../../usr/local/lib/android/sdk/platforms/android-36-ext18/data/res/values-mcc310-mnc660-fr-rCA: Cannot change mode to rwxr-xr-x: Operation not permitted
build	Cache Android SDK	2026-06-06T12:22:53.7384869Z /usr/bin/tar: ../../../../../usr/local/lib/android/sdk/platforms/android-36-ext18/data/res/values-mcc310-mnc280-hy: Cannot utime: Operation not permitted
build	Cache Android SDK	2026-06-06T12:22:53.7385324Z /usr/bin/tar: ../../../../../usr/local/lib/android/sdk/platforms/android-36-ext18/data/res/values-mcc310-mnc280-hy: Cannot change mode to rwxr-xr-x: Operation not permitted
build	Cache Android SDK	2026-06-06T12:22:53.7387897Z /usr/bin/tar: ../../../../../usr/local/lib/android/sdk/platforms/android-36-ext18/data/res/values-mcc334-mnc020-zh-rTW: Cannot utime: Operation not permitted
build	Cache Android SDK	2026-06-06T12:22:53.7388382Z /usr/bin/tar: ../../../../../usr/local/lib/android/sdk/platforms/android-36-ext18/data/res/values-mcc334-mnc020-zh-rTW: Cannot change mode to rwxr-xr-x: Operation not permitted
build	Cache Android SDK	2026-06-06T12:22:53.7391203Z /usr/bin/tar: ../../../../../usr/local/lib/android/sdk/platforms/android-36-ext18/data/res/values-mcc310-mnc270-fr-rCA: Cannot utime: Operation not permitted
build	Cache Android SDK	2026-06-06T12:22:53.7391886Z /usr/bin/tar: ../../../../../usr/local/lib/android/sdk/platforms/android-36-ext18/data/res/values-mcc310-mnc270-fr-rCA: Cannot change mode to rwxr-xr-x: Operation not permitted
build	Cache Android SDK	2026-06-06T12:22:53.7393681Z /usr/bin/tar: ../../../../../usr/local/lib/android/sdk/platforms/android-36-ext18/data/res/values-mcc310-mnc410-de: Cannot utime: Operation not permitted
build	Cache Android SDK	2026-06-06T12:22:53.7394159Z /usr/bin/tar: ../../../../../usr/local/lib/android/sdk/platforms/android-36-ext18/data/res/values-mcc310-mnc410-de: Cannot change mode to rwxr-xr-x: Operation not permitted
build	Cache Android SDK	2026-06-06T12:22:53.7396985Z /usr/bin/tar: ../../../../../usr/local/lib/android/sdk/platforms/android-36-ext18/data/res/values-mcc310-mnc560-zh-rCN: Cannot utime: Operation not permitted
build	Cache Android SDK	2026-06-06T12:22:53.7397638Z /usr/bin/tar: ../../../../../usr/local/lib/android/sdk/platforms/android-36-ext18/data/res/values-mcc310-mnc560-zh-rCN: Cannot change mode to rwxr-xr-x: Operation not permitted
build	Cache Android SDK	2026-06-06T12:22:53.7399792Z /usr/bin/tar: ../../../../../usr/local/lib/android/sdk/platforms/android-36-ext18/data/res/values-mcc310-mnc240-th: Cannot utime: Operation not permitted
build	Cache Android SDK	2026-06-06T12:22:53.7400257Z /usr/bin/tar: ../../../../../usr/local/lib/android/sdk/platforms/android-36-ext18/data/res/values-mcc310-mnc240-th: Cannot change mode to rwxr-xr-x: Operation not permitted
build	Cache Android SDK	2026-06-06T12:22:53.7402908Z /usr/bin/tar: ../../../../../usr/local/lib/android/sdk/platforms/android-36-ext18/data/res/values-mcc310-mnc030-fr-rCA: Cannot utime: Operation not permitted
build	Cache Android SDK	2026-06-06T12:22:53.7403390Z /usr/bin/tar: ../../../../../usr/local/lib/android/sdk/platforms/android-36-ext18/data/res/values-mcc310-mnc030-fr-rCA: Cannot change mode to rwxr-xr-x: Operation not permitted
build	Cache Android SDK	2026-06-06T12:22:53.7405754Z /usr/bin/tar: ../../../../../usr/local/lib/android/sdk/platforms/android-36-ext18/data/res/values-mcc310-mnc380-en-rGB: Cannot utime: Operation not permitted
build	Cache Android SDK	2026-06-06T12:22:53.7406231Z /usr/bin/tar: ../../../../../usr/local/lib/android/sdk/platforms/android-36-ext18/data/res/values-mcc310-mnc380-en-rGB: Cannot change mode to rwxr-xr-x: Operation not permitted
build	Cache Android SDK	2026-06-06T12:22:53.7408989Z /usr/bin/tar: ../../../../../usr/local/lib/android/sdk/platforms/android-36-ext18/data/res/values-mcc310-mnc250-ms: Cannot utime: Operation not permitted
build	Cache Android SDK	2026-06-06T12:22:53.7409519Z /usr/bin/tar: ../../../../../usr/local/lib/android/sdk/platforms/android-36-ext18/data/res/values-mcc310-mnc250-ms: Cannot change mode to rwxr-xr-x: Operation not permitted
build	Cache Android SDK	2026-06-06T12:22:53.7411736Z /usr/bin/tar: ../../../../../usr/local/lib/android/sdk/platforms/android-36-ext18/data/res/values-zh-rCN-television: Cannot utime: Operation not permitted
build	Cache Android SDK	2026-06-06T12:22:53.7412289Z /usr/bin/tar: ../../../../../usr/local/lib/android/sdk/platforms/android-36-ext18/data/res/values-zh-rCN-television: Cannot change mode to rwxr-xr-x: Operation not permitted
build	Cache Android SDK	2026-06-06T12:22:53.7414335Z /usr/bin/tar: ../../../../../usr/local/lib/android/sdk/platforms/android-36-ext18/data/res/values-mcc310-mnc150-cs: Cannot utime: Operation not permitted
build	Cache Android SDK	2026-06-06T12:22:53.7414791Z /usr/bin/tar: ../../../../../usr/local/lib/android/sdk/platforms/android-36-ext18/data/res/values-mcc310-mnc150-cs: Cannot change mode to rwxr-xr-x: Operation not permitted
build	Cache Android SDK	2026-06-06T12:22:53.7417475Z /usr/bin/tar: ../../../../../usr/local/lib/android/sdk/platforms/android-36-ext18/data/res/values-mcc310-mnc200-lt: Cannot utime: Operation not permitted
build	Cache Android SDK	2026-06-06T12:22:53.7417966Z /usr/bin/tar: ../../../../../usr/local/lib/android/sdk/platforms/android-36-ext18/data/res/values-mcc310-mnc200-lt: Cannot change mode to rwxr-xr-x: Operation not permitted
build	Cache Android SDK	2026-06-06T12:22:53.7420037Z /usr/bin/tar: ../../../../../usr/local/lib/android/sdk/platforms/android-36-ext18/data/res/values-mcc310-mnc150-de: Cannot utime: Operation not permitted
build	Cache Android SDK	2026-06-06T12:22:53.7420556Z /usr/bin/tar: ../../../../../usr/local/lib/android/sdk/platforms/android-36-ext18/data/res/values-mcc310-mnc150-de: Cannot change mode to rwxr-xr-x: Operation not permitted
build	Cache Android SDK	2026-06-06T12:22:53.7423850Z /usr/bin/tar: ../../../../../usr/local/lib/android/sdk/platforms/android-36-ext18/data/res/values-mcc001-mnc01-ms: Cannot utime: Operation not permitted
build	Cache Android SDK	2026-06-06T12:22:53.7424308Z /usr/bin/tar: ../../../../../usr/local/lib/android/sdk/platforms/android-36-ext18/data/res/values-mcc001-mnc01-ms: Cannot change mode to rwxr-xr-x: Operation not permitted
build	Cache Android SDK	2026-06-06T12:22:53.7427261Z /usr/bin/tar: ../../../../../usr/local/lib/android/sdk/platforms/android-36-ext18/data/res/values-ta-watch: Cannot utime: Operation not permitted
build	Cache Android SDK	2026-06-06T12:22:53.7427909Z /usr/bin/tar: ../../../../../usr/local/lib/android/sdk/platforms/android-36-ext18/data/res/values-ta-watch: Cannot change mode to rwxr-xr-x: Operation not permitted
build	Cache Android SDK	2026-06-06T12:22:53.7431492Z /usr/bin/tar: ../../../../../usr/local/lib/android/sdk/platforms/android-36-ext18/data/res/values-mcc310-mnc160-is: Cannot utime: Operation not permitted
build	Cache Android SDK	2026-06-06T12:22:53.7432970Z /usr/bin/tar: ../../../../../usr/local/lib/android/sdk/platforms/android-36-ext18/data/res/values-mcc310-mnc160-is: Cannot change mode to rwxr-xr-x: Operation not permitted
build	Cache Android SDK	2026-06-06T12:22:53.7434389Z /usr/bin/tar: ../../../../../usr/local/lib/android/sdk/platforms/android-36-ext18/data/res/values-mcc310-mnc230-zu: Cannot utime: Operation not permitted
build	Cache Android SDK	2026-06-06T12:22:53.7435401Z /usr/bin/tar: ../../../../../usr/local/lib/android/sdk/platforms/android-36-ext18/data/res/values-mcc310-mnc230-zu: Cannot change mode to rwxr-xr-x: Operation not permitted
build	Cache Android SDK	2026-06-06T12:22:53.7437274Z /usr/bin/tar: ../../../../../usr/local/lib/android/sdk/platforms/android-36-ext18/data/res/values-mcc312-mnc670-ca: Cannot utime: Operation not permitted
build	Cache Android SDK	2026-06-06T12:22:53.7438707Z /usr/bin/tar: ../../../../../usr/local/lib/android/sdk/platforms/android-36-ext18/data/res/values-mcc312-mnc670-ca: Cannot change mode to rwxr-xr-x: Operation not permitted
build	Cache Android SDK	2026-06-06T12:22:53.7440560Z /usr/bin/tar: ../../../../../usr/local/lib/android/sdk/platforms/android-36-ext18/data/res/values-mcc302-mnc720-es: Cannot utime: Operation not permitted
build	Cache Android SDK	2026-06-06T12:22:53.7441654Z /usr/bin/tar: ../../../../../usr/local/lib/android/sdk/platforms/android-36-ext18/data/res/values-mcc302-mnc720-es: Cannot change mode to rwxr-xr-x: Operation not permitted
build	Cache Android SDK	2026-06-06T12:22:53.7446026Z /usr/bin/tar: ../../../../../usr/local/lib/android/sdk/platforms/android-36-ext18/data/res/values-mcc310-mnc280-zh-rHK: Cannot utime: Operation not permitted
build	Cache Android SDK	2026-06-06T12:22:53.7447675Z /usr/bin/tar: ../../../../../usr/local/lib/android/sdk/platforms/android-36-ext18/data/res/values-mcc310-mnc280-zh-rHK: Cannot change mode to rwxr-xr-x: Operation not permitted
build	Cache Android SDK	2026-06-06T12:22:53.7448849Z /usr/bin/tar: ../../../../../usr/local/lib/android/sdk/platforms/android-36-ext18/data/res/values-mcc334-mnc020-en-rIN: Cannot utime: Operation not permitted
build	Cache Android SDK	2026-06-06T12:22:53.7450373Z /usr/bin/tar: ../../../../../usr/local/lib/android/sdk/platforms/android-36-ext18/data/res/values-mcc334-mnc020-en-rIN: Cannot change mode to rwxr-xr-x: Operation not permitted
build	Cache Android SDK	2026-06-06T12:22:53.7451420Z /usr/bin/tar: ../../../../../usr/local/lib/android/sdk/platforms/android-36-ext18/data/res/values-mcc001-mnc01-bg: Cannot utime: Operation not permitted
build	Cache Android SDK	2026-06-06T12:22:53.7452457Z /usr/bin/tar: ../../../../../usr/local/lib/android/sdk/platforms/android-36-ext18/data/res/values-mcc001-mnc01-bg: Cannot change mode to rwxr-xr-x: Operation not permitted
build	Cache Android SDK	2026-06-06T12:22:53.7453778Z /usr/bin/tar: ../../../../../usr/local/lib/android/sdk/platforms/android-36-ext18/data/res/values-mcc312: Cannot utime: Operation not permitted
build	Cache Android SDK	2026-06-06T12:22:53.7454682Z /usr/bin/tar: ../../../../../usr/local/lib/android/sdk/platforms/android-36-ext18/data/res/values-mcc312: Cannot change mode to rwxr-xr-x: Operation not permitted
build	Cache Android SDK	2026-06-06T12:22:53.7457958Z /usr/bin/tar: ../../../../../usr/local/lib/android/sdk/platforms/android-36-ext18/data/res/raw-ko: Cannot utime: Operation not permitted
build	Cache Android SDK	2026-06-06T12:22:53.7458936Z /usr/bin/tar: ../../../../../usr/local/lib/android/sdk/platforms/android-36-ext18/data/res/raw-ko: Cannot change mode to rwxr-xr-x: Operation not permitted
build	Cache Android SDK	2026-06-06T12:22:53.7461513Z /usr/bin/tar: ../../../../../usr/local/lib/android/sdk/platforms/android-36-ext18/data/res/values-mcc466-mnc07: Cannot utime: Operation not permitted
build	Cache Android SDK	2026-06-06T12:22:53.7462473Z /usr/bin/tar: ../../../../../usr/local/lib/android/sdk/platforms/android-36-ext18/data/res/values-mcc466-mnc07: Cannot change mode to rwxr-xr-x: Operation not permitted
build	Cache Android SDK	2026-06-06T12:22:53.7948215Z /usr/bin/tar: ../../../../../usr/local/lib/android/sdk/platforms/android-36-ext18/data/res/drawable-mdpi: Cannot utime: Operation not permitted
build	Cache Android SDK	2026-06-06T12:22:53.7949741Z /usr/bin/tar: ../../../../../usr/local/lib/android/sdk/platforms/android-36-ext18/data/res/drawable-mdpi: Cannot change mode to rwxr-xr-x: Operation not permitted
build	Cache Android SDK	2026-06-06T12:22:53.7952175Z /usr/bin/tar: ../../../../../usr/local/lib/android/sdk/platforms/android-36-ext18/data/res/values-mcc310-mnc170-gu: Cannot utime: Operation not permitted
build	Cache Android SDK	2026-06-06T12:22:53.7953321Z /usr/bin/tar: ../../../../../usr/local/lib/android/sdk/platforms/android-36-ext18/data/res/values-mcc310-mnc170-gu: Cannot change mode to rwxr-xr-x: Operation not permitted
build	Cache Android SDK	2026-06-06T12:22:53.7955120Z /usr/bin/tar: ../../../../../usr/local/lib/android/sdk/platforms/android-36-ext18/data/res/values-mcc313-mnc100-bg: Cannot utime: Operation not permitted
build	Cache Android SDK	2026-06-06T12:22:53.7956077Z /usr/bin/tar: ../../../../../usr/local/lib/android/sdk/platforms/android-36-ext18/data/res/values-mcc313-mnc100-bg: Cannot change mode to rwxr-xr-x: Operation not permitted
build	Cache Android SDK	2026-06-06T12:22:53.7959166Z /usr/bin/tar: ../../../../../usr/local/lib/android/sdk/platforms/android-36-ext18/data/res/values-mcc312-mnc670-hr: Cannot utime: Operation not permitted
build	Cache Android SDK	2026-06-06T12:22:53.7960189Z /usr/bin/tar: ../../../../../usr/local/lib/android/sdk/platforms/android-36-ext18/data/res/values-mcc312-mnc670-hr: Cannot change mode to rwxr-xr-x: Operation not permitted
build	Cache Android SDK	2026-06-06T12:22:53.7962061Z /usr/bin/tar: ../../../../../usr/local/lib/android/sdk/platforms/android-36-ext18/data/res/values-mcc310-mnc170-bs: Cannot utime: Operation not permitted
build	Cache Android SDK	2026-06-06T12:22:53.7963133Z /usr/bin/tar: ../../../../../usr/local/lib/android/sdk/platforms/android-36-ext18/data/res/values-mcc310-mnc170-bs: Cannot change mode to rwxr-xr-x: Operation not permitted
build	Cache Android SDK	2026-06-06T12:22:53.7965937Z /usr/bin/tar: ../../../../../usr/local/lib/android/sdk/platforms/android-36-ext18/data/res/values-mcc310-mnc030-bn: Cannot utime: Operation not permitted
build	Cache Android SDK	2026-06-06T12:22:53.7966918Z /usr/bin/tar: ../../../../../usr/local/lib/android/sdk/platforms/android-36-ext18/data/res/values-mcc310-mnc030-bn: Cannot change mode to rwxr-xr-x: Operation not permitted
build	Cache Android SDK	2026-06-06T12:22:53.7969801Z /usr/bin/tar: ../../../../../usr/local/lib/android/sdk/platforms/android-36-ext18/data/res/values-mcc310-mnc230-lt: Cannot utime: Operation not permitted
build	Cache Android SDK	2026-06-06T12:22:53.7971047Z /usr/bin/tar: ../../../../../usr/local/lib/android/sdk/platforms/android-36-ext18/data/res/values-mcc310-mnc230-lt: Cannot change mode to rwxr-xr-x: Operation not permitted
build	Cache Android SDK	2026-06-06T12:22:53.7972696Z /usr/bin/tar: ../../../../../usr/local/lib/android/sdk/platforms/android-36-ext18/data/res/values-mcc310-mnc150-vi: Cannot utime: Operation not permitted
build	Cache Android SDK	2026-06-06T12:22:53.7973662Z /usr/bin/tar: ../../../../../usr/local/lib/android/sdk/platforms/android-36-ext18/data/res/values-mcc310-mnc150-vi: Cannot change mode to rwxr-xr-x: Operation not permitted
build	Cache Android SDK	2026-06-06T12:22:53.7976093Z /usr/bin/tar: ../../../../../usr/local/lib/android/sdk/platforms/android-36-ext18/data/res/values-mcc001-mnc01-el: Cannot utime: Operation not permitted
build	Cache Android SDK	2026-06-06T12:22:53.7977071Z /usr/bin/tar: ../../../../../usr/local/lib/android/sdk/platforms/android-36-ext18/data/res/values-mcc001-mnc01-el: Cannot change mode to rwxr-xr-x: Operation not permitted
build	Cache Android SDK	2026-06-06T12:22:53.7980193Z /usr/bin/tar: ../../../../../usr/local/lib/android/sdk/platforms/android-36-ext18/data/res/values-mcc310-mnc230-ca: Cannot utime: Operation not permitted
build	Cache Android SDK	2026-06-06T12:22:53.7981200Z /usr/bin/tar: ../../../../../usr/local/lib/android/sdk/platforms/android-36-ext18/data/res/values-mcc310-mnc230-ca: Cannot change mode to rwxr-xr-x: Operation not permitted
build	Cache Android SDK	2026-06-06T12:22:53.7983116Z /usr/bin/tar: ../../../../../usr/local/lib/android/sdk/platforms/android-36-ext18/data/res/values-mcc310-mnc200-el: Cannot utime: Operation not permitted
build	Cache Android SDK	2026-06-06T12:22:53.7984065Z /usr/bin/tar: ../../../../../usr/local/lib/android/sdk/platforms/android-36-ext18/data/res/values-mcc310-mnc200-el: Cannot change mode to rwxr-xr-x: Operation not permitted
build	Cache Android SDK	2026-06-06T12:22:53.7986583Z /usr/bin/tar: ../../../../../usr/local/lib/android/sdk/platforms/android-36-ext18/data/res/values-mcc310-mnc160-lv: Cannot utime: Operation not permitted
build	Cache Android SDK	2026-06-06T12:22:53.7987903Z /usr/bin/tar: ../../../../../usr/local/lib/android/sdk/platforms/android-36-ext18/data/res/values-mcc310-mnc160-lv: Cannot change mode to rwxr-xr-x: Operation not permitted
build	Cache Android SDK	2026-06-06T12:22:53.7989716Z /usr/bin/tar: ../../../../../usr/local/lib/android/sdk/platforms/android-36-ext18/data/res/values-mcc310-mnc220-ko: Cannot utime: Operation not permitted
build	Cache Android SDK	2026-06-06T12:22:53.7990905Z /usr/bin/tar: ../../../../../usr/local/lib/android/sdk/platforms/android-36-ext18/data/res/values-mcc310-mnc220-ko: Cannot change mode to rwxr-xr-x: Operation not permitted
build	Cache Android SDK	2026-06-06T12:22:53.7992621Z /usr/bin/tar: ../../../../../usr/local/lib/android/sdk/platforms/android-36-ext18/data/res/values-mcc310-mnc280-pl: Cannot utime: Operation not permitted
build	Cache Android SDK	2026-06-06T12:22:53.7993614Z /usr/bin/tar: ../../../../../usr/local/lib/android/sdk/platforms/android-36-ext18/data/res/values-mcc310-mnc280-pl: Cannot change mode to rwxr-xr-x: Operation not permitted
build	Cache Android SDK	2026-06-06T12:22:53.7995536Z /usr/bin/tar: ../../../../../usr/local/lib/android/sdk/platforms/android-36-ext18/data/res/values-nl-rNL: Cannot utime: Operation not permitted
build	Cache Android SDK	2026-06-06T12:22:53.7996464Z /usr/bin/tar: ../../../../../usr/local/lib/android/sdk/platforms/android-36-ext18/data/res/values-nl-rNL: Cannot change mode to rwxr-xr-x: Operation not permitted
build	Cache Android SDK	2026-06-06T12:22:53.7999168Z /usr/bin/tar: ../../../../../usr/local/lib/android/sdk/platforms/android-36-ext18/data/res/values-mcc001-mnc01-es-rUS: Cannot utime: Operation not permitted
build	Cache Android SDK	2026-06-06T12:22:53.8000200Z /usr/bin/tar: ../../../../../usr/local/lib/android/sdk/platforms/android-36-ext18/data/res/values-mcc001-mnc01-es-rUS: Cannot change mode to rwxr-xr-x: Operation not permitted
build	Cache Android SDK	2026-06-06T12:22:53.8002353Z /usr/bin/tar: ../../../../../usr/local/lib/android/sdk/platforms/android-36-ext18/data/res/values-mcc302-mnc370-gu: Cannot utime: Operation not permitted
build	Cache Android SDK	2026-06-06T12:22:53.8003445Z /usr/bin/tar: ../../../../../usr/local/lib/android/sdk/platforms/android-36-ext18/data/res/values-mcc302-mnc370-gu: Cannot change mode to rwxr-xr-x: Operation not permitted
build	Cache Android SDK	2026-06-06T12:22:53.8005428Z /usr/bin/tar: ../../../../../usr/local/lib/android/sdk/platforms/android-36-ext18/data/res/values-mcc310-mnc490-b+sr+Latn: Cannot utime: Operation not permitted
build	Cache Android SDK	2026-06-06T12:22:53.8006456Z /usr/bin/tar: ../../../../../usr/local/lib/android/sdk/platforms/android-36-ext18/data/res/values-mcc310-mnc490-b+sr+Latn: Cannot change mode to rwxr-xr-x: Operation not permitted
build	Cache Android SDK	2026-06-06T12:22:53.8008222Z /usr/bin/tar: ../../../../../usr/local/lib/android/sdk/platforms/android-36-ext18/data/res/values-mcc310-mnc950-uk: Cannot utime: Operation not permitted
build	Cache Android SDK	2026-06-06T12:22:53.8009306Z /usr/bin/tar: ../../../../../usr/local/lib/android/sdk/platforms/android-36-ext18/data/res/values-mcc310-mnc950-uk: Cannot change mode to rwxr-xr-x: Operation not permitted
build	Cache Android SDK	2026-06-06T12:22:53.8011584Z /usr/bin/tar: ../../../../../usr/local/lib/android/sdk/platforms/android-36-ext18/data/res/values-mcc310-mnc660-ml: Cannot utime: Operation not permitted
build	Cache Android SDK	2026-06-06T12:22:53.8012629Z /usr/bin/tar: ../../../../../usr/local/lib/android/sdk/platforms/android-36-ext18/data/res/values-mcc310-mnc660-ml: Cannot change mode to rwxr-xr-x: Operation not permitted
build	Cache Android SDK	2026-06-06T12:22:53.8014308Z /usr/bin/tar: ../../../../../usr/local/lib/android/sdk/platforms/android-36-ext18/data/res/values-mcc314: Cannot utime: Operation not permitted
build	Cache Android SDK	2026-06-06T12:22:53.8015205Z /usr/bin/tar: ../../../../../usr/local/lib/android/sdk/platforms/android-36-ext18/data/res/values-mcc314: Cannot change mode to rwxr-xr-x: Operation not permitted
build	Cache Android SDK	2026-06-06T12:22:53.8017024Z /usr/bin/tar: ../../../../../usr/local/lib/android/sdk/platforms/android-36-ext18/data/res/values-mcc310-mnc200-te: Cannot utime: Operation not permitted
build	Cache Android SDK	2026-06-06T12:22:53.8018442Z /usr/bin/tar: ../../../../../usr/local/lib/android/sdk/platforms/android-36-ext18/data/res/values-mcc310-mnc200-te: Cannot change mode to rwxr-xr-x: Operation not permitted
build	Cache Android SDK	2026-06-06T12:22:53.8020247Z /usr/bin/tar: ../../../../../usr/local/lib/android/sdk/platforms/android-36-ext18/data/res/values-es-rUS-feminine: Cannot utime: Operation not permitted
build	Cache Android SDK	2026-06-06T12:22:53.8021219Z /usr/bin/tar: ../../../../../usr/local/lib/android/sdk/platforms/android-36-ext18/data/res/values-es-rUS-feminine: Cannot change mode to rwxr-xr-x: Operation not permitted
build	Cache Android SDK	2026-06-06T12:22:53.8023002Z /usr/bin/tar: ../../../../../usr/local/lib/android/sdk/platforms/android-36-ext18/data/res/values-mcc311-mnc180-nb: Cannot utime: Operation not permitted
build	Cache Android SDK	2026-06-06T12:22:53.8024043Z /usr/bin/tar: ../../../../../usr/local/lib/android/sdk/platforms/android-36-ext18/data/res/values-mcc311-mnc180-nb: Cannot change mode to rwxr-xr-x: Operation not permitted
build	Cache Android SDK	2026-06-06T12:22:53.8026240Z /usr/bin/tar: ../../../../../usr/local/lib/android/sdk/platforms/android-36-ext18/data/res/values-mcc310-mnc250-zh-rHK: Cannot utime: Operation not permitted
build	Cache Android SDK	2026-06-06T12:22:53.8027272Z /usr/bin/tar: ../../../../../usr/local/lib/android/sdk/platforms/android-36-ext18/data/res/values-mcc310-mnc250-zh-rHK: Cannot change mode to rwxr-xr-x: Operation not permitted
build	Cache Android SDK	2026-06-06T12:22:53.8028910Z /usr/bin/tar: ../../../../../usr/local/lib/android/sdk/platforms/android-36-ext18/data/res/values-mcc310-mnc310-lo: Cannot utime: Operation not permitted
build	Cache Android SDK	2026-06-06T12:22:53.8029868Z /usr/bin/tar: ../../../../../usr/local/lib/android/sdk/platforms/android-36-ext18/data/res/values-mcc310-mnc310-lo: Cannot change mode to rwxr-xr-x: Operation not permitted
build	Cache Android SDK	2026-06-06T12:22:53.8032687Z /usr/bin/tar: ../../../../../usr/local/lib/android/sdk/platforms/android-36-ext18/data/res/values-mcc001-mnc01-pt-rBR: Cannot utime: Operation not permitted
build	Cache Android SDK	2026-06-06T12:22:53.8033689Z /usr/bin/tar: ../../../../../usr/local/lib/android/sdk/platforms/android-36-ext18/data/res/values-mcc001-mnc01-pt-rBR: Cannot change mode to rwxr-xr-x: Operation not permitted
build	Cache Android SDK	2026-06-06T12:22:53.8035281Z /usr/bin/tar: ../../../../../usr/local/lib/android/sdk/platforms/android-36-ext18/data/res/values-mcc310-mnc660-ja: Cannot utime: Operation not permitted
build	Cache Android SDK	2026-06-06T12:22:53.8036374Z /usr/bin/tar: ../../../../../usr/local/lib/android/sdk/platforms/android-36-ext18/data/res/values-mcc310-mnc660-ja: Cannot change mode to rwxr-xr-x: Operation not permitted
build	Cache Android SDK	2026-06-06T12:22:53.8038149Z /usr/bin/tar: ../../../../../usr/local/lib/android/sdk/platforms/android-36-ext18/data/res/values-mcc310-mnc280-bg: Cannot utime: Operation not permitted
build	Cache Android SDK	2026-06-06T12:22:53.8039141Z /usr/bin/tar: ../../../../../usr/local/lib/android/sdk/platforms/android-36-ext18/data/res/values-mcc310-mnc280-bg: Cannot change mode to rwxr-xr-x: Operation not permitted
build	Cache Android SDK	2026-06-06T12:22:53.8040770Z /usr/bin/tar: ../../../../../usr/local/lib/android/sdk/platforms/android-36-ext18/data/res/values-mcc310-mnc800-am: Cannot utime: Operation not permitted
build	Cache Android SDK	2026-06-06T12:22:53.8041732Z /usr/bin/tar: ../../../../../usr/local/lib/android/sdk/platforms/android-36-ext18/data/res/values-mcc310-mnc800-am: Cannot change mode to rwxr-xr-x: Operation not permitted
build	Cache Android SDK	2026-06-06T12:22:53.8043487Z /usr/bin/tar: ../../../../../usr/local/lib/android/sdk/platforms/android-36-ext18/data/res/values-mcc310-mnc170-vi: Cannot utime: Operation not permitted
build	Cache Android SDK	2026-06-06T12:22:53.8044548Z /usr/bin/tar: ../../../../../usr/local/lib/android/sdk/platforms/android-36-ext18/data/res/values-mcc310-mnc170-vi: Cannot change mode to rwxr-xr-x: Operation not permitted
build	Cache Android SDK	2026-06-06T12:22:53.8047103Z /usr/bin/tar: ../../../../../usr/local/lib/android/sdk/platforms/android-36-ext18/data/res/values-mcc310-mnc310-zu: Cannot utime: Operation not permitted
build	Cache Android SDK	2026-06-06T12:22:53.8048266Z /usr/bin/tar: ../../../../../usr/local/lib/android/sdk/platforms/android-36-ext18/data/res/values-mcc310-mnc310-zu: Cannot change mode to rwxr-xr-x: Operation not permitted
build	Cache Android SDK	2026-06-06T12:22:53.8049935Z /usr/bin/tar: ../../../../../usr/local/lib/android/sdk/platforms/android-36-ext18/data/res/values-mcc310-mnc160-bs: Cannot utime: Operation not permitted
build	Cache Android SDK	2026-06-06T12:22:53.8051463Z /usr/bin/tar: ../../../../../usr/local/lib/android/sdk/platforms/android-36-ext18/data/res/values-mcc310-mnc160-bs: Cannot change mode to rwxr-xr-x: Operation not permitted
build	Cache Android SDK	2026-06-06T12:22:53.8054540Z /usr/bin/tar: ../../../../../usr/local/lib/android/sdk/platforms/android-36-ext18/data/res/anim-watch: Cannot utime: Operation not permitted
build	Cache Android SDK	2026-06-06T12:22:53.8055576Z /usr/bin/tar: ../../../../../usr/local/lib/android/sdk/platforms/android-36-ext18/data/res/anim-watch: Cannot change mode to rwxr-xr-x: Operation not permitted
build	Cache Android SDK	2026-06-06T12:22:53.8057962Z /usr/bin/tar: ../../../../../usr/local/lib/android/sdk/platforms/android-36-ext18/data/res/values-mcc334-mnc020-en-rCA: Cannot utime: Operation not permitted
build	Cache Android SDK	2026-06-06T12:22:53.8059168Z /usr/bin/tar: ../../../../../usr/local/lib/android/sdk/platforms/android-36-ext18/data/res/values-mcc334-mnc020-en-rCA: Cannot change mode to rwxr-xr-x: Operation not permitted
build	Cache Android SDK	2026-06-06T12:22:53.8060888Z /usr/bin/tar: ../../../../../usr/local/lib/android/sdk/platforms/android-36-ext18/data/res/values-lv-television: Cannot utime: Operation not permitted
build	Cache Android SDK	2026-06-06T12:22:53.8061926Z /usr/bin/tar: ../../../../../usr/local/lib/android/sdk/platforms/android-36-ext18/data/res/values-lv-television: Cannot change mode to rwxr-xr-x: Operation not permitted
build	Cache Android SDK	2026-06-06T12:22:53.8064350Z /usr/bin/tar: ../../../../../usr/local/lib/android/sdk/platforms/android-36-ext18/data/res/values-mcc310-mnc210-ko: Cannot utime: Operation not permitted
build	Cache Android SDK	2026-06-06T12:22:53.8065518Z /usr/bin/tar: ../../../../../usr/local/lib/android/sdk/platforms/android-36-ext18/data/res/values-mcc310-mnc210-ko: Cannot change mode to rwxr-xr-x: Operation not permitted
build	Cache Android SDK	2026-06-06T12:22:53.8067195Z /usr/bin/tar: ../../../../../usr/local/lib/android/sdk/platforms/android-36-ext18/data/res/values-mcc310-mnc150-fr-rCA: Cannot utime: Operation not permitted
build	Cache Android SDK	2026-06-06T12:22:53.8068473Z /usr/bin/tar: ../../../../../usr/local/lib/android/sdk/platforms/android-36-ext18/data/res/values-mcc310-mnc150-fr-rCA: Cannot change mode to rwxr-xr-x: Operation not permitted
build	Cache Android SDK	2026-06-06T12:22:53.8070209Z /usr/bin/tar: ../../../../../usr/local/lib/android/sdk/platforms/android-36-ext18/data/res/values-mcc310-mnc030-pt-rBR: Cannot utime: Operation not permitted
build	Cache Android SDK	2026-06-06T12:22:53.8071957Z /usr/bin/tar: ../../../../../usr/local/lib/android/sdk/platforms/android-36-ext18/data/res/values-mcc310-mnc030-pt-rBR: Cannot change mode to rwxr-xr-x: Operation not permitted
build	Cache Android SDK	2026-06-06T12:22:53.8073717Z /usr/bin/tar: ../../../../../usr/local/lib/android/sdk/platforms/android-36-ext18/data/res/values-mcc334-mnc020-lv: Cannot utime: Operation not permitted
build	Cache Android SDK	2026-06-06T12:22:53.8075315Z /usr/bin/tar: ../../../../../usr/local/lib/android/sdk/platforms/android-36-ext18/data/res/values-mcc334-mnc020-lv: Cannot change mode to rwxr-xr-x: Operation not permitted
build	Cache Android SDK	2026-06-06T12:22:53.8077034Z /usr/bin/tar: ../../../../../usr/local/lib/android/sdk/platforms/android-36-ext18/data/res/values-hr-watch: Cannot utime: Operation not permitted
build	Cache Android SDK	2026-06-06T12:22:53.8078720Z /usr/bin/tar: ../../../../../usr/local/lib/android/sdk/platforms/android-36-ext18/data/res/values-hr-watch: Cannot change mode to rwxr-xr-x: Operation not permitted
build	Cache Android SDK	2026-06-06T12:22:53.8080682Z /usr/bin/tar: ../../../../../usr/local/lib/android/sdk/platforms/android-36-ext18/data/res/values-mcc310-mnc380-lo: Cannot utime: Operation not permitted
build	Cache Android SDK	2026-06-06T12:22:53.8082183Z /usr/bin/tar: ../../../../../usr/local/lib/android/sdk/platforms/android-36-ext18/data/res/values-mcc310-mnc380-lo: Cannot change mode to rwxr-xr-x: Operation not permitted
build	Cache Android SDK	2026-06-06T12:22:53.8084009Z /usr/bin/tar: ../../../../../usr/local/lib/android/sdk/platforms/android-36-ext18/data/res/values-mcc311-mnc180-mk: Cannot utime: Operation not permitted
build	Cache Android SDK	2026-06-06T12:22:53.8085405Z /usr/bin/tar: ../../../../../usr/local/lib/android/sdk/platforms/android-36-ext18/data/res/values-mcc311-mnc180-mk: Cannot change mode to rwxr-xr-x: Operation not permitted
build	Cache Android SDK	2026-06-06T12:22:53.8086428Z /usr/bin/tar: ../../../../../usr/local/lib/android/sdk/platforms/android-36-ext18/data/res/values-mcc310-mnc170-ro: Cannot utime: Operation not permitted
build	Cache Android SDK	2026-06-06T12:22:53.8087796Z /usr/bin/tar: ../../../../../usr/local/lib/android/sdk/platforms/android-36-ext18/data/res/values-mcc310-mnc170-ro: Cannot change mode to rwxr-xr-x: Operation not permitted
build	Cache Android SDK	2026-06-06T12:22:53.8089701Z /usr/bin/tar: ../../../../../usr/local/lib/android/sdk/platforms/android-36-ext18/data/res/values-mcc310-mnc200-bn: Cannot utime: Operation not permitted
build	Cache Android SDK	2026-06-06T12:22:53.8090884Z /usr/bin/tar: ../../../../../usr/local/lib/android/sdk/platforms/android-36-ext18/data/res/values-mcc310-mnc200-bn: Cannot change mode to rwxr-xr-x: Operation not permitted
build	Cache Android SDK	2026-06-06T12:22:53.8092640Z /usr/bin/tar: ../../../../../usr/local/lib/android/sdk/platforms/android-36-ext18/data/res/values-mcc310-mnc250: Cannot utime: Operation not permitted
build	Cache Android SDK	2026-06-06T12:22:53.8093819Z /usr/bin/tar: ../../../../../usr/local/lib/android/sdk/platforms/android-36-ext18/data/res/values-mcc310-mnc250: Cannot change mode to rwxr-xr-x: Operation not permitted
build	Cache Android SDK	2026-06-06T12:22:53.8095512Z /usr/bin/tar: ../../../../../usr/local/lib/android/sdk/platforms/android-36-ext18/data/res/values-mcc310-mnc660-ru: Cannot utime: Operation not permitted
build	Cache Android SDK	2026-06-06T12:22:53.8096952Z /usr/bin/tar: ../../../../../usr/local/lib/android/sdk/platforms/android-36-ext18/data/res/values-mcc310-mnc660-ru: Cannot change mode to rwxr-xr-x: Operation not permitted
build	Cache Android SDK	2026-06-06T12:22:53.8098926Z /usr/bin/tar: ../../../../../usr/local/lib/android/sdk/platforms/android-36-ext18/data/res/values-mcc310-mnc220-pa: Cannot utime: Operation not permitted
build	Cache Android SDK	2026-06-06T12:22:53.8100286Z /usr/bin/tar: ../../../../../usr/local/lib/android/sdk/platforms/android-36-ext18/data/res/values-mcc310-mnc220-pa: Cannot change mode to rwxr-xr-x: Operation not permitted
build	Cache Android SDK	2026-06-06T12:22:53.8102029Z /usr/bin/tar: ../../../../../usr/local/lib/android/sdk/platforms/android-36-ext18/data/res/values-w204dp-round-watch: Cannot utime: Operation not permitted
build	Cache Android SDK	2026-06-06T12:22:53.8103556Z /usr/bin/tar: ../../../../../usr/local/lib/android/sdk/platforms/android-36-ext18/data/res/values-w204dp-round-watch: Cannot change mode to rwxr-xr-x: Operation not permitted
build	Cache Android SDK	2026-06-06T12:22:53.8105417Z /usr/bin/tar: ../../../../../usr/local/lib/android/sdk/platforms/android-36-ext18/data/res/values-mcc310-mnc800-ja: Cannot utime: Operation not permitted
build	Cache Android SDK	2026-06-06T12:22:53.8106801Z /usr/bin/tar: ../../../../../usr/local/lib/android/sdk/platforms/android-36-ext18/data/res/values-mcc310-mnc800-ja: Cannot change mode to rwxr-xr-x: Operation not permitted
build	Cache Android SDK	2026-06-06T12:22:53.8108669Z /usr/bin/tar: ../../../../../usr/local/lib/android/sdk/platforms/android-36-ext18/data/res/values-mcc310-mnc490-is: Cannot utime: Operation not permitted
build	Cache Android SDK	2026-06-06T12:22:53.8110161Z /usr/bin/tar: ../../../../../usr/local/lib/android/sdk/platforms/android-36-ext18/data/res/values-mcc310-mnc490-is: Cannot change mode to rwxr-xr-x: Operation not permitted
build	Cache Android SDK	2026-06-06T12:22:53.8112032Z /usr/bin/tar: ../../../../../usr/local/lib/android/sdk/platforms/android-36-ext18/data/res/values-mcc302-mnc720-fi: Cannot utime: Operation not permitted
build	Cache Android SDK	2026-06-06T12:22:53.8113465Z /usr/bin/tar: ../../../../../usr/local/lib/android/sdk/platforms/android-36-ext18/data/res/values-mcc302-mnc720-fi: Cannot change mode to rwxr-xr-x: Operation not permitted
build	Cache Android SDK	2026-06-06T12:22:53.8114601Z /usr/bin/tar: ../../../../../usr/local/lib/android/sdk/platforms/android-36-ext18/data/res/values-mcc310-mnc270-mn: Cannot utime: Operation not permitted
build	Cache Android SDK	2026-06-06T12:22:53.8115623Z /usr/bin/tar: ../../../../../usr/local/lib/android/sdk/platforms/android-36-ext18/data/res/values-mcc310-mnc270-mn: Cannot change mode to rwxr-xr-x: Operation not permitted
build	Cache Android SDK	2026-06-06T12:22:53.8117054Z /usr/bin/tar: ../../../../../usr/local/lib/android/sdk/platforms/android-36-ext18/data/res/values-mcc312-mnc670-ar: Cannot utime: Operation not permitted
build	Cache Android SDK	2026-06-06T12:22:53.8118229Z /usr/bin/tar: ../../../../../usr/local/lib/android/sdk/platforms/android-36-ext18/data/res/values-mcc312-mnc670-ar: Cannot change mode to rwxr-xr-x: Operation not permitted
build	Cache Android SDK	2026-06-06T12:22:53.8119642Z /usr/bin/tar: ../../../../../usr/local/lib/android/sdk/platforms/android-36-ext18/data/res/values-mcc313-mnc100-hu: Cannot utime: Operation not permitted
build	Cache Android SDK	2026-06-06T12:22:53.8120623Z /usr/bin/tar: ../../../../../usr/local/lib/android/sdk/platforms/android-36-ext18/data/res/values-mcc313-mnc100-hu: Cannot change mode to rwxr-xr-x: Operation not permitted
build	Cache Android SDK	2026-06-06T12:22:53.8122773Z /usr/bin/tar: ../../../../../usr/local/lib/android/sdk/platforms/android-36-ext18/data/res/values-in-television: Cannot utime: Operation not permitted
build	Cache Android SDK	2026-06-06T12:22:53.8123829Z /usr/bin/tar: ../../../../../usr/local/lib/android/sdk/platforms/android-36-ext18/data/res/values-in-television: Cannot change mode to rwxr-xr-x: Operation not permitted
build	Cache Android SDK	2026-06-06T12:22:53.8131016Z /usr/bin/tar: ../../../../../usr/local/lib/android/sdk/platforms/android-36-ext18/data/res/values-or: Cannot utime: Operation not permitted
build	Cache Android SDK	2026-06-06T12:22:53.8131973Z /usr/bin/tar: ../../../../../usr/local/lib/android/sdk/platforms/android-36-ext18/data/res/values-or: Cannot change mode to rwxr-xr-x: Operation not permitted
build	Cache Android SDK	2026-06-06T12:22:53.8134814Z /usr/bin/tar: ../../../../../usr/local/lib/android/sdk/platforms/android-36-ext18/data/res/values-mcc310-mnc230-b+sr+Latn: Cannot utime: Operation not permitted
build	Cache Android SDK	2026-06-06T12:22:53.8136006Z /usr/bin/tar: ../../../../../usr/local/lib/android/sdk/platforms/android-36-ext18/data/res/values-mcc310-mnc230-b+sr+Latn: Cannot change mode to rwxr-xr-x: Operation not permitted
build	Cache Android SDK	2026-06-06T12:22:53.8137723Z /usr/bin/tar: ../../../../../usr/local/lib/android/sdk/platforms/android-36-ext18/data/res/values-mcc222-mnc10: Cannot utime: Operation not permitted
build	Cache Android SDK	2026-06-06T12:22:53.8139029Z /usr/bin/tar: ../../../../../usr/local/lib/android/sdk/platforms/android-36-ext18/data/res/values-mcc222-mnc10: Cannot change mode to rwxr-xr-x: Operation not permitted
build	Cache Android SDK	2026-06-06T12:22:53.8141132Z /usr/bin/tar: ../../../../../usr/local/lib/android/sdk/platforms/android-36-ext18/data/res/values-mcc310-mnc310-ru: Cannot utime: Operation not permitted
build	Cache Android SDK	2026-06-06T12:22:53.8142462Z /usr/bin/tar: ../../../../../usr/local/lib/android/sdk/platforms/android-36-ext18/data/res/values-mcc310-mnc310-ru: Cannot change mode to rwxr-xr-x: Operation not permitted
build	Cache Android SDK	2026-06-06T12:22:53.8144124Z /usr/bin/tar: ../../../../../usr/local/lib/android/sdk/platforms/android-36-ext18/data/res/values-mcc310-mnc240-sk: Cannot utime: Operation not permitted
build	Cache Android SDK	2026-06-06T12:22:53.8145406Z /usr/bin/tar: ../../../../../usr/local/lib/android/sdk/platforms/android-36-ext18/data/res/values-mcc310-mnc240-sk: Cannot change mode to rwxr-xr-x: Operation not permitted
build	Cache Android SDK	2026-06-06T12:22:53.8147878Z /usr/bin/tar: ../../../../../usr/local/lib/android/sdk/platforms/android-36-ext18/data/res/values-mcc310-mnc210-fa: Cannot utime: Operation not permitted
build	Cache Android SDK	2026-06-06T12:22:53.8149276Z /usr/bin/tar: ../../../../../usr/local/lib/android/sdk/platforms/android-36-ext18/data/res/values-mcc310-mnc210-fa: Cannot change mode to rwxr-xr-x: Operation not permitted
build	Cache Android SDK	2026-06-06T12:22:53.8150691Z /usr/bin/tar: ../../../../../usr/local/lib/android/sdk/platforms/android-36-ext18/data/res/values-mcc310-mnc200-et: Cannot utime: Operation not permitted
build	Cache Android SDK	2026-06-06T12:22:53.8151739Z /usr/bin/tar: ../../../../../usr/local/lib/android/sdk/platforms/android-36-ext18/data/res/values-mcc310-mnc200-et: Cannot change mode to rwxr-xr-x: Operation not permitted
build	Cache Android SDK	2026-06-06T12:22:53.8157161Z /usr/bin/tar: ../../../../../usr/local/lib/android/sdk/platforms/android-36-ext18/data/res/values-ko: Cannot utime: Operation not permitted
build	Cache Android SDK	2026-06-06T12:22:53.8158293Z /usr/bin/tar: ../../../../../usr/local/lib/android/sdk/platforms/android-36-ext18/data/res/values-ko: Cannot change mode to rwxr-xr-x: Operation not permitted
build	Cache Android SDK	2026-06-06T12:22:53.8162413Z /usr/bin/tar: ../../../../../usr/local/lib/android/sdk/platforms/android-36-ext18/data/res/values-en-rAU-television: Cannot utime: Operation not permitted
build	Cache Android SDK	2026-06-06T12:22:53.8163400Z /usr/bin/tar: ../../../../../usr/local/lib/android/sdk/platforms/android-36-ext18/data/res/values-en-rAU-television: Cannot change mode to rwxr-xr-x: Operation not permitted
build	Cache Android SDK	2026-06-06T12:22:53.8165492Z /usr/bin/tar: ../../../../../usr/local/lib/android/sdk/platforms/android-36-ext18/data/res/values-hy-watch: Cannot utime: Operation not permitted
build	Cache Android SDK	2026-06-06T12:22:53.8166398Z /usr/bin/tar: ../../../../../usr/local/lib/android/sdk/platforms/android-36-ext18/data/res/values-hy-watch: Cannot change mode to rwxr-xr-x: Operation not permitted
build	Cache Android SDK	2026-06-06T12:22:53.8168607Z /usr/bin/tar: ../../../../../usr/local/lib/android/sdk/platforms/android-36-ext18/data/res/values-mcc311-mnc180-kn: Cannot utime: Operation not permitted
build	Cache Android SDK	2026-06-06T12:22:53.8169562Z /usr/bin/tar: ../../../../../usr/local/lib/android/sdk/platforms/android-36-ext18/data/res/values-mcc311-mnc180-kn: Cannot change mode to rwxr-xr-x: Operation not permitted
build	Cache Android SDK	2026-06-06T12:22:53.8171754Z /usr/bin/tar: ../../../../../usr/local/lib/android/sdk/platforms/android-36-ext18/data/res/values-mcc310-mnc210-pl: Cannot utime: Operation not permitted
build	Cache Android SDK	2026-06-06T12:22:53.8172736Z /usr/bin/tar: ../../../../../usr/local/lib/android/sdk/platforms/android-36-ext18/data/res/values-mcc310-mnc210-pl: Cannot change mode to rwxr-xr-x: Operation not permitted
build	Cache Android SDK	2026-06-06T12:22:53.8175129Z /usr/bin/tar: ../../../../../usr/local/lib/android/sdk/platforms/android-36-ext18/data/res/values-mcc310-mnc230-is: Cannot utime: Operation not permitted
build	Cache Android SDK	2026-06-06T12:22:53.8176203Z /usr/bin/tar: ../../../../../usr/local/lib/android/sdk/platforms/android-36-ext18/data/res/values-mcc310-mnc230-is: Cannot change mode to rwxr-xr-x: Operation not permitted
build	Cache Android SDK	2026-06-06T12:22:53.8178689Z /usr/bin/tar: ../../../../../usr/local/lib/android/sdk/platforms/android-36-ext18/data/res/values-mcc712-mnc04: Cannot utime: Operation not permitted
build	Cache Android SDK	2026-06-06T12:22:53.8179632Z /usr/bin/tar: ../../../../../usr/local/lib/android/sdk/platforms/android-36-ext18/data/res/values-mcc712-mnc04: Cannot change mode to rwxr-xr-x: Operation not permitted
build	Cache Android SDK	2026-06-06T12:22:53.8181671Z /usr/bin/tar: ../../../../../usr/local/lib/android/sdk/platforms/android-36-ext18/data/res/values-mcc310-mnc490-ur: Cannot utime: Operation not permitted
build	Cache Android SDK	2026-06-06T12:22:53.8182706Z /usr/bin/tar: ../../../../../usr/local/lib/android/sdk/platforms/android-36-ext18/data/res/values-mcc310-mnc490-ur: Cannot change mode to rwxr-xr-x: Operation not permitted
build	Cache Android SDK	2026-06-06T12:22:53.8184807Z /usr/bin/tar: ../../../../../usr/local/lib/android/sdk/platforms/android-36-ext18/data/res/values-mcc311-mnc180-sl: Cannot utime: Operation not permitted
build	Cache Android SDK	2026-06-06T12:22:53.8185766Z /usr/bin/tar: ../../../../../usr/local/lib/android/sdk/platforms/android-36-ext18/data/res/values-mcc311-mnc180-sl: Cannot change mode to rwxr-xr-x: Operation not permitted
build	Cache Android SDK	2026-06-06T12:22:53.8188317Z /usr/bin/tar: ../../../../../usr/local/lib/android/sdk/platforms/android-36-ext18/data/res/values-mcc310-mnc170-mk: Cannot utime: Operation not permitted
build	Cache Android SDK	2026-06-06T12:22:53.8189275Z /usr/bin/tar: ../../../../../usr/local/lib/android/sdk/platforms/android-36-ext18/data/res/values-mcc310-mnc170-mk: Cannot change mode to rwxr-xr-x: Operation not permitted
build	Cache Android SDK	2026-06-06T12:22:53.8191630Z /usr/bin/tar: ../../../../../usr/local/lib/android/sdk/platforms/android-36-ext18/data/res/values-mcc310-mnc950-th: Cannot utime: Operation not permitted
build	Cache Android SDK	2026-06-06T12:22:53.8192593Z /usr/bin/tar: ../../../../../usr/local/lib/android/sdk/platforms/android-36-ext18/data/res/values-mcc310-mnc950-th: Cannot change mode to rwxr-xr-x: Operation not permitted
build	Cache Android SDK	2026-06-06T12:22:53.8194826Z /usr/bin/tar: ../../../../../usr/local/lib/android/sdk/platforms/android-36-ext18/data/res/values-mcc310-mnc660-nb: Cannot utime: Operation not permitted
build	Cache Android SDK	2026-06-06T12:22:53.8195786Z /usr/bin/tar: ../../../../../usr/local/lib/android/sdk/platforms/android-36-ext18/data/res/values-mcc310-mnc660-nb: Cannot change mode to rwxr-xr-x: Operation not permitted
build	Cache Android SDK	2026-06-06T12:22:53.8198167Z /usr/bin/tar: ../../../../../usr/local/lib/android/sdk/platforms/android-36-ext18/data/res/values-mcc310-mnc030-pa: Cannot utime: Operation not permitted
build	Cache Android SDK	2026-06-06T12:22:53.8199132Z /usr/bin/tar: ../../../../../usr/local/lib/android/sdk/platforms/android-36-ext18/data/res/values-mcc310-mnc030-pa: Cannot change mode to rwxr-xr-x: Operation not permitted
build	Cache Android SDK	2026-06-06T12:22:53.8201373Z /usr/bin/tar: ../../../../../usr/local/lib/android/sdk/platforms/android-36-ext18/data/res/values-gu-watch: Cannot utime: Operation not permitted
build	Cache Android SDK	2026-06-06T12:22:53.8202278Z /usr/bin/tar: ../../../../../usr/local/lib/android/sdk/platforms/android-36-ext18/data/res/values-gu-watch: Cannot change mode to rwxr-xr-x: Operation not permitted
build	Cache Android SDK	2026-06-06T12:22:53.8204776Z /usr/bin/tar: ../../../../../usr/local/lib/android/sdk/platforms/android-36-ext18/data/res/values-mcc310-mnc660-si: Cannot utime: Operation not permitted
build	Cache Android SDK	2026-06-06T12:22:53.8205737Z /usr/bin/tar: ../../../../../usr/local/lib/android/sdk/platforms/android-36-ext18/data/res/values-mcc310-mnc660-si: Cannot change mode to rwxr-xr-x: Operation not permitted
build	Cache Android SDK	2026-06-06T12:22:53.8207860Z /usr/bin/tar: ../../../../../usr/local/lib/android/sdk/platforms/android-36-ext18/data/res/values-mcc310-mnc380-eu: Cannot utime: Operation not permitted
build	Cache Android SDK	2026-06-06T12:22:53.8208818Z /usr/bin/tar: ../../../../../usr/local/lib/android/sdk/platforms/android-36-ext18/data/res/values-mcc310-mnc380-eu: Cannot change mode to rwxr-xr-x: Operation not permitted
build	Cache Android SDK	2026-06-06T12:22:53.8211399Z /usr/bin/tar: ../../../../../usr/local/lib/android/sdk/platforms/android-36-ext18/data/res/values-mcc334-mnc020-pa: Cannot utime: Operation not permitted
build	Cache Android SDK	2026-06-06T12:22:53.8212384Z /usr/bin/tar: ../../../../../usr/local/lib/android/sdk/platforms/android-36-ext18/data/res/values-mcc334-mnc020-pa: Cannot change mode to rwxr-xr-x: Operation not permitted
build	Cache Android SDK	2026-06-06T12:22:53.8217702Z /usr/bin/tar: ../../../../../usr/local/lib/android/sdk/platforms/android-36-ext18/data/res/values-mcc310-mnc560-fr: Cannot utime: Operation not permitted
build	Cache Android SDK	2026-06-06T12:22:53.8218662Z /usr/bin/tar: ../../../../../usr/local/lib/android/sdk/platforms/android-36-ext18/data/res/values-mcc310-mnc560-fr: Cannot change mode to rwxr-xr-x: Operation not permitted
build	Cache Android SDK	2026-06-06T12:22:53.8221355Z /usr/bin/tar: ../../../../../usr/local/lib/android/sdk/platforms/android-36-ext18/data/res/values-mcc334-mnc020-pt-rBR: Cannot utime: Operation not permitted
build	Cache Android SDK	2026-06-06T12:22:53.8222542Z /usr/bin/tar: ../../../../../usr/local/lib/android/sdk/platforms/android-36-ext18/data/res/values-mcc334-mnc020-pt-rBR: Cannot change mode to rwxr-xr-x: Operation not permitted
build	Cache Android SDK	2026-06-06T12:22:53.8225257Z /usr/bin/tar: ../../../../../usr/local/lib/android/sdk/platforms/android-36-ext18/data/res/values-mcc313-mnc100-ur: Cannot utime: Operation not permitted
build	Cache Android SDK	2026-06-06T12:22:53.8226255Z /usr/bin/tar: ../../../../../usr/local/lib/android/sdk/platforms/android-36-ext18/data/res/values-mcc313-mnc100-ur: Cannot change mode to rwxr-xr-x: Operation not permitted
build	Cache Android SDK	2026-06-06T12:22:53.8228383Z /usr/bin/tar: ../../../../../usr/local/lib/android/sdk/platforms/android-36-ext18/data/res/values-mcc310-mnc230-ml: Cannot utime: Operation not permitted
build	Cache Android SDK	2026-06-06T12:22:53.8229403Z /usr/bin/tar: ../../../../../usr/local/lib/android/sdk/platforms/android-36-ext18/data/res/values-mcc310-mnc230-ml: Cannot change mode to rwxr-xr-x: Operation not permitted
build	Cache Android SDK	2026-06-06T12:22:53.8232470Z /usr/bin/tar: ../../../../../usr/local/lib/android/sdk/platforms/android-36-ext18/data/res/values-sr-rRS: Cannot utime: Operation not permitted
build	Cache Android SDK	2026-06-06T12:22:53.8233428Z /usr/bin/tar: ../../../../../usr/local/lib/android/sdk/platforms/android-36-ext18/data/res/values-sr-rRS: Cannot change mode to rwxr-xr-x: Operation not permitted
build	Cache Android SDK	2026-06-06T12:22:53.8236283Z /usr/bin/tar: ../../../../../usr/local/lib/android/sdk/platforms/android-36-ext18/data/res/values-mcc310-mnc160-cs: Cannot utime: Operation not permitted
build	Cache Android SDK	2026-06-06T12:22:53.8237340Z /usr/bin/tar: ../../../../../usr/local/lib/android/sdk/platforms/android-36-ext18/data/res/values-mcc310-mnc160-cs: Cannot change mode to rwxr-xr-x: Operation not permitted
build	Cache Android SDK	2026-06-06T12:22:53.8239825Z /usr/bin/tar: ../../../../../usr/local/lib/android/sdk/platforms/android-36-ext18/data/res/values-mcc240-mnc01: Cannot utime: Operation not permitted
build	Cache Android SDK	2026-06-06T12:22:53.8240790Z /usr/bin/tar: ../../../../../usr/local/lib/android/sdk/platforms/android-36-ext18/data/res/values-mcc240-mnc01: Cannot change mode to rwxr-xr-x: Operation not permitted
build	Cache Android SDK	2026-06-06T12:22:53.8243322Z /usr/bin/tar: ../../../../../usr/local/lib/android/sdk/platforms/android-36-ext18/data/res/values-mcc310-mnc800-fr: Cannot utime: Operation not permitted
build	Cache Android SDK	2026-06-06T12:22:53.8244313Z /usr/bin/tar: ../../../../../usr/local/lib/android/sdk/platforms/android-36-ext18/data/res/values-mcc310-mnc800-fr: Cannot change mode to rwxr-xr-x: Operation not permitted
build	Cache Android SDK	2026-06-06T12:22:53.8246281Z /usr/bin/tar: ../../../../../usr/local/lib/android/sdk/platforms/android-36-ext18/data/res/values-mcc310-mnc490-pt-rPT: Cannot utime: Operation not permitted
build	Cache Android SDK	2026-06-06T12:22:53.8247294Z /usr/bin/tar: ../../../../../usr/local/lib/android/sdk/platforms/android-36-ext18/data/res/values-mcc310-mnc490-pt-rPT: Cannot change mode to rwxr-xr-x: Operation not permitted
build	Cache Android SDK	2026-06-06T12:22:53.8249300Z /usr/bin/tar: ../../../../../usr/local/lib/android/sdk/platforms/android-36-ext18/data/res/values-mcc310-mnc160-bn: Cannot utime: Operation not permitted
build	Cache Android SDK	2026-06-06T12:22:53.8250280Z /usr/bin/tar: ../../../../../usr/local/lib/android/sdk/platforms/android-36-ext18/data/res/values-mcc310-mnc160-bn: Cannot change mode to rwxr-xr-x: Operation not permitted
build	Cache Android SDK	2026-06-06T12:22:53.8256002Z /usr/bin/tar: ../../../../../usr/local/lib/android/sdk/platforms/android-36-ext18/data/res/values-in: Cannot utime: Operation not permitted
build	Cache Android SDK	2026-06-06T12:22:53.8256898Z /usr/bin/tar: ../../../../../usr/local/lib/android/sdk/platforms/android-36-ext18/data/res/values-in: Cannot change mode to rwxr-xr-x: Operation not permitted
build	Cache Android SDK	2026-06-06T12:22:53.8259284Z /usr/bin/tar: ../../../../../usr/local/lib/android/sdk/platforms/android-36-ext18/data/res/values-mcc310-mnc220-kn: Cannot utime: Operation not permitted
build	Cache Android SDK	2026-06-06T12:22:53.8260347Z /usr/bin/tar: ../../../../../usr/local/lib/android/sdk/platforms/android-36-ext18/data/res/values-mcc310-mnc220-kn: Cannot change mode to rwxr-xr-x: Operation not permitted
build	Cache Android SDK	2026-06-06T12:22:53.8262314Z /usr/bin/tar: ../../../../../usr/local/lib/android/sdk/platforms/android-36-ext18/data/res/values-mcc214: Cannot utime: Operation not permitted
build	Cache Android SDK	2026-06-06T12:22:53.8263222Z /usr/bin/tar: ../../../../../usr/local/lib/android/sdk/platforms/android-36-ext18/data/res/values-mcc214: Cannot change mode to rwxr-xr-x: Operation not permitted
build	Cache Android SDK	2026-06-06T12:22:53.8265860Z /usr/bin/tar: ../../../../../usr/local/lib/android/sdk/platforms/android-36-ext18/data/res/values-mcc310-mnc660-zh-rTW: Cannot utime: Operation not permitted
build	Cache Android SDK	2026-06-06T12:22:53.8266930Z /usr/bin/tar: ../../../../../usr/local/lib/android/sdk/platforms/android-36-ext18/data/res/values-mcc310-mnc660-zh-rTW: Cannot change mode to rwxr-xr-x: Operation not permitted
build	Cache Android SDK	2026-06-06T12:22:53.8268817Z /usr/bin/tar: ../../../../../usr/local/lib/android/sdk/platforms/android-36-ext18/data/res/values-is-television: Cannot utime: Operation not permitted
build	Cache Android SDK	2026-06-06T12:22:53.8269871Z /usr/bin/tar: ../../../../../usr/local/lib/android/sdk/platforms/android-36-ext18/data/res/values-is-television: Cannot change mode to rwxr-xr-x: Operation not permitted
build	Cache Android SDK	2026-06-06T12:22:53.8275247Z /usr/bin/tar: ../../../../../usr/local/lib/android/sdk/platforms/android-36-ext18/data/res/values-en-rIN: Cannot utime: Operation not permitted
build	Cache Android SDK	2026-06-06T12:22:53.8276164Z /usr/bin/tar: ../../../../../usr/local/lib/android/sdk/platforms/android-36-ext18/data/res/values-en-rIN: Cannot change mode to rwxr-xr-x: Operation not permitted
build	Cache Android SDK	2026-06-06T12:22:53.8278754Z /usr/bin/tar: ../../../../../usr/local/lib/android/sdk/platforms/android-36-ext18/data/res/values-sw-watch: Cannot utime: Operation not permitted
build	Cache Android SDK	2026-06-06T12:22:53.8279694Z /usr/bin/tar: ../../../../../usr/local/lib/android/sdk/platforms/android-36-ext18/data/res/values-sw-watch: Cannot change mode to rwxr-xr-x: Operation not permitted
build	Cache Android SDK	2026-06-06T12:22:53.8283516Z /usr/bin/tar: ../../../../../usr/local/lib/android/sdk/platforms/android-36-ext18/data/res/values-mcc310-mnc270-sv: Cannot utime: Operation not permitted
build	Cache Android SDK	2026-06-06T12:22:53.8284648Z /usr/bin/tar: ../../../../../usr/local/lib/android/sdk/platforms/android-36-ext18/data/res/values-mcc310-mnc270-sv: Cannot change mode to rwxr-xr-x: Operation not permitted
build	Cache Android SDK	2026-06-06T12:22:53.8286379Z /usr/bin/tar: ../../../../../usr/local/lib/android/sdk/platforms/android-36-ext18/data/res/values-mcc310-mnc490-bg: Cannot utime: Operation not permitted
build	Cache Android SDK	2026-06-06T12:22:53.8287619Z /usr/bin/tar: ../../../../../usr/local/lib/android/sdk/platforms/android-36-ext18/data/res/values-mcc310-mnc490-bg: Cannot change mode to rwxr-xr-x: Operation not permitted
build	Cache Android SDK	2026-06-06T12:22:53.8289277Z /usr/bin/tar: ../../../../../usr/local/lib/android/sdk/platforms/android-36-ext18/data/res/values-mcc466-mnc11: Cannot utime: Operation not permitted
build	Cache Android SDK	2026-06-06T12:22:53.8290229Z /usr/bin/tar: ../../../../../usr/local/lib/android/sdk/platforms/android-36-ext18/data/res/values-mcc466-mnc11: Cannot change mode to rwxr-xr-x: Operation not permitted
build	Cache Android SDK	2026-06-06T12:22:53.8292542Z /usr/bin/tar: ../../../../../usr/local/lib/android/sdk/platforms/android-36-ext18/data/res/values-mcc310-mnc200-my: Cannot utime: Operation not permitted
build	Cache Android SDK	2026-06-06T12:22:53.8293630Z /usr/bin/tar: ../../../../../usr/local/lib/android/sdk/platforms/android-36-ext18/data/res/values-mcc310-mnc200-my: Cannot change mode to rwxr-xr-x: Operation not permitted
build	Cache Android SDK	2026-06-06T12:22:53.8295385Z /usr/bin/tar: ../../../../../usr/local/lib/android/sdk/platforms/android-36-ext18/data/res/values-mcc310-mnc210-ka: Cannot utime: Operation not permitted
build	Cache Android SDK	2026-06-06T12:22:53.8296357Z /usr/bin/tar: ../../../../../usr/local/lib/android/sdk/platforms/android-36-ext18/data/res/values-mcc310-mnc210-ka: Cannot change mode to rwxr-xr-x: Operation not permitted
build	Cache Android SDK	2026-06-06T12:22:53.8378986Z /usr/bin/tar: ../../../../../usr/local/lib/android/sdk/platforms/android-36-ext18/data/res/anim: Cannot utime: Operation not permitted
build	Cache Android SDK	2026-06-06T12:22:53.8380192Z /usr/bin/tar: ../../../../../usr/local/lib/android/sdk/platforms/android-36-ext18/data/res/anim: Cannot change mode to rwxr-xr-x: Operation not permitted
build	Cache Android SDK	2026-06-06T12:22:53.8381822Z /usr/bin/tar: ../../../../../usr/local/lib/android/sdk/platforms/android-36-ext18/data/res/values-mcc310-mnc560-sw: Cannot utime: Operation not permitted
build	Cache Android SDK	2026-06-06T12:22:53.8382881Z /usr/bin/tar: ../../../../../usr/local/lib/android/sdk/platforms/android-36-ext18/data/res/values-mcc310-mnc560-sw: Cannot change mode to rwxr-xr-x: Operation not permitted
build	Cache Android SDK	2026-06-06T12:22:53.8385325Z /usr/bin/tar: ../../../../../usr/local/lib/android/sdk/platforms/android-36-ext18/data/res/values-mcc310-mnc270-ka: Cannot utime: Operation not permitted
build	Cache Android SDK	2026-06-06T12:22:53.8386377Z /usr/bin/tar: ../../../../../usr/local/lib/android/sdk/platforms/android-36-ext18/data/res/values-mcc310-mnc270-ka: Cannot change mode to rwxr-xr-x: Operation not permitted
build	Cache Android SDK	2026-06-06T12:22:53.8388353Z /usr/bin/tar: ../../../../../usr/local/lib/android/sdk/platforms/android-36-ext18/data/res/values-mcc334-mnc020-af: Cannot utime: Operation not permitted
build	Cache Android SDK	2026-06-06T12:22:53.8389503Z /usr/bin/tar: ../../../../../usr/local/lib/android/sdk/platforms/android-36-ext18/data/res/values-mcc334-mnc020-af: Cannot change mode to rwxr-xr-x: Operation not permitted
build	Cache Android SDK	2026-06-06T12:22:53.8391469Z /usr/bin/tar: ../../../../../usr/local/lib/android/sdk/platforms/android-36-ext18/data/res/values-mcc310-mnc560-el: Cannot utime: Operation not permitted
build	Cache Android SDK	2026-06-06T12:22:53.8392507Z /usr/bin/tar: ../../../../../usr/local/lib/android/sdk/platforms/android-36-ext18/data/res/values-mcc310-mnc560-el: Cannot change mode to rwxr-xr-x: Operation not permitted
build	Cache Android SDK	2026-06-06T12:22:53.8395619Z /usr/bin/tar: ../../../../../usr/local/lib/android/sdk/platforms/android-36-ext18/data/res/layout-xlarge: Cannot utime: Operation not permitted
build	Cache Android SDK	2026-06-06T12:22:53.8396524Z /usr/bin/tar: ../../../../../usr/local/lib/android/sdk/platforms/android-36-ext18/data/res/layout-xlarge: Cannot change mode to rwxr-xr-x: Operation not permitted
build	Cache Android SDK	2026-06-06T12:22:53.8399378Z /usr/bin/tar: ../../../../../usr/local/lib/android/sdk/platforms/android-36-ext18/data/res/values-mcc001-mnc01-bn: Cannot utime: Operation not permitted
build	Cache Android SDK	2026-06-06T12:22:53.8401044Z /usr/bin/tar: ../../../../../usr/local/lib/android/sdk/platforms/android-36-ext18/data/res/values-mcc001-mnc01-bn: Cannot change mode to rwxr-xr-x: Operation not permitted
build	Cache Android SDK	2026-06-06T12:22:53.8402780Z /usr/bin/tar: ../../../../../usr/local/lib/android/sdk/platforms/android-36-ext18/data/res/values-mcc310-mnc270-zh-rCN: Cannot utime: Operation not permitted
build	Cache Android SDK	2026-06-06T12:22:53.8404043Z /usr/bin/tar: ../../../../../usr/local/lib/android/sdk/platforms/android-36-ext18/data/res/values-mcc310-mnc270-zh-rCN: Cannot change mode to rwxr-xr-x: Operation not permitted
build	Cache Android SDK	2026-06-06T12:22:53.8405853Z /usr/bin/tar: ../../../../../usr/local/lib/android/sdk/platforms/android-36-ext18/data/res/values-mcc302-mnc370-zu: Cannot utime: Operation not permitted
build	Cache Android SDK	2026-06-06T12:22:53.8406832Z /usr/bin/tar: ../../../../../usr/local/lib/android/sdk/platforms/android-36-ext18/data/res/values-mcc302-mnc370-zu: Cannot change mode to rwxr-xr-x: Operation not permitted
build	Cache Android SDK	2026-06-06T12:22:53.8409218Z /usr/bin/tar: ../../../../../usr/local/lib/android/sdk/platforms/android-36-ext18/data/res/values-mcc310-mnc210-ne: Cannot utime: Operation not permitted
build	Cache Android SDK	2026-06-06T12:22:53.8410362Z /usr/bin/tar: ../../../../../usr/local/lib/android/sdk/platforms/android-36-ext18/data/res/values-mcc310-mnc210-ne: Cannot change mode to rwxr-xr-x: Operation not permitted
build	Cache Android SDK	2026-06-06T12:22:53.8412140Z /usr/bin/tar: ../../../../../usr/local/lib/android/sdk/platforms/android-36-ext18/data/res/values-mcc302-mnc370-en-rIN: Cannot utime: Operation not permitted
build	Cache Android SDK	2026-06-06T12:22:53.8413211Z /usr/bin/tar: ../../../../../usr/local/lib/android/sdk/platforms/android-36-ext18/data/res/values-mcc302-mnc370-en-rIN: Cannot change mode to rwxr-xr-x: Operation not permitted
build	Cache Android SDK	2026-06-06T12:22:53.8414804Z /usr/bin/tar: ../../../../../usr/local/lib/android/sdk/platforms/android-36-ext18/data/res/values-ky-television: Cannot utime: Operation not permitted
build	Cache Android SDK	2026-06-06T12:22:53.8415859Z /usr/bin/tar: ../../../../../usr/local/lib/android/sdk/platforms/android-36-ext18/data/res/values-ky-television: Cannot change mode to rwxr-xr-x: Operation not permitted
build	Cache Android SDK	2026-06-06T12:22:53.8417792Z /usr/bin/tar: ../../../../../usr/local/lib/android/sdk/platforms/android-36-ext18/data/res/values-mcc310-mnc210-ms: Cannot utime: Operation not permitted
build	Cache Android SDK	2026-06-06T12:22:53.8418795Z /usr/bin/tar: ../../../../../usr/local/lib/android/sdk/platforms/android-36-ext18/data/res/values-mcc310-mnc210-ms: Cannot change mode to rwxr-xr-x: Operation not permitted
build	Cache Android SDK	2026-06-06T12:22:53.8420727Z /usr/bin/tar: ../../../../../usr/local/lib/android/sdk/platforms/android-36-ext18/data/res/values-mcc310-mnc210-hi: Cannot utime: Operation not permitted
build	Cache Android SDK	2026-06-06T12:22:53.8421680Z /usr/bin/tar: ../../../../../usr/local/lib/android/sdk/platforms/android-36-ext18/data/res/values-mcc310-mnc210-hi: Cannot change mode to rwxr-xr-x: Operation not permitted
build	Cache Android SDK	2026-06-06T12:22:53.8423642Z /usr/bin/tar: ../../../../../usr/local/lib/android/sdk/platforms/android-36-ext18/data/res/values-mcc310-mnc210-is: Cannot utime: Operation not permitted
build	Cache Android SDK	2026-06-06T12:22:53.8424655Z /usr/bin/tar: ../../../../../usr/local/lib/android/sdk/platforms/android-36-ext18/data/res/values-mcc310-mnc210-is: Cannot change mode to rwxr-xr-x: Operation not permitted
build	Cache Android SDK	2026-06-06T12:22:53.8426295Z /usr/bin/tar: ../../../../../usr/local/lib/android/sdk/platforms/android-36-ext18/data/res/values-mcc312-mnc670-tl: Cannot utime: Operation not permitted
build	Cache Android SDK	2026-06-06T12:22:53.8427244Z /usr/bin/tar: ../../../../../usr/local/lib/android/sdk/platforms/android-36-ext18/data/res/values-mcc312-mnc670-tl: Cannot change mode to rwxr-xr-x: Operation not permitted
build	Cache Android SDK	2026-06-06T12:22:53.8429902Z /usr/bin/tar: ../../../../../usr/local/lib/android/sdk/platforms/android-36-ext18/data/res/values-mcc310-mnc950-pa: Cannot utime: Operation not permitted
build	Cache Android SDK	2026-06-06T12:22:53.8430925Z /usr/bin/tar: ../../../../../usr/local/lib/android/sdk/platforms/android-36-ext18/data/res/values-mcc310-mnc950-pa: Cannot change mode to rwxr-xr-x: Operation not permitted
build	Cache Android SDK	2026-06-06T12:22:53.8432903Z /usr/bin/tar: ../../../../../usr/local/lib/android/sdk/platforms/android-36-ext18/data/res/values-mcc310-mnc660-be: Cannot utime: Operation not permitted
build	Cache Android SDK	2026-06-06T12:22:53.8433878Z /usr/bin/tar: ../../../../../usr/local/lib/android/sdk/platforms/android-36-ext18/data/res/values-mcc310-mnc660-be: Cannot change mode to rwxr-xr-x: Operation not permitted
build	Cache Android SDK	2026-06-06T12:22:53.8435864Z /usr/bin/tar: ../../../../../usr/local/lib/android/sdk/platforms/android-36-ext18/data/res/values-de-masculine: Cannot utime: Operation not permitted
build	Cache Android SDK	2026-06-06T12:22:53.8436819Z /usr/bin/tar: ../../../../../usr/local/lib/android/sdk/platforms/android-36-ext18/data/res/values-de-masculine: Cannot change mode to rwxr-xr-x: Operation not permitted
build	Cache Android SDK	2026-06-06T12:22:53.8439949Z /usr/bin/tar: ../../../../../usr/local/lib/android/sdk/platforms/android-36-ext18/data/res/values-mcc310-mnc250-el: Cannot utime: Operation not permitted
build	Cache Android SDK	2026-06-06T12:22:53.8441168Z /usr/bin/tar: ../../../../../usr/local/lib/android/sdk/platforms/android-36-ext18/data/res/values-mcc310-mnc250-el: Cannot change mode to rwxr-xr-x: Operation not permitted
build	Cache Android SDK	2026-06-06T12:22:53.8442795Z /usr/bin/tar: ../../../../../usr/local/lib/android/sdk/platforms/android-36-ext18/data/res/values-mcc310-mnc160-az: Cannot utime: Operation not permitted
build	Cache Android SDK	2026-06-06T12:22:53.8443750Z /usr/bin/tar: ../../../../../usr/local/lib/android/sdk/platforms/android-36-ext18/data/res/values-mcc310-mnc160-az: Cannot change mode to rwxr-xr-x: Operation not permitted
build	Cache Android SDK	2026-06-06T12:22:53.8446200Z /usr/bin/tar: ../../../../../usr/local/lib/android/sdk/platforms/android-36-ext18/data/res/values-mcc312-mnc670-sl: Cannot utime: Operation not permitted
build	Cache Android SDK	2026-06-06T12:22:53.8447161Z /usr/bin/tar: ../../../../../usr/local/lib/android/sdk/platforms/android-36-ext18/data/res/values-mcc312-mnc670-sl: Cannot change mode to rwxr-xr-x: Operation not permitted
build	Cache Android SDK	2026-06-06T12:22:53.8450415Z /usr/bin/tar: ../../../../../usr/local/lib/android/sdk/platforms/android-36-ext18/data/res/values-mcc312-mnc670: Cannot utime: Operation not permitted
build	Cache Android SDK	2026-06-06T12:22:53.8451498Z /usr/bin/tar: ../../../../../usr/local/lib/android/sdk/platforms/android-36-ext18/data/res/values-mcc312-mnc670: Cannot change mode to rwxr-xr-x: Operation not permitted
build	Cache Android SDK	2026-06-06T12:22:53.8455732Z /usr/bin/tar: ../../../../../usr/local/lib/android/sdk/platforms/android-36-ext18/data/res/values-mcc310-mnc380-en-rAU: Cannot utime: Operation not permitted
build	Cache Android SDK	2026-06-06T12:22:53.8456845Z /usr/bin/tar: ../../../../../usr/local/lib/android/sdk/platforms/android-36-ext18/data/res/values-mcc310-mnc380-en-rAU: Cannot change mode to rwxr-xr-x: Operation not permitted
build	Cache Android SDK	2026-06-06T12:22:53.8459874Z /usr/bin/tar: ../../../../../usr/local/lib/android/sdk/platforms/android-36-ext18/data/res/values-mcc310-mnc200-sl: Cannot utime: Operation not permitted
build	Cache Android SDK	2026-06-06T12:22:53.8460916Z /usr/bin/tar: ../../../../../usr/local/lib/android/sdk/platforms/android-36-ext18/data/res/values-mcc310-mnc200-sl: Cannot change mode to rwxr-xr-x: Operation not permitted
build	Cache Android SDK	2026-06-06T12:22:53.8462548Z /usr/bin/tar: ../../../../../usr/local/lib/android/sdk/platforms/android-36-ext18/data/res/values-mcc310-mnc250-sk: Cannot utime: Operation not permitted
build	Cache Android SDK	2026-06-06T12:22:53.8463512Z /usr/bin/tar: ../../../../../usr/local/lib/android/sdk/platforms/android-36-ext18/data/res/values-mcc310-mnc250-sk: Cannot change mode to rwxr-xr-x: Operation not permitted
build	Cache Android SDK	2026-06-06T12:22:53.8466257Z /usr/bin/tar: ../../../../../usr/local/lib/android/sdk/platforms/android-36-ext18/data/res/values-mcc310-mnc280-en-rXC: Cannot utime: Operation not permitted
build	Cache Android SDK	2026-06-06T12:22:53.8467256Z /usr/bin/tar: ../../../../../usr/local/lib/android/sdk/platforms/android-36-ext18/data/res/values-mcc310-mnc280-en-rXC: Cannot change mode to rwxr-xr-x: Operation not permitted
build	Cache Android SDK	2026-06-06T12:22:53.8469855Z /usr/bin/tar: ../../../../../usr/local/lib/android/sdk/platforms/android-36-ext18/data/res/values-mcc310-mnc230-zh-rCN: Cannot utime: Operation not permitted
build	Cache Android SDK	2026-06-06T12:22:53.8470894Z /usr/bin/tar: ../../../../../usr/local/lib/android/sdk/platforms/android-36-ext18/data/res/values-mcc310-mnc230-zh-rCN: Cannot change mode to rwxr-xr-x: Operation not permitted
build	Cache Android SDK	2026-06-06T12:22:53.8473044Z /usr/bin/tar: ../../../../../usr/local/lib/android/sdk/platforms/android-36-ext18/data/res/values-mcc310-mnc220-sw: Cannot utime: Operation not permitted
build	Cache Android SDK	2026-06-06T12:22:53.8474000Z /usr/bin/tar: ../../../../../usr/local/lib/android/sdk/platforms/android-36-ext18/data/res/values-mcc310-mnc220-sw: Cannot change mode to rwxr-xr-x: Operation not permitted
build	Cache Android SDK	2026-06-06T12:22:53.8476505Z /usr/bin/tar: ../../../../../usr/local/lib/android/sdk/platforms/android-36-ext18/data/res/values-mcc310-mnc170-b+sr+Latn: Cannot utime: Operation not permitted
build	Cache Android SDK	2026-06-06T12:22:53.8477754Z /usr/bin/tar: ../../../../../usr/local/lib/android/sdk/platforms/android-36-ext18/data/res/values-mcc310-mnc170-b+sr+Latn: Cannot change mode to rwxr-xr-x: Operation not permitted
build	Cache Android SDK	2026-06-06T12:22:53.8479296Z /usr/bin/tar: ../../../../../usr/local/lib/android/sdk/platforms/android-36-ext18/data/res/values-sw720dp-port: Cannot utime: Operation not permitted
build	Cache Android SDK	2026-06-06T12:22:53.8480250Z /usr/bin/tar: ../../../../../usr/local/lib/android/sdk/platforms/android-36-ext18/data/res/values-sw720dp-port: Cannot change mode to rwxr-xr-x: Operation not permitted
build	Cache Android SDK	2026-06-06T12:22:53.8482257Z /usr/bin/tar: ../../../../../usr/local/lib/android/sdk/platforms/android-36-ext18/data/res/values-mcc310-mnc030-si: Cannot utime: Operation not permitted
build	Cache Android SDK	2026-06-06T12:22:53.8483295Z /usr/bin/tar: ../../../../../usr/local/lib/android/sdk/platforms/android-36-ext18/data/res/values-mcc310-mnc030-si: Cannot change mode to rwxr-xr-x: Operation not permitted
build	Cache Android SDK	2026-06-06T12:22:53.8485012Z /usr/bin/tar: ../../../../../usr/local/lib/android/sdk/platforms/android-36-ext18/data/res/values-mcc310-mnc150-is: Cannot utime: Operation not permitted
build	Cache Android SDK	2026-06-06T12:22:53.8486061Z /usr/bin/tar: ../../../../../usr/local/lib/android/sdk/platforms/android-36-ext18/data/res/values-mcc310-mnc150-is: Cannot change mode to rwxr-xr-x: Operation not permitted
build	Cache Android SDK	2026-06-06T12:22:53.8488049Z /usr/bin/tar: ../../../../../usr/local/lib/android/sdk/platforms/android-36-ext18/data/res/values-mcc310-mnc030-tl: Cannot utime: Operation not permitted
build	Cache Android SDK	2026-06-06T12:22:53.8489001Z /usr/bin/tar: ../../../../../usr/local/lib/android/sdk/platforms/android-36-ext18/data/res/values-mcc310-mnc030-tl: Cannot change mode to rwxr-xr-x: Operation not permitted
build	Cache Android SDK	2026-06-06T12:22:53.8491306Z /usr/bin/tar: ../../../../../usr/local/lib/android/sdk/platforms/android-36-ext18/data/res/values-mcc310-mnc490-af: Cannot utime: Operation not permitted
build	Cache Android SDK	2026-06-06T12:22:53.8492401Z /usr/bin/tar: ../../../../../usr/local/lib/android/sdk/platforms/android-36-ext18/data/res/values-mcc310-mnc490-af: Cannot change mode to rwxr-xr-x: Operation not permitted
build	Cache Android SDK	2026-06-06T12:22:53.8494083Z /usr/bin/tar: ../../../../../usr/local/lib/android/sdk/platforms/android-36-ext18/data/res/values-mcc313-mnc100-el: Cannot utime: Operation not permitted
build	Cache Android SDK	2026-06-06T12:22:53.8495298Z /usr/bin/tar: ../../../../../usr/local/lib/android/sdk/platforms/android-36-ext18/data/res/values-mcc313-mnc100-el: Cannot change mode to rwxr-xr-x: Operation not permitted
build	Cache Android SDK	2026-06-06T12:22:53.8496859Z /usr/bin/tar: ../../../../../usr/local/lib/android/sdk/platforms/android-36-ext18/data/res/values-mcc310-mnc220-pt-rBR: Cannot utime: Operation not permitted
build	Cache Android SDK	2026-06-06T12:22:53.8498100Z /usr/bin/tar: ../../../../../usr/local/lib/android/sdk/platforms/android-36-ext18/data/res/values-mcc310-mnc220-pt-rBR: Cannot change mode to rwxr-xr-x: Operation not permitted
build	Cache Android SDK	2026-06-06T12:22:53.8500610Z /usr/bin/tar: ../../../../../usr/local/lib/android/sdk/platforms/android-36-ext18/data/res/values-mcc310-mnc240-te: Cannot utime: Operation not permitted
build	Cache Android SDK	2026-06-06T12:22:53.8501968Z /usr/bin/tar: ../../../../../usr/local/lib/android/sdk/platforms/android-36-ext18/data/res/values-mcc310-mnc240-te: Cannot change mode to rwxr-xr-x: Operation not permitted
build	Cache Android SDK	2026-06-06T12:22:53.8503418Z /usr/bin/tar: ../../../../../usr/local/lib/android/sdk/platforms/android-36-ext18/data/res/values-mcc334-mnc020-es-rUS: Cannot utime: Operation not permitted
build	Cache Android SDK	2026-06-06T12:22:53.8504504Z /usr/bin/tar: ../../../../../usr/local/lib/android/sdk/platforms/android-36-ext18/data/res/values-mcc334-mnc020-es-rUS: Cannot change mode to rwxr-xr-x: Operation not permitted
build	Cache Android SDK	2026-06-06T12:22:53.8506063Z /usr/bin/tar: ../../../../../usr/local/lib/android/sdk/platforms/android-36-ext18/data/res/values-mcc302-mnc370-en-rCA: Cannot utime: Operation not permitted
build	Cache Android SDK	2026-06-06T12:22:53.8507065Z /usr/bin/tar: ../../../../../usr/local/lib/android/sdk/platforms/android-36-ext18/data/res/values-mcc302-mnc370-en-rCA: Cannot change mode to rwxr-xr-x: Operation not permitted
build	Cache Android SDK	2026-06-06T12:22:53.8510241Z /usr/bin/tar: ../../../../../usr/local/lib/android/sdk/platforms/android-36-ext18/data/res/values-mcc310-mnc170-pl: Cannot utime: Operation not permitted
build	Cache Android SDK	2026-06-06T12:22:53.8511207Z /usr/bin/tar: ../../../../../usr/local/lib/android/sdk/platforms/android-36-ext18/data/res/values-mcc310-mnc170-pl: Cannot change mode to rwxr-xr-x: Operation not permitted
build	Cache Android SDK	2026-06-06T12:22:53.8513635Z /usr/bin/tar: ../../../../../usr/local/lib/android/sdk/platforms/android-36-ext18/data/res/values-be-watch: Cannot utime: Operation not permitted
build	Cache Android SDK	2026-06-06T12:22:53.8514680Z /usr/bin/tar: ../../../../../usr/local/lib/android/sdk/platforms/android-36-ext18/data/res/values-be-watch: Cannot change mode to rwxr-xr-x: Operation not permitted
build	Cache Android SDK	2026-06-06T12:22:53.8516795Z /usr/bin/tar: ../../../../../usr/local/lib/android/sdk/platforms/android-36-ext18/data/res/values-fi-television: Cannot utime: Operation not permitted
build	Cache Android SDK	2026-06-06T12:22:53.8517952Z /usr/bin/tar: ../../../../../usr/local/lib/android/sdk/platforms/android-36-ext18/data/res/values-fi-television: Cannot change mode to rwxr-xr-x: Operation not permitted
build	Cache Android SDK	2026-06-06T12:22:53.8519635Z /usr/bin/tar: ../../../../../usr/local/lib/android/sdk/platforms/android-36-ext18/data/res/values-mcc310-mnc800-pt-rPT: Cannot utime: Operation not permitted
build	Cache Android SDK	2026-06-06T12:22:53.8520750Z /usr/bin/tar: ../../../../../usr/local/lib/android/sdk/platforms/android-36-ext18/data/res/values-mcc310-mnc800-pt-rPT: Cannot change mode to rwxr-xr-x: Operation not permitted
build	Cache Android SDK	2026-06-06T12:22:53.8522534Z /usr/bin/tar: ../../../../../usr/local/lib/android/sdk/platforms/android-36-ext18/data/res/values-mcc310-mnc490-hi: Cannot utime: Operation not permitted
build	Cache Android SDK	2026-06-06T12:22:53.8523507Z /usr/bin/tar: ../../../../../usr/local/lib/android/sdk/platforms/android-36-ext18/data/res/values-mcc310-mnc490-hi: Cannot change mode to rwxr-xr-x: Operation not permitted
build	Cache Android SDK	2026-06-06T12:22:53.8525689Z /usr/bin/tar: ../../../../../usr/local/lib/android/sdk/platforms/android-36-ext18/data/res/values-mcc001-mnc01-hu: Cannot utime: Operation not permitted
build	Cache Android SDK	2026-06-06T12:22:53.8526655Z /usr/bin/tar: ../../../../../usr/local/lib/android/sdk/platforms/android-36-ext18/data/res/values-mcc001-mnc01-hu: Cannot change mode to rwxr-xr-x: Operation not permitted
build	Cache Android SDK	2026-06-06T12:22:53.8528960Z /usr/bin/tar: ../../../../../usr/local/lib/android/sdk/platforms/android-36-ext18/data/res/values-mcc724: Cannot utime: Operation not permitted
build	Cache Android SDK	2026-06-06T12:22:53.8529869Z /usr/bin/tar: ../../../../../usr/local/lib/android/sdk/platforms/android-36-ext18/data/res/values-mcc724: Cannot change mode to rwxr-xr-x: Operation not permitted
build	Cache Android SDK	2026-06-06T12:22:53.8532194Z /usr/bin/tar: ../../../../../usr/local/lib/android/sdk/platforms/android-36-ext18/data/res/values-mcc310-mnc310-ar: Cannot utime: Operation not permitted
build	Cache Android SDK	2026-06-06T12:22:53.8533153Z /usr/bin/tar: ../../../../../usr/local/lib/android/sdk/platforms/android-36-ext18/data/res/values-mcc310-mnc310-ar: Cannot change mode to rwxr-xr-x: Operation not permitted
build	Cache Android SDK	2026-06-06T12:22:53.8536094Z /usr/bin/tar: ../../../../../usr/local/lib/android/sdk/platforms/android-36-ext18/data/res/values-mcc310-mnc310-tr: Cannot utime: Operation not permitted
build	Cache Android SDK	2026-06-06T12:22:53.8537066Z /usr/bin/tar: ../../../../../usr/local/lib/android/sdk/platforms/android-36-ext18/data/res/values-mcc310-mnc310-tr: Cannot change mode to rwxr-xr-x: Operation not permitted
build	Cache Android SDK	2026-06-06T12:22:53.8539861Z /usr/bin/tar: ../../../../../usr/local/lib/android/sdk/platforms/android-36-ext18/data/res/values-mcc310-mnc410-sr: Cannot utime: Operation not permitted
build	Cache Android SDK	2026-06-06T12:22:53.8540830Z /usr/bin/tar: ../../../../../usr/local/lib/android/sdk/platforms/android-36-ext18/data/res/values-mcc310-mnc410-sr: Cannot change mode to rwxr-xr-x: Operation not permitted
build	Cache Android SDK	2026-06-06T12:22:53.8543483Z /usr/bin/tar: ../../../../../usr/local/lib/android/sdk/platforms/android-36-ext18/data/res/values-mcc310-mnc250-fa: Cannot utime: Operation not permitted
build	Cache Android SDK	2026-06-06T12:22:53.8544454Z /usr/bin/tar: ../../../../../usr/local/lib/android/sdk/platforms/android-36-ext18/data/res/values-mcc310-mnc250-fa: Cannot change mode to rwxr-xr-x: Operation not permitted
build	Cache Android SDK	2026-06-06T12:22:53.8546837Z /usr/bin/tar: ../../../../../usr/local/lib/android/sdk/platforms/android-36-ext18/data/res/values-mcc310-mnc660-pt: Cannot utime: Operation not permitted
build	Cache Android SDK	2026-06-06T12:22:53.8547951Z /usr/bin/tar: ../../../../../usr/local/lib/android/sdk/platforms/android-36-ext18/data/res/values-mcc310-mnc660-pt: Cannot change mode to rwxr-xr-x: Operation not permitted
build	Cache Android SDK	2026-06-06T12:22:53.8555252Z /usr/bin/tar: ../../../../../usr/local/lib/android/sdk/platforms/android-36-ext18/data/res/values-am: Cannot utime: Operation not permitted
build	Cache Android SDK	2026-06-06T12:22:53.8556825Z /usr/bin/tar: ../../../../../usr/local/lib/android/sdk/platforms/android-36-ext18/data/res/values-am: Cannot change mode to rwxr-xr-x: Operation not permitted
build	Cache Android SDK	2026-06-06T12:22:53.8558269Z /usr/bin/tar: ../../../../../usr/local/lib/android/sdk/platforms/android-36-ext18/data/res/values-mcc310-mnc030-be: Cannot utime: Operation not permitted
build	Cache Android SDK	2026-06-06T12:22:53.8559250Z /usr/bin/tar: ../../../../../usr/local/lib/android/sdk/platforms/android-36-ext18/data/res/values-mcc310-mnc030-be: Cannot change mode to rwxr-xr-x: Operation not permitted
build	Cache Android SDK	2026-06-06T12:22:53.8561782Z /usr/bin/tar: ../../../../../usr/local/lib/android/sdk/platforms/android-36-ext18/data/res/values-mcc310-mnc950-si: Cannot utime: Operation not permitted
build	Cache Android SDK	2026-06-06T12:22:53.8562855Z /usr/bin/tar: ../../../../../usr/local/lib/android/sdk/platforms/android-36-ext18/data/res/values-mcc310-mnc950-si: Cannot change mode to rwxr-xr-x: Operation not permitted
build	Cache Android SDK	2026-06-06T12:22:53.8565422Z /usr/bin/tar: ../../../../../usr/local/lib/android/sdk/platforms/android-36-ext18/data/res/values-mcc310-mnc270-eu: Cannot utime: Operation not permitted
build	Cache Android SDK	2026-06-06T12:22:53.8566389Z /usr/bin/tar: ../../../../../usr/local/lib/android/sdk/platforms/android-36-ext18/data/res/values-mcc310-mnc270-eu: Cannot change mode to rwxr-xr-x: Operation not permitted
build	Cache Android SDK	2026-06-06T12:22:53.8569116Z /usr/bin/tar: ../../../../../usr/local/lib/android/sdk/platforms/android-36-ext18/data/res/values-mcc310-mnc220-si: Cannot utime: Operation not permitted
build	Cache Android SDK	2026-06-06T12:22:53.8570127Z /usr/bin/tar: ../../../../../usr/local/lib/android/sdk/platforms/android-36-ext18/data/res/values-mcc310-mnc220-si: Cannot change mode to rwxr-xr-x: Operation not permitted
build	Cache Android SDK	2026-06-06T12:22:53.8572291Z /usr/bin/tar: ../../../../../usr/local/lib/android/sdk/platforms/android-36-ext18/data/res/values-mcc313-mnc100-uk: Cannot utime: Operation not permitted
build	Cache Android SDK	2026-06-06T12:22:53.8573257Z /usr/bin/tar: ../../../../../usr/local/lib/android/sdk/platforms/android-36-ext18/data/res/values-mcc313-mnc100-uk: Cannot change mode to rwxr-xr-x: Operation not permitted
build	Cache Android SDK	2026-06-06T12:22:53.8575485Z /usr/bin/tar: ../../../../../usr/local/lib/android/sdk/platforms/android-36-ext18/data/res/values-mcc311-mnc180-bs: Cannot utime: Operation not permitted
build	Cache Android SDK	2026-06-06T12:22:53.8576449Z /usr/bin/tar: ../../../../../usr/local/lib/android/sdk/platforms/android-36-ext18/data/res/values-mcc311-mnc180-bs: Cannot change mode to rwxr-xr-x: Operation not permitted
build	Cache Android SDK	2026-06-06T12:22:53.8583101Z /usr/bin/tar: ../../../../../usr/local/lib/android/sdk/platforms/android-36-ext18/data/res/values-nb: Cannot utime: Operation not permitted
build	Cache Android SDK	2026-06-06T12:22:53.8584029Z /usr/bin/tar: ../../../../../usr/local/lib/android/sdk/platforms/android-36-ext18/data/res/values-nb: Cannot change mode to rwxr-xr-x: Operation not permitted
build	Cache Android SDK	2026-06-06T12:22:53.8586354Z /usr/bin/tar: ../../../../../usr/local/lib/android/sdk/platforms/android-36-ext18/data/res/values-mcc310-mnc250-gl: Cannot utime: Operation not permitted
build	Cache Android SDK	2026-06-06T12:22:53.8587323Z /usr/bin/tar: ../../../../../usr/local/lib/android/sdk/platforms/android-36-ext18/data/res/values-mcc310-mnc250-gl: Cannot change mode to rwxr-xr-x: Operation not permitted
build	Cache Android SDK	2026-06-06T12:22:53.8589999Z /usr/bin/tar: ../../../../../usr/local/lib/android/sdk/platforms/android-36-ext18/data/res/values-mcc310-mnc270-en-rIN: Cannot utime: Operation not permitted
build	Cache Android SDK	2026-06-06T12:22:53.8590988Z /usr/bin/tar: ../../../../../usr/local/lib/android/sdk/platforms/android-36-ext18/data/res/values-mcc310-mnc270-en-rIN: Cannot change mode to rwxr-xr-x: Operation not permitted
build	Cache Android SDK	2026-06-06T12:22:53.8593191Z /usr/bin/tar: ../../../../../usr/local/lib/android/sdk/platforms/android-36-ext18/data/res/raw-cs: Cannot utime: Operation not permitted
build	Cache Android SDK	2026-06-06T12:22:53.8594044Z /usr/bin/tar: ../../../../../usr/local/lib/android/sdk/platforms/android-36-ext18/data/res/raw-cs: Cannot change mode to rwxr-xr-x: Operation not permitted
build	Cache Android SDK	2026-06-06T12:22:53.8596454Z /usr/bin/tar: ../../../../../usr/local/lib/android/sdk/platforms/android-36-ext18/data/res/values-mcc310-mnc160-mr: Cannot utime: Operation not permitted
build	Cache Android SDK	2026-06-06T12:22:53.8597547Z /usr/bin/tar: ../../../../../usr/local/lib/android/sdk/platforms/android-36-ext18/data/res/values-mcc310-mnc160-mr: Cannot change mode to rwxr-xr-x: Operation not permitted
build	Cache Android SDK	2026-06-06T12:22:53.8599668Z /usr/bin/tar: ../../../../../usr/local/lib/android/sdk/platforms/android-36-ext18/data/res/values-mcc302-mnc370-en-rGB: Cannot utime: Operation not permitted
build	Cache Android SDK	2026-06-06T12:22:53.8600809Z /usr/bin/tar: ../../../../../usr/local/lib/android/sdk/platforms/android-36-ext18/data/res/values-mcc302-mnc370-en-rGB: Cannot change mode to rwxr-xr-x: Operation not permitted
build	Cache Android SDK	2026-06-06T12:22:53.8602096Z /usr/bin/tar: ../../../../../usr/local/lib/android/sdk/platforms/android-36-ext18/data/res/values-mcc310-mnc490-pt-rBR: Cannot utime: Operation not permitted
build	Cache Android SDK	2026-06-06T12:22:53.8603092Z /usr/bin/tar: ../../../../../usr/local/lib/android/sdk/platforms/android-36-ext18/data/res/values-mcc310-mnc490-pt-rBR: Cannot change mode to rwxr-xr-x: Operation not permitted
build	Cache Android SDK	2026-06-06T12:22:53.8605006Z /usr/bin/tar: ../../../../../usr/local/lib/android/sdk/platforms/android-36-ext18/data/res/values-mcc311-mnc180-ur: Cannot utime: Operation not permitted
build	Cache Android SDK	2026-06-06T12:22:53.8605957Z /usr/bin/tar: ../../../../../usr/local/lib/android/sdk/platforms/android-36-ext18/data/res/values-mcc311-mnc180-ur: Cannot change mode to rwxr-xr-x: Operation not permitted
build	Cache Android SDK	2026-06-06T12:22:53.8608673Z /usr/bin/tar: ../../../../../usr/local/lib/android/sdk/platforms/android-36-ext18/data/res/values-mcc334-mnc020-te: Cannot utime: Operation not permitted
build	Cache Android SDK	2026-06-06T12:22:53.8609691Z /usr/bin/tar: ../../../../../usr/local/lib/android/sdk/platforms/android-36-ext18/data/res/values-mcc334-mnc020-te: Cannot change mode to rwxr-xr-x: Operation not permitted
build	Cache Android SDK	2026-06-06T12:22:53.8611863Z /usr/bin/tar: ../../../../../usr/local/lib/android/sdk/platforms/android-36-ext18/data/res/values-mcc312-mnc670-ky: Cannot utime: Operation not permitted
build	Cache Android SDK	2026-06-06T12:22:53.8612883Z /usr/bin/tar: ../../../../../usr/local/lib/android/sdk/platforms/android-36-ext18/data/res/values-mcc312-mnc670-ky: Cannot change mode to rwxr-xr-x: Operation not permitted
build	Cache Android SDK	2026-06-06T12:22:53.8616746Z /usr/bin/tar: ../../../../../usr/local/lib/android/sdk/platforms/android-36-ext18/data/res/values-mcc310-mnc030-ml: Cannot utime: Operation not permitted
build	Cache Android SDK	2026-06-06T12:22:53.8617896Z /usr/bin/tar: ../../../../../usr/local/lib/android/sdk/platforms/android-36-ext18/data/res/values-mcc310-mnc030-ml: Cannot change mode to rwxr-xr-x: Operation not permitted
build	Cache Android SDK	2026-06-06T12:22:53.8619842Z /usr/bin/tar: ../../../../../usr/local/lib/android/sdk/platforms/android-36-ext18/data/res/values-mcc310-mnc380-sl: Cannot utime: Operation not permitted
build	Cache Android SDK	2026-06-06T12:22:53.8620818Z /usr/bin/tar: ../../../../../usr/local/lib/android/sdk/platforms/android-36-ext18/data/res/values-mcc310-mnc380-sl: Cannot change mode to rwxr-xr-x: Operation not permitted
build	Cache Android SDK	2026-06-06T12:22:53.8622730Z /usr/bin/tar: ../../../../../usr/local/lib/android/sdk/platforms/android-36-ext18/data/res/values-mcc310-mnc030-ka: Cannot utime: Operation not permitted
build	Cache Android SDK	2026-06-06T12:22:53.8623690Z /usr/bin/tar: ../../../../../usr/local/lib/android/sdk/platforms/android-36-ext18/data/res/values-mcc310-mnc030-ka: Cannot change mode to rwxr-xr-x: Operation not permitted
build	Cache Android SDK	2026-06-06T12:22:53.8625960Z /usr/bin/tar: ../../../../../usr/local/lib/android/sdk/platforms/android-36-ext18/data/res/values-mcc310-mnc950-nl: Cannot utime: Operation not permitted
build	Cache Android SDK	2026-06-06T12:22:53.8626938Z /usr/bin/tar: ../../../../../usr/local/lib/android/sdk/platforms/android-36-ext18/data/res/values-mcc310-mnc950-nl: Cannot change mode to rwxr-xr-x: Operation not permitted
build	Cache Android SDK	2026-06-06T12:22:53.8629246Z /usr/bin/tar: ../../../../../usr/local/lib/android/sdk/platforms/android-36-ext18/data/res/values-mcc312-mnc670-sq: Cannot utime: Operation not permitted
build	Cache Android SDK	2026-06-06T12:22:53.8630303Z /usr/bin/tar: ../../../../../usr/local/lib/android/sdk/platforms/android-36-ext18/data/res/values-mcc312-mnc670-sq: Cannot change mode to rwxr-xr-x: Operation not permitted
build	Cache Android SDK	2026-06-06T12:22:53.8635846Z /usr/bin/tar: ../../../../../usr/local/lib/android/sdk/platforms/android-36-ext18/data/res/values-ur: Cannot utime: Operation not permitted
build	Cache Android SDK	2026-06-06T12:22:53.8636803Z /usr/bin/tar: ../../../../../usr/local/lib/android/sdk/platforms/android-36-ext18/data/res/values-ur: Cannot change mode to rwxr-xr-x: Operation not permitted
build	Cache Android SDK	2026-06-06T12:22:53.8639143Z /usr/bin/tar: ../../../../../usr/local/lib/android/sdk/platforms/android-36-ext18/data/res/values-mcc310-mnc270-te: Cannot utime: Operation not permitted
build	Cache Android SDK	2026-06-06T12:22:53.8640131Z /usr/bin/tar: ../../../../../usr/local/lib/android/sdk/platforms/android-36-ext18/data/res/values-mcc310-mnc270-te: Cannot change mode to rwxr-xr-x: Operation not permitted
build	Cache Android SDK	2026-06-06T12:22:53.8643368Z /usr/bin/tar: ../../../../../usr/local/lib/android/sdk/platforms/android-36-ext18/data/res/values-mcc310-mnc160-nl: Cannot utime: Operation not permitted
build	Cache Android SDK	2026-06-06T12:22:53.8644347Z /usr/bin/tar: ../../../../../usr/local/lib/android/sdk/platforms/android-36-ext18/data/res/values-mcc310-mnc160-nl: Cannot change mode to rwxr-xr-x: Operation not permitted
build	Cache Android SDK	2026-06-06T12:22:53.8646681Z /usr/bin/tar: ../../../../../usr/local/lib/android/sdk/platforms/android-36-ext18/data/res/values-mcc302-mnc720-eu: Cannot utime: Operation not permitted
build	Cache Android SDK	2026-06-06T12:22:53.8649973Z /usr/bin/tar: ../../../../../usr/local/lib/android/sdk/platforms/android-36-ext18/data/res/values-mcc302-mnc720-eu: Cannot change mode to rwxr-xr-x: Operation not permitted
build	Cache Android SDK	2026-06-06T12:22:53.8650956Z /usr/bin/tar: ../../../../../usr/local/lib/android/sdk/platforms/android-36-ext18/data/res/values-mcc310-mnc250-am: Cannot utime: Operation not permitted
build	Cache Android SDK	2026-06-06T12:22:53.8653352Z /usr/bin/tar: ../../../../../usr/local/lib/android/sdk/platforms/android-36-ext18/data/res/values-mcc310-mnc250-am: Cannot change mode to rwxr-xr-x: Operation not permitted
build	Cache Android SDK	2026-06-06T12:22:53.8654327Z /usr/bin/tar: ../../../../../usr/local/lib/android/sdk/platforms/android-36-ext18/data/res/values-mcc310-mnc210-bn: Cannot utime: Operation not permitted
build	Cache Android SDK	2026-06-06T12:22:53.8655826Z /usr/bin/tar: ../../../../../usr/local/lib/android/sdk/platforms/android-36-ext18/data/res/values-mcc310-mnc210-bn: Cannot change mode to rwxr-xr-x: Operation not permitted
build	Cache Android SDK	2026-06-06T12:22:53.8657012Z /usr/bin/tar: ../../../../../usr/local/lib/android/sdk/platforms/android-36-ext18/data/res/values-sw640dp: Cannot utime: Operation not permitted
build	Cache Android SDK	2026-06-06T12:22:53.8658579Z /usr/bin/tar: ../../../../../usr/local/lib/android/sdk/platforms/android-36-ext18/data/res/values-sw640dp: Cannot change mode to rwxr-xr-x: Operation not permitted
build	Cache Android SDK	2026-06-06T12:22:53.8663052Z /usr/bin/tar: ../../../../../usr/local/lib/android/sdk/platforms/android-36-ext18/data/res/values-nl: Cannot utime: Operation not permitted
build	Cache Android SDK	2026-06-06T12:22:53.8663990Z /usr/bin/tar: ../../../../../usr/local/lib/android/sdk/platforms/android-36-ext18/data/res/values-nl: Cannot change mode to rwxr-xr-x: Operation not permitted
build	Cache Android SDK	2026-06-06T12:22:53.8666509Z /usr/bin/tar: ../../../../../usr/local/lib/android/sdk/platforms/android-36-ext18/data/res/values-tr-watch: Cannot utime: Operation not permitted
build	Cache Android SDK	2026-06-06T12:22:53.8667638Z /usr/bin/tar: ../../../../../usr/local/lib/android/sdk/platforms/android-36-ext18/data/res/values-tr-watch: Cannot change mode to rwxr-xr-x: Operation not permitted
build	Cache Android SDK	2026-06-06T12:22:53.8669663Z /usr/bin/tar: ../../../../../usr/local/lib/android/sdk/platforms/android-36-ext18/data/res/values-mcc310-mnc310-az: Cannot utime: Operation not permitted
build	Cache Android SDK	2026-06-06T12:22:53.8670638Z /usr/bin/tar: ../../../../../usr/local/lib/android/sdk/platforms/android-36-ext18/data/res/values-mcc310-mnc310-az: Cannot change mode to rwxr-xr-x: Operation not permitted
build	Cache Android SDK	2026-06-06T12:22:53.8672878Z /usr/bin/tar: ../../../../../usr/local/lib/android/sdk/platforms/android-36-ext18/data/res/values-mcc310-mnc240-es: Cannot utime: Operation not permitted
build	Cache Android SDK	2026-06-06T12:22:53.8673938Z /usr/bin/tar: ../../../../../usr/local/lib/android/sdk/platforms/android-36-ext18/data/res/values-mcc310-mnc240-es: Cannot change mode to rwxr-xr-x: Operation not permitted
build	Cache Android SDK	2026-06-06T12:22:53.8675867Z /usr/bin/tar: ../../../../../usr/local/lib/android/sdk/platforms/android-36-ext18/data/res/values-mcc310-mnc200-hi: Cannot utime: Operation not permitted
build	Cache Android SDK	2026-06-06T12:22:53.8676835Z /usr/bin/tar: ../../../../../usr/local/lib/android/sdk/platforms/android-36-ext18/data/res/values-mcc310-mnc200-hi: Cannot change mode to rwxr-xr-x: Operation not permitted
build	Cache Android SDK	2026-06-06T12:22:53.8679573Z /usr/bin/tar: ../../../../../usr/local/lib/android/sdk/platforms/android-36-ext18/data/res/values-gu-television: Cannot utime: Operation not permitted
build	Cache Android SDK	2026-06-06T12:22:53.8680628Z /usr/bin/tar: ../../../../../usr/local/lib/android/sdk/platforms/android-36-ext18/data/res/values-gu-television: Cannot change mode to rwxr-xr-x: Operation not permitted
build	Cache Android SDK	2026-06-06T12:22:53.8683205Z /usr/bin/tar: ../../../../../usr/local/lib/android/sdk/platforms/android-36-ext18/data/res/values-mcc310-mnc230-be: Cannot utime: Operation not permitted
build	Cache Android SDK	2026-06-06T12:22:53.8684207Z /usr/bin/tar: ../../../../../usr/local/lib/android/sdk/platforms/android-36-ext18/data/res/values-mcc310-mnc230-be: Cannot change mode to rwxr-xr-x: Operation not permitted
build	Cache Android SDK	2026-06-06T12:22:53.8687576Z /usr/bin/tar: ../../../../../usr/local/lib/android/sdk/platforms/android-36-ext18/data/res/values-mcc334-mnc020: Cannot utime: Operation not permitted
build	Cache Android SDK	2026-06-06T12:22:53.8688569Z /usr/bin/tar: ../../../../../usr/local/lib/android/sdk/platforms/android-36-ext18/data/res/values-mcc334-mnc020: Cannot change mode to rwxr-xr-x: Operation not permitted
build	Cache Android SDK	2026-06-06T12:22:53.8692415Z /usr/bin/tar: ../../../../../usr/local/lib/android/sdk/platforms/android-36-ext18/data/res/values-mcc310-mnc950-fr: Cannot utime: Operation not permitted
build	Cache Android SDK	2026-06-06T12:22:53.8693407Z /usr/bin/tar: ../../../../../usr/local/lib/android/sdk/platforms/android-36-ext18/data/res/values-mcc310-mnc950-fr: Cannot change mode to rwxr-xr-x: Operation not permitted
build	Cache Android SDK	2026-06-06T12:22:53.8695359Z /usr/bin/tar: ../../../../../usr/local/lib/android/sdk/platforms/android-36-ext18/data/res/values-mcc334-mnc020-mr: Cannot utime: Operation not permitted
build	Cache Android SDK	2026-06-06T12:22:53.8696480Z /usr/bin/tar: ../../../../../usr/local/lib/android/sdk/platforms/android-36-ext18/data/res/values-mcc334-mnc020-mr: Cannot change mode to rwxr-xr-x: Operation not permitted
build	Cache Android SDK	2026-06-06T12:22:53.8698767Z /usr/bin/tar: ../../../../../usr/local/lib/android/sdk/platforms/android-36-ext18/data/res/values-mcc310-mnc220-tl: Cannot utime: Operation not permitted
build	Cache Android SDK	2026-06-06T12:22:53.8699749Z /usr/bin/tar: ../../../../../usr/local/lib/android/sdk/platforms/android-36-ext18/data/res/values-mcc310-mnc220-tl: Cannot change mode to rwxr-xr-x: Operation not permitted
build	Cache Android SDK	2026-06-06T12:22:53.8704333Z /usr/bin/tar: ../../../../../usr/local/lib/android/sdk/platforms/android-36-ext18/data/res/values-night: Cannot utime: Operation not permitted
build	Cache Android SDK	2026-06-06T12:22:53.8705504Z /usr/bin/tar: ../../../../../usr/local/lib/android/sdk/platforms/android-36-ext18/data/res/values-night: Cannot change mode to rwxr-xr-x: Operation not permitted
build	Cache Android SDK	2026-06-06T12:22:53.8708425Z /usr/bin/tar: ../../../../../usr/local/lib/android/sdk/platforms/android-36-ext18/data/res/values-mcc310-mnc030-de: Cannot utime: Operation not permitted
build	Cache Android SDK	2026-06-06T12:22:53.8709394Z /usr/bin/tar: ../../../../../usr/local/lib/android/sdk/platforms/android-36-ext18/data/res/values-mcc310-mnc030-de: Cannot change mode to rwxr-xr-x: Operation not permitted
build	Cache Android SDK	2026-06-06T12:22:53.8711557Z /usr/bin/tar: ../../../../../usr/local/lib/android/sdk/platforms/android-36-ext18/data/res/values-tl-watch: Cannot utime: Operation not permitted
build	Cache Android SDK	2026-06-06T12:22:53.8712641Z /usr/bin/tar: ../../../../../usr/local/lib/android/sdk/platforms/android-36-ext18/data/res/values-tl-watch: Cannot change mode to rwxr-xr-x: Operation not permitted
build	Cache Android SDK	2026-06-06T12:22:53.8714528Z /usr/bin/tar: ../../../../../usr/local/lib/android/sdk/platforms/android-36-ext18/data/res/values-mcc313-mnc100-my: Cannot utime: Operation not permitted
build	Cache Android SDK	2026-06-06T12:22:53.8715515Z /usr/bin/tar: ../../../../../usr/local/lib/android/sdk/platforms/android-36-ext18/data/res/values-mcc313-mnc100-my: Cannot change mode to rwxr-xr-x: Operation not permitted
build	Cache Android SDK	2026-06-06T12:22:53.8717301Z /usr/bin/tar: ../../../../../usr/local/lib/android/sdk/platforms/android-36-ext18/data/res/values-mcc310-mnc160-ne: Cannot utime: Operation not permitted
build	Cache Android SDK	2026-06-06T12:22:53.8718479Z /usr/bin/tar: ../../../../../usr/local/lib/android/sdk/platforms/android-36-ext18/data/res/values-mcc310-mnc160-ne: Cannot change mode to rwxr-xr-x: Operation not permitted
build	Cache Android SDK	2026-06-06T12:22:53.8721412Z /usr/bin/tar: ../../../../../usr/local/lib/android/sdk/platforms/android-36-ext18/data/res/values-mcc311-mnc180-sw: Cannot utime: Operation not permitted
build	Cache Android SDK	2026-06-06T12:22:53.8722559Z /usr/bin/tar: ../../../../../usr/local/lib/android/sdk/platforms/android-36-ext18/data/res/values-mcc311-mnc180-sw: Cannot change mode to rwxr-xr-x: Operation not permitted
build	Cache Android SDK	2026-06-06T12:22:53.8724078Z /usr/bin/tar: ../../../../../usr/local/lib/android/sdk/platforms/android-36-ext18/data/res/values-mcc310-mnc660-iw: Cannot utime: Operation not permitted
build	Cache Android SDK	2026-06-06T12:22:53.8725111Z /usr/bin/tar: ../../../../../usr/local/lib/android/sdk/platforms/android-36-ext18/data/res/values-mcc310-mnc660-iw: Cannot change mode to rwxr-xr-x: Operation not permitted
build	Cache Android SDK	2026-06-06T12:22:53.8726773Z /usr/bin/tar: ../../../../../usr/local/lib/android/sdk/platforms/android-36-ext18/data/res/values-mcc310-mnc150-zu: Cannot utime: Operation not permitted
build	Cache Android SDK	2026-06-06T12:22:53.8728558Z /usr/bin/tar: ../../../../../usr/local/lib/android/sdk/platforms/android-36-ext18/data/res/values-mcc310-mnc150-zu: Cannot change mode to rwxr-xr-x: Operation not permitted
build	Cache Android SDK	2026-06-06T12:22:53.8730108Z /usr/bin/tar: ../../../../../usr/local/lib/android/sdk/platforms/android-36-ext18/data/res/values-mcc313-mnc100-in: Cannot utime: Operation not permitted
build	Cache Android SDK	2026-06-06T12:22:53.8731166Z /usr/bin/tar: ../../../../../usr/local/lib/android/sdk/platforms/android-36-ext18/data/res/values-mcc313-mnc100-in: Cannot change mode to rwxr-xr-x: Operation not permitted
build	Cache Android SDK	2026-06-06T12:22:53.8733091Z /usr/bin/tar: ../../../../../usr/local/lib/android/sdk/platforms/android-36-ext18/data/res/values-mcc310-mnc160-uk: Cannot utime: Operation not permitted
build	Cache Android SDK	2026-06-06T12:22:53.8734056Z /usr/bin/tar: ../../../../../usr/local/lib/android/sdk/platforms/android-36-ext18/data/res/values-mcc310-mnc160-uk: Cannot change mode to rwxr-xr-x: Operation not permitted
build	Cache Android SDK	2026-06-06T12:22:53.8738157Z /usr/bin/tar: ../../../../../usr/local/lib/android/sdk/platforms/android-36-ext18/data/res/values-uk-rUA: Cannot utime: Operation not permitted
build	Cache Android SDK	2026-06-06T12:22:53.8739100Z /usr/bin/tar: ../../../../../usr/local/lib/android/sdk/platforms/android-36-ext18/data/res/values-uk-rUA: Cannot change mode to rwxr-xr-x: Operation not permitted
build	Cache Android SDK	2026-06-06T12:22:53.8741657Z /usr/bin/tar: ../../../../../usr/local/lib/android/sdk/platforms/android-36-ext18/data/res/values-mcc310-mnc230-bn: Cannot utime: Operation not permitted
build	Cache Android SDK	2026-06-06T12:22:53.8742631Z /usr/bin/tar: ../../../../../usr/local/lib/android/sdk/platforms/android-36-ext18/data/res/values-mcc310-mnc230-bn: Cannot change mode to rwxr-xr-x: Operation not permitted
build	Cache Android SDK	2026-06-06T12:22:53.8747153Z /usr/bin/tar: ../../../../../usr/local/lib/android/sdk/platforms/android-36-ext18/data/res/values-tl-rPH: Cannot utime: Operation not permitted
build	Cache Android SDK	2026-06-06T12:22:53.8748349Z /usr/bin/tar: ../../../../../usr/local/lib/android/sdk/platforms/android-36-ext18/data/res/values-tl-rPH: Cannot change mode to rwxr-xr-x: Operation not permitted
build	Cache Android SDK	2026-06-06T12:22:53.8750049Z /usr/bin/tar: ../../../../../usr/local/lib/android/sdk/platforms/android-36-ext18/data/res/values-mcc310-mnc200-si: Cannot utime: Operation not permitted
build	Cache Android SDK	2026-06-06T12:22:53.8751017Z /usr/bin/tar: ../../../../../usr/local/lib/android/sdk/platforms/android-36-ext18/data/res/values-mcc310-mnc200-si: Cannot change mode to rwxr-xr-x: Operation not permitted
build	Cache Android SDK	2026-06-06T12:22:53.8753016Z /usr/bin/tar: ../../../../../usr/local/lib/android/sdk/platforms/android-36-ext18/data/res/values-mcc310-mnc310-af: Cannot utime: Operation not permitted
build	Cache Android SDK	2026-06-06T12:22:53.8754009Z /usr/bin/tar: ../../../../../usr/local/lib/android/sdk/platforms/android-36-ext18/data/res/values-mcc310-mnc310-af: Cannot change mode to rwxr-xr-x: Operation not permitted
build	Cache Android SDK	2026-06-06T12:22:53.8755750Z /usr/bin/tar: ../../../../../usr/local/lib/android/sdk/platforms/android-36-ext18/data/res/values-mcc310-mnc240-lt: Cannot utime: Operation not permitted
build	Cache Android SDK	2026-06-06T12:22:53.8756958Z /usr/bin/tar: ../../../../../usr/local/lib/android/sdk/platforms/android-36-ext18/data/res/values-mcc310-mnc240-lt: Cannot change mode to rwxr-xr-x: Operation not permitted
build	Cache Android SDK	2026-06-06T12:22:53.8759244Z /usr/bin/tar: ../../../../../usr/local/lib/android/sdk/platforms/android-36-ext18/data/res/values-mcc310-mnc660-pa: Cannot utime: Operation not permitted
build	Cache Android SDK	2026-06-06T12:22:53.8760220Z /usr/bin/tar: ../../../../../usr/local/lib/android/sdk/platforms/android-36-ext18/data/res/values-mcc310-mnc660-pa: Cannot change mode to rwxr-xr-x: Operation not permitted
build	Cache Android SDK	2026-06-06T12:22:53.8762526Z /usr/bin/tar: ../../../../../usr/local/lib/android/sdk/platforms/android-36-ext18/data/res/values-mcc310-mnc310-fa: Cannot utime: Operation not permitted
build	Cache Android SDK	2026-06-06T12:22:53.8763695Z /usr/bin/tar: ../../../../../usr/local/lib/android/sdk/platforms/android-36-ext18/data/res/values-mcc310-mnc310-fa: Cannot change mode to rwxr-xr-x: Operation not permitted
build	Cache Android SDK	2026-06-06T12:22:53.8765446Z /usr/bin/tar: ../../../../../usr/local/lib/android/sdk/platforms/android-36-ext18/data/res/values-mcc310-mnc230-in: Cannot utime: Operation not permitted
build	Cache Android SDK	2026-06-06T12:22:53.8766493Z /usr/bin/tar: ../../../../../usr/local/lib/android/sdk/platforms/android-36-ext18/data/res/values-mcc310-mnc230-in: Cannot change mode to rwxr-xr-x: Operation not permitted
build	Cache Android SDK	2026-06-06T12:22:53.8806202Z /usr/bin/tar: ../../../../../usr/local/lib/android/sdk/platforms/android-36-ext18/data/res/color: Cannot utime: Operation not permitted
build	Cache Android SDK	2026-06-06T12:22:53.8807216Z /usr/bin/tar: ../../../../../usr/local/lib/android/sdk/platforms/android-36-ext18/data/res/color: Cannot change mode to rwxr-xr-x: Operation not permitted
build	Cache Android SDK	2026-06-06T12:22:53.8808738Z /usr/bin/tar: ../../../../../usr/local/lib/android/sdk/platforms/android-36-ext18/data/res/values-mcc312-mnc670-be: Cannot utime: Operation not permitted
build	Cache Android SDK	2026-06-06T12:22:53.8809688Z /usr/bin/tar: ../../../../../usr/local/lib/android/sdk/platforms/android-36-ext18/data/res/values-mcc312-mnc670-be: Cannot change mode to rwxr-xr-x: Operation not permitted
build	Cache Android SDK	2026-06-06T12:22:53.8811725Z /usr/bin/tar: ../../../../../usr/local/lib/android/sdk/platforms/android-36-ext18/data/res/values-mcc310-mnc410-mk: Cannot utime: Operation not permitted
build	Cache Android SDK	2026-06-06T12:22:53.8812683Z /usr/bin/tar: ../../../../../usr/local/lib/android/sdk/platforms/android-36-ext18/data/res/values-mcc310-mnc410-mk: Cannot change mode to rwxr-xr-x: Operation not permitted
build	Cache Android SDK	2026-06-06T12:22:53.8814868Z /usr/bin/tar: ../../../../../usr/local/lib/android/sdk/platforms/android-36-ext18/data/res/values-mcc313-mnc100-sv: Cannot utime: Operation not permitted
build	Cache Android SDK	2026-06-06T12:22:53.8815898Z /usr/bin/tar: ../../../../../usr/local/lib/android/sdk/platforms/android-36-ext18/data/res/values-mcc313-mnc100-sv: Cannot change mode to rwxr-xr-x: Operation not permitted
build	Cache Android SDK	2026-06-06T12:22:53.8817693Z /usr/bin/tar: ../../../../../usr/local/lib/android/sdk/platforms/android-36-ext18/data/res/values-mcc310-mnc410-sl: Cannot utime: Operation not permitted
build	Cache Android SDK	2026-06-06T12:22:53.8818648Z /usr/bin/tar: ../../../../../usr/local/lib/android/sdk/platforms/android-36-ext18/data/res/values-mcc310-mnc410-sl: Cannot change mode to rwxr-xr-x: Operation not permitted
build	Cache Android SDK	2026-06-06T12:22:53.8820894Z /usr/bin/tar: ../../../../../usr/local/lib/android/sdk/platforms/android-36-ext18/data/res/values-mcc302-mnc370-en-rAU: Cannot utime: Operation not permitted
build	Cache Android SDK	2026-06-06T12:22:53.8822142Z /usr/bin/tar: ../../../../../usr/local/lib/android/sdk/platforms/android-36-ext18/data/res/values-mcc302-mnc370-en-rAU: Cannot change mode to rwxr-xr-x: Operation not permitted
build	Cache Android SDK	2026-06-06T12:22:53.8823783Z /usr/bin/tar: ../../../../../usr/local/lib/android/sdk/platforms/android-36-ext18/data/res/values-mcc310-mnc210-vi: Cannot utime: Operation not permitted
build	Cache Android SDK	2026-06-06T12:22:53.8824836Z /usr/bin/tar: ../../../../../usr/local/lib/android/sdk/platforms/android-36-ext18/data/res/values-mcc310-mnc210-vi: Cannot change mode to rwxr-xr-x: Operation not permitted
build	Cache Android SDK	2026-06-06T12:22:53.8826474Z /usr/bin/tar: ../../../../../usr/local/lib/android/sdk/platforms/android-36-ext18/data/res/values-mcc310-mnc030-ur: Cannot utime: Operation not permitted
build	Cache Android SDK	2026-06-06T12:22:53.8827617Z /usr/bin/tar: ../../../../../usr/local/lib/android/sdk/platforms/android-36-ext18/data/res/values-mcc310-mnc030-ur: Cannot change mode to rwxr-xr-x: Operation not permitted
build	Cache Android SDK	2026-06-06T12:22:53.8831389Z /usr/bin/tar: ../../../../../usr/local/lib/android/sdk/platforms/android-36-ext18/data/res/color-night: Cannot utime: Operation not permitted
build	Cache Android SDK	2026-06-06T12:22:53.8832377Z /usr/bin/tar: ../../../../../usr/local/lib/android/sdk/platforms/android-36-ext18/data/res/color-night: Cannot change mode to rwxr-xr-x: Operation not permitted
build	Cache Android SDK	2026-06-06T12:22:53.8834107Z /usr/bin/tar: ../../../../../usr/local/lib/android/sdk/platforms/android-36-ext18/data/res/values-mcc310-mnc240-ta: Cannot utime: Operation not permitted
build	Cache Android SDK	2026-06-06T12:22:53.8835125Z /usr/bin/tar: ../../../../../usr/local/lib/android/sdk/platforms/android-36-ext18/data/res/values-mcc310-mnc240-ta: Cannot change mode to rwxr-xr-x: Operation not permitted
build	Cache Android SDK	2026-06-06T12:22:53.8836786Z /usr/bin/tar: ../../../../../usr/local/lib/android/sdk/platforms/android-36-ext18/data/res/values-mcc313-mnc100-cs: Cannot utime: Operation not permitted
build	Cache Android SDK	2026-06-06T12:22:53.8838094Z /usr/bin/tar: ../../../../../usr/local/lib/android/sdk/platforms/android-36-ext18/data/res/values-mcc313-mnc100-cs: Cannot change mode to rwxr-xr-x: Operation not permitted
build	Cache Android SDK	2026-06-06T12:22:53.8839566Z /usr/bin/tar: ../../../../../usr/local/lib/android/sdk/platforms/android-36-ext18/data/res/values-mcc311-mnc180-uz: Cannot utime: Operation not permitted
build	Cache Android SDK	2026-06-06T12:22:53.8840552Z /usr/bin/tar: ../../../../../usr/local/lib/android/sdk/platforms/android-36-ext18/data/res/values-mcc311-mnc180-uz: Cannot change mode to rwxr-xr-x: Operation not permitted
build	Cache Android SDK	2026-06-06T12:22:53.8843125Z /usr/bin/tar: ../../../../../usr/local/lib/android/sdk/platforms/android-36-ext18/data/res/values-mcc312-mnc670-pt: Cannot utime: Operation not permitted
build	Cache Android SDK	2026-06-06T12:22:53.8844102Z /usr/bin/tar: ../../../../../usr/local/lib/android/sdk/platforms/android-36-ext18/data/res/values-mcc312-mnc670-pt: Cannot change mode to rwxr-xr-x: Operation not permitted
build	Cache Android SDK	2026-06-06T12:22:53.8846265Z /usr/bin/tar: ../../../../../usr/local/lib/android/sdk/platforms/android-36-ext18/data/res/values-mcc310-mnc250-tl: Cannot utime: Operation not permitted
build	Cache Android SDK	2026-06-06T12:22:53.8847249Z /usr/bin/tar: ../../../../../usr/local/lib/android/sdk/platforms/android-36-ext18/data/res/values-mcc310-mnc250-tl: Cannot change mode to rwxr-xr-x: Operation not permitted
build	Cache Android SDK	2026-06-06T12:22:53.8849450Z /usr/bin/tar: ../../../../../usr/local/lib/android/sdk/platforms/android-36-ext18/data/res/values-mcc310-mnc250-fr-rCA: Cannot utime: Operation not permitted
build	Cache Android SDK	2026-06-06T12:22:53.8850511Z /usr/bin/tar: ../../../../../usr/local/lib/android/sdk/platforms/android-36-ext18/data/res/values-mcc310-mnc250-fr-rCA: Cannot change mode to rwxr-xr-x: Operation not permitted
build	Cache Android SDK	2026-06-06T12:22:53.8852069Z /usr/bin/tar: ../../../../../usr/local/lib/android/sdk/platforms/android-36-ext18/data/res/values-mcc310-mnc150-bs: Cannot utime: Operation not permitted
build	Cache Android SDK	2026-06-06T12:22:53.8853218Z /usr/bin/tar: ../../../../../usr/local/lib/android/sdk/platforms/android-36-ext18/data/res/values-mcc310-mnc150-bs: Cannot change mode to rwxr-xr-x: Operation not permitted
build	Cache Android SDK	2026-06-06T12:22:53.8855117Z /usr/bin/tar: ../../../../../usr/local/lib/android/sdk/platforms/android-36-ext18/data/res/values-mcc310-mnc560-sk: Cannot utime: Operation not permitted
build	Cache Android SDK	2026-06-06T12:22:53.8856245Z /usr/bin/tar: ../../../../../usr/local/lib/android/sdk/platforms/android-36-ext18/data/res/values-mcc310-mnc560-sk: Cannot change mode to rwxr-xr-x: Operation not permitted
build	Cache Android SDK	2026-06-06T12:22:53.8858106Z /usr/bin/tar: ../../../../../usr/local/lib/android/sdk/platforms/android-36-ext18/data/res/values-mcc310-mnc030-zu: Cannot utime: Operation not permitted
build	Cache Android SDK	2026-06-06T12:22:53.8859161Z /usr/bin/tar: ../../../../../usr/local/lib/android/sdk/platforms/android-36-ext18/data/res/values-mcc310-mnc030-zu: Cannot change mode to rwxr-xr-x: Operation not permitted
build	Cache Android SDK	2026-06-06T12:22:53.8860737Z /usr/bin/tar: ../../../../../usr/local/lib/android/sdk/platforms/android-36-ext18/data/res/values-mcc450-mnc06: Cannot utime: Operation not permitted
build	Cache Android SDK	2026-06-06T12:22:53.8861737Z /usr/bin/tar: ../../../../../usr/local/lib/android/sdk/platforms/android-36-ext18/data/res/values-mcc450-mnc06: Cannot change mode to rwxr-xr-x: Operation not permitted
build	Cache Android SDK	2026-06-06T12:22:53.8864269Z /usr/bin/tar: ../../../../../usr/local/lib/android/sdk/platforms/android-36-ext18/data/res/values-mcc310-mnc800-es-rUS: Cannot utime: Operation not permitted
build	Cache Android SDK	2026-06-06T12:22:53.8865349Z /usr/bin/tar: ../../../../../usr/local/lib/android/sdk/platforms/android-36-ext18/data/res/values-mcc310-mnc800-es-rUS: Cannot change mode to rwxr-xr-x: Operation not permitted
build	Cache Android SDK	2026-06-06T12:22:53.8866849Z /usr/bin/tar: ../../../../../usr/local/lib/android/sdk/platforms/android-36-ext18/data/res/values-mcc310-mnc560-mn: Cannot utime: Operation not permitted
build	Cache Android SDK	2026-06-06T12:22:53.8868099Z /usr/bin/tar: ../../../../../usr/local/lib/android/sdk/platforms/android-36-ext18/data/res/values-mcc310-mnc560-mn: Cannot change mode to rwxr-xr-x: Operation not permitted
build	Cache Android SDK	2026-06-06T12:22:53.8869709Z /usr/bin/tar: ../../../../../usr/local/lib/android/sdk/platforms/android-36-ext18/data/res/values-mcc313-mnc100-bn: Cannot utime: Operation not permitted
build	Cache Android SDK	2026-06-06T12:22:53.8870748Z /usr/bin/tar: ../../../../../usr/local/lib/android/sdk/platforms/android-36-ext18/data/res/values-mcc313-mnc100-bn: Cannot change mode to rwxr-xr-x: Operation not permitted
build	Cache Android SDK	2026-06-06T12:22:53.8872368Z /usr/bin/tar: ../../../../../usr/local/lib/android/sdk/platforms/android-36-ext18/data/res/values-mcc310-mnc200-hr: Cannot utime: Operation not permitted
build	Cache Android SDK	2026-06-06T12:22:53.8873331Z /usr/bin/tar: ../../../../../usr/local/lib/android/sdk/platforms/android-36-ext18/data/res/values-mcc310-mnc200-hr: Cannot change mode to rwxr-xr-x: Operation not permitted
build	Cache Android SDK	2026-06-06T12:22:53.8875174Z /usr/bin/tar: ../../../../../usr/local/lib/android/sdk/platforms/android-36-ext18/data/res/values-mcc310-mnc200-am: Cannot utime: Operation not permitted
build	Cache Android SDK	2026-06-06T12:22:53.8876193Z /usr/bin/tar: ../../../../../usr/local/lib/android/sdk/platforms/android-36-ext18/data/res/values-mcc310-mnc200-am: Cannot change mode to rwxr-xr-x: Operation not permitted
build	Cache Android SDK	2026-06-06T12:22:53.8877860Z /usr/bin/tar: ../../../../../usr/local/lib/android/sdk/platforms/android-36-ext18/data/res/values-mcc310-mnc800-sw: Cannot utime: Operation not permitted
build	Cache Android SDK	2026-06-06T12:22:53.8878960Z /usr/bin/tar: ../../../../../usr/local/lib/android/sdk/platforms/android-36-ext18/data/res/values-mcc310-mnc800-sw: Cannot change mode to rwxr-xr-x: Operation not permitted
build	Cache Android SDK	2026-06-06T12:22:53.8880663Z /usr/bin/tar: ../../../../../usr/local/lib/android/sdk/platforms/android-36-ext18/data/res/values-mcc302-mnc370-ne: Cannot utime: Operation not permitted
build	Cache Android SDK	2026-06-06T12:22:53.8881623Z /usr/bin/tar: ../../../../../usr/local/lib/android/sdk/platforms/android-36-ext18/data/res/values-mcc302-mnc370-ne: Cannot change mode to rwxr-xr-x: Operation not permitted
build	Cache Android SDK	2026-06-06T12:22:53.8888333Z /usr/bin/tar: ../../../../../usr/local/lib/android/sdk/platforms/android-36-ext18/data/res/drawable-sw600dp-mdpi: Cannot utime: Operation not permitted
build	Cache Android SDK	2026-06-06T12:22:53.8889490Z /usr/bin/tar: ../../../../../usr/local/lib/android/sdk/platforms/android-36-ext18/data/res/drawable-sw600dp-mdpi: Cannot change mode to rwxr-xr-x: Operation not permitted
build	Cache Android SDK	2026-06-06T12:22:53.8890639Z /usr/bin/tar: ../../../../../usr/local/lib/android/sdk/platforms/android-36-ext18/data/res/values-mcc310-mnc560-af: Cannot utime: Operation not permitted
build	Cache Android SDK	2026-06-06T12:22:53.8891638Z /usr/bin/tar: ../../../../../usr/local/lib/android/sdk/platforms/android-36-ext18/data/res/values-mcc310-mnc560-af: Cannot change mode to rwxr-xr-x: Operation not permitted
build	Cache Android SDK	2026-06-06T12:22:53.8892407Z /usr/bin/tar: ../../../../../usr/local/lib/android/sdk/platforms/android-36-ext18/data/res/values-mcc310-mnc310-pt-rBR: Cannot utime: Operation not permitted
build	Cache Android SDK	2026-06-06T12:22:53.8892975Z /usr/bin/tar: ../../../../../usr/local/lib/android/sdk/platforms/android-36-ext18/data/res/values-mcc310-mnc310-pt-rBR: Cannot change mode to rwxr-xr-x: Operation not permitted
build	Cache Android SDK	2026-06-06T12:22:53.8895402Z /usr/bin/tar: ../../../../../usr/local/lib/android/sdk/platforms/android-36-ext18/data/res/values-mcc302-mnc720-es-rUS: Cannot utime: Operation not permitted
build	Cache Android SDK	2026-06-06T12:22:53.8895888Z /usr/bin/tar: ../../../../../usr/local/lib/android/sdk/platforms/android-36-ext18/data/res/values-mcc302-mnc720-es-rUS: Cannot change mode to rwxr-xr-x: Operation not permitted
build	Cache Android SDK	2026-06-06T12:22:53.8898651Z /usr/bin/tar: ../../../../../usr/local/lib/android/sdk/platforms/android-36-ext18/data/res/values-mcc310-mnc270-is: Cannot utime: Operation not permitted
build	Cache Android SDK	2026-06-06T12:22:53.8899122Z /usr/bin/tar: ../../../../../usr/local/lib/android/sdk/platforms/android-36-ext18/data/res/values-mcc310-mnc270-is: Cannot change mode to rwxr-xr-x: Operation not permitted
build	Cache Android SDK	2026-06-06T12:22:53.8901916Z /usr/bin/tar: ../../../../../usr/local/lib/android/sdk/platforms/android-36-ext18/data/res/values-mcc310-mnc250-ko: Cannot utime: Operation not permitted
build	Cache Android SDK	2026-06-06T12:22:53.8902447Z /usr/bin/tar: ../../../../../usr/local/lib/android/sdk/platforms/android-36-ext18/data/res/values-mcc310-mnc250-ko: Cannot change mode to rwxr-xr-x: Operation not permitted
build	Cache Android SDK	2026-06-06T12:22:53.8904953Z /usr/bin/tar: ../../../../../usr/local/lib/android/sdk/platforms/android-36-ext18/data/res/values-mcc310-mnc200-ro: Cannot utime: Operation not permitted
build	Cache Android SDK	2026-06-06T12:22:53.8905411Z /usr/bin/tar: ../../../../../usr/local/lib/android/sdk/platforms/android-36-ext18/data/res/values-mcc310-mnc200-ro: Cannot change mode to rwxr-xr-x: Operation not permitted
build	Cache Android SDK	2026-06-06T12:22:53.8908602Z /usr/bin/tar: ../../../../../usr/local/lib/android/sdk/platforms/android-36-ext18/data/res/values-mcc310-mnc310-zh-rTW: Cannot utime: Operation not permitted
build	Cache Android SDK	2026-06-06T12:22:53.8909084Z /usr/bin/tar: ../../../../../usr/local/lib/android/sdk/platforms/android-36-ext18/data/res/values-mcc310-mnc310-zh-rTW: Cannot change mode to rwxr-xr-x: Operation not permitted
build	Cache Android SDK	2026-06-06T12:22:53.8911632Z /usr/bin/tar: ../../../../../usr/local/lib/android/sdk/platforms/android-36-ext18/data/res/values-mcc310-mnc380-lt: Cannot utime: Operation not permitted
build	Cache Android SDK	2026-06-06T12:22:53.8912102Z /usr/bin/tar: ../../../../../usr/local/lib/android/sdk/platforms/android-36-ext18/data/res/values-mcc310-mnc380-lt: Cannot change mode to rwxr-xr-x: Operation not permitted
build	Cache Android SDK	2026-06-06T12:22:53.8914967Z /usr/bin/tar: ../../../../../usr/local/lib/android/sdk/platforms/android-36-ext18/data/res/values-mcc310-mnc410-it: Cannot utime: Operation not permitted
build	Cache Android SDK	2026-06-06T12:22:53.8915424Z /usr/bin/tar: ../../../../../usr/local/lib/android/sdk/platforms/android-36-ext18/data/res/values-mcc310-mnc410-it: Cannot change mode to rwxr-xr-x: Operation not permitted
build	Cache Android SDK	2026-06-06T12:22:53.8918961Z /usr/bin/tar: ../../../../../usr/local/lib/android/sdk/platforms/android-36-ext18/data/res/values-mcc311-mnc870: Cannot utime: Operation not permitted
build	Cache Android SDK	2026-06-06T12:22:53.8919507Z /usr/bin/tar: ../../../../../usr/local/lib/android/sdk/platforms/android-36-ext18/data/res/values-mcc311-mnc870: Cannot change mode to rwxr-xr-x: Operation not permitted
build	Cache Android SDK	2026-06-06T12:22:53.8921206Z /usr/bin/tar: ../../../../../usr/local/lib/android/sdk/platforms/android-36-ext18/data/res/values-mcc310-mnc280-kn: Cannot utime: Operation not permitted
build	Cache Android SDK	2026-06-06T12:22:53.8921761Z /usr/bin/tar: ../../../../../usr/local/lib/android/sdk/platforms/android-36-ext18/data/res/values-mcc310-mnc280-kn: Cannot change mode to rwxr-xr-x: Operation not permitted
build	Cache Android SDK	2026-06-06T12:22:53.8927766Z /usr/bin/tar: ../../../../../usr/local/lib/android/sdk/platforms/android-36-ext18/data/res/values-fr-rCA: Cannot utime: Operation not permitted
build	Cache Android SDK	2026-06-06T12:22:53.8928208Z /usr/bin/tar: ../../../../../usr/local/lib/android/sdk/platforms/android-36-ext18/data/res/values-fr-rCA: Cannot change mode to rwxr-xr-x: Operation not permitted
build	Cache Android SDK	2026-06-06T12:22:53.8930329Z /usr/bin/tar: ../../../../../usr/local/lib/android/sdk/platforms/android-36-ext18/data/res/values-ko-watch: Cannot utime: Operation not permitted
build	Cache Android SDK	2026-06-06T12:22:53.8930776Z /usr/bin/tar: ../../../../../usr/local/lib/android/sdk/platforms/android-36-ext18/data/res/values-ko-watch: Cannot change mode to rwxr-xr-x: Operation not permitted
build	Cache Android SDK	2026-06-06T12:22:53.8933432Z /usr/bin/tar: ../../../../../usr/local/lib/android/sdk/platforms/android-36-ext18/data/res/values-mcc310-mnc170-in: Cannot utime: Operation not permitted
build	Cache Android SDK	2026-06-06T12:22:53.8933895Z /usr/bin/tar: ../../../../../usr/local/lib/android/sdk/platforms/android-36-ext18/data/res/values-mcc310-mnc170-in: Cannot change mode to rwxr-xr-x: Operation not permitted
build	Cache Android SDK	2026-06-06T12:22:53.8936160Z /usr/bin/tar: ../../../../../usr/local/lib/android/sdk/platforms/android-36-ext18/data/res/values-mcc310-mnc170-pa: Cannot utime: Operation not permitted
build	Cache Android SDK	2026-06-06T12:22:53.8936630Z /usr/bin/tar: ../../../../../usr/local/lib/android/sdk/platforms/android-36-ext18/data/res/values-mcc310-mnc170-pa: Cannot change mode to rwxr-xr-x: Operation not permitted
build	Cache Android SDK	2026-06-06T12:22:53.8939528Z /usr/bin/tar: ../../../../../usr/local/lib/android/sdk/platforms/android-36-ext18/data/res/values-mcc310-mnc220-bs: Cannot utime: Operation not permitted
build	Cache Android SDK	2026-06-06T12:22:53.8940044Z /usr/bin/tar: ../../../../../usr/local/lib/android/sdk/platforms/android-36-ext18/data/res/values-mcc310-mnc220-bs: Cannot change mode to rwxr-xr-x: Operation not permitted
build	Cache Android SDK	2026-06-06T12:22:53.8942871Z /usr/bin/tar: ../../../../../usr/local/lib/android/sdk/platforms/android-36-ext18/data/res/values-mcc310-mnc280-pt-rPT: Cannot utime: Operation not permitted
build	Cache Android SDK	2026-06-06T12:22:53.8943353Z /usr/bin/tar: ../../../../../usr/local/lib/android/sdk/platforms/android-36-ext18/data/res/values-mcc310-mnc280-pt-rPT: Cannot change mode to rwxr-xr-x: Operation not permitted
build	Cache Android SDK	2026-06-06T12:22:53.8946930Z /usr/bin/tar: ../../../../../usr/local/lib/android/sdk/platforms/android-36-ext18/data/res/values-mcc310-mnc200-ur: Cannot utime: Operation not permitted
build	Cache Android SDK	2026-06-06T12:22:53.8948068Z /usr/bin/tar: ../../../../../usr/local/lib/android/sdk/platforms/android-36-ext18/data/res/values-mcc310-mnc200-ur: Cannot change mode to rwxr-xr-x: Operation not permitted
build	Cache Android SDK	2026-06-06T12:22:53.8949919Z /usr/bin/tar: ../../../../../usr/local/lib/android/sdk/platforms/android-36-ext18/data/res/values-mcc310-mnc490-lv: Cannot utime: Operation not permitted
build	Cache Android SDK	2026-06-06T12:22:53.8950421Z /usr/bin/tar: ../../../../../usr/local/lib/android/sdk/platforms/android-36-ext18/data/res/values-mcc310-mnc490-lv: Cannot change mode to rwxr-xr-x: Operation not permitted
build	Cache Android SDK	2026-06-06T12:22:53.8952975Z /usr/bin/tar: ../../../../../usr/local/lib/android/sdk/platforms/android-36-ext18/data/res/values-uz-watch: Cannot utime: Operation not permitted
build	Cache Android SDK	2026-06-06T12:22:53.8953432Z /usr/bin/tar: ../../../../../usr/local/lib/android/sdk/platforms/android-36-ext18/data/res/values-uz-watch: Cannot change mode to rwxr-xr-x: Operation not permitted
build	Cache Android SDK	2026-06-06T12:22:53.8956236Z /usr/bin/tar: ../../../../../usr/local/lib/android/sdk/platforms/android-36-ext18/data/res/values-mcc310-mnc660-da: Cannot utime: Operation not permitted
build	Cache Android SDK	2026-06-06T12:22:53.8956718Z /usr/bin/tar: ../../../../../usr/local/lib/android/sdk/platforms/android-36-ext18/data/res/values-mcc310-mnc660-da: Cannot change mode to rwxr-xr-x: Operation not permitted
build	Cache Android SDK	2026-06-06T12:22:53.8962784Z /usr/bin/tar: ../../../../../usr/local/lib/android/sdk/platforms/android-36-ext18/data/res/values-fi: Cannot utime: Operation not permitted
build	Cache Android SDK	2026-06-06T12:22:53.8963962Z /usr/bin/tar: ../../../../../usr/local/lib/android/sdk/platforms/android-36-ext18/data/res/values-fi: Cannot change mode to rwxr-xr-x: Operation not permitted
build	Cache Android SDK	2026-06-06T12:22:53.8965615Z /usr/bin/tar: ../../../../../usr/local/lib/android/sdk/platforms/android-36-ext18/data/res/values-mcc310-mnc800-cs: Cannot utime: Operation not permitted
build	Cache Android SDK	2026-06-06T12:22:53.8966095Z /usr/bin/tar: ../../../../../usr/local/lib/android/sdk/platforms/android-36-ext18/data/res/values-mcc310-mnc800-cs: Cannot change mode to rwxr-xr-x: Operation not permitted
build	Cache Android SDK	2026-06-06T12:22:53.8968597Z /usr/bin/tar: ../../../../../usr/local/lib/android/sdk/platforms/android-36-ext18/data/res/values-mcc310-mnc380-hi: Cannot utime: Operation not permitted
build	Cache Android SDK	2026-06-06T12:22:53.8969151Z /usr/bin/tar: ../../../../../usr/local/lib/android/sdk/platforms/android-36-ext18/data/res/values-mcc310-mnc380-hi: Cannot change mode to rwxr-xr-x: Operation not permitted
build	Cache Android SDK	2026-06-06T12:22:53.8971731Z /usr/bin/tar: ../../../../../usr/local/lib/android/sdk/platforms/android-36-ext18/data/res/values-mcc310-mnc410-af: Cannot utime: Operation not permitted
build	Cache Android SDK	2026-06-06T12:22:53.8972188Z /usr/bin/tar: ../../../../../usr/local/lib/android/sdk/platforms/android-36-ext18/data/res/values-mcc310-mnc410-af: Cannot change mode to rwxr-xr-x: Operation not permitted
build	Cache Android SDK	2026-06-06T12:22:53.8974947Z /usr/bin/tar: ../../../../../usr/local/lib/android/sdk/platforms/android-36-ext18/data/res/values-mcc310-mnc250-km: Cannot utime: Operation not permitted
build	Cache Android SDK	2026-06-06T12:22:53.8975413Z /usr/bin/tar: ../../../../../usr/local/lib/android/sdk/platforms/android-36-ext18/data/res/values-mcc310-mnc250-km: Cannot change mode to rwxr-xr-x: Operation not permitted
build	Cache Android SDK	2026-06-06T12:22:53.8978770Z /usr/bin/tar: ../../../../../usr/local/lib/android/sdk/platforms/android-36-ext18/data/res/values-mcc302-mnc370-pa: Cannot utime: Operation not permitted
build	Cache Android SDK	2026-06-06T12:22:53.8979239Z /usr/bin/tar: ../../../../../usr/local/lib/android/sdk/platforms/android-36-ext18/data/res/values-mcc302-mnc370-pa: Cannot change mode to rwxr-xr-x: Operation not permitted
build	Cache Android SDK	2026-06-06T12:22:53.8981926Z /usr/bin/tar: ../../../../../usr/local/lib/android/sdk/platforms/android-36-ext18/data/res/values-mcc310-mnc380-ca: Cannot utime: Operation not permitted
build	Cache Android SDK	2026-06-06T12:22:53.8982382Z /usr/bin/tar: ../../../../../usr/local/lib/android/sdk/platforms/android-36-ext18/data/res/values-mcc310-mnc380-ca: Cannot change mode to rwxr-xr-x: Operation not permitted
build	Cache Android SDK	2026-06-06T12:22:53.8984940Z /usr/bin/tar: ../../../../../usr/local/lib/android/sdk/platforms/android-36-ext18/data/res/values-mcc310-mnc950-gu: Cannot utime: Operation not permitted
build	Cache Android SDK	2026-06-06T12:22:53.8985412Z /usr/bin/tar: ../../../../../usr/local/lib/android/sdk/platforms/android-36-ext18/data/res/values-mcc310-mnc950-gu: Cannot change mode to rwxr-xr-x: Operation not permitted
build	Cache Android SDK	2026-06-06T12:22:53.8988260Z /usr/bin/tar: ../../../../../usr/local/lib/android/sdk/platforms/android-36-ext18/data/res/values-mcc302-mnc720-sq: Cannot utime: Operation not permitted
build	Cache Android SDK	2026-06-06T12:22:53.8988736Z /usr/bin/tar: ../../../../../usr/local/lib/android/sdk/platforms/android-36-ext18/data/res/values-mcc302-mnc720-sq: Cannot change mode to rwxr-xr-x: Operation not permitted
build	Cache Android SDK	2026-06-06T12:22:53.8991324Z /usr/bin/tar: ../../../../../usr/local/lib/android/sdk/platforms/android-36-ext18/data/res/values-sq-watch: Cannot utime: Operation not permitted
build	Cache Android SDK	2026-06-06T12:22:53.8991773Z /usr/bin/tar: ../../../../../usr/local/lib/android/sdk/platforms/android-36-ext18/data/res/values-sq-watch: Cannot change mode to rwxr-xr-x: Operation not permitted
build	Cache Android SDK	2026-06-06T12:22:53.8994368Z /usr/bin/tar: ../../../../../usr/local/lib/android/sdk/platforms/android-36-ext18/data/res/values-mcc311-mnc180-lv: Cannot utime: Operation not permitted
build	Cache Android SDK	2026-06-06T12:22:53.8994847Z /usr/bin/tar: ../../../../../usr/local/lib/android/sdk/platforms/android-36-ext18/data/res/values-mcc311-mnc180-lv: Cannot change mode to rwxr-xr-x: Operation not permitted
build	Cache Android SDK	2026-06-06T12:22:53.8997902Z /usr/bin/tar: ../../../../../usr/local/lib/android/sdk/platforms/android-36-ext18/data/res/values-mcc310-mnc280-it: Cannot utime: Operation not permitted
build	Cache Android SDK	2026-06-06T12:22:53.8998369Z /usr/bin/tar: ../../../../../usr/local/lib/android/sdk/platforms/android-36-ext18/data/res/values-mcc310-mnc280-it: Cannot change mode to rwxr-xr-x: Operation not permitted
build	Cache Android SDK	2026-06-06T12:22:53.9002270Z /usr/bin/tar: ../../../../../usr/local/lib/android/sdk/platforms/android-36-ext18/data/res/values-mcc302-mnc720-kk: Cannot utime: Operation not permitted
build	Cache Android SDK	2026-06-06T12:22:53.9003182Z /usr/bin/tar: ../../../../../usr/local/lib/android/sdk/platforms/android-36-ext18/data/res/values-mcc302-mnc720-kk: Cannot change mode to rwxr-xr-x: Operation not permitted
build	Cache Android SDK	2026-06-06T12:22:53.9003835Z /usr/bin/tar: ../../../../../usr/local/lib/android/sdk/platforms/android-36-ext18/data/res: Cannot utime: Operation not permitted
build	Cache Android SDK	2026-06-06T12:22:53.9004559Z /usr/bin/tar: ../../../../../usr/local/lib/android/sdk/platforms/android-36-ext18/data/res: Cannot change mode to rwxr-xr-x: Operation not permitted
build	Cache Android SDK	2026-06-06T12:22:53.9066372Z /usr/bin/tar: ../../../../../usr/local/lib/android/sdk/platforms/android-36-ext18/data: Cannot utime: Operation not permitted
build	Cache Android SDK	2026-06-06T12:22:53.9066855Z /usr/bin/tar: ../../../../../usr/local/lib/android/sdk/platforms/android-36-ext18/data: Cannot change mode to rwxr-xr-x: Operation not permitted
build	Cache Android SDK	2026-06-06T12:22:53.9067227Z /usr/bin/tar: ../../../../../usr/local/lib/android/sdk/platforms/android-36-ext18: Cannot utime: Operation not permitted
build	Cache Android SDK	2026-06-06T12:22:53.9067872Z /usr/bin/tar: ../../../../../usr/local/lib/android/sdk/platforms/android-36-ext18: Cannot change mode to rwxr-xr-x: Operation not permitted
build	Cache Android SDK	2026-06-06T12:22:53.9083757Z /usr/bin/tar: ../../../../../usr/local/lib/android/sdk/platforms/android-36.1/optional/libbinder_ndk_cpp/android: Cannot utime: Operation not permitted
build	Cache Android SDK	2026-06-06T12:22:53.9084262Z /usr/bin/tar: ../../../../../usr/local/lib/android/sdk/platforms/android-36.1/optional/libbinder_ndk_cpp/android: Cannot change mode to rwxr-xr-x: Operation not permitted
build	Cache Android SDK	2026-06-06T12:22:53.9084653Z /usr/bin/tar: ../../../../../usr/local/lib/android/sdk/platforms/android-36.1/optional/libbinder_ndk_cpp: Cannot utime: Operation not permitted
build	Cache Android SDK	2026-06-06T12:22:53.9085086Z /usr/bin/tar: ../../../../../usr/local/lib/android/sdk/platforms/android-36.1/optional/libbinder_ndk_cpp: Cannot change mode to rwxr-xr-x: Operation not permitted
build	Cache Android SDK	2026-06-06T12:22:53.9089562Z /usr/bin/tar: ../../../../../usr/local/lib/android/sdk/platforms/android-36.1/optional: Cannot utime: Operation not permitted
build	Cache Android SDK	2026-06-06T12:22:53.9090339Z /usr/bin/tar: ../../../../../usr/local/lib/android/sdk/platforms/android-36.1/optional: Cannot change mode to rwxr-xr-x: Operation not permitted
build	Cache Android SDK	2026-06-06T12:22:53.9193153Z /usr/bin/tar: ../../../../../usr/local/lib/android/sdk/platforms/android-36.1/skins/WXGA800: Cannot utime: Operation not permitted
build	Cache Android SDK	2026-06-06T12:22:53.9193632Z /usr/bin/tar: ../../../../../usr/local/lib/android/sdk/platforms/android-36.1/skins/WXGA800: Cannot change mode to rwxr-xr-x: Operation not permitted
build	Cache Android SDK	2026-06-06T12:22:53.9199660Z /usr/bin/tar: ../../../../../usr/local/lib/android/sdk/platforms/android-36.1/skins/HVGA: Cannot utime: Operation not permitted
build	Cache Android SDK	2026-06-06T12:22:53.9200059Z /usr/bin/tar: ../../../../../usr/local/lib/android/sdk/platforms/android-36.1/skins/HVGA: Cannot change mode to rwxr-xr-x: Operation not permitted
build	Cache Android SDK	2026-06-06T12:22:53.9206730Z /usr/bin/tar: ../../../../../usr/local/lib/android/sdk/platforms/android-36.1/skins/WSVGA: Cannot utime: Operation not permitted
build	Cache Android SDK	2026-06-06T12:22:53.9207144Z /usr/bin/tar: ../../../../../usr/local/lib/android/sdk/platforms/android-36.1/skins/WSVGA: Cannot change mode to rwxr-xr-x: Operation not permitted
build	Cache Android SDK	2026-06-06T12:22:53.9212990Z /usr/bin/tar: ../../../../../usr/local/lib/android/sdk/platforms/android-36.1/skins/WQVGA432: Cannot utime: Operation not permitted
build	Cache Android SDK	2026-06-06T12:22:53.9213406Z /usr/bin/tar: ../../../../../usr/local/lib/android/sdk/platforms/android-36.1/skins/WQVGA432: Cannot change mode to rwxr-xr-x: Operation not permitted
build	Cache Android SDK	2026-06-06T12:22:53.9219714Z /usr/bin/tar: ../../../../../usr/local/lib/android/sdk/platforms/android-36.1/skins/WVGA854: Cannot utime: Operation not permitted
build	Cache Android SDK	2026-06-06T12:22:53.9220107Z /usr/bin/tar: ../../../../../usr/local/lib/android/sdk/platforms/android-36.1/skins/WVGA854: Cannot change mode to rwxr-xr-x: Operation not permitted
build	Cache Android SDK	2026-06-06T12:22:53.9226418Z /usr/bin/tar: ../../../../../usr/local/lib/android/sdk/platforms/android-36.1/skins/WXGA800-7in: Cannot utime: Operation not permitted
build	Cache Android SDK	2026-06-06T12:22:53.9226960Z /usr/bin/tar: ../../../../../usr/local/lib/android/sdk/platforms/android-36.1/skins/WXGA800-7in: Cannot change mode to rwxr-xr-x: Operation not permitted
build	Cache Android SDK	2026-06-06T12:22:53.9232934Z /usr/bin/tar: ../../../../../usr/local/lib/android/sdk/platforms/android-36.1/skins/QVGA: Cannot utime: Operation not permitted
build	Cache Android SDK	2026-06-06T12:22:53.9233320Z /usr/bin/tar: ../../../../../usr/local/lib/android/sdk/platforms/android-36.1/skins/QVGA: Cannot change mode to rwxr-xr-x: Operation not permitted
build	Cache Android SDK	2026-06-06T12:22:53.9241841Z /usr/bin/tar: ../../../../../usr/local/lib/android/sdk/platforms/android-36.1/skins/WQVGA400: Cannot utime: Operation not permitted
build	Cache Android SDK	2026-06-06T12:22:53.9242345Z /usr/bin/tar: ../../../../../usr/local/lib/android/sdk/platforms/android-36.1/skins/WQVGA400: Cannot change mode to rwxr-xr-x: Operation not permitted
build	Cache Android SDK	2026-06-06T12:22:53.9256951Z /usr/bin/tar: ../../../../../usr/local/lib/android/sdk/platforms/android-36.1/skins/WVGA800: Cannot utime: Operation not permitted
build	Cache Android SDK	2026-06-06T12:22:53.9257686Z /usr/bin/tar: ../../../../../usr/local/lib/android/sdk/platforms/android-36.1/skins/WVGA800: Cannot change mode to rwxr-xr-x: Operation not permitted
build	Cache Android SDK	2026-06-06T12:22:53.9264290Z /usr/bin/tar: ../../../../../usr/local/lib/android/sdk/platforms/android-36.1/skins/WXGA720: Cannot utime: Operation not permitted
build	Cache Android SDK	2026-06-06T12:22:53.9264692Z /usr/bin/tar: ../../../../../usr/local/lib/android/sdk/platforms/android-36.1/skins/WXGA720: Cannot change mode to rwxr-xr-x: Operation not permitted
build	Cache Android SDK	2026-06-06T12:22:53.9265027Z /usr/bin/tar: ../../../../../usr/local/lib/android/sdk/platforms/android-36.1/skins: Cannot utime: Operation not permitted
build	Cache Android SDK	2026-06-06T12:22:53.9265395Z /usr/bin/tar: ../../../../../usr/local/lib/android/sdk/platforms/android-36.1/skins: Cannot change mode to rwxr-xr-x: Operation not permitted
build	Cache Android SDK	2026-06-06T12:22:53.9518275Z /usr/bin/tar: ../../../../../usr/local/lib/android/sdk/platforms/android-36.1/templates: Cannot utime: Operation not permitted
build	Cache Android SDK	2026-06-06T12:22:53.9518863Z /usr/bin/tar: ../../../../../usr/local/lib/android/sdk/platforms/android-36.1/templates: Cannot change mode to rwxr-xr-x: Operation not permitted
build	Cache Android SDK	2026-06-06T12:22:53.9533642Z /usr/bin/tar: ../../../../../usr/local/lib/android/sdk/platforms/android-36.1/data/res/values-mcc310-mnc160-sk: Cannot utime: Operation not permitted
build	Cache Android SDK	2026-06-06T12:22:53.9534144Z /usr/bin/tar: ../../../../../usr/local/lib/android/sdk/platforms/android-36.1/data/res/values-mcc310-mnc160-sk: Cannot change mode to rwxr-xr-x: Operation not permitted
build	Cache Android SDK	2026-06-06T12:22:53.9539510Z /usr/bin/tar: ../../../../../usr/local/lib/android/sdk/platforms/android-36.1/data/res/values-mcc302-mnc370-hr: Cannot utime: Operation not permitted
build	Cache Android SDK	2026-06-06T12:22:53.9540383Z /usr/bin/tar: ../../../../../usr/local/lib/android/sdk/platforms/android-36.1/data/res/values-mcc302-mnc370-hr: Cannot change mode to rwxr-xr-x: Operation not permitted
build	Cache Android SDK	2026-06-06T12:22:53.9544894Z /usr/bin/tar: ../../../../../usr/local/lib/android/sdk/platforms/android-36.1/data/res/values-mcc310-mnc950-zh-rHK: Cannot utime: Operation not permitted
build	Cache Android SDK	2026-06-06T12:22:53.9545381Z /usr/bin/tar: ../../../../../usr/local/lib/android/sdk/platforms/android-36.1/data/res/values-mcc310-mnc950-zh-rHK: Cannot change mode to rwxr-xr-x: Operation not permitted
build	Cache Android SDK	2026-06-06T12:22:53.9547845Z /usr/bin/tar: ../../../../../usr/local/lib/android/sdk/platforms/android-36.1/data/res/values-mcc310-mnc210-et: Cannot utime: Operation not permitted
build	Cache Android SDK	2026-06-06T12:22:53.9548480Z /usr/bin/tar: ../../../../../usr/local/lib/android/sdk/platforms/android-36.1/data/res/values-mcc310-mnc210-et: Cannot change mode to rwxr-xr-x: Operation not permitted
build	Cache Android SDK	2026-06-06T12:22:53.9550943Z /usr/bin/tar: ../../../../../usr/local/lib/android/sdk/platforms/android-36.1/data/res/values-mcc310-mnc170-sl: Cannot utime: Operation not permitted
build	Cache Android SDK	2026-06-06T12:22:53.9551390Z /usr/bin/tar: ../../../../../usr/local/lib/android/sdk/platforms/android-36.1/data/res/values-mcc310-mnc170-sl: Cannot change mode to rwxr-xr-x: Operation not permitted
build	Cache Android SDK	2026-06-06T12:22:53.9556774Z /usr/bin/tar: ../../../../../usr/local/lib/android/sdk/platforms/android-36.1/data/res/values-mcc310-mnc150-eu: Cannot utime: Operation not permitted
build	Cache Android SDK	2026-06-06T12:22:53.9557293Z /usr/bin/tar: ../../../../../usr/local/lib/android/sdk/platforms/android-36.1/data/res/values-mcc310-mnc150-eu: Cannot change mode to rwxr-xr-x: Operation not permitted
build	Cache Android SDK	2026-06-06T12:22:53.9562546Z /usr/bin/tar: ../../../../../usr/local/lib/android/sdk/platforms/android-36.1/data/res/values-mcc334-mnc020-bs: Cannot utime: Operation not permitted
build	Cache Android SDK	2026-06-06T12:22:53.9563002Z /usr/bin/tar: ../../../../../usr/local/lib/android/sdk/platforms/android-36.1/data/res/values-mcc334-mnc020-bs: Cannot change mode to rwxr-xr-x: Operation not permitted
build	Cache Android SDK	2026-06-06T12:22:53.9568047Z /usr/bin/tar: ../../../../../usr/local/lib/android/sdk/platforms/android-36.1/data/res/values-mcc310-mnc310-en-rAU: Cannot utime: Operation not permitted
build	Cache Android SDK	2026-06-06T12:22:53.9568521Z /usr/bin/tar: ../../../../../usr/local/lib/android/sdk/platforms/android-36.1/data/res/values-mcc310-mnc310-en-rAU: Cannot change mode to rwxr-xr-x: Operation not permitted
build	Cache Android SDK	2026-06-06T12:22:53.9571024Z /usr/bin/tar: ../../../../../usr/local/lib/android/sdk/platforms/android-36.1/data/res/values-mcc334-mnc020-nl: Cannot utime: Operation not permitted
build	Cache Android SDK	2026-06-06T12:22:53.9571560Z /usr/bin/tar: ../../../../../usr/local/lib/android/sdk/platforms/android-36.1/data/res/values-mcc334-mnc020-nl: Cannot change mode to rwxr-xr-x: Operation not permitted
build	Cache Android SDK	2026-06-06T12:22:53.9577117Z /usr/bin/tar: ../../../../../usr/local/lib/android/sdk/platforms/android-36.1/data/res/raw-nl: Cannot utime: Operation not permitted
build	Cache Android SDK	2026-06-06T12:22:53.9577656Z /usr/bin/tar: ../../../../../usr/local/lib/android/sdk/platforms/android-36.1/data/res/raw-nl: Cannot change mode to rwxr-xr-x: Operation not permitted
build	Cache Android SDK	2026-06-06T12:22:53.9579892Z /usr/bin/tar: ../../../../../usr/local/lib/android/sdk/platforms/android-36.1/data/res/values-mcc310-mnc800-pl: Cannot utime: Operation not permitted
build	Cache Android SDK	2026-06-06T12:22:53.9580341Z /usr/bin/tar: ../../../../../usr/local/lib/android/sdk/platforms/android-36.1/data/res/values-mcc310-mnc800-pl: Cannot change mode to rwxr-xr-x: Operation not permitted
build	Cache Android SDK	2026-06-06T12:22:53.9585404Z /usr/bin/tar: ../../../../../usr/local/lib/android/sdk/platforms/android-36.1/data/res/values-mcc310-mnc490-sk: Cannot utime: Operation not permitted
build	Cache Android SDK	2026-06-06T12:22:53.9595900Z /usr/bin/tar: ../../../../../usr/local/lib/android/sdk/platforms/android-36.1/data/res/values-mcc310-mnc490-sk: Cannot change mode to rwxr-xr-x: Operation not permitted
build	Cache Android SDK	2026-06-06T12:22:53.9596384Z /usr/bin/tar: ../../../../../usr/local/lib/android/sdk/platforms/android-36.1/data/res/values-si: Cannot utime: Operation not permitted
build	Cache Android SDK	2026-06-06T12:22:53.9596880Z /usr/bin/tar: ../../../../../usr/local/lib/android/sdk/platforms/android-36.1/data/res/values-si: Cannot change mode to rwxr-xr-x: Operation not permitted
build	Cache Android SDK	2026-06-06T12:22:53.9599023Z /usr/bin/tar: ../../../../../usr/local/lib/android/sdk/platforms/android-36.1/data/res/values-mcc311-mnc180-bg: Cannot utime: Operation not permitted
build	Cache Android SDK	2026-06-06T12:22:53.9599472Z /usr/bin/tar: ../../../../../usr/local/lib/android/sdk/platforms/android-36.1/data/res/values-mcc311-mnc180-bg: Cannot change mode to rwxr-xr-x: Operation not permitted
build	Cache Android SDK	2026-06-06T12:22:53.9602427Z /usr/bin/tar: ../../../../../usr/local/lib/android/sdk/platforms/android-36.1/data/res/values-mcc310-mnc160-be: Cannot utime: Operation not permitted
build	Cache Android SDK	2026-06-06T12:22:53.9602994Z /usr/bin/tar: ../../../../../usr/local/lib/android/sdk/platforms/android-36.1/data/res/values-mcc310-mnc160-be: Cannot change mode to rwxr-xr-x: Operation not permitted
build	Cache Android SDK	2026-06-06T12:22:53.9608520Z /usr/bin/tar: ../../../../../usr/local/lib/android/sdk/platforms/android-36.1/data/res/values-mcc310-mnc280-pt: Cannot utime: Operation not permitted
build	Cache Android SDK	2026-06-06T12:22:53.9608988Z /usr/bin/tar: ../../../../../usr/local/lib/android/sdk/platforms/android-36.1/data/res/values-mcc310-mnc280-pt: Cannot change mode to rwxr-xr-x: Operation not permitted
build	Cache Android SDK	2026-06-06T12:22:53.9610982Z /usr/bin/tar: ../../../../../usr/local/lib/android/sdk/platforms/android-36.1/data/res/values-mcc302-mnc720-zh-rHK: Cannot utime: Operation not permitted
build	Cache Android SDK	2026-06-06T12:22:53.9611584Z /usr/bin/tar: ../../../../../usr/local/lib/android/sdk/platforms/android-36.1/data/res/values-mcc302-mnc720-zh-rHK: Cannot change mode to rwxr-xr-x: Operation not permitted
build	Cache Android SDK	2026-06-06T12:22:53.9614402Z /usr/bin/tar: ../../../../../usr/local/lib/android/sdk/platforms/android-36.1/data/res/values-mcc440-mnc50: Cannot utime: Operation not permitted
build	Cache Android SDK	2026-06-06T12:22:53.9614846Z /usr/bin/tar: ../../../../../usr/local/lib/android/sdk/platforms/android-36.1/data/res/values-mcc440-mnc50: Cannot change mode to rwxr-xr-x: Operation not permitted
build	Cache Android SDK	2026-06-06T12:22:53.9617966Z /usr/bin/tar: ../../../../../usr/local/lib/android/sdk/platforms/android-36.1/data/res/values-tr-television: Cannot utime: Operation not permitted
build	Cache Android SDK	2026-06-06T12:22:53.9618424Z /usr/bin/tar: ../../../../../usr/local/lib/android/sdk/platforms/android-36.1/data/res/values-tr-television: Cannot change mode to rwxr-xr-x: Operation not permitted
build	Cache Android SDK	2026-06-06T12:22:53.9621178Z /usr/bin/tar: ../../../../../usr/local/lib/android/sdk/platforms/android-36.1/data/res/values-mcc310-mnc490-th: Cannot utime: Operation not permitted
build	Cache Android SDK	2026-06-06T12:22:53.9621717Z /usr/bin/tar: ../../../../../usr/local/lib/android/sdk/platforms/android-36.1/data/res/values-mcc310-mnc490-th: Cannot change mode to rwxr-xr-x: Operation not permitted
build	Cache Android SDK	2026-06-06T12:22:53.9624503Z /usr/bin/tar: ../../../../../usr/local/lib/android/sdk/platforms/android-36.1/data/res/values-mcc311-mnc180-zh-rHK: Cannot utime: Operation not permitted
build	Cache Android SDK	2026-06-06T12:22:53.9624968Z /usr/bin/tar: ../../../../../usr/local/lib/android/sdk/platforms/android-36.1/data/res/values-mcc311-mnc180-zh-rHK: Cannot change mode to rwxr-xr-x: Operation not permitted
build	Cache Android SDK	2026-06-06T12:22:53.9627578Z /usr/bin/tar: ../../../../../usr/local/lib/android/sdk/platforms/android-36.1/data/res/values-mcc310-mnc310-fi: Cannot utime: Operation not permitted
build	Cache Android SDK	2026-06-06T12:22:53.9628039Z /usr/bin/tar: ../../../../../usr/local/lib/android/sdk/platforms/android-36.1/data/res/values-mcc310-mnc310-fi: Cannot change mode to rwxr-xr-x: Operation not permitted
build	Cache Android SDK	2026-06-06T12:22:53.9630750Z /usr/bin/tar: ../../../../../usr/local/lib/android/sdk/platforms/android-36.1/data/res/values-mcc313-mnc100-is: Cannot utime: Operation not permitted
build	Cache Android SDK	2026-06-06T12:22:53.9631207Z /usr/bin/tar: ../../../../../usr/local/lib/android/sdk/platforms/android-36.1/data/res/values-mcc313-mnc100-is: Cannot change mode to rwxr-xr-x: Operation not permitted
build	Cache Android SDK	2026-06-06T12:22:53.9634165Z /usr/bin/tar: ../../../../../usr/local/lib/android/sdk/platforms/android-36.1/data/res/values-mcc310-mnc280-as: Cannot utime: Operation not permitted
build	Cache Android SDK	2026-06-06T12:22:53.9634887Z /usr/bin/tar: ../../../../../usr/local/lib/android/sdk/platforms/android-36.1/data/res/values-mcc310-mnc280-as: Cannot change mode to rwxr-xr-x: Operation not permitted
build	Cache Android SDK	2026-06-06T12:22:53.9637642Z /usr/bin/tar: ../../../../../usr/local/lib/android/sdk/platforms/android-36.1/data/res/values-w180dp-notround-watch: Cannot utime: Operation not permitted
build	Cache Android SDK	2026-06-06T12:22:53.9638131Z /usr/bin/tar: ../../../../../usr/local/lib/android/sdk/platforms/android-36.1/data/res/values-w180dp-notround-watch: Cannot change mode to rwxr-xr-x: Operation not permitted
build	Cache Android SDK	2026-06-06T12:22:53.9640947Z /usr/bin/tar: ../../../../../usr/local/lib/android/sdk/platforms/android-36.1/data/res/values-mcc310-mnc030-gu: Cannot utime: Operation not permitted
build	Cache Android SDK	2026-06-06T12:22:53.9641481Z /usr/bin/tar: ../../../../../usr/local/lib/android/sdk/platforms/android-36.1/data/res/values-mcc310-mnc030-gu: Cannot change mode to rwxr-xr-x: Operation not permitted
build	Cache Android SDK	2026-06-06T12:22:53.9644056Z /usr/bin/tar: ../../../../../usr/local/lib/android/sdk/platforms/android-36.1/data/res/values-mcc310-mnc210-in: Cannot utime: Operation not permitted
build	Cache Android SDK	2026-06-06T12:22:53.9644503Z /usr/bin/tar: ../../../../../usr/local/lib/android/sdk/platforms/android-36.1/data/res/values-mcc310-mnc210-in: Cannot change mode to rwxr-xr-x: Operation not permitted
build	Cache Android SDK	2026-06-06T12:22:53.9647126Z /usr/bin/tar: ../../../../../usr/local/lib/android/sdk/platforms/android-36.1/data/res/values-mcc310-mnc410-nl: Cannot utime: Operation not permitted
build	Cache Android SDK	2026-06-06T12:22:53.9647820Z /usr/bin/tar: ../../../../../usr/local/lib/android/sdk/platforms/android-36.1/data/res/values-mcc310-mnc410-nl: Cannot change mode to rwxr-xr-x: Operation not permitted
build	Cache Android SDK	2026-06-06T12:22:53.9650280Z /usr/bin/tar: ../../../../../usr/local/lib/android/sdk/platforms/android-36.1/data/res/values-mcc310-mnc410-hi: Cannot utime: Operation not permitted
build	Cache Android SDK	2026-06-06T12:22:53.9650730Z /usr/bin/tar: ../../../../../usr/local/lib/android/sdk/platforms/android-36.1/data/res/values-mcc310-mnc410-hi: Cannot change mode to rwxr-xr-x: Operation not permitted
build	Cache Android SDK	2026-06-06T12:22:53.9653311Z /usr/bin/tar: ../../../../../usr/local/lib/android/sdk/platforms/android-36.1/data/res/values-mcc310-mnc210-iw: Cannot utime: Operation not permitted
build	Cache Android SDK	2026-06-06T12:22:53.9653750Z /usr/bin/tar: ../../../../../usr/local/lib/android/sdk/platforms/android-36.1/data/res/values-mcc310-mnc210-iw: Cannot change mode to rwxr-xr-x: Operation not permitted
build	Cache Android SDK	2026-06-06T12:22:53.9656735Z /usr/bin/tar: ../../../../../usr/local/lib/android/sdk/platforms/android-36.1/data/res/values-mcc001-mnc01-or: Cannot utime: Operation not permitted
build	Cache Android SDK	2026-06-06T12:22:53.9657189Z /usr/bin/tar: ../../../../../usr/local/lib/android/sdk/platforms/android-36.1/data/res/values-mcc001-mnc01-or: Cannot change mode to rwxr-xr-x: Operation not permitted
build	Cache Android SDK	2026-06-06T12:22:53.9662515Z /usr/bin/tar: ../../../../../usr/local/lib/android/sdk/platforms/android-36.1/data/res/values-mcc310-mnc230-pl: Cannot utime: Operation not permitted
build	Cache Android SDK	2026-06-06T12:22:53.9662961Z /usr/bin/tar: ../../../../../usr/local/lib/android/sdk/platforms/android-36.1/data/res/values-mcc310-mnc230-pl: Cannot change mode to rwxr-xr-x: Operation not permitted
build	Cache Android SDK	2026-06-06T12:22:53.9667977Z /usr/bin/tar: ../../../../../usr/local/lib/android/sdk/platforms/android-36.1/data/res/values-de-watch: Cannot utime: Operation not permitted
build	Cache Android SDK	2026-06-06T12:22:53.9668414Z /usr/bin/tar: ../../../../../usr/local/lib/android/sdk/platforms/android-36.1/data/res/values-de-watch: Cannot change mode to rwxr-xr-x: Operation not permitted
build	Cache Android SDK	2026-06-06T12:22:53.9672744Z /usr/bin/tar: ../../../../../usr/local/lib/android/sdk/platforms/android-36.1/data/res/raw: Cannot utime: Operation not permitted
build	Cache Android SDK	2026-06-06T12:22:53.9673131Z /usr/bin/tar: ../../../../../usr/local/lib/android/sdk/platforms/android-36.1/data/res/raw: Cannot change mode to rwxr-xr-x: Operation not permitted
build	Cache Android SDK	2026-06-06T12:22:53.9676328Z /usr/bin/tar: ../../../../../usr/local/lib/android/sdk/platforms/android-36.1/data/res/values-mcc310-mnc380-ml: Cannot utime: Operation not permitted
build	Cache Android SDK	2026-06-06T12:22:53.9676773Z /usr/bin/tar: ../../../../../usr/local/lib/android/sdk/platforms/android-36.1/data/res/values-mcc310-mnc380-ml: Cannot change mode to rwxr-xr-x: Operation not permitted
build	Cache Android SDK	2026-06-06T12:22:53.9679464Z /usr/bin/tar: ../../../../../usr/local/lib/android/sdk/platforms/android-36.1/data/res/values-mcc310-mnc660-pt-rPT: Cannot utime: Operation not permitted
build	Cache Android SDK	2026-06-06T12:22:53.9679931Z /usr/bin/tar: ../../../../../usr/local/lib/android/sdk/platforms/android-36.1/data/res/values-mcc310-mnc660-pt-rPT: Cannot change mode to rwxr-xr-x: Operation not permitted
build	Cache Android SDK	2026-06-06T12:22:53.9682539Z /usr/bin/tar: ../../../../../usr/local/lib/android/sdk/platforms/android-36.1/data/res/values-mcc310-mnc800-zh-rCN: Cannot utime: Operation not permitted
build	Cache Android SDK	2026-06-06T12:22:53.9683105Z /usr/bin/tar: ../../../../../usr/local/lib/android/sdk/platforms/android-36.1/data/res/values-mcc310-mnc800-zh-rCN: Cannot change mode to rwxr-xr-x: Operation not permitted
build	Cache Android SDK	2026-06-06T12:22:53.9690152Z /usr/bin/tar: ../../../../../usr/local/lib/android/sdk/platforms/android-36.1/data/res/values-ky: Cannot utime: Operation not permitted
build	Cache Android SDK	2026-06-06T12:22:53.9690886Z /usr/bin/tar: ../../../../../usr/local/lib/android/sdk/platforms/android-36.1/data/res/values-ky: Cannot change mode to rwxr-xr-x: Operation not permitted
build	Cache Android SDK	2026-06-06T12:22:53.9694293Z /usr/bin/tar: ../../../../../usr/local/lib/android/sdk/platforms/android-36.1/data/res/values-mcc311-mnc180-my: Cannot utime: Operation not permitted
build	Cache Android SDK	2026-06-06T12:22:53.9694937Z /usr/bin/tar: ../../../../../usr/local/lib/android/sdk/platforms/android-36.1/data/res/values-mcc311-mnc180-my: Cannot change mode to rwxr-xr-x: Operation not permitted
build	Cache Android SDK	2026-06-06T12:22:53.9696864Z /usr/bin/tar: ../../../../../usr/local/lib/android/sdk/platforms/android-36.1/data/res/values-mcc310-mnc240-da: Cannot utime: Operation not permitted
build	Cache Android SDK	2026-06-06T12:22:53.9697332Z /usr/bin/tar: ../../../../../usr/local/lib/android/sdk/platforms/android-36.1/data/res/values-mcc310-mnc240-da: Cannot change mode to rwxr-xr-x: Operation not permitted
build	Cache Android SDK	2026-06-06T12:22:53.9700689Z /usr/bin/tar: ../../../../../usr/local/lib/android/sdk/platforms/android-36.1/data/res/values-mcc310-mnc660-fa: Cannot utime: Operation not permitted
build	Cache Android SDK	2026-06-06T12:22:53.9701170Z /usr/bin/tar: ../../../../../usr/local/lib/android/sdk/platforms/android-36.1/data/res/values-mcc310-mnc660-fa: Cannot change mode to rwxr-xr-x: Operation not permitted
build	Cache Android SDK	2026-06-06T12:22:53.9703461Z /usr/bin/tar: ../../../../../usr/local/lib/android/sdk/platforms/android-36.1/data/res/values-mcc310-mnc270-sr: Cannot utime: Operation not permitted
build	Cache Android SDK	2026-06-06T12:22:53.9703932Z /usr/bin/tar: ../../../../../usr/local/lib/android/sdk/platforms/android-36.1/data/res/values-mcc310-mnc270-sr: Cannot change mode to rwxr-xr-x: Operation not permitted
build	Cache Android SDK	2026-06-06T12:22:53.9706814Z /usr/bin/tar: ../../../../../usr/local/lib/android/sdk/platforms/android-36.1/data/res/values-mcc310-mnc220-en-rIN: Cannot utime: Operation not permitted
build	Cache Android SDK	2026-06-06T12:22:53.9707314Z /usr/bin/tar: ../../../../../usr/local/lib/android/sdk/platforms/android-36.1/data/res/values-mcc310-mnc220-en-rIN: Cannot change mode to rwxr-xr-x: Operation not permitted
build	Cache Android SDK	2026-06-06T12:22:53.9714582Z /usr/bin/tar: ../../../../../usr/local/lib/android/sdk/platforms/android-36.1/data/res/values-bg: Cannot utime: Operation not permitted
build	Cache Android SDK	2026-06-06T12:22:53.9715254Z /usr/bin/tar: ../../../../../usr/local/lib/android/sdk/platforms/android-36.1/data/res/values-bg: Cannot change mode to rwxr-xr-x: Operation not permitted
build	Cache Android SDK	2026-06-06T12:22:53.9717000Z /usr/bin/tar: ../../../../../usr/local/lib/android/sdk/platforms/android-36.1/data/res/values-mcc310-mnc200-kn: Cannot utime: Operation not permitted
build	Cache Android SDK	2026-06-06T12:22:53.9717731Z /usr/bin/tar: ../../../../../usr/local/lib/android/sdk/platforms/android-36.1/data/res/values-mcc310-mnc200-kn: Cannot change mode to rwxr-xr-x: Operation not permitted
build	Cache Android SDK	2026-06-06T12:22:53.9721066Z /usr/bin/tar: ../../../../../usr/local/lib/android/sdk/platforms/android-36.1/data/res/values-mcc310-mnc230-nb: Cannot utime: Operation not permitted
build	Cache Android SDK	2026-06-06T12:22:53.9721537Z /usr/bin/tar: ../../../../../usr/local/lib/android/sdk/platforms/android-36.1/data/res/values-mcc310-mnc230-nb: Cannot change mode to rwxr-xr-x: Operation not permitted
build	Cache Android SDK	2026-06-06T12:22:53.9724680Z /usr/bin/tar: ../../../../../usr/local/lib/android/sdk/platforms/android-36.1/data/res/values-mcc310-mnc280-af: Cannot utime: Operation not permitted
build	Cache Android SDK	2026-06-06T12:22:53.9725140Z /usr/bin/tar: ../../../../../usr/local/lib/android/sdk/platforms/android-36.1/data/res/values-mcc310-mnc280-af: Cannot change mode to rwxr-xr-x: Operation not permitted
build	Cache Android SDK	2026-06-06T12:22:53.9727104Z /usr/bin/tar: ../../../../../usr/local/lib/android/sdk/platforms/android-36.1/data/res/values-mcc310-mnc800-te: Cannot utime: Operation not permitted
build	Cache Android SDK	2026-06-06T12:22:53.9728037Z /usr/bin/tar: ../../../../../usr/local/lib/android/sdk/platforms/android-36.1/data/res/values-mcc310-mnc800-te: Cannot change mode to rwxr-xr-x: Operation not permitted
build	Cache Android SDK	2026-06-06T12:22:53.9730435Z /usr/bin/tar: ../../../../../usr/local/lib/android/sdk/platforms/android-36.1/data/res/values-gl-watch: Cannot utime: Operation not permitted
build	Cache Android SDK	2026-06-06T12:22:53.9730931Z /usr/bin/tar: ../../../../../usr/local/lib/android/sdk/platforms/android-36.1/data/res/values-gl-watch: Cannot change mode to rwxr-xr-x: Operation not permitted
build	Cache Android SDK	2026-06-06T12:22:53.9748160Z /usr/bin/tar: ../../../../../usr/local/lib/android/sdk/platforms/android-36.1/data/res/values-mcc310-mnc240-hu: Cannot utime: Operation not permitted
build	Cache Android SDK	2026-06-06T12:22:53.9749317Z /usr/bin/tar: ../../../../../usr/local/lib/android/sdk/platforms/android-36.1/data/res/values-mcc310-mnc240-hu: Cannot change mode to rwxr-xr-x: Operation not permitted
build	Cache Android SDK	2026-06-06T12:22:53.9749790Z /usr/bin/tar: ../../../../../usr/local/lib/android/sdk/platforms/android-36.1/data/res/values-mcc310-mnc950-bs: Cannot utime: Operation not permitted
build	Cache Android SDK	2026-06-06T12:22:53.9750593Z /usr/bin/tar: ../../../../../usr/local/lib/android/sdk/platforms/android-36.1/data/res/values-mcc310-mnc950-bs: Cannot change mode to rwxr-xr-x: Operation not permitted
build	Cache Android SDK	2026-06-06T12:22:53.9751315Z /usr/bin/tar: ../../../../../usr/local/lib/android/sdk/platforms/android-36.1/data/res/values-bn-television: Cannot utime: Operation not permitted
build	Cache Android SDK	2026-06-06T12:22:53.9752010Z /usr/bin/tar: ../../../../../usr/local/lib/android/sdk/platforms/android-36.1/data/res/values-bn-television: Cannot change mode to rwxr-xr-x: Operation not permitted
build	Cache Android SDK	2026-06-06T12:22:53.9752501Z /usr/bin/tar: ../../../../../usr/local/lib/android/sdk/platforms/android-36.1/data/res/values-mcc310-mnc250-te: Cannot utime: Operation not permitted
build	Cache Android SDK	2026-06-06T12:22:53.9752949Z /usr/bin/tar: ../../../../../usr/local/lib/android/sdk/platforms/android-36.1/data/res/values-mcc310-mnc250-te: Cannot change mode to rwxr-xr-x: Operation not permitted
build	Cache Android SDK	2026-06-06T12:22:53.9753390Z /usr/bin/tar: ../../../../../usr/local/lib/android/sdk/platforms/android-36.1/data/res/values-mcc302-mnc720-cs: Cannot utime: Operation not permitted
build	Cache Android SDK	2026-06-06T12:22:53.9754206Z /usr/bin/tar: ../../../../../usr/local/lib/android/sdk/platforms/android-36.1/data/res/values-mcc302-mnc720-cs: Cannot change mode to rwxr-xr-x: Operation not permitted
build	Cache Android SDK	2026-06-06T12:22:53.9754926Z /usr/bin/tar: ../../../../../usr/local/lib/android/sdk/platforms/android-36.1/data/res/values-mcc310-mnc410-or: Cannot utime: Operation not permitted
build	Cache Android SDK	2026-06-06T12:22:53.9755378Z /usr/bin/tar: ../../../../../usr/local/lib/android/sdk/platforms/android-36.1/data/res/values-mcc310-mnc410-or: Cannot change mode to rwxr-xr-x: Operation not permitted
build	Cache Android SDK	2026-06-06T12:22:53.9755777Z /usr/bin/tar: ../../../../../usr/local/lib/android/sdk/platforms/android-36.1/data/res/values-mcc313-mnc100-af: Cannot utime: Operation not permitted
build	Cache Android SDK	2026-06-06T12:22:53.9756228Z /usr/bin/tar: ../../../../../usr/local/lib/android/sdk/platforms/android-36.1/data/res/values-mcc313-mnc100-af: Cannot change mode to rwxr-xr-x: Operation not permitted
build	Cache Android SDK	2026-06-06T12:22:53.9758970Z /usr/bin/tar: ../../../../../usr/local/lib/android/sdk/platforms/android-36.1/data/res/values-mcc310-mnc170-zu: Cannot utime: Operation not permitted
build	Cache Android SDK	2026-06-06T12:22:53.9759440Z /usr/bin/tar: ../../../../../usr/local/lib/android/sdk/platforms/android-36.1/data/res/values-mcc310-mnc170-zu: Cannot change mode to rwxr-xr-x: Operation not permitted
build	Cache Android SDK	2026-06-06T12:22:53.9762368Z /usr/bin/tar: ../../../../../usr/local/lib/android/sdk/platforms/android-36.1/data/res/values-mcc311-mnc180-vi: Cannot utime: Operation not permitted
build	Cache Android SDK	2026-06-06T12:22:53.9762843Z /usr/bin/tar: ../../../../../usr/local/lib/android/sdk/platforms/android-36.1/data/res/values-mcc311-mnc180-vi: Cannot change mode to rwxr-xr-x: Operation not permitted
build	Cache Android SDK	2026-06-06T12:22:53.9765305Z /usr/bin/tar: ../../../../../usr/local/lib/android/sdk/platforms/android-36.1/data/res/values-ca-television: Cannot utime: Operation not permitted
build	Cache Android SDK	2026-06-06T12:22:53.9765874Z /usr/bin/tar: ../../../../../usr/local/lib/android/sdk/platforms/android-36.1/data/res/values-ca-television: Cannot change mode to rwxr-xr-x: Operation not permitted
build	Cache Android SDK	2026-06-06T12:22:53.9768703Z /usr/bin/tar: ../../../../../usr/local/lib/android/sdk/platforms/android-36.1/data/res/values-mcc001-mnc01-pa: Cannot utime: Operation not permitted
build	Cache Android SDK	2026-06-06T12:22:53.9769170Z /usr/bin/tar: ../../../../../usr/local/lib/android/sdk/platforms/android-36.1/data/res/values-mcc001-mnc01-pa: Cannot change mode to rwxr-xr-x: Operation not permitted
build	Cache Android SDK	2026-06-06T12:22:53.9771473Z /usr/bin/tar: ../../../../../usr/local/lib/android/sdk/platforms/android-36.1/data/res/values-mcc302-mnc720-ar: Cannot utime: Operation not permitted
build	Cache Android SDK	2026-06-06T12:22:53.9772023Z /usr/bin/tar: ../../../../../usr/local/lib/android/sdk/platforms/android-36.1/data/res/values-mcc302-mnc720-ar: Cannot change mode to rwxr-xr-x: Operation not permitted
build	Cache Android SDK	2026-06-06T12:22:53.9774443Z /usr/bin/tar: ../../../../../usr/local/lib/android/sdk/platforms/android-36.1/data/res/values-mcc001-mnc01-ka: Cannot utime: Operation not permitted
build	Cache Android SDK	2026-06-06T12:22:53.9774903Z /usr/bin/tar: ../../../../../usr/local/lib/android/sdk/platforms/android-36.1/data/res/values-mcc001-mnc01-ka: Cannot change mode to rwxr-xr-x: Operation not permitted
build	Cache Android SDK	2026-06-06T12:22:53.9777940Z /usr/bin/tar: ../../../../../usr/local/lib/android/sdk/platforms/android-36.1/data/res/values-mcc310-mnc230-te: Cannot utime: Operation not permitted
build	Cache Android SDK	2026-06-06T12:22:53.9778405Z /usr/bin/tar: ../../../../../usr/local/lib/android/sdk/platforms/android-36.1/data/res/values-mcc310-mnc230-te: Cannot change mode to rwxr-xr-x: Operation not permitted
build	Cache Android SDK	2026-06-06T12:22:53.9780867Z /usr/bin/tar: ../../../../../usr/local/lib/android/sdk/platforms/android-36.1/data/res/values-mcc310-mnc030-or: Cannot utime: Operation not permitted
build	Cache Android SDK	2026-06-06T12:22:53.9781328Z /usr/bin/tar: ../../../../../usr/local/lib/android/sdk/platforms/android-36.1/data/res/values-mcc310-mnc030-or: Cannot change mode to rwxr-xr-x: Operation not permitted
build	Cache Android SDK	2026-06-06T12:22:53.9783677Z /usr/bin/tar: ../../../../../usr/local/lib/android/sdk/platforms/android-36.1/data/res/values-mcc310-mnc310-fr: Cannot utime: Operation not permitted
build	Cache Android SDK	2026-06-06T12:22:53.9784137Z /usr/bin/tar: ../../../../../usr/local/lib/android/sdk/platforms/android-36.1/data/res/values-mcc310-mnc310-fr: Cannot change mode to rwxr-xr-x: Operation not permitted
build	Cache Android SDK	2026-06-06T12:22:53.9786896Z /usr/bin/tar: ../../../../../usr/local/lib/android/sdk/platforms/android-36.1/data/res/values-mcc310-mnc210-ml: Cannot utime: Operation not permitted
build	Cache Android SDK	2026-06-06T12:22:53.9787518Z /usr/bin/tar: ../../../../../usr/local/lib/android/sdk/platforms/android-36.1/data/res/values-mcc310-mnc210-ml: Cannot change mode to rwxr-xr-x: Operation not permitted
build	Cache Android SDK	2026-06-06T12:22:53.9790390Z /usr/bin/tar: ../../../../../usr/local/lib/android/sdk/platforms/android-36.1/data/res/values-mcc310-mnc150-bg: Cannot utime: Operation not permitted
build	Cache Android SDK	2026-06-06T12:22:53.9790856Z /usr/bin/tar: ../../../../../usr/local/lib/android/sdk/platforms/android-36.1/data/res/values-mcc310-mnc150-bg: Cannot change mode to rwxr-xr-x: Operation not permitted
build	Cache Android SDK	2026-06-06T12:22:53.9800035Z /usr/bin/tar: ../../../../../usr/local/lib/android/sdk/platforms/android-36.1/data/res/values-mcc310-mnc230-ta: Cannot utime: Operation not permitted
build	Cache Android SDK	2026-06-06T12:22:53.9800584Z /usr/bin/tar: ../../../../../usr/local/lib/android/sdk/platforms/android-36.1/data/res/values-mcc310-mnc230-ta: Cannot change mode to rwxr-xr-x: Operation not permitted
build	Cache Android SDK	2026-06-06T12:22:53.9803208Z /usr/bin/tar: ../../../../../usr/local/lib/android/sdk/platforms/android-36.1/data/res/values-mcc310-mnc800-hr: Cannot utime: Operation not permitted
build	Cache Android SDK	2026-06-06T12:22:53.9803671Z /usr/bin/tar: ../../../../../usr/local/lib/android/sdk/platforms/android-36.1/data/res/values-mcc310-mnc800-hr: Cannot change mode to rwxr-xr-x: Operation not permitted
build	Cache Android SDK	2026-06-06T12:22:53.9806235Z /usr/bin/tar: ../../../../../usr/local/lib/android/sdk/platforms/android-36.1/data/res/values-mcc310-mnc240-sq: Cannot utime: Operation not permitted
build	Cache Android SDK	2026-06-06T12:22:53.9806692Z /usr/bin/tar: ../../../../../usr/local/lib/android/sdk/platforms/android-36.1/data/res/values-mcc310-mnc240-sq: Cannot change mode to rwxr-xr-x: Operation not permitted
build	Cache Android SDK	2026-06-06T12:22:53.9809520Z /usr/bin/tar: ../../../../../usr/local/lib/android/sdk/platforms/android-36.1/data/res/values-mcc311-mnc180-pt: Cannot utime: Operation not permitted
build	Cache Android SDK	2026-06-06T12:22:53.9809985Z /usr/bin/tar: ../../../../../usr/local/lib/android/sdk/platforms/android-36.1/data/res/values-mcc311-mnc180-pt: Cannot change mode to rwxr-xr-x: Operation not permitted
build	Cache Android SDK	2026-06-06T12:22:53.9812452Z /usr/bin/tar: ../../../../../usr/local/lib/android/sdk/platforms/android-36.1/data/res/values-mcc310-mnc660-hy: Cannot utime: Operation not permitted
build	Cache Android SDK	2026-06-06T12:22:53.9812996Z /usr/bin/tar: ../../../../../usr/local/lib/android/sdk/platforms/android-36.1/data/res/values-mcc310-mnc660-hy: Cannot change mode to rwxr-xr-x: Operation not permitted
build	Cache Android SDK	2026-06-06T12:22:53.9815690Z /usr/bin/tar: ../../../../../usr/local/lib/android/sdk/platforms/android-36.1/data/res/values-mcc001-mnc01: Cannot utime: Operation not permitted
build	Cache Android SDK	2026-06-06T12:22:53.9816146Z /usr/bin/tar: ../../../../../usr/local/lib/android/sdk/platforms/android-36.1/data/res/values-mcc001-mnc01: Cannot change mode to rwxr-xr-x: Operation not permitted
build	Cache Android SDK	2026-06-06T12:22:53.9818847Z /usr/bin/tar: ../../../../../usr/local/lib/android/sdk/platforms/android-36.1/data/res/values-mcc310-mnc220-sl: Cannot utime: Operation not permitted
build	Cache Android SDK	2026-06-06T12:22:53.9819318Z /usr/bin/tar: ../../../../../usr/local/lib/android/sdk/platforms/android-36.1/data/res/values-mcc310-mnc220-sl: Cannot change mode to rwxr-xr-x: Operation not permitted
build	Cache Android SDK	2026-06-06T12:22:53.9821962Z /usr/bin/tar: ../../../../../usr/local/lib/android/sdk/platforms/android-36.1/data/res/values-mcc310-mnc560-fi: Cannot utime: Operation not permitted
build	Cache Android SDK	2026-06-06T12:22:53.9822423Z /usr/bin/tar: ../../../../../usr/local/lib/android/sdk/platforms/android-36.1/data/res/values-mcc310-mnc560-fi: Cannot change mode to rwxr-xr-x: Operation not permitted
build	Cache Android SDK	2026-06-06T12:22:53.9824827Z /usr/bin/tar: ../../../../../usr/local/lib/android/sdk/platforms/android-36.1/data/res/values-mcc312-mnc670-en-rCA: Cannot utime: Operation not permitted
build	Cache Android SDK	2026-06-06T12:22:53.9825309Z /usr/bin/tar: ../../../../../usr/local/lib/android/sdk/platforms/android-36.1/data/res/values-mcc312-mnc670-en-rCA: Cannot change mode to rwxr-xr-x: Operation not permitted
build	Cache Android SDK	2026-06-06T12:22:53.9827977Z /usr/bin/tar: ../../../../../usr/local/lib/android/sdk/platforms/android-36.1/data/res/values-mcc312-mnc670-fa: Cannot utime: Operation not permitted
build	Cache Android SDK	2026-06-06T12:22:53.9828438Z /usr/bin/tar: ../../../../../usr/local/lib/android/sdk/platforms/android-36.1/data/res/values-mcc312-mnc670-fa: Cannot change mode to rwxr-xr-x: Operation not permitted
build	Cache Android SDK	2026-06-06T12:22:53.9830920Z /usr/bin/tar: ../../../../../usr/local/lib/android/sdk/platforms/android-36.1/data/res/values-mcc310-mnc230-ne: Cannot utime: Operation not permitted
build	Cache Android SDK	2026-06-06T12:22:53.9831386Z /usr/bin/tar: ../../../../../usr/local/lib/android/sdk/platforms/android-36.1/data/res/values-mcc310-mnc230-ne: Cannot change mode to rwxr-xr-x: Operation not permitted
build	Cache Android SDK	2026-06-06T12:22:53.9834138Z /usr/bin/tar: ../../../../../usr/local/lib/android/sdk/platforms/android-36.1/data/res/values-es-rCR: Cannot utime: Operation not permitted
build	Cache Android SDK	2026-06-06T12:22:53.9834574Z /usr/bin/tar: ../../../../../usr/local/lib/android/sdk/platforms/android-36.1/data/res/values-es-rCR: Cannot change mode to rwxr-xr-x: Operation not permitted
build	Cache Android SDK	2026-06-06T12:22:53.9837149Z /usr/bin/tar: ../../../../../usr/local/lib/android/sdk/platforms/android-36.1/data/res/values-mcc312-mnc670-en-rGB: Cannot utime: Operation not permitted
build	Cache Android SDK	2026-06-06T12:22:53.9837800Z /usr/bin/tar: ../../../../../usr/local/lib/android/sdk/platforms/android-36.1/data/res/values-mcc312-mnc670-en-rGB: Cannot change mode to rwxr-xr-x: Operation not permitted
build	Cache Android SDK	2026-06-06T12:22:53.9840079Z /usr/bin/tar: ../../../../../usr/local/lib/android/sdk/platforms/android-36.1/data/res/values-mcc310-mnc950-bg: Cannot utime: Operation not permitted
build	Cache Android SDK	2026-06-06T12:22:53.9840531Z /usr/bin/tar: ../../../../../usr/local/lib/android/sdk/platforms/android-36.1/data/res/values-mcc310-mnc950-bg: Cannot change mode to rwxr-xr-x: Operation not permitted
build	Cache Android SDK	2026-06-06T12:22:53.9843059Z /usr/bin/tar: ../../../../../usr/local/lib/android/sdk/platforms/android-36.1/data/res/values-mcc310-mnc210-be: Cannot utime: Operation not permitted
build	Cache Android SDK	2026-06-06T12:22:53.9843593Z /usr/bin/tar: ../../../../../usr/local/lib/android/sdk/platforms/android-36.1/data/res/values-mcc310-mnc210-be: Cannot change mode to rwxr-xr-x: Operation not permitted
build	Cache Android SDK	2026-06-06T12:22:53.9845753Z /usr/bin/tar: ../../../../../usr/local/lib/android/sdk/platforms/android-36.1/data/res/values-mcc302-mnc720-tr: Cannot utime: Operation not permitted
build	Cache Android SDK	2026-06-06T12:22:53.9846205Z /usr/bin/tar: ../../../../../usr/local/lib/android/sdk/platforms/android-36.1/data/res/values-mcc302-mnc720-tr: Cannot change mode to rwxr-xr-x: Operation not permitted
build	Cache Android SDK	2026-06-06T12:22:53.9849232Z /usr/bin/tar: ../../../../../usr/local/lib/android/sdk/platforms/android-36.1/data/res/values-mcc310-mnc240-ar: Cannot utime: Operation not permitted
build	Cache Android SDK	2026-06-06T12:22:53.9850493Z /usr/bin/tar: ../../../../../usr/local/lib/android/sdk/platforms/android-36.1/data/res/values-mcc310-mnc240-ar: Cannot change mode to rwxr-xr-x: Operation not permitted
build	Cache Android SDK	2026-06-06T12:22:53.9852234Z /usr/bin/tar: ../../../../../usr/local/lib/android/sdk/platforms/android-36.1/data/res/values-mcc310-mnc220-vi: Cannot utime: Operation not permitted
build	Cache Android SDK	2026-06-06T12:22:53.9852811Z /usr/bin/tar: ../../../../../usr/local/lib/android/sdk/platforms/android-36.1/data/res/values-mcc310-mnc220-vi: Cannot change mode to rwxr-xr-x: Operation not permitted
build	Cache Android SDK	2026-06-06T12:22:53.9854776Z /usr/bin/tar: ../../../../../usr/local/lib/android/sdk/platforms/android-36.1/data/res/values-mcc310-mnc310-ja: Cannot utime: Operation not permitted
build	Cache Android SDK	2026-06-06T12:22:53.9855252Z /usr/bin/tar: ../../../../../usr/local/lib/android/sdk/platforms/android-36.1/data/res/values-mcc310-mnc310-ja: Cannot change mode to rwxr-xr-x: Operation not permitted
build	Cache Android SDK	2026-06-06T12:22:53.9857807Z /usr/bin/tar: ../../../../../usr/local/lib/android/sdk/platforms/android-36.1/data/res/values-mcc310-mnc150-fr: Cannot utime: Operation not permitted
build	Cache Android SDK	2026-06-06T12:22:53.9858274Z /usr/bin/tar: ../../../../../usr/local/lib/android/sdk/platforms/android-36.1/data/res/values-mcc310-mnc150-fr: Cannot change mode to rwxr-xr-x: Operation not permitted
build	Cache Android SDK	2026-06-06T12:22:53.9862686Z /usr/bin/tar: ../../../../../usr/local/lib/android/sdk/platforms/android-36.1/data/res/values-mcc310-mnc280-iw: Cannot utime: Operation not permitted
build	Cache Android SDK	2026-06-06T12:22:53.9863153Z /usr/bin/tar: ../../../../../usr/local/lib/android/sdk/platforms/android-36.1/data/res/values-mcc310-mnc280-iw: Cannot change mode to rwxr-xr-x: Operation not permitted
build	Cache Android SDK	2026-06-06T12:22:53.9865954Z /usr/bin/tar: ../../../../../usr/local/lib/android/sdk/platforms/android-36.1/data/res/values-mcc310-mnc950-ar: Cannot utime: Operation not permitted
build	Cache Android SDK	2026-06-06T12:22:53.9866414Z /usr/bin/tar: ../../../../../usr/local/lib/android/sdk/platforms/android-36.1/data/res/values-mcc310-mnc950-ar: Cannot change mode to rwxr-xr-x: Operation not permitted
build	Cache Android SDK	2026-06-06T12:22:53.9869075Z /usr/bin/tar: ../../../../../usr/local/lib/android/sdk/platforms/android-36.1/data/res/values-mcc310-mnc160-gl: Cannot utime: Operation not permitted
build	Cache Android SDK	2026-06-06T12:22:53.9869527Z /usr/bin/tar: ../../../../../usr/local/lib/android/sdk/platforms/android-36.1/data/res/values-mcc310-mnc160-gl: Cannot change mode to rwxr-xr-x: Operation not permitted
build	Cache Android SDK	2026-06-06T12:22:53.9872075Z /usr/bin/tar: ../../../../../usr/local/lib/android/sdk/platforms/android-36.1/data/res/values-mcc310-mnc250-tr: Cannot utime: Operation not permitted
build	Cache Android SDK	2026-06-06T12:22:53.9872543Z /usr/bin/tar: ../../../../../usr/local/lib/android/sdk/platforms/android-36.1/data/res/values-mcc310-mnc250-tr: Cannot change mode to rwxr-xr-x: Operation not permitted
build	Cache Android SDK	2026-06-06T12:22:53.9875093Z /usr/bin/tar: ../../../../../usr/local/lib/android/sdk/platforms/android-36.1/data/res/values-mcc313-mnc100-es-rUS: Cannot utime: Operation not permitted
build	Cache Android SDK	2026-06-06T12:22:53.9875572Z /usr/bin/tar: ../../../../../usr/local/lib/android/sdk/platforms/android-36.1/data/res/values-mcc313-mnc100-es-rUS: Cannot change mode to rwxr-xr-x: Operation not permitted
build	Cache Android SDK	2026-06-06T12:22:53.9878031Z /usr/bin/tar: ../../../../../usr/local/lib/android/sdk/platforms/android-36.1/data/res/values-mcc310-mnc250-hy: Cannot utime: Operation not permitted
build	Cache Android SDK	2026-06-06T12:22:53.9878635Z /usr/bin/tar: ../../../../../usr/local/lib/android/sdk/platforms/android-36.1/data/res/values-mcc310-mnc250-hy: Cannot change mode to rwxr-xr-x: Operation not permitted
build	Cache Android SDK	2026-06-06T12:22:53.9881444Z /usr/bin/tar: ../../../../../usr/local/lib/android/sdk/platforms/android-36.1/data/res/values-mcc310-mnc950-in: Cannot utime: Operation not permitted
build	Cache Android SDK	2026-06-06T12:22:53.9881910Z /usr/bin/tar: ../../../../../usr/local/lib/android/sdk/platforms/android-36.1/data/res/values-mcc310-mnc950-in: Cannot change mode to rwxr-xr-x: Operation not permitted
build	Cache Android SDK	2026-06-06T12:22:53.9884309Z /usr/bin/tar: ../../../../../usr/local/lib/android/sdk/platforms/android-36.1/data/res/values-mcc310-mnc270-sk: Cannot utime: Operation not permitted
build	Cache Android SDK	2026-06-06T12:22:53.9884775Z /usr/bin/tar: ../../../../../usr/local/lib/android/sdk/platforms/android-36.1/data/res/values-mcc310-mnc270-sk: Cannot change mode to rwxr-xr-x: Operation not permitted
build	Cache Android SDK	2026-06-06T12:22:53.9887658Z /usr/bin/tar: ../../../../../usr/local/lib/android/sdk/platforms/android-36.1/data/res/values-mcc310-mnc230-iw: Cannot utime: Operation not permitted
build	Cache Android SDK	2026-06-06T12:22:53.9888202Z /usr/bin/tar: ../../../../../usr/local/lib/android/sdk/platforms/android-36.1/data/res/values-mcc310-mnc230-iw: Cannot change mode to rwxr-xr-x: Operation not permitted
build	Cache Android SDK	2026-06-06T12:22:53.9890412Z /usr/bin/tar: ../../../../../usr/local/lib/android/sdk/platforms/android-36.1/data/res/values-mcc310-mnc230-en-rAU: Cannot utime: Operation not permitted
build	Cache Android SDK	2026-06-06T12:22:53.9890892Z /usr/bin/tar: ../../../../../usr/local/lib/android/sdk/platforms/android-36.1/data/res/values-mcc310-mnc230-en-rAU: Cannot change mode to rwxr-xr-x: Operation not permitted
build	Cache Android SDK	2026-06-06T12:22:53.9893454Z /usr/bin/tar: ../../../../../usr/local/lib/android/sdk/platforms/android-36.1/data/res/values-ru-rRU: Cannot utime: Operation not permitted
build	Cache Android SDK	2026-06-06T12:22:53.9893878Z /usr/bin/tar: ../../../../../usr/local/lib/android/sdk/platforms/android-36.1/data/res/values-ru-rRU: Cannot change mode to rwxr-xr-x: Operation not permitted
build	Cache Android SDK	2026-06-06T12:22:53.9901235Z /usr/bin/tar: ../../../../../usr/local/lib/android/sdk/platforms/android-36.1/data/res/values-uk: Cannot utime: Operation not permitted
build	Cache Android SDK	2026-06-06T12:22:53.9901770Z /usr/bin/tar: ../../../../../usr/local/lib/android/sdk/platforms/android-36.1/data/res/values-uk: Cannot change mode to rwxr-xr-x: Operation not permitted
build	Cache Android SDK	2026-06-06T12:22:53.9904035Z /usr/bin/tar: ../../../../../usr/local/lib/android/sdk/platforms/android-36.1/data/res/values-mcc310-mnc310-sv: Cannot utime: Operation not permitted
build	Cache Android SDK	2026-06-06T12:22:53.9904502Z /usr/bin/tar: ../../../../../usr/local/lib/android/sdk/platforms/android-36.1/data/res/values-mcc310-mnc310-sv: Cannot change mode to rwxr-xr-x: Operation not permitted
build	Cache Android SDK	2026-06-06T12:22:53.9907179Z /usr/bin/tar: ../../../../../usr/local/lib/android/sdk/platforms/android-36.1/data/res/values-mcc310-mnc230-it: Cannot utime: Operation not permitted
build	Cache Android SDK	2026-06-06T12:22:53.9907806Z /usr/bin/tar: ../../../../../usr/local/lib/android/sdk/platforms/android-36.1/data/res/values-mcc310-mnc230-it: Cannot change mode to rwxr-xr-x: Operation not permitted
build	Cache Android SDK	2026-06-06T12:22:53.9910166Z /usr/bin/tar: ../../../../../usr/local/lib/android/sdk/platforms/android-36.1/data/res/values-eu-television: Cannot utime: Operation not permitted
build	Cache Android SDK	2026-06-06T12:22:53.9910628Z /usr/bin/tar: ../../../../../usr/local/lib/android/sdk/platforms/android-36.1/data/res/values-eu-television: Cannot change mode to rwxr-xr-x: Operation not permitted
build	Cache Android SDK	2026-06-06T12:22:53.9913302Z /usr/bin/tar: ../../../../../usr/local/lib/android/sdk/platforms/android-36.1/data/res/values-zh-rHK-television: Cannot utime: Operation not permitted
build	Cache Android SDK	2026-06-06T12:22:53.9913768Z /usr/bin/tar: ../../../../../usr/local/lib/android/sdk/platforms/android-36.1/data/res/values-zh-rHK-television: Cannot change mode to rwxr-xr-x: Operation not permitted
build	Cache Android SDK	2026-06-06T12:22:53.9916251Z /usr/bin/tar: ../../../../../usr/local/lib/android/sdk/platforms/android-36.1/data/res/values-mcc310-mnc490-cs: Cannot utime: Operation not permitted
build	Cache Android SDK	2026-06-06T12:22:53.9916782Z /usr/bin/tar: ../../../../../usr/local/lib/android/sdk/platforms/android-36.1/data/res/values-mcc310-mnc490-cs: Cannot change mode to rwxr-xr-x: Operation not permitted
build	Cache Android SDK	2026-06-06T12:22:53.9919942Z /usr/bin/tar: ../../../../../usr/local/lib/android/sdk/platforms/android-36.1/data/res/values-mcc310-mnc800-zh-rTW: Cannot utime: Operation not permitted
build	Cache Android SDK	2026-06-06T12:22:53.9920436Z /usr/bin/tar: ../../../../../usr/local/lib/android/sdk/platforms/android-36.1/data/res/values-mcc310-mnc800-zh-rTW: Cannot change mode to rwxr-xr-x: Operation not permitted
build	Cache Android SDK	2026-06-06T12:22:53.9922564Z /usr/bin/tar: ../../../../../usr/local/lib/android/sdk/platforms/android-36.1/data/res/values-es-rPA: Cannot utime: Operation not permitted
build	Cache Android SDK	2026-06-06T12:22:53.9922994Z /usr/bin/tar: ../../../../../usr/local/lib/android/sdk/platforms/android-36.1/data/res/values-es-rPA: Cannot change mode to rwxr-xr-x: Operation not permitted
build	Cache Android SDK	2026-06-06T12:22:53.9925516Z /usr/bin/tar: ../../../../../usr/local/lib/android/sdk/platforms/android-36.1/data/res/values-mcc001-mnc01-mk: Cannot utime: Operation not permitted
build	Cache Android SDK	2026-06-06T12:22:53.9926133Z /usr/bin/tar: ../../../../../usr/local/lib/android/sdk/platforms/android-36.1/data/res/values-mcc001-mnc01-mk: Cannot change mode to rwxr-xr-x: Operation not permitted
build	Cache Android SDK	2026-06-06T12:22:53.9929128Z /usr/bin/tar: ../../../../../usr/local/lib/android/sdk/platforms/android-36.1/data/res/values-mk-watch: Cannot utime: Operation not permitted
build	Cache Android SDK	2026-06-06T12:22:53.9929694Z /usr/bin/tar: ../../../../../usr/local/lib/android/sdk/platforms/android-36.1/data/res/values-mk-watch: Cannot change mode to rwxr-xr-x: Operation not permitted
build	Cache Android SDK	2026-06-06T12:22:53.9931796Z /usr/bin/tar: ../../../../../usr/local/lib/android/sdk/platforms/android-36.1/data/res/values-mcc310-mnc150-am: Cannot utime: Operation not permitted
build	Cache Android SDK	2026-06-06T12:22:53.9932269Z /usr/bin/tar: ../../../../../usr/local/lib/android/sdk/platforms/android-36.1/data/res/values-mcc310-mnc150-am: Cannot change mode to rwxr-xr-x: Operation not permitted
build	Cache Android SDK	2026-06-06T12:22:53.9934766Z /usr/bin/tar: ../../../../../usr/local/lib/android/sdk/platforms/android-36.1/data/res/values-mcc310-mnc250-hr: Cannot utime: Operation not permitted
build	Cache Android SDK	2026-06-06T12:22:53.9935234Z /usr/bin/tar: ../../../../../usr/local/lib/android/sdk/platforms/android-36.1/data/res/values-mcc310-mnc250-hr: Cannot change mode to rwxr-xr-x: Operation not permitted
build	Cache Android SDK	2026-06-06T12:22:53.9937900Z /usr/bin/tar: ../../../../../usr/local/lib/android/sdk/platforms/android-36.1/data/res/values-mcc334-mnc020-fr: Cannot utime: Operation not permitted
build	Cache Android SDK	2026-06-06T12:22:53.9938363Z /usr/bin/tar: ../../../../../usr/local/lib/android/sdk/platforms/android-36.1/data/res/values-mcc334-mnc020-fr: Cannot change mode to rwxr-xr-x: Operation not permitted
build	Cache Android SDK	2026-06-06T12:22:53.9940780Z /usr/bin/tar: ../../../../../usr/local/lib/android/sdk/platforms/android-36.1/data/res/values-mcc310-mnc220-uk: Cannot utime: Operation not permitted
build	Cache Android SDK	2026-06-06T12:22:53.9941244Z /usr/bin/tar: ../../../../../usr/local/lib/android/sdk/platforms/android-36.1/data/res/values-mcc310-mnc220-uk: Cannot change mode to rwxr-xr-x: Operation not permitted
build	Cache Android SDK	2026-06-06T12:22:53.9944650Z /usr/bin/tar: ../../../../../usr/local/lib/android/sdk/platforms/android-36.1/data/res/values-mcc313-mnc100-te: Cannot utime: Operation not permitted
build	Cache Android SDK	2026-06-06T12:22:53.9946115Z /usr/bin/tar: ../../../../../usr/local/lib/android/sdk/platforms/android-36.1/data/res/values-mcc313-mnc100-te: Cannot change mode to rwxr-xr-x: Operation not permitted
build	Cache Android SDK	2026-06-06T12:22:53.9948230Z /usr/bin/tar: ../../../../../usr/local/lib/android/sdk/platforms/android-36.1/data/res/values-si-watch: Cannot utime: Operation not permitted
build	Cache Android SDK	2026-06-06T12:22:53.9949159Z /usr/bin/tar: ../../../../../usr/local/lib/android/sdk/platforms/android-36.1/data/res/values-si-watch: Cannot change mode to rwxr-xr-x: Operation not permitted
build	Cache Android SDK	2026-06-06T12:22:53.9955351Z /usr/bin/tar: ../../../../../usr/local/lib/android/sdk/platforms/android-36.1/data/res/values-mcc310-mnc270-lo: Cannot utime: Operation not permitted
build	Cache Android SDK	2026-06-06T12:22:53.9956433Z /usr/bin/tar: ../../../../../usr/local/lib/android/sdk/platforms/android-36.1/data/res/values-mcc310-mnc270-lo: Cannot change mode to rwxr-xr-x: Operation not permitted
build	Cache Android SDK	2026-06-06T12:22:53.9957745Z /usr/bin/tar: ../../../../../usr/local/lib/android/sdk/platforms/android-36.1/data/res/values-mcc310-mnc170-km: Cannot utime: Operation not permitted
build	Cache Android SDK	2026-06-06T12:22:53.9959188Z /usr/bin/tar: ../../../../../usr/local/lib/android/sdk/platforms/android-36.1/data/res/values-mcc310-mnc170-km: Cannot change mode to rwxr-xr-x: Operation not permitted
build	Cache Android SDK	2026-06-06T12:22:53.9960118Z /usr/bin/tar: ../../../../../usr/local/lib/android/sdk/platforms/android-36.1/data/res/values-mcc310-mnc660-af: Cannot utime: Operation not permitted
build	Cache Android SDK	2026-06-06T12:22:53.9961381Z /usr/bin/tar: ../../../../../usr/local/lib/android/sdk/platforms/android-36.1/data/res/values-mcc310-mnc660-af: Cannot change mode to rwxr-xr-x: Operation not permitted
build	Cache Android SDK	2026-06-06T12:22:53.9962664Z /usr/bin/tar: ../../../../../usr/local/lib/android/sdk/platforms/android-36.1/data/res/values-mcc001-mnc01-it: Cannot utime: Operation not permitted
build	Cache Android SDK	2026-06-06T12:22:53.9963649Z /usr/bin/tar: ../../../../../usr/local/lib/android/sdk/platforms/android-36.1/data/res/values-mcc001-mnc01-it: Cannot change mode to rwxr-xr-x: Operation not permitted
build	Cache Android SDK	2026-06-06T12:22:53.9966081Z /usr/bin/tar: ../../../../../usr/local/lib/android/sdk/platforms/android-36.1/data/res/values-mcc310-mnc280-th: Cannot utime: Operation not permitted
build	Cache Android SDK	2026-06-06T12:22:53.9967025Z /usr/bin/tar: ../../../../../usr/local/lib/android/sdk/platforms/android-36.1/data/res/values-mcc310-mnc280-th: Cannot change mode to rwxr-xr-x: Operation not permitted
build	Cache Android SDK	2026-06-06T12:22:53.9969414Z /usr/bin/tar: ../../../../../usr/local/lib/android/sdk/platforms/android-36.1/data/res/values-mcc310-mnc380-mk: Cannot utime: Operation not permitted
build	Cache Android SDK	2026-06-06T12:22:53.9970388Z /usr/bin/tar: ../../../../../usr/local/lib/android/sdk/platforms/android-36.1/data/res/values-mcc310-mnc380-mk: Cannot change mode to rwxr-xr-x: Operation not permitted
build	Cache Android SDK	2026-06-06T12:22:53.9972565Z /usr/bin/tar: ../../../../../usr/local/lib/android/sdk/platforms/android-36.1/data/res/values-mcc310-mnc250-is: Cannot utime: Operation not permitted
build	Cache Android SDK	2026-06-06T12:22:53.9973501Z /usr/bin/tar: ../../../../../usr/local/lib/android/sdk/platforms/android-36.1/data/res/values-mcc310-mnc250-is: Cannot change mode to rwxr-xr-x: Operation not permitted
build	Cache Android SDK	2026-06-06T12:22:53.9976037Z /usr/bin/tar: ../../../../../usr/local/lib/android/sdk/platforms/android-36.1/data/res/values-th-rTH: Cannot utime: Operation not permitted
build	Cache Android SDK	2026-06-06T12:22:53.9976907Z /usr/bin/tar: ../../../../../usr/local/lib/android/sdk/platforms/android-36.1/data/res/values-th-rTH: Cannot change mode to rwxr-xr-x: Operation not permitted
build	Cache Android SDK	2026-06-06T12:22:53.9979408Z /usr/bin/tar: ../../../../../usr/local/lib/android/sdk/platforms/android-36.1/data/res/values-mcc310-mnc560-ml: Cannot utime: Operation not permitted
build	Cache Android SDK	2026-06-06T12:22:53.9980351Z /usr/bin/tar: ../../../../../usr/local/lib/android/sdk/platforms/android-36.1/data/res/values-mcc310-mnc560-ml: Cannot change mode to rwxr-xr-x: Operation not permitted
build	Cache Android SDK	2026-06-06T12:22:53.9983381Z /usr/bin/tar: ../../../../../usr/local/lib/android/sdk/platforms/android-36.1/data/res/values-mcc310-mnc210-th: Cannot utime: Operation not permitted
build	Cache Android SDK	2026-06-06T12:22:53.9984321Z /usr/bin/tar: ../../../../../usr/local/lib/android/sdk/platforms/android-36.1/data/res/values-mcc310-mnc210-th: Cannot change mode to rwxr-xr-x: Operation not permitted
build	Cache Android SDK	2026-06-06T12:22:53.9987140Z /usr/bin/tar: ../../../../../usr/local/lib/android/sdk/platforms/android-36.1/data/res/values-mcc310-mnc380-sr: Cannot utime: Operation not permitted
build	Cache Android SDK	2026-06-06T12:22:53.9988267Z /usr/bin/tar: ../../../../../usr/local/lib/android/sdk/platforms/android-36.1/data/res/values-mcc310-mnc380-sr: Cannot change mode to rwxr-xr-x: Operation not permitted
build	Cache Android SDK	2026-06-06T12:22:53.9990204Z /usr/bin/tar: ../../../../../usr/local/lib/android/sdk/platforms/android-36.1/data/res/values-mcc310-mnc410-et: Cannot utime: Operation not permitted
build	Cache Android SDK	2026-06-06T12:22:53.9991225Z /usr/bin/tar: ../../../../../usr/local/lib/android/sdk/platforms/android-36.1/data/res/values-mcc310-mnc410-et: Cannot change mode to rwxr-xr-x: Operation not permitted
build	Cache Android SDK	2026-06-06T12:22:53.9993759Z /usr/bin/tar: ../../../../../usr/local/lib/android/sdk/platforms/android-36.1/data/res/values-mcc310-mnc380-uz: Cannot utime: Operation not permitted
build	Cache Android SDK	2026-06-06T12:22:53.9994696Z /usr/bin/tar: ../../../../../usr/local/lib/android/sdk/platforms/android-36.1/data/res/values-mcc310-mnc380-uz: Cannot change mode to rwxr-xr-x: Operation not permitted
build	Cache Android SDK	2026-06-06T12:22:53.9996910Z /usr/bin/tar: ../../../../../usr/local/lib/android/sdk/platforms/android-36.1/data/res/values-mcc311-mnc180-gu: Cannot utime: Operation not permitted
build	Cache Android SDK	2026-06-06T12:22:53.9998002Z /usr/bin/tar: ../../../../../usr/local/lib/android/sdk/platforms/android-36.1/data/res/values-mcc311-mnc180-gu: Cannot change mode to rwxr-xr-x: Operation not permitted
build	Cache Android SDK	2026-06-06T12:22:54.0000493Z /usr/bin/tar: ../../../../../usr/local/lib/android/sdk/platforms/android-36.1/data/res/values-mcc311-mnc180-is: Cannot utime: Operation not permitted
build	Cache Android SDK	2026-06-06T12:22:54.0001592Z /usr/bin/tar: ../../../../../usr/local/lib/android/sdk/platforms/android-36.1/data/res/values-mcc311-mnc180-is: Cannot change mode to rwxr-xr-x: Operation not permitted
build	Cache Android SDK	2026-06-06T12:22:54.0003696Z /usr/bin/tar: ../../../../../usr/local/lib/android/sdk/platforms/android-36.1/data/res/values-mcc312-mnc670-ml: Cannot utime: Operation not permitted
build	Cache Android SDK	2026-06-06T12:22:54.0004640Z /usr/bin/tar: ../../../../../usr/local/lib/android/sdk/platforms/android-36.1/data/res/values-mcc312-mnc670-ml: Cannot change mode to rwxr-xr-x: Operation not permitted
build	Cache Android SDK	2026-06-06T12:22:54.0006481Z /usr/bin/tar: ../../../../../usr/local/lib/android/sdk/platforms/android-36.1/data/res/values-mcc310-mnc170-sr: Cannot utime: Operation not permitted
build	Cache Android SDK	2026-06-06T12:22:54.0007581Z /usr/bin/tar: ../../../../../usr/local/lib/android/sdk/platforms/android-36.1/data/res/values-mcc310-mnc170-sr: Cannot change mode to rwxr-xr-x: Operation not permitted
build	Cache Android SDK	2026-06-06T12:22:54.0010252Z /usr/bin/tar: ../../../../../usr/local/lib/android/sdk/platforms/android-36.1/data/res/values-mcc311: Cannot utime: Operation not permitted
build	Cache Android SDK	2026-06-06T12:22:54.0011164Z /usr/bin/tar: ../../../../../usr/local/lib/android/sdk/platforms/android-36.1/data/res/values-mcc311: Cannot change mode to rwxr-xr-x: Operation not permitted
build	Cache Android SDK	2026-06-06T12:22:54.0013307Z /usr/bin/tar: ../../../../../usr/local/lib/android/sdk/platforms/android-36.1/data/res/values-es-watch: Cannot utime: Operation not permitted
build	Cache Android SDK	2026-06-06T12:22:54.0014215Z /usr/bin/tar: ../../../../../usr/local/lib/android/sdk/platforms/android-36.1/data/res/values-es-watch: Cannot change mode to rwxr-xr-x: Operation not permitted
build	Cache Android SDK	2026-06-06T12:22:54.0155123Z /usr/bin/tar: ../../../../../usr/local/lib/android/sdk/platforms/android-36.1/data/res/layout: Cannot utime: Operation not permitted
build	Cache Android SDK	2026-06-06T12:22:54.0156110Z /usr/bin/tar: ../../../../../usr/local/lib/android/sdk/platforms/android-36.1/data/res/layout: Cannot change mode to rwxr-xr-x: Operation not permitted
build	Cache Android SDK	2026-06-06T12:22:54.0157799Z /usr/bin/tar: ../../../../../usr/local/lib/android/sdk/platforms/android-36.1/data/res/values-mcc311-mnc180-zh-rCN: Cannot utime: Operation not permitted
build	Cache Android SDK	2026-06-06T12:22:54.0159469Z /usr/bin/tar: ../../../../../usr/local/lib/android/sdk/platforms/android-36.1/data/res/values-mcc311-mnc180-zh-rCN: Cannot change mode to rwxr-xr-x: Operation not permitted
build	Cache Android SDK	2026-06-06T12:22:54.0161167Z /usr/bin/tar: ../../../../../usr/local/lib/android/sdk/platforms/android-36.1/data/res/values-mcc310-mnc150-hi: Cannot utime: Operation not permitted
build	Cache Android SDK	2026-06-06T12:22:54.0162097Z /usr/bin/tar: ../../../../../usr/local/lib/android/sdk/platforms/android-36.1/data/res/values-mcc310-mnc150-hi: Cannot change mode to rwxr-xr-x: Operation not permitted
build	Cache Android SDK	2026-06-06T12:22:54.0164570Z /usr/bin/tar: ../../../../../usr/local/lib/android/sdk/platforms/android-36.1/data/res/values-mcc310-mnc490-it: Cannot utime: Operation not permitted
build	Cache Android SDK	2026-06-06T12:22:54.0165687Z /usr/bin/tar: ../../../../../usr/local/lib/android/sdk/platforms/android-36.1/data/res/values-mcc310-mnc490-it: Cannot change mode to rwxr-xr-x: Operation not permitted
build	Cache Android SDK	2026-06-06T12:22:54.0167550Z /usr/bin/tar: ../../../../../usr/local/lib/android/sdk/platforms/android-36.1/data/res/values-mcc334-mnc020-ru: Cannot utime: Operation not permitted
build	Cache Android SDK	2026-06-06T12:22:54.0168483Z /usr/bin/tar: ../../../../../usr/local/lib/android/sdk/platforms/android-36.1/data/res/values-mcc334-mnc020-ru: Cannot change mode to rwxr-xr-x: Operation not permitted
build	Cache Android SDK	2026-06-06T12:22:54.0171021Z /usr/bin/tar: ../../../../../usr/local/lib/android/sdk/platforms/android-36.1/data/res/values-mcc310-mnc280-ta: Cannot utime: Operation not permitted
build	Cache Android SDK	2026-06-06T12:22:54.0171986Z /usr/bin/tar: ../../../../../usr/local/lib/android/sdk/platforms/android-36.1/data/res/values-mcc310-mnc280-ta: Cannot change mode to rwxr-xr-x: Operation not permitted
build	Cache Android SDK	2026-06-06T12:22:54.0174704Z /usr/bin/tar: ../../../../../usr/local/lib/android/sdk/platforms/android-36.1/data/res/values-ne-watch: Cannot utime: Operation not permitted
build	Cache Android SDK	2026-06-06T12:22:54.0175875Z /usr/bin/tar: ../../../../../usr/local/lib/android/sdk/platforms/android-36.1/data/res/values-ne-watch: Cannot change mode to rwxr-xr-x: Operation not permitted
build	Cache Android SDK	2026-06-06T12:22:54.0177328Z /usr/bin/tar: ../../../../../usr/local/lib/android/sdk/platforms/android-36.1/data/res/values-mcc310-mnc200-ml: Cannot utime: Operation not permitted
build	Cache Android SDK	2026-06-06T12:22:54.0178606Z /usr/bin/tar: ../../../../../usr/local/lib/android/sdk/platforms/android-36.1/data/res/values-mcc310-mnc200-ml: Cannot change mode to rwxr-xr-x: Operation not permitted
build	Cache Android SDK	2026-06-06T12:22:54.0180269Z /usr/bin/tar: ../../../../../usr/local/lib/android/sdk/platforms/android-36.1/data/res/values-mcc310-mnc280-nb: Cannot utime: Operation not permitted
build	Cache Android SDK	2026-06-06T12:22:54.0181278Z /usr/bin/tar: ../../../../../usr/local/lib/android/sdk/platforms/android-36.1/data/res/values-mcc310-mnc280-nb: Cannot change mode to rwxr-xr-x: Operation not permitted
build	Cache Android SDK	2026-06-06T12:22:54.0183005Z /usr/bin/tar: ../../../../../usr/local/lib/android/sdk/platforms/android-36.1/data/res/values-mcc302-mnc370-pt-rPT: Cannot utime: Operation not permitted
build	Cache Android SDK	2026-06-06T12:22:54.0183966Z /usr/bin/tar: ../../../../../usr/local/lib/android/sdk/platforms/android-36.1/data/res/values-mcc302-mnc370-pt-rPT: Cannot change mode to rwxr-xr-x: Operation not permitted
build	Cache Android SDK	2026-06-06T12:22:54.0214234Z /usr/bin/tar: ../../../../../usr/local/lib/android/sdk/platforms/android-36.1/data/res/drawable-sw600dp-nodpi: Cannot utime: Operation not permitted
build	Cache Android SDK	2026-06-06T12:22:54.0215630Z /usr/bin/tar: ../../../../../usr/local/lib/android/sdk/platforms/android-36.1/data/res/drawable-sw600dp-nodpi: Cannot change mode to rwxr-xr-x: Operation not permitted
build	Cache Android SDK	2026-06-06T12:22:54.0217597Z /usr/bin/tar: ../../../../../usr/local/lib/android/sdk/platforms/android-36.1/data/res/values-mcc310-mnc490-mr: Cannot utime: Operation not permitted
build	Cache Android SDK	2026-06-06T12:22:54.0219235Z /usr/bin/tar: ../../../../../usr/local/lib/android/sdk/platforms/android-36.1/data/res/values-mcc310-mnc490-mr: Cannot change mode to rwxr-xr-x: Operation not permitted
build	Cache Android SDK	2026-06-06T12:22:54.0220327Z /usr/bin/tar: ../../../../../usr/local/lib/android/sdk/platforms/android-36.1/data/res/values-mcc310-mnc200-ms: Cannot utime: Operation not permitted
build	Cache Android SDK	2026-06-06T12:22:54.0221852Z /usr/bin/tar: ../../../../../usr/local/lib/android/sdk/platforms/android-36.1/data/res/values-mcc310-mnc200-ms: Cannot change mode to rwxr-xr-x: Operation not permitted
build	Cache Android SDK	2026-06-06T12:22:54.0223639Z /usr/bin/tar: ../../../../../usr/local/lib/android/sdk/platforms/android-36.1/data/res/values-mcc313-mnc100-fa: Cannot utime: Operation not permitted
build	Cache Android SDK	2026-06-06T12:22:54.0224895Z /usr/bin/tar: ../../../../../usr/local/lib/android/sdk/platforms/android-36.1/data/res/values-mcc313-mnc100-fa: Cannot change mode to rwxr-xr-x: Operation not permitted
build	Cache Android SDK	2026-06-06T12:22:54.0226059Z /usr/bin/tar: ../../../../../usr/local/lib/android/sdk/platforms/android-36.1/data/res/values-mcc310-mnc490-bs: Cannot utime: Operation not permitted
build	Cache Android SDK	2026-06-06T12:22:54.0227217Z /usr/bin/tar: ../../../../../usr/local/lib/android/sdk/platforms/android-36.1/data/res/values-mcc310-mnc490-bs: Cannot change mode to rwxr-xr-x: Operation not permitted
build	Cache Android SDK	2026-06-06T12:22:54.0229079Z /usr/bin/tar: ../../../../../usr/local/lib/android/sdk/platforms/android-36.1/data/res/values-sw900dp: Cannot utime: Operation not permitted
build	Cache Android SDK	2026-06-06T12:22:54.0230237Z /usr/bin/tar: ../../../../../usr/local/lib/android/sdk/platforms/android-36.1/data/res/values-sw900dp: Cannot change mode to rwxr-xr-x: Operation not permitted
build	Cache Android SDK	2026-06-06T12:22:54.0231885Z /usr/bin/tar: ../../../../../usr/local/lib/android/sdk/platforms/android-36.1/data/res/values-mcc302-mnc720-mn: Cannot utime: Operation not permitted
build	Cache Android SDK	2026-06-06T12:22:54.0233295Z /usr/bin/tar: ../../../../../usr/local/lib/android/sdk/platforms/android-36.1/data/res/values-mcc302-mnc720-mn: Cannot change mode to rwxr-xr-x: Operation not permitted
build	Cache Android SDK	2026-06-06T12:22:54.0235004Z /usr/bin/tar: ../../../../../usr/local/lib/android/sdk/platforms/android-36.1/data/res/values-mcc302-mnc720-or: Cannot utime: Operation not permitted
build	Cache Android SDK	2026-06-06T12:22:54.0236488Z /usr/bin/tar: ../../../../../usr/local/lib/android/sdk/platforms/android-36.1/data/res/values-mcc302-mnc720-or: Cannot change mode to rwxr-xr-x: Operation not permitted
build	Cache Android SDK	2026-06-06T12:22:54.0240355Z /usr/bin/tar: ../../../../../usr/local/lib/android/sdk/platforms/android-36.1/data/res/values-mcc310-mnc220-es: Cannot utime: Operation not permitted
build	Cache Android SDK	2026-06-06T12:22:54.0241986Z /usr/bin/tar: ../../../../../usr/local/lib/android/sdk/platforms/android-36.1/data/res/values-mcc310-mnc220-es: Cannot change mode to rwxr-xr-x: Operation not permitted
build	Cache Android SDK	2026-06-06T12:22:54.0243514Z /usr/bin/tar: ../../../../../usr/local/lib/android/sdk/platforms/android-36.1/data/res/values-mcc310-mnc410-da: Cannot utime: Operation not permitted
build	Cache Android SDK	2026-06-06T12:22:54.0245034Z /usr/bin/tar: ../../../../../usr/local/lib/android/sdk/platforms/android-36.1/data/res/values-mcc310-mnc410-da: Cannot change mode to rwxr-xr-x: Operation not permitted
build	Cache Android SDK	2026-06-06T12:22:54.0246544Z /usr/bin/tar: ../../../../../usr/local/lib/android/sdk/platforms/android-36.1/data/res/values-mcc310-mnc030-iw: Cannot utime: Operation not permitted
build	Cache Android SDK	2026-06-06T12:22:54.0248151Z /usr/bin/tar: ../../../../../usr/local/lib/android/sdk/platforms/android-36.1/data/res/values-mcc310-mnc030-iw: Cannot change mode to rwxr-xr-x: Operation not permitted
build	Cache Android SDK	2026-06-06T12:22:54.0249736Z /usr/bin/tar: ../../../../../usr/local/lib/android/sdk/platforms/android-36.1/data/res/values-mcc312-mnc670-as: Cannot utime: Operation not permitted
build	Cache Android SDK	2026-06-06T12:22:54.0251222Z /usr/bin/tar: ../../../../../usr/local/lib/android/sdk/platforms/android-36.1/data/res/values-mcc312-mnc670-as: Cannot change mode to rwxr-xr-x: Operation not permitted
build	Cache Android SDK	2026-06-06T12:22:54.0252870Z /usr/bin/tar: ../../../../../usr/local/lib/android/sdk/platforms/android-36.1/data/res/values-mcc310-mnc150-ms: Cannot utime: Operation not permitted
build	Cache Android SDK	2026-06-06T12:22:54.0254243Z /usr/bin/tar: ../../../../../usr/local/lib/android/sdk/platforms/android-36.1/data/res/values-mcc310-mnc150-ms: Cannot change mode to rwxr-xr-x: Operation not permitted
build	Cache Android SDK	2026-06-06T12:22:54.0255776Z /usr/bin/tar: ../../../../../usr/local/lib/android/sdk/platforms/android-36.1/data/res/values-mcc214-mnc01: Cannot utime: Operation not permitted
build	Cache Android SDK	2026-06-06T12:22:54.0257534Z /usr/bin/tar: ../../../../../usr/local/lib/android/sdk/platforms/android-36.1/data/res/values-mcc214-mnc01: Cannot change mode to rwxr-xr-x: Operation not permitted
build	Cache Android SDK	2026-06-06T12:22:54.0259149Z /usr/bin/tar: ../../../../../usr/local/lib/android/sdk/platforms/android-36.1/data/res/values-ro-watch: Cannot utime: Operation not permitted
build	Cache Android SDK	2026-06-06T12:22:54.0260568Z /usr/bin/tar: ../../../../../usr/local/lib/android/sdk/platforms/android-36.1/data/res/values-ro-watch: Cannot change mode to rwxr-xr-x: Operation not permitted
build	Cache Android SDK	2026-06-06T12:22:54.0261746Z /usr/bin/tar: ../../../../../usr/local/lib/android/sdk/platforms/android-36.1/data/res/values-mcc334-mnc020-bg: Cannot utime: Operation not permitted
build	Cache Android SDK	2026-06-06T12:22:54.0263640Z /usr/bin/tar: ../../../../../usr/local/lib/android/sdk/platforms/android-36.1/data/res/values-mcc334-mnc020-bg: Cannot change mode to rwxr-xr-x: Operation not permitted
build	Cache Android SDK	2026-06-06T12:22:54.0265192Z /usr/bin/tar: ../../../../../usr/local/lib/android/sdk/platforms/android-36.1/data/res/values-mcc001-mnc01-pt: Cannot utime: Operation not permitted
build	Cache Android SDK	2026-06-06T12:22:54.0266763Z /usr/bin/tar: ../../../../../usr/local/lib/android/sdk/platforms/android-36.1/data/res/values-mcc001-mnc01-pt: Cannot change mode to rwxr-xr-x: Operation not permitted
build	Cache Android SDK	2026-06-06T12:22:54.0268138Z /usr/bin/tar: ../../../../../usr/local/lib/android/sdk/platforms/android-36.1/data/res/values-mcc310-mnc280-pt-rBR: Cannot utime: Operation not permitted
build	Cache Android SDK	2026-06-06T12:22:54.0269984Z /usr/bin/tar: ../../../../../usr/local/lib/android/sdk/platforms/android-36.1/data/res/values-mcc310-mnc280-pt-rBR: Cannot change mode to rwxr-xr-x: Operation not permitted
build	Cache Android SDK	2026-06-06T12:22:54.0271241Z /usr/bin/tar: ../../../../../usr/local/lib/android/sdk/platforms/android-36.1/data/res/values-mcc310-mnc170-uk: Cannot utime: Operation not permitted
build	Cache Android SDK	2026-06-06T12:22:54.0273095Z /usr/bin/tar: ../../../../../usr/local/lib/android/sdk/platforms/android-36.1/data/res/values-mcc310-mnc170-uk: Cannot change mode to rwxr-xr-x: Operation not permitted
build	Cache Android SDK	2026-06-06T12:22:54.0274849Z /usr/bin/tar: ../../../../../usr/local/lib/android/sdk/platforms/android-36.1/data/res/values-mcc302-mnc370-lv: Cannot utime: Operation not permitted
build	Cache Android SDK	2026-06-06T12:22:54.0276152Z /usr/bin/tar: ../../../../../usr/local/lib/android/sdk/platforms/android-36.1/data/res/values-mcc302-mnc370-lv: Cannot change mode to rwxr-xr-x: Operation not permitted
build	Cache Android SDK	2026-06-06T12:22:54.0277259Z /usr/bin/tar: ../../../../../usr/local/lib/android/sdk/platforms/android-36.1/data/res/values-mcc310-mnc160-vi: Cannot utime: Operation not permitted
build	Cache Android SDK	2026-06-06T12:22:54.0279059Z /usr/bin/tar: ../../../../../usr/local/lib/android/sdk/platforms/android-36.1/data/res/values-mcc310-mnc160-vi: Cannot change mode to rwxr-xr-x: Operation not permitted
build	Cache Android SDK	2026-06-06T12:22:54.0282556Z /usr/bin/tar: ../../../../../usr/local/lib/android/sdk/platforms/android-36.1/data/res/values-kk: Cannot utime: Operation not permitted
build	Cache Android SDK	2026-06-06T12:22:54.0283500Z /usr/bin/tar: ../../../../../usr/local/lib/android/sdk/platforms/android-36.1/data/res/values-kk: Cannot change mode to rwxr-xr-x: Operation not permitted
build	Cache Android SDK	2026-06-06T12:22:54.0286547Z /usr/bin/tar: ../../../../../usr/local/lib/android/sdk/platforms/android-36.1/data/res/values-mcc310-mnc560-sl: Cannot utime: Operation not permitted
build	Cache Android SDK	2026-06-06T12:22:54.0287702Z /usr/bin/tar: ../../../../../usr/local/lib/android/sdk/platforms/android-36.1/data/res/values-mcc310-mnc560-sl: Cannot change mode to rwxr-xr-x: Operation not permitted
build	Cache Android SDK	2026-06-06T12:22:54.0290427Z /usr/bin/tar: ../../../../../usr/local/lib/android/sdk/platforms/android-36.1/data/res/values-zh-rTW-watch: Cannot utime: Operation not permitted
build	Cache Android SDK	2026-06-06T12:22:54.0291370Z /usr/bin/tar: ../../../../../usr/local/lib/android/sdk/platforms/android-36.1/data/res/values-zh-rTW-watch: Cannot change mode to rwxr-xr-x: Operation not permitted
build	Cache Android SDK	2026-06-06T12:22:54.0293949Z /usr/bin/tar: ../../../../../usr/local/lib/android/sdk/platforms/android-36.1/data/res/values-mcc001-mnc01-ta: Cannot utime: Operation not permitted
build	Cache Android SDK	2026-06-06T12:22:54.0295003Z /usr/bin/tar: ../../../../../usr/local/lib/android/sdk/platforms/android-36.1/data/res/values-mcc001-mnc01-ta: Cannot change mode to rwxr-xr-x: Operation not permitted
build	Cache Android SDK	2026-06-06T12:22:54.0298645Z /usr/bin/tar: ../../../../../usr/local/lib/android/sdk/platforms/android-36.1/data/res/values-large: Cannot utime: Operation not permitted
build	Cache Android SDK	2026-06-06T12:22:54.0299519Z /usr/bin/tar: ../../../../../usr/local/lib/android/sdk/platforms/android-36.1/data/res/values-large: Cannot change mode to rwxr-xr-x: Operation not permitted
build	Cache Android SDK	2026-06-06T12:22:54.0303462Z /usr/bin/tar: ../../../../../usr/local/lib/android/sdk/platforms/android-36.1/data/res/values-es-television: Cannot utime: Operation not permitted
build	Cache Android SDK	2026-06-06T12:22:54.0304461Z /usr/bin/tar: ../../../../../usr/local/lib/android/sdk/platforms/android-36.1/data/res/values-es-television: Cannot change mode to rwxr-xr-x: Operation not permitted
build	Cache Android SDK	2026-06-06T12:22:54.0306745Z /usr/bin/tar: ../../../../../usr/local/lib/android/sdk/platforms/android-36.1/data/res/values-mcc310-mnc200-hy: Cannot utime: Operation not permitted
build	Cache Android SDK	2026-06-06T12:22:54.0307873Z /usr/bin/tar: ../../../../../usr/local/lib/android/sdk/platforms/android-36.1/data/res/values-mcc310-mnc200-hy: Cannot change mode to rwxr-xr-x: Operation not permitted
build	Cache Android SDK	2026-06-06T12:22:54.0310644Z /usr/bin/tar: ../../../../../usr/local/lib/android/sdk/platforms/android-36.1/data/res/values-mcc310-mnc800-sq: Cannot utime: Operation not permitted
build	Cache Android SDK	2026-06-06T12:22:54.0311568Z /usr/bin/tar: ../../../../../usr/local/lib/android/sdk/platforms/android-36.1/data/res/values-mcc310-mnc800-sq: Cannot change mode to rwxr-xr-x: Operation not permitted
build	Cache Android SDK	2026-06-06T12:22:54.0313897Z /usr/bin/tar: ../../../../../usr/local/lib/android/sdk/platforms/android-36.1/data/res/values-mcc302-mnc720-ko: Cannot utime: Operation not permitted
build	Cache Android SDK	2026-06-06T12:22:54.0314901Z /usr/bin/tar: ../../../../../usr/local/lib/android/sdk/platforms/android-36.1/data/res/values-mcc302-mnc720-ko: Cannot change mode to rwxr-xr-x: Operation not permitted
build	Cache Android SDK	2026-06-06T12:22:54.0317084Z /usr/bin/tar: ../../../../../usr/local/lib/android/sdk/platforms/android-36.1/data/res/values-mcc310-mnc240-ca: Cannot utime: Operation not permitted
build	Cache Android SDK	2026-06-06T12:22:54.0318183Z /usr/bin/tar: ../../../../../usr/local/lib/android/sdk/platforms/android-36.1/data/res/values-mcc310-mnc240-ca: Cannot change mode to rwxr-xr-x: Operation not permitted
build	Cache Android SDK	2026-06-06T12:22:54.0321147Z /usr/bin/tar: ../../../../../usr/local/lib/android/sdk/platforms/android-36.1/data/res/values-mcc310-mnc170-fr-rCA: Cannot utime: Operation not permitted
build	Cache Android SDK	2026-06-06T12:22:54.0322117Z /usr/bin/tar: ../../../../../usr/local/lib/android/sdk/platforms/android-36.1/data/res/values-mcc310-mnc170-fr-rCA: Cannot change mode to rwxr-xr-x: Operation not permitted
build	Cache Android SDK	2026-06-06T12:22:54.0324618Z /usr/bin/tar: ../../../../../usr/local/lib/android/sdk/platforms/android-36.1/data/res/values-mcc310-mnc230-el: Cannot utime: Operation not permitted
build	Cache Android SDK	2026-06-06T12:22:54.0325557Z /usr/bin/tar: ../../../../../usr/local/lib/android/sdk/platforms/android-36.1/data/res/values-mcc310-mnc230-el: Cannot change mode to rwxr-xr-x: Operation not permitted
build	Cache Android SDK	2026-06-06T12:22:54.0328131Z /usr/bin/tar: ../../../../../usr/local/lib/android/sdk/platforms/android-36.1/data/res/values-mcc310-mnc210-tl: Cannot utime: Operation not permitted
build	Cache Android SDK	2026-06-06T12:22:54.0329070Z /usr/bin/tar: ../../../../../usr/local/lib/android/sdk/platforms/android-36.1/data/res/values-mcc310-mnc210-tl: Cannot change mode to rwxr-xr-x: Operation not permitted
build	Cache Android SDK	2026-06-06T12:22:54.0337319Z /usr/bin/tar: ../../../../../usr/local/lib/android/sdk/platforms/android-36.1/data/res/values-mcc302-mnc720-fr-rCA: Cannot utime: Operation not permitted
build	Cache Android SDK	2026-06-06T12:22:54.0338721Z /usr/bin/tar: ../../../../../usr/local/lib/android/sdk/platforms/android-36.1/data/res/values-mcc302-mnc720-fr-rCA: Cannot change mode to rwxr-xr-x: Operation not permitted
build	Cache Android SDK	2026-06-06T12:22:54.0341947Z /usr/bin/tar: ../../../../../usr/local/lib/android/sdk/platforms/android-36.1/data/res/values-mcc310-mnc030-as: Cannot utime: Operation not permitted
build	Cache Android SDK	2026-06-06T12:22:54.0343813Z /usr/bin/tar: ../../../../../usr/local/lib/android/sdk/platforms/android-36.1/data/res/values-mcc310-mnc030-as: Cannot change mode to rwxr-xr-x: Operation not permitted
build	Cache Android SDK	2026-06-06T12:22:54.0345202Z /usr/bin/tar: ../../../../../usr/local/lib/android/sdk/platforms/android-36.1/data/res/values-mcc001-mnc01-ru: Cannot utime: Operation not permitted
build	Cache Android SDK	2026-06-06T12:22:54.0346141Z /usr/bin/tar: ../../../../../usr/local/lib/android/sdk/platforms/android-36.1/data/res/values-mcc001-mnc01-ru: Cannot change mode to rwxr-xr-x: Operation not permitted
build	Cache Android SDK	2026-06-06T12:22:54.0348348Z /usr/bin/tar: ../../../../../usr/local/lib/android/sdk/platforms/android-36.1/data/res/values-be-television: Cannot utime: Operation not permitted
build	Cache Android SDK	2026-06-06T12:22:54.0349302Z /usr/bin/tar: ../../../../../usr/local/lib/android/sdk/platforms/android-36.1/data/res/values-be-television: Cannot change mode to rwxr-xr-x: Operation not permitted
build	Cache Android SDK	2026-06-06T12:22:54.0352448Z /usr/bin/tar: ../../../../../usr/local/lib/android/sdk/platforms/android-36.1/data/res/values-mcc334-mnc020-si: Cannot utime: Operation not permitted
build	Cache Android SDK	2026-06-06T12:22:54.0353401Z /usr/bin/tar: ../../../../../usr/local/lib/android/sdk/platforms/android-36.1/data/res/values-mcc334-mnc020-si: Cannot change mode to rwxr-xr-x: Operation not permitted
build	Cache Android SDK	2026-06-06T12:22:54.0355673Z /usr/bin/tar: ../../../../../usr/local/lib/android/sdk/platforms/android-36.1/data/res/values-mcc302-mnc370-am: Cannot utime: Operation not permitted
build	Cache Android SDK	2026-06-06T12:22:54.0356628Z /usr/bin/tar: ../../../../../usr/local/lib/android/sdk/platforms/android-36.1/data/res/values-mcc302-mnc370-am: Cannot change mode to rwxr-xr-x: Operation not permitted
build	Cache Android SDK	2026-06-06T12:22:54.0359840Z /usr/bin/tar: ../../../../../usr/local/lib/android/sdk/platforms/android-36.1/data/res/values-mcc310-mnc240-ro: Cannot utime: Operation not permitted
build	Cache Android SDK	2026-06-06T12:22:54.0360887Z /usr/bin/tar: ../../../../../usr/local/lib/android/sdk/platforms/android-36.1/data/res/values-mcc310-mnc240-ro: Cannot change mode to rwxr-xr-x: Operation not permitted
build	Cache Android SDK	2026-06-06T12:22:54.0363025Z /usr/bin/tar: ../../../../../usr/local/lib/android/sdk/platforms/android-36.1/data/res/values-mcc334-mnc020-ar: Cannot utime: Operation not permitted
build	Cache Android SDK	2026-06-06T12:22:54.0363972Z /usr/bin/tar: ../../../../../usr/local/lib/android/sdk/platforms/android-36.1/data/res/values-mcc334-mnc020-ar: Cannot change mode to rwxr-xr-x: Operation not permitted
build	Cache Android SDK	2026-06-06T12:22:54.0366328Z /usr/bin/tar: ../../../../../usr/local/lib/android/sdk/platforms/android-36.1/data/res/values-mcc310-mnc560-az: Cannot utime: Operation not permitted
build	Cache Android SDK	2026-06-06T12:22:54.0367278Z /usr/bin/tar: ../../../../../usr/local/lib/android/sdk/platforms/android-36.1/data/res/values-mcc310-mnc560-az: Cannot change mode to rwxr-xr-x: Operation not permitted
build	Cache Android SDK	2026-06-06T12:22:54.0369779Z /usr/bin/tar: ../../../../../usr/local/lib/android/sdk/platforms/android-36.1/data/res/values-mcc310-mnc210-ja: Cannot utime: Operation not permitted
build	Cache Android SDK	2026-06-06T12:22:54.0370711Z /usr/bin/tar: ../../../../../usr/local/lib/android/sdk/platforms/android-36.1/data/res/values-mcc310-mnc210-ja: Cannot change mode to rwxr-xr-x: Operation not permitted
build	Cache Android SDK	2026-06-06T12:22:54.0373244Z /usr/bin/tar: ../../../../../usr/local/lib/android/sdk/platforms/android-36.1/data/res/values-mcc310-mnc280-ja: Cannot utime: Operation not permitted
build	Cache Android SDK	2026-06-06T12:22:54.0374175Z /usr/bin/tar: ../../../../../usr/local/lib/android/sdk/platforms/android-36.1/data/res/values-mcc310-mnc280-ja: Cannot change mode to rwxr-xr-x: Operation not permitted
build	Cache Android SDK	2026-06-06T12:22:54.0376245Z /usr/bin/tar: ../../../../../usr/local/lib/android/sdk/platforms/android-36.1/data/res/values-pl-watch: Cannot utime: Operation not permitted
build	Cache Android SDK	2026-06-06T12:22:54.0377156Z /usr/bin/tar: ../../../../../usr/local/lib/android/sdk/platforms/android-36.1/data/res/values-pl-watch: Cannot change mode to rwxr-xr-x: Operation not permitted
build	Cache Android SDK	2026-06-06T12:22:54.0379703Z /usr/bin/tar: ../../../../../usr/local/lib/android/sdk/platforms/android-36.1/data/res/values-mcc302-mnc370-sl: Cannot utime: Operation not permitted
build	Cache Android SDK	2026-06-06T12:22:54.0380730Z /usr/bin/tar: ../../../../../usr/local/lib/android/sdk/platforms/android-36.1/data/res/values-mcc302-mnc370-sl: Cannot change mode to rwxr-xr-x: Operation not permitted
build	Cache Android SDK	2026-06-06T12:22:54.0383261Z /usr/bin/tar: ../../../../../usr/local/lib/android/sdk/platforms/android-36.1/data/res/values-mcc310-mnc950-ru: Cannot utime: Operation not permitted
build	Cache Android SDK	2026-06-06T12:22:54.0384191Z /usr/bin/tar: ../../../../../usr/local/lib/android/sdk/platforms/android-36.1/data/res/values-mcc310-mnc950-ru: Cannot change mode to rwxr-xr-x: Operation not permitted
build	Cache Android SDK	2026-06-06T12:22:54.0386656Z /usr/bin/tar: ../../../../../usr/local/lib/android/sdk/platforms/android-36.1/data/res/values-mcc310-mnc220-my: Cannot utime: Operation not permitted
build	Cache Android SDK	2026-06-06T12:22:54.0387830Z /usr/bin/tar: ../../../../../usr/local/lib/android/sdk/platforms/android-36.1/data/res/values-mcc310-mnc220-my: Cannot change mode to rwxr-xr-x: Operation not permitted
build	Cache Android SDK	2026-06-06T12:22:54.0390395Z /usr/bin/tar: ../../../../../usr/local/lib/android/sdk/platforms/android-36.1/data/res/values-mcc310-mnc240-bs: Cannot utime: Operation not permitted
build	Cache Android SDK	2026-06-06T12:22:54.0391357Z /usr/bin/tar: ../../../../../usr/local/lib/android/sdk/platforms/android-36.1/data/res/values-mcc310-mnc240-bs: Cannot change mode to rwxr-xr-x: Operation not permitted
build	Cache Android SDK	2026-06-06T12:22:54.0399693Z /usr/bin/tar: ../../../../../usr/local/lib/android/sdk/platforms/android-36.1/data/res/values-el: Cannot utime: Operation not permitted
build	Cache Android SDK	2026-06-06T12:22:54.0400856Z /usr/bin/tar: ../../../../../usr/local/lib/android/sdk/platforms/android-36.1/data/res/values-el: Cannot change mode to rwxr-xr-x: Operation not permitted
build	Cache Android SDK	2026-06-06T12:22:54.0402465Z /usr/bin/tar: ../../../../../usr/local/lib/android/sdk/platforms/android-36.1/data/res/values-mcc310-mnc800-kk: Cannot utime: Operation not permitted
build	Cache Android SDK	2026-06-06T12:22:54.0403504Z /usr/bin/tar: ../../../../../usr/local/lib/android/sdk/platforms/android-36.1/data/res/values-mcc310-mnc800-kk: Cannot change mode to rwxr-xr-x: Operation not permitted
build	Cache Android SDK	2026-06-06T12:22:54.0406650Z /usr/bin/tar: ../../../../../usr/local/lib/android/sdk/platforms/android-36.1/data/res/values-mcc310-mnc160-hu: Cannot utime: Operation not permitted
build	Cache Android SDK	2026-06-06T12:22:54.0407799Z /usr/bin/tar: ../../../../../usr/local/lib/android/sdk/platforms/android-36.1/data/res/values-mcc310-mnc160-hu: Cannot change mode to rwxr-xr-x: Operation not permitted
build	Cache Android SDK	2026-06-06T12:22:54.0409569Z /usr/bin/tar: ../../../../../usr/local/lib/android/sdk/platforms/android-36.1/data/res/values-mcc310-mnc170-lt: Cannot utime: Operation not permitted
build	Cache Android SDK	2026-06-06T12:22:54.0410497Z /usr/bin/tar: ../../../../../usr/local/lib/android/sdk/platforms/android-36.1/data/res/values-mcc310-mnc170-lt: Cannot change mode to rwxr-xr-x: Operation not permitted
build	Cache Android SDK	2026-06-06T12:22:54.0413800Z /usr/bin/tar: ../../../../../usr/local/lib/android/sdk/platforms/android-36.1/data/res/values-ca-rES: Cannot utime: Operation not permitted
build	Cache Android SDK	2026-06-06T12:22:54.0414722Z /usr/bin/tar: ../../../../../usr/local/lib/android/sdk/platforms/android-36.1/data/res/values-ca-rES: Cannot change mode to rwxr-xr-x: Operation not permitted
build	Cache Android SDK	2026-06-06T12:22:54.0423355Z /usr/bin/tar: ../../../../../usr/local/lib/android/sdk/platforms/android-36.1/data/res/drawable-car: Cannot utime: Operation not permitted
build	Cache Android SDK	2026-06-06T12:22:54.0424455Z /usr/bin/tar: ../../../../../usr/local/lib/android/sdk/platforms/android-36.1/data/res/drawable-car: Cannot change mode to rwxr-xr-x: Operation not permitted
build	Cache Android SDK	2026-06-06T12:22:54.0427028Z /usr/bin/tar: ../../../../../usr/local/lib/android/sdk/platforms/android-36.1/data/res/values-mcc310-mnc310-et: Cannot utime: Operation not permitted
build	Cache Android SDK	2026-06-06T12:22:54.0428347Z /usr/bin/tar: ../../../../../usr/local/lib/android/sdk/platforms/android-36.1/data/res/values-mcc310-mnc310-et: Cannot change mode to rwxr-xr-x: Operation not permitted
build	Cache Android SDK	2026-06-06T12:22:54.0430690Z /usr/bin/tar: ../../../../../usr/local/lib/android/sdk/platforms/android-36.1/data/res/values-mcc310-mnc560-mr: Cannot utime: Operation not permitted
build	Cache Android SDK	2026-06-06T12:22:54.0431718Z /usr/bin/tar: ../../../../../usr/local/lib/android/sdk/platforms/android-36.1/data/res/values-mcc310-mnc560-mr: Cannot change mode to rwxr-xr-x: Operation not permitted
build	Cache Android SDK	2026-06-06T12:22:54.0434388Z /usr/bin/tar: ../../../../../usr/local/lib/android/sdk/platforms/android-36.1/data/res/values-mcc310-mnc150-pt-rPT: Cannot utime: Operation not permitted
build	Cache Android SDK	2026-06-06T12:22:54.0435369Z /usr/bin/tar: ../../../../../usr/local/lib/android/sdk/platforms/android-36.1/data/res/values-mcc310-mnc150-pt-rPT: Cannot change mode to rwxr-xr-x: Operation not permitted
build	Cache Android SDK	2026-06-06T12:22:54.0438244Z /usr/bin/tar: ../../../../../usr/local/lib/android/sdk/platforms/android-36.1/data/res/values-mcc310-mnc800-mn: Cannot utime: Operation not permitted
build	Cache Android SDK	2026-06-06T12:22:54.0439294Z /usr/bin/tar: ../../../../../usr/local/lib/android/sdk/platforms/android-36.1/data/res/values-mcc310-mnc800-mn: Cannot change mode to rwxr-xr-x: Operation not permitted
build	Cache Android SDK	2026-06-06T12:22:54.0441611Z /usr/bin/tar: ../../../../../usr/local/lib/android/sdk/platforms/android-36.1/data/res/values-km-watch: Cannot utime: Operation not permitted
build	Cache Android SDK	2026-06-06T12:22:54.0442521Z /usr/bin/tar: ../../../../../usr/local/lib/android/sdk/platforms/android-36.1/data/res/values-km-watch: Cannot change mode to rwxr-xr-x: Operation not permitted
build	Cache Android SDK	2026-06-06T12:22:54.0445469Z /usr/bin/tar: ../../../../../usr/local/lib/android/sdk/platforms/android-36.1/data/res/values-en-rGB-television: Cannot utime: Operation not permitted
build	Cache Android SDK	2026-06-06T12:22:54.0446414Z /usr/bin/tar: ../../../../../usr/local/lib/android/sdk/platforms/android-36.1/data/res/values-en-rGB-television: Cannot change mode to rwxr-xr-x: Operation not permitted
build	Cache Android SDK	2026-06-06T12:22:54.0449262Z /usr/bin/tar: ../../../../../usr/local/lib/android/sdk/platforms/android-36.1/data/res/values-mcc334-mnc020-mn: Cannot utime: Operation not permitted
build	Cache Android SDK	2026-06-06T12:22:54.0450283Z /usr/bin/tar: ../../../../../usr/local/lib/android/sdk/platforms/android-36.1/data/res/values-mcc334-mnc020-mn: Cannot change mode to rwxr-xr-x: Operation not permitted
build	Cache Android SDK	2026-06-06T12:22:54.0452842Z /usr/bin/tar: ../../../../../usr/local/lib/android/sdk/platforms/android-36.1/data/res/values-mcc001-mnc01-lv: Cannot utime: Operation not permitted
build	Cache Android SDK	2026-06-06T12:22:54.0453777Z /usr/bin/tar: ../../../../../usr/local/lib/android/sdk/platforms/android-36.1/data/res/values-mcc001-mnc01-lv: Cannot change mode to rwxr-xr-x: Operation not permitted
build	Cache Android SDK	2026-06-06T12:22:54.0456022Z /usr/bin/tar: ../../../../../usr/local/lib/android/sdk/platforms/android-36.1/data/res/values-mcc310-mnc170-hi: Cannot utime: Operation not permitted
build	Cache Android SDK	2026-06-06T12:22:54.0456976Z /usr/bin/tar: ../../../../../usr/local/lib/android/sdk/platforms/android-36.1/data/res/values-mcc310-mnc170-hi: Cannot change mode to rwxr-xr-x: Operation not permitted
build	Cache Android SDK	2026-06-06T12:22:54.0460089Z /usr/bin/tar: ../../../../../usr/local/lib/android/sdk/platforms/android-36.1/data/res/values-mcc310-mnc800-ro: Cannot utime: Operation not permitted
build	Cache Android SDK	2026-06-06T12:22:54.0461037Z /usr/bin/tar: ../../../../../usr/local/lib/android/sdk/platforms/android-36.1/data/res/values-mcc310-mnc800-ro: Cannot change mode to rwxr-xr-x: Operation not permitted
build	Cache Android SDK	2026-06-06T12:22:54.0463361Z /usr/bin/tar: ../../../../../usr/local/lib/android/sdk/platforms/android-36.1/data/res/values-mcc310-mnc270-km: Cannot utime: Operation not permitted
build	Cache Android SDK	2026-06-06T12:22:54.0464286Z /usr/bin/tar: ../../../../../usr/local/lib/android/sdk/platforms/android-36.1/data/res/values-mcc310-mnc270-km: Cannot change mode to rwxr-xr-x: Operation not permitted
build	Cache Android SDK	2026-06-06T12:22:54.0466667Z /usr/bin/tar: ../../../../../usr/local/lib/android/sdk/platforms/android-36.1/data/res/values-mcc310-mnc160-ml: Cannot utime: Operation not permitted
build	Cache Android SDK	2026-06-06T12:22:54.0467779Z /usr/bin/tar: ../../../../../usr/local/lib/android/sdk/platforms/android-36.1/data/res/values-mcc310-mnc160-ml: Cannot change mode to rwxr-xr-x: Operation not permitted
build	Cache Android SDK	2026-06-06T12:22:54.0470195Z /usr/bin/tar: ../../../../../usr/local/lib/android/sdk/platforms/android-36.1/data/res/values-mcc310-mnc270-es-rUS: Cannot utime: Operation not permitted
build	Cache Android SDK	2026-06-06T12:22:54.0471258Z /usr/bin/tar: ../../../../../usr/local/lib/android/sdk/platforms/android-36.1/data/res/values-mcc310-mnc270-es-rUS: Cannot change mode to rwxr-xr-x: Operation not permitted
build	Cache Android SDK	2026-06-06T12:22:54.0473246Z /usr/bin/tar: ../../../../../usr/local/lib/android/sdk/platforms/android-36.1/data/res/values-es-rEC: Cannot utime: Operation not permitted
build	Cache Android SDK	2026-06-06T12:22:54.0474130Z /usr/bin/tar: ../../../../../usr/local/lib/android/sdk/platforms/android-36.1/data/res/values-es-rEC: Cannot change mode to rwxr-xr-x: Operation not permitted
build	Cache Android SDK	2026-06-06T12:22:54.0476956Z /usr/bin/tar: ../../../../../usr/local/lib/android/sdk/platforms/android-36.1/data/res/values-mcc311-mnc180-zu: Cannot utime: Operation not permitted
build	Cache Android SDK	2026-06-06T12:22:54.0478113Z /usr/bin/tar: ../../../../../usr/local/lib/android/sdk/platforms/android-36.1/data/res/values-mcc311-mnc180-zu: Cannot change mode to rwxr-xr-x: Operation not permitted
build	Cache Android SDK	2026-06-06T12:22:54.0481072Z /usr/bin/tar: ../../../../../usr/local/lib/android/sdk/platforms/android-36.1/data/res/values-mcc310-mnc240-hi: Cannot utime: Operation not permitted
build	Cache Android SDK	2026-06-06T12:22:54.0482087Z /usr/bin/tar: ../../../../../usr/local/lib/android/sdk/platforms/android-36.1/data/res/values-mcc310-mnc240-hi: Cannot change mode to rwxr-xr-x: Operation not permitted
build	Cache Android SDK	2026-06-06T12:22:54.0485621Z /usr/bin/tar: ../../../../../usr/local/lib/android/sdk/platforms/android-36.1/data/res/values-mcc334-mnc020-kk: Cannot utime: Operation not permitted
build	Cache Android SDK	2026-06-06T12:22:54.0486680Z /usr/bin/tar: ../../../../../usr/local/lib/android/sdk/platforms/android-36.1/data/res/values-mcc334-mnc020-kk: Cannot change mode to rwxr-xr-x: Operation not permitted
build	Cache Android SDK	2026-06-06T12:22:54.0488593Z /usr/bin/tar: ../../../../../usr/local/lib/android/sdk/platforms/android-36.1/data/res/values-mcc310-mnc240-in: Cannot utime: Operation not permitted
build	Cache Android SDK	2026-06-06T12:22:54.0489543Z /usr/bin/tar: ../../../../../usr/local/lib/android/sdk/platforms/android-36.1/data/res/values-mcc310-mnc240-in: Cannot change mode to rwxr-xr-x: Operation not permitted
build	Cache Android SDK	2026-06-06T12:22:54.0495398Z /usr/bin/tar: ../../../../../usr/local/lib/android/sdk/platforms/android-36.1/data/res/values-et: Cannot utime: Operation not permitted
build	Cache Android SDK	2026-06-06T12:22:54.0496472Z /usr/bin/tar: ../../../../../usr/local/lib/android/sdk/platforms/android-36.1/data/res/values-et: Cannot change mode to rwxr-xr-x: Operation not permitted
build	Cache Android SDK	2026-06-06T12:22:54.0499662Z /usr/bin/tar: ../../../../../usr/local/lib/android/sdk/platforms/android-36.1/data/res/values-mcc310-mnc220-da: Cannot utime: Operation not permitted
build	Cache Android SDK	2026-06-06T12:22:54.0500887Z /usr/bin/tar: ../../../../../usr/local/lib/android/sdk/platforms/android-36.1/data/res/values-mcc310-mnc220-da: Cannot change mode to rwxr-xr-x: Operation not permitted
build	Cache Android SDK	2026-06-06T12:22:54.0503588Z /usr/bin/tar: ../../../../../usr/local/lib/android/sdk/platforms/android-36.1/data/res/values-mcc310-mnc280-en-rGB: Cannot utime: Operation not permitted
build	Cache Android SDK	2026-06-06T12:22:54.0504572Z /usr/bin/tar: ../../../../../usr/local/lib/android/sdk/platforms/android-36.1/data/res/values-mcc310-mnc280-en-rGB: Cannot change mode to rwxr-xr-x: Operation not permitted
build	Cache Android SDK	2026-06-06T12:22:54.0508532Z /usr/bin/tar: ../../../../../usr/local/lib/android/sdk/platforms/android-36.1/data/res/layout-land: Cannot utime: Operation not permitted
build	Cache Android SDK	2026-06-06T12:22:54.0509407Z /usr/bin/tar: ../../../../../usr/local/lib/android/sdk/platforms/android-36.1/data/res/layout-land: Cannot change mode to rwxr-xr-x: Operation not permitted
build	Cache Android SDK	2026-06-06T12:22:54.0511717Z /usr/bin/tar: ../../../../../usr/local/lib/android/sdk/platforms/android-36.1/data/res/values-mcc310-mnc380-km: Cannot utime: Operation not permitted
build	Cache Android SDK	2026-06-06T12:22:54.0512668Z /usr/bin/tar: ../../../../../usr/local/lib/android/sdk/platforms/android-36.1/data/res/values-mcc310-mnc380-km: Cannot change mode to rwxr-xr-x: Operation not permitted
build	Cache Android SDK	2026-06-06T12:22:54.0515171Z /usr/bin/tar: ../../../../../usr/local/lib/android/sdk/platforms/android-36.1/data/res/values-mcc310-mnc270-da: Cannot utime: Operation not permitted
build	Cache Android SDK	2026-06-06T12:22:54.0516228Z /usr/bin/tar: ../../../../../usr/local/lib/android/sdk/platforms/android-36.1/data/res/values-mcc310-mnc270-da: Cannot change mode to rwxr-xr-x: Operation not permitted
build	Cache Android SDK	2026-06-06T12:22:54.0518940Z /usr/bin/tar: ../../../../../usr/local/lib/android/sdk/platforms/android-36.1/data/res/values-mcc310-mnc660-my: Cannot utime: Operation not permitted
build	Cache Android SDK	2026-06-06T12:22:54.0519881Z /usr/bin/tar: ../../../../../usr/local/lib/android/sdk/platforms/android-36.1/data/res/values-mcc310-mnc660-my: Cannot change mode to rwxr-xr-x: Operation not permitted
build	Cache Android SDK	2026-06-06T12:22:54.0522183Z /usr/bin/tar: ../../../../../usr/local/lib/android/sdk/platforms/android-36.1/data/res/values-mcc310-mnc280-et: Cannot utime: Operation not permitted
build	Cache Android SDK	2026-06-06T12:22:54.0523206Z /usr/bin/tar: ../../../../../usr/local/lib/android/sdk/platforms/android-36.1/data/res/values-mcc310-mnc280-et: Cannot change mode to rwxr-xr-x: Operation not permitted
build	Cache Android SDK	2026-06-06T12:22:54.0526706Z /usr/bin/tar: ../../../../../usr/local/lib/android/sdk/platforms/android-36.1/data/res/values-mcc310-mnc380-sv: Cannot utime: Operation not permitted
build	Cache Android SDK	2026-06-06T12:22:54.0527955Z /usr/bin/tar: ../../../../../usr/local/lib/android/sdk/platforms/android-36.1/data/res/values-mcc310-mnc380-sv: Cannot change mode to rwxr-xr-x: Operation not permitted
build	Cache Android SDK	2026-06-06T12:22:54.0530212Z /usr/bin/tar: ../../../../../usr/local/lib/android/sdk/platforms/android-36.1/data/res/values-mcc310-mnc250-be: Cannot utime: Operation not permitted
build	Cache Android SDK	2026-06-06T12:22:54.0531155Z /usr/bin/tar: ../../../../../usr/local/lib/android/sdk/platforms/android-36.1/data/res/values-mcc310-mnc250-be: Cannot change mode to rwxr-xr-x: Operation not permitted
build	Cache Android SDK	2026-06-06T12:22:54.0533711Z /usr/bin/tar: ../../../../../usr/local/lib/android/sdk/platforms/android-36.1/data/res/values-mcc310-mnc270-sq: Cannot utime: Operation not permitted
build	Cache Android SDK	2026-06-06T12:22:54.0534662Z /usr/bin/tar: ../../../../../usr/local/lib/android/sdk/platforms/android-36.1/data/res/values-mcc310-mnc270-sq: Cannot change mode to rwxr-xr-x: Operation not permitted
build	Cache Android SDK	2026-06-06T12:22:54.0537128Z /usr/bin/tar: ../../../../../usr/local/lib/android/sdk/platforms/android-36.1/data/res/values-mcc312-mnc670-km: Cannot utime: Operation not permitted
build	Cache Android SDK	2026-06-06T12:22:54.0538226Z /usr/bin/tar: ../../../../../usr/local/lib/android/sdk/platforms/android-36.1/data/res/values-mcc312-mnc670-km: Cannot change mode to rwxr-xr-x: Operation not permitted
build	Cache Android SDK	2026-06-06T12:22:54.0540740Z /usr/bin/tar: ../../../../../usr/local/lib/android/sdk/platforms/android-36.1/data/res/values-mcc310-mnc230-ur: Cannot utime: Operation not permitted
build	Cache Android SDK	2026-06-06T12:22:54.0541675Z /usr/bin/tar: ../../../../../usr/local/lib/android/sdk/platforms/android-36.1/data/res/values-mcc310-mnc230-ur: Cannot change mode to rwxr-xr-x: Operation not permitted
build	Cache Android SDK	2026-06-06T12:22:54.0543745Z /usr/bin/tar: ../../../../../usr/local/lib/android/sdk/platforms/android-36.1/data/res/drawable-w228dp: Cannot utime: Operation not permitted
build	Cache Android SDK	2026-06-06T12:22:54.0544659Z /usr/bin/tar: ../../../../../usr/local/lib/android/sdk/platforms/android-36.1/data/res/drawable-w228dp: Cannot change mode to rwxr-xr-x: Operation not permitted
build	Cache Android SDK	2026-06-06T12:22:54.0550556Z /usr/bin/tar: ../../../../../usr/local/lib/android/sdk/platforms/android-36.1/data/res/values-mcc310-mnc950-mk: Cannot utime: Operation not permitted
build	Cache Android SDK	2026-06-06T12:22:54.0551506Z /usr/bin/tar: ../../../../../usr/local/lib/android/sdk/platforms/android-36.1/data/res/values-mcc310-mnc950-mk: Cannot change mode to rwxr-xr-x: Operation not permitted
build	Cache Android SDK	2026-06-06T12:22:54.0553746Z /usr/bin/tar: ../../../../../usr/local/lib/android/sdk/platforms/android-36.1/data/res/values-mcc310-mnc030-fr: Cannot utime: Operation not permitted
build	Cache Android SDK	2026-06-06T12:22:54.0554728Z /usr/bin/tar: ../../../../../usr/local/lib/android/sdk/platforms/android-36.1/data/res/values-mcc310-mnc030-fr: Cannot change mode to rwxr-xr-x: Operation not permitted
build	Cache Android SDK	2026-06-06T12:22:54.0557543Z /usr/bin/tar: ../../../../../usr/local/lib/android/sdk/platforms/android-36.1/data/res/values-mcc310-mnc490-az: Cannot utime: Operation not permitted
build	Cache Android SDK	2026-06-06T12:22:54.0558662Z /usr/bin/tar: ../../../../../usr/local/lib/android/sdk/platforms/android-36.1/data/res/values-mcc310-mnc490-az: Cannot change mode to rwxr-xr-x: Operation not permitted
build	Cache Android SDK	2026-06-06T12:22:54.0561387Z /usr/bin/tar: ../../../../../usr/local/lib/android/sdk/platforms/android-36.1/data/res/values-mcc310-mnc200-es: Cannot utime: Operation not permitted
build	Cache Android SDK	2026-06-06T12:22:54.0562404Z /usr/bin/tar: ../../../../../usr/local/lib/android/sdk/platforms/android-36.1/data/res/values-mcc310-mnc200-es: Cannot change mode to rwxr-xr-x: Operation not permitted
build	Cache Android SDK	2026-06-06T12:22:54.0564295Z /usr/bin/tar: ../../../../../usr/local/lib/android/sdk/platforms/android-36.1/data/res/values-mcc310-mnc250-mk: Cannot utime: Operation not permitted
build	Cache Android SDK	2026-06-06T12:22:54.0565449Z /usr/bin/tar: ../../../../../usr/local/lib/android/sdk/platforms/android-36.1/data/res/values-mcc310-mnc250-mk: Cannot change mode to rwxr-xr-x: Operation not permitted
build	Cache Android SDK	2026-06-06T12:22:54.0568324Z /usr/bin/tar: ../../../../../usr/local/lib/android/sdk/platforms/android-36.1/data/res/values-nb-rNO: Cannot utime: Operation not permitted
build	Cache Android SDK	2026-06-06T12:22:54.0569382Z /usr/bin/tar: ../../../../../usr/local/lib/android/sdk/platforms/android-36.1/data/res/values-nb-rNO: Cannot change mode to rwxr-xr-x: Operation not permitted
build	Cache Android SDK	2026-06-06T12:22:54.0571122Z /usr/bin/tar: ../../../../../usr/local/lib/android/sdk/platforms/android-36.1/data/res/values-mcc310-mnc950-my: Cannot utime: Operation not permitted
build	Cache Android SDK	2026-06-06T12:22:54.0572331Z /usr/bin/tar: ../../../../../usr/local/lib/android/sdk/platforms/android-36.1/data/res/values-mcc310-mnc950-my: Cannot change mode to rwxr-xr-x: Operation not permitted
build	Cache Android SDK	2026-06-06T12:22:54.0574692Z /usr/bin/tar: ../../../../../usr/local/lib/android/sdk/platforms/android-36.1/data/res/values-mcc001-mnc01-lo: Cannot utime: Operation not permitted
build	Cache Android SDK	2026-06-06T12:22:54.0575832Z /usr/bin/tar: ../../../../../usr/local/lib/android/sdk/platforms/android-36.1/data/res/values-mcc001-mnc01-lo: Cannot change mode to rwxr-xr-x: Operation not permitted
build	Cache Android SDK	2026-06-06T12:22:54.0577938Z /usr/bin/tar: ../../../../../usr/local/lib/android/sdk/platforms/android-36.1/data/res/values-mcc302-mnc370-ta: Cannot utime: Operation not permitted
build	Cache Android SDK	2026-06-06T12:22:54.0578956Z /usr/bin/tar: ../../../../../usr/local/lib/android/sdk/platforms/android-36.1/data/res/values-mcc302-mnc370-ta: Cannot change mode to rwxr-xr-x: Operation not permitted
build	Cache Android SDK	2026-06-06T12:22:54.0581064Z /usr/bin/tar: ../../../../../usr/local/lib/android/sdk/platforms/android-36.1/data/res/values-mcc310-mnc220-pt: Cannot utime: Operation not permitted
build	Cache Android SDK	2026-06-06T12:22:54.0582029Z /usr/bin/tar: ../../../../../usr/local/lib/android/sdk/platforms/android-36.1/data/res/values-mcc310-mnc220-pt: Cannot change mode to rwxr-xr-x: Operation not permitted
build	Cache Android SDK	2026-06-06T12:22:54.0584344Z /usr/bin/tar: ../../../../../usr/local/lib/android/sdk/platforms/android-36.1/data/res/values-w213dp-round-watch: Cannot utime: Operation not permitted
build	Cache Android SDK	2026-06-06T12:22:54.0585395Z /usr/bin/tar: ../../../../../usr/local/lib/android/sdk/platforms/android-36.1/data/res/values-w213dp-round-watch: Cannot change mode to rwxr-xr-x: Operation not permitted
build	Cache Android SDK	2026-06-06T12:22:54.0587153Z /usr/bin/tar: ../../../../../usr/local/lib/android/sdk/platforms/android-36.1/data/res/values-mcc310-mnc800-bg: Cannot utime: Operation not permitted
build	Cache Android SDK	2026-06-06T12:22:54.0588293Z /usr/bin/tar: ../../../../../usr/local/lib/android/sdk/platforms/android-36.1/data/res/values-mcc310-mnc800-bg: Cannot change mode to rwxr-xr-x: Operation not permitted
build	Cache Android SDK	2026-06-06T12:22:54.0590082Z /usr/bin/tar: ../../../../../usr/local/lib/android/sdk/platforms/android-36.1/data/res/values-rm-rCH: Cannot utime: Operation not permitted
build	Cache Android SDK	2026-06-06T12:22:54.0591002Z /usr/bin/tar: ../../../../../usr/local/lib/android/sdk/platforms/android-36.1/data/res/values-rm-rCH: Cannot change mode to rwxr-xr-x: Operation not permitted
build	Cache Android SDK	2026-06-06T12:22:54.0593425Z /usr/bin/tar: ../../../../../usr/local/lib/android/sdk/platforms/android-36.1/data/res/values-mcc310-mnc270-af: Cannot utime: Operation not permitted
build	Cache Android SDK	2026-06-06T12:22:54.0594550Z /usr/bin/tar: ../../../../../usr/local/lib/android/sdk/platforms/android-36.1/data/res/values-mcc310-mnc270-af: Cannot change mode to rwxr-xr-x: Operation not permitted
build	Cache Android SDK	2026-06-06T12:22:54.0596832Z /usr/bin/tar: ../../../../../usr/local/lib/android/sdk/platforms/android-36.1/data/res/values-mcc310-mnc270-gu: Cannot utime: Operation not permitted
build	Cache Android SDK	2026-06-06T12:22:54.0598017Z /usr/bin/tar: ../../../../../usr/local/lib/android/sdk/platforms/android-36.1/data/res/values-mcc310-mnc270-gu: Cannot change mode to rwxr-xr-x: Operation not permitted
build	Cache Android SDK	2026-06-06T12:22:54.0600889Z /usr/bin/tar: ../../../../../usr/local/lib/android/sdk/platforms/android-36.1/data/res/values-mcc310-mnc380-en-rCA: Cannot utime: Operation not permitted
build	Cache Android SDK	2026-06-06T12:22:54.0602159Z /usr/bin/tar: ../../../../../usr/local/lib/android/sdk/platforms/android-36.1/data/res/values-mcc310-mnc380-en-rCA: Cannot change mode to rwxr-xr-x: Operation not permitted
build	Cache Android SDK	2026-06-06T12:22:54.0604093Z /usr/bin/tar: ../../../../../usr/local/lib/android/sdk/platforms/android-36.1/data/res/values-mcc310-mnc270: Cannot utime: Operation not permitted
build	Cache Android SDK	2026-06-06T12:22:54.0605033Z /usr/bin/tar: ../../../../../usr/local/lib/android/sdk/platforms/android-36.1/data/res/values-mcc310-mnc270: Cannot change mode to rwxr-xr-x: Operation not permitted
build	Cache Android SDK	2026-06-06T12:22:54.0608114Z /usr/bin/tar: ../../../../../usr/local/lib/android/sdk/platforms/android-36.1/data/res/mipmap-watch-anydpi: Cannot utime: Operation not permitted
build	Cache Android SDK	2026-06-06T12:22:54.0609111Z /usr/bin/tar: ../../../../../usr/local/lib/android/sdk/platforms/android-36.1/data/res/mipmap-watch-anydpi: Cannot change mode to rwxr-xr-x: Operation not permitted
build	Cache Android SDK	2026-06-06T12:22:54.0610867Z /usr/bin/tar: ../../../../../usr/local/lib/android/sdk/platforms/android-36.1/data/res/values-sq-television: Cannot utime: Operation not permitted
build	Cache Android SDK	2026-06-06T12:22:54.0611792Z /usr/bin/tar: ../../../../../usr/local/lib/android/sdk/platforms/android-36.1/data/res/values-sq-television: Cannot change mode to rwxr-xr-x: Operation not permitted
build	Cache Android SDK	2026-06-06T12:22:54.0614524Z /usr/bin/tar: ../../../../../usr/local/lib/android/sdk/platforms/android-36.1/data/res/values-mcc310-mnc030-en-rCA: Cannot utime: Operation not permitted
build	Cache Android SDK	2026-06-06T12:22:54.0615502Z /usr/bin/tar: ../../../../../usr/local/lib/android/sdk/platforms/android-36.1/data/res/values-mcc310-mnc030-en-rCA: Cannot change mode to rwxr-xr-x: Operation not permitted
build	Cache Android SDK	2026-06-06T12:22:54.0617695Z /usr/bin/tar: ../../../../../usr/local/lib/android/sdk/platforms/android-36.1/data/res/values-mcc001-mnc01-in: Cannot utime: Operation not permitted
build	Cache Android SDK	2026-06-06T12:22:54.0618629Z /usr/bin/tar: ../../../../../usr/local/lib/android/sdk/platforms/android-36.1/data/res/values-mcc001-mnc01-in: Cannot change mode to rwxr-xr-x: Operation not permitted
build	Cache Android SDK	2026-06-06T12:22:54.0621389Z /usr/bin/tar: ../../../../../usr/local/lib/android/sdk/platforms/android-36.1/data/res/values-mcc310-mnc800-zh-rHK: Cannot utime: Operation not permitted
build	Cache Android SDK	2026-06-06T12:22:54.0622373Z /usr/bin/tar: ../../../../../usr/local/lib/android/sdk/platforms/android-36.1/data/res/values-mcc310-mnc800-zh-rHK: Cannot change mode to rwxr-xr-x: Operation not permitted
build	Cache Android SDK	2026-06-06T12:22:54.0624855Z /usr/bin/tar: ../../../../../usr/local/lib/android/sdk/platforms/android-36.1/data/res/values-mcc310-mnc170-nb: Cannot utime: Operation not permitted
build	Cache Android SDK	2026-06-06T12:22:54.0625795Z /usr/bin/tar: ../../../../../usr/local/lib/android/sdk/platforms/android-36.1/data/res/values-mcc310-mnc170-nb: Cannot change mode to rwxr-xr-x: Operation not permitted
build	Cache Android SDK	2026-06-06T12:22:54.0628547Z /usr/bin/tar: ../../../../../usr/local/lib/android/sdk/platforms/android-36.1/data/res/values-mcc311-mnc180-hu: Cannot utime: Operation not permitted
build	Cache Android SDK	2026-06-06T12:22:54.0629747Z /usr/bin/tar: ../../../../../usr/local/lib/android/sdk/platforms/android-36.1/data/res/values-mcc311-mnc180-hu: Cannot change mode to rwxr-xr-x: Operation not permitted
build	Cache Android SDK	2026-06-06T12:22:54.0631942Z /usr/bin/tar: ../../../../../usr/local/lib/android/sdk/platforms/android-36.1/data/res/values-mcc310-mnc210-sv: Cannot utime: Operation not permitted
build	Cache Android SDK	2026-06-06T12:22:54.0633113Z /usr/bin/tar: ../../../../../usr/local/lib/android/sdk/platforms/android-36.1/data/res/values-mcc310-mnc210-sv: Cannot change mode to rwxr-xr-x: Operation not permitted
build	Cache Android SDK	2026-06-06T12:22:54.0635970Z /usr/bin/tar: ../../../../../usr/local/lib/android/sdk/platforms/android-36.1/data/res/values-mcc310-mnc280-be: Cannot utime: Operation not permitted
build	Cache Android SDK	2026-06-06T12:22:54.0637140Z /usr/bin/tar: ../../../../../usr/local/lib/android/sdk/platforms/android-36.1/data/res/values-mcc310-mnc280-be: Cannot change mode to rwxr-xr-x: Operation not permitted
build	Cache Android SDK	2026-06-06T12:22:54.0639818Z /usr/bin/tar: ../../../../../usr/local/lib/android/sdk/platforms/android-36.1/data/res/values-mcc310-mnc220-en-rGB: Cannot utime: Operation not permitted
build	Cache Android SDK	2026-06-06T12:22:54.0641099Z /usr/bin/tar: ../../../../../usr/local/lib/android/sdk/platforms/android-36.1/data/res/values-mcc310-mnc220-en-rGB: Cannot change mode to rwxr-xr-x: Operation not permitted
build	Cache Android SDK	2026-06-06T12:22:54.0643412Z /usr/bin/tar: ../../../../../usr/local/lib/android/sdk/platforms/android-36.1/data/res/values-mcc310-mnc950-el: Cannot utime: Operation not permitted
build	Cache Android SDK	2026-06-06T12:22:54.0644581Z /usr/bin/tar: ../../../../../usr/local/lib/android/sdk/platforms/android-36.1/data/res/values-mcc310-mnc950-el: Cannot change mode to rwxr-xr-x: Operation not permitted
build	Cache Android SDK	2026-06-06T12:22:54.0647121Z /usr/bin/tar: ../../../../../usr/local/lib/android/sdk/platforms/android-36.1/data/res/values-mcc310-mnc220-gu: Cannot utime: Operation not permitted
build	Cache Android SDK	2026-06-06T12:22:54.0648256Z /usr/bin/tar: ../../../../../usr/local/lib/android/sdk/platforms/android-36.1/data/res/values-mcc310-mnc220-gu: Cannot change mode to rwxr-xr-x: Operation not permitted
build	Cache Android SDK	2026-06-06T12:22:54.0650266Z /usr/bin/tar: ../../../../../usr/local/lib/android/sdk/platforms/android-36.1/data/res/values-mcc310-mnc590: Cannot utime: Operation not permitted
build	Cache Android SDK	2026-06-06T12:22:54.0651191Z /usr/bin/tar: ../../../../../usr/local/lib/android/sdk/platforms/android-36.1/data/res/values-mcc310-mnc590: Cannot change mode to rwxr-xr-x: Operation not permitted
build	Cache Android SDK	2026-06-06T12:22:54.0654104Z /usr/bin/tar: ../../../../../usr/local/lib/android/sdk/platforms/android-36.1/data/res/values-mcc310-mnc800-tr: Cannot utime: Operation not permitted
build	Cache Android SDK	2026-06-06T12:22:54.0655078Z /usr/bin/tar: ../../../../../usr/local/lib/android/sdk/platforms/android-36.1/data/res/values-mcc310-mnc800-tr: Cannot change mode to rwxr-xr-x: Operation not permitted
build	Cache Android SDK	2026-06-06T12:22:54.0659515Z /usr/bin/tar: ../../../../../usr/local/lib/android/sdk/platforms/android-36.1/data/res/values-mcc310-mnc800-fr-rCA: Cannot utime: Operation not permitted
build	Cache Android SDK	2026-06-06T12:22:54.0660525Z /usr/bin/tar: ../../../../../usr/local/lib/android/sdk/platforms/android-36.1/data/res/values-mcc310-mnc800-fr-rCA: Cannot change mode to rwxr-xr-x: Operation not permitted
build	Cache Android SDK	2026-06-06T12:22:54.0662642Z /usr/bin/tar: ../../../../../usr/local/lib/android/sdk/platforms/android-36.1/data/res/values-mcc310-mnc250-ml: Cannot utime: Operation not permitted
build	Cache Android SDK	2026-06-06T12:22:54.0663668Z /usr/bin/tar: ../../../../../usr/local/lib/android/sdk/platforms/android-36.1/data/res/values-mcc310-mnc250-ml: Cannot change mode to rwxr-xr-x: Operation not permitted
build	Cache Android SDK	2026-06-06T12:22:54.0666005Z /usr/bin/tar: ../../../../../usr/local/lib/android/sdk/platforms/android-36.1/data/res/values-mcc310-mnc220-ar: Cannot utime: Operation not permitted
build	Cache Android SDK	2026-06-06T12:22:54.0667027Z /usr/bin/tar: ../../../../../usr/local/lib/android/sdk/platforms/android-36.1/data/res/values-mcc310-mnc220-ar: Cannot change mode to rwxr-xr-x: Operation not permitted
build	Cache Android SDK	2026-06-06T12:22:54.0669580Z /usr/bin/tar: ../../../../../usr/local/lib/android/sdk/platforms/android-36.1/data/res/values-mcc334-mnc030: Cannot utime: Operation not permitted
build	Cache Android SDK	2026-06-06T12:22:54.0670498Z /usr/bin/tar: ../../../../../usr/local/lib/android/sdk/platforms/android-36.1/data/res/values-mcc334-mnc030: Cannot change mode to rwxr-xr-x: Operation not permitted
build	Cache Android SDK	2026-06-06T12:22:54.0672831Z /usr/bin/tar: ../../../../../usr/local/lib/android/sdk/platforms/android-36.1/data/res/values-mcc312-mnc670-lv: Cannot utime: Operation not permitted
build	Cache Android SDK	2026-06-06T12:22:54.0673869Z /usr/bin/tar: ../../../../../usr/local/lib/android/sdk/platforms/android-36.1/data/res/values-mcc312-mnc670-lv: Cannot change mode to rwxr-xr-x: Operation not permitted
build	Cache Android SDK	2026-06-06T12:22:54.0676285Z /usr/bin/tar: ../../../../../usr/local/lib/android/sdk/platforms/android-36.1/data/res/values-mcc310-mnc220-lo: Cannot utime: Operation not permitted
build	Cache Android SDK	2026-06-06T12:22:54.0677524Z /usr/bin/tar: ../../../../../usr/local/lib/android/sdk/platforms/android-36.1/data/res/values-mcc310-mnc220-lo: Cannot change mode to rwxr-xr-x: Operation not permitted
build	Cache Android SDK	2026-06-06T12:22:54.0679471Z /usr/bin/tar: ../../../../../usr/local/lib/android/sdk/platforms/android-36.1/data/res/values-mcc310-mnc230-pt-rBR: Cannot utime: Operation not permitted
build	Cache Android SDK	2026-06-06T12:22:54.0680666Z /usr/bin/tar: ../../../../../usr/local/lib/android/sdk/platforms/android-36.1/data/res/values-mcc310-mnc230-pt-rBR: Cannot change mode to rwxr-xr-x: Operation not permitted
build	Cache Android SDK	2026-06-06T12:22:54.0683114Z /usr/bin/tar: ../../../../../usr/local/lib/android/sdk/platforms/android-36.1/data/res/values-mcc310-mnc380: Cannot utime: Operation not permitted
build	Cache Android SDK	2026-06-06T12:22:54.0684137Z /usr/bin/tar: ../../../../../usr/local/lib/android/sdk/platforms/android-36.1/data/res/values-mcc310-mnc380: Cannot change mode to rwxr-xr-x: Operation not permitted
build	Cache Android SDK	2026-06-06T12:22:54.0686483Z /usr/bin/tar: ../../../../../usr/local/lib/android/sdk/platforms/android-36.1/data/res/values-mcc310-mnc170-pt: Cannot utime: Operation not permitted
build	Cache Android SDK	2026-06-06T12:22:54.0687755Z /usr/bin/tar: ../../../../../usr/local/lib/android/sdk/platforms/android-36.1/data/res/values-mcc310-mnc170-pt: Cannot change mode to rwxr-xr-x: Operation not permitted
build	Cache Android SDK	2026-06-06T12:22:54.0690979Z /usr/bin/tar: ../../../../../usr/local/lib/android/sdk/platforms/android-36.1/data/res/values-mcc311-mnc180-ne: Cannot utime: Operation not permitted
build	Cache Android SDK	2026-06-06T12:22:54.0691951Z /usr/bin/tar: ../../../../../usr/local/lib/android/sdk/platforms/android-36.1/data/res/values-mcc311-mnc180-ne: Cannot change mode to rwxr-xr-x: Operation not permitted
build	Cache Android SDK	2026-06-06T12:22:54.0694115Z /usr/bin/tar: ../../../../../usr/local/lib/android/sdk/platforms/android-36.1/data/res/values-bs-television: Cannot utime: Operation not permitted
build	Cache Android SDK	2026-06-06T12:22:54.0695030Z /usr/bin/tar: ../../../../../usr/local/lib/android/sdk/platforms/android-36.1/data/res/values-bs-television: Cannot change mode to rwxr-xr-x: Operation not permitted
build	Cache Android SDK	2026-06-06T12:22:54.0697937Z /usr/bin/tar: ../../../../../usr/local/lib/android/sdk/platforms/android-36.1/data/res/values-mcc310-mnc270-ru: Cannot utime: Operation not permitted
build	Cache Android SDK	2026-06-06T12:22:54.0698953Z /usr/bin/tar: ../../../../../usr/local/lib/android/sdk/platforms/android-36.1/data/res/values-mcc310-mnc270-ru: Cannot change mode to rwxr-xr-x: Operation not permitted
build	Cache Android SDK	2026-06-06T12:22:54.0701094Z /usr/bin/tar: ../../../../../usr/local/lib/android/sdk/platforms/android-36.1/data/res/values-mcc310-mnc220-sk: Cannot utime: Operation not permitted
build	Cache Android SDK	2026-06-06T12:22:54.0702027Z /usr/bin/tar: ../../../../../usr/local/lib/android/sdk/platforms/android-36.1/data/res/values-mcc310-mnc220-sk: Cannot change mode to rwxr-xr-x: Operation not permitted
build	Cache Android SDK	2026-06-06T12:22:54.0704635Z /usr/bin/tar: ../../../../../usr/local/lib/android/sdk/platforms/android-36.1/data/res/values-mcc310-mnc150: Cannot utime: Operation not permitted
build	Cache Android SDK	2026-06-06T12:22:54.0705545Z /usr/bin/tar: ../../../../../usr/local/lib/android/sdk/platforms/android-36.1/data/res/values-mcc310-mnc150: Cannot change mode to rwxr-xr-x: Operation not permitted
build	Cache Android SDK	2026-06-06T12:22:54.0707861Z /usr/bin/tar: ../../../../../usr/local/lib/android/sdk/platforms/android-36.1/data/res/values-mcc310-mnc410-sv: Cannot utime: Operation not permitted
build	Cache Android SDK	2026-06-06T12:22:54.0708797Z /usr/bin/tar: ../../../../../usr/local/lib/android/sdk/platforms/android-36.1/data/res/values-mcc310-mnc410-sv: Cannot change mode to rwxr-xr-x: Operation not permitted
build	Cache Android SDK	2026-06-06T12:22:54.0711332Z /usr/bin/tar: ../../../../../usr/local/lib/android/sdk/platforms/android-36.1/data/res/values-mcc310-mnc210-lv: Cannot utime: Operation not permitted
build	Cache Android SDK	2026-06-06T12:22:54.0712248Z /usr/bin/tar: ../../../../../usr/local/lib/android/sdk/platforms/android-36.1/data/res/values-mcc310-mnc210-lv: Cannot change mode to rwxr-xr-x: Operation not permitted
build	Cache Android SDK	2026-06-06T12:22:54.0714591Z /usr/bin/tar: ../../../../../usr/local/lib/android/sdk/platforms/android-36.1/data/res/values-mcc310-mnc280-sv: Cannot utime: Operation not permitted
build	Cache Android SDK	2026-06-06T12:22:54.0715626Z /usr/bin/tar: ../../../../../usr/local/lib/android/sdk/platforms/android-36.1/data/res/values-mcc310-mnc280-sv: Cannot change mode to rwxr-xr-x: Operation not permitted
build	Cache Android SDK	2026-06-06T12:22:54.0718417Z /usr/bin/tar: ../../../../../usr/local/lib/android/sdk/platforms/android-36.1/data/res/values-mcc310-mnc660-ar: Cannot utime: Operation not permitted
build	Cache Android SDK	2026-06-06T12:22:54.0719385Z /usr/bin/tar: ../../../../../usr/local/lib/android/sdk/platforms/android-36.1/data/res/values-mcc310-mnc660-ar: Cannot change mode to rwxr-xr-x: Operation not permitted
build	Cache Android SDK	2026-06-06T12:22:54.0726091Z /usr/bin/tar: ../../../../../usr/local/lib/android/sdk/platforms/android-36.1/data/res/values-sw: Cannot utime: Operation not permitted
build	Cache Android SDK	2026-06-06T12:22:54.0727086Z /usr/bin/tar: ../../../../../usr/local/lib/android/sdk/platforms/android-36.1/data/res/values-sw: Cannot change mode to rwxr-xr-x: Operation not permitted
build	Cache Android SDK	2026-06-06T12:22:54.0729721Z /usr/bin/tar: ../../../../../usr/local/lib/android/sdk/platforms/android-36.1/data/res/values-mcc313-mnc100-ne: Cannot utime: Operation not permitted
build	Cache Android SDK	2026-06-06T12:22:54.0731266Z /usr/bin/tar: ../../../../../usr/local/lib/android/sdk/platforms/android-36.1/data/res/values-mcc313-mnc100-ne: Cannot change mode to rwxr-xr-x: Operation not permitted
build	Cache Android SDK	2026-06-06T12:22:54.0732850Z /usr/bin/tar: ../../../../../usr/local/lib/android/sdk/platforms/android-36.1/data/res/values-mcc310-mnc200-zh-rHK: Cannot utime: Operation not permitted
build	Cache Android SDK	2026-06-06T12:22:54.0734022Z /usr/bin/tar: ../../../../../usr/local/lib/android/sdk/platforms/android-36.1/data/res/values-mcc310-mnc200-zh-rHK: Cannot change mode to rwxr-xr-x: Operation not permitted
build	Cache Android SDK	2026-06-06T12:22:54.0735622Z /usr/bin/tar: ../../../../../usr/local/lib/android/sdk/platforms/android-36.1/data/res/values-mcc310-mnc310-mn: Cannot utime: Operation not permitted
build	Cache Android SDK	2026-06-06T12:22:54.0736558Z /usr/bin/tar: ../../../../../usr/local/lib/android/sdk/platforms/android-36.1/data/res/values-mcc310-mnc310-mn: Cannot change mode to rwxr-xr-x: Operation not permitted
build	Cache Android SDK	2026-06-06T12:22:54.0739075Z /usr/bin/tar: ../../../../../usr/local/lib/android/sdk/platforms/android-36.1/data/res/values-w204dp: Cannot utime: Operation not permitted
build	Cache Android SDK	2026-06-06T12:22:54.0739995Z /usr/bin/tar: ../../../../../usr/local/lib/android/sdk/platforms/android-36.1/data/res/values-w204dp: Cannot change mode to rwxr-xr-x: Operation not permitted
build	Cache Android SDK	2026-06-06T12:22:54.0742902Z /usr/bin/tar: ../../../../../usr/local/lib/android/sdk/platforms/android-36.1/data/res/values-mcc311-mnc180-th: Cannot utime: Operation not permitted
build	Cache Android SDK	2026-06-06T12:22:54.0744061Z /usr/bin/tar: ../../../../../usr/local/lib/android/sdk/platforms/android-36.1/data/res/values-mcc311-mnc180-th: Cannot change mode to rwxr-xr-x: Operation not permitted
build	Cache Android SDK	2026-06-06T12:22:54.0745621Z /usr/bin/tar: ../../../../../usr/local/lib/android/sdk/platforms/android-36.1/data/res/values-mcc311-mnc180-fr-rCA: Cannot utime: Operation not permitted
build	Cache Android SDK	2026-06-06T12:22:54.0746584Z /usr/bin/tar: ../../../../../usr/local/lib/android/sdk/platforms/android-36.1/data/res/values-mcc311-mnc180-fr-rCA: Cannot change mode to rwxr-xr-x: Operation not permitted
build	Cache Android SDK	2026-06-06T12:22:54.0749680Z /usr/bin/tar: ../../../../../usr/local/lib/android/sdk/platforms/android-36.1/data/res/values-sl-rSI: Cannot utime: Operation not permitted
build	Cache Android SDK	2026-06-06T12:22:54.0750707Z /usr/bin/tar: ../../../../../usr/local/lib/android/sdk/platforms/android-36.1/data/res/values-sl-rSI: Cannot change mode to rwxr-xr-x: Operation not permitted
build	Cache Android SDK	2026-06-06T12:22:54.0752327Z /usr/bin/tar: ../../../../../usr/local/lib/android/sdk/platforms/android-36.1/data/res/values-ja-rJP: Cannot utime: Operation not permitted
build	Cache Android SDK	2026-06-06T12:22:54.0753219Z /usr/bin/tar: ../../../../../usr/local/lib/android/sdk/platforms/android-36.1/data/res/values-ja-rJP: Cannot change mode to rwxr-xr-x: Operation not permitted
build	Cache Android SDK	2026-06-06T12:22:54.0757199Z /usr/bin/tar: ../../../../../usr/local/lib/android/sdk/platforms/android-36.1/data/res/values-mcc313-mnc100-uz: Cannot utime: Operation not permitted
build	Cache Android SDK	2026-06-06T12:22:54.0758512Z /usr/bin/tar: ../../../../../usr/local/lib/android/sdk/platforms/android-36.1/data/res/values-mcc313-mnc100-uz: Cannot change mode to rwxr-xr-x: Operation not permitted
build	Cache Android SDK	2026-06-06T12:22:54.0760254Z /usr/bin/tar: ../../../../../usr/local/lib/android/sdk/platforms/android-36.1/data/res/values-mcc310-mnc230-vi: Cannot utime: Operation not permitted
build	Cache Android SDK	2026-06-06T12:22:54.0761187Z /usr/bin/tar: ../../../../../usr/local/lib/android/sdk/platforms/android-36.1/data/res/values-mcc310-mnc230-vi: Cannot change mode to rwxr-xr-x: Operation not permitted
build	Cache Android SDK	2026-06-06T12:22:54.0764079Z /usr/bin/tar: ../../../../../usr/local/lib/android/sdk/platforms/android-36.1/data/res/values-mcc310-mnc560-iw: Cannot utime: Operation not permitted
build	Cache Android SDK	2026-06-06T12:22:54.0765013Z /usr/bin/tar: ../../../../../usr/local/lib/android/sdk/platforms/android-36.1/data/res/values-mcc310-mnc560-iw: Cannot change mode to rwxr-xr-x: Operation not permitted
build	Cache Android SDK	2026-06-06T12:22:54.0767006Z /usr/bin/tar: ../../../../../usr/local/lib/android/sdk/platforms/android-36.1/data/res/values-mcc310-mnc170-sv: Cannot utime: Operation not permitted
build	Cache Android SDK	2026-06-06T12:22:54.0768139Z /usr/bin/tar: ../../../../../usr/local/lib/android/sdk/platforms/android-36.1/data/res/values-mcc310-mnc170-sv: Cannot change mode to rwxr-xr-x: Operation not permitted
build	Cache Android SDK	2026-06-06T12:22:54.0770219Z /usr/bin/tar: ../../../../../usr/local/lib/android/sdk/platforms/android-36.1/data/res/values-mcc310-mnc260: Cannot utime: Operation not permitted
build	Cache Android SDK	2026-06-06T12:22:54.0771139Z /usr/bin/tar: ../../../../../usr/local/lib/android/sdk/platforms/android-36.1/data/res/values-mcc310-mnc260: Cannot change mode to rwxr-xr-x: Operation not permitted
build	Cache Android SDK	2026-06-06T12:22:54.0773487Z /usr/bin/tar: ../../../../../usr/local/lib/android/sdk/platforms/android-36.1/data/res/values-mcc302-mnc720-mr: Cannot utime: Operation not permitted
build	Cache Android SDK	2026-06-06T12:22:54.0774427Z /usr/bin/tar: ../../../../../usr/local/lib/android/sdk/platforms/android-36.1/data/res/values-mcc302-mnc720-mr: Cannot change mode to rwxr-xr-x: Operation not permitted
build	Cache Android SDK	2026-06-06T12:22:54.0776875Z /usr/bin/tar: ../../../../../usr/local/lib/android/sdk/platforms/android-36.1/data/res/values-mcc310-mnc210-lo: Cannot utime: Operation not permitted
build	Cache Android SDK	2026-06-06T12:22:54.0778202Z /usr/bin/tar: ../../../../../usr/local/lib/android/sdk/platforms/android-36.1/data/res/values-mcc310-mnc210-lo: Cannot change mode to rwxr-xr-x: Operation not permitted
build	Cache Android SDK	2026-06-06T12:22:54.0779853Z /usr/bin/tar: ../../../../../usr/local/lib/android/sdk/platforms/android-36.1/data/res/values-mcc310-mnc150-af: Cannot utime: Operation not permitted
build	Cache Android SDK	2026-06-06T12:22:54.0780789Z /usr/bin/tar: ../../../../../usr/local/lib/android/sdk/platforms/android-36.1/data/res/values-mcc310-mnc150-af: Cannot change mode to rwxr-xr-x: Operation not permitted
build	Cache Android SDK	2026-06-06T12:22:54.0784637Z /usr/bin/tar: ../../../../../usr/local/lib/android/sdk/platforms/android-36.1/data/res/layout-car: Cannot utime: Operation not permitted
build	Cache Android SDK	2026-06-06T12:22:54.0785601Z /usr/bin/tar: ../../../../../usr/local/lib/android/sdk/platforms/android-36.1/data/res/layout-car: Cannot change mode to rwxr-xr-x: Operation not permitted
build	Cache Android SDK	2026-06-06T12:22:54.0788230Z /usr/bin/tar: ../../../../../usr/local/lib/android/sdk/platforms/android-36.1/data/res/values-mcc310-mnc270-iw: Cannot utime: Operation not permitted
build	Cache Android SDK	2026-06-06T12:22:54.0790094Z /usr/bin/tar: ../../../../../usr/local/lib/android/sdk/platforms/android-36.1/data/res/values-mcc310-mnc270-iw: Cannot change mode to rwxr-xr-x: Operation not permitted
build	Cache Android SDK	2026-06-06T12:22:54.0791502Z /usr/bin/tar: ../../../../../usr/local/lib/android/sdk/platforms/android-36.1/data/res/values-mcc310-mnc660-ne: Cannot utime: Operation not permitted
build	Cache Android SDK	2026-06-06T12:22:54.0793274Z /usr/bin/tar: ../../../../../usr/local/lib/android/sdk/platforms/android-36.1/data/res/values-mcc310-mnc660-ne: Cannot change mode to rwxr-xr-x: Operation not permitted
build	Cache Android SDK	2026-06-06T12:22:54.0794913Z /usr/bin/tar: ../../../../../usr/local/lib/android/sdk/platforms/android-36.1/data/res/values-sw-rTZ: Cannot utime: Operation not permitted
build	Cache Android SDK	2026-06-06T12:22:54.0795869Z /usr/bin/tar: ../../../../../usr/local/lib/android/sdk/platforms/android-36.1/data/res/values-sw-rTZ: Cannot change mode to rwxr-xr-x: Operation not permitted
build	Cache Android SDK	2026-06-06T12:22:54.0798194Z /usr/bin/tar: ../../../../../usr/local/lib/android/sdk/platforms/android-36.1/data/res/values-mcc310-mnc160-zu: Cannot utime: Operation not permitted
build	Cache Android SDK	2026-06-06T12:22:54.0799111Z /usr/bin/tar: ../../../../../usr/local/lib/android/sdk/platforms/android-36.1/data/res/values-mcc310-mnc160-zu: Cannot change mode to rwxr-xr-x: Operation not permitted
build	Cache Android SDK	2026-06-06T12:22:54.0801638Z /usr/bin/tar: ../../../../../usr/local/lib/android/sdk/platforms/android-36.1/data/res/values-mcc334-mnc020-ne: Cannot utime: Operation not permitted
build	Cache Android SDK	2026-06-06T12:22:54.0802565Z /usr/bin/tar: ../../../../../usr/local/lib/android/sdk/platforms/android-36.1/data/res/values-mcc334-mnc020-ne: Cannot change mode to rwxr-xr-x: Operation not permitted
build	Cache Android SDK	2026-06-06T12:22:54.0804889Z /usr/bin/tar: ../../../../../usr/local/lib/android/sdk/platforms/android-36.1/data/res/values-mcc302-mnc720-ro: Cannot utime: Operation not permitted
build	Cache Android SDK	2026-06-06T12:22:54.0805815Z /usr/bin/tar: ../../../../../usr/local/lib/android/sdk/platforms/android-36.1/data/res/values-mcc302-mnc720-ro: Cannot change mode to rwxr-xr-x: Operation not permitted
build	Cache Android SDK	2026-06-06T12:22:54.0808213Z /usr/bin/tar: ../../../../../usr/local/lib/android/sdk/platforms/android-36.1/data/res/values-mcc310-mnc490-en-rGB: Cannot utime: Operation not permitted
build	Cache Android SDK	2026-06-06T12:22:54.0809177Z /usr/bin/tar: ../../../../../usr/local/lib/android/sdk/platforms/android-36.1/data/res/values-mcc310-mnc490-en-rGB: Cannot change mode to rwxr-xr-x: Operation not permitted
build	Cache Android SDK	2026-06-06T12:22:54.0811441Z /usr/bin/tar: ../../../../../usr/local/lib/android/sdk/platforms/android-36.1/data/res/values-de-rDE: Cannot utime: Operation not permitted
build	Cache Android SDK	2026-06-06T12:22:54.0812305Z /usr/bin/tar: ../../../../../usr/local/lib/android/sdk/platforms/android-36.1/data/res/values-de-rDE: Cannot change mode to rwxr-xr-x: Operation not permitted
build	Cache Android SDK	2026-06-06T12:22:54.0814525Z /usr/bin/tar: ../../../../../usr/local/lib/android/sdk/platforms/android-36.1/data/res/values-mcc334-mnc020-ml: Cannot utime: Operation not permitted
build	Cache Android SDK	2026-06-06T12:22:54.0815451Z /usr/bin/tar: ../../../../../usr/local/lib/android/sdk/platforms/android-36.1/data/res/values-mcc334-mnc020-ml: Cannot change mode to rwxr-xr-x: Operation not permitted
build	Cache Android SDK	2026-06-06T12:22:54.0818363Z /usr/bin/tar: ../../../../../usr/local/lib/android/sdk/platforms/android-36.1/data/res/values-mcc334-mnc020-zh-rCN: Cannot utime: Operation not permitted
build	Cache Android SDK	2026-06-06T12:22:54.0819314Z /usr/bin/tar: ../../../../../usr/local/lib/android/sdk/platforms/android-36.1/data/res/values-mcc334-mnc020-zh-rCN: Cannot change mode to rwxr-xr-x: Operation not permitted
build	Cache Android SDK	2026-06-06T12:22:54.0821672Z /usr/bin/tar: ../../../../../usr/local/lib/android/sdk/platforms/android-36.1/data/res/values-mcc310-mnc150-te: Cannot utime: Operation not permitted
build	Cache Android SDK	2026-06-06T12:22:54.0822602Z /usr/bin/tar: ../../../../../usr/local/lib/android/sdk/platforms/android-36.1/data/res/values-mcc310-mnc150-te: Cannot change mode to rwxr-xr-x: Operation not permitted
build	Cache Android SDK	2026-06-06T12:22:54.0824822Z /usr/bin/tar: ../../../../../usr/local/lib/android/sdk/platforms/android-36.1/data/res/values-mcc310-mnc200-b+sr+Latn: Cannot utime: Operation not permitted
build	Cache Android SDK	2026-06-06T12:22:54.0825810Z /usr/bin/tar: ../../../../../usr/local/lib/android/sdk/platforms/android-36.1/data/res/values-mcc310-mnc200-b+sr+Latn: Cannot change mode to rwxr-xr-x: Operation not permitted
build	Cache Android SDK	2026-06-06T12:22:54.0827964Z /usr/bin/tar: ../../../../../usr/local/lib/android/sdk/platforms/android-36.1/data/res/values-mcc310-mnc150-ml: Cannot utime: Operation not permitted
build	Cache Android SDK	2026-06-06T12:22:54.0828903Z /usr/bin/tar: ../../../../../usr/local/lib/android/sdk/platforms/android-36.1/data/res/values-mcc310-mnc150-ml: Cannot change mode to rwxr-xr-x: Operation not permitted
build	Cache Android SDK	2026-06-06T12:22:54.0831569Z /usr/bin/tar: ../../../../../usr/local/lib/android/sdk/platforms/android-36.1/data/res/values-mcc001-mnc01-ja: Cannot utime: Operation not permitted
build	Cache Android SDK	2026-06-06T12:22:54.0832848Z /usr/bin/tar: ../../../../../usr/local/lib/android/sdk/platforms/android-36.1/data/res/values-mcc001-mnc01-ja: Cannot change mode to rwxr-xr-x: Operation not permitted
build	Cache Android SDK	2026-06-06T12:22:54.0834508Z /usr/bin/tar: ../../../../../usr/local/lib/android/sdk/platforms/android-36.1/data/res/values-mcc310-mnc150-uk: Cannot utime: Operation not permitted
build	Cache Android SDK	2026-06-06T12:22:54.0835478Z /usr/bin/tar: ../../../../../usr/local/lib/android/sdk/platforms/android-36.1/data/res/values-mcc310-mnc150-uk: Cannot change mode to rwxr-xr-x: Operation not permitted
build	Cache Android SDK	2026-06-06T12:22:54.0838063Z /usr/bin/tar: ../../../../../usr/local/lib/android/sdk/platforms/android-36.1/data/res/values-mcc334-mnc020-de: Cannot utime: Operation not permitted
build	Cache Android SDK	2026-06-06T12:22:54.0839122Z /usr/bin/tar: ../../../../../usr/local/lib/android/sdk/platforms/android-36.1/data/res/values-mcc334-mnc020-de: Cannot change mode to rwxr-xr-x: Operation not permitted
build	Cache Android SDK	2026-06-06T12:22:54.0841962Z /usr/bin/tar: ../../../../../usr/local/lib/android/sdk/platforms/android-36.1/data/res/values-mcc310-mnc230-es: Cannot utime: Operation not permitted
build	Cache Android SDK	2026-06-06T12:22:54.0843018Z /usr/bin/tar: ../../../../../usr/local/lib/android/sdk/platforms/android-36.1/data/res/values-mcc310-mnc230-es: Cannot change mode to rwxr-xr-x: Operation not permitted
build	Cache Android SDK	2026-06-06T12:22:54.0845052Z /usr/bin/tar: ../../../../../usr/local/lib/android/sdk/platforms/android-36.1/data/res/values-mcc310-mnc280-fr: Cannot utime: Operation not permitted
build	Cache Android SDK	2026-06-06T12:22:54.0846253Z /usr/bin/tar: ../../../../../usr/local/lib/android/sdk/platforms/android-36.1/data/res/values-mcc310-mnc280-fr: Cannot change mode to rwxr-xr-x: Operation not permitted
build	Cache Android SDK	2026-06-06T12:22:54.0848876Z /usr/bin/tar: ../../../../../usr/local/lib/android/sdk/platforms/android-36.1/data/res/values-mcc302-mnc370-eu: Cannot utime: Operation not permitted
build	Cache Android SDK	2026-06-06T12:22:54.0849809Z /usr/bin/tar: ../../../../../usr/local/lib/android/sdk/platforms/android-36.1/data/res/values-mcc302-mnc370-eu: Cannot change mode to rwxr-xr-x: Operation not permitted
build	Cache Android SDK	2026-06-06T12:22:54.0852226Z /usr/bin/tar: ../../../../../usr/local/lib/android/sdk/platforms/android-36.1/data/res/values-mcc334-mnc020-ja: Cannot utime: Operation not permitted
build	Cache Android SDK	2026-06-06T12:22:54.0853167Z /usr/bin/tar: ../../../../../usr/local/lib/android/sdk/platforms/android-36.1/data/res/values-mcc334-mnc020-ja: Cannot change mode to rwxr-xr-x: Operation not permitted
build	Cache Android SDK	2026-06-06T12:22:54.0855870Z /usr/bin/tar: ../../../../../usr/local/lib/android/sdk/platforms/android-36.1/data/res/values-mcc310-mnc250-my: Cannot utime: Operation not permitted
build	Cache Android SDK	2026-06-06T12:22:54.0856810Z /usr/bin/tar: ../../../../../usr/local/lib/android/sdk/platforms/android-36.1/data/res/values-mcc310-mnc250-my: Cannot change mode to rwxr-xr-x: Operation not permitted
build	Cache Android SDK	2026-06-06T12:22:54.0859625Z /usr/bin/tar: ../../../../../usr/local/lib/android/sdk/platforms/android-36.1/data/res/values-mcc310-mnc380-b+sr+Latn: Cannot utime: Operation not permitted
build	Cache Android SDK	2026-06-06T12:22:54.0860638Z /usr/bin/tar: ../../../../../usr/local/lib/android/sdk/platforms/android-36.1/data/res/values-mcc310-mnc380-b+sr+Latn: Cannot change mode to rwxr-xr-x: Operation not permitted
build	Cache Android SDK	2026-06-06T12:22:54.0862723Z /usr/bin/tar: ../../../../../usr/local/lib/android/sdk/platforms/android-36.1/data/res/values-de-feminine: Cannot utime: Operation not permitted
build	Cache Android SDK	2026-06-06T12:22:54.0863734Z /usr/bin/tar: ../../../../../usr/local/lib/android/sdk/platforms/android-36.1/data/res/values-de-feminine: Cannot change mode to rwxr-xr-x: Operation not permitted
build	Cache Android SDK	2026-06-06T12:22:54.0866470Z /usr/bin/tar: ../../../../../usr/local/lib/android/sdk/platforms/android-36.1/data/res/values-mcc405: Cannot utime: Operation not permitted
build	Cache Android SDK	2026-06-06T12:22:54.0867479Z /usr/bin/tar: ../../../../../usr/local/lib/android/sdk/platforms/android-36.1/data/res/values-mcc405: Cannot change mode to rwxr-xr-x: Operation not permitted
build	Cache Android SDK	2026-06-06T12:22:54.0869955Z /usr/bin/tar: ../../../../../usr/local/lib/android/sdk/platforms/android-36.1/data/res/values-mcc310-mnc560-km: Cannot utime: Operation not permitted
build	Cache Android SDK	2026-06-06T12:22:54.0870978Z /usr/bin/tar: ../../../../../usr/local/lib/android/sdk/platforms/android-36.1/data/res/values-mcc310-mnc560-km: Cannot change mode to rwxr-xr-x: Operation not permitted
build	Cache Android SDK	2026-06-06T12:22:54.0876365Z /usr/bin/tar: ../../../../../usr/local/lib/android/sdk/platforms/android-36.1/data/res/values-is: Cannot utime: Operation not permitted
build	Cache Android SDK	2026-06-06T12:22:54.0877553Z /usr/bin/tar: ../../../../../usr/local/lib/android/sdk/platforms/android-36.1/data/res/values-is: Cannot change mode to rwxr-xr-x: Operation not permitted
build	Cache Android SDK	2026-06-06T12:22:54.0880151Z /usr/bin/tar: ../../../../../usr/local/lib/android/sdk/platforms/android-36.1/data/res/values-es-rUS-neuter: Cannot utime: Operation not permitted
build	Cache Android SDK	2026-06-06T12:22:54.0881104Z /usr/bin/tar: ../../../../../usr/local/lib/android/sdk/platforms/android-36.1/data/res/values-es-rUS-neuter: Cannot change mode to rwxr-xr-x: Operation not permitted
build	Cache Android SDK	2026-06-06T12:22:54.0883435Z /usr/bin/tar: ../../../../../usr/local/lib/android/sdk/platforms/android-36.1/data/res/values-mcc334-mnc020-it: Cannot utime: Operation not permitted
build	Cache Android SDK	2026-06-06T12:22:54.0884441Z /usr/bin/tar: ../../../../../usr/local/lib/android/sdk/platforms/android-36.1/data/res/values-mcc334-mnc020-it: Cannot change mode to rwxr-xr-x: Operation not permitted
build	Cache Android SDK	2026-06-06T12:22:54.0887017Z /usr/bin/tar: ../../../../../usr/local/lib/android/sdk/platforms/android-36.1/data/res/values-mcc310-mnc230-nl: Cannot utime: Operation not permitted
build	Cache Android SDK	2026-06-06T12:22:54.0888259Z /usr/bin/tar: ../../../../../usr/local/lib/android/sdk/platforms/android-36.1/data/res/values-mcc310-mnc230-nl: Cannot change mode to rwxr-xr-x: Operation not permitted
build	Cache Android SDK	2026-06-06T12:22:54.0890040Z /usr/bin/tar: ../../../../../usr/local/lib/android/sdk/platforms/android-36.1/data/res/values-mcc310-mnc800-vi: Cannot utime: Operation not permitted
build	Cache Android SDK	2026-06-06T12:22:54.0890969Z /usr/bin/tar: ../../../../../usr/local/lib/android/sdk/platforms/android-36.1/data/res/values-mcc310-mnc800-vi: Cannot change mode to rwxr-xr-x: Operation not permitted
build	Cache Android SDK	2026-06-06T12:22:54.0893503Z /usr/bin/tar: ../../../../../usr/local/lib/android/sdk/platforms/android-36.1/data/res/values-ta-television: Cannot utime: Operation not permitted
build	Cache Android SDK	2026-06-06T12:22:54.0894441Z /usr/bin/tar: ../../../../../usr/local/lib/android/sdk/platforms/android-36.1/data/res/values-ta-television: Cannot change mode to rwxr-xr-x: Operation not permitted
build	Cache Android SDK	2026-06-06T12:22:54.0896723Z /usr/bin/tar: ../../../../../usr/local/lib/android/sdk/platforms/android-36.1/data/res/values-mcc302-mnc370-bs: Cannot utime: Operation not permitted
build	Cache Android SDK	2026-06-06T12:22:54.0897876Z /usr/bin/tar: ../../../../../usr/local/lib/android/sdk/platforms/android-36.1/data/res/values-mcc302-mnc370-bs: Cannot change mode to rwxr-xr-x: Operation not permitted
build	Cache Android SDK	2026-06-06T12:22:54.0902012Z /usr/bin/tar: ../../../../../usr/local/lib/android/sdk/platforms/android-36.1/data/res/values-sw600dp: Cannot utime: Operation not permitted
build	Cache Android SDK	2026-06-06T12:22:54.0903040Z /usr/bin/tar: ../../../../../usr/local/lib/android/sdk/platforms/android-36.1/data/res/values-sw600dp: Cannot change mode to rwxr-xr-x: Operation not permitted
build	Cache Android SDK	2026-06-06T12:22:54.0904633Z /usr/bin/tar: ../../../../../usr/local/lib/android/sdk/platforms/android-36.1/data/res/values-mcc310-mnc490-pl: Cannot utime: Operation not permitted
build	Cache Android SDK	2026-06-06T12:22:54.0905661Z /usr/bin/tar: ../../../../../usr/local/lib/android/sdk/platforms/android-36.1/data/res/values-mcc310-mnc490-pl: Cannot change mode to rwxr-xr-x: Operation not permitted
build	Cache Android SDK	2026-06-06T12:22:54.0908097Z /usr/bin/tar: ../../../../../usr/local/lib/android/sdk/platforms/android-36.1/data/res/values-mcc313-mnc100-da: Cannot utime: Operation not permitted
build	Cache Android SDK	2026-06-06T12:22:54.0909033Z /usr/bin/tar: ../../../../../usr/local/lib/android/sdk/platforms/android-36.1/data/res/values-mcc313-mnc100-da: Cannot change mode to rwxr-xr-x: Operation not permitted
build	Cache Android SDK	2026-06-06T12:22:54.0911880Z /usr/bin/tar: ../../../../../usr/local/lib/android/sdk/platforms/android-36.1/data/res/values-mcc313-mnc100-ta: Cannot utime: Operation not permitted
build	Cache Android SDK	2026-06-06T12:22:54.0912914Z /usr/bin/tar: ../../../../../usr/local/lib/android/sdk/platforms/android-36.1/data/res/values-mcc313-mnc100-ta: Cannot change mode to rwxr-xr-x: Operation not permitted
build	Cache Android SDK	2026-06-06T12:22:54.0914864Z /usr/bin/tar: ../../../../../usr/local/lib/android/sdk/platforms/android-36.1/data/res/values-mcc310-mnc220-sq: Cannot utime: Operation not permitted
build	Cache Android SDK	2026-06-06T12:22:54.0915790Z /usr/bin/tar: ../../../../../usr/local/lib/android/sdk/platforms/android-36.1/data/res/values-mcc310-mnc220-sq: Cannot change mode to rwxr-xr-x: Operation not permitted
build	Cache Android SDK	2026-06-06T12:22:54.0918331Z /usr/bin/tar: ../../../../../usr/local/lib/android/sdk/platforms/android-36.1/data/res/values-mcc310-mnc250-zh-rCN: Cannot utime: Operation not permitted
build	Cache Android SDK	2026-06-06T12:22:54.0920368Z /usr/bin/tar: ../../../../../usr/local/lib/android/sdk/platforms/android-36.1/data/res/values-mcc310-mnc250-zh-rCN: Cannot change mode to rwxr-xr-x: Operation not permitted
build	Cache Android SDK	2026-06-06T12:22:54.0923043Z /usr/bin/tar: ../../../../../usr/local/lib/android/sdk/platforms/android-36.1/data/res/values-mcc310-mnc150-gu: Cannot utime: Operation not permitted
build	Cache Android SDK	2026-06-06T12:22:54.0924088Z /usr/bin/tar: ../../../../../usr/local/lib/android/sdk/platforms/android-36.1/data/res/values-mcc310-mnc150-gu: Cannot change mode to rwxr-xr-x: Operation not permitted
build	Cache Android SDK	2026-06-06T12:22:54.0926764Z /usr/bin/tar: ../../../../../usr/local/lib/android/sdk/platforms/android-36.1/data/res/values-mcc310-mnc230-si: Cannot utime: Operation not permitted
build	Cache Android SDK	2026-06-06T12:22:54.0927924Z /usr/bin/tar: ../../../../../usr/local/lib/android/sdk/platforms/android-36.1/data/res/values-mcc310-mnc230-si: Cannot change mode to rwxr-xr-x: Operation not permitted
build	Cache Android SDK	2026-06-06T12:22:54.0930412Z /usr/bin/tar: ../../../../../usr/local/lib/android/sdk/platforms/android-36.1/data/res/values-mcc311-mnc180-ar: Cannot utime: Operation not permitted
build	Cache Android SDK	2026-06-06T12:22:54.0931334Z /usr/bin/tar: ../../../../../usr/local/lib/android/sdk/platforms/android-36.1/data/res/values-mcc311-mnc180-ar: Cannot change mode to rwxr-xr-x: Operation not permitted
build	Cache Android SDK	2026-06-06T12:22:54.0933612Z /usr/bin/tar: ../../../../../usr/local/lib/android/sdk/platforms/android-36.1/data/res/values-mcc310-mnc800-ca: Cannot utime: Operation not permitted
build	Cache Android SDK	2026-06-06T12:22:54.0934541Z /usr/bin/tar: ../../../../../usr/local/lib/android/sdk/platforms/android-36.1/data/res/values-mcc310-mnc800-ca: Cannot change mode to rwxr-xr-x: Operation not permitted
build	Cache Android SDK	2026-06-06T12:22:54.0937302Z /usr/bin/tar: ../../../../../usr/local/lib/android/sdk/platforms/android-36.1/data/res/values-mcc310-mnc560-as: Cannot utime: Operation not permitted
build	Cache Android SDK	2026-06-06T12:22:54.0938414Z /usr/bin/tar: ../../../../../usr/local/lib/android/sdk/platforms/android-36.1/data/res/values-mcc310-mnc560-as: Cannot change mode to rwxr-xr-x: Operation not permitted
build	Cache Android SDK	2026-06-06T12:22:54.0940393Z /usr/bin/tar: ../../../../../usr/local/lib/android/sdk/platforms/android-36.1/data/res/values-mcc310-mnc310-zh-rCN: Cannot utime: Operation not permitted
build	Cache Android SDK	2026-06-06T12:22:54.0941366Z /usr/bin/tar: ../../../../../usr/local/lib/android/sdk/platforms/android-36.1/data/res/values-mcc310-mnc310-zh-rCN: Cannot change mode to rwxr-xr-x: Operation not permitted
build	Cache Android SDK	2026-06-06T12:22:54.0943835Z /usr/bin/tar: ../../../../../usr/local/lib/android/sdk/platforms/android-36.1/data/res/values-mcc310-mnc800-gl: Cannot utime: Operation not permitted
build	Cache Android SDK	2026-06-06T12:22:54.0944917Z /usr/bin/tar: ../../../../../usr/local/lib/android/sdk/platforms/android-36.1/data/res/values-mcc310-mnc800-gl: Cannot change mode to rwxr-xr-x: Operation not permitted
build	Cache Android SDK	2026-06-06T12:22:54.0946717Z /usr/bin/tar: ../../../../../usr/local/lib/android/sdk/platforms/android-36.1/data/res/values-mcc310-mnc240-si: Cannot utime: Operation not permitted
build	Cache Android SDK	2026-06-06T12:22:54.0947923Z /usr/bin/tar: ../../../../../usr/local/lib/android/sdk/platforms/android-36.1/data/res/values-mcc310-mnc240-si: Cannot change mode to rwxr-xr-x: Operation not permitted
build	Cache Android SDK	2026-06-06T12:22:54.0950442Z /usr/bin/tar: ../../../../../usr/local/lib/android/sdk/platforms/android-36.1/data/res/values-mcc313-mnc100-en-rAU: Cannot utime: Operation not permitted
build	Cache Android SDK	2026-06-06T12:22:54.0951499Z /usr/bin/tar: ../../../../../usr/local/lib/android/sdk/platforms/android-36.1/data/res/values-mcc313-mnc100-en-rAU: Cannot change mode to rwxr-xr-x: Operation not permitted
build	Cache Android SDK	2026-06-06T12:22:54.0954767Z /usr/bin/tar: ../../../../../usr/local/lib/android/sdk/platforms/android-36.1/data/res/values-mcc310-mnc280-sk: Cannot utime: Operation not permitted
build	Cache Android SDK	2026-06-06T12:22:54.0955702Z /usr/bin/tar: ../../../../../usr/local/lib/android/sdk/platforms/android-36.1/data/res/values-mcc310-mnc280-sk: Cannot change mode to rwxr-xr-x: Operation not permitted
build	Cache Android SDK	2026-06-06T12:22:54.0957789Z /usr/bin/tar: ../../../../../usr/local/lib/android/sdk/platforms/android-36.1/data/res/values-mcc310-mnc170-or: Cannot utime: Operation not permitted
build	Cache Android SDK	2026-06-06T12:22:54.0958728Z /usr/bin/tar: ../../../../../usr/local/lib/android/sdk/platforms/android-36.1/data/res/values-mcc310-mnc170-or: Cannot change mode to rwxr-xr-x: Operation not permitted
build	Cache Android SDK	2026-06-06T12:22:54.0961083Z /usr/bin/tar: ../../../../../usr/local/lib/android/sdk/platforms/android-36.1/data/res/values-mcc310-mnc200-ko: Cannot utime: Operation not permitted
build	Cache Android SDK	2026-06-06T12:22:54.0962091Z /usr/bin/tar: ../../../../../usr/local/lib/android/sdk/platforms/android-36.1/data/res/values-mcc310-mnc200-ko: Cannot change mode to rwxr-xr-x: Operation not permitted
build	Cache Android SDK	2026-06-06T12:22:54.0964163Z /usr/bin/tar: ../../../../../usr/local/lib/android/sdk/platforms/android-36.1/data/res/values-mcc310-mnc270-b+sr+Latn: Cannot utime: Operation not permitted
build	Cache Android SDK	2026-06-06T12:22:54.0965147Z /usr/bin/tar: ../../../../../usr/local/lib/android/sdk/platforms/android-36.1/data/res/values-mcc310-mnc270-b+sr+Latn: Cannot change mode to rwxr-xr-x: Operation not permitted
build	Cache Android SDK	2026-06-06T12:22:54.0967830Z /usr/bin/tar: ../../../../../usr/local/lib/android/sdk/platforms/android-36.1/data/res/values-uz-television: Cannot utime: Operation not permitted
build	Cache Android SDK	2026-06-06T12:22:54.0968775Z /usr/bin/tar: ../../../../../usr/local/lib/android/sdk/platforms/android-36.1/data/res/values-uz-television: Cannot change mode to rwxr-xr-x: Operation not permitted
build	Cache Android SDK	2026-06-06T12:22:54.0970739Z /usr/bin/tar: ../../../../../usr/local/lib/android/sdk/platforms/android-36.1/data/res/values-mcc310-mnc030-tr: Cannot utime: Operation not permitted
build	Cache Android SDK	2026-06-06T12:22:54.0971860Z /usr/bin/tar: ../../../../../usr/local/lib/android/sdk/platforms/android-36.1/data/res/values-mcc310-mnc030-tr: Cannot change mode to rwxr-xr-x: Operation not permitted
build	Cache Android SDK	2026-06-06T12:22:54.0974117Z /usr/bin/tar: ../../../../../usr/local/lib/android/sdk/platforms/android-36.1/data/res/values-vi-television: Cannot utime: Operation not permitted
build	Cache Android SDK	2026-06-06T12:22:54.0975036Z /usr/bin/tar: ../../../../../usr/local/lib/android/sdk/platforms/android-36.1/data/res/values-vi-television: Cannot change mode to rwxr-xr-x: Operation not permitted
build	Cache Android SDK	2026-06-06T12:22:54.0977252Z /usr/bin/tar: ../../../../../usr/local/lib/android/sdk/platforms/android-36.1/data/res/values-mcc310-mnc800-sv: Cannot utime: Operation not permitted
build	Cache Android SDK	2026-06-06T12:22:54.0978378Z /usr/bin/tar: ../../../../../usr/local/lib/android/sdk/platforms/android-36.1/data/res/values-mcc310-mnc800-sv: Cannot change mode to rwxr-xr-x: Operation not permitted
build	Cache Android SDK	2026-06-06T12:22:54.0980945Z /usr/bin/tar: ../../../../../usr/local/lib/android/sdk/platforms/android-36.1/data/res/values-mcc001-mnc01-mn: Cannot utime: Operation not permitted
build	Cache Android SDK	2026-06-06T12:22:54.0981963Z /usr/bin/tar: ../../../../../usr/local/lib/android/sdk/platforms/android-36.1/data/res/values-mcc001-mnc01-mn: Cannot change mode to rwxr-xr-x: Operation not permitted
build	Cache Android SDK	2026-06-06T12:22:54.0984062Z /usr/bin/tar: ../../../../../usr/local/lib/android/sdk/platforms/android-36.1/data/res/values-mcc001-mnc01-sk: Cannot utime: Operation not permitted
build	Cache Android SDK	2026-06-06T12:22:54.0984992Z /usr/bin/tar: ../../../../../usr/local/lib/android/sdk/platforms/android-36.1/data/res/values-mcc001-mnc01-sk: Cannot change mode to rwxr-xr-x: Operation not permitted
build	Cache Android SDK	2026-06-06T12:22:54.0987793Z /usr/bin/tar: ../../../../../usr/local/lib/android/sdk/platforms/android-36.1/data/res/values-mcc311-mnc180-ko: Cannot utime: Operation not permitted
build	Cache Android SDK	2026-06-06T12:22:54.0989398Z /usr/bin/tar: ../../../../../usr/local/lib/android/sdk/platforms/android-36.1/data/res/values-mcc311-mnc180-ko: Cannot change mode to rwxr-xr-x: Operation not permitted
build	Cache Android SDK	2026-06-06T12:22:54.0993674Z /usr/bin/tar: ../../../../../usr/local/lib/android/sdk/platforms/android-36.1/data/res/raw-fi: Cannot utime: Operation not permitted
build	Cache Android SDK	2026-06-06T12:22:54.0994766Z /usr/bin/tar: ../../../../../usr/local/lib/android/sdk/platforms/android-36.1/data/res/raw-fi: Cannot change mode to rwxr-xr-x: Operation not permitted
build	Cache Android SDK	2026-06-06T12:22:54.0996602Z /usr/bin/tar: ../../../../../usr/local/lib/android/sdk/platforms/android-36.1/data/res/values-mcc313-mnc100-gu: Cannot utime: Operation not permitted
build	Cache Android SDK	2026-06-06T12:22:54.0998299Z /usr/bin/tar: ../../../../../usr/local/lib/android/sdk/platforms/android-36.1/data/res/values-mcc313-mnc100-gu: Cannot change mode to rwxr-xr-x: Operation not permitted
build	Cache Android SDK	2026-06-06T12:22:54.1000228Z /usr/bin/tar: ../../../../../usr/local/lib/android/sdk/platforms/android-36.1/data/res/values-mcc310-mnc240-lv: Cannot utime: Operation not permitted
build	Cache Android SDK	2026-06-06T12:22:54.1001387Z /usr/bin/tar: ../../../../../usr/local/lib/android/sdk/platforms/android-36.1/data/res/values-mcc310-mnc240-lv: Cannot change mode to rwxr-xr-x: Operation not permitted
build	Cache Android SDK	2026-06-06T12:22:54.1003747Z /usr/bin/tar: ../../../../../usr/local/lib/android/sdk/platforms/android-36.1/data/res/values-mcc310-mnc280-zh-rCN: Cannot utime: Operation not permitted
build	Cache Android SDK	2026-06-06T12:22:54.1004850Z /usr/bin/tar: ../../../../../usr/local/lib/android/sdk/platforms/android-36.1/data/res/values-mcc310-mnc280-zh-rCN: Cannot change mode to rwxr-xr-x: Operation not permitted
build	Cache Android SDK	2026-06-06T12:22:54.1007166Z /usr/bin/tar: ../../../../../usr/local/lib/android/sdk/platforms/android-36.1/data/res/values-en-rNZ: Cannot utime: Operation not permitted
build	Cache Android SDK	2026-06-06T12:22:54.1008220Z /usr/bin/tar: ../../../../../usr/local/lib/android/sdk/platforms/android-36.1/data/res/values-en-rNZ: Cannot change mode to rwxr-xr-x: Operation not permitted
build	Cache Android SDK	2026-06-06T12:22:54.1010367Z /usr/bin/tar: ../../../../../usr/local/lib/android/sdk/platforms/android-36.1/data/res/values-mcc310-mnc240-fr: Cannot utime: Operation not permitted
build	Cache Android SDK	2026-06-06T12:22:54.1011395Z /usr/bin/tar: ../../../../../usr/local/lib/android/sdk/platforms/android-36.1/data/res/values-mcc310-mnc240-fr: Cannot change mode to rwxr-xr-x: Operation not permitted
build	Cache Android SDK	2026-06-06T12:22:54.1014211Z /usr/bin/tar: ../../../../../usr/local/lib/android/sdk/platforms/android-36.1/data/res/values-mcc310-mnc250-si: Cannot utime: Operation not permitted
build	Cache Android SDK	2026-06-06T12:22:54.1015834Z /usr/bin/tar: ../../../../../usr/local/lib/android/sdk/platforms/android-36.1/data/res/values-mcc310-mnc250-si: Cannot change mode to rwxr-xr-x: Operation not permitted
build	Cache Android SDK	2026-06-06T12:22:54.1016900Z /usr/bin/tar: ../../../../../usr/local/lib/android/sdk/platforms/android-36.1/data/res/values-mcc310-mnc170-ja: Cannot utime: Operation not permitted
build	Cache Android SDK	2026-06-06T12:22:54.1017810Z /usr/bin/tar: ../../../../../usr/local/lib/android/sdk/platforms/android-36.1/data/res/values-mcc310-mnc170-ja: Cannot change mode to rwxr-xr-x: Operation not permitted
build	Cache Android SDK	2026-06-06T12:22:54.1020584Z /usr/bin/tar: ../../../../../usr/local/lib/android/sdk/platforms/android-36.1/data/res/values-mcc302-mnc720-hu: Cannot utime: Operation not permitted
build	Cache Android SDK	2026-06-06T12:22:54.1021155Z /usr/bin/tar: ../../../../../usr/local/lib/android/sdk/platforms/android-36.1/data/res/values-mcc302-mnc720-hu: Cannot change mode to rwxr-xr-x: Operation not permitted
build	Cache Android SDK	2026-06-06T12:22:54.1023752Z /usr/bin/tar: ../../../../../usr/local/lib/android/sdk/platforms/android-36.1/data/res/values-mcc310-mnc160-zh-rTW: Cannot utime: Operation not permitted
build	Cache Android SDK	2026-06-06T12:22:54.1024235Z /usr/bin/tar: ../../../../../usr/local/lib/android/sdk/platforms/android-36.1/data/res/values-mcc310-mnc160-zh-rTW: Cannot change mode to rwxr-xr-x: Operation not permitted
build	Cache Android SDK	2026-06-06T12:22:54.1026952Z /usr/bin/tar: ../../../../../usr/local/lib/android/sdk/platforms/android-36.1/data/res/values-mcc310-mnc310-gl: Cannot utime: Operation not permitted
build	Cache Android SDK	2026-06-06T12:22:54.1027707Z /usr/bin/tar: ../../../../../usr/local/lib/android/sdk/platforms/android-36.1/data/res/values-mcc310-mnc310-gl: Cannot change mode to rwxr-xr-x: Operation not permitted
build	Cache Android SDK	2026-06-06T12:22:54.1030052Z /usr/bin/tar: ../../../../../usr/local/lib/android/sdk/platforms/android-36.1/data/res/values-mcc310-mnc030-hr: Cannot utime: Operation not permitted
build	Cache Android SDK	2026-06-06T12:22:54.1030512Z /usr/bin/tar: ../../../../../usr/local/lib/android/sdk/platforms/android-36.1/data/res/values-mcc310-mnc030-hr: Cannot change mode to rwxr-xr-x: Operation not permitted
build	Cache Android SDK	2026-06-06T12:22:54.1033160Z /usr/bin/tar: ../../../../../usr/local/lib/android/sdk/platforms/android-36.1/data/res/values-mcc310-mnc280-ka: Cannot utime: Operation not permitted
build	Cache Android SDK	2026-06-06T12:22:54.1033639Z /usr/bin/tar: ../../../../../usr/local/lib/android/sdk/platforms/android-36.1/data/res/values-mcc310-mnc280-ka: Cannot change mode to rwxr-xr-x: Operation not permitted
build	Cache Android SDK	2026-06-06T12:22:54.1036521Z /usr/bin/tar: ../../../../../usr/local/lib/android/sdk/platforms/android-36.1/data/res/values-mcc310-mnc950-te: Cannot utime: Operation not permitted
build	Cache Android SDK	2026-06-06T12:22:54.1036999Z /usr/bin/tar: ../../../../../usr/local/lib/android/sdk/platforms/android-36.1/data/res/values-mcc310-mnc950-te: Cannot change mode to rwxr-xr-x: Operation not permitted
build	Cache Android SDK	2026-06-06T12:22:54.1040228Z /usr/bin/tar: ../../../../../usr/local/lib/android/sdk/platforms/android-36.1/data/res/values-mcc302-mnc720-ka: Cannot utime: Operation not permitted
build	Cache Android SDK	2026-06-06T12:22:54.1040693Z /usr/bin/tar: ../../../../../usr/local/lib/android/sdk/platforms/android-36.1/data/res/values-mcc302-mnc720-ka: Cannot change mode to rwxr-xr-x: Operation not permitted
build	Cache Android SDK	2026-06-06T12:22:54.1043761Z /usr/bin/tar: ../../../../../usr/local/lib/android/sdk/platforms/android-36.1/data/res/values-mcc310-mnc210-pt: Cannot utime: Operation not permitted
build	Cache Android SDK	2026-06-06T12:22:54.1044229Z /usr/bin/tar: ../../../../../usr/local/lib/android/sdk/platforms/android-36.1/data/res/values-mcc310-mnc210-pt: Cannot change mode to rwxr-xr-x: Operation not permitted
build	Cache Android SDK	2026-06-06T12:22:54.1047017Z /usr/bin/tar: ../../../../../usr/local/lib/android/sdk/platforms/android-36.1/data/res/values-mcc310-mnc250-b+sr+Latn: Cannot utime: Operation not permitted
build	Cache Android SDK	2026-06-06T12:22:54.1047693Z /usr/bin/tar: ../../../../../usr/local/lib/android/sdk/platforms/android-36.1/data/res/values-mcc310-mnc250-b+sr+Latn: Cannot change mode to rwxr-xr-x: Operation not permitted
build	Cache Android SDK	2026-06-06T12:22:54.1050135Z /usr/bin/tar: ../../../../../usr/local/lib/android/sdk/platforms/android-36.1/data/res/values-mcc310-mnc380-iw: Cannot utime: Operation not permitted
build	Cache Android SDK	2026-06-06T12:22:54.1050601Z /usr/bin/tar: ../../../../../usr/local/lib/android/sdk/platforms/android-36.1/data/res/values-mcc310-mnc380-iw: Cannot change mode to rwxr-xr-x: Operation not permitted
build	Cache Android SDK	2026-06-06T12:22:54.1053246Z /usr/bin/tar: ../../../../../usr/local/lib/android/sdk/platforms/android-36.1/data/res/values-mcc732-mnc123: Cannot utime: Operation not permitted
build	Cache Android SDK	2026-06-06T12:22:54.1053720Z /usr/bin/tar: ../../../../../usr/local/lib/android/sdk/platforms/android-36.1/data/res/values-mcc732-mnc123: Cannot change mode to rwxr-xr-x: Operation not permitted
build	Cache Android SDK	2026-06-06T12:22:54.1056622Z /usr/bin/tar: ../../../../../usr/local/lib/android/sdk/platforms/android-36.1/data/res/values-mcc302-mnc370-cs: Cannot utime: Operation not permitted
build	Cache Android SDK	2026-06-06T12:22:54.1057071Z /usr/bin/tar: ../../../../../usr/local/lib/android/sdk/platforms/android-36.1/data/res/values-mcc302-mnc370-cs: Cannot change mode to rwxr-xr-x: Operation not permitted
build	Cache Android SDK	2026-06-06T12:22:54.1060303Z /usr/bin/tar: ../../../../../usr/local/lib/android/sdk/platforms/android-36.1/data/res/values-mcc311-mnc180-sr: Cannot utime: Operation not permitted
build	Cache Android SDK	2026-06-06T12:22:54.1060766Z /usr/bin/tar: ../../../../../usr/local/lib/android/sdk/platforms/android-36.1/data/res/values-mcc311-mnc180-sr: Cannot change mode to rwxr-xr-x: Operation not permitted
build	Cache Android SDK	2026-06-06T12:22:54.1063406Z /usr/bin/tar: ../../../../../usr/local/lib/android/sdk/platforms/android-36.1/data/res/values-mcc302-mnc370-ur: Cannot utime: Operation not permitted
build	Cache Android SDK	2026-06-06T12:22:54.1064048Z /usr/bin/tar: ../../../../../usr/local/lib/android/sdk/platforms/android-36.1/data/res/values-mcc302-mnc370-ur: Cannot change mode to rwxr-xr-x: Operation not permitted
build	Cache Android SDK	2026-06-06T12:22:54.1066799Z /usr/bin/tar: ../../../../../usr/local/lib/android/sdk/platforms/android-36.1/data/res/values-mcc310-mnc230-kk: Cannot utime: Operation not permitted
build	Cache Android SDK	2026-06-06T12:22:54.1067265Z /usr/bin/tar: ../../../../../usr/local/lib/android/sdk/platforms/android-36.1/data/res/values-mcc310-mnc230-kk: Cannot change mode to rwxr-xr-x: Operation not permitted
build	Cache Android SDK	2026-06-06T12:22:54.1069592Z /usr/bin/tar: ../../../../../usr/local/lib/android/sdk/platforms/android-36.1/data/res/values-mcc310-mnc490-eu: Cannot utime: Operation not permitted
build	Cache Android SDK	2026-06-06T12:22:54.1070062Z /usr/bin/tar: ../../../../../usr/local/lib/android/sdk/platforms/android-36.1/data/res/values-mcc310-mnc490-eu: Cannot change mode to rwxr-xr-x: Operation not permitted
build	Cache Android SDK	2026-06-06T12:22:54.1072727Z /usr/bin/tar: ../../../../../usr/local/lib/android/sdk/platforms/android-36.1/data/res/values-mcc310-mnc170-az: Cannot utime: Operation not permitted
build	Cache Android SDK	2026-06-06T12:22:54.1073197Z /usr/bin/tar: ../../../../../usr/local/lib/android/sdk/platforms/android-36.1/data/res/values-mcc310-mnc170-az: Cannot change mode to rwxr-xr-x: Operation not permitted
build	Cache Android SDK	2026-06-06T12:22:54.1075967Z /usr/bin/tar: ../../../../../usr/local/lib/android/sdk/platforms/android-36.1/data/res/values-mcc311-mnc480: Cannot utime: Operation not permitted
build	Cache Android SDK	2026-06-06T12:22:54.1076418Z /usr/bin/tar: ../../../../../usr/local/lib/android/sdk/platforms/android-36.1/data/res/values-mcc311-mnc480: Cannot change mode to rwxr-xr-x: Operation not permitted
build	Cache Android SDK	2026-06-06T12:22:54.1079385Z /usr/bin/tar: ../../../../../usr/local/lib/android/sdk/platforms/android-36.1/data/res/values-mcc310-mnc250-sw: Cannot utime: Operation not permitted
build	Cache Android SDK	2026-06-06T12:22:54.1079841Z /usr/bin/tar: ../../../../../usr/local/lib/android/sdk/platforms/android-36.1/data/res/values-mcc310-mnc250-sw: Cannot change mode to rwxr-xr-x: Operation not permitted
build	Cache Android SDK	2026-06-06T12:22:54.1085541Z /usr/bin/tar: ../../../../../usr/local/lib/android/sdk/platforms/android-36.1/data/res/values-gl: Cannot utime: Operation not permitted
build	Cache Android SDK	2026-06-06T12:22:54.1085972Z /usr/bin/tar: ../../../../../usr/local/lib/android/sdk/platforms/android-36.1/data/res/values-gl: Cannot change mode to rwxr-xr-x: Operation not permitted
build	Cache Android SDK	2026-06-06T12:22:54.1088863Z /usr/bin/tar: ../../../../../usr/local/lib/android/sdk/platforms/android-36.1/data/res/values-mcc001-mnc01-pt-rPT: Cannot utime: Operation not permitted
build	Cache Android SDK	2026-06-06T12:22:54.1089340Z /usr/bin/tar: ../../../../../usr/local/lib/android/sdk/platforms/android-36.1/data/res/values-mcc001-mnc01-pt-rPT: Cannot change mode to rwxr-xr-x: Operation not permitted
build	Cache Android SDK	2026-06-06T12:22:54.1091715Z /usr/bin/tar: ../../../../../usr/local/lib/android/sdk/platforms/android-36.1/data/res/values-mcc310-mnc250-ja: Cannot utime: Operation not permitted
build	Cache Android SDK	2026-06-06T12:22:54.1092179Z /usr/bin/tar: ../../../../../usr/local/lib/android/sdk/platforms/android-36.1/data/res/values-mcc310-mnc250-ja: Cannot change mode to rwxr-xr-x: Operation not permitted
build	Cache Android SDK	2026-06-06T12:22:54.1095178Z /usr/bin/tar: ../../../../../usr/local/lib/android/sdk/platforms/android-36.1/data/res/values-mcc311-mnc180-en-rGB: Cannot utime: Operation not permitted
build	Cache Android SDK	2026-06-06T12:22:54.1095661Z /usr/bin/tar: ../../../../../usr/local/lib/android/sdk/platforms/android-36.1/data/res/values-mcc311-mnc180-en-rGB: Cannot change mode to rwxr-xr-x: Operation not permitted
build	Cache Android SDK	2026-06-06T12:22:54.1098104Z /usr/bin/tar: ../../../../../usr/local/lib/android/sdk/platforms/android-36.1/data/res/values-mcc310-mnc220-tr: Cannot utime: Operation not permitted
build	Cache Android SDK	2026-06-06T12:22:54.1098556Z /usr/bin/tar: ../../../../../usr/local/lib/android/sdk/platforms/android-36.1/data/res/values-mcc310-mnc220-tr: Cannot change mode to rwxr-xr-x: Operation not permitted
build	Cache Android SDK	2026-06-06T12:22:54.1101224Z /usr/bin/tar: ../../../../../usr/local/lib/android/sdk/platforms/android-36.1/data/res/values-ms-television: Cannot utime: Operation not permitted
build	Cache Android SDK	2026-06-06T12:22:54.1101770Z /usr/bin/tar: ../../../../../usr/local/lib/android/sdk/platforms/android-36.1/data/res/values-ms-television: Cannot change mode to rwxr-xr-x: Operation not permitted
build	Cache Android SDK	2026-06-06T12:22:54.1104121Z /usr/bin/tar: ../../../../../usr/local/lib/android/sdk/platforms/android-36.1/data/res/values-mcc310-mnc380-hr: Cannot utime: Operation not permitted
build	Cache Android SDK	2026-06-06T12:22:54.1104577Z /usr/bin/tar: ../../../../../usr/local/lib/android/sdk/platforms/android-36.1/data/res/values-mcc310-mnc380-hr: Cannot change mode to rwxr-xr-x: Operation not permitted
build	Cache Android SDK	2026-06-06T12:22:54.1107267Z /usr/bin/tar: ../../../../../usr/local/lib/android/sdk/platforms/android-36.1/data/res/values-mcc313-mnc100-es: Cannot utime: Operation not permitted
build	Cache Android SDK	2026-06-06T12:22:54.1107940Z /usr/bin/tar: ../../../../../usr/local/lib/android/sdk/platforms/android-36.1/data/res/values-mcc313-mnc100-es: Cannot change mode to rwxr-xr-x: Operation not permitted
build	Cache Android SDK	2026-06-06T12:22:54.1110553Z /usr/bin/tar: ../../../../../usr/local/lib/android/sdk/platforms/android-36.1/data/res/values-mcc310-mnc410-uk: Cannot utime: Operation not permitted
build	Cache Android SDK	2026-06-06T12:22:54.1111024Z /usr/bin/tar: ../../../../../usr/local/lib/android/sdk/platforms/android-36.1/data/res/values-mcc310-mnc410-uk: Cannot change mode to rwxr-xr-x: Operation not permitted
build	Cache Android SDK	2026-06-06T12:22:54.1113374Z /usr/bin/tar: ../../../../../usr/local/lib/android/sdk/platforms/android-36.1/data/res/values-mcc310-mnc280-fa: Cannot utime: Operation not permitted
build	Cache Android SDK	2026-06-06T12:22:54.1113826Z /usr/bin/tar: ../../../../../usr/local/lib/android/sdk/platforms/android-36.1/data/res/values-mcc310-mnc280-fa: Cannot change mode to rwxr-xr-x: Operation not permitted
build	Cache Android SDK	2026-06-06T12:22:54.1116954Z /usr/bin/tar: ../../../../../usr/local/lib/android/sdk/platforms/android-36.1/data/res/values-mcc302-mnc720-bn: Cannot utime: Operation not permitted
build	Cache Android SDK	2026-06-06T12:22:54.1117580Z /usr/bin/tar: ../../../../../usr/local/lib/android/sdk/platforms/android-36.1/data/res/values-mcc302-mnc720-bn: Cannot change mode to rwxr-xr-x: Operation not permitted
build	Cache Android SDK	2026-06-06T12:22:54.1119977Z /usr/bin/tar: ../../../../../usr/local/lib/android/sdk/platforms/android-36.1/data/res/values-mcc262-mnc02: Cannot utime: Operation not permitted
build	Cache Android SDK	2026-06-06T12:22:54.1120436Z /usr/bin/tar: ../../../../../usr/local/lib/android/sdk/platforms/android-36.1/data/res/values-mcc262-mnc02: Cannot change mode to rwxr-xr-x: Operation not permitted
build	Cache Android SDK	2026-06-06T12:22:54.1123168Z /usr/bin/tar: ../../../../../usr/local/lib/android/sdk/platforms/android-36.1/data/res/values-mcc310-mnc230-cs: Cannot utime: Operation not permitted
build	Cache Android SDK	2026-06-06T12:22:54.1123630Z /usr/bin/tar: ../../../../../usr/local/lib/android/sdk/platforms/android-36.1/data/res/values-mcc310-mnc230-cs: Cannot change mode to rwxr-xr-x: Operation not permitted
build	Cache Android SDK	2026-06-06T12:22:54.1126283Z /usr/bin/tar: ../../../../../usr/local/lib/android/sdk/platforms/android-36.1/data/res/values-mcc310-mnc800-zu: Cannot utime: Operation not permitted
build	Cache Android SDK	2026-06-06T12:22:54.1126746Z /usr/bin/tar: ../../../../../usr/local/lib/android/sdk/platforms/android-36.1/data/res/values-mcc310-mnc800-zu: Cannot change mode to rwxr-xr-x: Operation not permitted
build	Cache Android SDK	2026-06-06T12:22:54.1133511Z /usr/bin/tar: ../../../../../usr/local/lib/android/sdk/platforms/android-36.1/data/res/values-fr: Cannot utime: Operation not permitted
build	Cache Android SDK	2026-06-06T12:22:54.1133938Z /usr/bin/tar: ../../../../../usr/local/lib/android/sdk/platforms/android-36.1/data/res/values-fr: Cannot change mode to rwxr-xr-x: Operation not permitted
build	Cache Android SDK	2026-06-06T12:22:54.1136297Z /usr/bin/tar: ../../../../../usr/local/lib/android/sdk/platforms/android-36.1/data/res/values-mcc310-mnc380-is: Cannot utime: Operation not permitted
build	Cache Android SDK	2026-06-06T12:22:54.1136759Z /usr/bin/tar: ../../../../../usr/local/lib/android/sdk/platforms/android-36.1/data/res/values-mcc310-mnc380-is: Cannot change mode to rwxr-xr-x: Operation not permitted
build	Cache Android SDK	2026-06-06T12:22:54.1139727Z /usr/bin/tar: ../../../../../usr/local/lib/android/sdk/platforms/android-36.1/data/res/values-mcc466-mnc06: Cannot utime: Operation not permitted
build	Cache Android SDK	2026-06-06T12:22:54.1140264Z /usr/bin/tar: ../../../../../usr/local/lib/android/sdk/platforms/android-36.1/data/res/values-mcc466-mnc06: Cannot change mode to rwxr-xr-x: Operation not permitted
build	Cache Android SDK	2026-06-06T12:22:54.1142781Z /usr/bin/tar: ../../../../../usr/local/lib/android/sdk/platforms/android-36.1/data/res/values-mcc310-mnc490-uz: Cannot utime: Operation not permitted
build	Cache Android SDK	2026-06-06T12:22:54.1143243Z /usr/bin/tar: ../../../../../usr/local/lib/android/sdk/platforms/android-36.1/data/res/values-mcc310-mnc490-uz: Cannot change mode to rwxr-xr-x: Operation not permitted
build	Cache Android SDK	2026-06-06T12:22:54.1146296Z /usr/bin/tar: ../../../../../usr/local/lib/android/sdk/platforms/android-36.1/data/res/values-mcc310-mnc270-ja: Cannot utime: Operation not permitted
build	Cache Android SDK	2026-06-06T12:22:54.1146762Z /usr/bin/tar: ../../../../../usr/local/lib/android/sdk/platforms/android-36.1/data/res/values-mcc310-mnc270-ja: Cannot change mode to rwxr-xr-x: Operation not permitted
build	Cache Android SDK	2026-06-06T12:22:54.1149553Z /usr/bin/tar: ../../../../../usr/local/lib/android/sdk/platforms/android-36.1/data/res/values-mcc302-mnc720-hi: Cannot utime: Operation not permitted
build	Cache Android SDK	2026-06-06T12:22:54.1150011Z /usr/bin/tar: ../../../../../usr/local/lib/android/sdk/platforms/android-36.1/data/res/values-mcc302-mnc720-hi: Cannot change mode to rwxr-xr-x: Operation not permitted
build	Cache Android SDK	2026-06-06T12:22:54.1152664Z /usr/bin/tar: ../../../../../usr/local/lib/android/sdk/platforms/android-36.1/data/res/values-mcc302-mnc720-bg: Cannot utime: Operation not permitted
build	Cache Android SDK	2026-06-06T12:22:54.1153121Z /usr/bin/tar: ../../../../../usr/local/lib/android/sdk/platforms/android-36.1/data/res/values-mcc302-mnc720-bg: Cannot change mode to rwxr-xr-x: Operation not permitted
build	Cache Android SDK	2026-06-06T12:22:54.1155650Z /usr/bin/tar: ../../../../../usr/local/lib/android/sdk/platforms/android-36.1/data/res/values-mcc310-mnc380-af: Cannot utime: Operation not permitted
build	Cache Android SDK	2026-06-06T12:22:54.1156112Z /usr/bin/tar: ../../../../../usr/local/lib/android/sdk/platforms/android-36.1/data/res/values-mcc310-mnc380-af: Cannot change mode to rwxr-xr-x: Operation not permitted
build	Cache Android SDK	2026-06-06T12:22:54.1158768Z /usr/bin/tar: ../../../../../usr/local/lib/android/sdk/platforms/android-36.1/data/res/values-mcc001-mnc01-fi: Cannot utime: Operation not permitted
build	Cache Android SDK	2026-06-06T12:22:54.1159259Z /usr/bin/tar: ../../../../../usr/local/lib/android/sdk/platforms/android-36.1/data/res/values-mcc001-mnc01-fi: Cannot change mode to rwxr-xr-x: Operation not permitted
build	Cache Android SDK	2026-06-06T12:22:54.1161896Z /usr/bin/tar: ../../../../../usr/local/lib/android/sdk/platforms/android-36.1/data/res/values-mcc310-mnc490-mn: Cannot utime: Operation not permitted
build	Cache Android SDK	2026-06-06T12:22:54.1162366Z /usr/bin/tar: ../../../../../usr/local/lib/android/sdk/platforms/android-36.1/data/res/values-mcc310-mnc490-mn: Cannot change mode to rwxr-xr-x: Operation not permitted
build	Cache Android SDK	2026-06-06T12:22:54.1164964Z /usr/bin/tar: ../../../../../usr/local/lib/android/sdk/platforms/android-36.1/data/res/values-mcc310-mnc410-fa: Cannot utime: Operation not permitted
build	Cache Android SDK	2026-06-06T12:22:54.1165437Z /usr/bin/tar: ../../../../../usr/local/lib/android/sdk/platforms/android-36.1/data/res/values-mcc310-mnc410-fa: Cannot change mode to rwxr-xr-x: Operation not permitted
build	Cache Android SDK	2026-06-06T12:22:54.1168201Z /usr/bin/tar: ../../../../../usr/local/lib/android/sdk/platforms/android-36.1/data/res/values-mcc310-mnc410-iw: Cannot utime: Operation not permitted
build	Cache Android SDK	2026-06-06T12:22:54.1168660Z /usr/bin/tar: ../../../../../usr/local/lib/android/sdk/platforms/android-36.1/data/res/values-mcc310-mnc410-iw: Cannot change mode to rwxr-xr-x: Operation not permitted
build	Cache Android SDK	2026-06-06T12:22:54.1171098Z /usr/bin/tar: ../../../../../usr/local/lib/android/sdk/platforms/android-36.1/data/res/values-mcc310-mnc380-zu: Cannot utime: Operation not permitted
build	Cache Android SDK	2026-06-06T12:22:54.1171640Z /usr/bin/tar: ../../../../../usr/local/lib/android/sdk/platforms/android-36.1/data/res/values-mcc310-mnc380-zu: Cannot change mode to rwxr-xr-x: Operation not permitted
build	Cache Android SDK	2026-06-06T12:22:54.1178820Z /usr/bin/tar: ../../../../../usr/local/lib/android/sdk/platforms/android-36.1/data/res/values-iw: Cannot utime: Operation not permitted
build	Cache Android SDK	2026-06-06T12:22:54.1179568Z /usr/bin/tar: ../../../../../usr/local/lib/android/sdk/platforms/android-36.1/data/res/values-iw: Cannot change mode to rwxr-xr-x: Operation not permitted
build	Cache Android SDK	2026-06-06T12:22:54.1181393Z /usr/bin/tar: ../../../../../usr/local/lib/android/sdk/platforms/android-36.1/data/res/values-mcc310-mnc150-en-rIN: Cannot utime: Operation not permitted
build	Cache Android SDK	2026-06-06T12:22:54.1181926Z /usr/bin/tar: ../../../../../usr/local/lib/android/sdk/platforms/android-36.1/data/res/values-mcc310-mnc150-en-rIN: Cannot change mode to rwxr-xr-x: Operation not permitted
build	Cache Android SDK	2026-06-06T12:22:54.1184146Z /usr/bin/tar: ../../../../../usr/local/lib/android/sdk/platforms/android-36.1/data/res/values-mcc311-mnc180-en-rIN: Cannot utime: Operation not permitted
build	Cache Android SDK	2026-06-06T12:22:54.1184611Z /usr/bin/tar: ../../../../../usr/local/lib/android/sdk/platforms/android-36.1/data/res/values-mcc311-mnc180-en-rIN: Cannot change mode to rwxr-xr-x: Operation not permitted
build	Cache Android SDK	2026-06-06T12:22:54.1187654Z /usr/bin/tar: ../../../../../usr/local/lib/android/sdk/platforms/android-36.1/data/res/values-mcc310-mnc800-is: Cannot utime: Operation not permitted
build	Cache Android SDK	2026-06-06T12:22:54.1188112Z /usr/bin/tar: ../../../../../usr/local/lib/android/sdk/platforms/android-36.1/data/res/values-mcc310-mnc800-is: Cannot change mode to rwxr-xr-x: Operation not permitted
build	Cache Android SDK	2026-06-06T12:22:54.1190452Z /usr/bin/tar: ../../../../../usr/local/lib/android/sdk/platforms/android-36.1/data/res/values-mcc302-mnc370-mr: Cannot utime: Operation not permitted
build	Cache Android SDK	2026-06-06T12:22:54.1190900Z /usr/bin/tar: ../../../../../usr/local/lib/android/sdk/platforms/android-36.1/data/res/values-mcc302-mnc370-mr: Cannot change mode to rwxr-xr-x: Operation not permitted
build	Cache Android SDK	2026-06-06T12:22:54.1193932Z /usr/bin/tar: ../../../../../usr/local/lib/android/sdk/platforms/android-36.1/data/res/values-mcc310-mnc800-ta: Cannot utime: Operation not permitted
build	Cache Android SDK	2026-06-06T12:22:54.1194508Z /usr/bin/tar: ../../../../../usr/local/lib/android/sdk/platforms/android-36.1/data/res/values-mcc310-mnc800-ta: Cannot change mode to rwxr-xr-x: Operation not permitted
build	Cache Android SDK	2026-06-06T12:22:54.1196943Z /usr/bin/tar: ../../../../../usr/local/lib/android/sdk/platforms/android-36.1/data/res/values-mcc310-mnc380-mn: Cannot utime: Operation not permitted
build	Cache Android SDK	2026-06-06T12:22:54.1197529Z /usr/bin/tar: ../../../../../usr/local/lib/android/sdk/platforms/android-36.1/data/res/values-mcc310-mnc380-mn: Cannot change mode to rwxr-xr-x: Operation not permitted
build	Cache Android SDK	2026-06-06T12:22:54.1202339Z /usr/bin/tar: ../../../../../usr/local/lib/android/sdk/platforms/android-36.1/data/res/values-mcc310-mnc560-ta: Cannot utime: Operation not permitted
build	Cache Android SDK	2026-06-06T12:22:54.1202792Z /usr/bin/tar: ../../../../../usr/local/lib/android/sdk/platforms/android-36.1/data/res/values-mcc310-mnc560-ta: Cannot change mode to rwxr-xr-x: Operation not permitted
build	Cache Android SDK	2026-06-06T12:22:54.1206525Z /usr/bin/tar: ../../../../../usr/local/lib/android/sdk/platforms/android-36.1/data/res/values-mcc310-mnc160-el: Cannot utime: Operation not permitted
build	Cache Android SDK	2026-06-06T12:22:54.1206974Z /usr/bin/tar: ../../../../../usr/local/lib/android/sdk/platforms/android-36.1/data/res/values-mcc310-mnc160-el: Cannot change mode to rwxr-xr-x: Operation not permitted
build	Cache Android SDK	2026-06-06T12:22:54.1209856Z /usr/bin/tar: ../../../../../usr/local/lib/android/sdk/platforms/android-36.1/data/res/values-mcc310-mnc240-en-rAU: Cannot utime: Operation not permitted
build	Cache Android SDK	2026-06-06T12:22:54.1210319Z /usr/bin/tar: ../../../../../usr/local/lib/android/sdk/platforms/android-36.1/data/res/values-mcc310-mnc240-en-rAU: Cannot change mode to rwxr-xr-x: Operation not permitted
build	Cache Android SDK	2026-06-06T12:22:54.1212896Z /usr/bin/tar: ../../../../../usr/local/lib/android/sdk/platforms/android-36.1/data/res/values-mcc310-mnc410-zh-rCN: Cannot utime: Operation not permitted
build	Cache Android SDK	2026-06-06T12:22:54.1213442Z /usr/bin/tar: ../../../../../usr/local/lib/android/sdk/platforms/android-36.1/data/res/values-mcc310-mnc410-zh-rCN: Cannot change mode to rwxr-xr-x: Operation not permitted
build	Cache Android SDK	2026-06-06T12:22:54.1216218Z /usr/bin/tar: ../../../../../usr/local/lib/android/sdk/platforms/android-36.1/data/res/values-mcc310-mnc250-lt: Cannot utime: Operation not permitted
build	Cache Android SDK	2026-06-06T12:22:54.1216665Z /usr/bin/tar: ../../../../../usr/local/lib/android/sdk/platforms/android-36.1/data/res/values-mcc310-mnc250-lt: Cannot change mode to rwxr-xr-x: Operation not permitted
build	Cache Android SDK	2026-06-06T12:22:54.1219250Z /usr/bin/tar: ../../../../../usr/local/lib/android/sdk/platforms/android-36.1/data/res/values-mcc310-mnc410-ta: Cannot utime: Operation not permitted
build	Cache Android SDK	2026-06-06T12:22:54.1219698Z /usr/bin/tar: ../../../../../usr/local/lib/android/sdk/platforms/android-36.1/data/res/values-mcc310-mnc410-ta: Cannot change mode to rwxr-xr-x: Operation not permitted
build	Cache Android SDK	2026-06-06T12:22:54.1222530Z /usr/bin/tar: ../../../../../usr/local/lib/android/sdk/platforms/android-36.1/data/res/values-pt-television: Cannot utime: Operation not permitted
build	Cache Android SDK	2026-06-06T12:22:54.1223052Z /usr/bin/tar: ../../../../../usr/local/lib/android/sdk/platforms/android-36.1/data/res/values-pt-television: Cannot change mode to rwxr-xr-x: Operation not permitted
build	Cache Android SDK	2026-06-06T12:22:54.1225718Z /usr/bin/tar: ../../../../../usr/local/lib/android/sdk/platforms/android-36.1/data/res/values-mcc310-mnc220-fr: Cannot utime: Operation not permitted
build	Cache Android SDK	2026-06-06T12:22:54.1226288Z /usr/bin/tar: ../../../../../usr/local/lib/android/sdk/platforms/android-36.1/data/res/values-mcc310-mnc220-fr: Cannot change mode to rwxr-xr-x: Operation not permitted
build	Cache Android SDK	2026-06-06T12:22:54.1228714Z /usr/bin/tar: ../../../../../usr/local/lib/android/sdk/platforms/android-36.1/data/res/values-mcc302-mnc370-mk: Cannot utime: Operation not permitted
build	Cache Android SDK	2026-06-06T12:22:54.1229163Z /usr/bin/tar: ../../../../../usr/local/lib/android/sdk/platforms/android-36.1/data/res/values-mcc302-mnc370-mk: Cannot change mode to rwxr-xr-x: Operation not permitted
build	Cache Android SDK	2026-06-06T12:22:54.1232075Z /usr/bin/tar: ../../../../../usr/local/lib/android/sdk/platforms/android-36.1/data/res/values-mcc310-mnc410-ne: Cannot utime: Operation not permitted
build	Cache Android SDK	2026-06-06T12:22:54.1232533Z /usr/bin/tar: ../../../../../usr/local/lib/android/sdk/platforms/android-36.1/data/res/values-mcc310-mnc410-ne: Cannot change mode to rwxr-xr-x: Operation not permitted
build	Cache Android SDK	2026-06-06T12:22:54.1235704Z /usr/bin/tar: ../../../../../usr/local/lib/android/sdk/platforms/android-36.1/data/res/values-mcc310-mnc200-pa: Cannot utime: Operation not permitted
build	Cache Android SDK	2026-06-06T12:22:54.1236152Z /usr/bin/tar: ../../../../../usr/local/lib/android/sdk/platforms/android-36.1/data/res/values-mcc310-mnc200-pa: Cannot change mode to rwxr-xr-x: Operation not permitted
build	Cache Android SDK	2026-06-06T12:22:54.1238884Z /usr/bin/tar: ../../../../../usr/local/lib/android/sdk/platforms/android-36.1/data/res/values-mcc302-mnc370-ms: Cannot utime: Operation not permitted
build	Cache Android SDK	2026-06-06T12:22:54.1239339Z /usr/bin/tar: ../../../../../usr/local/lib/android/sdk/platforms/android-36.1/data/res/values-mcc302-mnc370-ms: Cannot change mode to rwxr-xr-x: Operation not permitted
build	Cache Android SDK	2026-06-06T12:22:54.1242582Z /usr/bin/tar: ../../../../../usr/local/lib/android/sdk/platforms/android-36.1/data/res/values-mcc310-mnc220-ro: Cannot utime: Operation not permitted
build	Cache Android SDK	2026-06-06T12:22:54.1243112Z /usr/bin/tar: ../../../../../usr/local/lib/android/sdk/platforms/android-36.1/data/res/values-mcc310-mnc220-ro: Cannot change mode to rwxr-xr-x: Operation not permitted
build	Cache Android SDK	2026-06-06T12:22:54.1245913Z /usr/bin/tar: ../../../../../usr/local/lib/android/sdk/platforms/android-36.1/data/res/values-mcc310-mnc280-ms: Cannot utime: Operation not permitted
build	Cache Android SDK	2026-06-06T12:22:54.1246365Z /usr/bin/tar: ../../../../../usr/local/lib/android/sdk/platforms/android-36.1/data/res/values-mcc310-mnc280-ms: Cannot change mode to rwxr-xr-x: Operation not permitted
build	Cache Android SDK	2026-06-06T12:22:54.1249072Z /usr/bin/tar: ../../../../../usr/local/lib/android/sdk/platforms/android-36.1/data/res/values-mcc310-mnc170-hr: Cannot utime: Operation not permitted
build	Cache Android SDK	2026-06-06T12:22:54.1249586Z /usr/bin/tar: ../../../../../usr/local/lib/android/sdk/platforms/android-36.1/data/res/values-mcc310-mnc170-hr: Cannot change mode to rwxr-xr-x: Operation not permitted
build	Cache Android SDK	2026-06-06T12:22:54.1252377Z /usr/bin/tar: ../../../../../usr/local/lib/android/sdk/platforms/android-36.1/data/res/values-mcc310-mnc030-nb: Cannot utime: Operation not permitted
build	Cache Android SDK	2026-06-06T12:22:54.1252934Z /usr/bin/tar: ../../../../../usr/local/lib/android/sdk/platforms/android-36.1/data/res/values-mcc310-mnc030-nb: Cannot change mode to rwxr-xr-x: Operation not permitted
build	Cache Android SDK	2026-06-06T12:22:54.1255102Z /usr/bin/tar: ../../../../../usr/local/lib/android/sdk/platforms/android-36.1/data/res/values-mcc302-mnc780: Cannot utime: Operation not permitted
build	Cache Android SDK	2026-06-06T12:22:54.1255543Z /usr/bin/tar: ../../../../../usr/local/lib/android/sdk/platforms/android-36.1/data/res/values-mcc302-mnc780: Cannot change mode to rwxr-xr-x: Operation not permitted
build	Cache Android SDK	2026-06-06T12:22:54.1258517Z /usr/bin/tar: ../../../../../usr/local/lib/android/sdk/platforms/android-36.1/data/res/values-mcc310-mnc560-fr-rCA: Cannot utime: Operation not permitted
build	Cache Android SDK	2026-06-06T12:22:54.1259066Z /usr/bin/tar: ../../../../../usr/local/lib/android/sdk/platforms/android-36.1/data/res/values-mcc310-mnc560-fr-rCA: Cannot change mode to rwxr-xr-x: Operation not permitted
build	Cache Android SDK	2026-06-06T12:22:54.1263904Z /usr/bin/tar: ../../../../../usr/local/lib/android/sdk/platforms/android-36.1/data/res/values-mcc310-mnc560-ms: Cannot utime: Operation not permitted
build	Cache Android SDK	2026-06-06T12:22:54.1264347Z /usr/bin/tar: ../../../../../usr/local/lib/android/sdk/platforms/android-36.1/data/res/values-mcc310-mnc560-ms: Cannot change mode to rwxr-xr-x: Operation not permitted
build	Cache Android SDK	2026-06-06T12:22:54.1267057Z /usr/bin/tar: ../../../../../usr/local/lib/android/sdk/platforms/android-36.1/data/res/values-mcc311-mnc180-en-rCA: Cannot utime: Operation not permitted
build	Cache Android SDK	2026-06-06T12:22:54.1267731Z /usr/bin/tar: ../../../../../usr/local/lib/android/sdk/platforms/android-36.1/data/res/values-mcc311-mnc180-en-rCA: Cannot change mode to rwxr-xr-x: Operation not permitted
build	Cache Android SDK	2026-06-06T12:22:54.1270119Z /usr/bin/tar: ../../../../../usr/local/lib/android/sdk/platforms/android-36.1/data/res/values-hu-television: Cannot utime: Operation not permitted
build	Cache Android SDK	2026-06-06T12:22:54.1270599Z /usr/bin/tar: ../../../../../usr/local/lib/android/sdk/platforms/android-36.1/data/res/values-hu-television: Cannot change mode to rwxr-xr-x: Operation not permitted
build	Cache Android SDK	2026-06-06T12:22:54.1273279Z /usr/bin/tar: ../../../../../usr/local/lib/android/sdk/platforms/android-36.1/data/res/values-mcc310-mnc410-ur: Cannot utime: Operation not permitted
build	Cache Android SDK	2026-06-06T12:22:54.1273800Z /usr/bin/tar: ../../../../../usr/local/lib/android/sdk/platforms/android-36.1/data/res/values-mcc310-mnc410-ur: Cannot change mode to rwxr-xr-x: Operation not permitted
build	Cache Android SDK	2026-06-06T12:22:54.1276989Z /usr/bin/tar: ../../../../../usr/local/lib/android/sdk/platforms/android-36.1/data/res/values-mcc310-mnc560-si: Cannot utime: Operation not permitted
build	Cache Android SDK	2026-06-06T12:22:54.1278067Z /usr/bin/tar: ../../../../../usr/local/lib/android/sdk/platforms/android-36.1/data/res/values-mcc310-mnc560-si: Cannot change mode to rwxr-xr-x: Operation not permitted
build	Cache Android SDK	2026-06-06T12:22:54.1280256Z /usr/bin/tar: ../../../../../usr/local/lib/android/sdk/platforms/android-36.1/data/res/values-mcc001-mnc01-ml: Cannot utime: Operation not permitted
build	Cache Android SDK	2026-06-06T12:22:54.1280850Z /usr/bin/tar: ../../../../../usr/local/lib/android/sdk/platforms/android-36.1/data/res/values-mcc001-mnc01-ml: Cannot change mode to rwxr-xr-x: Operation not permitted
build	Cache Android SDK	2026-06-06T12:22:54.1283438Z /usr/bin/tar: ../../../../../usr/local/lib/android/sdk/platforms/android-36.1/data/res/values-mcc310-mnc950-lv: Cannot utime: Operation not permitted
build	Cache Android SDK	2026-06-06T12:22:54.1283893Z /usr/bin/tar: ../../../../../usr/local/lib/android/sdk/platforms/android-36.1/data/res/values-mcc310-mnc950-lv: Cannot change mode to rwxr-xr-x: Operation not permitted
build	Cache Android SDK	2026-06-06T12:22:54.1286605Z /usr/bin/tar: ../../../../../usr/local/lib/android/sdk/platforms/android-36.1/data/res/values-mcc310-mnc170-be: Cannot utime: Operation not permitted
build	Cache Android SDK	2026-06-06T12:22:54.1287053Z /usr/bin/tar: ../../../../../usr/local/lib/android/sdk/platforms/android-36.1/data/res/values-mcc310-mnc170-be: Cannot change mode to rwxr-xr-x: Operation not permitted
build	Cache Android SDK	2026-06-06T12:22:54.1289998Z /usr/bin/tar: ../../../../../usr/local/lib/android/sdk/platforms/android-36.1/data/res/values-mcc313-mnc100-hr: Cannot utime: Operation not permitted
build	Cache Android SDK	2026-06-06T12:22:54.1290448Z /usr/bin/tar: ../../../../../usr/local/lib/android/sdk/platforms/android-36.1/data/res/values-mcc313-mnc100-hr: Cannot change mode to rwxr-xr-x: Operation not permitted
build	Cache Android SDK	2026-06-06T12:22:54.1292856Z /usr/bin/tar: ../../../../../usr/local/lib/android/sdk/platforms/android-36.1/data/res/values-mcc310-mnc380-lv: Cannot utime: Operation not permitted
build	Cache Android SDK	2026-06-06T12:22:54.1293311Z /usr/bin/tar: ../../../../../usr/local/lib/android/sdk/platforms/android-36.1/data/res/values-mcc310-mnc380-lv: Cannot change mode to rwxr-xr-x: Operation not permitted
build	Cache Android SDK	2026-06-06T12:22:54.1295943Z /usr/bin/tar: ../../../../../usr/local/lib/android/sdk/platforms/android-36.1/data/res/values-mcc310-mnc030-hi: Cannot utime: Operation not permitted
build	Cache Android SDK	2026-06-06T12:22:54.1296483Z /usr/bin/tar: ../../../../../usr/local/lib/android/sdk/platforms/android-36.1/data/res/values-mcc310-mnc030-hi: Cannot change mode to rwxr-xr-x: Operation not permitted
build	Cache Android SDK	2026-06-06T12:22:54.1299547Z /usr/bin/tar: ../../../../../usr/local/lib/android/sdk/platforms/android-36.1/data/res/values-mcc310-mnc560-lv: Cannot utime: Operation not permitted
build	Cache Android SDK	2026-06-06T12:22:54.1299986Z /usr/bin/tar: ../../../../../usr/local/lib/android/sdk/platforms/android-36.1/data/res/values-mcc310-mnc560-lv: Cannot change mode to rwxr-xr-x: Operation not permitted
build	Cache Android SDK	2026-06-06T12:22:54.1303146Z /usr/bin/tar: ../../../../../usr/local/lib/android/sdk/platforms/android-36.1/data/res/values-mcc311-mnc180-zh-rTW: Cannot utime: Operation not permitted
build	Cache Android SDK	2026-06-06T12:22:54.1303618Z /usr/bin/tar: ../../../../../usr/local/lib/android/sdk/platforms/android-36.1/data/res/values-mcc311-mnc180-zh-rTW: Cannot change mode to rwxr-xr-x: Operation not permitted
build	Cache Android SDK	2026-06-06T12:22:54.1306508Z /usr/bin/tar: ../../../../../usr/local/lib/android/sdk/platforms/android-36.1/data/res/values-mcc310-mnc380-az: Cannot utime: Operation not permitted
build	Cache Android SDK	2026-06-06T12:22:54.1306960Z /usr/bin/tar: ../../../../../usr/local/lib/android/sdk/platforms/android-36.1/data/res/values-mcc310-mnc380-az: Cannot change mode to rwxr-xr-x: Operation not permitted
build	Cache Android SDK	2026-06-06T12:22:54.1309943Z /usr/bin/tar: ../../../../../usr/local/lib/android/sdk/platforms/android-36.1/data/res/values-mcc310-mnc030-b+sr+Latn: Cannot utime: Operation not permitted
build	Cache Android SDK	2026-06-06T12:22:54.1310408Z /usr/bin/tar: ../../../../../usr/local/lib/android/sdk/platforms/android-36.1/data/res/values-mcc310-mnc030-b+sr+Latn: Cannot change mode to rwxr-xr-x: Operation not permitted
build	Cache Android SDK	2026-06-06T12:22:54.1313065Z /usr/bin/tar: ../../../../../usr/local/lib/android/sdk/platforms/android-36.1/data/res/values-mcc310-mnc200-mn: Cannot utime: Operation not permitted
build	Cache Android SDK	2026-06-06T12:22:54.1313513Z /usr/bin/tar: ../../../../../usr/local/lib/android/sdk/platforms/android-36.1/data/res/values-mcc310-mnc200-mn: Cannot change mode to rwxr-xr-x: Operation not permitted
build	Cache Android SDK	2026-06-06T12:22:54.1316407Z /usr/bin/tar: ../../../../../usr/local/lib/android/sdk/platforms/android-36.1/data/res/values-mcc310-mnc230-fa: Cannot utime: Operation not permitted
build	Cache Android SDK	2026-06-06T12:22:54.1316951Z /usr/bin/tar: ../../../../../usr/local/lib/android/sdk/platforms/android-36.1/data/res/values-mcc310-mnc230-fa: Cannot change mode to rwxr-xr-x: Operation not permitted
build	Cache Android SDK	2026-06-06T12:22:54.1319898Z /usr/bin/tar: ../../../../../usr/local/lib/android/sdk/platforms/android-36.1/data/res/values-mcc311-mnc180-lo: Cannot utime: Operation not permitted
build	Cache Android SDK	2026-06-06T12:22:54.1320333Z /usr/bin/tar: ../../../../../usr/local/lib/android/sdk/platforms/android-36.1/data/res/values-mcc311-mnc180-lo: Cannot change mode to rwxr-xr-x: Operation not permitted
build	Cache Android SDK	2026-06-06T12:22:54.1323352Z /usr/bin/tar: ../../../../../usr/local/lib/android/sdk/platforms/android-36.1/data/res/values-in-watch: Cannot utime: Operation not permitted
build	Cache Android SDK	2026-06-06T12:22:54.1323858Z /usr/bin/tar: ../../../../../usr/local/lib/android/sdk/platforms/android-36.1/data/res/values-in-watch: Cannot change mode to rwxr-xr-x: Operation not permitted
build	Cache Android SDK	2026-06-06T12:22:54.1326390Z /usr/bin/tar: ../../../../../usr/local/lib/android/sdk/platforms/android-36.1/data/res/values-mcc001-mnc01-en-rXC: Cannot utime: Operation not permitted
build	Cache Android SDK	2026-06-06T12:22:54.1326851Z /usr/bin/tar: ../../../../../usr/local/lib/android/sdk/platforms/android-36.1/data/res/values-mcc001-mnc01-en-rXC: Cannot change mode to rwxr-xr-x: Operation not permitted
build	Cache Android SDK	2026-06-06T12:22:54.1329698Z /usr/bin/tar: ../../../../../usr/local/lib/android/sdk/platforms/android-36.1/data/res/values-mcc310-mnc270-sl: Cannot utime: Operation not permitted
build	Cache Android SDK	2026-06-06T12:22:54.1330141Z /usr/bin/tar: ../../../../../usr/local/lib/android/sdk/platforms/android-36.1/data/res/values-mcc310-mnc270-sl: Cannot change mode to rwxr-xr-x: Operation not permitted
build	Cache Android SDK	2026-06-06T12:22:54.1333039Z /usr/bin/tar: ../../../../../usr/local/lib/android/sdk/platforms/android-36.1/data/res/values-mcc312-mnc670-af: Cannot utime: Operation not permitted
build	Cache Android SDK	2026-06-06T12:22:54.1333488Z /usr/bin/tar: ../../../../../usr/local/lib/android/sdk/platforms/android-36.1/data/res/values-mcc312-mnc670-af: Cannot change mode to rwxr-xr-x: Operation not permitted
build	Cache Android SDK	2026-06-06T12:22:54.1336079Z /usr/bin/tar: ../../../../../usr/local/lib/android/sdk/platforms/android-36.1/data/res/values-mcc310-mnc950-bn: Cannot utime: Operation not permitted
build	Cache Android SDK	2026-06-06T12:22:54.1336523Z /usr/bin/tar: ../../../../../usr/local/lib/android/sdk/platforms/android-36.1/data/res/values-mcc310-mnc950-bn: Cannot change mode to rwxr-xr-x: Operation not permitted
build	Cache Android SDK	2026-06-06T12:22:54.1339249Z /usr/bin/tar: ../../../../../usr/local/lib/android/sdk/platforms/android-36.1/data/res/values-mcc310-mnc580: Cannot utime: Operation not permitted
build	Cache Android SDK	2026-06-06T12:22:54.1339690Z /usr/bin/tar: ../../../../../usr/local/lib/android/sdk/platforms/android-36.1/data/res/values-mcc310-mnc580: Cannot change mode to rwxr-xr-x: Operation not permitted
build	Cache Android SDK	2026-06-06T12:22:54.1342550Z /usr/bin/tar: ../../../../../usr/local/lib/android/sdk/platforms/android-36.1/data/res/values-mcc310-mnc200-es-rUS: Cannot utime: Operation not permitted
build	Cache Android SDK	2026-06-06T12:22:54.1343013Z /usr/bin/tar: ../../../../../usr/local/lib/android/sdk/platforms/android-36.1/data/res/values-mcc310-mnc200-es-rUS: Cannot change mode to rwxr-xr-x: Operation not permitted
build	Cache Android SDK	2026-06-06T12:22:54.1345377Z /usr/bin/tar: ../../../../../usr/local/lib/android/sdk/platforms/android-36.1/data/res/values-mcc310-mnc800-ms: Cannot utime: Operation not permitted
build	Cache Android SDK	2026-06-06T12:22:54.1345823Z /usr/bin/tar: ../../../../../usr/local/lib/android/sdk/platforms/android-36.1/data/res/values-mcc310-mnc800-ms: Cannot change mode to rwxr-xr-x: Operation not permitted
build	Cache Android SDK	2026-06-06T12:22:54.1348736Z /usr/bin/tar: ../../../../../usr/local/lib/android/sdk/platforms/android-36.1/data/res/values-mcc310-mnc200-bs: Cannot utime: Operation not permitted
build	Cache Android SDK	2026-06-06T12:22:54.1349184Z /usr/bin/tar: ../../../../../usr/local/lib/android/sdk/platforms/android-36.1/data/res/values-mcc310-mnc200-bs: Cannot change mode to rwxr-xr-x: Operation not permitted
build	Cache Android SDK	2026-06-06T12:22:54.1352158Z /usr/bin/tar: ../../../../../usr/local/lib/android/sdk/platforms/android-36.1/data/res/values-mcc310-mnc280-uz: Cannot utime: Operation not permitted
build	Cache Android SDK	2026-06-06T12:22:54.1355740Z /usr/bin/tar: ../../../../../usr/local/lib/android/sdk/platforms/android-36.1/data/res/values-mcc310-mnc280-uz: Cannot change mode to rwxr-xr-x: Operation not permitted
build	Cache Android SDK	2026-06-06T12:22:54.1356138Z /usr/bin/tar: ../../../../../usr/local/lib/android/sdk/platforms/android-36.1/data/res/values-mcc310-mnc230-hr: Cannot utime: Operation not permitted
build	Cache Android SDK	2026-06-06T12:22:54.1356578Z /usr/bin/tar: ../../../../../usr/local/lib/android/sdk/platforms/android-36.1/data/res/values-mcc310-mnc230-hr: Cannot change mode to rwxr-xr-x: Operation not permitted
build	Cache Android SDK	2026-06-06T12:22:54.1359871Z /usr/bin/tar: ../../../../../usr/local/lib/android/sdk/platforms/android-36.1/data/res/values-mcc310-mnc240-it: Cannot utime: Operation not permitted
build	Cache Android SDK	2026-06-06T12:22:54.1360390Z /usr/bin/tar: ../../../../../usr/local/lib/android/sdk/platforms/android-36.1/data/res/values-mcc310-mnc240-it: Cannot change mode to rwxr-xr-x: Operation not permitted
build	Cache Android SDK	2026-06-06T12:22:54.1362946Z /usr/bin/tar: ../../../../../usr/local/lib/android/sdk/platforms/android-36.1/data/res/values-mcc440: Cannot utime: Operation not permitted
build	Cache Android SDK	2026-06-06T12:22:54.1363378Z /usr/bin/tar: ../../../../../usr/local/lib/android/sdk/platforms/android-36.1/data/res/values-mcc440: Cannot change mode to rwxr-xr-x: Operation not permitted
build	Cache Android SDK	2026-06-06T12:22:54.1366439Z /usr/bin/tar: ../../../../../usr/local/lib/android/sdk/platforms/android-36.1/data/res/values-mcc310-mnc310-es: Cannot utime: Operation not permitted
build	Cache Android SDK	2026-06-06T12:22:54.1366890Z /usr/bin/tar: ../../../../../usr/local/lib/android/sdk/platforms/android-36.1/data/res/values-mcc310-mnc310-es: Cannot change mode to rwxr-xr-x: Operation not permitted
build	Cache Android SDK	2026-06-06T12:22:54.1369775Z /usr/bin/tar: ../../../../../usr/local/lib/android/sdk/platforms/android-36.1/data/res/values-mcc310-mnc560-cs: Cannot utime: Operation not permitted
build	Cache Android SDK	2026-06-06T12:22:54.1370304Z /usr/bin/tar: ../../../../../usr/local/lib/android/sdk/platforms/android-36.1/data/res/values-mcc310-mnc560-cs: Cannot change mode to rwxr-xr-x: Operation not permitted
build	Cache Android SDK	2026-06-06T12:22:54.1373099Z /usr/bin/tar: ../../../../../usr/local/lib/android/sdk/platforms/android-36.1/data/res/values-mcc310-mnc160-ky: Cannot utime: Operation not permitted
build	Cache Android SDK	2026-06-06T12:22:54.1373633Z /usr/bin/tar: ../../../../../usr/local/lib/android/sdk/platforms/android-36.1/data/res/values-mcc310-mnc160-ky: Cannot change mode to rwxr-xr-x: Operation not permitted
build	Cache Android SDK	2026-06-06T12:22:54.1376544Z /usr/bin/tar: ../../../../../usr/local/lib/android/sdk/platforms/android-36.1/data/res/values-mcc310-mnc270-mk: Cannot utime: Operation not permitted
build	Cache Android SDK	2026-06-06T12:22:54.1376998Z /usr/bin/tar: ../../../../../usr/local/lib/android/sdk/platforms/android-36.1/data/res/values-mcc310-mnc270-mk: Cannot change mode to rwxr-xr-x: Operation not permitted
build	Cache Android SDK	2026-06-06T12:22:54.1379579Z /usr/bin/tar: ../../../../../usr/local/lib/android/sdk/platforms/android-36.1/data/res/values-et-watch: Cannot utime: Operation not permitted
build	Cache Android SDK	2026-06-06T12:22:54.1380017Z /usr/bin/tar: ../../../../../usr/local/lib/android/sdk/platforms/android-36.1/data/res/values-et-watch: Cannot change mode to rwxr-xr-x: Operation not permitted
build	Cache Android SDK	2026-06-06T12:22:54.1382857Z /usr/bin/tar: ../../../../../usr/local/lib/android/sdk/platforms/android-36.1/data/res/values-mcc310-mnc800-da: Cannot utime: Operation not permitted
build	Cache Android SDK	2026-06-06T12:22:54.1383302Z /usr/bin/tar: ../../../../../usr/local/lib/android/sdk/platforms/android-36.1/data/res/values-mcc310-mnc800-da: Cannot change mode to rwxr-xr-x: Operation not permitted
build	Cache Android SDK	2026-06-06T12:22:54.1387658Z /usr/bin/tar: ../../../../../usr/local/lib/android/sdk/platforms/android-36.1/data/res/values-mcc310-mnc310-sq: Cannot utime: Operation not permitted
build	Cache Android SDK	2026-06-06T12:22:54.1388207Z /usr/bin/tar: ../../../../../usr/local/lib/android/sdk/platforms/android-36.1/data/res/values-mcc310-mnc310-sq: Cannot change mode to rwxr-xr-x: Operation not permitted
build	Cache Android SDK	2026-06-06T12:22:54.1391154Z /usr/bin/tar: ../../../../../usr/local/lib/android/sdk/platforms/android-36.1/data/res/values-mcc310-mnc310-my: Cannot utime: Operation not permitted
build	Cache Android SDK	2026-06-06T12:22:54.1391600Z /usr/bin/tar: ../../../../../usr/local/lib/android/sdk/platforms/android-36.1/data/res/values-mcc310-mnc310-my: Cannot change mode to rwxr-xr-x: Operation not permitted
build	Cache Android SDK	2026-06-06T12:22:54.1394782Z /usr/bin/tar: ../../../../../usr/local/lib/android/sdk/platforms/android-36.1/data/res/values-mcc311-mnc180-be: Cannot utime: Operation not permitted
build	Cache Android SDK	2026-06-06T12:22:54.1395221Z /usr/bin/tar: ../../../../../usr/local/lib/android/sdk/platforms/android-36.1/data/res/values-mcc311-mnc180-be: Cannot change mode to rwxr-xr-x: Operation not permitted
build	Cache Android SDK	2026-06-06T12:22:54.1398014Z /usr/bin/tar: ../../../../../usr/local/lib/android/sdk/platforms/android-36.1/data/res/values-fr-neuter: Cannot utime: Operation not permitted
build	Cache Android SDK	2026-06-06T12:22:54.1398532Z /usr/bin/tar: ../../../../../usr/local/lib/android/sdk/platforms/android-36.1/data/res/values-fr-neuter: Cannot change mode to rwxr-xr-x: Operation not permitted
build	Cache Android SDK	2026-06-06T12:22:54.1401438Z /usr/bin/tar: ../../../../../usr/local/lib/android/sdk/platforms/android-36.1/data/res/values-mcc310-mnc490-zu: Cannot utime: Operation not permitted
build	Cache Android SDK	2026-06-06T12:22:54.1401961Z /usr/bin/tar: ../../../../../usr/local/lib/android/sdk/platforms/android-36.1/data/res/values-mcc310-mnc490-zu: Cannot change mode to rwxr-xr-x: Operation not permitted
build	Cache Android SDK	2026-06-06T12:22:54.1404347Z /usr/bin/tar: ../../../../../usr/local/lib/android/sdk/platforms/android-36.1/data/res/values-mcc310-mnc410-am: Cannot utime: Operation not permitted
build	Cache Android SDK	2026-06-06T12:22:54.1404782Z /usr/bin/tar: ../../../../../usr/local/lib/android/sdk/platforms/android-36.1/data/res/values-mcc310-mnc410-am: Cannot change mode to rwxr-xr-x: Operation not permitted
build	Cache Android SDK	2026-06-06T12:22:54.1407545Z /usr/bin/tar: ../../../../../usr/local/lib/android/sdk/platforms/android-36.1/data/res/values-mcc310-mnc950-hr: Cannot utime: Operation not permitted
build	Cache Android SDK	2026-06-06T12:22:54.1408032Z /usr/bin/tar: ../../../../../usr/local/lib/android/sdk/platforms/android-36.1/data/res/values-mcc310-mnc950-hr: Cannot change mode to rwxr-xr-x: Operation not permitted
build	Cache Android SDK	2026-06-06T12:22:54.1410367Z /usr/bin/tar: ../../../../../usr/local/lib/android/sdk/platforms/android-36.1/data/res/values-mcc716-mnc10: Cannot utime: Operation not permitted
build	Cache Android SDK	2026-06-06T12:22:54.1410813Z /usr/bin/tar: ../../../../../usr/local/lib/android/sdk/platforms/android-36.1/data/res/values-mcc716-mnc10: Cannot change mode to rwxr-xr-x: Operation not permitted
build	Cache Android SDK	2026-06-06T12:22:54.1413608Z /usr/bin/tar: ../../../../../usr/local/lib/android/sdk/platforms/android-36.1/data/res/values-mcc310-mnc280-hr: Cannot utime: Operation not permitted
build	Cache Android SDK	2026-06-06T12:22:54.1414047Z /usr/bin/tar: ../../../../../usr/local/lib/android/sdk/platforms/android-36.1/data/res/values-mcc310-mnc280-hr: Cannot change mode to rwxr-xr-x: Operation not permitted
build	Cache Android SDK	2026-06-06T12:22:54.1416807Z /usr/bin/tar: ../../../../../usr/local/lib/android/sdk/platforms/android-36.1/data/res/values-mcc310-mnc490-zh-rCN: Cannot utime: Operation not permitted
build	Cache Android SDK	2026-06-06T12:22:54.1417458Z /usr/bin/tar: ../../../../../usr/local/lib/android/sdk/platforms/android-36.1/data/res/values-mcc310-mnc490-zh-rCN: Cannot change mode to rwxr-xr-x: Operation not permitted
build	Cache Android SDK	2026-06-06T12:22:54.1419827Z /usr/bin/tar: ../../../../../usr/local/lib/android/sdk/platforms/android-36.1/data/res/values-mcc001-mnc01-hi: Cannot utime: Operation not permitted
build	Cache Android SDK	2026-06-06T12:22:54.1420278Z /usr/bin/tar: ../../../../../usr/local/lib/android/sdk/platforms/android-36.1/data/res/values-mcc001-mnc01-hi: Cannot change mode to rwxr-xr-x: Operation not permitted
build	Cache Android SDK	2026-06-06T12:22:54.1423229Z /usr/bin/tar: ../../../../../usr/local/lib/android/sdk/platforms/android-36.1/data/res/values-mcc310-mnc220-ne: Cannot utime: Operation not permitted
build	Cache Android SDK	2026-06-06T12:22:54.1423760Z /usr/bin/tar: ../../../../../usr/local/lib/android/sdk/platforms/android-36.1/data/res/values-mcc310-mnc220-ne: Cannot change mode to rwxr-xr-x: Operation not permitted
build	Cache Android SDK	2026-06-06T12:22:54.1426326Z /usr/bin/tar: ../../../../../usr/local/lib/android/sdk/platforms/android-36.1/data/res/values-de-rAT: Cannot utime: Operation not permitted
build	Cache Android SDK	2026-06-06T12:22:54.1426752Z /usr/bin/tar: ../../../../../usr/local/lib/android/sdk/platforms/android-36.1/data/res/values-de-rAT: Cannot change mode to rwxr-xr-x: Operation not permitted
build	Cache Android SDK	2026-06-06T12:22:54.1429907Z /usr/bin/tar: ../../../../../usr/local/lib/android/sdk/platforms/android-36.1/data/res/values-mcc310-mnc030-es: Cannot utime: Operation not permitted
build	Cache Android SDK	2026-06-06T12:22:54.1430378Z /usr/bin/tar: ../../../../../usr/local/lib/android/sdk/platforms/android-36.1/data/res/values-mcc310-mnc030-es: Cannot change mode to rwxr-xr-x: Operation not permitted
build	Cache Android SDK	2026-06-06T12:22:54.1433033Z /usr/bin/tar: ../../../../../usr/local/lib/android/sdk/platforms/android-36.1/data/res/values-mcc001-mnc01-es: Cannot utime: Operation not permitted
build	Cache Android SDK	2026-06-06T12:22:54.1433559Z /usr/bin/tar: ../../../../../usr/local/lib/android/sdk/platforms/android-36.1/data/res/values-mcc001-mnc01-es: Cannot change mode to rwxr-xr-x: Operation not permitted
build	Cache Android SDK	2026-06-06T12:22:54.1436421Z /usr/bin/tar: ../../../../../usr/local/lib/android/sdk/platforms/android-36.1/data/res/values-mcc310-mnc270-el: Cannot utime: Operation not permitted
build	Cache Android SDK	2026-06-06T12:22:54.1436874Z /usr/bin/tar: ../../../../../usr/local/lib/android/sdk/platforms/android-36.1/data/res/values-mcc310-mnc270-el: Cannot change mode to rwxr-xr-x: Operation not permitted
build	Cache Android SDK	2026-06-06T12:22:54.1440245Z /usr/bin/tar: ../../../../../usr/local/lib/android/sdk/platforms/android-36.1/data/res/values-mcc310-mnc410-en-rIN: Cannot utime: Operation not permitted
build	Cache Android SDK	2026-06-06T12:22:54.1440728Z /usr/bin/tar: ../../../../../usr/local/lib/android/sdk/platforms/android-36.1/data/res/values-mcc310-mnc410-en-rIN: Cannot change mode to rwxr-xr-x: Operation not permitted
build	Cache Android SDK	2026-06-06T12:22:54.1443698Z /usr/bin/tar: ../../../../../usr/local/lib/android/sdk/platforms/android-36.1/data/res/values-mcc311-mnc180-tl: Cannot utime: Operation not permitted
build	Cache Android SDK	2026-06-06T12:22:54.1444146Z /usr/bin/tar: ../../../../../usr/local/lib/android/sdk/platforms/android-36.1/data/res/values-mcc311-mnc180-tl: Cannot change mode to rwxr-xr-x: Operation not permitted
build	Cache Android SDK	2026-06-06T12:22:54.1446566Z /usr/bin/tar: ../../../../../usr/local/lib/android/sdk/platforms/android-36.1/data/res/values-mcc310-mnc210-en-rIN: Cannot utime: Operation not permitted
build	Cache Android SDK	2026-06-06T12:22:54.1447028Z /usr/bin/tar: ../../../../../usr/local/lib/android/sdk/platforms/android-36.1/data/res/values-mcc310-mnc210-en-rIN: Cannot change mode to rwxr-xr-x: Operation not permitted
build	Cache Android SDK	2026-06-06T12:22:54.1449672Z /usr/bin/tar: ../../../../../usr/local/lib/android/sdk/platforms/android-36.1/data/res/values-mcc312-mnc670-kn: Cannot utime: Operation not permitted
build	Cache Android SDK	2026-06-06T12:22:54.1450138Z /usr/bin/tar: ../../../../../usr/local/lib/android/sdk/platforms/android-36.1/data/res/values-mcc312-mnc670-kn: Cannot change mode to rwxr-xr-x: Operation not permitted
build	Cache Android SDK	2026-06-06T12:22:54.1452800Z /usr/bin/tar: ../../../../../usr/local/lib/android/sdk/platforms/android-36.1/data/res/values-ro-television: Cannot utime: Operation not permitted
build	Cache Android SDK	2026-06-06T12:22:54.1453251Z /usr/bin/tar: ../../../../../usr/local/lib/android/sdk/platforms/android-36.1/data/res/values-ro-television: Cannot change mode to rwxr-xr-x: Operation not permitted
build	Cache Android SDK	2026-06-06T12:22:54.1456200Z /usr/bin/tar: ../../../../../usr/local/lib/android/sdk/platforms/android-36.1/data/res/values-mcc310-mnc210-pt-rPT: Cannot utime: Operation not permitted
build	Cache Android SDK	2026-06-06T12:22:54.1456727Z /usr/bin/tar: ../../../../../usr/local/lib/android/sdk/platforms/android-36.1/data/res/values-mcc310-mnc210-pt-rPT: Cannot change mode to rwxr-xr-x: Operation not permitted
build	Cache Android SDK	2026-06-06T12:22:54.1459378Z /usr/bin/tar: ../../../../../usr/local/lib/android/sdk/platforms/android-36.1/data/res/values-vi-rVN: Cannot utime: Operation not permitted
build	Cache Android SDK	2026-06-06T12:22:54.1459811Z /usr/bin/tar: ../../../../../usr/local/lib/android/sdk/platforms/android-36.1/data/res/values-vi-rVN: Cannot change mode to rwxr-xr-x: Operation not permitted
build	Cache Android SDK	2026-06-06T12:22:54.1462730Z /usr/bin/tar: ../../../../../usr/local/lib/android/sdk/platforms/android-36.1/data/res/values-mcc302-mnc720-el: Cannot utime: Operation not permitted
build	Cache Android SDK	2026-06-06T12:22:54.1463182Z /usr/bin/tar: ../../../../../usr/local/lib/android/sdk/platforms/android-36.1/data/res/values-mcc302-mnc720-el: Cannot change mode to rwxr-xr-x: Operation not permitted
build	Cache Android SDK	2026-06-06T12:22:54.1465844Z /usr/bin/tar: ../../../../../usr/local/lib/android/sdk/platforms/android-36.1/data/res/values-mcc310-mnc270-sw: Cannot utime: Operation not permitted
build	Cache Android SDK	2026-06-06T12:22:54.1466373Z /usr/bin/tar: ../../../../../usr/local/lib/android/sdk/platforms/android-36.1/data/res/values-mcc310-mnc270-sw: Cannot change mode to rwxr-xr-x: Operation not permitted
build	Cache Android SDK	2026-06-06T12:22:54.1472891Z /usr/bin/tar: ../../../../../usr/local/lib/android/sdk/platforms/android-36.1/data/res/values-pt-rPT: Cannot utime: Operation not permitted
build	Cache Android SDK	2026-06-06T12:22:54.1473352Z /usr/bin/tar: ../../../../../usr/local/lib/android/sdk/platforms/android-36.1/data/res/values-pt-rPT: Cannot change mode to rwxr-xr-x: Operation not permitted
build	Cache Android SDK	2026-06-06T12:22:54.1476427Z /usr/bin/tar: ../../../../../usr/local/lib/android/sdk/platforms/android-36.1/data/res/values-mcc334-mnc020-sv: Cannot utime: Operation not permitted
build	Cache Android SDK	2026-06-06T12:22:54.1476939Z /usr/bin/tar: ../../../../../usr/local/lib/android/sdk/platforms/android-36.1/data/res/values-mcc334-mnc020-sv: Cannot change mode to rwxr-xr-x: Operation not permitted
build	Cache Android SDK	2026-06-06T12:22:54.1479030Z /usr/bin/tar: ../../../../../usr/local/lib/android/sdk/platforms/android-36.1/data/res/values-mcc530-mnc05: Cannot utime: Operation not permitted
build	Cache Android SDK	2026-06-06T12:22:54.1479497Z /usr/bin/tar: ../../../../../usr/local/lib/android/sdk/platforms/android-36.1/data/res/values-mcc530-mnc05: Cannot change mode to rwxr-xr-x: Operation not permitted
build	Cache Android SDK	2026-06-06T12:22:54.1481709Z /usr/bin/tar: ../../../../../usr/local/lib/android/sdk/platforms/android-36.1/data/res/values-mcc310-mnc030-uk: Cannot utime: Operation not permitted
build	Cache Android SDK	2026-06-06T12:22:54.1482161Z /usr/bin/tar: ../../../../../usr/local/lib/android/sdk/platforms/android-36.1/data/res/values-mcc310-mnc030-uk: Cannot change mode to rwxr-xr-x: Operation not permitted
build	Cache Android SDK	2026-06-06T12:22:54.1485165Z /usr/bin/tar: ../../../../../usr/local/lib/android/sdk/platforms/android-36.1/data/res/values-mcc310-mnc030-hy: Cannot utime: Operation not permitted
build	Cache Android SDK	2026-06-06T12:22:54.1485652Z /usr/bin/tar: ../../../../../usr/local/lib/android/sdk/platforms/android-36.1/data/res/values-mcc310-mnc030-hy: Cannot change mode to rwxr-xr-x: Operation not permitted
build	Cache Android SDK	2026-06-06T12:22:54.1487850Z /usr/bin/tar: ../../../../../usr/local/lib/android/sdk/platforms/android-36.1/data/res/values-mcc310-mnc950-kk: Cannot utime: Operation not permitted
build	Cache Android SDK	2026-06-06T12:22:54.1489475Z /usr/bin/tar: ../../../../../usr/local/lib/android/sdk/platforms/android-36.1/data/res/values-mcc310-mnc950-kk: Cannot change mode to rwxr-xr-x: Operation not permitted
build	Cache Android SDK	2026-06-06T12:22:54.1491039Z /usr/bin/tar: ../../../../../usr/local/lib/android/sdk/platforms/android-36.1/data/res/values-mcc310-mnc170-ne: Cannot utime: Operation not permitted
build	Cache Android SDK	2026-06-06T12:22:54.1491503Z /usr/bin/tar: ../../../../../usr/local/lib/android/sdk/platforms/android-36.1/data/res/values-mcc310-mnc170-ne: Cannot change mode to rwxr-xr-x: Operation not permitted
build	Cache Android SDK	2026-06-06T12:22:54.1494101Z /usr/bin/tar: ../../../../../usr/local/lib/android/sdk/platforms/android-36.1/data/res/values-mcc310-mnc150-lt: Cannot utime: Operation not permitted
build	Cache Android SDK	2026-06-06T12:22:54.1494560Z /usr/bin/tar: ../../../../../usr/local/lib/android/sdk/platforms/android-36.1/data/res/values-mcc310-mnc150-lt: Cannot change mode to rwxr-xr-x: Operation not permitted
build	Cache Android SDK	2026-06-06T12:22:54.1497839Z /usr/bin/tar: ../../../../../usr/local/lib/android/sdk/platforms/android-36.1/data/res/values-mcc310-mnc240-iw: Cannot utime: Operation not permitted
build	Cache Android SDK	2026-06-06T12:22:54.1498306Z /usr/bin/tar: ../../../../../usr/local/lib/android/sdk/platforms/android-36.1/data/res/values-mcc310-mnc240-iw: Cannot change mode to rwxr-xr-x: Operation not permitted
build	Cache Android SDK	2026-06-06T12:22:54.1500566Z /usr/bin/tar: ../../../../../usr/local/lib/android/sdk/platforms/android-36.1/data/res/values-mcc310-mnc240-sr: Cannot utime: Operation not permitted
build	Cache Android SDK	2026-06-06T12:22:54.1501026Z /usr/bin/tar: ../../../../../usr/local/lib/android/sdk/platforms/android-36.1/data/res/values-mcc310-mnc240-sr: Cannot change mode to rwxr-xr-x: Operation not permitted
build	Cache Android SDK	2026-06-06T12:22:54.1504312Z /usr/bin/tar: ../../../../../usr/local/lib/android/sdk/platforms/android-36.1/data/res/values-w240dp: Cannot utime: Operation not permitted
build	Cache Android SDK	2026-06-06T12:22:54.1504854Z /usr/bin/tar: ../../../../../usr/local/lib/android/sdk/platforms/android-36.1/data/res/values-w240dp: Cannot change mode to rwxr-xr-x: Operation not permitted
build	Cache Android SDK	2026-06-06T12:22:54.1507510Z /usr/bin/tar: ../../../../../usr/local/lib/android/sdk/platforms/android-36.1/data/res/values-mcc310-mnc240-zh-rCN: Cannot utime: Operation not permitted
build	Cache Android SDK	2026-06-06T12:22:54.1508072Z /usr/bin/tar: ../../../../../usr/local/lib/android/sdk/platforms/android-36.1/data/res/values-mcc310-mnc240-zh-rCN: Cannot change mode to rwxr-xr-x: Operation not permitted
build	Cache Android SDK	2026-06-06T12:22:54.1510659Z /usr/bin/tar: ../../../../../usr/local/lib/android/sdk/platforms/android-36.1/data/res/values-mcc310-mnc380-tr: Cannot utime: Operation not permitted
build	Cache Android SDK	2026-06-06T12:22:54.1511123Z /usr/bin/tar: ../../../../../usr/local/lib/android/sdk/platforms/android-36.1/data/res/values-mcc310-mnc380-tr: Cannot change mode to rwxr-xr-x: Operation not permitted
build	Cache Android SDK	2026-06-06T12:22:54.1513804Z /usr/bin/tar: ../../../../../usr/local/lib/android/sdk/platforms/android-36.1/data/res/values-mcc310-mnc250-nb: Cannot utime: Operation not permitted
build	Cache Android SDK	2026-06-06T12:22:54.1514272Z /usr/bin/tar: ../../../../../usr/local/lib/android/sdk/platforms/android-36.1/data/res/values-mcc310-mnc250-nb: Cannot change mode to rwxr-xr-x: Operation not permitted
build	Cache Android SDK	2026-06-06T12:22:54.1517498Z /usr/bin/tar: ../../../../../usr/local/lib/android/sdk/platforms/android-36.1/data/res/drawable-en-ldpi: Cannot utime: Operation not permitted
build	Cache Android SDK	2026-06-06T12:22:54.1518041Z /usr/bin/tar: ../../../../../usr/local/lib/android/sdk/platforms/android-36.1/data/res/drawable-en-ldpi: Cannot change mode to rwxr-xr-x: Operation not permitted
build	Cache Android SDK	2026-06-06T12:22:54.1520622Z /usr/bin/tar: ../../../../../usr/local/lib/android/sdk/platforms/android-36.1/data/res/values-mcc334-mnc020-gl: Cannot utime: Operation not permitted
build	Cache Android SDK	2026-06-06T12:22:54.1521074Z /usr/bin/tar: ../../../../../usr/local/lib/android/sdk/platforms/android-36.1/data/res/values-mcc334-mnc020-gl: Cannot change mode to rwxr-xr-x: Operation not permitted
build	Cache Android SDK	2026-06-06T12:22:54.1523528Z /usr/bin/tar: ../../../../../usr/local/lib/android/sdk/platforms/android-36.1/data/res/values-mcc310-mnc170-fr: Cannot utime: Operation not permitted
build	Cache Android SDK	2026-06-06T12:22:54.1523996Z /usr/bin/tar: ../../../../../usr/local/lib/android/sdk/platforms/android-36.1/data/res/values-mcc310-mnc170-fr: Cannot change mode to rwxr-xr-x: Operation not permitted
build	Cache Android SDK	2026-06-06T12:22:54.1526702Z /usr/bin/tar: ../../../../../usr/local/lib/android/sdk/platforms/android-36.1/data/res/values-mcc310-mnc280-eu: Cannot utime: Operation not permitted
build	Cache Android SDK	2026-06-06T12:22:54.1527160Z /usr/bin/tar: ../../../../../usr/local/lib/android/sdk/platforms/android-36.1/data/res/values-mcc310-mnc280-eu: Cannot change mode to rwxr-xr-x: Operation not permitted
build	Cache Android SDK	2026-06-06T12:22:54.1530087Z /usr/bin/tar: ../../../../../usr/local/lib/android/sdk/platforms/android-36.1/data/res/values-mcc310-mnc270-si: Cannot utime: Operation not permitted
build	Cache Android SDK	2026-06-06T12:22:54.1530553Z /usr/bin/tar: ../../../../../usr/local/lib/android/sdk/platforms/android-36.1/data/res/values-mcc310-mnc270-si: Cannot change mode to rwxr-xr-x: Operation not permitted
build	Cache Android SDK	2026-06-06T12:22:54.1533476Z /usr/bin/tar: ../../../../../usr/local/lib/android/sdk/platforms/android-36.1/data/res/drawable-w240dp: Cannot utime: Operation not permitted
build	Cache Android SDK	2026-06-06T12:22:54.1533925Z /usr/bin/tar: ../../../../../usr/local/lib/android/sdk/platforms/android-36.1/data/res/drawable-w240dp: Cannot change mode to rwxr-xr-x: Operation not permitted
build	Cache Android SDK	2026-06-06T12:22:54.1536083Z /usr/bin/tar: ../../../../../usr/local/lib/android/sdk/platforms/android-36.1/data/res/values-mcc310-mnc380-my: Cannot utime: Operation not permitted
build	Cache Android SDK	2026-06-06T12:22:54.1536536Z /usr/bin/tar: ../../../../../usr/local/lib/android/sdk/platforms/android-36.1/data/res/values-mcc310-mnc380-my: Cannot change mode to rwxr-xr-x: Operation not permitted
build	Cache Android SDK	2026-06-06T12:22:54.1539438Z /usr/bin/tar: ../../../../../usr/local/lib/android/sdk/platforms/android-36.1/data/res/values-mcc311-mnc180-fi: Cannot utime: Operation not permitted
build	Cache Android SDK	2026-06-06T12:22:54.1539990Z /usr/bin/tar: ../../../../../usr/local/lib/android/sdk/platforms/android-36.1/data/res/values-mcc311-mnc180-fi: Cannot change mode to rwxr-xr-x: Operation not permitted
build	Cache Android SDK	2026-06-06T12:22:54.1543163Z /usr/bin/tar: ../../../../../usr/local/lib/android/sdk/platforms/android-36.1/data/res/values-mcc310-mnc150-el: Cannot utime: Operation not permitted
build	Cache Android SDK	2026-06-06T12:22:54.1543627Z /usr/bin/tar: ../../../../../usr/local/lib/android/sdk/platforms/android-36.1/data/res/values-mcc310-mnc150-el: Cannot change mode to rwxr-xr-x: Operation not permitted
build	Cache Android SDK	2026-06-06T12:22:54.1547017Z /usr/bin/tar: ../../../../../usr/local/lib/android/sdk/platforms/android-36.1/data/res/values-ldrtl-television: Cannot utime: Operation not permitted
build	Cache Android SDK	2026-06-06T12:22:54.1547689Z /usr/bin/tar: ../../../../../usr/local/lib/android/sdk/platforms/android-36.1/data/res/values-ldrtl-television: Cannot change mode to rwxr-xr-x: Operation not permitted
build	Cache Android SDK	2026-06-06T12:22:54.1550618Z /usr/bin/tar: ../../../../../usr/local/lib/android/sdk/platforms/android-36.1/data/res/values-nb-watch: Cannot utime: Operation not permitted
build	Cache Android SDK	2026-06-06T12:22:54.1551064Z /usr/bin/tar: ../../../../../usr/local/lib/android/sdk/platforms/android-36.1/data/res/values-nb-watch: Cannot change mode to rwxr-xr-x: Operation not permitted
build	Cache Android SDK	2026-06-06T12:22:54.1553895Z /usr/bin/tar: ../../../../../usr/local/lib/android/sdk/platforms/android-36.1/data/res/values-mcc310-mnc490: Cannot utime: Operation not permitted
build	Cache Android SDK	2026-06-06T12:22:54.1554351Z /usr/bin/tar: ../../../../../usr/local/lib/android/sdk/platforms/android-36.1/data/res/values-mcc310-mnc490: Cannot change mode to rwxr-xr-x: Operation not permitted
build	Cache Android SDK	2026-06-06T12:22:54.1559372Z /usr/bin/tar: ../../../../../usr/local/lib/android/sdk/platforms/android-36.1/data/res/values-mcc310-mnc230-gu: Cannot utime: Operation not permitted
build	Cache Android SDK	2026-06-06T12:22:54.1559839Z /usr/bin/tar: ../../../../../usr/local/lib/android/sdk/platforms/android-36.1/data/res/values-mcc310-mnc230-gu: Cannot change mode to rwxr-xr-x: Operation not permitted
build	Cache Android SDK	2026-06-06T12:22:54.1562592Z /usr/bin/tar: ../../../../../usr/local/lib/android/sdk/platforms/android-36.1/data/res/values-mcc310-mnc230-lv: Cannot utime: Operation not permitted
build	Cache Android SDK	2026-06-06T12:22:54.1563099Z /usr/bin/tar: ../../../../../usr/local/lib/android/sdk/platforms/android-36.1/data/res/values-mcc310-mnc230-lv: Cannot change mode to rwxr-xr-x: Operation not permitted
build	Cache Android SDK	2026-06-06T12:22:54.1565925Z /usr/bin/tar: ../../../../../usr/local/lib/android/sdk/platforms/android-36.1/data/res/values-mcc310-mnc410-bs: Cannot utime: Operation not permitted
build	Cache Android SDK	2026-06-06T12:22:54.1566395Z /usr/bin/tar: ../../../../../usr/local/lib/android/sdk/platforms/android-36.1/data/res/values-mcc310-mnc410-bs: Cannot change mode to rwxr-xr-x: Operation not permitted
build	Cache Android SDK	2026-06-06T12:22:54.1568871Z /usr/bin/tar: ../../../../../usr/local/lib/android/sdk/platforms/android-36.1/data/res/values-mcc302-mnc370-pt: Cannot utime: Operation not permitted
build	Cache Android SDK	2026-06-06T12:22:54.1569360Z /usr/bin/tar: ../../../../../usr/local/lib/android/sdk/platforms/android-36.1/data/res/values-mcc302-mnc370-pt: Cannot change mode to rwxr-xr-x: Operation not permitted
build	Cache Android SDK	2026-06-06T12:22:54.1572099Z /usr/bin/tar: ../../../../../usr/local/lib/android/sdk/platforms/android-36.1/data/res/raw-ja: Cannot utime: Operation not permitted
build	Cache Android SDK	2026-06-06T12:22:54.1572529Z /usr/bin/tar: ../../../../../usr/local/lib/android/sdk/platforms/android-36.1/data/res/raw-ja: Cannot change mode to rwxr-xr-x: Operation not permitted
build	Cache Android SDK	2026-06-06T12:22:54.1575504Z /usr/bin/tar: ../../../../../usr/local/lib/android/sdk/platforms/android-36.1/data/res/values-mcc310-mnc270-ne: Cannot utime: Operation not permitted
build	Cache Android SDK	2026-06-06T12:22:54.1575958Z /usr/bin/tar: ../../../../../usr/local/lib/android/sdk/platforms/android-36.1/data/res/values-mcc310-mnc270-ne: Cannot change mode to rwxr-xr-x: Operation not permitted
build	Cache Android SDK	2026-06-06T12:22:54.1579580Z /usr/bin/tar: ../../../../../usr/local/lib/android/sdk/platforms/android-36.1/data/res/values-mcc310-mnc150-sl: Cannot utime: Operation not permitted
build	Cache Android SDK	2026-06-06T12:22:54.1580121Z /usr/bin/tar: ../../../../../usr/local/lib/android/sdk/platforms/android-36.1/data/res/values-mcc310-mnc150-sl: Cannot change mode to rwxr-xr-x: Operation not permitted
build	Cache Android SDK	2026-06-06T12:22:54.1582512Z /usr/bin/tar: ../../../../../usr/local/lib/android/sdk/platforms/android-36.1/data/res/values-mcc310-mnc380-de: Cannot utime: Operation not permitted
build	Cache Android SDK	2026-06-06T12:22:54.1582971Z /usr/bin/tar: ../../../../../usr/local/lib/android/sdk/platforms/android-36.1/data/res/values-mcc310-mnc380-de: Cannot change mode to rwxr-xr-x: Operation not permitted
build	Cache Android SDK	2026-06-06T12:22:54.1586026Z /usr/bin/tar: ../../../../../usr/local/lib/android/sdk/platforms/android-36.1/data/res/values-mcc310-mnc950-hu: Cannot utime: Operation not permitted
build	Cache Android SDK	2026-06-06T12:22:54.1586498Z /usr/bin/tar: ../../../../../usr/local/lib/android/sdk/platforms/android-36.1/data/res/values-mcc310-mnc950-hu: Cannot change mode to rwxr-xr-x: Operation not permitted
build	Cache Android SDK	2026-06-06T12:22:54.1588475Z /usr/bin/tar: ../../../../../usr/local/lib/android/sdk/platforms/android-36.1/data/res/values-mcc310-mnc230-pa: Cannot utime: Operation not permitted
build	Cache Android SDK	2026-06-06T12:22:54.1588940Z /usr/bin/tar: ../../../../../usr/local/lib/android/sdk/platforms/android-36.1/data/res/values-mcc310-mnc230-pa: Cannot change mode to rwxr-xr-x: Operation not permitted
build	Cache Android SDK	2026-06-06T12:22:54.1592038Z /usr/bin/tar: ../../../../../usr/local/lib/android/sdk/platforms/android-36.1/data/res/values-w320dp: Cannot utime: Operation not permitted
build	Cache Android SDK	2026-06-06T12:22:54.1592493Z /usr/bin/tar: ../../../../../usr/local/lib/android/sdk/platforms/android-36.1/data/res/values-w320dp: Cannot change mode to rwxr-xr-x: Operation not permitted
build	Cache Android SDK	2026-06-06T12:22:54.1595193Z /usr/bin/tar: ../../../../../usr/local/lib/android/sdk/platforms/android-36.1/data/res/values-mcc310-mnc270-kk: Cannot utime: Operation not permitted
build	Cache Android SDK	2026-06-06T12:22:54.1595670Z /usr/bin/tar: ../../../../../usr/local/lib/android/sdk/platforms/android-36.1/data/res/values-mcc310-mnc270-kk: Cannot change mode to rwxr-xr-x: Operation not permitted
build	Cache Android SDK	2026-06-06T12:22:54.1598171Z /usr/bin/tar: ../../../../../usr/local/lib/android/sdk/platforms/android-36.1/data/res/values-mcc313-mnc100-nb: Cannot utime: Operation not permitted
build	Cache Android SDK	2026-06-06T12:22:54.1598638Z /usr/bin/tar: ../../../../../usr/local/lib/android/sdk/platforms/android-36.1/data/res/values-mcc313-mnc100-nb: Cannot change mode to rwxr-xr-x: Operation not permitted
build	Cache Android SDK	2026-06-06T12:22:54.1601783Z /usr/bin/tar: ../../../../../usr/local/lib/android/sdk/platforms/android-36.1/data/res/values-mcc310-mnc250-ky: Cannot utime: Operation not permitted
build	Cache Android SDK	2026-06-06T12:22:54.1602240Z /usr/bin/tar: ../../../../../usr/local/lib/android/sdk/platforms/android-36.1/data/res/values-mcc310-mnc250-ky: Cannot change mode to rwxr-xr-x: Operation not permitted
build	Cache Android SDK	2026-06-06T12:22:54.1604871Z /usr/bin/tar: ../../../../../usr/local/lib/android/sdk/platforms/android-36.1/data/res/values-mcc310-mnc800-gu: Cannot utime: Operation not permitted
build	Cache Android SDK	2026-06-06T12:22:54.1605329Z /usr/bin/tar: ../../../../../usr/local/lib/android/sdk/platforms/android-36.1/data/res/values-mcc310-mnc800-gu: Cannot change mode to rwxr-xr-x: Operation not permitted
build	Cache Android SDK	2026-06-06T12:22:54.1608391Z /usr/bin/tar: ../../../../../usr/local/lib/android/sdk/platforms/android-36.1/data/res/values-mcc310-mnc200-sv: Cannot utime: Operation not permitted
build	Cache Android SDK	2026-06-06T12:22:54.1608871Z /usr/bin/tar: ../../../../../usr/local/lib/android/sdk/platforms/android-36.1/data/res/values-mcc310-mnc200-sv: Cannot change mode to rwxr-xr-x: Operation not permitted
build	Cache Android SDK	2026-06-06T12:22:54.1612409Z /usr/bin/tar: ../../../../../usr/local/lib/android/sdk/platforms/android-36.1/data/res/values-mcc334-mnc020-en-rGB: Cannot utime: Operation not permitted
build	Cache Android SDK	2026-06-06T12:22:54.1612888Z /usr/bin/tar: ../../../../../usr/local/lib/android/sdk/platforms/android-36.1/data/res/values-mcc334-mnc020-en-rGB: Cannot change mode to rwxr-xr-x: Operation not permitted
build	Cache Android SDK	2026-06-06T12:22:54.1615473Z /usr/bin/tar: ../../../../../usr/local/lib/android/sdk/platforms/android-36.1/data/res/values-mcc302-mnc720-en-rIN: Cannot utime: Operation not permitted
build	Cache Android SDK	2026-06-06T12:22:54.1616028Z /usr/bin/tar: ../../../../../usr/local/lib/android/sdk/platforms/android-36.1/data/res/values-mcc302-mnc720-en-rIN: Cannot change mode to rwxr-xr-x: Operation not permitted
build	Cache Android SDK	2026-06-06T12:22:54.1618672Z /usr/bin/tar: ../../../../../usr/local/lib/android/sdk/platforms/android-36.1/data/res/xml-en: Cannot utime: Operation not permitted
build	Cache Android SDK	2026-06-06T12:22:54.1619087Z /usr/bin/tar: ../../../../../usr/local/lib/android/sdk/platforms/android-36.1/data/res/xml-en: Cannot change mode to rwxr-xr-x: Operation not permitted
build	Cache Android SDK	2026-06-06T12:22:54.1621856Z /usr/bin/tar: ../../../../../usr/local/lib/android/sdk/platforms/android-36.1/data/res/values-mcc310-mnc950-es-rUS: Cannot utime: Operation not permitted
build	Cache Android SDK	2026-06-06T12:22:54.1622334Z /usr/bin/tar: ../../../../../usr/local/lib/android/sdk/platforms/android-36.1/data/res/values-mcc310-mnc950-es-rUS: Cannot change mode to rwxr-xr-x: Operation not permitted
build	Cache Android SDK	2026-06-06T12:22:54.1625512Z /usr/bin/tar: ../../../../../usr/local/lib/android/sdk/platforms/android-36.1/data/res/values-mcc310-mnc950-tr: Cannot utime: Operation not permitted
build	Cache Android SDK	2026-06-06T12:22:54.1626047Z /usr/bin/tar: ../../../../../usr/local/lib/android/sdk/platforms/android-36.1/data/res/values-mcc310-mnc950-tr: Cannot change mode to rwxr-xr-x: Operation not permitted
build	Cache Android SDK	2026-06-06T12:22:54.1628845Z /usr/bin/tar: ../../../../../usr/local/lib/android/sdk/platforms/android-36.1/data/res/values-mcc310-mnc200-de: Cannot utime: Operation not permitted
build	Cache Android SDK	2026-06-06T12:22:54.1629315Z /usr/bin/tar: ../../../../../usr/local/lib/android/sdk/platforms/android-36.1/data/res/values-mcc310-mnc200-de: Cannot change mode to rwxr-xr-x: Operation not permitted
build	Cache Android SDK	2026-06-06T12:22:54.1633209Z /usr/bin/tar: ../../../../../usr/local/lib/android/sdk/platforms/android-36.1/data/res/values-is-watch: Cannot utime: Operation not permitted
build	Cache Android SDK	2026-06-06T12:22:54.1633652Z /usr/bin/tar: ../../../../../usr/local/lib/android/sdk/platforms/android-36.1/data/res/values-is-watch: Cannot change mode to rwxr-xr-x: Operation not permitted
build	Cache Android SDK	2026-06-06T12:22:54.1636465Z /usr/bin/tar: ../../../../../usr/local/lib/android/sdk/platforms/android-36.1/data/res/values-mcc310-mnc660-lo: Cannot utime: Operation not permitted
build	Cache Android SDK	2026-06-06T12:22:54.1636930Z /usr/bin/tar: ../../../../../usr/local/lib/android/sdk/platforms/android-36.1/data/res/values-mcc310-mnc660-lo: Cannot change mode to rwxr-xr-x: Operation not permitted
build	Cache Android SDK	2026-06-06T12:22:54.1639614Z /usr/bin/tar: ../../../../../usr/local/lib/android/sdk/platforms/android-36.1/data/res/values-mcc310-mnc380-or: Cannot utime: Operation not permitted
build	Cache Android SDK	2026-06-06T12:22:54.1640080Z /usr/bin/tar: ../../../../../usr/local/lib/android/sdk/platforms/android-36.1/data/res/values-mcc310-mnc380-or: Cannot change mode to rwxr-xr-x: Operation not permitted
build	Cache Android SDK	2026-06-06T12:22:54.1642803Z /usr/bin/tar: ../../../../../usr/local/lib/android/sdk/platforms/android-36.1/data/res/values-mcc334-mnc020-ky: Cannot utime: Operation not permitted
build	Cache Android SDK	2026-06-06T12:22:54.1643258Z /usr/bin/tar: ../../../../../usr/local/lib/android/sdk/platforms/android-36.1/data/res/values-mcc334-mnc020-ky: Cannot change mode to rwxr-xr-x: Operation not permitted
build	Cache Android SDK	2026-06-06T12:22:54.1645955Z /usr/bin/tar: ../../../../../usr/local/lib/android/sdk/platforms/android-36.1/data/res/values-mcc334-mnc020-pt-rPT: Cannot utime: Operation not permitted
build	Cache Android SDK	2026-06-06T12:22:54.1646438Z /usr/bin/tar: ../../../../../usr/local/lib/android/sdk/platforms/android-36.1/data/res/values-mcc334-mnc020-pt-rPT: Cannot change mode to rwxr-xr-x: Operation not permitted
build	Cache Android SDK	2026-06-06T12:22:54.1649088Z /usr/bin/tar: ../../../../../usr/local/lib/android/sdk/platforms/android-36.1/data/res/values-mcc310-mnc250-en-rIN: Cannot utime: Operation not permitted
build	Cache Android SDK	2026-06-06T12:22:54.1649555Z /usr/bin/tar: ../../../../../usr/local/lib/android/sdk/platforms/android-36.1/data/res/values-mcc310-mnc250-en-rIN: Cannot change mode to rwxr-xr-x: Operation not permitted
build	Cache Android SDK	2026-06-06T12:22:54.1652222Z /usr/bin/tar: ../../../../../usr/local/lib/android/sdk/platforms/android-36.1/data/res/values-mcc466-mnc03: Cannot utime: Operation not permitted
build	Cache Android SDK	2026-06-06T12:22:54.1652863Z /usr/bin/tar: ../../../../../usr/local/lib/android/sdk/platforms/android-36.1/data/res/values-mcc466-mnc03: Cannot change mode to rwxr-xr-x: Operation not permitted
build	Cache Android SDK	2026-06-06T12:22:54.1655497Z /usr/bin/tar: ../../../../../usr/local/lib/android/sdk/platforms/android-36.1/data/res/values-mcc310-mnc200-fr-rCA: Cannot utime: Operation not permitted
build	Cache Android SDK	2026-06-06T12:22:54.1655992Z /usr/bin/tar: ../../../../../usr/local/lib/android/sdk/platforms/android-36.1/data/res/values-mcc310-mnc200-fr-rCA: Cannot change mode to rwxr-xr-x: Operation not permitted
build	Cache Android SDK	2026-06-06T12:22:54.1658601Z /usr/bin/tar: ../../../../../usr/local/lib/android/sdk/platforms/android-36.1/data/res/values-mcc340-mnc01: Cannot utime: Operation not permitted
build	Cache Android SDK	2026-06-06T12:22:54.1659046Z /usr/bin/tar: ../../../../../usr/local/lib/android/sdk/platforms/android-36.1/data/res/values-mcc340-mnc01: Cannot change mode to rwxr-xr-x: Operation not permitted
build	Cache Android SDK	2026-06-06T12:22:54.1661853Z /usr/bin/tar: ../../../../../usr/local/lib/android/sdk/platforms/android-36.1/data/res/values-mcc310-mnc240-kn: Cannot utime: Operation not permitted
build	Cache Android SDK	2026-06-06T12:22:54.1662402Z /usr/bin/tar: ../../../../../usr/local/lib/android/sdk/platforms/android-36.1/data/res/values-mcc310-mnc240-kn: Cannot change mode to rwxr-xr-x: Operation not permitted
build	Cache Android SDK	2026-06-06T12:22:54.1667159Z /usr/bin/tar: ../../../../../usr/local/lib/android/sdk/platforms/android-36.1/data/res/values-land: Cannot utime: Operation not permitted
build	Cache Android SDK	2026-06-06T12:22:54.1667795Z /usr/bin/tar: ../../../../../usr/local/lib/android/sdk/platforms/android-36.1/data/res/values-land: Cannot change mode to rwxr-xr-x: Operation not permitted
build	Cache Android SDK	2026-06-06T12:22:54.1670214Z /usr/bin/tar: ../../../../../usr/local/lib/android/sdk/platforms/android-36.1/data/res/values-mcc302-mnc370-ka: Cannot utime: Operation not permitted
build	Cache Android SDK	2026-06-06T12:22:54.1670671Z /usr/bin/tar: ../../../../../usr/local/lib/android/sdk/platforms/android-36.1/data/res/values-mcc302-mnc370-ka: Cannot change mode to rwxr-xr-x: Operation not permitted
build	Cache Android SDK	2026-06-06T12:22:54.1673468Z /usr/bin/tar: ../../../../../usr/local/lib/android/sdk/platforms/android-36.1/data/res/values-mcc302-mnc720-sl: Cannot utime: Operation not permitted
build	Cache Android SDK	2026-06-06T12:22:54.1673922Z /usr/bin/tar: ../../../../../usr/local/lib/android/sdk/platforms/android-36.1/data/res/values-mcc302-mnc720-sl: Cannot change mode to rwxr-xr-x: Operation not permitted
build	Cache Android SDK	2026-06-06T12:22:54.1677931Z /usr/bin/tar: ../../../../../usr/local/lib/android/sdk/platforms/android-36.1/data/res/values-mcc310-mnc240-mr: Cannot utime: Operation not permitted
build	Cache Android SDK	2026-06-06T12:22:54.1678381Z /usr/bin/tar: ../../../../../usr/local/lib/android/sdk/platforms/android-36.1/data/res/values-mcc310-mnc240-mr: Cannot change mode to rwxr-xr-x: Operation not permitted
build	Cache Android SDK	2026-06-06T12:22:54.1680882Z /usr/bin/tar: ../../../../../usr/local/lib/android/sdk/platforms/android-36.1/data/res/values-mcc334-mnc020-fr-neuter: Cannot utime: Operation not permitted
build	Cache Android SDK	2026-06-06T12:22:54.1681369Z /usr/bin/tar: ../../../../../usr/local/lib/android/sdk/platforms/android-36.1/data/res/values-mcc334-mnc020-fr-neuter: Cannot change mode to rwxr-xr-x: Operation not permitted
build	Cache Android SDK	2026-06-06T12:22:54.1684055Z /usr/bin/tar: ../../../../../usr/local/lib/android/sdk/platforms/android-36.1/data/res/values-mcc310-mnc560-fa: Cannot utime: Operation not permitted
build	Cache Android SDK	2026-06-06T12:22:54.1684650Z /usr/bin/tar: ../../../../../usr/local/lib/android/sdk/platforms/android-36.1/data/res/values-mcc310-mnc560-fa: Cannot change mode to rwxr-xr-x: Operation not permitted
build	Cache Android SDK	2026-06-06T12:22:54.1687888Z /usr/bin/tar: ../../../../../usr/local/lib/android/sdk/platforms/android-36.1/data/res/values-mcc312-mnc670-ro: Cannot utime: Operation not permitted
build	Cache Android SDK	2026-06-06T12:22:54.1688718Z /usr/bin/tar: ../../../../../usr/local/lib/android/sdk/platforms/android-36.1/data/res/values-mcc312-mnc670-ro: Cannot change mode to rwxr-xr-x: Operation not permitted
build	Cache Android SDK	2026-06-06T12:22:54.1690860Z /usr/bin/tar: ../../../../../usr/local/lib/android/sdk/platforms/android-36.1/data/res/values-mcc310-mnc250-cs: Cannot utime: Operation not permitted
build	Cache Android SDK	2026-06-06T12:22:54.1691403Z /usr/bin/tar: ../../../../../usr/local/lib/android/sdk/platforms/android-36.1/data/res/values-mcc310-mnc250-cs: Cannot change mode to rwxr-xr-x: Operation not permitted
build	Cache Android SDK	2026-06-06T12:22:54.1694335Z /usr/bin/tar: ../../../../../usr/local/lib/android/sdk/platforms/android-36.1/data/res/values-hu-rHU: Cannot utime: Operation not permitted
build	Cache Android SDK	2026-06-06T12:22:54.1694875Z /usr/bin/tar: ../../../../../usr/local/lib/android/sdk/platforms/android-36.1/data/res/values-hu-rHU: Cannot change mode to rwxr-xr-x: Operation not permitted
build	Cache Android SDK	2026-06-06T12:22:54.1697853Z /usr/bin/tar: ../../../../../usr/local/lib/android/sdk/platforms/android-36.1/data/res/values-mcc315: Cannot utime: Operation not permitted
build	Cache Android SDK	2026-06-06T12:22:54.1698282Z /usr/bin/tar: ../../../../../usr/local/lib/android/sdk/platforms/android-36.1/data/res/values-mcc315: Cannot change mode to rwxr-xr-x: Operation not permitted
build	Cache Android SDK	2026-06-06T12:22:54.1701218Z /usr/bin/tar: ../../../../../usr/local/lib/android/sdk/platforms/android-36.1/data/res/values-mcc310-mnc660-gl: Cannot utime: Operation not permitted
build	Cache Android SDK	2026-06-06T12:22:54.1701750Z /usr/bin/tar: ../../../../../usr/local/lib/android/sdk/platforms/android-36.1/data/res/values-mcc310-mnc660-gl: Cannot change mode to rwxr-xr-x: Operation not permitted
build	Cache Android SDK	2026-06-06T12:22:54.1704675Z /usr/bin/tar: ../../../../../usr/local/lib/android/sdk/platforms/android-36.1/data/res/values-mcc313-mnc100-de: Cannot utime: Operation not permitted
build	Cache Android SDK	2026-06-06T12:22:54.1705223Z /usr/bin/tar: ../../../../../usr/local/lib/android/sdk/platforms/android-36.1/data/res/values-mcc313-mnc100-de: Cannot change mode to rwxr-xr-x: Operation not permitted
build	Cache Android SDK	2026-06-06T12:22:54.1707830Z /usr/bin/tar: ../../../../../usr/local/lib/android/sdk/platforms/android-36.1/data/res/values-mcc311-mnc180-it: Cannot utime: Operation not permitted
build	Cache Android SDK	2026-06-06T12:22:54.1708285Z /usr/bin/tar: ../../../../../usr/local/lib/android/sdk/platforms/android-36.1/data/res/values-mcc311-mnc180-it: Cannot change mode to rwxr-xr-x: Operation not permitted
build	Cache Android SDK	2026-06-06T12:22:54.1710761Z /usr/bin/tar: ../../../../../usr/local/lib/android/sdk/platforms/android-36.1/data/res/values-mcc310-mnc150-ta: Cannot utime: Operation not permitted
build	Cache Android SDK	2026-06-06T12:22:54.1711208Z /usr/bin/tar: ../../../../../usr/local/lib/android/sdk/platforms/android-36.1/data/res/values-mcc310-mnc150-ta: Cannot change mode to rwxr-xr-x: Operation not permitted
build	Cache Android SDK	2026-06-06T12:22:54.1714215Z /usr/bin/tar: ../../../../../usr/local/lib/android/sdk/platforms/android-36.1/data/res/values-mcc334-mnc050: Cannot utime: Operation not permitted
build	Cache Android SDK	2026-06-06T12:22:54.1714674Z /usr/bin/tar: ../../../../../usr/local/lib/android/sdk/platforms/android-36.1/data/res/values-mcc334-mnc050: Cannot change mode to rwxr-xr-x: Operation not permitted
build	Cache Android SDK	2026-06-06T12:22:54.1717274Z /usr/bin/tar: ../../../../../usr/local/lib/android/sdk/platforms/android-36.1/data/res/values-mcc001-mnc01-gl: Cannot utime: Operation not permitted
build	Cache Android SDK	2026-06-06T12:22:54.1717925Z /usr/bin/tar: ../../../../../usr/local/lib/android/sdk/platforms/android-36.1/data/res/values-mcc001-mnc01-gl: Cannot change mode to rwxr-xr-x: Operation not permitted
build	Cache Android SDK	2026-06-06T12:22:54.1720548Z /usr/bin/tar: ../../../../../usr/local/lib/android/sdk/platforms/android-36.1/data/res/values-mcc310-mnc950-vi: Cannot utime: Operation not permitted
build	Cache Android SDK	2026-06-06T12:22:54.1721189Z /usr/bin/tar: ../../../../../usr/local/lib/android/sdk/platforms/android-36.1/data/res/values-mcc310-mnc950-vi: Cannot change mode to rwxr-xr-x: Operation not permitted
build	Cache Android SDK	2026-06-06T12:22:54.1723644Z /usr/bin/tar: ../../../../../usr/local/lib/android/sdk/platforms/android-36.1/data/res/values-mcc432-mnc20: Cannot utime: Operation not permitted
build	Cache Android SDK	2026-06-06T12:22:54.1724096Z /usr/bin/tar: ../../../../../usr/local/lib/android/sdk/platforms/android-36.1/data/res/values-mcc432-mnc20: Cannot change mode to rwxr-xr-x: Operation not permitted
build	Cache Android SDK	2026-06-06T12:22:54.1726855Z /usr/bin/tar: ../../../../../usr/local/lib/android/sdk/platforms/android-36.1/data/res/values-mcc310-mnc800-de: Cannot utime: Operation not permitted
build	Cache Android SDK	2026-06-06T12:22:54.1727566Z /usr/bin/tar: ../../../../../usr/local/lib/android/sdk/platforms/android-36.1/data/res/values-mcc310-mnc800-de: Cannot change mode to rwxr-xr-x: Operation not permitted
build	Cache Android SDK	2026-06-06T12:22:54.1729940Z /usr/bin/tar: ../../../../../usr/local/lib/android/sdk/platforms/android-36.1/data/res/values-mcc310-mnc660-sq: Cannot utime: Operation not permitted
build	Cache Android SDK	2026-06-06T12:22:54.1730397Z /usr/bin/tar: ../../../../../usr/local/lib/android/sdk/platforms/android-36.1/data/res/values-mcc310-mnc660-sq: Cannot change mode to rwxr-xr-x: Operation not permitted
build	Cache Android SDK	2026-06-06T12:22:54.1732942Z /usr/bin/tar: ../../../../../usr/local/lib/android/sdk/platforms/android-36.1/data/res/values-mcc302-mnc720-sv: Cannot utime: Operation not permitted
build	Cache Android SDK	2026-06-06T12:22:54.1733399Z /usr/bin/tar: ../../../../../usr/local/lib/android/sdk/platforms/android-36.1/data/res/values-mcc302-mnc720-sv: Cannot change mode to rwxr-xr-x: Operation not permitted
build	Cache Android SDK	2026-06-06T12:22:54.1736174Z /usr/bin/tar: ../../../../../usr/local/lib/android/sdk/platforms/android-36.1/data/res/values-mcc310-mnc560-nl: Cannot utime: Operation not permitted
build	Cache Android SDK	2026-06-06T12:22:54.1736701Z /usr/bin/tar: ../../../../../usr/local/lib/android/sdk/platforms/android-36.1/data/res/values-mcc310-mnc560-nl: Cannot change mode to rwxr-xr-x: Operation not permitted
build	Cache Android SDK	2026-06-06T12:22:54.1739629Z /usr/bin/tar: ../../../../../usr/local/lib/android/sdk/platforms/android-36.1/data/res/values-mcc334-mnc020-hr: Cannot utime: Operation not permitted
build	Cache Android SDK	2026-06-06T12:22:54.1740072Z /usr/bin/tar: ../../../../../usr/local/lib/android/sdk/platforms/android-36.1/data/res/values-mcc334-mnc020-hr: Cannot change mode to rwxr-xr-x: Operation not permitted
build	Cache Android SDK	2026-06-06T12:22:54.1742861Z /usr/bin/tar: ../../../../../usr/local/lib/android/sdk/platforms/android-36.1/data/res/values-mcc001-mnc01-am: Cannot utime: Operation not permitted
build	Cache Android SDK	2026-06-06T12:22:54.1743309Z /usr/bin/tar: ../../../../../usr/local/lib/android/sdk/platforms/android-36.1/data/res/values-mcc001-mnc01-am: Cannot change mode to rwxr-xr-x: Operation not permitted
build	Cache Android SDK	2026-06-06T12:22:54.1746313Z /usr/bin/tar: ../../../../../usr/local/lib/android/sdk/platforms/android-36.1/data/res/values-mcc310-mnc560-en-rXC: Cannot utime: Operation not permitted
build	Cache Android SDK	2026-06-06T12:22:54.1746866Z /usr/bin/tar: ../../../../../usr/local/lib/android/sdk/platforms/android-36.1/data/res/values-mcc310-mnc560-en-rXC: Cannot change mode to rwxr-xr-x: Operation not permitted
build	Cache Android SDK	2026-06-06T12:22:54.1749699Z /usr/bin/tar: ../../../../../usr/local/lib/android/sdk/platforms/android-36.1/data/res/values-mcc310-mnc240-ne: Cannot utime: Operation not permitted
build	Cache Android SDK	2026-06-06T12:22:54.1750162Z /usr/bin/tar: ../../../../../usr/local/lib/android/sdk/platforms/android-36.1/data/res/values-mcc310-mnc240-ne: Cannot change mode to rwxr-xr-x: Operation not permitted
build	Cache Android SDK	2026-06-06T12:22:54.1753207Z /usr/bin/tar: ../../../../../usr/local/lib/android/sdk/platforms/android-36.1/data/res/values-mcc310-mnc150-lv: Cannot utime: Operation not permitted
build	Cache Android SDK	2026-06-06T12:22:54.1754128Z /usr/bin/tar: ../../../../../usr/local/lib/android/sdk/platforms/android-36.1/data/res/values-mcc310-mnc150-lv: Cannot change mode to rwxr-xr-x: Operation not permitted
build	Cache Android SDK	2026-06-06T12:22:54.1756702Z /usr/bin/tar: ../../../../../usr/local/lib/android/sdk/platforms/android-36.1/data/res/values-mcc310-mnc490-ro: Cannot utime: Operation not permitted
build	Cache Android SDK	2026-06-06T12:22:54.1757326Z /usr/bin/tar: ../../../../../usr/local/lib/android/sdk/platforms/android-36.1/data/res/values-mcc310-mnc490-ro: Cannot change mode to rwxr-xr-x: Operation not permitted
build	Cache Android SDK	2026-06-06T12:22:54.1759841Z /usr/bin/tar: ../../../../../usr/local/lib/android/sdk/platforms/android-36.1/data/res/values-mcc310-mnc270-zh-rTW: Cannot utime: Operation not permitted
build	Cache Android SDK	2026-06-06T12:22:54.1760315Z /usr/bin/tar: ../../../../../usr/local/lib/android/sdk/platforms/android-36.1/data/res/values-mcc310-mnc270-zh-rTW: Cannot change mode to rwxr-xr-x: Operation not permitted
build	Cache Android SDK	2026-06-06T12:22:54.1763255Z /usr/bin/tar: ../../../../../usr/local/lib/android/sdk/platforms/android-36.1/data/res/values-mcc310-mnc380-nl: Cannot utime: Operation not permitted
build	Cache Android SDK	2026-06-06T12:22:54.1763701Z /usr/bin/tar: ../../../../../usr/local/lib/android/sdk/platforms/android-36.1/data/res/values-mcc310-mnc380-nl: Cannot change mode to rwxr-xr-x: Operation not permitted
build	Cache Android SDK	2026-06-06T12:22:54.1767291Z /usr/bin/tar: ../../../../../usr/local/lib/android/sdk/platforms/android-36.1/data/res/values-en-rSG: Cannot utime: Operation not permitted
build	Cache Android SDK	2026-06-06T12:22:54.1767899Z /usr/bin/tar: ../../../../../usr/local/lib/android/sdk/platforms/android-36.1/data/res/values-en-rSG: Cannot change mode to rwxr-xr-x: Operation not permitted
build	Cache Android SDK	2026-06-06T12:22:54.1770887Z /usr/bin/tar: ../../../../../usr/local/lib/android/sdk/platforms/android-36.1/data/res/drawable-en-mdpi: Cannot utime: Operation not permitted
build	Cache Android SDK	2026-06-06T12:22:54.1771329Z /usr/bin/tar: ../../../../../usr/local/lib/android/sdk/platforms/android-36.1/data/res/drawable-en-mdpi: Cannot change mode to rwxr-xr-x: Operation not permitted
build	Cache Android SDK	2026-06-06T12:22:54.1773972Z /usr/bin/tar: ../../../../../usr/local/lib/android/sdk/platforms/android-36.1/data/res/values-mcc302-mnc720-pt-rPT: Cannot utime: Operation not permitted
build	Cache Android SDK	2026-06-06T12:22:54.1774518Z /usr/bin/tar: ../../../../../usr/local/lib/android/sdk/platforms/android-36.1/data/res/values-mcc302-mnc720-pt-rPT: Cannot change mode to rwxr-xr-x: Operation not permitted
build	Cache Android SDK	2026-06-06T12:22:54.1777315Z /usr/bin/tar: ../../../../../usr/local/lib/android/sdk/platforms/android-36.1/data/res/raw-fr: Cannot utime: Operation not permitted
build	Cache Android SDK	2026-06-06T12:22:54.1777934Z /usr/bin/tar: ../../../../../usr/local/lib/android/sdk/platforms/android-36.1/data/res/raw-fr: Cannot change mode to rwxr-xr-x: Operation not permitted
build	Cache Android SDK	2026-06-06T12:22:54.1780543Z /usr/bin/tar: ../../../../../usr/local/lib/android/sdk/platforms/android-36.1/data/res/values-mcc310-mnc530: Cannot utime: Operation not permitted
build	Cache Android SDK	2026-06-06T12:22:54.1780986Z /usr/bin/tar: ../../../../../usr/local/lib/android/sdk/platforms/android-36.1/data/res/values-mcc310-mnc530: Cannot change mode to rwxr-xr-x: Operation not permitted
build	Cache Android SDK	2026-06-06T12:22:54.1783639Z /usr/bin/tar: ../../../../../usr/local/lib/android/sdk/platforms/android-36.1/data/res/values-mcc311-mnc180-ru: Cannot utime: Operation not permitted
build	Cache Android SDK	2026-06-06T12:22:54.1784080Z /usr/bin/tar: ../../../../../usr/local/lib/android/sdk/platforms/android-36.1/data/res/values-mcc311-mnc180-ru: Cannot change mode to rwxr-xr-x: Operation not permitted
build	Cache Android SDK	2026-06-06T12:22:54.1786886Z /usr/bin/tar: ../../../../../usr/local/lib/android/sdk/platforms/android-36.1/data/res/values-mcc302-mnc370-hu: Cannot utime: Operation not permitted
build	Cache Android SDK	2026-06-06T12:22:54.1787333Z /usr/bin/tar: ../../../../../usr/local/lib/android/sdk/platforms/android-36.1/data/res/values-mcc302-mnc370-hu: Cannot change mode to rwxr-xr-x: Operation not permitted
build	Cache Android SDK	2026-06-06T12:22:54.1790014Z /usr/bin/tar: ../../../../../usr/local/lib/android/sdk/platforms/android-36.1/data/res/values-mcc310-mnc210-cs: Cannot utime: Operation not permitted
build	Cache Android SDK	2026-06-06T12:22:54.1790581Z /usr/bin/tar: ../../../../../usr/local/lib/android/sdk/platforms/android-36.1/data/res/values-mcc310-mnc210-cs: Cannot change mode to rwxr-xr-x: Operation not permitted
build	Cache Android SDK	2026-06-06T12:22:54.1793185Z /usr/bin/tar: ../../../../../usr/local/lib/android/sdk/platforms/android-36.1/data/res/values-mcc312-mnc670-hi: Cannot utime: Operation not permitted
build	Cache Android SDK	2026-06-06T12:22:54.1793743Z /usr/bin/tar: ../../../../../usr/local/lib/android/sdk/platforms/android-36.1/data/res/values-mcc312-mnc670-hi: Cannot change mode to rwxr-xr-x: Operation not permitted
build	Cache Android SDK	2026-06-06T12:22:54.1796539Z /usr/bin/tar: ../../../../../usr/local/lib/android/sdk/platforms/android-36.1/data/res/values-mcc302-mnc720-km: Cannot utime: Operation not permitted
build	Cache Android SDK	2026-06-06T12:22:54.1797612Z /usr/bin/tar: ../../../../../usr/local/lib/android/sdk/platforms/android-36.1/data/res/values-mcc302-mnc720-km: Cannot change mode to rwxr-xr-x: Operation not permitted
build	Cache Android SDK	2026-06-06T12:22:54.1799633Z /usr/bin/tar: ../../../../../usr/local/lib/android/sdk/platforms/android-36.1/data/res/values-sl-television: Cannot utime: Operation not permitted
build	Cache Android SDK	2026-06-06T12:22:54.1800209Z /usr/bin/tar: ../../../../../usr/local/lib/android/sdk/platforms/android-36.1/data/res/values-sl-television: Cannot change mode to rwxr-xr-x: Operation not permitted
build	Cache Android SDK	2026-06-06T12:22:54.1802991Z /usr/bin/tar: ../../../../../usr/local/lib/android/sdk/platforms/android-36.1/data/res/values-fr-feminine: Cannot utime: Operation not permitted
build	Cache Android SDK	2026-06-06T12:22:54.1803511Z /usr/bin/tar: ../../../../../usr/local/lib/android/sdk/platforms/android-36.1/data/res/values-fr-feminine: Cannot change mode to rwxr-xr-x: Operation not permitted
build	Cache Android SDK	2026-06-06T12:22:54.1805789Z /usr/bin/tar: ../../../../../usr/local/lib/android/sdk/platforms/android-36.1/data/res/values-mcc310-mnc220-en-rAU: Cannot utime: Operation not permitted
build	Cache Android SDK	2026-06-06T12:22:54.1806273Z /usr/bin/tar: ../../../../../usr/local/lib/android/sdk/platforms/android-36.1/data/res/values-mcc310-mnc220-en-rAU: Cannot change mode to rwxr-xr-x: Operation not permitted
build	Cache Android SDK	2026-06-06T12:22:54.1809065Z /usr/bin/tar: ../../../../../usr/local/lib/android/sdk/platforms/android-36.1/data/res/values-mcc310-mnc490-ko: Cannot utime: Operation not permitted
build	Cache Android SDK	2026-06-06T12:22:54.1809590Z /usr/bin/tar: ../../../../../usr/local/lib/android/sdk/platforms/android-36.1/data/res/values-mcc310-mnc490-ko: Cannot change mode to rwxr-xr-x: Operation not permitted
build	Cache Android SDK	2026-06-06T12:22:54.1811947Z /usr/bin/tar: ../../../../../usr/local/lib/android/sdk/platforms/android-36.1/data/res/values-mcc302-mnc370-ml: Cannot utime: Operation not permitted
build	Cache Android SDK	2026-06-06T12:22:54.1812407Z /usr/bin/tar: ../../../../../usr/local/lib/android/sdk/platforms/android-36.1/data/res/values-mcc302-mnc370-ml: Cannot change mode to rwxr-xr-x: Operation not permitted
build	Cache Android SDK	2026-06-06T12:22:54.1814950Z /usr/bin/tar: ../../../../../usr/local/lib/android/sdk/platforms/android-36.1/data/res/values-mcc310-mnc170-ka: Cannot utime: Operation not permitted
build	Cache Android SDK	2026-06-06T12:22:54.1815442Z /usr/bin/tar: ../../../../../usr/local/lib/android/sdk/platforms/android-36.1/data/res/values-mcc310-mnc170-ka: Cannot change mode to rwxr-xr-x: Operation not permitted
build	Cache Android SDK	2026-06-06T12:22:54.1821130Z /usr/bin/tar: ../../../../../usr/local/lib/android/sdk/platforms/android-36.1/data/res/values-b+sr+Latn: Cannot utime: Operation not permitted
build	Cache Android SDK	2026-06-06T12:22:54.1822167Z /usr/bin/tar: ../../../../../usr/local/lib/android/sdk/platforms/android-36.1/data/res/values-b+sr+Latn: Cannot change mode to rwxr-xr-x: Operation not permitted
build	Cache Android SDK	2026-06-06T12:22:54.1824380Z /usr/bin/tar: ../../../../../usr/local/lib/android/sdk/platforms/android-36.1/data/res/values-mcc310-mnc280-uk: Cannot utime: Operation not permitted
build	Cache Android SDK	2026-06-06T12:22:54.1824837Z /usr/bin/tar: ../../../../../usr/local/lib/android/sdk/platforms/android-36.1/data/res/values-mcc310-mnc280-uk: Cannot change mode to rwxr-xr-x: Operation not permitted
build	Cache Android SDK	2026-06-06T12:22:54.1839526Z /usr/bin/tar: ../../../../../usr/local/lib/android/sdk/platforms/android-36.1/data/res/values-mcc310-mnc220-hu: Cannot utime: Operation not permitted
build	Cache Android SDK	2026-06-06T12:22:54.1840539Z /usr/bin/tar: ../../../../../usr/local/lib/android/sdk/platforms/android-36.1/data/res/values-mcc310-mnc220-hu: Cannot change mode to rwxr-xr-x: Operation not permitted
build	Cache Android SDK	2026-06-06T12:22:54.1841095Z /usr/bin/tar: ../../../../../usr/local/lib/android/sdk/platforms/android-36.1/data/res/values-mcc310-mnc230-tr: Cannot utime: Operation not permitted
build	Cache Android SDK	2026-06-06T12:22:54.1841678Z /usr/bin/tar: ../../../../../usr/local/lib/android/sdk/platforms/android-36.1/data/res/values-mcc310-mnc230-tr: Cannot change mode to rwxr-xr-x: Operation not permitted
build	Cache Android SDK	2026-06-06T12:22:54.1842077Z /usr/bin/tar: ../../../../../usr/local/lib/android/sdk/platforms/android-36.1/data/res/values-mcc310-mnc230-sv: Cannot utime: Operation not permitted
build	Cache Android SDK	2026-06-06T12:22:54.1842626Z /usr/bin/tar: ../../../../../usr/local/lib/android/sdk/platforms/android-36.1/data/res/values-mcc310-mnc230-sv: Cannot change mode to rwxr-xr-x: Operation not permitted
build	Cache Android SDK	2026-06-06T12:22:54.1843042Z /usr/bin/tar: ../../../../../usr/local/lib/android/sdk/platforms/android-36.1/data/res/values-ar-rIL: Cannot utime: Operation not permitted
build	Cache Android SDK	2026-06-06T12:22:54.1843645Z /usr/bin/tar: ../../../../../usr/local/lib/android/sdk/platforms/android-36.1/data/res/values-ar-rIL: Cannot change mode to rwxr-xr-x: Operation not permitted
build	Cache Android SDK	2026-06-06T12:22:54.1844155Z /usr/bin/tar: ../../../../../usr/local/lib/android/sdk/platforms/android-36.1/data/res/values-te-television: Cannot utime: Operation not permitted
build	Cache Android SDK	2026-06-06T12:22:54.1844594Z /usr/bin/tar: ../../../../../usr/local/lib/android/sdk/platforms/android-36.1/data/res/values-te-television: Cannot change mode to rwxr-xr-x: Operation not permitted
build	Cache Android SDK	2026-06-06T12:22:54.1844991Z /usr/bin/tar: ../../../../../usr/local/lib/android/sdk/platforms/android-36.1/data/res/values-mcc310-mnc160-pt: Cannot utime: Operation not permitted
build	Cache Android SDK	2026-06-06T12:22:54.1845611Z /usr/bin/tar: ../../../../../usr/local/lib/android/sdk/platforms/android-36.1/data/res/values-mcc310-mnc160-pt: Cannot change mode to rwxr-xr-x: Operation not permitted
build	Cache Android SDK	2026-06-06T12:22:54.1850264Z /usr/bin/tar: ../../../../../usr/local/lib/android/sdk/platforms/android-36.1/data/res/values-mcc310-mnc660-ur: Cannot utime: Operation not permitted
build	Cache Android SDK	2026-06-06T12:22:54.1850787Z /usr/bin/tar: ../../../../../usr/local/lib/android/sdk/platforms/android-36.1/data/res/values-mcc310-mnc660-ur: Cannot change mode to rwxr-xr-x: Operation not permitted
build	Cache Android SDK	2026-06-06T12:22:54.1853558Z /usr/bin/tar: ../../../../../usr/local/lib/android/sdk/platforms/android-36.1/data/res/values-mcc334-mnc020-cs: Cannot utime: Operation not permitted
build	Cache Android SDK	2026-06-06T12:22:54.1853999Z /usr/bin/tar: ../../../../../usr/local/lib/android/sdk/platforms/android-36.1/data/res/values-mcc334-mnc020-cs: Cannot change mode to rwxr-xr-x: Operation not permitted
build	Cache Android SDK	2026-06-06T12:22:54.1860752Z /usr/bin/tar: ../../../../../usr/local/lib/android/sdk/platforms/android-36.1/data/res/values-zh-rTW: Cannot utime: Operation not permitted
build	Cache Android SDK	2026-06-06T12:22:54.1861194Z /usr/bin/tar: ../../../../../usr/local/lib/android/sdk/platforms/android-36.1/data/res/values-zh-rTW: Cannot change mode to rwxr-xr-x: Operation not permitted
build	Cache Android SDK	2026-06-06T12:22:54.1864030Z /usr/bin/tar: ../../../../../usr/local/lib/android/sdk/platforms/android-36.1/data/res/values-mcc310-mnc200-uz: Cannot utime: Operation not permitted
build	Cache Android SDK	2026-06-06T12:22:54.1864567Z /usr/bin/tar: ../../../../../usr/local/lib/android/sdk/platforms/android-36.1/data/res/values-mcc310-mnc200-uz: Cannot change mode to rwxr-xr-x: Operation not permitted
build	Cache Android SDK	2026-06-06T12:22:54.1867115Z /usr/bin/tar: ../../../../../usr/local/lib/android/sdk/platforms/android-36.1/data/res/values-mcc310-mnc410-sw: Cannot utime: Operation not permitted
build	Cache Android SDK	2026-06-06T12:22:54.1867774Z /usr/bin/tar: ../../../../../usr/local/lib/android/sdk/platforms/android-36.1/data/res/values-mcc310-mnc410-sw: Cannot change mode to rwxr-xr-x: Operation not permitted
build	Cache Android SDK	2026-06-06T12:22:54.1869770Z /usr/bin/tar: ../../../../../usr/local/lib/android/sdk/platforms/android-36.1/data/res/values-el-rGR: Cannot utime: Operation not permitted
build	Cache Android SDK	2026-06-06T12:22:54.1870201Z /usr/bin/tar: ../../../../../usr/local/lib/android/sdk/platforms/android-36.1/data/res/values-el-rGR: Cannot change mode to rwxr-xr-x: Operation not permitted
build	Cache Android SDK	2026-06-06T12:22:54.1873034Z /usr/bin/tar: ../../../../../usr/local/lib/android/sdk/platforms/android-36.1/data/res/values-mcc310-mnc800-hy: Cannot utime: Operation not permitted
build	Cache Android SDK	2026-06-06T12:22:54.1873609Z /usr/bin/tar: ../../../../../usr/local/lib/android/sdk/platforms/android-36.1/data/res/values-mcc310-mnc800-hy: Cannot change mode to rwxr-xr-x: Operation not permitted
build	Cache Android SDK	2026-06-06T12:22:54.1875932Z /usr/bin/tar: ../../../../../usr/local/lib/android/sdk/platforms/android-36.1/data/res/values-mcc302-mnc720: Cannot utime: Operation not permitted
build	Cache Android SDK	2026-06-06T12:22:54.1876372Z /usr/bin/tar: ../../../../../usr/local/lib/android/sdk/platforms/android-36.1/data/res/values-mcc302-mnc720: Cannot change mode to rwxr-xr-x: Operation not permitted
build	Cache Android SDK	2026-06-06T12:22:54.1879644Z /usr/bin/tar: ../../../../../usr/local/lib/android/sdk/platforms/android-36.1/data/res/values-mcc313-mnc100-sl: Cannot utime: Operation not permitted
build	Cache Android SDK	2026-06-06T12:22:54.1880098Z /usr/bin/tar: ../../../../../usr/local/lib/android/sdk/platforms/android-36.1/data/res/values-mcc313-mnc100-sl: Cannot change mode to rwxr-xr-x: Operation not permitted
build	Cache Android SDK	2026-06-06T12:22:54.1882540Z /usr/bin/tar: ../../../../../usr/local/lib/android/sdk/platforms/android-36.1/data/res/values-mcc312-mnc670-zh-rTW: Cannot utime: Operation not permitted
build	Cache Android SDK	2026-06-06T12:22:54.1883017Z /usr/bin/tar: ../../../../../usr/local/lib/android/sdk/platforms/android-36.1/data/res/values-mcc312-mnc670-zh-rTW: Cannot change mode to rwxr-xr-x: Operation not permitted
build	Cache Android SDK	2026-06-06T12:22:54.1886025Z /usr/bin/tar: ../../../../../usr/local/lib/android/sdk/platforms/android-36.1/data/res/values-mcc310-mnc560-ur: Cannot utime: Operation not permitted
build	Cache Android SDK	2026-06-06T12:22:54.1886475Z /usr/bin/tar: ../../../../../usr/local/lib/android/sdk/platforms/android-36.1/data/res/values-mcc310-mnc560-ur: Cannot change mode to rwxr-xr-x: Operation not permitted
build	Cache Android SDK	2026-06-06T12:22:54.1889333Z /usr/bin/tar: ../../../../../usr/local/lib/android/sdk/platforms/android-36.1/data/res/values-mcc310-mnc170-am: Cannot utime: Operation not permitted
build	Cache Android SDK	2026-06-06T12:22:54.1889857Z /usr/bin/tar: ../../../../../usr/local/lib/android/sdk/platforms/android-36.1/data/res/values-mcc310-mnc170-am: Cannot change mode to rwxr-xr-x: Operation not permitted
build	Cache Android SDK	2026-06-06T12:22:54.1892154Z /usr/bin/tar: ../../../../../usr/local/lib/android/sdk/platforms/android-36.1/data/res/values-mcc310-mnc800-nb: Cannot utime: Operation not permitted
build	Cache Android SDK	2026-06-06T12:22:54.1892600Z /usr/bin/tar: ../../../../../usr/local/lib/android/sdk/platforms/android-36.1/data/res/values-mcc310-mnc800-nb: Cannot change mode to rwxr-xr-x: Operation not permitted
build	Cache Android SDK	2026-06-06T12:22:54.1895430Z /usr/bin/tar: ../../../../../usr/local/lib/android/sdk/platforms/android-36.1/data/res/values-mcc310-mnc800-b+sr+Latn: Cannot utime: Operation not permitted
build	Cache Android SDK	2026-06-06T12:22:54.1895917Z /usr/bin/tar: ../../../../../usr/local/lib/android/sdk/platforms/android-36.1/data/res/values-mcc310-mnc800-b+sr+Latn: Cannot change mode to rwxr-xr-x: Operation not permitted
build	Cache Android SDK	2026-06-06T12:22:54.1899032Z /usr/bin/tar: ../../../../../usr/local/lib/android/sdk/platforms/android-36.1/data/res/values-mcc310-mnc150-be: Cannot utime: Operation not permitted
build	Cache Android SDK	2026-06-06T12:22:54.1899479Z /usr/bin/tar: ../../../../../usr/local/lib/android/sdk/platforms/android-36.1/data/res/values-mcc310-mnc150-be: Cannot change mode to rwxr-xr-x: Operation not permitted
build	Cache Android SDK	2026-06-06T12:22:54.1902380Z /usr/bin/tar: ../../../../../usr/local/lib/android/sdk/platforms/android-36.1/data/res/values-mcc310-mnc560-ja: Cannot utime: Operation not permitted
build	Cache Android SDK	2026-06-06T12:22:54.1902829Z /usr/bin/tar: ../../../../../usr/local/lib/android/sdk/platforms/android-36.1/data/res/values-mcc310-mnc560-ja: Cannot change mode to rwxr-xr-x: Operation not permitted
build	Cache Android SDK	2026-06-06T12:22:54.1905492Z /usr/bin/tar: ../../../../../usr/local/lib/android/sdk/platforms/android-36.1/data/res/values-mcc310-mnc210-sq: Cannot utime: Operation not permitted
build	Cache Android SDK	2026-06-06T12:22:54.1905944Z /usr/bin/tar: ../../../../../usr/local/lib/android/sdk/platforms/android-36.1/data/res/values-mcc310-mnc210-sq: Cannot change mode to rwxr-xr-x: Operation not permitted
build	Cache Android SDK	2026-06-06T12:22:54.1909298Z /usr/bin/tar: ../../../../../usr/local/lib/android/sdk/platforms/android-36.1/data/res/values-w228dp: Cannot utime: Operation not permitted
build	Cache Android SDK	2026-06-06T12:22:54.1909909Z /usr/bin/tar: ../../../../../usr/local/lib/android/sdk/platforms/android-36.1/data/res/values-w228dp: Cannot change mode to rwxr-xr-x: Operation not permitted
build	Cache Android SDK	2026-06-06T12:22:54.1912401Z /usr/bin/tar: ../../../../../usr/local/lib/android/sdk/platforms/android-36.1/data/res/values-mcc312-mnc670-ms: Cannot utime: Operation not permitted
build	Cache Android SDK	2026-06-06T12:22:54.1912854Z /usr/bin/tar: ../../../../../usr/local/lib/android/sdk/platforms/android-36.1/data/res/values-mcc312-mnc670-ms: Cannot change mode to rwxr-xr-x: Operation not permitted
build	Cache Android SDK	2026-06-06T12:22:54.1915631Z /usr/bin/tar: ../../../../../usr/local/lib/android/sdk/platforms/android-36.1/data/res/values-mcc302-mnc720-sw: Cannot utime: Operation not permitted
build	Cache Android SDK	2026-06-06T12:22:54.1916141Z /usr/bin/tar: ../../../../../usr/local/lib/android/sdk/platforms/android-36.1/data/res/values-mcc302-mnc720-sw: Cannot change mode to rwxr-xr-x: Operation not permitted
build	Cache Android SDK	2026-06-06T12:22:54.1919350Z /usr/bin/tar: ../../../../../usr/local/lib/android/sdk/platforms/android-36.1/data/res/values-mcc310-mnc160-de: Cannot utime: Operation not permitted
build	Cache Android SDK	2026-06-06T12:22:54.1919878Z /usr/bin/tar: ../../../../../usr/local/lib/android/sdk/platforms/android-36.1/data/res/values-mcc310-mnc160-de: Cannot change mode to rwxr-xr-x: Operation not permitted
build	Cache Android SDK	2026-06-06T12:22:54.1922838Z /usr/bin/tar: ../../../../../usr/local/lib/android/sdk/platforms/android-36.1/data/res/values-mcc310-mnc230-ru: Cannot utime: Operation not permitted
build	Cache Android SDK	2026-06-06T12:22:54.1923291Z /usr/bin/tar: ../../../../../usr/local/lib/android/sdk/platforms/android-36.1/data/res/values-mcc310-mnc230-ru: Cannot change mode to rwxr-xr-x: Operation not permitted
build	Cache Android SDK	2026-06-06T12:22:54.1925798Z /usr/bin/tar: ../../../../../usr/local/lib/android/sdk/platforms/android-36.1/data/res/values-mcc310-mnc170-en-rCA: Cannot utime: Operation not permitted
build	Cache Android SDK	2026-06-06T12:22:54.1926276Z /usr/bin/tar: ../../../../../usr/local/lib/android/sdk/platforms/android-36.1/data/res/values-mcc310-mnc170-en-rCA: Cannot change mode to rwxr-xr-x: Operation not permitted
build	Cache Android SDK	2026-06-06T12:22:54.1929157Z /usr/bin/tar: ../../../../../usr/local/lib/android/sdk/platforms/android-36.1/data/res/values-mcc313-mnc100-or: Cannot utime: Operation not permitted
build	Cache Android SDK	2026-06-06T12:22:54.1929607Z /usr/bin/tar: ../../../../../usr/local/lib/android/sdk/platforms/android-36.1/data/res/values-mcc313-mnc100-or: Cannot change mode to rwxr-xr-x: Operation not permitted
build	Cache Android SDK	2026-06-06T12:22:54.1932740Z /usr/bin/tar: ../../../../../usr/local/lib/android/sdk/platforms/android-36.1/data/res/values-mcc312-mnc670-sv: Cannot utime: Operation not permitted
build	Cache Android SDK	2026-06-06T12:22:54.1933201Z /usr/bin/tar: ../../../../../usr/local/lib/android/sdk/platforms/android-36.1/data/res/values-mcc312-mnc670-sv: Cannot change mode to rwxr-xr-x: Operation not permitted
build	Cache Android SDK	2026-06-06T12:22:54.1936254Z /usr/bin/tar: ../../../../../usr/local/lib/android/sdk/platforms/android-36.1/data/res/values-mcc334-mnc020-ca: Cannot utime: Operation not permitted
build	Cache Android SDK	2026-06-06T12:22:54.1936703Z /usr/bin/tar: ../../../../../usr/local/lib/android/sdk/platforms/android-36.1/data/res/values-mcc334-mnc020-ca: Cannot change mode to rwxr-xr-x: Operation not permitted
build	Cache Android SDK	2026-06-06T12:22:54.1940074Z /usr/bin/tar: ../../../../../usr/local/lib/android/sdk/platforms/android-36.1/data/res/menu: Cannot utime: Operation not permitted
build	Cache Android SDK	2026-06-06T12:22:54.1940466Z /usr/bin/tar: ../../../../../usr/local/lib/android/sdk/platforms/android-36.1/data/res/menu: Cannot change mode to rwxr-xr-x: Operation not permitted
build	Cache Android SDK	2026-06-06T12:22:54.1943568Z /usr/bin/tar: ../../../../../usr/local/lib/android/sdk/platforms/android-36.1/data/res/values-mcc310-mnc560-bn: Cannot utime: Operation not permitted
build	Cache Android SDK	2026-06-06T12:22:54.1944023Z /usr/bin/tar: ../../../../../usr/local/lib/android/sdk/platforms/android-36.1/data/res/values-mcc310-mnc560-bn: Cannot change mode to rwxr-xr-x: Operation not permitted
build	Cache Android SDK	2026-06-06T12:22:54.1946580Z /usr/bin/tar: ../../../../../usr/local/lib/android/sdk/platforms/android-36.1/data/res/values-mcc310-mnc270-hy: Cannot utime: Operation not permitted
build	Cache Android SDK	2026-06-06T12:22:54.1947140Z /usr/bin/tar: ../../../../../usr/local/lib/android/sdk/platforms/android-36.1/data/res/values-mcc310-mnc270-hy: Cannot change mode to rwxr-xr-x: Operation not permitted
build	Cache Android SDK	2026-06-06T12:22:54.1949767Z /usr/bin/tar: ../../../../../usr/local/lib/android/sdk/platforms/android-36.1/data/res/values-mcc310-mnc200-az: Cannot utime: Operation not permitted
build	Cache Android SDK	2026-06-06T12:22:54.1950218Z /usr/bin/tar: ../../../../../usr/local/lib/android/sdk/platforms/android-36.1/data/res/values-mcc310-mnc200-az: Cannot change mode to rwxr-xr-x: Operation not permitted
build	Cache Android SDK	2026-06-06T12:22:54.1952976Z /usr/bin/tar: ../../../../../usr/local/lib/android/sdk/platforms/android-36.1/data/res/values-mcc310-mnc220-cs: Cannot utime: Operation not permitted
build	Cache Android SDK	2026-06-06T12:22:54.1953478Z /usr/bin/tar: ../../../../../usr/local/lib/android/sdk/platforms/android-36.1/data/res/values-mcc310-mnc220-cs: Cannot change mode to rwxr-xr-x: Operation not permitted
build	Cache Android SDK	2026-06-06T12:22:54.1956525Z /usr/bin/tar: ../../../../../usr/local/lib/android/sdk/platforms/android-36.1/data/res/values-w720dp: Cannot utime: Operation not permitted
build	Cache Android SDK	2026-06-06T12:22:54.1956948Z /usr/bin/tar: ../../../../../usr/local/lib/android/sdk/platforms/android-36.1/data/res/values-w720dp: Cannot change mode to rwxr-xr-x: Operation not permitted
build	Cache Android SDK	2026-06-06T12:22:54.1960283Z /usr/bin/tar: ../../../../../usr/local/lib/android/sdk/platforms/android-36.1/data/res/values-mcc310-mnc200-sw: Cannot utime: Operation not permitted
build	Cache Android SDK	2026-06-06T12:22:54.1960812Z /usr/bin/tar: ../../../../../usr/local/lib/android/sdk/platforms/android-36.1/data/res/values-mcc310-mnc200-sw: Cannot change mode to rwxr-xr-x: Operation not permitted
build	Cache Android SDK	2026-06-06T12:22:54.1963118Z /usr/bin/tar: ../../../../../usr/local/lib/android/sdk/platforms/android-36.1/data/res/values-mcc310-mnc950-it: Cannot utime: Operation not permitted
build	Cache Android SDK	2026-06-06T12:22:54.1963565Z /usr/bin/tar: ../../../../../usr/local/lib/android/sdk/platforms/android-36.1/data/res/values-mcc310-mnc950-it: Cannot change mode to rwxr-xr-x: Operation not permitted
build	Cache Android SDK	2026-06-06T12:22:54.1966230Z /usr/bin/tar: ../../../../../usr/local/lib/android/sdk/platforms/android-36.1/data/res/values-mcc312-mnc670-en-rXC: Cannot utime: Operation not permitted
build	Cache Android SDK	2026-06-06T12:22:54.1966705Z /usr/bin/tar: ../../../../../usr/local/lib/android/sdk/platforms/android-36.1/data/res/values-mcc312-mnc670-en-rXC: Cannot change mode to rwxr-xr-x: Operation not permitted
build	Cache Android SDK	2026-06-06T12:22:54.1969388Z /usr/bin/tar: ../../../../../usr/local/lib/android/sdk/platforms/android-36.1/data/res/values-mcc310-mnc030-ru: Cannot utime: Operation not permitted
build	Cache Android SDK	2026-06-06T12:22:54.1969831Z /usr/bin/tar: ../../../../../usr/local/lib/android/sdk/platforms/android-36.1/data/res/values-mcc310-mnc030-ru: Cannot change mode to rwxr-xr-x: Operation not permitted
build	Cache Android SDK	2026-06-06T12:22:54.1972663Z /usr/bin/tar: ../../../../../usr/local/lib/android/sdk/platforms/android-36.1/data/res/values-mcc310-mnc950-ko: Cannot utime: Operation not permitted
build	Cache Android SDK	2026-06-06T12:22:54.1973204Z /usr/bin/tar: ../../../../../usr/local/lib/android/sdk/platforms/android-36.1/data/res/values-mcc310-mnc950-ko: Cannot change mode to rwxr-xr-x: Operation not permitted
build	Cache Android SDK	2026-06-06T12:22:54.1976058Z /usr/bin/tar: ../../../../../usr/local/lib/android/sdk/platforms/android-36.1/data/res/values-mcc310-mnc490-iw: Cannot utime: Operation not permitted
build	Cache Android SDK	2026-06-06T12:22:54.1976555Z /usr/bin/tar: ../../../../../usr/local/lib/android/sdk/platforms/android-36.1/data/res/values-mcc310-mnc490-iw: Cannot change mode to rwxr-xr-x: Operation not permitted
build	Cache Android SDK	2026-06-06T12:22:54.1979203Z /usr/bin/tar: ../../../../../usr/local/lib/android/sdk/platforms/android-36.1/data/res/values-mcc310-mnc660-uk: Cannot utime: Operation not permitted
build	Cache Android SDK	2026-06-06T12:22:54.1979908Z /usr/bin/tar: ../../../../../usr/local/lib/android/sdk/platforms/android-36.1/data/res/values-mcc310-mnc660-uk: Cannot change mode to rwxr-xr-x: Operation not permitted
build	Cache Android SDK	2026-06-06T12:22:54.1982399Z /usr/bin/tar: ../../../../../usr/local/lib/android/sdk/platforms/android-36.1/data/res/values-mcc310-mnc030-sv: Cannot utime: Operation not permitted
build	Cache Android SDK	2026-06-06T12:22:54.1983016Z /usr/bin/tar: ../../../../../usr/local/lib/android/sdk/platforms/android-36.1/data/res/values-mcc310-mnc030-sv: Cannot change mode to rwxr-xr-x: Operation not permitted
build	Cache Android SDK	2026-06-06T12:22:54.1986263Z /usr/bin/tar: ../../../../../usr/local/lib/android/sdk/platforms/android-36.1/data/res/values-w205dp: Cannot utime: Operation not permitted
build	Cache Android SDK	2026-06-06T12:22:54.1986687Z /usr/bin/tar: ../../../../../usr/local/lib/android/sdk/platforms/android-36.1/data/res/values-w205dp: Cannot change mode to rwxr-xr-x: Operation not permitted
build	Cache Android SDK	2026-06-06T12:22:54.1989457Z /usr/bin/tar: ../../../../../usr/local/lib/android/sdk/platforms/android-36.1/data/res/values-mcc310-mnc490-in: Cannot utime: Operation not permitted
build	Cache Android SDK	2026-06-06T12:22:54.1989964Z /usr/bin/tar: ../../../../../usr/local/lib/android/sdk/platforms/android-36.1/data/res/values-mcc310-mnc490-in: Cannot change mode to rwxr-xr-x: Operation not permitted
build	Cache Android SDK	2026-06-06T12:22:54.1992661Z /usr/bin/tar: ../../../../../usr/local/lib/android/sdk/platforms/android-36.1/data/res/values-mcc310-mnc220-hi: Cannot utime: Operation not permitted
build	Cache Android SDK	2026-06-06T12:22:54.1993114Z /usr/bin/tar: ../../../../../usr/local/lib/android/sdk/platforms/android-36.1/data/res/values-mcc310-mnc220-hi: Cannot change mode to rwxr-xr-x: Operation not permitted
build	Cache Android SDK	2026-06-06T12:22:54.2000763Z /usr/bin/tar: ../../../../../usr/local/lib/android/sdk/platforms/android-36.1/data/res/values-de: Cannot utime: Operation not permitted
build	Cache Android SDK	2026-06-06T12:22:54.2001234Z /usr/bin/tar: ../../../../../usr/local/lib/android/sdk/platforms/android-36.1/data/res/values-de: Cannot change mode to rwxr-xr-x: Operation not permitted
build	Cache Android SDK	2026-06-06T12:22:54.2003332Z /usr/bin/tar: ../../../../../usr/local/lib/android/sdk/platforms/android-36.1/data/res/values-mcc310-mnc250-bs: Cannot utime: Operation not permitted
build	Cache Android SDK	2026-06-06T12:22:54.2003807Z /usr/bin/tar: ../../../../../usr/local/lib/android/sdk/platforms/android-36.1/data/res/values-mcc310-mnc250-bs: Cannot change mode to rwxr-xr-x: Operation not permitted
build	Cache Android SDK	2026-06-06T12:22:54.2006543Z /usr/bin/tar: ../../../../../usr/local/lib/android/sdk/platforms/android-36.1/data/res/values-mcc310-mnc170-cs: Cannot utime: Operation not permitted
build	Cache Android SDK	2026-06-06T12:22:54.2007011Z /usr/bin/tar: ../../../../../usr/local/lib/android/sdk/platforms/android-36.1/data/res/values-mcc310-mnc170-cs: Cannot change mode to rwxr-xr-x: Operation not permitted
build	Cache Android SDK	2026-06-06T12:22:54.2009588Z /usr/bin/tar: ../../../../../usr/local/lib/android/sdk/platforms/android-36.1/data/res/values-mcc310-mnc660-es: Cannot utime: Operation not permitted
build	Cache Android SDK	2026-06-06T12:22:54.2010063Z /usr/bin/tar: ../../../../../usr/local/lib/android/sdk/platforms/android-36.1/data/res/values-mcc310-mnc660-es: Cannot change mode to rwxr-xr-x: Operation not permitted
build	Cache Android SDK	2026-06-06T12:22:54.2013327Z /usr/bin/tar: ../../../../../usr/local/lib/android/sdk/platforms/android-36.1/data/res/values-mcc313-mnc100-sk: Cannot utime: Operation not permitted
build	Cache Android SDK	2026-06-06T12:22:54.2013794Z /usr/bin/tar: ../../../../../usr/local/lib/android/sdk/platforms/android-36.1/data/res/values-mcc313-mnc100-sk: Cannot change mode to rwxr-xr-x: Operation not permitted
build	Cache Android SDK	2026-06-06T12:22:54.2016560Z /usr/bin/tar: ../../../../../usr/local/lib/android/sdk/platforms/android-36.1/data/res/values-mcc310-mnc310-zh-rHK: Cannot utime: Operation not permitted
build	Cache Android SDK	2026-06-06T12:22:54.2017046Z /usr/bin/tar: ../../../../../usr/local/lib/android/sdk/platforms/android-36.1/data/res/values-mcc310-mnc310-zh-rHK: Cannot change mode to rwxr-xr-x: Operation not permitted
build	Cache Android SDK	2026-06-06T12:22:54.2020134Z /usr/bin/tar: ../../../../../usr/local/lib/android/sdk/platforms/android-36.1/data/res/values-mcc001-mnc01-pl: Cannot utime: Operation not permitted
build	Cache Android SDK	2026-06-06T12:22:54.2020611Z /usr/bin/tar: ../../../../../usr/local/lib/android/sdk/platforms/android-36.1/data/res/values-mcc001-mnc01-pl: Cannot change mode to rwxr-xr-x: Operation not permitted
build	Cache Android SDK	2026-06-06T12:22:54.2023154Z /usr/bin/tar: ../../../../../usr/local/lib/android/sdk/platforms/android-36.1/data/res/values-mcc310-mnc250-gu: Cannot utime: Operation not permitted
build	Cache Android SDK	2026-06-06T12:22:54.2023613Z /usr/bin/tar: ../../../../../usr/local/lib/android/sdk/platforms/android-36.1/data/res/values-mcc310-mnc250-gu: Cannot change mode to rwxr-xr-x: Operation not permitted
build	Cache Android SDK	2026-06-06T12:22:54.2026241Z /usr/bin/tar: ../../../../../usr/local/lib/android/sdk/platforms/android-36.1/data/res/values-mcc311-mnc180-sq: Cannot utime: Operation not permitted
build	Cache Android SDK	2026-06-06T12:22:54.2026693Z /usr/bin/tar: ../../../../../usr/local/lib/android/sdk/platforms/android-36.1/data/res/values-mcc311-mnc180-sq: Cannot change mode to rwxr-xr-x: Operation not permitted
build	Cache Android SDK	2026-06-06T12:22:54.2029454Z /usr/bin/tar: ../../../../../usr/local/lib/android/sdk/platforms/android-36.1/data/res/values-mcc310-mnc950-zu: Cannot utime: Operation not permitted
build	Cache Android SDK	2026-06-06T12:22:54.2030076Z /usr/bin/tar: ../../../../../usr/local/lib/android/sdk/platforms/android-36.1/data/res/values-mcc310-mnc950-zu: Cannot change mode to rwxr-xr-x: Operation not permitted
build	Cache Android SDK	2026-06-06T12:22:54.2033063Z /usr/bin/tar: ../../../../../usr/local/lib/android/sdk/platforms/android-36.1/data/res/values-mcc312-mnc670-gl: Cannot utime: Operation not permitted
build	Cache Android SDK	2026-06-06T12:22:54.2033535Z /usr/bin/tar: ../../../../../usr/local/lib/android/sdk/platforms/android-36.1/data/res/values-mcc312-mnc670-gl: Cannot change mode to rwxr-xr-x: Operation not permitted
build	Cache Android SDK	2026-06-06T12:22:54.2036168Z /usr/bin/tar: ../../../../../usr/local/lib/android/sdk/platforms/android-36.1/data/res/values-mcc313-mnc100-eu: Cannot utime: Operation not permitted
build	Cache Android SDK	2026-06-06T12:22:54.2036672Z /usr/bin/tar: ../../../../../usr/local/lib/android/sdk/platforms/android-36.1/data/res/values-mcc313-mnc100-eu: Cannot change mode to rwxr-xr-x: Operation not permitted
build	Cache Android SDK	2026-06-06T12:22:54.2039715Z /usr/bin/tar: ../../../../../usr/local/lib/android/sdk/platforms/android-36.1/data/res/values-mcc310-mnc410-pa: Cannot utime: Operation not permitted
build	Cache Android SDK	2026-06-06T12:22:54.2040190Z /usr/bin/tar: ../../../../../usr/local/lib/android/sdk/platforms/android-36.1/data/res/values-mcc310-mnc410-pa: Cannot change mode to rwxr-xr-x: Operation not permitted
build	Cache Android SDK	2026-06-06T12:22:54.2046035Z /usr/bin/tar: ../../../../../usr/local/lib/android/sdk/platforms/android-36.1/data/res/values-pt-rBR: Cannot utime: Operation not permitted
build	Cache Android SDK	2026-06-06T12:22:54.2046473Z /usr/bin/tar: ../../../../../usr/local/lib/android/sdk/platforms/android-36.1/data/res/values-pt-rBR: Cannot change mode to rwxr-xr-x: Operation not permitted
build	Cache Android SDK	2026-06-06T12:22:54.2049305Z /usr/bin/tar: ../../../../../usr/local/lib/android/sdk/platforms/android-36.1/data/res/values-mcc310-mnc410-pt-rPT: Cannot utime: Operation not permitted
build	Cache Android SDK	2026-06-06T12:22:54.2049783Z /usr/bin/tar: ../../../../../usr/local/lib/android/sdk/platforms/android-36.1/data/res/values-mcc310-mnc410-pt-rPT: Cannot change mode to rwxr-xr-x: Operation not permitted
build	Cache Android SDK	2026-06-06T12:22:54.2052734Z /usr/bin/tar: ../../../../../usr/local/lib/android/sdk/platforms/android-36.1/data/res/values-mcc310-mnc380-pt-rBR: Cannot utime: Operation not permitted
build	Cache Android SDK	2026-06-06T12:22:54.2053205Z /usr/bin/tar: ../../../../../usr/local/lib/android/sdk/platforms/android-36.1/data/res/values-mcc310-mnc380-pt-rBR: Cannot change mode to rwxr-xr-x: Operation not permitted
build	Cache Android SDK	2026-06-06T12:22:54.2055765Z /usr/bin/tar: ../../../../../usr/local/lib/android/sdk/platforms/android-36.1/data/res/values-mcc310-mnc560-pl: Cannot utime: Operation not permitted
build	Cache Android SDK	2026-06-06T12:22:54.2056218Z /usr/bin/tar: ../../../../../usr/local/lib/android/sdk/platforms/android-36.1/data/res/values-mcc310-mnc560-pl: Cannot change mode to rwxr-xr-x: Operation not permitted
build	Cache Android SDK	2026-06-06T12:22:54.2059054Z /usr/bin/tar: ../../../../../usr/local/lib/android/sdk/platforms/android-36.1/data/res/values-mcc310-mnc200-fa: Cannot utime: Operation not permitted
build	Cache Android SDK	2026-06-06T12:22:54.2059511Z /usr/bin/tar: ../../../../../usr/local/lib/android/sdk/platforms/android-36.1/data/res/values-mcc310-mnc200-fa: Cannot change mode to rwxr-xr-x: Operation not permitted
build	Cache Android SDK	2026-06-06T12:22:54.2062213Z /usr/bin/tar: ../../../../../usr/local/lib/android/sdk/platforms/android-36.1/data/res/values-mcc310-mnc280-my: Cannot utime: Operation not permitted
build	Cache Android SDK	2026-06-06T12:22:54.2062659Z /usr/bin/tar: ../../../../../usr/local/lib/android/sdk/platforms/android-36.1/data/res/values-mcc310-mnc280-my: Cannot change mode to rwxr-xr-x: Operation not permitted
build	Cache Android SDK	2026-06-06T12:22:54.2065717Z /usr/bin/tar: ../../../../../usr/local/lib/android/sdk/platforms/android-36.1/data/res/values-mcc313-mnc100-en-rXC: Cannot utime: Operation not permitted
build	Cache Android SDK	2026-06-06T12:22:54.2066192Z /usr/bin/tar: ../../../../../usr/local/lib/android/sdk/platforms/android-36.1/data/res/values-mcc313-mnc100-en-rXC: Cannot change mode to rwxr-xr-x: Operation not permitted
build	Cache Android SDK	2026-06-06T12:22:54.2069281Z /usr/bin/tar: ../../../../../usr/local/lib/android/sdk/platforms/android-36.1/data/res/values-mcc001-mnc01-zu: Cannot utime: Operation not permitted
build	Cache Android SDK	2026-06-06T12:22:54.2069849Z /usr/bin/tar: ../../../../../usr/local/lib/android/sdk/platforms/android-36.1/data/res/values-mcc001-mnc01-zu: Cannot change mode to rwxr-xr-x: Operation not permitted
build	Cache Android SDK	2026-06-06T12:22:54.2072296Z /usr/bin/tar: ../../../../../usr/local/lib/android/sdk/platforms/android-36.1/data/res/values-mcc310-mnc560-tr: Cannot utime: Operation not permitted
build	Cache Android SDK	2026-06-06T12:22:54.2072744Z /usr/bin/tar: ../../../../../usr/local/lib/android/sdk/platforms/android-36.1/data/res/values-mcc310-mnc560-tr: Cannot change mode to rwxr-xr-x: Operation not permitted
build	Cache Android SDK	2026-06-06T12:22:54.2075621Z /usr/bin/tar: ../../../../../usr/local/lib/android/sdk/platforms/android-36.1/data/res/values-kk-television: Cannot utime: Operation not permitted
build	Cache Android SDK	2026-06-06T12:22:54.2076078Z /usr/bin/tar: ../../../../../usr/local/lib/android/sdk/platforms/android-36.1/data/res/values-kk-television: Cannot change mode to rwxr-xr-x: Operation not permitted
build	Cache Android SDK	2026-06-06T12:22:54.2078924Z /usr/bin/tar: ../../../../../usr/local/lib/android/sdk/platforms/android-36.1/data/res/values-mcc310-mnc250-pl: Cannot utime: Operation not permitted
build	Cache Android SDK	2026-06-06T12:22:54.2079381Z /usr/bin/tar: ../../../../../usr/local/lib/android/sdk/platforms/android-36.1/data/res/values-mcc310-mnc250-pl: Cannot change mode to rwxr-xr-x: Operation not permitted
build	Cache Android SDK	2026-06-06T12:22:54.2598328Z /usr/bin/tar: ../../../../../usr/local/lib/android/sdk/platforms/android-36.1/data/res/drawable-xhdpi: Cannot utime: Operation not permitted
build	Cache Android SDK	2026-06-06T12:22:54.2599364Z /usr/bin/tar: ../../../../../usr/local/lib/android/sdk/platforms/android-36.1/data/res/drawable-xhdpi: Cannot change mode to rwxr-xr-x: Operation not permitted
build	Cache Android SDK	2026-06-06T12:22:54.2600898Z /usr/bin/tar: ../../../../../usr/local/lib/android/sdk/platforms/android-36.1/data/res/values-mcc310-mnc410-ml: Cannot utime: Operation not permitted
build	Cache Android SDK	2026-06-06T12:22:54.2601930Z /usr/bin/tar: ../../../../../usr/local/lib/android/sdk/platforms/android-36.1/data/res/values-mcc310-mnc410-ml: Cannot change mode to rwxr-xr-x: Operation not permitted
build	Cache Android SDK	2026-06-06T12:22:54.2605100Z /usr/bin/tar: ../../../../../usr/local/lib/android/sdk/platforms/android-36.1/data/res/values-mcc466-mnc92: Cannot utime: Operation not permitted
build	Cache Android SDK	2026-06-06T12:22:54.2606550Z /usr/bin/tar: ../../../../../usr/local/lib/android/sdk/platforms/android-36.1/data/res/values-mcc466-mnc92: Cannot change mode to rwxr-xr-x: Operation not permitted
build	Cache Android SDK	2026-06-06T12:22:54.2608771Z /usr/bin/tar: ../../../../../usr/local/lib/android/sdk/platforms/android-36.1/data/res/values-mcc310-mnc210-sl: Cannot utime: Operation not permitted
build	Cache Android SDK	2026-06-06T12:22:54.2609709Z /usr/bin/tar: ../../../../../usr/local/lib/android/sdk/platforms/android-36.1/data/res/values-mcc310-mnc210-sl: Cannot change mode to rwxr-xr-x: Operation not permitted
build	Cache Android SDK	2026-06-06T12:22:54.2612101Z /usr/bin/tar: ../../../../../usr/local/lib/android/sdk/platforms/android-36.1/data/res/values-as-television: Cannot utime: Operation not permitted
build	Cache Android SDK	2026-06-06T12:22:54.2613050Z /usr/bin/tar: ../../../../../usr/local/lib/android/sdk/platforms/android-36.1/data/res/values-as-television: Cannot change mode to rwxr-xr-x: Operation not permitted
build	Cache Android SDK	2026-06-06T12:22:54.2615443Z /usr/bin/tar: ../../../../../usr/local/lib/android/sdk/platforms/android-36.1/data/res/values-mcc310-mnc380-sq: Cannot utime: Operation not permitted
build	Cache Android SDK	2026-06-06T12:22:54.2616452Z /usr/bin/tar: ../../../../../usr/local/lib/android/sdk/platforms/android-36.1/data/res/values-mcc310-mnc380-sq: Cannot change mode to rwxr-xr-x: Operation not permitted
build	Cache Android SDK	2026-06-06T12:22:54.2618888Z /usr/bin/tar: ../../../../../usr/local/lib/android/sdk/platforms/android-36.1/data/res/values-it-feminine: Cannot utime: Operation not permitted
build	Cache Android SDK	2026-06-06T12:22:54.2619872Z /usr/bin/tar: ../../../../../usr/local/lib/android/sdk/platforms/android-36.1/data/res/values-it-feminine: Cannot change mode to rwxr-xr-x: Operation not permitted
build	Cache Android SDK	2026-06-06T12:22:54.2623566Z /usr/bin/tar: ../../../../../usr/local/lib/android/sdk/platforms/android-36.1/data/res/values-en-rIE: Cannot utime: Operation not permitted
build	Cache Android SDK	2026-06-06T12:22:54.2624656Z /usr/bin/tar: ../../../../../usr/local/lib/android/sdk/platforms/android-36.1/data/res/values-en-rIE: Cannot change mode to rwxr-xr-x: Operation not permitted
build	Cache Android SDK	2026-06-06T12:22:54.2626857Z /usr/bin/tar: ../../../../../usr/local/lib/android/sdk/platforms/android-36.1/data/res/values-mcc310-mnc250-zu: Cannot utime: Operation not permitted
build	Cache Android SDK	2026-06-06T12:22:54.2627970Z /usr/bin/tar: ../../../../../usr/local/lib/android/sdk/platforms/android-36.1/data/res/values-mcc310-mnc250-zu: Cannot change mode to rwxr-xr-x: Operation not permitted
build	Cache Android SDK	2026-06-06T12:22:54.2629731Z /usr/bin/tar: ../../../../../usr/local/lib/android/sdk/platforms/android-36.1/data/res/values-mcc310-mnc410-lo: Cannot utime: Operation not permitted
build	Cache Android SDK	2026-06-06T12:22:54.2630691Z /usr/bin/tar: ../../../../../usr/local/lib/android/sdk/platforms/android-36.1/data/res/values-mcc310-mnc410-lo: Cannot change mode to rwxr-xr-x: Operation not permitted
build	Cache Android SDK	2026-06-06T12:22:54.2632309Z /usr/bin/tar: ../../../../../usr/local/lib/android/sdk/platforms/android-36.1/data/res/values-kk-watch: Cannot utime: Operation not permitted
build	Cache Android SDK	2026-06-06T12:22:54.2633256Z /usr/bin/tar: ../../../../../usr/local/lib/android/sdk/platforms/android-36.1/data/res/values-kk-watch: Cannot change mode to rwxr-xr-x: Operation not permitted
build	Cache Android SDK	2026-06-06T12:22:54.2635665Z /usr/bin/tar: ../../../../../usr/local/lib/android/sdk/platforms/android-36.1/data/res/values-mcc432: Cannot utime: Operation not permitted
build	Cache Android SDK	2026-06-06T12:22:54.2636620Z /usr/bin/tar: ../../../../../usr/local/lib/android/sdk/platforms/android-36.1/data/res/values-mcc432: Cannot change mode to rwxr-xr-x: Operation not permitted
build	Cache Android SDK	2026-06-06T12:22:54.2638971Z /usr/bin/tar: ../../../../../usr/local/lib/android/sdk/platforms/android-36.1/data/res/values-mcc310-mnc380-ne: Cannot utime: Operation not permitted
build	Cache Android SDK	2026-06-06T12:22:54.2639939Z /usr/bin/tar: ../../../../../usr/local/lib/android/sdk/platforms/android-36.1/data/res/values-mcc310-mnc380-ne: Cannot change mode to rwxr-xr-x: Operation not permitted
build	Cache Android SDK	2026-06-06T12:22:54.2642067Z /usr/bin/tar: ../../../../../usr/local/lib/android/sdk/platforms/android-36.1/data/res/values-mcc001-mnc01-uz: Cannot utime: Operation not permitted
build	Cache Android SDK	2026-06-06T12:22:54.2643036Z /usr/bin/tar: ../../../../../usr/local/lib/android/sdk/platforms/android-36.1/data/res/values-mcc001-mnc01-uz: Cannot change mode to rwxr-xr-x: Operation not permitted
build	Cache Android SDK	2026-06-06T12:22:54.2645117Z /usr/bin/tar: ../../../../../usr/local/lib/android/sdk/platforms/android-36.1/data/res/values-mcc312-mnc670-it: Cannot utime: Operation not permitted
build	Cache Android SDK	2026-06-06T12:22:54.2646054Z /usr/bin/tar: ../../../../../usr/local/lib/android/sdk/platforms/android-36.1/data/res/values-mcc312-mnc670-it: Cannot change mode to rwxr-xr-x: Operation not permitted
build	Cache Android SDK	2026-06-06T12:22:54.2648416Z /usr/bin/tar: ../../../../../usr/local/lib/android/sdk/platforms/android-36.1/data/res/values-mcc722-mnc07: Cannot utime: Operation not permitted
build	Cache Android SDK	2026-06-06T12:22:54.2649812Z /usr/bin/tar: ../../../../../usr/local/lib/android/sdk/platforms/android-36.1/data/res/values-mcc722-mnc07: Cannot change mode to rwxr-xr-x: Operation not permitted
build	Cache Android SDK	2026-06-06T12:22:54.2651568Z /usr/bin/tar: ../../../../../usr/local/lib/android/sdk/platforms/android-36.1/data/res/values-mcc310-mnc310-eu: Cannot utime: Operation not permitted
build	Cache Android SDK	2026-06-06T12:22:54.2652513Z /usr/bin/tar: ../../../../../usr/local/lib/android/sdk/platforms/android-36.1/data/res/values-mcc310-mnc310-eu: Cannot change mode to rwxr-xr-x: Operation not permitted
build	Cache Android SDK	2026-06-06T12:22:54.2654875Z /usr/bin/tar: ../../../../../usr/local/lib/android/sdk/platforms/android-36.1/data/res/values-mcc235-mnc94: Cannot utime: Operation not permitted
build	Cache Android SDK	2026-06-06T12:22:54.2655888Z /usr/bin/tar: ../../../../../usr/local/lib/android/sdk/platforms/android-36.1/data/res/values-mcc235-mnc94: Cannot change mode to rwxr-xr-x: Operation not permitted
build	Cache Android SDK	2026-06-06T12:22:54.2658126Z /usr/bin/tar: ../../../../../usr/local/lib/android/sdk/platforms/android-36.1/data/res/values-mcc311-mnc180-sk: Cannot utime: Operation not permitted
build	Cache Android SDK	2026-06-06T12:22:54.2659442Z /usr/bin/tar: ../../../../../usr/local/lib/android/sdk/platforms/android-36.1/data/res/values-mcc311-mnc180-sk: Cannot change mode to rwxr-xr-x: Operation not permitted
build	Cache Android SDK	2026-06-06T12:22:54.2661089Z /usr/bin/tar: ../../../../../usr/local/lib/android/sdk/platforms/android-36.1/data/res/values-mcc310-mnc170-es: Cannot utime: Operation not permitted
build	Cache Android SDK	2026-06-06T12:22:54.2662035Z /usr/bin/tar: ../../../../../usr/local/lib/android/sdk/platforms/android-36.1/data/res/values-mcc310-mnc170-es: Cannot change mode to rwxr-xr-x: Operation not permitted
build	Cache Android SDK	2026-06-06T12:22:54.2665168Z /usr/bin/tar: ../../../../../usr/local/lib/android/sdk/platforms/android-36.1/data/res/values-mcc310-mnc240-my: Cannot utime: Operation not permitted
build	Cache Android SDK	2026-06-06T12:22:54.2666261Z /usr/bin/tar: ../../../../../usr/local/lib/android/sdk/platforms/android-36.1/data/res/values-mcc310-mnc240-my: Cannot change mode to rwxr-xr-x: Operation not permitted
build	Cache Android SDK	2026-06-06T12:22:54.2670480Z /usr/bin/tar: ../../../../../usr/local/lib/android/sdk/platforms/android-36.1/data/res/values-am-television: Cannot utime: Operation not permitted
build	Cache Android SDK	2026-06-06T12:22:54.2671412Z /usr/bin/tar: ../../../../../usr/local/lib/android/sdk/platforms/android-36.1/data/res/values-am-television: Cannot change mode to rwxr-xr-x: Operation not permitted
build	Cache Android SDK	2026-06-06T12:22:54.2673583Z /usr/bin/tar: ../../../../../usr/local/lib/android/sdk/platforms/android-36.1/data/res/values-mcc302-mnc370-in: Cannot utime: Operation not permitted
build	Cache Android SDK	2026-06-06T12:22:54.2674500Z /usr/bin/tar: ../../../../../usr/local/lib/android/sdk/platforms/android-36.1/data/res/values-mcc302-mnc370-in: Cannot change mode to rwxr-xr-x: Operation not permitted
build	Cache Android SDK	2026-06-06T12:22:54.2676891Z /usr/bin/tar: ../../../../../usr/local/lib/android/sdk/platforms/android-36.1/data/res/values-mcc310-mnc270-ml: Cannot utime: Operation not permitted
build	Cache Android SDK	2026-06-06T12:22:54.2677993Z /usr/bin/tar: ../../../../../usr/local/lib/android/sdk/platforms/android-36.1/data/res/values-mcc310-mnc270-ml: Cannot change mode to rwxr-xr-x: Operation not permitted
build	Cache Android SDK	2026-06-06T12:22:54.2680567Z /usr/bin/tar: ../../../../../usr/local/lib/android/sdk/platforms/android-36.1/data/res/values-mcc302-mnc370-ru: Cannot utime: Operation not permitted
build	Cache Android SDK	2026-06-06T12:22:54.2681500Z /usr/bin/tar: ../../../../../usr/local/lib/android/sdk/platforms/android-36.1/data/res/values-mcc302-mnc370-ru: Cannot change mode to rwxr-xr-x: Operation not permitted
build	Cache Android SDK	2026-06-06T12:22:54.2683756Z /usr/bin/tar: ../../../../../usr/local/lib/android/sdk/platforms/android-36.1/data/res/values-mcc310-mnc950-ro: Cannot utime: Operation not permitted
build	Cache Android SDK	2026-06-06T12:22:54.2684710Z /usr/bin/tar: ../../../../../usr/local/lib/android/sdk/platforms/android-36.1/data/res/values-mcc310-mnc950-ro: Cannot change mode to rwxr-xr-x: Operation not permitted
build	Cache Android SDK	2026-06-06T12:22:54.2687122Z /usr/bin/tar: ../../../../../usr/local/lib/android/sdk/platforms/android-36.1/data/res/values-te-watch: Cannot utime: Operation not permitted
build	Cache Android SDK	2026-06-06T12:22:54.2688268Z /usr/bin/tar: ../../../../../usr/local/lib/android/sdk/platforms/android-36.1/data/res/values-te-watch: Cannot change mode to rwxr-xr-x: Operation not permitted
build	Cache Android SDK	2026-06-06T12:22:54.2690629Z /usr/bin/tar: ../../../../../usr/local/lib/android/sdk/platforms/android-36.1/data/res/values-mcc310-mnc410-pl: Cannot utime: Operation not permitted
build	Cache Android SDK	2026-06-06T12:22:54.2691570Z /usr/bin/tar: ../../../../../usr/local/lib/android/sdk/platforms/android-36.1/data/res/values-mcc310-mnc410-pl: Cannot change mode to rwxr-xr-x: Operation not permitted
build	Cache Android SDK	2026-06-06T12:22:54.2694080Z /usr/bin/tar: ../../../../../usr/local/lib/android/sdk/platforms/android-36.1/data/res/values-mcc310-mnc220-is: Cannot utime: Operation not permitted
build	Cache Android SDK	2026-06-06T12:22:54.2695020Z /usr/bin/tar: ../../../../../usr/local/lib/android/sdk/platforms/android-36.1/data/res/values-mcc310-mnc220-is: Cannot change mode to rwxr-xr-x: Operation not permitted
build	Cache Android SDK	2026-06-06T12:22:54.2697108Z /usr/bin/tar: ../../../../../usr/local/lib/android/sdk/platforms/android-36.1/data/res/values-mcc310-mnc170-nl: Cannot utime: Operation not permitted
build	Cache Android SDK	2026-06-06T12:22:54.2698551Z /usr/bin/tar: ../../../../../usr/local/lib/android/sdk/platforms/android-36.1/data/res/values-mcc310-mnc170-nl: Cannot change mode to rwxr-xr-x: Operation not permitted
build	Cache Android SDK	2026-06-06T12:22:54.2700512Z /usr/bin/tar: ../../../../../usr/local/lib/android/sdk/platforms/android-36.1/data/res/values-mcc310-mnc380-el: Cannot utime: Operation not permitted
build	Cache Android SDK	2026-06-06T12:22:54.2701458Z /usr/bin/tar: ../../../../../usr/local/lib/android/sdk/platforms/android-36.1/data/res/values-mcc310-mnc380-el: Cannot change mode to rwxr-xr-x: Operation not permitted
build	Cache Android SDK	2026-06-06T12:22:54.2704775Z /usr/bin/tar: ../../../../../usr/local/lib/android/sdk/platforms/android-36.1/data/res/values-mcc334-mnc020-lt: Cannot utime: Operation not permitted
build	Cache Android SDK	2026-06-06T12:22:54.2706013Z /usr/bin/tar: ../../../../../usr/local/lib/android/sdk/platforms/android-36.1/data/res/values-mcc334-mnc020-lt: Cannot change mode to rwxr-xr-x: Operation not permitted
build	Cache Android SDK	2026-06-06T12:22:54.2707744Z /usr/bin/tar: ../../../../../usr/local/lib/android/sdk/platforms/android-36.1/data/res/values-mcc302-mnc370-si: Cannot utime: Operation not permitted
build	Cache Android SDK	2026-06-06T12:22:54.2708682Z /usr/bin/tar: ../../../../../usr/local/lib/android/sdk/platforms/android-36.1/data/res/values-mcc302-mnc370-si: Cannot change mode to rwxr-xr-x: Operation not permitted
build	Cache Android SDK	2026-06-06T12:22:54.2714488Z /usr/bin/tar: ../../../../../usr/local/lib/android/sdk/platforms/android-36.1/data/res/drawable-land-xhdpi: Cannot utime: Operation not permitted
build	Cache Android SDK	2026-06-06T12:22:54.2715405Z /usr/bin/tar: ../../../../../usr/local/lib/android/sdk/platforms/android-36.1/data/res/drawable-land-xhdpi: Cannot change mode to rwxr-xr-x: Operation not permitted
build	Cache Android SDK	2026-06-06T12:22:54.2718186Z /usr/bin/tar: ../../../../../usr/local/lib/android/sdk/platforms/android-36.1/data/res/values-mcc310-mnc560-ko: Cannot utime: Operation not permitted
build	Cache Android SDK	2026-06-06T12:22:54.2719126Z /usr/bin/tar: ../../../../../usr/local/lib/android/sdk/platforms/android-36.1/data/res/values-mcc310-mnc560-ko: Cannot change mode to rwxr-xr-x: Operation not permitted
build	Cache Android SDK	2026-06-06T12:22:54.2721127Z /usr/bin/tar: ../../../../../usr/local/lib/android/sdk/platforms/android-36.1/data/res/values-ms-rMY: Cannot utime: Operation not permitted
build	Cache Android SDK	2026-06-06T12:22:54.2722115Z /usr/bin/tar: ../../../../../usr/local/lib/android/sdk/platforms/android-36.1/data/res/values-ms-rMY: Cannot change mode to rwxr-xr-x: Operation not permitted
build	Cache Android SDK	2026-06-06T12:22:54.2724577Z /usr/bin/tar: ../../../../../usr/local/lib/android/sdk/platforms/android-36.1/data/res/values-mcc310-mnc230-de: Cannot utime: Operation not permitted
build	Cache Android SDK	2026-06-06T12:22:54.2725510Z /usr/bin/tar: ../../../../../usr/local/lib/android/sdk/platforms/android-36.1/data/res/values-mcc310-mnc230-de: Cannot change mode to rwxr-xr-x: Operation not permitted
build	Cache Android SDK	2026-06-06T12:22:54.2727879Z /usr/bin/tar: ../../../../../usr/local/lib/android/sdk/platforms/android-36.1/data/res/values-mcc310-mnc280-zu: Cannot utime: Operation not permitted
build	Cache Android SDK	2026-06-06T12:22:54.2728819Z /usr/bin/tar: ../../../../../usr/local/lib/android/sdk/platforms/android-36.1/data/res/values-mcc310-mnc280-zu: Cannot change mode to rwxr-xr-x: Operation not permitted
build	Cache Android SDK	2026-06-06T12:22:54.2731652Z /usr/bin/tar: ../../../../../usr/local/lib/android/sdk/platforms/android-36.1/data/res/values-mcc310-mnc230-tl: Cannot utime: Operation not permitted
build	Cache Android SDK	2026-06-06T12:22:54.2732586Z /usr/bin/tar: ../../../../../usr/local/lib/android/sdk/platforms/android-36.1/data/res/values-mcc310-mnc230-tl: Cannot change mode to rwxr-xr-x: Operation not permitted
build	Cache Android SDK	2026-06-06T12:22:54.2734599Z /usr/bin/tar: ../../../../../usr/local/lib/android/sdk/platforms/android-36.1/data/res/values-mcc310-mnc280-bs: Cannot utime: Operation not permitted
build	Cache Android SDK	2026-06-06T12:22:54.2735695Z /usr/bin/tar: ../../../../../usr/local/lib/android/sdk/platforms/android-36.1/data/res/values-mcc310-mnc280-bs: Cannot change mode to rwxr-xr-x: Operation not permitted
build	Cache Android SDK	2026-06-06T12:22:54.2738436Z /usr/bin/tar: ../../../../../usr/local/lib/android/sdk/platforms/android-36.1/data/res/values-mcc310-mnc230-af: Cannot utime: Operation not permitted
build	Cache Android SDK	2026-06-06T12:22:54.2739368Z /usr/bin/tar: ../../../../../usr/local/lib/android/sdk/platforms/android-36.1/data/res/values-mcc310-mnc230-af: Cannot change mode to rwxr-xr-x: Operation not permitted
build	Cache Android SDK	2026-06-06T12:22:54.2741999Z /usr/bin/tar: ../../../../../usr/local/lib/android/sdk/platforms/android-36.1/data/res/values-mcc310-mnc160-mk: Cannot utime: Operation not permitted
build	Cache Android SDK	2026-06-06T12:22:54.2742926Z /usr/bin/tar: ../../../../../usr/local/lib/android/sdk/platforms/android-36.1/data/res/values-mcc310-mnc160-mk: Cannot change mode to rwxr-xr-x: Operation not permitted
build	Cache Android SDK	2026-06-06T12:22:54.2745849Z /usr/bin/tar: ../../../../../usr/local/lib/android/sdk/platforms/android-36.1/data/res/values-mcc312-mnc670-bg: Cannot utime: Operation not permitted
build	Cache Android SDK	2026-06-06T12:22:54.2746783Z /usr/bin/tar: ../../../../../usr/local/lib/android/sdk/platforms/android-36.1/data/res/values-mcc312-mnc670-bg: Cannot change mode to rwxr-xr-x: Operation not permitted
build	Cache Android SDK	2026-06-06T12:22:54.2749902Z /usr/bin/tar: ../../../../../usr/local/lib/android/sdk/platforms/android-36.1/data/res/values-mcc312-mnc670-pa: Cannot utime: Operation not permitted
build	Cache Android SDK	2026-06-06T12:22:54.2750853Z /usr/bin/tar: ../../../../../usr/local/lib/android/sdk/platforms/android-36.1/data/res/values-mcc312-mnc670-pa: Cannot change mode to rwxr-xr-x: Operation not permitted
build	Cache Android SDK	2026-06-06T12:22:54.2753398Z /usr/bin/tar: ../../../../../usr/local/lib/android/sdk/platforms/android-36.1/data/res/values-w192dp: Cannot utime: Operation not permitted
build	Cache Android SDK	2026-06-06T12:22:54.2754269Z /usr/bin/tar: ../../../../../usr/local/lib/android/sdk/platforms/android-36.1/data/res/values-w192dp: Cannot change mode to rwxr-xr-x: Operation not permitted
build	Cache Android SDK	2026-06-06T12:22:54.2756681Z /usr/bin/tar: ../../../../../usr/local/lib/android/sdk/platforms/android-36.1/data/res/values-mcc310-mnc170-my: Cannot utime: Operation not permitted
build	Cache Android SDK	2026-06-06T12:22:54.2757751Z /usr/bin/tar: ../../../../../usr/local/lib/android/sdk/platforms/android-36.1/data/res/values-mcc310-mnc170-my: Cannot change mode to rwxr-xr-x: Operation not permitted
build	Cache Android SDK	2026-06-06T12:22:54.2759978Z /usr/bin/tar: ../../../../../usr/local/lib/android/sdk/platforms/android-36.1/data/res/values-sw720dp-land: Cannot utime: Operation not permitted
build	Cache Android SDK	2026-06-06T12:22:54.2760886Z /usr/bin/tar: ../../../../../usr/local/lib/android/sdk/platforms/android-36.1/data/res/values-sw720dp-land: Cannot change mode to rwxr-xr-x: Operation not permitted
build	Cache Android SDK	2026-06-06T12:22:54.2763137Z /usr/bin/tar: ../../../../../usr/local/lib/android/sdk/platforms/android-36.1/data/res/values-mcc310-mnc200-en-rAU: Cannot utime: Operation not permitted
build	Cache Android SDK	2026-06-06T12:22:54.2764105Z /usr/bin/tar: ../../../../../usr/local/lib/android/sdk/platforms/android-36.1/data/res/values-mcc310-mnc200-en-rAU: Cannot change mode to rwxr-xr-x: Operation not permitted
build	Cache Android SDK	2026-06-06T12:22:54.2766771Z /usr/bin/tar: ../../../../../usr/local/lib/android/sdk/platforms/android-36.1/data/res/values-mcc312-mnc670-pl: Cannot utime: Operation not permitted
build	Cache Android SDK	2026-06-06T12:22:54.2767852Z /usr/bin/tar: ../../../../../usr/local/lib/android/sdk/platforms/android-36.1/data/res/values-mcc312-mnc670-pl: Cannot change mode to rwxr-xr-x: Operation not permitted
build	Cache Android SDK	2026-06-06T12:22:54.2770266Z /usr/bin/tar: ../../../../../usr/local/lib/android/sdk/platforms/android-36.1/data/res/values-mcc310-mnc120: Cannot utime: Operation not permitted
build	Cache Android SDK	2026-06-06T12:22:54.2771182Z /usr/bin/tar: ../../../../../usr/local/lib/android/sdk/platforms/android-36.1/data/res/values-mcc310-mnc120: Cannot change mode to rwxr-xr-x: Operation not permitted
build	Cache Android SDK	2026-06-06T12:22:54.2775046Z /usr/bin/tar: ../../../../../usr/local/lib/android/sdk/platforms/android-36.1/data/res/values-mcc310-mnc950-b+sr+Latn: Cannot utime: Operation not permitted
build	Cache Android SDK	2026-06-06T12:22:54.2776109Z /usr/bin/tar: ../../../../../usr/local/lib/android/sdk/platforms/android-36.1/data/res/values-mcc310-mnc950-b+sr+Latn: Cannot change mode to rwxr-xr-x: Operation not permitted
build	Cache Android SDK	2026-06-06T12:22:54.2778615Z /usr/bin/tar: ../../../../../usr/local/lib/android/sdk/platforms/android-36.1/data/res/values-mcc310-mnc490-ne: Cannot utime: Operation not permitted
build	Cache Android SDK	2026-06-06T12:22:54.2779545Z /usr/bin/tar: ../../../../../usr/local/lib/android/sdk/platforms/android-36.1/data/res/values-mcc310-mnc490-ne: Cannot change mode to rwxr-xr-x: Operation not permitted
build	Cache Android SDK	2026-06-06T12:22:54.2781960Z /usr/bin/tar: ../../../../../usr/local/lib/android/sdk/platforms/android-36.1/data/res/values-mcc310-mnc230: Cannot utime: Operation not permitted
build	Cache Android SDK	2026-06-06T12:22:54.2782868Z /usr/bin/tar: ../../../../../usr/local/lib/android/sdk/platforms/android-36.1/data/res/values-mcc310-mnc230: Cannot change mode to rwxr-xr-x: Operation not permitted
build	Cache Android SDK	2026-06-06T12:22:54.2785514Z /usr/bin/tar: ../../../../../usr/local/lib/android/sdk/platforms/android-36.1/data/res/values-mcc310-mnc230-am: Cannot utime: Operation not permitted
build	Cache Android SDK	2026-06-06T12:22:54.2786520Z /usr/bin/tar: ../../../../../usr/local/lib/android/sdk/platforms/android-36.1/data/res/values-mcc310-mnc230-am: Cannot change mode to rwxr-xr-x: Operation not permitted
build	Cache Android SDK	2026-06-06T12:22:54.2789274Z /usr/bin/tar: ../../../../../usr/local/lib/android/sdk/platforms/android-36.1/data/res/raw-zh-rTW: Cannot utime: Operation not permitted
build	Cache Android SDK	2026-06-06T12:22:54.2790142Z /usr/bin/tar: ../../../../../usr/local/lib/android/sdk/platforms/android-36.1/data/res/raw-zh-rTW: Cannot change mode to rwxr-xr-x: Operation not permitted
build	Cache Android SDK	2026-06-06T12:22:54.2792008Z /usr/bin/tar: ../../../../../usr/local/lib/android/sdk/platforms/android-36.1/data/res/values-mcc310-mnc160-sv: Cannot utime: Operation not permitted
build	Cache Android SDK	2026-06-06T12:22:54.2792934Z /usr/bin/tar: ../../../../../usr/local/lib/android/sdk/platforms/android-36.1/data/res/values-mcc310-mnc160-sv: Cannot change mode to rwxr-xr-x: Operation not permitted
build	Cache Android SDK	2026-06-06T12:22:54.2794886Z /usr/bin/tar: ../../../../../usr/local/lib/android/sdk/platforms/android-36.1/data/res/values-mcc001-mnc01-et: Cannot utime: Operation not permitted
build	Cache Android SDK	2026-06-06T12:22:54.2795822Z /usr/bin/tar: ../../../../../usr/local/lib/android/sdk/platforms/android-36.1/data/res/values-mcc001-mnc01-et: Cannot change mode to rwxr-xr-x: Operation not permitted
build	Cache Android SDK	2026-06-06T12:22:54.2797982Z /usr/bin/tar: ../../../../../usr/local/lib/android/sdk/platforms/android-36.1/data/res/values-es-rGT: Cannot utime: Operation not permitted
build	Cache Android SDK	2026-06-06T12:22:54.2798851Z /usr/bin/tar: ../../../../../usr/local/lib/android/sdk/platforms/android-36.1/data/res/values-es-rGT: Cannot change mode to rwxr-xr-x: Operation not permitted
build	Cache Android SDK	2026-06-06T12:22:54.2801276Z /usr/bin/tar: ../../../../../usr/local/lib/android/sdk/platforms/android-36.1/data/res/values-mcc310-mnc030-en-rIN: Cannot utime: Operation not permitted
build	Cache Android SDK	2026-06-06T12:22:54.2802240Z /usr/bin/tar: ../../../../../usr/local/lib/android/sdk/platforms/android-36.1/data/res/values-mcc310-mnc030-en-rIN: Cannot change mode to rwxr-xr-x: Operation not permitted
build	Cache Android SDK	2026-06-06T12:22:54.2804580Z /usr/bin/tar: ../../../../../usr/local/lib/android/sdk/platforms/android-36.1/data/res/values-mcc311-mnc180-el: Cannot utime: Operation not permitted
build	Cache Android SDK	2026-06-06T12:22:54.2805704Z /usr/bin/tar: ../../../../../usr/local/lib/android/sdk/platforms/android-36.1/data/res/values-mcc311-mnc180-el: Cannot change mode to rwxr-xr-x: Operation not permitted
build	Cache Android SDK	2026-06-06T12:22:54.2808261Z /usr/bin/tar: ../../../../../usr/local/lib/android/sdk/platforms/android-36.1/data/res/values-mcc310-mnc160-en-rAU: Cannot utime: Operation not permitted
build	Cache Android SDK	2026-06-06T12:22:54.2809231Z /usr/bin/tar: ../../../../../usr/local/lib/android/sdk/platforms/android-36.1/data/res/values-mcc310-mnc160-en-rAU: Cannot change mode to rwxr-xr-x: Operation not permitted
build	Cache Android SDK	2026-06-06T12:22:54.2811600Z /usr/bin/tar: ../../../../../usr/local/lib/android/sdk/platforms/android-36.1/data/res/values-mcc302-mnc370-mn: Cannot utime: Operation not permitted
build	Cache Android SDK	2026-06-06T12:22:54.2812630Z /usr/bin/tar: ../../../../../usr/local/lib/android/sdk/platforms/android-36.1/data/res/values-mcc302-mnc370-mn: Cannot change mode to rwxr-xr-x: Operation not permitted
build	Cache Android SDK	2026-06-06T12:22:54.2814669Z /usr/bin/tar: ../../../../../usr/local/lib/android/sdk/platforms/android-36.1/data/res/values-ja-television: Cannot utime: Operation not permitted
build	Cache Android SDK	2026-06-06T12:22:54.2815586Z /usr/bin/tar: ../../../../../usr/local/lib/android/sdk/platforms/android-36.1/data/res/values-ja-television: Cannot change mode to rwxr-xr-x: Operation not permitted
build	Cache Android SDK	2026-06-06T12:22:54.2818502Z /usr/bin/tar: ../../../../../usr/local/lib/android/sdk/platforms/android-36.1/data/res/values-mcc310-mnc250-lo: Cannot utime: Operation not permitted
build	Cache Android SDK	2026-06-06T12:22:54.2819432Z /usr/bin/tar: ../../../../../usr/local/lib/android/sdk/platforms/android-36.1/data/res/values-mcc310-mnc250-lo: Cannot change mode to rwxr-xr-x: Operation not permitted
build	Cache Android SDK	2026-06-06T12:22:54.2821712Z /usr/bin/tar: ../../../../../usr/local/lib/android/sdk/platforms/android-36.1/data/res/values-mcc310-mnc410-kn: Cannot utime: Operation not permitted
build	Cache Android SDK	2026-06-06T12:22:54.2822715Z /usr/bin/tar: ../../../../../usr/local/lib/android/sdk/platforms/android-36.1/data/res/values-mcc310-mnc410-kn: Cannot change mode to rwxr-xr-x: Operation not permitted
build	Cache Android SDK	2026-06-06T12:22:54.2825062Z /usr/bin/tar: ../../../../../usr/local/lib/android/sdk/platforms/android-36.1/data/res/values-mcc310-mnc380-es: Cannot utime: Operation not permitted
build	Cache Android SDK	2026-06-06T12:22:54.2826078Z /usr/bin/tar: ../../../../../usr/local/lib/android/sdk/platforms/android-36.1/data/res/values-mcc310-mnc380-es: Cannot change mode to rwxr-xr-x: Operation not permitted
build	Cache Android SDK	2026-06-06T12:22:54.2829299Z /usr/bin/tar: ../../../../../usr/local/lib/android/sdk/platforms/android-36.1/data/res/values-mcc310-mnc160-iw: Cannot utime: Operation not permitted
build	Cache Android SDK	2026-06-06T12:22:54.2830217Z /usr/bin/tar: ../../../../../usr/local/lib/android/sdk/platforms/android-36.1/data/res/values-mcc310-mnc160-iw: Cannot change mode to rwxr-xr-x: Operation not permitted
build	Cache Android SDK	2026-06-06T12:22:54.2832700Z /usr/bin/tar: ../../../../../usr/local/lib/android/sdk/platforms/android-36.1/data/res/values-mcc310-mnc380-zh-rHK: Cannot utime: Operation not permitted
build	Cache Android SDK	2026-06-06T12:22:54.2833669Z /usr/bin/tar: ../../../../../usr/local/lib/android/sdk/platforms/android-36.1/data/res/values-mcc310-mnc380-zh-rHK: Cannot change mode to rwxr-xr-x: Operation not permitted
build	Cache Android SDK	2026-06-06T12:22:54.2837239Z /usr/bin/tar: ../../../../../usr/local/lib/android/sdk/platforms/android-36.1/data/res/values-mcc310-mnc280-ur: Cannot utime: Operation not permitted
build	Cache Android SDK	2026-06-06T12:22:54.2839052Z /usr/bin/tar: ../../../../../usr/local/lib/android/sdk/platforms/android-36.1/data/res/values-mcc310-mnc280-ur: Cannot change mode to rwxr-xr-x: Operation not permitted
build	Cache Android SDK	2026-06-06T12:22:54.2840501Z /usr/bin/tar: ../../../../../usr/local/lib/android/sdk/platforms/android-36.1/data/res/values-mcc310-mnc200-kk: Cannot utime: Operation not permitted
build	Cache Android SDK	2026-06-06T12:22:54.2841437Z /usr/bin/tar: ../../../../../usr/local/lib/android/sdk/platforms/android-36.1/data/res/values-mcc310-mnc200-kk: Cannot change mode to rwxr-xr-x: Operation not permitted
build	Cache Android SDK	2026-06-06T12:22:54.2843331Z /usr/bin/tar: ../../../../../usr/local/lib/android/sdk/platforms/android-36.1/data/res/values-es-rNI: Cannot utime: Operation not permitted
build	Cache Android SDK	2026-06-06T12:22:54.2844207Z /usr/bin/tar: ../../../../../usr/local/lib/android/sdk/platforms/android-36.1/data/res/values-es-rNI: Cannot change mode to rwxr-xr-x: Operation not permitted
build	Cache Android SDK	2026-06-06T12:22:54.2847334Z /usr/bin/tar: ../../../../../usr/local/lib/android/sdk/platforms/android-36.1/data/res/values-mcc310-mnc170-bg: Cannot utime: Operation not permitted
build	Cache Android SDK	2026-06-06T12:22:54.2848530Z /usr/bin/tar: ../../../../../usr/local/lib/android/sdk/platforms/android-36.1/data/res/values-mcc310-mnc170-bg: Cannot change mode to rwxr-xr-x: Operation not permitted
build	Cache Android SDK	2026-06-06T12:22:54.2850925Z /usr/bin/tar: ../../../../../usr/local/lib/android/sdk/platforms/android-36.1/data/res/values-nb-television: Cannot utime: Operation not permitted
build	Cache Android SDK	2026-06-06T12:22:54.2851992Z /usr/bin/tar: ../../../../../usr/local/lib/android/sdk/platforms/android-36.1/data/res/values-nb-television: Cannot change mode to rwxr-xr-x: Operation not permitted
build	Cache Android SDK	2026-06-06T12:22:54.2854646Z /usr/bin/tar: ../../../../../usr/local/lib/android/sdk/platforms/android-36.1/data/res/values-mcc310-mnc380-in: Cannot utime: Operation not permitted
build	Cache Android SDK	2026-06-06T12:22:54.2855599Z /usr/bin/tar: ../../../../../usr/local/lib/android/sdk/platforms/android-36.1/data/res/values-mcc310-mnc380-in: Cannot change mode to rwxr-xr-x: Operation not permitted
build	Cache Android SDK	2026-06-06T12:22:54.2857877Z /usr/bin/tar: ../../../../../usr/local/lib/android/sdk/platforms/android-36.1/data/res/values-zh-rTW-television: Cannot utime: Operation not permitted
build	Cache Android SDK	2026-06-06T12:22:54.2858827Z /usr/bin/tar: ../../../../../usr/local/lib/android/sdk/platforms/android-36.1/data/res/values-zh-rTW-television: Cannot change mode to rwxr-xr-x: Operation not permitted
build	Cache Android SDK	2026-06-06T12:22:54.2861300Z /usr/bin/tar: ../../../../../usr/local/lib/android/sdk/platforms/android-36.1/data/res/values-mcc310-mnc380-pt: Cannot utime: Operation not permitted
build	Cache Android SDK	2026-06-06T12:22:54.2862326Z /usr/bin/tar: ../../../../../usr/local/lib/android/sdk/platforms/android-36.1/data/res/values-mcc310-mnc380-pt: Cannot change mode to rwxr-xr-x: Operation not permitted
build	Cache Android SDK	2026-06-06T12:22:54.2864810Z /usr/bin/tar: ../../../../../usr/local/lib/android/sdk/platforms/android-36.1/data/res/values-mcc310-mnc560-kn: Cannot utime: Operation not permitted
build	Cache Android SDK	2026-06-06T12:22:54.2865911Z /usr/bin/tar: ../../../../../usr/local/lib/android/sdk/platforms/android-36.1/data/res/values-mcc310-mnc560-kn: Cannot change mode to rwxr-xr-x: Operation not permitted
build	Cache Android SDK	2026-06-06T12:22:54.2867677Z /usr/bin/tar: ../../../../../usr/local/lib/android/sdk/platforms/android-36.1/data/res/values-mcc310-mnc490-am: Cannot utime: Operation not permitted
build	Cache Android SDK	2026-06-06T12:22:54.2868628Z /usr/bin/tar: ../../../../../usr/local/lib/android/sdk/platforms/android-36.1/data/res/values-mcc310-mnc490-am: Cannot change mode to rwxr-xr-x: Operation not permitted
build	Cache Android SDK	2026-06-06T12:22:54.2870899Z /usr/bin/tar: ../../../../../usr/local/lib/android/sdk/platforms/android-36.1/data/res/values-mcc310-mnc490-sl: Cannot utime: Operation not permitted
build	Cache Android SDK	2026-06-06T12:22:54.2871858Z /usr/bin/tar: ../../../../../usr/local/lib/android/sdk/platforms/android-36.1/data/res/values-mcc310-mnc490-sl: Cannot change mode to rwxr-xr-x: Operation not permitted
build	Cache Android SDK	2026-06-06T12:22:54.2874712Z /usr/bin/tar: ../../../../../usr/local/lib/android/sdk/platforms/android-36.1/data/res/values-mcc310-mnc160-ur: Cannot utime: Operation not permitted
build	Cache Android SDK	2026-06-06T12:22:54.2875649Z /usr/bin/tar: ../../../../../usr/local/lib/android/sdk/platforms/android-36.1/data/res/values-mcc310-mnc160-ur: Cannot change mode to rwxr-xr-x: Operation not permitted
build	Cache Android SDK	2026-06-06T12:22:54.2941106Z /usr/bin/tar: ../../../../../usr/local/lib/android/sdk/platforms/android-36.1/data/res/drawable-xxxhdpi: Cannot utime: Operation not permitted
build	Cache Android SDK	2026-06-06T12:22:54.2942558Z /usr/bin/tar: ../../../../../usr/local/lib/android/sdk/platforms/android-36.1/data/res/drawable-xxxhdpi: Cannot change mode to rwxr-xr-x: Operation not permitted
build	Cache Android SDK	2026-06-06T12:22:54.2943949Z /usr/bin/tar: ../../../../../usr/local/lib/android/sdk/platforms/android-36.1/data/res/values-mcc310-mnc210-af: Cannot utime: Operation not permitted
build	Cache Android SDK	2026-06-06T12:22:54.2945079Z /usr/bin/tar: ../../../../../usr/local/lib/android/sdk/platforms/android-36.1/data/res/values-mcc310-mnc210-af: Cannot change mode to rwxr-xr-x: Operation not permitted
build	Cache Android SDK	2026-06-06T12:22:54.2946712Z /usr/bin/tar: ../../../../../usr/local/lib/android/sdk/platforms/android-36.1/data/res/values-mcc310-mnc270-ky: Cannot utime: Operation not permitted
build	Cache Android SDK	2026-06-06T12:22:54.2947893Z /usr/bin/tar: ../../../../../usr/local/lib/android/sdk/platforms/android-36.1/data/res/values-mcc310-mnc270-ky: Cannot change mode to rwxr-xr-x: Operation not permitted
build	Cache Android SDK	2026-06-06T12:22:54.2949726Z /usr/bin/tar: ../../../../../usr/local/lib/android/sdk/platforms/android-36.1/data/res/values-mcc302-mnc720-te: Cannot utime: Operation not permitted
build	Cache Android SDK	2026-06-06T12:22:54.2950735Z /usr/bin/tar: ../../../../../usr/local/lib/android/sdk/platforms/android-36.1/data/res/values-mcc302-mnc720-te: Cannot change mode to rwxr-xr-x: Operation not permitted
build	Cache Android SDK	2026-06-06T12:22:54.2952712Z /usr/bin/tar: ../../../../../usr/local/lib/android/sdk/platforms/android-36.1/data/res/values-mcc312-mnc670-en-rIN: Cannot utime: Operation not permitted
build	Cache Android SDK	2026-06-06T12:22:54.2953688Z /usr/bin/tar: ../../../../../usr/local/lib/android/sdk/platforms/android-36.1/data/res/values-mcc312-mnc670-en-rIN: Cannot change mode to rwxr-xr-x: Operation not permitted
build	Cache Android SDK	2026-06-06T12:22:54.2955544Z /usr/bin/tar: ../../../../../usr/local/lib/android/sdk/platforms/android-36.1/data/res/values-mr-watch: Cannot utime: Operation not permitted
build	Cache Android SDK	2026-06-06T12:22:54.2956435Z /usr/bin/tar: ../../../../../usr/local/lib/android/sdk/platforms/android-36.1/data/res/values-mr-watch: Cannot change mode to rwxr-xr-x: Operation not permitted
build	Cache Android SDK	2026-06-06T12:22:54.2958985Z /usr/bin/tar: ../../../../../usr/local/lib/android/sdk/platforms/android-36.1/data/res/values-mcc310-mnc160-hi: Cannot utime: Operation not permitted
build	Cache Android SDK	2026-06-06T12:22:54.2960010Z /usr/bin/tar: ../../../../../usr/local/lib/android/sdk/platforms/android-36.1/data/res/values-mcc310-mnc160-hi: Cannot change mode to rwxr-xr-x: Operation not permitted
build	Cache Android SDK	2026-06-06T12:22:54.2962104Z /usr/bin/tar: ../../../../../usr/local/lib/android/sdk/platforms/android-36.1/data/res/values-mcc334-mnc020-fr-rCA: Cannot utime: Operation not permitted
build	Cache Android SDK	2026-06-06T12:22:54.2963071Z /usr/bin/tar: ../../../../../usr/local/lib/android/sdk/platforms/android-36.1/data/res/values-mcc334-mnc020-fr-rCA: Cannot change mode to rwxr-xr-x: Operation not permitted
build	Cache Android SDK	2026-06-06T12:22:54.2965716Z /usr/bin/tar: ../../../../../usr/local/lib/android/sdk/platforms/android-36.1/data/res/values-mcc302-mnc720-lv: Cannot utime: Operation not permitted
build	Cache Android SDK	2026-06-06T12:22:54.2966648Z /usr/bin/tar: ../../../../../usr/local/lib/android/sdk/platforms/android-36.1/data/res/values-mcc302-mnc720-lv: Cannot change mode to rwxr-xr-x: Operation not permitted
build	Cache Android SDK	2026-06-06T12:22:54.2968738Z /usr/bin/tar: ../../../../../usr/local/lib/android/sdk/platforms/android-36.1/data/res/values-mcc334-mnc020-pl: Cannot utime: Operation not permitted
build	Cache Android SDK	2026-06-06T12:22:54.2969671Z /usr/bin/tar: ../../../../../usr/local/lib/android/sdk/platforms/android-36.1/data/res/values-mcc334-mnc020-pl: Cannot change mode to rwxr-xr-x: Operation not permitted
build	Cache Android SDK	2026-06-06T12:22:54.2972192Z /usr/bin/tar: ../../../../../usr/local/lib/android/sdk/platforms/android-36.1/data/res/values-mcc310-mnc230-zh-rTW: Cannot utime: Operation not permitted
build	Cache Android SDK	2026-06-06T12:22:54.2973163Z /usr/bin/tar: ../../../../../usr/local/lib/android/sdk/platforms/android-36.1/data/res/values-mcc310-mnc230-zh-rTW: Cannot change mode to rwxr-xr-x: Operation not permitted
build	Cache Android SDK	2026-06-06T12:22:54.2975231Z /usr/bin/tar: ../../../../../usr/local/lib/android/sdk/platforms/android-36.1/data/res/values-mcc311-mnc180-pt-rBR: Cannot utime: Operation not permitted
build	Cache Android SDK	2026-06-06T12:22:54.2976203Z /usr/bin/tar: ../../../../../usr/local/lib/android/sdk/platforms/android-36.1/data/res/values-mcc311-mnc180-pt-rBR: Cannot change mode to rwxr-xr-x: Operation not permitted
build	Cache Android SDK	2026-06-06T12:22:54.2979166Z /usr/bin/tar: ../../../../../usr/local/lib/android/sdk/platforms/android-36.1/data/res/values-sw600dp-port: Cannot utime: Operation not permitted
build	Cache Android SDK	2026-06-06T12:22:54.2980230Z /usr/bin/tar: ../../../../../usr/local/lib/android/sdk/platforms/android-36.1/data/res/values-sw600dp-port: Cannot change mode to rwxr-xr-x: Operation not permitted
build	Cache Android SDK	2026-06-06T12:22:54.2982270Z /usr/bin/tar: ../../../../../usr/local/lib/android/sdk/platforms/android-36.1/data/res/values-mcc310-mnc380-be: Cannot utime: Operation not permitted
build	Cache Android SDK	2026-06-06T12:22:54.2983201Z /usr/bin/tar: ../../../../../usr/local/lib/android/sdk/platforms/android-36.1/data/res/values-mcc310-mnc380-be: Cannot change mode to rwxr-xr-x: Operation not permitted
build	Cache Android SDK	2026-06-06T12:22:54.2985892Z /usr/bin/tar: ../../../../../usr/local/lib/android/sdk/platforms/android-36.1/data/res/values-mcc310-mnc280-es-rUS: Cannot utime: Operation not permitted
build	Cache Android SDK	2026-06-06T12:22:54.2986862Z /usr/bin/tar: ../../../../../usr/local/lib/android/sdk/platforms/android-36.1/data/res/values-mcc310-mnc280-es-rUS: Cannot change mode to rwxr-xr-x: Operation not permitted
build	Cache Android SDK	2026-06-06T12:22:54.2989941Z /usr/bin/tar: ../../../../../usr/local/lib/android/sdk/platforms/android-36.1/data/res/values-mcc310-mnc410-hu: Cannot utime: Operation not permitted
build	Cache Android SDK	2026-06-06T12:22:54.2990883Z /usr/bin/tar: ../../../../../usr/local/lib/android/sdk/platforms/android-36.1/data/res/values-mcc310-mnc410-hu: Cannot change mode to rwxr-xr-x: Operation not permitted
build	Cache Android SDK	2026-06-06T12:22:54.2993252Z /usr/bin/tar: ../../../../../usr/local/lib/android/sdk/platforms/android-36.1/data/res/values-mcc310-mnc170-en-rIN: Cannot utime: Operation not permitted
build	Cache Android SDK	2026-06-06T12:22:54.2994221Z /usr/bin/tar: ../../../../../usr/local/lib/android/sdk/platforms/android-36.1/data/res/values-mcc310-mnc170-en-rIN: Cannot change mode to rwxr-xr-x: Operation not permitted
build	Cache Android SDK	2026-06-06T12:22:54.2997077Z /usr/bin/tar: ../../../../../usr/local/lib/android/sdk/platforms/android-36.1/data/res/values-mcc310-mnc030-bs: Cannot utime: Operation not permitted
build	Cache Android SDK	2026-06-06T12:22:54.2998601Z /usr/bin/tar: ../../../../../usr/local/lib/android/sdk/platforms/android-36.1/data/res/values-mcc310-mnc030-bs: Cannot change mode to rwxr-xr-x: Operation not permitted
build	Cache Android SDK	2026-06-06T12:22:54.2999941Z /usr/bin/tar: ../../../../../usr/local/lib/android/sdk/platforms/android-36.1/data/res/values-mcc310-mnc250-da: Cannot utime: Operation not permitted
build	Cache Android SDK	2026-06-06T12:22:54.3001045Z /usr/bin/tar: ../../../../../usr/local/lib/android/sdk/platforms/android-36.1/data/res/values-mcc310-mnc250-da: Cannot change mode to rwxr-xr-x: Operation not permitted
build	Cache Android SDK	2026-06-06T12:22:54.3005032Z /usr/bin/tar: ../../../../../usr/local/lib/android/sdk/platforms/android-36.1/data/res/values-mcc310-mnc560-en-rGB: Cannot utime: Operation not permitted
build	Cache Android SDK	2026-06-06T12:22:54.3006147Z /usr/bin/tar: ../../../../../usr/local/lib/android/sdk/platforms/android-36.1/data/res/values-mcc310-mnc560-en-rGB: Cannot change mode to rwxr-xr-x: Operation not permitted
build	Cache Android SDK	2026-06-06T12:22:54.3007879Z /usr/bin/tar: ../../../../../usr/local/lib/android/sdk/platforms/android-36.1/data/res/values-mcc310-mnc950-sr: Cannot utime: Operation not permitted
build	Cache Android SDK	2026-06-06T12:22:54.3011028Z /usr/bin/tar: ../../../../../usr/local/lib/android/sdk/platforms/android-36.1/data/res/values-mcc310-mnc950-sr: Cannot change mode to rwxr-xr-x: Operation not permitted
build	Cache Android SDK	2026-06-06T12:22:54.3012187Z /usr/bin/tar: ../../../../../usr/local/lib/android/sdk/platforms/android-36.1/data/res/values-mcc310-mnc030-mk: Cannot utime: Operation not permitted
build	Cache Android SDK	2026-06-06T12:22:54.3013649Z /usr/bin/tar: ../../../../../usr/local/lib/android/sdk/platforms/android-36.1/data/res/values-mcc310-mnc030-mk: Cannot change mode to rwxr-xr-x: Operation not permitted
build	Cache Android SDK	2026-06-06T12:22:54.3014562Z /usr/bin/tar: ../../../../../usr/local/lib/android/sdk/platforms/android-36.1/data/res/values-mcc310-mnc560-ru: Cannot utime: Operation not permitted
build	Cache Android SDK	2026-06-06T12:22:54.3016091Z /usr/bin/tar: ../../../../../usr/local/lib/android/sdk/platforms/android-36.1/data/res/values-mcc310-mnc560-ru: Cannot change mode to rwxr-xr-x: Operation not permitted
build	Cache Android SDK	2026-06-06T12:22:54.3017126Z /usr/bin/tar: ../../../../../usr/local/lib/android/sdk/platforms/android-36.1/data/res/values-mcc310-mnc380-nb: Cannot utime: Operation not permitted
build	Cache Android SDK	2026-06-06T12:22:54.3018334Z /usr/bin/tar: ../../../../../usr/local/lib/android/sdk/platforms/android-36.1/data/res/values-mcc310-mnc380-nb: Cannot change mode to rwxr-xr-x: Operation not permitted
build	Cache Android SDK	2026-06-06T12:22:54.3021392Z /usr/bin/tar: ../../../../../usr/local/lib/android/sdk/platforms/android-36.1/data/res/values-mcc310-mnc160-fa: Cannot utime: Operation not permitted
build	Cache Android SDK	2026-06-06T12:22:54.3022317Z /usr/bin/tar: ../../../../../usr/local/lib/android/sdk/platforms/android-36.1/data/res/values-mcc310-mnc160-fa: Cannot change mode to rwxr-xr-x: Operation not permitted
build	Cache Android SDK	2026-06-06T12:22:54.3025250Z /usr/bin/tar: ../../../../../usr/local/lib/android/sdk/platforms/android-36.1/data/res/layout-sw600dp: Cannot utime: Operation not permitted
build	Cache Android SDK	2026-06-06T12:22:54.3026226Z /usr/bin/tar: ../../../../../usr/local/lib/android/sdk/platforms/android-36.1/data/res/layout-sw600dp: Cannot change mode to rwxr-xr-x: Operation not permitted
build	Cache Android SDK	2026-06-06T12:22:54.3029321Z /usr/bin/tar: ../../../../../usr/local/lib/android/sdk/platforms/android-36.1/data/res/values-mcc302-mnc720-ms: Cannot utime: Operation not permitted
build	Cache Android SDK	2026-06-06T12:22:54.3030403Z /usr/bin/tar: ../../../../../usr/local/lib/android/sdk/platforms/android-36.1/data/res/values-mcc302-mnc720-ms: Cannot change mode to rwxr-xr-x: Operation not permitted
build	Cache Android SDK	2026-06-06T12:22:54.3032262Z /usr/bin/tar: ../../../../../usr/local/lib/android/sdk/platforms/android-36.1/data/res/values-el-watch: Cannot utime: Operation not permitted
build	Cache Android SDK	2026-06-06T12:22:54.3033200Z /usr/bin/tar: ../../../../../usr/local/lib/android/sdk/platforms/android-36.1/data/res/values-el-watch: Cannot change mode to rwxr-xr-x: Operation not permitted
build	Cache Android SDK	2026-06-06T12:22:54.3035106Z /usr/bin/tar: ../../../../../usr/local/lib/android/sdk/platforms/android-36.1/data/res/values-mcc310-mnc170-mr: Cannot utime: Operation not permitted
build	Cache Android SDK	2026-06-06T12:22:54.3036058Z /usr/bin/tar: ../../../../../usr/local/lib/android/sdk/platforms/android-36.1/data/res/values-mcc310-mnc170-mr: Cannot change mode to rwxr-xr-x: Operation not permitted
build	Cache Android SDK	2026-06-06T12:22:54.3037811Z /usr/bin/tar: ../../../../../usr/local/lib/android/sdk/platforms/android-36.1/data/res/values-mcc310-mnc250-nl: Cannot utime: Operation not permitted
build	Cache Android SDK	2026-06-06T12:22:54.3038747Z /usr/bin/tar: ../../../../../usr/local/lib/android/sdk/platforms/android-36.1/data/res/values-mcc310-mnc250-nl: Cannot change mode to rwxr-xr-x: Operation not permitted
build	Cache Android SDK	2026-06-06T12:22:54.3041308Z /usr/bin/tar: ../../../../../usr/local/lib/android/sdk/platforms/android-36.1/data/res/values-mcc310-mnc950-pl: Cannot utime: Operation not permitted
build	Cache Android SDK	2026-06-06T12:22:54.3042252Z /usr/bin/tar: ../../../../../usr/local/lib/android/sdk/platforms/android-36.1/data/res/values-mcc310-mnc950-pl: Cannot change mode to rwxr-xr-x: Operation not permitted
build	Cache Android SDK	2026-06-06T12:22:54.3043931Z /usr/bin/tar: ../../../../../usr/local/lib/android/sdk/platforms/android-36.1/data/res/values-mcc312-mnc670-mk: Cannot utime: Operation not permitted
build	Cache Android SDK	2026-06-06T12:22:54.3044881Z /usr/bin/tar: ../../../../../usr/local/lib/android/sdk/platforms/android-36.1/data/res/values-mcc312-mnc670-mk: Cannot change mode to rwxr-xr-x: Operation not permitted
build	Cache Android SDK	2026-06-06T12:22:54.3049710Z /usr/bin/tar: ../../../../../usr/local/lib/android/sdk/platforms/android-36.1/data/res/values-mcc313-mnc100-fi: Cannot utime: Operation not permitted
build	Cache Android SDK	2026-06-06T12:22:54.3050690Z /usr/bin/tar: ../../../../../usr/local/lib/android/sdk/platforms/android-36.1/data/res/values-mcc313-mnc100-fi: Cannot change mode to rwxr-xr-x: Operation not permitted
build	Cache Android SDK	2026-06-06T12:22:54.3051623Z /usr/bin/tar: ../../../../../usr/local/lib/android/sdk/platforms/android-36.1/data/res/values-mcc310-mnc200-is: Cannot utime: Operation not permitted
build	Cache Android SDK	2026-06-06T12:22:54.3052619Z /usr/bin/tar: ../../../../../usr/local/lib/android/sdk/platforms/android-36.1/data/res/values-mcc310-mnc200-is: Cannot change mode to rwxr-xr-x: Operation not permitted
build	Cache Android SDK	2026-06-06T12:22:54.3054084Z /usr/bin/tar: ../../../../../usr/local/lib/android/sdk/platforms/android-36.1/data/res/values-sw1900dp-90dpi: Cannot utime: Operation not permitted
build	Cache Android SDK	2026-06-06T12:22:54.3055128Z /usr/bin/tar: ../../../../../usr/local/lib/android/sdk/platforms/android-36.1/data/res/values-sw1900dp-90dpi: Cannot change mode to rwxr-xr-x: Operation not permitted
build	Cache Android SDK	2026-06-06T12:22:54.3057269Z /usr/bin/tar: ../../../../../usr/local/lib/android/sdk/platforms/android-36.1/data/res/values-mcc312-mnc670-sw: Cannot utime: Operation not permitted
build	Cache Android SDK	2026-06-06T12:22:54.3058338Z /usr/bin/tar: ../../../../../usr/local/lib/android/sdk/platforms/android-36.1/data/res/values-mcc312-mnc670-sw: Cannot change mode to rwxr-xr-x: Operation not permitted
build	Cache Android SDK	2026-06-06T12:22:54.3059891Z /usr/bin/tar: ../../../../../usr/local/lib/android/sdk/platforms/android-36.1/data/res/values-mcc310-mnc220-ur: Cannot utime: Operation not permitted
build	Cache Android SDK	2026-06-06T12:22:54.3060877Z /usr/bin/tar: ../../../../../usr/local/lib/android/sdk/platforms/android-36.1/data/res/values-mcc310-mnc220-ur: Cannot change mode to rwxr-xr-x: Operation not permitted
build	Cache Android SDK	2026-06-06T12:22:54.3062571Z /usr/bin/tar: ../../../../../usr/local/lib/android/sdk/platforms/android-36.1/data/res/values-mcc302-mnc370-hy: Cannot utime: Operation not permitted
build	Cache Android SDK	2026-06-06T12:22:54.3063503Z /usr/bin/tar: ../../../../../usr/local/lib/android/sdk/platforms/android-36.1/data/res/values-mcc302-mnc370-hy: Cannot change mode to rwxr-xr-x: Operation not permitted
build	Cache Android SDK	2026-06-06T12:22:54.3065372Z /usr/bin/tar: ../../../../../usr/local/lib/android/sdk/platforms/android-36.1/data/res/values-mcc310-mnc250-mn: Cannot utime: Operation not permitted
build	Cache Android SDK	2026-06-06T12:22:54.3066327Z /usr/bin/tar: ../../../../../usr/local/lib/android/sdk/platforms/android-36.1/data/res/values-mcc310-mnc250-mn: Cannot change mode to rwxr-xr-x: Operation not permitted
build	Cache Android SDK	2026-06-06T12:22:54.3068987Z /usr/bin/tar: ../../../../../usr/local/lib/android/sdk/platforms/android-36.1/data/res/values-mcc310-mnc030-sk: Cannot utime: Operation not permitted
build	Cache Android SDK	2026-06-06T12:22:54.3070084Z /usr/bin/tar: ../../../../../usr/local/lib/android/sdk/platforms/android-36.1/data/res/values-mcc310-mnc030-sk: Cannot change mode to rwxr-xr-x: Operation not permitted
build	Cache Android SDK	2026-06-06T12:22:54.3072270Z /usr/bin/tar: ../../../../../usr/local/lib/android/sdk/platforms/android-36.1/data/res/values-mcc310-mnc660-cs: Cannot utime: Operation not permitted
build	Cache Android SDK	2026-06-06T12:22:54.3073194Z /usr/bin/tar: ../../../../../usr/local/lib/android/sdk/platforms/android-36.1/data/res/values-mcc310-mnc660-cs: Cannot change mode to rwxr-xr-x: Operation not permitted
build	Cache Android SDK	2026-06-06T12:22:54.3075408Z /usr/bin/tar: ../../../../../usr/local/lib/android/sdk/platforms/android-36.1/data/res/values-mcc313-mnc100-hy: Cannot utime: Operation not permitted
build	Cache Android SDK	2026-06-06T12:22:54.3076342Z /usr/bin/tar: ../../../../../usr/local/lib/android/sdk/platforms/android-36.1/data/res/values-mcc313-mnc100-hy: Cannot change mode to rwxr-xr-x: Operation not permitted
build	Cache Android SDK	2026-06-06T12:22:54.3078065Z /usr/bin/tar: ../../../../../usr/local/lib/android/sdk/platforms/android-36.1/data/res/values-mcc310-mnc220-pt-rPT: Cannot utime: Operation not permitted
build	Cache Android SDK	2026-06-06T12:22:54.3079046Z /usr/bin/tar: ../../../../../usr/local/lib/android/sdk/platforms/android-36.1/data/res/values-mcc310-mnc220-pt-rPT: Cannot change mode to rwxr-xr-x: Operation not permitted
build	Cache Android SDK	2026-06-06T12:22:54.3080963Z /usr/bin/tar: ../../../../../usr/local/lib/android/sdk/platforms/android-36.1/data/res/values-b+sr+Latn-watch: Cannot utime: Operation not permitted
build	Cache Android SDK	2026-06-06T12:22:54.3081911Z /usr/bin/tar: ../../../../../usr/local/lib/android/sdk/platforms/android-36.1/data/res/values-b+sr+Latn-watch: Cannot change mode to rwxr-xr-x: Operation not permitted
build	Cache Android SDK	2026-06-06T12:22:54.3083672Z /usr/bin/tar: ../../../../../usr/local/lib/android/sdk/platforms/android-36.1/data/res/values-mcc334-mnc020-km: Cannot utime: Operation not permitted
build	Cache Android SDK	2026-06-06T12:22:54.3084595Z /usr/bin/tar: ../../../../../usr/local/lib/android/sdk/platforms/android-36.1/data/res/values-mcc334-mnc020-km: Cannot change mode to rwxr-xr-x: Operation not permitted
build	Cache Android SDK	2026-06-06T12:22:54.3087123Z /usr/bin/tar: ../../../../../usr/local/lib/android/sdk/platforms/android-36.1/data/res/values-mcc311-mnc180-bn: Cannot utime: Operation not permitted
build	Cache Android SDK	2026-06-06T12:22:54.3088156Z /usr/bin/tar: ../../../../../usr/local/lib/android/sdk/platforms/android-36.1/data/res/values-mcc311-mnc180-bn: Cannot change mode to rwxr-xr-x: Operation not permitted
build	Cache Android SDK	2026-06-06T12:22:54.3089628Z /usr/bin/tar: ../../../../../usr/local/lib/android/sdk/platforms/android-36.1/data/res/values-mcc334-mnc020-en-rXC: Cannot utime: Operation not permitted
build	Cache Android SDK	2026-06-06T12:22:54.3090658Z /usr/bin/tar: ../../../../../usr/local/lib/android/sdk/platforms/android-36.1/data/res/values-mcc334-mnc020-en-rXC: Cannot change mode to rwxr-xr-x: Operation not permitted
build	Cache Android SDK	2026-06-06T12:22:54.3096884Z /usr/bin/tar: ../../../../../usr/local/lib/android/sdk/platforms/android-36.1/data/res/values-ro: Cannot utime: Operation not permitted
build	Cache Android SDK	2026-06-06T12:22:54.3098778Z /usr/bin/tar: ../../../../../usr/local/lib/android/sdk/platforms/android-36.1/data/res/values-ro: Cannot change mode to rwxr-xr-x: Operation not permitted
build	Cache Android SDK	2026-06-06T12:22:54.3100244Z /usr/bin/tar: ../../../../../usr/local/lib/android/sdk/platforms/android-36.1/data/res/values-mcc310-mnc310-cs: Cannot utime: Operation not permitted
build	Cache Android SDK	2026-06-06T12:22:54.3101547Z /usr/bin/tar: ../../../../../usr/local/lib/android/sdk/platforms/android-36.1/data/res/values-mcc310-mnc310-cs: Cannot change mode to rwxr-xr-x: Operation not permitted
build	Cache Android SDK	2026-06-06T12:22:54.3102948Z /usr/bin/tar: ../../../../../usr/local/lib/android/sdk/platforms/android-36.1/data/res/values-mcc310-mnc210-bs: Cannot utime: Operation not permitted
build	Cache Android SDK	2026-06-06T12:22:54.3103883Z /usr/bin/tar: ../../../../../usr/local/lib/android/sdk/platforms/android-36.1/data/res/values-mcc310-mnc210-bs: Cannot change mode to rwxr-xr-x: Operation not permitted
build	Cache Android SDK	2026-06-06T12:22:54.3105851Z /usr/bin/tar: ../../../../../usr/local/lib/android/sdk/platforms/android-36.1/data/res/values-mcc310-mnc220-hr: Cannot utime: Operation not permitted
build	Cache Android SDK	2026-06-06T12:22:54.3106777Z /usr/bin/tar: ../../../../../usr/local/lib/android/sdk/platforms/android-36.1/data/res/values-mcc310-mnc220-hr: Cannot change mode to rwxr-xr-x: Operation not permitted
build	Cache Android SDK	2026-06-06T12:22:54.3109536Z /usr/bin/tar: ../../../../../usr/local/lib/android/sdk/platforms/android-36.1/data/res/values-mcc310-mnc560-hu: Cannot utime: Operation not permitted
build	Cache Android SDK	2026-06-06T12:22:54.3110585Z /usr/bin/tar: ../../../../../usr/local/lib/android/sdk/platforms/android-36.1/data/res/values-mcc310-mnc560-hu: Cannot change mode to rwxr-xr-x: Operation not permitted
build	Cache Android SDK	2026-06-06T12:22:54.3112170Z /usr/bin/tar: ../../../../../usr/local/lib/android/sdk/platforms/android-36.1/data/res/values-mcc313: Cannot utime: Operation not permitted
build	Cache Android SDK	2026-06-06T12:22:54.3113051Z /usr/bin/tar: ../../../../../usr/local/lib/android/sdk/platforms/android-36.1/data/res/values-mcc313: Cannot change mode to rwxr-xr-x: Operation not permitted
build	Cache Android SDK	2026-06-06T12:22:54.3115256Z /usr/bin/tar: ../../../../../usr/local/lib/android/sdk/platforms/android-36.1/data/res/values-mcc302-mnc720-uz: Cannot utime: Operation not permitted
build	Cache Android SDK	2026-06-06T12:22:54.3116183Z /usr/bin/tar: ../../../../../usr/local/lib/android/sdk/platforms/android-36.1/data/res/values-mcc302-mnc720-uz: Cannot change mode to rwxr-xr-x: Operation not permitted
build	Cache Android SDK	2026-06-06T12:22:54.3119308Z /usr/bin/tar: ../../../../../usr/local/lib/android/sdk/platforms/android-36.1/data/res/values-mcc334-mnc020-hi: Cannot utime: Operation not permitted
build	Cache Android SDK	2026-06-06T12:22:54.3120401Z /usr/bin/tar: ../../../../../usr/local/lib/android/sdk/platforms/android-36.1/data/res/values-mcc334-mnc020-hi: Cannot change mode to rwxr-xr-x: Operation not permitted
build	Cache Android SDK	2026-06-06T12:22:54.3122013Z /usr/bin/tar: ../../../../../usr/local/lib/android/sdk/platforms/android-36.1/data/res/values-mcc310-mnc410-ja: Cannot utime: Operation not permitted
build	Cache Android SDK	2026-06-06T12:22:54.3122941Z /usr/bin/tar: ../../../../../usr/local/lib/android/sdk/platforms/android-36.1/data/res/values-mcc310-mnc410-ja: Cannot change mode to rwxr-xr-x: Operation not permitted
build	Cache Android SDK	2026-06-06T12:22:54.3125700Z /usr/bin/tar: ../../../../../usr/local/lib/android/sdk/platforms/android-36.1/data/res/values-mcc310-mnc490-gl: Cannot utime: Operation not permitted
build	Cache Android SDK	2026-06-06T12:22:54.3126760Z /usr/bin/tar: ../../../../../usr/local/lib/android/sdk/platforms/android-36.1/data/res/values-mcc310-mnc490-gl: Cannot change mode to rwxr-xr-x: Operation not permitted
build	Cache Android SDK	2026-06-06T12:22:54.3128537Z /usr/bin/tar: ../../../../../usr/local/lib/android/sdk/platforms/android-36.1/data/res/values-mcc310-mnc310-de: Cannot utime: Operation not permitted
build	Cache Android SDK	2026-06-06T12:22:54.3129464Z /usr/bin/tar: ../../../../../usr/local/lib/android/sdk/platforms/android-36.1/data/res/values-mcc310-mnc310-de: Cannot change mode to rwxr-xr-x: Operation not permitted
build	Cache Android SDK	2026-06-06T12:22:54.3132215Z /usr/bin/tar: ../../../../../usr/local/lib/android/sdk/platforms/android-36.1/data/res/values-cs-television: Cannot utime: Operation not permitted
build	Cache Android SDK	2026-06-06T12:22:54.3133243Z /usr/bin/tar: ../../../../../usr/local/lib/android/sdk/platforms/android-36.1/data/res/values-cs-television: Cannot change mode to rwxr-xr-x: Operation not permitted
build	Cache Android SDK	2026-06-06T12:22:54.3135622Z /usr/bin/tar: ../../../../../usr/local/lib/android/sdk/platforms/android-36.1/data/res/values-w192dp-round-watch: Cannot utime: Operation not permitted
build	Cache Android SDK	2026-06-06T12:22:54.3136583Z /usr/bin/tar: ../../../../../usr/local/lib/android/sdk/platforms/android-36.1/data/res/values-w192dp-round-watch: Cannot change mode to rwxr-xr-x: Operation not permitted
build	Cache Android SDK	2026-06-06T12:22:54.3139326Z /usr/bin/tar: ../../../../../usr/local/lib/android/sdk/platforms/android-36.1/data/res/values-mcc334-mnc03: Cannot utime: Operation not permitted
build	Cache Android SDK	2026-06-06T12:22:54.3140253Z /usr/bin/tar: ../../../../../usr/local/lib/android/sdk/platforms/android-36.1/data/res/values-mcc334-mnc03: Cannot change mode to rwxr-xr-x: Operation not permitted
build	Cache Android SDK	2026-06-06T12:22:54.3142225Z /usr/bin/tar: ../../../../../usr/local/lib/android/sdk/platforms/android-36.1/data/res/values-mcc312-mnc670-ne: Cannot utime: Operation not permitted
build	Cache Android SDK	2026-06-06T12:22:54.3143170Z /usr/bin/tar: ../../../../../usr/local/lib/android/sdk/platforms/android-36.1/data/res/values-mcc312-mnc670-ne: Cannot change mode to rwxr-xr-x: Operation not permitted
build	Cache Android SDK	2026-06-06T12:22:54.3145717Z /usr/bin/tar: ../../../../../usr/local/lib/android/sdk/platforms/android-36.1/data/res/values-mcc310-mnc230-en-rIN: Cannot utime: Operation not permitted
build	Cache Android SDK	2026-06-06T12:22:54.3146717Z /usr/bin/tar: ../../../../../usr/local/lib/android/sdk/platforms/android-36.1/data/res/values-mcc310-mnc230-en-rIN: Cannot change mode to rwxr-xr-x: Operation not permitted
build	Cache Android SDK	2026-06-06T12:22:54.3149310Z /usr/bin/tar: ../../../../../usr/local/lib/android/sdk/platforms/android-36.1/data/res/values-mcc310-mnc150-ne: Cannot utime: Operation not permitted
build	Cache Android SDK	2026-06-06T12:22:54.3150242Z /usr/bin/tar: ../../../../../usr/local/lib/android/sdk/platforms/android-36.1/data/res/values-mcc310-mnc150-ne: Cannot change mode to rwxr-xr-x: Operation not permitted
build	Cache Android SDK	2026-06-06T12:22:54.3152506Z /usr/bin/tar: ../../../../../usr/local/lib/android/sdk/platforms/android-36.1/data/res/values-mcc310-mnc200-ca: Cannot utime: Operation not permitted
build	Cache Android SDK	2026-06-06T12:22:54.3154038Z /usr/bin/tar: ../../../../../usr/local/lib/android/sdk/platforms/android-36.1/data/res/values-mcc310-mnc200-ca: Cannot change mode to rwxr-xr-x: Operation not permitted
build	Cache Android SDK	2026-06-06T12:22:54.3155740Z /usr/bin/tar: ../../../../../usr/local/lib/android/sdk/platforms/android-36.1/data/res/values-mcc310-mnc030-km: Cannot utime: Operation not permitted
build	Cache Android SDK	2026-06-06T12:22:54.3156760Z /usr/bin/tar: ../../../../../usr/local/lib/android/sdk/platforms/android-36.1/data/res/values-mcc310-mnc030-km: Cannot change mode to rwxr-xr-x: Operation not permitted
build	Cache Android SDK	2026-06-06T12:22:54.3158697Z /usr/bin/tar: ../../../../../usr/local/lib/android/sdk/platforms/android-36.1/data/res/values-mcc313-mnc100-pa: Cannot utime: Operation not permitted
build	Cache Android SDK	2026-06-06T12:22:54.3159653Z /usr/bin/tar: ../../../../../usr/local/lib/android/sdk/platforms/android-36.1/data/res/values-mcc313-mnc100-pa: Cannot change mode to rwxr-xr-x: Operation not permitted
build	Cache Android SDK	2026-06-06T12:22:54.3162982Z /usr/bin/tar: ../../../../../usr/local/lib/android/sdk/platforms/android-36.1/data/res/values-mcc310-mnc150-ru: Cannot utime: Operation not permitted
build	Cache Android SDK	2026-06-06T12:22:54.3163929Z /usr/bin/tar: ../../../../../usr/local/lib/android/sdk/platforms/android-36.1/data/res/values-mcc310-mnc150-ru: Cannot change mode to rwxr-xr-x: Operation not permitted
build	Cache Android SDK	2026-06-06T12:22:54.3165927Z /usr/bin/tar: ../../../../../usr/local/lib/android/sdk/platforms/android-36.1/data/res/values-mcc310-mnc560-eu: Cannot utime: Operation not permitted
build	Cache Android SDK	2026-06-06T12:22:54.3167120Z /usr/bin/tar: ../../../../../usr/local/lib/android/sdk/platforms/android-36.1/data/res/values-mcc310-mnc560-eu: Cannot change mode to rwxr-xr-x: Operation not permitted
build	Cache Android SDK	2026-06-06T12:22:54.3169473Z /usr/bin/tar: ../../../../../usr/local/lib/android/sdk/platforms/android-36.1/data/res/values-mcc310-mnc170-zh-rTW: Cannot utime: Operation not permitted
build	Cache Android SDK	2026-06-06T12:22:54.3170444Z /usr/bin/tar: ../../../../../usr/local/lib/android/sdk/platforms/android-36.1/data/res/values-mcc310-mnc170-zh-rTW: Cannot change mode to rwxr-xr-x: Operation not permitted
build	Cache Android SDK	2026-06-06T12:22:54.3172740Z /usr/bin/tar: ../../../../../usr/local/lib/android/sdk/platforms/android-36.1/data/res/values-lo-television: Cannot utime: Operation not permitted
build	Cache Android SDK	2026-06-06T12:22:54.3173657Z /usr/bin/tar: ../../../../../usr/local/lib/android/sdk/platforms/android-36.1/data/res/values-lo-television: Cannot change mode to rwxr-xr-x: Operation not permitted
build	Cache Android SDK	2026-06-06T12:22:54.3176550Z /usr/bin/tar: ../../../../../usr/local/lib/android/sdk/platforms/android-36.1/data/res/values-mcc311-mnc180-mr: Cannot utime: Operation not permitted
build	Cache Android SDK	2026-06-06T12:22:54.3177679Z /usr/bin/tar: ../../../../../usr/local/lib/android/sdk/platforms/android-36.1/data/res/values-mcc311-mnc180-mr: Cannot change mode to rwxr-xr-x: Operation not permitted
build	Cache Android SDK	2026-06-06T12:22:54.3179691Z /usr/bin/tar: ../../../../../usr/local/lib/android/sdk/platforms/android-36.1/data/res/values-mcc001-mnc01-ne: Cannot utime: Operation not permitted
build	Cache Android SDK	2026-06-06T12:22:54.3180638Z /usr/bin/tar: ../../../../../usr/local/lib/android/sdk/platforms/android-36.1/data/res/values-mcc001-mnc01-ne: Cannot change mode to rwxr-xr-x: Operation not permitted
build	Cache Android SDK	2026-06-06T12:22:54.3183510Z /usr/bin/tar: ../../../../../usr/local/lib/android/sdk/platforms/android-36.1/data/res/values-iw-watch: Cannot utime: Operation not permitted
build	Cache Android SDK	2026-06-06T12:22:54.3184402Z /usr/bin/tar: ../../../../../usr/local/lib/android/sdk/platforms/android-36.1/data/res/values-iw-watch: Cannot change mode to rwxr-xr-x: Operation not permitted
build	Cache Android SDK	2026-06-06T12:22:54.3186413Z /usr/bin/tar: ../../../../../usr/local/lib/android/sdk/platforms/android-36.1/data/res/values-mcc310-mnc560-it: Cannot utime: Operation not permitted
build	Cache Android SDK	2026-06-06T12:22:54.3187343Z /usr/bin/tar: ../../../../../usr/local/lib/android/sdk/platforms/android-36.1/data/res/values-mcc310-mnc560-it: Cannot change mode to rwxr-xr-x: Operation not permitted
build	Cache Android SDK	2026-06-06T12:22:54.3190125Z /usr/bin/tar: ../../../../../usr/local/lib/android/sdk/platforms/android-36.1/data/res/values-mcc313-mnc100-it: Cannot utime: Operation not permitted
build	Cache Android SDK	2026-06-06T12:22:54.3191058Z /usr/bin/tar: ../../../../../usr/local/lib/android/sdk/platforms/android-36.1/data/res/values-mcc313-mnc100-it: Cannot change mode to rwxr-xr-x: Operation not permitted
build	Cache Android SDK	2026-06-06T12:22:54.3193383Z /usr/bin/tar: ../../../../../usr/local/lib/android/sdk/platforms/android-36.1/data/res/values-mcc310-mnc270-pl: Cannot utime: Operation not permitted
build	Cache Android SDK	2026-06-06T12:22:54.3194342Z /usr/bin/tar: ../../../../../usr/local/lib/android/sdk/platforms/android-36.1/data/res/values-mcc310-mnc270-pl: Cannot change mode to rwxr-xr-x: Operation not permitted
build	Cache Android SDK	2026-06-06T12:22:54.3196769Z /usr/bin/tar: ../../../../../usr/local/lib/android/sdk/platforms/android-36.1/data/res/values-ca-watch: Cannot utime: Operation not permitted
build	Cache Android SDK	2026-06-06T12:22:54.3198216Z /usr/bin/tar: ../../../../../usr/local/lib/android/sdk/platforms/android-36.1/data/res/values-ca-watch: Cannot change mode to rwxr-xr-x: Operation not permitted
build	Cache Android SDK	2026-06-06T12:22:54.3199649Z /usr/bin/tar: ../../../../../usr/local/lib/android/sdk/platforms/android-36.1/data/res/values-mcc310-mnc380-ja: Cannot utime: Operation not permitted
build	Cache Android SDK	2026-06-06T12:22:54.3200566Z /usr/bin/tar: ../../../../../usr/local/lib/android/sdk/platforms/android-36.1/data/res/values-mcc310-mnc380-ja: Cannot change mode to rwxr-xr-x: Operation not permitted
build	Cache Android SDK	2026-06-06T12:22:54.3264243Z /usr/bin/tar: ../../../../../usr/local/lib/android/sdk/platforms/android-36.1/data/res/values: Cannot utime: Operation not permitted
build	Cache Android SDK	2026-06-06T12:22:54.3265716Z /usr/bin/tar: ../../../../../usr/local/lib/android/sdk/platforms/android-36.1/data/res/values: Cannot change mode to rwxr-xr-x: Operation not permitted
build	Cache Android SDK	2026-06-06T12:22:54.3267709Z /usr/bin/tar: ../../../../../usr/local/lib/android/sdk/platforms/android-36.1/data/res/raw-zh-rCN: Cannot utime: Operation not permitted
build	Cache Android SDK	2026-06-06T12:22:54.3268630Z /usr/bin/tar: ../../../../../usr/local/lib/android/sdk/platforms/android-36.1/data/res/raw-zh-rCN: Cannot change mode to rwxr-xr-x: Operation not permitted
build	Cache Android SDK	2026-06-06T12:22:54.3270991Z /usr/bin/tar: ../../../../../usr/local/lib/android/sdk/platforms/android-36.1/data/res/values-mcc310-mnc280-ro: Cannot utime: Operation not permitted
build	Cache Android SDK	2026-06-06T12:22:54.3272280Z /usr/bin/tar: ../../../../../usr/local/lib/android/sdk/platforms/android-36.1/data/res/values-mcc310-mnc280-ro: Cannot change mode to rwxr-xr-x: Operation not permitted
build	Cache Android SDK	2026-06-06T12:22:54.3273699Z /usr/bin/tar: ../../../../../usr/local/lib/android/sdk/platforms/android-36.1/data/res/values-mcc310-mnc250-en-rGB: Cannot utime: Operation not permitted
build	Cache Android SDK	2026-06-06T12:22:54.3274678Z /usr/bin/tar: ../../../../../usr/local/lib/android/sdk/platforms/android-36.1/data/res/values-mcc310-mnc250-en-rGB: Cannot change mode to rwxr-xr-x: Operation not permitted
build	Cache Android SDK	2026-06-06T12:22:54.3277780Z /usr/bin/tar: ../../../../../usr/local/lib/android/sdk/platforms/android-36.1/data/res/values-es-rCO: Cannot utime: Operation not permitted
build	Cache Android SDK	2026-06-06T12:22:54.3278702Z /usr/bin/tar: ../../../../../usr/local/lib/android/sdk/platforms/android-36.1/data/res/values-es-rCO: Cannot change mode to rwxr-xr-x: Operation not permitted
build	Cache Android SDK	2026-06-06T12:22:54.3283301Z /usr/bin/tar: ../../../../../usr/local/lib/android/sdk/platforms/android-36.1/data/res/values-mcc310-mnc170-uz: Cannot utime: Operation not permitted
build	Cache Android SDK	2026-06-06T12:22:54.3284393Z /usr/bin/tar: ../../../../../usr/local/lib/android/sdk/platforms/android-36.1/data/res/values-mcc310-mnc170-uz: Cannot change mode to rwxr-xr-x: Operation not permitted
build	Cache Android SDK	2026-06-06T12:22:54.3286241Z /usr/bin/tar: ../../../../../usr/local/lib/android/sdk/platforms/android-36.1/data/res/values-mcc310-mnc950-is: Cannot utime: Operation not permitted
build	Cache Android SDK	2026-06-06T12:22:54.3287267Z /usr/bin/tar: ../../../../../usr/local/lib/android/sdk/platforms/android-36.1/data/res/values-mcc310-mnc950-is: Cannot change mode to rwxr-xr-x: Operation not permitted
build	Cache Android SDK	2026-06-06T12:22:54.3289036Z /usr/bin/tar: ../../../../../usr/local/lib/android/sdk/platforms/android-36.1/data/res/values-pt-watch: Cannot utime: Operation not permitted
build	Cache Android SDK	2026-06-06T12:22:54.3289959Z /usr/bin/tar: ../../../../../usr/local/lib/android/sdk/platforms/android-36.1/data/res/values-pt-watch: Cannot change mode to rwxr-xr-x: Operation not permitted
build	Cache Android SDK	2026-06-06T12:22:54.3291808Z /usr/bin/tar: ../../../../../usr/local/lib/android/sdk/platforms/android-36.1/data/res/values-mcc313-mnc100-pl: Cannot utime: Operation not permitted
build	Cache Android SDK	2026-06-06T12:22:54.3292752Z /usr/bin/tar: ../../../../../usr/local/lib/android/sdk/platforms/android-36.1/data/res/values-mcc313-mnc100-pl: Cannot change mode to rwxr-xr-x: Operation not permitted
build	Cache Android SDK	2026-06-06T12:22:54.3295222Z /usr/bin/tar: ../../../../../usr/local/lib/android/sdk/platforms/android-36.1/data/res/values-mcc001-mnc01-vi: Cannot utime: Operation not permitted
build	Cache Android SDK	2026-06-06T12:22:54.3296206Z /usr/bin/tar: ../../../../../usr/local/lib/android/sdk/platforms/android-36.1/data/res/values-mcc001-mnc01-vi: Cannot change mode to rwxr-xr-x: Operation not permitted
build	Cache Android SDK	2026-06-06T12:22:54.3298389Z /usr/bin/tar: ../../../../../usr/local/lib/android/sdk/platforms/android-36.1/data/res/values-mcc313-mnc100-lv: Cannot utime: Operation not permitted
build	Cache Android SDK	2026-06-06T12:22:54.3299321Z /usr/bin/tar: ../../../../../usr/local/lib/android/sdk/platforms/android-36.1/data/res/values-mcc313-mnc100-lv: Cannot change mode to rwxr-xr-x: Operation not permitted
build	Cache Android SDK	2026-06-06T12:22:54.3302055Z /usr/bin/tar: ../../../../../usr/local/lib/android/sdk/platforms/android-36.1/data/res/values-mcc302-mnc720-gu: Cannot utime: Operation not permitted
build	Cache Android SDK	2026-06-06T12:22:54.3303105Z /usr/bin/tar: ../../../../../usr/local/lib/android/sdk/platforms/android-36.1/data/res/values-mcc302-mnc720-gu: Cannot change mode to rwxr-xr-x: Operation not permitted
build	Cache Android SDK	2026-06-06T12:22:54.3305089Z /usr/bin/tar: ../../../../../usr/local/lib/android/sdk/platforms/android-36.1/data/res/values-mcc302-mnc370-zh-rCN: Cannot utime: Operation not permitted
build	Cache Android SDK	2026-06-06T12:22:54.3306060Z /usr/bin/tar: ../../../../../usr/local/lib/android/sdk/platforms/android-36.1/data/res/values-mcc302-mnc370-zh-rCN: Cannot change mode to rwxr-xr-x: Operation not permitted
build	Cache Android SDK	2026-06-06T12:22:54.3308908Z /usr/bin/tar: ../../../../../usr/local/lib/android/sdk/platforms/android-36.1/data/res/values-th-watch: Cannot utime: Operation not permitted
build	Cache Android SDK	2026-06-06T12:22:54.3309817Z /usr/bin/tar: ../../../../../usr/local/lib/android/sdk/platforms/android-36.1/data/res/values-th-watch: Cannot change mode to rwxr-xr-x: Operation not permitted
build	Cache Android SDK	2026-06-06T12:22:54.3312034Z /usr/bin/tar: ../../../../../usr/local/lib/android/sdk/platforms/android-36.1/data/res/values-mcc310-mnc250-ta: Cannot utime: Operation not permitted
build	Cache Android SDK	2026-06-06T12:22:54.3312974Z /usr/bin/tar: ../../../../../usr/local/lib/android/sdk/platforms/android-36.1/data/res/values-mcc310-mnc250-ta: Cannot change mode to rwxr-xr-x: Operation not permitted
build	Cache Android SDK	2026-06-06T12:22:54.3315800Z /usr/bin/tar: ../../../../../usr/local/lib/android/sdk/platforms/android-36.1/data/res/values-mcc310-mnc560-mk: Cannot utime: Operation not permitted
build	Cache Android SDK	2026-06-06T12:22:54.3316759Z /usr/bin/tar: ../../../../../usr/local/lib/android/sdk/platforms/android-36.1/data/res/values-mcc310-mnc560-mk: Cannot change mode to rwxr-xr-x: Operation not permitted
build	Cache Android SDK	2026-06-06T12:22:54.3318325Z /usr/bin/tar: ../../../../../usr/local/lib/android/sdk/platforms/android-36.1/data/res/values-mcc466-mnc02: Cannot utime: Operation not permitted
build	Cache Android SDK	2026-06-06T12:22:54.3319257Z /usr/bin/tar: ../../../../../usr/local/lib/android/sdk/platforms/android-36.1/data/res/values-mcc466-mnc02: Cannot change mode to rwxr-xr-x: Operation not permitted
build	Cache Android SDK	2026-06-06T12:22:54.3320876Z /usr/bin/tar: ../../../../../usr/local/lib/android/sdk/platforms/android-36.1/data/res/values-mcc310-mnc030: Cannot utime: Operation not permitted
build	Cache Android SDK	2026-06-06T12:22:54.3321805Z /usr/bin/tar: ../../../../../usr/local/lib/android/sdk/platforms/android-36.1/data/res/values-mcc310-mnc030: Cannot change mode to rwxr-xr-x: Operation not permitted
build	Cache Android SDK	2026-06-06T12:22:54.3324535Z /usr/bin/tar: ../../../../../usr/local/lib/android/sdk/platforms/android-36.1/data/res/values-mcc310-mnc150-sq: Cannot utime: Operation not permitted
build	Cache Android SDK	2026-06-06T12:22:54.3325478Z /usr/bin/tar: ../../../../../usr/local/lib/android/sdk/platforms/android-36.1/data/res/values-mcc310-mnc150-sq: Cannot change mode to rwxr-xr-x: Operation not permitted
build	Cache Android SDK	2026-06-06T12:22:54.3327290Z /usr/bin/tar: ../../../../../usr/local/lib/android/sdk/platforms/android-36.1/data/res/values-mcc310-mnc220-uz: Cannot utime: Operation not permitted
build	Cache Android SDK	2026-06-06T12:22:54.3328332Z /usr/bin/tar: ../../../../../usr/local/lib/android/sdk/platforms/android-36.1/data/res/values-mcc310-mnc220-uz: Cannot change mode to rwxr-xr-x: Operation not permitted
build	Cache Android SDK	2026-06-06T12:22:54.3330372Z /usr/bin/tar: ../../../../../usr/local/lib/android/sdk/platforms/android-36.1/data/res/values-mcc310-mnc380-es-rUS: Cannot utime: Operation not permitted
build	Cache Android SDK	2026-06-06T12:22:54.3331334Z /usr/bin/tar: ../../../../../usr/local/lib/android/sdk/platforms/android-36.1/data/res/values-mcc310-mnc380-es-rUS: Cannot change mode to rwxr-xr-x: Operation not permitted
build	Cache Android SDK	2026-06-06T12:22:54.3333336Z /usr/bin/tar: ../../../../../usr/local/lib/android/sdk/platforms/android-36.1/data/res/values-hu-watch: Cannot utime: Operation not permitted
build	Cache Android SDK	2026-06-06T12:22:54.3334221Z /usr/bin/tar: ../../../../../usr/local/lib/android/sdk/platforms/android-36.1/data/res/values-hu-watch: Cannot change mode to rwxr-xr-x: Operation not permitted
build	Cache Android SDK	2026-06-06T12:22:54.3336703Z /usr/bin/tar: ../../../../../usr/local/lib/android/sdk/platforms/android-36.1/data/res/values-mcc311-mnc180-et: Cannot utime: Operation not permitted
build	Cache Android SDK	2026-06-06T12:22:54.3337854Z /usr/bin/tar: ../../../../../usr/local/lib/android/sdk/platforms/android-36.1/data/res/values-mcc311-mnc180-et: Cannot change mode to rwxr-xr-x: Operation not permitted
build	Cache Android SDK	2026-06-06T12:22:54.3339834Z /usr/bin/tar: ../../../../../usr/local/lib/android/sdk/platforms/android-36.1/data/res/values-mcc310-mnc800-my: Cannot utime: Operation not permitted
build	Cache Android SDK	2026-06-06T12:22:54.3340773Z /usr/bin/tar: ../../../../../usr/local/lib/android/sdk/platforms/android-36.1/data/res/values-mcc310-mnc800-my: Cannot change mode to rwxr-xr-x: Operation not permitted
build	Cache Android SDK	2026-06-06T12:22:54.3343240Z /usr/bin/tar: ../../../../../usr/local/lib/android/sdk/platforms/android-36.1/data/res/values-mcc310-mnc150-pl: Cannot utime: Operation not permitted
build	Cache Android SDK	2026-06-06T12:22:54.3344173Z /usr/bin/tar: ../../../../../usr/local/lib/android/sdk/platforms/android-36.1/data/res/values-mcc310-mnc150-pl: Cannot change mode to rwxr-xr-x: Operation not permitted
build	Cache Android SDK	2026-06-06T12:22:54.3346227Z /usr/bin/tar: ../../../../../usr/local/lib/android/sdk/platforms/android-36.1/data/res/values-mcc302-mnc370-ja: Cannot utime: Operation not permitted
build	Cache Android SDK	2026-06-06T12:22:54.3347144Z /usr/bin/tar: ../../../../../usr/local/lib/android/sdk/platforms/android-36.1/data/res/values-mcc302-mnc370-ja: Cannot change mode to rwxr-xr-x: Operation not permitted
build	Cache Android SDK	2026-06-06T12:22:54.3351083Z /usr/bin/tar: ../../../../../usr/local/lib/android/sdk/platforms/android-36.1/data/res/values-mcc302-mnc370-my: Cannot utime: Operation not permitted
build	Cache Android SDK	2026-06-06T12:22:54.3352010Z /usr/bin/tar: ../../../../../usr/local/lib/android/sdk/platforms/android-36.1/data/res/values-mcc302-mnc370-my: Cannot change mode to rwxr-xr-x: Operation not permitted
build	Cache Android SDK	2026-06-06T12:22:54.3358752Z /usr/bin/tar: ../../../../../usr/local/lib/android/sdk/platforms/android-36.1/data/res/drawable-sw600dp-xhdpi: Cannot utime: Operation not permitted
build	Cache Android SDK	2026-06-06T12:22:54.3359841Z /usr/bin/tar: ../../../../../usr/local/lib/android/sdk/platforms/android-36.1/data/res/drawable-sw600dp-xhdpi: Cannot change mode to rwxr-xr-x: Operation not permitted
build	Cache Android SDK	2026-06-06T12:22:54.3361246Z /usr/bin/tar: ../../../../../usr/local/lib/android/sdk/platforms/android-36.1/data/res/values-mcc510-mnc89: Cannot utime: Operation not permitted
build	Cache Android SDK	2026-06-06T12:22:54.3362223Z /usr/bin/tar: ../../../../../usr/local/lib/android/sdk/platforms/android-36.1/data/res/values-mcc510-mnc89: Cannot change mode to rwxr-xr-x: Operation not permitted
build	Cache Android SDK	2026-06-06T12:22:54.3364653Z /usr/bin/tar: ../../../../../usr/local/lib/android/sdk/platforms/android-36.1/data/res/values-mcc313-mnc100-gl: Cannot utime: Operation not permitted
build	Cache Android SDK	2026-06-06T12:22:54.3365703Z /usr/bin/tar: ../../../../../usr/local/lib/android/sdk/platforms/android-36.1/data/res/values-mcc313-mnc100-gl: Cannot change mode to rwxr-xr-x: Operation not permitted
build	Cache Android SDK	2026-06-06T12:22:54.3367705Z /usr/bin/tar: ../../../../../usr/local/lib/android/sdk/platforms/android-36.1/data/res/values-mcc310-mnc490-da: Cannot utime: Operation not permitted
build	Cache Android SDK	2026-06-06T12:22:54.3368655Z /usr/bin/tar: ../../../../../usr/local/lib/android/sdk/platforms/android-36.1/data/res/values-mcc310-mnc490-da: Cannot change mode to rwxr-xr-x: Operation not permitted
build	Cache Android SDK	2026-06-06T12:22:54.3370775Z /usr/bin/tar: ../../../../../usr/local/lib/android/sdk/platforms/android-36.1/data/res/values-mcc310-mnc240-uz: Cannot utime: Operation not permitted
build	Cache Android SDK	2026-06-06T12:22:54.3371706Z /usr/bin/tar: ../../../../../usr/local/lib/android/sdk/platforms/android-36.1/data/res/values-mcc310-mnc240-uz: Cannot change mode to rwxr-xr-x: Operation not permitted
build	Cache Android SDK	2026-06-06T12:22:54.3373669Z /usr/bin/tar: ../../../../../usr/local/lib/android/sdk/platforms/android-36.1/data/res/values-mcc310-mnc170-ky: Cannot utime: Operation not permitted
build	Cache Android SDK	2026-06-06T12:22:54.3374609Z /usr/bin/tar: ../../../../../usr/local/lib/android/sdk/platforms/android-36.1/data/res/values-mcc310-mnc170-ky: Cannot change mode to rwxr-xr-x: Operation not permitted
build	Cache Android SDK	2026-06-06T12:22:54.3377028Z /usr/bin/tar: ../../../../../usr/local/lib/android/sdk/platforms/android-36.1/data/res/values-mcc310-mnc950-az: Cannot utime: Operation not permitted
build	Cache Android SDK	2026-06-06T12:22:54.3378624Z /usr/bin/tar: ../../../../../usr/local/lib/android/sdk/platforms/android-36.1/data/res/values-mcc310-mnc950-az: Cannot change mode to rwxr-xr-x: Operation not permitted
build	Cache Android SDK	2026-06-06T12:22:54.3380270Z /usr/bin/tar: ../../../../../usr/local/lib/android/sdk/platforms/android-36.1/data/res/values-mcc310-mnc220-zh-rTW: Cannot utime: Operation not permitted
build	Cache Android SDK	2026-06-06T12:22:54.3381245Z /usr/bin/tar: ../../../../../usr/local/lib/android/sdk/platforms/android-36.1/data/res/values-mcc310-mnc220-zh-rTW: Cannot change mode to rwxr-xr-x: Operation not permitted
build	Cache Android SDK	2026-06-06T12:22:54.3383732Z /usr/bin/tar: ../../../../../usr/local/lib/android/sdk/platforms/android-36.1/data/res/values-mcc310-mnc150-ky: Cannot utime: Operation not permitted
build	Cache Android SDK	2026-06-06T12:22:54.3384676Z /usr/bin/tar: ../../../../../usr/local/lib/android/sdk/platforms/android-36.1/data/res/values-mcc310-mnc150-ky: Cannot change mode to rwxr-xr-x: Operation not permitted
build	Cache Android SDK	2026-06-06T12:22:54.3386536Z /usr/bin/tar: ../../../../../usr/local/lib/android/sdk/platforms/android-36.1/data/res/values-mcc310-mnc950-hi: Cannot utime: Operation not permitted
build	Cache Android SDK	2026-06-06T12:22:54.3387815Z /usr/bin/tar: ../../../../../usr/local/lib/android/sdk/platforms/android-36.1/data/res/values-mcc310-mnc950-hi: Cannot change mode to rwxr-xr-x: Operation not permitted
build	Cache Android SDK	2026-06-06T12:22:54.3389925Z /usr/bin/tar: ../../../../../usr/local/lib/android/sdk/platforms/android-36.1/data/res/values-mcc310-mnc250-th: Cannot utime: Operation not permitted
build	Cache Android SDK	2026-06-06T12:22:54.3390881Z /usr/bin/tar: ../../../../../usr/local/lib/android/sdk/platforms/android-36.1/data/res/values-mcc310-mnc250-th: Cannot change mode to rwxr-xr-x: Operation not permitted
build	Cache Android SDK	2026-06-06T12:22:54.3394968Z /usr/bin/tar: ../../../../../usr/local/lib/android/sdk/platforms/android-36.1/data/res/values-round-watch: Cannot utime: Operation not permitted
build	Cache Android SDK	2026-06-06T12:22:54.3396155Z /usr/bin/tar: ../../../../../usr/local/lib/android/sdk/platforms/android-36.1/data/res/values-round-watch: Cannot change mode to rwxr-xr-x: Operation not permitted
build	Cache Android SDK	2026-06-06T12:22:54.3397745Z /usr/bin/tar: ../../../../../usr/local/lib/android/sdk/platforms/android-36.1/data/res/values-mcc310-mnc160-te: Cannot utime: Operation not permitted
build	Cache Android SDK	2026-06-06T12:22:54.3398690Z /usr/bin/tar: ../../../../../usr/local/lib/android/sdk/platforms/android-36.1/data/res/values-mcc310-mnc160-te: Cannot change mode to rwxr-xr-x: Operation not permitted
build	Cache Android SDK	2026-06-06T12:22:54.3402066Z /usr/bin/tar: ../../../../../usr/local/lib/android/sdk/platforms/android-36.1/data/res/color-watch: Cannot utime: Operation not permitted
build	Cache Android SDK	2026-06-06T12:22:54.3402947Z /usr/bin/tar: ../../../../../usr/local/lib/android/sdk/platforms/android-36.1/data/res/color-watch: Cannot change mode to rwxr-xr-x: Operation not permitted
build	Cache Android SDK	2026-06-06T12:22:54.3405324Z /usr/bin/tar: ../../../../../usr/local/lib/android/sdk/platforms/android-36.1/data/res/values-mcc310-mnc950-mr: Cannot utime: Operation not permitted
build	Cache Android SDK	2026-06-06T12:22:54.3406270Z /usr/bin/tar: ../../../../../usr/local/lib/android/sdk/platforms/android-36.1/data/res/values-mcc310-mnc950-mr: Cannot change mode to rwxr-xr-x: Operation not permitted
build	Cache Android SDK	2026-06-06T12:22:54.3408244Z /usr/bin/tar: ../../../../../usr/local/lib/android/sdk/platforms/android-36.1/data/res/values-mcc312-mnc670-is: Cannot utime: Operation not permitted
build	Cache Android SDK	2026-06-06T12:22:54.3409183Z /usr/bin/tar: ../../../../../usr/local/lib/android/sdk/platforms/android-36.1/data/res/values-mcc312-mnc670-is: Cannot change mode to rwxr-xr-x: Operation not permitted
build	Cache Android SDK	2026-06-06T12:22:54.3411244Z /usr/bin/tar: ../../../../../usr/local/lib/android/sdk/platforms/android-36.1/data/res/values-mcc310-mnc030-it: Cannot utime: Operation not permitted
build	Cache Android SDK	2026-06-06T12:22:54.3412176Z /usr/bin/tar: ../../../../../usr/local/lib/android/sdk/platforms/android-36.1/data/res/values-mcc310-mnc030-it: Cannot change mode to rwxr-xr-x: Operation not permitted
build	Cache Android SDK	2026-06-06T12:22:54.3414724Z /usr/bin/tar: ../../../../../usr/local/lib/android/sdk/platforms/android-36.1/data/res/values-mcc313-mnc100-ky: Cannot utime: Operation not permitted
build	Cache Android SDK	2026-06-06T12:22:54.3415734Z /usr/bin/tar: ../../../../../usr/local/lib/android/sdk/platforms/android-36.1/data/res/values-mcc313-mnc100-ky: Cannot change mode to rwxr-xr-x: Operation not permitted
build	Cache Android SDK	2026-06-06T12:22:54.3417733Z /usr/bin/tar: ../../../../../usr/local/lib/android/sdk/platforms/android-36.1/data/res/values-mcc311-mnc180-en-rAU: Cannot utime: Operation not permitted
build	Cache Android SDK	2026-06-06T12:22:54.3418701Z /usr/bin/tar: ../../../../../usr/local/lib/android/sdk/platforms/android-36.1/data/res/values-mcc311-mnc180-en-rAU: Cannot change mode to rwxr-xr-x: Operation not permitted
build	Cache Android SDK	2026-06-06T12:22:54.3420710Z /usr/bin/tar: ../../../../../usr/local/lib/android/sdk/platforms/android-36.1/data/res/values-mcc310-mnc490-sr: Cannot utime: Operation not permitted
build	Cache Android SDK	2026-06-06T12:22:54.3421640Z /usr/bin/tar: ../../../../../usr/local/lib/android/sdk/platforms/android-36.1/data/res/values-mcc310-mnc490-sr: Cannot change mode to rwxr-xr-x: Operation not permitted
build	Cache Android SDK	2026-06-06T12:22:54.3424088Z /usr/bin/tar: ../../../../../usr/local/lib/android/sdk/platforms/android-36.1/data/res/values-mcc310-mnc560-uz: Cannot utime: Operation not permitted
build	Cache Android SDK	2026-06-06T12:22:54.3425102Z /usr/bin/tar: ../../../../../usr/local/lib/android/sdk/platforms/android-36.1/data/res/values-mcc310-mnc560-uz: Cannot change mode to rwxr-xr-x: Operation not permitted
build	Cache Android SDK	2026-06-06T12:22:54.3426992Z /usr/bin/tar: ../../../../../usr/local/lib/android/sdk/platforms/android-36.1/data/res/values-mcc310-mnc490-sw: Cannot utime: Operation not permitted
build	Cache Android SDK	2026-06-06T12:22:54.3428198Z /usr/bin/tar: ../../../../../usr/local/lib/android/sdk/platforms/android-36.1/data/res/values-mcc310-mnc490-sw: Cannot change mode to rwxr-xr-x: Operation not permitted
build	Cache Android SDK	2026-06-06T12:22:54.3430184Z /usr/bin/tar: ../../../../../usr/local/lib/android/sdk/platforms/android-36.1/data/res/values-mcc302-mnc370-is: Cannot utime: Operation not permitted
build	Cache Android SDK	2026-06-06T12:22:54.3431101Z /usr/bin/tar: ../../../../../usr/local/lib/android/sdk/platforms/android-36.1/data/res/values-mcc302-mnc370-is: Cannot change mode to rwxr-xr-x: Operation not permitted
build	Cache Android SDK	2026-06-06T12:22:54.3433655Z /usr/bin/tar: ../../../../../usr/local/lib/android/sdk/platforms/android-36.1/data/res/values-mcc302-mnc610: Cannot utime: Operation not permitted
build	Cache Android SDK	2026-06-06T12:22:54.3434572Z /usr/bin/tar: ../../../../../usr/local/lib/android/sdk/platforms/android-36.1/data/res/values-mcc302-mnc610: Cannot change mode to rwxr-xr-x: Operation not permitted
build	Cache Android SDK	2026-06-06T12:22:54.3437278Z /usr/bin/tar: ../../../../../usr/local/lib/android/sdk/platforms/android-36.1/data/res/values-mcc310-mnc800-el: Cannot utime: Operation not permitted
build	Cache Android SDK	2026-06-06T12:22:54.3438379Z /usr/bin/tar: ../../../../../usr/local/lib/android/sdk/platforms/android-36.1/data/res/values-mcc310-mnc800-el: Cannot change mode to rwxr-xr-x: Operation not permitted
build	Cache Android SDK	2026-06-06T12:22:54.3440660Z /usr/bin/tar: ../../../../../usr/local/lib/android/sdk/platforms/android-36.1/data/res/values-mcc302-mnc720-gl: Cannot utime: Operation not permitted
build	Cache Android SDK	2026-06-06T12:22:54.3441737Z /usr/bin/tar: ../../../../../usr/local/lib/android/sdk/platforms/android-36.1/data/res/values-mcc302-mnc720-gl: Cannot change mode to rwxr-xr-x: Operation not permitted
build	Cache Android SDK	2026-06-06T12:22:54.3444703Z /usr/bin/tar: ../../../../../usr/local/lib/android/sdk/platforms/android-36.1/data/res/values-nl-television: Cannot utime: Operation not permitted
build	Cache Android SDK	2026-06-06T12:22:54.3446072Z /usr/bin/tar: ../../../../../usr/local/lib/android/sdk/platforms/android-36.1/data/res/values-nl-television: Cannot change mode to rwxr-xr-x: Operation not permitted
build	Cache Android SDK	2026-06-06T12:22:54.3447967Z /usr/bin/tar: ../../../../../usr/local/lib/android/sdk/platforms/android-36.1/data/res/values-mcc334-mnc020-mk: Cannot utime: Operation not permitted
build	Cache Android SDK	2026-06-06T12:22:54.3449103Z /usr/bin/tar: ../../../../../usr/local/lib/android/sdk/platforms/android-36.1/data/res/values-mcc334-mnc020-mk: Cannot change mode to rwxr-xr-x: Operation not permitted
build	Cache Android SDK	2026-06-06T12:22:54.3450624Z /usr/bin/tar: ../../../../../usr/local/lib/android/sdk/platforms/android-36.1/data/res/values-mcc310-mnc950-de: Cannot utime: Operation not permitted
build	Cache Android SDK	2026-06-06T12:22:54.3451763Z /usr/bin/tar: ../../../../../usr/local/lib/android/sdk/platforms/android-36.1/data/res/values-mcc310-mnc950-de: Cannot change mode to rwxr-xr-x: Operation not permitted
build	Cache Android SDK	2026-06-06T12:22:54.3453381Z /usr/bin/tar: ../../../../../usr/local/lib/android/sdk/platforms/android-36.1/data/res/values-mcc310-mnc270-lt: Cannot utime: Operation not permitted
build	Cache Android SDK	2026-06-06T12:22:54.3454399Z /usr/bin/tar: ../../../../../usr/local/lib/android/sdk/platforms/android-36.1/data/res/values-mcc310-mnc270-lt: Cannot change mode to rwxr-xr-x: Operation not permitted
build	Cache Android SDK	2026-06-06T12:22:54.3456561Z /usr/bin/tar: ../../../../../usr/local/lib/android/sdk/platforms/android-36.1/data/res/values-mcc310-mnc410-sk: Cannot utime: Operation not permitted
build	Cache Android SDK	2026-06-06T12:22:54.3457639Z /usr/bin/tar: ../../../../../usr/local/lib/android/sdk/platforms/android-36.1/data/res/values-mcc310-mnc410-sk: Cannot change mode to rwxr-xr-x: Operation not permitted
build	Cache Android SDK	2026-06-06T12:22:54.3459404Z /usr/bin/tar: ../../../../../usr/local/lib/android/sdk/platforms/android-36.1/data/res/values-mcc001-mnc01-sq: Cannot utime: Operation not permitted
build	Cache Android SDK	2026-06-06T12:22:54.3460490Z /usr/bin/tar: ../../../../../usr/local/lib/android/sdk/platforms/android-36.1/data/res/values-mcc001-mnc01-sq: Cannot change mode to rwxr-xr-x: Operation not permitted
build	Cache Android SDK	2026-06-06T12:22:54.3463080Z /usr/bin/tar: ../../../../../usr/local/lib/android/sdk/platforms/android-36.1/data/res/values-mcc310-mnc230-sl: Cannot utime: Operation not permitted
build	Cache Android SDK	2026-06-06T12:22:54.3464062Z /usr/bin/tar: ../../../../../usr/local/lib/android/sdk/platforms/android-36.1/data/res/values-mcc310-mnc230-sl: Cannot change mode to rwxr-xr-x: Operation not permitted
build	Cache Android SDK	2026-06-06T12:22:54.3465762Z /usr/bin/tar: ../../../../../usr/local/lib/android/sdk/platforms/android-36.1/data/res/values-mcc310-mnc240-en-rIN: Cannot utime: Operation not permitted
build	Cache Android SDK	2026-06-06T12:22:54.3466817Z /usr/bin/tar: ../../../../../usr/local/lib/android/sdk/platforms/android-36.1/data/res/values-mcc310-mnc240-en-rIN: Cannot change mode to rwxr-xr-x: Operation not permitted
build	Cache Android SDK	2026-06-06T12:22:54.3468453Z /usr/bin/tar: ../../../../../usr/local/lib/android/sdk/platforms/android-36.1/data/res/values-mcc310-mnc560-my: Cannot utime: Operation not permitted
build	Cache Android SDK	2026-06-06T12:22:54.3469405Z /usr/bin/tar: ../../../../../usr/local/lib/android/sdk/platforms/android-36.1/data/res/values-mcc310-mnc560-my: Cannot change mode to rwxr-xr-x: Operation not permitted
build	Cache Android SDK	2026-06-06T12:22:54.3471790Z /usr/bin/tar: ../../../../../usr/local/lib/android/sdk/platforms/android-36.1/data/res/values-mcc001-mnc01-ca: Cannot utime: Operation not permitted
build	Cache Android SDK	2026-06-06T12:22:54.3472736Z /usr/bin/tar: ../../../../../usr/local/lib/android/sdk/platforms/android-36.1/data/res/values-mcc001-mnc01-ca: Cannot change mode to rwxr-xr-x: Operation not permitted
build	Cache Android SDK	2026-06-06T12:22:54.3474391Z /usr/bin/tar: ../../../../../usr/local/lib/android/sdk/platforms/android-36.1/data/res/values-mcc310-mnc220-be: Cannot utime: Operation not permitted
build	Cache Android SDK	2026-06-06T12:22:54.3475314Z /usr/bin/tar: ../../../../../usr/local/lib/android/sdk/platforms/android-36.1/data/res/values-mcc310-mnc220-be: Cannot change mode to rwxr-xr-x: Operation not permitted
build	Cache Android SDK	2026-06-06T12:22:54.3477825Z /usr/bin/tar: ../../../../../usr/local/lib/android/sdk/platforms/android-36.1/data/res/values-mcc334-mnc020-fi: Cannot utime: Operation not permitted
build	Cache Android SDK	2026-06-06T12:22:54.3478899Z /usr/bin/tar: ../../../../../usr/local/lib/android/sdk/platforms/android-36.1/data/res/values-mcc334-mnc020-fi: Cannot change mode to rwxr-xr-x: Operation not permitted
build	Cache Android SDK	2026-06-06T12:22:54.3481088Z /usr/bin/tar: ../../../../../usr/local/lib/android/sdk/platforms/android-36.1/data/res/values-mcc302-mnc370-kk: Cannot utime: Operation not permitted
build	Cache Android SDK	2026-06-06T12:22:54.3482035Z /usr/bin/tar: ../../../../../usr/local/lib/android/sdk/platforms/android-36.1/data/res/values-mcc302-mnc370-kk: Cannot change mode to rwxr-xr-x: Operation not permitted
build	Cache Android SDK	2026-06-06T12:22:54.3483959Z /usr/bin/tar: ../../../../../usr/local/lib/android/sdk/platforms/android-36.1/data/res/values-mcc311-mnc180-kk: Cannot utime: Operation not permitted
build	Cache Android SDK	2026-06-06T12:22:54.3484899Z /usr/bin/tar: ../../../../../usr/local/lib/android/sdk/platforms/android-36.1/data/res/values-mcc311-mnc180-kk: Cannot change mode to rwxr-xr-x: Operation not permitted
build	Cache Android SDK	2026-06-06T12:22:54.3487916Z /usr/bin/tar: ../../../../../usr/local/lib/android/sdk/platforms/android-36.1/data/res/drawable-round-watch: Cannot utime: Operation not permitted
build	Cache Android SDK	2026-06-06T12:22:54.3489136Z /usr/bin/tar: ../../../../../usr/local/lib/android/sdk/platforms/android-36.1/data/res/drawable-round-watch: Cannot change mode to rwxr-xr-x: Operation not permitted
build	Cache Android SDK	2026-06-06T12:22:54.3490616Z /usr/bin/tar: ../../../../../usr/local/lib/android/sdk/platforms/android-36.1/data/res/values-pt-rPT-television: Cannot utime: Operation not permitted
build	Cache Android SDK	2026-06-06T12:22:54.3491787Z /usr/bin/tar: ../../../../../usr/local/lib/android/sdk/platforms/android-36.1/data/res/values-pt-rPT-television: Cannot change mode to rwxr-xr-x: Operation not permitted
build	Cache Android SDK	2026-06-06T12:22:54.3493584Z /usr/bin/tar: ../../../../../usr/local/lib/android/sdk/platforms/android-36.1/data/res/values-mcc302-mnc720-ur: Cannot utime: Operation not permitted
build	Cache Android SDK	2026-06-06T12:22:54.3494593Z /usr/bin/tar: ../../../../../usr/local/lib/android/sdk/platforms/android-36.1/data/res/values-mcc302-mnc720-ur: Cannot change mode to rwxr-xr-x: Operation not permitted
build	Cache Android SDK	2026-06-06T12:22:54.3811252Z /usr/bin/tar: ../../../../../usr/local/lib/android/sdk/platforms/android-36.1/data/res/drawable-xxhdpi: Cannot utime: Operation not permitted
build	Cache Android SDK	2026-06-06T12:22:54.3812685Z /usr/bin/tar: ../../../../../usr/local/lib/android/sdk/platforms/android-36.1/data/res/drawable-xxhdpi: Cannot change mode to rwxr-xr-x: Operation not permitted
build	Cache Android SDK	2026-06-06T12:22:54.3814086Z /usr/bin/tar: ../../../../../usr/local/lib/android/sdk/platforms/android-36.1/data/res/values-mcc310-mnc380-th: Cannot utime: Operation not permitted
build	Cache Android SDK	2026-06-06T12:22:54.3815066Z /usr/bin/tar: ../../../../../usr/local/lib/android/sdk/platforms/android-36.1/data/res/values-mcc310-mnc380-th: Cannot change mode to rwxr-xr-x: Operation not permitted
build	Cache Android SDK	2026-06-06T12:22:54.3817115Z /usr/bin/tar: ../../../../../usr/local/lib/android/sdk/platforms/android-36.1/data/res/values-mcc310-mnc380-en-rXC: Cannot utime: Operation not permitted
build	Cache Android SDK	2026-06-06T12:22:54.3818312Z /usr/bin/tar: ../../../../../usr/local/lib/android/sdk/platforms/android-36.1/data/res/values-mcc310-mnc380-en-rXC: Cannot change mode to rwxr-xr-x: Operation not permitted
build	Cache Android SDK	2026-06-06T12:22:54.3820558Z /usr/bin/tar: ../../../../../usr/local/lib/android/sdk/platforms/android-36.1/data/res/values-mcc310-mnc410-es: Cannot utime: Operation not permitted
build	Cache Android SDK	2026-06-06T12:22:54.3821497Z /usr/bin/tar: ../../../../../usr/local/lib/android/sdk/platforms/android-36.1/data/res/values-mcc310-mnc410-es: Cannot change mode to rwxr-xr-x: Operation not permitted
build	Cache Android SDK	2026-06-06T12:22:54.3824376Z /usr/bin/tar: ../../../../../usr/local/lib/android/sdk/platforms/android-36.1/data/res/values-mcc310-mnc660-pt-rBR: Cannot utime: Operation not permitted
build	Cache Android SDK	2026-06-06T12:22:54.3825513Z /usr/bin/tar: ../../../../../usr/local/lib/android/sdk/platforms/android-36.1/data/res/values-mcc310-mnc660-pt-rBR: Cannot change mode to rwxr-xr-x: Operation not permitted
build	Cache Android SDK	2026-06-06T12:22:54.3827476Z /usr/bin/tar: ../../../../../usr/local/lib/android/sdk/platforms/android-36.1/data/res/values-mcc310-mnc250-ka: Cannot utime: Operation not permitted
build	Cache Android SDK	2026-06-06T12:22:54.3828686Z /usr/bin/tar: ../../../../../usr/local/lib/android/sdk/platforms/android-36.1/data/res/values-mcc310-mnc250-ka: Cannot change mode to rwxr-xr-x: Operation not permitted
build	Cache Android SDK	2026-06-06T12:22:54.3830421Z /usr/bin/tar: ../../../../../usr/local/lib/android/sdk/platforms/android-36.1/data/res/values-mcc310-mnc800-lt: Cannot utime: Operation not permitted
build	Cache Android SDK	2026-06-06T12:22:54.3831354Z /usr/bin/tar: ../../../../../usr/local/lib/android/sdk/platforms/android-36.1/data/res/values-mcc310-mnc800-lt: Cannot change mode to rwxr-xr-x: Operation not permitted
build	Cache Android SDK	2026-06-06T12:22:54.3833952Z /usr/bin/tar: ../../../../../usr/local/lib/android/sdk/platforms/android-36.1/data/res/values-my-watch: Cannot utime: Operation not permitted
build	Cache Android SDK	2026-06-06T12:22:54.3835636Z /usr/bin/tar: ../../../../../usr/local/lib/android/sdk/platforms/android-36.1/data/res/values-my-watch: Cannot change mode to rwxr-xr-x: Operation not permitted
build	Cache Android SDK	2026-06-06T12:22:54.3837187Z /usr/bin/tar: ../../../../../usr/local/lib/android/sdk/platforms/android-36.1/data/res/values-mcc310-mnc950-sl: Cannot utime: Operation not permitted
build	Cache Android SDK	2026-06-06T12:22:54.3838889Z /usr/bin/tar: ../../../../../usr/local/lib/android/sdk/platforms/android-36.1/data/res/values-mcc310-mnc950-sl: Cannot change mode to rwxr-xr-x: Operation not permitted
build	Cache Android SDK	2026-06-06T12:22:54.3843548Z /usr/bin/tar: ../../../../../usr/local/lib/android/sdk/platforms/android-36.1/data/res/values-uz: Cannot utime: Operation not permitted
build	Cache Android SDK	2026-06-06T12:22:54.3844570Z /usr/bin/tar: ../../../../../usr/local/lib/android/sdk/platforms/android-36.1/data/res/values-uz: Cannot change mode to rwxr-xr-x: Operation not permitted
build	Cache Android SDK	2026-06-06T12:22:54.3846238Z /usr/bin/tar: ../../../../../usr/local/lib/android/sdk/platforms/android-36.1/data/res/values-mcc310-mnc380-mr: Cannot utime: Operation not permitted
build	Cache Android SDK	2026-06-06T12:22:54.3847258Z /usr/bin/tar: ../../../../../usr/local/lib/android/sdk/platforms/android-36.1/data/res/values-mcc310-mnc380-mr: Cannot change mode to rwxr-xr-x: Operation not permitted
build	Cache Android SDK	2026-06-06T12:22:54.3849860Z /usr/bin/tar: ../../../../../usr/local/lib/android/sdk/platforms/android-36.1/data/res/values-mcc310-mnc160-kk: Cannot utime: Operation not permitted
build	Cache Android SDK	2026-06-06T12:22:54.3850796Z /usr/bin/tar: ../../../../../usr/local/lib/android/sdk/platforms/android-36.1/data/res/values-mcc310-mnc160-kk: Cannot change mode to rwxr-xr-x: Operation not permitted
build	Cache Android SDK	2026-06-06T12:22:54.3853308Z /usr/bin/tar: ../../../../../usr/local/lib/android/sdk/platforms/android-36.1/data/res/values-mcc310-mnc240-is: Cannot utime: Operation not permitted
build	Cache Android SDK	2026-06-06T12:22:54.3854386Z /usr/bin/tar: ../../../../../usr/local/lib/android/sdk/platforms/android-36.1/data/res/values-mcc310-mnc240-is: Cannot change mode to rwxr-xr-x: Operation not permitted
build	Cache Android SDK	2026-06-06T12:22:54.3856050Z /usr/bin/tar: ../../../../../usr/local/lib/android/sdk/platforms/android-36.1/data/res/values-mcc313-mnc100: Cannot utime: Operation not permitted
build	Cache Android SDK	2026-06-06T12:22:54.3856975Z /usr/bin/tar: ../../../../../usr/local/lib/android/sdk/platforms/android-36.1/data/res/values-mcc313-mnc100: Cannot change mode to rwxr-xr-x: Operation not permitted
build	Cache Android SDK	2026-06-06T12:22:54.3860015Z /usr/bin/tar: ../../../../../usr/local/lib/android/sdk/platforms/android-36.1/data/res/values-mcc313-mnc100-mk: Cannot utime: Operation not permitted
build	Cache Android SDK	2026-06-06T12:22:54.3861106Z /usr/bin/tar: ../../../../../usr/local/lib/android/sdk/platforms/android-36.1/data/res/values-mcc313-mnc100-mk: Cannot change mode to rwxr-xr-x: Operation not permitted
build	Cache Android SDK	2026-06-06T12:22:54.3862693Z /usr/bin/tar: ../../../../../usr/local/lib/android/sdk/platforms/android-36.1/data/res/values-mcc310-mnc030-bg: Cannot utime: Operation not permitted
build	Cache Android SDK	2026-06-06T12:22:54.3863621Z /usr/bin/tar: ../../../../../usr/local/lib/android/sdk/platforms/android-36.1/data/res/values-mcc310-mnc030-bg: Cannot change mode to rwxr-xr-x: Operation not permitted
build	Cache Android SDK	2026-06-06T12:22:54.3865914Z /usr/bin/tar: ../../../../../usr/local/lib/android/sdk/platforms/android-36.1/data/res/values-hi-watch: Cannot utime: Operation not permitted
build	Cache Android SDK	2026-06-06T12:22:54.3866892Z /usr/bin/tar: ../../../../../usr/local/lib/android/sdk/platforms/android-36.1/data/res/values-hi-watch: Cannot change mode to rwxr-xr-x: Operation not permitted
build	Cache Android SDK	2026-06-06T12:22:54.3868979Z /usr/bin/tar: ../../../../../usr/local/lib/android/sdk/platforms/android-36.1/data/res/values-mcc310-mnc160-ru: Cannot utime: Operation not permitted
build	Cache Android SDK	2026-06-06T12:22:54.3869922Z /usr/bin/tar: ../../../../../usr/local/lib/android/sdk/platforms/android-36.1/data/res/values-mcc310-mnc160-ru: Cannot change mode to rwxr-xr-x: Operation not permitted
build	Cache Android SDK	2026-06-06T12:22:54.3872722Z /usr/bin/tar: ../../../../../usr/local/lib/android/sdk/platforms/android-36.1/data/res/values-mcc310-mnc240-km: Cannot utime: Operation not permitted
build	Cache Android SDK	2026-06-06T12:22:54.3873739Z /usr/bin/tar: ../../../../../usr/local/lib/android/sdk/platforms/android-36.1/data/res/values-mcc310-mnc240-km: Cannot change mode to rwxr-xr-x: Operation not permitted
build	Cache Android SDK	2026-06-06T12:22:54.3875799Z /usr/bin/tar: ../../../../../usr/local/lib/android/sdk/platforms/android-36.1/data/res/values-mcc310-mnc270-ro: Cannot utime: Operation not permitted
build	Cache Android SDK	2026-06-06T12:22:54.3876736Z /usr/bin/tar: ../../../../../usr/local/lib/android/sdk/platforms/android-36.1/data/res/values-mcc310-mnc270-ro: Cannot change mode to rwxr-xr-x: Operation not permitted
build	Cache Android SDK	2026-06-06T12:22:54.3879315Z /usr/bin/tar: ../../../../../usr/local/lib/android/sdk/platforms/android-36.1/data/res/values-ko-television: Cannot utime: Operation not permitted
build	Cache Android SDK	2026-06-06T12:22:54.3880238Z /usr/bin/tar: ../../../../../usr/local/lib/android/sdk/platforms/android-36.1/data/res/values-ko-television: Cannot change mode to rwxr-xr-x: Operation not permitted
build	Cache Android SDK	2026-06-06T12:22:54.3882745Z /usr/bin/tar: ../../../../../usr/local/lib/android/sdk/platforms/android-36.1/data/res/values-mcc310-mnc230-ja: Cannot utime: Operation not permitted
build	Cache Android SDK	2026-06-06T12:22:54.3883847Z /usr/bin/tar: ../../../../../usr/local/lib/android/sdk/platforms/android-36.1/data/res/values-mcc310-mnc230-ja: Cannot change mode to rwxr-xr-x: Operation not permitted
build	Cache Android SDK	2026-06-06T12:22:54.3886098Z /usr/bin/tar: ../../../../../usr/local/lib/android/sdk/platforms/android-36.1/data/res/values-mcc312-mnc670-kk: Cannot utime: Operation not permitted
build	Cache Android SDK	2026-06-06T12:22:54.3886593Z /usr/bin/tar: ../../../../../usr/local/lib/android/sdk/platforms/android-36.1/data/res/values-mcc312-mnc670-kk: Cannot change mode to rwxr-xr-x: Operation not permitted
build	Cache Android SDK	2026-06-06T12:22:54.3889205Z /usr/bin/tar: ../../../../../usr/local/lib/android/sdk/platforms/android-36.1/data/res/values-sw360dp: Cannot utime: Operation not permitted
build	Cache Android SDK	2026-06-06T12:22:54.3889668Z /usr/bin/tar: ../../../../../usr/local/lib/android/sdk/platforms/android-36.1/data/res/values-sw360dp: Cannot change mode to rwxr-xr-x: Operation not permitted
build	Cache Android SDK	2026-06-06T12:22:54.3892190Z /usr/bin/tar: ../../../../../usr/local/lib/android/sdk/platforms/android-36.1/data/res/values-mcc310-mnc150-sw: Cannot utime: Operation not permitted
build	Cache Android SDK	2026-06-06T12:22:54.3892719Z /usr/bin/tar: ../../../../../usr/local/lib/android/sdk/platforms/android-36.1/data/res/values-mcc310-mnc150-sw: Cannot change mode to rwxr-xr-x: Operation not permitted
build	Cache Android SDK	2026-06-06T12:22:54.3899312Z /usr/bin/tar: ../../../../../usr/local/lib/android/sdk/platforms/android-36.1/data/res/values-ar: Cannot utime: Operation not permitted
build	Cache Android SDK	2026-06-06T12:22:54.3899753Z /usr/bin/tar: ../../../../../usr/local/lib/android/sdk/platforms/android-36.1/data/res/values-ar: Cannot change mode to rwxr-xr-x: Operation not permitted
build	Cache Android SDK	2026-06-06T12:22:54.3902327Z /usr/bin/tar: ../../../../../usr/local/lib/android/sdk/platforms/android-36.1/data/res/values-mcc310-mnc660-en-rAU: Cannot utime: Operation not permitted
build	Cache Android SDK	2026-06-06T12:22:54.3902878Z /usr/bin/tar: ../../../../../usr/local/lib/android/sdk/platforms/android-36.1/data/res/values-mcc310-mnc660-en-rAU: Cannot change mode to rwxr-xr-x: Operation not permitted
build	Cache Android SDK	2026-06-06T12:22:54.3905934Z /usr/bin/tar: ../../../../../usr/local/lib/android/sdk/platforms/android-36.1/data/res/values-mcc310-mnc230-sw: Cannot utime: Operation not permitted
build	Cache Android SDK	2026-06-06T12:22:54.3906600Z /usr/bin/tar: ../../../../../usr/local/lib/android/sdk/platforms/android-36.1/data/res/values-mcc310-mnc230-sw: Cannot change mode to rwxr-xr-x: Operation not permitted
build	Cache Android SDK	2026-06-06T12:22:54.3910397Z /usr/bin/tar: ../../../../../usr/local/lib/android/sdk/platforms/android-36.1/data/res/values-mcc310-mnc280-ky: Cannot utime: Operation not permitted
build	Cache Android SDK	2026-06-06T12:22:54.3910967Z /usr/bin/tar: ../../../../../usr/local/lib/android/sdk/platforms/android-36.1/data/res/values-mcc310-mnc280-ky: Cannot change mode to rwxr-xr-x: Operation not permitted
build	Cache Android SDK	2026-06-06T12:22:54.3913257Z /usr/bin/tar: ../../../../../usr/local/lib/android/sdk/platforms/android-36.1/data/res/values-mcc310-mnc490-mk: Cannot utime: Operation not permitted
build	Cache Android SDK	2026-06-06T12:22:54.3913804Z /usr/bin/tar: ../../../../../usr/local/lib/android/sdk/platforms/android-36.1/data/res/values-mcc310-mnc490-mk: Cannot change mode to rwxr-xr-x: Operation not permitted
build	Cache Android SDK	2026-06-06T12:22:54.3916263Z /usr/bin/tar: ../../../../../usr/local/lib/android/sdk/platforms/android-36.1/data/res/values-mcc310-mnc200-fr: Cannot utime: Operation not permitted
build	Cache Android SDK	2026-06-06T12:22:54.3916765Z /usr/bin/tar: ../../../../../usr/local/lib/android/sdk/platforms/android-36.1/data/res/values-mcc310-mnc200-fr: Cannot change mode to rwxr-xr-x: Operation not permitted
build	Cache Android SDK	2026-06-06T12:22:54.3919124Z /usr/bin/tar: ../../../../../usr/local/lib/android/sdk/platforms/android-36.1/data/res/values-mcc310-mnc150-fi: Cannot utime: Operation not permitted
build	Cache Android SDK	2026-06-06T12:22:54.3919638Z /usr/bin/tar: ../../../../../usr/local/lib/android/sdk/platforms/android-36.1/data/res/values-mcc310-mnc150-fi: Cannot change mode to rwxr-xr-x: Operation not permitted
build	Cache Android SDK	2026-06-06T12:22:54.3922484Z /usr/bin/tar: ../../../../../usr/local/lib/android/sdk/platforms/android-36.1/data/res/values-mcc310-mnc560-kk: Cannot utime: Operation not permitted
build	Cache Android SDK	2026-06-06T12:22:54.3922995Z /usr/bin/tar: ../../../../../usr/local/lib/android/sdk/platforms/android-36.1/data/res/values-mcc310-mnc560-kk: Cannot change mode to rwxr-xr-x: Operation not permitted
build	Cache Android SDK	2026-06-06T12:22:54.3925381Z /usr/bin/tar: ../../../../../usr/local/lib/android/sdk/platforms/android-36.1/data/res/values-mcc310-mnc220-nl: Cannot utime: Operation not permitted
build	Cache Android SDK	2026-06-06T12:22:54.3925889Z /usr/bin/tar: ../../../../../usr/local/lib/android/sdk/platforms/android-36.1/data/res/values-mcc310-mnc220-nl: Cannot change mode to rwxr-xr-x: Operation not permitted
build	Cache Android SDK	2026-06-06T12:22:54.3928714Z /usr/bin/tar: ../../../../../usr/local/lib/android/sdk/platforms/android-36.1/data/res/values-mcc310-mnc800-bn: Cannot utime: Operation not permitted
build	Cache Android SDK	2026-06-06T12:22:54.3929169Z /usr/bin/tar: ../../../../../usr/local/lib/android/sdk/platforms/android-36.1/data/res/values-mcc310-mnc800-bn: Cannot change mode to rwxr-xr-x: Operation not permitted
build	Cache Android SDK	2026-06-06T12:22:54.3932149Z /usr/bin/tar: ../../../../../usr/local/lib/android/sdk/platforms/android-36.1/data/res/values-mcc310-mnc950-pt-rPT: Cannot utime: Operation not permitted
build	Cache Android SDK	2026-06-06T12:22:54.3932681Z /usr/bin/tar: ../../../../../usr/local/lib/android/sdk/platforms/android-36.1/data/res/values-mcc310-mnc950-pt-rPT: Cannot change mode to rwxr-xr-x: Operation not permitted
build	Cache Android SDK	2026-06-06T12:22:54.3935456Z /usr/bin/tar: ../../../../../usr/local/lib/android/sdk/platforms/android-36.1/data/res/values-mcc001-mnc01-de: Cannot utime: Operation not permitted
build	Cache Android SDK	2026-06-06T12:22:54.3935923Z /usr/bin/tar: ../../../../../usr/local/lib/android/sdk/platforms/android-36.1/data/res/values-mcc001-mnc01-de: Cannot change mode to rwxr-xr-x: Operation not permitted
build	Cache Android SDK	2026-06-06T12:22:54.3938535Z /usr/bin/tar: ../../../../../usr/local/lib/android/sdk/platforms/android-36.1/data/res/values-mcc310-mnc210-nb: Cannot utime: Operation not permitted
build	Cache Android SDK	2026-06-06T12:22:54.3939059Z /usr/bin/tar: ../../../../../usr/local/lib/android/sdk/platforms/android-36.1/data/res/values-mcc310-mnc210-nb: Cannot change mode to rwxr-xr-x: Operation not permitted
build	Cache Android SDK	2026-06-06T12:22:54.3944958Z /usr/bin/tar: ../../../../../usr/local/lib/android/sdk/platforms/android-36.1/data/res/values-fa: Cannot utime: Operation not permitted
build	Cache Android SDK	2026-06-06T12:22:54.3945528Z /usr/bin/tar: ../../../../../usr/local/lib/android/sdk/platforms/android-36.1/data/res/values-fa: Cannot change mode to rwxr-xr-x: Operation not permitted
build	Cache Android SDK	2026-06-06T12:22:54.3947613Z /usr/bin/tar: ../../../../../usr/local/lib/android/sdk/platforms/android-36.1/data/res/values-mcc310-mnc380-ms: Cannot utime: Operation not permitted
build	Cache Android SDK	2026-06-06T12:22:54.3948076Z /usr/bin/tar: ../../../../../usr/local/lib/android/sdk/platforms/android-36.1/data/res/values-mcc310-mnc380-ms: Cannot change mode to rwxr-xr-x: Operation not permitted
build	Cache Android SDK	2026-06-06T12:22:54.3950525Z /usr/bin/tar: ../../../../../usr/local/lib/android/sdk/platforms/android-36.1/data/res/values-mcc310-mnc310-tl: Cannot utime: Operation not permitted
build	Cache Android SDK	2026-06-06T12:22:54.3951112Z /usr/bin/tar: ../../../../../usr/local/lib/android/sdk/platforms/android-36.1/data/res/values-mcc310-mnc310-tl: Cannot change mode to rwxr-xr-x: Operation not permitted
build	Cache Android SDK	2026-06-06T12:22:54.3953831Z /usr/bin/tar: ../../../../../usr/local/lib/android/sdk/platforms/android-36.1/data/res/xml-mdpi: Cannot utime: Operation not permitted
build	Cache Android SDK	2026-06-06T12:22:54.3954244Z /usr/bin/tar: ../../../../../usr/local/lib/android/sdk/platforms/android-36.1/data/res/xml-mdpi: Cannot change mode to rwxr-xr-x: Operation not permitted
build	Cache Android SDK	2026-06-06T12:22:54.3956774Z /usr/bin/tar: ../../../../../usr/local/lib/android/sdk/platforms/android-36.1/data/res/values-mcc310-mnc150-zh-rTW: Cannot utime: Operation not permitted
build	Cache Android SDK	2026-06-06T12:22:54.3957324Z /usr/bin/tar: ../../../../../usr/local/lib/android/sdk/platforms/android-36.1/data/res/values-mcc310-mnc150-zh-rTW: Cannot change mode to rwxr-xr-x: Operation not permitted
build	Cache Android SDK	2026-06-06T12:22:54.3960435Z /usr/bin/tar: ../../../../../usr/local/lib/android/sdk/platforms/android-36.1/data/res/values-mcc334-mnc020-zh-rHK: Cannot utime: Operation not permitted
build	Cache Android SDK	2026-06-06T12:22:54.3960958Z /usr/bin/tar: ../../../../../usr/local/lib/android/sdk/platforms/android-36.1/data/res/values-mcc334-mnc020-zh-rHK: Cannot change mode to rwxr-xr-x: Operation not permitted
build	Cache Android SDK	2026-06-06T12:22:54.3963477Z /usr/bin/tar: ../../../../../usr/local/lib/android/sdk/platforms/android-36.1/data/res/values-mcc310-mnc250-es-rUS: Cannot utime: Operation not permitted
build	Cache Android SDK	2026-06-06T12:22:54.3963933Z /usr/bin/tar: ../../../../../usr/local/lib/android/sdk/platforms/android-36.1/data/res/values-mcc310-mnc250-es-rUS: Cannot change mode to rwxr-xr-x: Operation not permitted
build	Cache Android SDK	2026-06-06T12:22:54.3966554Z /usr/bin/tar: ../../../../../usr/local/lib/android/sdk/platforms/android-36.1/data/res/values-mcc310-mnc800-uz: Cannot utime: Operation not permitted
build	Cache Android SDK	2026-06-06T12:22:54.3967007Z /usr/bin/tar: ../../../../../usr/local/lib/android/sdk/platforms/android-36.1/data/res/values-mcc310-mnc800-uz: Cannot change mode to rwxr-xr-x: Operation not permitted
build	Cache Android SDK	2026-06-06T12:22:54.3969551Z /usr/bin/tar: ../../../../../usr/local/lib/android/sdk/platforms/android-36.1/data/res/values-mcc310-mnc660-th: Cannot utime: Operation not permitted
build	Cache Android SDK	2026-06-06T12:22:54.3970000Z /usr/bin/tar: ../../../../../usr/local/lib/android/sdk/platforms/android-36.1/data/res/values-mcc310-mnc660-th: Cannot change mode to rwxr-xr-x: Operation not permitted
build	Cache Android SDK	2026-06-06T12:22:54.3972739Z /usr/bin/tar: ../../../../../usr/local/lib/android/sdk/platforms/android-36.1/data/res/values-mcc310-mnc490-ru: Cannot utime: Operation not permitted
build	Cache Android SDK	2026-06-06T12:22:54.3973179Z /usr/bin/tar: ../../../../../usr/local/lib/android/sdk/platforms/android-36.1/data/res/values-mcc310-mnc490-ru: Cannot change mode to rwxr-xr-x: Operation not permitted
build	Cache Android SDK	2026-06-06T12:22:54.3975770Z /usr/bin/tar: ../../../../../usr/local/lib/android/sdk/platforms/android-36.1/data/res/values-mcc312-mnc670-in: Cannot utime: Operation not permitted
build	Cache Android SDK	2026-06-06T12:22:54.3976222Z /usr/bin/tar: ../../../../../usr/local/lib/android/sdk/platforms/android-36.1/data/res/values-mcc312-mnc670-in: Cannot change mode to rwxr-xr-x: Operation not permitted
build	Cache Android SDK	2026-06-06T12:22:54.3979510Z /usr/bin/tar: ../../../../../usr/local/lib/android/sdk/platforms/android-36.1/data/res/values-mcc310-mnc310-bn: Cannot utime: Operation not permitted
build	Cache Android SDK	2026-06-06T12:22:54.3980062Z /usr/bin/tar: ../../../../../usr/local/lib/android/sdk/platforms/android-36.1/data/res/values-mcc310-mnc310-bn: Cannot change mode to rwxr-xr-x: Operation not permitted
build	Cache Android SDK	2026-06-06T12:22:54.3982434Z /usr/bin/tar: ../../../../../usr/local/lib/android/sdk/platforms/android-36.1/data/res/values-mcc310-mnc280: Cannot utime: Operation not permitted
build	Cache Android SDK	2026-06-06T12:22:54.3982871Z /usr/bin/tar: ../../../../../usr/local/lib/android/sdk/platforms/android-36.1/data/res/values-mcc310-mnc280: Cannot change mode to rwxr-xr-x: Operation not permitted
build	Cache Android SDK	2026-06-06T12:22:54.3985865Z /usr/bin/tar: ../../../../../usr/local/lib/android/sdk/platforms/android-36.1/data/res/values-mcc310-mnc310-ca: Cannot utime: Operation not permitted
build	Cache Android SDK	2026-06-06T12:22:54.3986467Z /usr/bin/tar: ../../../../../usr/local/lib/android/sdk/platforms/android-36.1/data/res/values-mcc310-mnc310-ca: Cannot change mode to rwxr-xr-x: Operation not permitted
build	Cache Android SDK	2026-06-06T12:22:54.3989093Z /usr/bin/tar: ../../../../../usr/local/lib/android/sdk/platforms/android-36.1/data/res/values-mcc310-mnc490-gu: Cannot utime: Operation not permitted
build	Cache Android SDK	2026-06-06T12:22:54.3989541Z /usr/bin/tar: ../../../../../usr/local/lib/android/sdk/platforms/android-36.1/data/res/values-mcc310-mnc490-gu: Cannot change mode to rwxr-xr-x: Operation not permitted
build	Cache Android SDK	2026-06-06T12:22:54.3991837Z /usr/bin/tar: ../../../../../usr/local/lib/android/sdk/platforms/android-36.1/data/res/values-mcc334-mnc020-as: Cannot utime: Operation not permitted
build	Cache Android SDK	2026-06-06T12:22:54.3992283Z /usr/bin/tar: ../../../../../usr/local/lib/android/sdk/platforms/android-36.1/data/res/values-mcc334-mnc020-as: Cannot change mode to rwxr-xr-x: Operation not permitted
build	Cache Android SDK	2026-06-06T12:22:54.3996994Z /usr/bin/tar: ../../../../../usr/local/lib/android/sdk/platforms/android-36.1/data/res/values-mcc001-mnc01-th: Cannot utime: Operation not permitted
build	Cache Android SDK	2026-06-06T12:22:54.3997561Z /usr/bin/tar: ../../../../../usr/local/lib/android/sdk/platforms/android-36.1/data/res/values-mcc001-mnc01-th: Cannot change mode to rwxr-xr-x: Operation not permitted
build	Cache Android SDK	2026-06-06T12:22:54.4000235Z /usr/bin/tar: ../../../../../usr/local/lib/android/sdk/platforms/android-36.1/data/res/values-mcc310-mnc150-iw: Cannot utime: Operation not permitted
build	Cache Android SDK	2026-06-06T12:22:54.4000694Z /usr/bin/tar: ../../../../../usr/local/lib/android/sdk/platforms/android-36.1/data/res/values-mcc310-mnc150-iw: Cannot change mode to rwxr-xr-x: Operation not permitted
build	Cache Android SDK	2026-06-06T12:22:54.4003992Z /usr/bin/tar: ../../../../../usr/local/lib/android/sdk/platforms/android-36.1/data/res/values-mcc440-mnc20: Cannot utime: Operation not permitted
build	Cache Android SDK	2026-06-06T12:22:54.4004438Z /usr/bin/tar: ../../../../../usr/local/lib/android/sdk/platforms/android-36.1/data/res/values-mcc440-mnc20: Cannot change mode to rwxr-xr-x: Operation not permitted
build	Cache Android SDK	2026-06-06T12:22:54.4006689Z /usr/bin/tar: ../../../../../usr/local/lib/android/sdk/platforms/android-36.1/data/res/values-mcc310-mnc030-ky: Cannot utime: Operation not permitted
build	Cache Android SDK	2026-06-06T12:22:54.4007143Z /usr/bin/tar: ../../../../../usr/local/lib/android/sdk/platforms/android-36.1/data/res/values-mcc310-mnc030-ky: Cannot change mode to rwxr-xr-x: Operation not permitted
build	Cache Android SDK	2026-06-06T12:22:54.4010036Z /usr/bin/tar: ../../../../../usr/local/lib/android/sdk/platforms/android-36.1/data/res/values-mcc230: Cannot utime: Operation not permitted
build	Cache Android SDK	2026-06-06T12:22:54.4010467Z /usr/bin/tar: ../../../../../usr/local/lib/android/sdk/platforms/android-36.1/data/res/values-mcc230: Cannot change mode to rwxr-xr-x: Operation not permitted
build	Cache Android SDK	2026-06-06T12:22:54.4012957Z /usr/bin/tar: ../../../../../usr/local/lib/android/sdk/platforms/android-36.1/data/res/values-mcc310-mnc800-mk: Cannot utime: Operation not permitted
build	Cache Android SDK	2026-06-06T12:22:54.4013404Z /usr/bin/tar: ../../../../../usr/local/lib/android/sdk/platforms/android-36.1/data/res/values-mcc310-mnc800-mk: Cannot change mode to rwxr-xr-x: Operation not permitted
build	Cache Android SDK	2026-06-06T12:22:54.4018012Z /usr/bin/tar: ../../../../../usr/local/lib/android/sdk/platforms/android-36.1/data/res/values-mcc310-mnc410-th: Cannot utime: Operation not permitted
build	Cache Android SDK	2026-06-06T12:22:54.4018503Z /usr/bin/tar: ../../../../../usr/local/lib/android/sdk/platforms/android-36.1/data/res/values-mcc310-mnc410-th: Cannot change mode to rwxr-xr-x: Operation not permitted
build	Cache Android SDK	2026-06-06T12:22:54.4020689Z /usr/bin/tar: ../../../../../usr/local/lib/android/sdk/platforms/android-36.1/data/res/values-mcc310-mnc200-mr: Cannot utime: Operation not permitted
build	Cache Android SDK	2026-06-06T12:22:54.4021133Z /usr/bin/tar: ../../../../../usr/local/lib/android/sdk/platforms/android-36.1/data/res/values-mcc310-mnc200-mr: Cannot change mode to rwxr-xr-x: Operation not permitted
build	Cache Android SDK	2026-06-06T12:22:54.4486481Z /usr/bin/tar: ../../../../../usr/local/lib/android/sdk/platforms/android-36.1/data/res/drawable-hdpi: Cannot utime: Operation not permitted
build	Cache Android SDK	2026-06-06T12:22:54.4487238Z /usr/bin/tar: ../../../../../usr/local/lib/android/sdk/platforms/android-36.1/data/res/drawable-hdpi: Cannot change mode to rwxr-xr-x: Operation not permitted
build	Cache Android SDK	2026-06-06T12:22:54.4489373Z /usr/bin/tar: ../../../../../usr/local/lib/android/sdk/platforms/android-36.1/data/res/values-mcc310-mnc380-pl: Cannot utime: Operation not permitted
build	Cache Android SDK	2026-06-06T12:22:54.4489834Z /usr/bin/tar: ../../../../../usr/local/lib/android/sdk/platforms/android-36.1/data/res/values-mcc310-mnc380-pl: Cannot change mode to rwxr-xr-x: Operation not permitted
build	Cache Android SDK	2026-06-06T12:22:54.4492758Z /usr/bin/tar: ../../../../../usr/local/lib/android/sdk/platforms/android-36.1/data/res/values-mcc312-mnc670-th: Cannot utime: Operation not permitted
build	Cache Android SDK	2026-06-06T12:22:54.4493219Z /usr/bin/tar: ../../../../../usr/local/lib/android/sdk/platforms/android-36.1/data/res/values-mcc312-mnc670-th: Cannot change mode to rwxr-xr-x: Operation not permitted
build	Cache Android SDK	2026-06-06T12:22:54.4495686Z /usr/bin/tar: ../../../../../usr/local/lib/android/sdk/platforms/android-36.1/data/res/values-pa-television: Cannot utime: Operation not permitted
build	Cache Android SDK	2026-06-06T12:22:54.4496138Z /usr/bin/tar: ../../../../../usr/local/lib/android/sdk/platforms/android-36.1/data/res/values-pa-television: Cannot change mode to rwxr-xr-x: Operation not permitted
build	Cache Android SDK	2026-06-06T12:22:54.4498781Z /usr/bin/tar: ../../../../../usr/local/lib/android/sdk/platforms/android-36.1/data/res/values-mcc310-mnc030-uz: Cannot utime: Operation not permitted
build	Cache Android SDK	2026-06-06T12:22:54.4499227Z /usr/bin/tar: ../../../../../usr/local/lib/android/sdk/platforms/android-36.1/data/res/values-mcc310-mnc030-uz: Cannot change mode to rwxr-xr-x: Operation not permitted
build	Cache Android SDK	2026-06-06T12:22:54.4501922Z /usr/bin/tar: ../../../../../usr/local/lib/android/sdk/platforms/android-36.1/data/res/values-mcc716-mnc06: Cannot utime: Operation not permitted
build	Cache Android SDK	2026-06-06T12:22:54.4502362Z /usr/bin/tar: ../../../../../usr/local/lib/android/sdk/platforms/android-36.1/data/res/values-mcc716-mnc06: Cannot change mode to rwxr-xr-x: Operation not permitted
build	Cache Android SDK	2026-06-06T12:22:54.4505406Z /usr/bin/tar: ../../../../../usr/local/lib/android/sdk/platforms/android-36.1/data/res/values-es-rPE: Cannot utime: Operation not permitted
build	Cache Android SDK	2026-06-06T12:22:54.4505831Z /usr/bin/tar: ../../../../../usr/local/lib/android/sdk/platforms/android-36.1/data/res/values-es-rPE: Cannot change mode to rwxr-xr-x: Operation not permitted
build	Cache Android SDK	2026-06-06T12:22:54.4509020Z /usr/bin/tar: ../../../../../usr/local/lib/android/sdk/platforms/android-36.1/data/res/values-mcc001-mnc01-my: Cannot utime: Operation not permitted
build	Cache Android SDK	2026-06-06T12:22:54.4509463Z /usr/bin/tar: ../../../../../usr/local/lib/android/sdk/platforms/android-36.1/data/res/values-mcc001-mnc01-my: Cannot change mode to rwxr-xr-x: Operation not permitted
build	Cache Android SDK	2026-06-06T12:22:54.4513603Z /usr/bin/tar: ../../../../../usr/local/lib/android/sdk/platforms/android-36.1/data/res/values-mcc302-mnc720-si: Cannot utime: Operation not permitted
build	Cache Android SDK	2026-06-06T12:22:54.4514073Z /usr/bin/tar: ../../../../../usr/local/lib/android/sdk/platforms/android-36.1/data/res/values-mcc302-mnc720-si: Cannot change mode to rwxr-xr-x: Operation not permitted
build	Cache Android SDK	2026-06-06T12:22:54.4515071Z /usr/bin/tar: ../../../../../usr/local/lib/android/sdk/platforms/android-36.1/data/res/values-mcc310-mnc170-eu: Cannot utime: Operation not permitted
build	Cache Android SDK	2026-06-06T12:22:54.4515515Z /usr/bin/tar: ../../../../../usr/local/lib/android/sdk/platforms/android-36.1/data/res/values-mcc310-mnc170-eu: Cannot change mode to rwxr-xr-x: Operation not permitted
build	Cache Android SDK	2026-06-06T12:22:54.4520095Z /usr/bin/tar: ../../../../../usr/local/lib/android/sdk/platforms/android-36.1/data/res/values-mcc310-mnc560-vi: Cannot utime: Operation not permitted
build	Cache Android SDK	2026-06-06T12:22:54.4520542Z /usr/bin/tar: ../../../../../usr/local/lib/android/sdk/platforms/android-36.1/data/res/values-mcc310-mnc560-vi: Cannot change mode to rwxr-xr-x: Operation not permitted
build	Cache Android SDK	2026-06-06T12:22:54.4523732Z /usr/bin/tar: ../../../../../usr/local/lib/android/sdk/platforms/android-36.1/data/res/values-mcc310-mnc380-et: Cannot utime: Operation not permitted
build	Cache Android SDK	2026-06-06T12:22:54.4524248Z /usr/bin/tar: ../../../../../usr/local/lib/android/sdk/platforms/android-36.1/data/res/values-mcc310-mnc380-et: Cannot change mode to rwxr-xr-x: Operation not permitted
build	Cache Android SDK	2026-06-06T12:22:54.4528166Z /usr/bin/tar: ../../../../../usr/local/lib/android/sdk/platforms/android-36.1/data/res/values-mcc310-mnc800-lo: Cannot utime: Operation not permitted
build	Cache Android SDK	2026-06-06T12:22:54.4528613Z /usr/bin/tar: ../../../../../usr/local/lib/android/sdk/platforms/android-36.1/data/res/values-mcc310-mnc800-lo: Cannot change mode to rwxr-xr-x: Operation not permitted
build	Cache Android SDK	2026-06-06T12:22:54.4531387Z /usr/bin/tar: ../../../../../usr/local/lib/android/sdk/platforms/android-36.1/data/res/values-mcc310-mnc200-ar: Cannot utime: Operation not permitted
build	Cache Android SDK	2026-06-06T12:22:54.4531823Z /usr/bin/tar: ../../../../../usr/local/lib/android/sdk/platforms/android-36.1/data/res/values-mcc310-mnc200-ar: Cannot change mode to rwxr-xr-x: Operation not permitted
build	Cache Android SDK	2026-06-06T12:22:54.4535954Z /usr/bin/tar: ../../../../../usr/local/lib/android/sdk/platforms/android-36.1/data/res/values-mcc310-mnc490-ar: Cannot utime: Operation not permitted
build	Cache Android SDK	2026-06-06T12:22:54.4536401Z /usr/bin/tar: ../../../../../usr/local/lib/android/sdk/platforms/android-36.1/data/res/values-mcc310-mnc490-ar: Cannot change mode to rwxr-xr-x: Operation not permitted
build	Cache Android SDK	2026-06-06T12:22:54.4539457Z /usr/bin/tar: ../../../../../usr/local/lib/android/sdk/platforms/android-36.1/data/res/values-mcc310-mnc310-si: Cannot utime: Operation not permitted
build	Cache Android SDK	2026-06-06T12:22:54.4539906Z /usr/bin/tar: ../../../../../usr/local/lib/android/sdk/platforms/android-36.1/data/res/values-mcc310-mnc310-si: Cannot change mode to rwxr-xr-x: Operation not permitted
build	Cache Android SDK	2026-06-06T12:22:54.4543020Z /usr/bin/tar: ../../../../../usr/local/lib/android/sdk/platforms/android-36.1/data/res/values-mcc310-mnc410-te: Cannot utime: Operation not permitted
build	Cache Android SDK	2026-06-06T12:22:54.4543458Z /usr/bin/tar: ../../../../../usr/local/lib/android/sdk/platforms/android-36.1/data/res/values-mcc310-mnc410-te: Cannot change mode to rwxr-xr-x: Operation not permitted
build	Cache Android SDK	2026-06-06T12:22:54.4545959Z /usr/bin/tar: ../../../../../usr/local/lib/android/sdk/platforms/android-36.1/data/res/values-mcc312-mnc670-cs: Cannot utime: Operation not permitted
build	Cache Android SDK	2026-06-06T12:22:54.4546408Z /usr/bin/tar: ../../../../../usr/local/lib/android/sdk/platforms/android-36.1/data/res/values-mcc312-mnc670-cs: Cannot change mode to rwxr-xr-x: Operation not permitted
build	Cache Android SDK	2026-06-06T12:22:54.4549416Z /usr/bin/tar: ../../../../../usr/local/lib/android/sdk/platforms/android-36.1/data/res/values-mcc310-mnc410-lv: Cannot utime: Operation not permitted
build	Cache Android SDK	2026-06-06T12:22:54.4549863Z /usr/bin/tar: ../../../../../usr/local/lib/android/sdk/platforms/android-36.1/data/res/values-mcc310-mnc410-lv: Cannot change mode to rwxr-xr-x: Operation not permitted
build	Cache Android SDK	2026-06-06T12:22:54.4553002Z /usr/bin/tar: ../../../../../usr/local/lib/android/sdk/platforms/android-36.1/data/res/values-mcc310-mnc660-en-rGB: Cannot utime: Operation not permitted
build	Cache Android SDK	2026-06-06T12:22:54.4553484Z /usr/bin/tar: ../../../../../usr/local/lib/android/sdk/platforms/android-36.1/data/res/values-mcc310-mnc660-en-rGB: Cannot change mode to rwxr-xr-x: Operation not permitted
build	Cache Android SDK	2026-06-06T12:22:54.4556305Z /usr/bin/tar: ../../../../../usr/local/lib/android/sdk/platforms/android-36.1/data/res/values-mcc310-mnc230-zh-rHK: Cannot utime: Operation not permitted
build	Cache Android SDK	2026-06-06T12:22:54.4556767Z /usr/bin/tar: ../../../../../usr/local/lib/android/sdk/platforms/android-36.1/data/res/values-mcc310-mnc230-zh-rHK: Cannot change mode to rwxr-xr-x: Operation not permitted
build	Cache Android SDK	2026-06-06T12:22:54.4559562Z /usr/bin/tar: ../../../../../usr/local/lib/android/sdk/platforms/android-36.1/data/res/values-mcc310-mnc280-in: Cannot utime: Operation not permitted
build	Cache Android SDK	2026-06-06T12:22:54.4560093Z /usr/bin/tar: ../../../../../usr/local/lib/android/sdk/platforms/android-36.1/data/res/values-mcc310-mnc280-in: Cannot change mode to rwxr-xr-x: Operation not permitted
build	Cache Android SDK	2026-06-06T12:22:54.4563010Z /usr/bin/tar: ../../../../../usr/local/lib/android/sdk/platforms/android-36.1/data/res/values-mcc313-mnc100-mn: Cannot utime: Operation not permitted
build	Cache Android SDK	2026-06-06T12:22:54.4563455Z /usr/bin/tar: ../../../../../usr/local/lib/android/sdk/platforms/android-36.1/data/res/values-mcc313-mnc100-mn: Cannot change mode to rwxr-xr-x: Operation not permitted
build	Cache Android SDK	2026-06-06T12:22:54.4571209Z /usr/bin/tar: ../../../../../usr/local/lib/android/sdk/platforms/android-36.1/data/res/values-zh-rCN: Cannot utime: Operation not permitted
build	Cache Android SDK	2026-06-06T12:22:54.4571708Z /usr/bin/tar: ../../../../../usr/local/lib/android/sdk/platforms/android-36.1/data/res/values-zh-rCN: Cannot change mode to rwxr-xr-x: Operation not permitted
build	Cache Android SDK	2026-06-06T12:22:54.4574176Z /usr/bin/tar: ../../../../../usr/local/lib/android/sdk/platforms/android-36.1/data/res/values-mcc310-mnc310-nb: Cannot utime: Operation not permitted
build	Cache Android SDK	2026-06-06T12:22:54.4574688Z /usr/bin/tar: ../../../../../usr/local/lib/android/sdk/platforms/android-36.1/data/res/values-mcc310-mnc310-nb: Cannot change mode to rwxr-xr-x: Operation not permitted
build	Cache Android SDK	2026-06-06T12:22:54.4576826Z /usr/bin/tar: ../../../../../usr/local/lib/android/sdk/platforms/android-36.1/data/res/values-mcc310-mnc230-my: Cannot utime: Operation not permitted
build	Cache Android SDK	2026-06-06T12:22:54.4577294Z /usr/bin/tar: ../../../../../usr/local/lib/android/sdk/platforms/android-36.1/data/res/values-mcc310-mnc230-my: Cannot change mode to rwxr-xr-x: Operation not permitted
build	Cache Android SDK	2026-06-06T12:22:54.4580121Z /usr/bin/tar: ../../../../../usr/local/lib/android/sdk/platforms/android-36.1/data/res/values-mcc302-mnc720-bs: Cannot utime: Operation not permitted
build	Cache Android SDK	2026-06-06T12:22:54.4580580Z /usr/bin/tar: ../../../../../usr/local/lib/android/sdk/platforms/android-36.1/data/res/values-mcc302-mnc720-bs: Cannot change mode to rwxr-xr-x: Operation not permitted
build	Cache Android SDK	2026-06-06T12:22:54.4583815Z /usr/bin/tar: ../../../../../usr/local/lib/android/sdk/platforms/android-36.1/data/res/values-fi-watch: Cannot utime: Operation not permitted
build	Cache Android SDK	2026-06-06T12:22:54.4584255Z /usr/bin/tar: ../../../../../usr/local/lib/android/sdk/platforms/android-36.1/data/res/values-fi-watch: Cannot change mode to rwxr-xr-x: Operation not permitted
build	Cache Android SDK	2026-06-06T12:22:54.4587291Z /usr/bin/tar: ../../../../../usr/local/lib/android/sdk/platforms/android-36.1/data/res/values-mcc310-mnc270-mr: Cannot utime: Operation not permitted
build	Cache Android SDK	2026-06-06T12:22:54.4587844Z /usr/bin/tar: ../../../../../usr/local/lib/android/sdk/platforms/android-36.1/data/res/values-mcc310-mnc270-mr: Cannot change mode to rwxr-xr-x: Operation not permitted
build	Cache Android SDK	2026-06-06T12:22:54.4590725Z /usr/bin/tar: ../../../../../usr/local/lib/android/sdk/platforms/android-36.1/data/res/values-mcc310-mnc280-lv: Cannot utime: Operation not permitted
build	Cache Android SDK	2026-06-06T12:22:54.4591182Z /usr/bin/tar: ../../../../../usr/local/lib/android/sdk/platforms/android-36.1/data/res/values-mcc310-mnc280-lv: Cannot change mode to rwxr-xr-x: Operation not permitted
build	Cache Android SDK	2026-06-06T12:22:54.4593943Z /usr/bin/tar: ../../../../../usr/local/lib/android/sdk/platforms/android-36.1/data/res/values-mcc310-mnc270-az: Cannot utime: Operation not permitted
build	Cache Android SDK	2026-06-06T12:22:54.4594404Z /usr/bin/tar: ../../../../../usr/local/lib/android/sdk/platforms/android-36.1/data/res/values-mcc310-mnc270-az: Cannot change mode to rwxr-xr-x: Operation not permitted
build	Cache Android SDK	2026-06-06T12:22:54.4597261Z /usr/bin/tar: ../../../../../usr/local/lib/android/sdk/platforms/android-36.1/data/res/values-mcc310-mnc560-ne: Cannot utime: Operation not permitted
build	Cache Android SDK	2026-06-06T12:22:54.4597789Z /usr/bin/tar: ../../../../../usr/local/lib/android/sdk/platforms/android-36.1/data/res/values-mcc310-mnc560-ne: Cannot change mode to rwxr-xr-x: Operation not permitted
build	Cache Android SDK	2026-06-06T12:22:54.4600432Z /usr/bin/tar: ../../../../../usr/local/lib/android/sdk/platforms/android-36.1/data/res/values-mcc312-mnc670-ur: Cannot utime: Operation not permitted
build	Cache Android SDK	2026-06-06T12:22:54.4600957Z /usr/bin/tar: ../../../../../usr/local/lib/android/sdk/platforms/android-36.1/data/res/values-mcc312-mnc670-ur: Cannot change mode to rwxr-xr-x: Operation not permitted
build	Cache Android SDK	2026-06-06T12:22:54.4603814Z /usr/bin/tar: ../../../../../usr/local/lib/android/sdk/platforms/android-36.1/data/res/values-mcc310-mnc380-te: Cannot utime: Operation not permitted
build	Cache Android SDK	2026-06-06T12:22:54.4604271Z /usr/bin/tar: ../../../../../usr/local/lib/android/sdk/platforms/android-36.1/data/res/values-mcc310-mnc380-te: Cannot change mode to rwxr-xr-x: Operation not permitted
build	Cache Android SDK	2026-06-06T12:22:54.4607247Z /usr/bin/tar: ../../../../../usr/local/lib/android/sdk/platforms/android-36.1/data/res/values-mcc310-mnc270-ur: Cannot utime: Operation not permitted
build	Cache Android SDK	2026-06-06T12:22:54.4607943Z /usr/bin/tar: ../../../../../usr/local/lib/android/sdk/platforms/android-36.1/data/res/values-mcc310-mnc270-ur: Cannot change mode to rwxr-xr-x: Operation not permitted
build	Cache Android SDK	2026-06-06T12:22:54.4610708Z /usr/bin/tar: ../../../../../usr/local/lib/android/sdk/platforms/android-36.1/data/res/values-mcc310-mnc800-ru: Cannot utime: Operation not permitted
build	Cache Android SDK	2026-06-06T12:22:54.4611161Z /usr/bin/tar: ../../../../../usr/local/lib/android/sdk/platforms/android-36.1/data/res/values-mcc310-mnc800-ru: Cannot change mode to rwxr-xr-x: Operation not permitted
build	Cache Android SDK	2026-06-06T12:22:54.4613890Z /usr/bin/tar: ../../../../../usr/local/lib/android/sdk/platforms/android-36.1/data/res/values-mcc310-mnc560-zh-rHK: Cannot utime: Operation not permitted
build	Cache Android SDK	2026-06-06T12:22:54.4614364Z /usr/bin/tar: ../../../../../usr/local/lib/android/sdk/platforms/android-36.1/data/res/values-mcc310-mnc560-zh-rHK: Cannot change mode to rwxr-xr-x: Operation not permitted
build	Cache Android SDK	2026-06-06T12:22:54.4617079Z /usr/bin/tar: ../../../../../usr/local/lib/android/sdk/platforms/android-36.1/data/res/values-mcc001-mnc01-ro: Cannot utime: Operation not permitted
build	Cache Android SDK	2026-06-06T12:22:54.4617622Z /usr/bin/tar: ../../../../../usr/local/lib/android/sdk/platforms/android-36.1/data/res/values-mcc001-mnc01-ro: Cannot change mode to rwxr-xr-x: Operation not permitted
build	Cache Android SDK	2026-06-06T12:22:54.4620004Z /usr/bin/tar: ../../../../../usr/local/lib/android/sdk/platforms/android-36.1/data/res/values-mcc310-mnc150-ko: Cannot utime: Operation not permitted
build	Cache Android SDK	2026-06-06T12:22:54.4620455Z /usr/bin/tar: ../../../../../usr/local/lib/android/sdk/platforms/android-36.1/data/res/values-mcc310-mnc150-ko: Cannot change mode to rwxr-xr-x: Operation not permitted
build	Cache Android SDK	2026-06-06T12:22:54.4623215Z /usr/bin/tar: ../../../../../usr/local/lib/android/sdk/platforms/android-36.1/data/res/values-mcc310-mnc150-sr: Cannot utime: Operation not permitted
build	Cache Android SDK	2026-06-06T12:22:54.4623658Z /usr/bin/tar: ../../../../../usr/local/lib/android/sdk/platforms/android-36.1/data/res/values-mcc310-mnc150-sr: Cannot change mode to rwxr-xr-x: Operation not permitted
build	Cache Android SDK	2026-06-06T12:22:54.4626099Z /usr/bin/tar: ../../../../../usr/local/lib/android/sdk/platforms/android-36.1/data/res/values-mcc704-mnc03: Cannot utime: Operation not permitted
build	Cache Android SDK	2026-06-06T12:22:54.4626541Z /usr/bin/tar: ../../../../../usr/local/lib/android/sdk/platforms/android-36.1/data/res/values-mcc704-mnc03: Cannot change mode to rwxr-xr-x: Operation not permitted
build	Cache Android SDK	2026-06-06T12:22:54.4630108Z /usr/bin/tar: ../../../../../usr/local/lib/android/sdk/platforms/android-36.1/data/res/values-mcc310-mnc220-it: Cannot utime: Operation not permitted
build	Cache Android SDK	2026-06-06T12:22:54.4630639Z /usr/bin/tar: ../../../../../usr/local/lib/android/sdk/platforms/android-36.1/data/res/values-mcc310-mnc220-it: Cannot change mode to rwxr-xr-x: Operation not permitted
build	Cache Android SDK	2026-06-06T12:22:54.4632946Z /usr/bin/tar: ../../../../../usr/local/lib/android/sdk/platforms/android-36.1/data/res/values-mcc310-mnc230-ka: Cannot utime: Operation not permitted
build	Cache Android SDK	2026-06-06T12:22:54.4633391Z /usr/bin/tar: ../../../../../usr/local/lib/android/sdk/platforms/android-36.1/data/res/values-mcc310-mnc230-ka: Cannot change mode to rwxr-xr-x: Operation not permitted
build	Cache Android SDK	2026-06-06T12:22:54.4635923Z /usr/bin/tar: ../../../../../usr/local/lib/android/sdk/platforms/android-36.1/data/res/values-bn-watch: Cannot utime: Operation not permitted
build	Cache Android SDK	2026-06-06T12:22:54.4636479Z /usr/bin/tar: ../../../../../usr/local/lib/android/sdk/platforms/android-36.1/data/res/values-bn-watch: Cannot change mode to rwxr-xr-x: Operation not permitted
build	Cache Android SDK	2026-06-06T12:22:54.4639504Z /usr/bin/tar: ../../../../../usr/local/lib/android/sdk/platforms/android-36.1/data/res/values-mcc302-mnc370-pt-rBR: Cannot utime: Operation not permitted
build	Cache Android SDK	2026-06-06T12:22:54.4639992Z /usr/bin/tar: ../../../../../usr/local/lib/android/sdk/platforms/android-36.1/data/res/values-mcc302-mnc370-pt-rBR: Cannot change mode to rwxr-xr-x: Operation not permitted
build	Cache Android SDK	2026-06-06T12:22:54.4643774Z /usr/bin/tar: ../../../../../usr/local/lib/android/sdk/platforms/android-36.1/data/res/mipmap-xxhdpi: Cannot utime: Operation not permitted
build	Cache Android SDK	2026-06-06T12:22:54.4645749Z /usr/bin/tar: ../../../../../usr/local/lib/android/sdk/platforms/android-36.1/data/res/mipmap-xxhdpi: Cannot change mode to rwxr-xr-x: Operation not permitted
build	Cache Android SDK	2026-06-06T12:22:54.4649055Z /usr/bin/tar: ../../../../../usr/local/lib/android/sdk/platforms/android-36.1/data/res/values-mcc311-mnc180-ja: Cannot utime: Operation not permitted
build	Cache Android SDK	2026-06-06T12:22:54.4649543Z /usr/bin/tar: ../../../../../usr/local/lib/android/sdk/platforms/android-36.1/data/res/values-mcc311-mnc180-ja: Cannot change mode to rwxr-xr-x: Operation not permitted
build	Cache Android SDK	2026-06-06T12:22:54.4651982Z /usr/bin/tar: ../../../../../usr/local/lib/android/sdk/platforms/android-36.1/data/res/values-sl-watch: Cannot utime: Operation not permitted
build	Cache Android SDK	2026-06-06T12:22:54.4652471Z /usr/bin/tar: ../../../../../usr/local/lib/android/sdk/platforms/android-36.1/data/res/values-sl-watch: Cannot change mode to rwxr-xr-x: Operation not permitted
build	Cache Android SDK	2026-06-06T12:22:54.4655153Z /usr/bin/tar: ../../../../../usr/local/lib/android/sdk/platforms/android-36.1/data/res/values-mcc310-mnc270-th: Cannot utime: Operation not permitted
build	Cache Android SDK	2026-06-06T12:22:54.4655673Z /usr/bin/tar: ../../../../../usr/local/lib/android/sdk/platforms/android-36.1/data/res/values-mcc310-mnc270-th: Cannot change mode to rwxr-xr-x: Operation not permitted
build	Cache Android SDK	2026-06-06T12:22:54.4657977Z /usr/bin/tar: ../../../../../usr/local/lib/android/sdk/platforms/android-36.1/data/res/values-mcc310-mnc660-zh-rHK: Cannot utime: Operation not permitted
build	Cache Android SDK	2026-06-06T12:22:54.4658477Z /usr/bin/tar: ../../../../../usr/local/lib/android/sdk/platforms/android-36.1/data/res/values-mcc310-mnc660-zh-rHK: Cannot change mode to rwxr-xr-x: Operation not permitted
build	Cache Android SDK	2026-06-06T12:22:54.4661061Z /usr/bin/tar: ../../../../../usr/local/lib/android/sdk/platforms/android-36.1/data/res/values-mcc334-mnc020-be: Cannot utime: Operation not permitted
build	Cache Android SDK	2026-06-06T12:22:54.4661624Z /usr/bin/tar: ../../../../../usr/local/lib/android/sdk/platforms/android-36.1/data/res/values-mcc334-mnc020-be: Cannot change mode to rwxr-xr-x: Operation not permitted
build	Cache Android SDK	2026-06-06T12:22:54.4663921Z /usr/bin/tar: ../../../../../usr/local/lib/android/sdk/platforms/android-36.1/data/res/values-mcc310-mnc270-fi: Cannot utime: Operation not permitted
build	Cache Android SDK	2026-06-06T12:22:54.4664473Z /usr/bin/tar: ../../../../../usr/local/lib/android/sdk/platforms/android-36.1/data/res/values-mcc310-mnc270-fi: Cannot change mode to rwxr-xr-x: Operation not permitted
build	Cache Android SDK	2026-06-06T12:22:54.4667103Z /usr/bin/tar: ../../../../../usr/local/lib/android/sdk/platforms/android-36.1/data/res/values-mcc334: Cannot utime: Operation not permitted
build	Cache Android SDK	2026-06-06T12:22:54.4667856Z /usr/bin/tar: ../../../../../usr/local/lib/android/sdk/platforms/android-36.1/data/res/values-mcc334: Cannot change mode to rwxr-xr-x: Operation not permitted
build	Cache Android SDK	2026-06-06T12:22:54.4669913Z /usr/bin/tar: ../../../../../usr/local/lib/android/sdk/platforms/android-36.1/data/res/values-mcc310-mnc800-az: Cannot utime: Operation not permitted
build	Cache Android SDK	2026-06-06T12:22:54.4670387Z /usr/bin/tar: ../../../../../usr/local/lib/android/sdk/platforms/android-36.1/data/res/values-mcc310-mnc800-az: Cannot change mode to rwxr-xr-x: Operation not permitted
build	Cache Android SDK	2026-06-06T12:22:54.4672894Z /usr/bin/tar: ../../../../../usr/local/lib/android/sdk/platforms/android-36.1/data/res/values-mcc310-mnc280-es: Cannot utime: Operation not permitted
build	Cache Android SDK	2026-06-06T12:22:54.4673459Z /usr/bin/tar: ../../../../../usr/local/lib/android/sdk/platforms/android-36.1/data/res/values-mcc310-mnc280-es: Cannot change mode to rwxr-xr-x: Operation not permitted
build	Cache Android SDK	2026-06-06T12:22:54.4675716Z /usr/bin/tar: ../../../../../usr/local/lib/android/sdk/platforms/android-36.1/data/res/values-mcc310-mnc200-hu: Cannot utime: Operation not permitted
build	Cache Android SDK	2026-06-06T12:22:54.4676188Z /usr/bin/tar: ../../../../../usr/local/lib/android/sdk/platforms/android-36.1/data/res/values-mcc310-mnc200-hu: Cannot change mode to rwxr-xr-x: Operation not permitted
build	Cache Android SDK	2026-06-06T12:22:54.4678978Z /usr/bin/tar: ../../../../../usr/local/lib/android/sdk/platforms/android-36.1/data/res/values-ur-television: Cannot utime: Operation not permitted
build	Cache Android SDK	2026-06-06T12:22:54.4679479Z /usr/bin/tar: ../../../../../usr/local/lib/android/sdk/platforms/android-36.1/data/res/values-ur-television: Cannot change mode to rwxr-xr-x: Operation not permitted
build	Cache Android SDK	2026-06-06T12:22:54.4681822Z /usr/bin/tar: ../../../../../usr/local/lib/android/sdk/platforms/android-36.1/data/res/values-mcc001-mnc01-sv: Cannot utime: Operation not permitted
build	Cache Android SDK	2026-06-06T12:22:54.4682458Z /usr/bin/tar: ../../../../../usr/local/lib/android/sdk/platforms/android-36.1/data/res/values-mcc001-mnc01-sv: Cannot change mode to rwxr-xr-x: Operation not permitted
build	Cache Android SDK	2026-06-06T12:22:54.4684735Z /usr/bin/tar: ../../../../../usr/local/lib/android/sdk/platforms/android-36.1/data/res/values-mcc302-mnc370-kn: Cannot utime: Operation not permitted
build	Cache Android SDK	2026-06-06T12:22:54.4685216Z /usr/bin/tar: ../../../../../usr/local/lib/android/sdk/platforms/android-36.1/data/res/values-mcc302-mnc370-kn: Cannot change mode to rwxr-xr-x: Operation not permitted
build	Cache Android SDK	2026-06-06T12:22:54.4688258Z /usr/bin/tar: ../../../../../usr/local/lib/android/sdk/platforms/android-36.1/data/res/values-en-rCA-watch: Cannot utime: Operation not permitted
build	Cache Android SDK	2026-06-06T12:22:54.4688747Z /usr/bin/tar: ../../../../../usr/local/lib/android/sdk/platforms/android-36.1/data/res/values-en-rCA-watch: Cannot change mode to rwxr-xr-x: Operation not permitted
build	Cache Android SDK	2026-06-06T12:22:54.4691170Z /usr/bin/tar: ../../../../../usr/local/lib/android/sdk/platforms/android-36.1/data/res/values-mcc310-mnc250-fi: Cannot utime: Operation not permitted
build	Cache Android SDK	2026-06-06T12:22:54.4691718Z /usr/bin/tar: ../../../../../usr/local/lib/android/sdk/platforms/android-36.1/data/res/values-mcc310-mnc250-fi: Cannot change mode to rwxr-xr-x: Operation not permitted
build	Cache Android SDK	2026-06-06T12:22:54.4694358Z /usr/bin/tar: ../../../../../usr/local/lib/android/sdk/platforms/android-36.1/data/res/values-mcc001-mnc01-tl: Cannot utime: Operation not permitted
build	Cache Android SDK	2026-06-06T12:22:54.4694866Z /usr/bin/tar: ../../../../../usr/local/lib/android/sdk/platforms/android-36.1/data/res/values-mcc001-mnc01-tl: Cannot change mode to rwxr-xr-x: Operation not permitted
build	Cache Android SDK	2026-06-06T12:22:54.4696948Z /usr/bin/tar: ../../../../../usr/local/lib/android/sdk/platforms/android-36.1/data/res/values-it-rCH: Cannot utime: Operation not permitted
build	Cache Android SDK	2026-06-06T12:22:54.4697584Z /usr/bin/tar: ../../../../../usr/local/lib/android/sdk/platforms/android-36.1/data/res/values-it-rCH: Cannot change mode to rwxr-xr-x: Operation not permitted
build	Cache Android SDK	2026-06-06T12:22:54.4699968Z /usr/bin/tar: ../../../../../usr/local/lib/android/sdk/platforms/android-36.1/data/res/values-mcc310-mnc950-kn: Cannot utime: Operation not permitted
build	Cache Android SDK	2026-06-06T12:22:54.4700476Z /usr/bin/tar: ../../../../../usr/local/lib/android/sdk/platforms/android-36.1/data/res/values-mcc310-mnc950-kn: Cannot change mode to rwxr-xr-x: Operation not permitted
build	Cache Android SDK	2026-06-06T12:22:54.4703001Z /usr/bin/tar: ../../../../../usr/local/lib/android/sdk/platforms/android-36.1/data/res/values-mcc302-mnc720-ja: Cannot utime: Operation not permitted
build	Cache Android SDK	2026-06-06T12:22:54.4703481Z /usr/bin/tar: ../../../../../usr/local/lib/android/sdk/platforms/android-36.1/data/res/values-mcc302-mnc720-ja: Cannot change mode to rwxr-xr-x: Operation not permitted
build	Cache Android SDK	2026-06-06T12:22:54.4705833Z /usr/bin/tar: ../../../../../usr/local/lib/android/sdk/platforms/android-36.1/data/res/values-mcc302-mnc720-ca: Cannot utime: Operation not permitted
build	Cache Android SDK	2026-06-06T12:22:54.4706482Z /usr/bin/tar: ../../../../../usr/local/lib/android/sdk/platforms/android-36.1/data/res/values-mcc302-mnc720-ca: Cannot change mode to rwxr-xr-x: Operation not permitted
build	Cache Android SDK	2026-06-06T12:22:54.4708696Z /usr/bin/tar: ../../../../../usr/local/lib/android/sdk/platforms/android-36.1/data/res/values-de-rCH: Cannot utime: Operation not permitted
build	Cache Android SDK	2026-06-06T12:22:54.4709193Z /usr/bin/tar: ../../../../../usr/local/lib/android/sdk/platforms/android-36.1/data/res/values-de-rCH: Cannot change mode to rwxr-xr-x: Operation not permitted
build	Cache Android SDK	2026-06-06T12:22:54.4711628Z /usr/bin/tar: ../../../../../usr/local/lib/android/sdk/platforms/android-36.1/data/res/values-mcc310-mnc210-kn: Cannot utime: Operation not permitted
build	Cache Android SDK	2026-06-06T12:22:54.4712119Z /usr/bin/tar: ../../../../../usr/local/lib/android/sdk/platforms/android-36.1/data/res/values-mcc310-mnc210-kn: Cannot change mode to rwxr-xr-x: Operation not permitted
build	Cache Android SDK	2026-06-06T12:22:54.4715708Z /usr/bin/tar: ../../../../../usr/local/lib/android/sdk/platforms/android-36.1/data/res/values-mcc310-mnc250-ar: Cannot utime: Operation not permitted
build	Cache Android SDK	2026-06-06T12:22:54.4716285Z /usr/bin/tar: ../../../../../usr/local/lib/android/sdk/platforms/android-36.1/data/res/values-mcc310-mnc250-ar: Cannot change mode to rwxr-xr-x: Operation not permitted
build	Cache Android SDK	2026-06-06T12:22:54.4718579Z /usr/bin/tar: ../../../../../usr/local/lib/android/sdk/platforms/android-36.1/data/res/values-mcc310-mnc030-kn: Cannot utime: Operation not permitted
build	Cache Android SDK	2026-06-06T12:22:54.4719059Z /usr/bin/tar: ../../../../../usr/local/lib/android/sdk/platforms/android-36.1/data/res/values-mcc310-mnc030-kn: Cannot change mode to rwxr-xr-x: Operation not permitted
build	Cache Android SDK	2026-06-06T12:22:54.4721934Z /usr/bin/tar: ../../../../../usr/local/lib/android/sdk/platforms/android-36.1/data/res/values-w210dp-round-watch: Cannot utime: Operation not permitted
build	Cache Android SDK	2026-06-06T12:22:54.4722461Z /usr/bin/tar: ../../../../../usr/local/lib/android/sdk/platforms/android-36.1/data/res/values-w210dp-round-watch: Cannot change mode to rwxr-xr-x: Operation not permitted
build	Cache Android SDK	2026-06-06T12:22:54.4724702Z /usr/bin/tar: ../../../../../usr/local/lib/android/sdk/platforms/android-36.1/data/res/values-mcc310-mnc200-ka: Cannot utime: Operation not permitted
build	Cache Android SDK	2026-06-06T12:22:54.4725239Z /usr/bin/tar: ../../../../../usr/local/lib/android/sdk/platforms/android-36.1/data/res/values-mcc310-mnc200-ka: Cannot change mode to rwxr-xr-x: Operation not permitted
build	Cache Android SDK	2026-06-06T12:22:54.4727780Z /usr/bin/tar: ../../../../../usr/local/lib/android/sdk/platforms/android-36.1/data/res/values-mcc310-mnc380-pa: Cannot utime: Operation not permitted
build	Cache Android SDK	2026-06-06T12:22:54.4728272Z /usr/bin/tar: ../../../../../usr/local/lib/android/sdk/platforms/android-36.1/data/res/values-mcc310-mnc380-pa: Cannot change mode to rwxr-xr-x: Operation not permitted
build	Cache Android SDK	2026-06-06T12:22:54.4730975Z /usr/bin/tar: ../../../../../usr/local/lib/android/sdk/platforms/android-36.1/data/res/values-mcc302-mnc720-sr: Cannot utime: Operation not permitted
build	Cache Android SDK	2026-06-06T12:22:54.4731453Z /usr/bin/tar: ../../../../../usr/local/lib/android/sdk/platforms/android-36.1/data/res/values-mcc302-mnc720-sr: Cannot change mode to rwxr-xr-x: Operation not permitted
build	Cache Android SDK	2026-06-06T12:22:54.4733798Z /usr/bin/tar: ../../../../../usr/local/lib/android/sdk/platforms/android-36.1/data/res/values-mcc310-mnc800-ka: Cannot utime: Operation not permitted
build	Cache Android SDK	2026-06-06T12:22:54.4734256Z /usr/bin/tar: ../../../../../usr/local/lib/android/sdk/platforms/android-36.1/data/res/values-mcc310-mnc800-ka: Cannot change mode to rwxr-xr-x: Operation not permitted
build	Cache Android SDK	2026-06-06T12:22:54.4737279Z /usr/bin/tar: ../../../../../usr/local/lib/android/sdk/platforms/android-36.1/data/res/values-mcc310-mnc660-nl: Cannot utime: Operation not permitted
build	Cache Android SDK	2026-06-06T12:22:54.4738230Z /usr/bin/tar: ../../../../../usr/local/lib/android/sdk/platforms/android-36.1/data/res/values-mcc310-mnc660-nl: Cannot change mode to rwxr-xr-x: Operation not permitted
build	Cache Android SDK	2026-06-06T12:22:54.4739531Z /usr/bin/tar: ../../../../../usr/local/lib/android/sdk/platforms/android-36.1/data/res/values-mcc310-mnc030-zh-rHK: Cannot utime: Operation not permitted
build	Cache Android SDK	2026-06-06T12:22:54.4740106Z /usr/bin/tar: ../../../../../usr/local/lib/android/sdk/platforms/android-36.1/data/res/values-mcc310-mnc030-zh-rHK: Cannot change mode to rwxr-xr-x: Operation not permitted
build	Cache Android SDK	2026-06-06T12:22:54.4742674Z /usr/bin/tar: ../../../../../usr/local/lib/android/sdk/platforms/android-36.1/data/res/values-mcc302-mnc370-sv: Cannot utime: Operation not permitted
build	Cache Android SDK	2026-06-06T12:22:54.4743147Z /usr/bin/tar: ../../../../../usr/local/lib/android/sdk/platforms/android-36.1/data/res/values-mcc302-mnc370-sv: Cannot change mode to rwxr-xr-x: Operation not permitted
build	Cache Android SDK	2026-06-06T12:22:54.4745682Z /usr/bin/tar: ../../../../../usr/local/lib/android/sdk/platforms/android-36.1/data/res/values-mcc310-mnc170-fa: Cannot utime: Operation not permitted
build	Cache Android SDK	2026-06-06T12:22:54.4746142Z /usr/bin/tar: ../../../../../usr/local/lib/android/sdk/platforms/android-36.1/data/res/values-mcc310-mnc170-fa: Cannot change mode to rwxr-xr-x: Operation not permitted
build	Cache Android SDK	2026-06-06T12:22:54.4748844Z /usr/bin/tar: ../../../../../usr/local/lib/android/sdk/platforms/android-36.1/data/res/values-port: Cannot utime: Operation not permitted
build	Cache Android SDK	2026-06-06T12:22:54.4749398Z /usr/bin/tar: ../../../../../usr/local/lib/android/sdk/platforms/android-36.1/data/res/values-port: Cannot change mode to rwxr-xr-x: Operation not permitted
build	Cache Android SDK	2026-06-06T12:22:54.4753960Z /usr/bin/tar: ../../../../../usr/local/lib/android/sdk/platforms/android-36.1/data/res/drawable-en-hdpi: Cannot utime: Operation not permitted
build	Cache Android SDK	2026-06-06T12:22:54.4754415Z /usr/bin/tar: ../../../../../usr/local/lib/android/sdk/platforms/android-36.1/data/res/drawable-en-hdpi: Cannot change mode to rwxr-xr-x: Operation not permitted
build	Cache Android SDK	2026-06-06T12:22:54.4756675Z /usr/bin/tar: ../../../../../usr/local/lib/android/sdk/platforms/android-36.1/data/res/values-mcc310-mnc230-mn: Cannot utime: Operation not permitted
build	Cache Android SDK	2026-06-06T12:22:54.4757130Z /usr/bin/tar: ../../../../../usr/local/lib/android/sdk/platforms/android-36.1/data/res/values-mcc310-mnc230-mn: Cannot change mode to rwxr-xr-x: Operation not permitted
build	Cache Android SDK	2026-06-06T12:22:54.4763304Z /usr/bin/tar: ../../../../../usr/local/lib/android/sdk/platforms/android-36.1/data/res/values-es: Cannot utime: Operation not permitted
build	Cache Android SDK	2026-06-06T12:22:54.4763876Z /usr/bin/tar: ../../../../../usr/local/lib/android/sdk/platforms/android-36.1/data/res/values-es: Cannot change mode to rwxr-xr-x: Operation not permitted
build	Cache Android SDK	2026-06-06T12:22:54.4765948Z /usr/bin/tar: ../../../../../usr/local/lib/android/sdk/platforms/android-36.1/data/res/values-mcc310-mnc800-km: Cannot utime: Operation not permitted
build	Cache Android SDK	2026-06-06T12:22:54.4766410Z /usr/bin/tar: ../../../../../usr/local/lib/android/sdk/platforms/android-36.1/data/res/values-mcc310-mnc800-km: Cannot change mode to rwxr-xr-x: Operation not permitted
build	Cache Android SDK	2026-06-06T12:22:54.4769008Z /usr/bin/tar: ../../../../../usr/local/lib/android/sdk/platforms/android-36.1/data/res/values-mcc334-mnc020-en-rAU: Cannot utime: Operation not permitted
build	Cache Android SDK	2026-06-06T12:22:54.4769489Z /usr/bin/tar: ../../../../../usr/local/lib/android/sdk/platforms/android-36.1/data/res/values-mcc334-mnc020-en-rAU: Cannot change mode to rwxr-xr-x: Operation not permitted
build	Cache Android SDK	2026-06-06T12:22:54.4771945Z /usr/bin/tar: ../../../../../usr/local/lib/android/sdk/platforms/android-36.1/data/res/values-mcc310-mnc170-tl: Cannot utime: Operation not permitted
build	Cache Android SDK	2026-06-06T12:22:54.4772398Z /usr/bin/tar: ../../../../../usr/local/lib/android/sdk/platforms/android-36.1/data/res/values-mcc310-mnc170-tl: Cannot change mode to rwxr-xr-x: Operation not permitted
build	Cache Android SDK	2026-06-06T12:22:54.4774955Z /usr/bin/tar: ../../../../../usr/local/lib/android/sdk/platforms/android-36.1/data/res/values-mcc311-mnc180-lt: Cannot utime: Operation not permitted
build	Cache Android SDK	2026-06-06T12:22:54.4775412Z /usr/bin/tar: ../../../../../usr/local/lib/android/sdk/platforms/android-36.1/data/res/values-mcc311-mnc180-lt: Cannot change mode to rwxr-xr-x: Operation not permitted
build	Cache Android SDK	2026-06-06T12:22:54.4779873Z /usr/bin/tar: ../../../../../usr/local/lib/android/sdk/platforms/android-36.1/data/res/values-en-rIN-television: Cannot utime: Operation not permitted
build	Cache Android SDK	2026-06-06T12:22:54.4780429Z /usr/bin/tar: ../../../../../usr/local/lib/android/sdk/platforms/android-36.1/data/res/values-en-rIN-television: Cannot change mode to rwxr-xr-x: Operation not permitted
build	Cache Android SDK	2026-06-06T12:22:54.4783288Z /usr/bin/tar: ../../../../../usr/local/lib/android/sdk/platforms/android-36.1/data/res/values-mcc310-mnc270-nl: Cannot utime: Operation not permitted
build	Cache Android SDK	2026-06-06T12:22:54.4783750Z /usr/bin/tar: ../../../../../usr/local/lib/android/sdk/platforms/android-36.1/data/res/values-mcc310-mnc270-nl: Cannot change mode to rwxr-xr-x: Operation not permitted
build	Cache Android SDK	2026-06-06T12:22:54.4786379Z /usr/bin/tar: ../../../../../usr/local/lib/android/sdk/platforms/android-36.1/data/res/values-mcc334-mnc020-hu: Cannot utime: Operation not permitted
build	Cache Android SDK	2026-06-06T12:22:54.4786836Z /usr/bin/tar: ../../../../../usr/local/lib/android/sdk/platforms/android-36.1/data/res/values-mcc334-mnc020-hu: Cannot change mode to rwxr-xr-x: Operation not permitted
build	Cache Android SDK	2026-06-06T12:22:54.4789385Z /usr/bin/tar: ../../../../../usr/local/lib/android/sdk/platforms/android-36.1/data/res/values-mcc310-mnc220-gl: Cannot utime: Operation not permitted
build	Cache Android SDK	2026-06-06T12:22:54.4790020Z /usr/bin/tar: ../../../../../usr/local/lib/android/sdk/platforms/android-36.1/data/res/values-mcc310-mnc220-gl: Cannot change mode to rwxr-xr-x: Operation not permitted
build	Cache Android SDK	2026-06-06T12:22:54.4792694Z /usr/bin/tar: ../../../../../usr/local/lib/android/sdk/platforms/android-36.1/data/res/values-mcc310-mnc220-zh-rHK: Cannot utime: Operation not permitted
build	Cache Android SDK	2026-06-06T12:22:54.4793182Z /usr/bin/tar: ../../../../../usr/local/lib/android/sdk/platforms/android-36.1/data/res/values-mcc310-mnc220-zh-rHK: Cannot change mode to rwxr-xr-x: Operation not permitted
build	Cache Android SDK	2026-06-06T12:22:54.4795290Z /usr/bin/tar: ../../../../../usr/local/lib/android/sdk/platforms/android-36.1/data/res/values-sw720dp-w1280dp: Cannot utime: Operation not permitted
build	Cache Android SDK	2026-06-06T12:22:54.4795751Z /usr/bin/tar: ../../../../../usr/local/lib/android/sdk/platforms/android-36.1/data/res/values-sw720dp-w1280dp: Cannot change mode to rwxr-xr-x: Operation not permitted
build	Cache Android SDK	2026-06-06T12:22:54.4799155Z /usr/bin/tar: ../../../../../usr/local/lib/android/sdk/platforms/android-36.1/data/res/values-mcc310-mnc030-pt-rPT: Cannot utime: Operation not permitted
build	Cache Android SDK	2026-06-06T12:22:54.4799659Z /usr/bin/tar: ../../../../../usr/local/lib/android/sdk/platforms/android-36.1/data/res/values-mcc310-mnc030-pt-rPT: Cannot change mode to rwxr-xr-x: Operation not permitted
build	Cache Android SDK	2026-06-06T12:22:54.4802313Z /usr/bin/tar: ../../../../../usr/local/lib/android/sdk/platforms/android-36.1/data/res/values-mcc313-mnc100-ca: Cannot utime: Operation not permitted
build	Cache Android SDK	2026-06-06T12:22:54.4802784Z /usr/bin/tar: ../../../../../usr/local/lib/android/sdk/platforms/android-36.1/data/res/values-mcc313-mnc100-ca: Cannot change mode to rwxr-xr-x: Operation not permitted
build	Cache Android SDK	2026-06-06T12:22:54.4805317Z /usr/bin/tar: ../../../../../usr/local/lib/android/sdk/platforms/android-36.1/data/res/values-mcc310-mnc660-de: Cannot utime: Operation not permitted
build	Cache Android SDK	2026-06-06T12:22:54.4805804Z /usr/bin/tar: ../../../../../usr/local/lib/android/sdk/platforms/android-36.1/data/res/values-mcc310-mnc660-de: Cannot change mode to rwxr-xr-x: Operation not permitted
build	Cache Android SDK	2026-06-06T12:22:54.4808426Z /usr/bin/tar: ../../../../../usr/local/lib/android/sdk/platforms/android-36.1/data/res/values-mcc310-mnc160-fr-rCA: Cannot utime: Operation not permitted
build	Cache Android SDK	2026-06-06T12:22:54.4809033Z /usr/bin/tar: ../../../../../usr/local/lib/android/sdk/platforms/android-36.1/data/res/values-mcc310-mnc160-fr-rCA: Cannot change mode to rwxr-xr-x: Operation not permitted
build	Cache Android SDK	2026-06-06T12:22:54.4812254Z /usr/bin/tar: ../../../../../usr/local/lib/android/sdk/platforms/android-36.1/data/res/values-mcc312-mnc670-or: Cannot utime: Operation not permitted
build	Cache Android SDK	2026-06-06T12:22:54.4812733Z /usr/bin/tar: ../../../../../usr/local/lib/android/sdk/platforms/android-36.1/data/res/values-mcc312-mnc670-or: Cannot change mode to rwxr-xr-x: Operation not permitted
build	Cache Android SDK	2026-06-06T12:22:54.4815045Z /usr/bin/tar: ../../../../../usr/local/lib/android/sdk/platforms/android-36.1/data/res/values-mcc310-mnc210-da: Cannot utime: Operation not permitted
build	Cache Android SDK	2026-06-06T12:22:54.4815527Z /usr/bin/tar: ../../../../../usr/local/lib/android/sdk/platforms/android-36.1/data/res/values-mcc310-mnc210-da: Cannot change mode to rwxr-xr-x: Operation not permitted
build	Cache Android SDK	2026-06-06T12:22:54.4818220Z /usr/bin/tar: ../../../../../usr/local/lib/android/sdk/platforms/android-36.1/data/res/values-mcc310-mnc310-sk: Cannot utime: Operation not permitted
build	Cache Android SDK	2026-06-06T12:22:54.4818677Z /usr/bin/tar: ../../../../../usr/local/lib/android/sdk/platforms/android-36.1/data/res/values-mcc310-mnc310-sk: Cannot change mode to rwxr-xr-x: Operation not permitted
build	Cache Android SDK	2026-06-06T12:22:54.4821431Z /usr/bin/tar: ../../../../../usr/local/lib/android/sdk/platforms/android-36.1/data/res/values-mcc310-mnc200-in: Cannot utime: Operation not permitted
build	Cache Android SDK	2026-06-06T12:22:54.4821894Z /usr/bin/tar: ../../../../../usr/local/lib/android/sdk/platforms/android-36.1/data/res/values-mcc310-mnc200-in: Cannot change mode to rwxr-xr-x: Operation not permitted
build	Cache Android SDK	2026-06-06T12:22:54.4824216Z /usr/bin/tar: ../../../../../usr/local/lib/android/sdk/platforms/android-36.1/data/res/values-mcc310-mnc170-af: Cannot utime: Operation not permitted
build	Cache Android SDK	2026-06-06T12:22:54.4824763Z /usr/bin/tar: ../../../../../usr/local/lib/android/sdk/platforms/android-36.1/data/res/values-mcc310-mnc170-af: Cannot change mode to rwxr-xr-x: Operation not permitted
build	Cache Android SDK	2026-06-06T12:22:54.4832221Z /usr/bin/tar: ../../../../../usr/local/lib/android/sdk/platforms/android-36.1/data/res/values-hu: Cannot utime: Operation not permitted
build	Cache Android SDK	2026-06-06T12:22:54.4832743Z /usr/bin/tar: ../../../../../usr/local/lib/android/sdk/platforms/android-36.1/data/res/values-hu: Cannot change mode to rwxr-xr-x: Operation not permitted
build	Cache Android SDK	2026-06-06T12:22:54.4835245Z /usr/bin/tar: ../../../../../usr/local/lib/android/sdk/platforms/android-36.1/data/res/values-mcc310-mnc950-en-rXC: Cannot utime: Operation not permitted
build	Cache Android SDK	2026-06-06T12:22:54.4835839Z /usr/bin/tar: ../../../../../usr/local/lib/android/sdk/platforms/android-36.1/data/res/values-mcc310-mnc950-en-rXC: Cannot change mode to rwxr-xr-x: Operation not permitted
build	Cache Android SDK	2026-06-06T12:22:54.4838334Z /usr/bin/tar: ../../../../../usr/local/lib/android/sdk/platforms/android-36.1/data/res/values-mcc310: Cannot utime: Operation not permitted
build	Cache Android SDK	2026-06-06T12:22:54.4838782Z /usr/bin/tar: ../../../../../usr/local/lib/android/sdk/platforms/android-36.1/data/res/values-mcc310: Cannot change mode to rwxr-xr-x: Operation not permitted
build	Cache Android SDK	2026-06-06T12:22:54.4841551Z /usr/bin/tar: ../../../../../usr/local/lib/android/sdk/platforms/android-36.1/data/res/values-mcc312-mnc670-fi: Cannot utime: Operation not permitted
build	Cache Android SDK	2026-06-06T12:22:54.4842014Z /usr/bin/tar: ../../../../../usr/local/lib/android/sdk/platforms/android-36.1/data/res/values-mcc312-mnc670-fi: Cannot change mode to rwxr-xr-x: Operation not permitted
build	Cache Android SDK	2026-06-06T12:22:54.4844585Z /usr/bin/tar: ../../../../../usr/local/lib/android/sdk/platforms/android-36.1/data/res/values-es-rUS-television: Cannot utime: Operation not permitted
build	Cache Android SDK	2026-06-06T12:22:54.4845064Z /usr/bin/tar: ../../../../../usr/local/lib/android/sdk/platforms/android-36.1/data/res/values-es-rUS-television: Cannot change mode to rwxr-xr-x: Operation not permitted
build	Cache Android SDK	2026-06-06T12:22:54.4848591Z /usr/bin/tar: ../../../../../usr/local/lib/android/sdk/platforms/android-36.1/data/res/values-mcc310-mnc950-mn: Cannot utime: Operation not permitted
build	Cache Android SDK	2026-06-06T12:22:54.4849128Z /usr/bin/tar: ../../../../../usr/local/lib/android/sdk/platforms/android-36.1/data/res/values-mcc310-mnc950-mn: Cannot change mode to rwxr-xr-x: Operation not permitted
build	Cache Android SDK	2026-06-06T12:22:54.4851659Z /usr/bin/tar: ../../../../../usr/local/lib/android/sdk/platforms/android-36.1/data/res/values-mcc310-mnc660-et: Cannot utime: Operation not permitted
build	Cache Android SDK	2026-06-06T12:22:54.4852120Z /usr/bin/tar: ../../../../../usr/local/lib/android/sdk/platforms/android-36.1/data/res/values-mcc310-mnc660-et: Cannot change mode to rwxr-xr-x: Operation not permitted
build	Cache Android SDK	2026-06-06T12:22:54.4854609Z /usr/bin/tar: ../../../../../usr/local/lib/android/sdk/platforms/android-36.1/data/res/values-mcc310-mnc210-ar: Cannot utime: Operation not permitted
build	Cache Android SDK	2026-06-06T12:22:54.4855148Z /usr/bin/tar: ../../../../../usr/local/lib/android/sdk/platforms/android-36.1/data/res/values-mcc310-mnc210-ar: Cannot change mode to rwxr-xr-x: Operation not permitted
build	Cache Android SDK	2026-06-06T12:22:54.4857632Z /usr/bin/tar: ../../../../../usr/local/lib/android/sdk/platforms/android-36.1/data/res/values-mcc310-mnc270-hi: Cannot utime: Operation not permitted
build	Cache Android SDK	2026-06-06T12:22:54.4858092Z /usr/bin/tar: ../../../../../usr/local/lib/android/sdk/platforms/android-36.1/data/res/values-mcc310-mnc270-hi: Cannot change mode to rwxr-xr-x: Operation not permitted
build	Cache Android SDK	2026-06-06T12:22:54.4860460Z /usr/bin/tar: ../../../../../usr/local/lib/android/sdk/platforms/android-36.1/data/res/values-mcc311-mnc180-in: Cannot utime: Operation not permitted
build	Cache Android SDK	2026-06-06T12:22:54.4861837Z /usr/bin/tar: ../../../../../usr/local/lib/android/sdk/platforms/android-36.1/data/res/values-mcc311-mnc180-in: Cannot change mode to rwxr-xr-x: Operation not permitted
build	Cache Android SDK	2026-06-06T12:22:54.4863903Z /usr/bin/tar: ../../../../../usr/local/lib/android/sdk/platforms/android-36.1/data/res/values-mcc310-mnc240-hy: Cannot utime: Operation not permitted
build	Cache Android SDK	2026-06-06T12:22:54.4864482Z /usr/bin/tar: ../../../../../usr/local/lib/android/sdk/platforms/android-36.1/data/res/values-mcc310-mnc240-hy: Cannot change mode to rwxr-xr-x: Operation not permitted
build	Cache Android SDK	2026-06-06T12:22:54.4866959Z /usr/bin/tar: ../../../../../usr/local/lib/android/sdk/platforms/android-36.1/data/res/values-lv-watch: Cannot utime: Operation not permitted
build	Cache Android SDK	2026-06-06T12:22:54.4867535Z /usr/bin/tar: ../../../../../usr/local/lib/android/sdk/platforms/android-36.1/data/res/values-lv-watch: Cannot change mode to rwxr-xr-x: Operation not permitted
build	Cache Android SDK	2026-06-06T12:22:54.4870063Z /usr/bin/tar: ../../../../../usr/local/lib/android/sdk/platforms/android-36.1/data/res/values-mcc302-mnc720-ta: Cannot utime: Operation not permitted
build	Cache Android SDK	2026-06-06T12:22:54.4870522Z /usr/bin/tar: ../../../../../usr/local/lib/android/sdk/platforms/android-36.1/data/res/values-mcc302-mnc720-ta: Cannot change mode to rwxr-xr-x: Operation not permitted
build	Cache Android SDK	2026-06-06T12:22:54.4873425Z /usr/bin/tar: ../../../../../usr/local/lib/android/sdk/platforms/android-36.1/data/res/values-mcc310-mnc200-th: Cannot utime: Operation not permitted
build	Cache Android SDK	2026-06-06T12:22:54.4873883Z /usr/bin/tar: ../../../../../usr/local/lib/android/sdk/platforms/android-36.1/data/res/values-mcc310-mnc200-th: Cannot change mode to rwxr-xr-x: Operation not permitted
build	Cache Android SDK	2026-06-06T12:22:54.4876211Z /usr/bin/tar: ../../../../../usr/local/lib/android/sdk/platforms/android-36.1/data/res/values-mcc310-mnc160-ta: Cannot utime: Operation not permitted
build	Cache Android SDK	2026-06-06T12:22:54.4876651Z /usr/bin/tar: ../../../../../usr/local/lib/android/sdk/platforms/android-36.1/data/res/values-mcc310-mnc160-ta: Cannot change mode to rwxr-xr-x: Operation not permitted
build	Cache Android SDK	2026-06-06T12:22:54.4879553Z /usr/bin/tar: ../../../../../usr/local/lib/android/sdk/platforms/android-36.1/data/res/values-et-rEE: Cannot utime: Operation not permitted
build	Cache Android SDK	2026-06-06T12:22:54.4879978Z /usr/bin/tar: ../../../../../usr/local/lib/android/sdk/platforms/android-36.1/data/res/values-et-rEE: Cannot change mode to rwxr-xr-x: Operation not permitted
build	Cache Android SDK	2026-06-06T12:22:54.4882652Z /usr/bin/tar: ../../../../../usr/local/lib/android/sdk/platforms/android-36.1/data/res/values-mcc310-mnc210-lt: Cannot utime: Operation not permitted
build	Cache Android SDK	2026-06-06T12:22:54.4883188Z /usr/bin/tar: ../../../../../usr/local/lib/android/sdk/platforms/android-36.1/data/res/values-mcc310-mnc210-lt: Cannot change mode to rwxr-xr-x: Operation not permitted
build	Cache Android SDK	2026-06-06T12:22:54.4885505Z /usr/bin/tar: ../../../../../usr/local/lib/android/sdk/platforms/android-36.1/data/res/values-mcc310-mnc490-my: Cannot utime: Operation not permitted
build	Cache Android SDK	2026-06-06T12:22:54.4885956Z /usr/bin/tar: ../../../../../usr/local/lib/android/sdk/platforms/android-36.1/data/res/values-mcc310-mnc490-my: Cannot change mode to rwxr-xr-x: Operation not permitted
build	Cache Android SDK	2026-06-06T12:22:54.4888609Z /usr/bin/tar: ../../../../../usr/local/lib/android/sdk/platforms/android-36.1/data/res/values-it-watch: Cannot utime: Operation not permitted
build	Cache Android SDK	2026-06-06T12:22:54.4889099Z /usr/bin/tar: ../../../../../usr/local/lib/android/sdk/platforms/android-36.1/data/res/values-it-watch: Cannot change mode to rwxr-xr-x: Operation not permitted
build	Cache Android SDK	2026-06-06T12:22:54.4891979Z /usr/bin/tar: ../../../../../usr/local/lib/android/sdk/platforms/android-36.1/data/res/values-mcc310-mnc240-ja: Cannot utime: Operation not permitted
build	Cache Android SDK	2026-06-06T12:22:54.4892426Z /usr/bin/tar: ../../../../../usr/local/lib/android/sdk/platforms/android-36.1/data/res/values-mcc310-mnc240-ja: Cannot change mode to rwxr-xr-x: Operation not permitted
build	Cache Android SDK	2026-06-06T12:22:54.4895042Z /usr/bin/tar: ../../../../../usr/local/lib/android/sdk/platforms/android-36.1/data/res/values-mcc310-mnc210-zu: Cannot utime: Operation not permitted
build	Cache Android SDK	2026-06-06T12:22:54.4895494Z /usr/bin/tar: ../../../../../usr/local/lib/android/sdk/platforms/android-36.1/data/res/values-mcc310-mnc210-zu: Cannot change mode to rwxr-xr-x: Operation not permitted
build	Cache Android SDK	2026-06-06T12:22:54.4898336Z /usr/bin/tar: ../../../../../usr/local/lib/android/sdk/platforms/android-36.1/data/res/values-mcc310-mnc250-pa: Cannot utime: Operation not permitted
build	Cache Android SDK	2026-06-06T12:22:54.4898854Z /usr/bin/tar: ../../../../../usr/local/lib/android/sdk/platforms/android-36.1/data/res/values-mcc310-mnc250-pa: Cannot change mode to rwxr-xr-x: Operation not permitted
build	Cache Android SDK	2026-06-06T12:22:54.4901351Z /usr/bin/tar: ../../../../../usr/local/lib/android/sdk/platforms/android-36.1/data/res/values-mcc310-mnc030-sr: Cannot utime: Operation not permitted
build	Cache Android SDK	2026-06-06T12:22:54.4901795Z /usr/bin/tar: ../../../../../usr/local/lib/android/sdk/platforms/android-36.1/data/res/values-mcc310-mnc030-sr: Cannot change mode to rwxr-xr-x: Operation not permitted
build	Cache Android SDK	2026-06-06T12:22:54.4904545Z /usr/bin/tar: ../../../../../usr/local/lib/android/sdk/platforms/android-36.1/data/res/values-mcc310-mnc950-pt: Cannot utime: Operation not permitted
build	Cache Android SDK	2026-06-06T12:22:54.4904997Z /usr/bin/tar: ../../../../../usr/local/lib/android/sdk/platforms/android-36.1/data/res/values-mcc310-mnc950-pt: Cannot change mode to rwxr-xr-x: Operation not permitted
build	Cache Android SDK	2026-06-06T12:22:54.4907796Z /usr/bin/tar: ../../../../../usr/local/lib/android/sdk/platforms/android-36.1/data/res/values-mcc310-mnc560-pa: Cannot utime: Operation not permitted
build	Cache Android SDK	2026-06-06T12:22:54.4908329Z /usr/bin/tar: ../../../../../usr/local/lib/android/sdk/platforms/android-36.1/data/res/values-mcc310-mnc560-pa: Cannot change mode to rwxr-xr-x: Operation not permitted
build	Cache Android SDK	2026-06-06T12:22:54.4910620Z /usr/bin/tar: ../../../../../usr/local/lib/android/sdk/platforms/android-36.1/data/res/values-mcc310-mnc220-es-rUS: Cannot utime: Operation not permitted
build	Cache Android SDK	2026-06-06T12:22:54.4911162Z /usr/bin/tar: ../../../../../usr/local/lib/android/sdk/platforms/android-36.1/data/res/values-mcc310-mnc220-es-rUS: Cannot change mode to rwxr-xr-x: Operation not permitted
build	Cache Android SDK	2026-06-06T12:22:54.4913808Z /usr/bin/tar: ../../../../../usr/local/lib/android/sdk/platforms/android-36.1/data/res/values-mcc310-mnc660-bg: Cannot utime: Operation not permitted
build	Cache Android SDK	2026-06-06T12:22:54.4914264Z /usr/bin/tar: ../../../../../usr/local/lib/android/sdk/platforms/android-36.1/data/res/values-mcc310-mnc660-bg: Cannot change mode to rwxr-xr-x: Operation not permitted
build	Cache Android SDK	2026-06-06T12:22:54.4916788Z /usr/bin/tar: ../../../../../usr/local/lib/android/sdk/platforms/android-36.1/data/res/values-mcc310-mnc380-fa: Cannot utime: Operation not permitted
build	Cache Android SDK	2026-06-06T12:22:54.4917320Z /usr/bin/tar: ../../../../../usr/local/lib/android/sdk/platforms/android-36.1/data/res/values-mcc310-mnc380-fa: Cannot change mode to rwxr-xr-x: Operation not permitted
build	Cache Android SDK	2026-06-06T12:22:54.4920148Z /usr/bin/tar: ../../../../../usr/local/lib/android/sdk/platforms/android-36.1/data/res/values-mcc001-mnc01-km: Cannot utime: Operation not permitted
build	Cache Android SDK	2026-06-06T12:22:54.4920601Z /usr/bin/tar: ../../../../../usr/local/lib/android/sdk/platforms/android-36.1/data/res/values-mcc001-mnc01-km: Cannot change mode to rwxr-xr-x: Operation not permitted
build	Cache Android SDK	2026-06-06T12:22:54.4923187Z /usr/bin/tar: ../../../../../usr/local/lib/android/sdk/platforms/android-36.1/data/res/values-mcc310-mnc030-el: Cannot utime: Operation not permitted
build	Cache Android SDK	2026-06-06T12:22:54.4923697Z /usr/bin/tar: ../../../../../usr/local/lib/android/sdk/platforms/android-36.1/data/res/values-mcc310-mnc030-el: Cannot change mode to rwxr-xr-x: Operation not permitted
build	Cache Android SDK	2026-06-06T12:22:54.4926449Z /usr/bin/tar: ../../../../../usr/local/lib/android/sdk/platforms/android-36.1/data/res/values-mcc310-mnc660-ky: Cannot utime: Operation not permitted
build	Cache Android SDK	2026-06-06T12:22:54.4926916Z /usr/bin/tar: ../../../../../usr/local/lib/android/sdk/platforms/android-36.1/data/res/values-mcc310-mnc660-ky: Cannot change mode to rwxr-xr-x: Operation not permitted
build	Cache Android SDK	2026-06-06T12:22:54.4929863Z /usr/bin/tar: ../../../../../usr/local/lib/android/sdk/platforms/android-36.1/data/res/values-mcc310-mnc210-uz: Cannot utime: Operation not permitted
build	Cache Android SDK	2026-06-06T12:22:54.4930315Z /usr/bin/tar: ../../../../../usr/local/lib/android/sdk/platforms/android-36.1/data/res/values-mcc310-mnc210-uz: Cannot change mode to rwxr-xr-x: Operation not permitted
build	Cache Android SDK	2026-06-06T12:22:54.4933033Z /usr/bin/tar: ../../../../../usr/local/lib/android/sdk/platforms/android-36.1/data/res/values-mcc310-mnc310-ur: Cannot utime: Operation not permitted
build	Cache Android SDK	2026-06-06T12:22:54.4933481Z /usr/bin/tar: ../../../../../usr/local/lib/android/sdk/platforms/android-36.1/data/res/values-mcc310-mnc310-ur: Cannot change mode to rwxr-xr-x: Operation not permitted
build	Cache Android SDK	2026-06-06T12:22:54.4936214Z /usr/bin/tar: ../../../../../usr/local/lib/android/sdk/platforms/android-36.1/data/res/values-mcc310-mnc270-kn: Cannot utime: Operation not permitted
build	Cache Android SDK	2026-06-06T12:22:54.4936666Z /usr/bin/tar: ../../../../../usr/local/lib/android/sdk/platforms/android-36.1/data/res/values-mcc310-mnc270-kn: Cannot change mode to rwxr-xr-x: Operation not permitted
build	Cache Android SDK	2026-06-06T12:22:54.4939329Z /usr/bin/tar: ../../../../../usr/local/lib/android/sdk/platforms/android-36.1/data/res/values-mcc302-mnc370-or: Cannot utime: Operation not permitted
build	Cache Android SDK	2026-06-06T12:22:54.4939779Z /usr/bin/tar: ../../../../../usr/local/lib/android/sdk/platforms/android-36.1/data/res/values-mcc302-mnc370-or: Cannot change mode to rwxr-xr-x: Operation not permitted
build	Cache Android SDK	2026-06-06T12:22:54.4942471Z /usr/bin/tar: ../../../../../usr/local/lib/android/sdk/platforms/android-36.1/data/res/values-mcc310-mnc150-hr: Cannot utime: Operation not permitted
build	Cache Android SDK	2026-06-06T12:22:54.4943102Z /usr/bin/tar: ../../../../../usr/local/lib/android/sdk/platforms/android-36.1/data/res/values-mcc310-mnc150-hr: Cannot change mode to rwxr-xr-x: Operation not permitted
build	Cache Android SDK	2026-06-06T12:22:54.4951117Z /usr/bin/tar: ../../../../../usr/local/lib/android/sdk/platforms/android-36.1/data/res/values-te: Cannot utime: Operation not permitted
build	Cache Android SDK	2026-06-06T12:22:54.4951628Z /usr/bin/tar: ../../../../../usr/local/lib/android/sdk/platforms/android-36.1/data/res/values-te: Cannot change mode to rwxr-xr-x: Operation not permitted
build	Cache Android SDK	2026-06-06T12:22:54.4953811Z /usr/bin/tar: ../../../../../usr/local/lib/android/sdk/platforms/android-36.1/data/res/values-fr-masculine: Cannot utime: Operation not permitted
build	Cache Android SDK	2026-06-06T12:22:54.4954298Z /usr/bin/tar: ../../../../../usr/local/lib/android/sdk/platforms/android-36.1/data/res/values-fr-masculine: Cannot change mode to rwxr-xr-x: Operation not permitted
build	Cache Android SDK	2026-06-06T12:22:54.4957198Z /usr/bin/tar: ../../../../../usr/local/lib/android/sdk/platforms/android-36.1/data/res/values-mcc310-mnc490-es-rUS: Cannot utime: Operation not permitted
build	Cache Android SDK	2026-06-06T12:22:54.4957921Z /usr/bin/tar: ../../../../../usr/local/lib/android/sdk/platforms/android-36.1/data/res/values-mcc310-mnc490-es-rUS: Cannot change mode to rwxr-xr-x: Operation not permitted
build	Cache Android SDK	2026-06-06T12:22:54.4960467Z /usr/bin/tar: ../../../../../usr/local/lib/android/sdk/platforms/android-36.1/data/res/values-mcc310-mnc310-pt: Cannot utime: Operation not permitted
build	Cache Android SDK	2026-06-06T12:22:54.4960941Z /usr/bin/tar: ../../../../../usr/local/lib/android/sdk/platforms/android-36.1/data/res/values-mcc310-mnc310-pt: Cannot change mode to rwxr-xr-x: Operation not permitted
build	Cache Android SDK	2026-06-06T12:22:54.4963248Z /usr/bin/tar: ../../../../../usr/local/lib/android/sdk/platforms/android-36.1/data/res/values-mcc310-mnc200-bg: Cannot utime: Operation not permitted
build	Cache Android SDK	2026-06-06T12:22:54.4963797Z /usr/bin/tar: ../../../../../usr/local/lib/android/sdk/platforms/android-36.1/data/res/values-mcc310-mnc200-bg: Cannot change mode to rwxr-xr-x: Operation not permitted
build	Cache Android SDK	2026-06-06T12:22:54.4966402Z /usr/bin/tar: ../../../../../usr/local/lib/android/sdk/platforms/android-36.1/data/res/values-mcc312-mnc670-fr: Cannot utime: Operation not permitted
build	Cache Android SDK	2026-06-06T12:22:54.4966867Z /usr/bin/tar: ../../../../../usr/local/lib/android/sdk/platforms/android-36.1/data/res/values-mcc312-mnc670-fr: Cannot change mode to rwxr-xr-x: Operation not permitted
build	Cache Android SDK	2026-06-06T12:22:54.4969667Z /usr/bin/tar: ../../../../../usr/local/lib/android/sdk/platforms/android-36.1/data/res/values-mcc310-mnc560-th: Cannot utime: Operation not permitted
build	Cache Android SDK	2026-06-06T12:22:54.4970141Z /usr/bin/tar: ../../../../../usr/local/lib/android/sdk/platforms/android-36.1/data/res/values-mcc310-mnc560-th: Cannot change mode to rwxr-xr-x: Operation not permitted
build	Cache Android SDK	2026-06-06T12:22:54.4973098Z /usr/bin/tar: ../../../../../usr/local/lib/android/sdk/platforms/android-36.1/data/res/values-mcc312-mnc670-ta: Cannot utime: Operation not permitted
build	Cache Android SDK	2026-06-06T12:22:54.4974224Z /usr/bin/tar: ../../../../../usr/local/lib/android/sdk/platforms/android-36.1/data/res/values-mcc312-mnc670-ta: Cannot change mode to rwxr-xr-x: Operation not permitted
build	Cache Android SDK	2026-06-06T12:22:54.4976224Z /usr/bin/tar: ../../../../../usr/local/lib/android/sdk/platforms/android-36.1/data/res/values-it-masculine: Cannot utime: Operation not permitted
build	Cache Android SDK	2026-06-06T12:22:54.4978135Z /usr/bin/tar: ../../../../../usr/local/lib/android/sdk/platforms/android-36.1/data/res/values-it-masculine: Cannot change mode to rwxr-xr-x: Operation not permitted
build	Cache Android SDK	2026-06-06T12:22:54.4979776Z /usr/bin/tar: ../../../../../usr/local/lib/android/sdk/platforms/android-36.1/data/res/values-mcc312-mnc670-tr: Cannot utime: Operation not permitted
build	Cache Android SDK	2026-06-06T12:22:54.4980776Z /usr/bin/tar: ../../../../../usr/local/lib/android/sdk/platforms/android-36.1/data/res/values-mcc312-mnc670-tr: Cannot change mode to rwxr-xr-x: Operation not permitted
build	Cache Android SDK	2026-06-06T12:22:54.4983274Z /usr/bin/tar: ../../../../../usr/local/lib/android/sdk/platforms/android-36.1/data/res/values-mcc310-mnc210-zh-rTW: Cannot utime: Operation not permitted
build	Cache Android SDK	2026-06-06T12:22:54.4984260Z /usr/bin/tar: ../../../../../usr/local/lib/android/sdk/platforms/android-36.1/data/res/values-mcc310-mnc210-zh-rTW: Cannot change mode to rwxr-xr-x: Operation not permitted
build	Cache Android SDK	2026-06-06T12:22:54.4987916Z /usr/bin/tar: ../../../../../usr/local/lib/android/sdk/platforms/android-36.1/data/res/raw-de: Cannot utime: Operation not permitted
build	Cache Android SDK	2026-06-06T12:22:54.4988757Z /usr/bin/tar: ../../../../../usr/local/lib/android/sdk/platforms/android-36.1/data/res/raw-de: Cannot change mode to rwxr-xr-x: Operation not permitted
build	Cache Android SDK	2026-06-06T12:22:54.4990393Z /usr/bin/tar: ../../../../../usr/local/lib/android/sdk/platforms/android-36.1/data/res/values-mcc312-mnc670-zh-rHK: Cannot utime: Operation not permitted
build	Cache Android SDK	2026-06-06T12:22:54.4991376Z /usr/bin/tar: ../../../../../usr/local/lib/android/sdk/platforms/android-36.1/data/res/values-mcc312-mnc670-zh-rHK: Cannot change mode to rwxr-xr-x: Operation not permitted
build	Cache Android SDK	2026-06-06T12:22:54.4993771Z /usr/bin/tar: ../../../../../usr/local/lib/android/sdk/platforms/android-36.1/data/res/values-mcc302-mnc370-ro: Cannot utime: Operation not permitted
build	Cache Android SDK	2026-06-06T12:22:54.4994828Z /usr/bin/tar: ../../../../../usr/local/lib/android/sdk/platforms/android-36.1/data/res/values-mcc302-mnc370-ro: Cannot change mode to rwxr-xr-x: Operation not permitted
build	Cache Android SDK	2026-06-06T12:22:54.4997320Z /usr/bin/tar: ../../../../../usr/local/lib/android/sdk/platforms/android-36.1/data/res/values-mcc310-mnc240-mn: Cannot utime: Operation not permitted
build	Cache Android SDK	2026-06-06T12:22:54.4998552Z /usr/bin/tar: ../../../../../usr/local/lib/android/sdk/platforms/android-36.1/data/res/values-mcc310-mnc240-mn: Cannot change mode to rwxr-xr-x: Operation not permitted
build	Cache Android SDK	2026-06-06T12:22:54.5000337Z /usr/bin/tar: ../../../../../usr/local/lib/android/sdk/platforms/android-36.1/data/res/values-mcc310-mnc240-bn: Cannot utime: Operation not permitted
build	Cache Android SDK	2026-06-06T12:22:54.5001355Z /usr/bin/tar: ../../../../../usr/local/lib/android/sdk/platforms/android-36.1/data/res/values-mcc310-mnc240-bn: Cannot change mode to rwxr-xr-x: Operation not permitted
build	Cache Android SDK	2026-06-06T12:22:54.5004169Z /usr/bin/tar: ../../../../../usr/local/lib/android/sdk/platforms/android-36.1/data/res/values-mcc310-mnc560-be: Cannot utime: Operation not permitted
build	Cache Android SDK	2026-06-06T12:22:54.5005344Z /usr/bin/tar: ../../../../../usr/local/lib/android/sdk/platforms/android-36.1/data/res/values-mcc310-mnc560-be: Cannot change mode to rwxr-xr-x: Operation not permitted
build	Cache Android SDK	2026-06-06T12:22:54.5007339Z /usr/bin/tar: ../../../../../usr/local/lib/android/sdk/platforms/android-36.1/data/res/values-mcc313-mnc100-th: Cannot utime: Operation not permitted
build	Cache Android SDK	2026-06-06T12:22:54.5008424Z /usr/bin/tar: ../../../../../usr/local/lib/android/sdk/platforms/android-36.1/data/res/values-mcc313-mnc100-th: Cannot change mode to rwxr-xr-x: Operation not permitted
build	Cache Android SDK	2026-06-06T12:22:54.5010872Z /usr/bin/tar: ../../../../../usr/local/lib/android/sdk/platforms/android-36.1/data/res/values-mcc310-mnc220-el: Cannot utime: Operation not permitted
build	Cache Android SDK	2026-06-06T12:22:54.5011809Z /usr/bin/tar: ../../../../../usr/local/lib/android/sdk/platforms/android-36.1/data/res/values-mcc310-mnc220-el: Cannot change mode to rwxr-xr-x: Operation not permitted
build	Cache Android SDK	2026-06-06T12:22:54.5013990Z /usr/bin/tar: ../../../../../usr/local/lib/android/sdk/platforms/android-36.1/data/res/values-mcc311-mnc180-si: Cannot utime: Operation not permitted
build	Cache Android SDK	2026-06-06T12:22:54.5014927Z /usr/bin/tar: ../../../../../usr/local/lib/android/sdk/platforms/android-36.1/data/res/values-mcc311-mnc180-si: Cannot change mode to rwxr-xr-x: Operation not permitted
build	Cache Android SDK	2026-06-06T12:22:54.5017284Z /usr/bin/tar: ../../../../../usr/local/lib/android/sdk/platforms/android-36.1/data/res/values-mcc310-mnc250-uk: Cannot utime: Operation not permitted
build	Cache Android SDK	2026-06-06T12:22:54.5018498Z /usr/bin/tar: ../../../../../usr/local/lib/android/sdk/platforms/android-36.1/data/res/values-mcc310-mnc250-uk: Cannot change mode to rwxr-xr-x: Operation not permitted
build	Cache Android SDK	2026-06-06T12:22:54.5033560Z /usr/bin/tar: ../../../../../usr/local/lib/android/sdk/platforms/android-36.1/data/res/values-mcc313-mnc100-en-rCA: Cannot utime: Operation not permitted
build	Cache Android SDK	2026-06-06T12:22:54.5035475Z /usr/bin/tar: ../../../../../usr/local/lib/android/sdk/platforms/android-36.1/data/res/values-mcc313-mnc100-en-rCA: Cannot change mode to rwxr-xr-x: Operation not permitted
build	Cache Android SDK	2026-06-06T12:22:54.5036494Z /usr/bin/tar: ../../../../../usr/local/lib/android/sdk/platforms/android-36.1/data/res/raw-ar: Cannot utime: Operation not permitted
build	Cache Android SDK	2026-06-06T12:22:54.5037311Z /usr/bin/tar: ../../../../../usr/local/lib/android/sdk/platforms/android-36.1/data/res/raw-ar: Cannot change mode to rwxr-xr-x: Operation not permitted
build	Cache Android SDK	2026-06-06T12:22:54.5038911Z /usr/bin/tar: ../../../../../usr/local/lib/android/sdk/platforms/android-36.1/data/res/values-mcc310-mnc660-ro: Cannot utime: Operation not permitted
build	Cache Android SDK	2026-06-06T12:22:54.5040110Z /usr/bin/tar: ../../../../../usr/local/lib/android/sdk/platforms/android-36.1/data/res/values-mcc310-mnc660-ro: Cannot change mode to rwxr-xr-x: Operation not permitted
build	Cache Android SDK	2026-06-06T12:22:54.5041117Z /usr/bin/tar: ../../../../../usr/local/lib/android/sdk/platforms/android-36.1/data/res/values-mcc312-mnc670-az: Cannot utime: Operation not permitted
build	Cache Android SDK	2026-06-06T12:22:54.5042507Z /usr/bin/tar: ../../../../../usr/local/lib/android/sdk/platforms/android-36.1/data/res/values-mcc312-mnc670-az: Cannot change mode to rwxr-xr-x: Operation not permitted
build	Cache Android SDK	2026-06-06T12:22:54.5043804Z /usr/bin/tar: ../../../../../usr/local/lib/android/sdk/platforms/android-36.1/data/res/values-mcc310-mnc250-in: Cannot utime: Operation not permitted
build	Cache Android SDK	2026-06-06T12:22:54.5044713Z /usr/bin/tar: ../../../../../usr/local/lib/android/sdk/platforms/android-36.1/data/res/values-mcc310-mnc250-in: Cannot change mode to rwxr-xr-x: Operation not permitted
build	Cache Android SDK	2026-06-06T12:22:54.5046417Z /usr/bin/tar: ../../../../../usr/local/lib/android/sdk/platforms/android-36.1/data/res/values-mcc313-mnc100-iw: Cannot utime: Operation not permitted
build	Cache Android SDK	2026-06-06T12:22:54.5048274Z /usr/bin/tar: ../../../../../usr/local/lib/android/sdk/platforms/android-36.1/data/res/values-mcc313-mnc100-iw: Cannot change mode to rwxr-xr-x: Operation not permitted
build	Cache Android SDK	2026-06-06T12:22:54.5049990Z /usr/bin/tar: ../../../../../usr/local/lib/android/sdk/platforms/android-36.1/data/res/values-w170dp-notround-watch: Cannot utime: Operation not permitted
build	Cache Android SDK	2026-06-06T12:22:54.5051672Z /usr/bin/tar: ../../../../../usr/local/lib/android/sdk/platforms/android-36.1/data/res/values-w170dp-notround-watch: Cannot change mode to rwxr-xr-x: Operation not permitted
build	Cache Android SDK	2026-06-06T12:22:54.5052610Z /usr/bin/tar: ../../../../../usr/local/lib/android/sdk/platforms/android-36.1/data/res/values-pa: Cannot utime: Operation not permitted
build	Cache Android SDK	2026-06-06T12:22:54.5053871Z /usr/bin/tar: ../../../../../usr/local/lib/android/sdk/platforms/android-36.1/data/res/values-pa: Cannot change mode to rwxr-xr-x: Operation not permitted
build	Cache Android SDK	2026-06-06T12:22:54.5055229Z /usr/bin/tar: ../../../../../usr/local/lib/android/sdk/platforms/android-36.1/data/res/values-mcc310-mnc240-sl: Cannot utime: Operation not permitted
build	Cache Android SDK	2026-06-06T12:22:54.5056151Z /usr/bin/tar: ../../../../../usr/local/lib/android/sdk/platforms/android-36.1/data/res/values-mcc310-mnc240-sl: Cannot change mode to rwxr-xr-x: Operation not permitted
build	Cache Android SDK	2026-06-06T12:22:54.5058473Z /usr/bin/tar: ../../../../../usr/local/lib/android/sdk/platforms/android-36.1/data/res/values-mcc310-mnc490-ky: Cannot utime: Operation not permitted
build	Cache Android SDK	2026-06-06T12:22:54.5059410Z /usr/bin/tar: ../../../../../usr/local/lib/android/sdk/platforms/android-36.1/data/res/values-mcc310-mnc490-ky: Cannot change mode to rwxr-xr-x: Operation not permitted
build	Cache Android SDK	2026-06-06T12:22:54.5062009Z /usr/bin/tar: ../../../../../usr/local/lib/android/sdk/platforms/android-36.1/data/res/values-mcc310-mnc170-pt-rPT: Cannot utime: Operation not permitted
build	Cache Android SDK	2026-06-06T12:22:54.5063031Z /usr/bin/tar: ../../../../../usr/local/lib/android/sdk/platforms/android-36.1/data/res/values-mcc310-mnc170-pt-rPT: Cannot change mode to rwxr-xr-x: Operation not permitted
build	Cache Android SDK	2026-06-06T12:22:54.5065162Z /usr/bin/tar: ../../../../../usr/local/lib/android/sdk/platforms/android-36.1/data/res/values-mcc310-mnc560-bg: Cannot utime: Operation not permitted
build	Cache Android SDK	2026-06-06T12:22:54.5066112Z /usr/bin/tar: ../../../../../usr/local/lib/android/sdk/platforms/android-36.1/data/res/values-mcc310-mnc560-bg: Cannot change mode to rwxr-xr-x: Operation not permitted
build	Cache Android SDK	2026-06-06T12:22:54.5068223Z /usr/bin/tar: ../../../../../usr/local/lib/android/sdk/platforms/android-36.1/data/res/values-mcc310-mnc150-en-rCA: Cannot utime: Operation not permitted
build	Cache Android SDK	2026-06-06T12:22:54.5069197Z /usr/bin/tar: ../../../../../usr/local/lib/android/sdk/platforms/android-36.1/data/res/values-mcc310-mnc150-en-rCA: Cannot change mode to rwxr-xr-x: Operation not permitted
build	Cache Android SDK	2026-06-06T12:22:54.5071910Z /usr/bin/tar: ../../../../../usr/local/lib/android/sdk/platforms/android-36.1/data/res/values-mcc310-mnc800-es: Cannot utime: Operation not permitted
build	Cache Android SDK	2026-06-06T12:22:54.5073231Z /usr/bin/tar: ../../../../../usr/local/lib/android/sdk/platforms/android-36.1/data/res/values-mcc310-mnc800-es: Cannot change mode to rwxr-xr-x: Operation not permitted
build	Cache Android SDK	2026-06-06T12:22:54.5076803Z /usr/bin/tar: ../../../../../usr/local/lib/android/sdk/platforms/android-36.1/data/res/values-mcc001-mnc01-cs: Cannot utime: Operation not permitted
build	Cache Android SDK	2026-06-06T12:22:54.5077942Z /usr/bin/tar: ../../../../../usr/local/lib/android/sdk/platforms/android-36.1/data/res/values-mcc001-mnc01-cs: Cannot change mode to rwxr-xr-x: Operation not permitted
build	Cache Android SDK	2026-06-06T12:22:54.5080033Z /usr/bin/tar: ../../../../../usr/local/lib/android/sdk/platforms/android-36.1/data/res/values-mcc311-mnc180-tr: Cannot utime: Operation not permitted
build	Cache Android SDK	2026-06-06T12:22:54.5081152Z /usr/bin/tar: ../../../../../usr/local/lib/android/sdk/platforms/android-36.1/data/res/values-mcc311-mnc180-tr: Cannot change mode to rwxr-xr-x: Operation not permitted
build	Cache Android SDK	2026-06-06T12:22:54.5083574Z /usr/bin/tar: ../../../../../usr/local/lib/android/sdk/platforms/android-36.1/data/res/values-mcc310-mnc030-vi: Cannot utime: Operation not permitted
build	Cache Android SDK	2026-06-06T12:22:54.5084680Z /usr/bin/tar: ../../../../../usr/local/lib/android/sdk/platforms/android-36.1/data/res/values-mcc310-mnc030-vi: Cannot change mode to rwxr-xr-x: Operation not permitted
build	Cache Android SDK	2026-06-06T12:22:54.5086208Z /usr/bin/tar: ../../../../../usr/local/lib/android/sdk/platforms/android-36.1/data/res/values-mcc310-mnc280-sw: Cannot utime: Operation not permitted
build	Cache Android SDK	2026-06-06T12:22:54.5087118Z /usr/bin/tar: ../../../../../usr/local/lib/android/sdk/platforms/android-36.1/data/res/values-mcc310-mnc280-sw: Cannot change mode to rwxr-xr-x: Operation not permitted
build	Cache Android SDK	2026-06-06T12:22:54.5089332Z /usr/bin/tar: ../../../../../usr/local/lib/android/sdk/platforms/android-36.1/data/res/values-mcc302-mnc720-hr: Cannot utime: Operation not permitted
build	Cache Android SDK	2026-06-06T12:22:54.5090257Z /usr/bin/tar: ../../../../../usr/local/lib/android/sdk/platforms/android-36.1/data/res/values-mcc302-mnc720-hr: Cannot change mode to rwxr-xr-x: Operation not permitted
build	Cache Android SDK	2026-06-06T12:22:54.5092848Z /usr/bin/tar: ../../../../../usr/local/lib/android/sdk/platforms/android-36.1/data/res/values-mcc310-mnc170-fi: Cannot utime: Operation not permitted
build	Cache Android SDK	2026-06-06T12:22:54.5093866Z /usr/bin/tar: ../../../../../usr/local/lib/android/sdk/platforms/android-36.1/data/res/values-mcc310-mnc170-fi: Cannot change mode to rwxr-xr-x: Operation not permitted
build	Cache Android SDK	2026-06-06T12:22:54.5095802Z /usr/bin/tar: ../../../../../usr/local/lib/android/sdk/platforms/android-36.1/data/res/values-mcc312-mnc670-es-rUS: Cannot utime: Operation not permitted
build	Cache Android SDK	2026-06-06T12:22:54.5096752Z /usr/bin/tar: ../../../../../usr/local/lib/android/sdk/platforms/android-36.1/data/res/values-mcc312-mnc670-es-rUS: Cannot change mode to rwxr-xr-x: Operation not permitted
build	Cache Android SDK	2026-06-06T12:22:54.5098984Z /usr/bin/tar: ../../../../../usr/local/lib/android/sdk/platforms/android-36.1/data/res/values-w198dp: Cannot utime: Operation not permitted
build	Cache Android SDK	2026-06-06T12:22:54.5099860Z /usr/bin/tar: ../../../../../usr/local/lib/android/sdk/platforms/android-36.1/data/res/values-w198dp: Cannot change mode to rwxr-xr-x: Operation not permitted
build	Cache Android SDK	2026-06-06T12:22:54.5102275Z /usr/bin/tar: ../../../../../usr/local/lib/android/sdk/platforms/android-36.1/data/res/values-mcc310-mnc280-ne: Cannot utime: Operation not permitted
build	Cache Android SDK	2026-06-06T12:22:54.5103203Z /usr/bin/tar: ../../../../../usr/local/lib/android/sdk/platforms/android-36.1/data/res/values-mcc310-mnc280-ne: Cannot change mode to rwxr-xr-x: Operation not permitted
build	Cache Android SDK	2026-06-06T12:22:54.5105324Z /usr/bin/tar: ../../../../../usr/local/lib/android/sdk/platforms/android-36.1/data/res/values-bs-watch: Cannot utime: Operation not permitted
build	Cache Android SDK	2026-06-06T12:22:54.5106226Z /usr/bin/tar: ../../../../../usr/local/lib/android/sdk/platforms/android-36.1/data/res/values-bs-watch: Cannot change mode to rwxr-xr-x: Operation not permitted
build	Cache Android SDK	2026-06-06T12:22:54.5110397Z /usr/bin/tar: ../../../../../usr/local/lib/android/sdk/platforms/android-36.1/data/res/values-mcc310-mnc160-ca: Cannot utime: Operation not permitted
build	Cache Android SDK	2026-06-06T12:22:54.5111587Z /usr/bin/tar: ../../../../../usr/local/lib/android/sdk/platforms/android-36.1/data/res/values-mcc310-mnc160-ca: Cannot change mode to rwxr-xr-x: Operation not permitted
build	Cache Android SDK	2026-06-06T12:22:54.5113484Z /usr/bin/tar: ../../../../../usr/local/lib/android/sdk/platforms/android-36.1/data/res/values-mcc310-mnc150-hu: Cannot utime: Operation not permitted
build	Cache Android SDK	2026-06-06T12:22:54.5114617Z /usr/bin/tar: ../../../../../usr/local/lib/android/sdk/platforms/android-36.1/data/res/values-mcc310-mnc150-hu: Cannot change mode to rwxr-xr-x: Operation not permitted
build	Cache Android SDK	2026-06-06T12:22:54.5117986Z /usr/bin/tar: ../../../../../usr/local/lib/android/sdk/platforms/android-36.1/data/res/transition: Cannot utime: Operation not permitted
build	Cache Android SDK	2026-06-06T12:22:54.5119062Z /usr/bin/tar: ../../../../../usr/local/lib/android/sdk/platforms/android-36.1/data/res/transition: Cannot change mode to rwxr-xr-x: Operation not permitted
build	Cache Android SDK	2026-06-06T12:22:54.5120523Z /usr/bin/tar: ../../../../../usr/local/lib/android/sdk/platforms/android-36.1/data/res/values-mcc310-mnc230-ko: Cannot utime: Operation not permitted
build	Cache Android SDK	2026-06-06T12:22:54.5121565Z /usr/bin/tar: ../../../../../usr/local/lib/android/sdk/platforms/android-36.1/data/res/values-mcc310-mnc230-ko: Cannot change mode to rwxr-xr-x: Operation not permitted
build	Cache Android SDK	2026-06-06T12:22:54.5123786Z /usr/bin/tar: ../../../../../usr/local/lib/android/sdk/platforms/android-36.1/data/res/values-mcc310-mnc270-am: Cannot utime: Operation not permitted
build	Cache Android SDK	2026-06-06T12:22:54.5124825Z /usr/bin/tar: ../../../../../usr/local/lib/android/sdk/platforms/android-36.1/data/res/values-mcc310-mnc270-am: Cannot change mode to rwxr-xr-x: Operation not permitted
build	Cache Android SDK	2026-06-06T12:22:54.5126305Z /usr/bin/tar: ../../../../../usr/local/lib/android/sdk/platforms/android-36.1/data/res/values-mcc312-mnc670-uk: Cannot utime: Operation not permitted
build	Cache Android SDK	2026-06-06T12:22:54.5127318Z /usr/bin/tar: ../../../../../usr/local/lib/android/sdk/platforms/android-36.1/data/res/values-mcc312-mnc670-uk: Cannot change mode to rwxr-xr-x: Operation not permitted
build	Cache Android SDK	2026-06-06T12:22:54.5129821Z /usr/bin/tar: ../../../../../usr/local/lib/android/sdk/platforms/android-36.1/data/res/values-mcc310-mnc210-zh-rCN: Cannot utime: Operation not permitted
build	Cache Android SDK	2026-06-06T12:22:54.5130893Z /usr/bin/tar: ../../../../../usr/local/lib/android/sdk/platforms/android-36.1/data/res/values-mcc310-mnc210-zh-rCN: Cannot change mode to rwxr-xr-x: Operation not permitted
build	Cache Android SDK	2026-06-06T12:22:54.5132510Z /usr/bin/tar: ../../../../../usr/local/lib/android/sdk/platforms/android-36.1/data/res/values-mcc302-mnc660: Cannot utime: Operation not permitted
build	Cache Android SDK	2026-06-06T12:22:54.5133433Z /usr/bin/tar: ../../../../../usr/local/lib/android/sdk/platforms/android-36.1/data/res/values-mcc302-mnc660: Cannot change mode to rwxr-xr-x: Operation not permitted
build	Cache Android SDK	2026-06-06T12:22:54.5135061Z /usr/bin/tar: ../../../../../usr/local/lib/android/sdk/platforms/android-36.1/data/res/values-mcc310-mnc950-gl: Cannot utime: Operation not permitted
build	Cache Android SDK	2026-06-06T12:22:54.5136254Z /usr/bin/tar: ../../../../../usr/local/lib/android/sdk/platforms/android-36.1/data/res/values-mcc310-mnc950-gl: Cannot change mode to rwxr-xr-x: Operation not permitted
build	Cache Android SDK	2026-06-06T12:22:54.5139287Z /usr/bin/tar: ../../../../../usr/local/lib/android/sdk/platforms/android-36.1/data/res/values-mcc302-mnc720-is: Cannot utime: Operation not permitted
build	Cache Android SDK	2026-06-06T12:22:54.5140854Z /usr/bin/tar: ../../../../../usr/local/lib/android/sdk/platforms/android-36.1/data/res/values-mcc302-mnc720-is: Cannot change mode to rwxr-xr-x: Operation not permitted
build	Cache Android SDK	2026-06-06T12:22:54.5142324Z /usr/bin/tar: ../../../../../usr/local/lib/android/sdk/platforms/android-36.1/data/res/values-mcc310-mnc240-ms: Cannot utime: Operation not permitted
build	Cache Android SDK	2026-06-06T12:22:54.5143249Z /usr/bin/tar: ../../../../../usr/local/lib/android/sdk/platforms/android-36.1/data/res/values-mcc310-mnc240-ms: Cannot change mode to rwxr-xr-x: Operation not permitted
build	Cache Android SDK	2026-06-06T12:22:54.5150886Z /usr/bin/tar: ../../../../../usr/local/lib/android/sdk/platforms/android-36.1/data/res/values-sk: Cannot utime: Operation not permitted
build	Cache Android SDK	2026-06-06T12:22:54.5151765Z /usr/bin/tar: ../../../../../usr/local/lib/android/sdk/platforms/android-36.1/data/res/values-sk: Cannot change mode to rwxr-xr-x: Operation not permitted
build	Cache Android SDK	2026-06-06T12:22:54.5153635Z /usr/bin/tar: ../../../../../usr/local/lib/android/sdk/platforms/android-36.1/data/res/values-mcc310-mnc160-eu: Cannot utime: Operation not permitted
build	Cache Android SDK	2026-06-06T12:22:54.5157159Z /usr/bin/tar: ../../../../../usr/local/lib/android/sdk/platforms/android-36.1/data/res/values-mcc310-mnc160-eu: Cannot change mode to rwxr-xr-x: Operation not permitted
build	Cache Android SDK	2026-06-06T12:22:54.5158275Z /usr/bin/tar: ../../../../../usr/local/lib/android/sdk/platforms/android-36.1/data/res/values-mcc310-mnc660-es-rUS: Cannot utime: Operation not permitted
build	Cache Android SDK	2026-06-06T12:22:54.5160067Z /usr/bin/tar: ../../../../../usr/local/lib/android/sdk/platforms/android-36.1/data/res/values-mcc310-mnc660-es-rUS: Cannot change mode to rwxr-xr-x: Operation not permitted
build	Cache Android SDK	2026-06-06T12:22:54.5161141Z /usr/bin/tar: ../../../../../usr/local/lib/android/sdk/platforms/android-36.1/data/res/values-mcc310-mnc210-az: Cannot utime: Operation not permitted
build	Cache Android SDK	2026-06-06T12:22:54.5162058Z /usr/bin/tar: ../../../../../usr/local/lib/android/sdk/platforms/android-36.1/data/res/values-mcc310-mnc210-az: Cannot change mode to rwxr-xr-x: Operation not permitted
build	Cache Android SDK	2026-06-06T12:22:54.5164281Z /usr/bin/tar: ../../../../../usr/local/lib/android/sdk/platforms/android-36.1/data/res/values-mcc312-mnc670-el: Cannot utime: Operation not permitted
build	Cache Android SDK	2026-06-06T12:22:54.5165206Z /usr/bin/tar: ../../../../../usr/local/lib/android/sdk/platforms/android-36.1/data/res/values-mcc312-mnc670-el: Cannot change mode to rwxr-xr-x: Operation not permitted
build	Cache Android SDK	2026-06-06T12:22:54.5168202Z /usr/bin/tar: ../../../../../usr/local/lib/android/sdk/platforms/android-36.1/data/res/values-mcc310-mnc310-en-rIN: Cannot utime: Operation not permitted
build	Cache Android SDK	2026-06-06T12:22:54.5169182Z /usr/bin/tar: ../../../../../usr/local/lib/android/sdk/platforms/android-36.1/data/res/values-mcc310-mnc310-en-rIN: Cannot change mode to rwxr-xr-x: Operation not permitted
build	Cache Android SDK	2026-06-06T12:22:54.5171287Z /usr/bin/tar: ../../../../../usr/local/lib/android/sdk/platforms/android-36.1/data/res/values-mcc310-mnc380-am: Cannot utime: Operation not permitted
build	Cache Android SDK	2026-06-06T12:22:54.5172231Z /usr/bin/tar: ../../../../../usr/local/lib/android/sdk/platforms/android-36.1/data/res/values-mcc310-mnc380-am: Cannot change mode to rwxr-xr-x: Operation not permitted
build	Cache Android SDK	2026-06-06T12:22:54.5174945Z /usr/bin/tar: ../../../../../usr/local/lib/android/sdk/platforms/android-36.1/data/res/values-mcc310-mnc280-fr-rCA: Cannot utime: Operation not permitted
build	Cache Android SDK	2026-06-06T12:22:54.5175917Z /usr/bin/tar: ../../../../../usr/local/lib/android/sdk/platforms/android-36.1/data/res/values-mcc310-mnc280-fr-rCA: Cannot change mode to rwxr-xr-x: Operation not permitted
build	Cache Android SDK	2026-06-06T12:22:54.5179385Z /usr/bin/tar: ../../../../../usr/local/lib/android/sdk/platforms/android-36.1/data/res/values-mcc311-mnc180-es-rUS: Cannot utime: Operation not permitted
build	Cache Android SDK	2026-06-06T12:22:54.5180427Z /usr/bin/tar: ../../../../../usr/local/lib/android/sdk/platforms/android-36.1/data/res/values-mcc311-mnc180-es-rUS: Cannot change mode to rwxr-xr-x: Operation not permitted
build	Cache Android SDK	2026-06-06T12:22:54.5183007Z /usr/bin/tar: ../../../../../usr/local/lib/android/sdk/platforms/android-36.1/data/res/raw-rm: Cannot utime: Operation not permitted
build	Cache Android SDK	2026-06-06T12:22:54.5183839Z /usr/bin/tar: ../../../../../usr/local/lib/android/sdk/platforms/android-36.1/data/res/raw-rm: Cannot change mode to rwxr-xr-x: Operation not permitted
build	Cache Android SDK	2026-06-06T12:22:54.5186605Z /usr/bin/tar: ../../../../../usr/local/lib/android/sdk/platforms/android-36.1/data/res/values-mcc310-mnc310-bs: Cannot utime: Operation not permitted
build	Cache Android SDK	2026-06-06T12:22:54.5187722Z /usr/bin/tar: ../../../../../usr/local/lib/android/sdk/platforms/android-36.1/data/res/values-mcc310-mnc310-bs: Cannot change mode to rwxr-xr-x: Operation not permitted
build	Cache Android SDK	2026-06-06T12:22:54.5190313Z /usr/bin/tar: ../../../../../usr/local/lib/android/sdk/platforms/android-36.1/data/res/values-lt-watch: Cannot utime: Operation not permitted
build	Cache Android SDK	2026-06-06T12:22:54.5191210Z /usr/bin/tar: ../../../../../usr/local/lib/android/sdk/platforms/android-36.1/data/res/values-lt-watch: Cannot change mode to rwxr-xr-x: Operation not permitted
build	Cache Android SDK	2026-06-06T12:22:54.5194359Z /usr/bin/tar: ../../../../../usr/local/lib/android/sdk/platforms/android-36.1/data/res/values-mcc302-mnc720-de: Cannot utime: Operation not permitted
build	Cache Android SDK	2026-06-06T12:22:54.5195298Z /usr/bin/tar: ../../../../../usr/local/lib/android/sdk/platforms/android-36.1/data/res/values-mcc302-mnc720-de: Cannot change mode to rwxr-xr-x: Operation not permitted
build	Cache Android SDK	2026-06-06T12:22:54.5197931Z /usr/bin/tar: ../../../../../usr/local/lib/android/sdk/platforms/android-36.1/data/res/values-mcc310-mnc660-vi: Cannot utime: Operation not permitted
build	Cache Android SDK	2026-06-06T12:22:54.5199060Z /usr/bin/tar: ../../../../../usr/local/lib/android/sdk/platforms/android-36.1/data/res/values-mcc310-mnc660-vi: Cannot change mode to rwxr-xr-x: Operation not permitted
build	Cache Android SDK	2026-06-06T12:22:54.5201396Z /usr/bin/tar: ../../../../../usr/local/lib/android/sdk/platforms/android-36.1/data/res/values-mcc310-mnc950-lt: Cannot utime: Operation not permitted
build	Cache Android SDK	2026-06-06T12:22:54.5202331Z /usr/bin/tar: ../../../../../usr/local/lib/android/sdk/platforms/android-36.1/data/res/values-mcc310-mnc950-lt: Cannot change mode to rwxr-xr-x: Operation not permitted
build	Cache Android SDK	2026-06-06T12:22:54.5204623Z /usr/bin/tar: ../../../../../usr/local/lib/android/sdk/platforms/android-36.1/data/res/values-mcc310-mnc280-sr: Cannot utime: Operation not permitted
build	Cache Android SDK	2026-06-06T12:22:54.5205569Z /usr/bin/tar: ../../../../../usr/local/lib/android/sdk/platforms/android-36.1/data/res/values-mcc310-mnc280-sr: Cannot change mode to rwxr-xr-x: Operation not permitted
build	Cache Android SDK	2026-06-06T12:22:54.5208693Z /usr/bin/tar: ../../../../../usr/local/lib/android/sdk/platforms/android-36.1/data/res/mipmap-xxxhdpi: Cannot utime: Operation not permitted
build	Cache Android SDK	2026-06-06T12:22:54.5209652Z /usr/bin/tar: ../../../../../usr/local/lib/android/sdk/platforms/android-36.1/data/res/mipmap-xxxhdpi: Cannot change mode to rwxr-xr-x: Operation not permitted
build	Cache Android SDK	2026-06-06T12:22:54.5212605Z /usr/bin/tar: ../../../../../usr/local/lib/android/sdk/platforms/android-36.1/data/res/values-notround-watch: Cannot utime: Operation not permitted
build	Cache Android SDK	2026-06-06T12:22:54.5213550Z /usr/bin/tar: ../../../../../usr/local/lib/android/sdk/platforms/android-36.1/data/res/values-notround-watch: Cannot change mode to rwxr-xr-x: Operation not permitted
build	Cache Android SDK	2026-06-06T12:22:54.5215978Z /usr/bin/tar: ../../../../../usr/local/lib/android/sdk/platforms/android-36.1/data/res/values-mcc310-mnc660-bn: Cannot utime: Operation not permitted
build	Cache Android SDK	2026-06-06T12:22:54.5216896Z /usr/bin/tar: ../../../../../usr/local/lib/android/sdk/platforms/android-36.1/data/res/values-mcc310-mnc660-bn: Cannot change mode to rwxr-xr-x: Operation not permitted
build	Cache Android SDK	2026-06-06T12:22:54.5219320Z /usr/bin/tar: ../../../../../usr/local/lib/android/sdk/platforms/android-36.1/data/res/values-mcc313-mnc100-as: Cannot utime: Operation not permitted
build	Cache Android SDK	2026-06-06T12:22:54.5220381Z /usr/bin/tar: ../../../../../usr/local/lib/android/sdk/platforms/android-36.1/data/res/values-mcc313-mnc100-as: Cannot change mode to rwxr-xr-x: Operation not permitted
build	Cache Android SDK	2026-06-06T12:22:54.5222437Z /usr/bin/tar: ../../../../../usr/local/lib/android/sdk/platforms/android-36.1/data/res/values-mcc310-mnc170-pt-rBR: Cannot utime: Operation not permitted
build	Cache Android SDK	2026-06-06T12:22:54.5223400Z /usr/bin/tar: ../../../../../usr/local/lib/android/sdk/platforms/android-36.1/data/res/values-mcc310-mnc170-pt-rBR: Cannot change mode to rwxr-xr-x: Operation not permitted
build	Cache Android SDK	2026-06-06T12:22:54.5225452Z /usr/bin/tar: ../../../../../usr/local/lib/android/sdk/platforms/android-36.1/data/res/values-mcc310-mnc200-nb: Cannot utime: Operation not permitted
build	Cache Android SDK	2026-06-06T12:22:54.5226461Z /usr/bin/tar: ../../../../../usr/local/lib/android/sdk/platforms/android-36.1/data/res/values-mcc310-mnc200-nb: Cannot change mode to rwxr-xr-x: Operation not permitted
build	Cache Android SDK	2026-06-06T12:22:54.5228728Z /usr/bin/tar: ../../../../../usr/local/lib/android/sdk/platforms/android-36.1/data/res/values-mcc313-mnc100-nl: Cannot utime: Operation not permitted
build	Cache Android SDK	2026-06-06T12:22:54.5229704Z /usr/bin/tar: ../../../../../usr/local/lib/android/sdk/platforms/android-36.1/data/res/values-mcc313-mnc100-nl: Cannot change mode to rwxr-xr-x: Operation not permitted
build	Cache Android SDK	2026-06-06T12:22:54.5231351Z /usr/bin/tar: ../../../../../usr/local/lib/android/sdk/platforms/android-36.1/data/res/values-mcc310-mnc380-ka: Cannot utime: Operation not permitted
build	Cache Android SDK	2026-06-06T12:22:54.5232288Z /usr/bin/tar: ../../../../../usr/local/lib/android/sdk/platforms/android-36.1/data/res/values-mcc310-mnc380-ka: Cannot change mode to rwxr-xr-x: Operation not permitted
build	Cache Android SDK	2026-06-06T12:22:54.5235463Z /usr/bin/tar: ../../../../../usr/local/lib/android/sdk/platforms/android-36.1/data/res/values-mcc310-mnc240-nl: Cannot utime: Operation not permitted
build	Cache Android SDK	2026-06-06T12:22:54.5236587Z /usr/bin/tar: ../../../../../usr/local/lib/android/sdk/platforms/android-36.1/data/res/values-mcc310-mnc240-nl: Cannot change mode to rwxr-xr-x: Operation not permitted
build	Cache Android SDK	2026-06-06T12:22:54.5238756Z /usr/bin/tar: ../../../../../usr/local/lib/android/sdk/platforms/android-36.1/data/res/values-mcc001-mnc01-uk: Cannot utime: Operation not permitted
build	Cache Android SDK	2026-06-06T12:22:54.5239710Z /usr/bin/tar: ../../../../../usr/local/lib/android/sdk/platforms/android-36.1/data/res/values-mcc001-mnc01-uk: Cannot change mode to rwxr-xr-x: Operation not permitted
build	Cache Android SDK	2026-06-06T12:22:54.5241900Z /usr/bin/tar: ../../../../../usr/local/lib/android/sdk/platforms/android-36.1/data/res/values-bg-television: Cannot utime: Operation not permitted
build	Cache Android SDK	2026-06-06T12:22:54.5243057Z /usr/bin/tar: ../../../../../usr/local/lib/android/sdk/platforms/android-36.1/data/res/values-bg-television: Cannot change mode to rwxr-xr-x: Operation not permitted
build	Cache Android SDK	2026-06-06T12:22:54.5245122Z /usr/bin/tar: ../../../../../usr/local/lib/android/sdk/platforms/android-36.1/data/res/values-mcc310-mnc800-ur: Cannot utime: Operation not permitted
build	Cache Android SDK	2026-06-06T12:22:54.5246265Z /usr/bin/tar: ../../../../../usr/local/lib/android/sdk/platforms/android-36.1/data/res/values-mcc310-mnc800-ur: Cannot change mode to rwxr-xr-x: Operation not permitted
build	Cache Android SDK	2026-06-06T12:22:54.5248409Z /usr/bin/tar: ../../../../../usr/local/lib/android/sdk/platforms/android-36.1/data/res/values-mcc310-mnc410-hy: Cannot utime: Operation not permitted
build	Cache Android SDK	2026-06-06T12:22:54.5249384Z /usr/bin/tar: ../../../../../usr/local/lib/android/sdk/platforms/android-36.1/data/res/values-mcc310-mnc410-hy: Cannot change mode to rwxr-xr-x: Operation not permitted
build	Cache Android SDK	2026-06-06T12:22:54.5252528Z /usr/bin/tar: ../../../../../usr/local/lib/android/sdk/platforms/android-36.1/data/res/values-w213dp: Cannot utime: Operation not permitted
build	Cache Android SDK	2026-06-06T12:22:54.5253434Z /usr/bin/tar: ../../../../../usr/local/lib/android/sdk/platforms/android-36.1/data/res/values-w213dp: Cannot change mode to rwxr-xr-x: Operation not permitted
build	Cache Android SDK	2026-06-06T12:22:54.5256564Z /usr/bin/tar: ../../../../../usr/local/lib/android/sdk/platforms/android-36.1/data/res/values-mcc310-mnc410-es-rUS: Cannot utime: Operation not permitted
build	Cache Android SDK	2026-06-06T12:22:54.5257836Z /usr/bin/tar: ../../../../../usr/local/lib/android/sdk/platforms/android-36.1/data/res/values-mcc310-mnc410-es-rUS: Cannot change mode to rwxr-xr-x: Operation not permitted
build	Cache Android SDK	2026-06-06T12:22:54.5259575Z /usr/bin/tar: ../../../../../usr/local/lib/android/sdk/platforms/android-36.1/data/res/values-mcc310-mnc660-tl: Cannot utime: Operation not permitted
build	Cache Android SDK	2026-06-06T12:22:54.5260515Z /usr/bin/tar: ../../../../../usr/local/lib/android/sdk/platforms/android-36.1/data/res/values-mcc310-mnc660-tl: Cannot change mode to rwxr-xr-x: Operation not permitted
build	Cache Android SDK	2026-06-06T12:22:54.5263058Z /usr/bin/tar: ../../../../../usr/local/lib/android/sdk/platforms/android-36.1/data/res/values-mcc310-mnc280-bn: Cannot utime: Operation not permitted
build	Cache Android SDK	2026-06-06T12:22:54.5264112Z /usr/bin/tar: ../../../../../usr/local/lib/android/sdk/platforms/android-36.1/data/res/values-mcc310-mnc280-bn: Cannot change mode to rwxr-xr-x: Operation not permitted
build	Cache Android SDK	2026-06-06T12:22:54.5266784Z /usr/bin/tar: ../../../../../usr/local/lib/android/sdk/platforms/android-36.1/data/res/values-mcc313-mnc100-b+sr+Latn: Cannot utime: Operation not permitted
build	Cache Android SDK	2026-06-06T12:22:54.5268089Z /usr/bin/tar: ../../../../../usr/local/lib/android/sdk/platforms/android-36.1/data/res/values-mcc313-mnc100-b+sr+Latn: Cannot change mode to rwxr-xr-x: Operation not permitted
build	Cache Android SDK	2026-06-06T12:22:54.5270289Z /usr/bin/tar: ../../../../../usr/local/lib/android/sdk/platforms/android-36.1/data/res/values-mcc466-mnc01: Cannot utime: Operation not permitted
build	Cache Android SDK	2026-06-06T12:22:54.5271416Z /usr/bin/tar: ../../../../../usr/local/lib/android/sdk/platforms/android-36.1/data/res/values-mcc466-mnc01: Cannot change mode to rwxr-xr-x: Operation not permitted
build	Cache Android SDK	2026-06-06T12:22:54.5275395Z /usr/bin/tar: ../../../../../usr/local/lib/android/sdk/platforms/android-36.1/data/res/raw-th: Cannot utime: Operation not permitted
build	Cache Android SDK	2026-06-06T12:22:54.5276396Z /usr/bin/tar: ../../../../../usr/local/lib/android/sdk/platforms/android-36.1/data/res/raw-th: Cannot change mode to rwxr-xr-x: Operation not permitted
build	Cache Android SDK	2026-06-06T12:22:54.5278334Z /usr/bin/tar: ../../../../../usr/local/lib/android/sdk/platforms/android-36.1/data/res/values-mcc302-mnc720-in: Cannot utime: Operation not permitted
build	Cache Android SDK	2026-06-06T12:22:54.5279364Z /usr/bin/tar: ../../../../../usr/local/lib/android/sdk/platforms/android-36.1/data/res/values-mcc302-mnc720-in: Cannot change mode to rwxr-xr-x: Operation not permitted
build	Cache Android SDK	2026-06-06T12:22:54.5281683Z /usr/bin/tar: ../../../../../usr/local/lib/android/sdk/platforms/android-36.1/data/res/values-mcc310-mnc210-gl: Cannot utime: Operation not permitted
build	Cache Android SDK	2026-06-06T12:22:54.5282712Z /usr/bin/tar: ../../../../../usr/local/lib/android/sdk/platforms/android-36.1/data/res/values-mcc310-mnc210-gl: Cannot change mode to rwxr-xr-x: Operation not permitted
build	Cache Android SDK	2026-06-06T12:22:54.5284971Z /usr/bin/tar: ../../../../../usr/local/lib/android/sdk/platforms/android-36.1/data/res/values-fr-rCH: Cannot utime: Operation not permitted
build	Cache Android SDK	2026-06-06T12:22:54.5286025Z /usr/bin/tar: ../../../../../usr/local/lib/android/sdk/platforms/android-36.1/data/res/values-fr-rCH: Cannot change mode to rwxr-xr-x: Operation not permitted
build	Cache Android SDK	2026-06-06T12:22:54.5288374Z /usr/bin/tar: ../../../../../usr/local/lib/android/sdk/platforms/android-36.1/data/res/values-hr-television: Cannot utime: Operation not permitted
build	Cache Android SDK	2026-06-06T12:22:54.5289394Z /usr/bin/tar: ../../../../../usr/local/lib/android/sdk/platforms/android-36.1/data/res/values-hr-television: Cannot change mode to rwxr-xr-x: Operation not permitted
build	Cache Android SDK	2026-06-06T12:22:54.5291743Z /usr/bin/tar: ../../../../../usr/local/lib/android/sdk/platforms/android-36.1/data/res/values-mcc313-mnc100-fr: Cannot utime: Operation not permitted
build	Cache Android SDK	2026-06-06T12:22:54.5292762Z /usr/bin/tar: ../../../../../usr/local/lib/android/sdk/platforms/android-36.1/data/res/values-mcc313-mnc100-fr: Cannot change mode to rwxr-xr-x: Operation not permitted
build	Cache Android SDK	2026-06-06T12:22:54.5294674Z /usr/bin/tar: ../../../../../usr/local/lib/android/sdk/platforms/android-36.1/data/res/values-km-television: Cannot utime: Operation not permitted
build	Cache Android SDK	2026-06-06T12:22:54.5295691Z /usr/bin/tar: ../../../../../usr/local/lib/android/sdk/platforms/android-36.1/data/res/values-km-television: Cannot change mode to rwxr-xr-x: Operation not permitted
build	Cache Android SDK	2026-06-06T12:22:54.5298064Z /usr/bin/tar: ../../../../../usr/local/lib/android/sdk/platforms/android-36.1/data/res/values-mcc310-mnc410-ar: Cannot utime: Operation not permitted
build	Cache Android SDK	2026-06-06T12:22:54.5299094Z /usr/bin/tar: ../../../../../usr/local/lib/android/sdk/platforms/android-36.1/data/res/values-mcc310-mnc410-ar: Cannot change mode to rwxr-xr-x: Operation not permitted
build	Cache Android SDK	2026-06-06T12:22:54.5301310Z /usr/bin/tar: ../../../../../usr/local/lib/android/sdk/platforms/android-36.1/data/res/values-mcc310-mnc660-fr: Cannot utime: Operation not permitted
build	Cache Android SDK	2026-06-06T12:22:54.5302334Z /usr/bin/tar: ../../../../../usr/local/lib/android/sdk/platforms/android-36.1/data/res/values-mcc310-mnc660-fr: Cannot change mode to rwxr-xr-x: Operation not permitted
build	Cache Android SDK	2026-06-06T12:22:54.5304555Z /usr/bin/tar: ../../../../../usr/local/lib/android/sdk/platforms/android-36.1/data/res/values-mcc310-mnc160-es-rUS: Cannot utime: Operation not permitted
build	Cache Android SDK	2026-06-06T12:22:54.5305637Z /usr/bin/tar: ../../../../../usr/local/lib/android/sdk/platforms/android-36.1/data/res/values-mcc310-mnc160-es-rUS: Cannot change mode to rwxr-xr-x: Operation not permitted
build	Cache Android SDK	2026-06-06T12:22:54.5308047Z /usr/bin/tar: ../../../../../usr/local/lib/android/sdk/platforms/android-36.1/data/res/values-mcc310-mnc200: Cannot utime: Operation not permitted
build	Cache Android SDK	2026-06-06T12:22:54.5308968Z /usr/bin/tar: ../../../../../usr/local/lib/android/sdk/platforms/android-36.1/data/res/values-mcc310-mnc200: Cannot change mode to rwxr-xr-x: Operation not permitted
build	Cache Android SDK	2026-06-06T12:22:54.5311494Z /usr/bin/tar: ../../../../../usr/local/lib/android/sdk/platforms/android-36.1/data/res/values-mcc310-mnc270-tl: Cannot utime: Operation not permitted
build	Cache Android SDK	2026-06-06T12:22:54.5312622Z /usr/bin/tar: ../../../../../usr/local/lib/android/sdk/platforms/android-36.1/data/res/values-mcc310-mnc270-tl: Cannot change mode to rwxr-xr-x: Operation not permitted
build	Cache Android SDK	2026-06-06T12:22:54.5315090Z /usr/bin/tar: ../../../../../usr/local/lib/android/sdk/platforms/android-36.1/data/res/values-mcc310-mnc950-sk: Cannot utime: Operation not permitted
build	Cache Android SDK	2026-06-06T12:22:54.5316175Z /usr/bin/tar: ../../../../../usr/local/lib/android/sdk/platforms/android-36.1/data/res/values-mcc310-mnc950-sk: Cannot change mode to rwxr-xr-x: Operation not permitted
build	Cache Android SDK	2026-06-06T12:22:54.5319327Z /usr/bin/tar: ../../../../../usr/local/lib/android/sdk/platforms/android-36.1/data/res/values-mcc310-mnc240-ky: Cannot utime: Operation not permitted
build	Cache Android SDK	2026-06-06T12:22:54.5320266Z /usr/bin/tar: ../../../../../usr/local/lib/android/sdk/platforms/android-36.1/data/res/values-mcc310-mnc240-ky: Cannot change mode to rwxr-xr-x: Operation not permitted
build	Cache Android SDK	2026-06-06T12:22:54.5322955Z /usr/bin/tar: ../../../../../usr/local/lib/android/sdk/platforms/android-36.1/data/res/values-mcc310-mnc310-ky: Cannot utime: Operation not permitted
build	Cache Android SDK	2026-06-06T12:22:54.5323986Z /usr/bin/tar: ../../../../../usr/local/lib/android/sdk/platforms/android-36.1/data/res/values-mcc310-mnc310-ky: Cannot change mode to rwxr-xr-x: Operation not permitted
build	Cache Android SDK	2026-06-06T12:22:54.5326169Z /usr/bin/tar: ../../../../../usr/local/lib/android/sdk/platforms/android-36.1/data/res/values-mcc310-mnc250-hu: Cannot utime: Operation not permitted
build	Cache Android SDK	2026-06-06T12:22:54.5327104Z /usr/bin/tar: ../../../../../usr/local/lib/android/sdk/platforms/android-36.1/data/res/values-mcc310-mnc250-hu: Cannot change mode to rwxr-xr-x: Operation not permitted
build	Cache Android SDK	2026-06-06T12:22:54.5329540Z /usr/bin/tar: ../../../../../usr/local/lib/android/sdk/platforms/android-36.1/data/res/values-mcc311-mnc490: Cannot utime: Operation not permitted
build	Cache Android SDK	2026-06-06T12:22:54.5330441Z /usr/bin/tar: ../../../../../usr/local/lib/android/sdk/platforms/android-36.1/data/res/values-mcc311-mnc490: Cannot change mode to rwxr-xr-x: Operation not permitted
build	Cache Android SDK	2026-06-06T12:22:54.5332809Z /usr/bin/tar: ../../../../../usr/local/lib/android/sdk/platforms/android-36.1/data/res/values-mcc310-mnc220-zu: Cannot utime: Operation not permitted
build	Cache Android SDK	2026-06-06T12:22:54.5333756Z /usr/bin/tar: ../../../../../usr/local/lib/android/sdk/platforms/android-36.1/data/res/values-mcc310-mnc220-zu: Cannot change mode to rwxr-xr-x: Operation not permitted
build	Cache Android SDK	2026-06-06T12:22:54.5336597Z /usr/bin/tar: ../../../../../usr/local/lib/android/sdk/platforms/android-36.1/data/res/values-mcc310-mnc150-gl: Cannot utime: Operation not permitted
build	Cache Android SDK	2026-06-06T12:22:54.5337980Z /usr/bin/tar: ../../../../../usr/local/lib/android/sdk/platforms/android-36.1/data/res/values-mcc310-mnc150-gl: Cannot change mode to rwxr-xr-x: Operation not permitted
build	Cache Android SDK	2026-06-06T12:22:54.5339436Z /usr/bin/tar: ../../../../../usr/local/lib/android/sdk/platforms/android-36.1/data/res/values-mcc302-mnc220: Cannot utime: Operation not permitted
build	Cache Android SDK	2026-06-06T12:22:54.5340359Z /usr/bin/tar: ../../../../../usr/local/lib/android/sdk/platforms/android-36.1/data/res/values-mcc302-mnc220: Cannot change mode to rwxr-xr-x: Operation not permitted
build	Cache Android SDK	2026-06-06T12:22:54.5343382Z /usr/bin/tar: ../../../../../usr/local/lib/android/sdk/platforms/android-36.1/data/res/values-mcc310-mnc560-sv: Cannot utime: Operation not permitted
build	Cache Android SDK	2026-06-06T12:22:54.5344526Z /usr/bin/tar: ../../../../../usr/local/lib/android/sdk/platforms/android-36.1/data/res/values-mcc310-mnc560-sv: Cannot change mode to rwxr-xr-x: Operation not permitted
build	Cache Android SDK	2026-06-06T12:22:54.5347584Z /usr/bin/tar: ../../../../../usr/local/lib/android/sdk/platforms/android-36.1/data/res/values-mcc310-mnc560-hy: Cannot utime: Operation not permitted
build	Cache Android SDK	2026-06-06T12:22:54.5348556Z /usr/bin/tar: ../../../../../usr/local/lib/android/sdk/platforms/android-36.1/data/res/values-mcc310-mnc560-hy: Cannot change mode to rwxr-xr-x: Operation not permitted
build	Cache Android SDK	2026-06-06T12:22:54.5350682Z /usr/bin/tar: ../../../../../usr/local/lib/android/sdk/platforms/android-36.1/data/res/values-mcc310-mnc170-en-rGB: Cannot utime: Operation not permitted
build	Cache Android SDK	2026-06-06T12:22:54.5351779Z /usr/bin/tar: ../../../../../usr/local/lib/android/sdk/platforms/android-36.1/data/res/values-mcc310-mnc170-en-rGB: Cannot change mode to rwxr-xr-x: Operation not permitted
build	Cache Android SDK	2026-06-06T12:22:54.5386680Z /usr/bin/tar: ../../../../../usr/local/lib/android/sdk/platforms/android-36.1/data/res/drawable-sw720dp-nodpi: Cannot utime: Operation not permitted
build	Cache Android SDK	2026-06-06T12:22:54.5388060Z /usr/bin/tar: ../../../../../usr/local/lib/android/sdk/platforms/android-36.1/data/res/drawable-sw720dp-nodpi: Cannot change mode to rwxr-xr-x: Operation not permitted
build	Cache Android SDK	2026-06-06T12:22:54.5389647Z /usr/bin/tar: ../../../../../usr/local/lib/android/sdk/platforms/android-36.1/data/res/values-mcc310-mnc410-ru: Cannot utime: Operation not permitted
build	Cache Android SDK	2026-06-06T12:22:54.5390595Z /usr/bin/tar: ../../../../../usr/local/lib/android/sdk/platforms/android-36.1/data/res/values-mcc310-mnc410-ru: Cannot change mode to rwxr-xr-x: Operation not permitted
build	Cache Android SDK	2026-06-06T12:22:54.5393707Z /usr/bin/tar: ../../../../../usr/local/lib/android/sdk/platforms/android-36.1/data/res/drawable-w192dp: Cannot utime: Operation not permitted
build	Cache Android SDK	2026-06-06T12:22:54.5394984Z /usr/bin/tar: ../../../../../usr/local/lib/android/sdk/platforms/android-36.1/data/res/drawable-w192dp: Cannot change mode to rwxr-xr-x: Operation not permitted
build	Cache Android SDK	2026-06-06T12:22:54.5396331Z /usr/bin/tar: ../../../../../usr/local/lib/android/sdk/platforms/android-36.1/data/res/values-mcc310-mnc380-ko: Cannot utime: Operation not permitted
build	Cache Android SDK	2026-06-06T12:22:54.5397268Z /usr/bin/tar: ../../../../../usr/local/lib/android/sdk/platforms/android-36.1/data/res/values-mcc310-mnc380-ko: Cannot change mode to rwxr-xr-x: Operation not permitted
build	Cache Android SDK	2026-06-06T12:22:54.5399203Z /usr/bin/tar: ../../../../../usr/local/lib/android/sdk/platforms/android-36.1/data/res/values-mcc302-mnc720-fr: Cannot utime: Operation not permitted
build	Cache Android SDK	2026-06-06T12:22:54.5400188Z /usr/bin/tar: ../../../../../usr/local/lib/android/sdk/platforms/android-36.1/data/res/values-mcc302-mnc720-fr: Cannot change mode to rwxr-xr-x: Operation not permitted
build	Cache Android SDK	2026-06-06T12:22:54.5411720Z /usr/bin/tar: ../../../../../usr/local/lib/android/sdk/platforms/android-36.1/data/res/drawable-land-hdpi: Cannot utime: Operation not permitted
build	Cache Android SDK	2026-06-06T12:22:54.5412950Z /usr/bin/tar: ../../../../../usr/local/lib/android/sdk/platforms/android-36.1/data/res/drawable-land-hdpi: Cannot change mode to rwxr-xr-x: Operation not permitted
build	Cache Android SDK	2026-06-06T12:22:54.5414559Z /usr/bin/tar: ../../../../../usr/local/lib/android/sdk/platforms/android-36.1/data/res/values-mcc310-mnc660-it: Cannot utime: Operation not permitted
build	Cache Android SDK	2026-06-06T12:22:54.5415521Z /usr/bin/tar: ../../../../../usr/local/lib/android/sdk/platforms/android-36.1/data/res/values-mcc310-mnc660-it: Cannot change mode to rwxr-xr-x: Operation not permitted
build	Cache Android SDK	2026-06-06T12:22:54.5418202Z /usr/bin/tar: ../../../../../usr/local/lib/android/sdk/platforms/android-36.1/data/res/values-mcc310-mnc250-ru: Cannot utime: Operation not permitted
build	Cache Android SDK	2026-06-06T12:22:54.5419442Z /usr/bin/tar: ../../../../../usr/local/lib/android/sdk/platforms/android-36.1/data/res/values-mcc310-mnc250-ru: Cannot change mode to rwxr-xr-x: Operation not permitted
build	Cache Android SDK	2026-06-06T12:22:54.5423465Z /usr/bin/tar: ../../../../../usr/local/lib/android/sdk/platforms/android-36.1/data/res/values-et-television: Cannot utime: Operation not permitted
build	Cache Android SDK	2026-06-06T12:22:54.5424703Z /usr/bin/tar: ../../../../../usr/local/lib/android/sdk/platforms/android-36.1/data/res/values-et-television: Cannot change mode to rwxr-xr-x: Operation not permitted
build	Cache Android SDK	2026-06-06T12:22:54.5426223Z /usr/bin/tar: ../../../../../usr/local/lib/android/sdk/platforms/android-36.1/data/res/values-mcc310-mnc280-si: Cannot utime: Operation not permitted
build	Cache Android SDK	2026-06-06T12:22:54.5427180Z /usr/bin/tar: ../../../../../usr/local/lib/android/sdk/platforms/android-36.1/data/res/values-mcc310-mnc280-si: Cannot change mode to rwxr-xr-x: Operation not permitted
build	Cache Android SDK	2026-06-06T12:22:54.5429288Z /usr/bin/tar: ../../../../../usr/local/lib/android/sdk/platforms/android-36.1/data/res/values-mcc311-mnc180-nl: Cannot utime: Operation not permitted
build	Cache Android SDK	2026-06-06T12:22:54.5430357Z /usr/bin/tar: ../../../../../usr/local/lib/android/sdk/platforms/android-36.1/data/res/values-mcc311-mnc180-nl: Cannot change mode to rwxr-xr-x: Operation not permitted
build	Cache Android SDK	2026-06-06T12:22:54.5435958Z /usr/bin/tar: ../../../../../usr/local/lib/android/sdk/platforms/android-36.1/data/res/drawable-sw600dp-hdpi: Cannot utime: Operation not permitted
build	Cache Android SDK	2026-06-06T12:22:54.5437043Z /usr/bin/tar: ../../../../../usr/local/lib/android/sdk/platforms/android-36.1/data/res/drawable-sw600dp-hdpi: Cannot change mode to rwxr-xr-x: Operation not permitted
build	Cache Android SDK	2026-06-06T12:22:54.5438862Z /usr/bin/tar: ../../../../../usr/local/lib/android/sdk/platforms/android-36.1/data/res/values-mcc302-mnc370-sr: Cannot utime: Operation not permitted
build	Cache Android SDK	2026-06-06T12:22:54.5439790Z /usr/bin/tar: ../../../../../usr/local/lib/android/sdk/platforms/android-36.1/data/res/values-mcc302-mnc370-sr: Cannot change mode to rwxr-xr-x: Operation not permitted
build	Cache Android SDK	2026-06-06T12:22:54.5441927Z /usr/bin/tar: ../../../../../usr/local/lib/android/sdk/platforms/android-36.1/data/res/values-mcc310-mnc310-is: Cannot utime: Operation not permitted
build	Cache Android SDK	2026-06-06T12:22:54.5443060Z /usr/bin/tar: ../../../../../usr/local/lib/android/sdk/platforms/android-36.1/data/res/values-mcc310-mnc310-is: Cannot change mode to rwxr-xr-x: Operation not permitted
build	Cache Android SDK	2026-06-06T12:22:54.5444810Z /usr/bin/tar: ../../../../../usr/local/lib/android/sdk/platforms/android-36.1/data/res/values-mcc310-mnc240-es-rUS: Cannot utime: Operation not permitted
build	Cache Android SDK	2026-06-06T12:22:54.5445798Z /usr/bin/tar: ../../../../../usr/local/lib/android/sdk/platforms/android-36.1/data/res/values-mcc310-mnc240-es-rUS: Cannot change mode to rwxr-xr-x: Operation not permitted
build	Cache Android SDK	2026-06-06T12:22:54.5448433Z /usr/bin/tar: ../../../../../usr/local/lib/android/sdk/platforms/android-36.1/data/res/values-mcc310-mnc170-gl: Cannot utime: Operation not permitted
build	Cache Android SDK	2026-06-06T12:22:54.5449398Z /usr/bin/tar: ../../../../../usr/local/lib/android/sdk/platforms/android-36.1/data/res/values-mcc310-mnc170-gl: Cannot change mode to rwxr-xr-x: Operation not permitted
build	Cache Android SDK	2026-06-06T12:22:54.5452125Z /usr/bin/tar: ../../../../../usr/local/lib/android/sdk/platforms/android-36.1/data/res/values-mcc310-mnc270-uk: Cannot utime: Operation not permitted
build	Cache Android SDK	2026-06-06T12:22:54.5453074Z /usr/bin/tar: ../../../../../usr/local/lib/android/sdk/platforms/android-36.1/data/res/values-mcc310-mnc270-uk: Cannot change mode to rwxr-xr-x: Operation not permitted
build	Cache Android SDK	2026-06-06T12:22:54.5455349Z /usr/bin/tar: ../../../../../usr/local/lib/android/sdk/platforms/android-36.1/data/res/values-mcc310-mnc800-fi: Cannot utime: Operation not permitted
build	Cache Android SDK	2026-06-06T12:22:54.5456276Z /usr/bin/tar: ../../../../../usr/local/lib/android/sdk/platforms/android-36.1/data/res/values-mcc310-mnc800-fi: Cannot change mode to rwxr-xr-x: Operation not permitted
build	Cache Android SDK	2026-06-06T12:22:54.5458525Z /usr/bin/tar: ../../../../../usr/local/lib/android/sdk/platforms/android-36.1/data/res/values-mcc450: Cannot utime: Operation not permitted
build	Cache Android SDK	2026-06-06T12:22:54.5460212Z /usr/bin/tar: ../../../../../usr/local/lib/android/sdk/platforms/android-36.1/data/res/values-mcc450: Cannot change mode to rwxr-xr-x: Operation not permitted
build	Cache Android SDK	2026-06-06T12:22:54.5461383Z /usr/bin/tar: ../../../../../usr/local/lib/android/sdk/platforms/android-36.1/data/res/values-or-television: Cannot utime: Operation not permitted
build	Cache Android SDK	2026-06-06T12:22:54.5462531Z /usr/bin/tar: ../../../../../usr/local/lib/android/sdk/platforms/android-36.1/data/res/values-or-television: Cannot change mode to rwxr-xr-x: Operation not permitted
build	Cache Android SDK	2026-06-06T12:22:54.5464195Z /usr/bin/tar: ../../../../../usr/local/lib/android/sdk/platforms/android-36.1/data/res/values-es-rES: Cannot utime: Operation not permitted
build	Cache Android SDK	2026-06-06T12:22:54.5465201Z /usr/bin/tar: ../../../../../usr/local/lib/android/sdk/platforms/android-36.1/data/res/values-es-rES: Cannot change mode to rwxr-xr-x: Operation not permitted
build	Cache Android SDK	2026-06-06T12:22:54.5466894Z /usr/bin/tar: ../../../../../usr/local/lib/android/sdk/platforms/android-36.1/data/res/values-mcc302-mnc370-nl: Cannot utime: Operation not permitted
build	Cache Android SDK	2026-06-06T12:22:54.5468116Z /usr/bin/tar: ../../../../../usr/local/lib/android/sdk/platforms/android-36.1/data/res/values-mcc302-mnc370-nl: Cannot change mode to rwxr-xr-x: Operation not permitted
build	Cache Android SDK	2026-06-06T12:22:54.5469831Z /usr/bin/tar: ../../../../../usr/local/lib/android/sdk/platforms/android-36.1/data/res/values-mcc310-mnc950-fr-rCA: Cannot utime: Operation not permitted
build	Cache Android SDK	2026-06-06T12:22:54.5470969Z /usr/bin/tar: ../../../../../usr/local/lib/android/sdk/platforms/android-36.1/data/res/values-mcc310-mnc950-fr-rCA: Cannot change mode to rwxr-xr-x: Operation not permitted
build	Cache Android SDK	2026-06-06T12:22:54.5472534Z /usr/bin/tar: ../../../../../usr/local/lib/android/sdk/platforms/android-36.1/data/res/values-mcc310-mnc210-ca: Cannot utime: Operation not permitted
build	Cache Android SDK	2026-06-06T12:22:54.5473478Z /usr/bin/tar: ../../../../../usr/local/lib/android/sdk/platforms/android-36.1/data/res/values-mcc310-mnc210-ca: Cannot change mode to rwxr-xr-x: Operation not permitted
build	Cache Android SDK	2026-06-06T12:22:54.5476926Z /usr/bin/tar: ../../../../../usr/local/lib/android/sdk/platforms/android-36.1/data/res/values-mcc310-mnc490-el: Cannot utime: Operation not permitted
build	Cache Android SDK	2026-06-06T12:22:54.5478167Z /usr/bin/tar: ../../../../../usr/local/lib/android/sdk/platforms/android-36.1/data/res/values-mcc310-mnc490-el: Cannot change mode to rwxr-xr-x: Operation not permitted
build	Cache Android SDK	2026-06-06T12:22:54.5480287Z /usr/bin/tar: ../../../../../usr/local/lib/android/sdk/platforms/android-36.1/data/res/values-mcc311-mnc180-uk: Cannot utime: Operation not permitted
build	Cache Android SDK	2026-06-06T12:22:54.5481241Z /usr/bin/tar: ../../../../../usr/local/lib/android/sdk/platforms/android-36.1/data/res/values-mcc311-mnc180-uk: Cannot change mode to rwxr-xr-x: Operation not permitted
build	Cache Android SDK	2026-06-06T12:22:54.5484582Z /usr/bin/tar: ../../../../../usr/local/lib/android/sdk/platforms/android-36.1/data/res/values-ms-watch: Cannot utime: Operation not permitted
build	Cache Android SDK	2026-06-06T12:22:54.5485474Z /usr/bin/tar: ../../../../../usr/local/lib/android/sdk/platforms/android-36.1/data/res/values-ms-watch: Cannot change mode to rwxr-xr-x: Operation not permitted
build	Cache Android SDK	2026-06-06T12:22:54.5488040Z /usr/bin/tar: ../../../../../usr/local/lib/android/sdk/platforms/android-36.1/data/res/values-mcc310-mnc220-mr: Cannot utime: Operation not permitted
build	Cache Android SDK	2026-06-06T12:22:54.5488967Z /usr/bin/tar: ../../../../../usr/local/lib/android/sdk/platforms/android-36.1/data/res/values-mcc310-mnc220-mr: Cannot change mode to rwxr-xr-x: Operation not permitted
build	Cache Android SDK	2026-06-06T12:22:54.5491940Z /usr/bin/tar: ../../../../../usr/local/lib/android/sdk/platforms/android-36.1/data/res/values-mcc310-mnc660-kn: Cannot utime: Operation not permitted
build	Cache Android SDK	2026-06-06T12:22:54.5493067Z /usr/bin/tar: ../../../../../usr/local/lib/android/sdk/platforms/android-36.1/data/res/values-mcc310-mnc660-kn: Cannot change mode to rwxr-xr-x: Operation not permitted
build	Cache Android SDK	2026-06-06T12:22:54.5494861Z /usr/bin/tar: ../../../../../usr/local/lib/android/sdk/platforms/android-36.1/data/res/values-mcc310-mnc210-b+sr+Latn: Cannot utime: Operation not permitted
build	Cache Android SDK	2026-06-06T12:22:54.5495918Z /usr/bin/tar: ../../../../../usr/local/lib/android/sdk/platforms/android-36.1/data/res/values-mcc310-mnc210-b+sr+Latn: Cannot change mode to rwxr-xr-x: Operation not permitted
build	Cache Android SDK	2026-06-06T12:22:54.5499012Z /usr/bin/tar: ../../../../../usr/local/lib/android/sdk/platforms/android-36.1/data/res/values-mcc310-mnc220-iw: Cannot utime: Operation not permitted
build	Cache Android SDK	2026-06-06T12:22:54.5500063Z /usr/bin/tar: ../../../../../usr/local/lib/android/sdk/platforms/android-36.1/data/res/values-mcc310-mnc220-iw: Cannot change mode to rwxr-xr-x: Operation not permitted
build	Cache Android SDK	2026-06-06T12:22:54.5502457Z /usr/bin/tar: ../../../../../usr/local/lib/android/sdk/platforms/android-36.1/data/res/values-mcc334-mnc020-uk: Cannot utime: Operation not permitted
build	Cache Android SDK	2026-06-06T12:22:54.5503386Z /usr/bin/tar: ../../../../../usr/local/lib/android/sdk/platforms/android-36.1/data/res/values-mcc334-mnc020-uk: Cannot change mode to rwxr-xr-x: Operation not permitted
build	Cache Android SDK	2026-06-06T12:22:54.5506114Z /usr/bin/tar: ../../../../../usr/local/lib/android/sdk/platforms/android-36.1/data/res/values-mcc313-mnc100-et: Cannot utime: Operation not permitted
build	Cache Android SDK	2026-06-06T12:22:54.5507148Z /usr/bin/tar: ../../../../../usr/local/lib/android/sdk/platforms/android-36.1/data/res/values-mcc313-mnc100-et: Cannot change mode to rwxr-xr-x: Operation not permitted
build	Cache Android SDK	2026-06-06T12:22:54.5509377Z /usr/bin/tar: ../../../../../usr/local/lib/android/sdk/platforms/android-36.1/data/res/values-nl-rBE: Cannot utime: Operation not permitted
build	Cache Android SDK	2026-06-06T12:22:54.5510465Z /usr/bin/tar: ../../../../../usr/local/lib/android/sdk/platforms/android-36.1/data/res/values-nl-rBE: Cannot change mode to rwxr-xr-x: Operation not permitted
build	Cache Android SDK	2026-06-06T12:22:54.5513624Z /usr/bin/tar: ../../../../../usr/local/lib/android/sdk/platforms/android-36.1/data/res/values-mcc310-mnc560-gu: Cannot utime: Operation not permitted
build	Cache Android SDK	2026-06-06T12:22:54.5514847Z /usr/bin/tar: ../../../../../usr/local/lib/android/sdk/platforms/android-36.1/data/res/values-mcc310-mnc560-gu: Cannot change mode to rwxr-xr-x: Operation not permitted
build	Cache Android SDK	2026-06-06T12:22:54.5516326Z /usr/bin/tar: ../../../../../usr/local/lib/android/sdk/platforms/android-36.1/data/res/values-mcc310-mnc800-lv: Cannot utime: Operation not permitted
build	Cache Android SDK	2026-06-06T12:22:54.5517336Z /usr/bin/tar: ../../../../../usr/local/lib/android/sdk/platforms/android-36.1/data/res/values-mcc310-mnc800-lv: Cannot change mode to rwxr-xr-x: Operation not permitted
build	Cache Android SDK	2026-06-06T12:22:54.5520072Z /usr/bin/tar: ../../../../../usr/local/lib/android/sdk/platforms/android-36.1/data/res/values-mcc302-mnc720-nb: Cannot utime: Operation not permitted
build	Cache Android SDK	2026-06-06T12:22:54.5521006Z /usr/bin/tar: ../../../../../usr/local/lib/android/sdk/platforms/android-36.1/data/res/values-mcc302-mnc720-nb: Cannot change mode to rwxr-xr-x: Operation not permitted
build	Cache Android SDK	2026-06-06T12:22:54.5523597Z /usr/bin/tar: ../../../../../usr/local/lib/android/sdk/platforms/android-36.1/data/res/values-mcc313-mnc100-ru: Cannot utime: Operation not permitted
build	Cache Android SDK	2026-06-06T12:22:54.5524544Z /usr/bin/tar: ../../../../../usr/local/lib/android/sdk/platforms/android-36.1/data/res/values-mcc313-mnc100-ru: Cannot change mode to rwxr-xr-x: Operation not permitted
build	Cache Android SDK	2026-06-06T12:22:54.5527011Z /usr/bin/tar: ../../../../../usr/local/lib/android/sdk/platforms/android-36.1/data/res/values-mcc310-mnc380-sk: Cannot utime: Operation not permitted
build	Cache Android SDK	2026-06-06T12:22:54.5528127Z /usr/bin/tar: ../../../../../usr/local/lib/android/sdk/platforms/android-36.1/data/res/values-mcc310-mnc380-sk: Cannot change mode to rwxr-xr-x: Operation not permitted
build	Cache Android SDK	2026-06-06T12:22:54.5531585Z /usr/bin/tar: ../../../../../usr/local/lib/android/sdk/platforms/android-36.1/data/res/xml-xlarge: Cannot utime: Operation not permitted
build	Cache Android SDK	2026-06-06T12:22:54.5532454Z /usr/bin/tar: ../../../../../usr/local/lib/android/sdk/platforms/android-36.1/data/res/xml-xlarge: Cannot change mode to rwxr-xr-x: Operation not permitted
build	Cache Android SDK	2026-06-06T12:22:54.5534712Z /usr/bin/tar: ../../../../../usr/local/lib/android/sdk/platforms/android-36.1/data/res/values-mcc310-mnc240-uk: Cannot utime: Operation not permitted
build	Cache Android SDK	2026-06-06T12:22:54.5535649Z /usr/bin/tar: ../../../../../usr/local/lib/android/sdk/platforms/android-36.1/data/res/values-mcc310-mnc240-uk: Cannot change mode to rwxr-xr-x: Operation not permitted
build	Cache Android SDK	2026-06-06T12:22:54.5538565Z /usr/bin/tar: ../../../../../usr/local/lib/android/sdk/platforms/android-36.1/data/res/values-sw372dp: Cannot utime: Operation not permitted
build	Cache Android SDK	2026-06-06T12:22:54.5539552Z /usr/bin/tar: ../../../../../usr/local/lib/android/sdk/platforms/android-36.1/data/res/values-sw372dp: Cannot change mode to rwxr-xr-x: Operation not permitted
build	Cache Android SDK	2026-06-06T12:22:54.5542069Z /usr/bin/tar: ../../../../../usr/local/lib/android/sdk/platforms/android-36.1/data/res/values-mcc310-mnc160-b+sr+Latn: Cannot utime: Operation not permitted
build	Cache Android SDK	2026-06-06T12:22:54.5543105Z /usr/bin/tar: ../../../../../usr/local/lib/android/sdk/platforms/android-36.1/data/res/values-mcc310-mnc160-b+sr+Latn: Cannot change mode to rwxr-xr-x: Operation not permitted
build	Cache Android SDK	2026-06-06T12:22:54.5546721Z /usr/bin/tar: ../../../../../usr/local/lib/android/sdk/platforms/android-36.1/data/res/values-mcc334-mnc020-az: Cannot utime: Operation not permitted
build	Cache Android SDK	2026-06-06T12:22:54.5548752Z /usr/bin/tar: ../../../../../usr/local/lib/android/sdk/platforms/android-36.1/data/res/values-mcc334-mnc020-az: Cannot change mode to rwxr-xr-x: Operation not permitted
build	Cache Android SDK	2026-06-06T12:22:54.5549655Z /usr/bin/tar: ../../../../../usr/local/lib/android/sdk/platforms/android-36.1/data/res/raw-ru: Cannot utime: Operation not permitted
build	Cache Android SDK	2026-06-06T12:22:54.5550534Z /usr/bin/tar: ../../../../../usr/local/lib/android/sdk/platforms/android-36.1/data/res/raw-ru: Cannot change mode to rwxr-xr-x: Operation not permitted
build	Cache Android SDK	2026-06-06T12:22:54.5552234Z /usr/bin/tar: ../../../../../usr/local/lib/android/sdk/platforms/android-36.1/data/res/values-mcc310-mnc280-en-rIN: Cannot utime: Operation not permitted
build	Cache Android SDK	2026-06-06T12:22:54.5553203Z /usr/bin/tar: ../../../../../usr/local/lib/android/sdk/platforms/android-36.1/data/res/values-mcc310-mnc280-en-rIN: Cannot change mode to rwxr-xr-x: Operation not permitted
build	Cache Android SDK	2026-06-06T12:22:54.5555668Z /usr/bin/tar: ../../../../../usr/local/lib/android/sdk/platforms/android-36.1/data/res/values-mcc310-mnc270-lv: Cannot utime: Operation not permitted
build	Cache Android SDK	2026-06-06T12:22:54.5556698Z /usr/bin/tar: ../../../../../usr/local/lib/android/sdk/platforms/android-36.1/data/res/values-mcc310-mnc270-lv: Cannot change mode to rwxr-xr-x: Operation not permitted
build	Cache Android SDK	2026-06-06T12:22:54.5558786Z /usr/bin/tar: ../../../../../usr/local/lib/android/sdk/platforms/android-36.1/data/res/values-mcc310-mnc380-hu: Cannot utime: Operation not permitted
build	Cache Android SDK	2026-06-06T12:22:54.5559713Z /usr/bin/tar: ../../../../../usr/local/lib/android/sdk/platforms/android-36.1/data/res/values-mcc310-mnc380-hu: Cannot change mode to rwxr-xr-x: Operation not permitted
build	Cache Android SDK	2026-06-06T12:22:54.5562237Z /usr/bin/tar: ../../../../../usr/local/lib/android/sdk/platforms/android-36.1/data/res/values-mcc310-mnc660-hr: Cannot utime: Operation not permitted
build	Cache Android SDK	2026-06-06T12:22:54.5563183Z /usr/bin/tar: ../../../../../usr/local/lib/android/sdk/platforms/android-36.1/data/res/values-mcc310-mnc660-hr: Cannot change mode to rwxr-xr-x: Operation not permitted
build	Cache Android SDK	2026-06-06T12:22:54.5565110Z /usr/bin/tar: ../../../../../usr/local/lib/android/sdk/platforms/android-36.1/data/res/values-mcc310-mnc200-da: Cannot utime: Operation not permitted
build	Cache Android SDK	2026-06-06T12:22:54.5566056Z /usr/bin/tar: ../../../../../usr/local/lib/android/sdk/platforms/android-36.1/data/res/values-mcc310-mnc200-da: Cannot change mode to rwxr-xr-x: Operation not permitted
build	Cache Android SDK	2026-06-06T12:22:54.5569292Z /usr/bin/tar: ../../../../../usr/local/lib/android/sdk/platforms/android-36.1/data/res/values-mcc310-mnc280-mk: Cannot utime: Operation not permitted
build	Cache Android SDK	2026-06-06T12:22:54.5570299Z /usr/bin/tar: ../../../../../usr/local/lib/android/sdk/platforms/android-36.1/data/res/values-mcc310-mnc280-mk: Cannot change mode to rwxr-xr-x: Operation not permitted
build	Cache Android SDK	2026-06-06T12:22:54.5572061Z /usr/bin/tar: ../../../../../usr/local/lib/android/sdk/platforms/android-36.1/data/res/values-az-watch: Cannot utime: Operation not permitted
build	Cache Android SDK	2026-06-06T12:22:54.5572964Z /usr/bin/tar: ../../../../../usr/local/lib/android/sdk/platforms/android-36.1/data/res/values-az-watch: Cannot change mode to rwxr-xr-x: Operation not permitted
build	Cache Android SDK	2026-06-06T12:22:54.5575378Z /usr/bin/tar: ../../../../../usr/local/lib/android/sdk/platforms/android-36.1/data/res/values-mcc310-mnc200-pt-rPT: Cannot utime: Operation not permitted
build	Cache Android SDK	2026-06-06T12:22:54.5576461Z /usr/bin/tar: ../../../../../usr/local/lib/android/sdk/platforms/android-36.1/data/res/values-mcc310-mnc200-pt-rPT: Cannot change mode to rwxr-xr-x: Operation not permitted
build	Cache Android SDK	2026-06-06T12:22:54.5579526Z /usr/bin/tar: ../../../../../usr/local/lib/android/sdk/platforms/android-36.1/data/res/values-mcc310-mnc800-uk: Cannot utime: Operation not permitted
build	Cache Android SDK	2026-06-06T12:22:54.5580465Z /usr/bin/tar: ../../../../../usr/local/lib/android/sdk/platforms/android-36.1/data/res/values-mcc310-mnc800-uk: Cannot change mode to rwxr-xr-x: Operation not permitted
build	Cache Android SDK	2026-06-06T12:22:54.5582882Z /usr/bin/tar: ../../../../../usr/local/lib/android/sdk/platforms/android-36.1/data/res/values-mcc310-mnc950-ur: Cannot utime: Operation not permitted
build	Cache Android SDK	2026-06-06T12:22:54.5583910Z /usr/bin/tar: ../../../../../usr/local/lib/android/sdk/platforms/android-36.1/data/res/values-mcc310-mnc950-ur: Cannot change mode to rwxr-xr-x: Operation not permitted
build	Cache Android SDK	2026-06-06T12:22:54.5591089Z /usr/bin/tar: ../../../../../usr/local/lib/android/sdk/platforms/android-36.1/data/res/values-bn: Cannot utime: Operation not permitted
build	Cache Android SDK	2026-06-06T12:22:54.5593553Z /usr/bin/tar: ../../../../../usr/local/lib/android/sdk/platforms/android-36.1/data/res/values-bn: Cannot change mode to rwxr-xr-x: Operation not permitted
build	Cache Android SDK	2026-06-06T12:22:54.5595219Z /usr/bin/tar: ../../../../../usr/local/lib/android/sdk/platforms/android-36.1/data/res/values-mcc302-mnc370: Cannot utime: Operation not permitted
build	Cache Android SDK	2026-06-06T12:22:54.5596377Z /usr/bin/tar: ../../../../../usr/local/lib/android/sdk/platforms/android-36.1/data/res/values-mcc302-mnc370: Cannot change mode to rwxr-xr-x: Operation not permitted
build	Cache Android SDK	2026-06-06T12:22:54.5597677Z /usr/bin/tar: ../../../../../usr/local/lib/android/sdk/platforms/android-36.1/data/res/values-mcc310-mnc560-sq: Cannot utime: Operation not permitted
build	Cache Android SDK	2026-06-06T12:22:54.5598741Z /usr/bin/tar: ../../../../../usr/local/lib/android/sdk/platforms/android-36.1/data/res/values-mcc310-mnc560-sq: Cannot change mode to rwxr-xr-x: Operation not permitted
build	Cache Android SDK	2026-06-06T12:22:54.5605610Z /usr/bin/tar: ../../../../../usr/local/lib/android/sdk/platforms/android-36.1/data/res/drawable-watch: Cannot utime: Operation not permitted
build	Cache Android SDK	2026-06-06T12:22:54.5606499Z /usr/bin/tar: ../../../../../usr/local/lib/android/sdk/platforms/android-36.1/data/res/drawable-watch: Cannot change mode to rwxr-xr-x: Operation not permitted
build	Cache Android SDK	2026-06-06T12:22:54.5608966Z /usr/bin/tar: ../../../../../usr/local/lib/android/sdk/platforms/android-36.1/data/res/values-mcc310-mnc150-as: Cannot utime: Operation not permitted
build	Cache Android SDK	2026-06-06T12:22:54.5609901Z /usr/bin/tar: ../../../../../usr/local/lib/android/sdk/platforms/android-36.1/data/res/values-mcc310-mnc150-as: Cannot change mode to rwxr-xr-x: Operation not permitted
build	Cache Android SDK	2026-06-06T12:22:54.5612839Z /usr/bin/tar: ../../../../../usr/local/lib/android/sdk/platforms/android-36.1/data/res/values-mcc310-mnc560-uk: Cannot utime: Operation not permitted
build	Cache Android SDK	2026-06-06T12:22:54.5613766Z /usr/bin/tar: ../../../../../usr/local/lib/android/sdk/platforms/android-36.1/data/res/values-mcc310-mnc560-uk: Cannot change mode to rwxr-xr-x: Operation not permitted
build	Cache Android SDK	2026-06-06T12:22:54.5616480Z /usr/bin/tar: ../../../../../usr/local/lib/android/sdk/platforms/android-36.1/data/res/values-mcc334-mnc020-hy: Cannot utime: Operation not permitted
build	Cache Android SDK	2026-06-06T12:22:54.5617516Z /usr/bin/tar: ../../../../../usr/local/lib/android/sdk/platforms/android-36.1/data/res/values-mcc334-mnc020-hy: Cannot change mode to rwxr-xr-x: Operation not permitted
build	Cache Android SDK	2026-06-06T12:22:54.5620109Z /usr/bin/tar: ../../../../../usr/local/lib/android/sdk/platforms/android-36.1/data/res/values-mcc310-mnc240-pa: Cannot utime: Operation not permitted
build	Cache Android SDK	2026-06-06T12:22:54.5621117Z /usr/bin/tar: ../../../../../usr/local/lib/android/sdk/platforms/android-36.1/data/res/values-mcc310-mnc240-pa: Cannot change mode to rwxr-xr-x: Operation not permitted
build	Cache Android SDK	2026-06-06T12:22:54.5623531Z /usr/bin/tar: ../../../../../usr/local/lib/android/sdk/platforms/android-36.1/data/res/values-mcc302-mnc370-ca: Cannot utime: Operation not permitted
build	Cache Android SDK	2026-06-06T12:22:54.5624657Z /usr/bin/tar: ../../../../../usr/local/lib/android/sdk/platforms/android-36.1/data/res/values-mcc302-mnc370-ca: Cannot change mode to rwxr-xr-x: Operation not permitted
build	Cache Android SDK	2026-06-06T12:22:54.5626885Z /usr/bin/tar: ../../../../../usr/local/lib/android/sdk/platforms/android-36.1/data/res/values-mcc310-mnc240-zh-rHK: Cannot utime: Operation not permitted
build	Cache Android SDK	2026-06-06T12:22:54.5628136Z /usr/bin/tar: ../../../../../usr/local/lib/android/sdk/platforms/android-36.1/data/res/values-mcc310-mnc240-zh-rHK: Cannot change mode to rwxr-xr-x: Operation not permitted
build	Cache Android SDK	2026-06-06T12:22:54.5629747Z /usr/bin/tar: ../../../../../usr/local/lib/android/sdk/platforms/android-36.1/data/res/values-mcc310-mnc950-lo: Cannot utime: Operation not permitted
build	Cache Android SDK	2026-06-06T12:22:54.5630862Z /usr/bin/tar: ../../../../../usr/local/lib/android/sdk/platforms/android-36.1/data/res/values-mcc310-mnc950-lo: Cannot change mode to rwxr-xr-x: Operation not permitted
build	Cache Android SDK	2026-06-06T12:22:54.5632621Z /usr/bin/tar: ../../../../../usr/local/lib/android/sdk/platforms/android-36.1/data/res/values-mcc310-mnc660-ta: Cannot utime: Operation not permitted
build	Cache Android SDK	2026-06-06T12:22:54.5633597Z /usr/bin/tar: ../../../../../usr/local/lib/android/sdk/platforms/android-36.1/data/res/values-mcc310-mnc660-ta: Cannot change mode to rwxr-xr-x: Operation not permitted
build	Cache Android SDK	2026-06-06T12:22:54.5635806Z /usr/bin/tar: ../../../../../usr/local/lib/android/sdk/platforms/android-36.1/data/res/values-mcc310-mnc270-ms: Cannot utime: Operation not permitted
build	Cache Android SDK	2026-06-06T12:22:54.5636740Z /usr/bin/tar: ../../../../../usr/local/lib/android/sdk/platforms/android-36.1/data/res/values-mcc310-mnc270-ms: Cannot change mode to rwxr-xr-x: Operation not permitted
build	Cache Android SDK	2026-06-06T12:22:54.5639608Z /usr/bin/tar: ../../../../../usr/local/lib/android/sdk/platforms/android-36.1/data/res/values-mcc310-mnc280-ca: Cannot utime: Operation not permitted
build	Cache Android SDK	2026-06-06T12:22:54.5640557Z /usr/bin/tar: ../../../../../usr/local/lib/android/sdk/platforms/android-36.1/data/res/values-mcc310-mnc280-ca: Cannot change mode to rwxr-xr-x: Operation not permitted
build	Cache Android SDK	2026-06-06T12:22:54.5642862Z /usr/bin/tar: ../../../../../usr/local/lib/android/sdk/platforms/android-36.1/data/res/values-mcc310-mnc280-az: Cannot utime: Operation not permitted
build	Cache Android SDK	2026-06-06T12:22:54.5643797Z /usr/bin/tar: ../../../../../usr/local/lib/android/sdk/platforms/android-36.1/data/res/values-mcc310-mnc280-az: Cannot change mode to rwxr-xr-x: Operation not permitted
build	Cache Android SDK	2026-06-06T12:22:54.5646051Z /usr/bin/tar: ../../../../../usr/local/lib/android/sdk/platforms/android-36.1/data/res/values-mcc310-mnc240-tr: Cannot utime: Operation not permitted
build	Cache Android SDK	2026-06-06T12:22:54.5646989Z /usr/bin/tar: ../../../../../usr/local/lib/android/sdk/platforms/android-36.1/data/res/values-mcc310-mnc240-tr: Cannot change mode to rwxr-xr-x: Operation not permitted
build	Cache Android SDK	2026-06-06T12:22:54.5649444Z /usr/bin/tar: ../../../../../usr/local/lib/android/sdk/platforms/android-36.1/data/res/values-mcc001-mnc01-sr: Cannot utime: Operation not permitted
build	Cache Android SDK	2026-06-06T12:22:54.5650377Z /usr/bin/tar: ../../../../../usr/local/lib/android/sdk/platforms/android-36.1/data/res/values-mcc001-mnc01-sr: Cannot change mode to rwxr-xr-x: Operation not permitted
build	Cache Android SDK	2026-06-06T12:22:54.5652598Z /usr/bin/tar: ../../../../../usr/local/lib/android/sdk/platforms/android-36.1/data/res/values-mcc312-mnc670-ja: Cannot utime: Operation not permitted
build	Cache Android SDK	2026-06-06T12:22:54.5653531Z /usr/bin/tar: ../../../../../usr/local/lib/android/sdk/platforms/android-36.1/data/res/values-mcc312-mnc670-ja: Cannot change mode to rwxr-xr-x: Operation not permitted
build	Cache Android SDK	2026-06-06T12:22:54.5655645Z /usr/bin/tar: ../../../../../usr/local/lib/android/sdk/platforms/android-36.1/data/res/values-mcc001-mnc01-gu: Cannot utime: Operation not permitted
build	Cache Android SDK	2026-06-06T12:22:54.5656560Z /usr/bin/tar: ../../../../../usr/local/lib/android/sdk/platforms/android-36.1/data/res/values-mcc001-mnc01-gu: Cannot change mode to rwxr-xr-x: Operation not permitted
build	Cache Android SDK	2026-06-06T12:22:54.5659208Z /usr/bin/tar: ../../../../../usr/local/lib/android/sdk/platforms/android-36.1/data/res/values-mcc334-mnc020-et: Cannot utime: Operation not permitted
build	Cache Android SDK	2026-06-06T12:22:54.5660143Z /usr/bin/tar: ../../../../../usr/local/lib/android/sdk/platforms/android-36.1/data/res/values-mcc334-mnc020-et: Cannot change mode to rwxr-xr-x: Operation not permitted
build	Cache Android SDK	2026-06-06T12:22:54.5662274Z /usr/bin/tar: ../../../../../usr/local/lib/android/sdk/platforms/android-36.1/data/res/values-mcc310-mnc560-am: Cannot utime: Operation not permitted
build	Cache Android SDK	2026-06-06T12:22:54.5663192Z /usr/bin/tar: ../../../../../usr/local/lib/android/sdk/platforms/android-36.1/data/res/values-mcc310-mnc560-am: Cannot change mode to rwxr-xr-x: Operation not permitted
build	Cache Android SDK	2026-06-06T12:22:54.5666219Z /usr/bin/tar: ../../../../../usr/local/lib/android/sdk/platforms/android-36.1/data/res/values-sw600dp-land: Cannot utime: Operation not permitted
build	Cache Android SDK	2026-06-06T12:22:54.5667228Z /usr/bin/tar: ../../../../../usr/local/lib/android/sdk/platforms/android-36.1/data/res/values-sw600dp-land: Cannot change mode to rwxr-xr-x: Operation not permitted
build	Cache Android SDK	2026-06-06T12:22:54.5669452Z /usr/bin/tar: ../../../../../usr/local/lib/android/sdk/platforms/android-36.1/data/res/values-mcc310-mnc950-ta: Cannot utime: Operation not permitted
build	Cache Android SDK	2026-06-06T12:22:54.5670453Z /usr/bin/tar: ../../../../../usr/local/lib/android/sdk/platforms/android-36.1/data/res/values-mcc310-mnc950-ta: Cannot change mode to rwxr-xr-x: Operation not permitted
build	Cache Android SDK	2026-06-06T12:22:54.5672415Z /usr/bin/tar: ../../../../../usr/local/lib/android/sdk/platforms/android-36.1/data/res/values-mcc310-mnc410-en-rGB: Cannot utime: Operation not permitted
build	Cache Android SDK	2026-06-06T12:22:54.5673387Z /usr/bin/tar: ../../../../../usr/local/lib/android/sdk/platforms/android-36.1/data/res/values-mcc310-mnc410-en-rGB: Cannot change mode to rwxr-xr-x: Operation not permitted
build	Cache Android SDK	2026-06-06T12:22:54.5676523Z /usr/bin/tar: ../../../../../usr/local/lib/android/sdk/platforms/android-36.1/data/res/values-mcc310-mnc230-es-rUS: Cannot utime: Operation not permitted
build	Cache Android SDK	2026-06-06T12:22:54.5678112Z /usr/bin/tar: ../../../../../usr/local/lib/android/sdk/platforms/android-36.1/data/res/values-mcc310-mnc230-es-rUS: Cannot change mode to rwxr-xr-x: Operation not permitted
build	Cache Android SDK	2026-06-06T12:22:54.5679523Z /usr/bin/tar: ../../../../../usr/local/lib/android/sdk/platforms/android-36.1/data/res/values-ar-television: Cannot utime: Operation not permitted
build	Cache Android SDK	2026-06-06T12:22:54.5680454Z /usr/bin/tar: ../../../../../usr/local/lib/android/sdk/platforms/android-36.1/data/res/values-ar-television: Cannot change mode to rwxr-xr-x: Operation not permitted
build	Cache Android SDK	2026-06-06T12:22:54.5683665Z /usr/bin/tar: ../../../../../usr/local/lib/android/sdk/platforms/android-36.1/data/res/values-mcc313-mnc100-bs: Cannot utime: Operation not permitted
build	Cache Android SDK	2026-06-06T12:22:54.5684731Z /usr/bin/tar: ../../../../../usr/local/lib/android/sdk/platforms/android-36.1/data/res/values-mcc313-mnc100-bs: Cannot change mode to rwxr-xr-x: Operation not permitted
build	Cache Android SDK	2026-06-06T12:22:54.5687277Z /usr/bin/tar: ../../../../../usr/local/lib/android/sdk/platforms/android-36.1/data/res/values-mcc310-mnc200-en-rGB: Cannot utime: Operation not permitted
build	Cache Android SDK	2026-06-06T12:22:54.5688593Z /usr/bin/tar: ../../../../../usr/local/lib/android/sdk/platforms/android-36.1/data/res/values-mcc310-mnc200-en-rGB: Cannot change mode to rwxr-xr-x: Operation not permitted
build	Cache Android SDK	2026-06-06T12:22:54.5690130Z /usr/bin/tar: ../../../../../usr/local/lib/android/sdk/platforms/android-36.1/data/res/values-mcc310-mnc950-ne: Cannot utime: Operation not permitted
build	Cache Android SDK	2026-06-06T12:22:54.5691189Z /usr/bin/tar: ../../../../../usr/local/lib/android/sdk/platforms/android-36.1/data/res/values-mcc310-mnc950-ne: Cannot change mode to rwxr-xr-x: Operation not permitted
build	Cache Android SDK	2026-06-06T12:22:54.5693210Z /usr/bin/tar: ../../../../../usr/local/lib/android/sdk/platforms/android-36.1/data/res/values-mcc310-mnc560-es: Cannot utime: Operation not permitted
build	Cache Android SDK	2026-06-06T12:22:54.5694176Z /usr/bin/tar: ../../../../../usr/local/lib/android/sdk/platforms/android-36.1/data/res/values-mcc310-mnc560-es: Cannot change mode to rwxr-xr-x: Operation not permitted
build	Cache Android SDK	2026-06-06T12:22:54.5696192Z /usr/bin/tar: ../../../../../usr/local/lib/android/sdk/platforms/android-36.1/data/res/values-mcc001-mnc01-b+sr+Latn: Cannot utime: Operation not permitted
build	Cache Android SDK	2026-06-06T12:22:54.5697256Z /usr/bin/tar: ../../../../../usr/local/lib/android/sdk/platforms/android-36.1/data/res/values-mcc001-mnc01-b+sr+Latn: Cannot change mode to rwxr-xr-x: Operation not permitted
build	Cache Android SDK	2026-06-06T12:22:54.5699141Z /usr/bin/tar: ../../../../../usr/local/lib/android/sdk/platforms/android-36.1/data/res/values-mcc310-mnc800-sk: Cannot utime: Operation not permitted
build	Cache Android SDK	2026-06-06T12:22:54.5700183Z /usr/bin/tar: ../../../../../usr/local/lib/android/sdk/platforms/android-36.1/data/res/values-mcc310-mnc800-sk: Cannot change mode to rwxr-xr-x: Operation not permitted
build	Cache Android SDK	2026-06-06T12:22:54.5702125Z /usr/bin/tar: ../../../../../usr/local/lib/android/sdk/platforms/android-36.1/data/res/values-mcc310-mnc410-ms: Cannot utime: Operation not permitted
build	Cache Android SDK	2026-06-06T12:22:54.5703099Z /usr/bin/tar: ../../../../../usr/local/lib/android/sdk/platforms/android-36.1/data/res/values-mcc310-mnc410-ms: Cannot change mode to rwxr-xr-x: Operation not permitted
build	Cache Android SDK	2026-06-06T12:22:54.5705573Z /usr/bin/tar: ../../../../../usr/local/lib/android/sdk/platforms/android-36.1/data/res/values-mcc313-mnc100-en-rIN: Cannot utime: Operation not permitted
build	Cache Android SDK	2026-06-06T12:22:54.5706631Z /usr/bin/tar: ../../../../../usr/local/lib/android/sdk/platforms/android-36.1/data/res/values-mcc313-mnc100-en-rIN: Cannot change mode to rwxr-xr-x: Operation not permitted
build	Cache Android SDK	2026-06-06T12:22:54.5708322Z /usr/bin/tar: ../../../../../usr/local/lib/android/sdk/platforms/android-36.1/data/res/values-mcc310-mnc160-mn: Cannot utime: Operation not permitted
build	Cache Android SDK	2026-06-06T12:22:54.5709262Z /usr/bin/tar: ../../../../../usr/local/lib/android/sdk/platforms/android-36.1/data/res/values-mcc310-mnc160-mn: Cannot change mode to rwxr-xr-x: Operation not permitted
build	Cache Android SDK	2026-06-06T12:22:54.5711539Z /usr/bin/tar: ../../../../../usr/local/lib/android/sdk/platforms/android-36.1/data/res/values-mcc310-mnc240-el: Cannot utime: Operation not permitted
build	Cache Android SDK	2026-06-06T12:22:54.5712579Z /usr/bin/tar: ../../../../../usr/local/lib/android/sdk/platforms/android-36.1/data/res/values-mcc310-mnc240-el: Cannot change mode to rwxr-xr-x: Operation not permitted
build	Cache Android SDK	2026-06-06T12:22:54.5714149Z /usr/bin/tar: ../../../../../usr/local/lib/android/sdk/platforms/android-36.1/data/res/values-mcc312-mnc670-ko: Cannot utime: Operation not permitted
build	Cache Android SDK	2026-06-06T12:22:54.5715090Z /usr/bin/tar: ../../../../../usr/local/lib/android/sdk/platforms/android-36.1/data/res/values-mcc312-mnc670-ko: Cannot change mode to rwxr-xr-x: Operation not permitted
build	Cache Android SDK	2026-06-06T12:22:54.5717098Z /usr/bin/tar: ../../../../../usr/local/lib/android/sdk/platforms/android-36.1/data/res/values-mcc001-mnc01-as: Cannot utime: Operation not permitted
build	Cache Android SDK	2026-06-06T12:22:54.5718266Z /usr/bin/tar: ../../../../../usr/local/lib/android/sdk/platforms/android-36.1/data/res/values-mcc001-mnc01-as: Cannot change mode to rwxr-xr-x: Operation not permitted
build	Cache Android SDK	2026-06-06T12:22:54.5719990Z /usr/bin/tar: ../../../../../usr/local/lib/android/sdk/platforms/android-36.1/data/res/values-mcc310-mnc950-en-rGB: Cannot utime: Operation not permitted
build	Cache Android SDK	2026-06-06T12:22:54.5720954Z /usr/bin/tar: ../../../../../usr/local/lib/android/sdk/platforms/android-36.1/data/res/values-mcc310-mnc950-en-rGB: Cannot change mode to rwxr-xr-x: Operation not permitted
build	Cache Android SDK	2026-06-06T12:22:54.5722864Z /usr/bin/tar: ../../../../../usr/local/lib/android/sdk/platforms/android-36.1/data/res/values-mcc310-mnc250-zh-rTW: Cannot utime: Operation not permitted
build	Cache Android SDK	2026-06-06T12:22:54.5723834Z /usr/bin/tar: ../../../../../usr/local/lib/android/sdk/platforms/android-36.1/data/res/values-mcc310-mnc250-zh-rTW: Cannot change mode to rwxr-xr-x: Operation not permitted
build	Cache Android SDK	2026-06-06T12:22:54.5726078Z /usr/bin/tar: ../../../../../usr/local/lib/android/sdk/platforms/android-36.1/data/res/values-mcc312-mnc670-bs: Cannot utime: Operation not permitted
build	Cache Android SDK	2026-06-06T12:22:54.5727028Z /usr/bin/tar: ../../../../../usr/local/lib/android/sdk/platforms/android-36.1/data/res/values-mcc312-mnc670-bs: Cannot change mode to rwxr-xr-x: Operation not permitted
build	Cache Android SDK	2026-06-06T12:22:54.5729247Z /usr/bin/tar: ../../../../../usr/local/lib/android/sdk/platforms/android-36.1/data/res/values-mcc302-mnc370-uz: Cannot utime: Operation not permitted
build	Cache Android SDK	2026-06-06T12:22:54.5730218Z /usr/bin/tar: ../../../../../usr/local/lib/android/sdk/platforms/android-36.1/data/res/values-mcc302-mnc370-uz: Cannot change mode to rwxr-xr-x: Operation not permitted
build	Cache Android SDK	2026-06-06T12:22:54.5732683Z /usr/bin/tar: ../../../../../usr/local/lib/android/sdk/platforms/android-36.1/data/res/values-mcc310-mnc220-nb: Cannot utime: Operation not permitted
build	Cache Android SDK	2026-06-06T12:22:54.5733764Z /usr/bin/tar: ../../../../../usr/local/lib/android/sdk/platforms/android-36.1/data/res/values-mcc310-mnc220-nb: Cannot change mode to rwxr-xr-x: Operation not permitted
build	Cache Android SDK	2026-06-06T12:22:54.5735869Z /usr/bin/tar: ../../../../../usr/local/lib/android/sdk/platforms/android-36.1/data/res/values-mcc310-mnc150-nb: Cannot utime: Operation not permitted
build	Cache Android SDK	2026-06-06T12:22:54.5736828Z /usr/bin/tar: ../../../../../usr/local/lib/android/sdk/platforms/android-36.1/data/res/values-mcc310-mnc150-nb: Cannot change mode to rwxr-xr-x: Operation not permitted
build	Cache Android SDK	2026-06-06T12:22:54.5739141Z /usr/bin/tar: ../../../../../usr/local/lib/android/sdk/platforms/android-36.1/data/res/values-mcc310-mnc030-et: Cannot utime: Operation not permitted
build	Cache Android SDK	2026-06-06T12:22:54.5740099Z /usr/bin/tar: ../../../../../usr/local/lib/android/sdk/platforms/android-36.1/data/res/values-mcc310-mnc030-et: Cannot change mode to rwxr-xr-x: Operation not permitted
build	Cache Android SDK	2026-06-06T12:22:54.5743811Z /usr/bin/tar: ../../../../../usr/local/lib/android/sdk/platforms/android-36.1/data/res/values-mcc310-mnc310-sr: Cannot utime: Operation not permitted
build	Cache Android SDK	2026-06-06T12:22:54.5744971Z /usr/bin/tar: ../../../../../usr/local/lib/android/sdk/platforms/android-36.1/data/res/values-mcc310-mnc310-sr: Cannot change mode to rwxr-xr-x: Operation not permitted
build	Cache Android SDK	2026-06-06T12:22:54.5746605Z /usr/bin/tar: ../../../../../usr/local/lib/android/sdk/platforms/android-36.1/data/res/values-mcc310-mnc250-ro: Cannot utime: Operation not permitted
build	Cache Android SDK	2026-06-06T12:22:54.5747703Z /usr/bin/tar: ../../../../../usr/local/lib/android/sdk/platforms/android-36.1/data/res/values-mcc310-mnc250-ro: Cannot change mode to rwxr-xr-x: Operation not permitted
build	Cache Android SDK	2026-06-06T12:22:54.5750053Z /usr/bin/tar: ../../../../../usr/local/lib/android/sdk/platforms/android-36.1/data/res/values-mcc302-mnc370-tr: Cannot utime: Operation not permitted
build	Cache Android SDK	2026-06-06T12:22:54.5751000Z /usr/bin/tar: ../../../../../usr/local/lib/android/sdk/platforms/android-36.1/data/res/values-mcc302-mnc370-tr: Cannot change mode to rwxr-xr-x: Operation not permitted
build	Cache Android SDK	2026-06-06T12:22:54.5753203Z /usr/bin/tar: ../../../../../usr/local/lib/android/sdk/platforms/android-36.1/data/res/values-mcc310-mnc200-nl: Cannot utime: Operation not permitted
build	Cache Android SDK	2026-06-06T12:22:54.5754189Z /usr/bin/tar: ../../../../../usr/local/lib/android/sdk/platforms/android-36.1/data/res/values-mcc310-mnc200-nl: Cannot change mode to rwxr-xr-x: Operation not permitted
build	Cache Android SDK	2026-06-06T12:22:54.5756404Z /usr/bin/tar: ../../../../../usr/local/lib/android/sdk/platforms/android-36.1/data/res/values-mcc310-mnc660-sw: Cannot utime: Operation not permitted
build	Cache Android SDK	2026-06-06T12:22:54.5757527Z /usr/bin/tar: ../../../../../usr/local/lib/android/sdk/platforms/android-36.1/data/res/values-mcc310-mnc660-sw: Cannot change mode to rwxr-xr-x: Operation not permitted
build	Cache Android SDK	2026-06-06T12:22:54.5760477Z /usr/bin/tar: ../../../../../usr/local/lib/android/sdk/platforms/android-36.1/data/res/values-mcc313-mnc100-sr: Cannot utime: Operation not permitted
build	Cache Android SDK	2026-06-06T12:22:54.5761411Z /usr/bin/tar: ../../../../../usr/local/lib/android/sdk/platforms/android-36.1/data/res/values-mcc313-mnc100-sr: Cannot change mode to rwxr-xr-x: Operation not permitted
build	Cache Android SDK	2026-06-06T12:22:54.5763992Z /usr/bin/tar: ../../../../../usr/local/lib/android/sdk/platforms/android-36.1/data/res/raw-da: Cannot utime: Operation not permitted
build	Cache Android SDK	2026-06-06T12:22:54.5764832Z /usr/bin/tar: ../../../../../usr/local/lib/android/sdk/platforms/android-36.1/data/res/raw-da: Cannot change mode to rwxr-xr-x: Operation not permitted
build	Cache Android SDK	2026-06-06T12:22:54.5767127Z /usr/bin/tar: ../../../../../usr/local/lib/android/sdk/platforms/android-36.1/data/res/values-mcc334-mnc020-fr-masculine: Cannot utime: Operation not permitted
build	Cache Android SDK	2026-06-06T12:22:54.5768333Z /usr/bin/tar: ../../../../../usr/local/lib/android/sdk/platforms/android-36.1/data/res/values-mcc334-mnc020-fr-masculine: Cannot change mode to rwxr-xr-x: Operation not permitted
build	Cache Android SDK	2026-06-06T12:22:54.5773634Z /usr/bin/tar: ../../../../../usr/local/lib/android/sdk/platforms/android-36.1/data/res/values-mcc260: Cannot utime: Operation not permitted
build	Cache Android SDK	2026-06-06T12:22:54.5775013Z /usr/bin/tar: ../../../../../usr/local/lib/android/sdk/platforms/android-36.1/data/res/values-mcc260: Cannot change mode to rwxr-xr-x: Operation not permitted
build	Cache Android SDK	2026-06-06T12:22:54.5776455Z /usr/bin/tar: ../../../../../usr/local/lib/android/sdk/platforms/android-36.1/data/res/values-mcc310-mnc220-ja: Cannot utime: Operation not permitted
build	Cache Android SDK	2026-06-06T12:22:54.5777578Z /usr/bin/tar: ../../../../../usr/local/lib/android/sdk/platforms/android-36.1/data/res/values-mcc310-mnc220-ja: Cannot change mode to rwxr-xr-x: Operation not permitted
build	Cache Android SDK	2026-06-06T12:22:54.5779926Z /usr/bin/tar: ../../../../../usr/local/lib/android/sdk/platforms/android-36.1/data/res/values-mcc310-mnc800-en-rIN: Cannot utime: Operation not permitted
build	Cache Android SDK	2026-06-06T12:22:54.5780900Z /usr/bin/tar: ../../../../../usr/local/lib/android/sdk/platforms/android-36.1/data/res/values-mcc310-mnc800-en-rIN: Cannot change mode to rwxr-xr-x: Operation not permitted
build	Cache Android SDK	2026-06-06T12:22:54.5782977Z /usr/bin/tar: ../../../../../usr/local/lib/android/sdk/platforms/android-36.1/data/res/values-mcc310-mnc250-pt-rPT: Cannot utime: Operation not permitted
build	Cache Android SDK	2026-06-06T12:22:54.5784040Z /usr/bin/tar: ../../../../../usr/local/lib/android/sdk/platforms/android-36.1/data/res/values-mcc310-mnc250-pt-rPT: Cannot change mode to rwxr-xr-x: Operation not permitted
build	Cache Android SDK	2026-06-06T12:22:54.5786373Z /usr/bin/tar: ../../../../../usr/local/lib/android/sdk/platforms/android-36.1/data/res/values-mcc310-mnc490-ka: Cannot utime: Operation not permitted
build	Cache Android SDK	2026-06-06T12:22:54.5787316Z /usr/bin/tar: ../../../../../usr/local/lib/android/sdk/platforms/android-36.1/data/res/values-mcc310-mnc490-ka: Cannot change mode to rwxr-xr-x: Operation not permitted
build	Cache Android SDK	2026-06-06T12:22:54.5789230Z /usr/bin/tar: ../../../../../usr/local/lib/android/sdk/platforms/android-36.1/data/res/values-mcc310-mnc490-be: Cannot utime: Operation not permitted
build	Cache Android SDK	2026-06-06T12:22:54.5790160Z /usr/bin/tar: ../../../../../usr/local/lib/android/sdk/platforms/android-36.1/data/res/values-mcc310-mnc490-be: Cannot change mode to rwxr-xr-x: Operation not permitted
build	Cache Android SDK	2026-06-06T12:22:54.5793330Z /usr/bin/tar: ../../../../../usr/local/lib/android/sdk/platforms/android-36.1/data/res/values-mcc204: Cannot utime: Operation not permitted
build	Cache Android SDK	2026-06-06T12:22:54.5794229Z /usr/bin/tar: ../../../../../usr/local/lib/android/sdk/platforms/android-36.1/data/res/values-mcc204: Cannot change mode to rwxr-xr-x: Operation not permitted
build	Cache Android SDK	2026-06-06T12:22:54.5796514Z /usr/bin/tar: ../../../../../usr/local/lib/android/sdk/platforms/android-36.1/data/res/values-mcc310-mnc660-sr: Cannot utime: Operation not permitted
build	Cache Android SDK	2026-06-06T12:22:54.5797593Z /usr/bin/tar: ../../../../../usr/local/lib/android/sdk/platforms/android-36.1/data/res/values-mcc310-mnc660-sr: Cannot change mode to rwxr-xr-x: Operation not permitted
build	Cache Android SDK	2026-06-06T12:22:54.5800123Z /usr/bin/tar: ../../../../../usr/local/lib/android/sdk/platforms/android-36.1/data/res/values-mcc310-mnc220-lv: Cannot utime: Operation not permitted
build	Cache Android SDK	2026-06-06T12:22:54.5801061Z /usr/bin/tar: ../../../../../usr/local/lib/android/sdk/platforms/android-36.1/data/res/values-mcc310-mnc220-lv: Cannot change mode to rwxr-xr-x: Operation not permitted
build	Cache Android SDK	2026-06-06T12:22:54.5803446Z /usr/bin/tar: ../../../../../usr/local/lib/android/sdk/platforms/android-36.1/data/res/values-mcc310-mnc200-gl: Cannot utime: Operation not permitted
build	Cache Android SDK	2026-06-06T12:22:54.5804488Z /usr/bin/tar: ../../../../../usr/local/lib/android/sdk/platforms/android-36.1/data/res/values-mcc310-mnc200-gl: Cannot change mode to rwxr-xr-x: Operation not permitted
build	Cache Android SDK	2026-06-06T12:22:54.5808271Z /usr/bin/tar: ../../../../../usr/local/lib/android/sdk/platforms/android-36.1/data/res/values-en-rUS: Cannot utime: Operation not permitted
build	Cache Android SDK	2026-06-06T12:22:54.5809158Z /usr/bin/tar: ../../../../../usr/local/lib/android/sdk/platforms/android-36.1/data/res/values-en-rUS: Cannot change mode to rwxr-xr-x: Operation not permitted
build	Cache Android SDK	2026-06-06T12:22:54.5811940Z /usr/bin/tar: ../../../../../usr/local/lib/android/sdk/platforms/android-36.1/data/res/values-mcc310-mnc240-gu: Cannot utime: Operation not permitted
build	Cache Android SDK	2026-06-06T12:22:54.5813061Z /usr/bin/tar: ../../../../../usr/local/lib/android/sdk/platforms/android-36.1/data/res/values-mcc310-mnc240-gu: Cannot change mode to rwxr-xr-x: Operation not permitted
build	Cache Android SDK	2026-06-06T12:22:54.5816999Z /usr/bin/tar: ../../../../../usr/local/lib/android/sdk/platforms/android-36.1/data/res/values-mcc310-mnc150-es-rUS: Cannot utime: Operation not permitted
build	Cache Android SDK	2026-06-06T12:22:54.5818143Z /usr/bin/tar: ../../../../../usr/local/lib/android/sdk/platforms/android-36.1/data/res/values-mcc310-mnc150-es-rUS: Cannot change mode to rwxr-xr-x: Operation not permitted
build	Cache Android SDK	2026-06-06T12:22:54.5824724Z /usr/bin/tar: ../../../../../usr/local/lib/android/sdk/platforms/android-36.1/data/res/values-ru: Cannot utime: Operation not permitted
build	Cache Android SDK	2026-06-06T12:22:54.5826319Z /usr/bin/tar: ../../../../../usr/local/lib/android/sdk/platforms/android-36.1/data/res/values-ru: Cannot change mode to rwxr-xr-x: Operation not permitted
build	Cache Android SDK	2026-06-06T12:22:54.5827792Z /usr/bin/tar: ../../../../../usr/local/lib/android/sdk/platforms/android-36.1/data/res/values-mcc310-mnc150-ar: Cannot utime: Operation not permitted
build	Cache Android SDK	2026-06-06T12:22:54.5828965Z /usr/bin/tar: ../../../../../usr/local/lib/android/sdk/platforms/android-36.1/data/res/values-mcc310-mnc150-ar: Cannot change mode to rwxr-xr-x: Operation not permitted
build	Cache Android SDK	2026-06-06T12:22:54.5830553Z /usr/bin/tar: ../../../../../usr/local/lib/android/sdk/platforms/android-36.1/data/res/values-mcc310-mnc310-bg: Cannot utime: Operation not permitted
build	Cache Android SDK	2026-06-06T12:22:54.5831483Z /usr/bin/tar: ../../../../../usr/local/lib/android/sdk/platforms/android-36.1/data/res/values-mcc310-mnc310-bg: Cannot change mode to rwxr-xr-x: Operation not permitted
build	Cache Android SDK	2026-06-06T12:22:54.5834244Z /usr/bin/tar: ../../../../../usr/local/lib/android/sdk/platforms/android-36.1/data/res/values-ro-rRO: Cannot utime: Operation not permitted
build	Cache Android SDK	2026-06-06T12:22:54.5835116Z /usr/bin/tar: ../../../../../usr/local/lib/android/sdk/platforms/android-36.1/data/res/values-ro-rRO: Cannot change mode to rwxr-xr-x: Operation not permitted
build	Cache Android SDK	2026-06-06T12:22:54.5837756Z /usr/bin/tar: ../../../../../usr/local/lib/android/sdk/platforms/android-36.1/data/res/values-mcc302-mnc370-az: Cannot utime: Operation not permitted
build	Cache Android SDK	2026-06-06T12:22:54.5838822Z /usr/bin/tar: ../../../../../usr/local/lib/android/sdk/platforms/android-36.1/data/res/values-mcc302-mnc370-az: Cannot change mode to rwxr-xr-x: Operation not permitted
build	Cache Android SDK	2026-06-06T12:22:54.5844252Z /usr/bin/tar: ../../../../../usr/local/lib/android/sdk/platforms/android-36.1/data/res/values-hr: Cannot utime: Operation not permitted
build	Cache Android SDK	2026-06-06T12:22:54.5845107Z /usr/bin/tar: ../../../../../usr/local/lib/android/sdk/platforms/android-36.1/data/res/values-hr: Cannot change mode to rwxr-xr-x: Operation not permitted
build	Cache Android SDK	2026-06-06T12:22:54.5847934Z /usr/bin/tar: ../../../../../usr/local/lib/android/sdk/platforms/android-36.1/data/res/values-mcc310-mnc280-zh-rTW: Cannot utime: Operation not permitted
build	Cache Android SDK	2026-06-06T12:22:54.5848900Z /usr/bin/tar: ../../../../../usr/local/lib/android/sdk/platforms/android-36.1/data/res/values-mcc310-mnc280-zh-rTW: Cannot change mode to rwxr-xr-x: Operation not permitted
build	Cache Android SDK	2026-06-06T12:22:54.5851295Z /usr/bin/tar: ../../../../../usr/local/lib/android/sdk/platforms/android-36.1/data/res/values-mcc310-mnc490-pa: Cannot utime: Operation not permitted
build	Cache Android SDK	2026-06-06T12:22:54.5852217Z /usr/bin/tar: ../../../../../usr/local/lib/android/sdk/platforms/android-36.1/data/res/values-mcc310-mnc490-pa: Cannot change mode to rwxr-xr-x: Operation not permitted
build	Cache Android SDK	2026-06-06T12:22:54.5854380Z /usr/bin/tar: ../../../../../usr/local/lib/android/sdk/platforms/android-36.1/data/res/values-mcc310-mnc030-kk: Cannot utime: Operation not permitted
build	Cache Android SDK	2026-06-06T12:22:54.5855301Z /usr/bin/tar: ../../../../../usr/local/lib/android/sdk/platforms/android-36.1/data/res/values-mcc310-mnc030-kk: Cannot change mode to rwxr-xr-x: Operation not permitted
build	Cache Android SDK	2026-06-06T12:22:54.5858155Z /usr/bin/tar: ../../../../../usr/local/lib/android/sdk/platforms/android-36.1/data/res/values-mcc302-mnc720-pt-rBR: Cannot utime: Operation not permitted
build	Cache Android SDK	2026-06-06T12:22:54.5859189Z /usr/bin/tar: ../../../../../usr/local/lib/android/sdk/platforms/android-36.1/data/res/values-mcc302-mnc720-pt-rBR: Cannot change mode to rwxr-xr-x: Operation not permitted
build	Cache Android SDK	2026-06-06T12:22:54.5861966Z /usr/bin/tar: ../../../../../usr/local/lib/android/sdk/platforms/android-36.1/data/res/values-mcc310-mnc160-ka: Cannot utime: Operation not permitted
build	Cache Android SDK	2026-06-06T12:22:54.5862888Z /usr/bin/tar: ../../../../../usr/local/lib/android/sdk/platforms/android-36.1/data/res/values-mcc310-mnc160-ka: Cannot change mode to rwxr-xr-x: Operation not permitted
build	Cache Android SDK	2026-06-06T12:22:54.5865433Z /usr/bin/tar: ../../../../../usr/local/lib/android/sdk/platforms/android-36.1/data/res/values-mcc310-mnc280-am: Cannot utime: Operation not permitted
build	Cache Android SDK	2026-06-06T12:22:54.5866371Z /usr/bin/tar: ../../../../../usr/local/lib/android/sdk/platforms/android-36.1/data/res/values-mcc310-mnc280-am: Cannot change mode to rwxr-xr-x: Operation not permitted
build	Cache Android SDK	2026-06-06T12:22:54.5868832Z /usr/bin/tar: ../../../../../usr/local/lib/android/sdk/platforms/android-36.1/data/res/values-mcc310-mnc410: Cannot utime: Operation not permitted
build	Cache Android SDK	2026-06-06T12:22:54.5869854Z /usr/bin/tar: ../../../../../usr/local/lib/android/sdk/platforms/android-36.1/data/res/values-mcc310-mnc410: Cannot change mode to rwxr-xr-x: Operation not permitted
build	Cache Android SDK	2026-06-06T12:22:54.5872157Z /usr/bin/tar: ../../../../../usr/local/lib/android/sdk/platforms/android-36.1/data/res/values-mcc310-mnc950-en-rIN: Cannot utime: Operation not permitted
build	Cache Android SDK	2026-06-06T12:22:54.5873117Z /usr/bin/tar: ../../../../../usr/local/lib/android/sdk/platforms/android-36.1/data/res/values-mcc310-mnc950-en-rIN: Cannot change mode to rwxr-xr-x: Operation not permitted
build	Cache Android SDK	2026-06-06T12:22:54.5875440Z /usr/bin/tar: ../../../../../usr/local/lib/android/sdk/platforms/android-36.1/data/res/values-mcc334-mnc020-fa: Cannot utime: Operation not permitted
build	Cache Android SDK	2026-06-06T12:22:54.5876355Z /usr/bin/tar: ../../../../../usr/local/lib/android/sdk/platforms/android-36.1/data/res/values-mcc334-mnc020-fa: Cannot change mode to rwxr-xr-x: Operation not permitted
build	Cache Android SDK	2026-06-06T12:22:54.5878940Z /usr/bin/tar: ../../../../../usr/local/lib/android/sdk/platforms/android-36.1/data/res/values-mcc310-mnc240-ko: Cannot utime: Operation not permitted
build	Cache Android SDK	2026-06-06T12:22:54.5879869Z /usr/bin/tar: ../../../../../usr/local/lib/android/sdk/platforms/android-36.1/data/res/values-mcc310-mnc240-ko: Cannot change mode to rwxr-xr-x: Operation not permitted
build	Cache Android SDK	2026-06-06T12:22:54.5882306Z /usr/bin/tar: ../../../../../usr/local/lib/android/sdk/platforms/android-36.1/data/res/values-mcc310-mnc410-en-rAU: Cannot utime: Operation not permitted
build	Cache Android SDK	2026-06-06T12:22:54.5883268Z /usr/bin/tar: ../../../../../usr/local/lib/android/sdk/platforms/android-36.1/data/res/values-mcc310-mnc410-en-rAU: Cannot change mode to rwxr-xr-x: Operation not permitted
build	Cache Android SDK	2026-06-06T12:22:54.5885422Z /usr/bin/tar: ../../../../../usr/local/lib/android/sdk/platforms/android-36.1/data/res/values-mcc302-mnc370-fr: Cannot utime: Operation not permitted
build	Cache Android SDK	2026-06-06T12:22:54.5886365Z /usr/bin/tar: ../../../../../usr/local/lib/android/sdk/platforms/android-36.1/data/res/values-mcc302-mnc370-fr: Cannot change mode to rwxr-xr-x: Operation not permitted
build	Cache Android SDK	2026-06-06T12:22:54.5888985Z /usr/bin/tar: ../../../../../usr/local/lib/android/sdk/platforms/android-36.1/data/res/values-mcc310-mnc410-fr: Cannot utime: Operation not permitted
build	Cache Android SDK	2026-06-06T12:22:54.5890041Z /usr/bin/tar: ../../../../../usr/local/lib/android/sdk/platforms/android-36.1/data/res/values-mcc310-mnc410-fr: Cannot change mode to rwxr-xr-x: Operation not permitted
build	Cache Android SDK	2026-06-06T12:22:54.5892914Z /usr/bin/tar: ../../../../../usr/local/lib/android/sdk/platforms/android-36.1/data/res/values-mcc310-mnc240-ur: Cannot utime: Operation not permitted
build	Cache Android SDK	2026-06-06T12:22:54.5893903Z /usr/bin/tar: ../../../../../usr/local/lib/android/sdk/platforms/android-36.1/data/res/values-mcc310-mnc240-ur: Cannot change mode to rwxr-xr-x: Operation not permitted
build	Cache Android SDK	2026-06-06T12:22:54.5896235Z /usr/bin/tar: ../../../../../usr/local/lib/android/sdk/platforms/android-36.1/data/res/values-mcc310-mnc220-de: Cannot utime: Operation not permitted
build	Cache Android SDK	2026-06-06T12:22:54.5897161Z /usr/bin/tar: ../../../../../usr/local/lib/android/sdk/platforms/android-36.1/data/res/values-mcc310-mnc220-de: Cannot change mode to rwxr-xr-x: Operation not permitted
build	Cache Android SDK	2026-06-06T12:22:54.5899490Z /usr/bin/tar: ../../../../../usr/local/lib/android/sdk/platforms/android-36.1/data/res/values-mcc310-mnc030-en-rXC: Cannot utime: Operation not permitted
build	Cache Android SDK	2026-06-06T12:22:54.5900457Z /usr/bin/tar: ../../../../../usr/local/lib/android/sdk/platforms/android-36.1/data/res/values-mcc310-mnc030-en-rXC: Cannot change mode to rwxr-xr-x: Operation not permitted
build	Cache Android SDK	2026-06-06T12:22:54.5902615Z /usr/bin/tar: ../../../../../usr/local/lib/android/sdk/platforms/android-36.1/data/res/values-mcc001-mnc01-ko: Cannot utime: Operation not permitted
build	Cache Android SDK	2026-06-06T12:22:54.5903536Z /usr/bin/tar: ../../../../../usr/local/lib/android/sdk/platforms/android-36.1/data/res/values-mcc001-mnc01-ko: Cannot change mode to rwxr-xr-x: Operation not permitted
build	Cache Android SDK	2026-06-06T12:22:54.5905822Z /usr/bin/tar: ../../../../../usr/local/lib/android/sdk/platforms/android-36.1/data/res/values-mcc334-mnc020-gu: Cannot utime: Operation not permitted
build	Cache Android SDK	2026-06-06T12:22:54.5906350Z /usr/bin/tar: ../../../../../usr/local/lib/android/sdk/platforms/android-36.1/data/res/values-mcc334-mnc020-gu: Cannot change mode to rwxr-xr-x: Operation not permitted
build	Cache Android SDK	2026-06-06T12:22:54.5909553Z /usr/bin/tar: ../../../../../usr/local/lib/android/sdk/platforms/android-36.1/data/res/values-mcc310-mnc560-zh-rTW: Cannot utime: Operation not permitted
build	Cache Android SDK	2026-06-06T12:22:54.5910133Z /usr/bin/tar: ../../../../../usr/local/lib/android/sdk/platforms/android-36.1/data/res/values-mcc310-mnc560-zh-rTW: Cannot change mode to rwxr-xr-x: Operation not permitted
build	Cache Android SDK	2026-06-06T12:22:54.5912573Z /usr/bin/tar: ../../../../../usr/local/lib/android/sdk/platforms/android-36.1/data/res/values-mcc310-mnc280-en-rAU: Cannot utime: Operation not permitted
build	Cache Android SDK	2026-06-06T12:22:54.5913045Z /usr/bin/tar: ../../../../../usr/local/lib/android/sdk/platforms/android-36.1/data/res/values-mcc310-mnc280-en-rAU: Cannot change mode to rwxr-xr-x: Operation not permitted
build	Cache Android SDK	2026-06-06T12:22:54.5915610Z /usr/bin/tar: ../../../../../usr/local/lib/android/sdk/platforms/android-36.1/data/res/values-mcc310-mnc210-fi: Cannot utime: Operation not permitted
build	Cache Android SDK	2026-06-06T12:22:54.5916065Z /usr/bin/tar: ../../../../../usr/local/lib/android/sdk/platforms/android-36.1/data/res/values-mcc310-mnc210-fi: Cannot change mode to rwxr-xr-x: Operation not permitted
build	Cache Android SDK	2026-06-06T12:22:54.5918609Z /usr/bin/tar: ../../../../../usr/local/lib/android/sdk/platforms/android-36.1/data/res/values-mcc310-mnc170-de: Cannot utime: Operation not permitted
build	Cache Android SDK	2026-06-06T12:22:54.5919058Z /usr/bin/tar: ../../../../../usr/local/lib/android/sdk/platforms/android-36.1/data/res/values-mcc310-mnc170-de: Cannot change mode to rwxr-xr-x: Operation not permitted
build	Cache Android SDK	2026-06-06T12:22:54.5923135Z /usr/bin/tar: ../../../../../usr/local/lib/android/sdk/platforms/android-36.1/data/res/values-mcc310-mnc210-gu: Cannot utime: Operation not permitted
build	Cache Android SDK	2026-06-06T12:22:54.5924080Z /usr/bin/tar: ../../../../../usr/local/lib/android/sdk/platforms/android-36.1/data/res/values-mcc310-mnc210-gu: Cannot change mode to rwxr-xr-x: Operation not permitted
build	Cache Android SDK	2026-06-06T12:22:54.5926743Z /usr/bin/tar: ../../../../../usr/local/lib/android/sdk/platforms/android-36.1/data/res/values-mcc310-mnc660-hi: Cannot utime: Operation not permitted
build	Cache Android SDK	2026-06-06T12:22:54.5927329Z /usr/bin/tar: ../../../../../usr/local/lib/android/sdk/platforms/android-36.1/data/res/values-mcc310-mnc660-hi: Cannot change mode to rwxr-xr-x: Operation not permitted
build	Cache Android SDK	2026-06-06T12:22:54.5930222Z /usr/bin/tar: ../../../../../usr/local/lib/android/sdk/platforms/android-36.1/data/res/values-mcc310-mnc210-nl: Cannot utime: Operation not permitted
build	Cache Android SDK	2026-06-06T12:22:54.5930679Z /usr/bin/tar: ../../../../../usr/local/lib/android/sdk/platforms/android-36.1/data/res/values-mcc310-mnc210-nl: Cannot change mode to rwxr-xr-x: Operation not permitted
build	Cache Android SDK	2026-06-06T12:22:54.5933337Z /usr/bin/tar: ../../../../../usr/local/lib/android/sdk/platforms/android-36.1/data/res/values-mcc334-mnc020-am: Cannot utime: Operation not permitted
build	Cache Android SDK	2026-06-06T12:22:54.5933895Z /usr/bin/tar: ../../../../../usr/local/lib/android/sdk/platforms/android-36.1/data/res/values-mcc334-mnc020-am: Cannot change mode to rwxr-xr-x: Operation not permitted
build	Cache Android SDK	2026-06-06T12:22:54.5936795Z /usr/bin/tar: ../../../../../usr/local/lib/android/sdk/platforms/android-36.1/data/res/values-mcc334-mnc020-my: Cannot utime: Operation not permitted
build	Cache Android SDK	2026-06-06T12:22:54.5937263Z /usr/bin/tar: ../../../../../usr/local/lib/android/sdk/platforms/android-36.1/data/res/values-mcc334-mnc020-my: Cannot change mode to rwxr-xr-x: Operation not permitted
build	Cache Android SDK	2026-06-06T12:22:54.5941994Z /usr/bin/tar: ../../../../../usr/local/lib/android/sdk/platforms/android-36.1/data/res/values-mcc740-mnc00: Cannot utime: Operation not permitted
build	Cache Android SDK	2026-06-06T12:22:54.5942455Z /usr/bin/tar: ../../../../../usr/local/lib/android/sdk/platforms/android-36.1/data/res/values-mcc740-mnc00: Cannot change mode to rwxr-xr-x: Operation not permitted
build	Cache Android SDK	2026-06-06T12:22:54.5945385Z /usr/bin/tar: ../../../../../usr/local/lib/android/sdk/platforms/android-36.1/data/res/values-mcc310-mnc200-ky: Cannot utime: Operation not permitted
build	Cache Android SDK	2026-06-06T12:22:54.5945846Z /usr/bin/tar: ../../../../../usr/local/lib/android/sdk/platforms/android-36.1/data/res/values-mcc310-mnc200-ky: Cannot change mode to rwxr-xr-x: Operation not permitted
build	Cache Android SDK	2026-06-06T12:22:54.5948997Z /usr/bin/tar: ../../../../../usr/local/lib/android/sdk/platforms/android-36.1/data/res/values-mcc302-mnc370-el: Cannot utime: Operation not permitted
build	Cache Android SDK	2026-06-06T12:22:54.5949458Z /usr/bin/tar: ../../../../../usr/local/lib/android/sdk/platforms/android-36.1/data/res/values-mcc302-mnc370-el: Cannot change mode to rwxr-xr-x: Operation not permitted
build	Cache Android SDK	2026-06-06T12:22:54.5952295Z /usr/bin/tar: ../../../../../usr/local/lib/android/sdk/platforms/android-36.1/data/res/values-mcc310-mnc560-ro: Cannot utime: Operation not permitted
build	Cache Android SDK	2026-06-06T12:22:54.5952751Z /usr/bin/tar: ../../../../../usr/local/lib/android/sdk/platforms/android-36.1/data/res/values-mcc310-mnc560-ro: Cannot change mode to rwxr-xr-x: Operation not permitted
build	Cache Android SDK	2026-06-06T12:22:54.5955388Z /usr/bin/tar: ../../../../../usr/local/lib/android/sdk/platforms/android-36.1/data/res/values-mcc310-mnc150-kk: Cannot utime: Operation not permitted
build	Cache Android SDK	2026-06-06T12:22:54.5955835Z /usr/bin/tar: ../../../../../usr/local/lib/android/sdk/platforms/android-36.1/data/res/values-mcc310-mnc150-kk: Cannot change mode to rwxr-xr-x: Operation not permitted
build	Cache Android SDK	2026-06-06T12:22:54.5958776Z /usr/bin/tar: ../../../../../usr/local/lib/android/sdk/platforms/android-36.1/data/res/values-mcc334-mnc020-pt: Cannot utime: Operation not permitted
build	Cache Android SDK	2026-06-06T12:22:54.5959227Z /usr/bin/tar: ../../../../../usr/local/lib/android/sdk/platforms/android-36.1/data/res/values-mcc334-mnc020-pt: Cannot change mode to rwxr-xr-x: Operation not permitted
build	Cache Android SDK	2026-06-06T12:22:54.5961939Z /usr/bin/tar: ../../../../../usr/local/lib/android/sdk/platforms/android-36.1/data/res/values-mcc310-mnc210-en-rGB: Cannot utime: Operation not permitted
build	Cache Android SDK	2026-06-06T12:22:54.5962416Z /usr/bin/tar: ../../../../../usr/local/lib/android/sdk/platforms/android-36.1/data/res/values-mcc310-mnc210-en-rGB: Cannot change mode to rwxr-xr-x: Operation not permitted
build	Cache Android SDK	2026-06-06T12:22:54.5965213Z /usr/bin/tar: ../../../../../usr/local/lib/android/sdk/platforms/android-36.1/data/res/values-de-neuter: Cannot utime: Operation not permitted
build	Cache Android SDK	2026-06-06T12:22:54.5965653Z /usr/bin/tar: ../../../../../usr/local/lib/android/sdk/platforms/android-36.1/data/res/values-de-neuter: Cannot change mode to rwxr-xr-x: Operation not permitted
build	Cache Android SDK	2026-06-06T12:22:54.5968640Z /usr/bin/tar: ../../../../../usr/local/lib/android/sdk/platforms/android-36.1/data/res/values-mcc302-mnc720-pt: Cannot utime: Operation not permitted
build	Cache Android SDK	2026-06-06T12:22:54.5969137Z /usr/bin/tar: ../../../../../usr/local/lib/android/sdk/platforms/android-36.1/data/res/values-mcc302-mnc720-pt: Cannot change mode to rwxr-xr-x: Operation not permitted
build	Cache Android SDK	2026-06-06T12:22:54.5971437Z /usr/bin/tar: ../../../../../usr/local/lib/android/sdk/platforms/android-36.1/data/res/values-mcc302-mnc720-zh-rCN: Cannot utime: Operation not permitted
build	Cache Android SDK	2026-06-06T12:22:54.5971975Z /usr/bin/tar: ../../../../../usr/local/lib/android/sdk/platforms/android-36.1/data/res/values-mcc302-mnc720-zh-rCN: Cannot change mode to rwxr-xr-x: Operation not permitted
build	Cache Android SDK	2026-06-06T12:22:54.5975210Z /usr/bin/tar: ../../../../../usr/local/lib/android/sdk/platforms/android-36.1/data/res/values-mcc310-mnc210-fr-rCA: Cannot utime: Operation not permitted
build	Cache Android SDK	2026-06-06T12:22:54.5975680Z /usr/bin/tar: ../../../../../usr/local/lib/android/sdk/platforms/android-36.1/data/res/values-mcc310-mnc210-fr-rCA: Cannot change mode to rwxr-xr-x: Operation not permitted
build	Cache Android SDK	2026-06-06T12:22:54.5978730Z /usr/bin/tar: ../../../../../usr/local/lib/android/sdk/platforms/android-36.1/data/res/values-mcc310-mnc270-nb: Cannot utime: Operation not permitted
build	Cache Android SDK	2026-06-06T12:22:54.5979178Z /usr/bin/tar: ../../../../../usr/local/lib/android/sdk/platforms/android-36.1/data/res/values-mcc310-mnc270-nb: Cannot change mode to rwxr-xr-x: Operation not permitted
build	Cache Android SDK	2026-06-06T12:22:54.5981823Z /usr/bin/tar: ../../../../../usr/local/lib/android/sdk/platforms/android-36.1/data/res/values-mcc334-mnc020-zu: Cannot utime: Operation not permitted
build	Cache Android SDK	2026-06-06T12:22:54.5982290Z /usr/bin/tar: ../../../../../usr/local/lib/android/sdk/platforms/android-36.1/data/res/values-mcc334-mnc020-zu: Cannot change mode to rwxr-xr-x: Operation not permitted
build	Cache Android SDK	2026-06-06T12:22:54.5984890Z /usr/bin/tar: ../../../../../usr/local/lib/android/sdk/platforms/android-36.1/data/res/values-port-mdpi: Cannot utime: Operation not permitted
build	Cache Android SDK	2026-06-06T12:22:54.5985334Z /usr/bin/tar: ../../../../../usr/local/lib/android/sdk/platforms/android-36.1/data/res/values-port-mdpi: Cannot change mode to rwxr-xr-x: Operation not permitted
build	Cache Android SDK	2026-06-06T12:22:54.5987791Z /usr/bin/tar: ../../../../../usr/local/lib/android/sdk/platforms/android-36.1/data/res/values-mcc302-mnc720-th: Cannot utime: Operation not permitted
build	Cache Android SDK	2026-06-06T12:22:54.5988242Z /usr/bin/tar: ../../../../../usr/local/lib/android/sdk/platforms/android-36.1/data/res/values-mcc302-mnc720-th: Cannot change mode to rwxr-xr-x: Operation not permitted
build	Cache Android SDK	2026-06-06T12:22:54.5990726Z /usr/bin/tar: ../../../../../usr/local/lib/android/sdk/platforms/android-36.1/data/res/values-mcc310-mnc950-ka: Cannot utime: Operation not permitted
build	Cache Android SDK	2026-06-06T12:22:54.5991183Z /usr/bin/tar: ../../../../../usr/local/lib/android/sdk/platforms/android-36.1/data/res/values-mcc310-mnc950-ka: Cannot change mode to rwxr-xr-x: Operation not permitted
build	Cache Android SDK	2026-06-06T12:22:54.5993928Z /usr/bin/tar: ../../../../../usr/local/lib/android/sdk/platforms/android-36.1/data/res/values-mcc302-mnc720-en-rGB: Cannot utime: Operation not permitted
build	Cache Android SDK	2026-06-06T12:22:54.5994402Z /usr/bin/tar: ../../../../../usr/local/lib/android/sdk/platforms/android-36.1/data/res/values-mcc302-mnc720-en-rGB: Cannot change mode to rwxr-xr-x: Operation not permitted
build	Cache Android SDK	2026-06-06T12:22:54.5997086Z /usr/bin/tar: ../../../../../usr/local/lib/android/sdk/platforms/android-36.1/data/res/values-mcc310-mnc250-az: Cannot utime: Operation not permitted
build	Cache Android SDK	2026-06-06T12:22:54.5997684Z /usr/bin/tar: ../../../../../usr/local/lib/android/sdk/platforms/android-36.1/data/res/values-mcc310-mnc250-az: Cannot change mode to rwxr-xr-x: Operation not permitted
build	Cache Android SDK	2026-06-06T12:22:54.6000494Z /usr/bin/tar: ../../../../../usr/local/lib/android/sdk/platforms/android-36.1/data/res/values-mcc310-mnc200-be: Cannot utime: Operation not permitted
build	Cache Android SDK	2026-06-06T12:22:54.6000946Z /usr/bin/tar: ../../../../../usr/local/lib/android/sdk/platforms/android-36.1/data/res/values-mcc310-mnc200-be: Cannot change mode to rwxr-xr-x: Operation not permitted
build	Cache Android SDK	2026-06-06T12:22:54.6003624Z /usr/bin/tar: ../../../../../usr/local/lib/android/sdk/platforms/android-36.1/data/res/values-zu-rZA: Cannot utime: Operation not permitted
build	Cache Android SDK	2026-06-06T12:22:54.6004047Z /usr/bin/tar: ../../../../../usr/local/lib/android/sdk/platforms/android-36.1/data/res/values-zu-rZA: Cannot change mode to rwxr-xr-x: Operation not permitted
build	Cache Android SDK	2026-06-06T12:22:54.6006801Z /usr/bin/tar: ../../../../../usr/local/lib/android/sdk/platforms/android-36.1/data/res/values-ka-watch: Cannot utime: Operation not permitted
build	Cache Android SDK	2026-06-06T12:22:54.6007316Z /usr/bin/tar: ../../../../../usr/local/lib/android/sdk/platforms/android-36.1/data/res/values-ka-watch: Cannot change mode to rwxr-xr-x: Operation not permitted
build	Cache Android SDK	2026-06-06T12:22:54.6009735Z /usr/bin/tar: ../../../../../usr/local/lib/android/sdk/platforms/android-36.1/data/res/values-mcc310-mnc490-ms: Cannot utime: Operation not permitted
build	Cache Android SDK	2026-06-06T12:22:54.6010183Z /usr/bin/tar: ../../../../../usr/local/lib/android/sdk/platforms/android-36.1/data/res/values-mcc310-mnc490-ms: Cannot change mode to rwxr-xr-x: Operation not permitted
build	Cache Android SDK	2026-06-06T12:22:54.6013120Z /usr/bin/tar: ../../../../../usr/local/lib/android/sdk/platforms/android-36.1/data/res/values-mcc310-mnc310-pl: Cannot utime: Operation not permitted
build	Cache Android SDK	2026-06-06T12:22:54.6013567Z /usr/bin/tar: ../../../../../usr/local/lib/android/sdk/platforms/android-36.1/data/res/values-mcc310-mnc310-pl: Cannot change mode to rwxr-xr-x: Operation not permitted
build	Cache Android SDK	2026-06-06T12:22:54.6021251Z /usr/bin/tar: ../../../../../usr/local/lib/android/sdk/platforms/android-36.1/data/res/values-hi: Cannot utime: Operation not permitted
build	Cache Android SDK	2026-06-06T12:22:54.6022013Z /usr/bin/tar: ../../../../../usr/local/lib/android/sdk/platforms/android-36.1/data/res/values-hi: Cannot change mode to rwxr-xr-x: Operation not permitted
build	Cache Android SDK	2026-06-06T12:22:54.6023932Z /usr/bin/tar: ../../../../../usr/local/lib/android/sdk/platforms/android-36.1/data/res/values-mcc310-mnc200-zu: Cannot utime: Operation not permitted
build	Cache Android SDK	2026-06-06T12:22:54.6024384Z /usr/bin/tar: ../../../../../usr/local/lib/android/sdk/platforms/android-36.1/data/res/values-mcc310-mnc200-zu: Cannot change mode to rwxr-xr-x: Operation not permitted
build	Cache Android SDK	2026-06-06T12:22:54.6027176Z /usr/bin/tar: ../../../../../usr/local/lib/android/sdk/platforms/android-36.1/data/res/values-mcc310-mnc410-mr: Cannot utime: Operation not permitted
build	Cache Android SDK	2026-06-06T12:22:54.6027797Z /usr/bin/tar: ../../../../../usr/local/lib/android/sdk/platforms/android-36.1/data/res/values-mcc310-mnc410-mr: Cannot change mode to rwxr-xr-x: Operation not permitted
build	Cache Android SDK	2026-06-06T12:22:54.6030624Z /usr/bin/tar: ../../../../../usr/local/lib/android/sdk/platforms/android-36.1/data/res/values-mcc310-mnc210-mr: Cannot utime: Operation not permitted
build	Cache Android SDK	2026-06-06T12:22:54.6031071Z /usr/bin/tar: ../../../../../usr/local/lib/android/sdk/platforms/android-36.1/data/res/values-mcc310-mnc210-mr: Cannot change mode to rwxr-xr-x: Operation not permitted
build	Cache Android SDK	2026-06-06T12:22:54.6036379Z /usr/bin/tar: ../../../../../usr/local/lib/android/sdk/platforms/android-36.1/data/res/values-mcc310-mnc150-si: Cannot utime: Operation not permitted
build	Cache Android SDK	2026-06-06T12:22:54.6036840Z /usr/bin/tar: ../../../../../usr/local/lib/android/sdk/platforms/android-36.1/data/res/values-mcc310-mnc150-si: Cannot change mode to rwxr-xr-x: Operation not permitted
build	Cache Android SDK	2026-06-06T12:22:54.6038157Z /usr/bin/tar: ../../../../../usr/local/lib/android/sdk/platforms/android-36.1/data/res/values-mcc310-mnc240-et: Cannot utime: Operation not permitted
build	Cache Android SDK	2026-06-06T12:22:54.6038671Z /usr/bin/tar: ../../../../../usr/local/lib/android/sdk/platforms/android-36.1/data/res/values-mcc310-mnc240-et: Cannot change mode to rwxr-xr-x: Operation not permitted
build	Cache Android SDK	2026-06-06T12:22:54.6041380Z /usr/bin/tar: ../../../../../usr/local/lib/android/sdk/platforms/android-36.1/data/res/values-mcc310-mnc380-kk: Cannot utime: Operation not permitted
build	Cache Android SDK	2026-06-06T12:22:54.6041834Z /usr/bin/tar: ../../../../../usr/local/lib/android/sdk/platforms/android-36.1/data/res/values-mcc310-mnc380-kk: Cannot change mode to rwxr-xr-x: Operation not permitted
build	Cache Android SDK	2026-06-06T12:22:54.6044899Z /usr/bin/tar: ../../../../../usr/local/lib/android/sdk/platforms/android-36.1/data/res/values-mcc310-mnc280-kk: Cannot utime: Operation not permitted
build	Cache Android SDK	2026-06-06T12:22:54.6045399Z /usr/bin/tar: ../../../../../usr/local/lib/android/sdk/platforms/android-36.1/data/res/values-mcc310-mnc280-kk: Cannot change mode to rwxr-xr-x: Operation not permitted
build	Cache Android SDK	2026-06-06T12:22:54.6047620Z /usr/bin/tar: ../../../../../usr/local/lib/android/sdk/platforms/android-36.1/data/res/values-mcc310-mnc160-sq: Cannot utime: Operation not permitted
build	Cache Android SDK	2026-06-06T12:22:54.6048137Z /usr/bin/tar: ../../../../../usr/local/lib/android/sdk/platforms/android-36.1/data/res/values-mcc310-mnc160-sq: Cannot change mode to rwxr-xr-x: Operation not permitted
build	Cache Android SDK	2026-06-06T12:22:54.6051161Z /usr/bin/tar: ../../../../../usr/local/lib/android/sdk/platforms/android-36.1/data/res/values-mcc334-mnc020-kn: Cannot utime: Operation not permitted
build	Cache Android SDK	2026-06-06T12:22:54.6051609Z /usr/bin/tar: ../../../../../usr/local/lib/android/sdk/platforms/android-36.1/data/res/values-mcc334-mnc020-kn: Cannot change mode to rwxr-xr-x: Operation not permitted
build	Cache Android SDK	2026-06-06T12:22:54.6054442Z /usr/bin/tar: ../../../../../usr/local/lib/android/sdk/platforms/android-36.1/data/res/values-mcc312-mnc530: Cannot utime: Operation not permitted
build	Cache Android SDK	2026-06-06T12:22:54.6054879Z /usr/bin/tar: ../../../../../usr/local/lib/android/sdk/platforms/android-36.1/data/res/values-mcc312-mnc530: Cannot change mode to rwxr-xr-x: Operation not permitted
build	Cache Android SDK	2026-06-06T12:22:54.6057793Z /usr/bin/tar: ../../../../../usr/local/lib/android/sdk/platforms/android-36.1/data/res/values-mcc310-mnc270-vi: Cannot utime: Operation not permitted
build	Cache Android SDK	2026-06-06T12:22:54.6058247Z /usr/bin/tar: ../../../../../usr/local/lib/android/sdk/platforms/android-36.1/data/res/values-mcc310-mnc270-vi: Cannot change mode to rwxr-xr-x: Operation not permitted
build	Cache Android SDK	2026-06-06T12:22:54.6065154Z /usr/bin/tar: ../../../../../usr/local/lib/android/sdk/platforms/android-36.1/data/res/values-ne: Cannot utime: Operation not permitted
build	Cache Android SDK	2026-06-06T12:22:54.6066304Z /usr/bin/tar: ../../../../../usr/local/lib/android/sdk/platforms/android-36.1/data/res/values-ne: Cannot change mode to rwxr-xr-x: Operation not permitted
build	Cache Android SDK	2026-06-06T12:22:54.6069021Z /usr/bin/tar: ../../../../../usr/local/lib/android/sdk/platforms/android-36.1/data/res/values-mcc310-mnc250-et: Cannot utime: Operation not permitted
build	Cache Android SDK	2026-06-06T12:22:54.6069541Z /usr/bin/tar: ../../../../../usr/local/lib/android/sdk/platforms/android-36.1/data/res/values-mcc310-mnc250-et: Cannot change mode to rwxr-xr-x: Operation not permitted
build	Cache Android SDK	2026-06-06T12:22:54.6074433Z /usr/bin/tar: ../../../../../usr/local/lib/android/sdk/platforms/android-36.1/data/res/values-es-rSV: Cannot utime: Operation not permitted
build	Cache Android SDK	2026-06-06T12:22:54.6074912Z /usr/bin/tar: ../../../../../usr/local/lib/android/sdk/platforms/android-36.1/data/res/values-es-rSV: Cannot change mode to rwxr-xr-x: Operation not permitted
build	Cache Android SDK	2026-06-06T12:22:54.6077831Z /usr/bin/tar: ../../../../../usr/local/lib/android/sdk/platforms/android-36.1/data/res/values-mcc310-mnc220-pl: Cannot utime: Operation not permitted
build	Cache Android SDK	2026-06-06T12:22:54.6078306Z /usr/bin/tar: ../../../../../usr/local/lib/android/sdk/platforms/android-36.1/data/res/values-mcc310-mnc220-pl: Cannot change mode to rwxr-xr-x: Operation not permitted
build	Cache Android SDK	2026-06-06T12:22:54.6080740Z /usr/bin/tar: ../../../../../usr/local/lib/android/sdk/platforms/android-36.1/data/res/values-mcc302-mnc720-az: Cannot utime: Operation not permitted
build	Cache Android SDK	2026-06-06T12:22:54.6081223Z /usr/bin/tar: ../../../../../usr/local/lib/android/sdk/platforms/android-36.1/data/res/values-mcc302-mnc720-az: Cannot change mode to rwxr-xr-x: Operation not permitted
build	Cache Android SDK	2026-06-06T12:22:54.6084287Z /usr/bin/tar: ../../../../../usr/local/lib/android/sdk/platforms/android-36.1/data/res/values-mcc415-mnc01: Cannot utime: Operation not permitted
build	Cache Android SDK	2026-06-06T12:22:54.6084747Z /usr/bin/tar: ../../../../../usr/local/lib/android/sdk/platforms/android-36.1/data/res/values-mcc415-mnc01: Cannot change mode to rwxr-xr-x: Operation not permitted
build	Cache Android SDK	2026-06-06T12:22:54.6088096Z /usr/bin/tar: ../../../../../usr/local/lib/android/sdk/platforms/android-36.1/data/res/values-mcc310-mnc250-de: Cannot utime: Operation not permitted
build	Cache Android SDK	2026-06-06T12:22:54.6088559Z /usr/bin/tar: ../../../../../usr/local/lib/android/sdk/platforms/android-36.1/data/res/values-mcc310-mnc250-de: Cannot change mode to rwxr-xr-x: Operation not permitted
build	Cache Android SDK	2026-06-06T12:22:54.6091755Z /usr/bin/tar: ../../../../../usr/local/lib/android/sdk/platforms/android-36.1/data/res/values-mcc310-mnc220-am: Cannot utime: Operation not permitted
build	Cache Android SDK	2026-06-06T12:22:54.6092302Z /usr/bin/tar: ../../../../../usr/local/lib/android/sdk/platforms/android-36.1/data/res/values-mcc310-mnc220-am: Cannot change mode to rwxr-xr-x: Operation not permitted
build	Cache Android SDK	2026-06-06T12:22:54.6094565Z /usr/bin/tar: ../../../../../usr/local/lib/android/sdk/platforms/android-36.1/data/res/values-mcc302-mnc370-tl: Cannot utime: Operation not permitted
build	Cache Android SDK	2026-06-06T12:22:54.6095016Z /usr/bin/tar: ../../../../../usr/local/lib/android/sdk/platforms/android-36.1/data/res/values-mcc302-mnc370-tl: Cannot change mode to rwxr-xr-x: Operation not permitted
build	Cache Android SDK	2026-06-06T12:22:54.6097715Z /usr/bin/tar: ../../../../../usr/local/lib/android/sdk/platforms/android-36.1/data/res/values-mcc310-mnc210-bg: Cannot utime: Operation not permitted
build	Cache Android SDK	2026-06-06T12:22:54.6098193Z /usr/bin/tar: ../../../../../usr/local/lib/android/sdk/platforms/android-36.1/data/res/values-mcc310-mnc210-bg: Cannot change mode to rwxr-xr-x: Operation not permitted
build	Cache Android SDK	2026-06-06T12:22:54.6100573Z /usr/bin/tar: ../../../../../usr/local/lib/android/sdk/platforms/android-36.1/data/res/values-mcc302-mnc370-zh-rHK: Cannot utime: Operation not permitted
build	Cache Android SDK	2026-06-06T12:22:54.6101059Z /usr/bin/tar: ../../../../../usr/local/lib/android/sdk/platforms/android-36.1/data/res/values-mcc302-mnc370-zh-rHK: Cannot change mode to rwxr-xr-x: Operation not permitted
build	Cache Android SDK	2026-06-06T12:22:54.6104806Z /usr/bin/tar: ../../../../../usr/local/lib/android/sdk/platforms/android-36.1/data/res/values-ar-rEG: Cannot utime: Operation not permitted
build	Cache Android SDK	2026-06-06T12:22:54.6105234Z /usr/bin/tar: ../../../../../usr/local/lib/android/sdk/platforms/android-36.1/data/res/values-ar-rEG: Cannot change mode to rwxr-xr-x: Operation not permitted
build	Cache Android SDK	2026-06-06T12:22:54.6108517Z /usr/bin/tar: ../../../../../usr/local/lib/android/sdk/platforms/android-36.1/data/res/values-mcc310-mnc310-uz: Cannot utime: Operation not permitted
build	Cache Android SDK	2026-06-06T12:22:54.6108991Z /usr/bin/tar: ../../../../../usr/local/lib/android/sdk/platforms/android-36.1/data/res/values-mcc310-mnc310-uz: Cannot change mode to rwxr-xr-x: Operation not permitted
build	Cache Android SDK	2026-06-06T12:22:54.6111896Z /usr/bin/tar: ../../../../../usr/local/lib/android/sdk/platforms/android-36.1/data/res/values-mcc310-mnc800-it: Cannot utime: Operation not permitted
build	Cache Android SDK	2026-06-06T12:22:54.6112365Z /usr/bin/tar: ../../../../../usr/local/lib/android/sdk/platforms/android-36.1/data/res/values-mcc310-mnc800-it: Cannot change mode to rwxr-xr-x: Operation not permitted
build	Cache Android SDK	2026-06-06T12:22:54.6114821Z /usr/bin/tar: ../../../../../usr/local/lib/android/sdk/platforms/android-36.1/data/res/values-mcc310-mnc410-kk: Cannot utime: Operation not permitted
build	Cache Android SDK	2026-06-06T12:22:54.6115281Z /usr/bin/tar: ../../../../../usr/local/lib/android/sdk/platforms/android-36.1/data/res/values-mcc310-mnc410-kk: Cannot change mode to rwxr-xr-x: Operation not permitted
build	Cache Android SDK	2026-06-06T12:22:54.6118189Z /usr/bin/tar: ../../../../../usr/local/lib/android/sdk/platforms/android-36.1/data/res/values-mcc310-mnc950-eu: Cannot utime: Operation not permitted
build	Cache Android SDK	2026-06-06T12:22:54.6118673Z /usr/bin/tar: ../../../../../usr/local/lib/android/sdk/platforms/android-36.1/data/res/values-mcc310-mnc950-eu: Cannot change mode to rwxr-xr-x: Operation not permitted
build	Cache Android SDK	2026-06-06T12:22:54.6122937Z /usr/bin/tar: ../../../../../usr/local/lib/android/sdk/platforms/android-36.1/data/res/values-mcc302-mnc720-af: Cannot utime: Operation not permitted
build	Cache Android SDK	2026-06-06T12:22:54.6123402Z /usr/bin/tar: ../../../../../usr/local/lib/android/sdk/platforms/android-36.1/data/res/values-mcc302-mnc720-af: Cannot change mode to rwxr-xr-x: Operation not permitted
build	Cache Android SDK	2026-06-06T12:22:54.6126190Z /usr/bin/tar: ../../../../../usr/local/lib/android/sdk/platforms/android-36.1/data/res/values-mcc334-mnc020-es: Cannot utime: Operation not permitted
build	Cache Android SDK	2026-06-06T12:22:54.6126666Z /usr/bin/tar: ../../../../../usr/local/lib/android/sdk/platforms/android-36.1/data/res/values-mcc334-mnc020-es: Cannot change mode to rwxr-xr-x: Operation not permitted
build	Cache Android SDK	2026-06-06T12:22:54.6130541Z /usr/bin/tar: ../../../../../usr/local/lib/android/sdk/platforms/android-36.1/data/res/values-mcc310-mnc410-be: Cannot utime: Operation not permitted
build	Cache Android SDK	2026-06-06T12:22:54.6131316Z /usr/bin/tar: ../../../../../usr/local/lib/android/sdk/platforms/android-36.1/data/res/values-mcc310-mnc410-be: Cannot change mode to rwxr-xr-x: Operation not permitted
build	Cache Android SDK	2026-06-06T12:22:54.6133093Z /usr/bin/tar: ../../../../../usr/local/lib/android/sdk/platforms/android-36.1/data/res/values-mcc310-mnc030-am: Cannot utime: Operation not permitted
build	Cache Android SDK	2026-06-06T12:22:54.6133556Z /usr/bin/tar: ../../../../../usr/local/lib/android/sdk/platforms/android-36.1/data/res/values-mcc310-mnc030-am: Cannot change mode to rwxr-xr-x: Operation not permitted
build	Cache Android SDK	2026-06-06T12:22:54.6139758Z /usr/bin/tar: ../../../../../usr/local/lib/android/sdk/platforms/android-36.1/data/res/values-sq: Cannot utime: Operation not permitted
build	Cache Android SDK	2026-06-06T12:22:54.6140199Z /usr/bin/tar: ../../../../../usr/local/lib/android/sdk/platforms/android-36.1/data/res/values-sq: Cannot change mode to rwxr-xr-x: Operation not permitted
build	Cache Android SDK	2026-06-06T12:22:54.6143051Z /usr/bin/tar: ../../../../../usr/local/lib/android/sdk/platforms/android-36.1/data/res/values-mcc310-mnc380-bs: Cannot utime: Operation not permitted
build	Cache Android SDK	2026-06-06T12:22:54.6143507Z /usr/bin/tar: ../../../../../usr/local/lib/android/sdk/platforms/android-36.1/data/res/values-mcc310-mnc380-bs: Cannot change mode to rwxr-xr-x: Operation not permitted
build	Cache Android SDK	2026-06-06T12:22:54.6146410Z /usr/bin/tar: ../../../../../usr/local/lib/android/sdk/platforms/android-36.1/data/res/values-mcc310-mnc660-te: Cannot utime: Operation not permitted
build	Cache Android SDK	2026-06-06T12:22:54.6146916Z /usr/bin/tar: ../../../../../usr/local/lib/android/sdk/platforms/android-36.1/data/res/values-mcc310-mnc660-te: Cannot change mode to rwxr-xr-x: Operation not permitted
build	Cache Android SDK	2026-06-06T12:22:54.6149434Z /usr/bin/tar: ../../../../../usr/local/lib/android/sdk/platforms/android-36.1/data/res/values-mcc310-mnc950-es: Cannot utime: Operation not permitted
build	Cache Android SDK	2026-06-06T12:22:54.6149936Z /usr/bin/tar: ../../../../../usr/local/lib/android/sdk/platforms/android-36.1/data/res/values-mcc310-mnc950-es: Cannot change mode to rwxr-xr-x: Operation not permitted
build	Cache Android SDK	2026-06-06T12:22:54.6152730Z /usr/bin/tar: ../../../../../usr/local/lib/android/sdk/platforms/android-36.1/data/res/xml-land: Cannot utime: Operation not permitted
build	Cache Android SDK	2026-06-06T12:22:54.6153155Z /usr/bin/tar: ../../../../../usr/local/lib/android/sdk/platforms/android-36.1/data/res/xml-land: Cannot change mode to rwxr-xr-x: Operation not permitted
build	Cache Android SDK	2026-06-06T12:22:54.6156301Z /usr/bin/tar: ../../../../../usr/local/lib/android/sdk/platforms/android-36.1/data/res/values-w225dp: Cannot utime: Operation not permitted
build	Cache Android SDK	2026-06-06T12:22:54.6156761Z /usr/bin/tar: ../../../../../usr/local/lib/android/sdk/platforms/android-36.1/data/res/values-w225dp: Cannot change mode to rwxr-xr-x: Operation not permitted
build	Cache Android SDK	2026-06-06T12:22:54.6159481Z /usr/bin/tar: ../../../../../usr/local/lib/android/sdk/platforms/android-36.1/data/res/values-mcc311-mnc180-pt-rPT: Cannot utime: Operation not permitted
build	Cache Android SDK	2026-06-06T12:22:54.6159983Z /usr/bin/tar: ../../../../../usr/local/lib/android/sdk/platforms/android-36.1/data/res/values-mcc311-mnc180-pt-rPT: Cannot change mode to rwxr-xr-x: Operation not permitted
build	Cache Android SDK	2026-06-06T12:22:54.6163431Z /usr/bin/tar: ../../../../../usr/local/lib/android/sdk/platforms/android-36.1/data/res/values-mcc310-mnc490-de: Cannot utime: Operation not permitted
build	Cache Android SDK	2026-06-06T12:22:54.6163893Z /usr/bin/tar: ../../../../../usr/local/lib/android/sdk/platforms/android-36.1/data/res/values-mcc310-mnc490-de: Cannot change mode to rwxr-xr-x: Operation not permitted
build	Cache Android SDK	2026-06-06T12:22:54.6167290Z /usr/bin/tar: ../../../../../usr/local/lib/android/sdk/platforms/android-36.1/data/res/values-mcc310-mnc150-sk: Cannot utime: Operation not permitted
build	Cache Android SDK	2026-06-06T12:22:54.6167899Z /usr/bin/tar: ../../../../../usr/local/lib/android/sdk/platforms/android-36.1/data/res/values-mcc310-mnc150-sk: Cannot change mode to rwxr-xr-x: Operation not permitted
build	Cache Android SDK	2026-06-06T12:22:54.6170481Z /usr/bin/tar: ../../../../../usr/local/lib/android/sdk/platforms/android-36.1/data/res/values-mcc310-mnc950-hy: Cannot utime: Operation not permitted
build	Cache Android SDK	2026-06-06T12:22:54.6171032Z /usr/bin/tar: ../../../../../usr/local/lib/android/sdk/platforms/android-36.1/data/res/values-mcc310-mnc950-hy: Cannot change mode to rwxr-xr-x: Operation not permitted
build	Cache Android SDK	2026-06-06T12:22:54.6173688Z /usr/bin/tar: ../../../../../usr/local/lib/android/sdk/platforms/android-36.1/data/res/values-am-rET: Cannot utime: Operation not permitted
build	Cache Android SDK	2026-06-06T12:22:54.6174126Z /usr/bin/tar: ../../../../../usr/local/lib/android/sdk/platforms/android-36.1/data/res/values-am-rET: Cannot change mode to rwxr-xr-x: Operation not permitted
build	Cache Android SDK	2026-06-06T12:22:54.6177230Z /usr/bin/tar: ../../../../../usr/local/lib/android/sdk/platforms/android-36.1/data/res/values-mcc310-mnc030-zh-rCN: Cannot utime: Operation not permitted
build	Cache Android SDK	2026-06-06T12:22:54.6177872Z /usr/bin/tar: ../../../../../usr/local/lib/android/sdk/platforms/android-36.1/data/res/values-mcc310-mnc030-zh-rCN: Cannot change mode to rwxr-xr-x: Operation not permitted
build	Cache Android SDK	2026-06-06T12:22:54.6181029Z /usr/bin/tar: ../../../../../usr/local/lib/android/sdk/platforms/android-36.1/data/res/raw-tr: Cannot utime: Operation not permitted
build	Cache Android SDK	2026-06-06T12:22:54.6181448Z /usr/bin/tar: ../../../../../usr/local/lib/android/sdk/platforms/android-36.1/data/res/raw-tr: Cannot change mode to rwxr-xr-x: Operation not permitted
build	Cache Android SDK	2026-06-06T12:22:54.6184168Z /usr/bin/tar: ../../../../../usr/local/lib/android/sdk/platforms/android-36.1/data/res/values-mcc310-mnc230-lo: Cannot utime: Operation not permitted
build	Cache Android SDK	2026-06-06T12:22:54.6184626Z /usr/bin/tar: ../../../../../usr/local/lib/android/sdk/platforms/android-36.1/data/res/values-mcc310-mnc230-lo: Cannot change mode to rwxr-xr-x: Operation not permitted
build	Cache Android SDK	2026-06-06T12:22:54.6187831Z /usr/bin/tar: ../../../../../usr/local/lib/android/sdk/platforms/android-36.1/data/res/values-mcc310-mnc240-kk: Cannot utime: Operation not permitted
build	Cache Android SDK	2026-06-06T12:22:54.6188287Z /usr/bin/tar: ../../../../../usr/local/lib/android/sdk/platforms/android-36.1/data/res/values-mcc310-mnc240-kk: Cannot change mode to rwxr-xr-x: Operation not permitted
build	Cache Android SDK	2026-06-06T12:22:54.6191444Z /usr/bin/tar: ../../../../../usr/local/lib/android/sdk/platforms/android-36.1/data/res/values-mcc312-mnc670-ru: Cannot utime: Operation not permitted
build	Cache Android SDK	2026-06-06T12:22:54.6191909Z /usr/bin/tar: ../../../../../usr/local/lib/android/sdk/platforms/android-36.1/data/res/values-mcc312-mnc670-ru: Cannot change mode to rwxr-xr-x: Operation not permitted
build	Cache Android SDK	2026-06-06T12:22:54.6194947Z /usr/bin/tar: ../../../../../usr/local/lib/android/sdk/platforms/android-36.1/data/res/values-mcc310-mnc210-ky: Cannot utime: Operation not permitted
build	Cache Android SDK	2026-06-06T12:22:54.6195407Z /usr/bin/tar: ../../../../../usr/local/lib/android/sdk/platforms/android-36.1/data/res/values-mcc310-mnc210-ky: Cannot change mode to rwxr-xr-x: Operation not permitted
build	Cache Android SDK	2026-06-06T12:22:54.6202667Z /usr/bin/tar: ../../../../../usr/local/lib/android/sdk/platforms/android-36.1/data/res/values-en-rAU: Cannot utime: Operation not permitted
build	Cache Android SDK	2026-06-06T12:22:54.6203774Z /usr/bin/tar: ../../../../../usr/local/lib/android/sdk/platforms/android-36.1/data/res/values-en-rAU: Cannot change mode to rwxr-xr-x: Operation not permitted
build	Cache Android SDK	2026-06-06T12:22:54.6205928Z /usr/bin/tar: ../../../../../usr/local/lib/android/sdk/platforms/android-36.1/data/res/values-mcc310-mnc230-hy: Cannot utime: Operation not permitted
build	Cache Android SDK	2026-06-06T12:22:54.6206491Z /usr/bin/tar: ../../../../../usr/local/lib/android/sdk/platforms/android-36.1/data/res/values-mcc310-mnc230-hy: Cannot change mode to rwxr-xr-x: Operation not permitted
build	Cache Android SDK	2026-06-06T12:22:54.6208933Z /usr/bin/tar: ../../../../../usr/local/lib/android/sdk/platforms/android-36.1/data/res/values-mcc310-mnc150-en-rXC: Cannot utime: Operation not permitted
build	Cache Android SDK	2026-06-06T12:22:54.6209409Z /usr/bin/tar: ../../../../../usr/local/lib/android/sdk/platforms/android-36.1/data/res/values-mcc310-mnc150-en-rXC: Cannot change mode to rwxr-xr-x: Operation not permitted
build	Cache Android SDK	2026-06-06T12:22:54.6215398Z /usr/bin/tar: ../../../../../usr/local/lib/android/sdk/platforms/android-36.1/data/res/values-zh-rHK: Cannot utime: Operation not permitted
build	Cache Android SDK	2026-06-06T12:22:54.6215989Z /usr/bin/tar: ../../../../../usr/local/lib/android/sdk/platforms/android-36.1/data/res/values-zh-rHK: Cannot change mode to rwxr-xr-x: Operation not permitted
build	Cache Android SDK	2026-06-06T12:22:54.6220917Z /usr/bin/tar: ../../../../../usr/local/lib/android/sdk/platforms/android-36.1/data/res/values-en-rIN-watch: Cannot utime: Operation not permitted
build	Cache Android SDK	2026-06-06T12:22:54.6221377Z /usr/bin/tar: ../../../../../usr/local/lib/android/sdk/platforms/android-36.1/data/res/values-en-rIN-watch: Cannot change mode to rwxr-xr-x: Operation not permitted
build	Cache Android SDK	2026-06-06T12:22:54.6224518Z /usr/bin/tar: ../../../../../usr/local/lib/android/sdk/platforms/android-36.1/data/res/values-mcc312-mnc670-am: Cannot utime: Operation not permitted
build	Cache Android SDK	2026-06-06T12:22:54.6224997Z /usr/bin/tar: ../../../../../usr/local/lib/android/sdk/platforms/android-36.1/data/res/values-mcc312-mnc670-am: Cannot change mode to rwxr-xr-x: Operation not permitted
build	Cache Android SDK	2026-06-06T12:22:54.6227944Z /usr/bin/tar: ../../../../../usr/local/lib/android/sdk/platforms/android-36.1/data/res/values-mcc310-mnc660-el: Cannot utime: Operation not permitted
build	Cache Android SDK	2026-06-06T12:22:54.6228405Z /usr/bin/tar: ../../../../../usr/local/lib/android/sdk/platforms/android-36.1/data/res/values-mcc310-mnc660-el: Cannot change mode to rwxr-xr-x: Operation not permitted
build	Cache Android SDK	2026-06-06T12:22:54.6231521Z /usr/bin/tar: ../../../../../usr/local/lib/android/sdk/platforms/android-36.1/data/res/values-mcc310-mnc310-vi: Cannot utime: Operation not permitted
build	Cache Android SDK	2026-06-06T12:22:54.6231975Z /usr/bin/tar: ../../../../../usr/local/lib/android/sdk/platforms/android-36.1/data/res/values-mcc310-mnc310-vi: Cannot change mode to rwxr-xr-x: Operation not permitted
build	Cache Android SDK	2026-06-06T12:22:54.6234761Z /usr/bin/tar: ../../../../../usr/local/lib/android/sdk/platforms/android-36.1/data/res/values-mcc310-mnc240-af: Cannot utime: Operation not permitted
build	Cache Android SDK	2026-06-06T12:22:54.6235227Z /usr/bin/tar: ../../../../../usr/local/lib/android/sdk/platforms/android-36.1/data/res/values-mcc310-mnc240-af: Cannot change mode to rwxr-xr-x: Operation not permitted
build	Cache Android SDK	2026-06-06T12:22:54.6238039Z /usr/bin/tar: ../../../../../usr/local/lib/android/sdk/platforms/android-36.1/data/res/values-mcc310-mnc490-uk: Cannot utime: Operation not permitted
build	Cache Android SDK	2026-06-06T12:22:54.6238494Z /usr/bin/tar: ../../../../../usr/local/lib/android/sdk/platforms/android-36.1/data/res/values-mcc310-mnc490-uk: Cannot change mode to rwxr-xr-x: Operation not permitted
build	Cache Android SDK	2026-06-06T12:22:54.6241436Z /usr/bin/tar: ../../../../../usr/local/lib/android/sdk/platforms/android-36.1/data/res/values-mcc310-mnc210-pa: Cannot utime: Operation not permitted
build	Cache Android SDK	2026-06-06T12:22:54.6241970Z /usr/bin/tar: ../../../../../usr/local/lib/android/sdk/platforms/android-36.1/data/res/values-mcc310-mnc210-pa: Cannot change mode to rwxr-xr-x: Operation not permitted
build	Cache Android SDK	2026-06-06T12:22:54.6244959Z /usr/bin/tar: ../../../../../usr/local/lib/android/sdk/platforms/android-36.1/data/res/values-mcc310-mnc380-ro: Cannot utime: Operation not permitted
build	Cache Android SDK	2026-06-06T12:22:54.6245420Z /usr/bin/tar: ../../../../../usr/local/lib/android/sdk/platforms/android-36.1/data/res/values-mcc310-mnc380-ro: Cannot change mode to rwxr-xr-x: Operation not permitted
build	Cache Android SDK	2026-06-06T12:22:54.6252832Z /usr/bin/tar: ../../../../../usr/local/lib/android/sdk/platforms/android-36.1/data/res/values-ta: Cannot utime: Operation not permitted
build	Cache Android SDK	2026-06-06T12:22:54.6253256Z /usr/bin/tar: ../../../../../usr/local/lib/android/sdk/platforms/android-36.1/data/res/values-ta: Cannot change mode to rwxr-xr-x: Operation not permitted
build	Cache Android SDK	2026-06-06T12:22:54.6255699Z /usr/bin/tar: ../../../../../usr/local/lib/android/sdk/platforms/android-36.1/data/res/values-mcc310-mnc800-ml: Cannot utime: Operation not permitted
build	Cache Android SDK	2026-06-06T12:22:54.6256176Z /usr/bin/tar: ../../../../../usr/local/lib/android/sdk/platforms/android-36.1/data/res/values-mcc310-mnc800-ml: Cannot change mode to rwxr-xr-x: Operation not permitted
build	Cache Android SDK	2026-06-06T12:22:54.6258866Z /usr/bin/tar: ../../../../../usr/local/lib/android/sdk/platforms/android-36.1/data/res/values-mcc313-mnc100-mr: Cannot utime: Operation not permitted
build	Cache Android SDK	2026-06-06T12:22:54.6259398Z /usr/bin/tar: ../../../../../usr/local/lib/android/sdk/platforms/android-36.1/data/res/values-mcc313-mnc100-mr: Cannot change mode to rwxr-xr-x: Operation not permitted
build	Cache Android SDK	2026-06-06T12:22:54.6262302Z /usr/bin/tar: ../../../../../usr/local/lib/android/sdk/platforms/android-36.1/data/res/values-mcc302-mnc370-sw: Cannot utime: Operation not permitted
build	Cache Android SDK	2026-06-06T12:22:54.6262755Z /usr/bin/tar: ../../../../../usr/local/lib/android/sdk/platforms/android-36.1/data/res/values-mcc302-mnc370-sw: Cannot change mode to rwxr-xr-x: Operation not permitted
build	Cache Android SDK	2026-06-06T12:22:54.6265483Z /usr/bin/tar: ../../../../../usr/local/lib/android/sdk/platforms/android-36.1/data/res/values-mcc302-mnc720-en-rAU: Cannot utime: Operation not permitted
build	Cache Android SDK	2026-06-06T12:22:54.6265951Z /usr/bin/tar: ../../../../../usr/local/lib/android/sdk/platforms/android-36.1/data/res/values-mcc302-mnc720-en-rAU: Cannot change mode to rwxr-xr-x: Operation not permitted
build	Cache Android SDK	2026-06-06T12:22:54.6272712Z /usr/bin/tar: ../../../../../usr/local/lib/android/sdk/platforms/android-36.1/data/res/values-pt: Cannot utime: Operation not permitted
build	Cache Android SDK	2026-06-06T12:22:54.6273553Z /usr/bin/tar: ../../../../../usr/local/lib/android/sdk/platforms/android-36.1/data/res/values-pt: Cannot change mode to rwxr-xr-x: Operation not permitted
build	Cache Android SDK	2026-06-06T12:22:54.6275512Z /usr/bin/tar: ../../../../../usr/local/lib/android/sdk/platforms/android-36.1/data/res/values-ur-watch: Cannot utime: Operation not permitted
build	Cache Android SDK	2026-06-06T12:22:54.6275955Z /usr/bin/tar: ../../../../../usr/local/lib/android/sdk/platforms/android-36.1/data/res/values-ur-watch: Cannot change mode to rwxr-xr-x: Operation not permitted
build	Cache Android SDK	2026-06-06T12:22:54.6279521Z /usr/bin/tar: ../../../../../usr/local/lib/android/sdk/platforms/android-36.1/data/res/values-mcc310-mnc310-lt: Cannot utime: Operation not permitted
build	Cache Android SDK	2026-06-06T12:22:54.6279985Z /usr/bin/tar: ../../../../../usr/local/lib/android/sdk/platforms/android-36.1/data/res/values-mcc310-mnc310-lt: Cannot change mode to rwxr-xr-x: Operation not permitted
build	Cache Android SDK	2026-06-06T12:22:54.6282775Z /usr/bin/tar: ../../../../../usr/local/lib/android/sdk/platforms/android-36.1/data/res/values-mcc310-mnc660-kk: Cannot utime: Operation not permitted
build	Cache Android SDK	2026-06-06T12:22:54.6283229Z /usr/bin/tar: ../../../../../usr/local/lib/android/sdk/platforms/android-36.1/data/res/values-mcc310-mnc660-kk: Cannot change mode to rwxr-xr-x: Operation not permitted
build	Cache Android SDK	2026-06-06T12:22:54.6286019Z /usr/bin/tar: ../../../../../usr/local/lib/android/sdk/platforms/android-36.1/data/res/values-cs-rCZ: Cannot utime: Operation not permitted
build	Cache Android SDK	2026-06-06T12:22:54.6286440Z /usr/bin/tar: ../../../../../usr/local/lib/android/sdk/platforms/android-36.1/data/res/values-cs-rCZ: Cannot change mode to rwxr-xr-x: Operation not permitted
build	Cache Android SDK	2026-06-06T12:22:54.6289860Z /usr/bin/tar: ../../../../../usr/local/lib/android/sdk/platforms/android-36.1/data/res/values-mcc450-mnc05: Cannot utime: Operation not permitted
build	Cache Android SDK	2026-06-06T12:22:54.6290307Z /usr/bin/tar: ../../../../../usr/local/lib/android/sdk/platforms/android-36.1/data/res/values-mcc450-mnc05: Cannot change mode to rwxr-xr-x: Operation not permitted
build	Cache Android SDK	2026-06-06T12:22:54.6293536Z /usr/bin/tar: ../../../../../usr/local/lib/android/sdk/platforms/android-36.1/data/res/values-mcc313-mnc100-vi: Cannot utime: Operation not permitted
build	Cache Android SDK	2026-06-06T12:22:54.6293980Z /usr/bin/tar: ../../../../../usr/local/lib/android/sdk/platforms/android-36.1/data/res/values-mcc313-mnc100-vi: Cannot change mode to rwxr-xr-x: Operation not permitted
build	Cache Android SDK	2026-06-06T12:22:54.6296791Z /usr/bin/tar: ../../../../../usr/local/lib/android/sdk/platforms/android-36.1/data/res/values-it-television: Cannot utime: Operation not permitted
build	Cache Android SDK	2026-06-06T12:22:54.6297243Z /usr/bin/tar: ../../../../../usr/local/lib/android/sdk/platforms/android-36.1/data/res/values-it-television: Cannot change mode to rwxr-xr-x: Operation not permitted
build	Cache Android SDK	2026-06-06T12:22:54.6300329Z /usr/bin/tar: ../../../../../usr/local/lib/android/sdk/platforms/android-36.1/data/res/values-mcc310-mnc950-as: Cannot utime: Operation not permitted
build	Cache Android SDK	2026-06-06T12:22:54.6300840Z /usr/bin/tar: ../../../../../usr/local/lib/android/sdk/platforms/android-36.1/data/res/values-mcc310-mnc950-as: Cannot change mode to rwxr-xr-x: Operation not permitted
build	Cache Android SDK	2026-06-06T12:22:54.6303289Z /usr/bin/tar: ../../../../../usr/local/lib/android/sdk/platforms/android-36.1/data/res/values-mcc302-mnc370-lt: Cannot utime: Operation not permitted
build	Cache Android SDK	2026-06-06T12:22:54.6303735Z /usr/bin/tar: ../../../../../usr/local/lib/android/sdk/platforms/android-36.1/data/res/values-mcc302-mnc370-lt: Cannot change mode to rwxr-xr-x: Operation not permitted
build	Cache Android SDK	2026-06-06T12:22:54.6306627Z /usr/bin/tar: ../../../../../usr/local/lib/android/sdk/platforms/android-36.1/data/res/values-mcc310-mnc230-ky: Cannot utime: Operation not permitted
build	Cache Android SDK	2026-06-06T12:22:54.6307080Z /usr/bin/tar: ../../../../../usr/local/lib/android/sdk/platforms/android-36.1/data/res/values-mcc310-mnc230-ky: Cannot change mode to rwxr-xr-x: Operation not permitted
build	Cache Android SDK	2026-06-06T12:22:54.6310601Z /usr/bin/tar: ../../../../../usr/local/lib/android/sdk/platforms/android-36.1/data/res/values-mcc310-mnc210-sw: Cannot utime: Operation not permitted
build	Cache Android SDK	2026-06-06T12:22:54.6311592Z /usr/bin/tar: ../../../../../usr/local/lib/android/sdk/platforms/android-36.1/data/res/values-mcc310-mnc210-sw: Cannot change mode to rwxr-xr-x: Operation not permitted
build	Cache Android SDK	2026-06-06T12:22:54.6313913Z /usr/bin/tar: ../../../../../usr/local/lib/android/sdk/platforms/android-36.1/data/res/values-mcc310-mnc490-hr: Cannot utime: Operation not permitted
build	Cache Android SDK	2026-06-06T12:22:54.6314367Z /usr/bin/tar: ../../../../../usr/local/lib/android/sdk/platforms/android-36.1/data/res/values-mcc310-mnc490-hr: Cannot change mode to rwxr-xr-x: Operation not permitted
build	Cache Android SDK	2026-06-06T12:22:54.6317098Z /usr/bin/tar: ../../../../../usr/local/lib/android/sdk/platforms/android-36.1/data/res/values-mcc310-mnc410-az: Cannot utime: Operation not permitted
build	Cache Android SDK	2026-06-06T12:22:54.6317674Z /usr/bin/tar: ../../../../../usr/local/lib/android/sdk/platforms/android-36.1/data/res/values-mcc310-mnc410-az: Cannot change mode to rwxr-xr-x: Operation not permitted
build	Cache Android SDK	2026-06-06T12:22:54.6320522Z /usr/bin/tar: ../../../../../usr/local/lib/android/sdk/platforms/android-36.1/data/res/values-mcc310-mnc380-kn: Cannot utime: Operation not permitted
build	Cache Android SDK	2026-06-06T12:22:54.6320965Z /usr/bin/tar: ../../../../../usr/local/lib/android/sdk/platforms/android-36.1/data/res/values-mcc310-mnc380-kn: Cannot change mode to rwxr-xr-x: Operation not permitted
build	Cache Android SDK	2026-06-06T12:22:54.6324039Z /usr/bin/tar: ../../../../../usr/local/lib/android/sdk/platforms/android-36.1/data/res/values-mcc310-mnc150-mn: Cannot utime: Operation not permitted
build	Cache Android SDK	2026-06-06T12:22:54.6324497Z /usr/bin/tar: ../../../../../usr/local/lib/android/sdk/platforms/android-36.1/data/res/values-mcc310-mnc150-mn: Cannot change mode to rwxr-xr-x: Operation not permitted
build	Cache Android SDK	2026-06-06T12:22:54.6327325Z /usr/bin/tar: ../../../../../usr/local/lib/android/sdk/platforms/android-36.1/data/res/values-mcc310-mnc150-mr: Cannot utime: Operation not permitted
build	Cache Android SDK	2026-06-06T12:22:54.6327868Z /usr/bin/tar: ../../../../../usr/local/lib/android/sdk/platforms/android-36.1/data/res/values-mcc310-mnc150-mr: Cannot change mode to rwxr-xr-x: Operation not permitted
build	Cache Android SDK	2026-06-06T12:22:54.6330735Z /usr/bin/tar: ../../../../../usr/local/lib/android/sdk/platforms/android-36.1/data/res/values-mcc310-mnc220-ca: Cannot utime: Operation not permitted
build	Cache Android SDK	2026-06-06T12:22:54.6331181Z /usr/bin/tar: ../../../../../usr/local/lib/android/sdk/platforms/android-36.1/data/res/values-mcc310-mnc220-ca: Cannot change mode to rwxr-xr-x: Operation not permitted
build	Cache Android SDK	2026-06-06T12:22:54.6333714Z /usr/bin/tar: ../../../../../usr/local/lib/android/sdk/platforms/android-36.1/data/res/values-mcc310-mnc490-hu: Cannot utime: Operation not permitted
build	Cache Android SDK	2026-06-06T12:22:54.6334166Z /usr/bin/tar: ../../../../../usr/local/lib/android/sdk/platforms/android-36.1/data/res/values-mcc310-mnc490-hu: Cannot change mode to rwxr-xr-x: Operation not permitted
build	Cache Android SDK	2026-06-06T12:22:54.6337150Z /usr/bin/tar: ../../../../../usr/local/lib/android/sdk/platforms/android-36.1/data/res/values-mcc310-mnc310-it: Cannot utime: Operation not permitted
build	Cache Android SDK	2026-06-06T12:22:54.6337755Z /usr/bin/tar: ../../../../../usr/local/lib/android/sdk/platforms/android-36.1/data/res/values-mcc310-mnc310-it: Cannot change mode to rwxr-xr-x: Operation not permitted
build	Cache Android SDK	2026-06-06T12:22:54.6340352Z /usr/bin/tar: ../../../../../usr/local/lib/android/sdk/platforms/android-36.1/data/res/values-mcc310-mnc220-zh-rCN: Cannot utime: Operation not permitted
build	Cache Android SDK	2026-06-06T12:22:54.6340814Z /usr/bin/tar: ../../../../../usr/local/lib/android/sdk/platforms/android-36.1/data/res/values-mcc310-mnc220-zh-rCN: Cannot change mode to rwxr-xr-x: Operation not permitted
build	Cache Android SDK	2026-06-06T12:22:54.6343561Z /usr/bin/tar: ../../../../../usr/local/lib/android/sdk/platforms/android-36.1/data/res/values-mcc311-mnc180-ro: Cannot utime: Operation not permitted
build	Cache Android SDK	2026-06-06T12:22:54.6344017Z /usr/bin/tar: ../../../../../usr/local/lib/android/sdk/platforms/android-36.1/data/res/values-mcc311-mnc180-ro: Cannot change mode to rwxr-xr-x: Operation not permitted
build	Cache Android SDK	2026-06-06T12:22:54.6346937Z /usr/bin/tar: ../../../../../usr/local/lib/android/sdk/platforms/android-36.1/data/res/values-es-rMX: Cannot utime: Operation not permitted
build	Cache Android SDK	2026-06-06T12:22:54.6347542Z /usr/bin/tar: ../../../../../usr/local/lib/android/sdk/platforms/android-36.1/data/res/values-es-rMX: Cannot change mode to rwxr-xr-x: Operation not permitted
build	Cache Android SDK	2026-06-06T12:22:54.6354194Z /usr/bin/tar: ../../../../../usr/local/lib/android/sdk/platforms/android-36.1/data/res/values-hy: Cannot utime: Operation not permitted
build	Cache Android SDK	2026-06-06T12:22:54.6355116Z /usr/bin/tar: ../../../../../usr/local/lib/android/sdk/platforms/android-36.1/data/res/values-hy: Cannot change mode to rwxr-xr-x: Operation not permitted
build	Cache Android SDK	2026-06-06T12:22:54.6358170Z /usr/bin/tar: ../../../../../usr/local/lib/android/sdk/platforms/android-36.1/data/res/values-mcc310-mnc950-en-rAU: Cannot utime: Operation not permitted
build	Cache Android SDK	2026-06-06T12:22:54.6358768Z /usr/bin/tar: ../../../../../usr/local/lib/android/sdk/platforms/android-36.1/data/res/values-mcc310-mnc950-en-rAU: Cannot change mode to rwxr-xr-x: Operation not permitted
build	Cache Android SDK	2026-06-06T12:22:54.6360682Z /usr/bin/tar: ../../../../../usr/local/lib/android/sdk/platforms/android-36.1/data/res/values-mcc302-mnc370-it: Cannot utime: Operation not permitted
build	Cache Android SDK	2026-06-06T12:22:54.6361158Z /usr/bin/tar: ../../../../../usr/local/lib/android/sdk/platforms/android-36.1/data/res/values-mcc302-mnc370-it: Cannot change mode to rwxr-xr-x: Operation not permitted
build	Cache Android SDK	2026-06-06T12:22:54.6364873Z /usr/bin/tar: ../../../../../usr/local/lib/android/sdk/platforms/android-36.1/data/res/values-sw720dp: Cannot utime: Operation not permitted
build	Cache Android SDK	2026-06-06T12:22:54.6365317Z /usr/bin/tar: ../../../../../usr/local/lib/android/sdk/platforms/android-36.1/data/res/values-sw720dp: Cannot change mode to rwxr-xr-x: Operation not permitted
build	Cache Android SDK	2026-06-06T12:22:54.6368134Z /usr/bin/tar: ../../../../../usr/local/lib/android/sdk/platforms/android-36.1/data/res/layout-notround-watch: Cannot utime: Operation not permitted
build	Cache Android SDK	2026-06-06T12:22:54.6368762Z /usr/bin/tar: ../../../../../usr/local/lib/android/sdk/platforms/android-36.1/data/res/layout-notround-watch: Cannot change mode to rwxr-xr-x: Operation not permitted
build	Cache Android SDK	2026-06-06T12:22:54.6371887Z /usr/bin/tar: ../../../../../usr/local/lib/android/sdk/platforms/android-36.1/data/res/values-mcc310-mnc220-af: Cannot utime: Operation not permitted
build	Cache Android SDK	2026-06-06T12:22:54.6372346Z /usr/bin/tar: ../../../../../usr/local/lib/android/sdk/platforms/android-36.1/data/res/values-mcc310-mnc220-af: Cannot change mode to rwxr-xr-x: Operation not permitted
build	Cache Android SDK	2026-06-06T12:22:54.6375304Z /usr/bin/tar: ../../../../../usr/local/lib/android/sdk/platforms/android-36.1/data/res/values-mcc310-mnc270-cs: Cannot utime: Operation not permitted
build	Cache Android SDK	2026-06-06T12:22:54.6375804Z /usr/bin/tar: ../../../../../usr/local/lib/android/sdk/platforms/android-36.1/data/res/values-mcc310-mnc270-cs: Cannot change mode to rwxr-xr-x: Operation not permitted
build	Cache Android SDK	2026-06-06T12:22:54.6379129Z /usr/bin/tar: ../../../../../usr/local/lib/android/sdk/platforms/android-36.1/data/res/values-mcc310-mnc490-kn: Cannot utime: Operation not permitted
build	Cache Android SDK	2026-06-06T12:22:54.6379853Z /usr/bin/tar: ../../../../../usr/local/lib/android/sdk/platforms/android-36.1/data/res/values-mcc310-mnc490-kn: Cannot change mode to rwxr-xr-x: Operation not permitted
build	Cache Android SDK	2026-06-06T12:22:54.6382131Z /usr/bin/tar: ../../../../../usr/local/lib/android/sdk/platforms/android-36.1/data/res/values-mcc310-mnc660-pl: Cannot utime: Operation not permitted
build	Cache Android SDK	2026-06-06T12:22:54.6382633Z /usr/bin/tar: ../../../../../usr/local/lib/android/sdk/platforms/android-36.1/data/res/values-mcc310-mnc660-pl: Cannot change mode to rwxr-xr-x: Operation not permitted
build	Cache Android SDK	2026-06-06T12:22:54.6385669Z /usr/bin/tar: ../../../../../usr/local/lib/android/sdk/platforms/android-36.1/data/res/values-mcc312-mnc670-te: Cannot utime: Operation not permitted
build	Cache Android SDK	2026-06-06T12:22:54.6386140Z /usr/bin/tar: ../../../../../usr/local/lib/android/sdk/platforms/android-36.1/data/res/values-mcc312-mnc670-te: Cannot change mode to rwxr-xr-x: Operation not permitted
build	Cache Android SDK	2026-06-06T12:22:54.6388946Z /usr/bin/tar: ../../../../../usr/local/lib/android/sdk/platforms/android-36.1/data/res/values-mcc310-mnc160-hr: Cannot utime: Operation not permitted
build	Cache Android SDK	2026-06-06T12:22:54.6389410Z /usr/bin/tar: ../../../../../usr/local/lib/android/sdk/platforms/android-36.1/data/res/values-mcc310-mnc160-hr: Cannot change mode to rwxr-xr-x: Operation not permitted
build	Cache Android SDK	2026-06-06T12:22:54.6392008Z /usr/bin/tar: ../../../../../usr/local/lib/android/sdk/platforms/android-36.1/data/res/values-mcc310-mnc800-af: Cannot utime: Operation not permitted
build	Cache Android SDK	2026-06-06T12:22:54.6392475Z /usr/bin/tar: ../../../../../usr/local/lib/android/sdk/platforms/android-36.1/data/res/values-mcc310-mnc800-af: Cannot change mode to rwxr-xr-x: Operation not permitted
build	Cache Android SDK	2026-06-06T12:22:54.6395343Z /usr/bin/tar: ../../../../../usr/local/lib/android/sdk/platforms/android-36.1/data/res/values-mcc310-mnc310-nl: Cannot utime: Operation not permitted
build	Cache Android SDK	2026-06-06T12:22:54.6395817Z /usr/bin/tar: ../../../../../usr/local/lib/android/sdk/platforms/android-36.1/data/res/values-mcc310-mnc310-nl: Cannot change mode to rwxr-xr-x: Operation not permitted
build	Cache Android SDK	2026-06-06T12:22:54.6399254Z /usr/bin/tar: ../../../../../usr/local/lib/android/sdk/platforms/android-36.1/data/res/values-sv-rSE: Cannot utime: Operation not permitted
build	Cache Android SDK	2026-06-06T12:22:54.6399695Z /usr/bin/tar: ../../../../../usr/local/lib/android/sdk/platforms/android-36.1/data/res/values-sv-rSE: Cannot change mode to rwxr-xr-x: Operation not permitted
build	Cache Android SDK	2026-06-06T12:22:54.6402149Z /usr/bin/tar: ../../../../../usr/local/lib/android/sdk/platforms/android-36.1/data/res/values-mcc310-mnc170-hu: Cannot utime: Operation not permitted
build	Cache Android SDK	2026-06-06T12:22:54.6402607Z /usr/bin/tar: ../../../../../usr/local/lib/android/sdk/platforms/android-36.1/data/res/values-mcc310-mnc170-hu: Cannot change mode to rwxr-xr-x: Operation not permitted
build	Cache Android SDK	2026-06-06T12:22:54.6404914Z /usr/bin/tar: ../../../../../usr/local/lib/android/sdk/platforms/android-36.1/data/res/values-mcc302-mnc720-tl: Cannot utime: Operation not permitted
build	Cache Android SDK	2026-06-06T12:22:54.6405392Z /usr/bin/tar: ../../../../../usr/local/lib/android/sdk/platforms/android-36.1/data/res/values-mcc302-mnc720-tl: Cannot change mode to rwxr-xr-x: Operation not permitted
build	Cache Android SDK	2026-06-06T12:22:54.6408335Z /usr/bin/tar: ../../../../../usr/local/lib/android/sdk/platforms/android-36.1/data/res/values-mcc001-mnc01-nb: Cannot utime: Operation not permitted
build	Cache Android SDK	2026-06-06T12:22:54.6408795Z /usr/bin/tar: ../../../../../usr/local/lib/android/sdk/platforms/android-36.1/data/res/values-mcc001-mnc01-nb: Cannot change mode to rwxr-xr-x: Operation not permitted
build	Cache Android SDK	2026-06-06T12:22:54.6411378Z /usr/bin/tar: ../../../../../usr/local/lib/android/sdk/platforms/android-36.1/data/res/values-mcc310-mnc150-tr: Cannot utime: Operation not permitted
build	Cache Android SDK	2026-06-06T12:22:54.6411911Z /usr/bin/tar: ../../../../../usr/local/lib/android/sdk/platforms/android-36.1/data/res/values-mcc310-mnc150-tr: Cannot change mode to rwxr-xr-x: Operation not permitted
build	Cache Android SDK	2026-06-06T12:22:54.6414577Z /usr/bin/tar: ../../../../../usr/local/lib/android/sdk/platforms/android-36.1/data/res/values-mcc310-mnc160-da: Cannot utime: Operation not permitted
build	Cache Android SDK	2026-06-06T12:22:54.6415043Z /usr/bin/tar: ../../../../../usr/local/lib/android/sdk/platforms/android-36.1/data/res/values-mcc310-mnc160-da: Cannot change mode to rwxr-xr-x: Operation not permitted
build	Cache Android SDK	2026-06-06T12:22:54.6417666Z /usr/bin/tar: ../../../../../usr/local/lib/android/sdk/platforms/android-36.1/data/res/values-mcc310-mnc240-lo: Cannot utime: Operation not permitted
build	Cache Android SDK	2026-06-06T12:22:54.6418129Z /usr/bin/tar: ../../../../../usr/local/lib/android/sdk/platforms/android-36.1/data/res/values-mcc310-mnc240-lo: Cannot change mode to rwxr-xr-x: Operation not permitted
build	Cache Android SDK	2026-06-06T12:22:54.6420741Z /usr/bin/tar: ../../../../../usr/local/lib/android/sdk/platforms/android-36.1/data/res/values-mcc310-mnc250-eu: Cannot utime: Operation not permitted
build	Cache Android SDK	2026-06-06T12:22:54.6421204Z /usr/bin/tar: ../../../../../usr/local/lib/android/sdk/platforms/android-36.1/data/res/values-mcc310-mnc250-eu: Cannot change mode to rwxr-xr-x: Operation not permitted
build	Cache Android SDK	2026-06-06T12:22:54.6424257Z /usr/bin/tar: ../../../../../usr/local/lib/android/sdk/platforms/android-36.1/data/res/raw-hu: Cannot utime: Operation not permitted
build	Cache Android SDK	2026-06-06T12:22:54.6424679Z /usr/bin/tar: ../../../../../usr/local/lib/android/sdk/platforms/android-36.1/data/res/raw-hu: Cannot change mode to rwxr-xr-x: Operation not permitted
build	Cache Android SDK	2026-06-06T12:22:54.6427860Z /usr/bin/tar: ../../../../../usr/local/lib/android/sdk/platforms/android-36.1/data/res/values-mcc302-mnc370-nb: Cannot utime: Operation not permitted
build	Cache Android SDK	2026-06-06T12:22:54.6428321Z /usr/bin/tar: ../../../../../usr/local/lib/android/sdk/platforms/android-36.1/data/res/values-mcc302-mnc370-nb: Cannot change mode to rwxr-xr-x: Operation not permitted
build	Cache Android SDK	2026-06-06T12:22:54.6430645Z /usr/bin/tar: ../../../../../usr/local/lib/android/sdk/platforms/android-36.1/data/res/values-pt-rBR-watch: Cannot utime: Operation not permitted
build	Cache Android SDK	2026-06-06T12:22:54.6431110Z /usr/bin/tar: ../../../../../usr/local/lib/android/sdk/platforms/android-36.1/data/res/values-pt-rBR-watch: Cannot change mode to rwxr-xr-x: Operation not permitted
build	Cache Android SDK	2026-06-06T12:22:54.6437247Z /usr/bin/tar: ../../../../../usr/local/lib/android/sdk/platforms/android-36.1/data/res/values-mcc310-mnc150-pt-rBR: Cannot utime: Operation not permitted
build	Cache Android SDK	2026-06-06T12:22:54.6437915Z /usr/bin/tar: ../../../../../usr/local/lib/android/sdk/platforms/android-36.1/data/res/values-mcc310-mnc150-pt-rBR: Cannot change mode to rwxr-xr-x: Operation not permitted
build	Cache Android SDK	2026-06-06T12:22:54.6440602Z /usr/bin/tar: ../../../../../usr/local/lib/android/sdk/platforms/android-36.1/data/res/values-mcc310-mnc660-b+sr+Latn: Cannot utime: Operation not permitted
build	Cache Android SDK	2026-06-06T12:22:54.6441102Z /usr/bin/tar: ../../../../../usr/local/lib/android/sdk/platforms/android-36.1/data/res/values-mcc310-mnc660-b+sr+Latn: Cannot change mode to rwxr-xr-x: Operation not permitted
build	Cache Android SDK	2026-06-06T12:22:54.6463761Z /usr/bin/tar: ../../../../../usr/local/lib/android/sdk/platforms/android-36.1/data/res/interpolator: Cannot utime: Operation not permitted
build	Cache Android SDK	2026-06-06T12:22:54.6464268Z /usr/bin/tar: ../../../../../usr/local/lib/android/sdk/platforms/android-36.1/data/res/interpolator: Cannot change mode to rwxr-xr-x: Operation not permitted
build	Cache Android SDK	2026-06-06T12:22:54.6466615Z /usr/bin/tar: ../../../../../usr/local/lib/android/sdk/platforms/android-36.1/data/res/values-mcc310-mnc030-ar: Cannot utime: Operation not permitted
build	Cache Android SDK	2026-06-06T12:22:54.6467072Z /usr/bin/tar: ../../../../../usr/local/lib/android/sdk/platforms/android-36.1/data/res/values-mcc310-mnc030-ar: Cannot change mode to rwxr-xr-x: Operation not permitted
build	Cache Android SDK	2026-06-06T12:22:54.6469770Z /usr/bin/tar: ../../../../../usr/local/lib/android/sdk/platforms/android-36.1/data/res/values-es-rUS-watch: Cannot utime: Operation not permitted
build	Cache Android SDK	2026-06-06T12:22:54.6470323Z /usr/bin/tar: ../../../../../usr/local/lib/android/sdk/platforms/android-36.1/data/res/values-es-rUS-watch: Cannot change mode to rwxr-xr-x: Operation not permitted
build	Cache Android SDK	2026-06-06T12:22:54.6473014Z /usr/bin/tar: ../../../../../usr/local/lib/android/sdk/platforms/android-36.1/data/res/values-gl-television: Cannot utime: Operation not permitted
build	Cache Android SDK	2026-06-06T12:22:54.6473472Z /usr/bin/tar: ../../../../../usr/local/lib/android/sdk/platforms/android-36.1/data/res/values-gl-television: Cannot change mode to rwxr-xr-x: Operation not permitted
build	Cache Android SDK	2026-06-06T12:22:54.6476274Z /usr/bin/tar: ../../../../../usr/local/lib/android/sdk/platforms/android-36.1/data/res/values-w227dp: Cannot utime: Operation not permitted
build	Cache Android SDK	2026-06-06T12:22:54.6476709Z /usr/bin/tar: ../../../../../usr/local/lib/android/sdk/platforms/android-36.1/data/res/values-w227dp: Cannot change mode to rwxr-xr-x: Operation not permitted
build	Cache Android SDK	2026-06-06T12:22:54.6479950Z /usr/bin/tar: ../../../../../usr/local/lib/android/sdk/platforms/android-36.1/data/res/values-mcc310-mnc160-in: Cannot utime: Operation not permitted
build	Cache Android SDK	2026-06-06T12:22:54.6480421Z /usr/bin/tar: ../../../../../usr/local/lib/android/sdk/platforms/android-36.1/data/res/values-mcc310-mnc160-in: Cannot change mode to rwxr-xr-x: Operation not permitted
build	Cache Android SDK	2026-06-06T12:22:54.6482907Z /usr/bin/tar: ../../../../../usr/local/lib/android/sdk/platforms/android-36.1/data/res/values-mcc310-mnc280-lt: Cannot utime: Operation not permitted
build	Cache Android SDK	2026-06-06T12:22:54.6483373Z /usr/bin/tar: ../../../../../usr/local/lib/android/sdk/platforms/android-36.1/data/res/values-mcc310-mnc280-lt: Cannot change mode to rwxr-xr-x: Operation not permitted
build	Cache Android SDK	2026-06-06T12:22:54.6485779Z /usr/bin/tar: ../../../../../usr/local/lib/android/sdk/platforms/android-36.1/data/res/values-mcc310-mnc230-fr-rCA: Cannot utime: Operation not permitted
build	Cache Android SDK	2026-06-06T12:22:54.6486255Z /usr/bin/tar: ../../../../../usr/local/lib/android/sdk/platforms/android-36.1/data/res/values-mcc310-mnc230-fr-rCA: Cannot change mode to rwxr-xr-x: Operation not permitted
build	Cache Android SDK	2026-06-06T12:22:54.6489488Z /usr/bin/tar: ../../../../../usr/local/lib/android/sdk/platforms/android-36.1/data/res/values-mcc310-mnc170-ar: Cannot utime: Operation not permitted
build	Cache Android SDK	2026-06-06T12:22:54.6489953Z /usr/bin/tar: ../../../../../usr/local/lib/android/sdk/platforms/android-36.1/data/res/values-mcc310-mnc170-ar: Cannot change mode to rwxr-xr-x: Operation not permitted
build	Cache Android SDK	2026-06-06T12:22:54.6496840Z /usr/bin/tar: ../../../../../usr/local/lib/android/sdk/platforms/android-36.1/data/res/values-sl: Cannot utime: Operation not permitted
build	Cache Android SDK	2026-06-06T12:22:54.6497274Z /usr/bin/tar: ../../../../../usr/local/lib/android/sdk/platforms/android-36.1/data/res/values-sl: Cannot change mode to rwxr-xr-x: Operation not permitted
build	Cache Android SDK	2026-06-06T12:22:54.6500066Z /usr/bin/tar: ../../../../../usr/local/lib/android/sdk/platforms/android-36.1/data/res/values-mcc310-mnc030-da: Cannot utime: Operation not permitted
build	Cache Android SDK	2026-06-06T12:22:54.6500523Z /usr/bin/tar: ../../../../../usr/local/lib/android/sdk/platforms/android-36.1/data/res/values-mcc310-mnc030-da: Cannot change mode to rwxr-xr-x: Operation not permitted
build	Cache Android SDK	2026-06-06T12:22:54.6503352Z /usr/bin/tar: ../../../../../usr/local/lib/android/sdk/platforms/android-36.1/data/res/values-mcc510-mnc08: Cannot utime: Operation not permitted
build	Cache Android SDK	2026-06-06T12:22:54.6503901Z /usr/bin/tar: ../../../../../usr/local/lib/android/sdk/platforms/android-36.1/data/res/values-mcc510-mnc08: Cannot change mode to rwxr-xr-x: Operation not permitted
build	Cache Android SDK	2026-06-06T12:22:54.6506637Z /usr/bin/tar: ../../../../../usr/local/lib/android/sdk/platforms/android-36.1/data/res/values-fa-rIR: Cannot utime: Operation not permitted
build	Cache Android SDK	2026-06-06T12:22:54.6507153Z /usr/bin/tar: ../../../../../usr/local/lib/android/sdk/platforms/android-36.1/data/res/values-fa-rIR: Cannot change mode to rwxr-xr-x: Operation not permitted
build	Cache Android SDK	2026-06-06T12:22:54.6510169Z /usr/bin/tar: ../../../../../usr/local/lib/android/sdk/platforms/android-36.1/data/res/values-en-rZA: Cannot utime: Operation not permitted
build	Cache Android SDK	2026-06-06T12:22:54.6510729Z /usr/bin/tar: ../../../../../usr/local/lib/android/sdk/platforms/android-36.1/data/res/values-en-rZA: Cannot change mode to rwxr-xr-x: Operation not permitted
build	Cache Android SDK	2026-06-06T12:22:54.6513894Z /usr/bin/tar: ../../../../../usr/local/lib/android/sdk/platforms/android-36.1/data/res/values-mcc310-mnc310-en-rGB: Cannot utime: Operation not permitted
build	Cache Android SDK	2026-06-06T12:22:54.6514462Z /usr/bin/tar: ../../../../../usr/local/lib/android/sdk/platforms/android-36.1/data/res/values-mcc310-mnc310-en-rGB: Cannot change mode to rwxr-xr-x: Operation not permitted
build	Cache Android SDK	2026-06-06T12:22:54.6517519Z /usr/bin/tar: ../../../../../usr/local/lib/android/sdk/platforms/android-36.1/data/res/values-mcc310-mnc270-tr: Cannot utime: Operation not permitted
build	Cache Android SDK	2026-06-06T12:22:54.6518022Z /usr/bin/tar: ../../../../../usr/local/lib/android/sdk/platforms/android-36.1/data/res/values-mcc310-mnc270-tr: Cannot change mode to rwxr-xr-x: Operation not permitted
build	Cache Android SDK	2026-06-06T12:22:54.6520618Z /usr/bin/tar: ../../../../../usr/local/lib/android/sdk/platforms/android-36.1/data/res/values-mcc312-mnc670-vi: Cannot utime: Operation not permitted
build	Cache Android SDK	2026-06-06T12:22:54.6521070Z /usr/bin/tar: ../../../../../usr/local/lib/android/sdk/platforms/android-36.1/data/res/values-mcc312-mnc670-vi: Cannot change mode to rwxr-xr-x: Operation not permitted
build	Cache Android SDK	2026-06-06T12:22:54.6523787Z /usr/bin/tar: ../../../../../usr/local/lib/android/sdk/platforms/android-36.1/data/res/values-mcc310-mnc200-tl: Cannot utime: Operation not permitted
build	Cache Android SDK	2026-06-06T12:22:54.6524233Z /usr/bin/tar: ../../../../../usr/local/lib/android/sdk/platforms/android-36.1/data/res/values-mcc310-mnc200-tl: Cannot change mode to rwxr-xr-x: Operation not permitted
build	Cache Android SDK	2026-06-06T12:22:54.6527460Z /usr/bin/tar: ../../../../../usr/local/lib/android/sdk/platforms/android-36.1/data/res/values-mcc311-mnc180-az: Cannot utime: Operation not permitted
build	Cache Android SDK	2026-06-06T12:22:54.6527913Z /usr/bin/tar: ../../../../../usr/local/lib/android/sdk/platforms/android-36.1/data/res/values-mcc311-mnc180-az: Cannot change mode to rwxr-xr-x: Operation not permitted
build	Cache Android SDK	2026-06-06T12:22:54.6530352Z /usr/bin/tar: ../../../../../usr/local/lib/android/sdk/platforms/android-36.1/data/res/values-mcc310-mnc800-ky: Cannot utime: Operation not permitted
build	Cache Android SDK	2026-06-06T12:22:54.6530802Z /usr/bin/tar: ../../../../../usr/local/lib/android/sdk/platforms/android-36.1/data/res/values-mcc310-mnc800-ky: Cannot change mode to rwxr-xr-x: Operation not permitted
build	Cache Android SDK	2026-06-06T12:22:54.6533539Z /usr/bin/tar: ../../../../../usr/local/lib/android/sdk/platforms/android-36.1/data/res/values-mcc310-mnc170-da: Cannot utime: Operation not permitted
build	Cache Android SDK	2026-06-06T12:22:54.6533991Z /usr/bin/tar: ../../../../../usr/local/lib/android/sdk/platforms/android-36.1/data/res/values-mcc310-mnc170-da: Cannot change mode to rwxr-xr-x: Operation not permitted
build	Cache Android SDK	2026-06-06T12:22:54.6536689Z /usr/bin/tar: ../../../../../usr/local/lib/android/sdk/platforms/android-36.1/data/res/values-mcc310-mnc280-hu: Cannot utime: Operation not permitted
build	Cache Android SDK	2026-06-06T12:22:54.6537145Z /usr/bin/tar: ../../../../../usr/local/lib/android/sdk/platforms/android-36.1/data/res/values-mcc310-mnc280-hu: Cannot change mode to rwxr-xr-x: Operation not permitted
build	Cache Android SDK	2026-06-06T12:22:54.6540068Z /usr/bin/tar: ../../../../../usr/local/lib/android/sdk/platforms/android-36.1/data/res/values-es-rHN: Cannot utime: Operation not permitted
build	Cache Android SDK	2026-06-06T12:22:54.6540504Z /usr/bin/tar: ../../../../../usr/local/lib/android/sdk/platforms/android-36.1/data/res/values-es-rHN: Cannot change mode to rwxr-xr-x: Operation not permitted
build	Cache Android SDK	2026-06-06T12:22:54.6543392Z /usr/bin/tar: ../../../../../usr/local/lib/android/sdk/platforms/android-36.1/data/res/values-mcc310-mnc200-en-rIN: Cannot utime: Operation not permitted
build	Cache Android SDK	2026-06-06T12:22:54.6543862Z /usr/bin/tar: ../../../../../usr/local/lib/android/sdk/platforms/android-36.1/data/res/values-mcc310-mnc200-en-rIN: Cannot change mode to rwxr-xr-x: Operation not permitted
build	Cache Android SDK	2026-06-06T12:22:54.6546434Z /usr/bin/tar: ../../../../../usr/local/lib/android/sdk/platforms/android-36.1/data/res/values-mcc310-mnc280-ko: Cannot utime: Operation not permitted
build	Cache Android SDK	2026-06-06T12:22:54.6546966Z /usr/bin/tar: ../../../../../usr/local/lib/android/sdk/platforms/android-36.1/data/res/values-mcc310-mnc280-ko: Cannot change mode to rwxr-xr-x: Operation not permitted
build	Cache Android SDK	2026-06-06T12:22:54.6549901Z /usr/bin/tar: ../../../../../usr/local/lib/android/sdk/platforms/android-36.1/data/res/values-mcc310-mnc490-en-rIN: Cannot utime: Operation not permitted
build	Cache Android SDK	2026-06-06T12:22:54.6550378Z /usr/bin/tar: ../../../../../usr/local/lib/android/sdk/platforms/android-36.1/data/res/values-mcc310-mnc490-en-rIN: Cannot change mode to rwxr-xr-x: Operation not permitted
build	Cache Android SDK	2026-06-06T12:22:54.6553047Z /usr/bin/tar: ../../../../../usr/local/lib/android/sdk/platforms/android-36.1/data/res/values-mcc310-mnc160-hy: Cannot utime: Operation not permitted
build	Cache Android SDK	2026-06-06T12:22:54.6553496Z /usr/bin/tar: ../../../../../usr/local/lib/android/sdk/platforms/android-36.1/data/res/values-mcc310-mnc160-hy: Cannot change mode to rwxr-xr-x: Operation not permitted
build	Cache Android SDK	2026-06-06T12:22:54.6556246Z /usr/bin/tar: ../../../../../usr/local/lib/android/sdk/platforms/android-36.1/data/res/values-mcc310-mnc200-af: Cannot utime: Operation not permitted
build	Cache Android SDK	2026-06-06T12:22:54.6556689Z /usr/bin/tar: ../../../../../usr/local/lib/android/sdk/platforms/android-36.1/data/res/values-mcc310-mnc200-af: Cannot change mode to rwxr-xr-x: Operation not permitted
build	Cache Android SDK	2026-06-06T12:22:54.6560666Z /usr/bin/tar: ../../../../../usr/local/lib/android/sdk/platforms/android-36.1/data/res/values-mcc313-mnc100-ms: Cannot utime: Operation not permitted
build	Cache Android SDK	2026-06-06T12:22:54.6561122Z /usr/bin/tar: ../../../../../usr/local/lib/android/sdk/platforms/android-36.1/data/res/values-mcc313-mnc100-ms: Cannot change mode to rwxr-xr-x: Operation not permitted
build	Cache Android SDK	2026-06-06T12:22:54.6563899Z /usr/bin/tar: ../../../../../usr/local/lib/android/sdk/platforms/android-36.1/data/res/values-mcc302-mnc370-pl: Cannot utime: Operation not permitted
build	Cache Android SDK	2026-06-06T12:22:54.6564350Z /usr/bin/tar: ../../../../../usr/local/lib/android/sdk/platforms/android-36.1/data/res/values-mcc302-mnc370-pl: Cannot change mode to rwxr-xr-x: Operation not permitted
build	Cache Android SDK	2026-06-06T12:22:54.6567662Z /usr/bin/tar: ../../../../../usr/local/lib/android/sdk/platforms/android-36.1/data/res/values-mcc310-mnc150-bn: Cannot utime: Operation not permitted
build	Cache Android SDK	2026-06-06T12:22:54.6568104Z /usr/bin/tar: ../../../../../usr/local/lib/android/sdk/platforms/android-36.1/data/res/values-mcc310-mnc150-bn: Cannot change mode to rwxr-xr-x: Operation not permitted
build	Cache Android SDK	2026-06-06T12:22:54.6571023Z /usr/bin/tar: ../../../../../usr/local/lib/android/sdk/platforms/android-36.1/data/res/values-mcc312-mnc670-iw: Cannot utime: Operation not permitted
build	Cache Android SDK	2026-06-06T12:22:54.6571469Z /usr/bin/tar: ../../../../../usr/local/lib/android/sdk/platforms/android-36.1/data/res/values-mcc312-mnc670-iw: Cannot change mode to rwxr-xr-x: Operation not permitted
build	Cache Android SDK	2026-06-06T12:22:54.6575297Z /usr/bin/tar: ../../../../../usr/local/lib/android/sdk/platforms/android-36.1/data/res/values-mcc310-mnc310-sw: Cannot utime: Operation not permitted
build	Cache Android SDK	2026-06-06T12:22:54.6575744Z /usr/bin/tar: ../../../../../usr/local/lib/android/sdk/platforms/android-36.1/data/res/values-mcc310-mnc310-sw: Cannot change mode to rwxr-xr-x: Operation not permitted
build	Cache Android SDK	2026-06-06T12:22:54.6578931Z /usr/bin/tar: ../../../../../usr/local/lib/android/sdk/platforms/android-36.1/data/res/values-mcc312-mnc670-zu: Cannot utime: Operation not permitted
build	Cache Android SDK	2026-06-06T12:22:54.6579399Z /usr/bin/tar: ../../../../../usr/local/lib/android/sdk/platforms/android-36.1/data/res/values-mcc312-mnc670-zu: Cannot change mode to rwxr-xr-x: Operation not permitted
build	Cache Android SDK	2026-06-06T12:22:54.6581596Z /usr/bin/tar: ../../../../../usr/local/lib/android/sdk/platforms/android-36.1/data/res/values-mcc310-mnc230-uz: Cannot utime: Operation not permitted
build	Cache Android SDK	2026-06-06T12:22:54.6582049Z /usr/bin/tar: ../../../../../usr/local/lib/android/sdk/platforms/android-36.1/data/res/values-mcc310-mnc230-uz: Cannot change mode to rwxr-xr-x: Operation not permitted
build	Cache Android SDK	2026-06-06T12:22:54.6584691Z /usr/bin/tar: ../../../../../usr/local/lib/android/sdk/platforms/android-36.1/data/res/values-mcc310-mnc410-b+sr+Latn: Cannot utime: Operation not permitted
build	Cache Android SDK	2026-06-06T12:22:54.6585250Z /usr/bin/tar: ../../../../../usr/local/lib/android/sdk/platforms/android-36.1/data/res/values-mcc310-mnc410-b+sr+Latn: Cannot change mode to rwxr-xr-x: Operation not permitted
build	Cache Android SDK	2026-06-06T12:22:54.6587938Z /usr/bin/tar: ../../../../../usr/local/lib/android/sdk/platforms/android-36.1/data/res/values-mcc312-mnc670-gu: Cannot utime: Operation not permitted
build	Cache Android SDK	2026-06-06T12:22:54.6588499Z /usr/bin/tar: ../../../../../usr/local/lib/android/sdk/platforms/android-36.1/data/res/values-mcc312-mnc670-gu: Cannot change mode to rwxr-xr-x: Operation not permitted
build	Cache Android SDK	2026-06-06T12:22:54.6591744Z /usr/bin/tar: ../../../../../usr/local/lib/android/sdk/platforms/android-36.1/data/res/values-mcc310-mnc410-gl: Cannot utime: Operation not permitted
build	Cache Android SDK	2026-06-06T12:22:54.6592189Z /usr/bin/tar: ../../../../../usr/local/lib/android/sdk/platforms/android-36.1/data/res/values-mcc310-mnc410-gl: Cannot change mode to rwxr-xr-x: Operation not permitted
build	Cache Android SDK	2026-06-06T12:22:54.6594749Z /usr/bin/tar: ../../../../../usr/local/lib/android/sdk/platforms/android-36.1/data/res/values-mk-television: Cannot utime: Operation not permitted
build	Cache Android SDK	2026-06-06T12:22:54.6595269Z /usr/bin/tar: ../../../../../usr/local/lib/android/sdk/platforms/android-36.1/data/res/values-mk-television: Cannot change mode to rwxr-xr-x: Operation not permitted
build	Cache Android SDK	2026-06-06T12:22:54.6598105Z /usr/bin/tar: ../../../../../usr/local/lib/android/sdk/platforms/android-36.1/data/res/values-mcc310-mnc030-ca: Cannot utime: Operation not permitted
build	Cache Android SDK	2026-06-06T12:22:54.6598540Z /usr/bin/tar: ../../../../../usr/local/lib/android/sdk/platforms/android-36.1/data/res/values-mcc310-mnc030-ca: Cannot change mode to rwxr-xr-x: Operation not permitted
build	Cache Android SDK	2026-06-06T12:22:54.6604538Z /usr/bin/tar: ../../../../../usr/local/lib/android/sdk/platforms/android-36.1/data/res/values-vi: Cannot utime: Operation not permitted
build	Cache Android SDK	2026-06-06T12:22:54.6605533Z /usr/bin/tar: ../../../../../usr/local/lib/android/sdk/platforms/android-36.1/data/res/values-vi: Cannot change mode to rwxr-xr-x: Operation not permitted
build	Cache Android SDK	2026-06-06T12:22:54.6607849Z /usr/bin/tar: ../../../../../usr/local/lib/android/sdk/platforms/android-36.1/data/res/values-mcc310-mnc280-cs: Cannot utime: Operation not permitted
build	Cache Android SDK	2026-06-06T12:22:54.6608323Z /usr/bin/tar: ../../../../../usr/local/lib/android/sdk/platforms/android-36.1/data/res/values-mcc310-mnc280-cs: Cannot change mode to rwxr-xr-x: Operation not permitted
build	Cache Android SDK	2026-06-06T12:22:54.6610763Z /usr/bin/tar: ../../../../../usr/local/lib/android/sdk/platforms/android-36.1/data/res/values-mcc310-mnc310-da: Cannot utime: Operation not permitted
build	Cache Android SDK	2026-06-06T12:22:54.6611214Z /usr/bin/tar: ../../../../../usr/local/lib/android/sdk/platforms/android-36.1/data/res/values-mcc310-mnc310-da: Cannot change mode to rwxr-xr-x: Operation not permitted
build	Cache Android SDK	2026-06-06T12:22:54.6613935Z /usr/bin/tar: ../../../../../usr/local/lib/android/sdk/platforms/android-36.1/data/res/values-mcc450-mnc08: Cannot utime: Operation not permitted
build	Cache Android SDK	2026-06-06T12:22:54.6614386Z /usr/bin/tar: ../../../../../usr/local/lib/android/sdk/platforms/android-36.1/data/res/values-mcc450-mnc08: Cannot change mode to rwxr-xr-x: Operation not permitted
build	Cache Android SDK	2026-06-06T12:22:54.6617019Z /usr/bin/tar: ../../../../../usr/local/lib/android/sdk/platforms/android-36.1/data/res/values-mcc302-mnc370-es: Cannot utime: Operation not permitted
build	Cache Android SDK	2026-06-06T12:22:54.6619882Z /usr/bin/tar: ../../../../../usr/local/lib/android/sdk/platforms/android-36.1/data/res/values-mcc302-mnc370-es: Cannot change mode to rwxr-xr-x: Operation not permitted
build	Cache Android SDK	2026-06-06T12:22:54.6620397Z /usr/bin/tar: ../../../../../usr/local/lib/android/sdk/platforms/android-36.1/data/res/values-mcc310-mnc490-nb: Cannot utime: Operation not permitted
build	Cache Android SDK	2026-06-06T12:22:54.6620844Z /usr/bin/tar: ../../../../../usr/local/lib/android/sdk/platforms/android-36.1/data/res/values-mcc310-mnc490-nb: Cannot change mode to rwxr-xr-x: Operation not permitted
build	Cache Android SDK	2026-06-06T12:22:54.6622538Z /usr/bin/tar: ../../../../../usr/local/lib/android/sdk/platforms/android-36.1/data/res/values-mcc310-mnc170-hy: Cannot utime: Operation not permitted
build	Cache Android SDK	2026-06-06T12:22:54.6623045Z /usr/bin/tar: ../../../../../usr/local/lib/android/sdk/platforms/android-36.1/data/res/values-mcc310-mnc170-hy: Cannot change mode to rwxr-xr-x: Operation not permitted
build	Cache Android SDK	2026-06-06T12:22:54.6625625Z /usr/bin/tar: ../../../../../usr/local/lib/android/sdk/platforms/android-36.1/data/res/values-mcc310-mnc230-km: Cannot utime: Operation not permitted
build	Cache Android SDK	2026-06-06T12:22:54.6626074Z /usr/bin/tar: ../../../../../usr/local/lib/android/sdk/platforms/android-36.1/data/res/values-mcc310-mnc230-km: Cannot change mode to rwxr-xr-x: Operation not permitted
build	Cache Android SDK	2026-06-06T12:22:54.6628821Z /usr/bin/tar: ../../../../../usr/local/lib/android/sdk/platforms/android-36.1/data/res/values-mcc310-mnc490-km: Cannot utime: Operation not permitted
build	Cache Android SDK	2026-06-06T12:22:54.6629273Z /usr/bin/tar: ../../../../../usr/local/lib/android/sdk/platforms/android-36.1/data/res/values-mcc310-mnc490-km: Cannot change mode to rwxr-xr-x: Operation not permitted
build	Cache Android SDK	2026-06-06T12:22:54.6631826Z /usr/bin/tar: ../../../../../usr/local/lib/android/sdk/platforms/android-36.1/data/res/values-mcc310-mnc280-sl: Cannot utime: Operation not permitted
build	Cache Android SDK	2026-06-06T12:22:54.6632339Z /usr/bin/tar: ../../../../../usr/local/lib/android/sdk/platforms/android-36.1/data/res/values-mcc310-mnc280-sl: Cannot change mode to rwxr-xr-x: Operation not permitted
build	Cache Android SDK	2026-06-06T12:22:54.6635357Z /usr/bin/tar: ../../../../../usr/local/lib/android/sdk/platforms/android-36.1/data/res/values-en-rGB-watch: Cannot utime: Operation not permitted
build	Cache Android SDK	2026-06-06T12:22:54.6635796Z /usr/bin/tar: ../../../../../usr/local/lib/android/sdk/platforms/android-36.1/data/res/values-en-rGB-watch: Cannot change mode to rwxr-xr-x: Operation not permitted
build	Cache Android SDK	2026-06-06T12:22:54.6638944Z /usr/bin/tar: ../../../../../usr/local/lib/android/sdk/platforms/android-36.1/data/res/values-mcc302-mnc720-ky: Cannot utime: Operation not permitted
build	Cache Android SDK	2026-06-06T12:22:54.6639389Z /usr/bin/tar: ../../../../../usr/local/lib/android/sdk/platforms/android-36.1/data/res/values-mcc302-mnc720-ky: Cannot change mode to rwxr-xr-x: Operation not permitted
build	Cache Android SDK	2026-06-06T12:22:54.6642433Z /usr/bin/tar: ../../../../../usr/local/lib/android/sdk/platforms/android-36.1/data/res/values-sv-watch: Cannot utime: Operation not permitted
build	Cache Android SDK	2026-06-06T12:22:54.6642863Z /usr/bin/tar: ../../../../../usr/local/lib/android/sdk/platforms/android-36.1/data/res/values-sv-watch: Cannot change mode to rwxr-xr-x: Operation not permitted
build	Cache Android SDK	2026-06-06T12:22:54.6645640Z /usr/bin/tar: ../../../../../usr/local/lib/android/sdk/platforms/android-36.1/data/res/values-mcc204-mnc04: Cannot utime: Operation not permitted
build	Cache Android SDK	2026-06-06T12:22:54.6646078Z /usr/bin/tar: ../../../../../usr/local/lib/android/sdk/platforms/android-36.1/data/res/values-mcc204-mnc04: Cannot change mode to rwxr-xr-x: Operation not permitted
build	Cache Android SDK	2026-06-06T12:22:54.6649264Z /usr/bin/tar: ../../../../../usr/local/lib/android/sdk/platforms/android-36.1/data/res/values-mcc310-mnc410-fi: Cannot utime: Operation not permitted
build	Cache Android SDK	2026-06-06T12:22:54.6649719Z /usr/bin/tar: ../../../../../usr/local/lib/android/sdk/platforms/android-36.1/data/res/values-mcc310-mnc410-fi: Cannot change mode to rwxr-xr-x: Operation not permitted
build	Cache Android SDK	2026-06-06T12:22:54.6652968Z /usr/bin/tar: ../../../../../usr/local/lib/android/sdk/platforms/android-36.1/data/res/values-mcc310-mnc800-be: Cannot utime: Operation not permitted
build	Cache Android SDK	2026-06-06T12:22:54.6653494Z /usr/bin/tar: ../../../../../usr/local/lib/android/sdk/platforms/android-36.1/data/res/values-mcc310-mnc800-be: Cannot change mode to rwxr-xr-x: Operation not permitted
build	Cache Android SDK	2026-06-06T12:22:54.6656461Z /usr/bin/tar: ../../../../../usr/local/lib/android/sdk/platforms/android-36.1/data/res/raw-iw: Cannot utime: Operation not permitted
build	Cache Android SDK	2026-06-06T12:22:54.6656861Z /usr/bin/tar: ../../../../../usr/local/lib/android/sdk/platforms/android-36.1/data/res/raw-iw: Cannot change mode to rwxr-xr-x: Operation not permitted
build	Cache Android SDK	2026-06-06T12:22:54.6659608Z /usr/bin/tar: ../../../../../usr/local/lib/android/sdk/platforms/android-36.1/data/res/values-mcc312-mnc670-mn: Cannot utime: Operation not permitted
build	Cache Android SDK	2026-06-06T12:22:54.6660118Z /usr/bin/tar: ../../../../../usr/local/lib/android/sdk/platforms/android-36.1/data/res/values-mcc312-mnc670-mn: Cannot change mode to rwxr-xr-x: Operation not permitted
build	Cache Android SDK	2026-06-06T12:22:54.6663223Z /usr/bin/tar: ../../../../../usr/local/lib/android/sdk/platforms/android-36.1/data/res/values-mcc310-mnc240-gl: Cannot utime: Operation not permitted
build	Cache Android SDK	2026-06-06T12:22:54.6663676Z /usr/bin/tar: ../../../../../usr/local/lib/android/sdk/platforms/android-36.1/data/res/values-mcc310-mnc240-gl: Cannot change mode to rwxr-xr-x: Operation not permitted
build	Cache Android SDK	2026-06-06T12:22:54.6666275Z /usr/bin/tar: ../../../../../usr/local/lib/android/sdk/platforms/android-36.1/data/res/values-mcc310-mnc270-gl: Cannot utime: Operation not permitted
build	Cache Android SDK	2026-06-06T12:22:54.6666722Z /usr/bin/tar: ../../../../../usr/local/lib/android/sdk/platforms/android-36.1/data/res/values-mcc310-mnc270-gl: Cannot change mode to rwxr-xr-x: Operation not permitted
build	Cache Android SDK	2026-06-06T12:22:54.6669974Z /usr/bin/tar: ../../../../../usr/local/lib/android/sdk/platforms/android-36.1/data/res/values-es-rUS-masculine: Cannot utime: Operation not permitted
build	Cache Android SDK	2026-06-06T12:22:54.6670498Z /usr/bin/tar: ../../../../../usr/local/lib/android/sdk/platforms/android-36.1/data/res/values-es-rUS-masculine: Cannot change mode to rwxr-xr-x: Operation not permitted
build	Cache Android SDK	2026-06-06T12:22:54.6673298Z /usr/bin/tar: ../../../../../usr/local/lib/android/sdk/platforms/android-36.1/data/res/values-mcc310-mnc380-ru: Cannot utime: Operation not permitted
build	Cache Android SDK	2026-06-06T12:22:54.6673836Z /usr/bin/tar: ../../../../../usr/local/lib/android/sdk/platforms/android-36.1/data/res/values-mcc310-mnc380-ru: Cannot change mode to rwxr-xr-x: Operation not permitted
build	Cache Android SDK	2026-06-06T12:22:54.6676249Z /usr/bin/tar: ../../../../../usr/local/lib/android/sdk/platforms/android-36.1/data/res/values-mcc001-mnc01-fr-rCA: Cannot utime: Operation not permitted
build	Cache Android SDK	2026-06-06T12:22:54.6676794Z /usr/bin/tar: ../../../../../usr/local/lib/android/sdk/platforms/android-36.1/data/res/values-mcc001-mnc01-fr-rCA: Cannot change mode to rwxr-xr-x: Operation not permitted
build	Cache Android SDK	2026-06-06T12:22:54.6679275Z /usr/bin/tar: ../../../../../usr/local/lib/android/sdk/platforms/android-36.1/data/res/values-zu-television: Cannot utime: Operation not permitted
build	Cache Android SDK	2026-06-06T12:22:54.6679724Z /usr/bin/tar: ../../../../../usr/local/lib/android/sdk/platforms/android-36.1/data/res/values-zu-television: Cannot change mode to rwxr-xr-x: Operation not permitted
build	Cache Android SDK	2026-06-06T12:22:54.6682431Z /usr/bin/tar: ../../../../../usr/local/lib/android/sdk/platforms/android-36.1/data/res/values-mcc310-mnc240-pl: Cannot utime: Operation not permitted
build	Cache Android SDK	2026-06-06T12:22:54.6682868Z /usr/bin/tar: ../../../../../usr/local/lib/android/sdk/platforms/android-36.1/data/res/values-mcc310-mnc240-pl: Cannot change mode to rwxr-xr-x: Operation not permitted
build	Cache Android SDK	2026-06-06T12:22:54.6685698Z /usr/bin/tar: ../../../../../usr/local/lib/android/sdk/platforms/android-36.1/data/res/values-mcc334-mnc020-lo: Cannot utime: Operation not permitted
build	Cache Android SDK	2026-06-06T12:22:54.6686412Z /usr/bin/tar: ../../../../../usr/local/lib/android/sdk/platforms/android-36.1/data/res/values-mcc334-mnc020-lo: Cannot change mode to rwxr-xr-x: Operation not permitted
build	Cache Android SDK	2026-06-06T12:22:54.6689246Z /usr/bin/tar: ../../../../../usr/local/lib/android/sdk/platforms/android-36.1/data/res/values-mcc310-mnc240-nb: Cannot utime: Operation not permitted
build	Cache Android SDK	2026-06-06T12:22:54.6689818Z /usr/bin/tar: ../../../../../usr/local/lib/android/sdk/platforms/android-36.1/data/res/values-mcc310-mnc240-nb: Cannot change mode to rwxr-xr-x: Operation not permitted
build	Cache Android SDK	2026-06-06T12:22:54.6692276Z /usr/bin/tar: ../../../../../usr/local/lib/android/sdk/platforms/android-36.1/data/res/values-mcc310-mnc240-fa: Cannot utime: Operation not permitted
build	Cache Android SDK	2026-06-06T12:22:54.6692715Z /usr/bin/tar: ../../../../../usr/local/lib/android/sdk/platforms/android-36.1/data/res/values-mcc310-mnc240-fa: Cannot change mode to rwxr-xr-x: Operation not permitted
build	Cache Android SDK	2026-06-06T12:22:54.6695291Z /usr/bin/tar: ../../../../../usr/local/lib/android/sdk/platforms/android-36.1/data/res/values-pl-rPL: Cannot utime: Operation not permitted
build	Cache Android SDK	2026-06-06T12:22:54.6695781Z /usr/bin/tar: ../../../../../usr/local/lib/android/sdk/platforms/android-36.1/data/res/values-pl-rPL: Cannot change mode to rwxr-xr-x: Operation not permitted
build	Cache Android SDK	2026-06-06T12:22:54.6698622Z /usr/bin/tar: ../../../../../usr/local/lib/android/sdk/platforms/android-36.1/data/res/values-mcc310-mnc660-mr: Cannot utime: Operation not permitted
build	Cache Android SDK	2026-06-06T12:22:54.6699079Z /usr/bin/tar: ../../../../../usr/local/lib/android/sdk/platforms/android-36.1/data/res/values-mcc310-mnc660-mr: Cannot change mode to rwxr-xr-x: Operation not permitted
build	Cache Android SDK	2026-06-06T12:22:54.6701774Z /usr/bin/tar: ../../../../../usr/local/lib/android/sdk/platforms/android-36.1/data/res/values-mcc310-mnc270-bn: Cannot utime: Operation not permitted
build	Cache Android SDK	2026-06-06T12:22:54.6702210Z /usr/bin/tar: ../../../../../usr/local/lib/android/sdk/platforms/android-36.1/data/res/values-mcc310-mnc270-bn: Cannot change mode to rwxr-xr-x: Operation not permitted
build	Cache Android SDK	2026-06-06T12:22:54.6704949Z /usr/bin/tar: ../../../../../usr/local/lib/android/sdk/platforms/android-36.1/data/res/values-mcc310-mnc660-mk: Cannot utime: Operation not permitted
build	Cache Android SDK	2026-06-06T12:22:54.6705464Z /usr/bin/tar: ../../../../../usr/local/lib/android/sdk/platforms/android-36.1/data/res/values-mcc310-mnc660-mk: Cannot change mode to rwxr-xr-x: Operation not permitted
build	Cache Android SDK	2026-06-06T12:22:54.6708172Z /usr/bin/tar: ../../../../../usr/local/lib/android/sdk/platforms/android-36.1/data/res/values-mcc310-mnc160-et: Cannot utime: Operation not permitted
build	Cache Android SDK	2026-06-06T12:22:54.6708618Z /usr/bin/tar: ../../../../../usr/local/lib/android/sdk/platforms/android-36.1/data/res/values-mcc310-mnc160-et: Cannot change mode to rwxr-xr-x: Operation not permitted
build	Cache Android SDK	2026-06-06T12:22:54.6711628Z /usr/bin/tar: ../../../../../usr/local/lib/android/sdk/platforms/android-36.1/data/res/values-fa-television: Cannot utime: Operation not permitted
build	Cache Android SDK	2026-06-06T12:22:54.6712065Z /usr/bin/tar: ../../../../../usr/local/lib/android/sdk/platforms/android-36.1/data/res/values-fa-television: Cannot change mode to rwxr-xr-x: Operation not permitted
build	Cache Android SDK	2026-06-06T12:22:54.6715042Z /usr/bin/tar: ../../../../../usr/local/lib/android/sdk/platforms/android-36.1/data/res/values-mcc310-mnc560-hi: Cannot utime: Operation not permitted
build	Cache Android SDK	2026-06-06T12:22:54.6715557Z /usr/bin/tar: ../../../../../usr/local/lib/android/sdk/platforms/android-36.1/data/res/values-mcc310-mnc560-hi: Cannot change mode to rwxr-xr-x: Operation not permitted
build	Cache Android SDK	2026-06-06T12:22:54.6718784Z /usr/bin/tar: ../../../../../usr/local/lib/android/sdk/platforms/android-36.1/data/res/raw-en-rGB: Cannot utime: Operation not permitted
build	Cache Android SDK	2026-06-06T12:22:54.6719201Z /usr/bin/tar: ../../../../../usr/local/lib/android/sdk/platforms/android-36.1/data/res/raw-en-rGB: Cannot change mode to rwxr-xr-x: Operation not permitted
build	Cache Android SDK	2026-06-06T12:22:54.6721925Z /usr/bin/tar: ../../../../../usr/local/lib/android/sdk/platforms/android-36.1/data/res/values-eu-watch: Cannot utime: Operation not permitted
build	Cache Android SDK	2026-06-06T12:22:54.6722368Z /usr/bin/tar: ../../../../../usr/local/lib/android/sdk/platforms/android-36.1/data/res/values-eu-watch: Cannot change mode to rwxr-xr-x: Operation not permitted
build	Cache Android SDK	2026-06-06T12:22:54.6724979Z /usr/bin/tar: ../../../../../usr/local/lib/android/sdk/platforms/android-36.1/data/res/values-mcc310-mnc660-ko: Cannot utime: Operation not permitted
build	Cache Android SDK	2026-06-06T12:22:54.6725515Z /usr/bin/tar: ../../../../../usr/local/lib/android/sdk/platforms/android-36.1/data/res/values-mcc310-mnc660-ko: Cannot change mode to rwxr-xr-x: Operation not permitted
build	Cache Android SDK	2026-06-06T12:22:54.6728598Z /usr/bin/tar: ../../../../../usr/local/lib/android/sdk/platforms/android-36.1/data/res/values-mcc311-mnc180-mn: Cannot utime: Operation not permitted
build	Cache Android SDK	2026-06-06T12:22:54.6729111Z /usr/bin/tar: ../../../../../usr/local/lib/android/sdk/platforms/android-36.1/data/res/values-mcc311-mnc180-mn: Cannot change mode to rwxr-xr-x: Operation not permitted
build	Cache Android SDK	2026-06-06T12:22:54.6732182Z /usr/bin/tar: ../../../../../usr/local/lib/android/sdk/platforms/android-36.1/data/res/values-mcc310-mnc240-ml: Cannot utime: Operation not permitted
build	Cache Android SDK	2026-06-06T12:22:54.6732708Z /usr/bin/tar: ../../../../../usr/local/lib/android/sdk/platforms/android-36.1/data/res/values-mcc310-mnc240-ml: Cannot change mode to rwxr-xr-x: Operation not permitted
build	Cache Android SDK	2026-06-06T12:22:54.6735299Z /usr/bin/tar: ../../../../../usr/local/lib/android/sdk/platforms/android-36.1/data/res/values-mcc310-mnc490-kk: Cannot utime: Operation not permitted
build	Cache Android SDK	2026-06-06T12:22:54.6735742Z /usr/bin/tar: ../../../../../usr/local/lib/android/sdk/platforms/android-36.1/data/res/values-mcc310-mnc490-kk: Cannot change mode to rwxr-xr-x: Operation not permitted
build	Cache Android SDK	2026-06-06T12:22:54.6738445Z /usr/bin/tar: ../../../../../usr/local/lib/android/sdk/platforms/android-36.1/data/res/values-mcc310-mnc240-bg: Cannot utime: Operation not permitted
build	Cache Android SDK	2026-06-06T12:22:54.6738894Z /usr/bin/tar: ../../../../../usr/local/lib/android/sdk/platforms/android-36.1/data/res/values-mcc310-mnc240-bg: Cannot change mode to rwxr-xr-x: Operation not permitted
build	Cache Android SDK	2026-06-06T12:22:54.6741706Z /usr/bin/tar: ../../../../../usr/local/lib/android/sdk/platforms/android-36.1/data/res/values-mcc310-mnc240-zu: Cannot utime: Operation not permitted
build	Cache Android SDK	2026-06-06T12:22:54.6742216Z /usr/bin/tar: ../../../../../usr/local/lib/android/sdk/platforms/android-36.1/data/res/values-mcc310-mnc240-zu: Cannot change mode to rwxr-xr-x: Operation not permitted
build	Cache Android SDK	2026-06-06T12:22:54.6744951Z /usr/bin/tar: ../../../../../usr/local/lib/android/sdk/platforms/android-36.1/data/res/values-mcc310-mnc410-tl: Cannot utime: Operation not permitted
build	Cache Android SDK	2026-06-06T12:22:54.6745521Z /usr/bin/tar: ../../../../../usr/local/lib/android/sdk/platforms/android-36.1/data/res/values-mcc310-mnc410-tl: Cannot change mode to rwxr-xr-x: Operation not permitted
build	Cache Android SDK	2026-06-06T12:22:54.6748499Z /usr/bin/tar: ../../../../../usr/local/lib/android/sdk/platforms/android-36.1/data/res/values-mcc310-mnc220-ky: Cannot utime: Operation not permitted
build	Cache Android SDK	2026-06-06T12:22:54.6748942Z /usr/bin/tar: ../../../../../usr/local/lib/android/sdk/platforms/android-36.1/data/res/values-mcc310-mnc220-ky: Cannot change mode to rwxr-xr-x: Operation not permitted
build	Cache Android SDK	2026-06-06T12:22:54.6751720Z /usr/bin/tar: ../../../../../usr/local/lib/android/sdk/platforms/android-36.1/data/res/values-mcc310-mnc560-or: Cannot utime: Operation not permitted
build	Cache Android SDK	2026-06-06T12:22:54.6752169Z /usr/bin/tar: ../../../../../usr/local/lib/android/sdk/platforms/android-36.1/data/res/values-mcc310-mnc560-or: Cannot change mode to rwxr-xr-x: Operation not permitted
build	Cache Android SDK	2026-06-06T12:22:54.6755037Z /usr/bin/tar: ../../../../../usr/local/lib/android/sdk/platforms/android-36.1/data/res/values-mcc302-mnc720-da: Cannot utime: Operation not permitted
build	Cache Android SDK	2026-06-06T12:22:54.6755473Z /usr/bin/tar: ../../../../../usr/local/lib/android/sdk/platforms/android-36.1/data/res/values-mcc302-mnc720-da: Cannot change mode to rwxr-xr-x: Operation not permitted
build	Cache Android SDK	2026-06-06T12:22:54.6758682Z /usr/bin/tar: ../../../../../usr/local/lib/android/sdk/platforms/android-36.1/data/res/values-mcc302-mnc720-pa: Cannot utime: Operation not permitted
build	Cache Android SDK	2026-06-06T12:22:54.6759129Z /usr/bin/tar: ../../../../../usr/local/lib/android/sdk/platforms/android-36.1/data/res/values-mcc302-mnc720-pa: Cannot change mode to rwxr-xr-x: Operation not permitted
build	Cache Android SDK	2026-06-06T12:22:54.6761761Z /usr/bin/tar: ../../../../../usr/local/lib/android/sdk/platforms/android-36.1/data/res/values-mcc334-mnc020-in: Cannot utime: Operation not permitted
build	Cache Android SDK	2026-06-06T12:22:54.6762300Z /usr/bin/tar: ../../../../../usr/local/lib/android/sdk/platforms/android-36.1/data/res/values-mcc334-mnc020-in: Cannot change mode to rwxr-xr-x: Operation not permitted
build	Cache Android SDK	2026-06-06T12:22:54.6765105Z /usr/bin/tar: ../../../../../usr/local/lib/android/sdk/platforms/android-36.1/data/res/values-mcc310-mnc490-fr-rCA: Cannot utime: Operation not permitted
build	Cache Android SDK	2026-06-06T12:22:54.6765562Z /usr/bin/tar: ../../../../../usr/local/lib/android/sdk/platforms/android-36.1/data/res/values-mcc310-mnc490-fr-rCA: Cannot change mode to rwxr-xr-x: Operation not permitted
build	Cache Android SDK	2026-06-06T12:22:54.6768583Z /usr/bin/tar: ../../../../../usr/local/lib/android/sdk/platforms/android-36.1/data/res/values-mcc312-mnc670-en-rAU: Cannot utime: Operation not permitted
build	Cache Android SDK	2026-06-06T12:22:54.6769047Z /usr/bin/tar: ../../../../../usr/local/lib/android/sdk/platforms/android-36.1/data/res/values-mcc312-mnc670-en-rAU: Cannot change mode to rwxr-xr-x: Operation not permitted
build	Cache Android SDK	2026-06-06T12:22:54.6774553Z /usr/bin/tar: ../../../../../usr/local/lib/android/sdk/platforms/android-36.1/data/res/values-mcc302-mnc370-et: Cannot utime: Operation not permitted
build	Cache Android SDK	2026-06-06T12:22:54.6775004Z /usr/bin/tar: ../../../../../usr/local/lib/android/sdk/platforms/android-36.1/data/res/values-mcc302-mnc370-et: Cannot change mode to rwxr-xr-x: Operation not permitted
build	Cache Android SDK	2026-06-06T12:22:54.6777848Z /usr/bin/tar: ../../../../../usr/local/lib/android/sdk/platforms/android-36.1/data/res/values-mcc313-mnc100-fr-rCA: Cannot utime: Operation not permitted
build	Cache Android SDK	2026-06-06T12:22:54.6778305Z /usr/bin/tar: ../../../../../usr/local/lib/android/sdk/platforms/android-36.1/data/res/values-mcc313-mnc100-fr-rCA: Cannot change mode to rwxr-xr-x: Operation not permitted
build	Cache Android SDK	2026-06-06T12:22:54.6781001Z /usr/bin/tar: ../../../../../usr/local/lib/android/sdk/platforms/android-36.1/data/res/values-mcc310-mnc150-en-rAU: Cannot utime: Operation not permitted
build	Cache Android SDK	2026-06-06T12:22:54.6781689Z /usr/bin/tar: ../../../../../usr/local/lib/android/sdk/platforms/android-36.1/data/res/values-mcc310-mnc150-en-rAU: Cannot change mode to rwxr-xr-x: Operation not permitted
build	Cache Android SDK	2026-06-06T12:22:54.6793603Z /usr/bin/tar: ../../../../../usr/local/lib/android/sdk/platforms/android-36.1/data/res/xml: Cannot utime: Operation not permitted
build	Cache Android SDK	2026-06-06T12:22:54.6794153Z /usr/bin/tar: ../../../../../usr/local/lib/android/sdk/platforms/android-36.1/data/res/xml: Cannot change mode to rwxr-xr-x: Operation not permitted
build	Cache Android SDK	2026-06-06T12:22:54.6797583Z /usr/bin/tar: ../../../../../usr/local/lib/android/sdk/platforms/android-36.1/data/res/values-mcc310-mnc800-sr: Cannot utime: Operation not permitted
build	Cache Android SDK	2026-06-06T12:22:54.6798378Z /usr/bin/tar: ../../../../../usr/local/lib/android/sdk/platforms/android-36.1/data/res/values-mcc310-mnc800-sr: Cannot change mode to rwxr-xr-x: Operation not permitted
build	Cache Android SDK	2026-06-06T12:22:54.6799978Z /usr/bin/tar: ../../../../../usr/local/lib/android/sdk/platforms/android-36.1/data/res/values-mcc310-mnc380-zh-rCN: Cannot utime: Operation not permitted
build	Cache Android SDK	2026-06-06T12:22:54.6800466Z /usr/bin/tar: ../../../../../usr/local/lib/android/sdk/platforms/android-36.1/data/res/values-mcc310-mnc380-zh-rCN: Cannot change mode to rwxr-xr-x: Operation not permitted
build	Cache Android SDK	2026-06-06T12:22:54.6803606Z /usr/bin/tar: ../../../../../usr/local/lib/android/sdk/platforms/android-36.1/data/res/values-mcc310-mnc950-ms: Cannot utime: Operation not permitted
build	Cache Android SDK	2026-06-06T12:22:54.6804077Z /usr/bin/tar: ../../../../../usr/local/lib/android/sdk/platforms/android-36.1/data/res/values-mcc310-mnc950-ms: Cannot change mode to rwxr-xr-x: Operation not permitted
build	Cache Android SDK	2026-06-06T12:22:54.6806432Z /usr/bin/tar: ../../../../../usr/local/lib/android/sdk/platforms/android-36.1/data/res/values-mcc310-mnc170-ms: Cannot utime: Operation not permitted
build	Cache Android SDK	2026-06-06T12:22:54.6806935Z /usr/bin/tar: ../../../../../usr/local/lib/android/sdk/platforms/android-36.1/data/res/values-mcc310-mnc170-ms: Cannot change mode to rwxr-xr-x: Operation not permitted
build	Cache Android SDK	2026-06-06T12:22:54.6810051Z /usr/bin/tar: ../../../../../usr/local/lib/android/sdk/platforms/android-36.1/data/res/values-mcc310-mnc230-sq: Cannot utime: Operation not permitted
build	Cache Android SDK	2026-06-06T12:22:54.6810613Z /usr/bin/tar: ../../../../../usr/local/lib/android/sdk/platforms/android-36.1/data/res/values-mcc310-mnc230-sq: Cannot change mode to rwxr-xr-x: Operation not permitted
build	Cache Android SDK	2026-06-06T12:22:54.6812878Z /usr/bin/tar: ../../../../../usr/local/lib/android/sdk/platforms/android-36.1/data/res/values-mcc334-mnc020-b+sr+Latn: Cannot utime: Operation not permitted
build	Cache Android SDK	2026-06-06T12:22:54.6813367Z /usr/bin/tar: ../../../../../usr/local/lib/android/sdk/platforms/android-36.1/data/res/values-mcc334-mnc020-b+sr+Latn: Cannot change mode to rwxr-xr-x: Operation not permitted
build	Cache Android SDK	2026-06-06T12:22:54.6815676Z /usr/bin/tar: ../../../../../usr/local/lib/android/sdk/platforms/android-36.1/data/res/values-mcc310-mnc800-pt: Cannot utime: Operation not permitted
build	Cache Android SDK	2026-06-06T12:22:54.6816212Z /usr/bin/tar: ../../../../../usr/local/lib/android/sdk/platforms/android-36.1/data/res/values-mcc310-mnc800-pt: Cannot change mode to rwxr-xr-x: Operation not permitted
build	Cache Android SDK	2026-06-06T12:22:54.6819056Z /usr/bin/tar: ../../../../../usr/local/lib/android/sdk/platforms/android-36.1/data/res/values-mcc310-mnc250-iw: Cannot utime: Operation not permitted
build	Cache Android SDK	2026-06-06T12:22:54.6819558Z /usr/bin/tar: ../../../../../usr/local/lib/android/sdk/platforms/android-36.1/data/res/values-mcc310-mnc250-iw: Cannot change mode to rwxr-xr-x: Operation not permitted
build	Cache Android SDK	2026-06-06T12:22:54.6822731Z /usr/bin/tar: ../../../../../usr/local/lib/android/sdk/platforms/android-36.1/data/res/mipmap-hdpi: Cannot utime: Operation not permitted
build	Cache Android SDK	2026-06-06T12:22:54.6823176Z /usr/bin/tar: ../../../../../usr/local/lib/android/sdk/platforms/android-36.1/data/res/mipmap-hdpi: Cannot change mode to rwxr-xr-x: Operation not permitted
build	Cache Android SDK	2026-06-06T12:22:54.6825649Z /usr/bin/tar: ../../../../../usr/local/lib/android/sdk/platforms/android-36.1/data/res/values-mcc310-mnc950-af: Cannot utime: Operation not permitted
build	Cache Android SDK	2026-06-06T12:22:54.6826198Z /usr/bin/tar: ../../../../../usr/local/lib/android/sdk/platforms/android-36.1/data/res/values-mcc310-mnc950-af: Cannot change mode to rwxr-xr-x: Operation not permitted
build	Cache Android SDK	2026-06-06T12:22:54.6829038Z /usr/bin/tar: ../../../../../usr/local/lib/android/sdk/platforms/android-36.1/data/res/values-mcc310-mnc210-kk: Cannot utime: Operation not permitted
build	Cache Android SDK	2026-06-06T12:22:54.6829528Z /usr/bin/tar: ../../../../../usr/local/lib/android/sdk/platforms/android-36.1/data/res/values-mcc310-mnc210-kk: Cannot change mode to rwxr-xr-x: Operation not permitted
build	Cache Android SDK	2026-06-06T12:22:54.6832147Z /usr/bin/tar: ../../../../../usr/local/lib/android/sdk/platforms/android-36.1/data/res/values-mcc302-mnc720-ne: Cannot utime: Operation not permitted
build	Cache Android SDK	2026-06-06T12:22:54.6832614Z /usr/bin/tar: ../../../../../usr/local/lib/android/sdk/platforms/android-36.1/data/res/values-mcc302-mnc720-ne: Cannot change mode to rwxr-xr-x: Operation not permitted
build	Cache Android SDK	2026-06-06T12:22:54.6835666Z /usr/bin/tar: ../../../../../usr/local/lib/android/sdk/platforms/android-36.1/data/res/values-mcc334-mnc020-th: Cannot utime: Operation not permitted
build	Cache Android SDK	2026-06-06T12:22:54.6836127Z /usr/bin/tar: ../../../../../usr/local/lib/android/sdk/platforms/android-36.1/data/res/values-mcc334-mnc020-th: Cannot change mode to rwxr-xr-x: Operation not permitted
build	Cache Android SDK	2026-06-06T12:22:54.6839034Z /usr/bin/tar: ../../../../../usr/local/lib/android/sdk/platforms/android-36.1/data/res/values-mcc310-mnc280-is: Cannot utime: Operation not permitted
build	Cache Android SDK	2026-06-06T12:22:54.6839500Z /usr/bin/tar: ../../../../../usr/local/lib/android/sdk/platforms/android-36.1/data/res/values-mcc310-mnc280-is: Cannot change mode to rwxr-xr-x: Operation not permitted
build	Cache Android SDK	2026-06-06T12:22:54.6842131Z /usr/bin/tar: ../../../../../usr/local/lib/android/sdk/platforms/android-36.1/data/res/values-mcc313-mnc100-be: Cannot utime: Operation not permitted
build	Cache Android SDK	2026-06-06T12:22:54.6842608Z /usr/bin/tar: ../../../../../usr/local/lib/android/sdk/platforms/android-36.1/data/res/values-mcc313-mnc100-be: Cannot change mode to rwxr-xr-x: Operation not permitted
build	Cache Android SDK	2026-06-06T12:22:54.6849920Z /usr/bin/tar: ../../../../../usr/local/lib/android/sdk/platforms/android-36.1/data/res/values-es-rUS: Cannot utime: Operation not permitted
build	Cache Android SDK	2026-06-06T12:22:54.6850517Z /usr/bin/tar: ../../../../../usr/local/lib/android/sdk/platforms/android-36.1/data/res/values-es-rUS: Cannot change mode to rwxr-xr-x: Operation not permitted
build	Cache Android SDK	2026-06-06T12:22:54.6852976Z /usr/bin/tar: ../../../../../usr/local/lib/android/sdk/platforms/android-36.1/data/res/values-mcc311-mnc180-te: Cannot utime: Operation not permitted
build	Cache Android SDK	2026-06-06T12:22:54.6853434Z /usr/bin/tar: ../../../../../usr/local/lib/android/sdk/platforms/android-36.1/data/res/values-mcc311-mnc180-te: Cannot change mode to rwxr-xr-x: Operation not permitted
build	Cache Android SDK	2026-06-06T12:22:54.6855986Z /usr/bin/tar: ../../../../../usr/local/lib/android/sdk/platforms/android-36.1/data/res/values-mcc310-mnc030-ko: Cannot utime: Operation not permitted
build	Cache Android SDK	2026-06-06T12:22:54.6856517Z /usr/bin/tar: ../../../../../usr/local/lib/android/sdk/platforms/android-36.1/data/res/values-mcc310-mnc030-ko: Cannot change mode to rwxr-xr-x: Operation not permitted
build	Cache Android SDK	2026-06-06T12:22:54.6859288Z /usr/bin/tar: ../../../../../usr/local/lib/android/sdk/platforms/android-36.1/data/res/values-da-television: Cannot utime: Operation not permitted
build	Cache Android SDK	2026-06-06T12:22:54.6859745Z /usr/bin/tar: ../../../../../usr/local/lib/android/sdk/platforms/android-36.1/data/res/values-da-television: Cannot change mode to rwxr-xr-x: Operation not permitted
build	Cache Android SDK	2026-06-06T12:22:54.6862338Z /usr/bin/tar: ../../../../../usr/local/lib/android/sdk/platforms/android-36.1/data/res/values-mcc310-mnc240-be: Cannot utime: Operation not permitted
build	Cache Android SDK	2026-06-06T12:22:54.6862785Z /usr/bin/tar: ../../../../../usr/local/lib/android/sdk/platforms/android-36.1/data/res/values-mcc310-mnc240-be: Cannot change mode to rwxr-xr-x: Operation not permitted
build	Cache Android SDK	2026-06-06T12:22:54.6865577Z /usr/bin/tar: ../../../../../usr/local/lib/android/sdk/platforms/android-36.1/data/res/values-mr-television: Cannot utime: Operation not permitted
build	Cache Android SDK	2026-06-06T12:22:54.6866026Z /usr/bin/tar: ../../../../../usr/local/lib/android/sdk/platforms/android-36.1/data/res/values-mr-television: Cannot change mode to rwxr-xr-x: Operation not permitted
build	Cache Android SDK	2026-06-06T12:22:54.6868857Z /usr/bin/tar: ../../../../../usr/local/lib/android/sdk/platforms/android-36.1/data/res/values-mcc310-mnc490-tl: Cannot utime: Operation not permitted
build	Cache Android SDK	2026-06-06T12:22:54.6869311Z /usr/bin/tar: ../../../../../usr/local/lib/android/sdk/platforms/android-36.1/data/res/values-mcc310-mnc490-tl: Cannot change mode to rwxr-xr-x: Operation not permitted
build	Cache Android SDK	2026-06-06T12:22:54.6872023Z /usr/bin/tar: ../../../../../usr/local/lib/android/sdk/platforms/android-36.1/data/res/values-mcc310-mnc240-cs: Cannot utime: Operation not permitted
build	Cache Android SDK	2026-06-06T12:22:54.6872483Z /usr/bin/tar: ../../../../../usr/local/lib/android/sdk/platforms/android-36.1/data/res/values-mcc310-mnc240-cs: Cannot change mode to rwxr-xr-x: Operation not permitted
build	Cache Android SDK	2026-06-06T12:22:54.6875226Z /usr/bin/tar: ../../../../../usr/local/lib/android/sdk/platforms/android-36.1/data/res/values-mcc310-mnc250-af: Cannot utime: Operation not permitted
build	Cache Android SDK	2026-06-06T12:22:54.6875678Z /usr/bin/tar: ../../../../../usr/local/lib/android/sdk/platforms/android-36.1/data/res/values-mcc310-mnc250-af: Cannot change mode to rwxr-xr-x: Operation not permitted
build	Cache Android SDK	2026-06-06T12:22:54.6878490Z /usr/bin/tar: ../../../../../usr/local/lib/android/sdk/platforms/android-36.1/data/res/values-xlarge: Cannot utime: Operation not permitted
build	Cache Android SDK	2026-06-06T12:22:54.6878922Z /usr/bin/tar: ../../../../../usr/local/lib/android/sdk/platforms/android-36.1/data/res/values-xlarge: Cannot change mode to rwxr-xr-x: Operation not permitted
build	Cache Android SDK	2026-06-06T12:22:54.6881695Z /usr/bin/tar: ../../../../../usr/local/lib/android/sdk/platforms/android-36.1/data/res/values-mcc302-mnc370-zh-rTW: Cannot utime: Operation not permitted
build	Cache Android SDK	2026-06-06T12:22:54.6882171Z /usr/bin/tar: ../../../../../usr/local/lib/android/sdk/platforms/android-36.1/data/res/values-mcc302-mnc370-zh-rTW: Cannot change mode to rwxr-xr-x: Operation not permitted
build	Cache Android SDK	2026-06-06T12:22:54.6884729Z /usr/bin/tar: ../../../../../usr/local/lib/android/sdk/platforms/android-36.1/data/res/values-mcc310-mnc410-ca: Cannot utime: Operation not permitted
build	Cache Android SDK	2026-06-06T12:22:54.6885255Z /usr/bin/tar: ../../../../../usr/local/lib/android/sdk/platforms/android-36.1/data/res/values-mcc310-mnc410-ca: Cannot change mode to rwxr-xr-x: Operation not permitted
build	Cache Android SDK	2026-06-06T12:22:54.6888211Z /usr/bin/tar: ../../../../../usr/local/lib/android/sdk/platforms/android-36.1/data/res/values-mcc310-mnc410-my: Cannot utime: Operation not permitted
build	Cache Android SDK	2026-06-06T12:22:54.6888664Z /usr/bin/tar: ../../../../../usr/local/lib/android/sdk/platforms/android-36.1/data/res/values-mcc310-mnc410-my: Cannot change mode to rwxr-xr-x: Operation not permitted
build	Cache Android SDK	2026-06-06T12:22:54.6891374Z /usr/bin/tar: ../../../../../usr/local/lib/android/sdk/platforms/android-36.1/data/res/values-mcc310-mnc160-lo: Cannot utime: Operation not permitted
build	Cache Android SDK	2026-06-06T12:22:54.6891883Z /usr/bin/tar: ../../../../../usr/local/lib/android/sdk/platforms/android-36.1/data/res/values-mcc310-mnc160-lo: Cannot change mode to rwxr-xr-x: Operation not permitted
build	Cache Android SDK	2026-06-06T12:22:54.6894501Z /usr/bin/tar: ../../../../../usr/local/lib/android/sdk/platforms/android-36.1/data/res/values-mcc310-mnc660-ka: Cannot utime: Operation not permitted
build	Cache Android SDK	2026-06-06T12:22:54.6894943Z /usr/bin/tar: ../../../../../usr/local/lib/android/sdk/platforms/android-36.1/data/res/values-mcc310-mnc660-ka: Cannot change mode to rwxr-xr-x: Operation not permitted
build	Cache Android SDK	2026-06-06T12:22:54.6897697Z /usr/bin/tar: ../../../../../usr/local/lib/android/sdk/platforms/android-36.1/data/res/values-mcc310-mnc170-lv: Cannot utime: Operation not permitted
build	Cache Android SDK	2026-06-06T12:22:54.6898154Z /usr/bin/tar: ../../../../../usr/local/lib/android/sdk/platforms/android-36.1/data/res/values-mcc310-mnc170-lv: Cannot change mode to rwxr-xr-x: Operation not permitted
build	Cache Android SDK	2026-06-06T12:22:54.6900872Z /usr/bin/tar: ../../../../../usr/local/lib/android/sdk/platforms/android-36.1/data/res/values-mcc505-mnc01: Cannot utime: Operation not permitted
build	Cache Android SDK	2026-06-06T12:22:54.6901320Z /usr/bin/tar: ../../../../../usr/local/lib/android/sdk/platforms/android-36.1/data/res/values-mcc505-mnc01: Cannot change mode to rwxr-xr-x: Operation not permitted
build	Cache Android SDK	2026-06-06T12:22:54.6904361Z /usr/bin/tar: ../../../../../usr/local/lib/android/sdk/platforms/android-36.1/data/res/values-mcc310-mnc560-ky: Cannot utime: Operation not permitted
build	Cache Android SDK	2026-06-06T12:22:54.6904813Z /usr/bin/tar: ../../../../../usr/local/lib/android/sdk/platforms/android-36.1/data/res/values-mcc310-mnc560-ky: Cannot change mode to rwxr-xr-x: Operation not permitted
build	Cache Android SDK	2026-06-06T12:22:54.6908208Z /usr/bin/tar: ../../../../../usr/local/lib/android/sdk/platforms/android-36.1/data/res/values-my-television: Cannot utime: Operation not permitted
build	Cache Android SDK	2026-06-06T12:22:54.6908741Z /usr/bin/tar: ../../../../../usr/local/lib/android/sdk/platforms/android-36.1/data/res/values-my-television: Cannot change mode to rwxr-xr-x: Operation not permitted
build	Cache Android SDK	2026-06-06T12:22:54.6911387Z /usr/bin/tar: ../../../../../usr/local/lib/android/sdk/platforms/android-36.1/data/res/values-mcc310-mnc160-km: Cannot utime: Operation not permitted
build	Cache Android SDK	2026-06-06T12:22:54.6911945Z /usr/bin/tar: ../../../../../usr/local/lib/android/sdk/platforms/android-36.1/data/res/values-mcc310-mnc160-km: Cannot change mode to rwxr-xr-x: Operation not permitted
build	Cache Android SDK	2026-06-06T12:22:54.6914326Z /usr/bin/tar: ../../../../../usr/local/lib/android/sdk/platforms/android-36.1/data/res/layout-port: Cannot utime: Operation not permitted
build	Cache Android SDK	2026-06-06T12:22:54.6914763Z /usr/bin/tar: ../../../../../usr/local/lib/android/sdk/platforms/android-36.1/data/res/layout-port: Cannot change mode to rwxr-xr-x: Operation not permitted
build	Cache Android SDK	2026-06-06T12:22:54.6917109Z /usr/bin/tar: ../../../../../usr/local/lib/android/sdk/platforms/android-36.1/data/res/values-mcc310-mnc030-gl: Cannot utime: Operation not permitted
build	Cache Android SDK	2026-06-06T12:22:54.6917687Z /usr/bin/tar: ../../../../../usr/local/lib/android/sdk/platforms/android-36.1/data/res/values-mcc310-mnc030-gl: Cannot change mode to rwxr-xr-x: Operation not permitted
build	Cache Android SDK	2026-06-06T12:22:54.6920394Z /usr/bin/tar: ../../../../../usr/local/lib/android/sdk/platforms/android-36.1/data/res/values-mcc310-mnc230-ar: Cannot utime: Operation not permitted
build	Cache Android SDK	2026-06-06T12:22:54.6920974Z /usr/bin/tar: ../../../../../usr/local/lib/android/sdk/platforms/android-36.1/data/res/values-mcc310-mnc230-ar: Cannot change mode to rwxr-xr-x: Operation not permitted
build	Cache Android SDK	2026-06-06T12:22:54.6923281Z /usr/bin/tar: ../../../../../usr/local/lib/android/sdk/platforms/android-36.1/data/res/values-mcc310-mnc230-kn: Cannot utime: Operation not permitted
build	Cache Android SDK	2026-06-06T12:22:54.6923748Z /usr/bin/tar: ../../../../../usr/local/lib/android/sdk/platforms/android-36.1/data/res/values-mcc310-mnc230-kn: Cannot change mode to rwxr-xr-x: Operation not permitted
build	Cache Android SDK	2026-06-06T12:22:54.6926703Z /usr/bin/tar: ../../../../../usr/local/lib/android/sdk/platforms/android-36.1/data/res/values-in-rID: Cannot utime: Operation not permitted
build	Cache Android SDK	2026-06-06T12:22:54.6927222Z /usr/bin/tar: ../../../../../usr/local/lib/android/sdk/platforms/android-36.1/data/res/values-in-rID: Cannot change mode to rwxr-xr-x: Operation not permitted
build	Cache Android SDK	2026-06-06T12:22:54.6929977Z /usr/bin/tar: ../../../../../usr/local/lib/android/sdk/platforms/android-36.1/data/res/values-mcc310-mnc210-si: Cannot utime: Operation not permitted
build	Cache Android SDK	2026-06-06T12:22:54.6930427Z /usr/bin/tar: ../../../../../usr/local/lib/android/sdk/platforms/android-36.1/data/res/values-mcc310-mnc210-si: Cannot change mode to rwxr-xr-x: Operation not permitted
build	Cache Android SDK	2026-06-06T12:22:54.6932748Z /usr/bin/tar: ../../../../../usr/local/lib/android/sdk/platforms/android-36.1/data/res/layout-large: Cannot utime: Operation not permitted
build	Cache Android SDK	2026-06-06T12:22:54.6933204Z /usr/bin/tar: ../../../../../usr/local/lib/android/sdk/platforms/android-36.1/data/res/layout-large: Cannot change mode to rwxr-xr-x: Operation not permitted
build	Cache Android SDK	2026-06-06T12:22:54.6936279Z /usr/bin/tar: ../../../../../usr/local/lib/android/sdk/platforms/android-36.1/data/res/values-mcc310-mnc150-or: Cannot utime: Operation not permitted
build	Cache Android SDK	2026-06-06T12:22:54.6936743Z /usr/bin/tar: ../../../../../usr/local/lib/android/sdk/platforms/android-36.1/data/res/values-mcc310-mnc150-or: Cannot change mode to rwxr-xr-x: Operation not permitted
build	Cache Android SDK	2026-06-06T12:22:54.6939772Z /usr/bin/tar: ../../../../../usr/local/lib/android/sdk/platforms/android-36.1/data/res/values-mcc310-mnc250-sv: Cannot utime: Operation not permitted
build	Cache Android SDK	2026-06-06T12:22:54.6940219Z /usr/bin/tar: ../../../../../usr/local/lib/android/sdk/platforms/android-36.1/data/res/values-mcc310-mnc250-sv: Cannot change mode to rwxr-xr-x: Operation not permitted
build	Cache Android SDK	2026-06-06T12:22:54.6942872Z /usr/bin/tar: ../../../../../usr/local/lib/android/sdk/platforms/android-36.1/data/res/values-mcc310-mnc270-pa: Cannot utime: Operation not permitted
build	Cache Android SDK	2026-06-06T12:22:54.6943337Z /usr/bin/tar: ../../../../../usr/local/lib/android/sdk/platforms/android-36.1/data/res/values-mcc310-mnc270-pa: Cannot change mode to rwxr-xr-x: Operation not permitted
build	Cache Android SDK	2026-06-06T12:22:54.6949489Z /usr/bin/tar: ../../../../../usr/local/lib/android/sdk/platforms/android-36.1/data/res/values-pl: Cannot utime: Operation not permitted
build	Cache Android SDK	2026-06-06T12:22:54.6949947Z /usr/bin/tar: ../../../../../usr/local/lib/android/sdk/platforms/android-36.1/data/res/values-pl: Cannot change mode to rwxr-xr-x: Operation not permitted
build	Cache Android SDK	2026-06-06T12:22:54.6952706Z /usr/bin/tar: ../../../../../usr/local/lib/android/sdk/platforms/android-36.1/data/res/values-mcc310-mnc490-ml: Cannot utime: Operation not permitted
build	Cache Android SDK	2026-06-06T12:22:54.6953170Z /usr/bin/tar: ../../../../../usr/local/lib/android/sdk/platforms/android-36.1/data/res/values-mcc310-mnc490-ml: Cannot change mode to rwxr-xr-x: Operation not permitted
build	Cache Android SDK	2026-06-06T12:22:54.6956025Z /usr/bin/tar: ../../../../../usr/local/lib/android/sdk/platforms/android-36.1/data/res/values-mcc310-mnc160-am: Cannot utime: Operation not permitted
build	Cache Android SDK	2026-06-06T12:22:54.6956500Z /usr/bin/tar: ../../../../../usr/local/lib/android/sdk/platforms/android-36.1/data/res/values-mcc310-mnc160-am: Cannot change mode to rwxr-xr-x: Operation not permitted
build	Cache Android SDK	2026-06-06T12:22:54.6958980Z /usr/bin/tar: ../../../../../usr/local/lib/android/sdk/platforms/android-36.1/data/res/values-mcc310-mnc170-es-rUS: Cannot utime: Operation not permitted
build	Cache Android SDK	2026-06-06T12:22:54.6959578Z /usr/bin/tar: ../../../../../usr/local/lib/android/sdk/platforms/android-36.1/data/res/values-mcc310-mnc170-es-rUS: Cannot change mode to rwxr-xr-x: Operation not permitted
build	Cache Android SDK	2026-06-06T12:22:54.6965618Z /usr/bin/tar: ../../../../../usr/local/lib/android/sdk/platforms/android-36.1/data/res/values-ca: Cannot utime: Operation not permitted
build	Cache Android SDK	2026-06-06T12:22:54.6966042Z /usr/bin/tar: ../../../../../usr/local/lib/android/sdk/platforms/android-36.1/data/res/values-ca: Cannot change mode to rwxr-xr-x: Operation not permitted
build	Cache Android SDK	2026-06-06T12:22:54.6970368Z /usr/bin/tar: ../../../../../usr/local/lib/android/sdk/platforms/android-36.1/data/res/values-mcc310-mnc210-am: Cannot utime: Operation not permitted
build	Cache Android SDK	2026-06-06T12:22:54.6971003Z /usr/bin/tar: ../../../../../usr/local/lib/android/sdk/platforms/android-36.1/data/res/values-mcc310-mnc210-am: Cannot change mode to rwxr-xr-x: Operation not permitted
build	Cache Android SDK	2026-06-06T12:22:54.6973240Z /usr/bin/tar: ../../../../../usr/local/lib/android/sdk/platforms/android-36.1/data/res/values-mcc310-mnc030-eu: Cannot utime: Operation not permitted
build	Cache Android SDK	2026-06-06T12:22:54.6973713Z /usr/bin/tar: ../../../../../usr/local/lib/android/sdk/platforms/android-36.1/data/res/values-mcc310-mnc030-eu: Cannot change mode to rwxr-xr-x: Operation not permitted
build	Cache Android SDK	2026-06-06T12:22:54.6976030Z /usr/bin/tar: ../../../../../usr/local/lib/android/sdk/platforms/android-36.1/data/res/values-mcc706-mnc04: Cannot utime: Operation not permitted
build	Cache Android SDK	2026-06-06T12:22:54.6976496Z /usr/bin/tar: ../../../../../usr/local/lib/android/sdk/platforms/android-36.1/data/res/values-mcc706-mnc04: Cannot change mode to rwxr-xr-x: Operation not permitted
build	Cache Android SDK	2026-06-06T12:22:54.6979262Z /usr/bin/tar: ../../../../../usr/local/lib/android/sdk/platforms/android-36.1/data/res/values-si-television: Cannot utime: Operation not permitted
build	Cache Android SDK	2026-06-06T12:22:54.6979742Z /usr/bin/tar: ../../../../../usr/local/lib/android/sdk/platforms/android-36.1/data/res/values-si-television: Cannot change mode to rwxr-xr-x: Operation not permitted
build	Cache Android SDK	2026-06-06T12:22:54.6982666Z /usr/bin/tar: ../../../../../usr/local/lib/android/sdk/platforms/android-36.1/data/res/values-mcc334-mnc020-sl: Cannot utime: Operation not permitted
build	Cache Android SDK	2026-06-06T12:22:54.6983131Z /usr/bin/tar: ../../../../../usr/local/lib/android/sdk/platforms/android-36.1/data/res/values-mcc334-mnc020-sl: Cannot change mode to rwxr-xr-x: Operation not permitted
build	Cache Android SDK	2026-06-06T12:22:54.6985417Z /usr/bin/tar: ../../../../../usr/local/lib/android/sdk/platforms/android-36.1/data/res/values-mcc310-mnc660-sv: Cannot utime: Operation not permitted
build	Cache Android SDK	2026-06-06T12:22:54.6985882Z /usr/bin/tar: ../../../../../usr/local/lib/android/sdk/platforms/android-36.1/data/res/values-mcc310-mnc660-sv: Cannot change mode to rwxr-xr-x: Operation not permitted
build	Cache Android SDK	2026-06-06T12:22:54.6988303Z /usr/bin/tar: ../../../../../usr/local/lib/android/sdk/platforms/android-36.1/data/res/values-mcc268-mnc03: Cannot utime: Operation not permitted
build	Cache Android SDK	2026-06-06T12:22:54.6988752Z /usr/bin/tar: ../../../../../usr/local/lib/android/sdk/platforms/android-36.1/data/res/values-mcc268-mnc03: Cannot change mode to rwxr-xr-x: Operation not permitted
build	Cache Android SDK	2026-06-06T12:22:54.6991720Z /usr/bin/tar: ../../../../../usr/local/lib/android/sdk/platforms/android-36.1/data/res/values-mcc310-mnc950-zh-rTW: Cannot utime: Operation not permitted
build	Cache Android SDK	2026-06-06T12:22:54.6992193Z /usr/bin/tar: ../../../../../usr/local/lib/android/sdk/platforms/android-36.1/data/res/values-mcc310-mnc950-zh-rTW: Cannot change mode to rwxr-xr-x: Operation not permitted
build	Cache Android SDK	2026-06-06T12:22:54.6995092Z /usr/bin/tar: ../../../../../usr/local/lib/android/sdk/platforms/android-36.1/data/res/values-mcc313-mnc100-sq: Cannot utime: Operation not permitted
build	Cache Android SDK	2026-06-06T12:22:54.6995548Z /usr/bin/tar: ../../../../../usr/local/lib/android/sdk/platforms/android-36.1/data/res/values-mcc313-mnc100-sq: Cannot change mode to rwxr-xr-x: Operation not permitted
build	Cache Android SDK	2026-06-06T12:22:54.6998195Z /usr/bin/tar: ../../../../../usr/local/lib/android/sdk/platforms/android-36.1/data/res/values-mcc334-mnc020-fr-feminine: Cannot utime: Operation not permitted
build	Cache Android SDK	2026-06-06T12:22:54.6998800Z /usr/bin/tar: ../../../../../usr/local/lib/android/sdk/platforms/android-36.1/data/res/values-mcc334-mnc020-fr-feminine: Cannot change mode to rwxr-xr-x: Operation not permitted
build	Cache Android SDK	2026-06-06T12:22:54.7001388Z /usr/bin/tar: ../../../../../usr/local/lib/android/sdk/platforms/android-36.1/data/res/values-mcc310-mnc280-tr: Cannot utime: Operation not permitted
build	Cache Android SDK	2026-06-06T12:22:54.7001848Z /usr/bin/tar: ../../../../../usr/local/lib/android/sdk/platforms/android-36.1/data/res/values-mcc310-mnc280-tr: Cannot change mode to rwxr-xr-x: Operation not permitted
build	Cache Android SDK	2026-06-06T12:22:54.7004966Z /usr/bin/tar: ../../../../../usr/local/lib/android/sdk/platforms/android-36.1/data/res/values-mcc302-mnc370-fi: Cannot utime: Operation not permitted
build	Cache Android SDK	2026-06-06T12:22:54.7005505Z /usr/bin/tar: ../../../../../usr/local/lib/android/sdk/platforms/android-36.1/data/res/values-mcc302-mnc370-fi: Cannot change mode to rwxr-xr-x: Operation not permitted
build	Cache Android SDK	2026-06-06T12:22:54.7008170Z /usr/bin/tar: ../../../../../usr/local/lib/android/sdk/platforms/android-36.1/data/res/values-mcc310-mnc230-hi: Cannot utime: Operation not permitted
build	Cache Android SDK	2026-06-06T12:22:54.7008612Z /usr/bin/tar: ../../../../../usr/local/lib/android/sdk/platforms/android-36.1/data/res/values-mcc310-mnc230-hi: Cannot change mode to rwxr-xr-x: Operation not permitted
build	Cache Android SDK	2026-06-06T12:22:54.7014226Z /usr/bin/tar: ../../../../../usr/local/lib/android/sdk/platforms/android-36.1/data/res/values-az: Cannot utime: Operation not permitted
build	Cache Android SDK	2026-06-06T12:22:54.7014851Z /usr/bin/tar: ../../../../../usr/local/lib/android/sdk/platforms/android-36.1/data/res/values-az: Cannot change mode to rwxr-xr-x: Operation not permitted
build	Cache Android SDK	2026-06-06T12:22:54.7017977Z /usr/bin/tar: ../../../../../usr/local/lib/android/sdk/platforms/android-36.1/data/res/values-mcc310-mnc160-sr: Cannot utime: Operation not permitted
build	Cache Android SDK	2026-06-06T12:22:54.7018456Z /usr/bin/tar: ../../../../../usr/local/lib/android/sdk/platforms/android-36.1/data/res/values-mcc310-mnc160-sr: Cannot change mode to rwxr-xr-x: Operation not permitted
build	Cache Android SDK	2026-06-06T12:22:54.7020869Z /usr/bin/tar: ../../../../../usr/local/lib/android/sdk/platforms/android-36.1/data/res/values-mcc310-mnc250-vi: Cannot utime: Operation not permitted
build	Cache Android SDK	2026-06-06T12:22:54.7021349Z /usr/bin/tar: ../../../../../usr/local/lib/android/sdk/platforms/android-36.1/data/res/values-mcc310-mnc250-vi: Cannot change mode to rwxr-xr-x: Operation not permitted
build	Cache Android SDK	2026-06-06T12:22:54.7023563Z /usr/bin/tar: ../../../../../usr/local/lib/android/sdk/platforms/android-36.1/data/res/values-mcc302-mnc720-zu: Cannot utime: Operation not permitted
build	Cache Android SDK	2026-06-06T12:22:54.7024029Z /usr/bin/tar: ../../../../../usr/local/lib/android/sdk/platforms/android-36.1/data/res/values-mcc302-mnc720-zu: Cannot change mode to rwxr-xr-x: Operation not permitted
build	Cache Android SDK	2026-06-06T12:22:54.7027189Z /usr/bin/tar: ../../../../../usr/local/lib/android/sdk/platforms/android-36.1/data/res/values-lt-television: Cannot utime: Operation not permitted
build	Cache Android SDK	2026-06-06T12:22:54.7027801Z /usr/bin/tar: ../../../../../usr/local/lib/android/sdk/platforms/android-36.1/data/res/values-lt-television: Cannot change mode to rwxr-xr-x: Operation not permitted
build	Cache Android SDK	2026-06-06T12:22:54.7030380Z /usr/bin/tar: ../../../../../usr/local/lib/android/sdk/platforms/android-36.1/data/res/values-mcc313-mnc100-pt: Cannot utime: Operation not permitted
build	Cache Android SDK	2026-06-06T12:22:54.7030856Z /usr/bin/tar: ../../../../../usr/local/lib/android/sdk/platforms/android-36.1/data/res/values-mcc313-mnc100-pt: Cannot change mode to rwxr-xr-x: Operation not permitted
build	Cache Android SDK	2026-06-06T12:22:54.7033520Z /usr/bin/tar: ../../../../../usr/local/lib/android/sdk/platforms/android-36.1/data/res/values-mcc310-mnc660-km: Cannot utime: Operation not permitted
build	Cache Android SDK	2026-06-06T12:22:54.7034007Z /usr/bin/tar: ../../../../../usr/local/lib/android/sdk/platforms/android-36.1/data/res/values-mcc310-mnc660-km: Cannot change mode to rwxr-xr-x: Operation not permitted
build	Cache Android SDK	2026-06-06T12:22:54.7036694Z /usr/bin/tar: ../../../../../usr/local/lib/android/sdk/platforms/android-36.1/data/res/values-en-rXC-watch: Cannot utime: Operation not permitted
build	Cache Android SDK	2026-06-06T12:22:54.7037175Z /usr/bin/tar: ../../../../../usr/local/lib/android/sdk/platforms/android-36.1/data/res/values-en-rXC-watch: Cannot change mode to rwxr-xr-x: Operation not permitted
build	Cache Android SDK	2026-06-06T12:22:54.7039925Z /usr/bin/tar: ../../../../../usr/local/lib/android/sdk/platforms/android-36.1/data/res/values-mcc310-mnc310-pa: Cannot utime: Operation not permitted
build	Cache Android SDK	2026-06-06T12:22:54.7040398Z /usr/bin/tar: ../../../../../usr/local/lib/android/sdk/platforms/android-36.1/data/res/values-mcc310-mnc310-pa: Cannot change mode to rwxr-xr-x: Operation not permitted
build	Cache Android SDK	2026-06-06T12:22:54.7043583Z /usr/bin/tar: ../../../../../usr/local/lib/android/sdk/platforms/android-36.1/data/res/values-mcc312-mnc670-hy: Cannot utime: Operation not permitted
build	Cache Android SDK	2026-06-06T12:22:54.7044199Z /usr/bin/tar: ../../../../../usr/local/lib/android/sdk/platforms/android-36.1/data/res/values-mcc312-mnc670-hy: Cannot change mode to rwxr-xr-x: Operation not permitted
build	Cache Android SDK	2026-06-06T12:22:54.7046759Z /usr/bin/tar: ../../../../../usr/local/lib/android/sdk/platforms/android-36.1/data/res/values-mcc310-mnc220-ms: Cannot utime: Operation not permitted
build	Cache Android SDK	2026-06-06T12:22:54.7047279Z /usr/bin/tar: ../../../../../usr/local/lib/android/sdk/platforms/android-36.1/data/res/values-mcc310-mnc220-ms: Cannot change mode to rwxr-xr-x: Operation not permitted
build	Cache Android SDK	2026-06-06T12:22:54.7049644Z /usr/bin/tar: ../../../../../usr/local/lib/android/sdk/platforms/android-36.1/data/res/values-mcc302-mnc370-ko: Cannot utime: Operation not permitted
build	Cache Android SDK	2026-06-06T12:22:54.7050135Z /usr/bin/tar: ../../../../../usr/local/lib/android/sdk/platforms/android-36.1/data/res/values-mcc302-mnc370-ko: Cannot change mode to rwxr-xr-x: Operation not permitted
build	Cache Android SDK	2026-06-06T12:22:54.7052793Z /usr/bin/tar: ../../../../../usr/local/lib/android/sdk/platforms/android-36.1/data/res/values-mcc302-mnc720-my: Cannot utime: Operation not permitted
build	Cache Android SDK	2026-06-06T12:22:54.7053290Z /usr/bin/tar: ../../../../../usr/local/lib/android/sdk/platforms/android-36.1/data/res/values-mcc302-mnc720-my: Cannot change mode to rwxr-xr-x: Operation not permitted
build	Cache Android SDK	2026-06-06T12:22:54.7060633Z /usr/bin/tar: ../../../../../usr/local/lib/android/sdk/platforms/android-36.1/data/res/values-gu: Cannot utime: Operation not permitted
build	Cache Android SDK	2026-06-06T12:22:54.7061208Z /usr/bin/tar: ../../../../../usr/local/lib/android/sdk/platforms/android-36.1/data/res/values-gu: Cannot change mode to rwxr-xr-x: Operation not permitted
build	Cache Android SDK	2026-06-06T12:22:54.7063708Z /usr/bin/tar: ../../../../../usr/local/lib/android/sdk/platforms/android-36.1/data/res/values-mcc310-mnc270-in: Cannot utime: Operation not permitted
build	Cache Android SDK	2026-06-06T12:22:54.7064280Z /usr/bin/tar: ../../../../../usr/local/lib/android/sdk/platforms/android-36.1/data/res/values-mcc310-mnc270-in: Cannot change mode to rwxr-xr-x: Operation not permitted
build	Cache Android SDK	2026-06-06T12:22:54.7066924Z /usr/bin/tar: ../../../../../usr/local/lib/android/sdk/platforms/android-36.1/data/res/values-pa-watch: Cannot utime: Operation not permitted
build	Cache Android SDK	2026-06-06T12:22:54.7067503Z /usr/bin/tar: ../../../../../usr/local/lib/android/sdk/platforms/android-36.1/data/res/values-pa-watch: Cannot change mode to rwxr-xr-x: Operation not permitted
build	Cache Android SDK	2026-06-06T12:22:54.7070338Z /usr/bin/tar: ../../../../../usr/local/lib/android/sdk/platforms/android-36.1/data/res/values-mcc310-mnc170-ca: Cannot utime: Operation not permitted
build	Cache Android SDK	2026-06-06T12:22:54.7070792Z /usr/bin/tar: ../../../../../usr/local/lib/android/sdk/platforms/android-36.1/data/res/values-mcc310-mnc170-ca: Cannot change mode to rwxr-xr-x: Operation not permitted
build	Cache Android SDK	2026-06-06T12:22:54.7073667Z /usr/bin/tar: ../../../../../usr/local/lib/android/sdk/platforms/android-36.1/data/res/values-mcc310-mnc280-el: Cannot utime: Operation not permitted
build	Cache Android SDK	2026-06-06T12:22:54.7074124Z /usr/bin/tar: ../../../../../usr/local/lib/android/sdk/platforms/android-36.1/data/res/values-mcc310-mnc280-el: Cannot change mode to rwxr-xr-x: Operation not permitted
build	Cache Android SDK	2026-06-06T12:22:54.7076848Z /usr/bin/tar: ../../../../../usr/local/lib/android/sdk/platforms/android-36.1/data/res/values-mcc310-mnc310-km: Cannot utime: Operation not permitted
build	Cache Android SDK	2026-06-06T12:22:54.7077305Z /usr/bin/tar: ../../../../../usr/local/lib/android/sdk/platforms/android-36.1/data/res/values-mcc310-mnc310-km: Cannot change mode to rwxr-xr-x: Operation not permitted
build	Cache Android SDK	2026-06-06T12:22:54.7082846Z /usr/bin/tar: ../../../../../usr/local/lib/android/sdk/platforms/android-36.1/data/res/values-mcc302-mnc720-lt: Cannot utime: Operation not permitted
build	Cache Android SDK	2026-06-06T12:22:54.7083306Z /usr/bin/tar: ../../../../../usr/local/lib/android/sdk/platforms/android-36.1/data/res/values-mcc302-mnc720-lt: Cannot change mode to rwxr-xr-x: Operation not permitted
build	Cache Android SDK	2026-06-06T12:22:54.7086481Z /usr/bin/tar: ../../../../../usr/local/lib/android/sdk/platforms/android-36.1/data/res/values-mcc310-mnc230-en-rGB: Cannot utime: Operation not permitted
build	Cache Android SDK	2026-06-06T12:22:54.7087024Z /usr/bin/tar: ../../../../../usr/local/lib/android/sdk/platforms/android-36.1/data/res/values-mcc310-mnc230-en-rGB: Cannot change mode to rwxr-xr-x: Operation not permitted
build	Cache Android SDK	2026-06-06T12:22:54.7089691Z /usr/bin/tar: ../../../../../usr/local/lib/android/sdk/platforms/android-36.1/data/res/values-mcc310-mnc150-sv: Cannot utime: Operation not permitted
build	Cache Android SDK	2026-06-06T12:22:54.7090134Z /usr/bin/tar: ../../../../../usr/local/lib/android/sdk/platforms/android-36.1/data/res/values-mcc310-mnc150-sv: Cannot change mode to rwxr-xr-x: Operation not permitted
build	Cache Android SDK	2026-06-06T12:22:54.7093146Z /usr/bin/tar: ../../../../../usr/local/lib/android/sdk/platforms/android-36.1/data/res/mipmap-xhdpi: Cannot utime: Operation not permitted
build	Cache Android SDK	2026-06-06T12:22:54.7093589Z /usr/bin/tar: ../../../../../usr/local/lib/android/sdk/platforms/android-36.1/data/res/mipmap-xhdpi: Cannot change mode to rwxr-xr-x: Operation not permitted
build	Cache Android SDK	2026-06-06T12:22:54.7096296Z /usr/bin/tar: ../../../../../usr/local/lib/android/sdk/platforms/android-36.1/data/res/values-mcc310-mnc310-in: Cannot utime: Operation not permitted
build	Cache Android SDK	2026-06-06T12:22:54.7096762Z /usr/bin/tar: ../../../../../usr/local/lib/android/sdk/platforms/android-36.1/data/res/values-mcc310-mnc310-in: Cannot change mode to rwxr-xr-x: Operation not permitted
build	Cache Android SDK	2026-06-06T12:22:54.7099820Z /usr/bin/tar: ../../../../../usr/local/lib/android/sdk/platforms/android-36.1/data/res/values-mcc310-mnc950-pt-rBR: Cannot utime: Operation not permitted
build	Cache Android SDK	2026-06-06T12:22:54.7100281Z /usr/bin/tar: ../../../../../usr/local/lib/android/sdk/platforms/android-36.1/data/res/values-mcc310-mnc950-pt-rBR: Cannot change mode to rwxr-xr-x: Operation not permitted
build	Cache Android SDK	2026-06-06T12:22:54.7102570Z /usr/bin/tar: ../../../../../usr/local/lib/android/sdk/platforms/android-36.1/data/res/values-mn-television: Cannot utime: Operation not permitted
build	Cache Android SDK	2026-06-06T12:22:54.7103032Z /usr/bin/tar: ../../../../../usr/local/lib/android/sdk/platforms/android-36.1/data/res/values-mn-television: Cannot change mode to rwxr-xr-x: Operation not permitted
build	Cache Android SDK	2026-06-06T12:22:54.7110291Z /usr/bin/tar: ../../../../../usr/local/lib/android/sdk/platforms/android-36.1/data/res/values-it: Cannot utime: Operation not permitted
build	Cache Android SDK	2026-06-06T12:22:54.7110714Z /usr/bin/tar: ../../../../../usr/local/lib/android/sdk/platforms/android-36.1/data/res/values-it: Cannot change mode to rwxr-xr-x: Operation not permitted
build	Cache Android SDK	2026-06-06T12:22:54.7114060Z /usr/bin/tar: ../../../../../usr/local/lib/android/sdk/platforms/android-36.1/data/res/values-mcc310-mnc200-km: Cannot utime: Operation not permitted
build	Cache Android SDK	2026-06-06T12:22:54.7114578Z /usr/bin/tar: ../../../../../usr/local/lib/android/sdk/platforms/android-36.1/data/res/values-mcc310-mnc200-km: Cannot change mode to rwxr-xr-x: Operation not permitted
build	Cache Android SDK	2026-06-06T12:22:54.7116670Z /usr/bin/tar: ../../../../../usr/local/lib/android/sdk/platforms/android-36.1/data/res/values-mcc311-mnc180-af: Cannot utime: Operation not permitted
build	Cache Android SDK	2026-06-06T12:22:54.7117157Z /usr/bin/tar: ../../../../../usr/local/lib/android/sdk/platforms/android-36.1/data/res/values-mcc311-mnc180-af: Cannot change mode to rwxr-xr-x: Operation not permitted
build	Cache Android SDK	2026-06-06T12:22:54.7119969Z /usr/bin/tar: ../../../../../usr/local/lib/android/sdk/platforms/android-36.1/data/res/values-mcc310-mnc210: Cannot utime: Operation not permitted
build	Cache Android SDK	2026-06-06T12:22:54.7120434Z /usr/bin/tar: ../../../../../usr/local/lib/android/sdk/platforms/android-36.1/data/res/values-mcc310-mnc210: Cannot change mode to rwxr-xr-x: Operation not permitted
build	Cache Android SDK	2026-06-06T12:22:54.7122853Z /usr/bin/tar: ../../../../../usr/local/lib/android/sdk/platforms/android-36.1/data/res/values-mcc310-mnc030-hu: Cannot utime: Operation not permitted
build	Cache Android SDK	2026-06-06T12:22:54.7123324Z /usr/bin/tar: ../../../../../usr/local/lib/android/sdk/platforms/android-36.1/data/res/values-mcc310-mnc030-hu: Cannot change mode to rwxr-xr-x: Operation not permitted
build	Cache Android SDK	2026-06-06T12:22:54.7130169Z /usr/bin/tar: ../../../../../usr/local/lib/android/sdk/platforms/android-36.1/data/res/values-tl: Cannot utime: Operation not permitted
build	Cache Android SDK	2026-06-06T12:22:54.7131105Z /usr/bin/tar: ../../../../../usr/local/lib/android/sdk/platforms/android-36.1/data/res/values-tl: Cannot change mode to rwxr-xr-x: Operation not permitted
build	Cache Android SDK	2026-06-06T12:22:54.7132936Z /usr/bin/tar: ../../../../../usr/local/lib/android/sdk/platforms/android-36.1/data/res/values-fr-watch: Cannot utime: Operation not permitted
build	Cache Android SDK	2026-06-06T12:22:54.7133373Z /usr/bin/tar: ../../../../../usr/local/lib/android/sdk/platforms/android-36.1/data/res/values-fr-watch: Cannot change mode to rwxr-xr-x: Operation not permitted
build	Cache Android SDK	2026-06-06T12:22:54.7136295Z /usr/bin/tar: ../../../../../usr/local/lib/android/sdk/platforms/android-36.1/data/res/values-mcc310-mnc030-en-rGB: Cannot utime: Operation not permitted
build	Cache Android SDK	2026-06-06T12:22:54.7136771Z /usr/bin/tar: ../../../../../usr/local/lib/android/sdk/platforms/android-36.1/data/res/values-mcc310-mnc030-en-rGB: Cannot change mode to rwxr-xr-x: Operation not permitted
build	Cache Android SDK	2026-06-06T12:22:54.7139606Z /usr/bin/tar: ../../../../../usr/local/lib/android/sdk/platforms/android-36.1/data/res/values-mcc302-mnc720-mk: Cannot utime: Operation not permitted
build	Cache Android SDK	2026-06-06T12:22:54.7140063Z /usr/bin/tar: ../../../../../usr/local/lib/android/sdk/platforms/android-36.1/data/res/values-mcc302-mnc720-mk: Cannot change mode to rwxr-xr-x: Operation not permitted
build	Cache Android SDK	2026-06-06T12:22:54.7142627Z /usr/bin/tar: ../../../../../usr/local/lib/android/sdk/platforms/android-36.1/data/res/values-mcc310-mnc800-hu: Cannot utime: Operation not permitted
build	Cache Android SDK	2026-06-06T12:22:54.7143083Z /usr/bin/tar: ../../../../../usr/local/lib/android/sdk/platforms/android-36.1/data/res/values-mcc310-mnc800-hu: Cannot change mode to rwxr-xr-x: Operation not permitted
build	Cache Android SDK	2026-06-06T12:22:54.7146018Z /usr/bin/tar: ../../../../../usr/local/lib/android/sdk/platforms/android-36.1/data/res/values-mcc310-mnc250-hi: Cannot utime: Operation not permitted
build	Cache Android SDK	2026-06-06T12:22:54.7146468Z /usr/bin/tar: ../../../../../usr/local/lib/android/sdk/platforms/android-36.1/data/res/values-mcc310-mnc250-hi: Cannot change mode to rwxr-xr-x: Operation not permitted
build	Cache Android SDK	2026-06-06T12:22:54.7149123Z /usr/bin/tar: ../../../../../usr/local/lib/android/sdk/platforms/android-36.1/data/res/values-mcc310-mnc160-my: Cannot utime: Operation not permitted
build	Cache Android SDK	2026-06-06T12:22:54.7149574Z /usr/bin/tar: ../../../../../usr/local/lib/android/sdk/platforms/android-36.1/data/res/values-mcc310-mnc160-my: Cannot change mode to rwxr-xr-x: Operation not permitted
build	Cache Android SDK	2026-06-06T12:22:54.7152568Z /usr/bin/tar: ../../../../../usr/local/lib/android/sdk/platforms/android-36.1/data/res/values-mcc310-mnc410-mn: Cannot utime: Operation not permitted
build	Cache Android SDK	2026-06-06T12:22:54.7153014Z /usr/bin/tar: ../../../../../usr/local/lib/android/sdk/platforms/android-36.1/data/res/values-mcc310-mnc410-mn: Cannot change mode to rwxr-xr-x: Operation not permitted
build	Cache Android SDK	2026-06-06T12:22:54.7155701Z /usr/bin/tar: ../../../../../usr/local/lib/android/sdk/platforms/android-36.1/data/res/values-mcc310-mnc380-ur: Cannot utime: Operation not permitted
build	Cache Android SDK	2026-06-06T12:22:54.7156159Z /usr/bin/tar: ../../../../../usr/local/lib/android/sdk/platforms/android-36.1/data/res/values-mcc310-mnc380-ur: Cannot change mode to rwxr-xr-x: Operation not permitted
build	Cache Android SDK	2026-06-06T12:22:54.7158836Z /usr/bin/tar: ../../../../../usr/local/lib/android/sdk/platforms/android-36.1/data/res/values-mcc310-mnc150-ja: Cannot utime: Operation not permitted
build	Cache Android SDK	2026-06-06T12:22:54.7159289Z /usr/bin/tar: ../../../../../usr/local/lib/android/sdk/platforms/android-36.1/data/res/values-mcc310-mnc150-ja: Cannot change mode to rwxr-xr-x: Operation not permitted
build	Cache Android SDK	2026-06-06T12:22:54.7162087Z /usr/bin/tar: ../../../../../usr/local/lib/android/sdk/platforms/android-36.1/data/res/values-mcc310-mnc030-nl: Cannot utime: Operation not permitted
build	Cache Android SDK	2026-06-06T12:22:54.7162539Z /usr/bin/tar: ../../../../../usr/local/lib/android/sdk/platforms/android-36.1/data/res/values-mcc310-mnc030-nl: Cannot change mode to rwxr-xr-x: Operation not permitted
build	Cache Android SDK	2026-06-06T12:22:54.7166138Z /usr/bin/tar: ../../../../../usr/local/lib/android/sdk/platforms/android-36.1/data/res/values-mcc334-mnc020-ur: Cannot utime: Operation not permitted
build	Cache Android SDK	2026-06-06T12:22:54.7166657Z /usr/bin/tar: ../../../../../usr/local/lib/android/sdk/platforms/android-36.1/data/res/values-mcc334-mnc020-ur: Cannot change mode to rwxr-xr-x: Operation not permitted
build	Cache Android SDK	2026-06-06T12:22:54.7180750Z /usr/bin/tar: ../../../../../usr/local/lib/android/sdk/platforms/android-36.1/data/res/values-mcc001-mnc01-ky: Cannot utime: Operation not permitted
build	Cache Android SDK	2026-06-06T12:22:54.7181706Z /usr/bin/tar: ../../../../../usr/local/lib/android/sdk/platforms/android-36.1/data/res/values-mcc001-mnc01-ky: Cannot change mode to rwxr-xr-x: Operation not permitted
build	Cache Android SDK	2026-06-06T12:22:54.7182360Z /usr/bin/tar: ../../../../../usr/local/lib/android/sdk/platforms/android-36.1/data/res/values-mcc310-mnc250-it: Cannot utime: Operation not permitted
build	Cache Android SDK	2026-06-06T12:22:54.7183127Z /usr/bin/tar: ../../../../../usr/local/lib/android/sdk/platforms/android-36.1/data/res/values-mcc310-mnc250-it: Cannot change mode to rwxr-xr-x: Operation not permitted
build	Cache Android SDK	2026-06-06T12:22:54.7183690Z /usr/bin/tar: ../../../../../usr/local/lib/android/sdk/platforms/android-36.1/data/res/values-mcc310-mnc800-en-rAU: Cannot utime: Operation not permitted
build	Cache Android SDK	2026-06-06T12:22:54.7184176Z /usr/bin/tar: ../../../../../usr/local/lib/android/sdk/platforms/android-36.1/data/res/values-mcc310-mnc800-en-rAU: Cannot change mode to rwxr-xr-x: Operation not permitted
build	Cache Android SDK	2026-06-06T12:22:54.7184656Z /usr/bin/tar: ../../../../../usr/local/lib/android/sdk/platforms/android-36.1/data/res/values-mcc001: Cannot utime: Operation not permitted
build	Cache Android SDK	2026-06-06T12:22:54.7185155Z /usr/bin/tar: ../../../../../usr/local/lib/android/sdk/platforms/android-36.1/data/res/values-mcc001: Cannot change mode to rwxr-xr-x: Operation not permitted
build	Cache Android SDK	2026-06-06T12:22:54.7185835Z /usr/bin/tar: ../../../../../usr/local/lib/android/sdk/platforms/android-36.1/data/res/values-mcc310-mnc270-bg: Cannot utime: Operation not permitted
build	Cache Android SDK	2026-06-06T12:22:54.7186500Z /usr/bin/tar: ../../../../../usr/local/lib/android/sdk/platforms/android-36.1/data/res/values-mcc310-mnc270-bg: Cannot change mode to rwxr-xr-x: Operation not permitted
build	Cache Android SDK	2026-06-06T12:22:54.7186889Z /usr/bin/tar: ../../../../../usr/local/lib/android/sdk/platforms/android-36.1/data/res/values-xlarge-land: Cannot utime: Operation not permitted
build	Cache Android SDK	2026-06-06T12:22:54.7187333Z /usr/bin/tar: ../../../../../usr/local/lib/android/sdk/platforms/android-36.1/data/res/values-xlarge-land: Cannot change mode to rwxr-xr-x: Operation not permitted
build	Cache Android SDK	2026-06-06T12:22:54.7189777Z /usr/bin/tar: ../../../../../usr/local/lib/android/sdk/platforms/android-36.1/data/res/values-uk-watch: Cannot utime: Operation not permitted
build	Cache Android SDK	2026-06-06T12:22:54.7190293Z /usr/bin/tar: ../../../../../usr/local/lib/android/sdk/platforms/android-36.1/data/res/values-uk-watch: Cannot change mode to rwxr-xr-x: Operation not permitted
build	Cache Android SDK	2026-06-06T12:22:54.7193196Z /usr/bin/tar: ../../../../../usr/local/lib/android/sdk/platforms/android-36.1/data/res/values-mcc302-mnc720-sk: Cannot utime: Operation not permitted
build	Cache Android SDK	2026-06-06T12:22:54.7193743Z /usr/bin/tar: ../../../../../usr/local/lib/android/sdk/platforms/android-36.1/data/res/values-mcc302-mnc720-sk: Cannot change mode to rwxr-xr-x: Operation not permitted
build	Cache Android SDK	2026-06-06T12:22:54.7196207Z /usr/bin/tar: ../../../../../usr/local/lib/android/sdk/platforms/android-36.1/data/res/values-mcc310-mnc200-zh-rTW: Cannot utime: Operation not permitted
build	Cache Android SDK	2026-06-06T12:22:54.7196692Z /usr/bin/tar: ../../../../../usr/local/lib/android/sdk/platforms/android-36.1/data/res/values-mcc310-mnc200-zh-rTW: Cannot change mode to rwxr-xr-x: Operation not permitted
build	Cache Android SDK	2026-06-06T12:22:54.7199365Z /usr/bin/tar: ../../../../../usr/local/lib/android/sdk/platforms/android-36.1/data/res/values-mcc310-mnc410-si: Cannot utime: Operation not permitted
build	Cache Android SDK	2026-06-06T12:22:54.7199841Z /usr/bin/tar: ../../../../../usr/local/lib/android/sdk/platforms/android-36.1/data/res/values-mcc310-mnc410-si: Cannot change mode to rwxr-xr-x: Operation not permitted
build	Cache Android SDK	2026-06-06T12:22:54.7202604Z /usr/bin/tar: ../../../../../usr/local/lib/android/sdk/platforms/android-36.1/data/res/values-mcc310-mnc270-hu: Cannot utime: Operation not permitted
build	Cache Android SDK	2026-06-06T12:22:54.7203247Z /usr/bin/tar: ../../../../../usr/local/lib/android/sdk/platforms/android-36.1/data/res/values-mcc310-mnc270-hu: Cannot change mode to rwxr-xr-x: Operation not permitted
build	Cache Android SDK	2026-06-06T12:22:54.7205894Z /usr/bin/tar: ../../../../../usr/local/lib/android/sdk/platforms/android-36.1/data/res/values-mcc310-mnc800-pa: Cannot utime: Operation not permitted
build	Cache Android SDK	2026-06-06T12:22:54.7206397Z /usr/bin/tar: ../../../../../usr/local/lib/android/sdk/platforms/android-36.1/data/res/values-mcc310-mnc800-pa: Cannot change mode to rwxr-xr-x: Operation not permitted
build	Cache Android SDK	2026-06-06T12:22:54.7212894Z /usr/bin/tar: ../../../../../usr/local/lib/android/sdk/platforms/android-36.1/data/res/values-mn: Cannot utime: Operation not permitted
build	Cache Android SDK	2026-06-06T12:22:54.7213341Z /usr/bin/tar: ../../../../../usr/local/lib/android/sdk/platforms/android-36.1/data/res/values-mn: Cannot change mode to rwxr-xr-x: Operation not permitted
build	Cache Android SDK	2026-06-06T12:22:54.7216867Z /usr/bin/tar: ../../../../../usr/local/lib/android/sdk/platforms/android-36.1/data/res/values-lv-rLV: Cannot utime: Operation not permitted
build	Cache Android SDK	2026-06-06T12:22:54.7217312Z /usr/bin/tar: ../../../../../usr/local/lib/android/sdk/platforms/android-36.1/data/res/values-lv-rLV: Cannot change mode to rwxr-xr-x: Operation not permitted
build	Cache Android SDK	2026-06-06T12:22:54.7220287Z /usr/bin/tar: ../../../../../usr/local/lib/android/sdk/platforms/android-36.1/data/res/values-mcc313-mnc100-lt: Cannot utime: Operation not permitted
build	Cache Android SDK	2026-06-06T12:22:54.7220748Z /usr/bin/tar: ../../../../../usr/local/lib/android/sdk/platforms/android-36.1/data/res/values-mcc313-mnc100-lt: Cannot change mode to rwxr-xr-x: Operation not permitted
build	Cache Android SDK	2026-06-06T12:22:54.7223477Z /usr/bin/tar: ../../../../../usr/local/lib/android/sdk/platforms/android-36.1/data/res/raw-it: Cannot utime: Operation not permitted
build	Cache Android SDK	2026-06-06T12:22:54.7223899Z /usr/bin/tar: ../../../../../usr/local/lib/android/sdk/platforms/android-36.1/data/res/raw-it: Cannot change mode to rwxr-xr-x: Operation not permitted
build	Cache Android SDK	2026-06-06T12:22:54.7226636Z /usr/bin/tar: ../../../../../usr/local/lib/android/sdk/platforms/android-36.1/data/res/values-mcc312-mnc670-my: Cannot utime: Operation not permitted
build	Cache Android SDK	2026-06-06T12:22:54.7227115Z /usr/bin/tar: ../../../../../usr/local/lib/android/sdk/platforms/android-36.1/data/res/values-mcc312-mnc670-my: Cannot change mode to rwxr-xr-x: Operation not permitted
build	Cache Android SDK	2026-06-06T12:22:54.7229645Z /usr/bin/tar: ../../../../../usr/local/lib/android/sdk/platforms/android-36.1/data/res/values-sr-watch: Cannot utime: Operation not permitted
build	Cache Android SDK	2026-06-06T12:22:54.7230094Z /usr/bin/tar: ../../../../../usr/local/lib/android/sdk/platforms/android-36.1/data/res/values-sr-watch: Cannot change mode to rwxr-xr-x: Operation not permitted
build	Cache Android SDK	2026-06-06T12:22:54.7232920Z /usr/bin/tar: ../../../../../usr/local/lib/android/sdk/platforms/android-36.1/data/res/values-mcc310-mnc660-lv: Cannot utime: Operation not permitted
build	Cache Android SDK	2026-06-06T12:22:54.7233398Z /usr/bin/tar: ../../../../../usr/local/lib/android/sdk/platforms/android-36.1/data/res/values-mcc310-mnc660-lv: Cannot change mode to rwxr-xr-x: Operation not permitted
build	Cache Android SDK	2026-06-06T12:22:54.7236257Z /usr/bin/tar: ../../../../../usr/local/lib/android/sdk/platforms/android-36.1/data/res/values-mcc001-mnc01-en-rAU: Cannot utime: Operation not permitted
build	Cache Android SDK	2026-06-06T12:22:54.7236739Z /usr/bin/tar: ../../../../../usr/local/lib/android/sdk/platforms/android-36.1/data/res/values-mcc001-mnc01-en-rAU: Cannot change mode to rwxr-xr-x: Operation not permitted
build	Cache Android SDK	2026-06-06T12:22:54.7239108Z /usr/bin/tar: ../../../../../usr/local/lib/android/sdk/platforms/android-36.1/data/res/values-mcc310-mnc660-mn: Cannot utime: Operation not permitted
build	Cache Android SDK	2026-06-06T12:22:54.7239569Z /usr/bin/tar: ../../../../../usr/local/lib/android/sdk/platforms/android-36.1/data/res/values-mcc310-mnc660-mn: Cannot change mode to rwxr-xr-x: Operation not permitted
build	Cache Android SDK	2026-06-06T12:22:54.7242400Z /usr/bin/tar: ../../../../../usr/local/lib/android/sdk/platforms/android-36.1/data/res/values-mcc313-mnc100-pt-rPT: Cannot utime: Operation not permitted
build	Cache Android SDK	2026-06-06T12:22:54.7242968Z /usr/bin/tar: ../../../../../usr/local/lib/android/sdk/platforms/android-36.1/data/res/values-mcc313-mnc100-pt-rPT: Cannot change mode to rwxr-xr-x: Operation not permitted
build	Cache Android SDK	2026-06-06T12:22:54.7245696Z /usr/bin/tar: ../../../../../usr/local/lib/android/sdk/platforms/android-36.1/data/res/values-mcc302-mnc720-et: Cannot utime: Operation not permitted
build	Cache Android SDK	2026-06-06T12:22:54.7246155Z /usr/bin/tar: ../../../../../usr/local/lib/android/sdk/platforms/android-36.1/data/res/values-mcc302-mnc720-et: Cannot change mode to rwxr-xr-x: Operation not permitted
build	Cache Android SDK	2026-06-06T12:22:54.7249277Z /usr/bin/tar: ../../../../../usr/local/lib/android/sdk/platforms/android-36.1/data/res/values-mcc310-mnc410-zu: Cannot utime: Operation not permitted
build	Cache Android SDK	2026-06-06T12:22:54.7249748Z /usr/bin/tar: ../../../../../usr/local/lib/android/sdk/platforms/android-36.1/data/res/values-mcc310-mnc410-zu: Cannot change mode to rwxr-xr-x: Operation not permitted
build	Cache Android SDK	2026-06-06T12:22:54.7256515Z /usr/bin/tar: ../../../../../usr/local/lib/android/sdk/platforms/android-36.1/data/res/values-zu: Cannot utime: Operation not permitted
build	Cache Android SDK	2026-06-06T12:22:54.7256939Z /usr/bin/tar: ../../../../../usr/local/lib/android/sdk/platforms/android-36.1/data/res/values-zu: Cannot change mode to rwxr-xr-x: Operation not permitted
build	Cache Android SDK	2026-06-06T12:22:54.7259833Z /usr/bin/tar: ../../../../../usr/local/lib/android/sdk/platforms/android-36.1/data/res/values-mcc310-mnc150-mk: Cannot utime: Operation not permitted
build	Cache Android SDK	2026-06-06T12:22:54.7260500Z /usr/bin/tar: ../../../../../usr/local/lib/android/sdk/platforms/android-36.1/data/res/values-mcc310-mnc150-mk: Cannot change mode to rwxr-xr-x: Operation not permitted
build	Cache Android SDK	2026-06-06T12:22:54.7262283Z /usr/bin/tar: ../../../../../usr/local/lib/android/sdk/platforms/android-36.1/data/res/values-mcc310-mnc410-zh-rHK: Cannot utime: Operation not permitted
build	Cache Android SDK	2026-06-06T12:22:54.7262789Z /usr/bin/tar: ../../../../../usr/local/lib/android/sdk/platforms/android-36.1/data/res/values-mcc310-mnc410-zh-rHK: Cannot change mode to rwxr-xr-x: Operation not permitted
build	Cache Android SDK	2026-06-06T12:22:54.7265101Z /usr/bin/tar: ../../../../../usr/local/lib/android/sdk/platforms/android-36.1/data/res/values-mcc310-mnc280-tl: Cannot utime: Operation not permitted
build	Cache Android SDK	2026-06-06T12:22:54.7265575Z /usr/bin/tar: ../../../../../usr/local/lib/android/sdk/platforms/android-36.1/data/res/values-mcc310-mnc280-tl: Cannot change mode to rwxr-xr-x: Operation not permitted
build	Cache Android SDK	2026-06-06T12:22:54.7268028Z /usr/bin/tar: ../../../../../usr/local/lib/android/sdk/platforms/android-36.1/data/res/values-mcc310-mnc200-pt-rBR: Cannot utime: Operation not permitted
build	Cache Android SDK	2026-06-06T12:22:54.7268563Z /usr/bin/tar: ../../../../../usr/local/lib/android/sdk/platforms/android-36.1/data/res/values-mcc310-mnc200-pt-rBR: Cannot change mode to rwxr-xr-x: Operation not permitted
build	Cache Android SDK	2026-06-06T12:22:54.7270840Z /usr/bin/tar: ../../../../../usr/local/lib/android/sdk/platforms/android-36.1/data/res/values-mcc310-mnc410-en-rCA: Cannot utime: Operation not permitted
build	Cache Android SDK	2026-06-06T12:22:54.7271327Z /usr/bin/tar: ../../../../../usr/local/lib/android/sdk/platforms/android-36.1/data/res/values-mcc310-mnc410-en-rCA: Cannot change mode to rwxr-xr-x: Operation not permitted
build	Cache Android SDK	2026-06-06T12:22:54.7273968Z /usr/bin/tar: ../../../../../usr/local/lib/android/sdk/platforms/android-36.1/data/res/values-mcc310-mnc030-ro: Cannot utime: Operation not permitted
build	Cache Android SDK	2026-06-06T12:22:54.7274444Z /usr/bin/tar: ../../../../../usr/local/lib/android/sdk/platforms/android-36.1/data/res/values-mcc310-mnc030-ro: Cannot change mode to rwxr-xr-x: Operation not permitted
build	Cache Android SDK	2026-06-06T12:22:54.7276525Z /usr/bin/tar: ../../../../../usr/local/lib/android/sdk/platforms/android-36.1/data/res/values-mcc310-mnc380-ky: Cannot utime: Operation not permitted
build	Cache Android SDK	2026-06-06T12:22:54.7277107Z /usr/bin/tar: ../../../../../usr/local/lib/android/sdk/platforms/android-36.1/data/res/values-mcc310-mnc380-ky: Cannot change mode to rwxr-xr-x: Operation not permitted
build	Cache Android SDK	2026-06-06T12:22:54.7279805Z /usr/bin/tar: ../../../../../usr/local/lib/android/sdk/platforms/android-36.1/data/res/values-mcc310-mnc800-et: Cannot utime: Operation not permitted
build	Cache Android SDK	2026-06-06T12:22:54.7280278Z /usr/bin/tar: ../../../../../usr/local/lib/android/sdk/platforms/android-36.1/data/res/values-mcc310-mnc800-et: Cannot change mode to rwxr-xr-x: Operation not permitted
build	Cache Android SDK	2026-06-06T12:22:54.7286581Z /usr/bin/tar: ../../../../../usr/local/lib/android/sdk/platforms/android-36.1/data/res/values-be: Cannot utime: Operation not permitted
build	Cache Android SDK	2026-06-06T12:22:54.7287075Z /usr/bin/tar: ../../../../../usr/local/lib/android/sdk/platforms/android-36.1/data/res/values-be: Cannot change mode to rwxr-xr-x: Operation not permitted
build	Cache Android SDK	2026-06-06T12:22:54.7290460Z /usr/bin/tar: ../../../../../usr/local/lib/android/sdk/platforms/android-36.1/data/res/values-mcc310-mnc310-el: Cannot utime: Operation not permitted
build	Cache Android SDK	2026-06-06T12:22:54.7291027Z /usr/bin/tar: ../../../../../usr/local/lib/android/sdk/platforms/android-36.1/data/res/values-mcc310-mnc310-el: Cannot change mode to rwxr-xr-x: Operation not permitted
build	Cache Android SDK	2026-06-06T12:22:54.7293280Z /usr/bin/tar: ../../../../../usr/local/lib/android/sdk/platforms/android-36.1/data/res/values-mcc310-mnc490-ta: Cannot utime: Operation not permitted
build	Cache Android SDK	2026-06-06T12:22:54.7293753Z /usr/bin/tar: ../../../../../usr/local/lib/android/sdk/platforms/android-36.1/data/res/values-mcc310-mnc490-ta: Cannot change mode to rwxr-xr-x: Operation not permitted
build	Cache Android SDK	2026-06-06T12:22:54.7297120Z /usr/bin/tar: ../../../../../usr/local/lib/android/sdk/platforms/android-36.1/data/res/values-mcc310-mnc310-hu: Cannot utime: Operation not permitted
build	Cache Android SDK	2026-06-06T12:22:54.7297795Z /usr/bin/tar: ../../../../../usr/local/lib/android/sdk/platforms/android-36.1/data/res/values-mcc310-mnc310-hu: Cannot change mode to rwxr-xr-x: Operation not permitted
build	Cache Android SDK	2026-06-06T12:22:54.7300189Z /usr/bin/tar: ../../../../../usr/local/lib/android/sdk/platforms/android-36.1/data/res/values-mcc310-mnc800-ko: Cannot utime: Operation not permitted
build	Cache Android SDK	2026-06-06T12:22:54.7300668Z /usr/bin/tar: ../../../../../usr/local/lib/android/sdk/platforms/android-36.1/data/res/values-mcc310-mnc800-ko: Cannot change mode to rwxr-xr-x: Operation not permitted
build	Cache Android SDK	2026-06-06T12:22:54.7303382Z /usr/bin/tar: ../../../../../usr/local/lib/android/sdk/platforms/android-36.1/data/res/values-mcc311-mnc180-km: Cannot utime: Operation not permitted
build	Cache Android SDK	2026-06-06T12:22:54.7303861Z /usr/bin/tar: ../../../../../usr/local/lib/android/sdk/platforms/android-36.1/data/res/values-mcc311-mnc180-km: Cannot change mode to rwxr-xr-x: Operation not permitted
build	Cache Android SDK	2026-06-06T12:22:54.7306443Z /usr/bin/tar: ../../../../../usr/local/lib/android/sdk/platforms/android-36.1/data/res/values-mcc310-mnc660-az: Cannot utime: Operation not permitted
build	Cache Android SDK	2026-06-06T12:22:54.7306902Z /usr/bin/tar: ../../../../../usr/local/lib/android/sdk/platforms/android-36.1/data/res/values-mcc310-mnc660-az: Cannot change mode to rwxr-xr-x: Operation not permitted
build	Cache Android SDK	2026-06-06T12:22:54.7309814Z /usr/bin/tar: ../../../../../usr/local/lib/android/sdk/platforms/android-36.1/data/res/values-mcc310-mnc210-zh-rHK: Cannot utime: Operation not permitted
build	Cache Android SDK	2026-06-06T12:22:54.7310322Z /usr/bin/tar: ../../../../../usr/local/lib/android/sdk/platforms/android-36.1/data/res/values-mcc310-mnc210-zh-rHK: Cannot change mode to rwxr-xr-x: Operation not permitted
build	Cache Android SDK	2026-06-06T12:22:54.7313008Z /usr/bin/tar: ../../../../../usr/local/lib/android/sdk/platforms/android-36.1/data/res/values-ja-watch: Cannot utime: Operation not permitted
build	Cache Android SDK	2026-06-06T12:22:54.7313452Z /usr/bin/tar: ../../../../../usr/local/lib/android/sdk/platforms/android-36.1/data/res/values-ja-watch: Cannot change mode to rwxr-xr-x: Operation not permitted
build	Cache Android SDK	2026-06-06T12:22:54.7315815Z /usr/bin/tar: ../../../../../usr/local/lib/android/sdk/platforms/android-36.1/data/res/values-mcc312-mnc670-zh-rCN: Cannot utime: Operation not permitted
build	Cache Android SDK	2026-06-06T12:22:54.7316426Z /usr/bin/tar: ../../../../../usr/local/lib/android/sdk/platforms/android-36.1/data/res/values-mcc312-mnc670-zh-rCN: Cannot change mode to rwxr-xr-x: Operation not permitted
build	Cache Android SDK	2026-06-06T12:22:54.7319472Z /usr/bin/tar: ../../../../../usr/local/lib/android/sdk/platforms/android-36.1/data/res/values-mcc302-mnc370-en-rXC: Cannot utime: Operation not permitted
build	Cache Android SDK	2026-06-06T12:22:54.7319974Z /usr/bin/tar: ../../../../../usr/local/lib/android/sdk/platforms/android-36.1/data/res/values-mcc302-mnc370-en-rXC: Cannot change mode to rwxr-xr-x: Operation not permitted
build	Cache Android SDK	2026-06-06T12:22:54.7322461Z /usr/bin/tar: ../../../../../usr/local/lib/android/sdk/platforms/android-36.1/data/res/values-mcc310-mnc160-kn: Cannot utime: Operation not permitted
build	Cache Android SDK	2026-06-06T12:22:54.7322925Z /usr/bin/tar: ../../../../../usr/local/lib/android/sdk/platforms/android-36.1/data/res/values-mcc310-mnc160-kn: Cannot change mode to rwxr-xr-x: Operation not permitted
build	Cache Android SDK	2026-06-06T12:22:54.7325730Z /usr/bin/tar: ../../../../../usr/local/lib/android/sdk/platforms/android-36.1/data/res/values-mcc310-mnc170-th: Cannot utime: Operation not permitted
build	Cache Android SDK	2026-06-06T12:22:54.7326199Z /usr/bin/tar: ../../../../../usr/local/lib/android/sdk/platforms/android-36.1/data/res/values-mcc310-mnc170-th: Cannot change mode to rwxr-xr-x: Operation not permitted
build	Cache Android SDK	2026-06-06T12:22:54.7333392Z /usr/bin/tar: ../../../../../usr/local/lib/android/sdk/platforms/android-36.1/data/res/values-en-rCA: Cannot utime: Operation not permitted
build	Cache Android SDK	2026-06-06T12:22:54.7333841Z /usr/bin/tar: ../../../../../usr/local/lib/android/sdk/platforms/android-36.1/data/res/values-en-rCA: Cannot change mode to rwxr-xr-x: Operation not permitted
build	Cache Android SDK	2026-06-06T12:22:54.7336726Z /usr/bin/tar: ../../../../../usr/local/lib/android/sdk/platforms/android-36.1/data/res/values-mcc310-mnc490-vi: Cannot utime: Operation not permitted
build	Cache Android SDK	2026-06-06T12:22:54.7337329Z /usr/bin/tar: ../../../../../usr/local/lib/android/sdk/platforms/android-36.1/data/res/values-mcc310-mnc490-vi: Cannot change mode to rwxr-xr-x: Operation not permitted
build	Cache Android SDK	2026-06-06T12:22:54.7339557Z /usr/bin/tar: ../../../../../usr/local/lib/android/sdk/platforms/android-36.1/data/res/values-mcc310-mnc210-eu: Cannot utime: Operation not permitted
build	Cache Android SDK	2026-06-06T12:22:54.7340035Z /usr/bin/tar: ../../../../../usr/local/lib/android/sdk/platforms/android-36.1/data/res/values-mcc310-mnc210-eu: Cannot change mode to rwxr-xr-x: Operation not permitted
build	Cache Android SDK	2026-06-06T12:22:54.7343095Z /usr/bin/tar: ../../../../../usr/local/lib/android/sdk/platforms/android-36.1/data/res/values-mcc312-mnc670-si: Cannot utime: Operation not permitted
build	Cache Android SDK	2026-06-06T12:22:54.7343561Z /usr/bin/tar: ../../../../../usr/local/lib/android/sdk/platforms/android-36.1/data/res/values-mcc312-mnc670-si: Cannot change mode to rwxr-xr-x: Operation not permitted
build	Cache Android SDK	2026-06-06T12:22:54.7346183Z /usr/bin/tar: ../../../../../usr/local/lib/android/sdk/platforms/android-36.1/data/res/mipmap-mdpi: Cannot utime: Operation not permitted
build	Cache Android SDK	2026-06-06T12:22:54.7346646Z /usr/bin/tar: ../../../../../usr/local/lib/android/sdk/platforms/android-36.1/data/res/mipmap-mdpi: Cannot change mode to rwxr-xr-x: Operation not permitted
build	Cache Android SDK	2026-06-06T12:22:54.7348897Z /usr/bin/tar: ../../../../../usr/local/lib/android/sdk/platforms/android-36.1/data/res/values-mcc310-mnc170-is: Cannot utime: Operation not permitted
build	Cache Android SDK	2026-06-06T12:22:54.7349360Z /usr/bin/tar: ../../../../../usr/local/lib/android/sdk/platforms/android-36.1/data/res/values-mcc310-mnc170-is: Cannot change mode to rwxr-xr-x: Operation not permitted
build	Cache Android SDK	2026-06-06T12:22:54.7351811Z /usr/bin/tar: ../../../../../usr/local/lib/android/sdk/platforms/android-36.1/data/res/values-mcc310-mnc950-et: Cannot utime: Operation not permitted
build	Cache Android SDK	2026-06-06T12:22:54.7352267Z /usr/bin/tar: ../../../../../usr/local/lib/android/sdk/platforms/android-36.1/data/res/values-mcc310-mnc950-et: Cannot change mode to rwxr-xr-x: Operation not permitted
build	Cache Android SDK	2026-06-06T12:22:54.7354643Z /usr/bin/tar: ../../../../../usr/local/lib/android/sdk/platforms/android-36.1/data/res/values-mcc310-mnc200-gu: Cannot utime: Operation not permitted
build	Cache Android SDK	2026-06-06T12:22:54.7355204Z /usr/bin/tar: ../../../../../usr/local/lib/android/sdk/platforms/android-36.1/data/res/values-mcc310-mnc200-gu: Cannot change mode to rwxr-xr-x: Operation not permitted
build	Cache Android SDK	2026-06-06T12:22:54.7358174Z /usr/bin/tar: ../../../../../usr/local/lib/android/sdk/platforms/android-36.1/data/res/values-mcc313-mnc100-ar: Cannot utime: Operation not permitted
build	Cache Android SDK	2026-06-06T12:22:54.7358660Z /usr/bin/tar: ../../../../../usr/local/lib/android/sdk/platforms/android-36.1/data/res/values-mcc313-mnc100-ar: Cannot change mode to rwxr-xr-x: Operation not permitted
build	Cache Android SDK	2026-06-06T12:22:54.7361387Z /usr/bin/tar: ../../../../../usr/local/lib/android/sdk/platforms/android-36.1/data/res/values-mcc001-mnc01-nl: Cannot utime: Operation not permitted
build	Cache Android SDK	2026-06-06T12:22:54.7361880Z /usr/bin/tar: ../../../../../usr/local/lib/android/sdk/platforms/android-36.1/data/res/values-mcc001-mnc01-nl: Cannot change mode to rwxr-xr-x: Operation not permitted
build	Cache Android SDK	2026-06-06T12:22:54.7364792Z /usr/bin/tar: ../../../../../usr/local/lib/android/sdk/platforms/android-36.1/data/res/values-mcc310-mnc270-pt-rBR: Cannot utime: Operation not permitted
build	Cache Android SDK	2026-06-06T12:22:54.7365620Z /usr/bin/tar: ../../../../../usr/local/lib/android/sdk/platforms/android-36.1/data/res/values-mcc310-mnc270-pt-rBR: Cannot change mode to rwxr-xr-x: Operation not permitted
build	Cache Android SDK	2026-06-06T12:22:54.7368550Z /usr/bin/tar: ../../../../../usr/local/lib/android/sdk/platforms/android-36.1/data/res/values-mcc310-mnc410-nb: Cannot utime: Operation not permitted
build	Cache Android SDK	2026-06-06T12:22:54.7369124Z /usr/bin/tar: ../../../../../usr/local/lib/android/sdk/platforms/android-36.1/data/res/values-mcc310-mnc410-nb: Cannot change mode to rwxr-xr-x: Operation not permitted
build	Cache Android SDK	2026-06-06T12:22:54.7373417Z /usr/bin/tar: ../../../../../usr/local/lib/android/sdk/platforms/android-36.1/data/res/values-iw-television: Cannot utime: Operation not permitted
build	Cache Android SDK	2026-06-06T12:22:54.7373885Z /usr/bin/tar: ../../../../../usr/local/lib/android/sdk/platforms/android-36.1/data/res/values-iw-television: Cannot change mode to rwxr-xr-x: Operation not permitted
build	Cache Android SDK	2026-06-06T12:22:54.7376344Z /usr/bin/tar: ../../../../../usr/local/lib/android/sdk/platforms/android-36.1/data/res/values-mcc334-mnc020-da: Cannot utime: Operation not permitted
build	Cache Android SDK	2026-06-06T12:22:54.7376798Z /usr/bin/tar: ../../../../../usr/local/lib/android/sdk/platforms/android-36.1/data/res/values-mcc334-mnc020-da: Cannot change mode to rwxr-xr-x: Operation not permitted
build	Cache Android SDK	2026-06-06T12:22:54.7379608Z /usr/bin/tar: ../../../../../usr/local/lib/android/sdk/platforms/android-36.1/data/res/values-mcc001-mnc01-zh-rHK: Cannot utime: Operation not permitted
build	Cache Android SDK	2026-06-06T12:22:54.7380164Z /usr/bin/tar: ../../../../../usr/local/lib/android/sdk/platforms/android-36.1/data/res/values-mcc001-mnc01-zh-rHK: Cannot change mode to rwxr-xr-x: Operation not permitted
build	Cache Android SDK	2026-06-06T12:22:54.7382632Z /usr/bin/tar: ../../../../../usr/local/lib/android/sdk/platforms/android-36.1/data/res/values-mcc310-mnc270-ar: Cannot utime: Operation not permitted
build	Cache Android SDK	2026-06-06T12:22:54.7383168Z /usr/bin/tar: ../../../../../usr/local/lib/android/sdk/platforms/android-36.1/data/res/values-mcc310-mnc270-ar: Cannot change mode to rwxr-xr-x: Operation not permitted
build	Cache Android SDK	2026-06-06T12:22:54.7385618Z /usr/bin/tar: ../../../../../usr/local/lib/android/sdk/platforms/android-36.1/data/res/values-mcc001-mnc01-tr: Cannot utime: Operation not permitted
build	Cache Android SDK	2026-06-06T12:22:54.7386081Z /usr/bin/tar: ../../../../../usr/local/lib/android/sdk/platforms/android-36.1/data/res/values-mcc001-mnc01-tr: Cannot change mode to rwxr-xr-x: Operation not permitted
build	Cache Android SDK	2026-06-06T12:22:54.7388755Z /usr/bin/tar: ../../../../../usr/local/lib/android/sdk/platforms/android-36.1/data/res/values-mcc310-mnc030-mn: Cannot utime: Operation not permitted
build	Cache Android SDK	2026-06-06T12:22:54.7389298Z /usr/bin/tar: ../../../../../usr/local/lib/android/sdk/platforms/android-36.1/data/res/values-mcc310-mnc030-mn: Cannot change mode to rwxr-xr-x: Operation not permitted
build	Cache Android SDK	2026-06-06T12:22:54.7391826Z /usr/bin/tar: ../../../../../usr/local/lib/android/sdk/platforms/android-36.1/data/res/values-mcc302-mnc720-en-rXC: Cannot utime: Operation not permitted
build	Cache Android SDK	2026-06-06T12:22:54.7392456Z /usr/bin/tar: ../../../../../usr/local/lib/android/sdk/platforms/android-36.1/data/res/values-mcc302-mnc720-en-rXC: Cannot change mode to rwxr-xr-x: Operation not permitted
build	Cache Android SDK	2026-06-06T12:22:54.7394501Z /usr/bin/tar: ../../../../../usr/local/lib/android/sdk/platforms/android-36.1/data/res/values-mcc310-mnc160-nb: Cannot utime: Operation not permitted
build	Cache Android SDK	2026-06-06T12:22:54.7394973Z /usr/bin/tar: ../../../../../usr/local/lib/android/sdk/platforms/android-36.1/data/res/values-mcc310-mnc160-nb: Cannot change mode to rwxr-xr-x: Operation not permitted
build	Cache Android SDK	2026-06-06T12:22:54.7398109Z /usr/bin/tar: ../../../../../usr/local/lib/android/sdk/platforms/android-36.1/data/res/values-mcc310-mnc150-da: Cannot utime: Operation not permitted
build	Cache Android SDK	2026-06-06T12:22:54.7398587Z /usr/bin/tar: ../../../../../usr/local/lib/android/sdk/platforms/android-36.1/data/res/values-mcc310-mnc150-da: Cannot change mode to rwxr-xr-x: Operation not permitted
build	Cache Android SDK	2026-06-06T12:22:54.7400885Z /usr/bin/tar: ../../../../../usr/local/lib/android/sdk/platforms/android-36.1/data/res/values-mcc310-mnc800-en-rGB: Cannot utime: Operation not permitted
build	Cache Android SDK	2026-06-06T12:22:54.7401486Z /usr/bin/tar: ../../../../../usr/local/lib/android/sdk/platforms/android-36.1/data/res/values-mcc310-mnc800-en-rGB: Cannot change mode to rwxr-xr-x: Operation not permitted
build	Cache Android SDK	2026-06-06T12:22:54.7404165Z /usr/bin/tar: ../../../../../usr/local/lib/android/sdk/platforms/android-36.1/data/res/values-mcc310-mnc170-bn: Cannot utime: Operation not permitted
build	Cache Android SDK	2026-06-06T12:22:54.7404693Z /usr/bin/tar: ../../../../../usr/local/lib/android/sdk/platforms/android-36.1/data/res/values-mcc310-mnc170-bn: Cannot change mode to rwxr-xr-x: Operation not permitted
build	Cache Android SDK	2026-06-06T12:22:54.7407132Z /usr/bin/tar: ../../../../../usr/local/lib/android/sdk/platforms/android-36.1/data/res/values-mcc310-mnc150-zh-rHK: Cannot utime: Operation not permitted
build	Cache Android SDK	2026-06-06T12:22:54.7407814Z /usr/bin/tar: ../../../../../usr/local/lib/android/sdk/platforms/android-36.1/data/res/values-mcc310-mnc150-zh-rHK: Cannot change mode to rwxr-xr-x: Operation not permitted
build	Cache Android SDK	2026-06-06T12:22:54.7409870Z /usr/bin/tar: ../../../../../usr/local/lib/android/sdk/platforms/android-36.1/data/res/values-de-television: Cannot utime: Operation not permitted
build	Cache Android SDK	2026-06-06T12:22:54.7410349Z /usr/bin/tar: ../../../../../usr/local/lib/android/sdk/platforms/android-36.1/data/res/values-de-television: Cannot change mode to rwxr-xr-x: Operation not permitted
build	Cache Android SDK	2026-06-06T12:22:54.7412708Z /usr/bin/tar: ../../../../../usr/local/lib/android/sdk/platforms/android-36.1/data/res/values-mcc310-mnc230-da: Cannot utime: Operation not permitted
build	Cache Android SDK	2026-06-06T12:22:54.7413226Z /usr/bin/tar: ../../../../../usr/local/lib/android/sdk/platforms/android-36.1/data/res/values-mcc310-mnc230-da: Cannot change mode to rwxr-xr-x: Operation not permitted
build	Cache Android SDK	2026-06-06T12:22:54.7416354Z /usr/bin/tar: ../../../../../usr/local/lib/android/sdk/platforms/android-36.1/data/res/values-mcc302-mnc370-af: Cannot utime: Operation not permitted
build	Cache Android SDK	2026-06-06T12:22:54.7416855Z /usr/bin/tar: ../../../../../usr/local/lib/android/sdk/platforms/android-36.1/data/res/values-mcc302-mnc370-af: Cannot change mode to rwxr-xr-x: Operation not permitted
build	Cache Android SDK	2026-06-06T12:22:54.7419490Z /usr/bin/tar: ../../../../../usr/local/lib/android/sdk/platforms/android-36.1/data/res/values-mcc310-mnc800-th: Cannot utime: Operation not permitted
build	Cache Android SDK	2026-06-06T12:22:54.7420106Z /usr/bin/tar: ../../../../../usr/local/lib/android/sdk/platforms/android-36.1/data/res/values-mcc310-mnc800-th: Cannot change mode to rwxr-xr-x: Operation not permitted
build	Cache Android SDK	2026-06-06T12:22:54.7422215Z /usr/bin/tar: ../../../../../usr/local/lib/android/sdk/platforms/android-36.1/data/res/values-mcc310-mnc490-lo: Cannot utime: Operation not permitted
build	Cache Android SDK	2026-06-06T12:22:54.7422750Z /usr/bin/tar: ../../../../../usr/local/lib/android/sdk/platforms/android-36.1/data/res/values-mcc310-mnc490-lo: Cannot change mode to rwxr-xr-x: Operation not permitted
build	Cache Android SDK	2026-06-06T12:22:54.7425348Z /usr/bin/tar: ../../../../../usr/local/lib/android/sdk/platforms/android-36.1/data/res/values-mcc310-mnc950-sq: Cannot utime: Operation not permitted
build	Cache Android SDK	2026-06-06T12:22:54.7425930Z /usr/bin/tar: ../../../../../usr/local/lib/android/sdk/platforms/android-36.1/data/res/values-mcc310-mnc950-sq: Cannot change mode to rwxr-xr-x: Operation not permitted
build	Cache Android SDK	2026-06-06T12:22:54.7428657Z /usr/bin/tar: ../../../../../usr/local/lib/android/sdk/platforms/android-36.1/data/res/values-fa-watch: Cannot utime: Operation not permitted
build	Cache Android SDK	2026-06-06T12:22:54.7429468Z /usr/bin/tar: ../../../../../usr/local/lib/android/sdk/platforms/android-36.1/data/res/values-fa-watch: Cannot change mode to rwxr-xr-x: Operation not permitted
build	Cache Android SDK	2026-06-06T12:22:54.7432117Z /usr/bin/tar: ../../../../../usr/local/lib/android/sdk/platforms/android-36.1/data/res/values-mcc310-mnc170-sw: Cannot utime: Operation not permitted
build	Cache Android SDK	2026-06-06T12:22:54.7432575Z /usr/bin/tar: ../../../../../usr/local/lib/android/sdk/platforms/android-36.1/data/res/values-mcc310-mnc170-sw: Cannot change mode to rwxr-xr-x: Operation not permitted
build	Cache Android SDK	2026-06-06T12:22:54.7435387Z /usr/bin/tar: ../../../../../usr/local/lib/android/sdk/platforms/android-36.1/data/res/values-mcc310-mnc250-sr: Cannot utime: Operation not permitted
build	Cache Android SDK	2026-06-06T12:22:54.7435961Z /usr/bin/tar: ../../../../../usr/local/lib/android/sdk/platforms/android-36.1/data/res/values-mcc310-mnc250-sr: Cannot change mode to rwxr-xr-x: Operation not permitted
build	Cache Android SDK	2026-06-06T12:22:54.7439091Z /usr/bin/tar: ../../../../../usr/local/lib/android/sdk/platforms/android-36.1/data/res/values-mcc311-mnc180-hr: Cannot utime: Operation not permitted
build	Cache Android SDK	2026-06-06T12:22:54.7439542Z /usr/bin/tar: ../../../../../usr/local/lib/android/sdk/platforms/android-36.1/data/res/values-mcc311-mnc180-hr: Cannot change mode to rwxr-xr-x: Operation not permitted
build	Cache Android SDK	2026-06-06T12:22:54.7442505Z /usr/bin/tar: ../../../../../usr/local/lib/android/sdk/platforms/android-36.1/data/res/values-mcc310-mnc560-da: Cannot utime: Operation not permitted
build	Cache Android SDK	2026-06-06T12:22:54.7442974Z /usr/bin/tar: ../../../../../usr/local/lib/android/sdk/platforms/android-36.1/data/res/values-mcc310-mnc560-da: Cannot change mode to rwxr-xr-x: Operation not permitted
build	Cache Android SDK	2026-06-06T12:22:54.7445467Z /usr/bin/tar: ../../../../../usr/local/lib/android/sdk/platforms/android-36.1/data/res/values-af-television: Cannot utime: Operation not permitted
build	Cache Android SDK	2026-06-06T12:22:54.7445960Z /usr/bin/tar: ../../../../../usr/local/lib/android/sdk/platforms/android-36.1/data/res/values-af-television: Cannot change mode to rwxr-xr-x: Operation not permitted
build	Cache Android SDK	2026-06-06T12:22:54.7453029Z /usr/bin/tar: ../../../../../usr/local/lib/android/sdk/platforms/android-36.1/data/res/values-tr: Cannot utime: Operation not permitted
build	Cache Android SDK	2026-06-06T12:22:54.7453543Z /usr/bin/tar: ../../../../../usr/local/lib/android/sdk/platforms/android-36.1/data/res/values-tr: Cannot change mode to rwxr-xr-x: Operation not permitted
build	Cache Android SDK	2026-06-06T12:22:54.7456129Z /usr/bin/tar: ../../../../../usr/local/lib/android/sdk/platforms/android-36.1/data/res/values-mcc232: Cannot utime: Operation not permitted
build	Cache Android SDK	2026-06-06T12:22:54.7457022Z /usr/bin/tar: ../../../../../usr/local/lib/android/sdk/platforms/android-36.1/data/res/values-mcc232: Cannot change mode to rwxr-xr-x: Operation not permitted
build	Cache Android SDK	2026-06-06T12:22:54.7459638Z /usr/bin/tar: ../../../../../usr/local/lib/android/sdk/platforms/android-36.1/data/res/values-mcc310-mnc950-ca: Cannot utime: Operation not permitted
build	Cache Android SDK	2026-06-06T12:22:54.7460365Z /usr/bin/tar: ../../../../../usr/local/lib/android/sdk/platforms/android-36.1/data/res/values-mcc310-mnc950-ca: Cannot change mode to rwxr-xr-x: Operation not permitted
build	Cache Android SDK	2026-06-06T12:22:54.7462766Z /usr/bin/tar: ../../../../../usr/local/lib/android/sdk/platforms/android-36.1/data/res/values-mcc001-mnc01-zh-rTW: Cannot utime: Operation not permitted
build	Cache Android SDK	2026-06-06T12:22:54.7463250Z /usr/bin/tar: ../../../../../usr/local/lib/android/sdk/platforms/android-36.1/data/res/values-mcc001-mnc01-zh-rTW: Cannot change mode to rwxr-xr-x: Operation not permitted
build	Cache Android SDK	2026-06-06T12:22:54.7465774Z /usr/bin/tar: ../../../../../usr/local/lib/android/sdk/platforms/android-36.1/data/res/values-mcc310-mnc410-bg: Cannot utime: Operation not permitted
build	Cache Android SDK	2026-06-06T12:22:54.7466354Z /usr/bin/tar: ../../../../../usr/local/lib/android/sdk/platforms/android-36.1/data/res/values-mcc310-mnc410-bg: Cannot change mode to rwxr-xr-x: Operation not permitted
build	Cache Android SDK	2026-06-06T12:22:54.7469375Z /usr/bin/tar: ../../../../../usr/local/lib/android/sdk/platforms/android-36.1/data/res/values-mcc310-mnc270-be: Cannot utime: Operation not permitted
build	Cache Android SDK	2026-06-06T12:22:54.7469845Z /usr/bin/tar: ../../../../../usr/local/lib/android/sdk/platforms/android-36.1/data/res/values-mcc310-mnc270-be: Cannot change mode to rwxr-xr-x: Operation not permitted
build	Cache Android SDK	2026-06-06T12:22:54.7472616Z /usr/bin/tar: ../../../../../usr/local/lib/android/sdk/platforms/android-36.1/data/res/values-mcc302-mnc370-ar: Cannot utime: Operation not permitted
build	Cache Android SDK	2026-06-06T12:22:54.7473088Z /usr/bin/tar: ../../../../../usr/local/lib/android/sdk/platforms/android-36.1/data/res/values-mcc302-mnc370-ar: Cannot change mode to rwxr-xr-x: Operation not permitted
build	Cache Android SDK	2026-06-06T12:22:54.7475514Z /usr/bin/tar: ../../../../../usr/local/lib/android/sdk/platforms/android-36.1/data/res/values-mcc310-mnc250-lv: Cannot utime: Operation not permitted
build	Cache Android SDK	2026-06-06T12:22:54.7476245Z /usr/bin/tar: ../../../../../usr/local/lib/android/sdk/platforms/android-36.1/data/res/values-mcc310-mnc250-lv: Cannot change mode to rwxr-xr-x: Operation not permitted
build	Cache Android SDK	2026-06-06T12:22:54.7479726Z /usr/bin/tar: ../../../../../usr/local/lib/android/sdk/platforms/android-36.1/data/res/values-mcc310-mnc230-th: Cannot utime: Operation not permitted
build	Cache Android SDK	2026-06-06T12:22:54.7480192Z /usr/bin/tar: ../../../../../usr/local/lib/android/sdk/platforms/android-36.1/data/res/values-mcc310-mnc230-th: Cannot change mode to rwxr-xr-x: Operation not permitted
build	Cache Android SDK	2026-06-06T12:22:54.7482600Z /usr/bin/tar: ../../../../../usr/local/lib/android/sdk/platforms/android-36.1/data/res/values-mcc286: Cannot utime: Operation not permitted
build	Cache Android SDK	2026-06-06T12:22:54.7483045Z /usr/bin/tar: ../../../../../usr/local/lib/android/sdk/platforms/android-36.1/data/res/values-mcc286: Cannot change mode to rwxr-xr-x: Operation not permitted
build	Cache Android SDK	2026-06-06T12:22:54.7485762Z /usr/bin/tar: ../../../../../usr/local/lib/android/sdk/platforms/android-36.1/data/res/values-mcc310-mnc250-uz: Cannot utime: Operation not permitted
build	Cache Android SDK	2026-06-06T12:22:54.7486234Z /usr/bin/tar: ../../../../../usr/local/lib/android/sdk/platforms/android-36.1/data/res/values-mcc310-mnc250-uz: Cannot change mode to rwxr-xr-x: Operation not permitted
build	Cache Android SDK	2026-06-06T12:22:54.7489070Z /usr/bin/tar: ../../../../../usr/local/lib/android/sdk/platforms/android-36.1/data/res/values-mcc310-mnc240-eu: Cannot utime: Operation not permitted
build	Cache Android SDK	2026-06-06T12:22:54.7490127Z /usr/bin/tar: ../../../../../usr/local/lib/android/sdk/platforms/android-36.1/data/res/values-mcc310-mnc240-eu: Cannot change mode to rwxr-xr-x: Operation not permitted
build	Cache Android SDK	2026-06-06T12:22:54.7492647Z /usr/bin/tar: ../../../../../usr/local/lib/android/sdk/platforms/android-36.1/data/res/values-mcc310-mnc280-km: Cannot utime: Operation not permitted
build	Cache Android SDK	2026-06-06T12:22:54.7493886Z /usr/bin/tar: ../../../../../usr/local/lib/android/sdk/platforms/android-36.1/data/res/values-mcc310-mnc280-km: Cannot change mode to rwxr-xr-x: Operation not permitted
build	Cache Android SDK	2026-06-06T12:22:54.7496518Z /usr/bin/tar: ../../../../../usr/local/lib/android/sdk/platforms/android-36.1/data/res/values-mcc310-mnc150-et: Cannot utime: Operation not permitted
build	Cache Android SDK	2026-06-06T12:22:54.7497899Z /usr/bin/tar: ../../../../../usr/local/lib/android/sdk/platforms/android-36.1/data/res/values-mcc310-mnc150-et: Cannot change mode to rwxr-xr-x: Operation not permitted
build	Cache Android SDK	2026-06-06T12:22:54.7500057Z /usr/bin/tar: ../../../../../usr/local/lib/android/sdk/platforms/android-36.1/data/res/values-mcc310-mnc800-tl: Cannot utime: Operation not permitted
build	Cache Android SDK	2026-06-06T12:22:54.7501158Z /usr/bin/tar: ../../../../../usr/local/lib/android/sdk/platforms/android-36.1/data/res/values-mcc310-mnc800-tl: Cannot change mode to rwxr-xr-x: Operation not permitted
build	Cache Android SDK	2026-06-06T12:22:54.7503687Z /usr/bin/tar: ../../../../../usr/local/lib/android/sdk/platforms/android-36.1/data/res/values-mcc312-mnc670-bn: Cannot utime: Operation not permitted
build	Cache Android SDK	2026-06-06T12:22:54.7504632Z /usr/bin/tar: ../../../../../usr/local/lib/android/sdk/platforms/android-36.1/data/res/values-mcc312-mnc670-bn: Cannot change mode to rwxr-xr-x: Operation not permitted
build	Cache Android SDK	2026-06-06T12:22:54.7506819Z /usr/bin/tar: ../../../../../usr/local/lib/android/sdk/platforms/android-36.1/data/res/values-mcc234-mnc91: Cannot utime: Operation not permitted
build	Cache Android SDK	2026-06-06T12:22:54.7507923Z /usr/bin/tar: ../../../../../usr/local/lib/android/sdk/platforms/android-36.1/data/res/values-mcc234-mnc91: Cannot change mode to rwxr-xr-x: Operation not permitted
build	Cache Android SDK	2026-06-06T12:22:54.7510224Z /usr/bin/tar: ../../../../../usr/local/lib/android/sdk/platforms/android-36.1/data/res/values-mcc310-mnc210-hu: Cannot utime: Operation not permitted
build	Cache Android SDK	2026-06-06T12:22:54.7511166Z /usr/bin/tar: ../../../../../usr/local/lib/android/sdk/platforms/android-36.1/data/res/values-mcc310-mnc210-hu: Cannot change mode to rwxr-xr-x: Operation not permitted
build	Cache Android SDK	2026-06-06T12:22:54.7513535Z /usr/bin/tar: ../../../../../usr/local/lib/android/sdk/platforms/android-36.1/data/res/values-mcc310-mnc200-ne: Cannot utime: Operation not permitted
build	Cache Android SDK	2026-06-06T12:22:54.7514560Z /usr/bin/tar: ../../../../../usr/local/lib/android/sdk/platforms/android-36.1/data/res/values-mcc310-mnc200-ne: Cannot change mode to rwxr-xr-x: Operation not permitted
build	Cache Android SDK	2026-06-06T12:22:54.7516998Z /usr/bin/tar: ../../../../../usr/local/lib/android/sdk/platforms/android-36.1/data/res/values-mcc240-mnc05: Cannot utime: Operation not permitted
build	Cache Android SDK	2026-06-06T12:22:54.7518282Z /usr/bin/tar: ../../../../../usr/local/lib/android/sdk/platforms/android-36.1/data/res/values-mcc240-mnc05: Cannot change mode to rwxr-xr-x: Operation not permitted
build	Cache Android SDK	2026-06-06T12:22:54.7519897Z /usr/bin/tar: ../../../../../usr/local/lib/android/sdk/platforms/android-36.1/data/res/values-mcc312-mnc670-et: Cannot utime: Operation not permitted
build	Cache Android SDK	2026-06-06T12:22:54.7520840Z /usr/bin/tar: ../../../../../usr/local/lib/android/sdk/platforms/android-36.1/data/res/values-mcc312-mnc670-et: Cannot change mode to rwxr-xr-x: Operation not permitted
build	Cache Android SDK	2026-06-06T12:22:54.7523541Z /usr/bin/tar: ../../../../../usr/local/lib/android/sdk/platforms/android-36.1/data/res/values-mcc334-mnc020-bn: Cannot utime: Operation not permitted
build	Cache Android SDK	2026-06-06T12:22:54.7524492Z /usr/bin/tar: ../../../../../usr/local/lib/android/sdk/platforms/android-36.1/data/res/values-mcc334-mnc020-bn: Cannot change mode to rwxr-xr-x: Operation not permitted
build	Cache Android SDK	2026-06-06T12:22:54.7528903Z /usr/bin/tar: ../../../../../usr/local/lib/android/sdk/platforms/android-36.1/data/res/values-sw600dp-w960dp: Cannot utime: Operation not permitted
build	Cache Android SDK	2026-06-06T12:22:54.7529846Z /usr/bin/tar: ../../../../../usr/local/lib/android/sdk/platforms/android-36.1/data/res/values-sw600dp-w960dp: Cannot change mode to rwxr-xr-x: Operation not permitted
build	Cache Android SDK	2026-06-06T12:22:54.7532286Z /usr/bin/tar: ../../../../../usr/local/lib/android/sdk/platforms/android-36.1/data/res/values-mcc310-mnc660-is: Cannot utime: Operation not permitted
build	Cache Android SDK	2026-06-06T12:22:54.7533258Z /usr/bin/tar: ../../../../../usr/local/lib/android/sdk/platforms/android-36.1/data/res/values-mcc310-mnc660-is: Cannot change mode to rwxr-xr-x: Operation not permitted
build	Cache Android SDK	2026-06-06T12:22:54.7535889Z /usr/bin/tar: ../../../../../usr/local/lib/android/sdk/platforms/android-36.1/data/res/values-fr-rBE: Cannot utime: Operation not permitted
build	Cache Android SDK	2026-06-06T12:22:54.7536904Z /usr/bin/tar: ../../../../../usr/local/lib/android/sdk/platforms/android-36.1/data/res/values-fr-rBE: Cannot change mode to rwxr-xr-x: Operation not permitted
build	Cache Android SDK	2026-06-06T12:22:54.7539755Z /usr/bin/tar: ../../../../../usr/local/lib/android/sdk/platforms/android-36.1/data/res/values-mcc312-mnc670-es: Cannot utime: Operation not permitted
build	Cache Android SDK	2026-06-06T12:22:54.7540805Z /usr/bin/tar: ../../../../../usr/local/lib/android/sdk/platforms/android-36.1/data/res/values-mcc312-mnc670-es: Cannot change mode to rwxr-xr-x: Operation not permitted
build	Cache Android SDK	2026-06-06T12:22:54.7542604Z /usr/bin/tar: ../../../../../usr/local/lib/android/sdk/platforms/android-36.1/data/res/values-mcc310-mnc380-gu: Cannot utime: Operation not permitted
build	Cache Android SDK	2026-06-06T12:22:54.7543538Z /usr/bin/tar: ../../../../../usr/local/lib/android/sdk/platforms/android-36.1/data/res/values-mcc310-mnc380-gu: Cannot change mode to rwxr-xr-x: Operation not permitted
build	Cache Android SDK	2026-06-06T12:22:54.7546372Z /usr/bin/tar: ../../../../../usr/local/lib/android/sdk/platforms/android-36.1/data/res/values-mcc334-mnc020-uz: Cannot utime: Operation not permitted
build	Cache Android SDK	2026-06-06T12:22:54.7547568Z /usr/bin/tar: ../../../../../usr/local/lib/android/sdk/platforms/android-36.1/data/res/values-mcc334-mnc020-uz: Cannot change mode to rwxr-xr-x: Operation not permitted
build	Cache Android SDK	2026-06-06T12:22:54.7549381Z /usr/bin/tar: ../../../../../usr/local/lib/android/sdk/platforms/android-36.1/data/res/values-mcc302-mnc720-b+sr+Latn: Cannot utime: Operation not permitted
build	Cache Android SDK	2026-06-06T12:22:54.7550359Z /usr/bin/tar: ../../../../../usr/local/lib/android/sdk/platforms/android-36.1/data/res/values-mcc302-mnc720-b+sr+Latn: Cannot change mode to rwxr-xr-x: Operation not permitted
build	Cache Android SDK	2026-06-06T12:22:54.7559216Z /usr/bin/tar: ../../../../../usr/local/lib/android/sdk/platforms/android-36.1/data/res/values-af: Cannot utime: Operation not permitted
build	Cache Android SDK	2026-06-06T12:22:54.7560685Z /usr/bin/tar: ../../../../../usr/local/lib/android/sdk/platforms/android-36.1/data/res/values-af: Cannot change mode to rwxr-xr-x: Operation not permitted
build	Cache Android SDK	2026-06-06T12:22:54.7561692Z /usr/bin/tar: ../../../../../usr/local/lib/android/sdk/platforms/android-36.1/data/res/values-mcc334-mnc020-sk: Cannot utime: Operation not permitted
build	Cache Android SDK	2026-06-06T12:22:54.7563310Z /usr/bin/tar: ../../../../../usr/local/lib/android/sdk/platforms/android-36.1/data/res/values-mcc334-mnc020-sk: Cannot change mode to rwxr-xr-x: Operation not permitted
build	Cache Android SDK	2026-06-06T12:22:54.7564235Z /usr/bin/tar: ../../../../../usr/local/lib/android/sdk/platforms/android-36.1/data/res/values-mcc312-mnc670-de: Cannot utime: Operation not permitted
build	Cache Android SDK	2026-06-06T12:22:54.7565617Z /usr/bin/tar: ../../../../../usr/local/lib/android/sdk/platforms/android-36.1/data/res/values-mcc312-mnc670-de: Cannot change mode to rwxr-xr-x: Operation not permitted
build	Cache Android SDK	2026-06-06T12:22:54.7566905Z /usr/bin/tar: ../../../../../usr/local/lib/android/sdk/platforms/android-36.1/data/res/values-mcc310-mnc950-iw: Cannot utime: Operation not permitted
build	Cache Android SDK	2026-06-06T12:22:54.7567982Z /usr/bin/tar: ../../../../../usr/local/lib/android/sdk/platforms/android-36.1/data/res/values-mcc310-mnc950-iw: Cannot change mode to rwxr-xr-x: Operation not permitted
build	Cache Android SDK	2026-06-06T12:22:54.7569844Z /usr/bin/tar: ../../../../../usr/local/lib/android/sdk/platforms/android-36.1/data/res/values-mcc302-mnc370-de: Cannot utime: Operation not permitted
build	Cache Android SDK	2026-06-06T12:22:54.7570766Z /usr/bin/tar: ../../../../../usr/local/lib/android/sdk/platforms/android-36.1/data/res/values-mcc302-mnc370-de: Cannot change mode to rwxr-xr-x: Operation not permitted
build	Cache Android SDK	2026-06-06T12:22:54.7573266Z /usr/bin/tar: ../../../../../usr/local/lib/android/sdk/platforms/android-36.1/data/res/values-mcc310-mnc310-be: Cannot utime: Operation not permitted
build	Cache Android SDK	2026-06-06T12:22:54.7574203Z /usr/bin/tar: ../../../../../usr/local/lib/android/sdk/platforms/android-36.1/data/res/values-mcc310-mnc310-be: Cannot change mode to rwxr-xr-x: Operation not permitted
build	Cache Android SDK	2026-06-06T12:22:54.7576166Z /usr/bin/tar: ../../../../../usr/local/lib/android/sdk/platforms/android-36.1/data/res/values-da-watch: Cannot utime: Operation not permitted
build	Cache Android SDK	2026-06-06T12:22:54.7577179Z /usr/bin/tar: ../../../../../usr/local/lib/android/sdk/platforms/android-36.1/data/res/values-da-watch: Cannot change mode to rwxr-xr-x: Operation not permitted
build	Cache Android SDK	2026-06-06T12:22:54.7580217Z /usr/bin/tar: ../../../../../usr/local/lib/android/sdk/platforms/android-36.1/data/res/values-mcc312-mnc670-fr-rCA: Cannot utime: Operation not permitted
build	Cache Android SDK	2026-06-06T12:22:54.7581587Z /usr/bin/tar: ../../../../../usr/local/lib/android/sdk/platforms/android-36.1/data/res/values-mcc312-mnc670-fr-rCA: Cannot change mode to rwxr-xr-x: Operation not permitted
build	Cache Android SDK	2026-06-06T12:22:54.7583049Z /usr/bin/tar: ../../../../../usr/local/lib/android/sdk/platforms/android-36.1/data/res/values-mcc310-mnc410-lt: Cannot utime: Operation not permitted
build	Cache Android SDK	2026-06-06T12:22:54.7584031Z /usr/bin/tar: ../../../../../usr/local/lib/android/sdk/platforms/android-36.1/data/res/values-mcc310-mnc410-lt: Cannot change mode to rwxr-xr-x: Operation not permitted
build	Cache Android SDK	2026-06-06T12:22:54.7586098Z /usr/bin/tar: ../../../../../usr/local/lib/android/sdk/platforms/android-36.1/data/res/values-mcc311-mnc180-am: Cannot utime: Operation not permitted
build	Cache Android SDK	2026-06-06T12:22:54.7587019Z /usr/bin/tar: ../../../../../usr/local/lib/android/sdk/platforms/android-36.1/data/res/values-mcc311-mnc180-am: Cannot change mode to rwxr-xr-x: Operation not permitted
build	Cache Android SDK	2026-06-06T12:22:54.7589801Z /usr/bin/tar: ../../../../../usr/local/lib/android/sdk/platforms/android-36.1/data/res/values-mcc310-mnc410-pt-rBR: Cannot utime: Operation not permitted
build	Cache Android SDK	2026-06-06T12:22:54.7590775Z /usr/bin/tar: ../../../../../usr/local/lib/android/sdk/platforms/android-36.1/data/res/values-mcc310-mnc410-pt-rBR: Cannot change mode to rwxr-xr-x: Operation not permitted
build	Cache Android SDK	2026-06-06T12:22:54.7592856Z /usr/bin/tar: ../../../../../usr/local/lib/android/sdk/platforms/android-36.1/data/res/layout-television: Cannot utime: Operation not permitted
build	Cache Android SDK	2026-06-06T12:22:54.7593781Z /usr/bin/tar: ../../../../../usr/local/lib/android/sdk/platforms/android-36.1/data/res/layout-television: Cannot change mode to rwxr-xr-x: Operation not permitted
build	Cache Android SDK	2026-06-06T12:22:54.7596297Z /usr/bin/tar: ../../../../../usr/local/lib/android/sdk/platforms/android-36.1/data/res/values-mcc001-mnc01-hy: Cannot utime: Operation not permitted
build	Cache Android SDK	2026-06-06T12:22:54.7597240Z /usr/bin/tar: ../../../../../usr/local/lib/android/sdk/platforms/android-36.1/data/res/values-mcc001-mnc01-hy: Cannot change mode to rwxr-xr-x: Operation not permitted
build	Cache Android SDK	2026-06-06T12:22:54.7600068Z /usr/bin/tar: ../../../../../usr/local/lib/android/sdk/platforms/android-36.1/data/res/values-mcc310-mnc800-fa: Cannot utime: Operation not permitted
build	Cache Android SDK	2026-06-06T12:22:54.7601006Z /usr/bin/tar: ../../../../../usr/local/lib/android/sdk/platforms/android-36.1/data/res/values-mcc310-mnc800-fa: Cannot change mode to rwxr-xr-x: Operation not permitted
build	Cache Android SDK	2026-06-06T12:22:54.7603783Z /usr/bin/tar: ../../../../../usr/local/lib/android/sdk/platforms/android-36.1/data/res/values-mcc310-mnc220-ru: Cannot utime: Operation not permitted
build	Cache Android SDK	2026-06-06T12:22:54.7604710Z /usr/bin/tar: ../../../../../usr/local/lib/android/sdk/platforms/android-36.1/data/res/values-mcc310-mnc220-ru: Cannot change mode to rwxr-xr-x: Operation not permitted
build	Cache Android SDK	2026-06-06T12:22:54.7607179Z /usr/bin/tar: ../../../../../usr/local/lib/android/sdk/platforms/android-36.1/data/res/values-mcc302-mnc370-as: Cannot utime: Operation not permitted
build	Cache Android SDK	2026-06-06T12:22:54.7608333Z /usr/bin/tar: ../../../../../usr/local/lib/android/sdk/platforms/android-36.1/data/res/values-mcc302-mnc370-as: Cannot change mode to rwxr-xr-x: Operation not permitted
build	Cache Android SDK	2026-06-06T12:22:54.7618168Z /usr/bin/tar: ../../../../../usr/local/lib/android/sdk/platforms/android-36.1/data/res/values-my: Cannot utime: Operation not permitted
build	Cache Android SDK	2026-06-06T12:22:54.7619210Z /usr/bin/tar: ../../../../../usr/local/lib/android/sdk/platforms/android-36.1/data/res/values-my: Cannot change mode to rwxr-xr-x: Operation not permitted
build	Cache Android SDK	2026-06-06T12:22:54.7620384Z /usr/bin/tar: ../../../../../usr/local/lib/android/sdk/platforms/android-36.1/data/res/values-h480dp: Cannot utime: Operation not permitted
build	Cache Android SDK	2026-06-06T12:22:54.7621471Z /usr/bin/tar: ../../../../../usr/local/lib/android/sdk/platforms/android-36.1/data/res/values-h480dp: Cannot change mode to rwxr-xr-x: Operation not permitted
build	Cache Android SDK	2026-06-06T12:22:54.7622910Z /usr/bin/tar: ../../../../../usr/local/lib/android/sdk/platforms/android-36.1/data/res/values-mcc310-mnc150-km: Cannot utime: Operation not permitted
build	Cache Android SDK	2026-06-06T12:22:54.7623885Z /usr/bin/tar: ../../../../../usr/local/lib/android/sdk/platforms/android-36.1/data/res/values-mcc310-mnc150-km: Cannot change mode to rwxr-xr-x: Operation not permitted
build	Cache Android SDK	2026-06-06T12:22:54.7626230Z /usr/bin/tar: ../../../../../usr/local/lib/android/sdk/platforms/android-36.1/data/res/values-mcc310-mnc410-in: Cannot utime: Operation not permitted
build	Cache Android SDK	2026-06-06T12:22:54.7627256Z /usr/bin/tar: ../../../../../usr/local/lib/android/sdk/platforms/android-36.1/data/res/values-mcc310-mnc410-in: Cannot change mode to rwxr-xr-x: Operation not permitted
build	Cache Android SDK	2026-06-06T12:22:54.7629547Z /usr/bin/tar: ../../../../../usr/local/lib/android/sdk/platforms/android-36.1/data/res/values-mcc310-mnc950: Cannot utime: Operation not permitted
build	Cache Android SDK	2026-06-06T12:22:54.7630472Z /usr/bin/tar: ../../../../../usr/local/lib/android/sdk/platforms/android-36.1/data/res/values-mcc310-mnc950: Cannot change mode to rwxr-xr-x: Operation not permitted
build	Cache Android SDK	2026-06-06T12:22:54.7632846Z /usr/bin/tar: ../../../../../usr/local/lib/android/sdk/platforms/android-36.1/data/res/values-mcc310-mnc220-mn: Cannot utime: Operation not permitted
build	Cache Android SDK	2026-06-06T12:22:54.7633783Z /usr/bin/tar: ../../../../../usr/local/lib/android/sdk/platforms/android-36.1/data/res/values-mcc310-mnc220-mn: Cannot change mode to rwxr-xr-x: Operation not permitted
build	Cache Android SDK	2026-06-06T12:22:54.7636224Z /usr/bin/tar: ../../../../../usr/local/lib/android/sdk/platforms/android-36.1/data/res/values-mcc310-mnc950-ml: Cannot utime: Operation not permitted
build	Cache Android SDK	2026-06-06T12:22:54.7637263Z /usr/bin/tar: ../../../../../usr/local/lib/android/sdk/platforms/android-36.1/data/res/values-mcc310-mnc950-ml: Cannot change mode to rwxr-xr-x: Operation not permitted
build	Cache Android SDK	2026-06-06T12:22:54.7640681Z /usr/bin/tar: ../../../../../usr/local/lib/android/sdk/platforms/android-36.1/data/res/interpolator-watch: Cannot utime: Operation not permitted
build	Cache Android SDK	2026-06-06T12:22:54.7641607Z /usr/bin/tar: ../../../../../usr/local/lib/android/sdk/platforms/android-36.1/data/res/interpolator-watch: Cannot change mode to rwxr-xr-x: Operation not permitted
build	Cache Android SDK	2026-06-06T12:22:54.9281367Z /usr/bin/tar: ../../../../../usr/local/lib/android/sdk/platforms/android-36.1/data/res/values-lt: Cannot utime: Operation not permitted
build	Cache Android SDK	2026-06-06T12:22:54.9283115Z /usr/bin/tar: ../../../../../usr/local/lib/android/sdk/platforms/android-36.1/data/res/values-lt: Cannot change mode to rwxr-xr-x: Operation not permitted
build	Cache Android SDK	2026-06-06T12:22:54.9285539Z /usr/bin/tar: ../../../../../usr/local/lib/android/sdk/platforms/android-36.1/data/res/values-mcc310-mnc270-zu: Cannot utime: Operation not permitted
build	Cache Android SDK	2026-06-06T12:22:54.9286572Z /usr/bin/tar: ../../../../../usr/local/lib/android/sdk/platforms/android-36.1/data/res/values-mcc310-mnc270-zu: Cannot change mode to rwxr-xr-x: Operation not permitted
build	Cache Android SDK	2026-06-06T12:22:54.9290267Z /usr/bin/tar: ../../../../../usr/local/lib/android/sdk/platforms/android-36.1/data/res/values-sr-television: Cannot utime: Operation not permitted
build	Cache Android SDK	2026-06-06T12:22:54.9291866Z /usr/bin/tar: ../../../../../usr/local/lib/android/sdk/platforms/android-36.1/data/res/values-sr-television: Cannot change mode to rwxr-xr-x: Operation not permitted
build	Cache Android SDK	2026-06-06T12:22:54.9294208Z /usr/bin/tar: ../../../../../usr/local/lib/android/sdk/platforms/android-36.1/data/res/values-mcc312-mnc670-pt-rPT: Cannot utime: Operation not permitted
build	Cache Android SDK	2026-06-06T12:22:54.9295452Z /usr/bin/tar: ../../../../../usr/local/lib/android/sdk/platforms/android-36.1/data/res/values-mcc312-mnc670-pt-rPT: Cannot change mode to rwxr-xr-x: Operation not permitted
build	Cache Android SDK	2026-06-06T12:22:54.9298168Z /usr/bin/tar: ../../../../../usr/local/lib/android/sdk/platforms/android-36.1/data/res/values-bg-rBG: Cannot utime: Operation not permitted
build	Cache Android SDK	2026-06-06T12:22:54.9300109Z /usr/bin/tar: ../../../../../usr/local/lib/android/sdk/platforms/android-36.1/data/res/values-bg-rBG: Cannot change mode to rwxr-xr-x: Operation not permitted
build	Cache Android SDK	2026-06-06T12:22:54.9301589Z /usr/bin/tar: ../../../../../usr/local/lib/android/sdk/platforms/android-36.1/data/res/values-mcc310-mnc270-ko: Cannot utime: Operation not permitted
build	Cache Android SDK	2026-06-06T12:22:54.9303421Z /usr/bin/tar: ../../../../../usr/local/lib/android/sdk/platforms/android-36.1/data/res/values-mcc310-mnc270-ko: Cannot change mode to rwxr-xr-x: Operation not permitted
build	Cache Android SDK	2026-06-06T12:22:54.9304808Z /usr/bin/tar: ../../../../../usr/local/lib/android/sdk/platforms/android-36.1/data/res/values-mcc334-mnc020-nb: Cannot utime: Operation not permitted
build	Cache Android SDK	2026-06-06T12:22:54.9306150Z /usr/bin/tar: ../../../../../usr/local/lib/android/sdk/platforms/android-36.1/data/res/values-mcc334-mnc020-nb: Cannot change mode to rwxr-xr-x: Operation not permitted
build	Cache Android SDK	2026-06-06T12:22:54.9307814Z /usr/bin/tar: ../../../../../usr/local/lib/android/sdk/platforms/android-36.1/data/res/values-mcc310-mnc150-en-rGB: Cannot utime: Operation not permitted
build	Cache Android SDK	2026-06-06T12:22:54.9308780Z /usr/bin/tar: ../../../../../usr/local/lib/android/sdk/platforms/android-36.1/data/res/values-mcc310-mnc150-en-rGB: Cannot change mode to rwxr-xr-x: Operation not permitted
build	Cache Android SDK	2026-06-06T12:22:54.9310836Z /usr/bin/tar: ../../../../../usr/local/lib/android/sdk/platforms/android-36.1/data/res/values-mcc310-mnc380-en-rIN: Cannot utime: Operation not permitted
build	Cache Android SDK	2026-06-06T12:22:54.9311801Z /usr/bin/tar: ../../../../../usr/local/lib/android/sdk/platforms/android-36.1/data/res/values-mcc310-mnc380-en-rIN: Cannot change mode to rwxr-xr-x: Operation not permitted
build	Cache Android SDK	2026-06-06T12:22:54.9314274Z /usr/bin/tar: ../../../../../usr/local/lib/android/sdk/platforms/android-36.1/data/res/values-mcc310-mnc490-en-rAU: Cannot utime: Operation not permitted
build	Cache Android SDK	2026-06-06T12:22:54.9315392Z /usr/bin/tar: ../../../../../usr/local/lib/android/sdk/platforms/android-36.1/data/res/values-mcc310-mnc490-en-rAU: Cannot change mode to rwxr-xr-x: Operation not permitted
build	Cache Android SDK	2026-06-06T12:22:54.9317492Z /usr/bin/tar: ../../../../../usr/local/lib/android/sdk/platforms/android-36.1/data/res/values-mcc310-mnc380-vi: Cannot utime: Operation not permitted
build	Cache Android SDK	2026-06-06T12:22:54.9318622Z /usr/bin/tar: ../../../../../usr/local/lib/android/sdk/platforms/android-36.1/data/res/values-mcc310-mnc380-vi: Cannot change mode to rwxr-xr-x: Operation not permitted
build	Cache Android SDK	2026-06-06T12:22:54.9321345Z /usr/bin/tar: ../../../../../usr/local/lib/android/sdk/platforms/android-36.1/data/res/values-mcc310-mnc220-km: Cannot utime: Operation not permitted
build	Cache Android SDK	2026-06-06T12:22:54.9322298Z /usr/bin/tar: ../../../../../usr/local/lib/android/sdk/platforms/android-36.1/data/res/values-mcc310-mnc220-km: Cannot change mode to rwxr-xr-x: Operation not permitted
build	Cache Android SDK	2026-06-06T12:22:54.9324647Z /usr/bin/tar: ../../../../../usr/local/lib/android/sdk/platforms/android-36.1/data/res/values-mcc311-mnc180-b+sr+Latn: Cannot utime: Operation not permitted
build	Cache Android SDK	2026-06-06T12:22:54.9325645Z /usr/bin/tar: ../../../../../usr/local/lib/android/sdk/platforms/android-36.1/data/res/values-mcc311-mnc180-b+sr+Latn: Cannot change mode to rwxr-xr-x: Operation not permitted
build	Cache Android SDK	2026-06-06T12:22:54.9340060Z /usr/bin/tar: ../../../../../usr/local/lib/android/sdk/platforms/android-36.1/data/res/values-mcc313-mnc100-tr: Cannot utime: Operation not permitted
build	Cache Android SDK	2026-06-06T12:22:54.9341050Z /usr/bin/tar: ../../../../../usr/local/lib/android/sdk/platforms/android-36.1/data/res/values-mcc313-mnc100-tr: Cannot change mode to rwxr-xr-x: Operation not permitted
build	Cache Android SDK	2026-06-06T12:22:54.9343574Z /usr/bin/tar: ../../../../../usr/local/lib/android/sdk/platforms/android-36.1/data/res/values-mcc234-mnc15: Cannot utime: Operation not permitted
build	Cache Android SDK	2026-06-06T12:22:54.9344501Z /usr/bin/tar: ../../../../../usr/local/lib/android/sdk/platforms/android-36.1/data/res/values-mcc234-mnc15: Cannot change mode to rwxr-xr-x: Operation not permitted
build	Cache Android SDK	2026-06-06T12:22:54.9346370Z /usr/bin/tar: ../../../../../usr/local/lib/android/sdk/platforms/android-36.1/data/res/values-or-watch: Cannot utime: Operation not permitted
build	Cache Android SDK	2026-06-06T12:22:54.9347620Z /usr/bin/tar: ../../../../../usr/local/lib/android/sdk/platforms/android-36.1/data/res/values-or-watch: Cannot change mode to rwxr-xr-x: Operation not permitted
build	Cache Android SDK	2026-06-06T12:22:54.9352752Z /usr/bin/tar: ../../../../../usr/local/lib/android/sdk/platforms/android-36.1/data/res/values-mcc262: Cannot utime: Operation not permitted
build	Cache Android SDK	2026-06-06T12:22:54.9353757Z /usr/bin/tar: ../../../../../usr/local/lib/android/sdk/platforms/android-36.1/data/res/values-mcc262: Cannot change mode to rwxr-xr-x: Operation not permitted
build	Cache Android SDK	2026-06-06T12:22:54.9355487Z /usr/bin/tar: ../../../../../usr/local/lib/android/sdk/platforms/android-36.1/data/res/values-mcc310-mnc160-lt: Cannot utime: Operation not permitted
build	Cache Android SDK	2026-06-06T12:22:54.9356582Z /usr/bin/tar: ../../../../../usr/local/lib/android/sdk/platforms/android-36.1/data/res/values-mcc310-mnc160-lt: Cannot change mode to rwxr-xr-x: Operation not permitted
build	Cache Android SDK	2026-06-06T12:22:54.9358850Z /usr/bin/tar: ../../../../../usr/local/lib/android/sdk/platforms/android-36.1/data/res/values-mcc310-mnc280-gu: Cannot utime: Operation not permitted
build	Cache Android SDK	2026-06-06T12:22:54.9359884Z /usr/bin/tar: ../../../../../usr/local/lib/android/sdk/platforms/android-36.1/data/res/values-mcc310-mnc280-gu: Cannot change mode to rwxr-xr-x: Operation not permitted
build	Cache Android SDK	2026-06-06T12:22:54.9362035Z /usr/bin/tar: ../../../../../usr/local/lib/android/sdk/platforms/android-36.1/data/res/values-mcc310-mnc030-sq: Cannot utime: Operation not permitted
build	Cache Android SDK	2026-06-06T12:22:54.9363061Z /usr/bin/tar: ../../../../../usr/local/lib/android/sdk/platforms/android-36.1/data/res/values-mcc310-mnc030-sq: Cannot change mode to rwxr-xr-x: Operation not permitted
build	Cache Android SDK	2026-06-06T12:22:54.9365181Z /usr/bin/tar: ../../../../../usr/local/lib/android/sdk/platforms/android-36.1/data/res/values-mcc310-mnc240-pt: Cannot utime: Operation not permitted
build	Cache Android SDK	2026-06-06T12:22:54.9366211Z /usr/bin/tar: ../../../../../usr/local/lib/android/sdk/platforms/android-36.1/data/res/values-mcc310-mnc240-pt: Cannot change mode to rwxr-xr-x: Operation not permitted
build	Cache Android SDK	2026-06-06T12:22:54.9368627Z /usr/bin/tar: ../../../../../usr/local/lib/android/sdk/platforms/android-36.1/data/res/values-mcc302-mnc370-es-rUS: Cannot utime: Operation not permitted
build	Cache Android SDK	2026-06-06T12:22:54.9369679Z /usr/bin/tar: ../../../../../usr/local/lib/android/sdk/platforms/android-36.1/data/res/values-mcc302-mnc370-es-rUS: Cannot change mode to rwxr-xr-x: Operation not permitted
build	Cache Android SDK	2026-06-06T12:22:54.9372470Z /usr/bin/tar: ../../../../../usr/local/lib/android/sdk/platforms/android-36.1/data/res/values-nl-watch: Cannot utime: Operation not permitted
build	Cache Android SDK	2026-06-06T12:22:54.9373453Z /usr/bin/tar: ../../../../../usr/local/lib/android/sdk/platforms/android-36.1/data/res/values-nl-watch: Cannot change mode to rwxr-xr-x: Operation not permitted
build	Cache Android SDK	2026-06-06T12:22:54.9380144Z /usr/bin/tar: ../../../../../usr/local/lib/android/sdk/platforms/android-36.1/data/res/values-cs: Cannot utime: Operation not permitted
build	Cache Android SDK	2026-06-06T12:22:54.9381592Z /usr/bin/tar: ../../../../../usr/local/lib/android/sdk/platforms/android-36.1/data/res/values-cs: Cannot change mode to rwxr-xr-x: Operation not permitted
build	Cache Android SDK	2026-06-06T12:22:54.9383840Z /usr/bin/tar: ../../../../../usr/local/lib/android/sdk/platforms/android-36.1/data/res/values-mcc311-mnc180-eu: Cannot utime: Operation not permitted
build	Cache Android SDK	2026-06-06T12:22:54.9384834Z /usr/bin/tar: ../../../../../usr/local/lib/android/sdk/platforms/android-36.1/data/res/values-mcc311-mnc180-eu: Cannot change mode to rwxr-xr-x: Operation not permitted
build	Cache Android SDK	2026-06-06T12:22:54.9386938Z /usr/bin/tar: ../../../../../usr/local/lib/android/sdk/platforms/android-36.1/data/res/values-mcc310-mnc210-km: Cannot utime: Operation not permitted
build	Cache Android SDK	2026-06-06T12:22:54.9388195Z /usr/bin/tar: ../../../../../usr/local/lib/android/sdk/platforms/android-36.1/data/res/values-mcc310-mnc210-km: Cannot change mode to rwxr-xr-x: Operation not permitted
build	Cache Android SDK	2026-06-06T12:22:54.9390223Z /usr/bin/tar: ../../../../../usr/local/lib/android/sdk/platforms/android-36.1/data/res/values-mcc313-mnc100-ja: Cannot utime: Operation not permitted
build	Cache Android SDK	2026-06-06T12:22:54.9391252Z /usr/bin/tar: ../../../../../usr/local/lib/android/sdk/platforms/android-36.1/data/res/values-mcc313-mnc100-ja: Cannot change mode to rwxr-xr-x: Operation not permitted
build	Cache Android SDK	2026-06-06T12:22:54.9394085Z /usr/bin/tar: ../../../../../usr/local/lib/android/sdk/platforms/android-36.1/data/res/values-mcc334-mnc020-sw: Cannot utime: Operation not permitted
build	Cache Android SDK	2026-06-06T12:22:54.9394993Z /usr/bin/tar: ../../../../../usr/local/lib/android/sdk/platforms/android-36.1/data/res/values-mcc334-mnc020-sw: Cannot change mode to rwxr-xr-x: Operation not permitted
build	Cache Android SDK	2026-06-06T12:22:54.9397035Z /usr/bin/tar: ../../../../../usr/local/lib/android/sdk/platforms/android-36.1/data/res/values-mcc310-mnc200-ta: Cannot utime: Operation not permitted
build	Cache Android SDK	2026-06-06T12:22:54.9398181Z /usr/bin/tar: ../../../../../usr/local/lib/android/sdk/platforms/android-36.1/data/res/values-mcc310-mnc200-ta: Cannot change mode to rwxr-xr-x: Operation not permitted
build	Cache Android SDK	2026-06-06T12:22:54.9399967Z /usr/bin/tar: ../../../../../usr/local/lib/android/sdk/platforms/android-36.1/data/res/values-mcc310-mnc800-kn: Cannot utime: Operation not permitted
build	Cache Android SDK	2026-06-06T12:22:54.9400885Z /usr/bin/tar: ../../../../../usr/local/lib/android/sdk/platforms/android-36.1/data/res/values-mcc310-mnc800-kn: Cannot change mode to rwxr-xr-x: Operation not permitted
build	Cache Android SDK	2026-06-06T12:22:54.9403265Z /usr/bin/tar: ../../../../../usr/local/lib/android/sdk/platforms/android-36.1/data/res/values-mcc310-mnc800: Cannot utime: Operation not permitted
build	Cache Android SDK	2026-06-06T12:22:54.9404174Z /usr/bin/tar: ../../../../../usr/local/lib/android/sdk/platforms/android-36.1/data/res/values-mcc310-mnc800: Cannot change mode to rwxr-xr-x: Operation not permitted
build	Cache Android SDK	2026-06-06T12:22:54.9406557Z /usr/bin/tar: ../../../../../usr/local/lib/android/sdk/platforms/android-36.1/data/res/values-mcc310-mnc410-en-rXC: Cannot utime: Operation not permitted
build	Cache Android SDK	2026-06-06T12:22:54.9407647Z /usr/bin/tar: ../../../../../usr/local/lib/android/sdk/platforms/android-36.1/data/res/values-mcc310-mnc410-en-rXC: Cannot change mode to rwxr-xr-x: Operation not permitted
build	Cache Android SDK	2026-06-06T12:22:54.9410000Z /usr/bin/tar: ../../../../../usr/local/lib/android/sdk/platforms/android-36.1/data/res/values-mcc310-mnc220-bn: Cannot utime: Operation not permitted
build	Cache Android SDK	2026-06-06T12:22:54.9411399Z /usr/bin/tar: ../../../../../usr/local/lib/android/sdk/platforms/android-36.1/data/res/values-mcc310-mnc220-bn: Cannot change mode to rwxr-xr-x: Operation not permitted
build	Cache Android SDK	2026-06-06T12:22:54.9412745Z /usr/bin/tar: ../../../../../usr/local/lib/android/sdk/platforms/android-36.1/data/res/values-mcc310-mnc490-ca: Cannot utime: Operation not permitted
build	Cache Android SDK	2026-06-06T12:22:54.9413800Z /usr/bin/tar: ../../../../../usr/local/lib/android/sdk/platforms/android-36.1/data/res/values-mcc310-mnc490-ca: Cannot change mode to rwxr-xr-x: Operation not permitted
build	Cache Android SDK	2026-06-06T12:22:54.9416254Z /usr/bin/tar: ../../../../../usr/local/lib/android/sdk/platforms/android-36.1/data/res/values-en-rAU-watch: Cannot utime: Operation not permitted
build	Cache Android SDK	2026-06-06T12:22:54.9417536Z /usr/bin/tar: ../../../../../usr/local/lib/android/sdk/platforms/android-36.1/data/res/values-en-rAU-watch: Cannot change mode to rwxr-xr-x: Operation not permitted
build	Cache Android SDK	2026-06-06T12:22:54.9419230Z /usr/bin/tar: ../../../../../usr/local/lib/android/sdk/platforms/android-36.1/data/res/values-mcc310-mnc220-et: Cannot utime: Operation not permitted
build	Cache Android SDK	2026-06-06T12:22:54.9420209Z /usr/bin/tar: ../../../../../usr/local/lib/android/sdk/platforms/android-36.1/data/res/values-mcc310-mnc220-et: Cannot change mode to rwxr-xr-x: Operation not permitted
build	Cache Android SDK	2026-06-06T12:22:54.9422406Z /usr/bin/tar: ../../../../../usr/local/lib/android/sdk/platforms/android-36.1/data/res/values-w195dp: Cannot utime: Operation not permitted
build	Cache Android SDK	2026-06-06T12:22:54.9423393Z /usr/bin/tar: ../../../../../usr/local/lib/android/sdk/platforms/android-36.1/data/res/values-w195dp: Cannot change mode to rwxr-xr-x: Operation not permitted
build	Cache Android SDK	2026-06-06T12:22:54.9425160Z /usr/bin/tar: ../../../../../usr/local/lib/android/sdk/platforms/android-36.1/data/res/values-mcc310-mnc410-is: Cannot utime: Operation not permitted
build	Cache Android SDK	2026-06-06T12:22:54.9426275Z /usr/bin/tar: ../../../../../usr/local/lib/android/sdk/platforms/android-36.1/data/res/values-mcc310-mnc410-is: Cannot change mode to rwxr-xr-x: Operation not permitted
build	Cache Android SDK	2026-06-06T12:22:54.9428145Z /usr/bin/tar: ../../../../../usr/local/lib/android/sdk/platforms/android-36.1/data/res/values-mcc302-mnc370-vi: Cannot utime: Operation not permitted
build	Cache Android SDK	2026-06-06T12:22:54.9429060Z /usr/bin/tar: ../../../../../usr/local/lib/android/sdk/platforms/android-36.1/data/res/values-mcc302-mnc370-vi: Cannot change mode to rwxr-xr-x: Operation not permitted
build	Cache Android SDK	2026-06-06T12:22:54.9431822Z /usr/bin/tar: ../../../../../usr/local/lib/android/sdk/platforms/android-36.1/data/res/values-w426dp-h320dp: Cannot utime: Operation not permitted
build	Cache Android SDK	2026-06-06T12:22:54.9432809Z /usr/bin/tar: ../../../../../usr/local/lib/android/sdk/platforms/android-36.1/data/res/values-w426dp-h320dp: Cannot change mode to rwxr-xr-x: Operation not permitted
build	Cache Android SDK	2026-06-06T12:22:54.9434950Z /usr/bin/tar: ../../../../../usr/local/lib/android/sdk/platforms/android-36.1/data/res/values-mcc310-mnc200-iw: Cannot utime: Operation not permitted
build	Cache Android SDK	2026-06-06T12:22:54.9435881Z /usr/bin/tar: ../../../../../usr/local/lib/android/sdk/platforms/android-36.1/data/res/values-mcc310-mnc200-iw: Cannot change mode to rwxr-xr-x: Operation not permitted
build	Cache Android SDK	2026-06-06T12:22:54.9438502Z /usr/bin/tar: ../../../../../usr/local/lib/android/sdk/platforms/android-36.1/data/res/values-mcc001-mnc01-sl: Cannot utime: Operation not permitted
build	Cache Android SDK	2026-06-06T12:22:54.9439429Z /usr/bin/tar: ../../../../../usr/local/lib/android/sdk/platforms/android-36.1/data/res/values-mcc001-mnc01-sl: Cannot change mode to rwxr-xr-x: Operation not permitted
build	Cache Android SDK	2026-06-06T12:22:54.9441525Z /usr/bin/tar: ../../../../../usr/local/lib/android/sdk/platforms/android-36.1/data/res/values-mcc313-mnc100-ro: Cannot utime: Operation not permitted
build	Cache Android SDK	2026-06-06T12:22:54.9442458Z /usr/bin/tar: ../../../../../usr/local/lib/android/sdk/platforms/android-36.1/data/res/values-mcc313-mnc100-ro: Cannot change mode to rwxr-xr-x: Operation not permitted
build	Cache Android SDK	2026-06-06T12:22:54.9444818Z /usr/bin/tar: ../../../../../usr/local/lib/android/sdk/platforms/android-36.1/data/res/values-mcc001-mnc01-en-rGB: Cannot utime: Operation not permitted
build	Cache Android SDK	2026-06-06T12:22:54.9445957Z /usr/bin/tar: ../../../../../usr/local/lib/android/sdk/platforms/android-36.1/data/res/values-mcc001-mnc01-en-rGB: Cannot change mode to rwxr-xr-x: Operation not permitted
build	Cache Android SDK	2026-06-06T12:22:54.9447858Z /usr/bin/tar: ../../../../../usr/local/lib/android/sdk/platforms/android-36.1/data/res/values-mcc310-mnc230-et: Cannot utime: Operation not permitted
build	Cache Android SDK	2026-06-06T12:22:54.9448825Z /usr/bin/tar: ../../../../../usr/local/lib/android/sdk/platforms/android-36.1/data/res/values-mcc310-mnc230-et: Cannot change mode to rwxr-xr-x: Operation not permitted
build	Cache Android SDK	2026-06-06T12:22:54.9450877Z /usr/bin/tar: ../../../../../usr/local/lib/android/sdk/platforms/android-36.1/data/res/values-mcc313-mnc100-ko: Cannot utime: Operation not permitted
build	Cache Android SDK	2026-06-06T12:22:54.9451833Z /usr/bin/tar: ../../../../../usr/local/lib/android/sdk/platforms/android-36.1/data/res/values-mcc313-mnc100-ko: Cannot change mode to rwxr-xr-x: Operation not permitted
build	Cache Android SDK	2026-06-06T12:22:54.9454156Z /usr/bin/tar: ../../../../../usr/local/lib/android/sdk/platforms/android-36.1/data/res/values-mcc310-mnc380-fr: Cannot utime: Operation not permitted
build	Cache Android SDK	2026-06-06T12:22:54.9455109Z /usr/bin/tar: ../../../../../usr/local/lib/android/sdk/platforms/android-36.1/data/res/values-mcc310-mnc380-fr: Cannot change mode to rwxr-xr-x: Operation not permitted
build	Cache Android SDK	2026-06-06T12:22:54.9457591Z /usr/bin/tar: ../../../../../usr/local/lib/android/sdk/platforms/android-36.1/data/res/values-mcc310-mnc250-bn: Cannot utime: Operation not permitted
build	Cache Android SDK	2026-06-06T12:22:54.9458569Z /usr/bin/tar: ../../../../../usr/local/lib/android/sdk/platforms/android-36.1/data/res/values-mcc310-mnc250-bn: Cannot change mode to rwxr-xr-x: Operation not permitted
build	Cache Android SDK	2026-06-06T12:22:54.9461037Z /usr/bin/tar: ../../../../../usr/local/lib/android/sdk/platforms/android-36.1/data/res/values-mcc302-mnc720-lo: Cannot utime: Operation not permitted
build	Cache Android SDK	2026-06-06T12:22:54.9461976Z /usr/bin/tar: ../../../../../usr/local/lib/android/sdk/platforms/android-36.1/data/res/values-mcc302-mnc720-lo: Cannot change mode to rwxr-xr-x: Operation not permitted
build	Cache Android SDK	2026-06-06T12:22:54.9464657Z /usr/bin/tar: ../../../../../usr/local/lib/android/sdk/platforms/android-36.1/data/res/values-mcc310-mnc210-mn: Cannot utime: Operation not permitted
build	Cache Android SDK	2026-06-06T12:22:54.9465587Z /usr/bin/tar: ../../../../../usr/local/lib/android/sdk/platforms/android-36.1/data/res/values-mcc310-mnc210-mn: Cannot change mode to rwxr-xr-x: Operation not permitted
build	Cache Android SDK	2026-06-06T12:22:54.9467864Z /usr/bin/tar: ../../../../../usr/local/lib/android/sdk/platforms/android-36.1/data/res/values-mcc310-mnc230-gl: Cannot utime: Operation not permitted
build	Cache Android SDK	2026-06-06T12:22:54.9468898Z /usr/bin/tar: ../../../../../usr/local/lib/android/sdk/platforms/android-36.1/data/res/values-mcc310-mnc230-gl: Cannot change mode to rwxr-xr-x: Operation not permitted
build	Cache Android SDK	2026-06-06T12:22:54.9471323Z /usr/bin/tar: ../../../../../usr/local/lib/android/sdk/platforms/android-36.1/data/res/values-mcc310-mnc230-bg: Cannot utime: Operation not permitted
build	Cache Android SDK	2026-06-06T12:22:54.9472262Z /usr/bin/tar: ../../../../../usr/local/lib/android/sdk/platforms/android-36.1/data/res/values-mcc310-mnc230-bg: Cannot change mode to rwxr-xr-x: Operation not permitted
build	Cache Android SDK	2026-06-06T12:22:54.9474663Z /usr/bin/tar: ../../../../../usr/local/lib/android/sdk/platforms/android-36.1/data/res/values-mcc310-mnc250-pt: Cannot utime: Operation not permitted
build	Cache Android SDK	2026-06-06T12:22:54.9475635Z /usr/bin/tar: ../../../../../usr/local/lib/android/sdk/platforms/android-36.1/data/res/values-mcc310-mnc250-pt: Cannot change mode to rwxr-xr-x: Operation not permitted
build	Cache Android SDK	2026-06-06T12:22:54.9478117Z /usr/bin/tar: ../../../../../usr/local/lib/android/sdk/platforms/android-36.1/data/res/values-mcc310-mnc160-ko: Cannot utime: Operation not permitted
build	Cache Android SDK	2026-06-06T12:22:54.9479121Z /usr/bin/tar: ../../../../../usr/local/lib/android/sdk/platforms/android-36.1/data/res/values-mcc310-mnc160-ko: Cannot change mode to rwxr-xr-x: Operation not permitted
build	Cache Android SDK	2026-06-06T12:22:54.9480791Z /usr/bin/tar: ../../../../../usr/local/lib/android/sdk/platforms/android-36.1/data/res/values-mcc310-mnc410-sq: Cannot utime: Operation not permitted
build	Cache Android SDK	2026-06-06T12:22:54.9481718Z /usr/bin/tar: ../../../../../usr/local/lib/android/sdk/platforms/android-36.1/data/res/values-mcc310-mnc410-sq: Cannot change mode to rwxr-xr-x: Operation not permitted
build	Cache Android SDK	2026-06-06T12:22:54.9484337Z /usr/bin/tar: ../../../../../usr/local/lib/android/sdk/platforms/android-36.1/data/res/values-w480dp: Cannot utime: Operation not permitted
build	Cache Android SDK	2026-06-06T12:22:54.9485219Z /usr/bin/tar: ../../../../../usr/local/lib/android/sdk/platforms/android-36.1/data/res/values-w480dp: Cannot change mode to rwxr-xr-x: Operation not permitted
build	Cache Android SDK	2026-06-06T12:22:54.9487938Z /usr/bin/tar: ../../../../../usr/local/lib/android/sdk/platforms/android-36.1/data/res/values-mcc310-mnc560-is: Cannot utime: Operation not permitted
build	Cache Android SDK	2026-06-06T12:22:54.9489037Z /usr/bin/tar: ../../../../../usr/local/lib/android/sdk/platforms/android-36.1/data/res/values-mcc310-mnc560-is: Cannot change mode to rwxr-xr-x: Operation not permitted
build	Cache Android SDK	2026-06-06T12:22:54.9491191Z /usr/bin/tar: ../../../../../usr/local/lib/android/sdk/platforms/android-36.1/data/res/values-mn-watch: Cannot utime: Operation not permitted
build	Cache Android SDK	2026-06-06T12:22:54.9492100Z /usr/bin/tar: ../../../../../usr/local/lib/android/sdk/platforms/android-36.1/data/res/values-mn-watch: Cannot change mode to rwxr-xr-x: Operation not permitted
build	Cache Android SDK	2026-06-06T12:22:54.9494837Z /usr/bin/tar: ../../../../../usr/local/lib/android/sdk/platforms/android-36.1/data/res/values-mcc302-mnc720-ru: Cannot utime: Operation not permitted
build	Cache Android SDK	2026-06-06T12:22:54.9495777Z /usr/bin/tar: ../../../../../usr/local/lib/android/sdk/platforms/android-36.1/data/res/values-mcc302-mnc720-ru: Cannot change mode to rwxr-xr-x: Operation not permitted
build	Cache Android SDK	2026-06-06T12:22:54.9499201Z /usr/bin/tar: ../../../../../usr/local/lib/android/sdk/platforms/android-36.1/data/res/values-mcc310-mnc950-zh-rCN: Cannot utime: Operation not permitted
build	Cache Android SDK	2026-06-06T12:22:54.9500164Z /usr/bin/tar: ../../../../../usr/local/lib/android/sdk/platforms/android-36.1/data/res/values-mcc310-mnc950-zh-rCN: Cannot change mode to rwxr-xr-x: Operation not permitted
build	Cache Android SDK	2026-06-06T12:22:54.9502602Z /usr/bin/tar: ../../../../../usr/local/lib/android/sdk/platforms/android-36.1/data/res/values-mcc310-mnc950-cs: Cannot utime: Operation not permitted
build	Cache Android SDK	2026-06-06T12:22:54.9503538Z /usr/bin/tar: ../../../../../usr/local/lib/android/sdk/platforms/android-36.1/data/res/values-mcc310-mnc950-cs: Cannot change mode to rwxr-xr-x: Operation not permitted
build	Cache Android SDK	2026-06-06T12:22:54.9506723Z /usr/bin/tar: ../../../../../usr/local/lib/android/sdk/platforms/android-36.1/data/res/values-mcc310-mnc200-pt: Cannot utime: Operation not permitted
build	Cache Android SDK	2026-06-06T12:22:54.9508001Z /usr/bin/tar: ../../../../../usr/local/lib/android/sdk/platforms/android-36.1/data/res/values-mcc310-mnc200-pt: Cannot change mode to rwxr-xr-x: Operation not permitted
build	Cache Android SDK	2026-06-06T12:22:54.9510205Z /usr/bin/tar: ../../../../../usr/local/lib/android/sdk/platforms/android-36.1/data/res/values-mcc310-mnc240-fr-rCA: Cannot utime: Operation not permitted
build	Cache Android SDK	2026-06-06T12:22:54.9511180Z /usr/bin/tar: ../../../../../usr/local/lib/android/sdk/platforms/android-36.1/data/res/values-mcc310-mnc240-fr-rCA: Cannot change mode to rwxr-xr-x: Operation not permitted
build	Cache Android SDK	2026-06-06T12:22:54.9513270Z /usr/bin/tar: ../../../../../usr/local/lib/android/sdk/platforms/android-36.1/data/res/values-mcc311-mnc180-pl: Cannot utime: Operation not permitted
build	Cache Android SDK	2026-06-06T12:22:54.9514201Z /usr/bin/tar: ../../../../../usr/local/lib/android/sdk/platforms/android-36.1/data/res/values-mcc311-mnc180-pl: Cannot change mode to rwxr-xr-x: Operation not permitted
build	Cache Android SDK	2026-06-06T12:22:54.9516242Z /usr/bin/tar: ../../../../../usr/local/lib/android/sdk/platforms/android-36.1/data/res/values-ka-television: Cannot utime: Operation not permitted
build	Cache Android SDK	2026-06-06T12:22:54.9517161Z /usr/bin/tar: ../../../../../usr/local/lib/android/sdk/platforms/android-36.1/data/res/values-ka-television: Cannot change mode to rwxr-xr-x: Operation not permitted
build	Cache Android SDK	2026-06-06T12:22:54.9522000Z /usr/bin/tar: ../../../../../usr/local/lib/android/sdk/platforms/android-36.1/data/res/values-mcc310-mnc310-hr: Cannot utime: Operation not permitted
build	Cache Android SDK	2026-06-06T12:22:54.9522931Z /usr/bin/tar: ../../../../../usr/local/lib/android/sdk/platforms/android-36.1/data/res/values-mcc310-mnc310-hr: Cannot change mode to rwxr-xr-x: Operation not permitted
build	Cache Android SDK	2026-06-06T12:22:54.9528231Z /usr/bin/tar: ../../../../../usr/local/lib/android/sdk/platforms/android-36.1/data/res/animator: Cannot utime: Operation not permitted
build	Cache Android SDK	2026-06-06T12:22:54.9529193Z /usr/bin/tar: ../../../../../usr/local/lib/android/sdk/platforms/android-36.1/data/res/animator: Cannot change mode to rwxr-xr-x: Operation not permitted
build	Cache Android SDK	2026-06-06T12:22:54.9534448Z /usr/bin/tar: ../../../../../usr/local/lib/android/sdk/platforms/android-36.1/data/res/values-az-television: Cannot utime: Operation not permitted
build	Cache Android SDK	2026-06-06T12:22:54.9535367Z /usr/bin/tar: ../../../../../usr/local/lib/android/sdk/platforms/android-36.1/data/res/values-az-television: Cannot change mode to rwxr-xr-x: Operation not permitted
build	Cache Android SDK	2026-06-06T12:22:54.9541699Z /usr/bin/tar: ../../../../../usr/local/lib/android/sdk/platforms/android-36.1/data/res/values-en-rGB: Cannot utime: Operation not permitted
build	Cache Android SDK	2026-06-06T12:22:54.9542577Z /usr/bin/tar: ../../../../../usr/local/lib/android/sdk/platforms/android-36.1/data/res/values-en-rGB: Cannot change mode to rwxr-xr-x: Operation not permitted
build	Cache Android SDK	2026-06-06T12:22:54.9546586Z /usr/bin/tar: ../../../../../usr/local/lib/android/sdk/platforms/android-36.1/data/res/values-mcc310-mnc230-pt: Cannot utime: Operation not permitted
build	Cache Android SDK	2026-06-06T12:22:54.9548064Z /usr/bin/tar: ../../../../../usr/local/lib/android/sdk/platforms/android-36.1/data/res/values-mcc310-mnc230-pt: Cannot change mode to rwxr-xr-x: Operation not permitted
build	Cache Android SDK	2026-06-06T12:22:54.9549734Z /usr/bin/tar: ../../../../../usr/local/lib/android/sdk/platforms/android-36.1/data/res/values-mcc302-mnc370-bn: Cannot utime: Operation not permitted
build	Cache Android SDK	2026-06-06T12:22:54.9550684Z /usr/bin/tar: ../../../../../usr/local/lib/android/sdk/platforms/android-36.1/data/res/values-mcc302-mnc370-bn: Cannot change mode to rwxr-xr-x: Operation not permitted
build	Cache Android SDK	2026-06-06T12:22:54.9553075Z /usr/bin/tar: ../../../../../usr/local/lib/android/sdk/platforms/android-36.1/data/res/values-mcc310-mnc410-ro: Cannot utime: Operation not permitted
build	Cache Android SDK	2026-06-06T12:22:54.9554092Z /usr/bin/tar: ../../../../../usr/local/lib/android/sdk/platforms/android-36.1/data/res/values-mcc310-mnc410-ro: Cannot change mode to rwxr-xr-x: Operation not permitted
build	Cache Android SDK	2026-06-06T12:22:54.9556178Z /usr/bin/tar: ../../../../../usr/local/lib/android/sdk/platforms/android-36.1/data/res/values-mcc310-mnc170-en-rXC: Cannot utime: Operation not permitted
build	Cache Android SDK	2026-06-06T12:22:54.9557255Z /usr/bin/tar: ../../../../../usr/local/lib/android/sdk/platforms/android-36.1/data/res/values-mcc310-mnc170-en-rXC: Cannot change mode to rwxr-xr-x: Operation not permitted
build	Cache Android SDK	2026-06-06T12:22:54.9564771Z /usr/bin/tar: ../../../../../usr/local/lib/android/sdk/platforms/android-36.1/data/res/values-ka: Cannot utime: Operation not permitted
build	Cache Android SDK	2026-06-06T12:22:54.9566239Z /usr/bin/tar: ../../../../../usr/local/lib/android/sdk/platforms/android-36.1/data/res/values-ka: Cannot change mode to rwxr-xr-x: Operation not permitted
build	Cache Android SDK	2026-06-06T12:22:54.9567987Z /usr/bin/tar: ../../../../../usr/local/lib/android/sdk/platforms/android-36.1/data/res/values-ky-watch: Cannot utime: Operation not permitted
build	Cache Android SDK	2026-06-06T12:22:54.9569488Z /usr/bin/tar: ../../../../../usr/local/lib/android/sdk/platforms/android-36.1/data/res/values-ky-watch: Cannot change mode to rwxr-xr-x: Operation not permitted
build	Cache Android SDK	2026-06-06T12:22:54.9571394Z /usr/bin/tar: ../../../../../usr/local/lib/android/sdk/platforms/android-36.1/data/res/values-am-watch: Cannot utime: Operation not permitted
build	Cache Android SDK	2026-06-06T12:22:54.9572343Z /usr/bin/tar: ../../../../../usr/local/lib/android/sdk/platforms/android-36.1/data/res/values-am-watch: Cannot change mode to rwxr-xr-x: Operation not permitted
build	Cache Android SDK	2026-06-06T12:22:54.9574172Z /usr/bin/tar: ../../../../../usr/local/lib/android/sdk/platforms/android-36.1/data/res/values-mcc310-mnc004: Cannot utime: Operation not permitted
build	Cache Android SDK	2026-06-06T12:22:54.9575121Z /usr/bin/tar: ../../../../../usr/local/lib/android/sdk/platforms/android-36.1/data/res/values-mcc310-mnc004: Cannot change mode to rwxr-xr-x: Operation not permitted
build	Cache Android SDK	2026-06-06T12:22:54.9577789Z /usr/bin/tar: ../../../../../usr/local/lib/android/sdk/platforms/android-36.1/data/res/values-mcc310-mnc230-hu: Cannot utime: Operation not permitted
build	Cache Android SDK	2026-06-06T12:22:54.9578869Z /usr/bin/tar: ../../../../../usr/local/lib/android/sdk/platforms/android-36.1/data/res/values-mcc310-mnc230-hu: Cannot change mode to rwxr-xr-x: Operation not permitted
build	Cache Android SDK	2026-06-06T12:22:54.9580566Z /usr/bin/tar: ../../../../../usr/local/lib/android/sdk/platforms/android-36.1/data/res/values-mcc310-mnc660-hu: Cannot utime: Operation not permitted
build	Cache Android SDK	2026-06-06T12:22:54.9581514Z /usr/bin/tar: ../../../../../usr/local/lib/android/sdk/platforms/android-36.1/data/res/values-mcc310-mnc660-hu: Cannot change mode to rwxr-xr-x: Operation not permitted
build	Cache Android SDK	2026-06-06T12:22:54.9583970Z /usr/bin/tar: ../../../../../usr/local/lib/android/sdk/platforms/android-36.1/data/res/raw-es: Cannot utime: Operation not permitted
build	Cache Android SDK	2026-06-06T12:22:54.9584871Z /usr/bin/tar: ../../../../../usr/local/lib/android/sdk/platforms/android-36.1/data/res/raw-es: Cannot change mode to rwxr-xr-x: Operation not permitted
build	Cache Android SDK	2026-06-06T12:22:54.9587104Z /usr/bin/tar: ../../../../../usr/local/lib/android/sdk/platforms/android-36.1/data/res/values-mcc310-mnc220-ta: Cannot utime: Operation not permitted
build	Cache Android SDK	2026-06-06T12:22:54.9588357Z /usr/bin/tar: ../../../../../usr/local/lib/android/sdk/platforms/android-36.1/data/res/values-mcc310-mnc220-ta: Cannot change mode to rwxr-xr-x: Operation not permitted
build	Cache Android SDK	2026-06-06T12:22:54.9589996Z /usr/bin/tar: ../../../../../usr/local/lib/android/sdk/platforms/android-36.1/data/res/values-mcc302-mnc370-fa: Cannot utime: Operation not permitted
build	Cache Android SDK	2026-06-06T12:22:54.9590936Z /usr/bin/tar: ../../../../../usr/local/lib/android/sdk/platforms/android-36.1/data/res/values-mcc302-mnc370-fa: Cannot change mode to rwxr-xr-x: Operation not permitted
build	Cache Android SDK	2026-06-06T12:22:54.9593373Z /usr/bin/tar: ../../../../../usr/local/lib/android/sdk/platforms/android-36.1/data/res/values-mcc310-mnc270-en-rAU: Cannot utime: Operation not permitted
build	Cache Android SDK	2026-06-06T12:22:54.9594450Z /usr/bin/tar: ../../../../../usr/local/lib/android/sdk/platforms/android-36.1/data/res/values-mcc310-mnc270-en-rAU: Cannot change mode to rwxr-xr-x: Operation not permitted
build	Cache Android SDK	2026-06-06T12:22:54.9607511Z /usr/bin/tar: ../../../../../usr/local/lib/android/sdk/platforms/android-36.1/data/res/drawable-land-mdpi: Cannot utime: Operation not permitted
build	Cache Android SDK	2026-06-06T12:22:54.9608838Z /usr/bin/tar: ../../../../../usr/local/lib/android/sdk/platforms/android-36.1/data/res/drawable-land-mdpi: Cannot change mode to rwxr-xr-x: Operation not permitted
build	Cache Android SDK	2026-06-06T12:22:54.9610329Z /usr/bin/tar: ../../../../../usr/local/lib/android/sdk/platforms/android-36.1/data/res/values-mcc310-mnc210-ta: Cannot utime: Operation not permitted
build	Cache Android SDK	2026-06-06T12:22:54.9611263Z /usr/bin/tar: ../../../../../usr/local/lib/android/sdk/platforms/android-36.1/data/res/values-mcc310-mnc210-ta: Cannot change mode to rwxr-xr-x: Operation not permitted
build	Cache Android SDK	2026-06-06T12:22:54.9613175Z /usr/bin/tar: ../../../../../usr/local/lib/android/sdk/platforms/android-36.1/data/res/values-mcc310-mnc410-ko: Cannot utime: Operation not permitted
build	Cache Android SDK	2026-06-06T12:22:54.9614155Z /usr/bin/tar: ../../../../../usr/local/lib/android/sdk/platforms/android-36.1/data/res/values-mcc310-mnc410-ko: Cannot change mode to rwxr-xr-x: Operation not permitted
build	Cache Android SDK	2026-06-06T12:22:54.9616109Z /usr/bin/tar: ../../../../../usr/local/lib/android/sdk/platforms/android-36.1/data/res/values-mcc310-mnc030-ms: Cannot utime: Operation not permitted
build	Cache Android SDK	2026-06-06T12:22:54.9617106Z /usr/bin/tar: ../../../../../usr/local/lib/android/sdk/platforms/android-36.1/data/res/values-mcc310-mnc030-ms: Cannot change mode to rwxr-xr-x: Operation not permitted
build	Cache Android SDK	2026-06-06T12:22:54.9619759Z /usr/bin/tar: ../../../../../usr/local/lib/android/sdk/platforms/android-36.1/data/res/values-mcc310-mnc280-hi: Cannot utime: Operation not permitted
build	Cache Android SDK	2026-06-06T12:22:54.9620782Z /usr/bin/tar: ../../../../../usr/local/lib/android/sdk/platforms/android-36.1/data/res/values-mcc310-mnc280-hi: Cannot change mode to rwxr-xr-x: Operation not permitted
build	Cache Android SDK	2026-06-06T12:22:54.9622515Z /usr/bin/tar: ../../../../../usr/local/lib/android/sdk/platforms/android-36.1/data/res/values-mcc310-mnc310-ro: Cannot utime: Operation not permitted
build	Cache Android SDK	2026-06-06T12:22:54.9623543Z /usr/bin/tar: ../../../../../usr/local/lib/android/sdk/platforms/android-36.1/data/res/values-mcc310-mnc310-ro: Cannot change mode to rwxr-xr-x: Operation not permitted
build	Cache Android SDK	2026-06-06T12:22:54.9625820Z /usr/bin/tar: ../../../../../usr/local/lib/android/sdk/platforms/android-36.1/data/res/values-mcc310-mnc240-pt-rBR: Cannot utime: Operation not permitted
build	Cache Android SDK	2026-06-06T12:22:54.9626981Z /usr/bin/tar: ../../../../../usr/local/lib/android/sdk/platforms/android-36.1/data/res/values-mcc310-mnc240-pt-rBR: Cannot change mode to rwxr-xr-x: Operation not permitted
build	Cache Android SDK	2026-06-06T12:22:54.9628576Z /usr/bin/tar: ../../../../../usr/local/lib/android/sdk/platforms/android-36.1/data/res/values-mcc310-mnc490-fr: Cannot utime: Operation not permitted
build	Cache Android SDK	2026-06-06T12:22:54.9629526Z /usr/bin/tar: ../../../../../usr/local/lib/android/sdk/platforms/android-36.1/data/res/values-mcc310-mnc490-fr: Cannot change mode to rwxr-xr-x: Operation not permitted
build	Cache Android SDK	2026-06-06T12:22:54.9632089Z /usr/bin/tar: ../../../../../usr/local/lib/android/sdk/platforms/android-36.1/data/res/values-mcc310-mnc160-gu: Cannot utime: Operation not permitted
build	Cache Android SDK	2026-06-06T12:22:54.9633085Z /usr/bin/tar: ../../../../../usr/local/lib/android/sdk/platforms/android-36.1/data/res/values-mcc310-mnc160-gu: Cannot change mode to rwxr-xr-x: Operation not permitted
build	Cache Android SDK	2026-06-06T12:22:54.9635390Z /usr/bin/tar: ../../../../../usr/local/lib/android/sdk/platforms/android-36.1/data/res/values-mcc310-mnc150-es: Cannot utime: Operation not permitted
build	Cache Android SDK	2026-06-06T12:22:54.9636486Z /usr/bin/tar: ../../../../../usr/local/lib/android/sdk/platforms/android-36.1/data/res/values-mcc310-mnc150-es: Cannot change mode to rwxr-xr-x: Operation not permitted
build	Cache Android SDK	2026-06-06T12:22:54.9638263Z /usr/bin/tar: ../../../../../usr/local/lib/android/sdk/platforms/android-36.1/data/res/values-mcc310-mnc800-hi: Cannot utime: Operation not permitted
build	Cache Android SDK	2026-06-06T12:22:54.9639326Z /usr/bin/tar: ../../../../../usr/local/lib/android/sdk/platforms/android-36.1/data/res/values-mcc310-mnc800-hi: Cannot change mode to rwxr-xr-x: Operation not permitted
build	Cache Android SDK	2026-06-06T12:22:54.9641830Z /usr/bin/tar: ../../../../../usr/local/lib/android/sdk/platforms/android-36.1/data/res/values-mcc450-ko: Cannot utime: Operation not permitted
build	Cache Android SDK	2026-06-06T12:22:54.9642929Z /usr/bin/tar: ../../../../../usr/local/lib/android/sdk/platforms/android-36.1/data/res/values-mcc450-ko: Cannot change mode to rwxr-xr-x: Operation not permitted
build	Cache Android SDK	2026-06-06T12:22:54.9644368Z /usr/bin/tar: ../../../../../usr/local/lib/android/sdk/platforms/android-36.1/data/res/values-ml-television: Cannot utime: Operation not permitted
build	Cache Android SDK	2026-06-06T12:22:54.9645340Z /usr/bin/tar: ../../../../../usr/local/lib/android/sdk/platforms/android-36.1/data/res/values-ml-television: Cannot change mode to rwxr-xr-x: Operation not permitted
build	Cache Android SDK	2026-06-06T12:22:54.9647867Z /usr/bin/tar: ../../../../../usr/local/lib/android/sdk/platforms/android-36.1/data/res/values-mcc310-mnc240-vi: Cannot utime: Operation not permitted
build	Cache Android SDK	2026-06-06T12:22:54.9648936Z /usr/bin/tar: ../../../../../usr/local/lib/android/sdk/platforms/android-36.1/data/res/values-mcc310-mnc240-vi: Cannot change mode to rwxr-xr-x: Operation not permitted
build	Cache Android SDK	2026-06-06T12:22:54.9650748Z /usr/bin/tar: ../../../../../usr/local/lib/android/sdk/platforms/android-36.1/data/res/values-mcc311-mnc180-de: Cannot utime: Operation not permitted
build	Cache Android SDK	2026-06-06T12:22:54.9651761Z /usr/bin/tar: ../../../../../usr/local/lib/android/sdk/platforms/android-36.1/data/res/values-mcc311-mnc180-de: Cannot change mode to rwxr-xr-x: Operation not permitted
build	Cache Android SDK	2026-06-06T12:22:54.9653907Z /usr/bin/tar: ../../../../../usr/local/lib/android/sdk/platforms/android-36.1/data/res/values-mcc310-mnc210-pt-rBR: Cannot utime: Operation not permitted
build	Cache Android SDK	2026-06-06T12:22:54.9655880Z /usr/bin/tar: ../../../../../usr/local/lib/android/sdk/platforms/android-36.1/data/res/values-mcc310-mnc210-pt-rBR: Cannot change mode to rwxr-xr-x: Operation not permitted
build	Cache Android SDK	2026-06-06T12:22:54.9657053Z /usr/bin/tar: ../../../../../usr/local/lib/android/sdk/platforms/android-36.1/data/res/values-mcc732: Cannot utime: Operation not permitted
build	Cache Android SDK	2026-06-06T12:22:54.9658148Z /usr/bin/tar: ../../../../../usr/local/lib/android/sdk/platforms/android-36.1/data/res/values-mcc732: Cannot change mode to rwxr-xr-x: Operation not permitted
build	Cache Android SDK	2026-06-06T12:22:54.9660370Z /usr/bin/tar: ../../../../../usr/local/lib/android/sdk/platforms/android-36.1/data/res/values-mcc313-mnc100-zh-rHK: Cannot utime: Operation not permitted
build	Cache Android SDK	2026-06-06T12:22:54.9661320Z /usr/bin/tar: ../../../../../usr/local/lib/android/sdk/platforms/android-36.1/data/res/values-mcc313-mnc100-zh-rHK: Cannot change mode to rwxr-xr-x: Operation not permitted
build	Cache Android SDK	2026-06-06T12:22:54.9663367Z /usr/bin/tar: ../../../../../usr/local/lib/android/sdk/platforms/android-36.1/data/res/values-mcc334-mnc020-or: Cannot utime: Operation not permitted
build	Cache Android SDK	2026-06-06T12:22:54.9664300Z /usr/bin/tar: ../../../../../usr/local/lib/android/sdk/platforms/android-36.1/data/res/values-mcc334-mnc020-or: Cannot change mode to rwxr-xr-x: Operation not permitted
build	Cache Android SDK	2026-06-06T12:22:54.9669397Z /usr/bin/tar: ../../../../../usr/local/lib/android/sdk/platforms/android-36.1/data/res/values-mcc310-mnc150-in: Cannot utime: Operation not permitted
build	Cache Android SDK	2026-06-06T12:22:54.9670443Z /usr/bin/tar: ../../../../../usr/local/lib/android/sdk/platforms/android-36.1/data/res/values-mcc310-mnc150-in: Cannot change mode to rwxr-xr-x: Operation not permitted
build	Cache Android SDK	2026-06-06T12:22:54.9672972Z /usr/bin/tar: ../../../../../usr/local/lib/android/sdk/platforms/android-36.1/data/res/values-kn-television: Cannot utime: Operation not permitted
build	Cache Android SDK	2026-06-06T12:22:54.9673882Z /usr/bin/tar: ../../../../../usr/local/lib/android/sdk/platforms/android-36.1/data/res/values-kn-television: Cannot change mode to rwxr-xr-x: Operation not permitted
build	Cache Android SDK	2026-06-06T12:22:54.9676360Z /usr/bin/tar: ../../../../../usr/local/lib/android/sdk/platforms/android-36.1/data/res/values-mcc310-mnc410-cs: Cannot utime: Operation not permitted
build	Cache Android SDK	2026-06-06T12:22:54.9677599Z /usr/bin/tar: ../../../../../usr/local/lib/android/sdk/platforms/android-36.1/data/res/values-mcc310-mnc410-cs: Cannot change mode to rwxr-xr-x: Operation not permitted
build	Cache Android SDK	2026-06-06T12:22:54.9679359Z /usr/bin/tar: ../../../../../usr/local/lib/android/sdk/platforms/android-36.1/data/res/values-mcc310-mnc200-tr: Cannot utime: Operation not permitted
build	Cache Android SDK	2026-06-06T12:22:54.9680275Z /usr/bin/tar: ../../../../../usr/local/lib/android/sdk/platforms/android-36.1/data/res/values-mcc310-mnc200-tr: Cannot change mode to rwxr-xr-x: Operation not permitted
build	Cache Android SDK	2026-06-06T12:22:54.9682376Z /usr/bin/tar: ../../../../../usr/local/lib/android/sdk/platforms/android-36.1/data/res/values-mcc310-mnc030-sw: Cannot utime: Operation not permitted
build	Cache Android SDK	2026-06-06T12:22:54.9683299Z /usr/bin/tar: ../../../../../usr/local/lib/android/sdk/platforms/android-36.1/data/res/values-mcc310-mnc030-sw: Cannot change mode to rwxr-xr-x: Operation not permitted
build	Cache Android SDK	2026-06-06T12:22:54.9685622Z /usr/bin/tar: ../../../../../usr/local/lib/android/sdk/platforms/android-36.1/data/res/values-hi-rIN: Cannot utime: Operation not permitted
build	Cache Android SDK	2026-06-06T12:22:54.9686486Z /usr/bin/tar: ../../../../../usr/local/lib/android/sdk/platforms/android-36.1/data/res/values-hi-rIN: Cannot change mode to rwxr-xr-x: Operation not permitted
build	Cache Android SDK	2026-06-06T12:22:54.9689302Z /usr/bin/tar: ../../../../../usr/local/lib/android/sdk/platforms/android-36.1/data/res/values-mcc310-mnc170-sk: Cannot utime: Operation not permitted
build	Cache Android SDK	2026-06-06T12:22:54.9690224Z /usr/bin/tar: ../../../../../usr/local/lib/android/sdk/platforms/android-36.1/data/res/values-mcc310-mnc170-sk: Cannot change mode to rwxr-xr-x: Operation not permitted
build	Cache Android SDK	2026-06-06T12:22:54.9692488Z /usr/bin/tar: ../../../../../usr/local/lib/android/sdk/platforms/android-36.1/data/res/values-mcc310-mnc030-pt: Cannot utime: Operation not permitted
build	Cache Android SDK	2026-06-06T12:22:54.9693426Z /usr/bin/tar: ../../../../../usr/local/lib/android/sdk/platforms/android-36.1/data/res/values-mcc310-mnc030-pt: Cannot change mode to rwxr-xr-x: Operation not permitted
build	Cache Android SDK	2026-06-06T12:22:54.9695551Z /usr/bin/tar: ../../../../../usr/local/lib/android/sdk/platforms/android-36.1/data/res/values-mcc310-mnc150-b+sr+Latn: Cannot utime: Operation not permitted
build	Cache Android SDK	2026-06-06T12:22:54.9696603Z /usr/bin/tar: ../../../../../usr/local/lib/android/sdk/platforms/android-36.1/data/res/values-mcc310-mnc150-b+sr+Latn: Cannot change mode to rwxr-xr-x: Operation not permitted
build	Cache Android SDK	2026-06-06T12:22:54.9698517Z /usr/bin/tar: ../../../../../usr/local/lib/android/sdk/platforms/android-36.1/data/res/values-mcc310-mnc160-tl: Cannot utime: Operation not permitted
build	Cache Android SDK	2026-06-06T12:22:54.9699659Z /usr/bin/tar: ../../../../../usr/local/lib/android/sdk/platforms/android-36.1/data/res/values-mcc310-mnc160-tl: Cannot change mode to rwxr-xr-x: Operation not permitted
build	Cache Android SDK	2026-06-06T12:22:54.9701478Z /usr/bin/tar: ../../../../../usr/local/lib/android/sdk/platforms/android-36.1/data/res/values-mcc310-mnc310-am: Cannot utime: Operation not permitted
build	Cache Android SDK	2026-06-06T12:22:54.9702390Z /usr/bin/tar: ../../../../../usr/local/lib/android/sdk/platforms/android-36.1/data/res/values-mcc310-mnc310-am: Cannot change mode to rwxr-xr-x: Operation not permitted
build	Cache Android SDK	2026-06-06T12:22:54.9705028Z /usr/bin/tar: ../../../../../usr/local/lib/android/sdk/platforms/android-36.1/data/res/values-mcc310-mnc490-et: Cannot utime: Operation not permitted
build	Cache Android SDK	2026-06-06T12:22:54.9705940Z /usr/bin/tar: ../../../../../usr/local/lib/android/sdk/platforms/android-36.1/data/res/values-mcc310-mnc490-et: Cannot change mode to rwxr-xr-x: Operation not permitted
build	Cache Android SDK	2026-06-06T12:22:54.9708454Z /usr/bin/tar: ../../../../../usr/local/lib/android/sdk/platforms/android-36.1/data/res/values-mcc310-mnc280-en-rCA: Cannot utime: Operation not permitted
build	Cache Android SDK	2026-06-06T12:22:54.9709411Z /usr/bin/tar: ../../../../../usr/local/lib/android/sdk/platforms/android-36.1/data/res/values-mcc310-mnc280-en-rCA: Cannot change mode to rwxr-xr-x: Operation not permitted
build	Cache Android SDK	2026-06-06T12:22:54.9711513Z /usr/bin/tar: ../../../../../usr/local/lib/android/sdk/platforms/android-36.1/data/res/values-mcc310-mnc030-az: Cannot utime: Operation not permitted
build	Cache Android SDK	2026-06-06T12:22:54.9712649Z /usr/bin/tar: ../../../../../usr/local/lib/android/sdk/platforms/android-36.1/data/res/values-mcc310-mnc030-az: Cannot change mode to rwxr-xr-x: Operation not permitted
build	Cache Android SDK	2026-06-06T12:22:54.9715021Z /usr/bin/tar: ../../../../../usr/local/lib/android/sdk/platforms/android-36.1/data/res/values-mcc310-mnc280-mr: Cannot utime: Operation not permitted
build	Cache Android SDK	2026-06-06T12:22:54.9716030Z /usr/bin/tar: ../../../../../usr/local/lib/android/sdk/platforms/android-36.1/data/res/values-mcc310-mnc280-mr: Cannot change mode to rwxr-xr-x: Operation not permitted
build	Cache Android SDK	2026-06-06T12:22:54.9717313Z /usr/bin/tar: ../../../../../usr/local/lib/android/sdk/platforms/android-36.1/data/res/values-mcc310-mnc170-ko: Cannot utime: Operation not permitted
build	Cache Android SDK	2026-06-06T12:22:54.9718469Z /usr/bin/tar: ../../../../../usr/local/lib/android/sdk/platforms/android-36.1/data/res/values-mcc310-mnc170-ko: Cannot change mode to rwxr-xr-x: Operation not permitted
build	Cache Android SDK	2026-06-06T12:22:54.9720711Z /usr/bin/tar: ../../../../../usr/local/lib/android/sdk/platforms/android-36.1/data/res/values-mcc310-mnc250-kn: Cannot utime: Operation not permitted
build	Cache Android SDK	2026-06-06T12:22:54.9721707Z /usr/bin/tar: ../../../../../usr/local/lib/android/sdk/platforms/android-36.1/data/res/values-mcc310-mnc250-kn: Cannot change mode to rwxr-xr-x: Operation not permitted
build	Cache Android SDK	2026-06-06T12:22:54.9723995Z /usr/bin/tar: ../../../../../usr/local/lib/android/sdk/platforms/android-36.1/data/res/values-mcc440-mnc54: Cannot utime: Operation not permitted
build	Cache Android SDK	2026-06-06T12:22:54.9725099Z /usr/bin/tar: ../../../../../usr/local/lib/android/sdk/platforms/android-36.1/data/res/values-mcc440-mnc54: Cannot change mode to rwxr-xr-x: Operation not permitted
build	Cache Android SDK	2026-06-06T12:22:54.9727694Z /usr/bin/tar: ../../../../../usr/local/lib/android/sdk/platforms/android-36.1/data/res/values-mcc310-mnc660-en-rIN: Cannot utime: Operation not permitted
build	Cache Android SDK	2026-06-06T12:22:54.9728650Z /usr/bin/tar: ../../../../../usr/local/lib/android/sdk/platforms/android-36.1/data/res/values-mcc310-mnc660-en-rIN: Cannot change mode to rwxr-xr-x: Operation not permitted
build	Cache Android SDK	2026-06-06T12:22:54.9731159Z /usr/bin/tar: ../../../../../usr/local/lib/android/sdk/platforms/android-36.1/data/res/values-iw-rIL: Cannot utime: Operation not permitted
build	Cache Android SDK	2026-06-06T12:22:54.9732036Z /usr/bin/tar: ../../../../../usr/local/lib/android/sdk/platforms/android-36.1/data/res/values-iw-rIL: Cannot change mode to rwxr-xr-x: Operation not permitted
build	Cache Android SDK	2026-06-06T12:22:54.9735127Z /usr/bin/tar: ../../../../../usr/local/lib/android/sdk/platforms/android-36.1/data/res/values-mcc310-mnc220-az: Cannot utime: Operation not permitted
build	Cache Android SDK	2026-06-06T12:22:54.9736040Z /usr/bin/tar: ../../../../../usr/local/lib/android/sdk/platforms/android-36.1/data/res/values-mcc310-mnc220-az: Cannot change mode to rwxr-xr-x: Operation not permitted
build	Cache Android SDK	2026-06-06T12:22:54.9741601Z /usr/bin/tar: ../../../../../usr/local/lib/android/sdk/platforms/android-36.1/data/res/values-mcc310-mnc200-mk: Cannot utime: Operation not permitted
build	Cache Android SDK	2026-06-06T12:22:54.9742525Z /usr/bin/tar: ../../../../../usr/local/lib/android/sdk/platforms/android-36.1/data/res/values-mcc310-mnc200-mk: Cannot change mode to rwxr-xr-x: Operation not permitted
build	Cache Android SDK	2026-06-06T12:22:54.9745264Z /usr/bin/tar: ../../../../../usr/local/lib/android/sdk/platforms/android-36.1/data/res/values-mcc334-mnc020-iw: Cannot utime: Operation not permitted
build	Cache Android SDK	2026-06-06T12:22:54.9746344Z /usr/bin/tar: ../../../../../usr/local/lib/android/sdk/platforms/android-36.1/data/res/values-mcc334-mnc020-iw: Cannot change mode to rwxr-xr-x: Operation not permitted
build	Cache Android SDK	2026-06-06T12:22:54.9749420Z /usr/bin/tar: ../../../../../usr/local/lib/android/sdk/platforms/android-36.1/data/res/values-mcc310-mnc380-pt-rPT: Cannot utime: Operation not permitted
build	Cache Android SDK	2026-06-06T12:22:54.9750381Z /usr/bin/tar: ../../../../../usr/local/lib/android/sdk/platforms/android-36.1/data/res/values-mcc310-mnc380-pt-rPT: Cannot change mode to rwxr-xr-x: Operation not permitted
build	Cache Android SDK	2026-06-06T12:22:54.9753071Z /usr/bin/tar: ../../../../../usr/local/lib/android/sdk/platforms/android-36.1/data/res/values-mcc310-mnc210-sk: Cannot utime: Operation not permitted
build	Cache Android SDK	2026-06-06T12:22:54.9754111Z /usr/bin/tar: ../../../../../usr/local/lib/android/sdk/platforms/android-36.1/data/res/values-mcc310-mnc210-sk: Cannot change mode to rwxr-xr-x: Operation not permitted
build	Cache Android SDK	2026-06-06T12:22:54.9756847Z /usr/bin/tar: ../../../../../usr/local/lib/android/sdk/platforms/android-36.1/data/res/values-mcc310-mnc160-uz: Cannot utime: Operation not permitted
build	Cache Android SDK	2026-06-06T12:22:54.9757935Z /usr/bin/tar: ../../../../../usr/local/lib/android/sdk/platforms/android-36.1/data/res/values-mcc310-mnc160-uz: Cannot change mode to rwxr-xr-x: Operation not permitted
build	Cache Android SDK	2026-06-06T12:22:54.9760908Z /usr/bin/tar: ../../../../../usr/local/lib/android/sdk/platforms/android-36.1/data/res/values-mcc310-mnc250-bg: Cannot utime: Operation not permitted
build	Cache Android SDK	2026-06-06T12:22:54.9761825Z /usr/bin/tar: ../../../../../usr/local/lib/android/sdk/platforms/android-36.1/data/res/values-mcc310-mnc250-bg: Cannot change mode to rwxr-xr-x: Operation not permitted
build	Cache Android SDK	2026-06-06T12:22:54.9764615Z /usr/bin/tar: ../../../../../usr/local/lib/android/sdk/platforms/android-36.1/data/res/values-mcc310-mnc410-km: Cannot utime: Operation not permitted
build	Cache Android SDK	2026-06-06T12:22:54.9765620Z /usr/bin/tar: ../../../../../usr/local/lib/android/sdk/platforms/android-36.1/data/res/values-mcc310-mnc410-km: Cannot change mode to rwxr-xr-x: Operation not permitted
build	Cache Android SDK	2026-06-06T12:22:54.9772147Z /usr/bin/tar: ../../../../../usr/local/lib/android/sdk/platforms/android-36.1/data/res/values-lv: Cannot utime: Operation not permitted
build	Cache Android SDK	2026-06-06T12:22:54.9773120Z /usr/bin/tar: ../../../../../usr/local/lib/android/sdk/platforms/android-36.1/data/res/values-lv: Cannot change mode to rwxr-xr-x: Operation not permitted
build	Cache Android SDK	2026-06-06T12:22:54.9776403Z /usr/bin/tar: ../../../../../usr/local/lib/android/sdk/platforms/android-36.1/data/res/values-mcc334-mnc020-vi: Cannot utime: Operation not permitted
build	Cache Android SDK	2026-06-06T12:22:54.9777502Z /usr/bin/tar: ../../../../../usr/local/lib/android/sdk/platforms/android-36.1/data/res/values-mcc334-mnc020-vi: Cannot change mode to rwxr-xr-x: Operation not permitted
build	Cache Android SDK	2026-06-06T12:22:54.9780034Z /usr/bin/tar: ../../../../../usr/local/lib/android/sdk/platforms/android-36.1/data/res/values-mcc310-mnc210-en-rAU: Cannot utime: Operation not permitted
build	Cache Android SDK	2026-06-06T12:22:54.9781151Z /usr/bin/tar: ../../../../../usr/local/lib/android/sdk/platforms/android-36.1/data/res/values-mcc310-mnc210-en-rAU: Cannot change mode to rwxr-xr-x: Operation not permitted
build	Cache Android SDK	2026-06-06T12:22:54.9785063Z /usr/bin/tar: ../../../../../usr/local/lib/android/sdk/platforms/android-36.1/data/res/values-mcc310-mnc560-ka: Cannot utime: Operation not permitted
build	Cache Android SDK	2026-06-06T12:22:54.9785985Z /usr/bin/tar: ../../../../../usr/local/lib/android/sdk/platforms/android-36.1/data/res/values-mcc310-mnc560-ka: Cannot change mode to rwxr-xr-x: Operation not permitted
build	Cache Android SDK	2026-06-06T12:22:54.9793925Z /usr/bin/tar: ../../../../../usr/local/lib/android/sdk/platforms/android-36.1/data/res/values-mr: Cannot utime: Operation not permitted
build	Cache Android SDK	2026-06-06T12:22:54.9795189Z /usr/bin/tar: ../../../../../usr/local/lib/android/sdk/platforms/android-36.1/data/res/values-mr: Cannot change mode to rwxr-xr-x: Operation not permitted
build	Cache Android SDK	2026-06-06T12:22:54.9797854Z /usr/bin/tar: ../../../../../usr/local/lib/android/sdk/platforms/android-36.1/data/res/values-mcc310-mnc030-en-rAU: Cannot utime: Operation not permitted
build	Cache Android SDK	2026-06-06T12:22:54.9799032Z /usr/bin/tar: ../../../../../usr/local/lib/android/sdk/platforms/android-36.1/data/res/values-mcc310-mnc030-en-rAU: Cannot change mode to rwxr-xr-x: Operation not permitted
build	Cache Android SDK	2026-06-06T12:22:54.9800990Z /usr/bin/tar: ../../../../../usr/local/lib/android/sdk/platforms/android-36.1/data/res/values-sk-television: Cannot utime: Operation not permitted
build	Cache Android SDK	2026-06-06T12:22:54.9801975Z /usr/bin/tar: ../../../../../usr/local/lib/android/sdk/platforms/android-36.1/data/res/values-sk-television: Cannot change mode to rwxr-xr-x: Operation not permitted
build	Cache Android SDK	2026-06-06T12:22:54.9803940Z /usr/bin/tar: ../../../../../usr/local/lib/android/sdk/platforms/android-36.1/data/res/values-mcc310-mnc310-fr-rCA: Cannot utime: Operation not permitted
build	Cache Android SDK	2026-06-06T12:22:54.9805144Z /usr/bin/tar: ../../../../../usr/local/lib/android/sdk/platforms/android-36.1/data/res/values-mcc310-mnc310-fr-rCA: Cannot change mode to rwxr-xr-x: Operation not permitted
build	Cache Android SDK	2026-06-06T12:22:54.9807267Z /usr/bin/tar: ../../../../../usr/local/lib/android/sdk/platforms/android-36.1/data/res/values-mcc310-mnc230-fr: Cannot utime: Operation not permitted
build	Cache Android SDK	2026-06-06T12:22:54.9808553Z /usr/bin/tar: ../../../../../usr/local/lib/android/sdk/platforms/android-36.1/data/res/values-mcc310-mnc230-fr: Cannot change mode to rwxr-xr-x: Operation not permitted
build	Cache Android SDK	2026-06-06T12:22:54.9811327Z /usr/bin/tar: ../../../../../usr/local/lib/android/sdk/platforms/android-36.1/data/res/values-mcc313-mnc100-kk: Cannot utime: Operation not permitted
build	Cache Android SDK	2026-06-06T12:22:54.9812278Z /usr/bin/tar: ../../../../../usr/local/lib/android/sdk/platforms/android-36.1/data/res/values-mcc313-mnc100-kk: Cannot change mode to rwxr-xr-x: Operation not permitted
build	Cache Android SDK	2026-06-06T12:22:54.9814948Z /usr/bin/tar: ../../../../../usr/local/lib/android/sdk/platforms/android-36.1/data/res/values-mcc313-mnc100-zh-rCN: Cannot utime: Operation not permitted
build	Cache Android SDK	2026-06-06T12:22:54.9816168Z /usr/bin/tar: ../../../../../usr/local/lib/android/sdk/platforms/android-36.1/data/res/values-mcc313-mnc100-zh-rCN: Cannot change mode to rwxr-xr-x: Operation not permitted
build	Cache Android SDK	2026-06-06T12:22:54.9818217Z /usr/bin/tar: ../../../../../usr/local/lib/android/sdk/platforms/android-36.1/data/res/values-mcc310-mnc170-zh-rHK: Cannot utime: Operation not permitted
build	Cache Android SDK	2026-06-06T12:22:54.9819174Z /usr/bin/tar: ../../../../../usr/local/lib/android/sdk/platforms/android-36.1/data/res/values-mcc310-mnc170-zh-rHK: Cannot change mode to rwxr-xr-x: Operation not permitted
build	Cache Android SDK	2026-06-06T12:22:54.9821230Z /usr/bin/tar: ../../../../../usr/local/lib/android/sdk/platforms/android-36.1/data/res/values-mcc310-mnc270-ta: Cannot utime: Operation not permitted
build	Cache Android SDK	2026-06-06T12:22:54.9822150Z /usr/bin/tar: ../../../../../usr/local/lib/android/sdk/platforms/android-36.1/data/res/values-mcc310-mnc270-ta: Cannot change mode to rwxr-xr-x: Operation not permitted
build	Cache Android SDK	2026-06-06T12:22:54.9824407Z /usr/bin/tar: ../../../../../usr/local/lib/android/sdk/platforms/android-36.1/data/res/values-hy-television: Cannot utime: Operation not permitted
build	Cache Android SDK	2026-06-06T12:22:54.9825327Z /usr/bin/tar: ../../../../../usr/local/lib/android/sdk/platforms/android-36.1/data/res/values-hy-television: Cannot change mode to rwxr-xr-x: Operation not permitted
build	Cache Android SDK	2026-06-06T12:22:54.9827890Z /usr/bin/tar: ../../../../../usr/local/lib/android/sdk/platforms/android-36.1/data/res/values-mcc310-mnc150-pt: Cannot utime: Operation not permitted
build	Cache Android SDK	2026-06-06T12:22:54.9828832Z /usr/bin/tar: ../../../../../usr/local/lib/android/sdk/platforms/android-36.1/data/res/values-mcc310-mnc150-pt: Cannot change mode to rwxr-xr-x: Operation not permitted
build	Cache Android SDK	2026-06-06T12:22:54.9830992Z /usr/bin/tar: ../../../../../usr/local/lib/android/sdk/platforms/android-36.1/data/res/values-mcc310-mnc270-hr: Cannot utime: Operation not permitted
build	Cache Android SDK	2026-06-06T12:22:54.9831936Z /usr/bin/tar: ../../../../../usr/local/lib/android/sdk/platforms/android-36.1/data/res/values-mcc310-mnc270-hr: Cannot change mode to rwxr-xr-x: Operation not permitted
build	Cache Android SDK	2026-06-06T12:22:54.9834002Z /usr/bin/tar: ../../../../../usr/local/lib/android/sdk/platforms/android-36.1/data/res/values-mcc302-mnc720-fa: Cannot utime: Operation not permitted
build	Cache Android SDK	2026-06-06T12:22:54.9835068Z /usr/bin/tar: ../../../../../usr/local/lib/android/sdk/platforms/android-36.1/data/res/values-mcc302-mnc720-fa: Cannot change mode to rwxr-xr-x: Operation not permitted
build	Cache Android SDK	2026-06-06T12:22:54.9837525Z /usr/bin/tar: ../../../../../usr/local/lib/android/sdk/platforms/android-36.1/data/res/values-mcc310-mnc310-ml: Cannot utime: Operation not permitted
build	Cache Android SDK	2026-06-06T12:22:54.9838492Z /usr/bin/tar: ../../../../../usr/local/lib/android/sdk/platforms/android-36.1/data/res/values-mcc310-mnc310-ml: Cannot change mode to rwxr-xr-x: Operation not permitted
build	Cache Android SDK	2026-06-06T12:22:54.9840244Z /usr/bin/tar: ../../../../../usr/local/lib/android/sdk/platforms/android-36.1/data/res/values-mcc310-mnc380-hy: Cannot utime: Operation not permitted
build	Cache Android SDK	2026-06-06T12:22:54.9841174Z /usr/bin/tar: ../../../../../usr/local/lib/android/sdk/platforms/android-36.1/data/res/values-mcc310-mnc380-hy: Cannot change mode to rwxr-xr-x: Operation not permitted
build	Cache Android SDK	2026-06-06T12:22:54.9843288Z /usr/bin/tar: ../../../../../usr/local/lib/android/sdk/platforms/android-36.1/data/res/values-mcc001-mnc01-kk: Cannot utime: Operation not permitted
build	Cache Android SDK	2026-06-06T12:22:54.9844215Z /usr/bin/tar: ../../../../../usr/local/lib/android/sdk/platforms/android-36.1/data/res/values-mcc001-mnc01-kk: Cannot change mode to rwxr-xr-x: Operation not permitted
build	Cache Android SDK	2026-06-06T12:22:54.9851122Z /usr/bin/tar: ../../../../../usr/local/lib/android/sdk/platforms/android-36.1/data/res/values-ja: Cannot utime: Operation not permitted
build	Cache Android SDK	2026-06-06T12:22:54.9852141Z /usr/bin/tar: ../../../../../usr/local/lib/android/sdk/platforms/android-36.1/data/res/values-ja: Cannot change mode to rwxr-xr-x: Operation not permitted
build	Cache Android SDK	2026-06-06T12:22:54.9853840Z /usr/bin/tar: ../../../../../usr/local/lib/android/sdk/platforms/android-36.1/data/res/values-mcc310-mnc270-es: Cannot utime: Operation not permitted
build	Cache Android SDK	2026-06-06T12:22:54.9854875Z /usr/bin/tar: ../../../../../usr/local/lib/android/sdk/platforms/android-36.1/data/res/values-mcc310-mnc270-es: Cannot change mode to rwxr-xr-x: Operation not permitted
build	Cache Android SDK	2026-06-06T12:22:54.9857452Z /usr/bin/tar: ../../../../../usr/local/lib/android/sdk/platforms/android-36.1/data/res/values-mcc310-mnc230-az: Cannot utime: Operation not permitted
build	Cache Android SDK	2026-06-06T12:22:54.9858428Z /usr/bin/tar: ../../../../../usr/local/lib/android/sdk/platforms/android-36.1/data/res/values-mcc310-mnc230-az: Cannot change mode to rwxr-xr-x: Operation not permitted
build	Cache Android SDK	2026-06-06T12:22:54.9861194Z /usr/bin/tar: ../../../../../usr/local/lib/android/sdk/platforms/android-36.1/data/res/values-mcc313-mnc100-hi: Cannot utime: Operation not permitted
build	Cache Android SDK	2026-06-06T12:22:54.9862131Z /usr/bin/tar: ../../../../../usr/local/lib/android/sdk/platforms/android-36.1/data/res/values-mcc313-mnc100-hi: Cannot change mode to rwxr-xr-x: Operation not permitted
build	Cache Android SDK	2026-06-06T12:22:54.9864439Z /usr/bin/tar: ../../../../../usr/local/lib/android/sdk/platforms/android-36.1/data/res/values-mcc310-mnc240-zh-rTW: Cannot utime: Operation not permitted
build	Cache Android SDK	2026-06-06T12:22:54.9865405Z /usr/bin/tar: ../../../../../usr/local/lib/android/sdk/platforms/android-36.1/data/res/values-mcc310-mnc240-zh-rTW: Cannot change mode to rwxr-xr-x: Operation not permitted
build	Cache Android SDK	2026-06-06T12:22:54.9867611Z /usr/bin/tar: ../../../../../usr/local/lib/android/sdk/platforms/android-36.1/data/res/values-mcc310-mnc210-es: Cannot utime: Operation not permitted
build	Cache Android SDK	2026-06-06T12:22:54.9868556Z /usr/bin/tar: ../../../../../usr/local/lib/android/sdk/platforms/android-36.1/data/res/values-mcc310-mnc210-es: Cannot change mode to rwxr-xr-x: Operation not permitted
build	Cache Android SDK	2026-06-06T12:22:54.9870817Z /usr/bin/tar: ../../../../../usr/local/lib/android/sdk/platforms/android-36.1/data/res/values-mcc310-mnc150-ca: Cannot utime: Operation not permitted
build	Cache Android SDK	2026-06-06T12:22:54.9871755Z /usr/bin/tar: ../../../../../usr/local/lib/android/sdk/platforms/android-36.1/data/res/values-mcc310-mnc150-ca: Cannot change mode to rwxr-xr-x: Operation not permitted
build	Cache Android SDK	2026-06-06T12:22:54.9874483Z /usr/bin/tar: ../../../../../usr/local/lib/android/sdk/platforms/android-36.1/data/res/values-mcc310-mnc210-te: Cannot utime: Operation not permitted
build	Cache Android SDK	2026-06-06T12:22:54.9875538Z /usr/bin/tar: ../../../../../usr/local/lib/android/sdk/platforms/android-36.1/data/res/values-mcc310-mnc210-te: Cannot change mode to rwxr-xr-x: Operation not permitted
build	Cache Android SDK	2026-06-06T12:22:54.9878275Z /usr/bin/tar: ../../../../../usr/local/lib/android/sdk/platforms/android-36.1/data/res/values-mcc310-mnc210-hy: Cannot utime: Operation not permitted
build	Cache Android SDK	2026-06-06T12:22:54.9879232Z /usr/bin/tar: ../../../../../usr/local/lib/android/sdk/platforms/android-36.1/data/res/values-mcc310-mnc210-hy: Cannot change mode to rwxr-xr-x: Operation not permitted
build	Cache Android SDK	2026-06-06T12:22:54.9881080Z /usr/bin/tar: ../../../../../usr/local/lib/android/sdk/platforms/android-36.1/data/res/values-mcc334-mnc020-is: Cannot utime: Operation not permitted
build	Cache Android SDK	2026-06-06T12:22:54.9882093Z /usr/bin/tar: ../../../../../usr/local/lib/android/sdk/platforms/android-36.1/data/res/values-mcc334-mnc020-is: Cannot change mode to rwxr-xr-x: Operation not permitted
build	Cache Android SDK	2026-06-06T12:22:54.9884750Z /usr/bin/tar: ../../../../../usr/local/lib/android/sdk/platforms/android-36.1/data/res/values-mcc310-mnc220-b+sr+Latn: Cannot utime: Operation not permitted
build	Cache Android SDK	2026-06-06T12:22:54.9885739Z /usr/bin/tar: ../../../../../usr/local/lib/android/sdk/platforms/android-36.1/data/res/values-mcc310-mnc220-b+sr+Latn: Cannot change mode to rwxr-xr-x: Operation not permitted
build	Cache Android SDK	2026-06-06T12:22:54.9887795Z /usr/bin/tar: ../../../../../usr/local/lib/android/sdk/platforms/android-36.1/data/res/values-mcc310-mnc200-cs: Cannot utime: Operation not permitted
build	Cache Android SDK	2026-06-06T12:22:54.9888760Z /usr/bin/tar: ../../../../../usr/local/lib/android/sdk/platforms/android-36.1/data/res/values-mcc310-mnc200-cs: Cannot change mode to rwxr-xr-x: Operation not permitted
build	Cache Android SDK	2026-06-06T12:22:54.9891139Z /usr/bin/tar: ../../../../../usr/local/lib/android/sdk/platforms/android-36.1/data/res/values-it-rIT: Cannot utime: Operation not permitted
build	Cache Android SDK	2026-06-06T12:22:54.9892017Z /usr/bin/tar: ../../../../../usr/local/lib/android/sdk/platforms/android-36.1/data/res/values-it-rIT: Cannot change mode to rwxr-xr-x: Operation not permitted
build	Cache Android SDK	2026-06-06T12:22:54.9894214Z /usr/bin/tar: ../../../../../usr/local/lib/android/sdk/platforms/android-36.1/data/res/values-mcc310-mnc950-sv: Cannot utime: Operation not permitted
build	Cache Android SDK	2026-06-06T12:22:54.9895143Z /usr/bin/tar: ../../../../../usr/local/lib/android/sdk/platforms/android-36.1/data/res/values-mcc310-mnc950-sv: Cannot change mode to rwxr-xr-x: Operation not permitted
build	Cache Android SDK	2026-06-06T12:22:54.9897313Z /usr/bin/tar: ../../../../../usr/local/lib/android/sdk/platforms/android-36.1/data/res/values-mcc310-mnc030-pl: Cannot utime: Operation not permitted
build	Cache Android SDK	2026-06-06T12:22:54.9898509Z /usr/bin/tar: ../../../../../usr/local/lib/android/sdk/platforms/android-36.1/data/res/values-mcc310-mnc030-pl: Cannot change mode to rwxr-xr-x: Operation not permitted
build	Cache Android SDK	2026-06-06T12:22:54.9900366Z /usr/bin/tar: ../../../../../usr/local/lib/android/sdk/platforms/android-36.1/data/res/values-mcc404: Cannot utime: Operation not permitted
build	Cache Android SDK	2026-06-06T12:22:54.9901251Z /usr/bin/tar: ../../../../../usr/local/lib/android/sdk/platforms/android-36.1/data/res/values-mcc404: Cannot change mode to rwxr-xr-x: Operation not permitted
build	Cache Android SDK	2026-06-06T12:22:54.9903950Z /usr/bin/tar: ../../../../../usr/local/lib/android/sdk/platforms/android-36.1/data/res/values-mcc310-mnc490-zh-rHK: Cannot utime: Operation not permitted
build	Cache Android SDK	2026-06-06T12:22:54.9904915Z /usr/bin/tar: ../../../../../usr/local/lib/android/sdk/platforms/android-36.1/data/res/values-mcc310-mnc490-zh-rHK: Cannot change mode to rwxr-xr-x: Operation not permitted
build	Cache Android SDK	2026-06-06T12:22:54.9906791Z /usr/bin/tar: ../../../../../usr/local/lib/android/sdk/platforms/android-36.1/data/res/values-mcc334-mnc020-eu: Cannot utime: Operation not permitted
build	Cache Android SDK	2026-06-06T12:22:54.9907952Z /usr/bin/tar: ../../../../../usr/local/lib/android/sdk/platforms/android-36.1/data/res/values-mcc334-mnc020-eu: Cannot change mode to rwxr-xr-x: Operation not permitted
build	Cache Android SDK	2026-06-06T12:22:54.9910020Z /usr/bin/tar: ../../../../../usr/local/lib/android/sdk/platforms/android-36.1/data/res/values-mcc302-mnc370-gl: Cannot utime: Operation not permitted
build	Cache Android SDK	2026-06-06T12:22:54.9911025Z /usr/bin/tar: ../../../../../usr/local/lib/android/sdk/platforms/android-36.1/data/res/values-mcc302-mnc370-gl: Cannot change mode to rwxr-xr-x: Operation not permitted
build	Cache Android SDK	2026-06-06T12:22:54.9913426Z /usr/bin/tar: ../../../../../usr/local/lib/android/sdk/platforms/android-36.1/data/res/values-mcc310-mnc210-hr: Cannot utime: Operation not permitted
build	Cache Android SDK	2026-06-06T12:22:54.9914356Z /usr/bin/tar: ../../../../../usr/local/lib/android/sdk/platforms/android-36.1/data/res/values-mcc310-mnc210-hr: Cannot change mode to rwxr-xr-x: Operation not permitted
build	Cache Android SDK	2026-06-06T12:22:54.9917273Z /usr/bin/tar: ../../../../../usr/local/lib/android/sdk/platforms/android-36.1/data/res/values-mcc001-mnc01-mr: Cannot utime: Operation not permitted
build	Cache Android SDK	2026-06-06T12:22:54.9918631Z /usr/bin/tar: ../../../../../usr/local/lib/android/sdk/platforms/android-36.1/data/res/values-mcc001-mnc01-mr: Cannot change mode to rwxr-xr-x: Operation not permitted
build	Cache Android SDK	2026-06-06T12:22:54.9920183Z /usr/bin/tar: ../../../../../usr/local/lib/android/sdk/platforms/android-36.1/data/res/values-mcc310-mnc150-tl: Cannot utime: Operation not permitted
build	Cache Android SDK	2026-06-06T12:22:54.9921097Z /usr/bin/tar: ../../../../../usr/local/lib/android/sdk/platforms/android-36.1/data/res/values-mcc310-mnc150-tl: Cannot change mode to rwxr-xr-x: Operation not permitted
build	Cache Android SDK	2026-06-06T12:22:54.9928203Z /usr/bin/tar: ../../../../../usr/local/lib/android/sdk/platforms/android-36.1/data/res/values-km: Cannot utime: Operation not permitted
build	Cache Android SDK	2026-06-06T12:22:54.9929061Z /usr/bin/tar: ../../../../../usr/local/lib/android/sdk/platforms/android-36.1/data/res/values-km: Cannot change mode to rwxr-xr-x: Operation not permitted
build	Cache Android SDK	2026-06-06T12:22:54.9931833Z /usr/bin/tar: ../../../../../usr/local/lib/android/sdk/platforms/android-36.1/data/res/values-mcc302-mnc370-be: Cannot utime: Operation not permitted
build	Cache Android SDK	2026-06-06T12:22:54.9932909Z /usr/bin/tar: ../../../../../usr/local/lib/android/sdk/platforms/android-36.1/data/res/values-mcc302-mnc370-be: Cannot change mode to rwxr-xr-x: Operation not permitted
build	Cache Android SDK	2026-06-06T12:22:54.9935505Z /usr/bin/tar: ../../../../../usr/local/lib/android/sdk/platforms/android-36.1/data/res/values-mcc310-mnc380-uk: Cannot utime: Operation not permitted
build	Cache Android SDK	2026-06-06T12:22:54.9936483Z /usr/bin/tar: ../../../../../usr/local/lib/android/sdk/platforms/android-36.1/data/res/values-mcc310-mnc380-uk: Cannot change mode to rwxr-xr-x: Operation not permitted
build	Cache Android SDK	2026-06-06T12:22:54.9938039Z /usr/bin/tar: ../../../../../usr/local/lib/android/sdk/platforms/android-36.1/data/res/values-mcc302-mnc370-uk: Cannot utime: Operation not permitted
build	Cache Android SDK	2026-06-06T12:22:54.9938975Z /usr/bin/tar: ../../../../../usr/local/lib/android/sdk/platforms/android-36.1/data/res/values-mcc302-mnc370-uk: Cannot change mode to rwxr-xr-x: Operation not permitted
build	Cache Android SDK	2026-06-06T12:22:54.9941533Z /usr/bin/tar: ../../../../../usr/local/lib/android/sdk/platforms/android-36.1/data/res/values-mcc001-mnc01-lt: Cannot utime: Operation not permitted
build	Cache Android SDK	2026-06-06T12:22:54.9942472Z /usr/bin/tar: ../../../../../usr/local/lib/android/sdk/platforms/android-36.1/data/res/values-mcc001-mnc01-lt: Cannot change mode to rwxr-xr-x: Operation not permitted
build	Cache Android SDK	2026-06-06T12:22:54.9944912Z /usr/bin/tar: ../../../../../usr/local/lib/android/sdk/platforms/android-36.1/data/res/values-mcc310-mnc560-en-rCA: Cannot utime: Operation not permitted
build	Cache Android SDK	2026-06-06T12:22:54.9945918Z /usr/bin/tar: ../../../../../usr/local/lib/android/sdk/platforms/android-36.1/data/res/values-mcc310-mnc560-en-rCA: Cannot change mode to rwxr-xr-x: Operation not permitted
build	Cache Android SDK	2026-06-06T12:22:54.9949876Z /usr/bin/tar: ../../../../../usr/local/lib/android/sdk/platforms/android-36.1/data/res/values-mcc310-mnc310-uk: Cannot utime: Operation not permitted
build	Cache Android SDK	2026-06-06T12:22:54.9950821Z /usr/bin/tar: ../../../../../usr/local/lib/android/sdk/platforms/android-36.1/data/res/values-mcc310-mnc310-uk: Cannot change mode to rwxr-xr-x: Operation not permitted
build	Cache Android SDK	2026-06-06T12:22:54.9952500Z /usr/bin/tar: ../../../../../usr/local/lib/android/sdk/platforms/android-36.1/data/res/values-mcc302-mnc720-uk: Cannot utime: Operation not permitted
build	Cache Android SDK	2026-06-06T12:22:54.9953644Z /usr/bin/tar: ../../../../../usr/local/lib/android/sdk/platforms/android-36.1/data/res/values-mcc302-mnc720-uk: Cannot change mode to rwxr-xr-x: Operation not permitted
build	Cache Android SDK	2026-06-06T12:22:54.9956075Z /usr/bin/tar: ../../../../../usr/local/lib/android/sdk/platforms/android-36.1/data/res/values-mcc310-mnc240-ka: Cannot utime: Operation not permitted
build	Cache Android SDK	2026-06-06T12:22:54.9957041Z /usr/bin/tar: ../../../../../usr/local/lib/android/sdk/platforms/android-36.1/data/res/values-mcc310-mnc240-ka: Cannot change mode to rwxr-xr-x: Operation not permitted
build	Cache Android SDK	2026-06-06T12:22:54.9965631Z /usr/bin/tar: ../../../../../usr/local/lib/android/sdk/platforms/android-36.1/data/res/values-watch: Cannot utime: Operation not permitted
build	Cache Android SDK	2026-06-06T12:22:54.9967203Z /usr/bin/tar: ../../../../../usr/local/lib/android/sdk/platforms/android-36.1/data/res/values-watch: Cannot change mode to rwxr-xr-x: Operation not permitted
build	Cache Android SDK	2026-06-06T12:22:54.9968758Z /usr/bin/tar: ../../../../../usr/local/lib/android/sdk/platforms/android-36.1/data/res/values-mcc310-mnc800-bs: Cannot utime: Operation not permitted
build	Cache Android SDK	2026-06-06T12:22:54.9969699Z /usr/bin/tar: ../../../../../usr/local/lib/android/sdk/platforms/android-36.1/data/res/values-mcc310-mnc800-bs: Cannot change mode to rwxr-xr-x: Operation not permitted
build	Cache Android SDK	2026-06-06T12:22:54.9971592Z /usr/bin/tar: ../../../../../usr/local/lib/android/sdk/platforms/android-36.1/data/res/values-mcc310-mnc150-az: Cannot utime: Operation not permitted
build	Cache Android SDK	2026-06-06T12:22:54.9972538Z /usr/bin/tar: ../../../../../usr/local/lib/android/sdk/platforms/android-36.1/data/res/values-mcc310-mnc150-az: Cannot change mode to rwxr-xr-x: Operation not permitted
build	Cache Android SDK	2026-06-06T12:22:54.9980372Z /usr/bin/tar: ../../../../../usr/local/lib/android/sdk/platforms/android-36.1/data/res/values-kn: Cannot utime: Operation not permitted
build	Cache Android SDK	2026-06-06T12:22:54.9981447Z /usr/bin/tar: ../../../../../usr/local/lib/android/sdk/platforms/android-36.1/data/res/values-kn: Cannot change mode to rwxr-xr-x: Operation not permitted
build	Cache Android SDK	2026-06-06T12:22:54.9983791Z /usr/bin/tar: ../../../../../usr/local/lib/android/sdk/platforms/android-36.1/data/res/values-mcc310-mnc490-pt: Cannot utime: Operation not permitted
build	Cache Android SDK	2026-06-06T12:22:54.9984910Z /usr/bin/tar: ../../../../../usr/local/lib/android/sdk/platforms/android-36.1/data/res/values-mcc310-mnc490-pt: Cannot change mode to rwxr-xr-x: Operation not permitted
build	Cache Android SDK	2026-06-06T12:22:54.9986591Z /usr/bin/tar: ../../../../../usr/local/lib/android/sdk/platforms/android-36.1/data/res/values-mcc310-mnc280-or: Cannot utime: Operation not permitted
build	Cache Android SDK	2026-06-06T12:22:54.9987740Z /usr/bin/tar: ../../../../../usr/local/lib/android/sdk/platforms/android-36.1/data/res/values-mcc310-mnc280-or: Cannot change mode to rwxr-xr-x: Operation not permitted
build	Cache Android SDK	2026-06-06T12:22:54.9990361Z /usr/bin/tar: ../../../../../usr/local/lib/android/sdk/platforms/android-36.1/data/res/values-mcc311-mnc180-iw: Cannot utime: Operation not permitted
build	Cache Android SDK	2026-06-06T12:22:54.9991777Z /usr/bin/tar: ../../../../../usr/local/lib/android/sdk/platforms/android-36.1/data/res/values-mcc311-mnc180-iw: Cannot change mode to rwxr-xr-x: Operation not permitted
build	Cache Android SDK	2026-06-06T12:22:54.9993294Z /usr/bin/tar: ../../../../../usr/local/lib/android/sdk/platforms/android-36.1/data/res/values-ru-watch: Cannot utime: Operation not permitted
build	Cache Android SDK	2026-06-06T12:22:54.9994224Z /usr/bin/tar: ../../../../../usr/local/lib/android/sdk/platforms/android-36.1/data/res/values-ru-watch: Cannot change mode to rwxr-xr-x: Operation not permitted
build	Cache Android SDK	2026-06-06T12:22:54.9996250Z /usr/bin/tar: ../../../../../usr/local/lib/android/sdk/platforms/android-36.1/data/res/values-mcc310-mnc800-sl: Cannot utime: Operation not permitted
build	Cache Android SDK	2026-06-06T12:22:54.9997183Z /usr/bin/tar: ../../../../../usr/local/lib/android/sdk/platforms/android-36.1/data/res/values-mcc310-mnc800-sl: Cannot change mode to rwxr-xr-x: Operation not permitted
build	Cache Android SDK	2026-06-06T12:22:54.9999813Z /usr/bin/tar: ../../../../../usr/local/lib/android/sdk/platforms/android-36.1/data/res/layout-round-watch: Cannot utime: Operation not permitted
build	Cache Android SDK	2026-06-06T12:22:55.0001161Z /usr/bin/tar: ../../../../../usr/local/lib/android/sdk/platforms/android-36.1/data/res/layout-round-watch: Cannot change mode to rwxr-xr-x: Operation not permitted
build	Cache Android SDK	2026-06-06T12:22:55.0003924Z /usr/bin/tar: ../../../../../usr/local/lib/android/sdk/platforms/android-36.1/data/res/values-w640dp: Cannot utime: Operation not permitted
build	Cache Android SDK	2026-06-06T12:22:55.0004861Z /usr/bin/tar: ../../../../../usr/local/lib/android/sdk/platforms/android-36.1/data/res/values-w640dp: Cannot change mode to rwxr-xr-x: Operation not permitted
build	Cache Android SDK	2026-06-06T12:22:55.0007094Z /usr/bin/tar: ../../../../../usr/local/lib/android/sdk/platforms/android-36.1/data/res/values-af-rZA: Cannot utime: Operation not permitted
build	Cache Android SDK	2026-06-06T12:22:55.0008270Z /usr/bin/tar: ../../../../../usr/local/lib/android/sdk/platforms/android-36.1/data/res/values-af-rZA: Cannot change mode to rwxr-xr-x: Operation not permitted
build	Cache Android SDK	2026-06-06T12:22:55.0010534Z /usr/bin/tar: ../../../../../usr/local/lib/android/sdk/platforms/android-36.1/data/res/values-mcc310-mnc410-hr: Cannot utime: Operation not permitted
build	Cache Android SDK	2026-06-06T12:22:55.0011567Z /usr/bin/tar: ../../../../../usr/local/lib/android/sdk/platforms/android-36.1/data/res/values-mcc310-mnc410-hr: Cannot change mode to rwxr-xr-x: Operation not permitted
build	Cache Android SDK	2026-06-06T12:22:55.0014670Z /usr/bin/tar: ../../../../../usr/local/lib/android/sdk/platforms/android-36.1/data/res/values-mcc312-mnc670-ka: Cannot utime: Operation not permitted
build	Cache Android SDK	2026-06-06T12:22:55.0015781Z /usr/bin/tar: ../../../../../usr/local/lib/android/sdk/platforms/android-36.1/data/res/values-mcc312-mnc670-ka: Cannot change mode to rwxr-xr-x: Operation not permitted
build	Cache Android SDK	2026-06-06T12:22:55.0018307Z /usr/bin/tar: ../../../../../usr/local/lib/android/sdk/platforms/android-36.1/data/res/values-mcc310-mnc950-am: Cannot utime: Operation not permitted
build	Cache Android SDK	2026-06-06T12:22:55.0019379Z /usr/bin/tar: ../../../../../usr/local/lib/android/sdk/platforms/android-36.1/data/res/values-mcc310-mnc950-am: Cannot change mode to rwxr-xr-x: Operation not permitted
build	Cache Android SDK	2026-06-06T12:22:55.0021704Z /usr/bin/tar: ../../../../../usr/local/lib/android/sdk/platforms/android-36.1/data/res/values-mcc313-mnc100-kn: Cannot utime: Operation not permitted
build	Cache Android SDK	2026-06-06T12:22:55.0022739Z /usr/bin/tar: ../../../../../usr/local/lib/android/sdk/platforms/android-36.1/data/res/values-mcc313-mnc100-kn: Cannot change mode to rwxr-xr-x: Operation not permitted
build	Cache Android SDK	2026-06-06T12:22:55.0025063Z /usr/bin/tar: ../../../../../usr/local/lib/android/sdk/platforms/android-36.1/data/res/values-mcc311-mnc180-pa: Cannot utime: Operation not permitted
build	Cache Android SDK	2026-06-06T12:22:55.0026534Z /usr/bin/tar: ../../../../../usr/local/lib/android/sdk/platforms/android-36.1/data/res/values-mcc311-mnc180-pa: Cannot change mode to rwxr-xr-x: Operation not permitted
build	Cache Android SDK	2026-06-06T12:22:55.0028558Z /usr/bin/tar: ../../../../../usr/local/lib/android/sdk/platforms/android-36.1/data/res/values-mcc334-mnc020-ko: Cannot utime: Operation not permitted
build	Cache Android SDK	2026-06-06T12:22:55.0029658Z /usr/bin/tar: ../../../../../usr/local/lib/android/sdk/platforms/android-36.1/data/res/values-mcc334-mnc020-ko: Cannot change mode to rwxr-xr-x: Operation not permitted
build	Cache Android SDK	2026-06-06T12:22:55.0031597Z /usr/bin/tar: ../../../../../usr/local/lib/android/sdk/platforms/android-36.1/data/res/values-sk-rSK: Cannot utime: Operation not permitted
build	Cache Android SDK	2026-06-06T12:22:55.0032482Z /usr/bin/tar: ../../../../../usr/local/lib/android/sdk/platforms/android-36.1/data/res/values-sk-rSK: Cannot change mode to rwxr-xr-x: Operation not permitted
build	Cache Android SDK	2026-06-06T12:22:55.0034939Z /usr/bin/tar: ../../../../../usr/local/lib/android/sdk/platforms/android-36.1/data/res/values-mcc302-mnc370-sk: Cannot utime: Operation not permitted
build	Cache Android SDK	2026-06-06T12:22:55.0035882Z /usr/bin/tar: ../../../../../usr/local/lib/android/sdk/platforms/android-36.1/data/res/values-mcc302-mnc370-sk: Cannot change mode to rwxr-xr-x: Operation not permitted
build	Cache Android SDK	2026-06-06T12:22:55.0037985Z /usr/bin/tar: ../../../../../usr/local/lib/android/sdk/platforms/android-36.1/data/res/values-mcc001-mnc01-iw: Cannot utime: Operation not permitted
build	Cache Android SDK	2026-06-06T12:22:55.0039010Z /usr/bin/tar: ../../../../../usr/local/lib/android/sdk/platforms/android-36.1/data/res/values-mcc001-mnc01-iw: Cannot change mode to rwxr-xr-x: Operation not permitted
build	Cache Android SDK	2026-06-06T12:22:55.0042011Z /usr/bin/tar: ../../../../../usr/local/lib/android/sdk/platforms/android-36.1/data/res/values-mcc310-mnc310-te: Cannot utime: Operation not permitted
build	Cache Android SDK	2026-06-06T12:22:55.0042960Z /usr/bin/tar: ../../../../../usr/local/lib/android/sdk/platforms/android-36.1/data/res/values-mcc310-mnc310-te: Cannot change mode to rwxr-xr-x: Operation not permitted
build	Cache Android SDK	2026-06-06T12:22:55.0044794Z /usr/bin/tar: ../../../../../usr/local/lib/android/sdk/platforms/android-36.1/data/res/values-mcc310-mnc200-fi: Cannot utime: Operation not permitted
build	Cache Android SDK	2026-06-06T12:22:55.0045874Z /usr/bin/tar: ../../../../../usr/local/lib/android/sdk/platforms/android-36.1/data/res/values-mcc310-mnc200-fi: Cannot change mode to rwxr-xr-x: Operation not permitted
build	Cache Android SDK	2026-06-06T12:22:55.0047571Z /usr/bin/tar: ../../../../../usr/local/lib/android/sdk/platforms/android-36.1/data/res/values-mcc310-mnc270-fr: Cannot utime: Operation not permitted
build	Cache Android SDK	2026-06-06T12:22:55.0048591Z /usr/bin/tar: ../../../../../usr/local/lib/android/sdk/platforms/android-36.1/data/res/values-mcc310-mnc270-fr: Cannot change mode to rwxr-xr-x: Operation not permitted
build	Cache Android SDK	2026-06-06T12:22:55.0054481Z /usr/bin/tar: ../../../../../usr/local/lib/android/sdk/platforms/android-36.1/data/res/values-sv: Cannot utime: Operation not permitted
build	Cache Android SDK	2026-06-06T12:22:55.0055359Z /usr/bin/tar: ../../../../../usr/local/lib/android/sdk/platforms/android-36.1/data/res/values-sv: Cannot change mode to rwxr-xr-x: Operation not permitted
build	Cache Android SDK	2026-06-06T12:22:55.0057953Z /usr/bin/tar: ../../../../../usr/local/lib/android/sdk/platforms/android-36.1/data/res/values-mcc310-mnc160-pa: Cannot utime: Operation not permitted
build	Cache Android SDK	2026-06-06T12:22:55.0059028Z /usr/bin/tar: ../../../../../usr/local/lib/android/sdk/platforms/android-36.1/data/res/values-mcc310-mnc160-pa: Cannot change mode to rwxr-xr-x: Operation not permitted
build	Cache Android SDK	2026-06-06T12:22:55.0060651Z /usr/bin/tar: ../../../../../usr/local/lib/android/sdk/platforms/android-36.1/data/res/values-mcc310-mnc270-ca: Cannot utime: Operation not permitted
build	Cache Android SDK	2026-06-06T12:22:55.0061681Z /usr/bin/tar: ../../../../../usr/local/lib/android/sdk/platforms/android-36.1/data/res/values-mcc310-mnc270-ca: Cannot change mode to rwxr-xr-x: Operation not permitted
build	Cache Android SDK	2026-06-06T12:22:55.0063212Z /usr/bin/tar: ../../../../../usr/local/lib/android/sdk/platforms/android-36.1/data/res/values-en-rCA-television: Cannot utime: Operation not permitted
build	Cache Android SDK	2026-06-06T12:22:55.0064246Z /usr/bin/tar: ../../../../../usr/local/lib/android/sdk/platforms/android-36.1/data/res/values-en-rCA-television: Cannot change mode to rwxr-xr-x: Operation not permitted
build	Cache Android SDK	2026-06-06T12:22:55.0069799Z /usr/bin/tar: ../../../../../usr/local/lib/android/sdk/platforms/android-36.1/data/res/values-mcc310-mnc150-zh-rCN: Cannot utime: Operation not permitted
build	Cache Android SDK	2026-06-06T12:22:55.0071638Z /usr/bin/tar: ../../../../../usr/local/lib/android/sdk/platforms/android-36.1/data/res/values-mcc310-mnc150-zh-rCN: Cannot change mode to rwxr-xr-x: Operation not permitted
build	Cache Android SDK	2026-06-06T12:22:55.0072875Z /usr/bin/tar: ../../../../../usr/local/lib/android/sdk/platforms/android-36.1/data/res/values-mcc310-mnc660-uz: Cannot utime: Operation not permitted
build	Cache Android SDK	2026-06-06T12:22:55.0073845Z /usr/bin/tar: ../../../../../usr/local/lib/android/sdk/platforms/android-36.1/data/res/values-mcc310-mnc660-uz: Cannot change mode to rwxr-xr-x: Operation not permitted
build	Cache Android SDK	2026-06-06T12:22:55.0074762Z /usr/bin/tar: ../../../../../usr/local/lib/android/sdk/platforms/android-36.1/data/res/values-mcc310-mnc560-bs: Cannot utime: Operation not permitted
build	Cache Android SDK	2026-06-06T12:22:55.0075933Z /usr/bin/tar: ../../../../../usr/local/lib/android/sdk/platforms/android-36.1/data/res/values-mcc310-mnc560-bs: Cannot change mode to rwxr-xr-x: Operation not permitted
build	Cache Android SDK	2026-06-06T12:22:55.0076842Z /usr/bin/tar: ../../../../../usr/local/lib/android/sdk/platforms/android-36.1/data/res/values-mcc302-mnc720-hy: Cannot utime: Operation not permitted
build	Cache Android SDK	2026-06-06T12:22:55.0078020Z /usr/bin/tar: ../../../../../usr/local/lib/android/sdk/platforms/android-36.1/data/res/values-mcc302-mnc720-hy: Cannot change mode to rwxr-xr-x: Operation not permitted
build	Cache Android SDK	2026-06-06T12:22:55.0099802Z /usr/bin/tar: ../../../../../usr/local/lib/android/sdk/platforms/android-36.1/data/res/values-mcc310-mnc210-mk: Cannot utime: Operation not permitted
build	Cache Android SDK	2026-06-06T12:22:55.0101290Z /usr/bin/tar: ../../../../../usr/local/lib/android/sdk/platforms/android-36.1/data/res/values-mcc310-mnc210-mk: Cannot change mode to rwxr-xr-x: Operation not permitted
build	Cache Android SDK	2026-06-06T12:22:55.0104012Z /usr/bin/tar: ../../../../../usr/local/lib/android/sdk/platforms/android-36.1/data/res/values-w216dp: Cannot utime: Operation not permitted
build	Cache Android SDK	2026-06-06T12:22:55.0105587Z /usr/bin/tar: ../../../../../usr/local/lib/android/sdk/platforms/android-36.1/data/res/values-w216dp: Cannot change mode to rwxr-xr-x: Operation not permitted
build	Cache Android SDK	2026-06-06T12:22:55.0106695Z /usr/bin/tar: ../../../../../usr/local/lib/android/sdk/platforms/android-36.1/data/res/values-mcc334-mnc020-ro: Cannot utime: Operation not permitted
build	Cache Android SDK	2026-06-06T12:22:55.0108041Z /usr/bin/tar: ../../../../../usr/local/lib/android/sdk/platforms/android-36.1/data/res/values-mcc334-mnc020-ro: Cannot change mode to rwxr-xr-x: Operation not permitted
build	Cache Android SDK	2026-06-06T12:22:55.0109600Z /usr/bin/tar: ../../../../../usr/local/lib/android/sdk/platforms/android-36.1/data/res/values-mcc310-mnc280-lo: Cannot utime: Operation not permitted
build	Cache Android SDK	2026-06-06T12:22:55.0110519Z /usr/bin/tar: ../../../../../usr/local/lib/android/sdk/platforms/android-36.1/data/res/values-mcc310-mnc280-lo: Cannot change mode to rwxr-xr-x: Operation not permitted
build	Cache Android SDK	2026-06-06T12:22:55.0111731Z /usr/bin/tar: ../../../../../usr/local/lib/android/sdk/platforms/android-36.1/data/res/values-mcc311-mnc180-ka: Cannot utime: Operation not permitted
build	Cache Android SDK	2026-06-06T12:22:55.0113191Z /usr/bin/tar: ../../../../../usr/local/lib/android/sdk/platforms/android-36.1/data/res/values-mcc311-mnc180-ka: Cannot change mode to rwxr-xr-x: Operation not permitted
build	Cache Android SDK	2026-06-06T12:22:55.0114110Z /usr/bin/tar: ../../../../../usr/local/lib/android/sdk/platforms/android-36.1/data/res/values-mcc310-mnc280-nl: Cannot utime: Operation not permitted
build	Cache Android SDK	2026-06-06T12:22:55.0115217Z /usr/bin/tar: ../../../../../usr/local/lib/android/sdk/platforms/android-36.1/data/res/values-mcc310-mnc280-nl: Cannot change mode to rwxr-xr-x: Operation not permitted
build	Cache Android SDK	2026-06-06T12:22:55.0116780Z /usr/bin/tar: ../../../../../usr/local/lib/android/sdk/platforms/android-36.1/data/res/values-mcc310-mnc160: Cannot utime: Operation not permitted
build	Cache Android SDK	2026-06-06T12:22:55.0117862Z /usr/bin/tar: ../../../../../usr/local/lib/android/sdk/platforms/android-36.1/data/res/values-mcc310-mnc160: Cannot change mode to rwxr-xr-x: Operation not permitted
build	Cache Android SDK	2026-06-06T12:22:55.0119414Z /usr/bin/tar: ../../../../../usr/local/lib/android/sdk/platforms/android-36.1/data/res/values-mcc310-mnc170-as: Cannot utime: Operation not permitted
build	Cache Android SDK	2026-06-06T12:22:55.0120468Z /usr/bin/tar: ../../../../../usr/local/lib/android/sdk/platforms/android-36.1/data/res/values-mcc310-mnc170-as: Cannot change mode to rwxr-xr-x: Operation not permitted
build	Cache Android SDK	2026-06-06T12:22:55.0121382Z /usr/bin/tar: ../../../../../usr/local/lib/android/sdk/platforms/android-36.1/data/res/values-mcc310-mnc230-uk: Cannot utime: Operation not permitted
build	Cache Android SDK	2026-06-06T12:22:55.0122393Z /usr/bin/tar: ../../../../../usr/local/lib/android/sdk/platforms/android-36.1/data/res/values-mcc310-mnc230-uk: Cannot change mode to rwxr-xr-x: Operation not permitted
build	Cache Android SDK	2026-06-06T12:22:55.0125612Z /usr/bin/tar: ../../../../../usr/local/lib/android/sdk/platforms/android-36.1/data/res/values-mcc302-mnc370-ky: Cannot utime: Operation not permitted
build	Cache Android SDK	2026-06-06T12:22:55.0127477Z /usr/bin/tar: ../../../../../usr/local/lib/android/sdk/platforms/android-36.1/data/res/values-mcc302-mnc370-ky: Cannot change mode to rwxr-xr-x: Operation not permitted
build	Cache Android SDK	2026-06-06T12:22:55.0128483Z /usr/bin/tar: ../../../../../usr/local/lib/android/sdk/platforms/android-36.1/data/res/values-mcc310-mnc950-ky: Cannot utime: Operation not permitted
build	Cache Android SDK	2026-06-06T12:22:55.0130222Z /usr/bin/tar: ../../../../../usr/local/lib/android/sdk/platforms/android-36.1/data/res/values-mcc310-mnc950-ky: Cannot change mode to rwxr-xr-x: Operation not permitted
build	Cache Android SDK	2026-06-06T12:22:55.0131849Z /usr/bin/tar: ../../../../../usr/local/lib/android/sdk/platforms/android-36.1/data/res/values-vi-watch: Cannot utime: Operation not permitted
build	Cache Android SDK	2026-06-06T12:22:55.0132868Z /usr/bin/tar: ../../../../../usr/local/lib/android/sdk/platforms/android-36.1/data/res/values-vi-watch: Cannot change mode to rwxr-xr-x: Operation not permitted
build	Cache Android SDK	2026-06-06T12:22:55.0134548Z /usr/bin/tar: ../../../../../usr/local/lib/android/sdk/platforms/android-36.1/data/res/values-mcc310-mnc410-ka: Cannot utime: Operation not permitted
build	Cache Android SDK	2026-06-06T12:22:55.0136046Z /usr/bin/tar: ../../../../../usr/local/lib/android/sdk/platforms/android-36.1/data/res/values-mcc310-mnc410-ka: Cannot change mode to rwxr-xr-x: Operation not permitted
build	Cache Android SDK	2026-06-06T12:22:55.0137807Z /usr/bin/tar: ../../../../../usr/local/lib/android/sdk/platforms/android-36.1/data/res/values-mcc310-mnc220-in: Cannot utime: Operation not permitted
build	Cache Android SDK	2026-06-06T12:22:55.0139355Z /usr/bin/tar: ../../../../../usr/local/lib/android/sdk/platforms/android-36.1/data/res/values-mcc310-mnc220-in: Cannot change mode to rwxr-xr-x: Operation not permitted
build	Cache Android SDK	2026-06-06T12:22:55.0140852Z /usr/bin/tar: ../../../../../usr/local/lib/android/sdk/platforms/android-36.1/data/res/values-lo-watch: Cannot utime: Operation not permitted
build	Cache Android SDK	2026-06-06T12:22:55.0141776Z /usr/bin/tar: ../../../../../usr/local/lib/android/sdk/platforms/android-36.1/data/res/values-lo-watch: Cannot change mode to rwxr-xr-x: Operation not permitted
build	Cache Android SDK	2026-06-06T12:22:55.0142942Z /usr/bin/tar: ../../../../../usr/local/lib/android/sdk/platforms/android-36.1/data/res/values-mcc310-mnc240-sw: Cannot utime: Operation not permitted
build	Cache Android SDK	2026-06-06T12:22:55.0144250Z /usr/bin/tar: ../../../../../usr/local/lib/android/sdk/platforms/android-36.1/data/res/values-mcc310-mnc240-sw: Cannot change mode to rwxr-xr-x: Operation not permitted
build	Cache Android SDK	2026-06-06T12:22:55.0145486Z /usr/bin/tar: ../../../../../usr/local/lib/android/sdk/platforms/android-36.1/data/res/values-mcc310-mnc200-vi: Cannot utime: Operation not permitted
build	Cache Android SDK	2026-06-06T12:22:55.0146724Z /usr/bin/tar: ../../../../../usr/local/lib/android/sdk/platforms/android-36.1/data/res/values-mcc310-mnc200-vi: Cannot change mode to rwxr-xr-x: Operation not permitted
build	Cache Android SDK	2026-06-06T12:22:55.0147877Z /usr/bin/tar: ../../../../../usr/local/lib/android/sdk/platforms/android-36.1/data/res/values-mcc310-mnc030-is: Cannot utime: Operation not permitted
build	Cache Android SDK	2026-06-06T12:22:55.0149365Z /usr/bin/tar: ../../../../../usr/local/lib/android/sdk/platforms/android-36.1/data/res/values-mcc310-mnc030-is: Cannot change mode to rwxr-xr-x: Operation not permitted
build	Cache Android SDK	2026-06-06T12:22:55.0150290Z /usr/bin/tar: ../../../../../usr/local/lib/android/sdk/platforms/android-36.1/data/res/values-mcc302-mnc720-it: Cannot utime: Operation not permitted
build	Cache Android SDK	2026-06-06T12:22:55.0151558Z /usr/bin/tar: ../../../../../usr/local/lib/android/sdk/platforms/android-36.1/data/res/values-mcc302-mnc720-it: Cannot change mode to rwxr-xr-x: Operation not permitted
build	Cache Android SDK	2026-06-06T12:22:55.0152855Z /usr/bin/tar: ../../../../../usr/local/lib/android/sdk/platforms/android-36.1/data/res/values-mcc310-mnc160-zh-rHK: Cannot utime: Operation not permitted
build	Cache Android SDK	2026-06-06T12:22:55.0153944Z /usr/bin/tar: ../../../../../usr/local/lib/android/sdk/platforms/android-36.1/data/res/values-mcc310-mnc160-zh-rHK: Cannot change mode to rwxr-xr-x: Operation not permitted
build	Cache Android SDK	2026-06-06T12:22:55.0155405Z /usr/bin/tar: ../../../../../usr/local/lib/android/sdk/platforms/android-36.1/data/res/values-mcc310-mnc410-vi: Cannot utime: Operation not permitted
build	Cache Android SDK	2026-06-06T12:22:55.0156317Z /usr/bin/tar: ../../../../../usr/local/lib/android/sdk/platforms/android-36.1/data/res/values-mcc310-mnc410-vi: Cannot change mode to rwxr-xr-x: Operation not permitted
build	Cache Android SDK	2026-06-06T12:22:55.0157834Z /usr/bin/tar: ../../../../../usr/local/lib/android/sdk/platforms/android-36.1/data/res/values-mcc311-mnc180-fa: Cannot utime: Operation not permitted
build	Cache Android SDK	2026-06-06T12:22:55.0159195Z /usr/bin/tar: ../../../../../usr/local/lib/android/sdk/platforms/android-36.1/data/res/values-mcc311-mnc180-fa: Cannot change mode to rwxr-xr-x: Operation not permitted
build	Cache Android SDK	2026-06-06T12:22:55.0160349Z /usr/bin/tar: ../../../../../usr/local/lib/android/sdk/platforms/android-36.1/data/res/values-mcc310-mnc150-th: Cannot utime: Operation not permitted
build	Cache Android SDK	2026-06-06T12:22:55.0162023Z /usr/bin/tar: ../../../../../usr/local/lib/android/sdk/platforms/android-36.1/data/res/values-mcc310-mnc150-th: Cannot change mode to rwxr-xr-x: Operation not permitted
build	Cache Android SDK	2026-06-06T12:22:55.0163682Z /usr/bin/tar: ../../../../../usr/local/lib/android/sdk/platforms/android-36.1/data/res/values-mcc001-mnc01-az: Cannot utime: Operation not permitted
build	Cache Android SDK	2026-06-06T12:22:55.0165023Z /usr/bin/tar: ../../../../../usr/local/lib/android/sdk/platforms/android-36.1/data/res/values-mcc001-mnc01-az: Cannot change mode to rwxr-xr-x: Operation not permitted
build	Cache Android SDK	2026-06-06T12:22:55.0166068Z /usr/bin/tar: ../../../../../usr/local/lib/android/sdk/platforms/android-36.1/data/res/values-mcc310-mnc660-lt: Cannot utime: Operation not permitted
build	Cache Android SDK	2026-06-06T12:22:55.0167530Z /usr/bin/tar: ../../../../../usr/local/lib/android/sdk/platforms/android-36.1/data/res/values-mcc310-mnc660-lt: Cannot change mode to rwxr-xr-x: Operation not permitted
build	Cache Android SDK	2026-06-06T12:22:55.0168537Z /usr/bin/tar: ../../../../../usr/local/lib/android/sdk/platforms/android-36.1/data/res/values-mcc310-mnc490-zh-rTW: Cannot utime: Operation not permitted
build	Cache Android SDK	2026-06-06T12:22:55.0169561Z /usr/bin/tar: ../../../../../usr/local/lib/android/sdk/platforms/android-36.1/data/res/values-mcc310-mnc490-zh-rTW: Cannot change mode to rwxr-xr-x: Operation not permitted
build	Cache Android SDK	2026-06-06T12:22:55.0170912Z /usr/bin/tar: ../../../../../usr/local/lib/android/sdk/platforms/android-36.1/data/res/values-mcc311-mnc180-hy: Cannot utime: Operation not permitted
build	Cache Android SDK	2026-06-06T12:22:55.0171829Z /usr/bin/tar: ../../../../../usr/local/lib/android/sdk/platforms/android-36.1/data/res/values-mcc311-mnc180-hy: Cannot change mode to rwxr-xr-x: Operation not permitted
build	Cache Android SDK	2026-06-06T12:22:55.0172818Z /usr/bin/tar: ../../../../../usr/local/lib/android/sdk/platforms/android-36.1/data/res/values-mcc310-mnc490-ja: Cannot utime: Operation not permitted
build	Cache Android SDK	2026-06-06T12:22:55.0174149Z /usr/bin/tar: ../../../../../usr/local/lib/android/sdk/platforms/android-36.1/data/res/values-mcc310-mnc490-ja: Cannot change mode to rwxr-xr-x: Operation not permitted
build	Cache Android SDK	2026-06-06T12:22:55.0175134Z /usr/bin/tar: ../../../../../usr/local/lib/android/sdk/platforms/android-36.1/data/res/values-mcc310-mnc560-te: Cannot utime: Operation not permitted
build	Cache Android SDK	2026-06-06T12:22:55.0176049Z /usr/bin/tar: ../../../../../usr/local/lib/android/sdk/platforms/android-36.1/data/res/values-mcc310-mnc560-te: Cannot change mode to rwxr-xr-x: Operation not permitted
build	Cache Android SDK	2026-06-06T12:22:55.0177502Z /usr/bin/tar: ../../../../../usr/local/lib/android/sdk/platforms/android-36.1/data/res/values-mcc310-mnc310-iw: Cannot utime: Operation not permitted
build	Cache Android SDK	2026-06-06T12:22:55.0178480Z /usr/bin/tar: ../../../../../usr/local/lib/android/sdk/platforms/android-36.1/data/res/values-mcc310-mnc310-iw: Cannot change mode to rwxr-xr-x: Operation not permitted
build	Cache Android SDK	2026-06-06T12:22:55.0180273Z /usr/bin/tar: ../../../../../usr/local/lib/android/sdk/platforms/android-36.1/data/res/values-sw-television: Cannot utime: Operation not permitted
build	Cache Android SDK	2026-06-06T12:22:55.0181187Z /usr/bin/tar: ../../../../../usr/local/lib/android/sdk/platforms/android-36.1/data/res/values-sw-television: Cannot change mode to rwxr-xr-x: Operation not permitted
build	Cache Android SDK	2026-06-06T12:22:55.0183671Z /usr/bin/tar: ../../../../../usr/local/lib/android/sdk/platforms/android-36.1/data/res/values-mcc310-mnc250-kk: Cannot utime: Operation not permitted
build	Cache Android SDK	2026-06-06T12:22:55.0186740Z /usr/bin/tar: ../../../../../usr/local/lib/android/sdk/platforms/android-36.1/data/res/values-mcc310-mnc250-kk: Cannot change mode to rwxr-xr-x: Operation not permitted
build	Cache Android SDK	2026-06-06T12:22:55.0187960Z /usr/bin/tar: ../../../../../usr/local/lib/android/sdk/platforms/android-36.1/data/res/values-mcc310-mnc030-th: Cannot utime: Operation not permitted
build	Cache Android SDK	2026-06-06T12:22:55.0188962Z /usr/bin/tar: ../../../../../usr/local/lib/android/sdk/platforms/android-36.1/data/res/values-mcc310-mnc030-th: Cannot change mode to rwxr-xr-x: Operation not permitted
build	Cache Android SDK	2026-06-06T12:22:55.0192487Z /usr/bin/tar: ../../../../../usr/local/lib/android/sdk/platforms/android-36.1/data/res/values-lt-rLT: Cannot utime: Operation not permitted
build	Cache Android SDK	2026-06-06T12:22:55.0193930Z /usr/bin/tar: ../../../../../usr/local/lib/android/sdk/platforms/android-36.1/data/res/values-lt-rLT: Cannot change mode to rwxr-xr-x: Operation not permitted
build	Cache Android SDK	2026-06-06T12:22:55.0195003Z /usr/bin/tar: ../../../../../usr/local/lib/android/sdk/platforms/android-36.1/data/res/values-mcc310-mnc800-ar: Cannot utime: Operation not permitted
build	Cache Android SDK	2026-06-06T12:22:55.0196113Z /usr/bin/tar: ../../../../../usr/local/lib/android/sdk/platforms/android-36.1/data/res/values-mcc310-mnc800-ar: Cannot change mode to rwxr-xr-x: Operation not permitted
build	Cache Android SDK	2026-06-06T12:22:55.0197723Z /usr/bin/tar: ../../../../../usr/local/lib/android/sdk/platforms/android-36.1/data/res/values-mcc310-mnc410-eu: Cannot utime: Operation not permitted
build	Cache Android SDK	2026-06-06T12:22:55.0198640Z /usr/bin/tar: ../../../../../usr/local/lib/android/sdk/platforms/android-36.1/data/res/values-mcc310-mnc410-eu: Cannot change mode to rwxr-xr-x: Operation not permitted
build	Cache Android SDK	2026-06-06T12:22:55.0201177Z /usr/bin/tar: ../../../../../usr/local/lib/android/sdk/platforms/android-36.1/data/res/values-mcc310-mnc560-hr: Cannot utime: Operation not permitted
build	Cache Android SDK	2026-06-06T12:22:55.0202126Z /usr/bin/tar: ../../../../../usr/local/lib/android/sdk/platforms/android-36.1/data/res/values-mcc310-mnc560-hr: Cannot change mode to rwxr-xr-x: Operation not permitted
build	Cache Android SDK	2026-06-06T12:22:55.0209973Z /usr/bin/tar: ../../../../../usr/local/lib/android/sdk/platforms/android-36.1/data/res/anim-ldrtl: Cannot utime: Operation not permitted
build	Cache Android SDK	2026-06-06T12:22:55.0210854Z /usr/bin/tar: ../../../../../usr/local/lib/android/sdk/platforms/android-36.1/data/res/anim-ldrtl: Cannot change mode to rwxr-xr-x: Operation not permitted
build	Cache Android SDK	2026-06-06T12:22:55.0218350Z /usr/bin/tar: ../../../../../usr/local/lib/android/sdk/platforms/android-36.1/data/res/values-mk: Cannot utime: Operation not permitted
build	Cache Android SDK	2026-06-06T12:22:55.0219593Z /usr/bin/tar: ../../../../../usr/local/lib/android/sdk/platforms/android-36.1/data/res/values-mk: Cannot change mode to rwxr-xr-x: Operation not permitted
build	Cache Android SDK	2026-06-06T12:22:55.0221330Z /usr/bin/tar: ../../../../../usr/local/lib/android/sdk/platforms/android-36.1/data/res/values-mcc310-mnc030-ja: Cannot utime: Operation not permitted
build	Cache Android SDK	2026-06-06T12:22:55.0222635Z /usr/bin/tar: ../../../../../usr/local/lib/android/sdk/platforms/android-36.1/data/res/values-mcc310-mnc030-ja: Cannot change mode to rwxr-xr-x: Operation not permitted
build	Cache Android SDK	2026-06-06T12:22:55.0225739Z /usr/bin/tar: ../../../../../usr/local/lib/android/sdk/platforms/android-36.1/data/res/values-mcc310-mnc160-ro: Cannot utime: Operation not permitted
build	Cache Android SDK	2026-06-06T12:22:55.0226732Z /usr/bin/tar: ../../../../../usr/local/lib/android/sdk/platforms/android-36.1/data/res/values-mcc310-mnc160-ro: Cannot change mode to rwxr-xr-x: Operation not permitted
build	Cache Android SDK	2026-06-06T12:22:55.0229064Z /usr/bin/tar: ../../../../../usr/local/lib/android/sdk/platforms/android-36.1/data/res/values-mcc310-mnc200-sk: Cannot utime: Operation not permitted
build	Cache Android SDK	2026-06-06T12:22:55.0230048Z /usr/bin/tar: ../../../../../usr/local/lib/android/sdk/platforms/android-36.1/data/res/values-mcc310-mnc200-sk: Cannot change mode to rwxr-xr-x: Operation not permitted
build	Cache Android SDK	2026-06-06T12:22:55.0234026Z /usr/bin/tar: ../../../../../usr/local/lib/android/sdk/platforms/android-36.1/data/res/values-mcc310-mnc660-sl: Cannot utime: Operation not permitted
build	Cache Android SDK	2026-06-06T12:22:55.0234980Z /usr/bin/tar: ../../../../../usr/local/lib/android/sdk/platforms/android-36.1/data/res/values-mcc310-mnc660-sl: Cannot change mode to rwxr-xr-x: Operation not permitted
build	Cache Android SDK	2026-06-06T12:22:55.0237935Z /usr/bin/tar: ../../../../../usr/local/lib/android/sdk/platforms/android-36.1/data/res/values-mcc310-mnc200-eu: Cannot utime: Operation not permitted
build	Cache Android SDK	2026-06-06T12:22:55.0239758Z /usr/bin/tar: ../../../../../usr/local/lib/android/sdk/platforms/android-36.1/data/res/values-mcc310-mnc200-eu: Cannot change mode to rwxr-xr-x: Operation not permitted
build	Cache Android SDK	2026-06-06T12:22:55.0242300Z /usr/bin/tar: ../../../../../usr/local/lib/android/sdk/platforms/android-36.1/data/res/values-mcc334-mnc020-sq: Cannot utime: Operation not permitted
build	Cache Android SDK	2026-06-06T12:22:55.0243680Z /usr/bin/tar: ../../../../../usr/local/lib/android/sdk/platforms/android-36.1/data/res/values-mcc334-mnc020-sq: Cannot change mode to rwxr-xr-x: Operation not permitted
build	Cache Android SDK	2026-06-06T12:22:55.0246128Z /usr/bin/tar: ../../../../../usr/local/lib/android/sdk/platforms/android-36.1/data/res/values-mcc310-mnc220-fa: Cannot utime: Operation not permitted
build	Cache Android SDK	2026-06-06T12:22:55.0247059Z /usr/bin/tar: ../../../../../usr/local/lib/android/sdk/platforms/android-36.1/data/res/values-mcc310-mnc220-fa: Cannot change mode to rwxr-xr-x: Operation not permitted
build	Cache Android SDK	2026-06-06T12:22:55.0249647Z /usr/bin/tar: ../../../../../usr/local/lib/android/sdk/platforms/android-36.1/data/res/values-mcc313-mnc100-ml: Cannot utime: Operation not permitted
build	Cache Android SDK	2026-06-06T12:22:55.0250575Z /usr/bin/tar: ../../../../../usr/local/lib/android/sdk/platforms/android-36.1/data/res/values-mcc313-mnc100-ml: Cannot change mode to rwxr-xr-x: Operation not permitted
build	Cache Android SDK	2026-06-06T12:22:55.0253927Z /usr/bin/tar: ../../../../../usr/local/lib/android/sdk/platforms/android-36.1/data/res/values-mcc310-mnc280-pa: Cannot utime: Operation not permitted
build	Cache Android SDK	2026-06-06T12:22:55.0254845Z /usr/bin/tar: ../../../../../usr/local/lib/android/sdk/platforms/android-36.1/data/res/values-mcc310-mnc280-pa: Cannot change mode to rwxr-xr-x: Operation not permitted
build	Cache Android SDK	2026-06-06T12:22:55.0259736Z /usr/bin/tar: ../../../../../usr/local/lib/android/sdk/platforms/android-36.1/data/res/values-mcc310-mnc160-sw: Cannot utime: Operation not permitted
build	Cache Android SDK	2026-06-06T12:22:55.0260666Z /usr/bin/tar: ../../../../../usr/local/lib/android/sdk/platforms/android-36.1/data/res/values-mcc310-mnc160-sw: Cannot change mode to rwxr-xr-x: Operation not permitted
build	Cache Android SDK	2026-06-06T12:22:55.0263171Z /usr/bin/tar: ../../../../../usr/local/lib/android/sdk/platforms/android-36.1/data/res/values-mcc310-mnc800-nl: Cannot utime: Operation not permitted
build	Cache Android SDK	2026-06-06T12:22:55.0264101Z /usr/bin/tar: ../../../../../usr/local/lib/android/sdk/platforms/android-36.1/data/res/values-mcc310-mnc800-nl: Cannot change mode to rwxr-xr-x: Operation not permitted
build	Cache Android SDK	2026-06-06T12:22:55.0271314Z /usr/bin/tar: ../../../../../usr/local/lib/android/sdk/platforms/android-36.1/data/res/raw-pl: Cannot utime: Operation not permitted
build	Cache Android SDK	2026-06-06T12:22:55.0272216Z /usr/bin/tar: ../../../../../usr/local/lib/android/sdk/platforms/android-36.1/data/res/raw-pl: Cannot change mode to rwxr-xr-x: Operation not permitted
build	Cache Android SDK	2026-06-06T12:22:55.0275229Z /usr/bin/tar: ../../../../../usr/local/lib/android/sdk/platforms/android-36.1/data/res/values-mcc310-mnc950-sw: Cannot utime: Operation not permitted
build	Cache Android SDK	2026-06-06T12:22:55.0276158Z /usr/bin/tar: ../../../../../usr/local/lib/android/sdk/platforms/android-36.1/data/res/values-mcc310-mnc950-sw: Cannot change mode to rwxr-xr-x: Operation not permitted
build	Cache Android SDK	2026-06-06T12:22:55.0280018Z /usr/bin/tar: ../../../../../usr/local/lib/android/sdk/platforms/android-36.1/data/res/values-mcc310-mnc170-en-rAU: Cannot utime: Operation not permitted
build	Cache Android SDK	2026-06-06T12:22:55.0280976Z /usr/bin/tar: ../../../../../usr/local/lib/android/sdk/platforms/android-36.1/data/res/values-mcc310-mnc170-en-rAU: Cannot change mode to rwxr-xr-x: Operation not permitted
build	Cache Android SDK	2026-06-06T12:22:55.0294584Z /usr/bin/tar: ../../../../../usr/local/lib/android/sdk/platforms/android-36.1/data/res/drawable-land-ldpi: Cannot utime: Operation not permitted
build	Cache Android SDK	2026-06-06T12:22:55.0295525Z /usr/bin/tar: ../../../../../usr/local/lib/android/sdk/platforms/android-36.1/data/res/drawable-land-ldpi: Cannot change mode to rwxr-xr-x: Operation not permitted
build	Cache Android SDK	2026-06-06T12:22:55.0298394Z /usr/bin/tar: ../../../../../usr/local/lib/android/sdk/platforms/android-36.1/data/res/values-mcc311-mnc180-cs: Cannot utime: Operation not permitted
build	Cache Android SDK	2026-06-06T12:22:55.0299333Z /usr/bin/tar: ../../../../../usr/local/lib/android/sdk/platforms/android-36.1/data/res/values-mcc311-mnc180-cs: Cannot change mode to rwxr-xr-x: Operation not permitted
build	Cache Android SDK	2026-06-06T12:22:55.0303842Z /usr/bin/tar: ../../../../../usr/local/lib/android/sdk/platforms/android-36.1/data/res/values-mcc312-mnc670-sk: Cannot utime: Operation not permitted
build	Cache Android SDK	2026-06-06T12:22:55.0304764Z /usr/bin/tar: ../../../../../usr/local/lib/android/sdk/platforms/android-36.1/data/res/values-mcc312-mnc670-sk: Cannot change mode to rwxr-xr-x: Operation not permitted
build	Cache Android SDK	2026-06-06T12:22:55.0307507Z /usr/bin/tar: ../../../../../usr/local/lib/android/sdk/platforms/android-36.1/data/res/values-mcc302-mnc720-pl: Cannot utime: Operation not permitted
build	Cache Android SDK	2026-06-06T12:22:55.0308460Z /usr/bin/tar: ../../../../../usr/local/lib/android/sdk/platforms/android-36.1/data/res/values-mcc302-mnc720-pl: Cannot change mode to rwxr-xr-x: Operation not permitted
build	Cache Android SDK	2026-06-06T12:22:55.0311774Z /usr/bin/tar: ../../../../../usr/local/lib/android/sdk/platforms/android-36.1/data/res/values-mcc310-mnc200-zh-rCN: Cannot utime: Operation not permitted
build	Cache Android SDK	2026-06-06T12:22:55.0312736Z /usr/bin/tar: ../../../../../usr/local/lib/android/sdk/platforms/android-36.1/data/res/values-mcc310-mnc200-zh-rCN: Cannot change mode to rwxr-xr-x: Operation not permitted
build	Cache Android SDK	2026-06-06T12:22:55.0315336Z /usr/bin/tar: ../../../../../usr/local/lib/android/sdk/platforms/android-36.1/data/res/values-mcc310-mnc220-sr: Cannot utime: Operation not permitted
build	Cache Android SDK	2026-06-06T12:22:55.0316269Z /usr/bin/tar: ../../../../../usr/local/lib/android/sdk/platforms/android-36.1/data/res/values-mcc310-mnc220-sr: Cannot change mode to rwxr-xr-x: Operation not permitted
build	Cache Android SDK	2026-06-06T12:22:55.0322254Z /usr/bin/tar: ../../../../../usr/local/lib/android/sdk/platforms/android-36.1/data/res/values-mcc310-mnc160-tr: Cannot utime: Operation not permitted
build	Cache Android SDK	2026-06-06T12:22:55.0323186Z /usr/bin/tar: ../../../../../usr/local/lib/android/sdk/platforms/android-36.1/data/res/values-mcc310-mnc160-tr: Cannot change mode to rwxr-xr-x: Operation not permitted
build	Cache Android SDK	2026-06-06T12:22:55.0328678Z /usr/bin/tar: ../../../../../usr/local/lib/android/sdk/platforms/android-36.1/data/res/values-pt-rPT-watch: Cannot utime: Operation not permitted
build	Cache Android SDK	2026-06-06T12:22:55.0329618Z /usr/bin/tar: ../../../../../usr/local/lib/android/sdk/platforms/android-36.1/data/res/values-pt-rPT-watch: Cannot change mode to rwxr-xr-x: Operation not permitted
build	Cache Android SDK	2026-06-06T12:22:55.0331101Z /usr/bin/tar: ../../../../../usr/local/lib/android/sdk/platforms/android-36.1/data/res/values-mcc310-mnc410-zh-rTW: Cannot utime: Operation not permitted
build	Cache Android SDK	2026-06-06T12:22:55.0332079Z /usr/bin/tar: ../../../../../usr/local/lib/android/sdk/platforms/android-36.1/data/res/values-mcc310-mnc410-zh-rTW: Cannot change mode to rwxr-xr-x: Operation not permitted
build	Cache Android SDK	2026-06-06T12:22:55.0335610Z /usr/bin/tar: ../../../../../usr/local/lib/android/sdk/platforms/android-36.1/data/res/values-mcc334-mnc020-sr: Cannot utime: Operation not permitted
build	Cache Android SDK	2026-06-06T12:22:55.0336533Z /usr/bin/tar: ../../../../../usr/local/lib/android/sdk/platforms/android-36.1/data/res/values-mcc334-mnc020-sr: Cannot change mode to rwxr-xr-x: Operation not permitted
build	Cache Android SDK	2026-06-06T12:22:55.0339796Z /usr/bin/tar: ../../../../../usr/local/lib/android/sdk/platforms/android-36.1/data/res/values-mcc310-mnc240-fi: Cannot utime: Operation not permitted
build	Cache Android SDK	2026-06-06T12:22:55.0340712Z /usr/bin/tar: ../../../../../usr/local/lib/android/sdk/platforms/android-36.1/data/res/values-mcc310-mnc240-fi: Cannot change mode to rwxr-xr-x: Operation not permitted
build	Cache Android SDK	2026-06-06T12:22:55.0343211Z /usr/bin/tar: ../../../../../usr/local/lib/android/sdk/platforms/android-36.1/data/res/values-mcc310-mnc560-sr: Cannot utime: Operation not permitted
build	Cache Android SDK	2026-06-06T12:22:55.0344120Z /usr/bin/tar: ../../../../../usr/local/lib/android/sdk/platforms/android-36.1/data/res/values-mcc310-mnc560-sr: Cannot change mode to rwxr-xr-x: Operation not permitted
build	Cache Android SDK	2026-06-06T12:22:55.0346792Z /usr/bin/tar: ../../../../../usr/local/lib/android/sdk/platforms/android-36.1/data/res/values-da-rDK: Cannot utime: Operation not permitted
build	Cache Android SDK	2026-06-06T12:22:55.0347758Z /usr/bin/tar: ../../../../../usr/local/lib/android/sdk/platforms/android-36.1/data/res/values-da-rDK: Cannot change mode to rwxr-xr-x: Operation not permitted
build	Cache Android SDK	2026-06-06T12:22:55.0353551Z /usr/bin/tar: ../../../../../usr/local/lib/android/sdk/platforms/android-36.1/data/res/values-mcc310-mnc410-gu: Cannot utime: Operation not permitted
build	Cache Android SDK	2026-06-06T12:22:55.0354555Z /usr/bin/tar: ../../../../../usr/local/lib/android/sdk/platforms/android-36.1/data/res/values-mcc310-mnc410-gu: Cannot change mode to rwxr-xr-x: Operation not permitted
build	Cache Android SDK	2026-06-06T12:22:55.0357909Z /usr/bin/tar: ../../../../../usr/local/lib/android/sdk/platforms/android-36.1/data/res/values-mcc334-mnc020-ka: Cannot utime: Operation not permitted
build	Cache Android SDK	2026-06-06T12:22:55.0358828Z /usr/bin/tar: ../../../../../usr/local/lib/android/sdk/platforms/android-36.1/data/res/values-mcc334-mnc020-ka: Cannot change mode to rwxr-xr-x: Operation not permitted
build	Cache Android SDK	2026-06-06T12:22:55.0362118Z /usr/bin/tar: ../../../../../usr/local/lib/android/sdk/platforms/android-36.1/data/res/values-mcc310-mnc560-nb: Cannot utime: Operation not permitted
build	Cache Android SDK	2026-06-06T12:22:55.0363031Z /usr/bin/tar: ../../../../../usr/local/lib/android/sdk/platforms/android-36.1/data/res/values-mcc310-mnc560-nb: Cannot change mode to rwxr-xr-x: Operation not permitted
build	Cache Android SDK	2026-06-06T12:22:55.0365551Z /usr/bin/tar: ../../../../../usr/local/lib/android/sdk/platforms/android-36.1/data/res/values-mcc310-mnc240-en-rGB: Cannot utime: Operation not permitted
build	Cache Android SDK	2026-06-06T12:22:55.0366503Z /usr/bin/tar: ../../../../../usr/local/lib/android/sdk/platforms/android-36.1/data/res/values-mcc310-mnc240-en-rGB: Cannot change mode to rwxr-xr-x: Operation not permitted
build	Cache Android SDK	2026-06-06T12:22:55.0369054Z /usr/bin/tar: ../../../../../usr/local/lib/android/sdk/platforms/android-36.1/data/res/values-mcc310-mnc380-zh-rTW: Cannot utime: Operation not permitted
build	Cache Android SDK	2026-06-06T12:22:55.0370008Z /usr/bin/tar: ../../../../../usr/local/lib/android/sdk/platforms/android-36.1/data/res/values-mcc310-mnc380-zh-rTW: Cannot change mode to rwxr-xr-x: Operation not permitted
build	Cache Android SDK	2026-06-06T12:22:55.0372758Z /usr/bin/tar: ../../../../../usr/local/lib/android/sdk/platforms/android-36.1/data/res/values-mcc310-mnc210-sr: Cannot utime: Operation not permitted
build	Cache Android SDK	2026-06-06T12:22:55.0373689Z /usr/bin/tar: ../../../../../usr/local/lib/android/sdk/platforms/android-36.1/data/res/values-mcc310-mnc210-sr: Cannot change mode to rwxr-xr-x: Operation not permitted
build	Cache Android SDK	2026-06-06T12:22:55.0376124Z /usr/bin/tar: ../../../../../usr/local/lib/android/sdk/platforms/android-36.1/data/res/values-mcc310-mnc380-as: Cannot utime: Operation not permitted
build	Cache Android SDK	2026-06-06T12:22:55.0377058Z /usr/bin/tar: ../../../../../usr/local/lib/android/sdk/platforms/android-36.1/data/res/values-mcc310-mnc380-as: Cannot change mode to rwxr-xr-x: Operation not permitted
build	Cache Android SDK	2026-06-06T12:22:55.0381293Z /usr/bin/tar: ../../../../../usr/local/lib/android/sdk/platforms/android-36.1/data/res/values-mcc312-mnc670-nb: Cannot utime: Operation not permitted
build	Cache Android SDK	2026-06-06T12:22:55.0383240Z /usr/bin/tar: ../../../../../usr/local/lib/android/sdk/platforms/android-36.1/data/res/values-mcc312-mnc670-nb: Cannot change mode to rwxr-xr-x: Operation not permitted
build	Cache Android SDK	2026-06-06T12:22:55.0386015Z /usr/bin/tar: ../../../../../usr/local/lib/android/sdk/platforms/android-36.1/data/res/values-mcc302-mnc370-bg: Cannot utime: Operation not permitted
build	Cache Android SDK	﻿2026-06-06T12:22:55.0388318Z /usr/bin/tar: ../../../../../usr/local/lib/android/sdk/platforms/android-36.1/data/res/values-mcc302-mnc370-bg: Cannot change mode to rwxr-xr-x: Operation not permitted
build	Cache Android SDK	2026-06-06T12:22:55.0390743Z /usr/bin/tar: ../../../../../usr/local/lib/android/sdk/platforms/android-36.1/data/res/values-mcc310-mnc200-it: Cannot utime: Operation not permitted
build	Cache Android SDK	2026-06-06T12:22:55.0391676Z /usr/bin/tar: ../../../../../usr/local/lib/android/sdk/platforms/android-36.1/data/res/values-mcc310-mnc200-it: Cannot change mode to rwxr-xr-x: Operation not permitted
build	Cache Android SDK	2026-06-06T12:22:55.0393856Z /usr/bin/tar: ../../../../../usr/local/lib/android/sdk/platforms/android-36.1/data/res/values-w211dp: Cannot utime: Operation not permitted
build	Cache Android SDK	2026-06-06T12:22:55.0394763Z /usr/bin/tar: ../../../../../usr/local/lib/android/sdk/platforms/android-36.1/data/res/values-w211dp: Cannot change mode to rwxr-xr-x: Operation not permitted
build	Cache Android SDK	2026-06-06T12:22:55.0398471Z /usr/bin/tar: ../../../../../usr/local/lib/android/sdk/platforms/android-36.1/data/res/values-sk-watch: Cannot utime: Operation not permitted
build	Cache Android SDK	2026-06-06T12:22:55.0399398Z /usr/bin/tar: ../../../../../usr/local/lib/android/sdk/platforms/android-36.1/data/res/values-sk-watch: Cannot change mode to rwxr-xr-x: Operation not permitted
build	Cache Android SDK	2026-06-06T12:22:55.0402506Z /usr/bin/tar: ../../../../../usr/local/lib/android/sdk/platforms/android-36.1/data/res/values-mcc310-mnc030-te: Cannot utime: Operation not permitted
build	Cache Android SDK	2026-06-06T12:22:55.0403425Z /usr/bin/tar: ../../../../../usr/local/lib/android/sdk/platforms/android-36.1/data/res/values-mcc310-mnc030-te: Cannot change mode to rwxr-xr-x: Operation not permitted
build	Cache Android SDK	2026-06-06T12:22:55.0405583Z /usr/bin/tar: ../../../../../usr/local/lib/android/sdk/platforms/android-36.1/data/res/values-mcc310-mnc250-es: Cannot utime: Operation not permitted
build	Cache Android SDK	2026-06-06T12:22:55.0406641Z /usr/bin/tar: ../../../../../usr/local/lib/android/sdk/platforms/android-36.1/data/res/values-mcc310-mnc250-es: Cannot change mode to rwxr-xr-x: Operation not permitted
build	Cache Android SDK	2026-06-06T12:22:55.0410369Z /usr/bin/tar: ../../../../../usr/local/lib/android/sdk/platforms/android-36.1/data/res/values-th-television: Cannot utime: Operation not permitted
build	Cache Android SDK	2026-06-06T12:22:55.0411293Z /usr/bin/tar: ../../../../../usr/local/lib/android/sdk/platforms/android-36.1/data/res/values-th-television: Cannot change mode to rwxr-xr-x: Operation not permitted
build	Cache Android SDK	2026-06-06T12:22:55.0415031Z /usr/bin/tar: ../../../../../usr/local/lib/android/sdk/platforms/android-36.1/data/res/values-mcc310-mnc160-es: Cannot utime: Operation not permitted
build	Cache Android SDK	2026-06-06T12:22:55.0415936Z /usr/bin/tar: ../../../../../usr/local/lib/android/sdk/platforms/android-36.1/data/res/values-mcc310-mnc160-es: Cannot change mode to rwxr-xr-x: Operation not permitted
build	Cache Android SDK	2026-06-06T12:22:55.0418997Z /usr/bin/tar: ../../../../../usr/local/lib/android/sdk/platforms/android-36.1/data/res/values-ko-rKR: Cannot utime: Operation not permitted
build	Cache Android SDK	2026-06-06T12:22:55.0419859Z /usr/bin/tar: ../../../../../usr/local/lib/android/sdk/platforms/android-36.1/data/res/values-ko-rKR: Cannot change mode to rwxr-xr-x: Operation not permitted
build	Cache Android SDK	2026-06-06T12:22:55.0422759Z /usr/bin/tar: ../../../../../usr/local/lib/android/sdk/platforms/android-36.1/data/res/values-mcc310-mnc310-sl: Cannot utime: Operation not permitted
build	Cache Android SDK	2026-06-06T12:22:55.0423681Z /usr/bin/tar: ../../../../../usr/local/lib/android/sdk/platforms/android-36.1/data/res/values-mcc310-mnc310-sl: Cannot change mode to rwxr-xr-x: Operation not permitted
build	Cache Android SDK	2026-06-06T12:22:55.0426493Z /usr/bin/tar: ../../../../../usr/local/lib/android/sdk/platforms/android-36.1/data/res/values-mcc001-mnc01-zh-rCN: Cannot utime: Operation not permitted
build	Cache Android SDK	2026-06-06T12:22:55.0427558Z /usr/bin/tar: ../../../../../usr/local/lib/android/sdk/platforms/android-36.1/data/res/values-mcc001-mnc01-zh-rCN: Cannot change mode to rwxr-xr-x: Operation not permitted
build	Cache Android SDK	2026-06-06T12:22:55.0429748Z /usr/bin/tar: ../../../../../usr/local/lib/android/sdk/platforms/android-36.1/data/res/values-mcc310-mnc220: Cannot utime: Operation not permitted
build	Cache Android SDK	2026-06-06T12:22:55.0430861Z /usr/bin/tar: ../../../../../usr/local/lib/android/sdk/platforms/android-36.1/data/res/values-mcc310-mnc220: Cannot change mode to rwxr-xr-x: Operation not permitted
build	Cache Android SDK	2026-06-06T12:22:55.0433868Z /usr/bin/tar: ../../../../../usr/local/lib/android/sdk/platforms/android-36.1/data/res/values-mcc310-mnc220-hy: Cannot utime: Operation not permitted
build	Cache Android SDK	2026-06-06T12:22:55.0434775Z /usr/bin/tar: ../../../../../usr/local/lib/android/sdk/platforms/android-36.1/data/res/values-mcc310-mnc220-hy: Cannot change mode to rwxr-xr-x: Operation not permitted
build	Cache Android SDK	2026-06-06T12:22:55.0437679Z /usr/bin/tar: ../../../../../usr/local/lib/android/sdk/platforms/android-36.1/data/res/values-zu-watch: Cannot utime: Operation not permitted
build	Cache Android SDK	2026-06-06T12:22:55.0438562Z /usr/bin/tar: ../../../../../usr/local/lib/android/sdk/platforms/android-36.1/data/res/values-zu-watch: Cannot change mode to rwxr-xr-x: Operation not permitted
build	Cache Android SDK	2026-06-06T12:22:55.0441250Z /usr/bin/tar: ../../../../../usr/local/lib/android/sdk/platforms/android-36.1/data/res/values-mcc310-mnc560-b+sr+Latn: Cannot utime: Operation not permitted
build	Cache Android SDK	2026-06-06T12:22:55.0442332Z /usr/bin/tar: ../../../../../usr/local/lib/android/sdk/platforms/android-36.1/data/res/values-mcc310-mnc560-b+sr+Latn: Cannot change mode to rwxr-xr-x: Operation not permitted
build	Cache Android SDK	2026-06-06T12:22:55.0444216Z /usr/bin/tar: ../../../../../usr/local/lib/android/sdk/platforms/android-36.1/data/res/values-mcc310-mnc200-lo: Cannot utime: Operation not permitted
build	Cache Android SDK	2026-06-06T12:22:55.0445143Z /usr/bin/tar: ../../../../../usr/local/lib/android/sdk/platforms/android-36.1/data/res/values-mcc310-mnc200-lo: Cannot change mode to rwxr-xr-x: Operation not permitted
build	Cache Android SDK	2026-06-06T12:22:55.0448637Z /usr/bin/tar: ../../../../../usr/local/lib/android/sdk/platforms/android-36.1/data/res/values-mcc310-mnc150-it: Cannot utime: Operation not permitted
build	Cache Android SDK	2026-06-06T12:22:55.0449707Z /usr/bin/tar: ../../../../../usr/local/lib/android/sdk/platforms/android-36.1/data/res/values-mcc310-mnc150-it: Cannot change mode to rwxr-xr-x: Operation not permitted
build	Cache Android SDK	2026-06-06T12:22:55.0453433Z /usr/bin/tar: ../../../../../usr/local/lib/android/sdk/platforms/android-36.1/data/res/values-mcc310-mnc230-bs: Cannot utime: Operation not permitted
build	Cache Android SDK	2026-06-06T12:22:55.0455097Z /usr/bin/tar: ../../../../../usr/local/lib/android/sdk/platforms/android-36.1/data/res/values-mcc310-mnc230-bs: Cannot change mode to rwxr-xr-x: Operation not permitted
build	Cache Android SDK	2026-06-06T12:22:55.0468763Z /usr/bin/tar: ../../../../../usr/local/lib/android/sdk/platforms/android-36.1/data/res/values-mcc313-mnc100-az: Cannot utime: Operation not permitted
build	Cache Android SDK	2026-06-06T12:22:55.0470331Z /usr/bin/tar: ../../../../../usr/local/lib/android/sdk/platforms/android-36.1/data/res/values-mcc313-mnc100-az: Cannot change mode to rwxr-xr-x: Operation not permitted
build	Cache Android SDK	2026-06-06T12:22:55.0471316Z /usr/bin/tar: ../../../../../usr/local/lib/android/sdk/platforms/android-36.1/data/res/values-mcc310-mnc250-sl: Cannot utime: Operation not permitted
build	Cache Android SDK	2026-06-06T12:22:55.0472399Z /usr/bin/tar: ../../../../../usr/local/lib/android/sdk/platforms/android-36.1/data/res/values-mcc310-mnc250-sl: Cannot change mode to rwxr-xr-x: Operation not permitted
build	Cache Android SDK	2026-06-06T12:22:55.0473906Z /usr/bin/tar: ../../../../../usr/local/lib/android/sdk/platforms/android-36.1/data/res/values-mcc311-mnc180-ms: Cannot utime: Operation not permitted
build	Cache Android SDK	2026-06-06T12:22:55.0474818Z /usr/bin/tar: ../../../../../usr/local/lib/android/sdk/platforms/android-36.1/data/res/values-mcc311-mnc180-ms: Cannot change mode to rwxr-xr-x: Operation not permitted
build	Cache Android SDK	2026-06-06T12:22:55.0475729Z /usr/bin/tar: ../../../../../usr/local/lib/android/sdk/platforms/android-36.1/data/res/values-mcc310-mnc220-th: Cannot utime: Operation not permitted
build	Cache Android SDK	2026-06-06T12:22:55.0476636Z /usr/bin/tar: ../../../../../usr/local/lib/android/sdk/platforms/android-36.1/data/res/values-mcc310-mnc220-th: Cannot change mode to rwxr-xr-x: Operation not permitted
build	Cache Android SDK	2026-06-06T12:22:55.0477968Z /usr/bin/tar: ../../../../../usr/local/lib/android/sdk/platforms/android-36.1/data/res/values-mcc334-mnc020-ta: Cannot utime: Operation not permitted
build	Cache Android SDK	2026-06-06T12:22:55.0479189Z /usr/bin/tar: ../../../../../usr/local/lib/android/sdk/platforms/android-36.1/data/res/values-mcc334-mnc020-ta: Cannot change mode to rwxr-xr-x: Operation not permitted
build	Cache Android SDK	2026-06-06T12:22:55.0480623Z /usr/bin/tar: ../../../../../usr/local/lib/android/sdk/platforms/android-36.1/data/res/values-mcc302-mnc370-fr-rCA: Cannot utime: Operation not permitted
build	Cache Android SDK	2026-06-06T12:22:55.0481722Z /usr/bin/tar: ../../../../../usr/local/lib/android/sdk/platforms/android-36.1/data/res/values-mcc302-mnc370-fr-rCA: Cannot change mode to rwxr-xr-x: Operation not permitted
build	Cache Android SDK	2026-06-06T12:22:55.0483415Z /usr/bin/tar: ../../../../../usr/local/lib/android/sdk/platforms/android-36.1/data/res/values-mcc310-mnc660-in: Cannot utime: Operation not permitted
build	Cache Android SDK	2026-06-06T12:22:55.0485168Z /usr/bin/tar: ../../../../../usr/local/lib/android/sdk/platforms/android-36.1/data/res/values-mcc310-mnc660-in: Cannot change mode to rwxr-xr-x: Operation not permitted
build	Cache Android SDK	2026-06-06T12:22:55.0486868Z /usr/bin/tar: ../../../../../usr/local/lib/android/sdk/platforms/android-36.1/data/res/values-mcc001-mnc01-bs: Cannot utime: Operation not permitted
build	Cache Android SDK	2026-06-06T12:22:55.0488355Z /usr/bin/tar: ../../../../../usr/local/lib/android/sdk/platforms/android-36.1/data/res/values-mcc001-mnc01-bs: Cannot change mode to rwxr-xr-x: Operation not permitted
build	Cache Android SDK	2026-06-06T12:22:55.0489946Z /usr/bin/tar: ../../../../../usr/local/lib/android/sdk/platforms/android-36.1/data/res/values-mcc310-mnc280-de: Cannot utime: Operation not permitted
build	Cache Android SDK	2026-06-06T12:22:55.0490953Z /usr/bin/tar: ../../../../../usr/local/lib/android/sdk/platforms/android-36.1/data/res/values-mcc310-mnc280-de: Cannot change mode to rwxr-xr-x: Operation not permitted
build	Cache Android SDK	2026-06-06T12:22:55.0492441Z /usr/bin/tar: ../../../../../usr/local/lib/android/sdk/platforms/android-36.1/data/res/values-mcc416-mnc77: Cannot utime: Operation not permitted
build	Cache Android SDK	2026-06-06T12:22:55.0493373Z /usr/bin/tar: ../../../../../usr/local/lib/android/sdk/platforms/android-36.1/data/res/values-mcc416-mnc77: Cannot change mode to rwxr-xr-x: Operation not permitted
build	Cache Android SDK	2026-06-06T12:22:55.0496200Z /usr/bin/tar: ../../../../../usr/local/lib/android/sdk/platforms/android-36.1/data/res/values-pl-television: Cannot utime: Operation not permitted
build	Cache Android SDK	2026-06-06T12:22:55.0497140Z /usr/bin/tar: ../../../../../usr/local/lib/android/sdk/platforms/android-36.1/data/res/values-pl-television: Cannot change mode to rwxr-xr-x: Operation not permitted
build	Cache Android SDK	2026-06-06T12:22:55.0499950Z /usr/bin/tar: ../../../../../usr/local/lib/android/sdk/platforms/android-36.1/data/res/values-h720dp: Cannot utime: Operation not permitted
build	Cache Android SDK	2026-06-06T12:22:55.0500917Z /usr/bin/tar: ../../../../../usr/local/lib/android/sdk/platforms/android-36.1/data/res/values-h720dp: Cannot change mode to rwxr-xr-x: Operation not permitted
build	Cache Android SDK	2026-06-06T12:22:55.0503944Z /usr/bin/tar: ../../../../../usr/local/lib/android/sdk/platforms/android-36.1/data/res/values-mcc310-mnc310-b+sr+Latn: Cannot utime: Operation not permitted
build	Cache Android SDK	2026-06-06T12:22:55.0505024Z /usr/bin/tar: ../../../../../usr/local/lib/android/sdk/platforms/android-36.1/data/res/values-mcc310-mnc310-b+sr+Latn: Cannot change mode to rwxr-xr-x: Operation not permitted
build	Cache Android SDK	2026-06-06T12:22:55.0507975Z /usr/bin/tar: ../../../../../usr/local/lib/android/sdk/platforms/android-36.1/data/res/values-mcc001-mnc01-eu: Cannot utime: Operation not permitted
build	Cache Android SDK	2026-06-06T12:22:55.0508943Z /usr/bin/tar: ../../../../../usr/local/lib/android/sdk/platforms/android-36.1/data/res/values-mcc001-mnc01-eu: Cannot change mode to rwxr-xr-x: Operation not permitted
build	Cache Android SDK	2026-06-06T12:22:55.0511270Z /usr/bin/tar: ../../../../../usr/local/lib/android/sdk/platforms/android-36.1/data/res/values-mcc310-mnc170-mn: Cannot utime: Operation not permitted
build	Cache Android SDK	2026-06-06T12:22:55.0512254Z /usr/bin/tar: ../../../../../usr/local/lib/android/sdk/platforms/android-36.1/data/res/values-mcc310-mnc170-mn: Cannot change mode to rwxr-xr-x: Operation not permitted
build	Cache Android SDK	2026-06-06T12:22:55.0514932Z /usr/bin/tar: ../../../../../usr/local/lib/android/sdk/platforms/android-36.1/data/res/values-mcc234: Cannot utime: Operation not permitted
build	Cache Android SDK	2026-06-06T12:22:55.0515915Z /usr/bin/tar: ../../../../../usr/local/lib/android/sdk/platforms/android-36.1/data/res/values-mcc234: Cannot change mode to rwxr-xr-x: Operation not permitted
build	Cache Android SDK	2026-06-06T12:22:55.0523956Z /usr/bin/tar: ../../../../../usr/local/lib/android/sdk/platforms/android-36.1/data/res/values-th: Cannot utime: Operation not permitted
build	Cache Android SDK	2026-06-06T12:22:55.0525019Z /usr/bin/tar: ../../../../../usr/local/lib/android/sdk/platforms/android-36.1/data/res/values-th: Cannot change mode to rwxr-xr-x: Operation not permitted
build	Cache Android SDK	2026-06-06T12:22:55.0528145Z /usr/bin/tar: ../../../../../usr/local/lib/android/sdk/platforms/android-36.1/data/res/values-mcc310-mnc030-mr: Cannot utime: Operation not permitted
build	Cache Android SDK	2026-06-06T12:22:55.0529348Z /usr/bin/tar: ../../../../../usr/local/lib/android/sdk/platforms/android-36.1/data/res/values-mcc310-mnc030-mr: Cannot change mode to rwxr-xr-x: Operation not permitted
build	Cache Android SDK	2026-06-06T12:22:55.0530803Z /usr/bin/tar: ../../../../../usr/local/lib/android/sdk/platforms/android-36.1/data/res/values-mcc310-mnc310-ka: Cannot utime: Operation not permitted
build	Cache Android SDK	2026-06-06T12:22:55.0531973Z /usr/bin/tar: ../../../../../usr/local/lib/android/sdk/platforms/android-36.1/data/res/values-mcc310-mnc310-ka: Cannot change mode to rwxr-xr-x: Operation not permitted
build	Cache Android SDK	2026-06-06T12:22:55.0534248Z /usr/bin/tar: ../../../../../usr/local/lib/android/sdk/platforms/android-36.1/data/res/values-mcc310-mnc240-tl: Cannot utime: Operation not permitted
build	Cache Android SDK	2026-06-06T12:22:55.0535307Z /usr/bin/tar: ../../../../../usr/local/lib/android/sdk/platforms/android-36.1/data/res/values-mcc310-mnc240-tl: Cannot change mode to rwxr-xr-x: Operation not permitted
build	Cache Android SDK	2026-06-06T12:22:55.0538707Z /usr/bin/tar: ../../../../../usr/local/lib/android/sdk/platforms/android-36.1/data/res/values-el-television: Cannot utime: Operation not permitted
build	Cache Android SDK	2026-06-06T12:22:55.0539642Z /usr/bin/tar: ../../../../../usr/local/lib/android/sdk/platforms/android-36.1/data/res/values-el-television: Cannot change mode to rwxr-xr-x: Operation not permitted
build	Cache Android SDK	2026-06-06T12:22:55.0542694Z /usr/bin/tar: ../../../../../usr/local/lib/android/sdk/platforms/android-36.1/data/res/values-mcc312-mnc670-nl: Cannot utime: Operation not permitted
build	Cache Android SDK	2026-06-06T12:22:55.0543628Z /usr/bin/tar: ../../../../../usr/local/lib/android/sdk/platforms/android-36.1/data/res/values-mcc312-mnc670-nl: Cannot change mode to rwxr-xr-x: Operation not permitted
build	Cache Android SDK	2026-06-06T12:22:55.0548980Z /usr/bin/tar: ../../../../../usr/local/lib/android/sdk/platforms/android-36.1/data/res/values-mcc310-mnc310-hy: Cannot utime: Operation not permitted
build	Cache Android SDK	2026-06-06T12:22:55.0549900Z /usr/bin/tar: ../../../../../usr/local/lib/android/sdk/platforms/android-36.1/data/res/values-mcc310-mnc310-hy: Cannot change mode to rwxr-xr-x: Operation not permitted
build	Cache Android SDK	2026-06-06T12:22:55.0553260Z /usr/bin/tar: ../../../../../usr/local/lib/android/sdk/platforms/android-36.1/data/res/values-mcc310-mnc250-ur: Cannot utime: Operation not permitted
build	Cache Android SDK	2026-06-06T12:22:55.0554183Z /usr/bin/tar: ../../../../../usr/local/lib/android/sdk/platforms/android-36.1/data/res/values-mcc310-mnc250-ur: Cannot change mode to rwxr-xr-x: Operation not permitted
build	Cache Android SDK	2026-06-06T12:22:55.0556246Z /usr/bin/tar: ../../../../../usr/local/lib/android/sdk/platforms/android-36.1/data/res/values-mcc310-mnc490-si: Cannot utime: Operation not permitted
build	Cache Android SDK	2026-06-06T12:22:55.0557180Z /usr/bin/tar: ../../../../../usr/local/lib/android/sdk/platforms/android-36.1/data/res/values-mcc310-mnc490-si: Cannot change mode to rwxr-xr-x: Operation not permitted
build	Cache Android SDK	2026-06-06T12:22:55.0559424Z /usr/bin/tar: ../../../../../usr/local/lib/android/sdk/platforms/android-36.1/data/res/drawable-w216dp: Cannot utime: Operation not permitted
build	Cache Android SDK	2026-06-06T12:22:55.0560324Z /usr/bin/tar: ../../../../../usr/local/lib/android/sdk/platforms/android-36.1/data/res/drawable-w216dp: Cannot change mode to rwxr-xr-x: Operation not permitted
build	Cache Android SDK	2026-06-06T12:22:55.0563504Z /usr/bin/tar: ../../../../../usr/local/lib/android/sdk/platforms/android-36.1/data/res/values-mcc313-mnc100-am: Cannot utime: Operation not permitted
build	Cache Android SDK	2026-06-06T12:22:55.0564501Z /usr/bin/tar: ../../../../../usr/local/lib/android/sdk/platforms/android-36.1/data/res/values-mcc313-mnc100-am: Cannot change mode to rwxr-xr-x: Operation not permitted
build	Cache Android SDK	2026-06-06T12:22:55.0567095Z /usr/bin/tar: ../../../../../usr/local/lib/android/sdk/platforms/android-36.1/data/res/values-mcc310-mnc660-gu: Cannot utime: Operation not permitted
build	Cache Android SDK	2026-06-06T12:22:55.0568205Z /usr/bin/tar: ../../../../../usr/local/lib/android/sdk/platforms/android-36.1/data/res/values-mcc310-mnc660-gu: Cannot change mode to rwxr-xr-x: Operation not permitted
build	Cache Android SDK	2026-06-06T12:22:55.0573556Z /usr/bin/tar: ../../../../../usr/local/lib/android/sdk/platforms/android-36.1/data/res/values-mcc310-mnc410-fr-rCA: Cannot utime: Operation not permitted
build	Cache Android SDK	2026-06-06T12:22:55.0574801Z /usr/bin/tar: ../../../../../usr/local/lib/android/sdk/platforms/android-36.1/data/res/values-mcc310-mnc410-fr-rCA: Cannot change mode to rwxr-xr-x: Operation not permitted
build	Cache Android SDK	2026-06-06T12:22:55.0576490Z /usr/bin/tar: ../../../../../usr/local/lib/android/sdk/platforms/android-36.1/data/res/values-mcc310-mnc220-te: Cannot utime: Operation not permitted
build	Cache Android SDK	2026-06-06T12:22:55.0577683Z /usr/bin/tar: ../../../../../usr/local/lib/android/sdk/platforms/android-36.1/data/res/values-mcc310-mnc220-te: Cannot change mode to rwxr-xr-x: Operation not permitted
build	Cache Android SDK	2026-06-06T12:22:55.0580161Z /usr/bin/tar: ../../../../../usr/local/lib/android/sdk/platforms/android-36.1/data/res/values-af-watch: Cannot utime: Operation not permitted
build	Cache Android SDK	2026-06-06T12:22:55.0581056Z /usr/bin/tar: ../../../../../usr/local/lib/android/sdk/platforms/android-36.1/data/res/values-af-watch: Cannot change mode to rwxr-xr-x: Operation not permitted
build	Cache Android SDK	2026-06-06T12:22:55.0585476Z /usr/bin/tar: ../../../../../usr/local/lib/android/sdk/platforms/android-36.1/data/res/values-mcc310-mnc410-el: Cannot utime: Operation not permitted
build	Cache Android SDK	2026-06-06T12:22:55.0586423Z /usr/bin/tar: ../../../../../usr/local/lib/android/sdk/platforms/android-36.1/data/res/values-mcc310-mnc410-el: Cannot change mode to rwxr-xr-x: Operation not permitted
build	Cache Android SDK	2026-06-06T12:22:55.0589381Z /usr/bin/tar: ../../../../../usr/local/lib/android/sdk/platforms/android-36.1/data/res/values-mcc310-mnc250-en-rAU: Cannot utime: Operation not permitted
build	Cache Android SDK	2026-06-06T12:22:55.0590352Z /usr/bin/tar: ../../../../../usr/local/lib/android/sdk/platforms/android-36.1/data/res/values-mcc310-mnc250-en-rAU: Cannot change mode to rwxr-xr-x: Operation not permitted
build	Cache Android SDK	2026-06-06T12:22:55.0593315Z /usr/bin/tar: ../../../../../usr/local/lib/android/sdk/platforms/android-36.1/data/res/values-mcc312-mnc670-mr: Cannot utime: Operation not permitted
build	Cache Android SDK	2026-06-06T12:22:55.0594249Z /usr/bin/tar: ../../../../../usr/local/lib/android/sdk/platforms/android-36.1/data/res/values-mcc312-mnc670-mr: Cannot change mode to rwxr-xr-x: Operation not permitted
build	Cache Android SDK	2026-06-06T12:22:55.0598006Z /usr/bin/tar: ../../../../../usr/local/lib/android/sdk/platforms/android-36.1/data/res/values-mcc310-mnc660-sk: Cannot utime: Operation not permitted
build	Cache Android SDK	2026-06-06T12:22:55.0599040Z /usr/bin/tar: ../../../../../usr/local/lib/android/sdk/platforms/android-36.1/data/res/values-mcc310-mnc660-sk: Cannot change mode to rwxr-xr-x: Operation not permitted
build	Cache Android SDK	2026-06-06T12:22:55.0601927Z /usr/bin/tar: ../../../../../usr/local/lib/android/sdk/platforms/android-36.1/data/res/values-mcc310-mnc800-pt-rBR: Cannot utime: Operation not permitted
build	Cache Android SDK	2026-06-06T12:22:55.0602906Z /usr/bin/tar: ../../../../../usr/local/lib/android/sdk/platforms/android-36.1/data/res/values-mcc310-mnc800-pt-rBR: Cannot change mode to rwxr-xr-x: Operation not permitted
build	Cache Android SDK	2026-06-06T12:22:55.0605602Z /usr/bin/tar: ../../../../../usr/local/lib/android/sdk/platforms/android-36.1/data/res/values-mcc310-mnc410-uz: Cannot utime: Operation not permitted
build	Cache Android SDK	2026-06-06T12:22:55.0606553Z /usr/bin/tar: ../../../../../usr/local/lib/android/sdk/platforms/android-36.1/data/res/values-mcc310-mnc410-uz: Cannot change mode to rwxr-xr-x: Operation not permitted
build	Cache Android SDK	2026-06-06T12:22:55.0611844Z /usr/bin/tar: ../../../../../usr/local/lib/android/sdk/platforms/android-36.1/data/res/values-mcc310-mnc230-ms: Cannot utime: Operation not permitted
build	Cache Android SDK	2026-06-06T12:22:55.0612883Z /usr/bin/tar: ../../../../../usr/local/lib/android/sdk/platforms/android-36.1/data/res/values-mcc310-mnc230-ms: Cannot change mode to rwxr-xr-x: Operation not permitted
build	Cache Android SDK	2026-06-06T12:22:55.0615004Z /usr/bin/tar: ../../../../../usr/local/lib/android/sdk/platforms/android-36.1/data/res/values-mcc302-mnc720-vi: Cannot utime: Operation not permitted
build	Cache Android SDK	2026-06-06T12:22:55.0615939Z /usr/bin/tar: ../../../../../usr/local/lib/android/sdk/platforms/android-36.1/data/res/values-mcc302-mnc720-vi: Cannot change mode to rwxr-xr-x: Operation not permitted
build	Cache Android SDK	2026-06-06T12:22:55.0618956Z /usr/bin/tar: ../../../../../usr/local/lib/android/sdk/platforms/android-36.1/data/res/values-tr-rTR: Cannot utime: Operation not permitted
build	Cache Android SDK	2026-06-06T12:22:55.0619935Z /usr/bin/tar: ../../../../../usr/local/lib/android/sdk/platforms/android-36.1/data/res/values-tr-rTR: Cannot change mode to rwxr-xr-x: Operation not permitted
build	Cache Android SDK	2026-06-06T12:22:55.0632403Z /usr/bin/tar: ../../../../../usr/local/lib/android/sdk/platforms/android-36.1/data/res/values-en-rXC: Cannot utime: Operation not permitted
build	Cache Android SDK	2026-06-06T12:22:55.0633416Z /usr/bin/tar: ../../../../../usr/local/lib/android/sdk/platforms/android-36.1/data/res/values-en-rXC: Cannot change mode to rwxr-xr-x: Operation not permitted
build	Cache Android SDK	2026-06-06T12:22:55.0636956Z /usr/bin/tar: ../../../../../usr/local/lib/android/sdk/platforms/android-36.1/data/res/values-mcc310-mnc560-pt-rPT: Cannot utime: Operation not permitted
build	Cache Android SDK	2026-06-06T12:22:55.0638128Z /usr/bin/tar: ../../../../../usr/local/lib/android/sdk/platforms/android-36.1/data/res/values-mcc310-mnc560-pt-rPT: Cannot change mode to rwxr-xr-x: Operation not permitted
build	Cache Android SDK	2026-06-06T12:22:55.0639755Z /usr/bin/tar: ../../../../../usr/local/lib/android/sdk/platforms/android-36.1/data/res/values-mcc310-mnc490-es: Cannot utime: Operation not permitted
build	Cache Android SDK	2026-06-06T12:22:55.0640679Z /usr/bin/tar: ../../../../../usr/local/lib/android/sdk/platforms/android-36.1/data/res/values-mcc310-mnc490-es: Cannot change mode to rwxr-xr-x: Operation not permitted
build	Cache Android SDK	2026-06-06T12:22:55.0644369Z /usr/bin/tar: ../../../../../usr/local/lib/android/sdk/platforms/android-36.1/data/res/values-mcc310-mnc310-th: Cannot utime: Operation not permitted
build	Cache Android SDK	2026-06-06T12:22:55.0645303Z /usr/bin/tar: ../../../../../usr/local/lib/android/sdk/platforms/android-36.1/data/res/values-mcc310-mnc310-th: Cannot change mode to rwxr-xr-x: Operation not permitted
build	Cache Android SDK	2026-06-06T12:22:55.0647970Z /usr/bin/tar: ../../../../../usr/local/lib/android/sdk/platforms/android-36.1/data/res/values-mcc310-mnc030-fa: Cannot utime: Operation not permitted
build	Cache Android SDK	2026-06-06T12:22:55.0648896Z /usr/bin/tar: ../../../../../usr/local/lib/android/sdk/platforms/android-36.1/data/res/values-mcc310-mnc030-fa: Cannot change mode to rwxr-xr-x: Operation not permitted
build	Cache Android SDK	2026-06-06T12:22:55.0654990Z /usr/bin/tar: ../../../../../usr/local/lib/android/sdk/platforms/android-36.1/data/res/values-mcc001-mnc01-be: Cannot utime: Operation not permitted
build	Cache Android SDK	2026-06-06T12:22:55.0655918Z /usr/bin/tar: ../../../../../usr/local/lib/android/sdk/platforms/android-36.1/data/res/values-mcc001-mnc01-be: Cannot change mode to rwxr-xr-x: Operation not permitted
build	Cache Android SDK	2026-06-06T12:22:55.0658464Z /usr/bin/tar: ../../../../../usr/local/lib/android/sdk/platforms/android-36.1/data/res/values-mcc310-mnc210-el: Cannot utime: Operation not permitted
build	Cache Android SDK	2026-06-06T12:22:55.0659380Z /usr/bin/tar: ../../../../../usr/local/lib/android/sdk/platforms/android-36.1/data/res/values-mcc310-mnc210-el: Cannot change mode to rwxr-xr-x: Operation not permitted
build	Cache Android SDK	2026-06-06T12:22:55.0661974Z /usr/bin/tar: ../../../../../usr/local/lib/android/sdk/platforms/android-36.1/data/res/values-mcc310-mnc200-ja: Cannot utime: Operation not permitted
build	Cache Android SDK	2026-06-06T12:22:55.0662910Z /usr/bin/tar: ../../../../../usr/local/lib/android/sdk/platforms/android-36.1/data/res/values-mcc310-mnc200-ja: Cannot change mode to rwxr-xr-x: Operation not permitted
build	Cache Android SDK	2026-06-06T12:22:55.0669381Z /usr/bin/tar: ../../../../../usr/local/lib/android/sdk/platforms/android-36.1/data/res/values-eu: Cannot utime: Operation not permitted
build	Cache Android SDK	2026-06-06T12:22:55.0670454Z /usr/bin/tar: ../../../../../usr/local/lib/android/sdk/platforms/android-36.1/data/res/values-eu: Cannot change mode to rwxr-xr-x: Operation not permitted
build	Cache Android SDK	2026-06-06T12:22:55.0674376Z /usr/bin/tar: ../../../../../usr/local/lib/android/sdk/platforms/android-36.1/data/res/values-mcc310-mnc160-ms: Cannot utime: Operation not permitted
build	Cache Android SDK	2026-06-06T12:22:55.0675345Z /usr/bin/tar: ../../../../../usr/local/lib/android/sdk/platforms/android-36.1/data/res/values-mcc310-mnc160-ms: Cannot change mode to rwxr-xr-x: Operation not permitted
build	Cache Android SDK	2026-06-06T12:22:55.0678042Z /usr/bin/tar: ../../../../../usr/local/lib/android/sdk/platforms/android-36.1/data/res/values-mcc310-mnc240-az: Cannot utime: Operation not permitted
build	Cache Android SDK	2026-06-06T12:22:55.0679119Z /usr/bin/tar: ../../../../../usr/local/lib/android/sdk/platforms/android-36.1/data/res/values-mcc310-mnc240-az: Cannot change mode to rwxr-xr-x: Operation not permitted
build	Cache Android SDK	2026-06-06T12:22:55.0685258Z /usr/bin/tar: ../../../../../usr/local/lib/android/sdk/platforms/android-36.1/data/res/values-mcc310-mnc220-kk: Cannot utime: Operation not permitted
build	Cache Android SDK	2026-06-06T12:22:55.0686281Z /usr/bin/tar: ../../../../../usr/local/lib/android/sdk/platforms/android-36.1/data/res/values-mcc310-mnc220-kk: Cannot change mode to rwxr-xr-x: Operation not permitted
build	Cache Android SDK	2026-06-06T12:22:55.0690297Z /usr/bin/tar: ../../../../../usr/local/lib/android/sdk/platforms/android-36.1/data/res/values-mcc310-mnc200-ru: Cannot utime: Operation not permitted
build	Cache Android SDK	2026-06-06T12:22:55.0691239Z /usr/bin/tar: ../../../../../usr/local/lib/android/sdk/platforms/android-36.1/data/res/values-mcc310-mnc200-ru: Cannot change mode to rwxr-xr-x: Operation not permitted
build	Cache Android SDK	2026-06-06T12:22:55.0693383Z /usr/bin/tar: ../../../../../usr/local/lib/android/sdk/platforms/android-36.1/data/res/values-mcc001-mnc01-da: Cannot utime: Operation not permitted
build	Cache Android SDK	2026-06-06T12:22:55.0694329Z /usr/bin/tar: ../../../../../usr/local/lib/android/sdk/platforms/android-36.1/data/res/values-mcc001-mnc01-da: Cannot change mode to rwxr-xr-x: Operation not permitted
build	Cache Android SDK	2026-06-06T12:22:55.0696891Z /usr/bin/tar: ../../../../../usr/local/lib/android/sdk/platforms/android-36.1/data/res/values-mcc310-mnc160-it: Cannot utime: Operation not permitted
build	Cache Android SDK	2026-06-06T12:22:55.0698004Z /usr/bin/tar: ../../../../../usr/local/lib/android/sdk/platforms/android-36.1/data/res/values-mcc310-mnc160-it: Cannot change mode to rwxr-xr-x: Operation not permitted
build	Cache Android SDK	2026-06-06T12:22:55.0701012Z /usr/bin/tar: ../../../../../usr/local/lib/android/sdk/platforms/android-36.1/data/res/values-mcc310-mnc200-sq: Cannot utime: Operation not permitted
build	Cache Android SDK	2026-06-06T12:22:55.0701970Z /usr/bin/tar: ../../../../../usr/local/lib/android/sdk/platforms/android-36.1/data/res/values-mcc310-mnc200-sq: Cannot change mode to rwxr-xr-x: Operation not permitted
build	Cache Android SDK	2026-06-06T12:22:55.0705877Z /usr/bin/tar: ../../../../../usr/local/lib/android/sdk/platforms/android-36.1/data/res/values-mcc302-mnc370-b+sr+Latn: Cannot utime: Operation not permitted
build	Cache Android SDK	2026-06-06T12:22:55.0706884Z /usr/bin/tar: ../../../../../usr/local/lib/android/sdk/platforms/android-36.1/data/res/values-mcc302-mnc370-b+sr+Latn: Cannot change mode to rwxr-xr-x: Operation not permitted
build	Cache Android SDK	2026-06-06T12:22:55.0709796Z /usr/bin/tar: ../../../../../usr/local/lib/android/sdk/platforms/android-36.1/data/res/values-mcc302-mnc720-am: Cannot utime: Operation not permitted
build	Cache Android SDK	2026-06-06T12:22:55.0710732Z /usr/bin/tar: ../../../../../usr/local/lib/android/sdk/platforms/android-36.1/data/res/values-mcc302-mnc720-am: Cannot change mode to rwxr-xr-x: Operation not permitted
build	Cache Android SDK	2026-06-06T12:22:55.0714371Z /usr/bin/tar: ../../../../../usr/local/lib/android/sdk/platforms/android-36.1/data/res/values-mcc310-mnc210-ru: Cannot utime: Operation not permitted
build	Cache Android SDK	2026-06-06T12:22:55.0715557Z /usr/bin/tar: ../../../../../usr/local/lib/android/sdk/platforms/android-36.1/data/res/values-mcc310-mnc210-ru: Cannot change mode to rwxr-xr-x: Operation not permitted
build	Cache Android SDK	2026-06-06T12:22:55.0717880Z /usr/bin/tar: ../../../../../usr/local/lib/android/sdk/platforms/android-36.1/data/res/values-mcc311-mnc180-sv: Cannot utime: Operation not permitted
build	Cache Android SDK	2026-06-06T12:22:55.0719129Z /usr/bin/tar: ../../../../../usr/local/lib/android/sdk/platforms/android-36.1/data/res/values-mcc311-mnc180-sv: Cannot change mode to rwxr-xr-x: Operation not permitted
build	Cache Android SDK	2026-06-06T12:22:55.0723475Z /usr/bin/tar: ../../../../../usr/local/lib/android/sdk/platforms/android-36.1/data/res/values-mcc312-mnc670-pt-rBR: Cannot utime: Operation not permitted
build	Cache Android SDK	2026-06-06T12:22:55.0724558Z /usr/bin/tar: ../../../../../usr/local/lib/android/sdk/platforms/android-36.1/data/res/values-mcc312-mnc670-pt-rBR: Cannot change mode to rwxr-xr-x: Operation not permitted
build	Cache Android SDK	2026-06-06T12:22:55.0726888Z /usr/bin/tar: ../../../../../usr/local/lib/android/sdk/platforms/android-36.1/data/res/values-mcc313-mnc100-km: Cannot utime: Operation not permitted
build	Cache Android SDK	2026-06-06T12:22:55.0728149Z /usr/bin/tar: ../../../../../usr/local/lib/android/sdk/platforms/android-36.1/data/res/values-mcc313-mnc100-km: Cannot change mode to rwxr-xr-x: Operation not permitted
build	Cache Android SDK	2026-06-06T12:22:55.0733812Z /usr/bin/tar: ../../../../../usr/local/lib/android/sdk/platforms/android-36.1/data/res/values-mcc310-mnc170-ur: Cannot utime: Operation not permitted
build	Cache Android SDK	2026-06-06T12:22:55.0734868Z /usr/bin/tar: ../../../../../usr/local/lib/android/sdk/platforms/android-36.1/data/res/values-mcc310-mnc170-ur: Cannot change mode to rwxr-xr-x: Operation not permitted
build	Cache Android SDK	2026-06-06T12:22:55.0739966Z /usr/bin/tar: ../../../../../usr/local/lib/android/sdk/platforms/android-36.1/data/res/values-mcc310-mnc380-bn: Cannot utime: Operation not permitted
build	Cache Android SDK	2026-06-06T12:22:55.0740898Z /usr/bin/tar: ../../../../../usr/local/lib/android/sdk/platforms/android-36.1/data/res/values-mcc310-mnc380-bn: Cannot change mode to rwxr-xr-x: Operation not permitted
build	Cache Android SDK	2026-06-06T12:22:55.0743343Z /usr/bin/tar: ../../../../../usr/local/lib/android/sdk/platforms/android-36.1/data/res/values-mcc310-mnc160-pt-rBR: Cannot utime: Operation not permitted
build	Cache Android SDK	2026-06-06T12:22:55.0744311Z /usr/bin/tar: ../../../../../usr/local/lib/android/sdk/platforms/android-36.1/data/res/values-mcc310-mnc160-pt-rBR: Cannot change mode to rwxr-xr-x: Operation not permitted
build	Cache Android SDK	2026-06-06T12:22:55.0747749Z /usr/bin/tar: ../../../../../usr/local/lib/android/sdk/platforms/android-36.1/data/res/values-mcc313-mnc100-ka: Cannot utime: Operation not permitted
build	Cache Android SDK	2026-06-06T12:22:55.0748720Z /usr/bin/tar: ../../../../../usr/local/lib/android/sdk/platforms/android-36.1/data/res/values-mcc313-mnc100-ka: Cannot change mode to rwxr-xr-x: Operation not permitted
build	Cache Android SDK	2026-06-06T12:22:55.0751834Z /usr/bin/tar: ../../../../../usr/local/lib/android/sdk/platforms/android-36.1/data/res/values-mcc001-mnc01-ar: Cannot utime: Operation not permitted
build	Cache Android SDK	2026-06-06T12:22:55.0752788Z /usr/bin/tar: ../../../../../usr/local/lib/android/sdk/platforms/android-36.1/data/res/values-mcc001-mnc01-ar: Cannot change mode to rwxr-xr-x: Operation not permitted
build	Cache Android SDK	2026-06-06T12:22:55.0755783Z /usr/bin/tar: ../../../../../usr/local/lib/android/sdk/platforms/android-36.1/data/res/values-mcc312-mnc670-da: Cannot utime: Operation not permitted
build	Cache Android SDK	2026-06-06T12:22:55.0756778Z /usr/bin/tar: ../../../../../usr/local/lib/android/sdk/platforms/android-36.1/data/res/values-mcc312-mnc670-da: Cannot change mode to rwxr-xr-x: Operation not permitted
build	Cache Android SDK	2026-06-06T12:22:55.0762148Z /usr/bin/tar: ../../../../../usr/local/lib/android/sdk/platforms/android-36.1/data/res/values-mcc001-mnc01-is: Cannot utime: Operation not permitted
build	Cache Android SDK	2026-06-06T12:22:55.0763405Z /usr/bin/tar: ../../../../../usr/local/lib/android/sdk/platforms/android-36.1/data/res/values-mcc001-mnc01-is: Cannot change mode to rwxr-xr-x: Operation not permitted
build	Cache Android SDK	2026-06-06T12:22:55.0764875Z /usr/bin/tar: ../../../../../usr/local/lib/android/sdk/platforms/android-36.1/data/res/values-mcc310-mnc280-mn: Cannot utime: Operation not permitted
build	Cache Android SDK	2026-06-06T12:22:55.0765912Z /usr/bin/tar: ../../../../../usr/local/lib/android/sdk/platforms/android-36.1/data/res/values-mcc310-mnc280-mn: Cannot change mode to rwxr-xr-x: Operation not permitted
build	Cache Android SDK	2026-06-06T12:22:55.0769018Z /usr/bin/tar: ../../../../../usr/local/lib/android/sdk/platforms/android-36.1/data/res/values-mcc311-mnc180-es: Cannot utime: Operation not permitted
build	Cache Android SDK	2026-06-06T12:22:55.0769965Z /usr/bin/tar: ../../../../../usr/local/lib/android/sdk/platforms/android-36.1/data/res/values-mcc311-mnc180-es: Cannot change mode to rwxr-xr-x: Operation not permitted
build	Cache Android SDK	2026-06-06T12:22:55.0775416Z /usr/bin/tar: ../../../../../usr/local/lib/android/sdk/platforms/android-36.1/data/res/values-mcc310-mnc270-uz: Cannot utime: Operation not permitted
build	Cache Android SDK	2026-06-06T12:22:55.0776352Z /usr/bin/tar: ../../../../../usr/local/lib/android/sdk/platforms/android-36.1/data/res/values-mcc310-mnc270-uz: Cannot change mode to rwxr-xr-x: Operation not permitted
build	Cache Android SDK	2026-06-06T12:22:55.0779564Z /usr/bin/tar: ../../../../../usr/local/lib/android/sdk/platforms/android-36.1/data/res/values-mcc310-mnc220-fr-rCA: Cannot utime: Operation not permitted
build	Cache Android SDK	2026-06-06T12:22:55.0780553Z /usr/bin/tar: ../../../../../usr/local/lib/android/sdk/platforms/android-36.1/data/res/values-mcc310-mnc220-fr-rCA: Cannot change mode to rwxr-xr-x: Operation not permitted
build	Cache Android SDK	2026-06-06T12:22:55.0783063Z /usr/bin/tar: ../../../../../usr/local/lib/android/sdk/platforms/android-36.1/data/res/values-mcc001-mnc01-af: Cannot utime: Operation not permitted
build	Cache Android SDK	2026-06-06T12:22:55.0784006Z /usr/bin/tar: ../../../../../usr/local/lib/android/sdk/platforms/android-36.1/data/res/values-mcc001-mnc01-af: Cannot change mode to rwxr-xr-x: Operation not permitted
build	Cache Android SDK	2026-06-06T12:22:55.0786716Z /usr/bin/tar: ../../../../../usr/local/lib/android/sdk/platforms/android-36.1/data/res/values-mcc310-mnc280-fi: Cannot utime: Operation not permitted
build	Cache Android SDK	2026-06-06T12:22:55.0787850Z /usr/bin/tar: ../../../../../usr/local/lib/android/sdk/platforms/android-36.1/data/res/values-mcc310-mnc280-fi: Cannot change mode to rwxr-xr-x: Operation not permitted
build	Cache Android SDK	2026-06-06T12:22:55.0790502Z /usr/bin/tar: ../../../../../usr/local/lib/android/sdk/platforms/android-36.1/data/res/values-fr-rFR: Cannot utime: Operation not permitted
build	Cache Android SDK	2026-06-06T12:22:55.0791471Z /usr/bin/tar: ../../../../../usr/local/lib/android/sdk/platforms/android-36.1/data/res/values-fr-rFR: Cannot change mode to rwxr-xr-x: Operation not permitted
build	Cache Android SDK	2026-06-06T12:22:55.0794495Z /usr/bin/tar: ../../../../../usr/local/lib/android/sdk/platforms/android-36.1/data/res/values-mcc310-mnc380-sw: Cannot utime: Operation not permitted
build	Cache Android SDK	2026-06-06T12:22:55.0795478Z /usr/bin/tar: ../../../../../usr/local/lib/android/sdk/platforms/android-36.1/data/res/values-mcc310-mnc380-sw: Cannot change mode to rwxr-xr-x: Operation not permitted
build	Cache Android SDK	2026-06-06T12:22:55.0798609Z /usr/bin/tar: ../../../../../usr/local/lib/android/sdk/platforms/android-36.1/data/res/values-mcc310-mnc270-de: Cannot utime: Operation not permitted
build	Cache Android SDK	2026-06-06T12:22:55.0799695Z /usr/bin/tar: ../../../../../usr/local/lib/android/sdk/platforms/android-36.1/data/res/values-mcc310-mnc270-de: Cannot change mode to rwxr-xr-x: Operation not permitted
build	Cache Android SDK	2026-06-06T12:22:55.0801359Z /usr/bin/tar: ../../../../../usr/local/lib/android/sdk/platforms/android-36.1/data/res/values-mcc310-mnc030-ta: Cannot utime: Operation not permitted
build	Cache Android SDK	2026-06-06T12:22:55.0802304Z /usr/bin/tar: ../../../../../usr/local/lib/android/sdk/platforms/android-36.1/data/res/values-mcc310-mnc030-ta: Cannot change mode to rwxr-xr-x: Operation not permitted
build	Cache Android SDK	2026-06-06T12:22:55.0805667Z /usr/bin/tar: ../../../../../usr/local/lib/android/sdk/platforms/android-36.1/data/res/values-mcc310-mnc800-si: Cannot utime: Operation not permitted
build	Cache Android SDK	2026-06-06T12:22:55.0806597Z /usr/bin/tar: ../../../../../usr/local/lib/android/sdk/platforms/android-36.1/data/res/values-mcc310-mnc800-si: Cannot change mode to rwxr-xr-x: Operation not permitted
build	Cache Android SDK	2026-06-06T12:22:55.0812679Z /usr/bin/tar: ../../../../../usr/local/lib/android/sdk/platforms/android-36.1/data/res/values-mcc310-mnc660-zu: Cannot utime: Operation not permitted
build	Cache Android SDK	2026-06-06T12:22:55.0813847Z /usr/bin/tar: ../../../../../usr/local/lib/android/sdk/platforms/android-36.1/data/res/values-mcc310-mnc660-zu: Cannot change mode to rwxr-xr-x: Operation not permitted
build	Cache Android SDK	2026-06-06T12:22:55.0816437Z /usr/bin/tar: ../../../../../usr/local/lib/android/sdk/platforms/android-36.1/data/res/values-mcc310-mnc310-es-rUS: Cannot utime: Operation not permitted
build	Cache Android SDK	2026-06-06T12:22:55.0817636Z /usr/bin/tar: ../../../../../usr/local/lib/android/sdk/platforms/android-36.1/data/res/values-mcc310-mnc310-es-rUS: Cannot change mode to rwxr-xr-x: Operation not permitted
build	Cache Android SDK	2026-06-06T12:22:55.0819394Z /usr/bin/tar: ../../../../../usr/local/lib/android/sdk/platforms/android-36.1/data/res/values-mcc311-mnc180-ky: Cannot utime: Operation not permitted
build	Cache Android SDK	2026-06-06T12:22:55.0820381Z /usr/bin/tar: ../../../../../usr/local/lib/android/sdk/platforms/android-36.1/data/res/values-mcc311-mnc180-ky: Cannot change mode to rwxr-xr-x: Operation not permitted
build	Cache Android SDK	2026-06-06T12:22:55.0824079Z /usr/bin/tar: ../../../../../usr/local/lib/android/sdk/platforms/android-36.1/data/res/values-mcc310-mnc490-fi: Cannot utime: Operation not permitted
build	Cache Android SDK	2026-06-06T12:22:55.0825053Z /usr/bin/tar: ../../../../../usr/local/lib/android/sdk/platforms/android-36.1/data/res/values-mcc310-mnc490-fi: Cannot change mode to rwxr-xr-x: Operation not permitted
build	Cache Android SDK	2026-06-06T12:22:55.0828804Z /usr/bin/tar: ../../../../../usr/local/lib/android/sdk/platforms/android-36.1/data/res/values-mcc310-mnc310-hi: Cannot utime: Operation not permitted
build	Cache Android SDK	2026-06-06T12:22:55.0829852Z /usr/bin/tar: ../../../../../usr/local/lib/android/sdk/platforms/android-36.1/data/res/values-mcc310-mnc310-hi: Cannot change mode to rwxr-xr-x: Operation not permitted
build	Cache Android SDK	2026-06-06T12:22:55.0832311Z /usr/bin/tar: ../../../../../usr/local/lib/android/sdk/platforms/android-36.1/data/res/values-mcc302-mnc720-nl: Cannot utime: Operation not permitted
build	Cache Android SDK	2026-06-06T12:22:55.0833252Z /usr/bin/tar: ../../../../../usr/local/lib/android/sdk/platforms/android-36.1/data/res/values-mcc302-mnc720-nl: Cannot change mode to rwxr-xr-x: Operation not permitted
build	Cache Android SDK	2026-06-06T12:22:55.0835888Z /usr/bin/tar: ../../../../../usr/local/lib/android/sdk/platforms/android-36.1/data/res/values-mcc310-mnc170-lo: Cannot utime: Operation not permitted
build	Cache Android SDK	2026-06-06T12:22:55.0836847Z /usr/bin/tar: ../../../../../usr/local/lib/android/sdk/platforms/android-36.1/data/res/values-mcc310-mnc170-lo: Cannot change mode to rwxr-xr-x: Operation not permitted
build	Cache Android SDK	2026-06-06T12:22:55.0840802Z /usr/bin/tar: ../../../../../usr/local/lib/android/sdk/platforms/android-36.1/data/res/values-mcc310-mnc380-fi: Cannot utime: Operation not permitted
build	Cache Android SDK	2026-06-06T12:22:55.0841807Z /usr/bin/tar: ../../../../../usr/local/lib/android/sdk/platforms/android-36.1/data/res/values-mcc310-mnc380-fi: Cannot change mode to rwxr-xr-x: Operation not permitted
build	Cache Android SDK	2026-06-06T12:22:55.0844273Z /usr/bin/tar: ../../../../../usr/local/lib/android/sdk/platforms/android-36.1/data/res/values-mcc310-mnc150-kn: Cannot utime: Operation not permitted
build	Cache Android SDK	2026-06-06T12:22:55.0845289Z /usr/bin/tar: ../../../../../usr/local/lib/android/sdk/platforms/android-36.1/data/res/values-mcc310-mnc150-kn: Cannot change mode to rwxr-xr-x: Operation not permitted
build	Cache Android SDK	2026-06-06T12:22:55.0846951Z /usr/bin/tar: ../../../../../usr/local/lib/android/sdk/platforms/android-36.1/data/res/values-mcc310-mnc170: Cannot utime: Operation not permitted
build	Cache Android SDK	2026-06-06T12:22:55.0848162Z /usr/bin/tar: ../../../../../usr/local/lib/android/sdk/platforms/android-36.1/data/res/values-mcc310-mnc170: Cannot change mode to rwxr-xr-x: Operation not permitted
build	Cache Android SDK	2026-06-06T12:22:55.0849600Z /usr/bin/tar: ../../../../../usr/local/lib/android/sdk/platforms/android-36.1/data/res/values-mcc310-mnc150-hy: Cannot utime: Operation not permitted
build	Cache Android SDK	2026-06-06T12:22:55.0851319Z /usr/bin/tar: ../../../../../usr/local/lib/android/sdk/platforms/android-36.1/data/res/values-mcc310-mnc150-hy: Cannot change mode to rwxr-xr-x: Operation not permitted
build	Cache Android SDK	2026-06-06T12:22:55.0852862Z /usr/bin/tar: ../../../../../usr/local/lib/android/sdk/platforms/android-36.1/data/res/values-mcc310-mnc560-en-rAU: Cannot utime: Operation not permitted
build	Cache Android SDK	2026-06-06T12:22:55.0853939Z /usr/bin/tar: ../../../../../usr/local/lib/android/sdk/platforms/android-36.1/data/res/values-mcc310-mnc560-en-rAU: Cannot change mode to rwxr-xr-x: Operation not permitted
build	Cache Android SDK	2026-06-06T12:22:55.0859883Z /usr/bin/tar: ../../../../../usr/local/lib/android/sdk/platforms/android-36.1/data/res/values-it-neuter: Cannot utime: Operation not permitted
build	Cache Android SDK	2026-06-06T12:22:55.0860813Z /usr/bin/tar: ../../../../../usr/local/lib/android/sdk/platforms/android-36.1/data/res/values-it-neuter: Cannot change mode to rwxr-xr-x: Operation not permitted
build	Cache Android SDK	2026-06-06T12:22:55.0866402Z /usr/bin/tar: ../../../../../usr/local/lib/android/sdk/platforms/android-36.1/data/res/values-mcc716-mnc17: Cannot utime: Operation not permitted
build	Cache Android SDK	2026-06-06T12:22:55.0867517Z /usr/bin/tar: ../../../../../usr/local/lib/android/sdk/platforms/android-36.1/data/res/values-mcc716-mnc17: Cannot change mode to rwxr-xr-x: Operation not permitted
build	Cache Android SDK	2026-06-06T12:22:55.0869570Z /usr/bin/tar: ../../../../../usr/local/lib/android/sdk/platforms/android-36.1/data/res/values-mcc310-mnc560-de: Cannot utime: Operation not permitted
build	Cache Android SDK	2026-06-06T12:22:55.0870614Z /usr/bin/tar: ../../../../../usr/local/lib/android/sdk/platforms/android-36.1/data/res/values-mcc310-mnc560-de: Cannot change mode to rwxr-xr-x: Operation not permitted
build	Cache Android SDK	2026-06-06T12:22:55.0872908Z /usr/bin/tar: ../../../../../usr/local/lib/android/sdk/platforms/android-36.1/data/res/values-mcc334-mnc020-tl: Cannot utime: Operation not permitted
build	Cache Android SDK	2026-06-06T12:22:55.0873853Z /usr/bin/tar: ../../../../../usr/local/lib/android/sdk/platforms/android-36.1/data/res/values-mcc334-mnc020-tl: Cannot change mode to rwxr-xr-x: Operation not permitted
build	Cache Android SDK	2026-06-06T12:22:55.0876167Z /usr/bin/tar: ../../../../../usr/local/lib/android/sdk/platforms/android-36.1/data/res/values-mcc310-mnc150-ur: Cannot utime: Operation not permitted
build	Cache Android SDK	2026-06-06T12:22:55.0877164Z /usr/bin/tar: ../../../../../usr/local/lib/android/sdk/platforms/android-36.1/data/res/values-mcc310-mnc150-ur: Cannot change mode to rwxr-xr-x: Operation not permitted
build	Cache Android SDK	2026-06-06T12:22:55.0879007Z /usr/bin/tar: ../../../../../usr/local/lib/android/sdk/platforms/android-36.1/data/res/values-mcc310-mnc250-fr: Cannot utime: Operation not permitted
build	Cache Android SDK	2026-06-06T12:22:55.0879930Z /usr/bin/tar: ../../../../../usr/local/lib/android/sdk/platforms/android-36.1/data/res/values-mcc310-mnc250-fr: Cannot change mode to rwxr-xr-x: Operation not permitted
build	Cache Android SDK	2026-06-06T12:22:55.0883121Z /usr/bin/tar: ../../../../../usr/local/lib/android/sdk/platforms/android-36.1/data/res/values-mcc310-mnc950-tl: Cannot utime: Operation not permitted
build	Cache Android SDK	2026-06-06T12:22:55.0884051Z /usr/bin/tar: ../../../../../usr/local/lib/android/sdk/platforms/android-36.1/data/res/values-mcc310-mnc950-tl: Cannot change mode to rwxr-xr-x: Operation not permitted
build	Cache Android SDK	2026-06-06T12:22:55.0887028Z /usr/bin/tar: ../../../../../usr/local/lib/android/sdk/platforms/android-36.1/data/res/values-mcc310-mnc160-fr: Cannot utime: Operation not permitted
build	Cache Android SDK	2026-06-06T12:22:55.0888148Z /usr/bin/tar: ../../../../../usr/local/lib/android/sdk/platforms/android-36.1/data/res/values-mcc310-mnc160-fr: Cannot change mode to rwxr-xr-x: Operation not permitted
build	Cache Android SDK	2026-06-06T12:22:55.0892906Z /usr/bin/tar: ../../../../../usr/local/lib/android/sdk/platforms/android-36.1/data/res/values-mcc313-mnc100-en-rGB: Cannot utime: Operation not permitted
build	Cache Android SDK	2026-06-06T12:22:55.0894078Z /usr/bin/tar: ../../../../../usr/local/lib/android/sdk/platforms/android-36.1/data/res/values-mcc313-mnc100-en-rGB: Cannot change mode to rwxr-xr-x: Operation not permitted
build	Cache Android SDK	2026-06-06T12:22:55.0895044Z /usr/bin/tar: ../../../../../usr/local/lib/android/sdk/platforms/android-36.1/data/res/values-mcc310-mnc560-gl: Cannot utime: Operation not permitted
build	Cache Android SDK	2026-06-06T12:22:55.0895967Z /usr/bin/tar: ../../../../../usr/local/lib/android/sdk/platforms/android-36.1/data/res/values-mcc310-mnc560-gl: Cannot change mode to rwxr-xr-x: Operation not permitted
build	Cache Android SDK	2026-06-06T12:22:55.0899913Z /usr/bin/tar: ../../../../../usr/local/lib/android/sdk/platforms/android-36.1/data/res/values-mcc310-mnc560-lo: Cannot utime: Operation not permitted
build	Cache Android SDK	2026-06-06T12:22:55.0901005Z /usr/bin/tar: ../../../../../usr/local/lib/android/sdk/platforms/android-36.1/data/res/values-mcc310-mnc560-lo: Cannot change mode to rwxr-xr-x: Operation not permitted
build	Cache Android SDK	2026-06-06T12:22:55.0903372Z /usr/bin/tar: ../../../../../usr/local/lib/android/sdk/platforms/android-36.1/data/res/values-mcc310-mnc160-pl: Cannot utime: Operation not permitted
build	Cache Android SDK	2026-06-06T12:22:55.0904302Z /usr/bin/tar: ../../../../../usr/local/lib/android/sdk/platforms/android-36.1/data/res/values-mcc310-mnc160-pl: Cannot change mode to rwxr-xr-x: Operation not permitted
build	Cache Android SDK	2026-06-06T12:22:55.0906816Z /usr/bin/tar: ../../../../../usr/local/lib/android/sdk/platforms/android-36.1/data/res/values-mcc310-mnc250-ca: Cannot utime: Operation not permitted
build	Cache Android SDK	2026-06-06T12:22:55.0907902Z /usr/bin/tar: ../../../../../usr/local/lib/android/sdk/platforms/android-36.1/data/res/values-mcc310-mnc250-ca: Cannot change mode to rwxr-xr-x: Operation not permitted
build	Cache Android SDK	2026-06-06T12:22:55.0912447Z /usr/bin/tar: ../../../../../usr/local/lib/android/sdk/platforms/android-36.1/data/res/values-mcc310-mnc240-pt-rPT: Cannot utime: Operation not permitted
build	Cache Android SDK	2026-06-06T12:22:55.0913414Z /usr/bin/tar: ../../../../../usr/local/lib/android/sdk/platforms/android-36.1/data/res/values-mcc310-mnc240-pt-rPT: Cannot change mode to rwxr-xr-x: Operation not permitted
build	Cache Android SDK	2026-06-06T12:22:55.0915992Z /usr/bin/tar: ../../../../../usr/local/lib/android/sdk/platforms/android-36.1/data/res/values-mcc310-mnc560-in: Cannot utime: Operation not permitted
build	Cache Android SDK	2026-06-06T12:22:55.0916906Z /usr/bin/tar: ../../../../../usr/local/lib/android/sdk/platforms/android-36.1/data/res/values-mcc310-mnc560-in: Cannot change mode to rwxr-xr-x: Operation not permitted
build	Cache Android SDK	2026-06-06T12:22:55.0919219Z /usr/bin/tar: ../../../../../usr/local/lib/android/sdk/platforms/android-36.1/data/res/values-mcc425-mnc07: Cannot utime: Operation not permitted
build	Cache Android SDK	2026-06-06T12:22:55.0920139Z /usr/bin/tar: ../../../../../usr/local/lib/android/sdk/platforms/android-36.1/data/res/values-mcc425-mnc07: Cannot change mode to rwxr-xr-x: Operation not permitted
build	Cache Android SDK	2026-06-06T12:22:55.0922313Z /usr/bin/tar: ../../../../../usr/local/lib/android/sdk/platforms/android-36.1/data/res/values-mcc311-mnc190: Cannot utime: Operation not permitted
build	Cache Android SDK	2026-06-06T12:22:55.0923236Z /usr/bin/tar: ../../../../../usr/local/lib/android/sdk/platforms/android-36.1/data/res/values-mcc311-mnc190: Cannot change mode to rwxr-xr-x: Operation not permitted
build	Cache Android SDK	2026-06-06T12:22:55.0927881Z /usr/bin/tar: ../../../../../usr/local/lib/android/sdk/platforms/android-36.1/data/res/values-mcc310-mnc030-cs: Cannot utime: Operation not permitted
build	Cache Android SDK	2026-06-06T12:22:55.0928939Z /usr/bin/tar: ../../../../../usr/local/lib/android/sdk/platforms/android-36.1/data/res/values-mcc310-mnc030-cs: Cannot change mode to rwxr-xr-x: Operation not permitted
build	Cache Android SDK	2026-06-06T12:22:55.0935421Z /usr/bin/tar: ../../../../../usr/local/lib/android/sdk/platforms/android-36.1/data/res/values-mcc310-mnc250-mr: Cannot utime: Operation not permitted
build	Cache Android SDK	2026-06-06T12:22:55.0936341Z /usr/bin/tar: ../../../../../usr/local/lib/android/sdk/platforms/android-36.1/data/res/values-mcc310-mnc250-mr: Cannot change mode to rwxr-xr-x: Operation not permitted
build	Cache Android SDK	2026-06-06T12:22:55.0941884Z /usr/bin/tar: ../../../../../usr/local/lib/android/sdk/platforms/android-36.1/data/res/values-mcc310-mnc270-pt-rPT: Cannot utime: Operation not permitted
build	Cache Android SDK	2026-06-06T12:22:55.0942842Z /usr/bin/tar: ../../../../../usr/local/lib/android/sdk/platforms/android-36.1/data/res/values-mcc310-mnc270-pt-rPT: Cannot change mode to rwxr-xr-x: Operation not permitted
build	Cache Android SDK	2026-06-06T12:22:55.0945459Z /usr/bin/tar: ../../../../../usr/local/lib/android/sdk/platforms/android-36.1/data/res/values-fr-television: Cannot utime: Operation not permitted
build	Cache Android SDK	2026-06-06T12:22:55.0946373Z /usr/bin/tar: ../../../../../usr/local/lib/android/sdk/platforms/android-36.1/data/res/values-fr-television: Cannot change mode to rwxr-xr-x: Operation not permitted
build	Cache Android SDK	2026-06-06T12:22:55.0949453Z /usr/bin/tar: ../../../../../usr/local/lib/android/sdk/platforms/android-36.1/data/res/values-ar-watch: Cannot utime: Operation not permitted
build	Cache Android SDK	2026-06-06T12:22:55.0950421Z /usr/bin/tar: ../../../../../usr/local/lib/android/sdk/platforms/android-36.1/data/res/values-ar-watch: Cannot change mode to rwxr-xr-x: Operation not permitted
build	Cache Android SDK	2026-06-06T12:22:55.0952466Z /usr/bin/tar: ../../../../../usr/local/lib/android/sdk/platforms/android-36.1/data/res/values-mcc310-mnc030-es-rUS: Cannot utime: Operation not permitted
build	Cache Android SDK	2026-06-06T12:22:55.0953423Z /usr/bin/tar: ../../../../../usr/local/lib/android/sdk/platforms/android-36.1/data/res/values-mcc310-mnc030-es-rUS: Cannot change mode to rwxr-xr-x: Operation not permitted
build	Cache Android SDK	2026-06-06T12:22:55.0956347Z /usr/bin/tar: ../../../../../usr/local/lib/android/sdk/platforms/android-36.1/data/res/values-mcc310-mnc030-zh-rTW: Cannot utime: Operation not permitted
build	Cache Android SDK	2026-06-06T12:22:55.0957502Z /usr/bin/tar: ../../../../../usr/local/lib/android/sdk/platforms/android-36.1/data/res/values-mcc310-mnc030-zh-rTW: Cannot change mode to rwxr-xr-x: Operation not permitted
build	Cache Android SDK	2026-06-06T12:22:55.0962082Z /usr/bin/tar: ../../../../../usr/local/lib/android/sdk/platforms/android-36.1/data/res/values-mcc001-mnc01-en-rIN: Cannot utime: Operation not permitted
build	Cache Android SDK	2026-06-06T12:22:55.0963095Z /usr/bin/tar: ../../../../../usr/local/lib/android/sdk/platforms/android-36.1/data/res/values-mcc001-mnc01-en-rIN: Cannot change mode to rwxr-xr-x: Operation not permitted
build	Cache Android SDK	2026-06-06T12:22:55.0965630Z /usr/bin/tar: ../../../../../usr/local/lib/android/sdk/platforms/android-36.1/data/res/values-mcc310-mnc310-mk: Cannot utime: Operation not permitted
build	Cache Android SDK	2026-06-06T12:22:55.0966642Z /usr/bin/tar: ../../../../../usr/local/lib/android/sdk/platforms/android-36.1/data/res/values-mcc310-mnc310-mk: Cannot change mode to rwxr-xr-x: Operation not permitted
build	Cache Android SDK	2026-06-06T12:22:55.0969341Z /usr/bin/tar: ../../../../../usr/local/lib/android/sdk/platforms/android-36.1/data/res/values-mcc302-mnc370-hi: Cannot utime: Operation not permitted
build	Cache Android SDK	2026-06-06T12:22:55.0970402Z /usr/bin/tar: ../../../../../usr/local/lib/android/sdk/platforms/android-36.1/data/res/values-mcc302-mnc370-hi: Cannot change mode to rwxr-xr-x: Operation not permitted
build	Cache Android SDK	2026-06-06T12:22:55.0972161Z /usr/bin/tar: ../../../../../usr/local/lib/android/sdk/platforms/android-36.1/data/res/values-mcc312-mnc670-uz: Cannot utime: Operation not permitted
build	Cache Android SDK	2026-06-06T12:22:55.0973101Z /usr/bin/tar: ../../../../../usr/local/lib/android/sdk/platforms/android-36.1/data/res/values-mcc312-mnc670-uz: Cannot change mode to rwxr-xr-x: Operation not permitted
build	Cache Android SDK	2026-06-06T12:22:55.0975676Z /usr/bin/tar: ../../../../../usr/local/lib/android/sdk/platforms/android-36.1/data/res/values-mcc311-mnc180-ml: Cannot utime: Operation not permitted
build	Cache Android SDK	2026-06-06T12:22:55.0976595Z /usr/bin/tar: ../../../../../usr/local/lib/android/sdk/platforms/android-36.1/data/res/values-mcc311-mnc180-ml: Cannot change mode to rwxr-xr-x: Operation not permitted
build	Cache Android SDK	2026-06-06T12:22:55.0979017Z /usr/bin/tar: ../../../../../usr/local/lib/android/sdk/platforms/android-36.1/data/res/values-zh-rCN-watch: Cannot utime: Operation not permitted
build	Cache Android SDK	2026-06-06T12:22:55.0979933Z /usr/bin/tar: ../../../../../usr/local/lib/android/sdk/platforms/android-36.1/data/res/values-zh-rCN-watch: Cannot change mode to rwxr-xr-x: Operation not permitted
build	Cache Android SDK	2026-06-06T12:22:55.0982551Z /usr/bin/tar: ../../../../../usr/local/lib/android/sdk/platforms/android-36.1/data/res/values-mcc310-mnc170-kk: Cannot utime: Operation not permitted
build	Cache Android SDK	2026-06-06T12:22:55.0983649Z /usr/bin/tar: ../../../../../usr/local/lib/android/sdk/platforms/android-36.1/data/res/values-mcc310-mnc170-kk: Cannot change mode to rwxr-xr-x: Operation not permitted
build	Cache Android SDK	2026-06-06T12:22:55.0986544Z /usr/bin/tar: ../../../../../usr/local/lib/android/sdk/platforms/android-36.1/data/res/values-mcc310-mnc660-fi: Cannot utime: Operation not permitted
build	Cache Android SDK	2026-06-06T12:22:55.0987643Z /usr/bin/tar: ../../../../../usr/local/lib/android/sdk/platforms/android-36.1/data/res/values-mcc310-mnc660-fi: Cannot change mode to rwxr-xr-x: Operation not permitted
build	Cache Android SDK	2026-06-06T12:22:55.0989864Z /usr/bin/tar: ../../../../../usr/local/lib/android/sdk/platforms/android-36.1/data/res/values-mcc310-mnc240-mk: Cannot utime: Operation not permitted
build	Cache Android SDK	2026-06-06T12:22:55.0990890Z /usr/bin/tar: ../../../../../usr/local/lib/android/sdk/platforms/android-36.1/data/res/values-mcc310-mnc240-mk: Cannot change mode to rwxr-xr-x: Operation not permitted
build	Cache Android SDK	2026-06-06T12:22:55.0993082Z /usr/bin/tar: ../../../../../usr/local/lib/android/sdk/platforms/android-36.1/data/res/values-tl-television: Cannot utime: Operation not permitted
build	Cache Android SDK	2026-06-06T12:22:55.0994039Z /usr/bin/tar: ../../../../../usr/local/lib/android/sdk/platforms/android-36.1/data/res/values-tl-television: Cannot change mode to rwxr-xr-x: Operation not permitted
build	Cache Android SDK	2026-06-06T12:22:55.0996494Z /usr/bin/tar: ../../../../../usr/local/lib/android/sdk/platforms/android-36.1/data/res/values-mcc310-mnc950-uz: Cannot utime: Operation not permitted
build	Cache Android SDK	2026-06-06T12:22:55.0997657Z /usr/bin/tar: ../../../../../usr/local/lib/android/sdk/platforms/android-36.1/data/res/values-mcc310-mnc950-uz: Cannot change mode to rwxr-xr-x: Operation not permitted
build	Cache Android SDK	2026-06-06T12:22:55.1001074Z /usr/bin/tar: ../../../../../usr/local/lib/android/sdk/platforms/android-36.1/data/res/color-car: Cannot utime: Operation not permitted
build	Cache Android SDK	2026-06-06T12:22:55.1002394Z /usr/bin/tar: ../../../../../usr/local/lib/android/sdk/platforms/android-36.1/data/res/color-car: Cannot change mode to rwxr-xr-x: Operation not permitted
build	Cache Android SDK	2026-06-06T12:22:55.1004144Z /usr/bin/tar: ../../../../../usr/local/lib/android/sdk/platforms/android-36.1/data/res/values-mcc310-mnc220-ml: Cannot utime: Operation not permitted
build	Cache Android SDK	2026-06-06T12:22:55.1005277Z /usr/bin/tar: ../../../../../usr/local/lib/android/sdk/platforms/android-36.1/data/res/values-mcc310-mnc220-ml: Cannot change mode to rwxr-xr-x: Operation not permitted
build	Cache Android SDK	2026-06-06T12:22:55.1009331Z /usr/bin/tar: ../../../../../usr/local/lib/android/sdk/platforms/android-36.1/data/res/values-mcc310-mnc160-zh-rCN: Cannot utime: Operation not permitted
build	Cache Android SDK	2026-06-06T12:22:55.1010327Z /usr/bin/tar: ../../../../../usr/local/lib/android/sdk/platforms/android-36.1/data/res/values-mcc310-mnc160-zh-rCN: Cannot change mode to rwxr-xr-x: Operation not permitted
build	Cache Android SDK	2026-06-06T12:22:55.1012915Z /usr/bin/tar: ../../../../../usr/local/lib/android/sdk/platforms/android-36.1/data/res/values-sw1500dp-110dpi: Cannot utime: Operation not permitted
build	Cache Android SDK	2026-06-06T12:22:55.1014262Z /usr/bin/tar: ../../../../../usr/local/lib/android/sdk/platforms/android-36.1/data/res/values-sw1500dp-110dpi: Cannot change mode to rwxr-xr-x: Operation not permitted
build	Cache Android SDK	2026-06-06T12:22:55.1015611Z /usr/bin/tar: ../../../../../usr/local/lib/android/sdk/platforms/android-36.1/data/res/values-mcc310-mnc160-sl: Cannot utime: Operation not permitted
build	Cache Android SDK	2026-06-06T12:22:55.1016532Z /usr/bin/tar: ../../../../../usr/local/lib/android/sdk/platforms/android-36.1/data/res/values-mcc310-mnc160-sl: Cannot change mode to rwxr-xr-x: Operation not permitted
build	Cache Android SDK	2026-06-06T12:22:55.1018536Z /usr/bin/tar: ../../../../../usr/local/lib/android/sdk/platforms/android-36.1/data/res/values-mcc310-mnc410-bn: Cannot utime: Operation not permitted
build	Cache Android SDK	2026-06-06T12:22:55.1019489Z /usr/bin/tar: ../../../../../usr/local/lib/android/sdk/platforms/android-36.1/data/res/values-mcc310-mnc410-bn: Cannot change mode to rwxr-xr-x: Operation not permitted
build	Cache Android SDK	2026-06-06T12:22:55.1022136Z /usr/bin/tar: ../../../../../usr/local/lib/android/sdk/platforms/android-36.1/data/res/values-mcc310-mnc380-da: Cannot utime: Operation not permitted
build	Cache Android SDK	2026-06-06T12:22:55.1023073Z /usr/bin/tar: ../../../../../usr/local/lib/android/sdk/platforms/android-36.1/data/res/values-mcc310-mnc380-da: Cannot change mode to rwxr-xr-x: Operation not permitted
build	Cache Android SDK	2026-06-06T12:22:55.1025855Z /usr/bin/tar: ../../../../../usr/local/lib/android/sdk/platforms/android-36.1/data/res/values-mcc310-mnc950-nb: Cannot utime: Operation not permitted
build	Cache Android SDK	2026-06-06T12:22:55.1026810Z /usr/bin/tar: ../../../../../usr/local/lib/android/sdk/platforms/android-36.1/data/res/values-mcc310-mnc950-nb: Cannot change mode to rwxr-xr-x: Operation not permitted
build	Cache Android SDK	2026-06-06T12:22:55.1028924Z /usr/bin/tar: ../../../../../usr/local/lib/android/sdk/platforms/android-36.1/data/res/values-mcc001-mnc01-hr: Cannot utime: Operation not permitted
build	Cache Android SDK	2026-06-06T12:22:55.1030008Z /usr/bin/tar: ../../../../../usr/local/lib/android/sdk/platforms/android-36.1/data/res/values-mcc001-mnc01-hr: Cannot change mode to rwxr-xr-x: Operation not permitted
build	Cache Android SDK	2026-06-06T12:22:55.1039109Z /usr/bin/tar: ../../../../../usr/local/lib/android/sdk/platforms/android-36.1/data/res/values-sr: Cannot utime: Operation not permitted
build	Cache Android SDK	2026-06-06T12:22:55.1040202Z /usr/bin/tar: ../../../../../usr/local/lib/android/sdk/platforms/android-36.1/data/res/values-sr: Cannot change mode to rwxr-xr-x: Operation not permitted
build	Cache Android SDK	2026-06-06T12:22:55.1042851Z /usr/bin/tar: ../../../../../usr/local/lib/android/sdk/platforms/android-36.1/data/res/values-mcc310-mnc660-ca: Cannot utime: Operation not permitted
build	Cache Android SDK	2026-06-06T12:22:55.1043892Z /usr/bin/tar: ../../../../../usr/local/lib/android/sdk/platforms/android-36.1/data/res/values-mcc310-mnc660-ca: Cannot change mode to rwxr-xr-x: Operation not permitted
build	Cache Android SDK	2026-06-06T12:22:55.1046582Z /usr/bin/tar: ../../../../../usr/local/lib/android/sdk/platforms/android-36.1/data/res/values-mcc310-mnc380-cs: Cannot utime: Operation not permitted
build	Cache Android SDK	2026-06-06T12:22:55.1047800Z /usr/bin/tar: ../../../../../usr/local/lib/android/sdk/platforms/android-36.1/data/res/values-mcc310-mnc380-cs: Cannot change mode to rwxr-xr-x: Operation not permitted
build	Cache Android SDK	2026-06-06T12:22:55.1050263Z /usr/bin/tar: ../../../../../usr/local/lib/android/sdk/platforms/android-36.1/data/res/values-mcc310-mnc280-gl: Cannot utime: Operation not permitted
build	Cache Android SDK	2026-06-06T12:22:55.1051204Z /usr/bin/tar: ../../../../../usr/local/lib/android/sdk/platforms/android-36.1/data/res/values-mcc310-mnc280-gl: Cannot change mode to rwxr-xr-x: Operation not permitted
build	Cache Android SDK	2026-06-06T12:22:55.1054060Z /usr/bin/tar: ../../../../../usr/local/lib/android/sdk/platforms/android-36.1/data/res/values-mcc310-mnc280-ml: Cannot utime: Operation not permitted
build	Cache Android SDK	2026-06-06T12:22:55.1055001Z /usr/bin/tar: ../../../../../usr/local/lib/android/sdk/platforms/android-36.1/data/res/values-mcc310-mnc280-ml: Cannot change mode to rwxr-xr-x: Operation not permitted
build	Cache Android SDK	2026-06-06T12:22:55.1057330Z /usr/bin/tar: ../../../../../usr/local/lib/android/sdk/platforms/android-36.1/data/res/values-mcc310-mnc950-be: Cannot utime: Operation not permitted
build	Cache Android SDK	2026-06-06T12:22:55.1058571Z /usr/bin/tar: ../../../../../usr/local/lib/android/sdk/platforms/android-36.1/data/res/values-mcc310-mnc950-be: Cannot change mode to rwxr-xr-x: Operation not permitted
build	Cache Android SDK	2026-06-06T12:22:55.1060592Z /usr/bin/tar: ../../../../../usr/local/lib/android/sdk/platforms/android-36.1/data/res/values-mcc334-mnc020-el: Cannot utime: Operation not permitted
build	Cache Android SDK	2026-06-06T12:22:55.1061524Z /usr/bin/tar: ../../../../../usr/local/lib/android/sdk/platforms/android-36.1/data/res/values-mcc334-mnc020-el: Cannot change mode to rwxr-xr-x: Operation not permitted
build	Cache Android SDK	2026-06-06T12:22:55.1064458Z /usr/bin/tar: ../../../../../usr/local/lib/android/sdk/platforms/android-36.1/data/res/values-mcc313-mnc100-tl: Cannot utime: Operation not permitted
build	Cache Android SDK	2026-06-06T12:22:55.1065466Z /usr/bin/tar: ../../../../../usr/local/lib/android/sdk/platforms/android-36.1/data/res/values-mcc313-mnc100-tl: Cannot change mode to rwxr-xr-x: Operation not permitted
build	Cache Android SDK	2026-06-06T12:22:55.1067211Z /usr/bin/tar: ../../../../../usr/local/lib/android/sdk/platforms/android-36.1/data/res/values-mcc310-mnc800-mr: Cannot utime: Operation not permitted
build	Cache Android SDK	2026-06-06T12:22:55.1068419Z /usr/bin/tar: ../../../../../usr/local/lib/android/sdk/platforms/android-36.1/data/res/values-mcc310-mnc800-mr: Cannot change mode to rwxr-xr-x: Operation not permitted
build	Cache Android SDK	2026-06-06T12:22:55.1071216Z /usr/bin/tar: ../../../../../usr/local/lib/android/sdk/platforms/android-36.1/data/res/values-mcc310-mnc150-pa: Cannot utime: Operation not permitted
build	Cache Android SDK	2026-06-06T12:22:55.1072170Z /usr/bin/tar: ../../../../../usr/local/lib/android/sdk/platforms/android-36.1/data/res/values-mcc310-mnc150-pa: Cannot change mode to rwxr-xr-x: Operation not permitted
build	Cache Android SDK	2026-06-06T12:22:55.1074161Z /usr/bin/tar: ../../../../../usr/local/lib/android/sdk/platforms/android-36.1/data/res/values-hr-rHR: Cannot utime: Operation not permitted
build	Cache Android SDK	2026-06-06T12:22:55.1075128Z /usr/bin/tar: ../../../../../usr/local/lib/android/sdk/platforms/android-36.1/data/res/values-hr-rHR: Cannot change mode to rwxr-xr-x: Operation not permitted
build	Cache Android SDK	2026-06-06T12:22:55.1077538Z /usr/bin/tar: ../../../../../usr/local/lib/android/sdk/platforms/android-36.1/data/res/values-mcc740: Cannot utime: Operation not permitted
build	Cache Android SDK	2026-06-06T12:22:55.1078431Z /usr/bin/tar: ../../../../../usr/local/lib/android/sdk/platforms/android-36.1/data/res/values-mcc740: Cannot change mode to rwxr-xr-x: Operation not permitted
build	Cache Android SDK	2026-06-06T12:22:55.1081328Z /usr/bin/tar: ../../../../../usr/local/lib/android/sdk/platforms/android-36.1/data/res/values-mcc310-mnc560-lt: Cannot utime: Operation not permitted
build	Cache Android SDK	2026-06-06T12:22:55.1082356Z /usr/bin/tar: ../../../../../usr/local/lib/android/sdk/platforms/android-36.1/data/res/values-mcc310-mnc560-lt: Cannot change mode to rwxr-xr-x: Operation not permitted
build	Cache Android SDK	2026-06-06T12:22:55.1085368Z /usr/bin/tar: ../../../../../usr/local/lib/android/sdk/platforms/android-36.1/data/res/values-mcc310-mnc150-ro: Cannot utime: Operation not permitted
build	Cache Android SDK	2026-06-06T12:22:55.1086503Z /usr/bin/tar: ../../../../../usr/local/lib/android/sdk/platforms/android-36.1/data/res/values-mcc310-mnc150-ro: Cannot change mode to rwxr-xr-x: Operation not permitted
build	Cache Android SDK	2026-06-06T12:22:55.1089390Z /usr/bin/tar: ../../../../../usr/local/lib/android/sdk/platforms/android-36.1/data/res/values-mcc310-mnc170-ta: Cannot utime: Operation not permitted
build	Cache Android SDK	2026-06-06T12:22:55.1090322Z /usr/bin/tar: ../../../../../usr/local/lib/android/sdk/platforms/android-36.1/data/res/values-mcc310-mnc170-ta: Cannot change mode to rwxr-xr-x: Operation not permitted
build	Cache Android SDK	2026-06-06T12:22:55.1092720Z /usr/bin/tar: ../../../../../usr/local/lib/android/sdk/platforms/android-36.1/data/res/values-mcc310-mnc950-fa: Cannot utime: Operation not permitted
build	Cache Android SDK	2026-06-06T12:22:55.1093659Z /usr/bin/tar: ../../../../../usr/local/lib/android/sdk/platforms/android-36.1/data/res/values-mcc310-mnc950-fa: Cannot change mode to rwxr-xr-x: Operation not permitted
build	Cache Android SDK	2026-06-06T12:22:55.1096505Z /usr/bin/tar: ../../../../../usr/local/lib/android/sdk/platforms/android-36.1/data/res/values-mcc310-mnc210-uk: Cannot utime: Operation not permitted
build	Cache Android SDK	2026-06-06T12:22:55.1097594Z /usr/bin/tar: ../../../../../usr/local/lib/android/sdk/platforms/android-36.1/data/res/values-mcc310-mnc210-uk: Cannot change mode to rwxr-xr-x: Operation not permitted
build	Cache Android SDK	2026-06-06T12:22:55.1099875Z /usr/bin/tar: ../../../../../usr/local/lib/android/sdk/platforms/android-36.1/data/res/values-mcc310-mnc410-as: Cannot utime: Operation not permitted
build	Cache Android SDK	2026-06-06T12:22:55.1100808Z /usr/bin/tar: ../../../../../usr/local/lib/android/sdk/platforms/android-36.1/data/res/values-mcc310-mnc410-as: Cannot change mode to rwxr-xr-x: Operation not permitted
build	Cache Android SDK	2026-06-06T12:22:55.1103434Z /usr/bin/tar: ../../../../../usr/local/lib/android/sdk/platforms/android-36.1/data/res/values-mcc310-mnc160-ja: Cannot utime: Operation not permitted
build	Cache Android SDK	2026-06-06T12:22:55.1103894Z /usr/bin/tar: ../../../../../usr/local/lib/android/sdk/platforms/android-36.1/data/res/values-mcc310-mnc160-ja: Cannot change mode to rwxr-xr-x: Operation not permitted
build	Cache Android SDK	2026-06-06T12:22:55.1106938Z /usr/bin/tar: ../../../../../usr/local/lib/android/sdk/platforms/android-36.1/data/res/values-mcc001-mnc01-si: Cannot utime: Operation not permitted
build	Cache Android SDK	2026-06-06T12:22:55.1107520Z /usr/bin/tar: ../../../../../usr/local/lib/android/sdk/platforms/android-36.1/data/res/values-mcc001-mnc01-si: Cannot change mode to rwxr-xr-x: Operation not permitted
build	Cache Android SDK	2026-06-06T12:22:55.1110580Z /usr/bin/tar: ../../../../../usr/local/lib/android/sdk/platforms/android-36.1/data/res/values-mcc001-mnc01-kn: Cannot utime: Operation not permitted
build	Cache Android SDK	2026-06-06T12:22:55.1111039Z /usr/bin/tar: ../../../../../usr/local/lib/android/sdk/platforms/android-36.1/data/res/values-mcc001-mnc01-kn: Cannot change mode to rwxr-xr-x: Operation not permitted
build	Cache Android SDK	2026-06-06T12:22:55.1114493Z /usr/bin/tar: ../../../../../usr/local/lib/android/sdk/platforms/android-36.1/data/res/values-mcc311-mnc180-ta: Cannot utime: Operation not permitted
build	Cache Android SDK	2026-06-06T12:22:55.1115034Z /usr/bin/tar: ../../../../../usr/local/lib/android/sdk/platforms/android-36.1/data/res/values-mcc311-mnc180-ta: Cannot change mode to rwxr-xr-x: Operation not permitted
build	Cache Android SDK	2026-06-06T12:22:55.1117858Z /usr/bin/tar: ../../../../../usr/local/lib/android/sdk/platforms/android-36.1/data/res/values-fr-rCA-television: Cannot utime: Operation not permitted
build	Cache Android SDK	2026-06-06T12:22:55.1118444Z /usr/bin/tar: ../../../../../usr/local/lib/android/sdk/platforms/android-36.1/data/res/values-fr-rCA-television: Cannot change mode to rwxr-xr-x: Operation not permitted
build	Cache Android SDK	2026-06-06T12:22:55.1121529Z /usr/bin/tar: ../../../../../usr/local/lib/android/sdk/platforms/android-36.1/data/res/values-mcc311-mnc180: Cannot utime: Operation not permitted
build	Cache Android SDK	2026-06-06T12:22:55.1122067Z /usr/bin/tar: ../../../../../usr/local/lib/android/sdk/platforms/android-36.1/data/res/values-mcc311-mnc180: Cannot change mode to rwxr-xr-x: Operation not permitted
build	Cache Android SDK	2026-06-06T12:22:55.1124712Z /usr/bin/tar: ../../../../../usr/local/lib/android/sdk/platforms/android-36.1/data/res/values-mcc310-mnc200-lv: Cannot utime: Operation not permitted
build	Cache Android SDK	2026-06-06T12:22:55.1125260Z /usr/bin/tar: ../../../../../usr/local/lib/android/sdk/platforms/android-36.1/data/res/values-mcc310-mnc200-lv: Cannot change mode to rwxr-xr-x: Operation not permitted
build	Cache Android SDK	2026-06-06T12:22:55.1128932Z /usr/bin/tar: ../../../../../usr/local/lib/android/sdk/platforms/android-36.1/data/res/values-mcc310-mnc310-ta: Cannot utime: Operation not permitted
build	Cache Android SDK	2026-06-06T12:22:55.1129385Z /usr/bin/tar: ../../../../../usr/local/lib/android/sdk/platforms/android-36.1/data/res/values-mcc310-mnc310-ta: Cannot change mode to rwxr-xr-x: Operation not permitted
build	Cache Android SDK	2026-06-06T12:22:55.1132371Z /usr/bin/tar: ../../../../../usr/local/lib/android/sdk/platforms/android-36.1/data/res/values-mcc310-mnc270-it: Cannot utime: Operation not permitted
build	Cache Android SDK	2026-06-06T12:22:55.1132883Z /usr/bin/tar: ../../../../../usr/local/lib/android/sdk/platforms/android-36.1/data/res/values-mcc310-mnc270-it: Cannot change mode to rwxr-xr-x: Operation not permitted
build	Cache Android SDK	2026-06-06T12:22:55.1135956Z /usr/bin/tar: ../../../../../usr/local/lib/android/sdk/platforms/android-36.1/data/res/values-mcc311-mnc180-hi: Cannot utime: Operation not permitted
build	Cache Android SDK	2026-06-06T12:22:55.1136416Z /usr/bin/tar: ../../../../../usr/local/lib/android/sdk/platforms/android-36.1/data/res/values-mcc311-mnc180-hi: Cannot change mode to rwxr-xr-x: Operation not permitted
build	Cache Android SDK	2026-06-06T12:22:55.1141672Z /usr/bin/tar: ../../../../../usr/local/lib/android/sdk/platforms/android-36.1/data/res/values-mcc310-mnc280-b+sr+Latn: Cannot utime: Operation not permitted
build	Cache Android SDK	2026-06-06T12:22:55.1142192Z /usr/bin/tar: ../../../../../usr/local/lib/android/sdk/platforms/android-36.1/data/res/values-mcc310-mnc280-b+sr+Latn: Cannot change mode to rwxr-xr-x: Operation not permitted
build	Cache Android SDK	2026-06-06T12:22:55.1145374Z /usr/bin/tar: ../../../../../usr/local/lib/android/sdk/platforms/android-36.1/data/res/values-en-rXC-television: Cannot utime: Operation not permitted
build	Cache Android SDK	2026-06-06T12:22:55.1145858Z /usr/bin/tar: ../../../../../usr/local/lib/android/sdk/platforms/android-36.1/data/res/values-en-rXC-television: Cannot change mode to rwxr-xr-x: Operation not permitted
build	Cache Android SDK	2026-06-06T12:22:55.1148574Z /usr/bin/tar: ../../../../../usr/local/lib/android/sdk/platforms/android-36.1/data/res/values-mcc310-mnc170-kn: Cannot utime: Operation not permitted
build	Cache Android SDK	2026-06-06T12:22:55.1149046Z /usr/bin/tar: ../../../../../usr/local/lib/android/sdk/platforms/android-36.1/data/res/values-mcc310-mnc170-kn: Cannot change mode to rwxr-xr-x: Operation not permitted
build	Cache Android SDK	2026-06-06T12:22:55.1152417Z /usr/bin/tar: ../../../../../usr/local/lib/android/sdk/platforms/android-36.1/data/res/values-mcc001-mnc01-ur: Cannot utime: Operation not permitted
build	Cache Android SDK	2026-06-06T12:22:55.1152877Z /usr/bin/tar: ../../../../../usr/local/lib/android/sdk/platforms/android-36.1/data/res/values-mcc001-mnc01-ur: Cannot change mode to rwxr-xr-x: Operation not permitted
build	Cache Android SDK	2026-06-06T12:22:55.1156073Z /usr/bin/tar: ../../../../../usr/local/lib/android/sdk/platforms/android-36.1/data/res/values-mcc310-mnc560-zu: Cannot utime: Operation not permitted
build	Cache Android SDK	2026-06-06T12:22:55.1156540Z /usr/bin/tar: ../../../../../usr/local/lib/android/sdk/platforms/android-36.1/data/res/values-mcc310-mnc560-zu: Cannot change mode to rwxr-xr-x: Operation not permitted
build	Cache Android SDK	2026-06-06T12:22:55.1159806Z /usr/bin/tar: ../../../../../usr/local/lib/android/sdk/platforms/android-36.1/data/res/values-mcc310-mnc200-uk: Cannot utime: Operation not permitted
build	Cache Android SDK	2026-06-06T12:22:55.1160437Z /usr/bin/tar: ../../../../../usr/local/lib/android/sdk/platforms/android-36.1/data/res/values-mcc310-mnc200-uk: Cannot change mode to rwxr-xr-x: Operation not permitted
build	Cache Android SDK	2026-06-06T12:22:55.1367172Z /usr/bin/tar: ../../../../../usr/local/lib/android/sdk/platforms/android-36.1/data/res/drawable-ldpi: Cannot utime: Operation not permitted
build	Cache Android SDK	2026-06-06T12:22:55.1367986Z /usr/bin/tar: ../../../../../usr/local/lib/android/sdk/platforms/android-36.1/data/res/drawable-ldpi: Cannot change mode to rwxr-xr-x: Operation not permitted
build	Cache Android SDK	2026-06-06T12:22:55.1370622Z /usr/bin/tar: ../../../../../usr/local/lib/android/sdk/platforms/android-36.1/data/res/values-mcc310-mnc220-ka: Cannot utime: Operation not permitted
build	Cache Android SDK	2026-06-06T12:22:55.1371211Z /usr/bin/tar: ../../../../../usr/local/lib/android/sdk/platforms/android-36.1/data/res/values-mcc310-mnc220-ka: Cannot change mode to rwxr-xr-x: Operation not permitted
build	Cache Android SDK	2026-06-06T12:22:55.1373479Z /usr/bin/tar: ../../../../../usr/local/lib/android/sdk/platforms/android-36.1/data/res/values-mcc310-mnc170-ml: Cannot utime: Operation not permitted
build	Cache Android SDK	2026-06-06T12:22:55.1373949Z /usr/bin/tar: ../../../../../usr/local/lib/android/sdk/platforms/android-36.1/data/res/values-mcc310-mnc170-ml: Cannot change mode to rwxr-xr-x: Operation not permitted
build	Cache Android SDK	2026-06-06T12:22:55.1376448Z /usr/bin/tar: ../../../../../usr/local/lib/android/sdk/platforms/android-36.1/data/res/values-mcc310-mnc380-ar: Cannot utime: Operation not permitted
build	Cache Android SDK	2026-06-06T12:22:55.1376921Z /usr/bin/tar: ../../../../../usr/local/lib/android/sdk/platforms/android-36.1/data/res/values-mcc310-mnc380-ar: Cannot change mode to rwxr-xr-x: Operation not permitted
build	Cache Android SDK	2026-06-06T12:22:55.1380087Z /usr/bin/tar: ../../../../../usr/local/lib/android/sdk/platforms/android-36.1/data/res/values-mcc310-mnc160-af: Cannot utime: Operation not permitted
build	Cache Android SDK	2026-06-06T12:22:55.1380549Z /usr/bin/tar: ../../../../../usr/local/lib/android/sdk/platforms/android-36.1/data/res/values-mcc310-mnc160-af: Cannot change mode to rwxr-xr-x: Operation not permitted
build	Cache Android SDK	2026-06-06T12:22:55.1383309Z /usr/bin/tar: ../../../../../usr/local/lib/android/sdk/platforms/android-36.1/data/res/values-mcc310-mnc660-bs: Cannot utime: Operation not permitted
build	Cache Android SDK	2026-06-06T12:22:55.1383784Z /usr/bin/tar: ../../../../../usr/local/lib/android/sdk/platforms/android-36.1/data/res/values-mcc310-mnc660-bs: Cannot change mode to rwxr-xr-x: Operation not permitted
build	Cache Android SDK	2026-06-06T12:22:55.1386907Z /usr/bin/tar: ../../../../../usr/local/lib/android/sdk/platforms/android-36.1/data/res/values-sv-television: Cannot utime: Operation not permitted
build	Cache Android SDK	2026-06-06T12:22:55.1387573Z /usr/bin/tar: ../../../../../usr/local/lib/android/sdk/platforms/android-36.1/data/res/values-sv-television: Cannot change mode to rwxr-xr-x: Operation not permitted
build	Cache Android SDK	2026-06-06T12:22:55.1390889Z /usr/bin/tar: ../../../../../usr/local/lib/android/sdk/platforms/android-36.1/data/res/values-mcc310-mnc150-nl: Cannot utime: Operation not permitted
build	Cache Android SDK	2026-06-06T12:22:55.1391418Z /usr/bin/tar: ../../../../../usr/local/lib/android/sdk/platforms/android-36.1/data/res/values-mcc310-mnc150-nl: Cannot change mode to rwxr-xr-x: Operation not permitted
build	Cache Android SDK	2026-06-06T12:22:55.1394350Z /usr/bin/tar: ../../../../../usr/local/lib/android/sdk/platforms/android-36.1/data/res/values-mcc310-mnc270-en-rGB: Cannot utime: Operation not permitted
build	Cache Android SDK	2026-06-06T12:22:55.1394945Z /usr/bin/tar: ../../../../../usr/local/lib/android/sdk/platforms/android-36.1/data/res/values-mcc310-mnc270-en-rGB: Cannot change mode to rwxr-xr-x: Operation not permitted
build	Cache Android SDK	2026-06-06T12:22:55.1397835Z /usr/bin/tar: ../../../../../usr/local/lib/android/sdk/platforms/android-36.1/data/res/values-mcc316: Cannot utime: Operation not permitted
build	Cache Android SDK	2026-06-06T12:22:55.1398270Z /usr/bin/tar: ../../../../../usr/local/lib/android/sdk/platforms/android-36.1/data/res/values-mcc316: Cannot change mode to rwxr-xr-x: Operation not permitted
build	Cache Android SDK	2026-06-06T12:22:55.1400707Z /usr/bin/tar: ../../../../../usr/local/lib/android/sdk/platforms/android-36.1/data/res/values-mcc001-mnc01-fa: Cannot utime: Operation not permitted
build	Cache Android SDK	2026-06-06T12:22:55.1401169Z /usr/bin/tar: ../../../../../usr/local/lib/android/sdk/platforms/android-36.1/data/res/values-mcc001-mnc01-fa: Cannot change mode to rwxr-xr-x: Operation not permitted
build	Cache Android SDK	2026-06-06T12:22:55.1403737Z /usr/bin/tar: ../../../../../usr/local/lib/android/sdk/platforms/android-36.1/data/res/values-mcc310-mnc220-eu: Cannot utime: Operation not permitted
build	Cache Android SDK	2026-06-06T12:22:55.1404215Z /usr/bin/tar: ../../../../../usr/local/lib/android/sdk/platforms/android-36.1/data/res/values-mcc310-mnc220-eu: Cannot change mode to rwxr-xr-x: Operation not permitted
build	Cache Android SDK	2026-06-06T12:22:55.1406604Z /usr/bin/tar: ../../../../../usr/local/lib/android/sdk/platforms/android-36.1/data/res/values-mcc310-mnc240: Cannot utime: Operation not permitted
build	Cache Android SDK	2026-06-06T12:22:55.1407053Z /usr/bin/tar: ../../../../../usr/local/lib/android/sdk/platforms/android-36.1/data/res/values-mcc310-mnc240: Cannot change mode to rwxr-xr-x: Operation not permitted
build	Cache Android SDK	2026-06-06T12:22:55.1410150Z /usr/bin/tar: ../../../../../usr/local/lib/android/sdk/platforms/android-36.1/data/res/values-mcc313-mnc100-sw: Cannot utime: Operation not permitted
build	Cache Android SDK	2026-06-06T12:22:55.1410609Z /usr/bin/tar: ../../../../../usr/local/lib/android/sdk/platforms/android-36.1/data/res/values-mcc313-mnc100-sw: Cannot change mode to rwxr-xr-x: Operation not permitted
build	Cache Android SDK	2026-06-06T12:22:55.1413643Z /usr/bin/tar: ../../../../../usr/local/lib/android/sdk/platforms/android-36.1/data/res/values-mcc310-mnc230-ro: Cannot utime: Operation not permitted
build	Cache Android SDK	2026-06-06T12:22:55.1414118Z /usr/bin/tar: ../../../../../usr/local/lib/android/sdk/platforms/android-36.1/data/res/values-mcc310-mnc230-ro: Cannot change mode to rwxr-xr-x: Operation not permitted
build	Cache Android SDK	2026-06-06T12:22:55.1416642Z /usr/bin/tar: ../../../../../usr/local/lib/android/sdk/platforms/android-36.1/data/res/values-mcc310-mnc660-zh-rCN: Cannot utime: Operation not permitted
build	Cache Android SDK	2026-06-06T12:22:55.1417128Z /usr/bin/tar: ../../../../../usr/local/lib/android/sdk/platforms/android-36.1/data/res/values-mcc310-mnc660-zh-rCN: Cannot change mode to rwxr-xr-x: Operation not permitted
build	Cache Android SDK	2026-06-06T12:22:55.1419929Z /usr/bin/tar: ../../../../../usr/local/lib/android/sdk/platforms/android-36.1/data/res/values-mcc310-mnc310-lv: Cannot utime: Operation not permitted
build	Cache Android SDK	2026-06-06T12:22:55.1420396Z /usr/bin/tar: ../../../../../usr/local/lib/android/sdk/platforms/android-36.1/data/res/values-mcc310-mnc310-lv: Cannot change mode to rwxr-xr-x: Operation not permitted
build	Cache Android SDK	2026-06-06T12:22:55.1422845Z /usr/bin/tar: ../../../../../usr/local/lib/android/sdk/platforms/android-36.1/data/res/values-mcc310-mnc950-km: Cannot utime: Operation not permitted
build	Cache Android SDK	2026-06-06T12:22:55.1423304Z /usr/bin/tar: ../../../../../usr/local/lib/android/sdk/platforms/android-36.1/data/res/values-mcc310-mnc950-km: Cannot change mode to rwxr-xr-x: Operation not permitted
build	Cache Android SDK	2026-06-06T12:22:55.1425732Z /usr/bin/tar: ../../../../../usr/local/lib/android/sdk/platforms/android-36.1/data/res/values-mcc310-mnc560-ar: Cannot utime: Operation not permitted
build	Cache Android SDK	2026-06-06T12:22:55.1426191Z /usr/bin/tar: ../../../../../usr/local/lib/android/sdk/platforms/android-36.1/data/res/values-mcc310-mnc560-ar: Cannot change mode to rwxr-xr-x: Operation not permitted
build	Cache Android SDK	2026-06-06T12:22:55.1429531Z /usr/bin/tar: ../../../../../usr/local/lib/android/sdk/platforms/android-36.1/data/res/values-mcc310-mnc230-mr: Cannot utime: Operation not permitted
build	Cache Android SDK	2026-06-06T12:22:55.1430517Z /usr/bin/tar: ../../../../../usr/local/lib/android/sdk/platforms/android-36.1/data/res/values-mcc310-mnc230-mr: Cannot change mode to rwxr-xr-x: Operation not permitted
build	Cache Android SDK	2026-06-06T12:22:55.1431355Z /usr/bin/tar: ../../../../../usr/local/lib/android/sdk/platforms/android-36.1/data/res/values-mcc310-mnc230-mk: Cannot utime: Operation not permitted
build	Cache Android SDK	2026-06-06T12:22:55.1431817Z /usr/bin/tar: ../../../../../usr/local/lib/android/sdk/platforms/android-36.1/data/res/values-mcc310-mnc230-mk: Cannot change mode to rwxr-xr-x: Operation not permitted
build	Cache Android SDK	2026-06-06T12:22:55.1434929Z /usr/bin/tar: ../../../../../usr/local/lib/android/sdk/platforms/android-36.1/data/res/values-mcc311-mnc180-ca: Cannot utime: Operation not permitted
build	Cache Android SDK	2026-06-06T12:22:55.1435397Z /usr/bin/tar: ../../../../../usr/local/lib/android/sdk/platforms/android-36.1/data/res/values-mcc311-mnc180-ca: Cannot change mode to rwxr-xr-x: Operation not permitted
build	Cache Android SDK	2026-06-06T12:22:55.1453629Z /usr/bin/tar: ../../../../../usr/local/lib/android/sdk/platforms/android-36.1/data/res/drawable-nodpi: Cannot utime: Operation not permitted
build	Cache Android SDK	2026-06-06T12:22:55.1454147Z /usr/bin/tar: ../../../../../usr/local/lib/android/sdk/platforms/android-36.1/data/res/drawable-nodpi: Cannot change mode to rwxr-xr-x: Operation not permitted
build	Cache Android SDK	2026-06-06T12:22:55.1456253Z /usr/bin/tar: ../../../../../usr/local/lib/android/sdk/platforms/android-36.1/data/res/values-w208dp: Cannot utime: Operation not permitted
build	Cache Android SDK	2026-06-06T12:22:55.1456681Z /usr/bin/tar: ../../../../../usr/local/lib/android/sdk/platforms/android-36.1/data/res/values-w208dp: Cannot change mode to rwxr-xr-x: Operation not permitted
build	Cache Android SDK	2026-06-06T12:22:55.1459348Z /usr/bin/tar: ../../../../../usr/local/lib/android/sdk/platforms/android-36.1/data/res/values-mcc310-mnc030-lo: Cannot utime: Operation not permitted
build	Cache Android SDK	2026-06-06T12:22:55.1459812Z /usr/bin/tar: ../../../../../usr/local/lib/android/sdk/platforms/android-36.1/data/res/values-mcc310-mnc030-lo: Cannot change mode to rwxr-xr-x: Operation not permitted
build	Cache Android SDK	2026-06-06T12:22:55.1463094Z /usr/bin/tar: ../../../../../usr/local/lib/android/sdk/platforms/android-36.1/data/res/values-mcc310-mnc240-sv: Cannot utime: Operation not permitted
build	Cache Android SDK	2026-06-06T12:22:55.1463563Z /usr/bin/tar: ../../../../../usr/local/lib/android/sdk/platforms/android-36.1/data/res/values-mcc310-mnc240-sv: Cannot change mode to rwxr-xr-x: Operation not permitted
build	Cache Android SDK	2026-06-06T12:22:55.1466762Z /usr/bin/tar: ../../../../../usr/local/lib/android/sdk/platforms/android-36.1/data/res/values-mcc310-mnc240-am: Cannot utime: Operation not permitted
build	Cache Android SDK	2026-06-06T12:22:55.1467224Z /usr/bin/tar: ../../../../../usr/local/lib/android/sdk/platforms/android-36.1/data/res/values-mcc310-mnc240-am: Cannot change mode to rwxr-xr-x: Operation not permitted
build	Cache Android SDK	2026-06-06T12:22:55.1469830Z /usr/bin/tar: ../../../../../usr/local/lib/android/sdk/platforms/android-36.1/data/res/values-mcc234-mnc20: Cannot utime: Operation not permitted
build	Cache Android SDK	2026-06-06T12:22:55.1470300Z /usr/bin/tar: ../../../../../usr/local/lib/android/sdk/platforms/android-36.1/data/res/values-mcc234-mnc20: Cannot change mode to rwxr-xr-x: Operation not permitted
build	Cache Android SDK	2026-06-06T12:22:55.1473379Z /usr/bin/tar: ../../../../../usr/local/lib/android/sdk/platforms/android-36.1/data/res/values-mcc310-mnc380-ta: Cannot utime: Operation not permitted
build	Cache Android SDK	2026-06-06T12:22:55.1473903Z /usr/bin/tar: ../../../../../usr/local/lib/android/sdk/platforms/android-36.1/data/res/values-mcc310-mnc380-ta: Cannot change mode to rwxr-xr-x: Operation not permitted
build	Cache Android SDK	2026-06-06T12:22:55.1476801Z /usr/bin/tar: ../../../../../usr/local/lib/android/sdk/platforms/android-36.1/data/res/values-mcc310-mnc170-sq: Cannot utime: Operation not permitted
build	Cache Android SDK	2026-06-06T12:22:55.1477298Z /usr/bin/tar: ../../../../../usr/local/lib/android/sdk/platforms/android-36.1/data/res/values-mcc310-mnc170-sq: Cannot change mode to rwxr-xr-x: Operation not permitted
build	Cache Android SDK	2026-06-06T12:22:55.1479605Z /usr/bin/tar: ../../../../../usr/local/lib/android/sdk/platforms/android-36.1/data/res/values-mcc425: Cannot utime: Operation not permitted
build	Cache Android SDK	2026-06-06T12:22:55.1480141Z /usr/bin/tar: ../../../../../usr/local/lib/android/sdk/platforms/android-36.1/data/res/values-mcc425: Cannot change mode to rwxr-xr-x: Operation not permitted
build	Cache Android SDK	2026-06-06T12:22:55.1482923Z /usr/bin/tar: ../../../../../usr/local/lib/android/sdk/platforms/android-36.1/data/res/values-mcc310-mnc270-et: Cannot utime: Operation not permitted
build	Cache Android SDK	2026-06-06T12:22:55.1483397Z /usr/bin/tar: ../../../../../usr/local/lib/android/sdk/platforms/android-36.1/data/res/values-mcc310-mnc270-et: Cannot change mode to rwxr-xr-x: Operation not permitted
build	Cache Android SDK	2026-06-06T12:22:55.1485780Z /usr/bin/tar: ../../../../../usr/local/lib/android/sdk/platforms/android-36.1/data/res/values-mcc302-mnc720-as: Cannot utime: Operation not permitted
build	Cache Android SDK	2026-06-06T12:22:55.1486240Z /usr/bin/tar: ../../../../../usr/local/lib/android/sdk/platforms/android-36.1/data/res/values-mcc302-mnc720-as: Cannot change mode to rwxr-xr-x: Operation not permitted
build	Cache Android SDK	2026-06-06T12:22:55.1489493Z /usr/bin/tar: ../../../../../usr/local/lib/android/sdk/platforms/android-36.1/data/res/values-mcc310-mnc490-te: Cannot utime: Operation not permitted
build	Cache Android SDK	2026-06-06T12:22:55.1489959Z /usr/bin/tar: ../../../../../usr/local/lib/android/sdk/platforms/android-36.1/data/res/values-mcc310-mnc490-te: Cannot change mode to rwxr-xr-x: Operation not permitted
build	Cache Android SDK	2026-06-06T12:22:55.1492595Z /usr/bin/tar: ../../../../../usr/local/lib/android/sdk/platforms/android-36.1/data/res/values-mcc310-mnc160-th: Cannot utime: Operation not permitted
build	Cache Android SDK	2026-06-06T12:22:55.1493059Z /usr/bin/tar: ../../../../../usr/local/lib/android/sdk/platforms/android-36.1/data/res/values-mcc310-mnc160-th: Cannot change mode to rwxr-xr-x: Operation not permitted
build	Cache Android SDK	2026-06-06T12:22:55.1495469Z /usr/bin/tar: ../../../../../usr/local/lib/android/sdk/platforms/android-36.1/data/res/values-mcc310-mnc200-sr: Cannot utime: Operation not permitted
build	Cache Android SDK	2026-06-06T12:22:55.1495926Z /usr/bin/tar: ../../../../../usr/local/lib/android/sdk/platforms/android-36.1/data/res/values-mcc310-mnc200-sr: Cannot change mode to rwxr-xr-x: Operation not permitted
build	Cache Android SDK	2026-06-06T12:22:55.1502843Z /usr/bin/tar: ../../../../../usr/local/lib/android/sdk/platforms/android-36.1/data/res/values-da: Cannot utime: Operation not permitted
build	Cache Android SDK	2026-06-06T12:22:55.1503280Z /usr/bin/tar: ../../../../../usr/local/lib/android/sdk/platforms/android-36.1/data/res/values-da: Cannot change mode to rwxr-xr-x: Operation not permitted
build	Cache Android SDK	2026-06-06T12:22:55.1505804Z /usr/bin/tar: ../../../../../usr/local/lib/android/sdk/platforms/android-36.1/data/res/values-mcc310-mnc170-et: Cannot utime: Operation not permitted
build	Cache Android SDK	2026-06-06T12:22:55.1506265Z /usr/bin/tar: ../../../../../usr/local/lib/android/sdk/platforms/android-36.1/data/res/values-mcc310-mnc170-et: Cannot change mode to rwxr-xr-x: Operation not permitted
build	Cache Android SDK	2026-06-06T12:22:55.1511056Z /usr/bin/tar: ../../../../../usr/local/lib/android/sdk/platforms/android-36.1/data/res/values-mcc310-mnc160-en-rIN: Cannot utime: Operation not permitted
build	Cache Android SDK	2026-06-06T12:22:55.1511541Z /usr/bin/tar: ../../../../../usr/local/lib/android/sdk/platforms/android-36.1/data/res/values-mcc310-mnc160-en-rIN: Cannot change mode to rwxr-xr-x: Operation not permitted
build	Cache Android SDK	2026-06-06T12:22:55.1514319Z /usr/bin/tar: ../../../../../usr/local/lib/android/sdk/platforms/android-36.1/data/res/values-mcc302-mnc370-da: Cannot utime: Operation not permitted
build	Cache Android SDK	2026-06-06T12:22:55.1514788Z /usr/bin/tar: ../../../../../usr/local/lib/android/sdk/platforms/android-36.1/data/res/values-mcc302-mnc370-da: Cannot change mode to rwxr-xr-x: Operation not permitted
build	Cache Android SDK	2026-06-06T12:22:55.1518734Z /usr/bin/tar: ../../../../../usr/local/lib/android/sdk/platforms/android-36.1/data/res/values-mcc310-mnc490-sv: Cannot utime: Operation not permitted
build	Cache Android SDK	2026-06-06T12:22:55.1519539Z /usr/bin/tar: ../../../../../usr/local/lib/android/sdk/platforms/android-36.1/data/res/values-mcc310-mnc490-sv: Cannot change mode to rwxr-xr-x: Operation not permitted
build	Cache Android SDK	2026-06-06T12:22:55.1520681Z /usr/bin/tar: ../../../../../usr/local/lib/android/sdk/platforms/android-36.1/data/res/values-ru-television: Cannot utime: Operation not permitted
build	Cache Android SDK	2026-06-06T12:22:55.1521322Z /usr/bin/tar: ../../../../../usr/local/lib/android/sdk/platforms/android-36.1/data/res/values-ru-television: Cannot change mode to rwxr-xr-x: Operation not permitted
build	Cache Android SDK	2026-06-06T12:22:55.1524441Z /usr/bin/tar: ../../../../../usr/local/lib/android/sdk/platforms/android-36.1/data/res/values-mcc310-mnc380-it: Cannot utime: Operation not permitted
build	Cache Android SDK	2026-06-06T12:22:55.1524907Z /usr/bin/tar: ../../../../../usr/local/lib/android/sdk/platforms/android-36.1/data/res/values-mcc310-mnc380-it: Cannot change mode to rwxr-xr-x: Operation not permitted
build	Cache Android SDK	2026-06-06T12:22:55.1527587Z /usr/bin/tar: ../../../../../usr/local/lib/android/sdk/platforms/android-36.1/data/res/values-mcc001-mnc01-sw: Cannot utime: Operation not permitted
build	Cache Android SDK	2026-06-06T12:22:55.1528050Z /usr/bin/tar: ../../../../../usr/local/lib/android/sdk/platforms/android-36.1/data/res/values-mcc001-mnc01-sw: Cannot change mode to rwxr-xr-x: Operation not permitted
build	Cache Android SDK	2026-06-06T12:22:55.1530571Z /usr/bin/tar: ../../../../../usr/local/lib/android/sdk/platforms/android-36.1/data/res/values-kn-watch: Cannot utime: Operation not permitted
build	Cache Android SDK	2026-06-06T12:22:55.1531023Z /usr/bin/tar: ../../../../../usr/local/lib/android/sdk/platforms/android-36.1/data/res/values-kn-watch: Cannot change mode to rwxr-xr-x: Operation not permitted
build	Cache Android SDK	2026-06-06T12:22:55.1533721Z /usr/bin/tar: ../../../../../usr/local/lib/android/sdk/platforms/android-36.1/data/res/values-mcc310-mnc660-am: Cannot utime: Operation not permitted
build	Cache Android SDK	2026-06-06T12:22:55.1534178Z /usr/bin/tar: ../../../../../usr/local/lib/android/sdk/platforms/android-36.1/data/res/values-mcc310-mnc660-am: Cannot change mode to rwxr-xr-x: Operation not permitted
build	Cache Android SDK	2026-06-06T12:22:55.1537783Z /usr/bin/tar: ../../../../../usr/local/lib/android/sdk/platforms/android-36.1/data/res/values-mcc310-mnc240-b+sr+Latn: Cannot utime: Operation not permitted
build	Cache Android SDK	2026-06-06T12:22:55.1538275Z /usr/bin/tar: ../../../../../usr/local/lib/android/sdk/platforms/android-36.1/data/res/values-mcc310-mnc240-b+sr+Latn: Cannot change mode to rwxr-xr-x: Operation not permitted
build	Cache Android SDK	2026-06-06T12:22:55.1540916Z /usr/bin/tar: ../../../../../usr/local/lib/android/sdk/platforms/android-36.1/data/res/values-as-watch: Cannot utime: Operation not permitted
build	Cache Android SDK	2026-06-06T12:22:55.1541372Z /usr/bin/tar: ../../../../../usr/local/lib/android/sdk/platforms/android-36.1/data/res/values-as-watch: Cannot change mode to rwxr-xr-x: Operation not permitted
build	Cache Android SDK	2026-06-06T12:22:55.1543862Z /usr/bin/tar: ../../../../../usr/local/lib/android/sdk/platforms/android-36.1/data/res/values-mcc310-mnc270-fa: Cannot utime: Operation not permitted
build	Cache Android SDK	2026-06-06T12:22:55.1544321Z /usr/bin/tar: ../../../../../usr/local/lib/android/sdk/platforms/android-36.1/data/res/values-mcc310-mnc270-fa: Cannot change mode to rwxr-xr-x: Operation not permitted
build	Cache Android SDK	2026-06-06T12:22:55.1546696Z /usr/bin/tar: ../../../../../usr/local/lib/android/sdk/platforms/android-36.1/data/res/values-mcc310-mnc410-ky: Cannot utime: Operation not permitted
build	Cache Android SDK	2026-06-06T12:22:55.1547161Z /usr/bin/tar: ../../../../../usr/local/lib/android/sdk/platforms/android-36.1/data/res/values-mcc310-mnc410-ky: Cannot change mode to rwxr-xr-x: Operation not permitted
build	Cache Android SDK	2026-06-06T12:22:55.1549919Z /usr/bin/tar: ../../../../../usr/local/lib/android/sdk/platforms/android-36.1/data/res/values-mcc310-mnc030-lt: Cannot utime: Operation not permitted
build	Cache Android SDK	2026-06-06T12:22:55.1550387Z /usr/bin/tar: ../../../../../usr/local/lib/android/sdk/platforms/android-36.1/data/res/values-mcc310-mnc030-lt: Cannot change mode to rwxr-xr-x: Operation not permitted
build	Cache Android SDK	2026-06-06T12:22:55.1553820Z /usr/bin/tar: ../../../../../usr/local/lib/android/sdk/platforms/android-36.1/data/res/values-mcc310-mnc030-my: Cannot utime: Operation not permitted
build	Cache Android SDK	2026-06-06T12:22:55.1554272Z /usr/bin/tar: ../../../../../usr/local/lib/android/sdk/platforms/android-36.1/data/res/values-mcc310-mnc030-my: Cannot change mode to rwxr-xr-x: Operation not permitted
build	Cache Android SDK	2026-06-06T12:22:55.1557115Z /usr/bin/tar: ../../../../../usr/local/lib/android/sdk/platforms/android-36.1/data/res/values-mcc310-mnc270-my: Cannot utime: Operation not permitted
build	Cache Android SDK	2026-06-06T12:22:55.1557865Z /usr/bin/tar: ../../../../../usr/local/lib/android/sdk/platforms/android-36.1/data/res/values-mcc310-mnc270-my: Cannot change mode to rwxr-xr-x: Operation not permitted
build	Cache Android SDK	2026-06-06T12:22:55.1561457Z /usr/bin/tar: ../../../../../usr/local/lib/android/sdk/platforms/android-36.1/data/res/values-hi-television: Cannot utime: Operation not permitted
build	Cache Android SDK	2026-06-06T12:22:55.1561920Z /usr/bin/tar: ../../../../../usr/local/lib/android/sdk/platforms/android-36.1/data/res/values-hi-television: Cannot change mode to rwxr-xr-x: Operation not permitted
build	Cache Android SDK	2026-06-06T12:22:55.1564657Z /usr/bin/tar: ../../../../../usr/local/lib/android/sdk/platforms/android-36.1/data/res/values-mcc312-mnc670-sr: Cannot utime: Operation not permitted
build	Cache Android SDK	2026-06-06T12:22:55.1565118Z /usr/bin/tar: ../../../../../usr/local/lib/android/sdk/platforms/android-36.1/data/res/values-mcc312-mnc670-sr: Cannot change mode to rwxr-xr-x: Operation not permitted
build	Cache Android SDK	2026-06-06T12:22:55.1568164Z /usr/bin/tar: ../../../../../usr/local/lib/android/sdk/platforms/android-36.1/data/res/values-mcc310-mnc270-zh-rHK: Cannot utime: Operation not permitted
build	Cache Android SDK	2026-06-06T12:22:55.1568657Z /usr/bin/tar: ../../../../../usr/local/lib/android/sdk/platforms/android-36.1/data/res/values-mcc310-mnc270-zh-rHK: Cannot change mode to rwxr-xr-x: Operation not permitted
build	Cache Android SDK	2026-06-06T12:22:55.1570984Z /usr/bin/tar: ../../../../../usr/local/lib/android/sdk/platforms/android-36.1/data/res/values-mcc310-mnc560-pt: Cannot utime: Operation not permitted
build	Cache Android SDK	2026-06-06T12:22:55.1571443Z /usr/bin/tar: ../../../../../usr/local/lib/android/sdk/platforms/android-36.1/data/res/values-mcc310-mnc560-pt: Cannot change mode to rwxr-xr-x: Operation not permitted
build	Cache Android SDK	2026-06-06T12:22:55.1574252Z /usr/bin/tar: ../../../../../usr/local/lib/android/sdk/platforms/android-36.1/data/res/values-mcc310-mnc160-pt-rPT: Cannot utime: Operation not permitted
build	Cache Android SDK	2026-06-06T12:22:55.1574746Z /usr/bin/tar: ../../../../../usr/local/lib/android/sdk/platforms/android-36.1/data/res/values-mcc310-mnc160-pt-rPT: Cannot change mode to rwxr-xr-x: Operation not permitted
build	Cache Android SDK	2026-06-06T12:22:55.1577120Z /usr/bin/tar: ../../../../../usr/local/lib/android/sdk/platforms/android-36.1/data/res/values-mcc310-mnc490-fa: Cannot utime: Operation not permitted
build	Cache Android SDK	2026-06-06T12:22:55.1577752Z /usr/bin/tar: ../../../../../usr/local/lib/android/sdk/platforms/android-36.1/data/res/values-mcc310-mnc490-fa: Cannot change mode to rwxr-xr-x: Operation not permitted
build	Cache Android SDK	2026-06-06T12:22:55.1579949Z /usr/bin/tar: ../../../../../usr/local/lib/android/sdk/platforms/android-36.1/data/res/values-mcc302-mnc370-sq: Cannot utime: Operation not permitted
build	Cache Android SDK	2026-06-06T12:22:55.1580407Z /usr/bin/tar: ../../../../../usr/local/lib/android/sdk/platforms/android-36.1/data/res/values-mcc302-mnc370-sq: Cannot change mode to rwxr-xr-x: Operation not permitted
build	Cache Android SDK	2026-06-06T12:22:55.1582834Z /usr/bin/tar: ../../../../../usr/local/lib/android/sdk/platforms/android-36.1/data/res/values-mcc310-mnc210-fr: Cannot utime: Operation not permitted
build	Cache Android SDK	2026-06-06T12:22:55.1583313Z /usr/bin/tar: ../../../../../usr/local/lib/android/sdk/platforms/android-36.1/data/res/values-mcc310-mnc210-fr: Cannot change mode to rwxr-xr-x: Operation not permitted
build	Cache Android SDK	2026-06-06T12:22:55.1585851Z /usr/bin/tar: ../../../../../usr/local/lib/android/sdk/platforms/android-36.1/data/res/values-mcc310-mnc030-sl: Cannot utime: Operation not permitted
build	Cache Android SDK	2026-06-06T12:22:55.1586347Z /usr/bin/tar: ../../../../../usr/local/lib/android/sdk/platforms/android-36.1/data/res/values-mcc310-mnc030-sl: Cannot change mode to rwxr-xr-x: Operation not permitted
build	Cache Android SDK	2026-06-06T12:22:55.1589174Z /usr/bin/tar: ../../../../../usr/local/lib/android/sdk/platforms/android-36.1/data/res/values-mcc310-mnc410-tr: Cannot utime: Operation not permitted
build	Cache Android SDK	2026-06-06T12:22:55.1589666Z /usr/bin/tar: ../../../../../usr/local/lib/android/sdk/platforms/android-36.1/data/res/values-mcc310-mnc410-tr: Cannot change mode to rwxr-xr-x: Operation not permitted
build	Cache Android SDK	2026-06-06T12:22:55.1592154Z /usr/bin/tar: ../../../../../usr/local/lib/android/sdk/platforms/android-36.1/data/res/values-mcc302-mnc720-kn: Cannot utime: Operation not permitted
build	Cache Android SDK	2026-06-06T12:22:55.1592715Z /usr/bin/tar: ../../../../../usr/local/lib/android/sdk/platforms/android-36.1/data/res/values-mcc302-mnc720-kn: Cannot change mode to rwxr-xr-x: Operation not permitted
build	Cache Android SDK	2026-06-06T12:22:55.1595127Z /usr/bin/tar: ../../../../../usr/local/lib/android/sdk/platforms/android-36.1/data/res/values-mcc001-mnc01-fr: Cannot utime: Operation not permitted
build	Cache Android SDK	2026-06-06T12:22:55.1595589Z /usr/bin/tar: ../../../../../usr/local/lib/android/sdk/platforms/android-36.1/data/res/values-mcc001-mnc01-fr: Cannot change mode to rwxr-xr-x: Operation not permitted
build	Cache Android SDK	2026-06-06T12:22:55.1598345Z /usr/bin/tar: ../../../../../usr/local/lib/android/sdk/platforms/android-36.1/data/res/values-mcc310-mnc490-sq: Cannot utime: Operation not permitted
build	Cache Android SDK	2026-06-06T12:22:55.1598828Z /usr/bin/tar: ../../../../../usr/local/lib/android/sdk/platforms/android-36.1/data/res/values-mcc310-mnc490-sq: Cannot change mode to rwxr-xr-x: Operation not permitted
build	Cache Android SDK	2026-06-06T12:22:55.1600850Z /usr/bin/tar: ../../../../../usr/local/lib/android/sdk/platforms/android-36.1/data/res/values-mcc310-mnc170-el: Cannot utime: Operation not permitted
build	Cache Android SDK	2026-06-06T12:22:55.1601321Z /usr/bin/tar: ../../../../../usr/local/lib/android/sdk/platforms/android-36.1/data/res/values-mcc310-mnc170-el: Cannot change mode to rwxr-xr-x: Operation not permitted
build	Cache Android SDK	2026-06-06T12:22:55.1603642Z /usr/bin/tar: ../../../../../usr/local/lib/android/sdk/platforms/android-36.1/data/res/values-mcc310-mnc030-fi: Cannot utime: Operation not permitted
build	Cache Android SDK	2026-06-06T12:22:55.1604100Z /usr/bin/tar: ../../../../../usr/local/lib/android/sdk/platforms/android-36.1/data/res/values-mcc310-mnc030-fi: Cannot change mode to rwxr-xr-x: Operation not permitted
build	Cache Android SDK	2026-06-06T12:22:55.1606578Z /usr/bin/tar: ../../../../../usr/local/lib/android/sdk/platforms/android-36.1/data/res/values-mcc310-mnc560-pt-rBR: Cannot utime: Operation not permitted
build	Cache Android SDK	2026-06-06T12:22:55.1607059Z /usr/bin/tar: ../../../../../usr/local/lib/android/sdk/platforms/android-36.1/data/res/values-mcc310-mnc560-pt-rBR: Cannot change mode to rwxr-xr-x: Operation not permitted
build	Cache Android SDK	2026-06-06T12:22:55.1609533Z /usr/bin/tar: ../../../../../usr/local/lib/android/sdk/platforms/android-36.1/data/res/values-mcc310-mnc230-fi: Cannot utime: Operation not permitted
build	Cache Android SDK	2026-06-06T12:22:55.1609998Z /usr/bin/tar: ../../../../../usr/local/lib/android/sdk/platforms/android-36.1/data/res/values-mcc310-mnc230-fi: Cannot change mode to rwxr-xr-x: Operation not permitted
build	Cache Android SDK	2026-06-06T12:22:55.1612676Z /usr/bin/tar: ../../../../../usr/local/lib/android/sdk/platforms/android-36.1/data/res/drawable-w204dp: Cannot utime: Operation not permitted
build	Cache Android SDK	2026-06-06T12:22:55.1613128Z /usr/bin/tar: ../../../../../usr/local/lib/android/sdk/platforms/android-36.1/data/res/drawable-w204dp: Cannot change mode to rwxr-xr-x: Operation not permitted
build	Cache Android SDK	2026-06-06T12:22:55.1615360Z /usr/bin/tar: ../../../../../usr/local/lib/android/sdk/platforms/android-36.1/data/res/values-mcc310-mnc170-it: Cannot utime: Operation not permitted
build	Cache Android SDK	2026-06-06T12:22:55.1615827Z /usr/bin/tar: ../../../../../usr/local/lib/android/sdk/platforms/android-36.1/data/res/values-mcc310-mnc170-it: Cannot change mode to rwxr-xr-x: Operation not permitted
build	Cache Android SDK	2026-06-06T12:22:55.1622957Z /usr/bin/tar: ../../../../../usr/local/lib/android/sdk/platforms/android-36.1/data/res/values-as: Cannot utime: Operation not permitted
build	Cache Android SDK	2026-06-06T12:22:55.1623728Z /usr/bin/tar: ../../../../../usr/local/lib/android/sdk/platforms/android-36.1/data/res/values-as: Cannot change mode to rwxr-xr-x: Operation not permitted
build	Cache Android SDK	2026-06-06T12:22:55.1626912Z /usr/bin/tar: ../../../../../usr/local/lib/android/sdk/platforms/android-36.1/data/res/values-w320dp-h426dp: Cannot utime: Operation not permitted
build	Cache Android SDK	2026-06-06T12:22:55.1627652Z /usr/bin/tar: ../../../../../usr/local/lib/android/sdk/platforms/android-36.1/data/res/values-w320dp-h426dp: Cannot change mode to rwxr-xr-x: Operation not permitted
build	Cache Android SDK	2026-06-06T12:22:55.1632121Z /usr/bin/tar: ../../../../../usr/local/lib/android/sdk/platforms/android-36.1/data/res/values-mcc310-mnc270-bs: Cannot utime: Operation not permitted
build	Cache Android SDK	2026-06-06T12:22:55.1632769Z /usr/bin/tar: ../../../../../usr/local/lib/android/sdk/platforms/android-36.1/data/res/values-mcc310-mnc270-bs: Cannot change mode to rwxr-xr-x: Operation not permitted
build	Cache Android SDK	2026-06-06T12:22:55.1636028Z /usr/bin/tar: ../../../../../usr/local/lib/android/sdk/platforms/android-36.1/data/res/values-mcc310-mnc230-sr: Cannot utime: Operation not permitted
build	Cache Android SDK	2026-06-06T12:22:55.1636483Z /usr/bin/tar: ../../../../../usr/local/lib/android/sdk/platforms/android-36.1/data/res/values-mcc310-mnc230-sr: Cannot change mode to rwxr-xr-x: Operation not permitted
build	Cache Android SDK	2026-06-06T12:22:55.1639586Z /usr/bin/tar: ../../../../../usr/local/lib/android/sdk/platforms/android-36.1/data/res/values-mcc313-mnc100-si: Cannot utime: Operation not permitted
build	Cache Android SDK	2026-06-06T12:22:55.1640037Z /usr/bin/tar: ../../../../../usr/local/lib/android/sdk/platforms/android-36.1/data/res/values-mcc313-mnc100-si: Cannot change mode to rwxr-xr-x: Operation not permitted
build	Cache Android SDK	2026-06-06T12:22:55.1646563Z /usr/bin/tar: ../../../../../usr/local/lib/android/sdk/platforms/android-36.1/data/res/values-bs: Cannot utime: Operation not permitted
build	Cache Android SDK	2026-06-06T12:22:55.1647084Z /usr/bin/tar: ../../../../../usr/local/lib/android/sdk/platforms/android-36.1/data/res/values-bs: Cannot change mode to rwxr-xr-x: Operation not permitted
build	Cache Android SDK	2026-06-06T12:22:55.1649028Z /usr/bin/tar: ../../../../../usr/local/lib/android/sdk/platforms/android-36.1/data/res/values-mcc310-mnc230-pt-rPT: Cannot utime: Operation not permitted
build	Cache Android SDK	2026-06-06T12:22:55.1649506Z /usr/bin/tar: ../../../../../usr/local/lib/android/sdk/platforms/android-36.1/data/res/values-mcc310-mnc230-pt-rPT: Cannot change mode to rwxr-xr-x: Operation not permitted
build	Cache Android SDK	2026-06-06T12:22:55.1652636Z /usr/bin/tar: ../../../../../usr/local/lib/android/sdk/platforms/android-36.1/data/res/values-mcc310-mnc170-zh-rCN: Cannot utime: Operation not permitted
build	Cache Android SDK	2026-06-06T12:22:55.1653099Z /usr/bin/tar: ../../../../../usr/local/lib/android/sdk/platforms/android-36.1/data/res/values-mcc310-mnc170-zh-rCN: Cannot change mode to rwxr-xr-x: Operation not permitted
build	Cache Android SDK	2026-06-06T12:22:55.1655977Z /usr/bin/tar: ../../../../../usr/local/lib/android/sdk/platforms/android-36.1/data/res/values-mcc313-mnc100-lo: Cannot utime: Operation not permitted
build	Cache Android SDK	2026-06-06T12:22:55.1656437Z /usr/bin/tar: ../../../../../usr/local/lib/android/sdk/platforms/android-36.1/data/res/values-mcc313-mnc100-lo: Cannot change mode to rwxr-xr-x: Operation not permitted
build	Cache Android SDK	2026-06-06T12:22:55.1659358Z /usr/bin/tar: ../../../../../usr/local/lib/android/sdk/platforms/android-36.1/data/res/values-mcc302-mnc370-th: Cannot utime: Operation not permitted
build	Cache Android SDK	2026-06-06T12:22:55.1659808Z /usr/bin/tar: ../../../../../usr/local/lib/android/sdk/platforms/android-36.1/data/res/values-mcc302-mnc370-th: Cannot change mode to rwxr-xr-x: Operation not permitted
build	Cache Android SDK	2026-06-06T12:22:55.1662412Z /usr/bin/tar: ../../../../../usr/local/lib/android/sdk/platforms/android-36.1/data/res/values-mcc310-mnc160-si: Cannot utime: Operation not permitted
build	Cache Android SDK	2026-06-06T12:22:55.1662853Z /usr/bin/tar: ../../../../../usr/local/lib/android/sdk/platforms/android-36.1/data/res/values-mcc310-mnc160-si: Cannot change mode to rwxr-xr-x: Operation not permitted
build	Cache Android SDK	2026-06-06T12:22:55.1665655Z /usr/bin/tar: ../../../../../usr/local/lib/android/sdk/platforms/android-36.1/data/res/values-mcc311-mnc180-or: Cannot utime: Operation not permitted
build	Cache Android SDK	2026-06-06T12:22:55.1666112Z /usr/bin/tar: ../../../../../usr/local/lib/android/sdk/platforms/android-36.1/data/res/values-mcc311-mnc180-or: Cannot change mode to rwxr-xr-x: Operation not permitted
build	Cache Android SDK	2026-06-06T12:22:55.1669188Z /usr/bin/tar: ../../../../../usr/local/lib/android/sdk/platforms/android-36.1/data/res/values-mcc312-mnc670-hu: Cannot utime: Operation not permitted
build	Cache Android SDK	2026-06-06T12:22:55.1669638Z /usr/bin/tar: ../../../../../usr/local/lib/android/sdk/platforms/android-36.1/data/res/values-mcc312-mnc670-hu: Cannot change mode to rwxr-xr-x: Operation not permitted
build	Cache Android SDK	2026-06-06T12:22:55.1674837Z /usr/bin/tar: ../../../../../usr/local/lib/android/sdk/platforms/android-36.1/data/res/values-mcc302-mnc720-ml: Cannot utime: Operation not permitted
build	Cache Android SDK	2026-06-06T12:22:55.1675373Z /usr/bin/tar: ../../../../../usr/local/lib/android/sdk/platforms/android-36.1/data/res/values-mcc302-mnc720-ml: Cannot change mode to rwxr-xr-x: Operation not permitted
build	Cache Android SDK	2026-06-06T12:22:55.1678244Z /usr/bin/tar: ../../../../../usr/local/lib/android/sdk/platforms/android-36.1/data/res/values-mcc310-mnc410-pt: Cannot utime: Operation not permitted
build	Cache Android SDK	2026-06-06T12:22:55.1678701Z /usr/bin/tar: ../../../../../usr/local/lib/android/sdk/platforms/android-36.1/data/res/values-mcc310-mnc410-pt: Cannot change mode to rwxr-xr-x: Operation not permitted
build	Cache Android SDK	2026-06-06T12:22:55.1681158Z /usr/bin/tar: ../../../../../usr/local/lib/android/sdk/platforms/android-36.1/data/res/values-mcc313-mnc100-zu: Cannot utime: Operation not permitted
build	Cache Android SDK	2026-06-06T12:22:55.1681680Z /usr/bin/tar: ../../../../../usr/local/lib/android/sdk/platforms/android-36.1/data/res/values-mcc313-mnc100-zu: Cannot change mode to rwxr-xr-x: Operation not permitted
build	Cache Android SDK	2026-06-06T12:22:55.1684126Z /usr/bin/tar: ../../../../../usr/local/lib/android/sdk/platforms/android-36.1/data/res/values-mcc310-mnc560-ca: Cannot utime: Operation not permitted
build	Cache Android SDK	2026-06-06T12:22:55.1684641Z /usr/bin/tar: ../../../../../usr/local/lib/android/sdk/platforms/android-36.1/data/res/values-mcc310-mnc560-ca: Cannot change mode to rwxr-xr-x: Operation not permitted
build	Cache Android SDK	2026-06-06T12:22:55.1687523Z /usr/bin/tar: ../../../../../usr/local/lib/android/sdk/platforms/android-36.1/data/res/values-bg-watch: Cannot utime: Operation not permitted
build	Cache Android SDK	2026-06-06T12:22:55.1687995Z /usr/bin/tar: ../../../../../usr/local/lib/android/sdk/platforms/android-36.1/data/res/values-bg-watch: Cannot change mode to rwxr-xr-x: Operation not permitted
build	Cache Android SDK	2026-06-06T12:22:55.2006331Z /usr/bin/tar: ../../../../../usr/local/lib/android/sdk/platforms/android-36.1/data/res/drawable: Cannot utime: Operation not permitted
build	Cache Android SDK	2026-06-06T12:22:55.2006976Z /usr/bin/tar: ../../../../../usr/local/lib/android/sdk/platforms/android-36.1/data/res/drawable: Cannot change mode to rwxr-xr-x: Operation not permitted
build	Cache Android SDK	2026-06-06T12:22:55.2008917Z /usr/bin/tar: ../../../../../usr/local/lib/android/sdk/platforms/android-36.1/data/res/values-mcc310-mnc280-te: Cannot utime: Operation not permitted
build	Cache Android SDK	2026-06-06T12:22:55.2009543Z /usr/bin/tar: ../../../../../usr/local/lib/android/sdk/platforms/android-36.1/data/res/values-mcc310-mnc280-te: Cannot change mode to rwxr-xr-x: Operation not permitted
build	Cache Android SDK	2026-06-06T12:22:55.2011952Z /usr/bin/tar: ../../../../../usr/local/lib/android/sdk/platforms/android-36.1/data/res/values-mcc312-mnc670-lo: Cannot utime: Operation not permitted
build	Cache Android SDK	2026-06-06T12:22:55.2012412Z /usr/bin/tar: ../../../../../usr/local/lib/android/sdk/platforms/android-36.1/data/res/values-mcc312-mnc670-lo: Cannot change mode to rwxr-xr-x: Operation not permitted
build	Cache Android SDK	2026-06-06T12:22:55.2014791Z /usr/bin/tar: ../../../../../usr/local/lib/android/sdk/platforms/android-36.1/data/res/values-mcc310-mnc210-ro: Cannot utime: Operation not permitted
build	Cache Android SDK	2026-06-06T12:22:55.2015247Z /usr/bin/tar: ../../../../../usr/local/lib/android/sdk/platforms/android-36.1/data/res/values-mcc310-mnc210-ro: Cannot change mode to rwxr-xr-x: Operation not permitted
build	Cache Android SDK	2026-06-06T12:22:55.2018671Z /usr/bin/tar: ../../../../../usr/local/lib/android/sdk/platforms/android-36.1/data/res/values-mcc302-mnc720-be: Cannot utime: Operation not permitted
build	Cache Android SDK	2026-06-06T12:22:55.2019128Z /usr/bin/tar: ../../../../../usr/local/lib/android/sdk/platforms/android-36.1/data/res/values-mcc302-mnc720-be: Cannot change mode to rwxr-xr-x: Operation not permitted
build	Cache Android SDK	2026-06-06T12:22:55.2022278Z /usr/bin/tar: ../../../../../usr/local/lib/android/sdk/platforms/android-36.1/data/res/values-ne-television: Cannot utime: Operation not permitted
build	Cache Android SDK	2026-06-06T12:22:55.2022732Z /usr/bin/tar: ../../../../../usr/local/lib/android/sdk/platforms/android-36.1/data/res/values-ne-television: Cannot change mode to rwxr-xr-x: Operation not permitted
build	Cache Android SDK	2026-06-06T12:22:55.2025754Z /usr/bin/tar: ../../../../../usr/local/lib/android/sdk/platforms/android-36.1/data/res/values-mcc310-mnc660-ms: Cannot utime: Operation not permitted
build	Cache Android SDK	2026-06-06T12:22:55.2026285Z /usr/bin/tar: ../../../../../usr/local/lib/android/sdk/platforms/android-36.1/data/res/values-mcc310-mnc660-ms: Cannot change mode to rwxr-xr-x: Operation not permitted
build	Cache Android SDK	2026-06-06T12:22:55.2030409Z /usr/bin/tar: ../../../../../usr/local/lib/android/sdk/platforms/android-36.1/data/res/values-mcc310-mnc490-hy: Cannot utime: Operation not permitted
build	Cache Android SDK	2026-06-06T12:22:55.2030860Z /usr/bin/tar: ../../../../../usr/local/lib/android/sdk/platforms/android-36.1/data/res/values-mcc310-mnc490-hy: Cannot change mode to rwxr-xr-x: Operation not permitted
build	Cache Android SDK	2026-06-06T12:22:55.2034229Z /usr/bin/tar: ../../../../../usr/local/lib/android/sdk/platforms/android-36.1/data/res/values-mcc311-mnc180-as: Cannot utime: Operation not permitted
build	Cache Android SDK	2026-06-06T12:22:55.2034779Z /usr/bin/tar: ../../../../../usr/local/lib/android/sdk/platforms/android-36.1/data/res/values-mcc311-mnc180-as: Cannot change mode to rwxr-xr-x: Operation not permitted
build	Cache Android SDK	2026-06-06T12:22:55.2037783Z /usr/bin/tar: ../../../../../usr/local/lib/android/sdk/platforms/android-36.1/data/res/values-zh-rHK-watch: Cannot utime: Operation not permitted
build	Cache Android SDK	2026-06-06T12:22:55.2038353Z /usr/bin/tar: ../../../../../usr/local/lib/android/sdk/platforms/android-36.1/data/res/values-zh-rHK-watch: Cannot change mode to rwxr-xr-x: Operation not permitted
build	Cache Android SDK	2026-06-06T12:22:55.2041178Z /usr/bin/tar: ../../../../../usr/local/lib/android/sdk/platforms/android-36.1/data/res/values-mcc310-mnc560-tl: Cannot utime: Operation not permitted
build	Cache Android SDK	2026-06-06T12:22:55.2041776Z /usr/bin/tar: ../../../../../usr/local/lib/android/sdk/platforms/android-36.1/data/res/values-mcc310-mnc560-tl: Cannot change mode to rwxr-xr-x: Operation not permitted
build	Cache Android SDK	2026-06-06T12:22:55.2044050Z /usr/bin/tar: ../../../../../usr/local/lib/android/sdk/platforms/android-36.1/data/res/values-mcc310-mnc210-es-rUS: Cannot utime: Operation not permitted
build	Cache Android SDK	2026-06-06T12:22:55.2044536Z /usr/bin/tar: ../../../../../usr/local/lib/android/sdk/platforms/android-36.1/data/res/values-mcc310-mnc210-es-rUS: Cannot change mode to rwxr-xr-x: Operation not permitted
build	Cache Android SDK	2026-06-06T12:22:55.2047558Z /usr/bin/tar: ../../../../../usr/local/lib/android/sdk/platforms/android-36.1/data/res/values-mcc312-mnc670-b+sr+Latn: Cannot utime: Operation not permitted
build	Cache Android SDK	2026-06-06T12:22:55.2048112Z /usr/bin/tar: ../../../../../usr/local/lib/android/sdk/platforms/android-36.1/data/res/values-mcc312-mnc670-b+sr+Latn: Cannot change mode to rwxr-xr-x: Operation not permitted
build	Cache Android SDK	2026-06-06T12:22:55.2050783Z /usr/bin/tar: ../../../../../usr/local/lib/android/sdk/platforms/android-36.1/data/res/values-mcc310-mnc210-tr: Cannot utime: Operation not permitted
build	Cache Android SDK	2026-06-06T12:22:55.2051235Z /usr/bin/tar: ../../../../../usr/local/lib/android/sdk/platforms/android-36.1/data/res/values-mcc310-mnc210-tr: Cannot change mode to rwxr-xr-x: Operation not permitted
build	Cache Android SDK	2026-06-06T12:22:55.2054087Z /usr/bin/tar: ../../../../../usr/local/lib/android/sdk/platforms/android-36.1/data/res/values-mcc302-mnc720-iw: Cannot utime: Operation not permitted
build	Cache Android SDK	2026-06-06T12:22:55.2054537Z /usr/bin/tar: ../../../../../usr/local/lib/android/sdk/platforms/android-36.1/data/res/values-mcc302-mnc720-iw: Cannot change mode to rwxr-xr-x: Operation not permitted
build	Cache Android SDK	2026-06-06T12:22:55.2057038Z /usr/bin/tar: ../../../../../usr/local/lib/android/sdk/platforms/android-36.1/data/res/values-mcc310-mnc230-eu: Cannot utime: Operation not permitted
build	Cache Android SDK	2026-06-06T12:22:55.2057650Z /usr/bin/tar: ../../../../../usr/local/lib/android/sdk/platforms/android-36.1/data/res/values-mcc310-mnc230-eu: Cannot change mode to rwxr-xr-x: Operation not permitted
build	Cache Android SDK	2026-06-06T12:22:55.2060726Z /usr/bin/tar: ../../../../../usr/local/lib/android/sdk/platforms/android-36.1/data/res/values-mcc310-mnc160-ar: Cannot utime: Operation not permitted
build	Cache Android SDK	2026-06-06T12:22:55.2061175Z /usr/bin/tar: ../../../../../usr/local/lib/android/sdk/platforms/android-36.1/data/res/values-mcc310-mnc160-ar: Cannot change mode to rwxr-xr-x: Operation not permitted
build	Cache Android SDK	2026-06-06T12:22:55.2064335Z /usr/bin/tar: ../../../../../usr/local/lib/android/sdk/platforms/android-36.1/data/res/values-cs-watch: Cannot utime: Operation not permitted
build	Cache Android SDK	2026-06-06T12:22:55.2064831Z /usr/bin/tar: ../../../../../usr/local/lib/android/sdk/platforms/android-36.1/data/res/values-cs-watch: Cannot change mode to rwxr-xr-x: Operation not permitted
build	Cache Android SDK	2026-06-06T12:22:55.2067742Z /usr/bin/tar: ../../../../../usr/local/lib/android/sdk/platforms/android-36.1/data/res/values-mcc302-mnc720-en-rCA: Cannot utime: Operation not permitted
build	Cache Android SDK	2026-06-06T12:22:55.2068208Z /usr/bin/tar: ../../../../../usr/local/lib/android/sdk/platforms/android-36.1/data/res/values-mcc302-mnc720-en-rCA: Cannot change mode to rwxr-xr-x: Operation not permitted
build	Cache Android SDK	2026-06-06T12:22:55.2075183Z /usr/bin/tar: ../../../../../usr/local/lib/android/sdk/platforms/android-36.1/data/res/values-ml: Cannot utime: Operation not permitted
build	Cache Android SDK	2026-06-06T12:22:55.2075811Z /usr/bin/tar: ../../../../../usr/local/lib/android/sdk/platforms/android-36.1/data/res/values-ml: Cannot change mode to rwxr-xr-x: Operation not permitted
build	Cache Android SDK	2026-06-06T12:22:55.2078984Z /usr/bin/tar: ../../../../../usr/local/lib/android/sdk/platforms/android-36.1/data/res/values-mcc310-mnc150-my: Cannot utime: Operation not permitted
build	Cache Android SDK	2026-06-06T12:22:55.2079568Z /usr/bin/tar: ../../../../../usr/local/lib/android/sdk/platforms/android-36.1/data/res/values-mcc310-mnc150-my: Cannot change mode to rwxr-xr-x: Operation not permitted
build	Cache Android SDK	2026-06-06T12:22:55.2082467Z /usr/bin/tar: ../../../../../usr/local/lib/android/sdk/platforms/android-36.1/data/res/values-pt-rBR-television: Cannot utime: Operation not permitted
build	Cache Android SDK	2026-06-06T12:22:55.2082967Z /usr/bin/tar: ../../../../../usr/local/lib/android/sdk/platforms/android-36.1/data/res/values-pt-rBR-television: Cannot change mode to rwxr-xr-x: Operation not permitted
build	Cache Android SDK	2026-06-06T12:22:55.2088614Z /usr/bin/tar: ../../../../../usr/local/lib/android/sdk/platforms/android-36.1/data/res/values-mcc310-mnc030-af: Cannot utime: Operation not permitted
build	Cache Android SDK	2026-06-06T12:22:55.2089099Z /usr/bin/tar: ../../../../../usr/local/lib/android/sdk/platforms/android-36.1/data/res/values-mcc310-mnc030-af: Cannot change mode to rwxr-xr-x: Operation not permitted
build	Cache Android SDK	2026-06-06T12:22:55.2092072Z /usr/bin/tar: ../../../../../usr/local/lib/android/sdk/platforms/android-36.1/data/res/values-mcc310-mnc280-ar: Cannot utime: Operation not permitted
build	Cache Android SDK	2026-06-06T12:22:55.2092524Z /usr/bin/tar: ../../../../../usr/local/lib/android/sdk/platforms/android-36.1/data/res/values-mcc310-mnc280-ar: Cannot change mode to rwxr-xr-x: Operation not permitted
build	Cache Android SDK	2026-06-06T12:22:55.2095650Z /usr/bin/tar: ../../../../../usr/local/lib/android/sdk/platforms/android-36.1/data/res/values-mcc310-mnc160-bg: Cannot utime: Operation not permitted
build	Cache Android SDK	2026-06-06T12:22:55.2096104Z /usr/bin/tar: ../../../../../usr/local/lib/android/sdk/platforms/android-36.1/data/res/values-mcc310-mnc160-bg: Cannot change mode to rwxr-xr-x: Operation not permitted
build	Cache Android SDK	2026-06-06T12:22:55.2099373Z /usr/bin/tar: ../../../../../usr/local/lib/android/sdk/platforms/android-36.1/data/res/values-ml-watch: Cannot utime: Operation not permitted
build	Cache Android SDK	2026-06-06T12:22:55.2099813Z /usr/bin/tar: ../../../../../usr/local/lib/android/sdk/platforms/android-36.1/data/res/values-ml-watch: Cannot change mode to rwxr-xr-x: Operation not permitted
build	Cache Android SDK	2026-06-06T12:22:55.2102933Z /usr/bin/tar: ../../../../../usr/local/lib/android/sdk/platforms/android-36.1/data/res/values-mcc310-mnc210-ur: Cannot utime: Operation not permitted
build	Cache Android SDK	2026-06-06T12:22:55.2103388Z /usr/bin/tar: ../../../../../usr/local/lib/android/sdk/platforms/android-36.1/data/res/values-mcc310-mnc210-ur: Cannot change mode to rwxr-xr-x: Operation not permitted
build	Cache Android SDK	2026-06-06T12:22:55.2107024Z /usr/bin/tar: ../../../../../usr/local/lib/android/sdk/platforms/android-36.1/data/res/values-mcc310-mnc240-hr: Cannot utime: Operation not permitted
build	Cache Android SDK	2026-06-06T12:22:55.2107669Z /usr/bin/tar: ../../../../../usr/local/lib/android/sdk/platforms/android-36.1/data/res/values-mcc310-mnc240-hr: Cannot change mode to rwxr-xr-x: Operation not permitted
build	Cache Android SDK	2026-06-06T12:22:55.2110480Z /usr/bin/tar: ../../../../../usr/local/lib/android/sdk/platforms/android-36.1/data/res/values-mcc310-mnc160-en-rGB: Cannot utime: Operation not permitted
build	Cache Android SDK	2026-06-06T12:22:55.2111030Z /usr/bin/tar: ../../../../../usr/local/lib/android/sdk/platforms/android-36.1/data/res/values-mcc310-mnc160-en-rGB: Cannot change mode to rwxr-xr-x: Operation not permitted
build	Cache Android SDK	2026-06-06T12:22:55.2115420Z /usr/bin/tar: ../../../../../usr/local/lib/android/sdk/platforms/android-36.1/data/res/values-fr-rCA-watch: Cannot utime: Operation not permitted
build	Cache Android SDK	2026-06-06T12:22:55.2115863Z /usr/bin/tar: ../../../../../usr/local/lib/android/sdk/platforms/android-36.1/data/res/values-fr-rCA-watch: Cannot change mode to rwxr-xr-x: Operation not permitted
build	Cache Android SDK	2026-06-06T12:22:55.2118694Z /usr/bin/tar: ../../../../../usr/local/lib/android/sdk/platforms/android-36.1/data/res/values-mcc310-mnc560-es-rUS: Cannot utime: Operation not permitted
build	Cache Android SDK	2026-06-06T12:22:55.2119310Z /usr/bin/tar: ../../../../../usr/local/lib/android/sdk/platforms/android-36.1/data/res/values-mcc310-mnc560-es-rUS: Cannot change mode to rwxr-xr-x: Operation not permitted
build	Cache Android SDK	2026-06-06T12:22:55.2121909Z /usr/bin/tar: ../../../../../usr/local/lib/android/sdk/platforms/android-36.1/data/res/values-mcc310-mnc300: Cannot utime: Operation not permitted
build	Cache Android SDK	2026-06-06T12:22:55.2125251Z /usr/bin/tar: ../../../../../usr/local/lib/android/sdk/platforms/android-36.1/data/res/values-mcc310-mnc300: Cannot change mode to rwxr-xr-x: Operation not permitted
build	Cache Android SDK	2026-06-06T12:22:55.2126197Z /usr/bin/tar: ../../../../../usr/local/lib/android/sdk/platforms/android-36.1/data/res/values-mcc310-mnc310-gu: Cannot utime: Operation not permitted
build	Cache Android SDK	2026-06-06T12:22:55.2127123Z /usr/bin/tar: ../../../../../usr/local/lib/android/sdk/platforms/android-36.1/data/res/values-mcc310-mnc310-gu: Cannot change mode to rwxr-xr-x: Operation not permitted
build	Cache Android SDK	2026-06-06T12:22:55.2128140Z /usr/bin/tar: ../../../../../usr/local/lib/android/sdk/platforms/android-36.1/data/res/values-mcc310-mnc560-en-rIN: Cannot utime: Operation not permitted
build	Cache Android SDK	2026-06-06T12:22:55.2128602Z /usr/bin/tar: ../../../../../usr/local/lib/android/sdk/platforms/android-36.1/data/res/values-mcc310-mnc560-en-rIN: Cannot change mode to rwxr-xr-x: Operation not permitted
build	Cache Android SDK	2026-06-06T12:22:55.2131489Z /usr/bin/tar: ../../../../../usr/local/lib/android/sdk/platforms/android-36.1/data/res/values-mcc310-mnc280-da: Cannot utime: Operation not permitted
build	Cache Android SDK	2026-06-06T12:22:55.2131943Z /usr/bin/tar: ../../../../../usr/local/lib/android/sdk/platforms/android-36.1/data/res/values-mcc310-mnc280-da: Cannot change mode to rwxr-xr-x: Operation not permitted
build	Cache Android SDK	2026-06-06T12:22:55.2134307Z /usr/bin/tar: ../../../../../usr/local/lib/android/sdk/platforms/android-36.1/data/res/values-mcc311-mnc180-fr: Cannot utime: Operation not permitted
build	Cache Android SDK	2026-06-06T12:22:55.2134768Z /usr/bin/tar: ../../../../../usr/local/lib/android/sdk/platforms/android-36.1/data/res/values-mcc311-mnc180-fr: Cannot change mode to rwxr-xr-x: Operation not permitted
build	Cache Android SDK	2026-06-06T12:22:55.2137744Z /usr/bin/tar: ../../../../../usr/local/lib/android/sdk/platforms/android-36.1/data/res/values-mcc310-mnc310-ms: Cannot utime: Operation not permitted
build	Cache Android SDK	2026-06-06T12:22:55.2138197Z /usr/bin/tar: ../../../../../usr/local/lib/android/sdk/platforms/android-36.1/data/res/values-mcc310-mnc310-ms: Cannot change mode to rwxr-xr-x: Operation not permitted
build	Cache Android SDK	2026-06-06T12:22:55.2140852Z /usr/bin/tar: ../../../../../usr/local/lib/android/sdk/platforms/android-36.1/data/res/values-mcc310-mnc170-te: Cannot utime: Operation not permitted
build	Cache Android SDK	2026-06-06T12:22:55.2141303Z /usr/bin/tar: ../../../../../usr/local/lib/android/sdk/platforms/android-36.1/data/res/values-mcc310-mnc170-te: Cannot change mode to rwxr-xr-x: Operation not permitted
build	Cache Android SDK	2026-06-06T12:22:55.2144256Z /usr/bin/tar: ../../../../../usr/local/lib/android/sdk/platforms/android-36.1/data/res/values-mcc001-mnc01-te: Cannot utime: Operation not permitted
build	Cache Android SDK	2026-06-06T12:22:55.2144719Z /usr/bin/tar: ../../../../../usr/local/lib/android/sdk/platforms/android-36.1/data/res/values-mcc001-mnc01-te: Cannot change mode to rwxr-xr-x: Operation not permitted
build	Cache Android SDK	2026-06-06T12:22:55.2147692Z /usr/bin/tar: ../../../../../usr/local/lib/android/sdk/platforms/android-36.1/data/res/values-mcc310-mnc310-mr: Cannot utime: Operation not permitted
build	Cache Android SDK	2026-06-06T12:22:55.2148228Z /usr/bin/tar: ../../../../../usr/local/lib/android/sdk/platforms/android-36.1/data/res/values-mcc310-mnc310-mr: Cannot change mode to rwxr-xr-x: Operation not permitted
build	Cache Android SDK	2026-06-06T12:22:55.2150808Z /usr/bin/tar: ../../../../../usr/local/lib/android/sdk/platforms/android-36.1/data/res/values-mcc310-mnc660-tr: Cannot utime: Operation not permitted
build	Cache Android SDK	2026-06-06T12:22:55.2151267Z /usr/bin/tar: ../../../../../usr/local/lib/android/sdk/platforms/android-36.1/data/res/values-mcc310-mnc660-tr: Cannot change mode to rwxr-xr-x: Operation not permitted
build	Cache Android SDK	2026-06-06T12:22:55.2153676Z /usr/bin/tar: ../../../../../usr/local/lib/android/sdk/platforms/android-36.1/data/res/values-mcc302-mnc370-iw: Cannot utime: Operation not permitted
build	Cache Android SDK	2026-06-06T12:22:55.2154208Z /usr/bin/tar: ../../../../../usr/local/lib/android/sdk/platforms/android-36.1/data/res/values-mcc302-mnc370-iw: Cannot change mode to rwxr-xr-x: Operation not permitted
build	Cache Android SDK	2026-06-06T12:22:55.2157121Z /usr/bin/tar: ../../../../../usr/local/lib/android/sdk/platforms/android-36.1/data/res/values-mcc334-mnc020-tr: Cannot utime: Operation not permitted
build	Cache Android SDK	2026-06-06T12:22:55.2157797Z /usr/bin/tar: ../../../../../usr/local/lib/android/sdk/platforms/android-36.1/data/res/values-mcc334-mnc020-tr: Cannot change mode to rwxr-xr-x: Operation not permitted
build	Cache Android SDK	2026-06-06T12:22:55.2160133Z /usr/bin/tar: ../../../../../usr/local/lib/android/sdk/platforms/android-36.1/data/res/values-mcc310-mnc030-in: Cannot utime: Operation not permitted
build	Cache Android SDK	2026-06-06T12:22:55.2160582Z /usr/bin/tar: ../../../../../usr/local/lib/android/sdk/platforms/android-36.1/data/res/values-mcc310-mnc030-in: Cannot change mode to rwxr-xr-x: Operation not permitted
build	Cache Android SDK	2026-06-06T12:22:55.2163734Z /usr/bin/tar: ../../../../../usr/local/lib/android/sdk/platforms/android-36.1/data/res/values-mcc310-mnc310-ne: Cannot utime: Operation not permitted
build	Cache Android SDK	2026-06-06T12:22:55.2164185Z /usr/bin/tar: ../../../../../usr/local/lib/android/sdk/platforms/android-36.1/data/res/values-mcc310-mnc310-ne: Cannot change mode to rwxr-xr-x: Operation not permitted
build	Cache Android SDK	2026-06-06T12:22:55.2167184Z /usr/bin/tar: ../../../../../usr/local/lib/android/sdk/platforms/android-36.1/data/res/values-mcc310-mnc240-de: Cannot utime: Operation not permitted
build	Cache Android SDK	2026-06-06T12:22:55.2167783Z /usr/bin/tar: ../../../../../usr/local/lib/android/sdk/platforms/android-36.1/data/res/values-mcc310-mnc240-de: Cannot change mode to rwxr-xr-x: Operation not permitted
build	Cache Android SDK	2026-06-06T12:22:55.2169944Z /usr/bin/tar: ../../../../../usr/local/lib/android/sdk/platforms/android-36.1/data/res/values-mcc310-mnc490-bn: Cannot utime: Operation not permitted
build	Cache Android SDK	2026-06-06T12:22:55.2170389Z /usr/bin/tar: ../../../../../usr/local/lib/android/sdk/platforms/android-36.1/data/res/values-mcc310-mnc490-bn: Cannot change mode to rwxr-xr-x: Operation not permitted
build	Cache Android SDK	2026-06-06T12:22:55.2173067Z /usr/bin/tar: ../../../../../usr/local/lib/android/sdk/platforms/android-36.1/data/res/values-mcc310-mnc280-sq: Cannot utime: Operation not permitted
build	Cache Android SDK	2026-06-06T12:22:55.2173514Z /usr/bin/tar: ../../../../../usr/local/lib/android/sdk/platforms/android-36.1/data/res/values-mcc310-mnc280-sq: Cannot change mode to rwxr-xr-x: Operation not permitted
build	Cache Android SDK	2026-06-06T12:22:55.2176194Z /usr/bin/tar: ../../../../../usr/local/lib/android/sdk/platforms/android-36.1/data/res/values-mcc310-mnc380-si: Cannot utime: Operation not permitted
build	Cache Android SDK	2026-06-06T12:22:55.2176632Z /usr/bin/tar: ../../../../../usr/local/lib/android/sdk/platforms/android-36.1/data/res/values-mcc310-mnc380-si: Cannot change mode to rwxr-xr-x: Operation not permitted
build	Cache Android SDK	2026-06-06T12:22:55.2179670Z /usr/bin/tar: ../../../../../usr/local/lib/android/sdk/platforms/android-36.1/data/res/values-mcc313-mnc100-zh-rTW: Cannot utime: Operation not permitted
build	Cache Android SDK	2026-06-06T12:22:55.2180253Z /usr/bin/tar: ../../../../../usr/local/lib/android/sdk/platforms/android-36.1/data/res/values-mcc313-mnc100-zh-rTW: Cannot change mode to rwxr-xr-x: Operation not permitted
build	Cache Android SDK	2026-06-06T12:22:55.2184292Z /usr/bin/tar: ../../../../../usr/local/lib/android/sdk/platforms/android-36.1/data/res/values-mcc310-mnc250-pt-rBR: Cannot utime: Operation not permitted
build	Cache Android SDK	2026-06-06T12:22:55.2184761Z /usr/bin/tar: ../../../../../usr/local/lib/android/sdk/platforms/android-36.1/data/res/values-mcc310-mnc250-pt-rBR: Cannot change mode to rwxr-xr-x: Operation not permitted
build	Cache Android SDK	2026-06-06T12:22:55.2187611Z /usr/bin/tar: ../../../../../usr/local/lib/android/sdk/platforms/android-36.1/data/res/values-mcc310-mnc310-kn: Cannot utime: Operation not permitted
build	Cache Android SDK	2026-06-06T12:22:55.2188056Z /usr/bin/tar: ../../../../../usr/local/lib/android/sdk/platforms/android-36.1/data/res/values-mcc310-mnc310-kn: Cannot change mode to rwxr-xr-x: Operation not permitted
build	Cache Android SDK	2026-06-06T12:22:55.2191024Z /usr/bin/tar: ../../../../../usr/local/lib/android/sdk/platforms/android-36.1/data/res/values-mcc310-mnc230-sk: Cannot utime: Operation not permitted
build	Cache Android SDK	2026-06-06T12:22:55.2191472Z /usr/bin/tar: ../../../../../usr/local/lib/android/sdk/platforms/android-36.1/data/res/values-mcc310-mnc230-sk: Cannot change mode to rwxr-xr-x: Operation not permitted
build	Cache Android SDK	2026-06-06T12:22:55.2194267Z /usr/bin/tar: ../../../../../usr/local/lib/android/sdk/platforms/android-36.1/data/res/values-mcc310-mnc800-ne: Cannot utime: Operation not permitted
build	Cache Android SDK	2026-06-06T12:22:55.2194723Z /usr/bin/tar: ../../../../../usr/local/lib/android/sdk/platforms/android-36.1/data/res/values-mcc310-mnc800-ne: Cannot change mode to rwxr-xr-x: Operation not permitted
build	Cache Android SDK	2026-06-06T12:22:55.2197723Z /usr/bin/tar: ../../../../../usr/local/lib/android/sdk/platforms/android-36.1/data/res/values-mcc310-mnc220-mk: Cannot utime: Operation not permitted
build	Cache Android SDK	2026-06-06T12:22:55.2198167Z /usr/bin/tar: ../../../../../usr/local/lib/android/sdk/platforms/android-36.1/data/res/values-mcc310-mnc220-mk: Cannot change mode to rwxr-xr-x: Operation not permitted
build	Cache Android SDK	2026-06-06T12:22:55.2200822Z /usr/bin/tar: ../../../../../usr/local/lib/android/sdk/platforms/android-36.1/data/res/values-mcc312-mnc670-lt: Cannot utime: Operation not permitted
build	Cache Android SDK	2026-06-06T12:22:55.2201268Z /usr/bin/tar: ../../../../../usr/local/lib/android/sdk/platforms/android-36.1/data/res/values-mcc312-mnc670-lt: Cannot change mode to rwxr-xr-x: Operation not permitted
build	Cache Android SDK	2026-06-06T12:22:55.2204376Z /usr/bin/tar: ../../../../../usr/local/lib/android/sdk/platforms/android-36.1/data/res/values-mcc310-mnc950-fi: Cannot utime: Operation not permitted
build	Cache Android SDK	2026-06-06T12:22:55.2204826Z /usr/bin/tar: ../../../../../usr/local/lib/android/sdk/platforms/android-36.1/data/res/values-mcc310-mnc950-fi: Cannot change mode to rwxr-xr-x: Operation not permitted
build	Cache Android SDK	2026-06-06T12:22:55.2207686Z /usr/bin/tar: ../../../../../usr/local/lib/android/sdk/platforms/android-36.1/data/res/values-mcc302-mnc720-zh-rTW: Cannot utime: Operation not permitted
build	Cache Android SDK	2026-06-06T12:22:55.2208149Z /usr/bin/tar: ../../../../../usr/local/lib/android/sdk/platforms/android-36.1/data/res/values-mcc302-mnc720-zh-rTW: Cannot change mode to rwxr-xr-x: Operation not permitted
build	Cache Android SDK	2026-06-06T12:22:55.2211150Z /usr/bin/tar: ../../../../../usr/local/lib/android/sdk/platforms/android-36.1/data/res/values-mcc302-mnc370-te: Cannot utime: Operation not permitted
build	Cache Android SDK	2026-06-06T12:22:55.2211611Z /usr/bin/tar: ../../../../../usr/local/lib/android/sdk/platforms/android-36.1/data/res/values-mcc302-mnc370-te: Cannot change mode to rwxr-xr-x: Operation not permitted
build	Cache Android SDK	2026-06-06T12:22:55.2217225Z /usr/bin/tar: ../../../../../usr/local/lib/android/sdk/platforms/android-36.1/data/res/values-ms: Cannot utime: Operation not permitted
build	Cache Android SDK	2026-06-06T12:22:55.2217861Z /usr/bin/tar: ../../../../../usr/local/lib/android/sdk/platforms/android-36.1/data/res/values-ms: Cannot change mode to rwxr-xr-x: Operation not permitted
build	Cache Android SDK	2026-06-06T12:22:55.2220366Z /usr/bin/tar: ../../../../../usr/local/lib/android/sdk/platforms/android-36.1/data/res/values-mcc310-mnc270-pt: Cannot utime: Operation not permitted
build	Cache Android SDK	2026-06-06T12:22:55.2221004Z /usr/bin/tar: ../../../../../usr/local/lib/android/sdk/platforms/android-36.1/data/res/values-mcc310-mnc270-pt: Cannot change mode to rwxr-xr-x: Operation not permitted
build	Cache Android SDK	2026-06-06T12:22:55.2223110Z /usr/bin/tar: ../../../../../usr/local/lib/android/sdk/platforms/android-36.1/data/res/values-mcc310-mnc310-kk: Cannot utime: Operation not permitted
build	Cache Android SDK	2026-06-06T12:22:55.2223594Z /usr/bin/tar: ../../../../../usr/local/lib/android/sdk/platforms/android-36.1/data/res/values-mcc310-mnc310-kk: Cannot change mode to rwxr-xr-x: Operation not permitted
build	Cache Android SDK	2026-06-06T12:22:55.2226437Z /usr/bin/tar: ../../../../../usr/local/lib/android/sdk/platforms/android-36.1/data/res/raw-pt-rBR: Cannot utime: Operation not permitted
build	Cache Android SDK	2026-06-06T12:22:55.2226933Z /usr/bin/tar: ../../../../../usr/local/lib/android/sdk/platforms/android-36.1/data/res/raw-pt-rBR: Cannot change mode to rwxr-xr-x: Operation not permitted
build	Cache Android SDK	2026-06-06T12:22:55.2229326Z /usr/bin/tar: ../../../../../usr/local/lib/android/sdk/platforms/android-36.1/data/res/values-mcc310-mnc160-fi: Cannot utime: Operation not permitted
build	Cache Android SDK	2026-06-06T12:22:55.2229794Z /usr/bin/tar: ../../../../../usr/local/lib/android/sdk/platforms/android-36.1/data/res/values-mcc310-mnc160-fi: Cannot change mode to rwxr-xr-x: Operation not permitted
build	Cache Android SDK	2026-06-06T12:22:55.2232452Z /usr/bin/tar: ../../../../../usr/local/lib/android/sdk/platforms/android-36.1/data/res/values-mcc310-mnc950-da: Cannot utime: Operation not permitted
build	Cache Android SDK	2026-06-06T12:22:55.2232954Z /usr/bin/tar: ../../../../../usr/local/lib/android/sdk/platforms/android-36.1/data/res/values-mcc310-mnc950-da: Cannot change mode to rwxr-xr-x: Operation not permitted
build	Cache Android SDK	2026-06-06T12:22:55.2235212Z /usr/bin/tar: ../../../../../usr/local/lib/android/sdk/platforms/android-36.1/data/res/values-mcc310-mnc220-fi: Cannot utime: Operation not permitted
build	Cache Android SDK	2026-06-06T12:22:55.2235729Z /usr/bin/tar: ../../../../../usr/local/lib/android/sdk/platforms/android-36.1/data/res/values-mcc310-mnc220-fi: Cannot change mode to rwxr-xr-x: Operation not permitted
build	Cache Android SDK	2026-06-06T12:22:55.2238157Z /usr/bin/tar: ../../../../../usr/local/lib/android/sdk/platforms/android-36.1/data/res/values-mcc310-mnc210-it: Cannot utime: Operation not permitted
build	Cache Android SDK	2026-06-06T12:22:55.2238676Z /usr/bin/tar: ../../../../../usr/local/lib/android/sdk/platforms/android-36.1/data/res/values-mcc310-mnc210-it: Cannot change mode to rwxr-xr-x: Operation not permitted
build	Cache Android SDK	2026-06-06T12:22:55.2243886Z /usr/bin/tar: ../../../../../usr/local/lib/android/sdk/platforms/android-36.1/data/res/values-mcc310-mnc490-lt: Cannot utime: Operation not permitted
build	Cache Android SDK	2026-06-06T12:22:55.2244348Z /usr/bin/tar: ../../../../../usr/local/lib/android/sdk/platforms/android-36.1/data/res/values-mcc310-mnc490-lt: Cannot change mode to rwxr-xr-x: Operation not permitted
build	Cache Android SDK	2026-06-06T12:22:55.2247003Z /usr/bin/tar: ../../../../../usr/local/lib/android/sdk/platforms/android-36.1/data/res/values-mcc310-mnc220-bg: Cannot utime: Operation not permitted
build	Cache Android SDK	2026-06-06T12:22:55.2247720Z /usr/bin/tar: ../../../../../usr/local/lib/android/sdk/platforms/android-36.1/data/res/values-mcc310-mnc220-bg: Cannot change mode to rwxr-xr-x: Operation not permitted
build	Cache Android SDK	2026-06-06T12:22:55.2250348Z /usr/bin/tar: ../../../../../usr/local/lib/android/sdk/platforms/android-36.1/data/res/values-mcc334-mnc020-ms: Cannot utime: Operation not permitted
build	Cache Android SDK	2026-06-06T12:22:55.2250860Z /usr/bin/tar: ../../../../../usr/local/lib/android/sdk/platforms/android-36.1/data/res/values-mcc334-mnc020-ms: Cannot change mode to rwxr-xr-x: Operation not permitted
build	Cache Android SDK	2026-06-06T12:22:55.2253970Z /usr/bin/tar: ../../../../../usr/local/lib/android/sdk/platforms/android-36.1/data/res/values-mcc310-mnc950-or: Cannot utime: Operation not permitted
build	Cache Android SDK	2026-06-06T12:22:55.2254436Z /usr/bin/tar: ../../../../../usr/local/lib/android/sdk/platforms/android-36.1/data/res/values-mcc310-mnc950-or: Cannot change mode to rwxr-xr-x: Operation not permitted
build	Cache Android SDK	2026-06-06T12:22:55.2257495Z /usr/bin/tar: ../../../../../usr/local/lib/android/sdk/platforms/android-36.1/data/res/values-mcc310-mnc800-eu: Cannot utime: Operation not permitted
build	Cache Android SDK	2026-06-06T12:22:55.2258119Z /usr/bin/tar: ../../../../../usr/local/lib/android/sdk/platforms/android-36.1/data/res/values-mcc310-mnc800-eu: Cannot change mode to rwxr-xr-x: Operation not permitted
build	Cache Android SDK	2026-06-06T12:22:55.2260700Z /usr/bin/tar: ../../../../../usr/local/lib/android/sdk/platforms/android-36.1/data/res/values-mcc310-mnc030-lv: Cannot utime: Operation not permitted
build	Cache Android SDK	2026-06-06T12:22:55.2261179Z /usr/bin/tar: ../../../../../usr/local/lib/android/sdk/platforms/android-36.1/data/res/values-mcc310-mnc030-lv: Cannot change mode to rwxr-xr-x: Operation not permitted
build	Cache Android SDK	2026-06-06T12:22:55.2263894Z /usr/bin/tar: ../../../../../usr/local/lib/android/sdk/platforms/android-36.1/data/res/values-mcc311-mnc180-da: Cannot utime: Operation not permitted
build	Cache Android SDK	2026-06-06T12:22:55.2264368Z /usr/bin/tar: ../../../../../usr/local/lib/android/sdk/platforms/android-36.1/data/res/values-mcc311-mnc180-da: Cannot change mode to rwxr-xr-x: Operation not permitted
build	Cache Android SDK	2026-06-06T12:22:55.2267607Z /usr/bin/tar: ../../../../../usr/local/lib/android/sdk/platforms/android-36.1/data/res/values-mcc310-mnc210-my: Cannot utime: Operation not permitted
build	Cache Android SDK	2026-06-06T12:22:55.2268094Z /usr/bin/tar: ../../../../../usr/local/lib/android/sdk/platforms/android-36.1/data/res/values-mcc310-mnc210-my: Cannot change mode to rwxr-xr-x: Operation not permitted
build	Cache Android SDK	2026-06-06T12:22:55.2270800Z /usr/bin/tar: ../../../../../usr/local/lib/android/sdk/platforms/android-36.1/data/res/values-mcc310-mnc660: Cannot utime: Operation not permitted
build	Cache Android SDK	2026-06-06T12:22:55.2271263Z /usr/bin/tar: ../../../../../usr/local/lib/android/sdk/platforms/android-36.1/data/res/values-mcc310-mnc660: Cannot change mode to rwxr-xr-x: Operation not permitted
build	Cache Android SDK	2026-06-06T12:22:55.2273448Z /usr/bin/tar: ../../../../../usr/local/lib/android/sdk/platforms/android-36.1/data/res/values-mcc312-mnc670-eu: Cannot utime: Operation not permitted
build	Cache Android SDK	2026-06-06T12:22:55.2273926Z /usr/bin/tar: ../../../../../usr/local/lib/android/sdk/platforms/android-36.1/data/res/values-mcc312-mnc670-eu: Cannot change mode to rwxr-xr-x: Operation not permitted
build	Cache Android SDK	2026-06-06T12:22:55.2277586Z /usr/bin/tar: ../../../../../usr/local/lib/android/sdk/platforms/android-36.1/data/res/values-uk-television: Cannot utime: Operation not permitted
build	Cache Android SDK	2026-06-06T12:22:55.2278123Z /usr/bin/tar: ../../../../../usr/local/lib/android/sdk/platforms/android-36.1/data/res/values-uk-television: Cannot change mode to rwxr-xr-x: Operation not permitted
build	Cache Android SDK	2026-06-06T12:22:55.2280153Z /usr/bin/tar: ../../../../../usr/local/lib/android/sdk/platforms/android-36.1/data/res/values-mcc310-mnc950-en-rCA: Cannot utime: Operation not permitted
build	Cache Android SDK	2026-06-06T12:22:55.2280633Z /usr/bin/tar: ../../../../../usr/local/lib/android/sdk/platforms/android-36.1/data/res/values-mcc310-mnc950-en-rCA: Cannot change mode to rwxr-xr-x: Operation not permitted
build	Cache Android SDK	2026-06-06T12:22:55.2284060Z /usr/bin/tar: ../../../../../usr/local/lib/android/sdk/platforms/android-36.1/data/res/values-mcc310-mnc560-et: Cannot utime: Operation not permitted
build	Cache Android SDK	2026-06-06T12:22:55.2284579Z /usr/bin/tar: ../../../../../usr/local/lib/android/sdk/platforms/android-36.1/data/res/values-mcc310-mnc560-et: Cannot change mode to rwxr-xr-x: Operation not permitted
build	Cache Android SDK	2026-06-06T12:22:55.2287599Z /usr/bin/tar: ../../../../../usr/local/lib/android/sdk/platforms/android-36.1/data/res/values-mcc310-mnc560: Cannot utime: Operation not permitted
build	Cache Android SDK	2026-06-06T12:22:55.2288089Z /usr/bin/tar: ../../../../../usr/local/lib/android/sdk/platforms/android-36.1/data/res/values-mcc310-mnc560: Cannot change mode to rwxr-xr-x: Operation not permitted
build	Cache Android SDK	2026-06-06T12:22:55.2290400Z /usr/bin/tar: ../../../../../usr/local/lib/android/sdk/platforms/android-36.1/data/res/values-mcc310-mnc660-eu: Cannot utime: Operation not permitted
build	Cache Android SDK	2026-06-06T12:22:55.2290924Z /usr/bin/tar: ../../../../../usr/local/lib/android/sdk/platforms/android-36.1/data/res/values-mcc310-mnc660-eu: Cannot change mode to rwxr-xr-x: Operation not permitted
build	Cache Android SDK	2026-06-06T12:22:55.2296091Z /usr/bin/tar: ../../../../../usr/local/lib/android/sdk/platforms/android-36.1/data/res/values-mcc310-mnc150-uz: Cannot utime: Operation not permitted
build	Cache Android SDK	2026-06-06T12:22:55.2296712Z /usr/bin/tar: ../../../../../usr/local/lib/android/sdk/platforms/android-36.1/data/res/values-mcc310-mnc150-uz: Cannot change mode to rwxr-xr-x: Operation not permitted
build	Cache Android SDK	2026-06-06T12:22:55.2302504Z /usr/bin/tar: ../../../../../usr/local/lib/android/sdk/platforms/android-36.1/data/res/values-mcc302-mnc370-lo: Cannot utime: Operation not permitted
build	Cache Android SDK	2026-06-06T12:22:55.2303028Z /usr/bin/tar: ../../../../../usr/local/lib/android/sdk/platforms/android-36.1/data/res/values-mcc302-mnc370-lo: Cannot change mode to rwxr-xr-x: Operation not permitted
build	Cache Android SDK	2026-06-06T12:22:55.2305682Z /usr/bin/tar: ../../../../../usr/local/lib/android/sdk/platforms/android-36.1/data/res/values-mcc310-mnc380-tl: Cannot utime: Operation not permitted
build	Cache Android SDK	2026-06-06T12:22:55.2306163Z /usr/bin/tar: ../../../../../usr/local/lib/android/sdk/platforms/android-36.1/data/res/values-mcc310-mnc380-tl: Cannot change mode to rwxr-xr-x: Operation not permitted
build	Cache Android SDK	2026-06-06T12:22:55.2309074Z /usr/bin/tar: ../../../../../usr/local/lib/android/sdk/platforms/android-36.1/data/res/values-fi-rFI: Cannot utime: Operation not permitted
build	Cache Android SDK	2026-06-06T12:22:55.2309531Z /usr/bin/tar: ../../../../../usr/local/lib/android/sdk/platforms/android-36.1/data/res/values-fi-rFI: Cannot change mode to rwxr-xr-x: Operation not permitted
build	Cache Android SDK	2026-06-06T12:22:55.2312161Z /usr/bin/tar: ../../../../../usr/local/lib/android/sdk/platforms/android-36.1/data/res/values-mcc310-mnc280-vi: Cannot utime: Operation not permitted
build	Cache Android SDK	2026-06-06T12:22:55.2312661Z /usr/bin/tar: ../../../../../usr/local/lib/android/sdk/platforms/android-36.1/data/res/values-mcc310-mnc280-vi: Cannot change mode to rwxr-xr-x: Operation not permitted
build	Cache Android SDK	2026-06-06T12:22:55.2315135Z /usr/bin/tar: ../../../../../usr/local/lib/android/sdk/platforms/android-36.1/data/res/values-mcc310-mnc280-ru: Cannot utime: Operation not permitted
build	Cache Android SDK	2026-06-06T12:22:55.2315698Z /usr/bin/tar: ../../../../../usr/local/lib/android/sdk/platforms/android-36.1/data/res/values-mcc310-mnc280-ru: Cannot change mode to rwxr-xr-x: Operation not permitted
build	Cache Android SDK	2026-06-06T12:22:55.2318409Z /usr/bin/tar: ../../../../../usr/local/lib/android/sdk/platforms/android-36.1/data/res/values-mcc310-mnc800-in: Cannot utime: Operation not permitted
build	Cache Android SDK	2026-06-06T12:22:55.2318945Z /usr/bin/tar: ../../../../../usr/local/lib/android/sdk/platforms/android-36.1/data/res/values-mcc310-mnc800-in: Cannot change mode to rwxr-xr-x: Operation not permitted
build	Cache Android SDK	2026-06-06T12:22:55.2321456Z /usr/bin/tar: ../../../../../usr/local/lib/android/sdk/platforms/android-36.1/data/res/values-mcc310-mnc490-tr: Cannot utime: Operation not permitted
build	Cache Android SDK	2026-06-06T12:22:55.2321939Z /usr/bin/tar: ../../../../../usr/local/lib/android/sdk/platforms/android-36.1/data/res/values-mcc310-mnc490-tr: Cannot change mode to rwxr-xr-x: Operation not permitted
build	Cache Android SDK	2026-06-06T12:22:55.2324581Z /usr/bin/tar: ../../../../../usr/local/lib/android/sdk/platforms/android-36.1/data/res/values-mcc310-mnc380-bg: Cannot utime: Operation not permitted
build	Cache Android SDK	2026-06-06T12:22:55.2325114Z /usr/bin/tar: ../../../../../usr/local/lib/android/sdk/platforms/android-36.1/data/res/values-mcc310-mnc380-bg: Cannot change mode to rwxr-xr-x: Operation not permitted
build	Cache Android SDK	2026-06-06T12:22:55.2328467Z /usr/bin/tar: ../../../../../usr/local/lib/android/sdk/platforms/android-36.1/data/res/values-mcc302-mnc370-km: Cannot utime: Operation not permitted
build	Cache Android SDK	2026-06-06T12:22:55.2328936Z /usr/bin/tar: ../../../../../usr/local/lib/android/sdk/platforms/android-36.1/data/res/values-mcc302-mnc370-km: Cannot change mode to rwxr-xr-x: Operation not permitted
build	Cache Android SDK	2026-06-06T12:22:55.2331795Z /usr/bin/tar: ../../../../../usr/local/lib/android/sdk/platforms/android-36.1/data/res/values-mcc310-mnc170-si: Cannot utime: Operation not permitted
build	Cache Android SDK	2026-06-06T12:22:55.2332257Z /usr/bin/tar: ../../../../../usr/local/lib/android/sdk/platforms/android-36.1/data/res/values-mcc310-mnc170-si: Cannot change mode to rwxr-xr-x: Operation not permitted
build	Cache Android SDK	2026-06-06T12:22:55.2334495Z /usr/bin/tar: ../../../../../usr/local/lib/android/sdk/platforms/android-36.1/data/res/values-de-rLI: Cannot utime: Operation not permitted
build	Cache Android SDK	2026-06-06T12:22:55.2335089Z /usr/bin/tar: ../../../../../usr/local/lib/android/sdk/platforms/android-36.1/data/res/values-de-rLI: Cannot change mode to rwxr-xr-x: Operation not permitted
build	Cache Android SDK	2026-06-06T12:22:55.2337513Z /usr/bin/tar: ../../../../../usr/local/lib/android/sdk/platforms/android-36.1/data/res/values-mcc310-mnc200-pl: Cannot utime: Operation not permitted
build	Cache Android SDK	2026-06-06T12:22:55.2338008Z /usr/bin/tar: ../../../../../usr/local/lib/android/sdk/platforms/android-36.1/data/res/values-mcc310-mnc200-pl: Cannot change mode to rwxr-xr-x: Operation not permitted
build	Cache Android SDK	2026-06-06T12:22:55.2340218Z /usr/bin/tar: ../../../../../usr/local/lib/android/sdk/platforms/android-36.1/data/res/values-mcc001-mnc01-en-rCA: Cannot utime: Operation not permitted
build	Cache Android SDK	2026-06-06T12:22:55.2340694Z /usr/bin/tar: ../../../../../usr/local/lib/android/sdk/platforms/android-36.1/data/res/values-mcc001-mnc01-en-rCA: Cannot change mode to rwxr-xr-x: Operation not permitted
build	Cache Android SDK	2026-06-06T12:22:55.2343382Z /usr/bin/tar: ../../../../../usr/local/lib/android/sdk/platforms/android-36.1/data/res/values-mcc310-mnc170-tr: Cannot utime: Operation not permitted
build	Cache Android SDK	2026-06-06T12:22:55.2343851Z /usr/bin/tar: ../../../../../usr/local/lib/android/sdk/platforms/android-36.1/data/res/values-mcc310-mnc170-tr: Cannot change mode to rwxr-xr-x: Operation not permitted
build	Cache Android SDK	2026-06-06T12:22:55.2346654Z /usr/bin/tar: ../../../../../usr/local/lib/android/sdk/platforms/android-36.1/data/res/values-mcc310-mnc490-nl: Cannot utime: Operation not permitted
build	Cache Android SDK	2026-06-06T12:22:55.2347129Z /usr/bin/tar: ../../../../../usr/local/lib/android/sdk/platforms/android-36.1/data/res/values-mcc310-mnc490-nl: Cannot change mode to rwxr-xr-x: Operation not permitted
build	Cache Android SDK	2026-06-06T12:22:55.2349882Z /usr/bin/tar: ../../../../../usr/local/lib/android/sdk/platforms/android-36.1/data/res/values-mcc310-mnc030-ne: Cannot utime: Operation not permitted
build	Cache Android SDK	2026-06-06T12:22:55.2350438Z /usr/bin/tar: ../../../../../usr/local/lib/android/sdk/platforms/android-36.1/data/res/values-mcc310-mnc030-ne: Cannot change mode to rwxr-xr-x: Operation not permitted
build	Cache Android SDK	2026-06-06T12:22:55.2352569Z /usr/bin/tar: ../../../../../usr/local/lib/android/sdk/platforms/android-36.1/data/res/values-mcc310-mnc150-lo: Cannot utime: Operation not permitted
build	Cache Android SDK	2026-06-06T12:22:55.2353091Z /usr/bin/tar: ../../../../../usr/local/lib/android/sdk/platforms/android-36.1/data/res/values-mcc310-mnc150-lo: Cannot change mode to rwxr-xr-x: Operation not permitted
build	Cache Android SDK	2026-06-06T12:22:55.2356434Z /usr/bin/tar: ../../../../../usr/local/lib/android/sdk/platforms/android-36.1/data/res/values-mcc310-mnc800-iw: Cannot utime: Operation not permitted
build	Cache Android SDK	2026-06-06T12:22:55.2356890Z /usr/bin/tar: ../../../../../usr/local/lib/android/sdk/platforms/android-36.1/data/res/values-mcc310-mnc800-iw: Cannot change mode to rwxr-xr-x: Operation not permitted
build	Cache Android SDK	2026-06-06T12:22:55.2359733Z /usr/bin/tar: ../../../../../usr/local/lib/android/sdk/platforms/android-36.1/data/res/values-mcc310-mnc250-sq: Cannot utime: Operation not permitted
build	Cache Android SDK	2026-06-06T12:22:55.2360236Z /usr/bin/tar: ../../../../../usr/local/lib/android/sdk/platforms/android-36.1/data/res/values-mcc310-mnc250-sq: Cannot change mode to rwxr-xr-x: Operation not permitted
build	Cache Android SDK	2026-06-06T12:22:55.2362703Z /usr/bin/tar: ../../../../../usr/local/lib/android/sdk/platforms/android-36.1/data/res/values-mcc310-mnc150-ka: Cannot utime: Operation not permitted
build	Cache Android SDK	2026-06-06T12:22:55.2363179Z /usr/bin/tar: ../../../../../usr/local/lib/android/sdk/platforms/android-36.1/data/res/values-mcc310-mnc150-ka: Cannot change mode to rwxr-xr-x: Operation not permitted
build	Cache Android SDK	2026-06-06T12:22:55.2365528Z /usr/bin/tar: ../../../../../usr/local/lib/android/sdk/platforms/android-36.1/data/res/values-h320dp: Cannot utime: Operation not permitted
build	Cache Android SDK	2026-06-06T12:22:55.2365998Z /usr/bin/tar: ../../../../../usr/local/lib/android/sdk/platforms/android-36.1/data/res/values-h320dp: Cannot change mode to rwxr-xr-x: Operation not permitted
build	Cache Android SDK	2026-06-06T12:22:55.2370648Z /usr/bin/tar: ../../../../../usr/local/lib/android/sdk/platforms/android-36.1/data/res/values-television: Cannot utime: Operation not permitted
build	Cache Android SDK	2026-06-06T12:22:55.2371331Z /usr/bin/tar: ../../../../../usr/local/lib/android/sdk/platforms/android-36.1/data/res/values-television: Cannot change mode to rwxr-xr-x: Operation not permitted
build	Cache Android SDK	2026-06-06T12:22:55.2374472Z /usr/bin/tar: ../../../../../usr/local/lib/android/sdk/platforms/android-36.1/data/res/values-mcc310-mnc220-lt: Cannot utime: Operation not permitted
build	Cache Android SDK	2026-06-06T12:22:55.2374953Z /usr/bin/tar: ../../../../../usr/local/lib/android/sdk/platforms/android-36.1/data/res/values-mcc310-mnc220-lt: Cannot change mode to rwxr-xr-x: Operation not permitted
build	Cache Android SDK	2026-06-06T12:22:55.2377625Z /usr/bin/tar: ../../../../../usr/local/lib/android/sdk/platforms/android-36.1/data/res/values-mcc311-mnc180-en-rXC: Cannot utime: Operation not permitted
build	Cache Android SDK	2026-06-06T12:22:55.2378129Z /usr/bin/tar: ../../../../../usr/local/lib/android/sdk/platforms/android-36.1/data/res/values-mcc311-mnc180-en-rXC: Cannot change mode to rwxr-xr-x: Operation not permitted
build	Cache Android SDK	2026-06-06T12:22:55.2381077Z /usr/bin/tar: ../../../../../usr/local/lib/android/sdk/platforms/android-36.1/data/res/values-mcc310-mnc640: Cannot utime: Operation not permitted
build	Cache Android SDK	2026-06-06T12:22:55.2381553Z /usr/bin/tar: ../../../../../usr/local/lib/android/sdk/platforms/android-36.1/data/res/values-mcc310-mnc640: Cannot change mode to rwxr-xr-x: Operation not permitted
build	Cache Android SDK	2026-06-06T12:22:55.2384212Z /usr/bin/tar: ../../../../../usr/local/lib/android/sdk/platforms/android-36.1/data/res/values-mcc208-mnc10-fr: Cannot utime: Operation not permitted
build	Cache Android SDK	2026-06-06T12:22:55.2384732Z /usr/bin/tar: ../../../../../usr/local/lib/android/sdk/platforms/android-36.1/data/res/values-mcc208-mnc10-fr: Cannot change mode to rwxr-xr-x: Operation not permitted
build	Cache Android SDK	2026-06-06T12:22:55.2388003Z /usr/bin/tar: ../../../../../usr/local/lib/android/sdk/platforms/android-36.1/data/res/values-mcc310-mnc250-ne: Cannot utime: Operation not permitted
build	Cache Android SDK	2026-06-06T12:22:55.2388550Z /usr/bin/tar: ../../../../../usr/local/lib/android/sdk/platforms/android-36.1/data/res/values-mcc310-mnc250-ne: Cannot change mode to rwxr-xr-x: Operation not permitted
build	Cache Android SDK	2026-06-06T12:22:55.2391603Z /usr/bin/tar: ../../../../../usr/local/lib/android/sdk/platforms/android-36.1/data/res/values-mcc310-mnc310: Cannot utime: Operation not permitted
build	Cache Android SDK	2026-06-06T12:22:55.2392082Z /usr/bin/tar: ../../../../../usr/local/lib/android/sdk/platforms/android-36.1/data/res/values-mcc310-mnc310: Cannot change mode to rwxr-xr-x: Operation not permitted
build	Cache Android SDK	2026-06-06T12:22:55.2394851Z /usr/bin/tar: ../../../../../usr/local/lib/android/sdk/platforms/android-36.1/data/res/values-mcc310-mnc380-fr-rCA: Cannot utime: Operation not permitted
build	Cache Android SDK	2026-06-06T12:22:55.2395401Z /usr/bin/tar: ../../../../../usr/local/lib/android/sdk/platforms/android-36.1/data/res/values-mcc310-mnc380-fr-rCA: Cannot change mode to rwxr-xr-x: Operation not permitted
build	Cache Android SDK	2026-06-06T12:22:55.2398531Z /usr/bin/tar: ../../../../../usr/local/lib/android/sdk/platforms/android-36.1/data/res/mipmap-ldpi: Cannot utime: Operation not permitted
build	Cache Android SDK	2026-06-06T12:22:55.2399036Z /usr/bin/tar: ../../../../../usr/local/lib/android/sdk/platforms/android-36.1/data/res/mipmap-ldpi: Cannot change mode to rwxr-xr-x: Operation not permitted
build	Cache Android SDK	2026-06-06T12:22:55.2401684Z /usr/bin/tar: ../../../../../usr/local/lib/android/sdk/platforms/android-36.1/data/res/values-mcc310-mnc170-iw: Cannot utime: Operation not permitted
build	Cache Android SDK	2026-06-06T12:22:55.2402436Z /usr/bin/tar: ../../../../../usr/local/lib/android/sdk/platforms/android-36.1/data/res/values-mcc310-mnc170-iw: Cannot change mode to rwxr-xr-x: Operation not permitted
build	Cache Android SDK	2026-06-06T12:22:55.2410442Z /usr/bin/tar: ../../../../../usr/local/lib/android/sdk/platforms/android-36.1/data/res/layout-watch: Cannot utime: Operation not permitted
build	Cache Android SDK	2026-06-06T12:22:55.2411109Z /usr/bin/tar: ../../../../../usr/local/lib/android/sdk/platforms/android-36.1/data/res/layout-watch: Cannot change mode to rwxr-xr-x: Operation not permitted
build	Cache Android SDK	2026-06-06T12:22:55.2413564Z /usr/bin/tar: ../../../../../usr/local/lib/android/sdk/platforms/android-36.1/data/res/values-mcc311-mnc180-gl: Cannot utime: Operation not permitted
build	Cache Android SDK	2026-06-06T12:22:55.2414259Z /usr/bin/tar: ../../../../../usr/local/lib/android/sdk/platforms/android-36.1/data/res/values-mcc311-mnc180-gl: Cannot change mode to rwxr-xr-x: Operation not permitted
build	Cache Android SDK	2026-06-06T12:22:55.2417050Z /usr/bin/tar: ../../../../../usr/local/lib/android/sdk/platforms/android-36.1/data/res/values-mcc313-mnc100-pt-rBR: Cannot utime: Operation not permitted
build	Cache Android SDK	2026-06-06T12:22:55.2417765Z /usr/bin/tar: ../../../../../usr/local/lib/android/sdk/platforms/android-36.1/data/res/values-mcc313-mnc100-pt-rBR: Cannot change mode to rwxr-xr-x: Operation not permitted
build	Cache Android SDK	2026-06-06T12:22:55.2420357Z /usr/bin/tar: ../../../../../usr/local/lib/android/sdk/platforms/android-36.1/data/res/values-mcc310-mnc240-ru: Cannot utime: Operation not permitted
build	Cache Android SDK	2026-06-06T12:22:55.2420907Z /usr/bin/tar: ../../../../../usr/local/lib/android/sdk/platforms/android-36.1/data/res/values-mcc310-mnc240-ru: Cannot change mode to rwxr-xr-x: Operation not permitted
build	Cache Android SDK	2026-06-06T12:22:55.2423657Z /usr/bin/tar: ../../../../../usr/local/lib/android/sdk/platforms/android-36.1/data/res/values-mcc310-mnc950-ja: Cannot utime: Operation not permitted
build	Cache Android SDK	2026-06-06T12:22:55.2424160Z /usr/bin/tar: ../../../../../usr/local/lib/android/sdk/platforms/android-36.1/data/res/values-mcc310-mnc950-ja: Cannot change mode to rwxr-xr-x: Operation not permitted
build	Cache Android SDK	2026-06-06T12:22:55.2432134Z /usr/bin/tar: ../../../../../usr/local/lib/android/sdk/platforms/android-36.1/data/res/values-lo: Cannot utime: Operation not permitted
build	Cache Android SDK	2026-06-06T12:22:55.2432729Z /usr/bin/tar: ../../../../../usr/local/lib/android/sdk/platforms/android-36.1/data/res/values-lo: Cannot change mode to rwxr-xr-x: Operation not permitted
build	Cache Android SDK	2026-06-06T12:22:55.2435440Z /usr/bin/tar: ../../../../../usr/local/lib/android/sdk/platforms/android-36.1/data/res/values-mcc310-mnc170-ru: Cannot utime: Operation not permitted
build	Cache Android SDK	2026-06-06T12:22:55.2436044Z /usr/bin/tar: ../../../../../usr/local/lib/android/sdk/platforms/android-36.1/data/res/values-mcc310-mnc170-ru: Cannot change mode to rwxr-xr-x: Operation not permitted
build	Cache Android SDK	2026-06-06T12:22:55.2439218Z /usr/bin/tar: ../../../../../usr/local/lib/android/sdk/platforms/android-36.1/data/res/values-mcc310-mnc310-pt-rPT: Cannot utime: Operation not permitted
build	Cache Android SDK	2026-06-06T12:22:55.2439812Z /usr/bin/tar: ../../../../../usr/local/lib/android/sdk/platforms/android-36.1/data/res/values-mcc310-mnc310-pt-rPT: Cannot change mode to rwxr-xr-x: Operation not permitted
build	Cache Android SDK	2026-06-06T12:22:55.2442070Z /usr/bin/tar: ../../../../../usr/local/lib/android/sdk/platforms/android-36.1/data/res/values-mcc310-mnc150-fa: Cannot utime: Operation not permitted
build	Cache Android SDK	2026-06-06T12:22:55.2442556Z /usr/bin/tar: ../../../../../usr/local/lib/android/sdk/platforms/android-36.1/data/res/values-mcc310-mnc150-fa: Cannot change mode to rwxr-xr-x: Operation not permitted
build	Cache Android SDK	2026-06-06T12:22:55.2444995Z /usr/bin/tar: ../../../../../usr/local/lib/android/sdk/platforms/android-36.1/data/res/values-mcc310-mnc380-gl: Cannot utime: Operation not permitted
build	Cache Android SDK	2026-06-06T12:22:55.2445549Z /usr/bin/tar: ../../../../../usr/local/lib/android/sdk/platforms/android-36.1/data/res/values-mcc310-mnc380-gl: Cannot change mode to rwxr-xr-x: Operation not permitted
build	Cache Android SDK	2026-06-06T12:22:55.2448144Z /usr/bin/tar: ../../../../../usr/local/lib/android/sdk/platforms/android-36.1/data/res/values-mcc310-mnc210-de: Cannot utime: Operation not permitted
build	Cache Android SDK	2026-06-06T12:22:55.2448994Z /usr/bin/tar: ../../../../../usr/local/lib/android/sdk/platforms/android-36.1/data/res/values-mcc310-mnc210-de: Cannot change mode to rwxr-xr-x: Operation not permitted
build	Cache Android SDK	2026-06-06T12:22:55.2451627Z /usr/bin/tar: ../../../../../usr/local/lib/android/sdk/platforms/android-36.1/data/res/values-mcc310-mnc310-ko: Cannot utime: Operation not permitted
build	Cache Android SDK	2026-06-06T12:22:55.2452162Z /usr/bin/tar: ../../../../../usr/local/lib/android/sdk/platforms/android-36.1/data/res/values-mcc310-mnc310-ko: Cannot change mode to rwxr-xr-x: Operation not permitted
build	Cache Android SDK	2026-06-06T12:22:55.2456012Z /usr/bin/tar: ../../../../../usr/local/lib/android/sdk/platforms/android-36.1/data/res/values-mcc310-mnc220-sv: Cannot utime: Operation not permitted
build	Cache Android SDK	2026-06-06T12:22:55.2456540Z /usr/bin/tar: ../../../../../usr/local/lib/android/sdk/platforms/android-36.1/data/res/values-mcc310-mnc220-sv: Cannot change mode to rwxr-xr-x: Operation not permitted
build	Cache Android SDK	2026-06-06T12:22:55.2460350Z /usr/bin/tar: ../../../../../usr/local/lib/android/sdk/platforms/android-36.1/data/res/values-b+sr+Latn-television: Cannot utime: Operation not permitted
build	Cache Android SDK	2026-06-06T12:22:55.2460826Z /usr/bin/tar: ../../../../../usr/local/lib/android/sdk/platforms/android-36.1/data/res/values-b+sr+Latn-television: Cannot change mode to rwxr-xr-x: Operation not permitted
build	Cache Android SDK	2026-06-06T12:22:55.2463745Z /usr/bin/tar: ../../../../../usr/local/lib/android/sdk/platforms/android-36.1/data/res/values-mcc310-mnc660-fr-rCA: Cannot utime: Operation not permitted
build	Cache Android SDK	2026-06-06T12:22:55.2464291Z /usr/bin/tar: ../../../../../usr/local/lib/android/sdk/platforms/android-36.1/data/res/values-mcc310-mnc660-fr-rCA: Cannot change mode to rwxr-xr-x: Operation not permitted
build	Cache Android SDK	2026-06-06T12:22:55.2467484Z /usr/bin/tar: ../../../../../usr/local/lib/android/sdk/platforms/android-36.1/data/res/values-mcc310-mnc280-hy: Cannot utime: Operation not permitted
build	Cache Android SDK	2026-06-06T12:22:55.2468067Z /usr/bin/tar: ../../../../../usr/local/lib/android/sdk/platforms/android-36.1/data/res/values-mcc310-mnc280-hy: Cannot change mode to rwxr-xr-x: Operation not permitted
build	Cache Android SDK	2026-06-06T12:22:55.2471068Z /usr/bin/tar: ../../../../../usr/local/lib/android/sdk/platforms/android-36.1/data/res/values-mcc334-mnc020-zh-rTW: Cannot utime: Operation not permitted
build	Cache Android SDK	2026-06-06T12:22:55.2471541Z /usr/bin/tar: ../../../../../usr/local/lib/android/sdk/platforms/android-36.1/data/res/values-mcc334-mnc020-zh-rTW: Cannot change mode to rwxr-xr-x: Operation not permitted
build	Cache Android SDK	2026-06-06T12:22:55.2474646Z /usr/bin/tar: ../../../../../usr/local/lib/android/sdk/platforms/android-36.1/data/res/values-mcc310-mnc270-fr-rCA: Cannot utime: Operation not permitted
build	Cache Android SDK	2026-06-06T12:22:55.2475582Z /usr/bin/tar: ../../../../../usr/local/lib/android/sdk/platforms/android-36.1/data/res/values-mcc310-mnc270-fr-rCA: Cannot change mode to rwxr-xr-x: Operation not permitted
build	Cache Android SDK	2026-06-06T12:22:55.2478492Z /usr/bin/tar: ../../../../../usr/local/lib/android/sdk/platforms/android-36.1/data/res/values-mcc310-mnc410-de: Cannot utime: Operation not permitted
build	Cache Android SDK	2026-06-06T12:22:55.2479030Z /usr/bin/tar: ../../../../../usr/local/lib/android/sdk/platforms/android-36.1/data/res/values-mcc310-mnc410-de: Cannot change mode to rwxr-xr-x: Operation not permitted
build	Cache Android SDK	2026-06-06T12:22:55.2481524Z /usr/bin/tar: ../../../../../usr/local/lib/android/sdk/platforms/android-36.1/data/res/values-mcc310-mnc560-zh-rCN: Cannot utime: Operation not permitted
build	Cache Android SDK	2026-06-06T12:22:55.2482023Z /usr/bin/tar: ../../../../../usr/local/lib/android/sdk/platforms/android-36.1/data/res/values-mcc310-mnc560-zh-rCN: Cannot change mode to rwxr-xr-x: Operation not permitted
build	Cache Android SDK	2026-06-06T12:22:55.2484356Z /usr/bin/tar: ../../../../../usr/local/lib/android/sdk/platforms/android-36.1/data/res/values-mcc310-mnc240-th: Cannot utime: Operation not permitted
build	Cache Android SDK	2026-06-06T12:22:55.2484832Z /usr/bin/tar: ../../../../../usr/local/lib/android/sdk/platforms/android-36.1/data/res/values-mcc310-mnc240-th: Cannot change mode to rwxr-xr-x: Operation not permitted
build	Cache Android SDK	2026-06-06T12:22:55.2487237Z /usr/bin/tar: ../../../../../usr/local/lib/android/sdk/platforms/android-36.1/data/res/values-mcc310-mnc030-fr-rCA: Cannot utime: Operation not permitted
build	Cache Android SDK	2026-06-06T12:22:55.2487921Z /usr/bin/tar: ../../../../../usr/local/lib/android/sdk/platforms/android-36.1/data/res/values-mcc310-mnc030-fr-rCA: Cannot change mode to rwxr-xr-x: Operation not permitted
build	Cache Android SDK	2026-06-06T12:22:55.2490320Z /usr/bin/tar: ../../../../../usr/local/lib/android/sdk/platforms/android-36.1/data/res/values-mcc310-mnc380-en-rGB: Cannot utime: Operation not permitted
build	Cache Android SDK	2026-06-06T12:22:55.2490807Z /usr/bin/tar: ../../../../../usr/local/lib/android/sdk/platforms/android-36.1/data/res/values-mcc310-mnc380-en-rGB: Cannot change mode to rwxr-xr-x: Operation not permitted
build	Cache Android SDK	2026-06-06T12:22:55.2493419Z /usr/bin/tar: ../../../../../usr/local/lib/android/sdk/platforms/android-36.1/data/res/values-mcc310-mnc250-ms: Cannot utime: Operation not permitted
build	Cache Android SDK	2026-06-06T12:22:55.2494017Z /usr/bin/tar: ../../../../../usr/local/lib/android/sdk/platforms/android-36.1/data/res/values-mcc310-mnc250-ms: Cannot change mode to rwxr-xr-x: Operation not permitted
build	Cache Android SDK	2026-06-06T12:22:55.2498021Z /usr/bin/tar: ../../../../../usr/local/lib/android/sdk/platforms/android-36.1/data/res/values-zh-rCN-television: Cannot utime: Operation not permitted
build	Cache Android SDK	2026-06-06T12:22:55.2498508Z /usr/bin/tar: ../../../../../usr/local/lib/android/sdk/platforms/android-36.1/data/res/values-zh-rCN-television: Cannot change mode to rwxr-xr-x: Operation not permitted
build	Cache Android SDK	2026-06-06T12:22:55.2501051Z /usr/bin/tar: ../../../../../usr/local/lib/android/sdk/platforms/android-36.1/data/res/values-mcc310-mnc150-cs: Cannot utime: Operation not permitted
build	Cache Android SDK	2026-06-06T12:22:55.2501610Z /usr/bin/tar: ../../../../../usr/local/lib/android/sdk/platforms/android-36.1/data/res/values-mcc310-mnc150-cs: Cannot change mode to rwxr-xr-x: Operation not permitted
build	Cache Android SDK	2026-06-06T12:22:55.2504183Z /usr/bin/tar: ../../../../../usr/local/lib/android/sdk/platforms/android-36.1/data/res/values-mcc310-mnc200-lt: Cannot utime: Operation not permitted
build	Cache Android SDK	2026-06-06T12:22:55.2504770Z /usr/bin/tar: ../../../../../usr/local/lib/android/sdk/platforms/android-36.1/data/res/values-mcc310-mnc200-lt: Cannot change mode to rwxr-xr-x: Operation not permitted
build	Cache Android SDK	2026-06-06T12:22:55.2507254Z /usr/bin/tar: ../../../../../usr/local/lib/android/sdk/platforms/android-36.1/data/res/values-mcc310-mnc150-de: Cannot utime: Operation not permitted
build	Cache Android SDK	2026-06-06T12:22:55.2507999Z /usr/bin/tar: ../../../../../usr/local/lib/android/sdk/platforms/android-36.1/data/res/values-mcc310-mnc150-de: Cannot change mode to rwxr-xr-x: Operation not permitted
build	Cache Android SDK	2026-06-06T12:22:55.2510657Z /usr/bin/tar: ../../../../../usr/local/lib/android/sdk/platforms/android-36.1/data/res/values-mcc001-mnc01-ms: Cannot utime: Operation not permitted
build	Cache Android SDK	2026-06-06T12:22:55.2511132Z /usr/bin/tar: ../../../../../usr/local/lib/android/sdk/platforms/android-36.1/data/res/values-mcc001-mnc01-ms: Cannot change mode to rwxr-xr-x: Operation not permitted
build	Cache Android SDK	2026-06-06T12:22:55.2513856Z /usr/bin/tar: ../../../../../usr/local/lib/android/sdk/platforms/android-36.1/data/res/values-ta-watch: Cannot utime: Operation not permitted
build	Cache Android SDK	2026-06-06T12:22:55.2514790Z /usr/bin/tar: ../../../../../usr/local/lib/android/sdk/platforms/android-36.1/data/res/values-ta-watch: Cannot change mode to rwxr-xr-x: Operation not permitted
build	Cache Android SDK	2026-06-06T12:22:55.2517291Z /usr/bin/tar: ../../../../../usr/local/lib/android/sdk/platforms/android-36.1/data/res/values-mcc310-mnc160-is: Cannot utime: Operation not permitted
build	Cache Android SDK	2026-06-06T12:22:55.2518556Z /usr/bin/tar: ../../../../../usr/local/lib/android/sdk/platforms/android-36.1/data/res/values-mcc310-mnc160-is: Cannot change mode to rwxr-xr-x: Operation not permitted
build	Cache Android SDK	2026-06-06T12:22:55.2520790Z /usr/bin/tar: ../../../../../usr/local/lib/android/sdk/platforms/android-36.1/data/res/values-mcc310-mnc230-zu: Cannot utime: Operation not permitted
build	Cache Android SDK	2026-06-06T12:22:55.2521731Z /usr/bin/tar: ../../../../../usr/local/lib/android/sdk/platforms/android-36.1/data/res/values-mcc310-mnc230-zu: Cannot change mode to rwxr-xr-x: Operation not permitted
build	Cache Android SDK	2026-06-06T12:22:55.2524899Z /usr/bin/tar: ../../../../../usr/local/lib/android/sdk/platforms/android-36.1/data/res/values-mcc312-mnc670-ca: Cannot utime: Operation not permitted
build	Cache Android SDK	2026-06-06T12:22:55.2526005Z /usr/bin/tar: ../../../../../usr/local/lib/android/sdk/platforms/android-36.1/data/res/values-mcc312-mnc670-ca: Cannot change mode to rwxr-xr-x: Operation not permitted
build	Cache Android SDK	2026-06-06T12:22:55.2530150Z /usr/bin/tar: ../../../../../usr/local/lib/android/sdk/platforms/android-36.1/data/res/values-mcc302-mnc720-es: Cannot utime: Operation not permitted
build	Cache Android SDK	2026-06-06T12:22:55.2531225Z /usr/bin/tar: ../../../../../usr/local/lib/android/sdk/platforms/android-36.1/data/res/values-mcc302-mnc720-es: Cannot change mode to rwxr-xr-x: Operation not permitted
build	Cache Android SDK	2026-06-06T12:22:55.2532917Z /usr/bin/tar: ../../../../../usr/local/lib/android/sdk/platforms/android-36.1/data/res/values-mcc310-mnc280-zh-rHK: Cannot utime: Operation not permitted
build	Cache Android SDK	2026-06-06T12:22:55.2533951Z /usr/bin/tar: ../../../../../usr/local/lib/android/sdk/platforms/android-36.1/data/res/values-mcc310-mnc280-zh-rHK: Cannot change mode to rwxr-xr-x: Operation not permitted
build	Cache Android SDK	2026-06-06T12:22:55.2536628Z /usr/bin/tar: ../../../../../usr/local/lib/android/sdk/platforms/android-36.1/data/res/values-mcc334-mnc020-en-rIN: Cannot utime: Operation not permitted
build	Cache Android SDK	2026-06-06T12:22:55.2537789Z /usr/bin/tar: ../../../../../usr/local/lib/android/sdk/platforms/android-36.1/data/res/values-mcc334-mnc020-en-rIN: Cannot change mode to rwxr-xr-x: Operation not permitted
build	Cache Android SDK	2026-06-06T12:22:55.2539645Z /usr/bin/tar: ../../../../../usr/local/lib/android/sdk/platforms/android-36.1/data/res/values-mcc001-mnc01-bg: Cannot utime: Operation not permitted
build	Cache Android SDK	2026-06-06T12:22:55.2540584Z /usr/bin/tar: ../../../../../usr/local/lib/android/sdk/platforms/android-36.1/data/res/values-mcc001-mnc01-bg: Cannot change mode to rwxr-xr-x: Operation not permitted
build	Cache Android SDK	2026-06-06T12:22:55.2543028Z /usr/bin/tar: ../../../../../usr/local/lib/android/sdk/platforms/android-36.1/data/res/values-mcc312: Cannot utime: Operation not permitted
build	Cache Android SDK	2026-06-06T12:22:55.2543929Z /usr/bin/tar: ../../../../../usr/local/lib/android/sdk/platforms/android-36.1/data/res/values-mcc312: Cannot change mode to rwxr-xr-x: Operation not permitted
build	Cache Android SDK	2026-06-06T12:22:55.2547131Z /usr/bin/tar: ../../../../../usr/local/lib/android/sdk/platforms/android-36.1/data/res/raw-ko: Cannot utime: Operation not permitted
build	Cache Android SDK	2026-06-06T12:22:55.2548187Z /usr/bin/tar: ../../../../../usr/local/lib/android/sdk/platforms/android-36.1/data/res/raw-ko: Cannot change mode to rwxr-xr-x: Operation not permitted
build	Cache Android SDK	2026-06-06T12:22:55.2550667Z /usr/bin/tar: ../../../../../usr/local/lib/android/sdk/platforms/android-36.1/data/res/values-mcc466-mnc07: Cannot utime: Operation not permitted
build	Cache Android SDK	2026-06-06T12:22:55.2551593Z /usr/bin/tar: ../../../../../usr/local/lib/android/sdk/platforms/android-36.1/data/res/values-mcc466-mnc07: Cannot change mode to rwxr-xr-x: Operation not permitted
build	Cache Android SDK	2026-06-06T12:22:55.3067622Z /usr/bin/tar: ../../../../../usr/local/lib/android/sdk/platforms/android-36.1/data/res/drawable-mdpi: Cannot utime: Operation not permitted
build	Cache Android SDK	2026-06-06T12:22:55.3069300Z /usr/bin/tar: ../../../../../usr/local/lib/android/sdk/platforms/android-36.1/data/res/drawable-mdpi: Cannot change mode to rwxr-xr-x: Operation not permitted
build	Cache Android SDK	2026-06-06T12:22:55.3070270Z /usr/bin/tar: ../../../../../usr/local/lib/android/sdk/platforms/android-36.1/data/res/values-mcc310-mnc170-gu: Cannot utime: Operation not permitted
build	Cache Android SDK	2026-06-06T12:22:55.3071220Z /usr/bin/tar: ../../../../../usr/local/lib/android/sdk/platforms/android-36.1/data/res/values-mcc310-mnc170-gu: Cannot change mode to rwxr-xr-x: Operation not permitted
build	Cache Android SDK	2026-06-06T12:22:55.3073153Z /usr/bin/tar: ../../../../../usr/local/lib/android/sdk/platforms/android-36.1/data/res/values-mcc313-mnc100-bg: Cannot utime: Operation not permitted
build	Cache Android SDK	2026-06-06T12:22:55.3074106Z /usr/bin/tar: ../../../../../usr/local/lib/android/sdk/platforms/android-36.1/data/res/values-mcc313-mnc100-bg: Cannot change mode to rwxr-xr-x: Operation not permitted
build	Cache Android SDK	2026-06-06T12:22:55.3077620Z /usr/bin/tar: ../../../../../usr/local/lib/android/sdk/platforms/android-36.1/data/res/values-mcc312-mnc670-hr: Cannot utime: Operation not permitted
build	Cache Android SDK	2026-06-06T12:22:55.3078579Z /usr/bin/tar: ../../../../../usr/local/lib/android/sdk/platforms/android-36.1/data/res/values-mcc312-mnc670-hr: Cannot change mode to rwxr-xr-x: Operation not permitted
build	Cache Android SDK	2026-06-06T12:22:55.3081483Z /usr/bin/tar: ../../../../../usr/local/lib/android/sdk/platforms/android-36.1/data/res/values-mcc310-mnc170-bs: Cannot utime: Operation not permitted
build	Cache Android SDK	2026-06-06T12:22:55.3082429Z /usr/bin/tar: ../../../../../usr/local/lib/android/sdk/platforms/android-36.1/data/res/values-mcc310-mnc170-bs: Cannot change mode to rwxr-xr-x: Operation not permitted
build	Cache Android SDK	2026-06-06T12:22:55.3084745Z /usr/bin/tar: ../../../../../usr/local/lib/android/sdk/platforms/android-36.1/data/res/values-mcc310-mnc030-bn: Cannot utime: Operation not permitted
build	Cache Android SDK	2026-06-06T12:22:55.3085775Z /usr/bin/tar: ../../../../../usr/local/lib/android/sdk/platforms/android-36.1/data/res/values-mcc310-mnc030-bn: Cannot change mode to rwxr-xr-x: Operation not permitted
build	Cache Android SDK	2026-06-06T12:22:55.3088360Z /usr/bin/tar: ../../../../../usr/local/lib/android/sdk/platforms/android-36.1/data/res/values-mcc310-mnc230-lt: Cannot utime: Operation not permitted
build	Cache Android SDK	2026-06-06T12:22:55.3089405Z /usr/bin/tar: ../../../../../usr/local/lib/android/sdk/platforms/android-36.1/data/res/values-mcc310-mnc230-lt: Cannot change mode to rwxr-xr-x: Operation not permitted
build	Cache Android SDK	2026-06-06T12:22:55.3092305Z /usr/bin/tar: ../../../../../usr/local/lib/android/sdk/platforms/android-36.1/data/res/values-mcc310-mnc150-vi: Cannot utime: Operation not permitted
build	Cache Android SDK	2026-06-06T12:22:55.3093490Z /usr/bin/tar: ../../../../../usr/local/lib/android/sdk/platforms/android-36.1/data/res/values-mcc310-mnc150-vi: Cannot change mode to rwxr-xr-x: Operation not permitted
build	Cache Android SDK	2026-06-06T12:22:55.3095736Z /usr/bin/tar: ../../../../../usr/local/lib/android/sdk/platforms/android-36.1/data/res/values-mcc001-mnc01-el: Cannot utime: Operation not permitted
build	Cache Android SDK	2026-06-06T12:22:55.3097026Z /usr/bin/tar: ../../../../../usr/local/lib/android/sdk/platforms/android-36.1/data/res/values-mcc001-mnc01-el: Cannot change mode to rwxr-xr-x: Operation not permitted
build	Cache Android SDK	2026-06-06T12:22:55.3098620Z /usr/bin/tar: ../../../../../usr/local/lib/android/sdk/platforms/android-36.1/data/res/values-mcc310-mnc230-ca: Cannot utime: Operation not permitted
build	Cache Android SDK	2026-06-06T12:22:55.3099566Z /usr/bin/tar: ../../../../../usr/local/lib/android/sdk/platforms/android-36.1/data/res/values-mcc310-mnc230-ca: Cannot change mode to rwxr-xr-x: Operation not permitted
build	Cache Android SDK	2026-06-06T12:22:55.3102430Z /usr/bin/tar: ../../../../../usr/local/lib/android/sdk/platforms/android-36.1/data/res/values-mcc310-mnc200-el: Cannot utime: Operation not permitted
build	Cache Android SDK	2026-06-06T12:22:55.3103392Z /usr/bin/tar: ../../../../../usr/local/lib/android/sdk/platforms/android-36.1/data/res/values-mcc310-mnc200-el: Cannot change mode to rwxr-xr-x: Operation not permitted
build	Cache Android SDK	2026-06-06T12:22:55.3105756Z /usr/bin/tar: ../../../../../usr/local/lib/android/sdk/platforms/android-36.1/data/res/values-mcc310-mnc160-lv: Cannot utime: Operation not permitted
build	Cache Android SDK	2026-06-06T12:22:55.3106719Z /usr/bin/tar: ../../../../../usr/local/lib/android/sdk/platforms/android-36.1/data/res/values-mcc310-mnc160-lv: Cannot change mode to rwxr-xr-x: Operation not permitted
build	Cache Android SDK	2026-06-06T12:22:55.3109799Z /usr/bin/tar: ../../../../../usr/local/lib/android/sdk/platforms/android-36.1/data/res/values-mcc310-mnc220-ko: Cannot utime: Operation not permitted
build	Cache Android SDK	2026-06-06T12:22:55.3110754Z /usr/bin/tar: ../../../../../usr/local/lib/android/sdk/platforms/android-36.1/data/res/values-mcc310-mnc220-ko: Cannot change mode to rwxr-xr-x: Operation not permitted
build	Cache Android SDK	2026-06-06T12:22:55.3112772Z /usr/bin/tar: ../../../../../usr/local/lib/android/sdk/platforms/android-36.1/data/res/values-mcc310-mnc280-pl: Cannot utime: Operation not permitted
build	Cache Android SDK	2026-06-06T12:22:55.3113729Z /usr/bin/tar: ../../../../../usr/local/lib/android/sdk/platforms/android-36.1/data/res/values-mcc310-mnc280-pl: Cannot change mode to rwxr-xr-x: Operation not permitted
build	Cache Android SDK	2026-06-06T12:22:55.3116848Z /usr/bin/tar: ../../../../../usr/local/lib/android/sdk/platforms/android-36.1/data/res/values-nl-rNL: Cannot utime: Operation not permitted
build	Cache Android SDK	2026-06-06T12:22:55.3117940Z /usr/bin/tar: ../../../../../usr/local/lib/android/sdk/platforms/android-36.1/data/res/values-nl-rNL: Cannot change mode to rwxr-xr-x: Operation not permitted
build	Cache Android SDK	2026-06-06T12:22:55.3119773Z /usr/bin/tar: ../../../../../usr/local/lib/android/sdk/platforms/android-36.1/data/res/values-mcc001-mnc01-es-rUS: Cannot utime: Operation not permitted
build	Cache Android SDK	2026-06-06T12:22:55.3120757Z /usr/bin/tar: ../../../../../usr/local/lib/android/sdk/platforms/android-36.1/data/res/values-mcc001-mnc01-es-rUS: Cannot change mode to rwxr-xr-x: Operation not permitted
build	Cache Android SDK	2026-06-06T12:22:55.3123493Z /usr/bin/tar: ../../../../../usr/local/lib/android/sdk/platforms/android-36.1/data/res/values-mcc302-mnc370-gu: Cannot utime: Operation not permitted
build	Cache Android SDK	2026-06-06T12:22:55.3124446Z /usr/bin/tar: ../../../../../usr/local/lib/android/sdk/platforms/android-36.1/data/res/values-mcc302-mnc370-gu: Cannot change mode to rwxr-xr-x: Operation not permitted
build	Cache Android SDK	2026-06-06T12:22:55.3126653Z /usr/bin/tar: ../../../../../usr/local/lib/android/sdk/platforms/android-36.1/data/res/values-mcc310-mnc490-b+sr+Latn: Cannot utime: Operation not permitted
build	Cache Android SDK	2026-06-06T12:22:55.3127832Z /usr/bin/tar: ../../../../../usr/local/lib/android/sdk/platforms/android-36.1/data/res/values-mcc310-mnc490-b+sr+Latn: Cannot change mode to rwxr-xr-x: Operation not permitted
build	Cache Android SDK	2026-06-06T12:22:55.3129811Z /usr/bin/tar: ../../../../../usr/local/lib/android/sdk/platforms/android-36.1/data/res/values-mcc310-mnc950-uk: Cannot utime: Operation not permitted
build	Cache Android SDK	2026-06-06T12:22:55.3130744Z /usr/bin/tar: ../../../../../usr/local/lib/android/sdk/platforms/android-36.1/data/res/values-mcc310-mnc950-uk: Cannot change mode to rwxr-xr-x: Operation not permitted
build	Cache Android SDK	2026-06-06T12:22:55.3133589Z /usr/bin/tar: ../../../../../usr/local/lib/android/sdk/platforms/android-36.1/data/res/values-mcc310-mnc660-ml: Cannot utime: Operation not permitted
build	Cache Android SDK	2026-06-06T12:22:55.3134537Z /usr/bin/tar: ../../../../../usr/local/lib/android/sdk/platforms/android-36.1/data/res/values-mcc310-mnc660-ml: Cannot change mode to rwxr-xr-x: Operation not permitted
build	Cache Android SDK	2026-06-06T12:22:55.3136352Z /usr/bin/tar: ../../../../../usr/local/lib/android/sdk/platforms/android-36.1/data/res/values-mcc314: Cannot utime: Operation not permitted
build	Cache Android SDK	2026-06-06T12:22:55.3137240Z /usr/bin/tar: ../../../../../usr/local/lib/android/sdk/platforms/android-36.1/data/res/values-mcc314: Cannot change mode to rwxr-xr-x: Operation not permitted
build	Cache Android SDK	2026-06-06T12:22:55.3139709Z /usr/bin/tar: ../../../../../usr/local/lib/android/sdk/platforms/android-36.1/data/res/values-mcc310-mnc200-te: Cannot utime: Operation not permitted
build	Cache Android SDK	2026-06-06T12:22:55.3140667Z /usr/bin/tar: ../../../../../usr/local/lib/android/sdk/platforms/android-36.1/data/res/values-mcc310-mnc200-te: Cannot change mode to rwxr-xr-x: Operation not permitted
build	Cache Android SDK	2026-06-06T12:22:55.3142871Z /usr/bin/tar: ../../../../../usr/local/lib/android/sdk/platforms/android-36.1/data/res/values-es-rUS-feminine: Cannot utime: Operation not permitted
build	Cache Android SDK	2026-06-06T12:22:55.3143824Z /usr/bin/tar: ../../../../../usr/local/lib/android/sdk/platforms/android-36.1/data/res/values-es-rUS-feminine: Cannot change mode to rwxr-xr-x: Operation not permitted
build	Cache Android SDK	2026-06-06T12:22:55.3146151Z /usr/bin/tar: ../../../../../usr/local/lib/android/sdk/platforms/android-36.1/data/res/values-mcc311-mnc180-nb: Cannot utime: Operation not permitted
build	Cache Android SDK	2026-06-06T12:22:55.3147092Z /usr/bin/tar: ../../../../../usr/local/lib/android/sdk/platforms/android-36.1/data/res/values-mcc311-mnc180-nb: Cannot change mode to rwxr-xr-x: Operation not permitted
build	Cache Android SDK	2026-06-06T12:22:55.3149284Z /usr/bin/tar: ../../../../../usr/local/lib/android/sdk/platforms/android-36.1/data/res/values-mcc310-mnc250-zh-rHK: Cannot utime: Operation not permitted
build	Cache Android SDK	2026-06-06T12:22:55.3150280Z /usr/bin/tar: ../../../../../usr/local/lib/android/sdk/platforms/android-36.1/data/res/values-mcc310-mnc250-zh-rHK: Cannot change mode to rwxr-xr-x: Operation not permitted
build	Cache Android SDK	2026-06-06T12:22:55.3152934Z /usr/bin/tar: ../../../../../usr/local/lib/android/sdk/platforms/android-36.1/data/res/values-mcc310-mnc310-lo: Cannot utime: Operation not permitted
build	Cache Android SDK	2026-06-06T12:22:55.3153957Z /usr/bin/tar: ../../../../../usr/local/lib/android/sdk/platforms/android-36.1/data/res/values-mcc310-mnc310-lo: Cannot change mode to rwxr-xr-x: Operation not permitted
build	Cache Android SDK	2026-06-06T12:22:55.3156407Z /usr/bin/tar: ../../../../../usr/local/lib/android/sdk/platforms/android-36.1/data/res/values-mcc001-mnc01-pt-rBR: Cannot utime: Operation not permitted
build	Cache Android SDK	2026-06-06T12:22:55.3157944Z /usr/bin/tar: ../../../../../usr/local/lib/android/sdk/platforms/android-36.1/data/res/values-mcc001-mnc01-pt-rBR: Cannot change mode to rwxr-xr-x: Operation not permitted
build	Cache Android SDK	2026-06-06T12:22:55.3159429Z /usr/bin/tar: ../../../../../usr/local/lib/android/sdk/platforms/android-36.1/data/res/values-mcc310-mnc660-ja: Cannot utime: Operation not permitted
build	Cache Android SDK	2026-06-06T12:22:55.3160370Z /usr/bin/tar: ../../../../../usr/local/lib/android/sdk/platforms/android-36.1/data/res/values-mcc310-mnc660-ja: Cannot change mode to rwxr-xr-x: Operation not permitted
build	Cache Android SDK	2026-06-06T12:22:55.3162879Z /usr/bin/tar: ../../../../../usr/local/lib/android/sdk/platforms/android-36.1/data/res/values-mcc310-mnc280-bg: Cannot utime: Operation not permitted
build	Cache Android SDK	2026-06-06T12:22:55.3163847Z /usr/bin/tar: ../../../../../usr/local/lib/android/sdk/platforms/android-36.1/data/res/values-mcc310-mnc280-bg: Cannot change mode to rwxr-xr-x: Operation not permitted
build	Cache Android SDK	2026-06-06T12:22:55.3166002Z /usr/bin/tar: ../../../../../usr/local/lib/android/sdk/platforms/android-36.1/data/res/values-mcc310-mnc800-am: Cannot utime: Operation not permitted
build	Cache Android SDK	2026-06-06T12:22:55.3166961Z /usr/bin/tar: ../../../../../usr/local/lib/android/sdk/platforms/android-36.1/data/res/values-mcc310-mnc800-am: Cannot change mode to rwxr-xr-x: Operation not permitted
build	Cache Android SDK	2026-06-06T12:22:55.3169655Z /usr/bin/tar: ../../../../../usr/local/lib/android/sdk/platforms/android-36.1/data/res/values-mcc310-mnc170-vi: Cannot utime: Operation not permitted
build	Cache Android SDK	2026-06-06T12:22:55.3170604Z /usr/bin/tar: ../../../../../usr/local/lib/android/sdk/platforms/android-36.1/data/res/values-mcc310-mnc170-vi: Cannot change mode to rwxr-xr-x: Operation not permitted
build	Cache Android SDK	2026-06-06T12:22:55.3172845Z /usr/bin/tar: ../../../../../usr/local/lib/android/sdk/platforms/android-36.1/data/res/values-mcc310-mnc310-zu: Cannot utime: Operation not permitted
build	Cache Android SDK	2026-06-06T12:22:55.3173795Z /usr/bin/tar: ../../../../../usr/local/lib/android/sdk/platforms/android-36.1/data/res/values-mcc310-mnc310-zu: Cannot change mode to rwxr-xr-x: Operation not permitted
build	Cache Android SDK	2026-06-06T12:22:55.3176575Z /usr/bin/tar: ../../../../../usr/local/lib/android/sdk/platforms/android-36.1/data/res/values-mcc310-mnc160-bs: Cannot utime: Operation not permitted
build	Cache Android SDK	2026-06-06T12:22:55.3177760Z /usr/bin/tar: ../../../../../usr/local/lib/android/sdk/platforms/android-36.1/data/res/values-mcc310-mnc160-bs: Cannot change mode to rwxr-xr-x: Operation not permitted
build	Cache Android SDK	2026-06-06T12:22:55.3181248Z /usr/bin/tar: ../../../../../usr/local/lib/android/sdk/platforms/android-36.1/data/res/anim-watch: Cannot utime: Operation not permitted
build	Cache Android SDK	2026-06-06T12:22:55.3182122Z /usr/bin/tar: ../../../../../usr/local/lib/android/sdk/platforms/android-36.1/data/res/anim-watch: Cannot change mode to rwxr-xr-x: Operation not permitted
build	Cache Android SDK	2026-06-06T12:22:55.3184154Z /usr/bin/tar: ../../../../../usr/local/lib/android/sdk/platforms/android-36.1/data/res/values-mcc334-mnc020-en-rCA: Cannot utime: Operation not permitted
build	Cache Android SDK	2026-06-06T12:22:55.3185120Z /usr/bin/tar: ../../../../../usr/local/lib/android/sdk/platforms/android-36.1/data/res/values-mcc334-mnc020-en-rCA: Cannot change mode to rwxr-xr-x: Operation not permitted
build	Cache Android SDK	2026-06-06T12:22:55.3187663Z /usr/bin/tar: ../../../../../usr/local/lib/android/sdk/platforms/android-36.1/data/res/values-lv-television: Cannot utime: Operation not permitted
build	Cache Android SDK	2026-06-06T12:22:55.3188606Z /usr/bin/tar: ../../../../../usr/local/lib/android/sdk/platforms/android-36.1/data/res/values-lv-television: Cannot change mode to rwxr-xr-x: Operation not permitted
build	Cache Android SDK	2026-06-06T12:22:55.3191002Z /usr/bin/tar: ../../../../../usr/local/lib/android/sdk/platforms/android-36.1/data/res/values-mcc310-mnc210-ko: Cannot utime: Operation not permitted
build	Cache Android SDK	2026-06-06T12:22:55.3191951Z /usr/bin/tar: ../../../../../usr/local/lib/android/sdk/platforms/android-36.1/data/res/values-mcc310-mnc210-ko: Cannot change mode to rwxr-xr-x: Operation not permitted
build	Cache Android SDK	2026-06-06T12:22:55.3193909Z /usr/bin/tar: ../../../../../usr/local/lib/android/sdk/platforms/android-36.1/data/res/values-mcc310-mnc150-fr-rCA: Cannot utime: Operation not permitted
build	Cache Android SDK	2026-06-06T12:22:55.3194968Z /usr/bin/tar: ../../../../../usr/local/lib/android/sdk/platforms/android-36.1/data/res/values-mcc310-mnc150-fr-rCA: Cannot change mode to rwxr-xr-x: Operation not permitted
build	Cache Android SDK	2026-06-06T12:22:55.3197541Z /usr/bin/tar: ../../../../../usr/local/lib/android/sdk/platforms/android-36.1/data/res/values-mcc310-mnc030-pt-rBR: Cannot utime: Operation not permitted
build	Cache Android SDK	2026-06-06T12:22:55.3198517Z /usr/bin/tar: ../../../../../usr/local/lib/android/sdk/platforms/android-36.1/data/res/values-mcc310-mnc030-pt-rBR: Cannot change mode to rwxr-xr-x: Operation not permitted
build	Cache Android SDK	2026-06-06T12:22:55.3200844Z /usr/bin/tar: ../../../../../usr/local/lib/android/sdk/platforms/android-36.1/data/res/values-mcc334-mnc020-lv: Cannot utime: Operation not permitted
build	Cache Android SDK	2026-06-06T12:22:55.3201785Z /usr/bin/tar: ../../../../../usr/local/lib/android/sdk/platforms/android-36.1/data/res/values-mcc334-mnc020-lv: Cannot change mode to rwxr-xr-x: Operation not permitted
build	Cache Android SDK	2026-06-06T12:22:55.3203754Z /usr/bin/tar: ../../../../../usr/local/lib/android/sdk/platforms/android-36.1/data/res/values-hr-watch: Cannot utime: Operation not permitted
build	Cache Android SDK	2026-06-06T12:22:55.3204652Z /usr/bin/tar: ../../../../../usr/local/lib/android/sdk/platforms/android-36.1/data/res/values-hr-watch: Cannot change mode to rwxr-xr-x: Operation not permitted
build	Cache Android SDK	2026-06-06T12:22:55.3207057Z /usr/bin/tar: ../../../../../usr/local/lib/android/sdk/platforms/android-36.1/data/res/values-mcc310-mnc380-lo: Cannot utime: Operation not permitted
build	Cache Android SDK	2026-06-06T12:22:55.3208162Z /usr/bin/tar: ../../../../../usr/local/lib/android/sdk/platforms/android-36.1/data/res/values-mcc310-mnc380-lo: Cannot change mode to rwxr-xr-x: Operation not permitted
build	Cache Android SDK	2026-06-06T12:22:55.3210611Z /usr/bin/tar: ../../../../../usr/local/lib/android/sdk/platforms/android-36.1/data/res/values-mcc311-mnc180-mk: Cannot utime: Operation not permitted
build	Cache Android SDK	2026-06-06T12:22:55.3211560Z /usr/bin/tar: ../../../../../usr/local/lib/android/sdk/platforms/android-36.1/data/res/values-mcc311-mnc180-mk: Cannot change mode to rwxr-xr-x: Operation not permitted
build	Cache Android SDK	2026-06-06T12:22:55.3214297Z /usr/bin/tar: ../../../../../usr/local/lib/android/sdk/platforms/android-36.1/data/res/values-mcc310-mnc170-ro: Cannot utime: Operation not permitted
build	Cache Android SDK	2026-06-06T12:22:55.3215306Z /usr/bin/tar: ../../../../../usr/local/lib/android/sdk/platforms/android-36.1/data/res/values-mcc310-mnc170-ro: Cannot change mode to rwxr-xr-x: Operation not permitted
build	Cache Android SDK	2026-06-06T12:22:55.3218719Z /usr/bin/tar: ../../../../../usr/local/lib/android/sdk/platforms/android-36.1/data/res/values-mcc310-mnc200-bn: Cannot utime: Operation not permitted
build	Cache Android SDK	2026-06-06T12:22:55.3219664Z /usr/bin/tar: ../../../../../usr/local/lib/android/sdk/platforms/android-36.1/data/res/values-mcc310-mnc200-bn: Cannot change mode to rwxr-xr-x: Operation not permitted
build	Cache Android SDK	2026-06-06T12:22:55.3222217Z /usr/bin/tar: ../../../../../usr/local/lib/android/sdk/platforms/android-36.1/data/res/values-mcc310-mnc250: Cannot utime: Operation not permitted
build	Cache Android SDK	2026-06-06T12:22:55.3223156Z /usr/bin/tar: ../../../../../usr/local/lib/android/sdk/platforms/android-36.1/data/res/values-mcc310-mnc250: Cannot change mode to rwxr-xr-x: Operation not permitted
build	Cache Android SDK	2026-06-06T12:22:55.3225452Z /usr/bin/tar: ../../../../../usr/local/lib/android/sdk/platforms/android-36.1/data/res/values-mcc310-mnc660-ru: Cannot utime: Operation not permitted
build	Cache Android SDK	2026-06-06T12:22:55.3226403Z /usr/bin/tar: ../../../../../usr/local/lib/android/sdk/platforms/android-36.1/data/res/values-mcc310-mnc660-ru: Cannot change mode to rwxr-xr-x: Operation not permitted
build	Cache Android SDK	2026-06-06T12:22:55.3229257Z /usr/bin/tar: ../../../../../usr/local/lib/android/sdk/platforms/android-36.1/data/res/values-mcc310-mnc220-pa: Cannot utime: Operation not permitted
build	Cache Android SDK	2026-06-06T12:22:55.3230214Z /usr/bin/tar: ../../../../../usr/local/lib/android/sdk/platforms/android-36.1/data/res/values-mcc310-mnc220-pa: Cannot change mode to rwxr-xr-x: Operation not permitted
build	Cache Android SDK	2026-06-06T12:22:55.3246090Z /usr/bin/tar: ../../../../../usr/local/lib/android/sdk/platforms/android-36.1/data/res/values-w204dp-round-watch: Cannot utime: Operation not permitted
build	Cache Android SDK	2026-06-06T12:22:55.3247238Z /usr/bin/tar: ../../../../../usr/local/lib/android/sdk/platforms/android-36.1/data/res/values-w204dp-round-watch: Cannot change mode to rwxr-xr-x: Operation not permitted
build	Cache Android SDK	2026-06-06T12:22:55.3249188Z /usr/bin/tar: ../../../../../usr/local/lib/android/sdk/platforms/android-36.1/data/res/values-mcc310-mnc800-ja: Cannot utime: Operation not permitted
build	Cache Android SDK	2026-06-06T12:22:55.3250145Z /usr/bin/tar: ../../../../../usr/local/lib/android/sdk/platforms/android-36.1/data/res/values-mcc310-mnc800-ja: Cannot change mode to rwxr-xr-x: Operation not permitted
build	Cache Android SDK	2026-06-06T12:22:55.3253326Z /usr/bin/tar: ../../../../../usr/local/lib/android/sdk/platforms/android-36.1/data/res/values-mcc310-mnc490-is: Cannot utime: Operation not permitted
build	Cache Android SDK	2026-06-06T12:22:55.3254265Z /usr/bin/tar: ../../../../../usr/local/lib/android/sdk/platforms/android-36.1/data/res/values-mcc310-mnc490-is: Cannot change mode to rwxr-xr-x: Operation not permitted
build	Cache Android SDK	2026-06-06T12:22:55.3256824Z /usr/bin/tar: ../../../../../usr/local/lib/android/sdk/platforms/android-36.1/data/res/values-mcc302-mnc720-fi: Cannot utime: Operation not permitted
build	Cache Android SDK	2026-06-06T12:22:55.3257950Z /usr/bin/tar: ../../../../../usr/local/lib/android/sdk/platforms/android-36.1/data/res/values-mcc302-mnc720-fi: Cannot change mode to rwxr-xr-x: Operation not permitted
build	Cache Android SDK	2026-06-06T12:22:55.3260448Z /usr/bin/tar: ../../../../../usr/local/lib/android/sdk/platforms/android-36.1/data/res/values-mcc310-mnc270-mn: Cannot utime: Operation not permitted
build	Cache Android SDK	2026-06-06T12:22:55.3261383Z /usr/bin/tar: ../../../../../usr/local/lib/android/sdk/platforms/android-36.1/data/res/values-mcc310-mnc270-mn: Cannot change mode to rwxr-xr-x: Operation not permitted
build	Cache Android SDK	2026-06-06T12:22:55.3264290Z /usr/bin/tar: ../../../../../usr/local/lib/android/sdk/platforms/android-36.1/data/res/values-mcc312-mnc670-ar: Cannot utime: Operation not permitted
build	Cache Android SDK	2026-06-06T12:22:55.3265226Z /usr/bin/tar: ../../../../../usr/local/lib/android/sdk/platforms/android-36.1/data/res/values-mcc312-mnc670-ar: Cannot change mode to rwxr-xr-x: Operation not permitted
build	Cache Android SDK	2026-06-06T12:22:55.3267313Z /usr/bin/tar: ../../../../../usr/local/lib/android/sdk/platforms/android-36.1/data/res/values-mcc313-mnc100-hu: Cannot utime: Operation not permitted
build	Cache Android SDK	2026-06-06T12:22:55.3268569Z /usr/bin/tar: ../../../../../usr/local/lib/android/sdk/platforms/android-36.1/data/res/values-mcc313-mnc100-hu: Cannot change mode to rwxr-xr-x: Operation not permitted
build	Cache Android SDK	2026-06-06T12:22:55.3270929Z /usr/bin/tar: ../../../../../usr/local/lib/android/sdk/platforms/android-36.1/data/res/values-in-television: Cannot utime: Operation not permitted
build	Cache Android SDK	2026-06-06T12:22:55.3271862Z /usr/bin/tar: ../../../../../usr/local/lib/android/sdk/platforms/android-36.1/data/res/values-in-television: Cannot change mode to rwxr-xr-x: Operation not permitted
build	Cache Android SDK	2026-06-06T12:22:55.3279031Z /usr/bin/tar: ../../../../../usr/local/lib/android/sdk/platforms/android-36.1/data/res/values-or: Cannot utime: Operation not permitted
build	Cache Android SDK	2026-06-06T12:22:55.3280043Z /usr/bin/tar: ../../../../../usr/local/lib/android/sdk/platforms/android-36.1/data/res/values-or: Cannot change mode to rwxr-xr-x: Operation not permitted
build	Cache Android SDK	2026-06-06T12:22:55.3281986Z /usr/bin/tar: ../../../../../usr/local/lib/android/sdk/platforms/android-36.1/data/res/values-mcc310-mnc230-b+sr+Latn: Cannot utime: Operation not permitted
build	Cache Android SDK	2026-06-06T12:22:55.3282972Z /usr/bin/tar: ../../../../../usr/local/lib/android/sdk/platforms/android-36.1/data/res/values-mcc310-mnc230-b+sr+Latn: Cannot change mode to rwxr-xr-x: Operation not permitted
build	Cache Android SDK	2026-06-06T12:22:55.3285633Z /usr/bin/tar: ../../../../../usr/local/lib/android/sdk/platforms/android-36.1/data/res/values-mcc222-mnc10: Cannot utime: Operation not permitted
build	Cache Android SDK	2026-06-06T12:22:55.3286539Z /usr/bin/tar: ../../../../../usr/local/lib/android/sdk/platforms/android-36.1/data/res/values-mcc222-mnc10: Cannot change mode to rwxr-xr-x: Operation not permitted
build	Cache Android SDK	2026-06-06T12:22:55.3289132Z /usr/bin/tar: ../../../../../usr/local/lib/android/sdk/platforms/android-36.1/data/res/values-mcc310-mnc310-ru: Cannot utime: Operation not permitted
build	Cache Android SDK	2026-06-06T12:22:55.3290203Z /usr/bin/tar: ../../../../../usr/local/lib/android/sdk/platforms/android-36.1/data/res/values-mcc310-mnc310-ru: Cannot change mode to rwxr-xr-x: Operation not permitted
build	Cache Android SDK	2026-06-06T12:22:55.3293050Z /usr/bin/tar: ../../../../../usr/local/lib/android/sdk/platforms/android-36.1/data/res/values-mcc310-mnc240-sk: Cannot utime: Operation not permitted
build	Cache Android SDK	2026-06-06T12:22:55.3293995Z /usr/bin/tar: ../../../../../usr/local/lib/android/sdk/platforms/android-36.1/data/res/values-mcc310-mnc240-sk: Cannot change mode to rwxr-xr-x: Operation not permitted
build	Cache Android SDK	2026-06-06T12:22:55.3296346Z /usr/bin/tar: ../../../../../usr/local/lib/android/sdk/platforms/android-36.1/data/res/values-mcc310-mnc210-fa: Cannot utime: Operation not permitted
build	Cache Android SDK	2026-06-06T12:22:55.3297297Z /usr/bin/tar: ../../../../../usr/local/lib/android/sdk/platforms/android-36.1/data/res/values-mcc310-mnc210-fa: Cannot change mode to rwxr-xr-x: Operation not permitted
build	Cache Android SDK	2026-06-06T12:22:55.3299629Z /usr/bin/tar: ../../../../../usr/local/lib/android/sdk/platforms/android-36.1/data/res/values-mcc310-mnc200-et: Cannot utime: Operation not permitted
build	Cache Android SDK	2026-06-06T12:22:55.3300619Z /usr/bin/tar: ../../../../../usr/local/lib/android/sdk/platforms/android-36.1/data/res/values-mcc310-mnc200-et: Cannot change mode to rwxr-xr-x: Operation not permitted
build	Cache Android SDK	2026-06-06T12:22:55.3307538Z /usr/bin/tar: ../../../../../usr/local/lib/android/sdk/platforms/android-36.1/data/res/values-ko: Cannot utime: Operation not permitted
build	Cache Android SDK	2026-06-06T12:22:55.3308836Z /usr/bin/tar: ../../../../../usr/local/lib/android/sdk/platforms/android-36.1/data/res/values-ko: Cannot change mode to rwxr-xr-x: Operation not permitted
build	Cache Android SDK	2026-06-06T12:22:55.3312844Z /usr/bin/tar: ../../../../../usr/local/lib/android/sdk/platforms/android-36.1/data/res/values-en-rAU-television: Cannot utime: Operation not permitted
build	Cache Android SDK	2026-06-06T12:22:55.3313841Z /usr/bin/tar: ../../../../../usr/local/lib/android/sdk/platforms/android-36.1/data/res/values-en-rAU-television: Cannot change mode to rwxr-xr-x: Operation not permitted
build	Cache Android SDK	2026-06-06T12:22:55.3316105Z /usr/bin/tar: ../../../../../usr/local/lib/android/sdk/platforms/android-36.1/data/res/values-hy-watch: Cannot utime: Operation not permitted
build	Cache Android SDK	2026-06-06T12:22:55.3317052Z /usr/bin/tar: ../../../../../usr/local/lib/android/sdk/platforms/android-36.1/data/res/values-hy-watch: Cannot change mode to rwxr-xr-x: Operation not permitted
build	Cache Android SDK	2026-06-06T12:22:55.3319576Z /usr/bin/tar: ../../../../../usr/local/lib/android/sdk/platforms/android-36.1/data/res/values-mcc311-mnc180-kn: Cannot utime: Operation not permitted
build	Cache Android SDK	2026-06-06T12:22:55.3320544Z /usr/bin/tar: ../../../../../usr/local/lib/android/sdk/platforms/android-36.1/data/res/values-mcc311-mnc180-kn: Cannot change mode to rwxr-xr-x: Operation not permitted
build	Cache Android SDK	2026-06-06T12:22:55.3322693Z /usr/bin/tar: ../../../../../usr/local/lib/android/sdk/platforms/android-36.1/data/res/values-mcc310-mnc210-pl: Cannot utime: Operation not permitted
build	Cache Android SDK	2026-06-06T12:22:55.3323660Z /usr/bin/tar: ../../../../../usr/local/lib/android/sdk/platforms/android-36.1/data/res/values-mcc310-mnc210-pl: Cannot change mode to rwxr-xr-x: Operation not permitted
build	Cache Android SDK	2026-06-06T12:22:55.3325673Z /usr/bin/tar: ../../../../../usr/local/lib/android/sdk/platforms/android-36.1/data/res/values-mcc310-mnc230-is: Cannot utime: Operation not permitted
build	Cache Android SDK	2026-06-06T12:22:55.3326642Z /usr/bin/tar: ../../../../../usr/local/lib/android/sdk/platforms/android-36.1/data/res/values-mcc310-mnc230-is: Cannot change mode to rwxr-xr-x: Operation not permitted
build	Cache Android SDK	2026-06-06T12:22:55.3328715Z /usr/bin/tar: ../../../../../usr/local/lib/android/sdk/platforms/android-36.1/data/res/values-mcc712-mnc04: Cannot utime: Operation not permitted
build	Cache Android SDK	2026-06-06T12:22:55.3329720Z /usr/bin/tar: ../../../../../usr/local/lib/android/sdk/platforms/android-36.1/data/res/values-mcc712-mnc04: Cannot change mode to rwxr-xr-x: Operation not permitted
build	Cache Android SDK	2026-06-06T12:22:55.3335469Z /usr/bin/tar: ../../../../../usr/local/lib/android/sdk/platforms/android-36.1/data/res/values-mcc310-mnc490-ur: Cannot utime: Operation not permitted
build	Cache Android SDK	2026-06-06T12:22:55.3336786Z /usr/bin/tar: ../../../../../usr/local/lib/android/sdk/platforms/android-36.1/data/res/values-mcc310-mnc490-ur: Cannot change mode to rwxr-xr-x: Operation not permitted
build	Cache Android SDK	2026-06-06T12:22:55.3338448Z /usr/bin/tar: ../../../../../usr/local/lib/android/sdk/platforms/android-36.1/data/res/values-mcc311-mnc180-sl: Cannot utime: Operation not permitted
build	Cache Android SDK	2026-06-06T12:22:55.3340192Z /usr/bin/tar: ../../../../../usr/local/lib/android/sdk/platforms/android-36.1/data/res/values-mcc311-mnc180-sl: Cannot change mode to rwxr-xr-x: Operation not permitted
build	Cache Android SDK	2026-06-06T12:22:55.3342045Z /usr/bin/tar: ../../../../../usr/local/lib/android/sdk/platforms/android-36.1/data/res/values-mcc310-mnc170-mk: Cannot utime: Operation not permitted
build	Cache Android SDK	2026-06-06T12:22:55.3343034Z /usr/bin/tar: ../../../../../usr/local/lib/android/sdk/platforms/android-36.1/data/res/values-mcc310-mnc170-mk: Cannot change mode to rwxr-xr-x: Operation not permitted
build	Cache Android SDK	2026-06-06T12:22:55.3346012Z /usr/bin/tar: ../../../../../usr/local/lib/android/sdk/platforms/android-36.1/data/res/values-mcc310-mnc950-th: Cannot utime: Operation not permitted
build	Cache Android SDK	2026-06-06T12:22:55.3347635Z /usr/bin/tar: ../../../../../usr/local/lib/android/sdk/platforms/android-36.1/data/res/values-mcc310-mnc950-th: Cannot change mode to rwxr-xr-x: Operation not permitted
build	Cache Android SDK	2026-06-06T12:22:55.3349822Z /usr/bin/tar: ../../../../../usr/local/lib/android/sdk/platforms/android-36.1/data/res/values-mcc310-mnc660-nb: Cannot utime: Operation not permitted
build	Cache Android SDK	2026-06-06T12:22:55.3350792Z /usr/bin/tar: ../../../../../usr/local/lib/android/sdk/platforms/android-36.1/data/res/values-mcc310-mnc660-nb: Cannot change mode to rwxr-xr-x: Operation not permitted
build	Cache Android SDK	2026-06-06T12:22:55.3353156Z /usr/bin/tar: ../../../../../usr/local/lib/android/sdk/platforms/android-36.1/data/res/values-mcc310-mnc030-pa: Cannot utime: Operation not permitted
build	Cache Android SDK	2026-06-06T12:22:55.3354280Z /usr/bin/tar: ../../../../../usr/local/lib/android/sdk/platforms/android-36.1/data/res/values-mcc310-mnc030-pa: Cannot change mode to rwxr-xr-x: Operation not permitted
build	Cache Android SDK	2026-06-06T12:22:55.3355842Z /usr/bin/tar: ../../../../../usr/local/lib/android/sdk/platforms/android-36.1/data/res/values-gu-watch: Cannot utime: Operation not permitted
build	Cache Android SDK	2026-06-06T12:22:55.3356874Z /usr/bin/tar: ../../../../../usr/local/lib/android/sdk/platforms/android-36.1/data/res/values-gu-watch: Cannot change mode to rwxr-xr-x: Operation not permitted
build	Cache Android SDK	2026-06-06T12:22:55.3358694Z /usr/bin/tar: ../../../../../usr/local/lib/android/sdk/platforms/android-36.1/data/res/values-mcc310-mnc660-si: Cannot utime: Operation not permitted
build	Cache Android SDK	2026-06-06T12:22:55.3359694Z /usr/bin/tar: ../../../../../usr/local/lib/android/sdk/platforms/android-36.1/data/res/values-mcc310-mnc660-si: Cannot change mode to rwxr-xr-x: Operation not permitted
build	Cache Android SDK	2026-06-06T12:22:55.3361720Z /usr/bin/tar: ../../../../../usr/local/lib/android/sdk/platforms/android-36.1/data/res/values-mcc310-mnc380-eu: Cannot utime: Operation not permitted
build	Cache Android SDK	2026-06-06T12:22:55.3362739Z /usr/bin/tar: ../../../../../usr/local/lib/android/sdk/platforms/android-36.1/data/res/values-mcc310-mnc380-eu: Cannot change mode to rwxr-xr-x: Operation not permitted
build	Cache Android SDK	2026-06-06T12:22:55.3364507Z /usr/bin/tar: ../../../../../usr/local/lib/android/sdk/platforms/android-36.1/data/res/values-mcc334-mnc020-pa: Cannot utime: Operation not permitted
build	Cache Android SDK	2026-06-06T12:22:55.3365624Z /usr/bin/tar: ../../../../../usr/local/lib/android/sdk/platforms/android-36.1/data/res/values-mcc334-mnc020-pa: Cannot change mode to rwxr-xr-x: Operation not permitted
build	Cache Android SDK	2026-06-06T12:22:55.3367314Z /usr/bin/tar: ../../../../../usr/local/lib/android/sdk/platforms/android-36.1/data/res/values-mcc310-mnc560-fr: Cannot utime: Operation not permitted
build	Cache Android SDK	2026-06-06T12:22:55.3368453Z /usr/bin/tar: ../../../../../usr/local/lib/android/sdk/platforms/android-36.1/data/res/values-mcc310-mnc560-fr: Cannot change mode to rwxr-xr-x: Operation not permitted
build	Cache Android SDK	2026-06-06T12:22:55.3370946Z /usr/bin/tar: ../../../../../usr/local/lib/android/sdk/platforms/android-36.1/data/res/values-mcc334-mnc020-pt-rBR: Cannot utime: Operation not permitted
build	Cache Android SDK	2026-06-06T12:22:55.3372306Z /usr/bin/tar: ../../../../../usr/local/lib/android/sdk/platforms/android-36.1/data/res/values-mcc334-mnc020-pt-rBR: Cannot change mode to rwxr-xr-x: Operation not permitted
build	Cache Android SDK	2026-06-06T12:22:55.3374006Z /usr/bin/tar: ../../../../../usr/local/lib/android/sdk/platforms/android-36.1/data/res/values-mcc313-mnc100-ur: Cannot utime: Operation not permitted
build	Cache Android SDK	2026-06-06T12:22:55.3375045Z /usr/bin/tar: ../../../../../usr/local/lib/android/sdk/platforms/android-36.1/data/res/values-mcc313-mnc100-ur: Cannot change mode to rwxr-xr-x: Operation not permitted
build	Cache Android SDK	2026-06-06T12:22:55.3376597Z /usr/bin/tar: ../../../../../usr/local/lib/android/sdk/platforms/android-36.1/data/res/values-mcc310-mnc230-ml: Cannot utime: Operation not permitted
build	Cache Android SDK	2026-06-06T12:22:55.3377873Z /usr/bin/tar: ../../../../../usr/local/lib/android/sdk/platforms/android-36.1/data/res/values-mcc310-mnc230-ml: Cannot change mode to rwxr-xr-x: Operation not permitted
build	Cache Android SDK	2026-06-06T12:22:55.3380318Z /usr/bin/tar: ../../../../../usr/local/lib/android/sdk/platforms/android-36.1/data/res/values-sr-rRS: Cannot utime: Operation not permitted
build	Cache Android SDK	2026-06-06T12:22:55.3381237Z /usr/bin/tar: ../../../../../usr/local/lib/android/sdk/platforms/android-36.1/data/res/values-sr-rRS: Cannot change mode to rwxr-xr-x: Operation not permitted
build	Cache Android SDK	2026-06-06T12:22:55.3383400Z /usr/bin/tar: ../../../../../usr/local/lib/android/sdk/platforms/android-36.1/data/res/values-mcc310-mnc160-cs: Cannot utime: Operation not permitted
build	Cache Android SDK	2026-06-06T12:22:55.3384591Z /usr/bin/tar: ../../../../../usr/local/lib/android/sdk/platforms/android-36.1/data/res/values-mcc310-mnc160-cs: Cannot change mode to rwxr-xr-x: Operation not permitted
build	Cache Android SDK	2026-06-06T12:22:55.3386216Z /usr/bin/tar: ../../../../../usr/local/lib/android/sdk/platforms/android-36.1/data/res/values-mcc240-mnc01: Cannot utime: Operation not permitted
build	Cache Android SDK	2026-06-06T12:22:55.3387178Z /usr/bin/tar: ../../../../../usr/local/lib/android/sdk/platforms/android-36.1/data/res/values-mcc240-mnc01: Cannot change mode to rwxr-xr-x: Operation not permitted
build	Cache Android SDK	2026-06-06T12:22:55.3389904Z /usr/bin/tar: ../../../../../usr/local/lib/android/sdk/platforms/android-36.1/data/res/values-mcc310-mnc800-fr: Cannot utime: Operation not permitted
build	Cache Android SDK	2026-06-06T12:22:55.3390921Z /usr/bin/tar: ../../../../../usr/local/lib/android/sdk/platforms/android-36.1/data/res/values-mcc310-mnc800-fr: Cannot change mode to rwxr-xr-x: Operation not permitted
build	Cache Android SDK	2026-06-06T12:22:55.3392707Z /usr/bin/tar: ../../../../../usr/local/lib/android/sdk/platforms/android-36.1/data/res/values-mcc310-mnc490-pt-rPT: Cannot utime: Operation not permitted
build	Cache Android SDK	2026-06-06T12:22:55.3393717Z /usr/bin/tar: ../../../../../usr/local/lib/android/sdk/platforms/android-36.1/data/res/values-mcc310-mnc490-pt-rPT: Cannot change mode to rwxr-xr-x: Operation not permitted
build	Cache Android SDK	2026-06-06T12:22:55.3396255Z /usr/bin/tar: ../../../../../usr/local/lib/android/sdk/platforms/android-36.1/data/res/values-mcc310-mnc160-bn: Cannot utime: Operation not permitted
build	Cache Android SDK	2026-06-06T12:22:55.3397282Z /usr/bin/tar: ../../../../../usr/local/lib/android/sdk/platforms/android-36.1/data/res/values-mcc310-mnc160-bn: Cannot change mode to rwxr-xr-x: Operation not permitted
build	Cache Android SDK	2026-06-06T12:22:55.3403556Z /usr/bin/tar: ../../../../../usr/local/lib/android/sdk/platforms/android-36.1/data/res/values-in: Cannot utime: Operation not permitted
build	Cache Android SDK	2026-06-06T12:22:55.3404448Z /usr/bin/tar: ../../../../../usr/local/lib/android/sdk/platforms/android-36.1/data/res/values-in: Cannot change mode to rwxr-xr-x: Operation not permitted
build	Cache Android SDK	2026-06-06T12:22:55.3406714Z /usr/bin/tar: ../../../../../usr/local/lib/android/sdk/platforms/android-36.1/data/res/values-mcc310-mnc220-kn: Cannot utime: Operation not permitted
build	Cache Android SDK	2026-06-06T12:22:55.3407889Z /usr/bin/tar: ../../../../../usr/local/lib/android/sdk/platforms/android-36.1/data/res/values-mcc310-mnc220-kn: Cannot change mode to rwxr-xr-x: Operation not permitted
build	Cache Android SDK	2026-06-06T12:22:55.3409617Z /usr/bin/tar: ../../../../../usr/local/lib/android/sdk/platforms/android-36.1/data/res/values-mcc214: Cannot utime: Operation not permitted
build	Cache Android SDK	2026-06-06T12:22:55.3410578Z /usr/bin/tar: ../../../../../usr/local/lib/android/sdk/platforms/android-36.1/data/res/values-mcc214: Cannot change mode to rwxr-xr-x: Operation not permitted
build	Cache Android SDK	2026-06-06T12:22:55.3412963Z /usr/bin/tar: ../../../../../usr/local/lib/android/sdk/platforms/android-36.1/data/res/values-mcc310-mnc660-zh-rTW: Cannot utime: Operation not permitted
build	Cache Android SDK	2026-06-06T12:22:55.3413925Z /usr/bin/tar: ../../../../../usr/local/lib/android/sdk/platforms/android-36.1/data/res/values-mcc310-mnc660-zh-rTW: Cannot change mode to rwxr-xr-x: Operation not permitted
build	Cache Android SDK	2026-06-06T12:22:55.3416595Z /usr/bin/tar: ../../../../../usr/local/lib/android/sdk/platforms/android-36.1/data/res/values-is-television: Cannot utime: Operation not permitted
build	Cache Android SDK	2026-06-06T12:22:55.3418197Z /usr/bin/tar: ../../../../../usr/local/lib/android/sdk/platforms/android-36.1/data/res/values-is-television: Cannot change mode to rwxr-xr-x: Operation not permitted
build	Cache Android SDK	2026-06-06T12:22:55.3424953Z /usr/bin/tar: ../../../../../usr/local/lib/android/sdk/platforms/android-36.1/data/res/values-en-rIN: Cannot utime: Operation not permitted
build	Cache Android SDK	2026-06-06T12:22:55.3426574Z /usr/bin/tar: ../../../../../usr/local/lib/android/sdk/platforms/android-36.1/data/res/values-en-rIN: Cannot change mode to rwxr-xr-x: Operation not permitted
build	Cache Android SDK	2026-06-06T12:22:55.3427820Z /usr/bin/tar: ../../../../../usr/local/lib/android/sdk/platforms/android-36.1/data/res/values-sw-watch: Cannot utime: Operation not permitted
build	Cache Android SDK	2026-06-06T12:22:55.3428748Z /usr/bin/tar: ../../../../../usr/local/lib/android/sdk/platforms/android-36.1/data/res/values-sw-watch: Cannot change mode to rwxr-xr-x: Operation not permitted
build	Cache Android SDK	2026-06-06T12:22:55.3430609Z /usr/bin/tar: ../../../../../usr/local/lib/android/sdk/platforms/android-36.1/data/res/values-mcc310-mnc270-sv: Cannot utime: Operation not permitted
build	Cache Android SDK	2026-06-06T12:22:55.3431657Z /usr/bin/tar: ../../../../../usr/local/lib/android/sdk/platforms/android-36.1/data/res/values-mcc310-mnc270-sv: Cannot change mode to rwxr-xr-x: Operation not permitted
build	Cache Android SDK	2026-06-06T12:22:55.3433580Z /usr/bin/tar: ../../../../../usr/local/lib/android/sdk/platforms/android-36.1/data/res/values-mcc310-mnc490-bg: Cannot utime: Operation not permitted
build	Cache Android SDK	2026-06-06T12:22:55.3434618Z /usr/bin/tar: ../../../../../usr/local/lib/android/sdk/platforms/android-36.1/data/res/values-mcc310-mnc490-bg: Cannot change mode to rwxr-xr-x: Operation not permitted
build	Cache Android SDK	2026-06-06T12:22:55.3438138Z /usr/bin/tar: ../../../../../usr/local/lib/android/sdk/platforms/android-36.1/data/res/values-mcc466-mnc11: Cannot utime: Operation not permitted
build	Cache Android SDK	2026-06-06T12:22:55.3439095Z /usr/bin/tar: ../../../../../usr/local/lib/android/sdk/platforms/android-36.1/data/res/values-mcc466-mnc11: Cannot change mode to rwxr-xr-x: Operation not permitted
build	Cache Android SDK	2026-06-06T12:22:55.3441707Z /usr/bin/tar: ../../../../../usr/local/lib/android/sdk/platforms/android-36.1/data/res/values-mcc310-mnc200-my: Cannot utime: Operation not permitted
build	Cache Android SDK	2026-06-06T12:22:55.3442668Z /usr/bin/tar: ../../../../../usr/local/lib/android/sdk/platforms/android-36.1/data/res/values-mcc310-mnc200-my: Cannot change mode to rwxr-xr-x: Operation not permitted
build	Cache Android SDK	2026-06-06T12:22:55.3444884Z /usr/bin/tar: ../../../../../usr/local/lib/android/sdk/platforms/android-36.1/data/res/values-mcc310-mnc210-ka: Cannot utime: Operation not permitted
build	Cache Android SDK	2026-06-06T12:22:55.3445843Z /usr/bin/tar: ../../../../../usr/local/lib/android/sdk/platforms/android-36.1/data/res/values-mcc310-mnc210-ka: Cannot change mode to rwxr-xr-x: Operation not permitted
build	Cache Android SDK	2026-06-06T12:22:55.3518458Z /usr/bin/tar: ../../../../../usr/local/lib/android/sdk/platforms/android-36.1/data/res/anim: Cannot utime: Operation not permitted
build	Cache Android SDK	2026-06-06T12:22:55.3519599Z /usr/bin/tar: ../../../../../usr/local/lib/android/sdk/platforms/android-36.1/data/res/anim: Cannot change mode to rwxr-xr-x: Operation not permitted
build	Cache Android SDK	2026-06-06T12:22:55.3521505Z /usr/bin/tar: ../../../../../usr/local/lib/android/sdk/platforms/android-36.1/data/res/values-mcc310-mnc560-sw: Cannot utime: Operation not permitted
build	Cache Android SDK	2026-06-06T12:22:55.3522574Z /usr/bin/tar: ../../../../../usr/local/lib/android/sdk/platforms/android-36.1/data/res/values-mcc310-mnc560-sw: Cannot change mode to rwxr-xr-x: Operation not permitted
build	Cache Android SDK	2026-06-06T12:22:55.3525409Z /usr/bin/tar: ../../../../../usr/local/lib/android/sdk/platforms/android-36.1/data/res/values-mcc310-mnc270-ka: Cannot utime: Operation not permitted
build	Cache Android SDK	2026-06-06T12:22:55.3526471Z /usr/bin/tar: ../../../../../usr/local/lib/android/sdk/platforms/android-36.1/data/res/values-mcc310-mnc270-ka: Cannot change mode to rwxr-xr-x: Operation not permitted
build	Cache Android SDK	2026-06-06T12:22:55.3529369Z /usr/bin/tar: ../../../../../usr/local/lib/android/sdk/platforms/android-36.1/data/res/values-mcc334-mnc020-af: Cannot utime: Operation not permitted
build	Cache Android SDK	2026-06-06T12:22:55.3530421Z /usr/bin/tar: ../../../../../usr/local/lib/android/sdk/platforms/android-36.1/data/res/values-mcc334-mnc020-af: Cannot change mode to rwxr-xr-x: Operation not permitted
build	Cache Android SDK	2026-06-06T12:22:55.3533443Z /usr/bin/tar: ../../../../../usr/local/lib/android/sdk/platforms/android-36.1/data/res/values-mcc310-mnc560-el: Cannot utime: Operation not permitted
build	Cache Android SDK	2026-06-06T12:22:55.3534474Z /usr/bin/tar: ../../../../../usr/local/lib/android/sdk/platforms/android-36.1/data/res/values-mcc310-mnc560-el: Cannot change mode to rwxr-xr-x: Operation not permitted
build	Cache Android SDK	2026-06-06T12:22:55.3539704Z /usr/bin/tar: ../../../../../usr/local/lib/android/sdk/platforms/android-36.1/data/res/layout-xlarge: Cannot utime: Operation not permitted
build	Cache Android SDK	2026-06-06T12:22:55.3540601Z /usr/bin/tar: ../../../../../usr/local/lib/android/sdk/platforms/android-36.1/data/res/layout-xlarge: Cannot change mode to rwxr-xr-x: Operation not permitted
build	Cache Android SDK	2026-06-06T12:22:55.3543523Z /usr/bin/tar: ../../../../../usr/local/lib/android/sdk/platforms/android-36.1/data/res/values-mcc001-mnc01-bn: Cannot utime: Operation not permitted
build	Cache Android SDK	2026-06-06T12:22:55.3545618Z /usr/bin/tar: ../../../../../usr/local/lib/android/sdk/platforms/android-36.1/data/res/values-mcc001-mnc01-bn: Cannot change mode to rwxr-xr-x: Operation not permitted
build	Cache Android SDK	2026-06-06T12:22:55.3546925Z /usr/bin/tar: ../../../../../usr/local/lib/android/sdk/platforms/android-36.1/data/res/values-mcc310-mnc270-zh-rCN: Cannot utime: Operation not permitted
build	Cache Android SDK	2026-06-06T12:22:55.3548274Z /usr/bin/tar: ../../../../../usr/local/lib/android/sdk/platforms/android-36.1/data/res/values-mcc310-mnc270-zh-rCN: Cannot change mode to rwxr-xr-x: Operation not permitted
build	Cache Android SDK	2026-06-06T12:22:55.3550017Z /usr/bin/tar: ../../../../../usr/local/lib/android/sdk/platforms/android-36.1/data/res/values-mcc302-mnc370-zu: Cannot utime: Operation not permitted
build	Cache Android SDK	2026-06-06T12:22:55.3550995Z /usr/bin/tar: ../../../../../usr/local/lib/android/sdk/platforms/android-36.1/data/res/values-mcc302-mnc370-zu: Cannot change mode to rwxr-xr-x: Operation not permitted
build	Cache Android SDK	2026-06-06T12:22:55.3553562Z /usr/bin/tar: ../../../../../usr/local/lib/android/sdk/platforms/android-36.1/data/res/values-mcc310-mnc210-ne: Cannot utime: Operation not permitted
build	Cache Android SDK	2026-06-06T12:22:55.3554655Z /usr/bin/tar: ../../../../../usr/local/lib/android/sdk/platforms/android-36.1/data/res/values-mcc310-mnc210-ne: Cannot change mode to rwxr-xr-x: Operation not permitted
build	Cache Android SDK	2026-06-06T12:22:55.3556378Z /usr/bin/tar: ../../../../../usr/local/lib/android/sdk/platforms/android-36.1/data/res/values-mcc302-mnc370-en-rIN: Cannot utime: Operation not permitted
build	Cache Android SDK	2026-06-06T12:22:55.3557775Z /usr/bin/tar: ../../../../../usr/local/lib/android/sdk/platforms/android-36.1/data/res/values-mcc302-mnc370-en-rIN: Cannot change mode to rwxr-xr-x: Operation not permitted
build	Cache Android SDK	2026-06-06T12:22:55.3559523Z /usr/bin/tar: ../../../../../usr/local/lib/android/sdk/platforms/android-36.1/data/res/values-ky-television: Cannot utime: Operation not permitted
build	Cache Android SDK	2026-06-06T12:22:55.3574519Z /usr/bin/tar: ../../../../../usr/local/lib/android/sdk/platforms/android-36.1/data/res/values-ky-television: Cannot change mode to rwxr-xr-x: Operation not permitted
build	Cache Android SDK	2026-06-06T12:22:55.3576573Z /usr/bin/tar: ../../../../../usr/local/lib/android/sdk/platforms/android-36.1/data/res/values-mcc310-mnc210-ms: Cannot utime: Operation not permitted
build	Cache Android SDK	2026-06-06T12:22:55.3578204Z /usr/bin/tar: ../../../../../usr/local/lib/android/sdk/platforms/android-36.1/data/res/values-mcc310-mnc210-ms: Cannot change mode to rwxr-xr-x: Operation not permitted
build	Cache Android SDK	2026-06-06T12:22:55.3579712Z /usr/bin/tar: ../../../../../usr/local/lib/android/sdk/platforms/android-36.1/data/res/values-mcc310-mnc210-hi: Cannot utime: Operation not permitted
build	Cache Android SDK	2026-06-06T12:22:55.3580992Z /usr/bin/tar: ../../../../../usr/local/lib/android/sdk/platforms/android-36.1/data/res/values-mcc310-mnc210-hi: Cannot change mode to rwxr-xr-x: Operation not permitted
build	Cache Android SDK	2026-06-06T12:22:55.3581905Z /usr/bin/tar: ../../../../../usr/local/lib/android/sdk/platforms/android-36.1/data/res/values-mcc310-mnc210-is: Cannot utime: Operation not permitted
build	Cache Android SDK	2026-06-06T12:22:55.3583675Z /usr/bin/tar: ../../../../../usr/local/lib/android/sdk/platforms/android-36.1/data/res/values-mcc310-mnc210-is: Cannot change mode to rwxr-xr-x: Operation not permitted
build	Cache Android SDK	2026-06-06T12:22:55.3584656Z /usr/bin/tar: ../../../../../usr/local/lib/android/sdk/platforms/android-36.1/data/res/values-mcc312-mnc670-tl: Cannot utime: Operation not permitted
build	Cache Android SDK	2026-06-06T12:22:55.3585898Z /usr/bin/tar: ../../../../../usr/local/lib/android/sdk/platforms/android-36.1/data/res/values-mcc312-mnc670-tl: Cannot change mode to rwxr-xr-x: Operation not permitted
build	Cache Android SDK	2026-06-06T12:22:55.3587536Z /usr/bin/tar: ../../../../../usr/local/lib/android/sdk/platforms/android-36.1/data/res/values-mcc310-mnc950-pa: Cannot utime: Operation not permitted
build	Cache Android SDK	2026-06-06T12:22:55.3588525Z /usr/bin/tar: ../../../../../usr/local/lib/android/sdk/platforms/android-36.1/data/res/values-mcc310-mnc950-pa: Cannot change mode to rwxr-xr-x: Operation not permitted
build	Cache Android SDK	2026-06-06T12:22:55.3589914Z /usr/bin/tar: ../../../../../usr/local/lib/android/sdk/platforms/android-36.1/data/res/values-mcc310-mnc660-be: Cannot utime: Operation not permitted
build	Cache Android SDK	2026-06-06T12:22:55.3591155Z /usr/bin/tar: ../../../../../usr/local/lib/android/sdk/platforms/android-36.1/data/res/values-mcc310-mnc660-be: Cannot change mode to rwxr-xr-x: Operation not permitted
build	Cache Android SDK	2026-06-06T12:22:55.3592084Z /usr/bin/tar: ../../../../../usr/local/lib/android/sdk/platforms/android-36.1/data/res/values-de-masculine: Cannot utime: Operation not permitted
build	Cache Android SDK	2026-06-06T12:22:55.3593462Z /usr/bin/tar: ../../../../../usr/local/lib/android/sdk/platforms/android-36.1/data/res/values-de-masculine: Cannot change mode to rwxr-xr-x: Operation not permitted
build	Cache Android SDK	2026-06-06T12:22:55.3594780Z /usr/bin/tar: ../../../../../usr/local/lib/android/sdk/platforms/android-36.1/data/res/values-mcc310-mnc250-el: Cannot utime: Operation not permitted
build	Cache Android SDK	2026-06-06T12:22:55.3595704Z /usr/bin/tar: ../../../../../usr/local/lib/android/sdk/platforms/android-36.1/data/res/values-mcc310-mnc250-el: Cannot change mode to rwxr-xr-x: Operation not permitted
build	Cache Android SDK	2026-06-06T12:22:55.3597587Z /usr/bin/tar: ../../../../../usr/local/lib/android/sdk/platforms/android-36.1/data/res/values-mcc310-mnc160-az: Cannot utime: Operation not permitted
build	Cache Android SDK	2026-06-06T12:22:55.3598677Z /usr/bin/tar: ../../../../../usr/local/lib/android/sdk/platforms/android-36.1/data/res/values-mcc310-mnc160-az: Cannot change mode to rwxr-xr-x: Operation not permitted
build	Cache Android SDK	2026-06-06T12:22:55.3600031Z /usr/bin/tar: ../../../../../usr/local/lib/android/sdk/platforms/android-36.1/data/res/values-mcc312-mnc670-sl: Cannot utime: Operation not permitted
build	Cache Android SDK	2026-06-06T12:22:55.3601311Z /usr/bin/tar: ../../../../../usr/local/lib/android/sdk/platforms/android-36.1/data/res/values-mcc312-mnc670-sl: Cannot change mode to rwxr-xr-x: Operation not permitted
build	Cache Android SDK	2026-06-06T12:22:55.3602791Z /usr/bin/tar: ../../../../../usr/local/lib/android/sdk/platforms/android-36.1/data/res/values-mcc312-mnc670: Cannot utime: Operation not permitted
build	Cache Android SDK	2026-06-06T12:22:55.3604425Z /usr/bin/tar: ../../../../../usr/local/lib/android/sdk/platforms/android-36.1/data/res/values-mcc312-mnc670: Cannot change mode to rwxr-xr-x: Operation not permitted
build	Cache Android SDK	2026-06-06T12:22:55.3605821Z /usr/bin/tar: ../../../../../usr/local/lib/android/sdk/platforms/android-36.1/data/res/values-mcc310-mnc380-en-rAU: Cannot utime: Operation not permitted
build	Cache Android SDK	2026-06-06T12:22:55.3607564Z /usr/bin/tar: ../../../../../usr/local/lib/android/sdk/platforms/android-36.1/data/res/values-mcc310-mnc380-en-rAU: Cannot change mode to rwxr-xr-x: Operation not permitted
build	Cache Android SDK	2026-06-06T12:22:55.3608765Z /usr/bin/tar: ../../../../../usr/local/lib/android/sdk/platforms/android-36.1/data/res/values-mcc310-mnc200-sl: Cannot utime: Operation not permitted
build	Cache Android SDK	2026-06-06T12:22:55.3609692Z /usr/bin/tar: ../../../../../usr/local/lib/android/sdk/platforms/android-36.1/data/res/values-mcc310-mnc200-sl: Cannot change mode to rwxr-xr-x: Operation not permitted
build	Cache Android SDK	2026-06-06T12:22:55.3611364Z /usr/bin/tar: ../../../../../usr/local/lib/android/sdk/platforms/android-36.1/data/res/values-mcc310-mnc250-sk: Cannot utime: Operation not permitted
build	Cache Android SDK	2026-06-06T12:22:55.3612470Z /usr/bin/tar: ../../../../../usr/local/lib/android/sdk/platforms/android-36.1/data/res/values-mcc310-mnc250-sk: Cannot change mode to rwxr-xr-x: Operation not permitted
build	Cache Android SDK	2026-06-06T12:22:55.3613589Z /usr/bin/tar: ../../../../../usr/local/lib/android/sdk/platforms/android-36.1/data/res/values-mcc310-mnc280-en-rXC: Cannot utime: Operation not permitted
build	Cache Android SDK	2026-06-06T12:22:55.3615240Z /usr/bin/tar: ../../../../../usr/local/lib/android/sdk/platforms/android-36.1/data/res/values-mcc310-mnc280-en-rXC: Cannot change mode to rwxr-xr-x: Operation not permitted
build	Cache Android SDK	2026-06-06T12:22:55.3616205Z /usr/bin/tar: ../../../../../usr/local/lib/android/sdk/platforms/android-36.1/data/res/values-mcc310-mnc230-zh-rCN: Cannot utime: Operation not permitted
build	Cache Android SDK	2026-06-06T12:22:55.3617157Z /usr/bin/tar: ../../../../../usr/local/lib/android/sdk/platforms/android-36.1/data/res/values-mcc310-mnc230-zh-rCN: Cannot change mode to rwxr-xr-x: Operation not permitted
build	Cache Android SDK	2026-06-06T12:22:55.3619455Z /usr/bin/tar: ../../../../../usr/local/lib/android/sdk/platforms/android-36.1/data/res/values-mcc310-mnc220-sw: Cannot utime: Operation not permitted
build	Cache Android SDK	2026-06-06T12:22:55.3620411Z /usr/bin/tar: ../../../../../usr/local/lib/android/sdk/platforms/android-36.1/data/res/values-mcc310-mnc220-sw: Cannot change mode to rwxr-xr-x: Operation not permitted
build	Cache Android SDK	2026-06-06T12:22:55.3623224Z /usr/bin/tar: ../../../../../usr/local/lib/android/sdk/platforms/android-36.1/data/res/values-mcc310-mnc170-b+sr+Latn: Cannot utime: Operation not permitted
build	Cache Android SDK	2026-06-06T12:22:55.3624475Z /usr/bin/tar: ../../../../../usr/local/lib/android/sdk/platforms/android-36.1/data/res/values-mcc310-mnc170-b+sr+Latn: Cannot change mode to rwxr-xr-x: Operation not permitted
build	Cache Android SDK	2026-06-06T12:22:55.3626104Z /usr/bin/tar: ../../../../../usr/local/lib/android/sdk/platforms/android-36.1/data/res/values-sw720dp-port: Cannot utime: Operation not permitted
build	Cache Android SDK	2026-06-06T12:22:55.3627026Z /usr/bin/tar: ../../../../../usr/local/lib/android/sdk/platforms/android-36.1/data/res/values-sw720dp-port: Cannot change mode to rwxr-xr-x: Operation not permitted
build	Cache Android SDK	2026-06-06T12:22:55.3629868Z /usr/bin/tar: ../../../../../usr/local/lib/android/sdk/platforms/android-36.1/data/res/values-mcc310-mnc030-si: Cannot utime: Operation not permitted
build	Cache Android SDK	2026-06-06T12:22:55.3630917Z /usr/bin/tar: ../../../../../usr/local/lib/android/sdk/platforms/android-36.1/data/res/values-mcc310-mnc030-si: Cannot change mode to rwxr-xr-x: Operation not permitted
build	Cache Android SDK	2026-06-06T12:22:55.3632780Z /usr/bin/tar: ../../../../../usr/local/lib/android/sdk/platforms/android-36.1/data/res/values-mcc310-mnc150-is: Cannot utime: Operation not permitted
build	Cache Android SDK	2026-06-06T12:22:55.3633704Z /usr/bin/tar: ../../../../../usr/local/lib/android/sdk/platforms/android-36.1/data/res/values-mcc310-mnc150-is: Cannot change mode to rwxr-xr-x: Operation not permitted
build	Cache Android SDK	2026-06-06T12:22:55.3636426Z /usr/bin/tar: ../../../../../usr/local/lib/android/sdk/platforms/android-36.1/data/res/values-mcc310-mnc030-tl: Cannot utime: Operation not permitted
build	Cache Android SDK	2026-06-06T12:22:55.3637769Z /usr/bin/tar: ../../../../../usr/local/lib/android/sdk/platforms/android-36.1/data/res/values-mcc310-mnc030-tl: Cannot change mode to rwxr-xr-x: Operation not permitted
build	Cache Android SDK	2026-06-06T12:22:55.3639350Z /usr/bin/tar: ../../../../../usr/local/lib/android/sdk/platforms/android-36.1/data/res/values-mcc310-mnc490-af: Cannot utime: Operation not permitted
build	Cache Android SDK	2026-06-06T12:22:55.3640349Z /usr/bin/tar: ../../../../../usr/local/lib/android/sdk/platforms/android-36.1/data/res/values-mcc310-mnc490-af: Cannot change mode to rwxr-xr-x: Operation not permitted
build	Cache Android SDK	2026-06-06T12:22:55.3644560Z /usr/bin/tar: ../../../../../usr/local/lib/android/sdk/platforms/android-36.1/data/res/values-mcc313-mnc100-el: Cannot utime: Operation not permitted
build	Cache Android SDK	2026-06-06T12:22:55.3646206Z /usr/bin/tar: ../../../../../usr/local/lib/android/sdk/platforms/android-36.1/data/res/values-mcc313-mnc100-el: Cannot change mode to rwxr-xr-x: Operation not permitted
build	Cache Android SDK	2026-06-06T12:22:55.3647288Z /usr/bin/tar: ../../../../../usr/local/lib/android/sdk/platforms/android-36.1/data/res/values-mcc310-mnc220-pt-rBR: Cannot utime: Operation not permitted
build	Cache Android SDK	2026-06-06T12:22:55.3649137Z /usr/bin/tar: ../../../../../usr/local/lib/android/sdk/platforms/android-36.1/data/res/values-mcc310-mnc220-pt-rBR: Cannot change mode to rwxr-xr-x: Operation not permitted
build	Cache Android SDK	2026-06-06T12:22:55.3650380Z /usr/bin/tar: ../../../../../usr/local/lib/android/sdk/platforms/android-36.1/data/res/values-mcc310-mnc240-te: Cannot utime: Operation not permitted
build	Cache Android SDK	2026-06-06T12:22:55.3651566Z /usr/bin/tar: ../../../../../usr/local/lib/android/sdk/platforms/android-36.1/data/res/values-mcc310-mnc240-te: Cannot change mode to rwxr-xr-x: Operation not permitted
build	Cache Android SDK	2026-06-06T12:22:55.3653206Z /usr/bin/tar: ../../../../../usr/local/lib/android/sdk/platforms/android-36.1/data/res/values-mcc334-mnc020-es-rUS: Cannot utime: Operation not permitted
build	Cache Android SDK	2026-06-06T12:22:55.3654173Z /usr/bin/tar: ../../../../../usr/local/lib/android/sdk/platforms/android-36.1/data/res/values-mcc334-mnc020-es-rUS: Cannot change mode to rwxr-xr-x: Operation not permitted
build	Cache Android SDK	2026-06-06T12:22:55.3657000Z /usr/bin/tar: ../../../../../usr/local/lib/android/sdk/platforms/android-36.1/data/res/values-mcc302-mnc370-en-rCA: Cannot utime: Operation not permitted
build	Cache Android SDK	2026-06-06T12:22:55.3658188Z /usr/bin/tar: ../../../../../usr/local/lib/android/sdk/platforms/android-36.1/data/res/values-mcc302-mnc370-en-rCA: Cannot change mode to rwxr-xr-x: Operation not permitted
build	Cache Android SDK	2026-06-06T12:22:55.3663342Z /usr/bin/tar: ../../../../../usr/local/lib/android/sdk/platforms/android-36.1/data/res/values-mcc310-mnc170-pl: Cannot utime: Operation not permitted
build	Cache Android SDK	2026-06-06T12:22:55.3664315Z /usr/bin/tar: ../../../../../usr/local/lib/android/sdk/platforms/android-36.1/data/res/values-mcc310-mnc170-pl: Cannot change mode to rwxr-xr-x: Operation not permitted
build	Cache Android SDK	2026-06-06T12:22:55.3666772Z /usr/bin/tar: ../../../../../usr/local/lib/android/sdk/platforms/android-36.1/data/res/values-be-watch: Cannot utime: Operation not permitted
build	Cache Android SDK	2026-06-06T12:22:55.3668362Z /usr/bin/tar: ../../../../../usr/local/lib/android/sdk/platforms/android-36.1/data/res/values-be-watch: Cannot change mode to rwxr-xr-x: Operation not permitted
build	Cache Android SDK	2026-06-06T12:22:55.3669827Z /usr/bin/tar: ../../../../../usr/local/lib/android/sdk/platforms/android-36.1/data/res/values-fi-television: Cannot utime: Operation not permitted
build	Cache Android SDK	2026-06-06T12:22:55.3670763Z /usr/bin/tar: ../../../../../usr/local/lib/android/sdk/platforms/android-36.1/data/res/values-fi-television: Cannot change mode to rwxr-xr-x: Operation not permitted
build	Cache Android SDK	2026-06-06T12:22:55.3673169Z /usr/bin/tar: ../../../../../usr/local/lib/android/sdk/platforms/android-36.1/data/res/values-mcc310-mnc800-pt-rPT: Cannot utime: Operation not permitted
build	Cache Android SDK	2026-06-06T12:22:55.3674143Z /usr/bin/tar: ../../../../../usr/local/lib/android/sdk/platforms/android-36.1/data/res/values-mcc310-mnc800-pt-rPT: Cannot change mode to rwxr-xr-x: Operation not permitted
build	Cache Android SDK	2026-06-06T12:22:55.3676217Z /usr/bin/tar: ../../../../../usr/local/lib/android/sdk/platforms/android-36.1/data/res/values-mcc310-mnc490-hi: Cannot utime: Operation not permitted
build	Cache Android SDK	2026-06-06T12:22:55.3677171Z /usr/bin/tar: ../../../../../usr/local/lib/android/sdk/platforms/android-36.1/data/res/values-mcc310-mnc490-hi: Cannot change mode to rwxr-xr-x: Operation not permitted
build	Cache Android SDK	2026-06-06T12:22:55.3679345Z /usr/bin/tar: ../../../../../usr/local/lib/android/sdk/platforms/android-36.1/data/res/values-mcc001-mnc01-hu: Cannot utime: Operation not permitted
build	Cache Android SDK	2026-06-06T12:22:55.3680359Z /usr/bin/tar: ../../../../../usr/local/lib/android/sdk/platforms/android-36.1/data/res/values-mcc001-mnc01-hu: Cannot change mode to rwxr-xr-x: Operation not permitted
build	Cache Android SDK	2026-06-06T12:22:55.3683100Z /usr/bin/tar: ../../../../../usr/local/lib/android/sdk/platforms/android-36.1/data/res/values-mcc724: Cannot utime: Operation not permitted
build	Cache Android SDK	2026-06-06T12:22:55.3684009Z /usr/bin/tar: ../../../../../usr/local/lib/android/sdk/platforms/android-36.1/data/res/values-mcc724: Cannot change mode to rwxr-xr-x: Operation not permitted
build	Cache Android SDK	2026-06-06T12:22:55.3687561Z /usr/bin/tar: ../../../../../usr/local/lib/android/sdk/platforms/android-36.1/data/res/values-mcc310-mnc310-ar: Cannot utime: Operation not permitted
build	Cache Android SDK	2026-06-06T12:22:55.3688831Z /usr/bin/tar: ../../../../../usr/local/lib/android/sdk/platforms/android-36.1/data/res/values-mcc310-mnc310-ar: Cannot change mode to rwxr-xr-x: Operation not permitted
build	Cache Android SDK	2026-06-06T12:22:55.3690520Z /usr/bin/tar: ../../../../../usr/local/lib/android/sdk/platforms/android-36.1/data/res/values-mcc310-mnc310-tr: Cannot utime: Operation not permitted
build	Cache Android SDK	2026-06-06T12:22:55.3691532Z /usr/bin/tar: ../../../../../usr/local/lib/android/sdk/platforms/android-36.1/data/res/values-mcc310-mnc310-tr: Cannot change mode to rwxr-xr-x: Operation not permitted
build	Cache Android SDK	2026-06-06T12:22:55.3694425Z /usr/bin/tar: ../../../../../usr/local/lib/android/sdk/platforms/android-36.1/data/res/values-mcc310-mnc410-sr: Cannot utime: Operation not permitted
build	Cache Android SDK	2026-06-06T12:22:55.3695507Z /usr/bin/tar: ../../../../../usr/local/lib/android/sdk/platforms/android-36.1/data/res/values-mcc310-mnc410-sr: Cannot change mode to rwxr-xr-x: Operation not permitted
build	Cache Android SDK	2026-06-06T12:22:55.3697264Z /usr/bin/tar: ../../../../../usr/local/lib/android/sdk/platforms/android-36.1/data/res/values-mcc310-mnc250-fa: Cannot utime: Operation not permitted
build	Cache Android SDK	2026-06-06T12:22:55.3698373Z /usr/bin/tar: ../../../../../usr/local/lib/android/sdk/platforms/android-36.1/data/res/values-mcc310-mnc250-fa: Cannot change mode to rwxr-xr-x: Operation not permitted
build	Cache Android SDK	2026-06-06T12:22:55.3701119Z /usr/bin/tar: ../../../../../usr/local/lib/android/sdk/platforms/android-36.1/data/res/values-mcc310-mnc660-pt: Cannot utime: Operation not permitted
build	Cache Android SDK	2026-06-06T12:22:55.3702279Z /usr/bin/tar: ../../../../../usr/local/lib/android/sdk/platforms/android-36.1/data/res/values-mcc310-mnc660-pt: Cannot change mode to rwxr-xr-x: Operation not permitted
build	Cache Android SDK	2026-06-06T12:22:55.3708776Z /usr/bin/tar: ../../../../../usr/local/lib/android/sdk/platforms/android-36.1/data/res/values-am: Cannot utime: Operation not permitted
build	Cache Android SDK	2026-06-06T12:22:55.3710021Z /usr/bin/tar: ../../../../../usr/local/lib/android/sdk/platforms/android-36.1/data/res/values-am: Cannot change mode to rwxr-xr-x: Operation not permitted
build	Cache Android SDK	2026-06-06T12:22:55.3711785Z /usr/bin/tar: ../../../../../usr/local/lib/android/sdk/platforms/android-36.1/data/res/values-mcc310-mnc030-be: Cannot utime: Operation not permitted
build	Cache Android SDK	2026-06-06T12:22:55.3712732Z /usr/bin/tar: ../../../../../usr/local/lib/android/sdk/platforms/android-36.1/data/res/values-mcc310-mnc030-be: Cannot change mode to rwxr-xr-x: Operation not permitted
build	Cache Android SDK	2026-06-06T12:22:55.3714523Z /usr/bin/tar: ../../../../../usr/local/lib/android/sdk/platforms/android-36.1/data/res/values-mcc310-mnc950-si: Cannot utime: Operation not permitted
build	Cache Android SDK	2026-06-06T12:22:55.3715452Z /usr/bin/tar: ../../../../../usr/local/lib/android/sdk/platforms/android-36.1/data/res/values-mcc310-mnc950-si: Cannot change mode to rwxr-xr-x: Operation not permitted
build	Cache Android SDK	2026-06-06T12:22:55.3717996Z /usr/bin/tar: ../../../../../usr/local/lib/android/sdk/platforms/android-36.1/data/res/values-mcc310-mnc270-eu: Cannot utime: Operation not permitted
build	Cache Android SDK	2026-06-06T12:22:55.3718950Z /usr/bin/tar: ../../../../../usr/local/lib/android/sdk/platforms/android-36.1/data/res/values-mcc310-mnc270-eu: Cannot change mode to rwxr-xr-x: Operation not permitted
build	Cache Android SDK	2026-06-06T12:22:55.3722043Z /usr/bin/tar: ../../../../../usr/local/lib/android/sdk/platforms/android-36.1/data/res/values-mcc310-mnc220-si: Cannot utime: Operation not permitted
build	Cache Android SDK	2026-06-06T12:22:55.3723078Z /usr/bin/tar: ../../../../../usr/local/lib/android/sdk/platforms/android-36.1/data/res/values-mcc310-mnc220-si: Cannot change mode to rwxr-xr-x: Operation not permitted
build	Cache Android SDK	2026-06-06T12:22:55.3725686Z /usr/bin/tar: ../../../../../usr/local/lib/android/sdk/platforms/android-36.1/data/res/values-mcc313-mnc100-uk: Cannot utime: Operation not permitted
build	Cache Android SDK	2026-06-06T12:22:55.3726680Z /usr/bin/tar: ../../../../../usr/local/lib/android/sdk/platforms/android-36.1/data/res/values-mcc313-mnc100-uk: Cannot change mode to rwxr-xr-x: Operation not permitted
build	Cache Android SDK	2026-06-06T12:22:55.3729187Z /usr/bin/tar: ../../../../../usr/local/lib/android/sdk/platforms/android-36.1/data/res/values-mcc311-mnc180-bs: Cannot utime: Operation not permitted
build	Cache Android SDK	2026-06-06T12:22:55.3730151Z /usr/bin/tar: ../../../../../usr/local/lib/android/sdk/platforms/android-36.1/data/res/values-mcc311-mnc180-bs: Cannot change mode to rwxr-xr-x: Operation not permitted
build	Cache Android SDK	2026-06-06T12:22:55.3736943Z /usr/bin/tar: ../../../../../usr/local/lib/android/sdk/platforms/android-36.1/data/res/values-nb: Cannot utime: Operation not permitted
build	Cache Android SDK	2026-06-06T12:22:55.3738013Z /usr/bin/tar: ../../../../../usr/local/lib/android/sdk/platforms/android-36.1/data/res/values-nb: Cannot change mode to rwxr-xr-x: Operation not permitted
build	Cache Android SDK	2026-06-06T12:22:55.3739674Z /usr/bin/tar: ../../../../../usr/local/lib/android/sdk/platforms/android-36.1/data/res/values-mcc310-mnc250-gl: Cannot utime: Operation not permitted
build	Cache Android SDK	2026-06-06T12:22:55.3740660Z /usr/bin/tar: ../../../../../usr/local/lib/android/sdk/platforms/android-36.1/data/res/values-mcc310-mnc250-gl: Cannot change mode to rwxr-xr-x: Operation not permitted
build	Cache Android SDK	2026-06-06T12:22:55.3742881Z /usr/bin/tar: ../../../../../usr/local/lib/android/sdk/platforms/android-36.1/data/res/values-mcc310-mnc270-en-rIN: Cannot utime: Operation not permitted
build	Cache Android SDK	2026-06-06T12:22:55.3743923Z /usr/bin/tar: ../../../../../usr/local/lib/android/sdk/platforms/android-36.1/data/res/values-mcc310-mnc270-en-rIN: Cannot change mode to rwxr-xr-x: Operation not permitted
build	Cache Android SDK	2026-06-06T12:22:55.3746412Z /usr/bin/tar: ../../../../../usr/local/lib/android/sdk/platforms/android-36.1/data/res/raw-cs: Cannot utime: Operation not permitted
build	Cache Android SDK	2026-06-06T12:22:55.3747255Z /usr/bin/tar: ../../../../../usr/local/lib/android/sdk/platforms/android-36.1/data/res/raw-cs: Cannot change mode to rwxr-xr-x: Operation not permitted
build	Cache Android SDK	2026-06-06T12:22:55.3749458Z /usr/bin/tar: ../../../../../usr/local/lib/android/sdk/platforms/android-36.1/data/res/values-mcc310-mnc160-mr: Cannot utime: Operation not permitted
build	Cache Android SDK	2026-06-06T12:22:55.3750382Z /usr/bin/tar: ../../../../../usr/local/lib/android/sdk/platforms/android-36.1/data/res/values-mcc310-mnc160-mr: Cannot change mode to rwxr-xr-x: Operation not permitted
build	Cache Android SDK	2026-06-06T12:22:55.3752676Z /usr/bin/tar: ../../../../../usr/local/lib/android/sdk/platforms/android-36.1/data/res/values-mcc302-mnc370-en-rGB: Cannot utime: Operation not permitted
build	Cache Android SDK	2026-06-06T12:22:55.3753662Z /usr/bin/tar: ../../../../../usr/local/lib/android/sdk/platforms/android-36.1/data/res/values-mcc302-mnc370-en-rGB: Cannot change mode to rwxr-xr-x: Operation not permitted
build	Cache Android SDK	2026-06-06T12:22:55.3755611Z /usr/bin/tar: ../../../../../usr/local/lib/android/sdk/platforms/android-36.1/data/res/values-mcc310-mnc490-pt-rBR: Cannot utime: Operation not permitted
build	Cache Android SDK	2026-06-06T12:22:55.3756584Z /usr/bin/tar: ../../../../../usr/local/lib/android/sdk/platforms/android-36.1/data/res/values-mcc310-mnc490-pt-rBR: Cannot change mode to rwxr-xr-x: Operation not permitted
build	Cache Android SDK	2026-06-06T12:22:55.3759407Z /usr/bin/tar: ../../../../../usr/local/lib/android/sdk/platforms/android-36.1/data/res/values-mcc311-mnc180-ur: Cannot utime: Operation not permitted
build	Cache Android SDK	2026-06-06T12:22:55.3760364Z /usr/bin/tar: ../../../../../usr/local/lib/android/sdk/platforms/android-36.1/data/res/values-mcc311-mnc180-ur: Cannot change mode to rwxr-xr-x: Operation not permitted
build	Cache Android SDK	2026-06-06T12:22:55.3762865Z /usr/bin/tar: ../../../../../usr/local/lib/android/sdk/platforms/android-36.1/data/res/values-mcc334-mnc020-te: Cannot utime: Operation not permitted
build	Cache Android SDK	2026-06-06T12:22:55.3763816Z /usr/bin/tar: ../../../../../usr/local/lib/android/sdk/platforms/android-36.1/data/res/values-mcc334-mnc020-te: Cannot change mode to rwxr-xr-x: Operation not permitted
build	Cache Android SDK	2026-06-06T12:22:55.3766008Z /usr/bin/tar: ../../../../../usr/local/lib/android/sdk/platforms/android-36.1/data/res/values-mcc312-mnc670-ky: Cannot utime: Operation not permitted
build	Cache Android SDK	2026-06-06T12:22:55.3767276Z /usr/bin/tar: ../../../../../usr/local/lib/android/sdk/platforms/android-36.1/data/res/values-mcc312-mnc670-ky: Cannot change mode to rwxr-xr-x: Operation not permitted
build	Cache Android SDK	2026-06-06T12:22:55.3770816Z /usr/bin/tar: ../../../../../usr/local/lib/android/sdk/platforms/android-36.1/data/res/values-mcc310-mnc030-ml: Cannot utime: Operation not permitted
build	Cache Android SDK	2026-06-06T12:22:55.3771765Z /usr/bin/tar: ../../../../../usr/local/lib/android/sdk/platforms/android-36.1/data/res/values-mcc310-mnc030-ml: Cannot change mode to rwxr-xr-x: Operation not permitted
build	Cache Android SDK	2026-06-06T12:22:55.3773678Z /usr/bin/tar: ../../../../../usr/local/lib/android/sdk/platforms/android-36.1/data/res/values-mcc310-mnc380-sl: Cannot utime: Operation not permitted
build	Cache Android SDK	2026-06-06T12:22:55.3774602Z /usr/bin/tar: ../../../../../usr/local/lib/android/sdk/platforms/android-36.1/data/res/values-mcc310-mnc380-sl: Cannot change mode to rwxr-xr-x: Operation not permitted
build	Cache Android SDK	2026-06-06T12:22:55.3776994Z /usr/bin/tar: ../../../../../usr/local/lib/android/sdk/platforms/android-36.1/data/res/values-mcc310-mnc030-ka: Cannot utime: Operation not permitted
build	Cache Android SDK	2026-06-06T12:22:55.3778128Z /usr/bin/tar: ../../../../../usr/local/lib/android/sdk/platforms/android-36.1/data/res/values-mcc310-mnc030-ka: Cannot change mode to rwxr-xr-x: Operation not permitted
build	Cache Android SDK	2026-06-06T12:22:55.3780239Z /usr/bin/tar: ../../../../../usr/local/lib/android/sdk/platforms/android-36.1/data/res/values-mcc310-mnc950-nl: Cannot utime: Operation not permitted
build	Cache Android SDK	2026-06-06T12:22:55.3781183Z /usr/bin/tar: ../../../../../usr/local/lib/android/sdk/platforms/android-36.1/data/res/values-mcc310-mnc950-nl: Cannot change mode to rwxr-xr-x: Operation not permitted
build	Cache Android SDK	2026-06-06T12:22:55.3783854Z /usr/bin/tar: ../../../../../usr/local/lib/android/sdk/platforms/android-36.1/data/res/values-mcc312-mnc670-sq: Cannot utime: Operation not permitted
build	Cache Android SDK	2026-06-06T12:22:55.3784831Z /usr/bin/tar: ../../../../../usr/local/lib/android/sdk/platforms/android-36.1/data/res/values-mcc312-mnc670-sq: Cannot change mode to rwxr-xr-x: Operation not permitted
build	Cache Android SDK	2026-06-06T12:22:55.3790660Z /usr/bin/tar: ../../../../../usr/local/lib/android/sdk/platforms/android-36.1/data/res/values-ur: Cannot utime: Operation not permitted
build	Cache Android SDK	2026-06-06T12:22:55.3791536Z /usr/bin/tar: ../../../../../usr/local/lib/android/sdk/platforms/android-36.1/data/res/values-ur: Cannot change mode to rwxr-xr-x: Operation not permitted
build	Cache Android SDK	2026-06-06T12:22:55.3793818Z /usr/bin/tar: ../../../../../usr/local/lib/android/sdk/platforms/android-36.1/data/res/values-mcc310-mnc270-te: Cannot utime: Operation not permitted
build	Cache Android SDK	2026-06-06T12:22:55.3794902Z /usr/bin/tar: ../../../../../usr/local/lib/android/sdk/platforms/android-36.1/data/res/values-mcc310-mnc270-te: Cannot change mode to rwxr-xr-x: Operation not permitted
build	Cache Android SDK	2026-06-06T12:22:55.3798095Z /usr/bin/tar: ../../../../../usr/local/lib/android/sdk/platforms/android-36.1/data/res/values-mcc310-mnc160-nl: Cannot utime: Operation not permitted
build	Cache Android SDK	2026-06-06T12:22:55.3799091Z /usr/bin/tar: ../../../../../usr/local/lib/android/sdk/platforms/android-36.1/data/res/values-mcc310-mnc160-nl: Cannot change mode to rwxr-xr-x: Operation not permitted
build	Cache Android SDK	2026-06-06T12:22:55.3801312Z /usr/bin/tar: ../../../../../usr/local/lib/android/sdk/platforms/android-36.1/data/res/values-mcc302-mnc720-eu: Cannot utime: Operation not permitted
build	Cache Android SDK	2026-06-06T12:22:55.3802517Z /usr/bin/tar: ../../../../../usr/local/lib/android/sdk/platforms/android-36.1/data/res/values-mcc302-mnc720-eu: Cannot change mode to rwxr-xr-x: Operation not permitted
build	Cache Android SDK	2026-06-06T12:22:55.3804145Z /usr/bin/tar: ../../../../../usr/local/lib/android/sdk/platforms/android-36.1/data/res/values-mcc310-mnc250-am: Cannot utime: Operation not permitted
build	Cache Android SDK	2026-06-06T12:22:55.3805832Z /usr/bin/tar: ../../../../../usr/local/lib/android/sdk/platforms/android-36.1/data/res/values-mcc310-mnc250-am: Cannot change mode to rwxr-xr-x: Operation not permitted
build	Cache Android SDK	2026-06-06T12:22:55.3806995Z /usr/bin/tar: ../../../../../usr/local/lib/android/sdk/platforms/android-36.1/data/res/values-mcc310-mnc210-bn: Cannot utime: Operation not permitted
build	Cache Android SDK	2026-06-06T12:22:55.3808127Z /usr/bin/tar: ../../../../../usr/local/lib/android/sdk/platforms/android-36.1/data/res/values-mcc310-mnc210-bn: Cannot change mode to rwxr-xr-x: Operation not permitted
build	Cache Android SDK	2026-06-06T12:22:55.3809781Z /usr/bin/tar: ../../../../../usr/local/lib/android/sdk/platforms/android-36.1/data/res/values-sw640dp: Cannot utime: Operation not permitted
build	Cache Android SDK	2026-06-06T12:22:55.3810666Z /usr/bin/tar: ../../../../../usr/local/lib/android/sdk/platforms/android-36.1/data/res/values-sw640dp: Cannot change mode to rwxr-xr-x: Operation not permitted
build	Cache Android SDK	2026-06-06T12:22:55.3817049Z /usr/bin/tar: ../../../../../usr/local/lib/android/sdk/platforms/android-36.1/data/res/values-nl: Cannot utime: Operation not permitted
build	Cache Android SDK	2026-06-06T12:22:55.3818209Z /usr/bin/tar: ../../../../../usr/local/lib/android/sdk/platforms/android-36.1/data/res/values-nl: Cannot change mode to rwxr-xr-x: Operation not permitted
build	Cache Android SDK	2026-06-06T12:22:55.3820817Z /usr/bin/tar: ../../../../../usr/local/lib/android/sdk/platforms/android-36.1/data/res/values-tr-watch: Cannot utime: Operation not permitted
build	Cache Android SDK	2026-06-06T12:22:55.3822100Z /usr/bin/tar: ../../../../../usr/local/lib/android/sdk/platforms/android-36.1/data/res/values-tr-watch: Cannot change mode to rwxr-xr-x: Operation not permitted
build	Cache Android SDK	2026-06-06T12:22:55.3823560Z /usr/bin/tar: ../../../../../usr/local/lib/android/sdk/platforms/android-36.1/data/res/values-mcc310-mnc310-az: Cannot utime: Operation not permitted
build	Cache Android SDK	2026-06-06T12:22:55.3824512Z /usr/bin/tar: ../../../../../usr/local/lib/android/sdk/platforms/android-36.1/data/res/values-mcc310-mnc310-az: Cannot change mode to rwxr-xr-x: Operation not permitted
build	Cache Android SDK	2026-06-06T12:22:55.3826520Z /usr/bin/tar: ../../../../../usr/local/lib/android/sdk/platforms/android-36.1/data/res/values-mcc310-mnc240-es: Cannot utime: Operation not permitted
build	Cache Android SDK	2026-06-06T12:22:55.3827734Z /usr/bin/tar: ../../../../../usr/local/lib/android/sdk/platforms/android-36.1/data/res/values-mcc310-mnc240-es: Cannot change mode to rwxr-xr-x: Operation not permitted
build	Cache Android SDK	2026-06-06T12:22:55.3829731Z /usr/bin/tar: ../../../../../usr/local/lib/android/sdk/platforms/android-36.1/data/res/values-mcc310-mnc200-hi: Cannot utime: Operation not permitted
build	Cache Android SDK	2026-06-06T12:22:55.3830691Z /usr/bin/tar: ../../../../../usr/local/lib/android/sdk/platforms/android-36.1/data/res/values-mcc310-mnc200-hi: Cannot change mode to rwxr-xr-x: Operation not permitted
build	Cache Android SDK	2026-06-06T12:22:55.3833770Z /usr/bin/tar: ../../../../../usr/local/lib/android/sdk/platforms/android-36.1/data/res/values-gu-television: Cannot utime: Operation not permitted
build	Cache Android SDK	2026-06-06T12:22:55.3834939Z /usr/bin/tar: ../../../../../usr/local/lib/android/sdk/platforms/android-36.1/data/res/values-gu-television: Cannot change mode to rwxr-xr-x: Operation not permitted
build	Cache Android SDK	2026-06-06T12:22:55.3836437Z /usr/bin/tar: ../../../../../usr/local/lib/android/sdk/platforms/android-36.1/data/res/values-mcc310-mnc230-be: Cannot utime: Operation not permitted
build	Cache Android SDK	2026-06-06T12:22:55.3837527Z /usr/bin/tar: ../../../../../usr/local/lib/android/sdk/platforms/android-36.1/data/res/values-mcc310-mnc230-be: Cannot change mode to rwxr-xr-x: Operation not permitted
build	Cache Android SDK	2026-06-06T12:22:55.3840605Z /usr/bin/tar: ../../../../../usr/local/lib/android/sdk/platforms/android-36.1/data/res/values-mcc334-mnc020: Cannot utime: Operation not permitted
build	Cache Android SDK	2026-06-06T12:22:55.3841582Z /usr/bin/tar: ../../../../../usr/local/lib/android/sdk/platforms/android-36.1/data/res/values-mcc334-mnc020: Cannot change mode to rwxr-xr-x: Operation not permitted
build	Cache Android SDK	2026-06-06T12:22:55.3844200Z /usr/bin/tar: ../../../../../usr/local/lib/android/sdk/platforms/android-36.1/data/res/values-mcc310-mnc950-fr: Cannot utime: Operation not permitted
build	Cache Android SDK	2026-06-06T12:22:55.3845204Z /usr/bin/tar: ../../../../../usr/local/lib/android/sdk/platforms/android-36.1/data/res/values-mcc310-mnc950-fr: Cannot change mode to rwxr-xr-x: Operation not permitted
build	Cache Android SDK	2026-06-06T12:22:55.3848139Z /usr/bin/tar: ../../../../../usr/local/lib/android/sdk/platforms/android-36.1/data/res/values-mcc334-mnc020-mr: Cannot utime: Operation not permitted
build	Cache Android SDK	2026-06-06T12:22:55.3849476Z /usr/bin/tar: ../../../../../usr/local/lib/android/sdk/platforms/android-36.1/data/res/values-mcc334-mnc020-mr: Cannot change mode to rwxr-xr-x: Operation not permitted
build	Cache Android SDK	2026-06-06T12:22:55.3850977Z /usr/bin/tar: ../../../../../usr/local/lib/android/sdk/platforms/android-36.1/data/res/values-mcc310-mnc220-tl: Cannot utime: Operation not permitted
build	Cache Android SDK	2026-06-06T12:22:55.3851901Z /usr/bin/tar: ../../../../../usr/local/lib/android/sdk/platforms/android-36.1/data/res/values-mcc310-mnc220-tl: Cannot change mode to rwxr-xr-x: Operation not permitted
build	Cache Android SDK	2026-06-06T12:22:55.3855806Z /usr/bin/tar: ../../../../../usr/local/lib/android/sdk/platforms/android-36.1/data/res/values-night: Cannot utime: Operation not permitted
build	Cache Android SDK	2026-06-06T12:22:55.3856701Z /usr/bin/tar: ../../../../../usr/local/lib/android/sdk/platforms/android-36.1/data/res/values-night: Cannot change mode to rwxr-xr-x: Operation not permitted
build	Cache Android SDK	2026-06-06T12:22:55.3859678Z /usr/bin/tar: ../../../../../usr/local/lib/android/sdk/platforms/android-36.1/data/res/values-mcc310-mnc030-de: Cannot utime: Operation not permitted
build	Cache Android SDK	2026-06-06T12:22:55.3860607Z /usr/bin/tar: ../../../../../usr/local/lib/android/sdk/platforms/android-36.1/data/res/values-mcc310-mnc030-de: Cannot change mode to rwxr-xr-x: Operation not permitted
build	Cache Android SDK	2026-06-06T12:22:55.3862528Z /usr/bin/tar: ../../../../../usr/local/lib/android/sdk/platforms/android-36.1/data/res/values-tl-watch: Cannot utime: Operation not permitted
build	Cache Android SDK	2026-06-06T12:22:55.3863416Z /usr/bin/tar: ../../../../../usr/local/lib/android/sdk/platforms/android-36.1/data/res/values-tl-watch: Cannot change mode to rwxr-xr-x: Operation not permitted
build	Cache Android SDK	2026-06-06T12:22:55.3865961Z /usr/bin/tar: ../../../../../usr/local/lib/android/sdk/platforms/android-36.1/data/res/values-mcc313-mnc100-my: Cannot utime: Operation not permitted
build	Cache Android SDK	2026-06-06T12:22:55.3866999Z /usr/bin/tar: ../../../../../usr/local/lib/android/sdk/platforms/android-36.1/data/res/values-mcc313-mnc100-my: Cannot change mode to rwxr-xr-x: Operation not permitted
build	Cache Android SDK	2026-06-06T12:22:55.3868809Z /usr/bin/tar: ../../../../../usr/local/lib/android/sdk/platforms/android-36.1/data/res/values-mcc310-mnc160-ne: Cannot utime: Operation not permitted
build	Cache Android SDK	2026-06-06T12:22:55.3869782Z /usr/bin/tar: ../../../../../usr/local/lib/android/sdk/platforms/android-36.1/data/res/values-mcc310-mnc160-ne: Cannot change mode to rwxr-xr-x: Operation not permitted
build	Cache Android SDK	2026-06-06T12:22:55.3872904Z /usr/bin/tar: ../../../../../usr/local/lib/android/sdk/platforms/android-36.1/data/res/values-mcc311-mnc180-sw: Cannot utime: Operation not permitted
build	Cache Android SDK	2026-06-06T12:22:55.3874017Z /usr/bin/tar: ../../../../../usr/local/lib/android/sdk/platforms/android-36.1/data/res/values-mcc311-mnc180-sw: Cannot change mode to rwxr-xr-x: Operation not permitted
build	Cache Android SDK	2026-06-06T12:22:55.3875794Z /usr/bin/tar: ../../../../../usr/local/lib/android/sdk/platforms/android-36.1/data/res/values-mcc310-mnc660-iw: Cannot utime: Operation not permitted
build	Cache Android SDK	2026-06-06T12:22:55.3876722Z /usr/bin/tar: ../../../../../usr/local/lib/android/sdk/platforms/android-36.1/data/res/values-mcc310-mnc660-iw: Cannot change mode to rwxr-xr-x: Operation not permitted
build	Cache Android SDK	2026-06-06T12:22:55.3879290Z /usr/bin/tar: ../../../../../usr/local/lib/android/sdk/platforms/android-36.1/data/res/values-mcc310-mnc150-zu: Cannot utime: Operation not permitted
build	Cache Android SDK	2026-06-06T12:22:55.3880320Z /usr/bin/tar: ../../../../../usr/local/lib/android/sdk/platforms/android-36.1/data/res/values-mcc310-mnc150-zu: Cannot change mode to rwxr-xr-x: Operation not permitted
build	Cache Android SDK	2026-06-06T12:22:55.3882165Z /usr/bin/tar: ../../../../../usr/local/lib/android/sdk/platforms/android-36.1/data/res/values-mcc313-mnc100-in: Cannot utime: Operation not permitted
build	Cache Android SDK	2026-06-06T12:22:55.3883093Z /usr/bin/tar: ../../../../../usr/local/lib/android/sdk/platforms/android-36.1/data/res/values-mcc313-mnc100-in: Cannot change mode to rwxr-xr-x: Operation not permitted
build	Cache Android SDK	2026-06-06T12:22:55.3885474Z /usr/bin/tar: ../../../../../usr/local/lib/android/sdk/platforms/android-36.1/data/res/values-mcc310-mnc160-uk: Cannot utime: Operation not permitted
build	Cache Android SDK	2026-06-06T12:22:55.3886400Z /usr/bin/tar: ../../../../../usr/local/lib/android/sdk/platforms/android-36.1/data/res/values-mcc310-mnc160-uk: Cannot change mode to rwxr-xr-x: Operation not permitted
build	Cache Android SDK	2026-06-06T12:22:55.3889420Z /usr/bin/tar: ../../../../../usr/local/lib/android/sdk/platforms/android-36.1/data/res/values-uk-rUA: Cannot utime: Operation not permitted
build	Cache Android SDK	2026-06-06T12:22:55.3890329Z /usr/bin/tar: ../../../../../usr/local/lib/android/sdk/platforms/android-36.1/data/res/values-uk-rUA: Cannot change mode to rwxr-xr-x: Operation not permitted
build	Cache Android SDK	2026-06-06T12:22:55.3892625Z /usr/bin/tar: ../../../../../usr/local/lib/android/sdk/platforms/android-36.1/data/res/values-mcc310-mnc230-bn: Cannot utime: Operation not permitted
build	Cache Android SDK	2026-06-06T12:22:55.3893770Z /usr/bin/tar: ../../../../../usr/local/lib/android/sdk/platforms/android-36.1/data/res/values-mcc310-mnc230-bn: Cannot change mode to rwxr-xr-x: Operation not permitted
build	Cache Android SDK	2026-06-06T12:22:55.3896401Z /usr/bin/tar: ../../../../../usr/local/lib/android/sdk/platforms/android-36.1/data/res/values-tl-rPH: Cannot utime: Operation not permitted
build	Cache Android SDK	2026-06-06T12:22:55.3897684Z /usr/bin/tar: ../../../../../usr/local/lib/android/sdk/platforms/android-36.1/data/res/values-tl-rPH: Cannot change mode to rwxr-xr-x: Operation not permitted
build	Cache Android SDK	2026-06-06T12:22:55.3899224Z /usr/bin/tar: ../../../../../usr/local/lib/android/sdk/platforms/android-36.1/data/res/values-mcc310-mnc200-si: Cannot utime: Operation not permitted
build	Cache Android SDK	2026-06-06T12:22:55.3900339Z /usr/bin/tar: ../../../../../usr/local/lib/android/sdk/platforms/android-36.1/data/res/values-mcc310-mnc200-si: Cannot change mode to rwxr-xr-x: Operation not permitted
build	Cache Android SDK	2026-06-06T12:22:55.3902685Z /usr/bin/tar: ../../../../../usr/local/lib/android/sdk/platforms/android-36.1/data/res/values-mcc310-mnc310-af: Cannot utime: Operation not permitted
build	Cache Android SDK	2026-06-06T12:22:55.3903926Z /usr/bin/tar: ../../../../../usr/local/lib/android/sdk/platforms/android-36.1/data/res/values-mcc310-mnc310-af: Cannot change mode to rwxr-xr-x: Operation not permitted
build	Cache Android SDK	2026-06-06T12:22:55.3905363Z /usr/bin/tar: ../../../../../usr/local/lib/android/sdk/platforms/android-36.1/data/res/values-mcc310-mnc240-lt: Cannot utime: Operation not permitted
build	Cache Android SDK	2026-06-06T12:22:55.3906299Z /usr/bin/tar: ../../../../../usr/local/lib/android/sdk/platforms/android-36.1/data/res/values-mcc310-mnc240-lt: Cannot change mode to rwxr-xr-x: Operation not permitted
build	Cache Android SDK	2026-06-06T12:22:55.3908339Z /usr/bin/tar: ../../../../../usr/local/lib/android/sdk/platforms/android-36.1/data/res/values-mcc310-mnc660-pa: Cannot utime: Operation not permitted
build	Cache Android SDK	2026-06-06T12:22:55.3909293Z /usr/bin/tar: ../../../../../usr/local/lib/android/sdk/platforms/android-36.1/data/res/values-mcc310-mnc660-pa: Cannot change mode to rwxr-xr-x: Operation not permitted
build	Cache Android SDK	2026-06-06T12:22:55.3911613Z /usr/bin/tar: ../../../../../usr/local/lib/android/sdk/platforms/android-36.1/data/res/values-mcc310-mnc310-fa: Cannot utime: Operation not permitted
build	Cache Android SDK	2026-06-06T12:22:55.3912558Z /usr/bin/tar: ../../../../../usr/local/lib/android/sdk/platforms/android-36.1/data/res/values-mcc310-mnc310-fa: Cannot change mode to rwxr-xr-x: Operation not permitted
build	Cache Android SDK	2026-06-06T12:22:55.3914963Z /usr/bin/tar: ../../../../../usr/local/lib/android/sdk/platforms/android-36.1/data/res/values-mcc310-mnc230-in: Cannot utime: Operation not permitted
build	Cache Android SDK	2026-06-06T12:22:55.3915982Z /usr/bin/tar: ../../../../../usr/local/lib/android/sdk/platforms/android-36.1/data/res/values-mcc310-mnc230-in: Cannot change mode to rwxr-xr-x: Operation not permitted
build	Cache Android SDK	2026-06-06T12:22:55.3955801Z /usr/bin/tar: ../../../../../usr/local/lib/android/sdk/platforms/android-36.1/data/res/color: Cannot utime: Operation not permitted
build	Cache Android SDK	2026-06-06T12:22:55.3956693Z /usr/bin/tar: ../../../../../usr/local/lib/android/sdk/platforms/android-36.1/data/res/color: Cannot change mode to rwxr-xr-x: Operation not permitted
build	Cache Android SDK	2026-06-06T12:22:55.3958724Z /usr/bin/tar: ../../../../../usr/local/lib/android/sdk/platforms/android-36.1/data/res/values-mcc312-mnc670-be: Cannot utime: Operation not permitted
build	Cache Android SDK	2026-06-06T12:22:55.3959676Z /usr/bin/tar: ../../../../../usr/local/lib/android/sdk/platforms/android-36.1/data/res/values-mcc312-mnc670-be: Cannot change mode to rwxr-xr-x: Operation not permitted
build	Cache Android SDK	2026-06-06T12:22:55.3962051Z /usr/bin/tar: ../../../../../usr/local/lib/android/sdk/platforms/android-36.1/data/res/values-mcc310-mnc410-mk: Cannot utime: Operation not permitted
build	Cache Android SDK	2026-06-06T12:22:55.3963010Z /usr/bin/tar: ../../../../../usr/local/lib/android/sdk/platforms/android-36.1/data/res/values-mcc310-mnc410-mk: Cannot change mode to rwxr-xr-x: Operation not permitted
build	Cache Android SDK	2026-06-06T12:22:55.3965735Z /usr/bin/tar: ../../../../../usr/local/lib/android/sdk/platforms/android-36.1/data/res/values-mcc313-mnc100-sv: Cannot utime: Operation not permitted
build	Cache Android SDK	2026-06-06T12:22:55.3966681Z /usr/bin/tar: ../../../../../usr/local/lib/android/sdk/platforms/android-36.1/data/res/values-mcc313-mnc100-sv: Cannot change mode to rwxr-xr-x: Operation not permitted
build	Cache Android SDK	2026-06-06T12:22:55.3969637Z /usr/bin/tar: ../../../../../usr/local/lib/android/sdk/platforms/android-36.1/data/res/values-mcc310-mnc410-sl: Cannot utime: Operation not permitted
build	Cache Android SDK	2026-06-06T12:22:55.3970607Z /usr/bin/tar: ../../../../../usr/local/lib/android/sdk/platforms/android-36.1/data/res/values-mcc310-mnc410-sl: Cannot change mode to rwxr-xr-x: Operation not permitted
build	Cache Android SDK	2026-06-06T12:22:55.3972401Z /usr/bin/tar: ../../../../../usr/local/lib/android/sdk/platforms/android-36.1/data/res/values-mcc302-mnc370-en-rAU: Cannot utime: Operation not permitted
build	Cache Android SDK	2026-06-06T12:22:55.3973372Z /usr/bin/tar: ../../../../../usr/local/lib/android/sdk/platforms/android-36.1/data/res/values-mcc302-mnc370-en-rAU: Cannot change mode to rwxr-xr-x: Operation not permitted
build	Cache Android SDK	2026-06-06T12:22:55.3976516Z /usr/bin/tar: ../../../../../usr/local/lib/android/sdk/platforms/android-36.1/data/res/values-mcc310-mnc210-vi: Cannot utime: Operation not permitted
build	Cache Android SDK	2026-06-06T12:22:55.3977714Z /usr/bin/tar: ../../../../../usr/local/lib/android/sdk/platforms/android-36.1/data/res/values-mcc310-mnc210-vi: Cannot change mode to rwxr-xr-x: Operation not permitted
build	Cache Android SDK	2026-06-06T12:22:55.3979460Z /usr/bin/tar: ../../../../../usr/local/lib/android/sdk/platforms/android-36.1/data/res/values-mcc310-mnc030-ur: Cannot utime: Operation not permitted
build	Cache Android SDK	2026-06-06T12:22:55.3985550Z /usr/bin/tar: ../../../../../usr/local/lib/android/sdk/platforms/android-36.1/data/res/values-mcc310-mnc030-ur: Cannot change mode to rwxr-xr-x: Operation not permitted
build	Cache Android SDK	2026-06-06T12:22:55.3986465Z /usr/bin/tar: ../../../../../usr/local/lib/android/sdk/platforms/android-36.1/data/res/color-night: Cannot utime: Operation not permitted
build	Cache Android SDK	2026-06-06T12:22:55.3988100Z /usr/bin/tar: ../../../../../usr/local/lib/android/sdk/platforms/android-36.1/data/res/color-night: Cannot change mode to rwxr-xr-x: Operation not permitted
build	Cache Android SDK	2026-06-06T12:22:55.3989221Z /usr/bin/tar: ../../../../../usr/local/lib/android/sdk/platforms/android-36.1/data/res/values-mcc310-mnc240-ta: Cannot utime: Operation not permitted
build	Cache Android SDK	2026-06-06T12:22:55.3990139Z /usr/bin/tar: ../../../../../usr/local/lib/android/sdk/platforms/android-36.1/data/res/values-mcc310-mnc240-ta: Cannot change mode to rwxr-xr-x: Operation not permitted
build	Cache Android SDK	2026-06-06T12:22:55.3992456Z /usr/bin/tar: ../../../../../usr/local/lib/android/sdk/platforms/android-36.1/data/res/values-mcc313-mnc100-cs: Cannot utime: Operation not permitted
build	Cache Android SDK	2026-06-06T12:22:55.3993468Z /usr/bin/tar: ../../../../../usr/local/lib/android/sdk/platforms/android-36.1/data/res/values-mcc313-mnc100-cs: Cannot change mode to rwxr-xr-x: Operation not permitted
build	Cache Android SDK	2026-06-06T12:22:55.3995960Z /usr/bin/tar: ../../../../../usr/local/lib/android/sdk/platforms/android-36.1/data/res/values-mcc311-mnc180-uz: Cannot utime: Operation not permitted
build	Cache Android SDK	2026-06-06T12:22:55.3996898Z /usr/bin/tar: ../../../../../usr/local/lib/android/sdk/platforms/android-36.1/data/res/values-mcc311-mnc180-uz: Cannot change mode to rwxr-xr-x: Operation not permitted
build	Cache Android SDK	2026-06-06T12:22:55.3999625Z /usr/bin/tar: ../../../../../usr/local/lib/android/sdk/platforms/android-36.1/data/res/values-mcc312-mnc670-pt: Cannot utime: Operation not permitted
build	Cache Android SDK	2026-06-06T12:22:55.4000562Z /usr/bin/tar: ../../../../../usr/local/lib/android/sdk/platforms/android-36.1/data/res/values-mcc312-mnc670-pt: Cannot change mode to rwxr-xr-x: Operation not permitted
build	Cache Android SDK	2026-06-06T12:22:55.4003057Z /usr/bin/tar: ../../../../../usr/local/lib/android/sdk/platforms/android-36.1/data/res/values-mcc310-mnc250-tl: Cannot utime: Operation not permitted
build	Cache Android SDK	2026-06-06T12:22:55.4003996Z /usr/bin/tar: ../../../../../usr/local/lib/android/sdk/platforms/android-36.1/data/res/values-mcc310-mnc250-tl: Cannot change mode to rwxr-xr-x: Operation not permitted
build	Cache Android SDK	2026-06-06T12:22:55.4006794Z /usr/bin/tar: ../../../../../usr/local/lib/android/sdk/platforms/android-36.1/data/res/values-mcc310-mnc250-fr-rCA: Cannot utime: Operation not permitted
build	Cache Android SDK	2026-06-06T12:22:55.4007928Z /usr/bin/tar: ../../../../../usr/local/lib/android/sdk/platforms/android-36.1/data/res/values-mcc310-mnc250-fr-rCA: Cannot change mode to rwxr-xr-x: Operation not permitted
build	Cache Android SDK	2026-06-06T12:22:55.4010295Z /usr/bin/tar: ../../../../../usr/local/lib/android/sdk/platforms/android-36.1/data/res/values-mcc310-mnc150-bs: Cannot utime: Operation not permitted
build	Cache Android SDK	2026-06-06T12:22:55.4011224Z /usr/bin/tar: ../../../../../usr/local/lib/android/sdk/platforms/android-36.1/data/res/values-mcc310-mnc150-bs: Cannot change mode to rwxr-xr-x: Operation not permitted
build	Cache Android SDK	2026-06-06T12:22:55.4014664Z /usr/bin/tar: ../../../../../usr/local/lib/android/sdk/platforms/android-36.1/data/res/values-mcc310-mnc560-sk: Cannot utime: Operation not permitted
build	Cache Android SDK	2026-06-06T12:22:55.4015747Z /usr/bin/tar: ../../../../../usr/local/lib/android/sdk/platforms/android-36.1/data/res/values-mcc310-mnc560-sk: Cannot change mode to rwxr-xr-x: Operation not permitted
build	Cache Android SDK	2026-06-06T12:22:55.4017485Z /usr/bin/tar: ../../../../../usr/local/lib/android/sdk/platforms/android-36.1/data/res/values-mcc310-mnc030-zu: Cannot utime: Operation not permitted
build	Cache Android SDK	2026-06-06T12:22:55.4018441Z /usr/bin/tar: ../../../../../usr/local/lib/android/sdk/platforms/android-36.1/data/res/values-mcc310-mnc030-zu: Cannot change mode to rwxr-xr-x: Operation not permitted
build	Cache Android SDK	2026-06-06T12:22:55.4021395Z /usr/bin/tar: ../../../../../usr/local/lib/android/sdk/platforms/android-36.1/data/res/values-mcc450-mnc06: Cannot utime: Operation not permitted
build	Cache Android SDK	2026-06-06T12:22:55.4022314Z /usr/bin/tar: ../../../../../usr/local/lib/android/sdk/platforms/android-36.1/data/res/values-mcc450-mnc06: Cannot change mode to rwxr-xr-x: Operation not permitted
build	Cache Android SDK	2026-06-06T12:22:55.4024453Z /usr/bin/tar: ../../../../../usr/local/lib/android/sdk/platforms/android-36.1/data/res/values-mcc310-mnc800-es-rUS: Cannot utime: Operation not permitted
build	Cache Android SDK	2026-06-06T12:22:55.4025423Z /usr/bin/tar: ../../../../../usr/local/lib/android/sdk/platforms/android-36.1/data/res/values-mcc310-mnc800-es-rUS: Cannot change mode to rwxr-xr-x: Operation not permitted
build	Cache Android SDK	2026-06-06T12:22:55.4028035Z /usr/bin/tar: ../../../../../usr/local/lib/android/sdk/platforms/android-36.1/data/res/values-mcc310-mnc560-mn: Cannot utime: Operation not permitted
build	Cache Android SDK	2026-06-06T12:22:55.4028983Z /usr/bin/tar: ../../../../../usr/local/lib/android/sdk/platforms/android-36.1/data/res/values-mcc310-mnc560-mn: Cannot change mode to rwxr-xr-x: Operation not permitted
build	Cache Android SDK	2026-06-06T12:22:55.4030962Z /usr/bin/tar: ../../../../../usr/local/lib/android/sdk/platforms/android-36.1/data/res/values-mcc313-mnc100-bn: Cannot utime: Operation not permitted
build	Cache Android SDK	2026-06-06T12:22:55.4031986Z /usr/bin/tar: ../../../../../usr/local/lib/android/sdk/platforms/android-36.1/data/res/values-mcc313-mnc100-bn: Cannot change mode to rwxr-xr-x: Operation not permitted
build	Cache Android SDK	2026-06-06T12:22:55.4034418Z /usr/bin/tar: ../../../../../usr/local/lib/android/sdk/platforms/android-36.1/data/res/values-mcc310-mnc200-hr: Cannot utime: Operation not permitted
build	Cache Android SDK	2026-06-06T12:22:55.4035441Z /usr/bin/tar: ../../../../../usr/local/lib/android/sdk/platforms/android-36.1/data/res/values-mcc310-mnc200-hr: Cannot change mode to rwxr-xr-x: Operation not permitted
build	Cache Android SDK	2026-06-06T12:22:55.4038193Z /usr/bin/tar: ../../../../../usr/local/lib/android/sdk/platforms/android-36.1/data/res/values-mcc310-mnc200-am: Cannot utime: Operation not permitted
build	Cache Android SDK	2026-06-06T12:22:55.4039203Z /usr/bin/tar: ../../../../../usr/local/lib/android/sdk/platforms/android-36.1/data/res/values-mcc310-mnc200-am: Cannot change mode to rwxr-xr-x: Operation not permitted
build	Cache Android SDK	2026-06-06T12:22:55.4040869Z /usr/bin/tar: ../../../../../usr/local/lib/android/sdk/platforms/android-36.1/data/res/values-mcc310-mnc800-sw: Cannot utime: Operation not permitted
build	Cache Android SDK	2026-06-06T12:22:55.4041931Z /usr/bin/tar: ../../../../../usr/local/lib/android/sdk/platforms/android-36.1/data/res/values-mcc310-mnc800-sw: Cannot change mode to rwxr-xr-x: Operation not permitted
build	Cache Android SDK	2026-06-06T12:22:55.4044304Z /usr/bin/tar: ../../../../../usr/local/lib/android/sdk/platforms/android-36.1/data/res/values-mcc302-mnc370-ne: Cannot utime: Operation not permitted
build	Cache Android SDK	2026-06-06T12:22:55.4045253Z /usr/bin/tar: ../../../../../usr/local/lib/android/sdk/platforms/android-36.1/data/res/values-mcc302-mnc370-ne: Cannot change mode to rwxr-xr-x: Operation not permitted
build	Cache Android SDK	2026-06-06T12:22:55.4050814Z /usr/bin/tar: ../../../../../usr/local/lib/android/sdk/platforms/android-36.1/data/res/drawable-sw600dp-mdpi: Cannot utime: Operation not permitted
build	Cache Android SDK	2026-06-06T12:22:55.4051786Z /usr/bin/tar: ../../../../../usr/local/lib/android/sdk/platforms/android-36.1/data/res/drawable-sw600dp-mdpi: Cannot change mode to rwxr-xr-x: Operation not permitted
build	Cache Android SDK	2026-06-06T12:22:55.4054035Z /usr/bin/tar: ../../../../../usr/local/lib/android/sdk/platforms/android-36.1/data/res/values-mcc310-mnc560-af: Cannot utime: Operation not permitted
build	Cache Android SDK	2026-06-06T12:22:55.4054622Z /usr/bin/tar: ../../../../../usr/local/lib/android/sdk/platforms/android-36.1/data/res/values-mcc310-mnc560-af: Cannot change mode to rwxr-xr-x: Operation not permitted
build	Cache Android SDK	2026-06-06T12:22:55.4057526Z /usr/bin/tar: ../../../../../usr/local/lib/android/sdk/platforms/android-36.1/data/res/values-mcc310-mnc310-pt-rBR: Cannot utime: Operation not permitted
build	Cache Android SDK	2026-06-06T12:22:55.4058120Z /usr/bin/tar: ../../../../../usr/local/lib/android/sdk/platforms/android-36.1/data/res/values-mcc310-mnc310-pt-rBR: Cannot change mode to rwxr-xr-x: Operation not permitted
build	Cache Android SDK	2026-06-06T12:22:55.4061233Z /usr/bin/tar: ../../../../../usr/local/lib/android/sdk/platforms/android-36.1/data/res/values-mcc302-mnc720-es-rUS: Cannot utime: Operation not permitted
build	Cache Android SDK	2026-06-06T12:22:55.4061795Z /usr/bin/tar: ../../../../../usr/local/lib/android/sdk/platforms/android-36.1/data/res/values-mcc302-mnc720-es-rUS: Cannot change mode to rwxr-xr-x: Operation not permitted
build	Cache Android SDK	2026-06-06T12:22:55.4063991Z /usr/bin/tar: ../../../../../usr/local/lib/android/sdk/platforms/android-36.1/data/res/values-mcc310-mnc270-is: Cannot utime: Operation not permitted
build	Cache Android SDK	2026-06-06T12:22:55.4064458Z /usr/bin/tar: ../../../../../usr/local/lib/android/sdk/platforms/android-36.1/data/res/values-mcc310-mnc270-is: Cannot change mode to rwxr-xr-x: Operation not permitted
build	Cache Android SDK	2026-06-06T12:22:55.4067242Z /usr/bin/tar: ../../../../../usr/local/lib/android/sdk/platforms/android-36.1/data/res/values-mcc310-mnc250-ko: Cannot utime: Operation not permitted
build	Cache Android SDK	2026-06-06T12:22:55.4068053Z /usr/bin/tar: ../../../../../usr/local/lib/android/sdk/platforms/android-36.1/data/res/values-mcc310-mnc250-ko: Cannot change mode to rwxr-xr-x: Operation not permitted
build	Cache Android SDK	2026-06-06T12:22:55.4070326Z /usr/bin/tar: ../../../../../usr/local/lib/android/sdk/platforms/android-36.1/data/res/values-mcc310-mnc200-ro: Cannot utime: Operation not permitted
build	Cache Android SDK	2026-06-06T12:22:55.4070928Z /usr/bin/tar: ../../../../../usr/local/lib/android/sdk/platforms/android-36.1/data/res/values-mcc310-mnc200-ro: Cannot change mode to rwxr-xr-x: Operation not permitted
build	Cache Android SDK	2026-06-06T12:22:55.4073489Z /usr/bin/tar: ../../../../../usr/local/lib/android/sdk/platforms/android-36.1/data/res/values-mcc310-mnc310-zh-rTW: Cannot utime: Operation not permitted
build	Cache Android SDK	2026-06-06T12:22:55.4073977Z /usr/bin/tar: ../../../../../usr/local/lib/android/sdk/platforms/android-36.1/data/res/values-mcc310-mnc310-zh-rTW: Cannot change mode to rwxr-xr-x: Operation not permitted
build	Cache Android SDK	2026-06-06T12:22:55.4076256Z /usr/bin/tar: ../../../../../usr/local/lib/android/sdk/platforms/android-36.1/data/res/values-mcc310-mnc380-lt: Cannot utime: Operation not permitted
build	Cache Android SDK	2026-06-06T12:22:55.4076715Z /usr/bin/tar: ../../../../../usr/local/lib/android/sdk/platforms/android-36.1/data/res/values-mcc310-mnc380-lt: Cannot change mode to rwxr-xr-x: Operation not permitted
build	Cache Android SDK	2026-06-06T12:22:55.4079177Z /usr/bin/tar: ../../../../../usr/local/lib/android/sdk/platforms/android-36.1/data/res/values-mcc310-mnc410-it: Cannot utime: Operation not permitted
build	Cache Android SDK	2026-06-06T12:22:55.4079658Z /usr/bin/tar: ../../../../../usr/local/lib/android/sdk/platforms/android-36.1/data/res/values-mcc310-mnc410-it: Cannot change mode to rwxr-xr-x: Operation not permitted
build	Cache Android SDK	2026-06-06T12:22:55.4082367Z /usr/bin/tar: ../../../../../usr/local/lib/android/sdk/platforms/android-36.1/data/res/values-mcc311-mnc870: Cannot utime: Operation not permitted
build	Cache Android SDK	2026-06-06T12:22:55.4082820Z /usr/bin/tar: ../../../../../usr/local/lib/android/sdk/platforms/android-36.1/data/res/values-mcc311-mnc870: Cannot change mode to rwxr-xr-x: Operation not permitted
build	Cache Android SDK	2026-06-06T12:22:55.4085261Z /usr/bin/tar: ../../../../../usr/local/lib/android/sdk/platforms/android-36.1/data/res/values-mcc310-mnc280-kn: Cannot utime: Operation not permitted
build	Cache Android SDK	2026-06-06T12:22:55.4085721Z /usr/bin/tar: ../../../../../usr/local/lib/android/sdk/platforms/android-36.1/data/res/values-mcc310-mnc280-kn: Cannot change mode to rwxr-xr-x: Operation not permitted
build	Cache Android SDK	2026-06-06T12:22:55.4092723Z /usr/bin/tar: ../../../../../usr/local/lib/android/sdk/platforms/android-36.1/data/res/values-fr-rCA: Cannot utime: Operation not permitted
build	Cache Android SDK	2026-06-06T12:22:55.4093593Z /usr/bin/tar: ../../../../../usr/local/lib/android/sdk/platforms/android-36.1/data/res/values-fr-rCA: Cannot change mode to rwxr-xr-x: Operation not permitted
build	Cache Android SDK	2026-06-06T12:22:55.4095639Z /usr/bin/tar: ../../../../../usr/local/lib/android/sdk/platforms/android-36.1/data/res/values-ko-watch: Cannot utime: Operation not permitted
build	Cache Android SDK	2026-06-06T12:22:55.4096178Z /usr/bin/tar: ../../../../../usr/local/lib/android/sdk/platforms/android-36.1/data/res/values-ko-watch: Cannot change mode to rwxr-xr-x: Operation not permitted
build	Cache Android SDK	2026-06-06T12:22:55.4098364Z /usr/bin/tar: ../../../../../usr/local/lib/android/sdk/platforms/android-36.1/data/res/values-mcc310-mnc170-in: Cannot utime: Operation not permitted
build	Cache Android SDK	2026-06-06T12:22:55.4098852Z /usr/bin/tar: ../../../../../usr/local/lib/android/sdk/platforms/android-36.1/data/res/values-mcc310-mnc170-in: Cannot change mode to rwxr-xr-x: Operation not permitted
build	Cache Android SDK	2026-06-06T12:22:55.4101624Z /usr/bin/tar: ../../../../../usr/local/lib/android/sdk/platforms/android-36.1/data/res/values-mcc310-mnc170-pa: Cannot utime: Operation not permitted
build	Cache Android SDK	2026-06-06T12:22:55.4102103Z /usr/bin/tar: ../../../../../usr/local/lib/android/sdk/platforms/android-36.1/data/res/values-mcc310-mnc170-pa: Cannot change mode to rwxr-xr-x: Operation not permitted
build	Cache Android SDK	2026-06-06T12:22:55.4104728Z /usr/bin/tar: ../../../../../usr/local/lib/android/sdk/platforms/android-36.1/data/res/values-mcc310-mnc220-bs: Cannot utime: Operation not permitted
build	Cache Android SDK	2026-06-06T12:22:55.4105189Z /usr/bin/tar: ../../../../../usr/local/lib/android/sdk/platforms/android-36.1/data/res/values-mcc310-mnc220-bs: Cannot change mode to rwxr-xr-x: Operation not permitted
build	Cache Android SDK	2026-06-06T12:22:55.4108089Z /usr/bin/tar: ../../../../../usr/local/lib/android/sdk/platforms/android-36.1/data/res/values-mcc310-mnc280-pt-rPT: Cannot utime: Operation not permitted
build	Cache Android SDK	2026-06-06T12:22:55.4108658Z /usr/bin/tar: ../../../../../usr/local/lib/android/sdk/platforms/android-36.1/data/res/values-mcc310-mnc280-pt-rPT: Cannot change mode to rwxr-xr-x: Operation not permitted
build	Cache Android SDK	2026-06-06T12:22:55.4110912Z /usr/bin/tar: ../../../../../usr/local/lib/android/sdk/platforms/android-36.1/data/res/values-mcc310-mnc200-ur: Cannot utime: Operation not permitted
build	Cache Android SDK	2026-06-06T12:22:55.4111373Z /usr/bin/tar: ../../../../../usr/local/lib/android/sdk/platforms/android-36.1/data/res/values-mcc310-mnc200-ur: Cannot change mode to rwxr-xr-x: Operation not permitted
build	Cache Android SDK	2026-06-06T12:22:55.4113924Z /usr/bin/tar: ../../../../../usr/local/lib/android/sdk/platforms/android-36.1/data/res/values-mcc310-mnc490-lv: Cannot utime: Operation not permitted
build	Cache Android SDK	2026-06-06T12:22:55.4114391Z /usr/bin/tar: ../../../../../usr/local/lib/android/sdk/platforms/android-36.1/data/res/values-mcc310-mnc490-lv: Cannot change mode to rwxr-xr-x: Operation not permitted
build	Cache Android SDK	2026-06-06T12:22:55.4116811Z /usr/bin/tar: ../../../../../usr/local/lib/android/sdk/platforms/android-36.1/data/res/values-uz-watch: Cannot utime: Operation not permitted
build	Cache Android SDK	2026-06-06T12:22:55.4117261Z /usr/bin/tar: ../../../../../usr/local/lib/android/sdk/platforms/android-36.1/data/res/values-uz-watch: Cannot change mode to rwxr-xr-x: Operation not permitted
build	Cache Android SDK	2026-06-06T12:22:55.4120105Z /usr/bin/tar: ../../../../../usr/local/lib/android/sdk/platforms/android-36.1/data/res/values-mcc310-mnc660-da: Cannot utime: Operation not permitted
build	Cache Android SDK	2026-06-06T12:22:55.4120575Z /usr/bin/tar: ../../../../../usr/local/lib/android/sdk/platforms/android-36.1/data/res/values-mcc310-mnc660-da: Cannot change mode to rwxr-xr-x: Operation not permitted
build	Cache Android SDK	2026-06-06T12:22:55.4127669Z /usr/bin/tar: ../../../../../usr/local/lib/android/sdk/platforms/android-36.1/data/res/values-fi: Cannot utime: Operation not permitted
build	Cache Android SDK	2026-06-06T12:22:55.4128110Z /usr/bin/tar: ../../../../../usr/local/lib/android/sdk/platforms/android-36.1/data/res/values-fi: Cannot change mode to rwxr-xr-x: Operation not permitted
build	Cache Android SDK	2026-06-06T12:22:55.4130328Z /usr/bin/tar: ../../../../../usr/local/lib/android/sdk/platforms/android-36.1/data/res/values-mcc310-mnc800-cs: Cannot utime: Operation not permitted
build	Cache Android SDK	2026-06-06T12:22:55.4130798Z /usr/bin/tar: ../../../../../usr/local/lib/android/sdk/platforms/android-36.1/data/res/values-mcc310-mnc800-cs: Cannot change mode to rwxr-xr-x: Operation not permitted
build	Cache Android SDK	2026-06-06T12:22:55.4133241Z /usr/bin/tar: ../../../../../usr/local/lib/android/sdk/platforms/android-36.1/data/res/values-mcc310-mnc380-hi: Cannot utime: Operation not permitted
build	Cache Android SDK	2026-06-06T12:22:55.4133754Z /usr/bin/tar: ../../../../../usr/local/lib/android/sdk/platforms/android-36.1/data/res/values-mcc310-mnc380-hi: Cannot change mode to rwxr-xr-x: Operation not permitted
build	Cache Android SDK	2026-06-06T12:22:55.4136442Z /usr/bin/tar: ../../../../../usr/local/lib/android/sdk/platforms/android-36.1/data/res/values-mcc310-mnc410-af: Cannot utime: Operation not permitted
build	Cache Android SDK	2026-06-06T12:22:55.4136910Z /usr/bin/tar: ../../../../../usr/local/lib/android/sdk/platforms/android-36.1/data/res/values-mcc310-mnc410-af: Cannot change mode to rwxr-xr-x: Operation not permitted
build	Cache Android SDK	2026-06-06T12:22:55.4139330Z /usr/bin/tar: ../../../../../usr/local/lib/android/sdk/platforms/android-36.1/data/res/values-mcc310-mnc250-km: Cannot utime: Operation not permitted
build	Cache Android SDK	2026-06-06T12:22:55.4139786Z /usr/bin/tar: ../../../../../usr/local/lib/android/sdk/platforms/android-36.1/data/res/values-mcc310-mnc250-km: Cannot change mode to rwxr-xr-x: Operation not permitted
build	Cache Android SDK	2026-06-06T12:22:55.4142432Z /usr/bin/tar: ../../../../../usr/local/lib/android/sdk/platforms/android-36.1/data/res/values-mcc302-mnc370-pa: Cannot utime: Operation not permitted
build	Cache Android SDK	2026-06-06T12:22:55.4142943Z /usr/bin/tar: ../../../../../usr/local/lib/android/sdk/platforms/android-36.1/data/res/values-mcc302-mnc370-pa: Cannot change mode to rwxr-xr-x: Operation not permitted
build	Cache Android SDK	2026-06-06T12:22:55.4145307Z /usr/bin/tar: ../../../../../usr/local/lib/android/sdk/platforms/android-36.1/data/res/values-mcc310-mnc380-ca: Cannot utime: Operation not permitted
build	Cache Android SDK	2026-06-06T12:22:55.4145862Z /usr/bin/tar: ../../../../../usr/local/lib/android/sdk/platforms/android-36.1/data/res/values-mcc310-mnc380-ca: Cannot change mode to rwxr-xr-x: Operation not permitted
build	Cache Android SDK	2026-06-06T12:22:55.4148911Z /usr/bin/tar: ../../../../../usr/local/lib/android/sdk/platforms/android-36.1/data/res/values-mcc310-mnc950-gu: Cannot utime: Operation not permitted
build	Cache Android SDK	2026-06-06T12:22:55.4149380Z /usr/bin/tar: ../../../../../usr/local/lib/android/sdk/platforms/android-36.1/data/res/values-mcc310-mnc950-gu: Cannot change mode to rwxr-xr-x: Operation not permitted
build	Cache Android SDK	2026-06-06T12:22:55.4151867Z /usr/bin/tar: ../../../../../usr/local/lib/android/sdk/platforms/android-36.1/data/res/values-mcc302-mnc720-sq: Cannot utime: Operation not permitted
build	Cache Android SDK	2026-06-06T12:22:55.4152316Z /usr/bin/tar: ../../../../../usr/local/lib/android/sdk/platforms/android-36.1/data/res/values-mcc302-mnc720-sq: Cannot change mode to rwxr-xr-x: Operation not permitted
build	Cache Android SDK	2026-06-06T12:22:55.4155023Z /usr/bin/tar: ../../../../../usr/local/lib/android/sdk/platforms/android-36.1/data/res/values-sq-watch: Cannot utime: Operation not permitted
build	Cache Android SDK	2026-06-06T12:22:55.4155477Z /usr/bin/tar: ../../../../../usr/local/lib/android/sdk/platforms/android-36.1/data/res/values-sq-watch: Cannot change mode to rwxr-xr-x: Operation not permitted
build	Cache Android SDK	2026-06-06T12:22:55.4158109Z /usr/bin/tar: ../../../../../usr/local/lib/android/sdk/platforms/android-36.1/data/res/values-mcc311-mnc180-lv: Cannot utime: Operation not permitted
build	Cache Android SDK	2026-06-06T12:22:55.4158576Z /usr/bin/tar: ../../../../../usr/local/lib/android/sdk/platforms/android-36.1/data/res/values-mcc311-mnc180-lv: Cannot change mode to rwxr-xr-x: Operation not permitted
build	Cache Android SDK	2026-06-06T12:22:55.4160892Z /usr/bin/tar: ../../../../../usr/local/lib/android/sdk/platforms/android-36.1/data/res/values-mcc310-mnc280-it: Cannot utime: Operation not permitted
build	Cache Android SDK	2026-06-06T12:22:55.4161359Z /usr/bin/tar: ../../../../../usr/local/lib/android/sdk/platforms/android-36.1/data/res/values-mcc310-mnc280-it: Cannot change mode to rwxr-xr-x: Operation not permitted
build	Cache Android SDK	2026-06-06T12:22:55.4165021Z /usr/bin/tar: ../../../../../usr/local/lib/android/sdk/platforms/android-36.1/data/res/values-mcc302-mnc720-kk: Cannot utime: Operation not permitted
build	Cache Android SDK	2026-06-06T12:22:55.4165744Z /usr/bin/tar: ../../../../../usr/local/lib/android/sdk/platforms/android-36.1/data/res/values-mcc302-mnc720-kk: Cannot change mode to rwxr-xr-x: Operation not permitted
build	Cache Android SDK	2026-06-06T12:22:55.4170730Z /usr/bin/tar: ../../../../../usr/local/lib/android/sdk/platforms/android-36.1/data/res: Cannot utime: Operation not permitted
build	Cache Android SDK	2026-06-06T12:22:55.4178802Z /usr/bin/tar: ../../../../../usr/local/lib/android/sdk/platforms/android-36.1/data/res: Cannot change mode to rwxr-xr-x: Operation not permitted
build	Cache Android SDK	2026-06-06T12:22:55.4236619Z /usr/bin/tar: ../../../../../usr/local/lib/android/sdk/platforms/android-36.1/data: Cannot utime: Operation not permitted
build	Cache Android SDK	2026-06-06T12:22:55.4237198Z /usr/bin/tar: ../../../../../usr/local/lib/android/sdk/platforms/android-36.1/data: Cannot change mode to rwxr-xr-x: Operation not permitted
build	Cache Android SDK	2026-06-06T12:22:55.4237828Z /usr/bin/tar: ../../../../../usr/local/lib/android/sdk/platforms/android-36.1: Cannot utime: Operation not permitted
build	Cache Android SDK	2026-06-06T12:22:55.4238535Z /usr/bin/tar: ../../../../../usr/local/lib/android/sdk/platforms/android-36.1: Cannot change mode to rwxr-xr-x: Operation not permitted
build	Cache Android SDK	2026-06-06T12:22:55.4259602Z /usr/bin/tar: ../../../../../usr/local/lib/android/sdk/platforms/android-36/optional/libbinder_ndk_cpp/android: Cannot utime: Operation not permitted
build	Cache Android SDK	2026-06-06T12:22:55.4260551Z /usr/bin/tar: ../../../../../usr/local/lib/android/sdk/platforms/android-36/optional/libbinder_ndk_cpp/android: Cannot change mode to rwxr-xr-x: Operation not permitted
build	Cache Android SDK	2026-06-06T12:22:55.4261346Z /usr/bin/tar: ../../../../../usr/local/lib/android/sdk/platforms/android-36/optional/libbinder_ndk_cpp: Cannot utime: Operation not permitted
build	Cache Android SDK	2026-06-06T12:22:55.4262163Z /usr/bin/tar: ../../../../../usr/local/lib/android/sdk/platforms/android-36/optional/libbinder_ndk_cpp: Cannot change mode to rwxr-xr-x: Operation not permitted
build	Cache Android SDK	2026-06-06T12:22:55.4262912Z /usr/bin/tar: ../../../../../usr/local/lib/android/sdk/platforms/android-36/optional: Cannot utime: Operation not permitted
build	Cache Android SDK	2026-06-06T12:22:55.4263651Z /usr/bin/tar: ../../../../../usr/local/lib/android/sdk/platforms/android-36/optional: Cannot change mode to rwxr-xr-x: Operation not permitted
build	Cache Android SDK	2026-06-06T12:22:55.4364708Z /usr/bin/tar: ../../../../../usr/local/lib/android/sdk/platforms/android-36/skins/WXGA800: Cannot utime: Operation not permitted
build	Cache Android SDK	2026-06-06T12:22:55.4365193Z /usr/bin/tar: ../../../../../usr/local/lib/android/sdk/platforms/android-36/skins/WXGA800: Cannot change mode to rwxr-xr-x: Operation not permitted
build	Cache Android SDK	2026-06-06T12:22:55.4372130Z /usr/bin/tar: ../../../../../usr/local/lib/android/sdk/platforms/android-36/skins/HVGA: Cannot utime: Operation not permitted
build	Cache Android SDK	2026-06-06T12:22:55.4372793Z /usr/bin/tar: ../../../../../usr/local/lib/android/sdk/platforms/android-36/skins/HVGA: Cannot change mode to rwxr-xr-x: Operation not permitted
build	Cache Android SDK	2026-06-06T12:22:55.4379554Z /usr/bin/tar: ../../../../../usr/local/lib/android/sdk/platforms/android-36/skins/WSVGA: Cannot utime: Operation not permitted
build	Cache Android SDK	2026-06-06T12:22:55.4380133Z /usr/bin/tar: ../../../../../usr/local/lib/android/sdk/platforms/android-36/skins/WSVGA: Cannot change mode to rwxr-xr-x: Operation not permitted
build	Cache Android SDK	2026-06-06T12:22:55.4386495Z /usr/bin/tar: ../../../../../usr/local/lib/android/sdk/platforms/android-36/skins/WQVGA432: Cannot utime: Operation not permitted
build	Cache Android SDK	2026-06-06T12:22:55.4386909Z /usr/bin/tar: ../../../../../usr/local/lib/android/sdk/platforms/android-36/skins/WQVGA432: Cannot change mode to rwxr-xr-x: Operation not permitted
build	Cache Android SDK	2026-06-06T12:22:55.4393391Z /usr/bin/tar: ../../../../../usr/local/lib/android/sdk/platforms/android-36/skins/WVGA854: Cannot utime: Operation not permitted
build	Cache Android SDK	2026-06-06T12:22:55.4393818Z /usr/bin/tar: ../../../../../usr/local/lib/android/sdk/platforms/android-36/skins/WVGA854: Cannot change mode to rwxr-xr-x: Operation not permitted
build	Cache Android SDK	2026-06-06T12:22:55.4400935Z /usr/bin/tar: ../../../../../usr/local/lib/android/sdk/platforms/android-36/skins/WXGA800-7in: Cannot utime: Operation not permitted
build	Cache Android SDK	2026-06-06T12:22:55.4401871Z /usr/bin/tar: ../../../../../usr/local/lib/android/sdk/platforms/android-36/skins/WXGA800-7in: Cannot change mode to rwxr-xr-x: Operation not permitted
build	Cache Android SDK	2026-06-06T12:22:55.4408132Z /usr/bin/tar: ../../../../../usr/local/lib/android/sdk/platforms/android-36/skins/QVGA: Cannot utime: Operation not permitted
build	Cache Android SDK	2026-06-06T12:22:55.4408558Z /usr/bin/tar: ../../../../../usr/local/lib/android/sdk/platforms/android-36/skins/QVGA: Cannot change mode to rwxr-xr-x: Operation not permitted
build	Cache Android SDK	2026-06-06T12:22:55.4417341Z /usr/bin/tar: ../../../../../usr/local/lib/android/sdk/platforms/android-36/skins/WQVGA400: Cannot utime: Operation not permitted
build	Cache Android SDK	2026-06-06T12:22:55.4418342Z /usr/bin/tar: ../../../../../usr/local/lib/android/sdk/platforms/android-36/skins/WQVGA400: Cannot change mode to rwxr-xr-x: Operation not permitted
build	Cache Android SDK	2026-06-06T12:22:55.4431563Z /usr/bin/tar: ../../../../../usr/local/lib/android/sdk/platforms/android-36/skins/WVGA800: Cannot utime: Operation not permitted
build	Cache Android SDK	2026-06-06T12:22:55.4432044Z /usr/bin/tar: ../../../../../usr/local/lib/android/sdk/platforms/android-36/skins/WVGA800: Cannot change mode to rwxr-xr-x: Operation not permitted
build	Cache Android SDK	2026-06-06T12:22:55.4438560Z /usr/bin/tar: ../../../../../usr/local/lib/android/sdk/platforms/android-36/skins/WXGA720: Cannot utime: Operation not permitted
build	Cache Android SDK	2026-06-06T12:22:55.4439443Z /usr/bin/tar: ../../../../../usr/local/lib/android/sdk/platforms/android-36/skins/WXGA720: Cannot change mode to rwxr-xr-x: Operation not permitted
build	Cache Android SDK	2026-06-06T12:22:55.4440104Z /usr/bin/tar: ../../../../../usr/local/lib/android/sdk/platforms/android-36/skins: Cannot utime: Operation not permitted
build	Cache Android SDK	2026-06-06T12:22:55.4440865Z /usr/bin/tar: ../../../../../usr/local/lib/android/sdk/platforms/android-36/skins: Cannot change mode to rwxr-xr-x: Operation not permitted
build	Cache Android SDK	2026-06-06T12:22:55.4684380Z /usr/bin/tar: ../../../../../usr/local/lib/android/sdk/platforms/android-36/templates: Cannot utime: Operation not permitted
build	Cache Android SDK	2026-06-06T12:22:55.4684922Z /usr/bin/tar: ../../../../../usr/local/lib/android/sdk/platforms/android-36/templates: Cannot change mode to rwxr-xr-x: Operation not permitted
build	Cache Android SDK	2026-06-06T12:22:55.4703190Z /usr/bin/tar: ../../../../../usr/local/lib/android/sdk/platforms/android-36/data/res/values-mcc310-mnc160-sk: Cannot utime: Operation not permitted
build	Cache Android SDK	2026-06-06T12:22:55.4703741Z /usr/bin/tar: ../../../../../usr/local/lib/android/sdk/platforms/android-36/data/res/values-mcc310-mnc160-sk: Cannot change mode to rwxr-xr-x: Operation not permitted
build	Cache Android SDK	2026-06-06T12:22:55.4708602Z /usr/bin/tar: ../../../../../usr/local/lib/android/sdk/platforms/android-36/data/res/values-mcc302-mnc370-hr: Cannot utime: Operation not permitted
build	Cache Android SDK	2026-06-06T12:22:55.4709689Z /usr/bin/tar: ../../../../../usr/local/lib/android/sdk/platforms/android-36/data/res/values-mcc302-mnc370-hr: Cannot change mode to rwxr-xr-x: Operation not permitted
build	Cache Android SDK	2026-06-06T12:22:55.4714534Z /usr/bin/tar: ../../../../../usr/local/lib/android/sdk/platforms/android-36/data/res/values-mcc310-mnc950-zh-rHK: Cannot utime: Operation not permitted
build	Cache Android SDK	2026-06-06T12:22:55.4715142Z /usr/bin/tar: ../../../../../usr/local/lib/android/sdk/platforms/android-36/data/res/values-mcc310-mnc950-zh-rHK: Cannot change mode to rwxr-xr-x: Operation not permitted
build	Cache Android SDK	2026-06-06T12:22:55.4720696Z /usr/bin/tar: ../../../../../usr/local/lib/android/sdk/platforms/android-36/data/res/values-mcc310-mnc210-et: Cannot utime: Operation not permitted
build	Cache Android SDK	2026-06-06T12:22:55.4721204Z /usr/bin/tar: ../../../../../usr/local/lib/android/sdk/platforms/android-36/data/res/values-mcc310-mnc210-et: Cannot change mode to rwxr-xr-x: Operation not permitted
build	Cache Android SDK	2026-06-06T12:22:55.4723382Z /usr/bin/tar: ../../../../../usr/local/lib/android/sdk/platforms/android-36/data/res/values-mcc310-mnc170-sl: Cannot utime: Operation not permitted
build	Cache Android SDK	2026-06-06T12:22:55.4723882Z /usr/bin/tar: ../../../../../usr/local/lib/android/sdk/platforms/android-36/data/res/values-mcc310-mnc170-sl: Cannot change mode to rwxr-xr-x: Operation not permitted
build	Cache Android SDK	2026-06-06T12:22:55.4729844Z /usr/bin/tar: ../../../../../usr/local/lib/android/sdk/platforms/android-36/data/res/values-mcc310-mnc150-eu: Cannot utime: Operation not permitted
build	Cache Android SDK	2026-06-06T12:22:55.4730341Z /usr/bin/tar: ../../../../../usr/local/lib/android/sdk/platforms/android-36/data/res/values-mcc310-mnc150-eu: Cannot change mode to rwxr-xr-x: Operation not permitted
build	Cache Android SDK	2026-06-06T12:22:55.4736039Z /usr/bin/tar: ../../../../../usr/local/lib/android/sdk/platforms/android-36/data/res/values-mcc334-mnc020-bs: Cannot utime: Operation not permitted
build	Cache Android SDK	2026-06-06T12:22:55.4736510Z /usr/bin/tar: ../../../../../usr/local/lib/android/sdk/platforms/android-36/data/res/values-mcc334-mnc020-bs: Cannot change mode to rwxr-xr-x: Operation not permitted
build	Cache Android SDK	2026-06-06T12:22:55.4742454Z /usr/bin/tar: ../../../../../usr/local/lib/android/sdk/platforms/android-36/data/res/values-mcc310-mnc310-en-rAU: Cannot utime: Operation not permitted
build	Cache Android SDK	2026-06-06T12:22:55.4742953Z /usr/bin/tar: ../../../../../usr/local/lib/android/sdk/platforms/android-36/data/res/values-mcc310-mnc310-en-rAU: Cannot change mode to rwxr-xr-x: Operation not permitted
build	Cache Android SDK	2026-06-06T12:22:55.4749996Z /usr/bin/tar: ../../../../../usr/local/lib/android/sdk/platforms/android-36/data/res/values-mcc334-mnc020-nl: Cannot utime: Operation not permitted
build	Cache Android SDK	2026-06-06T12:22:55.4750455Z /usr/bin/tar: ../../../../../usr/local/lib/android/sdk/platforms/android-36/data/res/values-mcc334-mnc020-nl: Cannot change mode to rwxr-xr-x: Operation not permitted
build	Cache Android SDK	2026-06-06T12:22:55.4755943Z /usr/bin/tar: ../../../../../usr/local/lib/android/sdk/platforms/android-36/data/res/raw-nl: Cannot utime: Operation not permitted
build	Cache Android SDK	2026-06-06T12:22:55.4756456Z /usr/bin/tar: ../../../../../usr/local/lib/android/sdk/platforms/android-36/data/res/raw-nl: Cannot change mode to rwxr-xr-x: Operation not permitted
build	Cache Android SDK	2026-06-06T12:22:55.4759206Z /usr/bin/tar: ../../../../../usr/local/lib/android/sdk/platforms/android-36/data/res/values-mcc310-mnc800-pl: Cannot utime: Operation not permitted
build	Cache Android SDK	2026-06-06T12:22:55.4759756Z /usr/bin/tar: ../../../../../usr/local/lib/android/sdk/platforms/android-36/data/res/values-mcc310-mnc800-pl: Cannot change mode to rwxr-xr-x: Operation not permitted
build	Cache Android SDK	2026-06-06T12:22:55.4764884Z /usr/bin/tar: ../../../../../usr/local/lib/android/sdk/platforms/android-36/data/res/values-mcc310-mnc490-sk: Cannot utime: Operation not permitted
build	Cache Android SDK	2026-06-06T12:22:55.4765399Z /usr/bin/tar: ../../../../../usr/local/lib/android/sdk/platforms/android-36/data/res/values-mcc310-mnc490-sk: Cannot change mode to rwxr-xr-x: Operation not permitted
build	Cache Android SDK	2026-06-06T12:22:55.4772203Z /usr/bin/tar: ../../../../../usr/local/lib/android/sdk/platforms/android-36/data/res/values-si: Cannot utime: Operation not permitted
build	Cache Android SDK	2026-06-06T12:22:55.4773069Z /usr/bin/tar: ../../../../../usr/local/lib/android/sdk/platforms/android-36/data/res/values-si: Cannot change mode to rwxr-xr-x: Operation not permitted
build	Cache Android SDK	2026-06-06T12:22:55.4774779Z /usr/bin/tar: ../../../../../usr/local/lib/android/sdk/platforms/android-36/data/res/values-mcc311-mnc180-bg: Cannot utime: Operation not permitted
build	Cache Android SDK	2026-06-06T12:22:55.4775329Z /usr/bin/tar: ../../../../../usr/local/lib/android/sdk/platforms/android-36/data/res/values-mcc311-mnc180-bg: Cannot change mode to rwxr-xr-x: Operation not permitted
build	Cache Android SDK	2026-06-06T12:22:55.4777971Z /usr/bin/tar: ../../../../../usr/local/lib/android/sdk/platforms/android-36/data/res/values-mcc310-mnc160-be: Cannot utime: Operation not permitted
build	Cache Android SDK	2026-06-06T12:22:55.4778432Z /usr/bin/tar: ../../../../../usr/local/lib/android/sdk/platforms/android-36/data/res/values-mcc310-mnc160-be: Cannot change mode to rwxr-xr-x: Operation not permitted
build	Cache Android SDK	2026-06-06T12:22:55.4780595Z /usr/bin/tar: ../../../../../usr/local/lib/android/sdk/platforms/android-36/data/res/values-mcc310-mnc280-pt: Cannot utime: Operation not permitted
build	Cache Android SDK	2026-06-06T12:22:55.4781063Z /usr/bin/tar: ../../../../../usr/local/lib/android/sdk/platforms/android-36/data/res/values-mcc310-mnc280-pt: Cannot change mode to rwxr-xr-x: Operation not permitted
build	Cache Android SDK	2026-06-06T12:22:55.4784056Z /usr/bin/tar: ../../../../../usr/local/lib/android/sdk/platforms/android-36/data/res/values-mcc302-mnc720-zh-rHK: Cannot utime: Operation not permitted
build	Cache Android SDK	2026-06-06T12:22:55.4784575Z /usr/bin/tar: ../../../../../usr/local/lib/android/sdk/platforms/android-36/data/res/values-mcc302-mnc720-zh-rHK: Cannot change mode to rwxr-xr-x: Operation not permitted
build	Cache Android SDK	2026-06-06T12:22:55.4787182Z /usr/bin/tar: ../../../../../usr/local/lib/android/sdk/platforms/android-36/data/res/values-mcc440-mnc50: Cannot utime: Operation not permitted
build	Cache Android SDK	2026-06-06T12:22:55.4787859Z /usr/bin/tar: ../../../../../usr/local/lib/android/sdk/platforms/android-36/data/res/values-mcc440-mnc50: Cannot change mode to rwxr-xr-x: Operation not permitted
build	Cache Android SDK	2026-06-06T12:22:55.4789980Z /usr/bin/tar: ../../../../../usr/local/lib/android/sdk/platforms/android-36/data/res/values-tr-television: Cannot utime: Operation not permitted
build	Cache Android SDK	2026-06-06T12:22:55.4790438Z /usr/bin/tar: ../../../../../usr/local/lib/android/sdk/platforms/android-36/data/res/values-tr-television: Cannot change mode to rwxr-xr-x: Operation not permitted
build	Cache Android SDK	2026-06-06T12:22:55.4793287Z /usr/bin/tar: ../../../../../usr/local/lib/android/sdk/platforms/android-36/data/res/values-mcc310-mnc490-th: Cannot utime: Operation not permitted
build	Cache Android SDK	2026-06-06T12:22:55.4793758Z /usr/bin/tar: ../../../../../usr/local/lib/android/sdk/platforms/android-36/data/res/values-mcc310-mnc490-th: Cannot change mode to rwxr-xr-x: Operation not permitted
build	Cache Android SDK	2026-06-06T12:22:55.4796192Z /usr/bin/tar: ../../../../../usr/local/lib/android/sdk/platforms/android-36/data/res/values-mcc311-mnc180-zh-rHK: Cannot utime: Operation not permitted
build	Cache Android SDK	2026-06-06T12:22:55.4796709Z /usr/bin/tar: ../../../../../usr/local/lib/android/sdk/platforms/android-36/data/res/values-mcc311-mnc180-zh-rHK: Cannot change mode to rwxr-xr-x: Operation not permitted
build	Cache Android SDK	2026-06-06T12:22:55.4798951Z /usr/bin/tar: ../../../../../usr/local/lib/android/sdk/platforms/android-36/data/res/values-mcc310-mnc310-fi: Cannot utime: Operation not permitted
build	Cache Android SDK	2026-06-06T12:22:55.4799514Z /usr/bin/tar: ../../../../../usr/local/lib/android/sdk/platforms/android-36/data/res/values-mcc310-mnc310-fi: Cannot change mode to rwxr-xr-x: Operation not permitted
build	Cache Android SDK	2026-06-06T12:22:55.4802032Z /usr/bin/tar: ../../../../../usr/local/lib/android/sdk/platforms/android-36/data/res/values-mcc313-mnc100-is: Cannot utime: Operation not permitted
build	Cache Android SDK	2026-06-06T12:22:55.4802545Z /usr/bin/tar: ../../../../../usr/local/lib/android/sdk/platforms/android-36/data/res/values-mcc313-mnc100-is: Cannot change mode to rwxr-xr-x: Operation not permitted
build	Cache Android SDK	2026-06-06T12:22:55.4807501Z /usr/bin/tar: ../../../../../usr/local/lib/android/sdk/platforms/android-36/data/res/values-mcc310-mnc280-as: Cannot utime: Operation not permitted
build	Cache Android SDK	2026-06-06T12:22:55.4808086Z /usr/bin/tar: ../../../../../usr/local/lib/android/sdk/platforms/android-36/data/res/values-mcc310-mnc280-as: Cannot change mode to rwxr-xr-x: Operation not permitted
build	Cache Android SDK	2026-06-06T12:22:55.4810628Z /usr/bin/tar: ../../../../../usr/local/lib/android/sdk/platforms/android-36/data/res/values-w180dp-notround-watch: Cannot utime: Operation not permitted
build	Cache Android SDK	2026-06-06T12:22:55.4811198Z /usr/bin/tar: ../../../../../usr/local/lib/android/sdk/platforms/android-36/data/res/values-w180dp-notround-watch: Cannot change mode to rwxr-xr-x: Operation not permitted
build	Cache Android SDK	2026-06-06T12:22:55.4813796Z /usr/bin/tar: ../../../../../usr/local/lib/android/sdk/platforms/android-36/data/res/values-mcc310-mnc030-gu: Cannot utime: Operation not permitted
build	Cache Android SDK	2026-06-06T12:22:55.4814271Z /usr/bin/tar: ../../../../../usr/local/lib/android/sdk/platforms/android-36/data/res/values-mcc310-mnc030-gu: Cannot change mode to rwxr-xr-x: Operation not permitted
build	Cache Android SDK	2026-06-06T12:22:55.4816467Z /usr/bin/tar: ../../../../../usr/local/lib/android/sdk/platforms/android-36/data/res/values-mcc310-mnc210-in: Cannot utime: Operation not permitted
build	Cache Android SDK	2026-06-06T12:22:55.4816936Z /usr/bin/tar: ../../../../../usr/local/lib/android/sdk/platforms/android-36/data/res/values-mcc310-mnc210-in: Cannot change mode to rwxr-xr-x: Operation not permitted
build	Cache Android SDK	2026-06-06T12:22:55.4819728Z /usr/bin/tar: ../../../../../usr/local/lib/android/sdk/platforms/android-36/data/res/values-mcc310-mnc410-nl: Cannot utime: Operation not permitted
build	Cache Android SDK	2026-06-06T12:22:55.4820197Z /usr/bin/tar: ../../../../../usr/local/lib/android/sdk/platforms/android-36/data/res/values-mcc310-mnc410-nl: Cannot change mode to rwxr-xr-x: Operation not permitted
build	Cache Android SDK	2026-06-06T12:22:55.4822872Z /usr/bin/tar: ../../../../../usr/local/lib/android/sdk/platforms/android-36/data/res/values-mcc310-mnc410-hi: Cannot utime: Operation not permitted
build	Cache Android SDK	2026-06-06T12:22:55.4823332Z /usr/bin/tar: ../../../../../usr/local/lib/android/sdk/platforms/android-36/data/res/values-mcc310-mnc410-hi: Cannot change mode to rwxr-xr-x: Operation not permitted
build	Cache Android SDK	2026-06-06T12:22:55.4825891Z /usr/bin/tar: ../../../../../usr/local/lib/android/sdk/platforms/android-36/data/res/values-mcc310-mnc210-iw: Cannot utime: Operation not permitted
build	Cache Android SDK	2026-06-06T12:22:55.4826353Z /usr/bin/tar: ../../../../../usr/local/lib/android/sdk/platforms/android-36/data/res/values-mcc310-mnc210-iw: Cannot change mode to rwxr-xr-x: Operation not permitted
build	Cache Android SDK	2026-06-06T12:22:55.4829452Z /usr/bin/tar: ../../../../../usr/local/lib/android/sdk/platforms/android-36/data/res/values-mcc001-mnc01-or: Cannot utime: Operation not permitted
build	Cache Android SDK	2026-06-06T12:22:55.4829914Z /usr/bin/tar: ../../../../../usr/local/lib/android/sdk/platforms/android-36/data/res/values-mcc001-mnc01-or: Cannot change mode to rwxr-xr-x: Operation not permitted
build	Cache Android SDK	2026-06-06T12:22:55.4833014Z /usr/bin/tar: ../../../../../usr/local/lib/android/sdk/platforms/android-36/data/res/values-mcc310-mnc230-pl: Cannot utime: Operation not permitted
build	Cache Android SDK	2026-06-06T12:22:55.4833462Z /usr/bin/tar: ../../../../../usr/local/lib/android/sdk/platforms/android-36/data/res/values-mcc310-mnc230-pl: Cannot change mode to rwxr-xr-x: Operation not permitted
build	Cache Android SDK	2026-06-06T12:22:55.4836201Z /usr/bin/tar: ../../../../../usr/local/lib/android/sdk/platforms/android-36/data/res/values-de-watch: Cannot utime: Operation not permitted
build	Cache Android SDK	2026-06-06T12:22:55.4836718Z /usr/bin/tar: ../../../../../usr/local/lib/android/sdk/platforms/android-36/data/res/values-de-watch: Cannot change mode to rwxr-xr-x: Operation not permitted
build	Cache Android SDK	2026-06-06T12:22:55.4841313Z /usr/bin/tar: ../../../../../usr/local/lib/android/sdk/platforms/android-36/data/res/raw: Cannot utime: Operation not permitted
build	Cache Android SDK	2026-06-06T12:22:55.4841715Z /usr/bin/tar: ../../../../../usr/local/lib/android/sdk/platforms/android-36/data/res/raw: Cannot change mode to rwxr-xr-x: Operation not permitted
build	Cache Android SDK	2026-06-06T12:22:55.4845023Z /usr/bin/tar: ../../../../../usr/local/lib/android/sdk/platforms/android-36/data/res/values-mcc310-mnc380-ml: Cannot utime: Operation not permitted
build	Cache Android SDK	2026-06-06T12:22:55.4845474Z /usr/bin/tar: ../../../../../usr/local/lib/android/sdk/platforms/android-36/data/res/values-mcc310-mnc380-ml: Cannot change mode to rwxr-xr-x: Operation not permitted
build	Cache Android SDK	2026-06-06T12:22:55.4848279Z /usr/bin/tar: ../../../../../usr/local/lib/android/sdk/platforms/android-36/data/res/values-mcc310-mnc660-pt-rPT: Cannot utime: Operation not permitted
build	Cache Android SDK	2026-06-06T12:22:55.4848774Z /usr/bin/tar: ../../../../../usr/local/lib/android/sdk/platforms/android-36/data/res/values-mcc310-mnc660-pt-rPT: Cannot change mode to rwxr-xr-x: Operation not permitted
build	Cache Android SDK	2026-06-06T12:22:55.4851567Z /usr/bin/tar: ../../../../../usr/local/lib/android/sdk/platforms/android-36/data/res/values-mcc310-mnc800-zh-rCN: Cannot utime: Operation not permitted
build	Cache Android SDK	2026-06-06T12:22:55.4852043Z /usr/bin/tar: ../../../../../usr/local/lib/android/sdk/platforms/android-36/data/res/values-mcc310-mnc800-zh-rCN: Cannot change mode to rwxr-xr-x: Operation not permitted
build	Cache Android SDK	2026-06-06T12:22:55.4859810Z /usr/bin/tar: ../../../../../usr/local/lib/android/sdk/platforms/android-36/data/res/values-ky: Cannot utime: Operation not permitted
build	Cache Android SDK	2026-06-06T12:22:55.4860467Z /usr/bin/tar: ../../../../../usr/local/lib/android/sdk/platforms/android-36/data/res/values-ky: Cannot change mode to rwxr-xr-x: Operation not permitted
build	Cache Android SDK	2026-06-06T12:22:55.4863342Z /usr/bin/tar: ../../../../../usr/local/lib/android/sdk/platforms/android-36/data/res/values-mcc311-mnc180-my: Cannot utime: Operation not permitted
build	Cache Android SDK	2026-06-06T12:22:55.4863848Z /usr/bin/tar: ../../../../../usr/local/lib/android/sdk/platforms/android-36/data/res/values-mcc311-mnc180-my: Cannot change mode to rwxr-xr-x: Operation not permitted
build	Cache Android SDK	2026-06-06T12:22:55.4866157Z /usr/bin/tar: ../../../../../usr/local/lib/android/sdk/platforms/android-36/data/res/values-mcc310-mnc240-da: Cannot utime: Operation not permitted
build	Cache Android SDK	2026-06-06T12:22:55.4866678Z /usr/bin/tar: ../../../../../usr/local/lib/android/sdk/platforms/android-36/data/res/values-mcc310-mnc240-da: Cannot change mode to rwxr-xr-x: Operation not permitted
build	Cache Android SDK	2026-06-06T12:22:55.4869512Z /usr/bin/tar: ../../../../../usr/local/lib/android/sdk/platforms/android-36/data/res/values-mcc310-mnc660-fa: Cannot utime: Operation not permitted
build	Cache Android SDK	2026-06-06T12:22:55.4870002Z /usr/bin/tar: ../../../../../usr/local/lib/android/sdk/platforms/android-36/data/res/values-mcc310-mnc660-fa: Cannot change mode to rwxr-xr-x: Operation not permitted
build	Cache Android SDK	2026-06-06T12:22:55.4872497Z /usr/bin/tar: ../../../../../usr/local/lib/android/sdk/platforms/android-36/data/res/values-mcc310-mnc270-sr: Cannot utime: Operation not permitted
build	Cache Android SDK	2026-06-06T12:22:55.4872982Z /usr/bin/tar: ../../../../../usr/local/lib/android/sdk/platforms/android-36/data/res/values-mcc310-mnc270-sr: Cannot change mode to rwxr-xr-x: Operation not permitted
build	Cache Android SDK	2026-06-06T12:22:55.4875219Z /usr/bin/tar: ../../../../../usr/local/lib/android/sdk/platforms/android-36/data/res/values-mcc310-mnc220-en-rIN: Cannot utime: Operation not permitted
build	Cache Android SDK	2026-06-06T12:22:55.4875698Z /usr/bin/tar: ../../../../../usr/local/lib/android/sdk/platforms/android-36/data/res/values-mcc310-mnc220-en-rIN: Cannot change mode to rwxr-xr-x: Operation not permitted
build	Cache Android SDK	2026-06-06T12:22:55.4882698Z /usr/bin/tar: ../../../../../usr/local/lib/android/sdk/platforms/android-36/data/res/values-bg: Cannot utime: Operation not permitted
build	Cache Android SDK	2026-06-06T12:22:55.4883209Z /usr/bin/tar: ../../../../../usr/local/lib/android/sdk/platforms/android-36/data/res/values-bg: Cannot change mode to rwxr-xr-x: Operation not permitted
build	Cache Android SDK	2026-06-06T12:22:55.4885495Z /usr/bin/tar: ../../../../../usr/local/lib/android/sdk/platforms/android-36/data/res/values-mcc310-mnc200-kn: Cannot utime: Operation not permitted
build	Cache Android SDK	2026-06-06T12:22:55.4885950Z /usr/bin/tar: ../../../../../usr/local/lib/android/sdk/platforms/android-36/data/res/values-mcc310-mnc200-kn: Cannot change mode to rwxr-xr-x: Operation not permitted
build	Cache Android SDK	2026-06-06T12:22:55.4889423Z /usr/bin/tar: ../../../../../usr/local/lib/android/sdk/platforms/android-36/data/res/values-mcc310-mnc230-nb: Cannot utime: Operation not permitted
build	Cache Android SDK	2026-06-06T12:22:55.4889880Z /usr/bin/tar: ../../../../../usr/local/lib/android/sdk/platforms/android-36/data/res/values-mcc310-mnc230-nb: Cannot change mode to rwxr-xr-x: Operation not permitted
build	Cache Android SDK	2026-06-06T12:22:55.4892799Z /usr/bin/tar: ../../../../../usr/local/lib/android/sdk/platforms/android-36/data/res/values-mcc310-mnc280-af: Cannot utime: Operation not permitted
build	Cache Android SDK	2026-06-06T12:22:55.4893272Z /usr/bin/tar: ../../../../../usr/local/lib/android/sdk/platforms/android-36/data/res/values-mcc310-mnc280-af: Cannot change mode to rwxr-xr-x: Operation not permitted
build	Cache Android SDK	2026-06-06T12:22:55.4896277Z /usr/bin/tar: ../../../../../usr/local/lib/android/sdk/platforms/android-36/data/res/values-mcc310-mnc800-te: Cannot utime: Operation not permitted
build	Cache Android SDK	2026-06-06T12:22:55.4896737Z /usr/bin/tar: ../../../../../usr/local/lib/android/sdk/platforms/android-36/data/res/values-mcc310-mnc800-te: Cannot change mode to rwxr-xr-x: Operation not permitted
build	Cache Android SDK	2026-06-06T12:22:55.4899248Z /usr/bin/tar: ../../../../../usr/local/lib/android/sdk/platforms/android-36/data/res/values-gl-watch: Cannot utime: Operation not permitted
build	Cache Android SDK	2026-06-06T12:22:55.4899688Z /usr/bin/tar: ../../../../../usr/local/lib/android/sdk/platforms/android-36/data/res/values-gl-watch: Cannot change mode to rwxr-xr-x: Operation not permitted
build	Cache Android SDK	2026-06-06T12:22:55.4902243Z /usr/bin/tar: ../../../../../usr/local/lib/android/sdk/platforms/android-36/data/res/values-mcc310-mnc240-hu: Cannot utime: Operation not permitted
build	Cache Android SDK	2026-06-06T12:22:55.4902730Z /usr/bin/tar: ../../../../../usr/local/lib/android/sdk/platforms/android-36/data/res/values-mcc310-mnc240-hu: Cannot change mode to rwxr-xr-x: Operation not permitted
build	Cache Android SDK	2026-06-06T12:22:55.4905439Z /usr/bin/tar: ../../../../../usr/local/lib/android/sdk/platforms/android-36/data/res/values-mcc310-mnc950-bs: Cannot utime: Operation not permitted
build	Cache Android SDK	2026-06-06T12:22:55.4905913Z /usr/bin/tar: ../../../../../usr/local/lib/android/sdk/platforms/android-36/data/res/values-mcc310-mnc950-bs: Cannot change mode to rwxr-xr-x: Operation not permitted
build	Cache Android SDK	2026-06-06T12:22:55.4908193Z /usr/bin/tar: ../../../../../usr/local/lib/android/sdk/platforms/android-36/data/res/values-bn-television: Cannot utime: Operation not permitted
build	Cache Android SDK	2026-06-06T12:22:55.4908664Z /usr/bin/tar: ../../../../../usr/local/lib/android/sdk/platforms/android-36/data/res/values-bn-television: Cannot change mode to rwxr-xr-x: Operation not permitted
build	Cache Android SDK	2026-06-06T12:22:55.4910811Z /usr/bin/tar: ../../../../../usr/local/lib/android/sdk/platforms/android-36/data/res/values-mcc310-mnc250-te: Cannot utime: Operation not permitted
build	Cache Android SDK	2026-06-06T12:22:55.4911275Z /usr/bin/tar: ../../../../../usr/local/lib/android/sdk/platforms/android-36/data/res/values-mcc310-mnc250-te: Cannot change mode to rwxr-xr-x: Operation not permitted
build	Cache Android SDK	2026-06-06T12:22:55.4914083Z /usr/bin/tar: ../../../../../usr/local/lib/android/sdk/platforms/android-36/data/res/values-mcc302-mnc720-cs: Cannot utime: Operation not permitted
build	Cache Android SDK	2026-06-06T12:22:55.4914543Z /usr/bin/tar: ../../../../../usr/local/lib/android/sdk/platforms/android-36/data/res/values-mcc302-mnc720-cs: Cannot change mode to rwxr-xr-x: Operation not permitted
build	Cache Android SDK	2026-06-06T12:22:55.4917810Z /usr/bin/tar: ../../../../../usr/local/lib/android/sdk/platforms/android-36/data/res/values-mcc310-mnc410-or: Cannot utime: Operation not permitted
build	Cache Android SDK	2026-06-06T12:22:55.4918377Z /usr/bin/tar: ../../../../../usr/local/lib/android/sdk/platforms/android-36/data/res/values-mcc310-mnc410-or: Cannot change mode to rwxr-xr-x: Operation not permitted
build	Cache Android SDK	2026-06-06T12:22:55.4921612Z /usr/bin/tar: ../../../../../usr/local/lib/android/sdk/platforms/android-36/data/res/values-mcc313-mnc100-af: Cannot utime: Operation not permitted
build	Cache Android SDK	2026-06-06T12:22:55.4922058Z /usr/bin/tar: ../../../../../usr/local/lib/android/sdk/platforms/android-36/data/res/values-mcc313-mnc100-af: Cannot change mode to rwxr-xr-x: Operation not permitted
build	Cache Android SDK	2026-06-06T12:22:55.4924599Z /usr/bin/tar: ../../../../../usr/local/lib/android/sdk/platforms/android-36/data/res/values-mcc310-mnc170-zu: Cannot utime: Operation not permitted
build	Cache Android SDK	2026-06-06T12:22:55.4925054Z /usr/bin/tar: ../../../../../usr/local/lib/android/sdk/platforms/android-36/data/res/values-mcc310-mnc170-zu: Cannot change mode to rwxr-xr-x: Operation not permitted
build	Cache Android SDK	2026-06-06T12:22:55.4927641Z /usr/bin/tar: ../../../../../usr/local/lib/android/sdk/platforms/android-36/data/res/values-mcc311-mnc180-vi: Cannot utime: Operation not permitted
build	Cache Android SDK	2026-06-06T12:22:55.4928117Z /usr/bin/tar: ../../../../../usr/local/lib/android/sdk/platforms/android-36/data/res/values-mcc311-mnc180-vi: Cannot change mode to rwxr-xr-x: Operation not permitted
build	Cache Android SDK	2026-06-06T12:22:55.4930426Z /usr/bin/tar: ../../../../../usr/local/lib/android/sdk/platforms/android-36/data/res/values-ca-television: Cannot utime: Operation not permitted
build	Cache Android SDK	2026-06-06T12:22:55.4930875Z /usr/bin/tar: ../../../../../usr/local/lib/android/sdk/platforms/android-36/data/res/values-ca-television: Cannot change mode to rwxr-xr-x: Operation not permitted
build	Cache Android SDK	2026-06-06T12:22:55.4934533Z /usr/bin/tar: ../../../../../usr/local/lib/android/sdk/platforms/android-36/data/res/values-mcc001-mnc01-pa: Cannot utime: Operation not permitted
build	Cache Android SDK	2026-06-06T12:22:55.4935029Z /usr/bin/tar: ../../../../../usr/local/lib/android/sdk/platforms/android-36/data/res/values-mcc001-mnc01-pa: Cannot change mode to rwxr-xr-x: Operation not permitted
build	Cache Android SDK	2026-06-06T12:22:55.4937787Z /usr/bin/tar: ../../../../../usr/local/lib/android/sdk/platforms/android-36/data/res/values-mcc302-mnc720-ar: Cannot utime: Operation not permitted
build	Cache Android SDK	2026-06-06T12:22:55.4938258Z /usr/bin/tar: ../../../../../usr/local/lib/android/sdk/platforms/android-36/data/res/values-mcc302-mnc720-ar: Cannot change mode to rwxr-xr-x: Operation not permitted
build	Cache Android SDK	2026-06-06T12:22:55.4940713Z /usr/bin/tar: ../../../../../usr/local/lib/android/sdk/platforms/android-36/data/res/values-mcc001-mnc01-ka: Cannot utime: Operation not permitted
build	Cache Android SDK	2026-06-06T12:22:55.4941176Z /usr/bin/tar: ../../../../../usr/local/lib/android/sdk/platforms/android-36/data/res/values-mcc001-mnc01-ka: Cannot change mode to rwxr-xr-x: Operation not permitted
build	Cache Android SDK	2026-06-06T12:22:55.4943665Z /usr/bin/tar: ../../../../../usr/local/lib/android/sdk/platforms/android-36/data/res/values-mcc310-mnc230-te: Cannot utime: Operation not permitted
build	Cache Android SDK	2026-06-06T12:22:55.4944134Z /usr/bin/tar: ../../../../../usr/local/lib/android/sdk/platforms/android-36/data/res/values-mcc310-mnc230-te: Cannot change mode to rwxr-xr-x: Operation not permitted
build	Cache Android SDK	2026-06-06T12:22:55.4946706Z /usr/bin/tar: ../../../../../usr/local/lib/android/sdk/platforms/android-36/data/res/values-mcc310-mnc030-or: Cannot utime: Operation not permitted
build	Cache Android SDK	2026-06-06T12:22:55.4947170Z /usr/bin/tar: ../../../../../usr/local/lib/android/sdk/platforms/android-36/data/res/values-mcc310-mnc030-or: Cannot change mode to rwxr-xr-x: Operation not permitted
build	Cache Android SDK	2026-06-06T12:22:55.4949365Z /usr/bin/tar: ../../../../../usr/local/lib/android/sdk/platforms/android-36/data/res/values-mcc310-mnc310-fr: Cannot utime: Operation not permitted
build	Cache Android SDK	2026-06-06T12:22:55.4949829Z /usr/bin/tar: ../../../../../usr/local/lib/android/sdk/platforms/android-36/data/res/values-mcc310-mnc310-fr: Cannot change mode to rwxr-xr-x: Operation not permitted
build	Cache Android SDK	2026-06-06T12:22:55.4952342Z /usr/bin/tar: ../../../../../usr/local/lib/android/sdk/platforms/android-36/data/res/values-mcc310-mnc210-ml: Cannot utime: Operation not permitted
build	Cache Android SDK	2026-06-06T12:22:55.4952883Z /usr/bin/tar: ../../../../../usr/local/lib/android/sdk/platforms/android-36/data/res/values-mcc310-mnc210-ml: Cannot change mode to rwxr-xr-x: Operation not permitted
build	Cache Android SDK	2026-06-06T12:22:55.4955530Z /usr/bin/tar: ../../../../../usr/local/lib/android/sdk/platforms/android-36/data/res/values-mcc310-mnc150-bg: Cannot utime: Operation not permitted
build	Cache Android SDK	2026-06-06T12:22:55.4955988Z /usr/bin/tar: ../../../../../usr/local/lib/android/sdk/platforms/android-36/data/res/values-mcc310-mnc150-bg: Cannot change mode to rwxr-xr-x: Operation not permitted
build	Cache Android SDK	2026-06-06T12:22:55.4958287Z /usr/bin/tar: ../../../../../usr/local/lib/android/sdk/platforms/android-36/data/res/values-mcc310-mnc230-ta: Cannot utime: Operation not permitted
build	Cache Android SDK	2026-06-06T12:22:55.4958747Z /usr/bin/tar: ../../../../../usr/local/lib/android/sdk/platforms/android-36/data/res/values-mcc310-mnc230-ta: Cannot change mode to rwxr-xr-x: Operation not permitted
build	Cache Android SDK	2026-06-06T12:22:55.4961654Z /usr/bin/tar: ../../../../../usr/local/lib/android/sdk/platforms/android-36/data/res/values-mcc310-mnc800-hr: Cannot utime: Operation not permitted
build	Cache Android SDK	2026-06-06T12:22:55.4962120Z /usr/bin/tar: ../../../../../usr/local/lib/android/sdk/platforms/android-36/data/res/values-mcc310-mnc800-hr: Cannot change mode to rwxr-xr-x: Operation not permitted
build	Cache Android SDK	2026-06-06T12:22:55.4964634Z /usr/bin/tar: ../../../../../usr/local/lib/android/sdk/platforms/android-36/data/res/values-mcc310-mnc240-sq: Cannot utime: Operation not permitted
build	Cache Android SDK	2026-06-06T12:22:55.4965093Z /usr/bin/tar: ../../../../../usr/local/lib/android/sdk/platforms/android-36/data/res/values-mcc310-mnc240-sq: Cannot change mode to rwxr-xr-x: Operation not permitted
build	Cache Android SDK	2026-06-06T12:22:55.4968135Z /usr/bin/tar: ../../../../../usr/local/lib/android/sdk/platforms/android-36/data/res/values-mcc311-mnc180-pt: Cannot utime: Operation not permitted
build	Cache Android SDK	2026-06-06T12:22:55.4968588Z /usr/bin/tar: ../../../../../usr/local/lib/android/sdk/platforms/android-36/data/res/values-mcc311-mnc180-pt: Cannot change mode to rwxr-xr-x: Operation not permitted
build	Cache Android SDK	2026-06-06T12:22:55.4971013Z /usr/bin/tar: ../../../../../usr/local/lib/android/sdk/platforms/android-36/data/res/values-mcc310-mnc660-hy: Cannot utime: Operation not permitted
build	Cache Android SDK	2026-06-06T12:22:55.4971476Z /usr/bin/tar: ../../../../../usr/local/lib/android/sdk/platforms/android-36/data/res/values-mcc310-mnc660-hy: Cannot change mode to rwxr-xr-x: Operation not permitted
build	Cache Android SDK	2026-06-06T12:22:55.4974130Z /usr/bin/tar: ../../../../../usr/local/lib/android/sdk/platforms/android-36/data/res/values-mcc001-mnc01: Cannot utime: Operation not permitted
build	Cache Android SDK	2026-06-06T12:22:55.4974689Z /usr/bin/tar: ../../../../../usr/local/lib/android/sdk/platforms/android-36/data/res/values-mcc001-mnc01: Cannot change mode to rwxr-xr-x: Operation not permitted
build	Cache Android SDK	2026-06-06T12:22:55.4976506Z /usr/bin/tar: ../../../../../usr/local/lib/android/sdk/platforms/android-36/data/res/values-mcc310-mnc220-sl: Cannot utime: Operation not permitted
build	Cache Android SDK	2026-06-06T12:22:55.4976960Z /usr/bin/tar: ../../../../../usr/local/lib/android/sdk/platforms/android-36/data/res/values-mcc310-mnc220-sl: Cannot change mode to rwxr-xr-x: Operation not permitted
build	Cache Android SDK	2026-06-06T12:22:55.4979914Z /usr/bin/tar: ../../../../../usr/local/lib/android/sdk/platforms/android-36/data/res/values-mcc310-mnc560-fi: Cannot utime: Operation not permitted
build	Cache Android SDK	2026-06-06T12:22:55.4980377Z /usr/bin/tar: ../../../../../usr/local/lib/android/sdk/platforms/android-36/data/res/values-mcc310-mnc560-fi: Cannot change mode to rwxr-xr-x: Operation not permitted
build	Cache Android SDK	2026-06-06T12:22:55.4983563Z /usr/bin/tar: ../../../../../usr/local/lib/android/sdk/platforms/android-36/data/res/values-mcc312-mnc670-en-rCA: Cannot utime: Operation not permitted
build	Cache Android SDK	2026-06-06T12:22:55.4984035Z /usr/bin/tar: ../../../../../usr/local/lib/android/sdk/platforms/android-36/data/res/values-mcc312-mnc670-en-rCA: Cannot change mode to rwxr-xr-x: Operation not permitted
build	Cache Android SDK	2026-06-06T12:22:55.4986298Z /usr/bin/tar: ../../../../../usr/local/lib/android/sdk/platforms/android-36/data/res/values-mcc312-mnc670-fa: Cannot utime: Operation not permitted
build	Cache Android SDK	2026-06-06T12:22:55.4986966Z /usr/bin/tar: ../../../../../usr/local/lib/android/sdk/platforms/android-36/data/res/values-mcc312-mnc670-fa: Cannot change mode to rwxr-xr-x: Operation not permitted
build	Cache Android SDK	2026-06-06T12:22:55.4989625Z /usr/bin/tar: ../../../../../usr/local/lib/android/sdk/platforms/android-36/data/res/values-mcc310-mnc230-ne: Cannot utime: Operation not permitted
build	Cache Android SDK	2026-06-06T12:22:55.4990240Z /usr/bin/tar: ../../../../../usr/local/lib/android/sdk/platforms/android-36/data/res/values-mcc310-mnc230-ne: Cannot change mode to rwxr-xr-x: Operation not permitted
build	Cache Android SDK	2026-06-06T12:22:55.4992104Z /usr/bin/tar: ../../../../../usr/local/lib/android/sdk/platforms/android-36/data/res/values-es-rCR: Cannot utime: Operation not permitted
build	Cache Android SDK	2026-06-06T12:22:55.4992661Z /usr/bin/tar: ../../../../../usr/local/lib/android/sdk/platforms/android-36/data/res/values-es-rCR: Cannot change mode to rwxr-xr-x: Operation not permitted
build	Cache Android SDK	2026-06-06T12:22:55.4995867Z /usr/bin/tar: ../../../../../usr/local/lib/android/sdk/platforms/android-36/data/res/values-mcc312-mnc670-en-rGB: Cannot utime: Operation not permitted
build	Cache Android SDK	2026-06-06T12:22:55.4996359Z /usr/bin/tar: ../../../../../usr/local/lib/android/sdk/platforms/android-36/data/res/values-mcc312-mnc670-en-rGB: Cannot change mode to rwxr-xr-x: Operation not permitted
build	Cache Android SDK	2026-06-06T12:22:55.4998821Z /usr/bin/tar: ../../../../../usr/local/lib/android/sdk/platforms/android-36/data/res/values-mcc310-mnc950-bg: Cannot utime: Operation not permitted
build	Cache Android SDK	2026-06-06T12:22:55.4999279Z /usr/bin/tar: ../../../../../usr/local/lib/android/sdk/platforms/android-36/data/res/values-mcc310-mnc950-bg: Cannot change mode to rwxr-xr-x: Operation not permitted
build	Cache Android SDK	2026-06-06T12:22:55.5002267Z /usr/bin/tar: ../../../../../usr/local/lib/android/sdk/platforms/android-36/data/res/values-mcc310-mnc210-be: Cannot utime: Operation not permitted
build	Cache Android SDK	2026-06-06T12:22:55.5002736Z /usr/bin/tar: ../../../../../usr/local/lib/android/sdk/platforms/android-36/data/res/values-mcc310-mnc210-be: Cannot change mode to rwxr-xr-x: Operation not permitted
build	Cache Android SDK	2026-06-06T12:22:55.5004926Z /usr/bin/tar: ../../../../../usr/local/lib/android/sdk/platforms/android-36/data/res/values-mcc302-mnc720-tr: Cannot utime: Operation not permitted
build	Cache Android SDK	2026-06-06T12:22:55.5005397Z /usr/bin/tar: ../../../../../usr/local/lib/android/sdk/platforms/android-36/data/res/values-mcc302-mnc720-tr: Cannot change mode to rwxr-xr-x: Operation not permitted
build	Cache Android SDK	2026-06-06T12:22:55.5013457Z /usr/bin/tar: ../../../../../usr/local/lib/android/sdk/platforms/android-36/data/res/values-mcc310-mnc240-ar: Cannot utime: Operation not permitted
build	Cache Android SDK	2026-06-06T12:22:55.5014328Z /usr/bin/tar: ../../../../../usr/local/lib/android/sdk/platforms/android-36/data/res/values-mcc310-mnc240-ar: Cannot change mode to rwxr-xr-x: Operation not permitted
build	Cache Android SDK	2026-06-06T12:22:55.5016152Z /usr/bin/tar: ../../../../../usr/local/lib/android/sdk/platforms/android-36/data/res/values-mcc310-mnc220-vi: Cannot utime: Operation not permitted
build	Cache Android SDK	2026-06-06T12:22:55.5016997Z /usr/bin/tar: ../../../../../usr/local/lib/android/sdk/platforms/android-36/data/res/values-mcc310-mnc220-vi: Cannot change mode to rwxr-xr-x: Operation not permitted
build	Cache Android SDK	2026-06-06T12:22:55.5020800Z /usr/bin/tar: ../../../../../usr/local/lib/android/sdk/platforms/android-36/data/res/values-mcc310-mnc310-ja: Cannot utime: Operation not permitted
build	Cache Android SDK	2026-06-06T12:22:55.5021763Z /usr/bin/tar: ../../../../../usr/local/lib/android/sdk/platforms/android-36/data/res/values-mcc310-mnc310-ja: Cannot change mode to rwxr-xr-x: Operation not permitted
build	Cache Android SDK	2026-06-06T12:22:55.5025164Z /usr/bin/tar: ../../../../../usr/local/lib/android/sdk/platforms/android-36/data/res/values-mcc310-mnc150-fr: Cannot utime: Operation not permitted
build	Cache Android SDK	2026-06-06T12:22:55.5026101Z /usr/bin/tar: ../../../../../usr/local/lib/android/sdk/platforms/android-36/data/res/values-mcc310-mnc150-fr: Cannot change mode to rwxr-xr-x: Operation not permitted
build	Cache Android SDK	2026-06-06T12:22:55.5040061Z /usr/bin/tar: ../../../../../usr/local/lib/android/sdk/platforms/android-36/data/res/values-mcc310-mnc280-iw: Cannot utime: Operation not permitted
build	Cache Android SDK	2026-06-06T12:22:55.5041487Z /usr/bin/tar: ../../../../../usr/local/lib/android/sdk/platforms/android-36/data/res/values-mcc310-mnc280-iw: Cannot change mode to rwxr-xr-x: Operation not permitted
build	Cache Android SDK	2026-06-06T12:22:55.5043162Z /usr/bin/tar: ../../../../../usr/local/lib/android/sdk/platforms/android-36/data/res/values-mcc310-mnc950-ar: Cannot utime: Operation not permitted
build	Cache Android SDK	2026-06-06T12:22:55.5044336Z /usr/bin/tar: ../../../../../usr/local/lib/android/sdk/platforms/android-36/data/res/values-mcc310-mnc950-ar: Cannot change mode to rwxr-xr-x: Operation not permitted
build	Cache Android SDK	2026-06-06T12:22:55.5045249Z /usr/bin/tar: ../../../../../usr/local/lib/android/sdk/platforms/android-36/data/res/values-mcc310-mnc160-gl: Cannot utime: Operation not permitted
build	Cache Android SDK	2026-06-06T12:22:55.5046451Z /usr/bin/tar: ../../../../../usr/local/lib/android/sdk/platforms/android-36/data/res/values-mcc310-mnc160-gl: Cannot change mode to rwxr-xr-x: Operation not permitted
build	Cache Android SDK	2026-06-06T12:22:55.5047670Z /usr/bin/tar: ../../../../../usr/local/lib/android/sdk/platforms/android-36/data/res/values-mcc310-mnc250-tr: Cannot utime: Operation not permitted
build	Cache Android SDK	2026-06-06T12:22:55.5048590Z /usr/bin/tar: ../../../../../usr/local/lib/android/sdk/platforms/android-36/data/res/values-mcc310-mnc250-tr: Cannot change mode to rwxr-xr-x: Operation not permitted
build	Cache Android SDK	2026-06-06T12:22:55.5050109Z /usr/bin/tar: ../../../../../usr/local/lib/android/sdk/platforms/android-36/data/res/values-mcc313-mnc100-es-rUS: Cannot utime: Operation not permitted
build	Cache Android SDK	2026-06-06T12:22:55.5051123Z /usr/bin/tar: ../../../../../usr/local/lib/android/sdk/platforms/android-36/data/res/values-mcc313-mnc100-es-rUS: Cannot change mode to rwxr-xr-x: Operation not permitted
build	Cache Android SDK	2026-06-06T12:22:55.5052065Z /usr/bin/tar: ../../../../../usr/local/lib/android/sdk/platforms/android-36/data/res/values-mcc310-mnc250-hy: Cannot utime: Operation not permitted
build	Cache Android SDK	2026-06-06T12:22:55.5053605Z /usr/bin/tar: ../../../../../usr/local/lib/android/sdk/platforms/android-36/data/res/values-mcc310-mnc250-hy: Cannot change mode to rwxr-xr-x: Operation not permitted
build	Cache Android SDK	2026-06-06T12:22:55.5054529Z /usr/bin/tar: ../../../../../usr/local/lib/android/sdk/platforms/android-36/data/res/values-mcc310-mnc950-in: Cannot utime: Operation not permitted
build	Cache Android SDK	2026-06-06T12:22:55.5055777Z /usr/bin/tar: ../../../../../usr/local/lib/android/sdk/platforms/android-36/data/res/values-mcc310-mnc950-in: Cannot change mode to rwxr-xr-x: Operation not permitted
build	Cache Android SDK	2026-06-06T12:22:55.5056983Z /usr/bin/tar: ../../../../../usr/local/lib/android/sdk/platforms/android-36/data/res/values-mcc310-mnc270-sk: Cannot utime: Operation not permitted
build	Cache Android SDK	2026-06-06T12:22:55.5058018Z /usr/bin/tar: ../../../../../usr/local/lib/android/sdk/platforms/android-36/data/res/values-mcc310-mnc270-sk: Cannot change mode to rwxr-xr-x: Operation not permitted
build	Cache Android SDK	2026-06-06T12:22:55.5060274Z /usr/bin/tar: ../../../../../usr/local/lib/android/sdk/platforms/android-36/data/res/values-mcc310-mnc230-iw: Cannot utime: Operation not permitted
build	Cache Android SDK	2026-06-06T12:22:55.5061247Z /usr/bin/tar: ../../../../../usr/local/lib/android/sdk/platforms/android-36/data/res/values-mcc310-mnc230-iw: Cannot change mode to rwxr-xr-x: Operation not permitted
build	Cache Android SDK	2026-06-06T12:22:55.5062875Z /usr/bin/tar: ../../../../../usr/local/lib/android/sdk/platforms/android-36/data/res/values-mcc310-mnc230-en-rAU: Cannot utime: Operation not permitted
build	Cache Android SDK	2026-06-06T12:22:55.5064602Z /usr/bin/tar: ../../../../../usr/local/lib/android/sdk/platforms/android-36/data/res/values-mcc310-mnc230-en-rAU: Cannot change mode to rwxr-xr-x: Operation not permitted
build	Cache Android SDK	2026-06-06T12:22:55.5066030Z /usr/bin/tar: ../../../../../usr/local/lib/android/sdk/platforms/android-36/data/res/values-ru-rRU: Cannot utime: Operation not permitted
build	Cache Android SDK	2026-06-06T12:22:55.5067779Z /usr/bin/tar: ../../../../../usr/local/lib/android/sdk/platforms/android-36/data/res/values-ru-rRU: Cannot change mode to rwxr-xr-x: Operation not permitted
build	Cache Android SDK	2026-06-06T12:22:55.5074686Z /usr/bin/tar: ../../../../../usr/local/lib/android/sdk/platforms/android-36/data/res/values-uk: Cannot utime: Operation not permitted
build	Cache Android SDK	2026-06-06T12:22:55.5075717Z /usr/bin/tar: ../../../../../usr/local/lib/android/sdk/platforms/android-36/data/res/values-uk: Cannot change mode to rwxr-xr-x: Operation not permitted
build	Cache Android SDK	2026-06-06T12:22:55.5078035Z /usr/bin/tar: ../../../../../usr/local/lib/android/sdk/platforms/android-36/data/res/values-mcc310-mnc310-sv: Cannot utime: Operation not permitted
build	Cache Android SDK	2026-06-06T12:22:55.5079006Z /usr/bin/tar: ../../../../../usr/local/lib/android/sdk/platforms/android-36/data/res/values-mcc310-mnc310-sv: Cannot change mode to rwxr-xr-x: Operation not permitted
build	Cache Android SDK	2026-06-06T12:22:55.5081248Z /usr/bin/tar: ../../../../../usr/local/lib/android/sdk/platforms/android-36/data/res/values-mcc310-mnc230-it: Cannot utime: Operation not permitted
build	Cache Android SDK	2026-06-06T12:22:55.5082255Z /usr/bin/tar: ../../../../../usr/local/lib/android/sdk/platforms/android-36/data/res/values-mcc310-mnc230-it: Cannot change mode to rwxr-xr-x: Operation not permitted
build	Cache Android SDK	2026-06-06T12:22:55.5083905Z /usr/bin/tar: ../../../../../usr/local/lib/android/sdk/platforms/android-36/data/res/values-eu-television: Cannot utime: Operation not permitted
build	Cache Android SDK	2026-06-06T12:22:55.5084876Z /usr/bin/tar: ../../../../../usr/local/lib/android/sdk/platforms/android-36/data/res/values-eu-television: Cannot change mode to rwxr-xr-x: Operation not permitted
build	Cache Android SDK	2026-06-06T12:22:55.5087900Z /usr/bin/tar: ../../../../../usr/local/lib/android/sdk/platforms/android-36/data/res/values-zh-rHK-television: Cannot utime: Operation not permitted
build	Cache Android SDK	2026-06-06T12:22:55.5088862Z /usr/bin/tar: ../../../../../usr/local/lib/android/sdk/platforms/android-36/data/res/values-zh-rHK-television: Cannot change mode to rwxr-xr-x: Operation not permitted
build	Cache Android SDK	2026-06-06T12:22:55.5090359Z /usr/bin/tar: ../../../../../usr/local/lib/android/sdk/platforms/android-36/data/res/values-mcc310-mnc490-cs: Cannot utime: Operation not permitted
build	Cache Android SDK	2026-06-06T12:22:55.5091320Z /usr/bin/tar: ../../../../../usr/local/lib/android/sdk/platforms/android-36/data/res/values-mcc310-mnc490-cs: Cannot change mode to rwxr-xr-x: Operation not permitted
build	Cache Android SDK	2026-06-06T12:22:55.5093420Z /usr/bin/tar: ../../../../../usr/local/lib/android/sdk/platforms/android-36/data/res/values-mcc310-mnc800-zh-rTW: Cannot utime: Operation not permitted
build	Cache Android SDK	2026-06-06T12:22:55.5094395Z /usr/bin/tar: ../../../../../usr/local/lib/android/sdk/platforms/android-36/data/res/values-mcc310-mnc800-zh-rTW: Cannot change mode to rwxr-xr-x: Operation not permitted
build	Cache Android SDK	2026-06-06T12:22:55.5096932Z /usr/bin/tar: ../../../../../usr/local/lib/android/sdk/platforms/android-36/data/res/values-es-rPA: Cannot utime: Operation not permitted
build	Cache Android SDK	2026-06-06T12:22:55.5097995Z /usr/bin/tar: ../../../../../usr/local/lib/android/sdk/platforms/android-36/data/res/values-es-rPA: Cannot change mode to rwxr-xr-x: Operation not permitted
build	Cache Android SDK	2026-06-06T12:22:55.5101856Z /usr/bin/tar: ../../../../../usr/local/lib/android/sdk/platforms/android-36/data/res/values-mcc001-mnc01-mk: Cannot utime: Operation not permitted
build	Cache Android SDK	2026-06-06T12:22:55.5102909Z /usr/bin/tar: ../../../../../usr/local/lib/android/sdk/platforms/android-36/data/res/values-mcc001-mnc01-mk: Cannot change mode to rwxr-xr-x: Operation not permitted
build	Cache Android SDK	2026-06-06T12:22:55.5105423Z /usr/bin/tar: ../../../../../usr/local/lib/android/sdk/platforms/android-36/data/res/values-mk-watch: Cannot utime: Operation not permitted
build	Cache Android SDK	2026-06-06T12:22:55.5106317Z /usr/bin/tar: ../../../../../usr/local/lib/android/sdk/platforms/android-36/data/res/values-mk-watch: Cannot change mode to rwxr-xr-x: Operation not permitted
build	Cache Android SDK	2026-06-06T12:22:55.5109123Z /usr/bin/tar: ../../../../../usr/local/lib/android/sdk/platforms/android-36/data/res/values-mcc310-mnc150-am: Cannot utime: Operation not permitted
build	Cache Android SDK	2026-06-06T12:22:55.5110063Z /usr/bin/tar: ../../../../../usr/local/lib/android/sdk/platforms/android-36/data/res/values-mcc310-mnc150-am: Cannot change mode to rwxr-xr-x: Operation not permitted
build	Cache Android SDK	2026-06-06T12:22:55.5112205Z /usr/bin/tar: ../../../../../usr/local/lib/android/sdk/platforms/android-36/data/res/values-mcc310-mnc250-hr: Cannot utime: Operation not permitted
build	Cache Android SDK	2026-06-06T12:22:55.5113270Z /usr/bin/tar: ../../../../../usr/local/lib/android/sdk/platforms/android-36/data/res/values-mcc310-mnc250-hr: Cannot change mode to rwxr-xr-x: Operation not permitted
build	Cache Android SDK	2026-06-06T12:22:55.5115662Z /usr/bin/tar: ../../../../../usr/local/lib/android/sdk/platforms/android-36/data/res/values-mcc334-mnc020-fr: Cannot utime: Operation not permitted
build	Cache Android SDK	2026-06-06T12:22:55.5116599Z /usr/bin/tar: ../../../../../usr/local/lib/android/sdk/platforms/android-36/data/res/values-mcc334-mnc020-fr: Cannot change mode to rwxr-xr-x: Operation not permitted
build	Cache Android SDK	2026-06-06T12:22:55.5119624Z /usr/bin/tar: ../../../../../usr/local/lib/android/sdk/platforms/android-36/data/res/values-mcc310-mnc220-uk: Cannot utime: Operation not permitted
build	Cache Android SDK	2026-06-06T12:22:55.5120632Z /usr/bin/tar: ../../../../../usr/local/lib/android/sdk/platforms/android-36/data/res/values-mcc310-mnc220-uk: Cannot change mode to rwxr-xr-x: Operation not permitted
build	Cache Android SDK	2026-06-06T12:22:55.5123732Z /usr/bin/tar: ../../../../../usr/local/lib/android/sdk/platforms/android-36/data/res/values-mcc313-mnc100-te: Cannot utime: Operation not permitted
build	Cache Android SDK	2026-06-06T12:22:55.5124664Z /usr/bin/tar: ../../../../../usr/local/lib/android/sdk/platforms/android-36/data/res/values-mcc313-mnc100-te: Cannot change mode to rwxr-xr-x: Operation not permitted
build	Cache Android SDK	2026-06-06T12:22:55.5127857Z /usr/bin/tar: ../../../../../usr/local/lib/android/sdk/platforms/android-36/data/res/values-si-watch: Cannot utime: Operation not permitted
build	Cache Android SDK	2026-06-06T12:22:55.5128756Z /usr/bin/tar: ../../../../../usr/local/lib/android/sdk/platforms/android-36/data/res/values-si-watch: Cannot change mode to rwxr-xr-x: Operation not permitted
build	Cache Android SDK	2026-06-06T12:22:55.5131198Z /usr/bin/tar: ../../../../../usr/local/lib/android/sdk/platforms/android-36/data/res/values-mcc310-mnc270-lo: Cannot utime: Operation not permitted
build	Cache Android SDK	2026-06-06T12:22:55.5132137Z /usr/bin/tar: ../../../../../usr/local/lib/android/sdk/platforms/android-36/data/res/values-mcc310-mnc270-lo: Cannot change mode to rwxr-xr-x: Operation not permitted
build	Cache Android SDK	2026-06-06T12:22:55.5134431Z /usr/bin/tar: ../../../../../usr/local/lib/android/sdk/platforms/android-36/data/res/values-mcc310-mnc170-km: Cannot utime: Operation not permitted
build	Cache Android SDK	2026-06-06T12:22:55.5135364Z /usr/bin/tar: ../../../../../usr/local/lib/android/sdk/platforms/android-36/data/res/values-mcc310-mnc170-km: Cannot change mode to rwxr-xr-x: Operation not permitted
build	Cache Android SDK	2026-06-06T12:22:55.5137969Z /usr/bin/tar: ../../../../../usr/local/lib/android/sdk/platforms/android-36/data/res/values-mcc310-mnc660-af: Cannot utime: Operation not permitted
build	Cache Android SDK	2026-06-06T12:22:55.5138991Z /usr/bin/tar: ../../../../../usr/local/lib/android/sdk/platforms/android-36/data/res/values-mcc310-mnc660-af: Cannot change mode to rwxr-xr-x: Operation not permitted
build	Cache Android SDK	2026-06-06T12:22:55.5140482Z /usr/bin/tar: ../../../../../usr/local/lib/android/sdk/platforms/android-36/data/res/values-mcc001-mnc01-it: Cannot utime: Operation not permitted
build	Cache Android SDK	2026-06-06T12:22:55.5141411Z /usr/bin/tar: ../../../../../usr/local/lib/android/sdk/platforms/android-36/data/res/values-mcc001-mnc01-it: Cannot change mode to rwxr-xr-x: Operation not permitted
build	Cache Android SDK	2026-06-06T12:22:55.5143871Z /usr/bin/tar: ../../../../../usr/local/lib/android/sdk/platforms/android-36/data/res/values-mcc310-mnc280-th: Cannot utime: Operation not permitted
build	Cache Android SDK	2026-06-06T12:22:55.5144805Z /usr/bin/tar: ../../../../../usr/local/lib/android/sdk/platforms/android-36/data/res/values-mcc310-mnc280-th: Cannot change mode to rwxr-xr-x: Operation not permitted
build	Cache Android SDK	2026-06-06T12:22:55.5147263Z /usr/bin/tar: ../../../../../usr/local/lib/android/sdk/platforms/android-36/data/res/values-mcc310-mnc380-mk: Cannot utime: Operation not permitted
build	Cache Android SDK	2026-06-06T12:22:55.5148366Z /usr/bin/tar: ../../../../../usr/local/lib/android/sdk/platforms/android-36/data/res/values-mcc310-mnc380-mk: Cannot change mode to rwxr-xr-x: Operation not permitted
build	Cache Android SDK	2026-06-06T12:22:55.5150430Z /usr/bin/tar: ../../../../../usr/local/lib/android/sdk/platforms/android-36/data/res/values-mcc310-mnc250-is: Cannot utime: Operation not permitted
build	Cache Android SDK	2026-06-06T12:22:55.5151504Z /usr/bin/tar: ../../../../../usr/local/lib/android/sdk/platforms/android-36/data/res/values-mcc310-mnc250-is: Cannot change mode to rwxr-xr-x: Operation not permitted
build	Cache Android SDK	2026-06-06T12:22:55.5154196Z /usr/bin/tar: ../../../../../usr/local/lib/android/sdk/platforms/android-36/data/res/values-th-rTH: Cannot utime: Operation not permitted
build	Cache Android SDK	2026-06-06T12:22:55.5155076Z /usr/bin/tar: ../../../../../usr/local/lib/android/sdk/platforms/android-36/data/res/values-th-rTH: Cannot change mode to rwxr-xr-x: Operation not permitted
build	Cache Android SDK	2026-06-06T12:22:55.5157657Z /usr/bin/tar: ../../../../../usr/local/lib/android/sdk/platforms/android-36/data/res/values-mcc310-mnc560-ml: Cannot utime: Operation not permitted
build	Cache Android SDK	2026-06-06T12:22:55.5158579Z /usr/bin/tar: ../../../../../usr/local/lib/android/sdk/platforms/android-36/data/res/values-mcc310-mnc560-ml: Cannot change mode to rwxr-xr-x: Operation not permitted
build	Cache Android SDK	2026-06-06T12:22:55.5160774Z /usr/bin/tar: ../../../../../usr/local/lib/android/sdk/platforms/android-36/data/res/values-mcc310-mnc210-th: Cannot utime: Operation not permitted
build	Cache Android SDK	2026-06-06T12:22:55.5161694Z /usr/bin/tar: ../../../../../usr/local/lib/android/sdk/platforms/android-36/data/res/values-mcc310-mnc210-th: Cannot change mode to rwxr-xr-x: Operation not permitted
build	Cache Android SDK	2026-06-06T12:22:55.5164042Z /usr/bin/tar: ../../../../../usr/local/lib/android/sdk/platforms/android-36/data/res/values-mcc310-mnc380-sr: Cannot utime: Operation not permitted
build	Cache Android SDK	2026-06-06T12:22:55.5164957Z /usr/bin/tar: ../../../../../usr/local/lib/android/sdk/platforms/android-36/data/res/values-mcc310-mnc380-sr: Cannot change mode to rwxr-xr-x: Operation not permitted
build	Cache Android SDK	2026-06-06T12:22:55.5167103Z /usr/bin/tar: ../../../../../usr/local/lib/android/sdk/platforms/android-36/data/res/values-mcc310-mnc410-et: Cannot utime: Operation not permitted
build	Cache Android SDK	2026-06-06T12:22:55.5168251Z /usr/bin/tar: ../../../../../usr/local/lib/android/sdk/platforms/android-36/data/res/values-mcc310-mnc410-et: Cannot change mode to rwxr-xr-x: Operation not permitted
build	Cache Android SDK	2026-06-06T12:22:55.5170398Z /usr/bin/tar: ../../../../../usr/local/lib/android/sdk/platforms/android-36/data/res/values-mcc310-mnc380-uz: Cannot utime: Operation not permitted
build	Cache Android SDK	2026-06-06T12:22:55.5171326Z /usr/bin/tar: ../../../../../usr/local/lib/android/sdk/platforms/android-36/data/res/values-mcc310-mnc380-uz: Cannot change mode to rwxr-xr-x: Operation not permitted
build	Cache Android SDK	2026-06-06T12:22:55.5173327Z /usr/bin/tar: ../../../../../usr/local/lib/android/sdk/platforms/android-36/data/res/values-mcc311-mnc180-gu: Cannot utime: Operation not permitted
build	Cache Android SDK	2026-06-06T12:22:55.5174249Z /usr/bin/tar: ../../../../../usr/local/lib/android/sdk/platforms/android-36/data/res/values-mcc311-mnc180-gu: Cannot change mode to rwxr-xr-x: Operation not permitted
build	Cache Android SDK	2026-06-06T12:22:55.5176320Z /usr/bin/tar: ../../../../../usr/local/lib/android/sdk/platforms/android-36/data/res/values-mcc311-mnc180-is: Cannot utime: Operation not permitted
build	Cache Android SDK	2026-06-06T12:22:55.5177243Z /usr/bin/tar: ../../../../../usr/local/lib/android/sdk/platforms/android-36/data/res/values-mcc311-mnc180-is: Cannot change mode to rwxr-xr-x: Operation not permitted
build	Cache Android SDK	2026-06-06T12:22:55.5179242Z /usr/bin/tar: ../../../../../usr/local/lib/android/sdk/platforms/android-36/data/res/values-mcc312-mnc670-ml: Cannot utime: Operation not permitted
build	Cache Android SDK	2026-06-06T12:22:55.5180177Z /usr/bin/tar: ../../../../../usr/local/lib/android/sdk/platforms/android-36/data/res/values-mcc312-mnc670-ml: Cannot change mode to rwxr-xr-x: Operation not permitted
build	Cache Android SDK	2026-06-06T12:22:55.5182483Z /usr/bin/tar: ../../../../../usr/local/lib/android/sdk/platforms/android-36/data/res/values-mcc310-mnc170-sr: Cannot utime: Operation not permitted
build	Cache Android SDK	2026-06-06T12:22:55.5183405Z /usr/bin/tar: ../../../../../usr/local/lib/android/sdk/platforms/android-36/data/res/values-mcc310-mnc170-sr: Cannot change mode to rwxr-xr-x: Operation not permitted
build	Cache Android SDK	2026-06-06T12:22:55.5185549Z /usr/bin/tar: ../../../../../usr/local/lib/android/sdk/platforms/android-36/data/res/values-mcc311: Cannot utime: Operation not permitted
build	Cache Android SDK	2026-06-06T12:22:55.5186540Z /usr/bin/tar: ../../../../../usr/local/lib/android/sdk/platforms/android-36/data/res/values-mcc311: Cannot change mode to rwxr-xr-x: Operation not permitted
build	Cache Android SDK	2026-06-06T12:22:55.5188856Z /usr/bin/tar: ../../../../../usr/local/lib/android/sdk/platforms/android-36/data/res/values-es-watch: Cannot utime: Operation not permitted
build	Cache Android SDK	2026-06-06T12:22:55.5189744Z /usr/bin/tar: ../../../../../usr/local/lib/android/sdk/platforms/android-36/data/res/values-es-watch: Cannot change mode to rwxr-xr-x: Operation not permitted
build	Cache Android SDK	2026-06-06T12:22:55.5326812Z /usr/bin/tar: ../../../../../usr/local/lib/android/sdk/platforms/android-36/data/res/layout: Cannot utime: Operation not permitted
build	Cache Android SDK	2026-06-06T12:22:55.5327968Z /usr/bin/tar: ../../../../../usr/local/lib/android/sdk/platforms/android-36/data/res/layout: Cannot change mode to rwxr-xr-x: Operation not permitted
build	Cache Android SDK	2026-06-06T12:22:55.5329255Z /usr/bin/tar: ../../../../../usr/local/lib/android/sdk/platforms/android-36/data/res/values-mcc311-mnc180-zh-rCN: Cannot utime: Operation not permitted
build	Cache Android SDK	2026-06-06T12:22:55.5330434Z /usr/bin/tar: ../../../../../usr/local/lib/android/sdk/platforms/android-36/data/res/values-mcc311-mnc180-zh-rCN: Cannot change mode to rwxr-xr-x: Operation not permitted
build	Cache Android SDK	2026-06-06T12:22:55.5332636Z /usr/bin/tar: ../../../../../usr/local/lib/android/sdk/platforms/android-36/data/res/values-mcc310-mnc150-hi: Cannot utime: Operation not permitted
build	Cache Android SDK	2026-06-06T12:22:55.5333652Z /usr/bin/tar: ../../../../../usr/local/lib/android/sdk/platforms/android-36/data/res/values-mcc310-mnc150-hi: Cannot change mode to rwxr-xr-x: Operation not permitted
build	Cache Android SDK	2026-06-06T12:22:55.5335933Z /usr/bin/tar: ../../../../../usr/local/lib/android/sdk/platforms/android-36/data/res/values-mcc310-mnc490-it: Cannot utime: Operation not permitted
build	Cache Android SDK	2026-06-06T12:22:55.5336869Z /usr/bin/tar: ../../../../../usr/local/lib/android/sdk/platforms/android-36/data/res/values-mcc310-mnc490-it: Cannot change mode to rwxr-xr-x: Operation not permitted
build	Cache Android SDK	2026-06-06T12:22:55.5339187Z /usr/bin/tar: ../../../../../usr/local/lib/android/sdk/platforms/android-36/data/res/values-mcc334-mnc020-ru: Cannot utime: Operation not permitted
build	Cache Android SDK	2026-06-06T12:22:55.5340118Z /usr/bin/tar: ../../../../../usr/local/lib/android/sdk/platforms/android-36/data/res/values-mcc334-mnc020-ru: Cannot change mode to rwxr-xr-x: Operation not permitted
build	Cache Android SDK	2026-06-06T12:22:55.5342657Z /usr/bin/tar: ../../../../../usr/local/lib/android/sdk/platforms/android-36/data/res/values-mcc310-mnc280-ta: Cannot utime: Operation not permitted
build	Cache Android SDK	2026-06-06T12:22:55.5343578Z /usr/bin/tar: ../../../../../usr/local/lib/android/sdk/platforms/android-36/data/res/values-mcc310-mnc280-ta: Cannot change mode to rwxr-xr-x: Operation not permitted
build	Cache Android SDK	2026-06-06T12:22:55.5346151Z /usr/bin/tar: ../../../../../usr/local/lib/android/sdk/platforms/android-36/data/res/values-ne-watch: Cannot utime: Operation not permitted
build	Cache Android SDK	2026-06-06T12:22:55.5347057Z /usr/bin/tar: ../../../../../usr/local/lib/android/sdk/platforms/android-36/data/res/values-ne-watch: Cannot change mode to rwxr-xr-x: Operation not permitted
build	Cache Android SDK	2026-06-06T12:22:55.5349510Z /usr/bin/tar: ../../../../../usr/local/lib/android/sdk/platforms/android-36/data/res/values-mcc310-mnc200-ml: Cannot utime: Operation not permitted
build	Cache Android SDK	2026-06-06T12:22:55.5350436Z /usr/bin/tar: ../../../../../usr/local/lib/android/sdk/platforms/android-36/data/res/values-mcc310-mnc200-ml: Cannot change mode to rwxr-xr-x: Operation not permitted
build	Cache Android SDK	2026-06-06T12:22:55.5352661Z /usr/bin/tar: ../../../../../usr/local/lib/android/sdk/platforms/android-36/data/res/values-mcc310-mnc280-nb: Cannot utime: Operation not permitted
build	Cache Android SDK	2026-06-06T12:22:55.5353581Z /usr/bin/tar: ../../../../../usr/local/lib/android/sdk/platforms/android-36/data/res/values-mcc310-mnc280-nb: Cannot change mode to rwxr-xr-x: Operation not permitted
build	Cache Android SDK	2026-06-06T12:22:55.5355693Z /usr/bin/tar: ../../../../../usr/local/lib/android/sdk/platforms/android-36/data/res/values-mcc302-mnc370-pt-rPT: Cannot utime: Operation not permitted
build	Cache Android SDK	2026-06-06T12:22:55.5356644Z /usr/bin/tar: ../../../../../usr/local/lib/android/sdk/platforms/android-36/data/res/values-mcc302-mnc370-pt-rPT: Cannot change mode to rwxr-xr-x: Operation not permitted
build	Cache Android SDK	2026-06-06T12:22:55.5390087Z /usr/bin/tar: ../../../../../usr/local/lib/android/sdk/platforms/android-36/data/res/drawable-sw600dp-nodpi: Cannot utime: Operation not permitted
build	Cache Android SDK	2026-06-06T12:22:55.5391169Z /usr/bin/tar: ../../../../../usr/local/lib/android/sdk/platforms/android-36/data/res/drawable-sw600dp-nodpi: Cannot change mode to rwxr-xr-x: Operation not permitted
build	Cache Android SDK	2026-06-06T12:22:55.5393414Z /usr/bin/tar: ../../../../../usr/local/lib/android/sdk/platforms/android-36/data/res/values-mcc310-mnc490-mr: Cannot utime: Operation not permitted
build	Cache Android SDK	2026-06-06T12:22:55.5394337Z /usr/bin/tar: ../../../../../usr/local/lib/android/sdk/platforms/android-36/data/res/values-mcc310-mnc490-mr: Cannot change mode to rwxr-xr-x: Operation not permitted
build	Cache Android SDK	2026-06-06T12:22:55.5396460Z /usr/bin/tar: ../../../../../usr/local/lib/android/sdk/platforms/android-36/data/res/values-mcc310-mnc200-ms: Cannot utime: Operation not permitted
build	Cache Android SDK	2026-06-06T12:22:55.5397695Z /usr/bin/tar: ../../../../../usr/local/lib/android/sdk/platforms/android-36/data/res/values-mcc310-mnc200-ms: Cannot change mode to rwxr-xr-x: Operation not permitted
build	Cache Android SDK	2026-06-06T12:22:55.5399730Z /usr/bin/tar: ../../../../../usr/local/lib/android/sdk/platforms/android-36/data/res/values-mcc313-mnc100-fa: Cannot utime: Operation not permitted
build	Cache Android SDK	2026-06-06T12:22:55.5400747Z /usr/bin/tar: ../../../../../usr/local/lib/android/sdk/platforms/android-36/data/res/values-mcc313-mnc100-fa: Cannot change mode to rwxr-xr-x: Operation not permitted
build	Cache Android SDK	2026-06-06T12:22:55.5402619Z /usr/bin/tar: ../../../../../usr/local/lib/android/sdk/platforms/android-36/data/res/values-mcc310-mnc490-bs: Cannot utime: Operation not permitted
build	Cache Android SDK	2026-06-06T12:22:55.5403536Z /usr/bin/tar: ../../../../../usr/local/lib/android/sdk/platforms/android-36/data/res/values-mcc310-mnc490-bs: Cannot change mode to rwxr-xr-x: Operation not permitted
build	Cache Android SDK	2026-06-06T12:22:55.5405708Z /usr/bin/tar: ../../../../../usr/local/lib/android/sdk/platforms/android-36/data/res/values-sw900dp: Cannot utime: Operation not permitted
build	Cache Android SDK	2026-06-06T12:22:55.5406579Z /usr/bin/tar: ../../../../../usr/local/lib/android/sdk/platforms/android-36/data/res/values-sw900dp: Cannot change mode to rwxr-xr-x: Operation not permitted
build	Cache Android SDK	2026-06-06T12:22:55.5409094Z /usr/bin/tar: ../../../../../usr/local/lib/android/sdk/platforms/android-36/data/res/values-mcc302-mnc720-mn: Cannot utime: Operation not permitted
build	Cache Android SDK	2026-06-06T12:22:55.5410004Z /usr/bin/tar: ../../../../../usr/local/lib/android/sdk/platforms/android-36/data/res/values-mcc302-mnc720-mn: Cannot change mode to rwxr-xr-x: Operation not permitted
build	Cache Android SDK	2026-06-06T12:22:55.5412404Z /usr/bin/tar: ../../../../../usr/local/lib/android/sdk/platforms/android-36/data/res/values-mcc302-mnc720-or: Cannot utime: Operation not permitted
build	Cache Android SDK	2026-06-06T12:22:55.5413414Z /usr/bin/tar: ../../../../../usr/local/lib/android/sdk/platforms/android-36/data/res/values-mcc302-mnc720-or: Cannot change mode to rwxr-xr-x: Operation not permitted
build	Cache Android SDK	2026-06-06T12:22:55.5415883Z /usr/bin/tar: ../../../../../usr/local/lib/android/sdk/platforms/android-36/data/res/values-mcc310-mnc220-es: Cannot utime: Operation not permitted
build	Cache Android SDK	2026-06-06T12:22:55.5416806Z /usr/bin/tar: ../../../../../usr/local/lib/android/sdk/platforms/android-36/data/res/values-mcc310-mnc220-es: Cannot change mode to rwxr-xr-x: Operation not permitted
build	Cache Android SDK	2026-06-06T12:22:55.5418968Z /usr/bin/tar: ../../../../../usr/local/lib/android/sdk/platforms/android-36/data/res/values-mcc310-mnc410-da: Cannot utime: Operation not permitted
build	Cache Android SDK	2026-06-06T12:22:55.5419896Z /usr/bin/tar: ../../../../../usr/local/lib/android/sdk/platforms/android-36/data/res/values-mcc310-mnc410-da: Cannot change mode to rwxr-xr-x: Operation not permitted
build	Cache Android SDK	2026-06-06T12:22:55.5422175Z /usr/bin/tar: ../../../../../usr/local/lib/android/sdk/platforms/android-36/data/res/values-mcc310-mnc030-iw: Cannot utime: Operation not permitted
build	Cache Android SDK	2026-06-06T12:22:55.5423088Z /usr/bin/tar: ../../../../../usr/local/lib/android/sdk/platforms/android-36/data/res/values-mcc310-mnc030-iw: Cannot change mode to rwxr-xr-x: Operation not permitted
build	Cache Android SDK	2026-06-06T12:22:55.5425419Z /usr/bin/tar: ../../../../../usr/local/lib/android/sdk/platforms/android-36/data/res/values-mcc312-mnc670-as: Cannot utime: Operation not permitted
build	Cache Android SDK	2026-06-06T12:22:55.5426411Z /usr/bin/tar: ../../../../../usr/local/lib/android/sdk/platforms/android-36/data/res/values-mcc312-mnc670-as: Cannot change mode to rwxr-xr-x: Operation not permitted
build	Cache Android SDK	2026-06-06T12:22:55.5429221Z /usr/bin/tar: ../../../../../usr/local/lib/android/sdk/platforms/android-36/data/res/values-mcc310-mnc150-ms: Cannot utime: Operation not permitted
build	Cache Android SDK	2026-06-06T12:22:55.5430145Z /usr/bin/tar: ../../../../../usr/local/lib/android/sdk/platforms/android-36/data/res/values-mcc310-mnc150-ms: Cannot change mode to rwxr-xr-x: Operation not permitted
build	Cache Android SDK	2026-06-06T12:22:55.5432599Z /usr/bin/tar: ../../../../../usr/local/lib/android/sdk/platforms/android-36/data/res/values-mcc214-mnc01: Cannot utime: Operation not permitted
build	Cache Android SDK	2026-06-06T12:22:55.5433585Z /usr/bin/tar: ../../../../../usr/local/lib/android/sdk/platforms/android-36/data/res/values-mcc214-mnc01: Cannot change mode to rwxr-xr-x: Operation not permitted
build	Cache Android SDK	2026-06-06T12:22:55.5435916Z /usr/bin/tar: ../../../../../usr/local/lib/android/sdk/platforms/android-36/data/res/values-ro-watch: Cannot utime: Operation not permitted
build	Cache Android SDK	2026-06-06T12:22:55.5436864Z /usr/bin/tar: ../../../../../usr/local/lib/android/sdk/platforms/android-36/data/res/values-ro-watch: Cannot change mode to rwxr-xr-x: Operation not permitted
build	Cache Android SDK	2026-06-06T12:22:55.5439421Z /usr/bin/tar: ../../../../../usr/local/lib/android/sdk/platforms/android-36/data/res/values-mcc334-mnc020-bg: Cannot utime: Operation not permitted
build	Cache Android SDK	2026-06-06T12:22:55.5440335Z /usr/bin/tar: ../../../../../usr/local/lib/android/sdk/platforms/android-36/data/res/values-mcc334-mnc020-bg: Cannot change mode to rwxr-xr-x: Operation not permitted
build	Cache Android SDK	2026-06-06T12:22:55.5443331Z /usr/bin/tar: ../../../../../usr/local/lib/android/sdk/platforms/android-36/data/res/values-mcc001-mnc01-pt: Cannot utime: Operation not permitted
build	Cache Android SDK	2026-06-06T12:22:55.5444321Z /usr/bin/tar: ../../../../../usr/local/lib/android/sdk/platforms/android-36/data/res/values-mcc001-mnc01-pt: Cannot change mode to rwxr-xr-x: Operation not permitted
build	Cache Android SDK	2026-06-06T12:22:55.5445821Z /usr/bin/tar: ../../../../../usr/local/lib/android/sdk/platforms/android-36/data/res/values-mcc310-mnc280-pt-rBR: Cannot utime: Operation not permitted
build	Cache Android SDK	2026-06-06T12:22:55.5446791Z /usr/bin/tar: ../../../../../usr/local/lib/android/sdk/platforms/android-36/data/res/values-mcc310-mnc280-pt-rBR: Cannot change mode to rwxr-xr-x: Operation not permitted
build	Cache Android SDK	2026-06-06T12:22:55.5449297Z /usr/bin/tar: ../../../../../usr/local/lib/android/sdk/platforms/android-36/data/res/values-mcc310-mnc170-uk: Cannot utime: Operation not permitted
build	Cache Android SDK	2026-06-06T12:22:55.5450227Z /usr/bin/tar: ../../../../../usr/local/lib/android/sdk/platforms/android-36/data/res/values-mcc310-mnc170-uk: Cannot change mode to rwxr-xr-x: Operation not permitted
build	Cache Android SDK	2026-06-06T12:22:55.5452429Z /usr/bin/tar: ../../../../../usr/local/lib/android/sdk/platforms/android-36/data/res/values-mcc302-mnc370-lv: Cannot utime: Operation not permitted
build	Cache Android SDK	2026-06-06T12:22:55.5453360Z /usr/bin/tar: ../../../../../usr/local/lib/android/sdk/platforms/android-36/data/res/values-mcc302-mnc370-lv: Cannot change mode to rwxr-xr-x: Operation not permitted
build	Cache Android SDK	2026-06-06T12:22:55.5455698Z /usr/bin/tar: ../../../../../usr/local/lib/android/sdk/platforms/android-36/data/res/values-mcc310-mnc160-vi: Cannot utime: Operation not permitted
build	Cache Android SDK	2026-06-06T12:22:55.5456606Z /usr/bin/tar: ../../../../../usr/local/lib/android/sdk/platforms/android-36/data/res/values-mcc310-mnc160-vi: Cannot change mode to rwxr-xr-x: Operation not permitted
build	Cache Android SDK	2026-06-06T12:22:55.5463430Z /usr/bin/tar: ../../../../../usr/local/lib/android/sdk/platforms/android-36/data/res/values-kk: Cannot utime: Operation not permitted
build	Cache Android SDK	2026-06-06T12:22:55.5464785Z /usr/bin/tar: ../../../../../usr/local/lib/android/sdk/platforms/android-36/data/res/values-kk: Cannot change mode to rwxr-xr-x: Operation not permitted
build	Cache Android SDK	2026-06-06T12:22:55.5466209Z /usr/bin/tar: ../../../../../usr/local/lib/android/sdk/platforms/android-36/data/res/values-mcc310-mnc560-sl: Cannot utime: Operation not permitted
build	Cache Android SDK	2026-06-06T12:22:55.5467333Z /usr/bin/tar: ../../../../../usr/local/lib/android/sdk/platforms/android-36/data/res/values-mcc310-mnc560-sl: Cannot change mode to rwxr-xr-x: Operation not permitted
build	Cache Android SDK	2026-06-06T12:22:55.5470235Z /usr/bin/tar: ../../../../../usr/local/lib/android/sdk/platforms/android-36/data/res/values-zh-rTW-watch: Cannot utime: Operation not permitted
build	Cache Android SDK	2026-06-06T12:22:55.5471465Z /usr/bin/tar: ../../../../../usr/local/lib/android/sdk/platforms/android-36/data/res/values-zh-rTW-watch: Cannot change mode to rwxr-xr-x: Operation not permitted
build	Cache Android SDK	2026-06-06T12:22:55.5472883Z /usr/bin/tar: ../../../../../usr/local/lib/android/sdk/platforms/android-36/data/res/values-mcc001-mnc01-ta: Cannot utime: Operation not permitted
build	Cache Android SDK	2026-06-06T12:22:55.5473947Z /usr/bin/tar: ../../../../../usr/local/lib/android/sdk/platforms/android-36/data/res/values-mcc001-mnc01-ta: Cannot change mode to rwxr-xr-x: Operation not permitted
build	Cache Android SDK	2026-06-06T12:22:55.5477759Z /usr/bin/tar: ../../../../../usr/local/lib/android/sdk/platforms/android-36/data/res/values-large: Cannot utime: Operation not permitted
build	Cache Android SDK	2026-06-06T12:22:55.5478741Z /usr/bin/tar: ../../../../../usr/local/lib/android/sdk/platforms/android-36/data/res/values-large: Cannot change mode to rwxr-xr-x: Operation not permitted
build	Cache Android SDK	2026-06-06T12:22:55.5482808Z /usr/bin/tar: ../../../../../usr/local/lib/android/sdk/platforms/android-36/data/res/values-es-television: Cannot utime: Operation not permitted
build	Cache Android SDK	2026-06-06T12:22:55.5484132Z /usr/bin/tar: ../../../../../usr/local/lib/android/sdk/platforms/android-36/data/res/values-es-television: Cannot change mode to rwxr-xr-x: Operation not permitted
build	Cache Android SDK	2026-06-06T12:22:55.5485113Z /usr/bin/tar: ../../../../../usr/local/lib/android/sdk/platforms/android-36/data/res/values-mcc310-mnc200-hy: Cannot utime: Operation not permitted
build	Cache Android SDK	2026-06-06T12:22:55.5486678Z /usr/bin/tar: ../../../../../usr/local/lib/android/sdk/platforms/android-36/data/res/values-mcc310-mnc200-hy: Cannot change mode to rwxr-xr-x: Operation not permitted
build	Cache Android SDK	2026-06-06T12:22:55.5487901Z /usr/bin/tar: ../../../../../usr/local/lib/android/sdk/platforms/android-36/data/res/values-mcc310-mnc800-sq: Cannot utime: Operation not permitted
build	Cache Android SDK	2026-06-06T12:22:55.5489137Z /usr/bin/tar: ../../../../../usr/local/lib/android/sdk/platforms/android-36/data/res/values-mcc310-mnc800-sq: Cannot change mode to rwxr-xr-x: Operation not permitted
build	Cache Android SDK	2026-06-06T12:22:55.5490460Z /usr/bin/tar: ../../../../../usr/local/lib/android/sdk/platforms/android-36/data/res/values-mcc302-mnc720-ko: Cannot utime: Operation not permitted
build	Cache Android SDK	2026-06-06T12:22:55.5491383Z /usr/bin/tar: ../../../../../usr/local/lib/android/sdk/platforms/android-36/data/res/values-mcc302-mnc720-ko: Cannot change mode to rwxr-xr-x: Operation not permitted
build	Cache Android SDK	2026-06-06T12:22:55.5493696Z /usr/bin/tar: ../../../../../usr/local/lib/android/sdk/platforms/android-36/data/res/values-mcc310-mnc240-ca: Cannot utime: Operation not permitted
build	Cache Android SDK	2026-06-06T12:22:55.5494632Z /usr/bin/tar: ../../../../../usr/local/lib/android/sdk/platforms/android-36/data/res/values-mcc310-mnc240-ca: Cannot change mode to rwxr-xr-x: Operation not permitted
build	Cache Android SDK	2026-06-06T12:22:55.5497269Z /usr/bin/tar: ../../../../../usr/local/lib/android/sdk/platforms/android-36/data/res/values-mcc310-mnc170-fr-rCA: Cannot utime: Operation not permitted
build	Cache Android SDK	2026-06-06T12:22:55.5498805Z /usr/bin/tar: ../../../../../usr/local/lib/android/sdk/platforms/android-36/data/res/values-mcc310-mnc170-fr-rCA: Cannot change mode to rwxr-xr-x: Operation not permitted
build	Cache Android SDK	2026-06-06T12:22:55.5500286Z /usr/bin/tar: ../../../../../usr/local/lib/android/sdk/platforms/android-36/data/res/values-mcc310-mnc230-el: Cannot utime: Operation not permitted
build	Cache Android SDK	2026-06-06T12:22:55.5501217Z /usr/bin/tar: ../../../../../usr/local/lib/android/sdk/platforms/android-36/data/res/values-mcc310-mnc230-el: Cannot change mode to rwxr-xr-x: Operation not permitted
build	Cache Android SDK	2026-06-06T12:22:55.5503623Z /usr/bin/tar: ../../../../../usr/local/lib/android/sdk/platforms/android-36/data/res/values-mcc310-mnc210-tl: Cannot utime: Operation not permitted
build	Cache Android SDK	2026-06-06T12:22:55.5504635Z /usr/bin/tar: ../../../../../usr/local/lib/android/sdk/platforms/android-36/data/res/values-mcc310-mnc210-tl: Cannot change mode to rwxr-xr-x: Operation not permitted
build	Cache Android SDK	2026-06-06T12:22:55.5509297Z /usr/bin/tar: ../../../../../usr/local/lib/android/sdk/platforms/android-36/data/res/values-mcc302-mnc720-fr-rCA: Cannot utime: Operation not permitted
build	Cache Android SDK	2026-06-06T12:22:55.5510382Z /usr/bin/tar: ../../../../../usr/local/lib/android/sdk/platforms/android-36/data/res/values-mcc302-mnc720-fr-rCA: Cannot change mode to rwxr-xr-x: Operation not permitted
build	Cache Android SDK	2026-06-06T12:22:55.5512054Z /usr/bin/tar: ../../../../../usr/local/lib/android/sdk/platforms/android-36/data/res/values-mcc310-mnc030-as: Cannot utime: Operation not permitted
build	Cache Android SDK	2026-06-06T12:22:55.5513083Z /usr/bin/tar: ../../../../../usr/local/lib/android/sdk/platforms/android-36/data/res/values-mcc310-mnc030-as: Cannot change mode to rwxr-xr-x: Operation not permitted
build	Cache Android SDK	2026-06-06T12:22:55.5516033Z /usr/bin/tar: ../../../../../usr/local/lib/android/sdk/platforms/android-36/data/res/values-mcc001-mnc01-ru: Cannot utime: Operation not permitted
build	Cache Android SDK	2026-06-06T12:22:55.5517102Z /usr/bin/tar: ../../../../../usr/local/lib/android/sdk/platforms/android-36/data/res/values-mcc001-mnc01-ru: Cannot change mode to rwxr-xr-x: Operation not permitted
build	Cache Android SDK	2026-06-06T12:22:55.5518974Z /usr/bin/tar: ../../../../../usr/local/lib/android/sdk/platforms/android-36/data/res/values-be-television: Cannot utime: Operation not permitted
build	Cache Android SDK	2026-06-06T12:22:55.5519899Z /usr/bin/tar: ../../../../../usr/local/lib/android/sdk/platforms/android-36/data/res/values-be-television: Cannot change mode to rwxr-xr-x: Operation not permitted
build	Cache Android SDK	2026-06-06T12:22:55.5522431Z /usr/bin/tar: ../../../../../usr/local/lib/android/sdk/platforms/android-36/data/res/values-mcc334-mnc020-si: Cannot utime: Operation not permitted
build	Cache Android SDK	2026-06-06T12:22:55.5523371Z /usr/bin/tar: ../../../../../usr/local/lib/android/sdk/platforms/android-36/data/res/values-mcc334-mnc020-si: Cannot change mode to rwxr-xr-x: Operation not permitted
build	Cache Android SDK	2026-06-06T12:22:55.5525260Z /usr/bin/tar: ../../../../../usr/local/lib/android/sdk/platforms/android-36/data/res/values-mcc302-mnc370-am: Cannot utime: Operation not permitted
build	Cache Android SDK	2026-06-06T12:22:55.5526186Z /usr/bin/tar: ../../../../../usr/local/lib/android/sdk/platforms/android-36/data/res/values-mcc302-mnc370-am: Cannot change mode to rwxr-xr-x: Operation not permitted
build	Cache Android SDK	2026-06-06T12:22:55.5529195Z /usr/bin/tar: ../../../../../usr/local/lib/android/sdk/platforms/android-36/data/res/values-mcc310-mnc240-ro: Cannot utime: Operation not permitted
build	Cache Android SDK	2026-06-06T12:22:55.5530121Z /usr/bin/tar: ../../../../../usr/local/lib/android/sdk/platforms/android-36/data/res/values-mcc310-mnc240-ro: Cannot change mode to rwxr-xr-x: Operation not permitted
build	Cache Android SDK	2026-06-06T12:22:55.5531945Z /usr/bin/tar: ../../../../../usr/local/lib/android/sdk/platforms/android-36/data/res/values-mcc334-mnc020-ar: Cannot utime: Operation not permitted
build	Cache Android SDK	2026-06-06T12:22:55.5532866Z /usr/bin/tar: ../../../../../usr/local/lib/android/sdk/platforms/android-36/data/res/values-mcc334-mnc020-ar: Cannot change mode to rwxr-xr-x: Operation not permitted
build	Cache Android SDK	2026-06-06T12:22:55.5535438Z /usr/bin/tar: ../../../../../usr/local/lib/android/sdk/platforms/android-36/data/res/values-mcc310-mnc560-az: Cannot utime: Operation not permitted
build	Cache Android SDK	2026-06-06T12:22:55.5536365Z /usr/bin/tar: ../../../../../usr/local/lib/android/sdk/platforms/android-36/data/res/values-mcc310-mnc560-az: Cannot change mode to rwxr-xr-x: Operation not permitted
build	Cache Android SDK	2026-06-06T12:22:55.5538447Z /usr/bin/tar: ../../../../../usr/local/lib/android/sdk/platforms/android-36/data/res/values-mcc310-mnc210-ja: Cannot utime: Operation not permitted
build	Cache Android SDK	2026-06-06T12:22:55.5539385Z /usr/bin/tar: ../../../../../usr/local/lib/android/sdk/platforms/android-36/data/res/values-mcc310-mnc210-ja: Cannot change mode to rwxr-xr-x: Operation not permitted
build	Cache Android SDK	2026-06-06T12:22:55.5542191Z /usr/bin/tar: ../../../../../usr/local/lib/android/sdk/platforms/android-36/data/res/values-mcc310-mnc280-ja: Cannot utime: Operation not permitted
build	Cache Android SDK	2026-06-06T12:22:55.5543195Z /usr/bin/tar: ../../../../../usr/local/lib/android/sdk/platforms/android-36/data/res/values-mcc310-mnc280-ja: Cannot change mode to rwxr-xr-x: Operation not permitted
build	Cache Android SDK	2026-06-06T12:22:55.5545255Z /usr/bin/tar: ../../../../../usr/local/lib/android/sdk/platforms/android-36/data/res/values-pl-watch: Cannot utime: Operation not permitted
build	Cache Android SDK	2026-06-06T12:22:55.5546147Z /usr/bin/tar: ../../../../../usr/local/lib/android/sdk/platforms/android-36/data/res/values-pl-watch: Cannot change mode to rwxr-xr-x: Operation not permitted
build	Cache Android SDK	2026-06-06T12:22:55.5549675Z /usr/bin/tar: ../../../../../usr/local/lib/android/sdk/platforms/android-36/data/res/values-mcc302-mnc370-sl: Cannot utime: Operation not permitted
build	Cache Android SDK	2026-06-06T12:22:55.5550926Z /usr/bin/tar: ../../../../../usr/local/lib/android/sdk/platforms/android-36/data/res/values-mcc302-mnc370-sl: Cannot change mode to rwxr-xr-x: Operation not permitted
build	Cache Android SDK	2026-06-06T12:22:55.5552738Z /usr/bin/tar: ../../../../../usr/local/lib/android/sdk/platforms/android-36/data/res/values-mcc310-mnc950-ru: Cannot utime: Operation not permitted
build	Cache Android SDK	2026-06-06T12:22:55.5553843Z /usr/bin/tar: ../../../../../usr/local/lib/android/sdk/platforms/android-36/data/res/values-mcc310-mnc950-ru: Cannot change mode to rwxr-xr-x: Operation not permitted
build	Cache Android SDK	2026-06-06T12:22:55.5555516Z /usr/bin/tar: ../../../../../usr/local/lib/android/sdk/platforms/android-36/data/res/values-mcc310-mnc220-my: Cannot utime: Operation not permitted
build	Cache Android SDK	2026-06-06T12:22:55.5556479Z /usr/bin/tar: ../../../../../usr/local/lib/android/sdk/platforms/android-36/data/res/values-mcc310-mnc220-my: Cannot change mode to rwxr-xr-x: Operation not permitted
build	Cache Android SDK	2026-06-06T12:22:55.5559210Z /usr/bin/tar: ../../../../../usr/local/lib/android/sdk/platforms/android-36/data/res/values-mcc310-mnc240-bs: Cannot utime: Operation not permitted
build	Cache Android SDK	2026-06-06T12:22:55.5560212Z /usr/bin/tar: ../../../../../usr/local/lib/android/sdk/platforms/android-36/data/res/values-mcc310-mnc240-bs: Cannot change mode to rwxr-xr-x: Operation not permitted
build	Cache Android SDK	2026-06-06T12:22:55.5567232Z /usr/bin/tar: ../../../../../usr/local/lib/android/sdk/platforms/android-36/data/res/values-el: Cannot utime: Operation not permitted
build	Cache Android SDK	2026-06-06T12:22:55.5568258Z /usr/bin/tar: ../../../../../usr/local/lib/android/sdk/platforms/android-36/data/res/values-el: Cannot change mode to rwxr-xr-x: Operation not permitted
build	Cache Android SDK	2026-06-06T12:22:55.5570732Z /usr/bin/tar: ../../../../../usr/local/lib/android/sdk/platforms/android-36/data/res/values-mcc310-mnc800-kk: Cannot utime: Operation not permitted
build	Cache Android SDK	2026-06-06T12:22:55.5571672Z /usr/bin/tar: ../../../../../usr/local/lib/android/sdk/platforms/android-36/data/res/values-mcc310-mnc800-kk: Cannot change mode to rwxr-xr-x: Operation not permitted
build	Cache Android SDK	2026-06-06T12:22:55.5574174Z /usr/bin/tar: ../../../../../usr/local/lib/android/sdk/platforms/android-36/data/res/values-mcc310-mnc160-hu: Cannot utime: Operation not permitted
build	Cache Android SDK	2026-06-06T12:22:55.5575158Z /usr/bin/tar: ../../../../../usr/local/lib/android/sdk/platforms/android-36/data/res/values-mcc310-mnc160-hu: Cannot change mode to rwxr-xr-x: Operation not permitted
build	Cache Android SDK	2026-06-06T12:22:55.5576907Z /usr/bin/tar: ../../../../../usr/local/lib/android/sdk/platforms/android-36/data/res/values-mcc310-mnc170-lt: Cannot utime: Operation not permitted
build	Cache Android SDK	2026-06-06T12:22:55.5578037Z /usr/bin/tar: ../../../../../usr/local/lib/android/sdk/platforms/android-36/data/res/values-mcc310-mnc170-lt: Cannot change mode to rwxr-xr-x: Operation not permitted
build	Cache Android SDK	2026-06-06T12:22:55.5580319Z /usr/bin/tar: ../../../../../usr/local/lib/android/sdk/platforms/android-36/data/res/values-ca-rES: Cannot utime: Operation not permitted
build	Cache Android SDK	2026-06-06T12:22:55.5581225Z /usr/bin/tar: ../../../../../usr/local/lib/android/sdk/platforms/android-36/data/res/values-ca-rES: Cannot change mode to rwxr-xr-x: Operation not permitted
build	Cache Android SDK	2026-06-06T12:22:55.5586484Z /usr/bin/tar: ../../../../../usr/local/lib/android/sdk/platforms/android-36/data/res/drawable-car: Cannot utime: Operation not permitted
build	Cache Android SDK	2026-06-06T12:22:55.5587614Z /usr/bin/tar: ../../../../../usr/local/lib/android/sdk/platforms/android-36/data/res/drawable-car: Cannot change mode to rwxr-xr-x: Operation not permitted
build	Cache Android SDK	2026-06-06T12:22:55.5590357Z /usr/bin/tar: ../../../../../usr/local/lib/android/sdk/platforms/android-36/data/res/values-mcc310-mnc310-et: Cannot utime: Operation not permitted
build	Cache Android SDK	2026-06-06T12:22:55.5591302Z /usr/bin/tar: ../../../../../usr/local/lib/android/sdk/platforms/android-36/data/res/values-mcc310-mnc310-et: Cannot change mode to rwxr-xr-x: Operation not permitted
build	Cache Android SDK	2026-06-06T12:22:55.5593964Z /usr/bin/tar: ../../../../../usr/local/lib/android/sdk/platforms/android-36/data/res/values-mcc310-mnc560-mr: Cannot utime: Operation not permitted
build	Cache Android SDK	2026-06-06T12:22:55.5595000Z /usr/bin/tar: ../../../../../usr/local/lib/android/sdk/platforms/android-36/data/res/values-mcc310-mnc560-mr: Cannot change mode to rwxr-xr-x: Operation not permitted
build	Cache Android SDK	2026-06-06T12:22:55.5597865Z /usr/bin/tar: ../../../../../usr/local/lib/android/sdk/platforms/android-36/data/res/values-mcc310-mnc150-pt-rPT: Cannot utime: Operation not permitted
build	Cache Android SDK	2026-06-06T12:22:55.5599927Z /usr/bin/tar: ../../../../../usr/local/lib/android/sdk/platforms/android-36/data/res/values-mcc310-mnc150-pt-rPT: Cannot change mode to rwxr-xr-x: Operation not permitted
build	Cache Android SDK	2026-06-06T12:22:55.5601310Z /usr/bin/tar: ../../../../../usr/local/lib/android/sdk/platforms/android-36/data/res/values-mcc310-mnc800-mn: Cannot utime: Operation not permitted
build	Cache Android SDK	2026-06-06T12:22:55.5602314Z /usr/bin/tar: ../../../../../usr/local/lib/android/sdk/platforms/android-36/data/res/values-mcc310-mnc800-mn: Cannot change mode to rwxr-xr-x: Operation not permitted
build	Cache Android SDK	2026-06-06T12:22:55.5603929Z /usr/bin/tar: ../../../../../usr/local/lib/android/sdk/platforms/android-36/data/res/values-km-watch: Cannot utime: Operation not permitted
build	Cache Android SDK	2026-06-06T12:22:55.5604848Z /usr/bin/tar: ../../../../../usr/local/lib/android/sdk/platforms/android-36/data/res/values-km-watch: Cannot change mode to rwxr-xr-x: Operation not permitted
build	Cache Android SDK	2026-06-06T12:22:55.5607617Z /usr/bin/tar: ../../../../../usr/local/lib/android/sdk/platforms/android-36/data/res/values-en-rGB-television: Cannot utime: Operation not permitted
build	Cache Android SDK	2026-06-06T12:22:55.5608646Z /usr/bin/tar: ../../../../../usr/local/lib/android/sdk/platforms/android-36/data/res/values-en-rGB-television: Cannot change mode to rwxr-xr-x: Operation not permitted
build	Cache Android SDK	2026-06-06T12:22:55.5610569Z /usr/bin/tar: ../../../../../usr/local/lib/android/sdk/platforms/android-36/data/res/values-mcc334-mnc020-mn: Cannot utime: Operation not permitted
build	Cache Android SDK	2026-06-06T12:22:55.5611521Z /usr/bin/tar: ../../../../../usr/local/lib/android/sdk/platforms/android-36/data/res/values-mcc334-mnc020-mn: Cannot change mode to rwxr-xr-x: Operation not permitted
build	Cache Android SDK	2026-06-06T12:22:55.5613498Z /usr/bin/tar: ../../../../../usr/local/lib/android/sdk/platforms/android-36/data/res/values-mcc001-mnc01-lv: Cannot utime: Operation not permitted
build	Cache Android SDK	2026-06-06T12:22:55.5614441Z /usr/bin/tar: ../../../../../usr/local/lib/android/sdk/platforms/android-36/data/res/values-mcc001-mnc01-lv: Cannot change mode to rwxr-xr-x: Operation not permitted
build	Cache Android SDK	2026-06-06T12:22:55.5617034Z /usr/bin/tar: ../../../../../usr/local/lib/android/sdk/platforms/android-36/data/res/values-mcc310-mnc170-hi: Cannot utime: Operation not permitted
build	Cache Android SDK	2026-06-06T12:22:55.5618160Z /usr/bin/tar: ../../../../../usr/local/lib/android/sdk/platforms/android-36/data/res/values-mcc310-mnc170-hi: Cannot change mode to rwxr-xr-x: Operation not permitted
build	Cache Android SDK	2026-06-06T12:22:55.5620414Z /usr/bin/tar: ../../../../../usr/local/lib/android/sdk/platforms/android-36/data/res/values-mcc310-mnc800-ro: Cannot utime: Operation not permitted
build	Cache Android SDK	2026-06-06T12:22:55.5621445Z /usr/bin/tar: ../../../../../usr/local/lib/android/sdk/platforms/android-36/data/res/values-mcc310-mnc800-ro: Cannot change mode to rwxr-xr-x: Operation not permitted
build	Cache Android SDK	2026-06-06T12:22:55.5623068Z /usr/bin/tar: ../../../../../usr/local/lib/android/sdk/platforms/android-36/data/res/values-mcc310-mnc270-km: Cannot utime: Operation not permitted
build	Cache Android SDK	2026-06-06T12:22:55.5624165Z /usr/bin/tar: ../../../../../usr/local/lib/android/sdk/platforms/android-36/data/res/values-mcc310-mnc270-km: Cannot change mode to rwxr-xr-x: Operation not permitted
build	Cache Android SDK	2026-06-06T12:22:55.5625945Z /usr/bin/tar: ../../../../../usr/local/lib/android/sdk/platforms/android-36/data/res/values-mcc310-mnc160-ml: Cannot utime: Operation not permitted
build	Cache Android SDK	2026-06-06T12:22:55.5626974Z /usr/bin/tar: ../../../../../usr/local/lib/android/sdk/platforms/android-36/data/res/values-mcc310-mnc160-ml: Cannot change mode to rwxr-xr-x: Operation not permitted
build	Cache Android SDK	2026-06-06T12:22:55.5628834Z /usr/bin/tar: ../../../../../usr/local/lib/android/sdk/platforms/android-36/data/res/values-mcc310-mnc270-es-rUS: Cannot utime: Operation not permitted
build	Cache Android SDK	2026-06-06T12:22:55.5629911Z /usr/bin/tar: ../../../../../usr/local/lib/android/sdk/platforms/android-36/data/res/values-mcc310-mnc270-es-rUS: Cannot change mode to rwxr-xr-x: Operation not permitted
build	Cache Android SDK	2026-06-06T12:22:55.5632445Z /usr/bin/tar: ../../../../../usr/local/lib/android/sdk/platforms/android-36/data/res/values-es-rEC: Cannot utime: Operation not permitted
build	Cache Android SDK	2026-06-06T12:22:55.5633518Z /usr/bin/tar: ../../../../../usr/local/lib/android/sdk/platforms/android-36/data/res/values-es-rEC: Cannot change mode to rwxr-xr-x: Operation not permitted
build	Cache Android SDK	2026-06-06T12:22:55.5635058Z /usr/bin/tar: ../../../../../usr/local/lib/android/sdk/platforms/android-36/data/res/values-mcc311-mnc180-zu: Cannot utime: Operation not permitted
build	Cache Android SDK	2026-06-06T12:22:55.5636138Z /usr/bin/tar: ../../../../../usr/local/lib/android/sdk/platforms/android-36/data/res/values-mcc311-mnc180-zu: Cannot change mode to rwxr-xr-x: Operation not permitted
build	Cache Android SDK	2026-06-06T12:22:55.5638005Z /usr/bin/tar: ../../../../../usr/local/lib/android/sdk/platforms/android-36/data/res/values-mcc310-mnc240-hi: Cannot utime: Operation not permitted
build	Cache Android SDK	2026-06-06T12:22:55.5638938Z /usr/bin/tar: ../../../../../usr/local/lib/android/sdk/platforms/android-36/data/res/values-mcc310-mnc240-hi: Cannot change mode to rwxr-xr-x: Operation not permitted
build	Cache Android SDK	2026-06-06T12:22:55.5641490Z /usr/bin/tar: ../../../../../usr/local/lib/android/sdk/platforms/android-36/data/res/values-mcc334-mnc020-kk: Cannot utime: Operation not permitted
build	Cache Android SDK	2026-06-06T12:22:55.5642538Z /usr/bin/tar: ../../../../../usr/local/lib/android/sdk/platforms/android-36/data/res/values-mcc334-mnc020-kk: Cannot change mode to rwxr-xr-x: Operation not permitted
build	Cache Android SDK	2026-06-06T12:22:55.5644160Z /usr/bin/tar: ../../../../../usr/local/lib/android/sdk/platforms/android-36/data/res/values-mcc310-mnc240-in: Cannot utime: Operation not permitted
build	Cache Android SDK	2026-06-06T12:22:55.5645125Z /usr/bin/tar: ../../../../../usr/local/lib/android/sdk/platforms/android-36/data/res/values-mcc310-mnc240-in: Cannot change mode to rwxr-xr-x: Operation not permitted
build	Cache Android SDK	2026-06-06T12:22:55.5651110Z /usr/bin/tar: ../../../../../usr/local/lib/android/sdk/platforms/android-36/data/res/values-et: Cannot utime: Operation not permitted
build	Cache Android SDK	2026-06-06T12:22:55.5652037Z /usr/bin/tar: ../../../../../usr/local/lib/android/sdk/platforms/android-36/data/res/values-et: Cannot change mode to rwxr-xr-x: Operation not permitted
build	Cache Android SDK	2026-06-06T12:22:55.5654969Z /usr/bin/tar: ../../../../../usr/local/lib/android/sdk/platforms/android-36/data/res/values-mcc310-mnc220-da: Cannot utime: Operation not permitted
build	Cache Android SDK	2026-06-06T12:22:55.5655990Z /usr/bin/tar: ../../../../../usr/local/lib/android/sdk/platforms/android-36/data/res/values-mcc310-mnc220-da: Cannot change mode to rwxr-xr-x: Operation not permitted
build	Cache Android SDK	2026-06-06T12:22:55.5658985Z /usr/bin/tar: ../../../../../usr/local/lib/android/sdk/platforms/android-36/data/res/values-mcc310-mnc280-en-rGB: Cannot utime: Operation not permitted
build	Cache Android SDK	2026-06-06T12:22:55.5660050Z /usr/bin/tar: ../../../../../usr/local/lib/android/sdk/platforms/android-36/data/res/values-mcc310-mnc280-en-rGB: Cannot change mode to rwxr-xr-x: Operation not permitted
build	Cache Android SDK	2026-06-06T12:22:55.5663296Z /usr/bin/tar: ../../../../../usr/local/lib/android/sdk/platforms/android-36/data/res/layout-land: Cannot utime: Operation not permitted
build	Cache Android SDK	2026-06-06T12:22:55.5664140Z /usr/bin/tar: ../../../../../usr/local/lib/android/sdk/platforms/android-36/data/res/layout-land: Cannot change mode to rwxr-xr-x: Operation not permitted
build	Cache Android SDK	2026-06-06T12:22:55.5666940Z /usr/bin/tar: ../../../../../usr/local/lib/android/sdk/platforms/android-36/data/res/values-mcc310-mnc380-km: Cannot utime: Operation not permitted
build	Cache Android SDK	2026-06-06T12:22:55.5668070Z /usr/bin/tar: ../../../../../usr/local/lib/android/sdk/platforms/android-36/data/res/values-mcc310-mnc380-km: Cannot change mode to rwxr-xr-x: Operation not permitted
build	Cache Android SDK	2026-06-06T12:22:55.5670246Z /usr/bin/tar: ../../../../../usr/local/lib/android/sdk/platforms/android-36/data/res/values-mcc310-mnc270-da: Cannot utime: Operation not permitted
build	Cache Android SDK	2026-06-06T12:22:55.5671170Z /usr/bin/tar: ../../../../../usr/local/lib/android/sdk/platforms/android-36/data/res/values-mcc310-mnc270-da: Cannot change mode to rwxr-xr-x: Operation not permitted
build	Cache Android SDK	2026-06-06T12:22:55.5673749Z /usr/bin/tar: ../../../../../usr/local/lib/android/sdk/platforms/android-36/data/res/values-mcc310-mnc660-my: Cannot utime: Operation not permitted
build	Cache Android SDK	2026-06-06T12:22:55.5674674Z /usr/bin/tar: ../../../../../usr/local/lib/android/sdk/platforms/android-36/data/res/values-mcc310-mnc660-my: Cannot change mode to rwxr-xr-x: Operation not permitted
build	Cache Android SDK	2026-06-06T12:22:55.5676192Z /usr/bin/tar: ../../../../../usr/local/lib/android/sdk/platforms/android-36/data/res/values-mcc310-mnc280-et: Cannot utime: Operation not permitted
build	Cache Android SDK	2026-06-06T12:22:55.5677115Z /usr/bin/tar: ../../../../../usr/local/lib/android/sdk/platforms/android-36/data/res/values-mcc310-mnc280-et: Cannot change mode to rwxr-xr-x: Operation not permitted
build	Cache Android SDK	2026-06-06T12:22:55.5679773Z /usr/bin/tar: ../../../../../usr/local/lib/android/sdk/platforms/android-36/data/res/values-mcc310-mnc380-sv: Cannot utime: Operation not permitted
build	Cache Android SDK	2026-06-06T12:22:55.5680696Z /usr/bin/tar: ../../../../../usr/local/lib/android/sdk/platforms/android-36/data/res/values-mcc310-mnc380-sv: Cannot change mode to rwxr-xr-x: Operation not permitted
build	Cache Android SDK	2026-06-06T12:22:55.5682990Z /usr/bin/tar: ../../../../../usr/local/lib/android/sdk/platforms/android-36/data/res/values-mcc310-mnc250-be: Cannot utime: Operation not permitted
build	Cache Android SDK	2026-06-06T12:22:55.5683917Z /usr/bin/tar: ../../../../../usr/local/lib/android/sdk/platforms/android-36/data/res/values-mcc310-mnc250-be: Cannot change mode to rwxr-xr-x: Operation not permitted
build	Cache Android SDK	2026-06-06T12:22:55.5686178Z /usr/bin/tar: ../../../../../usr/local/lib/android/sdk/platforms/android-36/data/res/values-mcc310-mnc270-sq: Cannot utime: Operation not permitted
build	Cache Android SDK	2026-06-06T12:22:55.5687087Z /usr/bin/tar: ../../../../../usr/local/lib/android/sdk/platforms/android-36/data/res/values-mcc310-mnc270-sq: Cannot change mode to rwxr-xr-x: Operation not permitted
build	Cache Android SDK	2026-06-06T12:22:55.5689380Z /usr/bin/tar: ../../../../../usr/local/lib/android/sdk/platforms/android-36/data/res/values-mcc312-mnc670-km: Cannot utime: Operation not permitted
build	Cache Android SDK	2026-06-06T12:22:55.5690310Z /usr/bin/tar: ../../../../../usr/local/lib/android/sdk/platforms/android-36/data/res/values-mcc312-mnc670-km: Cannot change mode to rwxr-xr-x: Operation not permitted
build	Cache Android SDK	2026-06-06T12:22:55.5692332Z /usr/bin/tar: ../../../../../usr/local/lib/android/sdk/platforms/android-36/data/res/values-mcc310-mnc230-ur: Cannot utime: Operation not permitted
build	Cache Android SDK	2026-06-06T12:22:55.5693264Z /usr/bin/tar: ../../../../../usr/local/lib/android/sdk/platforms/android-36/data/res/values-mcc310-mnc230-ur: Cannot change mode to rwxr-xr-x: Operation not permitted
build	Cache Android SDK	2026-06-06T12:22:55.5696284Z /usr/bin/tar: ../../../../../usr/local/lib/android/sdk/platforms/android-36/data/res/drawable-w228dp: Cannot utime: Operation not permitted
build	Cache Android SDK	2026-06-06T12:22:55.5697184Z /usr/bin/tar: ../../../../../usr/local/lib/android/sdk/platforms/android-36/data/res/drawable-w228dp: Cannot change mode to rwxr-xr-x: Operation not permitted
build	Cache Android SDK	2026-06-06T12:22:55.5699660Z /usr/bin/tar: ../../../../../usr/local/lib/android/sdk/platforms/android-36/data/res/values-mcc310-mnc950-mk: Cannot utime: Operation not permitted
build	Cache Android SDK	2026-06-06T12:22:55.5700686Z /usr/bin/tar: ../../../../../usr/local/lib/android/sdk/platforms/android-36/data/res/values-mcc310-mnc950-mk: Cannot change mode to rwxr-xr-x: Operation not permitted
build	Cache Android SDK	2026-06-06T12:22:55.5702644Z /usr/bin/tar: ../../../../../usr/local/lib/android/sdk/platforms/android-36/data/res/values-mcc310-mnc030-fr: Cannot utime: Operation not permitted
build	Cache Android SDK	2026-06-06T12:22:55.5703564Z /usr/bin/tar: ../../../../../usr/local/lib/android/sdk/platforms/android-36/data/res/values-mcc310-mnc030-fr: Cannot change mode to rwxr-xr-x: Operation not permitted
build	Cache Android SDK	2026-06-06T12:22:55.5705861Z /usr/bin/tar: ../../../../../usr/local/lib/android/sdk/platforms/android-36/data/res/values-mcc310-mnc490-az: Cannot utime: Operation not permitted
build	Cache Android SDK	2026-06-06T12:22:55.5706865Z /usr/bin/tar: ../../../../../usr/local/lib/android/sdk/platforms/android-36/data/res/values-mcc310-mnc490-az: Cannot change mode to rwxr-xr-x: Operation not permitted
build	Cache Android SDK	2026-06-06T12:22:55.5708980Z /usr/bin/tar: ../../../../../usr/local/lib/android/sdk/platforms/android-36/data/res/values-mcc310-mnc200-es: Cannot utime: Operation not permitted
build	Cache Android SDK	2026-06-06T12:22:55.5710025Z /usr/bin/tar: ../../../../../usr/local/lib/android/sdk/platforms/android-36/data/res/values-mcc310-mnc200-es: Cannot change mode to rwxr-xr-x: Operation not permitted
build	Cache Android SDK	2026-06-06T12:22:55.5713335Z /usr/bin/tar: ../../../../../usr/local/lib/android/sdk/platforms/android-36/data/res/values-mcc310-mnc250-mk: Cannot utime: Operation not permitted
build	Cache Android SDK	2026-06-06T12:22:55.5714249Z /usr/bin/tar: ../../../../../usr/local/lib/android/sdk/platforms/android-36/data/res/values-mcc310-mnc250-mk: Cannot change mode to rwxr-xr-x: Operation not permitted
build	Cache Android SDK	2026-06-06T12:22:55.5715480Z /usr/bin/tar: ../../../../../usr/local/lib/android/sdk/platforms/android-36/data/res/values-nb-rNO: Cannot utime: Operation not permitted
build	Cache Android SDK	2026-06-06T12:22:55.5716486Z /usr/bin/tar: ../../../../../usr/local/lib/android/sdk/platforms/android-36/data/res/values-nb-rNO: Cannot change mode to rwxr-xr-x: Operation not permitted
build	Cache Android SDK	2026-06-06T12:22:55.5720229Z /usr/bin/tar: ../../../../../usr/local/lib/android/sdk/platforms/android-36/data/res/values-mcc310-mnc950-my: Cannot utime: Operation not permitted
build	Cache Android SDK	2026-06-06T12:22:55.5721488Z /usr/bin/tar: ../../../../../usr/local/lib/android/sdk/platforms/android-36/data/res/values-mcc310-mnc950-my: Cannot change mode to rwxr-xr-x: Operation not permitted
build	Cache Android SDK	2026-06-06T12:22:55.5724345Z /usr/bin/tar: ../../../../../usr/local/lib/android/sdk/platforms/android-36/data/res/values-mcc001-mnc01-lo: Cannot utime: Operation not permitted
build	Cache Android SDK	2026-06-06T12:22:55.5725266Z /usr/bin/tar: ../../../../../usr/local/lib/android/sdk/platforms/android-36/data/res/values-mcc001-mnc01-lo: Cannot change mode to rwxr-xr-x: Operation not permitted
build	Cache Android SDK	2026-06-06T12:22:55.5757651Z /usr/bin/tar: ../../../../../usr/local/lib/android/sdk/platforms/android-36/data/res/values-mcc302-mnc370-ta: Cannot utime: Operation not permitted
build	Cache Android SDK	2026-06-06T12:22:55.5758726Z /usr/bin/tar: ../../../../../usr/local/lib/android/sdk/platforms/android-36/data/res/values-mcc302-mnc370-ta: Cannot change mode to rwxr-xr-x: Operation not permitted
build	Cache Android SDK	2026-06-06T12:22:55.5762877Z /usr/bin/tar: ../../../../../usr/local/lib/android/sdk/platforms/android-36/data/res/values-mcc310-mnc220-pt: Cannot utime: Operation not permitted
build	Cache Android SDK	2026-06-06T12:22:55.5763960Z /usr/bin/tar: ../../../../../usr/local/lib/android/sdk/platforms/android-36/data/res/values-mcc310-mnc220-pt: Cannot change mode to rwxr-xr-x: Operation not permitted
build	Cache Android SDK	2026-06-06T12:22:55.5767833Z /usr/bin/tar: ../../../../../usr/local/lib/android/sdk/platforms/android-36/data/res/values-w213dp-round-watch: Cannot utime: Operation not permitted
build	Cache Android SDK	2026-06-06T12:22:55.5769028Z /usr/bin/tar: ../../../../../usr/local/lib/android/sdk/platforms/android-36/data/res/values-w213dp-round-watch: Cannot change mode to rwxr-xr-x: Operation not permitted
build	Cache Android SDK	2026-06-06T12:22:55.5771053Z /usr/bin/tar: ../../../../../usr/local/lib/android/sdk/platforms/android-36/data/res/values-mcc310-mnc800-bg: Cannot utime: Operation not permitted
build	Cache Android SDK	2026-06-06T12:22:55.5772248Z /usr/bin/tar: ../../../../../usr/local/lib/android/sdk/platforms/android-36/data/res/values-mcc310-mnc800-bg: Cannot change mode to rwxr-xr-x: Operation not permitted
build	Cache Android SDK	2026-06-06T12:22:55.5774387Z /usr/bin/tar: ../../../../../usr/local/lib/android/sdk/platforms/android-36/data/res/values-rm-rCH: Cannot utime: Operation not permitted
build	Cache Android SDK	2026-06-06T12:22:55.5775430Z /usr/bin/tar: ../../../../../usr/local/lib/android/sdk/platforms/android-36/data/res/values-rm-rCH: Cannot change mode to rwxr-xr-x: Operation not permitted
build	Cache Android SDK	2026-06-06T12:22:55.5778540Z /usr/bin/tar: ../../../../../usr/local/lib/android/sdk/platforms/android-36/data/res/values-mcc310-mnc270-af: Cannot utime: Operation not permitted
build	Cache Android SDK	2026-06-06T12:22:55.5779622Z /usr/bin/tar: ../../../../../usr/local/lib/android/sdk/platforms/android-36/data/res/values-mcc310-mnc270-af: Cannot change mode to rwxr-xr-x: Operation not permitted
build	Cache Android SDK	2026-06-06T12:22:55.5782736Z /usr/bin/tar: ../../../../../usr/local/lib/android/sdk/platforms/android-36/data/res/values-mcc310-mnc270-gu: Cannot utime: Operation not permitted
build	Cache Android SDK	2026-06-06T12:22:55.5783788Z /usr/bin/tar: ../../../../../usr/local/lib/android/sdk/platforms/android-36/data/res/values-mcc310-mnc270-gu: Cannot change mode to rwxr-xr-x: Operation not permitted
build	Cache Android SDK	2026-06-06T12:22:55.5785733Z /usr/bin/tar: ../../../../../usr/local/lib/android/sdk/platforms/android-36/data/res/values-mcc310-mnc380-en-rCA: Cannot utime: Operation not permitted
build	Cache Android SDK	2026-06-06T12:22:55.5786707Z /usr/bin/tar: ../../../../../usr/local/lib/android/sdk/platforms/android-36/data/res/values-mcc310-mnc380-en-rCA: Cannot change mode to rwxr-xr-x: Operation not permitted
build	Cache Android SDK	2026-06-06T12:22:55.5790090Z /usr/bin/tar: ../../../../../usr/local/lib/android/sdk/platforms/android-36/data/res/values-mcc310-mnc270: Cannot utime: Operation not permitted
build	Cache Android SDK	2026-06-06T12:22:55.5791521Z /usr/bin/tar: ../../../../../usr/local/lib/android/sdk/platforms/android-36/data/res/values-mcc310-mnc270: Cannot change mode to rwxr-xr-x: Operation not permitted
build	Cache Android SDK	2026-06-06T12:22:55.5794204Z /usr/bin/tar: ../../../../../usr/local/lib/android/sdk/platforms/android-36/data/res/mipmap-watch-anydpi: Cannot utime: Operation not permitted
build	Cache Android SDK	2026-06-06T12:22:55.5795219Z /usr/bin/tar: ../../../../../usr/local/lib/android/sdk/platforms/android-36/data/res/mipmap-watch-anydpi: Cannot change mode to rwxr-xr-x: Operation not permitted
build	Cache Android SDK	2026-06-06T12:22:55.5797666Z /usr/bin/tar: ../../../../../usr/local/lib/android/sdk/platforms/android-36/data/res/values-sq-television: Cannot utime: Operation not permitted
build	Cache Android SDK	2026-06-06T12:22:55.5798607Z /usr/bin/tar: ../../../../../usr/local/lib/android/sdk/platforms/android-36/data/res/values-sq-television: Cannot change mode to rwxr-xr-x: Operation not permitted
build	Cache Android SDK	2026-06-06T12:22:55.5801167Z /usr/bin/tar: ../../../../../usr/local/lib/android/sdk/platforms/android-36/data/res/values-mcc310-mnc030-en-rCA: Cannot utime: Operation not permitted
build	Cache Android SDK	2026-06-06T12:22:55.5802705Z /usr/bin/tar: ../../../../../usr/local/lib/android/sdk/platforms/android-36/data/res/values-mcc310-mnc030-en-rCA: Cannot change mode to rwxr-xr-x: Operation not permitted
build	Cache Android SDK	2026-06-06T12:22:55.5804544Z /usr/bin/tar: ../../../../../usr/local/lib/android/sdk/platforms/android-36/data/res/values-mcc001-mnc01-in: Cannot utime: Operation not permitted
build	Cache Android SDK	2026-06-06T12:22:55.5805807Z /usr/bin/tar: ../../../../../usr/local/lib/android/sdk/platforms/android-36/data/res/values-mcc001-mnc01-in: Cannot change mode to rwxr-xr-x: Operation not permitted
build	Cache Android SDK	2026-06-06T12:22:55.5808244Z /usr/bin/tar: ../../../../../usr/local/lib/android/sdk/platforms/android-36/data/res/values-mcc310-mnc800-zh-rHK: Cannot utime: Operation not permitted
build	Cache Android SDK	2026-06-06T12:22:55.5809621Z /usr/bin/tar: ../../../../../usr/local/lib/android/sdk/platforms/android-36/data/res/values-mcc310-mnc800-zh-rHK: Cannot change mode to rwxr-xr-x: Operation not permitted
build	Cache Android SDK	2026-06-06T12:22:55.5812355Z /usr/bin/tar: ../../../../../usr/local/lib/android/sdk/platforms/android-36/data/res/values-mcc310-mnc170-nb: Cannot utime: Operation not permitted
build	Cache Android SDK	2026-06-06T12:22:55.5813991Z /usr/bin/tar: ../../../../../usr/local/lib/android/sdk/platforms/android-36/data/res/values-mcc310-mnc170-nb: Cannot change mode to rwxr-xr-x: Operation not permitted
build	Cache Android SDK	2026-06-06T12:22:55.5815757Z /usr/bin/tar: ../../../../../usr/local/lib/android/sdk/platforms/android-36/data/res/values-mcc311-mnc180-hu: Cannot utime: Operation not permitted
build	Cache Android SDK	2026-06-06T12:22:55.5817024Z /usr/bin/tar: ../../../../../usr/local/lib/android/sdk/platforms/android-36/data/res/values-mcc311-mnc180-hu: Cannot change mode to rwxr-xr-x: Operation not permitted
build	Cache Android SDK	2026-06-06T12:22:55.5820131Z /usr/bin/tar: ../../../../../usr/local/lib/android/sdk/platforms/android-36/data/res/values-mcc310-mnc210-sv: Cannot utime: Operation not permitted
build	Cache Android SDK	2026-06-06T12:22:55.5821099Z /usr/bin/tar: ../../../../../usr/local/lib/android/sdk/platforms/android-36/data/res/values-mcc310-mnc210-sv: Cannot change mode to rwxr-xr-x: Operation not permitted
build	Cache Android SDK	2026-06-06T12:22:55.5823936Z /usr/bin/tar: ../../../../../usr/local/lib/android/sdk/platforms/android-36/data/res/values-mcc310-mnc280-be: Cannot utime: Operation not permitted
build	Cache Android SDK	2026-06-06T12:22:55.5825457Z /usr/bin/tar: ../../../../../usr/local/lib/android/sdk/platforms/android-36/data/res/values-mcc310-mnc280-be: Cannot change mode to rwxr-xr-x: Operation not permitted
build	Cache Android SDK	2026-06-06T12:22:55.5827814Z /usr/bin/tar: ../../../../../usr/local/lib/android/sdk/platforms/android-36/data/res/values-mcc310-mnc220-en-rGB: Cannot utime: Operation not permitted
build	Cache Android SDK	2026-06-06T12:22:55.5829227Z /usr/bin/tar: ../../../../../usr/local/lib/android/sdk/platforms/android-36/data/res/values-mcc310-mnc220-en-rGB: Cannot change mode to rwxr-xr-x: Operation not permitted
build	Cache Android SDK	2026-06-06T12:22:55.5830627Z /usr/bin/tar: ../../../../../usr/local/lib/android/sdk/platforms/android-36/data/res/values-mcc310-mnc950-el: Cannot utime: Operation not permitted
build	Cache Android SDK	2026-06-06T12:22:55.5831921Z /usr/bin/tar: ../../../../../usr/local/lib/android/sdk/platforms/android-36/data/res/values-mcc310-mnc950-el: Cannot change mode to rwxr-xr-x: Operation not permitted
build	Cache Android SDK	2026-06-06T12:22:55.5833738Z /usr/bin/tar: ../../../../../usr/local/lib/android/sdk/platforms/android-36/data/res/values-mcc310-mnc220-gu: Cannot utime: Operation not permitted
build	Cache Android SDK	2026-06-06T12:22:55.5835043Z /usr/bin/tar: ../../../../../usr/local/lib/android/sdk/platforms/android-36/data/res/values-mcc310-mnc220-gu: Cannot change mode to rwxr-xr-x: Operation not permitted
build	Cache Android SDK	2026-06-06T12:22:55.5837236Z /usr/bin/tar: ../../../../../usr/local/lib/android/sdk/platforms/android-36/data/res/values-mcc310-mnc590: Cannot utime: Operation not permitted
build	Cache Android SDK	2026-06-06T12:22:55.5838718Z /usr/bin/tar: ../../../../../usr/local/lib/android/sdk/platforms/android-36/data/res/values-mcc310-mnc590: Cannot change mode to rwxr-xr-x: Operation not permitted
build	Cache Android SDK	2026-06-06T12:22:55.5840494Z /usr/bin/tar: ../../../../../usr/local/lib/android/sdk/platforms/android-36/data/res/values-mcc310-mnc800-tr: Cannot utime: Operation not permitted
build	Cache Android SDK	2026-06-06T12:22:55.5841943Z /usr/bin/tar: ../../../../../usr/local/lib/android/sdk/platforms/android-36/data/res/values-mcc310-mnc800-tr: Cannot change mode to rwxr-xr-x: Operation not permitted
build	Cache Android SDK	2026-06-06T12:22:55.5846097Z /usr/bin/tar: ../../../../../usr/local/lib/android/sdk/platforms/android-36/data/res/values-mcc310-mnc800-fr-rCA: Cannot utime: Operation not permitted
build	Cache Android SDK	2026-06-06T12:22:55.5847729Z /usr/bin/tar: ../../../../../usr/local/lib/android/sdk/platforms/android-36/data/res/values-mcc310-mnc800-fr-rCA: Cannot change mode to rwxr-xr-x: Operation not permitted
build	Cache Android SDK	2026-06-06T12:22:55.5849247Z /usr/bin/tar: ../../../../../usr/local/lib/android/sdk/platforms/android-36/data/res/values-mcc310-mnc250-ml: Cannot utime: Operation not permitted
build	Cache Android SDK	2026-06-06T12:22:55.5850606Z /usr/bin/tar: ../../../../../usr/local/lib/android/sdk/platforms/android-36/data/res/values-mcc310-mnc250-ml: Cannot change mode to rwxr-xr-x: Operation not permitted
build	Cache Android SDK	2026-06-06T12:22:55.5852076Z /usr/bin/tar: ../../../../../usr/local/lib/android/sdk/platforms/android-36/data/res/values-mcc310-mnc220-ar: Cannot utime: Operation not permitted
build	Cache Android SDK	2026-06-06T12:22:55.5853259Z /usr/bin/tar: ../../../../../usr/local/lib/android/sdk/platforms/android-36/data/res/values-mcc310-mnc220-ar: Cannot change mode to rwxr-xr-x: Operation not permitted
build	Cache Android SDK	2026-06-06T12:22:55.5855257Z /usr/bin/tar: ../../../../../usr/local/lib/android/sdk/platforms/android-36/data/res/values-mcc334-mnc030: Cannot utime: Operation not permitted
build	Cache Android SDK	2026-06-06T12:22:55.5856582Z /usr/bin/tar: ../../../../../usr/local/lib/android/sdk/platforms/android-36/data/res/values-mcc334-mnc030: Cannot change mode to rwxr-xr-x: Operation not permitted
build	Cache Android SDK	2026-06-06T12:22:55.5859147Z /usr/bin/tar: ../../../../../usr/local/lib/android/sdk/platforms/android-36/data/res/values-mcc312-mnc670-lv: Cannot utime: Operation not permitted
build	Cache Android SDK	2026-06-06T12:22:55.5860076Z /usr/bin/tar: ../../../../../usr/local/lib/android/sdk/platforms/android-36/data/res/values-mcc312-mnc670-lv: Cannot change mode to rwxr-xr-x: Operation not permitted
build	Cache Android SDK	2026-06-06T12:22:55.5862270Z /usr/bin/tar: ../../../../../usr/local/lib/android/sdk/platforms/android-36/data/res/values-mcc310-mnc220-lo: Cannot utime: Operation not permitted
build	Cache Android SDK	2026-06-06T12:22:55.5863580Z /usr/bin/tar: ../../../../../usr/local/lib/android/sdk/platforms/android-36/data/res/values-mcc310-mnc220-lo: Cannot change mode to rwxr-xr-x: Operation not permitted
build	Cache Android SDK	2026-06-06T12:22:55.5865370Z /usr/bin/tar: ../../../../../usr/local/lib/android/sdk/platforms/android-36/data/res/values-mcc310-mnc230-pt-rBR: Cannot utime: Operation not permitted
build	Cache Android SDK	2026-06-06T12:22:55.5866513Z /usr/bin/tar: ../../../../../usr/local/lib/android/sdk/platforms/android-36/data/res/values-mcc310-mnc230-pt-rBR: Cannot change mode to rwxr-xr-x: Operation not permitted
build	Cache Android SDK	2026-06-06T12:22:55.5868749Z /usr/bin/tar: ../../../../../usr/local/lib/android/sdk/platforms/android-36/data/res/values-mcc310-mnc380: Cannot utime: Operation not permitted
build	Cache Android SDK	2026-06-06T12:22:55.5869871Z /usr/bin/tar: ../../../../../usr/local/lib/android/sdk/platforms/android-36/data/res/values-mcc310-mnc380: Cannot change mode to rwxr-xr-x: Operation not permitted
build	Cache Android SDK	2026-06-06T12:22:55.5873009Z /usr/bin/tar: ../../../../../usr/local/lib/android/sdk/platforms/android-36/data/res/values-mcc310-mnc170-pt: Cannot utime: Operation not permitted
build	Cache Android SDK	2026-06-06T12:22:55.5873964Z /usr/bin/tar: ../../../../../usr/local/lib/android/sdk/platforms/android-36/data/res/values-mcc310-mnc170-pt: Cannot change mode to rwxr-xr-x: Operation not permitted
build	Cache Android SDK	2026-06-06T12:22:55.5876213Z /usr/bin/tar: ../../../../../usr/local/lib/android/sdk/platforms/android-36/data/res/values-mcc311-mnc180-ne: Cannot utime: Operation not permitted
build	Cache Android SDK	2026-06-06T12:22:55.5878095Z /usr/bin/tar: ../../../../../usr/local/lib/android/sdk/platforms/android-36/data/res/values-mcc311-mnc180-ne: Cannot change mode to rwxr-xr-x: Operation not permitted
build	Cache Android SDK	2026-06-06T12:22:55.5879998Z /usr/bin/tar: ../../../../../usr/local/lib/android/sdk/platforms/android-36/data/res/values-bs-television: Cannot utime: Operation not permitted
build	Cache Android SDK	2026-06-06T12:22:55.5881240Z /usr/bin/tar: ../../../../../usr/local/lib/android/sdk/platforms/android-36/data/res/values-bs-television: Cannot change mode to rwxr-xr-x: Operation not permitted
build	Cache Android SDK	2026-06-06T12:22:55.5883659Z /usr/bin/tar: ../../../../../usr/local/lib/android/sdk/platforms/android-36/data/res/values-mcc310-mnc270-ru: Cannot utime: Operation not permitted
build	Cache Android SDK	2026-06-06T12:22:55.5884774Z /usr/bin/tar: ../../../../../usr/local/lib/android/sdk/platforms/android-36/data/res/values-mcc310-mnc270-ru: Cannot change mode to rwxr-xr-x: Operation not permitted
build	Cache Android SDK	2026-06-06T12:22:55.5887694Z /usr/bin/tar: ../../../../../usr/local/lib/android/sdk/platforms/android-36/data/res/values-mcc310-mnc220-sk: Cannot utime: Operation not permitted
build	Cache Android SDK	2026-06-06T12:22:55.5889155Z /usr/bin/tar: ../../../../../usr/local/lib/android/sdk/platforms/android-36/data/res/values-mcc310-mnc220-sk: Cannot change mode to rwxr-xr-x: Operation not permitted
build	Cache Android SDK	2026-06-06T12:22:55.5891010Z /usr/bin/tar: ../../../../../usr/local/lib/android/sdk/platforms/android-36/data/res/values-mcc310-mnc150: Cannot utime: Operation not permitted
build	Cache Android SDK	2026-06-06T12:22:55.5892305Z /usr/bin/tar: ../../../../../usr/local/lib/android/sdk/platforms/android-36/data/res/values-mcc310-mnc150: Cannot change mode to rwxr-xr-x: Operation not permitted
build	Cache Android SDK	2026-06-06T12:22:55.5894428Z /usr/bin/tar: ../../../../../usr/local/lib/android/sdk/platforms/android-36/data/res/values-mcc310-mnc410-sv: Cannot utime: Operation not permitted
build	Cache Android SDK	2026-06-06T12:22:55.5895607Z /usr/bin/tar: ../../../../../usr/local/lib/android/sdk/platforms/android-36/data/res/values-mcc310-mnc410-sv: Cannot change mode to rwxr-xr-x: Operation not permitted
build	Cache Android SDK	2026-06-06T12:22:55.5898751Z /usr/bin/tar: ../../../../../usr/local/lib/android/sdk/platforms/android-36/data/res/values-mcc310-mnc210-lv: Cannot utime: Operation not permitted
build	Cache Android SDK	2026-06-06T12:22:55.5900575Z /usr/bin/tar: ../../../../../usr/local/lib/android/sdk/platforms/android-36/data/res/values-mcc310-mnc210-lv: Cannot change mode to rwxr-xr-x: Operation not permitted
build	Cache Android SDK	2026-06-06T12:22:55.5902329Z /usr/bin/tar: ../../../../../usr/local/lib/android/sdk/platforms/android-36/data/res/values-mcc310-mnc280-sv: Cannot utime: Operation not permitted
build	Cache Android SDK	2026-06-06T12:22:55.5903749Z /usr/bin/tar: ../../../../../usr/local/lib/android/sdk/platforms/android-36/data/res/values-mcc310-mnc280-sv: Cannot change mode to rwxr-xr-x: Operation not permitted
build	Cache Android SDK	2026-06-06T12:22:55.5905101Z /usr/bin/tar: ../../../../../usr/local/lib/android/sdk/platforms/android-36/data/res/values-mcc310-mnc660-ar: Cannot utime: Operation not permitted
build	Cache Android SDK	2026-06-06T12:22:55.5907277Z /usr/bin/tar: ../../../../../usr/local/lib/android/sdk/platforms/android-36/data/res/values-mcc310-mnc660-ar: Cannot change mode to rwxr-xr-x: Operation not permitted
build	Cache Android SDK	2026-06-06T12:22:55.5917327Z /usr/bin/tar: ../../../../../usr/local/lib/android/sdk/platforms/android-36/data/res/values-sw: Cannot utime: Operation not permitted
build	Cache Android SDK	2026-06-06T12:22:55.5919201Z /usr/bin/tar: ../../../../../usr/local/lib/android/sdk/platforms/android-36/data/res/values-sw: Cannot change mode to rwxr-xr-x: Operation not permitted
build	Cache Android SDK	2026-06-06T12:22:55.5921459Z /usr/bin/tar: ../../../../../usr/local/lib/android/sdk/platforms/android-36/data/res/values-mcc313-mnc100-ne: Cannot utime: Operation not permitted
build	Cache Android SDK	2026-06-06T12:22:55.5922899Z /usr/bin/tar: ../../../../../usr/local/lib/android/sdk/platforms/android-36/data/res/values-mcc313-mnc100-ne: Cannot change mode to rwxr-xr-x: Operation not permitted
build	Cache Android SDK	2026-06-06T12:22:55.5924982Z /usr/bin/tar: ../../../../../usr/local/lib/android/sdk/platforms/android-36/data/res/values-mcc310-mnc200-zh-rHK: Cannot utime: Operation not permitted
build	Cache Android SDK	2026-06-06T12:22:55.5926704Z /usr/bin/tar: ../../../../../usr/local/lib/android/sdk/platforms/android-36/data/res/values-mcc310-mnc200-zh-rHK: Cannot change mode to rwxr-xr-x: Operation not permitted
build	Cache Android SDK	2026-06-06T12:22:55.5928609Z /usr/bin/tar: ../../../../../usr/local/lib/android/sdk/platforms/android-36/data/res/values-mcc310-mnc310-mn: Cannot utime: Operation not permitted
build	Cache Android SDK	2026-06-06T12:22:55.5930730Z /usr/bin/tar: ../../../../../usr/local/lib/android/sdk/platforms/android-36/data/res/values-mcc310-mnc310-mn: Cannot change mode to rwxr-xr-x: Operation not permitted
build	Cache Android SDK	2026-06-06T12:22:55.5932014Z /usr/bin/tar: ../../../../../usr/local/lib/android/sdk/platforms/android-36/data/res/values-w204dp: Cannot utime: Operation not permitted
build	Cache Android SDK	2026-06-06T12:22:55.5933748Z /usr/bin/tar: ../../../../../usr/local/lib/android/sdk/platforms/android-36/data/res/values-w204dp: Cannot change mode to rwxr-xr-x: Operation not permitted
build	Cache Android SDK	2026-06-06T12:22:55.5935507Z /usr/bin/tar: ../../../../../usr/local/lib/android/sdk/platforms/android-36/data/res/values-mcc311-mnc180-th: Cannot utime: Operation not permitted
build	Cache Android SDK	2026-06-06T12:22:55.5937034Z /usr/bin/tar: ../../../../../usr/local/lib/android/sdk/platforms/android-36/data/res/values-mcc311-mnc180-th: Cannot change mode to rwxr-xr-x: Operation not permitted
build	Cache Android SDK	2026-06-06T12:22:55.5939147Z /usr/bin/tar: ../../../../../usr/local/lib/android/sdk/platforms/android-36/data/res/values-mcc311-mnc180-fr-rCA: Cannot utime: Operation not permitted
build	Cache Android SDK	2026-06-06T12:22:55.5941203Z /usr/bin/tar: ../../../../../usr/local/lib/android/sdk/platforms/android-36/data/res/values-mcc311-mnc180-fr-rCA: Cannot change mode to rwxr-xr-x: Operation not permitted
build	Cache Android SDK	2026-06-06T12:22:55.5942723Z /usr/bin/tar: ../../../../../usr/local/lib/android/sdk/platforms/android-36/data/res/values-sl-rSI: Cannot utime: Operation not permitted
build	Cache Android SDK	2026-06-06T12:22:55.5944606Z /usr/bin/tar: ../../../../../usr/local/lib/android/sdk/platforms/android-36/data/res/values-sl-rSI: Cannot change mode to rwxr-xr-x: Operation not permitted
build	Cache Android SDK	2026-06-06T12:22:55.5945874Z /usr/bin/tar: ../../../../../usr/local/lib/android/sdk/platforms/android-36/data/res/values-ja-rJP: Cannot utime: Operation not permitted
build	Cache Android SDK	2026-06-06T12:22:55.5947638Z /usr/bin/tar: ../../../../../usr/local/lib/android/sdk/platforms/android-36/data/res/values-ja-rJP: Cannot change mode to rwxr-xr-x: Operation not permitted
build	Cache Android SDK	2026-06-06T12:22:55.5949318Z /usr/bin/tar: ../../../../../usr/local/lib/android/sdk/platforms/android-36/data/res/values-mcc313-mnc100-uz: Cannot utime: Operation not permitted
build	Cache Android SDK	2026-06-06T12:22:55.5951425Z /usr/bin/tar: ../../../../../usr/local/lib/android/sdk/platforms/android-36/data/res/values-mcc313-mnc100-uz: Cannot change mode to rwxr-xr-x: Operation not permitted
build	Cache Android SDK	2026-06-06T12:22:55.5952883Z /usr/bin/tar: ../../../../../usr/local/lib/android/sdk/platforms/android-36/data/res/values-mcc310-mnc230-vi: Cannot utime: Operation not permitted
build	Cache Android SDK	2026-06-06T12:22:55.5955033Z /usr/bin/tar: ../../../../../usr/local/lib/android/sdk/platforms/android-36/data/res/values-mcc310-mnc230-vi: Cannot change mode to rwxr-xr-x: Operation not permitted
build	Cache Android SDK	2026-06-06T12:22:55.5956518Z /usr/bin/tar: ../../../../../usr/local/lib/android/sdk/platforms/android-36/data/res/values-mcc310-mnc560-iw: Cannot utime: Operation not permitted
build	Cache Android SDK	2026-06-06T12:22:55.5958505Z /usr/bin/tar: ../../../../../usr/local/lib/android/sdk/platforms/android-36/data/res/values-mcc310-mnc560-iw: Cannot change mode to rwxr-xr-x: Operation not permitted
build	Cache Android SDK	2026-06-06T12:22:55.5959967Z /usr/bin/tar: ../../../../../usr/local/lib/android/sdk/platforms/android-36/data/res/values-mcc310-mnc170-sv: Cannot utime: Operation not permitted
build	Cache Android SDK	2026-06-06T12:22:55.5961975Z /usr/bin/tar: ../../../../../usr/local/lib/android/sdk/platforms/android-36/data/res/values-mcc310-mnc170-sv: Cannot change mode to rwxr-xr-x: Operation not permitted
build	Cache Android SDK	2026-06-06T12:22:55.5963279Z /usr/bin/tar: ../../../../../usr/local/lib/android/sdk/platforms/android-36/data/res/values-mcc310-mnc260: Cannot utime: Operation not permitted
build	Cache Android SDK	2026-06-06T12:22:55.5965194Z /usr/bin/tar: ../../../../../usr/local/lib/android/sdk/platforms/android-36/data/res/values-mcc310-mnc260: Cannot change mode to rwxr-xr-x: Operation not permitted
build	Cache Android SDK	2026-06-06T12:22:55.5966494Z /usr/bin/tar: ../../../../../usr/local/lib/android/sdk/platforms/android-36/data/res/values-mcc302-mnc720-mr: Cannot utime: Operation not permitted
build	Cache Android SDK	2026-06-06T12:22:55.5968330Z /usr/bin/tar: ../../../../../usr/local/lib/android/sdk/platforms/android-36/data/res/values-mcc302-mnc720-mr: Cannot change mode to rwxr-xr-x: Operation not permitted
build	Cache Android SDK	2026-06-06T12:22:55.5970848Z /usr/bin/tar: ../../../../../usr/local/lib/android/sdk/platforms/android-36/data/res/values-mcc310-mnc210-lo: Cannot utime: Operation not permitted
build	Cache Android SDK	2026-06-06T12:22:55.5972952Z /usr/bin/tar: ../../../../../usr/local/lib/android/sdk/platforms/android-36/data/res/values-mcc310-mnc210-lo: Cannot change mode to rwxr-xr-x: Operation not permitted
build	Cache Android SDK	2026-06-06T12:22:55.5974636Z /usr/bin/tar: ../../../../../usr/local/lib/android/sdk/platforms/android-36/data/res/values-mcc310-mnc150-af: Cannot utime: Operation not permitted
build	Cache Android SDK	2026-06-06T12:22:55.5976666Z /usr/bin/tar: ../../../../../usr/local/lib/android/sdk/platforms/android-36/data/res/values-mcc310-mnc150-af: Cannot change mode to rwxr-xr-x: Operation not permitted
build	Cache Android SDK	2026-06-06T12:22:55.5998353Z /usr/bin/tar: ../../../../../usr/local/lib/android/sdk/platforms/android-36/data/res/layout-car: Cannot utime: Operation not permitted
build	Cache Android SDK	2026-06-06T12:22:55.6000057Z /usr/bin/tar: ../../../../../usr/local/lib/android/sdk/platforms/android-36/data/res/layout-car: Cannot change mode to rwxr-xr-x: Operation not permitted
build	Cache Android SDK	2026-06-06T12:22:55.6002265Z /usr/bin/tar: ../../../../../usr/local/lib/android/sdk/platforms/android-36/data/res/values-mcc310-mnc270-iw: Cannot utime: Operation not permitted
build	Cache Android SDK	2026-06-06T12:22:55.6003476Z /usr/bin/tar: ../../../../../usr/local/lib/android/sdk/platforms/android-36/data/res/values-mcc310-mnc270-iw: Cannot change mode to rwxr-xr-x: Operation not permitted
build	Cache Android SDK	2026-06-06T12:22:55.6005016Z /usr/bin/tar: ../../../../../usr/local/lib/android/sdk/platforms/android-36/data/res/values-mcc310-mnc660-ne: Cannot utime: Operation not permitted
build	Cache Android SDK	2026-06-06T12:22:55.6006151Z /usr/bin/tar: ../../../../../usr/local/lib/android/sdk/platforms/android-36/data/res/values-mcc310-mnc660-ne: Cannot change mode to rwxr-xr-x: Operation not permitted
build	Cache Android SDK	2026-06-06T12:22:55.6007959Z /usr/bin/tar: ../../../../../usr/local/lib/android/sdk/platforms/android-36/data/res/values-sw-rTZ: Cannot utime: Operation not permitted
build	Cache Android SDK	2026-06-06T12:22:55.6009993Z /usr/bin/tar: ../../../../../usr/local/lib/android/sdk/platforms/android-36/data/res/values-sw-rTZ: Cannot change mode to rwxr-xr-x: Operation not permitted
build	Cache Android SDK	2026-06-06T12:22:55.6012198Z /usr/bin/tar: ../../../../../usr/local/lib/android/sdk/platforms/android-36/data/res/values-mcc310-mnc160-zu: Cannot utime: Operation not permitted
build	Cache Android SDK	2026-06-06T12:22:55.6013788Z /usr/bin/tar: ../../../../../usr/local/lib/android/sdk/platforms/android-36/data/res/values-mcc310-mnc160-zu: Cannot change mode to rwxr-xr-x: Operation not permitted
build	Cache Android SDK	2026-06-06T12:22:55.6015991Z /usr/bin/tar: ../../../../../usr/local/lib/android/sdk/platforms/android-36/data/res/values-mcc334-mnc020-ne: Cannot utime: Operation not permitted
build	Cache Android SDK	2026-06-06T12:22:55.6017727Z /usr/bin/tar: ../../../../../usr/local/lib/android/sdk/platforms/android-36/data/res/values-mcc334-mnc020-ne: Cannot change mode to rwxr-xr-x: Operation not permitted
build	Cache Android SDK	2026-06-06T12:22:55.6019936Z /usr/bin/tar: ../../../../../usr/local/lib/android/sdk/platforms/android-36/data/res/values-mcc302-mnc720-ro: Cannot utime: Operation not permitted
build	Cache Android SDK	2026-06-06T12:22:55.6022102Z /usr/bin/tar: ../../../../../usr/local/lib/android/sdk/platforms/android-36/data/res/values-mcc302-mnc720-ro: Cannot change mode to rwxr-xr-x: Operation not permitted
build	Cache Android SDK	2026-06-06T12:22:55.6023820Z /usr/bin/tar: ../../../../../usr/local/lib/android/sdk/platforms/android-36/data/res/values-mcc310-mnc490-en-rGB: Cannot utime: Operation not permitted
build	Cache Android SDK	2026-06-06T12:22:55.6026098Z /usr/bin/tar: ../../../../../usr/local/lib/android/sdk/platforms/android-36/data/res/values-mcc310-mnc490-en-rGB: Cannot change mode to rwxr-xr-x: Operation not permitted
build	Cache Android SDK	2026-06-06T12:22:55.6028034Z /usr/bin/tar: ../../../../../usr/local/lib/android/sdk/platforms/android-36/data/res/values-de-rDE: Cannot utime: Operation not permitted
build	Cache Android SDK	2026-06-06T12:22:55.6030009Z /usr/bin/tar: ../../../../../usr/local/lib/android/sdk/platforms/android-36/data/res/values-de-rDE: Cannot change mode to rwxr-xr-x: Operation not permitted
build	Cache Android SDK	2026-06-06T12:22:55.6031683Z /usr/bin/tar: ../../../../../usr/local/lib/android/sdk/platforms/android-36/data/res/values-mcc334-mnc020-ml: Cannot utime: Operation not permitted
build	Cache Android SDK	2026-06-06T12:22:55.6032882Z /usr/bin/tar: ../../../../../usr/local/lib/android/sdk/platforms/android-36/data/res/values-mcc334-mnc020-ml: Cannot change mode to rwxr-xr-x: Operation not permitted
build	Cache Android SDK	2026-06-06T12:22:55.6034862Z /usr/bin/tar: ../../../../../usr/local/lib/android/sdk/platforms/android-36/data/res/values-mcc334-mnc020-zh-rCN: Cannot utime: Operation not permitted
build	Cache Android SDK	2026-06-06T12:22:55.6036705Z /usr/bin/tar: ../../../../../usr/local/lib/android/sdk/platforms/android-36/data/res/values-mcc334-mnc020-zh-rCN: Cannot change mode to rwxr-xr-x: Operation not permitted
build	Cache Android SDK	2026-06-06T12:22:55.6038436Z /usr/bin/tar: ../../../../../usr/local/lib/android/sdk/platforms/android-36/data/res/values-mcc310-mnc150-te: Cannot utime: Operation not permitted
build	Cache Android SDK	2026-06-06T12:22:55.6039685Z /usr/bin/tar: ../../../../../usr/local/lib/android/sdk/platforms/android-36/data/res/values-mcc310-mnc150-te: Cannot change mode to rwxr-xr-x: Operation not permitted
build	Cache Android SDK	2026-06-06T12:22:55.6041334Z /usr/bin/tar: ../../../../../usr/local/lib/android/sdk/platforms/android-36/data/res/values-mcc310-mnc200-b+sr+Latn: Cannot utime: Operation not permitted
build	Cache Android SDK	2026-06-06T12:22:55.6042518Z /usr/bin/tar: ../../../../../usr/local/lib/android/sdk/platforms/android-36/data/res/values-mcc310-mnc200-b+sr+Latn: Cannot change mode to rwxr-xr-x: Operation not permitted
build	Cache Android SDK	2026-06-06T12:22:55.6043628Z /usr/bin/tar: ../../../../../usr/local/lib/android/sdk/platforms/android-36/data/res/values-mcc310-mnc150-ml: Cannot utime: Operation not permitted
build	Cache Android SDK	2026-06-06T12:22:55.6044787Z /usr/bin/tar: ../../../../../usr/local/lib/android/sdk/platforms/android-36/data/res/values-mcc310-mnc150-ml: Cannot change mode to rwxr-xr-x: Operation not permitted
build	Cache Android SDK	2026-06-06T12:22:55.6046391Z /usr/bin/tar: ../../../../../usr/local/lib/android/sdk/platforms/android-36/data/res/values-mcc001-mnc01-ja: Cannot utime: Operation not permitted
build	Cache Android SDK	2026-06-06T12:22:55.6048156Z /usr/bin/tar: ../../../../../usr/local/lib/android/sdk/platforms/android-36/data/res/values-mcc001-mnc01-ja: Cannot change mode to rwxr-xr-x: Operation not permitted
build	Cache Android SDK	2026-06-06T12:22:55.6049542Z /usr/bin/tar: ../../../../../usr/local/lib/android/sdk/platforms/android-36/data/res/values-mcc310-mnc150-uk: Cannot utime: Operation not permitted
build	Cache Android SDK	2026-06-06T12:22:55.6051593Z /usr/bin/tar: ../../../../../usr/local/lib/android/sdk/platforms/android-36/data/res/values-mcc310-mnc150-uk: Cannot change mode to rwxr-xr-x: Operation not permitted
build	Cache Android SDK	2026-06-06T12:22:55.6053408Z /usr/bin/tar: ../../../../../usr/local/lib/android/sdk/platforms/android-36/data/res/values-mcc334-mnc020-de: Cannot utime: Operation not permitted
build	Cache Android SDK	2026-06-06T12:22:55.6054858Z /usr/bin/tar: ../../../../../usr/local/lib/android/sdk/platforms/android-36/data/res/values-mcc334-mnc020-de: Cannot change mode to rwxr-xr-x: Operation not permitted
build	Cache Android SDK	2026-06-06T12:22:55.6056212Z /usr/bin/tar: ../../../../../usr/local/lib/android/sdk/platforms/android-36/data/res/values-mcc310-mnc230-es: Cannot utime: Operation not permitted
build	Cache Android SDK	2026-06-06T12:22:55.6058487Z /usr/bin/tar: ../../../../../usr/local/lib/android/sdk/platforms/android-36/data/res/values-mcc310-mnc230-es: Cannot change mode to rwxr-xr-x: Operation not permitted
build	Cache Android SDK	2026-06-06T12:22:55.6060040Z /usr/bin/tar: ../../../../../usr/local/lib/android/sdk/platforms/android-36/data/res/values-mcc310-mnc280-fr: Cannot utime: Operation not permitted
build	Cache Android SDK	2026-06-06T12:22:55.6062314Z /usr/bin/tar: ../../../../../usr/local/lib/android/sdk/platforms/android-36/data/res/values-mcc310-mnc280-fr: Cannot change mode to rwxr-xr-x: Operation not permitted
build	Cache Android SDK	2026-06-06T12:22:55.6064117Z /usr/bin/tar: ../../../../../usr/local/lib/android/sdk/platforms/android-36/data/res/values-mcc302-mnc370-eu: Cannot utime: Operation not permitted
build	Cache Android SDK	2026-06-06T12:22:55.6066236Z /usr/bin/tar: ../../../../../usr/local/lib/android/sdk/platforms/android-36/data/res/values-mcc302-mnc370-eu: Cannot change mode to rwxr-xr-x: Operation not permitted
build	Cache Android SDK	2026-06-06T12:22:55.6068471Z /usr/bin/tar: ../../../../../usr/local/lib/android/sdk/platforms/android-36/data/res/values-mcc334-mnc020-ja: Cannot utime: Operation not permitted
build	Cache Android SDK	2026-06-06T12:22:55.6070506Z /usr/bin/tar: ../../../../../usr/local/lib/android/sdk/platforms/android-36/data/res/values-mcc334-mnc020-ja: Cannot change mode to rwxr-xr-x: Operation not permitted
build	Cache Android SDK	2026-06-06T12:22:55.6072502Z /usr/bin/tar: ../../../../../usr/local/lib/android/sdk/platforms/android-36/data/res/values-mcc310-mnc250-my: Cannot utime: Operation not permitted
build	Cache Android SDK	2026-06-06T12:22:55.6074052Z /usr/bin/tar: ../../../../../usr/local/lib/android/sdk/platforms/android-36/data/res/values-mcc310-mnc250-my: Cannot change mode to rwxr-xr-x: Operation not permitted
build	Cache Android SDK	2026-06-06T12:22:55.6075195Z /usr/bin/tar: ../../../../../usr/local/lib/android/sdk/platforms/android-36/data/res/values-mcc310-mnc380-b+sr+Latn: Cannot utime: Operation not permitted
build	Cache Android SDK	2026-06-06T12:22:55.6077340Z /usr/bin/tar: ../../../../../usr/local/lib/android/sdk/platforms/android-36/data/res/values-mcc310-mnc380-b+sr+Latn: Cannot change mode to rwxr-xr-x: Operation not permitted
build	Cache Android SDK	2026-06-06T12:22:55.6079308Z /usr/bin/tar: ../../../../../usr/local/lib/android/sdk/platforms/android-36/data/res/values-de-feminine: Cannot utime: Operation not permitted
build	Cache Android SDK	2026-06-06T12:22:55.6080903Z /usr/bin/tar: ../../../../../usr/local/lib/android/sdk/platforms/android-36/data/res/values-de-feminine: Cannot change mode to rwxr-xr-x: Operation not permitted
build	Cache Android SDK	2026-06-06T12:22:55.6082176Z /usr/bin/tar: ../../../../../usr/local/lib/android/sdk/platforms/android-36/data/res/values-mcc405: Cannot utime: Operation not permitted
build	Cache Android SDK	2026-06-06T12:22:55.6084233Z /usr/bin/tar: ../../../../../usr/local/lib/android/sdk/platforms/android-36/data/res/values-mcc405: Cannot change mode to rwxr-xr-x: Operation not permitted
build	Cache Android SDK	2026-06-06T12:22:55.6086564Z /usr/bin/tar: ../../../../../usr/local/lib/android/sdk/platforms/android-36/data/res/values-mcc310-mnc560-km: Cannot utime: Operation not permitted
build	Cache Android SDK	2026-06-06T12:22:55.6088803Z /usr/bin/tar: ../../../../../usr/local/lib/android/sdk/platforms/android-36/data/res/values-mcc310-mnc560-km: Cannot change mode to rwxr-xr-x: Operation not permitted
build	Cache Android SDK	2026-06-06T12:22:55.6090773Z /usr/bin/tar: ../../../../../usr/local/lib/android/sdk/platforms/android-36/data/res/values-is: Cannot utime: Operation not permitted
build	Cache Android SDK	2026-06-06T12:22:55.6092303Z /usr/bin/tar: ../../../../../usr/local/lib/android/sdk/platforms/android-36/data/res/values-is: Cannot change mode to rwxr-xr-x: Operation not permitted
build	Cache Android SDK	2026-06-06T12:22:55.6094080Z /usr/bin/tar: ../../../../../usr/local/lib/android/sdk/platforms/android-36/data/res/values-es-rUS-neuter: Cannot utime: Operation not permitted
build	Cache Android SDK	2026-06-06T12:22:55.6095357Z /usr/bin/tar: ../../../../../usr/local/lib/android/sdk/platforms/android-36/data/res/values-es-rUS-neuter: Cannot change mode to rwxr-xr-x: Operation not permitted
build	Cache Android SDK	2026-06-06T12:22:55.6097249Z /usr/bin/tar: ../../../../../usr/local/lib/android/sdk/platforms/android-36/data/res/values-mcc334-mnc020-it: Cannot utime: Operation not permitted
build	Cache Android SDK	2026-06-06T12:22:55.6099201Z /usr/bin/tar: ../../../../../usr/local/lib/android/sdk/platforms/android-36/data/res/values-mcc334-mnc020-it: Cannot change mode to rwxr-xr-x: Operation not permitted
build	Cache Android SDK	2026-06-06T12:22:55.6100837Z /usr/bin/tar: ../../../../../usr/local/lib/android/sdk/platforms/android-36/data/res/values-mcc310-mnc230-nl: Cannot utime: Operation not permitted
build	Cache Android SDK	2026-06-06T12:22:55.6102805Z /usr/bin/tar: ../../../../../usr/local/lib/android/sdk/platforms/android-36/data/res/values-mcc310-mnc230-nl: Cannot change mode to rwxr-xr-x: Operation not permitted
build	Cache Android SDK	2026-06-06T12:22:55.6104423Z /usr/bin/tar: ../../../../../usr/local/lib/android/sdk/platforms/android-36/data/res/values-mcc310-mnc800-vi: Cannot utime: Operation not permitted
build	Cache Android SDK	2026-06-06T12:22:55.6106016Z /usr/bin/tar: ../../../../../usr/local/lib/android/sdk/platforms/android-36/data/res/values-mcc310-mnc800-vi: Cannot change mode to rwxr-xr-x: Operation not permitted
build	Cache Android SDK	2026-06-06T12:22:55.6107595Z /usr/bin/tar: ../../../../../usr/local/lib/android/sdk/platforms/android-36/data/res/values-ta-television: Cannot utime: Operation not permitted
build	Cache Android SDK	2026-06-06T12:22:55.6109148Z /usr/bin/tar: ../../../../../usr/local/lib/android/sdk/platforms/android-36/data/res/values-ta-television: Cannot change mode to rwxr-xr-x: Operation not permitted
build	Cache Android SDK	2026-06-06T12:22:55.6110572Z /usr/bin/tar: ../../../../../usr/local/lib/android/sdk/platforms/android-36/data/res/values-mcc302-mnc370-bs: Cannot utime: Operation not permitted
build	Cache Android SDK	2026-06-06T12:22:55.6111660Z /usr/bin/tar: ../../../../../usr/local/lib/android/sdk/platforms/android-36/data/res/values-mcc302-mnc370-bs: Cannot change mode to rwxr-xr-x: Operation not permitted
build	Cache Android SDK	2026-06-06T12:22:55.6113460Z /usr/bin/tar: ../../../../../usr/local/lib/android/sdk/platforms/android-36/data/res/values-sw600dp: Cannot utime: Operation not permitted
build	Cache Android SDK	2026-06-06T12:22:55.6114599Z /usr/bin/tar: ../../../../../usr/local/lib/android/sdk/platforms/android-36/data/res/values-sw600dp: Cannot change mode to rwxr-xr-x: Operation not permitted
build	Cache Android SDK	2026-06-06T12:22:55.6116236Z /usr/bin/tar: ../../../../../usr/local/lib/android/sdk/platforms/android-36/data/res/values-mcc310-mnc490-pl: Cannot utime: Operation not permitted
build	Cache Android SDK	2026-06-06T12:22:55.6117611Z /usr/bin/tar: ../../../../../usr/local/lib/android/sdk/platforms/android-36/data/res/values-mcc310-mnc490-pl: Cannot change mode to rwxr-xr-x: Operation not permitted
build	Cache Android SDK	2026-06-06T12:22:55.6119077Z /usr/bin/tar: ../../../../../usr/local/lib/android/sdk/platforms/android-36/data/res/values-mcc313-mnc100-da: Cannot utime: Operation not permitted
build	Cache Android SDK	2026-06-06T12:22:55.6120144Z /usr/bin/tar: ../../../../../usr/local/lib/android/sdk/platforms/android-36/data/res/values-mcc313-mnc100-da: Cannot change mode to rwxr-xr-x: Operation not permitted
build	Cache Android SDK	2026-06-06T12:22:55.6122137Z /usr/bin/tar: ../../../../../usr/local/lib/android/sdk/platforms/android-36/data/res/values-mcc313-mnc100-ta: Cannot utime: Operation not permitted
build	Cache Android SDK	2026-06-06T12:22:55.6124137Z /usr/bin/tar: ../../../../../usr/local/lib/android/sdk/platforms/android-36/data/res/values-mcc313-mnc100-ta: Cannot change mode to rwxr-xr-x: Operation not permitted
build	Cache Android SDK	2026-06-06T12:22:55.6126168Z /usr/bin/tar: ../../../../../usr/local/lib/android/sdk/platforms/android-36/data/res/values-mcc310-mnc220-sq: Cannot utime: Operation not permitted
build	Cache Android SDK	2026-06-06T12:22:55.6128284Z /usr/bin/tar: ../../../../../usr/local/lib/android/sdk/platforms/android-36/data/res/values-mcc310-mnc220-sq: Cannot change mode to rwxr-xr-x: Operation not permitted
build	Cache Android SDK	2026-06-06T12:22:55.6130413Z /usr/bin/tar: ../../../../../usr/local/lib/android/sdk/platforms/android-36/data/res/values-mcc310-mnc250-zh-rCN: Cannot utime: Operation not permitted
build	Cache Android SDK	2026-06-06T12:22:55.6132241Z /usr/bin/tar: ../../../../../usr/local/lib/android/sdk/platforms/android-36/data/res/values-mcc310-mnc250-zh-rCN: Cannot change mode to rwxr-xr-x: Operation not permitted
build	Cache Android SDK	2026-06-06T12:22:55.6133772Z /usr/bin/tar: ../../../../../usr/local/lib/android/sdk/platforms/android-36/data/res/values-mcc310-mnc150-gu: Cannot utime: Operation not permitted
build	Cache Android SDK	2026-06-06T12:22:55.6135473Z /usr/bin/tar: ../../../../../usr/local/lib/android/sdk/platforms/android-36/data/res/values-mcc310-mnc150-gu: Cannot change mode to rwxr-xr-x: Operation not permitted
build	Cache Android SDK	2026-06-06T12:22:55.6136589Z /usr/bin/tar: ../../../../../usr/local/lib/android/sdk/platforms/android-36/data/res/values-mcc310-mnc230-si: Cannot utime: Operation not permitted
build	Cache Android SDK	2026-06-06T12:22:55.6138262Z /usr/bin/tar: ../../../../../usr/local/lib/android/sdk/platforms/android-36/data/res/values-mcc310-mnc230-si: Cannot change mode to rwxr-xr-x: Operation not permitted
build	Cache Android SDK	2026-06-06T12:22:55.6139141Z /usr/bin/tar: ../../../../../usr/local/lib/android/sdk/platforms/android-36/data/res/values-mcc311-mnc180-ar: Cannot utime: Operation not permitted
build	Cache Android SDK	2026-06-06T12:22:55.6140155Z /usr/bin/tar: ../../../../../usr/local/lib/android/sdk/platforms/android-36/data/res/values-mcc311-mnc180-ar: Cannot change mode to rwxr-xr-x: Operation not permitted
build	Cache Android SDK	2026-06-06T12:22:55.6141030Z /usr/bin/tar: ../../../../../usr/local/lib/android/sdk/platforms/android-36/data/res/values-mcc310-mnc800-ca: Cannot utime: Operation not permitted
build	Cache Android SDK	2026-06-06T12:22:55.6141892Z /usr/bin/tar: ../../../../../usr/local/lib/android/sdk/platforms/android-36/data/res/values-mcc310-mnc800-ca: Cannot change mode to rwxr-xr-x: Operation not permitted
build	Cache Android SDK	2026-06-06T12:22:55.6142747Z /usr/bin/tar: ../../../../../usr/local/lib/android/sdk/platforms/android-36/data/res/values-mcc310-mnc560-as: Cannot utime: Operation not permitted
build	Cache Android SDK	2026-06-06T12:22:55.6143350Z /usr/bin/tar: ../../../../../usr/local/lib/android/sdk/platforms/android-36/data/res/values-mcc310-mnc560-as: Cannot change mode to rwxr-xr-x: Operation not permitted
build	Cache Android SDK	2026-06-06T12:22:55.6143920Z /usr/bin/tar: ../../../../../usr/local/lib/android/sdk/platforms/android-36/data/res/values-mcc310-mnc310-zh-rCN: Cannot utime: Operation not permitted
build	Cache Android SDK	2026-06-06T12:22:55.6144891Z /usr/bin/tar: ../../../../../usr/local/lib/android/sdk/platforms/android-36/data/res/values-mcc310-mnc310-zh-rCN: Cannot change mode to rwxr-xr-x: Operation not permitted
build	Cache Android SDK	2026-06-06T12:22:55.6146053Z /usr/bin/tar: ../../../../../usr/local/lib/android/sdk/platforms/android-36/data/res/values-mcc310-mnc800-gl: Cannot utime: Operation not permitted
build	Cache Android SDK	2026-06-06T12:22:55.6147006Z /usr/bin/tar: ../../../../../usr/local/lib/android/sdk/platforms/android-36/data/res/values-mcc310-mnc800-gl: Cannot change mode to rwxr-xr-x: Operation not permitted
build	Cache Android SDK	2026-06-06T12:22:55.6147963Z /usr/bin/tar: ../../../../../usr/local/lib/android/sdk/platforms/android-36/data/res/values-mcc310-mnc240-si: Cannot utime: Operation not permitted
build	Cache Android SDK	2026-06-06T12:22:55.6149058Z /usr/bin/tar: ../../../../../usr/local/lib/android/sdk/platforms/android-36/data/res/values-mcc310-mnc240-si: Cannot change mode to rwxr-xr-x: Operation not permitted
build	Cache Android SDK	2026-06-06T12:22:55.6149910Z /usr/bin/tar: ../../../../../usr/local/lib/android/sdk/platforms/android-36/data/res/values-mcc313-mnc100-en-rAU: Cannot utime: Operation not permitted
build	Cache Android SDK	2026-06-06T12:22:55.6150789Z /usr/bin/tar: ../../../../../usr/local/lib/android/sdk/platforms/android-36/data/res/values-mcc313-mnc100-en-rAU: Cannot change mode to rwxr-xr-x: Operation not permitted
build	Cache Android SDK	2026-06-06T12:22:55.6151838Z /usr/bin/tar: ../../../../../usr/local/lib/android/sdk/platforms/android-36/data/res/values-mcc310-mnc280-sk: Cannot utime: Operation not permitted
build	Cache Android SDK	2026-06-06T12:22:55.6152862Z /usr/bin/tar: ../../../../../usr/local/lib/android/sdk/platforms/android-36/data/res/values-mcc310-mnc280-sk: Cannot change mode to rwxr-xr-x: Operation not permitted
build	Cache Android SDK	2026-06-06T12:22:55.6153394Z /usr/bin/tar: ../../../../../usr/local/lib/android/sdk/platforms/android-36/data/res/values-mcc310-mnc170-or: Cannot utime: Operation not permitted
build	Cache Android SDK	2026-06-06T12:22:55.6154046Z /usr/bin/tar: ../../../../../usr/local/lib/android/sdk/platforms/android-36/data/res/values-mcc310-mnc170-or: Cannot change mode to rwxr-xr-x: Operation not permitted
build	Cache Android SDK	2026-06-06T12:22:55.6154721Z /usr/bin/tar: ../../../../../usr/local/lib/android/sdk/platforms/android-36/data/res/values-mcc310-mnc200-ko: Cannot utime: Operation not permitted
build	Cache Android SDK	2026-06-06T12:22:55.6155828Z /usr/bin/tar: ../../../../../usr/local/lib/android/sdk/platforms/android-36/data/res/values-mcc310-mnc200-ko: Cannot change mode to rwxr-xr-x: Operation not permitted
build	Cache Android SDK	2026-06-06T12:22:55.6156793Z /usr/bin/tar: ../../../../../usr/local/lib/android/sdk/platforms/android-36/data/res/values-mcc310-mnc270-b+sr+Latn: Cannot utime: Operation not permitted
build	Cache Android SDK	2026-06-06T12:22:55.6157756Z /usr/bin/tar: ../../../../../usr/local/lib/android/sdk/platforms/android-36/data/res/values-mcc310-mnc270-b+sr+Latn: Cannot change mode to rwxr-xr-x: Operation not permitted
build	Cache Android SDK	2026-06-06T12:22:55.6158747Z /usr/bin/tar: ../../../../../usr/local/lib/android/sdk/platforms/android-36/data/res/values-uz-television: Cannot utime: Operation not permitted
build	Cache Android SDK	2026-06-06T12:22:55.6159826Z /usr/bin/tar: ../../../../../usr/local/lib/android/sdk/platforms/android-36/data/res/values-uz-television: Cannot change mode to rwxr-xr-x: Operation not permitted
build	Cache Android SDK	2026-06-06T12:22:55.6160347Z /usr/bin/tar: ../../../../../usr/local/lib/android/sdk/platforms/android-36/data/res/values-mcc310-mnc030-tr: Cannot utime: Operation not permitted
build	Cache Android SDK	2026-06-06T12:22:55.6161226Z /usr/bin/tar: ../../../../../usr/local/lib/android/sdk/platforms/android-36/data/res/values-mcc310-mnc030-tr: Cannot change mode to rwxr-xr-x: Operation not permitted
build	Cache Android SDK	2026-06-06T12:22:55.6162164Z /usr/bin/tar: ../../../../../usr/local/lib/android/sdk/platforms/android-36/data/res/values-vi-television: Cannot utime: Operation not permitted
build	Cache Android SDK	2026-06-06T12:22:55.6163227Z /usr/bin/tar: ../../../../../usr/local/lib/android/sdk/platforms/android-36/data/res/values-vi-television: Cannot change mode to rwxr-xr-x: Operation not permitted
build	Cache Android SDK	2026-06-06T12:22:55.6165448Z /usr/bin/tar: ../../../../../usr/local/lib/android/sdk/platforms/android-36/data/res/values-mcc310-mnc800-sv: Cannot utime: Operation not permitted
build	Cache Android SDK	2026-06-06T12:22:55.6166742Z /usr/bin/tar: ../../../../../usr/local/lib/android/sdk/platforms/android-36/data/res/values-mcc310-mnc800-sv: Cannot change mode to rwxr-xr-x: Operation not permitted
build	Cache Android SDK	2026-06-06T12:22:55.6168924Z /usr/bin/tar: ../../../../../usr/local/lib/android/sdk/platforms/android-36/data/res/values-mcc001-mnc01-mn: Cannot utime: Operation not permitted
build	Cache Android SDK	2026-06-06T12:22:55.6169993Z /usr/bin/tar: ../../../../../usr/local/lib/android/sdk/platforms/android-36/data/res/values-mcc001-mnc01-mn: Cannot change mode to rwxr-xr-x: Operation not permitted
build	Cache Android SDK	2026-06-06T12:22:55.6172444Z /usr/bin/tar: ../../../../../usr/local/lib/android/sdk/platforms/android-36/data/res/values-mcc001-mnc01-sk: Cannot utime: Operation not permitted
build	Cache Android SDK	2026-06-06T12:22:55.6173429Z /usr/bin/tar: ../../../../../usr/local/lib/android/sdk/platforms/android-36/data/res/values-mcc001-mnc01-sk: Cannot change mode to rwxr-xr-x: Operation not permitted
build	Cache Android SDK	2026-06-06T12:22:55.6175483Z /usr/bin/tar: ../../../../../usr/local/lib/android/sdk/platforms/android-36/data/res/values-mcc311-mnc180-ko: Cannot utime: Operation not permitted
build	Cache Android SDK	2026-06-06T12:22:55.6176363Z /usr/bin/tar: ../../../../../usr/local/lib/android/sdk/platforms/android-36/data/res/values-mcc311-mnc180-ko: Cannot change mode to rwxr-xr-x: Operation not permitted
build	Cache Android SDK	2026-06-06T12:22:55.6180469Z /usr/bin/tar: ../../../../../usr/local/lib/android/sdk/platforms/android-36/data/res/raw-fi: Cannot utime: Operation not permitted
build	Cache Android SDK	2026-06-06T12:22:55.6180868Z /usr/bin/tar: ../../../../../usr/local/lib/android/sdk/platforms/android-36/data/res/raw-fi: Cannot change mode to rwxr-xr-x: Operation not permitted
build	Cache Android SDK	2026-06-06T12:22:55.6184093Z /usr/bin/tar: ../../../../../usr/local/lib/android/sdk/platforms/android-36/data/res/values-mcc313-mnc100-gu: Cannot utime: Operation not permitted
build	Cache Android SDK	2026-06-06T12:22:55.6185213Z /usr/bin/tar: ../../../../../usr/local/lib/android/sdk/platforms/android-36/data/res/values-mcc313-mnc100-gu: Cannot change mode to rwxr-xr-x: Operation not permitted
build	Cache Android SDK	2026-06-06T12:22:55.6187220Z /usr/bin/tar: ../../../../../usr/local/lib/android/sdk/platforms/android-36/data/res/values-mcc310-mnc240-lv: Cannot utime: Operation not permitted
build	Cache Android SDK	2026-06-06T12:22:55.6188008Z /usr/bin/tar: ../../../../../usr/local/lib/android/sdk/platforms/android-36/data/res/values-mcc310-mnc240-lv: Cannot change mode to rwxr-xr-x: Operation not permitted
build	Cache Android SDK	2026-06-06T12:22:55.6190462Z /usr/bin/tar: ../../../../../usr/local/lib/android/sdk/platforms/android-36/data/res/values-mcc310-mnc280-zh-rCN: Cannot utime: Operation not permitted
build	Cache Android SDK	2026-06-06T12:22:55.6191052Z /usr/bin/tar: ../../../../../usr/local/lib/android/sdk/platforms/android-36/data/res/values-mcc310-mnc280-zh-rCN: Cannot change mode to rwxr-xr-x: Operation not permitted
build	Cache Android SDK	2026-06-06T12:22:55.6194001Z /usr/bin/tar: ../../../../../usr/local/lib/android/sdk/platforms/android-36/data/res/values-en-rNZ: Cannot utime: Operation not permitted
build	Cache Android SDK	2026-06-06T12:22:55.6194550Z /usr/bin/tar: ../../../../../usr/local/lib/android/sdk/platforms/android-36/data/res/values-en-rNZ: Cannot change mode to rwxr-xr-x: Operation not permitted
build	Cache Android SDK	2026-06-06T12:22:55.6200560Z /usr/bin/tar: ../../../../../usr/local/lib/android/sdk/platforms/android-36/data/res/values-mcc310-mnc240-fr: Cannot utime: Operation not permitted
build	Cache Android SDK	2026-06-06T12:22:55.6201093Z /usr/bin/tar: ../../../../../usr/local/lib/android/sdk/platforms/android-36/data/res/values-mcc310-mnc240-fr: Cannot change mode to rwxr-xr-x: Operation not permitted
build	Cache Android SDK	2026-06-06T12:22:55.6204210Z /usr/bin/tar: ../../../../../usr/local/lib/android/sdk/platforms/android-36/data/res/values-mcc310-mnc250-si: Cannot utime: Operation not permitted
build	Cache Android SDK	2026-06-06T12:22:55.6204890Z /usr/bin/tar: ../../../../../usr/local/lib/android/sdk/platforms/android-36/data/res/values-mcc310-mnc250-si: Cannot change mode to rwxr-xr-x: Operation not permitted
build	Cache Android SDK	2026-06-06T12:22:55.6207823Z /usr/bin/tar: ../../../../../usr/local/lib/android/sdk/platforms/android-36/data/res/values-mcc310-mnc170-ja: Cannot utime: Operation not permitted
build	Cache Android SDK	2026-06-06T12:22:55.6208490Z /usr/bin/tar: ../../../../../usr/local/lib/android/sdk/platforms/android-36/data/res/values-mcc310-mnc170-ja: Cannot change mode to rwxr-xr-x: Operation not permitted
build	Cache Android SDK	2026-06-06T12:22:55.6211892Z /usr/bin/tar: ../../../../../usr/local/lib/android/sdk/platforms/android-36/data/res/values-mcc302-mnc720-hu: Cannot utime: Operation not permitted
build	Cache Android SDK	2026-06-06T12:22:55.6212926Z /usr/bin/tar: ../../../../../usr/local/lib/android/sdk/platforms/android-36/data/res/values-mcc302-mnc720-hu: Cannot change mode to rwxr-xr-x: Operation not permitted
build	Cache Android SDK	2026-06-06T12:22:55.6215102Z /usr/bin/tar: ../../../../../usr/local/lib/android/sdk/platforms/android-36/data/res/values-mcc310-mnc160-zh-rTW: Cannot utime: Operation not permitted
build	Cache Android SDK	2026-06-06T12:22:55.6215874Z /usr/bin/tar: ../../../../../usr/local/lib/android/sdk/platforms/android-36/data/res/values-mcc310-mnc160-zh-rTW: Cannot change mode to rwxr-xr-x: Operation not permitted
build	Cache Android SDK	2026-06-06T12:22:55.6218753Z /usr/bin/tar: ../../../../../usr/local/lib/android/sdk/platforms/android-36/data/res/values-mcc310-mnc310-gl: Cannot utime: Operation not permitted
build	Cache Android SDK	2026-06-06T12:22:55.6219432Z /usr/bin/tar: ../../../../../usr/local/lib/android/sdk/platforms/android-36/data/res/values-mcc310-mnc310-gl: Cannot change mode to rwxr-xr-x: Operation not permitted
build	Cache Android SDK	2026-06-06T12:22:55.6221147Z /usr/bin/tar: ../../../../../usr/local/lib/android/sdk/platforms/android-36/data/res/values-mcc310-mnc030-hr: Cannot utime: Operation not permitted
build	Cache Android SDK	2026-06-06T12:22:55.6221725Z /usr/bin/tar: ../../../../../usr/local/lib/android/sdk/platforms/android-36/data/res/values-mcc310-mnc030-hr: Cannot change mode to rwxr-xr-x: Operation not permitted
build	Cache Android SDK	2026-06-06T12:22:55.6224516Z /usr/bin/tar: ../../../../../usr/local/lib/android/sdk/platforms/android-36/data/res/values-mcc310-mnc280-ka: Cannot utime: Operation not permitted
build	Cache Android SDK	2026-06-06T12:22:55.6225582Z /usr/bin/tar: ../../../../../usr/local/lib/android/sdk/platforms/android-36/data/res/values-mcc310-mnc280-ka: Cannot change mode to rwxr-xr-x: Operation not permitted
build	Cache Android SDK	2026-06-06T12:22:55.6226685Z /usr/bin/tar: ../../../../../usr/local/lib/android/sdk/platforms/android-36/data/res/values-mcc310-mnc950-te: Cannot utime: Operation not permitted
build	Cache Android SDK	2026-06-06T12:22:55.6228081Z /usr/bin/tar: ../../../../../usr/local/lib/android/sdk/platforms/android-36/data/res/values-mcc310-mnc950-te: Cannot change mode to rwxr-xr-x: Operation not permitted
build	Cache Android SDK	2026-06-06T12:22:55.6229836Z /usr/bin/tar: ../../../../../usr/local/lib/android/sdk/platforms/android-36/data/res/values-mcc302-mnc720-ka: Cannot utime: Operation not permitted
build	Cache Android SDK	2026-06-06T12:22:55.6231067Z /usr/bin/tar: ../../../../../usr/local/lib/android/sdk/platforms/android-36/data/res/values-mcc302-mnc720-ka: Cannot change mode to rwxr-xr-x: Operation not permitted
build	Cache Android SDK	2026-06-06T12:22:55.6232632Z /usr/bin/tar: ../../../../../usr/local/lib/android/sdk/platforms/android-36/data/res/values-mcc310-mnc210-pt: Cannot utime: Operation not permitted
build	Cache Android SDK	2026-06-06T12:22:55.6233081Z /usr/bin/tar: ../../../../../usr/local/lib/android/sdk/platforms/android-36/data/res/values-mcc310-mnc210-pt: Cannot change mode to rwxr-xr-x: Operation not permitted
build	Cache Android SDK	2026-06-06T12:22:55.6236234Z /usr/bin/tar: ../../../../../usr/local/lib/android/sdk/platforms/android-36/data/res/values-mcc310-mnc250-b+sr+Latn: Cannot utime: Operation not permitted
build	Cache Android SDK	2026-06-06T12:22:55.6237032Z /usr/bin/tar: ../../../../../usr/local/lib/android/sdk/platforms/android-36/data/res/values-mcc310-mnc250-b+sr+Latn: Cannot change mode to rwxr-xr-x: Operation not permitted
build	Cache Android SDK	2026-06-06T12:22:55.6239462Z /usr/bin/tar: ../../../../../usr/local/lib/android/sdk/platforms/android-36/data/res/values-mcc310-mnc380-iw: Cannot utime: Operation not permitted
build	Cache Android SDK	2026-06-06T12:22:55.6240010Z /usr/bin/tar: ../../../../../usr/local/lib/android/sdk/platforms/android-36/data/res/values-mcc310-mnc380-iw: Cannot change mode to rwxr-xr-x: Operation not permitted
build	Cache Android SDK	2026-06-06T12:22:55.6243430Z /usr/bin/tar: ../../../../../usr/local/lib/android/sdk/platforms/android-36/data/res/values-mcc732-mnc123: Cannot utime: Operation not permitted
build	Cache Android SDK	2026-06-06T12:22:55.6244130Z /usr/bin/tar: ../../../../../usr/local/lib/android/sdk/platforms/android-36/data/res/values-mcc732-mnc123: Cannot change mode to rwxr-xr-x: Operation not permitted
build	Cache Android SDK	2026-06-06T12:22:55.6246592Z /usr/bin/tar: ../../../../../usr/local/lib/android/sdk/platforms/android-36/data/res/values-mcc302-mnc370-cs: Cannot utime: Operation not permitted
build	Cache Android SDK	2026-06-06T12:22:55.6247696Z /usr/bin/tar: ../../../../../usr/local/lib/android/sdk/platforms/android-36/data/res/values-mcc302-mnc370-cs: Cannot change mode to rwxr-xr-x: Operation not permitted
build	Cache Android SDK	2026-06-06T12:22:55.6249587Z /usr/bin/tar: ../../../../../usr/local/lib/android/sdk/platforms/android-36/data/res/values-mcc311-mnc180-sr: Cannot utime: Operation not permitted
build	Cache Android SDK	2026-06-06T12:22:55.6250518Z /usr/bin/tar: ../../../../../usr/local/lib/android/sdk/platforms/android-36/data/res/values-mcc311-mnc180-sr: Cannot change mode to rwxr-xr-x: Operation not permitted
build	Cache Android SDK	2026-06-06T12:22:55.6252677Z /usr/bin/tar: ../../../../../usr/local/lib/android/sdk/platforms/android-36/data/res/values-mcc302-mnc370-ur: Cannot utime: Operation not permitted
build	Cache Android SDK	2026-06-06T12:22:55.6253525Z /usr/bin/tar: ../../../../../usr/local/lib/android/sdk/platforms/android-36/data/res/values-mcc302-mnc370-ur: Cannot change mode to rwxr-xr-x: Operation not permitted
build	Cache Android SDK	2026-06-06T12:22:55.6254999Z /usr/bin/tar: ../../../../../usr/local/lib/android/sdk/platforms/android-36/data/res/values-mcc310-mnc230-kk: Cannot utime: Operation not permitted
build	Cache Android SDK	2026-06-06T12:22:55.6256047Z /usr/bin/tar: ../../../../../usr/local/lib/android/sdk/platforms/android-36/data/res/values-mcc310-mnc230-kk: Cannot change mode to rwxr-xr-x: Operation not permitted
build	Cache Android SDK	2026-06-06T12:22:55.6258232Z /usr/bin/tar: ../../../../../usr/local/lib/android/sdk/platforms/android-36/data/res/values-mcc310-mnc490-eu: Cannot utime: Operation not permitted
build	Cache Android SDK	2026-06-06T12:22:55.6258688Z /usr/bin/tar: ../../../../../usr/local/lib/android/sdk/platforms/android-36/data/res/values-mcc310-mnc490-eu: Cannot change mode to rwxr-xr-x: Operation not permitted
build	Cache Android SDK	2026-06-06T12:22:55.6262420Z /usr/bin/tar: ../../../../../usr/local/lib/android/sdk/platforms/android-36/data/res/values-mcc310-mnc170-az: Cannot utime: Operation not permitted
build	Cache Android SDK	2026-06-06T12:22:55.6263075Z /usr/bin/tar: ../../../../../usr/local/lib/android/sdk/platforms/android-36/data/res/values-mcc310-mnc170-az: Cannot change mode to rwxr-xr-x: Operation not permitted
build	Cache Android SDK	2026-06-06T12:22:55.6265527Z /usr/bin/tar: ../../../../../usr/local/lib/android/sdk/platforms/android-36/data/res/values-mcc311-mnc480: Cannot utime: Operation not permitted
build	Cache Android SDK	2026-06-06T12:22:55.6266561Z /usr/bin/tar: ../../../../../usr/local/lib/android/sdk/platforms/android-36/data/res/values-mcc311-mnc480: Cannot change mode to rwxr-xr-x: Operation not permitted
build	Cache Android SDK	2026-06-06T12:22:55.6268167Z /usr/bin/tar: ../../../../../usr/local/lib/android/sdk/platforms/android-36/data/res/values-mcc310-mnc250-sw: Cannot utime: Operation not permitted
build	Cache Android SDK	2026-06-06T12:22:55.6268738Z /usr/bin/tar: ../../../../../usr/local/lib/android/sdk/platforms/android-36/data/res/values-mcc310-mnc250-sw: Cannot change mode to rwxr-xr-x: Operation not permitted
build	Cache Android SDK	2026-06-06T12:22:55.6274885Z /usr/bin/tar: ../../../../../usr/local/lib/android/sdk/platforms/android-36/data/res/values-gl: Cannot utime: Operation not permitted
build	Cache Android SDK	2026-06-06T12:22:55.6275727Z /usr/bin/tar: ../../../../../usr/local/lib/android/sdk/platforms/android-36/data/res/values-gl: Cannot change mode to rwxr-xr-x: Operation not permitted
build	Cache Android SDK	2026-06-06T12:22:55.6278716Z /usr/bin/tar: ../../../../../usr/local/lib/android/sdk/platforms/android-36/data/res/values-mcc001-mnc01-pt-rPT: Cannot utime: Operation not permitted
build	Cache Android SDK	2026-06-06T12:22:55.6279378Z /usr/bin/tar: ../../../../../usr/local/lib/android/sdk/platforms/android-36/data/res/values-mcc001-mnc01-pt-rPT: Cannot change mode to rwxr-xr-x: Operation not permitted
build	Cache Android SDK	2026-06-06T12:22:55.6281560Z /usr/bin/tar: ../../../../../usr/local/lib/android/sdk/platforms/android-36/data/res/values-mcc310-mnc250-ja: Cannot utime: Operation not permitted
build	Cache Android SDK	2026-06-06T12:22:55.6282515Z /usr/bin/tar: ../../../../../usr/local/lib/android/sdk/platforms/android-36/data/res/values-mcc310-mnc250-ja: Cannot change mode to rwxr-xr-x: Operation not permitted
build	Cache Android SDK	2026-06-06T12:22:55.6285010Z /usr/bin/tar: ../../../../../usr/local/lib/android/sdk/platforms/android-36/data/res/values-mcc311-mnc180-en-rGB: Cannot utime: Operation not permitted
build	Cache Android SDK	2026-06-06T12:22:55.6286003Z /usr/bin/tar: ../../../../../usr/local/lib/android/sdk/platforms/android-36/data/res/values-mcc311-mnc180-en-rGB: Cannot change mode to rwxr-xr-x: Operation not permitted
build	Cache Android SDK	2026-06-06T12:22:55.6288229Z /usr/bin/tar: ../../../../../usr/local/lib/android/sdk/platforms/android-36/data/res/values-mcc310-mnc220-tr: Cannot utime: Operation not permitted
build	Cache Android SDK	2026-06-06T12:22:55.6288685Z /usr/bin/tar: ../../../../../usr/local/lib/android/sdk/platforms/android-36/data/res/values-mcc310-mnc220-tr: Cannot change mode to rwxr-xr-x: Operation not permitted
build	Cache Android SDK	2026-06-06T12:22:55.6291456Z /usr/bin/tar: ../../../../../usr/local/lib/android/sdk/platforms/android-36/data/res/values-ms-television: Cannot utime: Operation not permitted
build	Cache Android SDK	2026-06-06T12:22:55.6292515Z /usr/bin/tar: ../../../../../usr/local/lib/android/sdk/platforms/android-36/data/res/values-ms-television: Cannot change mode to rwxr-xr-x: Operation not permitted
build	Cache Android SDK	2026-06-06T12:22:55.6293942Z /usr/bin/tar: ../../../../../usr/local/lib/android/sdk/platforms/android-36/data/res/values-mcc310-mnc380-hr: Cannot utime: Operation not permitted
build	Cache Android SDK	2026-06-06T12:22:55.6295079Z /usr/bin/tar: ../../../../../usr/local/lib/android/sdk/platforms/android-36/data/res/values-mcc310-mnc380-hr: Cannot change mode to rwxr-xr-x: Operation not permitted
build	Cache Android SDK	2026-06-06T12:22:55.6297325Z /usr/bin/tar: ../../../../../usr/local/lib/android/sdk/platforms/android-36/data/res/values-mcc313-mnc100-es: Cannot utime: Operation not permitted
build	Cache Android SDK	2026-06-06T12:22:55.6298212Z /usr/bin/tar: ../../../../../usr/local/lib/android/sdk/platforms/android-36/data/res/values-mcc313-mnc100-es: Cannot change mode to rwxr-xr-x: Operation not permitted
build	Cache Android SDK	2026-06-06T12:22:55.6300153Z /usr/bin/tar: ../../../../../usr/local/lib/android/sdk/platforms/android-36/data/res/values-mcc310-mnc410-uk: Cannot utime: Operation not permitted
build	Cache Android SDK	2026-06-06T12:22:55.6300614Z /usr/bin/tar: ../../../../../usr/local/lib/android/sdk/platforms/android-36/data/res/values-mcc310-mnc410-uk: Cannot change mode to rwxr-xr-x: Operation not permitted
build	Cache Android SDK	2026-06-06T12:22:55.6302801Z /usr/bin/tar: ../../../../../usr/local/lib/android/sdk/platforms/android-36/data/res/values-mcc310-mnc280-fa: Cannot utime: Operation not permitted
build	Cache Android SDK	2026-06-06T12:22:55.6303371Z /usr/bin/tar: ../../../../../usr/local/lib/android/sdk/platforms/android-36/data/res/values-mcc310-mnc280-fa: Cannot change mode to rwxr-xr-x: Operation not permitted
build	Cache Android SDK	2026-06-06T12:22:55.6305764Z /usr/bin/tar: ../../../../../usr/local/lib/android/sdk/platforms/android-36/data/res/values-mcc302-mnc720-bn: Cannot utime: Operation not permitted
build	Cache Android SDK	2026-06-06T12:22:55.6307511Z /usr/bin/tar: ../../../../../usr/local/lib/android/sdk/platforms/android-36/data/res/values-mcc302-mnc720-bn: Cannot change mode to rwxr-xr-x: Operation not permitted
build	Cache Android SDK	2026-06-06T12:22:55.6308988Z /usr/bin/tar: ../../../../../usr/local/lib/android/sdk/platforms/android-36/data/res/values-mcc262-mnc02: Cannot utime: Operation not permitted
build	Cache Android SDK	2026-06-06T12:22:55.6310087Z /usr/bin/tar: ../../../../../usr/local/lib/android/sdk/platforms/android-36/data/res/values-mcc262-mnc02: Cannot change mode to rwxr-xr-x: Operation not permitted
build	Cache Android SDK	2026-06-06T12:22:55.6312010Z /usr/bin/tar: ../../../../../usr/local/lib/android/sdk/platforms/android-36/data/res/values-mcc310-mnc230-cs: Cannot utime: Operation not permitted
build	Cache Android SDK	2026-06-06T12:22:55.6312878Z /usr/bin/tar: ../../../../../usr/local/lib/android/sdk/platforms/android-36/data/res/values-mcc310-mnc230-cs: Cannot change mode to rwxr-xr-x: Operation not permitted
build	Cache Android SDK	2026-06-06T12:22:55.6314770Z /usr/bin/tar: ../../../../../usr/local/lib/android/sdk/platforms/android-36/data/res/values-mcc310-mnc800-zu: Cannot utime: Operation not permitted
build	Cache Android SDK	2026-06-06T12:22:55.6315551Z /usr/bin/tar: ../../../../../usr/local/lib/android/sdk/platforms/android-36/data/res/values-mcc310-mnc800-zu: Cannot change mode to rwxr-xr-x: Operation not permitted
build	Cache Android SDK	2026-06-06T12:22:55.6324737Z /usr/bin/tar: ../../../../../usr/local/lib/android/sdk/platforms/android-36/data/res/values-fr: Cannot utime: Operation not permitted
build	Cache Android SDK	2026-06-06T12:22:55.6325465Z /usr/bin/tar: ../../../../../usr/local/lib/android/sdk/platforms/android-36/data/res/values-fr: Cannot change mode to rwxr-xr-x: Operation not permitted
build	Cache Android SDK	2026-06-06T12:22:55.6326131Z /usr/bin/tar: ../../../../../usr/local/lib/android/sdk/platforms/android-36/data/res/values-mcc310-mnc380-is: Cannot utime: Operation not permitted
build	Cache Android SDK	2026-06-06T12:22:55.6326796Z /usr/bin/tar: ../../../../../usr/local/lib/android/sdk/platforms/android-36/data/res/values-mcc310-mnc380-is: Cannot change mode to rwxr-xr-x: Operation not permitted
build	Cache Android SDK	2026-06-06T12:22:55.6328382Z /usr/bin/tar: ../../../../../usr/local/lib/android/sdk/platforms/android-36/data/res/values-mcc466-mnc06: Cannot utime: Operation not permitted
build	Cache Android SDK	2026-06-06T12:22:55.6329477Z /usr/bin/tar: ../../../../../usr/local/lib/android/sdk/platforms/android-36/data/res/values-mcc466-mnc06: Cannot change mode to rwxr-xr-x: Operation not permitted
build	Cache Android SDK	2026-06-06T12:22:55.6331438Z /usr/bin/tar: ../../../../../usr/local/lib/android/sdk/platforms/android-36/data/res/values-mcc310-mnc490-uz: Cannot utime: Operation not permitted
build	Cache Android SDK	2026-06-06T12:22:55.6332470Z /usr/bin/tar: ../../../../../usr/local/lib/android/sdk/platforms/android-36/data/res/values-mcc310-mnc490-uz: Cannot change mode to rwxr-xr-x: Operation not permitted
build	Cache Android SDK	2026-06-06T12:22:55.6334498Z /usr/bin/tar: ../../../../../usr/local/lib/android/sdk/platforms/android-36/data/res/values-mcc310-mnc270-ja: Cannot utime: Operation not permitted
build	Cache Android SDK	2026-06-06T12:22:55.6335496Z /usr/bin/tar: ../../../../../usr/local/lib/android/sdk/platforms/android-36/data/res/values-mcc310-mnc270-ja: Cannot change mode to rwxr-xr-x: Operation not permitted
build	Cache Android SDK	2026-06-06T12:22:55.6337689Z /usr/bin/tar: ../../../../../usr/local/lib/android/sdk/platforms/android-36/data/res/values-mcc302-mnc720-hi: Cannot utime: Operation not permitted
build	Cache Android SDK	2026-06-06T12:22:55.6338852Z /usr/bin/tar: ../../../../../usr/local/lib/android/sdk/platforms/android-36/data/res/values-mcc302-mnc720-hi: Cannot change mode to rwxr-xr-x: Operation not permitted
build	Cache Android SDK	2026-06-06T12:22:55.6340658Z /usr/bin/tar: ../../../../../usr/local/lib/android/sdk/platforms/android-36/data/res/values-mcc302-mnc720-bg: Cannot utime: Operation not permitted
build	Cache Android SDK	2026-06-06T12:22:55.6341528Z /usr/bin/tar: ../../../../../usr/local/lib/android/sdk/platforms/android-36/data/res/values-mcc302-mnc720-bg: Cannot change mode to rwxr-xr-x: Operation not permitted
build	Cache Android SDK	2026-06-06T12:22:55.6343552Z /usr/bin/tar: ../../../../../usr/local/lib/android/sdk/platforms/android-36/data/res/values-mcc310-mnc380-af: Cannot utime: Operation not permitted
build	Cache Android SDK	2026-06-06T12:22:55.6344511Z /usr/bin/tar: ../../../../../usr/local/lib/android/sdk/platforms/android-36/data/res/values-mcc310-mnc380-af: Cannot change mode to rwxr-xr-x: Operation not permitted
build	Cache Android SDK	2026-06-06T12:22:55.6346549Z /usr/bin/tar: ../../../../../usr/local/lib/android/sdk/platforms/android-36/data/res/values-mcc001-mnc01-fi: Cannot utime: Operation not permitted
build	Cache Android SDK	2026-06-06T12:22:55.6347190Z /usr/bin/tar: ../../../../../usr/local/lib/android/sdk/platforms/android-36/data/res/values-mcc001-mnc01-fi: Cannot change mode to rwxr-xr-x: Operation not permitted
build	Cache Android SDK	2026-06-06T12:22:55.6350206Z /usr/bin/tar: ../../../../../usr/local/lib/android/sdk/platforms/android-36/data/res/values-mcc310-mnc490-mn: Cannot utime: Operation not permitted
build	Cache Android SDK	2026-06-06T12:22:55.6350711Z /usr/bin/tar: ../../../../../usr/local/lib/android/sdk/platforms/android-36/data/res/values-mcc310-mnc490-mn: Cannot change mode to rwxr-xr-x: Operation not permitted
build	Cache Android SDK	2026-06-06T12:22:55.6353498Z /usr/bin/tar: ../../../../../usr/local/lib/android/sdk/platforms/android-36/data/res/values-mcc310-mnc410-fa: Cannot utime: Operation not permitted
build	Cache Android SDK	2026-06-06T12:22:55.6353980Z /usr/bin/tar: ../../../../../usr/local/lib/android/sdk/platforms/android-36/data/res/values-mcc310-mnc410-fa: Cannot change mode to rwxr-xr-x: Operation not permitted
build	Cache Android SDK	2026-06-06T12:22:55.6358076Z /usr/bin/tar: ../../../../../usr/local/lib/android/sdk/platforms/android-36/data/res/values-mcc310-mnc410-iw: Cannot utime: Operation not permitted
build	Cache Android SDK	2026-06-06T12:22:55.6358788Z /usr/bin/tar: ../../../../../usr/local/lib/android/sdk/platforms/android-36/data/res/values-mcc310-mnc410-iw: Cannot change mode to rwxr-xr-x: Operation not permitted
build	Cache Android SDK	2026-06-06T12:22:55.6361212Z /usr/bin/tar: ../../../../../usr/local/lib/android/sdk/platforms/android-36/data/res/values-mcc310-mnc380-zu: Cannot utime: Operation not permitted
build	Cache Android SDK	2026-06-06T12:22:55.6361670Z /usr/bin/tar: ../../../../../usr/local/lib/android/sdk/platforms/android-36/data/res/values-mcc310-mnc380-zu: Cannot change mode to rwxr-xr-x: Operation not permitted
build	Cache Android SDK	2026-06-06T12:22:55.6368470Z /usr/bin/tar: ../../../../../usr/local/lib/android/sdk/platforms/android-36/data/res/values-iw: Cannot utime: Operation not permitted
build	Cache Android SDK	2026-06-06T12:22:55.6369585Z /usr/bin/tar: ../../../../../usr/local/lib/android/sdk/platforms/android-36/data/res/values-iw: Cannot change mode to rwxr-xr-x: Operation not permitted
build	Cache Android SDK	2026-06-06T12:22:55.6372048Z /usr/bin/tar: ../../../../../usr/local/lib/android/sdk/platforms/android-36/data/res/values-mcc310-mnc150-en-rIN: Cannot utime: Operation not permitted
build	Cache Android SDK	2026-06-06T12:22:55.6372682Z /usr/bin/tar: ../../../../../usr/local/lib/android/sdk/platforms/android-36/data/res/values-mcc310-mnc150-en-rIN: Cannot change mode to rwxr-xr-x: Operation not permitted
build	Cache Android SDK	2026-06-06T12:22:55.6375447Z /usr/bin/tar: ../../../../../usr/local/lib/android/sdk/platforms/android-36/data/res/values-mcc311-mnc180-en-rIN: Cannot utime: Operation not permitted
build	Cache Android SDK	2026-06-06T12:22:55.6376421Z /usr/bin/tar: ../../../../../usr/local/lib/android/sdk/platforms/android-36/data/res/values-mcc311-mnc180-en-rIN: Cannot change mode to rwxr-xr-x: Operation not permitted
build	Cache Android SDK	2026-06-06T12:22:55.6379590Z /usr/bin/tar: ../../../../../usr/local/lib/android/sdk/platforms/android-36/data/res/values-mcc310-mnc800-is: Cannot utime: Operation not permitted
build	Cache Android SDK	2026-06-06T12:22:55.6380315Z /usr/bin/tar: ../../../../../usr/local/lib/android/sdk/platforms/android-36/data/res/values-mcc310-mnc800-is: Cannot change mode to rwxr-xr-x: Operation not permitted
build	Cache Android SDK	2026-06-06T12:22:55.6383911Z /usr/bin/tar: ../../../../../usr/local/lib/android/sdk/platforms/android-36/data/res/values-mcc302-mnc370-mr: Cannot utime: Operation not permitted
build	Cache Android SDK	2026-06-06T12:22:55.6384567Z /usr/bin/tar: ../../../../../usr/local/lib/android/sdk/platforms/android-36/data/res/values-mcc302-mnc370-mr: Cannot change mode to rwxr-xr-x: Operation not permitted
build	Cache Android SDK	2026-06-06T12:22:55.6387792Z /usr/bin/tar: ../../../../../usr/local/lib/android/sdk/platforms/android-36/data/res/values-mcc310-mnc800-ta: Cannot utime: Operation not permitted
build	Cache Android SDK	2026-06-06T12:22:55.6388864Z /usr/bin/tar: ../../../../../usr/local/lib/android/sdk/platforms/android-36/data/res/values-mcc310-mnc800-ta: Cannot change mode to rwxr-xr-x: Operation not permitted
build	Cache Android SDK	2026-06-06T12:22:55.6391332Z /usr/bin/tar: ../../../../../usr/local/lib/android/sdk/platforms/android-36/data/res/values-mcc310-mnc380-mn: Cannot utime: Operation not permitted
build	Cache Android SDK	2026-06-06T12:22:55.6392407Z /usr/bin/tar: ../../../../../usr/local/lib/android/sdk/platforms/android-36/data/res/values-mcc310-mnc380-mn: Cannot change mode to rwxr-xr-x: Operation not permitted
build	Cache Android SDK	2026-06-06T12:22:55.6394588Z /usr/bin/tar: ../../../../../usr/local/lib/android/sdk/platforms/android-36/data/res/values-mcc310-mnc560-ta: Cannot utime: Operation not permitted
build	Cache Android SDK	2026-06-06T12:22:55.6395266Z /usr/bin/tar: ../../../../../usr/local/lib/android/sdk/platforms/android-36/data/res/values-mcc310-mnc560-ta: Cannot change mode to rwxr-xr-x: Operation not permitted
build	Cache Android SDK	2026-06-06T12:22:55.6398719Z /usr/bin/tar: ../../../../../usr/local/lib/android/sdk/platforms/android-36/data/res/values-mcc310-mnc160-el: Cannot utime: Operation not permitted
build	Cache Android SDK	2026-06-06T12:22:55.6399877Z /usr/bin/tar: ../../../../../usr/local/lib/android/sdk/platforms/android-36/data/res/values-mcc310-mnc160-el: Cannot change mode to rwxr-xr-x: Operation not permitted
build	Cache Android SDK	2026-06-06T12:22:55.6402834Z /usr/bin/tar: ../../../../../usr/local/lib/android/sdk/platforms/android-36/data/res/values-mcc310-mnc240-en-rAU: Cannot utime: Operation not permitted
build	Cache Android SDK	2026-06-06T12:22:55.6403506Z /usr/bin/tar: ../../../../../usr/local/lib/android/sdk/platforms/android-36/data/res/values-mcc310-mnc240-en-rAU: Cannot change mode to rwxr-xr-x: Operation not permitted
build	Cache Android SDK	2026-06-06T12:22:55.6405634Z /usr/bin/tar: ../../../../../usr/local/lib/android/sdk/platforms/android-36/data/res/values-mcc310-mnc410-zh-rCN: Cannot utime: Operation not permitted
build	Cache Android SDK	2026-06-06T12:22:55.6406286Z /usr/bin/tar: ../../../../../usr/local/lib/android/sdk/platforms/android-36/data/res/values-mcc310-mnc410-zh-rCN: Cannot change mode to rwxr-xr-x: Operation not permitted
build	Cache Android SDK	2026-06-06T12:22:55.6409797Z /usr/bin/tar: ../../../../../usr/local/lib/android/sdk/platforms/android-36/data/res/values-mcc310-mnc250-lt: Cannot utime: Operation not permitted
build	Cache Android SDK	2026-06-06T12:22:55.6410618Z /usr/bin/tar: ../../../../../usr/local/lib/android/sdk/platforms/android-36/data/res/values-mcc310-mnc250-lt: Cannot change mode to rwxr-xr-x: Operation not permitted
build	Cache Android SDK	2026-06-06T12:22:55.6413989Z /usr/bin/tar: ../../../../../usr/local/lib/android/sdk/platforms/android-36/data/res/values-mcc310-mnc410-ta: Cannot utime: Operation not permitted
build	Cache Android SDK	2026-06-06T12:22:55.6414707Z /usr/bin/tar: ../../../../../usr/local/lib/android/sdk/platforms/android-36/data/res/values-mcc310-mnc410-ta: Cannot change mode to rwxr-xr-x: Operation not permitted
build	Cache Android SDK	2026-06-06T12:22:55.6417735Z /usr/bin/tar: ../../../../../usr/local/lib/android/sdk/platforms/android-36/data/res/values-pt-television: Cannot utime: Operation not permitted
build	Cache Android SDK	2026-06-06T12:22:55.6418205Z /usr/bin/tar: ../../../../../usr/local/lib/android/sdk/platforms/android-36/data/res/values-pt-television: Cannot change mode to rwxr-xr-x: Operation not permitted
build	Cache Android SDK	2026-06-06T12:22:55.6420407Z /usr/bin/tar: ../../../../../usr/local/lib/android/sdk/platforms/android-36/data/res/values-mcc310-mnc220-fr: Cannot utime: Operation not permitted
build	Cache Android SDK	2026-06-06T12:22:55.6420875Z /usr/bin/tar: ../../../../../usr/local/lib/android/sdk/platforms/android-36/data/res/values-mcc310-mnc220-fr: Cannot change mode to rwxr-xr-x: Operation not permitted
build	Cache Android SDK	2026-06-06T12:22:55.6425390Z /usr/bin/tar: ../../../../../usr/local/lib/android/sdk/platforms/android-36/data/res/values-mcc302-mnc370-mk: Cannot utime: Operation not permitted
build	Cache Android SDK	2026-06-06T12:22:55.6425864Z /usr/bin/tar: ../../../../../usr/local/lib/android/sdk/platforms/android-36/data/res/values-mcc302-mnc370-mk: Cannot change mode to rwxr-xr-x: Operation not permitted
build	Cache Android SDK	2026-06-06T12:22:55.6427038Z /usr/bin/tar: ../../../../../usr/local/lib/android/sdk/platforms/android-36/data/res/values-mcc310-mnc410-ne: Cannot utime: Operation not permitted
build	Cache Android SDK	2026-06-06T12:22:55.6427750Z /usr/bin/tar: ../../../../../usr/local/lib/android/sdk/platforms/android-36/data/res/values-mcc310-mnc410-ne: Cannot change mode to rwxr-xr-x: Operation not permitted
build	Cache Android SDK	2026-06-06T12:22:55.6430404Z /usr/bin/tar: ../../../../../usr/local/lib/android/sdk/platforms/android-36/data/res/values-mcc310-mnc200-pa: Cannot utime: Operation not permitted
build	Cache Android SDK	2026-06-06T12:22:55.6430989Z /usr/bin/tar: ../../../../../usr/local/lib/android/sdk/platforms/android-36/data/res/values-mcc310-mnc200-pa: Cannot change mode to rwxr-xr-x: Operation not permitted
build	Cache Android SDK	2026-06-06T12:22:55.6433453Z /usr/bin/tar: ../../../../../usr/local/lib/android/sdk/platforms/android-36/data/res/values-mcc302-mnc370-ms: Cannot utime: Operation not permitted
build	Cache Android SDK	2026-06-06T12:22:55.6434063Z /usr/bin/tar: ../../../../../usr/local/lib/android/sdk/platforms/android-36/data/res/values-mcc302-mnc370-ms: Cannot change mode to rwxr-xr-x: Operation not permitted
build	Cache Android SDK	2026-06-06T12:22:55.6436719Z /usr/bin/tar: ../../../../../usr/local/lib/android/sdk/platforms/android-36/data/res/values-mcc310-mnc220-ro: Cannot utime: Operation not permitted
build	Cache Android SDK	2026-06-06T12:22:55.6437324Z /usr/bin/tar: ../../../../../usr/local/lib/android/sdk/platforms/android-36/data/res/values-mcc310-mnc220-ro: Cannot change mode to rwxr-xr-x: Operation not permitted
build	Cache Android SDK	2026-06-06T12:22:55.6439833Z /usr/bin/tar: ../../../../../usr/local/lib/android/sdk/platforms/android-36/data/res/values-mcc310-mnc280-ms: Cannot utime: Operation not permitted
build	Cache Android SDK	2026-06-06T12:22:55.6440352Z /usr/bin/tar: ../../../../../usr/local/lib/android/sdk/platforms/android-36/data/res/values-mcc310-mnc280-ms: Cannot change mode to rwxr-xr-x: Operation not permitted
build	Cache Android SDK	2026-06-06T12:22:55.6442995Z /usr/bin/tar: ../../../../../usr/local/lib/android/sdk/platforms/android-36/data/res/values-mcc310-mnc170-hr: Cannot utime: Operation not permitted
build	Cache Android SDK	2026-06-06T12:22:55.6443441Z /usr/bin/tar: ../../../../../usr/local/lib/android/sdk/platforms/android-36/data/res/values-mcc310-mnc170-hr: Cannot change mode to rwxr-xr-x: Operation not permitted
build	Cache Android SDK	2026-06-06T12:22:55.6446216Z /usr/bin/tar: ../../../../../usr/local/lib/android/sdk/platforms/android-36/data/res/values-mcc310-mnc030-nb: Cannot utime: Operation not permitted
build	Cache Android SDK	2026-06-06T12:22:55.6446738Z /usr/bin/tar: ../../../../../usr/local/lib/android/sdk/platforms/android-36/data/res/values-mcc310-mnc030-nb: Cannot change mode to rwxr-xr-x: Operation not permitted
build	Cache Android SDK	2026-06-06T12:22:55.6449173Z /usr/bin/tar: ../../../../../usr/local/lib/android/sdk/platforms/android-36/data/res/values-mcc302-mnc780: Cannot utime: Operation not permitted
build	Cache Android SDK	2026-06-06T12:22:55.6449678Z /usr/bin/tar: ../../../../../usr/local/lib/android/sdk/platforms/android-36/data/res/values-mcc302-mnc780: Cannot change mode to rwxr-xr-x: Operation not permitted
build	Cache Android SDK	2026-06-06T12:22:55.6452430Z /usr/bin/tar: ../../../../../usr/local/lib/android/sdk/platforms/android-36/data/res/values-mcc310-mnc560-fr-rCA: Cannot utime: Operation not permitted
build	Cache Android SDK	2026-06-06T12:22:55.6452907Z /usr/bin/tar: ../../../../../usr/local/lib/android/sdk/platforms/android-36/data/res/values-mcc310-mnc560-fr-rCA: Cannot change mode to rwxr-xr-x: Operation not permitted
build	Cache Android SDK	2026-06-06T12:22:55.6457213Z /usr/bin/tar: ../../../../../usr/local/lib/android/sdk/platforms/android-36/data/res/values-mcc310-mnc560-ms: Cannot utime: Operation not permitted
build	Cache Android SDK	2026-06-06T12:22:55.6457735Z /usr/bin/tar: ../../../../../usr/local/lib/android/sdk/platforms/android-36/data/res/values-mcc310-mnc560-ms: Cannot change mode to rwxr-xr-x: Operation not permitted
build	Cache Android SDK	2026-06-06T12:22:55.6460211Z /usr/bin/tar: ../../../../../usr/local/lib/android/sdk/platforms/android-36/data/res/values-mcc311-mnc180-en-rCA: Cannot utime: Operation not permitted
build	Cache Android SDK	2026-06-06T12:22:55.6460675Z /usr/bin/tar: ../../../../../usr/local/lib/android/sdk/platforms/android-36/data/res/values-mcc311-mnc180-en-rCA: Cannot change mode to rwxr-xr-x: Operation not permitted
build	Cache Android SDK	2026-06-06T12:22:55.6463054Z /usr/bin/tar: ../../../../../usr/local/lib/android/sdk/platforms/android-36/data/res/values-hu-television: Cannot utime: Operation not permitted
build	Cache Android SDK	2026-06-06T12:22:55.6463503Z /usr/bin/tar: ../../../../../usr/local/lib/android/sdk/platforms/android-36/data/res/values-hu-television: Cannot change mode to rwxr-xr-x: Operation not permitted
build	Cache Android SDK	2026-06-06T12:22:55.6465486Z /usr/bin/tar: ../../../../../usr/local/lib/android/sdk/platforms/android-36/data/res/values-mcc310-mnc410-ur: Cannot utime: Operation not permitted
build	Cache Android SDK	2026-06-06T12:22:55.6465933Z /usr/bin/tar: ../../../../../usr/local/lib/android/sdk/platforms/android-36/data/res/values-mcc310-mnc410-ur: Cannot change mode to rwxr-xr-x: Operation not permitted
build	Cache Android SDK	2026-06-06T12:22:55.6468938Z /usr/bin/tar: ../../../../../usr/local/lib/android/sdk/platforms/android-36/data/res/values-mcc310-mnc560-si: Cannot utime: Operation not permitted
build	Cache Android SDK	2026-06-06T12:22:55.6469459Z /usr/bin/tar: ../../../../../usr/local/lib/android/sdk/platforms/android-36/data/res/values-mcc310-mnc560-si: Cannot change mode to rwxr-xr-x: Operation not permitted
build	Cache Android SDK	2026-06-06T12:22:55.6471933Z /usr/bin/tar: ../../../../../usr/local/lib/android/sdk/platforms/android-36/data/res/values-mcc001-mnc01-ml: Cannot utime: Operation not permitted
build	Cache Android SDK	2026-06-06T12:22:55.6472382Z /usr/bin/tar: ../../../../../usr/local/lib/android/sdk/platforms/android-36/data/res/values-mcc001-mnc01-ml: Cannot change mode to rwxr-xr-x: Operation not permitted
build	Cache Android SDK	2026-06-06T12:22:55.6475053Z /usr/bin/tar: ../../../../../usr/local/lib/android/sdk/platforms/android-36/data/res/values-mcc310-mnc950-lv: Cannot utime: Operation not permitted
build	Cache Android SDK	2026-06-06T12:22:55.6475556Z /usr/bin/tar: ../../../../../usr/local/lib/android/sdk/platforms/android-36/data/res/values-mcc310-mnc950-lv: Cannot change mode to rwxr-xr-x: Operation not permitted
build	Cache Android SDK	2026-06-06T12:22:55.6478478Z /usr/bin/tar: ../../../../../usr/local/lib/android/sdk/platforms/android-36/data/res/values-mcc310-mnc170-be: Cannot utime: Operation not permitted
build	Cache Android SDK	2026-06-06T12:22:55.6478916Z /usr/bin/tar: ../../../../../usr/local/lib/android/sdk/platforms/android-36/data/res/values-mcc310-mnc170-be: Cannot change mode to rwxr-xr-x: Operation not permitted
build	Cache Android SDK	2026-06-06T12:22:55.6481894Z /usr/bin/tar: ../../../../../usr/local/lib/android/sdk/platforms/android-36/data/res/values-mcc313-mnc100-hr: Cannot utime: Operation not permitted
build	Cache Android SDK	2026-06-06T12:22:55.6482410Z /usr/bin/tar: ../../../../../usr/local/lib/android/sdk/platforms/android-36/data/res/values-mcc313-mnc100-hr: Cannot change mode to rwxr-xr-x: Operation not permitted
build	Cache Android SDK	2026-06-06T12:22:55.6485477Z /usr/bin/tar: ../../../../../usr/local/lib/android/sdk/platforms/android-36/data/res/values-mcc310-mnc380-lv: Cannot utime: Operation not permitted
build	Cache Android SDK	2026-06-06T12:22:55.6485983Z /usr/bin/tar: ../../../../../usr/local/lib/android/sdk/platforms/android-36/data/res/values-mcc310-mnc380-lv: Cannot change mode to rwxr-xr-x: Operation not permitted
build	Cache Android SDK	2026-06-06T12:22:55.6488793Z /usr/bin/tar: ../../../../../usr/local/lib/android/sdk/platforms/android-36/data/res/values-mcc310-mnc030-hi: Cannot utime: Operation not permitted
build	Cache Android SDK	2026-06-06T12:22:55.6489237Z /usr/bin/tar: ../../../../../usr/local/lib/android/sdk/platforms/android-36/data/res/values-mcc310-mnc030-hi: Cannot change mode to rwxr-xr-x: Operation not permitted
build	Cache Android SDK	2026-06-06T12:22:55.6491819Z /usr/bin/tar: ../../../../../usr/local/lib/android/sdk/platforms/android-36/data/res/values-mcc310-mnc560-lv: Cannot utime: Operation not permitted
build	Cache Android SDK	2026-06-06T12:22:55.6492270Z /usr/bin/tar: ../../../../../usr/local/lib/android/sdk/platforms/android-36/data/res/values-mcc310-mnc560-lv: Cannot change mode to rwxr-xr-x: Operation not permitted
build	Cache Android SDK	2026-06-06T12:22:55.6495040Z /usr/bin/tar: ../../../../../usr/local/lib/android/sdk/platforms/android-36/data/res/values-mcc311-mnc180-zh-rTW: Cannot utime: Operation not permitted
build	Cache Android SDK	2026-06-06T12:22:55.6495581Z /usr/bin/tar: ../../../../../usr/local/lib/android/sdk/platforms/android-36/data/res/values-mcc311-mnc180-zh-rTW: Cannot change mode to rwxr-xr-x: Operation not permitted
build	Cache Android SDK	2026-06-06T12:22:55.6498162Z /usr/bin/tar: ../../../../../usr/local/lib/android/sdk/platforms/android-36/data/res/values-mcc310-mnc380-az: Cannot utime: Operation not permitted
build	Cache Android SDK	2026-06-06T12:22:55.6498600Z /usr/bin/tar: ../../../../../usr/local/lib/android/sdk/platforms/android-36/data/res/values-mcc310-mnc380-az: Cannot change mode to rwxr-xr-x: Operation not permitted
build	Cache Android SDK	2026-06-06T12:22:55.6501074Z /usr/bin/tar: ../../../../../usr/local/lib/android/sdk/platforms/android-36/data/res/values-mcc310-mnc030-b+sr+Latn: Cannot utime: Operation not permitted
build	Cache Android SDK	2026-06-06T12:22:55.6501558Z /usr/bin/tar: ../../../../../usr/local/lib/android/sdk/platforms/android-36/data/res/values-mcc310-mnc030-b+sr+Latn: Cannot change mode to rwxr-xr-x: Operation not permitted
build	Cache Android SDK	2026-06-06T12:22:55.6505914Z /usr/bin/tar: ../../../../../usr/local/lib/android/sdk/platforms/android-36/data/res/values-mcc310-mnc200-mn: Cannot utime: Operation not permitted
build	Cache Android SDK	2026-06-06T12:22:55.6506362Z /usr/bin/tar: ../../../../../usr/local/lib/android/sdk/platforms/android-36/data/res/values-mcc310-mnc200-mn: Cannot change mode to rwxr-xr-x: Operation not permitted
build	Cache Android SDK	2026-06-06T12:22:55.6509133Z /usr/bin/tar: ../../../../../usr/local/lib/android/sdk/platforms/android-36/data/res/values-mcc310-mnc230-fa: Cannot utime: Operation not permitted
build	Cache Android SDK	2026-06-06T12:22:55.6509683Z /usr/bin/tar: ../../../../../usr/local/lib/android/sdk/platforms/android-36/data/res/values-mcc310-mnc230-fa: Cannot change mode to rwxr-xr-x: Operation not permitted
build	Cache Android SDK	2026-06-06T12:22:55.6513150Z /usr/bin/tar: ../../../../../usr/local/lib/android/sdk/platforms/android-36/data/res/values-mcc311-mnc180-lo: Cannot utime: Operation not permitted
build	Cache Android SDK	2026-06-06T12:22:55.6514086Z /usr/bin/tar: ../../../../../usr/local/lib/android/sdk/platforms/android-36/data/res/values-mcc311-mnc180-lo: Cannot change mode to rwxr-xr-x: Operation not permitted
build	Cache Android SDK	2026-06-06T12:22:55.6516224Z /usr/bin/tar: ../../../../../usr/local/lib/android/sdk/platforms/android-36/data/res/values-in-watch: Cannot utime: Operation not permitted
build	Cache Android SDK	2026-06-06T12:22:55.6516668Z /usr/bin/tar: ../../../../../usr/local/lib/android/sdk/platforms/android-36/data/res/values-in-watch: Cannot change mode to rwxr-xr-x: Operation not permitted
build	Cache Android SDK	2026-06-06T12:22:55.6519361Z /usr/bin/tar: ../../../../../usr/local/lib/android/sdk/platforms/android-36/data/res/values-mcc001-mnc01-en-rXC: Cannot utime: Operation not permitted
build	Cache Android SDK	2026-06-06T12:22:55.6519832Z /usr/bin/tar: ../../../../../usr/local/lib/android/sdk/platforms/android-36/data/res/values-mcc001-mnc01-en-rXC: Cannot change mode to rwxr-xr-x: Operation not permitted
build	Cache Android SDK	2026-06-06T12:22:55.6521822Z /usr/bin/tar: ../../../../../usr/local/lib/android/sdk/platforms/android-36/data/res/values-mcc310-mnc270-sl: Cannot utime: Operation not permitted
build	Cache Android SDK	2026-06-06T12:22:55.6522270Z /usr/bin/tar: ../../../../../usr/local/lib/android/sdk/platforms/android-36/data/res/values-mcc310-mnc270-sl: Cannot change mode to rwxr-xr-x: Operation not permitted
build	Cache Android SDK	2026-06-06T12:22:55.6525048Z /usr/bin/tar: ../../../../../usr/local/lib/android/sdk/platforms/android-36/data/res/values-mcc312-mnc670-af: Cannot utime: Operation not permitted
build	Cache Android SDK	2026-06-06T12:22:55.6525549Z /usr/bin/tar: ../../../../../usr/local/lib/android/sdk/platforms/android-36/data/res/values-mcc312-mnc670-af: Cannot change mode to rwxr-xr-x: Operation not permitted
build	Cache Android SDK	2026-06-06T12:22:55.6528018Z /usr/bin/tar: ../../../../../usr/local/lib/android/sdk/platforms/android-36/data/res/values-mcc310-mnc950-bn: Cannot utime: Operation not permitted
build	Cache Android SDK	2026-06-06T12:22:55.6528470Z /usr/bin/tar: ../../../../../usr/local/lib/android/sdk/platforms/android-36/data/res/values-mcc310-mnc950-bn: Cannot change mode to rwxr-xr-x: Operation not permitted
build	Cache Android SDK	2026-06-06T12:22:55.6531214Z /usr/bin/tar: ../../../../../usr/local/lib/android/sdk/platforms/android-36/data/res/values-mcc310-mnc580: Cannot utime: Operation not permitted
build	Cache Android SDK	2026-06-06T12:22:55.6531663Z /usr/bin/tar: ../../../../../usr/local/lib/android/sdk/platforms/android-36/data/res/values-mcc310-mnc580: Cannot change mode to rwxr-xr-x: Operation not permitted
build	Cache Android SDK	2026-06-06T12:22:55.6534076Z /usr/bin/tar: ../../../../../usr/local/lib/android/sdk/platforms/android-36/data/res/values-mcc310-mnc200-es-rUS: Cannot utime: Operation not permitted
build	Cache Android SDK	2026-06-06T12:22:55.6534548Z /usr/bin/tar: ../../../../../usr/local/lib/android/sdk/platforms/android-36/data/res/values-mcc310-mnc200-es-rUS: Cannot change mode to rwxr-xr-x: Operation not permitted
build	Cache Android SDK	2026-06-06T12:22:55.6537202Z /usr/bin/tar: ../../../../../usr/local/lib/android/sdk/platforms/android-36/data/res/values-mcc310-mnc800-ms: Cannot utime: Operation not permitted
build	Cache Android SDK	2026-06-06T12:22:55.6537802Z /usr/bin/tar: ../../../../../usr/local/lib/android/sdk/platforms/android-36/data/res/values-mcc310-mnc800-ms: Cannot change mode to rwxr-xr-x: Operation not permitted
build	Cache Android SDK	2026-06-06T12:22:55.6540587Z /usr/bin/tar: ../../../../../usr/local/lib/android/sdk/platforms/android-36/data/res/values-mcc310-mnc200-bs: Cannot utime: Operation not permitted
build	Cache Android SDK	2026-06-06T12:22:55.6541048Z /usr/bin/tar: ../../../../../usr/local/lib/android/sdk/platforms/android-36/data/res/values-mcc310-mnc200-bs: Cannot change mode to rwxr-xr-x: Operation not permitted
build	Cache Android SDK	2026-06-06T12:22:55.6543385Z /usr/bin/tar: ../../../../../usr/local/lib/android/sdk/platforms/android-36/data/res/values-mcc310-mnc280-uz: Cannot utime: Operation not permitted
build	Cache Android SDK	2026-06-06T12:22:55.6543939Z /usr/bin/tar: ../../../../../usr/local/lib/android/sdk/platforms/android-36/data/res/values-mcc310-mnc280-uz: Cannot change mode to rwxr-xr-x: Operation not permitted
build	Cache Android SDK	2026-06-06T12:22:55.6546482Z /usr/bin/tar: ../../../../../usr/local/lib/android/sdk/platforms/android-36/data/res/values-mcc310-mnc230-hr: Cannot utime: Operation not permitted
build	Cache Android SDK	2026-06-06T12:22:55.6546942Z /usr/bin/tar: ../../../../../usr/local/lib/android/sdk/platforms/android-36/data/res/values-mcc310-mnc230-hr: Cannot change mode to rwxr-xr-x: Operation not permitted
build	Cache Android SDK	2026-06-06T12:22:55.6549168Z /usr/bin/tar: ../../../../../usr/local/lib/android/sdk/platforms/android-36/data/res/values-mcc310-mnc240-it: Cannot utime: Operation not permitted
build	Cache Android SDK	2026-06-06T12:22:55.6549617Z /usr/bin/tar: ../../../../../usr/local/lib/android/sdk/platforms/android-36/data/res/values-mcc310-mnc240-it: Cannot change mode to rwxr-xr-x: Operation not permitted
build	Cache Android SDK	2026-06-06T12:22:55.6552015Z /usr/bin/tar: ../../../../../usr/local/lib/android/sdk/platforms/android-36/data/res/values-mcc440: Cannot utime: Operation not permitted
build	Cache Android SDK	2026-06-06T12:22:55.6552773Z /usr/bin/tar: ../../../../../usr/local/lib/android/sdk/platforms/android-36/data/res/values-mcc440: Cannot change mode to rwxr-xr-x: Operation not permitted
build	Cache Android SDK	2026-06-06T12:22:55.6555596Z /usr/bin/tar: ../../../../../usr/local/lib/android/sdk/platforms/android-36/data/res/values-mcc310-mnc310-es: Cannot utime: Operation not permitted
build	Cache Android SDK	2026-06-06T12:22:55.6556124Z /usr/bin/tar: ../../../../../usr/local/lib/android/sdk/platforms/android-36/data/res/values-mcc310-mnc310-es: Cannot change mode to rwxr-xr-x: Operation not permitted
build	Cache Android SDK	2026-06-06T12:22:55.6558879Z /usr/bin/tar: ../../../../../usr/local/lib/android/sdk/platforms/android-36/data/res/values-mcc310-mnc560-cs: Cannot utime: Operation not permitted
build	Cache Android SDK	2026-06-06T12:22:55.6559362Z /usr/bin/tar: ../../../../../usr/local/lib/android/sdk/platforms/android-36/data/res/values-mcc310-mnc560-cs: Cannot change mode to rwxr-xr-x: Operation not permitted
build	Cache Android SDK	2026-06-06T12:22:55.6562331Z /usr/bin/tar: ../../../../../usr/local/lib/android/sdk/platforms/android-36/data/res/values-mcc310-mnc160-ky: Cannot utime: Operation not permitted
build	Cache Android SDK	2026-06-06T12:22:55.6562791Z /usr/bin/tar: ../../../../../usr/local/lib/android/sdk/platforms/android-36/data/res/values-mcc310-mnc160-ky: Cannot change mode to rwxr-xr-x: Operation not permitted
build	Cache Android SDK	2026-06-06T12:22:55.6565525Z /usr/bin/tar: ../../../../../usr/local/lib/android/sdk/platforms/android-36/data/res/values-mcc310-mnc270-mk: Cannot utime: Operation not permitted
build	Cache Android SDK	2026-06-06T12:22:55.6565975Z /usr/bin/tar: ../../../../../usr/local/lib/android/sdk/platforms/android-36/data/res/values-mcc310-mnc270-mk: Cannot change mode to rwxr-xr-x: Operation not permitted
build	Cache Android SDK	2026-06-06T12:22:55.6568998Z /usr/bin/tar: ../../../../../usr/local/lib/android/sdk/platforms/android-36/data/res/values-et-watch: Cannot utime: Operation not permitted
build	Cache Android SDK	2026-06-06T12:22:55.6569431Z /usr/bin/tar: ../../../../../usr/local/lib/android/sdk/platforms/android-36/data/res/values-et-watch: Cannot change mode to rwxr-xr-x: Operation not permitted
build	Cache Android SDK	2026-06-06T12:22:55.6572071Z /usr/bin/tar: ../../../../../usr/local/lib/android/sdk/platforms/android-36/data/res/values-mcc310-mnc800-da: Cannot utime: Operation not permitted
build	Cache Android SDK	2026-06-06T12:22:55.6572513Z /usr/bin/tar: ../../../../../usr/local/lib/android/sdk/platforms/android-36/data/res/values-mcc310-mnc800-da: Cannot change mode to rwxr-xr-x: Operation not permitted
build	Cache Android SDK	2026-06-06T12:22:55.6575046Z /usr/bin/tar: ../../../../../usr/local/lib/android/sdk/platforms/android-36/data/res/values-mcc310-mnc310-sq: Cannot utime: Operation not permitted
build	Cache Android SDK	2026-06-06T12:22:55.6575498Z /usr/bin/tar: ../../../../../usr/local/lib/android/sdk/platforms/android-36/data/res/values-mcc310-mnc310-sq: Cannot change mode to rwxr-xr-x: Operation not permitted
build	Cache Android SDK	2026-06-06T12:22:55.6578055Z /usr/bin/tar: ../../../../../usr/local/lib/android/sdk/platforms/android-36/data/res/values-mcc310-mnc310-my: Cannot utime: Operation not permitted
build	Cache Android SDK	2026-06-06T12:22:55.6578513Z /usr/bin/tar: ../../../../../usr/local/lib/android/sdk/platforms/android-36/data/res/values-mcc310-mnc310-my: Cannot change mode to rwxr-xr-x: Operation not permitted
build	Cache Android SDK	2026-06-06T12:22:55.6581198Z /usr/bin/tar: ../../../../../usr/local/lib/android/sdk/platforms/android-36/data/res/values-mcc311-mnc180-be: Cannot utime: Operation not permitted
build	Cache Android SDK	2026-06-06T12:22:55.6581709Z /usr/bin/tar: ../../../../../usr/local/lib/android/sdk/platforms/android-36/data/res/values-mcc311-mnc180-be: Cannot change mode to rwxr-xr-x: Operation not permitted
build	Cache Android SDK	2026-06-06T12:22:55.6584444Z /usr/bin/tar: ../../../../../usr/local/lib/android/sdk/platforms/android-36/data/res/values-fr-neuter: Cannot utime: Operation not permitted
build	Cache Android SDK	2026-06-06T12:22:55.6584869Z /usr/bin/tar: ../../../../../usr/local/lib/android/sdk/platforms/android-36/data/res/values-fr-neuter: Cannot change mode to rwxr-xr-x: Operation not permitted
build	Cache Android SDK	2026-06-06T12:22:55.6587324Z /usr/bin/tar: ../../../../../usr/local/lib/android/sdk/platforms/android-36/data/res/values-mcc310-mnc490-zu: Cannot utime: Operation not permitted
build	Cache Android SDK	2026-06-06T12:22:55.6588160Z /usr/bin/tar: ../../../../../usr/local/lib/android/sdk/platforms/android-36/data/res/values-mcc310-mnc490-zu: Cannot change mode to rwxr-xr-x: Operation not permitted
build	Cache Android SDK	2026-06-06T12:22:55.6590413Z /usr/bin/tar: ../../../../../usr/local/lib/android/sdk/platforms/android-36/data/res/values-mcc310-mnc410-am: Cannot utime: Operation not permitted
build	Cache Android SDK	2026-06-06T12:22:55.6590921Z /usr/bin/tar: ../../../../../usr/local/lib/android/sdk/platforms/android-36/data/res/values-mcc310-mnc410-am: Cannot change mode to rwxr-xr-x: Operation not permitted
build	Cache Android SDK	2026-06-06T12:22:55.6593485Z /usr/bin/tar: ../../../../../usr/local/lib/android/sdk/platforms/android-36/data/res/values-mcc310-mnc950-hr: Cannot utime: Operation not permitted
build	Cache Android SDK	2026-06-06T12:22:55.6593914Z /usr/bin/tar: ../../../../../usr/local/lib/android/sdk/platforms/android-36/data/res/values-mcc310-mnc950-hr: Cannot change mode to rwxr-xr-x: Operation not permitted
build	Cache Android SDK	2026-06-06T12:22:55.6596402Z /usr/bin/tar: ../../../../../usr/local/lib/android/sdk/platforms/android-36/data/res/values-mcc716-mnc10: Cannot utime: Operation not permitted
build	Cache Android SDK	2026-06-06T12:22:55.6596848Z /usr/bin/tar: ../../../../../usr/local/lib/android/sdk/platforms/android-36/data/res/values-mcc716-mnc10: Cannot change mode to rwxr-xr-x: Operation not permitted
build	Cache Android SDK	2026-06-06T12:22:55.6598943Z /usr/bin/tar: ../../../../../usr/local/lib/android/sdk/platforms/android-36/data/res/values-mcc310-mnc280-hr: Cannot utime: Operation not permitted
build	Cache Android SDK	2026-06-06T12:22:55.6599392Z /usr/bin/tar: ../../../../../usr/local/lib/android/sdk/platforms/android-36/data/res/values-mcc310-mnc280-hr: Cannot change mode to rwxr-xr-x: Operation not permitted
build	Cache Android SDK	2026-06-06T12:22:55.6602608Z /usr/bin/tar: ../../../../../usr/local/lib/android/sdk/platforms/android-36/data/res/values-mcc310-mnc490-zh-rCN: Cannot utime: Operation not permitted
build	Cache Android SDK	2026-06-06T12:22:55.6603433Z /usr/bin/tar: ../../../../../usr/local/lib/android/sdk/platforms/android-36/data/res/values-mcc310-mnc490-zh-rCN: Cannot change mode to rwxr-xr-x: Operation not permitted
build	Cache Android SDK	2026-06-06T12:22:55.6605077Z /usr/bin/tar: ../../../../../usr/local/lib/android/sdk/platforms/android-36/data/res/values-mcc001-mnc01-hi: Cannot utime: Operation not permitted
build	Cache Android SDK	2026-06-06T12:22:55.6605537Z /usr/bin/tar: ../../../../../usr/local/lib/android/sdk/platforms/android-36/data/res/values-mcc001-mnc01-hi: Cannot change mode to rwxr-xr-x: Operation not permitted
build	Cache Android SDK	2026-06-06T12:22:55.6608740Z /usr/bin/tar: ../../../../../usr/local/lib/android/sdk/platforms/android-36/data/res/values-mcc310-mnc220-ne: Cannot utime: Operation not permitted
build	Cache Android SDK	2026-06-06T12:22:55.6609193Z /usr/bin/tar: ../../../../../usr/local/lib/android/sdk/platforms/android-36/data/res/values-mcc310-mnc220-ne: Cannot change mode to rwxr-xr-x: Operation not permitted
build	Cache Android SDK	2026-06-06T12:22:55.6611706Z /usr/bin/tar: ../../../../../usr/local/lib/android/sdk/platforms/android-36/data/res/values-de-rAT: Cannot utime: Operation not permitted
build	Cache Android SDK	2026-06-06T12:22:55.6612133Z /usr/bin/tar: ../../../../../usr/local/lib/android/sdk/platforms/android-36/data/res/values-de-rAT: Cannot change mode to rwxr-xr-x: Operation not permitted
build	Cache Android SDK	2026-06-06T12:22:55.6614852Z /usr/bin/tar: ../../../../../usr/local/lib/android/sdk/platforms/android-36/data/res/values-mcc310-mnc030-es: Cannot utime: Operation not permitted
build	Cache Android SDK	2026-06-06T12:22:55.6615366Z /usr/bin/tar: ../../../../../usr/local/lib/android/sdk/platforms/android-36/data/res/values-mcc310-mnc030-es: Cannot change mode to rwxr-xr-x: Operation not permitted
build	Cache Android SDK	2026-06-06T12:22:55.6617913Z /usr/bin/tar: ../../../../../usr/local/lib/android/sdk/platforms/android-36/data/res/values-mcc001-mnc01-es: Cannot utime: Operation not permitted
build	Cache Android SDK	2026-06-06T12:22:55.6618361Z /usr/bin/tar: ../../../../../usr/local/lib/android/sdk/platforms/android-36/data/res/values-mcc001-mnc01-es: Cannot change mode to rwxr-xr-x: Operation not permitted
build	Cache Android SDK	2026-06-06T12:22:55.6620851Z /usr/bin/tar: ../../../../../usr/local/lib/android/sdk/platforms/android-36/data/res/values-mcc310-mnc270-el: Cannot utime: Operation not permitted
build	Cache Android SDK	2026-06-06T12:22:55.6621362Z /usr/bin/tar: ../../../../../usr/local/lib/android/sdk/platforms/android-36/data/res/values-mcc310-mnc270-el: Cannot change mode to rwxr-xr-x: Operation not permitted
build	Cache Android SDK	2026-06-06T12:22:55.6623729Z /usr/bin/tar: ../../../../../usr/local/lib/android/sdk/platforms/android-36/data/res/values-mcc310-mnc410-en-rIN: Cannot utime: Operation not permitted
build	Cache Android SDK	2026-06-06T12:22:55.6624248Z /usr/bin/tar: ../../../../../usr/local/lib/android/sdk/platforms/android-36/data/res/values-mcc310-mnc410-en-rIN: Cannot change mode to rwxr-xr-x: Operation not permitted
build	Cache Android SDK	2026-06-06T12:22:55.6626643Z /usr/bin/tar: ../../../../../usr/local/lib/android/sdk/platforms/android-36/data/res/values-mcc311-mnc180-tl: Cannot utime: Operation not permitted
build	Cache Android SDK	2026-06-06T12:22:55.6627086Z /usr/bin/tar: ../../../../../usr/local/lib/android/sdk/platforms/android-36/data/res/values-mcc311-mnc180-tl: Cannot change mode to rwxr-xr-x: Operation not permitted
build	Cache Android SDK	2026-06-06T12:22:55.6630209Z /usr/bin/tar: ../../../../../usr/local/lib/android/sdk/platforms/android-36/data/res/values-mcc310-mnc210-en-rIN: Cannot utime: Operation not permitted
build	Cache Android SDK	2026-06-06T12:22:55.6630675Z /usr/bin/tar: ../../../../../usr/local/lib/android/sdk/platforms/android-36/data/res/values-mcc310-mnc210-en-rIN: Cannot change mode to rwxr-xr-x: Operation not permitted
build	Cache Android SDK	2026-06-06T12:22:55.6633428Z /usr/bin/tar: ../../../../../usr/local/lib/android/sdk/platforms/android-36/data/res/values-mcc312-mnc670-kn: Cannot utime: Operation not permitted
build	Cache Android SDK	2026-06-06T12:22:55.6633871Z /usr/bin/tar: ../../../../../usr/local/lib/android/sdk/platforms/android-36/data/res/values-mcc312-mnc670-kn: Cannot change mode to rwxr-xr-x: Operation not permitted
build	Cache Android SDK	2026-06-06T12:22:55.6636768Z /usr/bin/tar: ../../../../../usr/local/lib/android/sdk/platforms/android-36/data/res/values-ro-television: Cannot utime: Operation not permitted
build	Cache Android SDK	2026-06-06T12:22:55.6637213Z /usr/bin/tar: ../../../../../usr/local/lib/android/sdk/platforms/android-36/data/res/values-ro-television: Cannot change mode to rwxr-xr-x: Operation not permitted
build	Cache Android SDK	2026-06-06T12:22:55.6639927Z /usr/bin/tar: ../../../../../usr/local/lib/android/sdk/platforms/android-36/data/res/values-mcc310-mnc210-pt-rPT: Cannot utime: Operation not permitted
build	Cache Android SDK	2026-06-06T12:22:55.6640397Z /usr/bin/tar: ../../../../../usr/local/lib/android/sdk/platforms/android-36/data/res/values-mcc310-mnc210-pt-rPT: Cannot change mode to rwxr-xr-x: Operation not permitted
build	Cache Android SDK	2026-06-06T12:22:55.6643269Z /usr/bin/tar: ../../../../../usr/local/lib/android/sdk/platforms/android-36/data/res/values-vi-rVN: Cannot utime: Operation not permitted
build	Cache Android SDK	2026-06-06T12:22:55.6643687Z /usr/bin/tar: ../../../../../usr/local/lib/android/sdk/platforms/android-36/data/res/values-vi-rVN: Cannot change mode to rwxr-xr-x: Operation not permitted
build	Cache Android SDK	2026-06-06T12:22:55.6646478Z /usr/bin/tar: ../../../../../usr/local/lib/android/sdk/platforms/android-36/data/res/values-mcc302-mnc720-el: Cannot utime: Operation not permitted
build	Cache Android SDK	2026-06-06T12:22:55.6646930Z /usr/bin/tar: ../../../../../usr/local/lib/android/sdk/platforms/android-36/data/res/values-mcc302-mnc720-el: Cannot change mode to rwxr-xr-x: Operation not permitted
build	Cache Android SDK	2026-06-06T12:22:55.6649002Z /usr/bin/tar: ../../../../../usr/local/lib/android/sdk/platforms/android-36/data/res/values-mcc310-mnc270-sw: Cannot utime: Operation not permitted
build	Cache Android SDK	2026-06-06T12:22:55.6649508Z /usr/bin/tar: ../../../../../usr/local/lib/android/sdk/platforms/android-36/data/res/values-mcc310-mnc270-sw: Cannot change mode to rwxr-xr-x: Operation not permitted
build	Cache Android SDK	2026-06-06T12:22:55.6658273Z /usr/bin/tar: ../../../../../usr/local/lib/android/sdk/platforms/android-36/data/res/values-pt-rPT: Cannot utime: Operation not permitted
build	Cache Android SDK	2026-06-06T12:22:55.6658820Z /usr/bin/tar: ../../../../../usr/local/lib/android/sdk/platforms/android-36/data/res/values-pt-rPT: Cannot change mode to rwxr-xr-x: Operation not permitted
build	Cache Android SDK	2026-06-06T12:22:55.6660716Z /usr/bin/tar: ../../../../../usr/local/lib/android/sdk/platforms/android-36/data/res/values-mcc334-mnc020-sv: Cannot utime: Operation not permitted
build	Cache Android SDK	2026-06-06T12:22:55.6661346Z /usr/bin/tar: ../../../../../usr/local/lib/android/sdk/platforms/android-36/data/res/values-mcc334-mnc020-sv: Cannot change mode to rwxr-xr-x: Operation not permitted
build	Cache Android SDK	2026-06-06T12:22:55.6664048Z /usr/bin/tar: ../../../../../usr/local/lib/android/sdk/platforms/android-36/data/res/values-mcc530-mnc05: Cannot utime: Operation not permitted
build	Cache Android SDK	2026-06-06T12:22:55.6664673Z /usr/bin/tar: ../../../../../usr/local/lib/android/sdk/platforms/android-36/data/res/values-mcc530-mnc05: Cannot change mode to rwxr-xr-x: Operation not permitted
build	Cache Android SDK	2026-06-06T12:22:55.6667229Z /usr/bin/tar: ../../../../../usr/local/lib/android/sdk/platforms/android-36/data/res/values-mcc310-mnc030-uk: Cannot utime: Operation not permitted
build	Cache Android SDK	2026-06-06T12:22:55.6668105Z /usr/bin/tar: ../../../../../usr/local/lib/android/sdk/platforms/android-36/data/res/values-mcc310-mnc030-uk: Cannot change mode to rwxr-xr-x: Operation not permitted
build	Cache Android SDK	2026-06-06T12:22:55.6670496Z /usr/bin/tar: ../../../../../usr/local/lib/android/sdk/platforms/android-36/data/res/values-mcc310-mnc030-hy: Cannot utime: Operation not permitted
build	Cache Android SDK	2026-06-06T12:22:55.6670956Z /usr/bin/tar: ../../../../../usr/local/lib/android/sdk/platforms/android-36/data/res/values-mcc310-mnc030-hy: Cannot change mode to rwxr-xr-x: Operation not permitted
build	Cache Android SDK	2026-06-06T12:22:55.6673444Z /usr/bin/tar: ../../../../../usr/local/lib/android/sdk/platforms/android-36/data/res/values-mcc310-mnc950-kk: Cannot utime: Operation not permitted
build	Cache Android SDK	2026-06-06T12:22:55.6673992Z /usr/bin/tar: ../../../../../usr/local/lib/android/sdk/platforms/android-36/data/res/values-mcc310-mnc950-kk: Cannot change mode to rwxr-xr-x: Operation not permitted
build	Cache Android SDK	2026-06-06T12:22:55.6676741Z /usr/bin/tar: ../../../../../usr/local/lib/android/sdk/platforms/android-36/data/res/values-mcc310-mnc170-ne: Cannot utime: Operation not permitted
build	Cache Android SDK	2026-06-06T12:22:55.6677188Z /usr/bin/tar: ../../../../../usr/local/lib/android/sdk/platforms/android-36/data/res/values-mcc310-mnc170-ne: Cannot change mode to rwxr-xr-x: Operation not permitted
build	Cache Android SDK	2026-06-06T12:22:55.6680027Z /usr/bin/tar: ../../../../../usr/local/lib/android/sdk/platforms/android-36/data/res/values-mcc310-mnc150-lt: Cannot utime: Operation not permitted
build	Cache Android SDK	2026-06-06T12:22:55.6680487Z /usr/bin/tar: ../../../../../usr/local/lib/android/sdk/platforms/android-36/data/res/values-mcc310-mnc150-lt: Cannot change mode to rwxr-xr-x: Operation not permitted
build	Cache Android SDK	2026-06-06T12:22:55.6682544Z /usr/bin/tar: ../../../../../usr/local/lib/android/sdk/platforms/android-36/data/res/values-mcc310-mnc240-iw: Cannot utime: Operation not permitted
build	Cache Android SDK	2026-06-06T12:22:55.6683067Z /usr/bin/tar: ../../../../../usr/local/lib/android/sdk/platforms/android-36/data/res/values-mcc310-mnc240-iw: Cannot change mode to rwxr-xr-x: Operation not permitted
build	Cache Android SDK	2026-06-06T12:22:55.6685384Z /usr/bin/tar: ../../../../../usr/local/lib/android/sdk/platforms/android-36/data/res/values-mcc310-mnc240-sr: Cannot utime: Operation not permitted
build	Cache Android SDK	2026-06-06T12:22:55.6685833Z /usr/bin/tar: ../../../../../usr/local/lib/android/sdk/platforms/android-36/data/res/values-mcc310-mnc240-sr: Cannot change mode to rwxr-xr-x: Operation not permitted
build	Cache Android SDK	2026-06-06T12:22:55.6689010Z /usr/bin/tar: ../../../../../usr/local/lib/android/sdk/platforms/android-36/data/res/values-w240dp: Cannot utime: Operation not permitted
build	Cache Android SDK	2026-06-06T12:22:55.6689530Z /usr/bin/tar: ../../../../../usr/local/lib/android/sdk/platforms/android-36/data/res/values-w240dp: Cannot change mode to rwxr-xr-x: Operation not permitted
build	Cache Android SDK	2026-06-06T12:22:55.6692143Z /usr/bin/tar: ../../../../../usr/local/lib/android/sdk/platforms/android-36/data/res/values-mcc310-mnc240-zh-rCN: Cannot utime: Operation not permitted
build	Cache Android SDK	2026-06-06T12:22:55.6692614Z /usr/bin/tar: ../../../../../usr/local/lib/android/sdk/platforms/android-36/data/res/values-mcc310-mnc240-zh-rCN: Cannot change mode to rwxr-xr-x: Operation not permitted
build	Cache Android SDK	2026-06-06T12:22:55.6695288Z /usr/bin/tar: ../../../../../usr/local/lib/android/sdk/platforms/android-36/data/res/values-mcc310-mnc380-tr: Cannot utime: Operation not permitted
build	Cache Android SDK	2026-06-06T12:22:55.6695834Z /usr/bin/tar: ../../../../../usr/local/lib/android/sdk/platforms/android-36/data/res/values-mcc310-mnc380-tr: Cannot change mode to rwxr-xr-x: Operation not permitted
build	Cache Android SDK	2026-06-06T12:22:55.6698919Z /usr/bin/tar: ../../../../../usr/local/lib/android/sdk/platforms/android-36/data/res/values-mcc310-mnc250-nb: Cannot utime: Operation not permitted
build	Cache Android SDK	2026-06-06T12:22:55.6699678Z /usr/bin/tar: ../../../../../usr/local/lib/android/sdk/platforms/android-36/data/res/values-mcc310-mnc250-nb: Cannot change mode to rwxr-xr-x: Operation not permitted
build	Cache Android SDK	2026-06-06T12:22:55.6702293Z /usr/bin/tar: ../../../../../usr/local/lib/android/sdk/platforms/android-36/data/res/drawable-en-ldpi: Cannot utime: Operation not permitted
build	Cache Android SDK	2026-06-06T12:22:55.6702748Z /usr/bin/tar: ../../../../../usr/local/lib/android/sdk/platforms/android-36/data/res/drawable-en-ldpi: Cannot change mode to rwxr-xr-x: Operation not permitted
build	Cache Android SDK	2026-06-06T12:22:55.6705368Z /usr/bin/tar: ../../../../../usr/local/lib/android/sdk/platforms/android-36/data/res/values-mcc334-mnc020-gl: Cannot utime: Operation not permitted
build	Cache Android SDK	2026-06-06T12:22:55.6706232Z /usr/bin/tar: ../../../../../usr/local/lib/android/sdk/platforms/android-36/data/res/values-mcc334-mnc020-gl: Cannot change mode to rwxr-xr-x: Operation not permitted
build	Cache Android SDK	2026-06-06T12:22:55.6708670Z /usr/bin/tar: ../../../../../usr/local/lib/android/sdk/platforms/android-36/data/res/values-mcc310-mnc170-fr: Cannot utime: Operation not permitted
build	Cache Android SDK	2026-06-06T12:22:55.6709162Z /usr/bin/tar: ../../../../../usr/local/lib/android/sdk/platforms/android-36/data/res/values-mcc310-mnc170-fr: Cannot change mode to rwxr-xr-x: Operation not permitted
build	Cache Android SDK	2026-06-06T12:22:55.6711133Z /usr/bin/tar: ../../../../../usr/local/lib/android/sdk/platforms/android-36/data/res/values-mcc310-mnc280-eu: Cannot utime: Operation not permitted
build	Cache Android SDK	2026-06-06T12:22:55.6711650Z /usr/bin/tar: ../../../../../usr/local/lib/android/sdk/platforms/android-36/data/res/values-mcc310-mnc280-eu: Cannot change mode to rwxr-xr-x: Operation not permitted
build	Cache Android SDK	2026-06-06T12:22:55.6713564Z /usr/bin/tar: ../../../../../usr/local/lib/android/sdk/platforms/android-36/data/res/values-mcc310-mnc270-si: Cannot utime: Operation not permitted
build	Cache Android SDK	2026-06-06T12:22:55.6714028Z /usr/bin/tar: ../../../../../usr/local/lib/android/sdk/platforms/android-36/data/res/values-mcc310-mnc270-si: Cannot change mode to rwxr-xr-x: Operation not permitted
build	Cache Android SDK	2026-06-06T12:22:55.6716858Z /usr/bin/tar: ../../../../../usr/local/lib/android/sdk/platforms/android-36/data/res/drawable-w240dp: Cannot utime: Operation not permitted
build	Cache Android SDK	2026-06-06T12:22:55.6717295Z /usr/bin/tar: ../../../../../usr/local/lib/android/sdk/platforms/android-36/data/res/drawable-w240dp: Cannot change mode to rwxr-xr-x: Operation not permitted
build	Cache Android SDK	2026-06-06T12:22:55.6720344Z /usr/bin/tar: ../../../../../usr/local/lib/android/sdk/platforms/android-36/data/res/values-mcc310-mnc380-my: Cannot utime: Operation not permitted
build	Cache Android SDK	2026-06-06T12:22:55.6720798Z /usr/bin/tar: ../../../../../usr/local/lib/android/sdk/platforms/android-36/data/res/values-mcc310-mnc380-my: Cannot change mode to rwxr-xr-x: Operation not permitted
build	Cache Android SDK	2026-06-06T12:22:55.6723372Z /usr/bin/tar: ../../../../../usr/local/lib/android/sdk/platforms/android-36/data/res/values-mcc311-mnc180-fi: Cannot utime: Operation not permitted
build	Cache Android SDK	2026-06-06T12:22:55.6723909Z /usr/bin/tar: ../../../../../usr/local/lib/android/sdk/platforms/android-36/data/res/values-mcc311-mnc180-fi: Cannot change mode to rwxr-xr-x: Operation not permitted
build	Cache Android SDK	2026-06-06T12:22:55.6726514Z /usr/bin/tar: ../../../../../usr/local/lib/android/sdk/platforms/android-36/data/res/values-mcc310-mnc150-el: Cannot utime: Operation not permitted
build	Cache Android SDK	2026-06-06T12:22:55.6726960Z /usr/bin/tar: ../../../../../usr/local/lib/android/sdk/platforms/android-36/data/res/values-mcc310-mnc150-el: Cannot change mode to rwxr-xr-x: Operation not permitted
build	Cache Android SDK	2026-06-06T12:22:55.6729493Z /usr/bin/tar: ../../../../../usr/local/lib/android/sdk/platforms/android-36/data/res/values-ldrtl-television: Cannot utime: Operation not permitted
build	Cache Android SDK	2026-06-06T12:22:55.6730049Z /usr/bin/tar: ../../../../../usr/local/lib/android/sdk/platforms/android-36/data/res/values-ldrtl-television: Cannot change mode to rwxr-xr-x: Operation not permitted
build	Cache Android SDK	2026-06-06T12:22:55.6732642Z /usr/bin/tar: ../../../../../usr/local/lib/android/sdk/platforms/android-36/data/res/values-nb-watch: Cannot utime: Operation not permitted
build	Cache Android SDK	2026-06-06T12:22:55.6733200Z /usr/bin/tar: ../../../../../usr/local/lib/android/sdk/platforms/android-36/data/res/values-nb-watch: Cannot change mode to rwxr-xr-x: Operation not permitted
build	Cache Android SDK	2026-06-06T12:22:55.6735535Z /usr/bin/tar: ../../../../../usr/local/lib/android/sdk/platforms/android-36/data/res/values-mcc310-mnc490: Cannot utime: Operation not permitted
build	Cache Android SDK	2026-06-06T12:22:55.6735995Z /usr/bin/tar: ../../../../../usr/local/lib/android/sdk/platforms/android-36/data/res/values-mcc310-mnc490: Cannot change mode to rwxr-xr-x: Operation not permitted
build	Cache Android SDK	2026-06-06T12:22:55.6740545Z /usr/bin/tar: ../../../../../usr/local/lib/android/sdk/platforms/android-36/data/res/values-mcc310-mnc230-gu: Cannot utime: Operation not permitted
build	Cache Android SDK	2026-06-06T12:22:55.6741013Z /usr/bin/tar: ../../../../../usr/local/lib/android/sdk/platforms/android-36/data/res/values-mcc310-mnc230-gu: Cannot change mode to rwxr-xr-x: Operation not permitted
build	Cache Android SDK	2026-06-06T12:22:55.6743721Z /usr/bin/tar: ../../../../../usr/local/lib/android/sdk/platforms/android-36/data/res/values-mcc310-mnc230-lv: Cannot utime: Operation not permitted
build	Cache Android SDK	2026-06-06T12:22:55.6744190Z /usr/bin/tar: ../../../../../usr/local/lib/android/sdk/platforms/android-36/data/res/values-mcc310-mnc230-lv: Cannot change mode to rwxr-xr-x: Operation not permitted
build	Cache Android SDK	2026-06-06T12:22:55.6828433Z /usr/bin/tar: ../../../../../usr/local/lib/android/sdk/platforms/android-36/data/res/values-mcc310-mnc410-bs: Cannot utime: Operation not permitted
build	Cache Android SDK	2026-06-06T12:22:55.6828982Z /usr/bin/tar: ../../../../../usr/local/lib/android/sdk/platforms/android-36/data/res/values-mcc310-mnc410-bs: Cannot change mode to rwxr-xr-x: Operation not permitted
build	Cache Android SDK	2026-06-06T12:22:55.6831171Z /usr/bin/tar: ../../../../../usr/local/lib/android/sdk/platforms/android-36/data/res/values-mcc302-mnc370-pt: Cannot utime: Operation not permitted
build	Cache Android SDK	2026-06-06T12:22:55.6831625Z /usr/bin/tar: ../../../../../usr/local/lib/android/sdk/platforms/android-36/data/res/values-mcc302-mnc370-pt: Cannot change mode to rwxr-xr-x: Operation not permitted
build	Cache Android SDK	2026-06-06T12:22:55.6835431Z /usr/bin/tar: ../../../../../usr/local/lib/android/sdk/platforms/android-36/data/res/raw-ja: Cannot utime: Operation not permitted
build	Cache Android SDK	2026-06-06T12:22:55.6835921Z /usr/bin/tar: ../../../../../usr/local/lib/android/sdk/platforms/android-36/data/res/raw-ja: Cannot change mode to rwxr-xr-x: Operation not permitted
build	Cache Android SDK	2026-06-06T12:22:55.6838690Z /usr/bin/tar: ../../../../../usr/local/lib/android/sdk/platforms/android-36/data/res/values-mcc310-mnc270-ne: Cannot utime: Operation not permitted
build	Cache Android SDK	2026-06-06T12:22:55.6839152Z /usr/bin/tar: ../../../../../usr/local/lib/android/sdk/platforms/android-36/data/res/values-mcc310-mnc270-ne: Cannot change mode to rwxr-xr-x: Operation not permitted
build	Cache Android SDK	2026-06-06T12:22:55.6841596Z /usr/bin/tar: ../../../../../usr/local/lib/android/sdk/platforms/android-36/data/res/values-mcc310-mnc150-sl: Cannot utime: Operation not permitted
build	Cache Android SDK	2026-06-06T12:22:55.6842146Z /usr/bin/tar: ../../../../../usr/local/lib/android/sdk/platforms/android-36/data/res/values-mcc310-mnc150-sl: Cannot change mode to rwxr-xr-x: Operation not permitted
build	Cache Android SDK	2026-06-06T12:22:55.6844432Z /usr/bin/tar: ../../../../../usr/local/lib/android/sdk/platforms/android-36/data/res/values-mcc310-mnc380-de: Cannot utime: Operation not permitted
build	Cache Android SDK	2026-06-06T12:22:55.6844895Z /usr/bin/tar: ../../../../../usr/local/lib/android/sdk/platforms/android-36/data/res/values-mcc310-mnc380-de: Cannot change mode to rwxr-xr-x: Operation not permitted
build	Cache Android SDK	2026-06-06T12:22:55.6847591Z /usr/bin/tar: ../../../../../usr/local/lib/android/sdk/platforms/android-36/data/res/values-mcc310-mnc950-hu: Cannot utime: Operation not permitted
build	Cache Android SDK	2026-06-06T12:22:55.6848237Z /usr/bin/tar: ../../../../../usr/local/lib/android/sdk/platforms/android-36/data/res/values-mcc310-mnc950-hu: Cannot change mode to rwxr-xr-x: Operation not permitted
build	Cache Android SDK	2026-06-06T12:22:55.6850272Z /usr/bin/tar: ../../../../../usr/local/lib/android/sdk/platforms/android-36/data/res/values-mcc310-mnc230-pa: Cannot utime: Operation not permitted
build	Cache Android SDK	2026-06-06T12:22:55.6850818Z /usr/bin/tar: ../../../../../usr/local/lib/android/sdk/platforms/android-36/data/res/values-mcc310-mnc230-pa: Cannot change mode to rwxr-xr-x: Operation not permitted
build	Cache Android SDK	2026-06-06T12:22:55.6853217Z /usr/bin/tar: ../../../../../usr/local/lib/android/sdk/platforms/android-36/data/res/values-w320dp: Cannot utime: Operation not permitted
build	Cache Android SDK	2026-06-06T12:22:55.6853646Z /usr/bin/tar: ../../../../../usr/local/lib/android/sdk/platforms/android-36/data/res/values-w320dp: Cannot change mode to rwxr-xr-x: Operation not permitted
build	Cache Android SDK	2026-06-06T12:22:55.6856168Z /usr/bin/tar: ../../../../../usr/local/lib/android/sdk/platforms/android-36/data/res/values-mcc310-mnc270-kk: Cannot utime: Operation not permitted
build	Cache Android SDK	2026-06-06T12:22:55.6856656Z /usr/bin/tar: ../../../../../usr/local/lib/android/sdk/platforms/android-36/data/res/values-mcc310-mnc270-kk: Cannot change mode to rwxr-xr-x: Operation not permitted
build	Cache Android SDK	2026-06-06T12:22:55.6858990Z /usr/bin/tar: ../../../../../usr/local/lib/android/sdk/platforms/android-36/data/res/values-mcc313-mnc100-nb: Cannot utime: Operation not permitted
build	Cache Android SDK	2026-06-06T12:22:55.6859448Z /usr/bin/tar: ../../../../../usr/local/lib/android/sdk/platforms/android-36/data/res/values-mcc313-mnc100-nb: Cannot change mode to rwxr-xr-x: Operation not permitted
build	Cache Android SDK	2026-06-06T12:22:55.6862408Z /usr/bin/tar: ../../../../../usr/local/lib/android/sdk/platforms/android-36/data/res/values-mcc310-mnc250-ky: Cannot utime: Operation not permitted
build	Cache Android SDK	2026-06-06T12:22:55.6862847Z /usr/bin/tar: ../../../../../usr/local/lib/android/sdk/platforms/android-36/data/res/values-mcc310-mnc250-ky: Cannot change mode to rwxr-xr-x: Operation not permitted
build	Cache Android SDK	2026-06-06T12:22:55.6865505Z /usr/bin/tar: ../../../../../usr/local/lib/android/sdk/platforms/android-36/data/res/values-mcc310-mnc800-gu: Cannot utime: Operation not permitted
build	Cache Android SDK	2026-06-06T12:22:55.6865958Z /usr/bin/tar: ../../../../../usr/local/lib/android/sdk/platforms/android-36/data/res/values-mcc310-mnc800-gu: Cannot change mode to rwxr-xr-x: Operation not permitted
build	Cache Android SDK	2026-06-06T12:22:55.6868811Z /usr/bin/tar: ../../../../../usr/local/lib/android/sdk/platforms/android-36/data/res/values-mcc310-mnc200-sv: Cannot utime: Operation not permitted
build	Cache Android SDK	2026-06-06T12:22:55.6869259Z /usr/bin/tar: ../../../../../usr/local/lib/android/sdk/platforms/android-36/data/res/values-mcc310-mnc200-sv: Cannot change mode to rwxr-xr-x: Operation not permitted
build	Cache Android SDK	2026-06-06T12:22:55.6871920Z /usr/bin/tar: ../../../../../usr/local/lib/android/sdk/platforms/android-36/data/res/values-mcc334-mnc020-en-rGB: Cannot utime: Operation not permitted
build	Cache Android SDK	2026-06-06T12:22:55.6872383Z /usr/bin/tar: ../../../../../usr/local/lib/android/sdk/platforms/android-36/data/res/values-mcc334-mnc020-en-rGB: Cannot change mode to rwxr-xr-x: Operation not permitted
build	Cache Android SDK	2026-06-06T12:22:55.6875025Z /usr/bin/tar: ../../../../../usr/local/lib/android/sdk/platforms/android-36/data/res/values-mcc302-mnc720-en-rIN: Cannot utime: Operation not permitted
build	Cache Android SDK	2026-06-06T12:22:55.6875579Z /usr/bin/tar: ../../../../../usr/local/lib/android/sdk/platforms/android-36/data/res/values-mcc302-mnc720-en-rIN: Cannot change mode to rwxr-xr-x: Operation not permitted
build	Cache Android SDK	2026-06-06T12:22:55.6878165Z /usr/bin/tar: ../../../../../usr/local/lib/android/sdk/platforms/android-36/data/res/xml-en: Cannot utime: Operation not permitted
build	Cache Android SDK	2026-06-06T12:22:55.6878564Z /usr/bin/tar: ../../../../../usr/local/lib/android/sdk/platforms/android-36/data/res/xml-en: Cannot change mode to rwxr-xr-x: Operation not permitted
build	Cache Android SDK	2026-06-06T12:22:55.6881314Z /usr/bin/tar: ../../../../../usr/local/lib/android/sdk/platforms/android-36/data/res/values-mcc310-mnc950-es-rUS: Cannot utime: Operation not permitted
build	Cache Android SDK	2026-06-06T12:22:55.6881848Z /usr/bin/tar: ../../../../../usr/local/lib/android/sdk/platforms/android-36/data/res/values-mcc310-mnc950-es-rUS: Cannot change mode to rwxr-xr-x: Operation not permitted
build	Cache Android SDK	2026-06-06T12:22:55.6883881Z /usr/bin/tar: ../../../../../usr/local/lib/android/sdk/platforms/android-36/data/res/values-mcc310-mnc950-tr: Cannot utime: Operation not permitted
build	Cache Android SDK	2026-06-06T12:22:55.6884419Z /usr/bin/tar: ../../../../../usr/local/lib/android/sdk/platforms/android-36/data/res/values-mcc310-mnc950-tr: Cannot change mode to rwxr-xr-x: Operation not permitted
build	Cache Android SDK	2026-06-06T12:22:55.6886977Z /usr/bin/tar: ../../../../../usr/local/lib/android/sdk/platforms/android-36/data/res/values-mcc310-mnc200-de: Cannot utime: Operation not permitted
build	Cache Android SDK	2026-06-06T12:22:55.6887593Z /usr/bin/tar: ../../../../../usr/local/lib/android/sdk/platforms/android-36/data/res/values-mcc310-mnc200-de: Cannot change mode to rwxr-xr-x: Operation not permitted
build	Cache Android SDK	2026-06-06T12:22:55.6889871Z /usr/bin/tar: ../../../../../usr/local/lib/android/sdk/platforms/android-36/data/res/values-is-watch: Cannot utime: Operation not permitted
build	Cache Android SDK	2026-06-06T12:22:55.6890307Z /usr/bin/tar: ../../../../../usr/local/lib/android/sdk/platforms/android-36/data/res/values-is-watch: Cannot change mode to rwxr-xr-x: Operation not permitted
build	Cache Android SDK	2026-06-06T12:22:55.6893084Z /usr/bin/tar: ../../../../../usr/local/lib/android/sdk/platforms/android-36/data/res/values-mcc310-mnc660-lo: Cannot utime: Operation not permitted
build	Cache Android SDK	2026-06-06T12:22:55.6893530Z /usr/bin/tar: ../../../../../usr/local/lib/android/sdk/platforms/android-36/data/res/values-mcc310-mnc660-lo: Cannot change mode to rwxr-xr-x: Operation not permitted
build	Cache Android SDK	2026-06-06T12:22:55.6896107Z /usr/bin/tar: ../../../../../usr/local/lib/android/sdk/platforms/android-36/data/res/values-mcc310-mnc380-or: Cannot utime: Operation not permitted
build	Cache Android SDK	2026-06-06T12:22:55.6896554Z /usr/bin/tar: ../../../../../usr/local/lib/android/sdk/platforms/android-36/data/res/values-mcc310-mnc380-or: Cannot change mode to rwxr-xr-x: Operation not permitted
build	Cache Android SDK	2026-06-06T12:22:55.6899540Z /usr/bin/tar: ../../../../../usr/local/lib/android/sdk/platforms/android-36/data/res/values-mcc334-mnc020-ky: Cannot utime: Operation not permitted
build	Cache Android SDK	2026-06-06T12:22:55.6899992Z /usr/bin/tar: ../../../../../usr/local/lib/android/sdk/platforms/android-36/data/res/values-mcc334-mnc020-ky: Cannot change mode to rwxr-xr-x: Operation not permitted
build	Cache Android SDK	2026-06-06T12:22:55.6902181Z /usr/bin/tar: ../../../../../usr/local/lib/android/sdk/platforms/android-36/data/res/values-mcc334-mnc020-pt-rPT: Cannot utime: Operation not permitted
build	Cache Android SDK	2026-06-06T12:22:55.6902647Z /usr/bin/tar: ../../../../../usr/local/lib/android/sdk/platforms/android-36/data/res/values-mcc334-mnc020-pt-rPT: Cannot change mode to rwxr-xr-x: Operation not permitted
build	Cache Android SDK	2026-06-06T12:22:55.6905292Z /usr/bin/tar: ../../../../../usr/local/lib/android/sdk/platforms/android-36/data/res/values-mcc310-mnc250-en-rIN: Cannot utime: Operation not permitted
build	Cache Android SDK	2026-06-06T12:22:55.6905741Z /usr/bin/tar: ../../../../../usr/local/lib/android/sdk/platforms/android-36/data/res/values-mcc310-mnc250-en-rIN: Cannot change mode to rwxr-xr-x: Operation not permitted
build	Cache Android SDK	2026-06-06T12:22:55.6908918Z /usr/bin/tar: ../../../../../usr/local/lib/android/sdk/platforms/android-36/data/res/values-mcc466-mnc03: Cannot utime: Operation not permitted
build	Cache Android SDK	2026-06-06T12:22:55.6909417Z /usr/bin/tar: ../../../../../usr/local/lib/android/sdk/platforms/android-36/data/res/values-mcc466-mnc03: Cannot change mode to rwxr-xr-x: Operation not permitted
build	Cache Android SDK	2026-06-06T12:22:55.6911706Z /usr/bin/tar: ../../../../../usr/local/lib/android/sdk/platforms/android-36/data/res/values-mcc310-mnc200-fr-rCA: Cannot utime: Operation not permitted
build	Cache Android SDK	2026-06-06T12:22:55.6912164Z /usr/bin/tar: ../../../../../usr/local/lib/android/sdk/platforms/android-36/data/res/values-mcc310-mnc200-fr-rCA: Cannot change mode to rwxr-xr-x: Operation not permitted
build	Cache Android SDK	2026-06-06T12:22:55.6914906Z /usr/bin/tar: ../../../../../usr/local/lib/android/sdk/platforms/android-36/data/res/values-mcc340-mnc01: Cannot utime: Operation not permitted
build	Cache Android SDK	2026-06-06T12:22:55.6915411Z /usr/bin/tar: ../../../../../usr/local/lib/android/sdk/platforms/android-36/data/res/values-mcc340-mnc01: Cannot change mode to rwxr-xr-x: Operation not permitted
build	Cache Android SDK	2026-06-06T12:22:55.6917982Z /usr/bin/tar: ../../../../../usr/local/lib/android/sdk/platforms/android-36/data/res/values-mcc310-mnc240-kn: Cannot utime: Operation not permitted
build	Cache Android SDK	2026-06-06T12:22:55.6918485Z /usr/bin/tar: ../../../../../usr/local/lib/android/sdk/platforms/android-36/data/res/values-mcc310-mnc240-kn: Cannot change mode to rwxr-xr-x: Operation not permitted
build	Cache Android SDK	2026-06-06T12:22:55.6923220Z /usr/bin/tar: ../../../../../usr/local/lib/android/sdk/platforms/android-36/data/res/values-land: Cannot utime: Operation not permitted
build	Cache Android SDK	2026-06-06T12:22:55.6923642Z /usr/bin/tar: ../../../../../usr/local/lib/android/sdk/platforms/android-36/data/res/values-land: Cannot change mode to rwxr-xr-x: Operation not permitted
build	Cache Android SDK	2026-06-06T12:22:55.6926533Z /usr/bin/tar: ../../../../../usr/local/lib/android/sdk/platforms/android-36/data/res/values-mcc302-mnc370-ka: Cannot utime: Operation not permitted
build	Cache Android SDK	2026-06-06T12:22:55.6926974Z /usr/bin/tar: ../../../../../usr/local/lib/android/sdk/platforms/android-36/data/res/values-mcc302-mnc370-ka: Cannot change mode to rwxr-xr-x: Operation not permitted
build	Cache Android SDK	2026-06-06T12:22:55.6929328Z /usr/bin/tar: ../../../../../usr/local/lib/android/sdk/platforms/android-36/data/res/values-mcc302-mnc720-sl: Cannot utime: Operation not permitted
build	Cache Android SDK	2026-06-06T12:22:55.6929775Z /usr/bin/tar: ../../../../../usr/local/lib/android/sdk/platforms/android-36/data/res/values-mcc302-mnc720-sl: Cannot change mode to rwxr-xr-x: Operation not permitted
build	Cache Android SDK	2026-06-06T12:22:55.6932762Z /usr/bin/tar: ../../../../../usr/local/lib/android/sdk/platforms/android-36/data/res/values-mcc310-mnc240-mr: Cannot utime: Operation not permitted
build	Cache Android SDK	2026-06-06T12:22:55.6933205Z /usr/bin/tar: ../../../../../usr/local/lib/android/sdk/platforms/android-36/data/res/values-mcc310-mnc240-mr: Cannot change mode to rwxr-xr-x: Operation not permitted
build	Cache Android SDK	2026-06-06T12:22:55.6935859Z /usr/bin/tar: ../../../../../usr/local/lib/android/sdk/platforms/android-36/data/res/values-mcc334-mnc020-fr-neuter: Cannot utime: Operation not permitted
build	Cache Android SDK	2026-06-06T12:22:55.6936339Z /usr/bin/tar: ../../../../../usr/local/lib/android/sdk/platforms/android-36/data/res/values-mcc334-mnc020-fr-neuter: Cannot change mode to rwxr-xr-x: Operation not permitted
build	Cache Android SDK	2026-06-06T12:22:55.6938501Z /usr/bin/tar: ../../../../../usr/local/lib/android/sdk/platforms/android-36/data/res/values-mcc310-mnc560-fa: Cannot utime: Operation not permitted
build	Cache Android SDK	2026-06-06T12:22:55.6938941Z /usr/bin/tar: ../../../../../usr/local/lib/android/sdk/platforms/android-36/data/res/values-mcc310-mnc560-fa: Cannot change mode to rwxr-xr-x: Operation not permitted
build	Cache Android SDK	2026-06-06T12:22:55.6941391Z /usr/bin/tar: ../../../../../usr/local/lib/android/sdk/platforms/android-36/data/res/values-mcc312-mnc670-ro: Cannot utime: Operation not permitted
build	Cache Android SDK	2026-06-06T12:22:55.6941825Z /usr/bin/tar: ../../../../../usr/local/lib/android/sdk/platforms/android-36/data/res/values-mcc312-mnc670-ro: Cannot change mode to rwxr-xr-x: Operation not permitted
build	Cache Android SDK	2026-06-06T12:22:55.6944455Z /usr/bin/tar: ../../../../../usr/local/lib/android/sdk/platforms/android-36/data/res/values-mcc310-mnc250-cs: Cannot utime: Operation not permitted
build	Cache Android SDK	2026-06-06T12:22:55.6944966Z /usr/bin/tar: ../../../../../usr/local/lib/android/sdk/platforms/android-36/data/res/values-mcc310-mnc250-cs: Cannot change mode to rwxr-xr-x: Operation not permitted
build	Cache Android SDK	2026-06-06T12:22:55.6947499Z /usr/bin/tar: ../../../../../usr/local/lib/android/sdk/platforms/android-36/data/res/values-hu-rHU: Cannot utime: Operation not permitted
build	Cache Android SDK	2026-06-06T12:22:55.6947918Z /usr/bin/tar: ../../../../../usr/local/lib/android/sdk/platforms/android-36/data/res/values-hu-rHU: Cannot change mode to rwxr-xr-x: Operation not permitted
build	Cache Android SDK	2026-06-06T12:22:55.6950545Z /usr/bin/tar: ../../../../../usr/local/lib/android/sdk/platforms/android-36/data/res/values-mcc315: Cannot utime: Operation not permitted
build	Cache Android SDK	2026-06-06T12:22:55.6950954Z /usr/bin/tar: ../../../../../usr/local/lib/android/sdk/platforms/android-36/data/res/values-mcc315: Cannot change mode to rwxr-xr-x: Operation not permitted
build	Cache Android SDK	2026-06-06T12:22:55.6953512Z /usr/bin/tar: ../../../../../usr/local/lib/android/sdk/platforms/android-36/data/res/values-mcc310-mnc660-gl: Cannot utime: Operation not permitted
build	Cache Android SDK	2026-06-06T12:22:55.6953962Z /usr/bin/tar: ../../../../../usr/local/lib/android/sdk/platforms/android-36/data/res/values-mcc310-mnc660-gl: Cannot change mode to rwxr-xr-x: Operation not permitted
build	Cache Android SDK	2026-06-06T12:22:55.6956753Z /usr/bin/tar: ../../../../../usr/local/lib/android/sdk/platforms/android-36/data/res/values-mcc313-mnc100-de: Cannot utime: Operation not permitted
build	Cache Android SDK	2026-06-06T12:22:55.6957203Z /usr/bin/tar: ../../../../../usr/local/lib/android/sdk/platforms/android-36/data/res/values-mcc313-mnc100-de: Cannot change mode to rwxr-xr-x: Operation not permitted
build	Cache Android SDK	2026-06-06T12:22:55.6959584Z /usr/bin/tar: ../../../../../usr/local/lib/android/sdk/platforms/android-36/data/res/values-mcc311-mnc180-it: Cannot utime: Operation not permitted
build	Cache Android SDK	2026-06-06T12:22:55.6960014Z /usr/bin/tar: ../../../../../usr/local/lib/android/sdk/platforms/android-36/data/res/values-mcc311-mnc180-it: Cannot change mode to rwxr-xr-x: Operation not permitted
build	Cache Android SDK	2026-06-06T12:22:55.6962432Z /usr/bin/tar: ../../../../../usr/local/lib/android/sdk/platforms/android-36/data/res/values-mcc310-mnc150-ta: Cannot utime: Operation not permitted
build	Cache Android SDK	2026-06-06T12:22:55.6962880Z /usr/bin/tar: ../../../../../usr/local/lib/android/sdk/platforms/android-36/data/res/values-mcc310-mnc150-ta: Cannot change mode to rwxr-xr-x: Operation not permitted
build	Cache Android SDK	2026-06-06T12:22:55.6965436Z /usr/bin/tar: ../../../../../usr/local/lib/android/sdk/platforms/android-36/data/res/values-mcc334-mnc050: Cannot utime: Operation not permitted
build	Cache Android SDK	2026-06-06T12:22:55.6965877Z /usr/bin/tar: ../../../../../usr/local/lib/android/sdk/platforms/android-36/data/res/values-mcc334-mnc050: Cannot change mode to rwxr-xr-x: Operation not permitted
build	Cache Android SDK	2026-06-06T12:22:55.6968386Z /usr/bin/tar: ../../../../../usr/local/lib/android/sdk/platforms/android-36/data/res/values-mcc001-mnc01-gl: Cannot utime: Operation not permitted
build	Cache Android SDK	2026-06-06T12:22:55.6968825Z /usr/bin/tar: ../../../../../usr/local/lib/android/sdk/platforms/android-36/data/res/values-mcc001-mnc01-gl: Cannot change mode to rwxr-xr-x: Operation not permitted
build	Cache Android SDK	2026-06-06T12:22:55.6971162Z /usr/bin/tar: ../../../../../usr/local/lib/android/sdk/platforms/android-36/data/res/values-mcc310-mnc950-vi: Cannot utime: Operation not permitted
build	Cache Android SDK	2026-06-06T12:22:55.6971606Z /usr/bin/tar: ../../../../../usr/local/lib/android/sdk/platforms/android-36/data/res/values-mcc310-mnc950-vi: Cannot change mode to rwxr-xr-x: Operation not permitted
build	Cache Android SDK	2026-06-06T12:22:55.6974005Z /usr/bin/tar: ../../../../../usr/local/lib/android/sdk/platforms/android-36/data/res/values-mcc432-mnc20: Cannot utime: Operation not permitted
build	Cache Android SDK	2026-06-06T12:22:55.6974439Z /usr/bin/tar: ../../../../../usr/local/lib/android/sdk/platforms/android-36/data/res/values-mcc432-mnc20: Cannot change mode to rwxr-xr-x: Operation not permitted
build	Cache Android SDK	2026-06-06T12:22:55.6976939Z /usr/bin/tar: ../../../../../usr/local/lib/android/sdk/platforms/android-36/data/res/values-mcc310-mnc800-de: Cannot utime: Operation not permitted
build	Cache Android SDK	2026-06-06T12:22:55.6977636Z /usr/bin/tar: ../../../../../usr/local/lib/android/sdk/platforms/android-36/data/res/values-mcc310-mnc800-de: Cannot change mode to rwxr-xr-x: Operation not permitted
build	Cache Android SDK	2026-06-06T12:22:55.6980400Z /usr/bin/tar: ../../../../../usr/local/lib/android/sdk/platforms/android-36/data/res/values-mcc310-mnc660-sq: Cannot utime: Operation not permitted
build	Cache Android SDK	2026-06-06T12:22:55.6980846Z /usr/bin/tar: ../../../../../usr/local/lib/android/sdk/platforms/android-36/data/res/values-mcc310-mnc660-sq: Cannot change mode to rwxr-xr-x: Operation not permitted
build	Cache Android SDK	2026-06-06T12:22:55.6984315Z /usr/bin/tar: ../../../../../usr/local/lib/android/sdk/platforms/android-36/data/res/values-mcc302-mnc720-sv: Cannot utime: Operation not permitted
build	Cache Android SDK	2026-06-06T12:22:55.6984761Z /usr/bin/tar: ../../../../../usr/local/lib/android/sdk/platforms/android-36/data/res/values-mcc302-mnc720-sv: Cannot change mode to rwxr-xr-x: Operation not permitted
build	Cache Android SDK	2026-06-06T12:22:55.6988237Z /usr/bin/tar: ../../../../../usr/local/lib/android/sdk/platforms/android-36/data/res/values-mcc310-mnc560-nl: Cannot utime: Operation not permitted
build	Cache Android SDK	2026-06-06T12:22:55.6988677Z /usr/bin/tar: ../../../../../usr/local/lib/android/sdk/platforms/android-36/data/res/values-mcc310-mnc560-nl: Cannot change mode to rwxr-xr-x: Operation not permitted
build	Cache Android SDK	2026-06-06T12:22:55.6991749Z /usr/bin/tar: ../../../../../usr/local/lib/android/sdk/platforms/android-36/data/res/values-mcc334-mnc020-hr: Cannot utime: Operation not permitted
build	Cache Android SDK	2026-06-06T12:22:55.6992188Z /usr/bin/tar: ../../../../../usr/local/lib/android/sdk/platforms/android-36/data/res/values-mcc334-mnc020-hr: Cannot change mode to rwxr-xr-x: Operation not permitted
build	Cache Android SDK	2026-06-06T12:22:55.6995180Z /usr/bin/tar: ../../../../../usr/local/lib/android/sdk/platforms/android-36/data/res/values-mcc001-mnc01-am: Cannot utime: Operation not permitted
build	Cache Android SDK	2026-06-06T12:22:55.6995623Z /usr/bin/tar: ../../../../../usr/local/lib/android/sdk/platforms/android-36/data/res/values-mcc001-mnc01-am: Cannot change mode to rwxr-xr-x: Operation not permitted
build	Cache Android SDK	2026-06-06T12:22:55.6998933Z /usr/bin/tar: ../../../../../usr/local/lib/android/sdk/platforms/android-36/data/res/values-mcc310-mnc560-en-rXC: Cannot utime: Operation not permitted
build	Cache Android SDK	2026-06-06T12:22:55.6999398Z /usr/bin/tar: ../../../../../usr/local/lib/android/sdk/platforms/android-36/data/res/values-mcc310-mnc560-en-rXC: Cannot change mode to rwxr-xr-x: Operation not permitted
build	Cache Android SDK	2026-06-06T12:22:55.7002628Z /usr/bin/tar: ../../../../../usr/local/lib/android/sdk/platforms/android-36/data/res/values-mcc310-mnc240-ne: Cannot utime: Operation not permitted
build	Cache Android SDK	2026-06-06T12:22:55.7003060Z /usr/bin/tar: ../../../../../usr/local/lib/android/sdk/platforms/android-36/data/res/values-mcc310-mnc240-ne: Cannot change mode to rwxr-xr-x: Operation not permitted
build	Cache Android SDK	2026-06-06T12:22:55.7006086Z /usr/bin/tar: ../../../../../usr/local/lib/android/sdk/platforms/android-36/data/res/values-mcc310-mnc150-lv: Cannot utime: Operation not permitted
build	Cache Android SDK	2026-06-06T12:22:55.7006533Z /usr/bin/tar: ../../../../../usr/local/lib/android/sdk/platforms/android-36/data/res/values-mcc310-mnc150-lv: Cannot change mode to rwxr-xr-x: Operation not permitted
build	Cache Android SDK	2026-06-06T12:22:55.7009416Z /usr/bin/tar: ../../../../../usr/local/lib/android/sdk/platforms/android-36/data/res/values-mcc310-mnc490-ro: Cannot utime: Operation not permitted
build	Cache Android SDK	2026-06-06T12:22:55.7009861Z /usr/bin/tar: ../../../../../usr/local/lib/android/sdk/platforms/android-36/data/res/values-mcc310-mnc490-ro: Cannot change mode to rwxr-xr-x: Operation not permitted
build	Cache Android SDK	2026-06-06T12:22:55.7012785Z /usr/bin/tar: ../../../../../usr/local/lib/android/sdk/platforms/android-36/data/res/values-mcc310-mnc270-zh-rTW: Cannot utime: Operation not permitted
build	Cache Android SDK	2026-06-06T12:22:55.7013240Z /usr/bin/tar: ../../../../../usr/local/lib/android/sdk/platforms/android-36/data/res/values-mcc310-mnc270-zh-rTW: Cannot change mode to rwxr-xr-x: Operation not permitted
build	Cache Android SDK	2026-06-06T12:22:55.7016380Z /usr/bin/tar: ../../../../../usr/local/lib/android/sdk/platforms/android-36/data/res/values-mcc310-mnc380-nl: Cannot utime: Operation not permitted
build	Cache Android SDK	2026-06-06T12:22:55.7017008Z /usr/bin/tar: ../../../../../usr/local/lib/android/sdk/platforms/android-36/data/res/values-mcc310-mnc380-nl: Cannot change mode to rwxr-xr-x: Operation not permitted
build	Cache Android SDK	2026-06-06T12:22:55.7020853Z /usr/bin/tar: ../../../../../usr/local/lib/android/sdk/platforms/android-36/data/res/values-en-rSG: Cannot utime: Operation not permitted
build	Cache Android SDK	2026-06-06T12:22:55.7021276Z /usr/bin/tar: ../../../../../usr/local/lib/android/sdk/platforms/android-36/data/res/values-en-rSG: Cannot change mode to rwxr-xr-x: Operation not permitted
build	Cache Android SDK	2026-06-06T12:22:55.7024159Z /usr/bin/tar: ../../../../../usr/local/lib/android/sdk/platforms/android-36/data/res/drawable-en-mdpi: Cannot utime: Operation not permitted
build	Cache Android SDK	2026-06-06T12:22:55.7024588Z /usr/bin/tar: ../../../../../usr/local/lib/android/sdk/platforms/android-36/data/res/drawable-en-mdpi: Cannot change mode to rwxr-xr-x: Operation not permitted
build	Cache Android SDK	2026-06-06T12:22:55.7028075Z /usr/bin/tar: ../../../../../usr/local/lib/android/sdk/platforms/android-36/data/res/values-mcc302-mnc720-pt-rPT: Cannot utime: Operation not permitted
build	Cache Android SDK	2026-06-06T12:22:55.7028620Z /usr/bin/tar: ../../../../../usr/local/lib/android/sdk/platforms/android-36/data/res/values-mcc302-mnc720-pt-rPT: Cannot change mode to rwxr-xr-x: Operation not permitted
build	Cache Android SDK	2026-06-06T12:22:55.7031524Z /usr/bin/tar: ../../../../../usr/local/lib/android/sdk/platforms/android-36/data/res/raw-fr: Cannot utime: Operation not permitted
build	Cache Android SDK	2026-06-06T12:22:55.7031951Z /usr/bin/tar: ../../../../../usr/local/lib/android/sdk/platforms/android-36/data/res/raw-fr: Cannot change mode to rwxr-xr-x: Operation not permitted
build	Cache Android SDK	2026-06-06T12:22:55.7035620Z /usr/bin/tar: ../../../../../usr/local/lib/android/sdk/platforms/android-36/data/res/values-mcc310-mnc530: Cannot utime: Operation not permitted
build	Cache Android SDK	2026-06-06T12:22:55.7036104Z /usr/bin/tar: ../../../../../usr/local/lib/android/sdk/platforms/android-36/data/res/values-mcc310-mnc530: Cannot change mode to rwxr-xr-x: Operation not permitted
build	Cache Android SDK	2026-06-06T12:22:55.7038251Z /usr/bin/tar: ../../../../../usr/local/lib/android/sdk/platforms/android-36/data/res/values-mcc311-mnc180-ru: Cannot utime: Operation not permitted
build	Cache Android SDK	2026-06-06T12:22:55.7038730Z /usr/bin/tar: ../../../../../usr/local/lib/android/sdk/platforms/android-36/data/res/values-mcc311-mnc180-ru: Cannot change mode to rwxr-xr-x: Operation not permitted
build	Cache Android SDK	2026-06-06T12:22:55.7041660Z /usr/bin/tar: ../../../../../usr/local/lib/android/sdk/platforms/android-36/data/res/values-mcc302-mnc370-hu: Cannot utime: Operation not permitted
build	Cache Android SDK	2026-06-06T12:22:55.7042135Z /usr/bin/tar: ../../../../../usr/local/lib/android/sdk/platforms/android-36/data/res/values-mcc302-mnc370-hu: Cannot change mode to rwxr-xr-x: Operation not permitted
build	Cache Android SDK	2026-06-06T12:22:55.7044670Z /usr/bin/tar: ../../../../../usr/local/lib/android/sdk/platforms/android-36/data/res/values-mcc310-mnc210-cs: Cannot utime: Operation not permitted
build	Cache Android SDK	2026-06-06T12:22:55.7045142Z /usr/bin/tar: ../../../../../usr/local/lib/android/sdk/platforms/android-36/data/res/values-mcc310-mnc210-cs: Cannot change mode to rwxr-xr-x: Operation not permitted
build	Cache Android SDK	2026-06-06T12:22:55.7048035Z /usr/bin/tar: ../../../../../usr/local/lib/android/sdk/platforms/android-36/data/res/values-mcc312-mnc670-hi: Cannot utime: Operation not permitted
build	Cache Android SDK	2026-06-06T12:22:55.7048490Z /usr/bin/tar: ../../../../../usr/local/lib/android/sdk/platforms/android-36/data/res/values-mcc312-mnc670-hi: Cannot change mode to rwxr-xr-x: Operation not permitted
build	Cache Android SDK	2026-06-06T12:22:55.7051657Z /usr/bin/tar: ../../../../../usr/local/lib/android/sdk/platforms/android-36/data/res/values-mcc302-mnc720-km: Cannot utime: Operation not permitted
build	Cache Android SDK	2026-06-06T12:22:55.7052114Z /usr/bin/tar: ../../../../../usr/local/lib/android/sdk/platforms/android-36/data/res/values-mcc302-mnc720-km: Cannot change mode to rwxr-xr-x: Operation not permitted
build	Cache Android SDK	2026-06-06T12:22:55.7055141Z /usr/bin/tar: ../../../../../usr/local/lib/android/sdk/platforms/android-36/data/res/values-sl-television: Cannot utime: Operation not permitted
build	Cache Android SDK	2026-06-06T12:22:55.7055738Z /usr/bin/tar: ../../../../../usr/local/lib/android/sdk/platforms/android-36/data/res/values-sl-television: Cannot change mode to rwxr-xr-x: Operation not permitted
build	Cache Android SDK	2026-06-06T12:22:55.7058604Z /usr/bin/tar: ../../../../../usr/local/lib/android/sdk/platforms/android-36/data/res/values-fr-feminine: Cannot utime: Operation not permitted
build	Cache Android SDK	2026-06-06T12:22:55.7059145Z /usr/bin/tar: ../../../../../usr/local/lib/android/sdk/platforms/android-36/data/res/values-fr-feminine: Cannot change mode to rwxr-xr-x: Operation not permitted
build	Cache Android SDK	2026-06-06T12:22:55.7062335Z /usr/bin/tar: ../../../../../usr/local/lib/android/sdk/platforms/android-36/data/res/values-mcc310-mnc220-en-rAU: Cannot utime: Operation not permitted
build	Cache Android SDK	2026-06-06T12:22:55.7062822Z /usr/bin/tar: ../../../../../usr/local/lib/android/sdk/platforms/android-36/data/res/values-mcc310-mnc220-en-rAU: Cannot change mode to rwxr-xr-x: Operation not permitted
build	Cache Android SDK	2026-06-06T12:22:55.7066024Z /usr/bin/tar: ../../../../../usr/local/lib/android/sdk/platforms/android-36/data/res/values-mcc310-mnc490-ko: Cannot utime: Operation not permitted
build	Cache Android SDK	2026-06-06T12:22:55.7066507Z /usr/bin/tar: ../../../../../usr/local/lib/android/sdk/platforms/android-36/data/res/values-mcc310-mnc490-ko: Cannot change mode to rwxr-xr-x: Operation not permitted
build	Cache Android SDK	2026-06-06T12:22:55.7069280Z /usr/bin/tar: ../../../../../usr/local/lib/android/sdk/platforms/android-36/data/res/values-mcc302-mnc370-ml: Cannot utime: Operation not permitted
build	Cache Android SDK	2026-06-06T12:22:55.7069756Z /usr/bin/tar: ../../../../../usr/local/lib/android/sdk/platforms/android-36/data/res/values-mcc302-mnc370-ml: Cannot change mode to rwxr-xr-x: Operation not permitted
build	Cache Android SDK	2026-06-06T12:22:55.7072408Z /usr/bin/tar: ../../../../../usr/local/lib/android/sdk/platforms/android-36/data/res/values-mcc310-mnc170-ka: Cannot utime: Operation not permitted
build	Cache Android SDK	2026-06-06T12:22:55.7072875Z /usr/bin/tar: ../../../../../usr/local/lib/android/sdk/platforms/android-36/data/res/values-mcc310-mnc170-ka: Cannot change mode to rwxr-xr-x: Operation not permitted
build	Cache Android SDK	2026-06-06T12:22:55.7079161Z /usr/bin/tar: ../../../../../usr/local/lib/android/sdk/platforms/android-36/data/res/values-b+sr+Latn: Cannot utime: Operation not permitted
build	Cache Android SDK	2026-06-06T12:22:55.7079613Z /usr/bin/tar: ../../../../../usr/local/lib/android/sdk/platforms/android-36/data/res/values-b+sr+Latn: Cannot change mode to rwxr-xr-x: Operation not permitted
build	Cache Android SDK	2026-06-06T12:22:55.7082267Z /usr/bin/tar: ../../../../../usr/local/lib/android/sdk/platforms/android-36/data/res/values-mcc310-mnc280-uk: Cannot utime: Operation not permitted
build	Cache Android SDK	2026-06-06T12:22:55.7082706Z /usr/bin/tar: ../../../../../usr/local/lib/android/sdk/platforms/android-36/data/res/values-mcc310-mnc280-uk: Cannot change mode to rwxr-xr-x: Operation not permitted
build	Cache Android SDK	2026-06-06T12:22:55.7085464Z /usr/bin/tar: ../../../../../usr/local/lib/android/sdk/platforms/android-36/data/res/values-mcc310-mnc220-hu: Cannot utime: Operation not permitted
build	Cache Android SDK	2026-06-06T12:22:55.7085920Z /usr/bin/tar: ../../../../../usr/local/lib/android/sdk/platforms/android-36/data/res/values-mcc310-mnc220-hu: Cannot change mode to rwxr-xr-x: Operation not permitted
build	Cache Android SDK	2026-06-06T12:22:55.7089342Z /usr/bin/tar: ../../../../../usr/local/lib/android/sdk/platforms/android-36/data/res/values-mcc310-mnc230-tr: Cannot utime: Operation not permitted
build	Cache Android SDK	2026-06-06T12:22:55.7089795Z /usr/bin/tar: ../../../../../usr/local/lib/android/sdk/platforms/android-36/data/res/values-mcc310-mnc230-tr: Cannot change mode to rwxr-xr-x: Operation not permitted
build	Cache Android SDK	2026-06-06T12:22:55.7092435Z /usr/bin/tar: ../../../../../usr/local/lib/android/sdk/platforms/android-36/data/res/values-mcc310-mnc230-sv: Cannot utime: Operation not permitted
build	Cache Android SDK	2026-06-06T12:22:55.7092877Z /usr/bin/tar: ../../../../../usr/local/lib/android/sdk/platforms/android-36/data/res/values-mcc310-mnc230-sv: Cannot change mode to rwxr-xr-x: Operation not permitted
build	Cache Android SDK	2026-06-06T12:22:55.7095451Z /usr/bin/tar: ../../../../../usr/local/lib/android/sdk/platforms/android-36/data/res/values-ar-rIL: Cannot utime: Operation not permitted
build	Cache Android SDK	2026-06-06T12:22:55.7096006Z /usr/bin/tar: ../../../../../usr/local/lib/android/sdk/platforms/android-36/data/res/values-ar-rIL: Cannot change mode to rwxr-xr-x: Operation not permitted
build	Cache Android SDK	2026-06-06T12:22:55.7098620Z /usr/bin/tar: ../../../../../usr/local/lib/android/sdk/platforms/android-36/data/res/values-te-television: Cannot utime: Operation not permitted
build	Cache Android SDK	2026-06-06T12:22:55.7099077Z /usr/bin/tar: ../../../../../usr/local/lib/android/sdk/platforms/android-36/data/res/values-te-television: Cannot change mode to rwxr-xr-x: Operation not permitted
build	Cache Android SDK	2026-06-06T12:22:55.7101811Z /usr/bin/tar: ../../../../../usr/local/lib/android/sdk/platforms/android-36/data/res/values-mcc310-mnc160-pt: Cannot utime: Operation not permitted
build	Cache Android SDK	2026-06-06T12:22:55.7102252Z /usr/bin/tar: ../../../../../usr/local/lib/android/sdk/platforms/android-36/data/res/values-mcc310-mnc160-pt: Cannot change mode to rwxr-xr-x: Operation not permitted
build	Cache Android SDK	2026-06-06T12:22:55.7108463Z /usr/bin/tar: ../../../../../usr/local/lib/android/sdk/platforms/android-36/data/res/values-mcc310-mnc660-ur: Cannot utime: Operation not permitted
build	Cache Android SDK	2026-06-06T12:22:55.7108924Z /usr/bin/tar: ../../../../../usr/local/lib/android/sdk/platforms/android-36/data/res/values-mcc310-mnc660-ur: Cannot change mode to rwxr-xr-x: Operation not permitted
build	Cache Android SDK	2026-06-06T12:22:55.7111935Z /usr/bin/tar: ../../../../../usr/local/lib/android/sdk/platforms/android-36/data/res/values-mcc334-mnc020-cs: Cannot utime: Operation not permitted
build	Cache Android SDK	2026-06-06T12:22:55.7112386Z /usr/bin/tar: ../../../../../usr/local/lib/android/sdk/platforms/android-36/data/res/values-mcc334-mnc020-cs: Cannot change mode to rwxr-xr-x: Operation not permitted
build	Cache Android SDK	2026-06-06T12:22:55.7119991Z /usr/bin/tar: ../../../../../usr/local/lib/android/sdk/platforms/android-36/data/res/values-zh-rTW: Cannot utime: Operation not permitted
build	Cache Android SDK	2026-06-06T12:22:55.7120471Z /usr/bin/tar: ../../../../../usr/local/lib/android/sdk/platforms/android-36/data/res/values-zh-rTW: Cannot change mode to rwxr-xr-x: Operation not permitted
build	Cache Android SDK	2026-06-06T12:22:55.7123838Z /usr/bin/tar: ../../../../../usr/local/lib/android/sdk/platforms/android-36/data/res/values-mcc310-mnc200-uz: Cannot utime: Operation not permitted
build	Cache Android SDK	2026-06-06T12:22:55.7124328Z /usr/bin/tar: ../../../../../usr/local/lib/android/sdk/platforms/android-36/data/res/values-mcc310-mnc200-uz: Cannot change mode to rwxr-xr-x: Operation not permitted
build	Cache Android SDK	2026-06-06T12:22:55.7126933Z /usr/bin/tar: ../../../../../usr/local/lib/android/sdk/platforms/android-36/data/res/values-mcc310-mnc410-sw: Cannot utime: Operation not permitted
build	Cache Android SDK	2026-06-06T12:22:55.7127581Z /usr/bin/tar: ../../../../../usr/local/lib/android/sdk/platforms/android-36/data/res/values-mcc310-mnc410-sw: Cannot change mode to rwxr-xr-x: Operation not permitted
build	Cache Android SDK	2026-06-06T12:22:55.7133750Z /usr/bin/tar: ../../../../../usr/local/lib/android/sdk/platforms/android-36/data/res/values-el-rGR: Cannot utime: Operation not permitted
build	Cache Android SDK	2026-06-06T12:22:55.7134192Z /usr/bin/tar: ../../../../../usr/local/lib/android/sdk/platforms/android-36/data/res/values-el-rGR: Cannot change mode to rwxr-xr-x: Operation not permitted
build	Cache Android SDK	2026-06-06T12:22:55.7137676Z /usr/bin/tar: ../../../../../usr/local/lib/android/sdk/platforms/android-36/data/res/values-mcc310-mnc800-hy: Cannot utime: Operation not permitted
build	Cache Android SDK	2026-06-06T12:22:55.7138154Z /usr/bin/tar: ../../../../../usr/local/lib/android/sdk/platforms/android-36/data/res/values-mcc310-mnc800-hy: Cannot change mode to rwxr-xr-x: Operation not permitted
build	Cache Android SDK	2026-06-06T12:22:55.7141063Z /usr/bin/tar: ../../../../../usr/local/lib/android/sdk/platforms/android-36/data/res/values-mcc302-mnc720: Cannot utime: Operation not permitted
build	Cache Android SDK	2026-06-06T12:22:55.7141518Z /usr/bin/tar: ../../../../../usr/local/lib/android/sdk/platforms/android-36/data/res/values-mcc302-mnc720: Cannot change mode to rwxr-xr-x: Operation not permitted
build	Cache Android SDK	2026-06-06T12:22:55.7144376Z /usr/bin/tar: ../../../../../usr/local/lib/android/sdk/platforms/android-36/data/res/values-mcc313-mnc100-sl: Cannot utime: Operation not permitted
build	Cache Android SDK	2026-06-06T12:22:55.7144991Z /usr/bin/tar: ../../../../../usr/local/lib/android/sdk/platforms/android-36/data/res/values-mcc313-mnc100-sl: Cannot change mode to rwxr-xr-x: Operation not permitted
build	Cache Android SDK	2026-06-06T12:22:55.7148004Z /usr/bin/tar: ../../../../../usr/local/lib/android/sdk/platforms/android-36/data/res/values-mcc312-mnc670-zh-rTW: Cannot utime: Operation not permitted
build	Cache Android SDK	2026-06-06T12:22:55.7148486Z /usr/bin/tar: ../../../../../usr/local/lib/android/sdk/platforms/android-36/data/res/values-mcc312-mnc670-zh-rTW: Cannot change mode to rwxr-xr-x: Operation not permitted
build	Cache Android SDK	2026-06-06T12:22:55.7151019Z /usr/bin/tar: ../../../../../usr/local/lib/android/sdk/platforms/android-36/data/res/values-mcc310-mnc560-ur: Cannot utime: Operation not permitted
build	Cache Android SDK	2026-06-06T12:22:55.7151480Z /usr/bin/tar: ../../../../../usr/local/lib/android/sdk/platforms/android-36/data/res/values-mcc310-mnc560-ur: Cannot change mode to rwxr-xr-x: Operation not permitted
build	Cache Android SDK	2026-06-06T12:22:55.7154739Z /usr/bin/tar: ../../../../../usr/local/lib/android/sdk/platforms/android-36/data/res/values-mcc310-mnc170-am: Cannot utime: Operation not permitted
build	Cache Android SDK	2026-06-06T12:22:55.7155199Z /usr/bin/tar: ../../../../../usr/local/lib/android/sdk/platforms/android-36/data/res/values-mcc310-mnc170-am: Cannot change mode to rwxr-xr-x: Operation not permitted
build	Cache Android SDK	2026-06-06T12:22:55.7158248Z /usr/bin/tar: ../../../../../usr/local/lib/android/sdk/platforms/android-36/data/res/values-mcc310-mnc800-nb: Cannot utime: Operation not permitted
build	Cache Android SDK	2026-06-06T12:22:55.7158708Z /usr/bin/tar: ../../../../../usr/local/lib/android/sdk/platforms/android-36/data/res/values-mcc310-mnc800-nb: Cannot change mode to rwxr-xr-x: Operation not permitted
build	Cache Android SDK	2026-06-06T12:22:55.7161351Z /usr/bin/tar: ../../../../../usr/local/lib/android/sdk/platforms/android-36/data/res/values-mcc310-mnc800-b+sr+Latn: Cannot utime: Operation not permitted
build	Cache Android SDK	2026-06-06T12:22:55.7161843Z /usr/bin/tar: ../../../../../usr/local/lib/android/sdk/platforms/android-36/data/res/values-mcc310-mnc800-b+sr+Latn: Cannot change mode to rwxr-xr-x: Operation not permitted
build	Cache Android SDK	2026-06-06T12:22:55.7164372Z /usr/bin/tar: ../../../../../usr/local/lib/android/sdk/platforms/android-36/data/res/values-mcc310-mnc150-be: Cannot utime: Operation not permitted
build	Cache Android SDK	2026-06-06T12:22:55.7164829Z /usr/bin/tar: ../../../../../usr/local/lib/android/sdk/platforms/android-36/data/res/values-mcc310-mnc150-be: Cannot change mode to rwxr-xr-x: Operation not permitted
build	Cache Android SDK	2026-06-06T12:22:55.7167897Z /usr/bin/tar: ../../../../../usr/local/lib/android/sdk/platforms/android-36/data/res/values-mcc310-mnc560-ja: Cannot utime: Operation not permitted
build	Cache Android SDK	2026-06-06T12:22:55.7168364Z /usr/bin/tar: ../../../../../usr/local/lib/android/sdk/platforms/android-36/data/res/values-mcc310-mnc560-ja: Cannot change mode to rwxr-xr-x: Operation not permitted
build	Cache Android SDK	2026-06-06T12:22:55.7170750Z /usr/bin/tar: ../../../../../usr/local/lib/android/sdk/platforms/android-36/data/res/values-mcc310-mnc210-sq: Cannot utime: Operation not permitted
build	Cache Android SDK	2026-06-06T12:22:55.7171235Z /usr/bin/tar: ../../../../../usr/local/lib/android/sdk/platforms/android-36/data/res/values-mcc310-mnc210-sq: Cannot change mode to rwxr-xr-x: Operation not permitted
build	Cache Android SDK	2026-06-06T12:22:55.7174111Z /usr/bin/tar: ../../../../../usr/local/lib/android/sdk/platforms/android-36/data/res/values-w228dp: Cannot utime: Operation not permitted
build	Cache Android SDK	2026-06-06T12:22:55.7174570Z /usr/bin/tar: ../../../../../usr/local/lib/android/sdk/platforms/android-36/data/res/values-w228dp: Cannot change mode to rwxr-xr-x: Operation not permitted
build	Cache Android SDK	2026-06-06T12:22:55.7176993Z /usr/bin/tar: ../../../../../usr/local/lib/android/sdk/platforms/android-36/data/res/values-mcc312-mnc670-ms: Cannot utime: Operation not permitted
build	Cache Android SDK	2026-06-06T12:22:55.7177579Z /usr/bin/tar: ../../../../../usr/local/lib/android/sdk/platforms/android-36/data/res/values-mcc312-mnc670-ms: Cannot change mode to rwxr-xr-x: Operation not permitted
build	Cache Android SDK	2026-06-06T12:22:55.7180762Z /usr/bin/tar: ../../../../../usr/local/lib/android/sdk/platforms/android-36/data/res/values-mcc302-mnc720-sw: Cannot utime: Operation not permitted
build	Cache Android SDK	2026-06-06T12:22:55.7181371Z /usr/bin/tar: ../../../../../usr/local/lib/android/sdk/platforms/android-36/data/res/values-mcc302-mnc720-sw: Cannot change mode to rwxr-xr-x: Operation not permitted
build	Cache Android SDK	2026-06-06T12:22:55.7184172Z /usr/bin/tar: ../../../../../usr/local/lib/android/sdk/platforms/android-36/data/res/values-mcc310-mnc160-de: Cannot utime: Operation not permitted
build	Cache Android SDK	2026-06-06T12:22:55.7184754Z /usr/bin/tar: ../../../../../usr/local/lib/android/sdk/platforms/android-36/data/res/values-mcc310-mnc160-de: Cannot change mode to rwxr-xr-x: Operation not permitted
build	Cache Android SDK	2026-06-06T12:22:55.7187634Z /usr/bin/tar: ../../../../../usr/local/lib/android/sdk/platforms/android-36/data/res/values-mcc310-mnc230-ru: Cannot utime: Operation not permitted
build	Cache Android SDK	2026-06-06T12:22:55.7188108Z /usr/bin/tar: ../../../../../usr/local/lib/android/sdk/platforms/android-36/data/res/values-mcc310-mnc230-ru: Cannot change mode to rwxr-xr-x: Operation not permitted
build	Cache Android SDK	2026-06-06T12:22:55.7190475Z /usr/bin/tar: ../../../../../usr/local/lib/android/sdk/platforms/android-36/data/res/values-mcc310-mnc170-en-rCA: Cannot utime: Operation not permitted
build	Cache Android SDK	2026-06-06T12:22:55.7190947Z /usr/bin/tar: ../../../../../usr/local/lib/android/sdk/platforms/android-36/data/res/values-mcc310-mnc170-en-rCA: Cannot change mode to rwxr-xr-x: Operation not permitted
build	Cache Android SDK	2026-06-06T12:22:55.7193893Z /usr/bin/tar: ../../../../../usr/local/lib/android/sdk/platforms/android-36/data/res/values-mcc313-mnc100-or: Cannot utime: Operation not permitted
build	Cache Android SDK	2026-06-06T12:22:55.7194356Z /usr/bin/tar: ../../../../../usr/local/lib/android/sdk/platforms/android-36/data/res/values-mcc313-mnc100-or: Cannot change mode to rwxr-xr-x: Operation not permitted
build	Cache Android SDK	2026-06-06T12:22:55.7197088Z /usr/bin/tar: ../../../../../usr/local/lib/android/sdk/platforms/android-36/data/res/values-mcc312-mnc670-sv: Cannot utime: Operation not permitted
build	Cache Android SDK	2026-06-06T12:22:55.7197723Z /usr/bin/tar: ../../../../../usr/local/lib/android/sdk/platforms/android-36/data/res/values-mcc312-mnc670-sv: Cannot change mode to rwxr-xr-x: Operation not permitted
build	Cache Android SDK	2026-06-06T12:22:55.7200305Z /usr/bin/tar: ../../../../../usr/local/lib/android/sdk/platforms/android-36/data/res/values-mcc334-mnc020-ca: Cannot utime: Operation not permitted
build	Cache Android SDK	2026-06-06T12:22:55.7200774Z /usr/bin/tar: ../../../../../usr/local/lib/android/sdk/platforms/android-36/data/res/values-mcc334-mnc020-ca: Cannot change mode to rwxr-xr-x: Operation not permitted
build	Cache Android SDK	2026-06-06T12:22:55.7207654Z /usr/bin/tar: ../../../../../usr/local/lib/android/sdk/platforms/android-36/data/res/menu: Cannot utime: Operation not permitted
build	Cache Android SDK	2026-06-06T12:22:55.7208067Z /usr/bin/tar: ../../../../../usr/local/lib/android/sdk/platforms/android-36/data/res/menu: Cannot change mode to rwxr-xr-x: Operation not permitted
build	Cache Android SDK	2026-06-06T12:22:55.7210702Z /usr/bin/tar: ../../../../../usr/local/lib/android/sdk/platforms/android-36/data/res/values-mcc310-mnc560-bn: Cannot utime: Operation not permitted
build	Cache Android SDK	2026-06-06T12:22:55.7211169Z /usr/bin/tar: ../../../../../usr/local/lib/android/sdk/platforms/android-36/data/res/values-mcc310-mnc560-bn: Cannot change mode to rwxr-xr-x: Operation not permitted
build	Cache Android SDK	2026-06-06T12:22:55.7215229Z /usr/bin/tar: ../../../../../usr/local/lib/android/sdk/platforms/android-36/data/res/values-mcc310-mnc270-hy: Cannot utime: Operation not permitted
build	Cache Android SDK	2026-06-06T12:22:55.7215703Z /usr/bin/tar: ../../../../../usr/local/lib/android/sdk/platforms/android-36/data/res/values-mcc310-mnc270-hy: Cannot change mode to rwxr-xr-x: Operation not permitted
build	Cache Android SDK	2026-06-06T12:22:55.7220208Z /usr/bin/tar: ../../../../../usr/local/lib/android/sdk/platforms/android-36/data/res/values-mcc310-mnc200-az: Cannot utime: Operation not permitted
build	Cache Android SDK	2026-06-06T12:22:55.7220651Z /usr/bin/tar: ../../../../../usr/local/lib/android/sdk/platforms/android-36/data/res/values-mcc310-mnc200-az: Cannot change mode to rwxr-xr-x: Operation not permitted
build	Cache Android SDK	2026-06-06T12:22:55.7223806Z /usr/bin/tar: ../../../../../usr/local/lib/android/sdk/platforms/android-36/data/res/values-mcc310-mnc220-cs: Cannot utime: Operation not permitted
build	Cache Android SDK	2026-06-06T12:22:55.7224382Z /usr/bin/tar: ../../../../../usr/local/lib/android/sdk/platforms/android-36/data/res/values-mcc310-mnc220-cs: Cannot change mode to rwxr-xr-x: Operation not permitted
build	Cache Android SDK	2026-06-06T12:22:55.7227115Z /usr/bin/tar: ../../../../../usr/local/lib/android/sdk/platforms/android-36/data/res/values-w720dp: Cannot utime: Operation not permitted
build	Cache Android SDK	2026-06-06T12:22:55.7227728Z /usr/bin/tar: ../../../../../usr/local/lib/android/sdk/platforms/android-36/data/res/values-w720dp: Cannot change mode to rwxr-xr-x: Operation not permitted
build	Cache Android SDK	2026-06-06T12:22:55.7230672Z /usr/bin/tar: ../../../../../usr/local/lib/android/sdk/platforms/android-36/data/res/values-mcc310-mnc200-sw: Cannot utime: Operation not permitted
build	Cache Android SDK	2026-06-06T12:22:55.7231111Z /usr/bin/tar: ../../../../../usr/local/lib/android/sdk/platforms/android-36/data/res/values-mcc310-mnc200-sw: Cannot change mode to rwxr-xr-x: Operation not permitted
build	Cache Android SDK	2026-06-06T12:22:55.7233991Z /usr/bin/tar: ../../../../../usr/local/lib/android/sdk/platforms/android-36/data/res/values-mcc310-mnc950-it: Cannot utime: Operation not permitted
build	Cache Android SDK	2026-06-06T12:22:55.7234442Z /usr/bin/tar: ../../../../../usr/local/lib/android/sdk/platforms/android-36/data/res/values-mcc310-mnc950-it: Cannot change mode to rwxr-xr-x: Operation not permitted
build	Cache Android SDK	2026-06-06T12:22:55.7237750Z /usr/bin/tar: ../../../../../usr/local/lib/android/sdk/platforms/android-36/data/res/values-mcc312-mnc670-en-rXC: Cannot utime: Operation not permitted
build	Cache Android SDK	2026-06-06T12:22:55.7238294Z /usr/bin/tar: ../../../../../usr/local/lib/android/sdk/platforms/android-36/data/res/values-mcc312-mnc670-en-rXC: Cannot change mode to rwxr-xr-x: Operation not permitted
build	Cache Android SDK	2026-06-06T12:22:55.7240853Z /usr/bin/tar: ../../../../../usr/local/lib/android/sdk/platforms/android-36/data/res/values-mcc310-mnc030-ru: Cannot utime: Operation not permitted
build	Cache Android SDK	2026-06-06T12:22:55.7241288Z /usr/bin/tar: ../../../../../usr/local/lib/android/sdk/platforms/android-36/data/res/values-mcc310-mnc030-ru: Cannot change mode to rwxr-xr-x: Operation not permitted
build	Cache Android SDK	2026-06-06T12:22:55.7243942Z /usr/bin/tar: ../../../../../usr/local/lib/android/sdk/platforms/android-36/data/res/values-mcc310-mnc950-ko: Cannot utime: Operation not permitted
build	Cache Android SDK	2026-06-06T12:22:55.7244387Z /usr/bin/tar: ../../../../../usr/local/lib/android/sdk/platforms/android-36/data/res/values-mcc310-mnc950-ko: Cannot change mode to rwxr-xr-x: Operation not permitted
build	Cache Android SDK	2026-06-06T12:22:55.7247177Z /usr/bin/tar: ../../../../../usr/local/lib/android/sdk/platforms/android-36/data/res/values-mcc310-mnc490-iw: Cannot utime: Operation not permitted
build	Cache Android SDK	2026-06-06T12:22:55.7247829Z /usr/bin/tar: ../../../../../usr/local/lib/android/sdk/platforms/android-36/data/res/values-mcc310-mnc490-iw: Cannot change mode to rwxr-xr-x: Operation not permitted
build	Cache Android SDK	2026-06-06T12:22:55.7250313Z /usr/bin/tar: ../../../../../usr/local/lib/android/sdk/platforms/android-36/data/res/values-mcc310-mnc660-uk: Cannot utime: Operation not permitted
build	Cache Android SDK	2026-06-06T12:22:55.7250754Z /usr/bin/tar: ../../../../../usr/local/lib/android/sdk/platforms/android-36/data/res/values-mcc310-mnc660-uk: Cannot change mode to rwxr-xr-x: Operation not permitted
build	Cache Android SDK	2026-06-06T12:22:55.7253291Z /usr/bin/tar: ../../../../../usr/local/lib/android/sdk/platforms/android-36/data/res/values-mcc310-mnc030-sv: Cannot utime: Operation not permitted
build	Cache Android SDK	2026-06-06T12:22:55.7253741Z /usr/bin/tar: ../../../../../usr/local/lib/android/sdk/platforms/android-36/data/res/values-mcc310-mnc030-sv: Cannot change mode to rwxr-xr-x: Operation not permitted
build	Cache Android SDK	2026-06-06T12:22:55.7256442Z /usr/bin/tar: ../../../../../usr/local/lib/android/sdk/platforms/android-36/data/res/values-w205dp: Cannot utime: Operation not permitted
build	Cache Android SDK	2026-06-06T12:22:55.7256858Z /usr/bin/tar: ../../../../../usr/local/lib/android/sdk/platforms/android-36/data/res/values-w205dp: Cannot change mode to rwxr-xr-x: Operation not permitted
build	Cache Android SDK	2026-06-06T12:22:55.7259764Z /usr/bin/tar: ../../../../../usr/local/lib/android/sdk/platforms/android-36/data/res/values-mcc310-mnc490-in: Cannot utime: Operation not permitted
build	Cache Android SDK	2026-06-06T12:22:55.7260203Z /usr/bin/tar: ../../../../../usr/local/lib/android/sdk/platforms/android-36/data/res/values-mcc310-mnc490-in: Cannot change mode to rwxr-xr-x: Operation not permitted
build	Cache Android SDK	2026-06-06T12:22:55.7262341Z /usr/bin/tar: ../../../../../usr/local/lib/android/sdk/platforms/android-36/data/res/values-mcc310-mnc220-hi: Cannot utime: Operation not permitted
build	Cache Android SDK	2026-06-06T12:22:55.7262796Z /usr/bin/tar: ../../../../../usr/local/lib/android/sdk/platforms/android-36/data/res/values-mcc310-mnc220-hi: Cannot change mode to rwxr-xr-x: Operation not permitted
build	Cache Android SDK	2026-06-06T12:22:55.7269868Z /usr/bin/tar: ../../../../../usr/local/lib/android/sdk/platforms/android-36/data/res/values-de: Cannot utime: Operation not permitted
build	Cache Android SDK	2026-06-06T12:22:55.7270282Z /usr/bin/tar: ../../../../../usr/local/lib/android/sdk/platforms/android-36/data/res/values-de: Cannot change mode to rwxr-xr-x: Operation not permitted
build	Cache Android SDK	2026-06-06T12:22:55.7275343Z /usr/bin/tar: ../../../../../usr/local/lib/android/sdk/platforms/android-36/data/res/values-mcc310-mnc250-bs: Cannot utime: Operation not permitted
build	Cache Android SDK	2026-06-06T12:22:55.7275891Z /usr/bin/tar: ../../../../../usr/local/lib/android/sdk/platforms/android-36/data/res/values-mcc310-mnc250-bs: Cannot change mode to rwxr-xr-x: Operation not permitted
build	Cache Android SDK	2026-06-06T12:22:55.7278738Z /usr/bin/tar: ../../../../../usr/local/lib/android/sdk/platforms/android-36/data/res/values-mcc310-mnc170-cs: Cannot utime: Operation not permitted
build	Cache Android SDK	2026-06-06T12:22:55.7279250Z /usr/bin/tar: ../../../../../usr/local/lib/android/sdk/platforms/android-36/data/res/values-mcc310-mnc170-cs: Cannot change mode to rwxr-xr-x: Operation not permitted
build	Cache Android SDK	2026-06-06T12:22:55.7281796Z /usr/bin/tar: ../../../../../usr/local/lib/android/sdk/platforms/android-36/data/res/values-mcc310-mnc660-es: Cannot utime: Operation not permitted
build	Cache Android SDK	2026-06-06T12:22:55.7282243Z /usr/bin/tar: ../../../../../usr/local/lib/android/sdk/platforms/android-36/data/res/values-mcc310-mnc660-es: Cannot change mode to rwxr-xr-x: Operation not permitted
build	Cache Android SDK	2026-06-06T12:22:55.7285130Z /usr/bin/tar: ../../../../../usr/local/lib/android/sdk/platforms/android-36/data/res/values-mcc313-mnc100-sk: Cannot utime: Operation not permitted
build	Cache Android SDK	2026-06-06T12:22:55.7285570Z /usr/bin/tar: ../../../../../usr/local/lib/android/sdk/platforms/android-36/data/res/values-mcc313-mnc100-sk: Cannot change mode to rwxr-xr-x: Operation not permitted
build	Cache Android SDK	2026-06-06T12:22:55.7288286Z /usr/bin/tar: ../../../../../usr/local/lib/android/sdk/platforms/android-36/data/res/values-mcc310-mnc310-zh-rHK: Cannot utime: Operation not permitted
build	Cache Android SDK	2026-06-06T12:22:55.7288830Z /usr/bin/tar: ../../../../../usr/local/lib/android/sdk/platforms/android-36/data/res/values-mcc310-mnc310-zh-rHK: Cannot change mode to rwxr-xr-x: Operation not permitted
build	Cache Android SDK	2026-06-06T12:22:55.7291800Z /usr/bin/tar: ../../../../../usr/local/lib/android/sdk/platforms/android-36/data/res/values-mcc001-mnc01-pl: Cannot utime: Operation not permitted
build	Cache Android SDK	2026-06-06T12:22:55.7292254Z /usr/bin/tar: ../../../../../usr/local/lib/android/sdk/platforms/android-36/data/res/values-mcc001-mnc01-pl: Cannot change mode to rwxr-xr-x: Operation not permitted
build	Cache Android SDK	2026-06-06T12:22:55.7294922Z /usr/bin/tar: ../../../../../usr/local/lib/android/sdk/platforms/android-36/data/res/values-mcc310-mnc250-gu: Cannot utime: Operation not permitted
build	Cache Android SDK	2026-06-06T12:22:55.7295367Z /usr/bin/tar: ../../../../../usr/local/lib/android/sdk/platforms/android-36/data/res/values-mcc310-mnc250-gu: Cannot change mode to rwxr-xr-x: Operation not permitted
build	Cache Android SDK	2026-06-06T12:22:55.7298915Z /usr/bin/tar: ../../../../../usr/local/lib/android/sdk/platforms/android-36/data/res/values-mcc311-mnc180-sq: Cannot utime: Operation not permitted
build	Cache Android SDK	2026-06-06T12:22:55.7299377Z /usr/bin/tar: ../../../../../usr/local/lib/android/sdk/platforms/android-36/data/res/values-mcc311-mnc180-sq: Cannot change mode to rwxr-xr-x: Operation not permitted
build	Cache Android SDK	2026-06-06T12:22:55.7302174Z /usr/bin/tar: ../../../../../usr/local/lib/android/sdk/platforms/android-36/data/res/values-mcc310-mnc950-zu: Cannot utime: Operation not permitted
build	Cache Android SDK	2026-06-06T12:22:55.7302621Z /usr/bin/tar: ../../../../../usr/local/lib/android/sdk/platforms/android-36/data/res/values-mcc310-mnc950-zu: Cannot change mode to rwxr-xr-x: Operation not permitted
build	Cache Android SDK	2026-06-06T12:22:55.7305529Z /usr/bin/tar: ../../../../../usr/local/lib/android/sdk/platforms/android-36/data/res/values-mcc312-mnc670-gl: Cannot utime: Operation not permitted
build	Cache Android SDK	2026-06-06T12:22:55.7306032Z /usr/bin/tar: ../../../../../usr/local/lib/android/sdk/platforms/android-36/data/res/values-mcc312-mnc670-gl: Cannot change mode to rwxr-xr-x: Operation not permitted
build	Cache Android SDK	2026-06-06T12:22:55.7308515Z /usr/bin/tar: ../../../../../usr/local/lib/android/sdk/platforms/android-36/data/res/values-mcc313-mnc100-eu: Cannot utime: Operation not permitted
build	Cache Android SDK	2026-06-06T12:22:55.7308958Z /usr/bin/tar: ../../../../../usr/local/lib/android/sdk/platforms/android-36/data/res/values-mcc313-mnc100-eu: Cannot change mode to rwxr-xr-x: Operation not permitted
build	Cache Android SDK	2026-06-06T12:22:55.7312573Z /usr/bin/tar: ../../../../../usr/local/lib/android/sdk/platforms/android-36/data/res/values-mcc310-mnc410-pa: Cannot utime: Operation not permitted
build	Cache Android SDK	2026-06-06T12:22:55.7313091Z /usr/bin/tar: ../../../../../usr/local/lib/android/sdk/platforms/android-36/data/res/values-mcc310-mnc410-pa: Cannot change mode to rwxr-xr-x: Operation not permitted
build	Cache Android SDK	2026-06-06T12:22:55.7320511Z /usr/bin/tar: ../../../../../usr/local/lib/android/sdk/platforms/android-36/data/res/values-pt-rBR: Cannot utime: Operation not permitted
build	Cache Android SDK	2026-06-06T12:22:55.7321418Z /usr/bin/tar: ../../../../../usr/local/lib/android/sdk/platforms/android-36/data/res/values-pt-rBR: Cannot change mode to rwxr-xr-x: Operation not permitted
build	Cache Android SDK	2026-06-06T12:22:55.7322994Z /usr/bin/tar: ../../../../../usr/local/lib/android/sdk/platforms/android-36/data/res/values-mcc310-mnc410-pt-rPT: Cannot utime: Operation not permitted
build	Cache Android SDK	2026-06-06T12:22:55.7323479Z /usr/bin/tar: ../../../../../usr/local/lib/android/sdk/platforms/android-36/data/res/values-mcc310-mnc410-pt-rPT: Cannot change mode to rwxr-xr-x: Operation not permitted
build	Cache Android SDK	2026-06-06T12:22:55.7326514Z /usr/bin/tar: ../../../../../usr/local/lib/android/sdk/platforms/android-36/data/res/values-mcc310-mnc380-pt-rBR: Cannot utime: Operation not permitted
build	Cache Android SDK	2026-06-06T12:22:55.7327007Z /usr/bin/tar: ../../../../../usr/local/lib/android/sdk/platforms/android-36/data/res/values-mcc310-mnc380-pt-rBR: Cannot change mode to rwxr-xr-x: Operation not permitted
build	Cache Android SDK	2026-06-06T12:22:55.7329450Z /usr/bin/tar: ../../../../../usr/local/lib/android/sdk/platforms/android-36/data/res/values-mcc310-mnc560-pl: Cannot utime: Operation not permitted
build	Cache Android SDK	2026-06-06T12:22:55.7329916Z /usr/bin/tar: ../../../../../usr/local/lib/android/sdk/platforms/android-36/data/res/values-mcc310-mnc560-pl: Cannot change mode to rwxr-xr-x: Operation not permitted
build	Cache Android SDK	2026-06-06T12:22:55.7332488Z /usr/bin/tar: ../../../../../usr/local/lib/android/sdk/platforms/android-36/data/res/values-mcc310-mnc200-fa: Cannot utime: Operation not permitted
build	Cache Android SDK	2026-06-06T12:22:55.7332947Z /usr/bin/tar: ../../../../../usr/local/lib/android/sdk/platforms/android-36/data/res/values-mcc310-mnc200-fa: Cannot change mode to rwxr-xr-x: Operation not permitted
build	Cache Android SDK	2026-06-06T12:22:55.7335415Z /usr/bin/tar: ../../../../../usr/local/lib/android/sdk/platforms/android-36/data/res/values-mcc310-mnc280-my: Cannot utime: Operation not permitted
build	Cache Android SDK	2026-06-06T12:22:55.7335874Z /usr/bin/tar: ../../../../../usr/local/lib/android/sdk/platforms/android-36/data/res/values-mcc310-mnc280-my: Cannot change mode to rwxr-xr-x: Operation not permitted
build	Cache Android SDK	2026-06-06T12:22:55.7338472Z /usr/bin/tar: ../../../../../usr/local/lib/android/sdk/platforms/android-36/data/res/values-mcc313-mnc100-en-rXC: Cannot utime: Operation not permitted
build	Cache Android SDK	2026-06-06T12:22:55.7338937Z /usr/bin/tar: ../../../../../usr/local/lib/android/sdk/platforms/android-36/data/res/values-mcc313-mnc100-en-rXC: Cannot change mode to rwxr-xr-x: Operation not permitted
build	Cache Android SDK	2026-06-06T12:22:55.7341987Z /usr/bin/tar: ../../../../../usr/local/lib/android/sdk/platforms/android-36/data/res/values-mcc001-mnc01-zu: Cannot utime: Operation not permitted
build	Cache Android SDK	2026-06-06T12:22:55.7342443Z /usr/bin/tar: ../../../../../usr/local/lib/android/sdk/platforms/android-36/data/res/values-mcc001-mnc01-zu: Cannot change mode to rwxr-xr-x: Operation not permitted
build	Cache Android SDK	2026-06-06T12:22:55.7345307Z /usr/bin/tar: ../../../../../usr/local/lib/android/sdk/platforms/android-36/data/res/values-mcc310-mnc560-tr: Cannot utime: Operation not permitted
build	Cache Android SDK	2026-06-06T12:22:55.7345996Z /usr/bin/tar: ../../../../../usr/local/lib/android/sdk/platforms/android-36/data/res/values-mcc310-mnc560-tr: Cannot change mode to rwxr-xr-x: Operation not permitted
build	Cache Android SDK	2026-06-06T12:22:55.7347895Z /usr/bin/tar: ../../../../../usr/local/lib/android/sdk/platforms/android-36/data/res/values-kk-television: Cannot utime: Operation not permitted
build	Cache Android SDK	2026-06-06T12:22:55.7348405Z /usr/bin/tar: ../../../../../usr/local/lib/android/sdk/platforms/android-36/data/res/values-kk-television: Cannot change mode to rwxr-xr-x: Operation not permitted
build	Cache Android SDK	2026-06-06T12:22:55.7350472Z /usr/bin/tar: ../../../../../usr/local/lib/android/sdk/platforms/android-36/data/res/values-mcc310-mnc250-pl: Cannot utime: Operation not permitted
build	Cache Android SDK	2026-06-06T12:22:55.7351032Z /usr/bin/tar: ../../../../../usr/local/lib/android/sdk/platforms/android-36/data/res/values-mcc310-mnc250-pl: Cannot change mode to rwxr-xr-x: Operation not permitted
build	Cache Android SDK	2026-06-06T12:22:55.7853458Z /usr/bin/tar: ../../../../../usr/local/lib/android/sdk/platforms/android-36/data/res/drawable-xhdpi: Cannot utime: Operation not permitted
build	Cache Android SDK	2026-06-06T12:22:55.7854848Z /usr/bin/tar: ../../../../../usr/local/lib/android/sdk/platforms/android-36/data/res/drawable-xhdpi: Cannot change mode to rwxr-xr-x: Operation not permitted
build	Cache Android SDK	2026-06-06T12:22:55.7856076Z /usr/bin/tar: ../../../../../usr/local/lib/android/sdk/platforms/android-36/data/res/values-mcc310-mnc410-ml: Cannot utime: Operation not permitted
build	Cache Android SDK	2026-06-06T12:22:55.7856998Z /usr/bin/tar: ../../../../../usr/local/lib/android/sdk/platforms/android-36/data/res/values-mcc310-mnc410-ml: Cannot change mode to rwxr-xr-x: Operation not permitted
build	Cache Android SDK	2026-06-06T12:22:55.7859593Z /usr/bin/tar: ../../../../../usr/local/lib/android/sdk/platforms/android-36/data/res/values-mcc466-mnc92: Cannot utime: Operation not permitted
build	Cache Android SDK	2026-06-06T12:22:55.7860503Z /usr/bin/tar: ../../../../../usr/local/lib/android/sdk/platforms/android-36/data/res/values-mcc466-mnc92: Cannot change mode to rwxr-xr-x: Operation not permitted
build	Cache Android SDK	2026-06-06T12:22:55.7862944Z /usr/bin/tar: ../../../../../usr/local/lib/android/sdk/platforms/android-36/data/res/values-mcc310-mnc210-sl: Cannot utime: Operation not permitted
build	Cache Android SDK	2026-06-06T12:22:55.7863871Z /usr/bin/tar: ../../../../../usr/local/lib/android/sdk/platforms/android-36/data/res/values-mcc310-mnc210-sl: Cannot change mode to rwxr-xr-x: Operation not permitted
build	Cache Android SDK	2026-06-06T12:22:55.7866461Z /usr/bin/tar: ../../../../../usr/local/lib/android/sdk/platforms/android-36/data/res/values-as-television: Cannot utime: Operation not permitted
build	Cache Android SDK	2026-06-06T12:22:55.7867459Z /usr/bin/tar: ../../../../../usr/local/lib/android/sdk/platforms/android-36/data/res/values-as-television: Cannot change mode to rwxr-xr-x: Operation not permitted
build	Cache Android SDK	2026-06-06T12:22:55.7870033Z /usr/bin/tar: ../../../../../usr/local/lib/android/sdk/platforms/android-36/data/res/values-mcc310-mnc380-sq: Cannot utime: Operation not permitted
build	Cache Android SDK	2026-06-06T12:22:55.7870941Z /usr/bin/tar: ../../../../../usr/local/lib/android/sdk/platforms/android-36/data/res/values-mcc310-mnc380-sq: Cannot change mode to rwxr-xr-x: Operation not permitted
build	Cache Android SDK	2026-06-06T12:22:55.7873445Z /usr/bin/tar: ../../../../../usr/local/lib/android/sdk/platforms/android-36/data/res/values-it-feminine: Cannot utime: Operation not permitted
build	Cache Android SDK	2026-06-06T12:22:55.7874330Z /usr/bin/tar: ../../../../../usr/local/lib/android/sdk/platforms/android-36/data/res/values-it-feminine: Cannot change mode to rwxr-xr-x: Operation not permitted
build	Cache Android SDK	2026-06-06T12:22:55.7877341Z /usr/bin/tar: ../../../../../usr/local/lib/android/sdk/platforms/android-36/data/res/values-en-rIE: Cannot utime: Operation not permitted
build	Cache Android SDK	2026-06-06T12:22:55.7878293Z /usr/bin/tar: ../../../../../usr/local/lib/android/sdk/platforms/android-36/data/res/values-en-rIE: Cannot change mode to rwxr-xr-x: Operation not permitted
build	Cache Android SDK	2026-06-06T12:22:55.7880693Z /usr/bin/tar: ../../../../../usr/local/lib/android/sdk/platforms/android-36/data/res/values-mcc310-mnc250-zu: Cannot utime: Operation not permitted
build	Cache Android SDK	2026-06-06T12:22:55.7881702Z /usr/bin/tar: ../../../../../usr/local/lib/android/sdk/platforms/android-36/data/res/values-mcc310-mnc250-zu: Cannot change mode to rwxr-xr-x: Operation not permitted
build	Cache Android SDK	2026-06-06T12:22:55.7883811Z /usr/bin/tar: ../../../../../usr/local/lib/android/sdk/platforms/android-36/data/res/values-mcc310-mnc410-lo: Cannot utime: Operation not permitted
build	Cache Android SDK	2026-06-06T12:22:55.7884733Z /usr/bin/tar: ../../../../../usr/local/lib/android/sdk/platforms/android-36/data/res/values-mcc310-mnc410-lo: Cannot change mode to rwxr-xr-x: Operation not permitted
build	Cache Android SDK	2026-06-06T12:22:55.7888232Z /usr/bin/tar: ../../../../../usr/local/lib/android/sdk/platforms/android-36/data/res/values-kk-watch: Cannot utime: Operation not permitted
build	Cache Android SDK	2026-06-06T12:22:55.7889205Z /usr/bin/tar: ../../../../../usr/local/lib/android/sdk/platforms/android-36/data/res/values-kk-watch: Cannot change mode to rwxr-xr-x: Operation not permitted
build	Cache Android SDK	2026-06-06T12:22:55.7890409Z /usr/bin/tar: ../../../../../usr/local/lib/android/sdk/platforms/android-36/data/res/values-mcc432: Cannot utime: Operation not permitted
build	Cache Android SDK	2026-06-06T12:22:55.7891325Z /usr/bin/tar: ../../../../../usr/local/lib/android/sdk/platforms/android-36/data/res/values-mcc432: Cannot change mode to rwxr-xr-x: Operation not permitted
build	Cache Android SDK	2026-06-06T12:22:55.7893600Z /usr/bin/tar: ../../../../../usr/local/lib/android/sdk/platforms/android-36/data/res/values-mcc310-mnc380-ne: Cannot utime: Operation not permitted
build	Cache Android SDK	2026-06-06T12:22:55.7894507Z /usr/bin/tar: ../../../../../usr/local/lib/android/sdk/platforms/android-36/data/res/values-mcc310-mnc380-ne: Cannot change mode to rwxr-xr-x: Operation not permitted
build	Cache Android SDK	2026-06-06T12:22:55.7896580Z /usr/bin/tar: ../../../../../usr/local/lib/android/sdk/platforms/android-36/data/res/values-mcc001-mnc01-uz: Cannot utime: Operation not permitted
build	Cache Android SDK	2026-06-06T12:22:55.7897592Z /usr/bin/tar: ../../../../../usr/local/lib/android/sdk/platforms/android-36/data/res/values-mcc001-mnc01-uz: Cannot change mode to rwxr-xr-x: Operation not permitted
build	Cache Android SDK	2026-06-06T12:22:55.7899942Z /usr/bin/tar: ../../../../../usr/local/lib/android/sdk/platforms/android-36/data/res/values-mcc312-mnc670-it: Cannot utime: Operation not permitted
build	Cache Android SDK	2026-06-06T12:22:55.7900865Z /usr/bin/tar: ../../../../../usr/local/lib/android/sdk/platforms/android-36/data/res/values-mcc312-mnc670-it: Cannot change mode to rwxr-xr-x: Operation not permitted
build	Cache Android SDK	2026-06-06T12:22:55.7902786Z /usr/bin/tar: ../../../../../usr/local/lib/android/sdk/platforms/android-36/data/res/values-mcc722-mnc07: Cannot utime: Operation not permitted
build	Cache Android SDK	2026-06-06T12:22:55.7903685Z /usr/bin/tar: ../../../../../usr/local/lib/android/sdk/platforms/android-36/data/res/values-mcc722-mnc07: Cannot change mode to rwxr-xr-x: Operation not permitted
build	Cache Android SDK	2026-06-06T12:22:55.7905812Z /usr/bin/tar: ../../../../../usr/local/lib/android/sdk/platforms/android-36/data/res/values-mcc310-mnc310-eu: Cannot utime: Operation not permitted
build	Cache Android SDK	2026-06-06T12:22:55.7906719Z /usr/bin/tar: ../../../../../usr/local/lib/android/sdk/platforms/android-36/data/res/values-mcc310-mnc310-eu: Cannot change mode to rwxr-xr-x: Operation not permitted
build	Cache Android SDK	2026-06-06T12:22:55.7908748Z /usr/bin/tar: ../../../../../usr/local/lib/android/sdk/platforms/android-36/data/res/values-mcc235-mnc94: Cannot utime: Operation not permitted
build	Cache Android SDK	2026-06-06T12:22:55.7909718Z /usr/bin/tar: ../../../../../usr/local/lib/android/sdk/platforms/android-36/data/res/values-mcc235-mnc94: Cannot change mode to rwxr-xr-x: Operation not permitted
build	Cache Android SDK	2026-06-06T12:22:55.7911764Z /usr/bin/tar: ../../../../../usr/local/lib/android/sdk/platforms/android-36/data/res/values-mcc311-mnc180-sk: Cannot utime: Operation not permitted
build	Cache Android SDK	2026-06-06T12:22:55.7914812Z /usr/bin/tar: ../../../../../usr/local/lib/android/sdk/platforms/android-36/data/res/values-mcc311-mnc180-sk: Cannot change mode to rwxr-xr-x: Operation not permitted
build	Cache Android SDK	2026-06-06T12:22:55.7915826Z /usr/bin/tar: ../../../../../usr/local/lib/android/sdk/platforms/android-36/data/res/values-mcc310-mnc170-es: Cannot utime: Operation not permitted
build	Cache Android SDK	2026-06-06T12:22:55.7916788Z /usr/bin/tar: ../../../../../usr/local/lib/android/sdk/platforms/android-36/data/res/values-mcc310-mnc170-es: Cannot change mode to rwxr-xr-x: Operation not permitted
build	Cache Android SDK	2026-06-06T12:22:55.7918600Z /usr/bin/tar: ../../../../../usr/local/lib/android/sdk/platforms/android-36/data/res/values-mcc310-mnc240-my: Cannot utime: Operation not permitted
build	Cache Android SDK	2026-06-06T12:22:55.7920032Z /usr/bin/tar: ../../../../../usr/local/lib/android/sdk/platforms/android-36/data/res/values-mcc310-mnc240-my: Cannot change mode to rwxr-xr-x: Operation not permitted
build	Cache Android SDK	2026-06-06T12:22:55.7923621Z /usr/bin/tar: ../../../../../usr/local/lib/android/sdk/platforms/android-36/data/res/values-am-television: Cannot utime: Operation not permitted
build	Cache Android SDK	2026-06-06T12:22:55.7924609Z /usr/bin/tar: ../../../../../usr/local/lib/android/sdk/platforms/android-36/data/res/values-am-television: Cannot change mode to rwxr-xr-x: Operation not permitted
build	Cache Android SDK	2026-06-06T12:22:55.7926663Z /usr/bin/tar: ../../../../../usr/local/lib/android/sdk/platforms/android-36/data/res/values-mcc302-mnc370-in: Cannot utime: Operation not permitted
build	Cache Android SDK	2026-06-06T12:22:55.7927787Z /usr/bin/tar: ../../../../../usr/local/lib/android/sdk/platforms/android-36/data/res/values-mcc302-mnc370-in: Cannot change mode to rwxr-xr-x: Operation not permitted
build	Cache Android SDK	2026-06-06T12:22:55.7930442Z /usr/bin/tar: ../../../../../usr/local/lib/android/sdk/platforms/android-36/data/res/values-mcc310-mnc270-ml: Cannot utime: Operation not permitted
build	Cache Android SDK	2026-06-06T12:22:55.7931388Z /usr/bin/tar: ../../../../../usr/local/lib/android/sdk/platforms/android-36/data/res/values-mcc310-mnc270-ml: Cannot change mode to rwxr-xr-x: Operation not permitted
build	Cache Android SDK	2026-06-06T12:22:55.7933867Z /usr/bin/tar: ../../../../../usr/local/lib/android/sdk/platforms/android-36/data/res/values-mcc302-mnc370-ru: Cannot utime: Operation not permitted
build	Cache Android SDK	2026-06-06T12:22:55.7935338Z /usr/bin/tar: ../../../../../usr/local/lib/android/sdk/platforms/android-36/data/res/values-mcc302-mnc370-ru: Cannot change mode to rwxr-xr-x: Operation not permitted
build	Cache Android SDK	2026-06-06T12:22:55.7937753Z /usr/bin/tar: ../../../../../usr/local/lib/android/sdk/platforms/android-36/data/res/values-mcc310-mnc950-ro: Cannot utime: Operation not permitted
build	Cache Android SDK	2026-06-06T12:22:55.7938691Z /usr/bin/tar: ../../../../../usr/local/lib/android/sdk/platforms/android-36/data/res/values-mcc310-mnc950-ro: Cannot change mode to rwxr-xr-x: Operation not permitted
build	Cache Android SDK	2026-06-06T12:22:55.7940111Z /usr/bin/tar: ../../../../../usr/local/lib/android/sdk/platforms/android-36/data/res/values-te-watch: Cannot utime: Operation not permitted
build	Cache Android SDK	2026-06-06T12:22:55.7941001Z /usr/bin/tar: ../../../../../usr/local/lib/android/sdk/platforms/android-36/data/res/values-te-watch: Cannot change mode to rwxr-xr-x: Operation not permitted
build	Cache Android SDK	2026-06-06T12:22:55.7943356Z /usr/bin/tar: ../../../../../usr/local/lib/android/sdk/platforms/android-36/data/res/values-mcc310-mnc410-pl: Cannot utime: Operation not permitted
build	Cache Android SDK	2026-06-06T12:22:55.7944292Z /usr/bin/tar: ../../../../../usr/local/lib/android/sdk/platforms/android-36/data/res/values-mcc310-mnc410-pl: Cannot change mode to rwxr-xr-x: Operation not permitted
build	Cache Android SDK	2026-06-06T12:22:55.7946791Z /usr/bin/tar: ../../../../../usr/local/lib/android/sdk/platforms/android-36/data/res/values-mcc310-mnc220-is: Cannot utime: Operation not permitted
build	Cache Android SDK	2026-06-06T12:22:55.7947803Z /usr/bin/tar: ../../../../../usr/local/lib/android/sdk/platforms/android-36/data/res/values-mcc310-mnc220-is: Cannot change mode to rwxr-xr-x: Operation not permitted
build	Cache Android SDK	2026-06-06T12:22:55.7950005Z /usr/bin/tar: ../../../../../usr/local/lib/android/sdk/platforms/android-36/data/res/values-mcc310-mnc170-nl: Cannot utime: Operation not permitted
build	Cache Android SDK	2026-06-06T12:22:55.7951058Z /usr/bin/tar: ../../../../../usr/local/lib/android/sdk/platforms/android-36/data/res/values-mcc310-mnc170-nl: Cannot change mode to rwxr-xr-x: Operation not permitted
build	Cache Android SDK	2026-06-06T12:22:55.7952841Z /usr/bin/tar: ../../../../../usr/local/lib/android/sdk/platforms/android-36/data/res/values-mcc310-mnc380-el: Cannot utime: Operation not permitted
build	Cache Android SDK	2026-06-06T12:22:55.7953875Z /usr/bin/tar: ../../../../../usr/local/lib/android/sdk/platforms/android-36/data/res/values-mcc310-mnc380-el: Cannot change mode to rwxr-xr-x: Operation not permitted
build	Cache Android SDK	2026-06-06T12:22:55.7955744Z /usr/bin/tar: ../../../../../usr/local/lib/android/sdk/platforms/android-36/data/res/values-mcc334-mnc020-lt: Cannot utime: Operation not permitted
build	Cache Android SDK	2026-06-06T12:22:55.7956664Z /usr/bin/tar: ../../../../../usr/local/lib/android/sdk/platforms/android-36/data/res/values-mcc334-mnc020-lt: Cannot change mode to rwxr-xr-x: Operation not permitted
build	Cache Android SDK	2026-06-06T12:22:55.7960370Z /usr/bin/tar: ../../../../../usr/local/lib/android/sdk/platforms/android-36/data/res/values-mcc302-mnc370-si: Cannot utime: Operation not permitted
build	Cache Android SDK	2026-06-06T12:22:55.7961499Z /usr/bin/tar: ../../../../../usr/local/lib/android/sdk/platforms/android-36/data/res/values-mcc302-mnc370-si: Cannot change mode to rwxr-xr-x: Operation not permitted
build	Cache Android SDK	2026-06-06T12:22:55.7967493Z /usr/bin/tar: ../../../../../usr/local/lib/android/sdk/platforms/android-36/data/res/drawable-land-xhdpi: Cannot utime: Operation not permitted
build	Cache Android SDK	2026-06-06T12:22:55.7968717Z /usr/bin/tar: ../../../../../usr/local/lib/android/sdk/platforms/android-36/data/res/drawable-land-xhdpi: Cannot change mode to rwxr-xr-x: Operation not permitted
build	Cache Android SDK	2026-06-06T12:22:55.7970892Z /usr/bin/tar: ../../../../../usr/local/lib/android/sdk/platforms/android-36/data/res/values-mcc310-mnc560-ko: Cannot utime: Operation not permitted
build	Cache Android SDK	2026-06-06T12:22:55.7971960Z /usr/bin/tar: ../../../../../usr/local/lib/android/sdk/platforms/android-36/data/res/values-mcc310-mnc560-ko: Cannot change mode to rwxr-xr-x: Operation not permitted
build	Cache Android SDK	2026-06-06T12:22:55.7973555Z /usr/bin/tar: ../../../../../usr/local/lib/android/sdk/platforms/android-36/data/res/values-ms-rMY: Cannot utime: Operation not permitted
build	Cache Android SDK	2026-06-06T12:22:55.7974516Z /usr/bin/tar: ../../../../../usr/local/lib/android/sdk/platforms/android-36/data/res/values-ms-rMY: Cannot change mode to rwxr-xr-x: Operation not permitted
build	Cache Android SDK	2026-06-06T12:22:55.7976963Z /usr/bin/tar: ../../../../../usr/local/lib/android/sdk/platforms/android-36/data/res/values-mcc310-mnc230-de: Cannot utime: Operation not permitted
build	Cache Android SDK	2026-06-06T12:22:55.7978366Z /usr/bin/tar: ../../../../../usr/local/lib/android/sdk/platforms/android-36/data/res/values-mcc310-mnc230-de: Cannot change mode to rwxr-xr-x: Operation not permitted
build	Cache Android SDK	2026-06-06T12:22:55.7979907Z /usr/bin/tar: ../../../../../usr/local/lib/android/sdk/platforms/android-36/data/res/values-mcc310-mnc280-zu: Cannot utime: Operation not permitted
build	Cache Android SDK	2026-06-06T12:22:55.7981018Z /usr/bin/tar: ../../../../../usr/local/lib/android/sdk/platforms/android-36/data/res/values-mcc310-mnc280-zu: Cannot change mode to rwxr-xr-x: Operation not permitted
build	Cache Android SDK	2026-06-06T12:22:55.7982831Z /usr/bin/tar: ../../../../../usr/local/lib/android/sdk/platforms/android-36/data/res/values-mcc310-mnc230-tl: Cannot utime: Operation not permitted
build	Cache Android SDK	2026-06-06T12:22:55.7983810Z /usr/bin/tar: ../../../../../usr/local/lib/android/sdk/platforms/android-36/data/res/values-mcc310-mnc230-tl: Cannot change mode to rwxr-xr-x: Operation not permitted
build	Cache Android SDK	2026-06-06T12:22:55.7985505Z /usr/bin/tar: ../../../../../usr/local/lib/android/sdk/platforms/android-36/data/res/values-mcc310-mnc280-bs: Cannot utime: Operation not permitted
build	Cache Android SDK	2026-06-06T12:22:55.7986472Z /usr/bin/tar: ../../../../../usr/local/lib/android/sdk/platforms/android-36/data/res/values-mcc310-mnc280-bs: Cannot change mode to rwxr-xr-x: Operation not permitted
build	Cache Android SDK	2026-06-06T12:22:55.7989217Z /usr/bin/tar: ../../../../../usr/local/lib/android/sdk/platforms/android-36/data/res/values-mcc310-mnc230-af: Cannot utime: Operation not permitted
build	Cache Android SDK	2026-06-06T12:22:55.7990209Z /usr/bin/tar: ../../../../../usr/local/lib/android/sdk/platforms/android-36/data/res/values-mcc310-mnc230-af: Cannot change mode to rwxr-xr-x: Operation not permitted
build	Cache Android SDK	2026-06-06T12:22:55.7991993Z /usr/bin/tar: ../../../../../usr/local/lib/android/sdk/platforms/android-36/data/res/values-mcc310-mnc160-mk: Cannot utime: Operation not permitted
build	Cache Android SDK	2026-06-06T12:22:55.7992980Z /usr/bin/tar: ../../../../../usr/local/lib/android/sdk/platforms/android-36/data/res/values-mcc310-mnc160-mk: Cannot change mode to rwxr-xr-x: Operation not permitted
build	Cache Android SDK	2026-06-06T12:22:55.7995292Z /usr/bin/tar: ../../../../../usr/local/lib/android/sdk/platforms/android-36/data/res/values-mcc312-mnc670-bg: Cannot utime: Operation not permitted
build	Cache Android SDK	2026-06-06T12:22:55.7996368Z /usr/bin/tar: ../../../../../usr/local/lib/android/sdk/platforms/android-36/data/res/values-mcc312-mnc670-bg: Cannot change mode to rwxr-xr-x: Operation not permitted
build	Cache Android SDK	2026-06-06T12:22:55.7998064Z /usr/bin/tar: ../../../../../usr/local/lib/android/sdk/platforms/android-36/data/res/values-mcc312-mnc670-pa: Cannot utime: Operation not permitted
build	Cache Android SDK	2026-06-06T12:22:55.7999843Z /usr/bin/tar: ../../../../../usr/local/lib/android/sdk/platforms/android-36/data/res/values-mcc312-mnc670-pa: Cannot change mode to rwxr-xr-x: Operation not permitted
build	Cache Android SDK	2026-06-06T12:22:55.8001305Z /usr/bin/tar: ../../../../../usr/local/lib/android/sdk/platforms/android-36/data/res/values-w192dp: Cannot utime: Operation not permitted
build	Cache Android SDK	2026-06-06T12:22:55.8002243Z /usr/bin/tar: ../../../../../usr/local/lib/android/sdk/platforms/android-36/data/res/values-w192dp: Cannot change mode to rwxr-xr-x: Operation not permitted
build	Cache Android SDK	2026-06-06T12:22:55.8004586Z /usr/bin/tar: ../../../../../usr/local/lib/android/sdk/platforms/android-36/data/res/values-mcc310-mnc170-my: Cannot utime: Operation not permitted
build	Cache Android SDK	2026-06-06T12:22:55.8005561Z /usr/bin/tar: ../../../../../usr/local/lib/android/sdk/platforms/android-36/data/res/values-mcc310-mnc170-my: Cannot change mode to rwxr-xr-x: Operation not permitted
build	Cache Android SDK	2026-06-06T12:22:55.8007656Z /usr/bin/tar: ../../../../../usr/local/lib/android/sdk/platforms/android-36/data/res/values-sw720dp-land: Cannot utime: Operation not permitted
build	Cache Android SDK	2026-06-06T12:22:55.8008677Z /usr/bin/tar: ../../../../../usr/local/lib/android/sdk/platforms/android-36/data/res/values-sw720dp-land: Cannot change mode to rwxr-xr-x: Operation not permitted
build	Cache Android SDK	2026-06-06T12:22:55.8010374Z /usr/bin/tar: ../../../../../usr/local/lib/android/sdk/platforms/android-36/data/res/values-mcc310-mnc200-en-rAU: Cannot utime: Operation not permitted
build	Cache Android SDK	2026-06-06T12:22:55.8012156Z /usr/bin/tar: ../../../../../usr/local/lib/android/sdk/platforms/android-36/data/res/values-mcc310-mnc200-en-rAU: Cannot change mode to rwxr-xr-x: Operation not permitted
build	Cache Android SDK	2026-06-06T12:22:55.8013634Z /usr/bin/tar: ../../../../../usr/local/lib/android/sdk/platforms/android-36/data/res/values-mcc312-mnc670-pl: Cannot utime: Operation not permitted
build	Cache Android SDK	2026-06-06T12:22:55.8014750Z /usr/bin/tar: ../../../../../usr/local/lib/android/sdk/platforms/android-36/data/res/values-mcc312-mnc670-pl: Cannot change mode to rwxr-xr-x: Operation not permitted
build	Cache Android SDK	2026-06-06T12:22:55.8016182Z /usr/bin/tar: ../../../../../usr/local/lib/android/sdk/platforms/android-36/data/res/values-mcc310-mnc120: Cannot utime: Operation not permitted
build	Cache Android SDK	2026-06-06T12:22:55.8017145Z /usr/bin/tar: ../../../../../usr/local/lib/android/sdk/platforms/android-36/data/res/values-mcc310-mnc120: Cannot change mode to rwxr-xr-x: Operation not permitted
build	Cache Android SDK	2026-06-06T12:22:55.8019397Z /usr/bin/tar: ../../../../../usr/local/lib/android/sdk/platforms/android-36/data/res/values-mcc310-mnc950-b+sr+Latn: Cannot utime: Operation not permitted
build	Cache Android SDK	2026-06-06T12:22:55.8020368Z /usr/bin/tar: ../../../../../usr/local/lib/android/sdk/platforms/android-36/data/res/values-mcc310-mnc950-b+sr+Latn: Cannot change mode to rwxr-xr-x: Operation not permitted
build	Cache Android SDK	2026-06-06T12:22:55.8022389Z /usr/bin/tar: ../../../../../usr/local/lib/android/sdk/platforms/android-36/data/res/values-mcc310-mnc490-ne: Cannot utime: Operation not permitted
build	Cache Android SDK	2026-06-06T12:22:55.8023299Z /usr/bin/tar: ../../../../../usr/local/lib/android/sdk/platforms/android-36/data/res/values-mcc310-mnc490-ne: Cannot change mode to rwxr-xr-x: Operation not permitted
build	Cache Android SDK	2026-06-06T12:22:55.8025893Z /usr/bin/tar: ../../../../../usr/local/lib/android/sdk/platforms/android-36/data/res/values-mcc310-mnc230: Cannot utime: Operation not permitted
build	Cache Android SDK	2026-06-06T12:22:55.8026857Z /usr/bin/tar: ../../../../../usr/local/lib/android/sdk/platforms/android-36/data/res/values-mcc310-mnc230: Cannot change mode to rwxr-xr-x: Operation not permitted
build	Cache Android SDK	2026-06-06T12:22:55.8030293Z /usr/bin/tar: ../../../../../usr/local/lib/android/sdk/platforms/android-36/data/res/values-mcc310-mnc230-am: Cannot utime: Operation not permitted
build	Cache Android SDK	2026-06-06T12:22:55.8031293Z /usr/bin/tar: ../../../../../usr/local/lib/android/sdk/platforms/android-36/data/res/values-mcc310-mnc230-am: Cannot change mode to rwxr-xr-x: Operation not permitted
build	Cache Android SDK	2026-06-06T12:22:55.8032709Z /usr/bin/tar: ../../../../../usr/local/lib/android/sdk/platforms/android-36/data/res/raw-zh-rTW: Cannot utime: Operation not permitted
build	Cache Android SDK	2026-06-06T12:22:55.8033657Z /usr/bin/tar: ../../../../../usr/local/lib/android/sdk/platforms/android-36/data/res/raw-zh-rTW: Cannot change mode to rwxr-xr-x: Operation not permitted
build	Cache Android SDK	2026-06-06T12:22:55.8035826Z /usr/bin/tar: ../../../../../usr/local/lib/android/sdk/platforms/android-36/data/res/values-mcc310-mnc160-sv: Cannot utime: Operation not permitted
build	Cache Android SDK	2026-06-06T12:22:55.8036758Z /usr/bin/tar: ../../../../../usr/local/lib/android/sdk/platforms/android-36/data/res/values-mcc310-mnc160-sv: Cannot change mode to rwxr-xr-x: Operation not permitted
build	Cache Android SDK	2026-06-06T12:22:55.8038929Z /usr/bin/tar: ../../../../../usr/local/lib/android/sdk/platforms/android-36/data/res/values-mcc001-mnc01-et: Cannot utime: Operation not permitted
build	Cache Android SDK	2026-06-06T12:22:55.8039852Z /usr/bin/tar: ../../../../../usr/local/lib/android/sdk/platforms/android-36/data/res/values-mcc001-mnc01-et: Cannot change mode to rwxr-xr-x: Operation not permitted
build	Cache Android SDK	2026-06-06T12:22:55.8043633Z /usr/bin/tar: ../../../../../usr/local/lib/android/sdk/platforms/android-36/data/res/values-es-rGT: Cannot utime: Operation not permitted
build	Cache Android SDK	2026-06-06T12:22:55.8044591Z /usr/bin/tar: ../../../../../usr/local/lib/android/sdk/platforms/android-36/data/res/values-es-rGT: Cannot change mode to rwxr-xr-x: Operation not permitted
build	Cache Android SDK	2026-06-06T12:22:55.8045902Z /usr/bin/tar: ../../../../../usr/local/lib/android/sdk/platforms/android-36/data/res/values-mcc310-mnc030-en-rIN: Cannot utime: Operation not permitted
build	Cache Android SDK	2026-06-06T12:22:55.8046870Z /usr/bin/tar: ../../../../../usr/local/lib/android/sdk/platforms/android-36/data/res/values-mcc310-mnc030-en-rIN: Cannot change mode to rwxr-xr-x: Operation not permitted
build	Cache Android SDK	2026-06-06T12:22:55.8048766Z /usr/bin/tar: ../../../../../usr/local/lib/android/sdk/platforms/android-36/data/res/values-mcc311-mnc180-el: Cannot utime: Operation not permitted
build	Cache Android SDK	2026-06-06T12:22:55.8049678Z /usr/bin/tar: ../../../../../usr/local/lib/android/sdk/platforms/android-36/data/res/values-mcc311-mnc180-el: Cannot change mode to rwxr-xr-x: Operation not permitted
build	Cache Android SDK	2026-06-06T12:22:55.8051565Z /usr/bin/tar: ../../../../../usr/local/lib/android/sdk/platforms/android-36/data/res/values-mcc310-mnc160-en-rAU: Cannot utime: Operation not permitted
build	Cache Android SDK	2026-06-06T12:22:55.8052509Z /usr/bin/tar: ../../../../../usr/local/lib/android/sdk/platforms/android-36/data/res/values-mcc310-mnc160-en-rAU: Cannot change mode to rwxr-xr-x: Operation not permitted
build	Cache Android SDK	2026-06-06T12:22:55.8054922Z /usr/bin/tar: ../../../../../usr/local/lib/android/sdk/platforms/android-36/data/res/values-mcc302-mnc370-mn: Cannot utime: Operation not permitted
build	Cache Android SDK	2026-06-06T12:22:55.8055840Z /usr/bin/tar: ../../../../../usr/local/lib/android/sdk/platforms/android-36/data/res/values-mcc302-mnc370-mn: Cannot change mode to rwxr-xr-x: Operation not permitted
build	Cache Android SDK	2026-06-06T12:22:55.8057994Z /usr/bin/tar: ../../../../../usr/local/lib/android/sdk/platforms/android-36/data/res/values-ja-television: Cannot utime: Operation not permitted
build	Cache Android SDK	2026-06-06T12:22:55.8058900Z /usr/bin/tar: ../../../../../usr/local/lib/android/sdk/platforms/android-36/data/res/values-ja-television: Cannot change mode to rwxr-xr-x: Operation not permitted
build	Cache Android SDK	2026-06-06T12:22:55.8061183Z /usr/bin/tar: ../../../../../usr/local/lib/android/sdk/platforms/android-36/data/res/values-mcc310-mnc250-lo: Cannot utime: Operation not permitted
build	Cache Android SDK	2026-06-06T12:22:55.8062189Z /usr/bin/tar: ../../../../../usr/local/lib/android/sdk/platforms/android-36/data/res/values-mcc310-mnc250-lo: Cannot change mode to rwxr-xr-x: Operation not permitted
build	Cache Android SDK	2026-06-06T12:22:55.8064598Z /usr/bin/tar: ../../../../../usr/local/lib/android/sdk/platforms/android-36/data/res/values-mcc310-mnc410-kn: Cannot utime: Operation not permitted
build	Cache Android SDK	2026-06-06T12:22:55.8065514Z /usr/bin/tar: ../../../../../usr/local/lib/android/sdk/platforms/android-36/data/res/values-mcc310-mnc410-kn: Cannot change mode to rwxr-xr-x: Operation not permitted
build	Cache Android SDK	2026-06-06T12:22:55.8067690Z /usr/bin/tar: ../../../../../usr/local/lib/android/sdk/platforms/android-36/data/res/values-mcc310-mnc380-es: Cannot utime: Operation not permitted
build	Cache Android SDK	2026-06-06T12:22:55.8068604Z /usr/bin/tar: ../../../../../usr/local/lib/android/sdk/platforms/android-36/data/res/values-mcc310-mnc380-es: Cannot change mode to rwxr-xr-x: Operation not permitted
build	Cache Android SDK	2026-06-06T12:22:55.8070698Z /usr/bin/tar: ../../../../../usr/local/lib/android/sdk/platforms/android-36/data/res/values-mcc310-mnc160-iw: Cannot utime: Operation not permitted
build	Cache Android SDK	2026-06-06T12:22:55.8071612Z /usr/bin/tar: ../../../../../usr/local/lib/android/sdk/platforms/android-36/data/res/values-mcc310-mnc160-iw: Cannot change mode to rwxr-xr-x: Operation not permitted
build	Cache Android SDK	2026-06-06T12:22:55.8073888Z /usr/bin/tar: ../../../../../usr/local/lib/android/sdk/platforms/android-36/data/res/values-mcc310-mnc380-zh-rHK: Cannot utime: Operation not permitted
build	Cache Android SDK	2026-06-06T12:22:55.8074825Z /usr/bin/tar: ../../../../../usr/local/lib/android/sdk/platforms/android-36/data/res/values-mcc310-mnc380-zh-rHK: Cannot change mode to rwxr-xr-x: Operation not permitted
build	Cache Android SDK	2026-06-06T12:22:55.8076981Z /usr/bin/tar: ../../../../../usr/local/lib/android/sdk/platforms/android-36/data/res/values-mcc310-mnc280-ur: Cannot utime: Operation not permitted
build	Cache Android SDK	2026-06-06T12:22:55.8078136Z /usr/bin/tar: ../../../../../usr/local/lib/android/sdk/platforms/android-36/data/res/values-mcc310-mnc280-ur: Cannot change mode to rwxr-xr-x: Operation not permitted
build	Cache Android SDK	2026-06-06T12:22:55.8080244Z /usr/bin/tar: ../../../../../usr/local/lib/android/sdk/platforms/android-36/data/res/values-mcc310-mnc200-kk: Cannot utime: Operation not permitted
build	Cache Android SDK	2026-06-06T12:22:55.8081228Z /usr/bin/tar: ../../../../../usr/local/lib/android/sdk/platforms/android-36/data/res/values-mcc310-mnc200-kk: Cannot change mode to rwxr-xr-x: Operation not permitted
build	Cache Android SDK	2026-06-06T12:22:55.8083299Z /usr/bin/tar: ../../../../../usr/local/lib/android/sdk/platforms/android-36/data/res/values-es-rNI: Cannot utime: Operation not permitted
build	Cache Android SDK	2026-06-06T12:22:55.8084165Z /usr/bin/tar: ../../../../../usr/local/lib/android/sdk/platforms/android-36/data/res/values-es-rNI: Cannot change mode to rwxr-xr-x: Operation not permitted
build	Cache Android SDK	2026-06-06T12:22:55.8087570Z /usr/bin/tar: ../../../../../usr/local/lib/android/sdk/platforms/android-36/data/res/values-mcc310-mnc170-bg: Cannot utime: Operation not permitted
build	Cache Android SDK	2026-06-06T12:22:55.8088642Z /usr/bin/tar: ../../../../../usr/local/lib/android/sdk/platforms/android-36/data/res/values-mcc310-mnc170-bg: Cannot change mode to rwxr-xr-x: Operation not permitted
build	Cache Android SDK	2026-06-06T12:22:55.8090920Z /usr/bin/tar: ../../../../../usr/local/lib/android/sdk/platforms/android-36/data/res/values-nb-television: Cannot utime: Operation not permitted
build	Cache Android SDK	2026-06-06T12:22:55.8091848Z /usr/bin/tar: ../../../../../usr/local/lib/android/sdk/platforms/android-36/data/res/values-nb-television: Cannot change mode to rwxr-xr-x: Operation not permitted
build	Cache Android SDK	2026-06-06T12:22:55.8093933Z /usr/bin/tar: ../../../../../usr/local/lib/android/sdk/platforms/android-36/data/res/values-mcc310-mnc380-in: Cannot utime: Operation not permitted
build	Cache Android SDK	2026-06-06T12:22:55.8094848Z /usr/bin/tar: ../../../../../usr/local/lib/android/sdk/platforms/android-36/data/res/values-mcc310-mnc380-in: Cannot change mode to rwxr-xr-x: Operation not permitted
build	Cache Android SDK	2026-06-06T12:22:55.8096918Z /usr/bin/tar: ../../../../../usr/local/lib/android/sdk/platforms/android-36/data/res/values-zh-rTW-television: Cannot utime: Operation not permitted
build	Cache Android SDK	2026-06-06T12:22:55.8098255Z /usr/bin/tar: ../../../../../usr/local/lib/android/sdk/platforms/android-36/data/res/values-zh-rTW-television: Cannot change mode to rwxr-xr-x: Operation not permitted
build	Cache Android SDK	2026-06-06T12:22:55.8099711Z /usr/bin/tar: ../../../../../usr/local/lib/android/sdk/platforms/android-36/data/res/values-mcc310-mnc380-pt: Cannot utime: Operation not permitted
build	Cache Android SDK	2026-06-06T12:22:55.8100633Z /usr/bin/tar: ../../../../../usr/local/lib/android/sdk/platforms/android-36/data/res/values-mcc310-mnc380-pt: Cannot change mode to rwxr-xr-x: Operation not permitted
build	Cache Android SDK	2026-06-06T12:22:55.8102720Z /usr/bin/tar: ../../../../../usr/local/lib/android/sdk/platforms/android-36/data/res/values-mcc310-mnc560-kn: Cannot utime: Operation not permitted
build	Cache Android SDK	2026-06-06T12:22:55.8105586Z /usr/bin/tar: ../../../../../usr/local/lib/android/sdk/platforms/android-36/data/res/values-mcc310-mnc560-kn: Cannot change mode to rwxr-xr-x: Operation not permitted
build	Cache Android SDK	2026-06-06T12:22:55.8106567Z /usr/bin/tar: ../../../../../usr/local/lib/android/sdk/platforms/android-36/data/res/values-mcc310-mnc490-am: Cannot utime: Operation not permitted
build	Cache Android SDK	2026-06-06T12:22:55.8107851Z /usr/bin/tar: ../../../../../usr/local/lib/android/sdk/platforms/android-36/data/res/values-mcc310-mnc490-am: Cannot change mode to rwxr-xr-x: Operation not permitted
build	Cache Android SDK	2026-06-06T12:22:55.8109255Z /usr/bin/tar: ../../../../../usr/local/lib/android/sdk/platforms/android-36/data/res/values-mcc310-mnc490-sl: Cannot utime: Operation not permitted
build	Cache Android SDK	2026-06-06T12:22:55.8110283Z /usr/bin/tar: ../../../../../usr/local/lib/android/sdk/platforms/android-36/data/res/values-mcc310-mnc490-sl: Cannot change mode to rwxr-xr-x: Operation not permitted
build	Cache Android SDK	2026-06-06T12:22:55.8111712Z /usr/bin/tar: ../../../../../usr/local/lib/android/sdk/platforms/android-36/data/res/values-mcc310-mnc160-ur: Cannot utime: Operation not permitted
build	Cache Android SDK	2026-06-06T12:22:55.8112655Z /usr/bin/tar: ../../../../../usr/local/lib/android/sdk/platforms/android-36/data/res/values-mcc310-mnc160-ur: Cannot change mode to rwxr-xr-x: Operation not permitted
build	Cache Android SDK	2026-06-06T12:22:55.8181675Z /usr/bin/tar: ../../../../../usr/local/lib/android/sdk/platforms/android-36/data/res/drawable-xxxhdpi: Cannot utime: Operation not permitted
build	Cache Android SDK	2026-06-06T12:22:55.8182676Z /usr/bin/tar: ../../../../../usr/local/lib/android/sdk/platforms/android-36/data/res/drawable-xxxhdpi: Cannot change mode to rwxr-xr-x: Operation not permitted
build	Cache Android SDK	2026-06-06T12:22:55.8184229Z /usr/bin/tar: ../../../../../usr/local/lib/android/sdk/platforms/android-36/data/res/values-mcc310-mnc210-af: Cannot utime: Operation not permitted
build	Cache Android SDK	2026-06-06T12:22:55.8185151Z /usr/bin/tar: ../../../../../usr/local/lib/android/sdk/platforms/android-36/data/res/values-mcc310-mnc210-af: Cannot change mode to rwxr-xr-x: Operation not permitted
build	Cache Android SDK	2026-06-06T12:22:55.8187287Z /usr/bin/tar: ../../../../../usr/local/lib/android/sdk/platforms/android-36/data/res/values-mcc310-mnc270-ky: Cannot utime: Operation not permitted
build	Cache Android SDK	2026-06-06T12:22:55.8188328Z /usr/bin/tar: ../../../../../usr/local/lib/android/sdk/platforms/android-36/data/res/values-mcc310-mnc270-ky: Cannot change mode to rwxr-xr-x: Operation not permitted
build	Cache Android SDK	2026-06-06T12:22:55.8190439Z /usr/bin/tar: ../../../../../usr/local/lib/android/sdk/platforms/android-36/data/res/values-mcc302-mnc720-te: Cannot utime: Operation not permitted
build	Cache Android SDK	2026-06-06T12:22:55.8191345Z /usr/bin/tar: ../../../../../usr/local/lib/android/sdk/platforms/android-36/data/res/values-mcc302-mnc720-te: Cannot change mode to rwxr-xr-x: Operation not permitted
build	Cache Android SDK	2026-06-06T12:22:55.8194318Z /usr/bin/tar: ../../../../../usr/local/lib/android/sdk/platforms/android-36/data/res/values-mcc312-mnc670-en-rIN: Cannot utime: Operation not permitted
build	Cache Android SDK	2026-06-06T12:22:55.8195261Z /usr/bin/tar: ../../../../../usr/local/lib/android/sdk/platforms/android-36/data/res/values-mcc312-mnc670-en-rIN: Cannot change mode to rwxr-xr-x: Operation not permitted
build	Cache Android SDK	2026-06-06T12:22:55.8197805Z /usr/bin/tar: ../../../../../usr/local/lib/android/sdk/platforms/android-36/data/res/values-mr-watch: Cannot utime: Operation not permitted
build	Cache Android SDK	2026-06-06T12:22:55.8198825Z /usr/bin/tar: ../../../../../usr/local/lib/android/sdk/platforms/android-36/data/res/values-mr-watch: Cannot change mode to rwxr-xr-x: Operation not permitted
build	Cache Android SDK	2026-06-06T12:22:55.8200701Z /usr/bin/tar: ../../../../../usr/local/lib/android/sdk/platforms/android-36/data/res/values-mcc310-mnc160-hi: Cannot utime: Operation not permitted
build	Cache Android SDK	2026-06-06T12:22:55.8201613Z /usr/bin/tar: ../../../../../usr/local/lib/android/sdk/platforms/android-36/data/res/values-mcc310-mnc160-hi: Cannot change mode to rwxr-xr-x: Operation not permitted
build	Cache Android SDK	2026-06-06T12:22:55.8203820Z /usr/bin/tar: ../../../../../usr/local/lib/android/sdk/platforms/android-36/data/res/values-mcc334-mnc020-fr-rCA: Cannot utime: Operation not permitted
build	Cache Android SDK	2026-06-06T12:22:55.8204762Z /usr/bin/tar: ../../../../../usr/local/lib/android/sdk/platforms/android-36/data/res/values-mcc334-mnc020-fr-rCA: Cannot change mode to rwxr-xr-x: Operation not permitted
build	Cache Android SDK	2026-06-06T12:22:55.8206705Z /usr/bin/tar: ../../../../../usr/local/lib/android/sdk/platforms/android-36/data/res/values-mcc302-mnc720-lv: Cannot utime: Operation not permitted
build	Cache Android SDK	2026-06-06T12:22:55.8207852Z /usr/bin/tar: ../../../../../usr/local/lib/android/sdk/platforms/android-36/data/res/values-mcc302-mnc720-lv: Cannot change mode to rwxr-xr-x: Operation not permitted
build	Cache Android SDK	2026-06-06T12:22:55.8210227Z /usr/bin/tar: ../../../../../usr/local/lib/android/sdk/platforms/android-36/data/res/values-mcc334-mnc020-pl: Cannot utime: Operation not permitted
build	Cache Android SDK	2026-06-06T12:22:55.8212028Z /usr/bin/tar: ../../../../../usr/local/lib/android/sdk/platforms/android-36/data/res/values-mcc334-mnc020-pl: Cannot change mode to rwxr-xr-x: Operation not permitted
build	Cache Android SDK	2026-06-06T12:22:55.8213250Z /usr/bin/tar: ../../../../../usr/local/lib/android/sdk/platforms/android-36/data/res/values-mcc310-mnc230-zh-rTW: Cannot utime: Operation not permitted
build	Cache Android SDK	2026-06-06T12:22:55.8214336Z /usr/bin/tar: ../../../../../usr/local/lib/android/sdk/platforms/android-36/data/res/values-mcc310-mnc230-zh-rTW: Cannot change mode to rwxr-xr-x: Operation not permitted
build	Cache Android SDK	2026-06-06T12:22:55.8216621Z /usr/bin/tar: ../../../../../usr/local/lib/android/sdk/platforms/android-36/data/res/values-mcc311-mnc180-pt-rBR: Cannot utime: Operation not permitted
build	Cache Android SDK	2026-06-06T12:22:55.8217769Z /usr/bin/tar: ../../../../../usr/local/lib/android/sdk/platforms/android-36/data/res/values-mcc311-mnc180-pt-rBR: Cannot change mode to rwxr-xr-x: Operation not permitted
build	Cache Android SDK	2026-06-06T12:22:55.8219719Z /usr/bin/tar: ../../../../../usr/local/lib/android/sdk/platforms/android-36/data/res/values-sw600dp-port: Cannot utime: Operation not permitted
build	Cache Android SDK	2026-06-06T12:22:55.8220626Z /usr/bin/tar: ../../../../../usr/local/lib/android/sdk/platforms/android-36/data/res/values-sw600dp-port: Cannot change mode to rwxr-xr-x: Operation not permitted
build	Cache Android SDK	2026-06-06T12:22:55.8222826Z /usr/bin/tar: ../../../../../usr/local/lib/android/sdk/platforms/android-36/data/res/values-mcc310-mnc380-be: Cannot utime: Operation not permitted
build	Cache Android SDK	2026-06-06T12:22:55.8223743Z /usr/bin/tar: ../../../../../usr/local/lib/android/sdk/platforms/android-36/data/res/values-mcc310-mnc380-be: Cannot change mode to rwxr-xr-x: Operation not permitted
build	Cache Android SDK	2026-06-06T12:22:55.8226416Z /usr/bin/tar: ../../../../../usr/local/lib/android/sdk/platforms/android-36/data/res/values-mcc310-mnc280-es-rUS: Cannot utime: Operation not permitted
build	Cache Android SDK	2026-06-06T12:22:55.8227609Z /usr/bin/tar: ../../../../../usr/local/lib/android/sdk/platforms/android-36/data/res/values-mcc310-mnc280-es-rUS: Cannot change mode to rwxr-xr-x: Operation not permitted
build	Cache Android SDK	2026-06-06T12:22:55.8229702Z /usr/bin/tar: ../../../../../usr/local/lib/android/sdk/platforms/android-36/data/res/values-mcc310-mnc410-hu: Cannot utime: Operation not permitted
build	Cache Android SDK	2026-06-06T12:22:55.8230615Z /usr/bin/tar: ../../../../../usr/local/lib/android/sdk/platforms/android-36/data/res/values-mcc310-mnc410-hu: Cannot change mode to rwxr-xr-x: Operation not permitted
build	Cache Android SDK	2026-06-06T12:22:55.8233012Z /usr/bin/tar: ../../../../../usr/local/lib/android/sdk/platforms/android-36/data/res/values-mcc310-mnc170-en-rIN: Cannot utime: Operation not permitted
build	Cache Android SDK	2026-06-06T12:22:55.8234142Z /usr/bin/tar: ../../../../../usr/local/lib/android/sdk/platforms/android-36/data/res/values-mcc310-mnc170-en-rIN: Cannot change mode to rwxr-xr-x: Operation not permitted
build	Cache Android SDK	2026-06-06T12:22:55.8236608Z /usr/bin/tar: ../../../../../usr/local/lib/android/sdk/platforms/android-36/data/res/values-mcc310-mnc030-bs: Cannot utime: Operation not permitted
build	Cache Android SDK	2026-06-06T12:22:55.8237664Z /usr/bin/tar: ../../../../../usr/local/lib/android/sdk/platforms/android-36/data/res/values-mcc310-mnc030-bs: Cannot change mode to rwxr-xr-x: Operation not permitted
build	Cache Android SDK	2026-06-06T12:22:55.8240771Z /usr/bin/tar: ../../../../../usr/local/lib/android/sdk/platforms/android-36/data/res/values-mcc310-mnc250-da: Cannot utime: Operation not permitted
build	Cache Android SDK	2026-06-06T12:22:55.8241706Z /usr/bin/tar: ../../../../../usr/local/lib/android/sdk/platforms/android-36/data/res/values-mcc310-mnc250-da: Cannot change mode to rwxr-xr-x: Operation not permitted
build	Cache Android SDK	2026-06-06T12:22:55.8246943Z /usr/bin/tar: ../../../../../usr/local/lib/android/sdk/platforms/android-36/data/res/values-mcc310-mnc560-en-rGB: Cannot utime: Operation not permitted
build	Cache Android SDK	2026-06-06T12:22:55.8248201Z /usr/bin/tar: ../../../../../usr/local/lib/android/sdk/platforms/android-36/data/res/values-mcc310-mnc560-en-rGB: Cannot change mode to rwxr-xr-x: Operation not permitted
build	Cache Android SDK	2026-06-06T12:22:55.8250405Z /usr/bin/tar: ../../../../../usr/local/lib/android/sdk/platforms/android-36/data/res/values-mcc310-mnc950-sr: Cannot utime: Operation not permitted
build	Cache Android SDK	2026-06-06T12:22:55.8251723Z /usr/bin/tar: ../../../../../usr/local/lib/android/sdk/platforms/android-36/data/res/values-mcc310-mnc950-sr: Cannot change mode to rwxr-xr-x: Operation not permitted
build	Cache Android SDK	2026-06-06T12:22:55.8253352Z /usr/bin/tar: ../../../../../usr/local/lib/android/sdk/platforms/android-36/data/res/values-mcc310-mnc030-mk: Cannot utime: Operation not permitted
build	Cache Android SDK	2026-06-06T12:22:55.8254277Z /usr/bin/tar: ../../../../../usr/local/lib/android/sdk/platforms/android-36/data/res/values-mcc310-mnc030-mk: Cannot change mode to rwxr-xr-x: Operation not permitted
build	Cache Android SDK	2026-06-06T12:22:55.8256627Z /usr/bin/tar: ../../../../../usr/local/lib/android/sdk/platforms/android-36/data/res/values-mcc310-mnc560-ru: Cannot utime: Operation not permitted
build	Cache Android SDK	2026-06-06T12:22:55.8257694Z /usr/bin/tar: ../../../../../usr/local/lib/android/sdk/platforms/android-36/data/res/values-mcc310-mnc560-ru: Cannot change mode to rwxr-xr-x: Operation not permitted
build	Cache Android SDK	2026-06-06T12:22:55.8261350Z /usr/bin/tar: ../../../../../usr/local/lib/android/sdk/platforms/android-36/data/res/values-mcc310-mnc380-nb: Cannot utime: Operation not permitted
build	Cache Android SDK	2026-06-06T12:22:55.8262370Z /usr/bin/tar: ../../../../../usr/local/lib/android/sdk/platforms/android-36/data/res/values-mcc310-mnc380-nb: Cannot change mode to rwxr-xr-x: Operation not permitted
build	Cache Android SDK	2026-06-06T12:22:55.8264775Z /usr/bin/tar: ../../../../../usr/local/lib/android/sdk/platforms/android-36/data/res/values-mcc310-mnc160-fa: Cannot utime: Operation not permitted
build	Cache Android SDK	2026-06-06T12:22:55.8265698Z /usr/bin/tar: ../../../../../usr/local/lib/android/sdk/platforms/android-36/data/res/values-mcc310-mnc160-fa: Cannot change mode to rwxr-xr-x: Operation not permitted
build	Cache Android SDK	2026-06-06T12:22:55.8268413Z /usr/bin/tar: ../../../../../usr/local/lib/android/sdk/platforms/android-36/data/res/layout-sw600dp: Cannot utime: Operation not permitted
build	Cache Android SDK	2026-06-06T12:22:55.8269281Z /usr/bin/tar: ../../../../../usr/local/lib/android/sdk/platforms/android-36/data/res/layout-sw600dp: Cannot change mode to rwxr-xr-x: Operation not permitted
build	Cache Android SDK	2026-06-06T12:22:55.8271587Z /usr/bin/tar: ../../../../../usr/local/lib/android/sdk/platforms/android-36/data/res/values-mcc302-mnc720-ms: Cannot utime: Operation not permitted
build	Cache Android SDK	2026-06-06T12:22:55.8272575Z /usr/bin/tar: ../../../../../usr/local/lib/android/sdk/platforms/android-36/data/res/values-mcc302-mnc720-ms: Cannot change mode to rwxr-xr-x: Operation not permitted
build	Cache Android SDK	2026-06-06T12:22:55.8274121Z /usr/bin/tar: ../../../../../usr/local/lib/android/sdk/platforms/android-36/data/res/values-el-watch: Cannot utime: Operation not permitted
build	Cache Android SDK	2026-06-06T12:22:55.8275023Z /usr/bin/tar: ../../../../../usr/local/lib/android/sdk/platforms/android-36/data/res/values-el-watch: Cannot change mode to rwxr-xr-x: Operation not permitted
build	Cache Android SDK	2026-06-06T12:22:55.8277641Z /usr/bin/tar: ../../../../../usr/local/lib/android/sdk/platforms/android-36/data/res/values-mcc310-mnc170-mr: Cannot utime: Operation not permitted
build	Cache Android SDK	2026-06-06T12:22:55.8278617Z /usr/bin/tar: ../../../../../usr/local/lib/android/sdk/platforms/android-36/data/res/values-mcc310-mnc170-mr: Cannot change mode to rwxr-xr-x: Operation not permitted
build	Cache Android SDK	2026-06-06T12:22:55.8280105Z /usr/bin/tar: ../../../../../usr/local/lib/android/sdk/platforms/android-36/data/res/values-mcc310-mnc250-nl: Cannot utime: Operation not permitted
build	Cache Android SDK	2026-06-06T12:22:55.8281019Z /usr/bin/tar: ../../../../../usr/local/lib/android/sdk/platforms/android-36/data/res/values-mcc310-mnc250-nl: Cannot change mode to rwxr-xr-x: Operation not permitted
build	Cache Android SDK	2026-06-06T12:22:55.8283188Z /usr/bin/tar: ../../../../../usr/local/lib/android/sdk/platforms/android-36/data/res/values-mcc310-mnc950-pl: Cannot utime: Operation not permitted
build	Cache Android SDK	2026-06-06T12:22:55.8284101Z /usr/bin/tar: ../../../../../usr/local/lib/android/sdk/platforms/android-36/data/res/values-mcc310-mnc950-pl: Cannot change mode to rwxr-xr-x: Operation not permitted
build	Cache Android SDK	2026-06-06T12:22:55.8286485Z /usr/bin/tar: ../../../../../usr/local/lib/android/sdk/platforms/android-36/data/res/values-mcc312-mnc670-mk: Cannot utime: Operation not permitted
build	Cache Android SDK	2026-06-06T12:22:55.8287523Z /usr/bin/tar: ../../../../../usr/local/lib/android/sdk/platforms/android-36/data/res/values-mcc312-mnc670-mk: Cannot change mode to rwxr-xr-x: Operation not permitted
build	Cache Android SDK	2026-06-06T12:22:55.8289639Z /usr/bin/tar: ../../../../../usr/local/lib/android/sdk/platforms/android-36/data/res/values-mcc313-mnc100-fi: Cannot utime: Operation not permitted
build	Cache Android SDK	2026-06-06T12:22:55.8290548Z /usr/bin/tar: ../../../../../usr/local/lib/android/sdk/platforms/android-36/data/res/values-mcc313-mnc100-fi: Cannot change mode to rwxr-xr-x: Operation not permitted
build	Cache Android SDK	2026-06-06T12:22:55.8292776Z /usr/bin/tar: ../../../../../usr/local/lib/android/sdk/platforms/android-36/data/res/values-mcc310-mnc200-is: Cannot utime: Operation not permitted
build	Cache Android SDK	2026-06-06T12:22:55.8293703Z /usr/bin/tar: ../../../../../usr/local/lib/android/sdk/platforms/android-36/data/res/values-mcc310-mnc200-is: Cannot change mode to rwxr-xr-x: Operation not permitted
build	Cache Android SDK	2026-06-06T12:22:55.8295869Z /usr/bin/tar: ../../../../../usr/local/lib/android/sdk/platforms/android-36/data/res/values-mcc312-mnc670-sw: Cannot utime: Operation not permitted
build	Cache Android SDK	2026-06-06T12:22:55.8296772Z /usr/bin/tar: ../../../../../usr/local/lib/android/sdk/platforms/android-36/data/res/values-mcc312-mnc670-sw: Cannot change mode to rwxr-xr-x: Operation not permitted
build	Cache Android SDK	2026-06-06T12:22:55.8299387Z /usr/bin/tar: ../../../../../usr/local/lib/android/sdk/platforms/android-36/data/res/values-mcc310-mnc220-ur: Cannot utime: Operation not permitted
build	Cache Android SDK	2026-06-06T12:22:55.8300301Z /usr/bin/tar: ../../../../../usr/local/lib/android/sdk/platforms/android-36/data/res/values-mcc310-mnc220-ur: Cannot change mode to rwxr-xr-x: Operation not permitted
build	Cache Android SDK	2026-06-06T12:22:55.8302323Z /usr/bin/tar: ../../../../../usr/local/lib/android/sdk/platforms/android-36/data/res/values-mcc302-mnc370-hy: Cannot utime: Operation not permitted
build	Cache Android SDK	2026-06-06T12:22:55.8303301Z /usr/bin/tar: ../../../../../usr/local/lib/android/sdk/platforms/android-36/data/res/values-mcc302-mnc370-hy: Cannot change mode to rwxr-xr-x: Operation not permitted
build	Cache Android SDK	2026-06-06T12:22:55.8306990Z /usr/bin/tar: ../../../../../usr/local/lib/android/sdk/platforms/android-36/data/res/values-mcc310-mnc250-mn: Cannot utime: Operation not permitted
build	Cache Android SDK	2026-06-06T12:22:55.8308478Z /usr/bin/tar: ../../../../../usr/local/lib/android/sdk/platforms/android-36/data/res/values-mcc310-mnc250-mn: Cannot change mode to rwxr-xr-x: Operation not permitted
build	Cache Android SDK	2026-06-06T12:22:55.8309427Z /usr/bin/tar: ../../../../../usr/local/lib/android/sdk/platforms/android-36/data/res/values-mcc310-mnc030-sk: Cannot utime: Operation not permitted
build	Cache Android SDK	2026-06-06T12:22:55.8310645Z /usr/bin/tar: ../../../../../usr/local/lib/android/sdk/platforms/android-36/data/res/values-mcc310-mnc030-sk: Cannot change mode to rwxr-xr-x: Operation not permitted
build	Cache Android SDK	2026-06-06T12:22:55.8312286Z /usr/bin/tar: ../../../../../usr/local/lib/android/sdk/platforms/android-36/data/res/values-mcc310-mnc660-cs: Cannot utime: Operation not permitted
build	Cache Android SDK	2026-06-06T12:22:55.8313555Z /usr/bin/tar: ../../../../../usr/local/lib/android/sdk/platforms/android-36/data/res/values-mcc310-mnc660-cs: Cannot change mode to rwxr-xr-x: Operation not permitted
build	Cache Android SDK	2026-06-06T12:22:55.8314766Z /usr/bin/tar: ../../../../../usr/local/lib/android/sdk/platforms/android-36/data/res/values-mcc313-mnc100-hy: Cannot utime: Operation not permitted
build	Cache Android SDK	2026-06-06T12:22:55.8316288Z /usr/bin/tar: ../../../../../usr/local/lib/android/sdk/platforms/android-36/data/res/values-mcc313-mnc100-hy: Cannot change mode to rwxr-xr-x: Operation not permitted
build	Cache Android SDK	2026-06-06T12:22:55.8318180Z /usr/bin/tar: ../../../../../usr/local/lib/android/sdk/platforms/android-36/data/res/values-mcc310-mnc220-pt-rPT: Cannot utime: Operation not permitted
build	Cache Android SDK	2026-06-06T12:22:55.8319744Z /usr/bin/tar: ../../../../../usr/local/lib/android/sdk/platforms/android-36/data/res/values-mcc310-mnc220-pt-rPT: Cannot change mode to rwxr-xr-x: Operation not permitted
build	Cache Android SDK	2026-06-06T12:22:55.8320872Z /usr/bin/tar: ../../../../../usr/local/lib/android/sdk/platforms/android-36/data/res/values-b+sr+Latn-watch: Cannot utime: Operation not permitted
build	Cache Android SDK	2026-06-06T12:22:55.8322438Z /usr/bin/tar: ../../../../../usr/local/lib/android/sdk/platforms/android-36/data/res/values-b+sr+Latn-watch: Cannot change mode to rwxr-xr-x: Operation not permitted
build	Cache Android SDK	2026-06-06T12:22:55.8323427Z /usr/bin/tar: ../../../../../usr/local/lib/android/sdk/platforms/android-36/data/res/values-mcc334-mnc020-km: Cannot utime: Operation not permitted
build	Cache Android SDK	2026-06-06T12:22:55.8325058Z /usr/bin/tar: ../../../../../usr/local/lib/android/sdk/platforms/android-36/data/res/values-mcc334-mnc020-km: Cannot change mode to rwxr-xr-x: Operation not permitted
build	Cache Android SDK	2026-06-06T12:22:55.8326723Z /usr/bin/tar: ../../../../../usr/local/lib/android/sdk/platforms/android-36/data/res/values-mcc311-mnc180-bn: Cannot utime: Operation not permitted
build	Cache Android SDK	2026-06-06T12:22:55.8328298Z /usr/bin/tar: ../../../../../usr/local/lib/android/sdk/platforms/android-36/data/res/values-mcc311-mnc180-bn: Cannot change mode to rwxr-xr-x: Operation not permitted
build	Cache Android SDK	2026-06-06T12:22:55.8329314Z /usr/bin/tar: ../../../../../usr/local/lib/android/sdk/platforms/android-36/data/res/values-mcc334-mnc020-en-rXC: Cannot utime: Operation not permitted
build	Cache Android SDK	2026-06-06T12:22:55.8330307Z /usr/bin/tar: ../../../../../usr/local/lib/android/sdk/platforms/android-36/data/res/values-mcc334-mnc020-en-rXC: Cannot change mode to rwxr-xr-x: Operation not permitted
build	Cache Android SDK	2026-06-06T12:22:55.8334206Z /usr/bin/tar: ../../../../../usr/local/lib/android/sdk/platforms/android-36/data/res/values-ro: Cannot utime: Operation not permitted
build	Cache Android SDK	2026-06-06T12:22:55.8335791Z /usr/bin/tar: ../../../../../usr/local/lib/android/sdk/platforms/android-36/data/res/values-ro: Cannot change mode to rwxr-xr-x: Operation not permitted
build	Cache Android SDK	2026-06-06T12:22:55.8337832Z /usr/bin/tar: ../../../../../usr/local/lib/android/sdk/platforms/android-36/data/res/values-mcc310-mnc310-cs: Cannot utime: Operation not permitted
build	Cache Android SDK	2026-06-06T12:22:55.8338776Z /usr/bin/tar: ../../../../../usr/local/lib/android/sdk/platforms/android-36/data/res/values-mcc310-mnc310-cs: Cannot change mode to rwxr-xr-x: Operation not permitted
build	Cache Android SDK	2026-06-06T12:22:55.8341450Z /usr/bin/tar: ../../../../../usr/local/lib/android/sdk/platforms/android-36/data/res/values-mcc310-mnc210-bs: Cannot utime: Operation not permitted
build	Cache Android SDK	2026-06-06T12:22:55.8342366Z /usr/bin/tar: ../../../../../usr/local/lib/android/sdk/platforms/android-36/data/res/values-mcc310-mnc210-bs: Cannot change mode to rwxr-xr-x: Operation not permitted
build	Cache Android SDK	2026-06-06T12:22:55.8344769Z /usr/bin/tar: ../../../../../usr/local/lib/android/sdk/platforms/android-36/data/res/values-mcc310-mnc220-hr: Cannot utime: Operation not permitted
build	Cache Android SDK	2026-06-06T12:22:55.8345796Z /usr/bin/tar: ../../../../../usr/local/lib/android/sdk/platforms/android-36/data/res/values-mcc310-mnc220-hr: Cannot change mode to rwxr-xr-x: Operation not permitted
build	Cache Android SDK	2026-06-06T12:22:55.8348071Z /usr/bin/tar: ../../../../../usr/local/lib/android/sdk/platforms/android-36/data/res/values-mcc310-mnc560-hu: Cannot utime: Operation not permitted
build	Cache Android SDK	2026-06-06T12:22:55.8348988Z /usr/bin/tar: ../../../../../usr/local/lib/android/sdk/platforms/android-36/data/res/values-mcc310-mnc560-hu: Cannot change mode to rwxr-xr-x: Operation not permitted
build	Cache Android SDK	2026-06-06T12:22:55.8351597Z /usr/bin/tar: ../../../../../usr/local/lib/android/sdk/platforms/android-36/data/res/values-mcc313: Cannot utime: Operation not permitted
build	Cache Android SDK	2026-06-06T12:22:55.8352471Z /usr/bin/tar: ../../../../../usr/local/lib/android/sdk/platforms/android-36/data/res/values-mcc313: Cannot change mode to rwxr-xr-x: Operation not permitted
build	Cache Android SDK	2026-06-06T12:22:55.8354353Z /usr/bin/tar: ../../../../../usr/local/lib/android/sdk/platforms/android-36/data/res/values-mcc302-mnc720-uz: Cannot utime: Operation not permitted
build	Cache Android SDK	2026-06-06T12:22:55.8355278Z /usr/bin/tar: ../../../../../usr/local/lib/android/sdk/platforms/android-36/data/res/values-mcc302-mnc720-uz: Cannot change mode to rwxr-xr-x: Operation not permitted
build	Cache Android SDK	2026-06-06T12:22:55.8357747Z /usr/bin/tar: ../../../../../usr/local/lib/android/sdk/platforms/android-36/data/res/values-mcc334-mnc020-hi: Cannot utime: Operation not permitted
build	Cache Android SDK	2026-06-06T12:22:55.8358663Z /usr/bin/tar: ../../../../../usr/local/lib/android/sdk/platforms/android-36/data/res/values-mcc334-mnc020-hi: Cannot change mode to rwxr-xr-x: Operation not permitted
build	Cache Android SDK	2026-06-06T12:22:55.8360794Z /usr/bin/tar: ../../../../../usr/local/lib/android/sdk/platforms/android-36/data/res/values-mcc310-mnc410-ja: Cannot utime: Operation not permitted
build	Cache Android SDK	2026-06-06T12:22:55.8361706Z /usr/bin/tar: ../../../../../usr/local/lib/android/sdk/platforms/android-36/data/res/values-mcc310-mnc410-ja: Cannot change mode to rwxr-xr-x: Operation not permitted
build	Cache Android SDK	2026-06-06T12:22:55.8363805Z /usr/bin/tar: ../../../../../usr/local/lib/android/sdk/platforms/android-36/data/res/values-mcc310-mnc490-gl: Cannot utime: Operation not permitted
build	Cache Android SDK	2026-06-06T12:22:55.8365007Z /usr/bin/tar: ../../../../../usr/local/lib/android/sdk/platforms/android-36/data/res/values-mcc310-mnc490-gl: Cannot change mode to rwxr-xr-x: Operation not permitted
build	Cache Android SDK	2026-06-06T12:22:55.8366867Z /usr/bin/tar: ../../../../../usr/local/lib/android/sdk/platforms/android-36/data/res/values-mcc310-mnc310-de: Cannot utime: Operation not permitted
build	Cache Android SDK	2026-06-06T12:22:55.8368258Z /usr/bin/tar: ../../../../../usr/local/lib/android/sdk/platforms/android-36/data/res/values-mcc310-mnc310-de: Cannot change mode to rwxr-xr-x: Operation not permitted
build	Cache Android SDK	2026-06-06T12:22:55.8370145Z /usr/bin/tar: ../../../../../usr/local/lib/android/sdk/platforms/android-36/data/res/values-cs-television: Cannot utime: Operation not permitted
build	Cache Android SDK	2026-06-06T12:22:55.8371365Z /usr/bin/tar: ../../../../../usr/local/lib/android/sdk/platforms/android-36/data/res/values-cs-television: Cannot change mode to rwxr-xr-x: Operation not permitted
build	Cache Android SDK	2026-06-06T12:22:55.8373606Z /usr/bin/tar: ../../../../../usr/local/lib/android/sdk/platforms/android-36/data/res/values-w192dp-round-watch: Cannot utime: Operation not permitted
build	Cache Android SDK	2026-06-06T12:22:55.8374794Z /usr/bin/tar: ../../../../../usr/local/lib/android/sdk/platforms/android-36/data/res/values-w192dp-round-watch: Cannot change mode to rwxr-xr-x: Operation not permitted
build	Cache Android SDK	2026-06-06T12:22:55.8376844Z /usr/bin/tar: ../../../../../usr/local/lib/android/sdk/platforms/android-36/data/res/values-mcc334-mnc03: Cannot utime: Operation not permitted
build	Cache Android SDK	2026-06-06T12:22:55.8378144Z /usr/bin/tar: ../../../../../usr/local/lib/android/sdk/platforms/android-36/data/res/values-mcc334-mnc03: Cannot change mode to rwxr-xr-x: Operation not permitted
build	Cache Android SDK	2026-06-06T12:22:55.8382885Z /usr/bin/tar: ../../../../../usr/local/lib/android/sdk/platforms/android-36/data/res/values-mcc312-mnc670-ne: Cannot utime: Operation not permitted
build	Cache Android SDK	2026-06-06T12:22:55.8383919Z /usr/bin/tar: ../../../../../usr/local/lib/android/sdk/platforms/android-36/data/res/values-mcc312-mnc670-ne: Cannot change mode to rwxr-xr-x: Operation not permitted
build	Cache Android SDK	2026-06-06T12:22:55.8386003Z /usr/bin/tar: ../../../../../usr/local/lib/android/sdk/platforms/android-36/data/res/values-mcc310-mnc230-en-rIN: Cannot utime: Operation not permitted
build	Cache Android SDK	2026-06-06T12:22:55.8386969Z /usr/bin/tar: ../../../../../usr/local/lib/android/sdk/platforms/android-36/data/res/values-mcc310-mnc230-en-rIN: Cannot change mode to rwxr-xr-x: Operation not permitted
build	Cache Android SDK	2026-06-06T12:22:55.8389880Z /usr/bin/tar: ../../../../../usr/local/lib/android/sdk/platforms/android-36/data/res/values-mcc310-mnc150-ne: Cannot utime: Operation not permitted
build	Cache Android SDK	2026-06-06T12:22:55.8390798Z /usr/bin/tar: ../../../../../usr/local/lib/android/sdk/platforms/android-36/data/res/values-mcc310-mnc150-ne: Cannot change mode to rwxr-xr-x: Operation not permitted
build	Cache Android SDK	2026-06-06T12:22:55.8392983Z /usr/bin/tar: ../../../../../usr/local/lib/android/sdk/platforms/android-36/data/res/values-mcc310-mnc200-ca: Cannot utime: Operation not permitted
build	Cache Android SDK	2026-06-06T12:22:55.8394188Z /usr/bin/tar: ../../../../../usr/local/lib/android/sdk/platforms/android-36/data/res/values-mcc310-mnc200-ca: Cannot change mode to rwxr-xr-x: Operation not permitted
build	Cache Android SDK	2026-06-06T12:22:55.8397067Z /usr/bin/tar: ../../../../../usr/local/lib/android/sdk/platforms/android-36/data/res/values-mcc310-mnc030-km: Cannot utime: Operation not permitted
build	Cache Android SDK	2026-06-06T12:22:55.8398157Z /usr/bin/tar: ../../../../../usr/local/lib/android/sdk/platforms/android-36/data/res/values-mcc310-mnc030-km: Cannot change mode to rwxr-xr-x: Operation not permitted
build	Cache Android SDK	2026-06-06T12:22:55.8400355Z /usr/bin/tar: ../../../../../usr/local/lib/android/sdk/platforms/android-36/data/res/values-mcc313-mnc100-pa: Cannot utime: Operation not permitted
build	Cache Android SDK	2026-06-06T12:22:55.8401277Z /usr/bin/tar: ../../../../../usr/local/lib/android/sdk/platforms/android-36/data/res/values-mcc313-mnc100-pa: Cannot change mode to rwxr-xr-x: Operation not permitted
build	Cache Android SDK	2026-06-06T12:22:55.8403688Z /usr/bin/tar: ../../../../../usr/local/lib/android/sdk/platforms/android-36/data/res/values-mcc310-mnc150-ru: Cannot utime: Operation not permitted
build	Cache Android SDK	2026-06-06T12:22:55.8404805Z /usr/bin/tar: ../../../../../usr/local/lib/android/sdk/platforms/android-36/data/res/values-mcc310-mnc150-ru: Cannot change mode to rwxr-xr-x: Operation not permitted
build	Cache Android SDK	2026-06-06T12:22:55.8406493Z /usr/bin/tar: ../../../../../usr/local/lib/android/sdk/platforms/android-36/data/res/values-mcc310-mnc560-eu: Cannot utime: Operation not permitted
build	Cache Android SDK	2026-06-06T12:22:55.8407908Z /usr/bin/tar: ../../../../../usr/local/lib/android/sdk/platforms/android-36/data/res/values-mcc310-mnc560-eu: Cannot change mode to rwxr-xr-x: Operation not permitted
build	Cache Android SDK	2026-06-06T12:22:55.8409709Z /usr/bin/tar: ../../../../../usr/local/lib/android/sdk/platforms/android-36/data/res/values-mcc310-mnc170-zh-rTW: Cannot utime: Operation not permitted
build	Cache Android SDK	2026-06-06T12:22:55.8410680Z /usr/bin/tar: ../../../../../usr/local/lib/android/sdk/platforms/android-36/data/res/values-mcc310-mnc170-zh-rTW: Cannot change mode to rwxr-xr-x: Operation not permitted
build	Cache Android SDK	2026-06-06T12:22:55.8413293Z /usr/bin/tar: ../../../../../usr/local/lib/android/sdk/platforms/android-36/data/res/values-lo-television: Cannot utime: Operation not permitted
build	Cache Android SDK	2026-06-06T12:22:55.8414225Z /usr/bin/tar: ../../../../../usr/local/lib/android/sdk/platforms/android-36/data/res/values-lo-television: Cannot change mode to rwxr-xr-x: Operation not permitted
build	Cache Android SDK	2026-06-06T12:22:55.8416240Z /usr/bin/tar: ../../../../../usr/local/lib/android/sdk/platforms/android-36/data/res/values-mcc311-mnc180-mr: Cannot utime: Operation not permitted
build	Cache Android SDK	2026-06-06T12:22:55.8417160Z /usr/bin/tar: ../../../../../usr/local/lib/android/sdk/platforms/android-36/data/res/values-mcc311-mnc180-mr: Cannot change mode to rwxr-xr-x: Operation not permitted
build	Cache Android SDK	2026-06-06T12:22:55.8419290Z /usr/bin/tar: ../../../../../usr/local/lib/android/sdk/platforms/android-36/data/res/values-mcc001-mnc01-ne: Cannot utime: Operation not permitted
build	Cache Android SDK	2026-06-06T12:22:55.8420326Z /usr/bin/tar: ../../../../../usr/local/lib/android/sdk/platforms/android-36/data/res/values-mcc001-mnc01-ne: Cannot change mode to rwxr-xr-x: Operation not permitted
build	Cache Android SDK	2026-06-06T12:22:55.8422829Z /usr/bin/tar: ../../../../../usr/local/lib/android/sdk/platforms/android-36/data/res/values-iw-watch: Cannot utime: Operation not permitted
build	Cache Android SDK	2026-06-06T12:22:55.8423724Z /usr/bin/tar: ../../../../../usr/local/lib/android/sdk/platforms/android-36/data/res/values-iw-watch: Cannot change mode to rwxr-xr-x: Operation not permitted
build	Cache Android SDK	2026-06-06T12:22:55.8426064Z /usr/bin/tar: ../../../../../usr/local/lib/android/sdk/platforms/android-36/data/res/values-mcc310-mnc560-it: Cannot utime: Operation not permitted
build	Cache Android SDK	2026-06-06T12:22:55.8426979Z /usr/bin/tar: ../../../../../usr/local/lib/android/sdk/platforms/android-36/data/res/values-mcc310-mnc560-it: Cannot change mode to rwxr-xr-x: Operation not permitted
build	Cache Android SDK	2026-06-06T12:22:55.8429514Z /usr/bin/tar: ../../../../../usr/local/lib/android/sdk/platforms/android-36/data/res/values-mcc313-mnc100-it: Cannot utime: Operation not permitted
build	Cache Android SDK	2026-06-06T12:22:55.8430432Z /usr/bin/tar: ../../../../../usr/local/lib/android/sdk/platforms/android-36/data/res/values-mcc313-mnc100-it: Cannot change mode to rwxr-xr-x: Operation not permitted
build	Cache Android SDK	2026-06-06T12:22:55.8432401Z /usr/bin/tar: ../../../../../usr/local/lib/android/sdk/platforms/android-36/data/res/values-mcc310-mnc270-pl: Cannot utime: Operation not permitted
build	Cache Android SDK	2026-06-06T12:22:55.8433320Z /usr/bin/tar: ../../../../../usr/local/lib/android/sdk/platforms/android-36/data/res/values-mcc310-mnc270-pl: Cannot change mode to rwxr-xr-x: Operation not permitted
build	Cache Android SDK	2026-06-06T12:22:55.8435698Z /usr/bin/tar: ../../../../../usr/local/lib/android/sdk/platforms/android-36/data/res/values-ca-watch: Cannot utime: Operation not permitted
build	Cache Android SDK	2026-06-06T12:22:55.8436585Z /usr/bin/tar: ../../../../../usr/local/lib/android/sdk/platforms/android-36/data/res/values-ca-watch: Cannot change mode to rwxr-xr-x: Operation not permitted
build	Cache Android SDK	2026-06-06T12:22:55.8439295Z /usr/bin/tar: ../../../../../usr/local/lib/android/sdk/platforms/android-36/data/res/values-mcc310-mnc380-ja: Cannot utime: Operation not permitted
build	Cache Android SDK	2026-06-06T12:22:55.8440236Z /usr/bin/tar: ../../../../../usr/local/lib/android/sdk/platforms/android-36/data/res/values-mcc310-mnc380-ja: Cannot change mode to rwxr-xr-x: Operation not permitted
build	Cache Android SDK	2026-06-06T12:22:55.8495508Z /usr/bin/tar: ../../../../../usr/local/lib/android/sdk/platforms/android-36/data/res/values: Cannot utime: Operation not permitted
build	Cache Android SDK	2026-06-06T12:22:55.8496786Z /usr/bin/tar: ../../../../../usr/local/lib/android/sdk/platforms/android-36/data/res/values: Cannot change mode to rwxr-xr-x: Operation not permitted
build	Cache Android SDK	2026-06-06T12:22:55.8498509Z /usr/bin/tar: ../../../../../usr/local/lib/android/sdk/platforms/android-36/data/res/raw-zh-rCN: Cannot utime: Operation not permitted
build	Cache Android SDK	2026-06-06T12:22:55.8499526Z /usr/bin/tar: ../../../../../usr/local/lib/android/sdk/platforms/android-36/data/res/raw-zh-rCN: Cannot change mode to rwxr-xr-x: Operation not permitted
build	Cache Android SDK	2026-06-06T12:22:55.8501071Z /usr/bin/tar: ../../../../../usr/local/lib/android/sdk/platforms/android-36/data/res/values-mcc310-mnc280-ro: Cannot utime: Operation not permitted
build	Cache Android SDK	2026-06-06T12:22:55.8502016Z /usr/bin/tar: ../../../../../usr/local/lib/android/sdk/platforms/android-36/data/res/values-mcc310-mnc280-ro: Cannot change mode to rwxr-xr-x: Operation not permitted
build	Cache Android SDK	2026-06-06T12:22:55.8504080Z /usr/bin/tar: ../../../../../usr/local/lib/android/sdk/platforms/android-36/data/res/values-mcc310-mnc250-en-rGB: Cannot utime: Operation not permitted
build	Cache Android SDK	2026-06-06T12:22:55.8505054Z /usr/bin/tar: ../../../../../usr/local/lib/android/sdk/platforms/android-36/data/res/values-mcc310-mnc250-en-rGB: Cannot change mode to rwxr-xr-x: Operation not permitted
build	Cache Android SDK	2026-06-06T12:22:55.8506891Z /usr/bin/tar: ../../../../../usr/local/lib/android/sdk/platforms/android-36/data/res/values-es-rCO: Cannot utime: Operation not permitted
build	Cache Android SDK	2026-06-06T12:22:55.8508092Z /usr/bin/tar: ../../../../../usr/local/lib/android/sdk/platforms/android-36/data/res/values-es-rCO: Cannot change mode to rwxr-xr-x: Operation not permitted
build	Cache Android SDK	2026-06-06T12:22:55.8510875Z /usr/bin/tar: ../../../../../usr/local/lib/android/sdk/platforms/android-36/data/res/values-mcc310-mnc170-uz: Cannot utime: Operation not permitted
build	Cache Android SDK	2026-06-06T12:22:55.8511871Z /usr/bin/tar: ../../../../../usr/local/lib/android/sdk/platforms/android-36/data/res/values-mcc310-mnc170-uz: Cannot change mode to rwxr-xr-x: Operation not permitted
build	Cache Android SDK	2026-06-06T12:22:55.8514355Z /usr/bin/tar: ../../../../../usr/local/lib/android/sdk/platforms/android-36/data/res/values-mcc310-mnc950-is: Cannot utime: Operation not permitted
build	Cache Android SDK	2026-06-06T12:22:55.8515272Z /usr/bin/tar: ../../../../../usr/local/lib/android/sdk/platforms/android-36/data/res/values-mcc310-mnc950-is: Cannot change mode to rwxr-xr-x: Operation not permitted
build	Cache Android SDK	2026-06-06T12:22:55.8517249Z /usr/bin/tar: ../../../../../usr/local/lib/android/sdk/platforms/android-36/data/res/values-pt-watch: Cannot utime: Operation not permitted
build	Cache Android SDK	2026-06-06T12:22:55.8518373Z /usr/bin/tar: ../../../../../usr/local/lib/android/sdk/platforms/android-36/data/res/values-pt-watch: Cannot change mode to rwxr-xr-x: Operation not permitted
build	Cache Android SDK	2026-06-06T12:22:55.8521170Z /usr/bin/tar: ../../../../../usr/local/lib/android/sdk/platforms/android-36/data/res/values-mcc313-mnc100-pl: Cannot utime: Operation not permitted
build	Cache Android SDK	2026-06-06T12:22:55.8522106Z /usr/bin/tar: ../../../../../usr/local/lib/android/sdk/platforms/android-36/data/res/values-mcc313-mnc100-pl: Cannot change mode to rwxr-xr-x: Operation not permitted
build	Cache Android SDK	2026-06-06T12:22:55.8524290Z /usr/bin/tar: ../../../../../usr/local/lib/android/sdk/platforms/android-36/data/res/values-mcc001-mnc01-vi: Cannot utime: Operation not permitted
build	Cache Android SDK	2026-06-06T12:22:55.8525356Z /usr/bin/tar: ../../../../../usr/local/lib/android/sdk/platforms/android-36/data/res/values-mcc001-mnc01-vi: Cannot change mode to rwxr-xr-x: Operation not permitted
build	Cache Android SDK	2026-06-06T12:22:55.8527587Z /usr/bin/tar: ../../../../../usr/local/lib/android/sdk/platforms/android-36/data/res/values-mcc313-mnc100-lv: Cannot utime: Operation not permitted
build	Cache Android SDK	2026-06-06T12:22:55.8528573Z /usr/bin/tar: ../../../../../usr/local/lib/android/sdk/platforms/android-36/data/res/values-mcc313-mnc100-lv: Cannot change mode to rwxr-xr-x: Operation not permitted
build	Cache Android SDK	2026-06-06T12:22:55.8530717Z /usr/bin/tar: ../../../../../usr/local/lib/android/sdk/platforms/android-36/data/res/values-mcc302-mnc720-gu: Cannot utime: Operation not permitted
build	Cache Android SDK	2026-06-06T12:22:55.8531796Z /usr/bin/tar: ../../../../../usr/local/lib/android/sdk/platforms/android-36/data/res/values-mcc302-mnc720-gu: Cannot change mode to rwxr-xr-x: Operation not permitted
build	Cache Android SDK	2026-06-06T12:22:55.8533710Z /usr/bin/tar: ../../../../../usr/local/lib/android/sdk/platforms/android-36/data/res/values-mcc302-mnc370-zh-rCN: Cannot utime: Operation not permitted
build	Cache Android SDK	2026-06-06T12:22:55.8534674Z /usr/bin/tar: ../../../../../usr/local/lib/android/sdk/platforms/android-36/data/res/values-mcc302-mnc370-zh-rCN: Cannot change mode to rwxr-xr-x: Operation not permitted
build	Cache Android SDK	2026-06-06T12:22:55.8536804Z /usr/bin/tar: ../../../../../usr/local/lib/android/sdk/platforms/android-36/data/res/values-th-watch: Cannot utime: Operation not permitted
build	Cache Android SDK	2026-06-06T12:22:55.8537792Z /usr/bin/tar: ../../../../../usr/local/lib/android/sdk/platforms/android-36/data/res/values-th-watch: Cannot change mode to rwxr-xr-x: Operation not permitted
build	Cache Android SDK	2026-06-06T12:22:55.8539866Z /usr/bin/tar: ../../../../../usr/local/lib/android/sdk/platforms/android-36/data/res/values-mcc310-mnc250-ta: Cannot utime: Operation not permitted
build	Cache Android SDK	2026-06-06T12:22:55.8540801Z /usr/bin/tar: ../../../../../usr/local/lib/android/sdk/platforms/android-36/data/res/values-mcc310-mnc250-ta: Cannot change mode to rwxr-xr-x: Operation not permitted
build	Cache Android SDK	2026-06-06T12:22:55.8543186Z /usr/bin/tar: ../../../../../usr/local/lib/android/sdk/platforms/android-36/data/res/values-mcc310-mnc560-mk: Cannot utime: Operation not permitted
build	Cache Android SDK	2026-06-06T12:22:55.8544233Z /usr/bin/tar: ../../../../../usr/local/lib/android/sdk/platforms/android-36/data/res/values-mcc310-mnc560-mk: Cannot change mode to rwxr-xr-x: Operation not permitted
build	Cache Android SDK	2026-06-06T12:22:55.8546372Z /usr/bin/tar: ../../../../../usr/local/lib/android/sdk/platforms/android-36/data/res/values-mcc466-mnc02: Cannot utime: Operation not permitted
build	Cache Android SDK	2026-06-06T12:22:55.8547287Z /usr/bin/tar: ../../../../../usr/local/lib/android/sdk/platforms/android-36/data/res/values-mcc466-mnc02: Cannot change mode to rwxr-xr-x: Operation not permitted
build	Cache Android SDK	2026-06-06T12:22:55.8550362Z /usr/bin/tar: ../../../../../usr/local/lib/android/sdk/platforms/android-36/data/res/values-mcc310-mnc030: Cannot utime: Operation not permitted
build	Cache Android SDK	2026-06-06T12:22:55.8551287Z /usr/bin/tar: ../../../../../usr/local/lib/android/sdk/platforms/android-36/data/res/values-mcc310-mnc030: Cannot change mode to rwxr-xr-x: Operation not permitted
build	Cache Android SDK	2026-06-06T12:22:55.8554287Z /usr/bin/tar: ../../../../../usr/local/lib/android/sdk/platforms/android-36/data/res/values-mcc310-mnc150-sq: Cannot utime: Operation not permitted
build	Cache Android SDK	2026-06-06T12:22:55.8555221Z /usr/bin/tar: ../../../../../usr/local/lib/android/sdk/platforms/android-36/data/res/values-mcc310-mnc150-sq: Cannot change mode to rwxr-xr-x: Operation not permitted
build	Cache Android SDK	2026-06-06T12:22:55.8558416Z /usr/bin/tar: ../../../../../usr/local/lib/android/sdk/platforms/android-36/data/res/values-mcc310-mnc220-uz: Cannot utime: Operation not permitted
build	Cache Android SDK	2026-06-06T12:22:55.8559949Z /usr/bin/tar: ../../../../../usr/local/lib/android/sdk/platforms/android-36/data/res/values-mcc310-mnc220-uz: Cannot change mode to rwxr-xr-x: Operation not permitted
build	Cache Android SDK	2026-06-06T12:22:55.8561486Z /usr/bin/tar: ../../../../../usr/local/lib/android/sdk/platforms/android-36/data/res/values-mcc310-mnc380-es-rUS: Cannot utime: Operation not permitted
build	Cache Android SDK	2026-06-06T12:22:55.8562591Z /usr/bin/tar: ../../../../../usr/local/lib/android/sdk/platforms/android-36/data/res/values-mcc310-mnc380-es-rUS: Cannot change mode to rwxr-xr-x: Operation not permitted
build	Cache Android SDK	2026-06-06T12:22:55.8564249Z /usr/bin/tar: ../../../../../usr/local/lib/android/sdk/platforms/android-36/data/res/values-hu-watch: Cannot utime: Operation not permitted
build	Cache Android SDK	2026-06-06T12:22:55.8565163Z /usr/bin/tar: ../../../../../usr/local/lib/android/sdk/platforms/android-36/data/res/values-hu-watch: Cannot change mode to rwxr-xr-x: Operation not permitted
build	Cache Android SDK	2026-06-06T12:22:55.8568384Z /usr/bin/tar: ../../../../../usr/local/lib/android/sdk/platforms/android-36/data/res/values-mcc311-mnc180-et: Cannot utime: Operation not permitted
build	Cache Android SDK	2026-06-06T12:22:55.8569328Z /usr/bin/tar: ../../../../../usr/local/lib/android/sdk/platforms/android-36/data/res/values-mcc311-mnc180-et: Cannot change mode to rwxr-xr-x: Operation not permitted
build	Cache Android SDK	2026-06-06T12:22:55.8572807Z /usr/bin/tar: ../../../../../usr/local/lib/android/sdk/platforms/android-36/data/res/values-mcc310-mnc800-my: Cannot utime: Operation not permitted
build	Cache Android SDK	2026-06-06T12:22:55.8573751Z /usr/bin/tar: ../../../../../usr/local/lib/android/sdk/platforms/android-36/data/res/values-mcc310-mnc800-my: Cannot change mode to rwxr-xr-x: Operation not permitted
build	Cache Android SDK	2026-06-06T12:22:55.8576083Z /usr/bin/tar: ../../../../../usr/local/lib/android/sdk/platforms/android-36/data/res/values-mcc310-mnc150-pl: Cannot utime: Operation not permitted
build	Cache Android SDK	2026-06-06T12:22:55.8577027Z /usr/bin/tar: ../../../../../usr/local/lib/android/sdk/platforms/android-36/data/res/values-mcc310-mnc150-pl: Cannot change mode to rwxr-xr-x: Operation not permitted
build	Cache Android SDK	2026-06-06T12:22:55.8579619Z /usr/bin/tar: ../../../../../usr/local/lib/android/sdk/platforms/android-36/data/res/values-mcc302-mnc370-ja: Cannot utime: Operation not permitted
build	Cache Android SDK	2026-06-06T12:22:55.8580732Z /usr/bin/tar: ../../../../../usr/local/lib/android/sdk/platforms/android-36/data/res/values-mcc302-mnc370-ja: Cannot change mode to rwxr-xr-x: Operation not permitted
build	Cache Android SDK	2026-06-06T12:22:55.8584705Z /usr/bin/tar: ../../../../../usr/local/lib/android/sdk/platforms/android-36/data/res/values-mcc302-mnc370-my: Cannot utime: Operation not permitted
build	Cache Android SDK	2026-06-06T12:22:55.8585781Z /usr/bin/tar: ../../../../../usr/local/lib/android/sdk/platforms/android-36/data/res/values-mcc302-mnc370-my: Cannot change mode to rwxr-xr-x: Operation not permitted
build	Cache Android SDK	2026-06-06T12:22:55.8592129Z /usr/bin/tar: ../../../../../usr/local/lib/android/sdk/platforms/android-36/data/res/drawable-sw600dp-xhdpi: Cannot utime: Operation not permitted
build	Cache Android SDK	2026-06-06T12:22:55.8593077Z /usr/bin/tar: ../../../../../usr/local/lib/android/sdk/platforms/android-36/data/res/drawable-sw600dp-xhdpi: Cannot change mode to rwxr-xr-x: Operation not permitted
build	Cache Android SDK	2026-06-06T12:22:55.8594797Z /usr/bin/tar: ../../../../../usr/local/lib/android/sdk/platforms/android-36/data/res/values-mcc510-mnc89: Cannot utime: Operation not permitted
build	Cache Android SDK	2026-06-06T12:22:55.8595692Z /usr/bin/tar: ../../../../../usr/local/lib/android/sdk/platforms/android-36/data/res/values-mcc510-mnc89: Cannot change mode to rwxr-xr-x: Operation not permitted
build	Cache Android SDK	2026-06-06T12:22:55.8598608Z /usr/bin/tar: ../../../../../usr/local/lib/android/sdk/platforms/android-36/data/res/values-mcc313-mnc100-gl: Cannot utime: Operation not permitted
build	Cache Android SDK	2026-06-06T12:22:55.8599524Z /usr/bin/tar: ../../../../../usr/local/lib/android/sdk/platforms/android-36/data/res/values-mcc313-mnc100-gl: Cannot change mode to rwxr-xr-x: Operation not permitted
build	Cache Android SDK	2026-06-06T12:22:55.8603061Z /usr/bin/tar: ../../../../../usr/local/lib/android/sdk/platforms/android-36/data/res/values-mcc310-mnc490-da: Cannot utime: Operation not permitted
build	Cache Android SDK	2026-06-06T12:22:55.8604116Z /usr/bin/tar: ../../../../../usr/local/lib/android/sdk/platforms/android-36/data/res/values-mcc310-mnc490-da: Cannot change mode to rwxr-xr-x: Operation not permitted
build	Cache Android SDK	2026-06-06T12:22:55.8606023Z /usr/bin/tar: ../../../../../usr/local/lib/android/sdk/platforms/android-36/data/res/values-mcc310-mnc240-uz: Cannot utime: Operation not permitted
build	Cache Android SDK	2026-06-06T12:22:55.8606932Z /usr/bin/tar: ../../../../../usr/local/lib/android/sdk/platforms/android-36/data/res/values-mcc310-mnc240-uz: Cannot change mode to rwxr-xr-x: Operation not permitted
build	Cache Android SDK	2026-06-06T12:22:55.8609540Z /usr/bin/tar: ../../../../../usr/local/lib/android/sdk/platforms/android-36/data/res/values-mcc310-mnc170-ky: Cannot utime: Operation not permitted
build	Cache Android SDK	2026-06-06T12:22:55.8610453Z /usr/bin/tar: ../../../../../usr/local/lib/android/sdk/platforms/android-36/data/res/values-mcc310-mnc170-ky: Cannot change mode to rwxr-xr-x: Operation not permitted
build	Cache Android SDK	2026-06-06T12:22:55.8612757Z /usr/bin/tar: ../../../../../usr/local/lib/android/sdk/platforms/android-36/data/res/values-mcc310-mnc950-az: Cannot utime: Operation not permitted
build	Cache Android SDK	2026-06-06T12:22:55.8613663Z /usr/bin/tar: ../../../../../usr/local/lib/android/sdk/platforms/android-36/data/res/values-mcc310-mnc950-az: Cannot change mode to rwxr-xr-x: Operation not permitted
build	Cache Android SDK	2026-06-06T12:22:55.8616267Z /usr/bin/tar: ../../../../../usr/local/lib/android/sdk/platforms/android-36/data/res/values-mcc310-mnc220-zh-rTW: Cannot utime: Operation not permitted
build	Cache Android SDK	2026-06-06T12:22:55.8617304Z /usr/bin/tar: ../../../../../usr/local/lib/android/sdk/platforms/android-36/data/res/values-mcc310-mnc220-zh-rTW: Cannot change mode to rwxr-xr-x: Operation not permitted
build	Cache Android SDK	2026-06-06T12:22:55.8630923Z /usr/bin/tar: ../../../../../usr/local/lib/android/sdk/platforms/android-36/data/res/values-mcc310-mnc150-ky: Cannot utime: Operation not permitted
build	Cache Android SDK	2026-06-06T12:22:55.8632192Z /usr/bin/tar: ../../../../../usr/local/lib/android/sdk/platforms/android-36/data/res/values-mcc310-mnc150-ky: Cannot change mode to rwxr-xr-x: Operation not permitted
build	Cache Android SDK	2026-06-06T12:22:55.8633137Z /usr/bin/tar: ../../../../../usr/local/lib/android/sdk/platforms/android-36/data/res/values-mcc310-mnc950-hi: Cannot utime: Operation not permitted
build	Cache Android SDK	2026-06-06T12:22:55.8634442Z /usr/bin/tar: ../../../../../usr/local/lib/android/sdk/platforms/android-36/data/res/values-mcc310-mnc950-hi: Cannot change mode to rwxr-xr-x: Operation not permitted
build	Cache Android SDK	2026-06-06T12:22:55.8635384Z /usr/bin/tar: ../../../../../usr/local/lib/android/sdk/platforms/android-36/data/res/values-mcc310-mnc250-th: Cannot utime: Operation not permitted
build	Cache Android SDK	2026-06-06T12:22:55.8636502Z /usr/bin/tar: ../../../../../usr/local/lib/android/sdk/platforms/android-36/data/res/values-mcc310-mnc250-th: Cannot change mode to rwxr-xr-x: Operation not permitted
build	Cache Android SDK	2026-06-06T12:22:55.8637686Z /usr/bin/tar: ../../../../../usr/local/lib/android/sdk/platforms/android-36/data/res/values-round-watch: Cannot utime: Operation not permitted
build	Cache Android SDK	2026-06-06T12:22:55.8639008Z /usr/bin/tar: ../../../../../usr/local/lib/android/sdk/platforms/android-36/data/res/values-round-watch: Cannot change mode to rwxr-xr-x: Operation not permitted
build	Cache Android SDK	2026-06-06T12:22:55.8639928Z /usr/bin/tar: ../../../../../usr/local/lib/android/sdk/platforms/android-36/data/res/values-mcc310-mnc160-te: Cannot utime: Operation not permitted
build	Cache Android SDK	2026-06-06T12:22:55.8640837Z /usr/bin/tar: ../../../../../usr/local/lib/android/sdk/platforms/android-36/data/res/values-mcc310-mnc160-te: Cannot change mode to rwxr-xr-x: Operation not permitted
build	Cache Android SDK	2026-06-06T12:22:55.8641988Z /usr/bin/tar: ../../../../../usr/local/lib/android/sdk/platforms/android-36/data/res/color-watch: Cannot utime: Operation not permitted
build	Cache Android SDK	2026-06-06T12:22:55.8643086Z /usr/bin/tar: ../../../../../usr/local/lib/android/sdk/platforms/android-36/data/res/color-watch: Cannot change mode to rwxr-xr-x: Operation not permitted
build	Cache Android SDK	2026-06-06T12:22:55.8644041Z /usr/bin/tar: ../../../../../usr/local/lib/android/sdk/platforms/android-36/data/res/values-mcc310-mnc950-mr: Cannot utime: Operation not permitted
build	Cache Android SDK	2026-06-06T12:22:55.8645017Z /usr/bin/tar: ../../../../../usr/local/lib/android/sdk/platforms/android-36/data/res/values-mcc310-mnc950-mr: Cannot change mode to rwxr-xr-x: Operation not permitted
build	Cache Android SDK	2026-06-06T12:22:55.8646360Z /usr/bin/tar: ../../../../../usr/local/lib/android/sdk/platforms/android-36/data/res/values-mcc312-mnc670-is: Cannot utime: Operation not permitted
build	Cache Android SDK	2026-06-06T12:22:55.8647290Z /usr/bin/tar: ../../../../../usr/local/lib/android/sdk/platforms/android-36/data/res/values-mcc312-mnc670-is: Cannot change mode to rwxr-xr-x: Operation not permitted
build	Cache Android SDK	2026-06-06T12:22:55.8649049Z /usr/bin/tar: ../../../../../usr/local/lib/android/sdk/platforms/android-36/data/res/values-mcc310-mnc030-it: Cannot utime: Operation not permitted
build	Cache Android SDK	2026-06-06T12:22:55.8649968Z /usr/bin/tar: ../../../../../usr/local/lib/android/sdk/platforms/android-36/data/res/values-mcc310-mnc030-it: Cannot change mode to rwxr-xr-x: Operation not permitted
build	Cache Android SDK	2026-06-06T12:22:55.8652269Z /usr/bin/tar: ../../../../../usr/local/lib/android/sdk/platforms/android-36/data/res/values-mcc313-mnc100-ky: Cannot utime: Operation not permitted
build	Cache Android SDK	2026-06-06T12:22:55.8653186Z /usr/bin/tar: ../../../../../usr/local/lib/android/sdk/platforms/android-36/data/res/values-mcc313-mnc100-ky: Cannot change mode to rwxr-xr-x: Operation not permitted
build	Cache Android SDK	2026-06-06T12:22:55.8655462Z /usr/bin/tar: ../../../../../usr/local/lib/android/sdk/platforms/android-36/data/res/values-mcc311-mnc180-en-rAU: Cannot utime: Operation not permitted
build	Cache Android SDK	2026-06-06T12:22:55.8656431Z /usr/bin/tar: ../../../../../usr/local/lib/android/sdk/platforms/android-36/data/res/values-mcc311-mnc180-en-rAU: Cannot change mode to rwxr-xr-x: Operation not permitted
build	Cache Android SDK	2026-06-06T12:22:55.8658707Z /usr/bin/tar: ../../../../../usr/local/lib/android/sdk/platforms/android-36/data/res/values-mcc310-mnc490-sr: Cannot utime: Operation not permitted
build	Cache Android SDK	2026-06-06T12:22:55.8659641Z /usr/bin/tar: ../../../../../usr/local/lib/android/sdk/platforms/android-36/data/res/values-mcc310-mnc490-sr: Cannot change mode to rwxr-xr-x: Operation not permitted
build	Cache Android SDK	2026-06-06T12:22:55.8661899Z /usr/bin/tar: ../../../../../usr/local/lib/android/sdk/platforms/android-36/data/res/values-mcc310-mnc560-uz: Cannot utime: Operation not permitted
build	Cache Android SDK	2026-06-06T12:22:55.8662910Z /usr/bin/tar: ../../../../../usr/local/lib/android/sdk/platforms/android-36/data/res/values-mcc310-mnc560-uz: Cannot change mode to rwxr-xr-x: Operation not permitted
build	Cache Android SDK	2026-06-06T12:22:55.8664821Z /usr/bin/tar: ../../../../../usr/local/lib/android/sdk/platforms/android-36/data/res/values-mcc310-mnc490-sw: Cannot utime: Operation not permitted
build	Cache Android SDK	2026-06-06T12:22:55.8665890Z /usr/bin/tar: ../../../../../usr/local/lib/android/sdk/platforms/android-36/data/res/values-mcc310-mnc490-sw: Cannot change mode to rwxr-xr-x: Operation not permitted
build	Cache Android SDK	2026-06-06T12:22:55.8668014Z /usr/bin/tar: ../../../../../usr/local/lib/android/sdk/platforms/android-36/data/res/values-mcc302-mnc370-is: Cannot utime: Operation not permitted
build	Cache Android SDK	2026-06-06T12:22:55.8668931Z /usr/bin/tar: ../../../../../usr/local/lib/android/sdk/platforms/android-36/data/res/values-mcc302-mnc370-is: Cannot change mode to rwxr-xr-x: Operation not permitted
build	Cache Android SDK	2026-06-06T12:22:55.8671667Z /usr/bin/tar: ../../../../../usr/local/lib/android/sdk/platforms/android-36/data/res/values-mcc302-mnc610: Cannot utime: Operation not permitted
build	Cache Android SDK	2026-06-06T12:22:55.8672586Z /usr/bin/tar: ../../../../../usr/local/lib/android/sdk/platforms/android-36/data/res/values-mcc302-mnc610: Cannot change mode to rwxr-xr-x: Operation not permitted
build	Cache Android SDK	2026-06-06T12:22:55.8675775Z /usr/bin/tar: ../../../../../usr/local/lib/android/sdk/platforms/android-36/data/res/values-mcc310-mnc800-el: Cannot utime: Operation not permitted
build	Cache Android SDK	2026-06-06T12:22:55.8676727Z /usr/bin/tar: ../../../../../usr/local/lib/android/sdk/platforms/android-36/data/res/values-mcc310-mnc800-el: Cannot change mode to rwxr-xr-x: Operation not permitted
build	Cache Android SDK	2026-06-06T12:22:55.8679081Z /usr/bin/tar: ../../../../../usr/local/lib/android/sdk/platforms/android-36/data/res/values-mcc302-mnc720-gl: Cannot utime: Operation not permitted
build	Cache Android SDK	2026-06-06T12:22:55.8680017Z /usr/bin/tar: ../../../../../usr/local/lib/android/sdk/platforms/android-36/data/res/values-mcc302-mnc720-gl: Cannot change mode to rwxr-xr-x: Operation not permitted
build	Cache Android SDK	2026-06-06T12:22:55.8682342Z /usr/bin/tar: ../../../../../usr/local/lib/android/sdk/platforms/android-36/data/res/values-nl-television: Cannot utime: Operation not permitted
build	Cache Android SDK	2026-06-06T12:22:55.8683269Z /usr/bin/tar: ../../../../../usr/local/lib/android/sdk/platforms/android-36/data/res/values-nl-television: Cannot change mode to rwxr-xr-x: Operation not permitted
build	Cache Android SDK	2026-06-06T12:22:55.8685694Z /usr/bin/tar: ../../../../../usr/local/lib/android/sdk/platforms/android-36/data/res/values-mcc334-mnc020-mk: Cannot utime: Operation not permitted
build	Cache Android SDK	2026-06-06T12:22:55.8686633Z /usr/bin/tar: ../../../../../usr/local/lib/android/sdk/platforms/android-36/data/res/values-mcc334-mnc020-mk: Cannot change mode to rwxr-xr-x: Operation not permitted
build	Cache Android SDK	2026-06-06T12:22:55.8689019Z /usr/bin/tar: ../../../../../usr/local/lib/android/sdk/platforms/android-36/data/res/values-mcc310-mnc950-de: Cannot utime: Operation not permitted
build	Cache Android SDK	2026-06-06T12:22:55.8689950Z /usr/bin/tar: ../../../../../usr/local/lib/android/sdk/platforms/android-36/data/res/values-mcc310-mnc950-de: Cannot change mode to rwxr-xr-x: Operation not permitted
build	Cache Android SDK	2026-06-06T12:22:55.8692325Z /usr/bin/tar: ../../../../../usr/local/lib/android/sdk/platforms/android-36/data/res/values-mcc310-mnc270-lt: Cannot utime: Operation not permitted
build	Cache Android SDK	2026-06-06T12:22:55.8693256Z /usr/bin/tar: ../../../../../usr/local/lib/android/sdk/platforms/android-36/data/res/values-mcc310-mnc270-lt: Cannot change mode to rwxr-xr-x: Operation not permitted
build	Cache Android SDK	2026-06-06T12:22:55.8695825Z /usr/bin/tar: ../../../../../usr/local/lib/android/sdk/platforms/android-36/data/res/values-mcc310-mnc410-sk: Cannot utime: Operation not permitted
build	Cache Android SDK	2026-06-06T12:22:55.8696755Z /usr/bin/tar: ../../../../../usr/local/lib/android/sdk/platforms/android-36/data/res/values-mcc310-mnc410-sk: Cannot change mode to rwxr-xr-x: Operation not permitted
build	Cache Android SDK	2026-06-06T12:22:55.8699449Z /usr/bin/tar: ../../../../../usr/local/lib/android/sdk/platforms/android-36/data/res/values-mcc001-mnc01-sq: Cannot utime: Operation not permitted
build	Cache Android SDK	2026-06-06T12:22:55.8700384Z /usr/bin/tar: ../../../../../usr/local/lib/android/sdk/platforms/android-36/data/res/values-mcc001-mnc01-sq: Cannot change mode to rwxr-xr-x: Operation not permitted
build	Cache Android SDK	2026-06-06T12:22:55.8707164Z /usr/bin/tar: ../../../../../usr/local/lib/android/sdk/platforms/android-36/data/res/values-mcc310-mnc230-sl: Cannot utime: Operation not permitted
build	Cache Android SDK	2026-06-06T12:22:55.8708293Z /usr/bin/tar: ../../../../../usr/local/lib/android/sdk/platforms/android-36/data/res/values-mcc310-mnc230-sl: Cannot change mode to rwxr-xr-x: Operation not permitted
build	Cache Android SDK	2026-06-06T12:22:55.8711280Z /usr/bin/tar: ../../../../../usr/local/lib/android/sdk/platforms/android-36/data/res/values-mcc310-mnc240-en-rIN: Cannot utime: Operation not permitted
build	Cache Android SDK	2026-06-06T12:22:55.8712407Z /usr/bin/tar: ../../../../../usr/local/lib/android/sdk/platforms/android-36/data/res/values-mcc310-mnc240-en-rIN: Cannot change mode to rwxr-xr-x: Operation not permitted
build	Cache Android SDK	2026-06-06T12:22:55.8715688Z /usr/bin/tar: ../../../../../usr/local/lib/android/sdk/platforms/android-36/data/res/values-mcc310-mnc560-my: Cannot utime: Operation not permitted
build	Cache Android SDK	2026-06-06T12:22:55.8716609Z /usr/bin/tar: ../../../../../usr/local/lib/android/sdk/platforms/android-36/data/res/values-mcc310-mnc560-my: Cannot change mode to rwxr-xr-x: Operation not permitted
build	Cache Android SDK	2026-06-06T12:22:55.8718764Z /usr/bin/tar: ../../../../../usr/local/lib/android/sdk/platforms/android-36/data/res/values-mcc001-mnc01-ca: Cannot utime: Operation not permitted
build	Cache Android SDK	2026-06-06T12:22:55.8719689Z /usr/bin/tar: ../../../../../usr/local/lib/android/sdk/platforms/android-36/data/res/values-mcc001-mnc01-ca: Cannot change mode to rwxr-xr-x: Operation not permitted
build	Cache Android SDK	2026-06-06T12:22:55.8721890Z /usr/bin/tar: ../../../../../usr/local/lib/android/sdk/platforms/android-36/data/res/values-mcc310-mnc220-be: Cannot utime: Operation not permitted
build	Cache Android SDK	2026-06-06T12:22:55.8722810Z /usr/bin/tar: ../../../../../usr/local/lib/android/sdk/platforms/android-36/data/res/values-mcc310-mnc220-be: Cannot change mode to rwxr-xr-x: Operation not permitted
build	Cache Android SDK	2026-06-06T12:22:55.8725460Z /usr/bin/tar: ../../../../../usr/local/lib/android/sdk/platforms/android-36/data/res/values-mcc334-mnc020-fi: Cannot utime: Operation not permitted
build	Cache Android SDK	2026-06-06T12:22:55.8726378Z /usr/bin/tar: ../../../../../usr/local/lib/android/sdk/platforms/android-36/data/res/values-mcc334-mnc020-fi: Cannot change mode to rwxr-xr-x: Operation not permitted
build	Cache Android SDK	2026-06-06T12:22:55.8729910Z /usr/bin/tar: ../../../../../usr/local/lib/android/sdk/platforms/android-36/data/res/values-mcc302-mnc370-kk: Cannot utime: Operation not permitted
build	Cache Android SDK	2026-06-06T12:22:55.8731027Z /usr/bin/tar: ../../../../../usr/local/lib/android/sdk/platforms/android-36/data/res/values-mcc302-mnc370-kk: Cannot change mode to rwxr-xr-x: Operation not permitted
build	Cache Android SDK	2026-06-06T12:22:55.8733162Z /usr/bin/tar: ../../../../../usr/local/lib/android/sdk/platforms/android-36/data/res/values-mcc311-mnc180-kk: Cannot utime: Operation not permitted
build	Cache Android SDK	2026-06-06T12:22:55.8734243Z /usr/bin/tar: ../../../../../usr/local/lib/android/sdk/platforms/android-36/data/res/values-mcc311-mnc180-kk: Cannot change mode to rwxr-xr-x: Operation not permitted
build	Cache Android SDK	2026-06-06T12:22:55.8736481Z /usr/bin/tar: ../../../../../usr/local/lib/android/sdk/platforms/android-36/data/res/drawable-round-watch: Cannot utime: Operation not permitted
build	Cache Android SDK	2026-06-06T12:22:55.8737660Z /usr/bin/tar: ../../../../../usr/local/lib/android/sdk/platforms/android-36/data/res/drawable-round-watch: Cannot change mode to rwxr-xr-x: Operation not permitted
build	Cache Android SDK	2026-06-06T12:22:55.8739673Z /usr/bin/tar: ../../../../../usr/local/lib/android/sdk/platforms/android-36/data/res/values-pt-rPT-television: Cannot utime: Operation not permitted
build	Cache Android SDK	2026-06-06T12:22:55.8740654Z /usr/bin/tar: ../../../../../usr/local/lib/android/sdk/platforms/android-36/data/res/values-pt-rPT-television: Cannot change mode to rwxr-xr-x: Operation not permitted
build	Cache Android SDK	2026-06-06T12:22:55.8742547Z /usr/bin/tar: ../../../../../usr/local/lib/android/sdk/platforms/android-36/data/res/values-mcc302-mnc720-ur: Cannot utime: Operation not permitted
build	Cache Android SDK	2026-06-06T12:22:55.8743479Z /usr/bin/tar: ../../../../../usr/local/lib/android/sdk/platforms/android-36/data/res/values-mcc302-mnc720-ur: Cannot change mode to rwxr-xr-x: Operation not permitted
build	Cache Android SDK	2026-06-06T12:22:55.9079424Z /usr/bin/tar: ../../../../../usr/local/lib/android/sdk/platforms/android-36/data/res/drawable-xxhdpi: Cannot utime: Operation not permitted
build	Cache Android SDK	2026-06-06T12:22:55.9081404Z /usr/bin/tar: ../../../../../usr/local/lib/android/sdk/platforms/android-36/data/res/drawable-xxhdpi: Cannot change mode to rwxr-xr-x: Operation not permitted
build	Cache Android SDK	2026-06-06T12:22:55.9088836Z /usr/bin/tar: ../../../../../usr/local/lib/android/sdk/platforms/android-36/data/res/values-mcc310-mnc380-th: Cannot utime: Operation not permitted
build	Cache Android SDK	2026-06-06T12:22:55.9090663Z /usr/bin/tar: ../../../../../usr/local/lib/android/sdk/platforms/android-36/data/res/values-mcc310-mnc380-th: Cannot change mode to rwxr-xr-x: Operation not permitted
build	Cache Android SDK	2026-06-06T12:22:55.9092459Z /usr/bin/tar: ../../../../../usr/local/lib/android/sdk/platforms/android-36/data/res/values-mcc310-mnc380-en-rXC: Cannot utime: Operation not permitted
build	Cache Android SDK	2026-06-06T12:22:55.9094247Z /usr/bin/tar: ../../../../../usr/local/lib/android/sdk/platforms/android-36/data/res/values-mcc310-mnc380-en-rXC: Cannot change mode to rwxr-xr-x: Operation not permitted
build	Cache Android SDK	2026-06-06T12:22:55.9096093Z /usr/bin/tar: ../../../../../usr/local/lib/android/sdk/platforms/android-36/data/res/values-mcc310-mnc410-es: Cannot utime: Operation not permitted
build	Cache Android SDK	2026-06-06T12:22:55.9097862Z /usr/bin/tar: ../../../../../usr/local/lib/android/sdk/platforms/android-36/data/res/values-mcc310-mnc410-es: Cannot change mode to rwxr-xr-x: Operation not permitted
build	Cache Android SDK	2026-06-06T12:22:55.9099716Z /usr/bin/tar: ../../../../../usr/local/lib/android/sdk/platforms/android-36/data/res/values-mcc310-mnc660-pt-rBR: Cannot utime: Operation not permitted
build	Cache Android SDK	2026-06-06T12:22:55.9101426Z /usr/bin/tar: ../../../../../usr/local/lib/android/sdk/platforms/android-36/data/res/values-mcc310-mnc660-pt-rBR: Cannot change mode to rwxr-xr-x: Operation not permitted
build	Cache Android SDK	2026-06-06T12:22:55.9103168Z /usr/bin/tar: ../../../../../usr/local/lib/android/sdk/platforms/android-36/data/res/values-mcc310-mnc250-ka: Cannot utime: Operation not permitted
build	Cache Android SDK	2026-06-06T12:22:55.9104839Z /usr/bin/tar: ../../../../../usr/local/lib/android/sdk/platforms/android-36/data/res/values-mcc310-mnc250-ka: Cannot change mode to rwxr-xr-x: Operation not permitted
build	Cache Android SDK	2026-06-06T12:22:55.9106590Z /usr/bin/tar: ../../../../../usr/local/lib/android/sdk/platforms/android-36/data/res/values-mcc310-mnc800-lt: Cannot utime: Operation not permitted
build	Cache Android SDK	2026-06-06T12:22:55.9110023Z /usr/bin/tar: ../../../../../usr/local/lib/android/sdk/platforms/android-36/data/res/values-mcc310-mnc800-lt: Cannot change mode to rwxr-xr-x: Operation not permitted
build	Cache Android SDK	2026-06-06T12:22:55.9111000Z /usr/bin/tar: ../../../../../usr/local/lib/android/sdk/platforms/android-36/data/res/values-my-watch: Cannot utime: Operation not permitted
build	Cache Android SDK	2026-06-06T12:22:55.9112193Z /usr/bin/tar: ../../../../../usr/local/lib/android/sdk/platforms/android-36/data/res/values-my-watch: Cannot change mode to rwxr-xr-x: Operation not permitted
build	Cache Android SDK	2026-06-06T12:22:55.9113772Z /usr/bin/tar: ../../../../../usr/local/lib/android/sdk/platforms/android-36/data/res/values-mcc310-mnc950-sl: Cannot utime: Operation not permitted
build	Cache Android SDK	2026-06-06T12:22:55.9115256Z /usr/bin/tar: ../../../../../usr/local/lib/android/sdk/platforms/android-36/data/res/values-mcc310-mnc950-sl: Cannot change mode to rwxr-xr-x: Operation not permitted
build	Cache Android SDK	2026-06-06T12:22:55.9116184Z /usr/bin/tar: ../../../../../usr/local/lib/android/sdk/platforms/android-36/data/res/values-uz: Cannot utime: Operation not permitted
build	Cache Android SDK	2026-06-06T12:22:55.9117013Z /usr/bin/tar: ../../../../../usr/local/lib/android/sdk/platforms/android-36/data/res/values-uz: Cannot change mode to rwxr-xr-x: Operation not permitted
build	Cache Android SDK	2026-06-06T12:22:55.9118490Z /usr/bin/tar: ../../../../../usr/local/lib/android/sdk/platforms/android-36/data/res/values-mcc310-mnc380-mr: Cannot utime: Operation not permitted
build	Cache Android SDK	2026-06-06T12:22:55.9119413Z /usr/bin/tar: ../../../../../usr/local/lib/android/sdk/platforms/android-36/data/res/values-mcc310-mnc380-mr: Cannot change mode to rwxr-xr-x: Operation not permitted
build	Cache Android SDK	2026-06-06T12:22:55.9121580Z /usr/bin/tar: ../../../../../usr/local/lib/android/sdk/platforms/android-36/data/res/values-mcc310-mnc160-kk: Cannot utime: Operation not permitted
build	Cache Android SDK	2026-06-06T12:22:55.9122501Z /usr/bin/tar: ../../../../../usr/local/lib/android/sdk/platforms/android-36/data/res/values-mcc310-mnc160-kk: Cannot change mode to rwxr-xr-x: Operation not permitted
build	Cache Android SDK	2026-06-06T12:22:55.9125728Z /usr/bin/tar: ../../../../../usr/local/lib/android/sdk/platforms/android-36/data/res/values-mcc310-mnc240-is: Cannot utime: Operation not permitted
build	Cache Android SDK	2026-06-06T12:22:55.9126716Z /usr/bin/tar: ../../../../../usr/local/lib/android/sdk/platforms/android-36/data/res/values-mcc310-mnc240-is: Cannot change mode to rwxr-xr-x: Operation not permitted
build	Cache Android SDK	2026-06-06T12:22:55.9129409Z /usr/bin/tar: ../../../../../usr/local/lib/android/sdk/platforms/android-36/data/res/values-mcc313-mnc100: Cannot utime: Operation not permitted
build	Cache Android SDK	2026-06-06T12:22:55.9130330Z /usr/bin/tar: ../../../../../usr/local/lib/android/sdk/platforms/android-36/data/res/values-mcc313-mnc100: Cannot change mode to rwxr-xr-x: Operation not permitted
build	Cache Android SDK	2026-06-06T12:22:55.9132650Z /usr/bin/tar: ../../../../../usr/local/lib/android/sdk/platforms/android-36/data/res/values-mcc313-mnc100-mk: Cannot utime: Operation not permitted
build	Cache Android SDK	2026-06-06T12:22:55.9133702Z /usr/bin/tar: ../../../../../usr/local/lib/android/sdk/platforms/android-36/data/res/values-mcc313-mnc100-mk: Cannot change mode to rwxr-xr-x: Operation not permitted
build	Cache Android SDK	2026-06-06T12:22:55.9136032Z /usr/bin/tar: ../../../../../usr/local/lib/android/sdk/platforms/android-36/data/res/values-mcc310-mnc030-bg: Cannot utime: Operation not permitted
build	Cache Android SDK	2026-06-06T12:22:55.9137015Z /usr/bin/tar: ../../../../../usr/local/lib/android/sdk/platforms/android-36/data/res/values-mcc310-mnc030-bg: Cannot change mode to rwxr-xr-x: Operation not permitted
build	Cache Android SDK	2026-06-06T12:22:55.9139721Z /usr/bin/tar: ../../../../../usr/local/lib/android/sdk/platforms/android-36/data/res/values-hi-watch: Cannot utime: Operation not permitted
build	Cache Android SDK	2026-06-06T12:22:55.9140604Z /usr/bin/tar: ../../../../../usr/local/lib/android/sdk/platforms/android-36/data/res/values-hi-watch: Cannot change mode to rwxr-xr-x: Operation not permitted
build	Cache Android SDK	2026-06-06T12:22:55.9142907Z /usr/bin/tar: ../../../../../usr/local/lib/android/sdk/platforms/android-36/data/res/values-mcc310-mnc160-ru: Cannot utime: Operation not permitted
build	Cache Android SDK	2026-06-06T12:22:55.9143842Z /usr/bin/tar: ../../../../../usr/local/lib/android/sdk/platforms/android-36/data/res/values-mcc310-mnc160-ru: Cannot change mode to rwxr-xr-x: Operation not permitted
build	Cache Android SDK	2026-06-06T12:22:55.9146498Z /usr/bin/tar: ../../../../../usr/local/lib/android/sdk/platforms/android-36/data/res/values-mcc310-mnc240-km: Cannot utime: Operation not permitted
build	Cache Android SDK	2026-06-06T12:22:55.9147531Z /usr/bin/tar: ../../../../../usr/local/lib/android/sdk/platforms/android-36/data/res/values-mcc310-mnc240-km: Cannot change mode to rwxr-xr-x: Operation not permitted
build	Cache Android SDK	2026-06-06T12:22:55.9150787Z /usr/bin/tar: ../../../../../usr/local/lib/android/sdk/platforms/android-36/data/res/values-mcc310-mnc270-ro: Cannot utime: Operation not permitted
build	Cache Android SDK	2026-06-06T12:22:55.9151723Z /usr/bin/tar: ../../../../../usr/local/lib/android/sdk/platforms/android-36/data/res/values-mcc310-mnc270-ro: Cannot change mode to rwxr-xr-x: Operation not permitted
build	Cache Android SDK	2026-06-06T12:22:55.9154414Z /usr/bin/tar: ../../../../../usr/local/lib/android/sdk/platforms/android-36/data/res/values-ko-television: Cannot utime: Operation not permitted
build	Cache Android SDK	2026-06-06T12:22:55.9155332Z /usr/bin/tar: ../../../../../usr/local/lib/android/sdk/platforms/android-36/data/res/values-ko-television: Cannot change mode to rwxr-xr-x: Operation not permitted
build	Cache Android SDK	2026-06-06T12:22:55.9158258Z /usr/bin/tar: ../../../../../usr/local/lib/android/sdk/platforms/android-36/data/res/values-mcc310-mnc230-ja: Cannot utime: Operation not permitted
build	Cache Android SDK	2026-06-06T12:22:55.9159181Z /usr/bin/tar: ../../../../../usr/local/lib/android/sdk/platforms/android-36/data/res/values-mcc310-mnc230-ja: Cannot change mode to rwxr-xr-x: Operation not permitted
build	Cache Android SDK	2026-06-06T12:22:55.9165349Z /usr/bin/tar: ../../../../../usr/local/lib/android/sdk/platforms/android-36/data/res/values-mcc312-mnc670-kk: Cannot utime: Operation not permitted
build	Cache Android SDK	2026-06-06T12:22:55.9166381Z /usr/bin/tar: ../../../../../usr/local/lib/android/sdk/platforms/android-36/data/res/values-mcc312-mnc670-kk: Cannot change mode to rwxr-xr-x: Operation not permitted
build	Cache Android SDK	2026-06-06T12:22:55.9168691Z /usr/bin/tar: ../../../../../usr/local/lib/android/sdk/platforms/android-36/data/res/values-sw360dp: Cannot utime: Operation not permitted
build	Cache Android SDK	2026-06-06T12:22:55.9169183Z /usr/bin/tar: ../../../../../usr/local/lib/android/sdk/platforms/android-36/data/res/values-sw360dp: Cannot change mode to rwxr-xr-x: Operation not permitted
build	Cache Android SDK	2026-06-06T12:22:55.9172004Z /usr/bin/tar: ../../../../../usr/local/lib/android/sdk/platforms/android-36/data/res/values-mcc310-mnc150-sw: Cannot utime: Operation not permitted
build	Cache Android SDK	2026-06-06T12:22:55.9172450Z /usr/bin/tar: ../../../../../usr/local/lib/android/sdk/platforms/android-36/data/res/values-mcc310-mnc150-sw: Cannot change mode to rwxr-xr-x: Operation not permitted
build	Cache Android SDK	2026-06-06T12:22:55.9179473Z /usr/bin/tar: ../../../../../usr/local/lib/android/sdk/platforms/android-36/data/res/values-ar: Cannot utime: Operation not permitted
build	Cache Android SDK	2026-06-06T12:22:55.9180024Z /usr/bin/tar: ../../../../../usr/local/lib/android/sdk/platforms/android-36/data/res/values-ar: Cannot change mode to rwxr-xr-x: Operation not permitted
build	Cache Android SDK	2026-06-06T12:22:55.9183311Z /usr/bin/tar: ../../../../../usr/local/lib/android/sdk/platforms/android-36/data/res/values-mcc310-mnc660-en-rAU: Cannot utime: Operation not permitted
build	Cache Android SDK	2026-06-06T12:22:55.9183851Z /usr/bin/tar: ../../../../../usr/local/lib/android/sdk/platforms/android-36/data/res/values-mcc310-mnc660-en-rAU: Cannot change mode to rwxr-xr-x: Operation not permitted
build	Cache Android SDK	2026-06-06T12:22:55.9186516Z /usr/bin/tar: ../../../../../usr/local/lib/android/sdk/platforms/android-36/data/res/values-mcc310-mnc230-sw: Cannot utime: Operation not permitted
build	Cache Android SDK	2026-06-06T12:22:55.9186961Z /usr/bin/tar: ../../../../../usr/local/lib/android/sdk/platforms/android-36/data/res/values-mcc310-mnc230-sw: Cannot change mode to rwxr-xr-x: Operation not permitted
build	Cache Android SDK	2026-06-06T12:22:55.9189829Z /usr/bin/tar: ../../../../../usr/local/lib/android/sdk/platforms/android-36/data/res/values-mcc310-mnc280-ky: Cannot utime: Operation not permitted
build	Cache Android SDK	2026-06-06T12:22:55.9190279Z /usr/bin/tar: ../../../../../usr/local/lib/android/sdk/platforms/android-36/data/res/values-mcc310-mnc280-ky: Cannot change mode to rwxr-xr-x: Operation not permitted
build	Cache Android SDK	2026-06-06T12:22:55.9192973Z /usr/bin/tar: ../../../../../usr/local/lib/android/sdk/platforms/android-36/data/res/values-mcc310-mnc490-mk: Cannot utime: Operation not permitted
build	Cache Android SDK	2026-06-06T12:22:55.9193417Z /usr/bin/tar: ../../../../../usr/local/lib/android/sdk/platforms/android-36/data/res/values-mcc310-mnc490-mk: Cannot change mode to rwxr-xr-x: Operation not permitted
build	Cache Android SDK	2026-06-06T12:22:55.9196267Z /usr/bin/tar: ../../../../../usr/local/lib/android/sdk/platforms/android-36/data/res/values-mcc310-mnc200-fr: Cannot utime: Operation not permitted
build	Cache Android SDK	2026-06-06T12:22:55.9196711Z /usr/bin/tar: ../../../../../usr/local/lib/android/sdk/platforms/android-36/data/res/values-mcc310-mnc200-fr: Cannot change mode to rwxr-xr-x: Operation not permitted
build	Cache Android SDK	2026-06-06T12:22:55.9199350Z /usr/bin/tar: ../../../../../usr/local/lib/android/sdk/platforms/android-36/data/res/values-mcc310-mnc150-fi: Cannot utime: Operation not permitted
build	Cache Android SDK	2026-06-06T12:22:55.9199797Z /usr/bin/tar: ../../../../../usr/local/lib/android/sdk/platforms/android-36/data/res/values-mcc310-mnc150-fi: Cannot change mode to rwxr-xr-x: Operation not permitted
build	Cache Android SDK	2026-06-06T12:22:55.9201903Z /usr/bin/tar: ../../../../../usr/local/lib/android/sdk/platforms/android-36/data/res/values-mcc310-mnc560-kk: Cannot utime: Operation not permitted
build	Cache Android SDK	2026-06-06T12:22:55.9202353Z /usr/bin/tar: ../../../../../usr/local/lib/android/sdk/platforms/android-36/data/res/values-mcc310-mnc560-kk: Cannot change mode to rwxr-xr-x: Operation not permitted
build	Cache Android SDK	2026-06-06T12:22:55.9204591Z /usr/bin/tar: ../../../../../usr/local/lib/android/sdk/platforms/android-36/data/res/values-mcc310-mnc220-nl: Cannot utime: Operation not permitted
build	Cache Android SDK	2026-06-06T12:22:55.9205034Z /usr/bin/tar: ../../../../../usr/local/lib/android/sdk/platforms/android-36/data/res/values-mcc310-mnc220-nl: Cannot change mode to rwxr-xr-x: Operation not permitted
build	Cache Android SDK	2026-06-06T12:22:55.9207802Z /usr/bin/tar: ../../../../../usr/local/lib/android/sdk/platforms/android-36/data/res/values-mcc310-mnc800-bn: Cannot utime: Operation not permitted
build	Cache Android SDK	2026-06-06T12:22:55.9208312Z /usr/bin/tar: ../../../../../usr/local/lib/android/sdk/platforms/android-36/data/res/values-mcc310-mnc800-bn: Cannot change mode to rwxr-xr-x: Operation not permitted
build	Cache Android SDK	2026-06-06T12:22:55.9211456Z /usr/bin/tar: ../../../../../usr/local/lib/android/sdk/platforms/android-36/data/res/values-mcc310-mnc950-pt-rPT: Cannot utime: Operation not permitted
build	Cache Android SDK	2026-06-06T12:22:55.9211921Z /usr/bin/tar: ../../../../../usr/local/lib/android/sdk/platforms/android-36/data/res/values-mcc310-mnc950-pt-rPT: Cannot change mode to rwxr-xr-x: Operation not permitted
build	Cache Android SDK	2026-06-06T12:22:55.9215234Z /usr/bin/tar: ../../../../../usr/local/lib/android/sdk/platforms/android-36/data/res/values-mcc001-mnc01-de: Cannot utime: Operation not permitted
build	Cache Android SDK	2026-06-06T12:22:55.9215908Z /usr/bin/tar: ../../../../../usr/local/lib/android/sdk/platforms/android-36/data/res/values-mcc001-mnc01-de: Cannot change mode to rwxr-xr-x: Operation not permitted
build	Cache Android SDK	2026-06-06T12:22:55.9218929Z /usr/bin/tar: ../../../../../usr/local/lib/android/sdk/platforms/android-36/data/res/values-mcc310-mnc210-nb: Cannot utime: Operation not permitted
build	Cache Android SDK	2026-06-06T12:22:55.9219472Z /usr/bin/tar: ../../../../../usr/local/lib/android/sdk/platforms/android-36/data/res/values-mcc310-mnc210-nb: Cannot change mode to rwxr-xr-x: Operation not permitted
build	Cache Android SDK	2026-06-06T12:22:55.9225623Z /usr/bin/tar: ../../../../../usr/local/lib/android/sdk/platforms/android-36/data/res/values-fa: Cannot utime: Operation not permitted
build	Cache Android SDK	2026-06-06T12:22:55.9226038Z /usr/bin/tar: ../../../../../usr/local/lib/android/sdk/platforms/android-36/data/res/values-fa: Cannot change mode to rwxr-xr-x: Operation not permitted
build	Cache Android SDK	2026-06-06T12:22:55.9229316Z /usr/bin/tar: ../../../../../usr/local/lib/android/sdk/platforms/android-36/data/res/values-mcc310-mnc380-ms: Cannot utime: Operation not permitted
build	Cache Android SDK	2026-06-06T12:22:55.9229773Z /usr/bin/tar: ../../../../../usr/local/lib/android/sdk/platforms/android-36/data/res/values-mcc310-mnc380-ms: Cannot change mode to rwxr-xr-x: Operation not permitted
build	Cache Android SDK	2026-06-06T12:22:55.9234737Z /usr/bin/tar: ../../../../../usr/local/lib/android/sdk/platforms/android-36/data/res/values-mcc310-mnc310-tl: Cannot utime: Operation not permitted
build	Cache Android SDK	2026-06-06T12:22:55.9235303Z /usr/bin/tar: ../../../../../usr/local/lib/android/sdk/platforms/android-36/data/res/values-mcc310-mnc310-tl: Cannot change mode to rwxr-xr-x: Operation not permitted
build	Cache Android SDK	2026-06-06T12:22:55.9241053Z /usr/bin/tar: ../../../../../usr/local/lib/android/sdk/platforms/android-36/data/res/xml-mdpi: Cannot utime: Operation not permitted
build	Cache Android SDK	2026-06-06T12:22:55.9241448Z /usr/bin/tar: ../../../../../usr/local/lib/android/sdk/platforms/android-36/data/res/xml-mdpi: Cannot change mode to rwxr-xr-x: Operation not permitted
build	Cache Android SDK	2026-06-06T12:22:55.9244012Z /usr/bin/tar: ../../../../../usr/local/lib/android/sdk/platforms/android-36/data/res/values-mcc310-mnc150-zh-rTW: Cannot utime: Operation not permitted
build	Cache Android SDK	2026-06-06T12:22:55.9244480Z /usr/bin/tar: ../../../../../usr/local/lib/android/sdk/platforms/android-36/data/res/values-mcc310-mnc150-zh-rTW: Cannot change mode to rwxr-xr-x: Operation not permitted
build	Cache Android SDK	2026-06-06T12:22:55.9247132Z /usr/bin/tar: ../../../../../usr/local/lib/android/sdk/platforms/android-36/data/res/values-mcc334-mnc020-zh-rHK: Cannot utime: Operation not permitted
build	Cache Android SDK	2026-06-06T12:22:55.9247729Z /usr/bin/tar: ../../../../../usr/local/lib/android/sdk/platforms/android-36/data/res/values-mcc334-mnc020-zh-rHK: Cannot change mode to rwxr-xr-x: Operation not permitted
build	Cache Android SDK	2026-06-06T12:22:55.9250093Z /usr/bin/tar: ../../../../../usr/local/lib/android/sdk/platforms/android-36/data/res/values-mcc310-mnc250-es-rUS: Cannot utime: Operation not permitted
build	Cache Android SDK	2026-06-06T12:22:55.9250557Z /usr/bin/tar: ../../../../../usr/local/lib/android/sdk/platforms/android-36/data/res/values-mcc310-mnc250-es-rUS: Cannot change mode to rwxr-xr-x: Operation not permitted
build	Cache Android SDK	2026-06-06T12:22:55.9253156Z /usr/bin/tar: ../../../../../usr/local/lib/android/sdk/platforms/android-36/data/res/values-mcc310-mnc800-uz: Cannot utime: Operation not permitted
build	Cache Android SDK	2026-06-06T12:22:55.9253663Z /usr/bin/tar: ../../../../../usr/local/lib/android/sdk/platforms/android-36/data/res/values-mcc310-mnc800-uz: Cannot change mode to rwxr-xr-x: Operation not permitted
build	Cache Android SDK	2026-06-06T12:22:55.9259165Z /usr/bin/tar: ../../../../../usr/local/lib/android/sdk/platforms/android-36/data/res/values-mcc310-mnc660-th: Cannot utime: Operation not permitted
build	Cache Android SDK	2026-06-06T12:22:55.9259764Z /usr/bin/tar: ../../../../../usr/local/lib/android/sdk/platforms/android-36/data/res/values-mcc310-mnc660-th: Cannot change mode to rwxr-xr-x: Operation not permitted
build	Cache Android SDK	2026-06-06T12:22:55.9263277Z /usr/bin/tar: ../../../../../usr/local/lib/android/sdk/platforms/android-36/data/res/values-mcc310-mnc490-ru: Cannot utime: Operation not permitted
build	Cache Android SDK	2026-06-06T12:22:55.9263792Z /usr/bin/tar: ../../../../../usr/local/lib/android/sdk/platforms/android-36/data/res/values-mcc310-mnc490-ru: Cannot change mode to rwxr-xr-x: Operation not permitted
build	Cache Android SDK	2026-06-06T12:22:55.9266955Z /usr/bin/tar: ../../../../../usr/local/lib/android/sdk/platforms/android-36/data/res/values-mcc312-mnc670-in: Cannot utime: Operation not permitted
build	Cache Android SDK	2026-06-06T12:22:55.9267564Z /usr/bin/tar: ../../../../../usr/local/lib/android/sdk/platforms/android-36/data/res/values-mcc312-mnc670-in: Cannot change mode to rwxr-xr-x: Operation not permitted
build	Cache Android SDK	2026-06-06T12:22:55.9271477Z /usr/bin/tar: ../../../../../usr/local/lib/android/sdk/platforms/android-36/data/res/values-mcc310-mnc310-bn: Cannot utime: Operation not permitted
build	Cache Android SDK	2026-06-06T12:22:55.9271924Z /usr/bin/tar: ../../../../../usr/local/lib/android/sdk/platforms/android-36/data/res/values-mcc310-mnc310-bn: Cannot change mode to rwxr-xr-x: Operation not permitted
build	Cache Android SDK	2026-06-06T12:22:55.9274318Z /usr/bin/tar: ../../../../../usr/local/lib/android/sdk/platforms/android-36/data/res/values-mcc310-mnc280: Cannot utime: Operation not permitted
build	Cache Android SDK	2026-06-06T12:22:55.9274761Z /usr/bin/tar: ../../../../../usr/local/lib/android/sdk/platforms/android-36/data/res/values-mcc310-mnc280: Cannot change mode to rwxr-xr-x: Operation not permitted
build	Cache Android SDK	2026-06-06T12:22:55.9278014Z /usr/bin/tar: ../../../../../usr/local/lib/android/sdk/platforms/android-36/data/res/values-mcc310-mnc310-ca: Cannot utime: Operation not permitted
build	Cache Android SDK	2026-06-06T12:22:55.9281610Z /usr/bin/tar: ../../../../../usr/local/lib/android/sdk/platforms/android-36/data/res/values-mcc310-mnc310-ca: Cannot change mode to rwxr-xr-x: Operation not permitted
build	Cache Android SDK	2026-06-06T12:22:55.9282001Z /usr/bin/tar: ../../../../../usr/local/lib/android/sdk/platforms/android-36/data/res/values-mcc310-mnc490-gu: Cannot utime: Operation not permitted
build	Cache Android SDK	2026-06-06T12:22:55.9282440Z /usr/bin/tar: ../../../../../usr/local/lib/android/sdk/platforms/android-36/data/res/values-mcc310-mnc490-gu: Cannot change mode to rwxr-xr-x: Operation not permitted
build	Cache Android SDK	2026-06-06T12:22:55.9284922Z /usr/bin/tar: ../../../../../usr/local/lib/android/sdk/platforms/android-36/data/res/values-mcc334-mnc020-as: Cannot utime: Operation not permitted
build	Cache Android SDK	2026-06-06T12:22:55.9285386Z /usr/bin/tar: ../../../../../usr/local/lib/android/sdk/platforms/android-36/data/res/values-mcc334-mnc020-as: Cannot change mode to rwxr-xr-x: Operation not permitted
build	Cache Android SDK	2026-06-06T12:22:55.9290411Z /usr/bin/tar: ../../../../../usr/local/lib/android/sdk/platforms/android-36/data/res/values-mcc001-mnc01-th: Cannot utime: Operation not permitted
build	Cache Android SDK	2026-06-06T12:22:55.9290850Z /usr/bin/tar: ../../../../../usr/local/lib/android/sdk/platforms/android-36/data/res/values-mcc001-mnc01-th: Cannot change mode to rwxr-xr-x: Operation not permitted
build	Cache Android SDK	2026-06-06T12:22:55.9293956Z /usr/bin/tar: ../../../../../usr/local/lib/android/sdk/platforms/android-36/data/res/values-mcc310-mnc150-iw: Cannot utime: Operation not permitted
build	Cache Android SDK	2026-06-06T12:22:55.9294400Z /usr/bin/tar: ../../../../../usr/local/lib/android/sdk/platforms/android-36/data/res/values-mcc310-mnc150-iw: Cannot change mode to rwxr-xr-x: Operation not permitted
build	Cache Android SDK	2026-06-06T12:22:55.9299156Z /usr/bin/tar: ../../../../../usr/local/lib/android/sdk/platforms/android-36/data/res/values-mcc440-mnc20: Cannot utime: Operation not permitted
build	Cache Android SDK	2026-06-06T12:22:55.9299813Z /usr/bin/tar: ../../../../../usr/local/lib/android/sdk/platforms/android-36/data/res/values-mcc440-mnc20: Cannot change mode to rwxr-xr-x: Operation not permitted
build	Cache Android SDK	2026-06-06T12:22:55.9302358Z /usr/bin/tar: ../../../../../usr/local/lib/android/sdk/platforms/android-36/data/res/values-mcc310-mnc030-ky: Cannot utime: Operation not permitted
build	Cache Android SDK	2026-06-06T12:22:55.9302833Z /usr/bin/tar: ../../../../../usr/local/lib/android/sdk/platforms/android-36/data/res/values-mcc310-mnc030-ky: Cannot change mode to rwxr-xr-x: Operation not permitted
build	Cache Android SDK	2026-06-06T12:22:55.9305861Z /usr/bin/tar: ../../../../../usr/local/lib/android/sdk/platforms/android-36/data/res/values-mcc230: Cannot utime: Operation not permitted
build	Cache Android SDK	2026-06-06T12:22:55.9306398Z /usr/bin/tar: ../../../../../usr/local/lib/android/sdk/platforms/android-36/data/res/values-mcc230: Cannot change mode to rwxr-xr-x: Operation not permitted
build	Cache Android SDK	2026-06-06T12:22:55.9308966Z /usr/bin/tar: ../../../../../usr/local/lib/android/sdk/platforms/android-36/data/res/values-mcc310-mnc800-mk: Cannot utime: Operation not permitted
build	Cache Android SDK	2026-06-06T12:22:55.9309524Z /usr/bin/tar: ../../../../../usr/local/lib/android/sdk/platforms/android-36/data/res/values-mcc310-mnc800-mk: Cannot change mode to rwxr-xr-x: Operation not permitted
build	Cache Android SDK	2026-06-06T12:22:55.9312488Z /usr/bin/tar: ../../../../../usr/local/lib/android/sdk/platforms/android-36/data/res/values-mcc310-mnc410-th: Cannot utime: Operation not permitted
build	Cache Android SDK	2026-06-06T12:22:55.9312954Z /usr/bin/tar: ../../../../../usr/local/lib/android/sdk/platforms/android-36/data/res/values-mcc310-mnc410-th: Cannot change mode to rwxr-xr-x: Operation not permitted
build	Cache Android SDK	2026-06-06T12:22:55.9316194Z /usr/bin/tar: ../../../../../usr/local/lib/android/sdk/platforms/android-36/data/res/values-mcc310-mnc200-mr: Cannot utime: Operation not permitted
build	Cache Android SDK	2026-06-06T12:22:55.9316662Z /usr/bin/tar: ../../../../../usr/local/lib/android/sdk/platforms/android-36/data/res/values-mcc310-mnc200-mr: Cannot change mode to rwxr-xr-x: Operation not permitted
build	Cache Android SDK	2026-06-06T12:22:55.9798570Z /usr/bin/tar: ../../../../../usr/local/lib/android/sdk/platforms/android-36/data/res/drawable-hdpi: Cannot utime: Operation not permitted
build	Cache Android SDK	2026-06-06T12:22:55.9799392Z /usr/bin/tar: ../../../../../usr/local/lib/android/sdk/platforms/android-36/data/res/drawable-hdpi: Cannot change mode to rwxr-xr-x: Operation not permitted
build	Cache Android SDK	2026-06-06T12:22:55.9800477Z /usr/bin/tar: ../../../../../usr/local/lib/android/sdk/platforms/android-36/data/res/values-mcc310-mnc380-pl: Cannot utime: Operation not permitted
build	Cache Android SDK	2026-06-06T12:22:55.9801074Z /usr/bin/tar: ../../../../../usr/local/lib/android/sdk/platforms/android-36/data/res/values-mcc310-mnc380-pl: Cannot change mode to rwxr-xr-x: Operation not permitted
build	Cache Android SDK	2026-06-06T12:22:55.9804306Z /usr/bin/tar: ../../../../../usr/local/lib/android/sdk/platforms/android-36/data/res/values-mcc312-mnc670-th: Cannot utime: Operation not permitted
build	Cache Android SDK	2026-06-06T12:22:55.9804777Z /usr/bin/tar: ../../../../../usr/local/lib/android/sdk/platforms/android-36/data/res/values-mcc312-mnc670-th: Cannot change mode to rwxr-xr-x: Operation not permitted
build	Cache Android SDK	2026-06-06T12:22:55.9808699Z /usr/bin/tar: ../../../../../usr/local/lib/android/sdk/platforms/android-36/data/res/values-pa-television: Cannot utime: Operation not permitted
build	Cache Android SDK	2026-06-06T12:22:55.9809558Z /usr/bin/tar: ../../../../../usr/local/lib/android/sdk/platforms/android-36/data/res/values-pa-television: Cannot change mode to rwxr-xr-x: Operation not permitted
build	Cache Android SDK	2026-06-06T12:22:55.9811668Z /usr/bin/tar: ../../../../../usr/local/lib/android/sdk/platforms/android-36/data/res/values-mcc310-mnc030-uz: Cannot utime: Operation not permitted
build	Cache Android SDK	2026-06-06T12:22:55.9812182Z /usr/bin/tar: ../../../../../usr/local/lib/android/sdk/platforms/android-36/data/res/values-mcc310-mnc030-uz: Cannot change mode to rwxr-xr-x: Operation not permitted
build	Cache Android SDK	2026-06-06T12:22:55.9815092Z /usr/bin/tar: ../../../../../usr/local/lib/android/sdk/platforms/android-36/data/res/values-mcc716-mnc06: Cannot utime: Operation not permitted
build	Cache Android SDK	2026-06-06T12:22:55.9815756Z /usr/bin/tar: ../../../../../usr/local/lib/android/sdk/platforms/android-36/data/res/values-mcc716-mnc06: Cannot change mode to rwxr-xr-x: Operation not permitted
build	Cache Android SDK	2026-06-06T12:22:55.9818406Z /usr/bin/tar: ../../../../../usr/local/lib/android/sdk/platforms/android-36/data/res/values-es-rPE: Cannot utime: Operation not permitted
build	Cache Android SDK	2026-06-06T12:22:55.9818888Z /usr/bin/tar: ../../../../../usr/local/lib/android/sdk/platforms/android-36/data/res/values-es-rPE: Cannot change mode to rwxr-xr-x: Operation not permitted
build	Cache Android SDK	2026-06-06T12:22:55.9821447Z /usr/bin/tar: ../../../../../usr/local/lib/android/sdk/platforms/android-36/data/res/values-mcc001-mnc01-my: Cannot utime: Operation not permitted
build	Cache Android SDK	2026-06-06T12:22:55.9822640Z /usr/bin/tar: ../../../../../usr/local/lib/android/sdk/platforms/android-36/data/res/values-mcc001-mnc01-my: Cannot change mode to rwxr-xr-x: Operation not permitted
build	Cache Android SDK	2026-06-06T12:22:55.9824496Z /usr/bin/tar: ../../../../../usr/local/lib/android/sdk/platforms/android-36/data/res/values-mcc302-mnc720-si: Cannot utime: Operation not permitted
build	Cache Android SDK	2026-06-06T12:22:55.9825099Z /usr/bin/tar: ../../../../../usr/local/lib/android/sdk/platforms/android-36/data/res/values-mcc302-mnc720-si: Cannot change mode to rwxr-xr-x: Operation not permitted
build	Cache Android SDK	2026-06-06T12:22:55.9827271Z /usr/bin/tar: ../../../../../usr/local/lib/android/sdk/platforms/android-36/data/res/values-mcc310-mnc170-eu: Cannot utime: Operation not permitted
build	Cache Android SDK	2026-06-06T12:22:55.9827885Z /usr/bin/tar: ../../../../../usr/local/lib/android/sdk/platforms/android-36/data/res/values-mcc310-mnc170-eu: Cannot change mode to rwxr-xr-x: Operation not permitted
build	Cache Android SDK	2026-06-06T12:22:55.9830378Z /usr/bin/tar: ../../../../../usr/local/lib/android/sdk/platforms/android-36/data/res/values-mcc310-mnc560-vi: Cannot utime: Operation not permitted
build	Cache Android SDK	2026-06-06T12:22:55.9830851Z /usr/bin/tar: ../../../../../usr/local/lib/android/sdk/platforms/android-36/data/res/values-mcc310-mnc560-vi: Cannot change mode to rwxr-xr-x: Operation not permitted
build	Cache Android SDK	2026-06-06T12:22:55.9833229Z /usr/bin/tar: ../../../../../usr/local/lib/android/sdk/platforms/android-36/data/res/values-mcc310-mnc380-et: Cannot utime: Operation not permitted
build	Cache Android SDK	2026-06-06T12:22:55.9833695Z /usr/bin/tar: ../../../../../usr/local/lib/android/sdk/platforms/android-36/data/res/values-mcc310-mnc380-et: Cannot change mode to rwxr-xr-x: Operation not permitted
build	Cache Android SDK	2026-06-06T12:22:55.9836323Z /usr/bin/tar: ../../../../../usr/local/lib/android/sdk/platforms/android-36/data/res/values-mcc310-mnc800-lo: Cannot utime: Operation not permitted
build	Cache Android SDK	2026-06-06T12:22:55.9836773Z /usr/bin/tar: ../../../../../usr/local/lib/android/sdk/platforms/android-36/data/res/values-mcc310-mnc800-lo: Cannot change mode to rwxr-xr-x: Operation not permitted
build	Cache Android SDK	2026-06-06T12:22:55.9839769Z /usr/bin/tar: ../../../../../usr/local/lib/android/sdk/platforms/android-36/data/res/values-mcc310-mnc200-ar: Cannot utime: Operation not permitted
build	Cache Android SDK	2026-06-06T12:22:55.9840240Z /usr/bin/tar: ../../../../../usr/local/lib/android/sdk/platforms/android-36/data/res/values-mcc310-mnc200-ar: Cannot change mode to rwxr-xr-x: Operation not permitted
build	Cache Android SDK	2026-06-06T12:22:55.9842834Z /usr/bin/tar: ../../../../../usr/local/lib/android/sdk/platforms/android-36/data/res/values-mcc310-mnc490-ar: Cannot utime: Operation not permitted
build	Cache Android SDK	2026-06-06T12:22:55.9843286Z /usr/bin/tar: ../../../../../usr/local/lib/android/sdk/platforms/android-36/data/res/values-mcc310-mnc490-ar: Cannot change mode to rwxr-xr-x: Operation not permitted
build	Cache Android SDK	2026-06-06T12:22:55.9845808Z /usr/bin/tar: ../../../../../usr/local/lib/android/sdk/platforms/android-36/data/res/values-mcc310-mnc310-si: Cannot utime: Operation not permitted
build	Cache Android SDK	2026-06-06T12:22:55.9846319Z /usr/bin/tar: ../../../../../usr/local/lib/android/sdk/platforms/android-36/data/res/values-mcc310-mnc310-si: Cannot change mode to rwxr-xr-x: Operation not permitted
build	Cache Android SDK	2026-06-06T12:22:55.9848242Z /usr/bin/tar: ../../../../../usr/local/lib/android/sdk/platforms/android-36/data/res/values-mcc310-mnc410-te: Cannot utime: Operation not permitted
build	Cache Android SDK	2026-06-06T12:22:55.9848796Z /usr/bin/tar: ../../../../../usr/local/lib/android/sdk/platforms/android-36/data/res/values-mcc310-mnc410-te: Cannot change mode to rwxr-xr-x: Operation not permitted
build	Cache Android SDK	2026-06-06T12:22:55.9851647Z /usr/bin/tar: ../../../../../usr/local/lib/android/sdk/platforms/android-36/data/res/values-mcc312-mnc670-cs: Cannot utime: Operation not permitted
build	Cache Android SDK	2026-06-06T12:22:55.9852105Z /usr/bin/tar: ../../../../../usr/local/lib/android/sdk/platforms/android-36/data/res/values-mcc312-mnc670-cs: Cannot change mode to rwxr-xr-x: Operation not permitted
build	Cache Android SDK	2026-06-06T12:22:55.9854293Z /usr/bin/tar: ../../../../../usr/local/lib/android/sdk/platforms/android-36/data/res/values-mcc310-mnc410-lv: Cannot utime: Operation not permitted
build	Cache Android SDK	2026-06-06T12:22:55.9854839Z /usr/bin/tar: ../../../../../usr/local/lib/android/sdk/platforms/android-36/data/res/values-mcc310-mnc410-lv: Cannot change mode to rwxr-xr-x: Operation not permitted
build	Cache Android SDK	2026-06-06T12:22:55.9857650Z /usr/bin/tar: ../../../../../usr/local/lib/android/sdk/platforms/android-36/data/res/values-mcc310-mnc660-en-rGB: Cannot utime: Operation not permitted
build	Cache Android SDK	2026-06-06T12:22:55.9858221Z /usr/bin/tar: ../../../../../usr/local/lib/android/sdk/platforms/android-36/data/res/values-mcc310-mnc660-en-rGB: Cannot change mode to rwxr-xr-x: Operation not permitted
build	Cache Android SDK	2026-06-06T12:22:55.9860373Z /usr/bin/tar: ../../../../../usr/local/lib/android/sdk/platforms/android-36/data/res/values-mcc310-mnc230-zh-rHK: Cannot utime: Operation not permitted
build	Cache Android SDK	2026-06-06T12:22:55.9860890Z /usr/bin/tar: ../../../../../usr/local/lib/android/sdk/platforms/android-36/data/res/values-mcc310-mnc230-zh-rHK: Cannot change mode to rwxr-xr-x: Operation not permitted
build	Cache Android SDK	2026-06-06T12:22:55.9862960Z /usr/bin/tar: ../../../../../usr/local/lib/android/sdk/platforms/android-36/data/res/values-mcc310-mnc280-in: Cannot utime: Operation not permitted
build	Cache Android SDK	2026-06-06T12:22:55.9863425Z /usr/bin/tar: ../../../../../usr/local/lib/android/sdk/platforms/android-36/data/res/values-mcc310-mnc280-in: Cannot change mode to rwxr-xr-x: Operation not permitted
build	Cache Android SDK	2026-06-06T12:22:55.9865726Z /usr/bin/tar: ../../../../../usr/local/lib/android/sdk/platforms/android-36/data/res/values-mcc313-mnc100-mn: Cannot utime: Operation not permitted
build	Cache Android SDK	2026-06-06T12:22:55.9866178Z /usr/bin/tar: ../../../../../usr/local/lib/android/sdk/platforms/android-36/data/res/values-mcc313-mnc100-mn: Cannot change mode to rwxr-xr-x: Operation not permitted
build	Cache Android SDK	2026-06-06T12:22:55.9877066Z /usr/bin/tar: ../../../../../usr/local/lib/android/sdk/platforms/android-36/data/res/values-zh-rCN: Cannot utime: Operation not permitted
build	Cache Android SDK	2026-06-06T12:22:55.9878102Z /usr/bin/tar: ../../../../../usr/local/lib/android/sdk/platforms/android-36/data/res/values-zh-rCN: Cannot change mode to rwxr-xr-x: Operation not permitted
build	Cache Android SDK	2026-06-06T12:22:55.9887917Z /usr/bin/tar: ../../../../../usr/local/lib/android/sdk/platforms/android-36/data/res/values-mcc310-mnc310-nb: Cannot utime: Operation not permitted
build	Cache Android SDK	2026-06-06T12:22:55.9888815Z /usr/bin/tar: ../../../../../usr/local/lib/android/sdk/platforms/android-36/data/res/values-mcc310-mnc310-nb: Cannot change mode to rwxr-xr-x: Operation not permitted
build	Cache Android SDK	2026-06-06T12:22:55.9889881Z /usr/bin/tar: ../../../../../usr/local/lib/android/sdk/platforms/android-36/data/res/values-mcc310-mnc230-my: Cannot utime: Operation not permitted
build	Cache Android SDK	2026-06-06T12:22:55.9890663Z /usr/bin/tar: ../../../../../usr/local/lib/android/sdk/platforms/android-36/data/res/values-mcc310-mnc230-my: Cannot change mode to rwxr-xr-x: Operation not permitted
build	Cache Android SDK	2026-06-06T12:22:55.9891378Z /usr/bin/tar: ../../../../../usr/local/lib/android/sdk/platforms/android-36/data/res/values-mcc302-mnc720-bs: Cannot utime: Operation not permitted
build	Cache Android SDK	2026-06-06T12:22:55.9891865Z /usr/bin/tar: ../../../../../usr/local/lib/android/sdk/platforms/android-36/data/res/values-mcc302-mnc720-bs: Cannot change mode to rwxr-xr-x: Operation not permitted
build	Cache Android SDK	2026-06-06T12:22:55.9892378Z /usr/bin/tar: ../../../../../usr/local/lib/android/sdk/platforms/android-36/data/res/values-fi-watch: Cannot utime: Operation not permitted
build	Cache Android SDK	2026-06-06T12:22:55.9901988Z /usr/bin/tar: ../../../../../usr/local/lib/android/sdk/platforms/android-36/data/res/values-fi-watch: Cannot change mode to rwxr-xr-x: Operation not permitted
build	Cache Android SDK	2026-06-06T12:22:55.9903027Z /usr/bin/tar: ../../../../../usr/local/lib/android/sdk/platforms/android-36/data/res/values-mcc310-mnc270-mr: Cannot utime: Operation not permitted
build	Cache Android SDK	2026-06-06T12:22:55.9903688Z /usr/bin/tar: ../../../../../usr/local/lib/android/sdk/platforms/android-36/data/res/values-mcc310-mnc270-mr: Cannot change mode to rwxr-xr-x: Operation not permitted
build	Cache Android SDK	2026-06-06T12:22:55.9904223Z /usr/bin/tar: ../../../../../usr/local/lib/android/sdk/platforms/android-36/data/res/values-mcc310-mnc280-lv: Cannot utime: Operation not permitted
build	Cache Android SDK	2026-06-06T12:22:55.9904984Z /usr/bin/tar: ../../../../../usr/local/lib/android/sdk/platforms/android-36/data/res/values-mcc310-mnc280-lv: Cannot change mode to rwxr-xr-x: Operation not permitted
build	Cache Android SDK	2026-06-06T12:22:55.9905888Z /usr/bin/tar: ../../../../../usr/local/lib/android/sdk/platforms/android-36/data/res/values-mcc310-mnc270-az: Cannot utime: Operation not permitted
build	Cache Android SDK	2026-06-06T12:22:55.9906657Z /usr/bin/tar: ../../../../../usr/local/lib/android/sdk/platforms/android-36/data/res/values-mcc310-mnc270-az: Cannot change mode to rwxr-xr-x: Operation not permitted
build	Cache Android SDK	2026-06-06T12:22:55.9907213Z /usr/bin/tar: ../../../../../usr/local/lib/android/sdk/platforms/android-36/data/res/values-mcc310-mnc560-ne: Cannot utime: Operation not permitted
build	Cache Android SDK	2026-06-06T12:22:55.9908209Z /usr/bin/tar: ../../../../../usr/local/lib/android/sdk/platforms/android-36/data/res/values-mcc310-mnc560-ne: Cannot change mode to rwxr-xr-x: Operation not permitted
build	Cache Android SDK	2026-06-06T12:22:55.9910341Z /usr/bin/tar: ../../../../../usr/local/lib/android/sdk/platforms/android-36/data/res/values-mcc312-mnc670-ur: Cannot utime: Operation not permitted
build	Cache Android SDK	2026-06-06T12:22:55.9910813Z /usr/bin/tar: ../../../../../usr/local/lib/android/sdk/platforms/android-36/data/res/values-mcc312-mnc670-ur: Cannot change mode to rwxr-xr-x: Operation not permitted
build	Cache Android SDK	2026-06-06T12:22:55.9913989Z /usr/bin/tar: ../../../../../usr/local/lib/android/sdk/platforms/android-36/data/res/values-mcc310-mnc380-te: Cannot utime: Operation not permitted
build	Cache Android SDK	2026-06-06T12:22:55.9914437Z /usr/bin/tar: ../../../../../usr/local/lib/android/sdk/platforms/android-36/data/res/values-mcc310-mnc380-te: Cannot change mode to rwxr-xr-x: Operation not permitted
build	Cache Android SDK	2026-06-06T12:22:55.9917213Z /usr/bin/tar: ../../../../../usr/local/lib/android/sdk/platforms/android-36/data/res/values-mcc310-mnc270-ur: Cannot utime: Operation not permitted
build	Cache Android SDK	2026-06-06T12:22:55.9917804Z /usr/bin/tar: ../../../../../usr/local/lib/android/sdk/platforms/android-36/data/res/values-mcc310-mnc270-ur: Cannot change mode to rwxr-xr-x: Operation not permitted
build	Cache Android SDK	2026-06-06T12:22:55.9920398Z /usr/bin/tar: ../../../../../usr/local/lib/android/sdk/platforms/android-36/data/res/values-mcc310-mnc800-ru: Cannot utime: Operation not permitted
build	Cache Android SDK	2026-06-06T12:22:55.9920847Z /usr/bin/tar: ../../../../../usr/local/lib/android/sdk/platforms/android-36/data/res/values-mcc310-mnc800-ru: Cannot change mode to rwxr-xr-x: Operation not permitted
build	Cache Android SDK	2026-06-06T12:22:55.9923627Z /usr/bin/tar: ../../../../../usr/local/lib/android/sdk/platforms/android-36/data/res/values-mcc310-mnc560-zh-rHK: Cannot utime: Operation not permitted
build	Cache Android SDK	2026-06-06T12:22:55.9924093Z /usr/bin/tar: ../../../../../usr/local/lib/android/sdk/platforms/android-36/data/res/values-mcc310-mnc560-zh-rHK: Cannot change mode to rwxr-xr-x: Operation not permitted
build	Cache Android SDK	2026-06-06T12:22:55.9927113Z /usr/bin/tar: ../../../../../usr/local/lib/android/sdk/platforms/android-36/data/res/values-mcc001-mnc01-ro: Cannot utime: Operation not permitted
build	Cache Android SDK	2026-06-06T12:22:55.9927724Z /usr/bin/tar: ../../../../../usr/local/lib/android/sdk/platforms/android-36/data/res/values-mcc001-mnc01-ro: Cannot change mode to rwxr-xr-x: Operation not permitted
build	Cache Android SDK	2026-06-06T12:22:55.9930544Z /usr/bin/tar: ../../../../../usr/local/lib/android/sdk/platforms/android-36/data/res/values-mcc310-mnc150-ko: Cannot utime: Operation not permitted
build	Cache Android SDK	2026-06-06T12:22:55.9931057Z /usr/bin/tar: ../../../../../usr/local/lib/android/sdk/platforms/android-36/data/res/values-mcc310-mnc150-ko: Cannot change mode to rwxr-xr-x: Operation not permitted
build	Cache Android SDK	2026-06-06T12:22:55.9933473Z /usr/bin/tar: ../../../../../usr/local/lib/android/sdk/platforms/android-36/data/res/values-mcc310-mnc150-sr: Cannot utime: Operation not permitted
build	Cache Android SDK	2026-06-06T12:22:55.9933914Z /usr/bin/tar: ../../../../../usr/local/lib/android/sdk/platforms/android-36/data/res/values-mcc310-mnc150-sr: Cannot change mode to rwxr-xr-x: Operation not permitted
build	Cache Android SDK	2026-06-06T12:22:55.9936535Z /usr/bin/tar: ../../../../../usr/local/lib/android/sdk/platforms/android-36/data/res/values-mcc704-mnc03: Cannot utime: Operation not permitted
build	Cache Android SDK	2026-06-06T12:22:55.9937052Z /usr/bin/tar: ../../../../../usr/local/lib/android/sdk/platforms/android-36/data/res/values-mcc704-mnc03: Cannot change mode to rwxr-xr-x: Operation not permitted
build	Cache Android SDK	2026-06-06T12:22:55.9939012Z /usr/bin/tar: ../../../../../usr/local/lib/android/sdk/platforms/android-36/data/res/values-mcc310-mnc220-it: Cannot utime: Operation not permitted
build	Cache Android SDK	2026-06-06T12:22:55.9939525Z /usr/bin/tar: ../../../../../usr/local/lib/android/sdk/platforms/android-36/data/res/values-mcc310-mnc220-it: Cannot change mode to rwxr-xr-x: Operation not permitted
build	Cache Android SDK	2026-06-06T12:22:55.9942611Z /usr/bin/tar: ../../../../../usr/local/lib/android/sdk/platforms/android-36/data/res/values-mcc310-mnc230-ka: Cannot utime: Operation not permitted
build	Cache Android SDK	2026-06-06T12:22:55.9943059Z /usr/bin/tar: ../../../../../usr/local/lib/android/sdk/platforms/android-36/data/res/values-mcc310-mnc230-ka: Cannot change mode to rwxr-xr-x: Operation not permitted
build	Cache Android SDK	2026-06-06T12:22:55.9945575Z /usr/bin/tar: ../../../../../usr/local/lib/android/sdk/platforms/android-36/data/res/values-bn-watch: Cannot utime: Operation not permitted
build	Cache Android SDK	2026-06-06T12:22:55.9946002Z /usr/bin/tar: ../../../../../usr/local/lib/android/sdk/platforms/android-36/data/res/values-bn-watch: Cannot change mode to rwxr-xr-x: Operation not permitted
build	Cache Android SDK	2026-06-06T12:22:55.9948662Z /usr/bin/tar: ../../../../../usr/local/lib/android/sdk/platforms/android-36/data/res/values-mcc302-mnc370-pt-rBR: Cannot utime: Operation not permitted
build	Cache Android SDK	2026-06-06T12:22:55.9949140Z /usr/bin/tar: ../../../../../usr/local/lib/android/sdk/platforms/android-36/data/res/values-mcc302-mnc370-pt-rBR: Cannot change mode to rwxr-xr-x: Operation not permitted
build	Cache Android SDK	2026-06-06T12:22:55.9951819Z /usr/bin/tar: ../../../../../usr/local/lib/android/sdk/platforms/android-36/data/res/mipmap-xxhdpi: Cannot utime: Operation not permitted
build	Cache Android SDK	2026-06-06T12:22:55.9952243Z /usr/bin/tar: ../../../../../usr/local/lib/android/sdk/platforms/android-36/data/res/mipmap-xxhdpi: Cannot change mode to rwxr-xr-x: Operation not permitted
build	Cache Android SDK	2026-06-06T12:22:55.9955107Z /usr/bin/tar: ../../../../../usr/local/lib/android/sdk/platforms/android-36/data/res/values-mcc311-mnc180-ja: Cannot utime: Operation not permitted
build	Cache Android SDK	2026-06-06T12:22:55.9956010Z /usr/bin/tar: ../../../../../usr/local/lib/android/sdk/platforms/android-36/data/res/values-mcc311-mnc180-ja: Cannot change mode to rwxr-xr-x: Operation not permitted
build	Cache Android SDK	2026-06-06T12:22:55.9960198Z /usr/bin/tar: ../../../../../usr/local/lib/android/sdk/platforms/android-36/data/res/values-sl-watch: Cannot utime: Operation not permitted
build	Cache Android SDK	2026-06-06T12:22:55.9960647Z /usr/bin/tar: ../../../../../usr/local/lib/android/sdk/platforms/android-36/data/res/values-sl-watch: Cannot change mode to rwxr-xr-x: Operation not permitted
build	Cache Android SDK	2026-06-06T12:22:55.9963286Z /usr/bin/tar: ../../../../../usr/local/lib/android/sdk/platforms/android-36/data/res/values-mcc310-mnc270-th: Cannot utime: Operation not permitted
build	Cache Android SDK	2026-06-06T12:22:55.9963734Z /usr/bin/tar: ../../../../../usr/local/lib/android/sdk/platforms/android-36/data/res/values-mcc310-mnc270-th: Cannot change mode to rwxr-xr-x: Operation not permitted
build	Cache Android SDK	2026-06-06T12:22:55.9967018Z /usr/bin/tar: ../../../../../usr/local/lib/android/sdk/platforms/android-36/data/res/values-mcc310-mnc660-zh-rHK: Cannot utime: Operation not permitted
build	Cache Android SDK	2026-06-06T12:22:55.9967698Z /usr/bin/tar: ../../../../../usr/local/lib/android/sdk/platforms/android-36/data/res/values-mcc310-mnc660-zh-rHK: Cannot change mode to rwxr-xr-x: Operation not permitted
build	Cache Android SDK	2026-06-06T12:22:55.9970337Z /usr/bin/tar: ../../../../../usr/local/lib/android/sdk/platforms/android-36/data/res/values-mcc334-mnc020-be: Cannot utime: Operation not permitted
build	Cache Android SDK	2026-06-06T12:22:55.9970784Z /usr/bin/tar: ../../../../../usr/local/lib/android/sdk/platforms/android-36/data/res/values-mcc334-mnc020-be: Cannot change mode to rwxr-xr-x: Operation not permitted
build	Cache Android SDK	2026-06-06T12:22:55.9973721Z /usr/bin/tar: ../../../../../usr/local/lib/android/sdk/platforms/android-36/data/res/values-mcc310-mnc270-fi: Cannot utime: Operation not permitted
build	Cache Android SDK	2026-06-06T12:22:55.9974169Z /usr/bin/tar: ../../../../../usr/local/lib/android/sdk/platforms/android-36/data/res/values-mcc310-mnc270-fi: Cannot change mode to rwxr-xr-x: Operation not permitted
build	Cache Android SDK	2026-06-06T12:22:55.9976748Z /usr/bin/tar: ../../../../../usr/local/lib/android/sdk/platforms/android-36/data/res/values-mcc334: Cannot utime: Operation not permitted
build	Cache Android SDK	2026-06-06T12:22:55.9977171Z /usr/bin/tar: ../../../../../usr/local/lib/android/sdk/platforms/android-36/data/res/values-mcc334: Cannot change mode to rwxr-xr-x: Operation not permitted
build	Cache Android SDK	2026-06-06T12:22:55.9980048Z /usr/bin/tar: ../../../../../usr/local/lib/android/sdk/platforms/android-36/data/res/values-mcc310-mnc800-az: Cannot utime: Operation not permitted
build	Cache Android SDK	2026-06-06T12:22:55.9980499Z /usr/bin/tar: ../../../../../usr/local/lib/android/sdk/platforms/android-36/data/res/values-mcc310-mnc800-az: Cannot change mode to rwxr-xr-x: Operation not permitted
build	Cache Android SDK	2026-06-06T12:22:55.9982598Z /usr/bin/tar: ../../../../../usr/local/lib/android/sdk/platforms/android-36/data/res/values-mcc310-mnc280-es: Cannot utime: Operation not permitted
build	Cache Android SDK	2026-06-06T12:22:55.9983051Z /usr/bin/tar: ../../../../../usr/local/lib/android/sdk/platforms/android-36/data/res/values-mcc310-mnc280-es: Cannot change mode to rwxr-xr-x: Operation not permitted
build	Cache Android SDK	2026-06-06T12:22:55.9985849Z /usr/bin/tar: ../../../../../usr/local/lib/android/sdk/platforms/android-36/data/res/values-mcc310-mnc200-hu: Cannot utime: Operation not permitted
build	Cache Android SDK	2026-06-06T12:22:55.9986294Z /usr/bin/tar: ../../../../../usr/local/lib/android/sdk/platforms/android-36/data/res/values-mcc310-mnc200-hu: Cannot change mode to rwxr-xr-x: Operation not permitted
build	Cache Android SDK	2026-06-06T12:22:55.9989267Z /usr/bin/tar: ../../../../../usr/local/lib/android/sdk/platforms/android-36/data/res/values-ur-television: Cannot utime: Operation not permitted
build	Cache Android SDK	2026-06-06T12:22:55.9989720Z /usr/bin/tar: ../../../../../usr/local/lib/android/sdk/platforms/android-36/data/res/values-ur-television: Cannot change mode to rwxr-xr-x: Operation not permitted
build	Cache Android SDK	2026-06-06T12:22:55.9992117Z /usr/bin/tar: ../../../../../usr/local/lib/android/sdk/platforms/android-36/data/res/values-mcc001-mnc01-sv: Cannot utime: Operation not permitted
build	Cache Android SDK	2026-06-06T12:22:55.9992574Z /usr/bin/tar: ../../../../../usr/local/lib/android/sdk/platforms/android-36/data/res/values-mcc001-mnc01-sv: Cannot change mode to rwxr-xr-x: Operation not permitted
build	Cache Android SDK	2026-06-06T12:22:55.9995343Z /usr/bin/tar: ../../../../../usr/local/lib/android/sdk/platforms/android-36/data/res/values-mcc302-mnc370-kn: Cannot utime: Operation not permitted
build	Cache Android SDK	2026-06-06T12:22:55.9995788Z /usr/bin/tar: ../../../../../usr/local/lib/android/sdk/platforms/android-36/data/res/values-mcc302-mnc370-kn: Cannot change mode to rwxr-xr-x: Operation not permitted
build	Cache Android SDK	2026-06-06T12:22:55.9998823Z /usr/bin/tar: ../../../../../usr/local/lib/android/sdk/platforms/android-36/data/res/values-en-rCA-watch: Cannot utime: Operation not permitted
build	Cache Android SDK	2026-06-06T12:22:55.9999271Z /usr/bin/tar: ../../../../../usr/local/lib/android/sdk/platforms/android-36/data/res/values-en-rCA-watch: Cannot change mode to rwxr-xr-x: Operation not permitted
build	Cache Android SDK	2026-06-06T12:22:56.0002239Z /usr/bin/tar: ../../../../../usr/local/lib/android/sdk/platforms/android-36/data/res/values-mcc310-mnc250-fi: Cannot utime: Operation not permitted
build	Cache Android SDK	2026-06-06T12:22:56.0002801Z /usr/bin/tar: ../../../../../usr/local/lib/android/sdk/platforms/android-36/data/res/values-mcc310-mnc250-fi: Cannot change mode to rwxr-xr-x: Operation not permitted
build	Cache Android SDK	2026-06-06T12:22:56.0005482Z /usr/bin/tar: ../../../../../usr/local/lib/android/sdk/platforms/android-36/data/res/values-mcc001-mnc01-tl: Cannot utime: Operation not permitted
build	Cache Android SDK	2026-06-06T12:22:56.0005927Z /usr/bin/tar: ../../../../../usr/local/lib/android/sdk/platforms/android-36/data/res/values-mcc001-mnc01-tl: Cannot change mode to rwxr-xr-x: Operation not permitted
build	Cache Android SDK	2026-06-06T12:22:56.0008786Z /usr/bin/tar: ../../../../../usr/local/lib/android/sdk/platforms/android-36/data/res/values-it-rCH: Cannot utime: Operation not permitted
build	Cache Android SDK	2026-06-06T12:22:56.0009212Z /usr/bin/tar: ../../../../../usr/local/lib/android/sdk/platforms/android-36/data/res/values-it-rCH: Cannot change mode to rwxr-xr-x: Operation not permitted
build	Cache Android SDK	2026-06-06T12:22:56.0012491Z /usr/bin/tar: ../../../../../usr/local/lib/android/sdk/platforms/android-36/data/res/values-mcc310-mnc950-kn: Cannot utime: Operation not permitted
build	Cache Android SDK	2026-06-06T12:22:56.0012942Z /usr/bin/tar: ../../../../../usr/local/lib/android/sdk/platforms/android-36/data/res/values-mcc310-mnc950-kn: Cannot change mode to rwxr-xr-x: Operation not permitted
build	Cache Android SDK	2026-06-06T12:22:56.0015630Z /usr/bin/tar: ../../../../../usr/local/lib/android/sdk/platforms/android-36/data/res/values-mcc302-mnc720-ja: Cannot utime: Operation not permitted
build	Cache Android SDK	2026-06-06T12:22:56.0016067Z /usr/bin/tar: ../../../../../usr/local/lib/android/sdk/platforms/android-36/data/res/values-mcc302-mnc720-ja: Cannot change mode to rwxr-xr-x: Operation not permitted
build	Cache Android SDK	2026-06-06T12:22:56.0019177Z /usr/bin/tar: ../../../../../usr/local/lib/android/sdk/platforms/android-36/data/res/values-mcc302-mnc720-ca: Cannot utime: Operation not permitted
build	Cache Android SDK	2026-06-06T12:22:56.0019626Z /usr/bin/tar: ../../../../../usr/local/lib/android/sdk/platforms/android-36/data/res/values-mcc302-mnc720-ca: Cannot change mode to rwxr-xr-x: Operation not permitted
build	Cache Android SDK	2026-06-06T12:22:56.0022092Z /usr/bin/tar: ../../../../../usr/local/lib/android/sdk/platforms/android-36/data/res/values-de-rCH: Cannot utime: Operation not permitted
build	Cache Android SDK	2026-06-06T12:22:56.0022518Z /usr/bin/tar: ../../../../../usr/local/lib/android/sdk/platforms/android-36/data/res/values-de-rCH: Cannot change mode to rwxr-xr-x: Operation not permitted
build	Cache Android SDK	2026-06-06T12:22:56.0025327Z /usr/bin/tar: ../../../../../usr/local/lib/android/sdk/platforms/android-36/data/res/values-mcc310-mnc210-kn: Cannot utime: Operation not permitted
build	Cache Android SDK	2026-06-06T12:22:56.0025766Z /usr/bin/tar: ../../../../../usr/local/lib/android/sdk/platforms/android-36/data/res/values-mcc310-mnc210-kn: Cannot change mode to rwxr-xr-x: Operation not permitted
build	Cache Android SDK	2026-06-06T12:22:56.0029344Z /usr/bin/tar: ../../../../../usr/local/lib/android/sdk/platforms/android-36/data/res/values-mcc310-mnc250-ar: Cannot utime: Operation not permitted
build	Cache Android SDK	2026-06-06T12:22:56.0029794Z /usr/bin/tar: ../../../../../usr/local/lib/android/sdk/platforms/android-36/data/res/values-mcc310-mnc250-ar: Cannot change mode to rwxr-xr-x: Operation not permitted
build	Cache Android SDK	2026-06-06T12:22:56.0032674Z /usr/bin/tar: ../../../../../usr/local/lib/android/sdk/platforms/android-36/data/res/values-mcc310-mnc030-kn: Cannot utime: Operation not permitted
build	Cache Android SDK	2026-06-06T12:22:56.0033121Z /usr/bin/tar: ../../../../../usr/local/lib/android/sdk/platforms/android-36/data/res/values-mcc310-mnc030-kn: Cannot change mode to rwxr-xr-x: Operation not permitted
build	Cache Android SDK	2026-06-06T12:22:56.0036355Z /usr/bin/tar: ../../../../../usr/local/lib/android/sdk/platforms/android-36/data/res/values-w210dp-round-watch: Cannot utime: Operation not permitted
build	Cache Android SDK	2026-06-06T12:22:56.0036813Z /usr/bin/tar: ../../../../../usr/local/lib/android/sdk/platforms/android-36/data/res/values-w210dp-round-watch: Cannot change mode to rwxr-xr-x: Operation not permitted
build	Cache Android SDK	2026-06-06T12:22:56.0040827Z /usr/bin/tar: ../../../../../usr/local/lib/android/sdk/platforms/android-36/data/res/values-mcc310-mnc200-ka: Cannot utime: Operation not permitted
build	Cache Android SDK	2026-06-06T12:22:56.0041617Z /usr/bin/tar: ../../../../../usr/local/lib/android/sdk/platforms/android-36/data/res/values-mcc310-mnc200-ka: Cannot change mode to rwxr-xr-x: Operation not permitted
build	Cache Android SDK	2026-06-06T12:22:56.0043384Z /usr/bin/tar: ../../../../../usr/local/lib/android/sdk/platforms/android-36/data/res/values-mcc310-mnc380-pa: Cannot utime: Operation not permitted
build	Cache Android SDK	2026-06-06T12:22:56.0043850Z /usr/bin/tar: ../../../../../usr/local/lib/android/sdk/platforms/android-36/data/res/values-mcc310-mnc380-pa: Cannot change mode to rwxr-xr-x: Operation not permitted
build	Cache Android SDK	2026-06-06T12:22:56.0046522Z /usr/bin/tar: ../../../../../usr/local/lib/android/sdk/platforms/android-36/data/res/values-mcc302-mnc720-sr: Cannot utime: Operation not permitted
build	Cache Android SDK	2026-06-06T12:22:56.0047033Z /usr/bin/tar: ../../../../../usr/local/lib/android/sdk/platforms/android-36/data/res/values-mcc302-mnc720-sr: Cannot change mode to rwxr-xr-x: Operation not permitted
build	Cache Android SDK	2026-06-06T12:22:56.0049891Z /usr/bin/tar: ../../../../../usr/local/lib/android/sdk/platforms/android-36/data/res/values-mcc310-mnc800-ka: Cannot utime: Operation not permitted
build	Cache Android SDK	2026-06-06T12:22:56.0050368Z /usr/bin/tar: ../../../../../usr/local/lib/android/sdk/platforms/android-36/data/res/values-mcc310-mnc800-ka: Cannot change mode to rwxr-xr-x: Operation not permitted
build	Cache Android SDK	2026-06-06T12:22:56.0053236Z /usr/bin/tar: ../../../../../usr/local/lib/android/sdk/platforms/android-36/data/res/values-mcc310-mnc660-nl: Cannot utime: Operation not permitted
build	Cache Android SDK	2026-06-06T12:22:56.0053745Z /usr/bin/tar: ../../../../../usr/local/lib/android/sdk/platforms/android-36/data/res/values-mcc310-mnc660-nl: Cannot change mode to rwxr-xr-x: Operation not permitted
build	Cache Android SDK	2026-06-06T12:22:56.0056541Z /usr/bin/tar: ../../../../../usr/local/lib/android/sdk/platforms/android-36/data/res/values-mcc310-mnc030-zh-rHK: Cannot utime: Operation not permitted
build	Cache Android SDK	2026-06-06T12:22:56.0057173Z /usr/bin/tar: ../../../../../usr/local/lib/android/sdk/platforms/android-36/data/res/values-mcc310-mnc030-zh-rHK: Cannot change mode to rwxr-xr-x: Operation not permitted
build	Cache Android SDK	2026-06-06T12:22:56.0059644Z /usr/bin/tar: ../../../../../usr/local/lib/android/sdk/platforms/android-36/data/res/values-mcc302-mnc370-sv: Cannot utime: Operation not permitted
build	Cache Android SDK	2026-06-06T12:22:56.0060110Z /usr/bin/tar: ../../../../../usr/local/lib/android/sdk/platforms/android-36/data/res/values-mcc302-mnc370-sv: Cannot change mode to rwxr-xr-x: Operation not permitted
build	Cache Android SDK	2026-06-06T12:22:56.0062996Z /usr/bin/tar: ../../../../../usr/local/lib/android/sdk/platforms/android-36/data/res/values-mcc310-mnc170-fa: Cannot utime: Operation not permitted
build	Cache Android SDK	2026-06-06T12:22:56.0063471Z /usr/bin/tar: ../../../../../usr/local/lib/android/sdk/platforms/android-36/data/res/values-mcc310-mnc170-fa: Cannot change mode to rwxr-xr-x: Operation not permitted
build	Cache Android SDK	2026-06-06T12:22:56.0066642Z /usr/bin/tar: ../../../../../usr/local/lib/android/sdk/platforms/android-36/data/res/values-port: Cannot utime: Operation not permitted
build	Cache Android SDK	2026-06-06T12:22:56.0067141Z /usr/bin/tar: ../../../../../usr/local/lib/android/sdk/platforms/android-36/data/res/values-port: Cannot change mode to rwxr-xr-x: Operation not permitted
build	Cache Android SDK	2026-06-06T12:22:56.0072520Z /usr/bin/tar: ../../../../../usr/local/lib/android/sdk/platforms/android-36/data/res/drawable-en-hdpi: Cannot utime: Operation not permitted
build	Cache Android SDK	2026-06-06T12:22:56.0074327Z /usr/bin/tar: ../../../../../usr/local/lib/android/sdk/platforms/android-36/data/res/drawable-en-hdpi: Cannot change mode to rwxr-xr-x: Operation not permitted
build	Cache Android SDK	2026-06-06T12:22:56.0076120Z /usr/bin/tar: ../../../../../usr/local/lib/android/sdk/platforms/android-36/data/res/values-mcc310-mnc230-mn: Cannot utime: Operation not permitted
build	Cache Android SDK	2026-06-06T12:22:56.0078138Z /usr/bin/tar: ../../../../../usr/local/lib/android/sdk/platforms/android-36/data/res/values-mcc310-mnc230-mn: Cannot change mode to rwxr-xr-x: Operation not permitted
build	Cache Android SDK	2026-06-06T12:22:56.0084718Z /usr/bin/tar: ../../../../../usr/local/lib/android/sdk/platforms/android-36/data/res/values-es: Cannot utime: Operation not permitted
build	Cache Android SDK	2026-06-06T12:22:56.0085703Z /usr/bin/tar: ../../../../../usr/local/lib/android/sdk/platforms/android-36/data/res/values-es: Cannot change mode to rwxr-xr-x: Operation not permitted
build	Cache Android SDK	2026-06-06T12:22:56.0087839Z /usr/bin/tar: ../../../../../usr/local/lib/android/sdk/platforms/android-36/data/res/values-mcc310-mnc800-km: Cannot utime: Operation not permitted
build	Cache Android SDK	2026-06-06T12:22:56.0088768Z /usr/bin/tar: ../../../../../usr/local/lib/android/sdk/platforms/android-36/data/res/values-mcc310-mnc800-km: Cannot change mode to rwxr-xr-x: Operation not permitted
build	Cache Android SDK	2026-06-06T12:22:56.0091072Z /usr/bin/tar: ../../../../../usr/local/lib/android/sdk/platforms/android-36/data/res/values-mcc334-mnc020-en-rAU: Cannot utime: Operation not permitted
build	Cache Android SDK	2026-06-06T12:22:56.0092055Z /usr/bin/tar: ../../../../../usr/local/lib/android/sdk/platforms/android-36/data/res/values-mcc334-mnc020-en-rAU: Cannot change mode to rwxr-xr-x: Operation not permitted
build	Cache Android SDK	2026-06-06T12:22:56.0094078Z /usr/bin/tar: ../../../../../usr/local/lib/android/sdk/platforms/android-36/data/res/values-mcc310-mnc170-tl: Cannot utime: Operation not permitted
build	Cache Android SDK	2026-06-06T12:22:56.0095031Z /usr/bin/tar: ../../../../../usr/local/lib/android/sdk/platforms/android-36/data/res/values-mcc310-mnc170-tl: Cannot change mode to rwxr-xr-x: Operation not permitted
build	Cache Android SDK	2026-06-06T12:22:56.0097618Z /usr/bin/tar: ../../../../../usr/local/lib/android/sdk/platforms/android-36/data/res/values-mcc311-mnc180-lt: Cannot utime: Operation not permitted
build	Cache Android SDK	2026-06-06T12:22:56.0098572Z /usr/bin/tar: ../../../../../usr/local/lib/android/sdk/platforms/android-36/data/res/values-mcc311-mnc180-lt: Cannot change mode to rwxr-xr-x: Operation not permitted
build	Cache Android SDK	2026-06-06T12:22:56.0101006Z /usr/bin/tar: ../../../../../usr/local/lib/android/sdk/platforms/android-36/data/res/values-en-rIN-television: Cannot utime: Operation not permitted
build	Cache Android SDK	2026-06-06T12:22:56.0102110Z /usr/bin/tar: ../../../../../usr/local/lib/android/sdk/platforms/android-36/data/res/values-en-rIN-television: Cannot change mode to rwxr-xr-x: Operation not permitted
build	Cache Android SDK	2026-06-06T12:22:56.0103769Z /usr/bin/tar: ../../../../../usr/local/lib/android/sdk/platforms/android-36/data/res/values-mcc310-mnc270-nl: Cannot utime: Operation not permitted
build	Cache Android SDK	2026-06-06T12:22:56.0104758Z /usr/bin/tar: ../../../../../usr/local/lib/android/sdk/platforms/android-36/data/res/values-mcc310-mnc270-nl: Cannot change mode to rwxr-xr-x: Operation not permitted
build	Cache Android SDK	2026-06-06T12:22:56.0106567Z /usr/bin/tar: ../../../../../usr/local/lib/android/sdk/platforms/android-36/data/res/values-mcc334-mnc020-hu: Cannot utime: Operation not permitted
build	Cache Android SDK	2026-06-06T12:22:56.0107700Z /usr/bin/tar: ../../../../../usr/local/lib/android/sdk/platforms/android-36/data/res/values-mcc334-mnc020-hu: Cannot change mode to rwxr-xr-x: Operation not permitted
build	Cache Android SDK	2026-06-06T12:22:56.0109879Z /usr/bin/tar: ../../../../../usr/local/lib/android/sdk/platforms/android-36/data/res/values-mcc310-mnc220-gl: Cannot utime: Operation not permitted
build	Cache Android SDK	2026-06-06T12:22:56.0110830Z /usr/bin/tar: ../../../../../usr/local/lib/android/sdk/platforms/android-36/data/res/values-mcc310-mnc220-gl: Cannot change mode to rwxr-xr-x: Operation not permitted
build	Cache Android SDK	2026-06-06T12:22:56.0114757Z /usr/bin/tar: ../../../../../usr/local/lib/android/sdk/platforms/android-36/data/res/values-mcc310-mnc220-zh-rHK: Cannot utime: Operation not permitted
build	Cache Android SDK	2026-06-06T12:22:56.0115817Z /usr/bin/tar: ../../../../../usr/local/lib/android/sdk/platforms/android-36/data/res/values-mcc310-mnc220-zh-rHK: Cannot change mode to rwxr-xr-x: Operation not permitted
build	Cache Android SDK	2026-06-06T12:22:56.0117223Z /usr/bin/tar: ../../../../../usr/local/lib/android/sdk/platforms/android-36/data/res/values-sw720dp-w1280dp: Cannot utime: Operation not permitted
build	Cache Android SDK	2026-06-06T12:22:56.0118727Z /usr/bin/tar: ../../../../../usr/local/lib/android/sdk/platforms/android-36/data/res/values-sw720dp-w1280dp: Cannot change mode to rwxr-xr-x: Operation not permitted
build	Cache Android SDK	2026-06-06T12:22:56.0120557Z /usr/bin/tar: ../../../../../usr/local/lib/android/sdk/platforms/android-36/data/res/values-mcc310-mnc030-pt-rPT: Cannot utime: Operation not permitted
build	Cache Android SDK	2026-06-06T12:22:56.0121651Z /usr/bin/tar: ../../../../../usr/local/lib/android/sdk/platforms/android-36/data/res/values-mcc310-mnc030-pt-rPT: Cannot change mode to rwxr-xr-x: Operation not permitted
build	Cache Android SDK	2026-06-06T12:22:56.0123651Z /usr/bin/tar: ../../../../../usr/local/lib/android/sdk/platforms/android-36/data/res/values-mcc313-mnc100-ca: Cannot utime: Operation not permitted
build	Cache Android SDK	2026-06-06T12:22:56.0124572Z /usr/bin/tar: ../../../../../usr/local/lib/android/sdk/platforms/android-36/data/res/values-mcc313-mnc100-ca: Cannot change mode to rwxr-xr-x: Operation not permitted
build	Cache Android SDK	2026-06-06T12:22:56.0127207Z /usr/bin/tar: ../../../../../usr/local/lib/android/sdk/platforms/android-36/data/res/values-mcc310-mnc660-de: Cannot utime: Operation not permitted
build	Cache Android SDK	2026-06-06T12:22:56.0128276Z /usr/bin/tar: ../../../../../usr/local/lib/android/sdk/platforms/android-36/data/res/values-mcc310-mnc660-de: Cannot change mode to rwxr-xr-x: Operation not permitted
build	Cache Android SDK	2026-06-06T12:22:56.0130334Z /usr/bin/tar: ../../../../../usr/local/lib/android/sdk/platforms/android-36/data/res/values-mcc310-mnc160-fr-rCA: Cannot utime: Operation not permitted
build	Cache Android SDK	2026-06-06T12:22:56.0131321Z /usr/bin/tar: ../../../../../usr/local/lib/android/sdk/platforms/android-36/data/res/values-mcc310-mnc160-fr-rCA: Cannot change mode to rwxr-xr-x: Operation not permitted
build	Cache Android SDK	2026-06-06T12:22:56.0133110Z /usr/bin/tar: ../../../../../usr/local/lib/android/sdk/platforms/android-36/data/res/values-mcc312-mnc670-or: Cannot utime: Operation not permitted
build	Cache Android SDK	2026-06-06T12:22:56.0134035Z /usr/bin/tar: ../../../../../usr/local/lib/android/sdk/platforms/android-36/data/res/values-mcc312-mnc670-or: Cannot change mode to rwxr-xr-x: Operation not permitted
build	Cache Android SDK	2026-06-06T12:22:56.0137127Z /usr/bin/tar: ../../../../../usr/local/lib/android/sdk/platforms/android-36/data/res/values-mcc310-mnc210-da: Cannot utime: Operation not permitted
build	Cache Android SDK	2026-06-06T12:22:56.0138233Z /usr/bin/tar: ../../../../../usr/local/lib/android/sdk/platforms/android-36/data/res/values-mcc310-mnc210-da: Cannot change mode to rwxr-xr-x: Operation not permitted
build	Cache Android SDK	2026-06-06T12:22:56.0140219Z /usr/bin/tar: ../../../../../usr/local/lib/android/sdk/platforms/android-36/data/res/values-mcc310-mnc310-sk: Cannot utime: Operation not permitted
build	Cache Android SDK	2026-06-06T12:22:56.0141150Z /usr/bin/tar: ../../../../../usr/local/lib/android/sdk/platforms/android-36/data/res/values-mcc310-mnc310-sk: Cannot change mode to rwxr-xr-x: Operation not permitted
build	Cache Android SDK	2026-06-06T12:22:56.0143658Z /usr/bin/tar: ../../../../../usr/local/lib/android/sdk/platforms/android-36/data/res/values-mcc310-mnc200-in: Cannot utime: Operation not permitted
build	Cache Android SDK	2026-06-06T12:22:56.0144599Z /usr/bin/tar: ../../../../../usr/local/lib/android/sdk/platforms/android-36/data/res/values-mcc310-mnc200-in: Cannot change mode to rwxr-xr-x: Operation not permitted
build	Cache Android SDK	2026-06-06T12:22:56.0146711Z /usr/bin/tar: ../../../../../usr/local/lib/android/sdk/platforms/android-36/data/res/values-mcc310-mnc170-af: Cannot utime: Operation not permitted
build	Cache Android SDK	2026-06-06T12:22:56.0147882Z /usr/bin/tar: ../../../../../usr/local/lib/android/sdk/platforms/android-36/data/res/values-mcc310-mnc170-af: Cannot change mode to rwxr-xr-x: Operation not permitted
build	Cache Android SDK	2026-06-06T12:22:56.0154114Z /usr/bin/tar: ../../../../../usr/local/lib/android/sdk/platforms/android-36/data/res/values-hu: Cannot utime: Operation not permitted
build	Cache Android SDK	2026-06-06T12:22:56.0155244Z /usr/bin/tar: ../../../../../usr/local/lib/android/sdk/platforms/android-36/data/res/values-hu: Cannot change mode to rwxr-xr-x: Operation not permitted
build	Cache Android SDK	2026-06-06T12:22:56.0156722Z /usr/bin/tar: ../../../../../usr/local/lib/android/sdk/platforms/android-36/data/res/values-mcc310-mnc950-en-rXC: Cannot utime: Operation not permitted
build	Cache Android SDK	2026-06-06T12:22:56.0157959Z /usr/bin/tar: ../../../../../usr/local/lib/android/sdk/platforms/android-36/data/res/values-mcc310-mnc950-en-rXC: Cannot change mode to rwxr-xr-x: Operation not permitted
build	Cache Android SDK	2026-06-06T12:22:56.0159691Z /usr/bin/tar: ../../../../../usr/local/lib/android/sdk/platforms/android-36/data/res/values-mcc310: Cannot utime: Operation not permitted
build	Cache Android SDK	2026-06-06T12:22:56.0160691Z /usr/bin/tar: ../../../../../usr/local/lib/android/sdk/platforms/android-36/data/res/values-mcc310: Cannot change mode to rwxr-xr-x: Operation not permitted
build	Cache Android SDK	2026-06-06T12:22:56.0162859Z /usr/bin/tar: ../../../../../usr/local/lib/android/sdk/platforms/android-36/data/res/values-mcc312-mnc670-fi: Cannot utime: Operation not permitted
build	Cache Android SDK	2026-06-06T12:22:56.0163814Z /usr/bin/tar: ../../../../../usr/local/lib/android/sdk/platforms/android-36/data/res/values-mcc312-mnc670-fi: Cannot change mode to rwxr-xr-x: Operation not permitted
build	Cache Android SDK	2026-06-06T12:22:56.0166105Z /usr/bin/tar: ../../../../../usr/local/lib/android/sdk/platforms/android-36/data/res/values-es-rUS-television: Cannot utime: Operation not permitted
build	Cache Android SDK	2026-06-06T12:22:56.0167062Z /usr/bin/tar: ../../../../../usr/local/lib/android/sdk/platforms/android-36/data/res/values-es-rUS-television: Cannot change mode to rwxr-xr-x: Operation not permitted
build	Cache Android SDK	2026-06-06T12:22:56.0169082Z /usr/bin/tar: ../../../../../usr/local/lib/android/sdk/platforms/android-36/data/res/values-mcc310-mnc950-mn: Cannot utime: Operation not permitted
build	Cache Android SDK	2026-06-06T12:22:56.0170019Z /usr/bin/tar: ../../../../../usr/local/lib/android/sdk/platforms/android-36/data/res/values-mcc310-mnc950-mn: Cannot change mode to rwxr-xr-x: Operation not permitted
build	Cache Android SDK	2026-06-06T12:22:56.0172614Z /usr/bin/tar: ../../../../../usr/local/lib/android/sdk/platforms/android-36/data/res/values-mcc310-mnc660-et: Cannot utime: Operation not permitted
build	Cache Android SDK	2026-06-06T12:22:56.0173545Z /usr/bin/tar: ../../../../../usr/local/lib/android/sdk/platforms/android-36/data/res/values-mcc310-mnc660-et: Cannot change mode to rwxr-xr-x: Operation not permitted
build	Cache Android SDK	2026-06-06T12:22:56.0175763Z /usr/bin/tar: ../../../../../usr/local/lib/android/sdk/platforms/android-36/data/res/values-mcc310-mnc210-ar: Cannot utime: Operation not permitted
build	Cache Android SDK	2026-06-06T12:22:56.0176709Z /usr/bin/tar: ../../../../../usr/local/lib/android/sdk/platforms/android-36/data/res/values-mcc310-mnc210-ar: Cannot change mode to rwxr-xr-x: Operation not permitted
build	Cache Android SDK	2026-06-06T12:22:56.0178840Z /usr/bin/tar: ../../../../../usr/local/lib/android/sdk/platforms/android-36/data/res/values-mcc310-mnc270-hi: Cannot utime: Operation not permitted
build	Cache Android SDK	2026-06-06T12:22:56.0179781Z /usr/bin/tar: ../../../../../usr/local/lib/android/sdk/platforms/android-36/data/res/values-mcc310-mnc270-hi: Cannot change mode to rwxr-xr-x: Operation not permitted
build	Cache Android SDK	2026-06-06T12:22:56.0182287Z /usr/bin/tar: ../../../../../usr/local/lib/android/sdk/platforms/android-36/data/res/values-mcc311-mnc180-in: Cannot utime: Operation not permitted
build	Cache Android SDK	2026-06-06T12:22:56.0183310Z /usr/bin/tar: ../../../../../usr/local/lib/android/sdk/platforms/android-36/data/res/values-mcc311-mnc180-in: Cannot change mode to rwxr-xr-x: Operation not permitted
build	Cache Android SDK	2026-06-06T12:22:56.0184975Z /usr/bin/tar: ../../../../../usr/local/lib/android/sdk/platforms/android-36/data/res/values-mcc310-mnc240-hy: Cannot utime: Operation not permitted
build	Cache Android SDK	2026-06-06T12:22:56.0186145Z /usr/bin/tar: ../../../../../usr/local/lib/android/sdk/platforms/android-36/data/res/values-mcc310-mnc240-hy: Cannot change mode to rwxr-xr-x: Operation not permitted
build	Cache Android SDK	2026-06-06T12:22:56.0187842Z /usr/bin/tar: ../../../../../usr/local/lib/android/sdk/platforms/android-36/data/res/values-lv-watch: Cannot utime: Operation not permitted
build	Cache Android SDK	2026-06-06T12:22:56.0188742Z /usr/bin/tar: ../../../../../usr/local/lib/android/sdk/platforms/android-36/data/res/values-lv-watch: Cannot change mode to rwxr-xr-x: Operation not permitted
build	Cache Android SDK	2026-06-06T12:22:56.0190562Z /usr/bin/tar: ../../../../../usr/local/lib/android/sdk/platforms/android-36/data/res/values-mcc302-mnc720-ta: Cannot utime: Operation not permitted
build	Cache Android SDK	2026-06-06T12:22:56.0191515Z /usr/bin/tar: ../../../../../usr/local/lib/android/sdk/platforms/android-36/data/res/values-mcc302-mnc720-ta: Cannot change mode to rwxr-xr-x: Operation not permitted
build	Cache Android SDK	2026-06-06T12:22:56.0193345Z /usr/bin/tar: ../../../../../usr/local/lib/android/sdk/platforms/android-36/data/res/values-mcc310-mnc200-th: Cannot utime: Operation not permitted
build	Cache Android SDK	2026-06-06T12:22:56.0194462Z /usr/bin/tar: ../../../../../usr/local/lib/android/sdk/platforms/android-36/data/res/values-mcc310-mnc200-th: Cannot change mode to rwxr-xr-x: Operation not permitted
build	Cache Android SDK	2026-06-06T12:22:56.0196228Z /usr/bin/tar: ../../../../../usr/local/lib/android/sdk/platforms/android-36/data/res/values-mcc310-mnc160-ta: Cannot utime: Operation not permitted
build	Cache Android SDK	2026-06-06T12:22:56.0197171Z /usr/bin/tar: ../../../../../usr/local/lib/android/sdk/platforms/android-36/data/res/values-mcc310-mnc160-ta: Cannot change mode to rwxr-xr-x: Operation not permitted
build	Cache Android SDK	2026-06-06T12:22:56.0199100Z /usr/bin/tar: ../../../../../usr/local/lib/android/sdk/platforms/android-36/data/res/values-et-rEE: Cannot utime: Operation not permitted
build	Cache Android SDK	2026-06-06T12:22:56.0199980Z /usr/bin/tar: ../../../../../usr/local/lib/android/sdk/platforms/android-36/data/res/values-et-rEE: Cannot change mode to rwxr-xr-x: Operation not permitted
build	Cache Android SDK	2026-06-06T12:22:56.0202171Z /usr/bin/tar: ../../../../../usr/local/lib/android/sdk/platforms/android-36/data/res/values-mcc310-mnc210-lt: Cannot utime: Operation not permitted
build	Cache Android SDK	2026-06-06T12:22:56.0203109Z /usr/bin/tar: ../../../../../usr/local/lib/android/sdk/platforms/android-36/data/res/values-mcc310-mnc210-lt: Cannot change mode to rwxr-xr-x: Operation not permitted
build	Cache Android SDK	2026-06-06T12:22:56.0204899Z /usr/bin/tar: ../../../../../usr/local/lib/android/sdk/platforms/android-36/data/res/values-mcc310-mnc490-my: Cannot utime: Operation not permitted
build	Cache Android SDK	2026-06-06T12:22:56.0205820Z /usr/bin/tar: ../../../../../usr/local/lib/android/sdk/platforms/android-36/data/res/values-mcc310-mnc490-my: Cannot change mode to rwxr-xr-x: Operation not permitted
build	Cache Android SDK	2026-06-06T12:22:56.0208273Z /usr/bin/tar: ../../../../../usr/local/lib/android/sdk/platforms/android-36/data/res/values-it-watch: Cannot utime: Operation not permitted
build	Cache Android SDK	2026-06-06T12:22:56.0209320Z /usr/bin/tar: ../../../../../usr/local/lib/android/sdk/platforms/android-36/data/res/values-it-watch: Cannot change mode to rwxr-xr-x: Operation not permitted
build	Cache Android SDK	2026-06-06T12:22:56.0210762Z /usr/bin/tar: ../../../../../usr/local/lib/android/sdk/platforms/android-36/data/res/values-mcc310-mnc240-ja: Cannot utime: Operation not permitted
build	Cache Android SDK	2026-06-06T12:22:56.0211697Z /usr/bin/tar: ../../../../../usr/local/lib/android/sdk/platforms/android-36/data/res/values-mcc310-mnc240-ja: Cannot change mode to rwxr-xr-x: Operation not permitted
build	Cache Android SDK	2026-06-06T12:22:56.0213720Z /usr/bin/tar: ../../../../../usr/local/lib/android/sdk/platforms/android-36/data/res/values-mcc310-mnc210-zu: Cannot utime: Operation not permitted
build	Cache Android SDK	2026-06-06T12:22:56.0214652Z /usr/bin/tar: ../../../../../usr/local/lib/android/sdk/platforms/android-36/data/res/values-mcc310-mnc210-zu: Cannot change mode to rwxr-xr-x: Operation not permitted
build	Cache Android SDK	2026-06-06T12:22:56.0216540Z /usr/bin/tar: ../../../../../usr/local/lib/android/sdk/platforms/android-36/data/res/values-mcc310-mnc250-pa: Cannot utime: Operation not permitted
build	Cache Android SDK	2026-06-06T12:22:56.0217648Z /usr/bin/tar: ../../../../../usr/local/lib/android/sdk/platforms/android-36/data/res/values-mcc310-mnc250-pa: Cannot change mode to rwxr-xr-x: Operation not permitted
build	Cache Android SDK	2026-06-06T12:22:56.0219377Z /usr/bin/tar: ../../../../../usr/local/lib/android/sdk/platforms/android-36/data/res/values-mcc310-mnc030-sr: Cannot utime: Operation not permitted
build	Cache Android SDK	2026-06-06T12:22:56.0220304Z /usr/bin/tar: ../../../../../usr/local/lib/android/sdk/platforms/android-36/data/res/values-mcc310-mnc030-sr: Cannot change mode to rwxr-xr-x: Operation not permitted
build	Cache Android SDK	2026-06-06T12:22:56.0222632Z /usr/bin/tar: ../../../../../usr/local/lib/android/sdk/platforms/android-36/data/res/values-mcc310-mnc950-pt: Cannot utime: Operation not permitted
build	Cache Android SDK	2026-06-06T12:22:56.0223558Z /usr/bin/tar: ../../../../../usr/local/lib/android/sdk/platforms/android-36/data/res/values-mcc310-mnc950-pt: Cannot change mode to rwxr-xr-x: Operation not permitted
build	Cache Android SDK	2026-06-06T12:22:56.0227770Z /usr/bin/tar: ../../../../../usr/local/lib/android/sdk/platforms/android-36/data/res/values-mcc310-mnc560-pa: Cannot utime: Operation not permitted
build	Cache Android SDK	2026-06-06T12:22:56.0228868Z /usr/bin/tar: ../../../../../usr/local/lib/android/sdk/platforms/android-36/data/res/values-mcc310-mnc560-pa: Cannot change mode to rwxr-xr-x: Operation not permitted
build	Cache Android SDK	2026-06-06T12:22:56.0231537Z /usr/bin/tar: ../../../../../usr/local/lib/android/sdk/platforms/android-36/data/res/values-mcc310-mnc220-es-rUS: Cannot utime: Operation not permitted
build	Cache Android SDK	2026-06-06T12:22:56.0232523Z /usr/bin/tar: ../../../../../usr/local/lib/android/sdk/platforms/android-36/data/res/values-mcc310-mnc220-es-rUS: Cannot change mode to rwxr-xr-x: Operation not permitted
build	Cache Android SDK	2026-06-06T12:22:56.0235285Z /usr/bin/tar: ../../../../../usr/local/lib/android/sdk/platforms/android-36/data/res/values-mcc310-mnc660-bg: Cannot utime: Operation not permitted
build	Cache Android SDK	2026-06-06T12:22:56.0236211Z /usr/bin/tar: ../../../../../usr/local/lib/android/sdk/platforms/android-36/data/res/values-mcc310-mnc660-bg: Cannot change mode to rwxr-xr-x: Operation not permitted
build	Cache Android SDK	2026-06-06T12:22:56.0238905Z /usr/bin/tar: ../../../../../usr/local/lib/android/sdk/platforms/android-36/data/res/values-mcc310-mnc380-fa: Cannot utime: Operation not permitted
build	Cache Android SDK	2026-06-06T12:22:56.0239988Z /usr/bin/tar: ../../../../../usr/local/lib/android/sdk/platforms/android-36/data/res/values-mcc310-mnc380-fa: Cannot change mode to rwxr-xr-x: Operation not permitted
build	Cache Android SDK	2026-06-06T12:22:56.0241761Z /usr/bin/tar: ../../../../../usr/local/lib/android/sdk/platforms/android-36/data/res/values-mcc001-mnc01-km: Cannot utime: Operation not permitted
build	Cache Android SDK	2026-06-06T12:22:56.0242679Z /usr/bin/tar: ../../../../../usr/local/lib/android/sdk/platforms/android-36/data/res/values-mcc001-mnc01-km: Cannot change mode to rwxr-xr-x: Operation not permitted
build	Cache Android SDK	2026-06-06T12:22:56.0246085Z /usr/bin/tar: ../../../../../usr/local/lib/android/sdk/platforms/android-36/data/res/values-mcc310-mnc030-el: Cannot utime: Operation not permitted
build	Cache Android SDK	2026-06-06T12:22:56.0247005Z /usr/bin/tar: ../../../../../usr/local/lib/android/sdk/platforms/android-36/data/res/values-mcc310-mnc030-el: Cannot change mode to rwxr-xr-x: Operation not permitted
build	Cache Android SDK	2026-06-06T12:22:56.0249216Z /usr/bin/tar: ../../../../../usr/local/lib/android/sdk/platforms/android-36/data/res/values-mcc310-mnc660-ky: Cannot utime: Operation not permitted
build	Cache Android SDK	2026-06-06T12:22:56.0250144Z /usr/bin/tar: ../../../../../usr/local/lib/android/sdk/platforms/android-36/data/res/values-mcc310-mnc660-ky: Cannot change mode to rwxr-xr-x: Operation not permitted
build	Cache Android SDK	2026-06-06T12:22:56.0252424Z /usr/bin/tar: ../../../../../usr/local/lib/android/sdk/platforms/android-36/data/res/values-mcc310-mnc210-uz: Cannot utime: Operation not permitted
build	Cache Android SDK	2026-06-06T12:22:56.0253353Z /usr/bin/tar: ../../../../../usr/local/lib/android/sdk/platforms/android-36/data/res/values-mcc310-mnc210-uz: Cannot change mode to rwxr-xr-x: Operation not permitted
build	Cache Android SDK	2026-06-06T12:22:56.0255849Z /usr/bin/tar: ../../../../../usr/local/lib/android/sdk/platforms/android-36/data/res/values-mcc310-mnc310-ur: Cannot utime: Operation not permitted
build	Cache Android SDK	2026-06-06T12:22:56.0256778Z /usr/bin/tar: ../../../../../usr/local/lib/android/sdk/platforms/android-36/data/res/values-mcc310-mnc310-ur: Cannot change mode to rwxr-xr-x: Operation not permitted
build	Cache Android SDK	2026-06-06T12:22:56.0258782Z /usr/bin/tar: ../../../../../usr/local/lib/android/sdk/platforms/android-36/data/res/values-mcc310-mnc270-kn: Cannot utime: Operation not permitted
build	Cache Android SDK	2026-06-06T12:22:56.0259706Z /usr/bin/tar: ../../../../../usr/local/lib/android/sdk/platforms/android-36/data/res/values-mcc310-mnc270-kn: Cannot change mode to rwxr-xr-x: Operation not permitted
build	Cache Android SDK	2026-06-06T12:22:56.0262042Z /usr/bin/tar: ../../../../../usr/local/lib/android/sdk/platforms/android-36/data/res/values-mcc302-mnc370-or: Cannot utime: Operation not permitted
build	Cache Android SDK	2026-06-06T12:22:56.0263077Z /usr/bin/tar: ../../../../../usr/local/lib/android/sdk/platforms/android-36/data/res/values-mcc302-mnc370-or: Cannot change mode to rwxr-xr-x: Operation not permitted
build	Cache Android SDK	2026-06-06T12:22:56.0265324Z /usr/bin/tar: ../../../../../usr/local/lib/android/sdk/platforms/android-36/data/res/values-mcc310-mnc150-hr: Cannot utime: Operation not permitted
build	Cache Android SDK	2026-06-06T12:22:56.0266374Z /usr/bin/tar: ../../../../../usr/local/lib/android/sdk/platforms/android-36/data/res/values-mcc310-mnc150-hr: Cannot change mode to rwxr-xr-x: Operation not permitted
build	Cache Android SDK	2026-06-06T12:22:56.0275270Z /usr/bin/tar: ../../../../../usr/local/lib/android/sdk/platforms/android-36/data/res/values-te: Cannot utime: Operation not permitted
build	Cache Android SDK	2026-06-06T12:22:56.0276350Z /usr/bin/tar: ../../../../../usr/local/lib/android/sdk/platforms/android-36/data/res/values-te: Cannot change mode to rwxr-xr-x: Operation not permitted
build	Cache Android SDK	2026-06-06T12:22:56.0279301Z /usr/bin/tar: ../../../../../usr/local/lib/android/sdk/platforms/android-36/data/res/values-fr-masculine: Cannot utime: Operation not permitted
build	Cache Android SDK	2026-06-06T12:22:56.0280865Z /usr/bin/tar: ../../../../../usr/local/lib/android/sdk/platforms/android-36/data/res/values-fr-masculine: Cannot change mode to rwxr-xr-x: Operation not permitted
build	Cache Android SDK	2026-06-06T12:22:56.0282145Z /usr/bin/tar: ../../../../../usr/local/lib/android/sdk/platforms/android-36/data/res/values-mcc310-mnc490-es-rUS: Cannot utime: Operation not permitted
build	Cache Android SDK	2026-06-06T12:22:56.0283715Z /usr/bin/tar: ../../../../../usr/local/lib/android/sdk/platforms/android-36/data/res/values-mcc310-mnc490-es-rUS: Cannot change mode to rwxr-xr-x: Operation not permitted
build	Cache Android SDK	2026-06-06T12:22:56.0284873Z /usr/bin/tar: ../../../../../usr/local/lib/android/sdk/platforms/android-36/data/res/values-mcc310-mnc310-pt: Cannot utime: Operation not permitted
build	Cache Android SDK	2026-06-06T12:22:56.0285991Z /usr/bin/tar: ../../../../../usr/local/lib/android/sdk/platforms/android-36/data/res/values-mcc310-mnc310-pt: Cannot change mode to rwxr-xr-x: Operation not permitted
build	Cache Android SDK	2026-06-06T12:22:56.0287725Z /usr/bin/tar: ../../../../../usr/local/lib/android/sdk/platforms/android-36/data/res/values-mcc310-mnc200-bg: Cannot utime: Operation not permitted
build	Cache Android SDK	2026-06-06T12:22:56.0288782Z /usr/bin/tar: ../../../../../usr/local/lib/android/sdk/platforms/android-36/data/res/values-mcc310-mnc200-bg: Cannot change mode to rwxr-xr-x: Operation not permitted
build	Cache Android SDK	2026-06-06T12:22:56.0290441Z /usr/bin/tar: ../../../../../usr/local/lib/android/sdk/platforms/android-36/data/res/values-mcc312-mnc670-fr: Cannot utime: Operation not permitted
build	Cache Android SDK	2026-06-06T12:22:56.0291508Z /usr/bin/tar: ../../../../../usr/local/lib/android/sdk/platforms/android-36/data/res/values-mcc312-mnc670-fr: Cannot change mode to rwxr-xr-x: Operation not permitted
build	Cache Android SDK	2026-06-06T12:22:56.0293457Z /usr/bin/tar: ../../../../../usr/local/lib/android/sdk/platforms/android-36/data/res/values-mcc310-mnc560-th: Cannot utime: Operation not permitted
build	Cache Android SDK	2026-06-06T12:22:56.0294389Z /usr/bin/tar: ../../../../../usr/local/lib/android/sdk/platforms/android-36/data/res/values-mcc310-mnc560-th: Cannot change mode to rwxr-xr-x: Operation not permitted
build	Cache Android SDK	2026-06-06T12:22:56.0296664Z /usr/bin/tar: ../../../../../usr/local/lib/android/sdk/platforms/android-36/data/res/values-mcc312-mnc670-ta: Cannot utime: Operation not permitted
build	Cache Android SDK	2026-06-06T12:22:56.0297768Z /usr/bin/tar: ../../../../../usr/local/lib/android/sdk/platforms/android-36/data/res/values-mcc312-mnc670-ta: Cannot change mode to rwxr-xr-x: Operation not permitted
build	Cache Android SDK	2026-06-06T12:22:56.0299840Z /usr/bin/tar: ../../../../../usr/local/lib/android/sdk/platforms/android-36/data/res/values-it-masculine: Cannot utime: Operation not permitted
build	Cache Android SDK	2026-06-06T12:22:56.0300791Z /usr/bin/tar: ../../../../../usr/local/lib/android/sdk/platforms/android-36/data/res/values-it-masculine: Cannot change mode to rwxr-xr-x: Operation not permitted
build	Cache Android SDK	2026-06-06T12:22:56.0303031Z /usr/bin/tar: ../../../../../usr/local/lib/android/sdk/platforms/android-36/data/res/values-mcc312-mnc670-tr: Cannot utime: Operation not permitted
build	Cache Android SDK	2026-06-06T12:22:56.0303959Z /usr/bin/tar: ../../../../../usr/local/lib/android/sdk/platforms/android-36/data/res/values-mcc312-mnc670-tr: Cannot change mode to rwxr-xr-x: Operation not permitted
build	Cache Android SDK	2026-06-06T12:22:56.0306156Z /usr/bin/tar: ../../../../../usr/local/lib/android/sdk/platforms/android-36/data/res/values-mcc310-mnc210-zh-rTW: Cannot utime: Operation not permitted
build	Cache Android SDK	2026-06-06T12:22:56.0307257Z /usr/bin/tar: ../../../../../usr/local/lib/android/sdk/platforms/android-36/data/res/values-mcc310-mnc210-zh-rTW: Cannot change mode to rwxr-xr-x: Operation not permitted
build	Cache Android SDK	2026-06-06T12:22:56.0309693Z /usr/bin/tar: ../../../../../usr/local/lib/android/sdk/platforms/android-36/data/res/raw-de: Cannot utime: Operation not permitted
build	Cache Android SDK	2026-06-06T12:22:56.0310565Z /usr/bin/tar: ../../../../../usr/local/lib/android/sdk/platforms/android-36/data/res/raw-de: Cannot change mode to rwxr-xr-x: Operation not permitted
build	Cache Android SDK	2026-06-06T12:22:56.0313104Z /usr/bin/tar: ../../../../../usr/local/lib/android/sdk/platforms/android-36/data/res/values-mcc312-mnc670-zh-rHK: Cannot utime: Operation not permitted
build	Cache Android SDK	2026-06-06T12:22:56.0314070Z /usr/bin/tar: ../../../../../usr/local/lib/android/sdk/platforms/android-36/data/res/values-mcc312-mnc670-zh-rHK: Cannot change mode to rwxr-xr-x: Operation not permitted
build	Cache Android SDK	2026-06-06T12:22:56.0316553Z /usr/bin/tar: ../../../../../usr/local/lib/android/sdk/platforms/android-36/data/res/values-mcc302-mnc370-ro: Cannot utime: Operation not permitted
build	Cache Android SDK	2026-06-06T12:22:56.0317773Z /usr/bin/tar: ../../../../../usr/local/lib/android/sdk/platforms/android-36/data/res/values-mcc302-mnc370-ro: Cannot change mode to rwxr-xr-x: Operation not permitted
build	Cache Android SDK	2026-06-06T12:22:56.0319029Z /usr/bin/tar: ../../../../../usr/local/lib/android/sdk/platforms/android-36/data/res/values-mcc310-mnc240-mn: Cannot utime: Operation not permitted
build	Cache Android SDK	2026-06-06T12:22:56.0319959Z /usr/bin/tar: ../../../../../usr/local/lib/android/sdk/platforms/android-36/data/res/values-mcc310-mnc240-mn: Cannot change mode to rwxr-xr-x: Operation not permitted
build	Cache Android SDK	2026-06-06T12:22:56.0322519Z /usr/bin/tar: ../../../../../usr/local/lib/android/sdk/platforms/android-36/data/res/values-mcc310-mnc240-bn: Cannot utime: Operation not permitted
build	Cache Android SDK	2026-06-06T12:22:56.0323454Z /usr/bin/tar: ../../../../../usr/local/lib/android/sdk/platforms/android-36/data/res/values-mcc310-mnc240-bn: Cannot change mode to rwxr-xr-x: Operation not permitted
build	Cache Android SDK	2026-06-06T12:22:56.0325653Z /usr/bin/tar: ../../../../../usr/local/lib/android/sdk/platforms/android-36/data/res/values-mcc310-mnc560-be: Cannot utime: Operation not permitted
build	Cache Android SDK	2026-06-06T12:22:56.0326619Z /usr/bin/tar: ../../../../../usr/local/lib/android/sdk/platforms/android-36/data/res/values-mcc310-mnc560-be: Cannot change mode to rwxr-xr-x: Operation not permitted
build	Cache Android SDK	2026-06-06T12:22:56.0330140Z /usr/bin/tar: ../../../../../usr/local/lib/android/sdk/platforms/android-36/data/res/values-mcc313-mnc100-th: Cannot utime: Operation not permitted
build	Cache Android SDK	2026-06-06T12:22:56.0331162Z /usr/bin/tar: ../../../../../usr/local/lib/android/sdk/platforms/android-36/data/res/values-mcc313-mnc100-th: Cannot change mode to rwxr-xr-x: Operation not permitted
build	Cache Android SDK	2026-06-06T12:22:56.0332770Z /usr/bin/tar: ../../../../../usr/local/lib/android/sdk/platforms/android-36/data/res/values-mcc310-mnc220-el: Cannot utime: Operation not permitted
build	Cache Android SDK	2026-06-06T12:22:56.0333698Z /usr/bin/tar: ../../../../../usr/local/lib/android/sdk/platforms/android-36/data/res/values-mcc310-mnc220-el: Cannot change mode to rwxr-xr-x: Operation not permitted
build	Cache Android SDK	2026-06-06T12:22:56.0336022Z /usr/bin/tar: ../../../../../usr/local/lib/android/sdk/platforms/android-36/data/res/values-mcc311-mnc180-si: Cannot utime: Operation not permitted
build	Cache Android SDK	2026-06-06T12:22:56.0336959Z /usr/bin/tar: ../../../../../usr/local/lib/android/sdk/platforms/android-36/data/res/values-mcc311-mnc180-si: Cannot change mode to rwxr-xr-x: Operation not permitted
build	Cache Android SDK	2026-06-06T12:22:56.0339674Z /usr/bin/tar: ../../../../../usr/local/lib/android/sdk/platforms/android-36/data/res/values-mcc310-mnc250-uk: Cannot utime: Operation not permitted
build	Cache Android SDK	2026-06-06T12:22:56.0340620Z /usr/bin/tar: ../../../../../usr/local/lib/android/sdk/platforms/android-36/data/res/values-mcc310-mnc250-uk: Cannot change mode to rwxr-xr-x: Operation not permitted
build	Cache Android SDK	2026-06-06T12:22:56.0342508Z /usr/bin/tar: ../../../../../usr/local/lib/android/sdk/platforms/android-36/data/res/values-mcc313-mnc100-en-rCA: Cannot utime: Operation not permitted
build	Cache Android SDK	2026-06-06T12:22:56.0343575Z /usr/bin/tar: ../../../../../usr/local/lib/android/sdk/platforms/android-36/data/res/values-mcc313-mnc100-en-rCA: Cannot change mode to rwxr-xr-x: Operation not permitted
build	Cache Android SDK	2026-06-06T12:22:56.0346531Z /usr/bin/tar: ../../../../../usr/local/lib/android/sdk/platforms/android-36/data/res/raw-ar: Cannot utime: Operation not permitted
build	Cache Android SDK	2026-06-06T12:22:56.0347516Z /usr/bin/tar: ../../../../../usr/local/lib/android/sdk/platforms/android-36/data/res/raw-ar: Cannot change mode to rwxr-xr-x: Operation not permitted
build	Cache Android SDK	2026-06-06T12:22:56.0350155Z /usr/bin/tar: ../../../../../usr/local/lib/android/sdk/platforms/android-36/data/res/values-mcc310-mnc660-ro: Cannot utime: Operation not permitted
build	Cache Android SDK	2026-06-06T12:22:56.0351084Z /usr/bin/tar: ../../../../../usr/local/lib/android/sdk/platforms/android-36/data/res/values-mcc310-mnc660-ro: Cannot change mode to rwxr-xr-x: Operation not permitted
build	Cache Android SDK	2026-06-06T12:22:56.0353407Z /usr/bin/tar: ../../../../../usr/local/lib/android/sdk/platforms/android-36/data/res/values-mcc312-mnc670-az: Cannot utime: Operation not permitted
build	Cache Android SDK	2026-06-06T12:22:56.0354442Z /usr/bin/tar: ../../../../../usr/local/lib/android/sdk/platforms/android-36/data/res/values-mcc312-mnc670-az: Cannot change mode to rwxr-xr-x: Operation not permitted
build	Cache Android SDK	2026-06-06T12:22:56.0356754Z /usr/bin/tar: ../../../../../usr/local/lib/android/sdk/platforms/android-36/data/res/values-mcc310-mnc250-in: Cannot utime: Operation not permitted
build	Cache Android SDK	2026-06-06T12:22:56.0357950Z /usr/bin/tar: ../../../../../usr/local/lib/android/sdk/platforms/android-36/data/res/values-mcc310-mnc250-in: Cannot change mode to rwxr-xr-x: Operation not permitted
build	Cache Android SDK	2026-06-06T12:22:56.0360123Z /usr/bin/tar: ../../../../../usr/local/lib/android/sdk/platforms/android-36/data/res/values-mcc313-mnc100-iw: Cannot utime: Operation not permitted
build	Cache Android SDK	2026-06-06T12:22:56.0361065Z /usr/bin/tar: ../../../../../usr/local/lib/android/sdk/platforms/android-36/data/res/values-mcc313-mnc100-iw: Cannot change mode to rwxr-xr-x: Operation not permitted
build	Cache Android SDK	2026-06-06T12:22:56.0363852Z /usr/bin/tar: ../../../../../usr/local/lib/android/sdk/platforms/android-36/data/res/values-w170dp-notround-watch: Cannot utime: Operation not permitted
build	Cache Android SDK	2026-06-06T12:22:56.0364847Z /usr/bin/tar: ../../../../../usr/local/lib/android/sdk/platforms/android-36/data/res/values-w170dp-notround-watch: Cannot change mode to rwxr-xr-x: Operation not permitted
build	Cache Android SDK	2026-06-06T12:22:56.0372045Z /usr/bin/tar: ../../../../../usr/local/lib/android/sdk/platforms/android-36/data/res/values-pa: Cannot utime: Operation not permitted
build	Cache Android SDK	2026-06-06T12:22:56.0372922Z /usr/bin/tar: ../../../../../usr/local/lib/android/sdk/platforms/android-36/data/res/values-pa: Cannot change mode to rwxr-xr-x: Operation not permitted
build	Cache Android SDK	2026-06-06T12:22:56.0375357Z /usr/bin/tar: ../../../../../usr/local/lib/android/sdk/platforms/android-36/data/res/values-mcc310-mnc240-sl: Cannot utime: Operation not permitted
build	Cache Android SDK	2026-06-06T12:22:56.0376287Z /usr/bin/tar: ../../../../../usr/local/lib/android/sdk/platforms/android-36/data/res/values-mcc310-mnc240-sl: Cannot change mode to rwxr-xr-x: Operation not permitted
build	Cache Android SDK	2026-06-06T12:22:56.0378970Z /usr/bin/tar: ../../../../../usr/local/lib/android/sdk/platforms/android-36/data/res/values-mcc310-mnc490-ky: Cannot utime: Operation not permitted
build	Cache Android SDK	2026-06-06T12:22:56.0379904Z /usr/bin/tar: ../../../../../usr/local/lib/android/sdk/platforms/android-36/data/res/values-mcc310-mnc490-ky: Cannot change mode to rwxr-xr-x: Operation not permitted
build	Cache Android SDK	2026-06-06T12:22:56.0382167Z /usr/bin/tar: ../../../../../usr/local/lib/android/sdk/platforms/android-36/data/res/values-mcc310-mnc170-pt-rPT: Cannot utime: Operation not permitted
build	Cache Android SDK	2026-06-06T12:22:56.0383130Z /usr/bin/tar: ../../../../../usr/local/lib/android/sdk/platforms/android-36/data/res/values-mcc310-mnc170-pt-rPT: Cannot change mode to rwxr-xr-x: Operation not permitted
build	Cache Android SDK	2026-06-06T12:22:56.0385132Z /usr/bin/tar: ../../../../../usr/local/lib/android/sdk/platforms/android-36/data/res/values-mcc310-mnc560-bg: Cannot utime: Operation not permitted
build	Cache Android SDK	2026-06-06T12:22:56.0386070Z /usr/bin/tar: ../../../../../usr/local/lib/android/sdk/platforms/android-36/data/res/values-mcc310-mnc560-bg: Cannot change mode to rwxr-xr-x: Operation not permitted
build	Cache Android SDK	2026-06-06T12:22:56.0388898Z /usr/bin/tar: ../../../../../usr/local/lib/android/sdk/platforms/android-36/data/res/values-mcc310-mnc150-en-rCA: Cannot utime: Operation not permitted
build	Cache Android SDK	2026-06-06T12:22:56.0390077Z /usr/bin/tar: ../../../../../usr/local/lib/android/sdk/platforms/android-36/data/res/values-mcc310-mnc150-en-rCA: Cannot change mode to rwxr-xr-x: Operation not permitted
build	Cache Android SDK	2026-06-06T12:22:56.0391737Z /usr/bin/tar: ../../../../../usr/local/lib/android/sdk/platforms/android-36/data/res/values-mcc310-mnc800-es: Cannot utime: Operation not permitted
build	Cache Android SDK	2026-06-06T12:22:56.0392984Z /usr/bin/tar: ../../../../../usr/local/lib/android/sdk/platforms/android-36/data/res/values-mcc310-mnc800-es: Cannot change mode to rwxr-xr-x: Operation not permitted
build	Cache Android SDK	2026-06-06T12:22:56.0396801Z /usr/bin/tar: ../../../../../usr/local/lib/android/sdk/platforms/android-36/data/res/values-mcc001-mnc01-cs: Cannot utime: Operation not permitted
build	Cache Android SDK	2026-06-06T12:22:56.0398387Z /usr/bin/tar: ../../../../../usr/local/lib/android/sdk/platforms/android-36/data/res/values-mcc001-mnc01-cs: Cannot change mode to rwxr-xr-x: Operation not permitted
build	Cache Android SDK	2026-06-06T12:22:56.0399764Z /usr/bin/tar: ../../../../../usr/local/lib/android/sdk/platforms/android-36/data/res/values-mcc311-mnc180-tr: Cannot utime: Operation not permitted
build	Cache Android SDK	2026-06-06T12:22:56.0400814Z /usr/bin/tar: ../../../../../usr/local/lib/android/sdk/platforms/android-36/data/res/values-mcc311-mnc180-tr: Cannot change mode to rwxr-xr-x: Operation not permitted
build	Cache Android SDK	2026-06-06T12:22:56.0402434Z /usr/bin/tar: ../../../../../usr/local/lib/android/sdk/platforms/android-36/data/res/values-mcc310-mnc030-vi: Cannot utime: Operation not permitted
build	Cache Android SDK	2026-06-06T12:22:56.0403354Z /usr/bin/tar: ../../../../../usr/local/lib/android/sdk/platforms/android-36/data/res/values-mcc310-mnc030-vi: Cannot change mode to rwxr-xr-x: Operation not permitted
build	Cache Android SDK	2026-06-06T12:22:56.0405980Z /usr/bin/tar: ../../../../../usr/local/lib/android/sdk/platforms/android-36/data/res/values-mcc310-mnc280-sw: Cannot utime: Operation not permitted
build	Cache Android SDK	2026-06-06T12:22:56.0406914Z /usr/bin/tar: ../../../../../usr/local/lib/android/sdk/platforms/android-36/data/res/values-mcc310-mnc280-sw: Cannot change mode to rwxr-xr-x: Operation not permitted
build	Cache Android SDK	2026-06-06T12:22:56.0408923Z /usr/bin/tar: ../../../../../usr/local/lib/android/sdk/platforms/android-36/data/res/values-mcc302-mnc720-hr: Cannot utime: Operation not permitted
build	Cache Android SDK	2026-06-06T12:22:56.0409851Z /usr/bin/tar: ../../../../../usr/local/lib/android/sdk/platforms/android-36/data/res/values-mcc302-mnc720-hr: Cannot change mode to rwxr-xr-x: Operation not permitted
build	Cache Android SDK	2026-06-06T12:22:56.0412455Z /usr/bin/tar: ../../../../../usr/local/lib/android/sdk/platforms/android-36/data/res/values-mcc310-mnc170-fi: Cannot utime: Operation not permitted
build	Cache Android SDK	2026-06-06T12:22:56.0413461Z /usr/bin/tar: ../../../../../usr/local/lib/android/sdk/platforms/android-36/data/res/values-mcc310-mnc170-fi: Cannot change mode to rwxr-xr-x: Operation not permitted
build	Cache Android SDK	2026-06-06T12:22:56.0415174Z /usr/bin/tar: ../../../../../usr/local/lib/android/sdk/platforms/android-36/data/res/values-mcc312-mnc670-es-rUS: Cannot utime: Operation not permitted
build	Cache Android SDK	2026-06-06T12:22:56.0416135Z /usr/bin/tar: ../../../../../usr/local/lib/android/sdk/platforms/android-36/data/res/values-mcc312-mnc670-es-rUS: Cannot change mode to rwxr-xr-x: Operation not permitted
build	Cache Android SDK	2026-06-06T12:22:56.0419047Z /usr/bin/tar: ../../../../../usr/local/lib/android/sdk/platforms/android-36/data/res/values-w198dp: Cannot utime: Operation not permitted
build	Cache Android SDK	2026-06-06T12:22:56.0420345Z /usr/bin/tar: ../../../../../usr/local/lib/android/sdk/platforms/android-36/data/res/values-w198dp: Cannot change mode to rwxr-xr-x: Operation not permitted
build	Cache Android SDK	2026-06-06T12:22:56.0421513Z /usr/bin/tar: ../../../../../usr/local/lib/android/sdk/platforms/android-36/data/res/values-mcc310-mnc280-ne: Cannot utime: Operation not permitted
build	Cache Android SDK	2026-06-06T12:22:56.0422453Z /usr/bin/tar: ../../../../../usr/local/lib/android/sdk/platforms/android-36/data/res/values-mcc310-mnc280-ne: Cannot change mode to rwxr-xr-x: Operation not permitted
build	Cache Android SDK	2026-06-06T12:22:56.0424668Z /usr/bin/tar: ../../../../../usr/local/lib/android/sdk/platforms/android-36/data/res/values-bs-watch: Cannot utime: Operation not permitted
build	Cache Android SDK	2026-06-06T12:22:56.0425639Z /usr/bin/tar: ../../../../../usr/local/lib/android/sdk/platforms/android-36/data/res/values-bs-watch: Cannot change mode to rwxr-xr-x: Operation not permitted
build	Cache Android SDK	2026-06-06T12:22:56.0428906Z /usr/bin/tar: ../../../../../usr/local/lib/android/sdk/platforms/android-36/data/res/values-mcc310-mnc160-ca: Cannot utime: Operation not permitted
build	Cache Android SDK	2026-06-06T12:22:56.0429843Z /usr/bin/tar: ../../../../../usr/local/lib/android/sdk/platforms/android-36/data/res/values-mcc310-mnc160-ca: Cannot change mode to rwxr-xr-x: Operation not permitted
build	Cache Android SDK	2026-06-06T12:22:56.0432429Z /usr/bin/tar: ../../../../../usr/local/lib/android/sdk/platforms/android-36/data/res/values-mcc310-mnc150-hu: Cannot utime: Operation not permitted
build	Cache Android SDK	2026-06-06T12:22:56.0433656Z /usr/bin/tar: ../../../../../usr/local/lib/android/sdk/platforms/android-36/data/res/values-mcc310-mnc150-hu: Cannot change mode to rwxr-xr-x: Operation not permitted
build	Cache Android SDK	2026-06-06T12:22:56.0438707Z /usr/bin/tar: ../../../../../usr/local/lib/android/sdk/platforms/android-36/data/res/transition: Cannot utime: Operation not permitted
build	Cache Android SDK	2026-06-06T12:22:56.0439660Z /usr/bin/tar: ../../../../../usr/local/lib/android/sdk/platforms/android-36/data/res/transition: Cannot change mode to rwxr-xr-x: Operation not permitted
build	Cache Android SDK	2026-06-06T12:22:56.0441574Z /usr/bin/tar: ../../../../../usr/local/lib/android/sdk/platforms/android-36/data/res/values-mcc310-mnc230-ko: Cannot utime: Operation not permitted
build	Cache Android SDK	2026-06-06T12:22:56.0442505Z /usr/bin/tar: ../../../../../usr/local/lib/android/sdk/platforms/android-36/data/res/values-mcc310-mnc230-ko: Cannot change mode to rwxr-xr-x: Operation not permitted
build	Cache Android SDK	2026-06-06T12:22:56.0445239Z /usr/bin/tar: ../../../../../usr/local/lib/android/sdk/platforms/android-36/data/res/values-mcc310-mnc270-am: Cannot utime: Operation not permitted
build	Cache Android SDK	2026-06-06T12:22:56.0446219Z /usr/bin/tar: ../../../../../usr/local/lib/android/sdk/platforms/android-36/data/res/values-mcc310-mnc270-am: Cannot change mode to rwxr-xr-x: Operation not permitted
build	Cache Android SDK	2026-06-06T12:22:56.0448062Z /usr/bin/tar: ../../../../../usr/local/lib/android/sdk/platforms/android-36/data/res/values-mcc312-mnc670-uk: Cannot utime: Operation not permitted
build	Cache Android SDK	2026-06-06T12:22:56.0448992Z /usr/bin/tar: ../../../../../usr/local/lib/android/sdk/platforms/android-36/data/res/values-mcc312-mnc670-uk: Cannot change mode to rwxr-xr-x: Operation not permitted
build	Cache Android SDK	2026-06-06T12:22:56.0451673Z /usr/bin/tar: ../../../../../usr/local/lib/android/sdk/platforms/android-36/data/res/values-mcc310-mnc210-zh-rCN: Cannot utime: Operation not permitted
build	Cache Android SDK	2026-06-06T12:22:56.0452680Z /usr/bin/tar: ../../../../../usr/local/lib/android/sdk/platforms/android-36/data/res/values-mcc310-mnc210-zh-rCN: Cannot change mode to rwxr-xr-x: Operation not permitted
build	Cache Android SDK	2026-06-06T12:22:56.0454343Z /usr/bin/tar: ../../../../../usr/local/lib/android/sdk/platforms/android-36/data/res/values-mcc302-mnc660: Cannot utime: Operation not permitted
build	Cache Android SDK	2026-06-06T12:22:56.0455274Z /usr/bin/tar: ../../../../../usr/local/lib/android/sdk/platforms/android-36/data/res/values-mcc302-mnc660: Cannot change mode to rwxr-xr-x: Operation not permitted
build	Cache Android SDK	2026-06-06T12:22:56.0458078Z /usr/bin/tar: ../../../../../usr/local/lib/android/sdk/platforms/android-36/data/res/values-mcc310-mnc950-gl: Cannot utime: Operation not permitted
build	Cache Android SDK	2026-06-06T12:22:56.0459012Z /usr/bin/tar: ../../../../../usr/local/lib/android/sdk/platforms/android-36/data/res/values-mcc310-mnc950-gl: Cannot change mode to rwxr-xr-x: Operation not permitted
build	Cache Android SDK	2026-06-06T12:22:56.0460856Z /usr/bin/tar: ../../../../../usr/local/lib/android/sdk/platforms/android-36/data/res/values-mcc302-mnc720-is: Cannot utime: Operation not permitted
build	Cache Android SDK	2026-06-06T12:22:56.0461793Z /usr/bin/tar: ../../../../../usr/local/lib/android/sdk/platforms/android-36/data/res/values-mcc302-mnc720-is: Cannot change mode to rwxr-xr-x: Operation not permitted
build	Cache Android SDK	2026-06-06T12:22:56.0464309Z /usr/bin/tar: ../../../../../usr/local/lib/android/sdk/platforms/android-36/data/res/values-mcc310-mnc240-ms: Cannot utime: Operation not permitted
build	Cache Android SDK	2026-06-06T12:22:56.0465316Z /usr/bin/tar: ../../../../../usr/local/lib/android/sdk/platforms/android-36/data/res/values-mcc310-mnc240-ms: Cannot change mode to rwxr-xr-x: Operation not permitted
build	Cache Android SDK	2026-06-06T12:22:56.0471767Z /usr/bin/tar: ../../../../../usr/local/lib/android/sdk/platforms/android-36/data/res/values-sk: Cannot utime: Operation not permitted
build	Cache Android SDK	2026-06-06T12:22:56.0472628Z /usr/bin/tar: ../../../../../usr/local/lib/android/sdk/platforms/android-36/data/res/values-sk: Cannot change mode to rwxr-xr-x: Operation not permitted
build	Cache Android SDK	2026-06-06T12:22:56.0474920Z /usr/bin/tar: ../../../../../usr/local/lib/android/sdk/platforms/android-36/data/res/values-mcc310-mnc160-eu: Cannot utime: Operation not permitted
build	Cache Android SDK	2026-06-06T12:22:56.0475950Z /usr/bin/tar: ../../../../../usr/local/lib/android/sdk/platforms/android-36/data/res/values-mcc310-mnc160-eu: Cannot change mode to rwxr-xr-x: Operation not permitted
build	Cache Android SDK	2026-06-06T12:22:56.0478044Z /usr/bin/tar: ../../../../../usr/local/lib/android/sdk/platforms/android-36/data/res/values-mcc310-mnc660-es-rUS: Cannot utime: Operation not permitted
build	Cache Android SDK	2026-06-06T12:22:56.0479087Z /usr/bin/tar: ../../../../../usr/local/lib/android/sdk/platforms/android-36/data/res/values-mcc310-mnc660-es-rUS: Cannot change mode to rwxr-xr-x: Operation not permitted
build	Cache Android SDK	2026-06-06T12:22:56.0481392Z /usr/bin/tar: ../../../../../usr/local/lib/android/sdk/platforms/android-36/data/res/values-mcc310-mnc210-az: Cannot utime: Operation not permitted
build	Cache Android SDK	2026-06-06T12:22:56.0482320Z /usr/bin/tar: ../../../../../usr/local/lib/android/sdk/platforms/android-36/data/res/values-mcc310-mnc210-az: Cannot change mode to rwxr-xr-x: Operation not permitted
build	Cache Android SDK	2026-06-06T12:22:56.0484577Z /usr/bin/tar: ../../../../../usr/local/lib/android/sdk/platforms/android-36/data/res/values-mcc312-mnc670-el: Cannot utime: Operation not permitted
build	Cache Android SDK	2026-06-06T12:22:56.0485499Z /usr/bin/tar: ../../../../../usr/local/lib/android/sdk/platforms/android-36/data/res/values-mcc312-mnc670-el: Cannot change mode to rwxr-xr-x: Operation not permitted
build	Cache Android SDK	2026-06-06T12:22:56.0487707Z /usr/bin/tar: ../../../../../usr/local/lib/android/sdk/platforms/android-36/data/res/values-mcc310-mnc310-en-rIN: Cannot utime: Operation not permitted
build	Cache Android SDK	2026-06-06T12:22:56.0488672Z /usr/bin/tar: ../../../../../usr/local/lib/android/sdk/platforms/android-36/data/res/values-mcc310-mnc310-en-rIN: Cannot change mode to rwxr-xr-x: Operation not permitted
build	Cache Android SDK	2026-06-06T12:22:56.0491098Z /usr/bin/tar: ../../../../../usr/local/lib/android/sdk/platforms/android-36/data/res/values-mcc310-mnc380-am: Cannot utime: Operation not permitted
build	Cache Android SDK	2026-06-06T12:22:56.0492036Z /usr/bin/tar: ../../../../../usr/local/lib/android/sdk/platforms/android-36/data/res/values-mcc310-mnc380-am: Cannot change mode to rwxr-xr-x: Operation not permitted
build	Cache Android SDK	2026-06-06T12:22:56.0494039Z /usr/bin/tar: ../../../../../usr/local/lib/android/sdk/platforms/android-36/data/res/values-mcc310-mnc280-fr-rCA: Cannot utime: Operation not permitted
build	Cache Android SDK	2026-06-06T12:22:56.0495010Z /usr/bin/tar: ../../../../../usr/local/lib/android/sdk/platforms/android-36/data/res/values-mcc310-mnc280-fr-rCA: Cannot change mode to rwxr-xr-x: Operation not permitted
build	Cache Android SDK	2026-06-06T12:22:56.0497502Z /usr/bin/tar: ../../../../../usr/local/lib/android/sdk/platforms/android-36/data/res/values-mcc311-mnc180-es-rUS: Cannot utime: Operation not permitted
build	Cache Android SDK	2026-06-06T12:22:56.0498504Z /usr/bin/tar: ../../../../../usr/local/lib/android/sdk/platforms/android-36/data/res/values-mcc311-mnc180-es-rUS: Cannot change mode to rwxr-xr-x: Operation not permitted
build	Cache Android SDK	2026-06-06T12:22:56.0500772Z /usr/bin/tar: ../../../../../usr/local/lib/android/sdk/platforms/android-36/data/res/raw-rm: Cannot utime: Operation not permitted
build	Cache Android SDK	2026-06-06T12:22:56.0501607Z /usr/bin/tar: ../../../../../usr/local/lib/android/sdk/platforms/android-36/data/res/raw-rm: Cannot change mode to rwxr-xr-x: Operation not permitted
build	Cache Android SDK	2026-06-06T12:22:56.0504804Z /usr/bin/tar: ../../../../../usr/local/lib/android/sdk/platforms/android-36/data/res/values-mcc310-mnc310-bs: Cannot utime: Operation not permitted
build	Cache Android SDK	2026-06-06T12:22:56.0506081Z /usr/bin/tar: ../../../../../usr/local/lib/android/sdk/platforms/android-36/data/res/values-mcc310-mnc310-bs: Cannot change mode to rwxr-xr-x: Operation not permitted
build	Cache Android SDK	2026-06-06T12:22:56.0508040Z /usr/bin/tar: ../../../../../usr/local/lib/android/sdk/platforms/android-36/data/res/values-lt-watch: Cannot utime: Operation not permitted
build	Cache Android SDK	2026-06-06T12:22:56.0508931Z /usr/bin/tar: ../../../../../usr/local/lib/android/sdk/platforms/android-36/data/res/values-lt-watch: Cannot change mode to rwxr-xr-x: Operation not permitted
build	Cache Android SDK	2026-06-06T12:22:56.0510805Z /usr/bin/tar: ../../../../../usr/local/lib/android/sdk/platforms/android-36/data/res/values-mcc302-mnc720-de: Cannot utime: Operation not permitted
build	Cache Android SDK	2026-06-06T12:22:56.0511825Z /usr/bin/tar: ../../../../../usr/local/lib/android/sdk/platforms/android-36/data/res/values-mcc302-mnc720-de: Cannot change mode to rwxr-xr-x: Operation not permitted
build	Cache Android SDK	2026-06-06T12:22:56.0513895Z /usr/bin/tar: ../../../../../usr/local/lib/android/sdk/platforms/android-36/data/res/values-mcc310-mnc660-vi: Cannot utime: Operation not permitted
build	Cache Android SDK	2026-06-06T12:22:56.0514891Z /usr/bin/tar: ../../../../../usr/local/lib/android/sdk/platforms/android-36/data/res/values-mcc310-mnc660-vi: Cannot change mode to rwxr-xr-x: Operation not permitted
build	Cache Android SDK	2026-06-06T12:22:56.0516702Z /usr/bin/tar: ../../../../../usr/local/lib/android/sdk/platforms/android-36/data/res/values-mcc310-mnc950-lt: Cannot utime: Operation not permitted
build	Cache Android SDK	2026-06-06T12:22:56.0517772Z /usr/bin/tar: ../../../../../usr/local/lib/android/sdk/platforms/android-36/data/res/values-mcc310-mnc950-lt: Cannot change mode to rwxr-xr-x: Operation not permitted
build	Cache Android SDK	2026-06-06T12:22:56.0519879Z /usr/bin/tar: ../../../../../usr/local/lib/android/sdk/platforms/android-36/data/res/values-mcc310-mnc280-sr: Cannot utime: Operation not permitted
build	Cache Android SDK	2026-06-06T12:22:56.0520830Z /usr/bin/tar: ../../../../../usr/local/lib/android/sdk/platforms/android-36/data/res/values-mcc310-mnc280-sr: Cannot change mode to rwxr-xr-x: Operation not permitted
build	Cache Android SDK	2026-06-06T12:22:56.0524043Z /usr/bin/tar: ../../../../../usr/local/lib/android/sdk/platforms/android-36/data/res/mipmap-xxxhdpi: Cannot utime: Operation not permitted
build	Cache Android SDK	2026-06-06T12:22:56.0524937Z /usr/bin/tar: ../../../../../usr/local/lib/android/sdk/platforms/android-36/data/res/mipmap-xxxhdpi: Cannot change mode to rwxr-xr-x: Operation not permitted
build	Cache Android SDK	2026-06-06T12:22:56.0527876Z /usr/bin/tar: ../../../../../usr/local/lib/android/sdk/platforms/android-36/data/res/values-notround-watch: Cannot utime: Operation not permitted
build	Cache Android SDK	2026-06-06T12:22:56.0528825Z /usr/bin/tar: ../../../../../usr/local/lib/android/sdk/platforms/android-36/data/res/values-notround-watch: Cannot change mode to rwxr-xr-x: Operation not permitted
build	Cache Android SDK	2026-06-06T12:22:56.0531130Z /usr/bin/tar: ../../../../../usr/local/lib/android/sdk/platforms/android-36/data/res/values-mcc310-mnc660-bn: Cannot utime: Operation not permitted
build	Cache Android SDK	2026-06-06T12:22:56.0532057Z /usr/bin/tar: ../../../../../usr/local/lib/android/sdk/platforms/android-36/data/res/values-mcc310-mnc660-bn: Cannot change mode to rwxr-xr-x: Operation not permitted
build	Cache Android SDK	2026-06-06T12:22:56.0534619Z /usr/bin/tar: ../../../../../usr/local/lib/android/sdk/platforms/android-36/data/res/values-mcc313-mnc100-as: Cannot utime: Operation not permitted
build	Cache Android SDK	2026-06-06T12:22:56.0535536Z /usr/bin/tar: ../../../../../usr/local/lib/android/sdk/platforms/android-36/data/res/values-mcc313-mnc100-as: Cannot change mode to rwxr-xr-x: Operation not permitted
build	Cache Android SDK	2026-06-06T12:22:56.0537720Z /usr/bin/tar: ../../../../../usr/local/lib/android/sdk/platforms/android-36/data/res/values-mcc310-mnc170-pt-rBR: Cannot utime: Operation not permitted
build	Cache Android SDK	2026-06-06T12:22:56.0538688Z /usr/bin/tar: ../../../../../usr/local/lib/android/sdk/platforms/android-36/data/res/values-mcc310-mnc170-pt-rBR: Cannot change mode to rwxr-xr-x: Operation not permitted
build	Cache Android SDK	2026-06-06T12:22:56.0542012Z /usr/bin/tar: ../../../../../usr/local/lib/android/sdk/platforms/android-36/data/res/values-mcc310-mnc200-nb: Cannot utime: Operation not permitted
build	Cache Android SDK	2026-06-06T12:22:56.0543220Z /usr/bin/tar: ../../../../../usr/local/lib/android/sdk/platforms/android-36/data/res/values-mcc310-mnc200-nb: Cannot change mode to rwxr-xr-x: Operation not permitted
build	Cache Android SDK	2026-06-06T12:22:56.0544238Z /usr/bin/tar: ../../../../../usr/local/lib/android/sdk/platforms/android-36/data/res/values-mcc313-mnc100-nl: Cannot utime: Operation not permitted
build	Cache Android SDK	2026-06-06T12:22:56.0545225Z /usr/bin/tar: ../../../../../usr/local/lib/android/sdk/platforms/android-36/data/res/values-mcc313-mnc100-nl: Cannot change mode to rwxr-xr-x: Operation not permitted
build	Cache Android SDK	2026-06-06T12:22:56.0546428Z /usr/bin/tar: ../../../../../usr/local/lib/android/sdk/platforms/android-36/data/res/values-mcc310-mnc380-ka: Cannot utime: Operation not permitted
build	Cache Android SDK	2026-06-06T12:22:56.0547560Z /usr/bin/tar: ../../../../../usr/local/lib/android/sdk/platforms/android-36/data/res/values-mcc310-mnc380-ka: Cannot change mode to rwxr-xr-x: Operation not permitted
build	Cache Android SDK	2026-06-06T12:22:56.0549814Z /usr/bin/tar: ../../../../../usr/local/lib/android/sdk/platforms/android-36/data/res/values-mcc310-mnc240-nl: Cannot utime: Operation not permitted
build	Cache Android SDK	2026-06-06T12:22:56.0550799Z /usr/bin/tar: ../../../../../usr/local/lib/android/sdk/platforms/android-36/data/res/values-mcc310-mnc240-nl: Cannot change mode to rwxr-xr-x: Operation not permitted
build	Cache Android SDK	2026-06-06T12:22:56.0552809Z /usr/bin/tar: ../../../../../usr/local/lib/android/sdk/platforms/android-36/data/res/values-mcc001-mnc01-uk: Cannot utime: Operation not permitted
build	Cache Android SDK	2026-06-06T12:22:56.0553722Z /usr/bin/tar: ../../../../../usr/local/lib/android/sdk/platforms/android-36/data/res/values-mcc001-mnc01-uk: Cannot change mode to rwxr-xr-x: Operation not permitted
build	Cache Android SDK	2026-06-06T12:22:56.0555654Z /usr/bin/tar: ../../../../../usr/local/lib/android/sdk/platforms/android-36/data/res/values-bg-television: Cannot utime: Operation not permitted
build	Cache Android SDK	2026-06-06T12:22:56.0556579Z /usr/bin/tar: ../../../../../usr/local/lib/android/sdk/platforms/android-36/data/res/values-bg-television: Cannot change mode to rwxr-xr-x: Operation not permitted
build	Cache Android SDK	2026-06-06T12:22:56.0558721Z /usr/bin/tar: ../../../../../usr/local/lib/android/sdk/platforms/android-36/data/res/values-mcc310-mnc800-ur: Cannot utime: Operation not permitted
build	Cache Android SDK	2026-06-06T12:22:56.0559650Z /usr/bin/tar: ../../../../../usr/local/lib/android/sdk/platforms/android-36/data/res/values-mcc310-mnc800-ur: Cannot change mode to rwxr-xr-x: Operation not permitted
build	Cache Android SDK	2026-06-06T12:22:56.0561559Z /usr/bin/tar: ../../../../../usr/local/lib/android/sdk/platforms/android-36/data/res/values-mcc310-mnc410-hy: Cannot utime: Operation not permitted
build	Cache Android SDK	2026-06-06T12:22:56.0562492Z /usr/bin/tar: ../../../../../usr/local/lib/android/sdk/platforms/android-36/data/res/values-mcc310-mnc410-hy: Cannot change mode to rwxr-xr-x: Operation not permitted
build	Cache Android SDK	2026-06-06T12:22:56.0564645Z /usr/bin/tar: ../../../../../usr/local/lib/android/sdk/platforms/android-36/data/res/values-w213dp: Cannot utime: Operation not permitted
build	Cache Android SDK	2026-06-06T12:22:56.0565513Z /usr/bin/tar: ../../../../../usr/local/lib/android/sdk/platforms/android-36/data/res/values-w213dp: Cannot change mode to rwxr-xr-x: Operation not permitted
build	Cache Android SDK	2026-06-06T12:22:56.0567711Z /usr/bin/tar: ../../../../../usr/local/lib/android/sdk/platforms/android-36/data/res/values-mcc310-mnc410-es-rUS: Cannot utime: Operation not permitted
build	Cache Android SDK	2026-06-06T12:22:56.0568753Z /usr/bin/tar: ../../../../../usr/local/lib/android/sdk/platforms/android-36/data/res/values-mcc310-mnc410-es-rUS: Cannot change mode to rwxr-xr-x: Operation not permitted
build	Cache Android SDK	2026-06-06T12:22:56.0570594Z /usr/bin/tar: ../../../../../usr/local/lib/android/sdk/platforms/android-36/data/res/values-mcc310-mnc660-tl: Cannot utime: Operation not permitted
build	Cache Android SDK	2026-06-06T12:22:56.0571598Z /usr/bin/tar: ../../../../../usr/local/lib/android/sdk/platforms/android-36/data/res/values-mcc310-mnc660-tl: Cannot change mode to rwxr-xr-x: Operation not permitted
build	Cache Android SDK	2026-06-06T12:22:56.0573461Z /usr/bin/tar: ../../../../../usr/local/lib/android/sdk/platforms/android-36/data/res/values-mcc310-mnc280-bn: Cannot utime: Operation not permitted
build	Cache Android SDK	2026-06-06T12:22:56.0574476Z /usr/bin/tar: ../../../../../usr/local/lib/android/sdk/platforms/android-36/data/res/values-mcc310-mnc280-bn: Cannot change mode to rwxr-xr-x: Operation not permitted
build	Cache Android SDK	2026-06-06T12:22:56.0576952Z /usr/bin/tar: ../../../../../usr/local/lib/android/sdk/platforms/android-36/data/res/values-mcc313-mnc100-b+sr+Latn: Cannot utime: Operation not permitted
build	Cache Android SDK	2026-06-06T12:22:56.0578143Z /usr/bin/tar: ../../../../../usr/local/lib/android/sdk/platforms/android-36/data/res/values-mcc313-mnc100-b+sr+Latn: Cannot change mode to rwxr-xr-x: Operation not permitted
build	Cache Android SDK	2026-06-06T12:22:56.0579999Z /usr/bin/tar: ../../../../../usr/local/lib/android/sdk/platforms/android-36/data/res/values-mcc466-mnc01: Cannot utime: Operation not permitted
build	Cache Android SDK	2026-06-06T12:22:56.0580990Z /usr/bin/tar: ../../../../../usr/local/lib/android/sdk/platforms/android-36/data/res/values-mcc466-mnc01: Cannot change mode to rwxr-xr-x: Operation not permitted
build	Cache Android SDK	2026-06-06T12:22:56.0583139Z /usr/bin/tar: ../../../../../usr/local/lib/android/sdk/platforms/android-36/data/res/raw-th: Cannot utime: Operation not permitted
build	Cache Android SDK	2026-06-06T12:22:56.0584028Z /usr/bin/tar: ../../../../../usr/local/lib/android/sdk/platforms/android-36/data/res/raw-th: Cannot change mode to rwxr-xr-x: Operation not permitted
build	Cache Android SDK	2026-06-06T12:22:56.0587038Z /usr/bin/tar: ../../../../../usr/local/lib/android/sdk/platforms/android-36/data/res/values-mcc302-mnc720-in: Cannot utime: Operation not permitted
build	Cache Android SDK	2026-06-06T12:22:56.0588104Z /usr/bin/tar: ../../../../../usr/local/lib/android/sdk/platforms/android-36/data/res/values-mcc302-mnc720-in: Cannot change mode to rwxr-xr-x: Operation not permitted
build	Cache Android SDK	2026-06-06T12:22:56.0590255Z /usr/bin/tar: ../../../../../usr/local/lib/android/sdk/platforms/android-36/data/res/values-mcc310-mnc210-gl: Cannot utime: Operation not permitted
build	Cache Android SDK	2026-06-06T12:22:56.0591267Z /usr/bin/tar: ../../../../../usr/local/lib/android/sdk/platforms/android-36/data/res/values-mcc310-mnc210-gl: Cannot change mode to rwxr-xr-x: Operation not permitted
build	Cache Android SDK	2026-06-06T12:22:56.0593127Z /usr/bin/tar: ../../../../../usr/local/lib/android/sdk/platforms/android-36/data/res/values-fr-rCH: Cannot utime: Operation not permitted
build	Cache Android SDK	2026-06-06T12:22:56.0594006Z /usr/bin/tar: ../../../../../usr/local/lib/android/sdk/platforms/android-36/data/res/values-fr-rCH: Cannot change mode to rwxr-xr-x: Operation not permitted
build	Cache Android SDK	2026-06-06T12:22:56.0595908Z /usr/bin/tar: ../../../../../usr/local/lib/android/sdk/platforms/android-36/data/res/values-hr-television: Cannot utime: Operation not permitted
build	Cache Android SDK	2026-06-06T12:22:56.0596828Z /usr/bin/tar: ../../../../../usr/local/lib/android/sdk/platforms/android-36/data/res/values-hr-television: Cannot change mode to rwxr-xr-x: Operation not permitted
build	Cache Android SDK	2026-06-06T12:22:56.0599282Z /usr/bin/tar: ../../../../../usr/local/lib/android/sdk/platforms/android-36/data/res/values-mcc313-mnc100-fr: Cannot utime: Operation not permitted
build	Cache Android SDK	2026-06-06T12:22:56.0600206Z /usr/bin/tar: ../../../../../usr/local/lib/android/sdk/platforms/android-36/data/res/values-mcc313-mnc100-fr: Cannot change mode to rwxr-xr-x: Operation not permitted
build	Cache Android SDK	2026-06-06T12:22:56.0602407Z /usr/bin/tar: ../../../../../usr/local/lib/android/sdk/platforms/android-36/data/res/values-km-television: Cannot utime: Operation not permitted
build	Cache Android SDK	2026-06-06T12:22:56.0603313Z /usr/bin/tar: ../../../../../usr/local/lib/android/sdk/platforms/android-36/data/res/values-km-television: Cannot change mode to rwxr-xr-x: Operation not permitted
build	Cache Android SDK	2026-06-06T12:22:56.0605206Z /usr/bin/tar: ../../../../../usr/local/lib/android/sdk/platforms/android-36/data/res/values-mcc310-mnc410-ar: Cannot utime: Operation not permitted
build	Cache Android SDK	2026-06-06T12:22:56.0606138Z /usr/bin/tar: ../../../../../usr/local/lib/android/sdk/platforms/android-36/data/res/values-mcc310-mnc410-ar: Cannot change mode to rwxr-xr-x: Operation not permitted
build	Cache Android SDK	2026-06-06T12:22:56.0609041Z /usr/bin/tar: ../../../../../usr/local/lib/android/sdk/platforms/android-36/data/res/values-mcc310-mnc660-fr: Cannot utime: Operation not permitted
build	Cache Android SDK	2026-06-06T12:22:56.0610048Z /usr/bin/tar: ../../../../../usr/local/lib/android/sdk/platforms/android-36/data/res/values-mcc310-mnc660-fr: Cannot change mode to rwxr-xr-x: Operation not permitted
build	Cache Android SDK	2026-06-06T12:22:56.0612242Z /usr/bin/tar: ../../../../../usr/local/lib/android/sdk/platforms/android-36/data/res/values-mcc310-mnc160-es-rUS: Cannot utime: Operation not permitted
build	Cache Android SDK	2026-06-06T12:22:56.0613209Z /usr/bin/tar: ../../../../../usr/local/lib/android/sdk/platforms/android-36/data/res/values-mcc310-mnc160-es-rUS: Cannot change mode to rwxr-xr-x: Operation not permitted
build	Cache Android SDK	2026-06-06T12:22:56.0616401Z /usr/bin/tar: ../../../../../usr/local/lib/android/sdk/platforms/android-36/data/res/values-mcc310-mnc200: Cannot utime: Operation not permitted
build	Cache Android SDK	2026-06-06T12:22:56.0617890Z /usr/bin/tar: ../../../../../usr/local/lib/android/sdk/platforms/android-36/data/res/values-mcc310-mnc200: Cannot change mode to rwxr-xr-x: Operation not permitted
build	Cache Android SDK	2026-06-06T12:22:56.0619396Z /usr/bin/tar: ../../../../../usr/local/lib/android/sdk/platforms/android-36/data/res/values-mcc310-mnc270-tl: Cannot utime: Operation not permitted
build	Cache Android SDK	2026-06-06T12:22:56.0620401Z /usr/bin/tar: ../../../../../usr/local/lib/android/sdk/platforms/android-36/data/res/values-mcc310-mnc270-tl: Cannot change mode to rwxr-xr-x: Operation not permitted
build	Cache Android SDK	2026-06-06T12:22:56.0623103Z /usr/bin/tar: ../../../../../usr/local/lib/android/sdk/platforms/android-36/data/res/values-mcc310-mnc950-sk: Cannot utime: Operation not permitted
build	Cache Android SDK	2026-06-06T12:22:56.0624043Z /usr/bin/tar: ../../../../../usr/local/lib/android/sdk/platforms/android-36/data/res/values-mcc310-mnc950-sk: Cannot change mode to rwxr-xr-x: Operation not permitted
build	Cache Android SDK	2026-06-06T12:22:56.0626381Z /usr/bin/tar: ../../../../../usr/local/lib/android/sdk/platforms/android-36/data/res/values-mcc310-mnc240-ky: Cannot utime: Operation not permitted
build	Cache Android SDK	2026-06-06T12:22:56.0627508Z /usr/bin/tar: ../../../../../usr/local/lib/android/sdk/platforms/android-36/data/res/values-mcc310-mnc240-ky: Cannot change mode to rwxr-xr-x: Operation not permitted
build	Cache Android SDK	2026-06-06T12:22:56.0629403Z /usr/bin/tar: ../../../../../usr/local/lib/android/sdk/platforms/android-36/data/res/values-mcc310-mnc310-ky: Cannot utime: Operation not permitted
build	Cache Android SDK	2026-06-06T12:22:56.0630347Z /usr/bin/tar: ../../../../../usr/local/lib/android/sdk/platforms/android-36/data/res/values-mcc310-mnc310-ky: Cannot change mode to rwxr-xr-x: Operation not permitted
build	Cache Android SDK	2026-06-06T12:22:56.0632612Z /usr/bin/tar: ../../../../../usr/local/lib/android/sdk/platforms/android-36/data/res/values-mcc310-mnc250-hu: Cannot utime: Operation not permitted
build	Cache Android SDK	2026-06-06T12:22:56.0633548Z /usr/bin/tar: ../../../../../usr/local/lib/android/sdk/platforms/android-36/data/res/values-mcc310-mnc250-hu: Cannot change mode to rwxr-xr-x: Operation not permitted
build	Cache Android SDK	2026-06-06T12:22:56.0635637Z /usr/bin/tar: ../../../../../usr/local/lib/android/sdk/platforms/android-36/data/res/values-mcc311-mnc490: Cannot utime: Operation not permitted
build	Cache Android SDK	2026-06-06T12:22:56.0636563Z /usr/bin/tar: ../../../../../usr/local/lib/android/sdk/platforms/android-36/data/res/values-mcc311-mnc490: Cannot change mode to rwxr-xr-x: Operation not permitted
build	Cache Android SDK	2026-06-06T12:22:56.0639170Z /usr/bin/tar: ../../../../../usr/local/lib/android/sdk/platforms/android-36/data/res/values-mcc310-mnc220-zu: Cannot utime: Operation not permitted
build	Cache Android SDK	2026-06-06T12:22:56.0640114Z /usr/bin/tar: ../../../../../usr/local/lib/android/sdk/platforms/android-36/data/res/values-mcc310-mnc220-zu: Cannot change mode to rwxr-xr-x: Operation not permitted
build	Cache Android SDK	2026-06-06T12:22:56.0642260Z /usr/bin/tar: ../../../../../usr/local/lib/android/sdk/platforms/android-36/data/res/values-mcc310-mnc150-gl: Cannot utime: Operation not permitted
build	Cache Android SDK	2026-06-06T12:22:56.0643204Z /usr/bin/tar: ../../../../../usr/local/lib/android/sdk/platforms/android-36/data/res/values-mcc310-mnc150-gl: Cannot change mode to rwxr-xr-x: Operation not permitted
build	Cache Android SDK	2026-06-06T12:22:56.0645572Z /usr/bin/tar: ../../../../../usr/local/lib/android/sdk/platforms/android-36/data/res/values-mcc302-mnc220: Cannot utime: Operation not permitted
build	Cache Android SDK	2026-06-06T12:22:56.0646575Z /usr/bin/tar: ../../../../../usr/local/lib/android/sdk/platforms/android-36/data/res/values-mcc302-mnc220: Cannot change mode to rwxr-xr-x: Operation not permitted
build	Cache Android SDK	2026-06-06T12:22:56.0648903Z /usr/bin/tar: ../../../../../usr/local/lib/android/sdk/platforms/android-36/data/res/values-mcc310-mnc560-sv: Cannot utime: Operation not permitted
build	Cache Android SDK	2026-06-06T12:22:56.0649835Z /usr/bin/tar: ../../../../../usr/local/lib/android/sdk/platforms/android-36/data/res/values-mcc310-mnc560-sv: Cannot change mode to rwxr-xr-x: Operation not permitted
build	Cache Android SDK	2026-06-06T12:22:56.0653042Z /usr/bin/tar: ../../../../../usr/local/lib/android/sdk/platforms/android-36/data/res/values-mcc310-mnc560-hy: Cannot utime: Operation not permitted
build	Cache Android SDK	2026-06-06T12:22:56.0654066Z /usr/bin/tar: ../../../../../usr/local/lib/android/sdk/platforms/android-36/data/res/values-mcc310-mnc560-hy: Cannot change mode to rwxr-xr-x: Operation not permitted
build	Cache Android SDK	2026-06-06T12:22:56.0656088Z /usr/bin/tar: ../../../../../usr/local/lib/android/sdk/platforms/android-36/data/res/values-mcc310-mnc170-en-rGB: Cannot utime: Operation not permitted
build	Cache Android SDK	2026-06-06T12:22:56.0657128Z /usr/bin/tar: ../../../../../usr/local/lib/android/sdk/platforms/android-36/data/res/values-mcc310-mnc170-en-rGB: Cannot change mode to rwxr-xr-x: Operation not permitted
build	Cache Android SDK	2026-06-06T12:22:56.0691716Z /usr/bin/tar: ../../../../../usr/local/lib/android/sdk/platforms/android-36/data/res/drawable-sw720dp-nodpi: Cannot utime: Operation not permitted
build	Cache Android SDK	2026-06-06T12:22:56.0693062Z /usr/bin/tar: ../../../../../usr/local/lib/android/sdk/platforms/android-36/data/res/drawable-sw720dp-nodpi: Cannot change mode to rwxr-xr-x: Operation not permitted
build	Cache Android SDK	2026-06-06T12:22:56.0695098Z /usr/bin/tar: ../../../../../usr/local/lib/android/sdk/platforms/android-36/data/res/values-mcc310-mnc410-ru: Cannot utime: Operation not permitted
build	Cache Android SDK	2026-06-06T12:22:56.0696152Z /usr/bin/tar: ../../../../../usr/local/lib/android/sdk/platforms/android-36/data/res/values-mcc310-mnc410-ru: Cannot change mode to rwxr-xr-x: Operation not permitted
build	Cache Android SDK	2026-06-06T12:22:56.0697695Z /usr/bin/tar: ../../../../../usr/local/lib/android/sdk/platforms/android-36/data/res/drawable-w192dp: Cannot utime: Operation not permitted
build	Cache Android SDK	2026-06-06T12:22:56.0698728Z /usr/bin/tar: ../../../../../usr/local/lib/android/sdk/platforms/android-36/data/res/drawable-w192dp: Cannot change mode to rwxr-xr-x: Operation not permitted
build	Cache Android SDK	2026-06-06T12:22:56.0700399Z /usr/bin/tar: ../../../../../usr/local/lib/android/sdk/platforms/android-36/data/res/values-mcc310-mnc380-ko: Cannot utime: Operation not permitted
build	Cache Android SDK	2026-06-06T12:22:56.0701337Z /usr/bin/tar: ../../../../../usr/local/lib/android/sdk/platforms/android-36/data/res/values-mcc310-mnc380-ko: Cannot change mode to rwxr-xr-x: Operation not permitted
build	Cache Android SDK	2026-06-06T12:22:56.0703493Z /usr/bin/tar: ../../../../../usr/local/lib/android/sdk/platforms/android-36/data/res/values-mcc302-mnc720-fr: Cannot utime: Operation not permitted
build	Cache Android SDK	2026-06-06T12:22:56.0704526Z /usr/bin/tar: ../../../../../usr/local/lib/android/sdk/platforms/android-36/data/res/values-mcc302-mnc720-fr: Cannot change mode to rwxr-xr-x: Operation not permitted
build	Cache Android SDK	2026-06-06T12:22:56.0718089Z /usr/bin/tar: ../../../../../usr/local/lib/android/sdk/platforms/android-36/data/res/drawable-land-hdpi: Cannot utime: Operation not permitted
build	Cache Android SDK	2026-06-06T12:22:56.0719178Z /usr/bin/tar: ../../../../../usr/local/lib/android/sdk/platforms/android-36/data/res/drawable-land-hdpi: Cannot change mode to rwxr-xr-x: Operation not permitted
build	Cache Android SDK	2026-06-06T12:22:56.0720636Z /usr/bin/tar: ../../../../../usr/local/lib/android/sdk/platforms/android-36/data/res/values-mcc310-mnc660-it: Cannot utime: Operation not permitted
build	Cache Android SDK	2026-06-06T12:22:56.0721573Z /usr/bin/tar: ../../../../../usr/local/lib/android/sdk/platforms/android-36/data/res/values-mcc310-mnc660-it: Cannot change mode to rwxr-xr-x: Operation not permitted
build	Cache Android SDK	2026-06-06T12:22:56.0723957Z /usr/bin/tar: ../../../../../usr/local/lib/android/sdk/platforms/android-36/data/res/values-mcc310-mnc250-ru: Cannot utime: Operation not permitted
build	Cache Android SDK	2026-06-06T12:22:56.0725387Z /usr/bin/tar: ../../../../../usr/local/lib/android/sdk/platforms/android-36/data/res/values-mcc310-mnc250-ru: Cannot change mode to rwxr-xr-x: Operation not permitted
build	Cache Android SDK	2026-06-06T12:22:56.0730381Z /usr/bin/tar: ../../../../../usr/local/lib/android/sdk/platforms/android-36/data/res/values-et-television: Cannot utime: Operation not permitted
build	Cache Android SDK	2026-06-06T12:22:56.0731646Z /usr/bin/tar: ../../../../../usr/local/lib/android/sdk/platforms/android-36/data/res/values-et-television: Cannot change mode to rwxr-xr-x: Operation not permitted
build	Cache Android SDK	2026-06-06T12:22:56.0733367Z /usr/bin/tar: ../../../../../usr/local/lib/android/sdk/platforms/android-36/data/res/values-mcc310-mnc280-si: Cannot utime: Operation not permitted
build	Cache Android SDK	2026-06-06T12:22:56.0734565Z /usr/bin/tar: ../../../../../usr/local/lib/android/sdk/platforms/android-36/data/res/values-mcc310-mnc280-si: Cannot change mode to rwxr-xr-x: Operation not permitted
build	Cache Android SDK	2026-06-06T12:22:56.0736489Z /usr/bin/tar: ../../../../../usr/local/lib/android/sdk/platforms/android-36/data/res/values-mcc311-mnc180-nl: Cannot utime: Operation not permitted
build	Cache Android SDK	2026-06-06T12:22:56.0737585Z /usr/bin/tar: ../../../../../usr/local/lib/android/sdk/platforms/android-36/data/res/values-mcc311-mnc180-nl: Cannot change mode to rwxr-xr-x: Operation not permitted
build	Cache Android SDK	2026-06-06T12:22:56.0743647Z /usr/bin/tar: ../../../../../usr/local/lib/android/sdk/platforms/android-36/data/res/drawable-sw600dp-hdpi: Cannot utime: Operation not permitted
build	Cache Android SDK	2026-06-06T12:22:56.0745683Z /usr/bin/tar: ../../../../../usr/local/lib/android/sdk/platforms/android-36/data/res/drawable-sw600dp-hdpi: Cannot change mode to rwxr-xr-x: Operation not permitted
build	Cache Android SDK	2026-06-06T12:22:56.0747221Z /usr/bin/tar: ../../../../../usr/local/lib/android/sdk/platforms/android-36/data/res/values-mcc302-mnc370-sr: Cannot utime: Operation not permitted
build	Cache Android SDK	2026-06-06T12:22:56.0748326Z /usr/bin/tar: ../../../../../usr/local/lib/android/sdk/platforms/android-36/data/res/values-mcc302-mnc370-sr: Cannot change mode to rwxr-xr-x: Operation not permitted
build	Cache Android SDK	2026-06-06T12:22:56.0750394Z /usr/bin/tar: ../../../../../usr/local/lib/android/sdk/platforms/android-36/data/res/values-mcc310-mnc310-is: Cannot utime: Operation not permitted
build	Cache Android SDK	2026-06-06T12:22:56.0751471Z /usr/bin/tar: ../../../../../usr/local/lib/android/sdk/platforms/android-36/data/res/values-mcc310-mnc310-is: Cannot change mode to rwxr-xr-x: Operation not permitted
build	Cache Android SDK	2026-06-06T12:22:56.0753524Z /usr/bin/tar: ../../../../../usr/local/lib/android/sdk/platforms/android-36/data/res/values-mcc310-mnc240-es-rUS: Cannot utime: Operation not permitted
build	Cache Android SDK	2026-06-06T12:22:56.0754492Z /usr/bin/tar: ../../../../../usr/local/lib/android/sdk/platforms/android-36/data/res/values-mcc310-mnc240-es-rUS: Cannot change mode to rwxr-xr-x: Operation not permitted
build	Cache Android SDK	2026-06-06T12:22:56.0756646Z /usr/bin/tar: ../../../../../usr/local/lib/android/sdk/platforms/android-36/data/res/values-mcc310-mnc170-gl: Cannot utime: Operation not permitted
build	Cache Android SDK	2026-06-06T12:22:56.0757713Z /usr/bin/tar: ../../../../../usr/local/lib/android/sdk/platforms/android-36/data/res/values-mcc310-mnc170-gl: Cannot change mode to rwxr-xr-x: Operation not permitted
build	Cache Android SDK	2026-06-06T12:22:56.0759527Z /usr/bin/tar: ../../../../../usr/local/lib/android/sdk/platforms/android-36/data/res/values-mcc310-mnc270-uk: Cannot utime: Operation not permitted
build	Cache Android SDK	2026-06-06T12:22:56.0760448Z /usr/bin/tar: ../../../../../usr/local/lib/android/sdk/platforms/android-36/data/res/values-mcc310-mnc270-uk: Cannot change mode to rwxr-xr-x: Operation not permitted
build	Cache Android SDK	2026-06-06T12:22:56.0762697Z /usr/bin/tar: ../../../../../usr/local/lib/android/sdk/platforms/android-36/data/res/values-mcc310-mnc800-fi: Cannot utime: Operation not permitted
build	Cache Android SDK	2026-06-06T12:22:56.0763627Z /usr/bin/tar: ../../../../../usr/local/lib/android/sdk/platforms/android-36/data/res/values-mcc310-mnc800-fi: Cannot change mode to rwxr-xr-x: Operation not permitted
build	Cache Android SDK	2026-06-06T12:22:56.0765687Z /usr/bin/tar: ../../../../../usr/local/lib/android/sdk/platforms/android-36/data/res/values-mcc450: Cannot utime: Operation not permitted
build	Cache Android SDK	2026-06-06T12:22:56.0766557Z /usr/bin/tar: ../../../../../usr/local/lib/android/sdk/platforms/android-36/data/res/values-mcc450: Cannot change mode to rwxr-xr-x: Operation not permitted
build	Cache Android SDK	2026-06-06T12:22:56.0769233Z /usr/bin/tar: ../../../../../usr/local/lib/android/sdk/platforms/android-36/data/res/values-or-television: Cannot utime: Operation not permitted
build	Cache Android SDK	2026-06-06T12:22:56.0770236Z /usr/bin/tar: ../../../../../usr/local/lib/android/sdk/platforms/android-36/data/res/values-or-television: Cannot change mode to rwxr-xr-x: Operation not permitted
build	Cache Android SDK	2026-06-06T12:22:56.0772107Z /usr/bin/tar: ../../../../../usr/local/lib/android/sdk/platforms/android-36/data/res/values-es-rES: Cannot utime: Operation not permitted
build	Cache Android SDK	2026-06-06T12:22:56.0772981Z /usr/bin/tar: ../../../../../usr/local/lib/android/sdk/platforms/android-36/data/res/values-es-rES: Cannot change mode to rwxr-xr-x: Operation not permitted
build	Cache Android SDK	2026-06-06T12:22:56.0775436Z /usr/bin/tar: ../../../../../usr/local/lib/android/sdk/platforms/android-36/data/res/values-mcc302-mnc370-nl: Cannot utime: Operation not permitted
build	Cache Android SDK	2026-06-06T12:22:56.0776615Z /usr/bin/tar: ../../../../../usr/local/lib/android/sdk/platforms/android-36/data/res/values-mcc302-mnc370-nl: Cannot change mode to rwxr-xr-x: Operation not permitted
build	Cache Android SDK	2026-06-06T12:22:56.0778080Z /usr/bin/tar: ../../../../../usr/local/lib/android/sdk/platforms/android-36/data/res/values-mcc310-mnc950-fr-rCA: Cannot utime: Operation not permitted
build	Cache Android SDK	2026-06-06T12:22:56.0779131Z /usr/bin/tar: ../../../../../usr/local/lib/android/sdk/platforms/android-36/data/res/values-mcc310-mnc950-fr-rCA: Cannot change mode to rwxr-xr-x: Operation not permitted
build	Cache Android SDK	2026-06-06T12:22:56.0781289Z /usr/bin/tar: ../../../../../usr/local/lib/android/sdk/platforms/android-36/data/res/values-mcc310-mnc210-ca: Cannot utime: Operation not permitted
build	Cache Android SDK	2026-06-06T12:22:56.0782209Z /usr/bin/tar: ../../../../../usr/local/lib/android/sdk/platforms/android-36/data/res/values-mcc310-mnc210-ca: Cannot change mode to rwxr-xr-x: Operation not permitted
build	Cache Android SDK	2026-06-06T12:22:56.0784499Z /usr/bin/tar: ../../../../../usr/local/lib/android/sdk/platforms/android-36/data/res/values-mcc310-mnc490-el: Cannot utime: Operation not permitted
build	Cache Android SDK	2026-06-06T12:22:56.0785647Z /usr/bin/tar: ../../../../../usr/local/lib/android/sdk/platforms/android-36/data/res/values-mcc310-mnc490-el: Cannot change mode to rwxr-xr-x: Operation not permitted
build	Cache Android SDK	2026-06-06T12:22:56.0787976Z /usr/bin/tar: ../../../../../usr/local/lib/android/sdk/platforms/android-36/data/res/values-mcc311-mnc180-uk: Cannot utime: Operation not permitted
build	Cache Android SDK	2026-06-06T12:22:56.0789092Z /usr/bin/tar: ../../../../../usr/local/lib/android/sdk/platforms/android-36/data/res/values-mcc311-mnc180-uk: Cannot change mode to rwxr-xr-x: Operation not permitted
build	Cache Android SDK	2026-06-06T12:22:56.0790649Z /usr/bin/tar: ../../../../../usr/local/lib/android/sdk/platforms/android-36/data/res/values-ms-watch: Cannot utime: Operation not permitted
build	Cache Android SDK	2026-06-06T12:22:56.0791692Z /usr/bin/tar: ../../../../../usr/local/lib/android/sdk/platforms/android-36/data/res/values-ms-watch: Cannot change mode to rwxr-xr-x: Operation not permitted
build	Cache Android SDK	2026-06-06T12:22:56.0793255Z /usr/bin/tar: ../../../../../usr/local/lib/android/sdk/platforms/android-36/data/res/values-mcc310-mnc220-mr: Cannot utime: Operation not permitted
build	Cache Android SDK	2026-06-06T12:22:56.0794937Z /usr/bin/tar: ../../../../../usr/local/lib/android/sdk/platforms/android-36/data/res/values-mcc310-mnc220-mr: Cannot change mode to rwxr-xr-x: Operation not permitted
build	Cache Android SDK	2026-06-06T12:22:56.0796498Z /usr/bin/tar: ../../../../../usr/local/lib/android/sdk/platforms/android-36/data/res/values-mcc310-mnc660-kn: Cannot utime: Operation not permitted
build	Cache Android SDK	2026-06-06T12:22:56.0797769Z /usr/bin/tar: ../../../../../usr/local/lib/android/sdk/platforms/android-36/data/res/values-mcc310-mnc660-kn: Cannot change mode to rwxr-xr-x: Operation not permitted
build	Cache Android SDK	2026-06-06T12:22:56.0799149Z /usr/bin/tar: ../../../../../usr/local/lib/android/sdk/platforms/android-36/data/res/values-mcc310-mnc210-b+sr+Latn: Cannot utime: Operation not permitted
build	Cache Android SDK	2026-06-06T12:22:56.0800308Z /usr/bin/tar: ../../../../../usr/local/lib/android/sdk/platforms/android-36/data/res/values-mcc310-mnc210-b+sr+Latn: Cannot change mode to rwxr-xr-x: Operation not permitted
build	Cache Android SDK	2026-06-06T12:22:56.0801810Z /usr/bin/tar: ../../../../../usr/local/lib/android/sdk/platforms/android-36/data/res/values-mcc310-mnc220-iw: Cannot utime: Operation not permitted
build	Cache Android SDK	2026-06-06T12:22:56.0802794Z /usr/bin/tar: ../../../../../usr/local/lib/android/sdk/platforms/android-36/data/res/values-mcc310-mnc220-iw: Cannot change mode to rwxr-xr-x: Operation not permitted
build	Cache Android SDK	2026-06-06T12:22:56.0804312Z /usr/bin/tar: ../../../../../usr/local/lib/android/sdk/platforms/android-36/data/res/values-mcc334-mnc020-uk: Cannot utime: Operation not permitted
build	Cache Android SDK	2026-06-06T12:22:56.0805285Z /usr/bin/tar: ../../../../../usr/local/lib/android/sdk/platforms/android-36/data/res/values-mcc334-mnc020-uk: Cannot change mode to rwxr-xr-x: Operation not permitted
build	Cache Android SDK	2026-06-06T12:22:56.0807935Z /usr/bin/tar: ../../../../../usr/local/lib/android/sdk/platforms/android-36/data/res/values-mcc313-mnc100-et: Cannot utime: Operation not permitted
build	Cache Android SDK	2026-06-06T12:22:56.0808918Z /usr/bin/tar: ../../../../../usr/local/lib/android/sdk/platforms/android-36/data/res/values-mcc313-mnc100-et: Cannot change mode to rwxr-xr-x: Operation not permitted
build	Cache Android SDK	2026-06-06T12:22:56.0811000Z /usr/bin/tar: ../../../../../usr/local/lib/android/sdk/platforms/android-36/data/res/values-nl-rBE: Cannot utime: Operation not permitted
build	Cache Android SDK	2026-06-06T12:22:56.0811869Z /usr/bin/tar: ../../../../../usr/local/lib/android/sdk/platforms/android-36/data/res/values-nl-rBE: Cannot change mode to rwxr-xr-x: Operation not permitted
build	Cache Android SDK	2026-06-06T12:22:56.0813753Z /usr/bin/tar: ../../../../../usr/local/lib/android/sdk/platforms/android-36/data/res/values-mcc310-mnc560-gu: Cannot utime: Operation not permitted
build	Cache Android SDK	2026-06-06T12:22:56.0814678Z /usr/bin/tar: ../../../../../usr/local/lib/android/sdk/platforms/android-36/data/res/values-mcc310-mnc560-gu: Cannot change mode to rwxr-xr-x: Operation not permitted
build	Cache Android SDK	2026-06-06T12:22:56.0816981Z /usr/bin/tar: ../../../../../usr/local/lib/android/sdk/platforms/android-36/data/res/values-mcc310-mnc800-lv: Cannot utime: Operation not permitted
build	Cache Android SDK	2026-06-06T12:22:56.0818120Z /usr/bin/tar: ../../../../../usr/local/lib/android/sdk/platforms/android-36/data/res/values-mcc310-mnc800-lv: Cannot change mode to rwxr-xr-x: Operation not permitted
build	Cache Android SDK	2026-06-06T12:22:56.0819888Z /usr/bin/tar: ../../../../../usr/local/lib/android/sdk/platforms/android-36/data/res/values-mcc302-mnc720-nb: Cannot utime: Operation not permitted
build	Cache Android SDK	2026-06-06T12:22:56.0820809Z /usr/bin/tar: ../../../../../usr/local/lib/android/sdk/platforms/android-36/data/res/values-mcc302-mnc720-nb: Cannot change mode to rwxr-xr-x: Operation not permitted
build	Cache Android SDK	2026-06-06T12:22:56.0822849Z /usr/bin/tar: ../../../../../usr/local/lib/android/sdk/platforms/android-36/data/res/values-mcc313-mnc100-ru: Cannot utime: Operation not permitted
build	Cache Android SDK	2026-06-06T12:22:56.0823791Z /usr/bin/tar: ../../../../../usr/local/lib/android/sdk/platforms/android-36/data/res/values-mcc313-mnc100-ru: Cannot change mode to rwxr-xr-x: Operation not permitted
build	Cache Android SDK	2026-06-06T12:22:56.0826460Z /usr/bin/tar: ../../../../../usr/local/lib/android/sdk/platforms/android-36/data/res/values-mcc310-mnc380-sk: Cannot utime: Operation not permitted
build	Cache Android SDK	2026-06-06T12:22:56.0827499Z /usr/bin/tar: ../../../../../usr/local/lib/android/sdk/platforms/android-36/data/res/values-mcc310-mnc380-sk: Cannot change mode to rwxr-xr-x: Operation not permitted
build	Cache Android SDK	2026-06-06T12:22:56.0830870Z /usr/bin/tar: ../../../../../usr/local/lib/android/sdk/platforms/android-36/data/res/xml-xlarge: Cannot utime: Operation not permitted
build	Cache Android SDK	2026-06-06T12:22:56.0831722Z /usr/bin/tar: ../../../../../usr/local/lib/android/sdk/platforms/android-36/data/res/xml-xlarge: Cannot change mode to rwxr-xr-x: Operation not permitted
build	Cache Android SDK	2026-06-06T12:22:56.0834133Z /usr/bin/tar: ../../../../../usr/local/lib/android/sdk/platforms/android-36/data/res/values-mcc310-mnc240-uk: Cannot utime: Operation not permitted
build	Cache Android SDK	2026-06-06T12:22:56.0835143Z /usr/bin/tar: ../../../../../usr/local/lib/android/sdk/platforms/android-36/data/res/values-mcc310-mnc240-uk: Cannot change mode to rwxr-xr-x: Operation not permitted
build	Cache Android SDK	2026-06-06T12:22:56.0837465Z /usr/bin/tar: ../../../../../usr/local/lib/android/sdk/platforms/android-36/data/res/values-sw372dp: Cannot utime: Operation not permitted
build	Cache Android SDK	2026-06-06T12:22:56.0838485Z /usr/bin/tar: ../../../../../usr/local/lib/android/sdk/platforms/android-36/data/res/values-sw372dp: Cannot change mode to rwxr-xr-x: Operation not permitted
build	Cache Android SDK	2026-06-06T12:22:56.0840127Z /usr/bin/tar: ../../../../../usr/local/lib/android/sdk/platforms/android-36/data/res/values-mcc310-mnc160-b+sr+Latn: Cannot utime: Operation not permitted
build	Cache Android SDK	2026-06-06T12:22:56.0841114Z /usr/bin/tar: ../../../../../usr/local/lib/android/sdk/platforms/android-36/data/res/values-mcc310-mnc160-b+sr+Latn: Cannot change mode to rwxr-xr-x: Operation not permitted
build	Cache Android SDK	2026-06-06T12:22:56.0842942Z /usr/bin/tar: ../../../../../usr/local/lib/android/sdk/platforms/android-36/data/res/values-mcc334-mnc020-az: Cannot utime: Operation not permitted
build	Cache Android SDK	2026-06-06T12:22:56.0843885Z /usr/bin/tar: ../../../../../usr/local/lib/android/sdk/platforms/android-36/data/res/values-mcc334-mnc020-az: Cannot change mode to rwxr-xr-x: Operation not permitted
build	Cache Android SDK	2026-06-06T12:22:56.0846116Z /usr/bin/tar: ../../../../../usr/local/lib/android/sdk/platforms/android-36/data/res/raw-ru: Cannot utime: Operation not permitted
build	Cache Android SDK	2026-06-06T12:22:56.0846943Z /usr/bin/tar: ../../../../../usr/local/lib/android/sdk/platforms/android-36/data/res/raw-ru: Cannot change mode to rwxr-xr-x: Operation not permitted
build	Cache Android SDK	2026-06-06T12:22:56.0849618Z /usr/bin/tar: ../../../../../usr/local/lib/android/sdk/platforms/android-36/data/res/values-mcc310-mnc280-en-rIN: Cannot utime: Operation not permitted
build	Cache Android SDK	2026-06-06T12:22:56.0850569Z /usr/bin/tar: ../../../../../usr/local/lib/android/sdk/platforms/android-36/data/res/values-mcc310-mnc280-en-rIN: Cannot change mode to rwxr-xr-x: Operation not permitted
build	Cache Android SDK	2026-06-06T12:22:56.0852806Z /usr/bin/tar: ../../../../../usr/local/lib/android/sdk/platforms/android-36/data/res/values-mcc310-mnc270-lv: Cannot utime: Operation not permitted
build	Cache Android SDK	2026-06-06T12:22:56.0853733Z /usr/bin/tar: ../../../../../usr/local/lib/android/sdk/platforms/android-36/data/res/values-mcc310-mnc270-lv: Cannot change mode to rwxr-xr-x: Operation not permitted
build	Cache Android SDK	2026-06-06T12:22:56.0858582Z /usr/bin/tar: ../../../../../usr/local/lib/android/sdk/platforms/android-36/data/res/values-mcc310-mnc380-hu: Cannot utime: Operation not permitted
build	Cache Android SDK	2026-06-06T12:22:56.0859966Z /usr/bin/tar: ../../../../../usr/local/lib/android/sdk/platforms/android-36/data/res/values-mcc310-mnc380-hu: Cannot change mode to rwxr-xr-x: Operation not permitted
build	Cache Android SDK	2026-06-06T12:22:56.0861445Z /usr/bin/tar: ../../../../../usr/local/lib/android/sdk/platforms/android-36/data/res/values-mcc310-mnc660-hr: Cannot utime: Operation not permitted
build	Cache Android SDK	2026-06-06T12:22:56.0862395Z /usr/bin/tar: ../../../../../usr/local/lib/android/sdk/platforms/android-36/data/res/values-mcc310-mnc660-hr: Cannot change mode to rwxr-xr-x: Operation not permitted
build	Cache Android SDK	2026-06-06T12:22:56.0864598Z /usr/bin/tar: ../../../../../usr/local/lib/android/sdk/platforms/android-36/data/res/values-mcc310-mnc200-da: Cannot utime: Operation not permitted
build	Cache Android SDK	2026-06-06T12:22:56.0865545Z /usr/bin/tar: ../../../../../usr/local/lib/android/sdk/platforms/android-36/data/res/values-mcc310-mnc200-da: Cannot change mode to rwxr-xr-x: Operation not permitted
build	Cache Android SDK	2026-06-06T12:22:56.0867595Z /usr/bin/tar: ../../../../../usr/local/lib/android/sdk/platforms/android-36/data/res/values-mcc310-mnc280-mk: Cannot utime: Operation not permitted
build	Cache Android SDK	2026-06-06T12:22:56.0868526Z /usr/bin/tar: ../../../../../usr/local/lib/android/sdk/platforms/android-36/data/res/values-mcc310-mnc280-mk: Cannot change mode to rwxr-xr-x: Operation not permitted
build	Cache Android SDK	2026-06-06T12:22:56.0870802Z /usr/bin/tar: ../../../../../usr/local/lib/android/sdk/platforms/android-36/data/res/values-az-watch: Cannot utime: Operation not permitted
build	Cache Android SDK	2026-06-06T12:22:56.0871793Z /usr/bin/tar: ../../../../../usr/local/lib/android/sdk/platforms/android-36/data/res/values-az-watch: Cannot change mode to rwxr-xr-x: Operation not permitted
build	Cache Android SDK	2026-06-06T12:22:56.0873751Z /usr/bin/tar: ../../../../../usr/local/lib/android/sdk/platforms/android-36/data/res/values-mcc310-mnc200-pt-rPT: Cannot utime: Operation not permitted
build	Cache Android SDK	2026-06-06T12:22:56.0874744Z /usr/bin/tar: ../../../../../usr/local/lib/android/sdk/platforms/android-36/data/res/values-mcc310-mnc200-pt-rPT: Cannot change mode to rwxr-xr-x: Operation not permitted
build	Cache Android SDK	2026-06-06T12:22:56.0877031Z /usr/bin/tar: ../../../../../usr/local/lib/android/sdk/platforms/android-36/data/res/values-mcc310-mnc800-uk: Cannot utime: Operation not permitted
build	Cache Android SDK	2026-06-06T12:22:56.0878307Z /usr/bin/tar: ../../../../../usr/local/lib/android/sdk/platforms/android-36/data/res/values-mcc310-mnc800-uk: Cannot change mode to rwxr-xr-x: Operation not permitted
build	Cache Android SDK	2026-06-06T12:22:56.0880027Z /usr/bin/tar: ../../../../../usr/local/lib/android/sdk/platforms/android-36/data/res/values-mcc310-mnc950-ur: Cannot utime: Operation not permitted
build	Cache Android SDK	2026-06-06T12:22:56.0880970Z /usr/bin/tar: ../../../../../usr/local/lib/android/sdk/platforms/android-36/data/res/values-mcc310-mnc950-ur: Cannot change mode to rwxr-xr-x: Operation not permitted
build	Cache Android SDK	2026-06-06T12:22:56.0887333Z /usr/bin/tar: ../../../../../usr/local/lib/android/sdk/platforms/android-36/data/res/values-bn: Cannot utime: Operation not permitted
build	Cache Android SDK	2026-06-06T12:22:56.0888781Z /usr/bin/tar: ../../../../../usr/local/lib/android/sdk/platforms/android-36/data/res/values-bn: Cannot change mode to rwxr-xr-x: Operation not permitted
build	Cache Android SDK	2026-06-06T12:22:56.0909009Z /usr/bin/tar: ../../../../../usr/local/lib/android/sdk/platforms/android-36/data/res/values-mcc302-mnc370: Cannot utime: Operation not permitted
build	Cache Android SDK	2026-06-06T12:22:56.0910647Z /usr/bin/tar: ../../../../../usr/local/lib/android/sdk/platforms/android-36/data/res/values-mcc302-mnc370: Cannot change mode to rwxr-xr-x: Operation not permitted
build	Cache Android SDK	2026-06-06T12:22:56.0912139Z /usr/bin/tar: ../../../../../usr/local/lib/android/sdk/platforms/android-36/data/res/values-mcc310-mnc560-sq: Cannot utime: Operation not permitted
build	Cache Android SDK	2026-06-06T12:22:56.0913657Z /usr/bin/tar: ../../../../../usr/local/lib/android/sdk/platforms/android-36/data/res/values-mcc310-mnc560-sq: Cannot change mode to rwxr-xr-x: Operation not permitted
build	Cache Android SDK	2026-06-06T12:22:56.0915208Z /usr/bin/tar: ../../../../../usr/local/lib/android/sdk/platforms/android-36/data/res/drawable-watch: Cannot utime: Operation not permitted
build	Cache Android SDK	2026-06-06T12:22:56.0916759Z /usr/bin/tar: ../../../../../usr/local/lib/android/sdk/platforms/android-36/data/res/drawable-watch: Cannot change mode to rwxr-xr-x: Operation not permitted
build	Cache Android SDK	2026-06-06T12:22:56.0918564Z /usr/bin/tar: ../../../../../usr/local/lib/android/sdk/platforms/android-36/data/res/values-mcc310-mnc150-as: Cannot utime: Operation not permitted
build	Cache Android SDK	2026-06-06T12:22:56.0920234Z /usr/bin/tar: ../../../../../usr/local/lib/android/sdk/platforms/android-36/data/res/values-mcc310-mnc150-as: Cannot change mode to rwxr-xr-x: Operation not permitted
build	Cache Android SDK	2026-06-06T12:22:56.0921853Z /usr/bin/tar: ../../../../../usr/local/lib/android/sdk/platforms/android-36/data/res/values-mcc310-mnc560-uk: Cannot utime: Operation not permitted
build	Cache Android SDK	2026-06-06T12:22:56.0923500Z /usr/bin/tar: ../../../../../usr/local/lib/android/sdk/platforms/android-36/data/res/values-mcc310-mnc560-uk: Cannot change mode to rwxr-xr-x: Operation not permitted
build	Cache Android SDK	2026-06-06T12:22:56.0925142Z /usr/bin/tar: ../../../../../usr/local/lib/android/sdk/platforms/android-36/data/res/values-mcc334-mnc020-hy: Cannot utime: Operation not permitted
build	Cache Android SDK	2026-06-06T12:22:56.0926855Z /usr/bin/tar: ../../../../../usr/local/lib/android/sdk/platforms/android-36/data/res/values-mcc334-mnc020-hy: Cannot change mode to rwxr-xr-x: Operation not permitted
build	Cache Android SDK	2026-06-06T12:22:56.0928757Z /usr/bin/tar: ../../../../../usr/local/lib/android/sdk/platforms/android-36/data/res/values-mcc310-mnc240-pa: Cannot utime: Operation not permitted
build	Cache Android SDK	2026-06-06T12:22:56.0930680Z /usr/bin/tar: ../../../../../usr/local/lib/android/sdk/platforms/android-36/data/res/values-mcc310-mnc240-pa: Cannot change mode to rwxr-xr-x: Operation not permitted
build	Cache Android SDK	2026-06-06T12:22:56.0932540Z /usr/bin/tar: ../../../../../usr/local/lib/android/sdk/platforms/android-36/data/res/values-mcc302-mnc370-ca: Cannot utime: Operation not permitted
build	Cache Android SDK	2026-06-06T12:22:56.0934280Z /usr/bin/tar: ../../../../../usr/local/lib/android/sdk/platforms/android-36/data/res/values-mcc302-mnc370-ca: Cannot change mode to rwxr-xr-x: Operation not permitted
build	Cache Android SDK	2026-06-06T12:22:56.0936322Z /usr/bin/tar: ../../../../../usr/local/lib/android/sdk/platforms/android-36/data/res/values-mcc310-mnc240-zh-rHK: Cannot utime: Operation not permitted
build	Cache Android SDK	2026-06-06T12:22:56.0938409Z /usr/bin/tar: ../../../../../usr/local/lib/android/sdk/platforms/android-36/data/res/values-mcc310-mnc240-zh-rHK: Cannot change mode to rwxr-xr-x: Operation not permitted
build	Cache Android SDK	2026-06-06T12:22:56.0940420Z /usr/bin/tar: ../../../../../usr/local/lib/android/sdk/platforms/android-36/data/res/values-mcc310-mnc950-lo: Cannot utime: Operation not permitted
build	Cache Android SDK	2026-06-06T12:22:56.0942085Z /usr/bin/tar: ../../../../../usr/local/lib/android/sdk/platforms/android-36/data/res/values-mcc310-mnc950-lo: Cannot change mode to rwxr-xr-x: Operation not permitted
build	Cache Android SDK	2026-06-06T12:22:56.0943780Z /usr/bin/tar: ../../../../../usr/local/lib/android/sdk/platforms/android-36/data/res/values-mcc310-mnc660-ta: Cannot utime: Operation not permitted
build	Cache Android SDK	2026-06-06T12:22:56.0945491Z /usr/bin/tar: ../../../../../usr/local/lib/android/sdk/platforms/android-36/data/res/values-mcc310-mnc660-ta: Cannot change mode to rwxr-xr-x: Operation not permitted
build	Cache Android SDK	2026-06-06T12:22:56.0947093Z /usr/bin/tar: ../../../../../usr/local/lib/android/sdk/platforms/android-36/data/res/values-mcc310-mnc270-ms: Cannot utime: Operation not permitted
build	Cache Android SDK	2026-06-06T12:22:56.0948785Z /usr/bin/tar: ../../../../../usr/local/lib/android/sdk/platforms/android-36/data/res/values-mcc310-mnc270-ms: Cannot change mode to rwxr-xr-x: Operation not permitted
build	Cache Android SDK	2026-06-06T12:22:56.0950391Z /usr/bin/tar: ../../../../../usr/local/lib/android/sdk/platforms/android-36/data/res/values-mcc310-mnc280-ca: Cannot utime: Operation not permitted
build	Cache Android SDK	2026-06-06T12:22:56.0952051Z /usr/bin/tar: ../../../../../usr/local/lib/android/sdk/platforms/android-36/data/res/values-mcc310-mnc280-ca: Cannot change mode to rwxr-xr-x: Operation not permitted
build	Cache Android SDK	2026-06-06T12:22:56.0953727Z /usr/bin/tar: ../../../../../usr/local/lib/android/sdk/platforms/android-36/data/res/values-mcc310-mnc280-az: Cannot utime: Operation not permitted
build	Cache Android SDK	2026-06-06T12:22:56.0955407Z /usr/bin/tar: ../../../../../usr/local/lib/android/sdk/platforms/android-36/data/res/values-mcc310-mnc280-az: Cannot change mode to rwxr-xr-x: Operation not permitted
build	Cache Android SDK	2026-06-06T12:22:56.0957102Z /usr/bin/tar: ../../../../../usr/local/lib/android/sdk/platforms/android-36/data/res/values-mcc310-mnc240-tr: Cannot utime: Operation not permitted
build	Cache Android SDK	2026-06-06T12:22:56.0958986Z /usr/bin/tar: ../../../../../usr/local/lib/android/sdk/platforms/android-36/data/res/values-mcc310-mnc240-tr: Cannot change mode to rwxr-xr-x: Operation not permitted
build	Cache Android SDK	2026-06-06T12:22:56.0960705Z /usr/bin/tar: ../../../../../usr/local/lib/android/sdk/platforms/android-36/data/res/values-mcc001-mnc01-sr: Cannot utime: Operation not permitted
build	Cache Android SDK	2026-06-06T12:22:56.0962213Z /usr/bin/tar: ../../../../../usr/local/lib/android/sdk/platforms/android-36/data/res/values-mcc001-mnc01-sr: Cannot change mode to rwxr-xr-x: Operation not permitted
build	Cache Android SDK	2026-06-06T12:22:56.0963788Z /usr/bin/tar: ../../../../../usr/local/lib/android/sdk/platforms/android-36/data/res/values-mcc312-mnc670-ja: Cannot utime: Operation not permitted
build	Cache Android SDK	2026-06-06T12:22:56.0965395Z /usr/bin/tar: ../../../../../usr/local/lib/android/sdk/platforms/android-36/data/res/values-mcc312-mnc670-ja: Cannot change mode to rwxr-xr-x: Operation not permitted
build	Cache Android SDK	2026-06-06T12:22:56.0967024Z /usr/bin/tar: ../../../../../usr/local/lib/android/sdk/platforms/android-36/data/res/values-mcc001-mnc01-gu: Cannot utime: Operation not permitted
build	Cache Android SDK	2026-06-06T12:22:56.0968957Z /usr/bin/tar: ../../../../../usr/local/lib/android/sdk/platforms/android-36/data/res/values-mcc001-mnc01-gu: Cannot change mode to rwxr-xr-x: Operation not permitted
build	Cache Android SDK	2026-06-06T12:22:56.0970775Z /usr/bin/tar: ../../../../../usr/local/lib/android/sdk/platforms/android-36/data/res/values-mcc334-mnc020-et: Cannot utime: Operation not permitted
build	Cache Android SDK	2026-06-06T12:22:56.0972391Z /usr/bin/tar: ../../../../../usr/local/lib/android/sdk/platforms/android-36/data/res/values-mcc334-mnc020-et: Cannot change mode to rwxr-xr-x: Operation not permitted
build	Cache Android SDK	2026-06-06T12:22:56.0974084Z /usr/bin/tar: ../../../../../usr/local/lib/android/sdk/platforms/android-36/data/res/values-mcc310-mnc560-am: Cannot utime: Operation not permitted
build	Cache Android SDK	2026-06-06T12:22:56.0975868Z /usr/bin/tar: ../../../../../usr/local/lib/android/sdk/platforms/android-36/data/res/values-mcc310-mnc560-am: Cannot change mode to rwxr-xr-x: Operation not permitted
build	Cache Android SDK	2026-06-06T12:22:56.0977891Z /usr/bin/tar: ../../../../../usr/local/lib/android/sdk/platforms/android-36/data/res/values-sw600dp-land: Cannot utime: Operation not permitted
build	Cache Android SDK	2026-06-06T12:22:56.0979449Z /usr/bin/tar: ../../../../../usr/local/lib/android/sdk/platforms/android-36/data/res/values-sw600dp-land: Cannot change mode to rwxr-xr-x: Operation not permitted
build	Cache Android SDK	2026-06-06T12:22:56.0981164Z /usr/bin/tar: ../../../../../usr/local/lib/android/sdk/platforms/android-36/data/res/values-mcc310-mnc950-ta: Cannot utime: Operation not permitted
build	Cache Android SDK	2026-06-06T12:22:56.0982792Z /usr/bin/tar: ../../../../../usr/local/lib/android/sdk/platforms/android-36/data/res/values-mcc310-mnc950-ta: Cannot change mode to rwxr-xr-x: Operation not permitted
build	Cache Android SDK	2026-06-06T12:22:56.0984451Z /usr/bin/tar: ../../../../../usr/local/lib/android/sdk/platforms/android-36/data/res/values-mcc310-mnc410-en-rGB: Cannot utime: Operation not permitted
build	Cache Android SDK	2026-06-06T12:22:56.0986160Z /usr/bin/tar: ../../../../../usr/local/lib/android/sdk/platforms/android-36/data/res/values-mcc310-mnc410-en-rGB: Cannot change mode to rwxr-xr-x: Operation not permitted
build	Cache Android SDK	2026-06-06T12:22:56.0986895Z /usr/bin/tar: ../../../../../usr/local/lib/android/sdk/platforms/android-36/data/res/values-mcc310-mnc230-es-rUS: Cannot utime: Operation not permitted
build	Cache Android SDK	2026-06-06T12:22:56.0987951Z /usr/bin/tar: ../../../../../usr/local/lib/android/sdk/platforms/android-36/data/res/values-mcc310-mnc230-es-rUS: Cannot change mode to rwxr-xr-x: Operation not permitted
build	Cache Android SDK	2026-06-06T12:22:56.0988660Z /usr/bin/tar: ../../../../../usr/local/lib/android/sdk/platforms/android-36/data/res/values-ar-television: Cannot utime: Operation not permitted
build	Cache Android SDK	2026-06-06T12:22:56.0989402Z /usr/bin/tar: ../../../../../usr/local/lib/android/sdk/platforms/android-36/data/res/values-ar-television: Cannot change mode to rwxr-xr-x: Operation not permitted
build	Cache Android SDK	2026-06-06T12:22:56.0990084Z /usr/bin/tar: ../../../../../usr/local/lib/android/sdk/platforms/android-36/data/res/values-mcc313-mnc100-bs: Cannot utime: Operation not permitted
build	Cache Android SDK	2026-06-06T12:22:56.0990830Z /usr/bin/tar: ../../../../../usr/local/lib/android/sdk/platforms/android-36/data/res/values-mcc313-mnc100-bs: Cannot change mode to rwxr-xr-x: Operation not permitted
build	Cache Android SDK	2026-06-06T12:22:56.0991549Z /usr/bin/tar: ../../../../../usr/local/lib/android/sdk/platforms/android-36/data/res/values-mcc310-mnc200-en-rGB: Cannot utime: Operation not permitted
build	Cache Android SDK	2026-06-06T12:22:56.0992374Z /usr/bin/tar: ../../../../../usr/local/lib/android/sdk/platforms/android-36/data/res/values-mcc310-mnc200-en-rGB: Cannot change mode to rwxr-xr-x: Operation not permitted
build	Cache Android SDK	2026-06-06T12:22:56.0993110Z /usr/bin/tar: ../../../../../usr/local/lib/android/sdk/platforms/android-36/data/res/values-mcc310-mnc950-ne: Cannot utime: Operation not permitted
build	Cache Android SDK	2026-06-06T12:22:56.0993922Z /usr/bin/tar: ../../../../../usr/local/lib/android/sdk/platforms/android-36/data/res/values-mcc310-mnc950-ne: Cannot change mode to rwxr-xr-x: Operation not permitted
build	Cache Android SDK	2026-06-06T12:22:56.0994639Z /usr/bin/tar: ../../../../../usr/local/lib/android/sdk/platforms/android-36/data/res/values-mcc310-mnc560-es: Cannot utime: Operation not permitted
build	Cache Android SDK	2026-06-06T12:22:56.0995617Z /usr/bin/tar: ../../../../../usr/local/lib/android/sdk/platforms/android-36/data/res/values-mcc310-mnc560-es: Cannot change mode to rwxr-xr-x: Operation not permitted
build	Cache Android SDK	2026-06-06T12:22:56.0996457Z /usr/bin/tar: ../../../../../usr/local/lib/android/sdk/platforms/android-36/data/res/values-mcc001-mnc01-b+sr+Latn: Cannot utime: Operation not permitted
build	Cache Android SDK	2026-06-06T12:22:56.0997333Z /usr/bin/tar: ../../../../../usr/local/lib/android/sdk/platforms/android-36/data/res/values-mcc001-mnc01-b+sr+Latn: Cannot change mode to rwxr-xr-x: Operation not permitted
build	Cache Android SDK	2026-06-06T12:22:56.0998176Z /usr/bin/tar: ../../../../../usr/local/lib/android/sdk/platforms/android-36/data/res/values-mcc310-mnc800-sk: Cannot utime: Operation not permitted
build	Cache Android SDK	2026-06-06T12:22:56.0998891Z /usr/bin/tar: ../../../../../usr/local/lib/android/sdk/platforms/android-36/data/res/values-mcc310-mnc800-sk: Cannot change mode to rwxr-xr-x: Operation not permitted
build	Cache Android SDK	2026-06-06T12:22:56.0999590Z /usr/bin/tar: ../../../../../usr/local/lib/android/sdk/platforms/android-36/data/res/values-mcc310-mnc410-ms: Cannot utime: Operation not permitted
build	Cache Android SDK	2026-06-06T12:22:56.1000043Z /usr/bin/tar: ../../../../../usr/local/lib/android/sdk/platforms/android-36/data/res/values-mcc310-mnc410-ms: Cannot change mode to rwxr-xr-x: Operation not permitted
build	Cache Android SDK	2026-06-06T12:22:56.1001174Z /usr/bin/tar: ../../../../../usr/local/lib/android/sdk/platforms/android-36/data/res/values-mcc313-mnc100-en-rIN: Cannot utime: Operation not permitted
build	Cache Android SDK	2026-06-06T12:22:56.1001637Z /usr/bin/tar: ../../../../../usr/local/lib/android/sdk/platforms/android-36/data/res/values-mcc313-mnc100-en-rIN: Cannot change mode to rwxr-xr-x: Operation not permitted
build	Cache Android SDK	2026-06-06T12:22:56.1004357Z /usr/bin/tar: ../../../../../usr/local/lib/android/sdk/platforms/android-36/data/res/values-mcc310-mnc160-mn: Cannot utime: Operation not permitted
build	Cache Android SDK	2026-06-06T12:22:56.1004813Z /usr/bin/tar: ../../../../../usr/local/lib/android/sdk/platforms/android-36/data/res/values-mcc310-mnc160-mn: Cannot change mode to rwxr-xr-x: Operation not permitted
build	Cache Android SDK	2026-06-06T12:22:56.1008204Z /usr/bin/tar: ../../../../../usr/local/lib/android/sdk/platforms/android-36/data/res/values-mcc310-mnc240-el: Cannot utime: Operation not permitted
build	Cache Android SDK	2026-06-06T12:22:56.1008656Z /usr/bin/tar: ../../../../../usr/local/lib/android/sdk/platforms/android-36/data/res/values-mcc310-mnc240-el: Cannot change mode to rwxr-xr-x: Operation not permitted
build	Cache Android SDK	2026-06-06T12:22:56.1011577Z /usr/bin/tar: ../../../../../usr/local/lib/android/sdk/platforms/android-36/data/res/values-mcc312-mnc670-ko: Cannot utime: Operation not permitted
build	Cache Android SDK	2026-06-06T12:22:56.1012022Z /usr/bin/tar: ../../../../../usr/local/lib/android/sdk/platforms/android-36/data/res/values-mcc312-mnc670-ko: Cannot change mode to rwxr-xr-x: Operation not permitted
build	Cache Android SDK	2026-06-06T12:22:56.1014459Z /usr/bin/tar: ../../../../../usr/local/lib/android/sdk/platforms/android-36/data/res/values-mcc001-mnc01-as: Cannot utime: Operation not permitted
build	Cache Android SDK	2026-06-06T12:22:56.1014914Z /usr/bin/tar: ../../../../../usr/local/lib/android/sdk/platforms/android-36/data/res/values-mcc001-mnc01-as: Cannot change mode to rwxr-xr-x: Operation not permitted
build	Cache Android SDK	2026-06-06T12:22:56.1017870Z /usr/bin/tar: ../../../../../usr/local/lib/android/sdk/platforms/android-36/data/res/values-mcc310-mnc950-en-rGB: Cannot utime: Operation not permitted
build	Cache Android SDK	2026-06-06T12:22:56.1018344Z /usr/bin/tar: ../../../../../usr/local/lib/android/sdk/platforms/android-36/data/res/values-mcc310-mnc950-en-rGB: Cannot change mode to rwxr-xr-x: Operation not permitted
build	Cache Android SDK	2026-06-06T12:22:56.1020542Z /usr/bin/tar: ../../../../../usr/local/lib/android/sdk/platforms/android-36/data/res/values-mcc310-mnc250-zh-rTW: Cannot utime: Operation not permitted
build	Cache Android SDK	2026-06-06T12:22:56.1021008Z /usr/bin/tar: ../../../../../usr/local/lib/android/sdk/platforms/android-36/data/res/values-mcc310-mnc250-zh-rTW: Cannot change mode to rwxr-xr-x: Operation not permitted
build	Cache Android SDK	2026-06-06T12:22:56.1023674Z /usr/bin/tar: ../../../../../usr/local/lib/android/sdk/platforms/android-36/data/res/values-mcc312-mnc670-bs: Cannot utime: Operation not permitted
build	Cache Android SDK	2026-06-06T12:22:56.1024232Z /usr/bin/tar: ../../../../../usr/local/lib/android/sdk/platforms/android-36/data/res/values-mcc312-mnc670-bs: Cannot change mode to rwxr-xr-x: Operation not permitted
build	Cache Android SDK	2026-06-06T12:22:56.1028752Z /usr/bin/tar: ../../../../../usr/local/lib/android/sdk/platforms/android-36/data/res/values-mcc302-mnc370-uz: Cannot utime: Operation not permitted
build	Cache Android SDK	2026-06-06T12:22:56.1029433Z /usr/bin/tar: ../../../../../usr/local/lib/android/sdk/platforms/android-36/data/res/values-mcc302-mnc370-uz: Cannot change mode to rwxr-xr-x: Operation not permitted
build	Cache Android SDK	2026-06-06T12:22:56.1030110Z /usr/bin/tar: ../../../../../usr/local/lib/android/sdk/platforms/android-36/data/res/values-mcc310-mnc220-nb: Cannot utime: Operation not permitted
build	Cache Android SDK	2026-06-06T12:22:56.1030562Z /usr/bin/tar: ../../../../../usr/local/lib/android/sdk/platforms/android-36/data/res/values-mcc310-mnc220-nb: Cannot change mode to rwxr-xr-x: Operation not permitted
build	Cache Android SDK	2026-06-06T12:22:56.1033349Z /usr/bin/tar: ../../../../../usr/local/lib/android/sdk/platforms/android-36/data/res/values-mcc310-mnc150-nb: Cannot utime: Operation not permitted
build	Cache Android SDK	2026-06-06T12:22:56.1033907Z /usr/bin/tar: ../../../../../usr/local/lib/android/sdk/platforms/android-36/data/res/values-mcc310-mnc150-nb: Cannot change mode to rwxr-xr-x: Operation not permitted
build	Cache Android SDK	2026-06-06T12:22:56.1036207Z /usr/bin/tar: ../../../../../usr/local/lib/android/sdk/platforms/android-36/data/res/values-mcc310-mnc030-et: Cannot utime: Operation not permitted
build	Cache Android SDK	2026-06-06T12:22:56.1036677Z /usr/bin/tar: ../../../../../usr/local/lib/android/sdk/platforms/android-36/data/res/values-mcc310-mnc030-et: Cannot change mode to rwxr-xr-x: Operation not permitted
build	Cache Android SDK	2026-06-06T12:22:56.1039070Z /usr/bin/tar: ../../../../../usr/local/lib/android/sdk/platforms/android-36/data/res/values-mcc310-mnc310-sr: Cannot utime: Operation not permitted
build	Cache Android SDK	2026-06-06T12:22:56.1039544Z /usr/bin/tar: ../../../../../usr/local/lib/android/sdk/platforms/android-36/data/res/values-mcc310-mnc310-sr: Cannot change mode to rwxr-xr-x: Operation not permitted
build	Cache Android SDK	2026-06-06T12:22:56.1042315Z /usr/bin/tar: ../../../../../usr/local/lib/android/sdk/platforms/android-36/data/res/values-mcc310-mnc250-ro: Cannot utime: Operation not permitted
build	Cache Android SDK	2026-06-06T12:22:56.1045288Z /usr/bin/tar: ../../../../../usr/local/lib/android/sdk/platforms/android-36/data/res/values-mcc310-mnc250-ro: Cannot change mode to rwxr-xr-x: Operation not permitted
build	Cache Android SDK	2026-06-06T12:22:56.1045687Z /usr/bin/tar: ../../../../../usr/local/lib/android/sdk/platforms/android-36/data/res/values-mcc302-mnc370-tr: Cannot utime: Operation not permitted
build	Cache Android SDK	2026-06-06T12:22:56.1046236Z /usr/bin/tar: ../../../../../usr/local/lib/android/sdk/platforms/android-36/data/res/values-mcc302-mnc370-tr: Cannot change mode to rwxr-xr-x: Operation not permitted
build	Cache Android SDK	2026-06-06T12:22:56.1048037Z /usr/bin/tar: ../../../../../usr/local/lib/android/sdk/platforms/android-36/data/res/values-mcc310-mnc200-nl: Cannot utime: Operation not permitted
build	Cache Android SDK	2026-06-06T12:22:56.1048501Z /usr/bin/tar: ../../../../../usr/local/lib/android/sdk/platforms/android-36/data/res/values-mcc310-mnc200-nl: Cannot change mode to rwxr-xr-x: Operation not permitted
build	Cache Android SDK	2026-06-06T12:22:56.1051135Z /usr/bin/tar: ../../../../../usr/local/lib/android/sdk/platforms/android-36/data/res/values-mcc310-mnc660-sw: Cannot utime: Operation not permitted
build	Cache Android SDK	2026-06-06T12:22:56.1051597Z /usr/bin/tar: ../../../../../usr/local/lib/android/sdk/platforms/android-36/data/res/values-mcc310-mnc660-sw: Cannot change mode to rwxr-xr-x: Operation not permitted
build	Cache Android SDK	2026-06-06T12:22:56.1054538Z /usr/bin/tar: ../../../../../usr/local/lib/android/sdk/platforms/android-36/data/res/values-mcc313-mnc100-sr: Cannot utime: Operation not permitted
build	Cache Android SDK	2026-06-06T12:22:56.1055500Z /usr/bin/tar: ../../../../../usr/local/lib/android/sdk/platforms/android-36/data/res/values-mcc313-mnc100-sr: Cannot change mode to rwxr-xr-x: Operation not permitted
build	Cache Android SDK	2026-06-06T12:22:56.1058148Z /usr/bin/tar: ../../../../../usr/local/lib/android/sdk/platforms/android-36/data/res/raw-da: Cannot utime: Operation not permitted
build	Cache Android SDK	2026-06-06T12:22:56.1058701Z /usr/bin/tar: ../../../../../usr/local/lib/android/sdk/platforms/android-36/data/res/raw-da: Cannot change mode to rwxr-xr-x: Operation not permitted
build	Cache Android SDK	2026-06-06T12:22:56.1063009Z /usr/bin/tar: ../../../../../usr/local/lib/android/sdk/platforms/android-36/data/res/values-mcc334-mnc020-fr-masculine: Cannot utime: Operation not permitted
build	Cache Android SDK	2026-06-06T12:22:56.1063516Z /usr/bin/tar: ../../../../../usr/local/lib/android/sdk/platforms/android-36/data/res/values-mcc334-mnc020-fr-masculine: Cannot change mode to rwxr-xr-x: Operation not permitted
build	Cache Android SDK	2026-06-06T12:22:56.1069301Z /usr/bin/tar: ../../../../../usr/local/lib/android/sdk/platforms/android-36/data/res/values-mcc260: Cannot utime: Operation not permitted
build	Cache Android SDK	2026-06-06T12:22:56.1069736Z /usr/bin/tar: ../../../../../usr/local/lib/android/sdk/platforms/android-36/data/res/values-mcc260: Cannot change mode to rwxr-xr-x: Operation not permitted
build	Cache Android SDK	2026-06-06T12:22:56.1072470Z /usr/bin/tar: ../../../../../usr/local/lib/android/sdk/platforms/android-36/data/res/values-mcc310-mnc220-ja: Cannot utime: Operation not permitted
build	Cache Android SDK	2026-06-06T12:22:56.1072927Z /usr/bin/tar: ../../../../../usr/local/lib/android/sdk/platforms/android-36/data/res/values-mcc310-mnc220-ja: Cannot change mode to rwxr-xr-x: Operation not permitted
build	Cache Android SDK	2026-06-06T12:22:56.1075162Z /usr/bin/tar: ../../../../../usr/local/lib/android/sdk/platforms/android-36/data/res/values-mcc310-mnc800-en-rIN: Cannot utime: Operation not permitted
build	Cache Android SDK	2026-06-06T12:22:56.1075634Z /usr/bin/tar: ../../../../../usr/local/lib/android/sdk/platforms/android-36/data/res/values-mcc310-mnc800-en-rIN: Cannot change mode to rwxr-xr-x: Operation not permitted
build	Cache Android SDK	2026-06-06T12:22:56.1078085Z /usr/bin/tar: ../../../../../usr/local/lib/android/sdk/platforms/android-36/data/res/values-mcc310-mnc250-pt-rPT: Cannot utime: Operation not permitted
build	Cache Android SDK	2026-06-06T12:22:56.1078554Z /usr/bin/tar: ../../../../../usr/local/lib/android/sdk/platforms/android-36/data/res/values-mcc310-mnc250-pt-rPT: Cannot change mode to rwxr-xr-x: Operation not permitted
build	Cache Android SDK	2026-06-06T12:22:56.1080741Z /usr/bin/tar: ../../../../../usr/local/lib/android/sdk/platforms/android-36/data/res/values-mcc310-mnc490-ka: Cannot utime: Operation not permitted
build	Cache Android SDK	2026-06-06T12:22:56.1081246Z /usr/bin/tar: ../../../../../usr/local/lib/android/sdk/platforms/android-36/data/res/values-mcc310-mnc490-ka: Cannot change mode to rwxr-xr-x: Operation not permitted
build	Cache Android SDK	2026-06-06T12:22:56.1084923Z /usr/bin/tar: ../../../../../usr/local/lib/android/sdk/platforms/android-36/data/res/values-mcc310-mnc490-be: Cannot utime: Operation not permitted
build	Cache Android SDK	2026-06-06T12:22:56.1085552Z /usr/bin/tar: ../../../../../usr/local/lib/android/sdk/platforms/android-36/data/res/values-mcc310-mnc490-be: Cannot change mode to rwxr-xr-x: Operation not permitted
build	Cache Android SDK	2026-06-06T12:22:56.1088763Z /usr/bin/tar: ../../../../../usr/local/lib/android/sdk/platforms/android-36/data/res/values-mcc204: Cannot utime: Operation not permitted
build	Cache Android SDK	2026-06-06T12:22:56.1089312Z /usr/bin/tar: ../../../../../usr/local/lib/android/sdk/platforms/android-36/data/res/values-mcc204: Cannot change mode to rwxr-xr-x: Operation not permitted
build	Cache Android SDK	2026-06-06T12:22:56.1091654Z /usr/bin/tar: ../../../../../usr/local/lib/android/sdk/platforms/android-36/data/res/values-mcc310-mnc660-sr: Cannot utime: Operation not permitted
build	Cache Android SDK	2026-06-06T12:22:56.1092131Z /usr/bin/tar: ../../../../../usr/local/lib/android/sdk/platforms/android-36/data/res/values-mcc310-mnc660-sr: Cannot change mode to rwxr-xr-x: Operation not permitted
build	Cache Android SDK	2026-06-06T12:22:56.1095342Z /usr/bin/tar: ../../../../../usr/local/lib/android/sdk/platforms/android-36/data/res/values-mcc310-mnc220-lv: Cannot utime: Operation not permitted
build	Cache Android SDK	2026-06-06T12:22:56.1095805Z /usr/bin/tar: ../../../../../usr/local/lib/android/sdk/platforms/android-36/data/res/values-mcc310-mnc220-lv: Cannot change mode to rwxr-xr-x: Operation not permitted
build	Cache Android SDK	2026-06-06T12:22:56.1098909Z /usr/bin/tar: ../../../../../usr/local/lib/android/sdk/platforms/android-36/data/res/values-mcc310-mnc200-gl: Cannot utime: Operation not permitted
build	Cache Android SDK	2026-06-06T12:22:56.1099459Z /usr/bin/tar: ../../../../../usr/local/lib/android/sdk/platforms/android-36/data/res/values-mcc310-mnc200-gl: Cannot change mode to rwxr-xr-x: Operation not permitted
build	Cache Android SDK	2026-06-06T12:22:56.1103947Z /usr/bin/tar: ../../../../../usr/local/lib/android/sdk/platforms/android-36/data/res/values-en-rUS: Cannot utime: Operation not permitted
build	Cache Android SDK	2026-06-06T12:22:56.1104401Z /usr/bin/tar: ../../../../../usr/local/lib/android/sdk/platforms/android-36/data/res/values-en-rUS: Cannot change mode to rwxr-xr-x: Operation not permitted
build	Cache Android SDK	2026-06-06T12:22:56.1106759Z /usr/bin/tar: ../../../../../usr/local/lib/android/sdk/platforms/android-36/data/res/values-mcc310-mnc240-gu: Cannot utime: Operation not permitted
build	Cache Android SDK	2026-06-06T12:22:56.1107228Z /usr/bin/tar: ../../../../../usr/local/lib/android/sdk/platforms/android-36/data/res/values-mcc310-mnc240-gu: Cannot change mode to rwxr-xr-x: Operation not permitted
build	Cache Android SDK	2026-06-06T12:22:56.1109914Z /usr/bin/tar: ../../../../../usr/local/lib/android/sdk/platforms/android-36/data/res/values-mcc310-mnc150-es-rUS: Cannot utime: Operation not permitted
build	Cache Android SDK	2026-06-06T12:22:56.1110421Z /usr/bin/tar: ../../../../../usr/local/lib/android/sdk/platforms/android-36/data/res/values-mcc310-mnc150-es-rUS: Cannot change mode to rwxr-xr-x: Operation not permitted
build	Cache Android SDK	2026-06-06T12:22:56.1117296Z /usr/bin/tar: ../../../../../usr/local/lib/android/sdk/platforms/android-36/data/res/values-ru: Cannot utime: Operation not permitted
build	Cache Android SDK	2026-06-06T12:22:56.1117870Z /usr/bin/tar: ../../../../../usr/local/lib/android/sdk/platforms/android-36/data/res/values-ru: Cannot change mode to rwxr-xr-x: Operation not permitted
build	Cache Android SDK	2026-06-06T12:22:56.1121290Z /usr/bin/tar: ../../../../../usr/local/lib/android/sdk/platforms/android-36/data/res/values-mcc310-mnc150-ar: Cannot utime: Operation not permitted
build	Cache Android SDK	2026-06-06T12:22:56.1121831Z /usr/bin/tar: ../../../../../usr/local/lib/android/sdk/platforms/android-36/data/res/values-mcc310-mnc150-ar: Cannot change mode to rwxr-xr-x: Operation not permitted
build	Cache Android SDK	2026-06-06T12:22:56.1123956Z /usr/bin/tar: ../../../../../usr/local/lib/android/sdk/platforms/android-36/data/res/values-mcc310-mnc310-bg: Cannot utime: Operation not permitted
build	Cache Android SDK	2026-06-06T12:22:56.1124425Z /usr/bin/tar: ../../../../../usr/local/lib/android/sdk/platforms/android-36/data/res/values-mcc310-mnc310-bg: Cannot change mode to rwxr-xr-x: Operation not permitted
build	Cache Android SDK	2026-06-06T12:22:56.1127789Z /usr/bin/tar: ../../../../../usr/local/lib/android/sdk/platforms/android-36/data/res/values-ro-rRO: Cannot utime: Operation not permitted
build	Cache Android SDK	2026-06-06T12:22:56.1128233Z /usr/bin/tar: ../../../../../usr/local/lib/android/sdk/platforms/android-36/data/res/values-ro-rRO: Cannot change mode to rwxr-xr-x: Operation not permitted
build	Cache Android SDK	2026-06-06T12:22:56.1130460Z /usr/bin/tar: ../../../../../usr/local/lib/android/sdk/platforms/android-36/data/res/values-mcc302-mnc370-az: Cannot utime: Operation not permitted
build	Cache Android SDK	2026-06-06T12:22:56.1131422Z /usr/bin/tar: ../../../../../usr/local/lib/android/sdk/platforms/android-36/data/res/values-mcc302-mnc370-az: Cannot change mode to rwxr-xr-x: Operation not permitted
build	Cache Android SDK	2026-06-06T12:22:56.1136718Z /usr/bin/tar: ../../../../../usr/local/lib/android/sdk/platforms/android-36/data/res/values-hr: Cannot utime: Operation not permitted
build	Cache Android SDK	2026-06-06T12:22:56.1137330Z /usr/bin/tar: ../../../../../usr/local/lib/android/sdk/platforms/android-36/data/res/values-hr: Cannot change mode to rwxr-xr-x: Operation not permitted
build	Cache Android SDK	2026-06-06T12:22:56.1139986Z /usr/bin/tar: ../../../../../usr/local/lib/android/sdk/platforms/android-36/data/res/values-mcc310-mnc280-zh-rTW: Cannot utime: Operation not permitted
build	Cache Android SDK	2026-06-06T12:22:56.1141032Z /usr/bin/tar: ../../../../../usr/local/lib/android/sdk/platforms/android-36/data/res/values-mcc310-mnc280-zh-rTW: Cannot change mode to rwxr-xr-x: Operation not permitted
build	Cache Android SDK	2026-06-06T12:22:56.1142572Z /usr/bin/tar: ../../../../../usr/local/lib/android/sdk/platforms/android-36/data/res/values-mcc310-mnc490-pa: Cannot utime: Operation not permitted
build	Cache Android SDK	2026-06-06T12:22:56.1143160Z /usr/bin/tar: ../../../../../usr/local/lib/android/sdk/platforms/android-36/data/res/values-mcc310-mnc490-pa: Cannot change mode to rwxr-xr-x: Operation not permitted
build	Cache Android SDK	2026-06-06T12:22:56.1145746Z /usr/bin/tar: ../../../../../usr/local/lib/android/sdk/platforms/android-36/data/res/values-mcc310-mnc030-kk: Cannot utime: Operation not permitted
build	Cache Android SDK	2026-06-06T12:22:56.1146197Z /usr/bin/tar: ../../../../../usr/local/lib/android/sdk/platforms/android-36/data/res/values-mcc310-mnc030-kk: Cannot change mode to rwxr-xr-x: Operation not permitted
build	Cache Android SDK	2026-06-06T12:22:56.1148917Z /usr/bin/tar: ../../../../../usr/local/lib/android/sdk/platforms/android-36/data/res/values-mcc302-mnc720-pt-rBR: Cannot utime: Operation not permitted
build	Cache Android SDK	2026-06-06T12:22:56.1149391Z /usr/bin/tar: ../../../../../usr/local/lib/android/sdk/platforms/android-36/data/res/values-mcc302-mnc720-pt-rBR: Cannot change mode to rwxr-xr-x: Operation not permitted
build	Cache Android SDK	2026-06-06T12:22:56.1151908Z /usr/bin/tar: ../../../../../usr/local/lib/android/sdk/platforms/android-36/data/res/values-mcc310-mnc160-ka: Cannot utime: Operation not permitted
build	Cache Android SDK	2026-06-06T12:22:56.1152366Z /usr/bin/tar: ../../../../../usr/local/lib/android/sdk/platforms/android-36/data/res/values-mcc310-mnc160-ka: Cannot change mode to rwxr-xr-x: Operation not permitted
build	Cache Android SDK	2026-06-06T12:22:56.1154649Z /usr/bin/tar: ../../../../../usr/local/lib/android/sdk/platforms/android-36/data/res/values-mcc310-mnc280-am: Cannot utime: Operation not permitted
build	Cache Android SDK	2026-06-06T12:22:56.1155089Z /usr/bin/tar: ../../../../../usr/local/lib/android/sdk/platforms/android-36/data/res/values-mcc310-mnc280-am: Cannot change mode to rwxr-xr-x: Operation not permitted
build	Cache Android SDK	2026-06-06T12:22:56.1157684Z /usr/bin/tar: ../../../../../usr/local/lib/android/sdk/platforms/android-36/data/res/values-mcc310-mnc410: Cannot utime: Operation not permitted
build	Cache Android SDK	2026-06-06T12:22:56.1158132Z /usr/bin/tar: ../../../../../usr/local/lib/android/sdk/platforms/android-36/data/res/values-mcc310-mnc410: Cannot change mode to rwxr-xr-x: Operation not permitted
build	Cache Android SDK	2026-06-06T12:22:56.1160678Z /usr/bin/tar: ../../../../../usr/local/lib/android/sdk/platforms/android-36/data/res/values-mcc310-mnc950-en-rIN: Cannot utime: Operation not permitted
build	Cache Android SDK	2026-06-06T12:22:56.1161147Z /usr/bin/tar: ../../../../../usr/local/lib/android/sdk/platforms/android-36/data/res/values-mcc310-mnc950-en-rIN: Cannot change mode to rwxr-xr-x: Operation not permitted
build	Cache Android SDK	2026-06-06T12:22:56.1163598Z /usr/bin/tar: ../../../../../usr/local/lib/android/sdk/platforms/android-36/data/res/values-mcc334-mnc020-fa: Cannot utime: Operation not permitted
build	Cache Android SDK	2026-06-06T12:22:56.1164038Z /usr/bin/tar: ../../../../../usr/local/lib/android/sdk/platforms/android-36/data/res/values-mcc334-mnc020-fa: Cannot change mode to rwxr-xr-x: Operation not permitted
build	Cache Android SDK	2026-06-06T12:22:56.1166874Z /usr/bin/tar: ../../../../../usr/local/lib/android/sdk/platforms/android-36/data/res/values-mcc310-mnc240-ko: Cannot utime: Operation not permitted
build	Cache Android SDK	2026-06-06T12:22:56.1167514Z /usr/bin/tar: ../../../../../usr/local/lib/android/sdk/platforms/android-36/data/res/values-mcc310-mnc240-ko: Cannot change mode to rwxr-xr-x: Operation not permitted
build	Cache Android SDK	2026-06-06T12:22:56.1169402Z /usr/bin/tar: ../../../../../usr/local/lib/android/sdk/platforms/android-36/data/res/values-mcc310-mnc410-en-rAU: Cannot utime: Operation not permitted
build	Cache Android SDK	2026-06-06T12:22:56.1169874Z /usr/bin/tar: ../../../../../usr/local/lib/android/sdk/platforms/android-36/data/res/values-mcc310-mnc410-en-rAU: Cannot change mode to rwxr-xr-x: Operation not permitted
build	Cache Android SDK	2026-06-06T12:22:56.1172862Z /usr/bin/tar: ../../../../../usr/local/lib/android/sdk/platforms/android-36/data/res/values-mcc302-mnc370-fr: Cannot utime: Operation not permitted
build	Cache Android SDK	2026-06-06T12:22:56.1173307Z /usr/bin/tar: ../../../../../usr/local/lib/android/sdk/platforms/android-36/data/res/values-mcc302-mnc370-fr: Cannot change mode to rwxr-xr-x: Operation not permitted
build	Cache Android SDK	2026-06-06T12:22:56.1176438Z /usr/bin/tar: ../../../../../usr/local/lib/android/sdk/platforms/android-36/data/res/values-mcc310-mnc410-fr: Cannot utime: Operation not permitted
build	Cache Android SDK	2026-06-06T12:22:56.1177059Z /usr/bin/tar: ../../../../../usr/local/lib/android/sdk/platforms/android-36/data/res/values-mcc310-mnc410-fr: Cannot change mode to rwxr-xr-x: Operation not permitted
build	Cache Android SDK	2026-06-06T12:22:56.1179586Z /usr/bin/tar: ../../../../../usr/local/lib/android/sdk/platforms/android-36/data/res/values-mcc310-mnc240-ur: Cannot utime: Operation not permitted
build	Cache Android SDK	2026-06-06T12:22:56.1180047Z /usr/bin/tar: ../../../../../usr/local/lib/android/sdk/platforms/android-36/data/res/values-mcc310-mnc240-ur: Cannot change mode to rwxr-xr-x: Operation not permitted
build	Cache Android SDK	2026-06-06T12:22:56.1182677Z /usr/bin/tar: ../../../../../usr/local/lib/android/sdk/platforms/android-36/data/res/values-mcc310-mnc220-de: Cannot utime: Operation not permitted
build	Cache Android SDK	2026-06-06T12:22:56.1183131Z /usr/bin/tar: ../../../../../usr/local/lib/android/sdk/platforms/android-36/data/res/values-mcc310-mnc220-de: Cannot change mode to rwxr-xr-x: Operation not permitted
build	Cache Android SDK	2026-06-06T12:22:56.1185876Z /usr/bin/tar: ../../../../../usr/local/lib/android/sdk/platforms/android-36/data/res/values-mcc310-mnc030-en-rXC: Cannot utime: Operation not permitted
build	Cache Android SDK	2026-06-06T12:22:56.1186378Z /usr/bin/tar: ../../../../../usr/local/lib/android/sdk/platforms/android-36/data/res/values-mcc310-mnc030-en-rXC: Cannot change mode to rwxr-xr-x: Operation not permitted
build	Cache Android SDK	2026-06-06T12:22:56.1201330Z /usr/bin/tar: ../../../../../usr/local/lib/android/sdk/platforms/android-36/data/res/values-mcc001-mnc01-ko: Cannot utime: Operation not permitted
build	Cache Android SDK	2026-06-06T12:22:56.1202055Z /usr/bin/tar: ../../../../../usr/local/lib/android/sdk/platforms/android-36/data/res/values-mcc001-mnc01-ko: Cannot change mode to rwxr-xr-x: Operation not permitted
build	Cache Android SDK	2026-06-06T12:22:56.1202734Z /usr/bin/tar: ../../../../../usr/local/lib/android/sdk/platforms/android-36/data/res/values-mcc334-mnc020-gu: Cannot utime: Operation not permitted
build	Cache Android SDK	2026-06-06T12:22:56.1203198Z /usr/bin/tar: ../../../../../usr/local/lib/android/sdk/platforms/android-36/data/res/values-mcc334-mnc020-gu: Cannot change mode to rwxr-xr-x: Operation not permitted
build	Cache Android SDK	2026-06-06T12:22:56.1203619Z /usr/bin/tar: ../../../../../usr/local/lib/android/sdk/platforms/android-36/data/res/values-mcc310-mnc560-zh-rTW: Cannot utime: Operation not permitted
build	Cache Android SDK	2026-06-06T12:22:56.1204089Z /usr/bin/tar: ../../../../../usr/local/lib/android/sdk/platforms/android-36/data/res/values-mcc310-mnc560-zh-rTW: Cannot change mode to rwxr-xr-x: Operation not permitted
build	Cache Android SDK	2026-06-06T12:22:56.1204503Z /usr/bin/tar: ../../../../../usr/local/lib/android/sdk/platforms/android-36/data/res/values-mcc310-mnc280-en-rAU: Cannot utime: Operation not permitted
build	Cache Android SDK	2026-06-06T12:22:56.1205057Z /usr/bin/tar: ../../../../../usr/local/lib/android/sdk/platforms/android-36/data/res/values-mcc310-mnc280-en-rAU: Cannot change mode to rwxr-xr-x: Operation not permitted
build	Cache Android SDK	2026-06-06T12:22:56.1205676Z /usr/bin/tar: ../../../../../usr/local/lib/android/sdk/platforms/android-36/data/res/values-mcc310-mnc210-fi: Cannot utime: Operation not permitted
build	Cache Android SDK	2026-06-06T12:22:56.1206408Z /usr/bin/tar: ../../../../../usr/local/lib/android/sdk/platforms/android-36/data/res/values-mcc310-mnc210-fi: Cannot change mode to rwxr-xr-x: Operation not permitted
build	Cache Android SDK	2026-06-06T12:22:56.1206799Z /usr/bin/tar: ../../../../../usr/local/lib/android/sdk/platforms/android-36/data/res/values-mcc310-mnc170-de: Cannot utime: Operation not permitted
build	Cache Android SDK	2026-06-06T12:22:56.1207249Z /usr/bin/tar: ../../../../../usr/local/lib/android/sdk/platforms/android-36/data/res/values-mcc310-mnc170-de: Cannot change mode to rwxr-xr-x: Operation not permitted
build	Cache Android SDK	2026-06-06T12:22:56.1209542Z /usr/bin/tar: ../../../../../usr/local/lib/android/sdk/platforms/android-36/data/res/values-mcc310-mnc210-gu: Cannot utime: Operation not permitted
build	Cache Android SDK	2026-06-06T12:22:56.1209995Z /usr/bin/tar: ../../../../../usr/local/lib/android/sdk/platforms/android-36/data/res/values-mcc310-mnc210-gu: Cannot change mode to rwxr-xr-x: Operation not permitted
build	Cache Android SDK	2026-06-06T12:22:56.1212885Z /usr/bin/tar: ../../../../../usr/local/lib/android/sdk/platforms/android-36/data/res/values-mcc310-mnc660-hi: Cannot utime: Operation not permitted
build	Cache Android SDK	2026-06-06T12:22:56.1213490Z /usr/bin/tar: ../../../../../usr/local/lib/android/sdk/platforms/android-36/data/res/values-mcc310-mnc660-hi: Cannot change mode to rwxr-xr-x: Operation not permitted
build	Cache Android SDK	2026-06-06T12:22:56.1216051Z /usr/bin/tar: ../../../../../usr/local/lib/android/sdk/platforms/android-36/data/res/values-mcc310-mnc210-nl: Cannot utime: Operation not permitted
build	Cache Android SDK	2026-06-06T12:22:56.1216497Z /usr/bin/tar: ../../../../../usr/local/lib/android/sdk/platforms/android-36/data/res/values-mcc310-mnc210-nl: Cannot change mode to rwxr-xr-x: Operation not permitted
build	Cache Android SDK	2026-06-06T12:22:56.1219297Z /usr/bin/tar: ../../../../../usr/local/lib/android/sdk/platforms/android-36/data/res/values-mcc334-mnc020-am: Cannot utime: Operation not permitted
build	Cache Android SDK	2026-06-06T12:22:56.1219750Z /usr/bin/tar: ../../../../../usr/local/lib/android/sdk/platforms/android-36/data/res/values-mcc334-mnc020-am: Cannot change mode to rwxr-xr-x: Operation not permitted
build	Cache Android SDK	2026-06-06T12:22:56.1222715Z /usr/bin/tar: ../../../../../usr/local/lib/android/sdk/platforms/android-36/data/res/values-mcc334-mnc020-my: Cannot utime: Operation not permitted
build	Cache Android SDK	2026-06-06T12:22:56.1223175Z /usr/bin/tar: ../../../../../usr/local/lib/android/sdk/platforms/android-36/data/res/values-mcc334-mnc020-my: Cannot change mode to rwxr-xr-x: Operation not permitted
build	Cache Android SDK	2026-06-06T12:22:56.1225630Z /usr/bin/tar: ../../../../../usr/local/lib/android/sdk/platforms/android-36/data/res/values-mcc740-mnc00: Cannot utime: Operation not permitted
build	Cache Android SDK	2026-06-06T12:22:56.1226073Z /usr/bin/tar: ../../../../../usr/local/lib/android/sdk/platforms/android-36/data/res/values-mcc740-mnc00: Cannot change mode to rwxr-xr-x: Operation not permitted
build	Cache Android SDK	2026-06-06T12:22:56.1228081Z /usr/bin/tar: ../../../../../usr/local/lib/android/sdk/platforms/android-36/data/res/values-mcc310-mnc200-ky: Cannot utime: Operation not permitted
build	Cache Android SDK	2026-06-06T12:22:56.1228599Z /usr/bin/tar: ../../../../../usr/local/lib/android/sdk/platforms/android-36/data/res/values-mcc310-mnc200-ky: Cannot change mode to rwxr-xr-x: Operation not permitted
build	Cache Android SDK	2026-06-06T12:22:56.1230974Z /usr/bin/tar: ../../../../../usr/local/lib/android/sdk/platforms/android-36/data/res/values-mcc302-mnc370-el: Cannot utime: Operation not permitted
build	Cache Android SDK	2026-06-06T12:22:56.1231431Z /usr/bin/tar: ../../../../../usr/local/lib/android/sdk/platforms/android-36/data/res/values-mcc302-mnc370-el: Cannot change mode to rwxr-xr-x: Operation not permitted
build	Cache Android SDK	2026-06-06T12:22:56.1233910Z /usr/bin/tar: ../../../../../usr/local/lib/android/sdk/platforms/android-36/data/res/values-mcc310-mnc560-ro: Cannot utime: Operation not permitted
build	Cache Android SDK	2026-06-06T12:22:56.1234362Z /usr/bin/tar: ../../../../../usr/local/lib/android/sdk/platforms/android-36/data/res/values-mcc310-mnc560-ro: Cannot change mode to rwxr-xr-x: Operation not permitted
build	Cache Android SDK	2026-06-06T12:22:56.1237935Z /usr/bin/tar: ../../../../../usr/local/lib/android/sdk/platforms/android-36/data/res/values-mcc310-mnc150-kk: Cannot utime: Operation not permitted
build	Cache Android SDK	2026-06-06T12:22:56.1238402Z /usr/bin/tar: ../../../../../usr/local/lib/android/sdk/platforms/android-36/data/res/values-mcc310-mnc150-kk: Cannot change mode to rwxr-xr-x: Operation not permitted
build	Cache Android SDK	2026-06-06T12:22:56.1240924Z /usr/bin/tar: ../../../../../usr/local/lib/android/sdk/platforms/android-36/data/res/values-mcc334-mnc020-pt: Cannot utime: Operation not permitted
build	Cache Android SDK	2026-06-06T12:22:56.1241394Z /usr/bin/tar: ../../../../../usr/local/lib/android/sdk/platforms/android-36/data/res/values-mcc334-mnc020-pt: Cannot change mode to rwxr-xr-x: Operation not permitted
build	Cache Android SDK	2026-06-06T12:22:56.1243953Z /usr/bin/tar: ../../../../../usr/local/lib/android/sdk/platforms/android-36/data/res/values-mcc310-mnc210-en-rGB: Cannot utime: Operation not permitted
build	Cache Android SDK	2026-06-06T12:22:56.1244418Z /usr/bin/tar: ../../../../../usr/local/lib/android/sdk/platforms/android-36/data/res/values-mcc310-mnc210-en-rGB: Cannot change mode to rwxr-xr-x: Operation not permitted
build	Cache Android SDK	2026-06-06T12:22:56.1247319Z /usr/bin/tar: ../../../../../usr/local/lib/android/sdk/platforms/android-36/data/res/values-de-neuter: Cannot utime: Operation not permitted
build	Cache Android SDK	2026-06-06T12:22:56.1248027Z /usr/bin/tar: ../../../../../usr/local/lib/android/sdk/platforms/android-36/data/res/values-de-neuter: Cannot change mode to rwxr-xr-x: Operation not permitted
build	Cache Android SDK	2026-06-06T12:22:56.1250577Z /usr/bin/tar: ../../../../../usr/local/lib/android/sdk/platforms/android-36/data/res/values-mcc302-mnc720-pt: Cannot utime: Operation not permitted
build	Cache Android SDK	2026-06-06T12:22:56.1251042Z /usr/bin/tar: ../../../../../usr/local/lib/android/sdk/platforms/android-36/data/res/values-mcc302-mnc720-pt: Cannot change mode to rwxr-xr-x: Operation not permitted
build	Cache Android SDK	2026-06-06T12:22:56.1253662Z /usr/bin/tar: ../../../../../usr/local/lib/android/sdk/platforms/android-36/data/res/values-mcc302-mnc720-zh-rCN: Cannot utime: Operation not permitted
build	Cache Android SDK	2026-06-06T12:22:56.1254133Z /usr/bin/tar: ../../../../../usr/local/lib/android/sdk/platforms/android-36/data/res/values-mcc302-mnc720-zh-rCN: Cannot change mode to rwxr-xr-x: Operation not permitted
build	Cache Android SDK	2026-06-06T12:22:56.1256693Z /usr/bin/tar: ../../../../../usr/local/lib/android/sdk/platforms/android-36/data/res/values-mcc310-mnc210-fr-rCA: Cannot utime: Operation not permitted
build	Cache Android SDK	2026-06-06T12:22:56.1257180Z /usr/bin/tar: ../../../../../usr/local/lib/android/sdk/platforms/android-36/data/res/values-mcc310-mnc210-fr-rCA: Cannot change mode to rwxr-xr-x: Operation not permitted
build	Cache Android SDK	2026-06-06T12:22:56.1262466Z /usr/bin/tar: ../../../../../usr/local/lib/android/sdk/platforms/android-36/data/res/values-mcc310-mnc270-nb: Cannot utime: Operation not permitted
build	Cache Android SDK	2026-06-06T12:22:56.1262936Z /usr/bin/tar: ../../../../../usr/local/lib/android/sdk/platforms/android-36/data/res/values-mcc310-mnc270-nb: Cannot change mode to rwxr-xr-x: Operation not permitted
build	Cache Android SDK	2026-06-06T12:22:56.1265430Z /usr/bin/tar: ../../../../../usr/local/lib/android/sdk/platforms/android-36/data/res/values-mcc334-mnc020-zu: Cannot utime: Operation not permitted
build	Cache Android SDK	2026-06-06T12:22:56.1265886Z /usr/bin/tar: ../../../../../usr/local/lib/android/sdk/platforms/android-36/data/res/values-mcc334-mnc020-zu: Cannot change mode to rwxr-xr-x: Operation not permitted
build	Cache Android SDK	2026-06-06T12:22:56.1268605Z /usr/bin/tar: ../../../../../usr/local/lib/android/sdk/platforms/android-36/data/res/values-port-mdpi: Cannot utime: Operation not permitted
build	Cache Android SDK	2026-06-06T12:22:56.1269109Z /usr/bin/tar: ../../../../../usr/local/lib/android/sdk/platforms/android-36/data/res/values-port-mdpi: Cannot change mode to rwxr-xr-x: Operation not permitted
build	Cache Android SDK	2026-06-06T12:22:56.1272586Z /usr/bin/tar: ../../../../../usr/local/lib/android/sdk/platforms/android-36/data/res/values-mcc302-mnc720-th: Cannot utime: Operation not permitted
build	Cache Android SDK	2026-06-06T12:22:56.1273149Z /usr/bin/tar: ../../../../../usr/local/lib/android/sdk/platforms/android-36/data/res/values-mcc302-mnc720-th: Cannot change mode to rwxr-xr-x: Operation not permitted
build	Cache Android SDK	2026-06-06T12:22:56.1275564Z /usr/bin/tar: ../../../../../usr/local/lib/android/sdk/platforms/android-36/data/res/values-mcc310-mnc950-ka: Cannot utime: Operation not permitted
build	Cache Android SDK	2026-06-06T12:22:56.1276039Z /usr/bin/tar: ../../../../../usr/local/lib/android/sdk/platforms/android-36/data/res/values-mcc310-mnc950-ka: Cannot change mode to rwxr-xr-x: Operation not permitted
build	Cache Android SDK	2026-06-06T12:22:56.1278343Z /usr/bin/tar: ../../../../../usr/local/lib/android/sdk/platforms/android-36/data/res/values-mcc302-mnc720-en-rGB: Cannot utime: Operation not permitted
build	Cache Android SDK	2026-06-06T12:22:56.1278819Z /usr/bin/tar: ../../../../../usr/local/lib/android/sdk/platforms/android-36/data/res/values-mcc302-mnc720-en-rGB: Cannot change mode to rwxr-xr-x: Operation not permitted
build	Cache Android SDK	2026-06-06T12:22:56.1282044Z /usr/bin/tar: ../../../../../usr/local/lib/android/sdk/platforms/android-36/data/res/values-mcc310-mnc250-az: Cannot utime: Operation not permitted
build	Cache Android SDK	2026-06-06T12:22:56.1282515Z /usr/bin/tar: ../../../../../usr/local/lib/android/sdk/platforms/android-36/data/res/values-mcc310-mnc250-az: Cannot change mode to rwxr-xr-x: Operation not permitted
build	Cache Android SDK	2026-06-06T12:22:56.1285176Z /usr/bin/tar: ../../../../../usr/local/lib/android/sdk/platforms/android-36/data/res/values-mcc310-mnc200-be: Cannot utime: Operation not permitted
build	Cache Android SDK	2026-06-06T12:22:56.1285769Z /usr/bin/tar: ../../../../../usr/local/lib/android/sdk/platforms/android-36/data/res/values-mcc310-mnc200-be: Cannot change mode to rwxr-xr-x: Operation not permitted
build	Cache Android SDK	2026-06-06T12:22:56.1288204Z /usr/bin/tar: ../../../../../usr/local/lib/android/sdk/platforms/android-36/data/res/values-zu-rZA: Cannot utime: Operation not permitted
build	Cache Android SDK	2026-06-06T12:22:56.1288632Z /usr/bin/tar: ../../../../../usr/local/lib/android/sdk/platforms/android-36/data/res/values-zu-rZA: Cannot change mode to rwxr-xr-x: Operation not permitted
build	Cache Android SDK	2026-06-06T12:22:56.1290740Z /usr/bin/tar: ../../../../../usr/local/lib/android/sdk/platforms/android-36/data/res/values-ka-watch: Cannot utime: Operation not permitted
build	Cache Android SDK	2026-06-06T12:22:56.1291196Z /usr/bin/tar: ../../../../../usr/local/lib/android/sdk/platforms/android-36/data/res/values-ka-watch: Cannot change mode to rwxr-xr-x: Operation not permitted
build	Cache Android SDK	2026-06-06T12:22:56.1293725Z /usr/bin/tar: ../../../../../usr/local/lib/android/sdk/platforms/android-36/data/res/values-mcc310-mnc490-ms: Cannot utime: Operation not permitted
build	Cache Android SDK	2026-06-06T12:22:56.1294184Z /usr/bin/tar: ../../../../../usr/local/lib/android/sdk/platforms/android-36/data/res/values-mcc310-mnc490-ms: Cannot change mode to rwxr-xr-x: Operation not permitted
build	Cache Android SDK	2026-06-06T12:22:56.1296917Z /usr/bin/tar: ../../../../../usr/local/lib/android/sdk/platforms/android-36/data/res/values-mcc310-mnc310-pl: Cannot utime: Operation not permitted
build	Cache Android SDK	2026-06-06T12:22:56.1297527Z /usr/bin/tar: ../../../../../usr/local/lib/android/sdk/platforms/android-36/data/res/values-mcc310-mnc310-pl: Cannot change mode to rwxr-xr-x: Operation not permitted
build	Cache Android SDK	2026-06-06T12:22:56.1304968Z /usr/bin/tar: ../../../../../usr/local/lib/android/sdk/platforms/android-36/data/res/values-hi: Cannot utime: Operation not permitted
build	Cache Android SDK	2026-06-06T12:22:56.1305835Z /usr/bin/tar: ../../../../../usr/local/lib/android/sdk/platforms/android-36/data/res/values-hi: Cannot change mode to rwxr-xr-x: Operation not permitted
build	Cache Android SDK	2026-06-06T12:22:56.1308831Z /usr/bin/tar: ../../../../../usr/local/lib/android/sdk/platforms/android-36/data/res/values-mcc310-mnc200-zu: Cannot utime: Operation not permitted
build	Cache Android SDK	2026-06-06T12:22:56.1309390Z /usr/bin/tar: ../../../../../usr/local/lib/android/sdk/platforms/android-36/data/res/values-mcc310-mnc200-zu: Cannot change mode to rwxr-xr-x: Operation not permitted
build	Cache Android SDK	2026-06-06T12:22:56.1312090Z /usr/bin/tar: ../../../../../usr/local/lib/android/sdk/platforms/android-36/data/res/values-mcc310-mnc410-mr: Cannot utime: Operation not permitted
build	Cache Android SDK	2026-06-06T12:22:56.1312565Z /usr/bin/tar: ../../../../../usr/local/lib/android/sdk/platforms/android-36/data/res/values-mcc310-mnc410-mr: Cannot change mode to rwxr-xr-x: Operation not permitted
build	Cache Android SDK	2026-06-06T12:22:56.1315495Z /usr/bin/tar: ../../../../../usr/local/lib/android/sdk/platforms/android-36/data/res/values-mcc310-mnc210-mr: Cannot utime: Operation not permitted
build	Cache Android SDK	2026-06-06T12:22:56.1315971Z /usr/bin/tar: ../../../../../usr/local/lib/android/sdk/platforms/android-36/data/res/values-mcc310-mnc210-mr: Cannot change mode to rwxr-xr-x: Operation not permitted
build	Cache Android SDK	2026-06-06T12:22:56.1319134Z /usr/bin/tar: ../../../../../usr/local/lib/android/sdk/platforms/android-36/data/res/values-mcc310-mnc150-si: Cannot utime: Operation not permitted
build	Cache Android SDK	2026-06-06T12:22:56.1319624Z /usr/bin/tar: ../../../../../usr/local/lib/android/sdk/platforms/android-36/data/res/values-mcc310-mnc150-si: Cannot change mode to rwxr-xr-x: Operation not permitted
build	Cache Android SDK	2026-06-06T12:22:56.1322179Z /usr/bin/tar: ../../../../../usr/local/lib/android/sdk/platforms/android-36/data/res/values-mcc310-mnc240-et: Cannot utime: Operation not permitted
build	Cache Android SDK	2026-06-06T12:22:56.1322641Z /usr/bin/tar: ../../../../../usr/local/lib/android/sdk/platforms/android-36/data/res/values-mcc310-mnc240-et: Cannot change mode to rwxr-xr-x: Operation not permitted
build	Cache Android SDK	2026-06-06T12:22:56.1325025Z /usr/bin/tar: ../../../../../usr/local/lib/android/sdk/platforms/android-36/data/res/values-mcc310-mnc380-kk: Cannot utime: Operation not permitted
build	Cache Android SDK	2026-06-06T12:22:56.1325621Z /usr/bin/tar: ../../../../../usr/local/lib/android/sdk/platforms/android-36/data/res/values-mcc310-mnc380-kk: Cannot change mode to rwxr-xr-x: Operation not permitted
build	Cache Android SDK	2026-06-06T12:22:56.1327998Z /usr/bin/tar: ../../../../../usr/local/lib/android/sdk/platforms/android-36/data/res/values-mcc310-mnc280-kk: Cannot utime: Operation not permitted
build	Cache Android SDK	2026-06-06T12:22:56.1328467Z /usr/bin/tar: ../../../../../usr/local/lib/android/sdk/platforms/android-36/data/res/values-mcc310-mnc280-kk: Cannot change mode to rwxr-xr-x: Operation not permitted
build	Cache Android SDK	2026-06-06T12:22:56.1330799Z /usr/bin/tar: ../../../../../usr/local/lib/android/sdk/platforms/android-36/data/res/values-mcc310-mnc160-sq: Cannot utime: Operation not permitted
build	Cache Android SDK	2026-06-06T12:22:56.1331252Z /usr/bin/tar: ../../../../../usr/local/lib/android/sdk/platforms/android-36/data/res/values-mcc310-mnc160-sq: Cannot change mode to rwxr-xr-x: Operation not permitted
build	Cache Android SDK	2026-06-06T12:22:56.1333845Z /usr/bin/tar: ../../../../../usr/local/lib/android/sdk/platforms/android-36/data/res/values-mcc334-mnc020-kn: Cannot utime: Operation not permitted
build	Cache Android SDK	2026-06-06T12:22:56.1334303Z /usr/bin/tar: ../../../../../usr/local/lib/android/sdk/platforms/android-36/data/res/values-mcc334-mnc020-kn: Cannot change mode to rwxr-xr-x: Operation not permitted
build	Cache Android SDK	2026-06-06T12:22:56.1336973Z /usr/bin/tar: ../../../../../usr/local/lib/android/sdk/platforms/android-36/data/res/values-mcc312-mnc530: Cannot utime: Operation not permitted
build	Cache Android SDK	2026-06-06T12:22:56.1337580Z /usr/bin/tar: ../../../../../usr/local/lib/android/sdk/platforms/android-36/data/res/values-mcc312-mnc530: Cannot change mode to rwxr-xr-x: Operation not permitted
build	Cache Android SDK	2026-06-06T12:22:56.1339647Z /usr/bin/tar: ../../../../../usr/local/lib/android/sdk/platforms/android-36/data/res/values-mcc310-mnc270-vi: Cannot utime: Operation not permitted
build	Cache Android SDK	2026-06-06T12:22:56.1340108Z /usr/bin/tar: ../../../../../usr/local/lib/android/sdk/platforms/android-36/data/res/values-mcc310-mnc270-vi: Cannot change mode to rwxr-xr-x: Operation not permitted
build	Cache Android SDK	2026-06-06T12:22:56.1347079Z /usr/bin/tar: ../../../../../usr/local/lib/android/sdk/platforms/android-36/data/res/values-ne: Cannot utime: Operation not permitted
build	Cache Android SDK	2026-06-06T12:22:56.1348066Z /usr/bin/tar: ../../../../../usr/local/lib/android/sdk/platforms/android-36/data/res/values-ne: Cannot change mode to rwxr-xr-x: Operation not permitted
build	Cache Android SDK	2026-06-06T12:22:56.1350932Z /usr/bin/tar: ../../../../../usr/local/lib/android/sdk/platforms/android-36/data/res/values-mcc310-mnc250-et: Cannot utime: Operation not permitted
build	Cache Android SDK	2026-06-06T12:22:56.1351489Z /usr/bin/tar: ../../../../../usr/local/lib/android/sdk/platforms/android-36/data/res/values-mcc310-mnc250-et: Cannot change mode to rwxr-xr-x: Operation not permitted
build	Cache Android SDK	2026-06-06T12:22:56.1357022Z /usr/bin/tar: ../../../../../usr/local/lib/android/sdk/platforms/android-36/data/res/values-es-rSV: Cannot utime: Operation not permitted
build	Cache Android SDK	2026-06-06T12:22:56.1357664Z /usr/bin/tar: ../../../../../usr/local/lib/android/sdk/platforms/android-36/data/res/values-es-rSV: Cannot change mode to rwxr-xr-x: Operation not permitted
build	Cache Android SDK	2026-06-06T12:22:56.1359878Z /usr/bin/tar: ../../../../../usr/local/lib/android/sdk/platforms/android-36/data/res/values-mcc310-mnc220-pl: Cannot utime: Operation not permitted
build	Cache Android SDK	2026-06-06T12:22:56.1360336Z /usr/bin/tar: ../../../../../usr/local/lib/android/sdk/platforms/android-36/data/res/values-mcc310-mnc220-pl: Cannot change mode to rwxr-xr-x: Operation not permitted
build	Cache Android SDK	2026-06-06T12:22:56.1362911Z /usr/bin/tar: ../../../../../usr/local/lib/android/sdk/platforms/android-36/data/res/values-mcc302-mnc720-az: Cannot utime: Operation not permitted
build	Cache Android SDK	2026-06-06T12:22:56.1363371Z /usr/bin/tar: ../../../../../usr/local/lib/android/sdk/platforms/android-36/data/res/values-mcc302-mnc720-az: Cannot change mode to rwxr-xr-x: Operation not permitted
build	Cache Android SDK	2026-06-06T12:22:56.1365950Z /usr/bin/tar: ../../../../../usr/local/lib/android/sdk/platforms/android-36/data/res/values-mcc415-mnc01: Cannot utime: Operation not permitted
build	Cache Android SDK	2026-06-06T12:22:56.1366408Z /usr/bin/tar: ../../../../../usr/local/lib/android/sdk/platforms/android-36/data/res/values-mcc415-mnc01: Cannot change mode to rwxr-xr-x: Operation not permitted
build	Cache Android SDK	2026-06-06T12:22:56.1369433Z /usr/bin/tar: ../../../../../usr/local/lib/android/sdk/platforms/android-36/data/res/values-mcc310-mnc250-de: Cannot utime: Operation not permitted
build	Cache Android SDK	2026-06-06T12:22:56.1369980Z /usr/bin/tar: ../../../../../usr/local/lib/android/sdk/platforms/android-36/data/res/values-mcc310-mnc250-de: Cannot change mode to rwxr-xr-x: Operation not permitted
build	Cache Android SDK	2026-06-06T12:22:56.1374235Z /usr/bin/tar: ../../../../../usr/local/lib/android/sdk/platforms/android-36/data/res/values-mcc310-mnc220-am: Cannot utime: Operation not permitted
build	Cache Android SDK	2026-06-06T12:22:56.1374702Z /usr/bin/tar: ../../../../../usr/local/lib/android/sdk/platforms/android-36/data/res/values-mcc310-mnc220-am: Cannot change mode to rwxr-xr-x: Operation not permitted
build	Cache Android SDK	2026-06-06T12:22:56.1380288Z /usr/bin/tar: ../../../../../usr/local/lib/android/sdk/platforms/android-36/data/res/values-mcc302-mnc370-tl: Cannot utime: Operation not permitted
build	Cache Android SDK	2026-06-06T12:22:56.1380854Z /usr/bin/tar: ../../../../../usr/local/lib/android/sdk/platforms/android-36/data/res/values-mcc302-mnc370-tl: Cannot change mode to rwxr-xr-x: Operation not permitted
build	Cache Android SDK	2026-06-06T12:22:56.1384349Z /usr/bin/tar: ../../../../../usr/local/lib/android/sdk/platforms/android-36/data/res/values-mcc310-mnc210-bg: Cannot utime: Operation not permitted
build	Cache Android SDK	2026-06-06T12:22:56.1384911Z /usr/bin/tar: ../../../../../usr/local/lib/android/sdk/platforms/android-36/data/res/values-mcc310-mnc210-bg: Cannot change mode to rwxr-xr-x: Operation not permitted
build	Cache Android SDK	2026-06-06T12:22:56.1387988Z /usr/bin/tar: ../../../../../usr/local/lib/android/sdk/platforms/android-36/data/res/values-mcc302-mnc370-zh-rHK: Cannot utime: Operation not permitted
build	Cache Android SDK	2026-06-06T12:22:56.1388477Z /usr/bin/tar: ../../../../../usr/local/lib/android/sdk/platforms/android-36/data/res/values-mcc302-mnc370-zh-rHK: Cannot change mode to rwxr-xr-x: Operation not permitted
build	Cache Android SDK	2026-06-06T12:22:56.1391038Z /usr/bin/tar: ../../../../../usr/local/lib/android/sdk/platforms/android-36/data/res/values-ar-rEG: Cannot utime: Operation not permitted
build	Cache Android SDK	2026-06-06T12:22:56.1391492Z /usr/bin/tar: ../../../../../usr/local/lib/android/sdk/platforms/android-36/data/res/values-ar-rEG: Cannot change mode to rwxr-xr-x: Operation not permitted
build	Cache Android SDK	2026-06-06T12:22:56.1394484Z /usr/bin/tar: ../../../../../usr/local/lib/android/sdk/platforms/android-36/data/res/values-mcc310-mnc310-uz: Cannot utime: Operation not permitted
build	Cache Android SDK	2026-06-06T12:22:56.1395050Z /usr/bin/tar: ../../../../../usr/local/lib/android/sdk/platforms/android-36/data/res/values-mcc310-mnc310-uz: Cannot change mode to rwxr-xr-x: Operation not permitted
build	Cache Android SDK	2026-06-06T12:22:56.1397911Z /usr/bin/tar: ../../../../../usr/local/lib/android/sdk/platforms/android-36/data/res/values-mcc310-mnc800-it: Cannot utime: Operation not permitted
build	Cache Android SDK	2026-06-06T12:22:56.1398371Z /usr/bin/tar: ../../../../../usr/local/lib/android/sdk/platforms/android-36/data/res/values-mcc310-mnc800-it: Cannot change mode to rwxr-xr-x: Operation not permitted
build	Cache Android SDK	2026-06-06T12:22:56.1401191Z /usr/bin/tar: ../../../../../usr/local/lib/android/sdk/platforms/android-36/data/res/values-mcc310-mnc410-kk: Cannot utime: Operation not permitted
build	Cache Android SDK	2026-06-06T12:22:56.1401681Z /usr/bin/tar: ../../../../../usr/local/lib/android/sdk/platforms/android-36/data/res/values-mcc310-mnc410-kk: Cannot change mode to rwxr-xr-x: Operation not permitted
build	Cache Android SDK	2026-06-06T12:22:56.1404213Z /usr/bin/tar: ../../../../../usr/local/lib/android/sdk/platforms/android-36/data/res/values-mcc310-mnc950-eu: Cannot utime: Operation not permitted
build	Cache Android SDK	2026-06-06T12:22:56.1404673Z /usr/bin/tar: ../../../../../usr/local/lib/android/sdk/platforms/android-36/data/res/values-mcc310-mnc950-eu: Cannot change mode to rwxr-xr-x: Operation not permitted
build	Cache Android SDK	2026-06-06T12:22:56.1406957Z /usr/bin/tar: ../../../../../usr/local/lib/android/sdk/platforms/android-36/data/res/values-mcc302-mnc720-af: Cannot utime: Operation not permitted
build	Cache Android SDK	2026-06-06T12:22:56.1407593Z /usr/bin/tar: ../../../../../usr/local/lib/android/sdk/platforms/android-36/data/res/values-mcc302-mnc720-af: Cannot change mode to rwxr-xr-x: Operation not permitted
build	Cache Android SDK	2026-06-06T12:22:56.1410140Z /usr/bin/tar: ../../../../../usr/local/lib/android/sdk/platforms/android-36/data/res/values-mcc334-mnc020-es: Cannot utime: Operation not permitted
build	Cache Android SDK	2026-06-06T12:22:56.1410681Z /usr/bin/tar: ../../../../../usr/local/lib/android/sdk/platforms/android-36/data/res/values-mcc334-mnc020-es: Cannot change mode to rwxr-xr-x: Operation not permitted
build	Cache Android SDK	2026-06-06T12:22:56.1413067Z /usr/bin/tar: ../../../../../usr/local/lib/android/sdk/platforms/android-36/data/res/values-mcc310-mnc410-be: Cannot utime: Operation not permitted
build	Cache Android SDK	2026-06-06T12:22:56.1413529Z /usr/bin/tar: ../../../../../usr/local/lib/android/sdk/platforms/android-36/data/res/values-mcc310-mnc410-be: Cannot change mode to rwxr-xr-x: Operation not permitted
build	Cache Android SDK	2026-06-06T12:22:56.1415774Z /usr/bin/tar: ../../../../../usr/local/lib/android/sdk/platforms/android-36/data/res/values-mcc310-mnc030-am: Cannot utime: Operation not permitted
build	Cache Android SDK	2026-06-06T12:22:56.1416319Z /usr/bin/tar: ../../../../../usr/local/lib/android/sdk/platforms/android-36/data/res/values-mcc310-mnc030-am: Cannot change mode to rwxr-xr-x: Operation not permitted
build	Cache Android SDK	2026-06-06T12:22:56.1422083Z /usr/bin/tar: ../../../../../usr/local/lib/android/sdk/platforms/android-36/data/res/values-sq: Cannot utime: Operation not permitted
build	Cache Android SDK	2026-06-06T12:22:56.1422704Z /usr/bin/tar: ../../../../../usr/local/lib/android/sdk/platforms/android-36/data/res/values-sq: Cannot change mode to rwxr-xr-x: Operation not permitted
build	Cache Android SDK	2026-06-06T12:22:56.1424995Z /usr/bin/tar: ../../../../../usr/local/lib/android/sdk/platforms/android-36/data/res/values-mcc310-mnc380-bs: Cannot utime: Operation not permitted
build	Cache Android SDK	2026-06-06T12:22:56.1425462Z /usr/bin/tar: ../../../../../usr/local/lib/android/sdk/platforms/android-36/data/res/values-mcc310-mnc380-bs: Cannot change mode to rwxr-xr-x: Operation not permitted
build	Cache Android SDK	2026-06-06T12:22:56.1428164Z /usr/bin/tar: ../../../../../usr/local/lib/android/sdk/platforms/android-36/data/res/values-mcc310-mnc660-te: Cannot utime: Operation not permitted
build	Cache Android SDK	2026-06-06T12:22:56.1428624Z /usr/bin/tar: ../../../../../usr/local/lib/android/sdk/platforms/android-36/data/res/values-mcc310-mnc660-te: Cannot change mode to rwxr-xr-x: Operation not permitted
build	Cache Android SDK	2026-06-06T12:22:56.1431505Z /usr/bin/tar: ../../../../../usr/local/lib/android/sdk/platforms/android-36/data/res/values-mcc310-mnc950-es: Cannot utime: Operation not permitted
build	Cache Android SDK	2026-06-06T12:22:56.1432506Z /usr/bin/tar: ../../../../../usr/local/lib/android/sdk/platforms/android-36/data/res/values-mcc310-mnc950-es: Cannot change mode to rwxr-xr-x: Operation not permitted
build	Cache Android SDK	2026-06-06T12:22:56.1434773Z /usr/bin/tar: ../../../../../usr/local/lib/android/sdk/platforms/android-36/data/res/xml-land: Cannot utime: Operation not permitted
build	Cache Android SDK	2026-06-06T12:22:56.1435184Z /usr/bin/tar: ../../../../../usr/local/lib/android/sdk/platforms/android-36/data/res/xml-land: Cannot change mode to rwxr-xr-x: Operation not permitted
build	Cache Android SDK	2026-06-06T12:22:56.1438224Z /usr/bin/tar: ../../../../../usr/local/lib/android/sdk/platforms/android-36/data/res/values-w225dp: Cannot utime: Operation not permitted
build	Cache Android SDK	2026-06-06T12:22:56.1438658Z /usr/bin/tar: ../../../../../usr/local/lib/android/sdk/platforms/android-36/data/res/values-w225dp: Cannot change mode to rwxr-xr-x: Operation not permitted
build	Cache Android SDK	2026-06-06T12:22:56.1441258Z /usr/bin/tar: ../../../../../usr/local/lib/android/sdk/platforms/android-36/data/res/values-mcc311-mnc180-pt-rPT: Cannot utime: Operation not permitted
build	Cache Android SDK	2026-06-06T12:22:56.1441742Z /usr/bin/tar: ../../../../../usr/local/lib/android/sdk/platforms/android-36/data/res/values-mcc311-mnc180-pt-rPT: Cannot change mode to rwxr-xr-x: Operation not permitted
build	Cache Android SDK	2026-06-06T12:22:56.1444639Z /usr/bin/tar: ../../../../../usr/local/lib/android/sdk/platforms/android-36/data/res/values-mcc310-mnc490-de: Cannot utime: Operation not permitted
build	Cache Android SDK	2026-06-06T12:22:56.1445098Z /usr/bin/tar: ../../../../../usr/local/lib/android/sdk/platforms/android-36/data/res/values-mcc310-mnc490-de: Cannot change mode to rwxr-xr-x: Operation not permitted
build	Cache Android SDK	2026-06-06T12:22:56.1448069Z /usr/bin/tar: ../../../../../usr/local/lib/android/sdk/platforms/android-36/data/res/values-mcc310-mnc150-sk: Cannot utime: Operation not permitted
build	Cache Android SDK	2026-06-06T12:22:56.1448646Z /usr/bin/tar: ../../../../../usr/local/lib/android/sdk/platforms/android-36/data/res/values-mcc310-mnc150-sk: Cannot change mode to rwxr-xr-x: Operation not permitted
build	Cache Android SDK	2026-06-06T12:22:56.1450836Z /usr/bin/tar: ../../../../../usr/local/lib/android/sdk/platforms/android-36/data/res/values-mcc310-mnc950-hy: Cannot utime: Operation not permitted
build	Cache Android SDK	2026-06-06T12:22:56.1451318Z /usr/bin/tar: ../../../../../usr/local/lib/android/sdk/platforms/android-36/data/res/values-mcc310-mnc950-hy: Cannot change mode to rwxr-xr-x: Operation not permitted
build	Cache Android SDK	2026-06-06T12:22:56.1453946Z /usr/bin/tar: ../../../../../usr/local/lib/android/sdk/platforms/android-36/data/res/values-am-rET: Cannot utime: Operation not permitted
build	Cache Android SDK	2026-06-06T12:22:56.1454440Z /usr/bin/tar: ../../../../../usr/local/lib/android/sdk/platforms/android-36/data/res/values-am-rET: Cannot change mode to rwxr-xr-x: Operation not permitted
build	Cache Android SDK	2026-06-06T12:22:56.1457788Z /usr/bin/tar: ../../../../../usr/local/lib/android/sdk/platforms/android-36/data/res/values-mcc310-mnc030-zh-rCN: Cannot utime: Operation not permitted
build	Cache Android SDK	2026-06-06T12:22:56.1458330Z /usr/bin/tar: ../../../../../usr/local/lib/android/sdk/platforms/android-36/data/res/values-mcc310-mnc030-zh-rCN: Cannot change mode to rwxr-xr-x: Operation not permitted
build	Cache Android SDK	2026-06-06T12:22:56.1461018Z /usr/bin/tar: ../../../../../usr/local/lib/android/sdk/platforms/android-36/data/res/raw-tr: Cannot utime: Operation not permitted
build	Cache Android SDK	2026-06-06T12:22:56.1461421Z /usr/bin/tar: ../../../../../usr/local/lib/android/sdk/platforms/android-36/data/res/raw-tr: Cannot change mode to rwxr-xr-x: Operation not permitted
build	Cache Android SDK	2026-06-06T12:22:56.1464089Z /usr/bin/tar: ../../../../../usr/local/lib/android/sdk/platforms/android-36/data/res/values-mcc310-mnc230-lo: Cannot utime: Operation not permitted
build	Cache Android SDK	2026-06-06T12:22:56.1464546Z /usr/bin/tar: ../../../../../usr/local/lib/android/sdk/platforms/android-36/data/res/values-mcc310-mnc230-lo: Cannot change mode to rwxr-xr-x: Operation not permitted
build	Cache Android SDK	2026-06-06T12:22:56.1467140Z /usr/bin/tar: ../../../../../usr/local/lib/android/sdk/platforms/android-36/data/res/values-mcc310-mnc240-kk: Cannot utime: Operation not permitted
build	Cache Android SDK	2026-06-06T12:22:56.1467816Z /usr/bin/tar: ../../../../../usr/local/lib/android/sdk/platforms/android-36/data/res/values-mcc310-mnc240-kk: Cannot change mode to rwxr-xr-x: Operation not permitted
build	Cache Android SDK	2026-06-06T12:22:56.1470107Z /usr/bin/tar: ../../../../../usr/local/lib/android/sdk/platforms/android-36/data/res/values-mcc312-mnc670-ru: Cannot utime: Operation not permitted
build	Cache Android SDK	2026-06-06T12:22:56.1470559Z /usr/bin/tar: ../../../../../usr/local/lib/android/sdk/platforms/android-36/data/res/values-mcc312-mnc670-ru: Cannot change mode to rwxr-xr-x: Operation not permitted
build	Cache Android SDK	2026-06-06T12:22:56.1473268Z /usr/bin/tar: ../../../../../usr/local/lib/android/sdk/platforms/android-36/data/res/values-mcc310-mnc210-ky: Cannot utime: Operation not permitted
build	Cache Android SDK	2026-06-06T12:22:56.1473727Z /usr/bin/tar: ../../../../../usr/local/lib/android/sdk/platforms/android-36/data/res/values-mcc310-mnc210-ky: Cannot change mode to rwxr-xr-x: Operation not permitted
build	Cache Android SDK	2026-06-06T12:22:56.1480320Z /usr/bin/tar: ../../../../../usr/local/lib/android/sdk/platforms/android-36/data/res/values-en-rAU: Cannot utime: Operation not permitted
build	Cache Android SDK	2026-06-06T12:22:56.1481146Z /usr/bin/tar: ../../../../../usr/local/lib/android/sdk/platforms/android-36/data/res/values-en-rAU: Cannot change mode to rwxr-xr-x: Operation not permitted
build	Cache Android SDK	2026-06-06T12:22:56.1483785Z /usr/bin/tar: ../../../../../usr/local/lib/android/sdk/platforms/android-36/data/res/values-mcc310-mnc230-hy: Cannot utime: Operation not permitted
build	Cache Android SDK	2026-06-06T12:22:56.1484260Z /usr/bin/tar: ../../../../../usr/local/lib/android/sdk/platforms/android-36/data/res/values-mcc310-mnc230-hy: Cannot change mode to rwxr-xr-x: Operation not permitted
build	Cache Android SDK	2026-06-06T12:22:56.1487257Z /usr/bin/tar: ../../../../../usr/local/lib/android/sdk/platforms/android-36/data/res/values-mcc310-mnc150-en-rXC: Cannot utime: Operation not permitted
build	Cache Android SDK	2026-06-06T12:22:56.1487940Z /usr/bin/tar: ../../../../../usr/local/lib/android/sdk/platforms/android-36/data/res/values-mcc310-mnc150-en-rXC: Cannot change mode to rwxr-xr-x: Operation not permitted
build	Cache Android SDK	2026-06-06T12:22:56.1493197Z /usr/bin/tar: ../../../../../usr/local/lib/android/sdk/platforms/android-36/data/res/values-zh-rHK: Cannot utime: Operation not permitted
build	Cache Android SDK	2026-06-06T12:22:56.1494071Z /usr/bin/tar: ../../../../../usr/local/lib/android/sdk/platforms/android-36/data/res/values-zh-rHK: Cannot change mode to rwxr-xr-x: Operation not permitted
build	Cache Android SDK	2026-06-06T12:22:56.1496886Z /usr/bin/tar: ../../../../../usr/local/lib/android/sdk/platforms/android-36/data/res/values-en-rIN-watch: Cannot utime: Operation not permitted
build	Cache Android SDK	2026-06-06T12:22:56.1498100Z /usr/bin/tar: ../../../../../usr/local/lib/android/sdk/platforms/android-36/data/res/values-en-rIN-watch: Cannot change mode to rwxr-xr-x: Operation not permitted
build	Cache Android SDK	2026-06-06T12:22:56.1500376Z /usr/bin/tar: ../../../../../usr/local/lib/android/sdk/platforms/android-36/data/res/values-mcc312-mnc670-am: Cannot utime: Operation not permitted
build	Cache Android SDK	2026-06-06T12:22:56.1500967Z /usr/bin/tar: ../../../../../usr/local/lib/android/sdk/platforms/android-36/data/res/values-mcc312-mnc670-am: Cannot change mode to rwxr-xr-x: Operation not permitted
build	Cache Android SDK	2026-06-06T12:22:56.1503293Z /usr/bin/tar: ../../../../../usr/local/lib/android/sdk/platforms/android-36/data/res/values-mcc310-mnc660-el: Cannot utime: Operation not permitted
build	Cache Android SDK	2026-06-06T12:22:56.1503744Z /usr/bin/tar: ../../../../../usr/local/lib/android/sdk/platforms/android-36/data/res/values-mcc310-mnc660-el: Cannot change mode to rwxr-xr-x: Operation not permitted
build	Cache Android SDK	2026-06-06T12:22:56.1506672Z /usr/bin/tar: ../../../../../usr/local/lib/android/sdk/platforms/android-36/data/res/values-mcc310-mnc310-vi: Cannot utime: Operation not permitted
build	Cache Android SDK	2026-06-06T12:22:56.1507140Z /usr/bin/tar: ../../../../../usr/local/lib/android/sdk/platforms/android-36/data/res/values-mcc310-mnc310-vi: Cannot change mode to rwxr-xr-x: Operation not permitted
build	Cache Android SDK	2026-06-06T12:22:56.1509551Z /usr/bin/tar: ../../../../../usr/local/lib/android/sdk/platforms/android-36/data/res/values-mcc310-mnc240-af: Cannot utime: Operation not permitted
build	Cache Android SDK	2026-06-06T12:22:56.1510014Z /usr/bin/tar: ../../../../../usr/local/lib/android/sdk/platforms/android-36/data/res/values-mcc310-mnc240-af: Cannot change mode to rwxr-xr-x: Operation not permitted
build	Cache Android SDK	2026-06-06T12:22:56.1512889Z /usr/bin/tar: ../../../../../usr/local/lib/android/sdk/platforms/android-36/data/res/values-mcc310-mnc490-uk: Cannot utime: Operation not permitted
build	Cache Android SDK	2026-06-06T12:22:56.1513331Z /usr/bin/tar: ../../../../../usr/local/lib/android/sdk/platforms/android-36/data/res/values-mcc310-mnc490-uk: Cannot change mode to rwxr-xr-x: Operation not permitted
build	Cache Android SDK	2026-06-06T12:22:56.1515938Z /usr/bin/tar: ../../../../../usr/local/lib/android/sdk/platforms/android-36/data/res/values-mcc310-mnc210-pa: Cannot utime: Operation not permitted
build	Cache Android SDK	2026-06-06T12:22:56.1516396Z /usr/bin/tar: ../../../../../usr/local/lib/android/sdk/platforms/android-36/data/res/values-mcc310-mnc210-pa: Cannot change mode to rwxr-xr-x: Operation not permitted
build	Cache Android SDK	2026-06-06T12:22:56.1519232Z /usr/bin/tar: ../../../../../usr/local/lib/android/sdk/platforms/android-36/data/res/values-mcc310-mnc380-ro: Cannot utime: Operation not permitted
build	Cache Android SDK	2026-06-06T12:22:56.1519689Z /usr/bin/tar: ../../../../../usr/local/lib/android/sdk/platforms/android-36/data/res/values-mcc310-mnc380-ro: Cannot change mode to rwxr-xr-x: Operation not permitted
build	Cache Android SDK	2026-06-06T12:22:56.1527122Z /usr/bin/tar: ../../../../../usr/local/lib/android/sdk/platforms/android-36/data/res/values-ta: Cannot utime: Operation not permitted
build	Cache Android SDK	2026-06-06T12:22:56.1527869Z /usr/bin/tar: ../../../../../usr/local/lib/android/sdk/platforms/android-36/data/res/values-ta: Cannot change mode to rwxr-xr-x: Operation not permitted
build	Cache Android SDK	2026-06-06T12:22:56.1531156Z /usr/bin/tar: ../../../../../usr/local/lib/android/sdk/platforms/android-36/data/res/values-mcc310-mnc800-ml: Cannot utime: Operation not permitted
build	Cache Android SDK	2026-06-06T12:22:56.1531884Z /usr/bin/tar: ../../../../../usr/local/lib/android/sdk/platforms/android-36/data/res/values-mcc310-mnc800-ml: Cannot change mode to rwxr-xr-x: Operation not permitted
build	Cache Android SDK	2026-06-06T12:22:56.1533905Z /usr/bin/tar: ../../../../../usr/local/lib/android/sdk/platforms/android-36/data/res/values-mcc313-mnc100-mr: Cannot utime: Operation not permitted
build	Cache Android SDK	2026-06-06T12:22:56.1534371Z /usr/bin/tar: ../../../../../usr/local/lib/android/sdk/platforms/android-36/data/res/values-mcc313-mnc100-mr: Cannot change mode to rwxr-xr-x: Operation not permitted
build	Cache Android SDK	2026-06-06T12:22:56.1537293Z /usr/bin/tar: ../../../../../usr/local/lib/android/sdk/platforms/android-36/data/res/values-mcc302-mnc370-sw: Cannot utime: Operation not permitted
build	Cache Android SDK	2026-06-06T12:22:56.1537916Z /usr/bin/tar: ../../../../../usr/local/lib/android/sdk/platforms/android-36/data/res/values-mcc302-mnc370-sw: Cannot change mode to rwxr-xr-x: Operation not permitted
build	Cache Android SDK	2026-06-06T12:22:56.1540304Z /usr/bin/tar: ../../../../../usr/local/lib/android/sdk/platforms/android-36/data/res/values-mcc302-mnc720-en-rAU: Cannot utime: Operation not permitted
build	Cache Android SDK	2026-06-06T12:22:56.1540800Z /usr/bin/tar: ../../../../../usr/local/lib/android/sdk/platforms/android-36/data/res/values-mcc302-mnc720-en-rAU: Cannot change mode to rwxr-xr-x: Operation not permitted
build	Cache Android SDK	2026-06-06T12:22:56.1547577Z /usr/bin/tar: ../../../../../usr/local/lib/android/sdk/platforms/android-36/data/res/values-pt: Cannot utime: Operation not permitted
build	Cache Android SDK	2026-06-06T12:22:56.1548347Z /usr/bin/tar: ../../../../../usr/local/lib/android/sdk/platforms/android-36/data/res/values-pt: Cannot change mode to rwxr-xr-x: Operation not permitted
build	Cache Android SDK	2026-06-06T12:22:56.1550390Z /usr/bin/tar: ../../../../../usr/local/lib/android/sdk/platforms/android-36/data/res/values-ur-watch: Cannot utime: Operation not permitted
build	Cache Android SDK	2026-06-06T12:22:56.1550842Z /usr/bin/tar: ../../../../../usr/local/lib/android/sdk/platforms/android-36/data/res/values-ur-watch: Cannot change mode to rwxr-xr-x: Operation not permitted
build	Cache Android SDK	2026-06-06T12:22:56.1553845Z /usr/bin/tar: ../../../../../usr/local/lib/android/sdk/platforms/android-36/data/res/values-mcc310-mnc310-lt: Cannot utime: Operation not permitted
build	Cache Android SDK	2026-06-06T12:22:56.1554306Z /usr/bin/tar: ../../../../../usr/local/lib/android/sdk/platforms/android-36/data/res/values-mcc310-mnc310-lt: Cannot change mode to rwxr-xr-x: Operation not permitted
build	Cache Android SDK	2026-06-06T12:22:56.1556936Z /usr/bin/tar: ../../../../../usr/local/lib/android/sdk/platforms/android-36/data/res/values-mcc310-mnc660-kk: Cannot utime: Operation not permitted
build	Cache Android SDK	2026-06-06T12:22:56.1557526Z /usr/bin/tar: ../../../../../usr/local/lib/android/sdk/platforms/android-36/data/res/values-mcc310-mnc660-kk: Cannot change mode to rwxr-xr-x: Operation not permitted
build	Cache Android SDK	2026-06-06T12:22:56.1560195Z /usr/bin/tar: ../../../../../usr/local/lib/android/sdk/platforms/android-36/data/res/values-cs-rCZ: Cannot utime: Operation not permitted
build	Cache Android SDK	2026-06-06T12:22:56.1560626Z /usr/bin/tar: ../../../../../usr/local/lib/android/sdk/platforms/android-36/data/res/values-cs-rCZ: Cannot change mode to rwxr-xr-x: Operation not permitted
build	Cache Android SDK	2026-06-06T12:22:56.1563420Z /usr/bin/tar: ../../../../../usr/local/lib/android/sdk/platforms/android-36/data/res/values-mcc450-mnc05: Cannot utime: Operation not permitted
build	Cache Android SDK	2026-06-06T12:22:56.1563878Z /usr/bin/tar: ../../../../../usr/local/lib/android/sdk/platforms/android-36/data/res/values-mcc450-mnc05: Cannot change mode to rwxr-xr-x: Operation not permitted
build	Cache Android SDK	2026-06-06T12:22:56.1566860Z /usr/bin/tar: ../../../../../usr/local/lib/android/sdk/platforms/android-36/data/res/values-mcc313-mnc100-vi: Cannot utime: Operation not permitted
build	Cache Android SDK	2026-06-06T12:22:56.1567317Z /usr/bin/tar: ../../../../../usr/local/lib/android/sdk/platforms/android-36/data/res/values-mcc313-mnc100-vi: Cannot change mode to rwxr-xr-x: Operation not permitted
build	Cache Android SDK	2026-06-06T12:22:56.1570067Z /usr/bin/tar: ../../../../../usr/local/lib/android/sdk/platforms/android-36/data/res/values-it-television: Cannot utime: Operation not permitted
build	Cache Android SDK	2026-06-06T12:22:56.1570651Z /usr/bin/tar: ../../../../../usr/local/lib/android/sdk/platforms/android-36/data/res/values-it-television: Cannot change mode to rwxr-xr-x: Operation not permitted
build	Cache Android SDK	2026-06-06T12:22:56.1573289Z /usr/bin/tar: ../../../../../usr/local/lib/android/sdk/platforms/android-36/data/res/values-mcc310-mnc950-as: Cannot utime: Operation not permitted
build	Cache Android SDK	2026-06-06T12:22:56.1573744Z /usr/bin/tar: ../../../../../usr/local/lib/android/sdk/platforms/android-36/data/res/values-mcc310-mnc950-as: Cannot change mode to rwxr-xr-x: Operation not permitted
build	Cache Android SDK	2026-06-06T12:22:56.1576373Z /usr/bin/tar: ../../../../../usr/local/lib/android/sdk/platforms/android-36/data/res/values-mcc302-mnc370-lt: Cannot utime: Operation not permitted
build	Cache Android SDK	2026-06-06T12:22:56.1576827Z /usr/bin/tar: ../../../../../usr/local/lib/android/sdk/platforms/android-36/data/res/values-mcc302-mnc370-lt: Cannot change mode to rwxr-xr-x: Operation not permitted
build	Cache Android SDK	2026-06-06T12:22:56.1579963Z /usr/bin/tar: ../../../../../usr/local/lib/android/sdk/platforms/android-36/data/res/values-mcc310-mnc230-ky: Cannot utime: Operation not permitted
build	Cache Android SDK	2026-06-06T12:22:56.1580423Z /usr/bin/tar: ../../../../../usr/local/lib/android/sdk/platforms/android-36/data/res/values-mcc310-mnc230-ky: Cannot change mode to rwxr-xr-x: Operation not permitted
build	Cache Android SDK	2026-06-06T12:22:56.1583144Z /usr/bin/tar: ../../../../../usr/local/lib/android/sdk/platforms/android-36/data/res/values-mcc310-mnc210-sw: Cannot utime: Operation not permitted
build	Cache Android SDK	2026-06-06T12:22:56.1583598Z /usr/bin/tar: ../../../../../usr/local/lib/android/sdk/platforms/android-36/data/res/values-mcc310-mnc210-sw: Cannot change mode to rwxr-xr-x: Operation not permitted
build	Cache Android SDK	2026-06-06T12:22:56.1586673Z /usr/bin/tar: ../../../../../usr/local/lib/android/sdk/platforms/android-36/data/res/values-mcc310-mnc490-hr: Cannot utime: Operation not permitted
build	Cache Android SDK	2026-06-06T12:22:56.1587136Z /usr/bin/tar: ../../../../../usr/local/lib/android/sdk/platforms/android-36/data/res/values-mcc310-mnc490-hr: Cannot change mode to rwxr-xr-x: Operation not permitted
build	Cache Android SDK	2026-06-06T12:22:56.1590180Z /usr/bin/tar: ../../../../../usr/local/lib/android/sdk/platforms/android-36/data/res/values-mcc310-mnc410-az: Cannot utime: Operation not permitted
build	Cache Android SDK	2026-06-06T12:22:56.1590639Z /usr/bin/tar: ../../../../../usr/local/lib/android/sdk/platforms/android-36/data/res/values-mcc310-mnc410-az: Cannot change mode to rwxr-xr-x: Operation not permitted
build	Cache Android SDK	2026-06-06T12:22:56.1593407Z /usr/bin/tar: ../../../../../usr/local/lib/android/sdk/platforms/android-36/data/res/values-mcc310-mnc380-kn: Cannot utime: Operation not permitted
build	Cache Android SDK	2026-06-06T12:22:56.1593848Z /usr/bin/tar: ../../../../../usr/local/lib/android/sdk/platforms/android-36/data/res/values-mcc310-mnc380-kn: Cannot change mode to rwxr-xr-x: Operation not permitted
build	Cache Android SDK	2026-06-06T12:22:56.1596649Z /usr/bin/tar: ../../../../../usr/local/lib/android/sdk/platforms/android-36/data/res/values-mcc310-mnc150-mn: Cannot utime: Operation not permitted
build	Cache Android SDK	2026-06-06T12:22:56.1597107Z /usr/bin/tar: ../../../../../usr/local/lib/android/sdk/platforms/android-36/data/res/values-mcc310-mnc150-mn: Cannot change mode to rwxr-xr-x: Operation not permitted
build	Cache Android SDK	2026-06-06T12:22:56.1599793Z /usr/bin/tar: ../../../../../usr/local/lib/android/sdk/platforms/android-36/data/res/values-mcc310-mnc150-mr: Cannot utime: Operation not permitted
build	Cache Android SDK	2026-06-06T12:22:56.1600245Z /usr/bin/tar: ../../../../../usr/local/lib/android/sdk/platforms/android-36/data/res/values-mcc310-mnc150-mr: Cannot change mode to rwxr-xr-x: Operation not permitted
build	Cache Android SDK	2026-06-06T12:22:56.1602973Z /usr/bin/tar: ../../../../../usr/local/lib/android/sdk/platforms/android-36/data/res/values-mcc310-mnc220-ca: Cannot utime: Operation not permitted
build	Cache Android SDK	2026-06-06T12:22:56.1603421Z /usr/bin/tar: ../../../../../usr/local/lib/android/sdk/platforms/android-36/data/res/values-mcc310-mnc220-ca: Cannot change mode to rwxr-xr-x: Operation not permitted
build	Cache Android SDK	2026-06-06T12:22:56.1606518Z /usr/bin/tar: ../../../../../usr/local/lib/android/sdk/platforms/android-36/data/res/values-mcc310-mnc490-hu: Cannot utime: Operation not permitted
build	Cache Android SDK	2026-06-06T12:22:56.1607077Z /usr/bin/tar: ../../../../../usr/local/lib/android/sdk/platforms/android-36/data/res/values-mcc310-mnc490-hu: Cannot change mode to rwxr-xr-x: Operation not permitted
build	Cache Android SDK	2026-06-06T12:22:56.1609532Z /usr/bin/tar: ../../../../../usr/local/lib/android/sdk/platforms/android-36/data/res/values-mcc310-mnc310-it: Cannot utime: Operation not permitted
build	Cache Android SDK	2026-06-06T12:22:56.1609977Z /usr/bin/tar: ../../../../../usr/local/lib/android/sdk/platforms/android-36/data/res/values-mcc310-mnc310-it: Cannot change mode to rwxr-xr-x: Operation not permitted
build	Cache Android SDK	2026-06-06T12:22:56.1612875Z /usr/bin/tar: ../../../../../usr/local/lib/android/sdk/platforms/android-36/data/res/values-mcc310-mnc220-zh-rCN: Cannot utime: Operation not permitted
build	Cache Android SDK	2026-06-06T12:22:56.1613340Z /usr/bin/tar: ../../../../../usr/local/lib/android/sdk/platforms/android-36/data/res/values-mcc310-mnc220-zh-rCN: Cannot change mode to rwxr-xr-x: Operation not permitted
build	Cache Android SDK	2026-06-06T12:22:56.1615932Z /usr/bin/tar: ../../../../../usr/local/lib/android/sdk/platforms/android-36/data/res/values-mcc311-mnc180-ro: Cannot utime: Operation not permitted
build	Cache Android SDK	2026-06-06T12:22:56.1616383Z /usr/bin/tar: ../../../../../usr/local/lib/android/sdk/platforms/android-36/data/res/values-mcc311-mnc180-ro: Cannot change mode to rwxr-xr-x: Operation not permitted
build	Cache Android SDK	2026-06-06T12:22:56.1619460Z /usr/bin/tar: ../../../../../usr/local/lib/android/sdk/platforms/android-36/data/res/values-es-rMX: Cannot utime: Operation not permitted
build	Cache Android SDK	2026-06-06T12:22:56.1619887Z /usr/bin/tar: ../../../../../usr/local/lib/android/sdk/platforms/android-36/data/res/values-es-rMX: Cannot change mode to rwxr-xr-x: Operation not permitted
build	Cache Android SDK	2026-06-06T12:22:56.1627093Z /usr/bin/tar: ../../../../../usr/local/lib/android/sdk/platforms/android-36/data/res/values-hy: Cannot utime: Operation not permitted
build	Cache Android SDK	2026-06-06T12:22:56.1627722Z /usr/bin/tar: ../../../../../usr/local/lib/android/sdk/platforms/android-36/data/res/values-hy: Cannot change mode to rwxr-xr-x: Operation not permitted
build	Cache Android SDK	2026-06-06T12:22:56.1630359Z /usr/bin/tar: ../../../../../usr/local/lib/android/sdk/platforms/android-36/data/res/values-mcc310-mnc950-en-rAU: Cannot utime: Operation not permitted
build	Cache Android SDK	2026-06-06T12:22:56.1630913Z /usr/bin/tar: ../../../../../usr/local/lib/android/sdk/platforms/android-36/data/res/values-mcc310-mnc950-en-rAU: Cannot change mode to rwxr-xr-x: Operation not permitted
build	Cache Android SDK	2026-06-06T12:22:56.1633198Z /usr/bin/tar: ../../../../../usr/local/lib/android/sdk/platforms/android-36/data/res/values-mcc302-mnc370-it: Cannot utime: Operation not permitted
build	Cache Android SDK	2026-06-06T12:22:56.1633679Z /usr/bin/tar: ../../../../../usr/local/lib/android/sdk/platforms/android-36/data/res/values-mcc302-mnc370-it: Cannot change mode to rwxr-xr-x: Operation not permitted
build	Cache Android SDK	2026-06-06T12:22:56.1637089Z /usr/bin/tar: ../../../../../usr/local/lib/android/sdk/platforms/android-36/data/res/values-sw720dp: Cannot utime: Operation not permitted
build	Cache Android SDK	2026-06-06T12:22:56.1637721Z /usr/bin/tar: ../../../../../usr/local/lib/android/sdk/platforms/android-36/data/res/values-sw720dp: Cannot change mode to rwxr-xr-x: Operation not permitted
build	Cache Android SDK	2026-06-06T12:22:56.1639637Z /usr/bin/tar: ../../../../../usr/local/lib/android/sdk/platforms/android-36/data/res/layout-notround-watch: Cannot utime: Operation not permitted
build	Cache Android SDK	2026-06-06T12:22:56.1640104Z /usr/bin/tar: ../../../../../usr/local/lib/android/sdk/platforms/android-36/data/res/layout-notround-watch: Cannot change mode to rwxr-xr-x: Operation not permitted
build	Cache Android SDK	2026-06-06T12:22:56.1643134Z /usr/bin/tar: ../../../../../usr/local/lib/android/sdk/platforms/android-36/data/res/values-mcc310-mnc220-af: Cannot utime: Operation not permitted
build	Cache Android SDK	2026-06-06T12:22:56.1643606Z /usr/bin/tar: ../../../../../usr/local/lib/android/sdk/platforms/android-36/data/res/values-mcc310-mnc220-af: Cannot change mode to rwxr-xr-x: Operation not permitted
build	Cache Android SDK	2026-06-06T12:22:56.1645992Z /usr/bin/tar: ../../../../../usr/local/lib/android/sdk/platforms/android-36/data/res/values-mcc310-mnc270-cs: Cannot utime: Operation not permitted
build	Cache Android SDK	2026-06-06T12:22:56.1646567Z /usr/bin/tar: ../../../../../usr/local/lib/android/sdk/platforms/android-36/data/res/values-mcc310-mnc270-cs: Cannot change mode to rwxr-xr-x: Operation not permitted
build	Cache Android SDK	2026-06-06T12:22:56.1649382Z /usr/bin/tar: ../../../../../usr/local/lib/android/sdk/platforms/android-36/data/res/values-mcc310-mnc490-kn: Cannot utime: Operation not permitted
build	Cache Android SDK	2026-06-06T12:22:56.1649858Z /usr/bin/tar: ../../../../../usr/local/lib/android/sdk/platforms/android-36/data/res/values-mcc310-mnc490-kn: Cannot change mode to rwxr-xr-x: Operation not permitted
build	Cache Android SDK	2026-06-06T12:22:56.1652592Z /usr/bin/tar: ../../../../../usr/local/lib/android/sdk/platforms/android-36/data/res/values-mcc310-mnc660-pl: Cannot utime: Operation not permitted
build	Cache Android SDK	2026-06-06T12:22:56.1653054Z /usr/bin/tar: ../../../../../usr/local/lib/android/sdk/platforms/android-36/data/res/values-mcc310-mnc660-pl: Cannot change mode to rwxr-xr-x: Operation not permitted
build	Cache Android SDK	2026-06-06T12:22:56.1655873Z /usr/bin/tar: ../../../../../usr/local/lib/android/sdk/platforms/android-36/data/res/values-mcc312-mnc670-te: Cannot utime: Operation not permitted
build	Cache Android SDK	2026-06-06T12:22:56.1656340Z /usr/bin/tar: ../../../../../usr/local/lib/android/sdk/platforms/android-36/data/res/values-mcc312-mnc670-te: Cannot change mode to rwxr-xr-x: Operation not permitted
build	Cache Android SDK	2026-06-06T12:22:56.1658820Z /usr/bin/tar: ../../../../../usr/local/lib/android/sdk/platforms/android-36/data/res/values-mcc310-mnc160-hr: Cannot utime: Operation not permitted
build	Cache Android SDK	2026-06-06T12:22:56.1659268Z /usr/bin/tar: ../../../../../usr/local/lib/android/sdk/platforms/android-36/data/res/values-mcc310-mnc160-hr: Cannot change mode to rwxr-xr-x: Operation not permitted
build	Cache Android SDK	2026-06-06T12:22:56.1662211Z /usr/bin/tar: ../../../../../usr/local/lib/android/sdk/platforms/android-36/data/res/values-mcc310-mnc800-af: Cannot utime: Operation not permitted
build	Cache Android SDK	2026-06-06T12:22:56.1662673Z /usr/bin/tar: ../../../../../usr/local/lib/android/sdk/platforms/android-36/data/res/values-mcc310-mnc800-af: Cannot change mode to rwxr-xr-x: Operation not permitted
build	Cache Android SDK	2026-06-06T12:22:56.1665031Z /usr/bin/tar: ../../../../../usr/local/lib/android/sdk/platforms/android-36/data/res/values-mcc310-mnc310-nl: Cannot utime: Operation not permitted
build	Cache Android SDK	2026-06-06T12:22:56.1665502Z /usr/bin/tar: ../../../../../usr/local/lib/android/sdk/platforms/android-36/data/res/values-mcc310-mnc310-nl: Cannot change mode to rwxr-xr-x: Operation not permitted
build	Cache Android SDK	2026-06-06T12:22:56.1668066Z /usr/bin/tar: ../../../../../usr/local/lib/android/sdk/platforms/android-36/data/res/values-sv-rSE: Cannot utime: Operation not permitted
build	Cache Android SDK	2026-06-06T12:22:56.1668493Z /usr/bin/tar: ../../../../../usr/local/lib/android/sdk/platforms/android-36/data/res/values-sv-rSE: Cannot change mode to rwxr-xr-x: Operation not permitted
build	Cache Android SDK	2026-06-06T12:22:56.1671469Z /usr/bin/tar: ../../../../../usr/local/lib/android/sdk/platforms/android-36/data/res/values-mcc310-mnc170-hu: Cannot utime: Operation not permitted
build	Cache Android SDK	2026-06-06T12:22:56.1671932Z /usr/bin/tar: ../../../../../usr/local/lib/android/sdk/platforms/android-36/data/res/values-mcc310-mnc170-hu: Cannot change mode to rwxr-xr-x: Operation not permitted
build	Cache Android SDK	2026-06-06T12:22:56.1674522Z /usr/bin/tar: ../../../../../usr/local/lib/android/sdk/platforms/android-36/data/res/values-mcc302-mnc720-tl: Cannot utime: Operation not permitted
build	Cache Android SDK	2026-06-06T12:22:56.1674992Z /usr/bin/tar: ../../../../../usr/local/lib/android/sdk/platforms/android-36/data/res/values-mcc302-mnc720-tl: Cannot change mode to rwxr-xr-x: Operation not permitted
build	Cache Android SDK	2026-06-06T12:22:56.1677786Z /usr/bin/tar: ../../../../../usr/local/lib/android/sdk/platforms/android-36/data/res/values-mcc001-mnc01-nb: Cannot utime: Operation not permitted
build	Cache Android SDK	2026-06-06T12:22:56.1678254Z /usr/bin/tar: ../../../../../usr/local/lib/android/sdk/platforms/android-36/data/res/values-mcc001-mnc01-nb: Cannot change mode to rwxr-xr-x: Operation not permitted
build	Cache Android SDK	2026-06-06T12:22:56.1681673Z /usr/bin/tar: ../../../../../usr/local/lib/android/sdk/platforms/android-36/data/res/values-mcc310-mnc150-tr: Cannot utime: Operation not permitted
build	Cache Android SDK	2026-06-06T12:22:56.1682231Z /usr/bin/tar: ../../../../../usr/local/lib/android/sdk/platforms/android-36/data/res/values-mcc310-mnc150-tr: Cannot change mode to rwxr-xr-x: Operation not permitted
build	Cache Android SDK	2026-06-06T12:22:56.1684694Z /usr/bin/tar: ../../../../../usr/local/lib/android/sdk/platforms/android-36/data/res/values-mcc310-mnc160-da: Cannot utime: Operation not permitted
build	Cache Android SDK	2026-06-06T12:22:56.1685169Z /usr/bin/tar: ../../../../../usr/local/lib/android/sdk/platforms/android-36/data/res/values-mcc310-mnc160-da: Cannot change mode to rwxr-xr-x: Operation not permitted
build	Cache Android SDK	2026-06-06T12:22:56.1688722Z /usr/bin/tar: ../../../../../usr/local/lib/android/sdk/platforms/android-36/data/res/values-mcc310-mnc240-lo: Cannot utime: Operation not permitted
build	Cache Android SDK	2026-06-06T12:22:56.1689194Z /usr/bin/tar: ../../../../../usr/local/lib/android/sdk/platforms/android-36/data/res/values-mcc310-mnc240-lo: Cannot change mode to rwxr-xr-x: Operation not permitted
build	Cache Android SDK	2026-06-06T12:22:56.1691787Z /usr/bin/tar: ../../../../../usr/local/lib/android/sdk/platforms/android-36/data/res/values-mcc310-mnc250-eu: Cannot utime: Operation not permitted
build	Cache Android SDK	2026-06-06T12:22:56.1692257Z /usr/bin/tar: ../../../../../usr/local/lib/android/sdk/platforms/android-36/data/res/values-mcc310-mnc250-eu: Cannot change mode to rwxr-xr-x: Operation not permitted
build	Cache Android SDK	2026-06-06T12:22:56.1694911Z /usr/bin/tar: ../../../../../usr/local/lib/android/sdk/platforms/android-36/data/res/raw-hu: Cannot utime: Operation not permitted
build	Cache Android SDK	2026-06-06T12:22:56.1695320Z /usr/bin/tar: ../../../../../usr/local/lib/android/sdk/platforms/android-36/data/res/raw-hu: Cannot change mode to rwxr-xr-x: Operation not permitted
build	Cache Android SDK	2026-06-06T12:22:56.1698465Z /usr/bin/tar: ../../../../../usr/local/lib/android/sdk/platforms/android-36/data/res/values-mcc302-mnc370-nb: Cannot utime: Operation not permitted
build	Cache Android SDK	2026-06-06T12:22:56.1699389Z /usr/bin/tar: ../../../../../usr/local/lib/android/sdk/platforms/android-36/data/res/values-mcc302-mnc370-nb: Cannot change mode to rwxr-xr-x: Operation not permitted
build	Cache Android SDK	2026-06-06T12:22:56.1702174Z /usr/bin/tar: ../../../../../usr/local/lib/android/sdk/platforms/android-36/data/res/values-pt-rBR-watch: Cannot utime: Operation not permitted
build	Cache Android SDK	2026-06-06T12:22:56.1702766Z /usr/bin/tar: ../../../../../usr/local/lib/android/sdk/platforms/android-36/data/res/values-pt-rBR-watch: Cannot change mode to rwxr-xr-x: Operation not permitted
build	Cache Android SDK	2026-06-06T12:22:56.1707999Z /usr/bin/tar: ../../../../../usr/local/lib/android/sdk/platforms/android-36/data/res/values-mcc310-mnc150-pt-rBR: Cannot utime: Operation not permitted
build	Cache Android SDK	2026-06-06T12:22:56.1709039Z /usr/bin/tar: ../../../../../usr/local/lib/android/sdk/platforms/android-36/data/res/values-mcc310-mnc150-pt-rBR: Cannot change mode to rwxr-xr-x: Operation not permitted
build	Cache Android SDK	2026-06-06T12:22:56.1710546Z /usr/bin/tar: ../../../../../usr/local/lib/android/sdk/platforms/android-36/data/res/values-mcc310-mnc660-b+sr+Latn: Cannot utime: Operation not permitted
build	Cache Android SDK	2026-06-06T12:22:56.1711064Z /usr/bin/tar: ../../../../../usr/local/lib/android/sdk/platforms/android-36/data/res/values-mcc310-mnc660-b+sr+Latn: Cannot change mode to rwxr-xr-x: Operation not permitted
build	Cache Android SDK	2026-06-06T12:22:56.1730785Z /usr/bin/tar: ../../../../../usr/local/lib/android/sdk/platforms/android-36/data/res/interpolator: Cannot utime: Operation not permitted
build	Cache Android SDK	2026-06-06T12:22:56.1731287Z /usr/bin/tar: ../../../../../usr/local/lib/android/sdk/platforms/android-36/data/res/interpolator: Cannot change mode to rwxr-xr-x: Operation not permitted
build	Cache Android SDK	2026-06-06T12:22:56.1733454Z /usr/bin/tar: ../../../../../usr/local/lib/android/sdk/platforms/android-36/data/res/values-mcc310-mnc030-ar: Cannot utime: Operation not permitted
build	Cache Android SDK	2026-06-06T12:22:56.1733941Z /usr/bin/tar: ../../../../../usr/local/lib/android/sdk/platforms/android-36/data/res/values-mcc310-mnc030-ar: Cannot change mode to rwxr-xr-x: Operation not permitted
build	Cache Android SDK	2026-06-06T12:22:56.1736583Z /usr/bin/tar: ../../../../../usr/local/lib/android/sdk/platforms/android-36/data/res/values-es-rUS-watch: Cannot utime: Operation not permitted
build	Cache Android SDK	2026-06-06T12:22:56.1737296Z /usr/bin/tar: ../../../../../usr/local/lib/android/sdk/platforms/android-36/data/res/values-es-rUS-watch: Cannot change mode to rwxr-xr-x: Operation not permitted
build	Cache Android SDK	2026-06-06T12:22:56.1739587Z /usr/bin/tar: ../../../../../usr/local/lib/android/sdk/platforms/android-36/data/res/values-gl-television: Cannot utime: Operation not permitted
build	Cache Android SDK	2026-06-06T12:22:56.1740072Z /usr/bin/tar: ../../../../../usr/local/lib/android/sdk/platforms/android-36/data/res/values-gl-television: Cannot change mode to rwxr-xr-x: Operation not permitted
build	Cache Android SDK	2026-06-06T12:22:56.1742530Z /usr/bin/tar: ../../../../../usr/local/lib/android/sdk/platforms/android-36/data/res/values-w227dp: Cannot utime: Operation not permitted
build	Cache Android SDK	2026-06-06T12:22:56.1743073Z /usr/bin/tar: ../../../../../usr/local/lib/android/sdk/platforms/android-36/data/res/values-w227dp: Cannot change mode to rwxr-xr-x: Operation not permitted
build	Cache Android SDK	2026-06-06T12:22:56.1745691Z /usr/bin/tar: ../../../../../usr/local/lib/android/sdk/platforms/android-36/data/res/values-mcc310-mnc160-in: Cannot utime: Operation not permitted
build	Cache Android SDK	2026-06-06T12:22:56.1746295Z /usr/bin/tar: ../../../../../usr/local/lib/android/sdk/platforms/android-36/data/res/values-mcc310-mnc160-in: Cannot change mode to rwxr-xr-x: Operation not permitted
build	Cache Android SDK	2026-06-06T12:22:56.1749470Z /usr/bin/tar: ../../../../../usr/local/lib/android/sdk/platforms/android-36/data/res/values-mcc310-mnc280-lt: Cannot utime: Operation not permitted
build	Cache Android SDK	2026-06-06T12:22:56.1750047Z /usr/bin/tar: ../../../../../usr/local/lib/android/sdk/platforms/android-36/data/res/values-mcc310-mnc280-lt: Cannot change mode to rwxr-xr-x: Operation not permitted
build	Cache Android SDK	2026-06-06T12:22:56.1753138Z /usr/bin/tar: ../../../../../usr/local/lib/android/sdk/platforms/android-36/data/res/values-mcc310-mnc230-fr-rCA: Cannot utime: Operation not permitted
build	Cache Android SDK	2026-06-06T12:22:56.1753757Z /usr/bin/tar: ../../../../../usr/local/lib/android/sdk/platforms/android-36/data/res/values-mcc310-mnc230-fr-rCA: Cannot change mode to rwxr-xr-x: Operation not permitted
build	Cache Android SDK	2026-06-06T12:22:56.1756559Z /usr/bin/tar: ../../../../../usr/local/lib/android/sdk/platforms/android-36/data/res/values-mcc310-mnc170-ar: Cannot utime: Operation not permitted
build	Cache Android SDK	2026-06-06T12:22:56.1757143Z /usr/bin/tar: ../../../../../usr/local/lib/android/sdk/platforms/android-36/data/res/values-mcc310-mnc170-ar: Cannot change mode to rwxr-xr-x: Operation not permitted
build	Cache Android SDK	2026-06-06T12:22:56.1764376Z /usr/bin/tar: ../../../../../usr/local/lib/android/sdk/platforms/android-36/data/res/values-sl: Cannot utime: Operation not permitted
build	Cache Android SDK	2026-06-06T12:22:56.1765211Z /usr/bin/tar: ../../../../../usr/local/lib/android/sdk/platforms/android-36/data/res/values-sl: Cannot change mode to rwxr-xr-x: Operation not permitted
build	Cache Android SDK	2026-06-06T12:22:56.1767578Z /usr/bin/tar: ../../../../../usr/local/lib/android/sdk/platforms/android-36/data/res/values-mcc310-mnc030-da: Cannot utime: Operation not permitted
build	Cache Android SDK	2026-06-06T12:22:56.1768198Z /usr/bin/tar: ../../../../../usr/local/lib/android/sdk/platforms/android-36/data/res/values-mcc310-mnc030-da: Cannot change mode to rwxr-xr-x: Operation not permitted
build	Cache Android SDK	2026-06-06T12:22:56.1770445Z /usr/bin/tar: ../../../../../usr/local/lib/android/sdk/platforms/android-36/data/res/values-mcc510-mnc08: Cannot utime: Operation not permitted
build	Cache Android SDK	2026-06-06T12:22:56.1770978Z /usr/bin/tar: ../../../../../usr/local/lib/android/sdk/platforms/android-36/data/res/values-mcc510-mnc08: Cannot change mode to rwxr-xr-x: Operation not permitted
build	Cache Android SDK	2026-06-06T12:22:56.1773172Z /usr/bin/tar: ../../../../../usr/local/lib/android/sdk/platforms/android-36/data/res/values-fa-rIR: Cannot utime: Operation not permitted
build	Cache Android SDK	2026-06-06T12:22:56.1773605Z /usr/bin/tar: ../../../../../usr/local/lib/android/sdk/platforms/android-36/data/res/values-fa-rIR: Cannot change mode to rwxr-xr-x: Operation not permitted
build	Cache Android SDK	2026-06-06T12:22:56.1776569Z /usr/bin/tar: ../../../../../usr/local/lib/android/sdk/platforms/android-36/data/res/values-en-rZA: Cannot utime: Operation not permitted
build	Cache Android SDK	2026-06-06T12:22:56.1777015Z /usr/bin/tar: ../../../../../usr/local/lib/android/sdk/platforms/android-36/data/res/values-en-rZA: Cannot change mode to rwxr-xr-x: Operation not permitted
build	Cache Android SDK	2026-06-06T12:22:56.1779567Z /usr/bin/tar: ../../../../../usr/local/lib/android/sdk/platforms/android-36/data/res/values-mcc310-mnc310-en-rGB: Cannot utime: Operation not permitted
build	Cache Android SDK	2026-06-06T12:22:56.1780307Z /usr/bin/tar: ../../../../../usr/local/lib/android/sdk/platforms/android-36/data/res/values-mcc310-mnc310-en-rGB: Cannot change mode to rwxr-xr-x: Operation not permitted
build	Cache Android SDK	2026-06-06T12:22:56.1782083Z /usr/bin/tar: ../../../../../usr/local/lib/android/sdk/platforms/android-36/data/res/values-mcc310-mnc270-tr: Cannot utime: Operation not permitted
build	Cache Android SDK	2026-06-06T12:22:56.1782565Z /usr/bin/tar: ../../../../../usr/local/lib/android/sdk/platforms/android-36/data/res/values-mcc310-mnc270-tr: Cannot change mode to rwxr-xr-x: Operation not permitted
build	Cache Android SDK	2026-06-06T12:22:56.1785197Z /usr/bin/tar: ../../../../../usr/local/lib/android/sdk/platforms/android-36/data/res/values-mcc312-mnc670-vi: Cannot utime: Operation not permitted
build	Cache Android SDK	2026-06-06T12:22:56.1785852Z /usr/bin/tar: ../../../../../usr/local/lib/android/sdk/platforms/android-36/data/res/values-mcc312-mnc670-vi: Cannot change mode to rwxr-xr-x: Operation not permitted
build	Cache Android SDK	2026-06-06T12:22:56.1788233Z /usr/bin/tar: ../../../../../usr/local/lib/android/sdk/platforms/android-36/data/res/values-mcc310-mnc200-tl: Cannot utime: Operation not permitted
build	Cache Android SDK	2026-06-06T12:22:56.1788809Z /usr/bin/tar: ../../../../../usr/local/lib/android/sdk/platforms/android-36/data/res/values-mcc310-mnc200-tl: Cannot change mode to rwxr-xr-x: Operation not permitted
build	Cache Android SDK	2026-06-06T12:22:56.1791246Z /usr/bin/tar: ../../../../../usr/local/lib/android/sdk/platforms/android-36/data/res/values-mcc311-mnc180-az: Cannot utime: Operation not permitted
build	Cache Android SDK	2026-06-06T12:22:56.1791719Z /usr/bin/tar: ../../../../../usr/local/lib/android/sdk/platforms/android-36/data/res/values-mcc311-mnc180-az: Cannot change mode to rwxr-xr-x: Operation not permitted
build	Cache Android SDK	2026-06-06T12:22:56.1794417Z /usr/bin/tar: ../../../../../usr/local/lib/android/sdk/platforms/android-36/data/res/values-mcc310-mnc800-ky: Cannot utime: Operation not permitted
build	Cache Android SDK	2026-06-06T12:22:56.1794960Z /usr/bin/tar: ../../../../../usr/local/lib/android/sdk/platforms/android-36/data/res/values-mcc310-mnc800-ky: Cannot change mode to rwxr-xr-x: Operation not permitted
build	Cache Android SDK	2026-06-06T12:22:56.1797196Z /usr/bin/tar: ../../../../../usr/local/lib/android/sdk/platforms/android-36/data/res/values-mcc310-mnc170-da: Cannot utime: Operation not permitted
build	Cache Android SDK	2026-06-06T12:22:56.1797993Z /usr/bin/tar: ../../../../../usr/local/lib/android/sdk/platforms/android-36/data/res/values-mcc310-mnc170-da: Cannot change mode to rwxr-xr-x: Operation not permitted
build	Cache Android SDK	2026-06-06T12:22:56.1800413Z /usr/bin/tar: ../../../../../usr/local/lib/android/sdk/platforms/android-36/data/res/values-mcc310-mnc280-hu: Cannot utime: Operation not permitted
build	Cache Android SDK	2026-06-06T12:22:56.1800932Z /usr/bin/tar: ../../../../../usr/local/lib/android/sdk/platforms/android-36/data/res/values-mcc310-mnc280-hu: Cannot change mode to rwxr-xr-x: Operation not permitted
build	Cache Android SDK	2026-06-06T12:22:56.1803205Z /usr/bin/tar: ../../../../../usr/local/lib/android/sdk/platforms/android-36/data/res/values-es-rHN: Cannot utime: Operation not permitted
build	Cache Android SDK	2026-06-06T12:22:56.1803674Z /usr/bin/tar: ../../../../../usr/local/lib/android/sdk/platforms/android-36/data/res/values-es-rHN: Cannot change mode to rwxr-xr-x: Operation not permitted
build	Cache Android SDK	2026-06-06T12:22:56.1805940Z /usr/bin/tar: ../../../../../usr/local/lib/android/sdk/platforms/android-36/data/res/values-mcc310-mnc200-en-rIN: Cannot utime: Operation not permitted
build	Cache Android SDK	2026-06-06T12:22:56.1806431Z /usr/bin/tar: ../../../../../usr/local/lib/android/sdk/platforms/android-36/data/res/values-mcc310-mnc200-en-rIN: Cannot change mode to rwxr-xr-x: Operation not permitted
build	Cache Android SDK	2026-06-06T12:22:56.1809417Z /usr/bin/tar: ../../../../../usr/local/lib/android/sdk/platforms/android-36/data/res/values-mcc310-mnc280-ko: Cannot utime: Operation not permitted
build	Cache Android SDK	2026-06-06T12:22:56.1809934Z /usr/bin/tar: ../../../../../usr/local/lib/android/sdk/platforms/android-36/data/res/values-mcc310-mnc280-ko: Cannot change mode to rwxr-xr-x: Operation not permitted
build	Cache Android SDK	2026-06-06T12:22:56.1812274Z /usr/bin/tar: ../../../../../usr/local/lib/android/sdk/platforms/android-36/data/res/values-mcc310-mnc490-en-rIN: Cannot utime: Operation not permitted
build	Cache Android SDK	2026-06-06T12:22:56.1812856Z /usr/bin/tar: ../../../../../usr/local/lib/android/sdk/platforms/android-36/data/res/values-mcc310-mnc490-en-rIN: Cannot change mode to rwxr-xr-x: Operation not permitted
build	Cache Android SDK	2026-06-06T12:22:56.1815447Z /usr/bin/tar: ../../../../../usr/local/lib/android/sdk/platforms/android-36/data/res/values-mcc310-mnc160-hy: Cannot utime: Operation not permitted
build	Cache Android SDK	2026-06-06T12:22:56.1815928Z /usr/bin/tar: ../../../../../usr/local/lib/android/sdk/platforms/android-36/data/res/values-mcc310-mnc160-hy: Cannot change mode to rwxr-xr-x: Operation not permitted
build	Cache Android SDK	2026-06-06T12:22:56.1818684Z /usr/bin/tar: ../../../../../usr/local/lib/android/sdk/platforms/android-36/data/res/values-mcc310-mnc200-af: Cannot utime: Operation not permitted
build	Cache Android SDK	2026-06-06T12:22:56.1819243Z /usr/bin/tar: ../../../../../usr/local/lib/android/sdk/platforms/android-36/data/res/values-mcc310-mnc200-af: Cannot change mode to rwxr-xr-x: Operation not permitted
build	Cache Android SDK	2026-06-06T12:22:56.1821921Z /usr/bin/tar: ../../../../../usr/local/lib/android/sdk/platforms/android-36/data/res/values-mcc313-mnc100-ms: Cannot utime: Operation not permitted
build	Cache Android SDK	2026-06-06T12:22:56.1822472Z /usr/bin/tar: ../../../../../usr/local/lib/android/sdk/platforms/android-36/data/res/values-mcc313-mnc100-ms: Cannot change mode to rwxr-xr-x: Operation not permitted
build	Cache Android SDK	2026-06-06T12:22:56.1824872Z /usr/bin/tar: ../../../../../usr/local/lib/android/sdk/platforms/android-36/data/res/values-mcc302-mnc370-pl: Cannot utime: Operation not permitted
build	Cache Android SDK	2026-06-06T12:22:56.1825331Z /usr/bin/tar: ../../../../../usr/local/lib/android/sdk/platforms/android-36/data/res/values-mcc302-mnc370-pl: Cannot change mode to rwxr-xr-x: Operation not permitted
build	Cache Android SDK	2026-06-06T12:22:56.1828174Z /usr/bin/tar: ../../../../../usr/local/lib/android/sdk/platforms/android-36/data/res/values-mcc310-mnc150-bn: Cannot utime: Operation not permitted
build	Cache Android SDK	2026-06-06T12:22:56.1828637Z /usr/bin/tar: ../../../../../usr/local/lib/android/sdk/platforms/android-36/data/res/values-mcc310-mnc150-bn: Cannot change mode to rwxr-xr-x: Operation not permitted
build	Cache Android SDK	2026-06-06T12:22:56.1831680Z /usr/bin/tar: ../../../../../usr/local/lib/android/sdk/platforms/android-36/data/res/values-mcc312-mnc670-iw: Cannot utime: Operation not permitted
build	Cache Android SDK	2026-06-06T12:22:56.1832139Z /usr/bin/tar: ../../../../../usr/local/lib/android/sdk/platforms/android-36/data/res/values-mcc312-mnc670-iw: Cannot change mode to rwxr-xr-x: Operation not permitted
build	Cache Android SDK	2026-06-06T12:22:56.1834947Z /usr/bin/tar: ../../../../../usr/local/lib/android/sdk/platforms/android-36/data/res/values-mcc310-mnc310-sw: Cannot utime: Operation not permitted
build	Cache Android SDK	2026-06-06T12:22:56.1835399Z /usr/bin/tar: ../../../../../usr/local/lib/android/sdk/platforms/android-36/data/res/values-mcc310-mnc310-sw: Cannot change mode to rwxr-xr-x: Operation not permitted
build	Cache Android SDK	2026-06-06T12:22:56.1839188Z /usr/bin/tar: ../../../../../usr/local/lib/android/sdk/platforms/android-36/data/res/values-mcc312-mnc670-zu: Cannot utime: Operation not permitted
build	Cache Android SDK	2026-06-06T12:22:56.1839665Z /usr/bin/tar: ../../../../../usr/local/lib/android/sdk/platforms/android-36/data/res/values-mcc312-mnc670-zu: Cannot change mode to rwxr-xr-x: Operation not permitted
build	Cache Android SDK	2026-06-06T12:22:56.1842923Z /usr/bin/tar: ../../../../../usr/local/lib/android/sdk/platforms/android-36/data/res/values-mcc310-mnc230-uz: Cannot utime: Operation not permitted
build	Cache Android SDK	2026-06-06T12:22:56.1843379Z /usr/bin/tar: ../../../../../usr/local/lib/android/sdk/platforms/android-36/data/res/values-mcc310-mnc230-uz: Cannot change mode to rwxr-xr-x: Operation not permitted
build	Cache Android SDK	2026-06-06T12:22:56.1846401Z /usr/bin/tar: ../../../../../usr/local/lib/android/sdk/platforms/android-36/data/res/values-mcc310-mnc410-b+sr+Latn: Cannot utime: Operation not permitted
build	Cache Android SDK	2026-06-06T12:22:56.1846898Z /usr/bin/tar: ../../../../../usr/local/lib/android/sdk/platforms/android-36/data/res/values-mcc310-mnc410-b+sr+Latn: Cannot change mode to rwxr-xr-x: Operation not permitted
build	Cache Android SDK	2026-06-06T12:22:56.1849914Z /usr/bin/tar: ../../../../../usr/local/lib/android/sdk/platforms/android-36/data/res/values-mcc312-mnc670-gu: Cannot utime: Operation not permitted
build	Cache Android SDK	2026-06-06T12:22:56.1850442Z /usr/bin/tar: ../../../../../usr/local/lib/android/sdk/platforms/android-36/data/res/values-mcc312-mnc670-gu: Cannot change mode to rwxr-xr-x: Operation not permitted
build	Cache Android SDK	2026-06-06T12:22:56.1854632Z /usr/bin/tar: ../../../../../usr/local/lib/android/sdk/platforms/android-36/data/res/values-mcc310-mnc410-gl: Cannot utime: Operation not permitted
build	Cache Android SDK	2026-06-06T12:22:56.1855078Z /usr/bin/tar: ../../../../../usr/local/lib/android/sdk/platforms/android-36/data/res/values-mcc310-mnc410-gl: Cannot change mode to rwxr-xr-x: Operation not permitted
build	Cache Android SDK	2026-06-06T12:22:56.1858296Z /usr/bin/tar: ../../../../../usr/local/lib/android/sdk/platforms/android-36/data/res/values-mk-television: Cannot utime: Operation not permitted
build	Cache Android SDK	2026-06-06T12:22:56.1859074Z /usr/bin/tar: ../../../../../usr/local/lib/android/sdk/platforms/android-36/data/res/values-mk-television: Cannot change mode to rwxr-xr-x: Operation not permitted
build	Cache Android SDK	2026-06-06T12:22:56.1860910Z /usr/bin/tar: ../../../../../usr/local/lib/android/sdk/platforms/android-36/data/res/values-mcc310-mnc030-ca: Cannot utime: Operation not permitted
build	Cache Android SDK	2026-06-06T12:22:56.1861472Z /usr/bin/tar: ../../../../../usr/local/lib/android/sdk/platforms/android-36/data/res/values-mcc310-mnc030-ca: Cannot change mode to rwxr-xr-x: Operation not permitted
build	Cache Android SDK	2026-06-06T12:22:56.1868334Z /usr/bin/tar: ../../../../../usr/local/lib/android/sdk/platforms/android-36/data/res/values-vi: Cannot utime: Operation not permitted
build	Cache Android SDK	2026-06-06T12:22:56.1868757Z /usr/bin/tar: ../../../../../usr/local/lib/android/sdk/platforms/android-36/data/res/values-vi: Cannot change mode to rwxr-xr-x: Operation not permitted
build	Cache Android SDK	2026-06-06T12:22:56.1871703Z /usr/bin/tar: ../../../../../usr/local/lib/android/sdk/platforms/android-36/data/res/values-mcc310-mnc280-cs: Cannot utime: Operation not permitted
build	Cache Android SDK	2026-06-06T12:22:56.1872168Z /usr/bin/tar: ../../../../../usr/local/lib/android/sdk/platforms/android-36/data/res/values-mcc310-mnc280-cs: Cannot change mode to rwxr-xr-x: Operation not permitted
build	Cache Android SDK	2026-06-06T12:22:56.1874610Z /usr/bin/tar: ../../../../../usr/local/lib/android/sdk/platforms/android-36/data/res/values-mcc310-mnc310-da: Cannot utime: Operation not permitted
build	Cache Android SDK	2026-06-06T12:22:56.1875437Z /usr/bin/tar: ../../../../../usr/local/lib/android/sdk/platforms/android-36/data/res/values-mcc310-mnc310-da: Cannot change mode to rwxr-xr-x: Operation not permitted
build	Cache Android SDK	2026-06-06T12:22:56.1878038Z /usr/bin/tar: ../../../../../usr/local/lib/android/sdk/platforms/android-36/data/res/values-mcc450-mnc08: Cannot utime: Operation not permitted
build	Cache Android SDK	2026-06-06T12:22:56.1878491Z /usr/bin/tar: ../../../../../usr/local/lib/android/sdk/platforms/android-36/data/res/values-mcc450-mnc08: Cannot change mode to rwxr-xr-x: Operation not permitted
build	Cache Android SDK	2026-06-06T12:22:56.1881206Z /usr/bin/tar: ../../../../../usr/local/lib/android/sdk/platforms/android-36/data/res/values-mcc302-mnc370-es: Cannot utime: Operation not permitted
build	Cache Android SDK	2026-06-06T12:22:56.1881667Z /usr/bin/tar: ../../../../../usr/local/lib/android/sdk/platforms/android-36/data/res/values-mcc302-mnc370-es: Cannot change mode to rwxr-xr-x: Operation not permitted
build	Cache Android SDK	2026-06-06T12:22:56.1884296Z /usr/bin/tar: ../../../../../usr/local/lib/android/sdk/platforms/android-36/data/res/values-mcc310-mnc490-nb: Cannot utime: Operation not permitted
build	Cache Android SDK	2026-06-06T12:22:56.1884753Z /usr/bin/tar: ../../../../../usr/local/lib/android/sdk/platforms/android-36/data/res/values-mcc310-mnc490-nb: Cannot change mode to rwxr-xr-x: Operation not permitted
build	Cache Android SDK	2026-06-06T12:22:56.1887731Z /usr/bin/tar: ../../../../../usr/local/lib/android/sdk/platforms/android-36/data/res/values-mcc310-mnc170-hy: Cannot utime: Operation not permitted
build	Cache Android SDK	2026-06-06T12:22:56.1888182Z /usr/bin/tar: ../../../../../usr/local/lib/android/sdk/platforms/android-36/data/res/values-mcc310-mnc170-hy: Cannot change mode to rwxr-xr-x: Operation not permitted
build	Cache Android SDK	2026-06-06T12:22:56.1890175Z /usr/bin/tar: ../../../../../usr/local/lib/android/sdk/platforms/android-36/data/res/values-mcc310-mnc230-km: Cannot utime: Operation not permitted
build	Cache Android SDK	2026-06-06T12:22:56.1890693Z /usr/bin/tar: ../../../../../usr/local/lib/android/sdk/platforms/android-36/data/res/values-mcc310-mnc230-km: Cannot change mode to rwxr-xr-x: Operation not permitted
build	Cache Android SDK	2026-06-06T12:22:56.1893514Z /usr/bin/tar: ../../../../../usr/local/lib/android/sdk/platforms/android-36/data/res/values-mcc310-mnc490-km: Cannot utime: Operation not permitted
build	Cache Android SDK	2026-06-06T12:22:56.1893963Z /usr/bin/tar: ../../../../../usr/local/lib/android/sdk/platforms/android-36/data/res/values-mcc310-mnc490-km: Cannot change mode to rwxr-xr-x: Operation not permitted
build	Cache Android SDK	2026-06-06T12:22:56.1896393Z /usr/bin/tar: ../../../../../usr/local/lib/android/sdk/platforms/android-36/data/res/values-mcc310-mnc280-sl: Cannot utime: Operation not permitted
build	Cache Android SDK	2026-06-06T12:22:56.1896911Z /usr/bin/tar: ../../../../../usr/local/lib/android/sdk/platforms/android-36/data/res/values-mcc310-mnc280-sl: Cannot change mode to rwxr-xr-x: Operation not permitted
build	Cache Android SDK	2026-06-06T12:22:56.1899983Z /usr/bin/tar: ../../../../../usr/local/lib/android/sdk/platforms/android-36/data/res/values-en-rGB-watch: Cannot utime: Operation not permitted
build	Cache Android SDK	2026-06-06T12:22:56.1900522Z /usr/bin/tar: ../../../../../usr/local/lib/android/sdk/platforms/android-36/data/res/values-en-rGB-watch: Cannot change mode to rwxr-xr-x: Operation not permitted
build	Cache Android SDK	2026-06-06T12:22:56.1902880Z /usr/bin/tar: ../../../../../usr/local/lib/android/sdk/platforms/android-36/data/res/values-mcc302-mnc720-ky: Cannot utime: Operation not permitted
build	Cache Android SDK	2026-06-06T12:22:56.1903345Z /usr/bin/tar: ../../../../../usr/local/lib/android/sdk/platforms/android-36/data/res/values-mcc302-mnc720-ky: Cannot change mode to rwxr-xr-x: Operation not permitted
build	Cache Android SDK	2026-06-06T12:22:56.1906084Z /usr/bin/tar: ../../../../../usr/local/lib/android/sdk/platforms/android-36/data/res/values-sv-watch: Cannot utime: Operation not permitted
build	Cache Android SDK	2026-06-06T12:22:56.1906536Z /usr/bin/tar: ../../../../../usr/local/lib/android/sdk/platforms/android-36/data/res/values-sv-watch: Cannot change mode to rwxr-xr-x: Operation not permitted
build	Cache Android SDK	2026-06-06T12:22:56.1909179Z /usr/bin/tar: ../../../../../usr/local/lib/android/sdk/platforms/android-36/data/res/values-mcc204-mnc04: Cannot utime: Operation not permitted
build	Cache Android SDK	2026-06-06T12:22:56.1909636Z /usr/bin/tar: ../../../../../usr/local/lib/android/sdk/platforms/android-36/data/res/values-mcc204-mnc04: Cannot change mode to rwxr-xr-x: Operation not permitted
build	Cache Android SDK	2026-06-06T12:22:56.1912402Z /usr/bin/tar: ../../../../../usr/local/lib/android/sdk/platforms/android-36/data/res/values-mcc310-mnc410-fi: Cannot utime: Operation not permitted
build	Cache Android SDK	2026-06-06T12:22:56.1912861Z /usr/bin/tar: ../../../../../usr/local/lib/android/sdk/platforms/android-36/data/res/values-mcc310-mnc410-fi: Cannot change mode to rwxr-xr-x: Operation not permitted
build	Cache Android SDK	2026-06-06T12:22:56.1915564Z /usr/bin/tar: ../../../../../usr/local/lib/android/sdk/platforms/android-36/data/res/values-mcc310-mnc800-be: Cannot utime: Operation not permitted
build	Cache Android SDK	2026-06-06T12:22:56.1916025Z /usr/bin/tar: ../../../../../usr/local/lib/android/sdk/platforms/android-36/data/res/values-mcc310-mnc800-be: Cannot change mode to rwxr-xr-x: Operation not permitted
build	Cache Android SDK	2026-06-06T12:22:56.1919325Z /usr/bin/tar: ../../../../../usr/local/lib/android/sdk/platforms/android-36/data/res/raw-iw: Cannot utime: Operation not permitted
build	Cache Android SDK	2026-06-06T12:22:56.1919729Z /usr/bin/tar: ../../../../../usr/local/lib/android/sdk/platforms/android-36/data/res/raw-iw: Cannot change mode to rwxr-xr-x: Operation not permitted
build	Cache Android SDK	2026-06-06T12:22:56.1922298Z /usr/bin/tar: ../../../../../usr/local/lib/android/sdk/platforms/android-36/data/res/values-mcc312-mnc670-mn: Cannot utime: Operation not permitted
build	Cache Android SDK	2026-06-06T12:22:56.1922761Z /usr/bin/tar: ../../../../../usr/local/lib/android/sdk/platforms/android-36/data/res/values-mcc312-mnc670-mn: Cannot change mode to rwxr-xr-x: Operation not permitted
build	Cache Android SDK	2026-06-06T12:22:56.1925188Z /usr/bin/tar: ../../../../../usr/local/lib/android/sdk/platforms/android-36/data/res/values-mcc310-mnc240-gl: Cannot utime: Operation not permitted
build	Cache Android SDK	2026-06-06T12:22:56.1925704Z /usr/bin/tar: ../../../../../usr/local/lib/android/sdk/platforms/android-36/data/res/values-mcc310-mnc240-gl: Cannot change mode to rwxr-xr-x: Operation not permitted
build	Cache Android SDK	2026-06-06T12:22:56.1928424Z /usr/bin/tar: ../../../../../usr/local/lib/android/sdk/platforms/android-36/data/res/values-mcc310-mnc270-gl: Cannot utime: Operation not permitted
build	Cache Android SDK	2026-06-06T12:22:56.1928884Z /usr/bin/tar: ../../../../../usr/local/lib/android/sdk/platforms/android-36/data/res/values-mcc310-mnc270-gl: Cannot change mode to rwxr-xr-x: Operation not permitted
build	Cache Android SDK	2026-06-06T12:22:56.1931599Z /usr/bin/tar: ../../../../../usr/local/lib/android/sdk/platforms/android-36/data/res/values-es-rUS-masculine: Cannot utime: Operation not permitted
build	Cache Android SDK	2026-06-06T12:22:56.1932141Z /usr/bin/tar: ../../../../../usr/local/lib/android/sdk/platforms/android-36/data/res/values-es-rUS-masculine: Cannot change mode to rwxr-xr-x: Operation not permitted
build	Cache Android SDK	2026-06-06T12:22:56.1934407Z /usr/bin/tar: ../../../../../usr/local/lib/android/sdk/platforms/android-36/data/res/values-mcc310-mnc380-ru: Cannot utime: Operation not permitted
build	Cache Android SDK	2026-06-06T12:22:56.1934933Z /usr/bin/tar: ../../../../../usr/local/lib/android/sdk/platforms/android-36/data/res/values-mcc310-mnc380-ru: Cannot change mode to rwxr-xr-x: Operation not permitted
build	Cache Android SDK	2026-06-06T12:22:56.1937710Z /usr/bin/tar: ../../../../../usr/local/lib/android/sdk/platforms/android-36/data/res/values-mcc001-mnc01-fr-rCA: Cannot utime: Operation not permitted
build	Cache Android SDK	2026-06-06T12:22:56.1938181Z /usr/bin/tar: ../../../../../usr/local/lib/android/sdk/platforms/android-36/data/res/values-mcc001-mnc01-fr-rCA: Cannot change mode to rwxr-xr-x: Operation not permitted
build	Cache Android SDK	2026-06-06T12:22:56.1940577Z /usr/bin/tar: ../../../../../usr/local/lib/android/sdk/platforms/android-36/data/res/values-zu-television: Cannot utime: Operation not permitted
build	Cache Android SDK	2026-06-06T12:22:56.1941033Z /usr/bin/tar: ../../../../../usr/local/lib/android/sdk/platforms/android-36/data/res/values-zu-television: Cannot change mode to rwxr-xr-x: Operation not permitted
build	Cache Android SDK	2026-06-06T12:22:56.1943793Z /usr/bin/tar: ../../../../../usr/local/lib/android/sdk/platforms/android-36/data/res/values-mcc310-mnc240-pl: Cannot utime: Operation not permitted
build	Cache Android SDK	2026-06-06T12:22:56.1944251Z /usr/bin/tar: ../../../../../usr/local/lib/android/sdk/platforms/android-36/data/res/values-mcc310-mnc240-pl: Cannot change mode to rwxr-xr-x: Operation not permitted
build	Cache Android SDK	2026-06-06T12:22:56.1946930Z /usr/bin/tar: ../../../../../usr/local/lib/android/sdk/platforms/android-36/data/res/values-mcc334-mnc020-lo: Cannot utime: Operation not permitted
build	Cache Android SDK	2026-06-06T12:22:56.1947521Z /usr/bin/tar: ../../../../../usr/local/lib/android/sdk/platforms/android-36/data/res/values-mcc334-mnc020-lo: Cannot change mode to rwxr-xr-x: Operation not permitted
build	Cache Android SDK	2026-06-06T12:22:56.1950035Z /usr/bin/tar: ../../../../../usr/local/lib/android/sdk/platforms/android-36/data/res/values-mcc310-mnc240-nb: Cannot utime: Operation not permitted
build	Cache Android SDK	2026-06-06T12:22:56.1950488Z /usr/bin/tar: ../../../../../usr/local/lib/android/sdk/platforms/android-36/data/res/values-mcc310-mnc240-nb: Cannot change mode to rwxr-xr-x: Operation not permitted
build	Cache Android SDK	2026-06-06T12:22:56.1952869Z /usr/bin/tar: ../../../../../usr/local/lib/android/sdk/platforms/android-36/data/res/values-mcc310-mnc240-fa: Cannot utime: Operation not permitted
build	Cache Android SDK	2026-06-06T12:22:56.1953317Z /usr/bin/tar: ../../../../../usr/local/lib/android/sdk/platforms/android-36/data/res/values-mcc310-mnc240-fa: Cannot change mode to rwxr-xr-x: Operation not permitted
build	Cache Android SDK	2026-06-06T12:22:56.1955838Z /usr/bin/tar: ../../../../../usr/local/lib/android/sdk/platforms/android-36/data/res/values-pl-rPL: Cannot utime: Operation not permitted
build	Cache Android SDK	2026-06-06T12:22:56.1956262Z /usr/bin/tar: ../../../../../usr/local/lib/android/sdk/platforms/android-36/data/res/values-pl-rPL: Cannot change mode to rwxr-xr-x: Operation not permitted
build	Cache Android SDK	2026-06-06T12:22:56.1959244Z /usr/bin/tar: ../../../../../usr/local/lib/android/sdk/platforms/android-36/data/res/values-mcc310-mnc660-mr: Cannot utime: Operation not permitted
build	Cache Android SDK	2026-06-06T12:22:56.1959980Z /usr/bin/tar: ../../../../../usr/local/lib/android/sdk/platforms/android-36/data/res/values-mcc310-mnc660-mr: Cannot change mode to rwxr-xr-x: Operation not permitted
build	Cache Android SDK	2026-06-06T12:22:56.1963034Z /usr/bin/tar: ../../../../../usr/local/lib/android/sdk/platforms/android-36/data/res/values-mcc310-mnc270-bn: Cannot utime: Operation not permitted
build	Cache Android SDK	2026-06-06T12:22:56.1963637Z /usr/bin/tar: ../../../../../usr/local/lib/android/sdk/platforms/android-36/data/res/values-mcc310-mnc270-bn: Cannot change mode to rwxr-xr-x: Operation not permitted
build	Cache Android SDK	2026-06-06T12:22:56.1965883Z /usr/bin/tar: ../../../../../usr/local/lib/android/sdk/platforms/android-36/data/res/values-mcc310-mnc660-mk: Cannot utime: Operation not permitted
build	Cache Android SDK	2026-06-06T12:22:56.1966459Z /usr/bin/tar: ../../../../../usr/local/lib/android/sdk/platforms/android-36/data/res/values-mcc310-mnc660-mk: Cannot change mode to rwxr-xr-x: Operation not permitted
build	Cache Android SDK	2026-06-06T12:22:56.1968925Z /usr/bin/tar: ../../../../../usr/local/lib/android/sdk/platforms/android-36/data/res/values-mcc310-mnc160-et: Cannot utime: Operation not permitted
build	Cache Android SDK	2026-06-06T12:22:56.1969480Z /usr/bin/tar: ../../../../../usr/local/lib/android/sdk/platforms/android-36/data/res/values-mcc310-mnc160-et: Cannot change mode to rwxr-xr-x: Operation not permitted
build	Cache Android SDK	2026-06-06T12:22:56.1971750Z /usr/bin/tar: ../../../../../usr/local/lib/android/sdk/platforms/android-36/data/res/values-fa-television: Cannot utime: Operation not permitted
build	Cache Android SDK	2026-06-06T12:22:56.1972233Z /usr/bin/tar: ../../../../../usr/local/lib/android/sdk/platforms/android-36/data/res/values-fa-television: Cannot change mode to rwxr-xr-x: Operation not permitted
build	Cache Android SDK	2026-06-06T12:22:56.1974178Z /usr/bin/tar: ../../../../../usr/local/lib/android/sdk/platforms/android-36/data/res/values-mcc310-mnc560-hi: Cannot utime: Operation not permitted
build	Cache Android SDK	2026-06-06T12:22:56.1974653Z /usr/bin/tar: ../../../../../usr/local/lib/android/sdk/platforms/android-36/data/res/values-mcc310-mnc560-hi: Cannot change mode to rwxr-xr-x: Operation not permitted
build	Cache Android SDK	2026-06-06T12:22:56.1977285Z /usr/bin/tar: ../../../../../usr/local/lib/android/sdk/platforms/android-36/data/res/raw-en-rGB: Cannot utime: Operation not permitted
build	Cache Android SDK	2026-06-06T12:22:56.1977866Z /usr/bin/tar: ../../../../../usr/local/lib/android/sdk/platforms/android-36/data/res/raw-en-rGB: Cannot change mode to rwxr-xr-x: Operation not permitted
build	Cache Android SDK	2026-06-06T12:22:56.1979993Z /usr/bin/tar: ../../../../../usr/local/lib/android/sdk/platforms/android-36/data/res/values-eu-watch: Cannot utime: Operation not permitted
build	Cache Android SDK	2026-06-06T12:22:56.1980440Z /usr/bin/tar: ../../../../../usr/local/lib/android/sdk/platforms/android-36/data/res/values-eu-watch: Cannot change mode to rwxr-xr-x: Operation not permitted
build	Cache Android SDK	2026-06-06T12:22:56.1982994Z /usr/bin/tar: ../../../../../usr/local/lib/android/sdk/platforms/android-36/data/res/values-mcc310-mnc660-ko: Cannot utime: Operation not permitted
build	Cache Android SDK	2026-06-06T12:22:56.1983509Z /usr/bin/tar: ../../../../../usr/local/lib/android/sdk/platforms/android-36/data/res/values-mcc310-mnc660-ko: Cannot change mode to rwxr-xr-x: Operation not permitted
build	Cache Android SDK	2026-06-06T12:22:56.1985839Z /usr/bin/tar: ../../../../../usr/local/lib/android/sdk/platforms/android-36/data/res/values-mcc311-mnc180-mn: Cannot utime: Operation not permitted
build	Cache Android SDK	2026-06-06T12:22:56.1986301Z /usr/bin/tar: ../../../../../usr/local/lib/android/sdk/platforms/android-36/data/res/values-mcc311-mnc180-mn: Cannot change mode to rwxr-xr-x: Operation not permitted
build	Cache Android SDK	2026-06-06T12:22:56.1989026Z /usr/bin/tar: ../../../../../usr/local/lib/android/sdk/platforms/android-36/data/res/values-mcc310-mnc240-ml: Cannot utime: Operation not permitted
build	Cache Android SDK	2026-06-06T12:22:56.1989563Z /usr/bin/tar: ../../../../../usr/local/lib/android/sdk/platforms/android-36/data/res/values-mcc310-mnc240-ml: Cannot change mode to rwxr-xr-x: Operation not permitted
build	Cache Android SDK	2026-06-06T12:22:56.1992270Z /usr/bin/tar: ../../../../../usr/local/lib/android/sdk/platforms/android-36/data/res/values-mcc310-mnc490-kk: Cannot utime: Operation not permitted
build	Cache Android SDK	2026-06-06T12:22:56.1992740Z /usr/bin/tar: ../../../../../usr/local/lib/android/sdk/platforms/android-36/data/res/values-mcc310-mnc490-kk: Cannot change mode to rwxr-xr-x: Operation not permitted
build	Cache Android SDK	2026-06-06T12:22:56.1995358Z /usr/bin/tar: ../../../../../usr/local/lib/android/sdk/platforms/android-36/data/res/values-mcc310-mnc240-bg: Cannot utime: Operation not permitted
build	Cache Android SDK	2026-06-06T12:22:56.1995820Z /usr/bin/tar: ../../../../../usr/local/lib/android/sdk/platforms/android-36/data/res/values-mcc310-mnc240-bg: Cannot change mode to rwxr-xr-x: Operation not permitted
build	Cache Android SDK	2026-06-06T12:22:56.1999166Z /usr/bin/tar: ../../../../../usr/local/lib/android/sdk/platforms/android-36/data/res/values-mcc310-mnc240-zu: Cannot utime: Operation not permitted
build	Cache Android SDK	2026-06-06T12:22:56.1999629Z /usr/bin/tar: ../../../../../usr/local/lib/android/sdk/platforms/android-36/data/res/values-mcc310-mnc240-zu: Cannot change mode to rwxr-xr-x: Operation not permitted
build	Cache Android SDK	2026-06-06T12:22:56.2002076Z /usr/bin/tar: ../../../../../usr/local/lib/android/sdk/platforms/android-36/data/res/values-mcc310-mnc410-tl: Cannot utime: Operation not permitted
build	Cache Android SDK	2026-06-06T12:22:56.2002544Z /usr/bin/tar: ../../../../../usr/local/lib/android/sdk/platforms/android-36/data/res/values-mcc310-mnc410-tl: Cannot change mode to rwxr-xr-x: Operation not permitted
build	Cache Android SDK	2026-06-06T12:22:56.2005719Z /usr/bin/tar: ../../../../../usr/local/lib/android/sdk/platforms/android-36/data/res/values-mcc310-mnc220-ky: Cannot utime: Operation not permitted
build	Cache Android SDK	2026-06-06T12:22:56.2006191Z /usr/bin/tar: ../../../../../usr/local/lib/android/sdk/platforms/android-36/data/res/values-mcc310-mnc220-ky: Cannot change mode to rwxr-xr-x: Operation not permitted
build	Cache Android SDK	2026-06-06T12:22:56.2009319Z /usr/bin/tar: ../../../../../usr/local/lib/android/sdk/platforms/android-36/data/res/values-mcc310-mnc560-or: Cannot utime: Operation not permitted
build	Cache Android SDK	2026-06-06T12:22:56.2009788Z /usr/bin/tar: ../../../../../usr/local/lib/android/sdk/platforms/android-36/data/res/values-mcc310-mnc560-or: Cannot change mode to rwxr-xr-x: Operation not permitted
build	Cache Android SDK	2026-06-06T12:22:56.2012943Z /usr/bin/tar: ../../../../../usr/local/lib/android/sdk/platforms/android-36/data/res/values-mcc302-mnc720-da: Cannot utime: Operation not permitted
build	Cache Android SDK	2026-06-06T12:22:56.2013409Z /usr/bin/tar: ../../../../../usr/local/lib/android/sdk/platforms/android-36/data/res/values-mcc302-mnc720-da: Cannot change mode to rwxr-xr-x: Operation not permitted
build	Cache Android SDK	2026-06-06T12:22:56.2016339Z /usr/bin/tar: ../../../../../usr/local/lib/android/sdk/platforms/android-36/data/res/values-mcc302-mnc720-pa: Cannot utime: Operation not permitted
build	Cache Android SDK	2026-06-06T12:22:56.2016796Z /usr/bin/tar: ../../../../../usr/local/lib/android/sdk/platforms/android-36/data/res/values-mcc302-mnc720-pa: Cannot change mode to rwxr-xr-x: Operation not permitted
build	Cache Android SDK	2026-06-06T12:22:56.2019773Z /usr/bin/tar: ../../../../../usr/local/lib/android/sdk/platforms/android-36/data/res/values-mcc334-mnc020-in: Cannot utime: Operation not permitted
build	Cache Android SDK	2026-06-06T12:22:56.2020241Z /usr/bin/tar: ../../../../../usr/local/lib/android/sdk/platforms/android-36/data/res/values-mcc334-mnc020-in: Cannot change mode to rwxr-xr-x: Operation not permitted
build	Cache Android SDK	2026-06-06T12:22:56.2022795Z /usr/bin/tar: ../../../../../usr/local/lib/android/sdk/platforms/android-36/data/res/values-mcc310-mnc490-fr-rCA: Cannot utime: Operation not permitted
build	Cache Android SDK	2026-06-06T12:22:56.2023278Z /usr/bin/tar: ../../../../../usr/local/lib/android/sdk/platforms/android-36/data/res/values-mcc310-mnc490-fr-rCA: Cannot change mode to rwxr-xr-x: Operation not permitted
build	Cache Android SDK	2026-06-06T12:22:56.2025749Z /usr/bin/tar: ../../../../../usr/local/lib/android/sdk/platforms/android-36/data/res/values-mcc312-mnc670-en-rAU: Cannot utime: Operation not permitted
build	Cache Android SDK	2026-06-06T12:22:56.2026230Z /usr/bin/tar: ../../../../../usr/local/lib/android/sdk/platforms/android-36/data/res/values-mcc312-mnc670-en-rAU: Cannot change mode to rwxr-xr-x: Operation not permitted
build	Cache Android SDK	2026-06-06T12:22:56.2030827Z /usr/bin/tar: ../../../../../usr/local/lib/android/sdk/platforms/android-36/data/res/values-mcc302-mnc370-et: Cannot utime: Operation not permitted
build	Cache Android SDK	2026-06-06T12:22:56.2031366Z /usr/bin/tar: ../../../../../usr/local/lib/android/sdk/platforms/android-36/data/res/values-mcc302-mnc370-et: Cannot change mode to rwxr-xr-x: Operation not permitted
build	Cache Android SDK	2026-06-06T12:22:56.2033915Z /usr/bin/tar: ../../../../../usr/local/lib/android/sdk/platforms/android-36/data/res/values-mcc313-mnc100-fr-rCA: Cannot utime: Operation not permitted
build	Cache Android SDK	2026-06-06T12:22:56.2034390Z /usr/bin/tar: ../../../../../usr/local/lib/android/sdk/platforms/android-36/data/res/values-mcc313-mnc100-fr-rCA: Cannot change mode to rwxr-xr-x: Operation not permitted
build	Cache Android SDK	2026-06-06T12:22:56.2037135Z /usr/bin/tar: ../../../../../usr/local/lib/android/sdk/platforms/android-36/data/res/values-mcc310-mnc150-en-rAU: Cannot utime: Operation not permitted
build	Cache Android SDK	2026-06-06T12:22:56.2037894Z /usr/bin/tar: ../../../../../usr/local/lib/android/sdk/platforms/android-36/data/res/values-mcc310-mnc150-en-rAU: Cannot change mode to rwxr-xr-x: Operation not permitted
build	Cache Android SDK	2026-06-06T12:22:56.2049929Z /usr/bin/tar: ../../../../../usr/local/lib/android/sdk/platforms/android-36/data/res/xml: Cannot utime: Operation not permitted
build	Cache Android SDK	2026-06-06T12:22:56.2050829Z /usr/bin/tar: ../../../../../usr/local/lib/android/sdk/platforms/android-36/data/res/xml: Cannot change mode to rwxr-xr-x: Operation not permitted
build	Cache Android SDK	2026-06-06T12:22:56.2053575Z /usr/bin/tar: ../../../../../usr/local/lib/android/sdk/platforms/android-36/data/res/values-mcc310-mnc800-sr: Cannot utime: Operation not permitted
build	Cache Android SDK	2026-06-06T12:22:56.2054072Z /usr/bin/tar: ../../../../../usr/local/lib/android/sdk/platforms/android-36/data/res/values-mcc310-mnc800-sr: Cannot change mode to rwxr-xr-x: Operation not permitted
build	Cache Android SDK	2026-06-06T12:22:56.2056814Z /usr/bin/tar: ../../../../../usr/local/lib/android/sdk/platforms/android-36/data/res/values-mcc310-mnc380-zh-rCN: Cannot utime: Operation not permitted
build	Cache Android SDK	2026-06-06T12:22:56.2057313Z /usr/bin/tar: ../../../../../usr/local/lib/android/sdk/platforms/android-36/data/res/values-mcc310-mnc380-zh-rCN: Cannot change mode to rwxr-xr-x: Operation not permitted
build	Cache Android SDK	2026-06-06T12:22:56.2060758Z /usr/bin/tar: ../../../../../usr/local/lib/android/sdk/platforms/android-36/data/res/values-mcc310-mnc950-ms: Cannot utime: Operation not permitted
build	Cache Android SDK	2026-06-06T12:22:56.2061621Z /usr/bin/tar: ../../../../../usr/local/lib/android/sdk/platforms/android-36/data/res/values-mcc310-mnc950-ms: Cannot change mode to rwxr-xr-x: Operation not permitted
build	Cache Android SDK	2026-06-06T12:22:56.2064940Z /usr/bin/tar: ../../../../../usr/local/lib/android/sdk/platforms/android-36/data/res/values-mcc310-mnc170-ms: Cannot utime: Operation not permitted
build	Cache Android SDK	2026-06-06T12:22:56.2065399Z /usr/bin/tar: ../../../../../usr/local/lib/android/sdk/platforms/android-36/data/res/values-mcc310-mnc170-ms: Cannot change mode to rwxr-xr-x: Operation not permitted
build	Cache Android SDK	2026-06-06T12:22:56.2068703Z /usr/bin/tar: ../../../../../usr/local/lib/android/sdk/platforms/android-36/data/res/values-mcc310-mnc230-sq: Cannot utime: Operation not permitted
build	Cache Android SDK	2026-06-06T12:22:56.2069168Z /usr/bin/tar: ../../../../../usr/local/lib/android/sdk/platforms/android-36/data/res/values-mcc310-mnc230-sq: Cannot change mode to rwxr-xr-x: Operation not permitted
build	Cache Android SDK	2026-06-06T12:22:56.2072576Z /usr/bin/tar: ../../../../../usr/local/lib/android/sdk/platforms/android-36/data/res/values-mcc334-mnc020-b+sr+Latn: Cannot utime: Operation not permitted
build	Cache Android SDK	2026-06-06T12:22:56.2073072Z /usr/bin/tar: ../../../../../usr/local/lib/android/sdk/platforms/android-36/data/res/values-mcc334-mnc020-b+sr+Latn: Cannot change mode to rwxr-xr-x: Operation not permitted
build	Cache Android SDK	2026-06-06T12:22:56.2075827Z /usr/bin/tar: ../../../../../usr/local/lib/android/sdk/platforms/android-36/data/res/values-mcc310-mnc800-pt: Cannot utime: Operation not permitted
build	Cache Android SDK	2026-06-06T12:22:56.2076284Z /usr/bin/tar: ../../../../../usr/local/lib/android/sdk/platforms/android-36/data/res/values-mcc310-mnc800-pt: Cannot change mode to rwxr-xr-x: Operation not permitted
build	Cache Android SDK	2026-06-06T12:22:56.2079709Z /usr/bin/tar: ../../../../../usr/local/lib/android/sdk/platforms/android-36/data/res/values-mcc310-mnc250-iw: Cannot utime: Operation not permitted
build	Cache Android SDK	2026-06-06T12:22:56.2080231Z /usr/bin/tar: ../../../../../usr/local/lib/android/sdk/platforms/android-36/data/res/values-mcc310-mnc250-iw: Cannot change mode to rwxr-xr-x: Operation not permitted
build	Cache Android SDK	2026-06-06T12:22:56.2083468Z /usr/bin/tar: ../../../../../usr/local/lib/android/sdk/platforms/android-36/data/res/mipmap-hdpi: Cannot utime: Operation not permitted
build	Cache Android SDK	2026-06-06T12:22:56.2083886Z /usr/bin/tar: ../../../../../usr/local/lib/android/sdk/platforms/android-36/data/res/mipmap-hdpi: Cannot change mode to rwxr-xr-x: Operation not permitted
build	Cache Android SDK	2026-06-06T12:22:56.2086186Z /usr/bin/tar: ../../../../../usr/local/lib/android/sdk/platforms/android-36/data/res/values-mcc310-mnc950-af: Cannot utime: Operation not permitted
build	Cache Android SDK	2026-06-06T12:22:56.2086643Z /usr/bin/tar: ../../../../../usr/local/lib/android/sdk/platforms/android-36/data/res/values-mcc310-mnc950-af: Cannot change mode to rwxr-xr-x: Operation not permitted
build	Cache Android SDK	2026-06-06T12:22:56.2089354Z /usr/bin/tar: ../../../../../usr/local/lib/android/sdk/platforms/android-36/data/res/values-mcc310-mnc210-kk: Cannot utime: Operation not permitted
build	Cache Android SDK	2026-06-06T12:22:56.2089806Z /usr/bin/tar: ../../../../../usr/local/lib/android/sdk/platforms/android-36/data/res/values-mcc310-mnc210-kk: Cannot change mode to rwxr-xr-x: Operation not permitted
build	Cache Android SDK	2026-06-06T12:22:56.2092714Z /usr/bin/tar: ../../../../../usr/local/lib/android/sdk/platforms/android-36/data/res/values-mcc302-mnc720-ne: Cannot utime: Operation not permitted
build	Cache Android SDK	2026-06-06T12:22:56.2093162Z /usr/bin/tar: ../../../../../usr/local/lib/android/sdk/platforms/android-36/data/res/values-mcc302-mnc720-ne: Cannot change mode to rwxr-xr-x: Operation not permitted
build	Cache Android SDK	2026-06-06T12:22:56.2095617Z /usr/bin/tar: ../../../../../usr/local/lib/android/sdk/platforms/android-36/data/res/values-mcc334-mnc020-th: Cannot utime: Operation not permitted
build	Cache Android SDK	2026-06-06T12:22:56.2096073Z /usr/bin/tar: ../../../../../usr/local/lib/android/sdk/platforms/android-36/data/res/values-mcc334-mnc020-th: Cannot change mode to rwxr-xr-x: Operation not permitted
build	Cache Android SDK	2026-06-06T12:22:56.2098147Z /usr/bin/tar: ../../../../../usr/local/lib/android/sdk/platforms/android-36/data/res/values-mcc310-mnc280-is: Cannot utime: Operation not permitted
build	Cache Android SDK	2026-06-06T12:22:56.2098602Z /usr/bin/tar: ../../../../../usr/local/lib/android/sdk/platforms/android-36/data/res/values-mcc310-mnc280-is: Cannot change mode to rwxr-xr-x: Operation not permitted
build	Cache Android SDK	2026-06-06T12:22:56.2101158Z /usr/bin/tar: ../../../../../usr/local/lib/android/sdk/platforms/android-36/data/res/values-mcc313-mnc100-be: Cannot utime: Operation not permitted
build	Cache Android SDK	2026-06-06T12:22:56.2101615Z /usr/bin/tar: ../../../../../usr/local/lib/android/sdk/platforms/android-36/data/res/values-mcc313-mnc100-be: Cannot change mode to rwxr-xr-x: Operation not permitted
build	Cache Android SDK	2026-06-06T12:22:56.2106904Z /usr/bin/tar: ../../../../../usr/local/lib/android/sdk/platforms/android-36/data/res/values-es-rUS: Cannot utime: Operation not permitted
build	Cache Android SDK	2026-06-06T12:22:56.2107533Z /usr/bin/tar: ../../../../../usr/local/lib/android/sdk/platforms/android-36/data/res/values-es-rUS: Cannot change mode to rwxr-xr-x: Operation not permitted
build	Cache Android SDK	2026-06-06T12:22:56.2109535Z /usr/bin/tar: ../../../../../usr/local/lib/android/sdk/platforms/android-36/data/res/values-mcc311-mnc180-te: Cannot utime: Operation not permitted
build	Cache Android SDK	2026-06-06T12:22:56.2110009Z /usr/bin/tar: ../../../../../usr/local/lib/android/sdk/platforms/android-36/data/res/values-mcc311-mnc180-te: Cannot change mode to rwxr-xr-x: Operation not permitted
build	Cache Android SDK	2026-06-06T12:22:56.2113262Z /usr/bin/tar: ../../../../../usr/local/lib/android/sdk/platforms/android-36/data/res/values-mcc310-mnc030-ko: Cannot utime: Operation not permitted
build	Cache Android SDK	2026-06-06T12:22:56.2113717Z /usr/bin/tar: ../../../../../usr/local/lib/android/sdk/platforms/android-36/data/res/values-mcc310-mnc030-ko: Cannot change mode to rwxr-xr-x: Operation not permitted
build	Cache Android SDK	2026-06-06T12:22:56.2116454Z /usr/bin/tar: ../../../../../usr/local/lib/android/sdk/platforms/android-36/data/res/values-da-television: Cannot utime: Operation not permitted
build	Cache Android SDK	2026-06-06T12:22:56.2117024Z /usr/bin/tar: ../../../../../usr/local/lib/android/sdk/platforms/android-36/data/res/values-da-television: Cannot change mode to rwxr-xr-x: Operation not permitted
build	Cache Android SDK	2026-06-06T12:22:56.2119765Z /usr/bin/tar: ../../../../../usr/local/lib/android/sdk/platforms/android-36/data/res/values-mcc310-mnc240-be: Cannot utime: Operation not permitted
build	Cache Android SDK	2026-06-06T12:22:56.2120231Z /usr/bin/tar: ../../../../../usr/local/lib/android/sdk/platforms/android-36/data/res/values-mcc310-mnc240-be: Cannot change mode to rwxr-xr-x: Operation not permitted
build	Cache Android SDK	2026-06-06T12:22:56.2122704Z /usr/bin/tar: ../../../../../usr/local/lib/android/sdk/platforms/android-36/data/res/values-mr-television: Cannot utime: Operation not permitted
build	Cache Android SDK	2026-06-06T12:22:56.2123226Z /usr/bin/tar: ../../../../../usr/local/lib/android/sdk/platforms/android-36/data/res/values-mr-television: Cannot change mode to rwxr-xr-x: Operation not permitted
build	Cache Android SDK	2026-06-06T12:22:56.2126185Z /usr/bin/tar: ../../../../../usr/local/lib/android/sdk/platforms/android-36/data/res/values-mcc310-mnc490-tl: Cannot utime: Operation not permitted
build	Cache Android SDK	2026-06-06T12:22:56.2126640Z /usr/bin/tar: ../../../../../usr/local/lib/android/sdk/platforms/android-36/data/res/values-mcc310-mnc490-tl: Cannot change mode to rwxr-xr-x: Operation not permitted
build	Cache Android SDK	2026-06-06T12:22:56.2129388Z /usr/bin/tar: ../../../../../usr/local/lib/android/sdk/platforms/android-36/data/res/values-mcc310-mnc240-cs: Cannot utime: Operation not permitted
build	Cache Android SDK	2026-06-06T12:22:56.2129845Z /usr/bin/tar: ../../../../../usr/local/lib/android/sdk/platforms/android-36/data/res/values-mcc310-mnc240-cs: Cannot change mode to rwxr-xr-x: Operation not permitted
build	Cache Android SDK	2026-06-06T12:22:56.2132296Z /usr/bin/tar: ../../../../../usr/local/lib/android/sdk/platforms/android-36/data/res/values-mcc310-mnc250-af: Cannot utime: Operation not permitted
build	Cache Android SDK	2026-06-06T12:22:56.2132758Z /usr/bin/tar: ../../../../../usr/local/lib/android/sdk/platforms/android-36/data/res/values-mcc310-mnc250-af: Cannot change mode to rwxr-xr-x: Operation not permitted
build	Cache Android SDK	2026-06-06T12:22:56.2135296Z /usr/bin/tar: ../../../../../usr/local/lib/android/sdk/platforms/android-36/data/res/values-xlarge: Cannot utime: Operation not permitted
build	Cache Android SDK	2026-06-06T12:22:56.2135727Z /usr/bin/tar: ../../../../../usr/local/lib/android/sdk/platforms/android-36/data/res/values-xlarge: Cannot change mode to rwxr-xr-x: Operation not permitted
build	Cache Android SDK	2026-06-06T12:22:56.2138417Z /usr/bin/tar: ../../../../../usr/local/lib/android/sdk/platforms/android-36/data/res/values-mcc302-mnc370-zh-rTW: Cannot utime: Operation not permitted
build	Cache Android SDK	2026-06-06T12:22:56.2138899Z /usr/bin/tar: ../../../../../usr/local/lib/android/sdk/platforms/android-36/data/res/values-mcc302-mnc370-zh-rTW: Cannot change mode to rwxr-xr-x: Operation not permitted
build	Cache Android SDK	2026-06-06T12:22:56.2141601Z /usr/bin/tar: ../../../../../usr/local/lib/android/sdk/platforms/android-36/data/res/values-mcc310-mnc410-ca: Cannot utime: Operation not permitted
build	Cache Android SDK	2026-06-06T12:22:56.2142066Z /usr/bin/tar: ../../../../../usr/local/lib/android/sdk/platforms/android-36/data/res/values-mcc310-mnc410-ca: Cannot change mode to rwxr-xr-x: Operation not permitted
build	Cache Android SDK	2026-06-06T12:22:56.2144539Z /usr/bin/tar: ../../../../../usr/local/lib/android/sdk/platforms/android-36/data/res/values-mcc310-mnc410-my: Cannot utime: Operation not permitted
build	Cache Android SDK	2026-06-06T12:22:56.2144988Z /usr/bin/tar: ../../../../../usr/local/lib/android/sdk/platforms/android-36/data/res/values-mcc310-mnc410-my: Cannot change mode to rwxr-xr-x: Operation not permitted
build	Cache Android SDK	2026-06-06T12:22:56.2147780Z /usr/bin/tar: ../../../../../usr/local/lib/android/sdk/platforms/android-36/data/res/values-mcc310-mnc160-lo: Cannot utime: Operation not permitted
build	Cache Android SDK	2026-06-06T12:22:56.2148242Z /usr/bin/tar: ../../../../../usr/local/lib/android/sdk/platforms/android-36/data/res/values-mcc310-mnc160-lo: Cannot change mode to rwxr-xr-x: Operation not permitted
build	Cache Android SDK	2026-06-06T12:22:56.2150678Z /usr/bin/tar: ../../../../../usr/local/lib/android/sdk/platforms/android-36/data/res/values-mcc310-mnc660-ka: Cannot utime: Operation not permitted
build	Cache Android SDK	2026-06-06T12:22:56.2151241Z /usr/bin/tar: ../../../../../usr/local/lib/android/sdk/platforms/android-36/data/res/values-mcc310-mnc660-ka: Cannot change mode to rwxr-xr-x: Operation not permitted
build	Cache Android SDK	2026-06-06T12:22:56.2153846Z /usr/bin/tar: ../../../../../usr/local/lib/android/sdk/platforms/android-36/data/res/values-mcc310-mnc170-lv: Cannot utime: Operation not permitted
build	Cache Android SDK	2026-06-06T12:22:56.2154347Z /usr/bin/tar: ../../../../../usr/local/lib/android/sdk/platforms/android-36/data/res/values-mcc310-mnc170-lv: Cannot change mode to rwxr-xr-x: Operation not permitted
build	Cache Android SDK	2026-06-06T12:22:56.2157942Z /usr/bin/tar: ../../../../../usr/local/lib/android/sdk/platforms/android-36/data/res/values-mcc505-mnc01: Cannot utime: Operation not permitted
build	Cache Android SDK	2026-06-06T12:22:56.2158395Z /usr/bin/tar: ../../../../../usr/local/lib/android/sdk/platforms/android-36/data/res/values-mcc505-mnc01: Cannot change mode to rwxr-xr-x: Operation not permitted
build	Cache Android SDK	2026-06-06T12:22:56.2161069Z /usr/bin/tar: ../../../../../usr/local/lib/android/sdk/platforms/android-36/data/res/values-mcc310-mnc560-ky: Cannot utime: Operation not permitted
build	Cache Android SDK	2026-06-06T12:22:56.2161524Z /usr/bin/tar: ../../../../../usr/local/lib/android/sdk/platforms/android-36/data/res/values-mcc310-mnc560-ky: Cannot change mode to rwxr-xr-x: Operation not permitted
build	Cache Android SDK	2026-06-06T12:22:56.2164327Z /usr/bin/tar: ../../../../../usr/local/lib/android/sdk/platforms/android-36/data/res/values-my-television: Cannot utime: Operation not permitted
build	Cache Android SDK	2026-06-06T12:22:56.2164772Z /usr/bin/tar: ../../../../../usr/local/lib/android/sdk/platforms/android-36/data/res/values-my-television: Cannot change mode to rwxr-xr-x: Operation not permitted
build	Cache Android SDK	2026-06-06T12:22:56.2168133Z /usr/bin/tar: ../../../../../usr/local/lib/android/sdk/platforms/android-36/data/res/values-mcc310-mnc160-km: Cannot utime: Operation not permitted
build	Cache Android SDK	2026-06-06T12:22:56.2168594Z /usr/bin/tar: ../../../../../usr/local/lib/android/sdk/platforms/android-36/data/res/values-mcc310-mnc160-km: Cannot change mode to rwxr-xr-x: Operation not permitted
build	Cache Android SDK	2026-06-06T12:22:56.2171085Z /usr/bin/tar: ../../../../../usr/local/lib/android/sdk/platforms/android-36/data/res/layout-port: Cannot utime: Operation not permitted
build	Cache Android SDK	2026-06-06T12:22:56.2171515Z /usr/bin/tar: ../../../../../usr/local/lib/android/sdk/platforms/android-36/data/res/layout-port: Cannot change mode to rwxr-xr-x: Operation not permitted
build	Cache Android SDK	2026-06-06T12:22:56.2174545Z /usr/bin/tar: ../../../../../usr/local/lib/android/sdk/platforms/android-36/data/res/values-mcc310-mnc030-gl: Cannot utime: Operation not permitted
build	Cache Android SDK	2026-06-06T12:22:56.2175090Z /usr/bin/tar: ../../../../../usr/local/lib/android/sdk/platforms/android-36/data/res/values-mcc310-mnc030-gl: Cannot change mode to rwxr-xr-x: Operation not permitted
build	Cache Android SDK	2026-06-06T12:22:56.2177174Z /usr/bin/tar: ../../../../../usr/local/lib/android/sdk/platforms/android-36/data/res/values-mcc310-mnc230-ar: Cannot utime: Operation not permitted
build	Cache Android SDK	2026-06-06T12:22:56.2177901Z /usr/bin/tar: ../../../../../usr/local/lib/android/sdk/platforms/android-36/data/res/values-mcc310-mnc230-ar: Cannot change mode to rwxr-xr-x: Operation not permitted
build	Cache Android SDK	2026-06-06T12:22:56.2180314Z /usr/bin/tar: ../../../../../usr/local/lib/android/sdk/platforms/android-36/data/res/values-mcc310-mnc230-kn: Cannot utime: Operation not permitted
build	Cache Android SDK	2026-06-06T12:22:56.2181355Z /usr/bin/tar: ../../../../../usr/local/lib/android/sdk/platforms/android-36/data/res/values-mcc310-mnc230-kn: Cannot change mode to rwxr-xr-x: Operation not permitted
build	Cache Android SDK	2026-06-06T12:22:56.2185870Z /usr/bin/tar: ../../../../../usr/local/lib/android/sdk/platforms/android-36/data/res/values-in-rID: Cannot utime: Operation not permitted
build	Cache Android SDK	2026-06-06T12:22:56.2186305Z /usr/bin/tar: ../../../../../usr/local/lib/android/sdk/platforms/android-36/data/res/values-in-rID: Cannot change mode to rwxr-xr-x: Operation not permitted
build	Cache Android SDK	2026-06-06T12:22:56.2189221Z /usr/bin/tar: ../../../../../usr/local/lib/android/sdk/platforms/android-36/data/res/values-mcc310-mnc210-si: Cannot utime: Operation not permitted
build	Cache Android SDK	2026-06-06T12:22:56.2189826Z /usr/bin/tar: ../../../../../usr/local/lib/android/sdk/platforms/android-36/data/res/values-mcc310-mnc210-si: Cannot change mode to rwxr-xr-x: Operation not permitted
build	Cache Android SDK	2026-06-06T12:22:56.2192708Z /usr/bin/tar: ../../../../../usr/local/lib/android/sdk/platforms/android-36/data/res/layout-large: Cannot utime: Operation not permitted
build	Cache Android SDK	2026-06-06T12:22:56.2193149Z /usr/bin/tar: ../../../../../usr/local/lib/android/sdk/platforms/android-36/data/res/layout-large: Cannot change mode to rwxr-xr-x: Operation not permitted
build	Cache Android SDK	2026-06-06T12:22:56.2195911Z /usr/bin/tar: ../../../../../usr/local/lib/android/sdk/platforms/android-36/data/res/values-mcc310-mnc150-or: Cannot utime: Operation not permitted
build	Cache Android SDK	2026-06-06T12:22:56.2196367Z /usr/bin/tar: ../../../../../usr/local/lib/android/sdk/platforms/android-36/data/res/values-mcc310-mnc150-or: Cannot change mode to rwxr-xr-x: Operation not permitted
build	Cache Android SDK	2026-06-06T12:22:56.2199421Z /usr/bin/tar: ../../../../../usr/local/lib/android/sdk/platforms/android-36/data/res/values-mcc310-mnc250-sv: Cannot utime: Operation not permitted
build	Cache Android SDK	2026-06-06T12:22:56.2199878Z /usr/bin/tar: ../../../../../usr/local/lib/android/sdk/platforms/android-36/data/res/values-mcc310-mnc250-sv: Cannot change mode to rwxr-xr-x: Operation not permitted
build	Cache Android SDK	2026-06-06T12:22:56.2202477Z /usr/bin/tar: ../../../../../usr/local/lib/android/sdk/platforms/android-36/data/res/values-mcc310-mnc270-pa: Cannot utime: Operation not permitted
build	Cache Android SDK	2026-06-06T12:22:56.2202926Z /usr/bin/tar: ../../../../../usr/local/lib/android/sdk/platforms/android-36/data/res/values-mcc310-mnc270-pa: Cannot change mode to rwxr-xr-x: Operation not permitted
build	Cache Android SDK	2026-06-06T12:22:56.2208916Z /usr/bin/tar: ../../../../../usr/local/lib/android/sdk/platforms/android-36/data/res/values-pl: Cannot utime: Operation not permitted
build	Cache Android SDK	2026-06-06T12:22:56.2209840Z /usr/bin/tar: ../../../../../usr/local/lib/android/sdk/platforms/android-36/data/res/values-pl: Cannot change mode to rwxr-xr-x: Operation not permitted
build	Cache Android SDK	2026-06-06T12:22:56.2211968Z /usr/bin/tar: ../../../../../usr/local/lib/android/sdk/platforms/android-36/data/res/values-mcc310-mnc490-ml: Cannot utime: Operation not permitted
build	Cache Android SDK	2026-06-06T12:22:56.2212426Z /usr/bin/tar: ../../../../../usr/local/lib/android/sdk/platforms/android-36/data/res/values-mcc310-mnc490-ml: Cannot change mode to rwxr-xr-x: Operation not permitted
build	Cache Android SDK	2026-06-06T12:22:56.2215121Z /usr/bin/tar: ../../../../../usr/local/lib/android/sdk/platforms/android-36/data/res/values-mcc310-mnc160-am: Cannot utime: Operation not permitted
build	Cache Android SDK	2026-06-06T12:22:56.2215573Z /usr/bin/tar: ../../../../../usr/local/lib/android/sdk/platforms/android-36/data/res/values-mcc310-mnc160-am: Cannot change mode to rwxr-xr-x: Operation not permitted
build	Cache Android SDK	2026-06-06T12:22:56.2218191Z /usr/bin/tar: ../../../../../usr/local/lib/android/sdk/platforms/android-36/data/res/values-mcc310-mnc170-es-rUS: Cannot utime: Operation not permitted
build	Cache Android SDK	2026-06-06T12:22:56.2218671Z /usr/bin/tar: ../../../../../usr/local/lib/android/sdk/platforms/android-36/data/res/values-mcc310-mnc170-es-rUS: Cannot change mode to rwxr-xr-x: Operation not permitted
build	Cache Android SDK	2026-06-06T12:22:56.2226027Z /usr/bin/tar: ../../../../../usr/local/lib/android/sdk/platforms/android-36/data/res/values-ca: Cannot utime: Operation not permitted
build	Cache Android SDK	2026-06-06T12:22:56.2226458Z /usr/bin/tar: ../../../../../usr/local/lib/android/sdk/platforms/android-36/data/res/values-ca: Cannot change mode to rwxr-xr-x: Operation not permitted
build	Cache Android SDK	2026-06-06T12:22:56.2227708Z /usr/bin/tar: ../../../../../usr/local/lib/android/sdk/platforms/android-36/data/res/values-mcc310-mnc210-am: Cannot utime: Operation not permitted
build	Cache Android SDK	2026-06-06T12:22:56.2228157Z /usr/bin/tar: ../../../../../usr/local/lib/android/sdk/platforms/android-36/data/res/values-mcc310-mnc210-am: Cannot change mode to rwxr-xr-x: Operation not permitted
build	Cache Android SDK	2026-06-06T12:22:56.2230783Z /usr/bin/tar: ../../../../../usr/local/lib/android/sdk/platforms/android-36/data/res/values-mcc310-mnc030-eu: Cannot utime: Operation not permitted
build	Cache Android SDK	2026-06-06T12:22:56.2231379Z /usr/bin/tar: ../../../../../usr/local/lib/android/sdk/platforms/android-36/data/res/values-mcc310-mnc030-eu: Cannot change mode to rwxr-xr-x: Operation not permitted
build	Cache Android SDK	2026-06-06T12:22:56.2233684Z /usr/bin/tar: ../../../../../usr/local/lib/android/sdk/platforms/android-36/data/res/values-mcc706-mnc04: Cannot utime: Operation not permitted
build	Cache Android SDK	2026-06-06T12:22:56.2234130Z /usr/bin/tar: ../../../../../usr/local/lib/android/sdk/platforms/android-36/data/res/values-mcc706-mnc04: Cannot change mode to rwxr-xr-x: Operation not permitted
build	Cache Android SDK	2026-06-06T12:22:56.2236858Z /usr/bin/tar: ../../../../../usr/local/lib/android/sdk/platforms/android-36/data/res/values-si-television: Cannot utime: Operation not permitted
build	Cache Android SDK	2026-06-06T12:22:56.2237306Z /usr/bin/tar: ../../../../../usr/local/lib/android/sdk/platforms/android-36/data/res/values-si-television: Cannot change mode to rwxr-xr-x: Operation not permitted
build	Cache Android SDK	2026-06-06T12:22:56.2240208Z /usr/bin/tar: ../../../../../usr/local/lib/android/sdk/platforms/android-36/data/res/values-mcc334-mnc020-sl: Cannot utime: Operation not permitted
build	Cache Android SDK	2026-06-06T12:22:56.2241213Z /usr/bin/tar: ../../../../../usr/local/lib/android/sdk/platforms/android-36/data/res/values-mcc334-mnc020-sl: Cannot change mode to rwxr-xr-x: Operation not permitted
build	Cache Android SDK	2026-06-06T12:22:56.2243133Z /usr/bin/tar: ../../../../../usr/local/lib/android/sdk/platforms/android-36/data/res/values-mcc310-mnc660-sv: Cannot utime: Operation not permitted
build	Cache Android SDK	2026-06-06T12:22:56.2243729Z /usr/bin/tar: ../../../../../usr/local/lib/android/sdk/platforms/android-36/data/res/values-mcc310-mnc660-sv: Cannot change mode to rwxr-xr-x: Operation not permitted
build	Cache Android SDK	2026-06-06T12:22:56.2247584Z /usr/bin/tar: ../../../../../usr/local/lib/android/sdk/platforms/android-36/data/res/values-mcc268-mnc03: Cannot utime: Operation not permitted
build	Cache Android SDK	2026-06-06T12:22:56.2248439Z /usr/bin/tar: ../../../../../usr/local/lib/android/sdk/platforms/android-36/data/res/values-mcc268-mnc03: Cannot change mode to rwxr-xr-x: Operation not permitted
build	Cache Android SDK	2026-06-06T12:22:56.2250565Z /usr/bin/tar: ../../../../../usr/local/lib/android/sdk/platforms/android-36/data/res/values-mcc310-mnc950-zh-rTW: Cannot utime: Operation not permitted
build	Cache Android SDK	2026-06-06T12:22:56.2251325Z /usr/bin/tar: ../../../../../usr/local/lib/android/sdk/platforms/android-36/data/res/values-mcc310-mnc950-zh-rTW: Cannot change mode to rwxr-xr-x: Operation not permitted
build	Cache Android SDK	2026-06-06T12:22:56.2253669Z /usr/bin/tar: ../../../../../usr/local/lib/android/sdk/platforms/android-36/data/res/values-mcc313-mnc100-sq: Cannot utime: Operation not permitted
build	Cache Android SDK	2026-06-06T12:22:56.2254151Z /usr/bin/tar: ../../../../../usr/local/lib/android/sdk/platforms/android-36/data/res/values-mcc313-mnc100-sq: Cannot change mode to rwxr-xr-x: Operation not permitted
build	Cache Android SDK	2026-06-06T12:22:56.2257661Z /usr/bin/tar: ../../../../../usr/local/lib/android/sdk/platforms/android-36/data/res/values-mcc334-mnc020-fr-feminine: Cannot utime: Operation not permitted
build	Cache Android SDK	2026-06-06T12:22:56.2258592Z /usr/bin/tar: ../../../../../usr/local/lib/android/sdk/platforms/android-36/data/res/values-mcc334-mnc020-fr-feminine: Cannot change mode to rwxr-xr-x: Operation not permitted
build	Cache Android SDK	2026-06-06T12:22:56.2260482Z /usr/bin/tar: ../../../../../usr/local/lib/android/sdk/platforms/android-36/data/res/values-mcc310-mnc280-tr: Cannot utime: Operation not permitted
build	Cache Android SDK	2026-06-06T12:22:56.2260951Z /usr/bin/tar: ../../../../../usr/local/lib/android/sdk/platforms/android-36/data/res/values-mcc310-mnc280-tr: Cannot change mode to rwxr-xr-x: Operation not permitted
build	Cache Android SDK	2026-06-06T12:22:56.2264136Z /usr/bin/tar: ../../../../../usr/local/lib/android/sdk/platforms/android-36/data/res/values-mcc302-mnc370-fi: Cannot utime: Operation not permitted
build	Cache Android SDK	2026-06-06T12:22:56.2264885Z /usr/bin/tar: ../../../../../usr/local/lib/android/sdk/platforms/android-36/data/res/values-mcc302-mnc370-fi: Cannot change mode to rwxr-xr-x: Operation not permitted
build	Cache Android SDK	2026-06-06T12:22:56.2266353Z /usr/bin/tar: ../../../../../usr/local/lib/android/sdk/platforms/android-36/data/res/values-mcc310-mnc230-hi: Cannot utime: Operation not permitted
build	Cache Android SDK	2026-06-06T12:22:56.2266923Z /usr/bin/tar: ../../../../../usr/local/lib/android/sdk/platforms/android-36/data/res/values-mcc310-mnc230-hi: Cannot change mode to rwxr-xr-x: Operation not permitted
build	Cache Android SDK	2026-06-06T12:22:56.2271833Z /usr/bin/tar: ../../../../../usr/local/lib/android/sdk/platforms/android-36/data/res/values-az: Cannot utime: Operation not permitted
build	Cache Android SDK	2026-06-06T12:22:56.2272272Z /usr/bin/tar: ../../../../../usr/local/lib/android/sdk/platforms/android-36/data/res/values-az: Cannot change mode to rwxr-xr-x: Operation not permitted
build	Cache Android SDK	2026-06-06T12:22:56.2274781Z /usr/bin/tar: ../../../../../usr/local/lib/android/sdk/platforms/android-36/data/res/values-mcc310-mnc160-sr: Cannot utime: Operation not permitted
build	Cache Android SDK	2026-06-06T12:22:56.2275238Z /usr/bin/tar: ../../../../../usr/local/lib/android/sdk/platforms/android-36/data/res/values-mcc310-mnc160-sr: Cannot change mode to rwxr-xr-x: Operation not permitted
build	Cache Android SDK	2026-06-06T12:22:56.2278384Z /usr/bin/tar: ../../../../../usr/local/lib/android/sdk/platforms/android-36/data/res/values-mcc310-mnc250-vi: Cannot utime: Operation not permitted
build	Cache Android SDK	2026-06-06T12:22:56.2278982Z /usr/bin/tar: ../../../../../usr/local/lib/android/sdk/platforms/android-36/data/res/values-mcc310-mnc250-vi: Cannot change mode to rwxr-xr-x: Operation not permitted
build	Cache Android SDK	2026-06-06T12:22:56.2280867Z /usr/bin/tar: ../../../../../usr/local/lib/android/sdk/platforms/android-36/data/res/values-mcc302-mnc720-zu: Cannot utime: Operation not permitted
build	Cache Android SDK	2026-06-06T12:22:56.2281361Z /usr/bin/tar: ../../../../../usr/local/lib/android/sdk/platforms/android-36/data/res/values-mcc302-mnc720-zu: Cannot change mode to rwxr-xr-x: Operation not permitted
build	Cache Android SDK	2026-06-06T12:22:56.2284077Z /usr/bin/tar: ../../../../../usr/local/lib/android/sdk/platforms/android-36/data/res/values-lt-television: Cannot utime: Operation not permitted
build	Cache Android SDK	2026-06-06T12:22:56.2284529Z /usr/bin/tar: ../../../../../usr/local/lib/android/sdk/platforms/android-36/data/res/values-lt-television: Cannot change mode to rwxr-xr-x: Operation not permitted
build	Cache Android SDK	2026-06-06T12:22:56.2287223Z /usr/bin/tar: ../../../../../usr/local/lib/android/sdk/platforms/android-36/data/res/values-mcc313-mnc100-pt: Cannot utime: Operation not permitted
build	Cache Android SDK	2026-06-06T12:22:56.2288003Z /usr/bin/tar: ../../../../../usr/local/lib/android/sdk/platforms/android-36/data/res/values-mcc313-mnc100-pt: Cannot change mode to rwxr-xr-x: Operation not permitted
build	Cache Android SDK	2026-06-06T12:22:56.2290082Z /usr/bin/tar: ../../../../../usr/local/lib/android/sdk/platforms/android-36/data/res/values-mcc310-mnc660-km: Cannot utime: Operation not permitted
build	Cache Android SDK	2026-06-06T12:22:56.2290543Z /usr/bin/tar: ../../../../../usr/local/lib/android/sdk/platforms/android-36/data/res/values-mcc310-mnc660-km: Cannot change mode to rwxr-xr-x: Operation not permitted
build	Cache Android SDK	2026-06-06T12:22:56.2292766Z /usr/bin/tar: ../../../../../usr/local/lib/android/sdk/platforms/android-36/data/res/values-en-rXC-watch: Cannot utime: Operation not permitted
build	Cache Android SDK	2026-06-06T12:22:56.2293238Z /usr/bin/tar: ../../../../../usr/local/lib/android/sdk/platforms/android-36/data/res/values-en-rXC-watch: Cannot change mode to rwxr-xr-x: Operation not permitted
build	Cache Android SDK	2026-06-06T12:22:56.2318277Z /usr/bin/tar: ../../../../../usr/local/lib/android/sdk/platforms/android-36/data/res/values-mcc310-mnc310-pa: Cannot utime: Operation not permitted
build	Cache Android SDK	2026-06-06T12:22:56.2318798Z /usr/bin/tar: ../../../../../usr/local/lib/android/sdk/platforms/android-36/data/res/values-mcc310-mnc310-pa: Cannot change mode to rwxr-xr-x: Operation not permitted
build	Cache Android SDK	2026-06-06T12:22:56.2321249Z /usr/bin/tar: ../../../../../usr/local/lib/android/sdk/platforms/android-36/data/res/values-mcc312-mnc670-hy: Cannot utime: Operation not permitted
build	Cache Android SDK	2026-06-06T12:22:56.2321719Z /usr/bin/tar: ../../../../../usr/local/lib/android/sdk/platforms/android-36/data/res/values-mcc312-mnc670-hy: Cannot change mode to rwxr-xr-x: Operation not permitted
build	Cache Android SDK	2026-06-06T12:22:56.2324066Z /usr/bin/tar: ../../../../../usr/local/lib/android/sdk/platforms/android-36/data/res/values-mcc310-mnc220-ms: Cannot utime: Operation not permitted
build	Cache Android SDK	2026-06-06T12:22:56.2324688Z /usr/bin/tar: ../../../../../usr/local/lib/android/sdk/platforms/android-36/data/res/values-mcc310-mnc220-ms: Cannot change mode to rwxr-xr-x: Operation not permitted
build	Cache Android SDK	2026-06-06T12:22:56.2327263Z /usr/bin/tar: ../../../../../usr/local/lib/android/sdk/platforms/android-36/data/res/values-mcc302-mnc370-ko: Cannot utime: Operation not permitted
build	Cache Android SDK	2026-06-06T12:22:56.2327911Z /usr/bin/tar: ../../../../../usr/local/lib/android/sdk/platforms/android-36/data/res/values-mcc302-mnc370-ko: Cannot change mode to rwxr-xr-x: Operation not permitted
build	Cache Android SDK	2026-06-06T12:22:56.2329905Z /usr/bin/tar: ../../../../../usr/local/lib/android/sdk/platforms/android-36/data/res/values-mcc302-mnc720-my: Cannot utime: Operation not permitted
build	Cache Android SDK	2026-06-06T12:22:56.2330375Z /usr/bin/tar: ../../../../../usr/local/lib/android/sdk/platforms/android-36/data/res/values-mcc302-mnc720-my: Cannot change mode to rwxr-xr-x: Operation not permitted
build	Cache Android SDK	2026-06-06T12:22:56.2338134Z /usr/bin/tar: ../../../../../usr/local/lib/android/sdk/platforms/android-36/data/res/values-gu: Cannot utime: Operation not permitted
build	Cache Android SDK	2026-06-06T12:22:56.2338657Z /usr/bin/tar: ../../../../../usr/local/lib/android/sdk/platforms/android-36/data/res/values-gu: Cannot change mode to rwxr-xr-x: Operation not permitted
build	Cache Android SDK	2026-06-06T12:22:56.2341443Z /usr/bin/tar: ../../../../../usr/local/lib/android/sdk/platforms/android-36/data/res/values-mcc310-mnc270-in: Cannot utime: Operation not permitted
build	Cache Android SDK	2026-06-06T12:22:56.2342167Z /usr/bin/tar: ../../../../../usr/local/lib/android/sdk/platforms/android-36/data/res/values-mcc310-mnc270-in: Cannot change mode to rwxr-xr-x: Operation not permitted
build	Cache Android SDK	2026-06-06T12:22:56.2344412Z /usr/bin/tar: ../../../../../usr/local/lib/android/sdk/platforms/android-36/data/res/values-pa-watch: Cannot utime: Operation not permitted
build	Cache Android SDK	2026-06-06T12:22:56.2344971Z /usr/bin/tar: ../../../../../usr/local/lib/android/sdk/platforms/android-36/data/res/values-pa-watch: Cannot change mode to rwxr-xr-x: Operation not permitted
build	Cache Android SDK	2026-06-06T12:22:56.2347601Z /usr/bin/tar: ../../../../../usr/local/lib/android/sdk/platforms/android-36/data/res/values-mcc310-mnc170-ca: Cannot utime: Operation not permitted
build	Cache Android SDK	2026-06-06T12:22:56.2348148Z /usr/bin/tar: ../../../../../usr/local/lib/android/sdk/platforms/android-36/data/res/values-mcc310-mnc170-ca: Cannot change mode to rwxr-xr-x: Operation not permitted
build	Cache Android SDK	2026-06-06T12:22:56.2350965Z /usr/bin/tar: ../../../../../usr/local/lib/android/sdk/platforms/android-36/data/res/values-mcc310-mnc280-el: Cannot utime: Operation not permitted
build	Cache Android SDK	2026-06-06T12:22:56.2351432Z /usr/bin/tar: ../../../../../usr/local/lib/android/sdk/platforms/android-36/data/res/values-mcc310-mnc280-el: Cannot change mode to rwxr-xr-x: Operation not permitted
build	Cache Android SDK	2026-06-06T12:22:56.2354187Z /usr/bin/tar: ../../../../../usr/local/lib/android/sdk/platforms/android-36/data/res/values-mcc310-mnc310-km: Cannot utime: Operation not permitted
build	Cache Android SDK	2026-06-06T12:22:56.2354657Z /usr/bin/tar: ../../../../../usr/local/lib/android/sdk/platforms/android-36/data/res/values-mcc310-mnc310-km: Cannot change mode to rwxr-xr-x: Operation not permitted
build	Cache Android SDK	2026-06-06T12:22:56.2360081Z /usr/bin/tar: ../../../../../usr/local/lib/android/sdk/platforms/android-36/data/res/values-mcc302-mnc720-lt: Cannot utime: Operation not permitted
build	Cache Android SDK	2026-06-06T12:22:56.2360553Z /usr/bin/tar: ../../../../../usr/local/lib/android/sdk/platforms/android-36/data/res/values-mcc302-mnc720-lt: Cannot change mode to rwxr-xr-x: Operation not permitted
build	Cache Android SDK	2026-06-06T12:22:56.2362930Z /usr/bin/tar: ../../../../../usr/local/lib/android/sdk/platforms/android-36/data/res/values-mcc310-mnc230-en-rGB: Cannot utime: Operation not permitted
build	Cache Android SDK	2026-06-06T12:22:56.2363413Z /usr/bin/tar: ../../../../../usr/local/lib/android/sdk/platforms/android-36/data/res/values-mcc310-mnc230-en-rGB: Cannot change mode to rwxr-xr-x: Operation not permitted
build	Cache Android SDK	2026-06-06T12:22:56.2366281Z /usr/bin/tar: ../../../../../usr/local/lib/android/sdk/platforms/android-36/data/res/values-mcc310-mnc150-sv: Cannot utime: Operation not permitted
build	Cache Android SDK	2026-06-06T12:22:56.2366775Z /usr/bin/tar: ../../../../../usr/local/lib/android/sdk/platforms/android-36/data/res/values-mcc310-mnc150-sv: Cannot change mode to rwxr-xr-x: Operation not permitted
build	Cache Android SDK	2026-06-06T12:22:56.2369514Z /usr/bin/tar: ../../../../../usr/local/lib/android/sdk/platforms/android-36/data/res/mipmap-xhdpi: Cannot utime: Operation not permitted
build	Cache Android SDK	2026-06-06T12:22:56.2369961Z /usr/bin/tar: ../../../../../usr/local/lib/android/sdk/platforms/android-36/data/res/mipmap-xhdpi: Cannot change mode to rwxr-xr-x: Operation not permitted
build	Cache Android SDK	2026-06-06T12:22:56.2372322Z /usr/bin/tar: ../../../../../usr/local/lib/android/sdk/platforms/android-36/data/res/values-mcc310-mnc310-in: Cannot utime: Operation not permitted
build	Cache Android SDK	2026-06-06T12:22:56.2372781Z /usr/bin/tar: ../../../../../usr/local/lib/android/sdk/platforms/android-36/data/res/values-mcc310-mnc310-in: Cannot change mode to rwxr-xr-x: Operation not permitted
build	Cache Android SDK	2026-06-06T12:22:56.2375162Z /usr/bin/tar: ../../../../../usr/local/lib/android/sdk/platforms/android-36/data/res/values-mcc310-mnc950-pt-rBR: Cannot utime: Operation not permitted
build	Cache Android SDK	2026-06-06T12:22:56.2375783Z /usr/bin/tar: ../../../../../usr/local/lib/android/sdk/platforms/android-36/data/res/values-mcc310-mnc950-pt-rBR: Cannot change mode to rwxr-xr-x: Operation not permitted
build	Cache Android SDK	2026-06-06T12:22:56.2378377Z /usr/bin/tar: ../../../../../usr/local/lib/android/sdk/platforms/android-36/data/res/values-mn-television: Cannot utime: Operation not permitted
build	Cache Android SDK	2026-06-06T12:22:56.2378959Z /usr/bin/tar: ../../../../../usr/local/lib/android/sdk/platforms/android-36/data/res/values-mn-television: Cannot change mode to rwxr-xr-x: Operation not permitted
build	Cache Android SDK	2026-06-06T12:22:56.2385683Z /usr/bin/tar: ../../../../../usr/local/lib/android/sdk/platforms/android-36/data/res/values-it: Cannot utime: Operation not permitted
build	Cache Android SDK	2026-06-06T12:22:56.2386098Z /usr/bin/tar: ../../../../../usr/local/lib/android/sdk/platforms/android-36/data/res/values-it: Cannot change mode to rwxr-xr-x: Operation not permitted
build	Cache Android SDK	2026-06-06T12:22:56.2389064Z /usr/bin/tar: ../../../../../usr/local/lib/android/sdk/platforms/android-36/data/res/values-mcc310-mnc200-km: Cannot utime: Operation not permitted
build	Cache Android SDK	2026-06-06T12:22:56.2389532Z /usr/bin/tar: ../../../../../usr/local/lib/android/sdk/platforms/android-36/data/res/values-mcc310-mnc200-km: Cannot change mode to rwxr-xr-x: Operation not permitted
build	Cache Android SDK	2026-06-06T12:22:56.2391920Z /usr/bin/tar: ../../../../../usr/local/lib/android/sdk/platforms/android-36/data/res/values-mcc311-mnc180-af: Cannot utime: Operation not permitted
build	Cache Android SDK	2026-06-06T12:22:56.2392385Z /usr/bin/tar: ../../../../../usr/local/lib/android/sdk/platforms/android-36/data/res/values-mcc311-mnc180-af: Cannot change mode to rwxr-xr-x: Operation not permitted
build	Cache Android SDK	2026-06-06T12:22:56.2395064Z /usr/bin/tar: ../../../../../usr/local/lib/android/sdk/platforms/android-36/data/res/values-mcc310-mnc210: Cannot utime: Operation not permitted
build	Cache Android SDK	2026-06-06T12:22:56.2395514Z /usr/bin/tar: ../../../../../usr/local/lib/android/sdk/platforms/android-36/data/res/values-mcc310-mnc210: Cannot change mode to rwxr-xr-x: Operation not permitted
build	Cache Android SDK	2026-06-06T12:22:56.2399028Z /usr/bin/tar: ../../../../../usr/local/lib/android/sdk/platforms/android-36/data/res/values-mcc310-mnc030-hu: Cannot utime: Operation not permitted
build	Cache Android SDK	2026-06-06T12:22:56.2399504Z /usr/bin/tar: ../../../../../usr/local/lib/android/sdk/platforms/android-36/data/res/values-mcc310-mnc030-hu: Cannot change mode to rwxr-xr-x: Operation not permitted
build	Cache Android SDK	2026-06-06T12:22:56.2406302Z /usr/bin/tar: ../../../../../usr/local/lib/android/sdk/platforms/android-36/data/res/values-tl: Cannot utime: Operation not permitted
build	Cache Android SDK	2026-06-06T12:22:56.2406939Z /usr/bin/tar: ../../../../../usr/local/lib/android/sdk/platforms/android-36/data/res/values-tl: Cannot change mode to rwxr-xr-x: Operation not permitted
build	Cache Android SDK	2026-06-06T12:22:56.2409040Z /usr/bin/tar: ../../../../../usr/local/lib/android/sdk/platforms/android-36/data/res/values-fr-watch: Cannot utime: Operation not permitted
build	Cache Android SDK	2026-06-06T12:22:56.2409623Z /usr/bin/tar: ../../../../../usr/local/lib/android/sdk/platforms/android-36/data/res/values-fr-watch: Cannot change mode to rwxr-xr-x: Operation not permitted
build	Cache Android SDK	2026-06-06T12:22:56.2412000Z /usr/bin/tar: ../../../../../usr/local/lib/android/sdk/platforms/android-36/data/res/values-mcc310-mnc030-en-rGB: Cannot utime: Operation not permitted
build	Cache Android SDK	2026-06-06T12:22:56.2412620Z /usr/bin/tar: ../../../../../usr/local/lib/android/sdk/platforms/android-36/data/res/values-mcc310-mnc030-en-rGB: Cannot change mode to rwxr-xr-x: Operation not permitted
build	Cache Android SDK	2026-06-06T12:22:56.2414784Z /usr/bin/tar: ../../../../../usr/local/lib/android/sdk/platforms/android-36/data/res/values-mcc302-mnc720-mk: Cannot utime: Operation not permitted
build	Cache Android SDK	2026-06-06T12:22:56.2415250Z /usr/bin/tar: ../../../../../usr/local/lib/android/sdk/platforms/android-36/data/res/values-mcc302-mnc720-mk: Cannot change mode to rwxr-xr-x: Operation not permitted
build	Cache Android SDK	2026-06-06T12:22:56.2418165Z /usr/bin/tar: ../../../../../usr/local/lib/android/sdk/platforms/android-36/data/res/values-mcc310-mnc800-hu: Cannot utime: Operation not permitted
build	Cache Android SDK	2026-06-06T12:22:56.2418926Z /usr/bin/tar: ../../../../../usr/local/lib/android/sdk/platforms/android-36/data/res/values-mcc310-mnc800-hu: Cannot change mode to rwxr-xr-x: Operation not permitted
build	Cache Android SDK	2026-06-06T12:22:56.2422022Z /usr/bin/tar: ../../../../../usr/local/lib/android/sdk/platforms/android-36/data/res/values-mcc310-mnc250-hi: Cannot utime: Operation not permitted
build	Cache Android SDK	2026-06-06T12:22:56.2422636Z /usr/bin/tar: ../../../../../usr/local/lib/android/sdk/platforms/android-36/data/res/values-mcc310-mnc250-hi: Cannot change mode to rwxr-xr-x: Operation not permitted
build	Cache Android SDK	2026-06-06T12:22:56.2425074Z /usr/bin/tar: ../../../../../usr/local/lib/android/sdk/platforms/android-36/data/res/values-mcc310-mnc160-my: Cannot utime: Operation not permitted
build	Cache Android SDK	2026-06-06T12:22:56.2425569Z /usr/bin/tar: ../../../../../usr/local/lib/android/sdk/platforms/android-36/data/res/values-mcc310-mnc160-my: Cannot change mode to rwxr-xr-x: Operation not permitted
build	Cache Android SDK	2026-06-06T12:22:56.2427738Z /usr/bin/tar: ../../../../../usr/local/lib/android/sdk/platforms/android-36/data/res/values-mcc310-mnc410-mn: Cannot utime: Operation not permitted
build	Cache Android SDK	2026-06-06T12:22:56.2428205Z /usr/bin/tar: ../../../../../usr/local/lib/android/sdk/platforms/android-36/data/res/values-mcc310-mnc410-mn: Cannot change mode to rwxr-xr-x: Operation not permitted
build	Cache Android SDK	2026-06-06T12:22:56.2430978Z /usr/bin/tar: ../../../../../usr/local/lib/android/sdk/platforms/android-36/data/res/values-mcc310-mnc380-ur: Cannot utime: Operation not permitted
build	Cache Android SDK	2026-06-06T12:22:56.2431430Z /usr/bin/tar: ../../../../../usr/local/lib/android/sdk/platforms/android-36/data/res/values-mcc310-mnc380-ur: Cannot change mode to rwxr-xr-x: Operation not permitted
build	Cache Android SDK	2026-06-06T12:22:56.2434063Z /usr/bin/tar: ../../../../../usr/local/lib/android/sdk/platforms/android-36/data/res/values-mcc310-mnc150-ja: Cannot utime: Operation not permitted
build	Cache Android SDK	2026-06-06T12:22:56.2434579Z /usr/bin/tar: ../../../../../usr/local/lib/android/sdk/platforms/android-36/data/res/values-mcc310-mnc150-ja: Cannot change mode to rwxr-xr-x: Operation not permitted
build	Cache Android SDK	2026-06-06T12:22:56.2436974Z /usr/bin/tar: ../../../../../usr/local/lib/android/sdk/platforms/android-36/data/res/values-mcc310-mnc030-nl: Cannot utime: Operation not permitted
build	Cache Android SDK	2026-06-06T12:22:56.2437696Z /usr/bin/tar: ../../../../../usr/local/lib/android/sdk/platforms/android-36/data/res/values-mcc310-mnc030-nl: Cannot change mode to rwxr-xr-x: Operation not permitted
build	Cache Android SDK	2026-06-06T12:22:56.2439976Z /usr/bin/tar: ../../../../../usr/local/lib/android/sdk/platforms/android-36/data/res/values-mcc334-mnc020-ur: Cannot utime: Operation not permitted
build	Cache Android SDK	2026-06-06T12:22:56.2440446Z /usr/bin/tar: ../../../../../usr/local/lib/android/sdk/platforms/android-36/data/res/values-mcc334-mnc020-ur: Cannot change mode to rwxr-xr-x: Operation not permitted
build	Cache Android SDK	2026-06-06T12:22:56.2442988Z /usr/bin/tar: ../../../../../usr/local/lib/android/sdk/platforms/android-36/data/res/values-mcc001-mnc01-ky: Cannot utime: Operation not permitted
build	Cache Android SDK	2026-06-06T12:22:56.2443482Z /usr/bin/tar: ../../../../../usr/local/lib/android/sdk/platforms/android-36/data/res/values-mcc001-mnc01-ky: Cannot change mode to rwxr-xr-x: Operation not permitted
build	Cache Android SDK	2026-06-06T12:22:56.2446134Z /usr/bin/tar: ../../../../../usr/local/lib/android/sdk/platforms/android-36/data/res/values-mcc310-mnc250-it: Cannot utime: Operation not permitted
build	Cache Android SDK	2026-06-06T12:22:56.2446692Z /usr/bin/tar: ../../../../../usr/local/lib/android/sdk/platforms/android-36/data/res/values-mcc310-mnc250-it: Cannot change mode to rwxr-xr-x: Operation not permitted
build	Cache Android SDK	2026-06-06T12:22:56.2449076Z /usr/bin/tar: ../../../../../usr/local/lib/android/sdk/platforms/android-36/data/res/values-mcc310-mnc800-en-rAU: Cannot utime: Operation not permitted
build	Cache Android SDK	2026-06-06T12:22:56.2449548Z /usr/bin/tar: ../../../../../usr/local/lib/android/sdk/platforms/android-36/data/res/values-mcc310-mnc800-en-rAU: Cannot change mode to rwxr-xr-x: Operation not permitted
build	Cache Android SDK	2026-06-06T12:22:56.2451942Z /usr/bin/tar: ../../../../../usr/local/lib/android/sdk/platforms/android-36/data/res/values-mcc001: Cannot utime: Operation not permitted
build	Cache Android SDK	2026-06-06T12:22:56.2452516Z /usr/bin/tar: ../../../../../usr/local/lib/android/sdk/platforms/android-36/data/res/values-mcc001: Cannot change mode to rwxr-xr-x: Operation not permitted
build	Cache Android SDK	2026-06-06T12:22:56.2455001Z /usr/bin/tar: ../../../../../usr/local/lib/android/sdk/platforms/android-36/data/res/values-mcc310-mnc270-bg: Cannot utime: Operation not permitted
build	Cache Android SDK	2026-06-06T12:22:56.2455576Z /usr/bin/tar: ../../../../../usr/local/lib/android/sdk/platforms/android-36/data/res/values-mcc310-mnc270-bg: Cannot change mode to rwxr-xr-x: Operation not permitted
build	Cache Android SDK	2026-06-06T12:22:56.2458166Z /usr/bin/tar: ../../../../../usr/local/lib/android/sdk/platforms/android-36/data/res/values-xlarge-land: Cannot utime: Operation not permitted
build	Cache Android SDK	2026-06-06T12:22:56.2458625Z /usr/bin/tar: ../../../../../usr/local/lib/android/sdk/platforms/android-36/data/res/values-xlarge-land: Cannot change mode to rwxr-xr-x: Operation not permitted
build	Cache Android SDK	2026-06-06T12:22:56.2461367Z /usr/bin/tar: ../../../../../usr/local/lib/android/sdk/platforms/android-36/data/res/values-uk-watch: Cannot utime: Operation not permitted
build	Cache Android SDK	2026-06-06T12:22:56.2461835Z /usr/bin/tar: ../../../../../usr/local/lib/android/sdk/platforms/android-36/data/res/values-uk-watch: Cannot change mode to rwxr-xr-x: Operation not permitted
build	Cache Android SDK	2026-06-06T12:22:56.2464219Z /usr/bin/tar: ../../../../../usr/local/lib/android/sdk/platforms/android-36/data/res/values-mcc302-mnc720-sk: Cannot utime: Operation not permitted
build	Cache Android SDK	2026-06-06T12:22:56.2464690Z /usr/bin/tar: ../../../../../usr/local/lib/android/sdk/platforms/android-36/data/res/values-mcc302-mnc720-sk: Cannot change mode to rwxr-xr-x: Operation not permitted
build	Cache Android SDK	2026-06-06T12:22:56.2467202Z /usr/bin/tar: ../../../../../usr/local/lib/android/sdk/platforms/android-36/data/res/values-mcc310-mnc200-zh-rTW: Cannot utime: Operation not permitted
build	Cache Android SDK	2026-06-06T12:22:56.2467848Z /usr/bin/tar: ../../../../../usr/local/lib/android/sdk/platforms/android-36/data/res/values-mcc310-mnc200-zh-rTW: Cannot change mode to rwxr-xr-x: Operation not permitted
build	Cache Android SDK	2026-06-06T12:22:56.2470128Z /usr/bin/tar: ../../../../../usr/local/lib/android/sdk/platforms/android-36/data/res/values-mcc310-mnc410-si: Cannot utime: Operation not permitted
build	Cache Android SDK	2026-06-06T12:22:56.2470627Z /usr/bin/tar: ../../../../../usr/local/lib/android/sdk/platforms/android-36/data/res/values-mcc310-mnc410-si: Cannot change mode to rwxr-xr-x: Operation not permitted
build	Cache Android SDK	2026-06-06T12:22:56.2473971Z /usr/bin/tar: ../../../../../usr/local/lib/android/sdk/platforms/android-36/data/res/values-mcc310-mnc270-hu: Cannot utime: Operation not permitted
build	Cache Android SDK	2026-06-06T12:22:56.2474717Z /usr/bin/tar: ../../../../../usr/local/lib/android/sdk/platforms/android-36/data/res/values-mcc310-mnc270-hu: Cannot change mode to rwxr-xr-x: Operation not permitted
build	Cache Android SDK	2026-06-06T12:22:56.2477533Z /usr/bin/tar: ../../../../../usr/local/lib/android/sdk/platforms/android-36/data/res/values-mcc310-mnc800-pa: Cannot utime: Operation not permitted
build	Cache Android SDK	2026-06-06T12:22:56.2478010Z /usr/bin/tar: ../../../../../usr/local/lib/android/sdk/platforms/android-36/data/res/values-mcc310-mnc800-pa: Cannot change mode to rwxr-xr-x: Operation not permitted
build	Cache Android SDK	2026-06-06T12:22:56.2483596Z /usr/bin/tar: ../../../../../usr/local/lib/android/sdk/platforms/android-36/data/res/values-mn: Cannot utime: Operation not permitted
build	Cache Android SDK	2026-06-06T12:22:56.2484133Z /usr/bin/tar: ../../../../../usr/local/lib/android/sdk/platforms/android-36/data/res/values-mn: Cannot change mode to rwxr-xr-x: Operation not permitted
build	Cache Android SDK	2026-06-06T12:22:56.2487095Z /usr/bin/tar: ../../../../../usr/local/lib/android/sdk/platforms/android-36/data/res/values-lv-rLV: Cannot utime: Operation not permitted
build	Cache Android SDK	2026-06-06T12:22:56.2487832Z /usr/bin/tar: ../../../../../usr/local/lib/android/sdk/platforms/android-36/data/res/values-lv-rLV: Cannot change mode to rwxr-xr-x: Operation not permitted
build	Cache Android SDK	2026-06-06T12:22:56.2490038Z /usr/bin/tar: ../../../../../usr/local/lib/android/sdk/platforms/android-36/data/res/values-mcc313-mnc100-lt: Cannot utime: Operation not permitted
build	Cache Android SDK	2026-06-06T12:22:56.2490676Z /usr/bin/tar: ../../../../../usr/local/lib/android/sdk/platforms/android-36/data/res/values-mcc313-mnc100-lt: Cannot change mode to rwxr-xr-x: Operation not permitted
build	Cache Android SDK	2026-06-06T12:22:56.2493377Z /usr/bin/tar: ../../../../../usr/local/lib/android/sdk/platforms/android-36/data/res/raw-it: Cannot utime: Operation not permitted
build	Cache Android SDK	2026-06-06T12:22:56.2493908Z /usr/bin/tar: ../../../../../usr/local/lib/android/sdk/platforms/android-36/data/res/raw-it: Cannot change mode to rwxr-xr-x: Operation not permitted
build	Cache Android SDK	2026-06-06T12:22:56.2496477Z /usr/bin/tar: ../../../../../usr/local/lib/android/sdk/platforms/android-36/data/res/values-mcc312-mnc670-my: Cannot utime: Operation not permitted
build	Cache Android SDK	2026-06-06T12:22:56.2496943Z /usr/bin/tar: ../../../../../usr/local/lib/android/sdk/platforms/android-36/data/res/values-mcc312-mnc670-my: Cannot change mode to rwxr-xr-x: Operation not permitted
build	Cache Android SDK	2026-06-06T12:22:56.2499550Z /usr/bin/tar: ../../../../../usr/local/lib/android/sdk/platforms/android-36/data/res/values-sr-watch: Cannot utime: Operation not permitted
build	Cache Android SDK	2026-06-06T12:22:56.2500040Z /usr/bin/tar: ../../../../../usr/local/lib/android/sdk/platforms/android-36/data/res/values-sr-watch: Cannot change mode to rwxr-xr-x: Operation not permitted
build	Cache Android SDK	2026-06-06T12:22:56.2502497Z /usr/bin/tar: ../../../../../usr/local/lib/android/sdk/platforms/android-36/data/res/values-mcc310-mnc660-lv: Cannot utime: Operation not permitted
build	Cache Android SDK	2026-06-06T12:22:56.2502989Z /usr/bin/tar: ../../../../../usr/local/lib/android/sdk/platforms/android-36/data/res/values-mcc310-mnc660-lv: Cannot change mode to rwxr-xr-x: Operation not permitted
build	Cache Android SDK	2026-06-06T12:22:56.2505412Z /usr/bin/tar: ../../../../../usr/local/lib/android/sdk/platforms/android-36/data/res/values-mcc001-mnc01-en-rAU: Cannot utime: Operation not permitted
build	Cache Android SDK	2026-06-06T12:22:56.2505933Z /usr/bin/tar: ../../../../../usr/local/lib/android/sdk/platforms/android-36/data/res/values-mcc001-mnc01-en-rAU: Cannot change mode to rwxr-xr-x: Operation not permitted
build	Cache Android SDK	2026-06-06T12:22:56.2508346Z /usr/bin/tar: ../../../../../usr/local/lib/android/sdk/platforms/android-36/data/res/values-mcc310-mnc660-mn: Cannot utime: Operation not permitted
build	Cache Android SDK	2026-06-06T12:22:56.2508820Z /usr/bin/tar: ../../../../../usr/local/lib/android/sdk/platforms/android-36/data/res/values-mcc310-mnc660-mn: Cannot change mode to rwxr-xr-x: Operation not permitted
build	Cache Android SDK	2026-06-06T12:22:56.2512245Z /usr/bin/tar: ../../../../../usr/local/lib/android/sdk/platforms/android-36/data/res/values-mcc313-mnc100-pt-rPT: Cannot utime: Operation not permitted
build	Cache Android SDK	2026-06-06T12:22:56.2512745Z /usr/bin/tar: ../../../../../usr/local/lib/android/sdk/platforms/android-36/data/res/values-mcc313-mnc100-pt-rPT: Cannot change mode to rwxr-xr-x: Operation not permitted
build	Cache Android SDK	2026-06-06T12:22:56.2515642Z /usr/bin/tar: ../../../../../usr/local/lib/android/sdk/platforms/android-36/data/res/values-mcc302-mnc720-et: Cannot utime: Operation not permitted
build	Cache Android SDK	2026-06-06T12:22:56.2516107Z /usr/bin/tar: ../../../../../usr/local/lib/android/sdk/platforms/android-36/data/res/values-mcc302-mnc720-et: Cannot change mode to rwxr-xr-x: Operation not permitted
build	Cache Android SDK	2026-06-06T12:22:56.2517771Z /usr/bin/tar: ../../../../../usr/local/lib/android/sdk/platforms/android-36/data/res/values-mcc310-mnc410-zu: Cannot utime: Operation not permitted
build	Cache Android SDK	2026-06-06T12:22:56.2518315Z /usr/bin/tar: ../../../../../usr/local/lib/android/sdk/platforms/android-36/data/res/values-mcc310-mnc410-zu: Cannot change mode to rwxr-xr-x: Operation not permitted
build	Cache Android SDK	2026-06-06T12:22:56.2524665Z /usr/bin/tar: ../../../../../usr/local/lib/android/sdk/platforms/android-36/data/res/values-zu: Cannot utime: Operation not permitted
build	Cache Android SDK	2026-06-06T12:22:56.2525241Z /usr/bin/tar: ../../../../../usr/local/lib/android/sdk/platforms/android-36/data/res/values-zu: Cannot change mode to rwxr-xr-x: Operation not permitted
build	Cache Android SDK	2026-06-06T12:22:56.2527704Z /usr/bin/tar: ../../../../../usr/local/lib/android/sdk/platforms/android-36/data/res/values-mcc310-mnc150-mk: Cannot utime: Operation not permitted
build	Cache Android SDK	2026-06-06T12:22:56.2528282Z /usr/bin/tar: ../../../../../usr/local/lib/android/sdk/platforms/android-36/data/res/values-mcc310-mnc150-mk: Cannot change mode to rwxr-xr-x: Operation not permitted
build	Cache Android SDK	2026-06-06T12:22:56.2530668Z /usr/bin/tar: ../../../../../usr/local/lib/android/sdk/platforms/android-36/data/res/values-mcc310-mnc410-zh-rHK: Cannot utime: Operation not permitted
build	Cache Android SDK	2026-06-06T12:22:56.2531156Z /usr/bin/tar: ../../../../../usr/local/lib/android/sdk/platforms/android-36/data/res/values-mcc310-mnc410-zh-rHK: Cannot change mode to rwxr-xr-x: Operation not permitted
build	Cache Android SDK	2026-06-06T12:22:56.2533691Z /usr/bin/tar: ../../../../../usr/local/lib/android/sdk/platforms/android-36/data/res/values-mcc310-mnc280-tl: Cannot utime: Operation not permitted
build	Cache Android SDK	2026-06-06T12:22:56.2534141Z /usr/bin/tar: ../../../../../usr/local/lib/android/sdk/platforms/android-36/data/res/values-mcc310-mnc280-tl: Cannot change mode to rwxr-xr-x: Operation not permitted
build	Cache Android SDK	2026-06-06T12:22:56.2536816Z /usr/bin/tar: ../../../../../usr/local/lib/android/sdk/platforms/android-36/data/res/values-mcc310-mnc200-pt-rBR: Cannot utime: Operation not permitted
build	Cache Android SDK	2026-06-06T12:22:56.2537303Z /usr/bin/tar: ../../../../../usr/local/lib/android/sdk/platforms/android-36/data/res/values-mcc310-mnc200-pt-rBR: Cannot change mode to rwxr-xr-x: Operation not permitted
build	Cache Android SDK	2026-06-06T12:22:56.2539569Z /usr/bin/tar: ../../../../../usr/local/lib/android/sdk/platforms/android-36/data/res/values-mcc310-mnc410-en-rCA: Cannot utime: Operation not permitted
build	Cache Android SDK	2026-06-06T12:22:56.2540064Z /usr/bin/tar: ../../../../../usr/local/lib/android/sdk/platforms/android-36/data/res/values-mcc310-mnc410-en-rCA: Cannot change mode to rwxr-xr-x: Operation not permitted
build	Cache Android SDK	2026-06-06T12:22:56.2542848Z /usr/bin/tar: ../../../../../usr/local/lib/android/sdk/platforms/android-36/data/res/values-mcc310-mnc030-ro: Cannot utime: Operation not permitted
build	Cache Android SDK	2026-06-06T12:22:56.2543313Z /usr/bin/tar: ../../../../../usr/local/lib/android/sdk/platforms/android-36/data/res/values-mcc310-mnc030-ro: Cannot change mode to rwxr-xr-x: Operation not permitted
build	Cache Android SDK	2026-06-06T12:22:56.2545827Z /usr/bin/tar: ../../../../../usr/local/lib/android/sdk/platforms/android-36/data/res/values-mcc310-mnc380-ky: Cannot utime: Operation not permitted
build	Cache Android SDK	2026-06-06T12:22:56.2546294Z /usr/bin/tar: ../../../../../usr/local/lib/android/sdk/platforms/android-36/data/res/values-mcc310-mnc380-ky: Cannot change mode to rwxr-xr-x: Operation not permitted
build	Cache Android SDK	2026-06-06T12:22:56.2548864Z /usr/bin/tar: ../../../../../usr/local/lib/android/sdk/platforms/android-36/data/res/values-mcc310-mnc800-et: Cannot utime: Operation not permitted
build	Cache Android SDK	2026-06-06T12:22:56.2549328Z /usr/bin/tar: ../../../../../usr/local/lib/android/sdk/platforms/android-36/data/res/values-mcc310-mnc800-et: Cannot change mode to rwxr-xr-x: Operation not permitted
build	Cache Android SDK	2026-06-06T12:22:56.2556236Z /usr/bin/tar: ../../../../../usr/local/lib/android/sdk/platforms/android-36/data/res/values-be: Cannot utime: Operation not permitted
build	Cache Android SDK	2026-06-06T12:22:56.2556657Z /usr/bin/tar: ../../../../../usr/local/lib/android/sdk/platforms/android-36/data/res/values-be: Cannot change mode to rwxr-xr-x: Operation not permitted
build	Cache Android SDK	2026-06-06T12:22:56.2559660Z /usr/bin/tar: ../../../../../usr/local/lib/android/sdk/platforms/android-36/data/res/values-mcc310-mnc310-el: Cannot utime: Operation not permitted
build	Cache Android SDK	2026-06-06T12:22:56.2560340Z /usr/bin/tar: ../../../../../usr/local/lib/android/sdk/platforms/android-36/data/res/values-mcc310-mnc310-el: Cannot change mode to rwxr-xr-x: Operation not permitted
build	Cache Android SDK	2026-06-06T12:22:56.2562366Z /usr/bin/tar: ../../../../../usr/local/lib/android/sdk/platforms/android-36/data/res/values-mcc310-mnc490-ta: Cannot utime: Operation not permitted
build	Cache Android SDK	2026-06-06T12:22:56.2562851Z /usr/bin/tar: ../../../../../usr/local/lib/android/sdk/platforms/android-36/data/res/values-mcc310-mnc490-ta: Cannot change mode to rwxr-xr-x: Operation not permitted
build	Cache Android SDK	2026-06-06T12:22:56.2565303Z /usr/bin/tar: ../../../../../usr/local/lib/android/sdk/platforms/android-36/data/res/values-mcc310-mnc310-hu: Cannot utime: Operation not permitted
build	Cache Android SDK	2026-06-06T12:22:56.2565787Z /usr/bin/tar: ../../../../../usr/local/lib/android/sdk/platforms/android-36/data/res/values-mcc310-mnc310-hu: Cannot change mode to rwxr-xr-x: Operation not permitted
build	Cache Android SDK	2026-06-06T12:22:56.2568564Z /usr/bin/tar: ../../../../../usr/local/lib/android/sdk/platforms/android-36/data/res/values-mcc310-mnc800-ko: Cannot utime: Operation not permitted
build	Cache Android SDK	2026-06-06T12:22:56.2569024Z /usr/bin/tar: ../../../../../usr/local/lib/android/sdk/platforms/android-36/data/res/values-mcc310-mnc800-ko: Cannot change mode to rwxr-xr-x: Operation not permitted
build	Cache Android SDK	2026-06-06T12:22:56.2571539Z /usr/bin/tar: ../../../../../usr/local/lib/android/sdk/platforms/android-36/data/res/values-mcc311-mnc180-km: Cannot utime: Operation not permitted
build	Cache Android SDK	2026-06-06T12:22:56.2572073Z /usr/bin/tar: ../../../../../usr/local/lib/android/sdk/platforms/android-36/data/res/values-mcc311-mnc180-km: Cannot change mode to rwxr-xr-x: Operation not permitted
build	Cache Android SDK	2026-06-06T12:22:56.2573833Z /usr/bin/tar: ../../../../../usr/local/lib/android/sdk/platforms/android-36/data/res/values-mcc310-mnc660-az: Cannot utime: Operation not permitted
build	Cache Android SDK	2026-06-06T12:22:56.2574663Z /usr/bin/tar: ../../../../../usr/local/lib/android/sdk/platforms/android-36/data/res/values-mcc310-mnc660-az: Cannot change mode to rwxr-xr-x: Operation not permitted
build	Cache Android SDK	2026-06-06T12:22:56.2577494Z /usr/bin/tar: ../../../../../usr/local/lib/android/sdk/platforms/android-36/data/res/values-mcc310-mnc210-zh-rHK: Cannot utime: Operation not permitted
build	Cache Android SDK	2026-06-06T12:22:56.2577999Z /usr/bin/tar: ../../../../../usr/local/lib/android/sdk/platforms/android-36/data/res/values-mcc310-mnc210-zh-rHK: Cannot change mode to rwxr-xr-x: Operation not permitted
build	Cache Android SDK	2026-06-06T12:22:56.2579891Z /usr/bin/tar: ../../../../../usr/local/lib/android/sdk/platforms/android-36/data/res/values-ja-watch: Cannot utime: Operation not permitted
build	Cache Android SDK	2026-06-06T12:22:56.2580419Z /usr/bin/tar: ../../../../../usr/local/lib/android/sdk/platforms/android-36/data/res/values-ja-watch: Cannot change mode to rwxr-xr-x: Operation not permitted
build	Cache Android SDK	2026-06-06T12:22:56.2582996Z /usr/bin/tar: ../../../../../usr/local/lib/android/sdk/platforms/android-36/data/res/values-mcc312-mnc670-zh-rCN: Cannot utime: Operation not permitted
build	Cache Android SDK	2026-06-06T12:22:56.2583484Z /usr/bin/tar: ../../../../../usr/local/lib/android/sdk/platforms/android-36/data/res/values-mcc312-mnc670-zh-rCN: Cannot change mode to rwxr-xr-x: Operation not permitted
build	Cache Android SDK	2026-06-06T12:22:56.2585649Z /usr/bin/tar: ../../../../../usr/local/lib/android/sdk/platforms/android-36/data/res/values-mcc302-mnc370-en-rXC: Cannot utime: Operation not permitted
build	Cache Android SDK	2026-06-06T12:22:56.2586684Z /usr/bin/tar: ../../../../../usr/local/lib/android/sdk/platforms/android-36/data/res/values-mcc302-mnc370-en-rXC: Cannot change mode to rwxr-xr-x: Operation not permitted
build	Cache Android SDK	2026-06-06T12:22:56.2589687Z /usr/bin/tar: ../../../../../usr/local/lib/android/sdk/platforms/android-36/data/res/values-mcc310-mnc160-kn: Cannot utime: Operation not permitted
build	Cache Android SDK	2026-06-06T12:22:56.2590650Z /usr/bin/tar: ../../../../../usr/local/lib/android/sdk/platforms/android-36/data/res/values-mcc310-mnc160-kn: Cannot change mode to rwxr-xr-x: Operation not permitted
build	Cache Android SDK	2026-06-06T12:22:56.2592953Z /usr/bin/tar: ../../../../../usr/local/lib/android/sdk/platforms/android-36/data/res/values-mcc310-mnc170-th: Cannot utime: Operation not permitted
build	Cache Android SDK	2026-06-06T12:22:56.2594011Z /usr/bin/tar: ../../../../../usr/local/lib/android/sdk/platforms/android-36/data/res/values-mcc310-mnc170-th: Cannot change mode to rwxr-xr-x: Operation not permitted
build	Cache Android SDK	2026-06-06T12:22:56.2600804Z /usr/bin/tar: ../../../../../usr/local/lib/android/sdk/platforms/android-36/data/res/values-en-rCA: Cannot utime: Operation not permitted
build	Cache Android SDK	2026-06-06T12:22:56.2602177Z /usr/bin/tar: ../../../../../usr/local/lib/android/sdk/platforms/android-36/data/res/values-en-rCA: Cannot change mode to rwxr-xr-x: Operation not permitted
build	Cache Android SDK	2026-06-06T12:22:56.2604012Z /usr/bin/tar: ../../../../../usr/local/lib/android/sdk/platforms/android-36/data/res/values-mcc310-mnc490-vi: Cannot utime: Operation not permitted
build	Cache Android SDK	2026-06-06T12:22:56.2604977Z /usr/bin/tar: ../../../../../usr/local/lib/android/sdk/platforms/android-36/data/res/values-mcc310-mnc490-vi: Cannot change mode to rwxr-xr-x: Operation not permitted
build	Cache Android SDK	2026-06-06T12:22:56.2607477Z /usr/bin/tar: ../../../../../usr/local/lib/android/sdk/platforms/android-36/data/res/values-mcc310-mnc210-eu: Cannot utime: Operation not permitted
build	Cache Android SDK	2026-06-06T12:22:56.2608605Z /usr/bin/tar: ../../../../../usr/local/lib/android/sdk/platforms/android-36/data/res/values-mcc310-mnc210-eu: Cannot change mode to rwxr-xr-x: Operation not permitted
build	Cache Android SDK	2026-06-06T12:22:56.2610205Z /usr/bin/tar: ../../../../../usr/local/lib/android/sdk/platforms/android-36/data/res/values-mcc312-mnc670-si: Cannot utime: Operation not permitted
build	Cache Android SDK	2026-06-06T12:22:56.2611162Z /usr/bin/tar: ../../../../../usr/local/lib/android/sdk/platforms/android-36/data/res/values-mcc312-mnc670-si: Cannot change mode to rwxr-xr-x: Operation not permitted
build	Cache Android SDK	2026-06-06T12:22:56.2613427Z /usr/bin/tar: ../../../../../usr/local/lib/android/sdk/platforms/android-36/data/res/mipmap-mdpi: Cannot utime: Operation not permitted
build	Cache Android SDK	2026-06-06T12:22:56.2614318Z /usr/bin/tar: ../../../../../usr/local/lib/android/sdk/platforms/android-36/data/res/mipmap-mdpi: Cannot change mode to rwxr-xr-x: Operation not permitted
build	Cache Android SDK	2026-06-06T12:22:56.2616727Z /usr/bin/tar: ../../../../../usr/local/lib/android/sdk/platforms/android-36/data/res/values-mcc310-mnc170-is: Cannot utime: Operation not permitted
build	Cache Android SDK	2026-06-06T12:22:56.2617908Z /usr/bin/tar: ../../../../../usr/local/lib/android/sdk/platforms/android-36/data/res/values-mcc310-mnc170-is: Cannot change mode to rwxr-xr-x: Operation not permitted
build	Cache Android SDK	2026-06-06T12:22:56.2619600Z /usr/bin/tar: ../../../../../usr/local/lib/android/sdk/platforms/android-36/data/res/values-mcc310-mnc950-et: Cannot utime: Operation not permitted
build	Cache Android SDK	2026-06-06T12:22:56.2620681Z /usr/bin/tar: ../../../../../usr/local/lib/android/sdk/platforms/android-36/data/res/values-mcc310-mnc950-et: Cannot change mode to rwxr-xr-x: Operation not permitted
build	Cache Android SDK	2026-06-06T12:22:56.2623137Z /usr/bin/tar: ../../../../../usr/local/lib/android/sdk/platforms/android-36/data/res/values-mcc310-mnc200-gu: Cannot utime: Operation not permitted
build	Cache Android SDK	2026-06-06T12:22:56.2624313Z /usr/bin/tar: ../../../../../usr/local/lib/android/sdk/platforms/android-36/data/res/values-mcc310-mnc200-gu: Cannot change mode to rwxr-xr-x: Operation not permitted
build	Cache Android SDK	2026-06-06T12:22:56.2626776Z /usr/bin/tar: ../../../../../usr/local/lib/android/sdk/platforms/android-36/data/res/values-mcc313-mnc100-ar: Cannot utime: Operation not permitted
build	Cache Android SDK	2026-06-06T12:22:56.2628064Z /usr/bin/tar: ../../../../../usr/local/lib/android/sdk/platforms/android-36/data/res/values-mcc313-mnc100-ar: Cannot change mode to rwxr-xr-x: Operation not permitted
build	Cache Android SDK	2026-06-06T12:22:56.2630372Z /usr/bin/tar: ../../../../../usr/local/lib/android/sdk/platforms/android-36/data/res/values-mcc001-mnc01-nl: Cannot utime: Operation not permitted
build	Cache Android SDK	2026-06-06T12:22:56.2631315Z /usr/bin/tar: ../../../../../usr/local/lib/android/sdk/platforms/android-36/data/res/values-mcc001-mnc01-nl: Cannot change mode to rwxr-xr-x: Operation not permitted
build	Cache Android SDK	2026-06-06T12:22:56.2634138Z /usr/bin/tar: ../../../../../usr/local/lib/android/sdk/platforms/android-36/data/res/values-mcc310-mnc270-pt-rBR: Cannot utime: Operation not permitted
build	Cache Android SDK	2026-06-06T12:22:56.2635276Z /usr/bin/tar: ../../../../../usr/local/lib/android/sdk/platforms/android-36/data/res/values-mcc310-mnc270-pt-rBR: Cannot change mode to rwxr-xr-x: Operation not permitted
build	Cache Android SDK	2026-06-06T12:22:56.2637668Z /usr/bin/tar: ../../../../../usr/local/lib/android/sdk/platforms/android-36/data/res/values-mcc310-mnc410-nb: Cannot utime: Operation not permitted
build	Cache Android SDK	2026-06-06T12:22:56.2638617Z /usr/bin/tar: ../../../../../usr/local/lib/android/sdk/platforms/android-36/data/res/values-mcc310-mnc410-nb: Cannot change mode to rwxr-xr-x: Operation not permitted
build	Cache Android SDK	2026-06-06T12:22:56.2644119Z /usr/bin/tar: ../../../../../usr/local/lib/android/sdk/platforms/android-36/data/res/values-iw-television: Cannot utime: Operation not permitted
build	Cache Android SDK	2026-06-06T12:22:56.2645050Z /usr/bin/tar: ../../../../../usr/local/lib/android/sdk/platforms/android-36/data/res/values-iw-television: Cannot change mode to rwxr-xr-x: Operation not permitted
build	Cache Android SDK	2026-06-06T12:22:56.2647070Z /usr/bin/tar: ../../../../../usr/local/lib/android/sdk/platforms/android-36/data/res/values-mcc334-mnc020-da: Cannot utime: Operation not permitted
build	Cache Android SDK	2026-06-06T12:22:56.2648188Z /usr/bin/tar: ../../../../../usr/local/lib/android/sdk/platforms/android-36/data/res/values-mcc334-mnc020-da: Cannot change mode to rwxr-xr-x: Operation not permitted
build	Cache Android SDK	2026-06-06T12:22:56.2650176Z /usr/bin/tar: ../../../../../usr/local/lib/android/sdk/platforms/android-36/data/res/values-mcc001-mnc01-zh-rHK: Cannot utime: Operation not permitted
build	Cache Android SDK	2026-06-06T12:22:56.2651131Z /usr/bin/tar: ../../../../../usr/local/lib/android/sdk/platforms/android-36/data/res/values-mcc001-mnc01-zh-rHK: Cannot change mode to rwxr-xr-x: Operation not permitted
build	Cache Android SDK	2026-06-06T12:22:56.2653231Z /usr/bin/tar: ../../../../../usr/local/lib/android/sdk/platforms/android-36/data/res/values-mcc310-mnc270-ar: Cannot utime: Operation not permitted
build	Cache Android SDK	2026-06-06T12:22:56.2654183Z /usr/bin/tar: ../../../../../usr/local/lib/android/sdk/platforms/android-36/data/res/values-mcc310-mnc270-ar: Cannot change mode to rwxr-xr-x: Operation not permitted
build	Cache Android SDK	2026-06-06T12:22:56.2656211Z /usr/bin/tar: ../../../../../usr/local/lib/android/sdk/platforms/android-36/data/res/values-mcc001-mnc01-tr: Cannot utime: Operation not permitted
build	Cache Android SDK	2026-06-06T12:22:56.2657151Z /usr/bin/tar: ../../../../../usr/local/lib/android/sdk/platforms/android-36/data/res/values-mcc001-mnc01-tr: Cannot change mode to rwxr-xr-x: Operation not permitted
build	Cache Android SDK	2026-06-06T12:22:56.2659202Z /usr/bin/tar: ../../../../../usr/local/lib/android/sdk/platforms/android-36/data/res/values-mcc310-mnc030-mn: Cannot utime: Operation not permitted
build	Cache Android SDK	2026-06-06T12:22:56.2660136Z /usr/bin/tar: ../../../../../usr/local/lib/android/sdk/platforms/android-36/data/res/values-mcc310-mnc030-mn: Cannot change mode to rwxr-xr-x: Operation not permitted
build	Cache Android SDK	2026-06-06T12:22:56.2662230Z /usr/bin/tar: ../../../../../usr/local/lib/android/sdk/platforms/android-36/data/res/values-mcc302-mnc720-en-rXC: Cannot utime: Operation not permitted
build	Cache Android SDK	2026-06-06T12:22:56.2663217Z /usr/bin/tar: ../../../../../usr/local/lib/android/sdk/platforms/android-36/data/res/values-mcc302-mnc720-en-rXC: Cannot change mode to rwxr-xr-x: Operation not permitted
build	Cache Android SDK	2026-06-06T12:22:56.2665056Z /usr/bin/tar: ../../../../../usr/local/lib/android/sdk/platforms/android-36/data/res/values-mcc310-mnc160-nb: Cannot utime: Operation not permitted
build	Cache Android SDK	2026-06-06T12:22:56.2666000Z /usr/bin/tar: ../../../../../usr/local/lib/android/sdk/platforms/android-36/data/res/values-mcc310-mnc160-nb: Cannot change mode to rwxr-xr-x: Operation not permitted
build	Cache Android SDK	2026-06-06T12:22:56.2668244Z /usr/bin/tar: ../../../../../usr/local/lib/android/sdk/platforms/android-36/data/res/values-mcc310-mnc150-da: Cannot utime: Operation not permitted
build	Cache Android SDK	2026-06-06T12:22:56.2669200Z /usr/bin/tar: ../../../../../usr/local/lib/android/sdk/platforms/android-36/data/res/values-mcc310-mnc150-da: Cannot change mode to rwxr-xr-x: Operation not permitted
build	Cache Android SDK	2026-06-06T12:22:56.2671227Z /usr/bin/tar: ../../../../../usr/local/lib/android/sdk/platforms/android-36/data/res/values-mcc310-mnc800-en-rGB: Cannot utime: Operation not permitted
build	Cache Android SDK	2026-06-06T12:22:56.2672333Z /usr/bin/tar: ../../../../../usr/local/lib/android/sdk/platforms/android-36/data/res/values-mcc310-mnc800-en-rGB: Cannot change mode to rwxr-xr-x: Operation not permitted
build	Cache Android SDK	2026-06-06T12:22:56.2674456Z /usr/bin/tar: ../../../../../usr/local/lib/android/sdk/platforms/android-36/data/res/values-mcc310-mnc170-bn: Cannot utime: Operation not permitted
build	Cache Android SDK	2026-06-06T12:22:56.2675399Z /usr/bin/tar: ../../../../../usr/local/lib/android/sdk/platforms/android-36/data/res/values-mcc310-mnc170-bn: Cannot change mode to rwxr-xr-x: Operation not permitted
build	Cache Android SDK	2026-06-06T12:22:56.2677708Z /usr/bin/tar: ../../../../../usr/local/lib/android/sdk/platforms/android-36/data/res/values-mcc310-mnc150-zh-rHK: Cannot utime: Operation not permitted
build	Cache Android SDK	2026-06-06T12:22:56.2678664Z /usr/bin/tar: ../../../../../usr/local/lib/android/sdk/platforms/android-36/data/res/values-mcc310-mnc150-zh-rHK: Cannot change mode to rwxr-xr-x: Operation not permitted
build	Cache Android SDK	2026-06-06T12:22:56.2680912Z /usr/bin/tar: ../../../../../usr/local/lib/android/sdk/platforms/android-36/data/res/values-de-television: Cannot utime: Operation not permitted
build	Cache Android SDK	2026-06-06T12:22:56.2681838Z /usr/bin/tar: ../../../../../usr/local/lib/android/sdk/platforms/android-36/data/res/values-de-television: Cannot change mode to rwxr-xr-x: Operation not permitted
build	Cache Android SDK	2026-06-06T12:22:56.2683864Z /usr/bin/tar: ../../../../../usr/local/lib/android/sdk/platforms/android-36/data/res/values-mcc310-mnc230-da: Cannot utime: Operation not permitted
build	Cache Android SDK	2026-06-06T12:22:56.2684805Z /usr/bin/tar: ../../../../../usr/local/lib/android/sdk/platforms/android-36/data/res/values-mcc310-mnc230-da: Cannot change mode to rwxr-xr-x: Operation not permitted
build	Cache Android SDK	2026-06-06T12:22:56.2687111Z /usr/bin/tar: ../../../../../usr/local/lib/android/sdk/platforms/android-36/data/res/values-mcc302-mnc370-af: Cannot utime: Operation not permitted
build	Cache Android SDK	2026-06-06T12:22:56.2688291Z /usr/bin/tar: ../../../../../usr/local/lib/android/sdk/platforms/android-36/data/res/values-mcc302-mnc370-af: Cannot change mode to rwxr-xr-x: Operation not permitted
build	Cache Android SDK	2026-06-06T12:22:56.2691420Z /usr/bin/tar: ../../../../../usr/local/lib/android/sdk/platforms/android-36/data/res/values-mcc310-mnc800-th: Cannot utime: Operation not permitted
build	Cache Android SDK	2026-06-06T12:22:56.2692345Z /usr/bin/tar: ../../../../../usr/local/lib/android/sdk/platforms/android-36/data/res/values-mcc310-mnc800-th: Cannot change mode to rwxr-xr-x: Operation not permitted
build	Cache Android SDK	2026-06-06T12:22:56.2694731Z /usr/bin/tar: ../../../../../usr/local/lib/android/sdk/platforms/android-36/data/res/values-mcc310-mnc490-lo: Cannot utime: Operation not permitted
build	Cache Android SDK	2026-06-06T12:22:56.2695654Z /usr/bin/tar: ../../../../../usr/local/lib/android/sdk/platforms/android-36/data/res/values-mcc310-mnc490-lo: Cannot change mode to rwxr-xr-x: Operation not permitted
build	Cache Android SDK	2026-06-06T12:22:56.2698551Z /usr/bin/tar: ../../../../../usr/local/lib/android/sdk/platforms/android-36/data/res/values-mcc310-mnc950-sq: Cannot utime: Operation not permitted
build	Cache Android SDK	2026-06-06T12:22:56.2699484Z /usr/bin/tar: ../../../../../usr/local/lib/android/sdk/platforms/android-36/data/res/values-mcc310-mnc950-sq: Cannot change mode to rwxr-xr-x: Operation not permitted
build	Cache Android SDK	2026-06-06T12:22:56.2701400Z /usr/bin/tar: ../../../../../usr/local/lib/android/sdk/platforms/android-36/data/res/values-fa-watch: Cannot utime: Operation not permitted
build	Cache Android SDK	2026-06-06T12:22:56.2702299Z /usr/bin/tar: ../../../../../usr/local/lib/android/sdk/platforms/android-36/data/res/values-fa-watch: Cannot change mode to rwxr-xr-x: Operation not permitted
build	Cache Android SDK	2026-06-06T12:22:56.2704595Z /usr/bin/tar: ../../../../../usr/local/lib/android/sdk/platforms/android-36/data/res/values-mcc310-mnc170-sw: Cannot utime: Operation not permitted
build	Cache Android SDK	2026-06-06T12:22:56.2705529Z /usr/bin/tar: ../../../../../usr/local/lib/android/sdk/platforms/android-36/data/res/values-mcc310-mnc170-sw: Cannot change mode to rwxr-xr-x: Operation not permitted
build	Cache Android SDK	2026-06-06T12:22:56.2707498Z /usr/bin/tar: ../../../../../usr/local/lib/android/sdk/platforms/android-36/data/res/values-mcc310-mnc250-sr: Cannot utime: Operation not permitted
build	Cache Android SDK	2026-06-06T12:22:56.2708586Z /usr/bin/tar: ../../../../../usr/local/lib/android/sdk/platforms/android-36/data/res/values-mcc310-mnc250-sr: Cannot change mode to rwxr-xr-x: Operation not permitted
build	Cache Android SDK	2026-06-06T12:22:56.2710270Z /usr/bin/tar: ../../../../../usr/local/lib/android/sdk/platforms/android-36/data/res/values-mcc311-mnc180-hr: Cannot utime: Operation not permitted
build	Cache Android SDK	2026-06-06T12:22:56.2711189Z /usr/bin/tar: ../../../../../usr/local/lib/android/sdk/platforms/android-36/data/res/values-mcc311-mnc180-hr: Cannot change mode to rwxr-xr-x: Operation not permitted
build	Cache Android SDK	2026-06-06T12:22:56.2713458Z /usr/bin/tar: ../../../../../usr/local/lib/android/sdk/platforms/android-36/data/res/values-mcc310-mnc560-da: Cannot utime: Operation not permitted
build	Cache Android SDK	2026-06-06T12:22:56.2714374Z /usr/bin/tar: ../../../../../usr/local/lib/android/sdk/platforms/android-36/data/res/values-mcc310-mnc560-da: Cannot change mode to rwxr-xr-x: Operation not permitted
build	Cache Android SDK	2026-06-06T12:22:56.2716279Z /usr/bin/tar: ../../../../../usr/local/lib/android/sdk/platforms/android-36/data/res/values-af-television: Cannot utime: Operation not permitted
build	Cache Android SDK	2026-06-06T12:22:56.2717209Z /usr/bin/tar: ../../../../../usr/local/lib/android/sdk/platforms/android-36/data/res/values-af-television: Cannot change mode to rwxr-xr-x: Operation not permitted
build	Cache Android SDK	2026-06-06T12:22:56.2724306Z /usr/bin/tar: ../../../../../usr/local/lib/android/sdk/platforms/android-36/data/res/values-tr: Cannot utime: Operation not permitted
build	Cache Android SDK	2026-06-06T12:22:56.2725995Z /usr/bin/tar: ../../../../../usr/local/lib/android/sdk/platforms/android-36/data/res/values-tr: Cannot change mode to rwxr-xr-x: Operation not permitted
build	Cache Android SDK	2026-06-06T12:22:56.2727617Z /usr/bin/tar: ../../../../../usr/local/lib/android/sdk/platforms/android-36/data/res/values-mcc232: Cannot utime: Operation not permitted
build	Cache Android SDK	2026-06-06T12:22:56.2728540Z /usr/bin/tar: ../../../../../usr/local/lib/android/sdk/platforms/android-36/data/res/values-mcc232: Cannot change mode to rwxr-xr-x: Operation not permitted
build	Cache Android SDK	2026-06-06T12:22:56.2730899Z /usr/bin/tar: ../../../../../usr/local/lib/android/sdk/platforms/android-36/data/res/values-mcc310-mnc950-ca: Cannot utime: Operation not permitted
build	Cache Android SDK	2026-06-06T12:22:56.2731854Z /usr/bin/tar: ../../../../../usr/local/lib/android/sdk/platforms/android-36/data/res/values-mcc310-mnc950-ca: Cannot change mode to rwxr-xr-x: Operation not permitted
build	Cache Android SDK	2026-06-06T12:22:56.2734275Z /usr/bin/tar: ../../../../../usr/local/lib/android/sdk/platforms/android-36/data/res/values-mcc001-mnc01-zh-rTW: Cannot utime: Operation not permitted
build	Cache Android SDK	2026-06-06T12:22:56.2735226Z /usr/bin/tar: ../../../../../usr/local/lib/android/sdk/platforms/android-36/data/res/values-mcc001-mnc01-zh-rTW: Cannot change mode to rwxr-xr-x: Operation not permitted
build	Cache Android SDK	2026-06-06T12:22:56.2737628Z /usr/bin/tar: ../../../../../usr/local/lib/android/sdk/platforms/android-36/data/res/values-mcc310-mnc410-bg: Cannot utime: Operation not permitted
build	Cache Android SDK	2026-06-06T12:22:56.2738558Z /usr/bin/tar: ../../../../../usr/local/lib/android/sdk/platforms/android-36/data/res/values-mcc310-mnc410-bg: Cannot change mode to rwxr-xr-x: Operation not permitted
build	Cache Android SDK	2026-06-06T12:22:56.2741028Z /usr/bin/tar: ../../../../../usr/local/lib/android/sdk/platforms/android-36/data/res/values-mcc310-mnc270-be: Cannot utime: Operation not permitted
build	Cache Android SDK	2026-06-06T12:22:56.2741979Z /usr/bin/tar: ../../../../../usr/local/lib/android/sdk/platforms/android-36/data/res/values-mcc310-mnc270-be: Cannot change mode to rwxr-xr-x: Operation not permitted
build	Cache Android SDK	2026-06-06T12:22:56.2743997Z /usr/bin/tar: ../../../../../usr/local/lib/android/sdk/platforms/android-36/data/res/values-mcc302-mnc370-ar: Cannot utime: Operation not permitted
build	Cache Android SDK	2026-06-06T12:22:56.2744932Z /usr/bin/tar: ../../../../../usr/local/lib/android/sdk/platforms/android-36/data/res/values-mcc302-mnc370-ar: Cannot change mode to rwxr-xr-x: Operation not permitted
build	Cache Android SDK	2026-06-06T12:22:56.2747236Z /usr/bin/tar: ../../../../../usr/local/lib/android/sdk/platforms/android-36/data/res/values-mcc310-mnc250-lv: Cannot utime: Operation not permitted
build	Cache Android SDK	2026-06-06T12:22:56.2748453Z /usr/bin/tar: ../../../../../usr/local/lib/android/sdk/platforms/android-36/data/res/values-mcc310-mnc250-lv: Cannot change mode to rwxr-xr-x: Operation not permitted
build	Cache Android SDK	2026-06-06T12:22:56.2750709Z /usr/bin/tar: ../../../../../usr/local/lib/android/sdk/platforms/android-36/data/res/values-mcc310-mnc230-th: Cannot utime: Operation not permitted
build	Cache Android SDK	2026-06-06T12:22:56.2751736Z /usr/bin/tar: ../../../../../usr/local/lib/android/sdk/platforms/android-36/data/res/values-mcc310-mnc230-th: Cannot change mode to rwxr-xr-x: Operation not permitted
build	Cache Android SDK	2026-06-06T12:22:56.2753563Z /usr/bin/tar: ../../../../../usr/local/lib/android/sdk/platforms/android-36/data/res/values-mcc286: Cannot utime: Operation not permitted
build	Cache Android SDK	2026-06-06T12:22:56.2754438Z /usr/bin/tar: ../../../../../usr/local/lib/android/sdk/platforms/android-36/data/res/values-mcc286: Cannot change mode to rwxr-xr-x: Operation not permitted
build	Cache Android SDK	2026-06-06T12:22:56.2757104Z /usr/bin/tar: ../../../../../usr/local/lib/android/sdk/platforms/android-36/data/res/values-mcc310-mnc250-uz: Cannot utime: Operation not permitted
build	Cache Android SDK	2026-06-06T12:22:56.2758244Z /usr/bin/tar: ../../../../../usr/local/lib/android/sdk/platforms/android-36/data/res/values-mcc310-mnc250-uz: Cannot change mode to rwxr-xr-x: Operation not permitted
build	Cache Android SDK	2026-06-06T12:22:56.2760452Z /usr/bin/tar: ../../../../../usr/local/lib/android/sdk/platforms/android-36/data/res/values-mcc310-mnc240-eu: Cannot utime: Operation not permitted
build	Cache Android SDK	2026-06-06T12:22:56.2761387Z /usr/bin/tar: ../../../../../usr/local/lib/android/sdk/platforms/android-36/data/res/values-mcc310-mnc240-eu: Cannot change mode to rwxr-xr-x: Operation not permitted
build	Cache Android SDK	2026-06-06T12:22:56.2763804Z /usr/bin/tar: ../../../../../usr/local/lib/android/sdk/platforms/android-36/data/res/values-mcc310-mnc280-km: Cannot utime: Operation not permitted
build	Cache Android SDK	2026-06-06T12:22:56.2764736Z /usr/bin/tar: ../../../../../usr/local/lib/android/sdk/platforms/android-36/data/res/values-mcc310-mnc280-km: Cannot change mode to rwxr-xr-x: Operation not permitted
build	Cache Android SDK	2026-06-06T12:22:56.2767196Z /usr/bin/tar: ../../../../../usr/local/lib/android/sdk/platforms/android-36/data/res/values-mcc310-mnc150-et: Cannot utime: Operation not permitted
build	Cache Android SDK	2026-06-06T12:22:56.2768458Z /usr/bin/tar: ../../../../../usr/local/lib/android/sdk/platforms/android-36/data/res/values-mcc310-mnc150-et: Cannot change mode to rwxr-xr-x: Operation not permitted
build	Cache Android SDK	2026-06-06T12:22:56.2770912Z /usr/bin/tar: ../../../../../usr/local/lib/android/sdk/platforms/android-36/data/res/values-mcc310-mnc800-tl: Cannot utime: Operation not permitted
build	Cache Android SDK	2026-06-06T12:22:56.2771833Z /usr/bin/tar: ../../../../../usr/local/lib/android/sdk/platforms/android-36/data/res/values-mcc310-mnc800-tl: Cannot change mode to rwxr-xr-x: Operation not permitted
build	Cache Android SDK	2026-06-06T12:22:56.2774284Z /usr/bin/tar: ../../../../../usr/local/lib/android/sdk/platforms/android-36/data/res/values-mcc312-mnc670-bn: Cannot utime: Operation not permitted
build	Cache Android SDK	2026-06-06T12:22:56.2775329Z /usr/bin/tar: ../../../../../usr/local/lib/android/sdk/platforms/android-36/data/res/values-mcc312-mnc670-bn: Cannot change mode to rwxr-xr-x: Operation not permitted
build	Cache Android SDK	2026-06-06T12:22:56.2777460Z /usr/bin/tar: ../../../../../usr/local/lib/android/sdk/platforms/android-36/data/res/values-mcc234-mnc91: Cannot utime: Operation not permitted
build	Cache Android SDK	2026-06-06T12:22:56.2778390Z /usr/bin/tar: ../../../../../usr/local/lib/android/sdk/platforms/android-36/data/res/values-mcc234-mnc91: Cannot change mode to rwxr-xr-x: Operation not permitted
build	Cache Android SDK	2026-06-06T12:22:56.2780739Z /usr/bin/tar: ../../../../../usr/local/lib/android/sdk/platforms/android-36/data/res/values-mcc310-mnc210-hu: Cannot utime: Operation not permitted
build	Cache Android SDK	2026-06-06T12:22:56.2781667Z /usr/bin/tar: ../../../../../usr/local/lib/android/sdk/platforms/android-36/data/res/values-mcc310-mnc210-hu: Cannot change mode to rwxr-xr-x: Operation not permitted
build	Cache Android SDK	2026-06-06T12:22:56.2783316Z /usr/bin/tar: ../../../../../usr/local/lib/android/sdk/platforms/android-36/data/res/values-mcc310-mnc200-ne: Cannot utime: Operation not permitted
build	Cache Android SDK	2026-06-06T12:22:56.2784363Z /usr/bin/tar: ../../../../../usr/local/lib/android/sdk/platforms/android-36/data/res/values-mcc310-mnc200-ne: Cannot change mode to rwxr-xr-x: Operation not permitted
build	Cache Android SDK	2026-06-06T12:22:56.2786309Z /usr/bin/tar: ../../../../../usr/local/lib/android/sdk/platforms/android-36/data/res/values-mcc240-mnc05: Cannot utime: Operation not permitted
build	Cache Android SDK	2026-06-06T12:22:56.2787207Z /usr/bin/tar: ../../../../../usr/local/lib/android/sdk/platforms/android-36/data/res/values-mcc240-mnc05: Cannot change mode to rwxr-xr-x: Operation not permitted
build	Cache Android SDK	2026-06-06T12:22:56.2789721Z /usr/bin/tar: ../../../../../usr/local/lib/android/sdk/platforms/android-36/data/res/values-mcc312-mnc670-et: Cannot utime: Operation not permitted
build	Cache Android SDK	2026-06-06T12:22:56.2790815Z /usr/bin/tar: ../../../../../usr/local/lib/android/sdk/platforms/android-36/data/res/values-mcc312-mnc670-et: Cannot change mode to rwxr-xr-x: Operation not permitted
build	Cache Android SDK	2026-06-06T12:22:56.2793500Z /usr/bin/tar: ../../../../../usr/local/lib/android/sdk/platforms/android-36/data/res/values-mcc334-mnc020-bn: Cannot utime: Operation not permitted
build	Cache Android SDK	2026-06-06T12:22:56.2794614Z /usr/bin/tar: ../../../../../usr/local/lib/android/sdk/platforms/android-36/data/res/values-mcc334-mnc020-bn: Cannot change mode to rwxr-xr-x: Operation not permitted
build	Cache Android SDK	2026-06-06T12:22:56.2797008Z /usr/bin/tar: ../../../../../usr/local/lib/android/sdk/platforms/android-36/data/res/values-sw600dp-w960dp: Cannot utime: Operation not permitted
build	Cache Android SDK	2026-06-06T12:22:56.2798149Z /usr/bin/tar: ../../../../../usr/local/lib/android/sdk/platforms/android-36/data/res/values-sw600dp-w960dp: Cannot change mode to rwxr-xr-x: Operation not permitted
build	Cache Android SDK	2026-06-06T12:22:56.2800808Z /usr/bin/tar: ../../../../../usr/local/lib/android/sdk/platforms/android-36/data/res/values-mcc310-mnc660-is: Cannot utime: Operation not permitted
build	Cache Android SDK	2026-06-06T12:22:56.2802482Z /usr/bin/tar: ../../../../../usr/local/lib/android/sdk/platforms/android-36/data/res/values-mcc310-mnc660-is: Cannot change mode to rwxr-xr-x: Operation not permitted
build	Cache Android SDK	2026-06-06T12:22:56.2804247Z /usr/bin/tar: ../../../../../usr/local/lib/android/sdk/platforms/android-36/data/res/values-fr-rBE: Cannot utime: Operation not permitted
build	Cache Android SDK	2026-06-06T12:22:56.2805115Z /usr/bin/tar: ../../../../../usr/local/lib/android/sdk/platforms/android-36/data/res/values-fr-rBE: Cannot change mode to rwxr-xr-x: Operation not permitted
build	Cache Android SDK	2026-06-06T12:22:56.2807302Z /usr/bin/tar: ../../../../../usr/local/lib/android/sdk/platforms/android-36/data/res/values-mcc312-mnc670-es: Cannot utime: Operation not permitted
build	Cache Android SDK	2026-06-06T12:22:56.2808429Z /usr/bin/tar: ../../../../../usr/local/lib/android/sdk/platforms/android-36/data/res/values-mcc312-mnc670-es: Cannot change mode to rwxr-xr-x: Operation not permitted
build	Cache Android SDK	2026-06-06T12:22:56.2811148Z /usr/bin/tar: ../../../../../usr/local/lib/android/sdk/platforms/android-36/data/res/values-mcc310-mnc380-gu: Cannot utime: Operation not permitted
build	Cache Android SDK	2026-06-06T12:22:56.2812193Z /usr/bin/tar: ../../../../../usr/local/lib/android/sdk/platforms/android-36/data/res/values-mcc310-mnc380-gu: Cannot change mode to rwxr-xr-x: Operation not permitted
build	Cache Android SDK	2026-06-06T12:22:56.2814009Z /usr/bin/tar: ../../../../../usr/local/lib/android/sdk/platforms/android-36/data/res/values-mcc334-mnc020-uz: Cannot utime: Operation not permitted
build	Cache Android SDK	2026-06-06T12:22:56.2814946Z /usr/bin/tar: ../../../../../usr/local/lib/android/sdk/platforms/android-36/data/res/values-mcc334-mnc020-uz: Cannot change mode to rwxr-xr-x: Operation not permitted
build	Cache Android SDK	2026-06-06T12:22:56.2817499Z /usr/bin/tar: ../../../../../usr/local/lib/android/sdk/platforms/android-36/data/res/values-mcc302-mnc720-b+sr+Latn: Cannot utime: Operation not permitted
build	Cache Android SDK	2026-06-06T12:22:56.2818484Z /usr/bin/tar: ../../../../../usr/local/lib/android/sdk/platforms/android-36/data/res/values-mcc302-mnc720-b+sr+Latn: Cannot change mode to rwxr-xr-x: Operation not permitted
build	Cache Android SDK	2026-06-06T12:22:56.2824411Z /usr/bin/tar: ../../../../../usr/local/lib/android/sdk/platforms/android-36/data/res/values-af: Cannot utime: Operation not permitted
build	Cache Android SDK	2026-06-06T12:22:56.2825886Z /usr/bin/tar: ../../../../../usr/local/lib/android/sdk/platforms/android-36/data/res/values-af: Cannot change mode to rwxr-xr-x: Operation not permitted
build	Cache Android SDK	2026-06-06T12:22:56.2827733Z /usr/bin/tar: ../../../../../usr/local/lib/android/sdk/platforms/android-36/data/res/values-mcc334-mnc020-sk: Cannot utime: Operation not permitted
build	Cache Android SDK	2026-06-06T12:22:56.2828825Z /usr/bin/tar: ../../../../../usr/local/lib/android/sdk/platforms/android-36/data/res/values-mcc334-mnc020-sk: Cannot change mode to rwxr-xr-x: Operation not permitted
build	Cache Android SDK	2026-06-06T12:22:56.2830473Z /usr/bin/tar: ../../../../../usr/local/lib/android/sdk/platforms/android-36/data/res/values-mcc312-mnc670-de: Cannot utime: Operation not permitted
build	Cache Android SDK	2026-06-06T12:22:56.2831430Z /usr/bin/tar: ../../../../../usr/local/lib/android/sdk/platforms/android-36/data/res/values-mcc312-mnc670-de: Cannot change mode to rwxr-xr-x: Operation not permitted
build	Cache Android SDK	2026-06-06T12:22:56.2833912Z /usr/bin/tar: ../../../../../usr/local/lib/android/sdk/platforms/android-36/data/res/values-mcc310-mnc950-iw: Cannot utime: Operation not permitted
build	Cache Android SDK	2026-06-06T12:22:56.2834861Z /usr/bin/tar: ../../../../../usr/local/lib/android/sdk/platforms/android-36/data/res/values-mcc310-mnc950-iw: Cannot change mode to rwxr-xr-x: Operation not permitted
build	Cache Android SDK	2026-06-06T12:22:56.2836904Z /usr/bin/tar: ../../../../../usr/local/lib/android/sdk/platforms/android-36/data/res/values-mcc302-mnc370-de: Cannot utime: Operation not permitted
build	Cache Android SDK	2026-06-06T12:22:56.2838068Z /usr/bin/tar: ../../../../../usr/local/lib/android/sdk/platforms/android-36/data/res/values-mcc302-mnc370-de: Cannot change mode to rwxr-xr-x: Operation not permitted
build	Cache Android SDK	2026-06-06T12:22:56.2840042Z /usr/bin/tar: ../../../../../usr/local/lib/android/sdk/platforms/android-36/data/res/values-mcc310-mnc310-be: Cannot utime: Operation not permitted
build	Cache Android SDK	2026-06-06T12:22:56.2840964Z /usr/bin/tar: ../../../../../usr/local/lib/android/sdk/platforms/android-36/data/res/values-mcc310-mnc310-be: Cannot change mode to rwxr-xr-x: Operation not permitted
build	Cache Android SDK	2026-06-06T12:22:56.2844630Z /usr/bin/tar: ../../../../../usr/local/lib/android/sdk/platforms/android-36/data/res/values-da-watch: Cannot utime: Operation not permitted
build	Cache Android SDK	2026-06-06T12:22:56.2845733Z /usr/bin/tar: ../../../../../usr/local/lib/android/sdk/platforms/android-36/data/res/values-da-watch: Cannot change mode to rwxr-xr-x: Operation not permitted
build	Cache Android SDK	2026-06-06T12:22:56.2847320Z /usr/bin/tar: ../../../../../usr/local/lib/android/sdk/platforms/android-36/data/res/values-mcc312-mnc670-fr-rCA: Cannot utime: Operation not permitted
build	Cache Android SDK	2026-06-06T12:22:56.2848647Z /usr/bin/tar: ../../../../../usr/local/lib/android/sdk/platforms/android-36/data/res/values-mcc312-mnc670-fr-rCA: Cannot change mode to rwxr-xr-x: Operation not permitted
build	Cache Android SDK	2026-06-06T12:22:56.2850377Z /usr/bin/tar: ../../../../../usr/local/lib/android/sdk/platforms/android-36/data/res/values-mcc310-mnc410-lt: Cannot utime: Operation not permitted
build	Cache Android SDK	2026-06-06T12:22:56.2851407Z /usr/bin/tar: ../../../../../usr/local/lib/android/sdk/platforms/android-36/data/res/values-mcc310-mnc410-lt: Cannot change mode to rwxr-xr-x: Operation not permitted
build	Cache Android SDK	2026-06-06T12:22:56.2854581Z /usr/bin/tar: ../../../../../usr/local/lib/android/sdk/platforms/android-36/data/res/values-mcc311-mnc180-am: Cannot utime: Operation not permitted
build	Cache Android SDK	2026-06-06T12:22:56.2855534Z /usr/bin/tar: ../../../../../usr/local/lib/android/sdk/platforms/android-36/data/res/values-mcc311-mnc180-am: Cannot change mode to rwxr-xr-x: Operation not permitted
build	Cache Android SDK	2026-06-06T12:22:56.2858511Z /usr/bin/tar: ../../../../../usr/local/lib/android/sdk/platforms/android-36/data/res/values-mcc310-mnc410-pt-rBR: Cannot utime: Operation not permitted
build	Cache Android SDK	2026-06-06T12:22:56.2859572Z /usr/bin/tar: ../../../../../usr/local/lib/android/sdk/platforms/android-36/data/res/values-mcc310-mnc410-pt-rBR: Cannot change mode to rwxr-xr-x: Operation not permitted
build	Cache Android SDK	2026-06-06T12:22:56.2862364Z /usr/bin/tar: ../../../../../usr/local/lib/android/sdk/platforms/android-36/data/res/layout-television: Cannot utime: Operation not permitted
build	Cache Android SDK	2026-06-06T12:22:56.2863769Z /usr/bin/tar: ../../../../../usr/local/lib/android/sdk/platforms/android-36/data/res/layout-television: Cannot change mode to rwxr-xr-x: Operation not permitted
build	Cache Android SDK	2026-06-06T12:22:56.2865237Z /usr/bin/tar: ../../../../../usr/local/lib/android/sdk/platforms/android-36/data/res/values-mcc001-mnc01-hy: Cannot utime: Operation not permitted
build	Cache Android SDK	2026-06-06T12:22:56.2866285Z /usr/bin/tar: ../../../../../usr/local/lib/android/sdk/platforms/android-36/data/res/values-mcc001-mnc01-hy: Cannot change mode to rwxr-xr-x: Operation not permitted
build	Cache Android SDK	2026-06-06T12:22:56.2868070Z /usr/bin/tar: ../../../../../usr/local/lib/android/sdk/platforms/android-36/data/res/values-mcc310-mnc800-fa: Cannot utime: Operation not permitted
build	Cache Android SDK	2026-06-06T12:22:56.2868998Z /usr/bin/tar: ../../../../../usr/local/lib/android/sdk/platforms/android-36/data/res/values-mcc310-mnc800-fa: Cannot change mode to rwxr-xr-x: Operation not permitted
build	Cache Android SDK	2026-06-06T12:22:56.2871692Z /usr/bin/tar: ../../../../../usr/local/lib/android/sdk/platforms/android-36/data/res/values-mcc310-mnc220-ru: Cannot utime: Operation not permitted
build	Cache Android SDK	2026-06-06T12:22:56.2872628Z /usr/bin/tar: ../../../../../usr/local/lib/android/sdk/platforms/android-36/data/res/values-mcc310-mnc220-ru: Cannot change mode to rwxr-xr-x: Operation not permitted
build	Cache Android SDK	2026-06-06T12:22:56.2874453Z /usr/bin/tar: ../../../../../usr/local/lib/android/sdk/platforms/android-36/data/res/values-mcc302-mnc370-as: Cannot utime: Operation not permitted
build	Cache Android SDK	2026-06-06T12:22:56.2875396Z /usr/bin/tar: ../../../../../usr/local/lib/android/sdk/platforms/android-36/data/res/values-mcc302-mnc370-as: Cannot change mode to rwxr-xr-x: Operation not permitted
build	Cache Android SDK	2026-06-06T12:22:56.2882324Z /usr/bin/tar: ../../../../../usr/local/lib/android/sdk/platforms/android-36/data/res/values-my: Cannot utime: Operation not permitted
build	Cache Android SDK	2026-06-06T12:22:56.2883199Z /usr/bin/tar: ../../../../../usr/local/lib/android/sdk/platforms/android-36/data/res/values-my: Cannot change mode to rwxr-xr-x: Operation not permitted
build	Cache Android SDK	2026-06-06T12:22:56.2886332Z /usr/bin/tar: ../../../../../usr/local/lib/android/sdk/platforms/android-36/data/res/values-h480dp: Cannot utime: Operation not permitted
build	Cache Android SDK	2026-06-06T12:22:56.2887344Z /usr/bin/tar: ../../../../../usr/local/lib/android/sdk/platforms/android-36/data/res/values-h480dp: Cannot change mode to rwxr-xr-x: Operation not permitted
build	Cache Android SDK	2026-06-06T12:22:56.2889702Z /usr/bin/tar: ../../../../../usr/local/lib/android/sdk/platforms/android-36/data/res/values-mcc310-mnc150-km: Cannot utime: Operation not permitted
build	Cache Android SDK	2026-06-06T12:22:56.2891191Z /usr/bin/tar: ../../../../../usr/local/lib/android/sdk/platforms/android-36/data/res/values-mcc310-mnc150-km: Cannot change mode to rwxr-xr-x: Operation not permitted
build	Cache Android SDK	2026-06-06T12:22:56.2892371Z /usr/bin/tar: ../../../../../usr/local/lib/android/sdk/platforms/android-36/data/res/values-mcc310-mnc410-in: Cannot utime: Operation not permitted
build	Cache Android SDK	2026-06-06T12:22:56.2893417Z /usr/bin/tar: ../../../../../usr/local/lib/android/sdk/platforms/android-36/data/res/values-mcc310-mnc410-in: Cannot change mode to rwxr-xr-x: Operation not permitted
build	Cache Android SDK	2026-06-06T12:22:56.2895078Z /usr/bin/tar: ../../../../../usr/local/lib/android/sdk/platforms/android-36/data/res/values-mcc310-mnc950: Cannot utime: Operation not permitted
build	Cache Android SDK	2026-06-06T12:22:56.2896010Z /usr/bin/tar: ../../../../../usr/local/lib/android/sdk/platforms/android-36/data/res/values-mcc310-mnc950: Cannot change mode to rwxr-xr-x: Operation not permitted
build	Cache Android SDK	2026-06-06T12:22:56.2898917Z /usr/bin/tar: ../../../../../usr/local/lib/android/sdk/platforms/android-36/data/res/values-mcc310-mnc220-mn: Cannot utime: Operation not permitted
build	Cache Android SDK	2026-06-06T12:22:56.2899971Z /usr/bin/tar: ../../../../../usr/local/lib/android/sdk/platforms/android-36/data/res/values-mcc310-mnc220-mn: Cannot change mode to rwxr-xr-x: Operation not permitted
build	Cache Android SDK	2026-06-06T12:22:56.2901559Z /usr/bin/tar: ../../../../../usr/local/lib/android/sdk/platforms/android-36/data/res/values-mcc310-mnc950-ml: Cannot utime: Operation not permitted
build	Cache Android SDK	2026-06-06T12:22:56.2902502Z /usr/bin/tar: ../../../../../usr/local/lib/android/sdk/platforms/android-36/data/res/values-mcc310-mnc950-ml: Cannot change mode to rwxr-xr-x: Operation not permitted
build	Cache Android SDK	2026-06-06T12:22:56.2906329Z /usr/bin/tar: ../../../../../usr/local/lib/android/sdk/platforms/android-36/data/res/interpolator-watch: Cannot utime: Operation not permitted
build	Cache Android SDK	2026-06-06T12:22:56.2907273Z /usr/bin/tar: ../../../../../usr/local/lib/android/sdk/platforms/android-36/data/res/interpolator-watch: Cannot change mode to rwxr-xr-x: Operation not permitted
build	Cache Android SDK	2026-06-06T12:22:56.2913189Z /usr/bin/tar: ../../../../../usr/local/lib/android/sdk/platforms/android-36/data/res/values-lt: Cannot utime: Operation not permitted
build	Cache Android SDK	2026-06-06T12:22:56.2914050Z /usr/bin/tar: ../../../../../usr/local/lib/android/sdk/platforms/android-36/data/res/values-lt: Cannot change mode to rwxr-xr-x: Operation not permitted
build	Cache Android SDK	2026-06-06T12:22:56.2916854Z /usr/bin/tar: ../../../../../usr/local/lib/android/sdk/platforms/android-36/data/res/values-mcc310-mnc270-zu: Cannot utime: Operation not permitted
build	Cache Android SDK	2026-06-06T12:22:56.2918174Z /usr/bin/tar: ../../../../../usr/local/lib/android/sdk/platforms/android-36/data/res/values-mcc310-mnc270-zu: Cannot change mode to rwxr-xr-x: Operation not permitted
build	Cache Android SDK	2026-06-06T12:22:56.2919508Z /usr/bin/tar: ../../../../../usr/local/lib/android/sdk/platforms/android-36/data/res/values-sr-television: Cannot utime: Operation not permitted
build	Cache Android SDK	2026-06-06T12:22:56.2920512Z /usr/bin/tar: ../../../../../usr/local/lib/android/sdk/platforms/android-36/data/res/values-sr-television: Cannot change mode to rwxr-xr-x: Operation not permitted
build	Cache Android SDK	2026-06-06T12:22:56.2923142Z /usr/bin/tar: ../../../../../usr/local/lib/android/sdk/platforms/android-36/data/res/values-mcc312-mnc670-pt-rPT: Cannot utime: Operation not permitted
build	Cache Android SDK	2026-06-06T12:22:56.2924117Z /usr/bin/tar: ../../../../../usr/local/lib/android/sdk/platforms/android-36/data/res/values-mcc312-mnc670-pt-rPT: Cannot change mode to rwxr-xr-x: Operation not permitted
build	Cache Android SDK	2026-06-06T12:22:56.2926194Z /usr/bin/tar: ../../../../../usr/local/lib/android/sdk/platforms/android-36/data/res/values-bg-rBG: Cannot utime: Operation not permitted
build	Cache Android SDK	2026-06-06T12:22:56.2927077Z /usr/bin/tar: ../../../../../usr/local/lib/android/sdk/platforms/android-36/data/res/values-bg-rBG: Cannot change mode to rwxr-xr-x: Operation not permitted
build	Cache Android SDK	2026-06-06T12:22:56.2929306Z /usr/bin/tar: ../../../../../usr/local/lib/android/sdk/platforms/android-36/data/res/values-mcc310-mnc270-ko: Cannot utime: Operation not permitted
build	Cache Android SDK	2026-06-06T12:22:56.2930233Z /usr/bin/tar: ../../../../../usr/local/lib/android/sdk/platforms/android-36/data/res/values-mcc310-mnc270-ko: Cannot change mode to rwxr-xr-x: Operation not permitted
build	Cache Android SDK	2026-06-06T12:22:56.2932584Z /usr/bin/tar: ../../../../../usr/local/lib/android/sdk/platforms/android-36/data/res/values-mcc334-mnc020-nb: Cannot utime: Operation not permitted
build	Cache Android SDK	2026-06-06T12:22:56.2933513Z /usr/bin/tar: ../../../../../usr/local/lib/android/sdk/platforms/android-36/data/res/values-mcc334-mnc020-nb: Cannot change mode to rwxr-xr-x: Operation not permitted
build	Cache Android SDK	2026-06-06T12:22:56.2936029Z /usr/bin/tar: ../../../../../usr/local/lib/android/sdk/platforms/android-36/data/res/values-mcc310-mnc150-en-rGB: Cannot utime: Operation not permitted
build	Cache Android SDK	2026-06-06T12:22:56.2937008Z /usr/bin/tar: ../../../../../usr/local/lib/android/sdk/platforms/android-36/data/res/values-mcc310-mnc150-en-rGB: Cannot change mode to rwxr-xr-x: Operation not permitted
build	Cache Android SDK	2026-06-06T12:22:56.2939320Z /usr/bin/tar: ../../../../../usr/local/lib/android/sdk/platforms/android-36/data/res/values-mcc310-mnc380-en-rIN: Cannot utime: Operation not permitted
build	Cache Android SDK	2026-06-06T12:22:56.2940289Z /usr/bin/tar: ../../../../../usr/local/lib/android/sdk/platforms/android-36/data/res/values-mcc310-mnc380-en-rIN: Cannot change mode to rwxr-xr-x: Operation not permitted
build	Cache Android SDK	2026-06-06T12:22:56.2942339Z /usr/bin/tar: ../../../../../usr/local/lib/android/sdk/platforms/android-36/data/res/values-mcc310-mnc490-en-rAU: Cannot utime: Operation not permitted
build	Cache Android SDK	2026-06-06T12:22:56.2943319Z /usr/bin/tar: ../../../../../usr/local/lib/android/sdk/platforms/android-36/data/res/values-mcc310-mnc490-en-rAU: Cannot change mode to rwxr-xr-x: Operation not permitted
build	Cache Android SDK	2026-06-06T12:22:56.2945845Z /usr/bin/tar: ../../../../../usr/local/lib/android/sdk/platforms/android-36/data/res/values-mcc310-mnc380-vi: Cannot utime: Operation not permitted
build	Cache Android SDK	2026-06-06T12:22:56.2946856Z /usr/bin/tar: ../../../../../usr/local/lib/android/sdk/platforms/android-36/data/res/values-mcc310-mnc380-vi: Cannot change mode to rwxr-xr-x: Operation not permitted
build	Cache Android SDK	2026-06-06T12:22:56.2949618Z /usr/bin/tar: ../../../../../usr/local/lib/android/sdk/platforms/android-36/data/res/values-mcc310-mnc220-km: Cannot utime: Operation not permitted
build	Cache Android SDK	2026-06-06T12:22:56.2950554Z /usr/bin/tar: ../../../../../usr/local/lib/android/sdk/platforms/android-36/data/res/values-mcc310-mnc220-km: Cannot change mode to rwxr-xr-x: Operation not permitted
build	Cache Android SDK	2026-06-06T12:22:56.2953123Z /usr/bin/tar: ../../../../../usr/local/lib/android/sdk/platforms/android-36/data/res/values-mcc311-mnc180-b+sr+Latn: Cannot utime: Operation not permitted
build	Cache Android SDK	2026-06-06T12:22:56.2954229Z /usr/bin/tar: ../../../../../usr/local/lib/android/sdk/platforms/android-36/data/res/values-mcc311-mnc180-b+sr+Latn: Cannot change mode to rwxr-xr-x: Operation not permitted
build	Cache Android SDK	2026-06-06T12:22:56.2956410Z /usr/bin/tar: ../../../../../usr/local/lib/android/sdk/platforms/android-36/data/res/values-mcc313-mnc100-tr: Cannot utime: Operation not permitted
build	Cache Android SDK	2026-06-06T12:22:56.2957587Z /usr/bin/tar: ../../../../../usr/local/lib/android/sdk/platforms/android-36/data/res/values-mcc313-mnc100-tr: Cannot change mode to rwxr-xr-x: Operation not permitted
build	Cache Android SDK	2026-06-06T12:22:56.2959620Z /usr/bin/tar: ../../../../../usr/local/lib/android/sdk/platforms/android-36/data/res/values-mcc234-mnc15: Cannot utime: Operation not permitted
build	Cache Android SDK	2026-06-06T12:22:56.2960670Z /usr/bin/tar: ../../../../../usr/local/lib/android/sdk/platforms/android-36/data/res/values-mcc234-mnc15: Cannot change mode to rwxr-xr-x: Operation not permitted
build	Cache Android SDK	2026-06-06T12:22:56.2962996Z /usr/bin/tar: ../../../../../usr/local/lib/android/sdk/platforms/android-36/data/res/values-or-watch: Cannot utime: Operation not permitted
build	Cache Android SDK	2026-06-06T12:22:56.2963900Z /usr/bin/tar: ../../../../../usr/local/lib/android/sdk/platforms/android-36/data/res/values-or-watch: Cannot change mode to rwxr-xr-x: Operation not permitted
build	Cache Android SDK	2026-06-06T12:22:56.2968750Z /usr/bin/tar: ../../../../../usr/local/lib/android/sdk/platforms/android-36/data/res/values-mcc262: Cannot utime: Operation not permitted
build	Cache Android SDK	2026-06-06T12:22:56.2969634Z /usr/bin/tar: ../../../../../usr/local/lib/android/sdk/platforms/android-36/data/res/values-mcc262: Cannot change mode to rwxr-xr-x: Operation not permitted
build	Cache Android SDK	2026-06-06T12:22:56.2971660Z /usr/bin/tar: ../../../../../usr/local/lib/android/sdk/platforms/android-36/data/res/values-mcc310-mnc160-lt: Cannot utime: Operation not permitted
build	Cache Android SDK	2026-06-06T12:22:56.2972586Z /usr/bin/tar: ../../../../../usr/local/lib/android/sdk/platforms/android-36/data/res/values-mcc310-mnc160-lt: Cannot change mode to rwxr-xr-x: Operation not permitted
build	Cache Android SDK	2026-06-06T12:22:56.2975214Z /usr/bin/tar: ../../../../../usr/local/lib/android/sdk/platforms/android-36/data/res/values-mcc310-mnc280-gu: Cannot utime: Operation not permitted
build	Cache Android SDK	2026-06-06T12:22:56.2976151Z /usr/bin/tar: ../../../../../usr/local/lib/android/sdk/platforms/android-36/data/res/values-mcc310-mnc280-gu: Cannot change mode to rwxr-xr-x: Operation not permitted
build	Cache Android SDK	2026-06-06T12:22:56.2978605Z /usr/bin/tar: ../../../../../usr/local/lib/android/sdk/platforms/android-36/data/res/values-mcc310-mnc030-sq: Cannot utime: Operation not permitted
build	Cache Android SDK	2026-06-06T12:22:56.2979532Z /usr/bin/tar: ../../../../../usr/local/lib/android/sdk/platforms/android-36/data/res/values-mcc310-mnc030-sq: Cannot change mode to rwxr-xr-x: Operation not permitted
build	Cache Android SDK	2026-06-06T12:22:56.2982143Z /usr/bin/tar: ../../../../../usr/local/lib/android/sdk/platforms/android-36/data/res/values-mcc310-mnc240-pt: Cannot utime: Operation not permitted
build	Cache Android SDK	2026-06-06T12:22:56.2983085Z /usr/bin/tar: ../../../../../usr/local/lib/android/sdk/platforms/android-36/data/res/values-mcc310-mnc240-pt: Cannot change mode to rwxr-xr-x: Operation not permitted
build	Cache Android SDK	2026-06-06T12:22:56.2986225Z /usr/bin/tar: ../../../../../usr/local/lib/android/sdk/platforms/android-36/data/res/values-mcc302-mnc370-es-rUS: Cannot utime: Operation not permitted
build	Cache Android SDK	2026-06-06T12:22:56.2987528Z /usr/bin/tar: ../../../../../usr/local/lib/android/sdk/platforms/android-36/data/res/values-mcc302-mnc370-es-rUS: Cannot change mode to rwxr-xr-x: Operation not permitted
build	Cache Android SDK	2026-06-06T12:22:56.2988803Z /usr/bin/tar: ../../../../../usr/local/lib/android/sdk/platforms/android-36/data/res/values-nl-watch: Cannot utime: Operation not permitted
build	Cache Android SDK	2026-06-06T12:22:56.2989690Z /usr/bin/tar: ../../../../../usr/local/lib/android/sdk/platforms/android-36/data/res/values-nl-watch: Cannot change mode to rwxr-xr-x: Operation not permitted
build	Cache Android SDK	2026-06-06T12:22:56.3001340Z /usr/bin/tar: ../../../../../usr/local/lib/android/sdk/platforms/android-36/data/res/values-cs: Cannot utime: Operation not permitted
build	Cache Android SDK	2026-06-06T12:22:56.3002480Z /usr/bin/tar: ../../../../../usr/local/lib/android/sdk/platforms/android-36/data/res/values-cs: Cannot change mode to rwxr-xr-x: Operation not permitted
build	Cache Android SDK	2026-06-06T12:22:56.3004918Z /usr/bin/tar: ../../../../../usr/local/lib/android/sdk/platforms/android-36/data/res/values-mcc311-mnc180-eu: Cannot utime: Operation not permitted
build	Cache Android SDK	2026-06-06T12:22:56.3005997Z /usr/bin/tar: ../../../../../usr/local/lib/android/sdk/platforms/android-36/data/res/values-mcc311-mnc180-eu: Cannot change mode to rwxr-xr-x: Operation not permitted
build	Cache Android SDK	2026-06-06T12:22:56.3009414Z /usr/bin/tar: ../../../../../usr/local/lib/android/sdk/platforms/android-36/data/res/values-mcc310-mnc210-km: Cannot utime: Operation not permitted
build	Cache Android SDK	2026-06-06T12:22:56.3010369Z /usr/bin/tar: ../../../../../usr/local/lib/android/sdk/platforms/android-36/data/res/values-mcc310-mnc210-km: Cannot change mode to rwxr-xr-x: Operation not permitted
build	Cache Android SDK	2026-06-06T12:22:56.3012804Z /usr/bin/tar: ../../../../../usr/local/lib/android/sdk/platforms/android-36/data/res/values-mcc313-mnc100-ja: Cannot utime: Operation not permitted
build	Cache Android SDK	2026-06-06T12:22:56.3013763Z /usr/bin/tar: ../../../../../usr/local/lib/android/sdk/platforms/android-36/data/res/values-mcc313-mnc100-ja: Cannot change mode to rwxr-xr-x: Operation not permitted
build	Cache Android SDK	2026-06-06T12:22:56.3016582Z /usr/bin/tar: ../../../../../usr/local/lib/android/sdk/platforms/android-36/data/res/values-mcc334-mnc020-sw: Cannot utime: Operation not permitted
build	Cache Android SDK	2026-06-06T12:22:56.3017643Z /usr/bin/tar: ../../../../../usr/local/lib/android/sdk/platforms/android-36/data/res/values-mcc334-mnc020-sw: Cannot change mode to rwxr-xr-x: Operation not permitted
build	Cache Android SDK	2026-06-06T12:22:56.3020247Z /usr/bin/tar: ../../../../../usr/local/lib/android/sdk/platforms/android-36/data/res/values-mcc310-mnc200-ta: Cannot utime: Operation not permitted
build	Cache Android SDK	2026-06-06T12:22:56.3021204Z /usr/bin/tar: ../../../../../usr/local/lib/android/sdk/platforms/android-36/data/res/values-mcc310-mnc200-ta: Cannot change mode to rwxr-xr-x: Operation not permitted
build	Cache Android SDK	2026-06-06T12:22:56.3024130Z /usr/bin/tar: ../../../../../usr/local/lib/android/sdk/platforms/android-36/data/res/values-mcc310-mnc800-kn: Cannot utime: Operation not permitted
build	Cache Android SDK	2026-06-06T12:22:56.3025083Z /usr/bin/tar: ../../../../../usr/local/lib/android/sdk/platforms/android-36/data/res/values-mcc310-mnc800-kn: Cannot change mode to rwxr-xr-x: Operation not permitted
build	Cache Android SDK	2026-06-06T12:22:56.3026784Z /usr/bin/tar: ../../../../../usr/local/lib/android/sdk/platforms/android-36/data/res/values-mcc310-mnc800: Cannot utime: Operation not permitted
build	Cache Android SDK	2026-06-06T12:22:56.3027868Z /usr/bin/tar: ../../../../../usr/local/lib/android/sdk/platforms/android-36/data/res/values-mcc310-mnc800: Cannot change mode to rwxr-xr-x: Operation not permitted
build	Cache Android SDK	2026-06-06T12:22:56.3030584Z /usr/bin/tar: ../../../../../usr/local/lib/android/sdk/platforms/android-36/data/res/values-mcc310-mnc410-en-rXC: Cannot utime: Operation not permitted
build	Cache Android SDK	2026-06-06T12:22:56.3031566Z /usr/bin/tar: ../../../../../usr/local/lib/android/sdk/platforms/android-36/data/res/values-mcc310-mnc410-en-rXC: Cannot change mode to rwxr-xr-x: Operation not permitted
build	Cache Android SDK	2026-06-06T12:22:56.3034462Z /usr/bin/tar: ../../../../../usr/local/lib/android/sdk/platforms/android-36/data/res/values-mcc310-mnc220-bn: Cannot utime: Operation not permitted
build	Cache Android SDK	2026-06-06T12:22:56.3035533Z /usr/bin/tar: ../../../../../usr/local/lib/android/sdk/platforms/android-36/data/res/values-mcc310-mnc220-bn: Cannot change mode to rwxr-xr-x: Operation not permitted
build	Cache Android SDK	2026-06-06T12:22:56.3039338Z /usr/bin/tar: ../../../../../usr/local/lib/android/sdk/platforms/android-36/data/res/values-mcc310-mnc490-ca: Cannot utime: Operation not permitted
build	Cache Android SDK	2026-06-06T12:22:56.3040609Z /usr/bin/tar: ../../../../../usr/local/lib/android/sdk/platforms/android-36/data/res/values-mcc310-mnc490-ca: Cannot change mode to rwxr-xr-x: Operation not permitted
build	Cache Android SDK	2026-06-06T12:22:56.3043422Z /usr/bin/tar: ../../../../../usr/local/lib/android/sdk/platforms/android-36/data/res/values-en-rAU-watch: Cannot utime: Operation not permitted
build	Cache Android SDK	2026-06-06T12:22:56.3044527Z /usr/bin/tar: ../../../../../usr/local/lib/android/sdk/platforms/android-36/data/res/values-en-rAU-watch: Cannot change mode to rwxr-xr-x: Operation not permitted
build	Cache Android SDK	2026-06-06T12:22:56.3047121Z /usr/bin/tar: ../../../../../usr/local/lib/android/sdk/platforms/android-36/data/res/values-mcc310-mnc220-et: Cannot utime: Operation not permitted
build	Cache Android SDK	2026-06-06T12:22:56.3048643Z /usr/bin/tar: ../../../../../usr/local/lib/android/sdk/platforms/android-36/data/res/values-mcc310-mnc220-et: Cannot change mode to rwxr-xr-x: Operation not permitted
build	Cache Android SDK	2026-06-06T12:22:56.3050304Z /usr/bin/tar: ../../../../../usr/local/lib/android/sdk/platforms/android-36/data/res/values-w195dp: Cannot utime: Operation not permitted
build	Cache Android SDK	2026-06-06T12:22:56.3051193Z /usr/bin/tar: ../../../../../usr/local/lib/android/sdk/platforms/android-36/data/res/values-w195dp: Cannot change mode to rwxr-xr-x: Operation not permitted
build	Cache Android SDK	2026-06-06T12:22:56.3054034Z /usr/bin/tar: ../../../../../usr/local/lib/android/sdk/platforms/android-36/data/res/values-mcc310-mnc410-is: Cannot utime: Operation not permitted
build	Cache Android SDK	2026-06-06T12:22:56.3054991Z /usr/bin/tar: ../../../../../usr/local/lib/android/sdk/platforms/android-36/data/res/values-mcc310-mnc410-is: Cannot change mode to rwxr-xr-x: Operation not permitted
build	Cache Android SDK	2026-06-06T12:22:56.3058189Z /usr/bin/tar: ../../../../../usr/local/lib/android/sdk/platforms/android-36/data/res/values-mcc302-mnc370-vi: Cannot utime: Operation not permitted
build	Cache Android SDK	2026-06-06T12:22:56.3059334Z /usr/bin/tar: ../../../../../usr/local/lib/android/sdk/platforms/android-36/data/res/values-mcc302-mnc370-vi: Cannot change mode to rwxr-xr-x: Operation not permitted
build	Cache Android SDK	2026-06-06T12:22:56.3061064Z /usr/bin/tar: ../../../../../usr/local/lib/android/sdk/platforms/android-36/data/res/values-w426dp-h320dp: Cannot utime: Operation not permitted
build	Cache Android SDK	2026-06-06T12:22:56.3062270Z /usr/bin/tar: ../../../../../usr/local/lib/android/sdk/platforms/android-36/data/res/values-w426dp-h320dp: Cannot change mode to rwxr-xr-x: Operation not permitted
build	Cache Android SDK	2026-06-06T12:22:56.3064659Z /usr/bin/tar: ../../../../../usr/local/lib/android/sdk/platforms/android-36/data/res/values-mcc310-mnc200-iw: Cannot utime: Operation not permitted
build	Cache Android SDK	2026-06-06T12:22:56.3065596Z /usr/bin/tar: ../../../../../usr/local/lib/android/sdk/platforms/android-36/data/res/values-mcc310-mnc200-iw: Cannot change mode to rwxr-xr-x: Operation not permitted
build	Cache Android SDK	2026-06-06T12:22:56.3068844Z /usr/bin/tar: ../../../../../usr/local/lib/android/sdk/platforms/android-36/data/res/values-mcc001-mnc01-sl: Cannot utime: Operation not permitted
build	Cache Android SDK	2026-06-06T12:22:56.3069769Z /usr/bin/tar: ../../../../../usr/local/lib/android/sdk/platforms/android-36/data/res/values-mcc001-mnc01-sl: Cannot change mode to rwxr-xr-x: Operation not permitted
build	Cache Android SDK	2026-06-06T12:22:56.3072029Z /usr/bin/tar: ../../../../../usr/local/lib/android/sdk/platforms/android-36/data/res/values-mcc313-mnc100-ro: Cannot utime: Operation not permitted
build	Cache Android SDK	2026-06-06T12:22:56.3072981Z /usr/bin/tar: ../../../../../usr/local/lib/android/sdk/platforms/android-36/data/res/values-mcc313-mnc100-ro: Cannot change mode to rwxr-xr-x: Operation not permitted
build	Cache Android SDK	2026-06-06T12:22:56.3075133Z /usr/bin/tar: ../../../../../usr/local/lib/android/sdk/platforms/android-36/data/res/values-mcc001-mnc01-en-rGB: Cannot utime: Operation not permitted
build	Cache Android SDK	2026-06-06T12:22:56.3079012Z /usr/bin/tar: ../../../../../usr/local/lib/android/sdk/platforms/android-36/data/res/values-mcc001-mnc01-en-rGB: Cannot change mode to rwxr-xr-x: Operation not permitted
build	Cache Android SDK	2026-06-06T12:22:56.3079978Z /usr/bin/tar: ../../../../../usr/local/lib/android/sdk/platforms/android-36/data/res/values-mcc310-mnc230-et: Cannot utime: Operation not permitted
build	Cache Android SDK	2026-06-06T12:22:56.3081600Z /usr/bin/tar: ../../../../../usr/local/lib/android/sdk/platforms/android-36/data/res/values-mcc310-mnc230-et: Cannot change mode to rwxr-xr-x: Operation not permitted
build	Cache Android SDK	2026-06-06T12:22:56.3082732Z /usr/bin/tar: ../../../../../usr/local/lib/android/sdk/platforms/android-36/data/res/values-mcc313-mnc100-ko: Cannot utime: Operation not permitted
build	Cache Android SDK	2026-06-06T12:22:56.3083764Z /usr/bin/tar: ../../../../../usr/local/lib/android/sdk/platforms/android-36/data/res/values-mcc313-mnc100-ko: Cannot change mode to rwxr-xr-x: Operation not permitted
build	Cache Android SDK	2026-06-06T12:22:56.3087281Z /usr/bin/tar: ../../../../../usr/local/lib/android/sdk/platforms/android-36/data/res/values-mcc310-mnc380-fr: Cannot utime: Operation not permitted
build	Cache Android SDK	2026-06-06T12:22:56.3088967Z /usr/bin/tar: ../../../../../usr/local/lib/android/sdk/platforms/android-36/data/res/values-mcc310-mnc380-fr: Cannot change mode to rwxr-xr-x: Operation not permitted
build	Cache Android SDK	2026-06-06T12:22:56.3090326Z /usr/bin/tar: ../../../../../usr/local/lib/android/sdk/platforms/android-36/data/res/values-mcc310-mnc250-bn: Cannot utime: Operation not permitted
build	Cache Android SDK	2026-06-06T12:22:56.3091246Z /usr/bin/tar: ../../../../../usr/local/lib/android/sdk/platforms/android-36/data/res/values-mcc310-mnc250-bn: Cannot change mode to rwxr-xr-x: Operation not permitted
build	Cache Android SDK	2026-06-06T12:22:56.3094201Z /usr/bin/tar: ../../../../../usr/local/lib/android/sdk/platforms/android-36/data/res/values-mcc302-mnc720-lo: Cannot utime: Operation not permitted
build	Cache Android SDK	2026-06-06T12:22:56.3095149Z /usr/bin/tar: ../../../../../usr/local/lib/android/sdk/platforms/android-36/data/res/values-mcc302-mnc720-lo: Cannot change mode to rwxr-xr-x: Operation not permitted
build	Cache Android SDK	2026-06-06T12:22:56.3098075Z /usr/bin/tar: ../../../../../usr/local/lib/android/sdk/platforms/android-36/data/res/values-mcc310-mnc210-mn: Cannot utime: Operation not permitted
build	Cache Android SDK	2026-06-06T12:22:56.3099111Z /usr/bin/tar: ../../../../../usr/local/lib/android/sdk/platforms/android-36/data/res/values-mcc310-mnc210-mn: Cannot change mode to rwxr-xr-x: Operation not permitted
build	Cache Android SDK	2026-06-06T12:22:56.3101001Z /usr/bin/tar: ../../../../../usr/local/lib/android/sdk/platforms/android-36/data/res/values-mcc310-mnc230-gl: Cannot utime: Operation not permitted
build	Cache Android SDK	2026-06-06T12:22:56.3101944Z /usr/bin/tar: ../../../../../usr/local/lib/android/sdk/platforms/android-36/data/res/values-mcc310-mnc230-gl: Cannot change mode to rwxr-xr-x: Operation not permitted
build	Cache Android SDK	2026-06-06T12:22:56.3105699Z /usr/bin/tar: ../../../../../usr/local/lib/android/sdk/platforms/android-36/data/res/values-mcc310-mnc230-bg: Cannot utime: Operation not permitted
build	Cache Android SDK	2026-06-06T12:22:56.3106636Z /usr/bin/tar: ../../../../../usr/local/lib/android/sdk/platforms/android-36/data/res/values-mcc310-mnc230-bg: Cannot change mode to rwxr-xr-x: Operation not permitted
build	Cache Android SDK	2026-06-06T12:22:56.3109428Z /usr/bin/tar: ../../../../../usr/local/lib/android/sdk/platforms/android-36/data/res/values-mcc310-mnc250-pt: Cannot utime: Operation not permitted
build	Cache Android SDK	2026-06-06T12:22:56.3110363Z /usr/bin/tar: ../../../../../usr/local/lib/android/sdk/platforms/android-36/data/res/values-mcc310-mnc250-pt: Cannot change mode to rwxr-xr-x: Operation not permitted
build	Cache Android SDK	2026-06-06T12:22:56.3113158Z /usr/bin/tar: ../../../../../usr/local/lib/android/sdk/platforms/android-36/data/res/values-mcc310-mnc160-ko: Cannot utime: Operation not permitted
build	Cache Android SDK	2026-06-06T12:22:56.3114221Z /usr/bin/tar: ../../../../../usr/local/lib/android/sdk/platforms/android-36/data/res/values-mcc310-mnc160-ko: Cannot change mode to rwxr-xr-x: Operation not permitted
build	Cache Android SDK	2026-06-06T12:22:56.3115985Z /usr/bin/tar: ../../../../../usr/local/lib/android/sdk/platforms/android-36/data/res/values-mcc310-mnc410-sq: Cannot utime: Operation not permitted
build	Cache Android SDK	2026-06-06T12:22:56.3117494Z /usr/bin/tar: ../../../../../usr/local/lib/android/sdk/platforms/android-36/data/res/values-mcc310-mnc410-sq: Cannot change mode to rwxr-xr-x: Operation not permitted
build	Cache Android SDK	2026-06-06T12:22:56.3120586Z /usr/bin/tar: ../../../../../usr/local/lib/android/sdk/platforms/android-36/data/res/values-w480dp: Cannot utime: Operation not permitted
build	Cache Android SDK	2026-06-06T12:22:56.3121505Z /usr/bin/tar: ../../../../../usr/local/lib/android/sdk/platforms/android-36/data/res/values-w480dp: Cannot change mode to rwxr-xr-x: Operation not permitted
build	Cache Android SDK	2026-06-06T12:22:56.3124289Z /usr/bin/tar: ../../../../../usr/local/lib/android/sdk/platforms/android-36/data/res/values-mcc310-mnc560-is: Cannot utime: Operation not permitted
build	Cache Android SDK	2026-06-06T12:22:56.3125485Z /usr/bin/tar: ../../../../../usr/local/lib/android/sdk/platforms/android-36/data/res/values-mcc310-mnc560-is: Cannot change mode to rwxr-xr-x: Operation not permitted
build	Cache Android SDK	2026-06-06T12:22:56.3127086Z /usr/bin/tar: ../../../../../usr/local/lib/android/sdk/platforms/android-36/data/res/values-mn-watch: Cannot utime: Operation not permitted
build	Cache Android SDK	2026-06-06T12:22:56.3128270Z /usr/bin/tar: ../../../../../usr/local/lib/android/sdk/platforms/android-36/data/res/values-mn-watch: Cannot change mode to rwxr-xr-x: Operation not permitted
build	Cache Android SDK	2026-06-06T12:22:56.3130803Z /usr/bin/tar: ../../../../../usr/local/lib/android/sdk/platforms/android-36/data/res/values-mcc302-mnc720-ru: Cannot utime: Operation not permitted
build	Cache Android SDK	2026-06-06T12:22:56.3131747Z /usr/bin/tar: ../../../../../usr/local/lib/android/sdk/platforms/android-36/data/res/values-mcc302-mnc720-ru: Cannot change mode to rwxr-xr-x: Operation not permitted
build	Cache Android SDK	2026-06-06T12:22:56.3134312Z /usr/bin/tar: ../../../../../usr/local/lib/android/sdk/platforms/android-36/data/res/values-mcc310-mnc950-zh-rCN: Cannot utime: Operation not permitted
build	Cache Android SDK	2026-06-06T12:22:56.3135289Z /usr/bin/tar: ../../../../../usr/local/lib/android/sdk/platforms/android-36/data/res/values-mcc310-mnc950-zh-rCN: Cannot change mode to rwxr-xr-x: Operation not permitted
build	Cache Android SDK	2026-06-06T12:22:56.3138275Z /usr/bin/tar: ../../../../../usr/local/lib/android/sdk/platforms/android-36/data/res/values-mcc310-mnc950-cs: Cannot utime: Operation not permitted
build	Cache Android SDK	2026-06-06T12:22:56.3139453Z /usr/bin/tar: ../../../../../usr/local/lib/android/sdk/platforms/android-36/data/res/values-mcc310-mnc950-cs: Cannot change mode to rwxr-xr-x: Operation not permitted
build	Cache Android SDK	2026-06-06T12:22:56.3141030Z /usr/bin/tar: ../../../../../usr/local/lib/android/sdk/platforms/android-36/data/res/values-mcc310-mnc200-pt: Cannot utime: Operation not permitted
build	Cache Android SDK	2026-06-06T12:22:56.3141977Z /usr/bin/tar: ../../../../../usr/local/lib/android/sdk/platforms/android-36/data/res/values-mcc310-mnc200-pt: Cannot change mode to rwxr-xr-x: Operation not permitted
build	Cache Android SDK	2026-06-06T12:22:56.3144432Z /usr/bin/tar: ../../../../../usr/local/lib/android/sdk/platforms/android-36/data/res/values-mcc310-mnc240-fr-rCA: Cannot utime: Operation not permitted
build	Cache Android SDK	2026-06-06T12:22:56.3145416Z /usr/bin/tar: ../../../../../usr/local/lib/android/sdk/platforms/android-36/data/res/values-mcc310-mnc240-fr-rCA: Cannot change mode to rwxr-xr-x: Operation not permitted
build	Cache Android SDK	2026-06-06T12:22:56.3148130Z /usr/bin/tar: ../../../../../usr/local/lib/android/sdk/platforms/android-36/data/res/values-mcc311-mnc180-pl: Cannot utime: Operation not permitted
build	Cache Android SDK	2026-06-06T12:22:56.3149069Z /usr/bin/tar: ../../../../../usr/local/lib/android/sdk/platforms/android-36/data/res/values-mcc311-mnc180-pl: Cannot change mode to rwxr-xr-x: Operation not permitted
build	Cache Android SDK	2026-06-06T12:22:56.3152377Z /usr/bin/tar: ../../../../../usr/local/lib/android/sdk/platforms/android-36/data/res/values-ka-television: Cannot utime: Operation not permitted
build	Cache Android SDK	2026-06-06T12:22:56.3153310Z /usr/bin/tar: ../../../../../usr/local/lib/android/sdk/platforms/android-36/data/res/values-ka-television: Cannot change mode to rwxr-xr-x: Operation not permitted
build	Cache Android SDK	2026-06-06T12:22:56.3155452Z /usr/bin/tar: ../../../../../usr/local/lib/android/sdk/platforms/android-36/data/res/values-mcc310-mnc310-hr: Cannot utime: Operation not permitted
build	Cache Android SDK	2026-06-06T12:22:56.3156469Z /usr/bin/tar: ../../../../../usr/local/lib/android/sdk/platforms/android-36/data/res/values-mcc310-mnc310-hr: Cannot change mode to rwxr-xr-x: Operation not permitted
build	Cache Android SDK	2026-06-06T12:22:56.3162351Z /usr/bin/tar: ../../../../../usr/local/lib/android/sdk/platforms/android-36/data/res/animator: Cannot utime: Operation not permitted
build	Cache Android SDK	2026-06-06T12:22:56.3163227Z /usr/bin/tar: ../../../../../usr/local/lib/android/sdk/platforms/android-36/data/res/animator: Cannot change mode to rwxr-xr-x: Operation not permitted
build	Cache Android SDK	2026-06-06T12:22:56.3165743Z /usr/bin/tar: ../../../../../usr/local/lib/android/sdk/platforms/android-36/data/res/values-az-television: Cannot utime: Operation not permitted
build	Cache Android SDK	2026-06-06T12:22:56.3166757Z /usr/bin/tar: ../../../../../usr/local/lib/android/sdk/platforms/android-36/data/res/values-az-television: Cannot change mode to rwxr-xr-x: Operation not permitted
build	Cache Android SDK	2026-06-06T12:22:56.3173469Z /usr/bin/tar: ../../../../../usr/local/lib/android/sdk/platforms/android-36/data/res/values-en-rGB: Cannot utime: Operation not permitted
build	Cache Android SDK	2026-06-06T12:22:56.3176149Z /usr/bin/tar: ../../../../../usr/local/lib/android/sdk/platforms/android-36/data/res/values-en-rGB: Cannot change mode to rwxr-xr-x: Operation not permitted
build	Cache Android SDK	2026-06-06T12:22:56.3177207Z /usr/bin/tar: ../../../../../usr/local/lib/android/sdk/platforms/android-36/data/res/values-mcc310-mnc230-pt: Cannot utime: Operation not permitted
build	Cache Android SDK	2026-06-06T12:22:56.3178994Z /usr/bin/tar: ../../../../../usr/local/lib/android/sdk/platforms/android-36/data/res/values-mcc310-mnc230-pt: Cannot change mode to rwxr-xr-x: Operation not permitted
build	Cache Android SDK	2026-06-06T12:22:56.3180431Z /usr/bin/tar: ../../../../../usr/local/lib/android/sdk/platforms/android-36/data/res/values-mcc302-mnc370-bn: Cannot utime: Operation not permitted
build	Cache Android SDK	2026-06-06T12:22:56.3181375Z /usr/bin/tar: ../../../../../usr/local/lib/android/sdk/platforms/android-36/data/res/values-mcc302-mnc370-bn: Cannot change mode to rwxr-xr-x: Operation not permitted
build	Cache Android SDK	2026-06-06T12:22:56.3183299Z /usr/bin/tar: ../../../../../usr/local/lib/android/sdk/platforms/android-36/data/res/values-mcc310-mnc410-ro: Cannot utime: Operation not permitted
build	Cache Android SDK	2026-06-06T12:22:56.3184230Z /usr/bin/tar: ../../../../../usr/local/lib/android/sdk/platforms/android-36/data/res/values-mcc310-mnc410-ro: Cannot change mode to rwxr-xr-x: Operation not permitted
build	Cache Android SDK	2026-06-06T12:22:56.3186594Z /usr/bin/tar: ../../../../../usr/local/lib/android/sdk/platforms/android-36/data/res/values-mcc310-mnc170-en-rXC: Cannot utime: Operation not permitted
build	Cache Android SDK	2026-06-06T12:22:56.3187775Z /usr/bin/tar: ../../../../../usr/local/lib/android/sdk/platforms/android-36/data/res/values-mcc310-mnc170-en-rXC: Cannot change mode to rwxr-xr-x: Operation not permitted
build	Cache Android SDK	2026-06-06T12:22:56.3194355Z /usr/bin/tar: ../../../../../usr/local/lib/android/sdk/platforms/android-36/data/res/values-ka: Cannot utime: Operation not permitted
build	Cache Android SDK	2026-06-06T12:22:56.3195219Z /usr/bin/tar: ../../../../../usr/local/lib/android/sdk/platforms/android-36/data/res/values-ka: Cannot change mode to rwxr-xr-x: Operation not permitted
build	Cache Android SDK	2026-06-06T12:22:56.3200107Z /usr/bin/tar: ../../../../../usr/local/lib/android/sdk/platforms/android-36/data/res/values-ky-watch: Cannot utime: Operation not permitted
build	Cache Android SDK	2026-06-06T12:22:56.3201070Z /usr/bin/tar: ../../../../../usr/local/lib/android/sdk/platforms/android-36/data/res/values-ky-watch: Cannot change mode to rwxr-xr-x: Operation not permitted
build	Cache Android SDK	2026-06-06T12:22:56.3203634Z /usr/bin/tar: ../../../../../usr/local/lib/android/sdk/platforms/android-36/data/res/values-am-watch: Cannot utime: Operation not permitted
build	Cache Android SDK	2026-06-06T12:22:56.3204599Z /usr/bin/tar: ../../../../../usr/local/lib/android/sdk/platforms/android-36/data/res/values-am-watch: Cannot change mode to rwxr-xr-x: Operation not permitted
build	Cache Android SDK	2026-06-06T12:22:56.3206364Z /usr/bin/tar: ../../../../../usr/local/lib/android/sdk/platforms/android-36/data/res/values-mcc310-mnc004: Cannot utime: Operation not permitted
build	Cache Android SDK	2026-06-06T12:22:56.3207738Z /usr/bin/tar: ../../../../../usr/local/lib/android/sdk/platforms/android-36/data/res/values-mcc310-mnc004: Cannot change mode to rwxr-xr-x: Operation not permitted
build	Cache Android SDK	2026-06-06T12:22:56.3209935Z /usr/bin/tar: ../../../../../usr/local/lib/android/sdk/platforms/android-36/data/res/values-mcc310-mnc230-hu: Cannot utime: Operation not permitted
build	Cache Android SDK	2026-06-06T12:22:56.3210932Z /usr/bin/tar: ../../../../../usr/local/lib/android/sdk/platforms/android-36/data/res/values-mcc310-mnc230-hu: Cannot change mode to rwxr-xr-x: Operation not permitted
build	Cache Android SDK	2026-06-06T12:22:56.3212776Z /usr/bin/tar: ../../../../../usr/local/lib/android/sdk/platforms/android-36/data/res/values-mcc310-mnc660-hu: Cannot utime: Operation not permitted
build	Cache Android SDK	2026-06-06T12:22:56.3213747Z /usr/bin/tar: ../../../../../usr/local/lib/android/sdk/platforms/android-36/data/res/values-mcc310-mnc660-hu: Cannot change mode to rwxr-xr-x: Operation not permitted
build	Cache Android SDK	2026-06-06T12:22:56.3216157Z /usr/bin/tar: ../../../../../usr/local/lib/android/sdk/platforms/android-36/data/res/raw-es: Cannot utime: Operation not permitted
build	Cache Android SDK	2026-06-06T12:22:56.3217040Z /usr/bin/tar: ../../../../../usr/local/lib/android/sdk/platforms/android-36/data/res/raw-es: Cannot change mode to rwxr-xr-x: Operation not permitted
build	Cache Android SDK	2026-06-06T12:22:56.3219784Z /usr/bin/tar: ../../../../../usr/local/lib/android/sdk/platforms/android-36/data/res/values-mcc310-mnc220-ta: Cannot utime: Operation not permitted
build	Cache Android SDK	2026-06-06T12:22:56.3220736Z /usr/bin/tar: ../../../../../usr/local/lib/android/sdk/platforms/android-36/data/res/values-mcc310-mnc220-ta: Cannot change mode to rwxr-xr-x: Operation not permitted
build	Cache Android SDK	2026-06-06T12:22:56.3222498Z /usr/bin/tar: ../../../../../usr/local/lib/android/sdk/platforms/android-36/data/res/values-mcc302-mnc370-fa: Cannot utime: Operation not permitted
build	Cache Android SDK	2026-06-06T12:22:56.3223449Z /usr/bin/tar: ../../../../../usr/local/lib/android/sdk/platforms/android-36/data/res/values-mcc302-mnc370-fa: Cannot change mode to rwxr-xr-x: Operation not permitted
build	Cache Android SDK	2026-06-06T12:22:56.3225987Z /usr/bin/tar: ../../../../../usr/local/lib/android/sdk/platforms/android-36/data/res/values-mcc310-mnc270-en-rAU: Cannot utime: Operation not permitted
build	Cache Android SDK	2026-06-06T12:22:56.3226965Z /usr/bin/tar: ../../../../../usr/local/lib/android/sdk/platforms/android-36/data/res/values-mcc310-mnc270-en-rAU: Cannot change mode to rwxr-xr-x: Operation not permitted
build	Cache Android SDK	2026-06-06T12:22:56.3238742Z /usr/bin/tar: ../../../../../usr/local/lib/android/sdk/platforms/android-36/data/res/drawable-land-mdpi: Cannot utime: Operation not permitted
build	Cache Android SDK	2026-06-06T12:22:56.3239696Z /usr/bin/tar: ../../../../../usr/local/lib/android/sdk/platforms/android-36/data/res/drawable-land-mdpi: Cannot change mode to rwxr-xr-x: Operation not permitted
build	Cache Android SDK	2026-06-06T12:22:56.3241356Z /usr/bin/tar: ../../../../../usr/local/lib/android/sdk/platforms/android-36/data/res/values-mcc310-mnc210-ta: Cannot utime: Operation not permitted
build	Cache Android SDK	2026-06-06T12:22:56.3242325Z /usr/bin/tar: ../../../../../usr/local/lib/android/sdk/platforms/android-36/data/res/values-mcc310-mnc210-ta: Cannot change mode to rwxr-xr-x: Operation not permitted
build	Cache Android SDK	2026-06-06T12:22:56.3244845Z /usr/bin/tar: ../../../../../usr/local/lib/android/sdk/platforms/android-36/data/res/values-mcc310-mnc410-ko: Cannot utime: Operation not permitted
build	Cache Android SDK	2026-06-06T12:22:56.3245773Z /usr/bin/tar: ../../../../../usr/local/lib/android/sdk/platforms/android-36/data/res/values-mcc310-mnc410-ko: Cannot change mode to rwxr-xr-x: Operation not permitted
build	Cache Android SDK	2026-06-06T12:22:56.3248519Z /usr/bin/tar: ../../../../../usr/local/lib/android/sdk/platforms/android-36/data/res/values-mcc310-mnc030-ms: Cannot utime: Operation not permitted
build	Cache Android SDK	2026-06-06T12:22:56.3249480Z /usr/bin/tar: ../../../../../usr/local/lib/android/sdk/platforms/android-36/data/res/values-mcc310-mnc030-ms: Cannot change mode to rwxr-xr-x: Operation not permitted
build	Cache Android SDK	2026-06-06T12:22:56.3251621Z /usr/bin/tar: ../../../../../usr/local/lib/android/sdk/platforms/android-36/data/res/values-mcc310-mnc280-hi: Cannot utime: Operation not permitted
build	Cache Android SDK	2026-06-06T12:22:56.3252711Z /usr/bin/tar: ../../../../../usr/local/lib/android/sdk/platforms/android-36/data/res/values-mcc310-mnc280-hi: Cannot change mode to rwxr-xr-x: Operation not permitted
build	Cache Android SDK	2026-06-06T12:22:56.3254255Z /usr/bin/tar: ../../../../../usr/local/lib/android/sdk/platforms/android-36/data/res/values-mcc310-mnc310-ro: Cannot utime: Operation not permitted
build	Cache Android SDK	2026-06-06T12:22:56.3255194Z /usr/bin/tar: ../../../../../usr/local/lib/android/sdk/platforms/android-36/data/res/values-mcc310-mnc310-ro: Cannot change mode to rwxr-xr-x: Operation not permitted
build	Cache Android SDK	2026-06-06T12:22:56.3259107Z /usr/bin/tar: ../../../../../usr/local/lib/android/sdk/platforms/android-36/data/res/values-mcc310-mnc240-pt-rBR: Cannot utime: Operation not permitted
build	Cache Android SDK	2026-06-06T12:22:56.3260106Z /usr/bin/tar: ../../../../../usr/local/lib/android/sdk/platforms/android-36/data/res/values-mcc310-mnc240-pt-rBR: Cannot change mode to rwxr-xr-x: Operation not permitted
build	Cache Android SDK	2026-06-06T12:22:56.3261924Z /usr/bin/tar: ../../../../../usr/local/lib/android/sdk/platforms/android-36/data/res/values-mcc310-mnc490-fr: Cannot utime: Operation not permitted
build	Cache Android SDK	2026-06-06T12:22:56.3262873Z /usr/bin/tar: ../../../../../usr/local/lib/android/sdk/platforms/android-36/data/res/values-mcc310-mnc490-fr: Cannot change mode to rwxr-xr-x: Operation not permitted
build	Cache Android SDK	2026-06-06T12:22:56.3265408Z /usr/bin/tar: ../../../../../usr/local/lib/android/sdk/platforms/android-36/data/res/values-mcc310-mnc160-gu: Cannot utime: Operation not permitted
build	Cache Android SDK	2026-06-06T12:22:56.3266365Z /usr/bin/tar: ../../../../../usr/local/lib/android/sdk/platforms/android-36/data/res/values-mcc310-mnc160-gu: Cannot change mode to rwxr-xr-x: Operation not permitted
build	Cache Android SDK	2026-06-06T12:22:56.3273710Z /usr/bin/tar: ../../../../../usr/local/lib/android/sdk/platforms/android-36/data/res/values-mcc310-mnc150-es: Cannot utime: Operation not permitted
build	Cache Android SDK	2026-06-06T12:22:56.3274706Z /usr/bin/tar: ../../../../../usr/local/lib/android/sdk/platforms/android-36/data/res/values-mcc310-mnc150-es: Cannot change mode to rwxr-xr-x: Operation not permitted
build	Cache Android SDK	2026-06-06T12:22:56.3276461Z /usr/bin/tar: ../../../../../usr/local/lib/android/sdk/platforms/android-36/data/res/values-mcc310-mnc800-hi: Cannot utime: Operation not permitted
build	Cache Android SDK	2026-06-06T12:22:56.3277560Z /usr/bin/tar: ../../../../../usr/local/lib/android/sdk/platforms/android-36/data/res/values-mcc310-mnc800-hi: Cannot change mode to rwxr-xr-x: Operation not permitted
build	Cache Android SDK	2026-06-06T12:22:56.3280686Z /usr/bin/tar: ../../../../../usr/local/lib/android/sdk/platforms/android-36/data/res/values-mcc450-ko: Cannot utime: Operation not permitted
build	Cache Android SDK	2026-06-06T12:22:56.3281623Z /usr/bin/tar: ../../../../../usr/local/lib/android/sdk/platforms/android-36/data/res/values-mcc450-ko: Cannot change mode to rwxr-xr-x: Operation not permitted
build	Cache Android SDK	2026-06-06T12:22:56.3284445Z /usr/bin/tar: ../../../../../usr/local/lib/android/sdk/platforms/android-36/data/res/values-ml-television: Cannot utime: Operation not permitted
build	Cache Android SDK	2026-06-06T12:22:56.3285399Z /usr/bin/tar: ../../../../../usr/local/lib/android/sdk/platforms/android-36/data/res/values-ml-television: Cannot change mode to rwxr-xr-x: Operation not permitted
build	Cache Android SDK	2026-06-06T12:22:56.3287547Z /usr/bin/tar: ../../../../../usr/local/lib/android/sdk/platforms/android-36/data/res/values-mcc310-mnc240-vi: Cannot utime: Operation not permitted
build	Cache Android SDK	2026-06-06T12:22:56.3288491Z /usr/bin/tar: ../../../../../usr/local/lib/android/sdk/platforms/android-36/data/res/values-mcc310-mnc240-vi: Cannot change mode to rwxr-xr-x: Operation not permitted
build	Cache Android SDK	2026-06-06T12:22:56.3290518Z /usr/bin/tar: ../../../../../usr/local/lib/android/sdk/platforms/android-36/data/res/values-mcc311-mnc180-de: Cannot utime: Operation not permitted
build	Cache Android SDK	2026-06-06T12:22:56.3291482Z /usr/bin/tar: ../../../../../usr/local/lib/android/sdk/platforms/android-36/data/res/values-mcc311-mnc180-de: Cannot change mode to rwxr-xr-x: Operation not permitted
build	Cache Android SDK	2026-06-06T12:22:56.3295400Z /usr/bin/tar: ../../../../../usr/local/lib/android/sdk/platforms/android-36/data/res/values-mcc310-mnc210-pt-rBR: Cannot utime: Operation not permitted
build	Cache Android SDK	2026-06-06T12:22:56.3296531Z /usr/bin/tar: ../../../../../usr/local/lib/android/sdk/platforms/android-36/data/res/values-mcc310-mnc210-pt-rBR: Cannot change mode to rwxr-xr-x: Operation not permitted
build	Cache Android SDK	2026-06-06T12:22:56.3299386Z /usr/bin/tar: ../../../../../usr/local/lib/android/sdk/platforms/android-36/data/res/values-mcc732: Cannot utime: Operation not permitted
build	Cache Android SDK	2026-06-06T12:22:56.3300271Z /usr/bin/tar: ../../../../../usr/local/lib/android/sdk/platforms/android-36/data/res/values-mcc732: Cannot change mode to rwxr-xr-x: Operation not permitted
build	Cache Android SDK	2026-06-06T12:22:56.3302689Z /usr/bin/tar: ../../../../../usr/local/lib/android/sdk/platforms/android-36/data/res/values-mcc313-mnc100-zh-rHK: Cannot utime: Operation not permitted
build	Cache Android SDK	2026-06-06T12:22:56.3303643Z /usr/bin/tar: ../../../../../usr/local/lib/android/sdk/platforms/android-36/data/res/values-mcc313-mnc100-zh-rHK: Cannot change mode to rwxr-xr-x: Operation not permitted
build	Cache Android SDK	2026-06-06T12:22:56.3306233Z /usr/bin/tar: ../../../../../usr/local/lib/android/sdk/platforms/android-36/data/res/values-mcc334-mnc020-or: Cannot utime: Operation not permitted
build	Cache Android SDK	2026-06-06T12:22:56.3307211Z /usr/bin/tar: ../../../../../usr/local/lib/android/sdk/platforms/android-36/data/res/values-mcc334-mnc020-or: Cannot change mode to rwxr-xr-x: Operation not permitted
build	Cache Android SDK	2026-06-06T12:22:56.3315296Z /usr/bin/tar: ../../../../../usr/local/lib/android/sdk/platforms/android-36/data/res/values-mcc310-mnc150-in: Cannot utime: Operation not permitted
build	Cache Android SDK	2026-06-06T12:22:56.3316278Z /usr/bin/tar: ../../../../../usr/local/lib/android/sdk/platforms/android-36/data/res/values-mcc310-mnc150-in: Cannot change mode to rwxr-xr-x: Operation not permitted
build	Cache Android SDK	2026-06-06T12:22:56.3321622Z /usr/bin/tar: ../../../../../usr/local/lib/android/sdk/platforms/android-36/data/res/values-kn-television: Cannot utime: Operation not permitted
build	Cache Android SDK	2026-06-06T12:22:56.3322572Z /usr/bin/tar: ../../../../../usr/local/lib/android/sdk/platforms/android-36/data/res/values-kn-television: Cannot change mode to rwxr-xr-x: Operation not permitted
build	Cache Android SDK	2026-06-06T12:22:56.3325823Z /usr/bin/tar: ../../../../../usr/local/lib/android/sdk/platforms/android-36/data/res/values-mcc310-mnc410-cs: Cannot utime: Operation not permitted
build	Cache Android SDK	2026-06-06T12:22:56.3326787Z /usr/bin/tar: ../../../../../usr/local/lib/android/sdk/platforms/android-36/data/res/values-mcc310-mnc410-cs: Cannot change mode to rwxr-xr-x: Operation not permitted
build	Cache Android SDK	2026-06-06T12:22:56.3329668Z /usr/bin/tar: ../../../../../usr/local/lib/android/sdk/platforms/android-36/data/res/values-mcc310-mnc200-tr: Cannot utime: Operation not permitted
build	Cache Android SDK	2026-06-06T12:22:56.3330611Z /usr/bin/tar: ../../../../../usr/local/lib/android/sdk/platforms/android-36/data/res/values-mcc310-mnc200-tr: Cannot change mode to rwxr-xr-x: Operation not permitted
build	Cache Android SDK	2026-06-06T12:22:56.3332553Z /usr/bin/tar: ../../../../../usr/local/lib/android/sdk/platforms/android-36/data/res/values-mcc310-mnc030-sw: Cannot utime: Operation not permitted
build	Cache Android SDK	2026-06-06T12:22:56.3333505Z /usr/bin/tar: ../../../../../usr/local/lib/android/sdk/platforms/android-36/data/res/values-mcc310-mnc030-sw: Cannot change mode to rwxr-xr-x: Operation not permitted
build	Cache Android SDK	2026-06-06T12:22:56.3335830Z /usr/bin/tar: ../../../../../usr/local/lib/android/sdk/platforms/android-36/data/res/values-hi-rIN: Cannot utime: Operation not permitted
build	Cache Android SDK	2026-06-06T12:22:56.3336715Z /usr/bin/tar: ../../../../../usr/local/lib/android/sdk/platforms/android-36/data/res/values-hi-rIN: Cannot change mode to rwxr-xr-x: Operation not permitted
build	Cache Android SDK	2026-06-06T12:22:56.3339533Z /usr/bin/tar: ../../../../../usr/local/lib/android/sdk/platforms/android-36/data/res/values-mcc310-mnc170-sk: Cannot utime: Operation not permitted
build	Cache Android SDK	2026-06-06T12:22:56.3340461Z /usr/bin/tar: ../../../../../usr/local/lib/android/sdk/platforms/android-36/data/res/values-mcc310-mnc170-sk: Cannot change mode to rwxr-xr-x: Operation not permitted
build	Cache Android SDK	2026-06-06T12:22:56.3342539Z /usr/bin/tar: ../../../../../usr/local/lib/android/sdk/platforms/android-36/data/res/values-mcc310-mnc030-pt: Cannot utime: Operation not permitted
build	Cache Android SDK	2026-06-06T12:22:56.3343621Z /usr/bin/tar: ../../../../../usr/local/lib/android/sdk/platforms/android-36/data/res/values-mcc310-mnc030-pt: Cannot change mode to rwxr-xr-x: Operation not permitted
build	Cache Android SDK	2026-06-06T12:22:56.3346525Z /usr/bin/tar: ../../../../../usr/local/lib/android/sdk/platforms/android-36/data/res/values-mcc310-mnc150-b+sr+Latn: Cannot utime: Operation not permitted
build	Cache Android SDK	2026-06-06T12:22:56.3348003Z /usr/bin/tar: ../../../../../usr/local/lib/android/sdk/platforms/android-36/data/res/values-mcc310-mnc150-b+sr+Latn: Cannot change mode to rwxr-xr-x: Operation not permitted
build	Cache Android SDK	2026-06-06T12:22:56.3349859Z /usr/bin/tar: ../../../../../usr/local/lib/android/sdk/platforms/android-36/data/res/values-mcc310-mnc160-tl: Cannot utime: Operation not permitted
build	Cache Android SDK	2026-06-06T12:22:56.3350829Z /usr/bin/tar: ../../../../../usr/local/lib/android/sdk/platforms/android-36/data/res/values-mcc310-mnc160-tl: Cannot change mode to rwxr-xr-x: Operation not permitted
build	Cache Android SDK	2026-06-06T12:22:56.3353641Z /usr/bin/tar: ../../../../../usr/local/lib/android/sdk/platforms/android-36/data/res/values-mcc310-mnc310-am: Cannot utime: Operation not permitted
build	Cache Android SDK	2026-06-06T12:22:56.3366875Z /usr/bin/tar: ../../../../../usr/local/lib/android/sdk/platforms/android-36/data/res/values-mcc310-mnc310-am: Cannot change mode to rwxr-xr-x: Operation not permitted
build	Cache Android SDK	2026-06-06T12:22:56.3368845Z /usr/bin/tar: ../../../../../usr/local/lib/android/sdk/platforms/android-36/data/res/values-mcc310-mnc490-et: Cannot utime: Operation not permitted
build	Cache Android SDK	2026-06-06T12:22:56.3370008Z /usr/bin/tar: ../../../../../usr/local/lib/android/sdk/platforms/android-36/data/res/values-mcc310-mnc490-et: Cannot change mode to rwxr-xr-x: Operation not permitted
build	Cache Android SDK	2026-06-06T12:22:56.3370950Z /usr/bin/tar: ../../../../../usr/local/lib/android/sdk/platforms/android-36/data/res/values-mcc310-mnc280-en-rCA: Cannot utime: Operation not permitted
build	Cache Android SDK	2026-06-06T12:22:56.3372647Z /usr/bin/tar: ../../../../../usr/local/lib/android/sdk/platforms/android-36/data/res/values-mcc310-mnc280-en-rCA: Cannot change mode to rwxr-xr-x: Operation not permitted
build	Cache Android SDK	2026-06-06T12:22:56.3373675Z /usr/bin/tar: ../../../../../usr/local/lib/android/sdk/platforms/android-36/data/res/values-mcc310-mnc030-az: Cannot utime: Operation not permitted
build	Cache Android SDK	2026-06-06T12:22:56.3374620Z /usr/bin/tar: ../../../../../usr/local/lib/android/sdk/platforms/android-36/data/res/values-mcc310-mnc030-az: Cannot change mode to rwxr-xr-x: Operation not permitted
build	Cache Android SDK	2026-06-06T12:22:56.3375558Z /usr/bin/tar: ../../../../../usr/local/lib/android/sdk/platforms/android-36/data/res/values-mcc310-mnc280-mr: Cannot utime: Operation not permitted
build	Cache Android SDK	2026-06-06T12:22:56.3376471Z /usr/bin/tar: ../../../../../usr/local/lib/android/sdk/platforms/android-36/data/res/values-mcc310-mnc280-mr: Cannot change mode to rwxr-xr-x: Operation not permitted
build	Cache Android SDK	2026-06-06T12:22:56.3380413Z /usr/bin/tar: ../../../../../usr/local/lib/android/sdk/platforms/android-36/data/res/values-mcc310-mnc170-ko: Cannot utime: Operation not permitted
build	Cache Android SDK	2026-06-06T12:22:56.3381466Z /usr/bin/tar: ../../../../../usr/local/lib/android/sdk/platforms/android-36/data/res/values-mcc310-mnc170-ko: Cannot change mode to rwxr-xr-x: Operation not permitted
build	Cache Android SDK	2026-06-06T12:22:56.3384451Z /usr/bin/tar: ../../../../../usr/local/lib/android/sdk/platforms/android-36/data/res/values-mcc310-mnc250-kn: Cannot utime: Operation not permitted
build	Cache Android SDK	2026-06-06T12:22:56.3385408Z /usr/bin/tar: ../../../../../usr/local/lib/android/sdk/platforms/android-36/data/res/values-mcc310-mnc250-kn: Cannot change mode to rwxr-xr-x: Operation not permitted
build	Cache Android SDK	2026-06-06T12:22:56.3391005Z /usr/bin/tar: ../../../../../usr/local/lib/android/sdk/platforms/android-36/data/res/values-mcc440-mnc54: Cannot utime: Operation not permitted
build	Cache Android SDK	2026-06-06T12:22:56.3391969Z /usr/bin/tar: ../../../../../usr/local/lib/android/sdk/platforms/android-36/data/res/values-mcc440-mnc54: Cannot change mode to rwxr-xr-x: Operation not permitted
build	Cache Android SDK	2026-06-06T12:22:56.3395060Z /usr/bin/tar: ../../../../../usr/local/lib/android/sdk/platforms/android-36/data/res/values-mcc310-mnc660-en-rIN: Cannot utime: Operation not permitted
build	Cache Android SDK	2026-06-06T12:22:56.3396237Z /usr/bin/tar: ../../../../../usr/local/lib/android/sdk/platforms/android-36/data/res/values-mcc310-mnc660-en-rIN: Cannot change mode to rwxr-xr-x: Operation not permitted
build	Cache Android SDK	2026-06-06T12:22:56.3399206Z /usr/bin/tar: ../../../../../usr/local/lib/android/sdk/platforms/android-36/data/res/values-iw-rIL: Cannot utime: Operation not permitted
build	Cache Android SDK	2026-06-06T12:22:56.3400099Z /usr/bin/tar: ../../../../../usr/local/lib/android/sdk/platforms/android-36/data/res/values-iw-rIL: Cannot change mode to rwxr-xr-x: Operation not permitted
build	Cache Android SDK	2026-06-06T12:22:56.3403335Z /usr/bin/tar: ../../../../../usr/local/lib/android/sdk/platforms/android-36/data/res/values-mcc310-mnc220-az: Cannot utime: Operation not permitted
build	Cache Android SDK	2026-06-06T12:22:56.3404276Z /usr/bin/tar: ../../../../../usr/local/lib/android/sdk/platforms/android-36/data/res/values-mcc310-mnc220-az: Cannot change mode to rwxr-xr-x: Operation not permitted
build	Cache Android SDK	2026-06-06T12:22:56.3410043Z /usr/bin/tar: ../../../../../usr/local/lib/android/sdk/platforms/android-36/data/res/values-mcc310-mnc200-mk: Cannot utime: Operation not permitted
build	Cache Android SDK	2026-06-06T12:22:56.3410982Z /usr/bin/tar: ../../../../../usr/local/lib/android/sdk/platforms/android-36/data/res/values-mcc310-mnc200-mk: Cannot change mode to rwxr-xr-x: Operation not permitted
build	Cache Android SDK	2026-06-06T12:22:56.3414158Z /usr/bin/tar: ../../../../../usr/local/lib/android/sdk/platforms/android-36/data/res/values-mcc334-mnc020-iw: Cannot utime: Operation not permitted
build	Cache Android SDK	2026-06-06T12:22:56.3415107Z /usr/bin/tar: ../../../../../usr/local/lib/android/sdk/platforms/android-36/data/res/values-mcc334-mnc020-iw: Cannot change mode to rwxr-xr-x: Operation not permitted
build	Cache Android SDK	2026-06-06T12:22:56.3418734Z /usr/bin/tar: ../../../../../usr/local/lib/android/sdk/platforms/android-36/data/res/values-mcc310-mnc380-pt-rPT: Cannot utime: Operation not permitted
build	Cache Android SDK	2026-06-06T12:22:56.3419734Z /usr/bin/tar: ../../../../../usr/local/lib/android/sdk/platforms/android-36/data/res/values-mcc310-mnc380-pt-rPT: Cannot change mode to rwxr-xr-x: Operation not permitted
build	Cache Android SDK	2026-06-06T12:22:56.3425896Z /usr/bin/tar: ../../../../../usr/local/lib/android/sdk/platforms/android-36/data/res/values-mcc310-mnc210-sk: Cannot utime: Operation not permitted
build	Cache Android SDK	2026-06-06T12:22:56.3426851Z /usr/bin/tar: ../../../../../usr/local/lib/android/sdk/platforms/android-36/data/res/values-mcc310-mnc210-sk: Cannot change mode to rwxr-xr-x: Operation not permitted
build	Cache Android SDK	2026-06-06T12:22:56.3429629Z /usr/bin/tar: ../../../../../usr/local/lib/android/sdk/platforms/android-36/data/res/values-mcc310-mnc160-uz: Cannot utime: Operation not permitted
build	Cache Android SDK	2026-06-06T12:22:56.3430565Z /usr/bin/tar: ../../../../../usr/local/lib/android/sdk/platforms/android-36/data/res/values-mcc310-mnc160-uz: Cannot change mode to rwxr-xr-x: Operation not permitted
build	Cache Android SDK	2026-06-06T12:22:56.3433931Z /usr/bin/tar: ../../../../../usr/local/lib/android/sdk/platforms/android-36/data/res/values-mcc310-mnc250-bg: Cannot utime: Operation not permitted
build	Cache Android SDK	2026-06-06T12:22:56.3434883Z /usr/bin/tar: ../../../../../usr/local/lib/android/sdk/platforms/android-36/data/res/values-mcc310-mnc250-bg: Cannot change mode to rwxr-xr-x: Operation not permitted
build	Cache Android SDK	2026-06-06T12:22:56.3437057Z /usr/bin/tar: ../../../../../usr/local/lib/android/sdk/platforms/android-36/data/res/values-mcc310-mnc410-km: Cannot utime: Operation not permitted
build	Cache Android SDK	2026-06-06T12:22:56.3438109Z /usr/bin/tar: ../../../../../usr/local/lib/android/sdk/platforms/android-36/data/res/values-mcc310-mnc410-km: Cannot change mode to rwxr-xr-x: Operation not permitted
build	Cache Android SDK	2026-06-06T12:22:56.3445901Z /usr/bin/tar: ../../../../../usr/local/lib/android/sdk/platforms/android-36/data/res/values-lv: Cannot utime: Operation not permitted
build	Cache Android SDK	2026-06-06T12:22:56.3447812Z /usr/bin/tar: ../../../../../usr/local/lib/android/sdk/platforms/android-36/data/res/values-lv: Cannot change mode to rwxr-xr-x: Operation not permitted
build	Cache Android SDK	2026-06-06T12:22:56.3449379Z /usr/bin/tar: ../../../../../usr/local/lib/android/sdk/platforms/android-36/data/res/values-mcc334-mnc020-vi: Cannot utime: Operation not permitted
build	Cache Android SDK	2026-06-06T12:22:56.3450469Z /usr/bin/tar: ../../../../../usr/local/lib/android/sdk/platforms/android-36/data/res/values-mcc334-mnc020-vi: Cannot change mode to rwxr-xr-x: Operation not permitted
build	Cache Android SDK	2026-06-06T12:22:56.3453524Z /usr/bin/tar: ../../../../../usr/local/lib/android/sdk/platforms/android-36/data/res/values-mcc310-mnc210-en-rAU: Cannot utime: Operation not permitted
build	Cache Android SDK	2026-06-06T12:22:56.3454487Z /usr/bin/tar: ../../../../../usr/local/lib/android/sdk/platforms/android-36/data/res/values-mcc310-mnc210-en-rAU: Cannot change mode to rwxr-xr-x: Operation not permitted
build	Cache Android SDK	2026-06-06T12:22:56.3456442Z /usr/bin/tar: ../../../../../usr/local/lib/android/sdk/platforms/android-36/data/res/values-mcc310-mnc560-ka: Cannot utime: Operation not permitted
build	Cache Android SDK	2026-06-06T12:22:56.3457491Z /usr/bin/tar: ../../../../../usr/local/lib/android/sdk/platforms/android-36/data/res/values-mcc310-mnc560-ka: Cannot change mode to rwxr-xr-x: Operation not permitted
build	Cache Android SDK	2026-06-06T12:22:56.3463894Z /usr/bin/tar: ../../../../../usr/local/lib/android/sdk/platforms/android-36/data/res/values-mr: Cannot utime: Operation not permitted
build	Cache Android SDK	2026-06-06T12:22:56.3465709Z /usr/bin/tar: ../../../../../usr/local/lib/android/sdk/platforms/android-36/data/res/values-mr: Cannot change mode to rwxr-xr-x: Operation not permitted
build	Cache Android SDK	2026-06-06T12:22:56.3467284Z /usr/bin/tar: ../../../../../usr/local/lib/android/sdk/platforms/android-36/data/res/values-mcc310-mnc030-en-rAU: Cannot utime: Operation not permitted
build	Cache Android SDK	2026-06-06T12:22:56.3468367Z /usr/bin/tar: ../../../../../usr/local/lib/android/sdk/platforms/android-36/data/res/values-mcc310-mnc030-en-rAU: Cannot change mode to rwxr-xr-x: Operation not permitted
build	Cache Android SDK	2026-06-06T12:22:56.3475886Z /usr/bin/tar: ../../../../../usr/local/lib/android/sdk/platforms/android-36/data/res/values-sk-television: Cannot utime: Operation not permitted
build	Cache Android SDK	2026-06-06T12:22:56.3476818Z /usr/bin/tar: ../../../../../usr/local/lib/android/sdk/platforms/android-36/data/res/values-sk-television: Cannot change mode to rwxr-xr-x: Operation not permitted
build	Cache Android SDK	2026-06-06T12:22:56.3480788Z /usr/bin/tar: ../../../../../usr/local/lib/android/sdk/platforms/android-36/data/res/values-mcc310-mnc310-fr-rCA: Cannot utime: Operation not permitted
build	Cache Android SDK	2026-06-06T12:22:56.3481737Z /usr/bin/tar: ../../../../../usr/local/lib/android/sdk/platforms/android-36/data/res/values-mcc310-mnc310-fr-rCA: Cannot change mode to rwxr-xr-x: Operation not permitted
build	Cache Android SDK	2026-06-06T12:22:56.3484836Z /usr/bin/tar: ../../../../../usr/local/lib/android/sdk/platforms/android-36/data/res/values-mcc310-mnc230-fr: Cannot utime: Operation not permitted
build	Cache Android SDK	2026-06-06T12:22:56.3485759Z /usr/bin/tar: ../../../../../usr/local/lib/android/sdk/platforms/android-36/data/res/values-mcc310-mnc230-fr: Cannot change mode to rwxr-xr-x: Operation not permitted
build	Cache Android SDK	2026-06-06T12:22:56.3489505Z /usr/bin/tar: ../../../../../usr/local/lib/android/sdk/platforms/android-36/data/res/values-mcc313-mnc100-kk: Cannot utime: Operation not permitted
build	Cache Android SDK	2026-06-06T12:22:56.3490424Z /usr/bin/tar: ../../../../../usr/local/lib/android/sdk/platforms/android-36/data/res/values-mcc313-mnc100-kk: Cannot change mode to rwxr-xr-x: Operation not permitted
build	Cache Android SDK	2026-06-06T12:22:56.3499474Z /usr/bin/tar: ../../../../../usr/local/lib/android/sdk/platforms/android-36/data/res/values-mcc313-mnc100-zh-rCN: Cannot utime: Operation not permitted
build	Cache Android SDK	2026-06-06T12:22:56.3500587Z /usr/bin/tar: ../../../../../usr/local/lib/android/sdk/platforms/android-36/data/res/values-mcc313-mnc100-zh-rCN: Cannot change mode to rwxr-xr-x: Operation not permitted
build	Cache Android SDK	2026-06-06T12:22:56.3502687Z /usr/bin/tar: ../../../../../usr/local/lib/android/sdk/platforms/android-36/data/res/values-mcc310-mnc170-zh-rHK: Cannot utime: Operation not permitted
build	Cache Android SDK	2026-06-06T12:22:56.3509372Z /usr/bin/tar: ../../../../../usr/local/lib/android/sdk/platforms/android-36/data/res/values-mcc310-mnc170-zh-rHK: Cannot change mode to rwxr-xr-x: Operation not permitted
build	Cache Android SDK	2026-06-06T12:22:56.3510312Z /usr/bin/tar: ../../../../../usr/local/lib/android/sdk/platforms/android-36/data/res/values-mcc310-mnc270-ta: Cannot utime: Operation not permitted
build	Cache Android SDK	2026-06-06T12:22:56.3511353Z /usr/bin/tar: ../../../../../usr/local/lib/android/sdk/platforms/android-36/data/res/values-mcc310-mnc270-ta: Cannot change mode to rwxr-xr-x: Operation not permitted
build	Cache Android SDK	2026-06-06T12:22:56.3513375Z /usr/bin/tar: ../../../../../usr/local/lib/android/sdk/platforms/android-36/data/res/values-hy-television: Cannot utime: Operation not permitted
build	Cache Android SDK	2026-06-06T12:22:56.3514297Z /usr/bin/tar: ../../../../../usr/local/lib/android/sdk/platforms/android-36/data/res/values-hy-television: Cannot change mode to rwxr-xr-x: Operation not permitted
build	Cache Android SDK	2026-06-06T12:22:56.3517728Z /usr/bin/tar: ../../../../../usr/local/lib/android/sdk/platforms/android-36/data/res/values-mcc310-mnc150-pt: Cannot utime: Operation not permitted
build	Cache Android SDK	2026-06-06T12:22:56.3518663Z /usr/bin/tar: ../../../../../usr/local/lib/android/sdk/platforms/android-36/data/res/values-mcc310-mnc150-pt: Cannot change mode to rwxr-xr-x: Operation not permitted
build	Cache Android SDK	2026-06-06T12:22:56.3521985Z /usr/bin/tar: ../../../../../usr/local/lib/android/sdk/platforms/android-36/data/res/values-mcc310-mnc270-hr: Cannot utime: Operation not permitted
build	Cache Android SDK	2026-06-06T12:22:56.3523027Z /usr/bin/tar: ../../../../../usr/local/lib/android/sdk/platforms/android-36/data/res/values-mcc310-mnc270-hr: Cannot change mode to rwxr-xr-x: Operation not permitted
build	Cache Android SDK	2026-06-06T12:22:56.3527852Z /usr/bin/tar: ../../../../../usr/local/lib/android/sdk/platforms/android-36/data/res/values-mcc302-mnc720-fa: Cannot utime: Operation not permitted
build	Cache Android SDK	2026-06-06T12:22:56.3528813Z /usr/bin/tar: ../../../../../usr/local/lib/android/sdk/platforms/android-36/data/res/values-mcc302-mnc720-fa: Cannot change mode to rwxr-xr-x: Operation not permitted
build	Cache Android SDK	2026-06-06T12:22:56.3532895Z /usr/bin/tar: ../../../../../usr/local/lib/android/sdk/platforms/android-36/data/res/values-mcc310-mnc310-ml: Cannot utime: Operation not permitted
build	Cache Android SDK	2026-06-06T12:22:56.3533837Z /usr/bin/tar: ../../../../../usr/local/lib/android/sdk/platforms/android-36/data/res/values-mcc310-mnc310-ml: Cannot change mode to rwxr-xr-x: Operation not permitted
build	Cache Android SDK	2026-06-06T12:22:56.3536877Z /usr/bin/tar: ../../../../../usr/local/lib/android/sdk/platforms/android-36/data/res/values-mcc310-mnc380-hy: Cannot utime: Operation not permitted
build	Cache Android SDK	2026-06-06T12:22:56.3537921Z /usr/bin/tar: ../../../../../usr/local/lib/android/sdk/platforms/android-36/data/res/values-mcc310-mnc380-hy: Cannot change mode to rwxr-xr-x: Operation not permitted
build	Cache Android SDK	2026-06-06T12:22:56.3543225Z /usr/bin/tar: ../../../../../usr/local/lib/android/sdk/platforms/android-36/data/res/values-mcc001-mnc01-kk: Cannot utime: Operation not permitted
build	Cache Android SDK	2026-06-06T12:22:56.3544198Z /usr/bin/tar: ../../../../../usr/local/lib/android/sdk/platforms/android-36/data/res/values-mcc001-mnc01-kk: Cannot change mode to rwxr-xr-x: Operation not permitted
build	Cache Android SDK	2026-06-06T12:22:56.3551319Z /usr/bin/tar: ../../../../../usr/local/lib/android/sdk/platforms/android-36/data/res/values-ja: Cannot utime: Operation not permitted
build	Cache Android SDK	2026-06-06T12:22:56.3552949Z /usr/bin/tar: ../../../../../usr/local/lib/android/sdk/platforms/android-36/data/res/values-ja: Cannot change mode to rwxr-xr-x: Operation not permitted
build	Cache Android SDK	2026-06-06T12:22:56.3555172Z /usr/bin/tar: ../../../../../usr/local/lib/android/sdk/platforms/android-36/data/res/values-mcc310-mnc270-es: Cannot utime: Operation not permitted
build	Cache Android SDK	2026-06-06T12:22:56.3556128Z /usr/bin/tar: ../../../../../usr/local/lib/android/sdk/platforms/android-36/data/res/values-mcc310-mnc270-es: Cannot change mode to rwxr-xr-x: Operation not permitted
build	Cache Android SDK	2026-06-06T12:22:56.3558899Z /usr/bin/tar: ../../../../../usr/local/lib/android/sdk/platforms/android-36/data/res/values-mcc310-mnc230-az: Cannot utime: Operation not permitted
build	Cache Android SDK	2026-06-06T12:22:56.3559829Z /usr/bin/tar: ../../../../../usr/local/lib/android/sdk/platforms/android-36/data/res/values-mcc310-mnc230-az: Cannot change mode to rwxr-xr-x: Operation not permitted
build	Cache Android SDK	2026-06-06T12:22:56.3562753Z /usr/bin/tar: ../../../../../usr/local/lib/android/sdk/platforms/android-36/data/res/values-mcc313-mnc100-hi: Cannot utime: Operation not permitted
build	Cache Android SDK	2026-06-06T12:22:56.3563832Z /usr/bin/tar: ../../../../../usr/local/lib/android/sdk/platforms/android-36/data/res/values-mcc313-mnc100-hi: Cannot change mode to rwxr-xr-x: Operation not permitted
build	Cache Android SDK	2026-06-06T12:22:56.3567754Z /usr/bin/tar: ../../../../../usr/local/lib/android/sdk/platforms/android-36/data/res/values-mcc310-mnc240-zh-rTW: Cannot utime: Operation not permitted
build	Cache Android SDK	2026-06-06T12:22:56.3568721Z /usr/bin/tar: ../../../../../usr/local/lib/android/sdk/platforms/android-36/data/res/values-mcc310-mnc240-zh-rTW: Cannot change mode to rwxr-xr-x: Operation not permitted
build	Cache Android SDK	2026-06-06T12:22:56.3572553Z /usr/bin/tar: ../../../../../usr/local/lib/android/sdk/platforms/android-36/data/res/values-mcc310-mnc210-es: Cannot utime: Operation not permitted
build	Cache Android SDK	2026-06-06T12:22:56.3573478Z /usr/bin/tar: ../../../../../usr/local/lib/android/sdk/platforms/android-36/data/res/values-mcc310-mnc210-es: Cannot change mode to rwxr-xr-x: Operation not permitted
build	Cache Android SDK	2026-06-06T12:22:56.3576612Z /usr/bin/tar: ../../../../../usr/local/lib/android/sdk/platforms/android-36/data/res/values-mcc310-mnc150-ca: Cannot utime: Operation not permitted
build	Cache Android SDK	2026-06-06T12:22:56.3577644Z /usr/bin/tar: ../../../../../usr/local/lib/android/sdk/platforms/android-36/data/res/values-mcc310-mnc150-ca: Cannot change mode to rwxr-xr-x: Operation not permitted
build	Cache Android SDK	2026-06-06T12:22:56.3581774Z /usr/bin/tar: ../../../../../usr/local/lib/android/sdk/platforms/android-36/data/res/values-mcc310-mnc210-te: Cannot utime: Operation not permitted
build	Cache Android SDK	2026-06-06T12:22:56.3582705Z /usr/bin/tar: ../../../../../usr/local/lib/android/sdk/platforms/android-36/data/res/values-mcc310-mnc210-te: Cannot change mode to rwxr-xr-x: Operation not permitted
build	Cache Android SDK	2026-06-06T12:22:56.3586038Z /usr/bin/tar: ../../../../../usr/local/lib/android/sdk/platforms/android-36/data/res/values-mcc310-mnc210-hy: Cannot utime: Operation not permitted
build	Cache Android SDK	2026-06-06T12:22:56.3586958Z /usr/bin/tar: ../../../../../usr/local/lib/android/sdk/platforms/android-36/data/res/values-mcc310-mnc210-hy: Cannot change mode to rwxr-xr-x: Operation not permitted
build	Cache Android SDK	2026-06-06T12:22:56.3590497Z /usr/bin/tar: ../../../../../usr/local/lib/android/sdk/platforms/android-36/data/res/values-mcc334-mnc020-is: Cannot utime: Operation not permitted
build	Cache Android SDK	2026-06-06T12:22:56.3590947Z /usr/bin/tar: ../../../../../usr/local/lib/android/sdk/platforms/android-36/data/res/values-mcc334-mnc020-is: Cannot change mode to rwxr-xr-x: Operation not permitted
build	Cache Android SDK	2026-06-06T12:22:56.3594969Z /usr/bin/tar: ../../../../../usr/local/lib/android/sdk/platforms/android-36/data/res/values-mcc310-mnc220-b+sr+Latn: Cannot utime: Operation not permitted
build	Cache Android SDK	2026-06-06T12:22:56.3599209Z /usr/bin/tar: ../../../../../usr/local/lib/android/sdk/platforms/android-36/data/res/values-mcc310-mnc220-b+sr+Latn: Cannot change mode to rwxr-xr-x: Operation not permitted
build	Cache Android SDK	2026-06-06T12:22:56.3599600Z /usr/bin/tar: ../../../../../usr/local/lib/android/sdk/platforms/android-36/data/res/values-mcc310-mnc200-cs: Cannot utime: Operation not permitted
build	Cache Android SDK	2026-06-06T12:22:56.3600053Z /usr/bin/tar: ../../../../../usr/local/lib/android/sdk/platforms/android-36/data/res/values-mcc310-mnc200-cs: Cannot change mode to rwxr-xr-x: Operation not permitted
build	Cache Android SDK	2026-06-06T12:22:56.3607254Z /usr/bin/tar: ../../../../../usr/local/lib/android/sdk/platforms/android-36/data/res/values-it-rIT: Cannot utime: Operation not permitted
build	Cache Android SDK	2026-06-06T12:22:56.3607892Z /usr/bin/tar: ../../../../../usr/local/lib/android/sdk/platforms/android-36/data/res/values-it-rIT: Cannot change mode to rwxr-xr-x: Operation not permitted
build	Cache Android SDK	2026-06-06T12:22:56.3610712Z /usr/bin/tar: ../../../../../usr/local/lib/android/sdk/platforms/android-36/data/res/values-mcc310-mnc950-sv: Cannot utime: Operation not permitted
build	Cache Android SDK	2026-06-06T12:22:56.3611180Z /usr/bin/tar: ../../../../../usr/local/lib/android/sdk/platforms/android-36/data/res/values-mcc310-mnc950-sv: Cannot change mode to rwxr-xr-x: Operation not permitted
build	Cache Android SDK	2026-06-06T12:22:56.3614369Z /usr/bin/tar: ../../../../../usr/local/lib/android/sdk/platforms/android-36/data/res/values-mcc310-mnc030-pl: Cannot utime: Operation not permitted
build	Cache Android SDK	2026-06-06T12:22:56.3614983Z /usr/bin/tar: ../../../../../usr/local/lib/android/sdk/platforms/android-36/data/res/values-mcc310-mnc030-pl: Cannot change mode to rwxr-xr-x: Operation not permitted
build	Cache Android SDK	2026-06-06T12:22:56.3619034Z /usr/bin/tar: ../../../../../usr/local/lib/android/sdk/platforms/android-36/data/res/values-mcc404: Cannot utime: Operation not permitted
build	Cache Android SDK	2026-06-06T12:22:56.3619472Z /usr/bin/tar: ../../../../../usr/local/lib/android/sdk/platforms/android-36/data/res/values-mcc404: Cannot change mode to rwxr-xr-x: Operation not permitted
build	Cache Android SDK	2026-06-06T12:22:56.3623509Z /usr/bin/tar: ../../../../../usr/local/lib/android/sdk/platforms/android-36/data/res/values-mcc310-mnc490-zh-rHK: Cannot utime: Operation not permitted
build	Cache Android SDK	2026-06-06T12:22:56.3624048Z /usr/bin/tar: ../../../../../usr/local/lib/android/sdk/platforms/android-36/data/res/values-mcc310-mnc490-zh-rHK: Cannot change mode to rwxr-xr-x: Operation not permitted
build	Cache Android SDK	2026-06-06T12:22:56.3629591Z /usr/bin/tar: ../../../../../usr/local/lib/android/sdk/platforms/android-36/data/res/values-mcc334-mnc020-eu: Cannot utime: Operation not permitted
build	Cache Android SDK	2026-06-06T12:22:56.3630048Z /usr/bin/tar: ../../../../../usr/local/lib/android/sdk/platforms/android-36/data/res/values-mcc334-mnc020-eu: Cannot change mode to rwxr-xr-x: Operation not permitted
build	Cache Android SDK	2026-06-06T12:22:56.3634204Z /usr/bin/tar: ../../../../../usr/local/lib/android/sdk/platforms/android-36/data/res/values-mcc302-mnc370-gl: Cannot utime: Operation not permitted
build	Cache Android SDK	2026-06-06T12:22:56.3634691Z /usr/bin/tar: ../../../../../usr/local/lib/android/sdk/platforms/android-36/data/res/values-mcc302-mnc370-gl: Cannot change mode to rwxr-xr-x: Operation not permitted
build	Cache Android SDK	2026-06-06T12:22:56.3637987Z /usr/bin/tar: ../../../../../usr/local/lib/android/sdk/platforms/android-36/data/res/values-mcc310-mnc210-hr: Cannot utime: Operation not permitted
build	Cache Android SDK	2026-06-06T12:22:56.3638451Z /usr/bin/tar: ../../../../../usr/local/lib/android/sdk/platforms/android-36/data/res/values-mcc310-mnc210-hr: Cannot change mode to rwxr-xr-x: Operation not permitted
build	Cache Android SDK	2026-06-06T12:22:56.3642390Z /usr/bin/tar: ../../../../../usr/local/lib/android/sdk/platforms/android-36/data/res/values-mcc001-mnc01-mr: Cannot utime: Operation not permitted
build	Cache Android SDK	2026-06-06T12:22:56.3642946Z /usr/bin/tar: ../../../../../usr/local/lib/android/sdk/platforms/android-36/data/res/values-mcc001-mnc01-mr: Cannot change mode to rwxr-xr-x: Operation not permitted
build	Cache Android SDK	2026-06-06T12:22:56.3646340Z /usr/bin/tar: ../../../../../usr/local/lib/android/sdk/platforms/android-36/data/res/values-mcc310-mnc150-tl: Cannot utime: Operation not permitted
build	Cache Android SDK	2026-06-06T12:22:56.3646799Z /usr/bin/tar: ../../../../../usr/local/lib/android/sdk/platforms/android-36/data/res/values-mcc310-mnc150-tl: Cannot change mode to rwxr-xr-x: Operation not permitted
build	Cache Android SDK	2026-06-06T12:22:56.3654574Z /usr/bin/tar: ../../../../../usr/local/lib/android/sdk/platforms/android-36/data/res/values-km: Cannot utime: Operation not permitted
build	Cache Android SDK	2026-06-06T12:22:56.3655382Z /usr/bin/tar: ../../../../../usr/local/lib/android/sdk/platforms/android-36/data/res/values-km: Cannot change mode to rwxr-xr-x: Operation not permitted
build	Cache Android SDK	2026-06-06T12:22:56.3659566Z /usr/bin/tar: ../../../../../usr/local/lib/android/sdk/platforms/android-36/data/res/values-mcc302-mnc370-be: Cannot utime: Operation not permitted
build	Cache Android SDK	2026-06-06T12:22:56.3660049Z /usr/bin/tar: ../../../../../usr/local/lib/android/sdk/platforms/android-36/data/res/values-mcc302-mnc370-be: Cannot change mode to rwxr-xr-x: Operation not permitted
build	Cache Android SDK	2026-06-06T12:22:56.3662822Z /usr/bin/tar: ../../../../../usr/local/lib/android/sdk/platforms/android-36/data/res/values-mcc310-mnc380-uk: Cannot utime: Operation not permitted
build	Cache Android SDK	2026-06-06T12:22:56.3663281Z /usr/bin/tar: ../../../../../usr/local/lib/android/sdk/platforms/android-36/data/res/values-mcc310-mnc380-uk: Cannot change mode to rwxr-xr-x: Operation not permitted
build	Cache Android SDK	2026-06-06T12:22:56.3666593Z /usr/bin/tar: ../../../../../usr/local/lib/android/sdk/platforms/android-36/data/res/values-mcc302-mnc370-uk: Cannot utime: Operation not permitted
build	Cache Android SDK	2026-06-06T12:22:56.3667188Z /usr/bin/tar: ../../../../../usr/local/lib/android/sdk/platforms/android-36/data/res/values-mcc302-mnc370-uk: Cannot change mode to rwxr-xr-x: Operation not permitted
build	Cache Android SDK	2026-06-06T12:22:56.3671552Z /usr/bin/tar: ../../../../../usr/local/lib/android/sdk/platforms/android-36/data/res/values-mcc001-mnc01-lt: Cannot utime: Operation not permitted
build	Cache Android SDK	2026-06-06T12:22:56.3672013Z /usr/bin/tar: ../../../../../usr/local/lib/android/sdk/platforms/android-36/data/res/values-mcc001-mnc01-lt: Cannot change mode to rwxr-xr-x: Operation not permitted
build	Cache Android SDK	2026-06-06T12:22:56.3676183Z /usr/bin/tar: ../../../../../usr/local/lib/android/sdk/platforms/android-36/data/res/values-mcc310-mnc560-en-rCA: Cannot utime: Operation not permitted
build	Cache Android SDK	2026-06-06T12:22:56.3676665Z /usr/bin/tar: ../../../../../usr/local/lib/android/sdk/platforms/android-36/data/res/values-mcc310-mnc560-en-rCA: Cannot change mode to rwxr-xr-x: Operation not permitted
build	Cache Android SDK	2026-06-06T12:22:56.3686828Z /usr/bin/tar: ../../../../../usr/local/lib/android/sdk/platforms/android-36/data/res/values-mcc310-mnc310-uk: Cannot utime: Operation not permitted
build	Cache Android SDK	2026-06-06T12:22:56.3687509Z /usr/bin/tar: ../../../../../usr/local/lib/android/sdk/platforms/android-36/data/res/values-mcc310-mnc310-uk: Cannot change mode to rwxr-xr-x: Operation not permitted
build	Cache Android SDK	2026-06-06T12:22:56.3691511Z /usr/bin/tar: ../../../../../usr/local/lib/android/sdk/platforms/android-36/data/res/values-mcc302-mnc720-uk: Cannot utime: Operation not permitted
build	Cache Android SDK	2026-06-06T12:22:56.3692144Z /usr/bin/tar: ../../../../../usr/local/lib/android/sdk/platforms/android-36/data/res/values-mcc302-mnc720-uk: Cannot change mode to rwxr-xr-x: Operation not permitted
build	Cache Android SDK	2026-06-06T12:22:56.3696817Z /usr/bin/tar: ../../../../../usr/local/lib/android/sdk/platforms/android-36/data/res/values-mcc310-mnc240-ka: Cannot utime: Operation not permitted
build	Cache Android SDK	2026-06-06T12:22:56.3697275Z /usr/bin/tar: ../../../../../usr/local/lib/android/sdk/platforms/android-36/data/res/values-mcc310-mnc240-ka: Cannot change mode to rwxr-xr-x: Operation not permitted
build	Cache Android SDK	2026-06-06T12:22:56.3708723Z /usr/bin/tar: ../../../../../usr/local/lib/android/sdk/platforms/android-36/data/res/values-watch: Cannot utime: Operation not permitted
build	Cache Android SDK	2026-06-06T12:22:56.3709200Z /usr/bin/tar: ../../../../../usr/local/lib/android/sdk/platforms/android-36/data/res/values-watch: Cannot change mode to rwxr-xr-x: Operation not permitted
build	Cache Android SDK	2026-06-06T12:22:56.3712504Z /usr/bin/tar: ../../../../../usr/local/lib/android/sdk/platforms/android-36/data/res/values-mcc310-mnc800-bs: Cannot utime: Operation not permitted
build	Cache Android SDK	2026-06-06T12:22:56.3712952Z /usr/bin/tar: ../../../../../usr/local/lib/android/sdk/platforms/android-36/data/res/values-mcc310-mnc800-bs: Cannot change mode to rwxr-xr-x: Operation not permitted
build	Cache Android SDK	2026-06-06T12:22:56.3716290Z /usr/bin/tar: ../../../../../usr/local/lib/android/sdk/platforms/android-36/data/res/values-mcc310-mnc150-az: Cannot utime: Operation not permitted
build	Cache Android SDK	2026-06-06T12:22:56.3716745Z /usr/bin/tar: ../../../../../usr/local/lib/android/sdk/platforms/android-36/data/res/values-mcc310-mnc150-az: Cannot change mode to rwxr-xr-x: Operation not permitted
build	Cache Android SDK	2026-06-06T12:22:56.3727185Z /usr/bin/tar: ../../../../../usr/local/lib/android/sdk/platforms/android-36/data/res/values-kn: Cannot utime: Operation not permitted
build	Cache Android SDK	2026-06-06T12:22:56.3728122Z /usr/bin/tar: ../../../../../usr/local/lib/android/sdk/platforms/android-36/data/res/values-kn: Cannot change mode to rwxr-xr-x: Operation not permitted
build	Cache Android SDK	2026-06-06T12:22:56.3732701Z /usr/bin/tar: ../../../../../usr/local/lib/android/sdk/platforms/android-36/data/res/values-mcc310-mnc490-pt: Cannot utime: Operation not permitted
build	Cache Android SDK	2026-06-06T12:22:56.3733155Z /usr/bin/tar: ../../../../../usr/local/lib/android/sdk/platforms/android-36/data/res/values-mcc310-mnc490-pt: Cannot change mode to rwxr-xr-x: Operation not permitted
build	Cache Android SDK	2026-06-06T12:22:56.3735504Z /usr/bin/tar: ../../../../../usr/local/lib/android/sdk/platforms/android-36/data/res/values-mcc310-mnc280-or: Cannot utime: Operation not permitted
build	Cache Android SDK	2026-06-06T12:22:56.3736140Z /usr/bin/tar: ../../../../../usr/local/lib/android/sdk/platforms/android-36/data/res/values-mcc310-mnc280-or: Cannot change mode to rwxr-xr-x: Operation not permitted
build	Cache Android SDK	2026-06-06T12:22:56.3739687Z /usr/bin/tar: ../../../../../usr/local/lib/android/sdk/platforms/android-36/data/res/values-mcc311-mnc180-iw: Cannot utime: Operation not permitted
build	Cache Android SDK	2026-06-06T12:22:56.3740153Z /usr/bin/tar: ../../../../../usr/local/lib/android/sdk/platforms/android-36/data/res/values-mcc311-mnc180-iw: Cannot change mode to rwxr-xr-x: Operation not permitted
build	Cache Android SDK	2026-06-06T12:22:56.3747497Z /usr/bin/tar: ../../../../../usr/local/lib/android/sdk/platforms/android-36/data/res/values-ru-watch: Cannot utime: Operation not permitted
build	Cache Android SDK	2026-06-06T12:22:56.3747948Z /usr/bin/tar: ../../../../../usr/local/lib/android/sdk/platforms/android-36/data/res/values-ru-watch: Cannot change mode to rwxr-xr-x: Operation not permitted
build	Cache Android SDK	2026-06-06T12:22:56.3751584Z /usr/bin/tar: ../../../../../usr/local/lib/android/sdk/platforms/android-36/data/res/values-mcc310-mnc800-sl: Cannot utime: Operation not permitted
build	Cache Android SDK	2026-06-06T12:22:56.3752057Z /usr/bin/tar: ../../../../../usr/local/lib/android/sdk/platforms/android-36/data/res/values-mcc310-mnc800-sl: Cannot change mode to rwxr-xr-x: Operation not permitted
build	Cache Android SDK	2026-06-06T12:22:56.3755170Z /usr/bin/tar: ../../../../../usr/local/lib/android/sdk/platforms/android-36/data/res/layout-round-watch: Cannot utime: Operation not permitted
build	Cache Android SDK	2026-06-06T12:22:56.3755641Z /usr/bin/tar: ../../../../../usr/local/lib/android/sdk/platforms/android-36/data/res/layout-round-watch: Cannot change mode to rwxr-xr-x: Operation not permitted
build	Cache Android SDK	2026-06-06T12:22:56.3762557Z /usr/bin/tar: ../../../../../usr/local/lib/android/sdk/platforms/android-36/data/res/values-w640dp: Cannot utime: Operation not permitted
build	Cache Android SDK	2026-06-06T12:22:56.3763016Z /usr/bin/tar: ../../../../../usr/local/lib/android/sdk/platforms/android-36/data/res/values-w640dp: Cannot change mode to rwxr-xr-x: Operation not permitted
build	Cache Android SDK	2026-06-06T12:22:56.3765154Z /usr/bin/tar: ../../../../../usr/local/lib/android/sdk/platforms/android-36/data/res/values-af-rZA: Cannot utime: Operation not permitted
build	Cache Android SDK	2026-06-06T12:22:56.3765626Z /usr/bin/tar: ../../../../../usr/local/lib/android/sdk/platforms/android-36/data/res/values-af-rZA: Cannot change mode to rwxr-xr-x: Operation not permitted
build	Cache Android SDK	2026-06-06T12:22:56.3767758Z /usr/bin/tar: ../../../../../usr/local/lib/android/sdk/platforms/android-36/data/res/values-mcc310-mnc410-hr: Cannot utime: Operation not permitted
build	Cache Android SDK	2026-06-06T12:22:56.3768220Z /usr/bin/tar: ../../../../../usr/local/lib/android/sdk/platforms/android-36/data/res/values-mcc310-mnc410-hr: Cannot change mode to rwxr-xr-x: Operation not permitted
build	Cache Android SDK	2026-06-06T12:22:56.3771553Z /usr/bin/tar: ../../../../../usr/local/lib/android/sdk/platforms/android-36/data/res/values-mcc312-mnc670-ka: Cannot utime: Operation not permitted
build	Cache Android SDK	2026-06-06T12:22:56.3772018Z /usr/bin/tar: ../../../../../usr/local/lib/android/sdk/platforms/android-36/data/res/values-mcc312-mnc670-ka: Cannot change mode to rwxr-xr-x: Operation not permitted
build	Cache Android SDK	2026-06-06T12:22:56.3774455Z /usr/bin/tar: ../../../../../usr/local/lib/android/sdk/platforms/android-36/data/res/values-mcc310-mnc950-am: Cannot utime: Operation not permitted
build	Cache Android SDK	2026-06-06T12:22:56.3774929Z /usr/bin/tar: ../../../../../usr/local/lib/android/sdk/platforms/android-36/data/res/values-mcc310-mnc950-am: Cannot change mode to rwxr-xr-x: Operation not permitted
build	Cache Android SDK	2026-06-06T12:22:56.3778599Z /usr/bin/tar: ../../../../../usr/local/lib/android/sdk/platforms/android-36/data/res/values-mcc313-mnc100-kn: Cannot utime: Operation not permitted
build	Cache Android SDK	2026-06-06T12:22:56.3779223Z /usr/bin/tar: ../../../../../usr/local/lib/android/sdk/platforms/android-36/data/res/values-mcc313-mnc100-kn: Cannot change mode to rwxr-xr-x: Operation not permitted
build	Cache Android SDK	2026-06-06T12:22:56.3782947Z /usr/bin/tar: ../../../../../usr/local/lib/android/sdk/platforms/android-36/data/res/values-mcc311-mnc180-pa: Cannot utime: Operation not permitted
build	Cache Android SDK	2026-06-06T12:22:56.3783428Z /usr/bin/tar: ../../../../../usr/local/lib/android/sdk/platforms/android-36/data/res/values-mcc311-mnc180-pa: Cannot change mode to rwxr-xr-x: Operation not permitted
build	Cache Android SDK	2026-06-06T12:22:56.3789649Z /usr/bin/tar: ../../../../../usr/local/lib/android/sdk/platforms/android-36/data/res/values-mcc334-mnc020-ko: Cannot utime: Operation not permitted
build	Cache Android SDK	2026-06-06T12:22:56.3790227Z /usr/bin/tar: ../../../../../usr/local/lib/android/sdk/platforms/android-36/data/res/values-mcc334-mnc020-ko: Cannot change mode to rwxr-xr-x: Operation not permitted
build	Cache Android SDK	2026-06-06T12:22:56.3793660Z /usr/bin/tar: ../../../../../usr/local/lib/android/sdk/platforms/android-36/data/res/values-sk-rSK: Cannot utime: Operation not permitted
build	Cache Android SDK	2026-06-06T12:22:56.3794111Z /usr/bin/tar: ../../../../../usr/local/lib/android/sdk/platforms/android-36/data/res/values-sk-rSK: Cannot change mode to rwxr-xr-x: Operation not permitted
build	Cache Android SDK	2026-06-06T12:22:56.3799209Z /usr/bin/tar: ../../../../../usr/local/lib/android/sdk/platforms/android-36/data/res/values-mcc302-mnc370-sk: Cannot utime: Operation not permitted
build	Cache Android SDK	2026-06-06T12:22:56.3799813Z /usr/bin/tar: ../../../../../usr/local/lib/android/sdk/platforms/android-36/data/res/values-mcc302-mnc370-sk: Cannot change mode to rwxr-xr-x: Operation not permitted
build	Cache Android SDK	2026-06-06T12:22:56.3802757Z /usr/bin/tar: ../../../../../usr/local/lib/android/sdk/platforms/android-36/data/res/values-mcc001-mnc01-iw: Cannot utime: Operation not permitted
build	Cache Android SDK	2026-06-06T12:22:56.3803316Z /usr/bin/tar: ../../../../../usr/local/lib/android/sdk/platforms/android-36/data/res/values-mcc001-mnc01-iw: Cannot change mode to rwxr-xr-x: Operation not permitted
build	Cache Android SDK	2026-06-06T12:22:56.3808567Z /usr/bin/tar: ../../../../../usr/local/lib/android/sdk/platforms/android-36/data/res/values-mcc310-mnc310-te: Cannot utime: Operation not permitted
build	Cache Android SDK	2026-06-06T12:22:56.3809141Z /usr/bin/tar: ../../../../../usr/local/lib/android/sdk/platforms/android-36/data/res/values-mcc310-mnc310-te: Cannot change mode to rwxr-xr-x: Operation not permitted
build	Cache Android SDK	2026-06-06T12:22:56.3812945Z /usr/bin/tar: ../../../../../usr/local/lib/android/sdk/platforms/android-36/data/res/values-mcc310-mnc200-fi: Cannot utime: Operation not permitted
build	Cache Android SDK	2026-06-06T12:22:56.3813444Z /usr/bin/tar: ../../../../../usr/local/lib/android/sdk/platforms/android-36/data/res/values-mcc310-mnc200-fi: Cannot change mode to rwxr-xr-x: Operation not permitted
build	Cache Android SDK	2026-06-06T12:22:56.3819451Z /usr/bin/tar: ../../../../../usr/local/lib/android/sdk/platforms/android-36/data/res/values-mcc310-mnc270-fr: Cannot utime: Operation not permitted
build	Cache Android SDK	2026-06-06T12:22:56.3819935Z /usr/bin/tar: ../../../../../usr/local/lib/android/sdk/platforms/android-36/data/res/values-mcc310-mnc270-fr: Cannot change mode to rwxr-xr-x: Operation not permitted
build	Cache Android SDK	2026-06-06T12:22:56.3830460Z /usr/bin/tar: ../../../../../usr/local/lib/android/sdk/platforms/android-36/data/res/values-sv: Cannot utime: Operation not permitted
build	Cache Android SDK	2026-06-06T12:22:56.3830910Z /usr/bin/tar: ../../../../../usr/local/lib/android/sdk/platforms/android-36/data/res/values-sv: Cannot change mode to rwxr-xr-x: Operation not permitted
build	Cache Android SDK	2026-06-06T12:22:56.3836178Z /usr/bin/tar: ../../../../../usr/local/lib/android/sdk/platforms/android-36/data/res/values-mcc310-mnc160-pa: Cannot utime: Operation not permitted
build	Cache Android SDK	2026-06-06T12:22:56.3836634Z /usr/bin/tar: ../../../../../usr/local/lib/android/sdk/platforms/android-36/data/res/values-mcc310-mnc160-pa: Cannot change mode to rwxr-xr-x: Operation not permitted
build	Cache Android SDK	2026-06-06T12:22:56.3842031Z /usr/bin/tar: ../../../../../usr/local/lib/android/sdk/platforms/android-36/data/res/values-mcc310-mnc270-ca: Cannot utime: Operation not permitted
build	Cache Android SDK	2026-06-06T12:22:56.3842474Z /usr/bin/tar: ../../../../../usr/local/lib/android/sdk/platforms/android-36/data/res/values-mcc310-mnc270-ca: Cannot change mode to rwxr-xr-x: Operation not permitted
build	Cache Android SDK	2026-06-06T12:22:56.3846692Z /usr/bin/tar: ../../../../../usr/local/lib/android/sdk/platforms/android-36/data/res/values-en-rCA-television: Cannot utime: Operation not permitted
build	Cache Android SDK	2026-06-06T12:22:56.3849421Z /usr/bin/tar: ../../../../../usr/local/lib/android/sdk/platforms/android-36/data/res/values-en-rCA-television: Cannot change mode to rwxr-xr-x: Operation not permitted
build	Cache Android SDK	2026-06-06T12:22:56.3850650Z /usr/bin/tar: ../../../../../usr/local/lib/android/sdk/platforms/android-36/data/res/values-mcc310-mnc150-zh-rCN: Cannot utime: Operation not permitted
build	Cache Android SDK	2026-06-06T12:22:56.3851186Z /usr/bin/tar: ../../../../../usr/local/lib/android/sdk/platforms/android-36/data/res/values-mcc310-mnc150-zh-rCN: Cannot change mode to rwxr-xr-x: Operation not permitted
build	Cache Android SDK	2026-06-06T12:22:56.3855185Z /usr/bin/tar: ../../../../../usr/local/lib/android/sdk/platforms/android-36/data/res/values-mcc310-mnc660-uz: Cannot utime: Operation not permitted
build	Cache Android SDK	2026-06-06T12:22:56.3855735Z /usr/bin/tar: ../../../../../usr/local/lib/android/sdk/platforms/android-36/data/res/values-mcc310-mnc660-uz: Cannot change mode to rwxr-xr-x: Operation not permitted
build	Cache Android SDK	2026-06-06T12:22:56.3859298Z /usr/bin/tar: ../../../../../usr/local/lib/android/sdk/platforms/android-36/data/res/values-mcc310-mnc560-bs: Cannot utime: Operation not permitted
build	Cache Android SDK	2026-06-06T12:22:56.3859819Z /usr/bin/tar: ../../../../../usr/local/lib/android/sdk/platforms/android-36/data/res/values-mcc310-mnc560-bs: Cannot change mode to rwxr-xr-x: Operation not permitted
build	Cache Android SDK	2026-06-06T12:22:56.3863282Z /usr/bin/tar: ../../../../../usr/local/lib/android/sdk/platforms/android-36/data/res/values-mcc302-mnc720-hy: Cannot utime: Operation not permitted
build	Cache Android SDK	2026-06-06T12:22:56.3863797Z /usr/bin/tar: ../../../../../usr/local/lib/android/sdk/platforms/android-36/data/res/values-mcc302-mnc720-hy: Cannot change mode to rwxr-xr-x: Operation not permitted
build	Cache Android SDK	2026-06-06T12:22:56.3867247Z /usr/bin/tar: ../../../../../usr/local/lib/android/sdk/platforms/android-36/data/res/values-mcc310-mnc210-mk: Cannot utime: Operation not permitted
build	Cache Android SDK	2026-06-06T12:22:56.3867788Z /usr/bin/tar: ../../../../../usr/local/lib/android/sdk/platforms/android-36/data/res/values-mcc310-mnc210-mk: Cannot change mode to rwxr-xr-x: Operation not permitted
build	Cache Android SDK	2026-06-06T12:22:56.3871555Z /usr/bin/tar: ../../../../../usr/local/lib/android/sdk/platforms/android-36/data/res/values-w216dp: Cannot utime: Operation not permitted
build	Cache Android SDK	2026-06-06T12:22:56.3871991Z /usr/bin/tar: ../../../../../usr/local/lib/android/sdk/platforms/android-36/data/res/values-w216dp: Cannot change mode to rwxr-xr-x: Operation not permitted
build	Cache Android SDK	2026-06-06T12:22:56.3874834Z /usr/bin/tar: ../../../../../usr/local/lib/android/sdk/platforms/android-36/data/res/values-mcc334-mnc020-ro: Cannot utime: Operation not permitted
build	Cache Android SDK	2026-06-06T12:22:56.3875277Z /usr/bin/tar: ../../../../../usr/local/lib/android/sdk/platforms/android-36/data/res/values-mcc334-mnc020-ro: Cannot change mode to rwxr-xr-x: Operation not permitted
build	Cache Android SDK	2026-06-06T12:22:56.3880233Z /usr/bin/tar: ../../../../../usr/local/lib/android/sdk/platforms/android-36/data/res/values-mcc310-mnc280-lo: Cannot utime: Operation not permitted
build	Cache Android SDK	2026-06-06T12:22:56.3880670Z /usr/bin/tar: ../../../../../usr/local/lib/android/sdk/platforms/android-36/data/res/values-mcc310-mnc280-lo: Cannot change mode to rwxr-xr-x: Operation not permitted
build	Cache Android SDK	2026-06-06T12:22:56.3884306Z /usr/bin/tar: ../../../../../usr/local/lib/android/sdk/platforms/android-36/data/res/values-mcc311-mnc180-ka: Cannot utime: Operation not permitted
build	Cache Android SDK	2026-06-06T12:22:56.3884762Z /usr/bin/tar: ../../../../../usr/local/lib/android/sdk/platforms/android-36/data/res/values-mcc311-mnc180-ka: Cannot change mode to rwxr-xr-x: Operation not permitted
build	Cache Android SDK	2026-06-06T12:22:56.3887834Z /usr/bin/tar: ../../../../../usr/local/lib/android/sdk/platforms/android-36/data/res/values-mcc310-mnc280-nl: Cannot utime: Operation not permitted
build	Cache Android SDK	2026-06-06T12:22:56.3888279Z /usr/bin/tar: ../../../../../usr/local/lib/android/sdk/platforms/android-36/data/res/values-mcc310-mnc280-nl: Cannot change mode to rwxr-xr-x: Operation not permitted
build	Cache Android SDK	2026-06-06T12:22:56.3890986Z /usr/bin/tar: ../../../../../usr/local/lib/android/sdk/platforms/android-36/data/res/values-mcc310-mnc160: Cannot utime: Operation not permitted
build	Cache Android SDK	2026-06-06T12:22:56.3891431Z /usr/bin/tar: ../../../../../usr/local/lib/android/sdk/platforms/android-36/data/res/values-mcc310-mnc160: Cannot change mode to rwxr-xr-x: Operation not permitted
build	Cache Android SDK	2026-06-06T12:22:56.3896234Z /usr/bin/tar: ../../../../../usr/local/lib/android/sdk/platforms/android-36/data/res/values-mcc310-mnc170-as: Cannot utime: Operation not permitted
build	Cache Android SDK	2026-06-06T12:22:56.3896751Z /usr/bin/tar: ../../../../../usr/local/lib/android/sdk/platforms/android-36/data/res/values-mcc310-mnc170-as: Cannot change mode to rwxr-xr-x: Operation not permitted
build	Cache Android SDK	2026-06-06T12:22:56.3900943Z /usr/bin/tar: ../../../../../usr/local/lib/android/sdk/platforms/android-36/data/res/values-mcc310-mnc230-uk: Cannot utime: Operation not permitted
build	Cache Android SDK	2026-06-06T12:22:56.3901394Z /usr/bin/tar: ../../../../../usr/local/lib/android/sdk/platforms/android-36/data/res/values-mcc310-mnc230-uk: Cannot change mode to rwxr-xr-x: Operation not permitted
build	Cache Android SDK	2026-06-06T12:22:56.3906037Z /usr/bin/tar: ../../../../../usr/local/lib/android/sdk/platforms/android-36/data/res/values-mcc302-mnc370-ky: Cannot utime: Operation not permitted
build	Cache Android SDK	2026-06-06T12:22:56.3906605Z /usr/bin/tar: ../../../../../usr/local/lib/android/sdk/platforms/android-36/data/res/values-mcc302-mnc370-ky: Cannot change mode to rwxr-xr-x: Operation not permitted
build	Cache Android SDK	2026-06-06T12:22:56.3910139Z /usr/bin/tar: ../../../../../usr/local/lib/android/sdk/platforms/android-36/data/res/values-mcc310-mnc950-ky: Cannot utime: Operation not permitted
build	Cache Android SDK	2026-06-06T12:22:56.3910768Z /usr/bin/tar: ../../../../../usr/local/lib/android/sdk/platforms/android-36/data/res/values-mcc310-mnc950-ky: Cannot change mode to rwxr-xr-x: Operation not permitted
build	Cache Android SDK	2026-06-06T12:22:56.3914321Z /usr/bin/tar: ../../../../../usr/local/lib/android/sdk/platforms/android-36/data/res/values-vi-watch: Cannot utime: Operation not permitted
build	Cache Android SDK	2026-06-06T12:22:56.3914780Z /usr/bin/tar: ../../../../../usr/local/lib/android/sdk/platforms/android-36/data/res/values-vi-watch: Cannot change mode to rwxr-xr-x: Operation not permitted
build	Cache Android SDK	2026-06-06T12:22:56.3919340Z /usr/bin/tar: ../../../../../usr/local/lib/android/sdk/platforms/android-36/data/res/values-mcc310-mnc410-ka: Cannot utime: Operation not permitted
build	Cache Android SDK	2026-06-06T12:22:56.3919794Z /usr/bin/tar: ../../../../../usr/local/lib/android/sdk/platforms/android-36/data/res/values-mcc310-mnc410-ka: Cannot change mode to rwxr-xr-x: Operation not permitted
build	Cache Android SDK	2026-06-06T12:22:56.3926526Z /usr/bin/tar: ../../../../../usr/local/lib/android/sdk/platforms/android-36/data/res/values-mcc310-mnc220-in: Cannot utime: Operation not permitted
build	Cache Android SDK	2026-06-06T12:22:56.3926967Z /usr/bin/tar: ../../../../../usr/local/lib/android/sdk/platforms/android-36/data/res/values-mcc310-mnc220-in: Cannot change mode to rwxr-xr-x: Operation not permitted
build	Cache Android SDK	2026-06-06T12:22:56.3931188Z /usr/bin/tar: ../../../../../usr/local/lib/android/sdk/platforms/android-36/data/res/values-lo-watch: Cannot utime: Operation not permitted
build	Cache Android SDK	2026-06-06T12:22:56.3931617Z /usr/bin/tar: ../../../../../usr/local/lib/android/sdk/platforms/android-36/data/res/values-lo-watch: Cannot change mode to rwxr-xr-x: Operation not permitted
build	Cache Android SDK	2026-06-06T12:22:56.3934695Z /usr/bin/tar: ../../../../../usr/local/lib/android/sdk/platforms/android-36/data/res/values-mcc310-mnc240-sw: Cannot utime: Operation not permitted
build	Cache Android SDK	2026-06-06T12:22:56.3935150Z /usr/bin/tar: ../../../../../usr/local/lib/android/sdk/platforms/android-36/data/res/values-mcc310-mnc240-sw: Cannot change mode to rwxr-xr-x: Operation not permitted
build	Cache Android SDK	2026-06-06T12:22:56.3939169Z /usr/bin/tar: ../../../../../usr/local/lib/android/sdk/platforms/android-36/data/res/values-mcc310-mnc200-vi: Cannot utime: Operation not permitted
build	Cache Android SDK	2026-06-06T12:22:56.3939608Z /usr/bin/tar: ../../../../../usr/local/lib/android/sdk/platforms/android-36/data/res/values-mcc310-mnc200-vi: Cannot change mode to rwxr-xr-x: Operation not permitted
build	Cache Android SDK	2026-06-06T12:22:56.3949569Z /usr/bin/tar: ../../../../../usr/local/lib/android/sdk/platforms/android-36/data/res/values-mcc310-mnc030-is: Cannot utime: Operation not permitted
build	Cache Android SDK	2026-06-06T12:22:56.3950122Z /usr/bin/tar: ../../../../../usr/local/lib/android/sdk/platforms/android-36/data/res/values-mcc310-mnc030-is: Cannot change mode to rwxr-xr-x: Operation not permitted
build	Cache Android SDK	2026-06-06T12:22:56.3953700Z /usr/bin/tar: ../../../../../usr/local/lib/android/sdk/platforms/android-36/data/res/values-mcc302-mnc720-it: Cannot utime: Operation not permitted
build	Cache Android SDK	2026-06-06T12:22:56.3954264Z /usr/bin/tar: ../../../../../usr/local/lib/android/sdk/platforms/android-36/data/res/values-mcc302-mnc720-it: Cannot change mode to rwxr-xr-x: Operation not permitted
build	Cache Android SDK	2026-06-06T12:22:56.3958056Z /usr/bin/tar: ../../../../../usr/local/lib/android/sdk/platforms/android-36/data/res/values-mcc310-mnc160-zh-rHK: Cannot utime: Operation not permitted
build	Cache Android SDK	2026-06-06T12:22:56.3958530Z /usr/bin/tar: ../../../../../usr/local/lib/android/sdk/platforms/android-36/data/res/values-mcc310-mnc160-zh-rHK: Cannot change mode to rwxr-xr-x: Operation not permitted
build	Cache Android SDK	2026-06-06T12:22:56.3963258Z /usr/bin/tar: ../../../../../usr/local/lib/android/sdk/platforms/android-36/data/res/values-mcc310-mnc410-vi: Cannot utime: Operation not permitted
build	Cache Android SDK	2026-06-06T12:22:56.3963804Z /usr/bin/tar: ../../../../../usr/local/lib/android/sdk/platforms/android-36/data/res/values-mcc310-mnc410-vi: Cannot change mode to rwxr-xr-x: Operation not permitted
build	Cache Android SDK	2026-06-06T12:22:56.3966961Z /usr/bin/tar: ../../../../../usr/local/lib/android/sdk/platforms/android-36/data/res/values-mcc311-mnc180-fa: Cannot utime: Operation not permitted
build	Cache Android SDK	2026-06-06T12:22:56.3967638Z /usr/bin/tar: ../../../../../usr/local/lib/android/sdk/platforms/android-36/data/res/values-mcc311-mnc180-fa: Cannot change mode to rwxr-xr-x: Operation not permitted
build	Cache Android SDK	2026-06-06T12:22:56.3971626Z /usr/bin/tar: ../../../../../usr/local/lib/android/sdk/platforms/android-36/data/res/values-mcc310-mnc150-th: Cannot utime: Operation not permitted
build	Cache Android SDK	2026-06-06T12:22:56.3972080Z /usr/bin/tar: ../../../../../usr/local/lib/android/sdk/platforms/android-36/data/res/values-mcc310-mnc150-th: Cannot change mode to rwxr-xr-x: Operation not permitted
build	Cache Android SDK	2026-06-06T12:22:56.3976840Z /usr/bin/tar: ../../../../../usr/local/lib/android/sdk/platforms/android-36/data/res/values-mcc001-mnc01-az: Cannot utime: Operation not permitted
build	Cache Android SDK	2026-06-06T12:22:56.3977302Z /usr/bin/tar: ../../../../../usr/local/lib/android/sdk/platforms/android-36/data/res/values-mcc001-mnc01-az: Cannot change mode to rwxr-xr-x: Operation not permitted
build	Cache Android SDK	2026-06-06T12:22:56.3981148Z /usr/bin/tar: ../../../../../usr/local/lib/android/sdk/platforms/android-36/data/res/values-mcc310-mnc660-lt: Cannot utime: Operation not permitted
build	Cache Android SDK	2026-06-06T12:22:56.3981616Z /usr/bin/tar: ../../../../../usr/local/lib/android/sdk/platforms/android-36/data/res/values-mcc310-mnc660-lt: Cannot change mode to rwxr-xr-x: Operation not permitted
build	Cache Android SDK	2026-06-06T12:22:56.3985243Z /usr/bin/tar: ../../../../../usr/local/lib/android/sdk/platforms/android-36/data/res/values-mcc310-mnc490-zh-rTW: Cannot utime: Operation not permitted
build	Cache Android SDK	2026-06-06T12:22:56.3985717Z /usr/bin/tar: ../../../../../usr/local/lib/android/sdk/platforms/android-36/data/res/values-mcc310-mnc490-zh-rTW: Cannot change mode to rwxr-xr-x: Operation not permitted
build	Cache Android SDK	2026-06-06T12:22:56.3989755Z /usr/bin/tar: ../../../../../usr/local/lib/android/sdk/platforms/android-36/data/res/values-mcc311-mnc180-hy: Cannot utime: Operation not permitted
build	Cache Android SDK	2026-06-06T12:22:56.3990275Z /usr/bin/tar: ../../../../../usr/local/lib/android/sdk/platforms/android-36/data/res/values-mcc311-mnc180-hy: Cannot change mode to rwxr-xr-x: Operation not permitted
build	Cache Android SDK	2026-06-06T12:22:56.3997140Z /usr/bin/tar: ../../../../../usr/local/lib/android/sdk/platforms/android-36/data/res/values-mcc310-mnc490-ja: Cannot utime: Operation not permitted
build	Cache Android SDK	2026-06-06T12:22:56.3997802Z /usr/bin/tar: ../../../../../usr/local/lib/android/sdk/platforms/android-36/data/res/values-mcc310-mnc490-ja: Cannot change mode to rwxr-xr-x: Operation not permitted
build	Cache Android SDK	2026-06-06T12:22:56.4001607Z /usr/bin/tar: ../../../../../usr/local/lib/android/sdk/platforms/android-36/data/res/values-mcc310-mnc560-te: Cannot utime: Operation not permitted
build	Cache Android SDK	2026-06-06T12:22:56.4002181Z /usr/bin/tar: ../../../../../usr/local/lib/android/sdk/platforms/android-36/data/res/values-mcc310-mnc560-te: Cannot change mode to rwxr-xr-x: Operation not permitted
build	Cache Android SDK	2026-06-06T12:22:56.4005330Z /usr/bin/tar: ../../../../../usr/local/lib/android/sdk/platforms/android-36/data/res/values-mcc310-mnc310-iw: Cannot utime: Operation not permitted
build	Cache Android SDK	2026-06-06T12:22:56.4005866Z /usr/bin/tar: ../../../../../usr/local/lib/android/sdk/platforms/android-36/data/res/values-mcc310-mnc310-iw: Cannot change mode to rwxr-xr-x: Operation not permitted
build	Cache Android SDK	2026-06-06T12:22:56.4010465Z /usr/bin/tar: ../../../../../usr/local/lib/android/sdk/platforms/android-36/data/res/values-sw-television: Cannot utime: Operation not permitted
build	Cache Android SDK	2026-06-06T12:22:56.4010932Z /usr/bin/tar: ../../../../../usr/local/lib/android/sdk/platforms/android-36/data/res/values-sw-television: Cannot change mode to rwxr-xr-x: Operation not permitted
build	Cache Android SDK	2026-06-06T12:22:56.4014286Z /usr/bin/tar: ../../../../../usr/local/lib/android/sdk/platforms/android-36/data/res/values-mcc310-mnc250-kk: Cannot utime: Operation not permitted
build	Cache Android SDK	2026-06-06T12:22:56.4014838Z /usr/bin/tar: ../../../../../usr/local/lib/android/sdk/platforms/android-36/data/res/values-mcc310-mnc250-kk: Cannot change mode to rwxr-xr-x: Operation not permitted
build	Cache Android SDK	2026-06-06T12:22:56.4018500Z /usr/bin/tar: ../../../../../usr/local/lib/android/sdk/platforms/android-36/data/res/values-mcc310-mnc030-th: Cannot utime: Operation not permitted
build	Cache Android SDK	2026-06-06T12:22:56.4019038Z /usr/bin/tar: ../../../../../usr/local/lib/android/sdk/platforms/android-36/data/res/values-mcc310-mnc030-th: Cannot change mode to rwxr-xr-x: Operation not permitted
build	Cache Android SDK	2026-06-06T12:22:56.4023555Z /usr/bin/tar: ../../../../../usr/local/lib/android/sdk/platforms/android-36/data/res/values-lt-rLT: Cannot utime: Operation not permitted
build	Cache Android SDK	2026-06-06T12:22:56.4023987Z /usr/bin/tar: ../../../../../usr/local/lib/android/sdk/platforms/android-36/data/res/values-lt-rLT: Cannot change mode to rwxr-xr-x: Operation not permitted
build	Cache Android SDK	2026-06-06T12:22:56.4026715Z /usr/bin/tar: ../../../../../usr/local/lib/android/sdk/platforms/android-36/data/res/values-mcc310-mnc800-ar: Cannot utime: Operation not permitted
build	Cache Android SDK	2026-06-06T12:22:56.4027169Z /usr/bin/tar: ../../../../../usr/local/lib/android/sdk/platforms/android-36/data/res/values-mcc310-mnc800-ar: Cannot change mode to rwxr-xr-x: Operation not permitted
build	Cache Android SDK	2026-06-06T12:22:56.4030888Z /usr/bin/tar: ../../../../../usr/local/lib/android/sdk/platforms/android-36/data/res/values-mcc310-mnc410-eu: Cannot utime: Operation not permitted
build	Cache Android SDK	2026-06-06T12:22:56.4031329Z /usr/bin/tar: ../../../../../usr/local/lib/android/sdk/platforms/android-36/data/res/values-mcc310-mnc410-eu: Cannot change mode to rwxr-xr-x: Operation not permitted
build	Cache Android SDK	2026-06-06T12:22:56.4038107Z /usr/bin/tar: ../../../../../usr/local/lib/android/sdk/platforms/android-36/data/res/values-mcc310-mnc560-hr: Cannot utime: Operation not permitted
build	Cache Android SDK	2026-06-06T12:22:56.4038554Z /usr/bin/tar: ../../../../../usr/local/lib/android/sdk/platforms/android-36/data/res/values-mcc310-mnc560-hr: Cannot change mode to rwxr-xr-x: Operation not permitted
build	Cache Android SDK	2026-06-06T12:22:56.4047608Z /usr/bin/tar: ../../../../../usr/local/lib/android/sdk/platforms/android-36/data/res/anim-ldrtl: Cannot utime: Operation not permitted
build	Cache Android SDK	2026-06-06T12:22:56.4048115Z /usr/bin/tar: ../../../../../usr/local/lib/android/sdk/platforms/android-36/data/res/anim-ldrtl: Cannot change mode to rwxr-xr-x: Operation not permitted
build	Cache Android SDK	2026-06-06T12:22:56.4057605Z /usr/bin/tar: ../../../../../usr/local/lib/android/sdk/platforms/android-36/data/res/values-mk: Cannot utime: Operation not permitted
build	Cache Android SDK	2026-06-06T12:22:56.4058567Z /usr/bin/tar: ../../../../../usr/local/lib/android/sdk/platforms/android-36/data/res/values-mk: Cannot change mode to rwxr-xr-x: Operation not permitted
build	Cache Android SDK	2026-06-06T12:22:56.4066616Z /usr/bin/tar: ../../../../../usr/local/lib/android/sdk/platforms/android-36/data/res/values-mcc310-mnc030-ja: Cannot utime: Operation not permitted
build	Cache Android SDK	2026-06-06T12:22:56.4067226Z /usr/bin/tar: ../../../../../usr/local/lib/android/sdk/platforms/android-36/data/res/values-mcc310-mnc030-ja: Cannot change mode to rwxr-xr-x: Operation not permitted
build	Cache Android SDK	2026-06-06T12:22:56.4071442Z /usr/bin/tar: ../../../../../usr/local/lib/android/sdk/platforms/android-36/data/res/values-mcc310-mnc160-ro: Cannot utime: Operation not permitted
build	Cache Android SDK	2026-06-06T12:22:56.4072098Z /usr/bin/tar: ../../../../../usr/local/lib/android/sdk/platforms/android-36/data/res/values-mcc310-mnc160-ro: Cannot change mode to rwxr-xr-x: Operation not permitted
build	Cache Android SDK	2026-06-06T12:22:56.4078505Z /usr/bin/tar: ../../../../../usr/local/lib/android/sdk/platforms/android-36/data/res/values-mcc310-mnc200-sk: Cannot utime: Operation not permitted
build	Cache Android SDK	2026-06-06T12:22:56.4078955Z /usr/bin/tar: ../../../../../usr/local/lib/android/sdk/platforms/android-36/data/res/values-mcc310-mnc200-sk: Cannot change mode to rwxr-xr-x: Operation not permitted
build	Cache Android SDK	2026-06-06T12:22:56.4081991Z /usr/bin/tar: ../../../../../usr/local/lib/android/sdk/platforms/android-36/data/res/values-mcc310-mnc660-sl: Cannot utime: Operation not permitted
build	Cache Android SDK	2026-06-06T12:22:56.4082526Z /usr/bin/tar: ../../../../../usr/local/lib/android/sdk/platforms/android-36/data/res/values-mcc310-mnc660-sl: Cannot change mode to rwxr-xr-x: Operation not permitted
build	Cache Android SDK	2026-06-06T12:22:56.4085194Z /usr/bin/tar: ../../../../../usr/local/lib/android/sdk/platforms/android-36/data/res/values-mcc310-mnc200-eu: Cannot utime: Operation not permitted
build	Cache Android SDK	2026-06-06T12:22:56.4085718Z /usr/bin/tar: ../../../../../usr/local/lib/android/sdk/platforms/android-36/data/res/values-mcc310-mnc200-eu: Cannot change mode to rwxr-xr-x: Operation not permitted
build	Cache Android SDK	2026-06-06T12:22:56.4088445Z /usr/bin/tar: ../../../../../usr/local/lib/android/sdk/platforms/android-36/data/res/values-mcc334-mnc020-sq: Cannot utime: Operation not permitted
build	Cache Android SDK	2026-06-06T12:22:56.4088891Z /usr/bin/tar: ../../../../../usr/local/lib/android/sdk/platforms/android-36/data/res/values-mcc334-mnc020-sq: Cannot change mode to rwxr-xr-x: Operation not permitted
build	Cache Android SDK	2026-06-06T12:22:56.4096371Z /usr/bin/tar: ../../../../../usr/local/lib/android/sdk/platforms/android-36/data/res/values-mcc310-mnc220-fa: Cannot utime: Operation not permitted
build	Cache Android SDK	2026-06-06T12:22:56.4096936Z /usr/bin/tar: ../../../../../usr/local/lib/android/sdk/platforms/android-36/data/res/values-mcc310-mnc220-fa: Cannot change mode to rwxr-xr-x: Operation not permitted
build	Cache Android SDK	2026-06-06T12:22:56.4101163Z /usr/bin/tar: ../../../../../usr/local/lib/android/sdk/platforms/android-36/data/res/values-mcc313-mnc100-ml: Cannot utime: Operation not permitted
build	Cache Android SDK	2026-06-06T12:22:56.4101670Z /usr/bin/tar: ../../../../../usr/local/lib/android/sdk/platforms/android-36/data/res/values-mcc313-mnc100-ml: Cannot change mode to rwxr-xr-x: Operation not permitted
build	Cache Android SDK	2026-06-06T12:22:56.4104964Z /usr/bin/tar: ../../../../../usr/local/lib/android/sdk/platforms/android-36/data/res/values-mcc310-mnc280-pa: Cannot utime: Operation not permitted
build	Cache Android SDK	2026-06-06T12:22:56.4105414Z /usr/bin/tar: ../../../../../usr/local/lib/android/sdk/platforms/android-36/data/res/values-mcc310-mnc280-pa: Cannot change mode to rwxr-xr-x: Operation not permitted
build	Cache Android SDK	2026-06-06T12:22:56.4109625Z /usr/bin/tar: ../../../../../usr/local/lib/android/sdk/platforms/android-36/data/res/values-mcc310-mnc160-sw: Cannot utime: Operation not permitted
build	Cache Android SDK	2026-06-06T12:22:56.4110072Z /usr/bin/tar: ../../../../../usr/local/lib/android/sdk/platforms/android-36/data/res/values-mcc310-mnc160-sw: Cannot change mode to rwxr-xr-x: Operation not permitted
build	Cache Android SDK	2026-06-06T12:22:56.4113924Z /usr/bin/tar: ../../../../../usr/local/lib/android/sdk/platforms/android-36/data/res/values-mcc310-mnc800-nl: Cannot utime: Operation not permitted
build	Cache Android SDK	2026-06-06T12:22:56.4114378Z /usr/bin/tar: ../../../../../usr/local/lib/android/sdk/platforms/android-36/data/res/values-mcc310-mnc800-nl: Cannot change mode to rwxr-xr-x: Operation not permitted
build	Cache Android SDK	2026-06-06T12:22:56.4124589Z /usr/bin/tar: ../../../../../usr/local/lib/android/sdk/platforms/android-36/data/res/raw-pl: Cannot utime: Operation not permitted
build	Cache Android SDK	2026-06-06T12:22:56.4125085Z /usr/bin/tar: ../../../../../usr/local/lib/android/sdk/platforms/android-36/data/res/raw-pl: Cannot change mode to rwxr-xr-x: Operation not permitted
build	Cache Android SDK	2026-06-06T12:22:56.4130544Z /usr/bin/tar: ../../../../../usr/local/lib/android/sdk/platforms/android-36/data/res/values-mcc310-mnc950-sw: Cannot utime: Operation not permitted
build	Cache Android SDK	2026-06-06T12:22:56.4131126Z /usr/bin/tar: ../../../../../usr/local/lib/android/sdk/platforms/android-36/data/res/values-mcc310-mnc950-sw: Cannot change mode to rwxr-xr-x: Operation not permitted
build	Cache Android SDK	2026-06-06T12:22:56.4134384Z /usr/bin/tar: ../../../../../usr/local/lib/android/sdk/platforms/android-36/data/res/values-mcc310-mnc170-en-rAU: Cannot utime: Operation not permitted
build	Cache Android SDK	2026-06-06T12:22:56.4134954Z /usr/bin/tar: ../../../../../usr/local/lib/android/sdk/platforms/android-36/data/res/values-mcc310-mnc170-en-rAU: Cannot change mode to rwxr-xr-x: Operation not permitted
build	Cache Android SDK	2026-06-06T12:22:56.4149259Z /usr/bin/tar: ../../../../../usr/local/lib/android/sdk/platforms/android-36/data/res/drawable-land-ldpi: Cannot utime: Operation not permitted
build	Cache Android SDK	2026-06-06T12:22:56.4149721Z /usr/bin/tar: ../../../../../usr/local/lib/android/sdk/platforms/android-36/data/res/drawable-land-ldpi: Cannot change mode to rwxr-xr-x: Operation not permitted
build	Cache Android SDK	2026-06-06T12:22:56.4153011Z /usr/bin/tar: ../../../../../usr/local/lib/android/sdk/platforms/android-36/data/res/values-mcc311-mnc180-cs: Cannot utime: Operation not permitted
build	Cache Android SDK	2026-06-06T12:22:56.4153464Z /usr/bin/tar: ../../../../../usr/local/lib/android/sdk/platforms/android-36/data/res/values-mcc311-mnc180-cs: Cannot change mode to rwxr-xr-x: Operation not permitted
build	Cache Android SDK	2026-06-06T12:22:56.4157743Z /usr/bin/tar: ../../../../../usr/local/lib/android/sdk/platforms/android-36/data/res/values-mcc312-mnc670-sk: Cannot utime: Operation not permitted
build	Cache Android SDK	2026-06-06T12:22:56.4158191Z /usr/bin/tar: ../../../../../usr/local/lib/android/sdk/platforms/android-36/data/res/values-mcc312-mnc670-sk: Cannot change mode to rwxr-xr-x: Operation not permitted
build	Cache Android SDK	2026-06-06T12:22:56.4163952Z /usr/bin/tar: ../../../../../usr/local/lib/android/sdk/platforms/android-36/data/res/values-mcc302-mnc720-pl: Cannot utime: Operation not permitted
build	Cache Android SDK	2026-06-06T12:22:56.4164466Z /usr/bin/tar: ../../../../../usr/local/lib/android/sdk/platforms/android-36/data/res/values-mcc302-mnc720-pl: Cannot change mode to rwxr-xr-x: Operation not permitted
build	Cache Android SDK	2026-06-06T12:22:56.4166514Z /usr/bin/tar: ../../../../../usr/local/lib/android/sdk/platforms/android-36/data/res/values-mcc310-mnc200-zh-rCN: Cannot utime: Operation not permitted
build	Cache Android SDK	2026-06-06T12:22:56.4167002Z /usr/bin/tar: ../../../../../usr/local/lib/android/sdk/platforms/android-36/data/res/values-mcc310-mnc200-zh-rCN: Cannot change mode to rwxr-xr-x: Operation not permitted
build	Cache Android SDK	2026-06-06T12:22:56.4174756Z /usr/bin/tar: ../../../../../usr/local/lib/android/sdk/platforms/android-36/data/res/values-mcc310-mnc220-sr: Cannot utime: Operation not permitted
build	Cache Android SDK	2026-06-06T12:22:56.4175485Z /usr/bin/tar: ../../../../../usr/local/lib/android/sdk/platforms/android-36/data/res/values-mcc310-mnc220-sr: Cannot change mode to rwxr-xr-x: Operation not permitted
build	Cache Android SDK	2026-06-06T12:22:56.4179439Z /usr/bin/tar: ../../../../../usr/local/lib/android/sdk/platforms/android-36/data/res/values-mcc310-mnc160-tr: Cannot utime: Operation not permitted
build	Cache Android SDK	2026-06-06T12:22:56.4179907Z /usr/bin/tar: ../../../../../usr/local/lib/android/sdk/platforms/android-36/data/res/values-mcc310-mnc160-tr: Cannot change mode to rwxr-xr-x: Operation not permitted
build	Cache Android SDK	2026-06-06T12:22:56.4182941Z /usr/bin/tar: ../../../../../usr/local/lib/android/sdk/platforms/android-36/data/res/values-pt-rPT-watch: Cannot utime: Operation not permitted
build	Cache Android SDK	2026-06-06T12:22:56.4183396Z /usr/bin/tar: ../../../../../usr/local/lib/android/sdk/platforms/android-36/data/res/values-pt-rPT-watch: Cannot change mode to rwxr-xr-x: Operation not permitted
build	Cache Android SDK	2026-06-06T12:22:56.4186910Z /usr/bin/tar: ../../../../../usr/local/lib/android/sdk/platforms/android-36/data/res/values-mcc310-mnc410-zh-rTW: Cannot utime: Operation not permitted
build	Cache Android SDK	2026-06-06T12:22:56.4187480Z /usr/bin/tar: ../../../../../usr/local/lib/android/sdk/platforms/android-36/data/res/values-mcc310-mnc410-zh-rTW: Cannot change mode to rwxr-xr-x: Operation not permitted
build	Cache Android SDK	2026-06-06T12:22:56.4191580Z /usr/bin/tar: ../../../../../usr/local/lib/android/sdk/platforms/android-36/data/res/values-mcc334-mnc020-sr: Cannot utime: Operation not permitted
build	Cache Android SDK	2026-06-06T12:22:56.4192187Z /usr/bin/tar: ../../../../../usr/local/lib/android/sdk/platforms/android-36/data/res/values-mcc334-mnc020-sr: Cannot change mode to rwxr-xr-x: Operation not permitted
build	Cache Android SDK	2026-06-06T12:22:56.4196621Z /usr/bin/tar: ../../../../../usr/local/lib/android/sdk/platforms/android-36/data/res/values-mcc310-mnc240-fi: Cannot utime: Operation not permitted
build	Cache Android SDK	2026-06-06T12:22:56.4197068Z /usr/bin/tar: ../../../../../usr/local/lib/android/sdk/platforms/android-36/data/res/values-mcc310-mnc240-fi: Cannot change mode to rwxr-xr-x: Operation not permitted
build	Cache Android SDK	2026-06-06T12:22:56.4202343Z /usr/bin/tar: ../../../../../usr/local/lib/android/sdk/platforms/android-36/data/res/values-mcc310-mnc560-sr: Cannot utime: Operation not permitted
build	Cache Android SDK	2026-06-06T12:22:56.4202861Z /usr/bin/tar: ../../../../../usr/local/lib/android/sdk/platforms/android-36/data/res/values-mcc310-mnc560-sr: Cannot change mode to rwxr-xr-x: Operation not permitted
build	Cache Android SDK	2026-06-06T12:22:56.4206440Z /usr/bin/tar: ../../../../../usr/local/lib/android/sdk/platforms/android-36/data/res/values-da-rDK: Cannot utime: Operation not permitted
build	Cache Android SDK	2026-06-06T12:22:56.4206866Z /usr/bin/tar: ../../../../../usr/local/lib/android/sdk/platforms/android-36/data/res/values-da-rDK: Cannot change mode to rwxr-xr-x: Operation not permitted
build	Cache Android SDK	2026-06-06T12:22:56.4213655Z /usr/bin/tar: ../../../../../usr/local/lib/android/sdk/platforms/android-36/data/res/values-mcc310-mnc410-gu: Cannot utime: Operation not permitted
build	Cache Android SDK	2026-06-06T12:22:56.4214116Z /usr/bin/tar: ../../../../../usr/local/lib/android/sdk/platforms/android-36/data/res/values-mcc310-mnc410-gu: Cannot change mode to rwxr-xr-x: Operation not permitted
build	Cache Android SDK	2026-06-06T12:22:56.4218493Z /usr/bin/tar: ../../../../../usr/local/lib/android/sdk/platforms/android-36/data/res/values-mcc334-mnc020-ka: Cannot utime: Operation not permitted
build	Cache Android SDK	2026-06-06T12:22:56.4218936Z /usr/bin/tar: ../../../../../usr/local/lib/android/sdk/platforms/android-36/data/res/values-mcc334-mnc020-ka: Cannot change mode to rwxr-xr-x: Operation not permitted
build	Cache Android SDK	2026-06-06T12:22:56.4222572Z /usr/bin/tar: ../../../../../usr/local/lib/android/sdk/platforms/android-36/data/res/values-mcc310-mnc560-nb: Cannot utime: Operation not permitted
build	Cache Android SDK	2026-06-06T12:22:56.4223025Z /usr/bin/tar: ../../../../../usr/local/lib/android/sdk/platforms/android-36/data/res/values-mcc310-mnc560-nb: Cannot change mode to rwxr-xr-x: Operation not permitted
build	Cache Android SDK	2026-06-06T12:22:56.4226785Z /usr/bin/tar: ../../../../../usr/local/lib/android/sdk/platforms/android-36/data/res/values-mcc310-mnc240-en-rGB: Cannot utime: Operation not permitted
build	Cache Android SDK	2026-06-06T12:22:56.4227245Z /usr/bin/tar: ../../../../../usr/local/lib/android/sdk/platforms/android-36/data/res/values-mcc310-mnc240-en-rGB: Cannot change mode to rwxr-xr-x: Operation not permitted
build	Cache Android SDK	2026-06-06T12:22:56.4234122Z /usr/bin/tar: ../../../../../usr/local/lib/android/sdk/platforms/android-36/data/res/values-mcc310-mnc380-zh-rTW: Cannot utime: Operation not permitted
build	Cache Android SDK	2026-06-06T12:22:56.4234582Z /usr/bin/tar: ../../../../../usr/local/lib/android/sdk/platforms/android-36/data/res/values-mcc310-mnc380-zh-rTW: Cannot change mode to rwxr-xr-x: Operation not permitted
build	Cache Android SDK	2026-06-06T12:22:56.4238463Z /usr/bin/tar: ../../../../../usr/local/lib/android/sdk/platforms/android-36/data/res/values-mcc310-mnc210-sr: Cannot utime: Operation not permitted
build	Cache Android SDK	2026-06-06T12:22:56.4238907Z /usr/bin/tar: ../../../../../usr/local/lib/android/sdk/platforms/android-36/data/res/values-mcc310-mnc210-sr: Cannot change mode to rwxr-xr-x: Operation not permitted
build	Cache Android SDK	2026-06-06T12:22:56.4243518Z /usr/bin/tar: ../../../../../usr/local/lib/android/sdk/platforms/android-36/data/res/values-mcc310-mnc380-as: Cannot utime: Operation not permitted
build	Cache Android SDK	2026-06-06T12:22:56.4244072Z /usr/bin/tar: ../../../../../usr/local/lib/android/sdk/platforms/android-36/data/res/values-mcc310-mnc380-as: Cannot change mode to rwxr-xr-x: Operation not permitted
build	Cache Android SDK	2026-06-06T12:22:56.4247900Z /usr/bin/tar: ../../../../../usr/local/lib/android/sdk/platforms/android-36/data/res/values-mcc312-mnc670-nb: Cannot utime: Operation not permitted
build	Cache Android SDK	2026-06-06T12:22:56.4248433Z /usr/bin/tar: ../../../../../usr/local/lib/android/sdk/platforms/android-36/data/res/values-mcc312-mnc670-nb: Cannot change mode to rwxr-xr-x: Operation not permitted
build	Cache Android SDK	2026-06-06T12:22:56.4257323Z /usr/bin/tar: ../../../../../usr/local/lib/android/sdk/platforms/android-36/data/res/values-mcc302-mnc370-bg: Cannot utime: Operation not permitted
build	Cache Android SDK	2026-06-06T12:22:56.4258096Z /usr/bin/tar: ../../../../../usr/local/lib/android/sdk/platforms/android-36/data/res/values-mcc302-mnc370-bg: Cannot change mode to rwxr-xr-x: Operation not permitted
build	Cache Android SDK	2026-06-06T12:22:56.4264096Z /usr/bin/tar: ../../../../../usr/local/lib/android/sdk/platforms/android-36/data/res/values-mcc310-mnc200-it: Cannot utime: Operation not permitted
build	Cache Android SDK	2026-06-06T12:22:56.4264712Z /usr/bin/tar: ../../../../../usr/local/lib/android/sdk/platforms/android-36/data/res/values-mcc310-mnc200-it: Cannot change mode to rwxr-xr-x: Operation not permitted
build	Cache Android SDK	2026-06-06T12:22:56.4268121Z /usr/bin/tar: ../../../../../usr/local/lib/android/sdk/platforms/android-36/data/res/values-w211dp: Cannot utime: Operation not permitted
build	Cache Android SDK	2026-06-06T12:22:56.4268547Z /usr/bin/tar: ../../../../../usr/local/lib/android/sdk/platforms/android-36/data/res/values-w211dp: Cannot change mode to rwxr-xr-x: Operation not permitted
build	Cache Android SDK	2026-06-06T12:22:56.4273348Z /usr/bin/tar: ../../../../../usr/local/lib/android/sdk/platforms/android-36/data/res/values-sk-watch: Cannot utime: Operation not permitted
build	Cache Android SDK	2026-06-06T12:22:56.4273777Z /usr/bin/tar: ../../../../../usr/local/lib/android/sdk/platforms/android-36/data/res/values-sk-watch: Cannot change mode to rwxr-xr-x: Operation not permitted
build	Cache Android SDK	2026-06-06T12:22:56.4277334Z /usr/bin/tar: ../../../../../usr/local/lib/android/sdk/platforms/android-36/data/res/values-mcc310-mnc030-te: Cannot utime: Operation not permitted
build	Cache Android SDK	2026-06-06T12:22:56.4278021Z /usr/bin/tar: ../../../../../usr/local/lib/android/sdk/platforms/android-36/data/res/values-mcc310-mnc030-te: Cannot change mode to rwxr-xr-x: Operation not permitted
build	Cache Android SDK	2026-06-06T12:22:56.4281522Z /usr/bin/tar: ../../../../../usr/local/lib/android/sdk/platforms/android-36/data/res/values-mcc310-mnc250-es: Cannot utime: Operation not permitted
build	Cache Android SDK	2026-06-06T12:22:56.4281977Z /usr/bin/tar: ../../../../../usr/local/lib/android/sdk/platforms/android-36/data/res/values-mcc310-mnc250-es: Cannot change mode to rwxr-xr-x: Operation not permitted
build	Cache Android SDK	2026-06-06T12:22:56.4285713Z /usr/bin/tar: ../../../../../usr/local/lib/android/sdk/platforms/android-36/data/res/values-th-television: Cannot utime: Operation not permitted
build	Cache Android SDK	2026-06-06T12:22:56.4286168Z /usr/bin/tar: ../../../../../usr/local/lib/android/sdk/platforms/android-36/data/res/values-th-television: Cannot change mode to rwxr-xr-x: Operation not permitted
build	Cache Android SDK	2026-06-06T12:22:56.4291607Z /usr/bin/tar: ../../../../../usr/local/lib/android/sdk/platforms/android-36/data/res/values-mcc310-mnc160-es: Cannot utime: Operation not permitted
build	Cache Android SDK	2026-06-06T12:22:56.4292055Z /usr/bin/tar: ../../../../../usr/local/lib/android/sdk/platforms/android-36/data/res/values-mcc310-mnc160-es: Cannot change mode to rwxr-xr-x: Operation not permitted
build	Cache Android SDK	2026-06-06T12:22:56.4295572Z /usr/bin/tar: ../../../../../usr/local/lib/android/sdk/platforms/android-36/data/res/values-ko-rKR: Cannot utime: Operation not permitted
build	Cache Android SDK	2026-06-06T12:22:56.4295997Z /usr/bin/tar: ../../../../../usr/local/lib/android/sdk/platforms/android-36/data/res/values-ko-rKR: Cannot change mode to rwxr-xr-x: Operation not permitted
build	Cache Android SDK	2026-06-06T12:22:56.4300479Z /usr/bin/tar: ../../../../../usr/local/lib/android/sdk/platforms/android-36/data/res/values-mcc310-mnc310-sl: Cannot utime: Operation not permitted
build	Cache Android SDK	2026-06-06T12:22:56.4301038Z /usr/bin/tar: ../../../../../usr/local/lib/android/sdk/platforms/android-36/data/res/values-mcc310-mnc310-sl: Cannot change mode to rwxr-xr-x: Operation not permitted
build	Cache Android SDK	2026-06-06T12:22:56.4304528Z /usr/bin/tar: ../../../../../usr/local/lib/android/sdk/platforms/android-36/data/res/values-mcc001-mnc01-zh-rCN: Cannot utime: Operation not permitted
build	Cache Android SDK	2026-06-06T12:22:56.4305113Z /usr/bin/tar: ../../../../../usr/local/lib/android/sdk/platforms/android-36/data/res/values-mcc001-mnc01-zh-rCN: Cannot change mode to rwxr-xr-x: Operation not permitted
build	Cache Android SDK	2026-06-06T12:22:56.4309461Z /usr/bin/tar: ../../../../../usr/local/lib/android/sdk/platforms/android-36/data/res/values-mcc310-mnc220: Cannot utime: Operation not permitted
build	Cache Android SDK	2026-06-06T12:22:56.4309910Z /usr/bin/tar: ../../../../../usr/local/lib/android/sdk/platforms/android-36/data/res/values-mcc310-mnc220: Cannot change mode to rwxr-xr-x: Operation not permitted
build	Cache Android SDK	2026-06-06T12:22:56.4313543Z /usr/bin/tar: ../../../../../usr/local/lib/android/sdk/platforms/android-36/data/res/values-mcc310-mnc220-hy: Cannot utime: Operation not permitted
build	Cache Android SDK	2026-06-06T12:22:56.4313986Z /usr/bin/tar: ../../../../../usr/local/lib/android/sdk/platforms/android-36/data/res/values-mcc310-mnc220-hy: Cannot change mode to rwxr-xr-x: Operation not permitted
build	Cache Android SDK	2026-06-06T12:22:56.4316748Z /usr/bin/tar: ../../../../../usr/local/lib/android/sdk/platforms/android-36/data/res/values-zu-watch: Cannot utime: Operation not permitted
build	Cache Android SDK	2026-06-06T12:22:56.4317176Z /usr/bin/tar: ../../../../../usr/local/lib/android/sdk/platforms/android-36/data/res/values-zu-watch: Cannot change mode to rwxr-xr-x: Operation not permitted
build	Cache Android SDK	2026-06-06T12:22:56.4321142Z /usr/bin/tar: ../../../../../usr/local/lib/android/sdk/platforms/android-36/data/res/values-mcc310-mnc560-b+sr+Latn: Cannot utime: Operation not permitted
build	Cache Android SDK	2026-06-06T12:22:56.4322074Z /usr/bin/tar: ../../../../../usr/local/lib/android/sdk/platforms/android-36/data/res/values-mcc310-mnc560-b+sr+Latn: Cannot change mode to rwxr-xr-x: Operation not permitted
build	Cache Android SDK	2026-06-06T12:22:56.4324869Z /usr/bin/tar: ../../../../../usr/local/lib/android/sdk/platforms/android-36/data/res/values-mcc310-mnc200-lo: Cannot utime: Operation not permitted
build	Cache Android SDK	2026-06-06T12:22:56.4325352Z /usr/bin/tar: ../../../../../usr/local/lib/android/sdk/platforms/android-36/data/res/values-mcc310-mnc200-lo: Cannot change mode to rwxr-xr-x: Operation not permitted
build	Cache Android SDK	2026-06-06T12:22:56.4328758Z /usr/bin/tar: ../../../../../usr/local/lib/android/sdk/platforms/android-36/data/res/values-mcc310-mnc150-it: Cannot utime: Operation not permitted
build	Cache Android SDK	2026-06-06T12:22:56.4329260Z /usr/bin/tar: ../../../../../usr/local/lib/android/sdk/platforms/android-36/data/res/values-mcc310-mnc150-it: Cannot change mode to rwxr-xr-x: Operation not permitted
build	Cache Android SDK	2026-06-06T12:22:56.4332666Z /usr/bin/tar: ../../../../../usr/local/lib/android/sdk/platforms/android-36/data/res/values-mcc310-mnc230-bs: Cannot utime: Operation not permitted
build	Cache Android SDK	2026-06-06T12:22:56.4333137Z /usr/bin/tar: ../../../../../usr/local/lib/android/sdk/platforms/android-36/data/res/values-mcc310-mnc230-bs: Cannot change mode to rwxr-xr-x: Operation not permitted
build	Cache Android SDK	2026-06-06T12:22:56.4336516Z /usr/bin/tar: ../../../../../usr/local/lib/android/sdk/platforms/android-36/data/res/values-mcc313-mnc100-az: Cannot utime: Operation not permitted
build	Cache Android SDK	2026-06-06T12:22:56.4336992Z /usr/bin/tar: ../../../../../usr/local/lib/android/sdk/platforms/android-36/data/res/values-mcc313-mnc100-az: Cannot change mode to rwxr-xr-x: Operation not permitted
build	Cache Android SDK	2026-06-06T12:22:56.4339328Z /usr/bin/tar: ../../../../../usr/local/lib/android/sdk/platforms/android-36/data/res/values-mcc310-mnc250-sl: Cannot utime: Operation not permitted
build	Cache Android SDK	2026-06-06T12:22:56.4339796Z /usr/bin/tar: ../../../../../usr/local/lib/android/sdk/platforms/android-36/data/res/values-mcc310-mnc250-sl: Cannot change mode to rwxr-xr-x: Operation not permitted
build	Cache Android SDK	2026-06-06T12:22:56.4342281Z /usr/bin/tar: ../../../../../usr/local/lib/android/sdk/platforms/android-36/data/res/values-mcc311-mnc180-ms: Cannot utime: Operation not permitted
build	Cache Android SDK	2026-06-06T12:22:56.4342740Z /usr/bin/tar: ../../../../../usr/local/lib/android/sdk/platforms/android-36/data/res/values-mcc311-mnc180-ms: Cannot change mode to rwxr-xr-x: Operation not permitted
build	Cache Android SDK	2026-06-06T12:22:56.4345404Z /usr/bin/tar: ../../../../../usr/local/lib/android/sdk/platforms/android-36/data/res/values-mcc310-mnc220-th: Cannot utime: Operation not permitted
build	Cache Android SDK	2026-06-06T12:22:56.4345972Z /usr/bin/tar: ../../../../../usr/local/lib/android/sdk/platforms/android-36/data/res/values-mcc310-mnc220-th: Cannot change mode to rwxr-xr-x: Operation not permitted
build	Cache Android SDK	2026-06-06T12:22:56.4351828Z /usr/bin/tar: ../../../../../usr/local/lib/android/sdk/platforms/android-36/data/res/values-mcc334-mnc020-ta: Cannot utime: Operation not permitted
build	Cache Android SDK	2026-06-06T12:22:56.4352291Z /usr/bin/tar: ../../../../../usr/local/lib/android/sdk/platforms/android-36/data/res/values-mcc334-mnc020-ta: Cannot change mode to rwxr-xr-x: Operation not permitted
build	Cache Android SDK	2026-06-06T12:22:56.4356187Z /usr/bin/tar: ../../../../../usr/local/lib/android/sdk/platforms/android-36/data/res/values-mcc302-mnc370-fr-rCA: Cannot utime: Operation not permitted
build	Cache Android SDK	2026-06-06T12:22:56.4356666Z /usr/bin/tar: ../../../../../usr/local/lib/android/sdk/platforms/android-36/data/res/values-mcc302-mnc370-fr-rCA: Cannot change mode to rwxr-xr-x: Operation not permitted
build	Cache Android SDK	2026-06-06T12:22:56.4359791Z /usr/bin/tar: ../../../../../usr/local/lib/android/sdk/platforms/android-36/data/res/values-mcc310-mnc660-in: Cannot utime: Operation not permitted
build	Cache Android SDK	2026-06-06T12:22:56.4360258Z /usr/bin/tar: ../../../../../usr/local/lib/android/sdk/platforms/android-36/data/res/values-mcc310-mnc660-in: Cannot change mode to rwxr-xr-x: Operation not permitted
build	Cache Android SDK	2026-06-06T12:22:56.4366546Z /usr/bin/tar: ../../../../../usr/local/lib/android/sdk/platforms/android-36/data/res/values-mcc001-mnc01-bs: Cannot utime: Operation not permitted
build	Cache Android SDK	2026-06-06T12:22:56.4367021Z /usr/bin/tar: ../../../../../usr/local/lib/android/sdk/platforms/android-36/data/res/values-mcc001-mnc01-bs: Cannot change mode to rwxr-xr-x: Operation not permitted
build	Cache Android SDK	2026-06-06T12:22:56.4370890Z /usr/bin/tar: ../../../../../usr/local/lib/android/sdk/platforms/android-36/data/res/values-mcc310-mnc280-de: Cannot utime: Operation not permitted
build	Cache Android SDK	2026-06-06T12:22:56.4371365Z /usr/bin/tar: ../../../../../usr/local/lib/android/sdk/platforms/android-36/data/res/values-mcc310-mnc280-de: Cannot change mode to rwxr-xr-x: Operation not permitted
build	Cache Android SDK	2026-06-06T12:22:56.4374605Z /usr/bin/tar: ../../../../../usr/local/lib/android/sdk/platforms/android-36/data/res/values-mcc416-mnc77: Cannot utime: Operation not permitted
build	Cache Android SDK	2026-06-06T12:22:56.4375066Z /usr/bin/tar: ../../../../../usr/local/lib/android/sdk/platforms/android-36/data/res/values-mcc416-mnc77: Cannot change mode to rwxr-xr-x: Operation not permitted
build	Cache Android SDK	2026-06-06T12:22:56.4378642Z /usr/bin/tar: ../../../../../usr/local/lib/android/sdk/platforms/android-36/data/res/values-pl-television: Cannot utime: Operation not permitted
build	Cache Android SDK	2026-06-06T12:22:56.4379097Z /usr/bin/tar: ../../../../../usr/local/lib/android/sdk/platforms/android-36/data/res/values-pl-television: Cannot change mode to rwxr-xr-x: Operation not permitted
build	Cache Android SDK	2026-06-06T12:22:56.4382406Z /usr/bin/tar: ../../../../../usr/local/lib/android/sdk/platforms/android-36/data/res/values-h720dp: Cannot utime: Operation not permitted
build	Cache Android SDK	2026-06-06T12:22:56.4382853Z /usr/bin/tar: ../../../../../usr/local/lib/android/sdk/platforms/android-36/data/res/values-h720dp: Cannot change mode to rwxr-xr-x: Operation not permitted
build	Cache Android SDK	2026-06-06T12:22:56.4387809Z /usr/bin/tar: ../../../../../usr/local/lib/android/sdk/platforms/android-36/data/res/values-mcc310-mnc310-b+sr+Latn: Cannot utime: Operation not permitted
build	Cache Android SDK	2026-06-06T12:22:56.4388309Z /usr/bin/tar: ../../../../../usr/local/lib/android/sdk/platforms/android-36/data/res/values-mcc310-mnc310-b+sr+Latn: Cannot change mode to rwxr-xr-x: Operation not permitted
build	Cache Android SDK	2026-06-06T12:22:56.4391463Z /usr/bin/tar: ../../../../../usr/local/lib/android/sdk/platforms/android-36/data/res/values-mcc001-mnc01-eu: Cannot utime: Operation not permitted
build	Cache Android SDK	2026-06-06T12:22:56.4391926Z /usr/bin/tar: ../../../../../usr/local/lib/android/sdk/platforms/android-36/data/res/values-mcc001-mnc01-eu: Cannot change mode to rwxr-xr-x: Operation not permitted
build	Cache Android SDK	2026-06-06T12:22:56.4395414Z /usr/bin/tar: ../../../../../usr/local/lib/android/sdk/platforms/android-36/data/res/values-mcc310-mnc170-mn: Cannot utime: Operation not permitted
build	Cache Android SDK	2026-06-06T12:22:56.4395972Z /usr/bin/tar: ../../../../../usr/local/lib/android/sdk/platforms/android-36/data/res/values-mcc310-mnc170-mn: Cannot change mode to rwxr-xr-x: Operation not permitted
build	Cache Android SDK	2026-06-06T12:22:56.4399767Z /usr/bin/tar: ../../../../../usr/local/lib/android/sdk/platforms/android-36/data/res/values-mcc234: Cannot utime: Operation not permitted
build	Cache Android SDK	2026-06-06T12:22:56.4400202Z /usr/bin/tar: ../../../../../usr/local/lib/android/sdk/platforms/android-36/data/res/values-mcc234: Cannot change mode to rwxr-xr-x: Operation not permitted
build	Cache Android SDK	2026-06-06T12:22:56.4409108Z /usr/bin/tar: ../../../../../usr/local/lib/android/sdk/platforms/android-36/data/res/values-th: Cannot utime: Operation not permitted
build	Cache Android SDK	2026-06-06T12:22:56.4409633Z /usr/bin/tar: ../../../../../usr/local/lib/android/sdk/platforms/android-36/data/res/values-th: Cannot change mode to rwxr-xr-x: Operation not permitted
build	Cache Android SDK	2026-06-06T12:22:56.4415371Z /usr/bin/tar: ../../../../../usr/local/lib/android/sdk/platforms/android-36/data/res/values-mcc310-mnc030-mr: Cannot utime: Operation not permitted
build	Cache Android SDK	2026-06-06T12:22:56.4415885Z /usr/bin/tar: ../../../../../usr/local/lib/android/sdk/platforms/android-36/data/res/values-mcc310-mnc030-mr: Cannot change mode to rwxr-xr-x: Operation not permitted
build	Cache Android SDK	2026-06-06T12:22:56.4419048Z /usr/bin/tar: ../../../../../usr/local/lib/android/sdk/platforms/android-36/data/res/values-mcc310-mnc310-ka: Cannot utime: Operation not permitted
build	Cache Android SDK	2026-06-06T12:22:56.4419508Z /usr/bin/tar: ../../../../../usr/local/lib/android/sdk/platforms/android-36/data/res/values-mcc310-mnc310-ka: Cannot change mode to rwxr-xr-x: Operation not permitted
build	Cache Android SDK	2026-06-06T12:22:56.4423694Z /usr/bin/tar: ../../../../../usr/local/lib/android/sdk/platforms/android-36/data/res/values-mcc310-mnc240-tl: Cannot utime: Operation not permitted
build	Cache Android SDK	2026-06-06T12:22:56.4424179Z /usr/bin/tar: ../../../../../usr/local/lib/android/sdk/platforms/android-36/data/res/values-mcc310-mnc240-tl: Cannot change mode to rwxr-xr-x: Operation not permitted
build	Cache Android SDK	2026-06-06T12:22:56.4427942Z /usr/bin/tar: ../../../../../usr/local/lib/android/sdk/platforms/android-36/data/res/values-el-television: Cannot utime: Operation not permitted
build	Cache Android SDK	2026-06-06T12:22:56.4428542Z /usr/bin/tar: ../../../../../usr/local/lib/android/sdk/platforms/android-36/data/res/values-el-television: Cannot change mode to rwxr-xr-x: Operation not permitted
build	Cache Android SDK	2026-06-06T12:22:56.4431931Z /usr/bin/tar: ../../../../../usr/local/lib/android/sdk/platforms/android-36/data/res/values-mcc312-mnc670-nl: Cannot utime: Operation not permitted
build	Cache Android SDK	2026-06-06T12:22:56.4432437Z /usr/bin/tar: ../../../../../usr/local/lib/android/sdk/platforms/android-36/data/res/values-mcc312-mnc670-nl: Cannot change mode to rwxr-xr-x: Operation not permitted
build	Cache Android SDK	2026-06-06T12:22:56.4435926Z /usr/bin/tar: ../../../../../usr/local/lib/android/sdk/platforms/android-36/data/res/values-mcc310-mnc310-hy: Cannot utime: Operation not permitted
build	Cache Android SDK	2026-06-06T12:22:56.4436406Z /usr/bin/tar: ../../../../../usr/local/lib/android/sdk/platforms/android-36/data/res/values-mcc310-mnc310-hy: Cannot change mode to rwxr-xr-x: Operation not permitted
build	Cache Android SDK	2026-06-06T12:22:56.4439719Z /usr/bin/tar: ../../../../../usr/local/lib/android/sdk/platforms/android-36/data/res/values-mcc310-mnc250-ur: Cannot utime: Operation not permitted
build	Cache Android SDK	2026-06-06T12:22:56.4440191Z /usr/bin/tar: ../../../../../usr/local/lib/android/sdk/platforms/android-36/data/res/values-mcc310-mnc250-ur: Cannot change mode to rwxr-xr-x: Operation not permitted
build	Cache Android SDK	2026-06-06T12:22:56.4444938Z /usr/bin/tar: ../../../../../usr/local/lib/android/sdk/platforms/android-36/data/res/values-mcc310-mnc490-si: Cannot utime: Operation not permitted
build	Cache Android SDK	2026-06-06T12:22:56.4445404Z /usr/bin/tar: ../../../../../usr/local/lib/android/sdk/platforms/android-36/data/res/values-mcc310-mnc490-si: Cannot change mode to rwxr-xr-x: Operation not permitted
build	Cache Android SDK	2026-06-06T12:22:56.4448407Z /usr/bin/tar: ../../../../../usr/local/lib/android/sdk/platforms/android-36/data/res/drawable-w216dp: Cannot utime: Operation not permitted
build	Cache Android SDK	2026-06-06T12:22:56.4448957Z /usr/bin/tar: ../../../../../usr/local/lib/android/sdk/platforms/android-36/data/res/drawable-w216dp: Cannot change mode to rwxr-xr-x: Operation not permitted
build	Cache Android SDK	2026-06-06T12:22:56.4456214Z /usr/bin/tar: ../../../../../usr/local/lib/android/sdk/platforms/android-36/data/res/values-mcc313-mnc100-am: Cannot utime: Operation not permitted
build	Cache Android SDK	2026-06-06T12:22:56.4456782Z /usr/bin/tar: ../../../../../usr/local/lib/android/sdk/platforms/android-36/data/res/values-mcc313-mnc100-am: Cannot change mode to rwxr-xr-x: Operation not permitted
build	Cache Android SDK	2026-06-06T12:22:56.4461016Z /usr/bin/tar: ../../../../../usr/local/lib/android/sdk/platforms/android-36/data/res/values-mcc310-mnc660-gu: Cannot utime: Operation not permitted
build	Cache Android SDK	2026-06-06T12:22:56.4462069Z /usr/bin/tar: ../../../../../usr/local/lib/android/sdk/platforms/android-36/data/res/values-mcc310-mnc660-gu: Cannot change mode to rwxr-xr-x: Operation not permitted
build	Cache Android SDK	2026-06-06T12:22:56.4464461Z /usr/bin/tar: ../../../../../usr/local/lib/android/sdk/platforms/android-36/data/res/values-mcc310-mnc410-fr-rCA: Cannot utime: Operation not permitted
build	Cache Android SDK	2026-06-06T12:22:56.4464946Z /usr/bin/tar: ../../../../../usr/local/lib/android/sdk/platforms/android-36/data/res/values-mcc310-mnc410-fr-rCA: Cannot change mode to rwxr-xr-x: Operation not permitted
build	Cache Android SDK	2026-06-06T12:22:56.4469849Z /usr/bin/tar: ../../../../../usr/local/lib/android/sdk/platforms/android-36/data/res/values-mcc310-mnc220-te: Cannot utime: Operation not permitted
build	Cache Android SDK	2026-06-06T12:22:56.4470379Z /usr/bin/tar: ../../../../../usr/local/lib/android/sdk/platforms/android-36/data/res/values-mcc310-mnc220-te: Cannot change mode to rwxr-xr-x: Operation not permitted
build	Cache Android SDK	2026-06-06T12:22:56.4479055Z /usr/bin/tar: ../../../../../usr/local/lib/android/sdk/platforms/android-36/data/res/values-af-watch: Cannot utime: Operation not permitted
build	Cache Android SDK	2026-06-06T12:22:56.4479681Z /usr/bin/tar: ../../../../../usr/local/lib/android/sdk/platforms/android-36/data/res/values-af-watch: Cannot change mode to rwxr-xr-x: Operation not permitted
build	Cache Android SDK	2026-06-06T12:22:56.4484289Z /usr/bin/tar: ../../../../../usr/local/lib/android/sdk/platforms/android-36/data/res/values-mcc310-mnc410-el: Cannot utime: Operation not permitted
build	Cache Android SDK	2026-06-06T12:22:56.4484815Z /usr/bin/tar: ../../../../../usr/local/lib/android/sdk/platforms/android-36/data/res/values-mcc310-mnc410-el: Cannot change mode to rwxr-xr-x: Operation not permitted
build	Cache Android SDK	2026-06-06T12:22:56.4487728Z /usr/bin/tar: ../../../../../usr/local/lib/android/sdk/platforms/android-36/data/res/values-mcc310-mnc250-en-rAU: Cannot utime: Operation not permitted
build	Cache Android SDK	2026-06-06T12:22:56.4488273Z /usr/bin/tar: ../../../../../usr/local/lib/android/sdk/platforms/android-36/data/res/values-mcc310-mnc250-en-rAU: Cannot change mode to rwxr-xr-x: Operation not permitted
build	Cache Android SDK	2026-06-06T12:22:56.4492615Z /usr/bin/tar: ../../../../../usr/local/lib/android/sdk/platforms/android-36/data/res/values-mcc312-mnc670-mr: Cannot utime: Operation not permitted
build	Cache Android SDK	2026-06-06T12:22:56.4493092Z /usr/bin/tar: ../../../../../usr/local/lib/android/sdk/platforms/android-36/data/res/values-mcc312-mnc670-mr: Cannot change mode to rwxr-xr-x: Operation not permitted
build	Cache Android SDK	2026-06-06T12:22:56.4496818Z /usr/bin/tar: ../../../../../usr/local/lib/android/sdk/platforms/android-36/data/res/values-mcc310-mnc660-sk: Cannot utime: Operation not permitted
build	Cache Android SDK	2026-06-06T12:22:56.4497282Z /usr/bin/tar: ../../../../../usr/local/lib/android/sdk/platforms/android-36/data/res/values-mcc310-mnc660-sk: Cannot change mode to rwxr-xr-x: Operation not permitted
build	Cache Android SDK	2026-06-06T12:22:56.4503667Z /usr/bin/tar: ../../../../../usr/local/lib/android/sdk/platforms/android-36/data/res/values-mcc310-mnc800-pt-rBR: Cannot utime: Operation not permitted
build	Cache Android SDK	2026-06-06T12:22:56.4504170Z /usr/bin/tar: ../../../../../usr/local/lib/android/sdk/platforms/android-36/data/res/values-mcc310-mnc800-pt-rBR: Cannot change mode to rwxr-xr-x: Operation not permitted
build	Cache Android SDK	2026-06-06T12:22:56.4509694Z /usr/bin/tar: ../../../../../usr/local/lib/android/sdk/platforms/android-36/data/res/values-mcc310-mnc410-uz: Cannot utime: Operation not permitted
build	Cache Android SDK	2026-06-06T12:22:56.4510277Z /usr/bin/tar: ../../../../../usr/local/lib/android/sdk/platforms/android-36/data/res/values-mcc310-mnc410-uz: Cannot change mode to rwxr-xr-x: Operation not permitted
build	Cache Android SDK	2026-06-06T12:22:56.4513208Z /usr/bin/tar: ../../../../../usr/local/lib/android/sdk/platforms/android-36/data/res/values-mcc310-mnc230-ms: Cannot utime: Operation not permitted
build	Cache Android SDK	2026-06-06T12:22:56.4513677Z /usr/bin/tar: ../../../../../usr/local/lib/android/sdk/platforms/android-36/data/res/values-mcc310-mnc230-ms: Cannot change mode to rwxr-xr-x: Operation not permitted
build	Cache Android SDK	2026-06-06T12:22:56.4517223Z /usr/bin/tar: ../../../../../usr/local/lib/android/sdk/platforms/android-36/data/res/values-mcc302-mnc720-vi: Cannot utime: Operation not permitted
build	Cache Android SDK	2026-06-06T12:22:56.4517974Z /usr/bin/tar: ../../../../../usr/local/lib/android/sdk/platforms/android-36/data/res/values-mcc302-mnc720-vi: Cannot change mode to rwxr-xr-x: Operation not permitted
build	Cache Android SDK	2026-06-06T12:22:56.4520696Z /usr/bin/tar: ../../../../../usr/local/lib/android/sdk/platforms/android-36/data/res/values-tr-rTR: Cannot utime: Operation not permitted
build	Cache Android SDK	2026-06-06T12:22:56.4521134Z /usr/bin/tar: ../../../../../usr/local/lib/android/sdk/platforms/android-36/data/res/values-tr-rTR: Cannot change mode to rwxr-xr-x: Operation not permitted
build	Cache Android SDK	2026-06-06T12:22:56.4534495Z /usr/bin/tar: ../../../../../usr/local/lib/android/sdk/platforms/android-36/data/res/values-en-rXC: Cannot utime: Operation not permitted
build	Cache Android SDK	2026-06-06T12:22:56.4535021Z /usr/bin/tar: ../../../../../usr/local/lib/android/sdk/platforms/android-36/data/res/values-en-rXC: Cannot change mode to rwxr-xr-x: Operation not permitted
build	Cache Android SDK	2026-06-06T12:22:56.4538431Z /usr/bin/tar: ../../../../../usr/local/lib/android/sdk/platforms/android-36/data/res/values-mcc310-mnc560-pt-rPT: Cannot utime: Operation not permitted
build	Cache Android SDK	2026-06-06T12:22:56.4538952Z /usr/bin/tar: ../../../../../usr/local/lib/android/sdk/platforms/android-36/data/res/values-mcc310-mnc560-pt-rPT: Cannot change mode to rwxr-xr-x: Operation not permitted
build	Cache Android SDK	2026-06-06T12:22:56.4541878Z /usr/bin/tar: ../../../../../usr/local/lib/android/sdk/platforms/android-36/data/res/values-mcc310-mnc490-es: Cannot utime: Operation not permitted
build	Cache Android SDK	2026-06-06T12:22:56.4542369Z /usr/bin/tar: ../../../../../usr/local/lib/android/sdk/platforms/android-36/data/res/values-mcc310-mnc490-es: Cannot change mode to rwxr-xr-x: Operation not permitted
build	Cache Android SDK	2026-06-06T12:22:56.4545116Z /usr/bin/tar: ../../../../../usr/local/lib/android/sdk/platforms/android-36/data/res/values-mcc310-mnc310-th: Cannot utime: Operation not permitted
build	Cache Android SDK	2026-06-06T12:22:56.4545649Z /usr/bin/tar: ../../../../../usr/local/lib/android/sdk/platforms/android-36/data/res/values-mcc310-mnc310-th: Cannot change mode to rwxr-xr-x: Operation not permitted
build	Cache Android SDK	2026-06-06T12:22:56.4549056Z /usr/bin/tar: ../../../../../usr/local/lib/android/sdk/platforms/android-36/data/res/values-mcc310-mnc030-fa: Cannot utime: Operation not permitted
build	Cache Android SDK	2026-06-06T12:22:56.4549544Z /usr/bin/tar: ../../../../../usr/local/lib/android/sdk/platforms/android-36/data/res/values-mcc310-mnc030-fa: Cannot change mode to rwxr-xr-x: Operation not permitted
build	Cache Android SDK	2026-06-06T12:22:56.4554420Z /usr/bin/tar: ../../../../../usr/local/lib/android/sdk/platforms/android-36/data/res/values-mcc001-mnc01-be: Cannot utime: Operation not permitted
build	Cache Android SDK	2026-06-06T12:22:56.4554884Z /usr/bin/tar: ../../../../../usr/local/lib/android/sdk/platforms/android-36/data/res/values-mcc001-mnc01-be: Cannot change mode to rwxr-xr-x: Operation not permitted
build	Cache Android SDK	2026-06-06T12:22:56.4558038Z /usr/bin/tar: ../../../../../usr/local/lib/android/sdk/platforms/android-36/data/res/values-mcc310-mnc210-el: Cannot utime: Operation not permitted
build	Cache Android SDK	2026-06-06T12:22:56.4558635Z /usr/bin/tar: ../../../../../usr/local/lib/android/sdk/platforms/android-36/data/res/values-mcc310-mnc210-el: Cannot change mode to rwxr-xr-x: Operation not permitted
build	Cache Android SDK	2026-06-06T12:22:56.4561367Z /usr/bin/tar: ../../../../../usr/local/lib/android/sdk/platforms/android-36/data/res/values-mcc310-mnc200-ja: Cannot utime: Operation not permitted
build	Cache Android SDK	2026-06-06T12:22:56.4561945Z /usr/bin/tar: ../../../../../usr/local/lib/android/sdk/platforms/android-36/data/res/values-mcc310-mnc200-ja: Cannot change mode to rwxr-xr-x: Operation not permitted
build	Cache Android SDK	2026-06-06T12:22:56.4568430Z /usr/bin/tar: ../../../../../usr/local/lib/android/sdk/platforms/android-36/data/res/values-eu: Cannot utime: Operation not permitted
build	Cache Android SDK	2026-06-06T12:22:56.4568839Z /usr/bin/tar: ../../../../../usr/local/lib/android/sdk/platforms/android-36/data/res/values-eu: Cannot change mode to rwxr-xr-x: Operation not permitted
build	Cache Android SDK	2026-06-06T12:22:56.4571975Z /usr/bin/tar: ../../../../../usr/local/lib/android/sdk/platforms/android-36/data/res/values-mcc310-mnc160-ms: Cannot utime: Operation not permitted
build	Cache Android SDK	2026-06-06T12:22:56.4572434Z /usr/bin/tar: ../../../../../usr/local/lib/android/sdk/platforms/android-36/data/res/values-mcc310-mnc160-ms: Cannot change mode to rwxr-xr-x: Operation not permitted
build	Cache Android SDK	2026-06-06T12:22:56.4575181Z /usr/bin/tar: ../../../../../usr/local/lib/android/sdk/platforms/android-36/data/res/values-mcc310-mnc240-az: Cannot utime: Operation not permitted
build	Cache Android SDK	2026-06-06T12:22:56.4575636Z /usr/bin/tar: ../../../../../usr/local/lib/android/sdk/platforms/android-36/data/res/values-mcc310-mnc240-az: Cannot change mode to rwxr-xr-x: Operation not permitted
build	Cache Android SDK	2026-06-06T12:22:56.4578474Z /usr/bin/tar: ../../../../../usr/local/lib/android/sdk/platforms/android-36/data/res/values-mcc310-mnc220-kk: Cannot utime: Operation not permitted
build	Cache Android SDK	2026-06-06T12:22:56.4578916Z /usr/bin/tar: ../../../../../usr/local/lib/android/sdk/platforms/android-36/data/res/values-mcc310-mnc220-kk: Cannot change mode to rwxr-xr-x: Operation not permitted
build	Cache Android SDK	2026-06-06T12:22:56.4581464Z /usr/bin/tar: ../../../../../usr/local/lib/android/sdk/platforms/android-36/data/res/values-mcc310-mnc200-ru: Cannot utime: Operation not permitted
build	Cache Android SDK	2026-06-06T12:22:56.4581910Z /usr/bin/tar: ../../../../../usr/local/lib/android/sdk/platforms/android-36/data/res/values-mcc310-mnc200-ru: Cannot change mode to rwxr-xr-x: Operation not permitted
build	Cache Android SDK	2026-06-06T12:22:56.4584405Z /usr/bin/tar: ../../../../../usr/local/lib/android/sdk/platforms/android-36/data/res/values-mcc001-mnc01-da: Cannot utime: Operation not permitted
build	Cache Android SDK	2026-06-06T12:22:56.4584935Z /usr/bin/tar: ../../../../../usr/local/lib/android/sdk/platforms/android-36/data/res/values-mcc001-mnc01-da: Cannot change mode to rwxr-xr-x: Operation not permitted
build	Cache Android SDK	2026-06-06T12:22:56.4587708Z /usr/bin/tar: ../../../../../usr/local/lib/android/sdk/platforms/android-36/data/res/values-mcc310-mnc160-it: Cannot utime: Operation not permitted
build	Cache Android SDK	2026-06-06T12:22:56.4588162Z /usr/bin/tar: ../../../../../usr/local/lib/android/sdk/platforms/android-36/data/res/values-mcc310-mnc160-it: Cannot change mode to rwxr-xr-x: Operation not permitted
build	Cache Android SDK	2026-06-06T12:22:56.4590780Z /usr/bin/tar: ../../../../../usr/local/lib/android/sdk/platforms/android-36/data/res/values-mcc310-mnc200-sq: Cannot utime: Operation not permitted
build	Cache Android SDK	2026-06-06T12:22:56.4591237Z /usr/bin/tar: ../../../../../usr/local/lib/android/sdk/platforms/android-36/data/res/values-mcc310-mnc200-sq: Cannot change mode to rwxr-xr-x: Operation not permitted
build	Cache Android SDK	2026-06-06T12:22:56.4593607Z /usr/bin/tar: ../../../../../usr/local/lib/android/sdk/platforms/android-36/data/res/values-mcc302-mnc370-b+sr+Latn: Cannot utime: Operation not permitted
build	Cache Android SDK	2026-06-06T12:22:56.4594091Z /usr/bin/tar: ../../../../../usr/local/lib/android/sdk/platforms/android-36/data/res/values-mcc302-mnc370-b+sr+Latn: Cannot change mode to rwxr-xr-x: Operation not permitted
build	Cache Android SDK	2026-06-06T12:22:56.4596669Z /usr/bin/tar: ../../../../../usr/local/lib/android/sdk/platforms/android-36/data/res/values-mcc302-mnc720-am: Cannot utime: Operation not permitted
build	Cache Android SDK	2026-06-06T12:22:56.4597112Z /usr/bin/tar: ../../../../../usr/local/lib/android/sdk/platforms/android-36/data/res/values-mcc302-mnc720-am: Cannot change mode to rwxr-xr-x: Operation not permitted
build	Cache Android SDK	2026-06-06T12:22:56.4599865Z /usr/bin/tar: ../../../../../usr/local/lib/android/sdk/platforms/android-36/data/res/values-mcc310-mnc210-ru: Cannot utime: Operation not permitted
build	Cache Android SDK	2026-06-06T12:22:56.4600430Z /usr/bin/tar: ../../../../../usr/local/lib/android/sdk/platforms/android-36/data/res/values-mcc310-mnc210-ru: Cannot change mode to rwxr-xr-x: Operation not permitted
build	Cache Android SDK	2026-06-06T12:22:56.4603150Z /usr/bin/tar: ../../../../../usr/local/lib/android/sdk/platforms/android-36/data/res/values-mcc311-mnc180-sv: Cannot utime: Operation not permitted
build	Cache Android SDK	2026-06-06T12:22:56.4603604Z /usr/bin/tar: ../../../../../usr/local/lib/android/sdk/platforms/android-36/data/res/values-mcc311-mnc180-sv: Cannot change mode to rwxr-xr-x: Operation not permitted
build	Cache Android SDK	2026-06-06T12:22:56.4606130Z /usr/bin/tar: ../../../../../usr/local/lib/android/sdk/platforms/android-36/data/res/values-mcc312-mnc670-pt-rBR: Cannot utime: Operation not permitted
build	Cache Android SDK	2026-06-06T12:22:56.4606609Z /usr/bin/tar: ../../../../../usr/local/lib/android/sdk/platforms/android-36/data/res/values-mcc312-mnc670-pt-rBR: Cannot change mode to rwxr-xr-x: Operation not permitted
build	Cache Android SDK	2026-06-06T12:22:56.4609419Z /usr/bin/tar: ../../../../../usr/local/lib/android/sdk/platforms/android-36/data/res/values-mcc313-mnc100-km: Cannot utime: Operation not permitted
build	Cache Android SDK	2026-06-06T12:22:56.4609880Z /usr/bin/tar: ../../../../../usr/local/lib/android/sdk/platforms/android-36/data/res/values-mcc313-mnc100-km: Cannot change mode to rwxr-xr-x: Operation not permitted
build	Cache Android SDK	2026-06-06T12:22:56.4612913Z /usr/bin/tar: ../../../../../usr/local/lib/android/sdk/platforms/android-36/data/res/values-mcc310-mnc170-ur: Cannot utime: Operation not permitted
build	Cache Android SDK	2026-06-06T12:22:56.4613376Z /usr/bin/tar: ../../../../../usr/local/lib/android/sdk/platforms/android-36/data/res/values-mcc310-mnc170-ur: Cannot change mode to rwxr-xr-x: Operation not permitted
build	Cache Android SDK	2026-06-06T12:22:56.4616143Z /usr/bin/tar: ../../../../../usr/local/lib/android/sdk/platforms/android-36/data/res/values-mcc310-mnc380-bn: Cannot utime: Operation not permitted
build	Cache Android SDK	2026-06-06T12:22:56.4616593Z /usr/bin/tar: ../../../../../usr/local/lib/android/sdk/platforms/android-36/data/res/values-mcc310-mnc380-bn: Cannot change mode to rwxr-xr-x: Operation not permitted
build	Cache Android SDK	2026-06-06T12:22:56.4619354Z /usr/bin/tar: ../../../../../usr/local/lib/android/sdk/platforms/android-36/data/res/values-mcc310-mnc160-pt-rBR: Cannot utime: Operation not permitted
build	Cache Android SDK	2026-06-06T12:22:56.4619829Z /usr/bin/tar: ../../../../../usr/local/lib/android/sdk/platforms/android-36/data/res/values-mcc310-mnc160-pt-rBR: Cannot change mode to rwxr-xr-x: Operation not permitted
build	Cache Android SDK	2026-06-06T12:22:56.4622804Z /usr/bin/tar: ../../../../../usr/local/lib/android/sdk/platforms/android-36/data/res/values-mcc313-mnc100-ka: Cannot utime: Operation not permitted
build	Cache Android SDK	2026-06-06T12:22:56.4623257Z /usr/bin/tar: ../../../../../usr/local/lib/android/sdk/platforms/android-36/data/res/values-mcc313-mnc100-ka: Cannot change mode to rwxr-xr-x: Operation not permitted
build	Cache Android SDK	2026-06-06T12:22:56.4625581Z /usr/bin/tar: ../../../../../usr/local/lib/android/sdk/platforms/android-36/data/res/values-mcc001-mnc01-ar: Cannot utime: Operation not permitted
build	Cache Android SDK	2026-06-06T12:22:56.4626044Z /usr/bin/tar: ../../../../../usr/local/lib/android/sdk/platforms/android-36/data/res/values-mcc001-mnc01-ar: Cannot change mode to rwxr-xr-x: Operation not permitted
build	Cache Android SDK	2026-06-06T12:22:56.4628868Z /usr/bin/tar: ../../../../../usr/local/lib/android/sdk/platforms/android-36/data/res/values-mcc312-mnc670-da: Cannot utime: Operation not permitted
build	Cache Android SDK	2026-06-06T12:22:56.4629339Z /usr/bin/tar: ../../../../../usr/local/lib/android/sdk/platforms/android-36/data/res/values-mcc312-mnc670-da: Cannot change mode to rwxr-xr-x: Operation not permitted
build	Cache Android SDK	2026-06-06T12:22:56.4633167Z /usr/bin/tar: ../../../../../usr/local/lib/android/sdk/platforms/android-36/data/res/values-mcc001-mnc01-is: Cannot utime: Operation not permitted
build	Cache Android SDK	2026-06-06T12:22:56.4633630Z /usr/bin/tar: ../../../../../usr/local/lib/android/sdk/platforms/android-36/data/res/values-mcc001-mnc01-is: Cannot change mode to rwxr-xr-x: Operation not permitted
build	Cache Android SDK	2026-06-06T12:22:56.4636318Z /usr/bin/tar: ../../../../../usr/local/lib/android/sdk/platforms/android-36/data/res/values-mcc310-mnc280-mn: Cannot utime: Operation not permitted
build	Cache Android SDK	2026-06-06T12:22:56.4636985Z /usr/bin/tar: ../../../../../usr/local/lib/android/sdk/platforms/android-36/data/res/values-mcc310-mnc280-mn: Cannot change mode to rwxr-xr-x: Operation not permitted
build	Cache Android SDK	2026-06-06T12:22:56.4639683Z /usr/bin/tar: ../../../../../usr/local/lib/android/sdk/platforms/android-36/data/res/values-mcc311-mnc180-es: Cannot utime: Operation not permitted
build	Cache Android SDK	2026-06-06T12:22:56.4640276Z /usr/bin/tar: ../../../../../usr/local/lib/android/sdk/platforms/android-36/data/res/values-mcc311-mnc180-es: Cannot change mode to rwxr-xr-x: Operation not permitted
build	Cache Android SDK	2026-06-06T12:22:56.4642691Z /usr/bin/tar: ../../../../../usr/local/lib/android/sdk/platforms/android-36/data/res/values-mcc310-mnc270-uz: Cannot utime: Operation not permitted
build	Cache Android SDK	2026-06-06T12:22:56.4643138Z /usr/bin/tar: ../../../../../usr/local/lib/android/sdk/platforms/android-36/data/res/values-mcc310-mnc270-uz: Cannot change mode to rwxr-xr-x: Operation not permitted
build	Cache Android SDK	2026-06-06T12:22:56.4645607Z /usr/bin/tar: ../../../../../usr/local/lib/android/sdk/platforms/android-36/data/res/values-mcc310-mnc220-fr-rCA: Cannot utime: Operation not permitted
build	Cache Android SDK	2026-06-06T12:22:56.4646078Z /usr/bin/tar: ../../../../../usr/local/lib/android/sdk/platforms/android-36/data/res/values-mcc310-mnc220-fr-rCA: Cannot change mode to rwxr-xr-x: Operation not permitted
build	Cache Android SDK	2026-06-06T12:22:56.4649610Z /usr/bin/tar: ../../../../../usr/local/lib/android/sdk/platforms/android-36/data/res/values-mcc001-mnc01-af: Cannot utime: Operation not permitted
build	Cache Android SDK	2026-06-06T12:22:56.4650150Z /usr/bin/tar: ../../../../../usr/local/lib/android/sdk/platforms/android-36/data/res/values-mcc001-mnc01-af: Cannot change mode to rwxr-xr-x: Operation not permitted
build	Cache Android SDK	2026-06-06T12:22:56.4652777Z /usr/bin/tar: ../../../../../usr/local/lib/android/sdk/platforms/android-36/data/res/values-mcc310-mnc280-fi: Cannot utime: Operation not permitted
build	Cache Android SDK	2026-06-06T12:22:56.4653314Z /usr/bin/tar: ../../../../../usr/local/lib/android/sdk/platforms/android-36/data/res/values-mcc310-mnc280-fi: Cannot change mode to rwxr-xr-x: Operation not permitted
build	Cache Android SDK	2026-06-06T12:22:56.4655295Z /usr/bin/tar: ../../../../../usr/local/lib/android/sdk/platforms/android-36/data/res/values-fr-rFR: Cannot utime: Operation not permitted
build	Cache Android SDK	2026-06-06T12:22:56.4655749Z /usr/bin/tar: ../../../../../usr/local/lib/android/sdk/platforms/android-36/data/res/values-fr-rFR: Cannot change mode to rwxr-xr-x: Operation not permitted
build	Cache Android SDK	2026-06-06T12:22:56.4659552Z /usr/bin/tar: ../../../../../usr/local/lib/android/sdk/platforms/android-36/data/res/values-mcc310-mnc380-sw: Cannot utime: Operation not permitted
build	Cache Android SDK	2026-06-06T12:22:56.4660144Z /usr/bin/tar: ../../../../../usr/local/lib/android/sdk/platforms/android-36/data/res/values-mcc310-mnc380-sw: Cannot change mode to rwxr-xr-x: Operation not permitted
build	Cache Android SDK	2026-06-06T12:22:56.4662336Z /usr/bin/tar: ../../../../../usr/local/lib/android/sdk/platforms/android-36/data/res/values-mcc310-mnc270-de: Cannot utime: Operation not permitted
build	Cache Android SDK	2026-06-06T12:22:56.4662922Z /usr/bin/tar: ../../../../../usr/local/lib/android/sdk/platforms/android-36/data/res/values-mcc310-mnc270-de: Cannot change mode to rwxr-xr-x: Operation not permitted
build	Cache Android SDK	2026-06-06T12:22:56.4665820Z /usr/bin/tar: ../../../../../usr/local/lib/android/sdk/platforms/android-36/data/res/values-mcc310-mnc030-ta: Cannot utime: Operation not permitted
build	Cache Android SDK	2026-06-06T12:22:56.4666305Z /usr/bin/tar: ../../../../../usr/local/lib/android/sdk/platforms/android-36/data/res/values-mcc310-mnc030-ta: Cannot change mode to rwxr-xr-x: Operation not permitted
build	Cache Android SDK	2026-06-06T12:22:56.4669111Z /usr/bin/tar: ../../../../../usr/local/lib/android/sdk/platforms/android-36/data/res/values-mcc310-mnc800-si: Cannot utime: Operation not permitted
build	Cache Android SDK	2026-06-06T12:22:56.4669568Z /usr/bin/tar: ../../../../../usr/local/lib/android/sdk/platforms/android-36/data/res/values-mcc310-mnc800-si: Cannot change mode to rwxr-xr-x: Operation not permitted
build	Cache Android SDK	2026-06-06T12:22:56.4672077Z /usr/bin/tar: ../../../../../usr/local/lib/android/sdk/platforms/android-36/data/res/values-mcc310-mnc660-zu: Cannot utime: Operation not permitted
build	Cache Android SDK	2026-06-06T12:22:56.4672639Z /usr/bin/tar: ../../../../../usr/local/lib/android/sdk/platforms/android-36/data/res/values-mcc310-mnc660-zu: Cannot change mode to rwxr-xr-x: Operation not permitted
build	Cache Android SDK	2026-06-06T12:22:56.4675132Z /usr/bin/tar: ../../../../../usr/local/lib/android/sdk/platforms/android-36/data/res/values-mcc310-mnc310-es-rUS: Cannot utime: Operation not permitted
build	Cache Android SDK	2026-06-06T12:22:56.4675618Z /usr/bin/tar: ../../../../../usr/local/lib/android/sdk/platforms/android-36/data/res/values-mcc310-mnc310-es-rUS: Cannot change mode to rwxr-xr-x: Operation not permitted
build	Cache Android SDK	2026-06-06T12:22:56.4678985Z /usr/bin/tar: ../../../../../usr/local/lib/android/sdk/platforms/android-36/data/res/values-mcc311-mnc180-ky: Cannot utime: Operation not permitted
build	Cache Android SDK	2026-06-06T12:22:56.4679450Z /usr/bin/tar: ../../../../../usr/local/lib/android/sdk/platforms/android-36/data/res/values-mcc311-mnc180-ky: Cannot change mode to rwxr-xr-x: Operation not permitted
build	Cache Android SDK	2026-06-06T12:22:56.4682740Z /usr/bin/tar: ../../../../../usr/local/lib/android/sdk/platforms/android-36/data/res/values-mcc310-mnc490-fi: Cannot utime: Operation not permitted
build	Cache Android SDK	2026-06-06T12:22:56.4683211Z /usr/bin/tar: ../../../../../usr/local/lib/android/sdk/platforms/android-36/data/res/values-mcc310-mnc490-fi: Cannot change mode to rwxr-xr-x: Operation not permitted
build	Cache Android SDK	2026-06-06T12:22:56.4687070Z /usr/bin/tar: ../../../../../usr/local/lib/android/sdk/platforms/android-36/data/res/values-mcc310-mnc310-hi: Cannot utime: Operation not permitted
build	Cache Android SDK	2026-06-06T12:22:56.4687723Z /usr/bin/tar: ../../../../../usr/local/lib/android/sdk/platforms/android-36/data/res/values-mcc310-mnc310-hi: Cannot change mode to rwxr-xr-x: Operation not permitted
build	Cache Android SDK	2026-06-06T12:22:56.4690022Z /usr/bin/tar: ../../../../../usr/local/lib/android/sdk/platforms/android-36/data/res/values-mcc302-mnc720-nl: Cannot utime: Operation not permitted
build	Cache Android SDK	2026-06-06T12:22:56.4690483Z /usr/bin/tar: ../../../../../usr/local/lib/android/sdk/platforms/android-36/data/res/values-mcc302-mnc720-nl: Cannot change mode to rwxr-xr-x: Operation not permitted
build	Cache Android SDK	2026-06-06T12:22:56.4693855Z /usr/bin/tar: ../../../../../usr/local/lib/android/sdk/platforms/android-36/data/res/values-mcc310-mnc170-lo: Cannot utime: Operation not permitted
build	Cache Android SDK	2026-06-06T12:22:56.4694311Z /usr/bin/tar: ../../../../../usr/local/lib/android/sdk/platforms/android-36/data/res/values-mcc310-mnc170-lo: Cannot change mode to rwxr-xr-x: Operation not permitted
build	Cache Android SDK	2026-06-06T12:22:56.4697086Z /usr/bin/tar: ../../../../../usr/local/lib/android/sdk/platforms/android-36/data/res/values-mcc310-mnc380-fi: Cannot utime: Operation not permitted
build	Cache Android SDK	2026-06-06T12:22:56.4697708Z /usr/bin/tar: ../../../../../usr/local/lib/android/sdk/platforms/android-36/data/res/values-mcc310-mnc380-fi: Cannot change mode to rwxr-xr-x: Operation not permitted
build	Cache Android SDK	2026-06-06T12:22:56.4700093Z /usr/bin/tar: ../../../../../usr/local/lib/android/sdk/platforms/android-36/data/res/values-mcc310-mnc150-kn: Cannot utime: Operation not permitted
build	Cache Android SDK	2026-06-06T12:22:56.4700555Z /usr/bin/tar: ../../../../../usr/local/lib/android/sdk/platforms/android-36/data/res/values-mcc310-mnc150-kn: Cannot change mode to rwxr-xr-x: Operation not permitted
build	Cache Android SDK	2026-06-06T12:22:56.4703224Z /usr/bin/tar: ../../../../../usr/local/lib/android/sdk/platforms/android-36/data/res/values-mcc310-mnc170: Cannot utime: Operation not permitted
build	Cache Android SDK	2026-06-06T12:22:56.4703683Z /usr/bin/tar: ../../../../../usr/local/lib/android/sdk/platforms/android-36/data/res/values-mcc310-mnc170: Cannot change mode to rwxr-xr-x: Operation not permitted
build	Cache Android SDK	2026-06-06T12:22:56.4708121Z /usr/bin/tar: ../../../../../usr/local/lib/android/sdk/platforms/android-36/data/res/values-mcc310-mnc150-hy: Cannot utime: Operation not permitted
build	Cache Android SDK	2026-06-06T12:22:56.4708579Z /usr/bin/tar: ../../../../../usr/local/lib/android/sdk/platforms/android-36/data/res/values-mcc310-mnc150-hy: Cannot change mode to rwxr-xr-x: Operation not permitted
build	Cache Android SDK	2026-06-06T12:22:56.4711273Z /usr/bin/tar: ../../../../../usr/local/lib/android/sdk/platforms/android-36/data/res/values-mcc310-mnc560-en-rAU: Cannot utime: Operation not permitted
build	Cache Android SDK	2026-06-06T12:22:56.4711848Z /usr/bin/tar: ../../../../../usr/local/lib/android/sdk/platforms/android-36/data/res/values-mcc310-mnc560-en-rAU: Cannot change mode to rwxr-xr-x: Operation not permitted
build	Cache Android SDK	2026-06-06T12:22:56.4714311Z /usr/bin/tar: ../../../../../usr/local/lib/android/sdk/platforms/android-36/data/res/values-it-neuter: Cannot utime: Operation not permitted
build	Cache Android SDK	2026-06-06T12:22:56.4714763Z /usr/bin/tar: ../../../../../usr/local/lib/android/sdk/platforms/android-36/data/res/values-it-neuter: Cannot change mode to rwxr-xr-x: Operation not permitted
build	Cache Android SDK	2026-06-06T12:22:56.4717222Z /usr/bin/tar: ../../../../../usr/local/lib/android/sdk/platforms/android-36/data/res/values-mcc716-mnc17: Cannot utime: Operation not permitted
build	Cache Android SDK	2026-06-06T12:22:56.4717931Z /usr/bin/tar: ../../../../../usr/local/lib/android/sdk/platforms/android-36/data/res/values-mcc716-mnc17: Cannot change mode to rwxr-xr-x: Operation not permitted
build	Cache Android SDK	2026-06-06T12:22:56.4720445Z /usr/bin/tar: ../../../../../usr/local/lib/android/sdk/platforms/android-36/data/res/values-mcc310-mnc560-de: Cannot utime: Operation not permitted
build	Cache Android SDK	2026-06-06T12:22:56.4720914Z /usr/bin/tar: ../../../../../usr/local/lib/android/sdk/platforms/android-36/data/res/values-mcc310-mnc560-de: Cannot change mode to rwxr-xr-x: Operation not permitted
build	Cache Android SDK	2026-06-06T12:22:56.4724831Z /usr/bin/tar: ../../../../../usr/local/lib/android/sdk/platforms/android-36/data/res/values-mcc334-mnc020-tl: Cannot utime: Operation not permitted
build	Cache Android SDK	2026-06-06T12:22:56.4725289Z /usr/bin/tar: ../../../../../usr/local/lib/android/sdk/platforms/android-36/data/res/values-mcc334-mnc020-tl: Cannot change mode to rwxr-xr-x: Operation not permitted
build	Cache Android SDK	2026-06-06T12:22:56.4728234Z /usr/bin/tar: ../../../../../usr/local/lib/android/sdk/platforms/android-36/data/res/values-mcc310-mnc150-ur: Cannot utime: Operation not permitted
build	Cache Android SDK	2026-06-06T12:22:56.4728688Z /usr/bin/tar: ../../../../../usr/local/lib/android/sdk/platforms/android-36/data/res/values-mcc310-mnc150-ur: Cannot change mode to rwxr-xr-x: Operation not permitted
build	Cache Android SDK	2026-06-06T12:22:56.4731493Z /usr/bin/tar: ../../../../../usr/local/lib/android/sdk/platforms/android-36/data/res/values-mcc310-mnc250-fr: Cannot utime: Operation not permitted
build	Cache Android SDK	2026-06-06T12:22:56.4731953Z /usr/bin/tar: ../../../../../usr/local/lib/android/sdk/platforms/android-36/data/res/values-mcc310-mnc250-fr: Cannot change mode to rwxr-xr-x: Operation not permitted
build	Cache Android SDK	2026-06-06T12:22:56.4735054Z /usr/bin/tar: ../../../../../usr/local/lib/android/sdk/platforms/android-36/data/res/values-mcc310-mnc950-tl: Cannot utime: Operation not permitted
build	Cache Android SDK	2026-06-06T12:22:56.4735514Z /usr/bin/tar: ../../../../../usr/local/lib/android/sdk/platforms/android-36/data/res/values-mcc310-mnc950-tl: Cannot change mode to rwxr-xr-x: Operation not permitted
build	Cache Android SDK	2026-06-06T12:22:56.4738332Z /usr/bin/tar: ../../../../../usr/local/lib/android/sdk/platforms/android-36/data/res/values-mcc310-mnc160-fr: Cannot utime: Operation not permitted
build	Cache Android SDK	2026-06-06T12:22:56.4738805Z /usr/bin/tar: ../../../../../usr/local/lib/android/sdk/platforms/android-36/data/res/values-mcc310-mnc160-fr: Cannot change mode to rwxr-xr-x: Operation not permitted
build	Cache Android SDK	2026-06-06T12:22:56.4741055Z /usr/bin/tar: ../../../../../usr/local/lib/android/sdk/platforms/android-36/data/res/values-mcc313-mnc100-en-rGB: Cannot utime: Operation not permitted
build	Cache Android SDK	2026-06-06T12:22:56.4741578Z /usr/bin/tar: ../../../../../usr/local/lib/android/sdk/platforms/android-36/data/res/values-mcc313-mnc100-en-rGB: Cannot change mode to rwxr-xr-x: Operation not permitted
build	Cache Android SDK	2026-06-06T12:22:56.4744241Z /usr/bin/tar: ../../../../../usr/local/lib/android/sdk/platforms/android-36/data/res/values-mcc310-mnc560-gl: Cannot utime: Operation not permitted
build	Cache Android SDK	2026-06-06T12:22:56.4744718Z /usr/bin/tar: ../../../../../usr/local/lib/android/sdk/platforms/android-36/data/res/values-mcc310-mnc560-gl: Cannot change mode to rwxr-xr-x: Operation not permitted
build	Cache Android SDK	2026-06-06T12:22:56.4747052Z /usr/bin/tar: ../../../../../usr/local/lib/android/sdk/platforms/android-36/data/res/values-mcc310-mnc560-lo: Cannot utime: Operation not permitted
build	Cache Android SDK	2026-06-06T12:22:56.4747875Z /usr/bin/tar: ../../../../../usr/local/lib/android/sdk/platforms/android-36/data/res/values-mcc310-mnc560-lo: Cannot change mode to rwxr-xr-x: Operation not permitted
build	Cache Android SDK	2026-06-06T12:22:56.4750301Z /usr/bin/tar: ../../../../../usr/local/lib/android/sdk/platforms/android-36/data/res/values-mcc310-mnc160-pl: Cannot utime: Operation not permitted
build	Cache Android SDK	2026-06-06T12:22:56.4750781Z /usr/bin/tar: ../../../../../usr/local/lib/android/sdk/platforms/android-36/data/res/values-mcc310-mnc160-pl: Cannot change mode to rwxr-xr-x: Operation not permitted
build	Cache Android SDK	2026-06-06T12:22:56.4753185Z /usr/bin/tar: ../../../../../usr/local/lib/android/sdk/platforms/android-36/data/res/values-mcc310-mnc250-ca: Cannot utime: Operation not permitted
build	Cache Android SDK	2026-06-06T12:22:56.4753639Z /usr/bin/tar: ../../../../../usr/local/lib/android/sdk/platforms/android-36/data/res/values-mcc310-mnc250-ca: Cannot change mode to rwxr-xr-x: Operation not permitted
build	Cache Android SDK	2026-06-06T12:22:56.4756671Z /usr/bin/tar: ../../../../../usr/local/lib/android/sdk/platforms/android-36/data/res/values-mcc310-mnc240-pt-rPT: Cannot utime: Operation not permitted
build	Cache Android SDK	2026-06-06T12:22:56.4757158Z /usr/bin/tar: ../../../../../usr/local/lib/android/sdk/platforms/android-36/data/res/values-mcc310-mnc240-pt-rPT: Cannot change mode to rwxr-xr-x: Operation not permitted
build	Cache Android SDK	2026-06-06T12:22:56.4760241Z /usr/bin/tar: ../../../../../usr/local/lib/android/sdk/platforms/android-36/data/res/values-mcc310-mnc560-in: Cannot utime: Operation not permitted
build	Cache Android SDK	2026-06-06T12:22:56.4760695Z /usr/bin/tar: ../../../../../usr/local/lib/android/sdk/platforms/android-36/data/res/values-mcc310-mnc560-in: Cannot change mode to rwxr-xr-x: Operation not permitted
build	Cache Android SDK	2026-06-06T12:22:56.4763279Z /usr/bin/tar: ../../../../../usr/local/lib/android/sdk/platforms/android-36/data/res/values-mcc425-mnc07: Cannot utime: Operation not permitted
build	Cache Android SDK	2026-06-06T12:22:56.4763724Z /usr/bin/tar: ../../../../../usr/local/lib/android/sdk/platforms/android-36/data/res/values-mcc425-mnc07: Cannot change mode to rwxr-xr-x: Operation not permitted
build	Cache Android SDK	2026-06-06T12:22:56.4766615Z /usr/bin/tar: ../../../../../usr/local/lib/android/sdk/platforms/android-36/data/res/values-mcc311-mnc190: Cannot utime: Operation not permitted
build	Cache Android SDK	2026-06-06T12:22:56.4767064Z /usr/bin/tar: ../../../../../usr/local/lib/android/sdk/platforms/android-36/data/res/values-mcc311-mnc190: Cannot change mode to rwxr-xr-x: Operation not permitted
build	Cache Android SDK	2026-06-06T12:22:56.4769877Z /usr/bin/tar: ../../../../../usr/local/lib/android/sdk/platforms/android-36/data/res/values-mcc310-mnc030-cs: Cannot utime: Operation not permitted
build	Cache Android SDK	2026-06-06T12:22:56.4770339Z /usr/bin/tar: ../../../../../usr/local/lib/android/sdk/platforms/android-36/data/res/values-mcc310-mnc030-cs: Cannot change mode to rwxr-xr-x: Operation not permitted
build	Cache Android SDK	2026-06-06T12:22:56.4772585Z /usr/bin/tar: ../../../../../usr/local/lib/android/sdk/platforms/android-36/data/res/values-mcc310-mnc250-mr: Cannot utime: Operation not permitted
build	Cache Android SDK	2026-06-06T12:22:56.4773154Z /usr/bin/tar: ../../../../../usr/local/lib/android/sdk/platforms/android-36/data/res/values-mcc310-mnc250-mr: Cannot change mode to rwxr-xr-x: Operation not permitted
build	Cache Android SDK	2026-06-06T12:22:56.4775478Z /usr/bin/tar: ../../../../../usr/local/lib/android/sdk/platforms/android-36/data/res/values-mcc310-mnc270-pt-rPT: Cannot utime: Operation not permitted
build	Cache Android SDK	2026-06-06T12:22:56.4775953Z /usr/bin/tar: ../../../../../usr/local/lib/android/sdk/platforms/android-36/data/res/values-mcc310-mnc270-pt-rPT: Cannot change mode to rwxr-xr-x: Operation not permitted
build	Cache Android SDK	2026-06-06T12:22:56.4778695Z /usr/bin/tar: ../../../../../usr/local/lib/android/sdk/platforms/android-36/data/res/values-fr-television: Cannot utime: Operation not permitted
build	Cache Android SDK	2026-06-06T12:22:56.4779350Z /usr/bin/tar: ../../../../../usr/local/lib/android/sdk/platforms/android-36/data/res/values-fr-television: Cannot change mode to rwxr-xr-x: Operation not permitted
build	Cache Android SDK	2026-06-06T12:22:56.4781719Z /usr/bin/tar: ../../../../../usr/local/lib/android/sdk/platforms/android-36/data/res/values-ar-watch: Cannot utime: Operation not permitted
build	Cache Android SDK	2026-06-06T12:22:56.4782283Z /usr/bin/tar: ../../../../../usr/local/lib/android/sdk/platforms/android-36/data/res/values-ar-watch: Cannot change mode to rwxr-xr-x: Operation not permitted
build	Cache Android SDK	2026-06-06T12:22:56.4784910Z /usr/bin/tar: ../../../../../usr/local/lib/android/sdk/platforms/android-36/data/res/values-mcc310-mnc030-es-rUS: Cannot utime: Operation not permitted
build	Cache Android SDK	2026-06-06T12:22:56.4785382Z /usr/bin/tar: ../../../../../usr/local/lib/android/sdk/platforms/android-36/data/res/values-mcc310-mnc030-es-rUS: Cannot change mode to rwxr-xr-x: Operation not permitted
build	Cache Android SDK	2026-06-06T12:22:56.4788771Z /usr/bin/tar: ../../../../../usr/local/lib/android/sdk/platforms/android-36/data/res/values-mcc310-mnc030-zh-rTW: Cannot utime: Operation not permitted
build	Cache Android SDK	2026-06-06T12:22:56.4789242Z /usr/bin/tar: ../../../../../usr/local/lib/android/sdk/platforms/android-36/data/res/values-mcc310-mnc030-zh-rTW: Cannot change mode to rwxr-xr-x: Operation not permitted
build	Cache Android SDK	2026-06-06T12:22:56.4791853Z /usr/bin/tar: ../../../../../usr/local/lib/android/sdk/platforms/android-36/data/res/values-mcc001-mnc01-en-rIN: Cannot utime: Operation not permitted
build	Cache Android SDK	2026-06-06T12:22:56.4792321Z /usr/bin/tar: ../../../../../usr/local/lib/android/sdk/platforms/android-36/data/res/values-mcc001-mnc01-en-rIN: Cannot change mode to rwxr-xr-x: Operation not permitted
build	Cache Android SDK	2026-06-06T12:22:56.4795066Z /usr/bin/tar: ../../../../../usr/local/lib/android/sdk/platforms/android-36/data/res/values-mcc310-mnc310-mk: Cannot utime: Operation not permitted
build	Cache Android SDK	2026-06-06T12:22:56.4795525Z /usr/bin/tar: ../../../../../usr/local/lib/android/sdk/platforms/android-36/data/res/values-mcc310-mnc310-mk: Cannot change mode to rwxr-xr-x: Operation not permitted
build	Cache Android SDK	2026-06-06T12:22:56.4798725Z /usr/bin/tar: ../../../../../usr/local/lib/android/sdk/platforms/android-36/data/res/values-mcc302-mnc370-hi: Cannot utime: Operation not permitted
build	Cache Android SDK	2026-06-06T12:22:56.4799173Z /usr/bin/tar: ../../../../../usr/local/lib/android/sdk/platforms/android-36/data/res/values-mcc302-mnc370-hi: Cannot change mode to rwxr-xr-x: Operation not permitted
build	Cache Android SDK	2026-06-06T12:22:56.4802376Z /usr/bin/tar: ../../../../../usr/local/lib/android/sdk/platforms/android-36/data/res/values-mcc312-mnc670-uz: Cannot utime: Operation not permitted
build	Cache Android SDK	2026-06-06T12:22:56.4802917Z /usr/bin/tar: ../../../../../usr/local/lib/android/sdk/platforms/android-36/data/res/values-mcc312-mnc670-uz: Cannot change mode to rwxr-xr-x: Operation not permitted
build	Cache Android SDK	2026-06-06T12:22:56.4805688Z /usr/bin/tar: ../../../../../usr/local/lib/android/sdk/platforms/android-36/data/res/values-mcc311-mnc180-ml: Cannot utime: Operation not permitted
build	Cache Android SDK	2026-06-06T12:22:56.4806136Z /usr/bin/tar: ../../../../../usr/local/lib/android/sdk/platforms/android-36/data/res/values-mcc311-mnc180-ml: Cannot change mode to rwxr-xr-x: Operation not permitted
build	Cache Android SDK	2026-06-06T12:22:56.4809400Z /usr/bin/tar: ../../../../../usr/local/lib/android/sdk/platforms/android-36/data/res/values-zh-rCN-watch: Cannot utime: Operation not permitted
build	Cache Android SDK	2026-06-06T12:22:56.4809844Z /usr/bin/tar: ../../../../../usr/local/lib/android/sdk/platforms/android-36/data/res/values-zh-rCN-watch: Cannot change mode to rwxr-xr-x: Operation not permitted
build	Cache Android SDK	2026-06-06T12:22:56.4812259Z /usr/bin/tar: ../../../../../usr/local/lib/android/sdk/platforms/android-36/data/res/values-mcc310-mnc170-kk: Cannot utime: Operation not permitted
build	Cache Android SDK	2026-06-06T12:22:56.4812714Z /usr/bin/tar: ../../../../../usr/local/lib/android/sdk/platforms/android-36/data/res/values-mcc310-mnc170-kk: Cannot change mode to rwxr-xr-x: Operation not permitted
build	Cache Android SDK	2026-06-06T12:22:56.4815481Z /usr/bin/tar: ../../../../../usr/local/lib/android/sdk/platforms/android-36/data/res/values-mcc310-mnc660-fi: Cannot utime: Operation not permitted
build	Cache Android SDK	2026-06-06T12:22:56.4815930Z /usr/bin/tar: ../../../../../usr/local/lib/android/sdk/platforms/android-36/data/res/values-mcc310-mnc660-fi: Cannot change mode to rwxr-xr-x: Operation not permitted
build	Cache Android SDK	2026-06-06T12:22:56.4818585Z /usr/bin/tar: ../../../../../usr/local/lib/android/sdk/platforms/android-36/data/res/values-mcc310-mnc240-mk: Cannot utime: Operation not permitted
build	Cache Android SDK	2026-06-06T12:22:56.4819253Z /usr/bin/tar: ../../../../../usr/local/lib/android/sdk/platforms/android-36/data/res/values-mcc310-mnc240-mk: Cannot change mode to rwxr-xr-x: Operation not permitted
build	Cache Android SDK	2026-06-06T12:22:56.4821682Z /usr/bin/tar: ../../../../../usr/local/lib/android/sdk/platforms/android-36/data/res/values-tl-television: Cannot utime: Operation not permitted
build	Cache Android SDK	2026-06-06T12:22:56.4822139Z /usr/bin/tar: ../../../../../usr/local/lib/android/sdk/platforms/android-36/data/res/values-tl-television: Cannot change mode to rwxr-xr-x: Operation not permitted
build	Cache Android SDK	2026-06-06T12:22:56.4824565Z /usr/bin/tar: ../../../../../usr/local/lib/android/sdk/platforms/android-36/data/res/values-mcc310-mnc950-uz: Cannot utime: Operation not permitted
build	Cache Android SDK	2026-06-06T12:22:56.4825019Z /usr/bin/tar: ../../../../../usr/local/lib/android/sdk/platforms/android-36/data/res/values-mcc310-mnc950-uz: Cannot change mode to rwxr-xr-x: Operation not permitted
build	Cache Android SDK	2026-06-06T12:22:56.4828879Z /usr/bin/tar: ../../../../../usr/local/lib/android/sdk/platforms/android-36/data/res/color-car: Cannot utime: Operation not permitted
build	Cache Android SDK	2026-06-06T12:22:56.4829287Z /usr/bin/tar: ../../../../../usr/local/lib/android/sdk/platforms/android-36/data/res/color-car: Cannot change mode to rwxr-xr-x: Operation not permitted
build	Cache Android SDK	2026-06-06T12:22:56.4832962Z /usr/bin/tar: ../../../../../usr/local/lib/android/sdk/platforms/android-36/data/res/values-mcc310-mnc220-ml: Cannot utime: Operation not permitted
build	Cache Android SDK	2026-06-06T12:22:56.4833414Z /usr/bin/tar: ../../../../../usr/local/lib/android/sdk/platforms/android-36/data/res/values-mcc310-mnc220-ml: Cannot change mode to rwxr-xr-x: Operation not permitted
build	Cache Android SDK	2026-06-06T12:22:56.4838073Z /usr/bin/tar: ../../../../../usr/local/lib/android/sdk/platforms/android-36/data/res/values-mcc310-mnc160-zh-rCN: Cannot utime: Operation not permitted
build	Cache Android SDK	2026-06-06T12:22:56.4838546Z /usr/bin/tar: ../../../../../usr/local/lib/android/sdk/platforms/android-36/data/res/values-mcc310-mnc160-zh-rCN: Cannot change mode to rwxr-xr-x: Operation not permitted
build	Cache Android SDK	2026-06-06T12:22:56.4841662Z /usr/bin/tar: ../../../../../usr/local/lib/android/sdk/platforms/android-36/data/res/values-mcc310-mnc160-sl: Cannot utime: Operation not permitted
build	Cache Android SDK	2026-06-06T12:22:56.4842198Z /usr/bin/tar: ../../../../../usr/local/lib/android/sdk/platforms/android-36/data/res/values-mcc310-mnc160-sl: Cannot change mode to rwxr-xr-x: Operation not permitted
build	Cache Android SDK	2026-06-06T12:22:56.4845138Z /usr/bin/tar: ../../../../../usr/local/lib/android/sdk/platforms/android-36/data/res/values-mcc310-mnc410-bn: Cannot utime: Operation not permitted
build	Cache Android SDK	2026-06-06T12:22:56.4845616Z /usr/bin/tar: ../../../../../usr/local/lib/android/sdk/platforms/android-36/data/res/values-mcc310-mnc410-bn: Cannot change mode to rwxr-xr-x: Operation not permitted
build	Cache Android SDK	2026-06-06T12:22:56.4848172Z /usr/bin/tar: ../../../../../usr/local/lib/android/sdk/platforms/android-36/data/res/values-mcc310-mnc380-da: Cannot utime: Operation not permitted
build	Cache Android SDK	2026-06-06T12:22:56.4848639Z /usr/bin/tar: ../../../../../usr/local/lib/android/sdk/platforms/android-36/data/res/values-mcc310-mnc380-da: Cannot change mode to rwxr-xr-x: Operation not permitted
build	Cache Android SDK	2026-06-06T12:22:56.4851132Z /usr/bin/tar: ../../../../../usr/local/lib/android/sdk/platforms/android-36/data/res/values-mcc310-mnc950-nb: Cannot utime: Operation not permitted
build	Cache Android SDK	2026-06-06T12:22:56.4851605Z /usr/bin/tar: ../../../../../usr/local/lib/android/sdk/platforms/android-36/data/res/values-mcc310-mnc950-nb: Cannot change mode to rwxr-xr-x: Operation not permitted
build	Cache Android SDK	2026-06-06T12:22:56.4854171Z /usr/bin/tar: ../../../../../usr/local/lib/android/sdk/platforms/android-36/data/res/values-mcc001-mnc01-hr: Cannot utime: Operation not permitted
build	Cache Android SDK	2026-06-06T12:22:56.4854644Z /usr/bin/tar: ../../../../../usr/local/lib/android/sdk/platforms/android-36/data/res/values-mcc001-mnc01-hr: Cannot change mode to rwxr-xr-x: Operation not permitted
build	Cache Android SDK	2026-06-06T12:22:56.4862276Z /usr/bin/tar: ../../../../../usr/local/lib/android/sdk/platforms/android-36/data/res/values-sr: Cannot utime: Operation not permitted
build	Cache Android SDK	2026-06-06T12:22:56.4862888Z /usr/bin/tar: ../../../../../usr/local/lib/android/sdk/platforms/android-36/data/res/values-sr: Cannot change mode to rwxr-xr-x: Operation not permitted
build	Cache Android SDK	2026-06-06T12:22:56.4865458Z /usr/bin/tar: ../../../../../usr/local/lib/android/sdk/platforms/android-36/data/res/values-mcc310-mnc660-ca: Cannot utime: Operation not permitted
build	Cache Android SDK	2026-06-06T12:22:56.4865926Z /usr/bin/tar: ../../../../../usr/local/lib/android/sdk/platforms/android-36/data/res/values-mcc310-mnc660-ca: Cannot change mode to rwxr-xr-x: Operation not permitted
build	Cache Android SDK	2026-06-06T12:22:56.4868477Z /usr/bin/tar: ../../../../../usr/local/lib/android/sdk/platforms/android-36/data/res/values-mcc310-mnc380-cs: Cannot utime: Operation not permitted
build	Cache Android SDK	2026-06-06T12:22:56.4868943Z /usr/bin/tar: ../../../../../usr/local/lib/android/sdk/platforms/android-36/data/res/values-mcc310-mnc380-cs: Cannot change mode to rwxr-xr-x: Operation not permitted
build	Cache Android SDK	2026-06-06T12:22:56.4871137Z /usr/bin/tar: ../../../../../usr/local/lib/android/sdk/platforms/android-36/data/res/values-mcc310-mnc280-gl: Cannot utime: Operation not permitted
build	Cache Android SDK	2026-06-06T12:22:56.4871599Z /usr/bin/tar: ../../../../../usr/local/lib/android/sdk/platforms/android-36/data/res/values-mcc310-mnc280-gl: Cannot change mode to rwxr-xr-x: Operation not permitted
build	Cache Android SDK	2026-06-06T12:22:56.4873954Z /usr/bin/tar: ../../../../../usr/local/lib/android/sdk/platforms/android-36/data/res/values-mcc310-mnc280-ml: Cannot utime: Operation not permitted
build	Cache Android SDK	2026-06-06T12:22:56.4874410Z /usr/bin/tar: ../../../../../usr/local/lib/android/sdk/platforms/android-36/data/res/values-mcc310-mnc280-ml: Cannot change mode to rwxr-xr-x: Operation not permitted
build	Cache Android SDK	2026-06-06T12:22:56.4877045Z /usr/bin/tar: ../../../../../usr/local/lib/android/sdk/platforms/android-36/data/res/values-mcc310-mnc950-be: Cannot utime: Operation not permitted
build	Cache Android SDK	2026-06-06T12:22:56.4877740Z /usr/bin/tar: ../../../../../usr/local/lib/android/sdk/platforms/android-36/data/res/values-mcc310-mnc950-be: Cannot change mode to rwxr-xr-x: Operation not permitted
build	Cache Android SDK	2026-06-06T12:22:56.4880325Z /usr/bin/tar: ../../../../../usr/local/lib/android/sdk/platforms/android-36/data/res/values-mcc334-mnc020-el: Cannot utime: Operation not permitted
build	Cache Android SDK	2026-06-06T12:22:56.4880791Z /usr/bin/tar: ../../../../../usr/local/lib/android/sdk/platforms/android-36/data/res/values-mcc334-mnc020-el: Cannot change mode to rwxr-xr-x: Operation not permitted
build	Cache Android SDK	2026-06-06T12:22:56.4883242Z /usr/bin/tar: ../../../../../usr/local/lib/android/sdk/platforms/android-36/data/res/values-mcc313-mnc100-tl: Cannot utime: Operation not permitted
build	Cache Android SDK	2026-06-06T12:22:56.4883696Z /usr/bin/tar: ../../../../../usr/local/lib/android/sdk/platforms/android-36/data/res/values-mcc313-mnc100-tl: Cannot change mode to rwxr-xr-x: Operation not permitted
build	Cache Android SDK	2026-06-06T12:22:56.4886545Z /usr/bin/tar: ../../../../../usr/local/lib/android/sdk/platforms/android-36/data/res/values-mcc310-mnc800-mr: Cannot utime: Operation not permitted
build	Cache Android SDK	2026-06-06T12:22:56.4887025Z /usr/bin/tar: ../../../../../usr/local/lib/android/sdk/platforms/android-36/data/res/values-mcc310-mnc800-mr: Cannot change mode to rwxr-xr-x: Operation not permitted
build	Cache Android SDK	2026-06-06T12:22:56.4889481Z /usr/bin/tar: ../../../../../usr/local/lib/android/sdk/platforms/android-36/data/res/values-mcc310-mnc150-pa: Cannot utime: Operation not permitted
build	Cache Android SDK	2026-06-06T12:22:56.4889952Z /usr/bin/tar: ../../../../../usr/local/lib/android/sdk/platforms/android-36/data/res/values-mcc310-mnc150-pa: Cannot change mode to rwxr-xr-x: Operation not permitted
build	Cache Android SDK	2026-06-06T12:22:56.4892921Z /usr/bin/tar: ../../../../../usr/local/lib/android/sdk/platforms/android-36/data/res/values-hr-rHR: Cannot utime: Operation not permitted
build	Cache Android SDK	2026-06-06T12:22:56.4893357Z /usr/bin/tar: ../../../../../usr/local/lib/android/sdk/platforms/android-36/data/res/values-hr-rHR: Cannot change mode to rwxr-xr-x: Operation not permitted
build	Cache Android SDK	2026-06-06T12:22:56.4895734Z /usr/bin/tar: ../../../../../usr/local/lib/android/sdk/platforms/android-36/data/res/values-mcc740: Cannot utime: Operation not permitted
build	Cache Android SDK	2026-06-06T12:22:56.4896296Z /usr/bin/tar: ../../../../../usr/local/lib/android/sdk/platforms/android-36/data/res/values-mcc740: Cannot change mode to rwxr-xr-x: Operation not permitted
build	Cache Android SDK	2026-06-06T12:22:56.4899097Z /usr/bin/tar: ../../../../../usr/local/lib/android/sdk/platforms/android-36/data/res/values-mcc310-mnc560-lt: Cannot utime: Operation not permitted
build	Cache Android SDK	2026-06-06T12:22:56.4899567Z /usr/bin/tar: ../../../../../usr/local/lib/android/sdk/platforms/android-36/data/res/values-mcc310-mnc560-lt: Cannot change mode to rwxr-xr-x: Operation not permitted
build	Cache Android SDK	2026-06-06T12:22:56.4901996Z /usr/bin/tar: ../../../../../usr/local/lib/android/sdk/platforms/android-36/data/res/values-mcc310-mnc150-ro: Cannot utime: Operation not permitted
build	Cache Android SDK	2026-06-06T12:22:56.4902450Z /usr/bin/tar: ../../../../../usr/local/lib/android/sdk/platforms/android-36/data/res/values-mcc310-mnc150-ro: Cannot change mode to rwxr-xr-x: Operation not permitted
build	Cache Android SDK	2026-06-06T12:22:56.4904840Z /usr/bin/tar: ../../../../../usr/local/lib/android/sdk/platforms/android-36/data/res/values-mcc310-mnc170-ta: Cannot utime: Operation not permitted
build	Cache Android SDK	2026-06-06T12:22:56.4905307Z /usr/bin/tar: ../../../../../usr/local/lib/android/sdk/platforms/android-36/data/res/values-mcc310-mnc170-ta: Cannot change mode to rwxr-xr-x: Operation not permitted
build	Cache Android SDK	2026-06-06T12:22:56.4908229Z /usr/bin/tar: ../../../../../usr/local/lib/android/sdk/platforms/android-36/data/res/values-mcc310-mnc950-fa: Cannot utime: Operation not permitted
build	Cache Android SDK	2026-06-06T12:22:56.4909049Z /usr/bin/tar: ../../../../../usr/local/lib/android/sdk/platforms/android-36/data/res/values-mcc310-mnc950-fa: Cannot change mode to rwxr-xr-x: Operation not permitted
build	Cache Android SDK	2026-06-06T12:22:56.4910143Z /usr/bin/tar: ../../../../../usr/local/lib/android/sdk/platforms/android-36/data/res/values-mcc310-mnc210-uk: Cannot utime: Operation not permitted
build	Cache Android SDK	2026-06-06T12:22:56.4910849Z /usr/bin/tar: ../../../../../usr/local/lib/android/sdk/platforms/android-36/data/res/values-mcc310-mnc210-uk: Cannot change mode to rwxr-xr-x: Operation not permitted
build	Cache Android SDK	2026-06-06T12:22:56.4913456Z /usr/bin/tar: ../../../../../usr/local/lib/android/sdk/platforms/android-36/data/res/values-mcc310-mnc410-as: Cannot utime: Operation not permitted
build	Cache Android SDK	2026-06-06T12:22:56.4913920Z /usr/bin/tar: ../../../../../usr/local/lib/android/sdk/platforms/android-36/data/res/values-mcc310-mnc410-as: Cannot change mode to rwxr-xr-x: Operation not permitted
build	Cache Android SDK	2026-06-06T12:22:56.4916353Z /usr/bin/tar: ../../../../../usr/local/lib/android/sdk/platforms/android-36/data/res/values-mcc310-mnc160-ja: Cannot utime: Operation not permitted
build	Cache Android SDK	2026-06-06T12:22:56.4916808Z /usr/bin/tar: ../../../../../usr/local/lib/android/sdk/platforms/android-36/data/res/values-mcc310-mnc160-ja: Cannot change mode to rwxr-xr-x: Operation not permitted
build	Cache Android SDK	2026-06-06T12:22:56.4920089Z /usr/bin/tar: ../../../../../usr/local/lib/android/sdk/platforms/android-36/data/res/values-mcc001-mnc01-si: Cannot utime: Operation not permitted
build	Cache Android SDK	2026-06-06T12:22:56.4920557Z /usr/bin/tar: ../../../../../usr/local/lib/android/sdk/platforms/android-36/data/res/values-mcc001-mnc01-si: Cannot change mode to rwxr-xr-x: Operation not permitted
build	Cache Android SDK	2026-06-06T12:22:56.4923123Z /usr/bin/tar: ../../../../../usr/local/lib/android/sdk/platforms/android-36/data/res/values-mcc001-mnc01-kn: Cannot utime: Operation not permitted
build	Cache Android SDK	2026-06-06T12:22:56.4923589Z /usr/bin/tar: ../../../../../usr/local/lib/android/sdk/platforms/android-36/data/res/values-mcc001-mnc01-kn: Cannot change mode to rwxr-xr-x: Operation not permitted
build	Cache Android SDK	2026-06-06T12:22:56.4926203Z /usr/bin/tar: ../../../../../usr/local/lib/android/sdk/platforms/android-36/data/res/values-mcc311-mnc180-ta: Cannot utime: Operation not permitted
build	Cache Android SDK	2026-06-06T12:22:56.4926664Z /usr/bin/tar: ../../../../../usr/local/lib/android/sdk/platforms/android-36/data/res/values-mcc311-mnc180-ta: Cannot change mode to rwxr-xr-x: Operation not permitted
build	Cache Android SDK	2026-06-06T12:22:56.4929482Z /usr/bin/tar: ../../../../../usr/local/lib/android/sdk/platforms/android-36/data/res/values-fr-rCA-television: Cannot utime: Operation not permitted
build	Cache Android SDK	2026-06-06T12:22:56.4929971Z /usr/bin/tar: ../../../../../usr/local/lib/android/sdk/platforms/android-36/data/res/values-fr-rCA-television: Cannot change mode to rwxr-xr-x: Operation not permitted
build	Cache Android SDK	2026-06-06T12:22:56.4932389Z /usr/bin/tar: ../../../../../usr/local/lib/android/sdk/platforms/android-36/data/res/values-mcc311-mnc180: Cannot utime: Operation not permitted
build	Cache Android SDK	2026-06-06T12:22:56.4932860Z /usr/bin/tar: ../../../../../usr/local/lib/android/sdk/platforms/android-36/data/res/values-mcc311-mnc180: Cannot change mode to rwxr-xr-x: Operation not permitted
build	Cache Android SDK	2026-06-06T12:22:56.4936009Z /usr/bin/tar: ../../../../../usr/local/lib/android/sdk/platforms/android-36/data/res/values-mcc310-mnc200-lv: Cannot utime: Operation not permitted
build	Cache Android SDK	2026-06-06T12:22:56.4936621Z /usr/bin/tar: ../../../../../usr/local/lib/android/sdk/platforms/android-36/data/res/values-mcc310-mnc200-lv: Cannot change mode to rwxr-xr-x: Operation not permitted
build	Cache Android SDK	2026-06-06T12:22:56.4938349Z /usr/bin/tar: ../../../../../usr/local/lib/android/sdk/platforms/android-36/data/res/values-mcc310-mnc310-ta: Cannot utime: Operation not permitted
build	Cache Android SDK	2026-06-06T12:22:56.4938815Z /usr/bin/tar: ../../../../../usr/local/lib/android/sdk/platforms/android-36/data/res/values-mcc310-mnc310-ta: Cannot change mode to rwxr-xr-x: Operation not permitted
build	Cache Android SDK	2026-06-06T12:22:56.4942361Z /usr/bin/tar: ../../../../../usr/local/lib/android/sdk/platforms/android-36/data/res/values-mcc310-mnc270-it: Cannot utime: Operation not permitted
build	Cache Android SDK	2026-06-06T12:22:56.4942825Z /usr/bin/tar: ../../../../../usr/local/lib/android/sdk/platforms/android-36/data/res/values-mcc310-mnc270-it: Cannot change mode to rwxr-xr-x: Operation not permitted
build	Cache Android SDK	2026-06-06T12:22:56.4945339Z /usr/bin/tar: ../../../../../usr/local/lib/android/sdk/platforms/android-36/data/res/values-mcc311-mnc180-hi: Cannot utime: Operation not permitted
build	Cache Android SDK	2026-06-06T12:22:56.4945814Z /usr/bin/tar: ../../../../../usr/local/lib/android/sdk/platforms/android-36/data/res/values-mcc311-mnc180-hi: Cannot change mode to rwxr-xr-x: Operation not permitted
build	Cache Android SDK	2026-06-06T12:22:56.4948959Z /usr/bin/tar: ../../../../../usr/local/lib/android/sdk/platforms/android-36/data/res/values-mcc310-mnc280-b+sr+Latn: Cannot utime: Operation not permitted
build	Cache Android SDK	2026-06-06T12:22:56.4949462Z /usr/bin/tar: ../../../../../usr/local/lib/android/sdk/platforms/android-36/data/res/values-mcc310-mnc280-b+sr+Latn: Cannot change mode to rwxr-xr-x: Operation not permitted
build	Cache Android SDK	2026-06-06T12:22:56.4951808Z /usr/bin/tar: ../../../../../usr/local/lib/android/sdk/platforms/android-36/data/res/values-en-rXC-television: Cannot utime: Operation not permitted
build	Cache Android SDK	2026-06-06T12:22:56.4952286Z /usr/bin/tar: ../../../../../usr/local/lib/android/sdk/platforms/android-36/data/res/values-en-rXC-television: Cannot change mode to rwxr-xr-x: Operation not permitted
build	Cache Android SDK	2026-06-06T12:22:56.4954988Z /usr/bin/tar: ../../../../../usr/local/lib/android/sdk/platforms/android-36/data/res/values-mcc310-mnc170-kn: Cannot utime: Operation not permitted
build	Cache Android SDK	2026-06-06T12:22:56.4955465Z /usr/bin/tar: ../../../../../usr/local/lib/android/sdk/platforms/android-36/data/res/values-mcc310-mnc170-kn: Cannot change mode to rwxr-xr-x: Operation not permitted
build	Cache Android SDK	2026-06-06T12:22:56.4958200Z /usr/bin/tar: ../../../../../usr/local/lib/android/sdk/platforms/android-36/data/res/values-mcc001-mnc01-ur: Cannot utime: Operation not permitted
build	Cache Android SDK	2026-06-06T12:22:56.4958674Z /usr/bin/tar: ../../../../../usr/local/lib/android/sdk/platforms/android-36/data/res/values-mcc001-mnc01-ur: Cannot change mode to rwxr-xr-x: Operation not permitted
build	Cache Android SDK	2026-06-06T12:22:56.4961497Z /usr/bin/tar: ../../../../../usr/local/lib/android/sdk/platforms/android-36/data/res/values-mcc310-mnc560-zu: Cannot utime: Operation not permitted
build	Cache Android SDK	2026-06-06T12:22:56.4961966Z /usr/bin/tar: ../../../../../usr/local/lib/android/sdk/platforms/android-36/data/res/values-mcc310-mnc560-zu: Cannot change mode to rwxr-xr-x: Operation not permitted
build	Cache Android SDK	2026-06-06T12:22:56.4964994Z /usr/bin/tar: ../../../../../usr/local/lib/android/sdk/platforms/android-36/data/res/values-mcc310-mnc200-uk: Cannot utime: Operation not permitted
build	Cache Android SDK	2026-06-06T12:22:56.4965591Z /usr/bin/tar: ../../../../../usr/local/lib/android/sdk/platforms/android-36/data/res/values-mcc310-mnc200-uk: Cannot change mode to rwxr-xr-x: Operation not permitted
build	Cache Android SDK	2026-06-06T12:22:56.5188300Z /usr/bin/tar: ../../../../../usr/local/lib/android/sdk/platforms/android-36/data/res/drawable-ldpi: Cannot utime: Operation not permitted
build	Cache Android SDK	2026-06-06T12:22:56.5189834Z /usr/bin/tar: ../../../../../usr/local/lib/android/sdk/platforms/android-36/data/res/drawable-ldpi: Cannot change mode to rwxr-xr-x: Operation not permitted
build	Cache Android SDK	2026-06-06T12:22:56.5190977Z /usr/bin/tar: ../../../../../usr/local/lib/android/sdk/platforms/android-36/data/res/values-mcc310-mnc220-ka: Cannot utime: Operation not permitted
build	Cache Android SDK	2026-06-06T12:22:56.5191909Z /usr/bin/tar: ../../../../../usr/local/lib/android/sdk/platforms/android-36/data/res/values-mcc310-mnc220-ka: Cannot change mode to rwxr-xr-x: Operation not permitted
build	Cache Android SDK	2026-06-06T12:22:56.5193912Z /usr/bin/tar: ../../../../../usr/local/lib/android/sdk/platforms/android-36/data/res/values-mcc310-mnc170-ml: Cannot utime: Operation not permitted
build	Cache Android SDK	2026-06-06T12:22:56.5194865Z /usr/bin/tar: ../../../../../usr/local/lib/android/sdk/platforms/android-36/data/res/values-mcc310-mnc170-ml: Cannot change mode to rwxr-xr-x: Operation not permitted
build	Cache Android SDK	2026-06-06T12:22:56.5198517Z /usr/bin/tar: ../../../../../usr/local/lib/android/sdk/platforms/android-36/data/res/values-mcc310-mnc380-ar: Cannot utime: Operation not permitted
build	Cache Android SDK	2026-06-06T12:22:56.5199835Z /usr/bin/tar: ../../../../../usr/local/lib/android/sdk/platforms/android-36/data/res/values-mcc310-mnc380-ar: Cannot change mode to rwxr-xr-x: Operation not permitted
build	Cache Android SDK	2026-06-06T12:22:56.5201159Z /usr/bin/tar: ../../../../../usr/local/lib/android/sdk/platforms/android-36/data/res/values-mcc310-mnc160-af: Cannot utime: Operation not permitted
build	Cache Android SDK	2026-06-06T12:22:56.5202091Z /usr/bin/tar: ../../../../../usr/local/lib/android/sdk/platforms/android-36/data/res/values-mcc310-mnc160-af: Cannot change mode to rwxr-xr-x: Operation not permitted
build	Cache Android SDK	2026-06-06T12:22:56.5204784Z /usr/bin/tar: ../../../../../usr/local/lib/android/sdk/platforms/android-36/data/res/values-mcc310-mnc660-bs: Cannot utime: Operation not permitted
build	Cache Android SDK	2026-06-06T12:22:56.5205719Z /usr/bin/tar: ../../../../../usr/local/lib/android/sdk/platforms/android-36/data/res/values-mcc310-mnc660-bs: Cannot change mode to rwxr-xr-x: Operation not permitted
build	Cache Android SDK	2026-06-06T12:22:56.5207743Z /usr/bin/tar: ../../../../../usr/local/lib/android/sdk/platforms/android-36/data/res/values-sv-television: Cannot utime: Operation not permitted
build	Cache Android SDK	2026-06-06T12:22:56.5209010Z /usr/bin/tar: ../../../../../usr/local/lib/android/sdk/platforms/android-36/data/res/values-sv-television: Cannot change mode to rwxr-xr-x: Operation not permitted
build	Cache Android SDK	2026-06-06T12:22:56.5210965Z /usr/bin/tar: ../../../../../usr/local/lib/android/sdk/platforms/android-36/data/res/values-mcc310-mnc150-nl: Cannot utime: Operation not permitted
build	Cache Android SDK	2026-06-06T12:22:56.5211889Z /usr/bin/tar: ../../../../../usr/local/lib/android/sdk/platforms/android-36/data/res/values-mcc310-mnc150-nl: Cannot change mode to rwxr-xr-x: Operation not permitted
build	Cache Android SDK	2026-06-06T12:22:56.5214480Z /usr/bin/tar: ../../../../../usr/local/lib/android/sdk/platforms/android-36/data/res/values-mcc310-mnc270-en-rGB: Cannot utime: Operation not permitted
build	Cache Android SDK	2026-06-06T12:22:56.5215464Z /usr/bin/tar: ../../../../../usr/local/lib/android/sdk/platforms/android-36/data/res/values-mcc310-mnc270-en-rGB: Cannot change mode to rwxr-xr-x: Operation not permitted
build	Cache Android SDK	2026-06-06T12:22:56.5217340Z /usr/bin/tar: ../../../../../usr/local/lib/android/sdk/platforms/android-36/data/res/values-mcc316: Cannot utime: Operation not permitted
build	Cache Android SDK	2026-06-06T12:22:56.5218380Z /usr/bin/tar: ../../../../../usr/local/lib/android/sdk/platforms/android-36/data/res/values-mcc316: Cannot change mode to rwxr-xr-x: Operation not permitted
build	Cache Android SDK	2026-06-06T12:22:56.5220937Z /usr/bin/tar: ../../../../../usr/local/lib/android/sdk/platforms/android-36/data/res/values-mcc001-mnc01-fa: Cannot utime: Operation not permitted
build	Cache Android SDK	2026-06-06T12:22:56.5221889Z /usr/bin/tar: ../../../../../usr/local/lib/android/sdk/platforms/android-36/data/res/values-mcc001-mnc01-fa: Cannot change mode to rwxr-xr-x: Operation not permitted
build	Cache Android SDK	2026-06-06T12:22:56.5223954Z /usr/bin/tar: ../../../../../usr/local/lib/android/sdk/platforms/android-36/data/res/values-mcc310-mnc220-eu: Cannot utime: Operation not permitted
build	Cache Android SDK	2026-06-06T12:22:56.5224954Z /usr/bin/tar: ../../../../../usr/local/lib/android/sdk/platforms/android-36/data/res/values-mcc310-mnc220-eu: Cannot change mode to rwxr-xr-x: Operation not permitted
build	Cache Android SDK	2026-06-06T12:22:56.5226704Z /usr/bin/tar: ../../../../../usr/local/lib/android/sdk/platforms/android-36/data/res/values-mcc310-mnc240: Cannot utime: Operation not permitted
build	Cache Android SDK	2026-06-06T12:22:56.5227951Z /usr/bin/tar: ../../../../../usr/local/lib/android/sdk/platforms/android-36/data/res/values-mcc310-mnc240: Cannot change mode to rwxr-xr-x: Operation not permitted
build	Cache Android SDK	2026-06-06T12:22:56.5230193Z /usr/bin/tar: ../../../../../usr/local/lib/android/sdk/platforms/android-36/data/res/values-mcc313-mnc100-sw: Cannot utime: Operation not permitted
build	Cache Android SDK	2026-06-06T12:22:56.5231215Z /usr/bin/tar: ../../../../../usr/local/lib/android/sdk/platforms/android-36/data/res/values-mcc313-mnc100-sw: Cannot change mode to rwxr-xr-x: Operation not permitted
build	Cache Android SDK	2026-06-06T12:22:56.5234414Z /usr/bin/tar: ../../../../../usr/local/lib/android/sdk/platforms/android-36/data/res/values-mcc310-mnc230-ro: Cannot utime: Operation not permitted
build	Cache Android SDK	2026-06-06T12:22:56.5235707Z /usr/bin/tar: ../../../../../usr/local/lib/android/sdk/platforms/android-36/data/res/values-mcc310-mnc230-ro: Cannot change mode to rwxr-xr-x: Operation not permitted
build	Cache Android SDK	2026-06-06T12:22:56.5237161Z /usr/bin/tar: ../../../../../usr/local/lib/android/sdk/platforms/android-36/data/res/values-mcc310-mnc660-zh-rCN: Cannot utime: Operation not permitted
build	Cache Android SDK	2026-06-06T12:22:56.5238536Z /usr/bin/tar: ../../../../../usr/local/lib/android/sdk/platforms/android-36/data/res/values-mcc310-mnc660-zh-rCN: Cannot change mode to rwxr-xr-x: Operation not permitted
build	Cache Android SDK	2026-06-06T12:22:56.5240271Z /usr/bin/tar: ../../../../../usr/local/lib/android/sdk/platforms/android-36/data/res/values-mcc310-mnc310-lv: Cannot utime: Operation not permitted
build	Cache Android SDK	2026-06-06T12:22:56.5241320Z /usr/bin/tar: ../../../../../usr/local/lib/android/sdk/platforms/android-36/data/res/values-mcc310-mnc310-lv: Cannot change mode to rwxr-xr-x: Operation not permitted
build	Cache Android SDK	2026-06-06T12:22:56.5243630Z /usr/bin/tar: ../../../../../usr/local/lib/android/sdk/platforms/android-36/data/res/values-mcc310-mnc950-km: Cannot utime: Operation not permitted
build	Cache Android SDK	2026-06-06T12:22:56.5244566Z /usr/bin/tar: ../../../../../usr/local/lib/android/sdk/platforms/android-36/data/res/values-mcc310-mnc950-km: Cannot change mode to rwxr-xr-x: Operation not permitted
build	Cache Android SDK	2026-06-06T12:22:56.5246897Z /usr/bin/tar: ../../../../../usr/local/lib/android/sdk/platforms/android-36/data/res/values-mcc310-mnc560-ar: Cannot utime: Operation not permitted
build	Cache Android SDK	2026-06-06T12:22:56.5247988Z /usr/bin/tar: ../../../../../usr/local/lib/android/sdk/platforms/android-36/data/res/values-mcc310-mnc560-ar: Cannot change mode to rwxr-xr-x: Operation not permitted
build	Cache Android SDK	2026-06-06T12:22:56.5250233Z /usr/bin/tar: ../../../../../usr/local/lib/android/sdk/platforms/android-36/data/res/values-mcc310-mnc230-mr: Cannot utime: Operation not permitted
build	Cache Android SDK	2026-06-06T12:22:56.5251163Z /usr/bin/tar: ../../../../../usr/local/lib/android/sdk/platforms/android-36/data/res/values-mcc310-mnc230-mr: Cannot change mode to rwxr-xr-x: Operation not permitted
build	Cache Android SDK	2026-06-06T12:22:56.5253367Z /usr/bin/tar: ../../../../../usr/local/lib/android/sdk/platforms/android-36/data/res/values-mcc310-mnc230-mk: Cannot utime: Operation not permitted
build	Cache Android SDK	2026-06-06T12:22:56.5254304Z /usr/bin/tar: ../../../../../usr/local/lib/android/sdk/platforms/android-36/data/res/values-mcc310-mnc230-mk: Cannot change mode to rwxr-xr-x: Operation not permitted
build	Cache Android SDK	2026-06-06T12:22:56.5256466Z /usr/bin/tar: ../../../../../usr/local/lib/android/sdk/platforms/android-36/data/res/values-mcc311-mnc180-ca: Cannot utime: Operation not permitted
build	Cache Android SDK	2026-06-06T12:22:56.5257530Z /usr/bin/tar: ../../../../../usr/local/lib/android/sdk/platforms/android-36/data/res/values-mcc311-mnc180-ca: Cannot change mode to rwxr-xr-x: Operation not permitted
build	Cache Android SDK	2026-06-06T12:22:56.5275211Z /usr/bin/tar: ../../../../../usr/local/lib/android/sdk/platforms/android-36/data/res/drawable-nodpi: Cannot utime: Operation not permitted
build	Cache Android SDK	2026-06-06T12:22:56.5276353Z /usr/bin/tar: ../../../../../usr/local/lib/android/sdk/platforms/android-36/data/res/drawable-nodpi: Cannot change mode to rwxr-xr-x: Operation not permitted
build	Cache Android SDK	2026-06-06T12:22:56.5278105Z /usr/bin/tar: ../../../../../usr/local/lib/android/sdk/platforms/android-36/data/res/values-w208dp: Cannot utime: Operation not permitted
build	Cache Android SDK	2026-06-06T12:22:56.5278994Z /usr/bin/tar: ../../../../../usr/local/lib/android/sdk/platforms/android-36/data/res/values-w208dp: Cannot change mode to rwxr-xr-x: Operation not permitted
build	Cache Android SDK	2026-06-06T12:22:56.5281704Z /usr/bin/tar: ../../../../../usr/local/lib/android/sdk/platforms/android-36/data/res/values-mcc310-mnc030-lo: Cannot utime: Operation not permitted
build	Cache Android SDK	2026-06-06T12:22:56.5282785Z /usr/bin/tar: ../../../../../usr/local/lib/android/sdk/platforms/android-36/data/res/values-mcc310-mnc030-lo: Cannot change mode to rwxr-xr-x: Operation not permitted
build	Cache Android SDK	2026-06-06T12:22:56.5284801Z /usr/bin/tar: ../../../../../usr/local/lib/android/sdk/platforms/android-36/data/res/values-mcc310-mnc240-sv: Cannot utime: Operation not permitted
build	Cache Android SDK	2026-06-06T12:22:56.5285809Z /usr/bin/tar: ../../../../../usr/local/lib/android/sdk/platforms/android-36/data/res/values-mcc310-mnc240-sv: Cannot change mode to rwxr-xr-x: Operation not permitted
build	Cache Android SDK	2026-06-06T12:22:56.5288135Z /usr/bin/tar: ../../../../../usr/local/lib/android/sdk/platforms/android-36/data/res/values-mcc310-mnc240-am: Cannot utime: Operation not permitted
build	Cache Android SDK	2026-06-06T12:22:56.5289065Z /usr/bin/tar: ../../../../../usr/local/lib/android/sdk/platforms/android-36/data/res/values-mcc310-mnc240-am: Cannot change mode to rwxr-xr-x: Operation not permitted
build	Cache Android SDK	2026-06-06T12:22:56.5292086Z /usr/bin/tar: ../../../../../usr/local/lib/android/sdk/platforms/android-36/data/res/values-mcc234-mnc20: Cannot utime: Operation not permitted
build	Cache Android SDK	2026-06-06T12:22:56.5293012Z /usr/bin/tar: ../../../../../usr/local/lib/android/sdk/platforms/android-36/data/res/values-mcc234-mnc20: Cannot change mode to rwxr-xr-x: Operation not permitted
build	Cache Android SDK	2026-06-06T12:22:56.5295816Z /usr/bin/tar: ../../../../../usr/local/lib/android/sdk/platforms/android-36/data/res/values-mcc310-mnc380-ta: Cannot utime: Operation not permitted
build	Cache Android SDK	2026-06-06T12:22:56.5296765Z /usr/bin/tar: ../../../../../usr/local/lib/android/sdk/platforms/android-36/data/res/values-mcc310-mnc380-ta: Cannot change mode to rwxr-xr-x: Operation not permitted
build	Cache Android SDK	2026-06-06T12:22:56.5299212Z /usr/bin/tar: ../../../../../usr/local/lib/android/sdk/platforms/android-36/data/res/values-mcc310-mnc170-sq: Cannot utime: Operation not permitted
build	Cache Android SDK	2026-06-06T12:22:56.5300157Z /usr/bin/tar: ../../../../../usr/local/lib/android/sdk/platforms/android-36/data/res/values-mcc310-mnc170-sq: Cannot change mode to rwxr-xr-x: Operation not permitted
build	Cache Android SDK	2026-06-06T12:22:56.5302636Z /usr/bin/tar: ../../../../../usr/local/lib/android/sdk/platforms/android-36/data/res/values-mcc425: Cannot utime: Operation not permitted
build	Cache Android SDK	2026-06-06T12:22:56.5303515Z /usr/bin/tar: ../../../../../usr/local/lib/android/sdk/platforms/android-36/data/res/values-mcc425: Cannot change mode to rwxr-xr-x: Operation not permitted
build	Cache Android SDK	2026-06-06T12:22:56.5306512Z /usr/bin/tar: ../../../../../usr/local/lib/android/sdk/platforms/android-36/data/res/values-mcc310-mnc270-et: Cannot utime: Operation not permitted
build	Cache Android SDK	2026-06-06T12:22:56.5307649Z /usr/bin/tar: ../../../../../usr/local/lib/android/sdk/platforms/android-36/data/res/values-mcc310-mnc270-et: Cannot change mode to rwxr-xr-x: Operation not permitted
build	Cache Android SDK	2026-06-06T12:22:56.5311830Z /usr/bin/tar: ../../../../../usr/local/lib/android/sdk/platforms/android-36/data/res/values-mcc302-mnc720-as: Cannot utime: Operation not permitted
build	Cache Android SDK	2026-06-06T12:22:56.5313492Z /usr/bin/tar: ../../../../../usr/local/lib/android/sdk/platforms/android-36/data/res/values-mcc302-mnc720-as: Cannot change mode to rwxr-xr-x: Operation not permitted
build	Cache Android SDK	2026-06-06T12:22:56.5316208Z /usr/bin/tar: ../../../../../usr/local/lib/android/sdk/platforms/android-36/data/res/values-mcc310-mnc490-te: Cannot utime: Operation not permitted
build	Cache Android SDK	2026-06-06T12:22:56.5318424Z /usr/bin/tar: ../../../../../usr/local/lib/android/sdk/platforms/android-36/data/res/values-mcc310-mnc490-te: Cannot change mode to rwxr-xr-x: Operation not permitted
build	Cache Android SDK	2026-06-06T12:22:56.5325608Z /usr/bin/tar: ../../../../../usr/local/lib/android/sdk/platforms/android-36/data/res/values-mcc310-mnc160-th: Cannot utime: Operation not permitted
build	Cache Android SDK	2026-06-06T12:22:56.5328075Z /usr/bin/tar: ../../../../../usr/local/lib/android/sdk/platforms/android-36/data/res/values-mcc310-mnc160-th: Cannot change mode to rwxr-xr-x: Operation not permitted
build	Cache Android SDK	2026-06-06T12:22:56.5329668Z /usr/bin/tar: ../../../../../usr/local/lib/android/sdk/platforms/android-36/data/res/values-mcc310-mnc200-sr: Cannot utime: Operation not permitted
build	Cache Android SDK	2026-06-06T12:22:56.5331398Z /usr/bin/tar: ../../../../../usr/local/lib/android/sdk/platforms/android-36/data/res/values-mcc310-mnc200-sr: Cannot change mode to rwxr-xr-x: Operation not permitted
build	Cache Android SDK	2026-06-06T12:22:56.5339191Z /usr/bin/tar: ../../../../../usr/local/lib/android/sdk/platforms/android-36/data/res/values-da: Cannot utime: Operation not permitted
build	Cache Android SDK	2026-06-06T12:22:56.5341548Z /usr/bin/tar: ../../../../../usr/local/lib/android/sdk/platforms/android-36/data/res/values-da: Cannot change mode to rwxr-xr-x: Operation not permitted
build	Cache Android SDK	2026-06-06T12:22:56.5343162Z /usr/bin/tar: ../../../../../usr/local/lib/android/sdk/platforms/android-36/data/res/values-mcc310-mnc170-et: Cannot utime: Operation not permitted
build	Cache Android SDK	2026-06-06T12:22:56.5345038Z /usr/bin/tar: ../../../../../usr/local/lib/android/sdk/platforms/android-36/data/res/values-mcc310-mnc170-et: Cannot change mode to rwxr-xr-x: Operation not permitted
build	Cache Android SDK	2026-06-06T12:22:56.5348933Z /usr/bin/tar: ../../../../../usr/local/lib/android/sdk/platforms/android-36/data/res/values-mcc310-mnc160-en-rIN: Cannot utime: Operation not permitted
build	Cache Android SDK	2026-06-06T12:22:56.5350721Z /usr/bin/tar: ../../../../../usr/local/lib/android/sdk/platforms/android-36/data/res/values-mcc310-mnc160-en-rIN: Cannot change mode to rwxr-xr-x: Operation not permitted
build	Cache Android SDK	2026-06-06T12:22:56.5352311Z /usr/bin/tar: ../../../../../usr/local/lib/android/sdk/platforms/android-36/data/res/values-mcc302-mnc370-da: Cannot utime: Operation not permitted
build	Cache Android SDK	2026-06-06T12:22:56.5353366Z /usr/bin/tar: ../../../../../usr/local/lib/android/sdk/platforms/android-36/data/res/values-mcc302-mnc370-da: Cannot change mode to rwxr-xr-x: Operation not permitted
build	Cache Android SDK	2026-06-06T12:22:56.5356656Z /usr/bin/tar: ../../../../../usr/local/lib/android/sdk/platforms/android-36/data/res/values-mcc310-mnc490-sv: Cannot utime: Operation not permitted
build	Cache Android SDK	2026-06-06T12:22:56.5357943Z /usr/bin/tar: ../../../../../usr/local/lib/android/sdk/platforms/android-36/data/res/values-mcc310-mnc490-sv: Cannot change mode to rwxr-xr-x: Operation not permitted
build	Cache Android SDK	2026-06-06T12:22:56.5360370Z /usr/bin/tar: ../../../../../usr/local/lib/android/sdk/platforms/android-36/data/res/values-ru-television: Cannot utime: Operation not permitted
build	Cache Android SDK	2026-06-06T12:22:56.5361399Z /usr/bin/tar: ../../../../../usr/local/lib/android/sdk/platforms/android-36/data/res/values-ru-television: Cannot change mode to rwxr-xr-x: Operation not permitted
build	Cache Android SDK	2026-06-06T12:22:56.5363796Z /usr/bin/tar: ../../../../../usr/local/lib/android/sdk/platforms/android-36/data/res/values-mcc310-mnc380-it: Cannot utime: Operation not permitted
build	Cache Android SDK	2026-06-06T12:22:56.5365205Z /usr/bin/tar: ../../../../../usr/local/lib/android/sdk/platforms/android-36/data/res/values-mcc310-mnc380-it: Cannot change mode to rwxr-xr-x: Operation not permitted
build	Cache Android SDK	2026-06-06T12:22:56.5367625Z /usr/bin/tar: ../../../../../usr/local/lib/android/sdk/platforms/android-36/data/res/values-mcc001-mnc01-sw: Cannot utime: Operation not permitted
build	Cache Android SDK	2026-06-06T12:22:56.5369190Z /usr/bin/tar: ../../../../../usr/local/lib/android/sdk/platforms/android-36/data/res/values-mcc001-mnc01-sw: Cannot change mode to rwxr-xr-x: Operation not permitted
build	Cache Android SDK	2026-06-06T12:22:56.5371386Z /usr/bin/tar: ../../../../../usr/local/lib/android/sdk/platforms/android-36/data/res/values-kn-watch: Cannot utime: Operation not permitted
build	Cache Android SDK	2026-06-06T12:22:56.5373059Z /usr/bin/tar: ../../../../../usr/local/lib/android/sdk/platforms/android-36/data/res/values-kn-watch: Cannot change mode to rwxr-xr-x: Operation not permitted
build	Cache Android SDK	2026-06-06T12:22:56.5375129Z /usr/bin/tar: ../../../../../usr/local/lib/android/sdk/platforms/android-36/data/res/values-mcc310-mnc660-am: Cannot utime: Operation not permitted
build	Cache Android SDK	2026-06-06T12:22:56.5376899Z /usr/bin/tar: ../../../../../usr/local/lib/android/sdk/platforms/android-36/data/res/values-mcc310-mnc660-am: Cannot change mode to rwxr-xr-x: Operation not permitted
build	Cache Android SDK	2026-06-06T12:22:56.5379269Z /usr/bin/tar: ../../../../../usr/local/lib/android/sdk/platforms/android-36/data/res/values-mcc310-mnc240-b+sr+Latn: Cannot utime: Operation not permitted
build	Cache Android SDK	2026-06-06T12:22:56.5380995Z /usr/bin/tar: ../../../../../usr/local/lib/android/sdk/platforms/android-36/data/res/values-mcc310-mnc240-b+sr+Latn: Cannot change mode to rwxr-xr-x: Operation not permitted
build	Cache Android SDK	2026-06-06T12:22:56.5383130Z /usr/bin/tar: ../../../../../usr/local/lib/android/sdk/platforms/android-36/data/res/values-as-watch: Cannot utime: Operation not permitted
build	Cache Android SDK	2026-06-06T12:22:56.5385038Z /usr/bin/tar: ../../../../../usr/local/lib/android/sdk/platforms/android-36/data/res/values-as-watch: Cannot change mode to rwxr-xr-x: Operation not permitted
build	Cache Android SDK	2026-06-06T12:22:56.5387538Z /usr/bin/tar: ../../../../../usr/local/lib/android/sdk/platforms/android-36/data/res/values-mcc310-mnc270-fa: Cannot utime: Operation not permitted
build	Cache Android SDK	2026-06-06T12:22:56.5389266Z /usr/bin/tar: ../../../../../usr/local/lib/android/sdk/platforms/android-36/data/res/values-mcc310-mnc270-fa: Cannot change mode to rwxr-xr-x: Operation not permitted
build	Cache Android SDK	2026-06-06T12:22:56.5390657Z /usr/bin/tar: ../../../../../usr/local/lib/android/sdk/platforms/android-36/data/res/values-mcc310-mnc410-ky: Cannot utime: Operation not permitted
build	Cache Android SDK	2026-06-06T12:22:56.5392369Z /usr/bin/tar: ../../../../../usr/local/lib/android/sdk/platforms/android-36/data/res/values-mcc310-mnc410-ky: Cannot change mode to rwxr-xr-x: Operation not permitted
build	Cache Android SDK	2026-06-06T12:22:56.5396179Z /usr/bin/tar: ../../../../../usr/local/lib/android/sdk/platforms/android-36/data/res/values-mcc310-mnc030-lt: Cannot utime: Operation not permitted
build	Cache Android SDK	2026-06-06T12:22:56.5397803Z /usr/bin/tar: ../../../../../usr/local/lib/android/sdk/platforms/android-36/data/res/values-mcc310-mnc030-lt: Cannot change mode to rwxr-xr-x: Operation not permitted
build	Cache Android SDK	2026-06-06T12:22:56.5399873Z /usr/bin/tar: ../../../../../usr/local/lib/android/sdk/platforms/android-36/data/res/values-mcc310-mnc030-my: Cannot utime: Operation not permitted
build	Cache Android SDK	2026-06-06T12:22:56.5401361Z /usr/bin/tar: ../../../../../usr/local/lib/android/sdk/platforms/android-36/data/res/values-mcc310-mnc030-my: Cannot change mode to rwxr-xr-x: Operation not permitted
build	Cache Android SDK	2026-06-06T12:22:56.5403443Z /usr/bin/tar: ../../../../../usr/local/lib/android/sdk/platforms/android-36/data/res/values-mcc310-mnc270-my: Cannot utime: Operation not permitted
build	Cache Android SDK	2026-06-06T12:22:56.5404960Z /usr/bin/tar: ../../../../../usr/local/lib/android/sdk/platforms/android-36/data/res/values-mcc310-mnc270-my: Cannot change mode to rwxr-xr-x: Operation not permitted
build	Cache Android SDK	2026-06-06T12:22:56.5407628Z /usr/bin/tar: ../../../../../usr/local/lib/android/sdk/platforms/android-36/data/res/values-hi-television: Cannot utime: Operation not permitted
build	Cache Android SDK	2026-06-06T12:22:56.5409136Z /usr/bin/tar: ../../../../../usr/local/lib/android/sdk/platforms/android-36/data/res/values-hi-television: Cannot change mode to rwxr-xr-x: Operation not permitted
build	Cache Android SDK	2026-06-06T12:22:56.5411051Z /usr/bin/tar: ../../../../../usr/local/lib/android/sdk/platforms/android-36/data/res/values-mcc312-mnc670-sr: Cannot utime: Operation not permitted
build	Cache Android SDK	2026-06-06T12:22:56.5411973Z /usr/bin/tar: ../../../../../usr/local/lib/android/sdk/platforms/android-36/data/res/values-mcc312-mnc670-sr: Cannot change mode to rwxr-xr-x: Operation not permitted
build	Cache Android SDK	2026-06-06T12:22:56.5414403Z /usr/bin/tar: ../../../../../usr/local/lib/android/sdk/platforms/android-36/data/res/values-mcc310-mnc270-zh-rHK: Cannot utime: Operation not permitted
build	Cache Android SDK	2026-06-06T12:22:56.5415449Z /usr/bin/tar: ../../../../../usr/local/lib/android/sdk/platforms/android-36/data/res/values-mcc310-mnc270-zh-rHK: Cannot change mode to rwxr-xr-x: Operation not permitted
build	Cache Android SDK	2026-06-06T12:22:56.5418118Z /usr/bin/tar: ../../../../../usr/local/lib/android/sdk/platforms/android-36/data/res/values-mcc310-mnc560-pt: Cannot utime: Operation not permitted
build	Cache Android SDK	2026-06-06T12:22:56.5419052Z /usr/bin/tar: ../../../../../usr/local/lib/android/sdk/platforms/android-36/data/res/values-mcc310-mnc560-pt: Cannot change mode to rwxr-xr-x: Operation not permitted
build	Cache Android SDK	2026-06-06T12:22:56.5422306Z /usr/bin/tar: ../../../../../usr/local/lib/android/sdk/platforms/android-36/data/res/values-mcc310-mnc160-pt-rPT: Cannot utime: Operation not permitted
build	Cache Android SDK	2026-06-06T12:22:56.5424029Z /usr/bin/tar: ../../../../../usr/local/lib/android/sdk/platforms/android-36/data/res/values-mcc310-mnc160-pt-rPT: Cannot change mode to rwxr-xr-x: Operation not permitted
build	Cache Android SDK	2026-06-06T12:22:56.5426588Z /usr/bin/tar: ../../../../../usr/local/lib/android/sdk/platforms/android-36/data/res/values-mcc310-mnc490-fa: Cannot utime: Operation not permitted
build	Cache Android SDK	2026-06-06T12:22:56.5428331Z /usr/bin/tar: ../../../../../usr/local/lib/android/sdk/platforms/android-36/data/res/values-mcc310-mnc490-fa: Cannot change mode to rwxr-xr-x: Operation not permitted
build	Cache Android SDK	2026-06-06T12:22:56.5430658Z /usr/bin/tar: ../../../../../usr/local/lib/android/sdk/platforms/android-36/data/res/values-mcc302-mnc370-sq: Cannot utime: Operation not permitted
build	Cache Android SDK	2026-06-06T12:22:56.5432079Z /usr/bin/tar: ../../../../../usr/local/lib/android/sdk/platforms/android-36/data/res/values-mcc302-mnc370-sq: Cannot change mode to rwxr-xr-x: Operation not permitted
build	Cache Android SDK	2026-06-06T12:22:56.5434466Z /usr/bin/tar: ../../../../../usr/local/lib/android/sdk/platforms/android-36/data/res/values-mcc310-mnc210-fr: Cannot utime: Operation not permitted
build	Cache Android SDK	2026-06-06T12:22:56.5435414Z /usr/bin/tar: ../../../../../usr/local/lib/android/sdk/platforms/android-36/data/res/values-mcc310-mnc210-fr: Cannot change mode to rwxr-xr-x: Operation not permitted
build	Cache Android SDK	2026-06-06T12:22:56.5438940Z /usr/bin/tar: ../../../../../usr/local/lib/android/sdk/platforms/android-36/data/res/values-mcc310-mnc030-sl: Cannot utime: Operation not permitted
build	Cache Android SDK	2026-06-06T12:22:56.5440371Z /usr/bin/tar: ../../../../../usr/local/lib/android/sdk/platforms/android-36/data/res/values-mcc310-mnc030-sl: Cannot change mode to rwxr-xr-x: Operation not permitted
build	Cache Android SDK	2026-06-06T12:22:56.5442310Z /usr/bin/tar: ../../../../../usr/local/lib/android/sdk/platforms/android-36/data/res/values-mcc310-mnc410-tr: Cannot utime: Operation not permitted
build	Cache Android SDK	2026-06-06T12:22:56.5443743Z /usr/bin/tar: ../../../../../usr/local/lib/android/sdk/platforms/android-36/data/res/values-mcc310-mnc410-tr: Cannot change mode to rwxr-xr-x: Operation not permitted
build	Cache Android SDK	2026-06-06T12:22:56.5447631Z /usr/bin/tar: ../../../../../usr/local/lib/android/sdk/platforms/android-36/data/res/values-mcc302-mnc720-kn: Cannot utime: Operation not permitted
build	Cache Android SDK	2026-06-06T12:22:56.5448923Z /usr/bin/tar: ../../../../../usr/local/lib/android/sdk/platforms/android-36/data/res/values-mcc302-mnc720-kn: Cannot change mode to rwxr-xr-x: Operation not permitted
build	Cache Android SDK	2026-06-06T12:22:56.5451048Z /usr/bin/tar: ../../../../../usr/local/lib/android/sdk/platforms/android-36/data/res/values-mcc001-mnc01-fr: Cannot utime: Operation not permitted
build	Cache Android SDK	2026-06-06T12:22:56.5452798Z /usr/bin/tar: ../../../../../usr/local/lib/android/sdk/platforms/android-36/data/res/values-mcc001-mnc01-fr: Cannot change mode to rwxr-xr-x: Operation not permitted
build	Cache Android SDK	2026-06-06T12:22:56.5455087Z /usr/bin/tar: ../../../../../usr/local/lib/android/sdk/platforms/android-36/data/res/values-mcc310-mnc490-sq: Cannot utime: Operation not permitted
build	Cache Android SDK	2026-06-06T12:22:56.5456793Z /usr/bin/tar: ../../../../../usr/local/lib/android/sdk/platforms/android-36/data/res/values-mcc310-mnc490-sq: Cannot change mode to rwxr-xr-x: Operation not permitted
build	Cache Android SDK	2026-06-06T12:22:56.5458887Z /usr/bin/tar: ../../../../../usr/local/lib/android/sdk/platforms/android-36/data/res/values-mcc310-mnc170-el: Cannot utime: Operation not permitted
build	Cache Android SDK	2026-06-06T12:22:56.5460695Z /usr/bin/tar: ../../../../../usr/local/lib/android/sdk/platforms/android-36/data/res/values-mcc310-mnc170-el: Cannot change mode to rwxr-xr-x: Operation not permitted
build	Cache Android SDK	2026-06-06T12:22:56.5462345Z /usr/bin/tar: ../../../../../usr/local/lib/android/sdk/platforms/android-36/data/res/values-mcc310-mnc030-fi: Cannot utime: Operation not permitted
build	Cache Android SDK	2026-06-06T12:22:56.5464005Z /usr/bin/tar: ../../../../../usr/local/lib/android/sdk/platforms/android-36/data/res/values-mcc310-mnc030-fi: Cannot change mode to rwxr-xr-x: Operation not permitted
build	Cache Android SDK	2026-06-06T12:22:56.5465835Z /usr/bin/tar: ../../../../../usr/local/lib/android/sdk/platforms/android-36/data/res/values-mcc310-mnc560-pt-rBR: Cannot utime: Operation not permitted
build	Cache Android SDK	2026-06-06T12:22:56.5467883Z /usr/bin/tar: ../../../../../usr/local/lib/android/sdk/platforms/android-36/data/res/values-mcc310-mnc560-pt-rBR: Cannot change mode to rwxr-xr-x: Operation not permitted
build	Cache Android SDK	2026-06-06T12:22:56.5469621Z /usr/bin/tar: ../../../../../usr/local/lib/android/sdk/platforms/android-36/data/res/values-mcc310-mnc230-fi: Cannot utime: Operation not permitted
build	Cache Android SDK	2026-06-06T12:22:56.5471558Z /usr/bin/tar: ../../../../../usr/local/lib/android/sdk/platforms/android-36/data/res/values-mcc310-mnc230-fi: Cannot change mode to rwxr-xr-x: Operation not permitted
build	Cache Android SDK	2026-06-06T12:22:56.5473280Z /usr/bin/tar: ../../../../../usr/local/lib/android/sdk/platforms/android-36/data/res/drawable-w204dp: Cannot utime: Operation not permitted
build	Cache Android SDK	2026-06-06T12:22:56.5474954Z /usr/bin/tar: ../../../../../usr/local/lib/android/sdk/platforms/android-36/data/res/drawable-w204dp: Cannot change mode to rwxr-xr-x: Operation not permitted
build	Cache Android SDK	2026-06-06T12:22:56.5476783Z /usr/bin/tar: ../../../../../usr/local/lib/android/sdk/platforms/android-36/data/res/values-mcc310-mnc170-it: Cannot utime: Operation not permitted
build	Cache Android SDK	2026-06-06T12:22:56.5478842Z /usr/bin/tar: ../../../../../usr/local/lib/android/sdk/platforms/android-36/data/res/values-mcc310-mnc170-it: Cannot change mode to rwxr-xr-x: Operation not permitted
build	Cache Android SDK	2026-06-06T12:22:56.5485520Z /usr/bin/tar: ../../../../../usr/local/lib/android/sdk/platforms/android-36/data/res/values-as: Cannot utime: Operation not permitted
build	Cache Android SDK	2026-06-06T12:22:56.5486847Z /usr/bin/tar: ../../../../../usr/local/lib/android/sdk/platforms/android-36/data/res/values-as: Cannot change mode to rwxr-xr-x: Operation not permitted
build	Cache Android SDK	2026-06-06T12:22:56.5488983Z /usr/bin/tar: ../../../../../usr/local/lib/android/sdk/platforms/android-36/data/res/values-w320dp-h426dp: Cannot utime: Operation not permitted
build	Cache Android SDK	2026-06-06T12:22:56.5490160Z /usr/bin/tar: ../../../../../usr/local/lib/android/sdk/platforms/android-36/data/res/values-w320dp-h426dp: Cannot change mode to rwxr-xr-x: Operation not permitted
build	Cache Android SDK	2026-06-06T12:22:56.5492002Z /usr/bin/tar: ../../../../../usr/local/lib/android/sdk/platforms/android-36/data/res/values-mcc310-mnc270-bs: Cannot utime: Operation not permitted
build	Cache Android SDK	2026-06-06T12:22:56.5493003Z /usr/bin/tar: ../../../../../usr/local/lib/android/sdk/platforms/android-36/data/res/values-mcc310-mnc270-bs: Cannot change mode to rwxr-xr-x: Operation not permitted
build	Cache Android SDK	2026-06-06T12:22:56.5496877Z /usr/bin/tar: ../../../../../usr/local/lib/android/sdk/platforms/android-36/data/res/values-mcc310-mnc230-sr: Cannot utime: Operation not permitted
build	Cache Android SDK	2026-06-06T12:22:56.5498313Z /usr/bin/tar: ../../../../../usr/local/lib/android/sdk/platforms/android-36/data/res/values-mcc310-mnc230-sr: Cannot change mode to rwxr-xr-x: Operation not permitted
build	Cache Android SDK	2026-06-06T12:22:56.5500741Z /usr/bin/tar: ../../../../../usr/local/lib/android/sdk/platforms/android-36/data/res/values-mcc313-mnc100-si: Cannot utime: Operation not permitted
build	Cache Android SDK	2026-06-06T12:22:56.5501777Z /usr/bin/tar: ../../../../../usr/local/lib/android/sdk/platforms/android-36/data/res/values-mcc313-mnc100-si: Cannot change mode to rwxr-xr-x: Operation not permitted
build	Cache Android SDK	2026-06-06T12:22:56.5507151Z /usr/bin/tar: ../../../../../usr/local/lib/android/sdk/platforms/android-36/data/res/values-bs: Cannot utime: Operation not permitted
build	Cache Android SDK	2026-06-06T12:22:56.5508750Z /usr/bin/tar: ../../../../../usr/local/lib/android/sdk/platforms/android-36/data/res/values-bs: Cannot change mode to rwxr-xr-x: Operation not permitted
build	Cache Android SDK	2026-06-06T12:22:56.5510725Z /usr/bin/tar: ../../../../../usr/local/lib/android/sdk/platforms/android-36/data/res/values-mcc310-mnc230-pt-rPT: Cannot utime: Operation not permitted
build	Cache Android SDK	2026-06-06T12:22:56.5512008Z /usr/bin/tar: ../../../../../usr/local/lib/android/sdk/platforms/android-36/data/res/values-mcc310-mnc230-pt-rPT: Cannot change mode to rwxr-xr-x: Operation not permitted
build	Cache Android SDK	2026-06-06T12:22:56.5514614Z /usr/bin/tar: ../../../../../usr/local/lib/android/sdk/platforms/android-36/data/res/values-mcc310-mnc170-zh-rCN: Cannot utime: Operation not permitted
build	Cache Android SDK	2026-06-06T12:22:56.5516283Z /usr/bin/tar: ../../../../../usr/local/lib/android/sdk/platforms/android-36/data/res/values-mcc310-mnc170-zh-rCN: Cannot change mode to rwxr-xr-x: Operation not permitted
build	Cache Android SDK	2026-06-06T12:22:56.5518725Z /usr/bin/tar: ../../../../../usr/local/lib/android/sdk/platforms/android-36/data/res/values-mcc313-mnc100-lo: Cannot utime: Operation not permitted
build	Cache Android SDK	2026-06-06T12:22:56.5520168Z /usr/bin/tar: ../../../../../usr/local/lib/android/sdk/platforms/android-36/data/res/values-mcc313-mnc100-lo: Cannot change mode to rwxr-xr-x: Operation not permitted
build	Cache Android SDK	2026-06-06T12:22:56.5522953Z /usr/bin/tar: ../../../../../usr/local/lib/android/sdk/platforms/android-36/data/res/values-mcc302-mnc370-th: Cannot utime: Operation not permitted
build	Cache Android SDK	2026-06-06T12:22:56.5524413Z /usr/bin/tar: ../../../../../usr/local/lib/android/sdk/platforms/android-36/data/res/values-mcc302-mnc370-th: Cannot change mode to rwxr-xr-x: Operation not permitted
build	Cache Android SDK	2026-06-06T12:22:56.5526138Z /usr/bin/tar: ../../../../../usr/local/lib/android/sdk/platforms/android-36/data/res/values-mcc310-mnc160-si: Cannot utime: Operation not permitted
build	Cache Android SDK	2026-06-06T12:22:56.5527727Z /usr/bin/tar: ../../../../../usr/local/lib/android/sdk/platforms/android-36/data/res/values-mcc310-mnc160-si: Cannot change mode to rwxr-xr-x: Operation not permitted
build	Cache Android SDK	2026-06-06T12:22:56.5529640Z /usr/bin/tar: ../../../../../usr/local/lib/android/sdk/platforms/android-36/data/res/values-mcc311-mnc180-or: Cannot utime: Operation not permitted
build	Cache Android SDK	2026-06-06T12:22:56.5531093Z /usr/bin/tar: ../../../../../usr/local/lib/android/sdk/platforms/android-36/data/res/values-mcc311-mnc180-or: Cannot change mode to rwxr-xr-x: Operation not permitted
build	Cache Android SDK	2026-06-06T12:22:56.5533172Z /usr/bin/tar: ../../../../../usr/local/lib/android/sdk/platforms/android-36/data/res/values-mcc312-mnc670-hu: Cannot utime: Operation not permitted
build	Cache Android SDK	2026-06-06T12:22:56.5534668Z /usr/bin/tar: ../../../../../usr/local/lib/android/sdk/platforms/android-36/data/res/values-mcc312-mnc670-hu: Cannot change mode to rwxr-xr-x: Operation not permitted
build	Cache Android SDK	2026-06-06T12:22:56.5537182Z /usr/bin/tar: ../../../../../usr/local/lib/android/sdk/platforms/android-36/data/res/values-mcc302-mnc720-ml: Cannot utime: Operation not permitted
build	Cache Android SDK	2026-06-06T12:22:56.5538863Z /usr/bin/tar: ../../../../../usr/local/lib/android/sdk/platforms/android-36/data/res/values-mcc302-mnc720-ml: Cannot change mode to rwxr-xr-x: Operation not permitted
build	Cache Android SDK	2026-06-06T12:22:56.5540326Z /usr/bin/tar: ../../../../../usr/local/lib/android/sdk/platforms/android-36/data/res/values-mcc310-mnc410-pt: Cannot utime: Operation not permitted
build	Cache Android SDK	2026-06-06T12:22:56.5541436Z /usr/bin/tar: ../../../../../usr/local/lib/android/sdk/platforms/android-36/data/res/values-mcc310-mnc410-pt: Cannot change mode to rwxr-xr-x: Operation not permitted
build	Cache Android SDK	2026-06-06T12:22:56.5544547Z /usr/bin/tar: ../../../../../usr/local/lib/android/sdk/platforms/android-36/data/res/values-mcc313-mnc100-zu: Cannot utime: Operation not permitted
build	Cache Android SDK	2026-06-06T12:22:56.5546061Z /usr/bin/tar: ../../../../../usr/local/lib/android/sdk/platforms/android-36/data/res/values-mcc313-mnc100-zu: Cannot change mode to rwxr-xr-x: Operation not permitted
build	Cache Android SDK	2026-06-06T12:22:56.5548042Z /usr/bin/tar: ../../../../../usr/local/lib/android/sdk/platforms/android-36/data/res/values-mcc310-mnc560-ca: Cannot utime: Operation not permitted
build	Cache Android SDK	2026-06-06T12:22:56.5549814Z /usr/bin/tar: ../../../../../usr/local/lib/android/sdk/platforms/android-36/data/res/values-mcc310-mnc560-ca: Cannot change mode to rwxr-xr-x: Operation not permitted
build	Cache Android SDK	2026-06-06T12:22:56.5553830Z /usr/bin/tar: ../../../../../usr/local/lib/android/sdk/platforms/android-36/data/res/values-bg-watch: Cannot utime: Operation not permitted
build	Cache Android SDK	2026-06-06T12:22:56.5555491Z /usr/bin/tar: ../../../../../usr/local/lib/android/sdk/platforms/android-36/data/res/values-bg-watch: Cannot change mode to rwxr-xr-x: Operation not permitted
build	Cache Android SDK	2026-06-06T12:22:56.5880148Z /usr/bin/tar: ../../../../../usr/local/lib/android/sdk/platforms/android-36/data/res/drawable: Cannot utime: Operation not permitted
build	Cache Android SDK	2026-06-06T12:22:56.5881649Z /usr/bin/tar: ../../../../../usr/local/lib/android/sdk/platforms/android-36/data/res/drawable: Cannot change mode to rwxr-xr-x: Operation not permitted
build	Cache Android SDK	2026-06-06T12:22:56.5882689Z /usr/bin/tar: ../../../../../usr/local/lib/android/sdk/platforms/android-36/data/res/values-mcc310-mnc280-te: Cannot utime: Operation not permitted
build	Cache Android SDK	2026-06-06T12:22:56.5883781Z /usr/bin/tar: ../../../../../usr/local/lib/android/sdk/platforms/android-36/data/res/values-mcc310-mnc280-te: Cannot change mode to rwxr-xr-x: Operation not permitted
build	Cache Android SDK	2026-06-06T12:22:56.5886718Z /usr/bin/tar: ../../../../../usr/local/lib/android/sdk/platforms/android-36/data/res/values-mcc312-mnc670-lo: Cannot utime: Operation not permitted
build	Cache Android SDK	2026-06-06T12:22:56.5887779Z /usr/bin/tar: ../../../../../usr/local/lib/android/sdk/platforms/android-36/data/res/values-mcc312-mnc670-lo: Cannot change mode to rwxr-xr-x: Operation not permitted
build	Cache Android SDK	2026-06-06T12:22:56.5889442Z /usr/bin/tar: ../../../../../usr/local/lib/android/sdk/platforms/android-36/data/res/values-mcc310-mnc210-ro: Cannot utime: Operation not permitted
build	Cache Android SDK	2026-06-06T12:22:56.5890423Z /usr/bin/tar: ../../../../../usr/local/lib/android/sdk/platforms/android-36/data/res/values-mcc310-mnc210-ro: Cannot change mode to rwxr-xr-x: Operation not permitted
build	Cache Android SDK	2026-06-06T12:22:56.5893195Z /usr/bin/tar: ../../../../../usr/local/lib/android/sdk/platforms/android-36/data/res/values-mcc302-mnc720-be: Cannot utime: Operation not permitted
build	Cache Android SDK	2026-06-06T12:22:56.5894203Z /usr/bin/tar: ../../../../../usr/local/lib/android/sdk/platforms/android-36/data/res/values-mcc302-mnc720-be: Cannot change mode to rwxr-xr-x: Operation not permitted
build	Cache Android SDK	2026-06-06T12:22:56.5895781Z /usr/bin/tar: ../../../../../usr/local/lib/android/sdk/platforms/android-36/data/res/values-ne-television: Cannot utime: Operation not permitted
build	Cache Android SDK	2026-06-06T12:22:56.5896742Z /usr/bin/tar: ../../../../../usr/local/lib/android/sdk/platforms/android-36/data/res/values-ne-television: Cannot change mode to rwxr-xr-x: Operation not permitted
build	Cache Android SDK	2026-06-06T12:22:56.5900771Z /usr/bin/tar: ../../../../../usr/local/lib/android/sdk/platforms/android-36/data/res/values-mcc310-mnc660-ms: Cannot utime: Operation not permitted
build	Cache Android SDK	2026-06-06T12:22:56.5901819Z /usr/bin/tar: ../../../../../usr/local/lib/android/sdk/platforms/android-36/data/res/values-mcc310-mnc660-ms: Cannot change mode to rwxr-xr-x: Operation not permitted
build	Cache Android SDK	2026-06-06T12:22:56.5903816Z /usr/bin/tar: ../../../../../usr/local/lib/android/sdk/platforms/android-36/data/res/values-mcc310-mnc490-hy: Cannot utime: Operation not permitted
build	Cache Android SDK	2026-06-06T12:22:56.5904791Z /usr/bin/tar: ../../../../../usr/local/lib/android/sdk/platforms/android-36/data/res/values-mcc310-mnc490-hy: Cannot change mode to rwxr-xr-x: Operation not permitted
build	Cache Android SDK	2026-06-06T12:22:56.5907137Z /usr/bin/tar: ../../../../../usr/local/lib/android/sdk/platforms/android-36/data/res/values-mcc311-mnc180-as: Cannot utime: Operation not permitted
build	Cache Android SDK	2026-06-06T12:22:56.5908251Z /usr/bin/tar: ../../../../../usr/local/lib/android/sdk/platforms/android-36/data/res/values-mcc311-mnc180-as: Cannot change mode to rwxr-xr-x: Operation not permitted
build	Cache Android SDK	2026-06-06T12:22:56.5910750Z /usr/bin/tar: ../../../../../usr/local/lib/android/sdk/platforms/android-36/data/res/values-zh-rHK-watch: Cannot utime: Operation not permitted
build	Cache Android SDK	2026-06-06T12:22:56.5911853Z /usr/bin/tar: ../../../../../usr/local/lib/android/sdk/platforms/android-36/data/res/values-zh-rHK-watch: Cannot change mode to rwxr-xr-x: Operation not permitted
build	Cache Android SDK	2026-06-06T12:22:56.5913491Z /usr/bin/tar: ../../../../../usr/local/lib/android/sdk/platforms/android-36/data/res/values-mcc310-mnc560-tl: Cannot utime: Operation not permitted
build	Cache Android SDK	2026-06-06T12:22:56.5914470Z /usr/bin/tar: ../../../../../usr/local/lib/android/sdk/platforms/android-36/data/res/values-mcc310-mnc560-tl: Cannot change mode to rwxr-xr-x: Operation not permitted
build	Cache Android SDK	2026-06-06T12:22:56.5917625Z /usr/bin/tar: ../../../../../usr/local/lib/android/sdk/platforms/android-36/data/res/values-mcc310-mnc210-es-rUS: Cannot utime: Operation not permitted
build	Cache Android SDK	2026-06-06T12:22:56.5918843Z /usr/bin/tar: ../../../../../usr/local/lib/android/sdk/platforms/android-36/data/res/values-mcc310-mnc210-es-rUS: Cannot change mode to rwxr-xr-x: Operation not permitted
build	Cache Android SDK	2026-06-06T12:22:56.5920685Z /usr/bin/tar: ../../../../../usr/local/lib/android/sdk/platforms/android-36/data/res/values-mcc312-mnc670-b+sr+Latn: Cannot utime: Operation not permitted
build	Cache Android SDK	2026-06-06T12:22:56.5921831Z /usr/bin/tar: ../../../../../usr/local/lib/android/sdk/platforms/android-36/data/res/values-mcc312-mnc670-b+sr+Latn: Cannot change mode to rwxr-xr-x: Operation not permitted
build	Cache Android SDK	2026-06-06T12:22:56.5923589Z /usr/bin/tar: ../../../../../usr/local/lib/android/sdk/platforms/android-36/data/res/values-mcc310-mnc210-tr: Cannot utime: Operation not permitted
build	Cache Android SDK	2026-06-06T12:22:56.5924561Z /usr/bin/tar: ../../../../../usr/local/lib/android/sdk/platforms/android-36/data/res/values-mcc310-mnc210-tr: Cannot change mode to rwxr-xr-x: Operation not permitted
build	Cache Android SDK	2026-06-06T12:22:56.5926854Z /usr/bin/tar: ../../../../../usr/local/lib/android/sdk/platforms/android-36/data/res/values-mcc302-mnc720-iw: Cannot utime: Operation not permitted
build	Cache Android SDK	2026-06-06T12:22:56.5927981Z /usr/bin/tar: ../../../../../usr/local/lib/android/sdk/platforms/android-36/data/res/values-mcc302-mnc720-iw: Cannot change mode to rwxr-xr-x: Operation not permitted
build	Cache Android SDK	2026-06-06T12:22:56.5930546Z /usr/bin/tar: ../../../../../usr/local/lib/android/sdk/platforms/android-36/data/res/values-mcc310-mnc230-eu: Cannot utime: Operation not permitted
build	Cache Android SDK	2026-06-06T12:22:56.5931679Z /usr/bin/tar: ../../../../../usr/local/lib/android/sdk/platforms/android-36/data/res/values-mcc310-mnc230-eu: Cannot change mode to rwxr-xr-x: Operation not permitted
build	Cache Android SDK	2026-06-06T12:22:56.5933325Z /usr/bin/tar: ../../../../../usr/local/lib/android/sdk/platforms/android-36/data/res/values-mcc310-mnc160-ar: Cannot utime: Operation not permitted
build	Cache Android SDK	2026-06-06T12:22:56.5934263Z /usr/bin/tar: ../../../../../usr/local/lib/android/sdk/platforms/android-36/data/res/values-mcc310-mnc160-ar: Cannot change mode to rwxr-xr-x: Operation not permitted
build	Cache Android SDK	2026-06-06T12:22:56.5936722Z /usr/bin/tar: ../../../../../usr/local/lib/android/sdk/platforms/android-36/data/res/values-cs-watch: Cannot utime: Operation not permitted
build	Cache Android SDK	2026-06-06T12:22:56.5937772Z /usr/bin/tar: ../../../../../usr/local/lib/android/sdk/platforms/android-36/data/res/values-cs-watch: Cannot change mode to rwxr-xr-x: Operation not permitted
build	Cache Android SDK	2026-06-06T12:22:56.5940408Z /usr/bin/tar: ../../../../../usr/local/lib/android/sdk/platforms/android-36/data/res/values-mcc302-mnc720-en-rCA: Cannot utime: Operation not permitted
build	Cache Android SDK	2026-06-06T12:22:56.5941770Z /usr/bin/tar: ../../../../../usr/local/lib/android/sdk/platforms/android-36/data/res/values-mcc302-mnc720-en-rCA: Cannot change mode to rwxr-xr-x: Operation not permitted
build	Cache Android SDK	2026-06-06T12:22:56.5948673Z /usr/bin/tar: ../../../../../usr/local/lib/android/sdk/platforms/android-36/data/res/values-ml: Cannot utime: Operation not permitted
build	Cache Android SDK	2026-06-06T12:22:56.5951301Z /usr/bin/tar: ../../../../../usr/local/lib/android/sdk/platforms/android-36/data/res/values-ml: Cannot change mode to rwxr-xr-x: Operation not permitted
build	Cache Android SDK	2026-06-06T12:22:56.5952684Z /usr/bin/tar: ../../../../../usr/local/lib/android/sdk/platforms/android-36/data/res/values-mcc310-mnc150-my: Cannot utime: Operation not permitted
build	Cache Android SDK	2026-06-06T12:22:56.5953832Z /usr/bin/tar: ../../../../../usr/local/lib/android/sdk/platforms/android-36/data/res/values-mcc310-mnc150-my: Cannot change mode to rwxr-xr-x: Operation not permitted
build	Cache Android SDK	2026-06-06T12:22:56.5954933Z /usr/bin/tar: ../../../../../usr/local/lib/android/sdk/platforms/android-36/data/res/values-pt-rBR-television: Cannot utime: Operation not permitted
build	Cache Android SDK	2026-06-06T12:22:56.5955868Z /usr/bin/tar: ../../../../../usr/local/lib/android/sdk/platforms/android-36/data/res/values-pt-rBR-television: Cannot change mode to rwxr-xr-x: Operation not permitted
build	Cache Android SDK	2026-06-06T12:22:56.5957115Z /usr/bin/tar: ../../../../../usr/local/lib/android/sdk/platforms/android-36/data/res/values-mcc310-mnc030-af: Cannot utime: Operation not permitted
build	Cache Android SDK	2026-06-06T12:22:56.5958672Z /usr/bin/tar: ../../../../../usr/local/lib/android/sdk/platforms/android-36/data/res/values-mcc310-mnc030-af: Cannot change mode to rwxr-xr-x: Operation not permitted
build	Cache Android SDK	2026-06-06T12:22:56.5961207Z /usr/bin/tar: ../../../../../usr/local/lib/android/sdk/platforms/android-36/data/res/values-mcc310-mnc280-ar: Cannot utime: Operation not permitted
build	Cache Android SDK	2026-06-06T12:22:56.5962740Z /usr/bin/tar: ../../../../../usr/local/lib/android/sdk/platforms/android-36/data/res/values-mcc310-mnc280-ar: Cannot change mode to rwxr-xr-x: Operation not permitted
build	Cache Android SDK	2026-06-06T12:22:56.5964036Z /usr/bin/tar: ../../../../../usr/local/lib/android/sdk/platforms/android-36/data/res/values-mcc310-mnc160-bg: Cannot utime: Operation not permitted
build	Cache Android SDK	2026-06-06T12:22:56.5964996Z /usr/bin/tar: ../../../../../usr/local/lib/android/sdk/platforms/android-36/data/res/values-mcc310-mnc160-bg: Cannot change mode to rwxr-xr-x: Operation not permitted
build	Cache Android SDK	2026-06-06T12:22:56.5966777Z /usr/bin/tar: ../../../../../usr/local/lib/android/sdk/platforms/android-36/data/res/values-ml-watch: Cannot utime: Operation not permitted
build	Cache Android SDK	2026-06-06T12:22:56.5969262Z /usr/bin/tar: ../../../../../usr/local/lib/android/sdk/platforms/android-36/data/res/values-ml-watch: Cannot change mode to rwxr-xr-x: Operation not permitted
build	Cache Android SDK	2026-06-06T12:22:56.5970481Z /usr/bin/tar: ../../../../../usr/local/lib/android/sdk/platforms/android-36/data/res/values-mcc310-mnc210-ur: Cannot utime: Operation not permitted
build	Cache Android SDK	2026-06-06T12:22:56.5971544Z /usr/bin/tar: ../../../../../usr/local/lib/android/sdk/platforms/android-36/data/res/values-mcc310-mnc210-ur: Cannot change mode to rwxr-xr-x: Operation not permitted
build	Cache Android SDK	2026-06-06T12:22:56.5973364Z /usr/bin/tar: ../../../../../usr/local/lib/android/sdk/platforms/android-36/data/res/values-mcc310-mnc240-hr: Cannot utime: Operation not permitted
build	Cache Android SDK	2026-06-06T12:22:56.5974313Z /usr/bin/tar: ../../../../../usr/local/lib/android/sdk/platforms/android-36/data/res/values-mcc310-mnc240-hr: Cannot change mode to rwxr-xr-x: Operation not permitted
build	Cache Android SDK	2026-06-06T12:22:56.5976311Z /usr/bin/tar: ../../../../../usr/local/lib/android/sdk/platforms/android-36/data/res/values-mcc310-mnc160-en-rGB: Cannot utime: Operation not permitted
build	Cache Android SDK	2026-06-06T12:22:56.5977285Z /usr/bin/tar: ../../../../../usr/local/lib/android/sdk/platforms/android-36/data/res/values-mcc310-mnc160-en-rGB: Cannot change mode to rwxr-xr-x: Operation not permitted
build	Cache Android SDK	2026-06-06T12:22:56.5982080Z /usr/bin/tar: ../../../../../usr/local/lib/android/sdk/platforms/android-36/data/res/values-fr-rCA-watch: Cannot utime: Operation not permitted
build	Cache Android SDK	2026-06-06T12:22:56.5983402Z /usr/bin/tar: ../../../../../usr/local/lib/android/sdk/platforms/android-36/data/res/values-fr-rCA-watch: Cannot change mode to rwxr-xr-x: Operation not permitted
build	Cache Android SDK	2026-06-06T12:22:56.5984899Z /usr/bin/tar: ../../../../../usr/local/lib/android/sdk/platforms/android-36/data/res/values-mcc310-mnc560-es-rUS: Cannot utime: Operation not permitted
build	Cache Android SDK	2026-06-06T12:22:56.5985865Z /usr/bin/tar: ../../../../../usr/local/lib/android/sdk/platforms/android-36/data/res/values-mcc310-mnc560-es-rUS: Cannot change mode to rwxr-xr-x: Operation not permitted
build	Cache Android SDK	2026-06-06T12:22:56.5987569Z /usr/bin/tar: ../../../../../usr/local/lib/android/sdk/platforms/android-36/data/res/values-mcc310-mnc300: Cannot utime: Operation not permitted
build	Cache Android SDK	2026-06-06T12:22:56.5988565Z /usr/bin/tar: ../../../../../usr/local/lib/android/sdk/platforms/android-36/data/res/values-mcc310-mnc300: Cannot change mode to rwxr-xr-x: Operation not permitted
build	Cache Android SDK	2026-06-06T12:22:56.5990836Z /usr/bin/tar: ../../../../../usr/local/lib/android/sdk/platforms/android-36/data/res/values-mcc310-mnc310-gu: Cannot utime: Operation not permitted
build	Cache Android SDK	2026-06-06T12:22:56.5991808Z /usr/bin/tar: ../../../../../usr/local/lib/android/sdk/platforms/android-36/data/res/values-mcc310-mnc310-gu: Cannot change mode to rwxr-xr-x: Operation not permitted
build	Cache Android SDK	2026-06-06T12:22:56.5993550Z /usr/bin/tar: ../../../../../usr/local/lib/android/sdk/platforms/android-36/data/res/values-mcc310-mnc560-en-rIN: Cannot utime: Operation not permitted
build	Cache Android SDK	2026-06-06T12:22:56.5994607Z /usr/bin/tar: ../../../../../usr/local/lib/android/sdk/platforms/android-36/data/res/values-mcc310-mnc560-en-rIN: Cannot change mode to rwxr-xr-x: Operation not permitted
build	Cache Android SDK	2026-06-06T12:22:56.5996591Z /usr/bin/tar: ../../../../../usr/local/lib/android/sdk/platforms/android-36/data/res/values-mcc310-mnc280-da: Cannot utime: Operation not permitted
build	Cache Android SDK	2026-06-06T12:22:56.5997782Z /usr/bin/tar: ../../../../../usr/local/lib/android/sdk/platforms/android-36/data/res/values-mcc310-mnc280-da: Cannot change mode to rwxr-xr-x: Operation not permitted
build	Cache Android SDK	2026-06-06T12:22:56.5999451Z /usr/bin/tar: ../../../../../usr/local/lib/android/sdk/platforms/android-36/data/res/values-mcc311-mnc180-fr: Cannot utime: Operation not permitted
build	Cache Android SDK	2026-06-06T12:22:56.6000380Z /usr/bin/tar: ../../../../../usr/local/lib/android/sdk/platforms/android-36/data/res/values-mcc311-mnc180-fr: Cannot change mode to rwxr-xr-x: Operation not permitted
build	Cache Android SDK	2026-06-06T12:22:56.6002874Z /usr/bin/tar: ../../../../../usr/local/lib/android/sdk/platforms/android-36/data/res/values-mcc310-mnc310-ms: Cannot utime: Operation not permitted
build	Cache Android SDK	2026-06-06T12:22:56.6003863Z /usr/bin/tar: ../../../../../usr/local/lib/android/sdk/platforms/android-36/data/res/values-mcc310-mnc310-ms: Cannot change mode to rwxr-xr-x: Operation not permitted
build	Cache Android SDK	2026-06-06T12:22:56.6005977Z /usr/bin/tar: ../../../../../usr/local/lib/android/sdk/platforms/android-36/data/res/values-mcc310-mnc170-te: Cannot utime: Operation not permitted
build	Cache Android SDK	2026-06-06T12:22:56.6006935Z /usr/bin/tar: ../../../../../usr/local/lib/android/sdk/platforms/android-36/data/res/values-mcc310-mnc170-te: Cannot change mode to rwxr-xr-x: Operation not permitted
build	Cache Android SDK	2026-06-06T12:22:56.6009631Z /usr/bin/tar: ../../../../../usr/local/lib/android/sdk/platforms/android-36/data/res/values-mcc001-mnc01-te: Cannot utime: Operation not permitted
build	Cache Android SDK	2026-06-06T12:22:56.6010584Z /usr/bin/tar: ../../../../../usr/local/lib/android/sdk/platforms/android-36/data/res/values-mcc001-mnc01-te: Cannot change mode to rwxr-xr-x: Operation not permitted
build	Cache Android SDK	2026-06-06T12:22:56.6012382Z /usr/bin/tar: ../../../../../usr/local/lib/android/sdk/platforms/android-36/data/res/values-mcc310-mnc310-mr: Cannot utime: Operation not permitted
build	Cache Android SDK	2026-06-06T12:22:56.6013335Z /usr/bin/tar: ../../../../../usr/local/lib/android/sdk/platforms/android-36/data/res/values-mcc310-mnc310-mr: Cannot change mode to rwxr-xr-x: Operation not permitted
build	Cache Android SDK	2026-06-06T12:22:56.6015702Z /usr/bin/tar: ../../../../../usr/local/lib/android/sdk/platforms/android-36/data/res/values-mcc310-mnc660-tr: Cannot utime: Operation not permitted
build	Cache Android SDK	2026-06-06T12:22:56.6016639Z /usr/bin/tar: ../../../../../usr/local/lib/android/sdk/platforms/android-36/data/res/values-mcc310-mnc660-tr: Cannot change mode to rwxr-xr-x: Operation not permitted
build	Cache Android SDK	2026-06-06T12:22:56.6019259Z /usr/bin/tar: ../../../../../usr/local/lib/android/sdk/platforms/android-36/data/res/values-mcc302-mnc370-iw: Cannot utime: Operation not permitted
build	Cache Android SDK	2026-06-06T12:22:56.6020187Z /usr/bin/tar: ../../../../../usr/local/lib/android/sdk/platforms/android-36/data/res/values-mcc302-mnc370-iw: Cannot change mode to rwxr-xr-x: Operation not permitted
build	Cache Android SDK	2026-06-06T12:22:56.6022712Z /usr/bin/tar: ../../../../../usr/local/lib/android/sdk/platforms/android-36/data/res/values-mcc334-mnc020-tr: Cannot utime: Operation not permitted
build	Cache Android SDK	2026-06-06T12:22:56.6024063Z /usr/bin/tar: ../../../../../usr/local/lib/android/sdk/platforms/android-36/data/res/values-mcc334-mnc020-tr: Cannot change mode to rwxr-xr-x: Operation not permitted
build	Cache Android SDK	2026-06-06T12:22:56.6025788Z /usr/bin/tar: ../../../../../usr/local/lib/android/sdk/platforms/android-36/data/res/values-mcc310-mnc030-in: Cannot utime: Operation not permitted
build	Cache Android SDK	2026-06-06T12:22:56.6027016Z /usr/bin/tar: ../../../../../usr/local/lib/android/sdk/platforms/android-36/data/res/values-mcc310-mnc030-in: Cannot change mode to rwxr-xr-x: Operation not permitted
build	Cache Android SDK	2026-06-06T12:22:56.6029013Z /usr/bin/tar: ../../../../../usr/local/lib/android/sdk/platforms/android-36/data/res/values-mcc310-mnc310-ne: Cannot utime: Operation not permitted
build	Cache Android SDK	2026-06-06T12:22:56.6030058Z /usr/bin/tar: ../../../../../usr/local/lib/android/sdk/platforms/android-36/data/res/values-mcc310-mnc310-ne: Cannot change mode to rwxr-xr-x: Operation not permitted
build	Cache Android SDK	2026-06-06T12:22:56.6032603Z /usr/bin/tar: ../../../../../usr/local/lib/android/sdk/platforms/android-36/data/res/values-mcc310-mnc240-de: Cannot utime: Operation not permitted
build	Cache Android SDK	2026-06-06T12:22:56.6033663Z /usr/bin/tar: ../../../../../usr/local/lib/android/sdk/platforms/android-36/data/res/values-mcc310-mnc240-de: Cannot change mode to rwxr-xr-x: Operation not permitted
build	Cache Android SDK	2026-06-06T12:22:56.6035591Z /usr/bin/tar: ../../../../../usr/local/lib/android/sdk/platforms/android-36/data/res/values-mcc310-mnc490-bn: Cannot utime: Operation not permitted
build	Cache Android SDK	2026-06-06T12:22:56.6036522Z /usr/bin/tar: ../../../../../usr/local/lib/android/sdk/platforms/android-36/data/res/values-mcc310-mnc490-bn: Cannot change mode to rwxr-xr-x: Operation not permitted
build	Cache Android SDK	2026-06-06T12:22:56.6039380Z /usr/bin/tar: ../../../../../usr/local/lib/android/sdk/platforms/android-36/data/res/values-mcc310-mnc280-sq: Cannot utime: Operation not permitted
build	Cache Android SDK	2026-06-06T12:22:56.6040367Z /usr/bin/tar: ../../../../../usr/local/lib/android/sdk/platforms/android-36/data/res/values-mcc310-mnc280-sq: Cannot change mode to rwxr-xr-x: Operation not permitted
build	Cache Android SDK	2026-06-06T12:22:56.6042200Z /usr/bin/tar: ../../../../../usr/local/lib/android/sdk/platforms/android-36/data/res/values-mcc310-mnc380-si: Cannot utime: Operation not permitted
build	Cache Android SDK	2026-06-06T12:22:56.6043146Z /usr/bin/tar: ../../../../../usr/local/lib/android/sdk/platforms/android-36/data/res/values-mcc310-mnc380-si: Cannot change mode to rwxr-xr-x: Operation not permitted
build	Cache Android SDK	2026-06-06T12:22:56.6045976Z /usr/bin/tar: ../../../../../usr/local/lib/android/sdk/platforms/android-36/data/res/values-mcc313-mnc100-zh-rTW: Cannot utime: Operation not permitted
build	Cache Android SDK	2026-06-06T12:22:56.6047230Z /usr/bin/tar: ../../../../../usr/local/lib/android/sdk/platforms/android-36/data/res/values-mcc313-mnc100-zh-rTW: Cannot change mode to rwxr-xr-x: Operation not permitted
build	Cache Android SDK	2026-06-06T12:22:56.6048898Z /usr/bin/tar: ../../../../../usr/local/lib/android/sdk/platforms/android-36/data/res/values-mcc310-mnc250-pt-rBR: Cannot utime: Operation not permitted
build	Cache Android SDK	2026-06-06T12:22:56.6049871Z /usr/bin/tar: ../../../../../usr/local/lib/android/sdk/platforms/android-36/data/res/values-mcc310-mnc250-pt-rBR: Cannot change mode to rwxr-xr-x: Operation not permitted
build	Cache Android SDK	2026-06-06T12:22:56.6052580Z /usr/bin/tar: ../../../../../usr/local/lib/android/sdk/platforms/android-36/data/res/values-mcc310-mnc310-kn: Cannot utime: Operation not permitted
build	Cache Android SDK	2026-06-06T12:22:56.6053661Z /usr/bin/tar: ../../../../../usr/local/lib/android/sdk/platforms/android-36/data/res/values-mcc310-mnc310-kn: Cannot change mode to rwxr-xr-x: Operation not permitted
build	Cache Android SDK	2026-06-06T12:22:56.6055431Z /usr/bin/tar: ../../../../../usr/local/lib/android/sdk/platforms/android-36/data/res/values-mcc310-mnc230-sk: Cannot utime: Operation not permitted
build	Cache Android SDK	2026-06-06T12:22:56.6056370Z /usr/bin/tar: ../../../../../usr/local/lib/android/sdk/platforms/android-36/data/res/values-mcc310-mnc230-sk: Cannot change mode to rwxr-xr-x: Operation not permitted
build	Cache Android SDK	2026-06-06T12:22:56.6058991Z /usr/bin/tar: ../../../../../usr/local/lib/android/sdk/platforms/android-36/data/res/values-mcc310-mnc800-ne: Cannot utime: Operation not permitted
build	Cache Android SDK	2026-06-06T12:22:56.6060022Z /usr/bin/tar: ../../../../../usr/local/lib/android/sdk/platforms/android-36/data/res/values-mcc310-mnc800-ne: Cannot change mode to rwxr-xr-x: Operation not permitted
build	Cache Android SDK	2026-06-06T12:22:56.6062591Z /usr/bin/tar: ../../../../../usr/local/lib/android/sdk/platforms/android-36/data/res/values-mcc310-mnc220-mk: Cannot utime: Operation not permitted
build	Cache Android SDK	2026-06-06T12:22:56.6063525Z /usr/bin/tar: ../../../../../usr/local/lib/android/sdk/platforms/android-36/data/res/values-mcc310-mnc220-mk: Cannot change mode to rwxr-xr-x: Operation not permitted
build	Cache Android SDK	2026-06-06T12:22:56.6065850Z /usr/bin/tar: ../../../../../usr/local/lib/android/sdk/platforms/android-36/data/res/values-mcc312-mnc670-lt: Cannot utime: Operation not permitted
build	Cache Android SDK	2026-06-06T12:22:56.6066884Z /usr/bin/tar: ../../../../../usr/local/lib/android/sdk/platforms/android-36/data/res/values-mcc312-mnc670-lt: Cannot change mode to rwxr-xr-x: Operation not permitted
build	Cache Android SDK	2026-06-06T12:22:56.6070625Z /usr/bin/tar: ../../../../../usr/local/lib/android/sdk/platforms/android-36/data/res/values-mcc310-mnc950-fi: Cannot utime: Operation not permitted
build	Cache Android SDK	2026-06-06T12:22:56.6071695Z /usr/bin/tar: ../../../../../usr/local/lib/android/sdk/platforms/android-36/data/res/values-mcc310-mnc950-fi: Cannot change mode to rwxr-xr-x: Operation not permitted
build	Cache Android SDK	2026-06-06T12:22:56.6074402Z /usr/bin/tar: ../../../../../usr/local/lib/android/sdk/platforms/android-36/data/res/values-mcc302-mnc720-zh-rTW: Cannot utime: Operation not permitted
build	Cache Android SDK	2026-06-06T12:22:56.6075382Z /usr/bin/tar: ../../../../../usr/local/lib/android/sdk/platforms/android-36/data/res/values-mcc302-mnc720-zh-rTW: Cannot change mode to rwxr-xr-x: Operation not permitted
build	Cache Android SDK	2026-06-06T12:22:56.6078497Z /usr/bin/tar: ../../../../../usr/local/lib/android/sdk/platforms/android-36/data/res/values-mcc302-mnc370-te: Cannot utime: Operation not permitted
build	Cache Android SDK	2026-06-06T12:22:56.6079798Z /usr/bin/tar: ../../../../../usr/local/lib/android/sdk/platforms/android-36/data/res/values-mcc302-mnc370-te: Cannot change mode to rwxr-xr-x: Operation not permitted
build	Cache Android SDK	2026-06-06T12:22:56.6084630Z /usr/bin/tar: ../../../../../usr/local/lib/android/sdk/platforms/android-36/data/res/values-ms: Cannot utime: Operation not permitted
build	Cache Android SDK	2026-06-06T12:22:56.6085894Z /usr/bin/tar: ../../../../../usr/local/lib/android/sdk/platforms/android-36/data/res/values-ms: Cannot change mode to rwxr-xr-x: Operation not permitted
build	Cache Android SDK	2026-06-06T12:22:56.6087316Z /usr/bin/tar: ../../../../../usr/local/lib/android/sdk/platforms/android-36/data/res/values-mcc310-mnc270-pt: Cannot utime: Operation not permitted
build	Cache Android SDK	2026-06-06T12:22:56.6088416Z /usr/bin/tar: ../../../../../usr/local/lib/android/sdk/platforms/android-36/data/res/values-mcc310-mnc270-pt: Cannot change mode to rwxr-xr-x: Operation not permitted
build	Cache Android SDK	2026-06-06T12:22:56.6090690Z /usr/bin/tar: ../../../../../usr/local/lib/android/sdk/platforms/android-36/data/res/values-mcc310-mnc310-kk: Cannot utime: Operation not permitted
build	Cache Android SDK	2026-06-06T12:22:56.6091627Z /usr/bin/tar: ../../../../../usr/local/lib/android/sdk/platforms/android-36/data/res/values-mcc310-mnc310-kk: Cannot change mode to rwxr-xr-x: Operation not permitted
build	Cache Android SDK	2026-06-06T12:22:56.6094210Z /usr/bin/tar: ../../../../../usr/local/lib/android/sdk/platforms/android-36/data/res/raw-pt-rBR: Cannot utime: Operation not permitted
build	Cache Android SDK	2026-06-06T12:22:56.6095073Z /usr/bin/tar: ../../../../../usr/local/lib/android/sdk/platforms/android-36/data/res/raw-pt-rBR: Cannot change mode to rwxr-xr-x: Operation not permitted
build	Cache Android SDK	2026-06-06T12:22:56.6097531Z /usr/bin/tar: ../../../../../usr/local/lib/android/sdk/platforms/android-36/data/res/values-mcc310-mnc160-fi: Cannot utime: Operation not permitted
build	Cache Android SDK	2026-06-06T12:22:56.6098465Z /usr/bin/tar: ../../../../../usr/local/lib/android/sdk/platforms/android-36/data/res/values-mcc310-mnc160-fi: Cannot change mode to rwxr-xr-x: Operation not permitted
build	Cache Android SDK	2026-06-06T12:22:56.6100901Z /usr/bin/tar: ../../../../../usr/local/lib/android/sdk/platforms/android-36/data/res/values-mcc310-mnc950-da: Cannot utime: Operation not permitted
build	Cache Android SDK	2026-06-06T12:22:56.6101824Z /usr/bin/tar: ../../../../../usr/local/lib/android/sdk/platforms/android-36/data/res/values-mcc310-mnc950-da: Cannot change mode to rwxr-xr-x: Operation not permitted
build	Cache Android SDK	2026-06-06T12:22:56.6103850Z /usr/bin/tar: ../../../../../usr/local/lib/android/sdk/platforms/android-36/data/res/values-mcc310-mnc220-fi: Cannot utime: Operation not permitted
build	Cache Android SDK	2026-06-06T12:22:56.6104774Z /usr/bin/tar: ../../../../../usr/local/lib/android/sdk/platforms/android-36/data/res/values-mcc310-mnc220-fi: Cannot change mode to rwxr-xr-x: Operation not permitted
build	Cache Android SDK	2026-06-06T12:22:56.6107546Z /usr/bin/tar: ../../../../../usr/local/lib/android/sdk/platforms/android-36/data/res/values-mcc310-mnc210-it: Cannot utime: Operation not permitted
build	Cache Android SDK	2026-06-06T12:22:56.6108604Z /usr/bin/tar: ../../../../../usr/local/lib/android/sdk/platforms/android-36/data/res/values-mcc310-mnc210-it: Cannot change mode to rwxr-xr-x: Operation not permitted
build	Cache Android SDK	2026-06-06T12:22:56.6110259Z /usr/bin/tar: ../../../../../usr/local/lib/android/sdk/platforms/android-36/data/res/values-mcc310-mnc490-lt: Cannot utime: Operation not permitted
build	Cache Android SDK	2026-06-06T12:22:56.6111356Z /usr/bin/tar: ../../../../../usr/local/lib/android/sdk/platforms/android-36/data/res/values-mcc310-mnc490-lt: Cannot change mode to rwxr-xr-x: Operation not permitted
build	Cache Android SDK	2026-06-06T12:22:56.6113502Z /usr/bin/tar: ../../../../../usr/local/lib/android/sdk/platforms/android-36/data/res/values-mcc310-mnc220-bg: Cannot utime: Operation not permitted
build	Cache Android SDK	2026-06-06T12:22:56.6114546Z /usr/bin/tar: ../../../../../usr/local/lib/android/sdk/platforms/android-36/data/res/values-mcc310-mnc220-bg: Cannot change mode to rwxr-xr-x: Operation not permitted
build	Cache Android SDK	2026-06-06T12:22:56.6119202Z /usr/bin/tar: ../../../../../usr/local/lib/android/sdk/platforms/android-36/data/res/values-mcc334-mnc020-ms: Cannot utime: Operation not permitted
build	Cache Android SDK	2026-06-06T12:22:56.6121053Z /usr/bin/tar: ../../../../../usr/local/lib/android/sdk/platforms/android-36/data/res/values-mcc334-mnc020-ms: Cannot change mode to rwxr-xr-x: Operation not permitted
build	Cache Android SDK	2026-06-06T12:22:56.6122239Z /usr/bin/tar: ../../../../../usr/local/lib/android/sdk/platforms/android-36/data/res/values-mcc310-mnc950-or: Cannot utime: Operation not permitted
build	Cache Android SDK	2026-06-06T12:22:56.6123826Z /usr/bin/tar: ../../../../../usr/local/lib/android/sdk/platforms/android-36/data/res/values-mcc310-mnc950-or: Cannot change mode to rwxr-xr-x: Operation not permitted
build	Cache Android SDK	2026-06-06T12:22:56.6125553Z /usr/bin/tar: ../../../../../usr/local/lib/android/sdk/platforms/android-36/data/res/values-mcc310-mnc800-eu: Cannot utime: Operation not permitted
build	Cache Android SDK	2026-06-06T12:22:56.6126688Z /usr/bin/tar: ../../../../../usr/local/lib/android/sdk/platforms/android-36/data/res/values-mcc310-mnc800-eu: Cannot change mode to rwxr-xr-x: Operation not permitted
build	Cache Android SDK	2026-06-06T12:22:56.6130178Z /usr/bin/tar: ../../../../../usr/local/lib/android/sdk/platforms/android-36/data/res/values-mcc310-mnc030-lv: Cannot utime: Operation not permitted
build	Cache Android SDK	2026-06-06T12:22:56.6131800Z /usr/bin/tar: ../../../../../usr/local/lib/android/sdk/platforms/android-36/data/res/values-mcc310-mnc030-lv: Cannot change mode to rwxr-xr-x: Operation not permitted
build	Cache Android SDK	2026-06-06T12:22:56.6136202Z /usr/bin/tar: ../../../../../usr/local/lib/android/sdk/platforms/android-36/data/res/values-mcc311-mnc180-da: Cannot utime: Operation not permitted
build	Cache Android SDK	2026-06-06T12:22:56.6140173Z /usr/bin/tar: ../../../../../usr/local/lib/android/sdk/platforms/android-36/data/res/values-mcc311-mnc180-da: Cannot change mode to rwxr-xr-x: Operation not permitted
build	Cache Android SDK	2026-06-06T12:22:56.6143078Z /usr/bin/tar: ../../../../../usr/local/lib/android/sdk/platforms/android-36/data/res/values-mcc310-mnc210-my: Cannot utime: Operation not permitted
build	Cache Android SDK	2026-06-06T12:22:56.6145506Z /usr/bin/tar: ../../../../../usr/local/lib/android/sdk/platforms/android-36/data/res/values-mcc310-mnc210-my: Cannot change mode to rwxr-xr-x: Operation not permitted
build	Cache Android SDK	2026-06-06T12:22:56.6148646Z /usr/bin/tar: ../../../../../usr/local/lib/android/sdk/platforms/android-36/data/res/values-mcc310-mnc660: Cannot utime: Operation not permitted
build	Cache Android SDK	2026-06-06T12:22:56.6150010Z /usr/bin/tar: ../../../../../usr/local/lib/android/sdk/platforms/android-36/data/res/values-mcc310-mnc660: Cannot change mode to rwxr-xr-x: Operation not permitted
build	Cache Android SDK	2026-06-06T12:22:56.6152861Z /usr/bin/tar: ../../../../../usr/local/lib/android/sdk/platforms/android-36/data/res/values-mcc312-mnc670-eu: Cannot utime: Operation not permitted
build	Cache Android SDK	2026-06-06T12:22:56.6155880Z /usr/bin/tar: ../../../../../usr/local/lib/android/sdk/platforms/android-36/data/res/values-mcc312-mnc670-eu: Cannot change mode to rwxr-xr-x: Operation not permitted
build	Cache Android SDK	2026-06-06T12:22:56.6156980Z /usr/bin/tar: ../../../../../usr/local/lib/android/sdk/platforms/android-36/data/res/values-uk-television: Cannot utime: Operation not permitted
build	Cache Android SDK	2026-06-06T12:22:56.6158653Z /usr/bin/tar: ../../../../../usr/local/lib/android/sdk/platforms/android-36/data/res/values-uk-television: Cannot change mode to rwxr-xr-x: Operation not permitted
build	Cache Android SDK	2026-06-06T12:22:56.6160185Z /usr/bin/tar: ../../../../../usr/local/lib/android/sdk/platforms/android-36/data/res/values-mcc310-mnc950-en-rCA: Cannot utime: Operation not permitted
build	Cache Android SDK	2026-06-06T12:22:56.6161148Z /usr/bin/tar: ../../../../../usr/local/lib/android/sdk/platforms/android-36/data/res/values-mcc310-mnc950-en-rCA: Cannot change mode to rwxr-xr-x: Operation not permitted
build	Cache Android SDK	2026-06-06T12:22:56.6162978Z /usr/bin/tar: ../../../../../usr/local/lib/android/sdk/platforms/android-36/data/res/values-mcc310-mnc560-et: Cannot utime: Operation not permitted
build	Cache Android SDK	2026-06-06T12:22:56.6164475Z /usr/bin/tar: ../../../../../usr/local/lib/android/sdk/platforms/android-36/data/res/values-mcc310-mnc560-et: Cannot change mode to rwxr-xr-x: Operation not permitted
build	Cache Android SDK	2026-06-06T12:22:56.6166145Z /usr/bin/tar: ../../../../../usr/local/lib/android/sdk/platforms/android-36/data/res/values-mcc310-mnc560: Cannot utime: Operation not permitted
build	Cache Android SDK	2026-06-06T12:22:56.6167057Z /usr/bin/tar: ../../../../../usr/local/lib/android/sdk/platforms/android-36/data/res/values-mcc310-mnc560: Cannot change mode to rwxr-xr-x: Operation not permitted
build	Cache Android SDK	2026-06-06T12:22:56.6168902Z /usr/bin/tar: ../../../../../usr/local/lib/android/sdk/platforms/android-36/data/res/values-mcc310-mnc660-eu: Cannot utime: Operation not permitted
build	Cache Android SDK	2026-06-06T12:22:56.6170597Z /usr/bin/tar: ../../../../../usr/local/lib/android/sdk/platforms/android-36/data/res/values-mcc310-mnc660-eu: Cannot change mode to rwxr-xr-x: Operation not permitted
build	Cache Android SDK	2026-06-06T12:22:56.6171857Z /usr/bin/tar: ../../../../../usr/local/lib/android/sdk/platforms/android-36/data/res/values-mcc310-mnc150-uz: Cannot utime: Operation not permitted
build	Cache Android SDK	2026-06-06T12:22:56.6173004Z /usr/bin/tar: ../../../../../usr/local/lib/android/sdk/platforms/android-36/data/res/values-mcc310-mnc150-uz: Cannot change mode to rwxr-xr-x: Operation not permitted
build	Cache Android SDK	2026-06-06T12:22:56.6174302Z /usr/bin/tar: ../../../../../usr/local/lib/android/sdk/platforms/android-36/data/res/values-mcc302-mnc370-lo: Cannot utime: Operation not permitted
build	Cache Android SDK	2026-06-06T12:22:56.6176015Z /usr/bin/tar: ../../../../../usr/local/lib/android/sdk/platforms/android-36/data/res/values-mcc302-mnc370-lo: Cannot change mode to rwxr-xr-x: Operation not permitted
build	Cache Android SDK	2026-06-06T12:22:56.6177084Z /usr/bin/tar: ../../../../../usr/local/lib/android/sdk/platforms/android-36/data/res/values-mcc310-mnc380-tl: Cannot utime: Operation not permitted
build	Cache Android SDK	2026-06-06T12:22:56.6178480Z /usr/bin/tar: ../../../../../usr/local/lib/android/sdk/platforms/android-36/data/res/values-mcc310-mnc380-tl: Cannot change mode to rwxr-xr-x: Operation not permitted
build	Cache Android SDK	2026-06-06T12:22:56.6180134Z /usr/bin/tar: ../../../../../usr/local/lib/android/sdk/platforms/android-36/data/res/values-fi-rFI: Cannot utime: Operation not permitted
build	Cache Android SDK	2026-06-06T12:22:56.6181525Z /usr/bin/tar: ../../../../../usr/local/lib/android/sdk/platforms/android-36/data/res/values-fi-rFI: Cannot change mode to rwxr-xr-x: Operation not permitted
build	Cache Android SDK	2026-06-06T12:22:56.6183650Z /usr/bin/tar: ../../../../../usr/local/lib/android/sdk/platforms/android-36/data/res/values-mcc310-mnc280-vi: Cannot utime: Operation not permitted
build	Cache Android SDK	2026-06-06T12:22:56.6185489Z /usr/bin/tar: ../../../../../usr/local/lib/android/sdk/platforms/android-36/data/res/values-mcc310-mnc280-vi: Cannot change mode to rwxr-xr-x: Operation not permitted
build	Cache Android SDK	2026-06-06T12:22:56.6187244Z /usr/bin/tar: ../../../../../usr/local/lib/android/sdk/platforms/android-36/data/res/values-mcc310-mnc280-ru: Cannot utime: Operation not permitted
build	Cache Android SDK	2026-06-06T12:22:56.6188383Z /usr/bin/tar: ../../../../../usr/local/lib/android/sdk/platforms/android-36/data/res/values-mcc310-mnc280-ru: Cannot change mode to rwxr-xr-x: Operation not permitted
build	Cache Android SDK	2026-06-06T12:22:56.6191030Z /usr/bin/tar: ../../../../../usr/local/lib/android/sdk/platforms/android-36/data/res/values-mcc310-mnc800-in: Cannot utime: Operation not permitted
build	Cache Android SDK	2026-06-06T12:22:56.6192431Z /usr/bin/tar: ../../../../../usr/local/lib/android/sdk/platforms/android-36/data/res/values-mcc310-mnc800-in: Cannot change mode to rwxr-xr-x: Operation not permitted
build	Cache Android SDK	2026-06-06T12:22:56.6194884Z /usr/bin/tar: ../../../../../usr/local/lib/android/sdk/platforms/android-36/data/res/values-mcc310-mnc490-tr: Cannot utime: Operation not permitted
build	Cache Android SDK	2026-06-06T12:22:56.6196317Z /usr/bin/tar: ../../../../../usr/local/lib/android/sdk/platforms/android-36/data/res/values-mcc310-mnc490-tr: Cannot change mode to rwxr-xr-x: Operation not permitted
build	Cache Android SDK	2026-06-06T12:22:56.6199079Z /usr/bin/tar: ../../../../../usr/local/lib/android/sdk/platforms/android-36/data/res/values-mcc310-mnc380-bg: Cannot utime: Operation not permitted
build	Cache Android SDK	2026-06-06T12:22:56.6200499Z /usr/bin/tar: ../../../../../usr/local/lib/android/sdk/platforms/android-36/data/res/values-mcc310-mnc380-bg: Cannot change mode to rwxr-xr-x: Operation not permitted
build	Cache Android SDK	2026-06-06T12:22:56.6203648Z /usr/bin/tar: ../../../../../usr/local/lib/android/sdk/platforms/android-36/data/res/values-mcc302-mnc370-km: Cannot utime: Operation not permitted
build	Cache Android SDK	2026-06-06T12:22:56.6205093Z /usr/bin/tar: ../../../../../usr/local/lib/android/sdk/platforms/android-36/data/res/values-mcc302-mnc370-km: Cannot change mode to rwxr-xr-x: Operation not permitted
build	Cache Android SDK	2026-06-06T12:22:56.6207004Z /usr/bin/tar: ../../../../../usr/local/lib/android/sdk/platforms/android-36/data/res/values-mcc310-mnc170-si: Cannot utime: Operation not permitted
build	Cache Android SDK	2026-06-06T12:22:56.6208738Z /usr/bin/tar: ../../../../../usr/local/lib/android/sdk/platforms/android-36/data/res/values-mcc310-mnc170-si: Cannot change mode to rwxr-xr-x: Operation not permitted
build	Cache Android SDK	2026-06-06T12:22:56.6210748Z /usr/bin/tar: ../../../../../usr/local/lib/android/sdk/platforms/android-36/data/res/values-de-rLI: Cannot utime: Operation not permitted
build	Cache Android SDK	2026-06-06T12:22:56.6212142Z /usr/bin/tar: ../../../../../usr/local/lib/android/sdk/platforms/android-36/data/res/values-de-rLI: Cannot change mode to rwxr-xr-x: Operation not permitted
build	Cache Android SDK	2026-06-06T12:22:56.6214542Z /usr/bin/tar: ../../../../../usr/local/lib/android/sdk/platforms/android-36/data/res/values-mcc310-mnc200-pl: Cannot utime: Operation not permitted
build	Cache Android SDK	2026-06-06T12:22:56.6215960Z /usr/bin/tar: ../../../../../usr/local/lib/android/sdk/platforms/android-36/data/res/values-mcc310-mnc200-pl: Cannot change mode to rwxr-xr-x: Operation not permitted
build	Cache Android SDK	2026-06-06T12:22:56.6218162Z /usr/bin/tar: ../../../../../usr/local/lib/android/sdk/platforms/android-36/data/res/values-mcc001-mnc01-en-rCA: Cannot utime: Operation not permitted
build	Cache Android SDK	2026-06-06T12:22:56.6219681Z /usr/bin/tar: ../../../../../usr/local/lib/android/sdk/platforms/android-36/data/res/values-mcc001-mnc01-en-rCA: Cannot change mode to rwxr-xr-x: Operation not permitted
build	Cache Android SDK	2026-06-06T12:22:56.6222300Z /usr/bin/tar: ../../../../../usr/local/lib/android/sdk/platforms/android-36/data/res/values-mcc310-mnc170-tr: Cannot utime: Operation not permitted
build	Cache Android SDK	2026-06-06T12:22:56.6223712Z /usr/bin/tar: ../../../../../usr/local/lib/android/sdk/platforms/android-36/data/res/values-mcc310-mnc170-tr: Cannot change mode to rwxr-xr-x: Operation not permitted
build	Cache Android SDK	2026-06-06T12:22:56.6226531Z /usr/bin/tar: ../../../../../usr/local/lib/android/sdk/platforms/android-36/data/res/values-mcc310-mnc490-nl: Cannot utime: Operation not permitted
build	Cache Android SDK	2026-06-06T12:22:56.6228308Z /usr/bin/tar: ../../../../../usr/local/lib/android/sdk/platforms/android-36/data/res/values-mcc310-mnc490-nl: Cannot change mode to rwxr-xr-x: Operation not permitted
build	Cache Android SDK	2026-06-06T12:22:56.6230197Z /usr/bin/tar: ../../../../../usr/local/lib/android/sdk/platforms/android-36/data/res/values-mcc310-mnc030-ne: Cannot utime: Operation not permitted
build	Cache Android SDK	2026-06-06T12:22:56.6231667Z /usr/bin/tar: ../../../../../usr/local/lib/android/sdk/platforms/android-36/data/res/values-mcc310-mnc030-ne: Cannot change mode to rwxr-xr-x: Operation not permitted
build	Cache Android SDK	2026-06-06T12:22:56.6234909Z /usr/bin/tar: ../../../../../usr/local/lib/android/sdk/platforms/android-36/data/res/values-mcc310-mnc150-lo: Cannot utime: Operation not permitted
build	Cache Android SDK	2026-06-06T12:22:56.6236383Z /usr/bin/tar: ../../../../../usr/local/lib/android/sdk/platforms/android-36/data/res/values-mcc310-mnc150-lo: Cannot change mode to rwxr-xr-x: Operation not permitted
build	Cache Android SDK	2026-06-06T12:22:56.6239561Z /usr/bin/tar: ../../../../../usr/local/lib/android/sdk/platforms/android-36/data/res/values-mcc310-mnc800-iw: Cannot utime: Operation not permitted
build	Cache Android SDK	2026-06-06T12:22:56.6241037Z /usr/bin/tar: ../../../../../usr/local/lib/android/sdk/platforms/android-36/data/res/values-mcc310-mnc800-iw: Cannot change mode to rwxr-xr-x: Operation not permitted
build	Cache Android SDK	2026-06-06T12:22:56.6243329Z /usr/bin/tar: ../../../../../usr/local/lib/android/sdk/platforms/android-36/data/res/values-mcc310-mnc250-sq: Cannot utime: Operation not permitted
build	Cache Android SDK	2026-06-06T12:22:56.6244791Z /usr/bin/tar: ../../../../../usr/local/lib/android/sdk/platforms/android-36/data/res/values-mcc310-mnc250-sq: Cannot change mode to rwxr-xr-x: Operation not permitted
build	Cache Android SDK	2026-06-06T12:22:56.6247539Z /usr/bin/tar: ../../../../../usr/local/lib/android/sdk/platforms/android-36/data/res/values-mcc310-mnc150-ka: Cannot utime: Operation not permitted
build	Cache Android SDK	2026-06-06T12:22:56.6248989Z /usr/bin/tar: ../../../../../usr/local/lib/android/sdk/platforms/android-36/data/res/values-mcc310-mnc150-ka: Cannot change mode to rwxr-xr-x: Operation not permitted
build	Cache Android SDK	2026-06-06T12:22:56.6250563Z /usr/bin/tar: ../../../../../usr/local/lib/android/sdk/platforms/android-36/data/res/values-h320dp: Cannot utime: Operation not permitted
build	Cache Android SDK	2026-06-06T12:22:56.6251907Z /usr/bin/tar: ../../../../../usr/local/lib/android/sdk/platforms/android-36/data/res/values-h320dp: Cannot change mode to rwxr-xr-x: Operation not permitted
build	Cache Android SDK	2026-06-06T12:22:56.6256071Z /usr/bin/tar: ../../../../../usr/local/lib/android/sdk/platforms/android-36/data/res/values-television: Cannot utime: Operation not permitted
build	Cache Android SDK	2026-06-06T12:22:56.6257619Z /usr/bin/tar: ../../../../../usr/local/lib/android/sdk/platforms/android-36/data/res/values-television: Cannot change mode to rwxr-xr-x: Operation not permitted
build	Cache Android SDK	2026-06-06T12:22:56.6270669Z /usr/bin/tar: ../../../../../usr/local/lib/android/sdk/platforms/android-36/data/res/values-mcc310-mnc220-lt: Cannot utime: Operation not permitted
build	Cache Android SDK	2026-06-06T12:22:56.6272819Z /usr/bin/tar: ../../../../../usr/local/lib/android/sdk/platforms/android-36/data/res/values-mcc310-mnc220-lt: Cannot change mode to rwxr-xr-x: Operation not permitted
build	Cache Android SDK	2026-06-06T12:22:56.6279273Z /usr/bin/tar: ../../../../../usr/local/lib/android/sdk/platforms/android-36/data/res/values-mcc311-mnc180-en-rXC: Cannot utime: Operation not permitted
build	Cache Android SDK	2026-06-06T12:22:56.6281061Z /usr/bin/tar: ../../../../../usr/local/lib/android/sdk/platforms/android-36/data/res/values-mcc311-mnc180-en-rXC: Cannot change mode to rwxr-xr-x: Operation not permitted
build	Cache Android SDK	2026-06-06T12:22:56.6282046Z /usr/bin/tar: ../../../../../usr/local/lib/android/sdk/platforms/android-36/data/res/values-mcc310-mnc640: Cannot utime: Operation not permitted
build	Cache Android SDK	2026-06-06T12:22:56.6283085Z /usr/bin/tar: ../../../../../usr/local/lib/android/sdk/platforms/android-36/data/res/values-mcc310-mnc640: Cannot change mode to rwxr-xr-x: Operation not permitted
build	Cache Android SDK	2026-06-06T12:22:56.6284764Z /usr/bin/tar: ../../../../../usr/local/lib/android/sdk/platforms/android-36/data/res/values-mcc208-mnc10-fr: Cannot utime: Operation not permitted
build	Cache Android SDK	2026-06-06T12:22:56.6285925Z /usr/bin/tar: ../../../../../usr/local/lib/android/sdk/platforms/android-36/data/res/values-mcc208-mnc10-fr: Cannot change mode to rwxr-xr-x: Operation not permitted
build	Cache Android SDK	2026-06-06T12:22:56.6287061Z /usr/bin/tar: ../../../../../usr/local/lib/android/sdk/platforms/android-36/data/res/values-mcc310-mnc250-ne: Cannot utime: Operation not permitted
build	Cache Android SDK	2026-06-06T12:22:56.6288764Z /usr/bin/tar: ../../../../../usr/local/lib/android/sdk/platforms/android-36/data/res/values-mcc310-mnc250-ne: Cannot change mode to rwxr-xr-x: Operation not permitted
build	Cache Android SDK	2026-06-06T12:22:56.6289692Z /usr/bin/tar: ../../../../../usr/local/lib/android/sdk/platforms/android-36/data/res/values-mcc310-mnc310: Cannot utime: Operation not permitted
build	Cache Android SDK	2026-06-06T12:22:56.6290591Z /usr/bin/tar: ../../../../../usr/local/lib/android/sdk/platforms/android-36/data/res/values-mcc310-mnc310: Cannot change mode to rwxr-xr-x: Operation not permitted
build	Cache Android SDK	2026-06-06T12:22:56.6292752Z /usr/bin/tar: ../../../../../usr/local/lib/android/sdk/platforms/android-36/data/res/values-mcc310-mnc380-fr-rCA: Cannot utime: Operation not permitted
build	Cache Android SDK	2026-06-06T12:22:56.6294727Z /usr/bin/tar: ../../../../../usr/local/lib/android/sdk/platforms/android-36/data/res/values-mcc310-mnc380-fr-rCA: Cannot change mode to rwxr-xr-x: Operation not permitted
build	Cache Android SDK	2026-06-06T12:22:56.6296008Z /usr/bin/tar: ../../../../../usr/local/lib/android/sdk/platforms/android-36/data/res/mipmap-ldpi: Cannot utime: Operation not permitted
build	Cache Android SDK	2026-06-06T12:22:56.6296929Z /usr/bin/tar: ../../../../../usr/local/lib/android/sdk/platforms/android-36/data/res/mipmap-ldpi: Cannot change mode to rwxr-xr-x: Operation not permitted
build	Cache Android SDK	2026-06-06T12:22:56.6298376Z /usr/bin/tar: ../../../../../usr/local/lib/android/sdk/platforms/android-36/data/res/values-mcc310-mnc170-iw: Cannot utime: Operation not permitted
build	Cache Android SDK	2026-06-06T12:22:56.6300136Z /usr/bin/tar: ../../../../../usr/local/lib/android/sdk/platforms/android-36/data/res/values-mcc310-mnc170-iw: Cannot change mode to rwxr-xr-x: Operation not permitted
build	Cache Android SDK	2026-06-06T12:22:56.6307874Z /usr/bin/tar: ../../../../../usr/local/lib/android/sdk/platforms/android-36/data/res/layout-watch: Cannot utime: Operation not permitted
build	Cache Android SDK	2026-06-06T12:22:56.6308865Z /usr/bin/tar: ../../../../../usr/local/lib/android/sdk/platforms/android-36/data/res/layout-watch: Cannot change mode to rwxr-xr-x: Operation not permitted
build	Cache Android SDK	2026-06-06T12:22:56.6311396Z /usr/bin/tar: ../../../../../usr/local/lib/android/sdk/platforms/android-36/data/res/values-mcc311-mnc180-gl: Cannot utime: Operation not permitted
build	Cache Android SDK	2026-06-06T12:22:56.6312660Z /usr/bin/tar: ../../../../../usr/local/lib/android/sdk/platforms/android-36/data/res/values-mcc311-mnc180-gl: Cannot change mode to rwxr-xr-x: Operation not permitted
build	Cache Android SDK	2026-06-06T12:22:56.6314975Z /usr/bin/tar: ../../../../../usr/local/lib/android/sdk/platforms/android-36/data/res/values-mcc313-mnc100-pt-rBR: Cannot utime: Operation not permitted
build	Cache Android SDK	2026-06-06T12:22:56.6316417Z /usr/bin/tar: ../../../../../usr/local/lib/android/sdk/platforms/android-36/data/res/values-mcc313-mnc100-pt-rBR: Cannot change mode to rwxr-xr-x: Operation not permitted
build	Cache Android SDK	2026-06-06T12:22:56.6319039Z /usr/bin/tar: ../../../../../usr/local/lib/android/sdk/platforms/android-36/data/res/values-mcc310-mnc240-ru: Cannot utime: Operation not permitted
build	Cache Android SDK	2026-06-06T12:22:56.6320448Z /usr/bin/tar: ../../../../../usr/local/lib/android/sdk/platforms/android-36/data/res/values-mcc310-mnc240-ru: Cannot change mode to rwxr-xr-x: Operation not permitted
build	Cache Android SDK	2026-06-06T12:22:56.6322855Z /usr/bin/tar: ../../../../../usr/local/lib/android/sdk/platforms/android-36/data/res/values-mcc310-mnc950-ja: Cannot utime: Operation not permitted
build	Cache Android SDK	2026-06-06T12:22:56.6324217Z /usr/bin/tar: ../../../../../usr/local/lib/android/sdk/platforms/android-36/data/res/values-mcc310-mnc950-ja: Cannot change mode to rwxr-xr-x: Operation not permitted
build	Cache Android SDK	2026-06-06T12:22:56.6331409Z /usr/bin/tar: ../../../../../usr/local/lib/android/sdk/platforms/android-36/data/res/values-lo: Cannot utime: Operation not permitted
build	Cache Android SDK	2026-06-06T12:22:56.6332872Z /usr/bin/tar: ../../../../../usr/local/lib/android/sdk/platforms/android-36/data/res/values-lo: Cannot change mode to rwxr-xr-x: Operation not permitted
build	Cache Android SDK	2026-06-06T12:22:56.6335104Z /usr/bin/tar: ../../../../../usr/local/lib/android/sdk/platforms/android-36/data/res/values-mcc310-mnc170-ru: Cannot utime: Operation not permitted
build	Cache Android SDK	2026-06-06T12:22:56.6336515Z /usr/bin/tar: ../../../../../usr/local/lib/android/sdk/platforms/android-36/data/res/values-mcc310-mnc170-ru: Cannot change mode to rwxr-xr-x: Operation not permitted
build	Cache Android SDK	2026-06-06T12:22:56.6338968Z /usr/bin/tar: ../../../../../usr/local/lib/android/sdk/platforms/android-36/data/res/values-mcc310-mnc310-pt-rPT: Cannot utime: Operation not permitted
build	Cache Android SDK	2026-06-06T12:22:56.6340738Z /usr/bin/tar: ../../../../../usr/local/lib/android/sdk/platforms/android-36/data/res/values-mcc310-mnc310-pt-rPT: Cannot change mode to rwxr-xr-x: Operation not permitted
build	Cache Android SDK	2026-06-06T12:22:56.6342682Z /usr/bin/tar: ../../../../../usr/local/lib/android/sdk/platforms/android-36/data/res/values-mcc310-mnc150-fa: Cannot utime: Operation not permitted
build	Cache Android SDK	2026-06-06T12:22:56.6344421Z /usr/bin/tar: ../../../../../usr/local/lib/android/sdk/platforms/android-36/data/res/values-mcc310-mnc150-fa: Cannot change mode to rwxr-xr-x: Operation not permitted
build	Cache Android SDK	2026-06-06T12:22:56.6346927Z /usr/bin/tar: ../../../../../usr/local/lib/android/sdk/platforms/android-36/data/res/values-mcc310-mnc380-gl: Cannot utime: Operation not permitted
build	Cache Android SDK	2026-06-06T12:22:56.6348573Z /usr/bin/tar: ../../../../../usr/local/lib/android/sdk/platforms/android-36/data/res/values-mcc310-mnc380-gl: Cannot change mode to rwxr-xr-x: Operation not permitted
build	Cache Android SDK	2026-06-06T12:22:56.6351342Z /usr/bin/tar: ../../../../../usr/local/lib/android/sdk/platforms/android-36/data/res/values-mcc310-mnc210-de: Cannot utime: Operation not permitted
build	Cache Android SDK	2026-06-06T12:22:56.6352296Z /usr/bin/tar: ../../../../../usr/local/lib/android/sdk/platforms/android-36/data/res/values-mcc310-mnc210-de: Cannot change mode to rwxr-xr-x: Operation not permitted
build	Cache Android SDK	2026-06-06T12:22:56.6355064Z /usr/bin/tar: ../../../../../usr/local/lib/android/sdk/platforms/android-36/data/res/values-mcc310-mnc310-ko: Cannot utime: Operation not permitted
build	Cache Android SDK	2026-06-06T12:22:56.6355990Z /usr/bin/tar: ../../../../../usr/local/lib/android/sdk/platforms/android-36/data/res/values-mcc310-mnc310-ko: Cannot change mode to rwxr-xr-x: Operation not permitted
build	Cache Android SDK	2026-06-06T12:22:56.6362160Z /usr/bin/tar: ../../../../../usr/local/lib/android/sdk/platforms/android-36/data/res/values-mcc310-mnc220-sv: Cannot utime: Operation not permitted
build	Cache Android SDK	2026-06-06T12:22:56.6363572Z /usr/bin/tar: ../../../../../usr/local/lib/android/sdk/platforms/android-36/data/res/values-mcc310-mnc220-sv: Cannot change mode to rwxr-xr-x: Operation not permitted
build	Cache Android SDK	2026-06-06T12:22:56.6365902Z /usr/bin/tar: ../../../../../usr/local/lib/android/sdk/platforms/android-36/data/res/values-b+sr+Latn-television: Cannot utime: Operation not permitted
build	Cache Android SDK	2026-06-06T12:22:56.6367584Z /usr/bin/tar: ../../../../../usr/local/lib/android/sdk/platforms/android-36/data/res/values-b+sr+Latn-television: Cannot change mode to rwxr-xr-x: Operation not permitted
build	Cache Android SDK	2026-06-06T12:22:56.6369775Z /usr/bin/tar: ../../../../../usr/local/lib/android/sdk/platforms/android-36/data/res/values-mcc310-mnc660-fr-rCA: Cannot utime: Operation not permitted
build	Cache Android SDK	2026-06-06T12:22:56.6371214Z /usr/bin/tar: ../../../../../usr/local/lib/android/sdk/platforms/android-36/data/res/values-mcc310-mnc660-fr-rCA: Cannot change mode to rwxr-xr-x: Operation not permitted
build	Cache Android SDK	2026-06-06T12:22:56.6373699Z /usr/bin/tar: ../../../../../usr/local/lib/android/sdk/platforms/android-36/data/res/values-mcc310-mnc280-hy: Cannot utime: Operation not permitted
build	Cache Android SDK	2026-06-06T12:22:56.6375121Z /usr/bin/tar: ../../../../../usr/local/lib/android/sdk/platforms/android-36/data/res/values-mcc310-mnc280-hy: Cannot change mode to rwxr-xr-x: Operation not permitted
build	Cache Android SDK	2026-06-06T12:22:56.6377319Z /usr/bin/tar: ../../../../../usr/local/lib/android/sdk/platforms/android-36/data/res/values-mcc334-mnc020-zh-rTW: Cannot utime: Operation not permitted
build	Cache Android SDK	2026-06-06T12:22:56.6379258Z /usr/bin/tar: ../../../../../usr/local/lib/android/sdk/platforms/android-36/data/res/values-mcc334-mnc020-zh-rTW: Cannot change mode to rwxr-xr-x: Operation not permitted
build	Cache Android SDK	2026-06-06T12:22:56.6381137Z /usr/bin/tar: ../../../../../usr/local/lib/android/sdk/platforms/android-36/data/res/values-mcc310-mnc270-fr-rCA: Cannot utime: Operation not permitted
build	Cache Android SDK	2026-06-06T12:22:56.6382278Z /usr/bin/tar: ../../../../../usr/local/lib/android/sdk/platforms/android-36/data/res/values-mcc310-mnc270-fr-rCA: Cannot change mode to rwxr-xr-x: Operation not permitted
build	Cache Android SDK	2026-06-06T12:22:56.6384822Z /usr/bin/tar: ../../../../../usr/local/lib/android/sdk/platforms/android-36/data/res/values-mcc310-mnc410-de: Cannot utime: Operation not permitted
build	Cache Android SDK	2026-06-06T12:22:56.6385746Z /usr/bin/tar: ../../../../../usr/local/lib/android/sdk/platforms/android-36/data/res/values-mcc310-mnc410-de: Cannot change mode to rwxr-xr-x: Operation not permitted
build	Cache Android SDK	2026-06-06T12:22:56.6389371Z /usr/bin/tar: ../../../../../usr/local/lib/android/sdk/platforms/android-36/data/res/values-mcc310-mnc560-zh-rCN: Cannot utime: Operation not permitted
build	Cache Android SDK	2026-06-06T12:22:56.6390800Z /usr/bin/tar: ../../../../../usr/local/lib/android/sdk/platforms/android-36/data/res/values-mcc310-mnc560-zh-rCN: Cannot change mode to rwxr-xr-x: Operation not permitted
build	Cache Android SDK	2026-06-06T12:22:56.6395076Z /usr/bin/tar: ../../../../../usr/local/lib/android/sdk/platforms/android-36/data/res/values-mcc310-mnc240-th: Cannot utime: Operation not permitted
build	Cache Android SDK	2026-06-06T12:22:56.6396519Z /usr/bin/tar: ../../../../../usr/local/lib/android/sdk/platforms/android-36/data/res/values-mcc310-mnc240-th: Cannot change mode to rwxr-xr-x: Operation not permitted
build	Cache Android SDK	2026-06-06T12:22:56.6399439Z /usr/bin/tar: ../../../../../usr/local/lib/android/sdk/platforms/android-36/data/res/values-mcc310-mnc030-fr-rCA: Cannot utime: Operation not permitted
build	Cache Android SDK	2026-06-06T12:22:56.6401324Z /usr/bin/tar: ../../../../../usr/local/lib/android/sdk/platforms/android-36/data/res/values-mcc310-mnc030-fr-rCA: Cannot change mode to rwxr-xr-x: Operation not permitted
build	Cache Android SDK	2026-06-06T12:22:56.6403529Z /usr/bin/tar: ../../../../../usr/local/lib/android/sdk/platforms/android-36/data/res/values-mcc310-mnc380-en-rGB: Cannot utime: Operation not permitted
build	Cache Android SDK	2026-06-06T12:22:56.6404942Z /usr/bin/tar: ../../../../../usr/local/lib/android/sdk/platforms/android-36/data/res/values-mcc310-mnc380-en-rGB: Cannot change mode to rwxr-xr-x: Operation not permitted
build	Cache Android SDK	2026-06-06T12:22:56.6408046Z /usr/bin/tar: ../../../../../usr/local/lib/android/sdk/platforms/android-36/data/res/values-mcc310-mnc250-ms: Cannot utime: Operation not permitted
build	Cache Android SDK	2026-06-06T12:22:56.6409097Z /usr/bin/tar: ../../../../../usr/local/lib/android/sdk/platforms/android-36/data/res/values-mcc310-mnc250-ms: Cannot change mode to rwxr-xr-x: Operation not permitted
build	Cache Android SDK	2026-06-06T12:22:56.6411704Z /usr/bin/tar: ../../../../../usr/local/lib/android/sdk/platforms/android-36/data/res/values-zh-rCN-television: Cannot utime: Operation not permitted
build	Cache Android SDK	2026-06-06T12:22:56.6413153Z /usr/bin/tar: ../../../../../usr/local/lib/android/sdk/platforms/android-36/data/res/values-zh-rCN-television: Cannot change mode to rwxr-xr-x: Operation not permitted
build	Cache Android SDK	2026-06-06T12:22:56.6415234Z /usr/bin/tar: ../../../../../usr/local/lib/android/sdk/platforms/android-36/data/res/values-mcc310-mnc150-cs: Cannot utime: Operation not permitted
build	Cache Android SDK	2026-06-06T12:22:56.6416623Z /usr/bin/tar: ../../../../../usr/local/lib/android/sdk/platforms/android-36/data/res/values-mcc310-mnc150-cs: Cannot change mode to rwxr-xr-x: Operation not permitted
build	Cache Android SDK	2026-06-06T12:22:56.6419399Z /usr/bin/tar: ../../../../../usr/local/lib/android/sdk/platforms/android-36/data/res/values-mcc310-mnc200-lt: Cannot utime: Operation not permitted
build	Cache Android SDK	2026-06-06T12:22:56.6420805Z /usr/bin/tar: ../../../../../usr/local/lib/android/sdk/platforms/android-36/data/res/values-mcc310-mnc200-lt: Cannot change mode to rwxr-xr-x: Operation not permitted
build	Cache Android SDK	2026-06-06T12:22:56.6422805Z /usr/bin/tar: ../../../../../usr/local/lib/android/sdk/platforms/android-36/data/res/values-mcc310-mnc150-de: Cannot utime: Operation not permitted
build	Cache Android SDK	2026-06-06T12:22:56.6424314Z /usr/bin/tar: ../../../../../usr/local/lib/android/sdk/platforms/android-36/data/res/values-mcc310-mnc150-de: Cannot change mode to rwxr-xr-x: Operation not permitted
build	Cache Android SDK	2026-06-06T12:22:56.6426555Z /usr/bin/tar: ../../../../../usr/local/lib/android/sdk/platforms/android-36/data/res/values-mcc001-mnc01-ms: Cannot utime: Operation not permitted
build	Cache Android SDK	2026-06-06T12:22:56.6428060Z /usr/bin/tar: ../../../../../usr/local/lib/android/sdk/platforms/android-36/data/res/values-mcc001-mnc01-ms: Cannot change mode to rwxr-xr-x: Operation not permitted
build	Cache Android SDK	2026-06-06T12:22:56.6429983Z /usr/bin/tar: ../../../../../usr/local/lib/android/sdk/platforms/android-36/data/res/values-ta-watch: Cannot utime: Operation not permitted
build	Cache Android SDK	2026-06-06T12:22:56.6431317Z /usr/bin/tar: ../../../../../usr/local/lib/android/sdk/platforms/android-36/data/res/values-ta-watch: Cannot change mode to rwxr-xr-x: Operation not permitted
build	Cache Android SDK	2026-06-06T12:22:56.6433688Z /usr/bin/tar: ../../../../../usr/local/lib/android/sdk/platforms/android-36/data/res/values-mcc310-mnc160-is: Cannot utime: Operation not permitted
build	Cache Android SDK	2026-06-06T12:22:56.6435625Z /usr/bin/tar: ../../../../../usr/local/lib/android/sdk/platforms/android-36/data/res/values-mcc310-mnc160-is: Cannot change mode to rwxr-xr-x: Operation not permitted
build	Cache Android SDK	2026-06-06T12:22:56.6437875Z /usr/bin/tar: ../../../../../usr/local/lib/android/sdk/platforms/android-36/data/res/values-mcc310-mnc230-zu: Cannot utime: Operation not permitted
build	Cache Android SDK	2026-06-06T12:22:56.6439274Z /usr/bin/tar: ../../../../../usr/local/lib/android/sdk/platforms/android-36/data/res/values-mcc310-mnc230-zu: Cannot change mode to rwxr-xr-x: Operation not permitted
build	Cache Android SDK	2026-06-06T12:22:56.6441419Z /usr/bin/tar: ../../../../../usr/local/lib/android/sdk/platforms/android-36/data/res/values-mcc312-mnc670-ca: Cannot utime: Operation not permitted
build	Cache Android SDK	2026-06-06T12:22:56.6442783Z /usr/bin/tar: ../../../../../usr/local/lib/android/sdk/platforms/android-36/data/res/values-mcc312-mnc670-ca: Cannot change mode to rwxr-xr-x: Operation not permitted
build	Cache Android SDK	2026-06-06T12:22:56.6445172Z /usr/bin/tar: ../../../../../usr/local/lib/android/sdk/platforms/android-36/data/res/values-mcc302-mnc720-es: Cannot utime: Operation not permitted
build	Cache Android SDK	2026-06-06T12:22:56.6446561Z /usr/bin/tar: ../../../../../usr/local/lib/android/sdk/platforms/android-36/data/res/values-mcc302-mnc720-es: Cannot change mode to rwxr-xr-x: Operation not permitted
build	Cache Android SDK	2026-06-06T12:22:56.6448333Z /usr/bin/tar: ../../../../../usr/local/lib/android/sdk/platforms/android-36/data/res/values-mcc310-mnc280-zh-rHK: Cannot utime: Operation not permitted
build	Cache Android SDK	2026-06-06T12:22:56.6449774Z /usr/bin/tar: ../../../../../usr/local/lib/android/sdk/platforms/android-36/data/res/values-mcc310-mnc280-zh-rHK: Cannot change mode to rwxr-xr-x: Operation not permitted
build	Cache Android SDK	2026-06-06T12:22:56.6452155Z /usr/bin/tar: ../../../../../usr/local/lib/android/sdk/platforms/android-36/data/res/values-mcc334-mnc020-en-rIN: Cannot utime: Operation not permitted
build	Cache Android SDK	2026-06-06T12:22:56.6453579Z /usr/bin/tar: ../../../../../usr/local/lib/android/sdk/platforms/android-36/data/res/values-mcc334-mnc020-en-rIN: Cannot change mode to rwxr-xr-x: Operation not permitted
build	Cache Android SDK	2026-06-06T12:22:56.6455414Z /usr/bin/tar: ../../../../../usr/local/lib/android/sdk/platforms/android-36/data/res/values-mcc001-mnc01-bg: Cannot utime: Operation not permitted
build	Cache Android SDK	2026-06-06T12:22:56.6456788Z /usr/bin/tar: ../../../../../usr/local/lib/android/sdk/platforms/android-36/data/res/values-mcc001-mnc01-bg: Cannot change mode to rwxr-xr-x: Operation not permitted
build	Cache Android SDK	2026-06-06T12:22:56.6459866Z /usr/bin/tar: ../../../../../usr/local/lib/android/sdk/platforms/android-36/data/res/values-mcc312: Cannot utime: Operation not permitted
build	Cache Android SDK	2026-06-06T12:22:56.6461230Z /usr/bin/tar: ../../../../../usr/local/lib/android/sdk/platforms/android-36/data/res/values-mcc312: Cannot change mode to rwxr-xr-x: Operation not permitted
build	Cache Android SDK	2026-06-06T12:22:56.6468246Z /usr/bin/tar: ../../../../../usr/local/lib/android/sdk/platforms/android-36/data/res/raw-ko: Cannot utime: Operation not permitted
build	Cache Android SDK	2026-06-06T12:22:56.6469239Z /usr/bin/tar: ../../../../../usr/local/lib/android/sdk/platforms/android-36/data/res/raw-ko: Cannot change mode to rwxr-xr-x: Operation not permitted
build	Cache Android SDK	2026-06-06T12:22:56.6472748Z /usr/bin/tar: ../../../../../usr/local/lib/android/sdk/platforms/android-36/data/res/values-mcc466-mnc07: Cannot utime: Operation not permitted
build	Cache Android SDK	2026-06-06T12:22:56.6474250Z /usr/bin/tar: ../../../../../usr/local/lib/android/sdk/platforms/android-36/data/res/values-mcc466-mnc07: Cannot change mode to rwxr-xr-x: Operation not permitted
build	Cache Android SDK	2026-06-06T12:22:56.7055666Z /usr/bin/tar: ../../../../../usr/local/lib/android/sdk/platforms/android-36/data/res/drawable-mdpi: Cannot utime: Operation not permitted
build	Cache Android SDK	2026-06-06T12:22:56.7057065Z /usr/bin/tar: ../../../../../usr/local/lib/android/sdk/platforms/android-36/data/res/drawable-mdpi: Cannot change mode to rwxr-xr-x: Operation not permitted
build	Cache Android SDK	2026-06-06T12:22:56.7060654Z /usr/bin/tar: ../../../../../usr/local/lib/android/sdk/platforms/android-36/data/res/values-mcc310-mnc170-gu: Cannot utime: Operation not permitted
build	Cache Android SDK	2026-06-06T12:22:56.7061627Z /usr/bin/tar: ../../../../../usr/local/lib/android/sdk/platforms/android-36/data/res/values-mcc310-mnc170-gu: Cannot change mode to rwxr-xr-x: Operation not permitted
build	Cache Android SDK	2026-06-06T12:22:56.7066463Z /usr/bin/tar: ../../../../../usr/local/lib/android/sdk/platforms/android-36/data/res/values-mcc313-mnc100-bg: Cannot utime: Operation not permitted
build	Cache Android SDK	2026-06-06T12:22:56.7067520Z /usr/bin/tar: ../../../../../usr/local/lib/android/sdk/platforms/android-36/data/res/values-mcc313-mnc100-bg: Cannot change mode to rwxr-xr-x: Operation not permitted
build	Cache Android SDK	2026-06-06T12:22:56.7069639Z /usr/bin/tar: ../../../../../usr/local/lib/android/sdk/platforms/android-36/data/res/values-mcc312-mnc670-hr: Cannot utime: Operation not permitted
build	Cache Android SDK	2026-06-06T12:22:56.7070575Z /usr/bin/tar: ../../../../../usr/local/lib/android/sdk/platforms/android-36/data/res/values-mcc312-mnc670-hr: Cannot change mode to rwxr-xr-x: Operation not permitted
build	Cache Android SDK	2026-06-06T12:22:56.7075396Z /usr/bin/tar: ../../../../../usr/local/lib/android/sdk/platforms/android-36/data/res/values-mcc310-mnc170-bs: Cannot utime: Operation not permitted
build	Cache Android SDK	2026-06-06T12:22:56.7076325Z /usr/bin/tar: ../../../../../usr/local/lib/android/sdk/platforms/android-36/data/res/values-mcc310-mnc170-bs: Cannot change mode to rwxr-xr-x: Operation not permitted
build	Cache Android SDK	2026-06-06T12:22:56.7080675Z /usr/bin/tar: ../../../../../usr/local/lib/android/sdk/platforms/android-36/data/res/values-mcc310-mnc030-bn: Cannot utime: Operation not permitted
build	Cache Android SDK	2026-06-06T12:22:56.7081719Z /usr/bin/tar: ../../../../../usr/local/lib/android/sdk/platforms/android-36/data/res/values-mcc310-mnc030-bn: Cannot change mode to rwxr-xr-x: Operation not permitted
build	Cache Android SDK	2026-06-06T12:22:56.7083352Z /usr/bin/tar: ../../../../../usr/local/lib/android/sdk/platforms/android-36/data/res/values-mcc310-mnc230-lt: Cannot utime: Operation not permitted
build	Cache Android SDK	2026-06-06T12:22:56.7084279Z /usr/bin/tar: ../../../../../usr/local/lib/android/sdk/platforms/android-36/data/res/values-mcc310-mnc230-lt: Cannot change mode to rwxr-xr-x: Operation not permitted
build	Cache Android SDK	2026-06-06T12:22:56.7089172Z /usr/bin/tar: ../../../../../usr/local/lib/android/sdk/platforms/android-36/data/res/values-mcc310-mnc150-vi: Cannot utime: Operation not permitted
build	Cache Android SDK	2026-06-06T12:22:56.7089635Z /usr/bin/tar: ../../../../../usr/local/lib/android/sdk/platforms/android-36/data/res/values-mcc310-mnc150-vi: Cannot change mode to rwxr-xr-x: Operation not permitted
build	Cache Android SDK	2026-06-06T12:22:56.7094022Z /usr/bin/tar: ../../../../../usr/local/lib/android/sdk/platforms/android-36/data/res/values-mcc001-mnc01-el: Cannot utime: Operation not permitted
build	Cache Android SDK	2026-06-06T12:22:56.7094569Z /usr/bin/tar: ../../../../../usr/local/lib/android/sdk/platforms/android-36/data/res/values-mcc001-mnc01-el: Cannot change mode to rwxr-xr-x: Operation not permitted
build	Cache Android SDK	2026-06-06T12:22:56.7097656Z /usr/bin/tar: ../../../../../usr/local/lib/android/sdk/platforms/android-36/data/res/values-mcc310-mnc230-ca: Cannot utime: Operation not permitted
build	Cache Android SDK	2026-06-06T12:22:56.7098335Z /usr/bin/tar: ../../../../../usr/local/lib/android/sdk/platforms/android-36/data/res/values-mcc310-mnc230-ca: Cannot change mode to rwxr-xr-x: Operation not permitted
build	Cache Android SDK	2026-06-06T12:22:56.7104477Z /usr/bin/tar: ../../../../../usr/local/lib/android/sdk/platforms/android-36/data/res/values-mcc310-mnc200-el: Cannot utime: Operation not permitted
build	Cache Android SDK	2026-06-06T12:22:56.7104963Z /usr/bin/tar: ../../../../../usr/local/lib/android/sdk/platforms/android-36/data/res/values-mcc310-mnc200-el: Cannot change mode to rwxr-xr-x: Operation not permitted
build	Cache Android SDK	2026-06-06T12:22:56.7109548Z /usr/bin/tar: ../../../../../usr/local/lib/android/sdk/platforms/android-36/data/res/values-mcc310-mnc160-lv: Cannot utime: Operation not permitted
build	Cache Android SDK	2026-06-06T12:22:56.7110019Z /usr/bin/tar: ../../../../../usr/local/lib/android/sdk/platforms/android-36/data/res/values-mcc310-mnc160-lv: Cannot change mode to rwxr-xr-x: Operation not permitted
build	Cache Android SDK	2026-06-06T12:22:56.7115472Z /usr/bin/tar: ../../../../../usr/local/lib/android/sdk/platforms/android-36/data/res/values-mcc310-mnc220-ko: Cannot utime: Operation not permitted
build	Cache Android SDK	2026-06-06T12:22:56.7115979Z /usr/bin/tar: ../../../../../usr/local/lib/android/sdk/platforms/android-36/data/res/values-mcc310-mnc220-ko: Cannot change mode to rwxr-xr-x: Operation not permitted
build	Cache Android SDK	2026-06-06T12:22:56.7120735Z /usr/bin/tar: ../../../../../usr/local/lib/android/sdk/platforms/android-36/data/res/values-mcc310-mnc280-pl: Cannot utime: Operation not permitted
build	Cache Android SDK	2026-06-06T12:22:56.7121203Z /usr/bin/tar: ../../../../../usr/local/lib/android/sdk/platforms/android-36/data/res/values-mcc310-mnc280-pl: Cannot change mode to rwxr-xr-x: Operation not permitted
build	Cache Android SDK	2026-06-06T12:22:56.7126357Z /usr/bin/tar: ../../../../../usr/local/lib/android/sdk/platforms/android-36/data/res/values-nl-rNL: Cannot utime: Operation not permitted
build	Cache Android SDK	2026-06-06T12:22:56.7126799Z /usr/bin/tar: ../../../../../usr/local/lib/android/sdk/platforms/android-36/data/res/values-nl-rNL: Cannot change mode to rwxr-xr-x: Operation not permitted
build	Cache Android SDK	2026-06-06T12:22:56.7134330Z /usr/bin/tar: ../../../../../usr/local/lib/android/sdk/platforms/android-36/data/res/values-mcc001-mnc01-es-rUS: Cannot utime: Operation not permitted
build	Cache Android SDK	2026-06-06T12:22:56.7134936Z /usr/bin/tar: ../../../../../usr/local/lib/android/sdk/platforms/android-36/data/res/values-mcc001-mnc01-es-rUS: Cannot change mode to rwxr-xr-x: Operation not permitted
build	Cache Android SDK	2026-06-06T12:22:56.7138287Z /usr/bin/tar: ../../../../../usr/local/lib/android/sdk/platforms/android-36/data/res/values-mcc302-mnc370-gu: Cannot utime: Operation not permitted
build	Cache Android SDK	2026-06-06T12:22:56.7138794Z /usr/bin/tar: ../../../../../usr/local/lib/android/sdk/platforms/android-36/data/res/values-mcc302-mnc370-gu: Cannot change mode to rwxr-xr-x: Operation not permitted
build	Cache Android SDK	2026-06-06T12:22:56.7143105Z /usr/bin/tar: ../../../../../usr/local/lib/android/sdk/platforms/android-36/data/res/values-mcc310-mnc490-b+sr+Latn: Cannot utime: Operation not permitted
build	Cache Android SDK	2026-06-06T12:22:56.7143611Z /usr/bin/tar: ../../../../../usr/local/lib/android/sdk/platforms/android-36/data/res/values-mcc310-mnc490-b+sr+Latn: Cannot change mode to rwxr-xr-x: Operation not permitted
build	Cache Android SDK	2026-06-06T12:22:56.7146658Z /usr/bin/tar: ../../../../../usr/local/lib/android/sdk/platforms/android-36/data/res/values-mcc310-mnc950-uk: Cannot utime: Operation not permitted
build	Cache Android SDK	2026-06-06T12:22:56.7147120Z /usr/bin/tar: ../../../../../usr/local/lib/android/sdk/platforms/android-36/data/res/values-mcc310-mnc950-uk: Cannot change mode to rwxr-xr-x: Operation not permitted
build	Cache Android SDK	2026-06-06T12:22:56.7151586Z /usr/bin/tar: ../../../../../usr/local/lib/android/sdk/platforms/android-36/data/res/values-mcc310-mnc660-ml: Cannot utime: Operation not permitted
build	Cache Android SDK	2026-06-06T12:22:56.7152040Z /usr/bin/tar: ../../../../../usr/local/lib/android/sdk/platforms/android-36/data/res/values-mcc310-mnc660-ml: Cannot change mode to rwxr-xr-x: Operation not permitted
build	Cache Android SDK	2026-06-06T12:22:56.7155234Z /usr/bin/tar: ../../../../../usr/local/lib/android/sdk/platforms/android-36/data/res/values-mcc314: Cannot utime: Operation not permitted
build	Cache Android SDK	2026-06-06T12:22:56.7155805Z /usr/bin/tar: ../../../../../usr/local/lib/android/sdk/platforms/android-36/data/res/values-mcc314: Cannot change mode to rwxr-xr-x: Operation not permitted
build	Cache Android SDK	2026-06-06T12:22:56.7159011Z /usr/bin/tar: ../../../../../usr/local/lib/android/sdk/platforms/android-36/data/res/values-mcc310-mnc200-te: Cannot utime: Operation not permitted
build	Cache Android SDK	2026-06-06T12:22:56.7159478Z /usr/bin/tar: ../../../../../usr/local/lib/android/sdk/platforms/android-36/data/res/values-mcc310-mnc200-te: Cannot change mode to rwxr-xr-x: Operation not permitted
build	Cache Android SDK	2026-06-06T12:22:56.7162063Z /usr/bin/tar: ../../../../../usr/local/lib/android/sdk/platforms/android-36/data/res/values-es-rUS-feminine: Cannot utime: Operation not permitted
build	Cache Android SDK	2026-06-06T12:22:56.7162524Z /usr/bin/tar: ../../../../../usr/local/lib/android/sdk/platforms/android-36/data/res/values-es-rUS-feminine: Cannot change mode to rwxr-xr-x: Operation not permitted
build	Cache Android SDK	2026-06-06T12:22:56.7165480Z /usr/bin/tar: ../../../../../usr/local/lib/android/sdk/platforms/android-36/data/res/values-mcc311-mnc180-nb: Cannot utime: Operation not permitted
build	Cache Android SDK	2026-06-06T12:22:56.7165983Z /usr/bin/tar: ../../../../../usr/local/lib/android/sdk/platforms/android-36/data/res/values-mcc311-mnc180-nb: Cannot change mode to rwxr-xr-x: Operation not permitted
build	Cache Android SDK	2026-06-06T12:22:56.7169361Z /usr/bin/tar: ../../../../../usr/local/lib/android/sdk/platforms/android-36/data/res/values-mcc310-mnc250-zh-rHK: Cannot utime: Operation not permitted
build	Cache Android SDK	2026-06-06T12:22:56.7169854Z /usr/bin/tar: ../../../../../usr/local/lib/android/sdk/platforms/android-36/data/res/values-mcc310-mnc250-zh-rHK: Cannot change mode to rwxr-xr-x: Operation not permitted
build	Cache Android SDK	2026-06-06T12:22:56.7172424Z /usr/bin/tar: ../../../../../usr/local/lib/android/sdk/platforms/android-36/data/res/values-mcc310-mnc310-lo: Cannot utime: Operation not permitted
build	Cache Android SDK	2026-06-06T12:22:56.7172898Z /usr/bin/tar: ../../../../../usr/local/lib/android/sdk/platforms/android-36/data/res/values-mcc310-mnc310-lo: Cannot change mode to rwxr-xr-x: Operation not permitted
build	Cache Android SDK	2026-06-06T12:22:56.7176287Z /usr/bin/tar: ../../../../../usr/local/lib/android/sdk/platforms/android-36/data/res/values-mcc001-mnc01-pt-rBR: Cannot utime: Operation not permitted
build	Cache Android SDK	2026-06-06T12:22:56.7176781Z /usr/bin/tar: ../../../../../usr/local/lib/android/sdk/platforms/android-36/data/res/values-mcc001-mnc01-pt-rBR: Cannot change mode to rwxr-xr-x: Operation not permitted
build	Cache Android SDK	2026-06-06T12:22:56.7179944Z /usr/bin/tar: ../../../../../usr/local/lib/android/sdk/platforms/android-36/data/res/values-mcc310-mnc660-ja: Cannot utime: Operation not permitted
build	Cache Android SDK	2026-06-06T12:22:56.7180413Z /usr/bin/tar: ../../../../../usr/local/lib/android/sdk/platforms/android-36/data/res/values-mcc310-mnc660-ja: Cannot change mode to rwxr-xr-x: Operation not permitted
build	Cache Android SDK	2026-06-06T12:22:56.7184521Z /usr/bin/tar: ../../../../../usr/local/lib/android/sdk/platforms/android-36/data/res/values-mcc310-mnc280-bg: Cannot utime: Operation not permitted
build	Cache Android SDK	2026-06-06T12:22:56.7184997Z /usr/bin/tar: ../../../../../usr/local/lib/android/sdk/platforms/android-36/data/res/values-mcc310-mnc280-bg: Cannot change mode to rwxr-xr-x: Operation not permitted
build	Cache Android SDK	2026-06-06T12:22:56.7190071Z /usr/bin/tar: ../../../../../usr/local/lib/android/sdk/platforms/android-36/data/res/values-mcc310-mnc800-am: Cannot utime: Operation not permitted
build	Cache Android SDK	2026-06-06T12:22:56.7190536Z /usr/bin/tar: ../../../../../usr/local/lib/android/sdk/platforms/android-36/data/res/values-mcc310-mnc800-am: Cannot change mode to rwxr-xr-x: Operation not permitted
build	Cache Android SDK	2026-06-06T12:22:56.7195192Z /usr/bin/tar: ../../../../../usr/local/lib/android/sdk/platforms/android-36/data/res/values-mcc310-mnc170-vi: Cannot utime: Operation not permitted
build	Cache Android SDK	2026-06-06T12:22:56.7195666Z /usr/bin/tar: ../../../../../usr/local/lib/android/sdk/platforms/android-36/data/res/values-mcc310-mnc170-vi: Cannot change mode to rwxr-xr-x: Operation not permitted
build	Cache Android SDK	2026-06-06T12:22:56.7198546Z /usr/bin/tar: ../../../../../usr/local/lib/android/sdk/platforms/android-36/data/res/values-mcc310-mnc310-zu: Cannot utime: Operation not permitted
build	Cache Android SDK	2026-06-06T12:22:56.7199118Z /usr/bin/tar: ../../../../../usr/local/lib/android/sdk/platforms/android-36/data/res/values-mcc310-mnc310-zu: Cannot change mode to rwxr-xr-x: Operation not permitted
build	Cache Android SDK	2026-06-06T12:22:56.7202901Z /usr/bin/tar: ../../../../../usr/local/lib/android/sdk/platforms/android-36/data/res/values-mcc310-mnc160-bs: Cannot utime: Operation not permitted
build	Cache Android SDK	2026-06-06T12:22:56.7203409Z /usr/bin/tar: ../../../../../usr/local/lib/android/sdk/platforms/android-36/data/res/values-mcc310-mnc160-bs: Cannot change mode to rwxr-xr-x: Operation not permitted
build	Cache Android SDK	2026-06-06T12:22:56.7206742Z /usr/bin/tar: ../../../../../usr/local/lib/android/sdk/platforms/android-36/data/res/anim-watch: Cannot utime: Operation not permitted
build	Cache Android SDK	2026-06-06T12:22:56.7207248Z /usr/bin/tar: ../../../../../usr/local/lib/android/sdk/platforms/android-36/data/res/anim-watch: Cannot change mode to rwxr-xr-x: Operation not permitted
build	Cache Android SDK	2026-06-06T12:22:56.7210904Z /usr/bin/tar: ../../../../../usr/local/lib/android/sdk/platforms/android-36/data/res/values-mcc334-mnc020-en-rCA: Cannot utime: Operation not permitted
build	Cache Android SDK	2026-06-06T12:22:56.7211406Z /usr/bin/tar: ../../../../../usr/local/lib/android/sdk/platforms/android-36/data/res/values-mcc334-mnc020-en-rCA: Cannot change mode to rwxr-xr-x: Operation not permitted
build	Cache Android SDK	2026-06-06T12:22:56.7216825Z /usr/bin/tar: ../../../../../usr/local/lib/android/sdk/platforms/android-36/data/res/values-lv-television: Cannot utime: Operation not permitted
build	Cache Android SDK	2026-06-06T12:22:56.7217309Z /usr/bin/tar: ../../../../../usr/local/lib/android/sdk/platforms/android-36/data/res/values-lv-television: Cannot change mode to rwxr-xr-x: Operation not permitted
build	Cache Android SDK	2026-06-06T12:22:56.7220669Z /usr/bin/tar: ../../../../../usr/local/lib/android/sdk/platforms/android-36/data/res/values-mcc310-mnc210-ko: Cannot utime: Operation not permitted
build	Cache Android SDK	2026-06-06T12:22:56.7221189Z /usr/bin/tar: ../../../../../usr/local/lib/android/sdk/platforms/android-36/data/res/values-mcc310-mnc210-ko: Cannot change mode to rwxr-xr-x: Operation not permitted
build	Cache Android SDK	2026-06-06T12:22:56.7224761Z /usr/bin/tar: ../../../../../usr/local/lib/android/sdk/platforms/android-36/data/res/values-mcc310-mnc150-fr-rCA: Cannot utime: Operation not permitted
build	Cache Android SDK	2026-06-06T12:22:56.7225251Z /usr/bin/tar: ../../../../../usr/local/lib/android/sdk/platforms/android-36/data/res/values-mcc310-mnc150-fr-rCA: Cannot change mode to rwxr-xr-x: Operation not permitted
build	Cache Android SDK	2026-06-06T12:22:56.7228017Z /usr/bin/tar: ../../../../../usr/local/lib/android/sdk/platforms/android-36/data/res/values-mcc310-mnc030-pt-rBR: Cannot utime: Operation not permitted
build	Cache Android SDK	2026-06-06T12:22:56.7228510Z /usr/bin/tar: ../../../../../usr/local/lib/android/sdk/platforms/android-36/data/res/values-mcc310-mnc030-pt-rBR: Cannot change mode to rwxr-xr-x: Operation not permitted
build	Cache Android SDK	2026-06-06T12:22:56.7231636Z /usr/bin/tar: ../../../../../usr/local/lib/android/sdk/platforms/android-36/data/res/values-mcc334-mnc020-lv: Cannot utime: Operation not permitted
build	Cache Android SDK	2026-06-06T12:22:56.7232138Z /usr/bin/tar: ../../../../../usr/local/lib/android/sdk/platforms/android-36/data/res/values-mcc334-mnc020-lv: Cannot change mode to rwxr-xr-x: Operation not permitted
build	Cache Android SDK	2026-06-06T12:22:56.7235195Z /usr/bin/tar: ../../../../../usr/local/lib/android/sdk/platforms/android-36/data/res/values-hr-watch: Cannot utime: Operation not permitted
build	Cache Android SDK	2026-06-06T12:22:56.7235675Z /usr/bin/tar: ../../../../../usr/local/lib/android/sdk/platforms/android-36/data/res/values-hr-watch: Cannot change mode to rwxr-xr-x: Operation not permitted
build	Cache Android SDK	2026-06-06T12:22:56.7239262Z /usr/bin/tar: ../../../../../usr/local/lib/android/sdk/platforms/android-36/data/res/values-mcc310-mnc380-lo: Cannot utime: Operation not permitted
build	Cache Android SDK	2026-06-06T12:22:56.7239729Z /usr/bin/tar: ../../../../../usr/local/lib/android/sdk/platforms/android-36/data/res/values-mcc310-mnc380-lo: Cannot change mode to rwxr-xr-x: Operation not permitted
build	Cache Android SDK	2026-06-06T12:22:56.7244017Z /usr/bin/tar: ../../../../../usr/local/lib/android/sdk/platforms/android-36/data/res/values-mcc311-mnc180-mk: Cannot utime: Operation not permitted
build	Cache Android SDK	2026-06-06T12:22:56.7244639Z /usr/bin/tar: ../../../../../usr/local/lib/android/sdk/platforms/android-36/data/res/values-mcc311-mnc180-mk: Cannot change mode to rwxr-xr-x: Operation not permitted
build	Cache Android SDK	2026-06-06T12:22:56.7251627Z /usr/bin/tar: ../../../../../usr/local/lib/android/sdk/platforms/android-36/data/res/values-mcc310-mnc170-ro: Cannot utime: Operation not permitted
build	Cache Android SDK	2026-06-06T12:22:56.7252114Z /usr/bin/tar: ../../../../../usr/local/lib/android/sdk/platforms/android-36/data/res/values-mcc310-mnc170-ro: Cannot change mode to rwxr-xr-x: Operation not permitted
build	Cache Android SDK	2026-06-06T12:22:56.7255179Z /usr/bin/tar: ../../../../../usr/local/lib/android/sdk/platforms/android-36/data/res/values-mcc310-mnc200-bn: Cannot utime: Operation not permitted
build	Cache Android SDK	2026-06-06T12:22:56.7255642Z /usr/bin/tar: ../../../../../usr/local/lib/android/sdk/platforms/android-36/data/res/values-mcc310-mnc200-bn: Cannot change mode to rwxr-xr-x: Operation not permitted
build	Cache Android SDK	2026-06-06T12:22:56.7259509Z /usr/bin/tar: ../../../../../usr/local/lib/android/sdk/platforms/android-36/data/res/values-mcc310-mnc250: Cannot utime: Operation not permitted
build	Cache Android SDK	2026-06-06T12:22:56.7259981Z /usr/bin/tar: ../../../../../usr/local/lib/android/sdk/platforms/android-36/data/res/values-mcc310-mnc250: Cannot change mode to rwxr-xr-x: Operation not permitted
build	Cache Android SDK	2026-06-06T12:22:56.7264409Z /usr/bin/tar: ../../../../../usr/local/lib/android/sdk/platforms/android-36/data/res/values-mcc310-mnc660-ru: Cannot utime: Operation not permitted
build	Cache Android SDK	2026-06-06T12:22:56.7264877Z /usr/bin/tar: ../../../../../usr/local/lib/android/sdk/platforms/android-36/data/res/values-mcc310-mnc660-ru: Cannot change mode to rwxr-xr-x: Operation not permitted
build	Cache Android SDK	2026-06-06T12:22:56.7269226Z /usr/bin/tar: ../../../../../usr/local/lib/android/sdk/platforms/android-36/data/res/values-mcc310-mnc220-pa: Cannot utime: Operation not permitted
build	Cache Android SDK	2026-06-06T12:22:56.7269690Z /usr/bin/tar: ../../../../../usr/local/lib/android/sdk/platforms/android-36/data/res/values-mcc310-mnc220-pa: Cannot change mode to rwxr-xr-x: Operation not permitted
build	Cache Android SDK	2026-06-06T12:22:56.7273665Z /usr/bin/tar: ../../../../../usr/local/lib/android/sdk/platforms/android-36/data/res/values-w204dp-round-watch: Cannot utime: Operation not permitted
build	Cache Android SDK	2026-06-06T12:22:56.7274164Z /usr/bin/tar: ../../../../../usr/local/lib/android/sdk/platforms/android-36/data/res/values-w204dp-round-watch: Cannot change mode to rwxr-xr-x: Operation not permitted
build	Cache Android SDK	2026-06-06T12:22:56.7277794Z /usr/bin/tar: ../../../../../usr/local/lib/android/sdk/platforms/android-36/data/res/values-mcc310-mnc800-ja: Cannot utime: Operation not permitted
build	Cache Android SDK	2026-06-06T12:22:56.7278263Z /usr/bin/tar: ../../../../../usr/local/lib/android/sdk/platforms/android-36/data/res/values-mcc310-mnc800-ja: Cannot change mode to rwxr-xr-x: Operation not permitted
build	Cache Android SDK	2026-06-06T12:22:56.7285122Z /usr/bin/tar: ../../../../../usr/local/lib/android/sdk/platforms/android-36/data/res/values-mcc310-mnc490-is: Cannot utime: Operation not permitted
build	Cache Android SDK	2026-06-06T12:22:56.7285729Z /usr/bin/tar: ../../../../../usr/local/lib/android/sdk/platforms/android-36/data/res/values-mcc310-mnc490-is: Cannot change mode to rwxr-xr-x: Operation not permitted
build	Cache Android SDK	2026-06-06T12:22:56.7286129Z /usr/bin/tar: ../../../../../usr/local/lib/android/sdk/platforms/android-36/data/res/values-mcc302-mnc720-fi: Cannot utime: Operation not permitted
build	Cache Android SDK	2026-06-06T12:22:56.7286586Z /usr/bin/tar: ../../../../../usr/local/lib/android/sdk/platforms/android-36/data/res/values-mcc302-mnc720-fi: Cannot change mode to rwxr-xr-x: Operation not permitted
build	Cache Android SDK	2026-06-06T12:22:56.7289633Z /usr/bin/tar: ../../../../../usr/local/lib/android/sdk/platforms/android-36/data/res/values-mcc310-mnc270-mn: Cannot utime: Operation not permitted
build	Cache Android SDK	2026-06-06T12:22:56.7290104Z /usr/bin/tar: ../../../../../usr/local/lib/android/sdk/platforms/android-36/data/res/values-mcc310-mnc270-mn: Cannot change mode to rwxr-xr-x: Operation not permitted
build	Cache Android SDK	2026-06-06T12:22:56.7293257Z /usr/bin/tar: ../../../../../usr/local/lib/android/sdk/platforms/android-36/data/res/values-mcc312-mnc670-ar: Cannot utime: Operation not permitted
build	Cache Android SDK	2026-06-06T12:22:56.7293831Z /usr/bin/tar: ../../../../../usr/local/lib/android/sdk/platforms/android-36/data/res/values-mcc312-mnc670-ar: Cannot change mode to rwxr-xr-x: Operation not permitted
build	Cache Android SDK	2026-06-06T12:22:56.7296760Z /usr/bin/tar: ../../../../../usr/local/lib/android/sdk/platforms/android-36/data/res/values-mcc313-mnc100-hu: Cannot utime: Operation not permitted
build	Cache Android SDK	2026-06-06T12:22:56.7297237Z /usr/bin/tar: ../../../../../usr/local/lib/android/sdk/platforms/android-36/data/res/values-mcc313-mnc100-hu: Cannot change mode to rwxr-xr-x: Operation not permitted
build	Cache Android SDK	2026-06-06T12:22:56.7300601Z /usr/bin/tar: ../../../../../usr/local/lib/android/sdk/platforms/android-36/data/res/values-in-television: Cannot utime: Operation not permitted
build	Cache Android SDK	2026-06-06T12:22:56.7301054Z /usr/bin/tar: ../../../../../usr/local/lib/android/sdk/platforms/android-36/data/res/values-in-television: Cannot change mode to rwxr-xr-x: Operation not permitted
build	Cache Android SDK	2026-06-06T12:22:56.7308829Z /usr/bin/tar: ../../../../../usr/local/lib/android/sdk/platforms/android-36/data/res/values-or: Cannot utime: Operation not permitted
build	Cache Android SDK	2026-06-06T12:22:56.7309397Z /usr/bin/tar: ../../../../../usr/local/lib/android/sdk/platforms/android-36/data/res/values-or: Cannot change mode to rwxr-xr-x: Operation not permitted
build	Cache Android SDK	2026-06-06T12:22:56.7311499Z /usr/bin/tar: ../../../../../usr/local/lib/android/sdk/platforms/android-36/data/res/values-mcc310-mnc230-b+sr+Latn: Cannot utime: Operation not permitted
build	Cache Android SDK	2026-06-06T12:22:56.7312107Z /usr/bin/tar: ../../../../../usr/local/lib/android/sdk/platforms/android-36/data/res/values-mcc310-mnc230-b+sr+Latn: Cannot change mode to rwxr-xr-x: Operation not permitted
build	Cache Android SDK	2026-06-06T12:22:56.7315186Z /usr/bin/tar: ../../../../../usr/local/lib/android/sdk/platforms/android-36/data/res/values-mcc222-mnc10: Cannot utime: Operation not permitted
build	Cache Android SDK	2026-06-06T12:22:56.7315676Z /usr/bin/tar: ../../../../../usr/local/lib/android/sdk/platforms/android-36/data/res/values-mcc222-mnc10: Cannot change mode to rwxr-xr-x: Operation not permitted
build	Cache Android SDK	2026-06-06T12:22:56.7317689Z /usr/bin/tar: ../../../../../usr/local/lib/android/sdk/platforms/android-36/data/res/values-mcc310-mnc310-ru: Cannot utime: Operation not permitted
build	Cache Android SDK	2026-06-06T12:22:56.7318224Z /usr/bin/tar: ../../../../../usr/local/lib/android/sdk/platforms/android-36/data/res/values-mcc310-mnc310-ru: Cannot change mode to rwxr-xr-x: Operation not permitted
build	Cache Android SDK	2026-06-06T12:22:56.7319948Z /usr/bin/tar: ../../../../../usr/local/lib/android/sdk/platforms/android-36/data/res/values-mcc310-mnc240-sk: Cannot utime: Operation not permitted
build	Cache Android SDK	2026-06-06T12:22:56.7320427Z /usr/bin/tar: ../../../../../usr/local/lib/android/sdk/platforms/android-36/data/res/values-mcc310-mnc240-sk: Cannot change mode to rwxr-xr-x: Operation not permitted
build	Cache Android SDK	2026-06-06T12:22:56.7325209Z /usr/bin/tar: ../../../../../usr/local/lib/android/sdk/platforms/android-36/data/res/values-mcc310-mnc210-fa: Cannot utime: Operation not permitted
build	Cache Android SDK	2026-06-06T12:22:56.7325736Z /usr/bin/tar: ../../../../../usr/local/lib/android/sdk/platforms/android-36/data/res/values-mcc310-mnc210-fa: Cannot change mode to rwxr-xr-x: Operation not permitted
build	Cache Android SDK	2026-06-06T12:22:56.7331567Z /usr/bin/tar: ../../../../../usr/local/lib/android/sdk/platforms/android-36/data/res/values-mcc310-mnc200-et: Cannot utime: Operation not permitted
build	Cache Android SDK	2026-06-06T12:22:56.7332055Z /usr/bin/tar: ../../../../../usr/local/lib/android/sdk/platforms/android-36/data/res/values-mcc310-mnc200-et: Cannot change mode to rwxr-xr-x: Operation not permitted
build	Cache Android SDK	2026-06-06T12:22:56.7339064Z /usr/bin/tar: ../../../../../usr/local/lib/android/sdk/platforms/android-36/data/res/values-ko: Cannot utime: Operation not permitted
build	Cache Android SDK	2026-06-06T12:22:56.7339575Z /usr/bin/tar: ../../../../../usr/local/lib/android/sdk/platforms/android-36/data/res/values-ko: Cannot change mode to rwxr-xr-x: Operation not permitted
build	Cache Android SDK	2026-06-06T12:22:56.7343803Z /usr/bin/tar: ../../../../../usr/local/lib/android/sdk/platforms/android-36/data/res/values-en-rAU-television: Cannot utime: Operation not permitted
build	Cache Android SDK	2026-06-06T12:22:56.7344454Z /usr/bin/tar: ../../../../../usr/local/lib/android/sdk/platforms/android-36/data/res/values-en-rAU-television: Cannot change mode to rwxr-xr-x: Operation not permitted
build	Cache Android SDK	2026-06-06T12:22:56.7347920Z /usr/bin/tar: ../../../../../usr/local/lib/android/sdk/platforms/android-36/data/res/values-hy-watch: Cannot utime: Operation not permitted
build	Cache Android SDK	2026-06-06T12:22:56.7348450Z /usr/bin/tar: ../../../../../usr/local/lib/android/sdk/platforms/android-36/data/res/values-hy-watch: Cannot change mode to rwxr-xr-x: Operation not permitted
build	Cache Android SDK	2026-06-06T12:22:56.7351575Z /usr/bin/tar: ../../../../../usr/local/lib/android/sdk/platforms/android-36/data/res/values-mcc311-mnc180-kn: Cannot utime: Operation not permitted
build	Cache Android SDK	2026-06-06T12:22:56.7352120Z /usr/bin/tar: ../../../../../usr/local/lib/android/sdk/platforms/android-36/data/res/values-mcc311-mnc180-kn: Cannot change mode to rwxr-xr-x: Operation not permitted
build	Cache Android SDK	2026-06-06T12:22:56.7354746Z /usr/bin/tar: ../../../../../usr/local/lib/android/sdk/platforms/android-36/data/res/values-mcc310-mnc210-pl: Cannot utime: Operation not permitted
build	Cache Android SDK	2026-06-06T12:22:56.7355216Z /usr/bin/tar: ../../../../../usr/local/lib/android/sdk/platforms/android-36/data/res/values-mcc310-mnc210-pl: Cannot change mode to rwxr-xr-x: Operation not permitted
build	Cache Android SDK	2026-06-06T12:22:56.7358722Z /usr/bin/tar: ../../../../../usr/local/lib/android/sdk/platforms/android-36/data/res/values-mcc310-mnc230-is: Cannot utime: Operation not permitted
build	Cache Android SDK	2026-06-06T12:22:56.7359187Z /usr/bin/tar: ../../../../../usr/local/lib/android/sdk/platforms/android-36/data/res/values-mcc310-mnc230-is: Cannot change mode to rwxr-xr-x: Operation not permitted
build	Cache Android SDK	2026-06-06T12:22:56.7363386Z /usr/bin/tar: ../../../../../usr/local/lib/android/sdk/platforms/android-36/data/res/values-mcc712-mnc04: Cannot utime: Operation not permitted
build	Cache Android SDK	2026-06-06T12:22:56.7363947Z /usr/bin/tar: ../../../../../usr/local/lib/android/sdk/platforms/android-36/data/res/values-mcc712-mnc04: Cannot change mode to rwxr-xr-x: Operation not permitted
build	Cache Android SDK	2026-06-06T12:22:56.7368504Z /usr/bin/tar: ../../../../../usr/local/lib/android/sdk/platforms/android-36/data/res/values-mcc310-mnc490-ur: Cannot utime: Operation not permitted
build	Cache Android SDK	2026-06-06T12:22:56.7368999Z /usr/bin/tar: ../../../../../usr/local/lib/android/sdk/platforms/android-36/data/res/values-mcc310-mnc490-ur: Cannot change mode to rwxr-xr-x: Operation not permitted
build	Cache Android SDK	2026-06-06T12:22:56.7371405Z /usr/bin/tar: ../../../../../usr/local/lib/android/sdk/platforms/android-36/data/res/values-mcc311-mnc180-sl: Cannot utime: Operation not permitted
build	Cache Android SDK	2026-06-06T12:22:56.7371871Z /usr/bin/tar: ../../../../../usr/local/lib/android/sdk/platforms/android-36/data/res/values-mcc311-mnc180-sl: Cannot change mode to rwxr-xr-x: Operation not permitted
build	Cache Android SDK	2026-06-06T12:22:56.7374877Z /usr/bin/tar: ../../../../../usr/local/lib/android/sdk/platforms/android-36/data/res/values-mcc310-mnc170-mk: Cannot utime: Operation not permitted
build	Cache Android SDK	2026-06-06T12:22:56.7375358Z /usr/bin/tar: ../../../../../usr/local/lib/android/sdk/platforms/android-36/data/res/values-mcc310-mnc170-mk: Cannot change mode to rwxr-xr-x: Operation not permitted
build	Cache Android SDK	2026-06-06T12:22:56.7378854Z /usr/bin/tar: ../../../../../usr/local/lib/android/sdk/platforms/android-36/data/res/values-mcc310-mnc950-th: Cannot utime: Operation not permitted
build	Cache Android SDK	2026-06-06T12:22:56.7379336Z /usr/bin/tar: ../../../../../usr/local/lib/android/sdk/platforms/android-36/data/res/values-mcc310-mnc950-th: Cannot change mode to rwxr-xr-x: Operation not permitted
build	Cache Android SDK	2026-06-06T12:22:56.7382902Z /usr/bin/tar: ../../../../../usr/local/lib/android/sdk/platforms/android-36/data/res/values-mcc310-mnc660-nb: Cannot utime: Operation not permitted
build	Cache Android SDK	2026-06-06T12:22:56.7383356Z /usr/bin/tar: ../../../../../usr/local/lib/android/sdk/platforms/android-36/data/res/values-mcc310-mnc660-nb: Cannot change mode to rwxr-xr-x: Operation not permitted
build	Cache Android SDK	2026-06-06T12:22:56.7388529Z /usr/bin/tar: ../../../../../usr/local/lib/android/sdk/platforms/android-36/data/res/values-mcc310-mnc030-pa: Cannot utime: Operation not permitted
build	Cache Android SDK	2026-06-06T12:22:56.7389162Z /usr/bin/tar: ../../../../../usr/local/lib/android/sdk/platforms/android-36/data/res/values-mcc310-mnc030-pa: Cannot change mode to rwxr-xr-x: Operation not permitted
build	Cache Android SDK	2026-06-06T12:22:56.7391438Z /usr/bin/tar: ../../../../../usr/local/lib/android/sdk/platforms/android-36/data/res/values-gu-watch: Cannot utime: Operation not permitted
build	Cache Android SDK	2026-06-06T12:22:56.7391879Z /usr/bin/tar: ../../../../../usr/local/lib/android/sdk/platforms/android-36/data/res/values-gu-watch: Cannot change mode to rwxr-xr-x: Operation not permitted
build	Cache Android SDK	2026-06-06T12:22:56.7395149Z /usr/bin/tar: ../../../../../usr/local/lib/android/sdk/platforms/android-36/data/res/values-mcc310-mnc660-si: Cannot utime: Operation not permitted
build	Cache Android SDK	2026-06-06T12:22:56.7395597Z /usr/bin/tar: ../../../../../usr/local/lib/android/sdk/platforms/android-36/data/res/values-mcc310-mnc660-si: Cannot change mode to rwxr-xr-x: Operation not permitted
build	Cache Android SDK	2026-06-06T12:22:56.7399124Z /usr/bin/tar: ../../../../../usr/local/lib/android/sdk/platforms/android-36/data/res/values-mcc310-mnc380-eu: Cannot utime: Operation not permitted
build	Cache Android SDK	2026-06-06T12:22:56.7399597Z /usr/bin/tar: ../../../../../usr/local/lib/android/sdk/platforms/android-36/data/res/values-mcc310-mnc380-eu: Cannot change mode to rwxr-xr-x: Operation not permitted
build	Cache Android SDK	2026-06-06T12:22:56.7402918Z /usr/bin/tar: ../../../../../usr/local/lib/android/sdk/platforms/android-36/data/res/values-mcc334-mnc020-pa: Cannot utime: Operation not permitted
build	Cache Android SDK	2026-06-06T12:22:56.7403371Z /usr/bin/tar: ../../../../../usr/local/lib/android/sdk/platforms/android-36/data/res/values-mcc334-mnc020-pa: Cannot change mode to rwxr-xr-x: Operation not permitted
build	Cache Android SDK	2026-06-06T12:22:56.7405945Z /usr/bin/tar: ../../../../../usr/local/lib/android/sdk/platforms/android-36/data/res/values-mcc310-mnc560-fr: Cannot utime: Operation not permitted
build	Cache Android SDK	2026-06-06T12:22:56.7406440Z /usr/bin/tar: ../../../../../usr/local/lib/android/sdk/platforms/android-36/data/res/values-mcc310-mnc560-fr: Cannot change mode to rwxr-xr-x: Operation not permitted
build	Cache Android SDK	2026-06-06T12:22:56.7409480Z /usr/bin/tar: ../../../../../usr/local/lib/android/sdk/platforms/android-36/data/res/values-mcc334-mnc020-pt-rBR: Cannot utime: Operation not permitted
build	Cache Android SDK	2026-06-06T12:22:56.7410057Z /usr/bin/tar: ../../../../../usr/local/lib/android/sdk/platforms/android-36/data/res/values-mcc334-mnc020-pt-rBR: Cannot change mode to rwxr-xr-x: Operation not permitted
build	Cache Android SDK	2026-06-06T12:22:56.7413442Z /usr/bin/tar: ../../../../../usr/local/lib/android/sdk/platforms/android-36/data/res/values-mcc313-mnc100-ur: Cannot utime: Operation not permitted
build	Cache Android SDK	2026-06-06T12:22:56.7413911Z /usr/bin/tar: ../../../../../usr/local/lib/android/sdk/platforms/android-36/data/res/values-mcc313-mnc100-ur: Cannot change mode to rwxr-xr-x: Operation not permitted
build	Cache Android SDK	2026-06-06T12:22:56.7417495Z /usr/bin/tar: ../../../../../usr/local/lib/android/sdk/platforms/android-36/data/res/values-mcc310-mnc230-ml: Cannot utime: Operation not permitted
build	Cache Android SDK	2026-06-06T12:22:56.7417965Z /usr/bin/tar: ../../../../../usr/local/lib/android/sdk/platforms/android-36/data/res/values-mcc310-mnc230-ml: Cannot change mode to rwxr-xr-x: Operation not permitted
build	Cache Android SDK	2026-06-06T12:22:56.7419951Z /usr/bin/tar: ../../../../../usr/local/lib/android/sdk/platforms/android-36/data/res/values-sr-rRS: Cannot utime: Operation not permitted
build	Cache Android SDK	2026-06-06T12:22:56.7420446Z /usr/bin/tar: ../../../../../usr/local/lib/android/sdk/platforms/android-36/data/res/values-sr-rRS: Cannot change mode to rwxr-xr-x: Operation not permitted
build	Cache Android SDK	2026-06-06T12:22:56.7424786Z /usr/bin/tar: ../../../../../usr/local/lib/android/sdk/platforms/android-36/data/res/values-mcc310-mnc160-cs: Cannot utime: Operation not permitted
build	Cache Android SDK	2026-06-06T12:22:56.7425263Z /usr/bin/tar: ../../../../../usr/local/lib/android/sdk/platforms/android-36/data/res/values-mcc310-mnc160-cs: Cannot change mode to rwxr-xr-x: Operation not permitted
build	Cache Android SDK	2026-06-06T12:22:56.7429521Z /usr/bin/tar: ../../../../../usr/local/lib/android/sdk/platforms/android-36/data/res/values-mcc240-mnc01: Cannot utime: Operation not permitted
build	Cache Android SDK	2026-06-06T12:22:56.7429999Z /usr/bin/tar: ../../../../../usr/local/lib/android/sdk/platforms/android-36/data/res/values-mcc240-mnc01: Cannot change mode to rwxr-xr-x: Operation not permitted
build	Cache Android SDK	2026-06-06T12:22:56.7432758Z /usr/bin/tar: ../../../../../usr/local/lib/android/sdk/platforms/android-36/data/res/values-mcc310-mnc800-fr: Cannot utime: Operation not permitted
build	Cache Android SDK	2026-06-06T12:22:56.7433929Z /usr/bin/tar: ../../../../../usr/local/lib/android/sdk/platforms/android-36/data/res/values-mcc310-mnc800-fr: Cannot change mode to rwxr-xr-x: Operation not permitted
build	Cache Android SDK	2026-06-06T12:22:56.7437569Z /usr/bin/tar: ../../../../../usr/local/lib/android/sdk/platforms/android-36/data/res/values-mcc310-mnc490-pt-rPT: Cannot utime: Operation not permitted
build	Cache Android SDK	2026-06-06T12:22:56.7438525Z /usr/bin/tar: ../../../../../usr/local/lib/android/sdk/platforms/android-36/data/res/values-mcc310-mnc490-pt-rPT: Cannot change mode to rwxr-xr-x: Operation not permitted
build	Cache Android SDK	2026-06-06T12:22:56.7440870Z /usr/bin/tar: ../../../../../usr/local/lib/android/sdk/platforms/android-36/data/res/values-mcc310-mnc160-bn: Cannot utime: Operation not permitted
build	Cache Android SDK	2026-06-06T12:22:56.7441345Z /usr/bin/tar: ../../../../../usr/local/lib/android/sdk/platforms/android-36/data/res/values-mcc310-mnc160-bn: Cannot change mode to rwxr-xr-x: Operation not permitted
build	Cache Android SDK	2026-06-06T12:22:56.7451791Z /usr/bin/tar: ../../../../../usr/local/lib/android/sdk/platforms/android-36/data/res/values-in: Cannot utime: Operation not permitted
build	Cache Android SDK	2026-06-06T12:22:56.7452794Z /usr/bin/tar: ../../../../../usr/local/lib/android/sdk/platforms/android-36/data/res/values-in: Cannot change mode to rwxr-xr-x: Operation not permitted
build	Cache Android SDK	2026-06-06T12:22:56.7455539Z /usr/bin/tar: ../../../../../usr/local/lib/android/sdk/platforms/android-36/data/res/values-mcc310-mnc220-kn: Cannot utime: Operation not permitted
build	Cache Android SDK	2026-06-06T12:22:56.7456356Z /usr/bin/tar: ../../../../../usr/local/lib/android/sdk/platforms/android-36/data/res/values-mcc310-mnc220-kn: Cannot change mode to rwxr-xr-x: Operation not permitted
build	Cache Android SDK	2026-06-06T12:22:56.7458744Z /usr/bin/tar: ../../../../../usr/local/lib/android/sdk/platforms/android-36/data/res/values-mcc214: Cannot utime: Operation not permitted
build	Cache Android SDK	2026-06-06T12:22:56.7459714Z /usr/bin/tar: ../../../../../usr/local/lib/android/sdk/platforms/android-36/data/res/values-mcc214: Cannot change mode to rwxr-xr-x: Operation not permitted
build	Cache Android SDK	2026-06-06T12:22:56.7462663Z /usr/bin/tar: ../../../../../usr/local/lib/android/sdk/platforms/android-36/data/res/values-mcc310-mnc660-zh-rTW: Cannot utime: Operation not permitted
build	Cache Android SDK	2026-06-06T12:22:56.7463677Z /usr/bin/tar: ../../../../../usr/local/lib/android/sdk/platforms/android-36/data/res/values-mcc310-mnc660-zh-rTW: Cannot change mode to rwxr-xr-x: Operation not permitted
build	Cache Android SDK	2026-06-06T12:22:56.7466811Z /usr/bin/tar: ../../../../../usr/local/lib/android/sdk/platforms/android-36/data/res/values-is-television: Cannot utime: Operation not permitted
build	Cache Android SDK	2026-06-06T12:22:56.7467978Z /usr/bin/tar: ../../../../../usr/local/lib/android/sdk/platforms/android-36/data/res/values-is-television: Cannot change mode to rwxr-xr-x: Operation not permitted
build	Cache Android SDK	2026-06-06T12:22:56.7476383Z /usr/bin/tar: ../../../../../usr/local/lib/android/sdk/platforms/android-36/data/res/values-en-rIN: Cannot utime: Operation not permitted
build	Cache Android SDK	2026-06-06T12:22:56.7477194Z /usr/bin/tar: ../../../../../usr/local/lib/android/sdk/platforms/android-36/data/res/values-en-rIN: Cannot change mode to rwxr-xr-x: Operation not permitted
build	Cache Android SDK	2026-06-06T12:22:56.7481214Z /usr/bin/tar: ../../../../../usr/local/lib/android/sdk/platforms/android-36/data/res/values-sw-watch: Cannot utime: Operation not permitted
build	Cache Android SDK	2026-06-06T12:22:56.7481691Z /usr/bin/tar: ../../../../../usr/local/lib/android/sdk/platforms/android-36/data/res/values-sw-watch: Cannot change mode to rwxr-xr-x: Operation not permitted
build	Cache Android SDK	2026-06-06T12:22:56.7484661Z /usr/bin/tar: ../../../../../usr/local/lib/android/sdk/platforms/android-36/data/res/values-mcc310-mnc270-sv: Cannot utime: Operation not permitted
build	Cache Android SDK	2026-06-06T12:22:56.7485143Z /usr/bin/tar: ../../../../../usr/local/lib/android/sdk/platforms/android-36/data/res/values-mcc310-mnc270-sv: Cannot change mode to rwxr-xr-x: Operation not permitted
build	Cache Android SDK	2026-06-06T12:22:56.7489522Z /usr/bin/tar: ../../../../../usr/local/lib/android/sdk/platforms/android-36/data/res/values-mcc310-mnc490-bg: Cannot utime: Operation not permitted
build	Cache Android SDK	2026-06-06T12:22:56.7490049Z /usr/bin/tar: ../../../../../usr/local/lib/android/sdk/platforms/android-36/data/res/values-mcc310-mnc490-bg: Cannot change mode to rwxr-xr-x: Operation not permitted
build	Cache Android SDK	2026-06-06T12:22:56.7493641Z /usr/bin/tar: ../../../../../usr/local/lib/android/sdk/platforms/android-36/data/res/values-mcc466-mnc11: Cannot utime: Operation not permitted
build	Cache Android SDK	2026-06-06T12:22:56.7494088Z /usr/bin/tar: ../../../../../usr/local/lib/android/sdk/platforms/android-36/data/res/values-mcc466-mnc11: Cannot change mode to rwxr-xr-x: Operation not permitted
build	Cache Android SDK	2026-06-06T12:22:56.7501435Z /usr/bin/tar: ../../../../../usr/local/lib/android/sdk/platforms/android-36/data/res/values-mcc310-mnc200-my: Cannot utime: Operation not permitted
build	Cache Android SDK	2026-06-06T12:22:56.7501981Z /usr/bin/tar: ../../../../../usr/local/lib/android/sdk/platforms/android-36/data/res/values-mcc310-mnc200-my: Cannot change mode to rwxr-xr-x: Operation not permitted
build	Cache Android SDK	2026-06-06T12:22:56.7505383Z /usr/bin/tar: ../../../../../usr/local/lib/android/sdk/platforms/android-36/data/res/values-mcc310-mnc210-ka: Cannot utime: Operation not permitted
build	Cache Android SDK	2026-06-06T12:22:56.7505899Z /usr/bin/tar: ../../../../../usr/local/lib/android/sdk/platforms/android-36/data/res/values-mcc310-mnc210-ka: Cannot change mode to rwxr-xr-x: Operation not permitted
build	Cache Android SDK	2026-06-06T12:22:56.7588976Z /usr/bin/tar: ../../../../../usr/local/lib/android/sdk/platforms/android-36/data/res/anim: Cannot utime: Operation not permitted
build	Cache Android SDK	2026-06-06T12:22:56.7591806Z /usr/bin/tar: ../../../../../usr/local/lib/android/sdk/platforms/android-36/data/res/anim: Cannot change mode to rwxr-xr-x: Operation not permitted
build	Cache Android SDK	2026-06-06T12:22:56.7592203Z /usr/bin/tar: ../../../../../usr/local/lib/android/sdk/platforms/android-36/data/res/values-mcc310-mnc560-sw: Cannot utime: Operation not permitted
build	Cache Android SDK	2026-06-06T12:22:56.7592667Z /usr/bin/tar: ../../../../../usr/local/lib/android/sdk/platforms/android-36/data/res/values-mcc310-mnc560-sw: Cannot change mode to rwxr-xr-x: Operation not permitted
build	Cache Android SDK	2026-06-06T12:22:56.7595502Z /usr/bin/tar: ../../../../../usr/local/lib/android/sdk/platforms/android-36/data/res/values-mcc310-mnc270-ka: Cannot utime: Operation not permitted
build	Cache Android SDK	2026-06-06T12:22:56.7595945Z /usr/bin/tar: ../../../../../usr/local/lib/android/sdk/platforms/android-36/data/res/values-mcc310-mnc270-ka: Cannot change mode to rwxr-xr-x: Operation not permitted
build	Cache Android SDK	2026-06-06T12:22:56.7600684Z /usr/bin/tar: ../../../../../usr/local/lib/android/sdk/platforms/android-36/data/res/values-mcc334-mnc020-af: Cannot utime: Operation not permitted
build	Cache Android SDK	2026-06-06T12:22:56.7601135Z /usr/bin/tar: ../../../../../usr/local/lib/android/sdk/platforms/android-36/data/res/values-mcc334-mnc020-af: Cannot change mode to rwxr-xr-x: Operation not permitted
build	Cache Android SDK	2026-06-06T12:22:56.7604059Z /usr/bin/tar: ../../../../../usr/local/lib/android/sdk/platforms/android-36/data/res/values-mcc310-mnc560-el: Cannot utime: Operation not permitted
build	Cache Android SDK	2026-06-06T12:22:56.7604549Z /usr/bin/tar: ../../../../../usr/local/lib/android/sdk/platforms/android-36/data/res/values-mcc310-mnc560-el: Cannot change mode to rwxr-xr-x: Operation not permitted
build	Cache Android SDK	2026-06-06T12:22:56.7609020Z /usr/bin/tar: ../../../../../usr/local/lib/android/sdk/platforms/android-36/data/res/layout-xlarge: Cannot utime: Operation not permitted
build	Cache Android SDK	2026-06-06T12:22:56.7609437Z /usr/bin/tar: ../../../../../usr/local/lib/android/sdk/platforms/android-36/data/res/layout-xlarge: Cannot change mode to rwxr-xr-x: Operation not permitted
build	Cache Android SDK	2026-06-06T12:22:56.7611984Z /usr/bin/tar: ../../../../../usr/local/lib/android/sdk/platforms/android-36/data/res/values-mcc001-mnc01-bn: Cannot utime: Operation not permitted
build	Cache Android SDK	2026-06-06T12:22:56.7612434Z /usr/bin/tar: ../../../../../usr/local/lib/android/sdk/platforms/android-36/data/res/values-mcc001-mnc01-bn: Cannot change mode to rwxr-xr-x: Operation not permitted
build	Cache Android SDK	2026-06-06T12:22:56.7615722Z /usr/bin/tar: ../../../../../usr/local/lib/android/sdk/platforms/android-36/data/res/values-mcc310-mnc270-zh-rCN: Cannot utime: Operation not permitted
build	Cache Android SDK	2026-06-06T12:22:56.7617711Z /usr/bin/tar: ../../../../../usr/local/lib/android/sdk/platforms/android-36/data/res/values-mcc310-mnc270-zh-rCN: Cannot change mode to rwxr-xr-x: Operation not permitted
build	Cache Android SDK	2026-06-06T12:22:56.7619252Z /usr/bin/tar: ../../../../../usr/local/lib/android/sdk/platforms/android-36/data/res/values-mcc302-mnc370-zu: Cannot utime: Operation not permitted
build	Cache Android SDK	2026-06-06T12:22:56.7620692Z /usr/bin/tar: ../../../../../usr/local/lib/android/sdk/platforms/android-36/data/res/values-mcc302-mnc370-zu: Cannot change mode to rwxr-xr-x: Operation not permitted
build	Cache Android SDK	2026-06-06T12:22:56.7622057Z /usr/bin/tar: ../../../../../usr/local/lib/android/sdk/platforms/android-36/data/res/values-mcc310-mnc210-ne: Cannot utime: Operation not permitted
build	Cache Android SDK	2026-06-06T12:22:56.7623095Z /usr/bin/tar: ../../../../../usr/local/lib/android/sdk/platforms/android-36/data/res/values-mcc310-mnc210-ne: Cannot change mode to rwxr-xr-x: Operation not permitted
build	Cache Android SDK	2026-06-06T12:22:56.7625943Z /usr/bin/tar: ../../../../../usr/local/lib/android/sdk/platforms/android-36/data/res/values-mcc302-mnc370-en-rIN: Cannot utime: Operation not permitted
build	Cache Android SDK	2026-06-06T12:22:56.7628063Z /usr/bin/tar: ../../../../../usr/local/lib/android/sdk/platforms/android-36/data/res/values-mcc302-mnc370-en-rIN: Cannot change mode to rwxr-xr-x: Operation not permitted
build	Cache Android SDK	2026-06-06T12:22:56.7629359Z /usr/bin/tar: ../../../../../usr/local/lib/android/sdk/platforms/android-36/data/res/values-ky-television: Cannot utime: Operation not permitted
build	Cache Android SDK	2026-06-06T12:22:56.7630281Z /usr/bin/tar: ../../../../../usr/local/lib/android/sdk/platforms/android-36/data/res/values-ky-television: Cannot change mode to rwxr-xr-x: Operation not permitted
build	Cache Android SDK	2026-06-06T12:22:56.7632427Z /usr/bin/tar: ../../../../../usr/local/lib/android/sdk/platforms/android-36/data/res/values-mcc310-mnc210-ms: Cannot utime: Operation not permitted
build	Cache Android SDK	2026-06-06T12:22:56.7633555Z /usr/bin/tar: ../../../../../usr/local/lib/android/sdk/platforms/android-36/data/res/values-mcc310-mnc210-ms: Cannot change mode to rwxr-xr-x: Operation not permitted
build	Cache Android SDK	2026-06-06T12:22:56.7635735Z /usr/bin/tar: ../../../../../usr/local/lib/android/sdk/platforms/android-36/data/res/values-mcc310-mnc210-hi: Cannot utime: Operation not permitted
build	Cache Android SDK	2026-06-06T12:22:56.7636858Z /usr/bin/tar: ../../../../../usr/local/lib/android/sdk/platforms/android-36/data/res/values-mcc310-mnc210-hi: Cannot change mode to rwxr-xr-x: Operation not permitted
build	Cache Android SDK	2026-06-06T12:22:56.7640604Z /usr/bin/tar: ../../../../../usr/local/lib/android/sdk/platforms/android-36/data/res/values-mcc310-mnc210-is: Cannot utime: Operation not permitted
build	Cache Android SDK	2026-06-06T12:22:56.7641711Z /usr/bin/tar: ../../../../../usr/local/lib/android/sdk/platforms/android-36/data/res/values-mcc310-mnc210-is: Cannot change mode to rwxr-xr-x: Operation not permitted
build	Cache Android SDK	2026-06-06T12:22:56.7643559Z /usr/bin/tar: ../../../../../usr/local/lib/android/sdk/platforms/android-36/data/res/values-mcc312-mnc670-tl: Cannot utime: Operation not permitted
build	Cache Android SDK	2026-06-06T12:22:56.7644507Z /usr/bin/tar: ../../../../../usr/local/lib/android/sdk/platforms/android-36/data/res/values-mcc312-mnc670-tl: Cannot change mode to rwxr-xr-x: Operation not permitted
build	Cache Android SDK	2026-06-06T12:22:56.7646828Z /usr/bin/tar: ../../../../../usr/local/lib/android/sdk/platforms/android-36/data/res/values-mcc310-mnc950-pa: Cannot utime: Operation not permitted
build	Cache Android SDK	2026-06-06T12:22:56.7648315Z /usr/bin/tar: ../../../../../usr/local/lib/android/sdk/platforms/android-36/data/res/values-mcc310-mnc950-pa: Cannot change mode to rwxr-xr-x: Operation not permitted
build	Cache Android SDK	2026-06-06T12:22:56.7649779Z /usr/bin/tar: ../../../../../usr/local/lib/android/sdk/platforms/android-36/data/res/values-mcc310-mnc660-be: Cannot utime: Operation not permitted
build	Cache Android SDK	2026-06-06T12:22:56.7650712Z /usr/bin/tar: ../../../../../usr/local/lib/android/sdk/platforms/android-36/data/res/values-mcc310-mnc660-be: Cannot change mode to rwxr-xr-x: Operation not permitted
build	Cache Android SDK	2026-06-06T12:22:56.7652765Z /usr/bin/tar: ../../../../../usr/local/lib/android/sdk/platforms/android-36/data/res/values-de-masculine: Cannot utime: Operation not permitted
build	Cache Android SDK	2026-06-06T12:22:56.7654133Z /usr/bin/tar: ../../../../../usr/local/lib/android/sdk/platforms/android-36/data/res/values-de-masculine: Cannot change mode to rwxr-xr-x: Operation not permitted
build	Cache Android SDK	2026-06-06T12:22:56.7656819Z /usr/bin/tar: ../../../../../usr/local/lib/android/sdk/platforms/android-36/data/res/values-mcc310-mnc250-el: Cannot utime: Operation not permitted
build	Cache Android SDK	2026-06-06T12:22:56.7658441Z /usr/bin/tar: ../../../../../usr/local/lib/android/sdk/platforms/android-36/data/res/values-mcc310-mnc250-el: Cannot change mode to rwxr-xr-x: Operation not permitted
build	Cache Android SDK	2026-06-06T12:22:56.7659657Z /usr/bin/tar: ../../../../../usr/local/lib/android/sdk/platforms/android-36/data/res/values-mcc310-mnc160-az: Cannot utime: Operation not permitted
build	Cache Android SDK	2026-06-06T12:22:56.7660662Z /usr/bin/tar: ../../../../../usr/local/lib/android/sdk/platforms/android-36/data/res/values-mcc310-mnc160-az: Cannot change mode to rwxr-xr-x: Operation not permitted
build	Cache Android SDK	2026-06-06T12:22:56.7662714Z /usr/bin/tar: ../../../../../usr/local/lib/android/sdk/platforms/android-36/data/res/values-mcc312-mnc670-sl: Cannot utime: Operation not permitted
build	Cache Android SDK	2026-06-06T12:22:56.7663843Z /usr/bin/tar: ../../../../../usr/local/lib/android/sdk/platforms/android-36/data/res/values-mcc312-mnc670-sl: Cannot change mode to rwxr-xr-x: Operation not permitted
build	Cache Android SDK	2026-06-06T12:22:56.7666515Z /usr/bin/tar: ../../../../../usr/local/lib/android/sdk/platforms/android-36/data/res/values-mcc312-mnc670: Cannot utime: Operation not permitted
build	Cache Android SDK	2026-06-06T12:22:56.7667765Z /usr/bin/tar: ../../../../../usr/local/lib/android/sdk/platforms/android-36/data/res/values-mcc312-mnc670: Cannot change mode to rwxr-xr-x: Operation not permitted
build	Cache Android SDK	2026-06-06T12:22:56.7670171Z /usr/bin/tar: ../../../../../usr/local/lib/android/sdk/platforms/android-36/data/res/values-mcc310-mnc380-en-rAU: Cannot utime: Operation not permitted
build	Cache Android SDK	2026-06-06T12:22:56.7671265Z /usr/bin/tar: ../../../../../usr/local/lib/android/sdk/platforms/android-36/data/res/values-mcc310-mnc380-en-rAU: Cannot change mode to rwxr-xr-x: Operation not permitted
build	Cache Android SDK	2026-06-06T12:22:56.7673563Z /usr/bin/tar: ../../../../../usr/local/lib/android/sdk/platforms/android-36/data/res/values-mcc310-mnc200-sl: Cannot utime: Operation not permitted
build	Cache Android SDK	2026-06-06T12:22:56.7674496Z /usr/bin/tar: ../../../../../usr/local/lib/android/sdk/platforms/android-36/data/res/values-mcc310-mnc200-sl: Cannot change mode to rwxr-xr-x: Operation not permitted
build	Cache Android SDK	2026-06-06T12:22:56.7676681Z /usr/bin/tar: ../../../../../usr/local/lib/android/sdk/platforms/android-36/data/res/values-mcc310-mnc250-sk: Cannot utime: Operation not permitted
build	Cache Android SDK	2026-06-06T12:22:56.7678347Z /usr/bin/tar: ../../../../../usr/local/lib/android/sdk/platforms/android-36/data/res/values-mcc310-mnc250-sk: Cannot change mode to rwxr-xr-x: Operation not permitted
build	Cache Android SDK	2026-06-06T12:22:56.7681129Z /usr/bin/tar: ../../../../../usr/local/lib/android/sdk/platforms/android-36/data/res/values-mcc310-mnc280-en-rXC: Cannot utime: Operation not permitted
build	Cache Android SDK	2026-06-06T12:22:56.7682103Z /usr/bin/tar: ../../../../../usr/local/lib/android/sdk/platforms/android-36/data/res/values-mcc310-mnc280-en-rXC: Cannot change mode to rwxr-xr-x: Operation not permitted
build	Cache Android SDK	2026-06-06T12:22:56.7684466Z /usr/bin/tar: ../../../../../usr/local/lib/android/sdk/platforms/android-36/data/res/values-mcc310-mnc230-zh-rCN: Cannot utime: Operation not permitted
build	Cache Android SDK	2026-06-06T12:22:56.7685435Z /usr/bin/tar: ../../../../../usr/local/lib/android/sdk/platforms/android-36/data/res/values-mcc310-mnc230-zh-rCN: Cannot change mode to rwxr-xr-x: Operation not permitted
build	Cache Android SDK	2026-06-06T12:22:56.7688498Z /usr/bin/tar: ../../../../../usr/local/lib/android/sdk/platforms/android-36/data/res/values-mcc310-mnc220-sw: Cannot utime: Operation not permitted
build	Cache Android SDK	2026-06-06T12:22:56.7689413Z /usr/bin/tar: ../../../../../usr/local/lib/android/sdk/platforms/android-36/data/res/values-mcc310-mnc220-sw: Cannot change mode to rwxr-xr-x: Operation not permitted
build	Cache Android SDK	2026-06-06T12:22:56.7692186Z /usr/bin/tar: ../../../../../usr/local/lib/android/sdk/platforms/android-36/data/res/values-mcc310-mnc170-b+sr+Latn: Cannot utime: Operation not permitted
build	Cache Android SDK	2026-06-06T12:22:56.7693241Z /usr/bin/tar: ../../../../../usr/local/lib/android/sdk/platforms/android-36/data/res/values-mcc310-mnc170-b+sr+Latn: Cannot change mode to rwxr-xr-x: Operation not permitted
build	Cache Android SDK	2026-06-06T12:22:56.7695592Z /usr/bin/tar: ../../../../../usr/local/lib/android/sdk/platforms/android-36/data/res/values-sw720dp-port: Cannot utime: Operation not permitted
build	Cache Android SDK	2026-06-06T12:22:56.7696496Z /usr/bin/tar: ../../../../../usr/local/lib/android/sdk/platforms/android-36/data/res/values-sw720dp-port: Cannot change mode to rwxr-xr-x: Operation not permitted
build	Cache Android SDK	2026-06-06T12:22:56.7699058Z /usr/bin/tar: ../../../../../usr/local/lib/android/sdk/platforms/android-36/data/res/values-mcc310-mnc030-si: Cannot utime: Operation not permitted
build	Cache Android SDK	2026-06-06T12:22:56.7700063Z /usr/bin/tar: ../../../../../usr/local/lib/android/sdk/platforms/android-36/data/res/values-mcc310-mnc030-si: Cannot change mode to rwxr-xr-x: Operation not permitted
build	Cache Android SDK	2026-06-06T12:22:56.7702894Z /usr/bin/tar: ../../../../../usr/local/lib/android/sdk/platforms/android-36/data/res/values-mcc310-mnc150-is: Cannot utime: Operation not permitted
build	Cache Android SDK	2026-06-06T12:22:56.7704432Z /usr/bin/tar: ../../../../../usr/local/lib/android/sdk/platforms/android-36/data/res/values-mcc310-mnc150-is: Cannot change mode to rwxr-xr-x: Operation not permitted
build	Cache Android SDK	2026-06-06T12:22:56.7705964Z /usr/bin/tar: ../../../../../usr/local/lib/android/sdk/platforms/android-36/data/res/values-mcc310-mnc030-tl: Cannot utime: Operation not permitted
build	Cache Android SDK	2026-06-06T12:22:56.7707107Z /usr/bin/tar: ../../../../../usr/local/lib/android/sdk/platforms/android-36/data/res/values-mcc310-mnc030-tl: Cannot change mode to rwxr-xr-x: Operation not permitted
build	Cache Android SDK	2026-06-06T12:22:56.7708756Z /usr/bin/tar: ../../../../../usr/local/lib/android/sdk/platforms/android-36/data/res/values-mcc310-mnc490-af: Cannot utime: Operation not permitted
build	Cache Android SDK	2026-06-06T12:22:56.7709717Z /usr/bin/tar: ../../../../../usr/local/lib/android/sdk/platforms/android-36/data/res/values-mcc310-mnc490-af: Cannot change mode to rwxr-xr-x: Operation not permitted
build	Cache Android SDK	2026-06-06T12:22:56.7712165Z /usr/bin/tar: ../../../../../usr/local/lib/android/sdk/platforms/android-36/data/res/values-mcc313-mnc100-el: Cannot utime: Operation not permitted
build	Cache Android SDK	2026-06-06T12:22:56.7713108Z /usr/bin/tar: ../../../../../usr/local/lib/android/sdk/platforms/android-36/data/res/values-mcc313-mnc100-el: Cannot change mode to rwxr-xr-x: Operation not permitted
build	Cache Android SDK	2026-06-06T12:22:56.7714952Z /usr/bin/tar: ../../../../../usr/local/lib/android/sdk/platforms/android-36/data/res/values-mcc310-mnc220-pt-rBR: Cannot utime: Operation not permitted
build	Cache Android SDK	2026-06-06T12:22:56.7715945Z /usr/bin/tar: ../../../../../usr/local/lib/android/sdk/platforms/android-36/data/res/values-mcc310-mnc220-pt-rBR: Cannot change mode to rwxr-xr-x: Operation not permitted
build	Cache Android SDK	2026-06-06T12:22:56.7718169Z /usr/bin/tar: ../../../../../usr/local/lib/android/sdk/platforms/android-36/data/res/values-mcc310-mnc240-te: Cannot utime: Operation not permitted
build	Cache Android SDK	2026-06-06T12:22:56.7719116Z /usr/bin/tar: ../../../../../usr/local/lib/android/sdk/platforms/android-36/data/res/values-mcc310-mnc240-te: Cannot change mode to rwxr-xr-x: Operation not permitted
build	Cache Android SDK	2026-06-06T12:22:56.7721916Z /usr/bin/tar: ../../../../../usr/local/lib/android/sdk/platforms/android-36/data/res/values-mcc334-mnc020-es-rUS: Cannot utime: Operation not permitted
build	Cache Android SDK	2026-06-06T12:22:56.7722968Z /usr/bin/tar: ../../../../../usr/local/lib/android/sdk/platforms/android-36/data/res/values-mcc334-mnc020-es-rUS: Cannot change mode to rwxr-xr-x: Operation not permitted
build	Cache Android SDK	2026-06-06T12:22:56.7724692Z /usr/bin/tar: ../../../../../usr/local/lib/android/sdk/platforms/android-36/data/res/values-mcc302-mnc370-en-rCA: Cannot utime: Operation not permitted
build	Cache Android SDK	2026-06-06T12:22:56.7725662Z /usr/bin/tar: ../../../../../usr/local/lib/android/sdk/platforms/android-36/data/res/values-mcc302-mnc370-en-rCA: Cannot change mode to rwxr-xr-x: Operation not permitted
build	Cache Android SDK	2026-06-06T12:22:56.7728591Z /usr/bin/tar: ../../../../../usr/local/lib/android/sdk/platforms/android-36/data/res/values-mcc310-mnc170-pl: Cannot utime: Operation not permitted
build	Cache Android SDK	2026-06-06T12:22:56.7729801Z /usr/bin/tar: ../../../../../usr/local/lib/android/sdk/platforms/android-36/data/res/values-mcc310-mnc170-pl: Cannot change mode to rwxr-xr-x: Operation not permitted
build	Cache Android SDK	2026-06-06T12:22:56.7731386Z /usr/bin/tar: ../../../../../usr/local/lib/android/sdk/platforms/android-36/data/res/values-be-watch: Cannot utime: Operation not permitted
build	Cache Android SDK	2026-06-06T12:22:56.7732462Z /usr/bin/tar: ../../../../../usr/local/lib/android/sdk/platforms/android-36/data/res/values-be-watch: Cannot change mode to rwxr-xr-x: Operation not permitted
build	Cache Android SDK	2026-06-06T12:22:56.7734349Z /usr/bin/tar: ../../../../../usr/local/lib/android/sdk/platforms/android-36/data/res/values-fi-television: Cannot utime: Operation not permitted
build	Cache Android SDK	2026-06-06T12:22:56.7735456Z /usr/bin/tar: ../../../../../usr/local/lib/android/sdk/platforms/android-36/data/res/values-fi-television: Cannot change mode to rwxr-xr-x: Operation not permitted
build	Cache Android SDK	2026-06-06T12:22:56.7737537Z /usr/bin/tar: ../../../../../usr/local/lib/android/sdk/platforms/android-36/data/res/values-mcc310-mnc800-pt-rPT: Cannot utime: Operation not permitted
build	Cache Android SDK	2026-06-06T12:22:56.7738602Z /usr/bin/tar: ../../../../../usr/local/lib/android/sdk/platforms/android-36/data/res/values-mcc310-mnc800-pt-rPT: Cannot change mode to rwxr-xr-x: Operation not permitted
build	Cache Android SDK	2026-06-06T12:22:56.7740515Z /usr/bin/tar: ../../../../../usr/local/lib/android/sdk/platforms/android-36/data/res/values-mcc310-mnc490-hi: Cannot utime: Operation not permitted
build	Cache Android SDK	2026-06-06T12:22:56.7741456Z /usr/bin/tar: ../../../../../usr/local/lib/android/sdk/platforms/android-36/data/res/values-mcc310-mnc490-hi: Cannot change mode to rwxr-xr-x: Operation not permitted
build	Cache Android SDK	2026-06-06T12:22:56.7743334Z /usr/bin/tar: ../../../../../usr/local/lib/android/sdk/platforms/android-36/data/res/values-mcc001-mnc01-hu: Cannot utime: Operation not permitted
build	Cache Android SDK	2026-06-06T12:22:56.7744274Z /usr/bin/tar: ../../../../../usr/local/lib/android/sdk/platforms/android-36/data/res/values-mcc001-mnc01-hu: Cannot change mode to rwxr-xr-x: Operation not permitted
build	Cache Android SDK	2026-06-06T12:22:56.7746511Z /usr/bin/tar: ../../../../../usr/local/lib/android/sdk/platforms/android-36/data/res/values-mcc724: Cannot utime: Operation not permitted
build	Cache Android SDK	2026-06-06T12:22:56.7747545Z /usr/bin/tar: ../../../../../usr/local/lib/android/sdk/platforms/android-36/data/res/values-mcc724: Cannot change mode to rwxr-xr-x: Operation not permitted
build	Cache Android SDK	2026-06-06T12:22:56.7749679Z /usr/bin/tar: ../../../../../usr/local/lib/android/sdk/platforms/android-36/data/res/values-mcc310-mnc310-ar: Cannot utime: Operation not permitted
build	Cache Android SDK	2026-06-06T12:22:56.7750608Z /usr/bin/tar: ../../../../../usr/local/lib/android/sdk/platforms/android-36/data/res/values-mcc310-mnc310-ar: Cannot change mode to rwxr-xr-x: Operation not permitted
build	Cache Android SDK	2026-06-06T12:22:56.7753633Z /usr/bin/tar: ../../../../../usr/local/lib/android/sdk/platforms/android-36/data/res/values-mcc310-mnc310-tr: Cannot utime: Operation not permitted
build	Cache Android SDK	2026-06-06T12:22:56.7754569Z /usr/bin/tar: ../../../../../usr/local/lib/android/sdk/platforms/android-36/data/res/values-mcc310-mnc310-tr: Cannot change mode to rwxr-xr-x: Operation not permitted
build	Cache Android SDK	2026-06-06T12:22:56.7756799Z /usr/bin/tar: ../../../../../usr/local/lib/android/sdk/platforms/android-36/data/res/values-mcc310-mnc410-sr: Cannot utime: Operation not permitted
build	Cache Android SDK	2026-06-06T12:22:56.7757876Z /usr/bin/tar: ../../../../../usr/local/lib/android/sdk/platforms/android-36/data/res/values-mcc310-mnc410-sr: Cannot change mode to rwxr-xr-x: Operation not permitted
build	Cache Android SDK	2026-06-06T12:22:56.7760412Z /usr/bin/tar: ../../../../../usr/local/lib/android/sdk/platforms/android-36/data/res/values-mcc310-mnc250-fa: Cannot utime: Operation not permitted
build	Cache Android SDK	2026-06-06T12:22:56.7761336Z /usr/bin/tar: ../../../../../usr/local/lib/android/sdk/platforms/android-36/data/res/values-mcc310-mnc250-fa: Cannot change mode to rwxr-xr-x: Operation not permitted
build	Cache Android SDK	2026-06-06T12:22:56.7763516Z /usr/bin/tar: ../../../../../usr/local/lib/android/sdk/platforms/android-36/data/res/values-mcc310-mnc660-pt: Cannot utime: Operation not permitted
build	Cache Android SDK	2026-06-06T12:22:56.7764520Z /usr/bin/tar: ../../../../../usr/local/lib/android/sdk/platforms/android-36/data/res/values-mcc310-mnc660-pt: Cannot change mode to rwxr-xr-x: Operation not permitted
build	Cache Android SDK	2026-06-06T12:22:56.7771903Z /usr/bin/tar: ../../../../../usr/local/lib/android/sdk/platforms/android-36/data/res/values-am: Cannot utime: Operation not permitted
build	Cache Android SDK	2026-06-06T12:22:56.7773160Z /usr/bin/tar: ../../../../../usr/local/lib/android/sdk/platforms/android-36/data/res/values-am: Cannot change mode to rwxr-xr-x: Operation not permitted
build	Cache Android SDK	2026-06-06T12:22:56.7774536Z /usr/bin/tar: ../../../../../usr/local/lib/android/sdk/platforms/android-36/data/res/values-mcc310-mnc030-be: Cannot utime: Operation not permitted
build	Cache Android SDK	2026-06-06T12:22:56.7775714Z /usr/bin/tar: ../../../../../usr/local/lib/android/sdk/platforms/android-36/data/res/values-mcc310-mnc030-be: Cannot change mode to rwxr-xr-x: Operation not permitted
build	Cache Android SDK	2026-06-06T12:22:56.7778428Z /usr/bin/tar: ../../../../../usr/local/lib/android/sdk/platforms/android-36/data/res/values-mcc310-mnc950-si: Cannot utime: Operation not permitted
build	Cache Android SDK	2026-06-06T12:22:56.7779465Z /usr/bin/tar: ../../../../../usr/local/lib/android/sdk/platforms/android-36/data/res/values-mcc310-mnc950-si: Cannot change mode to rwxr-xr-x: Operation not permitted
build	Cache Android SDK	2026-06-06T12:22:56.7781999Z /usr/bin/tar: ../../../../../usr/local/lib/android/sdk/platforms/android-36/data/res/values-mcc310-mnc270-eu: Cannot utime: Operation not permitted
build	Cache Android SDK	2026-06-06T12:22:56.7782943Z /usr/bin/tar: ../../../../../usr/local/lib/android/sdk/platforms/android-36/data/res/values-mcc310-mnc270-eu: Cannot change mode to rwxr-xr-x: Operation not permitted
build	Cache Android SDK	2026-06-06T12:22:56.7784904Z /usr/bin/tar: ../../../../../usr/local/lib/android/sdk/platforms/android-36/data/res/values-mcc310-mnc220-si: Cannot utime: Operation not permitted
build	Cache Android SDK	2026-06-06T12:22:56.7785852Z /usr/bin/tar: ../../../../../usr/local/lib/android/sdk/platforms/android-36/data/res/values-mcc310-mnc220-si: Cannot change mode to rwxr-xr-x: Operation not permitted
build	Cache Android SDK	2026-06-06T12:22:56.7788635Z /usr/bin/tar: ../../../../../usr/local/lib/android/sdk/platforms/android-36/data/res/values-mcc313-mnc100-uk: Cannot utime: Operation not permitted
build	Cache Android SDK	2026-06-06T12:22:56.7789842Z /usr/bin/tar: ../../../../../usr/local/lib/android/sdk/platforms/android-36/data/res/values-mcc313-mnc100-uk: Cannot change mode to rwxr-xr-x: Operation not permitted
build	Cache Android SDK	2026-06-06T12:22:56.7791272Z /usr/bin/tar: ../../../../../usr/local/lib/android/sdk/platforms/android-36/data/res/values-mcc311-mnc180-bs: Cannot utime: Operation not permitted
build	Cache Android SDK	2026-06-06T12:22:56.7792186Z /usr/bin/tar: ../../../../../usr/local/lib/android/sdk/platforms/android-36/data/res/values-mcc311-mnc180-bs: Cannot change mode to rwxr-xr-x: Operation not permitted
build	Cache Android SDK	2026-06-06T12:22:56.7798850Z /usr/bin/tar: ../../../../../usr/local/lib/android/sdk/platforms/android-36/data/res/values-nb: Cannot utime: Operation not permitted
build	Cache Android SDK	2026-06-06T12:22:56.7799723Z /usr/bin/tar: ../../../../../usr/local/lib/android/sdk/platforms/android-36/data/res/values-nb: Cannot change mode to rwxr-xr-x: Operation not permitted
build	Cache Android SDK	2026-06-06T12:22:56.7801685Z /usr/bin/tar: ../../../../../usr/local/lib/android/sdk/platforms/android-36/data/res/values-mcc310-mnc250-gl: Cannot utime: Operation not permitted
build	Cache Android SDK	2026-06-06T12:22:56.7802612Z /usr/bin/tar: ../../../../../usr/local/lib/android/sdk/platforms/android-36/data/res/values-mcc310-mnc250-gl: Cannot change mode to rwxr-xr-x: Operation not permitted
build	Cache Android SDK	2026-06-06T12:22:56.7805358Z /usr/bin/tar: ../../../../../usr/local/lib/android/sdk/platforms/android-36/data/res/values-mcc310-mnc270-en-rIN: Cannot utime: Operation not permitted
build	Cache Android SDK	2026-06-06T12:22:56.7806334Z /usr/bin/tar: ../../../../../usr/local/lib/android/sdk/platforms/android-36/data/res/values-mcc310-mnc270-en-rIN: Cannot change mode to rwxr-xr-x: Operation not permitted
build	Cache Android SDK	2026-06-06T12:22:56.7808570Z /usr/bin/tar: ../../../../../usr/local/lib/android/sdk/platforms/android-36/data/res/raw-cs: Cannot utime: Operation not permitted
build	Cache Android SDK	2026-06-06T12:22:56.7809465Z /usr/bin/tar: ../../../../../usr/local/lib/android/sdk/platforms/android-36/data/res/raw-cs: Cannot change mode to rwxr-xr-x: Operation not permitted
build	Cache Android SDK	2026-06-06T12:22:56.7811806Z /usr/bin/tar: ../../../../../usr/local/lib/android/sdk/platforms/android-36/data/res/values-mcc310-mnc160-mr: Cannot utime: Operation not permitted
build	Cache Android SDK	2026-06-06T12:22:56.7812738Z /usr/bin/tar: ../../../../../usr/local/lib/android/sdk/platforms/android-36/data/res/values-mcc310-mnc160-mr: Cannot change mode to rwxr-xr-x: Operation not permitted
build	Cache Android SDK	2026-06-06T12:22:56.7815147Z /usr/bin/tar: ../../../../../usr/local/lib/android/sdk/platforms/android-36/data/res/values-mcc302-mnc370-en-rGB: Cannot utime: Operation not permitted
build	Cache Android SDK	2026-06-06T12:22:56.7816239Z /usr/bin/tar: ../../../../../usr/local/lib/android/sdk/platforms/android-36/data/res/values-mcc302-mnc370-en-rGB: Cannot change mode to rwxr-xr-x: Operation not permitted
build	Cache Android SDK	2026-06-06T12:22:56.7818147Z /usr/bin/tar: ../../../../../usr/local/lib/android/sdk/platforms/android-36/data/res/values-mcc310-mnc490-pt-rBR: Cannot utime: Operation not permitted
build	Cache Android SDK	2026-06-06T12:22:56.7819222Z /usr/bin/tar: ../../../../../usr/local/lib/android/sdk/platforms/android-36/data/res/values-mcc310-mnc490-pt-rBR: Cannot change mode to rwxr-xr-x: Operation not permitted
build	Cache Android SDK	2026-06-06T12:22:56.7821632Z /usr/bin/tar: ../../../../../usr/local/lib/android/sdk/platforms/android-36/data/res/values-mcc311-mnc180-ur: Cannot utime: Operation not permitted
build	Cache Android SDK	2026-06-06T12:22:56.7822568Z /usr/bin/tar: ../../../../../usr/local/lib/android/sdk/platforms/android-36/data/res/values-mcc311-mnc180-ur: Cannot change mode to rwxr-xr-x: Operation not permitted
build	Cache Android SDK	2026-06-06T12:22:56.7824703Z /usr/bin/tar: ../../../../../usr/local/lib/android/sdk/platforms/android-36/data/res/values-mcc334-mnc020-te: Cannot utime: Operation not permitted
build	Cache Android SDK	2026-06-06T12:22:56.7825652Z /usr/bin/tar: ../../../../../usr/local/lib/android/sdk/platforms/android-36/data/res/values-mcc334-mnc020-te: Cannot change mode to rwxr-xr-x: Operation not permitted
build	Cache Android SDK	2026-06-06T12:22:56.7828423Z /usr/bin/tar: ../../../../../usr/local/lib/android/sdk/platforms/android-36/data/res/values-mcc312-mnc670-ky: Cannot utime: Operation not permitted
build	Cache Android SDK	2026-06-06T12:22:56.7829752Z /usr/bin/tar: ../../../../../usr/local/lib/android/sdk/platforms/android-36/data/res/values-mcc312-mnc670-ky: Cannot change mode to rwxr-xr-x: Operation not permitted
build	Cache Android SDK	2026-06-06T12:22:56.7833322Z /usr/bin/tar: ../../../../../usr/local/lib/android/sdk/platforms/android-36/data/res/values-mcc310-mnc030-ml: Cannot utime: Operation not permitted
build	Cache Android SDK	2026-06-06T12:22:56.7834348Z /usr/bin/tar: ../../../../../usr/local/lib/android/sdk/platforms/android-36/data/res/values-mcc310-mnc030-ml: Cannot change mode to rwxr-xr-x: Operation not permitted
build	Cache Android SDK	2026-06-06T12:22:56.7836196Z /usr/bin/tar: ../../../../../usr/local/lib/android/sdk/platforms/android-36/data/res/values-mcc310-mnc380-sl: Cannot utime: Operation not permitted
build	Cache Android SDK	2026-06-06T12:22:56.7837135Z /usr/bin/tar: ../../../../../usr/local/lib/android/sdk/platforms/android-36/data/res/values-mcc310-mnc380-sl: Cannot change mode to rwxr-xr-x: Operation not permitted
build	Cache Android SDK	2026-06-06T12:22:56.7844923Z /usr/bin/tar: ../../../../../usr/local/lib/android/sdk/platforms/android-36/data/res/values-mcc310-mnc030-ka: Cannot utime: Operation not permitted
build	Cache Android SDK	2026-06-06T12:22:56.7845864Z /usr/bin/tar: ../../../../../usr/local/lib/android/sdk/platforms/android-36/data/res/values-mcc310-mnc030-ka: Cannot change mode to rwxr-xr-x: Operation not permitted
build	Cache Android SDK	2026-06-06T12:22:56.7848028Z /usr/bin/tar: ../../../../../usr/local/lib/android/sdk/platforms/android-36/data/res/values-mcc310-mnc950-nl: Cannot utime: Operation not permitted
build	Cache Android SDK	2026-06-06T12:22:56.7848965Z /usr/bin/tar: ../../../../../usr/local/lib/android/sdk/platforms/android-36/data/res/values-mcc310-mnc950-nl: Cannot change mode to rwxr-xr-x: Operation not permitted
build	Cache Android SDK	2026-06-06T12:22:56.7851141Z /usr/bin/tar: ../../../../../usr/local/lib/android/sdk/platforms/android-36/data/res/values-mcc312-mnc670-sq: Cannot utime: Operation not permitted
build	Cache Android SDK	2026-06-06T12:22:56.7852133Z /usr/bin/tar: ../../../../../usr/local/lib/android/sdk/platforms/android-36/data/res/values-mcc312-mnc670-sq: Cannot change mode to rwxr-xr-x: Operation not permitted
build	Cache Android SDK	2026-06-06T12:22:56.7858252Z /usr/bin/tar: ../../../../../usr/local/lib/android/sdk/platforms/android-36/data/res/values-ur: Cannot utime: Operation not permitted
build	Cache Android SDK	2026-06-06T12:22:56.7859095Z /usr/bin/tar: ../../../../../usr/local/lib/android/sdk/platforms/android-36/data/res/values-ur: Cannot change mode to rwxr-xr-x: Operation not permitted
build	Cache Android SDK	2026-06-06T12:22:56.7862342Z /usr/bin/tar: ../../../../../usr/local/lib/android/sdk/platforms/android-36/data/res/values-mcc310-mnc270-te: Cannot utime: Operation not permitted
build	Cache Android SDK	2026-06-06T12:22:56.7863476Z /usr/bin/tar: ../../../../../usr/local/lib/android/sdk/platforms/android-36/data/res/values-mcc310-mnc270-te: Cannot change mode to rwxr-xr-x: Operation not permitted
build	Cache Android SDK	2026-06-06T12:22:56.7865042Z /usr/bin/tar: ../../../../../usr/local/lib/android/sdk/platforms/android-36/data/res/values-mcc310-mnc160-nl: Cannot utime: Operation not permitted
build	Cache Android SDK	2026-06-06T12:22:56.7866037Z /usr/bin/tar: ../../../../../usr/local/lib/android/sdk/platforms/android-36/data/res/values-mcc310-mnc160-nl: Cannot change mode to rwxr-xr-x: Operation not permitted
build	Cache Android SDK	2026-06-06T12:22:56.7868398Z /usr/bin/tar: ../../../../../usr/local/lib/android/sdk/platforms/android-36/data/res/values-mcc302-mnc720-eu: Cannot utime: Operation not permitted
build	Cache Android SDK	2026-06-06T12:22:56.7869400Z /usr/bin/tar: ../../../../../usr/local/lib/android/sdk/platforms/android-36/data/res/values-mcc302-mnc720-eu: Cannot change mode to rwxr-xr-x: Operation not permitted
build	Cache Android SDK	2026-06-06T12:22:56.7872742Z /usr/bin/tar: ../../../../../usr/local/lib/android/sdk/platforms/android-36/data/res/values-mcc310-mnc250-am: Cannot utime: Operation not permitted
build	Cache Android SDK	2026-06-06T12:22:56.7873750Z /usr/bin/tar: ../../../../../usr/local/lib/android/sdk/platforms/android-36/data/res/values-mcc310-mnc250-am: Cannot change mode to rwxr-xr-x: Operation not permitted
build	Cache Android SDK	2026-06-06T12:22:56.7875882Z /usr/bin/tar: ../../../../../usr/local/lib/android/sdk/platforms/android-36/data/res/values-mcc310-mnc210-bn: Cannot utime: Operation not permitted
build	Cache Android SDK	2026-06-06T12:22:56.7876819Z /usr/bin/tar: ../../../../../usr/local/lib/android/sdk/platforms/android-36/data/res/values-mcc310-mnc210-bn: Cannot change mode to rwxr-xr-x: Operation not permitted
build	Cache Android SDK	2026-06-06T12:22:56.7879346Z /usr/bin/tar: ../../../../../usr/local/lib/android/sdk/platforms/android-36/data/res/values-sw640dp: Cannot utime: Operation not permitted
build	Cache Android SDK	2026-06-06T12:22:56.7880225Z /usr/bin/tar: ../../../../../usr/local/lib/android/sdk/platforms/android-36/data/res/values-sw640dp: Cannot change mode to rwxr-xr-x: Operation not permitted
build	Cache Android SDK	2026-06-06T12:22:56.7885770Z /usr/bin/tar: ../../../../../usr/local/lib/android/sdk/platforms/android-36/data/res/values-nl: Cannot utime: Operation not permitted
build	Cache Android SDK	2026-06-06T12:22:56.7886793Z /usr/bin/tar: ../../../../../usr/local/lib/android/sdk/platforms/android-36/data/res/values-nl: Cannot change mode to rwxr-xr-x: Operation not permitted
build	Cache Android SDK	2026-06-06T12:22:56.7888318Z /usr/bin/tar: ../../../../../usr/local/lib/android/sdk/platforms/android-36/data/res/values-tr-watch: Cannot utime: Operation not permitted
build	Cache Android SDK	2026-06-06T12:22:56.7889215Z /usr/bin/tar: ../../../../../usr/local/lib/android/sdk/platforms/android-36/data/res/values-tr-watch: Cannot change mode to rwxr-xr-x: Operation not permitted
build	Cache Android SDK	2026-06-06T12:22:56.7891641Z /usr/bin/tar: ../../../../../usr/local/lib/android/sdk/platforms/android-36/data/res/values-mcc310-mnc310-az: Cannot utime: Operation not permitted
build	Cache Android SDK	2026-06-06T12:22:56.7892546Z /usr/bin/tar: ../../../../../usr/local/lib/android/sdk/platforms/android-36/data/res/values-mcc310-mnc310-az: Cannot change mode to rwxr-xr-x: Operation not permitted
build	Cache Android SDK	2026-06-06T12:22:56.7894690Z /usr/bin/tar: ../../../../../usr/local/lib/android/sdk/platforms/android-36/data/res/values-mcc310-mnc240-es: Cannot utime: Operation not permitted
build	Cache Android SDK	2026-06-06T12:22:56.7895736Z /usr/bin/tar: ../../../../../usr/local/lib/android/sdk/platforms/android-36/data/res/values-mcc310-mnc240-es: Cannot change mode to rwxr-xr-x: Operation not permitted
build	Cache Android SDK	2026-06-06T12:22:56.7897923Z /usr/bin/tar: ../../../../../usr/local/lib/android/sdk/platforms/android-36/data/res/values-mcc310-mnc200-hi: Cannot utime: Operation not permitted
build	Cache Android SDK	2026-06-06T12:22:56.7898828Z /usr/bin/tar: ../../../../../usr/local/lib/android/sdk/platforms/android-36/data/res/values-mcc310-mnc200-hi: Cannot change mode to rwxr-xr-x: Operation not permitted
build	Cache Android SDK	2026-06-06T12:22:56.7901009Z /usr/bin/tar: ../../../../../usr/local/lib/android/sdk/platforms/android-36/data/res/values-gu-television: Cannot utime: Operation not permitted
build	Cache Android SDK	2026-06-06T12:22:56.7901940Z /usr/bin/tar: ../../../../../usr/local/lib/android/sdk/platforms/android-36/data/res/values-gu-television: Cannot change mode to rwxr-xr-x: Operation not permitted
build	Cache Android SDK	2026-06-06T12:22:56.7904533Z /usr/bin/tar: ../../../../../usr/local/lib/android/sdk/platforms/android-36/data/res/values-mcc310-mnc230-be: Cannot utime: Operation not permitted
build	Cache Android SDK	2026-06-06T12:22:56.7905866Z /usr/bin/tar: ../../../../../usr/local/lib/android/sdk/platforms/android-36/data/res/values-mcc310-mnc230-be: Cannot change mode to rwxr-xr-x: Operation not permitted
build	Cache Android SDK	2026-06-06T12:22:56.7908038Z /usr/bin/tar: ../../../../../usr/local/lib/android/sdk/platforms/android-36/data/res/values-mcc334-mnc020: Cannot utime: Operation not permitted
build	Cache Android SDK	2026-06-06T12:22:56.7909108Z /usr/bin/tar: ../../../../../usr/local/lib/android/sdk/platforms/android-36/data/res/values-mcc334-mnc020: Cannot change mode to rwxr-xr-x: Operation not permitted
build	Cache Android SDK	2026-06-06T12:22:56.7910926Z /usr/bin/tar: ../../../../../usr/local/lib/android/sdk/platforms/android-36/data/res/values-mcc310-mnc950-fr: Cannot utime: Operation not permitted
build	Cache Android SDK	2026-06-06T12:22:56.7911874Z /usr/bin/tar: ../../../../../usr/local/lib/android/sdk/platforms/android-36/data/res/values-mcc310-mnc950-fr: Cannot change mode to rwxr-xr-x: Operation not permitted
build	Cache Android SDK	2026-06-06T12:22:56.7914224Z /usr/bin/tar: ../../../../../usr/local/lib/android/sdk/platforms/android-36/data/res/values-mcc334-mnc020-mr: Cannot utime: Operation not permitted
build	Cache Android SDK	2026-06-06T12:22:56.7915178Z /usr/bin/tar: ../../../../../usr/local/lib/android/sdk/platforms/android-36/data/res/values-mcc334-mnc020-mr: Cannot change mode to rwxr-xr-x: Operation not permitted
build	Cache Android SDK	2026-06-06T12:22:56.7917129Z /usr/bin/tar: ../../../../../usr/local/lib/android/sdk/platforms/android-36/data/res/values-mcc310-mnc220-tl: Cannot utime: Operation not permitted
build	Cache Android SDK	2026-06-06T12:22:56.7918312Z /usr/bin/tar: ../../../../../usr/local/lib/android/sdk/platforms/android-36/data/res/values-mcc310-mnc220-tl: Cannot change mode to rwxr-xr-x: Operation not permitted
build	Cache Android SDK	2026-06-06T12:22:56.7922766Z /usr/bin/tar: ../../../../../usr/local/lib/android/sdk/platforms/android-36/data/res/values-night: Cannot utime: Operation not permitted
build	Cache Android SDK	2026-06-06T12:22:56.7923711Z /usr/bin/tar: ../../../../../usr/local/lib/android/sdk/platforms/android-36/data/res/values-night: Cannot change mode to rwxr-xr-x: Operation not permitted
build	Cache Android SDK	2026-06-06T12:22:56.7926269Z /usr/bin/tar: ../../../../../usr/local/lib/android/sdk/platforms/android-36/data/res/values-mcc310-mnc030-de: Cannot utime: Operation not permitted
build	Cache Android SDK	2026-06-06T12:22:56.7927514Z /usr/bin/tar: ../../../../../usr/local/lib/android/sdk/platforms/android-36/data/res/values-mcc310-mnc030-de: Cannot change mode to rwxr-xr-x: Operation not permitted
build	Cache Android SDK	2026-06-06T12:22:56.7929047Z /usr/bin/tar: ../../../../../usr/local/lib/android/sdk/platforms/android-36/data/res/values-tl-watch: Cannot utime: Operation not permitted
build	Cache Android SDK	2026-06-06T12:22:56.7929933Z /usr/bin/tar: ../../../../../usr/local/lib/android/sdk/platforms/android-36/data/res/values-tl-watch: Cannot change mode to rwxr-xr-x: Operation not permitted
build	Cache Android SDK	2026-06-06T12:22:56.7932556Z /usr/bin/tar: ../../../../../usr/local/lib/android/sdk/platforms/android-36/data/res/values-mcc313-mnc100-my: Cannot utime: Operation not permitted
build	Cache Android SDK	2026-06-06T12:22:56.7933719Z /usr/bin/tar: ../../../../../usr/local/lib/android/sdk/platforms/android-36/data/res/values-mcc313-mnc100-my: Cannot change mode to rwxr-xr-x: Operation not permitted
build	Cache Android SDK	2026-06-06T12:22:56.7935462Z /usr/bin/tar: ../../../../../usr/local/lib/android/sdk/platforms/android-36/data/res/values-mcc310-mnc160-ne: Cannot utime: Operation not permitted
build	Cache Android SDK	2026-06-06T12:22:56.7936388Z /usr/bin/tar: ../../../../../usr/local/lib/android/sdk/platforms/android-36/data/res/values-mcc310-mnc160-ne: Cannot change mode to rwxr-xr-x: Operation not permitted
build	Cache Android SDK	2026-06-06T12:22:56.7939253Z /usr/bin/tar: ../../../../../usr/local/lib/android/sdk/platforms/android-36/data/res/values-mcc311-mnc180-sw: Cannot utime: Operation not permitted
build	Cache Android SDK	2026-06-06T12:22:56.7940183Z /usr/bin/tar: ../../../../../usr/local/lib/android/sdk/platforms/android-36/data/res/values-mcc311-mnc180-sw: Cannot change mode to rwxr-xr-x: Operation not permitted
build	Cache Android SDK	2026-06-06T12:22:56.7942101Z /usr/bin/tar: ../../../../../usr/local/lib/android/sdk/platforms/android-36/data/res/values-mcc310-mnc660-iw: Cannot utime: Operation not permitted
build	Cache Android SDK	2026-06-06T12:22:56.7943023Z /usr/bin/tar: ../../../../../usr/local/lib/android/sdk/platforms/android-36/data/res/values-mcc310-mnc660-iw: Cannot change mode to rwxr-xr-x: Operation not permitted
build	Cache Android SDK	2026-06-06T12:22:56.7945293Z /usr/bin/tar: ../../../../../usr/local/lib/android/sdk/platforms/android-36/data/res/values-mcc310-mnc150-zu: Cannot utime: Operation not permitted
build	Cache Android SDK	2026-06-06T12:22:56.7946214Z /usr/bin/tar: ../../../../../usr/local/lib/android/sdk/platforms/android-36/data/res/values-mcc310-mnc150-zu: Cannot change mode to rwxr-xr-x: Operation not permitted
build	Cache Android SDK	2026-06-06T12:22:56.7949177Z /usr/bin/tar: ../../../../../usr/local/lib/android/sdk/platforms/android-36/data/res/values-mcc313-mnc100-in: Cannot utime: Operation not permitted
build	Cache Android SDK	2026-06-06T12:22:56.7950240Z /usr/bin/tar: ../../../../../usr/local/lib/android/sdk/platforms/android-36/data/res/values-mcc313-mnc100-in: Cannot change mode to rwxr-xr-x: Operation not permitted
build	Cache Android SDK	2026-06-06T12:22:56.7952060Z /usr/bin/tar: ../../../../../usr/local/lib/android/sdk/platforms/android-36/data/res/values-mcc310-mnc160-uk: Cannot utime: Operation not permitted
build	Cache Android SDK	2026-06-06T12:22:56.7953002Z /usr/bin/tar: ../../../../../usr/local/lib/android/sdk/platforms/android-36/data/res/values-mcc310-mnc160-uk: Cannot change mode to rwxr-xr-x: Operation not permitted
build	Cache Android SDK	2026-06-06T12:22:56.7956019Z /usr/bin/tar: ../../../../../usr/local/lib/android/sdk/platforms/android-36/data/res/values-uk-rUA: Cannot utime: Operation not permitted
build	Cache Android SDK	2026-06-06T12:22:56.7956992Z /usr/bin/tar: ../../../../../usr/local/lib/android/sdk/platforms/android-36/data/res/values-uk-rUA: Cannot change mode to rwxr-xr-x: Operation not permitted
build	Cache Android SDK	2026-06-06T12:22:56.7959094Z /usr/bin/tar: ../../../../../usr/local/lib/android/sdk/platforms/android-36/data/res/values-mcc310-mnc230-bn: Cannot utime: Operation not permitted
build	Cache Android SDK	2026-06-06T12:22:56.7960309Z /usr/bin/tar: ../../../../../usr/local/lib/android/sdk/platforms/android-36/data/res/values-mcc310-mnc230-bn: Cannot change mode to rwxr-xr-x: Operation not permitted
build	Cache Android SDK	2026-06-06T12:22:56.7962053Z /usr/bin/tar: ../../../../../usr/local/lib/android/sdk/platforms/android-36/data/res/values-tl-rPH: Cannot utime: Operation not permitted
build	Cache Android SDK	2026-06-06T12:22:56.7963188Z /usr/bin/tar: ../../../../../usr/local/lib/android/sdk/platforms/android-36/data/res/values-tl-rPH: Cannot change mode to rwxr-xr-x: Operation not permitted
build	Cache Android SDK	2026-06-06T12:22:56.7965269Z /usr/bin/tar: ../../../../../usr/local/lib/android/sdk/platforms/android-36/data/res/values-mcc310-mnc200-si: Cannot utime: Operation not permitted
build	Cache Android SDK	2026-06-06T12:22:56.7966487Z /usr/bin/tar: ../../../../../usr/local/lib/android/sdk/platforms/android-36/data/res/values-mcc310-mnc200-si: Cannot change mode to rwxr-xr-x: Operation not permitted
build	Cache Android SDK	2026-06-06T12:22:56.7968625Z /usr/bin/tar: ../../../../../usr/local/lib/android/sdk/platforms/android-36/data/res/values-mcc310-mnc310-af: Cannot utime: Operation not permitted
build	Cache Android SDK	2026-06-06T12:22:56.7969647Z /usr/bin/tar: ../../../../../usr/local/lib/android/sdk/platforms/android-36/data/res/values-mcc310-mnc310-af: Cannot change mode to rwxr-xr-x: Operation not permitted
build	Cache Android SDK	2026-06-06T12:22:56.7972214Z /usr/bin/tar: ../../../../../usr/local/lib/android/sdk/platforms/android-36/data/res/values-mcc310-mnc240-lt: Cannot utime: Operation not permitted
build	Cache Android SDK	2026-06-06T12:22:56.7973157Z /usr/bin/tar: ../../../../../usr/local/lib/android/sdk/platforms/android-36/data/res/values-mcc310-mnc240-lt: Cannot change mode to rwxr-xr-x: Operation not permitted
build	Cache Android SDK	2026-06-06T12:22:56.7975769Z /usr/bin/tar: ../../../../../usr/local/lib/android/sdk/platforms/android-36/data/res/values-mcc310-mnc660-pa: Cannot utime: Operation not permitted
build	Cache Android SDK	2026-06-06T12:22:56.7976690Z /usr/bin/tar: ../../../../../usr/local/lib/android/sdk/platforms/android-36/data/res/values-mcc310-mnc660-pa: Cannot change mode to rwxr-xr-x: Operation not permitted
build	Cache Android SDK	2026-06-06T12:22:56.7979224Z /usr/bin/tar: ../../../../../usr/local/lib/android/sdk/platforms/android-36/data/res/values-mcc310-mnc310-fa: Cannot utime: Operation not permitted
build	Cache Android SDK	2026-06-06T12:22:56.7980164Z /usr/bin/tar: ../../../../../usr/local/lib/android/sdk/platforms/android-36/data/res/values-mcc310-mnc310-fa: Cannot change mode to rwxr-xr-x: Operation not permitted
build	Cache Android SDK	2026-06-06T12:22:56.7982933Z /usr/bin/tar: ../../../../../usr/local/lib/android/sdk/platforms/android-36/data/res/values-mcc310-mnc230-in: Cannot utime: Operation not permitted
build	Cache Android SDK	2026-06-06T12:22:56.7983887Z /usr/bin/tar: ../../../../../usr/local/lib/android/sdk/platforms/android-36/data/res/values-mcc310-mnc230-in: Cannot change mode to rwxr-xr-x: Operation not permitted
build	Cache Android SDK	2026-06-06T12:22:56.8022370Z /usr/bin/tar: ../../../../../usr/local/lib/android/sdk/platforms/android-36/data/res/color: Cannot utime: Operation not permitted
build	Cache Android SDK	2026-06-06T12:22:56.8023420Z /usr/bin/tar: ../../../../../usr/local/lib/android/sdk/platforms/android-36/data/res/color: Cannot change mode to rwxr-xr-x: Operation not permitted
build	Cache Android SDK	2026-06-06T12:22:56.8025337Z /usr/bin/tar: ../../../../../usr/local/lib/android/sdk/platforms/android-36/data/res/values-mcc312-mnc670-be: Cannot utime: Operation not permitted
build	Cache Android SDK	2026-06-06T12:22:56.8026281Z /usr/bin/tar: ../../../../../usr/local/lib/android/sdk/platforms/android-36/data/res/values-mcc312-mnc670-be: Cannot change mode to rwxr-xr-x: Operation not permitted
build	Cache Android SDK	2026-06-06T12:22:56.8029612Z /usr/bin/tar: ../../../../../usr/local/lib/android/sdk/platforms/android-36/data/res/values-mcc310-mnc410-mk: Cannot utime: Operation not permitted
build	Cache Android SDK	2026-06-06T12:22:56.8030604Z /usr/bin/tar: ../../../../../usr/local/lib/android/sdk/platforms/android-36/data/res/values-mcc310-mnc410-mk: Cannot change mode to rwxr-xr-x: Operation not permitted
build	Cache Android SDK	2026-06-06T12:22:56.8032086Z /usr/bin/tar: ../../../../../usr/local/lib/android/sdk/platforms/android-36/data/res/values-mcc313-mnc100-sv: Cannot utime: Operation not permitted
build	Cache Android SDK	2026-06-06T12:22:56.8033083Z /usr/bin/tar: ../../../../../usr/local/lib/android/sdk/platforms/android-36/data/res/values-mcc313-mnc100-sv: Cannot change mode to rwxr-xr-x: Operation not permitted
build	Cache Android SDK	2026-06-06T12:22:56.8035202Z /usr/bin/tar: ../../../../../usr/local/lib/android/sdk/platforms/android-36/data/res/values-mcc310-mnc410-sl: Cannot utime: Operation not permitted
build	Cache Android SDK	2026-06-06T12:22:56.8036199Z /usr/bin/tar: ../../../../../usr/local/lib/android/sdk/platforms/android-36/data/res/values-mcc310-mnc410-sl: Cannot change mode to rwxr-xr-x: Operation not permitted
build	Cache Android SDK	2026-06-06T12:22:56.8037989Z /usr/bin/tar: ../../../../../usr/local/lib/android/sdk/platforms/android-36/data/res/values-mcc302-mnc370-en-rAU: Cannot utime: Operation not permitted
build	Cache Android SDK	2026-06-06T12:22:56.8039046Z /usr/bin/tar: ../../../../../usr/local/lib/android/sdk/platforms/android-36/data/res/values-mcc302-mnc370-en-rAU: Cannot change mode to rwxr-xr-x: Operation not permitted
build	Cache Android SDK	2026-06-06T12:22:56.8041403Z /usr/bin/tar: ../../../../../usr/local/lib/android/sdk/platforms/android-36/data/res/values-mcc310-mnc210-vi: Cannot utime: Operation not permitted
build	Cache Android SDK	2026-06-06T12:22:56.8042571Z /usr/bin/tar: ../../../../../usr/local/lib/android/sdk/platforms/android-36/data/res/values-mcc310-mnc210-vi: Cannot change mode to rwxr-xr-x: Operation not permitted
build	Cache Android SDK	2026-06-06T12:22:56.8044294Z /usr/bin/tar: ../../../../../usr/local/lib/android/sdk/platforms/android-36/data/res/values-mcc310-mnc030-ur: Cannot utime: Operation not permitted
build	Cache Android SDK	2026-06-06T12:22:56.8045729Z /usr/bin/tar: ../../../../../usr/local/lib/android/sdk/platforms/android-36/data/res/values-mcc310-mnc030-ur: Cannot change mode to rwxr-xr-x: Operation not permitted
build	Cache Android SDK	2026-06-06T12:22:56.8048686Z /usr/bin/tar: ../../../../../usr/local/lib/android/sdk/platforms/android-36/data/res/color-night: Cannot utime: Operation not permitted
build	Cache Android SDK	2026-06-06T12:22:56.8050293Z /usr/bin/tar: ../../../../../usr/local/lib/android/sdk/platforms/android-36/data/res/color-night: Cannot change mode to rwxr-xr-x: Operation not permitted
build	Cache Android SDK	2026-06-06T12:22:56.8052034Z /usr/bin/tar: ../../../../../usr/local/lib/android/sdk/platforms/android-36/data/res/values-mcc310-mnc240-ta: Cannot utime: Operation not permitted
build	Cache Android SDK	2026-06-06T12:22:56.8053697Z /usr/bin/tar: ../../../../../usr/local/lib/android/sdk/platforms/android-36/data/res/values-mcc310-mnc240-ta: Cannot change mode to rwxr-xr-x: Operation not permitted
build	Cache Android SDK	2026-06-06T12:22:56.8055251Z /usr/bin/tar: ../../../../../usr/local/lib/android/sdk/platforms/android-36/data/res/values-mcc313-mnc100-cs: Cannot utime: Operation not permitted
build	Cache Android SDK	2026-06-06T12:22:56.8056185Z /usr/bin/tar: ../../../../../usr/local/lib/android/sdk/platforms/android-36/data/res/values-mcc313-mnc100-cs: Cannot change mode to rwxr-xr-x: Operation not permitted
build	Cache Android SDK	2026-06-06T12:22:56.8058005Z /usr/bin/tar: ../../../../../usr/local/lib/android/sdk/platforms/android-36/data/res/values-mcc311-mnc180-uz: Cannot utime: Operation not permitted
build	Cache Android SDK	2026-06-06T12:22:56.8058927Z /usr/bin/tar: ../../../../../usr/local/lib/android/sdk/platforms/android-36/data/res/values-mcc311-mnc180-uz: Cannot change mode to rwxr-xr-x: Operation not permitted
build	Cache Android SDK	2026-06-06T12:22:56.8060951Z /usr/bin/tar: ../../../../../usr/local/lib/android/sdk/platforms/android-36/data/res/values-mcc312-mnc670-pt: Cannot utime: Operation not permitted
build	Cache Android SDK	2026-06-06T12:22:56.8061878Z /usr/bin/tar: ../../../../../usr/local/lib/android/sdk/platforms/android-36/data/res/values-mcc312-mnc670-pt: Cannot change mode to rwxr-xr-x: Operation not permitted
build	Cache Android SDK	2026-06-06T12:22:56.8064233Z /usr/bin/tar: ../../../../../usr/local/lib/android/sdk/platforms/android-36/data/res/values-mcc310-mnc250-tl: Cannot utime: Operation not permitted
build	Cache Android SDK	2026-06-06T12:22:56.8065160Z /usr/bin/tar: ../../../../../usr/local/lib/android/sdk/platforms/android-36/data/res/values-mcc310-mnc250-tl: Cannot change mode to rwxr-xr-x: Operation not permitted
build	Cache Android SDK	2026-06-06T12:22:56.8067682Z /usr/bin/tar: ../../../../../usr/local/lib/android/sdk/platforms/android-36/data/res/values-mcc310-mnc250-fr-rCA: Cannot utime: Operation not permitted
build	Cache Android SDK	2026-06-06T12:22:56.8068648Z /usr/bin/tar: ../../../../../usr/local/lib/android/sdk/platforms/android-36/data/res/values-mcc310-mnc250-fr-rCA: Cannot change mode to rwxr-xr-x: Operation not permitted
build	Cache Android SDK	2026-06-06T12:22:56.8070808Z /usr/bin/tar: ../../../../../usr/local/lib/android/sdk/platforms/android-36/data/res/values-mcc310-mnc150-bs: Cannot utime: Operation not permitted
build	Cache Android SDK	2026-06-06T12:22:56.8071740Z /usr/bin/tar: ../../../../../usr/local/lib/android/sdk/platforms/android-36/data/res/values-mcc310-mnc150-bs: Cannot change mode to rwxr-xr-x: Operation not permitted
build	Cache Android SDK	2026-06-06T12:22:56.8074110Z /usr/bin/tar: ../../../../../usr/local/lib/android/sdk/platforms/android-36/data/res/values-mcc310-mnc560-sk: Cannot utime: Operation not permitted
build	Cache Android SDK	2026-06-06T12:22:56.8075036Z /usr/bin/tar: ../../../../../usr/local/lib/android/sdk/platforms/android-36/data/res/values-mcc310-mnc560-sk: Cannot change mode to rwxr-xr-x: Operation not permitted
build	Cache Android SDK	2026-06-06T12:22:56.8077538Z /usr/bin/tar: ../../../../../usr/local/lib/android/sdk/platforms/android-36/data/res/values-mcc310-mnc030-zu: Cannot utime: Operation not permitted
build	Cache Android SDK	2026-06-06T12:22:56.8078634Z /usr/bin/tar: ../../../../../usr/local/lib/android/sdk/platforms/android-36/data/res/values-mcc310-mnc030-zu: Cannot change mode to rwxr-xr-x: Operation not permitted
build	Cache Android SDK	2026-06-06T12:22:56.8080511Z /usr/bin/tar: ../../../../../usr/local/lib/android/sdk/platforms/android-36/data/res/values-mcc450-mnc06: Cannot utime: Operation not permitted
build	Cache Android SDK	2026-06-06T12:22:56.8081439Z /usr/bin/tar: ../../../../../usr/local/lib/android/sdk/platforms/android-36/data/res/values-mcc450-mnc06: Cannot change mode to rwxr-xr-x: Operation not permitted
build	Cache Android SDK	2026-06-06T12:22:56.8083643Z /usr/bin/tar: ../../../../../usr/local/lib/android/sdk/platforms/android-36/data/res/values-mcc310-mnc800-es-rUS: Cannot utime: Operation not permitted
build	Cache Android SDK	2026-06-06T12:22:56.8084612Z /usr/bin/tar: ../../../../../usr/local/lib/android/sdk/platforms/android-36/data/res/values-mcc310-mnc800-es-rUS: Cannot change mode to rwxr-xr-x: Operation not permitted
build	Cache Android SDK	2026-06-06T12:22:56.8087088Z /usr/bin/tar: ../../../../../usr/local/lib/android/sdk/platforms/android-36/data/res/values-mcc310-mnc560-mn: Cannot utime: Operation not permitted
build	Cache Android SDK	2026-06-06T12:22:56.8088120Z /usr/bin/tar: ../../../../../usr/local/lib/android/sdk/platforms/android-36/data/res/values-mcc310-mnc560-mn: Cannot change mode to rwxr-xr-x: Operation not permitted
build	Cache Android SDK	2026-06-06T12:22:56.8090089Z /usr/bin/tar: ../../../../../usr/local/lib/android/sdk/platforms/android-36/data/res/values-mcc313-mnc100-bn: Cannot utime: Operation not permitted
build	Cache Android SDK	2026-06-06T12:22:56.8090998Z /usr/bin/tar: ../../../../../usr/local/lib/android/sdk/platforms/android-36/data/res/values-mcc313-mnc100-bn: Cannot change mode to rwxr-xr-x: Operation not permitted
build	Cache Android SDK	2026-06-06T12:22:56.8093294Z /usr/bin/tar: ../../../../../usr/local/lib/android/sdk/platforms/android-36/data/res/values-mcc310-mnc200-hr: Cannot utime: Operation not permitted
build	Cache Android SDK	2026-06-06T12:22:56.8094203Z /usr/bin/tar: ../../../../../usr/local/lib/android/sdk/platforms/android-36/data/res/values-mcc310-mnc200-hr: Cannot change mode to rwxr-xr-x: Operation not permitted
build	Cache Android SDK	2026-06-06T12:22:56.8096284Z /usr/bin/tar: ../../../../../usr/local/lib/android/sdk/platforms/android-36/data/res/values-mcc310-mnc200-am: Cannot utime: Operation not permitted
build	Cache Android SDK	2026-06-06T12:22:56.8097197Z /usr/bin/tar: ../../../../../usr/local/lib/android/sdk/platforms/android-36/data/res/values-mcc310-mnc200-am: Cannot change mode to rwxr-xr-x: Operation not permitted
build	Cache Android SDK	2026-06-06T12:22:56.8099806Z /usr/bin/tar: ../../../../../usr/local/lib/android/sdk/platforms/android-36/data/res/values-mcc310-mnc800-sw: Cannot utime: Operation not permitted
build	Cache Android SDK	2026-06-06T12:22:56.8100972Z /usr/bin/tar: ../../../../../usr/local/lib/android/sdk/platforms/android-36/data/res/values-mcc310-mnc800-sw: Cannot change mode to rwxr-xr-x: Operation not permitted
build	Cache Android SDK	2026-06-06T12:22:56.8102925Z /usr/bin/tar: ../../../../../usr/local/lib/android/sdk/platforms/android-36/data/res/values-mcc302-mnc370-ne: Cannot utime: Operation not permitted
build	Cache Android SDK	2026-06-06T12:22:56.8103892Z /usr/bin/tar: ../../../../../usr/local/lib/android/sdk/platforms/android-36/data/res/values-mcc302-mnc370-ne: Cannot change mode to rwxr-xr-x: Operation not permitted
build	Cache Android SDK	2026-06-06T12:22:56.8108778Z /usr/bin/tar: ../../../../../usr/local/lib/android/sdk/platforms/android-36/data/res/drawable-sw600dp-mdpi: Cannot utime: Operation not permitted
build	Cache Android SDK	2026-06-06T12:22:56.8109924Z /usr/bin/tar: ../../../../../usr/local/lib/android/sdk/platforms/android-36/data/res/drawable-sw600dp-mdpi: Cannot change mode to rwxr-xr-x: Operation not permitted
build	Cache Android SDK	2026-06-06T12:22:56.8112035Z /usr/bin/tar: ../../../../../usr/local/lib/android/sdk/platforms/android-36/data/res/values-mcc310-mnc560-af: Cannot utime: Operation not permitted
build	Cache Android SDK	2026-06-06T12:22:56.8113210Z /usr/bin/tar: ../../../../../usr/local/lib/android/sdk/platforms/android-36/data/res/values-mcc310-mnc560-af: Cannot change mode to rwxr-xr-x: Operation not permitted
build	Cache Android SDK	2026-06-06T12:22:56.8114734Z /usr/bin/tar: ../../../../../usr/local/lib/android/sdk/platforms/android-36/data/res/values-mcc310-mnc310-pt-rBR: Cannot utime: Operation not permitted
build	Cache Android SDK	2026-06-06T12:22:56.8115808Z /usr/bin/tar: ../../../../../usr/local/lib/android/sdk/platforms/android-36/data/res/values-mcc310-mnc310-pt-rBR: Cannot change mode to rwxr-xr-x: Operation not permitted
build	Cache Android SDK	2026-06-06T12:22:56.8117978Z /usr/bin/tar: ../../../../../usr/local/lib/android/sdk/platforms/android-36/data/res/values-mcc302-mnc720-es-rUS: Cannot utime: Operation not permitted
build	Cache Android SDK	2026-06-06T12:22:56.8118945Z /usr/bin/tar: ../../../../../usr/local/lib/android/sdk/platforms/android-36/data/res/values-mcc302-mnc720-es-rUS: Cannot change mode to rwxr-xr-x: Operation not permitted
build	Cache Android SDK	2026-06-06T12:22:56.8121425Z /usr/bin/tar: ../../../../../usr/local/lib/android/sdk/platforms/android-36/data/res/values-mcc310-mnc270-is: Cannot utime: Operation not permitted
build	Cache Android SDK	2026-06-06T12:22:56.8122373Z /usr/bin/tar: ../../../../../usr/local/lib/android/sdk/platforms/android-36/data/res/values-mcc310-mnc270-is: Cannot change mode to rwxr-xr-x: Operation not permitted
build	Cache Android SDK	2026-06-06T12:22:56.8124488Z /usr/bin/tar: ../../../../../usr/local/lib/android/sdk/platforms/android-36/data/res/values-mcc310-mnc250-ko: Cannot utime: Operation not permitted
build	Cache Android SDK	2026-06-06T12:22:56.8125418Z /usr/bin/tar: ../../../../../usr/local/lib/android/sdk/platforms/android-36/data/res/values-mcc310-mnc250-ko: Cannot change mode to rwxr-xr-x: Operation not permitted
build	Cache Android SDK	2026-06-06T12:22:56.8128037Z /usr/bin/tar: ../../../../../usr/local/lib/android/sdk/platforms/android-36/data/res/values-mcc310-mnc200-ro: Cannot utime: Operation not permitted
build	Cache Android SDK	2026-06-06T12:22:56.8128970Z /usr/bin/tar: ../../../../../usr/local/lib/android/sdk/platforms/android-36/data/res/values-mcc310-mnc200-ro: Cannot change mode to rwxr-xr-x: Operation not permitted
build	Cache Android SDK	2026-06-06T12:22:56.8131071Z /usr/bin/tar: ../../../../../usr/local/lib/android/sdk/platforms/android-36/data/res/values-mcc310-mnc310-zh-rTW: Cannot utime: Operation not permitted
build	Cache Android SDK	2026-06-06T12:22:56.8132057Z /usr/bin/tar: ../../../../../usr/local/lib/android/sdk/platforms/android-36/data/res/values-mcc310-mnc310-zh-rTW: Cannot change mode to rwxr-xr-x: Operation not permitted
build	Cache Android SDK	2026-06-06T12:22:56.8134916Z /usr/bin/tar: ../../../../../usr/local/lib/android/sdk/platforms/android-36/data/res/values-mcc310-mnc380-lt: Cannot utime: Operation not permitted
build	Cache Android SDK	2026-06-06T12:22:56.8135871Z /usr/bin/tar: ../../../../../usr/local/lib/android/sdk/platforms/android-36/data/res/values-mcc310-mnc380-lt: Cannot change mode to rwxr-xr-x: Operation not permitted
build	Cache Android SDK	2026-06-06T12:22:56.8139035Z /usr/bin/tar: ../../../../../usr/local/lib/android/sdk/platforms/android-36/data/res/values-mcc310-mnc410-it: Cannot utime: Operation not permitted
build	Cache Android SDK	2026-06-06T12:22:56.8140057Z /usr/bin/tar: ../../../../../usr/local/lib/android/sdk/platforms/android-36/data/res/values-mcc310-mnc410-it: Cannot change mode to rwxr-xr-x: Operation not permitted
build	Cache Android SDK	2026-06-06T12:22:56.8141846Z /usr/bin/tar: ../../../../../usr/local/lib/android/sdk/platforms/android-36/data/res/values-mcc311-mnc870: Cannot utime: Operation not permitted
build	Cache Android SDK	2026-06-06T12:22:56.8142774Z /usr/bin/tar: ../../../../../usr/local/lib/android/sdk/platforms/android-36/data/res/values-mcc311-mnc870: Cannot change mode to rwxr-xr-x: Operation not permitted
build	Cache Android SDK	2026-06-06T12:22:56.8145377Z /usr/bin/tar: ../../../../../usr/local/lib/android/sdk/platforms/android-36/data/res/values-mcc310-mnc280-kn: Cannot utime: Operation not permitted
build	Cache Android SDK	2026-06-06T12:22:56.8146354Z /usr/bin/tar: ../../../../../usr/local/lib/android/sdk/platforms/android-36/data/res/values-mcc310-mnc280-kn: Cannot change mode to rwxr-xr-x: Operation not permitted
build	Cache Android SDK	2026-06-06T12:22:56.8152637Z /usr/bin/tar: ../../../../../usr/local/lib/android/sdk/platforms/android-36/data/res/values-fr-rCA: Cannot utime: Operation not permitted
build	Cache Android SDK	2026-06-06T12:22:56.8154042Z /usr/bin/tar: ../../../../../usr/local/lib/android/sdk/platforms/android-36/data/res/values-fr-rCA: Cannot change mode to rwxr-xr-x: Operation not permitted
build	Cache Android SDK	2026-06-06T12:22:56.8155999Z /usr/bin/tar: ../../../../../usr/local/lib/android/sdk/platforms/android-36/data/res/values-ko-watch: Cannot utime: Operation not permitted
build	Cache Android SDK	2026-06-06T12:22:56.8157111Z /usr/bin/tar: ../../../../../usr/local/lib/android/sdk/platforms/android-36/data/res/values-ko-watch: Cannot change mode to rwxr-xr-x: Operation not permitted
build	Cache Android SDK	2026-06-06T12:22:56.8159274Z /usr/bin/tar: ../../../../../usr/local/lib/android/sdk/platforms/android-36/data/res/values-mcc310-mnc170-in: Cannot utime: Operation not permitted
build	Cache Android SDK	2026-06-06T12:22:56.8160205Z /usr/bin/tar: ../../../../../usr/local/lib/android/sdk/platforms/android-36/data/res/values-mcc310-mnc170-in: Cannot change mode to rwxr-xr-x: Operation not permitted
build	Cache Android SDK	2026-06-06T12:22:56.8162200Z /usr/bin/tar: ../../../../../usr/local/lib/android/sdk/platforms/android-36/data/res/values-mcc310-mnc170-pa: Cannot utime: Operation not permitted
build	Cache Android SDK	2026-06-06T12:22:56.8163125Z /usr/bin/tar: ../../../../../usr/local/lib/android/sdk/platforms/android-36/data/res/values-mcc310-mnc170-pa: Cannot change mode to rwxr-xr-x: Operation not permitted
build	Cache Android SDK	2026-06-06T12:22:56.8165348Z /usr/bin/tar: ../../../../../usr/local/lib/android/sdk/platforms/android-36/data/res/values-mcc310-mnc220-bs: Cannot utime: Operation not permitted
build	Cache Android SDK	2026-06-06T12:22:56.8166311Z /usr/bin/tar: ../../../../../usr/local/lib/android/sdk/platforms/android-36/data/res/values-mcc310-mnc220-bs: Cannot change mode to rwxr-xr-x: Operation not permitted
build	Cache Android SDK	2026-06-06T12:22:56.8168261Z /usr/bin/tar: ../../../../../usr/local/lib/android/sdk/platforms/android-36/data/res/values-mcc310-mnc280-pt-rPT: Cannot utime: Operation not permitted
build	Cache Android SDK	2026-06-06T12:22:56.8169239Z /usr/bin/tar: ../../../../../usr/local/lib/android/sdk/platforms/android-36/data/res/values-mcc310-mnc280-pt-rPT: Cannot change mode to rwxr-xr-x: Operation not permitted
build	Cache Android SDK	2026-06-06T12:22:56.8171580Z /usr/bin/tar: ../../../../../usr/local/lib/android/sdk/platforms/android-36/data/res/values-mcc310-mnc200-ur: Cannot utime: Operation not permitted
build	Cache Android SDK	2026-06-06T12:22:56.8172587Z /usr/bin/tar: ../../../../../usr/local/lib/android/sdk/platforms/android-36/data/res/values-mcc310-mnc200-ur: Cannot change mode to rwxr-xr-x: Operation not permitted
build	Cache Android SDK	2026-06-06T12:22:56.8174772Z /usr/bin/tar: ../../../../../usr/local/lib/android/sdk/platforms/android-36/data/res/values-mcc310-mnc490-lv: Cannot utime: Operation not permitted
build	Cache Android SDK	2026-06-06T12:22:56.8175730Z /usr/bin/tar: ../../../../../usr/local/lib/android/sdk/platforms/android-36/data/res/values-mcc310-mnc490-lv: Cannot change mode to rwxr-xr-x: Operation not permitted
build	Cache Android SDK	2026-06-06T12:22:56.8177565Z /usr/bin/tar: ../../../../../usr/local/lib/android/sdk/platforms/android-36/data/res/values-uz-watch: Cannot utime: Operation not permitted
build	Cache Android SDK	2026-06-06T12:22:56.8178565Z /usr/bin/tar: ../../../../../usr/local/lib/android/sdk/platforms/android-36/data/res/values-uz-watch: Cannot change mode to rwxr-xr-x: Operation not permitted
build	Cache Android SDK	2026-06-06T12:22:56.8181072Z /usr/bin/tar: ../../../../../usr/local/lib/android/sdk/platforms/android-36/data/res/values-mcc310-mnc660-da: Cannot utime: Operation not permitted
build	Cache Android SDK	2026-06-06T12:22:56.8182021Z /usr/bin/tar: ../../../../../usr/local/lib/android/sdk/platforms/android-36/data/res/values-mcc310-mnc660-da: Cannot change mode to rwxr-xr-x: Operation not permitted
build	Cache Android SDK	2026-06-06T12:22:56.8188212Z /usr/bin/tar: ../../../../../usr/local/lib/android/sdk/platforms/android-36/data/res/values-fi: Cannot utime: Operation not permitted
build	Cache Android SDK	2026-06-06T12:22:56.8189843Z /usr/bin/tar: ../../../../../usr/local/lib/android/sdk/platforms/android-36/data/res/values-fi: Cannot change mode to rwxr-xr-x: Operation not permitted
build	Cache Android SDK	2026-06-06T12:22:56.8191529Z /usr/bin/tar: ../../../../../usr/local/lib/android/sdk/platforms/android-36/data/res/values-mcc310-mnc800-cs: Cannot utime: Operation not permitted
build	Cache Android SDK	2026-06-06T12:22:56.8192548Z /usr/bin/tar: ../../../../../usr/local/lib/android/sdk/platforms/android-36/data/res/values-mcc310-mnc800-cs: Cannot change mode to rwxr-xr-x: Operation not permitted
build	Cache Android SDK	2026-06-06T12:22:56.8194420Z /usr/bin/tar: ../../../../../usr/local/lib/android/sdk/platforms/android-36/data/res/values-mcc310-mnc380-hi: Cannot utime: Operation not permitted
build	Cache Android SDK	2026-06-06T12:22:56.8195343Z /usr/bin/tar: ../../../../../usr/local/lib/android/sdk/platforms/android-36/data/res/values-mcc310-mnc380-hi: Cannot change mode to rwxr-xr-x: Operation not permitted
build	Cache Android SDK	2026-06-06T12:22:56.8197794Z /usr/bin/tar: ../../../../../usr/local/lib/android/sdk/platforms/android-36/data/res/values-mcc310-mnc410-af: Cannot utime: Operation not permitted
build	Cache Android SDK	2026-06-06T12:22:56.8198732Z /usr/bin/tar: ../../../../../usr/local/lib/android/sdk/platforms/android-36/data/res/values-mcc310-mnc410-af: Cannot change mode to rwxr-xr-x: Operation not permitted
build	Cache Android SDK	2026-06-06T12:22:56.8200192Z /usr/bin/tar: ../../../../../usr/local/lib/android/sdk/platforms/android-36/data/res/values-mcc310-mnc250-km: Cannot utime: Operation not permitted
build	Cache Android SDK	2026-06-06T12:22:56.8201107Z /usr/bin/tar: ../../../../../usr/local/lib/android/sdk/platforms/android-36/data/res/values-mcc310-mnc250-km: Cannot change mode to rwxr-xr-x: Operation not permitted
build	Cache Android SDK	2026-06-06T12:22:56.8203431Z /usr/bin/tar: ../../../../../usr/local/lib/android/sdk/platforms/android-36/data/res/values-mcc302-mnc370-pa: Cannot utime: Operation not permitted
build	Cache Android SDK	2026-06-06T12:22:56.8204359Z /usr/bin/tar: ../../../../../usr/local/lib/android/sdk/platforms/android-36/data/res/values-mcc302-mnc370-pa: Cannot change mode to rwxr-xr-x: Operation not permitted
build	Cache Android SDK	2026-06-06T12:22:56.8206634Z /usr/bin/tar: ../../../../../usr/local/lib/android/sdk/platforms/android-36/data/res/values-mcc310-mnc380-ca: Cannot utime: Operation not permitted
build	Cache Android SDK	2026-06-06T12:22:56.8207721Z /usr/bin/tar: ../../../../../usr/local/lib/android/sdk/platforms/android-36/data/res/values-mcc310-mnc380-ca: Cannot change mode to rwxr-xr-x: Operation not permitted
build	Cache Android SDK	2026-06-06T12:22:56.8209930Z /usr/bin/tar: ../../../../../usr/local/lib/android/sdk/platforms/android-36/data/res/values-mcc310-mnc950-gu: Cannot utime: Operation not permitted
build	Cache Android SDK	2026-06-06T12:22:56.8212725Z /usr/bin/tar: ../../../../../usr/local/lib/android/sdk/platforms/android-36/data/res/values-mcc310-mnc950-gu: Cannot change mode to rwxr-xr-x: Operation not permitted
build	Cache Android SDK	2026-06-06T12:22:56.8213643Z /usr/bin/tar: ../../../../../usr/local/lib/android/sdk/platforms/android-36/data/res/values-mcc302-mnc720-sq: Cannot utime: Operation not permitted
build	Cache Android SDK	2026-06-06T12:22:56.8214550Z /usr/bin/tar: ../../../../../usr/local/lib/android/sdk/platforms/android-36/data/res/values-mcc302-mnc720-sq: Cannot change mode to rwxr-xr-x: Operation not permitted
build	Cache Android SDK	2026-06-06T12:22:56.8215639Z /usr/bin/tar: ../../../../../usr/local/lib/android/sdk/platforms/android-36/data/res/values-sq-watch: Cannot utime: Operation not permitted
build	Cache Android SDK	2026-06-06T12:22:56.8216500Z /usr/bin/tar: ../../../../../usr/local/lib/android/sdk/platforms/android-36/data/res/values-sq-watch: Cannot change mode to rwxr-xr-x: Operation not permitted
build	Cache Android SDK	2026-06-06T12:22:56.8218807Z /usr/bin/tar: ../../../../../usr/local/lib/android/sdk/platforms/android-36/data/res/values-mcc311-mnc180-lv: Cannot utime: Operation not permitted
build	Cache Android SDK	2026-06-06T12:22:56.8219724Z /usr/bin/tar: ../../../../../usr/local/lib/android/sdk/platforms/android-36/data/res/values-mcc311-mnc180-lv: Cannot change mode to rwxr-xr-x: Operation not permitted
build	Cache Android SDK	2026-06-06T12:22:56.8221971Z /usr/bin/tar: ../../../../../usr/local/lib/android/sdk/platforms/android-36/data/res/values-mcc310-mnc280-it: Cannot utime: Operation not permitted
build	Cache Android SDK	2026-06-06T12:22:56.8225782Z /usr/bin/tar: ../../../../../usr/local/lib/android/sdk/platforms/android-36/data/res/values-mcc310-mnc280-it: Cannot change mode to rwxr-xr-x: Operation not permitted
build	Cache Android SDK	2026-06-06T12:22:56.8227702Z /usr/bin/tar: ../../../../../usr/local/lib/android/sdk/platforms/android-36/data/res/values-mcc302-mnc720-kk: Cannot utime: Operation not permitted
build	Cache Android SDK	2026-06-06T12:22:56.8229568Z /usr/bin/tar: ../../../../../usr/local/lib/android/sdk/platforms/android-36/data/res/values-mcc302-mnc720-kk: Cannot change mode to rwxr-xr-x: Operation not permitted
build	Cache Android SDK	2026-06-06T12:22:56.8231299Z /usr/bin/tar: ../../../../../usr/local/lib/android/sdk/platforms/android-36/data/res: Cannot utime: Operation not permitted
build	Cache Android SDK	2026-06-06T12:22:56.8232794Z /usr/bin/tar: ../../../../../usr/local/lib/android/sdk/platforms/android-36/data/res: Cannot change mode to rwxr-xr-x: Operation not permitted
build	Cache Android SDK	2026-06-06T12:22:57.3220790Z /usr/bin/tar: ../../../../../usr/local/lib/android/sdk/platforms/android-36/data: Cannot utime: Operation not permitted
build	Cache Android SDK	2026-06-06T12:22:57.3222430Z /usr/bin/tar: ../../../../../usr/local/lib/android/sdk/platforms/android-36/data: Cannot change mode to rwxr-xr-x: Operation not permitted
build	Cache Android SDK	2026-06-06T12:22:57.3223783Z /usr/bin/tar: ../../../../../usr/local/lib/android/sdk/platforms/android-36: Cannot utime: Operation not permitted
build	Cache Android SDK	2026-06-06T12:22:57.3225066Z /usr/bin/tar: ../../../../../usr/local/lib/android/sdk/platforms/android-36: Cannot change mode to rwxr-xr-x: Operation not permitted
build	Cache Android SDK	2026-06-06T12:22:57.3244829Z /usr/bin/tar: ../../../../../usr/local/lib/android/sdk/platforms/android-34/optional/libbinder_ndk_cpp/android: Cannot utime: Operation not permitted
build	Cache Android SDK	2026-06-06T12:22:57.3246661Z /usr/bin/tar: ../../../../../usr/local/lib/android/sdk/platforms/android-34/optional/libbinder_ndk_cpp/android: Cannot change mode to rwxr-xr-x: Operation not permitted
build	Cache Android SDK	2026-06-06T12:22:57.3253309Z /usr/bin/tar: ../../../../../usr/local/lib/android/sdk/platforms/android-34/optional/libbinder_ndk_cpp: Cannot utime: Operation not permitted
build	Cache Android SDK	2026-06-06T12:22:57.3256516Z /usr/bin/tar: ../../../../../usr/local/lib/android/sdk/platforms/android-34/optional/libbinder_ndk_cpp: Cannot change mode to rwxr-xr-x: Operation not permitted
build	Cache Android SDK	2026-06-06T12:22:57.3261281Z /usr/bin/tar: ../../../../../usr/local/lib/android/sdk/platforms/android-34/optional: Cannot utime: Operation not permitted
build	Cache Android SDK	2026-06-06T12:22:57.3262742Z /usr/bin/tar: ../../../../../usr/local/lib/android/sdk/platforms/android-34/optional: Cannot change mode to rwxr-xr-x: Operation not permitted
build	Cache Android SDK	2026-06-06T12:22:57.3412465Z /usr/bin/tar: ../../../../../usr/local/lib/android/sdk/platforms/android-34/skins/WXGA800: Cannot utime: Operation not permitted
build	Cache Android SDK	2026-06-06T12:22:57.3413699Z /usr/bin/tar: ../../../../../usr/local/lib/android/sdk/platforms/android-34/skins/WXGA800: Cannot change mode to rwxr-xr-x: Operation not permitted
build	Cache Android SDK	2026-06-06T12:22:57.3435265Z /usr/bin/tar: ../../../../../usr/local/lib/android/sdk/platforms/android-34/skins/HVGA: Cannot utime: Operation not permitted
build	Cache Android SDK	2026-06-06T12:22:57.3436935Z /usr/bin/tar: ../../../../../usr/local/lib/android/sdk/platforms/android-34/skins/HVGA: Cannot change mode to rwxr-xr-x: Operation not permitted
build	Cache Android SDK	2026-06-06T12:22:57.3444698Z /usr/bin/tar: ../../../../../usr/local/lib/android/sdk/platforms/android-34/skins/WSVGA: Cannot utime: Operation not permitted
build	Cache Android SDK	2026-06-06T12:22:57.3446040Z /usr/bin/tar: ../../../../../usr/local/lib/android/sdk/platforms/android-34/skins/WSVGA: Cannot change mode to rwxr-xr-x: Operation not permitted
build	Cache Android SDK	2026-06-06T12:22:57.3453277Z /usr/bin/tar: ../../../../../usr/local/lib/android/sdk/platforms/android-34/skins/WQVGA432: Cannot utime: Operation not permitted
build	Cache Android SDK	2026-06-06T12:22:57.3454429Z /usr/bin/tar: ../../../../../usr/local/lib/android/sdk/platforms/android-34/skins/WQVGA432: Cannot change mode to rwxr-xr-x: Operation not permitted
build	Cache Android SDK	2026-06-06T12:22:57.3477916Z /usr/bin/tar: ../../../../../usr/local/lib/android/sdk/platforms/android-34/skins/WVGA854: Cannot utime: Operation not permitted
build	Cache Android SDK	2026-06-06T12:22:57.3479632Z /usr/bin/tar: ../../../../../usr/local/lib/android/sdk/platforms/android-34/skins/WVGA854: Cannot change mode to rwxr-xr-x: Operation not permitted
build	Cache Android SDK	2026-06-06T12:22:57.3485992Z /usr/bin/tar: ../../../../../usr/local/lib/android/sdk/platforms/android-34/skins/WXGA800-7in: Cannot utime: Operation not permitted
build	Cache Android SDK	2026-06-06T12:22:57.3487739Z /usr/bin/tar: ../../../../../usr/local/lib/android/sdk/platforms/android-34/skins/WXGA800-7in: Cannot change mode to rwxr-xr-x: Operation not permitted
build	Cache Android SDK	2026-06-06T12:22:57.3493697Z /usr/bin/tar: ../../../../../usr/local/lib/android/sdk/platforms/android-34/skins/QVGA: Cannot utime: Operation not permitted
build	Cache Android SDK	2026-06-06T12:22:57.3495306Z /usr/bin/tar: ../../../../../usr/local/lib/android/sdk/platforms/android-34/skins/QVGA: Cannot change mode to rwxr-xr-x: Operation not permitted
build	Cache Android SDK	2026-06-06T12:22:57.3510441Z /usr/bin/tar: ../../../../../usr/local/lib/android/sdk/platforms/android-34/skins/WQVGA400: Cannot utime: Operation not permitted
build	Cache Android SDK	2026-06-06T12:22:57.3512084Z /usr/bin/tar: ../../../../../usr/local/lib/android/sdk/platforms/android-34/skins/WQVGA400: Cannot change mode to rwxr-xr-x: Operation not permitted
build	Cache Android SDK	2026-06-06T12:22:57.3532743Z /usr/bin/tar: ../../../../../usr/local/lib/android/sdk/platforms/android-34/skins/WVGA800: Cannot utime: Operation not permitted
build	Cache Android SDK	2026-06-06T12:22:57.3534161Z /usr/bin/tar: ../../../../../usr/local/lib/android/sdk/platforms/android-34/skins/WVGA800: Cannot change mode to rwxr-xr-x: Operation not permitted
build	Cache Android SDK	2026-06-06T12:22:57.3542726Z /usr/bin/tar: ../../../../../usr/local/lib/android/sdk/platforms/android-34/skins/WXGA720: Cannot utime: Operation not permitted
build	Cache Android SDK	2026-06-06T12:22:57.3544590Z /usr/bin/tar: ../../../../../usr/local/lib/android/sdk/platforms/android-34/skins/WXGA720: Cannot change mode to rwxr-xr-x: Operation not permitted
build	Cache Android SDK	2026-06-06T12:22:57.3546525Z /usr/bin/tar: ../../../../../usr/local/lib/android/sdk/platforms/android-34/skins: Cannot utime: Operation not permitted
build	Cache Android SDK	2026-06-06T12:22:57.3550088Z /usr/bin/tar: ../../../../../usr/local/lib/android/sdk/platforms/android-34/skins: Cannot change mode to rwxr-xr-x: Operation not permitted
build	Cache Android SDK	2026-06-06T12:22:57.3876198Z /usr/bin/tar: ../../../../../usr/local/lib/android/sdk/platforms/android-34/templates: Cannot utime: Operation not permitted
build	Cache Android SDK	2026-06-06T12:22:57.3877849Z /usr/bin/tar: ../../../../../usr/local/lib/android/sdk/platforms/android-34/templates: Cannot change mode to rwxr-xr-x: Operation not permitted
build	Cache Android SDK	2026-06-06T12:22:57.3904977Z /usr/bin/tar: ../../../../../usr/local/lib/android/sdk/platforms/android-34/data/res/values-mcc310-mnc160-sk: Cannot utime: Operation not permitted
build	Cache Android SDK	2026-06-06T12:22:57.3906462Z /usr/bin/tar: ../../../../../usr/local/lib/android/sdk/platforms/android-34/data/res/values-mcc310-mnc160-sk: Cannot change mode to rwxr-xr-x: Operation not permitted
build	Cache Android SDK	2026-06-06T12:22:57.3908484Z /usr/bin/tar: ../../../../../usr/local/lib/android/sdk/platforms/android-34/data/res/values-mcc302-mnc370-hr: Cannot utime: Operation not permitted
build	Cache Android SDK	2026-06-06T12:22:57.3910021Z /usr/bin/tar: ../../../../../usr/local/lib/android/sdk/platforms/android-34/data/res/values-mcc302-mnc370-hr: Cannot change mode to rwxr-xr-x: Operation not permitted
build	Cache Android SDK	2026-06-06T12:22:57.3913159Z /usr/bin/tar: ../../../../../usr/local/lib/android/sdk/platforms/android-34/data/res/values-mcc310-mnc950-zh-rHK: Cannot utime: Operation not permitted
build	Cache Android SDK	2026-06-06T12:22:57.3914212Z /usr/bin/tar: ../../../../../usr/local/lib/android/sdk/platforms/android-34/data/res/values-mcc310-mnc950-zh-rHK: Cannot change mode to rwxr-xr-x: Operation not permitted
build	Cache Android SDK	2026-06-06T12:22:57.3925612Z /usr/bin/tar: ../../../../../usr/local/lib/android/sdk/platforms/android-34/data/res/values-mcc310-mnc210-et: Cannot utime: Operation not permitted
build	Cache Android SDK	2026-06-06T12:22:57.3927298Z /usr/bin/tar: ../../../../../usr/local/lib/android/sdk/platforms/android-34/data/res/values-mcc310-mnc210-et: Cannot change mode to rwxr-xr-x: Operation not permitted
build	Cache Android SDK	2026-06-06T12:22:57.3929327Z /usr/bin/tar: ../../../../../usr/local/lib/android/sdk/platforms/android-34/data/res/values-mcc310-mnc170-sl: Cannot utime: Operation not permitted
build	Cache Android SDK	2026-06-06T12:22:57.3931178Z /usr/bin/tar: ../../../../../usr/local/lib/android/sdk/platforms/android-34/data/res/values-mcc310-mnc170-sl: Cannot change mode to rwxr-xr-x: Operation not permitted
build	Cache Android SDK	2026-06-06T12:22:57.3935206Z /usr/bin/tar: ../../../../../usr/local/lib/android/sdk/platforms/android-34/data/res/values-mcc310-mnc150-eu: Cannot utime: Operation not permitted
build	Cache Android SDK	2026-06-06T12:22:57.3936976Z /usr/bin/tar: ../../../../../usr/local/lib/android/sdk/platforms/android-34/data/res/values-mcc310-mnc150-eu: Cannot change mode to rwxr-xr-x: Operation not permitted
build	Cache Android SDK	2026-06-06T12:22:57.3941471Z /usr/bin/tar: ../../../../../usr/local/lib/android/sdk/platforms/android-34/data/res/values-mcc334-mnc020-bs: Cannot utime: Operation not permitted
build	Cache Android SDK	2026-06-06T12:22:57.3943559Z /usr/bin/tar: ../../../../../usr/local/lib/android/sdk/platforms/android-34/data/res/values-mcc334-mnc020-bs: Cannot change mode to rwxr-xr-x: Operation not permitted
build	Cache Android SDK	2026-06-06T12:22:57.3947706Z /usr/bin/tar: ../../../../../usr/local/lib/android/sdk/platforms/android-34/data/res/values-mcc310-mnc310-en-rAU: Cannot utime: Operation not permitted
build	Cache Android SDK	2026-06-06T12:22:57.3949757Z /usr/bin/tar: ../../../../../usr/local/lib/android/sdk/platforms/android-34/data/res/values-mcc310-mnc310-en-rAU: Cannot change mode to rwxr-xr-x: Operation not permitted
build	Cache Android SDK	2026-06-06T12:22:57.3951650Z /usr/bin/tar: ../../../../../usr/local/lib/android/sdk/platforms/android-34/data/res/values-mcc334-mnc020-nl: Cannot utime: Operation not permitted
build	Cache Android SDK	2026-06-06T12:22:57.3953154Z /usr/bin/tar: ../../../../../usr/local/lib/android/sdk/platforms/android-34/data/res/values-mcc334-mnc020-nl: Cannot change mode to rwxr-xr-x: Operation not permitted
build	Cache Android SDK	2026-06-06T12:22:57.4003004Z /usr/bin/tar: ../../../../../usr/local/lib/android/sdk/platforms/android-34/data/res/raw-nl: Cannot utime: Operation not permitted
build	Cache Android SDK	2026-06-06T12:22:57.4004565Z /usr/bin/tar: ../../../../../usr/local/lib/android/sdk/platforms/android-34/data/res/raw-nl: Cannot change mode to rwxr-xr-x: Operation not permitted
build	Cache Android SDK	2026-06-06T12:22:57.4068498Z /usr/bin/tar: ../../../../../usr/local/lib/android/sdk/platforms/android-34/data/res/values-mcc310-mnc800-pl: Cannot utime: Operation not permitted
build	Cache Android SDK	2026-06-06T12:22:57.4070304Z /usr/bin/tar: ../../../../../usr/local/lib/android/sdk/platforms/android-34/data/res/values-mcc310-mnc800-pl: Cannot change mode to rwxr-xr-x: Operation not permitted
build	Cache Android SDK	2026-06-06T12:22:57.4078462Z /usr/bin/tar: ../../../../../usr/local/lib/android/sdk/platforms/android-34/data/res/values-mcc310-mnc490-sk: Cannot utime: Operation not permitted
build	Cache Android SDK	2026-06-06T12:22:57.4080442Z /usr/bin/tar: ../../../../../usr/local/lib/android/sdk/platforms/android-34/data/res/values-mcc310-mnc490-sk: Cannot change mode to rwxr-xr-x: Operation not permitted
build	Cache Android SDK	2026-06-06T12:22:57.4086743Z /usr/bin/tar: ../../../../../usr/local/lib/android/sdk/platforms/android-34/data/res/values-si: Cannot utime: Operation not permitted
build	Cache Android SDK	2026-06-06T12:22:57.4088457Z /usr/bin/tar: ../../../../../usr/local/lib/android/sdk/platforms/android-34/data/res/values-si: Cannot change mode to rwxr-xr-x: Operation not permitted
build	Cache Android SDK	2026-06-06T12:22:57.4091674Z /usr/bin/tar: ../../../../../usr/local/lib/android/sdk/platforms/android-34/data/res/values-mcc311-mnc180-bg: Cannot utime: Operation not permitted
build	Cache Android SDK	2026-06-06T12:22:57.4093628Z /usr/bin/tar: ../../../../../usr/local/lib/android/sdk/platforms/android-34/data/res/values-mcc311-mnc180-bg: Cannot change mode to rwxr-xr-x: Operation not permitted
build	Cache Android SDK	2026-06-06T12:22:57.4095623Z /usr/bin/tar: ../../../../../usr/local/lib/android/sdk/platforms/android-34/data/res/values-mcc310-mnc160-be: Cannot utime: Operation not permitted
build	Cache Android SDK	2026-06-06T12:22:57.4097595Z /usr/bin/tar: ../../../../../usr/local/lib/android/sdk/platforms/android-34/data/res/values-mcc310-mnc160-be: Cannot change mode to rwxr-xr-x: Operation not permitted
build	Cache Android SDK	2026-06-06T12:22:57.4099652Z /usr/bin/tar: ../../../../../usr/local/lib/android/sdk/platforms/android-34/data/res/values-mcc310-mnc280-pt: Cannot utime: Operation not permitted
build	Cache Android SDK	2026-06-06T12:22:57.4101551Z /usr/bin/tar: ../../../../../usr/local/lib/android/sdk/platforms/android-34/data/res/values-mcc310-mnc280-pt: Cannot change mode to rwxr-xr-x: Operation not permitted
build	Cache Android SDK	2026-06-06T12:22:57.4102988Z /usr/bin/tar: ../../../../../usr/local/lib/android/sdk/platforms/android-34/data/res/values-mcc302-mnc720-zh-rHK: Cannot utime: Operation not permitted
build	Cache Android SDK	2026-06-06T12:22:57.4104809Z /usr/bin/tar: ../../../../../usr/local/lib/android/sdk/platforms/android-34/data/res/values-mcc302-mnc720-zh-rHK: Cannot change mode to rwxr-xr-x: Operation not permitted
build	Cache Android SDK	2026-06-06T12:22:57.4115706Z /usr/bin/tar: ../../../../../usr/local/lib/android/sdk/platforms/android-34/data/res/values-mcc440-mnc50: Cannot utime: Operation not permitted
build	Cache Android SDK	2026-06-06T12:22:57.4116848Z /usr/bin/tar: ../../../../../usr/local/lib/android/sdk/platforms/android-34/data/res/values-mcc440-mnc50: Cannot change mode to rwxr-xr-x: Operation not permitted
build	Cache Android SDK	2026-06-06T12:22:57.4127484Z /usr/bin/tar: ../../../../../usr/local/lib/android/sdk/platforms/android-34/data/res/values-tr-television: Cannot utime: Operation not permitted
build	Cache Android SDK	2026-06-06T12:22:57.4129588Z /usr/bin/tar: ../../../../../usr/local/lib/android/sdk/platforms/android-34/data/res/values-tr-television: Cannot change mode to rwxr-xr-x: Operation not permitted
build	Cache Android SDK	2026-06-06T12:22:57.4135579Z /usr/bin/tar: ../../../../../usr/local/lib/android/sdk/platforms/android-34/data/res/values-mcc310-mnc490-th: Cannot utime: Operation not permitted
build	Cache Android SDK	2026-06-06T12:22:57.4136949Z /usr/bin/tar: ../../../../../usr/local/lib/android/sdk/platforms/android-34/data/res/values-mcc310-mnc490-th: Cannot change mode to rwxr-xr-x: Operation not permitted
build	Cache Android SDK	2026-06-06T12:22:57.4150844Z /usr/bin/tar: ../../../../../usr/local/lib/android/sdk/platforms/android-34/data/res/values-mcc311-mnc180-zh-rHK: Cannot utime: Operation not permitted
build	Cache Android SDK	2026-06-06T12:22:57.4153109Z /usr/bin/tar: ../../../../../usr/local/lib/android/sdk/platforms/android-34/data/res/values-mcc311-mnc180-zh-rHK: Cannot change mode to rwxr-xr-x: Operation not permitted
build	Cache Android SDK	2026-06-06T12:22:57.4155744Z /usr/bin/tar: ../../../../../usr/local/lib/android/sdk/platforms/android-34/data/res/values-mcc310-mnc310-fi: Cannot utime: Operation not permitted
build	Cache Android SDK	2026-06-06T12:22:57.4157737Z /usr/bin/tar: ../../../../../usr/local/lib/android/sdk/platforms/android-34/data/res/values-mcc310-mnc310-fi: Cannot change mode to rwxr-xr-x: Operation not permitted
build	Cache Android SDK	2026-06-06T12:22:57.4158832Z /usr/bin/tar: ../../../../../usr/local/lib/android/sdk/platforms/android-34/data/res/values-mcc313-mnc100-is: Cannot utime: Operation not permitted
build	Cache Android SDK	2026-06-06T12:22:57.4160296Z /usr/bin/tar: ../../../../../usr/local/lib/android/sdk/platforms/android-34/data/res/values-mcc313-mnc100-is: Cannot change mode to rwxr-xr-x: Operation not permitted
build	Cache Android SDK	2026-06-06T12:22:57.4161484Z /usr/bin/tar: ../../../../../usr/local/lib/android/sdk/platforms/android-34/data/res/values-mcc310-mnc280-as: Cannot utime: Operation not permitted
build	Cache Android SDK	2026-06-06T12:22:57.4163468Z /usr/bin/tar: ../../../../../usr/local/lib/android/sdk/platforms/android-34/data/res/values-mcc310-mnc280-as: Cannot change mode to rwxr-xr-x: Operation not permitted
build	Cache Android SDK	2026-06-06T12:22:57.4168830Z /usr/bin/tar: ../../../../../usr/local/lib/android/sdk/platforms/android-34/data/res/values-w180dp-notround-watch: Cannot utime: Operation not permitted
build	Cache Android SDK	2026-06-06T12:22:57.4170805Z /usr/bin/tar: ../../../../../usr/local/lib/android/sdk/platforms/android-34/data/res/values-w180dp-notround-watch: Cannot change mode to rwxr-xr-x: Operation not permitted
build	Cache Android SDK	2026-06-06T12:22:57.4178509Z /usr/bin/tar: ../../../../../usr/local/lib/android/sdk/platforms/android-34/data/res/values-mcc310-mnc030-gu: Cannot utime: Operation not permitted
build	Cache Android SDK	2026-06-06T12:22:57.4179657Z /usr/bin/tar: ../../../../../usr/local/lib/android/sdk/platforms/android-34/data/res/values-mcc310-mnc030-gu: Cannot change mode to rwxr-xr-x: Operation not permitted
build	Cache Android SDK	2026-06-06T12:22:57.4181104Z /usr/bin/tar: ../../../../../usr/local/lib/android/sdk/platforms/android-34/data/res/values-mcc310-mnc210-in: Cannot utime: Operation not permitted
build	Cache Android SDK	2026-06-06T12:22:57.4182495Z /usr/bin/tar: ../../../../../usr/local/lib/android/sdk/platforms/android-34/data/res/values-mcc310-mnc210-in: Cannot change mode to rwxr-xr-x: Operation not permitted
build	Cache Android SDK	2026-06-06T12:22:57.4189809Z /usr/bin/tar: ../../../../../usr/local/lib/android/sdk/platforms/android-34/data/res/values-mcc310-mnc410-nl: Cannot utime: Operation not permitted
build	Cache Android SDK	2026-06-06T12:22:57.4192350Z /usr/bin/tar: ../../../../../usr/local/lib/android/sdk/platforms/android-34/data/res/values-mcc310-mnc410-nl: Cannot change mode to rwxr-xr-x: Operation not permitted
build	Cache Android SDK	2026-06-06T12:22:57.4193488Z /usr/bin/tar: ../../../../../usr/local/lib/android/sdk/platforms/android-34/data/res/values-mcc310-mnc410-hi: Cannot utime: Operation not permitted
build	Cache Android SDK	2026-06-06T12:22:57.4194498Z /usr/bin/tar: ../../../../../usr/local/lib/android/sdk/platforms/android-34/data/res/values-mcc310-mnc410-hi: Cannot change mode to rwxr-xr-x: Operation not permitted
build	Cache Android SDK	2026-06-06T12:22:57.4197929Z /usr/bin/tar: ../../../../../usr/local/lib/android/sdk/platforms/android-34/data/res/values-mcc310-mnc210-iw: Cannot utime: Operation not permitted
build	Cache Android SDK	2026-06-06T12:22:57.4199661Z /usr/bin/tar: ../../../../../usr/local/lib/android/sdk/platforms/android-34/data/res/values-mcc310-mnc210-iw: Cannot change mode to rwxr-xr-x: Operation not permitted
build	Cache Android SDK	2026-06-06T12:22:57.4201198Z /usr/bin/tar: ../../../../../usr/local/lib/android/sdk/platforms/android-34/data/res/values-mcc001-mnc01-or: Cannot utime: Operation not permitted
build	Cache Android SDK	2026-06-06T12:22:57.4202250Z /usr/bin/tar: ../../../../../usr/local/lib/android/sdk/platforms/android-34/data/res/values-mcc001-mnc01-or: Cannot change mode to rwxr-xr-x: Operation not permitted
build	Cache Android SDK	2026-06-06T12:22:57.4208541Z /usr/bin/tar: ../../../../../usr/local/lib/android/sdk/platforms/android-34/data/res/values-mcc310-mnc230-pl: Cannot utime: Operation not permitted
build	Cache Android SDK	2026-06-06T12:22:57.4209695Z /usr/bin/tar: ../../../../../usr/local/lib/android/sdk/platforms/android-34/data/res/values-mcc310-mnc230-pl: Cannot change mode to rwxr-xr-x: Operation not permitted
build	Cache Android SDK	2026-06-06T12:22:57.4210822Z /usr/bin/tar: ../../../../../usr/local/lib/android/sdk/platforms/android-34/data/res/values-de-watch: Cannot utime: Operation not permitted
build	Cache Android SDK	2026-06-06T12:22:57.4212231Z /usr/bin/tar: ../../../../../usr/local/lib/android/sdk/platforms/android-34/data/res/values-de-watch: Cannot change mode to rwxr-xr-x: Operation not permitted
build	Cache Android SDK	2026-06-06T12:22:57.4215413Z /usr/bin/tar: ../../../../../usr/local/lib/android/sdk/platforms/android-34/data/res/raw: Cannot utime: Operation not permitted
build	Cache Android SDK	2026-06-06T12:22:57.4216354Z /usr/bin/tar: ../../../../../usr/local/lib/android/sdk/platforms/android-34/data/res/raw: Cannot change mode to rwxr-xr-x: Operation not permitted
build	Cache Android SDK	2026-06-06T12:22:57.4219172Z /usr/bin/tar: ../../../../../usr/local/lib/android/sdk/platforms/android-34/data/res/values-mcc310-mnc380-ml: Cannot utime: Operation not permitted
build	Cache Android SDK	2026-06-06T12:22:57.4220697Z /usr/bin/tar: ../../../../../usr/local/lib/android/sdk/platforms/android-34/data/res/values-mcc310-mnc380-ml: Cannot change mode to rwxr-xr-x: Operation not permitted
build	Cache Android SDK	2026-06-06T12:22:57.4222439Z /usr/bin/tar: ../../../../../usr/local/lib/android/sdk/platforms/android-34/data/res/values-mcc310-mnc660-pt-rPT: Cannot utime: Operation not permitted
build	Cache Android SDK	2026-06-06T12:22:57.4223544Z /usr/bin/tar: ../../../../../usr/local/lib/android/sdk/platforms/android-34/data/res/values-mcc310-mnc660-pt-rPT: Cannot change mode to rwxr-xr-x: Operation not permitted
build	Cache Android SDK	2026-06-06T12:22:57.4225696Z /usr/bin/tar: ../../../../../usr/local/lib/android/sdk/platforms/android-34/data/res/values-mcc310-mnc800-zh-rCN: Cannot utime: Operation not permitted
build	Cache Android SDK	2026-06-06T12:22:57.4226657Z /usr/bin/tar: ../../../../../usr/local/lib/android/sdk/platforms/android-34/data/res/values-mcc310-mnc800-zh-rCN: Cannot change mode to rwxr-xr-x: Operation not permitted
build	Cache Android SDK	2026-06-06T12:22:57.4233351Z /usr/bin/tar: ../../../../../usr/local/lib/android/sdk/platforms/android-34/data/res/values-ky: Cannot utime: Operation not permitted
build	Cache Android SDK	2026-06-06T12:22:57.4234221Z /usr/bin/tar: ../../../../../usr/local/lib/android/sdk/platforms/android-34/data/res/values-ky: Cannot change mode to rwxr-xr-x: Operation not permitted
build	Cache Android SDK	2026-06-06T12:22:57.4239177Z /usr/bin/tar: ../../../../../usr/local/lib/android/sdk/platforms/android-34/data/res/values-mcc311-mnc180-my: Cannot utime: Operation not permitted
build	Cache Android SDK	2026-06-06T12:22:57.4240117Z /usr/bin/tar: ../../../../../usr/local/lib/android/sdk/platforms/android-34/data/res/values-mcc311-mnc180-my: Cannot change mode to rwxr-xr-x: Operation not permitted
build	Cache Android SDK	2026-06-06T12:22:57.4242066Z /usr/bin/tar: ../../../../../usr/local/lib/android/sdk/platforms/android-34/data/res/values-mcc310-mnc240-da: Cannot utime: Operation not permitted
build	Cache Android SDK	2026-06-06T12:22:57.4243082Z /usr/bin/tar: ../../../../../usr/local/lib/android/sdk/platforms/android-34/data/res/values-mcc310-mnc240-da: Cannot change mode to rwxr-xr-x: Operation not permitted
build	Cache Android SDK	2026-06-06T12:22:57.4245118Z /usr/bin/tar: ../../../../../usr/local/lib/android/sdk/platforms/android-34/data/res/values-mcc310-mnc660-fa: Cannot utime: Operation not permitted
build	Cache Android SDK	2026-06-06T12:22:57.4246198Z /usr/bin/tar: ../../../../../usr/local/lib/android/sdk/platforms/android-34/data/res/values-mcc310-mnc660-fa: Cannot change mode to rwxr-xr-x: Operation not permitted
build	Cache Android SDK	2026-06-06T12:22:57.4248549Z /usr/bin/tar: ../../../../../usr/local/lib/android/sdk/platforms/android-34/data/res/values-mcc310-mnc270-sr: Cannot utime: Operation not permitted
build	Cache Android SDK	2026-06-06T12:22:57.4249564Z /usr/bin/tar: ../../../../../usr/local/lib/android/sdk/platforms/android-34/data/res/values-mcc310-mnc270-sr: Cannot change mode to rwxr-xr-x: Operation not permitted
build	Cache Android SDK	2026-06-06T12:22:57.4252201Z /usr/bin/tar: ../../../../../usr/local/lib/android/sdk/platforms/android-34/data/res/values-mcc310-mnc220-en-rIN: Cannot utime: Operation not permitted
build	Cache Android SDK	2026-06-06T12:22:57.4253308Z /usr/bin/tar: ../../../../../usr/local/lib/android/sdk/platforms/android-34/data/res/values-mcc310-mnc220-en-rIN: Cannot change mode to rwxr-xr-x: Operation not permitted
build	Cache Android SDK	2026-06-06T12:22:57.4259749Z /usr/bin/tar: ../../../../../usr/local/lib/android/sdk/platforms/android-34/data/res/values-bg: Cannot utime: Operation not permitted
build	Cache Android SDK	2026-06-06T12:22:57.4260815Z /usr/bin/tar: ../../../../../usr/local/lib/android/sdk/platforms/android-34/data/res/values-bg: Cannot change mode to rwxr-xr-x: Operation not permitted
build	Cache Android SDK	2026-06-06T12:22:57.4263690Z /usr/bin/tar: ../../../../../usr/local/lib/android/sdk/platforms/android-34/data/res/values-mcc310-mnc200-kn: Cannot utime: Operation not permitted
build	Cache Android SDK	2026-06-06T12:22:57.4264984Z /usr/bin/tar: ../../../../../usr/local/lib/android/sdk/platforms/android-34/data/res/values-mcc310-mnc200-kn: Cannot change mode to rwxr-xr-x: Operation not permitted
build	Cache Android SDK	2026-06-06T12:22:57.4266621Z /usr/bin/tar: ../../../../../usr/local/lib/android/sdk/platforms/android-34/data/res/values-mcc310-mnc230-nb: Cannot utime: Operation not permitted
build	Cache Android SDK	2026-06-06T12:22:57.4268330Z /usr/bin/tar: ../../../../../usr/local/lib/android/sdk/platforms/android-34/data/res/values-mcc310-mnc230-nb: Cannot change mode to rwxr-xr-x: Operation not permitted
build	Cache Android SDK	2026-06-06T12:22:57.4269812Z /usr/bin/tar: ../../../../../usr/local/lib/android/sdk/platforms/android-34/data/res/values-mcc310-mnc280-af: Cannot utime: Operation not permitted
build	Cache Android SDK	2026-06-06T12:22:57.4270844Z /usr/bin/tar: ../../../../../usr/local/lib/android/sdk/platforms/android-34/data/res/values-mcc310-mnc280-af: Cannot change mode to rwxr-xr-x: Operation not permitted
build	Cache Android SDK	2026-06-06T12:22:57.4273234Z /usr/bin/tar: ../../../../../usr/local/lib/android/sdk/platforms/android-34/data/res/values-mcc310-mnc800-te: Cannot utime: Operation not permitted
build	Cache Android SDK	2026-06-06T12:22:57.4274238Z /usr/bin/tar: ../../../../../usr/local/lib/android/sdk/platforms/android-34/data/res/values-mcc310-mnc800-te: Cannot change mode to rwxr-xr-x: Operation not permitted
build	Cache Android SDK	2026-06-06T12:22:57.4275958Z /usr/bin/tar: ../../../../../usr/local/lib/android/sdk/platforms/android-34/data/res/values-gl-watch: Cannot utime: Operation not permitted
build	Cache Android SDK	2026-06-06T12:22:57.4276873Z /usr/bin/tar: ../../../../../usr/local/lib/android/sdk/platforms/android-34/data/res/values-gl-watch: Cannot change mode to rwxr-xr-x: Operation not permitted
build	Cache Android SDK	2026-06-06T12:22:57.4278878Z /usr/bin/tar: ../../../../../usr/local/lib/android/sdk/platforms/android-34/data/res/values-mcc310-mnc240-hu: Cannot utime: Operation not permitted
build	Cache Android SDK	2026-06-06T12:22:57.4279830Z /usr/bin/tar: ../../../../../usr/local/lib/android/sdk/platforms/android-34/data/res/values-mcc310-mnc240-hu: Cannot change mode to rwxr-xr-x: Operation not permitted
build	Cache Android SDK	2026-06-06T12:22:57.4284884Z /usr/bin/tar: ../../../../../usr/local/lib/android/sdk/platforms/android-34/data/res/values-mcc310-mnc950-bs: Cannot utime: Operation not permitted
build	Cache Android SDK	2026-06-06T12:22:57.4285839Z /usr/bin/tar: ../../../../../usr/local/lib/android/sdk/platforms/android-34/data/res/values-mcc310-mnc950-bs: Cannot change mode to rwxr-xr-x: Operation not permitted
build	Cache Android SDK	2026-06-06T12:22:57.4287716Z /usr/bin/tar: ../../../../../usr/local/lib/android/sdk/platforms/android-34/data/res/values-bn-television: Cannot utime: Operation not permitted
build	Cache Android SDK	2026-06-06T12:22:57.4288819Z /usr/bin/tar: ../../../../../usr/local/lib/android/sdk/platforms/android-34/data/res/values-bn-television: Cannot change mode to rwxr-xr-x: Operation not permitted
build	Cache Android SDK	2026-06-06T12:22:57.4290578Z /usr/bin/tar: ../../../../../usr/local/lib/android/sdk/platforms/android-34/data/res/values-mcc310-mnc250-te: Cannot utime: Operation not permitted
build	Cache Android SDK	2026-06-06T12:22:57.4291499Z /usr/bin/tar: ../../../../../usr/local/lib/android/sdk/platforms/android-34/data/res/values-mcc310-mnc250-te: Cannot change mode to rwxr-xr-x: Operation not permitted
build	Cache Android SDK	2026-06-06T12:22:57.4293604Z /usr/bin/tar: ../../../../../usr/local/lib/android/sdk/platforms/android-34/data/res/values-mcc302-mnc720-cs: Cannot utime: Operation not permitted
build	Cache Android SDK	2026-06-06T12:22:57.4294645Z /usr/bin/tar: ../../../../../usr/local/lib/android/sdk/platforms/android-34/data/res/values-mcc302-mnc720-cs: Cannot change mode to rwxr-xr-x: Operation not permitted
build	Cache Android SDK	2026-06-06T12:22:57.4297107Z /usr/bin/tar: ../../../../../usr/local/lib/android/sdk/platforms/android-34/data/res/values-mcc310-mnc410-or: Cannot utime: Operation not permitted
build	Cache Android SDK	2026-06-06T12:22:57.4299140Z /usr/bin/tar: ../../../../../usr/local/lib/android/sdk/platforms/android-34/data/res/values-mcc310-mnc410-or: Cannot change mode to rwxr-xr-x: Operation not permitted
build	Cache Android SDK	2026-06-06T12:22:57.4300276Z /usr/bin/tar: ../../../../../usr/local/lib/android/sdk/platforms/android-34/data/res/values-mcc313-mnc100-af: Cannot utime: Operation not permitted
build	Cache Android SDK	2026-06-06T12:22:57.4301271Z /usr/bin/tar: ../../../../../usr/local/lib/android/sdk/platforms/android-34/data/res/values-mcc313-mnc100-af: Cannot change mode to rwxr-xr-x: Operation not permitted
build	Cache Android SDK	2026-06-06T12:22:57.4302747Z /usr/bin/tar: ../../../../../usr/local/lib/android/sdk/platforms/android-34/data/res/values-mcc310-mnc170-zu: Cannot utime: Operation not permitted
build	Cache Android SDK	2026-06-06T12:22:57.4304563Z /usr/bin/tar: ../../../../../usr/local/lib/android/sdk/platforms/android-34/data/res/values-mcc310-mnc170-zu: Cannot change mode to rwxr-xr-x: Operation not permitted
build	Cache Android SDK	2026-06-06T12:22:57.4306222Z /usr/bin/tar: ../../../../../usr/local/lib/android/sdk/platforms/android-34/data/res/values-mcc311-mnc180-vi: Cannot utime: Operation not permitted
build	Cache Android SDK	2026-06-06T12:22:57.4308038Z /usr/bin/tar: ../../../../../usr/local/lib/android/sdk/platforms/android-34/data/res/values-mcc311-mnc180-vi: Cannot change mode to rwxr-xr-x: Operation not permitted
build	Cache Android SDK	2026-06-06T12:22:57.4309247Z /usr/bin/tar: ../../../../../usr/local/lib/android/sdk/platforms/android-34/data/res/values-ca-television: Cannot utime: Operation not permitted
build	Cache Android SDK	2026-06-06T12:22:57.4310225Z /usr/bin/tar: ../../../../../usr/local/lib/android/sdk/platforms/android-34/data/res/values-ca-television: Cannot change mode to rwxr-xr-x: Operation not permitted
build	Cache Android SDK	2026-06-06T12:22:57.4311724Z /usr/bin/tar: ../../../../../usr/local/lib/android/sdk/platforms/android-34/data/res/values-mcc001-mnc01-pa: Cannot utime: Operation not permitted
build	Cache Android SDK	2026-06-06T12:22:57.4312651Z /usr/bin/tar: ../../../../../usr/local/lib/android/sdk/platforms/android-34/data/res/values-mcc001-mnc01-pa: Cannot change mode to rwxr-xr-x: Operation not permitted
build	Cache Android SDK	2026-06-06T12:22:57.4314860Z /usr/bin/tar: ../../../../../usr/local/lib/android/sdk/platforms/android-34/data/res/values-mcc302-mnc720-ar: Cannot utime: Operation not permitted
build	Cache Android SDK	2026-06-06T12:22:57.4315798Z /usr/bin/tar: ../../../../../usr/local/lib/android/sdk/platforms/android-34/data/res/values-mcc302-mnc720-ar: Cannot change mode to rwxr-xr-x: Operation not permitted
build	Cache Android SDK	2026-06-06T12:22:57.4317805Z /usr/bin/tar: ../../../../../usr/local/lib/android/sdk/platforms/android-34/data/res/values-mcc001-mnc01-ka: Cannot utime: Operation not permitted
build	Cache Android SDK	2026-06-06T12:22:57.4318751Z /usr/bin/tar: ../../../../../usr/local/lib/android/sdk/platforms/android-34/data/res/values-mcc001-mnc01-ka: Cannot change mode to rwxr-xr-x: Operation not permitted
build	Cache Android SDK	2026-06-06T12:22:57.4321992Z /usr/bin/tar: ../../../../../usr/local/lib/android/sdk/platforms/android-34/data/res/values-mcc310-mnc230-te: Cannot utime: Operation not permitted
build	Cache Android SDK	2026-06-06T12:22:57.4323496Z /usr/bin/tar: ../../../../../usr/local/lib/android/sdk/platforms/android-34/data/res/values-mcc310-mnc230-te: Cannot change mode to rwxr-xr-x: Operation not permitted
build	Cache Android SDK	2026-06-06T12:22:57.4325385Z /usr/bin/tar: ../../../../../usr/local/lib/android/sdk/platforms/android-34/data/res/values-mcc310-mnc030-or: Cannot utime: Operation not permitted
build	Cache Android SDK	2026-06-06T12:22:57.4326540Z /usr/bin/tar: ../../../../../usr/local/lib/android/sdk/platforms/android-34/data/res/values-mcc310-mnc030-or: Cannot change mode to rwxr-xr-x: Operation not permitted
build	Cache Android SDK	2026-06-06T12:22:57.4329707Z /usr/bin/tar: ../../../../../usr/local/lib/android/sdk/platforms/android-34/data/res/values-mcc310-mnc310-fr: Cannot utime: Operation not permitted
build	Cache Android SDK	2026-06-06T12:22:57.4330766Z /usr/bin/tar: ../../../../../usr/local/lib/android/sdk/platforms/android-34/data/res/values-mcc310-mnc310-fr: Cannot change mode to rwxr-xr-x: Operation not permitted
build	Cache Android SDK	2026-06-06T12:22:57.4336536Z /usr/bin/tar: ../../../../../usr/local/lib/android/sdk/platforms/android-34/data/res/values-mcc310-mnc210-ml: Cannot utime: Operation not permitted
build	Cache Android SDK	2026-06-06T12:22:57.4337920Z /usr/bin/tar: ../../../../../usr/local/lib/android/sdk/platforms/android-34/data/res/values-mcc310-mnc210-ml: Cannot change mode to rwxr-xr-x: Operation not permitted
build	Cache Android SDK	2026-06-06T12:22:57.4339605Z /usr/bin/tar: ../../../../../usr/local/lib/android/sdk/platforms/android-34/data/res/values-mcc310-mnc150-bg: Cannot utime: Operation not permitted
build	Cache Android SDK	2026-06-06T12:22:57.4340677Z /usr/bin/tar: ../../../../../usr/local/lib/android/sdk/platforms/android-34/data/res/values-mcc310-mnc150-bg: Cannot change mode to rwxr-xr-x: Operation not permitted
build	Cache Android SDK	2026-06-06T12:22:57.4344094Z /usr/bin/tar: ../../../../../usr/local/lib/android/sdk/platforms/android-34/data/res/values-mcc310-mnc230-ta: Cannot utime: Operation not permitted
build	Cache Android SDK	2026-06-06T12:22:57.4345036Z /usr/bin/tar: ../../../../../usr/local/lib/android/sdk/platforms/android-34/data/res/values-mcc310-mnc230-ta: Cannot change mode to rwxr-xr-x: Operation not permitted
build	Cache Android SDK	2026-06-06T12:22:57.4348137Z /usr/bin/tar: ../../../../../usr/local/lib/android/sdk/platforms/android-34/data/res/values-mcc310-mnc800-hr: Cannot utime: Operation not permitted
build	Cache Android SDK	2026-06-06T12:22:57.4349348Z /usr/bin/tar: ../../../../../usr/local/lib/android/sdk/platforms/android-34/data/res/values-mcc310-mnc800-hr: Cannot change mode to rwxr-xr-x: Operation not permitted
build	Cache Android SDK	2026-06-06T12:22:57.4350766Z /usr/bin/tar: ../../../../../usr/local/lib/android/sdk/platforms/android-34/data/res/values-mcc310-mnc240-sq: Cannot utime: Operation not permitted
build	Cache Android SDK	2026-06-06T12:22:57.4351682Z /usr/bin/tar: ../../../../../usr/local/lib/android/sdk/platforms/android-34/data/res/values-mcc310-mnc240-sq: Cannot change mode to rwxr-xr-x: Operation not permitted
build	Cache Android SDK	2026-06-06T12:22:57.4354169Z /usr/bin/tar: ../../../../../usr/local/lib/android/sdk/platforms/android-34/data/res/values-mcc311-mnc180-pt: Cannot utime: Operation not permitted
build	Cache Android SDK	2026-06-06T12:22:57.4355118Z /usr/bin/tar: ../../../../../usr/local/lib/android/sdk/platforms/android-34/data/res/values-mcc311-mnc180-pt: Cannot change mode to rwxr-xr-x: Operation not permitted
build	Cache Android SDK	2026-06-06T12:22:57.4356964Z /usr/bin/tar: ../../../../../usr/local/lib/android/sdk/platforms/android-34/data/res/values-mcc310-mnc660-hy: Cannot utime: Operation not permitted
build	Cache Android SDK	2026-06-06T12:22:57.4358161Z /usr/bin/tar: ../../../../../usr/local/lib/android/sdk/platforms/android-34/data/res/values-mcc310-mnc660-hy: Cannot change mode to rwxr-xr-x: Operation not permitted
build	Cache Android SDK	2026-06-06T12:22:57.4360304Z /usr/bin/tar: ../../../../../usr/local/lib/android/sdk/platforms/android-34/data/res/values-mcc001-mnc01: Cannot utime: Operation not permitted
build	Cache Android SDK	2026-06-06T12:22:57.4361224Z /usr/bin/tar: ../../../../../usr/local/lib/android/sdk/platforms/android-34/data/res/values-mcc001-mnc01: Cannot change mode to rwxr-xr-x: Operation not permitted
build	Cache Android SDK	2026-06-06T12:22:57.4364914Z /usr/bin/tar: ../../../../../usr/local/lib/android/sdk/platforms/android-34/data/res/values-mcc310-mnc220-sl: Cannot utime: Operation not permitted
build	Cache Android SDK	2026-06-06T12:22:57.4365953Z /usr/bin/tar: ../../../../../usr/local/lib/android/sdk/platforms/android-34/data/res/values-mcc310-mnc220-sl: Cannot change mode to rwxr-xr-x: Operation not permitted
build	Cache Android SDK	2026-06-06T12:22:57.4368206Z /usr/bin/tar: ../../../../../usr/local/lib/android/sdk/platforms/android-34/data/res/values-mcc310-mnc560-fi: Cannot utime: Operation not permitted
build	Cache Android SDK	2026-06-06T12:22:57.4369135Z /usr/bin/tar: ../../../../../usr/local/lib/android/sdk/platforms/android-34/data/res/values-mcc310-mnc560-fi: Cannot change mode to rwxr-xr-x: Operation not permitted
build	Cache Android SDK	2026-06-06T12:22:57.4372441Z /usr/bin/tar: ../../../../../usr/local/lib/android/sdk/platforms/android-34/data/res/values-mcc312-mnc670-en-rCA: Cannot utime: Operation not permitted
build	Cache Android SDK	2026-06-06T12:22:57.4373528Z /usr/bin/tar: ../../../../../usr/local/lib/android/sdk/platforms/android-34/data/res/values-mcc312-mnc670-en-rCA: Cannot change mode to rwxr-xr-x: Operation not permitted
build	Cache Android SDK	2026-06-06T12:22:57.4375432Z /usr/bin/tar: ../../../../../usr/local/lib/android/sdk/platforms/android-34/data/res/values-mcc312-mnc670-fa: Cannot utime: Operation not permitted
build	Cache Android SDK	2026-06-06T12:22:57.4376525Z /usr/bin/tar: ../../../../../usr/local/lib/android/sdk/platforms/android-34/data/res/values-mcc312-mnc670-fa: Cannot change mode to rwxr-xr-x: Operation not permitted
build	Cache Android SDK	2026-06-06T12:22:57.4378852Z /usr/bin/tar: ../../../../../usr/local/lib/android/sdk/platforms/android-34/data/res/values-mcc310-mnc230-ne: Cannot utime: Operation not permitted
build	Cache Android SDK	2026-06-06T12:22:57.4379867Z /usr/bin/tar: ../../../../../usr/local/lib/android/sdk/platforms/android-34/data/res/values-mcc310-mnc230-ne: Cannot change mode to rwxr-xr-x: Operation not permitted
build	Cache Android SDK	2026-06-06T12:22:57.4382069Z /usr/bin/tar: ../../../../../usr/local/lib/android/sdk/platforms/android-34/data/res/values-es-rCR: Cannot utime: Operation not permitted
build	Cache Android SDK	2026-06-06T12:22:57.4383045Z /usr/bin/tar: ../../../../../usr/local/lib/android/sdk/platforms/android-34/data/res/values-es-rCR: Cannot change mode to rwxr-xr-x: Operation not permitted
build	Cache Android SDK	2026-06-06T12:22:57.4385841Z /usr/bin/tar: ../../../../../usr/local/lib/android/sdk/platforms/android-34/data/res/values-mcc312-mnc670-en-rGB: Cannot utime: Operation not permitted
build	Cache Android SDK	2026-06-06T12:22:57.4386903Z /usr/bin/tar: ../../../../../usr/local/lib/android/sdk/platforms/android-34/data/res/values-mcc312-mnc670-en-rGB: Cannot change mode to rwxr-xr-x: Operation not permitted
build	Cache Android SDK	2026-06-06T12:22:57.4390237Z /usr/bin/tar: ../../../../../usr/local/lib/android/sdk/platforms/android-34/data/res/values-mcc310-mnc950-bg: Cannot utime: Operation not permitted
build	Cache Android SDK	2026-06-06T12:22:57.4391151Z /usr/bin/tar: ../../../../../usr/local/lib/android/sdk/platforms/android-34/data/res/values-mcc310-mnc950-bg: Cannot change mode to rwxr-xr-x: Operation not permitted
build	Cache Android SDK	2026-06-06T12:22:57.4393611Z /usr/bin/tar: ../../../../../usr/local/lib/android/sdk/platforms/android-34/data/res/values-mcc310-mnc210-be: Cannot utime: Operation not permitted
build	Cache Android SDK	2026-06-06T12:22:57.4394529Z /usr/bin/tar: ../../../../../usr/local/lib/android/sdk/platforms/android-34/data/res/values-mcc310-mnc210-be: Cannot change mode to rwxr-xr-x: Operation not permitted
build	Cache Android SDK	2026-06-06T12:22:57.4397139Z /usr/bin/tar: ../../../../../usr/local/lib/android/sdk/platforms/android-34/data/res/values-mcc302-mnc720-tr: Cannot utime: Operation not permitted
build	Cache Android SDK	2026-06-06T12:22:57.4398284Z /usr/bin/tar: ../../../../../usr/local/lib/android/sdk/platforms/android-34/data/res/values-mcc302-mnc720-tr: Cannot change mode to rwxr-xr-x: Operation not permitted
build	Cache Android SDK	2026-06-06T12:22:57.4401225Z /usr/bin/tar: ../../../../../usr/local/lib/android/sdk/platforms/android-34/data/res/values-mcc310-mnc240-ar: Cannot utime: Operation not permitted
build	Cache Android SDK	2026-06-06T12:22:57.4402147Z /usr/bin/tar: ../../../../../usr/local/lib/android/sdk/platforms/android-34/data/res/values-mcc310-mnc240-ar: Cannot change mode to rwxr-xr-x: Operation not permitted
build	Cache Android SDK	2026-06-06T12:22:57.4404748Z /usr/bin/tar: ../../../../../usr/local/lib/android/sdk/platforms/android-34/data/res/values-mcc310-mnc220-vi: Cannot utime: Operation not permitted
build	Cache Android SDK	2026-06-06T12:22:57.4405812Z /usr/bin/tar: ../../../../../usr/local/lib/android/sdk/platforms/android-34/data/res/values-mcc310-mnc220-vi: Cannot change mode to rwxr-xr-x: Operation not permitted
build	Cache Android SDK	2026-06-06T12:22:57.4408127Z /usr/bin/tar: ../../../../../usr/local/lib/android/sdk/platforms/android-34/data/res/values-mcc310-mnc310-ja: Cannot utime: Operation not permitted
build	Cache Android SDK	2026-06-06T12:22:57.4409055Z /usr/bin/tar: ../../../../../usr/local/lib/android/sdk/platforms/android-34/data/res/values-mcc310-mnc310-ja: Cannot change mode to rwxr-xr-x: Operation not permitted
build	Cache Android SDK	2026-06-06T12:22:57.4411219Z /usr/bin/tar: ../../../../../usr/local/lib/android/sdk/platforms/android-34/data/res/values-mcc310-mnc150-fr: Cannot utime: Operation not permitted
build	Cache Android SDK	2026-06-06T12:22:57.4412226Z /usr/bin/tar: ../../../../../usr/local/lib/android/sdk/platforms/android-34/data/res/values-mcc310-mnc150-fr: Cannot change mode to rwxr-xr-x: Operation not permitted
build	Cache Android SDK	2026-06-06T12:22:57.4414568Z /usr/bin/tar: ../../../../../usr/local/lib/android/sdk/platforms/android-34/data/res/values-mcc310-mnc280-iw: Cannot utime: Operation not permitted
build	Cache Android SDK	2026-06-06T12:22:57.4415552Z /usr/bin/tar: ../../../../../usr/local/lib/android/sdk/platforms/android-34/data/res/values-mcc310-mnc280-iw: Cannot change mode to rwxr-xr-x: Operation not permitted
build	Cache Android SDK	2026-06-06T12:22:57.4417697Z /usr/bin/tar: ../../../../../usr/local/lib/android/sdk/platforms/android-34/data/res/values-mcc310-mnc950-ar: Cannot utime: Operation not permitted
build	Cache Android SDK	2026-06-06T12:22:57.4418621Z /usr/bin/tar: ../../../../../usr/local/lib/android/sdk/platforms/android-34/data/res/values-mcc310-mnc950-ar: Cannot change mode to rwxr-xr-x: Operation not permitted
build	Cache Android SDK	2026-06-06T12:22:57.4420634Z /usr/bin/tar: ../../../../../usr/local/lib/android/sdk/platforms/android-34/data/res/values-mcc310-mnc160-gl: Cannot utime: Operation not permitted
build	Cache Android SDK	2026-06-06T12:22:57.4421559Z /usr/bin/tar: ../../../../../usr/local/lib/android/sdk/platforms/android-34/data/res/values-mcc310-mnc160-gl: Cannot change mode to rwxr-xr-x: Operation not permitted
build	Cache Android SDK	2026-06-06T12:22:57.4423542Z /usr/bin/tar: ../../../../../usr/local/lib/android/sdk/platforms/android-34/data/res/values-mcc310-mnc250-tr: Cannot utime: Operation not permitted
build	Cache Android SDK	2026-06-06T12:22:57.4424449Z /usr/bin/tar: ../../../../../usr/local/lib/android/sdk/platforms/android-34/data/res/values-mcc310-mnc250-tr: Cannot change mode to rwxr-xr-x: Operation not permitted
build	Cache Android SDK	2026-06-06T12:22:57.4426626Z /usr/bin/tar: ../../../../../usr/local/lib/android/sdk/platforms/android-34/data/res/values-mcc313-mnc100-es-rUS: Cannot utime: Operation not permitted
build	Cache Android SDK	2026-06-06T12:22:57.4427676Z /usr/bin/tar: ../../../../../usr/local/lib/android/sdk/platforms/android-34/data/res/values-mcc313-mnc100-es-rUS: Cannot change mode to rwxr-xr-x: Operation not permitted
build	Cache Android SDK	2026-06-06T12:22:57.4431042Z /usr/bin/tar: ../../../../../usr/local/lib/android/sdk/platforms/android-34/data/res/values-mcc310-mnc250-hy: Cannot utime: Operation not permitted
build	Cache Android SDK	2026-06-06T12:22:57.4431972Z /usr/bin/tar: ../../../../../usr/local/lib/android/sdk/platforms/android-34/data/res/values-mcc310-mnc250-hy: Cannot change mode to rwxr-xr-x: Operation not permitted
build	Cache Android SDK	2026-06-06T12:22:57.4433979Z /usr/bin/tar: ../../../../../usr/local/lib/android/sdk/platforms/android-34/data/res/values-mcc310-mnc950-in: Cannot utime: Operation not permitted
build	Cache Android SDK	2026-06-06T12:22:57.4434899Z /usr/bin/tar: ../../../../../usr/local/lib/android/sdk/platforms/android-34/data/res/values-mcc310-mnc950-in: Cannot change mode to rwxr-xr-x: Operation not permitted
build	Cache Android SDK	2026-06-06T12:22:57.4436879Z /usr/bin/tar: ../../../../../usr/local/lib/android/sdk/platforms/android-34/data/res/values-mcc310-mnc270-sk: Cannot utime: Operation not permitted
build	Cache Android SDK	2026-06-06T12:22:57.4438006Z /usr/bin/tar: ../../../../../usr/local/lib/android/sdk/platforms/android-34/data/res/values-mcc310-mnc270-sk: Cannot change mode to rwxr-xr-x: Operation not permitted
build	Cache Android SDK	2026-06-06T12:22:57.4439896Z /usr/bin/tar: ../../../../../usr/local/lib/android/sdk/platforms/android-34/data/res/values-mcc310-mnc230-iw: Cannot utime: Operation not permitted
build	Cache Android SDK	2026-06-06T12:22:57.4440887Z /usr/bin/tar: ../../../../../usr/local/lib/android/sdk/platforms/android-34/data/res/values-mcc310-mnc230-iw: Cannot change mode to rwxr-xr-x: Operation not permitted
build	Cache Android SDK	2026-06-06T12:22:57.4443181Z /usr/bin/tar: ../../../../../usr/local/lib/android/sdk/platforms/android-34/data/res/values-mcc310-mnc230-en-rAU: Cannot utime: Operation not permitted
build	Cache Android SDK	2026-06-06T12:22:57.4444125Z /usr/bin/tar: ../../../../../usr/local/lib/android/sdk/platforms/android-34/data/res/values-mcc310-mnc230-en-rAU: Cannot change mode to rwxr-xr-x: Operation not permitted
build	Cache Android SDK	2026-06-06T12:22:57.4446316Z /usr/bin/tar: ../../../../../usr/local/lib/android/sdk/platforms/android-34/data/res/values-ru-rRU: Cannot utime: Operation not permitted
build	Cache Android SDK	2026-06-06T12:22:57.4447273Z /usr/bin/tar: ../../../../../usr/local/lib/android/sdk/platforms/android-34/data/res/values-ru-rRU: Cannot change mode to rwxr-xr-x: Operation not permitted
build	Cache Android SDK	2026-06-06T12:22:57.4454173Z /usr/bin/tar: ../../../../../usr/local/lib/android/sdk/platforms/android-34/data/res/values-uk: Cannot utime: Operation not permitted
build	Cache Android SDK	2026-06-06T12:22:57.4455193Z /usr/bin/tar: ../../../../../usr/local/lib/android/sdk/platforms/android-34/data/res/values-uk: Cannot change mode to rwxr-xr-x: Operation not permitted
build	Cache Android SDK	2026-06-06T12:22:57.4456800Z /usr/bin/tar: ../../../../../usr/local/lib/android/sdk/platforms/android-34/data/res/values-mcc310-mnc310-sv: Cannot utime: Operation not permitted
build	Cache Android SDK	2026-06-06T12:22:57.4457947Z /usr/bin/tar: ../../../../../usr/local/lib/android/sdk/platforms/android-34/data/res/values-mcc310-mnc310-sv: Cannot change mode to rwxr-xr-x: Operation not permitted
build	Cache Android SDK	2026-06-06T12:22:57.4459750Z /usr/bin/tar: ../../../../../usr/local/lib/android/sdk/platforms/android-34/data/res/values-mcc310-mnc230-it: Cannot utime: Operation not permitted
build	Cache Android SDK	2026-06-06T12:22:57.4460684Z /usr/bin/tar: ../../../../../usr/local/lib/android/sdk/platforms/android-34/data/res/values-mcc310-mnc230-it: Cannot change mode to rwxr-xr-x: Operation not permitted
build	Cache Android SDK	2026-06-06T12:22:57.4462713Z /usr/bin/tar: ../../../../../usr/local/lib/android/sdk/platforms/android-34/data/res/values-eu-television: Cannot utime: Operation not permitted
build	Cache Android SDK	2026-06-06T12:22:57.4463618Z /usr/bin/tar: ../../../../../usr/local/lib/android/sdk/platforms/android-34/data/res/values-eu-television: Cannot change mode to rwxr-xr-x: Operation not permitted
build	Cache Android SDK	2026-06-06T12:22:57.4465506Z /usr/bin/tar: ../../../../../usr/local/lib/android/sdk/platforms/android-34/data/res/values-zh-rHK-television: Cannot utime: Operation not permitted
build	Cache Android SDK	2026-06-06T12:22:57.4466591Z /usr/bin/tar: ../../../../../usr/local/lib/android/sdk/platforms/android-34/data/res/values-zh-rHK-television: Cannot change mode to rwxr-xr-x: Operation not permitted
build	Cache Android SDK	2026-06-06T12:22:57.4469209Z /usr/bin/tar: ../../../../../usr/local/lib/android/sdk/platforms/android-34/data/res/values-mcc310-mnc490-cs: Cannot utime: Operation not permitted
build	Cache Android SDK	2026-06-06T12:22:57.4470159Z /usr/bin/tar: ../../../../../usr/local/lib/android/sdk/platforms/android-34/data/res/values-mcc310-mnc490-cs: Cannot change mode to rwxr-xr-x: Operation not permitted
build	Cache Android SDK	2026-06-06T12:22:57.4475442Z /usr/bin/tar: ../../../../../usr/local/lib/android/sdk/platforms/android-34/data/res/values-mcc310-mnc800-zh-rTW: Cannot utime: Operation not permitted
build	Cache Android SDK	2026-06-06T12:22:57.4476405Z /usr/bin/tar: ../../../../../usr/local/lib/android/sdk/platforms/android-34/data/res/values-mcc310-mnc800-zh-rTW: Cannot change mode to rwxr-xr-x: Operation not permitted
build	Cache Android SDK	2026-06-06T12:22:57.4478619Z /usr/bin/tar: ../../../../../usr/local/lib/android/sdk/platforms/android-34/data/res/values-es-rPA: Cannot utime: Operation not permitted
build	Cache Android SDK	2026-06-06T12:22:57.4479498Z /usr/bin/tar: ../../../../../usr/local/lib/android/sdk/platforms/android-34/data/res/values-es-rPA: Cannot change mode to rwxr-xr-x: Operation not permitted
build	Cache Android SDK	2026-06-06T12:22:57.4481972Z /usr/bin/tar: ../../../../../usr/local/lib/android/sdk/platforms/android-34/data/res/values-mcc001-mnc01-mk: Cannot utime: Operation not permitted
build	Cache Android SDK	2026-06-06T12:22:57.4494418Z /usr/bin/tar: ../../../../../usr/local/lib/android/sdk/platforms/android-34/data/res/values-mcc001-mnc01-mk: Cannot change mode to rwxr-xr-x: Operation not permitted
build	Cache Android SDK	2026-06-06T12:22:57.4495956Z /usr/bin/tar: ../../../../../usr/local/lib/android/sdk/platforms/android-34/data/res/values-mk-watch: Cannot utime: Operation not permitted
build	Cache Android SDK	2026-06-06T12:22:57.4496851Z /usr/bin/tar: ../../../../../usr/local/lib/android/sdk/platforms/android-34/data/res/values-mk-watch: Cannot change mode to rwxr-xr-x: Operation not permitted
build	Cache Android SDK	2026-06-06T12:22:57.4498357Z /usr/bin/tar: ../../../../../usr/local/lib/android/sdk/platforms/android-34/data/res/values-mcc310-mnc150-am: Cannot utime: Operation not permitted
build	Cache Android SDK	2026-06-06T12:22:57.4499430Z /usr/bin/tar: ../../../../../usr/local/lib/android/sdk/platforms/android-34/data/res/values-mcc310-mnc150-am: Cannot change mode to rwxr-xr-x: Operation not permitted
build	Cache Android SDK	2026-06-06T12:22:57.4500779Z /usr/bin/tar: ../../../../../usr/local/lib/android/sdk/platforms/android-34/data/res/values-mcc310-mnc250-hr: Cannot utime: Operation not permitted
build	Cache Android SDK	2026-06-06T12:22:57.4501777Z /usr/bin/tar: ../../../../../usr/local/lib/android/sdk/platforms/android-34/data/res/values-mcc310-mnc250-hr: Cannot change mode to rwxr-xr-x: Operation not permitted
build	Cache Android SDK	2026-06-06T12:22:57.4502683Z /usr/bin/tar: ../../../../../usr/local/lib/android/sdk/platforms/android-34/data/res/values-mcc334-mnc020-fr: Cannot utime: Operation not permitted
build	Cache Android SDK	2026-06-06T12:22:57.4503972Z /usr/bin/tar: ../../../../../usr/local/lib/android/sdk/platforms/android-34/data/res/values-mcc334-mnc020-fr: Cannot change mode to rwxr-xr-x: Operation not permitted
build	Cache Android SDK	2026-06-06T12:22:57.4504888Z /usr/bin/tar: ../../../../../usr/local/lib/android/sdk/platforms/android-34/data/res/values-mcc310-mnc220-uk: Cannot utime: Operation not permitted
build	Cache Android SDK	2026-06-06T12:22:57.4505838Z /usr/bin/tar: ../../../../../usr/local/lib/android/sdk/platforms/android-34/data/res/values-mcc310-mnc220-uk: Cannot change mode to rwxr-xr-x: Operation not permitted
build	Cache Android SDK	2026-06-06T12:22:57.4507188Z /usr/bin/tar: ../../../../../usr/local/lib/android/sdk/platforms/android-34/data/res/values-mcc313-mnc100-te: Cannot utime: Operation not permitted
build	Cache Android SDK	2026-06-06T12:22:57.4508217Z /usr/bin/tar: ../../../../../usr/local/lib/android/sdk/platforms/android-34/data/res/values-mcc313-mnc100-te: Cannot change mode to rwxr-xr-x: Operation not permitted
build	Cache Android SDK	2026-06-06T12:22:57.4509101Z /usr/bin/tar: ../../../../../usr/local/lib/android/sdk/platforms/android-34/data/res/values-si-watch: Cannot utime: Operation not permitted
build	Cache Android SDK	2026-06-06T12:22:57.4510305Z /usr/bin/tar: ../../../../../usr/local/lib/android/sdk/platforms/android-34/data/res/values-si-watch: Cannot change mode to rwxr-xr-x: Operation not permitted
build	Cache Android SDK	2026-06-06T12:22:57.4511250Z /usr/bin/tar: ../../../../../usr/local/lib/android/sdk/platforms/android-34/data/res/values-mcc310-mnc270-lo: Cannot utime: Operation not permitted
build	Cache Android SDK	2026-06-06T12:22:57.4512154Z /usr/bin/tar: ../../../../../usr/local/lib/android/sdk/platforms/android-34/data/res/values-mcc310-mnc270-lo: Cannot change mode to rwxr-xr-x: Operation not permitted
build	Cache Android SDK	2026-06-06T12:22:57.4513624Z /usr/bin/tar: ../../../../../usr/local/lib/android/sdk/platforms/android-34/data/res/values-mcc310-mnc170-km: Cannot utime: Operation not permitted
build	Cache Android SDK	2026-06-06T12:22:57.4515008Z /usr/bin/tar: ../../../../../usr/local/lib/android/sdk/platforms/android-34/data/res/values-mcc310-mnc170-km: Cannot change mode to rwxr-xr-x: Operation not permitted
build	Cache Android SDK	2026-06-06T12:22:57.4516195Z /usr/bin/tar: ../../../../../usr/local/lib/android/sdk/platforms/android-34/data/res/values-mcc310-mnc660-af: Cannot utime: Operation not permitted
build	Cache Android SDK	2026-06-06T12:22:57.4517163Z /usr/bin/tar: ../../../../../usr/local/lib/android/sdk/platforms/android-34/data/res/values-mcc310-mnc660-af: Cannot change mode to rwxr-xr-x: Operation not permitted
build	Cache Android SDK	2026-06-06T12:22:57.4518329Z /usr/bin/tar: ../../../../../usr/local/lib/android/sdk/platforms/android-34/data/res/values-mcc001-mnc01-it: Cannot utime: Operation not permitted
build	Cache Android SDK	2026-06-06T12:22:57.4519647Z /usr/bin/tar: ../../../../../usr/local/lib/android/sdk/platforms/android-34/data/res/values-mcc001-mnc01-it: Cannot change mode to rwxr-xr-x: Operation not permitted
build	Cache Android SDK	2026-06-06T12:22:57.4520563Z /usr/bin/tar: ../../../../../usr/local/lib/android/sdk/platforms/android-34/data/res/values-mcc310-mnc280-th: Cannot utime: Operation not permitted
build	Cache Android SDK	2026-06-06T12:22:57.4521477Z /usr/bin/tar: ../../../../../usr/local/lib/android/sdk/platforms/android-34/data/res/values-mcc310-mnc280-th: Cannot change mode to rwxr-xr-x: Operation not permitted
build	Cache Android SDK	2026-06-06T12:22:57.4523129Z /usr/bin/tar: ../../../../../usr/local/lib/android/sdk/platforms/android-34/data/res/values-mcc310-mnc380-mk: Cannot utime: Operation not permitted
build	Cache Android SDK	2026-06-06T12:22:57.4524160Z /usr/bin/tar: ../../../../../usr/local/lib/android/sdk/platforms/android-34/data/res/values-mcc310-mnc380-mk: Cannot change mode to rwxr-xr-x: Operation not permitted
build	Cache Android SDK	2026-06-06T12:22:57.4526427Z /usr/bin/tar: ../../../../../usr/local/lib/android/sdk/platforms/android-34/data/res/values-mcc310-mnc250-is: Cannot utime: Operation not permitted
build	Cache Android SDK	2026-06-06T12:22:57.4527674Z /usr/bin/tar: ../../../../../usr/local/lib/android/sdk/platforms/android-34/data/res/values-mcc310-mnc250-is: Cannot change mode to rwxr-xr-x: Operation not permitted
build	Cache Android SDK	2026-06-06T12:22:57.4529310Z /usr/bin/tar: ../../../../../usr/local/lib/android/sdk/platforms/android-34/data/res/values-th-rTH: Cannot utime: Operation not permitted
build	Cache Android SDK	2026-06-06T12:22:57.4530223Z /usr/bin/tar: ../../../../../usr/local/lib/android/sdk/platforms/android-34/data/res/values-th-rTH: Cannot change mode to rwxr-xr-x: Operation not permitted
build	Cache Android SDK	2026-06-06T12:22:57.4532499Z /usr/bin/tar: ../../../../../usr/local/lib/android/sdk/platforms/android-34/data/res/values-mcc310-mnc560-ml: Cannot utime: Operation not permitted
build	Cache Android SDK	2026-06-06T12:22:57.4533437Z /usr/bin/tar: ../../../../../usr/local/lib/android/sdk/platforms/android-34/data/res/values-mcc310-mnc560-ml: Cannot change mode to rwxr-xr-x: Operation not permitted
build	Cache Android SDK	2026-06-06T12:22:57.4535442Z /usr/bin/tar: ../../../../../usr/local/lib/android/sdk/platforms/android-34/data/res/values-mcc310-mnc210-th: Cannot utime: Operation not permitted
build	Cache Android SDK	2026-06-06T12:22:57.4536380Z /usr/bin/tar: ../../../../../usr/local/lib/android/sdk/platforms/android-34/data/res/values-mcc310-mnc210-th: Cannot change mode to rwxr-xr-x: Operation not permitted
build	Cache Android SDK	2026-06-06T12:22:57.4538604Z /usr/bin/tar: ../../../../../usr/local/lib/android/sdk/platforms/android-34/data/res/values-mcc310-mnc380-sr: Cannot utime: Operation not permitted
build	Cache Android SDK	2026-06-06T12:22:57.4539544Z /usr/bin/tar: ../../../../../usr/local/lib/android/sdk/platforms/android-34/data/res/values-mcc310-mnc380-sr: Cannot change mode to rwxr-xr-x: Operation not permitted
build	Cache Android SDK	2026-06-06T12:22:57.4541136Z /usr/bin/tar: ../../../../../usr/local/lib/android/sdk/platforms/android-34/data/res/values-mcc310-mnc410-et: Cannot utime: Operation not permitted
build	Cache Android SDK	2026-06-06T12:22:57.4542080Z /usr/bin/tar: ../../../../../usr/local/lib/android/sdk/platforms/android-34/data/res/values-mcc310-mnc410-et: Cannot change mode to rwxr-xr-x: Operation not permitted
build	Cache Android SDK	2026-06-06T12:22:57.4543922Z /usr/bin/tar: ../../../../../usr/local/lib/android/sdk/platforms/android-34/data/res/values-mcc310-mnc380-uz: Cannot utime: Operation not permitted
build	Cache Android SDK	2026-06-06T12:22:57.4544844Z /usr/bin/tar: ../../../../../usr/local/lib/android/sdk/platforms/android-34/data/res/values-mcc310-mnc380-uz: Cannot change mode to rwxr-xr-x: Operation not permitted
build	Cache Android SDK	2026-06-06T12:22:57.4547243Z /usr/bin/tar: ../../../../../usr/local/lib/android/sdk/platforms/android-34/data/res/values-mcc311-mnc180-gu: Cannot utime: Operation not permitted
build	Cache Android SDK	2026-06-06T12:22:57.4548615Z /usr/bin/tar: ../../../../../usr/local/lib/android/sdk/platforms/android-34/data/res/values-mcc311-mnc180-gu: Cannot change mode to rwxr-xr-x: Operation not permitted
build	Cache Android SDK	2026-06-06T12:22:57.4550279Z /usr/bin/tar: ../../../../../usr/local/lib/android/sdk/platforms/android-34/data/res/values-mcc311-mnc180-is: Cannot utime: Operation not permitted
build	Cache Android SDK	2026-06-06T12:22:57.4551280Z /usr/bin/tar: ../../../../../usr/local/lib/android/sdk/platforms/android-34/data/res/values-mcc311-mnc180-is: Cannot change mode to rwxr-xr-x: Operation not permitted
build	Cache Android SDK	2026-06-06T12:22:57.4553290Z /usr/bin/tar: ../../../../../usr/local/lib/android/sdk/platforms/android-34/data/res/values-mcc312-mnc670-ml: Cannot utime: Operation not permitted
build	Cache Android SDK	2026-06-06T12:22:57.4554225Z /usr/bin/tar: ../../../../../usr/local/lib/android/sdk/platforms/android-34/data/res/values-mcc312-mnc670-ml: Cannot change mode to rwxr-xr-x: Operation not permitted
build	Cache Android SDK	2026-06-06T12:22:57.4556637Z /usr/bin/tar: ../../../../../usr/local/lib/android/sdk/platforms/android-34/data/res/values-mcc310-mnc170-sr: Cannot utime: Operation not permitted
build	Cache Android SDK	2026-06-06T12:22:57.4557837Z /usr/bin/tar: ../../../../../usr/local/lib/android/sdk/platforms/android-34/data/res/values-mcc310-mnc170-sr: Cannot change mode to rwxr-xr-x: Operation not permitted
build	Cache Android SDK	2026-06-06T12:22:57.4559742Z /usr/bin/tar: ../../../../../usr/local/lib/android/sdk/platforms/android-34/data/res/values-mcc311: Cannot utime: Operation not permitted
build	Cache Android SDK	2026-06-06T12:22:57.4560696Z /usr/bin/tar: ../../../../../usr/local/lib/android/sdk/platforms/android-34/data/res/values-mcc311: Cannot change mode to rwxr-xr-x: Operation not permitted
build	Cache Android SDK	2026-06-06T12:22:57.4563143Z /usr/bin/tar: ../../../../../usr/local/lib/android/sdk/platforms/android-34/data/res/values-es-watch: Cannot utime: Operation not permitted
build	Cache Android SDK	2026-06-06T12:22:57.4564035Z /usr/bin/tar: ../../../../../usr/local/lib/android/sdk/platforms/android-34/data/res/values-es-watch: Cannot change mode to rwxr-xr-x: Operation not permitted
build	Cache Android SDK	2026-06-06T12:22:57.4685642Z /usr/bin/tar: ../../../../../usr/local/lib/android/sdk/platforms/android-34/data/res/layout: Cannot utime: Operation not permitted
build	Cache Android SDK	2026-06-06T12:22:57.4686570Z /usr/bin/tar: ../../../../../usr/local/lib/android/sdk/platforms/android-34/data/res/layout: Cannot change mode to rwxr-xr-x: Operation not permitted
build	Cache Android SDK	2026-06-06T12:22:57.4689271Z /usr/bin/tar: ../../../../../usr/local/lib/android/sdk/platforms/android-34/data/res/values-mcc311-mnc180-zh-rCN: Cannot utime: Operation not permitted
build	Cache Android SDK	2026-06-06T12:22:57.4690781Z /usr/bin/tar: ../../../../../usr/local/lib/android/sdk/platforms/android-34/data/res/values-mcc311-mnc180-zh-rCN: Cannot change mode to rwxr-xr-x: Operation not permitted
build	Cache Android SDK	2026-06-06T12:22:57.4692343Z /usr/bin/tar: ../../../../../usr/local/lib/android/sdk/platforms/android-34/data/res/values-mcc310-mnc150-hi: Cannot utime: Operation not permitted
build	Cache Android SDK	2026-06-06T12:22:57.4693714Z /usr/bin/tar: ../../../../../usr/local/lib/android/sdk/platforms/android-34/data/res/values-mcc310-mnc150-hi: Cannot change mode to rwxr-xr-x: Operation not permitted
build	Cache Android SDK	2026-06-06T12:22:57.4695247Z /usr/bin/tar: ../../../../../usr/local/lib/android/sdk/platforms/android-34/data/res/values-mcc310-mnc490-it: Cannot utime: Operation not permitted
build	Cache Android SDK	2026-06-06T12:22:57.4696648Z /usr/bin/tar: ../../../../../usr/local/lib/android/sdk/platforms/android-34/data/res/values-mcc310-mnc490-it: Cannot change mode to rwxr-xr-x: Operation not permitted
build	Cache Android SDK	2026-06-06T12:22:57.4698408Z /usr/bin/tar: ../../../../../usr/local/lib/android/sdk/platforms/android-34/data/res/values-mcc334-mnc020-ru: Cannot utime: Operation not permitted
build	Cache Android SDK	2026-06-06T12:22:57.4699830Z /usr/bin/tar: ../../../../../usr/local/lib/android/sdk/platforms/android-34/data/res/values-mcc334-mnc020-ru: Cannot change mode to rwxr-xr-x: Operation not permitted
build	Cache Android SDK	2026-06-06T12:22:57.4701424Z /usr/bin/tar: ../../../../../usr/local/lib/android/sdk/platforms/android-34/data/res/values-mcc310-mnc280-ta: Cannot utime: Operation not permitted
build	Cache Android SDK	2026-06-06T12:22:57.4702816Z /usr/bin/tar: ../../../../../usr/local/lib/android/sdk/platforms/android-34/data/res/values-mcc310-mnc280-ta: Cannot change mode to rwxr-xr-x: Operation not permitted
build	Cache Android SDK	2026-06-06T12:22:57.4704362Z /usr/bin/tar: ../../../../../usr/local/lib/android/sdk/platforms/android-34/data/res/values-ne-watch: Cannot utime: Operation not permitted
build	Cache Android SDK	2026-06-06T12:22:57.4705915Z /usr/bin/tar: ../../../../../usr/local/lib/android/sdk/platforms/android-34/data/res/values-ne-watch: Cannot change mode to rwxr-xr-x: Operation not permitted
build	Cache Android SDK	2026-06-06T12:22:57.4707495Z /usr/bin/tar: ../../../../../usr/local/lib/android/sdk/platforms/android-34/data/res/values-mcc310-mnc200-ml: Cannot utime: Operation not permitted
build	Cache Android SDK	2026-06-06T12:22:57.4708987Z /usr/bin/tar: ../../../../../usr/local/lib/android/sdk/platforms/android-34/data/res/values-mcc310-mnc200-ml: Cannot change mode to rwxr-xr-x: Operation not permitted
build	Cache Android SDK	2026-06-06T12:22:57.4710348Z /usr/bin/tar: ../../../../../usr/local/lib/android/sdk/platforms/android-34/data/res/values-mcc310-mnc280-nb: Cannot utime: Operation not permitted
build	Cache Android SDK	2026-06-06T12:22:57.4711262Z /usr/bin/tar: ../../../../../usr/local/lib/android/sdk/platforms/android-34/data/res/values-mcc310-mnc280-nb: Cannot change mode to rwxr-xr-x: Operation not permitted
build	Cache Android SDK	2026-06-06T12:22:57.4712990Z /usr/bin/tar: ../../../../../usr/local/lib/android/sdk/platforms/android-34/data/res/values-mcc302-mnc370-pt-rPT: Cannot utime: Operation not permitted
build	Cache Android SDK	2026-06-06T12:22:57.4713963Z /usr/bin/tar: ../../../../../usr/local/lib/android/sdk/platforms/android-34/data/res/values-mcc302-mnc370-pt-rPT: Cannot change mode to rwxr-xr-x: Operation not permitted
build	Cache Android SDK	2026-06-06T12:22:57.4739069Z /usr/bin/tar: ../../../../../usr/local/lib/android/sdk/platforms/android-34/data/res/drawable-sw600dp-nodpi: Cannot utime: Operation not permitted
build	Cache Android SDK	2026-06-06T12:22:57.4740257Z /usr/bin/tar: ../../../../../usr/local/lib/android/sdk/platforms/android-34/data/res/drawable-sw600dp-nodpi: Cannot change mode to rwxr-xr-x: Operation not permitted
build	Cache Android SDK	2026-06-06T12:22:57.4741991Z /usr/bin/tar: ../../../../../usr/local/lib/android/sdk/platforms/android-34/data/res/values-mcc310-mnc490-mr: Cannot utime: Operation not permitted
build	Cache Android SDK	2026-06-06T12:22:57.4742942Z /usr/bin/tar: ../../../../../usr/local/lib/android/sdk/platforms/android-34/data/res/values-mcc310-mnc490-mr: Cannot change mode to rwxr-xr-x: Operation not permitted
build	Cache Android SDK	2026-06-06T12:22:57.4745299Z /usr/bin/tar: ../../../../../usr/local/lib/android/sdk/platforms/android-34/data/res/values-mcc310-mnc200-ms: Cannot utime: Operation not permitted
build	Cache Android SDK	2026-06-06T12:22:57.4746236Z /usr/bin/tar: ../../../../../usr/local/lib/android/sdk/platforms/android-34/data/res/values-mcc310-mnc200-ms: Cannot change mode to rwxr-xr-x: Operation not permitted
build	Cache Android SDK	2026-06-06T12:22:57.4748180Z /usr/bin/tar: ../../../../../usr/local/lib/android/sdk/platforms/android-34/data/res/values-mcc313-mnc100-fa: Cannot utime: Operation not permitted
build	Cache Android SDK	2026-06-06T12:22:57.4749185Z /usr/bin/tar: ../../../../../usr/local/lib/android/sdk/platforms/android-34/data/res/values-mcc313-mnc100-fa: Cannot change mode to rwxr-xr-x: Operation not permitted
build	Cache Android SDK	2026-06-06T12:22:57.4751554Z /usr/bin/tar: ../../../../../usr/local/lib/android/sdk/platforms/android-34/data/res/values-mcc310-mnc490-bs: Cannot utime: Operation not permitted
build	Cache Android SDK	2026-06-06T12:22:57.4752575Z /usr/bin/tar: ../../../../../usr/local/lib/android/sdk/platforms/android-34/data/res/values-mcc310-mnc490-bs: Cannot change mode to rwxr-xr-x: Operation not permitted
build	Cache Android SDK	2026-06-06T12:22:57.4754779Z /usr/bin/tar: ../../../../../usr/local/lib/android/sdk/platforms/android-34/data/res/values-sw900dp: Cannot utime: Operation not permitted
build	Cache Android SDK	2026-06-06T12:22:57.4755754Z /usr/bin/tar: ../../../../../usr/local/lib/android/sdk/platforms/android-34/data/res/values-sw900dp: Cannot change mode to rwxr-xr-x: Operation not permitted
build	Cache Android SDK	2026-06-06T12:22:57.4758008Z /usr/bin/tar: ../../../../../usr/local/lib/android/sdk/platforms/android-34/data/res/values-mcc302-mnc720-mn: Cannot utime: Operation not permitted
build	Cache Android SDK	2026-06-06T12:22:57.4759117Z /usr/bin/tar: ../../../../../usr/local/lib/android/sdk/platforms/android-34/data/res/values-mcc302-mnc720-mn: Cannot change mode to rwxr-xr-x: Operation not permitted
build	Cache Android SDK	2026-06-06T12:22:57.4761582Z /usr/bin/tar: ../../../../../usr/local/lib/android/sdk/platforms/android-34/data/res/values-mcc302-mnc720-or: Cannot utime: Operation not permitted
build	Cache Android SDK	2026-06-06T12:22:57.4762611Z /usr/bin/tar: ../../../../../usr/local/lib/android/sdk/platforms/android-34/data/res/values-mcc302-mnc720-or: Cannot change mode to rwxr-xr-x: Operation not permitted
build	Cache Android SDK	2026-06-06T12:22:57.4764609Z /usr/bin/tar: ../../../../../usr/local/lib/android/sdk/platforms/android-34/data/res/values-mcc310-mnc220-es: Cannot utime: Operation not permitted
build	Cache Android SDK	2026-06-06T12:22:57.4765535Z /usr/bin/tar: ../../../../../usr/local/lib/android/sdk/platforms/android-34/data/res/values-mcc310-mnc220-es: Cannot change mode to rwxr-xr-x: Operation not permitted
build	Cache Android SDK	2026-06-06T12:22:57.4767825Z /usr/bin/tar: ../../../../../usr/local/lib/android/sdk/platforms/android-34/data/res/values-mcc310-mnc410-da: Cannot utime: Operation not permitted
build	Cache Android SDK	2026-06-06T12:22:57.4768849Z /usr/bin/tar: ../../../../../usr/local/lib/android/sdk/platforms/android-34/data/res/values-mcc310-mnc410-da: Cannot change mode to rwxr-xr-x: Operation not permitted
build	Cache Android SDK	2026-06-06T12:22:57.4771002Z /usr/bin/tar: ../../../../../usr/local/lib/android/sdk/platforms/android-34/data/res/values-mcc310-mnc030-iw: Cannot utime: Operation not permitted
build	Cache Android SDK	2026-06-06T12:22:57.4772039Z /usr/bin/tar: ../../../../../usr/local/lib/android/sdk/platforms/android-34/data/res/values-mcc310-mnc030-iw: Cannot change mode to rwxr-xr-x: Operation not permitted
build	Cache Android SDK	2026-06-06T12:22:57.4774485Z /usr/bin/tar: ../../../../../usr/local/lib/android/sdk/platforms/android-34/data/res/values-mcc312-mnc670-as: Cannot utime: Operation not permitted
build	Cache Android SDK	2026-06-06T12:22:57.4775515Z /usr/bin/tar: ../../../../../usr/local/lib/android/sdk/platforms/android-34/data/res/values-mcc312-mnc670-as: Cannot change mode to rwxr-xr-x: Operation not permitted
build	Cache Android SDK	2026-06-06T12:22:57.4777941Z /usr/bin/tar: ../../../../../usr/local/lib/android/sdk/platforms/android-34/data/res/values-mcc310-mnc150-ms: Cannot utime: Operation not permitted
build	Cache Android SDK	2026-06-06T12:22:57.4778968Z /usr/bin/tar: ../../../../../usr/local/lib/android/sdk/platforms/android-34/data/res/values-mcc310-mnc150-ms: Cannot change mode to rwxr-xr-x: Operation not permitted
build	Cache Android SDK	2026-06-06T12:22:57.4780948Z /usr/bin/tar: ../../../../../usr/local/lib/android/sdk/platforms/android-34/data/res/values-mcc214-mnc01: Cannot utime: Operation not permitted
build	Cache Android SDK	2026-06-06T12:22:57.4781955Z /usr/bin/tar: ../../../../../usr/local/lib/android/sdk/platforms/android-34/data/res/values-mcc214-mnc01: Cannot change mode to rwxr-xr-x: Operation not permitted
build	Cache Android SDK	2026-06-06T12:22:57.4784069Z /usr/bin/tar: ../../../../../usr/local/lib/android/sdk/platforms/android-34/data/res/values-ro-watch: Cannot utime: Operation not permitted
build	Cache Android SDK	2026-06-06T12:22:57.4785051Z /usr/bin/tar: ../../../../../usr/local/lib/android/sdk/platforms/android-34/data/res/values-ro-watch: Cannot change mode to rwxr-xr-x: Operation not permitted
build	Cache Android SDK	2026-06-06T12:22:57.4789559Z /usr/bin/tar: ../../../../../usr/local/lib/android/sdk/platforms/android-34/data/res/values-mcc334-mnc020-bg: Cannot utime: Operation not permitted
build	Cache Android SDK	2026-06-06T12:22:57.4790587Z /usr/bin/tar: ../../../../../usr/local/lib/android/sdk/platforms/android-34/data/res/values-mcc334-mnc020-bg: Cannot change mode to rwxr-xr-x: Operation not permitted
build	Cache Android SDK	2026-06-06T12:22:57.4795717Z /usr/bin/tar: ../../../../../usr/local/lib/android/sdk/platforms/android-34/data/res/values-mcc001-mnc01-pt: Cannot utime: Operation not permitted
build	Cache Android SDK	2026-06-06T12:22:57.4796771Z /usr/bin/tar: ../../../../../usr/local/lib/android/sdk/platforms/android-34/data/res/values-mcc001-mnc01-pt: Cannot change mode to rwxr-xr-x: Operation not permitted
build	Cache Android SDK	2026-06-06T12:22:57.4802005Z /usr/bin/tar: ../../../../../usr/local/lib/android/sdk/platforms/android-34/data/res/values-mcc310-mnc280-pt-rBR: Cannot utime: Operation not permitted
build	Cache Android SDK	2026-06-06T12:22:57.4802986Z /usr/bin/tar: ../../../../../usr/local/lib/android/sdk/platforms/android-34/data/res/values-mcc310-mnc280-pt-rBR: Cannot change mode to rwxr-xr-x: Operation not permitted
build	Cache Android SDK	2026-06-06T12:22:57.4805339Z /usr/bin/tar: ../../../../../usr/local/lib/android/sdk/platforms/android-34/data/res/values-mcc310-mnc170-uk: Cannot utime: Operation not permitted
build	Cache Android SDK	2026-06-06T12:22:57.4806344Z /usr/bin/tar: ../../../../../usr/local/lib/android/sdk/platforms/android-34/data/res/values-mcc310-mnc170-uk: Cannot change mode to rwxr-xr-x: Operation not permitted
build	Cache Android SDK	2026-06-06T12:22:57.4809524Z /usr/bin/tar: ../../../../../usr/local/lib/android/sdk/platforms/android-34/data/res/values-mcc302-mnc370-lv: Cannot utime: Operation not permitted
build	Cache Android SDK	2026-06-06T12:22:57.4810455Z /usr/bin/tar: ../../../../../usr/local/lib/android/sdk/platforms/android-34/data/res/values-mcc302-mnc370-lv: Cannot change mode to rwxr-xr-x: Operation not permitted
build	Cache Android SDK	2026-06-06T12:22:57.4813495Z /usr/bin/tar: ../../../../../usr/local/lib/android/sdk/platforms/android-34/data/res/values-mcc310-mnc160-vi: Cannot utime: Operation not permitted
build	Cache Android SDK	2026-06-06T12:22:57.4814419Z /usr/bin/tar: ../../../../../usr/local/lib/android/sdk/platforms/android-34/data/res/values-mcc310-mnc160-vi: Cannot change mode to rwxr-xr-x: Operation not permitted
build	Cache Android SDK	2026-06-06T12:22:57.4820861Z /usr/bin/tar: ../../../../../usr/local/lib/android/sdk/platforms/android-34/data/res/values-kk: Cannot utime: Operation not permitted
build	Cache Android SDK	2026-06-06T12:22:57.4821724Z /usr/bin/tar: ../../../../../usr/local/lib/android/sdk/platforms/android-34/data/res/values-kk: Cannot change mode to rwxr-xr-x: Operation not permitted
build	Cache Android SDK	2026-06-06T12:22:57.4824621Z /usr/bin/tar: ../../../../../usr/local/lib/android/sdk/platforms/android-34/data/res/values-mcc310-mnc560-sl: Cannot utime: Operation not permitted
build	Cache Android SDK	2026-06-06T12:22:57.4825547Z /usr/bin/tar: ../../../../../usr/local/lib/android/sdk/platforms/android-34/data/res/values-mcc310-mnc560-sl: Cannot change mode to rwxr-xr-x: Operation not permitted
build	Cache Android SDK	2026-06-06T12:22:57.4827967Z /usr/bin/tar: ../../../../../usr/local/lib/android/sdk/platforms/android-34/data/res/values-zh-rTW-watch: Cannot utime: Operation not permitted
build	Cache Android SDK	2026-06-06T12:22:57.4828890Z /usr/bin/tar: ../../../../../usr/local/lib/android/sdk/platforms/android-34/data/res/values-zh-rTW-watch: Cannot change mode to rwxr-xr-x: Operation not permitted
build	Cache Android SDK	2026-06-06T12:22:57.4830824Z /usr/bin/tar: ../../../../../usr/local/lib/android/sdk/platforms/android-34/data/res/values-mcc001-mnc01-ta: Cannot utime: Operation not permitted
build	Cache Android SDK	2026-06-06T12:22:57.4835449Z /usr/bin/tar: ../../../../../usr/local/lib/android/sdk/platforms/android-34/data/res/values-mcc001-mnc01-ta: Cannot change mode to rwxr-xr-x: Operation not permitted
build	Cache Android SDK	2026-06-06T12:22:57.4836357Z /usr/bin/tar: ../../../../../usr/local/lib/android/sdk/platforms/android-34/data/res/values-large: Cannot utime: Operation not permitted
build	Cache Android SDK	2026-06-06T12:22:57.4838015Z /usr/bin/tar: ../../../../../usr/local/lib/android/sdk/platforms/android-34/data/res/values-large: Cannot change mode to rwxr-xr-x: Operation not permitted
build	Cache Android SDK	2026-06-06T12:22:57.4839003Z /usr/bin/tar: ../../../../../usr/local/lib/android/sdk/platforms/android-34/data/res/values-es-television: Cannot utime: Operation not permitted
build	Cache Android SDK	2026-06-06T12:22:57.4840244Z /usr/bin/tar: ../../../../../usr/local/lib/android/sdk/platforms/android-34/data/res/values-es-television: Cannot change mode to rwxr-xr-x: Operation not permitted
build	Cache Android SDK	2026-06-06T12:22:57.4841555Z /usr/bin/tar: ../../../../../usr/local/lib/android/sdk/platforms/android-34/data/res/values-mcc310-mnc200-hy: Cannot utime: Operation not permitted
build	Cache Android SDK	2026-06-06T12:22:57.4842482Z /usr/bin/tar: ../../../../../usr/local/lib/android/sdk/platforms/android-34/data/res/values-mcc310-mnc200-hy: Cannot change mode to rwxr-xr-x: Operation not permitted
build	Cache Android SDK	2026-06-06T12:22:57.4844345Z /usr/bin/tar: ../../../../../usr/local/lib/android/sdk/platforms/android-34/data/res/values-mcc310-mnc800-sq: Cannot utime: Operation not permitted
build	Cache Android SDK	2026-06-06T12:22:57.4845257Z /usr/bin/tar: ../../../../../usr/local/lib/android/sdk/platforms/android-34/data/res/values-mcc310-mnc800-sq: Cannot change mode to rwxr-xr-x: Operation not permitted
build	Cache Android SDK	2026-06-06T12:22:57.4847829Z /usr/bin/tar: ../../../../../usr/local/lib/android/sdk/platforms/android-34/data/res/values-mcc302-mnc720-ko: Cannot utime: Operation not permitted
build	Cache Android SDK	2026-06-06T12:22:57.4849153Z /usr/bin/tar: ../../../../../usr/local/lib/android/sdk/platforms/android-34/data/res/values-mcc302-mnc720-ko: Cannot change mode to rwxr-xr-x: Operation not permitted
build	Cache Android SDK	2026-06-06T12:22:57.4850675Z /usr/bin/tar: ../../../../../usr/local/lib/android/sdk/platforms/android-34/data/res/values-mcc310-mnc240-ca: Cannot utime: Operation not permitted
build	Cache Android SDK	2026-06-06T12:22:57.4851591Z /usr/bin/tar: ../../../../../usr/local/lib/android/sdk/platforms/android-34/data/res/values-mcc310-mnc240-ca: Cannot change mode to rwxr-xr-x: Operation not permitted
build	Cache Android SDK	2026-06-06T12:22:57.4854019Z /usr/bin/tar: ../../../../../usr/local/lib/android/sdk/platforms/android-34/data/res/values-mcc310-mnc170-fr-rCA: Cannot utime: Operation not permitted
build	Cache Android SDK	2026-06-06T12:22:57.4855071Z /usr/bin/tar: ../../../../../usr/local/lib/android/sdk/platforms/android-34/data/res/values-mcc310-mnc170-fr-rCA: Cannot change mode to rwxr-xr-x: Operation not permitted
build	Cache Android SDK	2026-06-06T12:22:57.4856777Z /usr/bin/tar: ../../../../../usr/local/lib/android/sdk/platforms/android-34/data/res/values-mcc310-mnc230-el: Cannot utime: Operation not permitted
build	Cache Android SDK	2026-06-06T12:22:57.4858072Z /usr/bin/tar: ../../../../../usr/local/lib/android/sdk/platforms/android-34/data/res/values-mcc310-mnc230-el: Cannot change mode to rwxr-xr-x: Operation not permitted
build	Cache Android SDK	2026-06-06T12:22:57.4859593Z /usr/bin/tar: ../../../../../usr/local/lib/android/sdk/platforms/android-34/data/res/values-mcc310-mnc210-tl: Cannot utime: Operation not permitted
build	Cache Android SDK	2026-06-06T12:22:57.4860940Z /usr/bin/tar: ../../../../../usr/local/lib/android/sdk/platforms/android-34/data/res/values-mcc310-mnc210-tl: Cannot change mode to rwxr-xr-x: Operation not permitted
build	Cache Android SDK	2026-06-06T12:22:57.4862436Z /usr/bin/tar: ../../../../../usr/local/lib/android/sdk/platforms/android-34/data/res/values-mcc302-mnc720-fr-rCA: Cannot utime: Operation not permitted
build	Cache Android SDK	2026-06-06T12:22:57.4863459Z /usr/bin/tar: ../../../../../usr/local/lib/android/sdk/platforms/android-34/data/res/values-mcc302-mnc720-fr-rCA: Cannot change mode to rwxr-xr-x: Operation not permitted
build	Cache Android SDK	2026-06-06T12:22:57.4865856Z /usr/bin/tar: ../../../../../usr/local/lib/android/sdk/platforms/android-34/data/res/values-mcc310-mnc030-as: Cannot utime: Operation not permitted
build	Cache Android SDK	2026-06-06T12:22:57.4866795Z /usr/bin/tar: ../../../../../usr/local/lib/android/sdk/platforms/android-34/data/res/values-mcc310-mnc030-as: Cannot change mode to rwxr-xr-x: Operation not permitted
build	Cache Android SDK	2026-06-06T12:22:57.4869306Z /usr/bin/tar: ../../../../../usr/local/lib/android/sdk/platforms/android-34/data/res/values-mcc001-mnc01-ru: Cannot utime: Operation not permitted
build	Cache Android SDK	2026-06-06T12:22:57.4870274Z /usr/bin/tar: ../../../../../usr/local/lib/android/sdk/platforms/android-34/data/res/values-mcc001-mnc01-ru: Cannot change mode to rwxr-xr-x: Operation not permitted
build	Cache Android SDK	2026-06-06T12:22:57.4872368Z /usr/bin/tar: ../../../../../usr/local/lib/android/sdk/platforms/android-34/data/res/values-be-television: Cannot utime: Operation not permitted
build	Cache Android SDK	2026-06-06T12:22:57.4873314Z /usr/bin/tar: ../../../../../usr/local/lib/android/sdk/platforms/android-34/data/res/values-be-television: Cannot change mode to rwxr-xr-x: Operation not permitted
build	Cache Android SDK	2026-06-06T12:22:57.4874903Z /usr/bin/tar: ../../../../../usr/local/lib/android/sdk/platforms/android-34/data/res/values-mcc334-mnc020-si: Cannot utime: Operation not permitted
build	Cache Android SDK	2026-06-06T12:22:57.4875847Z /usr/bin/tar: ../../../../../usr/local/lib/android/sdk/platforms/android-34/data/res/values-mcc334-mnc020-si: Cannot change mode to rwxr-xr-x: Operation not permitted
build	Cache Android SDK	2026-06-06T12:22:57.4878304Z /usr/bin/tar: ../../../../../usr/local/lib/android/sdk/platforms/android-34/data/res/values-mcc302-mnc370-am: Cannot utime: Operation not permitted
build	Cache Android SDK	2026-06-06T12:22:57.4879246Z /usr/bin/tar: ../../../../../usr/local/lib/android/sdk/platforms/android-34/data/res/values-mcc302-mnc370-am: Cannot change mode to rwxr-xr-x: Operation not permitted
build	Cache Android SDK	2026-06-06T12:22:57.4883233Z /usr/bin/tar: ../../../../../usr/local/lib/android/sdk/platforms/android-34/data/res/values-mcc310-mnc240-ro: Cannot utime: Operation not permitted
build	Cache Android SDK	2026-06-06T12:22:57.4884315Z /usr/bin/tar: ../../../../../usr/local/lib/android/sdk/platforms/android-34/data/res/values-mcc310-mnc240-ro: Cannot change mode to rwxr-xr-x: Operation not permitted
build	Cache Android SDK	2026-06-06T12:22:57.4886007Z /usr/bin/tar: ../../../../../usr/local/lib/android/sdk/platforms/android-34/data/res/values-mcc334-mnc020-ar: Cannot utime: Operation not permitted
build	Cache Android SDK	2026-06-06T12:22:57.4886953Z /usr/bin/tar: ../../../../../usr/local/lib/android/sdk/platforms/android-34/data/res/values-mcc334-mnc020-ar: Cannot change mode to rwxr-xr-x: Operation not permitted
build	Cache Android SDK	2026-06-06T12:22:57.4889533Z /usr/bin/tar: ../../../../../usr/local/lib/android/sdk/platforms/android-34/data/res/values-mcc310-mnc560-az: Cannot utime: Operation not permitted
build	Cache Android SDK	2026-06-06T12:22:57.4890463Z /usr/bin/tar: ../../../../../usr/local/lib/android/sdk/platforms/android-34/data/res/values-mcc310-mnc560-az: Cannot change mode to rwxr-xr-x: Operation not permitted
build	Cache Android SDK	2026-06-06T12:22:57.4892746Z /usr/bin/tar: ../../../../../usr/local/lib/android/sdk/platforms/android-34/data/res/values-mcc310-mnc210-ja: Cannot utime: Operation not permitted
build	Cache Android SDK	2026-06-06T12:22:57.4893688Z /usr/bin/tar: ../../../../../usr/local/lib/android/sdk/platforms/android-34/data/res/values-mcc310-mnc210-ja: Cannot change mode to rwxr-xr-x: Operation not permitted
build	Cache Android SDK	2026-06-06T12:22:57.4895879Z /usr/bin/tar: ../../../../../usr/local/lib/android/sdk/platforms/android-34/data/res/values-mcc310-mnc280-ja: Cannot utime: Operation not permitted
build	Cache Android SDK	2026-06-06T12:22:57.4896821Z /usr/bin/tar: ../../../../../usr/local/lib/android/sdk/platforms/android-34/data/res/values-mcc310-mnc280-ja: Cannot change mode to rwxr-xr-x: Operation not permitted
build	Cache Android SDK	2026-06-06T12:22:57.4899156Z /usr/bin/tar: ../../../../../usr/local/lib/android/sdk/platforms/android-34/data/res/values-pl-watch: Cannot utime: Operation not permitted
build	Cache Android SDK	2026-06-06T12:22:57.4900087Z /usr/bin/tar: ../../../../../usr/local/lib/android/sdk/platforms/android-34/data/res/values-pl-watch: Cannot change mode to rwxr-xr-x: Operation not permitted
build	Cache Android SDK	2026-06-06T12:22:57.4902031Z /usr/bin/tar: ../../../../../usr/local/lib/android/sdk/platforms/android-34/data/res/values-mcc302-mnc370-sl: Cannot utime: Operation not permitted
build	Cache Android SDK	2026-06-06T12:22:57.4902974Z /usr/bin/tar: ../../../../../usr/local/lib/android/sdk/platforms/android-34/data/res/values-mcc302-mnc370-sl: Cannot change mode to rwxr-xr-x: Operation not permitted
build	Cache Android SDK	2026-06-06T12:22:57.4908006Z /usr/bin/tar: ../../../../../usr/local/lib/android/sdk/platforms/android-34/data/res/values-mcc310-mnc950-ru: Cannot utime: Operation not permitted
build	Cache Android SDK	2026-06-06T12:22:57.4908940Z /usr/bin/tar: ../../../../../usr/local/lib/android/sdk/platforms/android-34/data/res/values-mcc310-mnc950-ru: Cannot change mode to rwxr-xr-x: Operation not permitted
build	Cache Android SDK	2026-06-06T12:22:57.4910888Z /usr/bin/tar: ../../../../../usr/local/lib/android/sdk/platforms/android-34/data/res/values-mcc310-mnc220-my: Cannot utime: Operation not permitted
build	Cache Android SDK	2026-06-06T12:22:57.4911819Z /usr/bin/tar: ../../../../../usr/local/lib/android/sdk/platforms/android-34/data/res/values-mcc310-mnc220-my: Cannot change mode to rwxr-xr-x: Operation not permitted
build	Cache Android SDK	2026-06-06T12:22:57.4913860Z /usr/bin/tar: ../../../../../usr/local/lib/android/sdk/platforms/android-34/data/res/values-mcc310-mnc240-bs: Cannot utime: Operation not permitted
build	Cache Android SDK	2026-06-06T12:22:57.4914773Z /usr/bin/tar: ../../../../../usr/local/lib/android/sdk/platforms/android-34/data/res/values-mcc310-mnc240-bs: Cannot change mode to rwxr-xr-x: Operation not permitted
build	Cache Android SDK	2026-06-06T12:22:57.4921759Z /usr/bin/tar: ../../../../../usr/local/lib/android/sdk/platforms/android-34/data/res/values-el: Cannot utime: Operation not permitted
build	Cache Android SDK	2026-06-06T12:22:57.4922634Z /usr/bin/tar: ../../../../../usr/local/lib/android/sdk/platforms/android-34/data/res/values-el: Cannot change mode to rwxr-xr-x: Operation not permitted
build	Cache Android SDK	2026-06-06T12:22:57.4924735Z /usr/bin/tar: ../../../../../usr/local/lib/android/sdk/platforms/android-34/data/res/values-mcc310-mnc800-kk: Cannot utime: Operation not permitted
build	Cache Android SDK	2026-06-06T12:22:57.4925760Z /usr/bin/tar: ../../../../../usr/local/lib/android/sdk/platforms/android-34/data/res/values-mcc310-mnc800-kk: Cannot change mode to rwxr-xr-x: Operation not permitted
build	Cache Android SDK	2026-06-06T12:22:57.4928201Z /usr/bin/tar: ../../../../../usr/local/lib/android/sdk/platforms/android-34/data/res/values-mcc310-mnc160-hu: Cannot utime: Operation not permitted
build	Cache Android SDK	2026-06-06T12:22:57.4929237Z /usr/bin/tar: ../../../../../usr/local/lib/android/sdk/platforms/android-34/data/res/values-mcc310-mnc160-hu: Cannot change mode to rwxr-xr-x: Operation not permitted
build	Cache Android SDK	2026-06-06T12:22:57.4931620Z /usr/bin/tar: ../../../../../usr/local/lib/android/sdk/platforms/android-34/data/res/values-mcc310-mnc170-lt: Cannot utime: Operation not permitted
build	Cache Android SDK	2026-06-06T12:22:57.4932625Z /usr/bin/tar: ../../../../../usr/local/lib/android/sdk/platforms/android-34/data/res/values-mcc310-mnc170-lt: Cannot change mode to rwxr-xr-x: Operation not permitted
build	Cache Android SDK	2026-06-06T12:22:57.4934883Z /usr/bin/tar: ../../../../../usr/local/lib/android/sdk/platforms/android-34/data/res/values-ca-rES: Cannot utime: Operation not permitted
build	Cache Android SDK	2026-06-06T12:22:57.4935854Z /usr/bin/tar: ../../../../../usr/local/lib/android/sdk/platforms/android-34/data/res/values-ca-rES: Cannot change mode to rwxr-xr-x: Operation not permitted
build	Cache Android SDK	2026-06-06T12:22:57.4941935Z /usr/bin/tar: ../../../../../usr/local/lib/android/sdk/platforms/android-34/data/res/drawable-car: Cannot utime: Operation not permitted
build	Cache Android SDK	2026-06-06T12:22:57.4942850Z /usr/bin/tar: ../../../../../usr/local/lib/android/sdk/platforms/android-34/data/res/drawable-car: Cannot change mode to rwxr-xr-x: Operation not permitted
build	Cache Android SDK	2026-06-06T12:22:57.4945546Z /usr/bin/tar: ../../../../../usr/local/lib/android/sdk/platforms/android-34/data/res/values-mcc310-mnc310-et: Cannot utime: Operation not permitted
build	Cache Android SDK	2026-06-06T12:22:57.4946550Z /usr/bin/tar: ../../../../../usr/local/lib/android/sdk/platforms/android-34/data/res/values-mcc310-mnc310-et: Cannot change mode to rwxr-xr-x: Operation not permitted
build	Cache Android SDK	2026-06-06T12:22:57.4948289Z /usr/bin/tar: ../../../../../usr/local/lib/android/sdk/platforms/android-34/data/res/values-mcc310-mnc560-mr: Cannot utime: Operation not permitted
build	Cache Android SDK	2026-06-06T12:22:57.4949290Z /usr/bin/tar: ../../../../../usr/local/lib/android/sdk/platforms/android-34/data/res/values-mcc310-mnc560-mr: Cannot change mode to rwxr-xr-x: Operation not permitted
build	Cache Android SDK	2026-06-06T12:22:57.4951257Z /usr/bin/tar: ../../../../../usr/local/lib/android/sdk/platforms/android-34/data/res/values-mcc310-mnc150-pt-rPT: Cannot utime: Operation not permitted
build	Cache Android SDK	2026-06-06T12:22:57.4952236Z /usr/bin/tar: ../../../../../usr/local/lib/android/sdk/platforms/android-34/data/res/values-mcc310-mnc150-pt-rPT: Cannot change mode to rwxr-xr-x: Operation not permitted
build	Cache Android SDK	2026-06-06T12:22:57.4954557Z /usr/bin/tar: ../../../../../usr/local/lib/android/sdk/platforms/android-34/data/res/values-mcc310-mnc800-mn: Cannot utime: Operation not permitted
build	Cache Android SDK	2026-06-06T12:22:57.4955590Z /usr/bin/tar: ../../../../../usr/local/lib/android/sdk/platforms/android-34/data/res/values-mcc310-mnc800-mn: Cannot change mode to rwxr-xr-x: Operation not permitted
build	Cache Android SDK	2026-06-06T12:22:57.4957054Z /usr/bin/tar: ../../../../../usr/local/lib/android/sdk/platforms/android-34/data/res/values-km-watch: Cannot utime: Operation not permitted
build	Cache Android SDK	2026-06-06T12:22:57.4958122Z /usr/bin/tar: ../../../../../usr/local/lib/android/sdk/platforms/android-34/data/res/values-km-watch: Cannot change mode to rwxr-xr-x: Operation not permitted
build	Cache Android SDK	2026-06-06T12:22:57.4960451Z /usr/bin/tar: ../../../../../usr/local/lib/android/sdk/platforms/android-34/data/res/values-en-rGB-television: Cannot utime: Operation not permitted
build	Cache Android SDK	2026-06-06T12:22:57.4961422Z /usr/bin/tar: ../../../../../usr/local/lib/android/sdk/platforms/android-34/data/res/values-en-rGB-television: Cannot change mode to rwxr-xr-x: Operation not permitted
build	Cache Android SDK	2026-06-06T12:22:57.4963615Z /usr/bin/tar: ../../../../../usr/local/lib/android/sdk/platforms/android-34/data/res/values-mcc334-mnc020-mn: Cannot utime: Operation not permitted
build	Cache Android SDK	2026-06-06T12:22:57.4964615Z /usr/bin/tar: ../../../../../usr/local/lib/android/sdk/platforms/android-34/data/res/values-mcc334-mnc020-mn: Cannot change mode to rwxr-xr-x: Operation not permitted
build	Cache Android SDK	2026-06-06T12:22:57.4966405Z /usr/bin/tar: ../../../../../usr/local/lib/android/sdk/platforms/android-34/data/res/values-mcc001-mnc01-lv: Cannot utime: Operation not permitted
build	Cache Android SDK	2026-06-06T12:22:57.4967478Z /usr/bin/tar: ../../../../../usr/local/lib/android/sdk/platforms/android-34/data/res/values-mcc001-mnc01-lv: Cannot change mode to rwxr-xr-x: Operation not permitted
build	Cache Android SDK	2026-06-06T12:22:57.4969226Z /usr/bin/tar: ../../../../../usr/local/lib/android/sdk/platforms/android-34/data/res/values-mcc310-mnc170-hi: Cannot utime: Operation not permitted
build	Cache Android SDK	2026-06-06T12:22:57.4970181Z /usr/bin/tar: ../../../../../usr/local/lib/android/sdk/platforms/android-34/data/res/values-mcc310-mnc170-hi: Cannot change mode to rwxr-xr-x: Operation not permitted
build	Cache Android SDK	2026-06-06T12:22:57.4972053Z /usr/bin/tar: ../../../../../usr/local/lib/android/sdk/platforms/android-34/data/res/values-mcc310-mnc800-ro: Cannot utime: Operation not permitted
build	Cache Android SDK	2026-06-06T12:22:57.4972995Z /usr/bin/tar: ../../../../../usr/local/lib/android/sdk/platforms/android-34/data/res/values-mcc310-mnc800-ro: Cannot change mode to rwxr-xr-x: Operation not permitted
build	Cache Android SDK	2026-06-06T12:22:57.4975034Z /usr/bin/tar: ../../../../../usr/local/lib/android/sdk/platforms/android-34/data/res/values-mcc310-mnc270-km: Cannot utime: Operation not permitted
build	Cache Android SDK	2026-06-06T12:22:57.4975973Z /usr/bin/tar: ../../../../../usr/local/lib/android/sdk/platforms/android-34/data/res/values-mcc310-mnc270-km: Cannot change mode to rwxr-xr-x: Operation not permitted
build	Cache Android SDK	2026-06-06T12:22:57.4977665Z /usr/bin/tar: ../../../../../usr/local/lib/android/sdk/platforms/android-34/data/res/values-mcc310-mnc160-ml: Cannot utime: Operation not permitted
build	Cache Android SDK	2026-06-06T12:22:57.4978648Z /usr/bin/tar: ../../../../../usr/local/lib/android/sdk/platforms/android-34/data/res/values-mcc310-mnc160-ml: Cannot change mode to rwxr-xr-x: Operation not permitted
build	Cache Android SDK	2026-06-06T12:22:57.4980404Z /usr/bin/tar: ../../../../../usr/local/lib/android/sdk/platforms/android-34/data/res/values-mcc310-mnc270-es-rUS: Cannot utime: Operation not permitted
build	Cache Android SDK	2026-06-06T12:22:57.4981387Z /usr/bin/tar: ../../../../../usr/local/lib/android/sdk/platforms/android-34/data/res/values-mcc310-mnc270-es-rUS: Cannot change mode to rwxr-xr-x: Operation not permitted
build	Cache Android SDK	2026-06-06T12:22:57.4983134Z /usr/bin/tar: ../../../../../usr/local/lib/android/sdk/platforms/android-34/data/res/values-es-rEC: Cannot utime: Operation not permitted
build	Cache Android SDK	2026-06-06T12:22:57.4984063Z /usr/bin/tar: ../../../../../usr/local/lib/android/sdk/platforms/android-34/data/res/values-es-rEC: Cannot change mode to rwxr-xr-x: Operation not permitted
build	Cache Android SDK	2026-06-06T12:22:57.4986174Z /usr/bin/tar: ../../../../../usr/local/lib/android/sdk/platforms/android-34/data/res/values-mcc311-mnc180-zu: Cannot utime: Operation not permitted
build	Cache Android SDK	2026-06-06T12:22:57.4987150Z /usr/bin/tar: ../../../../../usr/local/lib/android/sdk/platforms/android-34/data/res/values-mcc311-mnc180-zu: Cannot change mode to rwxr-xr-x: Operation not permitted
build	Cache Android SDK	2026-06-06T12:22:57.4989019Z /usr/bin/tar: ../../../../../usr/local/lib/android/sdk/platforms/android-34/data/res/values-mcc310-mnc240-hi: Cannot utime: Operation not permitted
build	Cache Android SDK	2026-06-06T12:22:57.4989969Z /usr/bin/tar: ../../../../../usr/local/lib/android/sdk/platforms/android-34/data/res/values-mcc310-mnc240-hi: Cannot change mode to rwxr-xr-x: Operation not permitted
build	Cache Android SDK	2026-06-06T12:22:57.4992613Z /usr/bin/tar: ../../../../../usr/local/lib/android/sdk/platforms/android-34/data/res/values-mcc334-mnc020-kk: Cannot utime: Operation not permitted
build	Cache Android SDK	2026-06-06T12:22:57.4993570Z /usr/bin/tar: ../../../../../usr/local/lib/android/sdk/platforms/android-34/data/res/values-mcc334-mnc020-kk: Cannot change mode to rwxr-xr-x: Operation not permitted
build	Cache Android SDK	2026-06-06T12:22:57.4995932Z /usr/bin/tar: ../../../../../usr/local/lib/android/sdk/platforms/android-34/data/res/values-mcc310-mnc240-in: Cannot utime: Operation not permitted
build	Cache Android SDK	2026-06-06T12:22:57.4996884Z /usr/bin/tar: ../../../../../usr/local/lib/android/sdk/platforms/android-34/data/res/values-mcc310-mnc240-in: Cannot change mode to rwxr-xr-x: Operation not permitted
build	Cache Android SDK	2026-06-06T12:22:57.5001960Z /usr/bin/tar: ../../../../../usr/local/lib/android/sdk/platforms/android-34/data/res/values-et: Cannot utime: Operation not permitted
build	Cache Android SDK	2026-06-06T12:22:57.5002836Z /usr/bin/tar: ../../../../../usr/local/lib/android/sdk/platforms/android-34/data/res/values-et: Cannot change mode to rwxr-xr-x: Operation not permitted
build	Cache Android SDK	2026-06-06T12:22:57.5005209Z /usr/bin/tar: ../../../../../usr/local/lib/android/sdk/platforms/android-34/data/res/values-mcc310-mnc220-da: Cannot utime: Operation not permitted
build	Cache Android SDK	2026-06-06T12:22:57.5006148Z /usr/bin/tar: ../../../../../usr/local/lib/android/sdk/platforms/android-34/data/res/values-mcc310-mnc220-da: Cannot change mode to rwxr-xr-x: Operation not permitted
build	Cache Android SDK	2026-06-06T12:22:57.5008356Z /usr/bin/tar: ../../../../../usr/local/lib/android/sdk/platforms/android-34/data/res/values-mcc310-mnc280-en-rGB: Cannot utime: Operation not permitted
build	Cache Android SDK	2026-06-06T12:22:57.5009426Z /usr/bin/tar: ../../../../../usr/local/lib/android/sdk/platforms/android-34/data/res/values-mcc310-mnc280-en-rGB: Cannot change mode to rwxr-xr-x: Operation not permitted
build	Cache Android SDK	2026-06-06T12:22:57.5012872Z /usr/bin/tar: ../../../../../usr/local/lib/android/sdk/platforms/android-34/data/res/layout-land: Cannot utime: Operation not permitted
build	Cache Android SDK	2026-06-06T12:22:57.5013827Z /usr/bin/tar: ../../../../../usr/local/lib/android/sdk/platforms/android-34/data/res/layout-land: Cannot change mode to rwxr-xr-x: Operation not permitted
build	Cache Android SDK	2026-06-06T12:22:57.5016123Z /usr/bin/tar: ../../../../../usr/local/lib/android/sdk/platforms/android-34/data/res/values-mcc310-mnc380-km: Cannot utime: Operation not permitted
build	Cache Android SDK	2026-06-06T12:22:57.5017051Z /usr/bin/tar: ../../../../../usr/local/lib/android/sdk/platforms/android-34/data/res/values-mcc310-mnc380-km: Cannot change mode to rwxr-xr-x: Operation not permitted
build	Cache Android SDK	2026-06-06T12:22:57.5019220Z /usr/bin/tar: ../../../../../usr/local/lib/android/sdk/platforms/android-34/data/res/values-mcc310-mnc270-da: Cannot utime: Operation not permitted
build	Cache Android SDK	2026-06-06T12:22:57.5020162Z /usr/bin/tar: ../../../../../usr/local/lib/android/sdk/platforms/android-34/data/res/values-mcc310-mnc270-da: Cannot change mode to rwxr-xr-x: Operation not permitted
build	Cache Android SDK	2026-06-06T12:22:57.5022633Z /usr/bin/tar: ../../../../../usr/local/lib/android/sdk/platforms/android-34/data/res/values-mcc310-mnc660-my: Cannot utime: Operation not permitted
build	Cache Android SDK	2026-06-06T12:22:57.5023554Z /usr/bin/tar: ../../../../../usr/local/lib/android/sdk/platforms/android-34/data/res/values-mcc310-mnc660-my: Cannot change mode to rwxr-xr-x: Operation not permitted
build	Cache Android SDK	2026-06-06T12:22:57.5025470Z /usr/bin/tar: ../../../../../usr/local/lib/android/sdk/platforms/android-34/data/res/values-mcc310-mnc280-et: Cannot utime: Operation not permitted
build	Cache Android SDK	2026-06-06T12:22:57.5026403Z /usr/bin/tar: ../../../../../usr/local/lib/android/sdk/platforms/android-34/data/res/values-mcc310-mnc280-et: Cannot change mode to rwxr-xr-x: Operation not permitted
build	Cache Android SDK	2026-06-06T12:22:57.5028740Z /usr/bin/tar: ../../../../../usr/local/lib/android/sdk/platforms/android-34/data/res/values-mcc310-mnc380-sv: Cannot utime: Operation not permitted
build	Cache Android SDK	2026-06-06T12:22:57.5030029Z /usr/bin/tar: ../../../../../usr/local/lib/android/sdk/platforms/android-34/data/res/values-mcc310-mnc380-sv: Cannot change mode to rwxr-xr-x: Operation not permitted
build	Cache Android SDK	2026-06-06T12:22:57.5031624Z /usr/bin/tar: ../../../../../usr/local/lib/android/sdk/platforms/android-34/data/res/values-mcc310-mnc250-be: Cannot utime: Operation not permitted
build	Cache Android SDK	2026-06-06T12:22:57.5032635Z /usr/bin/tar: ../../../../../usr/local/lib/android/sdk/platforms/android-34/data/res/values-mcc310-mnc250-be: Cannot change mode to rwxr-xr-x: Operation not permitted
build	Cache Android SDK	2026-06-06T12:22:57.5034972Z /usr/bin/tar: ../../../../../usr/local/lib/android/sdk/platforms/android-34/data/res/values-mcc310-mnc270-sq: Cannot utime: Operation not permitted
build	Cache Android SDK	2026-06-06T12:22:57.5036000Z /usr/bin/tar: ../../../../../usr/local/lib/android/sdk/platforms/android-34/data/res/values-mcc310-mnc270-sq: Cannot change mode to rwxr-xr-x: Operation not permitted
build	Cache Android SDK	2026-06-06T12:22:57.5038327Z /usr/bin/tar: ../../../../../usr/local/lib/android/sdk/platforms/android-34/data/res/values-mcc312-mnc670-km: Cannot utime: Operation not permitted
build	Cache Android SDK	2026-06-06T12:22:57.5039332Z /usr/bin/tar: ../../../../../usr/local/lib/android/sdk/platforms/android-34/data/res/values-mcc312-mnc670-km: Cannot change mode to rwxr-xr-x: Operation not permitted
build	Cache Android SDK	2026-06-06T12:22:57.5041691Z /usr/bin/tar: ../../../../../usr/local/lib/android/sdk/platforms/android-34/data/res/values-mcc310-mnc230-ur: Cannot utime: Operation not permitted
build	Cache Android SDK	2026-06-06T12:22:57.5042631Z /usr/bin/tar: ../../../../../usr/local/lib/android/sdk/platforms/android-34/data/res/values-mcc310-mnc230-ur: Cannot change mode to rwxr-xr-x: Operation not permitted
build	Cache Android SDK	2026-06-06T12:22:57.5044752Z /usr/bin/tar: ../../../../../usr/local/lib/android/sdk/platforms/android-34/data/res/values-mcc310-mnc950-mk: Cannot utime: Operation not permitted
build	Cache Android SDK	2026-06-06T12:22:57.5045863Z /usr/bin/tar: ../../../../../usr/local/lib/android/sdk/platforms/android-34/data/res/values-mcc310-mnc950-mk: Cannot change mode to rwxr-xr-x: Operation not permitted
build	Cache Android SDK	2026-06-06T12:22:57.5048412Z /usr/bin/tar: ../../../../../usr/local/lib/android/sdk/platforms/android-34/data/res/values-mcc310-mnc030-fr: Cannot utime: Operation not permitted
build	Cache Android SDK	2026-06-06T12:22:57.5049508Z /usr/bin/tar: ../../../../../usr/local/lib/android/sdk/platforms/android-34/data/res/values-mcc310-mnc030-fr: Cannot change mode to rwxr-xr-x: Operation not permitted
build	Cache Android SDK	2026-06-06T12:22:57.5051666Z /usr/bin/tar: ../../../../../usr/local/lib/android/sdk/platforms/android-34/data/res/values-mcc310-mnc490-az: Cannot utime: Operation not permitted
build	Cache Android SDK	2026-06-06T12:22:57.5052685Z /usr/bin/tar: ../../../../../usr/local/lib/android/sdk/platforms/android-34/data/res/values-mcc310-mnc490-az: Cannot change mode to rwxr-xr-x: Operation not permitted
build	Cache Android SDK	2026-06-06T12:22:57.5054872Z /usr/bin/tar: ../../../../../usr/local/lib/android/sdk/platforms/android-34/data/res/values-mcc310-mnc200-es: Cannot utime: Operation not permitted
build	Cache Android SDK	2026-06-06T12:22:57.5055905Z /usr/bin/tar: ../../../../../usr/local/lib/android/sdk/platforms/android-34/data/res/values-mcc310-mnc200-es: Cannot change mode to rwxr-xr-x: Operation not permitted
build	Cache Android SDK	2026-06-06T12:22:57.5058768Z /usr/bin/tar: ../../../../../usr/local/lib/android/sdk/platforms/android-34/data/res/values-mcc310-mnc250-mk: Cannot utime: Operation not permitted
build	Cache Android SDK	2026-06-06T12:22:57.5059761Z /usr/bin/tar: ../../../../../usr/local/lib/android/sdk/platforms/android-34/data/res/values-mcc310-mnc250-mk: Cannot change mode to rwxr-xr-x: Operation not permitted
build	Cache Android SDK	2026-06-06T12:22:57.5061896Z /usr/bin/tar: ../../../../../usr/local/lib/android/sdk/platforms/android-34/data/res/values-nb-rNO: Cannot utime: Operation not permitted
build	Cache Android SDK	2026-06-06T12:22:57.5062790Z /usr/bin/tar: ../../../../../usr/local/lib/android/sdk/platforms/android-34/data/res/values-nb-rNO: Cannot change mode to rwxr-xr-x: Operation not permitted
build	Cache Android SDK	2026-06-06T12:22:57.5064652Z /usr/bin/tar: ../../../../../usr/local/lib/android/sdk/platforms/android-34/data/res/values-mcc310-mnc950-my: Cannot utime: Operation not permitted
build	Cache Android SDK	2026-06-06T12:22:57.5065587Z /usr/bin/tar: ../../../../../usr/local/lib/android/sdk/platforms/android-34/data/res/values-mcc310-mnc950-my: Cannot change mode to rwxr-xr-x: Operation not permitted
build	Cache Android SDK	2026-06-06T12:22:57.5068537Z /usr/bin/tar: ../../../../../usr/local/lib/android/sdk/platforms/android-34/data/res/values-mcc001-mnc01-lo: Cannot utime: Operation not permitted
build	Cache Android SDK	2026-06-06T12:22:57.5069465Z /usr/bin/tar: ../../../../../usr/local/lib/android/sdk/platforms/android-34/data/res/values-mcc001-mnc01-lo: Cannot change mode to rwxr-xr-x: Operation not permitted
build	Cache Android SDK	2026-06-06T12:22:57.5071918Z /usr/bin/tar: ../../../../../usr/local/lib/android/sdk/platforms/android-34/data/res/values-mcc302-mnc370-ta: Cannot utime: Operation not permitted
build	Cache Android SDK	2026-06-06T12:22:57.5072883Z /usr/bin/tar: ../../../../../usr/local/lib/android/sdk/platforms/android-34/data/res/values-mcc302-mnc370-ta: Cannot change mode to rwxr-xr-x: Operation not permitted
build	Cache Android SDK	2026-06-06T12:22:57.5079065Z /usr/bin/tar: ../../../../../usr/local/lib/android/sdk/platforms/android-34/data/res/values-mcc310-mnc220-pt: Cannot utime: Operation not permitted
build	Cache Android SDK	2026-06-06T12:22:57.5080787Z /usr/bin/tar: ../../../../../usr/local/lib/android/sdk/platforms/android-34/data/res/values-mcc310-mnc220-pt: Cannot change mode to rwxr-xr-x: Operation not permitted
build	Cache Android SDK	2026-06-06T12:22:57.5082051Z /usr/bin/tar: ../../../../../usr/local/lib/android/sdk/platforms/android-34/data/res/values-mcc310-mnc800-bg: Cannot utime: Operation not permitted
build	Cache Android SDK	2026-06-06T12:22:57.5082976Z /usr/bin/tar: ../../../../../usr/local/lib/android/sdk/platforms/android-34/data/res/values-mcc310-mnc800-bg: Cannot change mode to rwxr-xr-x: Operation not permitted
build	Cache Android SDK	2026-06-06T12:22:57.5084560Z /usr/bin/tar: ../../../../../usr/local/lib/android/sdk/platforms/android-34/data/res/values-rm-rCH: Cannot utime: Operation not permitted
build	Cache Android SDK	2026-06-06T12:22:57.5085599Z /usr/bin/tar: ../../../../../usr/local/lib/android/sdk/platforms/android-34/data/res/values-rm-rCH: Cannot change mode to rwxr-xr-x: Operation not permitted
build	Cache Android SDK	2026-06-06T12:22:57.5087870Z /usr/bin/tar: ../../../../../usr/local/lib/android/sdk/platforms/android-34/data/res/values-mcc310-mnc270-af: Cannot utime: Operation not permitted
build	Cache Android SDK	2026-06-06T12:22:57.5088892Z /usr/bin/tar: ../../../../../usr/local/lib/android/sdk/platforms/android-34/data/res/values-mcc310-mnc270-af: Cannot change mode to rwxr-xr-x: Operation not permitted
build	Cache Android SDK	2026-06-06T12:22:57.5090616Z /usr/bin/tar: ../../../../../usr/local/lib/android/sdk/platforms/android-34/data/res/values-mcc310-mnc270-gu: Cannot utime: Operation not permitted
build	Cache Android SDK	2026-06-06T12:22:57.5091560Z /usr/bin/tar: ../../../../../usr/local/lib/android/sdk/platforms/android-34/data/res/values-mcc310-mnc270-gu: Cannot change mode to rwxr-xr-x: Operation not permitted
build	Cache Android SDK	2026-06-06T12:22:57.5093205Z /usr/bin/tar: ../../../../../usr/local/lib/android/sdk/platforms/android-34/data/res/values-mcc310-mnc380-en-rCA: Cannot utime: Operation not permitted
build	Cache Android SDK	2026-06-06T12:22:57.5094178Z /usr/bin/tar: ../../../../../usr/local/lib/android/sdk/platforms/android-34/data/res/values-mcc310-mnc380-en-rCA: Cannot change mode to rwxr-xr-x: Operation not permitted
build	Cache Android SDK	2026-06-06T12:22:57.5095862Z /usr/bin/tar: ../../../../../usr/local/lib/android/sdk/platforms/android-34/data/res/values-mcc310-mnc270: Cannot utime: Operation not permitted
build	Cache Android SDK	2026-06-06T12:22:57.5096806Z /usr/bin/tar: ../../../../../usr/local/lib/android/sdk/platforms/android-34/data/res/values-mcc310-mnc270: Cannot change mode to rwxr-xr-x: Operation not permitted
build	Cache Android SDK	2026-06-06T12:22:57.5099168Z /usr/bin/tar: ../../../../../usr/local/lib/android/sdk/platforms/android-34/data/res/mipmap-watch-anydpi: Cannot utime: Operation not permitted
build	Cache Android SDK	2026-06-06T12:22:57.5100109Z /usr/bin/tar: ../../../../../usr/local/lib/android/sdk/platforms/android-34/data/res/mipmap-watch-anydpi: Cannot change mode to rwxr-xr-x: Operation not permitted
build	Cache Android SDK	2026-06-06T12:22:57.5101995Z /usr/bin/tar: ../../../../../usr/local/lib/android/sdk/platforms/android-34/data/res/values-sq-television: Cannot utime: Operation not permitted
build	Cache Android SDK	2026-06-06T12:22:57.5102926Z /usr/bin/tar: ../../../../../usr/local/lib/android/sdk/platforms/android-34/data/res/values-sq-television: Cannot change mode to rwxr-xr-x: Operation not permitted
build	Cache Android SDK	2026-06-06T12:22:57.5105288Z /usr/bin/tar: ../../../../../usr/local/lib/android/sdk/platforms/android-34/data/res/values-mcc310-mnc030-en-rCA: Cannot utime: Operation not permitted
build	Cache Android SDK	2026-06-06T12:22:57.5106261Z /usr/bin/tar: ../../../../../usr/local/lib/android/sdk/platforms/android-34/data/res/values-mcc310-mnc030-en-rCA: Cannot change mode to rwxr-xr-x: Operation not permitted
build	Cache Android SDK	2026-06-06T12:22:57.5108794Z /usr/bin/tar: ../../../../../usr/local/lib/android/sdk/platforms/android-34/data/res/values-mcc001-mnc01-in: Cannot utime: Operation not permitted
build	Cache Android SDK	2026-06-06T12:22:57.5109779Z /usr/bin/tar: ../../../../../usr/local/lib/android/sdk/platforms/android-34/data/res/values-mcc001-mnc01-in: Cannot change mode to rwxr-xr-x: Operation not permitted
build	Cache Android SDK	2026-06-06T12:22:57.5111747Z /usr/bin/tar: ../../../../../usr/local/lib/android/sdk/platforms/android-34/data/res/values-mcc310-mnc800-zh-rHK: Cannot utime: Operation not permitted
build	Cache Android SDK	2026-06-06T12:22:57.5112805Z /usr/bin/tar: ../../../../../usr/local/lib/android/sdk/platforms/android-34/data/res/values-mcc310-mnc800-zh-rHK: Cannot change mode to rwxr-xr-x: Operation not permitted
build	Cache Android SDK	2026-06-06T12:22:57.5114642Z /usr/bin/tar: ../../../../../usr/local/lib/android/sdk/platforms/android-34/data/res/values-mcc310-mnc170-nb: Cannot utime: Operation not permitted
build	Cache Android SDK	2026-06-06T12:22:57.5115607Z /usr/bin/tar: ../../../../../usr/local/lib/android/sdk/platforms/android-34/data/res/values-mcc310-mnc170-nb: Cannot change mode to rwxr-xr-x: Operation not permitted
build	Cache Android SDK	2026-06-06T12:22:57.5118457Z /usr/bin/tar: ../../../../../usr/local/lib/android/sdk/platforms/android-34/data/res/values-mcc311-mnc180-hu: Cannot utime: Operation not permitted
build	Cache Android SDK	2026-06-06T12:22:57.5119519Z /usr/bin/tar: ../../../../../usr/local/lib/android/sdk/platforms/android-34/data/res/values-mcc311-mnc180-hu: Cannot change mode to rwxr-xr-x: Operation not permitted
build	Cache Android SDK	2026-06-06T12:22:57.5121289Z /usr/bin/tar: ../../../../../usr/local/lib/android/sdk/platforms/android-34/data/res/values-mcc310-mnc210-sv: Cannot utime: Operation not permitted
build	Cache Android SDK	2026-06-06T12:22:57.5122343Z /usr/bin/tar: ../../../../../usr/local/lib/android/sdk/platforms/android-34/data/res/values-mcc310-mnc210-sv: Cannot change mode to rwxr-xr-x: Operation not permitted
build	Cache Android SDK	2026-06-06T12:22:57.5124499Z /usr/bin/tar: ../../../../../usr/local/lib/android/sdk/platforms/android-34/data/res/values-mcc310-mnc280-be: Cannot utime: Operation not permitted
build	Cache Android SDK	2026-06-06T12:22:57.5125516Z /usr/bin/tar: ../../../../../usr/local/lib/android/sdk/platforms/android-34/data/res/values-mcc310-mnc280-be: Cannot change mode to rwxr-xr-x: Operation not permitted
build	Cache Android SDK	2026-06-06T12:22:57.5127476Z /usr/bin/tar: ../../../../../usr/local/lib/android/sdk/platforms/android-34/data/res/values-mcc310-mnc220-en-rGB: Cannot utime: Operation not permitted
build	Cache Android SDK	2026-06-06T12:22:57.5128450Z /usr/bin/tar: ../../../../../usr/local/lib/android/sdk/platforms/android-34/data/res/values-mcc310-mnc220-en-rGB: Cannot change mode to rwxr-xr-x: Operation not permitted
build	Cache Android SDK	2026-06-06T12:22:57.5130225Z /usr/bin/tar: ../../../../../usr/local/lib/android/sdk/platforms/android-34/data/res/values-mcc310-mnc950-el: Cannot utime: Operation not permitted
build	Cache Android SDK	2026-06-06T12:22:57.5131196Z /usr/bin/tar: ../../../../../usr/local/lib/android/sdk/platforms/android-34/data/res/values-mcc310-mnc950-el: Cannot change mode to rwxr-xr-x: Operation not permitted
build	Cache Android SDK	2026-06-06T12:22:57.5133442Z /usr/bin/tar: ../../../../../usr/local/lib/android/sdk/platforms/android-34/data/res/values-mcc310-mnc220-gu: Cannot utime: Operation not permitted
build	Cache Android SDK	2026-06-06T12:22:57.5134416Z /usr/bin/tar: ../../../../../usr/local/lib/android/sdk/platforms/android-34/data/res/values-mcc310-mnc220-gu: Cannot change mode to rwxr-xr-x: Operation not permitted
build	Cache Android SDK	2026-06-06T12:22:57.5136460Z /usr/bin/tar: ../../../../../usr/local/lib/android/sdk/platforms/android-34/data/res/values-mcc310-mnc590: Cannot utime: Operation not permitted
build	Cache Android SDK	2026-06-06T12:22:57.5137503Z /usr/bin/tar: ../../../../../usr/local/lib/android/sdk/platforms/android-34/data/res/values-mcc310-mnc590: Cannot change mode to rwxr-xr-x: Operation not permitted
build	Cache Android SDK	2026-06-06T12:22:57.5139578Z /usr/bin/tar: ../../../../../usr/local/lib/android/sdk/platforms/android-34/data/res/values-mcc310-mnc800-tr: Cannot utime: Operation not permitted
build	Cache Android SDK	2026-06-06T12:22:57.5140544Z /usr/bin/tar: ../../../../../usr/local/lib/android/sdk/platforms/android-34/data/res/values-mcc310-mnc800-tr: Cannot change mode to rwxr-xr-x: Operation not permitted
build	Cache Android SDK	2026-06-06T12:22:57.5142971Z /usr/bin/tar: ../../../../../usr/local/lib/android/sdk/platforms/android-34/data/res/values-mcc310-mnc800-fr-rCA: Cannot utime: Operation not permitted
build	Cache Android SDK	2026-06-06T12:22:57.5143934Z /usr/bin/tar: ../../../../../usr/local/lib/android/sdk/platforms/android-34/data/res/values-mcc310-mnc800-fr-rCA: Cannot change mode to rwxr-xr-x: Operation not permitted
build	Cache Android SDK	2026-06-06T12:22:57.5145819Z /usr/bin/tar: ../../../../../usr/local/lib/android/sdk/platforms/android-34/data/res/values-mcc310-mnc250-ml: Cannot utime: Operation not permitted
build	Cache Android SDK	2026-06-06T12:22:57.5146835Z /usr/bin/tar: ../../../../../usr/local/lib/android/sdk/platforms/android-34/data/res/values-mcc310-mnc250-ml: Cannot change mode to rwxr-xr-x: Operation not permitted
build	Cache Android SDK	2026-06-06T12:22:57.5149156Z /usr/bin/tar: ../../../../../usr/local/lib/android/sdk/platforms/android-34/data/res/values-mcc310-mnc220-ar: Cannot utime: Operation not permitted
build	Cache Android SDK	2026-06-06T12:22:57.5150116Z /usr/bin/tar: ../../../../../usr/local/lib/android/sdk/platforms/android-34/data/res/values-mcc310-mnc220-ar: Cannot change mode to rwxr-xr-x: Operation not permitted
build	Cache Android SDK	2026-06-06T12:22:57.5152574Z /usr/bin/tar: ../../../../../usr/local/lib/android/sdk/platforms/android-34/data/res/values-mcc334-mnc030: Cannot utime: Operation not permitted
build	Cache Android SDK	2026-06-06T12:22:57.5153728Z /usr/bin/tar: ../../../../../usr/local/lib/android/sdk/platforms/android-34/data/res/values-mcc334-mnc030: Cannot change mode to rwxr-xr-x: Operation not permitted
build	Cache Android SDK	2026-06-06T12:22:57.5155866Z /usr/bin/tar: ../../../../../usr/local/lib/android/sdk/platforms/android-34/data/res/values-mcc312-mnc670-lv: Cannot utime: Operation not permitted
build	Cache Android SDK	2026-06-06T12:22:57.5156882Z /usr/bin/tar: ../../../../../usr/local/lib/android/sdk/platforms/android-34/data/res/values-mcc312-mnc670-lv: Cannot change mode to rwxr-xr-x: Operation not permitted
build	Cache Android SDK	2026-06-06T12:22:57.5159387Z /usr/bin/tar: ../../../../../usr/local/lib/android/sdk/platforms/android-34/data/res/values-mcc310-mnc220-lo: Cannot utime: Operation not permitted
build	Cache Android SDK	2026-06-06T12:22:57.5160335Z /usr/bin/tar: ../../../../../usr/local/lib/android/sdk/platforms/android-34/data/res/values-mcc310-mnc220-lo: Cannot change mode to rwxr-xr-x: Operation not permitted
build	Cache Android SDK	2026-06-06T12:22:57.5162324Z /usr/bin/tar: ../../../../../usr/local/lib/android/sdk/platforms/android-34/data/res/values-mcc310-mnc230-pt-rBR: Cannot utime: Operation not permitted
build	Cache Android SDK	2026-06-06T12:22:57.5163277Z /usr/bin/tar: ../../../../../usr/local/lib/android/sdk/platforms/android-34/data/res/values-mcc310-mnc230-pt-rBR: Cannot change mode to rwxr-xr-x: Operation not permitted
build	Cache Android SDK	2026-06-06T12:22:57.5165053Z /usr/bin/tar: ../../../../../usr/local/lib/android/sdk/platforms/android-34/data/res/values-mcc310-mnc380: Cannot utime: Operation not permitted
build	Cache Android SDK	2026-06-06T12:22:57.5165980Z /usr/bin/tar: ../../../../../usr/local/lib/android/sdk/platforms/android-34/data/res/values-mcc310-mnc380: Cannot change mode to rwxr-xr-x: Operation not permitted
build	Cache Android SDK	2026-06-06T12:22:57.5168186Z /usr/bin/tar: ../../../../../usr/local/lib/android/sdk/platforms/android-34/data/res/values-mcc310-mnc170-pt: Cannot utime: Operation not permitted
build	Cache Android SDK	2026-06-06T12:22:57.5169218Z /usr/bin/tar: ../../../../../usr/local/lib/android/sdk/platforms/android-34/data/res/values-mcc310-mnc170-pt: Cannot change mode to rwxr-xr-x: Operation not permitted
build	Cache Android SDK	2026-06-06T12:22:57.5171728Z /usr/bin/tar: ../../../../../usr/local/lib/android/sdk/platforms/android-34/data/res/values-mcc311-mnc180-ne: Cannot utime: Operation not permitted
build	Cache Android SDK	2026-06-06T12:22:57.5172735Z /usr/bin/tar: ../../../../../usr/local/lib/android/sdk/platforms/android-34/data/res/values-mcc311-mnc180-ne: Cannot change mode to rwxr-xr-x: Operation not permitted
build	Cache Android SDK	2026-06-06T12:22:57.5174617Z /usr/bin/tar: ../../../../../usr/local/lib/android/sdk/platforms/android-34/data/res/values-bs-television: Cannot utime: Operation not permitted
build	Cache Android SDK	2026-06-06T12:22:57.5175561Z /usr/bin/tar: ../../../../../usr/local/lib/android/sdk/platforms/android-34/data/res/values-bs-television: Cannot change mode to rwxr-xr-x: Operation not permitted
build	Cache Android SDK	2026-06-06T12:22:57.5177809Z /usr/bin/tar: ../../../../../usr/local/lib/android/sdk/platforms/android-34/data/res/values-mcc310-mnc270-ru: Cannot utime: Operation not permitted
build	Cache Android SDK	2026-06-06T12:22:57.5178755Z /usr/bin/tar: ../../../../../usr/local/lib/android/sdk/platforms/android-34/data/res/values-mcc310-mnc270-ru: Cannot change mode to rwxr-xr-x: Operation not permitted
build	Cache Android SDK	2026-06-06T12:22:57.5180777Z /usr/bin/tar: ../../../../../usr/local/lib/android/sdk/platforms/android-34/data/res/values-mcc310-mnc220-sk: Cannot utime: Operation not permitted
build	Cache Android SDK	2026-06-06T12:22:57.5181877Z /usr/bin/tar: ../../../../../usr/local/lib/android/sdk/platforms/android-34/data/res/values-mcc310-mnc220-sk: Cannot change mode to rwxr-xr-x: Operation not permitted
build	Cache Android SDK	2026-06-06T12:22:57.5183748Z /usr/bin/tar: ../../../../../usr/local/lib/android/sdk/platforms/android-34/data/res/values-mcc310-mnc150: Cannot utime: Operation not permitted
build	Cache Android SDK	2026-06-06T12:22:57.5184710Z /usr/bin/tar: ../../../../../usr/local/lib/android/sdk/platforms/android-34/data/res/values-mcc310-mnc150: Cannot change mode to rwxr-xr-x: Operation not permitted
build	Cache Android SDK	2026-06-06T12:22:57.5187224Z /usr/bin/tar: ../../../../../usr/local/lib/android/sdk/platforms/android-34/data/res/values-mcc310-mnc410-sv: Cannot utime: Operation not permitted
build	Cache Android SDK	2026-06-06T12:22:57.5188411Z /usr/bin/tar: ../../../../../usr/local/lib/android/sdk/platforms/android-34/data/res/values-mcc310-mnc410-sv: Cannot change mode to rwxr-xr-x: Operation not permitted
build	Cache Android SDK	2026-06-06T12:22:57.5192528Z /usr/bin/tar: ../../../../../usr/local/lib/android/sdk/platforms/android-34/data/res/values-mcc310-mnc210-lv: Cannot utime: Operation not permitted
build	Cache Android SDK	2026-06-06T12:22:57.5193623Z /usr/bin/tar: ../../../../../usr/local/lib/android/sdk/platforms/android-34/data/res/values-mcc310-mnc210-lv: Cannot change mode to rwxr-xr-x: Operation not permitted
build	Cache Android SDK	2026-06-06T12:22:57.5195553Z /usr/bin/tar: ../../../../../usr/local/lib/android/sdk/platforms/android-34/data/res/values-mcc310-mnc280-sv: Cannot utime: Operation not permitted
build	Cache Android SDK	2026-06-06T12:22:57.5196543Z /usr/bin/tar: ../../../../../usr/local/lib/android/sdk/platforms/android-34/data/res/values-mcc310-mnc280-sv: Cannot change mode to rwxr-xr-x: Operation not permitted
build	Cache Android SDK	2026-06-06T12:22:57.5198429Z /usr/bin/tar: ../../../../../usr/local/lib/android/sdk/platforms/android-34/data/res/values-mcc310-mnc660-ar: Cannot utime: Operation not permitted
build	Cache Android SDK	2026-06-06T12:22:57.5199389Z /usr/bin/tar: ../../../../../usr/local/lib/android/sdk/platforms/android-34/data/res/values-mcc310-mnc660-ar: Cannot change mode to rwxr-xr-x: Operation not permitted
build	Cache Android SDK	2026-06-06T12:22:57.5204704Z /usr/bin/tar: ../../../../../usr/local/lib/android/sdk/platforms/android-34/data/res/values-sw: Cannot utime: Operation not permitted
build	Cache Android SDK	2026-06-06T12:22:57.5208273Z /usr/bin/tar: ../../../../../usr/local/lib/android/sdk/platforms/android-34/data/res/values-sw: Cannot change mode to rwxr-xr-x: Operation not permitted
build	Cache Android SDK	2026-06-06T12:22:57.5209194Z /usr/bin/tar: ../../../../../usr/local/lib/android/sdk/platforms/android-34/data/res/values-mcc313-mnc100-ne: Cannot utime: Operation not permitted
build	Cache Android SDK	2026-06-06T12:22:57.5210314Z /usr/bin/tar: ../../../../../usr/local/lib/android/sdk/platforms/android-34/data/res/values-mcc313-mnc100-ne: Cannot change mode to rwxr-xr-x: Operation not permitted
build	Cache Android SDK	2026-06-06T12:22:57.5211642Z /usr/bin/tar: ../../../../../usr/local/lib/android/sdk/platforms/android-34/data/res/values-mcc310-mnc200-zh-rHK: Cannot utime: Operation not permitted
build	Cache Android SDK	2026-06-06T12:22:57.5212587Z /usr/bin/tar: ../../../../../usr/local/lib/android/sdk/platforms/android-34/data/res/values-mcc310-mnc200-zh-rHK: Cannot change mode to rwxr-xr-x: Operation not permitted
build	Cache Android SDK	2026-06-06T12:22:57.5214113Z /usr/bin/tar: ../../../../../usr/local/lib/android/sdk/platforms/android-34/data/res/values-mcc310-mnc310-mn: Cannot utime: Operation not permitted
build	Cache Android SDK	2026-06-06T12:22:57.5215067Z /usr/bin/tar: ../../../../../usr/local/lib/android/sdk/platforms/android-34/data/res/values-mcc310-mnc310-mn: Cannot change mode to rwxr-xr-x: Operation not permitted
build	Cache Android SDK	2026-06-06T12:22:57.5217862Z /usr/bin/tar: ../../../../../usr/local/lib/android/sdk/platforms/android-34/data/res/values-mcc311-mnc180-th: Cannot utime: Operation not permitted
build	Cache Android SDK	2026-06-06T12:22:57.5219183Z /usr/bin/tar: ../../../../../usr/local/lib/android/sdk/platforms/android-34/data/res/values-mcc311-mnc180-th: Cannot change mode to rwxr-xr-x: Operation not permitted
build	Cache Android SDK	2026-06-06T12:22:57.5220775Z /usr/bin/tar: ../../../../../usr/local/lib/android/sdk/platforms/android-34/data/res/values-mcc311-mnc180-fr-rCA: Cannot utime: Operation not permitted
build	Cache Android SDK	2026-06-06T12:22:57.5221855Z /usr/bin/tar: ../../../../../usr/local/lib/android/sdk/platforms/android-34/data/res/values-mcc311-mnc180-fr-rCA: Cannot change mode to rwxr-xr-x: Operation not permitted
build	Cache Android SDK	2026-06-06T12:22:57.5224465Z /usr/bin/tar: ../../../../../usr/local/lib/android/sdk/platforms/android-34/data/res/values-sl-rSI: Cannot utime: Operation not permitted
build	Cache Android SDK	2026-06-06T12:22:57.5225375Z /usr/bin/tar: ../../../../../usr/local/lib/android/sdk/platforms/android-34/data/res/values-sl-rSI: Cannot change mode to rwxr-xr-x: Operation not permitted
build	Cache Android SDK	2026-06-06T12:22:57.5227768Z /usr/bin/tar: ../../../../../usr/local/lib/android/sdk/platforms/android-34/data/res/values-ja-rJP: Cannot utime: Operation not permitted
build	Cache Android SDK	2026-06-06T12:22:57.5228775Z /usr/bin/tar: ../../../../../usr/local/lib/android/sdk/platforms/android-34/data/res/values-ja-rJP: Cannot change mode to rwxr-xr-x: Operation not permitted
build	Cache Android SDK	2026-06-06T12:22:57.5231116Z /usr/bin/tar: ../../../../../usr/local/lib/android/sdk/platforms/android-34/data/res/values-mcc313-mnc100-uz: Cannot utime: Operation not permitted
build	Cache Android SDK	2026-06-06T12:22:57.5232157Z /usr/bin/tar: ../../../../../usr/local/lib/android/sdk/platforms/android-34/data/res/values-mcc313-mnc100-uz: Cannot change mode to rwxr-xr-x: Operation not permitted
build	Cache Android SDK	2026-06-06T12:22:57.5234204Z /usr/bin/tar: ../../../../../usr/local/lib/android/sdk/platforms/android-34/data/res/values-mcc310-mnc230-vi: Cannot utime: Operation not permitted
build	Cache Android SDK	2026-06-06T12:22:57.5235141Z /usr/bin/tar: ../../../../../usr/local/lib/android/sdk/platforms/android-34/data/res/values-mcc310-mnc230-vi: Cannot change mode to rwxr-xr-x: Operation not permitted
build	Cache Android SDK	2026-06-06T12:22:57.5237752Z /usr/bin/tar: ../../../../../usr/local/lib/android/sdk/platforms/android-34/data/res/values-mcc310-mnc560-iw: Cannot utime: Operation not permitted
build	Cache Android SDK	2026-06-06T12:22:57.5238788Z /usr/bin/tar: ../../../../../usr/local/lib/android/sdk/platforms/android-34/data/res/values-mcc310-mnc560-iw: Cannot change mode to rwxr-xr-x: Operation not permitted
build	Cache Android SDK	2026-06-06T12:22:57.5240399Z /usr/bin/tar: ../../../../../usr/local/lib/android/sdk/platforms/android-34/data/res/values-mcc310-mnc170-sv: Cannot utime: Operation not permitted
build	Cache Android SDK	2026-06-06T12:22:57.5241412Z /usr/bin/tar: ../../../../../usr/local/lib/android/sdk/platforms/android-34/data/res/values-mcc310-mnc170-sv: Cannot change mode to rwxr-xr-x: Operation not permitted
build	Cache Android SDK	2026-06-06T12:22:57.5243138Z /usr/bin/tar: ../../../../../usr/local/lib/android/sdk/platforms/android-34/data/res/values-mcc310-mnc260: Cannot utime: Operation not permitted
build	Cache Android SDK	2026-06-06T12:22:57.5244049Z /usr/bin/tar: ../../../../../usr/local/lib/android/sdk/platforms/android-34/data/res/values-mcc310-mnc260: Cannot change mode to rwxr-xr-x: Operation not permitted
build	Cache Android SDK	2026-06-06T12:22:57.5246480Z /usr/bin/tar: ../../../../../usr/local/lib/android/sdk/platforms/android-34/data/res/values-mcc302-mnc720-mr: Cannot utime: Operation not permitted
build	Cache Android SDK	2026-06-06T12:22:57.5247571Z /usr/bin/tar: ../../../../../usr/local/lib/android/sdk/platforms/android-34/data/res/values-mcc302-mnc720-mr: Cannot change mode to rwxr-xr-x: Operation not permitted
build	Cache Android SDK	2026-06-06T12:22:57.5249711Z /usr/bin/tar: ../../../../../usr/local/lib/android/sdk/platforms/android-34/data/res/values-mcc310-mnc210-lo: Cannot utime: Operation not permitted
build	Cache Android SDK	2026-06-06T12:22:57.5250636Z /usr/bin/tar: ../../../../../usr/local/lib/android/sdk/platforms/android-34/data/res/values-mcc310-mnc210-lo: Cannot change mode to rwxr-xr-x: Operation not permitted
build	Cache Android SDK	2026-06-06T12:22:57.5252992Z /usr/bin/tar: ../../../../../usr/local/lib/android/sdk/platforms/android-34/data/res/values-mcc310-mnc150-af: Cannot utime: Operation not permitted
build	Cache Android SDK	2026-06-06T12:22:57.5253919Z /usr/bin/tar: ../../../../../usr/local/lib/android/sdk/platforms/android-34/data/res/values-mcc310-mnc150-af: Cannot change mode to rwxr-xr-x: Operation not permitted
build	Cache Android SDK	2026-06-06T12:22:57.5258456Z /usr/bin/tar: ../../../../../usr/local/lib/android/sdk/platforms/android-34/data/res/layout-car: Cannot utime: Operation not permitted
build	Cache Android SDK	2026-06-06T12:22:57.5259402Z /usr/bin/tar: ../../../../../usr/local/lib/android/sdk/platforms/android-34/data/res/layout-car: Cannot change mode to rwxr-xr-x: Operation not permitted
build	Cache Android SDK	2026-06-06T12:22:57.5261849Z /usr/bin/tar: ../../../../../usr/local/lib/android/sdk/platforms/android-34/data/res/values-mcc310-mnc270-iw: Cannot utime: Operation not permitted
build	Cache Android SDK	2026-06-06T12:22:57.5262786Z /usr/bin/tar: ../../../../../usr/local/lib/android/sdk/platforms/android-34/data/res/values-mcc310-mnc270-iw: Cannot change mode to rwxr-xr-x: Operation not permitted
build	Cache Android SDK	2026-06-06T12:22:57.5265223Z /usr/bin/tar: ../../../../../usr/local/lib/android/sdk/platforms/android-34/data/res/values-mcc310-mnc660-ne: Cannot utime: Operation not permitted
build	Cache Android SDK	2026-06-06T12:22:57.5266262Z /usr/bin/tar: ../../../../../usr/local/lib/android/sdk/platforms/android-34/data/res/values-mcc310-mnc660-ne: Cannot change mode to rwxr-xr-x: Operation not permitted
build	Cache Android SDK	2026-06-06T12:22:57.5269321Z /usr/bin/tar: ../../../../../usr/local/lib/android/sdk/platforms/android-34/data/res/values-sw-rTZ: Cannot utime: Operation not permitted
build	Cache Android SDK	2026-06-06T12:22:57.5270268Z /usr/bin/tar: ../../../../../usr/local/lib/android/sdk/platforms/android-34/data/res/values-sw-rTZ: Cannot change mode to rwxr-xr-x: Operation not permitted
build	Cache Android SDK	2026-06-06T12:22:57.5273015Z /usr/bin/tar: ../../../../../usr/local/lib/android/sdk/platforms/android-34/data/res/values-mcc310-mnc160-zu: Cannot utime: Operation not permitted
build	Cache Android SDK	2026-06-06T12:22:57.5273974Z /usr/bin/tar: ../../../../../usr/local/lib/android/sdk/platforms/android-34/data/res/values-mcc310-mnc160-zu: Cannot change mode to rwxr-xr-x: Operation not permitted
build	Cache Android SDK	2026-06-06T12:22:57.5278231Z /usr/bin/tar: ../../../../../usr/local/lib/android/sdk/platforms/android-34/data/res/values-mcc334-mnc020-ne: Cannot utime: Operation not permitted
build	Cache Android SDK	2026-06-06T12:22:57.5279150Z /usr/bin/tar: ../../../../../usr/local/lib/android/sdk/platforms/android-34/data/res/values-mcc334-mnc020-ne: Cannot change mode to rwxr-xr-x: Operation not permitted
build	Cache Android SDK	2026-06-06T12:22:57.5283327Z /usr/bin/tar: ../../../../../usr/local/lib/android/sdk/platforms/android-34/data/res/values-mcc302-mnc720-ro: Cannot utime: Operation not permitted
build	Cache Android SDK	2026-06-06T12:22:57.5284243Z /usr/bin/tar: ../../../../../usr/local/lib/android/sdk/platforms/android-34/data/res/values-mcc302-mnc720-ro: Cannot change mode to rwxr-xr-x: Operation not permitted
build	Cache Android SDK	2026-06-06T12:22:57.5286535Z /usr/bin/tar: ../../../../../usr/local/lib/android/sdk/platforms/android-34/data/res/values-mcc310-mnc490-en-rGB: Cannot utime: Operation not permitted
build	Cache Android SDK	2026-06-06T12:22:57.5287646Z /usr/bin/tar: ../../../../../usr/local/lib/android/sdk/platforms/android-34/data/res/values-mcc310-mnc490-en-rGB: Cannot change mode to rwxr-xr-x: Operation not permitted
build	Cache Android SDK	2026-06-06T12:22:57.5290173Z /usr/bin/tar: ../../../../../usr/local/lib/android/sdk/platforms/android-34/data/res/values-de-rDE: Cannot utime: Operation not permitted
build	Cache Android SDK	2026-06-06T12:22:57.5291197Z /usr/bin/tar: ../../../../../usr/local/lib/android/sdk/platforms/android-34/data/res/values-de-rDE: Cannot change mode to rwxr-xr-x: Operation not permitted
build	Cache Android SDK	2026-06-06T12:22:57.5294153Z /usr/bin/tar: ../../../../../usr/local/lib/android/sdk/platforms/android-34/data/res/values-mcc334-mnc020-ml: Cannot utime: Operation not permitted
build	Cache Android SDK	2026-06-06T12:22:57.5295382Z /usr/bin/tar: ../../../../../usr/local/lib/android/sdk/platforms/android-34/data/res/values-mcc334-mnc020-ml: Cannot change mode to rwxr-xr-x: Operation not permitted
build	Cache Android SDK	2026-06-06T12:22:57.5296990Z /usr/bin/tar: ../../../../../usr/local/lib/android/sdk/platforms/android-34/data/res/values-mcc334-mnc020-zh-rCN: Cannot utime: Operation not permitted
build	Cache Android SDK	2026-06-06T12:22:57.5298164Z /usr/bin/tar: ../../../../../usr/local/lib/android/sdk/platforms/android-34/data/res/values-mcc334-mnc020-zh-rCN: Cannot change mode to rwxr-xr-x: Operation not permitted
build	Cache Android SDK	2026-06-06T12:22:57.5300851Z /usr/bin/tar: ../../../../../usr/local/lib/android/sdk/platforms/android-34/data/res/values-mcc310-mnc150-te: Cannot utime: Operation not permitted
build	Cache Android SDK	2026-06-06T12:22:57.5301879Z /usr/bin/tar: ../../../../../usr/local/lib/android/sdk/platforms/android-34/data/res/values-mcc310-mnc150-te: Cannot change mode to rwxr-xr-x: Operation not permitted
build	Cache Android SDK	2026-06-06T12:22:57.5303947Z /usr/bin/tar: ../../../../../usr/local/lib/android/sdk/platforms/android-34/data/res/values-mcc310-mnc200-b+sr+Latn: Cannot utime: Operation not permitted
build	Cache Android SDK	2026-06-06T12:22:57.5304956Z /usr/bin/tar: ../../../../../usr/local/lib/android/sdk/platforms/android-34/data/res/values-mcc310-mnc200-b+sr+Latn: Cannot change mode to rwxr-xr-x: Operation not permitted
build	Cache Android SDK	2026-06-06T12:22:57.5307332Z /usr/bin/tar: ../../../../../usr/local/lib/android/sdk/platforms/android-34/data/res/values-mcc310-mnc150-ml: Cannot utime: Operation not permitted
build	Cache Android SDK	2026-06-06T12:22:57.5308569Z /usr/bin/tar: ../../../../../usr/local/lib/android/sdk/platforms/android-34/data/res/values-mcc310-mnc150-ml: Cannot change mode to rwxr-xr-x: Operation not permitted
build	Cache Android SDK	2026-06-06T12:22:57.5311033Z /usr/bin/tar: ../../../../../usr/local/lib/android/sdk/platforms/android-34/data/res/values-mcc001-mnc01-ja: Cannot utime: Operation not permitted
build	Cache Android SDK	2026-06-06T12:22:57.5312081Z /usr/bin/tar: ../../../../../usr/local/lib/android/sdk/platforms/android-34/data/res/values-mcc001-mnc01-ja: Cannot change mode to rwxr-xr-x: Operation not permitted
build	Cache Android SDK	2026-06-06T12:22:57.5313916Z /usr/bin/tar: ../../../../../usr/local/lib/android/sdk/platforms/android-34/data/res/values-mcc310-mnc150-uk: Cannot utime: Operation not permitted
build	Cache Android SDK	2026-06-06T12:22:57.5314860Z /usr/bin/tar: ../../../../../usr/local/lib/android/sdk/platforms/android-34/data/res/values-mcc310-mnc150-uk: Cannot change mode to rwxr-xr-x: Operation not permitted
build	Cache Android SDK	2026-06-06T12:22:57.5317565Z /usr/bin/tar: ../../../../../usr/local/lib/android/sdk/platforms/android-34/data/res/values-mcc334-mnc020-de: Cannot utime: Operation not permitted
build	Cache Android SDK	2026-06-06T12:22:57.5318574Z /usr/bin/tar: ../../../../../usr/local/lib/android/sdk/platforms/android-34/data/res/values-mcc334-mnc020-de: Cannot change mode to rwxr-xr-x: Operation not permitted
build	Cache Android SDK	2026-06-06T12:22:57.5320354Z /usr/bin/tar: ../../../../../usr/local/lib/android/sdk/platforms/android-34/data/res/values-mcc310-mnc230-es: Cannot utime: Operation not permitted
build	Cache Android SDK	2026-06-06T12:22:57.5321300Z /usr/bin/tar: ../../../../../usr/local/lib/android/sdk/platforms/android-34/data/res/values-mcc310-mnc230-es: Cannot change mode to rwxr-xr-x: Operation not permitted
build	Cache Android SDK	2026-06-06T12:22:57.5323754Z /usr/bin/tar: ../../../../../usr/local/lib/android/sdk/platforms/android-34/data/res/values-mcc310-mnc280-fr: Cannot utime: Operation not permitted
build	Cache Android SDK	2026-06-06T12:22:57.5324694Z /usr/bin/tar: ../../../../../usr/local/lib/android/sdk/platforms/android-34/data/res/values-mcc310-mnc280-fr: Cannot change mode to rwxr-xr-x: Operation not permitted
build	Cache Android SDK	2026-06-06T12:22:57.5326514Z /usr/bin/tar: ../../../../../usr/local/lib/android/sdk/platforms/android-34/data/res/values-mcc302-mnc370-eu: Cannot utime: Operation not permitted
build	Cache Android SDK	2026-06-06T12:22:57.5327624Z /usr/bin/tar: ../../../../../usr/local/lib/android/sdk/platforms/android-34/data/res/values-mcc302-mnc370-eu: Cannot change mode to rwxr-xr-x: Operation not permitted
build	Cache Android SDK	2026-06-06T12:22:57.5330334Z /usr/bin/tar: ../../../../../usr/local/lib/android/sdk/platforms/android-34/data/res/values-mcc334-mnc020-ja: Cannot utime: Operation not permitted
build	Cache Android SDK	2026-06-06T12:22:57.5331259Z /usr/bin/tar: ../../../../../usr/local/lib/android/sdk/platforms/android-34/data/res/values-mcc334-mnc020-ja: Cannot change mode to rwxr-xr-x: Operation not permitted
build	Cache Android SDK	2026-06-06T12:22:57.5333865Z /usr/bin/tar: ../../../../../usr/local/lib/android/sdk/platforms/android-34/data/res/values-mcc310-mnc250-my: Cannot utime: Operation not permitted
build	Cache Android SDK	2026-06-06T12:22:57.5334795Z /usr/bin/tar: ../../../../../usr/local/lib/android/sdk/platforms/android-34/data/res/values-mcc310-mnc250-my: Cannot change mode to rwxr-xr-x: Operation not permitted
build	Cache Android SDK	2026-06-06T12:22:57.5336924Z /usr/bin/tar: ../../../../../usr/local/lib/android/sdk/platforms/android-34/data/res/values-mcc310-mnc380-b+sr+Latn: Cannot utime: Operation not permitted
build	Cache Android SDK	2026-06-06T12:22:57.5338272Z /usr/bin/tar: ../../../../../usr/local/lib/android/sdk/platforms/android-34/data/res/values-mcc310-mnc380-b+sr+Latn: Cannot change mode to rwxr-xr-x: Operation not permitted
build	Cache Android SDK	2026-06-06T12:22:57.5339866Z /usr/bin/tar: ../../../../../usr/local/lib/android/sdk/platforms/android-34/data/res/values-mcc405: Cannot utime: Operation not permitted
build	Cache Android SDK	2026-06-06T12:22:57.5340743Z /usr/bin/tar: ../../../../../usr/local/lib/android/sdk/platforms/android-34/data/res/values-mcc405: Cannot change mode to rwxr-xr-x: Operation not permitted
build	Cache Android SDK	2026-06-06T12:22:57.5344022Z /usr/bin/tar: ../../../../../usr/local/lib/android/sdk/platforms/android-34/data/res/values-mcc310-mnc560-km: Cannot utime: Operation not permitted
build	Cache Android SDK	2026-06-06T12:22:57.5344567Z /usr/bin/tar: ../../../../../usr/local/lib/android/sdk/platforms/android-34/data/res/values-mcc310-mnc560-km: Cannot change mode to rwxr-xr-x: Operation not permitted
build	Cache Android SDK	2026-06-06T12:22:57.5351311Z /usr/bin/tar: ../../../../../usr/local/lib/android/sdk/platforms/android-34/data/res/values-is: Cannot utime: Operation not permitted
build	Cache Android SDK	2026-06-06T12:22:57.5351993Z /usr/bin/tar: ../../../../../usr/local/lib/android/sdk/platforms/android-34/data/res/values-is: Cannot change mode to rwxr-xr-x: Operation not permitted
build	Cache Android SDK	2026-06-06T12:22:57.5353756Z /usr/bin/tar: ../../../../../usr/local/lib/android/sdk/platforms/android-34/data/res/values-mcc334-mnc020-it: Cannot utime: Operation not permitted
build	Cache Android SDK	2026-06-06T12:22:57.5354218Z /usr/bin/tar: ../../../../../usr/local/lib/android/sdk/platforms/android-34/data/res/values-mcc334-mnc020-it: Cannot change mode to rwxr-xr-x: Operation not permitted
build	Cache Android SDK	2026-06-06T12:22:57.5356946Z /usr/bin/tar: ../../../../../usr/local/lib/android/sdk/platforms/android-34/data/res/values-mcc310-mnc230-nl: Cannot utime: Operation not permitted
build	Cache Android SDK	2026-06-06T12:22:57.5357574Z /usr/bin/tar: ../../../../../usr/local/lib/android/sdk/platforms/android-34/data/res/values-mcc310-mnc230-nl: Cannot change mode to rwxr-xr-x: Operation not permitted
build	Cache Android SDK	2026-06-06T12:22:57.5361482Z /usr/bin/tar: ../../../../../usr/local/lib/android/sdk/platforms/android-34/data/res/values-mcc310-mnc800-vi: Cannot utime: Operation not permitted
build	Cache Android SDK	2026-06-06T12:22:57.5362275Z /usr/bin/tar: ../../../../../usr/local/lib/android/sdk/platforms/android-34/data/res/values-mcc310-mnc800-vi: Cannot change mode to rwxr-xr-x: Operation not permitted
build	Cache Android SDK	2026-06-06T12:22:57.5363042Z /usr/bin/tar: ../../../../../usr/local/lib/android/sdk/platforms/android-34/data/res/values-ta-television: Cannot utime: Operation not permitted
build	Cache Android SDK	2026-06-06T12:22:57.5363497Z /usr/bin/tar: ../../../../../usr/local/lib/android/sdk/platforms/android-34/data/res/values-ta-television: Cannot change mode to rwxr-xr-x: Operation not permitted
build	Cache Android SDK	2026-06-06T12:22:57.5366444Z /usr/bin/tar: ../../../../../usr/local/lib/android/sdk/platforms/android-34/data/res/values-mcc302-mnc370-bs: Cannot utime: Operation not permitted
build	Cache Android SDK	2026-06-06T12:22:57.5366893Z /usr/bin/tar: ../../../../../usr/local/lib/android/sdk/platforms/android-34/data/res/values-mcc302-mnc370-bs: Cannot change mode to rwxr-xr-x: Operation not permitted
build	Cache Android SDK	2026-06-06T12:22:57.5371036Z /usr/bin/tar: ../../../../../usr/local/lib/android/sdk/platforms/android-34/data/res/values-sw600dp: Cannot utime: Operation not permitted
build	Cache Android SDK	2026-06-06T12:22:57.5371474Z /usr/bin/tar: ../../../../../usr/local/lib/android/sdk/platforms/android-34/data/res/values-sw600dp: Cannot change mode to rwxr-xr-x: Operation not permitted
build	Cache Android SDK	2026-06-06T12:22:57.5374037Z /usr/bin/tar: ../../../../../usr/local/lib/android/sdk/platforms/android-34/data/res/values-mcc310-mnc490-pl: Cannot utime: Operation not permitted
build	Cache Android SDK	2026-06-06T12:22:57.5374493Z /usr/bin/tar: ../../../../../usr/local/lib/android/sdk/platforms/android-34/data/res/values-mcc310-mnc490-pl: Cannot change mode to rwxr-xr-x: Operation not permitted
build	Cache Android SDK	2026-06-06T12:22:57.5377067Z /usr/bin/tar: ../../../../../usr/local/lib/android/sdk/platforms/android-34/data/res/values-mcc313-mnc100-da: Cannot utime: Operation not permitted
build	Cache Android SDK	2026-06-06T12:22:57.5377759Z /usr/bin/tar: ../../../../../usr/local/lib/android/sdk/platforms/android-34/data/res/values-mcc313-mnc100-da: Cannot change mode to rwxr-xr-x: Operation not permitted
build	Cache Android SDK	2026-06-06T12:22:57.5380130Z /usr/bin/tar: ../../../../../usr/local/lib/android/sdk/platforms/android-34/data/res/values-mcc313-mnc100-ta: Cannot utime: Operation not permitted
build	Cache Android SDK	2026-06-06T12:22:57.5380604Z /usr/bin/tar: ../../../../../usr/local/lib/android/sdk/platforms/android-34/data/res/values-mcc313-mnc100-ta: Cannot change mode to rwxr-xr-x: Operation not permitted
build	Cache Android SDK	2026-06-06T12:22:57.5383359Z /usr/bin/tar: ../../../../../usr/local/lib/android/sdk/platforms/android-34/data/res/values-mcc310-mnc220-sq: Cannot utime: Operation not permitted
build	Cache Android SDK	2026-06-06T12:22:57.5383899Z /usr/bin/tar: ../../../../../usr/local/lib/android/sdk/platforms/android-34/data/res/values-mcc310-mnc220-sq: Cannot change mode to rwxr-xr-x: Operation not permitted
build	Cache Android SDK	2026-06-06T12:22:57.5386320Z /usr/bin/tar: ../../../../../usr/local/lib/android/sdk/platforms/android-34/data/res/values-mcc310-mnc250-zh-rCN: Cannot utime: Operation not permitted
build	Cache Android SDK	2026-06-06T12:22:57.5386967Z /usr/bin/tar: ../../../../../usr/local/lib/android/sdk/platforms/android-34/data/res/values-mcc310-mnc250-zh-rCN: Cannot change mode to rwxr-xr-x: Operation not permitted
build	Cache Android SDK	2026-06-06T12:22:57.5389552Z /usr/bin/tar: ../../../../../usr/local/lib/android/sdk/platforms/android-34/data/res/values-mcc310-mnc150-gu: Cannot utime: Operation not permitted
build	Cache Android SDK	2026-06-06T12:22:57.5390011Z /usr/bin/tar: ../../../../../usr/local/lib/android/sdk/platforms/android-34/data/res/values-mcc310-mnc150-gu: Cannot change mode to rwxr-xr-x: Operation not permitted
build	Cache Android SDK	2026-06-06T12:22:57.5392260Z /usr/bin/tar: ../../../../../usr/local/lib/android/sdk/platforms/android-34/data/res/values-mcc310-mnc230-si: Cannot utime: Operation not permitted
build	Cache Android SDK	2026-06-06T12:22:57.5392725Z /usr/bin/tar: ../../../../../usr/local/lib/android/sdk/platforms/android-34/data/res/values-mcc310-mnc230-si: Cannot change mode to rwxr-xr-x: Operation not permitted
build	Cache Android SDK	2026-06-06T12:22:57.5395205Z /usr/bin/tar: ../../../../../usr/local/lib/android/sdk/platforms/android-34/data/res/values-mcc311-mnc180-ar: Cannot utime: Operation not permitted
build	Cache Android SDK	2026-06-06T12:22:57.5395668Z /usr/bin/tar: ../../../../../usr/local/lib/android/sdk/platforms/android-34/data/res/values-mcc311-mnc180-ar: Cannot change mode to rwxr-xr-x: Operation not permitted
build	Cache Android SDK	2026-06-06T12:22:57.5398156Z /usr/bin/tar: ../../../../../usr/local/lib/android/sdk/platforms/android-34/data/res/values-mcc310-mnc800-ca: Cannot utime: Operation not permitted
build	Cache Android SDK	2026-06-06T12:22:57.5398604Z /usr/bin/tar: ../../../../../usr/local/lib/android/sdk/platforms/android-34/data/res/values-mcc310-mnc800-ca: Cannot change mode to rwxr-xr-x: Operation not permitted
build	Cache Android SDK	2026-06-06T12:22:57.5401228Z /usr/bin/tar: ../../../../../usr/local/lib/android/sdk/platforms/android-34/data/res/values-mcc310-mnc560-as: Cannot utime: Operation not permitted
build	Cache Android SDK	2026-06-06T12:22:57.5401691Z /usr/bin/tar: ../../../../../usr/local/lib/android/sdk/platforms/android-34/data/res/values-mcc310-mnc560-as: Cannot change mode to rwxr-xr-x: Operation not permitted
build	Cache Android SDK	2026-06-06T12:22:57.5404121Z /usr/bin/tar: ../../../../../usr/local/lib/android/sdk/platforms/android-34/data/res/values-mcc310-mnc310-zh-rCN: Cannot utime: Operation not permitted
build	Cache Android SDK	2026-06-06T12:22:57.5404599Z /usr/bin/tar: ../../../../../usr/local/lib/android/sdk/platforms/android-34/data/res/values-mcc310-mnc310-zh-rCN: Cannot change mode to rwxr-xr-x: Operation not permitted
build	Cache Android SDK	2026-06-06T12:22:57.5407135Z /usr/bin/tar: ../../../../../usr/local/lib/android/sdk/platforms/android-34/data/res/values-mcc310-mnc800-gl: Cannot utime: Operation not permitted
build	Cache Android SDK	2026-06-06T12:22:57.5407799Z /usr/bin/tar: ../../../../../usr/local/lib/android/sdk/platforms/android-34/data/res/values-mcc310-mnc800-gl: Cannot change mode to rwxr-xr-x: Operation not permitted
build	Cache Android SDK	2026-06-06T12:22:57.5410254Z /usr/bin/tar: ../../../../../usr/local/lib/android/sdk/platforms/android-34/data/res/values-mcc310-mnc240-si: Cannot utime: Operation not permitted
build	Cache Android SDK	2026-06-06T12:22:57.5410789Z /usr/bin/tar: ../../../../../usr/local/lib/android/sdk/platforms/android-34/data/res/values-mcc310-mnc240-si: Cannot change mode to rwxr-xr-x: Operation not permitted
build	Cache Android SDK	2026-06-06T12:22:57.5413156Z /usr/bin/tar: ../../../../../usr/local/lib/android/sdk/platforms/android-34/data/res/values-mcc313-mnc100-en-rAU: Cannot utime: Operation not permitted
build	Cache Android SDK	2026-06-06T12:22:57.5413646Z /usr/bin/tar: ../../../../../usr/local/lib/android/sdk/platforms/android-34/data/res/values-mcc313-mnc100-en-rAU: Cannot change mode to rwxr-xr-x: Operation not permitted
build	Cache Android SDK	2026-06-06T12:22:57.5416253Z /usr/bin/tar: ../../../../../usr/local/lib/android/sdk/platforms/android-34/data/res/values-mcc310-mnc280-sk: Cannot utime: Operation not permitted
build	Cache Android SDK	2026-06-06T12:22:57.5416799Z /usr/bin/tar: ../../../../../usr/local/lib/android/sdk/platforms/android-34/data/res/values-mcc310-mnc280-sk: Cannot change mode to rwxr-xr-x: Operation not permitted
build	Cache Android SDK	2026-06-06T12:22:57.5419387Z /usr/bin/tar: ../../../../../usr/local/lib/android/sdk/platforms/android-34/data/res/values-mcc310-mnc170-or: Cannot utime: Operation not permitted
build	Cache Android SDK	2026-06-06T12:22:57.5419919Z /usr/bin/tar: ../../../../../usr/local/lib/android/sdk/platforms/android-34/data/res/values-mcc310-mnc170-or: Cannot change mode to rwxr-xr-x: Operation not permitted
build	Cache Android SDK	2026-06-06T12:22:57.5423212Z /usr/bin/tar: ../../../../../usr/local/lib/android/sdk/platforms/android-34/data/res/values-mcc310-mnc200-ko: Cannot utime: Operation not permitted
build	Cache Android SDK	2026-06-06T12:22:57.5423671Z /usr/bin/tar: ../../../../../usr/local/lib/android/sdk/platforms/android-34/data/res/values-mcc310-mnc200-ko: Cannot change mode to rwxr-xr-x: Operation not permitted
build	Cache Android SDK	2026-06-06T12:22:57.5426691Z /usr/bin/tar: ../../../../../usr/local/lib/android/sdk/platforms/android-34/data/res/values-mcc310-mnc270-b+sr+Latn: Cannot utime: Operation not permitted
build	Cache Android SDK	2026-06-06T12:22:57.5427194Z /usr/bin/tar: ../../../../../usr/local/lib/android/sdk/platforms/android-34/data/res/values-mcc310-mnc270-b+sr+Latn: Cannot change mode to rwxr-xr-x: Operation not permitted
build	Cache Android SDK	2026-06-06T12:22:57.5432112Z /usr/bin/tar: ../../../../../usr/local/lib/android/sdk/platforms/android-34/data/res/values-uz-television: Cannot utime: Operation not permitted
build	Cache Android SDK	2026-06-06T12:22:57.5432578Z /usr/bin/tar: ../../../../../usr/local/lib/android/sdk/platforms/android-34/data/res/values-uz-television: Cannot change mode to rwxr-xr-x: Operation not permitted
build	Cache Android SDK	2026-06-06T12:22:57.5435557Z /usr/bin/tar: ../../../../../usr/local/lib/android/sdk/platforms/android-34/data/res/values-mcc310-mnc030-tr: Cannot utime: Operation not permitted
build	Cache Android SDK	2026-06-06T12:22:57.5436014Z /usr/bin/tar: ../../../../../usr/local/lib/android/sdk/platforms/android-34/data/res/values-mcc310-mnc030-tr: Cannot change mode to rwxr-xr-x: Operation not permitted
build	Cache Android SDK	2026-06-06T12:22:57.5439599Z /usr/bin/tar: ../../../../../usr/local/lib/android/sdk/platforms/android-34/data/res/values-vi-television: Cannot utime: Operation not permitted
build	Cache Android SDK	2026-06-06T12:22:57.5440165Z /usr/bin/tar: ../../../../../usr/local/lib/android/sdk/platforms/android-34/data/res/values-vi-television: Cannot change mode to rwxr-xr-x: Operation not permitted
build	Cache Android SDK	2026-06-06T12:22:57.5442436Z /usr/bin/tar: ../../../../../usr/local/lib/android/sdk/platforms/android-34/data/res/values-mcc310-mnc800-sv: Cannot utime: Operation not permitted
build	Cache Android SDK	2026-06-06T12:22:57.5442895Z /usr/bin/tar: ../../../../../usr/local/lib/android/sdk/platforms/android-34/data/res/values-mcc310-mnc800-sv: Cannot change mode to rwxr-xr-x: Operation not permitted
build	Cache Android SDK	2026-06-06T12:22:57.5445231Z /usr/bin/tar: ../../../../../usr/local/lib/android/sdk/platforms/android-34/data/res/values-mcc001-mnc01-mn: Cannot utime: Operation not permitted
build	Cache Android SDK	2026-06-06T12:22:57.5445684Z /usr/bin/tar: ../../../../../usr/local/lib/android/sdk/platforms/android-34/data/res/values-mcc001-mnc01-mn: Cannot change mode to rwxr-xr-x: Operation not permitted
build	Cache Android SDK	2026-06-06T12:22:57.5449662Z /usr/bin/tar: ../../../../../usr/local/lib/android/sdk/platforms/android-34/data/res/values-mcc001-mnc01-sk: Cannot utime: Operation not permitted
build	Cache Android SDK	2026-06-06T12:22:57.5450362Z /usr/bin/tar: ../../../../../usr/local/lib/android/sdk/platforms/android-34/data/res/values-mcc001-mnc01-sk: Cannot change mode to rwxr-xr-x: Operation not permitted
build	Cache Android SDK	2026-06-06T12:22:57.5452710Z /usr/bin/tar: ../../../../../usr/local/lib/android/sdk/platforms/android-34/data/res/values-mcc311-mnc180-ko: Cannot utime: Operation not permitted
build	Cache Android SDK	2026-06-06T12:22:57.5453274Z /usr/bin/tar: ../../../../../usr/local/lib/android/sdk/platforms/android-34/data/res/values-mcc311-mnc180-ko: Cannot change mode to rwxr-xr-x: Operation not permitted
build	Cache Android SDK	2026-06-06T12:22:57.5456385Z /usr/bin/tar: ../../../../../usr/local/lib/android/sdk/platforms/android-34/data/res/raw-fi: Cannot utime: Operation not permitted
build	Cache Android SDK	2026-06-06T12:22:57.5456873Z /usr/bin/tar: ../../../../../usr/local/lib/android/sdk/platforms/android-34/data/res/raw-fi: Cannot change mode to rwxr-xr-x: Operation not permitted
build	Cache Android SDK	2026-06-06T12:22:57.5459291Z /usr/bin/tar: ../../../../../usr/local/lib/android/sdk/platforms/android-34/data/res/values-mcc313-mnc100-gu: Cannot utime: Operation not permitted
build	Cache Android SDK	2026-06-06T12:22:57.5459874Z /usr/bin/tar: ../../../../../usr/local/lib/android/sdk/platforms/android-34/data/res/values-mcc313-mnc100-gu: Cannot change mode to rwxr-xr-x: Operation not permitted
build	Cache Android SDK	2026-06-06T12:22:57.5462996Z /usr/bin/tar: ../../../../../usr/local/lib/android/sdk/platforms/android-34/data/res/values-mcc310-mnc240-lv: Cannot utime: Operation not permitted
build	Cache Android SDK	2026-06-06T12:22:57.5463463Z /usr/bin/tar: ../../../../../usr/local/lib/android/sdk/platforms/android-34/data/res/values-mcc310-mnc240-lv: Cannot change mode to rwxr-xr-x: Operation not permitted
build	Cache Android SDK	2026-06-06T12:22:57.5465932Z /usr/bin/tar: ../../../../../usr/local/lib/android/sdk/platforms/android-34/data/res/values-mcc310-mnc280-zh-rCN: Cannot utime: Operation not permitted
build	Cache Android SDK	2026-06-06T12:22:57.5466421Z /usr/bin/tar: ../../../../../usr/local/lib/android/sdk/platforms/android-34/data/res/values-mcc310-mnc280-zh-rCN: Cannot change mode to rwxr-xr-x: Operation not permitted
build	Cache Android SDK	2026-06-06T12:22:57.5469863Z /usr/bin/tar: ../../../../../usr/local/lib/android/sdk/platforms/android-34/data/res/values-en-rNZ: Cannot utime: Operation not permitted
build	Cache Android SDK	2026-06-06T12:22:57.5470305Z /usr/bin/tar: ../../../../../usr/local/lib/android/sdk/platforms/android-34/data/res/values-en-rNZ: Cannot change mode to rwxr-xr-x: Operation not permitted
build	Cache Android SDK	2026-06-06T12:22:57.5472939Z /usr/bin/tar: ../../../../../usr/local/lib/android/sdk/platforms/android-34/data/res/values-mcc310-mnc240-fr: Cannot utime: Operation not permitted
build	Cache Android SDK	2026-06-06T12:22:57.5473398Z /usr/bin/tar: ../../../../../usr/local/lib/android/sdk/platforms/android-34/data/res/values-mcc310-mnc240-fr: Cannot change mode to rwxr-xr-x: Operation not permitted
build	Cache Android SDK	2026-06-06T12:22:57.5476150Z /usr/bin/tar: ../../../../../usr/local/lib/android/sdk/platforms/android-34/data/res/values-mcc310-mnc250-si: Cannot utime: Operation not permitted
build	Cache Android SDK	2026-06-06T12:22:57.5476618Z /usr/bin/tar: ../../../../../usr/local/lib/android/sdk/platforms/android-34/data/res/values-mcc310-mnc250-si: Cannot change mode to rwxr-xr-x: Operation not permitted
build	Cache Android SDK	2026-06-06T12:22:57.5479244Z /usr/bin/tar: ../../../../../usr/local/lib/android/sdk/platforms/android-34/data/res/values-mcc310-mnc170-ja: Cannot utime: Operation not permitted
build	Cache Android SDK	2026-06-06T12:22:57.5479701Z /usr/bin/tar: ../../../../../usr/local/lib/android/sdk/platforms/android-34/data/res/values-mcc310-mnc170-ja: Cannot change mode to rwxr-xr-x: Operation not permitted
build	Cache Android SDK	2026-06-06T12:22:57.5482844Z /usr/bin/tar: ../../../../../usr/local/lib/android/sdk/platforms/android-34/data/res/values-mcc302-mnc720-hu: Cannot utime: Operation not permitted
build	Cache Android SDK	2026-06-06T12:22:57.5483302Z /usr/bin/tar: ../../../../../usr/local/lib/android/sdk/platforms/android-34/data/res/values-mcc302-mnc720-hu: Cannot change mode to rwxr-xr-x: Operation not permitted
build	Cache Android SDK	2026-06-06T12:22:57.5486226Z /usr/bin/tar: ../../../../../usr/local/lib/android/sdk/platforms/android-34/data/res/values-mcc310-mnc160-zh-rTW: Cannot utime: Operation not permitted
build	Cache Android SDK	2026-06-06T12:22:57.5486788Z /usr/bin/tar: ../../../../../usr/local/lib/android/sdk/platforms/android-34/data/res/values-mcc310-mnc160-zh-rTW: Cannot change mode to rwxr-xr-x: Operation not permitted
build	Cache Android SDK	2026-06-06T12:22:57.5489411Z /usr/bin/tar: ../../../../../usr/local/lib/android/sdk/platforms/android-34/data/res/values-mcc310-mnc310-gl: Cannot utime: Operation not permitted
build	Cache Android SDK	2026-06-06T12:22:57.5489859Z /usr/bin/tar: ../../../../../usr/local/lib/android/sdk/platforms/android-34/data/res/values-mcc310-mnc310-gl: Cannot change mode to rwxr-xr-x: Operation not permitted
build	Cache Android SDK	2026-06-06T12:22:57.5492424Z /usr/bin/tar: ../../../../../usr/local/lib/android/sdk/platforms/android-34/data/res/values-mcc310-mnc030-hr: Cannot utime: Operation not permitted
build	Cache Android SDK	2026-06-06T12:22:57.5492970Z /usr/bin/tar: ../../../../../usr/local/lib/android/sdk/platforms/android-34/data/res/values-mcc310-mnc030-hr: Cannot change mode to rwxr-xr-x: Operation not permitted
build	Cache Android SDK	2026-06-06T12:22:57.5495190Z /usr/bin/tar: ../../../../../usr/local/lib/android/sdk/platforms/android-34/data/res/values-mcc310-mnc280-ka: Cannot utime: Operation not permitted
build	Cache Android SDK	2026-06-06T12:22:57.5495785Z /usr/bin/tar: ../../../../../usr/local/lib/android/sdk/platforms/android-34/data/res/values-mcc310-mnc280-ka: Cannot change mode to rwxr-xr-x: Operation not permitted
build	Cache Android SDK	2026-06-06T12:22:57.5498712Z /usr/bin/tar: ../../../../../usr/local/lib/android/sdk/platforms/android-34/data/res/values-mcc310-mnc950-te: Cannot utime: Operation not permitted
build	Cache Android SDK	2026-06-06T12:22:57.5499178Z /usr/bin/tar: ../../../../../usr/local/lib/android/sdk/platforms/android-34/data/res/values-mcc310-mnc950-te: Cannot change mode to rwxr-xr-x: Operation not permitted
build	Cache Android SDK	2026-06-06T12:22:57.5501798Z /usr/bin/tar: ../../../../../usr/local/lib/android/sdk/platforms/android-34/data/res/values-mcc302-mnc720-ka: Cannot utime: Operation not permitted
build	Cache Android SDK	2026-06-06T12:22:57.5502277Z /usr/bin/tar: ../../../../../usr/local/lib/android/sdk/platforms/android-34/data/res/values-mcc302-mnc720-ka: Cannot change mode to rwxr-xr-x: Operation not permitted
build	Cache Android SDK	2026-06-06T12:22:57.5504897Z /usr/bin/tar: ../../../../../usr/local/lib/android/sdk/platforms/android-34/data/res/values-mcc310-mnc210-pt: Cannot utime: Operation not permitted
build	Cache Android SDK	2026-06-06T12:22:57.5505361Z /usr/bin/tar: ../../../../../usr/local/lib/android/sdk/platforms/android-34/data/res/values-mcc310-mnc210-pt: Cannot change mode to rwxr-xr-x: Operation not permitted
build	Cache Android SDK	2026-06-06T12:22:57.5509979Z /usr/bin/tar: ../../../../../usr/local/lib/android/sdk/platforms/android-34/data/res/values-mcc310-mnc250-b+sr+Latn: Cannot utime: Operation not permitted
build	Cache Android SDK	2026-06-06T12:22:57.5510483Z /usr/bin/tar: ../../../../../usr/local/lib/android/sdk/platforms/android-34/data/res/values-mcc310-mnc250-b+sr+Latn: Cannot change mode to rwxr-xr-x: Operation not permitted
build	Cache Android SDK	2026-06-06T12:22:57.5512910Z /usr/bin/tar: ../../../../../usr/local/lib/android/sdk/platforms/android-34/data/res/values-mcc310-mnc380-iw: Cannot utime: Operation not permitted
build	Cache Android SDK	2026-06-06T12:22:57.5513378Z /usr/bin/tar: ../../../../../usr/local/lib/android/sdk/platforms/android-34/data/res/values-mcc310-mnc380-iw: Cannot change mode to rwxr-xr-x: Operation not permitted
build	Cache Android SDK	2026-06-06T12:22:57.5515399Z /usr/bin/tar: ../../../../../usr/local/lib/android/sdk/platforms/android-34/data/res/values-mcc732-mnc123: Cannot utime: Operation not permitted
build	Cache Android SDK	2026-06-06T12:22:57.5515861Z /usr/bin/tar: ../../../../../usr/local/lib/android/sdk/platforms/android-34/data/res/values-mcc732-mnc123: Cannot change mode to rwxr-xr-x: Operation not permitted
build	Cache Android SDK	2026-06-06T12:22:57.5518693Z /usr/bin/tar: ../../../../../usr/local/lib/android/sdk/platforms/android-34/data/res/values-mcc302-mnc370-cs: Cannot utime: Operation not permitted
build	Cache Android SDK	2026-06-06T12:22:57.5519154Z /usr/bin/tar: ../../../../../usr/local/lib/android/sdk/platforms/android-34/data/res/values-mcc302-mnc370-cs: Cannot change mode to rwxr-xr-x: Operation not permitted
build	Cache Android SDK	2026-06-06T12:22:57.5522196Z /usr/bin/tar: ../../../../../usr/local/lib/android/sdk/platforms/android-34/data/res/values-mcc311-mnc180-sr: Cannot utime: Operation not permitted
build	Cache Android SDK	2026-06-06T12:22:57.5522741Z /usr/bin/tar: ../../../../../usr/local/lib/android/sdk/platforms/android-34/data/res/values-mcc311-mnc180-sr: Cannot change mode to rwxr-xr-x: Operation not permitted
build	Cache Android SDK	2026-06-06T12:22:57.5524910Z /usr/bin/tar: ../../../../../usr/local/lib/android/sdk/platforms/android-34/data/res/values-mcc302-mnc370-ur: Cannot utime: Operation not permitted
build	Cache Android SDK	2026-06-06T12:22:57.5525368Z /usr/bin/tar: ../../../../../usr/local/lib/android/sdk/platforms/android-34/data/res/values-mcc302-mnc370-ur: Cannot change mode to rwxr-xr-x: Operation not permitted
build	Cache Android SDK	2026-06-06T12:22:57.5528200Z /usr/bin/tar: ../../../../../usr/local/lib/android/sdk/platforms/android-34/data/res/values-mcc310-mnc230-kk: Cannot utime: Operation not permitted
build	Cache Android SDK	2026-06-06T12:22:57.5528747Z /usr/bin/tar: ../../../../../usr/local/lib/android/sdk/platforms/android-34/data/res/values-mcc310-mnc230-kk: Cannot change mode to rwxr-xr-x: Operation not permitted
build	Cache Android SDK	2026-06-06T12:22:57.5530931Z /usr/bin/tar: ../../../../../usr/local/lib/android/sdk/platforms/android-34/data/res/values-mcc310-mnc490-eu: Cannot utime: Operation not permitted
build	Cache Android SDK	2026-06-06T12:22:57.5531462Z /usr/bin/tar: ../../../../../usr/local/lib/android/sdk/platforms/android-34/data/res/values-mcc310-mnc490-eu: Cannot change mode to rwxr-xr-x: Operation not permitted
build	Cache Android SDK	2026-06-06T12:22:57.5534475Z /usr/bin/tar: ../../../../../usr/local/lib/android/sdk/platforms/android-34/data/res/values-mcc310-mnc170-az: Cannot utime: Operation not permitted
build	Cache Android SDK	2026-06-06T12:22:57.5534952Z /usr/bin/tar: ../../../../../usr/local/lib/android/sdk/platforms/android-34/data/res/values-mcc310-mnc170-az: Cannot change mode to rwxr-xr-x: Operation not permitted
build	Cache Android SDK	2026-06-06T12:22:57.5537985Z /usr/bin/tar: ../../../../../usr/local/lib/android/sdk/platforms/android-34/data/res/values-mcc311-mnc480: Cannot utime: Operation not permitted
build	Cache Android SDK	2026-06-06T12:22:57.5538456Z /usr/bin/tar: ../../../../../usr/local/lib/android/sdk/platforms/android-34/data/res/values-mcc311-mnc480: Cannot change mode to rwxr-xr-x: Operation not permitted
build	Cache Android SDK	2026-06-06T12:22:57.5540988Z /usr/bin/tar: ../../../../../usr/local/lib/android/sdk/platforms/android-34/data/res/values-mcc310-mnc250-sw: Cannot utime: Operation not permitted
build	Cache Android SDK	2026-06-06T12:22:57.5541438Z /usr/bin/tar: ../../../../../usr/local/lib/android/sdk/platforms/android-34/data/res/values-mcc310-mnc250-sw: Cannot change mode to rwxr-xr-x: Operation not permitted
build	Cache Android SDK	2026-06-06T12:22:57.5546857Z /usr/bin/tar: ../../../../../usr/local/lib/android/sdk/platforms/android-34/data/res/values-gl: Cannot utime: Operation not permitted
build	Cache Android SDK	2026-06-06T12:22:57.5547260Z /usr/bin/tar: ../../../../../usr/local/lib/android/sdk/platforms/android-34/data/res/values-gl: Cannot change mode to rwxr-xr-x: Operation not permitted
build	Cache Android SDK	2026-06-06T12:22:57.5549877Z /usr/bin/tar: ../../../../../usr/local/lib/android/sdk/platforms/android-34/data/res/values-mcc001-mnc01-pt-rPT: Cannot utime: Operation not permitted
build	Cache Android SDK	2026-06-06T12:22:57.5550347Z /usr/bin/tar: ../../../../../usr/local/lib/android/sdk/platforms/android-34/data/res/values-mcc001-mnc01-pt-rPT: Cannot change mode to rwxr-xr-x: Operation not permitted
build	Cache Android SDK	2026-06-06T12:22:57.5553151Z /usr/bin/tar: ../../../../../usr/local/lib/android/sdk/platforms/android-34/data/res/values-mcc310-mnc250-ja: Cannot utime: Operation not permitted
build	Cache Android SDK	2026-06-06T12:22:57.5553599Z /usr/bin/tar: ../../../../../usr/local/lib/android/sdk/platforms/android-34/data/res/values-mcc310-mnc250-ja: Cannot change mode to rwxr-xr-x: Operation not permitted
build	Cache Android SDK	2026-06-06T12:22:57.5557026Z /usr/bin/tar: ../../../../../usr/local/lib/android/sdk/platforms/android-34/data/res/values-mcc311-mnc180-en-rGB: Cannot utime: Operation not permitted
build	Cache Android SDK	2026-06-06T12:22:57.5558001Z /usr/bin/tar: ../../../../../usr/local/lib/android/sdk/platforms/android-34/data/res/values-mcc311-mnc180-en-rGB: Cannot change mode to rwxr-xr-x: Operation not permitted
build	Cache Android SDK	2026-06-06T12:22:57.5560560Z /usr/bin/tar: ../../../../../usr/local/lib/android/sdk/platforms/android-34/data/res/values-mcc310-mnc220-tr: Cannot utime: Operation not permitted
build	Cache Android SDK	2026-06-06T12:22:57.5561117Z /usr/bin/tar: ../../../../../usr/local/lib/android/sdk/platforms/android-34/data/res/values-mcc310-mnc220-tr: Cannot change mode to rwxr-xr-x: Operation not permitted
build	Cache Android SDK	2026-06-06T12:22:57.5563956Z /usr/bin/tar: ../../../../../usr/local/lib/android/sdk/platforms/android-34/data/res/values-ms-television: Cannot utime: Operation not permitted
build	Cache Android SDK	2026-06-06T12:22:57.5564417Z /usr/bin/tar: ../../../../../usr/local/lib/android/sdk/platforms/android-34/data/res/values-ms-television: Cannot change mode to rwxr-xr-x: Operation not permitted
build	Cache Android SDK	2026-06-06T12:22:57.5566846Z /usr/bin/tar: ../../../../../usr/local/lib/android/sdk/platforms/android-34/data/res/values-mcc310-mnc380-hr: Cannot utime: Operation not permitted
build	Cache Android SDK	2026-06-06T12:22:57.5567583Z /usr/bin/tar: ../../../../../usr/local/lib/android/sdk/platforms/android-34/data/res/values-mcc310-mnc380-hr: Cannot change mode to rwxr-xr-x: Operation not permitted
build	Cache Android SDK	2026-06-06T12:22:57.5569950Z /usr/bin/tar: ../../../../../usr/local/lib/android/sdk/platforms/android-34/data/res/values-mcc313-mnc100-es: Cannot utime: Operation not permitted
build	Cache Android SDK	2026-06-06T12:22:57.5570500Z /usr/bin/tar: ../../../../../usr/local/lib/android/sdk/platforms/android-34/data/res/values-mcc313-mnc100-es: Cannot change mode to rwxr-xr-x: Operation not permitted
build	Cache Android SDK	2026-06-06T12:22:57.5572957Z /usr/bin/tar: ../../../../../usr/local/lib/android/sdk/platforms/android-34/data/res/values-mcc310-mnc410-uk: Cannot utime: Operation not permitted
build	Cache Android SDK	2026-06-06T12:22:57.5573414Z /usr/bin/tar: ../../../../../usr/local/lib/android/sdk/platforms/android-34/data/res/values-mcc310-mnc410-uk: Cannot change mode to rwxr-xr-x: Operation not permitted
build	Cache Android SDK	2026-06-06T12:22:57.5575904Z /usr/bin/tar: ../../../../../usr/local/lib/android/sdk/platforms/android-34/data/res/values-mcc310-mnc280-fa: Cannot utime: Operation not permitted
build	Cache Android SDK	2026-06-06T12:22:57.5576371Z /usr/bin/tar: ../../../../../usr/local/lib/android/sdk/platforms/android-34/data/res/values-mcc310-mnc280-fa: Cannot change mode to rwxr-xr-x: Operation not permitted
build	Cache Android SDK	2026-06-06T12:22:57.5579332Z /usr/bin/tar: ../../../../../usr/local/lib/android/sdk/platforms/android-34/data/res/values-mcc302-mnc720-bn: Cannot utime: Operation not permitted
build	Cache Android SDK	2026-06-06T12:22:57.5579795Z /usr/bin/tar: ../../../../../usr/local/lib/android/sdk/platforms/android-34/data/res/values-mcc302-mnc720-bn: Cannot change mode to rwxr-xr-x: Operation not permitted
build	Cache Android SDK	2026-06-06T12:22:57.5582290Z /usr/bin/tar: ../../../../../usr/local/lib/android/sdk/platforms/android-34/data/res/values-mcc262-mnc02: Cannot utime: Operation not permitted
build	Cache Android SDK	2026-06-06T12:22:57.5582747Z /usr/bin/tar: ../../../../../usr/local/lib/android/sdk/platforms/android-34/data/res/values-mcc262-mnc02: Cannot change mode to rwxr-xr-x: Operation not permitted
build	Cache Android SDK	2026-06-06T12:22:57.5588568Z /usr/bin/tar: ../../../../../usr/local/lib/android/sdk/platforms/android-34/data/res/values-mcc310-mnc230-cs: Cannot utime: Operation not permitted
build	Cache Android SDK	2026-06-06T12:22:57.5589036Z /usr/bin/tar: ../../../../../usr/local/lib/android/sdk/platforms/android-34/data/res/values-mcc310-mnc230-cs: Cannot change mode to rwxr-xr-x: Operation not permitted
build	Cache Android SDK	2026-06-06T12:22:57.5591726Z /usr/bin/tar: ../../../../../usr/local/lib/android/sdk/platforms/android-34/data/res/values-mcc310-mnc800-zu: Cannot utime: Operation not permitted
build	Cache Android SDK	2026-06-06T12:22:57.5592186Z /usr/bin/tar: ../../../../../usr/local/lib/android/sdk/platforms/android-34/data/res/values-mcc310-mnc800-zu: Cannot change mode to rwxr-xr-x: Operation not permitted
build	Cache Android SDK	2026-06-06T12:22:57.5599097Z /usr/bin/tar: ../../../../../usr/local/lib/android/sdk/platforms/android-34/data/res/values-fr: Cannot utime: Operation not permitted
build	Cache Android SDK	2026-06-06T12:22:57.5599523Z /usr/bin/tar: ../../../../../usr/local/lib/android/sdk/platforms/android-34/data/res/values-fr: Cannot change mode to rwxr-xr-x: Operation not permitted
build	Cache Android SDK	2026-06-06T12:22:57.5602045Z /usr/bin/tar: ../../../../../usr/local/lib/android/sdk/platforms/android-34/data/res/values-mcc310-mnc380-is: Cannot utime: Operation not permitted
build	Cache Android SDK	2026-06-06T12:22:57.5602597Z /usr/bin/tar: ../../../../../usr/local/lib/android/sdk/platforms/android-34/data/res/values-mcc310-mnc380-is: Cannot change mode to rwxr-xr-x: Operation not permitted
build	Cache Android SDK	2026-06-06T12:22:57.5604970Z /usr/bin/tar: ../../../../../usr/local/lib/android/sdk/platforms/android-34/data/res/values-mcc466-mnc06: Cannot utime: Operation not permitted
build	Cache Android SDK	2026-06-06T12:22:57.5605414Z /usr/bin/tar: ../../../../../usr/local/lib/android/sdk/platforms/android-34/data/res/values-mcc466-mnc06: Cannot change mode to rwxr-xr-x: Operation not permitted
build	Cache Android SDK	2026-06-06T12:22:57.5608004Z /usr/bin/tar: ../../../../../usr/local/lib/android/sdk/platforms/android-34/data/res/values-mcc310-mnc490-uz: Cannot utime: Operation not permitted
build	Cache Android SDK	2026-06-06T12:22:57.5608461Z /usr/bin/tar: ../../../../../usr/local/lib/android/sdk/platforms/android-34/data/res/values-mcc310-mnc490-uz: Cannot change mode to rwxr-xr-x: Operation not permitted
build	Cache Android SDK	2026-06-06T12:22:57.5611580Z /usr/bin/tar: ../../../../../usr/local/lib/android/sdk/platforms/android-34/data/res/values-mcc310-mnc270-ja: Cannot utime: Operation not permitted
build	Cache Android SDK	2026-06-06T12:22:57.5612088Z /usr/bin/tar: ../../../../../usr/local/lib/android/sdk/platforms/android-34/data/res/values-mcc310-mnc270-ja: Cannot change mode to rwxr-xr-x: Operation not permitted
build	Cache Android SDK	2026-06-06T12:22:57.5614202Z /usr/bin/tar: ../../../../../usr/local/lib/android/sdk/platforms/android-34/data/res/values-mcc302-mnc720-hi: Cannot utime: Operation not permitted
build	Cache Android SDK	2026-06-06T12:22:57.5614672Z /usr/bin/tar: ../../../../../usr/local/lib/android/sdk/platforms/android-34/data/res/values-mcc302-mnc720-hi: Cannot change mode to rwxr-xr-x: Operation not permitted
build	Cache Android SDK	2026-06-06T12:22:57.5617064Z /usr/bin/tar: ../../../../../usr/local/lib/android/sdk/platforms/android-34/data/res/values-mcc302-mnc720-bg: Cannot utime: Operation not permitted
build	Cache Android SDK	2026-06-06T12:22:57.5617779Z /usr/bin/tar: ../../../../../usr/local/lib/android/sdk/platforms/android-34/data/res/values-mcc302-mnc720-bg: Cannot change mode to rwxr-xr-x: Operation not permitted
build	Cache Android SDK	2026-06-06T12:22:57.5620170Z /usr/bin/tar: ../../../../../usr/local/lib/android/sdk/platforms/android-34/data/res/values-mcc310-mnc380-af: Cannot utime: Operation not permitted
build	Cache Android SDK	2026-06-06T12:22:57.5620651Z /usr/bin/tar: ../../../../../usr/local/lib/android/sdk/platforms/android-34/data/res/values-mcc310-mnc380-af: Cannot change mode to rwxr-xr-x: Operation not permitted
build	Cache Android SDK	2026-06-06T12:22:57.5623026Z /usr/bin/tar: ../../../../../usr/local/lib/android/sdk/platforms/android-34/data/res/values-mcc001-mnc01-fi: Cannot utime: Operation not permitted
build	Cache Android SDK	2026-06-06T12:22:57.5623497Z /usr/bin/tar: ../../../../../usr/local/lib/android/sdk/platforms/android-34/data/res/values-mcc001-mnc01-fi: Cannot change mode to rwxr-xr-x: Operation not permitted
build	Cache Android SDK	2026-06-06T12:22:57.5626125Z /usr/bin/tar: ../../../../../usr/local/lib/android/sdk/platforms/android-34/data/res/values-mcc310-mnc490-mn: Cannot utime: Operation not permitted
build	Cache Android SDK	2026-06-06T12:22:57.5626621Z /usr/bin/tar: ../../../../../usr/local/lib/android/sdk/platforms/android-34/data/res/values-mcc310-mnc490-mn: Cannot change mode to rwxr-xr-x: Operation not permitted
build	Cache Android SDK	2026-06-06T12:22:57.5629079Z /usr/bin/tar: ../../../../../usr/local/lib/android/sdk/platforms/android-34/data/res/values-mcc310-mnc410-fa: Cannot utime: Operation not permitted
build	Cache Android SDK	2026-06-06T12:22:57.5629557Z /usr/bin/tar: ../../../../../usr/local/lib/android/sdk/platforms/android-34/data/res/values-mcc310-mnc410-fa: Cannot change mode to rwxr-xr-x: Operation not permitted
build	Cache Android SDK	2026-06-06T12:22:57.5632164Z /usr/bin/tar: ../../../../../usr/local/lib/android/sdk/platforms/android-34/data/res/values-mcc310-mnc410-iw: Cannot utime: Operation not permitted
build	Cache Android SDK	2026-06-06T12:22:57.5632690Z /usr/bin/tar: ../../../../../usr/local/lib/android/sdk/platforms/android-34/data/res/values-mcc310-mnc410-iw: Cannot change mode to rwxr-xr-x: Operation not permitted
build	Cache Android SDK	2026-06-06T12:22:57.5635136Z /usr/bin/tar: ../../../../../usr/local/lib/android/sdk/platforms/android-34/data/res/values-mcc310-mnc380-zu: Cannot utime: Operation not permitted
build	Cache Android SDK	2026-06-06T12:22:57.5635786Z /usr/bin/tar: ../../../../../usr/local/lib/android/sdk/platforms/android-34/data/res/values-mcc310-mnc380-zu: Cannot change mode to rwxr-xr-x: Operation not permitted
build	Cache Android SDK	2026-06-06T12:22:57.5641923Z /usr/bin/tar: ../../../../../usr/local/lib/android/sdk/platforms/android-34/data/res/values-iw: Cannot utime: Operation not permitted
build	Cache Android SDK	2026-06-06T12:22:57.5642384Z /usr/bin/tar: ../../../../../usr/local/lib/android/sdk/platforms/android-34/data/res/values-iw: Cannot change mode to rwxr-xr-x: Operation not permitted
build	Cache Android SDK	2026-06-06T12:22:57.5644895Z /usr/bin/tar: ../../../../../usr/local/lib/android/sdk/platforms/android-34/data/res/values-mcc310-mnc150-en-rIN: Cannot utime: Operation not permitted
build	Cache Android SDK	2026-06-06T12:22:57.5645383Z /usr/bin/tar: ../../../../../usr/local/lib/android/sdk/platforms/android-34/data/res/values-mcc310-mnc150-en-rIN: Cannot change mode to rwxr-xr-x: Operation not permitted
build	Cache Android SDK	2026-06-06T12:22:57.5648035Z /usr/bin/tar: ../../../../../usr/local/lib/android/sdk/platforms/android-34/data/res/values-mcc311-mnc180-en-rIN: Cannot utime: Operation not permitted
build	Cache Android SDK	2026-06-06T12:22:57.5648512Z /usr/bin/tar: ../../../../../usr/local/lib/android/sdk/platforms/android-34/data/res/values-mcc311-mnc180-en-rIN: Cannot change mode to rwxr-xr-x: Operation not permitted
build	Cache Android SDK	2026-06-06T12:22:57.5650751Z /usr/bin/tar: ../../../../../usr/local/lib/android/sdk/platforms/android-34/data/res/values-mcc310-mnc800-is: Cannot utime: Operation not permitted
build	Cache Android SDK	2026-06-06T12:22:57.5651210Z /usr/bin/tar: ../../../../../usr/local/lib/android/sdk/platforms/android-34/data/res/values-mcc310-mnc800-is: Cannot change mode to rwxr-xr-x: Operation not permitted
build	Cache Android SDK	2026-06-06T12:22:57.5654459Z /usr/bin/tar: ../../../../../usr/local/lib/android/sdk/platforms/android-34/data/res/values-mcc302-mnc370-mr: Cannot utime: Operation not permitted
build	Cache Android SDK	2026-06-06T12:22:57.5655354Z /usr/bin/tar: ../../../../../usr/local/lib/android/sdk/platforms/android-34/data/res/values-mcc302-mnc370-mr: Cannot change mode to rwxr-xr-x: Operation not permitted
build	Cache Android SDK	2026-06-06T12:22:57.5657793Z /usr/bin/tar: ../../../../../usr/local/lib/android/sdk/platforms/android-34/data/res/values-mcc310-mnc800-ta: Cannot utime: Operation not permitted
build	Cache Android SDK	2026-06-06T12:22:57.5658262Z /usr/bin/tar: ../../../../../usr/local/lib/android/sdk/platforms/android-34/data/res/values-mcc310-mnc800-ta: Cannot change mode to rwxr-xr-x: Operation not permitted
build	Cache Android SDK	2026-06-06T12:22:57.5660673Z /usr/bin/tar: ../../../../../usr/local/lib/android/sdk/platforms/android-34/data/res/values-mcc310-mnc380-mn: Cannot utime: Operation not permitted
build	Cache Android SDK	2026-06-06T12:22:57.5661223Z /usr/bin/tar: ../../../../../usr/local/lib/android/sdk/platforms/android-34/data/res/values-mcc310-mnc380-mn: Cannot change mode to rwxr-xr-x: Operation not permitted
build	Cache Android SDK	2026-06-06T12:22:57.5663982Z /usr/bin/tar: ../../../../../usr/local/lib/android/sdk/platforms/android-34/data/res/values-mcc310-mnc560-ta: Cannot utime: Operation not permitted
build	Cache Android SDK	2026-06-06T12:22:57.5664503Z /usr/bin/tar: ../../../../../usr/local/lib/android/sdk/platforms/android-34/data/res/values-mcc310-mnc560-ta: Cannot change mode to rwxr-xr-x: Operation not permitted
build	Cache Android SDK	2026-06-06T12:22:57.5666941Z /usr/bin/tar: ../../../../../usr/local/lib/android/sdk/platforms/android-34/data/res/values-mcc310-mnc160-el: Cannot utime: Operation not permitted
build	Cache Android SDK	2026-06-06T12:22:57.5667598Z /usr/bin/tar: ../../../../../usr/local/lib/android/sdk/platforms/android-34/data/res/values-mcc310-mnc160-el: Cannot change mode to rwxr-xr-x: Operation not permitted
build	Cache Android SDK	2026-06-06T12:22:57.5670068Z /usr/bin/tar: ../../../../../usr/local/lib/android/sdk/platforms/android-34/data/res/values-mcc310-mnc240-en-rAU: Cannot utime: Operation not permitted
build	Cache Android SDK	2026-06-06T12:22:57.5670604Z /usr/bin/tar: ../../../../../usr/local/lib/android/sdk/platforms/android-34/data/res/values-mcc310-mnc240-en-rAU: Cannot change mode to rwxr-xr-x: Operation not permitted
build	Cache Android SDK	2026-06-06T12:22:57.5673319Z /usr/bin/tar: ../../../../../usr/local/lib/android/sdk/platforms/android-34/data/res/values-mcc310-mnc410-zh-rCN: Cannot utime: Operation not permitted
build	Cache Android SDK	2026-06-06T12:22:57.5674007Z /usr/bin/tar: ../../../../../usr/local/lib/android/sdk/platforms/android-34/data/res/values-mcc310-mnc410-zh-rCN: Cannot change mode to rwxr-xr-x: Operation not permitted
build	Cache Android SDK	2026-06-06T12:22:57.5676249Z /usr/bin/tar: ../../../../../usr/local/lib/android/sdk/platforms/android-34/data/res/values-mcc310-mnc250-lt: Cannot utime: Operation not permitted
build	Cache Android SDK	2026-06-06T12:22:57.5676731Z /usr/bin/tar: ../../../../../usr/local/lib/android/sdk/platforms/android-34/data/res/values-mcc310-mnc250-lt: Cannot change mode to rwxr-xr-x: Operation not permitted
build	Cache Android SDK	2026-06-06T12:22:57.5679311Z /usr/bin/tar: ../../../../../usr/local/lib/android/sdk/platforms/android-34/data/res/values-mcc310-mnc410-ta: Cannot utime: Operation not permitted
build	Cache Android SDK	2026-06-06T12:22:57.5679780Z /usr/bin/tar: ../../../../../usr/local/lib/android/sdk/platforms/android-34/data/res/values-mcc310-mnc410-ta: Cannot change mode to rwxr-xr-x: Operation not permitted
build	Cache Android SDK	2026-06-06T12:22:57.5682394Z /usr/bin/tar: ../../../../../usr/local/lib/android/sdk/platforms/android-34/data/res/values-pt-television: Cannot utime: Operation not permitted
build	Cache Android SDK	2026-06-06T12:22:57.5682886Z /usr/bin/tar: ../../../../../usr/local/lib/android/sdk/platforms/android-34/data/res/values-pt-television: Cannot change mode to rwxr-xr-x: Operation not permitted
build	Cache Android SDK	2026-06-06T12:22:57.5685485Z /usr/bin/tar: ../../../../../usr/local/lib/android/sdk/platforms/android-34/data/res/values-mcc310-mnc220-fr: Cannot utime: Operation not permitted
build	Cache Android SDK	2026-06-06T12:22:57.5686027Z /usr/bin/tar: ../../../../../usr/local/lib/android/sdk/platforms/android-34/data/res/values-mcc310-mnc220-fr: Cannot change mode to rwxr-xr-x: Operation not permitted
build	Cache Android SDK	2026-06-06T12:22:57.5688786Z /usr/bin/tar: ../../../../../usr/local/lib/android/sdk/platforms/android-34/data/res/values-mcc302-mnc370-mk: Cannot utime: Operation not permitted
build	Cache Android SDK	2026-06-06T12:22:57.5689269Z /usr/bin/tar: ../../../../../usr/local/lib/android/sdk/platforms/android-34/data/res/values-mcc302-mnc370-mk: Cannot change mode to rwxr-xr-x: Operation not permitted
build	Cache Android SDK	2026-06-06T12:22:57.5691751Z /usr/bin/tar: ../../../../../usr/local/lib/android/sdk/platforms/android-34/data/res/values-mcc310-mnc410-ne: Cannot utime: Operation not permitted
build	Cache Android SDK	2026-06-06T12:22:57.5692214Z /usr/bin/tar: ../../../../../usr/local/lib/android/sdk/platforms/android-34/data/res/values-mcc310-mnc410-ne: Cannot change mode to rwxr-xr-x: Operation not permitted
build	Cache Android SDK	2026-06-06T12:22:57.5694880Z /usr/bin/tar: ../../../../../usr/local/lib/android/sdk/platforms/android-34/data/res/values-mcc310-mnc200-pa: Cannot utime: Operation not permitted
build	Cache Android SDK	2026-06-06T12:22:57.5695347Z /usr/bin/tar: ../../../../../usr/local/lib/android/sdk/platforms/android-34/data/res/values-mcc310-mnc200-pa: Cannot change mode to rwxr-xr-x: Operation not permitted
build	Cache Android SDK	2026-06-06T12:22:57.5698178Z /usr/bin/tar: ../../../../../usr/local/lib/android/sdk/platforms/android-34/data/res/values-mcc302-mnc370-ms: Cannot utime: Operation not permitted
build	Cache Android SDK	2026-06-06T12:22:57.5698638Z /usr/bin/tar: ../../../../../usr/local/lib/android/sdk/platforms/android-34/data/res/values-mcc302-mnc370-ms: Cannot change mode to rwxr-xr-x: Operation not permitted
build	Cache Android SDK	2026-06-06T12:22:57.5701295Z /usr/bin/tar: ../../../../../usr/local/lib/android/sdk/platforms/android-34/data/res/values-mcc310-mnc220-ro: Cannot utime: Operation not permitted
build	Cache Android SDK	2026-06-06T12:22:57.5701766Z /usr/bin/tar: ../../../../../usr/local/lib/android/sdk/platforms/android-34/data/res/values-mcc310-mnc220-ro: Cannot change mode to rwxr-xr-x: Operation not permitted
build	Cache Android SDK	2026-06-06T12:22:57.5704360Z /usr/bin/tar: ../../../../../usr/local/lib/android/sdk/platforms/android-34/data/res/values-mcc310-mnc280-ms: Cannot utime: Operation not permitted
build	Cache Android SDK	2026-06-06T12:22:57.5704821Z /usr/bin/tar: ../../../../../usr/local/lib/android/sdk/platforms/android-34/data/res/values-mcc310-mnc280-ms: Cannot change mode to rwxr-xr-x: Operation not permitted
build	Cache Android SDK	2026-06-06T12:22:57.5707685Z /usr/bin/tar: ../../../../../usr/local/lib/android/sdk/platforms/android-34/data/res/values-mcc310-mnc170-hr: Cannot utime: Operation not permitted
build	Cache Android SDK	2026-06-06T12:22:57.5708270Z /usr/bin/tar: ../../../../../usr/local/lib/android/sdk/platforms/android-34/data/res/values-mcc310-mnc170-hr: Cannot change mode to rwxr-xr-x: Operation not permitted
build	Cache Android SDK	2026-06-06T12:22:57.5710843Z /usr/bin/tar: ../../../../../usr/local/lib/android/sdk/platforms/android-34/data/res/values-mcc310-mnc030-nb: Cannot utime: Operation not permitted
build	Cache Android SDK	2026-06-06T12:22:57.5712445Z /usr/bin/tar: ../../../../../usr/local/lib/android/sdk/platforms/android-34/data/res/values-mcc310-mnc030-nb: Cannot change mode to rwxr-xr-x: Operation not permitted
build	Cache Android SDK	2026-06-06T12:22:57.5714373Z /usr/bin/tar: ../../../../../usr/local/lib/android/sdk/platforms/android-34/data/res/values-mcc302-mnc780: Cannot utime: Operation not permitted
build	Cache Android SDK	2026-06-06T12:22:57.5716096Z /usr/bin/tar: ../../../../../usr/local/lib/android/sdk/platforms/android-34/data/res/values-mcc302-mnc780: Cannot change mode to rwxr-xr-x: Operation not permitted
build	Cache Android SDK	2026-06-06T12:22:57.5718271Z /usr/bin/tar: ../../../../../usr/local/lib/android/sdk/platforms/android-34/data/res/values-mcc310-mnc560-fr-rCA: Cannot utime: Operation not permitted
build	Cache Android SDK	2026-06-06T12:22:57.5720125Z /usr/bin/tar: ../../../../../usr/local/lib/android/sdk/platforms/android-34/data/res/values-mcc310-mnc560-fr-rCA: Cannot change mode to rwxr-xr-x: Operation not permitted
build	Cache Android SDK	2026-06-06T12:22:57.5722046Z /usr/bin/tar: ../../../../../usr/local/lib/android/sdk/platforms/android-34/data/res/values-mcc310-mnc560-ms: Cannot utime: Operation not permitted
build	Cache Android SDK	2026-06-06T12:22:57.5723777Z /usr/bin/tar: ../../../../../usr/local/lib/android/sdk/platforms/android-34/data/res/values-mcc310-mnc560-ms: Cannot change mode to rwxr-xr-x: Operation not permitted
build	Cache Android SDK	2026-06-06T12:22:57.5725039Z /usr/bin/tar: ../../../../../usr/local/lib/android/sdk/platforms/android-34/data/res/values-mcc311-mnc180-en-rCA: Cannot utime: Operation not permitted
build	Cache Android SDK	2026-06-06T12:22:57.5726309Z /usr/bin/tar: ../../../../../usr/local/lib/android/sdk/platforms/android-34/data/res/values-mcc311-mnc180-en-rCA: Cannot change mode to rwxr-xr-x: Operation not permitted
build	Cache Android SDK	2026-06-06T12:22:57.5727240Z /usr/bin/tar: ../../../../../usr/local/lib/android/sdk/platforms/android-34/data/res/values-hu-television: Cannot utime: Operation not permitted
build	Cache Android SDK	2026-06-06T12:22:57.5728280Z /usr/bin/tar: ../../../../../usr/local/lib/android/sdk/platforms/android-34/data/res/values-hu-television: Cannot change mode to rwxr-xr-x: Operation not permitted
build	Cache Android SDK	2026-06-06T12:22:57.5729603Z /usr/bin/tar: ../../../../../usr/local/lib/android/sdk/platforms/android-34/data/res/values-mcc310-mnc410-ur: Cannot utime: Operation not permitted
build	Cache Android SDK	2026-06-06T12:22:57.5730548Z /usr/bin/tar: ../../../../../usr/local/lib/android/sdk/platforms/android-34/data/res/values-mcc310-mnc410-ur: Cannot change mode to rwxr-xr-x: Operation not permitted
build	Cache Android SDK	2026-06-06T12:22:57.5732737Z /usr/bin/tar: ../../../../../usr/local/lib/android/sdk/platforms/android-34/data/res/values-mcc310-mnc560-si: Cannot utime: Operation not permitted
build	Cache Android SDK	2026-06-06T12:22:57.5733756Z /usr/bin/tar: ../../../../../usr/local/lib/android/sdk/platforms/android-34/data/res/values-mcc310-mnc560-si: Cannot change mode to rwxr-xr-x: Operation not permitted
build	Cache Android SDK	2026-06-06T12:22:57.5735885Z /usr/bin/tar: ../../../../../usr/local/lib/android/sdk/platforms/android-34/data/res/values-mcc001-mnc01-ml: Cannot utime: Operation not permitted
build	Cache Android SDK	2026-06-06T12:22:57.5736797Z /usr/bin/tar: ../../../../../usr/local/lib/android/sdk/platforms/android-34/data/res/values-mcc001-mnc01-ml: Cannot change mode to rwxr-xr-x: Operation not permitted
build	Cache Android SDK	2026-06-06T12:22:57.5739935Z /usr/bin/tar: ../../../../../usr/local/lib/android/sdk/platforms/android-34/data/res/values-mcc310-mnc950-lv: Cannot utime: Operation not permitted
build	Cache Android SDK	2026-06-06T12:22:57.5740879Z /usr/bin/tar: ../../../../../usr/local/lib/android/sdk/platforms/android-34/data/res/values-mcc310-mnc950-lv: Cannot change mode to rwxr-xr-x: Operation not permitted
build	Cache Android SDK	2026-06-06T12:22:57.5742748Z /usr/bin/tar: ../../../../../usr/local/lib/android/sdk/platforms/android-34/data/res/values-mcc310-mnc170-be: Cannot utime: Operation not permitted
build	Cache Android SDK	2026-06-06T12:22:57.5743760Z /usr/bin/tar: ../../../../../usr/local/lib/android/sdk/platforms/android-34/data/res/values-mcc310-mnc170-be: Cannot change mode to rwxr-xr-x: Operation not permitted
build	Cache Android SDK	2026-06-06T12:22:57.5746058Z /usr/bin/tar: ../../../../../usr/local/lib/android/sdk/platforms/android-34/data/res/values-mcc313-mnc100-hr: Cannot utime: Operation not permitted
build	Cache Android SDK	2026-06-06T12:22:57.5747004Z /usr/bin/tar: ../../../../../usr/local/lib/android/sdk/platforms/android-34/data/res/values-mcc313-mnc100-hr: Cannot change mode to rwxr-xr-x: Operation not permitted
build	Cache Android SDK	2026-06-06T12:22:57.5749780Z /usr/bin/tar: ../../../../../usr/local/lib/android/sdk/platforms/android-34/data/res/values-mcc310-mnc380-lv: Cannot utime: Operation not permitted
build	Cache Android SDK	2026-06-06T12:22:57.5750688Z /usr/bin/tar: ../../../../../usr/local/lib/android/sdk/platforms/android-34/data/res/values-mcc310-mnc380-lv: Cannot change mode to rwxr-xr-x: Operation not permitted
build	Cache Android SDK	2026-06-06T12:22:57.5753519Z /usr/bin/tar: ../../../../../usr/local/lib/android/sdk/platforms/android-34/data/res/values-mcc310-mnc030-hi: Cannot utime: Operation not permitted
build	Cache Android SDK	2026-06-06T12:22:57.5754552Z /usr/bin/tar: ../../../../../usr/local/lib/android/sdk/platforms/android-34/data/res/values-mcc310-mnc030-hi: Cannot change mode to rwxr-xr-x: Operation not permitted
build	Cache Android SDK	2026-06-06T12:22:57.5756691Z /usr/bin/tar: ../../../../../usr/local/lib/android/sdk/platforms/android-34/data/res/values-mcc310-mnc560-lv: Cannot utime: Operation not permitted
build	Cache Android SDK	2026-06-06T12:22:57.5757696Z /usr/bin/tar: ../../../../../usr/local/lib/android/sdk/platforms/android-34/data/res/values-mcc310-mnc560-lv: Cannot change mode to rwxr-xr-x: Operation not permitted
build	Cache Android SDK	2026-06-06T12:22:57.5759747Z /usr/bin/tar: ../../../../../usr/local/lib/android/sdk/platforms/android-34/data/res/values-mcc311-mnc180-zh-rTW: Cannot utime: Operation not permitted
build	Cache Android SDK	2026-06-06T12:22:57.5760706Z /usr/bin/tar: ../../../../../usr/local/lib/android/sdk/platforms/android-34/data/res/values-mcc311-mnc180-zh-rTW: Cannot change mode to rwxr-xr-x: Operation not permitted
build	Cache Android SDK	2026-06-06T12:22:57.5763368Z /usr/bin/tar: ../../../../../usr/local/lib/android/sdk/platforms/android-34/data/res/values-mcc310-mnc380-az: Cannot utime: Operation not permitted
build	Cache Android SDK	2026-06-06T12:22:57.5764284Z /usr/bin/tar: ../../../../../usr/local/lib/android/sdk/platforms/android-34/data/res/values-mcc310-mnc380-az: Cannot change mode to rwxr-xr-x: Operation not permitted
build	Cache Android SDK	2026-06-06T12:22:57.5766310Z /usr/bin/tar: ../../../../../usr/local/lib/android/sdk/platforms/android-34/data/res/values-mcc310-mnc030-b+sr+Latn: Cannot utime: Operation not permitted
build	Cache Android SDK	2026-06-06T12:22:57.5767275Z /usr/bin/tar: ../../../../../usr/local/lib/android/sdk/platforms/android-34/data/res/values-mcc310-mnc030-b+sr+Latn: Cannot change mode to rwxr-xr-x: Operation not permitted
build	Cache Android SDK	2026-06-06T12:22:57.5769549Z /usr/bin/tar: ../../../../../usr/local/lib/android/sdk/platforms/android-34/data/res/values-mcc310-mnc200-mn: Cannot utime: Operation not permitted
build	Cache Android SDK	2026-06-06T12:22:57.5770516Z /usr/bin/tar: ../../../../../usr/local/lib/android/sdk/platforms/android-34/data/res/values-mcc310-mnc200-mn: Cannot change mode to rwxr-xr-x: Operation not permitted
build	Cache Android SDK	2026-06-06T12:22:57.5772266Z /usr/bin/tar: ../../../../../usr/local/lib/android/sdk/platforms/android-34/data/res/values-mcc310-mnc230-fa: Cannot utime: Operation not permitted
build	Cache Android SDK	2026-06-06T12:22:57.5773180Z /usr/bin/tar: ../../../../../usr/local/lib/android/sdk/platforms/android-34/data/res/values-mcc310-mnc230-fa: Cannot change mode to rwxr-xr-x: Operation not permitted
build	Cache Android SDK	2026-06-06T12:22:57.5775248Z /usr/bin/tar: ../../../../../usr/local/lib/android/sdk/platforms/android-34/data/res/values-mcc311-mnc180-lo: Cannot utime: Operation not permitted
build	Cache Android SDK	2026-06-06T12:22:57.5776220Z /usr/bin/tar: ../../../../../usr/local/lib/android/sdk/platforms/android-34/data/res/values-mcc311-mnc180-lo: Cannot change mode to rwxr-xr-x: Operation not permitted
build	Cache Android SDK	2026-06-06T12:22:57.5778056Z /usr/bin/tar: ../../../../../usr/local/lib/android/sdk/platforms/android-34/data/res/values-in-watch: Cannot utime: Operation not permitted
build	Cache Android SDK	2026-06-06T12:22:57.5779000Z /usr/bin/tar: ../../../../../usr/local/lib/android/sdk/platforms/android-34/data/res/values-in-watch: Cannot change mode to rwxr-xr-x: Operation not permitted
build	Cache Android SDK	2026-06-06T12:22:57.5781483Z /usr/bin/tar: ../../../../../usr/local/lib/android/sdk/platforms/android-34/data/res/values-mcc001-mnc01-en-rXC: Cannot utime: Operation not permitted
build	Cache Android SDK	2026-06-06T12:22:57.5782535Z /usr/bin/tar: ../../../../../usr/local/lib/android/sdk/platforms/android-34/data/res/values-mcc001-mnc01-en-rXC: Cannot change mode to rwxr-xr-x: Operation not permitted
build	Cache Android SDK	2026-06-06T12:22:57.5784453Z /usr/bin/tar: ../../../../../usr/local/lib/android/sdk/platforms/android-34/data/res/values-mcc310-mnc270-sl: Cannot utime: Operation not permitted
build	Cache Android SDK	2026-06-06T12:22:57.5785457Z /usr/bin/tar: ../../../../../usr/local/lib/android/sdk/platforms/android-34/data/res/values-mcc310-mnc270-sl: Cannot change mode to rwxr-xr-x: Operation not permitted
build	Cache Android SDK	2026-06-06T12:22:57.5788461Z /usr/bin/tar: ../../../../../usr/local/lib/android/sdk/platforms/android-34/data/res/values-mcc312-mnc670-af: Cannot utime: Operation not permitted
build	Cache Android SDK	2026-06-06T12:22:57.5789448Z /usr/bin/tar: ../../../../../usr/local/lib/android/sdk/platforms/android-34/data/res/values-mcc312-mnc670-af: Cannot change mode to rwxr-xr-x: Operation not permitted
build	Cache Android SDK	2026-06-06T12:22:57.5791477Z /usr/bin/tar: ../../../../../usr/local/lib/android/sdk/platforms/android-34/data/res/values-mcc310-mnc950-bn: Cannot utime: Operation not permitted
build	Cache Android SDK	2026-06-06T12:22:57.5792398Z /usr/bin/tar: ../../../../../usr/local/lib/android/sdk/platforms/android-34/data/res/values-mcc310-mnc950-bn: Cannot change mode to rwxr-xr-x: Operation not permitted
build	Cache Android SDK	2026-06-06T12:22:57.5794491Z /usr/bin/tar: ../../../../../usr/local/lib/android/sdk/platforms/android-34/data/res/values-mcc310-mnc580: Cannot utime: Operation not permitted
build	Cache Android SDK	2026-06-06T12:22:57.5795414Z /usr/bin/tar: ../../../../../usr/local/lib/android/sdk/platforms/android-34/data/res/values-mcc310-mnc580: Cannot change mode to rwxr-xr-x: Operation not permitted
build	Cache Android SDK	2026-06-06T12:22:57.5797664Z /usr/bin/tar: ../../../../../usr/local/lib/android/sdk/platforms/android-34/data/res/values-mcc310-mnc200-es-rUS: Cannot utime: Operation not permitted
build	Cache Android SDK	2026-06-06T12:22:57.5798699Z /usr/bin/tar: ../../../../../usr/local/lib/android/sdk/platforms/android-34/data/res/values-mcc310-mnc200-es-rUS: Cannot change mode to rwxr-xr-x: Operation not permitted
build	Cache Android SDK	2026-06-06T12:22:57.5800098Z /usr/bin/tar: ../../../../../usr/local/lib/android/sdk/platforms/android-34/data/res/values-mcc310-mnc800-ms: Cannot utime: Operation not permitted
build	Cache Android SDK	2026-06-06T12:22:57.5801006Z /usr/bin/tar: ../../../../../usr/local/lib/android/sdk/platforms/android-34/data/res/values-mcc310-mnc800-ms: Cannot change mode to rwxr-xr-x: Operation not permitted
build	Cache Android SDK	2026-06-06T12:22:57.5804872Z /usr/bin/tar: ../../../../../usr/local/lib/android/sdk/platforms/android-34/data/res/values-mcc310-mnc200-bs: Cannot utime: Operation not permitted
build	Cache Android SDK	2026-06-06T12:22:57.5805796Z /usr/bin/tar: ../../../../../usr/local/lib/android/sdk/platforms/android-34/data/res/values-mcc310-mnc200-bs: Cannot change mode to rwxr-xr-x: Operation not permitted
build	Cache Android SDK	2026-06-06T12:22:57.5808100Z /usr/bin/tar: ../../../../../usr/local/lib/android/sdk/platforms/android-34/data/res/values-mcc310-mnc280-uz: Cannot utime: Operation not permitted
build	Cache Android SDK	2026-06-06T12:22:57.5809013Z /usr/bin/tar: ../../../../../usr/local/lib/android/sdk/platforms/android-34/data/res/values-mcc310-mnc280-uz: Cannot change mode to rwxr-xr-x: Operation not permitted
build	Cache Android SDK	2026-06-06T12:22:57.5811286Z /usr/bin/tar: ../../../../../usr/local/lib/android/sdk/platforms/android-34/data/res/values-mcc310-mnc230-hr: Cannot utime: Operation not permitted
build	Cache Android SDK	2026-06-06T12:22:57.5812201Z /usr/bin/tar: ../../../../../usr/local/lib/android/sdk/platforms/android-34/data/res/values-mcc310-mnc230-hr: Cannot change mode to rwxr-xr-x: Operation not permitted
build	Cache Android SDK	2026-06-06T12:22:57.5814165Z /usr/bin/tar: ../../../../../usr/local/lib/android/sdk/platforms/android-34/data/res/values-mcc310-mnc240-it: Cannot utime: Operation not permitted
build	Cache Android SDK	2026-06-06T12:22:57.5815127Z /usr/bin/tar: ../../../../../usr/local/lib/android/sdk/platforms/android-34/data/res/values-mcc310-mnc240-it: Cannot change mode to rwxr-xr-x: Operation not permitted
build	Cache Android SDK	2026-06-06T12:22:57.5817059Z /usr/bin/tar: ../../../../../usr/local/lib/android/sdk/platforms/android-34/data/res/values-mcc440: Cannot utime: Operation not permitted
build	Cache Android SDK	2026-06-06T12:22:57.5818024Z /usr/bin/tar: ../../../../../usr/local/lib/android/sdk/platforms/android-34/data/res/values-mcc440: Cannot change mode to rwxr-xr-x: Operation not permitted
build	Cache Android SDK	2026-06-06T12:22:57.5819848Z /usr/bin/tar: ../../../../../usr/local/lib/android/sdk/platforms/android-34/data/res/values-mcc310-mnc310-es: Cannot utime: Operation not permitted
build	Cache Android SDK	2026-06-06T12:22:57.5820825Z /usr/bin/tar: ../../../../../usr/local/lib/android/sdk/platforms/android-34/data/res/values-mcc310-mnc310-es: Cannot change mode to rwxr-xr-x: Operation not permitted
build	Cache Android SDK	2026-06-06T12:22:57.5823006Z /usr/bin/tar: ../../../../../usr/local/lib/android/sdk/platforms/android-34/data/res/values-mcc310-mnc560-cs: Cannot utime: Operation not permitted
build	Cache Android SDK	2026-06-06T12:22:57.5824470Z /usr/bin/tar: ../../../../../usr/local/lib/android/sdk/platforms/android-34/data/res/values-mcc310-mnc560-cs: Cannot change mode to rwxr-xr-x: Operation not permitted
build	Cache Android SDK	2026-06-06T12:22:57.5826235Z /usr/bin/tar: ../../../../../usr/local/lib/android/sdk/platforms/android-34/data/res/values-mcc310-mnc160-ky: Cannot utime: Operation not permitted
build	Cache Android SDK	2026-06-06T12:22:57.5827627Z /usr/bin/tar: ../../../../../usr/local/lib/android/sdk/platforms/android-34/data/res/values-mcc310-mnc160-ky: Cannot change mode to rwxr-xr-x: Operation not permitted
build	Cache Android SDK	2026-06-06T12:22:57.5829067Z /usr/bin/tar: ../../../../../usr/local/lib/android/sdk/platforms/android-34/data/res/values-mcc310-mnc270-mk: Cannot utime: Operation not permitted
build	Cache Android SDK	2026-06-06T12:22:57.5830020Z /usr/bin/tar: ../../../../../usr/local/lib/android/sdk/platforms/android-34/data/res/values-mcc310-mnc270-mk: Cannot change mode to rwxr-xr-x: Operation not permitted
build	Cache Android SDK	2026-06-06T12:22:57.5832731Z /usr/bin/tar: ../../../../../usr/local/lib/android/sdk/platforms/android-34/data/res/values-et-watch: Cannot utime: Operation not permitted
build	Cache Android SDK	2026-06-06T12:22:57.5833649Z /usr/bin/tar: ../../../../../usr/local/lib/android/sdk/platforms/android-34/data/res/values-et-watch: Cannot change mode to rwxr-xr-x: Operation not permitted
build	Cache Android SDK	2026-06-06T12:22:57.5835630Z /usr/bin/tar: ../../../../../usr/local/lib/android/sdk/platforms/android-34/data/res/values-mcc310-mnc800-da: Cannot utime: Operation not permitted
build	Cache Android SDK	2026-06-06T12:22:57.5836547Z /usr/bin/tar: ../../../../../usr/local/lib/android/sdk/platforms/android-34/data/res/values-mcc310-mnc800-da: Cannot change mode to rwxr-xr-x: Operation not permitted
build	Cache Android SDK	2026-06-06T12:22:57.5838872Z /usr/bin/tar: ../../../../../usr/local/lib/android/sdk/platforms/android-34/data/res/values-mcc310-mnc310-sq: Cannot utime: Operation not permitted
build	Cache Android SDK	2026-06-06T12:22:57.5839795Z /usr/bin/tar: ../../../../../usr/local/lib/android/sdk/platforms/android-34/data/res/values-mcc310-mnc310-sq: Cannot change mode to rwxr-xr-x: Operation not permitted
build	Cache Android SDK	2026-06-06T12:22:57.5842537Z /usr/bin/tar: ../../../../../usr/local/lib/android/sdk/platforms/android-34/data/res/values-mcc310-mnc310-my: Cannot utime: Operation not permitted
build	Cache Android SDK	2026-06-06T12:22:57.5843445Z /usr/bin/tar: ../../../../../usr/local/lib/android/sdk/platforms/android-34/data/res/values-mcc310-mnc310-my: Cannot change mode to rwxr-xr-x: Operation not permitted
build	Cache Android SDK	2026-06-06T12:22:57.5845888Z /usr/bin/tar: ../../../../../usr/local/lib/android/sdk/platforms/android-34/data/res/values-mcc311-mnc180-be: Cannot utime: Operation not permitted
build	Cache Android SDK	2026-06-06T12:22:57.5846804Z /usr/bin/tar: ../../../../../usr/local/lib/android/sdk/platforms/android-34/data/res/values-mcc311-mnc180-be: Cannot change mode to rwxr-xr-x: Operation not permitted
build	Cache Android SDK	2026-06-06T12:22:57.5849062Z /usr/bin/tar: ../../../../../usr/local/lib/android/sdk/platforms/android-34/data/res/values-mcc310-mnc490-zu: Cannot utime: Operation not permitted
build	Cache Android SDK	2026-06-06T12:22:57.5850044Z /usr/bin/tar: ../../../../../usr/local/lib/android/sdk/platforms/android-34/data/res/values-mcc310-mnc490-zu: Cannot change mode to rwxr-xr-x: Operation not permitted
build	Cache Android SDK	2026-06-06T12:22:57.5852122Z /usr/bin/tar: ../../../../../usr/local/lib/android/sdk/platforms/android-34/data/res/values-mcc310-mnc410-am: Cannot utime: Operation not permitted
build	Cache Android SDK	2026-06-06T12:22:57.5853044Z /usr/bin/tar: ../../../../../usr/local/lib/android/sdk/platforms/android-34/data/res/values-mcc310-mnc410-am: Cannot change mode to rwxr-xr-x: Operation not permitted
build	Cache Android SDK	2026-06-06T12:22:57.5855332Z /usr/bin/tar: ../../../../../usr/local/lib/android/sdk/platforms/android-34/data/res/values-mcc310-mnc950-hr: Cannot utime: Operation not permitted
build	Cache Android SDK	2026-06-06T12:22:57.5856249Z /usr/bin/tar: ../../../../../usr/local/lib/android/sdk/platforms/android-34/data/res/values-mcc310-mnc950-hr: Cannot change mode to rwxr-xr-x: Operation not permitted
build	Cache Android SDK	2026-06-06T12:22:57.5858948Z /usr/bin/tar: ../../../../../usr/local/lib/android/sdk/platforms/android-34/data/res/values-mcc716-mnc10: Cannot utime: Operation not permitted
build	Cache Android SDK	2026-06-06T12:22:57.5859856Z /usr/bin/tar: ../../../../../usr/local/lib/android/sdk/platforms/android-34/data/res/values-mcc716-mnc10: Cannot change mode to rwxr-xr-x: Operation not permitted
build	Cache Android SDK	2026-06-06T12:22:57.5861996Z /usr/bin/tar: ../../../../../usr/local/lib/android/sdk/platforms/android-34/data/res/values-mcc310-mnc280-hr: Cannot utime: Operation not permitted
build	Cache Android SDK	2026-06-06T12:22:57.5862914Z /usr/bin/tar: ../../../../../usr/local/lib/android/sdk/platforms/android-34/data/res/values-mcc310-mnc280-hr: Cannot change mode to rwxr-xr-x: Operation not permitted
build	Cache Android SDK	2026-06-06T12:22:57.5864827Z /usr/bin/tar: ../../../../../usr/local/lib/android/sdk/platforms/android-34/data/res/values-mcc310-mnc490-zh-rCN: Cannot utime: Operation not permitted
build	Cache Android SDK	2026-06-06T12:22:57.5865781Z /usr/bin/tar: ../../../../../usr/local/lib/android/sdk/platforms/android-34/data/res/values-mcc310-mnc490-zh-rCN: Cannot change mode to rwxr-xr-x: Operation not permitted
build	Cache Android SDK	2026-06-06T12:22:57.5869562Z /usr/bin/tar: ../../../../../usr/local/lib/android/sdk/platforms/android-34/data/res/values-mcc001-mnc01-hi: Cannot utime: Operation not permitted
build	Cache Android SDK	2026-06-06T12:22:57.5870497Z /usr/bin/tar: ../../../../../usr/local/lib/android/sdk/platforms/android-34/data/res/values-mcc001-mnc01-hi: Cannot change mode to rwxr-xr-x: Operation not permitted
build	Cache Android SDK	2026-06-06T12:22:57.5871632Z /usr/bin/tar: ../../../../../usr/local/lib/android/sdk/platforms/android-34/data/res/values-mcc310-mnc220-ne: Cannot utime: Operation not permitted
build	Cache Android SDK	2026-06-06T12:22:57.5872533Z /usr/bin/tar: ../../../../../usr/local/lib/android/sdk/platforms/android-34/data/res/values-mcc310-mnc220-ne: Cannot change mode to rwxr-xr-x: Operation not permitted
build	Cache Android SDK	2026-06-06T12:22:57.5874786Z /usr/bin/tar: ../../../../../usr/local/lib/android/sdk/platforms/android-34/data/res/values-de-rAT: Cannot utime: Operation not permitted
build	Cache Android SDK	2026-06-06T12:22:57.5875666Z /usr/bin/tar: ../../../../../usr/local/lib/android/sdk/platforms/android-34/data/res/values-de-rAT: Cannot change mode to rwxr-xr-x: Operation not permitted
build	Cache Android SDK	2026-06-06T12:22:57.5878226Z /usr/bin/tar: ../../../../../usr/local/lib/android/sdk/platforms/android-34/data/res/values-mcc310-mnc030-es: Cannot utime: Operation not permitted
build	Cache Android SDK	2026-06-06T12:22:57.5879165Z /usr/bin/tar: ../../../../../usr/local/lib/android/sdk/platforms/android-34/data/res/values-mcc310-mnc030-es: Cannot change mode to rwxr-xr-x: Operation not permitted
build	Cache Android SDK	2026-06-06T12:22:57.5881472Z /usr/bin/tar: ../../../../../usr/local/lib/android/sdk/platforms/android-34/data/res/values-mcc001-mnc01-es: Cannot utime: Operation not permitted
build	Cache Android SDK	2026-06-06T12:22:57.5882396Z /usr/bin/tar: ../../../../../usr/local/lib/android/sdk/platforms/android-34/data/res/values-mcc001-mnc01-es: Cannot change mode to rwxr-xr-x: Operation not permitted
build	Cache Android SDK	2026-06-06T12:22:57.5884540Z /usr/bin/tar: ../../../../../usr/local/lib/android/sdk/platforms/android-34/data/res/values-mcc310-mnc270-el: Cannot utime: Operation not permitted
build	Cache Android SDK	2026-06-06T12:22:57.5885624Z /usr/bin/tar: ../../../../../usr/local/lib/android/sdk/platforms/android-34/data/res/values-mcc310-mnc270-el: Cannot change mode to rwxr-xr-x: Operation not permitted
build	Cache Android SDK	2026-06-06T12:22:57.5887989Z /usr/bin/tar: ../../../../../usr/local/lib/android/sdk/platforms/android-34/data/res/values-mcc310-mnc410-en-rIN: Cannot utime: Operation not permitted
build	Cache Android SDK	2026-06-06T12:22:57.5888997Z /usr/bin/tar: ../../../../../usr/local/lib/android/sdk/platforms/android-34/data/res/values-mcc310-mnc410-en-rIN: Cannot change mode to rwxr-xr-x: Operation not permitted
build	Cache Android SDK	2026-06-06T12:22:57.5890695Z /usr/bin/tar: ../../../../../usr/local/lib/android/sdk/platforms/android-34/data/res/values-mcc311-mnc180-tl: Cannot utime: Operation not permitted
build	Cache Android SDK	2026-06-06T12:22:57.5891672Z /usr/bin/tar: ../../../../../usr/local/lib/android/sdk/platforms/android-34/data/res/values-mcc311-mnc180-tl: Cannot change mode to rwxr-xr-x: Operation not permitted
build	Cache Android SDK	2026-06-06T12:22:57.5893684Z /usr/bin/tar: ../../../../../usr/local/lib/android/sdk/platforms/android-34/data/res/values-mcc310-mnc210-en-rIN: Cannot utime: Operation not permitted
build	Cache Android SDK	2026-06-06T12:22:57.5894654Z /usr/bin/tar: ../../../../../usr/local/lib/android/sdk/platforms/android-34/data/res/values-mcc310-mnc210-en-rIN: Cannot change mode to rwxr-xr-x: Operation not permitted
build	Cache Android SDK	2026-06-06T12:22:57.5896752Z /usr/bin/tar: ../../../../../usr/local/lib/android/sdk/platforms/android-34/data/res/values-mcc312-mnc670-kn: Cannot utime: Operation not permitted
build	Cache Android SDK	2026-06-06T12:22:57.5897786Z /usr/bin/tar: ../../../../../usr/local/lib/android/sdk/platforms/android-34/data/res/values-mcc312-mnc670-kn: Cannot change mode to rwxr-xr-x: Operation not permitted
build	Cache Android SDK	2026-06-06T12:22:57.5899732Z /usr/bin/tar: ../../../../../usr/local/lib/android/sdk/platforms/android-34/data/res/values-ro-television: Cannot utime: Operation not permitted
build	Cache Android SDK	2026-06-06T12:22:57.5900657Z /usr/bin/tar: ../../../../../usr/local/lib/android/sdk/platforms/android-34/data/res/values-ro-television: Cannot change mode to rwxr-xr-x: Operation not permitted
build	Cache Android SDK	2026-06-06T12:22:57.5902838Z /usr/bin/tar: ../../../../../usr/local/lib/android/sdk/platforms/android-34/data/res/values-mcc310-mnc210-pt-rPT: Cannot utime: Operation not permitted
build	Cache Android SDK	2026-06-06T12:22:57.5903795Z /usr/bin/tar: ../../../../../usr/local/lib/android/sdk/platforms/android-34/data/res/values-mcc310-mnc210-pt-rPT: Cannot change mode to rwxr-xr-x: Operation not permitted
build	Cache Android SDK	2026-06-06T12:22:57.5906216Z /usr/bin/tar: ../../../../../usr/local/lib/android/sdk/platforms/android-34/data/res/values-vi-rVN: Cannot utime: Operation not permitted
build	Cache Android SDK	2026-06-06T12:22:57.5907080Z /usr/bin/tar: ../../../../../usr/local/lib/android/sdk/platforms/android-34/data/res/values-vi-rVN: Cannot change mode to rwxr-xr-x: Operation not permitted
build	Cache Android SDK	2026-06-06T12:22:57.5909685Z /usr/bin/tar: ../../../../../usr/local/lib/android/sdk/platforms/android-34/data/res/values-mcc302-mnc720-el: Cannot utime: Operation not permitted
build	Cache Android SDK	2026-06-06T12:22:57.5910650Z /usr/bin/tar: ../../../../../usr/local/lib/android/sdk/platforms/android-34/data/res/values-mcc302-mnc720-el: Cannot change mode to rwxr-xr-x: Operation not permitted
build	Cache Android SDK	2026-06-06T12:22:57.5912659Z /usr/bin/tar: ../../../../../usr/local/lib/android/sdk/platforms/android-34/data/res/values-mcc310-mnc270-sw: Cannot utime: Operation not permitted
build	Cache Android SDK	2026-06-06T12:22:57.5913579Z /usr/bin/tar: ../../../../../usr/local/lib/android/sdk/platforms/android-34/data/res/values-mcc310-mnc270-sw: Cannot change mode to rwxr-xr-x: Operation not permitted
build	Cache Android SDK	2026-06-06T12:22:57.5919294Z /usr/bin/tar: ../../../../../usr/local/lib/android/sdk/platforms/android-34/data/res/values-pt-rPT: Cannot utime: Operation not permitted
build	Cache Android SDK	2026-06-06T12:22:57.5920912Z /usr/bin/tar: ../../../../../usr/local/lib/android/sdk/platforms/android-34/data/res/values-pt-rPT: Cannot change mode to rwxr-xr-x: Operation not permitted
build	Cache Android SDK	2026-06-06T12:22:57.5922936Z /usr/bin/tar: ../../../../../usr/local/lib/android/sdk/platforms/android-34/data/res/values-mcc334-mnc020-sv: Cannot utime: Operation not permitted
build	Cache Android SDK	2026-06-06T12:22:57.5923989Z /usr/bin/tar: ../../../../../usr/local/lib/android/sdk/platforms/android-34/data/res/values-mcc334-mnc020-sv: Cannot change mode to rwxr-xr-x: Operation not permitted
build	Cache Android SDK	2026-06-06T12:22:57.5926290Z /usr/bin/tar: ../../../../../usr/local/lib/android/sdk/platforms/android-34/data/res/values-mcc530-mnc05: Cannot utime: Operation not permitted
build	Cache Android SDK	2026-06-06T12:22:57.5927203Z /usr/bin/tar: ../../../../../usr/local/lib/android/sdk/platforms/android-34/data/res/values-mcc530-mnc05: Cannot change mode to rwxr-xr-x: Operation not permitted
build	Cache Android SDK	2026-06-06T12:22:57.5929502Z /usr/bin/tar: ../../../../../usr/local/lib/android/sdk/platforms/android-34/data/res/values-mcc310-mnc030-uk: Cannot utime: Operation not permitted
build	Cache Android SDK	2026-06-06T12:22:57.5930434Z /usr/bin/tar: ../../../../../usr/local/lib/android/sdk/platforms/android-34/data/res/values-mcc310-mnc030-uk: Cannot change mode to rwxr-xr-x: Operation not permitted
build	Cache Android SDK	2026-06-06T12:22:57.5933101Z /usr/bin/tar: ../../../../../usr/local/lib/android/sdk/platforms/android-34/data/res/values-mcc310-mnc030-hy: Cannot utime: Operation not permitted
build	Cache Android SDK	2026-06-06T12:22:57.5934037Z /usr/bin/tar: ../../../../../usr/local/lib/android/sdk/platforms/android-34/data/res/values-mcc310-mnc030-hy: Cannot change mode to rwxr-xr-x: Operation not permitted
build	Cache Android SDK	2026-06-06T12:22:57.5936002Z /usr/bin/tar: ../../../../../usr/local/lib/android/sdk/platforms/android-34/data/res/values-mcc310-mnc950-kk: Cannot utime: Operation not permitted
build	Cache Android SDK	2026-06-06T12:22:57.5936923Z /usr/bin/tar: ../../../../../usr/local/lib/android/sdk/platforms/android-34/data/res/values-mcc310-mnc950-kk: Cannot change mode to rwxr-xr-x: Operation not permitted
build	Cache Android SDK	2026-06-06T12:22:57.5939507Z /usr/bin/tar: ../../../../../usr/local/lib/android/sdk/platforms/android-34/data/res/values-mcc310-mnc170-ne: Cannot utime: Operation not permitted
build	Cache Android SDK	2026-06-06T12:22:57.5940445Z /usr/bin/tar: ../../../../../usr/local/lib/android/sdk/platforms/android-34/data/res/values-mcc310-mnc170-ne: Cannot change mode to rwxr-xr-x: Operation not permitted
build	Cache Android SDK	2026-06-06T12:22:57.5942448Z /usr/bin/tar: ../../../../../usr/local/lib/android/sdk/platforms/android-34/data/res/values-mcc310-mnc150-lt: Cannot utime: Operation not permitted
build	Cache Android SDK	2026-06-06T12:22:57.5943389Z /usr/bin/tar: ../../../../../usr/local/lib/android/sdk/platforms/android-34/data/res/values-mcc310-mnc150-lt: Cannot change mode to rwxr-xr-x: Operation not permitted
build	Cache Android SDK	2026-06-06T12:22:57.5945944Z /usr/bin/tar: ../../../../../usr/local/lib/android/sdk/platforms/android-34/data/res/values-mcc310-mnc240-iw: Cannot utime: Operation not permitted
build	Cache Android SDK	2026-06-06T12:22:57.5946901Z /usr/bin/tar: ../../../../../usr/local/lib/android/sdk/platforms/android-34/data/res/values-mcc310-mnc240-iw: Cannot change mode to rwxr-xr-x: Operation not permitted
build	Cache Android SDK	2026-06-06T12:22:57.5948768Z /usr/bin/tar: ../../../../../usr/local/lib/android/sdk/platforms/android-34/data/res/values-mcc310-mnc240-sr: Cannot utime: Operation not permitted
build	Cache Android SDK	2026-06-06T12:22:57.5949698Z /usr/bin/tar: ../../../../../usr/local/lib/android/sdk/platforms/android-34/data/res/values-mcc310-mnc240-sr: Cannot change mode to rwxr-xr-x: Operation not permitted
build	Cache Android SDK	2026-06-06T12:22:57.5952182Z /usr/bin/tar: ../../../../../usr/local/lib/android/sdk/platforms/android-34/data/res/values-w240dp: Cannot utime: Operation not permitted
build	Cache Android SDK	2026-06-06T12:22:57.5953120Z /usr/bin/tar: ../../../../../usr/local/lib/android/sdk/platforms/android-34/data/res/values-w240dp: Cannot change mode to rwxr-xr-x: Operation not permitted
build	Cache Android SDK	2026-06-06T12:22:57.5955416Z /usr/bin/tar: ../../../../../usr/local/lib/android/sdk/platforms/android-34/data/res/values-mcc310-mnc240-zh-rCN: Cannot utime: Operation not permitted
build	Cache Android SDK	2026-06-06T12:22:57.5956391Z /usr/bin/tar: ../../../../../usr/local/lib/android/sdk/platforms/android-34/data/res/values-mcc310-mnc240-zh-rCN: Cannot change mode to rwxr-xr-x: Operation not permitted
build	Cache Android SDK	2026-06-06T12:22:57.5958887Z /usr/bin/tar: ../../../../../usr/local/lib/android/sdk/platforms/android-34/data/res/values-mcc310-mnc380-tr: Cannot utime: Operation not permitted
build	Cache Android SDK	2026-06-06T12:22:57.5959910Z /usr/bin/tar: ../../../../../usr/local/lib/android/sdk/platforms/android-34/data/res/values-mcc310-mnc380-tr: Cannot change mode to rwxr-xr-x: Operation not permitted
build	Cache Android SDK	2026-06-06T12:22:57.5961908Z /usr/bin/tar: ../../../../../usr/local/lib/android/sdk/platforms/android-34/data/res/values-mcc310-mnc250-nb: Cannot utime: Operation not permitted
build	Cache Android SDK	2026-06-06T12:22:57.5962822Z /usr/bin/tar: ../../../../../usr/local/lib/android/sdk/platforms/android-34/data/res/values-mcc310-mnc250-nb: Cannot change mode to rwxr-xr-x: Operation not permitted
build	Cache Android SDK	2026-06-06T12:22:57.5965694Z /usr/bin/tar: ../../../../../usr/local/lib/android/sdk/platforms/android-34/data/res/drawable-en-ldpi: Cannot utime: Operation not permitted
build	Cache Android SDK	2026-06-06T12:22:57.5966583Z /usr/bin/tar: ../../../../../usr/local/lib/android/sdk/platforms/android-34/data/res/drawable-en-ldpi: Cannot change mode to rwxr-xr-x: Operation not permitted
build	Cache Android SDK	2026-06-06T12:22:57.5968595Z /usr/bin/tar: ../../../../../usr/local/lib/android/sdk/platforms/android-34/data/res/values-mcc334-mnc020-gl: Cannot utime: Operation not permitted
build	Cache Android SDK	2026-06-06T12:22:57.5969542Z /usr/bin/tar: ../../../../../usr/local/lib/android/sdk/platforms/android-34/data/res/values-mcc334-mnc020-gl: Cannot change mode to rwxr-xr-x: Operation not permitted
build	Cache Android SDK	2026-06-06T12:22:57.5971957Z /usr/bin/tar: ../../../../../usr/local/lib/android/sdk/platforms/android-34/data/res/values-mcc310-mnc170-fr: Cannot utime: Operation not permitted
build	Cache Android SDK	2026-06-06T12:22:57.5972892Z /usr/bin/tar: ../../../../../usr/local/lib/android/sdk/platforms/android-34/data/res/values-mcc310-mnc170-fr: Cannot change mode to rwxr-xr-x: Operation not permitted
build	Cache Android SDK	2026-06-06T12:22:57.5975299Z /usr/bin/tar: ../../../../../usr/local/lib/android/sdk/platforms/android-34/data/res/values-mcc310-mnc280-eu: Cannot utime: Operation not permitted
build	Cache Android SDK	2026-06-06T12:22:57.5976238Z /usr/bin/tar: ../../../../../usr/local/lib/android/sdk/platforms/android-34/data/res/values-mcc310-mnc280-eu: Cannot change mode to rwxr-xr-x: Operation not permitted
build	Cache Android SDK	2026-06-06T12:22:57.5978165Z /usr/bin/tar: ../../../../../usr/local/lib/android/sdk/platforms/android-34/data/res/values-mcc310-mnc270-si: Cannot utime: Operation not permitted
build	Cache Android SDK	2026-06-06T12:22:57.5979094Z /usr/bin/tar: ../../../../../usr/local/lib/android/sdk/platforms/android-34/data/res/values-mcc310-mnc270-si: Cannot change mode to rwxr-xr-x: Operation not permitted
build	Cache Android SDK	2026-06-06T12:22:57.5981419Z /usr/bin/tar: ../../../../../usr/local/lib/android/sdk/platforms/android-34/data/res/values-mcc310-mnc380-my: Cannot utime: Operation not permitted
build	Cache Android SDK	2026-06-06T12:22:57.5982351Z /usr/bin/tar: ../../../../../usr/local/lib/android/sdk/platforms/android-34/data/res/values-mcc310-mnc380-my: Cannot change mode to rwxr-xr-x: Operation not permitted
build	Cache Android SDK	2026-06-06T12:22:57.5984519Z /usr/bin/tar: ../../../../../usr/local/lib/android/sdk/platforms/android-34/data/res/values-mcc311-mnc180-fi: Cannot utime: Operation not permitted
build	Cache Android SDK	2026-06-06T12:22:57.5985452Z /usr/bin/tar: ../../../../../usr/local/lib/android/sdk/platforms/android-34/data/res/values-mcc311-mnc180-fi: Cannot change mode to rwxr-xr-x: Operation not permitted
build	Cache Android SDK	2026-06-06T12:22:57.5987892Z /usr/bin/tar: ../../../../../usr/local/lib/android/sdk/platforms/android-34/data/res/values-mcc310-mnc150-el: Cannot utime: Operation not permitted
build	Cache Android SDK	2026-06-06T12:22:57.5988833Z /usr/bin/tar: ../../../../../usr/local/lib/android/sdk/platforms/android-34/data/res/values-mcc310-mnc150-el: Cannot change mode to rwxr-xr-x: Operation not permitted
build	Cache Android SDK	2026-06-06T12:22:57.5991515Z /usr/bin/tar: ../../../../../usr/local/lib/android/sdk/platforms/android-34/data/res/values-ldrtl-television: Cannot utime: Operation not permitted
build	Cache Android SDK	2026-06-06T12:22:57.5992481Z /usr/bin/tar: ../../../../../usr/local/lib/android/sdk/platforms/android-34/data/res/values-ldrtl-television: Cannot change mode to rwxr-xr-x: Operation not permitted
build	Cache Android SDK	2026-06-06T12:22:57.5995092Z /usr/bin/tar: ../../../../../usr/local/lib/android/sdk/platforms/android-34/data/res/values-nb-watch: Cannot utime: Operation not permitted
build	Cache Android SDK	2026-06-06T12:22:57.5996078Z /usr/bin/tar: ../../../../../usr/local/lib/android/sdk/platforms/android-34/data/res/values-nb-watch: Cannot change mode to rwxr-xr-x: Operation not permitted
build	Cache Android SDK	2026-06-06T12:22:57.5998576Z /usr/bin/tar: ../../../../../usr/local/lib/android/sdk/platforms/android-34/data/res/values-mcc310-mnc490: Cannot utime: Operation not permitted
build	Cache Android SDK	2026-06-06T12:22:57.5999491Z /usr/bin/tar: ../../../../../usr/local/lib/android/sdk/platforms/android-34/data/res/values-mcc310-mnc490: Cannot change mode to rwxr-xr-x: Operation not permitted
build	Cache Android SDK	2026-06-06T12:22:57.6001847Z /usr/bin/tar: ../../../../../usr/local/lib/android/sdk/platforms/android-34/data/res/values-mcc310-mnc230-gu: Cannot utime: Operation not permitted
build	Cache Android SDK	2026-06-06T12:22:57.6002787Z /usr/bin/tar: ../../../../../usr/local/lib/android/sdk/platforms/android-34/data/res/values-mcc310-mnc230-gu: Cannot change mode to rwxr-xr-x: Operation not permitted
build	Cache Android SDK	2026-06-06T12:22:57.6004752Z /usr/bin/tar: ../../../../../usr/local/lib/android/sdk/platforms/android-34/data/res/values-mcc310-mnc230-lv: Cannot utime: Operation not permitted
build	Cache Android SDK	2026-06-06T12:22:57.6005691Z /usr/bin/tar: ../../../../../usr/local/lib/android/sdk/platforms/android-34/data/res/values-mcc310-mnc230-lv: Cannot change mode to rwxr-xr-x: Operation not permitted
build	Cache Android SDK	2026-06-06T12:22:57.6008008Z /usr/bin/tar: ../../../../../usr/local/lib/android/sdk/platforms/android-34/data/res/values-mcc310-mnc410-bs: Cannot utime: Operation not permitted
build	Cache Android SDK	2026-06-06T12:22:57.6008945Z /usr/bin/tar: ../../../../../usr/local/lib/android/sdk/platforms/android-34/data/res/values-mcc310-mnc410-bs: Cannot change mode to rwxr-xr-x: Operation not permitted
build	Cache Android SDK	2026-06-06T12:22:57.6011533Z /usr/bin/tar: ../../../../../usr/local/lib/android/sdk/platforms/android-34/data/res/values-mcc302-mnc370-pt: Cannot utime: Operation not permitted
build	Cache Android SDK	2026-06-06T12:22:57.6012463Z /usr/bin/tar: ../../../../../usr/local/lib/android/sdk/platforms/android-34/data/res/values-mcc302-mnc370-pt: Cannot change mode to rwxr-xr-x: Operation not permitted
build	Cache Android SDK	2026-06-06T12:22:57.6014784Z /usr/bin/tar: ../../../../../usr/local/lib/android/sdk/platforms/android-34/data/res/raw-ja: Cannot utime: Operation not permitted
build	Cache Android SDK	2026-06-06T12:22:57.6015612Z /usr/bin/tar: ../../../../../usr/local/lib/android/sdk/platforms/android-34/data/res/raw-ja: Cannot change mode to rwxr-xr-x: Operation not permitted
build	Cache Android SDK	2026-06-06T12:22:57.6018819Z /usr/bin/tar: ../../../../../usr/local/lib/android/sdk/platforms/android-34/data/res/values-mcc310-mnc270-ne: Cannot utime: Operation not permitted
build	Cache Android SDK	2026-06-06T12:22:57.6020065Z /usr/bin/tar: ../../../../../usr/local/lib/android/sdk/platforms/android-34/data/res/values-mcc310-mnc270-ne: Cannot change mode to rwxr-xr-x: Operation not permitted
build	Cache Android SDK	2026-06-06T12:22:57.6021837Z /usr/bin/tar: ../../../../../usr/local/lib/android/sdk/platforms/android-34/data/res/values-mcc310-mnc150-sl: Cannot utime: Operation not permitted
build	Cache Android SDK	2026-06-06T12:22:57.6023015Z /usr/bin/tar: ../../../../../usr/local/lib/android/sdk/platforms/android-34/data/res/values-mcc310-mnc150-sl: Cannot change mode to rwxr-xr-x: Operation not permitted
build	Cache Android SDK	2026-06-06T12:22:57.6024535Z /usr/bin/tar: ../../../../../usr/local/lib/android/sdk/platforms/android-34/data/res/values-mcc310-mnc380-de: Cannot utime: Operation not permitted
build	Cache Android SDK	2026-06-06T12:22:57.6025449Z /usr/bin/tar: ../../../../../usr/local/lib/android/sdk/platforms/android-34/data/res/values-mcc310-mnc380-de: Cannot change mode to rwxr-xr-x: Operation not permitted
build	Cache Android SDK	2026-06-06T12:22:57.6028328Z /usr/bin/tar: ../../../../../usr/local/lib/android/sdk/platforms/android-34/data/res/values-mcc310-mnc950-hu: Cannot utime: Operation not permitted
build	Cache Android SDK	2026-06-06T12:22:57.6029255Z /usr/bin/tar: ../../../../../usr/local/lib/android/sdk/platforms/android-34/data/res/values-mcc310-mnc950-hu: Cannot change mode to rwxr-xr-x: Operation not permitted
build	Cache Android SDK	2026-06-06T12:22:57.6031567Z /usr/bin/tar: ../../../../../usr/local/lib/android/sdk/platforms/android-34/data/res/values-mcc310-mnc230-pa: Cannot utime: Operation not permitted
build	Cache Android SDK	2026-06-06T12:22:57.6032606Z /usr/bin/tar: ../../../../../usr/local/lib/android/sdk/platforms/android-34/data/res/values-mcc310-mnc230-pa: Cannot change mode to rwxr-xr-x: Operation not permitted
build	Cache Android SDK	2026-06-06T12:22:57.6034700Z /usr/bin/tar: ../../../../../usr/local/lib/android/sdk/platforms/android-34/data/res/values-w320dp: Cannot utime: Operation not permitted
build	Cache Android SDK	2026-06-06T12:22:57.6035576Z /usr/bin/tar: ../../../../../usr/local/lib/android/sdk/platforms/android-34/data/res/values-w320dp: Cannot change mode to rwxr-xr-x: Operation not permitted
build	Cache Android SDK	2026-06-06T12:22:57.6038359Z /usr/bin/tar: ../../../../../usr/local/lib/android/sdk/platforms/android-34/data/res/values-mcc310-mnc270-kk: Cannot utime: Operation not permitted
build	Cache Android SDK	2026-06-06T12:22:57.6039463Z /usr/bin/tar: ../../../../../usr/local/lib/android/sdk/platforms/android-34/data/res/values-mcc310-mnc270-kk: Cannot change mode to rwxr-xr-x: Operation not permitted
build	Cache Android SDK	2026-06-06T12:22:57.6041063Z /usr/bin/tar: ../../../../../usr/local/lib/android/sdk/platforms/android-34/data/res/values-mcc313-mnc100-nb: Cannot utime: Operation not permitted
build	Cache Android SDK	2026-06-06T12:22:57.6041984Z /usr/bin/tar: ../../../../../usr/local/lib/android/sdk/platforms/android-34/data/res/values-mcc313-mnc100-nb: Cannot change mode to rwxr-xr-x: Operation not permitted
build	Cache Android SDK	2026-06-06T12:22:57.6044398Z /usr/bin/tar: ../../../../../usr/local/lib/android/sdk/platforms/android-34/data/res/values-mcc310-mnc250-ky: Cannot utime: Operation not permitted
build	Cache Android SDK	2026-06-06T12:22:57.6045322Z /usr/bin/tar: ../../../../../usr/local/lib/android/sdk/platforms/android-34/data/res/values-mcc310-mnc250-ky: Cannot change mode to rwxr-xr-x: Operation not permitted
build	Cache Android SDK	2026-06-06T12:22:57.6049812Z /usr/bin/tar: ../../../../../usr/local/lib/android/sdk/platforms/android-34/data/res/values-mcc310-mnc800-gu: Cannot utime: Operation not permitted
build	Cache Android SDK	2026-06-06T12:22:57.6050734Z /usr/bin/tar: ../../../../../usr/local/lib/android/sdk/platforms/android-34/data/res/values-mcc310-mnc800-gu: Cannot change mode to rwxr-xr-x: Operation not permitted
build	Cache Android SDK	2026-06-06T12:22:57.6053201Z /usr/bin/tar: ../../../../../usr/local/lib/android/sdk/platforms/android-34/data/res/values-mcc310-mnc200-sv: Cannot utime: Operation not permitted
build	Cache Android SDK	2026-06-06T12:22:57.6054184Z /usr/bin/tar: ../../../../../usr/local/lib/android/sdk/platforms/android-34/data/res/values-mcc310-mnc200-sv: Cannot change mode to rwxr-xr-x: Operation not permitted
build	Cache Android SDK	2026-06-06T12:22:57.6055987Z /usr/bin/tar: ../../../../../usr/local/lib/android/sdk/platforms/android-34/data/res/values-mcc334-mnc020-en-rGB: Cannot utime: Operation not permitted
build	Cache Android SDK	2026-06-06T12:22:57.6056946Z /usr/bin/tar: ../../../../../usr/local/lib/android/sdk/platforms/android-34/data/res/values-mcc334-mnc020-en-rGB: Cannot change mode to rwxr-xr-x: Operation not permitted
build	Cache Android SDK	2026-06-06T12:22:57.6059009Z /usr/bin/tar: ../../../../../usr/local/lib/android/sdk/platforms/android-34/data/res/values-mcc302-mnc720-en-rIN: Cannot utime: Operation not permitted
build	Cache Android SDK	2026-06-06T12:22:57.6059960Z /usr/bin/tar: ../../../../../usr/local/lib/android/sdk/platforms/android-34/data/res/values-mcc302-mnc720-en-rIN: Cannot change mode to rwxr-xr-x: Operation not permitted
build	Cache Android SDK	2026-06-06T12:22:57.6061969Z /usr/bin/tar: ../../../../../usr/local/lib/android/sdk/platforms/android-34/data/res/xml-en: Cannot utime: Operation not permitted
build	Cache Android SDK	2026-06-06T12:22:57.6062796Z /usr/bin/tar: ../../../../../usr/local/lib/android/sdk/platforms/android-34/data/res/xml-en: Cannot change mode to rwxr-xr-x: Operation not permitted
build	Cache Android SDK	2026-06-06T12:22:57.6065842Z /usr/bin/tar: ../../../../../usr/local/lib/android/sdk/platforms/android-34/data/res/values-mcc310-mnc950-es-rUS: Cannot utime: Operation not permitted
build	Cache Android SDK	2026-06-06T12:22:57.6066806Z /usr/bin/tar: ../../../../../usr/local/lib/android/sdk/platforms/android-34/data/res/values-mcc310-mnc950-es-rUS: Cannot change mode to rwxr-xr-x: Operation not permitted
build	Cache Android SDK	2026-06-06T12:22:57.6069244Z /usr/bin/tar: ../../../../../usr/local/lib/android/sdk/platforms/android-34/data/res/values-mcc310-mnc950-tr: Cannot utime: Operation not permitted
build	Cache Android SDK	2026-06-06T12:22:57.6070347Z /usr/bin/tar: ../../../../../usr/local/lib/android/sdk/platforms/android-34/data/res/values-mcc310-mnc950-tr: Cannot change mode to rwxr-xr-x: Operation not permitted
build	Cache Android SDK	2026-06-06T12:22:57.6072256Z /usr/bin/tar: ../../../../../usr/local/lib/android/sdk/platforms/android-34/data/res/values-mcc310-mnc200-de: Cannot utime: Operation not permitted
build	Cache Android SDK	2026-06-06T12:22:57.6073184Z /usr/bin/tar: ../../../../../usr/local/lib/android/sdk/platforms/android-34/data/res/values-mcc310-mnc200-de: Cannot change mode to rwxr-xr-x: Operation not permitted
build	Cache Android SDK	2026-06-06T12:22:57.6075139Z /usr/bin/tar: ../../../../../usr/local/lib/android/sdk/platforms/android-34/data/res/values-is-watch: Cannot utime: Operation not permitted
build	Cache Android SDK	2026-06-06T12:22:57.6076025Z /usr/bin/tar: ../../../../../usr/local/lib/android/sdk/platforms/android-34/data/res/values-is-watch: Cannot change mode to rwxr-xr-x: Operation not permitted
build	Cache Android SDK	2026-06-06T12:22:57.6080541Z /usr/bin/tar: ../../../../../usr/local/lib/android/sdk/platforms/android-34/data/res/values-mcc310-mnc660-lo: Cannot utime: Operation not permitted
build	Cache Android SDK	2026-06-06T12:22:57.6081487Z /usr/bin/tar: ../../../../../usr/local/lib/android/sdk/platforms/android-34/data/res/values-mcc310-mnc660-lo: Cannot change mode to rwxr-xr-x: Operation not permitted
build	Cache Android SDK	2026-06-06T12:22:57.6083739Z /usr/bin/tar: ../../../../../usr/local/lib/android/sdk/platforms/android-34/data/res/values-mcc310-mnc380-or: Cannot utime: Operation not permitted
build	Cache Android SDK	2026-06-06T12:22:57.6084665Z /usr/bin/tar: ../../../../../usr/local/lib/android/sdk/platforms/android-34/data/res/values-mcc310-mnc380-or: Cannot change mode to rwxr-xr-x: Operation not permitted
build	Cache Android SDK	2026-06-06T12:22:57.6086592Z /usr/bin/tar: ../../../../../usr/local/lib/android/sdk/platforms/android-34/data/res/values-mcc334-mnc020-ky: Cannot utime: Operation not permitted
build	Cache Android SDK	2026-06-06T12:22:57.6087631Z /usr/bin/tar: ../../../../../usr/local/lib/android/sdk/platforms/android-34/data/res/values-mcc334-mnc020-ky: Cannot change mode to rwxr-xr-x: Operation not permitted
build	Cache Android SDK	2026-06-06T12:22:57.6089855Z /usr/bin/tar: ../../../../../usr/local/lib/android/sdk/platforms/android-34/data/res/values-mcc334-mnc020-pt-rPT: Cannot utime: Operation not permitted
build	Cache Android SDK	2026-06-06T12:22:57.6090829Z /usr/bin/tar: ../../../../../usr/local/lib/android/sdk/platforms/android-34/data/res/values-mcc334-mnc020-pt-rPT: Cannot change mode to rwxr-xr-x: Operation not permitted
build	Cache Android SDK	2026-06-06T12:22:57.6093007Z /usr/bin/tar: ../../../../../usr/local/lib/android/sdk/platforms/android-34/data/res/values-mcc310-mnc250-en-rIN: Cannot utime: Operation not permitted
build	Cache Android SDK	2026-06-06T12:22:57.6093967Z /usr/bin/tar: ../../../../../usr/local/lib/android/sdk/platforms/android-34/data/res/values-mcc310-mnc250-en-rIN: Cannot change mode to rwxr-xr-x: Operation not permitted
build	Cache Android SDK	2026-06-06T12:22:57.6096063Z /usr/bin/tar: ../../../../../usr/local/lib/android/sdk/platforms/android-34/data/res/values-mcc466-mnc03: Cannot utime: Operation not permitted
build	Cache Android SDK	2026-06-06T12:22:57.6096975Z /usr/bin/tar: ../../../../../usr/local/lib/android/sdk/platforms/android-34/data/res/values-mcc466-mnc03: Cannot change mode to rwxr-xr-x: Operation not permitted
build	Cache Android SDK	2026-06-06T12:22:57.6099522Z /usr/bin/tar: ../../../../../usr/local/lib/android/sdk/platforms/android-34/data/res/values-mcc310-mnc200-fr-rCA: Cannot utime: Operation not permitted
build	Cache Android SDK	2026-06-06T12:22:57.6100466Z /usr/bin/tar: ../../../../../usr/local/lib/android/sdk/platforms/android-34/data/res/values-mcc310-mnc200-fr-rCA: Cannot change mode to rwxr-xr-x: Operation not permitted
build	Cache Android SDK	2026-06-06T12:22:57.6102597Z /usr/bin/tar: ../../../../../usr/local/lib/android/sdk/platforms/android-34/data/res/values-mcc340-mnc01: Cannot utime: Operation not permitted
build	Cache Android SDK	2026-06-06T12:22:57.6103613Z /usr/bin/tar: ../../../../../usr/local/lib/android/sdk/platforms/android-34/data/res/values-mcc340-mnc01: Cannot change mode to rwxr-xr-x: Operation not permitted
build	Cache Android SDK	2026-06-06T12:22:57.6105770Z /usr/bin/tar: ../../../../../usr/local/lib/android/sdk/platforms/android-34/data/res/values-mcc310-mnc240-kn: Cannot utime: Operation not permitted
build	Cache Android SDK	2026-06-06T12:22:57.6106816Z /usr/bin/tar: ../../../../../usr/local/lib/android/sdk/platforms/android-34/data/res/values-mcc310-mnc240-kn: Cannot change mode to rwxr-xr-x: Operation not permitted
build	Cache Android SDK	2026-06-06T12:22:57.6110661Z /usr/bin/tar: ../../../../../usr/local/lib/android/sdk/platforms/android-34/data/res/values-land: Cannot utime: Operation not permitted
build	Cache Android SDK	2026-06-06T12:22:57.6111546Z /usr/bin/tar: ../../../../../usr/local/lib/android/sdk/platforms/android-34/data/res/values-land: Cannot change mode to rwxr-xr-x: Operation not permitted
build	Cache Android SDK	2026-06-06T12:22:57.6113846Z /usr/bin/tar: ../../../../../usr/local/lib/android/sdk/platforms/android-34/data/res/values-mcc302-mnc370-ka: Cannot utime: Operation not permitted
build	Cache Android SDK	2026-06-06T12:22:57.6114755Z /usr/bin/tar: ../../../../../usr/local/lib/android/sdk/platforms/android-34/data/res/values-mcc302-mnc370-ka: Cannot change mode to rwxr-xr-x: Operation not permitted
build	Cache Android SDK	2026-06-06T12:22:57.6116950Z /usr/bin/tar: ../../../../../usr/local/lib/android/sdk/platforms/android-34/data/res/values-mcc302-mnc720-sl: Cannot utime: Operation not permitted
build	Cache Android SDK	2026-06-06T12:22:57.6117971Z /usr/bin/tar: ../../../../../usr/local/lib/android/sdk/platforms/android-34/data/res/values-mcc302-mnc720-sl: Cannot change mode to rwxr-xr-x: Operation not permitted
build	Cache Android SDK	2026-06-06T12:22:57.6120190Z /usr/bin/tar: ../../../../../usr/local/lib/android/sdk/platforms/android-34/data/res/values-mcc310-mnc240-mr: Cannot utime: Operation not permitted
build	Cache Android SDK	2026-06-06T12:22:57.6121106Z /usr/bin/tar: ../../../../../usr/local/lib/android/sdk/platforms/android-34/data/res/values-mcc310-mnc240-mr: Cannot change mode to rwxr-xr-x: Operation not permitted
build	Cache Android SDK	2026-06-06T12:22:57.6123055Z /usr/bin/tar: ../../../../../usr/local/lib/android/sdk/platforms/android-34/data/res/values-mcc310-mnc560-fa: Cannot utime: Operation not permitted
build	Cache Android SDK	2026-06-06T12:22:57.6123992Z /usr/bin/tar: ../../../../../usr/local/lib/android/sdk/platforms/android-34/data/res/values-mcc310-mnc560-fa: Cannot change mode to rwxr-xr-x: Operation not permitted
build	Cache Android SDK	2026-06-06T12:22:57.6126328Z /usr/bin/tar: ../../../../../usr/local/lib/android/sdk/platforms/android-34/data/res/values-mcc312-mnc670-ro: Cannot utime: Operation not permitted
build	Cache Android SDK	2026-06-06T12:22:57.6127246Z /usr/bin/tar: ../../../../../usr/local/lib/android/sdk/platforms/android-34/data/res/values-mcc312-mnc670-ro: Cannot change mode to rwxr-xr-x: Operation not permitted
build	Cache Android SDK	2026-06-06T12:22:57.6129544Z /usr/bin/tar: ../../../../../usr/local/lib/android/sdk/platforms/android-34/data/res/values-mcc310-mnc250-cs: Cannot utime: Operation not permitted
build	Cache Android SDK	2026-06-06T12:22:57.6130447Z /usr/bin/tar: ../../../../../usr/local/lib/android/sdk/platforms/android-34/data/res/values-mcc310-mnc250-cs: Cannot change mode to rwxr-xr-x: Operation not permitted
build	Cache Android SDK	2026-06-06T12:22:57.6133260Z /usr/bin/tar: ../../../../../usr/local/lib/android/sdk/platforms/android-34/data/res/values-hu-rHU: Cannot utime: Operation not permitted
build	Cache Android SDK	2026-06-06T12:22:57.6134120Z /usr/bin/tar: ../../../../../usr/local/lib/android/sdk/platforms/android-34/data/res/values-hu-rHU: Cannot change mode to rwxr-xr-x: Operation not permitted
build	Cache Android SDK	2026-06-06T12:22:57.6136454Z /usr/bin/tar: ../../../../../usr/local/lib/android/sdk/platforms/android-34/data/res/values-mcc315: Cannot utime: Operation not permitted
build	Cache Android SDK	2026-06-06T12:22:57.6137323Z /usr/bin/tar: ../../../../../usr/local/lib/android/sdk/platforms/android-34/data/res/values-mcc315: Cannot change mode to rwxr-xr-x: Operation not permitted
build	Cache Android SDK	2026-06-06T12:22:57.6139893Z /usr/bin/tar: ../../../../../usr/local/lib/android/sdk/platforms/android-34/data/res/values-mcc310-mnc660-gl: Cannot utime: Operation not permitted
build	Cache Android SDK	2026-06-06T12:22:57.6140809Z /usr/bin/tar: ../../../../../usr/local/lib/android/sdk/platforms/android-34/data/res/values-mcc310-mnc660-gl: Cannot change mode to rwxr-xr-x: Operation not permitted
build	Cache Android SDK	2026-06-06T12:22:57.6142923Z /usr/bin/tar: ../../../../../usr/local/lib/android/sdk/platforms/android-34/data/res/values-mcc313-mnc100-de: Cannot utime: Operation not permitted
build	Cache Android SDK	2026-06-06T12:22:57.6143850Z /usr/bin/tar: ../../../../../usr/local/lib/android/sdk/platforms/android-34/data/res/values-mcc313-mnc100-de: Cannot change mode to rwxr-xr-x: Operation not permitted
build	Cache Android SDK	2026-06-06T12:22:57.6146029Z /usr/bin/tar: ../../../../../usr/local/lib/android/sdk/platforms/android-34/data/res/values-mcc311-mnc180-it: Cannot utime: Operation not permitted
build	Cache Android SDK	2026-06-06T12:22:57.6146979Z /usr/bin/tar: ../../../../../usr/local/lib/android/sdk/platforms/android-34/data/res/values-mcc311-mnc180-it: Cannot change mode to rwxr-xr-x: Operation not permitted
build	Cache Android SDK	2026-06-06T12:22:57.6149448Z /usr/bin/tar: ../../../../../usr/local/lib/android/sdk/platforms/android-34/data/res/values-mcc310-mnc150-ta: Cannot utime: Operation not permitted
build	Cache Android SDK	2026-06-06T12:22:57.6150378Z /usr/bin/tar: ../../../../../usr/local/lib/android/sdk/platforms/android-34/data/res/values-mcc310-mnc150-ta: Cannot change mode to rwxr-xr-x: Operation not permitted
build	Cache Android SDK	2026-06-06T12:22:57.6152339Z /usr/bin/tar: ../../../../../usr/local/lib/android/sdk/platforms/android-34/data/res/values-mcc334-mnc050: Cannot utime: Operation not permitted
build	Cache Android SDK	2026-06-06T12:22:57.6153251Z /usr/bin/tar: ../../../../../usr/local/lib/android/sdk/platforms/android-34/data/res/values-mcc334-mnc050: Cannot change mode to rwxr-xr-x: Operation not permitted
build	Cache Android SDK	2026-06-06T12:22:57.6155434Z /usr/bin/tar: ../../../../../usr/local/lib/android/sdk/platforms/android-34/data/res/values-mcc001-mnc01-gl: Cannot utime: Operation not permitted
build	Cache Android SDK	2026-06-06T12:22:57.6156355Z /usr/bin/tar: ../../../../../usr/local/lib/android/sdk/platforms/android-34/data/res/values-mcc001-mnc01-gl: Cannot change mode to rwxr-xr-x: Operation not permitted
build	Cache Android SDK	2026-06-06T12:22:57.6159002Z /usr/bin/tar: ../../../../../usr/local/lib/android/sdk/platforms/android-34/data/res/values-mcc310-mnc950-vi: Cannot utime: Operation not permitted
build	Cache Android SDK	2026-06-06T12:22:57.6159921Z /usr/bin/tar: ../../../../../usr/local/lib/android/sdk/platforms/android-34/data/res/values-mcc310-mnc950-vi: Cannot change mode to rwxr-xr-x: Operation not permitted
build	Cache Android SDK	2026-06-06T12:22:57.6162099Z /usr/bin/tar: ../../../../../usr/local/lib/android/sdk/platforms/android-34/data/res/values-mcc432-mnc20: Cannot utime: Operation not permitted
build	Cache Android SDK	2026-06-06T12:22:57.6162998Z /usr/bin/tar: ../../../../../usr/local/lib/android/sdk/platforms/android-34/data/res/values-mcc432-mnc20: Cannot change mode to rwxr-xr-x: Operation not permitted
build	Cache Android SDK	2026-06-06T12:22:57.6165574Z /usr/bin/tar: ../../../../../usr/local/lib/android/sdk/platforms/android-34/data/res/values-mcc310-mnc800-de: Cannot utime: Operation not permitted
build	Cache Android SDK	2026-06-06T12:22:57.6166490Z /usr/bin/tar: ../../../../../usr/local/lib/android/sdk/platforms/android-34/data/res/values-mcc310-mnc800-de: Cannot change mode to rwxr-xr-x: Operation not permitted
build	Cache Android SDK	2026-06-06T12:22:57.6169076Z /usr/bin/tar: ../../../../../usr/local/lib/android/sdk/platforms/android-34/data/res/values-mcc310-mnc660-sq: Cannot utime: Operation not permitted
build	Cache Android SDK	2026-06-06T12:22:57.6169990Z /usr/bin/tar: ../../../../../usr/local/lib/android/sdk/platforms/android-34/data/res/values-mcc310-mnc660-sq: Cannot change mode to rwxr-xr-x: Operation not permitted
build	Cache Android SDK	2026-06-06T12:22:57.6183537Z /usr/bin/tar: ../../../../../usr/local/lib/android/sdk/platforms/android-34/data/res/values-mcc302-mnc720-sv: Cannot utime: Operation not permitted
build	Cache Android SDK	2026-06-06T12:22:57.6185273Z /usr/bin/tar: ../../../../../usr/local/lib/android/sdk/platforms/android-34/data/res/values-mcc302-mnc720-sv: Cannot change mode to rwxr-xr-x: Operation not permitted
build	Cache Android SDK	2026-06-06T12:22:57.6186256Z /usr/bin/tar: ../../../../../usr/local/lib/android/sdk/platforms/android-34/data/res/values-mcc310-mnc560-nl: Cannot utime: Operation not permitted
build	Cache Android SDK	2026-06-06T12:22:57.6187560Z /usr/bin/tar: ../../../../../usr/local/lib/android/sdk/platforms/android-34/data/res/values-mcc310-mnc560-nl: Cannot change mode to rwxr-xr-x: Operation not permitted
build	Cache Android SDK	2026-06-06T12:22:57.6189284Z /usr/bin/tar: ../../../../../usr/local/lib/android/sdk/platforms/android-34/data/res/values-mcc334-mnc020-hr: Cannot utime: Operation not permitted
build	Cache Android SDK	2026-06-06T12:22:57.6190613Z /usr/bin/tar: ../../../../../usr/local/lib/android/sdk/platforms/android-34/data/res/values-mcc334-mnc020-hr: Cannot change mode to rwxr-xr-x: Operation not permitted
build	Cache Android SDK	2026-06-06T12:22:57.6192512Z /usr/bin/tar: ../../../../../usr/local/lib/android/sdk/platforms/android-34/data/res/values-mcc001-mnc01-am: Cannot utime: Operation not permitted
build	Cache Android SDK	2026-06-06T12:22:57.6193791Z /usr/bin/tar: ../../../../../usr/local/lib/android/sdk/platforms/android-34/data/res/values-mcc001-mnc01-am: Cannot change mode to rwxr-xr-x: Operation not permitted
build	Cache Android SDK	2026-06-06T12:22:57.6194755Z /usr/bin/tar: ../../../../../usr/local/lib/android/sdk/platforms/android-34/data/res/values-mcc310-mnc560-en-rXC: Cannot utime: Operation not permitted
build	Cache Android SDK	2026-06-06T12:22:57.6195703Z /usr/bin/tar: ../../../../../usr/local/lib/android/sdk/platforms/android-34/data/res/values-mcc310-mnc560-en-rXC: Cannot change mode to rwxr-xr-x: Operation not permitted
build	Cache Android SDK	2026-06-06T12:22:57.6196936Z /usr/bin/tar: ../../../../../usr/local/lib/android/sdk/platforms/android-34/data/res/values-mcc310-mnc240-ne: Cannot utime: Operation not permitted
build	Cache Android SDK	2026-06-06T12:22:57.6198763Z /usr/bin/tar: ../../../../../usr/local/lib/android/sdk/platforms/android-34/data/res/values-mcc310-mnc240-ne: Cannot change mode to rwxr-xr-x: Operation not permitted
build	Cache Android SDK	2026-06-06T12:22:57.6200273Z /usr/bin/tar: ../../../../../usr/local/lib/android/sdk/platforms/android-34/data/res/values-mcc310-mnc150-lv: Cannot utime: Operation not permitted
build	Cache Android SDK	2026-06-06T12:22:57.6201183Z /usr/bin/tar: ../../../../../usr/local/lib/android/sdk/platforms/android-34/data/res/values-mcc310-mnc150-lv: Cannot change mode to rwxr-xr-x: Operation not permitted
build	Cache Android SDK	2026-06-06T12:22:57.6202108Z /usr/bin/tar: ../../../../../usr/local/lib/android/sdk/platforms/android-34/data/res/values-mcc310-mnc490-ro: Cannot utime: Operation not permitted
build	Cache Android SDK	2026-06-06T12:22:57.6203018Z /usr/bin/tar: ../../../../../usr/local/lib/android/sdk/platforms/android-34/data/res/values-mcc310-mnc490-ro: Cannot change mode to rwxr-xr-x: Operation not permitted
build	Cache Android SDK	2026-06-06T12:22:57.6204346Z /usr/bin/tar: ../../../../../usr/local/lib/android/sdk/platforms/android-34/data/res/values-mcc310-mnc270-zh-rTW: Cannot utime: Operation not permitted
build	Cache Android SDK	2026-06-06T12:22:57.6205315Z /usr/bin/tar: ../../../../../usr/local/lib/android/sdk/platforms/android-34/data/res/values-mcc310-mnc270-zh-rTW: Cannot change mode to rwxr-xr-x: Operation not permitted
build	Cache Android SDK	2026-06-06T12:22:57.6206245Z /usr/bin/tar: ../../../../../usr/local/lib/android/sdk/platforms/android-34/data/res/values-mcc310-mnc380-nl: Cannot utime: Operation not permitted
build	Cache Android SDK	2026-06-06T12:22:57.6207733Z /usr/bin/tar: ../../../../../usr/local/lib/android/sdk/platforms/android-34/data/res/values-mcc310-mnc380-nl: Cannot change mode to rwxr-xr-x: Operation not permitted
build	Cache Android SDK	2026-06-06T12:22:57.6208690Z /usr/bin/tar: ../../../../../usr/local/lib/android/sdk/platforms/android-34/data/res/values-en-rSG: Cannot utime: Operation not permitted
build	Cache Android SDK	2026-06-06T12:22:57.6209547Z /usr/bin/tar: ../../../../../usr/local/lib/android/sdk/platforms/android-34/data/res/values-en-rSG: Cannot change mode to rwxr-xr-x: Operation not permitted
build	Cache Android SDK	2026-06-06T12:22:57.6210688Z /usr/bin/tar: ../../../../../usr/local/lib/android/sdk/platforms/android-34/data/res/drawable-en-mdpi: Cannot utime: Operation not permitted
build	Cache Android SDK	2026-06-06T12:22:57.6211757Z /usr/bin/tar: ../../../../../usr/local/lib/android/sdk/platforms/android-34/data/res/drawable-en-mdpi: Cannot change mode to rwxr-xr-x: Operation not permitted
build	Cache Android SDK	2026-06-06T12:22:57.6212675Z /usr/bin/tar: ../../../../../usr/local/lib/android/sdk/platforms/android-34/data/res/values-mcc302-mnc720-pt-rPT: Cannot utime: Operation not permitted
build	Cache Android SDK	2026-06-06T12:22:57.6213850Z /usr/bin/tar: ../../../../../usr/local/lib/android/sdk/platforms/android-34/data/res/values-mcc302-mnc720-pt-rPT: Cannot change mode to rwxr-xr-x: Operation not permitted
build	Cache Android SDK	2026-06-06T12:22:57.6214903Z /usr/bin/tar: ../../../../../usr/local/lib/android/sdk/platforms/android-34/data/res/raw-fr: Cannot utime: Operation not permitted
build	Cache Android SDK	2026-06-06T12:22:57.6215704Z /usr/bin/tar: ../../../../../usr/local/lib/android/sdk/platforms/android-34/data/res/raw-fr: Cannot change mode to rwxr-xr-x: Operation not permitted
build	Cache Android SDK	2026-06-06T12:22:57.6217091Z /usr/bin/tar: ../../../../../usr/local/lib/android/sdk/platforms/android-34/data/res/values-mcc310-mnc530: Cannot utime: Operation not permitted
build	Cache Android SDK	2026-06-06T12:22:57.6218150Z /usr/bin/tar: ../../../../../usr/local/lib/android/sdk/platforms/android-34/data/res/values-mcc310-mnc530: Cannot change mode to rwxr-xr-x: Operation not permitted
build	Cache Android SDK	2026-06-06T12:22:57.6219754Z /usr/bin/tar: ../../../../../usr/local/lib/android/sdk/platforms/android-34/data/res/values-mcc311-mnc180-ru: Cannot utime: Operation not permitted
build	Cache Android SDK	2026-06-06T12:22:57.6220673Z /usr/bin/tar: ../../../../../usr/local/lib/android/sdk/platforms/android-34/data/res/values-mcc311-mnc180-ru: Cannot change mode to rwxr-xr-x: Operation not permitted
build	Cache Android SDK	2026-06-06T12:22:57.6222814Z /usr/bin/tar: ../../../../../usr/local/lib/android/sdk/platforms/android-34/data/res/values-mcc302-mnc370-hu: Cannot utime: Operation not permitted
build	Cache Android SDK	2026-06-06T12:22:57.6223803Z /usr/bin/tar: ../../../../../usr/local/lib/android/sdk/platforms/android-34/data/res/values-mcc302-mnc370-hu: Cannot change mode to rwxr-xr-x: Operation not permitted
build	Cache Android SDK	2026-06-06T12:22:57.6226298Z /usr/bin/tar: ../../../../../usr/local/lib/android/sdk/platforms/android-34/data/res/values-mcc310-mnc210-cs: Cannot utime: Operation not permitted
build	Cache Android SDK	2026-06-06T12:22:57.6227275Z /usr/bin/tar: ../../../../../usr/local/lib/android/sdk/platforms/android-34/data/res/values-mcc310-mnc210-cs: Cannot change mode to rwxr-xr-x: Operation not permitted
build	Cache Android SDK	2026-06-06T12:22:57.6229205Z /usr/bin/tar: ../../../../../usr/local/lib/android/sdk/platforms/android-34/data/res/values-mcc312-mnc670-hi: Cannot utime: Operation not permitted
build	Cache Android SDK	2026-06-06T12:22:57.6230124Z /usr/bin/tar: ../../../../../usr/local/lib/android/sdk/platforms/android-34/data/res/values-mcc312-mnc670-hi: Cannot change mode to rwxr-xr-x: Operation not permitted
build	Cache Android SDK	2026-06-06T12:22:57.6232600Z /usr/bin/tar: ../../../../../usr/local/lib/android/sdk/platforms/android-34/data/res/values-mcc302-mnc720-km: Cannot utime: Operation not permitted
build	Cache Android SDK	2026-06-06T12:22:57.6233528Z /usr/bin/tar: ../../../../../usr/local/lib/android/sdk/platforms/android-34/data/res/values-mcc302-mnc720-km: Cannot change mode to rwxr-xr-x: Operation not permitted
build	Cache Android SDK	2026-06-06T12:22:57.6235897Z /usr/bin/tar: ../../../../../usr/local/lib/android/sdk/platforms/android-34/data/res/values-sl-television: Cannot utime: Operation not permitted
build	Cache Android SDK	2026-06-06T12:22:57.6239670Z /usr/bin/tar: ../../../../../usr/local/lib/android/sdk/platforms/android-34/data/res/values-sl-television: Cannot change mode to rwxr-xr-x: Operation not permitted
build	Cache Android SDK	2026-06-06T12:22:57.6240680Z /usr/bin/tar: ../../../../../usr/local/lib/android/sdk/platforms/android-34/data/res/values-mcc310-mnc220-en-rAU: Cannot utime: Operation not permitted
build	Cache Android SDK	2026-06-06T12:22:57.6242452Z /usr/bin/tar: ../../../../../usr/local/lib/android/sdk/platforms/android-34/data/res/values-mcc310-mnc220-en-rAU: Cannot change mode to rwxr-xr-x: Operation not permitted
build	Cache Android SDK	2026-06-06T12:22:57.6243554Z /usr/bin/tar: ../../../../../usr/local/lib/android/sdk/platforms/android-34/data/res/values-mcc310-mnc490-ko: Cannot utime: Operation not permitted
build	Cache Android SDK	2026-06-06T12:22:57.6244770Z /usr/bin/tar: ../../../../../usr/local/lib/android/sdk/platforms/android-34/data/res/values-mcc310-mnc490-ko: Cannot change mode to rwxr-xr-x: Operation not permitted
build	Cache Android SDK	2026-06-06T12:22:57.6246295Z /usr/bin/tar: ../../../../../usr/local/lib/android/sdk/platforms/android-34/data/res/values-mcc302-mnc370-ml: Cannot utime: Operation not permitted
build	Cache Android SDK	2026-06-06T12:22:57.6247278Z /usr/bin/tar: ../../../../../usr/local/lib/android/sdk/platforms/android-34/data/res/values-mcc302-mnc370-ml: Cannot change mode to rwxr-xr-x: Operation not permitted
build	Cache Android SDK	2026-06-06T12:22:57.6249317Z /usr/bin/tar: ../../../../../usr/local/lib/android/sdk/platforms/android-34/data/res/values-mcc310-mnc170-ka: Cannot utime: Operation not permitted
build	Cache Android SDK	2026-06-06T12:22:57.6250255Z /usr/bin/tar: ../../../../../usr/local/lib/android/sdk/platforms/android-34/data/res/values-mcc310-mnc170-ka: Cannot change mode to rwxr-xr-x: Operation not permitted
build	Cache Android SDK	2026-06-06T12:22:57.6255670Z /usr/bin/tar: ../../../../../usr/local/lib/android/sdk/platforms/android-34/data/res/values-b+sr+Latn: Cannot utime: Operation not permitted
build	Cache Android SDK	2026-06-06T12:22:57.6256744Z /usr/bin/tar: ../../../../../usr/local/lib/android/sdk/platforms/android-34/data/res/values-b+sr+Latn: Cannot change mode to rwxr-xr-x: Operation not permitted
build	Cache Android SDK	2026-06-06T12:22:57.6258743Z /usr/bin/tar: ../../../../../usr/local/lib/android/sdk/platforms/android-34/data/res/values-mcc310-mnc280-uk: Cannot utime: Operation not permitted
build	Cache Android SDK	2026-06-06T12:22:57.6259873Z /usr/bin/tar: ../../../../../usr/local/lib/android/sdk/platforms/android-34/data/res/values-mcc310-mnc280-uk: Cannot change mode to rwxr-xr-x: Operation not permitted
build	Cache Android SDK	2026-06-06T12:22:57.6261726Z /usr/bin/tar: ../../../../../usr/local/lib/android/sdk/platforms/android-34/data/res/values-mcc310-mnc220-hu: Cannot utime: Operation not permitted
build	Cache Android SDK	2026-06-06T12:22:57.6262914Z /usr/bin/tar: ../../../../../usr/local/lib/android/sdk/platforms/android-34/data/res/values-mcc310-mnc220-hu: Cannot change mode to rwxr-xr-x: Operation not permitted
build	Cache Android SDK	2026-06-06T12:22:57.6264874Z /usr/bin/tar: ../../../../../usr/local/lib/android/sdk/platforms/android-34/data/res/values-mcc310-mnc230-tr: Cannot utime: Operation not permitted
build	Cache Android SDK	2026-06-06T12:22:57.6265986Z /usr/bin/tar: ../../../../../usr/local/lib/android/sdk/platforms/android-34/data/res/values-mcc310-mnc230-tr: Cannot change mode to rwxr-xr-x: Operation not permitted
build	Cache Android SDK	2026-06-06T12:22:57.6268631Z /usr/bin/tar: ../../../../../usr/local/lib/android/sdk/platforms/android-34/data/res/values-mcc310-mnc230-sv: Cannot utime: Operation not permitted
build	Cache Android SDK	2026-06-06T12:22:57.6269560Z /usr/bin/tar: ../../../../../usr/local/lib/android/sdk/platforms/android-34/data/res/values-mcc310-mnc230-sv: Cannot change mode to rwxr-xr-x: Operation not permitted
build	Cache Android SDK	2026-06-06T12:22:57.6272270Z /usr/bin/tar: ../../../../../usr/local/lib/android/sdk/platforms/android-34/data/res/values-ar-rIL: Cannot utime: Operation not permitted
build	Cache Android SDK	2026-06-06T12:22:57.6273188Z /usr/bin/tar: ../../../../../usr/local/lib/android/sdk/platforms/android-34/data/res/values-ar-rIL: Cannot change mode to rwxr-xr-x: Operation not permitted
build	Cache Android SDK	2026-06-06T12:22:57.6275195Z /usr/bin/tar: ../../../../../usr/local/lib/android/sdk/platforms/android-34/data/res/values-te-television: Cannot utime: Operation not permitted
build	Cache Android SDK	2026-06-06T12:22:57.6276143Z /usr/bin/tar: ../../../../../usr/local/lib/android/sdk/platforms/android-34/data/res/values-te-television: Cannot change mode to rwxr-xr-x: Operation not permitted
build	Cache Android SDK	2026-06-06T12:22:57.6278809Z /usr/bin/tar: ../../../../../usr/local/lib/android/sdk/platforms/android-34/data/res/values-mcc310-mnc160-pt: Cannot utime: Operation not permitted
build	Cache Android SDK	2026-06-06T12:22:57.6279783Z /usr/bin/tar: ../../../../../usr/local/lib/android/sdk/platforms/android-34/data/res/values-mcc310-mnc160-pt: Cannot change mode to rwxr-xr-x: Operation not permitted
build	Cache Android SDK	2026-06-06T12:22:57.6281932Z /usr/bin/tar: ../../../../../usr/local/lib/android/sdk/platforms/android-34/data/res/values-mcc310-mnc660-ur: Cannot utime: Operation not permitted
build	Cache Android SDK	2026-06-06T12:22:57.6282878Z /usr/bin/tar: ../../../../../usr/local/lib/android/sdk/platforms/android-34/data/res/values-mcc310-mnc660-ur: Cannot change mode to rwxr-xr-x: Operation not permitted
build	Cache Android SDK	2026-06-06T12:22:57.6284841Z /usr/bin/tar: ../../../../../usr/local/lib/android/sdk/platforms/android-34/data/res/values-mcc334-mnc020-cs: Cannot utime: Operation not permitted
build	Cache Android SDK	2026-06-06T12:22:57.6285774Z /usr/bin/tar: ../../../../../usr/local/lib/android/sdk/platforms/android-34/data/res/values-mcc334-mnc020-cs: Cannot change mode to rwxr-xr-x: Operation not permitted
build	Cache Android SDK	2026-06-06T12:22:57.6291680Z /usr/bin/tar: ../../../../../usr/local/lib/android/sdk/platforms/android-34/data/res/values-zh-rTW: Cannot utime: Operation not permitted
build	Cache Android SDK	2026-06-06T12:22:57.6292687Z /usr/bin/tar: ../../../../../usr/local/lib/android/sdk/platforms/android-34/data/res/values-zh-rTW: Cannot change mode to rwxr-xr-x: Operation not permitted
build	Cache Android SDK	2026-06-06T12:22:57.6294346Z /usr/bin/tar: ../../../../../usr/local/lib/android/sdk/platforms/android-34/data/res/values-mcc310-mnc200-uz: Cannot utime: Operation not permitted
build	Cache Android SDK	2026-06-06T12:22:57.6295336Z /usr/bin/tar: ../../../../../usr/local/lib/android/sdk/platforms/android-34/data/res/values-mcc310-mnc200-uz: Cannot change mode to rwxr-xr-x: Operation not permitted
build	Cache Android SDK	2026-06-06T12:22:57.6298001Z /usr/bin/tar: ../../../../../usr/local/lib/android/sdk/platforms/android-34/data/res/values-mcc310-mnc410-sw: Cannot utime: Operation not permitted
build	Cache Android SDK	2026-06-06T12:22:57.6298927Z /usr/bin/tar: ../../../../../usr/local/lib/android/sdk/platforms/android-34/data/res/values-mcc310-mnc410-sw: Cannot change mode to rwxr-xr-x: Operation not permitted
build	Cache Android SDK	2026-06-06T12:22:57.6301162Z /usr/bin/tar: ../../../../../usr/local/lib/android/sdk/platforms/android-34/data/res/values-el-rGR: Cannot utime: Operation not permitted
build	Cache Android SDK	2026-06-06T12:22:57.6302118Z /usr/bin/tar: ../../../../../usr/local/lib/android/sdk/platforms/android-34/data/res/values-el-rGR: Cannot change mode to rwxr-xr-x: Operation not permitted
build	Cache Android SDK	2026-06-06T12:22:57.6304149Z /usr/bin/tar: ../../../../../usr/local/lib/android/sdk/platforms/android-34/data/res/values-mcc310-mnc800-hy: Cannot utime: Operation not permitted
build	Cache Android SDK	2026-06-06T12:22:57.6305146Z /usr/bin/tar: ../../../../../usr/local/lib/android/sdk/platforms/android-34/data/res/values-mcc310-mnc800-hy: Cannot change mode to rwxr-xr-x: Operation not permitted
build	Cache Android SDK	2026-06-06T12:22:57.6307611Z /usr/bin/tar: ../../../../../usr/local/lib/android/sdk/platforms/android-34/data/res/values-mcc302-mnc720: Cannot utime: Operation not permitted
build	Cache Android SDK	2026-06-06T12:22:57.6308541Z /usr/bin/tar: ../../../../../usr/local/lib/android/sdk/platforms/android-34/data/res/values-mcc302-mnc720: Cannot change mode to rwxr-xr-x: Operation not permitted
build	Cache Android SDK	2026-06-06T12:22:57.6310529Z /usr/bin/tar: ../../../../../usr/local/lib/android/sdk/platforms/android-34/data/res/values-mcc313-mnc100-sl: Cannot utime: Operation not permitted
build	Cache Android SDK	2026-06-06T12:22:57.6311465Z /usr/bin/tar: ../../../../../usr/local/lib/android/sdk/platforms/android-34/data/res/values-mcc313-mnc100-sl: Cannot change mode to rwxr-xr-x: Operation not permitted
build	Cache Android SDK	2026-06-06T12:22:57.6314085Z /usr/bin/tar: ../../../../../usr/local/lib/android/sdk/platforms/android-34/data/res/values-mcc312-mnc670-zh-rTW: Cannot utime: Operation not permitted
build	Cache Android SDK	2026-06-06T12:22:57.6315055Z /usr/bin/tar: ../../../../../usr/local/lib/android/sdk/platforms/android-34/data/res/values-mcc312-mnc670-zh-rTW: Cannot change mode to rwxr-xr-x: Operation not permitted
build	Cache Android SDK	2026-06-06T12:22:57.6317019Z /usr/bin/tar: ../../../../../usr/local/lib/android/sdk/platforms/android-34/data/res/values-mcc310-mnc560-ur: Cannot utime: Operation not permitted
build	Cache Android SDK	2026-06-06T12:22:57.6318125Z /usr/bin/tar: ../../../../../usr/local/lib/android/sdk/platforms/android-34/data/res/values-mcc310-mnc560-ur: Cannot change mode to rwxr-xr-x: Operation not permitted
build	Cache Android SDK	2026-06-06T12:22:57.6320155Z /usr/bin/tar: ../../../../../usr/local/lib/android/sdk/platforms/android-34/data/res/values-mcc310-mnc170-am: Cannot utime: Operation not permitted
build	Cache Android SDK	2026-06-06T12:22:57.6321087Z /usr/bin/tar: ../../../../../usr/local/lib/android/sdk/platforms/android-34/data/res/values-mcc310-mnc170-am: Cannot change mode to rwxr-xr-x: Operation not permitted
build	Cache Android SDK	2026-06-06T12:22:57.6323325Z /usr/bin/tar: ../../../../../usr/local/lib/android/sdk/platforms/android-34/data/res/values-mcc310-mnc800-nb: Cannot utime: Operation not permitted
build	Cache Android SDK	2026-06-06T12:22:57.6324260Z /usr/bin/tar: ../../../../../usr/local/lib/android/sdk/platforms/android-34/data/res/values-mcc310-mnc800-nb: Cannot change mode to rwxr-xr-x: Operation not permitted
build	Cache Android SDK	2026-06-06T12:22:57.6326680Z /usr/bin/tar: ../../../../../usr/local/lib/android/sdk/platforms/android-34/data/res/values-mcc310-mnc800-b+sr+Latn: Cannot utime: Operation not permitted
build	Cache Android SDK	2026-06-06T12:22:57.6327803Z /usr/bin/tar: ../../../../../usr/local/lib/android/sdk/platforms/android-34/data/res/values-mcc310-mnc800-b+sr+Latn: Cannot change mode to rwxr-xr-x: Operation not permitted
build	Cache Android SDK	2026-06-06T12:22:57.6329671Z /usr/bin/tar: ../../../../../usr/local/lib/android/sdk/platforms/android-34/data/res/values-mcc310-mnc150-be: Cannot utime: Operation not permitted
build	Cache Android SDK	2026-06-06T12:22:57.6330652Z /usr/bin/tar: ../../../../../usr/local/lib/android/sdk/platforms/android-34/data/res/values-mcc310-mnc150-be: Cannot change mode to rwxr-xr-x: Operation not permitted
build	Cache Android SDK	2026-06-06T12:22:57.6333642Z /usr/bin/tar: ../../../../../usr/local/lib/android/sdk/platforms/android-34/data/res/values-mcc310-mnc560-ja: Cannot utime: Operation not permitted
build	Cache Android SDK	2026-06-06T12:22:57.6334573Z /usr/bin/tar: ../../../../../usr/local/lib/android/sdk/platforms/android-34/data/res/values-mcc310-mnc560-ja: Cannot change mode to rwxr-xr-x: Operation not permitted
build	Cache Android SDK	2026-06-06T12:22:57.6337052Z /usr/bin/tar: ../../../../../usr/local/lib/android/sdk/platforms/android-34/data/res/values-mcc310-mnc210-sq: Cannot utime: Operation not permitted
build	Cache Android SDK	2026-06-06T12:22:57.6338269Z /usr/bin/tar: ../../../../../usr/local/lib/android/sdk/platforms/android-34/data/res/values-mcc310-mnc210-sq: Cannot change mode to rwxr-xr-x: Operation not permitted
build	Cache Android SDK	2026-06-06T12:22:57.6340125Z /usr/bin/tar: ../../../../../usr/local/lib/android/sdk/platforms/android-34/data/res/values-w228dp: Cannot utime: Operation not permitted
build	Cache Android SDK	2026-06-06T12:22:57.6341082Z /usr/bin/tar: ../../../../../usr/local/lib/android/sdk/platforms/android-34/data/res/values-w228dp: Cannot change mode to rwxr-xr-x: Operation not permitted
build	Cache Android SDK	2026-06-06T12:22:57.6343914Z /usr/bin/tar: ../../../../../usr/local/lib/android/sdk/platforms/android-34/data/res/values-mcc312-mnc670-ms: Cannot utime: Operation not permitted
build	Cache Android SDK	2026-06-06T12:22:57.6344844Z /usr/bin/tar: ../../../../../usr/local/lib/android/sdk/platforms/android-34/data/res/values-mcc312-mnc670-ms: Cannot change mode to rwxr-xr-x: Operation not permitted
build	Cache Android SDK	2026-06-06T12:22:57.6347247Z /usr/bin/tar: ../../../../../usr/local/lib/android/sdk/platforms/android-34/data/res/values-mcc302-mnc720-sw: Cannot utime: Operation not permitted
build	Cache Android SDK	2026-06-06T12:22:57.6348428Z /usr/bin/tar: ../../../../../usr/local/lib/android/sdk/platforms/android-34/data/res/values-mcc302-mnc720-sw: Cannot change mode to rwxr-xr-x: Operation not permitted
build	Cache Android SDK	2026-06-06T12:22:57.6350843Z /usr/bin/tar: ../../../../../usr/local/lib/android/sdk/platforms/android-34/data/res/values-mcc310-mnc160-de: Cannot utime: Operation not permitted
build	Cache Android SDK	2026-06-06T12:22:57.6351832Z /usr/bin/tar: ../../../../../usr/local/lib/android/sdk/platforms/android-34/data/res/values-mcc310-mnc160-de: Cannot change mode to rwxr-xr-x: Operation not permitted
build	Cache Android SDK	2026-06-06T12:22:57.6354150Z /usr/bin/tar: ../../../../../usr/local/lib/android/sdk/platforms/android-34/data/res/values-mcc310-mnc230-ru: Cannot utime: Operation not permitted
build	Cache Android SDK	2026-06-06T12:22:57.6355081Z /usr/bin/tar: ../../../../../usr/local/lib/android/sdk/platforms/android-34/data/res/values-mcc310-mnc230-ru: Cannot change mode to rwxr-xr-x: Operation not permitted
build	Cache Android SDK	2026-06-06T12:22:57.6357787Z /usr/bin/tar: ../../../../../usr/local/lib/android/sdk/platforms/android-34/data/res/values-mcc310-mnc170-en-rCA: Cannot utime: Operation not permitted
build	Cache Android SDK	2026-06-06T12:22:57.6358766Z /usr/bin/tar: ../../../../../usr/local/lib/android/sdk/platforms/android-34/data/res/values-mcc310-mnc170-en-rCA: Cannot change mode to rwxr-xr-x: Operation not permitted
build	Cache Android SDK	2026-06-06T12:22:57.6363521Z /usr/bin/tar: ../../../../../usr/local/lib/android/sdk/platforms/android-34/data/res/values-mcc313-mnc100-or: Cannot utime: Operation not permitted
build	Cache Android SDK	2026-06-06T12:22:57.6364451Z /usr/bin/tar: ../../../../../usr/local/lib/android/sdk/platforms/android-34/data/res/values-mcc313-mnc100-or: Cannot change mode to rwxr-xr-x: Operation not permitted
build	Cache Android SDK	2026-06-06T12:22:57.6366947Z /usr/bin/tar: ../../../../../usr/local/lib/android/sdk/platforms/android-34/data/res/values-mcc312-mnc670-sv: Cannot utime: Operation not permitted
build	Cache Android SDK	2026-06-06T12:22:57.6368039Z /usr/bin/tar: ../../../../../usr/local/lib/android/sdk/platforms/android-34/data/res/values-mcc312-mnc670-sv: Cannot change mode to rwxr-xr-x: Operation not permitted
build	Cache Android SDK	2026-06-06T12:22:57.6370863Z /usr/bin/tar: ../../../../../usr/local/lib/android/sdk/platforms/android-34/data/res/values-mcc334-mnc020-ca: Cannot utime: Operation not permitted
build	Cache Android SDK	2026-06-06T12:22:57.6371871Z /usr/bin/tar: ../../../../../usr/local/lib/android/sdk/platforms/android-34/data/res/values-mcc334-mnc020-ca: Cannot change mode to rwxr-xr-x: Operation not permitted
build	Cache Android SDK	2026-06-06T12:22:57.6374633Z /usr/bin/tar: ../../../../../usr/local/lib/android/sdk/platforms/android-34/data/res/menu: Cannot utime: Operation not permitted
build	Cache Android SDK	2026-06-06T12:22:57.6375461Z /usr/bin/tar: ../../../../../usr/local/lib/android/sdk/platforms/android-34/data/res/menu: Cannot change mode to rwxr-xr-x: Operation not permitted
build	Cache Android SDK	2026-06-06T12:22:57.6377749Z /usr/bin/tar: ../../../../../usr/local/lib/android/sdk/platforms/android-34/data/res/values-mcc310-mnc560-bn: Cannot utime: Operation not permitted
build	Cache Android SDK	2026-06-06T12:22:57.6379306Z /usr/bin/tar: ../../../../../usr/local/lib/android/sdk/platforms/android-34/data/res/values-mcc310-mnc560-bn: Cannot change mode to rwxr-xr-x: Operation not permitted
build	Cache Android SDK	2026-06-06T12:22:57.6380830Z /usr/bin/tar: ../../../../../usr/local/lib/android/sdk/platforms/android-34/data/res/values-mcc310-mnc270-hy: Cannot utime: Operation not permitted
build	Cache Android SDK	2026-06-06T12:22:57.6381830Z /usr/bin/tar: ../../../../../usr/local/lib/android/sdk/platforms/android-34/data/res/values-mcc310-mnc270-hy: Cannot change mode to rwxr-xr-x: Operation not permitted
build	Cache Android SDK	2026-06-06T12:22:57.6384771Z /usr/bin/tar: ../../../../../usr/local/lib/android/sdk/platforms/android-34/data/res/values-mcc310-mnc200-az: Cannot utime: Operation not permitted
build	Cache Android SDK	2026-06-06T12:22:57.6385706Z /usr/bin/tar: ../../../../../usr/local/lib/android/sdk/platforms/android-34/data/res/values-mcc310-mnc200-az: Cannot change mode to rwxr-xr-x: Operation not permitted
build	Cache Android SDK	2026-06-06T12:22:57.6388083Z /usr/bin/tar: ../../../../../usr/local/lib/android/sdk/platforms/android-34/data/res/values-mcc310-mnc220-cs: Cannot utime: Operation not permitted
build	Cache Android SDK	2026-06-06T12:22:57.6389026Z /usr/bin/tar: ../../../../../usr/local/lib/android/sdk/platforms/android-34/data/res/values-mcc310-mnc220-cs: Cannot change mode to rwxr-xr-x: Operation not permitted
build	Cache Android SDK	2026-06-06T12:22:57.6391322Z /usr/bin/tar: ../../../../../usr/local/lib/android/sdk/platforms/android-34/data/res/values-w720dp: Cannot utime: Operation not permitted
build	Cache Android SDK	2026-06-06T12:22:57.6392194Z /usr/bin/tar: ../../../../../usr/local/lib/android/sdk/platforms/android-34/data/res/values-w720dp: Cannot change mode to rwxr-xr-x: Operation not permitted
build	Cache Android SDK	2026-06-06T12:22:57.6394538Z /usr/bin/tar: ../../../../../usr/local/lib/android/sdk/platforms/android-34/data/res/values-mcc310-mnc200-sw: Cannot utime: Operation not permitted
build	Cache Android SDK	2026-06-06T12:22:57.6395459Z /usr/bin/tar: ../../../../../usr/local/lib/android/sdk/platforms/android-34/data/res/values-mcc310-mnc200-sw: Cannot change mode to rwxr-xr-x: Operation not permitted
build	Cache Android SDK	2026-06-06T12:22:57.6397591Z /usr/bin/tar: ../../../../../usr/local/lib/android/sdk/platforms/android-34/data/res/values-mcc310-mnc950-it: Cannot utime: Operation not permitted
build	Cache Android SDK	2026-06-06T12:22:57.6398528Z /usr/bin/tar: ../../../../../usr/local/lib/android/sdk/platforms/android-34/data/res/values-mcc310-mnc950-it: Cannot change mode to rwxr-xr-x: Operation not permitted
build	Cache Android SDK	2026-06-06T12:22:57.6401220Z /usr/bin/tar: ../../../../../usr/local/lib/android/sdk/platforms/android-34/data/res/values-mcc312-mnc670-en-rXC: Cannot utime: Operation not permitted
build	Cache Android SDK	2026-06-06T12:22:57.6402191Z /usr/bin/tar: ../../../../../usr/local/lib/android/sdk/platforms/android-34/data/res/values-mcc312-mnc670-en-rXC: Cannot change mode to rwxr-xr-x: Operation not permitted
build	Cache Android SDK	2026-06-06T12:22:57.6404060Z /usr/bin/tar: ../../../../../usr/local/lib/android/sdk/platforms/android-34/data/res/values-mcc310-mnc030-ru: Cannot utime: Operation not permitted
build	Cache Android SDK	2026-06-06T12:22:57.6404991Z /usr/bin/tar: ../../../../../usr/local/lib/android/sdk/platforms/android-34/data/res/values-mcc310-mnc030-ru: Cannot change mode to rwxr-xr-x: Operation not permitted
build	Cache Android SDK	2026-06-06T12:22:57.6407601Z /usr/bin/tar: ../../../../../usr/local/lib/android/sdk/platforms/android-34/data/res/values-mcc310-mnc950-ko: Cannot utime: Operation not permitted
build	Cache Android SDK	2026-06-06T12:22:57.6408777Z /usr/bin/tar: ../../../../../usr/local/lib/android/sdk/platforms/android-34/data/res/values-mcc310-mnc950-ko: Cannot change mode to rwxr-xr-x: Operation not permitted
build	Cache Android SDK	2026-06-06T12:22:57.6410785Z /usr/bin/tar: ../../../../../usr/local/lib/android/sdk/platforms/android-34/data/res/values-mcc310-mnc490-iw: Cannot utime: Operation not permitted
build	Cache Android SDK	2026-06-06T12:22:57.6411716Z /usr/bin/tar: ../../../../../usr/local/lib/android/sdk/platforms/android-34/data/res/values-mcc310-mnc490-iw: Cannot change mode to rwxr-xr-x: Operation not permitted
build	Cache Android SDK	2026-06-06T12:22:57.6413226Z /usr/bin/tar: ../../../../../usr/local/lib/android/sdk/platforms/android-34/data/res/values-mcc310-mnc660-uk: Cannot utime: Operation not permitted
build	Cache Android SDK	2026-06-06T12:22:57.6414388Z /usr/bin/tar: ../../../../../usr/local/lib/android/sdk/platforms/android-34/data/res/values-mcc310-mnc660-uk: Cannot change mode to rwxr-xr-x: Operation not permitted
build	Cache Android SDK	2026-06-06T12:22:57.6416940Z /usr/bin/tar: ../../../../../usr/local/lib/android/sdk/platforms/android-34/data/res/values-mcc310-mnc030-sv: Cannot utime: Operation not permitted
build	Cache Android SDK	2026-06-06T12:22:57.6418805Z /usr/bin/tar: ../../../../../usr/local/lib/android/sdk/platforms/android-34/data/res/values-mcc310-mnc030-sv: Cannot change mode to rwxr-xr-x: Operation not permitted
build	Cache Android SDK	2026-06-06T12:22:57.6420866Z /usr/bin/tar: ../../../../../usr/local/lib/android/sdk/platforms/android-34/data/res/values-w205dp: Cannot utime: Operation not permitted
build	Cache Android SDK	2026-06-06T12:22:57.6421772Z /usr/bin/tar: ../../../../../usr/local/lib/android/sdk/platforms/android-34/data/res/values-w205dp: Cannot change mode to rwxr-xr-x: Operation not permitted
build	Cache Android SDK	2026-06-06T12:22:57.6423992Z /usr/bin/tar: ../../../../../usr/local/lib/android/sdk/platforms/android-34/data/res/values-mcc310-mnc490-in: Cannot utime: Operation not permitted
build	Cache Android SDK	2026-06-06T12:22:57.6424927Z /usr/bin/tar: ../../../../../usr/local/lib/android/sdk/platforms/android-34/data/res/values-mcc310-mnc490-in: Cannot change mode to rwxr-xr-x: Operation not permitted
build	Cache Android SDK	2026-06-06T12:22:57.6426716Z /usr/bin/tar: ../../../../../usr/local/lib/android/sdk/platforms/android-34/data/res/values-mcc310-mnc220-hi: Cannot utime: Operation not permitted
build	Cache Android SDK	2026-06-06T12:22:57.6427776Z /usr/bin/tar: ../../../../../usr/local/lib/android/sdk/platforms/android-34/data/res/values-mcc310-mnc220-hi: Cannot change mode to rwxr-xr-x: Operation not permitted
build	Cache Android SDK	2026-06-06T12:22:57.6433302Z /usr/bin/tar: ../../../../../usr/local/lib/android/sdk/platforms/android-34/data/res/values-de: Cannot utime: Operation not permitted
build	Cache Android SDK	2026-06-06T12:22:57.6434167Z /usr/bin/tar: ../../../../../usr/local/lib/android/sdk/platforms/android-34/data/res/values-de: Cannot change mode to rwxr-xr-x: Operation not permitted
build	Cache Android SDK	2026-06-06T12:22:57.6435589Z /usr/bin/tar: ../../../../../usr/local/lib/android/sdk/platforms/android-34/data/res/values-mcc310-mnc250-bs: Cannot utime: Operation not permitted
build	Cache Android SDK	2026-06-06T12:22:57.6436546Z /usr/bin/tar: ../../../../../usr/local/lib/android/sdk/platforms/android-34/data/res/values-mcc310-mnc250-bs: Cannot change mode to rwxr-xr-x: Operation not permitted
build	Cache Android SDK	2026-06-06T12:22:57.6438768Z /usr/bin/tar: ../../../../../usr/local/lib/android/sdk/platforms/android-34/data/res/values-mcc310-mnc170-cs: Cannot utime: Operation not permitted
build	Cache Android SDK	2026-06-06T12:22:57.6439699Z /usr/bin/tar: ../../../../../usr/local/lib/android/sdk/platforms/android-34/data/res/values-mcc310-mnc170-cs: Cannot change mode to rwxr-xr-x: Operation not permitted
build	Cache Android SDK	2026-06-06T12:22:57.6442241Z /usr/bin/tar: ../../../../../usr/local/lib/android/sdk/platforms/android-34/data/res/values-mcc310-mnc660-es: Cannot utime: Operation not permitted
build	Cache Android SDK	2026-06-06T12:22:57.6443166Z /usr/bin/tar: ../../../../../usr/local/lib/android/sdk/platforms/android-34/data/res/values-mcc310-mnc660-es: Cannot change mode to rwxr-xr-x: Operation not permitted
build	Cache Android SDK	2026-06-06T12:22:57.6444896Z /usr/bin/tar: ../../../../../usr/local/lib/android/sdk/platforms/android-34/data/res/values-mcc313-mnc100-sk: Cannot utime: Operation not permitted
build	Cache Android SDK	2026-06-06T12:22:57.6445895Z /usr/bin/tar: ../../../../../usr/local/lib/android/sdk/platforms/android-34/data/res/values-mcc313-mnc100-sk: Cannot change mode to rwxr-xr-x: Operation not permitted
build	Cache Android SDK	2026-06-06T12:22:57.6447652Z /usr/bin/tar: ../../../../../usr/local/lib/android/sdk/platforms/android-34/data/res/values-mcc310-mnc310-zh-rHK: Cannot utime: Operation not permitted
build	Cache Android SDK	2026-06-06T12:22:57.6448630Z /usr/bin/tar: ../../../../../usr/local/lib/android/sdk/platforms/android-34/data/res/values-mcc310-mnc310-zh-rHK: Cannot change mode to rwxr-xr-x: Operation not permitted
build	Cache Android SDK	2026-06-06T12:22:57.6450378Z /usr/bin/tar: ../../../../../usr/local/lib/android/sdk/platforms/android-34/data/res/values-mcc001-mnc01-pl: Cannot utime: Operation not permitted
build	Cache Android SDK	2026-06-06T12:22:57.6451392Z /usr/bin/tar: ../../../../../usr/local/lib/android/sdk/platforms/android-34/data/res/values-mcc001-mnc01-pl: Cannot change mode to rwxr-xr-x: Operation not permitted
build	Cache Android SDK	2026-06-06T12:22:57.6453665Z /usr/bin/tar: ../../../../../usr/local/lib/android/sdk/platforms/android-34/data/res/values-mcc310-mnc250-gu: Cannot utime: Operation not permitted
build	Cache Android SDK	2026-06-06T12:22:57.6454685Z /usr/bin/tar: ../../../../../usr/local/lib/android/sdk/platforms/android-34/data/res/values-mcc310-mnc250-gu: Cannot change mode to rwxr-xr-x: Operation not permitted
build	Cache Android SDK	2026-06-06T12:22:57.6456260Z /usr/bin/tar: ../../../../../usr/local/lib/android/sdk/platforms/android-34/data/res/values-mcc311-mnc180-sq: Cannot utime: Operation not permitted
build	Cache Android SDK	2026-06-06T12:22:57.6457207Z /usr/bin/tar: ../../../../../usr/local/lib/android/sdk/platforms/android-34/data/res/values-mcc311-mnc180-sq: Cannot change mode to rwxr-xr-x: Operation not permitted
build	Cache Android SDK	2026-06-06T12:22:57.6459640Z /usr/bin/tar: ../../../../../usr/local/lib/android/sdk/platforms/android-34/data/res/values-mcc310-mnc950-zu: Cannot utime: Operation not permitted
build	Cache Android SDK	2026-06-06T12:22:57.6460581Z /usr/bin/tar: ../../../../../usr/local/lib/android/sdk/platforms/android-34/data/res/values-mcc310-mnc950-zu: Cannot change mode to rwxr-xr-x: Operation not permitted
build	Cache Android SDK	2026-06-06T12:22:57.6462837Z /usr/bin/tar: ../../../../../usr/local/lib/android/sdk/platforms/android-34/data/res/values-mcc312-mnc670-gl: Cannot utime: Operation not permitted
build	Cache Android SDK	2026-06-06T12:22:57.6463807Z /usr/bin/tar: ../../../../../usr/local/lib/android/sdk/platforms/android-34/data/res/values-mcc312-mnc670-gl: Cannot change mode to rwxr-xr-x: Operation not permitted
build	Cache Android SDK	2026-06-06T12:22:57.6465374Z /usr/bin/tar: ../../../../../usr/local/lib/android/sdk/platforms/android-34/data/res/values-mcc313-mnc100-eu: Cannot utime: Operation not permitted
build	Cache Android SDK	2026-06-06T12:22:57.6466386Z /usr/bin/tar: ../../../../../usr/local/lib/android/sdk/platforms/android-34/data/res/values-mcc313-mnc100-eu: Cannot change mode to rwxr-xr-x: Operation not permitted
build	Cache Android SDK	2026-06-06T12:22:57.6468912Z /usr/bin/tar: ../../../../../usr/local/lib/android/sdk/platforms/android-34/data/res/values-mcc310-mnc410-pa: Cannot utime: Operation not permitted
build	Cache Android SDK	2026-06-06T12:22:57.6469923Z /usr/bin/tar: ../../../../../usr/local/lib/android/sdk/platforms/android-34/data/res/values-mcc310-mnc410-pa: Cannot change mode to rwxr-xr-x: Operation not permitted
build	Cache Android SDK	2026-06-06T12:22:57.6474553Z /usr/bin/tar: ../../../../../usr/local/lib/android/sdk/platforms/android-34/data/res/values-pt-rBR: Cannot utime: Operation not permitted
build	Cache Android SDK	2026-06-06T12:22:57.6475697Z /usr/bin/tar: ../../../../../usr/local/lib/android/sdk/platforms/android-34/data/res/values-pt-rBR: Cannot change mode to rwxr-xr-x: Operation not permitted
build	Cache Android SDK	2026-06-06T12:22:57.6477233Z /usr/bin/tar: ../../../../../usr/local/lib/android/sdk/platforms/android-34/data/res/values-mcc310-mnc410-pt-rPT: Cannot utime: Operation not permitted
build	Cache Android SDK	2026-06-06T12:22:57.6478389Z /usr/bin/tar: ../../../../../usr/local/lib/android/sdk/platforms/android-34/data/res/values-mcc310-mnc410-pt-rPT: Cannot change mode to rwxr-xr-x: Operation not permitted
build	Cache Android SDK	2026-06-06T12:22:57.6480310Z /usr/bin/tar: ../../../../../usr/local/lib/android/sdk/platforms/android-34/data/res/values-mcc310-mnc380-pt-rBR: Cannot utime: Operation not permitted
build	Cache Android SDK	2026-06-06T12:22:57.6481338Z /usr/bin/tar: ../../../../../usr/local/lib/android/sdk/platforms/android-34/data/res/values-mcc310-mnc380-pt-rBR: Cannot change mode to rwxr-xr-x: Operation not permitted
build	Cache Android SDK	2026-06-06T12:22:57.6483436Z /usr/bin/tar: ../../../../../usr/local/lib/android/sdk/platforms/android-34/data/res/values-mcc310-mnc560-pl: Cannot utime: Operation not permitted
build	Cache Android SDK	2026-06-06T12:22:57.6484377Z /usr/bin/tar: ../../../../../usr/local/lib/android/sdk/platforms/android-34/data/res/values-mcc310-mnc560-pl: Cannot change mode to rwxr-xr-x: Operation not permitted
build	Cache Android SDK	2026-06-06T12:22:57.6486487Z /usr/bin/tar: ../../../../../usr/local/lib/android/sdk/platforms/android-34/data/res/values-mcc310-mnc200-fa: Cannot utime: Operation not permitted
build	Cache Android SDK	2026-06-06T12:22:57.6487799Z /usr/bin/tar: ../../../../../usr/local/lib/android/sdk/platforms/android-34/data/res/values-mcc310-mnc200-fa: Cannot change mode to rwxr-xr-x: Operation not permitted
build	Cache Android SDK	2026-06-06T12:22:57.6490027Z /usr/bin/tar: ../../../../../usr/local/lib/android/sdk/platforms/android-34/data/res/values-mcc310-mnc280-my: Cannot utime: Operation not permitted
build	Cache Android SDK	2026-06-06T12:22:57.6491021Z /usr/bin/tar: ../../../../../usr/local/lib/android/sdk/platforms/android-34/data/res/values-mcc310-mnc280-my: Cannot change mode to rwxr-xr-x: Operation not permitted
build	Cache Android SDK	2026-06-06T12:22:57.6493110Z /usr/bin/tar: ../../../../../usr/local/lib/android/sdk/platforms/android-34/data/res/values-mcc313-mnc100-en-rXC: Cannot utime: Operation not permitted
build	Cache Android SDK	2026-06-06T12:22:57.6494073Z /usr/bin/tar: ../../../../../usr/local/lib/android/sdk/platforms/android-34/data/res/values-mcc313-mnc100-en-rXC: Cannot change mode to rwxr-xr-x: Operation not permitted
build	Cache Android SDK	2026-06-06T12:22:57.6497125Z /usr/bin/tar: ../../../../../usr/local/lib/android/sdk/platforms/android-34/data/res/values-mcc001-mnc01-zu: Cannot utime: Operation not permitted
build	Cache Android SDK	2026-06-06T12:22:57.6498889Z /usr/bin/tar: ../../../../../usr/local/lib/android/sdk/platforms/android-34/data/res/values-mcc001-mnc01-zu: Cannot change mode to rwxr-xr-x: Operation not permitted
build	Cache Android SDK	2026-06-06T12:22:57.6499995Z /usr/bin/tar: ../../../../../usr/local/lib/android/sdk/platforms/android-34/data/res/values-mcc310-mnc560-tr: Cannot utime: Operation not permitted
build	Cache Android SDK	2026-06-06T12:22:57.6500922Z /usr/bin/tar: ../../../../../usr/local/lib/android/sdk/platforms/android-34/data/res/values-mcc310-mnc560-tr: Cannot change mode to rwxr-xr-x: Operation not permitted
build	Cache Android SDK	2026-06-06T12:22:57.6503775Z /usr/bin/tar: ../../../../../usr/local/lib/android/sdk/platforms/android-34/data/res/values-kk-television: Cannot utime: Operation not permitted
build	Cache Android SDK	2026-06-06T12:22:57.6504702Z /usr/bin/tar: ../../../../../usr/local/lib/android/sdk/platforms/android-34/data/res/values-kk-television: Cannot change mode to rwxr-xr-x: Operation not permitted
build	Cache Android SDK	2026-06-06T12:22:57.6506754Z /usr/bin/tar: ../../../../../usr/local/lib/android/sdk/platforms/android-34/data/res/values-mcc310-mnc250-pl: Cannot utime: Operation not permitted
build	Cache Android SDK	2026-06-06T12:22:57.6507835Z /usr/bin/tar: ../../../../../usr/local/lib/android/sdk/platforms/android-34/data/res/values-mcc310-mnc250-pl: Cannot change mode to rwxr-xr-x: Operation not permitted
build	Cache Android SDK	2026-06-06T12:22:57.7011290Z /usr/bin/tar: ../../../../../usr/local/lib/android/sdk/platforms/android-34/data/res/drawable-xhdpi: Cannot utime: Operation not permitted
build	Cache Android SDK	2026-06-06T12:22:57.7012639Z /usr/bin/tar: ../../../../../usr/local/lib/android/sdk/platforms/android-34/data/res/drawable-xhdpi: Cannot change mode to rwxr-xr-x: Operation not permitted
build	Cache Android SDK	2026-06-06T12:22:57.7014088Z /usr/bin/tar: ../../../../../usr/local/lib/android/sdk/platforms/android-34/data/res/values-mcc310-mnc410-ml: Cannot utime: Operation not permitted
build	Cache Android SDK	2026-06-06T12:22:57.7015042Z /usr/bin/tar: ../../../../../usr/local/lib/android/sdk/platforms/android-34/data/res/values-mcc310-mnc410-ml: Cannot change mode to rwxr-xr-x: Operation not permitted
build	Cache Android SDK	2026-06-06T12:22:57.7017089Z /usr/bin/tar: ../../../../../usr/local/lib/android/sdk/platforms/android-34/data/res/values-mcc466-mnc92: Cannot utime: Operation not permitted
build	Cache Android SDK	2026-06-06T12:22:57.7018293Z /usr/bin/tar: ../../../../../usr/local/lib/android/sdk/platforms/android-34/data/res/values-mcc466-mnc92: Cannot change mode to rwxr-xr-x: Operation not permitted
build	Cache Android SDK	2026-06-06T12:22:57.7020928Z /usr/bin/tar: ../../../../../usr/local/lib/android/sdk/platforms/android-34/data/res/values-mcc310-mnc210-sl: Cannot utime: Operation not permitted
build	Cache Android SDK	2026-06-06T12:22:57.7021995Z /usr/bin/tar: ../../../../../usr/local/lib/android/sdk/platforms/android-34/data/res/values-mcc310-mnc210-sl: Cannot change mode to rwxr-xr-x: Operation not permitted
build	Cache Android SDK	2026-06-06T12:22:57.7023559Z /usr/bin/tar: ../../../../../usr/local/lib/android/sdk/platforms/android-34/data/res/values-as-television: Cannot utime: Operation not permitted
build	Cache Android SDK	2026-06-06T12:22:57.7024479Z /usr/bin/tar: ../../../../../usr/local/lib/android/sdk/platforms/android-34/data/res/values-as-television: Cannot change mode to rwxr-xr-x: Operation not permitted
build	Cache Android SDK	2026-06-06T12:22:57.7027046Z /usr/bin/tar: ../../../../../usr/local/lib/android/sdk/platforms/android-34/data/res/values-mcc310-mnc380-sq: Cannot utime: Operation not permitted
build	Cache Android SDK	2026-06-06T12:22:57.7028142Z /usr/bin/tar: ../../../../../usr/local/lib/android/sdk/platforms/android-34/data/res/values-mcc310-mnc380-sq: Cannot change mode to rwxr-xr-x: Operation not permitted
build	Cache Android SDK	2026-06-06T12:22:57.7030319Z /usr/bin/tar: ../../../../../usr/local/lib/android/sdk/platforms/android-34/data/res/values-en-rIE: Cannot utime: Operation not permitted
build	Cache Android SDK	2026-06-06T12:22:57.7031231Z /usr/bin/tar: ../../../../../usr/local/lib/android/sdk/platforms/android-34/data/res/values-en-rIE: Cannot change mode to rwxr-xr-x: Operation not permitted
build	Cache Android SDK	2026-06-06T12:22:57.7033875Z /usr/bin/tar: ../../../../../usr/local/lib/android/sdk/platforms/android-34/data/res/values-mcc310-mnc250-zu: Cannot utime: Operation not permitted
build	Cache Android SDK	2026-06-06T12:22:57.7034903Z /usr/bin/tar: ../../../../../usr/local/lib/android/sdk/platforms/android-34/data/res/values-mcc310-mnc250-zu: Cannot change mode to rwxr-xr-x: Operation not permitted
build	Cache Android SDK	2026-06-06T12:22:57.7036612Z /usr/bin/tar: ../../../../../usr/local/lib/android/sdk/platforms/android-34/data/res/values-mcc310-mnc410-lo: Cannot utime: Operation not permitted
build	Cache Android SDK	2026-06-06T12:22:57.7037723Z /usr/bin/tar: ../../../../../usr/local/lib/android/sdk/platforms/android-34/data/res/values-mcc310-mnc410-lo: Cannot change mode to rwxr-xr-x: Operation not permitted
build	Cache Android SDK	2026-06-06T12:22:57.7040554Z /usr/bin/tar: ../../../../../usr/local/lib/android/sdk/platforms/android-34/data/res/values-kk-watch: Cannot utime: Operation not permitted
build	Cache Android SDK	2026-06-06T12:22:57.7041447Z /usr/bin/tar: ../../../../../usr/local/lib/android/sdk/platforms/android-34/data/res/values-kk-watch: Cannot change mode to rwxr-xr-x: Operation not permitted
build	Cache Android SDK	2026-06-06T12:22:57.7044509Z /usr/bin/tar: ../../../../../usr/local/lib/android/sdk/platforms/android-34/data/res/values-mcc432: Cannot utime: Operation not permitted
build	Cache Android SDK	2026-06-06T12:22:57.7045402Z /usr/bin/tar: ../../../../../usr/local/lib/android/sdk/platforms/android-34/data/res/values-mcc432: Cannot change mode to rwxr-xr-x: Operation not permitted
build	Cache Android SDK	2026-06-06T12:22:57.7049339Z /usr/bin/tar: ../../../../../usr/local/lib/android/sdk/platforms/android-34/data/res/values-mcc310-mnc380-ne: Cannot utime: Operation not permitted
build	Cache Android SDK	2026-06-06T12:22:57.7049847Z /usr/bin/tar: ../../../../../usr/local/lib/android/sdk/platforms/android-34/data/res/values-mcc310-mnc380-ne: Cannot change mode to rwxr-xr-x: Operation not permitted
build	Cache Android SDK	2026-06-06T12:22:57.7052825Z /usr/bin/tar: ../../../../../usr/local/lib/android/sdk/platforms/android-34/data/res/values-mcc001-mnc01-uz: Cannot utime: Operation not permitted
build	Cache Android SDK	2026-06-06T12:22:57.7053415Z /usr/bin/tar: ../../../../../usr/local/lib/android/sdk/platforms/android-34/data/res/values-mcc001-mnc01-uz: Cannot change mode to rwxr-xr-x: Operation not permitted
build	Cache Android SDK	2026-06-06T12:22:57.7056647Z /usr/bin/tar: ../../../../../usr/local/lib/android/sdk/platforms/android-34/data/res/values-mcc312-mnc670-it: Cannot utime: Operation not permitted
build	Cache Android SDK	2026-06-06T12:22:57.7057308Z /usr/bin/tar: ../../../../../usr/local/lib/android/sdk/platforms/android-34/data/res/values-mcc312-mnc670-it: Cannot change mode to rwxr-xr-x: Operation not permitted
build	Cache Android SDK	2026-06-06T12:22:57.7060125Z /usr/bin/tar: ../../../../../usr/local/lib/android/sdk/platforms/android-34/data/res/values-mcc722-mnc07: Cannot utime: Operation not permitted
build	Cache Android SDK	2026-06-06T12:22:57.7060968Z /usr/bin/tar: ../../../../../usr/local/lib/android/sdk/platforms/android-34/data/res/values-mcc722-mnc07: Cannot change mode to rwxr-xr-x: Operation not permitted
build	Cache Android SDK	2026-06-06T12:22:57.7063581Z /usr/bin/tar: ../../../../../usr/local/lib/android/sdk/platforms/android-34/data/res/values-mcc310-mnc310-eu: Cannot utime: Operation not permitted
build	Cache Android SDK	2026-06-06T12:22:57.7064093Z /usr/bin/tar: ../../../../../usr/local/lib/android/sdk/platforms/android-34/data/res/values-mcc310-mnc310-eu: Cannot change mode to rwxr-xr-x: Operation not permitted
build	Cache Android SDK	2026-06-06T12:22:57.7066174Z /usr/bin/tar: ../../../../../usr/local/lib/android/sdk/platforms/android-34/data/res/values-mcc235-mnc94: Cannot utime: Operation not permitted
build	Cache Android SDK	2026-06-06T12:22:57.7066633Z /usr/bin/tar: ../../../../../usr/local/lib/android/sdk/platforms/android-34/data/res/values-mcc235-mnc94: Cannot change mode to rwxr-xr-x: Operation not permitted
build	Cache Android SDK	2026-06-06T12:22:57.7069447Z /usr/bin/tar: ../../../../../usr/local/lib/android/sdk/platforms/android-34/data/res/values-mcc311-mnc180-sk: Cannot utime: Operation not permitted
build	Cache Android SDK	2026-06-06T12:22:57.7069913Z /usr/bin/tar: ../../../../../usr/local/lib/android/sdk/platforms/android-34/data/res/values-mcc311-mnc180-sk: Cannot change mode to rwxr-xr-x: Operation not permitted
build	Cache Android SDK	2026-06-06T12:22:57.7072108Z /usr/bin/tar: ../../../../../usr/local/lib/android/sdk/platforms/android-34/data/res/values-mcc310-mnc170-es: Cannot utime: Operation not permitted
build	Cache Android SDK	2026-06-06T12:22:57.7072578Z /usr/bin/tar: ../../../../../usr/local/lib/android/sdk/platforms/android-34/data/res/values-mcc310-mnc170-es: Cannot change mode to rwxr-xr-x: Operation not permitted
build	Cache Android SDK	2026-06-06T12:22:57.7075054Z /usr/bin/tar: ../../../../../usr/local/lib/android/sdk/platforms/android-34/data/res/values-mcc310-mnc240-my: Cannot utime: Operation not permitted
build	Cache Android SDK	2026-06-06T12:22:57.7075514Z /usr/bin/tar: ../../../../../usr/local/lib/android/sdk/platforms/android-34/data/res/values-mcc310-mnc240-my: Cannot change mode to rwxr-xr-x: Operation not permitted
build	Cache Android SDK	2026-06-06T12:22:57.7077953Z /usr/bin/tar: ../../../../../usr/local/lib/android/sdk/platforms/android-34/data/res/values-am-television: Cannot utime: Operation not permitted
build	Cache Android SDK	2026-06-06T12:22:57.7078395Z /usr/bin/tar: ../../../../../usr/local/lib/android/sdk/platforms/android-34/data/res/values-am-television: Cannot change mode to rwxr-xr-x: Operation not permitted
build	Cache Android SDK	2026-06-06T12:22:57.7081396Z /usr/bin/tar: ../../../../../usr/local/lib/android/sdk/platforms/android-34/data/res/values-mcc302-mnc370-in: Cannot utime: Operation not permitted
build	Cache Android SDK	2026-06-06T12:22:57.7085053Z /usr/bin/tar: ../../../../../usr/local/lib/android/sdk/platforms/android-34/data/res/values-mcc302-mnc370-in: Cannot change mode to rwxr-xr-x: Operation not permitted
build	Cache Android SDK	2026-06-06T12:22:57.7085541Z /usr/bin/tar: ../../../../../usr/local/lib/android/sdk/platforms/android-34/data/res/values-mcc310-mnc270-ml: Cannot utime: Operation not permitted
build	Cache Android SDK	2026-06-06T12:22:57.7086367Z /usr/bin/tar: ../../../../../usr/local/lib/android/sdk/platforms/android-34/data/res/values-mcc310-mnc270-ml: Cannot change mode to rwxr-xr-x: Operation not permitted
build	Cache Android SDK	2026-06-06T12:22:57.7087618Z /usr/bin/tar: ../../../../../usr/local/lib/android/sdk/platforms/android-34/data/res/values-mcc302-mnc370-ru: Cannot utime: Operation not permitted
build	Cache Android SDK	2026-06-06T12:22:57.7088305Z /usr/bin/tar: ../../../../../usr/local/lib/android/sdk/platforms/android-34/data/res/values-mcc302-mnc370-ru: Cannot change mode to rwxr-xr-x: Operation not permitted
build	Cache Android SDK	2026-06-06T12:22:57.7090782Z /usr/bin/tar: ../../../../../usr/local/lib/android/sdk/platforms/android-34/data/res/values-mcc310-mnc950-ro: Cannot utime: Operation not permitted
build	Cache Android SDK	2026-06-06T12:22:57.7091333Z /usr/bin/tar: ../../../../../usr/local/lib/android/sdk/platforms/android-34/data/res/values-mcc310-mnc950-ro: Cannot change mode to rwxr-xr-x: Operation not permitted
build	Cache Android SDK	2026-06-06T12:22:57.7093758Z /usr/bin/tar: ../../../../../usr/local/lib/android/sdk/platforms/android-34/data/res/values-te-watch: Cannot utime: Operation not permitted
build	Cache Android SDK	2026-06-06T12:22:57.7094196Z /usr/bin/tar: ../../../../../usr/local/lib/android/sdk/platforms/android-34/data/res/values-te-watch: Cannot change mode to rwxr-xr-x: Operation not permitted
build	Cache Android SDK	2026-06-06T12:22:57.7096479Z /usr/bin/tar: ../../../../../usr/local/lib/android/sdk/platforms/android-34/data/res/values-mcc310-mnc410-pl: Cannot utime: Operation not permitted
build	Cache Android SDK	2026-06-06T12:22:57.7096934Z /usr/bin/tar: ../../../../../usr/local/lib/android/sdk/platforms/android-34/data/res/values-mcc310-mnc410-pl: Cannot change mode to rwxr-xr-x: Operation not permitted
build	Cache Android SDK	2026-06-06T12:22:57.7099449Z /usr/bin/tar: ../../../../../usr/local/lib/android/sdk/platforms/android-34/data/res/values-mcc310-mnc220-is: Cannot utime: Operation not permitted
build	Cache Android SDK	2026-06-06T12:22:57.7099919Z /usr/bin/tar: ../../../../../usr/local/lib/android/sdk/platforms/android-34/data/res/values-mcc310-mnc220-is: Cannot change mode to rwxr-xr-x: Operation not permitted
build	Cache Android SDK	2026-06-06T12:22:57.7102643Z /usr/bin/tar: ../../../../../usr/local/lib/android/sdk/platforms/android-34/data/res/values-mcc310-mnc170-nl: Cannot utime: Operation not permitted
build	Cache Android SDK	2026-06-06T12:22:57.7103107Z /usr/bin/tar: ../../../../../usr/local/lib/android/sdk/platforms/android-34/data/res/values-mcc310-mnc170-nl: Cannot change mode to rwxr-xr-x: Operation not permitted
build	Cache Android SDK	2026-06-06T12:22:57.7105509Z /usr/bin/tar: ../../../../../usr/local/lib/android/sdk/platforms/android-34/data/res/values-mcc310-mnc380-el: Cannot utime: Operation not permitted
build	Cache Android SDK	2026-06-06T12:22:57.7105973Z /usr/bin/tar: ../../../../../usr/local/lib/android/sdk/platforms/android-34/data/res/values-mcc310-mnc380-el: Cannot change mode to rwxr-xr-x: Operation not permitted
build	Cache Android SDK	2026-06-06T12:22:57.7108586Z /usr/bin/tar: ../../../../../usr/local/lib/android/sdk/platforms/android-34/data/res/values-mcc334-mnc020-lt: Cannot utime: Operation not permitted
build	Cache Android SDK	2026-06-06T12:22:57.7109046Z /usr/bin/tar: ../../../../../usr/local/lib/android/sdk/platforms/android-34/data/res/values-mcc334-mnc020-lt: Cannot change mode to rwxr-xr-x: Operation not permitted
build	Cache Android SDK	2026-06-06T12:22:57.7111132Z /usr/bin/tar: ../../../../../usr/local/lib/android/sdk/platforms/android-34/data/res/values-mcc302-mnc370-si: Cannot utime: Operation not permitted
build	Cache Android SDK	2026-06-06T12:22:57.7111583Z /usr/bin/tar: ../../../../../usr/local/lib/android/sdk/platforms/android-34/data/res/values-mcc302-mnc370-si: Cannot change mode to rwxr-xr-x: Operation not permitted
build	Cache Android SDK	2026-06-06T12:22:57.7114240Z /usr/bin/tar: ../../../../../usr/local/lib/android/sdk/platforms/android-34/data/res/drawable-land-xhdpi: Cannot utime: Operation not permitted
build	Cache Android SDK	2026-06-06T12:22:57.7114707Z /usr/bin/tar: ../../../../../usr/local/lib/android/sdk/platforms/android-34/data/res/drawable-land-xhdpi: Cannot change mode to rwxr-xr-x: Operation not permitted
build	Cache Android SDK	2026-06-06T12:22:57.7116889Z /usr/bin/tar: ../../../../../usr/local/lib/android/sdk/platforms/android-34/data/res/values-mcc310-mnc560-ko: Cannot utime: Operation not permitted
build	Cache Android SDK	2026-06-06T12:22:57.7117343Z /usr/bin/tar: ../../../../../usr/local/lib/android/sdk/platforms/android-34/data/res/values-mcc310-mnc560-ko: Cannot change mode to rwxr-xr-x: Operation not permitted
build	Cache Android SDK	2026-06-06T12:22:57.7119894Z /usr/bin/tar: ../../../../../usr/local/lib/android/sdk/platforms/android-34/data/res/values-ms-rMY: Cannot utime: Operation not permitted
build	Cache Android SDK	2026-06-06T12:22:57.7120326Z /usr/bin/tar: ../../../../../usr/local/lib/android/sdk/platforms/android-34/data/res/values-ms-rMY: Cannot change mode to rwxr-xr-x: Operation not permitted
build	Cache Android SDK	2026-06-06T12:22:57.7123131Z /usr/bin/tar: ../../../../../usr/local/lib/android/sdk/platforms/android-34/data/res/values-mcc310-mnc230-de: Cannot utime: Operation not permitted
build	Cache Android SDK	2026-06-06T12:22:57.7123682Z /usr/bin/tar: ../../../../../usr/local/lib/android/sdk/platforms/android-34/data/res/values-mcc310-mnc230-de: Cannot change mode to rwxr-xr-x: Operation not permitted
build	Cache Android SDK	2026-06-06T12:22:57.7126170Z /usr/bin/tar: ../../../../../usr/local/lib/android/sdk/platforms/android-34/data/res/values-mcc310-mnc280-zu: Cannot utime: Operation not permitted
build	Cache Android SDK	2026-06-06T12:22:57.7126638Z /usr/bin/tar: ../../../../../usr/local/lib/android/sdk/platforms/android-34/data/res/values-mcc310-mnc280-zu: Cannot change mode to rwxr-xr-x: Operation not permitted
build	Cache Android SDK	2026-06-06T12:22:57.7129825Z /usr/bin/tar: ../../../../../usr/local/lib/android/sdk/platforms/android-34/data/res/values-mcc310-mnc230-tl: Cannot utime: Operation not permitted
build	Cache Android SDK	2026-06-06T12:22:57.7130293Z /usr/bin/tar: ../../../../../usr/local/lib/android/sdk/platforms/android-34/data/res/values-mcc310-mnc230-tl: Cannot change mode to rwxr-xr-x: Operation not permitted
build	Cache Android SDK	2026-06-06T12:22:57.7132839Z /usr/bin/tar: ../../../../../usr/local/lib/android/sdk/platforms/android-34/data/res/values-mcc310-mnc280-bs: Cannot utime: Operation not permitted
build	Cache Android SDK	2026-06-06T12:22:57.7133298Z /usr/bin/tar: ../../../../../usr/local/lib/android/sdk/platforms/android-34/data/res/values-mcc310-mnc280-bs: Cannot change mode to rwxr-xr-x: Operation not permitted
build	Cache Android SDK	2026-06-06T12:22:57.7136807Z /usr/bin/tar: ../../../../../usr/local/lib/android/sdk/platforms/android-34/data/res/values-mcc310-mnc230-af: Cannot utime: Operation not permitted
build	Cache Android SDK	2026-06-06T12:22:57.7137269Z /usr/bin/tar: ../../../../../usr/local/lib/android/sdk/platforms/android-34/data/res/values-mcc310-mnc230-af: Cannot change mode to rwxr-xr-x: Operation not permitted
build	Cache Android SDK	2026-06-06T12:22:57.7140690Z /usr/bin/tar: ../../../../../usr/local/lib/android/sdk/platforms/android-34/data/res/values-mcc310-mnc160-mk: Cannot utime: Operation not permitted
build	Cache Android SDK	2026-06-06T12:22:57.7141162Z /usr/bin/tar: ../../../../../usr/local/lib/android/sdk/platforms/android-34/data/res/values-mcc310-mnc160-mk: Cannot change mode to rwxr-xr-x: Operation not permitted
build	Cache Android SDK	2026-06-06T12:22:57.7143980Z /usr/bin/tar: ../../../../../usr/local/lib/android/sdk/platforms/android-34/data/res/values-mcc312-mnc670-bg: Cannot utime: Operation not permitted
build	Cache Android SDK	2026-06-06T12:22:57.7144495Z /usr/bin/tar: ../../../../../usr/local/lib/android/sdk/platforms/android-34/data/res/values-mcc312-mnc670-bg: Cannot change mode to rwxr-xr-x: Operation not permitted
build	Cache Android SDK	2026-06-06T12:22:57.7146904Z /usr/bin/tar: ../../../../../usr/local/lib/android/sdk/platforms/android-34/data/res/values-mcc312-mnc670-pa: Cannot utime: Operation not permitted
build	Cache Android SDK	2026-06-06T12:22:57.7147485Z /usr/bin/tar: ../../../../../usr/local/lib/android/sdk/platforms/android-34/data/res/values-mcc312-mnc670-pa: Cannot change mode to rwxr-xr-x: Operation not permitted
build	Cache Android SDK	2026-06-06T12:22:57.7150083Z /usr/bin/tar: ../../../../../usr/local/lib/android/sdk/platforms/android-34/data/res/values-w192dp: Cannot utime: Operation not permitted
build	Cache Android SDK	2026-06-06T12:22:57.7150554Z /usr/bin/tar: ../../../../../usr/local/lib/android/sdk/platforms/android-34/data/res/values-w192dp: Cannot change mode to rwxr-xr-x: Operation not permitted
build	Cache Android SDK	2026-06-06T12:22:57.7152916Z /usr/bin/tar: ../../../../../usr/local/lib/android/sdk/platforms/android-34/data/res/values-mcc310-mnc170-my: Cannot utime: Operation not permitted
build	Cache Android SDK	2026-06-06T12:22:57.7153405Z /usr/bin/tar: ../../../../../usr/local/lib/android/sdk/platforms/android-34/data/res/values-mcc310-mnc170-my: Cannot change mode to rwxr-xr-x: Operation not permitted
build	Cache Android SDK	2026-06-06T12:22:57.7155468Z /usr/bin/tar: ../../../../../usr/local/lib/android/sdk/platforms/android-34/data/res/values-sw720dp-land: Cannot utime: Operation not permitted
build	Cache Android SDK	2026-06-06T12:22:57.7155993Z /usr/bin/tar: ../../../../../usr/local/lib/android/sdk/platforms/android-34/data/res/values-sw720dp-land: Cannot change mode to rwxr-xr-x: Operation not permitted
build	Cache Android SDK	2026-06-06T12:22:57.7158484Z /usr/bin/tar: ../../../../../usr/local/lib/android/sdk/platforms/android-34/data/res/values-mcc310-mnc200-en-rAU: Cannot utime: Operation not permitted
build	Cache Android SDK	2026-06-06T12:22:57.7159118Z /usr/bin/tar: ../../../../../usr/local/lib/android/sdk/platforms/android-34/data/res/values-mcc310-mnc200-en-rAU: Cannot change mode to rwxr-xr-x: Operation not permitted
build	Cache Android SDK	2026-06-06T12:22:57.7162138Z /usr/bin/tar: ../../../../../usr/local/lib/android/sdk/platforms/android-34/data/res/values-mcc312-mnc670-pl: Cannot utime: Operation not permitted
build	Cache Android SDK	2026-06-06T12:22:57.7162657Z /usr/bin/tar: ../../../../../usr/local/lib/android/sdk/platforms/android-34/data/res/values-mcc312-mnc670-pl: Cannot change mode to rwxr-xr-x: Operation not permitted
build	Cache Android SDK	2026-06-06T12:22:57.7165372Z /usr/bin/tar: ../../../../../usr/local/lib/android/sdk/platforms/android-34/data/res/values-mcc310-mnc120: Cannot utime: Operation not permitted
build	Cache Android SDK	2026-06-06T12:22:57.7165871Z /usr/bin/tar: ../../../../../usr/local/lib/android/sdk/platforms/android-34/data/res/values-mcc310-mnc120: Cannot change mode to rwxr-xr-x: Operation not permitted
build	Cache Android SDK	2026-06-06T12:22:57.7169479Z /usr/bin/tar: ../../../../../usr/local/lib/android/sdk/platforms/android-34/data/res/values-mcc310-mnc950-b+sr+Latn: Cannot utime: Operation not permitted
build	Cache Android SDK	2026-06-06T12:22:57.7170087Z /usr/bin/tar: ../../../../../usr/local/lib/android/sdk/platforms/android-34/data/res/values-mcc310-mnc950-b+sr+Latn: Cannot change mode to rwxr-xr-x: Operation not permitted
build	Cache Android SDK	2026-06-06T12:22:57.7173158Z /usr/bin/tar: ../../../../../usr/local/lib/android/sdk/platforms/android-34/data/res/values-mcc310-mnc490-ne: Cannot utime: Operation not permitted
build	Cache Android SDK	2026-06-06T12:22:57.7173637Z /usr/bin/tar: ../../../../../usr/local/lib/android/sdk/platforms/android-34/data/res/values-mcc310-mnc490-ne: Cannot change mode to rwxr-xr-x: Operation not permitted
build	Cache Android SDK	2026-06-06T12:22:57.7175920Z /usr/bin/tar: ../../../../../usr/local/lib/android/sdk/platforms/android-34/data/res/values-mcc310-mnc230: Cannot utime: Operation not permitted
build	Cache Android SDK	2026-06-06T12:22:57.7176397Z /usr/bin/tar: ../../../../../usr/local/lib/android/sdk/platforms/android-34/data/res/values-mcc310-mnc230: Cannot change mode to rwxr-xr-x: Operation not permitted
build	Cache Android SDK	2026-06-06T12:22:57.7178957Z /usr/bin/tar: ../../../../../usr/local/lib/android/sdk/platforms/android-34/data/res/values-mcc310-mnc230-am: Cannot utime: Operation not permitted
build	Cache Android SDK	2026-06-06T12:22:57.7179435Z /usr/bin/tar: ../../../../../usr/local/lib/android/sdk/platforms/android-34/data/res/values-mcc310-mnc230-am: Cannot change mode to rwxr-xr-x: Operation not permitted
build	Cache Android SDK	2026-06-06T12:22:57.7182223Z /usr/bin/tar: ../../../../../usr/local/lib/android/sdk/platforms/android-34/data/res/raw-zh-rTW: Cannot utime: Operation not permitted
build	Cache Android SDK	2026-06-06T12:22:57.7182705Z /usr/bin/tar: ../../../../../usr/local/lib/android/sdk/platforms/android-34/data/res/raw-zh-rTW: Cannot change mode to rwxr-xr-x: Operation not permitted
build	Cache Android SDK	2026-06-06T12:22:57.7188998Z /usr/bin/tar: ../../../../../usr/local/lib/android/sdk/platforms/android-34/data/res/values-mcc310-mnc160-sv: Cannot utime: Operation not permitted
build	Cache Android SDK	2026-06-06T12:22:57.7189468Z /usr/bin/tar: ../../../../../usr/local/lib/android/sdk/platforms/android-34/data/res/values-mcc310-mnc160-sv: Cannot change mode to rwxr-xr-x: Operation not permitted
build	Cache Android SDK	2026-06-06T12:22:57.7191971Z /usr/bin/tar: ../../../../../usr/local/lib/android/sdk/platforms/android-34/data/res/values-mcc001-mnc01-et: Cannot utime: Operation not permitted
build	Cache Android SDK	2026-06-06T12:22:57.7192462Z /usr/bin/tar: ../../../../../usr/local/lib/android/sdk/platforms/android-34/data/res/values-mcc001-mnc01-et: Cannot change mode to rwxr-xr-x: Operation not permitted
build	Cache Android SDK	2026-06-06T12:22:57.7195128Z /usr/bin/tar: ../../../../../usr/local/lib/android/sdk/platforms/android-34/data/res/values-es-rGT: Cannot utime: Operation not permitted
build	Cache Android SDK	2026-06-06T12:22:57.7195653Z /usr/bin/tar: ../../../../../usr/local/lib/android/sdk/platforms/android-34/data/res/values-es-rGT: Cannot change mode to rwxr-xr-x: Operation not permitted
build	Cache Android SDK	2026-06-06T12:22:57.7198368Z /usr/bin/tar: ../../../../../usr/local/lib/android/sdk/platforms/android-34/data/res/values-mcc310-mnc030-en-rIN: Cannot utime: Operation not permitted
build	Cache Android SDK	2026-06-06T12:22:57.7199002Z /usr/bin/tar: ../../../../../usr/local/lib/android/sdk/platforms/android-34/data/res/values-mcc310-mnc030-en-rIN: Cannot change mode to rwxr-xr-x: Operation not permitted
build	Cache Android SDK	2026-06-06T12:22:57.7201146Z /usr/bin/tar: ../../../../../usr/local/lib/android/sdk/platforms/android-34/data/res/values-mcc311-mnc180-el: Cannot utime: Operation not permitted
build	Cache Android SDK	2026-06-06T12:22:57.7201601Z /usr/bin/tar: ../../../../../usr/local/lib/android/sdk/platforms/android-34/data/res/values-mcc311-mnc180-el: Cannot change mode to rwxr-xr-x: Operation not permitted
build	Cache Android SDK	2026-06-06T12:22:57.7204098Z /usr/bin/tar: ../../../../../usr/local/lib/android/sdk/platforms/android-34/data/res/values-mcc310-mnc160-en-rAU: Cannot utime: Operation not permitted
build	Cache Android SDK	2026-06-06T12:22:57.7204646Z /usr/bin/tar: ../../../../../usr/local/lib/android/sdk/platforms/android-34/data/res/values-mcc310-mnc160-en-rAU: Cannot change mode to rwxr-xr-x: Operation not permitted
build	Cache Android SDK	2026-06-06T12:22:57.7207854Z /usr/bin/tar: ../../../../../usr/local/lib/android/sdk/platforms/android-34/data/res/values-mcc302-mnc370-mn: Cannot utime: Operation not permitted
build	Cache Android SDK	2026-06-06T12:22:57.7208390Z /usr/bin/tar: ../../../../../usr/local/lib/android/sdk/platforms/android-34/data/res/values-mcc302-mnc370-mn: Cannot change mode to rwxr-xr-x: Operation not permitted
build	Cache Android SDK	2026-06-06T12:22:57.7210753Z /usr/bin/tar: ../../../../../usr/local/lib/android/sdk/platforms/android-34/data/res/values-ja-television: Cannot utime: Operation not permitted
build	Cache Android SDK	2026-06-06T12:22:57.7211294Z /usr/bin/tar: ../../../../../usr/local/lib/android/sdk/platforms/android-34/data/res/values-ja-television: Cannot change mode to rwxr-xr-x: Operation not permitted
build	Cache Android SDK	2026-06-06T12:22:57.7213813Z /usr/bin/tar: ../../../../../usr/local/lib/android/sdk/platforms/android-34/data/res/values-mcc310-mnc250-lo: Cannot utime: Operation not permitted
build	Cache Android SDK	2026-06-06T12:22:57.7214336Z /usr/bin/tar: ../../../../../usr/local/lib/android/sdk/platforms/android-34/data/res/values-mcc310-mnc250-lo: Cannot change mode to rwxr-xr-x: Operation not permitted
build	Cache Android SDK	2026-06-06T12:22:57.7216814Z /usr/bin/tar: ../../../../../usr/local/lib/android/sdk/platforms/android-34/data/res/values-mcc310-mnc410-kn: Cannot utime: Operation not permitted
build	Cache Android SDK	2026-06-06T12:22:57.7217322Z /usr/bin/tar: ../../../../../usr/local/lib/android/sdk/platforms/android-34/data/res/values-mcc310-mnc410-kn: Cannot change mode to rwxr-xr-x: Operation not permitted
build	Cache Android SDK	2026-06-06T12:22:57.7219975Z /usr/bin/tar: ../../../../../usr/local/lib/android/sdk/platforms/android-34/data/res/values-mcc310-mnc380-es: Cannot utime: Operation not permitted
build	Cache Android SDK	2026-06-06T12:22:57.7220483Z /usr/bin/tar: ../../../../../usr/local/lib/android/sdk/platforms/android-34/data/res/values-mcc310-mnc380-es: Cannot change mode to rwxr-xr-x: Operation not permitted
build	Cache Android SDK	2026-06-06T12:22:57.7223165Z /usr/bin/tar: ../../../../../usr/local/lib/android/sdk/platforms/android-34/data/res/values-mcc310-mnc160-iw: Cannot utime: Operation not permitted
build	Cache Android SDK	2026-06-06T12:22:57.7223664Z /usr/bin/tar: ../../../../../usr/local/lib/android/sdk/platforms/android-34/data/res/values-mcc310-mnc160-iw: Cannot change mode to rwxr-xr-x: Operation not permitted
build	Cache Android SDK	2026-06-06T12:22:57.7225930Z /usr/bin/tar: ../../../../../usr/local/lib/android/sdk/platforms/android-34/data/res/values-mcc310-mnc380-zh-rHK: Cannot utime: Operation not permitted
build	Cache Android SDK	2026-06-06T12:22:57.7226452Z /usr/bin/tar: ../../../../../usr/local/lib/android/sdk/platforms/android-34/data/res/values-mcc310-mnc380-zh-rHK: Cannot change mode to rwxr-xr-x: Operation not permitted
build	Cache Android SDK	2026-06-06T12:22:57.7228774Z /usr/bin/tar: ../../../../../usr/local/lib/android/sdk/platforms/android-34/data/res/values-mcc310-mnc280-ur: Cannot utime: Operation not permitted
build	Cache Android SDK	2026-06-06T12:22:57.7229603Z /usr/bin/tar: ../../../../../usr/local/lib/android/sdk/platforms/android-34/data/res/values-mcc310-mnc280-ur: Cannot change mode to rwxr-xr-x: Operation not permitted
build	Cache Android SDK	2026-06-06T12:22:57.7232273Z /usr/bin/tar: ../../../../../usr/local/lib/android/sdk/platforms/android-34/data/res/values-mcc310-mnc200-kk: Cannot utime: Operation not permitted
build	Cache Android SDK	2026-06-06T12:22:57.7232859Z /usr/bin/tar: ../../../../../usr/local/lib/android/sdk/platforms/android-34/data/res/values-mcc310-mnc200-kk: Cannot change mode to rwxr-xr-x: Operation not permitted
build	Cache Android SDK	2026-06-06T12:22:57.7235364Z /usr/bin/tar: ../../../../../usr/local/lib/android/sdk/platforms/android-34/data/res/values-es-rNI: Cannot utime: Operation not permitted
build	Cache Android SDK	2026-06-06T12:22:57.7235853Z /usr/bin/tar: ../../../../../usr/local/lib/android/sdk/platforms/android-34/data/res/values-es-rNI: Cannot change mode to rwxr-xr-x: Operation not permitted
build	Cache Android SDK	2026-06-06T12:22:57.7238436Z /usr/bin/tar: ../../../../../usr/local/lib/android/sdk/platforms/android-34/data/res/values-mcc310-mnc170-bg: Cannot utime: Operation not permitted
build	Cache Android SDK	2026-06-06T12:22:57.7238903Z /usr/bin/tar: ../../../../../usr/local/lib/android/sdk/platforms/android-34/data/res/values-mcc310-mnc170-bg: Cannot change mode to rwxr-xr-x: Operation not permitted
build	Cache Android SDK	2026-06-06T12:22:57.7241318Z /usr/bin/tar: ../../../../../usr/local/lib/android/sdk/platforms/android-34/data/res/values-nb-television: Cannot utime: Operation not permitted
build	Cache Android SDK	2026-06-06T12:22:57.7241810Z /usr/bin/tar: ../../../../../usr/local/lib/android/sdk/platforms/android-34/data/res/values-nb-television: Cannot change mode to rwxr-xr-x: Operation not permitted
build	Cache Android SDK	2026-06-06T12:22:57.7244675Z /usr/bin/tar: ../../../../../usr/local/lib/android/sdk/platforms/android-34/data/res/values-mcc310-mnc380-in: Cannot utime: Operation not permitted
build	Cache Android SDK	2026-06-06T12:22:57.7245194Z /usr/bin/tar: ../../../../../usr/local/lib/android/sdk/platforms/android-34/data/res/values-mcc310-mnc380-in: Cannot change mode to rwxr-xr-x: Operation not permitted
build	Cache Android SDK	2026-06-06T12:22:57.7247784Z /usr/bin/tar: ../../../../../usr/local/lib/android/sdk/platforms/android-34/data/res/values-zh-rTW-television: Cannot utime: Operation not permitted
build	Cache Android SDK	2026-06-06T12:22:57.7248263Z /usr/bin/tar: ../../../../../usr/local/lib/android/sdk/platforms/android-34/data/res/values-zh-rTW-television: Cannot change mode to rwxr-xr-x: Operation not permitted
build	Cache Android SDK	2026-06-06T12:22:57.7251023Z /usr/bin/tar: ../../../../../usr/local/lib/android/sdk/platforms/android-34/data/res/values-mcc310-mnc380-pt: Cannot utime: Operation not permitted
build	Cache Android SDK	2026-06-06T12:22:57.7251502Z /usr/bin/tar: ../../../../../usr/local/lib/android/sdk/platforms/android-34/data/res/values-mcc310-mnc380-pt: Cannot change mode to rwxr-xr-x: Operation not permitted
build	Cache Android SDK	2026-06-06T12:22:57.7253749Z /usr/bin/tar: ../../../../../usr/local/lib/android/sdk/platforms/android-34/data/res/values-mcc310-mnc560-kn: Cannot utime: Operation not permitted
build	Cache Android SDK	2026-06-06T12:22:57.7254238Z /usr/bin/tar: ../../../../../usr/local/lib/android/sdk/platforms/android-34/data/res/values-mcc310-mnc560-kn: Cannot change mode to rwxr-xr-x: Operation not permitted
build	Cache Android SDK	2026-06-06T12:22:57.7256775Z /usr/bin/tar: ../../../../../usr/local/lib/android/sdk/platforms/android-34/data/res/values-mcc310-mnc490-am: Cannot utime: Operation not permitted
build	Cache Android SDK	2026-06-06T12:22:57.7257296Z /usr/bin/tar: ../../../../../usr/local/lib/android/sdk/platforms/android-34/data/res/values-mcc310-mnc490-am: Cannot change mode to rwxr-xr-x: Operation not permitted
build	Cache Android SDK	2026-06-06T12:22:57.7260276Z /usr/bin/tar: ../../../../../usr/local/lib/android/sdk/platforms/android-34/data/res/values-mcc310-mnc490-sl: Cannot utime: Operation not permitted
build	Cache Android SDK	2026-06-06T12:22:57.7260807Z /usr/bin/tar: ../../../../../usr/local/lib/android/sdk/platforms/android-34/data/res/values-mcc310-mnc490-sl: Cannot change mode to rwxr-xr-x: Operation not permitted
build	Cache Android SDK	2026-06-06T12:22:57.7262939Z /usr/bin/tar: ../../../../../usr/local/lib/android/sdk/platforms/android-34/data/res/values-mcc310-mnc160-ur: Cannot utime: Operation not permitted
build	Cache Android SDK	2026-06-06T12:22:57.7263461Z /usr/bin/tar: ../../../../../usr/local/lib/android/sdk/platforms/android-34/data/res/values-mcc310-mnc160-ur: Cannot change mode to rwxr-xr-x: Operation not permitted
build	Cache Android SDK	2026-06-06T12:22:57.7327769Z /usr/bin/tar: ../../../../../usr/local/lib/android/sdk/platforms/android-34/data/res/drawable-xxxhdpi: Cannot utime: Operation not permitted
build	Cache Android SDK	2026-06-06T12:22:57.7328479Z /usr/bin/tar: ../../../../../usr/local/lib/android/sdk/platforms/android-34/data/res/drawable-xxxhdpi: Cannot change mode to rwxr-xr-x: Operation not permitted
build	Cache Android SDK	2026-06-06T12:22:57.7333166Z /usr/bin/tar: ../../../../../usr/local/lib/android/sdk/platforms/android-34/data/res/values-mcc310-mnc210-af: Cannot utime: Operation not permitted
build	Cache Android SDK	2026-06-06T12:22:57.7333679Z /usr/bin/tar: ../../../../../usr/local/lib/android/sdk/platforms/android-34/data/res/values-mcc310-mnc210-af: Cannot change mode to rwxr-xr-x: Operation not permitted
build	Cache Android SDK	2026-06-06T12:22:57.7335812Z /usr/bin/tar: ../../../../../usr/local/lib/android/sdk/platforms/android-34/data/res/values-mcc310-mnc270-ky: Cannot utime: Operation not permitted
build	Cache Android SDK	2026-06-06T12:22:57.7336284Z /usr/bin/tar: ../../../../../usr/local/lib/android/sdk/platforms/android-34/data/res/values-mcc310-mnc270-ky: Cannot change mode to rwxr-xr-x: Operation not permitted
build	Cache Android SDK	2026-06-06T12:22:57.7339555Z /usr/bin/tar: ../../../../../usr/local/lib/android/sdk/platforms/android-34/data/res/values-mcc302-mnc720-te: Cannot utime: Operation not permitted
build	Cache Android SDK	2026-06-06T12:22:57.7340023Z /usr/bin/tar: ../../../../../usr/local/lib/android/sdk/platforms/android-34/data/res/values-mcc302-mnc720-te: Cannot change mode to rwxr-xr-x: Operation not permitted
build	Cache Android SDK	2026-06-06T12:22:57.7342632Z /usr/bin/tar: ../../../../../usr/local/lib/android/sdk/platforms/android-34/data/res/values-mcc312-mnc670-en-rIN: Cannot utime: Operation not permitted
build	Cache Android SDK	2026-06-06T12:22:57.7343108Z /usr/bin/tar: ../../../../../usr/local/lib/android/sdk/platforms/android-34/data/res/values-mcc312-mnc670-en-rIN: Cannot change mode to rwxr-xr-x: Operation not permitted
build	Cache Android SDK	2026-06-06T12:22:57.7344970Z /usr/bin/tar: ../../../../../usr/local/lib/android/sdk/platforms/android-34/data/res/values-mr-watch: Cannot utime: Operation not permitted
build	Cache Android SDK	2026-06-06T12:22:57.7345444Z /usr/bin/tar: ../../../../../usr/local/lib/android/sdk/platforms/android-34/data/res/values-mr-watch: Cannot change mode to rwxr-xr-x: Operation not permitted
build	Cache Android SDK	2026-06-06T12:22:57.7348517Z /usr/bin/tar: ../../../../../usr/local/lib/android/sdk/platforms/android-34/data/res/values-mcc310-mnc160-hi: Cannot utime: Operation not permitted
build	Cache Android SDK	2026-06-06T12:22:57.7349025Z /usr/bin/tar: ../../../../../usr/local/lib/android/sdk/platforms/android-34/data/res/values-mcc310-mnc160-hi: Cannot change mode to rwxr-xr-x: Operation not permitted
build	Cache Android SDK	2026-06-06T12:22:57.7351266Z /usr/bin/tar: ../../../../../usr/local/lib/android/sdk/platforms/android-34/data/res/values-mcc334-mnc020-fr-rCA: Cannot utime: Operation not permitted
build	Cache Android SDK	2026-06-06T12:22:57.7351745Z /usr/bin/tar: ../../../../../usr/local/lib/android/sdk/platforms/android-34/data/res/values-mcc334-mnc020-fr-rCA: Cannot change mode to rwxr-xr-x: Operation not permitted
build	Cache Android SDK	2026-06-06T12:22:57.7354443Z /usr/bin/tar: ../../../../../usr/local/lib/android/sdk/platforms/android-34/data/res/values-mcc302-mnc720-lv: Cannot utime: Operation not permitted
build	Cache Android SDK	2026-06-06T12:22:57.7354963Z /usr/bin/tar: ../../../../../usr/local/lib/android/sdk/platforms/android-34/data/res/values-mcc302-mnc720-lv: Cannot change mode to rwxr-xr-x: Operation not permitted
build	Cache Android SDK	2026-06-06T12:22:57.7357339Z /usr/bin/tar: ../../../../../usr/local/lib/android/sdk/platforms/android-34/data/res/values-mcc334-mnc020-pl: Cannot utime: Operation not permitted
build	Cache Android SDK	2026-06-06T12:22:57.7357945Z /usr/bin/tar: ../../../../../usr/local/lib/android/sdk/platforms/android-34/data/res/values-mcc334-mnc020-pl: Cannot change mode to rwxr-xr-x: Operation not permitted
build	Cache Android SDK	2026-06-06T12:22:57.7360519Z /usr/bin/tar: ../../../../../usr/local/lib/android/sdk/platforms/android-34/data/res/values-mcc310-mnc230-zh-rTW: Cannot utime: Operation not permitted
build	Cache Android SDK	2026-06-06T12:22:57.7361068Z /usr/bin/tar: ../../../../../usr/local/lib/android/sdk/platforms/android-34/data/res/values-mcc310-mnc230-zh-rTW: Cannot change mode to rwxr-xr-x: Operation not permitted
build	Cache Android SDK	2026-06-06T12:22:57.7363487Z /usr/bin/tar: ../../../../../usr/local/lib/android/sdk/platforms/android-34/data/res/values-mcc311-mnc180-pt-rBR: Cannot utime: Operation not permitted
build	Cache Android SDK	2026-06-06T12:22:57.7364133Z /usr/bin/tar: ../../../../../usr/local/lib/android/sdk/platforms/android-34/data/res/values-mcc311-mnc180-pt-rBR: Cannot change mode to rwxr-xr-x: Operation not permitted
build	Cache Android SDK	2026-06-06T12:22:57.7366500Z /usr/bin/tar: ../../../../../usr/local/lib/android/sdk/platforms/android-34/data/res/values-sw600dp-port: Cannot utime: Operation not permitted
build	Cache Android SDK	2026-06-06T12:22:57.7366984Z /usr/bin/tar: ../../../../../usr/local/lib/android/sdk/platforms/android-34/data/res/values-sw600dp-port: Cannot change mode to rwxr-xr-x: Operation not permitted
build	Cache Android SDK	2026-06-06T12:22:57.7372608Z /usr/bin/tar: ../../../../../usr/local/lib/android/sdk/platforms/android-34/data/res/values-mcc310-mnc380-be: Cannot utime: Operation not permitted
build	Cache Android SDK	2026-06-06T12:22:57.7373086Z /usr/bin/tar: ../../../../../usr/local/lib/android/sdk/platforms/android-34/data/res/values-mcc310-mnc380-be: Cannot change mode to rwxr-xr-x: Operation not permitted
build	Cache Android SDK	2026-06-06T12:22:57.7376060Z /usr/bin/tar: ../../../../../usr/local/lib/android/sdk/platforms/android-34/data/res/values-mcc310-mnc280-es-rUS: Cannot utime: Operation not permitted
build	Cache Android SDK	2026-06-06T12:22:57.7376534Z /usr/bin/tar: ../../../../../usr/local/lib/android/sdk/platforms/android-34/data/res/values-mcc310-mnc280-es-rUS: Cannot change mode to rwxr-xr-x: Operation not permitted
build	Cache Android SDK	2026-06-06T12:22:57.7380024Z /usr/bin/tar: ../../../../../usr/local/lib/android/sdk/platforms/android-34/data/res/values-mcc310-mnc410-hu: Cannot utime: Operation not permitted
build	Cache Android SDK	2026-06-06T12:22:57.7380505Z /usr/bin/tar: ../../../../../usr/local/lib/android/sdk/platforms/android-34/data/res/values-mcc310-mnc410-hu: Cannot change mode to rwxr-xr-x: Operation not permitted
build	Cache Android SDK	2026-06-06T12:22:57.7384177Z /usr/bin/tar: ../../../../../usr/local/lib/android/sdk/platforms/android-34/data/res/values-mcc310-mnc170-en-rIN: Cannot utime: Operation not permitted
build	Cache Android SDK	2026-06-06T12:22:57.7384664Z /usr/bin/tar: ../../../../../usr/local/lib/android/sdk/platforms/android-34/data/res/values-mcc310-mnc170-en-rIN: Cannot change mode to rwxr-xr-x: Operation not permitted
build	Cache Android SDK	2026-06-06T12:22:57.7386821Z /usr/bin/tar: ../../../../../usr/local/lib/android/sdk/platforms/android-34/data/res/values-mcc310-mnc030-bs: Cannot utime: Operation not permitted
build	Cache Android SDK	2026-06-06T12:22:57.7387285Z /usr/bin/tar: ../../../../../usr/local/lib/android/sdk/platforms/android-34/data/res/values-mcc310-mnc030-bs: Cannot change mode to rwxr-xr-x: Operation not permitted
build	Cache Android SDK	2026-06-06T12:22:57.7390208Z /usr/bin/tar: ../../../../../usr/local/lib/android/sdk/platforms/android-34/data/res/values-mcc310-mnc250-da: Cannot utime: Operation not permitted
build	Cache Android SDK	2026-06-06T12:22:57.7390669Z /usr/bin/tar: ../../../../../usr/local/lib/android/sdk/platforms/android-34/data/res/values-mcc310-mnc250-da: Cannot change mode to rwxr-xr-x: Operation not permitted
build	Cache Android SDK	2026-06-06T12:22:57.7393516Z /usr/bin/tar: ../../../../../usr/local/lib/android/sdk/platforms/android-34/data/res/values-mcc310-mnc560-en-rGB: Cannot utime: Operation not permitted
build	Cache Android SDK	2026-06-06T12:22:57.7394006Z /usr/bin/tar: ../../../../../usr/local/lib/android/sdk/platforms/android-34/data/res/values-mcc310-mnc560-en-rGB: Cannot change mode to rwxr-xr-x: Operation not permitted
build	Cache Android SDK	2026-06-06T12:22:57.7396721Z /usr/bin/tar: ../../../../../usr/local/lib/android/sdk/platforms/android-34/data/res/values-mcc310-mnc950-sr: Cannot utime: Operation not permitted
build	Cache Android SDK	2026-06-06T12:22:57.7397201Z /usr/bin/tar: ../../../../../usr/local/lib/android/sdk/platforms/android-34/data/res/values-mcc310-mnc950-sr: Cannot change mode to rwxr-xr-x: Operation not permitted
build	Cache Android SDK	2026-06-06T12:22:57.7399513Z /usr/bin/tar: ../../../../../usr/local/lib/android/sdk/platforms/android-34/data/res/values-mcc310-mnc030-mk: Cannot utime: Operation not permitted
build	Cache Android SDK	2026-06-06T12:22:57.7400001Z /usr/bin/tar: ../../../../../usr/local/lib/android/sdk/platforms/android-34/data/res/values-mcc310-mnc030-mk: Cannot change mode to rwxr-xr-x: Operation not permitted
build	Cache Android SDK	2026-06-06T12:22:57.7403958Z /usr/bin/tar: ../../../../../usr/local/lib/android/sdk/platforms/android-34/data/res/values-mcc310-mnc560-ru: Cannot utime: Operation not permitted
build	Cache Android SDK	2026-06-06T12:22:57.7404634Z /usr/bin/tar: ../../../../../usr/local/lib/android/sdk/platforms/android-34/data/res/values-mcc310-mnc560-ru: Cannot change mode to rwxr-xr-x: Operation not permitted
build	Cache Android SDK	2026-06-06T12:22:57.7408188Z /usr/bin/tar: ../../../../../usr/local/lib/android/sdk/platforms/android-34/data/res/values-mcc310-mnc380-nb: Cannot utime: Operation not permitted
build	Cache Android SDK	2026-06-06T12:22:57.7409005Z /usr/bin/tar: ../../../../../usr/local/lib/android/sdk/platforms/android-34/data/res/values-mcc310-mnc380-nb: Cannot change mode to rwxr-xr-x: Operation not permitted
build	Cache Android SDK	2026-06-06T12:22:57.7412624Z /usr/bin/tar: ../../../../../usr/local/lib/android/sdk/platforms/android-34/data/res/values-mcc310-mnc160-fa: Cannot utime: Operation not permitted
build	Cache Android SDK	2026-06-06T12:22:57.7413086Z /usr/bin/tar: ../../../../../usr/local/lib/android/sdk/platforms/android-34/data/res/values-mcc310-mnc160-fa: Cannot change mode to rwxr-xr-x: Operation not permitted
build	Cache Android SDK	2026-06-06T12:22:57.7416763Z /usr/bin/tar: ../../../../../usr/local/lib/android/sdk/platforms/android-34/data/res/layout-sw600dp: Cannot utime: Operation not permitted
build	Cache Android SDK	2026-06-06T12:22:57.7417275Z /usr/bin/tar: ../../../../../usr/local/lib/android/sdk/platforms/android-34/data/res/layout-sw600dp: Cannot change mode to rwxr-xr-x: Operation not permitted
build	Cache Android SDK	2026-06-06T12:22:57.7420188Z /usr/bin/tar: ../../../../../usr/local/lib/android/sdk/platforms/android-34/data/res/values-mcc302-mnc720-ms: Cannot utime: Operation not permitted
build	Cache Android SDK	2026-06-06T12:22:57.7420655Z /usr/bin/tar: ../../../../../usr/local/lib/android/sdk/platforms/android-34/data/res/values-mcc302-mnc720-ms: Cannot change mode to rwxr-xr-x: Operation not permitted
build	Cache Android SDK	2026-06-06T12:22:57.7423134Z /usr/bin/tar: ../../../../../usr/local/lib/android/sdk/platforms/android-34/data/res/values-el-watch: Cannot utime: Operation not permitted
build	Cache Android SDK	2026-06-06T12:22:57.7423620Z /usr/bin/tar: ../../../../../usr/local/lib/android/sdk/platforms/android-34/data/res/values-el-watch: Cannot change mode to rwxr-xr-x: Operation not permitted
build	Cache Android SDK	2026-06-06T12:22:57.7426337Z /usr/bin/tar: ../../../../../usr/local/lib/android/sdk/platforms/android-34/data/res/values-mcc310-mnc170-mr: Cannot utime: Operation not permitted
build	Cache Android SDK	2026-06-06T12:22:57.7426879Z /usr/bin/tar: ../../../../../usr/local/lib/android/sdk/platforms/android-34/data/res/values-mcc310-mnc170-mr: Cannot change mode to rwxr-xr-x: Operation not permitted
build	Cache Android SDK	2026-06-06T12:22:57.7429265Z /usr/bin/tar: ../../../../../usr/local/lib/android/sdk/platforms/android-34/data/res/values-mcc310-mnc250-nl: Cannot utime: Operation not permitted
build	Cache Android SDK	2026-06-06T12:22:57.7429746Z /usr/bin/tar: ../../../../../usr/local/lib/android/sdk/platforms/android-34/data/res/values-mcc310-mnc250-nl: Cannot change mode to rwxr-xr-x: Operation not permitted
build	Cache Android SDK	2026-06-06T12:22:57.7433094Z /usr/bin/tar: ../../../../../usr/local/lib/android/sdk/platforms/android-34/data/res/values-mcc310-mnc950-pl: Cannot utime: Operation not permitted
build	Cache Android SDK	2026-06-06T12:22:57.7433584Z /usr/bin/tar: ../../../../../usr/local/lib/android/sdk/platforms/android-34/data/res/values-mcc310-mnc950-pl: Cannot change mode to rwxr-xr-x: Operation not permitted
build	Cache Android SDK	2026-06-06T12:22:57.7436110Z /usr/bin/tar: ../../../../../usr/local/lib/android/sdk/platforms/android-34/data/res/values-mcc312-mnc670-mk: Cannot utime: Operation not permitted
build	Cache Android SDK	2026-06-06T12:22:57.7436591Z /usr/bin/tar: ../../../../../usr/local/lib/android/sdk/platforms/android-34/data/res/values-mcc312-mnc670-mk: Cannot change mode to rwxr-xr-x: Operation not permitted
build	Cache Android SDK	2026-06-06T12:22:57.7439133Z /usr/bin/tar: ../../../../../usr/local/lib/android/sdk/platforms/android-34/data/res/values-mcc313-mnc100-fi: Cannot utime: Operation not permitted
build	Cache Android SDK	2026-06-06T12:22:57.7439652Z /usr/bin/tar: ../../../../../usr/local/lib/android/sdk/platforms/android-34/data/res/values-mcc313-mnc100-fi: Cannot change mode to rwxr-xr-x: Operation not permitted
build	Cache Android SDK	2026-06-06T12:22:57.7442226Z /usr/bin/tar: ../../../../../usr/local/lib/android/sdk/platforms/android-34/data/res/values-mcc310-mnc200-is: Cannot utime: Operation not permitted
build	Cache Android SDK	2026-06-06T12:22:57.7442795Z /usr/bin/tar: ../../../../../usr/local/lib/android/sdk/platforms/android-34/data/res/values-mcc310-mnc200-is: Cannot change mode to rwxr-xr-x: Operation not permitted
build	Cache Android SDK	2026-06-06T12:22:57.7445982Z /usr/bin/tar: ../../../../../usr/local/lib/android/sdk/platforms/android-34/data/res/values-mcc312-mnc670-sw: Cannot utime: Operation not permitted
build	Cache Android SDK	2026-06-06T12:22:57.7446510Z /usr/bin/tar: ../../../../../usr/local/lib/android/sdk/platforms/android-34/data/res/values-mcc312-mnc670-sw: Cannot change mode to rwxr-xr-x: Operation not permitted
build	Cache Android SDK	2026-06-06T12:22:57.7449305Z /usr/bin/tar: ../../../../../usr/local/lib/android/sdk/platforms/android-34/data/res/values-mcc310-mnc220-ur: Cannot utime: Operation not permitted
build	Cache Android SDK	2026-06-06T12:22:57.7449798Z /usr/bin/tar: ../../../../../usr/local/lib/android/sdk/platforms/android-34/data/res/values-mcc310-mnc220-ur: Cannot change mode to rwxr-xr-x: Operation not permitted
build	Cache Android SDK	2026-06-06T12:22:57.7451813Z /usr/bin/tar: ../../../../../usr/local/lib/android/sdk/platforms/android-34/data/res/values-mcc302-mnc370-hy: Cannot utime: Operation not permitted
build	Cache Android SDK	2026-06-06T12:22:57.7452277Z /usr/bin/tar: ../../../../../usr/local/lib/android/sdk/platforms/android-34/data/res/values-mcc302-mnc370-hy: Cannot change mode to rwxr-xr-x: Operation not permitted
build	Cache Android SDK	2026-06-06T12:22:57.7454379Z /usr/bin/tar: ../../../../../usr/local/lib/android/sdk/platforms/android-34/data/res/values-mcc310-mnc250-mn: Cannot utime: Operation not permitted
build	Cache Android SDK	2026-06-06T12:22:57.7454849Z /usr/bin/tar: ../../../../../usr/local/lib/android/sdk/platforms/android-34/data/res/values-mcc310-mnc250-mn: Cannot change mode to rwxr-xr-x: Operation not permitted
build	Cache Android SDK	2026-06-06T12:22:57.7457300Z /usr/bin/tar: ../../../../../usr/local/lib/android/sdk/platforms/android-34/data/res/values-mcc310-mnc030-sk: Cannot utime: Operation not permitted
build	Cache Android SDK	2026-06-06T12:22:57.7457901Z /usr/bin/tar: ../../../../../usr/local/lib/android/sdk/platforms/android-34/data/res/values-mcc310-mnc030-sk: Cannot change mode to rwxr-xr-x: Operation not permitted
build	Cache Android SDK	2026-06-06T12:22:57.7460217Z /usr/bin/tar: ../../../../../usr/local/lib/android/sdk/platforms/android-34/data/res/values-mcc310-mnc660-cs: Cannot utime: Operation not permitted
build	Cache Android SDK	2026-06-06T12:22:57.7460695Z /usr/bin/tar: ../../../../../usr/local/lib/android/sdk/platforms/android-34/data/res/values-mcc310-mnc660-cs: Cannot change mode to rwxr-xr-x: Operation not permitted
build	Cache Android SDK	2026-06-06T12:22:57.7463502Z /usr/bin/tar: ../../../../../usr/local/lib/android/sdk/platforms/android-34/data/res/values-mcc313-mnc100-hy: Cannot utime: Operation not permitted
build	Cache Android SDK	2026-06-06T12:22:57.7463955Z /usr/bin/tar: ../../../../../usr/local/lib/android/sdk/platforms/android-34/data/res/values-mcc313-mnc100-hy: Cannot change mode to rwxr-xr-x: Operation not permitted
build	Cache Android SDK	2026-06-06T12:22:57.7466452Z /usr/bin/tar: ../../../../../usr/local/lib/android/sdk/platforms/android-34/data/res/values-mcc310-mnc220-pt-rPT: Cannot utime: Operation not permitted
build	Cache Android SDK	2026-06-06T12:22:57.7466932Z /usr/bin/tar: ../../../../../usr/local/lib/android/sdk/platforms/android-34/data/res/values-mcc310-mnc220-pt-rPT: Cannot change mode to rwxr-xr-x: Operation not permitted
build	Cache Android SDK	2026-06-06T12:22:57.7469419Z /usr/bin/tar: ../../../../../usr/local/lib/android/sdk/platforms/android-34/data/res/values-b+sr+Latn-watch: Cannot utime: Operation not permitted
build	Cache Android SDK	2026-06-06T12:22:57.7469906Z /usr/bin/tar: ../../../../../usr/local/lib/android/sdk/platforms/android-34/data/res/values-b+sr+Latn-watch: Cannot change mode to rwxr-xr-x: Operation not permitted
build	Cache Android SDK	2026-06-06T12:22:57.7472107Z /usr/bin/tar: ../../../../../usr/local/lib/android/sdk/platforms/android-34/data/res/values-mcc334-mnc020-km: Cannot utime: Operation not permitted
build	Cache Android SDK	2026-06-06T12:22:57.7472578Z /usr/bin/tar: ../../../../../usr/local/lib/android/sdk/platforms/android-34/data/res/values-mcc334-mnc020-km: Cannot change mode to rwxr-xr-x: Operation not permitted
build	Cache Android SDK	2026-06-06T12:22:57.7475287Z /usr/bin/tar: ../../../../../usr/local/lib/android/sdk/platforms/android-34/data/res/values-mcc311-mnc180-bn: Cannot utime: Operation not permitted
build	Cache Android SDK	2026-06-06T12:22:57.7475874Z /usr/bin/tar: ../../../../../usr/local/lib/android/sdk/platforms/android-34/data/res/values-mcc311-mnc180-bn: Cannot change mode to rwxr-xr-x: Operation not permitted
build	Cache Android SDK	2026-06-06T12:22:57.7478151Z /usr/bin/tar: ../../../../../usr/local/lib/android/sdk/platforms/android-34/data/res/values-mcc334-mnc020-en-rXC: Cannot utime: Operation not permitted
build	Cache Android SDK	2026-06-06T12:22:57.7478640Z /usr/bin/tar: ../../../../../usr/local/lib/android/sdk/platforms/android-34/data/res/values-mcc334-mnc020-en-rXC: Cannot change mode to rwxr-xr-x: Operation not permitted
build	Cache Android SDK	2026-06-06T12:22:57.7486143Z /usr/bin/tar: ../../../../../usr/local/lib/android/sdk/platforms/android-34/data/res/values-ro: Cannot utime: Operation not permitted
build	Cache Android SDK	2026-06-06T12:22:57.7486938Z /usr/bin/tar: ../../../../../usr/local/lib/android/sdk/platforms/android-34/data/res/values-ro: Cannot change mode to rwxr-xr-x: Operation not permitted
build	Cache Android SDK	2026-06-06T12:22:57.7487907Z /usr/bin/tar: ../../../../../usr/local/lib/android/sdk/platforms/android-34/data/res/values-mcc310-mnc310-cs: Cannot utime: Operation not permitted
build	Cache Android SDK	2026-06-06T12:22:57.7488458Z /usr/bin/tar: ../../../../../usr/local/lib/android/sdk/platforms/android-34/data/res/values-mcc310-mnc310-cs: Cannot change mode to rwxr-xr-x: Operation not permitted
build	Cache Android SDK	2026-06-06T12:22:57.7490313Z /usr/bin/tar: ../../../../../usr/local/lib/android/sdk/platforms/android-34/data/res/values-mcc310-mnc210-bs: Cannot utime: Operation not permitted
build	Cache Android SDK	2026-06-06T12:22:57.7490893Z /usr/bin/tar: ../../../../../usr/local/lib/android/sdk/platforms/android-34/data/res/values-mcc310-mnc210-bs: Cannot change mode to rwxr-xr-x: Operation not permitted
build	Cache Android SDK	2026-06-06T12:22:57.7493446Z /usr/bin/tar: ../../../../../usr/local/lib/android/sdk/platforms/android-34/data/res/values-mcc310-mnc220-hr: Cannot utime: Operation not permitted
build	Cache Android SDK	2026-06-06T12:22:57.7493918Z /usr/bin/tar: ../../../../../usr/local/lib/android/sdk/platforms/android-34/data/res/values-mcc310-mnc220-hr: Cannot change mode to rwxr-xr-x: Operation not permitted
build	Cache Android SDK	2026-06-06T12:22:57.7496790Z /usr/bin/tar: ../../../../../usr/local/lib/android/sdk/platforms/android-34/data/res/values-mcc310-mnc560-hu: Cannot utime: Operation not permitted
build	Cache Android SDK	2026-06-06T12:22:57.7497259Z /usr/bin/tar: ../../../../../usr/local/lib/android/sdk/platforms/android-34/data/res/values-mcc310-mnc560-hu: Cannot change mode to rwxr-xr-x: Operation not permitted
build	Cache Android SDK	2026-06-06T12:22:57.7499666Z /usr/bin/tar: ../../../../../usr/local/lib/android/sdk/platforms/android-34/data/res/values-mcc313: Cannot utime: Operation not permitted
build	Cache Android SDK	2026-06-06T12:22:57.7500140Z /usr/bin/tar: ../../../../../usr/local/lib/android/sdk/platforms/android-34/data/res/values-mcc313: Cannot change mode to rwxr-xr-x: Operation not permitted
build	Cache Android SDK	2026-06-06T12:22:57.7502698Z /usr/bin/tar: ../../../../../usr/local/lib/android/sdk/platforms/android-34/data/res/values-mcc302-mnc720-uz: Cannot utime: Operation not permitted
build	Cache Android SDK	2026-06-06T12:22:57.7503232Z /usr/bin/tar: ../../../../../usr/local/lib/android/sdk/platforms/android-34/data/res/values-mcc302-mnc720-uz: Cannot change mode to rwxr-xr-x: Operation not permitted
build	Cache Android SDK	2026-06-06T12:22:57.7506113Z /usr/bin/tar: ../../../../../usr/local/lib/android/sdk/platforms/android-34/data/res/values-mcc334-mnc020-hi: Cannot utime: Operation not permitted
build	Cache Android SDK	2026-06-06T12:22:57.7506585Z /usr/bin/tar: ../../../../../usr/local/lib/android/sdk/platforms/android-34/data/res/values-mcc334-mnc020-hi: Cannot change mode to rwxr-xr-x: Operation not permitted
build	Cache Android SDK	2026-06-06T12:22:57.7509249Z /usr/bin/tar: ../../../../../usr/local/lib/android/sdk/platforms/android-34/data/res/values-mcc310-mnc410-ja: Cannot utime: Operation not permitted
build	Cache Android SDK	2026-06-06T12:22:57.7509737Z /usr/bin/tar: ../../../../../usr/local/lib/android/sdk/platforms/android-34/data/res/values-mcc310-mnc410-ja: Cannot change mode to rwxr-xr-x: Operation not permitted
build	Cache Android SDK	2026-06-06T12:22:57.7512256Z /usr/bin/tar: ../../../../../usr/local/lib/android/sdk/platforms/android-34/data/res/values-mcc310-mnc490-gl: Cannot utime: Operation not permitted
build	Cache Android SDK	2026-06-06T12:22:57.7512914Z /usr/bin/tar: ../../../../../usr/local/lib/android/sdk/platforms/android-34/data/res/values-mcc310-mnc490-gl: Cannot change mode to rwxr-xr-x: Operation not permitted
build	Cache Android SDK	2026-06-06T12:22:57.7515168Z /usr/bin/tar: ../../../../../usr/local/lib/android/sdk/platforms/android-34/data/res/values-mcc310-mnc310-de: Cannot utime: Operation not permitted
build	Cache Android SDK	2026-06-06T12:22:57.7515638Z /usr/bin/tar: ../../../../../usr/local/lib/android/sdk/platforms/android-34/data/res/values-mcc310-mnc310-de: Cannot change mode to rwxr-xr-x: Operation not permitted
build	Cache Android SDK	2026-06-06T12:22:57.7518736Z /usr/bin/tar: ../../../../../usr/local/lib/android/sdk/platforms/android-34/data/res/values-cs-television: Cannot utime: Operation not permitted
build	Cache Android SDK	2026-06-06T12:22:57.7519220Z /usr/bin/tar: ../../../../../usr/local/lib/android/sdk/platforms/android-34/data/res/values-cs-television: Cannot change mode to rwxr-xr-x: Operation not permitted
build	Cache Android SDK	2026-06-06T12:22:57.7521857Z /usr/bin/tar: ../../../../../usr/local/lib/android/sdk/platforms/android-34/data/res/values-mcc334-mnc03: Cannot utime: Operation not permitted
build	Cache Android SDK	2026-06-06T12:22:57.7522351Z /usr/bin/tar: ../../../../../usr/local/lib/android/sdk/platforms/android-34/data/res/values-mcc334-mnc03: Cannot change mode to rwxr-xr-x: Operation not permitted
build	Cache Android SDK	2026-06-06T12:22:57.7524990Z /usr/bin/tar: ../../../../../usr/local/lib/android/sdk/platforms/android-34/data/res/values-mcc312-mnc670-ne: Cannot utime: Operation not permitted
build	Cache Android SDK	2026-06-06T12:22:57.7525453Z /usr/bin/tar: ../../../../../usr/local/lib/android/sdk/platforms/android-34/data/res/values-mcc312-mnc670-ne: Cannot change mode to rwxr-xr-x: Operation not permitted
build	Cache Android SDK	2026-06-06T12:22:57.7527932Z /usr/bin/tar: ../../../../../usr/local/lib/android/sdk/platforms/android-34/data/res/values-mcc310-mnc230-en-rIN: Cannot utime: Operation not permitted
build	Cache Android SDK	2026-06-06T12:22:57.7528424Z /usr/bin/tar: ../../../../../usr/local/lib/android/sdk/platforms/android-34/data/res/values-mcc310-mnc230-en-rIN: Cannot change mode to rwxr-xr-x: Operation not permitted
build	Cache Android SDK	2026-06-06T12:22:57.7530692Z /usr/bin/tar: ../../../../../usr/local/lib/android/sdk/platforms/android-34/data/res/values-mcc310-mnc150-ne: Cannot utime: Operation not permitted
build	Cache Android SDK	2026-06-06T12:22:57.7531169Z /usr/bin/tar: ../../../../../usr/local/lib/android/sdk/platforms/android-34/data/res/values-mcc310-mnc150-ne: Cannot change mode to rwxr-xr-x: Operation not permitted
build	Cache Android SDK	2026-06-06T12:22:57.7533969Z /usr/bin/tar: ../../../../../usr/local/lib/android/sdk/platforms/android-34/data/res/values-mcc310-mnc200-ca: Cannot utime: Operation not permitted
build	Cache Android SDK	2026-06-06T12:22:57.7534457Z /usr/bin/tar: ../../../../../usr/local/lib/android/sdk/platforms/android-34/data/res/values-mcc310-mnc200-ca: Cannot change mode to rwxr-xr-x: Operation not permitted
build	Cache Android SDK	2026-06-06T12:22:57.7537209Z /usr/bin/tar: ../../../../../usr/local/lib/android/sdk/platforms/android-34/data/res/values-mcc310-mnc030-km: Cannot utime: Operation not permitted
build	Cache Android SDK	2026-06-06T12:22:57.7537858Z /usr/bin/tar: ../../../../../usr/local/lib/android/sdk/platforms/android-34/data/res/values-mcc310-mnc030-km: Cannot change mode to rwxr-xr-x: Operation not permitted
build	Cache Android SDK	2026-06-06T12:22:57.7540237Z /usr/bin/tar: ../../../../../usr/local/lib/android/sdk/platforms/android-34/data/res/values-mcc313-mnc100-pa: Cannot utime: Operation not permitted
build	Cache Android SDK	2026-06-06T12:22:57.7540780Z /usr/bin/tar: ../../../../../usr/local/lib/android/sdk/platforms/android-34/data/res/values-mcc313-mnc100-pa: Cannot change mode to rwxr-xr-x: Operation not permitted
build	Cache Android SDK	2026-06-06T12:22:57.7543225Z /usr/bin/tar: ../../../../../usr/local/lib/android/sdk/platforms/android-34/data/res/values-mcc310-mnc150-ru: Cannot utime: Operation not permitted
build	Cache Android SDK	2026-06-06T12:22:57.7543736Z /usr/bin/tar: ../../../../../usr/local/lib/android/sdk/platforms/android-34/data/res/values-mcc310-mnc150-ru: Cannot change mode to rwxr-xr-x: Operation not permitted
build	Cache Android SDK	2026-06-06T12:22:57.7546249Z /usr/bin/tar: ../../../../../usr/local/lib/android/sdk/platforms/android-34/data/res/values-mcc310-mnc560-eu: Cannot utime: Operation not permitted
build	Cache Android SDK	2026-06-06T12:22:57.7546855Z /usr/bin/tar: ../../../../../usr/local/lib/android/sdk/platforms/android-34/data/res/values-mcc310-mnc560-eu: Cannot change mode to rwxr-xr-x: Operation not permitted
build	Cache Android SDK	2026-06-06T12:22:57.7549552Z /usr/bin/tar: ../../../../../usr/local/lib/android/sdk/platforms/android-34/data/res/values-mcc310-mnc170-zh-rTW: Cannot utime: Operation not permitted
build	Cache Android SDK	2026-06-06T12:22:57.7550034Z /usr/bin/tar: ../../../../../usr/local/lib/android/sdk/platforms/android-34/data/res/values-mcc310-mnc170-zh-rTW: Cannot change mode to rwxr-xr-x: Operation not permitted
build	Cache Android SDK	2026-06-06T12:22:57.7552347Z /usr/bin/tar: ../../../../../usr/local/lib/android/sdk/platforms/android-34/data/res/values-lo-television: Cannot utime: Operation not permitted
build	Cache Android SDK	2026-06-06T12:22:57.7553173Z /usr/bin/tar: ../../../../../usr/local/lib/android/sdk/platforms/android-34/data/res/values-lo-television: Cannot change mode to rwxr-xr-x: Operation not permitted
build	Cache Android SDK	2026-06-06T12:22:57.7555887Z /usr/bin/tar: ../../../../../usr/local/lib/android/sdk/platforms/android-34/data/res/values-mcc311-mnc180-mr: Cannot utime: Operation not permitted
build	Cache Android SDK	2026-06-06T12:22:57.7556387Z /usr/bin/tar: ../../../../../usr/local/lib/android/sdk/platforms/android-34/data/res/values-mcc311-mnc180-mr: Cannot change mode to rwxr-xr-x: Operation not permitted
build	Cache Android SDK	2026-06-06T12:22:57.7558491Z /usr/bin/tar: ../../../../../usr/local/lib/android/sdk/platforms/android-34/data/res/values-mcc001-mnc01-ne: Cannot utime: Operation not permitted
build	Cache Android SDK	2026-06-06T12:22:57.7558975Z /usr/bin/tar: ../../../../../usr/local/lib/android/sdk/platforms/android-34/data/res/values-mcc001-mnc01-ne: Cannot change mode to rwxr-xr-x: Operation not permitted
build	Cache Android SDK	2026-06-06T12:22:57.7561380Z /usr/bin/tar: ../../../../../usr/local/lib/android/sdk/platforms/android-34/data/res/values-iw-watch: Cannot utime: Operation not permitted
build	Cache Android SDK	2026-06-06T12:22:57.7561840Z /usr/bin/tar: ../../../../../usr/local/lib/android/sdk/platforms/android-34/data/res/values-iw-watch: Cannot change mode to rwxr-xr-x: Operation not permitted
build	Cache Android SDK	2026-06-06T12:22:57.7564168Z /usr/bin/tar: ../../../../../usr/local/lib/android/sdk/platforms/android-34/data/res/values-mcc310-mnc560-it: Cannot utime: Operation not permitted
build	Cache Android SDK	2026-06-06T12:22:57.7564636Z /usr/bin/tar: ../../../../../usr/local/lib/android/sdk/platforms/android-34/data/res/values-mcc310-mnc560-it: Cannot change mode to rwxr-xr-x: Operation not permitted
build	Cache Android SDK	2026-06-06T12:22:57.7567223Z /usr/bin/tar: ../../../../../usr/local/lib/android/sdk/platforms/android-34/data/res/values-mcc313-mnc100-it: Cannot utime: Operation not permitted
build	Cache Android SDK	2026-06-06T12:22:57.7567779Z /usr/bin/tar: ../../../../../usr/local/lib/android/sdk/platforms/android-34/data/res/values-mcc313-mnc100-it: Cannot change mode to rwxr-xr-x: Operation not permitted
build	Cache Android SDK	2026-06-06T12:22:57.7569936Z /usr/bin/tar: ../../../../../usr/local/lib/android/sdk/platforms/android-34/data/res/values-mcc310-mnc270-pl: Cannot utime: Operation not permitted
build	Cache Android SDK	2026-06-06T12:22:57.7570421Z /usr/bin/tar: ../../../../../usr/local/lib/android/sdk/platforms/android-34/data/res/values-mcc310-mnc270-pl: Cannot change mode to rwxr-xr-x: Operation not permitted
build	Cache Android SDK	2026-06-06T12:22:57.7572657Z /usr/bin/tar: ../../../../../usr/local/lib/android/sdk/platforms/android-34/data/res/values-ca-watch: Cannot utime: Operation not permitted
build	Cache Android SDK	2026-06-06T12:22:57.7573148Z /usr/bin/tar: ../../../../../usr/local/lib/android/sdk/platforms/android-34/data/res/values-ca-watch: Cannot change mode to rwxr-xr-x: Operation not permitted
build	Cache Android SDK	2026-06-06T12:22:57.7575664Z /usr/bin/tar: ../../../../../usr/local/lib/android/sdk/platforms/android-34/data/res/values-mcc310-mnc380-ja: Cannot utime: Operation not permitted
build	Cache Android SDK	2026-06-06T12:22:57.7576157Z /usr/bin/tar: ../../../../../usr/local/lib/android/sdk/platforms/android-34/data/res/values-mcc310-mnc380-ja: Cannot change mode to rwxr-xr-x: Operation not permitted
build	Cache Android SDK	2026-06-06T12:22:57.7631498Z /usr/bin/tar: ../../../../../usr/local/lib/android/sdk/platforms/android-34/data/res/values: Cannot utime: Operation not permitted
build	Cache Android SDK	2026-06-06T12:22:57.7631961Z /usr/bin/tar: ../../../../../usr/local/lib/android/sdk/platforms/android-34/data/res/values: Cannot change mode to rwxr-xr-x: Operation not permitted
build	Cache Android SDK	2026-06-06T12:22:57.7634235Z /usr/bin/tar: ../../../../../usr/local/lib/android/sdk/platforms/android-34/data/res/raw-zh-rCN: Cannot utime: Operation not permitted
build	Cache Android SDK	2026-06-06T12:22:57.7634782Z /usr/bin/tar: ../../../../../usr/local/lib/android/sdk/platforms/android-34/data/res/raw-zh-rCN: Cannot change mode to rwxr-xr-x: Operation not permitted
build	Cache Android SDK	2026-06-06T12:22:57.7637219Z /usr/bin/tar: ../../../../../usr/local/lib/android/sdk/platforms/android-34/data/res/values-mcc310-mnc280-ro: Cannot utime: Operation not permitted
build	Cache Android SDK	2026-06-06T12:22:57.7637818Z /usr/bin/tar: ../../../../../usr/local/lib/android/sdk/platforms/android-34/data/res/values-mcc310-mnc280-ro: Cannot change mode to rwxr-xr-x: Operation not permitted
build	Cache Android SDK	2026-06-06T12:22:57.7640218Z /usr/bin/tar: ../../../../../usr/local/lib/android/sdk/platforms/android-34/data/res/values-mcc310-mnc250-en-rGB: Cannot utime: Operation not permitted
build	Cache Android SDK	2026-06-06T12:22:57.7640790Z /usr/bin/tar: ../../../../../usr/local/lib/android/sdk/platforms/android-34/data/res/values-mcc310-mnc250-en-rGB: Cannot change mode to rwxr-xr-x: Operation not permitted
build	Cache Android SDK	2026-06-06T12:22:57.7642889Z /usr/bin/tar: ../../../../../usr/local/lib/android/sdk/platforms/android-34/data/res/values-es-rCO: Cannot utime: Operation not permitted
build	Cache Android SDK	2026-06-06T12:22:57.7643434Z /usr/bin/tar: ../../../../../usr/local/lib/android/sdk/platforms/android-34/data/res/values-es-rCO: Cannot change mode to rwxr-xr-x: Operation not permitted
build	Cache Android SDK	2026-06-06T12:22:57.7645756Z /usr/bin/tar: ../../../../../usr/local/lib/android/sdk/platforms/android-34/data/res/values-mcc310-mnc170-uz: Cannot utime: Operation not permitted
build	Cache Android SDK	2026-06-06T12:22:57.7646227Z /usr/bin/tar: ../../../../../usr/local/lib/android/sdk/platforms/android-34/data/res/values-mcc310-mnc170-uz: Cannot change mode to rwxr-xr-x: Operation not permitted
build	Cache Android SDK	2026-06-06T12:22:57.7648896Z /usr/bin/tar: ../../../../../usr/local/lib/android/sdk/platforms/android-34/data/res/values-mcc310-mnc950-is: Cannot utime: Operation not permitted
build	Cache Android SDK	2026-06-06T12:22:57.7649391Z /usr/bin/tar: ../../../../../usr/local/lib/android/sdk/platforms/android-34/data/res/values-mcc310-mnc950-is: Cannot change mode to rwxr-xr-x: Operation not permitted
build	Cache Android SDK	2026-06-06T12:22:57.7653421Z /usr/bin/tar: ../../../../../usr/local/lib/android/sdk/platforms/android-34/data/res/values-pt-watch: Cannot utime: Operation not permitted
build	Cache Android SDK	2026-06-06T12:22:57.7653921Z /usr/bin/tar: ../../../../../usr/local/lib/android/sdk/platforms/android-34/data/res/values-pt-watch: Cannot change mode to rwxr-xr-x: Operation not permitted
build	Cache Android SDK	2026-06-06T12:22:57.7656660Z /usr/bin/tar: ../../../../../usr/local/lib/android/sdk/platforms/android-34/data/res/values-mcc313-mnc100-pl: Cannot utime: Operation not permitted
build	Cache Android SDK	2026-06-06T12:22:57.7657201Z /usr/bin/tar: ../../../../../usr/local/lib/android/sdk/platforms/android-34/data/res/values-mcc313-mnc100-pl: Cannot change mode to rwxr-xr-x: Operation not permitted
build	Cache Android SDK	2026-06-06T12:22:57.7660949Z /usr/bin/tar: ../../../../../usr/local/lib/android/sdk/platforms/android-34/data/res/values-mcc001-mnc01-vi: Cannot utime: Operation not permitted
build	Cache Android SDK	2026-06-06T12:22:57.7661465Z /usr/bin/tar: ../../../../../usr/local/lib/android/sdk/platforms/android-34/data/res/values-mcc001-mnc01-vi: Cannot change mode to rwxr-xr-x: Operation not permitted
build	Cache Android SDK	2026-06-06T12:22:57.7662568Z /usr/bin/tar: ../../../../../usr/local/lib/android/sdk/platforms/android-34/data/res/values-mcc313-mnc100-lv: Cannot utime: Operation not permitted
build	Cache Android SDK	2026-06-06T12:22:57.7663036Z /usr/bin/tar: ../../../../../usr/local/lib/android/sdk/platforms/android-34/data/res/values-mcc313-mnc100-lv: Cannot change mode to rwxr-xr-x: Operation not permitted
build	Cache Android SDK	2026-06-06T12:22:57.7665279Z /usr/bin/tar: ../../../../../usr/local/lib/android/sdk/platforms/android-34/data/res/values-mcc302-mnc720-gu: Cannot utime: Operation not permitted
build	Cache Android SDK	2026-06-06T12:22:57.7665755Z /usr/bin/tar: ../../../../../usr/local/lib/android/sdk/platforms/android-34/data/res/values-mcc302-mnc720-gu: Cannot change mode to rwxr-xr-x: Operation not permitted
build	Cache Android SDK	2026-06-06T12:22:57.7668185Z /usr/bin/tar: ../../../../../usr/local/lib/android/sdk/platforms/android-34/data/res/values-mcc302-mnc370-zh-rCN: Cannot utime: Operation not permitted
build	Cache Android SDK	2026-06-06T12:22:57.7669150Z /usr/bin/tar: ../../../../../usr/local/lib/android/sdk/platforms/android-34/data/res/values-mcc302-mnc370-zh-rCN: Cannot change mode to rwxr-xr-x: Operation not permitted
build	Cache Android SDK	2026-06-06T12:22:57.7671438Z /usr/bin/tar: ../../../../../usr/local/lib/android/sdk/platforms/android-34/data/res/values-th-watch: Cannot utime: Operation not permitted
build	Cache Android SDK	2026-06-06T12:22:57.7671910Z /usr/bin/tar: ../../../../../usr/local/lib/android/sdk/platforms/android-34/data/res/values-th-watch: Cannot change mode to rwxr-xr-x: Operation not permitted
build	Cache Android SDK	2026-06-06T12:22:57.7674771Z /usr/bin/tar: ../../../../../usr/local/lib/android/sdk/platforms/android-34/data/res/values-mcc310-mnc250-ta: Cannot utime: Operation not permitted
build	Cache Android SDK	2026-06-06T12:22:57.7675395Z /usr/bin/tar: ../../../../../usr/local/lib/android/sdk/platforms/android-34/data/res/values-mcc310-mnc250-ta: Cannot change mode to rwxr-xr-x: Operation not permitted
build	Cache Android SDK	2026-06-06T12:22:57.7678237Z /usr/bin/tar: ../../../../../usr/local/lib/android/sdk/platforms/android-34/data/res/values-mcc310-mnc560-mk: Cannot utime: Operation not permitted
build	Cache Android SDK	2026-06-06T12:22:57.7678783Z /usr/bin/tar: ../../../../../usr/local/lib/android/sdk/platforms/android-34/data/res/values-mcc310-mnc560-mk: Cannot change mode to rwxr-xr-x: Operation not permitted
build	Cache Android SDK	2026-06-06T12:22:57.7682234Z /usr/bin/tar: ../../../../../usr/local/lib/android/sdk/platforms/android-34/data/res/values-mcc466-mnc02: Cannot utime: Operation not permitted
build	Cache Android SDK	2026-06-06T12:22:57.7682717Z /usr/bin/tar: ../../../../../usr/local/lib/android/sdk/platforms/android-34/data/res/values-mcc466-mnc02: Cannot change mode to rwxr-xr-x: Operation not permitted
build	Cache Android SDK	2026-06-06T12:22:57.7685008Z /usr/bin/tar: ../../../../../usr/local/lib/android/sdk/platforms/android-34/data/res/values-mcc310-mnc030: Cannot utime: Operation not permitted
build	Cache Android SDK	2026-06-06T12:22:57.7685507Z /usr/bin/tar: ../../../../../usr/local/lib/android/sdk/platforms/android-34/data/res/values-mcc310-mnc030: Cannot change mode to rwxr-xr-x: Operation not permitted
build	Cache Android SDK	2026-06-06T12:22:57.7689624Z /usr/bin/tar: ../../../../../usr/local/lib/android/sdk/platforms/android-34/data/res/values-mcc310-mnc150-sq: Cannot utime: Operation not permitted
build	Cache Android SDK	2026-06-06T12:22:57.7690165Z /usr/bin/tar: ../../../../../usr/local/lib/android/sdk/platforms/android-34/data/res/values-mcc310-mnc150-sq: Cannot change mode to rwxr-xr-x: Operation not permitted
build	Cache Android SDK	2026-06-06T12:22:57.7692299Z /usr/bin/tar: ../../../../../usr/local/lib/android/sdk/platforms/android-34/data/res/values-mcc310-mnc220-uz: Cannot utime: Operation not permitted
build	Cache Android SDK	2026-06-06T12:22:57.7692766Z /usr/bin/tar: ../../../../../usr/local/lib/android/sdk/platforms/android-34/data/res/values-mcc310-mnc220-uz: Cannot change mode to rwxr-xr-x: Operation not permitted
build	Cache Android SDK	2026-06-06T12:22:57.7695728Z /usr/bin/tar: ../../../../../usr/local/lib/android/sdk/platforms/android-34/data/res/values-mcc310-mnc380-es-rUS: Cannot utime: Operation not permitted
build	Cache Android SDK	2026-06-06T12:22:57.7696266Z /usr/bin/tar: ../../../../../usr/local/lib/android/sdk/platforms/android-34/data/res/values-mcc310-mnc380-es-rUS: Cannot change mode to rwxr-xr-x: Operation not permitted
build	Cache Android SDK	2026-06-06T12:22:57.7698992Z /usr/bin/tar: ../../../../../usr/local/lib/android/sdk/platforms/android-34/data/res/values-hu-watch: Cannot utime: Operation not permitted
build	Cache Android SDK	2026-06-06T12:22:57.7699476Z /usr/bin/tar: ../../../../../usr/local/lib/android/sdk/platforms/android-34/data/res/values-hu-watch: Cannot change mode to rwxr-xr-x: Operation not permitted
build	Cache Android SDK	2026-06-06T12:22:57.7701842Z /usr/bin/tar: ../../../../../usr/local/lib/android/sdk/platforms/android-34/data/res/values-mcc311-mnc180-et: Cannot utime: Operation not permitted
build	Cache Android SDK	2026-06-06T12:22:57.7702315Z /usr/bin/tar: ../../../../../usr/local/lib/android/sdk/platforms/android-34/data/res/values-mcc311-mnc180-et: Cannot change mode to rwxr-xr-x: Operation not permitted
build	Cache Android SDK	2026-06-06T12:22:57.7704953Z /usr/bin/tar: ../../../../../usr/local/lib/android/sdk/platforms/android-34/data/res/values-mcc310-mnc800-my: Cannot utime: Operation not permitted
build	Cache Android SDK	2026-06-06T12:22:57.7705480Z /usr/bin/tar: ../../../../../usr/local/lib/android/sdk/platforms/android-34/data/res/values-mcc310-mnc800-my: Cannot change mode to rwxr-xr-x: Operation not permitted
build	Cache Android SDK	2026-06-06T12:22:57.7707738Z /usr/bin/tar: ../../../../../usr/local/lib/android/sdk/platforms/android-34/data/res/values-mcc310-mnc150-pl: Cannot utime: Operation not permitted
build	Cache Android SDK	2026-06-06T12:22:57.7708245Z /usr/bin/tar: ../../../../../usr/local/lib/android/sdk/platforms/android-34/data/res/values-mcc310-mnc150-pl: Cannot change mode to rwxr-xr-x: Operation not permitted
build	Cache Android SDK	2026-06-06T12:22:57.7710946Z /usr/bin/tar: ../../../../../usr/local/lib/android/sdk/platforms/android-34/data/res/values-mcc302-mnc370-ja: Cannot utime: Operation not permitted
build	Cache Android SDK	2026-06-06T12:22:57.7711516Z /usr/bin/tar: ../../../../../usr/local/lib/android/sdk/platforms/android-34/data/res/values-mcc302-mnc370-ja: Cannot change mode to rwxr-xr-x: Operation not permitted
build	Cache Android SDK	2026-06-06T12:22:57.7714172Z /usr/bin/tar: ../../../../../usr/local/lib/android/sdk/platforms/android-34/data/res/values-mcc302-mnc370-my: Cannot utime: Operation not permitted
build	Cache Android SDK	2026-06-06T12:22:57.7714739Z /usr/bin/tar: ../../../../../usr/local/lib/android/sdk/platforms/android-34/data/res/values-mcc302-mnc370-my: Cannot change mode to rwxr-xr-x: Operation not permitted
build	Cache Android SDK	2026-06-06T12:22:57.7721416Z /usr/bin/tar: ../../../../../usr/local/lib/android/sdk/platforms/android-34/data/res/drawable-sw600dp-xhdpi: Cannot utime: Operation not permitted
build	Cache Android SDK	2026-06-06T12:22:57.7721923Z /usr/bin/tar: ../../../../../usr/local/lib/android/sdk/platforms/android-34/data/res/drawable-sw600dp-xhdpi: Cannot change mode to rwxr-xr-x: Operation not permitted
build	Cache Android SDK	2026-06-06T12:22:57.7724438Z /usr/bin/tar: ../../../../../usr/local/lib/android/sdk/platforms/android-34/data/res/values-mcc510-mnc89: Cannot utime: Operation not permitted
build	Cache Android SDK	2026-06-06T12:22:57.7725036Z /usr/bin/tar: ../../../../../usr/local/lib/android/sdk/platforms/android-34/data/res/values-mcc510-mnc89: Cannot change mode to rwxr-xr-x: Operation not permitted
build	Cache Android SDK	2026-06-06T12:22:57.7727558Z /usr/bin/tar: ../../../../../usr/local/lib/android/sdk/platforms/android-34/data/res/values-mcc313-mnc100-gl: Cannot utime: Operation not permitted
build	Cache Android SDK	2026-06-06T12:22:57.7728097Z /usr/bin/tar: ../../../../../usr/local/lib/android/sdk/platforms/android-34/data/res/values-mcc313-mnc100-gl: Cannot change mode to rwxr-xr-x: Operation not permitted
build	Cache Android SDK	2026-06-06T12:22:57.7730315Z /usr/bin/tar: ../../../../../usr/local/lib/android/sdk/platforms/android-34/data/res/values-mcc310-mnc490-da: Cannot utime: Operation not permitted
build	Cache Android SDK	2026-06-06T12:22:57.7730803Z /usr/bin/tar: ../../../../../usr/local/lib/android/sdk/platforms/android-34/data/res/values-mcc310-mnc490-da: Cannot change mode to rwxr-xr-x: Operation not permitted
build	Cache Android SDK	2026-06-06T12:22:57.7733188Z /usr/bin/tar: ../../../../../usr/local/lib/android/sdk/platforms/android-34/data/res/values-mcc310-mnc240-uz: Cannot utime: Operation not permitted
build	Cache Android SDK	2026-06-06T12:22:57.7733705Z /usr/bin/tar: ../../../../../usr/local/lib/android/sdk/platforms/android-34/data/res/values-mcc310-mnc240-uz: Cannot change mode to rwxr-xr-x: Operation not permitted
build	Cache Android SDK	2026-06-06T12:22:57.7736086Z /usr/bin/tar: ../../../../../usr/local/lib/android/sdk/platforms/android-34/data/res/values-mcc310-mnc170-ky: Cannot utime: Operation not permitted
build	Cache Android SDK	2026-06-06T12:22:57.7736551Z /usr/bin/tar: ../../../../../usr/local/lib/android/sdk/platforms/android-34/data/res/values-mcc310-mnc170-ky: Cannot change mode to rwxr-xr-x: Operation not permitted
build	Cache Android SDK	2026-06-06T12:22:57.7739143Z /usr/bin/tar: ../../../../../usr/local/lib/android/sdk/platforms/android-34/data/res/values-mcc310-mnc950-az: Cannot utime: Operation not permitted
build	Cache Android SDK	2026-06-06T12:22:57.7739611Z /usr/bin/tar: ../../../../../usr/local/lib/android/sdk/platforms/android-34/data/res/values-mcc310-mnc950-az: Cannot change mode to rwxr-xr-x: Operation not permitted
build	Cache Android SDK	2026-06-06T12:22:57.7742446Z /usr/bin/tar: ../../../../../usr/local/lib/android/sdk/platforms/android-34/data/res/values-mcc310-mnc220-zh-rTW: Cannot utime: Operation not permitted
build	Cache Android SDK	2026-06-06T12:22:57.7743071Z /usr/bin/tar: ../../../../../usr/local/lib/android/sdk/platforms/android-34/data/res/values-mcc310-mnc220-zh-rTW: Cannot change mode to rwxr-xr-x: Operation not permitted
build	Cache Android SDK	2026-06-06T12:22:57.7745163Z /usr/bin/tar: ../../../../../usr/local/lib/android/sdk/platforms/android-34/data/res/values-mcc310-mnc150-ky: Cannot utime: Operation not permitted
build	Cache Android SDK	2026-06-06T12:22:57.7745653Z /usr/bin/tar: ../../../../../usr/local/lib/android/sdk/platforms/android-34/data/res/values-mcc310-mnc150-ky: Cannot change mode to rwxr-xr-x: Operation not permitted
build	Cache Android SDK	2026-06-06T12:22:57.7748241Z /usr/bin/tar: ../../../../../usr/local/lib/android/sdk/platforms/android-34/data/res/values-mcc310-mnc950-hi: Cannot utime: Operation not permitted
build	Cache Android SDK	2026-06-06T12:22:57.7748821Z /usr/bin/tar: ../../../../../usr/local/lib/android/sdk/platforms/android-34/data/res/values-mcc310-mnc950-hi: Cannot change mode to rwxr-xr-x: Operation not permitted
build	Cache Android SDK	2026-06-06T12:22:57.7750860Z /usr/bin/tar: ../../../../../usr/local/lib/android/sdk/platforms/android-34/data/res/values-mcc310-mnc250-th: Cannot utime: Operation not permitted
build	Cache Android SDK	2026-06-06T12:22:57.7751386Z /usr/bin/tar: ../../../../../usr/local/lib/android/sdk/platforms/android-34/data/res/values-mcc310-mnc250-th: Cannot change mode to rwxr-xr-x: Operation not permitted
build	Cache Android SDK	2026-06-06T12:22:57.7754368Z /usr/bin/tar: ../../../../../usr/local/lib/android/sdk/platforms/android-34/data/res/values-round-watch: Cannot utime: Operation not permitted
build	Cache Android SDK	2026-06-06T12:22:57.7754846Z /usr/bin/tar: ../../../../../usr/local/lib/android/sdk/platforms/android-34/data/res/values-round-watch: Cannot change mode to rwxr-xr-x: Operation not permitted
build	Cache Android SDK	2026-06-06T12:22:57.7757215Z /usr/bin/tar: ../../../../../usr/local/lib/android/sdk/platforms/android-34/data/res/values-mcc310-mnc160-te: Cannot utime: Operation not permitted
build	Cache Android SDK	2026-06-06T12:22:57.7757809Z /usr/bin/tar: ../../../../../usr/local/lib/android/sdk/platforms/android-34/data/res/values-mcc310-mnc160-te: Cannot change mode to rwxr-xr-x: Operation not permitted
build	Cache Android SDK	2026-06-06T12:22:57.7760644Z /usr/bin/tar: ../../../../../usr/local/lib/android/sdk/platforms/android-34/data/res/color-watch: Cannot utime: Operation not permitted
build	Cache Android SDK	2026-06-06T12:22:57.7761130Z /usr/bin/tar: ../../../../../usr/local/lib/android/sdk/platforms/android-34/data/res/color-watch: Cannot change mode to rwxr-xr-x: Operation not permitted
build	Cache Android SDK	2026-06-06T12:22:57.7764773Z /usr/bin/tar: ../../../../../usr/local/lib/android/sdk/platforms/android-34/data/res/values-mcc310-mnc950-mr: Cannot utime: Operation not permitted
build	Cache Android SDK	2026-06-06T12:22:57.7765279Z /usr/bin/tar: ../../../../../usr/local/lib/android/sdk/platforms/android-34/data/res/values-mcc310-mnc950-mr: Cannot change mode to rwxr-xr-x: Operation not permitted
build	Cache Android SDK	2026-06-06T12:22:57.7771187Z /usr/bin/tar: ../../../../../usr/local/lib/android/sdk/platforms/android-34/data/res/values-mcc312-mnc670-is: Cannot utime: Operation not permitted
build	Cache Android SDK	2026-06-06T12:22:57.7771674Z /usr/bin/tar: ../../../../../usr/local/lib/android/sdk/platforms/android-34/data/res/values-mcc312-mnc670-is: Cannot change mode to rwxr-xr-x: Operation not permitted
build	Cache Android SDK	2026-06-06T12:22:57.7774106Z /usr/bin/tar: ../../../../../usr/local/lib/android/sdk/platforms/android-34/data/res/values-mcc310-mnc030-it: Cannot utime: Operation not permitted
build	Cache Android SDK	2026-06-06T12:22:57.7774607Z /usr/bin/tar: ../../../../../usr/local/lib/android/sdk/platforms/android-34/data/res/values-mcc310-mnc030-it: Cannot change mode to rwxr-xr-x: Operation not permitted
build	Cache Android SDK	2026-06-06T12:22:57.7778804Z /usr/bin/tar: ../../../../../usr/local/lib/android/sdk/platforms/android-34/data/res/values-mcc313-mnc100-ky: Cannot utime: Operation not permitted
build	Cache Android SDK	2026-06-06T12:22:57.7779309Z /usr/bin/tar: ../../../../../usr/local/lib/android/sdk/platforms/android-34/data/res/values-mcc313-mnc100-ky: Cannot change mode to rwxr-xr-x: Operation not permitted
build	Cache Android SDK	2026-06-06T12:22:57.7781442Z /usr/bin/tar: ../../../../../usr/local/lib/android/sdk/platforms/android-34/data/res/values-mcc311-mnc180-en-rAU: Cannot utime: Operation not permitted
build	Cache Android SDK	2026-06-06T12:22:57.7782111Z /usr/bin/tar: ../../../../../usr/local/lib/android/sdk/platforms/android-34/data/res/values-mcc311-mnc180-en-rAU: Cannot change mode to rwxr-xr-x: Operation not permitted
build	Cache Android SDK	2026-06-06T12:22:57.7784014Z /usr/bin/tar: ../../../../../usr/local/lib/android/sdk/platforms/android-34/data/res/values-mcc310-mnc490-sr: Cannot utime: Operation not permitted
build	Cache Android SDK	2026-06-06T12:22:57.7784486Z /usr/bin/tar: ../../../../../usr/local/lib/android/sdk/platforms/android-34/data/res/values-mcc310-mnc490-sr: Cannot change mode to rwxr-xr-x: Operation not permitted
build	Cache Android SDK	2026-06-06T12:22:57.7786759Z /usr/bin/tar: ../../../../../usr/local/lib/android/sdk/platforms/android-34/data/res/values-mcc310-mnc560-uz: Cannot utime: Operation not permitted
build	Cache Android SDK	2026-06-06T12:22:57.7787328Z /usr/bin/tar: ../../../../../usr/local/lib/android/sdk/platforms/android-34/data/res/values-mcc310-mnc560-uz: Cannot change mode to rwxr-xr-x: Operation not permitted
build	Cache Android SDK	2026-06-06T12:22:57.7789741Z /usr/bin/tar: ../../../../../usr/local/lib/android/sdk/platforms/android-34/data/res/values-mcc310-mnc490-sw: Cannot utime: Operation not permitted
build	Cache Android SDK	2026-06-06T12:22:57.7790297Z /usr/bin/tar: ../../../../../usr/local/lib/android/sdk/platforms/android-34/data/res/values-mcc310-mnc490-sw: Cannot change mode to rwxr-xr-x: Operation not permitted
build	Cache Android SDK	2026-06-06T12:22:57.7792537Z /usr/bin/tar: ../../../../../usr/local/lib/android/sdk/platforms/android-34/data/res/values-mcc302-mnc370-is: Cannot utime: Operation not permitted
build	Cache Android SDK	2026-06-06T12:22:57.7793040Z /usr/bin/tar: ../../../../../usr/local/lib/android/sdk/platforms/android-34/data/res/values-mcc302-mnc370-is: Cannot change mode to rwxr-xr-x: Operation not permitted
build	Cache Android SDK	2026-06-06T12:22:57.7795290Z /usr/bin/tar: ../../../../../usr/local/lib/android/sdk/platforms/android-34/data/res/values-mcc302-mnc610: Cannot utime: Operation not permitted
build	Cache Android SDK	2026-06-06T12:22:57.7795770Z /usr/bin/tar: ../../../../../usr/local/lib/android/sdk/platforms/android-34/data/res/values-mcc302-mnc610: Cannot change mode to rwxr-xr-x: Operation not permitted
build	Cache Android SDK	2026-06-06T12:22:57.7798364Z /usr/bin/tar: ../../../../../usr/local/lib/android/sdk/platforms/android-34/data/res/values-mcc310-mnc800-el: Cannot utime: Operation not permitted
build	Cache Android SDK	2026-06-06T12:22:57.7798837Z /usr/bin/tar: ../../../../../usr/local/lib/android/sdk/platforms/android-34/data/res/values-mcc310-mnc800-el: Cannot change mode to rwxr-xr-x: Operation not permitted
build	Cache Android SDK	2026-06-06T12:22:57.7801703Z /usr/bin/tar: ../../../../../usr/local/lib/android/sdk/platforms/android-34/data/res/values-mcc302-mnc720-gl: Cannot utime: Operation not permitted
build	Cache Android SDK	2026-06-06T12:22:57.7802198Z /usr/bin/tar: ../../../../../usr/local/lib/android/sdk/platforms/android-34/data/res/values-mcc302-mnc720-gl: Cannot change mode to rwxr-xr-x: Operation not permitted
build	Cache Android SDK	2026-06-06T12:22:57.7804954Z /usr/bin/tar: ../../../../../usr/local/lib/android/sdk/platforms/android-34/data/res/values-nl-television: Cannot utime: Operation not permitted
build	Cache Android SDK	2026-06-06T12:22:57.7805481Z /usr/bin/tar: ../../../../../usr/local/lib/android/sdk/platforms/android-34/data/res/values-nl-television: Cannot change mode to rwxr-xr-x: Operation not permitted
build	Cache Android SDK	2026-06-06T12:22:57.7808325Z /usr/bin/tar: ../../../../../usr/local/lib/android/sdk/platforms/android-34/data/res/values-mcc334-mnc020-mk: Cannot utime: Operation not permitted
build	Cache Android SDK	2026-06-06T12:22:57.7808814Z /usr/bin/tar: ../../../../../usr/local/lib/android/sdk/platforms/android-34/data/res/values-mcc334-mnc020-mk: Cannot change mode to rwxr-xr-x: Operation not permitted
build	Cache Android SDK	2026-06-06T12:22:57.7811585Z /usr/bin/tar: ../../../../../usr/local/lib/android/sdk/platforms/android-34/data/res/values-mcc310-mnc950-de: Cannot utime: Operation not permitted
build	Cache Android SDK	2026-06-06T12:22:57.7812041Z /usr/bin/tar: ../../../../../usr/local/lib/android/sdk/platforms/android-34/data/res/values-mcc310-mnc950-de: Cannot change mode to rwxr-xr-x: Operation not permitted
build	Cache Android SDK	2026-06-06T12:22:57.7815162Z /usr/bin/tar: ../../../../../usr/local/lib/android/sdk/platforms/android-34/data/res/values-mcc310-mnc270-lt: Cannot utime: Operation not permitted
build	Cache Android SDK	2026-06-06T12:22:57.7815729Z /usr/bin/tar: ../../../../../usr/local/lib/android/sdk/platforms/android-34/data/res/values-mcc310-mnc270-lt: Cannot change mode to rwxr-xr-x: Operation not permitted
build	Cache Android SDK	2026-06-06T12:22:57.7818922Z /usr/bin/tar: ../../../../../usr/local/lib/android/sdk/platforms/android-34/data/res/values-mcc310-mnc410-sk: Cannot utime: Operation not permitted
build	Cache Android SDK	2026-06-06T12:22:57.7819400Z /usr/bin/tar: ../../../../../usr/local/lib/android/sdk/platforms/android-34/data/res/values-mcc310-mnc410-sk: Cannot change mode to rwxr-xr-x: Operation not permitted
build	Cache Android SDK	2026-06-06T12:22:57.7822513Z /usr/bin/tar: ../../../../../usr/local/lib/android/sdk/platforms/android-34/data/res/values-mcc001-mnc01-sq: Cannot utime: Operation not permitted
build	Cache Android SDK	2026-06-06T12:22:57.7823102Z /usr/bin/tar: ../../../../../usr/local/lib/android/sdk/platforms/android-34/data/res/values-mcc001-mnc01-sq: Cannot change mode to rwxr-xr-x: Operation not permitted
build	Cache Android SDK	2026-06-06T12:22:57.7825414Z /usr/bin/tar: ../../../../../usr/local/lib/android/sdk/platforms/android-34/data/res/values-mcc310-mnc230-sl: Cannot utime: Operation not permitted
build	Cache Android SDK	2026-06-06T12:22:57.7826006Z /usr/bin/tar: ../../../../../usr/local/lib/android/sdk/platforms/android-34/data/res/values-mcc310-mnc230-sl: Cannot change mode to rwxr-xr-x: Operation not permitted
build	Cache Android SDK	2026-06-06T12:22:57.7831507Z /usr/bin/tar: ../../../../../usr/local/lib/android/sdk/platforms/android-34/data/res/values-mcc310-mnc240-en-rIN: Cannot utime: Operation not permitted
build	Cache Android SDK	2026-06-06T12:22:57.7832004Z /usr/bin/tar: ../../../../../usr/local/lib/android/sdk/platforms/android-34/data/res/values-mcc310-mnc240-en-rIN: Cannot change mode to rwxr-xr-x: Operation not permitted
build	Cache Android SDK	2026-06-06T12:22:57.7834677Z /usr/bin/tar: ../../../../../usr/local/lib/android/sdk/platforms/android-34/data/res/values-mcc310-mnc560-my: Cannot utime: Operation not permitted
build	Cache Android SDK	2026-06-06T12:22:57.7835151Z /usr/bin/tar: ../../../../../usr/local/lib/android/sdk/platforms/android-34/data/res/values-mcc310-mnc560-my: Cannot change mode to rwxr-xr-x: Operation not permitted
build	Cache Android SDK	2026-06-06T12:22:57.7838015Z /usr/bin/tar: ../../../../../usr/local/lib/android/sdk/platforms/android-34/data/res/values-mcc001-mnc01-ca: Cannot utime: Operation not permitted
build	Cache Android SDK	2026-06-06T12:22:57.7838504Z /usr/bin/tar: ../../../../../usr/local/lib/android/sdk/platforms/android-34/data/res/values-mcc001-mnc01-ca: Cannot change mode to rwxr-xr-x: Operation not permitted
build	Cache Android SDK	2026-06-06T12:22:57.7840754Z /usr/bin/tar: ../../../../../usr/local/lib/android/sdk/platforms/android-34/data/res/values-mcc310-mnc220-be: Cannot utime: Operation not permitted
build	Cache Android SDK	2026-06-06T12:22:57.7841252Z /usr/bin/tar: ../../../../../usr/local/lib/android/sdk/platforms/android-34/data/res/values-mcc310-mnc220-be: Cannot change mode to rwxr-xr-x: Operation not permitted
build	Cache Android SDK	2026-06-06T12:22:57.7843976Z /usr/bin/tar: ../../../../../usr/local/lib/android/sdk/platforms/android-34/data/res/values-mcc334-mnc020-fi: Cannot utime: Operation not permitted
build	Cache Android SDK	2026-06-06T12:22:57.7844449Z /usr/bin/tar: ../../../../../usr/local/lib/android/sdk/platforms/android-34/data/res/values-mcc334-mnc020-fi: Cannot change mode to rwxr-xr-x: Operation not permitted
build	Cache Android SDK	2026-06-06T12:22:57.7847683Z /usr/bin/tar: ../../../../../usr/local/lib/android/sdk/platforms/android-34/data/res/values-mcc302-mnc370-kk: Cannot utime: Operation not permitted
build	Cache Android SDK	2026-06-06T12:22:57.7848165Z /usr/bin/tar: ../../../../../usr/local/lib/android/sdk/platforms/android-34/data/res/values-mcc302-mnc370-kk: Cannot change mode to rwxr-xr-x: Operation not permitted
build	Cache Android SDK	2026-06-06T12:22:57.7853699Z /usr/bin/tar: ../../../../../usr/local/lib/android/sdk/platforms/android-34/data/res/values-mcc311-mnc180-kk: Cannot utime: Operation not permitted
build	Cache Android SDK	2026-06-06T12:22:57.7854198Z /usr/bin/tar: ../../../../../usr/local/lib/android/sdk/platforms/android-34/data/res/values-mcc311-mnc180-kk: Cannot change mode to rwxr-xr-x: Operation not permitted
build	Cache Android SDK	2026-06-06T12:22:57.7856625Z /usr/bin/tar: ../../../../../usr/local/lib/android/sdk/platforms/android-34/data/res/values-pt-rPT-television: Cannot utime: Operation not permitted
build	Cache Android SDK	2026-06-06T12:22:57.7857180Z /usr/bin/tar: ../../../../../usr/local/lib/android/sdk/platforms/android-34/data/res/values-pt-rPT-television: Cannot change mode to rwxr-xr-x: Operation not permitted
build	Cache Android SDK	2026-06-06T12:22:57.7859905Z /usr/bin/tar: ../../../../../usr/local/lib/android/sdk/platforms/android-34/data/res/values-mcc302-mnc720-ur: Cannot utime: Operation not permitted
build	Cache Android SDK	2026-06-06T12:22:57.7860379Z /usr/bin/tar: ../../../../../usr/local/lib/android/sdk/platforms/android-34/data/res/values-mcc302-mnc720-ur: Cannot change mode to rwxr-xr-x: Operation not permitted
build	Cache Android SDK	2026-06-06T12:22:57.8177010Z /usr/bin/tar: ../../../../../usr/local/lib/android/sdk/platforms/android-34/data/res/drawable-xxhdpi: Cannot utime: Operation not permitted
build	Cache Android SDK	2026-06-06T12:22:57.8177820Z /usr/bin/tar: ../../../../../usr/local/lib/android/sdk/platforms/android-34/data/res/drawable-xxhdpi: Cannot change mode to rwxr-xr-x: Operation not permitted
build	Cache Android SDK	2026-06-06T12:22:57.8180034Z /usr/bin/tar: ../../../../../usr/local/lib/android/sdk/platforms/android-34/data/res/values-mcc310-mnc380-th: Cannot utime: Operation not permitted
build	Cache Android SDK	2026-06-06T12:22:57.8180657Z /usr/bin/tar: ../../../../../usr/local/lib/android/sdk/platforms/android-34/data/res/values-mcc310-mnc380-th: Cannot change mode to rwxr-xr-x: Operation not permitted
build	Cache Android SDK	2026-06-06T12:22:57.8183215Z /usr/bin/tar: ../../../../../usr/local/lib/android/sdk/platforms/android-34/data/res/values-mcc310-mnc380-en-rXC: Cannot utime: Operation not permitted
build	Cache Android SDK	2026-06-06T12:22:57.8183748Z /usr/bin/tar: ../../../../../usr/local/lib/android/sdk/platforms/android-34/data/res/values-mcc310-mnc380-en-rXC: Cannot change mode to rwxr-xr-x: Operation not permitted
build	Cache Android SDK	2026-06-06T12:22:57.8186313Z /usr/bin/tar: ../../../../../usr/local/lib/android/sdk/platforms/android-34/data/res/values-mcc310-mnc410-es: Cannot utime: Operation not permitted
build	Cache Android SDK	2026-06-06T12:22:57.8186804Z /usr/bin/tar: ../../../../../usr/local/lib/android/sdk/platforms/android-34/data/res/values-mcc310-mnc410-es: Cannot change mode to rwxr-xr-x: Operation not permitted
build	Cache Android SDK	2026-06-06T12:22:57.8189506Z /usr/bin/tar: ../../../../../usr/local/lib/android/sdk/platforms/android-34/data/res/values-mcc310-mnc660-pt-rBR: Cannot utime: Operation not permitted
build	Cache Android SDK	2026-06-06T12:22:57.8190013Z /usr/bin/tar: ../../../../../usr/local/lib/android/sdk/platforms/android-34/data/res/values-mcc310-mnc660-pt-rBR: Cannot change mode to rwxr-xr-x: Operation not permitted
build	Cache Android SDK	2026-06-06T12:22:57.8192615Z /usr/bin/tar: ../../../../../usr/local/lib/android/sdk/platforms/android-34/data/res/values-mcc310-mnc250-ka: Cannot utime: Operation not permitted
build	Cache Android SDK	2026-06-06T12:22:57.8193098Z /usr/bin/tar: ../../../../../usr/local/lib/android/sdk/platforms/android-34/data/res/values-mcc310-mnc250-ka: Cannot change mode to rwxr-xr-x: Operation not permitted
build	Cache Android SDK	2026-06-06T12:22:57.8195813Z /usr/bin/tar: ../../../../../usr/local/lib/android/sdk/platforms/android-34/data/res/values-mcc310-mnc800-lt: Cannot utime: Operation not permitted
build	Cache Android SDK	2026-06-06T12:22:57.8196318Z /usr/bin/tar: ../../../../../usr/local/lib/android/sdk/platforms/android-34/data/res/values-mcc310-mnc800-lt: Cannot change mode to rwxr-xr-x: Operation not permitted
build	Cache Android SDK	2026-06-06T12:22:57.8198676Z /usr/bin/tar: ../../../../../usr/local/lib/android/sdk/platforms/android-34/data/res/values-my-watch: Cannot utime: Operation not permitted
build	Cache Android SDK	2026-06-06T12:22:57.8199213Z /usr/bin/tar: ../../../../../usr/local/lib/android/sdk/platforms/android-34/data/res/values-my-watch: Cannot change mode to rwxr-xr-x: Operation not permitted
build	Cache Android SDK	2026-06-06T12:22:57.8202011Z /usr/bin/tar: ../../../../../usr/local/lib/android/sdk/platforms/android-34/data/res/values-mcc310-mnc950-sl: Cannot utime: Operation not permitted
build	Cache Android SDK	2026-06-06T12:22:57.8202475Z /usr/bin/tar: ../../../../../usr/local/lib/android/sdk/platforms/android-34/data/res/values-mcc310-mnc950-sl: Cannot change mode to rwxr-xr-x: Operation not permitted
build	Cache Android SDK	2026-06-06T12:22:57.8208226Z /usr/bin/tar: ../../../../../usr/local/lib/android/sdk/platforms/android-34/data/res/values-uz: Cannot utime: Operation not permitted
build	Cache Android SDK	2026-06-06T12:22:57.8208752Z /usr/bin/tar: ../../../../../usr/local/lib/android/sdk/platforms/android-34/data/res/values-uz: Cannot change mode to rwxr-xr-x: Operation not permitted
build	Cache Android SDK	2026-06-06T12:22:57.8211271Z /usr/bin/tar: ../../../../../usr/local/lib/android/sdk/platforms/android-34/data/res/values-mcc310-mnc380-mr: Cannot utime: Operation not permitted
build	Cache Android SDK	2026-06-06T12:22:57.8211810Z /usr/bin/tar: ../../../../../usr/local/lib/android/sdk/platforms/android-34/data/res/values-mcc310-mnc380-mr: Cannot change mode to rwxr-xr-x: Operation not permitted
build	Cache Android SDK	2026-06-06T12:22:57.8214036Z /usr/bin/tar: ../../../../../usr/local/lib/android/sdk/platforms/android-34/data/res/values-mcc310-mnc160-kk: Cannot utime: Operation not permitted
build	Cache Android SDK	2026-06-06T12:22:57.8214617Z /usr/bin/tar: ../../../../../usr/local/lib/android/sdk/platforms/android-34/data/res/values-mcc310-mnc160-kk: Cannot change mode to rwxr-xr-x: Operation not permitted
build	Cache Android SDK	2026-06-06T12:22:57.8217779Z /usr/bin/tar: ../../../../../usr/local/lib/android/sdk/platforms/android-34/data/res/values-mcc310-mnc240-is: Cannot utime: Operation not permitted
build	Cache Android SDK	2026-06-06T12:22:57.8218412Z /usr/bin/tar: ../../../../../usr/local/lib/android/sdk/platforms/android-34/data/res/values-mcc310-mnc240-is: Cannot change mode to rwxr-xr-x: Operation not permitted
build	Cache Android SDK	2026-06-06T12:22:57.8220629Z /usr/bin/tar: ../../../../../usr/local/lib/android/sdk/platforms/android-34/data/res/values-mcc313-mnc100: Cannot utime: Operation not permitted
build	Cache Android SDK	2026-06-06T12:22:57.8221099Z /usr/bin/tar: ../../../../../usr/local/lib/android/sdk/platforms/android-34/data/res/values-mcc313-mnc100: Cannot change mode to rwxr-xr-x: Operation not permitted
build	Cache Android SDK	2026-06-06T12:22:57.8223331Z /usr/bin/tar: ../../../../../usr/local/lib/android/sdk/platforms/android-34/data/res/values-mcc313-mnc100-mk: Cannot utime: Operation not permitted
build	Cache Android SDK	2026-06-06T12:22:57.8223846Z /usr/bin/tar: ../../../../../usr/local/lib/android/sdk/platforms/android-34/data/res/values-mcc313-mnc100-mk: Cannot change mode to rwxr-xr-x: Operation not permitted
build	Cache Android SDK	2026-06-06T12:22:57.8226095Z /usr/bin/tar: ../../../../../usr/local/lib/android/sdk/platforms/android-34/data/res/values-mcc310-mnc030-bg: Cannot utime: Operation not permitted
build	Cache Android SDK	2026-06-06T12:22:57.8227873Z /usr/bin/tar: ../../../../../usr/local/lib/android/sdk/platforms/android-34/data/res/values-mcc310-mnc030-bg: Cannot change mode to rwxr-xr-x: Operation not permitted
build	Cache Android SDK	2026-06-06T12:22:57.8229717Z /usr/bin/tar: ../../../../../usr/local/lib/android/sdk/platforms/android-34/data/res/values-hi-watch: Cannot utime: Operation not permitted
build	Cache Android SDK	2026-06-06T12:22:57.8231388Z /usr/bin/tar: ../../../../../usr/local/lib/android/sdk/platforms/android-34/data/res/values-hi-watch: Cannot change mode to rwxr-xr-x: Operation not permitted
build	Cache Android SDK	2026-06-06T12:22:57.8233356Z /usr/bin/tar: ../../../../../usr/local/lib/android/sdk/platforms/android-34/data/res/values-mcc310-mnc160-ru: Cannot utime: Operation not permitted
build	Cache Android SDK	2026-06-06T12:22:57.8235339Z /usr/bin/tar: ../../../../../usr/local/lib/android/sdk/platforms/android-34/data/res/values-mcc310-mnc160-ru: Cannot change mode to rwxr-xr-x: Operation not permitted
build	Cache Android SDK	2026-06-06T12:22:57.8237192Z /usr/bin/tar: ../../../../../usr/local/lib/android/sdk/platforms/android-34/data/res/values-mcc310-mnc240-km: Cannot utime: Operation not permitted
build	Cache Android SDK	2026-06-06T12:22:57.8239183Z /usr/bin/tar: ../../../../../usr/local/lib/android/sdk/platforms/android-34/data/res/values-mcc310-mnc240-km: Cannot change mode to rwxr-xr-x: Operation not permitted
build	Cache Android SDK	2026-06-06T12:22:57.8240861Z /usr/bin/tar: ../../../../../usr/local/lib/android/sdk/platforms/android-34/data/res/values-mcc310-mnc270-ro: Cannot utime: Operation not permitted
build	Cache Android SDK	2026-06-06T12:22:57.8242590Z /usr/bin/tar: ../../../../../usr/local/lib/android/sdk/platforms/android-34/data/res/values-mcc310-mnc270-ro: Cannot change mode to rwxr-xr-x: Operation not permitted
build	Cache Android SDK	2026-06-06T12:22:57.8244064Z /usr/bin/tar: ../../../../../usr/local/lib/android/sdk/platforms/android-34/data/res/values-ko-television: Cannot utime: Operation not permitted
build	Cache Android SDK	2026-06-06T12:22:57.8245505Z /usr/bin/tar: ../../../../../usr/local/lib/android/sdk/platforms/android-34/data/res/values-ko-television: Cannot change mode to rwxr-xr-x: Operation not permitted
build	Cache Android SDK	2026-06-06T12:22:57.8246563Z /usr/bin/tar: ../../../../../usr/local/lib/android/sdk/platforms/android-34/data/res/values-mcc310-mnc230-ja: Cannot utime: Operation not permitted
build	Cache Android SDK	2026-06-06T12:22:57.8247579Z /usr/bin/tar: ../../../../../usr/local/lib/android/sdk/platforms/android-34/data/res/values-mcc310-mnc230-ja: Cannot change mode to rwxr-xr-x: Operation not permitted
build	Cache Android SDK	2026-06-06T12:22:57.8249978Z /usr/bin/tar: ../../../../../usr/local/lib/android/sdk/platforms/android-34/data/res/values-mcc312-mnc670-kk: Cannot utime: Operation not permitted
build	Cache Android SDK	2026-06-06T12:22:57.8250986Z /usr/bin/tar: ../../../../../usr/local/lib/android/sdk/platforms/android-34/data/res/values-mcc312-mnc670-kk: Cannot change mode to rwxr-xr-x: Operation not permitted
build	Cache Android SDK	2026-06-06T12:22:57.8253519Z /usr/bin/tar: ../../../../../usr/local/lib/android/sdk/platforms/android-34/data/res/values-sw360dp: Cannot utime: Operation not permitted
build	Cache Android SDK	2026-06-06T12:22:57.8254398Z /usr/bin/tar: ../../../../../usr/local/lib/android/sdk/platforms/android-34/data/res/values-sw360dp: Cannot change mode to rwxr-xr-x: Operation not permitted
build	Cache Android SDK	2026-06-06T12:22:57.8256345Z /usr/bin/tar: ../../../../../usr/local/lib/android/sdk/platforms/android-34/data/res/values-mcc310-mnc150-sw: Cannot utime: Operation not permitted
build	Cache Android SDK	2026-06-06T12:22:57.8257266Z /usr/bin/tar: ../../../../../usr/local/lib/android/sdk/platforms/android-34/data/res/values-mcc310-mnc150-sw: Cannot change mode to rwxr-xr-x: Operation not permitted
build	Cache Android SDK	2026-06-06T12:22:57.8263854Z /usr/bin/tar: ../../../../../usr/local/lib/android/sdk/platforms/android-34/data/res/values-ar: Cannot utime: Operation not permitted
build	Cache Android SDK	2026-06-06T12:22:57.8265161Z /usr/bin/tar: ../../../../../usr/local/lib/android/sdk/platforms/android-34/data/res/values-ar: Cannot change mode to rwxr-xr-x: Operation not permitted
build	Cache Android SDK	2026-06-06T12:22:57.8268113Z /usr/bin/tar: ../../../../../usr/local/lib/android/sdk/platforms/android-34/data/res/values-mcc310-mnc660-en-rAU: Cannot utime: Operation not permitted
build	Cache Android SDK	2026-06-06T12:22:57.8269591Z /usr/bin/tar: ../../../../../usr/local/lib/android/sdk/platforms/android-34/data/res/values-mcc310-mnc660-en-rAU: Cannot change mode to rwxr-xr-x: Operation not permitted
build	Cache Android SDK	2026-06-06T12:22:57.8270973Z /usr/bin/tar: ../../../../../usr/local/lib/android/sdk/platforms/android-34/data/res/values-mcc310-mnc230-sw: Cannot utime: Operation not permitted
build	Cache Android SDK	2026-06-06T12:22:57.8271931Z /usr/bin/tar: ../../../../../usr/local/lib/android/sdk/platforms/android-34/data/res/values-mcc310-mnc230-sw: Cannot change mode to rwxr-xr-x: Operation not permitted
build	Cache Android SDK	2026-06-06T12:22:57.8276174Z /usr/bin/tar: ../../../../../usr/local/lib/android/sdk/platforms/android-34/data/res/values-mcc310-mnc280-ky: Cannot utime: Operation not permitted
build	Cache Android SDK	2026-06-06T12:22:57.8277176Z /usr/bin/tar: ../../../../../usr/local/lib/android/sdk/platforms/android-34/data/res/values-mcc310-mnc280-ky: Cannot change mode to rwxr-xr-x: Operation not permitted
build	Cache Android SDK	2026-06-06T12:22:57.8279354Z /usr/bin/tar: ../../../../../usr/local/lib/android/sdk/platforms/android-34/data/res/values-mcc310-mnc490-mk: Cannot utime: Operation not permitted
build	Cache Android SDK	2026-06-06T12:22:57.8280347Z /usr/bin/tar: ../../../../../usr/local/lib/android/sdk/platforms/android-34/data/res/values-mcc310-mnc490-mk: Cannot change mode to rwxr-xr-x: Operation not permitted
build	Cache Android SDK	2026-06-06T12:22:57.8283774Z /usr/bin/tar: ../../../../../usr/local/lib/android/sdk/platforms/android-34/data/res/values-mcc310-mnc200-fr: Cannot utime: Operation not permitted
build	Cache Android SDK	2026-06-06T12:22:57.8284708Z /usr/bin/tar: ../../../../../usr/local/lib/android/sdk/platforms/android-34/data/res/values-mcc310-mnc200-fr: Cannot change mode to rwxr-xr-x: Operation not permitted
build	Cache Android SDK	2026-06-06T12:22:57.8287902Z /usr/bin/tar: ../../../../../usr/local/lib/android/sdk/platforms/android-34/data/res/values-mcc310-mnc150-fi: Cannot utime: Operation not permitted
build	Cache Android SDK	2026-06-06T12:22:57.8289464Z /usr/bin/tar: ../../../../../usr/local/lib/android/sdk/platforms/android-34/data/res/values-mcc310-mnc150-fi: Cannot change mode to rwxr-xr-x: Operation not permitted
build	Cache Android SDK	2026-06-06T12:22:57.8290814Z /usr/bin/tar: ../../../../../usr/local/lib/android/sdk/platforms/android-34/data/res/values-mcc310-mnc560-kk: Cannot utime: Operation not permitted
build	Cache Android SDK	2026-06-06T12:22:57.8291728Z /usr/bin/tar: ../../../../../usr/local/lib/android/sdk/platforms/android-34/data/res/values-mcc310-mnc560-kk: Cannot change mode to rwxr-xr-x: Operation not permitted
build	Cache Android SDK	2026-06-06T12:22:57.8294175Z /usr/bin/tar: ../../../../../usr/local/lib/android/sdk/platforms/android-34/data/res/values-mcc310-mnc220-nl: Cannot utime: Operation not permitted
build	Cache Android SDK	2026-06-06T12:22:57.8295106Z /usr/bin/tar: ../../../../../usr/local/lib/android/sdk/platforms/android-34/data/res/values-mcc310-mnc220-nl: Cannot change mode to rwxr-xr-x: Operation not permitted
build	Cache Android SDK	2026-06-06T12:22:57.8298666Z /usr/bin/tar: ../../../../../usr/local/lib/android/sdk/platforms/android-34/data/res/values-mcc310-mnc800-bn: Cannot utime: Operation not permitted
build	Cache Android SDK	2026-06-06T12:22:57.8299631Z /usr/bin/tar: ../../../../../usr/local/lib/android/sdk/platforms/android-34/data/res/values-mcc310-mnc800-bn: Cannot change mode to rwxr-xr-x: Operation not permitted
build	Cache Android SDK	2026-06-06T12:22:57.8301291Z /usr/bin/tar: ../../../../../usr/local/lib/android/sdk/platforms/android-34/data/res/values-mcc310-mnc950-pt-rPT: Cannot utime: Operation not permitted
build	Cache Android SDK	2026-06-06T12:22:57.8302281Z /usr/bin/tar: ../../../../../usr/local/lib/android/sdk/platforms/android-34/data/res/values-mcc310-mnc950-pt-rPT: Cannot change mode to rwxr-xr-x: Operation not permitted
build	Cache Android SDK	2026-06-06T12:22:57.8304791Z /usr/bin/tar: ../../../../../usr/local/lib/android/sdk/platforms/android-34/data/res/values-mcc001-mnc01-de: Cannot utime: Operation not permitted
build	Cache Android SDK	2026-06-06T12:22:57.8305757Z /usr/bin/tar: ../../../../../usr/local/lib/android/sdk/platforms/android-34/data/res/values-mcc001-mnc01-de: Cannot change mode to rwxr-xr-x: Operation not permitted
build	Cache Android SDK	2026-06-06T12:22:57.8307742Z /usr/bin/tar: ../../../../../usr/local/lib/android/sdk/platforms/android-34/data/res/values-mcc310-mnc210-nb: Cannot utime: Operation not permitted
build	Cache Android SDK	2026-06-06T12:22:57.8308711Z /usr/bin/tar: ../../../../../usr/local/lib/android/sdk/platforms/android-34/data/res/values-mcc310-mnc210-nb: Cannot change mode to rwxr-xr-x: Operation not permitted
build	Cache Android SDK	2026-06-06T12:22:57.8314521Z /usr/bin/tar: ../../../../../usr/local/lib/android/sdk/platforms/android-34/data/res/values-fa: Cannot utime: Operation not permitted
build	Cache Android SDK	2026-06-06T12:22:57.8315417Z /usr/bin/tar: ../../../../../usr/local/lib/android/sdk/platforms/android-34/data/res/values-fa: Cannot change mode to rwxr-xr-x: Operation not permitted
build	Cache Android SDK	2026-06-06T12:22:57.8317869Z /usr/bin/tar: ../../../../../usr/local/lib/android/sdk/platforms/android-34/data/res/values-mcc310-mnc380-ms: Cannot utime: Operation not permitted
build	Cache Android SDK	2026-06-06T12:22:57.8318862Z /usr/bin/tar: ../../../../../usr/local/lib/android/sdk/platforms/android-34/data/res/values-mcc310-mnc380-ms: Cannot change mode to rwxr-xr-x: Operation not permitted
build	Cache Android SDK	2026-06-06T12:22:57.8320523Z /usr/bin/tar: ../../../../../usr/local/lib/android/sdk/platforms/android-34/data/res/values-mcc310-mnc310-tl: Cannot utime: Operation not permitted
build	Cache Android SDK	2026-06-06T12:22:57.8321538Z /usr/bin/tar: ../../../../../usr/local/lib/android/sdk/platforms/android-34/data/res/values-mcc310-mnc310-tl: Cannot change mode to rwxr-xr-x: Operation not permitted
build	Cache Android SDK	2026-06-06T12:22:57.8323707Z /usr/bin/tar: ../../../../../usr/local/lib/android/sdk/platforms/android-34/data/res/xml-mdpi: Cannot utime: Operation not permitted
build	Cache Android SDK	2026-06-06T12:22:57.8324584Z /usr/bin/tar: ../../../../../usr/local/lib/android/sdk/platforms/android-34/data/res/xml-mdpi: Cannot change mode to rwxr-xr-x: Operation not permitted
build	Cache Android SDK	2026-06-06T12:22:57.8326264Z /usr/bin/tar: ../../../../../usr/local/lib/android/sdk/platforms/android-34/data/res/values-mcc310-mnc150-zh-rTW: Cannot utime: Operation not permitted
build	Cache Android SDK	2026-06-06T12:22:57.8327460Z /usr/bin/tar: ../../../../../usr/local/lib/android/sdk/platforms/android-34/data/res/values-mcc310-mnc150-zh-rTW: Cannot change mode to rwxr-xr-x: Operation not permitted
build	Cache Android SDK	2026-06-06T12:22:57.8329131Z /usr/bin/tar: ../../../../../usr/local/lib/android/sdk/platforms/android-34/data/res/values-mcc334-mnc020-zh-rHK: Cannot utime: Operation not permitted
build	Cache Android SDK	2026-06-06T12:22:57.8330080Z /usr/bin/tar: ../../../../../usr/local/lib/android/sdk/platforms/android-34/data/res/values-mcc334-mnc020-zh-rHK: Cannot change mode to rwxr-xr-x: Operation not permitted
build	Cache Android SDK	2026-06-06T12:22:57.8331745Z /usr/bin/tar: ../../../../../usr/local/lib/android/sdk/platforms/android-34/data/res/values-mcc310-mnc250-es-rUS: Cannot utime: Operation not permitted
build	Cache Android SDK	2026-06-06T12:22:57.8332710Z /usr/bin/tar: ../../../../../usr/local/lib/android/sdk/platforms/android-34/data/res/values-mcc310-mnc250-es-rUS: Cannot change mode to rwxr-xr-x: Operation not permitted
build	Cache Android SDK	2026-06-06T12:22:57.8334961Z /usr/bin/tar: ../../../../../usr/local/lib/android/sdk/platforms/android-34/data/res/values-mcc310-mnc800-uz: Cannot utime: Operation not permitted
build	Cache Android SDK	2026-06-06T12:22:57.8335987Z /usr/bin/tar: ../../../../../usr/local/lib/android/sdk/platforms/android-34/data/res/values-mcc310-mnc800-uz: Cannot change mode to rwxr-xr-x: Operation not permitted
build	Cache Android SDK	2026-06-06T12:22:57.8338015Z /usr/bin/tar: ../../../../../usr/local/lib/android/sdk/platforms/android-34/data/res/values-mcc310-mnc660-th: Cannot utime: Operation not permitted
build	Cache Android SDK	2026-06-06T12:22:57.8339023Z /usr/bin/tar: ../../../../../usr/local/lib/android/sdk/platforms/android-34/data/res/values-mcc310-mnc660-th: Cannot change mode to rwxr-xr-x: Operation not permitted
build	Cache Android SDK	2026-06-06T12:22:57.8340812Z /usr/bin/tar: ../../../../../usr/local/lib/android/sdk/platforms/android-34/data/res/values-mcc310-mnc490-ru: Cannot utime: Operation not permitted
build	Cache Android SDK	2026-06-06T12:22:57.8341776Z /usr/bin/tar: ../../../../../usr/local/lib/android/sdk/platforms/android-34/data/res/values-mcc310-mnc490-ru: Cannot change mode to rwxr-xr-x: Operation not permitted
build	Cache Android SDK	2026-06-06T12:22:57.8343906Z /usr/bin/tar: ../../../../../usr/local/lib/android/sdk/platforms/android-34/data/res/values-mcc312-mnc670-in: Cannot utime: Operation not permitted
build	Cache Android SDK	2026-06-06T12:22:57.8344875Z /usr/bin/tar: ../../../../../usr/local/lib/android/sdk/platforms/android-34/data/res/values-mcc312-mnc670-in: Cannot change mode to rwxr-xr-x: Operation not permitted
build	Cache Android SDK	2026-06-06T12:22:57.8346594Z /usr/bin/tar: ../../../../../usr/local/lib/android/sdk/platforms/android-34/data/res/values-mcc310-mnc310-bn: Cannot utime: Operation not permitted
build	Cache Android SDK	2026-06-06T12:22:57.8347737Z /usr/bin/tar: ../../../../../usr/local/lib/android/sdk/platforms/android-34/data/res/values-mcc310-mnc310-bn: Cannot change mode to rwxr-xr-x: Operation not permitted
build	Cache Android SDK	2026-06-06T12:22:57.8349344Z /usr/bin/tar: ../../../../../usr/local/lib/android/sdk/platforms/android-34/data/res/values-mcc310-mnc280: Cannot utime: Operation not permitted
build	Cache Android SDK	2026-06-06T12:22:57.8350285Z /usr/bin/tar: ../../../../../usr/local/lib/android/sdk/platforms/android-34/data/res/values-mcc310-mnc280: Cannot change mode to rwxr-xr-x: Operation not permitted
build	Cache Android SDK	2026-06-06T12:22:57.8353909Z /usr/bin/tar: ../../../../../usr/local/lib/android/sdk/platforms/android-34/data/res/values-mcc310-mnc310-ca: Cannot utime: Operation not permitted
build	Cache Android SDK	2026-06-06T12:22:57.8354863Z /usr/bin/tar: ../../../../../usr/local/lib/android/sdk/platforms/android-34/data/res/values-mcc310-mnc310-ca: Cannot change mode to rwxr-xr-x: Operation not permitted
build	Cache Android SDK	2026-06-06T12:22:57.8357125Z /usr/bin/tar: ../../../../../usr/local/lib/android/sdk/platforms/android-34/data/res/values-mcc310-mnc490-gu: Cannot utime: Operation not permitted
build	Cache Android SDK	2026-06-06T12:22:57.8358293Z /usr/bin/tar: ../../../../../usr/local/lib/android/sdk/platforms/android-34/data/res/values-mcc310-mnc490-gu: Cannot change mode to rwxr-xr-x: Operation not permitted
build	Cache Android SDK	2026-06-06T12:22:57.8360000Z /usr/bin/tar: ../../../../../usr/local/lib/android/sdk/platforms/android-34/data/res/values-mcc334-mnc020-as: Cannot utime: Operation not permitted
build	Cache Android SDK	2026-06-06T12:22:57.8361057Z /usr/bin/tar: ../../../../../usr/local/lib/android/sdk/platforms/android-34/data/res/values-mcc334-mnc020-as: Cannot change mode to rwxr-xr-x: Operation not permitted
build	Cache Android SDK	2026-06-06T12:22:57.8363173Z /usr/bin/tar: ../../../../../usr/local/lib/android/sdk/platforms/android-34/data/res/values-mcc001-mnc01-th: Cannot utime: Operation not permitted
build	Cache Android SDK	2026-06-06T12:22:57.8364862Z /usr/bin/tar: ../../../../../usr/local/lib/android/sdk/platforms/android-34/data/res/values-mcc001-mnc01-th: Cannot change mode to rwxr-xr-x: Operation not permitted
build	Cache Android SDK	2026-06-06T12:22:57.8366083Z /usr/bin/tar: ../../../../../usr/local/lib/android/sdk/platforms/android-34/data/res/values-mcc310-mnc150-iw: Cannot utime: Operation not permitted
build	Cache Android SDK	2026-06-06T12:22:57.8367009Z /usr/bin/tar: ../../../../../usr/local/lib/android/sdk/platforms/android-34/data/res/values-mcc310-mnc150-iw: Cannot change mode to rwxr-xr-x: Operation not permitted
build	Cache Android SDK	2026-06-06T12:22:57.8369075Z /usr/bin/tar: ../../../../../usr/local/lib/android/sdk/platforms/android-34/data/res/values-mcc440-mnc20: Cannot utime: Operation not permitted
build	Cache Android SDK	2026-06-06T12:22:57.8370444Z /usr/bin/tar: ../../../../../usr/local/lib/android/sdk/platforms/android-34/data/res/values-mcc440-mnc20: Cannot change mode to rwxr-xr-x: Operation not permitted
build	Cache Android SDK	2026-06-06T12:22:57.8372612Z /usr/bin/tar: ../../../../../usr/local/lib/android/sdk/platforms/android-34/data/res/values-mcc310-mnc030-ky: Cannot utime: Operation not permitted
build	Cache Android SDK	2026-06-06T12:22:57.8373540Z /usr/bin/tar: ../../../../../usr/local/lib/android/sdk/platforms/android-34/data/res/values-mcc310-mnc030-ky: Cannot change mode to rwxr-xr-x: Operation not permitted
build	Cache Android SDK	2026-06-06T12:22:57.8376109Z /usr/bin/tar: ../../../../../usr/local/lib/android/sdk/platforms/android-34/data/res/values-mcc230: Cannot utime: Operation not permitted
build	Cache Android SDK	2026-06-06T12:22:57.8376984Z /usr/bin/tar: ../../../../../usr/local/lib/android/sdk/platforms/android-34/data/res/values-mcc230: Cannot change mode to rwxr-xr-x: Operation not permitted
build	Cache Android SDK	2026-06-06T12:22:57.8379380Z /usr/bin/tar: ../../../../../usr/local/lib/android/sdk/platforms/android-34/data/res/values-mcc310-mnc800-mk: Cannot utime: Operation not permitted
build	Cache Android SDK	2026-06-06T12:22:57.8380297Z /usr/bin/tar: ../../../../../usr/local/lib/android/sdk/platforms/android-34/data/res/values-mcc310-mnc800-mk: Cannot change mode to rwxr-xr-x: Operation not permitted
build	Cache Android SDK	2026-06-06T12:22:57.8382674Z /usr/bin/tar: ../../../../../usr/local/lib/android/sdk/platforms/android-34/data/res/values-mcc310-mnc410-th: Cannot utime: Operation not permitted
build	Cache Android SDK	2026-06-06T12:22:57.8383598Z /usr/bin/tar: ../../../../../usr/local/lib/android/sdk/platforms/android-34/data/res/values-mcc310-mnc410-th: Cannot change mode to rwxr-xr-x: Operation not permitted
build	Cache Android SDK	2026-06-06T12:22:57.8385880Z /usr/bin/tar: ../../../../../usr/local/lib/android/sdk/platforms/android-34/data/res/values-mcc310-mnc200-mr: Cannot utime: Operation not permitted
build	Cache Android SDK	2026-06-06T12:22:57.8386805Z /usr/bin/tar: ../../../../../usr/local/lib/android/sdk/platforms/android-34/data/res/values-mcc310-mnc200-mr: Cannot change mode to rwxr-xr-x: Operation not permitted
build	Cache Android SDK	2026-06-06T12:22:57.8866286Z /usr/bin/tar: ../../../../../usr/local/lib/android/sdk/platforms/android-34/data/res/drawable-hdpi: Cannot utime: Operation not permitted
build	Cache Android SDK	2026-06-06T12:22:57.8867245Z /usr/bin/tar: ../../../../../usr/local/lib/android/sdk/platforms/android-34/data/res/drawable-hdpi: Cannot change mode to rwxr-xr-x: Operation not permitted
build	Cache Android SDK	2026-06-06T12:22:57.8868786Z /usr/bin/tar: ../../../../../usr/local/lib/android/sdk/platforms/android-34/data/res/values-mcc310-mnc380-pl: Cannot utime: Operation not permitted
build	Cache Android SDK	2026-06-06T12:22:57.8869728Z /usr/bin/tar: ../../../../../usr/local/lib/android/sdk/platforms/android-34/data/res/values-mcc310-mnc380-pl: Cannot change mode to rwxr-xr-x: Operation not permitted
build	Cache Android SDK	2026-06-06T12:22:57.8872212Z /usr/bin/tar: ../../../../../usr/local/lib/android/sdk/platforms/android-34/data/res/values-mcc312-mnc670-th: Cannot utime: Operation not permitted
build	Cache Android SDK	2026-06-06T12:22:57.8873308Z /usr/bin/tar: ../../../../../usr/local/lib/android/sdk/platforms/android-34/data/res/values-mcc312-mnc670-th: Cannot change mode to rwxr-xr-x: Operation not permitted
build	Cache Android SDK	2026-06-06T12:22:57.8876878Z /usr/bin/tar: ../../../../../usr/local/lib/android/sdk/platforms/android-34/data/res/values-pa-television: Cannot utime: Operation not permitted
build	Cache Android SDK	2026-06-06T12:22:57.8877932Z /usr/bin/tar: ../../../../../usr/local/lib/android/sdk/platforms/android-34/data/res/values-pa-television: Cannot change mode to rwxr-xr-x: Operation not permitted
build	Cache Android SDK	2026-06-06T12:22:57.8879359Z /usr/bin/tar: ../../../../../usr/local/lib/android/sdk/platforms/android-34/data/res/values-mcc310-mnc030-uz: Cannot utime: Operation not permitted
build	Cache Android SDK	2026-06-06T12:22:57.8880284Z /usr/bin/tar: ../../../../../usr/local/lib/android/sdk/platforms/android-34/data/res/values-mcc310-mnc030-uz: Cannot change mode to rwxr-xr-x: Operation not permitted
build	Cache Android SDK	2026-06-06T12:22:57.8882998Z /usr/bin/tar: ../../../../../usr/local/lib/android/sdk/platforms/android-34/data/res/values-mcc716-mnc06: Cannot utime: Operation not permitted
build	Cache Android SDK	2026-06-06T12:22:57.8884022Z /usr/bin/tar: ../../../../../usr/local/lib/android/sdk/platforms/android-34/data/res/values-mcc716-mnc06: Cannot change mode to rwxr-xr-x: Operation not permitted
build	Cache Android SDK	2026-06-06T12:22:57.8886633Z /usr/bin/tar: ../../../../../usr/local/lib/android/sdk/platforms/android-34/data/res/values-es-rPE: Cannot utime: Operation not permitted
build	Cache Android SDK	2026-06-06T12:22:57.8887785Z /usr/bin/tar: ../../../../../usr/local/lib/android/sdk/platforms/android-34/data/res/values-es-rPE: Cannot change mode to rwxr-xr-x: Operation not permitted
build	Cache Android SDK	2026-06-06T12:22:57.8889373Z /usr/bin/tar: ../../../../../usr/local/lib/android/sdk/platforms/android-34/data/res/values-mcc001-mnc01-my: Cannot utime: Operation not permitted
build	Cache Android SDK	2026-06-06T12:22:57.8890317Z /usr/bin/tar: ../../../../../usr/local/lib/android/sdk/platforms/android-34/data/res/values-mcc001-mnc01-my: Cannot change mode to rwxr-xr-x: Operation not permitted
build	Cache Android SDK	2026-06-06T12:22:57.8892879Z /usr/bin/tar: ../../../../../usr/local/lib/android/sdk/platforms/android-34/data/res/values-mcc302-mnc720-si: Cannot utime: Operation not permitted
build	Cache Android SDK	2026-06-06T12:22:57.8893847Z /usr/bin/tar: ../../../../../usr/local/lib/android/sdk/platforms/android-34/data/res/values-mcc302-mnc720-si: Cannot change mode to rwxr-xr-x: Operation not permitted
build	Cache Android SDK	2026-06-06T12:22:57.8895639Z /usr/bin/tar: ../../../../../usr/local/lib/android/sdk/platforms/android-34/data/res/values-mcc310-mnc170-eu: Cannot utime: Operation not permitted
build	Cache Android SDK	2026-06-06T12:22:57.8896575Z /usr/bin/tar: ../../../../../usr/local/lib/android/sdk/platforms/android-34/data/res/values-mcc310-mnc170-eu: Cannot change mode to rwxr-xr-x: Operation not permitted
build	Cache Android SDK	2026-06-06T12:22:57.8899233Z /usr/bin/tar: ../../../../../usr/local/lib/android/sdk/platforms/android-34/data/res/values-mcc310-mnc560-vi: Cannot utime: Operation not permitted
build	Cache Android SDK	2026-06-06T12:22:57.8900205Z /usr/bin/tar: ../../../../../usr/local/lib/android/sdk/platforms/android-34/data/res/values-mcc310-mnc560-vi: Cannot change mode to rwxr-xr-x: Operation not permitted
build	Cache Android SDK	2026-06-06T12:22:57.8904187Z /usr/bin/tar: ../../../../../usr/local/lib/android/sdk/platforms/android-34/data/res/values-mcc310-mnc380-et: Cannot utime: Operation not permitted
build	Cache Android SDK	2026-06-06T12:22:57.8905152Z /usr/bin/tar: ../../../../../usr/local/lib/android/sdk/platforms/android-34/data/res/values-mcc310-mnc380-et: Cannot change mode to rwxr-xr-x: Operation not permitted
build	Cache Android SDK	2026-06-06T12:22:57.8907568Z /usr/bin/tar: ../../../../../usr/local/lib/android/sdk/platforms/android-34/data/res/values-mcc310-mnc800-lo: Cannot utime: Operation not permitted
build	Cache Android SDK	2026-06-06T12:22:57.8908506Z /usr/bin/tar: ../../../../../usr/local/lib/android/sdk/platforms/android-34/data/res/values-mcc310-mnc800-lo: Cannot change mode to rwxr-xr-x: Operation not permitted
build	Cache Android SDK	2026-06-06T12:22:57.8911039Z /usr/bin/tar: ../../../../../usr/local/lib/android/sdk/platforms/android-34/data/res/values-mcc310-mnc200-ar: Cannot utime: Operation not permitted
build	Cache Android SDK	2026-06-06T12:22:57.8912126Z /usr/bin/tar: ../../../../../usr/local/lib/android/sdk/platforms/android-34/data/res/values-mcc310-mnc200-ar: Cannot change mode to rwxr-xr-x: Operation not permitted
build	Cache Android SDK	2026-06-06T12:22:57.8914035Z /usr/bin/tar: ../../../../../usr/local/lib/android/sdk/platforms/android-34/data/res/values-mcc310-mnc490-ar: Cannot utime: Operation not permitted
build	Cache Android SDK	2026-06-06T12:22:57.8914986Z /usr/bin/tar: ../../../../../usr/local/lib/android/sdk/platforms/android-34/data/res/values-mcc310-mnc490-ar: Cannot change mode to rwxr-xr-x: Operation not permitted
build	Cache Android SDK	2026-06-06T12:22:57.8917888Z /usr/bin/tar: ../../../../../usr/local/lib/android/sdk/platforms/android-34/data/res/values-mcc310-mnc310-si: Cannot utime: Operation not permitted
build	Cache Android SDK	2026-06-06T12:22:57.8919226Z /usr/bin/tar: ../../../../../usr/local/lib/android/sdk/platforms/android-34/data/res/values-mcc310-mnc310-si: Cannot change mode to rwxr-xr-x: Operation not permitted
build	Cache Android SDK	2026-06-06T12:22:57.8920735Z /usr/bin/tar: ../../../../../usr/local/lib/android/sdk/platforms/android-34/data/res/values-mcc310-mnc410-te: Cannot utime: Operation not permitted
build	Cache Android SDK	2026-06-06T12:22:57.8921657Z /usr/bin/tar: ../../../../../usr/local/lib/android/sdk/platforms/android-34/data/res/values-mcc310-mnc410-te: Cannot change mode to rwxr-xr-x: Operation not permitted
build	Cache Android SDK	2026-06-06T12:22:57.8924437Z /usr/bin/tar: ../../../../../usr/local/lib/android/sdk/platforms/android-34/data/res/values-mcc312-mnc670-cs: Cannot utime: Operation not permitted
build	Cache Android SDK	2026-06-06T12:22:57.8925363Z /usr/bin/tar: ../../../../../usr/local/lib/android/sdk/platforms/android-34/data/res/values-mcc312-mnc670-cs: Cannot change mode to rwxr-xr-x: Operation not permitted
build	Cache Android SDK	2026-06-06T12:22:57.8930035Z /usr/bin/tar: ../../../../../usr/local/lib/android/sdk/platforms/android-34/data/res/values-mcc310-mnc410-lv: Cannot utime: Operation not permitted
build	Cache Android SDK	2026-06-06T12:22:57.8930970Z /usr/bin/tar: ../../../../../usr/local/lib/android/sdk/platforms/android-34/data/res/values-mcc310-mnc410-lv: Cannot change mode to rwxr-xr-x: Operation not permitted
build	Cache Android SDK	2026-06-06T12:22:57.8933243Z /usr/bin/tar: ../../../../../usr/local/lib/android/sdk/platforms/android-34/data/res/values-mcc310-mnc660-en-rGB: Cannot utime: Operation not permitted
build	Cache Android SDK	2026-06-06T12:22:57.8934438Z /usr/bin/tar: ../../../../../usr/local/lib/android/sdk/platforms/android-34/data/res/values-mcc310-mnc660-en-rGB: Cannot change mode to rwxr-xr-x: Operation not permitted
build	Cache Android SDK	2026-06-06T12:22:57.8937503Z /usr/bin/tar: ../../../../../usr/local/lib/android/sdk/platforms/android-34/data/res/values-mcc310-mnc230-zh-rHK: Cannot utime: Operation not permitted
build	Cache Android SDK	2026-06-06T12:22:57.8938900Z /usr/bin/tar: ../../../../../usr/local/lib/android/sdk/platforms/android-34/data/res/values-mcc310-mnc230-zh-rHK: Cannot change mode to rwxr-xr-x: Operation not permitted
build	Cache Android SDK	2026-06-06T12:22:57.8940525Z /usr/bin/tar: ../../../../../usr/local/lib/android/sdk/platforms/android-34/data/res/values-mcc310-mnc280-in: Cannot utime: Operation not permitted
build	Cache Android SDK	2026-06-06T12:22:57.8941505Z /usr/bin/tar: ../../../../../usr/local/lib/android/sdk/platforms/android-34/data/res/values-mcc310-mnc280-in: Cannot change mode to rwxr-xr-x: Operation not permitted
build	Cache Android SDK	2026-06-06T12:22:57.8944185Z /usr/bin/tar: ../../../../../usr/local/lib/android/sdk/platforms/android-34/data/res/values-mcc313-mnc100-mn: Cannot utime: Operation not permitted
build	Cache Android SDK	2026-06-06T12:22:57.8945206Z /usr/bin/tar: ../../../../../usr/local/lib/android/sdk/platforms/android-34/data/res/values-mcc313-mnc100-mn: Cannot change mode to rwxr-xr-x: Operation not permitted
build	Cache Android SDK	2026-06-06T12:22:57.8951390Z /usr/bin/tar: ../../../../../usr/local/lib/android/sdk/platforms/android-34/data/res/values-zh-rCN: Cannot utime: Operation not permitted
build	Cache Android SDK	2026-06-06T12:22:57.8952315Z /usr/bin/tar: ../../../../../usr/local/lib/android/sdk/platforms/android-34/data/res/values-zh-rCN: Cannot change mode to rwxr-xr-x: Operation not permitted
build	Cache Android SDK	2026-06-06T12:22:57.8954198Z /usr/bin/tar: ../../../../../usr/local/lib/android/sdk/platforms/android-34/data/res/values-mcc310-mnc310-nb: Cannot utime: Operation not permitted
build	Cache Android SDK	2026-06-06T12:22:57.8955240Z /usr/bin/tar: ../../../../../usr/local/lib/android/sdk/platforms/android-34/data/res/values-mcc310-mnc310-nb: Cannot change mode to rwxr-xr-x: Operation not permitted
build	Cache Android SDK	2026-06-06T12:22:57.8957526Z /usr/bin/tar: ../../../../../usr/local/lib/android/sdk/platforms/android-34/data/res/values-mcc310-mnc230-my: Cannot utime: Operation not permitted
build	Cache Android SDK	2026-06-06T12:22:57.8958472Z /usr/bin/tar: ../../../../../usr/local/lib/android/sdk/platforms/android-34/data/res/values-mcc310-mnc230-my: Cannot change mode to rwxr-xr-x: Operation not permitted
build	Cache Android SDK	2026-06-06T12:22:57.8960276Z /usr/bin/tar: ../../../../../usr/local/lib/android/sdk/platforms/android-34/data/res/values-mcc302-mnc720-bs: Cannot utime: Operation not permitted
build	Cache Android SDK	2026-06-06T12:22:57.8961195Z /usr/bin/tar: ../../../../../usr/local/lib/android/sdk/platforms/android-34/data/res/values-mcc302-mnc720-bs: Cannot change mode to rwxr-xr-x: Operation not permitted
build	Cache Android SDK	2026-06-06T12:22:57.8963573Z /usr/bin/tar: ../../../../../usr/local/lib/android/sdk/platforms/android-34/data/res/values-fi-watch: Cannot utime: Operation not permitted
build	Cache Android SDK	2026-06-06T12:22:57.8964477Z /usr/bin/tar: ../../../../../usr/local/lib/android/sdk/platforms/android-34/data/res/values-fi-watch: Cannot change mode to rwxr-xr-x: Operation not permitted
build	Cache Android SDK	2026-06-06T12:22:57.8967266Z /usr/bin/tar: ../../../../../usr/local/lib/android/sdk/platforms/android-34/data/res/values-mcc310-mnc270-mr: Cannot utime: Operation not permitted
build	Cache Android SDK	2026-06-06T12:22:57.8968369Z /usr/bin/tar: ../../../../../usr/local/lib/android/sdk/platforms/android-34/data/res/values-mcc310-mnc270-mr: Cannot change mode to rwxr-xr-x: Operation not permitted
build	Cache Android SDK	2026-06-06T12:22:57.8970187Z /usr/bin/tar: ../../../../../usr/local/lib/android/sdk/platforms/android-34/data/res/values-mcc310-mnc280-lv: Cannot utime: Operation not permitted
build	Cache Android SDK	2026-06-06T12:22:57.8971118Z /usr/bin/tar: ../../../../../usr/local/lib/android/sdk/platforms/android-34/data/res/values-mcc310-mnc280-lv: Cannot change mode to rwxr-xr-x: Operation not permitted
build	Cache Android SDK	2026-06-06T12:22:57.8973534Z /usr/bin/tar: ../../../../../usr/local/lib/android/sdk/platforms/android-34/data/res/values-mcc310-mnc270-az: Cannot utime: Operation not permitted
build	Cache Android SDK	2026-06-06T12:22:57.8974468Z /usr/bin/tar: ../../../../../usr/local/lib/android/sdk/platforms/android-34/data/res/values-mcc310-mnc270-az: Cannot change mode to rwxr-xr-x: Operation not permitted
build	Cache Android SDK	2026-06-06T12:22:57.8976447Z /usr/bin/tar: ../../../../../usr/local/lib/android/sdk/platforms/android-34/data/res/values-mcc310-mnc560-ne: Cannot utime: Operation not permitted
build	Cache Android SDK	2026-06-06T12:22:57.8977529Z /usr/bin/tar: ../../../../../usr/local/lib/android/sdk/platforms/android-34/data/res/values-mcc310-mnc560-ne: Cannot change mode to rwxr-xr-x: Operation not permitted
build	Cache Android SDK	2026-06-06T12:22:57.8981213Z /usr/bin/tar: ../../../../../usr/local/lib/android/sdk/platforms/android-34/data/res/values-mcc312-mnc670-ur: Cannot utime: Operation not permitted
build	Cache Android SDK	2026-06-06T12:22:57.8982166Z /usr/bin/tar: ../../../../../usr/local/lib/android/sdk/platforms/android-34/data/res/values-mcc312-mnc670-ur: Cannot change mode to rwxr-xr-x: Operation not permitted
build	Cache Android SDK	2026-06-06T12:22:57.8986993Z /usr/bin/tar: ../../../../../usr/local/lib/android/sdk/platforms/android-34/data/res/values-mcc310-mnc380-te: Cannot utime: Operation not permitted
build	Cache Android SDK	2026-06-06T12:22:57.8988120Z /usr/bin/tar: ../../../../../usr/local/lib/android/sdk/platforms/android-34/data/res/values-mcc310-mnc380-te: Cannot change mode to rwxr-xr-x: Operation not permitted
build	Cache Android SDK	2026-06-06T12:22:57.8989623Z /usr/bin/tar: ../../../../../usr/local/lib/android/sdk/platforms/android-34/data/res/values-mcc310-mnc270-ur: Cannot utime: Operation not permitted
build	Cache Android SDK	2026-06-06T12:22:57.8990543Z /usr/bin/tar: ../../../../../usr/local/lib/android/sdk/platforms/android-34/data/res/values-mcc310-mnc270-ur: Cannot change mode to rwxr-xr-x: Operation not permitted
build	Cache Android SDK	2026-06-06T12:22:57.8992494Z /usr/bin/tar: ../../../../../usr/local/lib/android/sdk/platforms/android-34/data/res/values-mcc310-mnc800-ru: Cannot utime: Operation not permitted
build	Cache Android SDK	2026-06-06T12:22:57.8993563Z /usr/bin/tar: ../../../../../usr/local/lib/android/sdk/platforms/android-34/data/res/values-mcc310-mnc800-ru: Cannot change mode to rwxr-xr-x: Operation not permitted
build	Cache Android SDK	2026-06-06T12:22:57.8995686Z /usr/bin/tar: ../../../../../usr/local/lib/android/sdk/platforms/android-34/data/res/values-mcc310-mnc560-zh-rHK: Cannot utime: Operation not permitted
build	Cache Android SDK	2026-06-06T12:22:57.8996651Z /usr/bin/tar: ../../../../../usr/local/lib/android/sdk/platforms/android-34/data/res/values-mcc310-mnc560-zh-rHK: Cannot change mode to rwxr-xr-x: Operation not permitted
build	Cache Android SDK	2026-06-06T12:22:57.8999057Z /usr/bin/tar: ../../../../../usr/local/lib/android/sdk/platforms/android-34/data/res/values-mcc001-mnc01-ro: Cannot utime: Operation not permitted
build	Cache Android SDK	2026-06-06T12:22:57.8999984Z /usr/bin/tar: ../../../../../usr/local/lib/android/sdk/platforms/android-34/data/res/values-mcc001-mnc01-ro: Cannot change mode to rwxr-xr-x: Operation not permitted
build	Cache Android SDK	2026-06-06T12:22:57.9001871Z /usr/bin/tar: ../../../../../usr/local/lib/android/sdk/platforms/android-34/data/res/values-mcc310-mnc150-ko: Cannot utime: Operation not permitted
build	Cache Android SDK	2026-06-06T12:22:57.9002798Z /usr/bin/tar: ../../../../../usr/local/lib/android/sdk/platforms/android-34/data/res/values-mcc310-mnc150-ko: Cannot change mode to rwxr-xr-x: Operation not permitted
build	Cache Android SDK	2026-06-06T12:22:57.9008503Z /usr/bin/tar: ../../../../../usr/local/lib/android/sdk/platforms/android-34/data/res/values-mcc310-mnc150-sr: Cannot utime: Operation not permitted
build	Cache Android SDK	2026-06-06T12:22:57.9009432Z /usr/bin/tar: ../../../../../usr/local/lib/android/sdk/platforms/android-34/data/res/values-mcc310-mnc150-sr: Cannot change mode to rwxr-xr-x: Operation not permitted
build	Cache Android SDK	2026-06-06T12:22:57.9011409Z /usr/bin/tar: ../../../../../usr/local/lib/android/sdk/platforms/android-34/data/res/values-mcc704-mnc03: Cannot utime: Operation not permitted
build	Cache Android SDK	2026-06-06T12:22:57.9012303Z /usr/bin/tar: ../../../../../usr/local/lib/android/sdk/platforms/android-34/data/res/values-mcc704-mnc03: Cannot change mode to rwxr-xr-x: Operation not permitted
build	Cache Android SDK	2026-06-06T12:22:57.9014450Z /usr/bin/tar: ../../../../../usr/local/lib/android/sdk/platforms/android-34/data/res/values-mcc310-mnc220-it: Cannot utime: Operation not permitted
build	Cache Android SDK	2026-06-06T12:22:57.9015360Z /usr/bin/tar: ../../../../../usr/local/lib/android/sdk/platforms/android-34/data/res/values-mcc310-mnc220-it: Cannot change mode to rwxr-xr-x: Operation not permitted
build	Cache Android SDK	2026-06-06T12:22:57.9017302Z /usr/bin/tar: ../../../../../usr/local/lib/android/sdk/platforms/android-34/data/res/values-mcc310-mnc230-ka: Cannot utime: Operation not permitted
build	Cache Android SDK	2026-06-06T12:22:57.9018316Z /usr/bin/tar: ../../../../../usr/local/lib/android/sdk/platforms/android-34/data/res/values-mcc310-mnc230-ka: Cannot change mode to rwxr-xr-x: Operation not permitted
build	Cache Android SDK	2026-06-06T12:22:57.9020338Z /usr/bin/tar: ../../../../../usr/local/lib/android/sdk/platforms/android-34/data/res/values-bn-watch: Cannot utime: Operation not permitted
build	Cache Android SDK	2026-06-06T12:22:57.9021244Z /usr/bin/tar: ../../../../../usr/local/lib/android/sdk/platforms/android-34/data/res/values-bn-watch: Cannot change mode to rwxr-xr-x: Operation not permitted
build	Cache Android SDK	2026-06-06T12:22:57.9023926Z /usr/bin/tar: ../../../../../usr/local/lib/android/sdk/platforms/android-34/data/res/values-mcc302-mnc370-pt-rBR: Cannot utime: Operation not permitted
build	Cache Android SDK	2026-06-06T12:22:57.9024888Z /usr/bin/tar: ../../../../../usr/local/lib/android/sdk/platforms/android-34/data/res/values-mcc302-mnc370-pt-rBR: Cannot change mode to rwxr-xr-x: Operation not permitted
build	Cache Android SDK	2026-06-06T12:22:57.9027815Z /usr/bin/tar: ../../../../../usr/local/lib/android/sdk/platforms/android-34/data/res/mipmap-xxhdpi: Cannot utime: Operation not permitted
build	Cache Android SDK	2026-06-06T12:22:57.9028677Z /usr/bin/tar: ../../../../../usr/local/lib/android/sdk/platforms/android-34/data/res/mipmap-xxhdpi: Cannot change mode to rwxr-xr-x: Operation not permitted
build	Cache Android SDK	2026-06-06T12:22:57.9030547Z /usr/bin/tar: ../../../../../usr/local/lib/android/sdk/platforms/android-34/data/res/values-mcc311-mnc180-ja: Cannot utime: Operation not permitted
build	Cache Android SDK	2026-06-06T12:22:57.9031598Z /usr/bin/tar: ../../../../../usr/local/lib/android/sdk/platforms/android-34/data/res/values-mcc311-mnc180-ja: Cannot change mode to rwxr-xr-x: Operation not permitted
build	Cache Android SDK	2026-06-06T12:22:57.9033863Z /usr/bin/tar: ../../../../../usr/local/lib/android/sdk/platforms/android-34/data/res/values-sl-watch: Cannot utime: Operation not permitted
build	Cache Android SDK	2026-06-06T12:22:57.9034740Z /usr/bin/tar: ../../../../../usr/local/lib/android/sdk/platforms/android-34/data/res/values-sl-watch: Cannot change mode to rwxr-xr-x: Operation not permitted
build	Cache Android SDK	2026-06-06T12:22:57.9036731Z /usr/bin/tar: ../../../../../usr/local/lib/android/sdk/platforms/android-34/data/res/values-mcc310-mnc270-th: Cannot utime: Operation not permitted
build	Cache Android SDK	2026-06-06T12:22:57.9037820Z /usr/bin/tar: ../../../../../usr/local/lib/android/sdk/platforms/android-34/data/res/values-mcc310-mnc270-th: Cannot change mode to rwxr-xr-x: Operation not permitted
build	Cache Android SDK	2026-06-06T12:22:57.9040067Z /usr/bin/tar: ../../../../../usr/local/lib/android/sdk/platforms/android-34/data/res/values-mcc310-mnc660-zh-rHK: Cannot utime: Operation not permitted
build	Cache Android SDK	2026-06-06T12:22:57.9041036Z /usr/bin/tar: ../../../../../usr/local/lib/android/sdk/platforms/android-34/data/res/values-mcc310-mnc660-zh-rHK: Cannot change mode to rwxr-xr-x: Operation not permitted
build	Cache Android SDK	2026-06-06T12:22:57.9043354Z /usr/bin/tar: ../../../../../usr/local/lib/android/sdk/platforms/android-34/data/res/values-mcc334-mnc020-be: Cannot utime: Operation not permitted
build	Cache Android SDK	2026-06-06T12:22:57.9044270Z /usr/bin/tar: ../../../../../usr/local/lib/android/sdk/platforms/android-34/data/res/values-mcc334-mnc020-be: Cannot change mode to rwxr-xr-x: Operation not permitted
build	Cache Android SDK	2026-06-06T12:22:57.9046163Z /usr/bin/tar: ../../../../../usr/local/lib/android/sdk/platforms/android-34/data/res/values-mcc310-mnc270-fi: Cannot utime: Operation not permitted
build	Cache Android SDK	2026-06-06T12:22:57.9047081Z /usr/bin/tar: ../../../../../usr/local/lib/android/sdk/platforms/android-34/data/res/values-mcc310-mnc270-fi: Cannot change mode to rwxr-xr-x: Operation not permitted
build	Cache Android SDK	2026-06-06T12:22:57.9049329Z /usr/bin/tar: ../../../../../usr/local/lib/android/sdk/platforms/android-34/data/res/values-mcc334: Cannot utime: Operation not permitted
build	Cache Android SDK	2026-06-06T12:22:57.9050210Z /usr/bin/tar: ../../../../../usr/local/lib/android/sdk/platforms/android-34/data/res/values-mcc334: Cannot change mode to rwxr-xr-x: Operation not permitted
build	Cache Android SDK	2026-06-06T12:22:57.9052622Z /usr/bin/tar: ../../../../../usr/local/lib/android/sdk/platforms/android-34/data/res/values-mcc310-mnc800-az: Cannot utime: Operation not permitted
build	Cache Android SDK	2026-06-06T12:22:57.9053556Z /usr/bin/tar: ../../../../../usr/local/lib/android/sdk/platforms/android-34/data/res/values-mcc310-mnc800-az: Cannot change mode to rwxr-xr-x: Operation not permitted
build	Cache Android SDK	2026-06-06T12:22:57.9055752Z /usr/bin/tar: ../../../../../usr/local/lib/android/sdk/platforms/android-34/data/res/values-mcc310-mnc280-es: Cannot utime: Operation not permitted
build	Cache Android SDK	2026-06-06T12:22:57.9056681Z /usr/bin/tar: ../../../../../usr/local/lib/android/sdk/platforms/android-34/data/res/values-mcc310-mnc280-es: Cannot change mode to rwxr-xr-x: Operation not permitted
build	Cache Android SDK	2026-06-06T12:22:57.9059881Z /usr/bin/tar: ../../../../../usr/local/lib/android/sdk/platforms/android-34/data/res/values-mcc310-mnc200-hu: Cannot utime: Operation not permitted
build	Cache Android SDK	2026-06-06T12:22:57.9060814Z /usr/bin/tar: ../../../../../usr/local/lib/android/sdk/platforms/android-34/data/res/values-mcc310-mnc200-hu: Cannot change mode to rwxr-xr-x: Operation not permitted
build	Cache Android SDK	2026-06-06T12:22:57.9063132Z /usr/bin/tar: ../../../../../usr/local/lib/android/sdk/platforms/android-34/data/res/values-ur-television: Cannot utime: Operation not permitted
build	Cache Android SDK	2026-06-06T12:22:57.9064133Z /usr/bin/tar: ../../../../../usr/local/lib/android/sdk/platforms/android-34/data/res/values-ur-television: Cannot change mode to rwxr-xr-x: Operation not permitted
build	Cache Android SDK	2026-06-06T12:22:57.9069543Z /usr/bin/tar: ../../../../../usr/local/lib/android/sdk/platforms/android-34/data/res/values-mcc001-mnc01-sv: Cannot utime: Operation not permitted
build	Cache Android SDK	2026-06-06T12:22:57.9070568Z /usr/bin/tar: ../../../../../usr/local/lib/android/sdk/platforms/android-34/data/res/values-mcc001-mnc01-sv: Cannot change mode to rwxr-xr-x: Operation not permitted
build	Cache Android SDK	2026-06-06T12:22:57.9072308Z /usr/bin/tar: ../../../../../usr/local/lib/android/sdk/platforms/android-34/data/res/values-mcc302-mnc370-kn: Cannot utime: Operation not permitted
build	Cache Android SDK	2026-06-06T12:22:57.9073241Z /usr/bin/tar: ../../../../../usr/local/lib/android/sdk/platforms/android-34/data/res/values-mcc302-mnc370-kn: Cannot change mode to rwxr-xr-x: Operation not permitted
build	Cache Android SDK	2026-06-06T12:22:57.9075401Z /usr/bin/tar: ../../../../../usr/local/lib/android/sdk/platforms/android-34/data/res/values-en-rCA-watch: Cannot utime: Operation not permitted
build	Cache Android SDK	2026-06-06T12:22:57.9076306Z /usr/bin/tar: ../../../../../usr/local/lib/android/sdk/platforms/android-34/data/res/values-en-rCA-watch: Cannot change mode to rwxr-xr-x: Operation not permitted
build	Cache Android SDK	2026-06-06T12:22:57.9079217Z /usr/bin/tar: ../../../../../usr/local/lib/android/sdk/platforms/android-34/data/res/values-mcc310-mnc250-fi: Cannot utime: Operation not permitted
build	Cache Android SDK	2026-06-06T12:22:57.9080140Z /usr/bin/tar: ../../../../../usr/local/lib/android/sdk/platforms/android-34/data/res/values-mcc310-mnc250-fi: Cannot change mode to rwxr-xr-x: Operation not permitted
build	Cache Android SDK	2026-06-06T12:22:57.9082627Z /usr/bin/tar: ../../../../../usr/local/lib/android/sdk/platforms/android-34/data/res/values-mcc001-mnc01-tl: Cannot utime: Operation not permitted
build	Cache Android SDK	2026-06-06T12:22:57.9083536Z /usr/bin/tar: ../../../../../usr/local/lib/android/sdk/platforms/android-34/data/res/values-mcc001-mnc01-tl: Cannot change mode to rwxr-xr-x: Operation not permitted
build	Cache Android SDK	2026-06-06T12:22:57.9085583Z /usr/bin/tar: ../../../../../usr/local/lib/android/sdk/platforms/android-34/data/res/values-it-rCH: Cannot utime: Operation not permitted
build	Cache Android SDK	2026-06-06T12:22:57.9086445Z /usr/bin/tar: ../../../../../usr/local/lib/android/sdk/platforms/android-34/data/res/values-it-rCH: Cannot change mode to rwxr-xr-x: Operation not permitted
build	Cache Android SDK	2026-06-06T12:22:57.9088642Z /usr/bin/tar: ../../../../../usr/local/lib/android/sdk/platforms/android-34/data/res/values-mcc310-mnc950-kn: Cannot utime: Operation not permitted
build	Cache Android SDK	2026-06-06T12:22:57.9089570Z /usr/bin/tar: ../../../../../usr/local/lib/android/sdk/platforms/android-34/data/res/values-mcc310-mnc950-kn: Cannot change mode to rwxr-xr-x: Operation not permitted
build	Cache Android SDK	2026-06-06T12:22:57.9092103Z /usr/bin/tar: ../../../../../usr/local/lib/android/sdk/platforms/android-34/data/res/values-mcc302-mnc720-ja: Cannot utime: Operation not permitted
build	Cache Android SDK	2026-06-06T12:22:57.9093020Z /usr/bin/tar: ../../../../../usr/local/lib/android/sdk/platforms/android-34/data/res/values-mcc302-mnc720-ja: Cannot change mode to rwxr-xr-x: Operation not permitted
build	Cache Android SDK	2026-06-06T12:22:57.9095012Z /usr/bin/tar: ../../../../../usr/local/lib/android/sdk/platforms/android-34/data/res/values-mcc302-mnc720-ca: Cannot utime: Operation not permitted
build	Cache Android SDK	2026-06-06T12:22:57.9095926Z /usr/bin/tar: ../../../../../usr/local/lib/android/sdk/platforms/android-34/data/res/values-mcc302-mnc720-ca: Cannot change mode to rwxr-xr-x: Operation not permitted
build	Cache Android SDK	2026-06-06T12:22:57.9098138Z /usr/bin/tar: ../../../../../usr/local/lib/android/sdk/platforms/android-34/data/res/values-de-rCH: Cannot utime: Operation not permitted
build	Cache Android SDK	2026-06-06T12:22:57.9099013Z /usr/bin/tar: ../../../../../usr/local/lib/android/sdk/platforms/android-34/data/res/values-de-rCH: Cannot change mode to rwxr-xr-x: Operation not permitted
build	Cache Android SDK	2026-06-06T12:22:57.9101296Z /usr/bin/tar: ../../../../../usr/local/lib/android/sdk/platforms/android-34/data/res/values-mcc310-mnc210-kn: Cannot utime: Operation not permitted
build	Cache Android SDK	2026-06-06T12:22:57.9102215Z /usr/bin/tar: ../../../../../usr/local/lib/android/sdk/platforms/android-34/data/res/values-mcc310-mnc210-kn: Cannot change mode to rwxr-xr-x: Operation not permitted
build	Cache Android SDK	2026-06-06T12:22:57.9104572Z /usr/bin/tar: ../../../../../usr/local/lib/android/sdk/platforms/android-34/data/res/values-mcc310-mnc250-ar: Cannot utime: Operation not permitted
build	Cache Android SDK	2026-06-06T12:22:57.9105487Z /usr/bin/tar: ../../../../../usr/local/lib/android/sdk/platforms/android-34/data/res/values-mcc310-mnc250-ar: Cannot change mode to rwxr-xr-x: Operation not permitted
build	Cache Android SDK	2026-06-06T12:22:57.9107544Z /usr/bin/tar: ../../../../../usr/local/lib/android/sdk/platforms/android-34/data/res/values-mcc310-mnc030-kn: Cannot utime: Operation not permitted
build	Cache Android SDK	2026-06-06T12:22:57.9108617Z /usr/bin/tar: ../../../../../usr/local/lib/android/sdk/platforms/android-34/data/res/values-mcc310-mnc030-kn: Cannot change mode to rwxr-xr-x: Operation not permitted
build	Cache Android SDK	2026-06-06T12:22:57.9113581Z /usr/bin/tar: ../../../../../usr/local/lib/android/sdk/platforms/android-34/data/res/values-w210dp-round-watch: Cannot utime: Operation not permitted
build	Cache Android SDK	2026-06-06T12:22:57.9114540Z /usr/bin/tar: ../../../../../usr/local/lib/android/sdk/platforms/android-34/data/res/values-w210dp-round-watch: Cannot change mode to rwxr-xr-x: Operation not permitted
build	Cache Android SDK	2026-06-06T12:22:57.9116400Z /usr/bin/tar: ../../../../../usr/local/lib/android/sdk/platforms/android-34/data/res/values-mcc310-mnc200-ka: Cannot utime: Operation not permitted
build	Cache Android SDK	2026-06-06T12:22:57.9117481Z /usr/bin/tar: ../../../../../usr/local/lib/android/sdk/platforms/android-34/data/res/values-mcc310-mnc200-ka: Cannot change mode to rwxr-xr-x: Operation not permitted
build	Cache Android SDK	2026-06-06T12:22:57.9119679Z /usr/bin/tar: ../../../../../usr/local/lib/android/sdk/platforms/android-34/data/res/values-mcc310-mnc380-pa: Cannot utime: Operation not permitted
build	Cache Android SDK	2026-06-06T12:22:57.9120656Z /usr/bin/tar: ../../../../../usr/local/lib/android/sdk/platforms/android-34/data/res/values-mcc310-mnc380-pa: Cannot change mode to rwxr-xr-x: Operation not permitted
build	Cache Android SDK	2026-06-06T12:22:57.9122749Z /usr/bin/tar: ../../../../../usr/local/lib/android/sdk/platforms/android-34/data/res/values-mcc302-mnc720-sr: Cannot utime: Operation not permitted
build	Cache Android SDK	2026-06-06T12:22:57.9123655Z /usr/bin/tar: ../../../../../usr/local/lib/android/sdk/platforms/android-34/data/res/values-mcc302-mnc720-sr: Cannot change mode to rwxr-xr-x: Operation not permitted
build	Cache Android SDK	2026-06-06T12:22:57.9125965Z /usr/bin/tar: ../../../../../usr/local/lib/android/sdk/platforms/android-34/data/res/values-mcc310-mnc800-ka: Cannot utime: Operation not permitted
build	Cache Android SDK	2026-06-06T12:22:57.9126880Z /usr/bin/tar: ../../../../../usr/local/lib/android/sdk/platforms/android-34/data/res/values-mcc310-mnc800-ka: Cannot change mode to rwxr-xr-x: Operation not permitted
build	Cache Android SDK	2026-06-06T12:22:57.9129560Z /usr/bin/tar: ../../../../../usr/local/lib/android/sdk/platforms/android-34/data/res/values-mcc310-mnc660-nl: Cannot utime: Operation not permitted
build	Cache Android SDK	2026-06-06T12:22:57.9130470Z /usr/bin/tar: ../../../../../usr/local/lib/android/sdk/platforms/android-34/data/res/values-mcc310-mnc660-nl: Cannot change mode to rwxr-xr-x: Operation not permitted
build	Cache Android SDK	2026-06-06T12:22:57.9132804Z /usr/bin/tar: ../../../../../usr/local/lib/android/sdk/platforms/android-34/data/res/values-mcc310-mnc030-zh-rHK: Cannot utime: Operation not permitted
build	Cache Android SDK	2026-06-06T12:22:57.9133769Z /usr/bin/tar: ../../../../../usr/local/lib/android/sdk/platforms/android-34/data/res/values-mcc310-mnc030-zh-rHK: Cannot change mode to rwxr-xr-x: Operation not permitted
build	Cache Android SDK	2026-06-06T12:22:57.9135852Z /usr/bin/tar: ../../../../../usr/local/lib/android/sdk/platforms/android-34/data/res/values-mcc302-mnc370-sv: Cannot utime: Operation not permitted
build	Cache Android SDK	2026-06-06T12:22:57.9136760Z /usr/bin/tar: ../../../../../usr/local/lib/android/sdk/platforms/android-34/data/res/values-mcc302-mnc370-sv: Cannot change mode to rwxr-xr-x: Operation not permitted
build	Cache Android SDK	2026-06-06T12:22:57.9138986Z /usr/bin/tar: ../../../../../usr/local/lib/android/sdk/platforms/android-34/data/res/values-mcc310-mnc170-fa: Cannot utime: Operation not permitted
build	Cache Android SDK	2026-06-06T12:22:57.9139895Z /usr/bin/tar: ../../../../../usr/local/lib/android/sdk/platforms/android-34/data/res/values-mcc310-mnc170-fa: Cannot change mode to rwxr-xr-x: Operation not permitted
build	Cache Android SDK	2026-06-06T12:22:57.9142605Z /usr/bin/tar: ../../../../../usr/local/lib/android/sdk/platforms/android-34/data/res/values-port: Cannot utime: Operation not permitted
build	Cache Android SDK	2026-06-06T12:22:57.9143448Z /usr/bin/tar: ../../../../../usr/local/lib/android/sdk/platforms/android-34/data/res/values-port: Cannot change mode to rwxr-xr-x: Operation not permitted
build	Cache Android SDK	2026-06-06T12:22:57.9145703Z /usr/bin/tar: ../../../../../usr/local/lib/android/sdk/platforms/android-34/data/res/drawable-en-hdpi: Cannot utime: Operation not permitted
build	Cache Android SDK	2026-06-06T12:22:57.9146648Z /usr/bin/tar: ../../../../../usr/local/lib/android/sdk/platforms/android-34/data/res/drawable-en-hdpi: Cannot change mode to rwxr-xr-x: Operation not permitted
build	Cache Android SDK	2026-06-06T12:22:57.9148688Z /usr/bin/tar: ../../../../../usr/local/lib/android/sdk/platforms/android-34/data/res/values-mcc310-mnc230-mn: Cannot utime: Operation not permitted
build	Cache Android SDK	2026-06-06T12:22:57.9149609Z /usr/bin/tar: ../../../../../usr/local/lib/android/sdk/platforms/android-34/data/res/values-mcc310-mnc230-mn: Cannot change mode to rwxr-xr-x: Operation not permitted
build	Cache Android SDK	2026-06-06T12:22:57.9155159Z /usr/bin/tar: ../../../../../usr/local/lib/android/sdk/platforms/android-34/data/res/values-es: Cannot utime: Operation not permitted
build	Cache Android SDK	2026-06-06T12:22:57.9156155Z /usr/bin/tar: ../../../../../usr/local/lib/android/sdk/platforms/android-34/data/res/values-es: Cannot change mode to rwxr-xr-x: Operation not permitted
build	Cache Android SDK	2026-06-06T12:22:57.9157992Z /usr/bin/tar: ../../../../../usr/local/lib/android/sdk/platforms/android-34/data/res/values-mcc310-mnc800-km: Cannot utime: Operation not permitted
build	Cache Android SDK	2026-06-06T12:22:57.9158964Z /usr/bin/tar: ../../../../../usr/local/lib/android/sdk/platforms/android-34/data/res/values-mcc310-mnc800-km: Cannot change mode to rwxr-xr-x: Operation not permitted
build	Cache Android SDK	2026-06-06T12:22:57.9161143Z /usr/bin/tar: ../../../../../usr/local/lib/android/sdk/platforms/android-34/data/res/values-mcc334-mnc020-en-rAU: Cannot utime: Operation not permitted
build	Cache Android SDK	2026-06-06T12:22:57.9162084Z /usr/bin/tar: ../../../../../usr/local/lib/android/sdk/platforms/android-34/data/res/values-mcc334-mnc020-en-rAU: Cannot change mode to rwxr-xr-x: Operation not permitted
build	Cache Android SDK	2026-06-06T12:22:57.9164895Z /usr/bin/tar: ../../../../../usr/local/lib/android/sdk/platforms/android-34/data/res/values-mcc310-mnc170-tl: Cannot utime: Operation not permitted
build	Cache Android SDK	2026-06-06T12:22:57.9165812Z /usr/bin/tar: ../../../../../usr/local/lib/android/sdk/platforms/android-34/data/res/values-mcc310-mnc170-tl: Cannot change mode to rwxr-xr-x: Operation not permitted
build	Cache Android SDK	2026-06-06T12:22:57.9170719Z /usr/bin/tar: ../../../../../usr/local/lib/android/sdk/platforms/android-34/data/res/values-mcc311-mnc180-lt: Cannot utime: Operation not permitted
build	Cache Android SDK	2026-06-06T12:22:57.9171641Z /usr/bin/tar: ../../../../../usr/local/lib/android/sdk/platforms/android-34/data/res/values-mcc311-mnc180-lt: Cannot change mode to rwxr-xr-x: Operation not permitted
build	Cache Android SDK	2026-06-06T12:22:57.9173650Z /usr/bin/tar: ../../../../../usr/local/lib/android/sdk/platforms/android-34/data/res/values-en-rIN-television: Cannot utime: Operation not permitted
build	Cache Android SDK	2026-06-06T12:22:57.9174596Z /usr/bin/tar: ../../../../../usr/local/lib/android/sdk/platforms/android-34/data/res/values-en-rIN-television: Cannot change mode to rwxr-xr-x: Operation not permitted
build	Cache Android SDK	2026-06-06T12:22:57.9176783Z /usr/bin/tar: ../../../../../usr/local/lib/android/sdk/platforms/android-34/data/res/values-mcc310-mnc270-nl: Cannot utime: Operation not permitted
build	Cache Android SDK	2026-06-06T12:22:57.9177822Z /usr/bin/tar: ../../../../../usr/local/lib/android/sdk/platforms/android-34/data/res/values-mcc310-mnc270-nl: Cannot change mode to rwxr-xr-x: Operation not permitted
build	Cache Android SDK	2026-06-06T12:22:57.9179853Z /usr/bin/tar: ../../../../../usr/local/lib/android/sdk/platforms/android-34/data/res/values-mcc334-mnc020-hu: Cannot utime: Operation not permitted
build	Cache Android SDK	2026-06-06T12:22:57.9180768Z /usr/bin/tar: ../../../../../usr/local/lib/android/sdk/platforms/android-34/data/res/values-mcc334-mnc020-hu: Cannot change mode to rwxr-xr-x: Operation not permitted
build	Cache Android SDK	2026-06-06T12:22:57.9185434Z /usr/bin/tar: ../../../../../usr/local/lib/android/sdk/platforms/android-34/data/res/values-mcc310-mnc220-gl: Cannot utime: Operation not permitted
build	Cache Android SDK	2026-06-06T12:22:57.9188757Z /usr/bin/tar: ../../../../../usr/local/lib/android/sdk/platforms/android-34/data/res/values-mcc310-mnc220-gl: Cannot change mode to rwxr-xr-x: Operation not permitted
build	Cache Android SDK	2026-06-06T12:22:57.9189774Z /usr/bin/tar: ../../../../../usr/local/lib/android/sdk/platforms/android-34/data/res/values-mcc310-mnc220-zh-rHK: Cannot utime: Operation not permitted
build	Cache Android SDK	2026-06-06T12:22:57.9190781Z /usr/bin/tar: ../../../../../usr/local/lib/android/sdk/platforms/android-34/data/res/values-mcc310-mnc220-zh-rHK: Cannot change mode to rwxr-xr-x: Operation not permitted
build	Cache Android SDK	2026-06-06T12:22:57.9192136Z /usr/bin/tar: ../../../../../usr/local/lib/android/sdk/platforms/android-34/data/res/values-sw720dp-w1280dp: Cannot utime: Operation not permitted
build	Cache Android SDK	2026-06-06T12:22:57.9193047Z /usr/bin/tar: ../../../../../usr/local/lib/android/sdk/platforms/android-34/data/res/values-sw720dp-w1280dp: Cannot change mode to rwxr-xr-x: Operation not permitted
build	Cache Android SDK	2026-06-06T12:22:57.9194785Z /usr/bin/tar: ../../../../../usr/local/lib/android/sdk/platforms/android-34/data/res/values-mcc310-mnc030-pt-rPT: Cannot utime: Operation not permitted
build	Cache Android SDK	2026-06-06T12:22:57.9195824Z /usr/bin/tar: ../../../../../usr/local/lib/android/sdk/platforms/android-34/data/res/values-mcc310-mnc030-pt-rPT: Cannot change mode to rwxr-xr-x: Operation not permitted
build	Cache Android SDK	2026-06-06T12:22:57.9198043Z /usr/bin/tar: ../../../../../usr/local/lib/android/sdk/platforms/android-34/data/res/values-mcc313-mnc100-ca: Cannot utime: Operation not permitted
build	Cache Android SDK	2026-06-06T12:22:57.9199010Z /usr/bin/tar: ../../../../../usr/local/lib/android/sdk/platforms/android-34/data/res/values-mcc313-mnc100-ca: Cannot change mode to rwxr-xr-x: Operation not permitted
build	Cache Android SDK	2026-06-06T12:22:57.9201248Z /usr/bin/tar: ../../../../../usr/local/lib/android/sdk/platforms/android-34/data/res/values-mcc310-mnc660-de: Cannot utime: Operation not permitted
build	Cache Android SDK	2026-06-06T12:22:57.9202158Z /usr/bin/tar: ../../../../../usr/local/lib/android/sdk/platforms/android-34/data/res/values-mcc310-mnc660-de: Cannot change mode to rwxr-xr-x: Operation not permitted
build	Cache Android SDK	2026-06-06T12:22:57.9204404Z /usr/bin/tar: ../../../../../usr/local/lib/android/sdk/platforms/android-34/data/res/values-mcc310-mnc160-fr-rCA: Cannot utime: Operation not permitted
build	Cache Android SDK	2026-06-06T12:22:57.9205354Z /usr/bin/tar: ../../../../../usr/local/lib/android/sdk/platforms/android-34/data/res/values-mcc310-mnc160-fr-rCA: Cannot change mode to rwxr-xr-x: Operation not permitted
build	Cache Android SDK	2026-06-06T12:22:57.9207718Z /usr/bin/tar: ../../../../../usr/local/lib/android/sdk/platforms/android-34/data/res/values-mcc312-mnc670-or: Cannot utime: Operation not permitted
build	Cache Android SDK	2026-06-06T12:22:57.9209022Z /usr/bin/tar: ../../../../../usr/local/lib/android/sdk/platforms/android-34/data/res/values-mcc312-mnc670-or: Cannot change mode to rwxr-xr-x: Operation not permitted
build	Cache Android SDK	2026-06-06T12:22:57.9210611Z /usr/bin/tar: ../../../../../usr/local/lib/android/sdk/platforms/android-34/data/res/values-mcc310-mnc210-da: Cannot utime: Operation not permitted
build	Cache Android SDK	2026-06-06T12:22:57.9211541Z /usr/bin/tar: ../../../../../usr/local/lib/android/sdk/platforms/android-34/data/res/values-mcc310-mnc210-da: Cannot change mode to rwxr-xr-x: Operation not permitted
build	Cache Android SDK	2026-06-06T12:22:57.9214249Z /usr/bin/tar: ../../../../../usr/local/lib/android/sdk/platforms/android-34/data/res/values-mcc310-mnc310-sk: Cannot utime: Operation not permitted
build	Cache Android SDK	2026-06-06T12:22:57.9215194Z /usr/bin/tar: ../../../../../usr/local/lib/android/sdk/platforms/android-34/data/res/values-mcc310-mnc310-sk: Cannot change mode to rwxr-xr-x: Operation not permitted
build	Cache Android SDK	2026-06-06T12:22:57.9216981Z /usr/bin/tar: ../../../../../usr/local/lib/android/sdk/platforms/android-34/data/res/values-mcc310-mnc200-in: Cannot utime: Operation not permitted
build	Cache Android SDK	2026-06-06T12:22:57.9218148Z /usr/bin/tar: ../../../../../usr/local/lib/android/sdk/platforms/android-34/data/res/values-mcc310-mnc200-in: Cannot change mode to rwxr-xr-x: Operation not permitted
build	Cache Android SDK	2026-06-06T12:22:57.9220663Z /usr/bin/tar: ../../../../../usr/local/lib/android/sdk/platforms/android-34/data/res/values-mcc310-mnc170-af: Cannot utime: Operation not permitted
build	Cache Android SDK	2026-06-06T12:22:57.9221608Z /usr/bin/tar: ../../../../../usr/local/lib/android/sdk/platforms/android-34/data/res/values-mcc310-mnc170-af: Cannot change mode to rwxr-xr-x: Operation not permitted
build	Cache Android SDK	2026-06-06T12:22:57.9227293Z /usr/bin/tar: ../../../../../usr/local/lib/android/sdk/platforms/android-34/data/res/values-hu: Cannot utime: Operation not permitted
build	Cache Android SDK	2026-06-06T12:22:57.9229043Z /usr/bin/tar: ../../../../../usr/local/lib/android/sdk/platforms/android-34/data/res/values-hu: Cannot change mode to rwxr-xr-x: Operation not permitted
build	Cache Android SDK	2026-06-06T12:22:57.9231067Z /usr/bin/tar: ../../../../../usr/local/lib/android/sdk/platforms/android-34/data/res/values-mcc310-mnc950-en-rXC: Cannot utime: Operation not permitted
build	Cache Android SDK	2026-06-06T12:22:57.9232789Z /usr/bin/tar: ../../../../../usr/local/lib/android/sdk/platforms/android-34/data/res/values-mcc310-mnc950-en-rXC: Cannot change mode to rwxr-xr-x: Operation not permitted
build	Cache Android SDK	2026-06-06T12:22:57.9234313Z /usr/bin/tar: ../../../../../usr/local/lib/android/sdk/platforms/android-34/data/res/values-mcc310: Cannot utime: Operation not permitted
build	Cache Android SDK	2026-06-06T12:22:57.9236002Z /usr/bin/tar: ../../../../../usr/local/lib/android/sdk/platforms/android-34/data/res/values-mcc310: Cannot change mode to rwxr-xr-x: Operation not permitted
build	Cache Android SDK	2026-06-06T12:22:57.9237754Z /usr/bin/tar: ../../../../../usr/local/lib/android/sdk/platforms/android-34/data/res/values-mcc312-mnc670-fi: Cannot utime: Operation not permitted
build	Cache Android SDK	2026-06-06T12:22:57.9238765Z /usr/bin/tar: ../../../../../usr/local/lib/android/sdk/platforms/android-34/data/res/values-mcc312-mnc670-fi: Cannot change mode to rwxr-xr-x: Operation not permitted
build	Cache Android SDK	2026-06-06T12:22:57.9240980Z /usr/bin/tar: ../../../../../usr/local/lib/android/sdk/platforms/android-34/data/res/values-es-rUS-television: Cannot utime: Operation not permitted
build	Cache Android SDK	2026-06-06T12:22:57.9241995Z /usr/bin/tar: ../../../../../usr/local/lib/android/sdk/platforms/android-34/data/res/values-es-rUS-television: Cannot change mode to rwxr-xr-x: Operation not permitted
build	Cache Android SDK	2026-06-06T12:22:57.9243763Z /usr/bin/tar: ../../../../../usr/local/lib/android/sdk/platforms/android-34/data/res/values-mcc310-mnc950-mn: Cannot utime: Operation not permitted
build	Cache Android SDK	2026-06-06T12:22:57.9245449Z /usr/bin/tar: ../../../../../usr/local/lib/android/sdk/platforms/android-34/data/res/values-mcc310-mnc950-mn: Cannot change mode to rwxr-xr-x: Operation not permitted
build	Cache Android SDK	2026-06-06T12:22:57.9246761Z /usr/bin/tar: ../../../../../usr/local/lib/android/sdk/platforms/android-34/data/res/values-mcc310-mnc660-et: Cannot utime: Operation not permitted
build	Cache Android SDK	2026-06-06T12:22:57.9247836Z /usr/bin/tar: ../../../../../usr/local/lib/android/sdk/platforms/android-34/data/res/values-mcc310-mnc660-et: Cannot change mode to rwxr-xr-x: Operation not permitted
build	Cache Android SDK	2026-06-06T12:22:57.9249783Z /usr/bin/tar: ../../../../../usr/local/lib/android/sdk/platforms/android-34/data/res/values-mcc310-mnc210-ar: Cannot utime: Operation not permitted
build	Cache Android SDK	2026-06-06T12:22:57.9250691Z /usr/bin/tar: ../../../../../usr/local/lib/android/sdk/platforms/android-34/data/res/values-mcc310-mnc210-ar: Cannot change mode to rwxr-xr-x: Operation not permitted
build	Cache Android SDK	2026-06-06T12:22:57.9253037Z /usr/bin/tar: ../../../../../usr/local/lib/android/sdk/platforms/android-34/data/res/values-mcc310-mnc270-hi: Cannot utime: Operation not permitted
build	Cache Android SDK	2026-06-06T12:22:57.9253950Z /usr/bin/tar: ../../../../../usr/local/lib/android/sdk/platforms/android-34/data/res/values-mcc310-mnc270-hi: Cannot change mode to rwxr-xr-x: Operation not permitted
build	Cache Android SDK	2026-06-06T12:22:57.9256782Z /usr/bin/tar: ../../../../../usr/local/lib/android/sdk/platforms/android-34/data/res/values-mcc311-mnc180-in: Cannot utime: Operation not permitted
build	Cache Android SDK	2026-06-06T12:22:57.9257860Z /usr/bin/tar: ../../../../../usr/local/lib/android/sdk/platforms/android-34/data/res/values-mcc311-mnc180-in: Cannot change mode to rwxr-xr-x: Operation not permitted
build	Cache Android SDK	2026-06-06T12:22:57.9260242Z /usr/bin/tar: ../../../../../usr/local/lib/android/sdk/platforms/android-34/data/res/values-mcc310-mnc240-hy: Cannot utime: Operation not permitted
build	Cache Android SDK	2026-06-06T12:22:57.9261166Z /usr/bin/tar: ../../../../../usr/local/lib/android/sdk/platforms/android-34/data/res/values-mcc310-mnc240-hy: Cannot change mode to rwxr-xr-x: Operation not permitted
build	Cache Android SDK	2026-06-06T12:22:57.9263156Z /usr/bin/tar: ../../../../../usr/local/lib/android/sdk/platforms/android-34/data/res/values-lv-watch: Cannot utime: Operation not permitted
build	Cache Android SDK	2026-06-06T12:22:57.9264115Z /usr/bin/tar: ../../../../../usr/local/lib/android/sdk/platforms/android-34/data/res/values-lv-watch: Cannot change mode to rwxr-xr-x: Operation not permitted
build	Cache Android SDK	2026-06-06T12:22:57.9266252Z /usr/bin/tar: ../../../../../usr/local/lib/android/sdk/platforms/android-34/data/res/values-mcc302-mnc720-ta: Cannot utime: Operation not permitted
build	Cache Android SDK	2026-06-06T12:22:57.9267166Z /usr/bin/tar: ../../../../../usr/local/lib/android/sdk/platforms/android-34/data/res/values-mcc302-mnc720-ta: Cannot change mode to rwxr-xr-x: Operation not permitted
build	Cache Android SDK	2026-06-06T12:22:57.9269665Z /usr/bin/tar: ../../../../../usr/local/lib/android/sdk/platforms/android-34/data/res/values-mcc310-mnc200-th: Cannot utime: Operation not permitted
build	Cache Android SDK	2026-06-06T12:22:57.9270646Z /usr/bin/tar: ../../../../../usr/local/lib/android/sdk/platforms/android-34/data/res/values-mcc310-mnc200-th: Cannot change mode to rwxr-xr-x: Operation not permitted
build	Cache Android SDK	2026-06-06T12:22:57.9273407Z /usr/bin/tar: ../../../../../usr/local/lib/android/sdk/platforms/android-34/data/res/values-mcc310-mnc160-ta: Cannot utime: Operation not permitted
build	Cache Android SDK	2026-06-06T12:22:57.9274410Z /usr/bin/tar: ../../../../../usr/local/lib/android/sdk/platforms/android-34/data/res/values-mcc310-mnc160-ta: Cannot change mode to rwxr-xr-x: Operation not permitted
build	Cache Android SDK	2026-06-06T12:22:57.9276495Z /usr/bin/tar: ../../../../../usr/local/lib/android/sdk/platforms/android-34/data/res/values-mcc310-mnc210-lt: Cannot utime: Operation not permitted
build	Cache Android SDK	2026-06-06T12:22:57.9277536Z /usr/bin/tar: ../../../../../usr/local/lib/android/sdk/platforms/android-34/data/res/values-mcc310-mnc210-lt: Cannot change mode to rwxr-xr-x: Operation not permitted
build	Cache Android SDK	2026-06-06T12:22:57.9281628Z /usr/bin/tar: ../../../../../usr/local/lib/android/sdk/platforms/android-34/data/res/values-mcc310-mnc490-my: Cannot utime: Operation not permitted
build	Cache Android SDK	2026-06-06T12:22:57.9282859Z /usr/bin/tar: ../../../../../usr/local/lib/android/sdk/platforms/android-34/data/res/values-mcc310-mnc490-my: Cannot change mode to rwxr-xr-x: Operation not permitted
build	Cache Android SDK	2026-06-06T12:22:57.9283777Z /usr/bin/tar: ../../../../../usr/local/lib/android/sdk/platforms/android-34/data/res/values-it-watch: Cannot utime: Operation not permitted
build	Cache Android SDK	2026-06-06T12:22:57.9284713Z /usr/bin/tar: ../../../../../usr/local/lib/android/sdk/platforms/android-34/data/res/values-it-watch: Cannot change mode to rwxr-xr-x: Operation not permitted
build	Cache Android SDK	2026-06-06T12:22:57.9286249Z /usr/bin/tar: ../../../../../usr/local/lib/android/sdk/platforms/android-34/data/res/values-mcc310-mnc240-ja: Cannot utime: Operation not permitted
build	Cache Android SDK	2026-06-06T12:22:57.9287545Z /usr/bin/tar: ../../../../../usr/local/lib/android/sdk/platforms/android-34/data/res/values-mcc310-mnc240-ja: Cannot change mode to rwxr-xr-x: Operation not permitted
build	Cache Android SDK	2026-06-06T12:22:57.9289131Z /usr/bin/tar: ../../../../../usr/local/lib/android/sdk/platforms/android-34/data/res/values-mcc310-mnc210-zu: Cannot utime: Operation not permitted
build	Cache Android SDK	2026-06-06T12:22:57.9290038Z /usr/bin/tar: ../../../../../usr/local/lib/android/sdk/platforms/android-34/data/res/values-mcc310-mnc210-zu: Cannot change mode to rwxr-xr-x: Operation not permitted
build	Cache Android SDK	2026-06-06T12:22:57.9291833Z /usr/bin/tar: ../../../../../usr/local/lib/android/sdk/platforms/android-34/data/res/values-mcc310-mnc250-pa: Cannot utime: Operation not permitted
build	Cache Android SDK	2026-06-06T12:22:57.9292755Z /usr/bin/tar: ../../../../../usr/local/lib/android/sdk/platforms/android-34/data/res/values-mcc310-mnc250-pa: Cannot change mode to rwxr-xr-x: Operation not permitted
build	Cache Android SDK	2026-06-06T12:22:57.9294829Z /usr/bin/tar: ../../../../../usr/local/lib/android/sdk/platforms/android-34/data/res/values-mcc310-mnc030-sr: Cannot utime: Operation not permitted
build	Cache Android SDK	2026-06-06T12:22:57.9295761Z /usr/bin/tar: ../../../../../usr/local/lib/android/sdk/platforms/android-34/data/res/values-mcc310-mnc030-sr: Cannot change mode to rwxr-xr-x: Operation not permitted
build	Cache Android SDK	2026-06-06T12:22:57.9297917Z /usr/bin/tar: ../../../../../usr/local/lib/android/sdk/platforms/android-34/data/res/values-mcc310-mnc950-pt: Cannot utime: Operation not permitted
build	Cache Android SDK	2026-06-06T12:22:57.9298915Z /usr/bin/tar: ../../../../../usr/local/lib/android/sdk/platforms/android-34/data/res/values-mcc310-mnc950-pt: Cannot change mode to rwxr-xr-x: Operation not permitted
build	Cache Android SDK	2026-06-06T12:22:57.9301275Z /usr/bin/tar: ../../../../../usr/local/lib/android/sdk/platforms/android-34/data/res/values-mcc310-mnc560-pa: Cannot utime: Operation not permitted
build	Cache Android SDK	2026-06-06T12:22:57.9302604Z /usr/bin/tar: ../../../../../usr/local/lib/android/sdk/platforms/android-34/data/res/values-mcc310-mnc560-pa: Cannot change mode to rwxr-xr-x: Operation not permitted
build	Cache Android SDK	2026-06-06T12:22:57.9304645Z /usr/bin/tar: ../../../../../usr/local/lib/android/sdk/platforms/android-34/data/res/values-mcc310-mnc220-es-rUS: Cannot utime: Operation not permitted
build	Cache Android SDK	2026-06-06T12:22:57.9305676Z /usr/bin/tar: ../../../../../usr/local/lib/android/sdk/platforms/android-34/data/res/values-mcc310-mnc220-es-rUS: Cannot change mode to rwxr-xr-x: Operation not permitted
build	Cache Android SDK	2026-06-06T12:22:57.9307940Z /usr/bin/tar: ../../../../../usr/local/lib/android/sdk/platforms/android-34/data/res/values-mcc310-mnc660-bg: Cannot utime: Operation not permitted
build	Cache Android SDK	2026-06-06T12:22:57.9308927Z /usr/bin/tar: ../../../../../usr/local/lib/android/sdk/platforms/android-34/data/res/values-mcc310-mnc660-bg: Cannot change mode to rwxr-xr-x: Operation not permitted
build	Cache Android SDK	2026-06-06T12:22:57.9310788Z /usr/bin/tar: ../../../../../usr/local/lib/android/sdk/platforms/android-34/data/res/values-mcc310-mnc380-fa: Cannot utime: Operation not permitted
build	Cache Android SDK	2026-06-06T12:22:57.9311702Z /usr/bin/tar: ../../../../../usr/local/lib/android/sdk/platforms/android-34/data/res/values-mcc310-mnc380-fa: Cannot change mode to rwxr-xr-x: Operation not permitted
build	Cache Android SDK	2026-06-06T12:22:57.9314083Z /usr/bin/tar: ../../../../../usr/local/lib/android/sdk/platforms/android-34/data/res/values-mcc001-mnc01-km: Cannot utime: Operation not permitted
build	Cache Android SDK	2026-06-06T12:22:57.9315003Z /usr/bin/tar: ../../../../../usr/local/lib/android/sdk/platforms/android-34/data/res/values-mcc001-mnc01-km: Cannot change mode to rwxr-xr-x: Operation not permitted
build	Cache Android SDK	2026-06-06T12:22:57.9322586Z /usr/bin/tar: ../../../../../usr/local/lib/android/sdk/platforms/android-34/data/res/values-mcc310-mnc030-el: Cannot utime: Operation not permitted
build	Cache Android SDK	2026-06-06T12:22:57.9323514Z /usr/bin/tar: ../../../../../usr/local/lib/android/sdk/platforms/android-34/data/res/values-mcc310-mnc030-el: Cannot change mode to rwxr-xr-x: Operation not permitted
build	Cache Android SDK	2026-06-06T12:22:57.9325274Z /usr/bin/tar: ../../../../../usr/local/lib/android/sdk/platforms/android-34/data/res/values-mcc310-mnc660-ky: Cannot utime: Operation not permitted
build	Cache Android SDK	2026-06-06T12:22:57.9338508Z /usr/bin/tar: ../../../../../usr/local/lib/android/sdk/platforms/android-34/data/res/values-mcc310-mnc660-ky: Cannot change mode to rwxr-xr-x: Operation not permitted
build	Cache Android SDK	2026-06-06T12:22:57.9340135Z /usr/bin/tar: ../../../../../usr/local/lib/android/sdk/platforms/android-34/data/res/values-mcc310-mnc210-uz: Cannot utime: Operation not permitted
build	Cache Android SDK	2026-06-06T12:22:57.9341495Z /usr/bin/tar: ../../../../../usr/local/lib/android/sdk/platforms/android-34/data/res/values-mcc310-mnc210-uz: Cannot change mode to rwxr-xr-x: Operation not permitted
build	Cache Android SDK	2026-06-06T12:22:57.9342603Z /usr/bin/tar: ../../../../../usr/local/lib/android/sdk/platforms/android-34/data/res/values-mcc310-mnc310-ur: Cannot utime: Operation not permitted
build	Cache Android SDK	2026-06-06T12:22:57.9343684Z /usr/bin/tar: ../../../../../usr/local/lib/android/sdk/platforms/android-34/data/res/values-mcc310-mnc310-ur: Cannot change mode to rwxr-xr-x: Operation not permitted
build	Cache Android SDK	2026-06-06T12:22:57.9345246Z /usr/bin/tar: ../../../../../usr/local/lib/android/sdk/platforms/android-34/data/res/values-mcc310-mnc270-kn: Cannot utime: Operation not permitted
build	Cache Android SDK	2026-06-06T12:22:57.9346896Z /usr/bin/tar: ../../../../../usr/local/lib/android/sdk/platforms/android-34/data/res/values-mcc310-mnc270-kn: Cannot change mode to rwxr-xr-x: Operation not permitted
build	Cache Android SDK	2026-06-06T12:22:57.9348485Z /usr/bin/tar: ../../../../../usr/local/lib/android/sdk/platforms/android-34/data/res/values-mcc302-mnc370-or: Cannot utime: Operation not permitted
build	Cache Android SDK	2026-06-06T12:22:57.9350038Z /usr/bin/tar: ../../../../../usr/local/lib/android/sdk/platforms/android-34/data/res/values-mcc302-mnc370-or: Cannot change mode to rwxr-xr-x: Operation not permitted
build	Cache Android SDK	2026-06-06T12:22:57.9350954Z /usr/bin/tar: ../../../../../usr/local/lib/android/sdk/platforms/android-34/data/res/values-mcc310-mnc150-hr: Cannot utime: Operation not permitted
build	Cache Android SDK	2026-06-06T12:22:57.9352008Z /usr/bin/tar: ../../../../../usr/local/lib/android/sdk/platforms/android-34/data/res/values-mcc310-mnc150-hr: Cannot change mode to rwxr-xr-x: Operation not permitted
build	Cache Android SDK	2026-06-06T12:22:57.9353214Z /usr/bin/tar: ../../../../../usr/local/lib/android/sdk/platforms/android-34/data/res/values-te: Cannot utime: Operation not permitted
build	Cache Android SDK	2026-06-06T12:22:57.9354129Z /usr/bin/tar: ../../../../../usr/local/lib/android/sdk/platforms/android-34/data/res/values-te: Cannot change mode to rwxr-xr-x: Operation not permitted
build	Cache Android SDK	2026-06-06T12:22:57.9355155Z /usr/bin/tar: ../../../../../usr/local/lib/android/sdk/platforms/android-34/data/res/values-mcc310-mnc490-es-rUS: Cannot utime: Operation not permitted
build	Cache Android SDK	2026-06-06T12:22:57.9356714Z /usr/bin/tar: ../../../../../usr/local/lib/android/sdk/platforms/android-34/data/res/values-mcc310-mnc490-es-rUS: Cannot change mode to rwxr-xr-x: Operation not permitted
build	Cache Android SDK	2026-06-06T12:22:57.9357916Z /usr/bin/tar: ../../../../../usr/local/lib/android/sdk/platforms/android-34/data/res/values-mcc310-mnc310-pt: Cannot utime: Operation not permitted
build	Cache Android SDK	2026-06-06T12:22:57.9359543Z /usr/bin/tar: ../../../../../usr/local/lib/android/sdk/platforms/android-34/data/res/values-mcc310-mnc310-pt: Cannot change mode to rwxr-xr-x: Operation not permitted
build	Cache Android SDK	2026-06-06T12:22:57.9361309Z /usr/bin/tar: ../../../../../usr/local/lib/android/sdk/platforms/android-34/data/res/values-mcc310-mnc200-bg: Cannot utime: Operation not permitted
build	Cache Android SDK	2026-06-06T12:22:57.9362663Z /usr/bin/tar: ../../../../../usr/local/lib/android/sdk/platforms/android-34/data/res/values-mcc310-mnc200-bg: Cannot change mode to rwxr-xr-x: Operation not permitted
build	Cache Android SDK	2026-06-06T12:22:57.9363670Z /usr/bin/tar: ../../../../../usr/local/lib/android/sdk/platforms/android-34/data/res/values-mcc312-mnc670-fr: Cannot utime: Operation not permitted
build	Cache Android SDK	2026-06-06T12:22:57.9365293Z /usr/bin/tar: ../../../../../usr/local/lib/android/sdk/platforms/android-34/data/res/values-mcc312-mnc670-fr: Cannot change mode to rwxr-xr-x: Operation not permitted
build	Cache Android SDK	2026-06-06T12:22:57.9366270Z /usr/bin/tar: ../../../../../usr/local/lib/android/sdk/platforms/android-34/data/res/values-mcc310-mnc560-th: Cannot utime: Operation not permitted
build	Cache Android SDK	2026-06-06T12:22:57.9367745Z /usr/bin/tar: ../../../../../usr/local/lib/android/sdk/platforms/android-34/data/res/values-mcc310-mnc560-th: Cannot change mode to rwxr-xr-x: Operation not permitted
build	Cache Android SDK	2026-06-06T12:22:57.9369549Z /usr/bin/tar: ../../../../../usr/local/lib/android/sdk/platforms/android-34/data/res/values-mcc312-mnc670-ta: Cannot utime: Operation not permitted
build	Cache Android SDK	2026-06-06T12:22:57.9370993Z /usr/bin/tar: ../../../../../usr/local/lib/android/sdk/platforms/android-34/data/res/values-mcc312-mnc670-ta: Cannot change mode to rwxr-xr-x: Operation not permitted
build	Cache Android SDK	2026-06-06T12:22:57.9372629Z /usr/bin/tar: ../../../../../usr/local/lib/android/sdk/platforms/android-34/data/res/values-mcc312-mnc670-tr: Cannot utime: Operation not permitted
build	Cache Android SDK	2026-06-06T12:22:57.9373528Z /usr/bin/tar: ../../../../../usr/local/lib/android/sdk/platforms/android-34/data/res/values-mcc312-mnc670-tr: Cannot change mode to rwxr-xr-x: Operation not permitted
build	Cache Android SDK	2026-06-06T12:22:57.9376131Z /usr/bin/tar: ../../../../../usr/local/lib/android/sdk/platforms/android-34/data/res/values-mcc310-mnc210-zh-rTW: Cannot utime: Operation not permitted
build	Cache Android SDK	2026-06-06T12:22:57.9377184Z /usr/bin/tar: ../../../../../usr/local/lib/android/sdk/platforms/android-34/data/res/values-mcc310-mnc210-zh-rTW: Cannot change mode to rwxr-xr-x: Operation not permitted
build	Cache Android SDK	2026-06-06T12:22:57.9380611Z /usr/bin/tar: ../../../../../usr/local/lib/android/sdk/platforms/android-34/data/res/raw-de: Cannot utime: Operation not permitted
build	Cache Android SDK	2026-06-06T12:22:57.9381583Z /usr/bin/tar: ../../../../../usr/local/lib/android/sdk/platforms/android-34/data/res/raw-de: Cannot change mode to rwxr-xr-x: Operation not permitted
build	Cache Android SDK	2026-06-06T12:22:57.9383882Z /usr/bin/tar: ../../../../../usr/local/lib/android/sdk/platforms/android-34/data/res/values-mcc312-mnc670-zh-rHK: Cannot utime: Operation not permitted
build	Cache Android SDK	2026-06-06T12:22:57.9384853Z /usr/bin/tar: ../../../../../usr/local/lib/android/sdk/platforms/android-34/data/res/values-mcc312-mnc670-zh-rHK: Cannot change mode to rwxr-xr-x: Operation not permitted
build	Cache Android SDK	2026-06-06T12:22:57.9386725Z /usr/bin/tar: ../../../../../usr/local/lib/android/sdk/platforms/android-34/data/res/values-mcc302-mnc370-ro: Cannot utime: Operation not permitted
build	Cache Android SDK	2026-06-06T12:22:57.9387856Z /usr/bin/tar: ../../../../../usr/local/lib/android/sdk/platforms/android-34/data/res/values-mcc302-mnc370-ro: Cannot change mode to rwxr-xr-x: Operation not permitted
build	Cache Android SDK	2026-06-06T12:22:57.9389924Z /usr/bin/tar: ../../../../../usr/local/lib/android/sdk/platforms/android-34/data/res/values-mcc310-mnc240-mn: Cannot utime: Operation not permitted
build	Cache Android SDK	2026-06-06T12:22:57.9390907Z /usr/bin/tar: ../../../../../usr/local/lib/android/sdk/platforms/android-34/data/res/values-mcc310-mnc240-mn: Cannot change mode to rwxr-xr-x: Operation not permitted
build	Cache Android SDK	2026-06-06T12:22:57.9393183Z /usr/bin/tar: ../../../../../usr/local/lib/android/sdk/platforms/android-34/data/res/values-mcc310-mnc240-bn: Cannot utime: Operation not permitted
build	Cache Android SDK	2026-06-06T12:22:57.9394101Z /usr/bin/tar: ../../../../../usr/local/lib/android/sdk/platforms/android-34/data/res/values-mcc310-mnc240-bn: Cannot change mode to rwxr-xr-x: Operation not permitted
build	Cache Android SDK	2026-06-06T12:22:57.9396317Z /usr/bin/tar: ../../../../../usr/local/lib/android/sdk/platforms/android-34/data/res/values-mcc310-mnc560-be: Cannot utime: Operation not permitted
build	Cache Android SDK	2026-06-06T12:22:57.9397243Z /usr/bin/tar: ../../../../../usr/local/lib/android/sdk/platforms/android-34/data/res/values-mcc310-mnc560-be: Cannot change mode to rwxr-xr-x: Operation not permitted
build	Cache Android SDK	2026-06-06T12:22:57.9399827Z /usr/bin/tar: ../../../../../usr/local/lib/android/sdk/platforms/android-34/data/res/values-mcc313-mnc100-th: Cannot utime: Operation not permitted
build	Cache Android SDK	2026-06-06T12:22:57.9400756Z /usr/bin/tar: ../../../../../usr/local/lib/android/sdk/platforms/android-34/data/res/values-mcc313-mnc100-th: Cannot change mode to rwxr-xr-x: Operation not permitted
build	Cache Android SDK	2026-06-06T12:22:57.9402828Z /usr/bin/tar: ../../../../../usr/local/lib/android/sdk/platforms/android-34/data/res/values-mcc310-mnc220-el: Cannot utime: Operation not permitted
build	Cache Android SDK	2026-06-06T12:22:57.9403755Z /usr/bin/tar: ../../../../../usr/local/lib/android/sdk/platforms/android-34/data/res/values-mcc310-mnc220-el: Cannot change mode to rwxr-xr-x: Operation not permitted
build	Cache Android SDK	2026-06-06T12:22:57.9405944Z /usr/bin/tar: ../../../../../usr/local/lib/android/sdk/platforms/android-34/data/res/values-mcc311-mnc180-si: Cannot utime: Operation not permitted
build	Cache Android SDK	2026-06-06T12:22:57.9406871Z /usr/bin/tar: ../../../../../usr/local/lib/android/sdk/platforms/android-34/data/res/values-mcc311-mnc180-si: Cannot change mode to rwxr-xr-x: Operation not permitted
build	Cache Android SDK	2026-06-06T12:22:57.9409352Z /usr/bin/tar: ../../../../../usr/local/lib/android/sdk/platforms/android-34/data/res/values-mcc310-mnc250-uk: Cannot utime: Operation not permitted
build	Cache Android SDK	2026-06-06T12:22:57.9410259Z /usr/bin/tar: ../../../../../usr/local/lib/android/sdk/platforms/android-34/data/res/values-mcc310-mnc250-uk: Cannot change mode to rwxr-xr-x: Operation not permitted
build	Cache Android SDK	2026-06-06T12:22:57.9412494Z /usr/bin/tar: ../../../../../usr/local/lib/android/sdk/platforms/android-34/data/res/values-mcc313-mnc100-en-rCA: Cannot utime: Operation not permitted
build	Cache Android SDK	2026-06-06T12:22:57.9413444Z /usr/bin/tar: ../../../../../usr/local/lib/android/sdk/platforms/android-34/data/res/values-mcc313-mnc100-en-rCA: Cannot change mode to rwxr-xr-x: Operation not permitted
build	Cache Android SDK	2026-06-06T12:22:57.9415784Z /usr/bin/tar: ../../../../../usr/local/lib/android/sdk/platforms/android-34/data/res/raw-ar: Cannot utime: Operation not permitted
build	Cache Android SDK	2026-06-06T12:22:57.9416837Z /usr/bin/tar: ../../../../../usr/local/lib/android/sdk/platforms/android-34/data/res/raw-ar: Cannot change mode to rwxr-xr-x: Operation not permitted
build	Cache Android SDK	2026-06-06T12:22:57.9419278Z /usr/bin/tar: ../../../../../usr/local/lib/android/sdk/platforms/android-34/data/res/values-mcc310-mnc660-ro: Cannot utime: Operation not permitted
build	Cache Android SDK	2026-06-06T12:22:57.9420247Z /usr/bin/tar: ../../../../../usr/local/lib/android/sdk/platforms/android-34/data/res/values-mcc310-mnc660-ro: Cannot change mode to rwxr-xr-x: Operation not permitted
build	Cache Android SDK	2026-06-06T12:22:57.9422834Z /usr/bin/tar: ../../../../../usr/local/lib/android/sdk/platforms/android-34/data/res/values-mcc312-mnc670-az: Cannot utime: Operation not permitted
build	Cache Android SDK	2026-06-06T12:22:57.9423860Z /usr/bin/tar: ../../../../../usr/local/lib/android/sdk/platforms/android-34/data/res/values-mcc312-mnc670-az: Cannot change mode to rwxr-xr-x: Operation not permitted
build	Cache Android SDK	2026-06-06T12:22:57.9426703Z /usr/bin/tar: ../../../../../usr/local/lib/android/sdk/platforms/android-34/data/res/values-mcc310-mnc250-in: Cannot utime: Operation not permitted
build	Cache Android SDK	2026-06-06T12:22:57.9427971Z /usr/bin/tar: ../../../../../usr/local/lib/android/sdk/platforms/android-34/data/res/values-mcc310-mnc250-in: Cannot change mode to rwxr-xr-x: Operation not permitted
build	Cache Android SDK	2026-06-06T12:22:57.9429948Z /usr/bin/tar: ../../../../../usr/local/lib/android/sdk/platforms/android-34/data/res/values-mcc313-mnc100-iw: Cannot utime: Operation not permitted
build	Cache Android SDK	2026-06-06T12:22:57.9430882Z /usr/bin/tar: ../../../../../usr/local/lib/android/sdk/platforms/android-34/data/res/values-mcc313-mnc100-iw: Cannot change mode to rwxr-xr-x: Operation not permitted
build	Cache Android SDK	2026-06-06T12:22:57.9433422Z /usr/bin/tar: ../../../../../usr/local/lib/android/sdk/platforms/android-34/data/res/values-w170dp-notround-watch: Cannot utime: Operation not permitted
build	Cache Android SDK	2026-06-06T12:22:57.9434423Z /usr/bin/tar: ../../../../../usr/local/lib/android/sdk/platforms/android-34/data/res/values-w170dp-notround-watch: Cannot change mode to rwxr-xr-x: Operation not permitted
build	Cache Android SDK	2026-06-06T12:22:57.9440936Z /usr/bin/tar: ../../../../../usr/local/lib/android/sdk/platforms/android-34/data/res/values-pa: Cannot utime: Operation not permitted
build	Cache Android SDK	2026-06-06T12:22:57.9441811Z /usr/bin/tar: ../../../../../usr/local/lib/android/sdk/platforms/android-34/data/res/values-pa: Cannot change mode to rwxr-xr-x: Operation not permitted
build	Cache Android SDK	2026-06-06T12:22:57.9444084Z /usr/bin/tar: ../../../../../usr/local/lib/android/sdk/platforms/android-34/data/res/values-mcc310-mnc240-sl: Cannot utime: Operation not permitted
build	Cache Android SDK	2026-06-06T12:22:57.9445016Z /usr/bin/tar: ../../../../../usr/local/lib/android/sdk/platforms/android-34/data/res/values-mcc310-mnc240-sl: Cannot change mode to rwxr-xr-x: Operation not permitted
build	Cache Android SDK	2026-06-06T12:22:57.9446835Z /usr/bin/tar: ../../../../../usr/local/lib/android/sdk/platforms/android-34/data/res/values-mcc310-mnc490-ky: Cannot utime: Operation not permitted
build	Cache Android SDK	2026-06-06T12:22:57.9447979Z /usr/bin/tar: ../../../../../usr/local/lib/android/sdk/platforms/android-34/data/res/values-mcc310-mnc490-ky: Cannot change mode to rwxr-xr-x: Operation not permitted
build	Cache Android SDK	2026-06-06T12:22:57.9450017Z /usr/bin/tar: ../../../../../usr/local/lib/android/sdk/platforms/android-34/data/res/values-mcc310-mnc170-pt-rPT: Cannot utime: Operation not permitted
build	Cache Android SDK	2026-06-06T12:22:57.9450974Z /usr/bin/tar: ../../../../../usr/local/lib/android/sdk/platforms/android-34/data/res/values-mcc310-mnc170-pt-rPT: Cannot change mode to rwxr-xr-x: Operation not permitted
build	Cache Android SDK	2026-06-06T12:22:57.9453766Z /usr/bin/tar: ../../../../../usr/local/lib/android/sdk/platforms/android-34/data/res/values-mcc310-mnc560-bg: Cannot utime: Operation not permitted
build	Cache Android SDK	2026-06-06T12:22:57.9454707Z /usr/bin/tar: ../../../../../usr/local/lib/android/sdk/platforms/android-34/data/res/values-mcc310-mnc560-bg: Cannot change mode to rwxr-xr-x: Operation not permitted
build	Cache Android SDK	2026-06-06T12:22:57.9456799Z /usr/bin/tar: ../../../../../usr/local/lib/android/sdk/platforms/android-34/data/res/values-mcc310-mnc150-en-rCA: Cannot utime: Operation not permitted
build	Cache Android SDK	2026-06-06T12:22:57.9458144Z /usr/bin/tar: ../../../../../usr/local/lib/android/sdk/platforms/android-34/data/res/values-mcc310-mnc150-en-rCA: Cannot change mode to rwxr-xr-x: Operation not permitted
build	Cache Android SDK	2026-06-06T12:22:57.9460263Z /usr/bin/tar: ../../../../../usr/local/lib/android/sdk/platforms/android-34/data/res/values-mcc310-mnc800-es: Cannot utime: Operation not permitted
build	Cache Android SDK	2026-06-06T12:22:57.9461190Z /usr/bin/tar: ../../../../../usr/local/lib/android/sdk/platforms/android-34/data/res/values-mcc310-mnc800-es: Cannot change mode to rwxr-xr-x: Operation not permitted
build	Cache Android SDK	2026-06-06T12:22:57.9463980Z /usr/bin/tar: ../../../../../usr/local/lib/android/sdk/platforms/android-34/data/res/values-mcc001-mnc01-cs: Cannot utime: Operation not permitted
build	Cache Android SDK	2026-06-06T12:22:57.9464987Z /usr/bin/tar: ../../../../../usr/local/lib/android/sdk/platforms/android-34/data/res/values-mcc001-mnc01-cs: Cannot change mode to rwxr-xr-x: Operation not permitted
build	Cache Android SDK	2026-06-06T12:22:57.9467017Z /usr/bin/tar: ../../../../../usr/local/lib/android/sdk/platforms/android-34/data/res/values-mcc311-mnc180-tr: Cannot utime: Operation not permitted
build	Cache Android SDK	2026-06-06T12:22:57.9468285Z /usr/bin/tar: ../../../../../usr/local/lib/android/sdk/platforms/android-34/data/res/values-mcc311-mnc180-tr: Cannot change mode to rwxr-xr-x: Operation not permitted
build	Cache Android SDK	2026-06-06T12:22:57.9470158Z /usr/bin/tar: ../../../../../usr/local/lib/android/sdk/platforms/android-34/data/res/values-mcc310-mnc030-vi: Cannot utime: Operation not permitted
build	Cache Android SDK	2026-06-06T12:22:57.9471077Z /usr/bin/tar: ../../../../../usr/local/lib/android/sdk/platforms/android-34/data/res/values-mcc310-mnc030-vi: Cannot change mode to rwxr-xr-x: Operation not permitted
build	Cache Android SDK	2026-06-06T12:22:57.9473972Z /usr/bin/tar: ../../../../../usr/local/lib/android/sdk/platforms/android-34/data/res/values-mcc310-mnc280-sw: Cannot utime: Operation not permitted
build	Cache Android SDK	2026-06-06T12:22:57.9474940Z /usr/bin/tar: ../../../../../usr/local/lib/android/sdk/platforms/android-34/data/res/values-mcc310-mnc280-sw: Cannot change mode to rwxr-xr-x: Operation not permitted
build	Cache Android SDK	2026-06-06T12:22:57.9477205Z /usr/bin/tar: ../../../../../usr/local/lib/android/sdk/platforms/android-34/data/res/values-mcc302-mnc720-hr: Cannot utime: Operation not permitted
build	Cache Android SDK	2026-06-06T12:22:57.9478280Z /usr/bin/tar: ../../../../../usr/local/lib/android/sdk/platforms/android-34/data/res/values-mcc302-mnc720-hr: Cannot change mode to rwxr-xr-x: Operation not permitted
build	Cache Android SDK	2026-06-06T12:22:57.9480421Z /usr/bin/tar: ../../../../../usr/local/lib/android/sdk/platforms/android-34/data/res/values-mcc310-mnc170-fi: Cannot utime: Operation not permitted
build	Cache Android SDK	2026-06-06T12:22:57.9481336Z /usr/bin/tar: ../../../../../usr/local/lib/android/sdk/platforms/android-34/data/res/values-mcc310-mnc170-fi: Cannot change mode to rwxr-xr-x: Operation not permitted
build	Cache Android SDK	2026-06-06T12:22:57.9483983Z /usr/bin/tar: ../../../../../usr/local/lib/android/sdk/platforms/android-34/data/res/values-mcc312-mnc670-es-rUS: Cannot utime: Operation not permitted
build	Cache Android SDK	2026-06-06T12:22:57.9485149Z /usr/bin/tar: ../../../../../usr/local/lib/android/sdk/platforms/android-34/data/res/values-mcc312-mnc670-es-rUS: Cannot change mode to rwxr-xr-x: Operation not permitted
build	Cache Android SDK	2026-06-06T12:22:57.9486622Z /usr/bin/tar: ../../../../../usr/local/lib/android/sdk/platforms/android-34/data/res/values-w198dp: Cannot utime: Operation not permitted
build	Cache Android SDK	2026-06-06T12:22:57.9487756Z /usr/bin/tar: ../../../../../usr/local/lib/android/sdk/platforms/android-34/data/res/values-w198dp: Cannot change mode to rwxr-xr-x: Operation not permitted
build	Cache Android SDK	2026-06-06T12:22:57.9490074Z /usr/bin/tar: ../../../../../usr/local/lib/android/sdk/platforms/android-34/data/res/values-mcc310-mnc280-ne: Cannot utime: Operation not permitted
build	Cache Android SDK	2026-06-06T12:22:57.9491012Z /usr/bin/tar: ../../../../../usr/local/lib/android/sdk/platforms/android-34/data/res/values-mcc310-mnc280-ne: Cannot change mode to rwxr-xr-x: Operation not permitted
build	Cache Android SDK	2026-06-06T12:22:57.9493275Z /usr/bin/tar: ../../../../../usr/local/lib/android/sdk/platforms/android-34/data/res/values-bs-watch: Cannot utime: Operation not permitted
build	Cache Android SDK	2026-06-06T12:22:57.9494231Z /usr/bin/tar: ../../../../../usr/local/lib/android/sdk/platforms/android-34/data/res/values-bs-watch: Cannot change mode to rwxr-xr-x: Operation not permitted
build	Cache Android SDK	2026-06-06T12:22:57.9496723Z /usr/bin/tar: ../../../../../usr/local/lib/android/sdk/platforms/android-34/data/res/values-mcc310-mnc160-ca: Cannot utime: Operation not permitted
build	Cache Android SDK	2026-06-06T12:22:57.9497817Z /usr/bin/tar: ../../../../../usr/local/lib/android/sdk/platforms/android-34/data/res/values-mcc310-mnc160-ca: Cannot change mode to rwxr-xr-x: Operation not permitted
build	Cache Android SDK	2026-06-06T12:22:57.9500064Z /usr/bin/tar: ../../../../../usr/local/lib/android/sdk/platforms/android-34/data/res/values-mcc310-mnc150-hu: Cannot utime: Operation not permitted
build	Cache Android SDK	2026-06-06T12:22:57.9501214Z /usr/bin/tar: ../../../../../usr/local/lib/android/sdk/platforms/android-34/data/res/values-mcc310-mnc150-hu: Cannot change mode to rwxr-xr-x: Operation not permitted
build	Cache Android SDK	2026-06-06T12:22:57.9505590Z /usr/bin/tar: ../../../../../usr/local/lib/android/sdk/platforms/android-34/data/res/transition: Cannot utime: Operation not permitted
build	Cache Android SDK	2026-06-06T12:22:57.9506541Z /usr/bin/tar: ../../../../../usr/local/lib/android/sdk/platforms/android-34/data/res/transition: Cannot change mode to rwxr-xr-x: Operation not permitted
build	Cache Android SDK	2026-06-06T12:22:57.9509190Z /usr/bin/tar: ../../../../../usr/local/lib/android/sdk/platforms/android-34/data/res/values-mcc310-mnc230-ko: Cannot utime: Operation not permitted
build	Cache Android SDK	2026-06-06T12:22:57.9510105Z /usr/bin/tar: ../../../../../usr/local/lib/android/sdk/platforms/android-34/data/res/values-mcc310-mnc230-ko: Cannot change mode to rwxr-xr-x: Operation not permitted
build	Cache Android SDK	2026-06-06T12:22:57.9512228Z /usr/bin/tar: ../../../../../usr/local/lib/android/sdk/platforms/android-34/data/res/values-mcc310-mnc270-am: Cannot utime: Operation not permitted
build	Cache Android SDK	2026-06-06T12:22:57.9513150Z /usr/bin/tar: ../../../../../usr/local/lib/android/sdk/platforms/android-34/data/res/values-mcc310-mnc270-am: Cannot change mode to rwxr-xr-x: Operation not permitted
build	Cache Android SDK	2026-06-06T12:22:57.9515446Z /usr/bin/tar: ../../../../../usr/local/lib/android/sdk/platforms/android-34/data/res/values-mcc312-mnc670-uk: Cannot utime: Operation not permitted
build	Cache Android SDK	2026-06-06T12:22:57.9516361Z /usr/bin/tar: ../../../../../usr/local/lib/android/sdk/platforms/android-34/data/res/values-mcc312-mnc670-uk: Cannot change mode to rwxr-xr-x: Operation not permitted
build	Cache Android SDK	2026-06-06T12:22:57.9518640Z /usr/bin/tar: ../../../../../usr/local/lib/android/sdk/platforms/android-34/data/res/values-mcc310-mnc210-zh-rCN: Cannot utime: Operation not permitted
build	Cache Android SDK	2026-06-06T12:22:57.9519602Z /usr/bin/tar: ../../../../../usr/local/lib/android/sdk/platforms/android-34/data/res/values-mcc310-mnc210-zh-rCN: Cannot change mode to rwxr-xr-x: Operation not permitted
build	Cache Android SDK	2026-06-06T12:22:57.9521695Z /usr/bin/tar: ../../../../../usr/local/lib/android/sdk/platforms/android-34/data/res/values-mcc302-mnc660: Cannot utime: Operation not permitted
build	Cache Android SDK	2026-06-06T12:22:57.9522604Z /usr/bin/tar: ../../../../../usr/local/lib/android/sdk/platforms/android-34/data/res/values-mcc302-mnc660: Cannot change mode to rwxr-xr-x: Operation not permitted
build	Cache Android SDK	2026-06-06T12:22:57.9524616Z /usr/bin/tar: ../../../../../usr/local/lib/android/sdk/platforms/android-34/data/res/values-mcc310-mnc950-gl: Cannot utime: Operation not permitted
build	Cache Android SDK	2026-06-06T12:22:57.9525540Z /usr/bin/tar: ../../../../../usr/local/lib/android/sdk/platforms/android-34/data/res/values-mcc310-mnc950-gl: Cannot change mode to rwxr-xr-x: Operation not permitted
build	Cache Android SDK	2026-06-06T12:22:57.9528422Z /usr/bin/tar: ../../../../../usr/local/lib/android/sdk/platforms/android-34/data/res/values-mcc302-mnc720-is: Cannot utime: Operation not permitted
build	Cache Android SDK	2026-06-06T12:22:57.9529336Z /usr/bin/tar: ../../../../../usr/local/lib/android/sdk/platforms/android-34/data/res/values-mcc302-mnc720-is: Cannot change mode to rwxr-xr-x: Operation not permitted
build	Cache Android SDK	2026-06-06T12:22:57.9531685Z /usr/bin/tar: ../../../../../usr/local/lib/android/sdk/platforms/android-34/data/res/values-mcc310-mnc240-ms: Cannot utime: Operation not permitted
build	Cache Android SDK	2026-06-06T12:22:57.9532669Z /usr/bin/tar: ../../../../../usr/local/lib/android/sdk/platforms/android-34/data/res/values-mcc310-mnc240-ms: Cannot change mode to rwxr-xr-x: Operation not permitted
build	Cache Android SDK	2026-06-06T12:22:57.9539240Z /usr/bin/tar: ../../../../../usr/local/lib/android/sdk/platforms/android-34/data/res/values-sk: Cannot utime: Operation not permitted
build	Cache Android SDK	2026-06-06T12:22:57.9540089Z /usr/bin/tar: ../../../../../usr/local/lib/android/sdk/platforms/android-34/data/res/values-sk: Cannot change mode to rwxr-xr-x: Operation not permitted
build	Cache Android SDK	2026-06-06T12:22:57.9542515Z /usr/bin/tar: ../../../../../usr/local/lib/android/sdk/platforms/android-34/data/res/values-mcc310-mnc160-eu: Cannot utime: Operation not permitted
build	Cache Android SDK	2026-06-06T12:22:57.9543445Z /usr/bin/tar: ../../../../../usr/local/lib/android/sdk/platforms/android-34/data/res/values-mcc310-mnc160-eu: Cannot change mode to rwxr-xr-x: Operation not permitted
build	Cache Android SDK	2026-06-06T12:22:57.9546319Z /usr/bin/tar: ../../../../../usr/local/lib/android/sdk/platforms/android-34/data/res/values-mcc310-mnc660-es-rUS: Cannot utime: Operation not permitted
build	Cache Android SDK	2026-06-06T12:22:57.9547280Z /usr/bin/tar: ../../../../../usr/local/lib/android/sdk/platforms/android-34/data/res/values-mcc310-mnc660-es-rUS: Cannot change mode to rwxr-xr-x: Operation not permitted
build	Cache Android SDK	2026-06-06T12:22:57.9549574Z /usr/bin/tar: ../../../../../usr/local/lib/android/sdk/platforms/android-34/data/res/values-mcc310-mnc210-az: Cannot utime: Operation not permitted
build	Cache Android SDK	2026-06-06T12:22:57.9550494Z /usr/bin/tar: ../../../../../usr/local/lib/android/sdk/platforms/android-34/data/res/values-mcc310-mnc210-az: Cannot change mode to rwxr-xr-x: Operation not permitted
build	Cache Android SDK	2026-06-06T12:22:57.9552837Z /usr/bin/tar: ../../../../../usr/local/lib/android/sdk/platforms/android-34/data/res/values-mcc312-mnc670-el: Cannot utime: Operation not permitted
build	Cache Android SDK	2026-06-06T12:22:57.9553753Z /usr/bin/tar: ../../../../../usr/local/lib/android/sdk/platforms/android-34/data/res/values-mcc312-mnc670-el: Cannot change mode to rwxr-xr-x: Operation not permitted
build	Cache Android SDK	2026-06-06T12:22:57.9555800Z /usr/bin/tar: ../../../../../usr/local/lib/android/sdk/platforms/android-34/data/res/values-mcc310-mnc310-en-rIN: Cannot utime: Operation not permitted
build	Cache Android SDK	2026-06-06T12:22:57.9556742Z /usr/bin/tar: ../../../../../usr/local/lib/android/sdk/platforms/android-34/data/res/values-mcc310-mnc310-en-rIN: Cannot change mode to rwxr-xr-x: Operation not permitted
build	Cache Android SDK	2026-06-06T12:22:57.9559113Z /usr/bin/tar: ../../../../../usr/local/lib/android/sdk/platforms/android-34/data/res/values-mcc310-mnc380-am: Cannot utime: Operation not permitted
build	Cache Android SDK	2026-06-06T12:22:57.9560032Z /usr/bin/tar: ../../../../../usr/local/lib/android/sdk/platforms/android-34/data/res/values-mcc310-mnc380-am: Cannot change mode to rwxr-xr-x: Operation not permitted
build	Cache Android SDK	2026-06-06T12:22:57.9562789Z /usr/bin/tar: ../../../../../usr/local/lib/android/sdk/platforms/android-34/data/res/values-mcc310-mnc280-fr-rCA: Cannot utime: Operation not permitted
build	Cache Android SDK	2026-06-06T12:22:57.9563730Z /usr/bin/tar: ../../../../../usr/local/lib/android/sdk/platforms/android-34/data/res/values-mcc310-mnc280-fr-rCA: Cannot change mode to rwxr-xr-x: Operation not permitted
build	Cache Android SDK	2026-06-06T12:22:57.9566041Z /usr/bin/tar: ../../../../../usr/local/lib/android/sdk/platforms/android-34/data/res/values-mcc311-mnc180-es-rUS: Cannot utime: Operation not permitted
build	Cache Android SDK	2026-06-06T12:22:57.9566992Z /usr/bin/tar: ../../../../../usr/local/lib/android/sdk/platforms/android-34/data/res/values-mcc311-mnc180-es-rUS: Cannot change mode to rwxr-xr-x: Operation not permitted
build	Cache Android SDK	2026-06-06T12:22:57.9569413Z /usr/bin/tar: ../../../../../usr/local/lib/android/sdk/platforms/android-34/data/res/raw-rm: Cannot utime: Operation not permitted
build	Cache Android SDK	2026-06-06T12:22:57.9570218Z /usr/bin/tar: ../../../../../usr/local/lib/android/sdk/platforms/android-34/data/res/raw-rm: Cannot change mode to rwxr-xr-x: Operation not permitted
build	Cache Android SDK	2026-06-06T12:22:57.9572628Z /usr/bin/tar: ../../../../../usr/local/lib/android/sdk/platforms/android-34/data/res/values-mcc310-mnc310-bs: Cannot utime: Operation not permitted
build	Cache Android SDK	2026-06-06T12:22:57.9573598Z /usr/bin/tar: ../../../../../usr/local/lib/android/sdk/platforms/android-34/data/res/values-mcc310-mnc310-bs: Cannot change mode to rwxr-xr-x: Operation not permitted
build	Cache Android SDK	2026-06-06T12:22:57.9575680Z /usr/bin/tar: ../../../../../usr/local/lib/android/sdk/platforms/android-34/data/res/values-lt-watch: Cannot utime: Operation not permitted
build	Cache Android SDK	2026-06-06T12:22:57.9576553Z /usr/bin/tar: ../../../../../usr/local/lib/android/sdk/platforms/android-34/data/res/values-lt-watch: Cannot change mode to rwxr-xr-x: Operation not permitted
build	Cache Android SDK	2026-06-06T12:22:57.9578939Z /usr/bin/tar: ../../../../../usr/local/lib/android/sdk/platforms/android-34/data/res/values-mcc302-mnc720-de: Cannot utime: Operation not permitted
build	Cache Android SDK	2026-06-06T12:22:57.9579864Z /usr/bin/tar: ../../../../../usr/local/lib/android/sdk/platforms/android-34/data/res/values-mcc302-mnc720-de: Cannot change mode to rwxr-xr-x: Operation not permitted
build	Cache Android SDK	2026-06-06T12:22:57.9582274Z /usr/bin/tar: ../../../../../usr/local/lib/android/sdk/platforms/android-34/data/res/values-mcc310-mnc660-vi: Cannot utime: Operation not permitted
build	Cache Android SDK	2026-06-06T12:22:57.9582713Z /usr/bin/tar: ../../../../../usr/local/lib/android/sdk/platforms/android-34/data/res/values-mcc310-mnc660-vi: Cannot change mode to rwxr-xr-x: Operation not permitted
build	Cache Android SDK	2026-06-06T12:22:57.9584950Z /usr/bin/tar: ../../../../../usr/local/lib/android/sdk/platforms/android-34/data/res/values-mcc310-mnc950-lt: Cannot utime: Operation not permitted
build	Cache Android SDK	2026-06-06T12:22:57.9585399Z /usr/bin/tar: ../../../../../usr/local/lib/android/sdk/platforms/android-34/data/res/values-mcc310-mnc950-lt: Cannot change mode to rwxr-xr-x: Operation not permitted
build	Cache Android SDK	2026-06-06T12:22:57.9588129Z /usr/bin/tar: ../../../../../usr/local/lib/android/sdk/platforms/android-34/data/res/values-mcc310-mnc280-sr: Cannot utime: Operation not permitted
build	Cache Android SDK	2026-06-06T12:22:57.9588582Z /usr/bin/tar: ../../../../../usr/local/lib/android/sdk/platforms/android-34/data/res/values-mcc310-mnc280-sr: Cannot change mode to rwxr-xr-x: Operation not permitted
build	Cache Android SDK	2026-06-06T12:22:57.9591741Z /usr/bin/tar: ../../../../../usr/local/lib/android/sdk/platforms/android-34/data/res/mipmap-xxxhdpi: Cannot utime: Operation not permitted
build	Cache Android SDK	2026-06-06T12:22:57.9592160Z /usr/bin/tar: ../../../../../usr/local/lib/android/sdk/platforms/android-34/data/res/mipmap-xxxhdpi: Cannot change mode to rwxr-xr-x: Operation not permitted
build	Cache Android SDK	2026-06-06T12:22:57.9595150Z /usr/bin/tar: ../../../../../usr/local/lib/android/sdk/platforms/android-34/data/res/values-notround-watch: Cannot utime: Operation not permitted
build	Cache Android SDK	2026-06-06T12:22:57.9595601Z /usr/bin/tar: ../../../../../usr/local/lib/android/sdk/platforms/android-34/data/res/values-notround-watch: Cannot change mode to rwxr-xr-x: Operation not permitted
build	Cache Android SDK	2026-06-06T12:22:57.9598867Z /usr/bin/tar: ../../../../../usr/local/lib/android/sdk/platforms/android-34/data/res/values-mcc310-mnc660-bn: Cannot utime: Operation not permitted
build	Cache Android SDK	2026-06-06T12:22:57.9599388Z /usr/bin/tar: ../../../../../usr/local/lib/android/sdk/platforms/android-34/data/res/values-mcc310-mnc660-bn: Cannot change mode to rwxr-xr-x: Operation not permitted
build	Cache Android SDK	2026-06-06T12:22:57.9602008Z /usr/bin/tar: ../../../../../usr/local/lib/android/sdk/platforms/android-34/data/res/values-mcc313-mnc100-as: Cannot utime: Operation not permitted
build	Cache Android SDK	2026-06-06T12:22:57.9602467Z /usr/bin/tar: ../../../../../usr/local/lib/android/sdk/platforms/android-34/data/res/values-mcc313-mnc100-as: Cannot change mode to rwxr-xr-x: Operation not permitted
build	Cache Android SDK	2026-06-06T12:22:57.9605028Z /usr/bin/tar: ../../../../../usr/local/lib/android/sdk/platforms/android-34/data/res/values-mcc310-mnc170-pt-rBR: Cannot utime: Operation not permitted
build	Cache Android SDK	2026-06-06T12:22:57.9605511Z /usr/bin/tar: ../../../../../usr/local/lib/android/sdk/platforms/android-34/data/res/values-mcc310-mnc170-pt-rBR: Cannot change mode to rwxr-xr-x: Operation not permitted
build	Cache Android SDK	2026-06-06T12:22:57.9608059Z /usr/bin/tar: ../../../../../usr/local/lib/android/sdk/platforms/android-34/data/res/values-mcc310-mnc200-nb: Cannot utime: Operation not permitted
build	Cache Android SDK	2026-06-06T12:22:57.9608620Z /usr/bin/tar: ../../../../../usr/local/lib/android/sdk/platforms/android-34/data/res/values-mcc310-mnc200-nb: Cannot change mode to rwxr-xr-x: Operation not permitted
build	Cache Android SDK	2026-06-06T12:22:57.9610701Z /usr/bin/tar: ../../../../../usr/local/lib/android/sdk/platforms/android-34/data/res/values-mcc313-mnc100-nl: Cannot utime: Operation not permitted
build	Cache Android SDK	2026-06-06T12:22:57.9611154Z /usr/bin/tar: ../../../../../usr/local/lib/android/sdk/platforms/android-34/data/res/values-mcc313-mnc100-nl: Cannot change mode to rwxr-xr-x: Operation not permitted
build	Cache Android SDK	2026-06-06T12:22:57.9614121Z /usr/bin/tar: ../../../../../usr/local/lib/android/sdk/platforms/android-34/data/res/values-mcc310-mnc380-ka: Cannot utime: Operation not permitted
build	Cache Android SDK	2026-06-06T12:22:57.9614595Z /usr/bin/tar: ../../../../../usr/local/lib/android/sdk/platforms/android-34/data/res/values-mcc310-mnc380-ka: Cannot change mode to rwxr-xr-x: Operation not permitted
build	Cache Android SDK	2026-06-06T12:22:57.9617043Z /usr/bin/tar: ../../../../../usr/local/lib/android/sdk/platforms/android-34/data/res/values-mcc310-mnc240-nl: Cannot utime: Operation not permitted
build	Cache Android SDK	2026-06-06T12:22:57.9617718Z /usr/bin/tar: ../../../../../usr/local/lib/android/sdk/platforms/android-34/data/res/values-mcc310-mnc240-nl: Cannot change mode to rwxr-xr-x: Operation not permitted
build	Cache Android SDK	2026-06-06T12:22:57.9620687Z /usr/bin/tar: ../../../../../usr/local/lib/android/sdk/platforms/android-34/data/res/values-mcc001-mnc01-uk: Cannot utime: Operation not permitted
build	Cache Android SDK	2026-06-06T12:22:57.9621142Z /usr/bin/tar: ../../../../../usr/local/lib/android/sdk/platforms/android-34/data/res/values-mcc001-mnc01-uk: Cannot change mode to rwxr-xr-x: Operation not permitted
build	Cache Android SDK	2026-06-06T12:22:57.9623437Z /usr/bin/tar: ../../../../../usr/local/lib/android/sdk/platforms/android-34/data/res/values-bg-television: Cannot utime: Operation not permitted
build	Cache Android SDK	2026-06-06T12:22:57.9623907Z /usr/bin/tar: ../../../../../usr/local/lib/android/sdk/platforms/android-34/data/res/values-bg-television: Cannot change mode to rwxr-xr-x: Operation not permitted
build	Cache Android SDK	2026-06-06T12:22:57.9626671Z /usr/bin/tar: ../../../../../usr/local/lib/android/sdk/platforms/android-34/data/res/values-mcc310-mnc800-ur: Cannot utime: Operation not permitted
build	Cache Android SDK	2026-06-06T12:22:57.9627144Z /usr/bin/tar: ../../../../../usr/local/lib/android/sdk/platforms/android-34/data/res/values-mcc310-mnc800-ur: Cannot change mode to rwxr-xr-x: Operation not permitted
build	Cache Android SDK	2026-06-06T12:22:57.9629831Z /usr/bin/tar: ../../../../../usr/local/lib/android/sdk/platforms/android-34/data/res/values-mcc310-mnc410-hy: Cannot utime: Operation not permitted
build	Cache Android SDK	2026-06-06T12:22:57.9630288Z /usr/bin/tar: ../../../../../usr/local/lib/android/sdk/platforms/android-34/data/res/values-mcc310-mnc410-hy: Cannot change mode to rwxr-xr-x: Operation not permitted
build	Cache Android SDK	2026-06-06T12:22:57.9632995Z /usr/bin/tar: ../../../../../usr/local/lib/android/sdk/platforms/android-34/data/res/values-w213dp: Cannot utime: Operation not permitted
build	Cache Android SDK	2026-06-06T12:22:57.9633444Z /usr/bin/tar: ../../../../../usr/local/lib/android/sdk/platforms/android-34/data/res/values-w213dp: Cannot change mode to rwxr-xr-x: Operation not permitted
build	Cache Android SDK	2026-06-06T12:22:57.9636462Z /usr/bin/tar: ../../../../../usr/local/lib/android/sdk/platforms/android-34/data/res/values-mcc310-mnc410-es-rUS: Cannot utime: Operation not permitted
build	Cache Android SDK	2026-06-06T12:22:57.9636946Z /usr/bin/tar: ../../../../../usr/local/lib/android/sdk/platforms/android-34/data/res/values-mcc310-mnc410-es-rUS: Cannot change mode to rwxr-xr-x: Operation not permitted
build	Cache Android SDK	2026-06-06T12:22:57.9639541Z /usr/bin/tar: ../../../../../usr/local/lib/android/sdk/platforms/android-34/data/res/values-mcc310-mnc660-tl: Cannot utime: Operation not permitted
build	Cache Android SDK	2026-06-06T12:22:57.9639995Z /usr/bin/tar: ../../../../../usr/local/lib/android/sdk/platforms/android-34/data/res/values-mcc310-mnc660-tl: Cannot change mode to rwxr-xr-x: Operation not permitted
build	Cache Android SDK	2026-06-06T12:22:57.9642845Z /usr/bin/tar: ../../../../../usr/local/lib/android/sdk/platforms/android-34/data/res/values-mcc310-mnc280-bn: Cannot utime: Operation not permitted
build	Cache Android SDK	2026-06-06T12:22:57.9643386Z /usr/bin/tar: ../../../../../usr/local/lib/android/sdk/platforms/android-34/data/res/values-mcc310-mnc280-bn: Cannot change mode to rwxr-xr-x: Operation not permitted
build	Cache Android SDK	2026-06-06T12:22:57.9646037Z /usr/bin/tar: ../../../../../usr/local/lib/android/sdk/platforms/android-34/data/res/values-mcc313-mnc100-b+sr+Latn: Cannot utime: Operation not permitted
build	Cache Android SDK	2026-06-06T12:22:57.9646610Z /usr/bin/tar: ../../../../../usr/local/lib/android/sdk/platforms/android-34/data/res/values-mcc313-mnc100-b+sr+Latn: Cannot change mode to rwxr-xr-x: Operation not permitted
build	Cache Android SDK	2026-06-06T12:22:57.9649353Z /usr/bin/tar: ../../../../../usr/local/lib/android/sdk/platforms/android-34/data/res/values-mcc466-mnc01: Cannot utime: Operation not permitted
build	Cache Android SDK	2026-06-06T12:22:57.9649808Z /usr/bin/tar: ../../../../../usr/local/lib/android/sdk/platforms/android-34/data/res/values-mcc466-mnc01: Cannot change mode to rwxr-xr-x: Operation not permitted
build	Cache Android SDK	2026-06-06T12:22:57.9652244Z /usr/bin/tar: ../../../../../usr/local/lib/android/sdk/platforms/android-34/data/res/raw-th: Cannot utime: Operation not permitted
build	Cache Android SDK	2026-06-06T12:22:57.9652649Z /usr/bin/tar: ../../../../../usr/local/lib/android/sdk/platforms/android-34/data/res/raw-th: Cannot change mode to rwxr-xr-x: Operation not permitted
build	Cache Android SDK	2026-06-06T12:22:57.9655239Z /usr/bin/tar: ../../../../../usr/local/lib/android/sdk/platforms/android-34/data/res/values-mcc302-mnc720-in: Cannot utime: Operation not permitted
build	Cache Android SDK	2026-06-06T12:22:57.9655702Z /usr/bin/tar: ../../../../../usr/local/lib/android/sdk/platforms/android-34/data/res/values-mcc302-mnc720-in: Cannot change mode to rwxr-xr-x: Operation not permitted
build	Cache Android SDK	2026-06-06T12:22:57.9658180Z /usr/bin/tar: ../../../../../usr/local/lib/android/sdk/platforms/android-34/data/res/values-mcc310-mnc210-gl: Cannot utime: Operation not permitted
build	Cache Android SDK	2026-06-06T12:22:57.9658652Z /usr/bin/tar: ../../../../../usr/local/lib/android/sdk/platforms/android-34/data/res/values-mcc310-mnc210-gl: Cannot change mode to rwxr-xr-x: Operation not permitted
build	Cache Android SDK	2026-06-06T12:22:57.9661300Z /usr/bin/tar: ../../../../../usr/local/lib/android/sdk/platforms/android-34/data/res/values-fr-rCH: Cannot utime: Operation not permitted
build	Cache Android SDK	2026-06-06T12:22:57.9661736Z /usr/bin/tar: ../../../../../usr/local/lib/android/sdk/platforms/android-34/data/res/values-fr-rCH: Cannot change mode to rwxr-xr-x: Operation not permitted
build	Cache Android SDK	2026-06-06T12:22:57.9664419Z /usr/bin/tar: ../../../../../usr/local/lib/android/sdk/platforms/android-34/data/res/values-hr-television: Cannot utime: Operation not permitted
build	Cache Android SDK	2026-06-06T12:22:57.9664884Z /usr/bin/tar: ../../../../../usr/local/lib/android/sdk/platforms/android-34/data/res/values-hr-television: Cannot change mode to rwxr-xr-x: Operation not permitted
build	Cache Android SDK	2026-06-06T12:22:57.9667959Z /usr/bin/tar: ../../../../../usr/local/lib/android/sdk/platforms/android-34/data/res/values-mcc313-mnc100-fr: Cannot utime: Operation not permitted
build	Cache Android SDK	2026-06-06T12:22:57.9668432Z /usr/bin/tar: ../../../../../usr/local/lib/android/sdk/platforms/android-34/data/res/values-mcc313-mnc100-fr: Cannot change mode to rwxr-xr-x: Operation not permitted
build	Cache Android SDK	2026-06-06T12:22:57.9671838Z /usr/bin/tar: ../../../../../usr/local/lib/android/sdk/platforms/android-34/data/res/values-km-television: Cannot utime: Operation not permitted
build	Cache Android SDK	2026-06-06T12:22:57.9672353Z /usr/bin/tar: ../../../../../usr/local/lib/android/sdk/platforms/android-34/data/res/values-km-television: Cannot change mode to rwxr-xr-x: Operation not permitted
build	Cache Android SDK	2026-06-06T12:22:57.9674861Z /usr/bin/tar: ../../../../../usr/local/lib/android/sdk/platforms/android-34/data/res/values-mcc310-mnc410-ar: Cannot utime: Operation not permitted
build	Cache Android SDK	2026-06-06T12:22:57.9675315Z /usr/bin/tar: ../../../../../usr/local/lib/android/sdk/platforms/android-34/data/res/values-mcc310-mnc410-ar: Cannot change mode to rwxr-xr-x: Operation not permitted
build	Cache Android SDK	2026-06-06T12:22:57.9677757Z /usr/bin/tar: ../../../../../usr/local/lib/android/sdk/platforms/android-34/data/res/values-mcc310-mnc660-fr: Cannot utime: Operation not permitted
build	Cache Android SDK	2026-06-06T12:22:57.9678300Z /usr/bin/tar: ../../../../../usr/local/lib/android/sdk/platforms/android-34/data/res/values-mcc310-mnc660-fr: Cannot change mode to rwxr-xr-x: Operation not permitted
build	Cache Android SDK	2026-06-06T12:22:57.9680651Z /usr/bin/tar: ../../../../../usr/local/lib/android/sdk/platforms/android-34/data/res/values-mcc310-mnc160-es-rUS: Cannot utime: Operation not permitted
build	Cache Android SDK	2026-06-06T12:22:57.9681119Z /usr/bin/tar: ../../../../../usr/local/lib/android/sdk/platforms/android-34/data/res/values-mcc310-mnc160-es-rUS: Cannot change mode to rwxr-xr-x: Operation not permitted
build	Cache Android SDK	2026-06-06T12:22:57.9683727Z /usr/bin/tar: ../../../../../usr/local/lib/android/sdk/platforms/android-34/data/res/values-mcc310-mnc200: Cannot utime: Operation not permitted
build	Cache Android SDK	2026-06-06T12:22:57.9684175Z /usr/bin/tar: ../../../../../usr/local/lib/android/sdk/platforms/android-34/data/res/values-mcc310-mnc200: Cannot change mode to rwxr-xr-x: Operation not permitted
build	Cache Android SDK	2026-06-06T12:22:57.9686751Z /usr/bin/tar: ../../../../../usr/local/lib/android/sdk/platforms/android-34/data/res/values-mcc310-mnc270-tl: Cannot utime: Operation not permitted
build	Cache Android SDK	2026-06-06T12:22:57.9687212Z /usr/bin/tar: ../../../../../usr/local/lib/android/sdk/platforms/android-34/data/res/values-mcc310-mnc270-tl: Cannot change mode to rwxr-xr-x: Operation not permitted
build	Cache Android SDK	2026-06-06T12:22:57.9692654Z /usr/bin/tar: ../../../../../usr/local/lib/android/sdk/platforms/android-34/data/res/values-mcc310-mnc950-sk: Cannot utime: Operation not permitted
build	Cache Android SDK	2026-06-06T12:22:57.9693121Z /usr/bin/tar: ../../../../../usr/local/lib/android/sdk/platforms/android-34/data/res/values-mcc310-mnc950-sk: Cannot change mode to rwxr-xr-x: Operation not permitted
build	Cache Android SDK	2026-06-06T12:22:57.9695907Z /usr/bin/tar: ../../../../../usr/local/lib/android/sdk/platforms/android-34/data/res/values-mcc310-mnc240-ky: Cannot utime: Operation not permitted
build	Cache Android SDK	2026-06-06T12:22:57.9696388Z /usr/bin/tar: ../../../../../usr/local/lib/android/sdk/platforms/android-34/data/res/values-mcc310-mnc240-ky: Cannot change mode to rwxr-xr-x: Operation not permitted
build	Cache Android SDK	2026-06-06T12:22:57.9698963Z /usr/bin/tar: ../../../../../usr/local/lib/android/sdk/platforms/android-34/data/res/values-mcc310-mnc310-ky: Cannot utime: Operation not permitted
build	Cache Android SDK	2026-06-06T12:22:57.9699417Z /usr/bin/tar: ../../../../../usr/local/lib/android/sdk/platforms/android-34/data/res/values-mcc310-mnc310-ky: Cannot change mode to rwxr-xr-x: Operation not permitted
build	Cache Android SDK	2026-06-06T12:22:57.9702144Z /usr/bin/tar: ../../../../../usr/local/lib/android/sdk/platforms/android-34/data/res/values-mcc310-mnc250-hu: Cannot utime: Operation not permitted
build	Cache Android SDK	2026-06-06T12:22:57.9702608Z /usr/bin/tar: ../../../../../usr/local/lib/android/sdk/platforms/android-34/data/res/values-mcc310-mnc250-hu: Cannot change mode to rwxr-xr-x: Operation not permitted
build	Cache Android SDK	2026-06-06T12:22:57.9705214Z /usr/bin/tar: ../../../../../usr/local/lib/android/sdk/platforms/android-34/data/res/values-mcc311-mnc490: Cannot utime: Operation not permitted
build	Cache Android SDK	2026-06-06T12:22:57.9705682Z /usr/bin/tar: ../../../../../usr/local/lib/android/sdk/platforms/android-34/data/res/values-mcc311-mnc490: Cannot change mode to rwxr-xr-x: Operation not permitted
build	Cache Android SDK	2026-06-06T12:22:57.9708227Z /usr/bin/tar: ../../../../../usr/local/lib/android/sdk/platforms/android-34/data/res/values-mcc310-mnc220-zu: Cannot utime: Operation not permitted
build	Cache Android SDK	2026-06-06T12:22:57.9708683Z /usr/bin/tar: ../../../../../usr/local/lib/android/sdk/platforms/android-34/data/res/values-mcc310-mnc220-zu: Cannot change mode to rwxr-xr-x: Operation not permitted
build	Cache Android SDK	2026-06-06T12:22:57.9710747Z /usr/bin/tar: ../../../../../usr/local/lib/android/sdk/platforms/android-34/data/res/values-mcc310-mnc150-gl: Cannot utime: Operation not permitted
build	Cache Android SDK	2026-06-06T12:22:57.9711201Z /usr/bin/tar: ../../../../../usr/local/lib/android/sdk/platforms/android-34/data/res/values-mcc310-mnc150-gl: Cannot change mode to rwxr-xr-x: Operation not permitted
build	Cache Android SDK	2026-06-06T12:22:57.9713676Z /usr/bin/tar: ../../../../../usr/local/lib/android/sdk/platforms/android-34/data/res/values-mcc302-mnc220: Cannot utime: Operation not permitted
build	Cache Android SDK	2026-06-06T12:22:57.9714247Z /usr/bin/tar: ../../../../../usr/local/lib/android/sdk/platforms/android-34/data/res/values-mcc302-mnc220: Cannot change mode to rwxr-xr-x: Operation not permitted
build	Cache Android SDK	2026-06-06T12:22:57.9716519Z /usr/bin/tar: ../../../../../usr/local/lib/android/sdk/platforms/android-34/data/res/values-mcc310-mnc560-sv: Cannot utime: Operation not permitted
build	Cache Android SDK	2026-06-06T12:22:57.9716967Z /usr/bin/tar: ../../../../../usr/local/lib/android/sdk/platforms/android-34/data/res/values-mcc310-mnc560-sv: Cannot change mode to rwxr-xr-x: Operation not permitted
build	Cache Android SDK	2026-06-06T12:22:57.9720120Z /usr/bin/tar: ../../../../../usr/local/lib/android/sdk/platforms/android-34/data/res/values-mcc310-mnc560-hy: Cannot utime: Operation not permitted
build	Cache Android SDK	2026-06-06T12:22:57.9720584Z /usr/bin/tar: ../../../../../usr/local/lib/android/sdk/platforms/android-34/data/res/values-mcc310-mnc560-hy: Cannot change mode to rwxr-xr-x: Operation not permitted
build	Cache Android SDK	2026-06-06T12:22:57.9723391Z /usr/bin/tar: ../../../../../usr/local/lib/android/sdk/platforms/android-34/data/res/values-mcc310-mnc170-en-rGB: Cannot utime: Operation not permitted
build	Cache Android SDK	2026-06-06T12:22:57.9723870Z /usr/bin/tar: ../../../../../usr/local/lib/android/sdk/platforms/android-34/data/res/values-mcc310-mnc170-en-rGB: Cannot change mode to rwxr-xr-x: Operation not permitted
build	Cache Android SDK	2026-06-06T12:22:57.9758895Z /usr/bin/tar: ../../../../../usr/local/lib/android/sdk/platforms/android-34/data/res/drawable-sw720dp-nodpi: Cannot utime: Operation not permitted
build	Cache Android SDK	2026-06-06T12:22:57.9759377Z /usr/bin/tar: ../../../../../usr/local/lib/android/sdk/platforms/android-34/data/res/drawable-sw720dp-nodpi: Cannot change mode to rwxr-xr-x: Operation not permitted
build	Cache Android SDK	2026-06-06T12:22:57.9761694Z /usr/bin/tar: ../../../../../usr/local/lib/android/sdk/platforms/android-34/data/res/values-mcc310-mnc410-ru: Cannot utime: Operation not permitted
build	Cache Android SDK	2026-06-06T12:22:57.9762162Z /usr/bin/tar: ../../../../../usr/local/lib/android/sdk/platforms/android-34/data/res/values-mcc310-mnc410-ru: Cannot change mode to rwxr-xr-x: Operation not permitted
build	Cache Android SDK	2026-06-06T12:22:57.9764752Z /usr/bin/tar: ../../../../../usr/local/lib/android/sdk/platforms/android-34/data/res/values-mcc310-mnc380-ko: Cannot utime: Operation not permitted
build	Cache Android SDK	2026-06-06T12:22:57.9765220Z /usr/bin/tar: ../../../../../usr/local/lib/android/sdk/platforms/android-34/data/res/values-mcc310-mnc380-ko: Cannot change mode to rwxr-xr-x: Operation not permitted
build	Cache Android SDK	2026-06-06T12:22:57.9767752Z /usr/bin/tar: ../../../../../usr/local/lib/android/sdk/platforms/android-34/data/res/values-mcc302-mnc720-fr: Cannot utime: Operation not permitted
build	Cache Android SDK	2026-06-06T12:22:57.9768205Z /usr/bin/tar: ../../../../../usr/local/lib/android/sdk/platforms/android-34/data/res/values-mcc302-mnc720-fr: Cannot change mode to rwxr-xr-x: Operation not permitted
build	Cache Android SDK	2026-06-06T12:22:57.9781876Z /usr/bin/tar: ../../../../../usr/local/lib/android/sdk/platforms/android-34/data/res/drawable-land-hdpi: Cannot utime: Operation not permitted
build	Cache Android SDK	2026-06-06T12:22:57.9782346Z /usr/bin/tar: ../../../../../usr/local/lib/android/sdk/platforms/android-34/data/res/drawable-land-hdpi: Cannot change mode to rwxr-xr-x: Operation not permitted
build	Cache Android SDK	2026-06-06T12:22:57.9784929Z /usr/bin/tar: ../../../../../usr/local/lib/android/sdk/platforms/android-34/data/res/values-mcc310-mnc660-it: Cannot utime: Operation not permitted
build	Cache Android SDK	2026-06-06T12:22:57.9785383Z /usr/bin/tar: ../../../../../usr/local/lib/android/sdk/platforms/android-34/data/res/values-mcc310-mnc660-it: Cannot change mode to rwxr-xr-x: Operation not permitted
build	Cache Android SDK	2026-06-06T12:22:57.9788185Z /usr/bin/tar: ../../../../../usr/local/lib/android/sdk/platforms/android-34/data/res/values-mcc310-mnc250-ru: Cannot utime: Operation not permitted
build	Cache Android SDK	2026-06-06T12:22:57.9788669Z /usr/bin/tar: ../../../../../usr/local/lib/android/sdk/platforms/android-34/data/res/values-mcc310-mnc250-ru: Cannot change mode to rwxr-xr-x: Operation not permitted
build	Cache Android SDK	2026-06-06T12:22:57.9792522Z /usr/bin/tar: ../../../../../usr/local/lib/android/sdk/platforms/android-34/data/res/values-et-television: Cannot utime: Operation not permitted
build	Cache Android SDK	2026-06-06T12:22:57.9793075Z /usr/bin/tar: ../../../../../usr/local/lib/android/sdk/platforms/android-34/data/res/values-et-television: Cannot change mode to rwxr-xr-x: Operation not permitted
build	Cache Android SDK	2026-06-06T12:22:57.9795866Z /usr/bin/tar: ../../../../../usr/local/lib/android/sdk/platforms/android-34/data/res/values-mcc310-mnc280-si: Cannot utime: Operation not permitted
build	Cache Android SDK	2026-06-06T12:22:57.9796314Z /usr/bin/tar: ../../../../../usr/local/lib/android/sdk/platforms/android-34/data/res/values-mcc310-mnc280-si: Cannot change mode to rwxr-xr-x: Operation not permitted
build	Cache Android SDK	2026-06-06T12:22:57.9799232Z /usr/bin/tar: ../../../../../usr/local/lib/android/sdk/platforms/android-34/data/res/values-mcc311-mnc180-nl: Cannot utime: Operation not permitted
build	Cache Android SDK	2026-06-06T12:22:57.9799678Z /usr/bin/tar: ../../../../../usr/local/lib/android/sdk/platforms/android-34/data/res/values-mcc311-mnc180-nl: Cannot change mode to rwxr-xr-x: Operation not permitted
build	Cache Android SDK	2026-06-06T12:22:57.9805992Z /usr/bin/tar: ../../../../../usr/local/lib/android/sdk/platforms/android-34/data/res/drawable-sw600dp-hdpi: Cannot utime: Operation not permitted
build	Cache Android SDK	2026-06-06T12:22:57.9806524Z /usr/bin/tar: ../../../../../usr/local/lib/android/sdk/platforms/android-34/data/res/drawable-sw600dp-hdpi: Cannot change mode to rwxr-xr-x: Operation not permitted
build	Cache Android SDK	2026-06-06T12:22:57.9809609Z /usr/bin/tar: ../../../../../usr/local/lib/android/sdk/platforms/android-34/data/res/values-mcc302-mnc370-sr: Cannot utime: Operation not permitted
build	Cache Android SDK	2026-06-06T12:22:57.9810118Z /usr/bin/tar: ../../../../../usr/local/lib/android/sdk/platforms/android-34/data/res/values-mcc302-mnc370-sr: Cannot change mode to rwxr-xr-x: Operation not permitted
build	Cache Android SDK	2026-06-06T12:22:57.9812560Z /usr/bin/tar: ../../../../../usr/local/lib/android/sdk/platforms/android-34/data/res/values-mcc310-mnc310-is: Cannot utime: Operation not permitted
build	Cache Android SDK	2026-06-06T12:22:57.9813030Z /usr/bin/tar: ../../../../../usr/local/lib/android/sdk/platforms/android-34/data/res/values-mcc310-mnc310-is: Cannot change mode to rwxr-xr-x: Operation not permitted
build	Cache Android SDK	2026-06-06T12:22:57.9815567Z /usr/bin/tar: ../../../../../usr/local/lib/android/sdk/platforms/android-34/data/res/values-mcc310-mnc240-es-rUS: Cannot utime: Operation not permitted
build	Cache Android SDK	2026-06-06T12:22:57.9816064Z /usr/bin/tar: ../../../../../usr/local/lib/android/sdk/platforms/android-34/data/res/values-mcc310-mnc240-es-rUS: Cannot change mode to rwxr-xr-x: Operation not permitted
build	Cache Android SDK	2026-06-06T12:22:57.9819025Z /usr/bin/tar: ../../../../../usr/local/lib/android/sdk/platforms/android-34/data/res/values-mcc310-mnc170-gl: Cannot utime: Operation not permitted
build	Cache Android SDK	2026-06-06T12:22:57.9819485Z /usr/bin/tar: ../../../../../usr/local/lib/android/sdk/platforms/android-34/data/res/values-mcc310-mnc170-gl: Cannot change mode to rwxr-xr-x: Operation not permitted
build	Cache Android SDK	2026-06-06T12:22:57.9821637Z /usr/bin/tar: ../../../../../usr/local/lib/android/sdk/platforms/android-34/data/res/values-mcc310-mnc270-uk: Cannot utime: Operation not permitted
build	Cache Android SDK	2026-06-06T12:22:57.9822112Z /usr/bin/tar: ../../../../../usr/local/lib/android/sdk/platforms/android-34/data/res/values-mcc310-mnc270-uk: Cannot change mode to rwxr-xr-x: Operation not permitted
build	Cache Android SDK	2026-06-06T12:22:57.9824851Z /usr/bin/tar: ../../../../../usr/local/lib/android/sdk/platforms/android-34/data/res/values-mcc310-mnc800-fi: Cannot utime: Operation not permitted
build	Cache Android SDK	2026-06-06T12:22:57.9825313Z /usr/bin/tar: ../../../../../usr/local/lib/android/sdk/platforms/android-34/data/res/values-mcc310-mnc800-fi: Cannot change mode to rwxr-xr-x: Operation not permitted
build	Cache Android SDK	2026-06-06T12:22:57.9828539Z /usr/bin/tar: ../../../../../usr/local/lib/android/sdk/platforms/android-34/data/res/values-mcc450: Cannot utime: Operation not permitted
build	Cache Android SDK	2026-06-06T12:22:57.9828972Z /usr/bin/tar: ../../../../../usr/local/lib/android/sdk/platforms/android-34/data/res/values-mcc450: Cannot change mode to rwxr-xr-x: Operation not permitted
build	Cache Android SDK	2026-06-06T12:22:57.9831701Z /usr/bin/tar: ../../../../../usr/local/lib/android/sdk/platforms/android-34/data/res/values-or-television: Cannot utime: Operation not permitted
build	Cache Android SDK	2026-06-06T12:22:57.9832293Z /usr/bin/tar: ../../../../../usr/local/lib/android/sdk/platforms/android-34/data/res/values-or-television: Cannot change mode to rwxr-xr-x: Operation not permitted
build	Cache Android SDK	2026-06-06T12:22:57.9835440Z /usr/bin/tar: ../../../../../usr/local/lib/android/sdk/platforms/android-34/data/res/values-es-rES: Cannot utime: Operation not permitted
build	Cache Android SDK	2026-06-06T12:22:57.9835887Z /usr/bin/tar: ../../../../../usr/local/lib/android/sdk/platforms/android-34/data/res/values-es-rES: Cannot change mode to rwxr-xr-x: Operation not permitted
build	Cache Android SDK	2026-06-06T12:22:57.9839864Z /usr/bin/tar: ../../../../../usr/local/lib/android/sdk/platforms/android-34/data/res/values-mcc302-mnc370-nl: Cannot utime: Operation not permitted
build	Cache Android SDK	2026-06-06T12:22:57.9840315Z /usr/bin/tar: ../../../../../usr/local/lib/android/sdk/platforms/android-34/data/res/values-mcc302-mnc370-nl: Cannot change mode to rwxr-xr-x: Operation not permitted
build	Cache Android SDK	2026-06-06T12:22:57.9843332Z /usr/bin/tar: ../../../../../usr/local/lib/android/sdk/platforms/android-34/data/res/values-mcc310-mnc950-fr-rCA: Cannot utime: Operation not permitted
build	Cache Android SDK	2026-06-06T12:22:57.9844270Z /usr/bin/tar: ../../../../../usr/local/lib/android/sdk/platforms/android-34/data/res/values-mcc310-mnc950-fr-rCA: Cannot change mode to rwxr-xr-x: Operation not permitted
build	Cache Android SDK	2026-06-06T12:22:57.9847527Z /usr/bin/tar: ../../../../../usr/local/lib/android/sdk/platforms/android-34/data/res/values-mcc310-mnc210-ca: Cannot utime: Operation not permitted
build	Cache Android SDK	2026-06-06T12:22:57.9848019Z /usr/bin/tar: ../../../../../usr/local/lib/android/sdk/platforms/android-34/data/res/values-mcc310-mnc210-ca: Cannot change mode to rwxr-xr-x: Operation not permitted
build	Cache Android SDK	2026-06-06T12:22:57.9852011Z /usr/bin/tar: ../../../../../usr/local/lib/android/sdk/platforms/android-34/data/res/values-mcc310-mnc490-el: Cannot utime: Operation not permitted
build	Cache Android SDK	2026-06-06T12:22:57.9852493Z /usr/bin/tar: ../../../../../usr/local/lib/android/sdk/platforms/android-34/data/res/values-mcc310-mnc490-el: Cannot change mode to rwxr-xr-x: Operation not permitted
build	Cache Android SDK	2026-06-06T12:22:57.9855655Z /usr/bin/tar: ../../../../../usr/local/lib/android/sdk/platforms/android-34/data/res/values-mcc311-mnc180-uk: Cannot utime: Operation not permitted
build	Cache Android SDK	2026-06-06T12:22:57.9856199Z /usr/bin/tar: ../../../../../usr/local/lib/android/sdk/platforms/android-34/data/res/values-mcc311-mnc180-uk: Cannot change mode to rwxr-xr-x: Operation not permitted
build	Cache Android SDK	2026-06-06T12:22:57.9859008Z /usr/bin/tar: ../../../../../usr/local/lib/android/sdk/platforms/android-34/data/res/values-ms-watch: Cannot utime: Operation not permitted
build	Cache Android SDK	2026-06-06T12:22:57.9859496Z /usr/bin/tar: ../../../../../usr/local/lib/android/sdk/platforms/android-34/data/res/values-ms-watch: Cannot change mode to rwxr-xr-x: Operation not permitted
build	Cache Android SDK	2026-06-06T12:22:57.9861844Z /usr/bin/tar: ../../../../../usr/local/lib/android/sdk/platforms/android-34/data/res/values-mcc310-mnc220-mr: Cannot utime: Operation not permitted
build	Cache Android SDK	2026-06-06T12:22:57.9862319Z /usr/bin/tar: ../../../../../usr/local/lib/android/sdk/platforms/android-34/data/res/values-mcc310-mnc220-mr: Cannot change mode to rwxr-xr-x: Operation not permitted
build	Cache Android SDK	2026-06-06T12:22:57.9865213Z /usr/bin/tar: ../../../../../usr/local/lib/android/sdk/platforms/android-34/data/res/values-mcc310-mnc660-kn: Cannot utime: Operation not permitted
build	Cache Android SDK	2026-06-06T12:22:57.9865688Z /usr/bin/tar: ../../../../../usr/local/lib/android/sdk/platforms/android-34/data/res/values-mcc310-mnc660-kn: Cannot change mode to rwxr-xr-x: Operation not permitted
build	Cache Android SDK	2026-06-06T12:22:57.9868017Z /usr/bin/tar: ../../../../../usr/local/lib/android/sdk/platforms/android-34/data/res/values-mcc310-mnc210-b+sr+Latn: Cannot utime: Operation not permitted
build	Cache Android SDK	2026-06-06T12:22:57.9868587Z /usr/bin/tar: ../../../../../usr/local/lib/android/sdk/platforms/android-34/data/res/values-mcc310-mnc210-b+sr+Latn: Cannot change mode to rwxr-xr-x: Operation not permitted
build	Cache Android SDK	2026-06-06T12:22:57.9870612Z /usr/bin/tar: ../../../../../usr/local/lib/android/sdk/platforms/android-34/data/res/values-mcc310-mnc220-iw: Cannot utime: Operation not permitted
build	Cache Android SDK	2026-06-06T12:22:57.9871200Z /usr/bin/tar: ../../../../../usr/local/lib/android/sdk/platforms/android-34/data/res/values-mcc310-mnc220-iw: Cannot change mode to rwxr-xr-x: Operation not permitted
build	Cache Android SDK	2026-06-06T12:22:57.9873742Z /usr/bin/tar: ../../../../../usr/local/lib/android/sdk/platforms/android-34/data/res/values-mcc334-mnc020-uk: Cannot utime: Operation not permitted
build	Cache Android SDK	2026-06-06T12:22:57.9874215Z /usr/bin/tar: ../../../../../usr/local/lib/android/sdk/platforms/android-34/data/res/values-mcc334-mnc020-uk: Cannot change mode to rwxr-xr-x: Operation not permitted
build	Cache Android SDK	2026-06-06T12:22:57.9876611Z /usr/bin/tar: ../../../../../usr/local/lib/android/sdk/platforms/android-34/data/res/values-mcc313-mnc100-et: Cannot utime: Operation not permitted
build	Cache Android SDK	2026-06-06T12:22:57.9877063Z /usr/bin/tar: ../../../../../usr/local/lib/android/sdk/platforms/android-34/data/res/values-mcc313-mnc100-et: Cannot change mode to rwxr-xr-x: Operation not permitted
build	Cache Android SDK	2026-06-06T12:22:57.9879550Z /usr/bin/tar: ../../../../../usr/local/lib/android/sdk/platforms/android-34/data/res/values-nl-rBE: Cannot utime: Operation not permitted
build	Cache Android SDK	2026-06-06T12:22:57.9879991Z /usr/bin/tar: ../../../../../usr/local/lib/android/sdk/platforms/android-34/data/res/values-nl-rBE: Cannot change mode to rwxr-xr-x: Operation not permitted
build	Cache Android SDK	2026-06-06T12:22:57.9882359Z /usr/bin/tar: ../../../../../usr/local/lib/android/sdk/platforms/android-34/data/res/values-mcc310-mnc560-gu: Cannot utime: Operation not permitted
build	Cache Android SDK	2026-06-06T12:22:57.9882824Z /usr/bin/tar: ../../../../../usr/local/lib/android/sdk/platforms/android-34/data/res/values-mcc310-mnc560-gu: Cannot change mode to rwxr-xr-x: Operation not permitted
build	Cache Android SDK	2026-06-06T12:22:57.9885487Z /usr/bin/tar: ../../../../../usr/local/lib/android/sdk/platforms/android-34/data/res/values-mcc310-mnc800-lv: Cannot utime: Operation not permitted
build	Cache Android SDK	2026-06-06T12:22:57.9885946Z /usr/bin/tar: ../../../../../usr/local/lib/android/sdk/platforms/android-34/data/res/values-mcc310-mnc800-lv: Cannot change mode to rwxr-xr-x: Operation not permitted
build	Cache Android SDK	2026-06-06T12:22:57.9888315Z /usr/bin/tar: ../../../../../usr/local/lib/android/sdk/platforms/android-34/data/res/values-mcc302-mnc720-nb: Cannot utime: Operation not permitted
build	Cache Android SDK	2026-06-06T12:22:57.9888784Z /usr/bin/tar: ../../../../../usr/local/lib/android/sdk/platforms/android-34/data/res/values-mcc302-mnc720-nb: Cannot change mode to rwxr-xr-x: Operation not permitted
build	Cache Android SDK	2026-06-06T12:22:57.9892012Z /usr/bin/tar: ../../../../../usr/local/lib/android/sdk/platforms/android-34/data/res/values-mcc313-mnc100-ru: Cannot utime: Operation not permitted
build	Cache Android SDK	2026-06-06T12:22:57.9892464Z /usr/bin/tar: ../../../../../usr/local/lib/android/sdk/platforms/android-34/data/res/values-mcc313-mnc100-ru: Cannot change mode to rwxr-xr-x: Operation not permitted
build	Cache Android SDK	2026-06-06T12:22:57.9895003Z /usr/bin/tar: ../../../../../usr/local/lib/android/sdk/platforms/android-34/data/res/values-mcc310-mnc380-sk: Cannot utime: Operation not permitted
build	Cache Android SDK	2026-06-06T12:22:57.9895466Z /usr/bin/tar: ../../../../../usr/local/lib/android/sdk/platforms/android-34/data/res/values-mcc310-mnc380-sk: Cannot change mode to rwxr-xr-x: Operation not permitted
build	Cache Android SDK	2026-06-06T12:22:57.9899906Z /usr/bin/tar: ../../../../../usr/local/lib/android/sdk/platforms/android-34/data/res/xml-xlarge: Cannot utime: Operation not permitted
build	Cache Android SDK	2026-06-06T12:22:57.9900342Z /usr/bin/tar: ../../../../../usr/local/lib/android/sdk/platforms/android-34/data/res/xml-xlarge: Cannot change mode to rwxr-xr-x: Operation not permitted
build	Cache Android SDK	2026-06-06T12:22:57.9902736Z /usr/bin/tar: ../../../../../usr/local/lib/android/sdk/platforms/android-34/data/res/values-mcc310-mnc240-uk: Cannot utime: Operation not permitted
build	Cache Android SDK	2026-06-06T12:22:57.9903197Z /usr/bin/tar: ../../../../../usr/local/lib/android/sdk/platforms/android-34/data/res/values-mcc310-mnc240-uk: Cannot change mode to rwxr-xr-x: Operation not permitted
build	Cache Android SDK	2026-06-06T12:22:57.9905477Z /usr/bin/tar: ../../../../../usr/local/lib/android/sdk/platforms/android-34/data/res/values-sw372dp: Cannot utime: Operation not permitted
build	Cache Android SDK	2026-06-06T12:22:57.9906020Z /usr/bin/tar: ../../../../../usr/local/lib/android/sdk/platforms/android-34/data/res/values-sw372dp: Cannot change mode to rwxr-xr-x: Operation not permitted
build	Cache Android SDK	2026-06-06T12:22:57.9909135Z /usr/bin/tar: ../../../../../usr/local/lib/android/sdk/platforms/android-34/data/res/values-mcc310-mnc160-b+sr+Latn: Cannot utime: Operation not permitted
build	Cache Android SDK	2026-06-06T12:22:57.9909633Z /usr/bin/tar: ../../../../../usr/local/lib/android/sdk/platforms/android-34/data/res/values-mcc310-mnc160-b+sr+Latn: Cannot change mode to rwxr-xr-x: Operation not permitted
build	Cache Android SDK	2026-06-06T12:22:57.9911870Z /usr/bin/tar: ../../../../../usr/local/lib/android/sdk/platforms/android-34/data/res/values-mcc334-mnc020-az: Cannot utime: Operation not permitted
build	Cache Android SDK	2026-06-06T12:22:57.9912323Z /usr/bin/tar: ../../../../../usr/local/lib/android/sdk/platforms/android-34/data/res/values-mcc334-mnc020-az: Cannot change mode to rwxr-xr-x: Operation not permitted
build	Cache Android SDK	2026-06-06T12:22:57.9915210Z /usr/bin/tar: ../../../../../usr/local/lib/android/sdk/platforms/android-34/data/res/raw-ru: Cannot utime: Operation not permitted
build	Cache Android SDK	2026-06-06T12:22:57.9915627Z /usr/bin/tar: ../../../../../usr/local/lib/android/sdk/platforms/android-34/data/res/raw-ru: Cannot change mode to rwxr-xr-x: Operation not permitted
build	Cache Android SDK	2026-06-06T12:22:57.9923843Z /usr/bin/tar: ../../../../../usr/local/lib/android/sdk/platforms/android-34/data/res/values-mcc310-mnc280-en-rIN: Cannot utime: Operation not permitted
build	Cache Android SDK	2026-06-06T12:22:57.9925391Z /usr/bin/tar: ../../../../../usr/local/lib/android/sdk/platforms/android-34/data/res/values-mcc310-mnc280-en-rIN: Cannot change mode to rwxr-xr-x: Operation not permitted
build	Cache Android SDK	2026-06-06T12:22:57.9927340Z /usr/bin/tar: ../../../../../usr/local/lib/android/sdk/platforms/android-34/data/res/values-mcc310-mnc270-lv: Cannot utime: Operation not permitted
build	Cache Android SDK	2026-06-06T12:22:57.9927940Z /usr/bin/tar: ../../../../../usr/local/lib/android/sdk/platforms/android-34/data/res/values-mcc310-mnc270-lv: Cannot change mode to rwxr-xr-x: Operation not permitted
build	Cache Android SDK	2026-06-06T12:22:57.9930383Z /usr/bin/tar: ../../../../../usr/local/lib/android/sdk/platforms/android-34/data/res/values-mcc310-mnc380-hu: Cannot utime: Operation not permitted
build	Cache Android SDK	2026-06-06T12:22:57.9930842Z /usr/bin/tar: ../../../../../usr/local/lib/android/sdk/platforms/android-34/data/res/values-mcc310-mnc380-hu: Cannot change mode to rwxr-xr-x: Operation not permitted
build	Cache Android SDK	2026-06-06T12:22:57.9934535Z /usr/bin/tar: ../../../../../usr/local/lib/android/sdk/platforms/android-34/data/res/values-mcc310-mnc660-hr: Cannot utime: Operation not permitted
build	Cache Android SDK	2026-06-06T12:22:57.9934978Z /usr/bin/tar: ../../../../../usr/local/lib/android/sdk/platforms/android-34/data/res/values-mcc310-mnc660-hr: Cannot change mode to rwxr-xr-x: Operation not permitted
build	Cache Android SDK	2026-06-06T12:22:57.9937606Z /usr/bin/tar: ../../../../../usr/local/lib/android/sdk/platforms/android-34/data/res/values-mcc310-mnc200-da: Cannot utime: Operation not permitted
build	Cache Android SDK	2026-06-06T12:22:57.9938056Z /usr/bin/tar: ../../../../../usr/local/lib/android/sdk/platforms/android-34/data/res/values-mcc310-mnc200-da: Cannot change mode to rwxr-xr-x: Operation not permitted
build	Cache Android SDK	2026-06-06T12:22:57.9941913Z /usr/bin/tar: ../../../../../usr/local/lib/android/sdk/platforms/android-34/data/res/values-mcc310-mnc280-mk: Cannot utime: Operation not permitted
build	Cache Android SDK	2026-06-06T12:22:57.9942365Z /usr/bin/tar: ../../../../../usr/local/lib/android/sdk/platforms/android-34/data/res/values-mcc310-mnc280-mk: Cannot change mode to rwxr-xr-x: Operation not permitted
build	Cache Android SDK	2026-06-06T12:22:57.9944826Z /usr/bin/tar: ../../../../../usr/local/lib/android/sdk/platforms/android-34/data/res/values-az-watch: Cannot utime: Operation not permitted
build	Cache Android SDK	2026-06-06T12:22:57.9945388Z /usr/bin/tar: ../../../../../usr/local/lib/android/sdk/platforms/android-34/data/res/values-az-watch: Cannot change mode to rwxr-xr-x: Operation not permitted
build	Cache Android SDK	2026-06-06T12:22:57.9948773Z /usr/bin/tar: ../../../../../usr/local/lib/android/sdk/platforms/android-34/data/res/values-mcc310-mnc200-pt-rPT: Cannot utime: Operation not permitted
build	Cache Android SDK	2026-06-06T12:22:57.9949244Z /usr/bin/tar: ../../../../../usr/local/lib/android/sdk/platforms/android-34/data/res/values-mcc310-mnc200-pt-rPT: Cannot change mode to rwxr-xr-x: Operation not permitted
build	Cache Android SDK	2026-06-06T12:22:57.9951900Z /usr/bin/tar: ../../../../../usr/local/lib/android/sdk/platforms/android-34/data/res/values-mcc310-mnc800-uk: Cannot utime: Operation not permitted
build	Cache Android SDK	2026-06-06T12:22:57.9952345Z /usr/bin/tar: ../../../../../usr/local/lib/android/sdk/platforms/android-34/data/res/values-mcc310-mnc800-uk: Cannot change mode to rwxr-xr-x: Operation not permitted
build	Cache Android SDK	2026-06-06T12:22:57.9954845Z /usr/bin/tar: ../../../../../usr/local/lib/android/sdk/platforms/android-34/data/res/values-mcc310-mnc950-ur: Cannot utime: Operation not permitted
build	Cache Android SDK	2026-06-06T12:22:57.9955286Z /usr/bin/tar: ../../../../../usr/local/lib/android/sdk/platforms/android-34/data/res/values-mcc310-mnc950-ur: Cannot change mode to rwxr-xr-x: Operation not permitted
build	Cache Android SDK	2026-06-06T12:22:57.9961974Z /usr/bin/tar: ../../../../../usr/local/lib/android/sdk/platforms/android-34/data/res/values-bn: Cannot utime: Operation not permitted
build	Cache Android SDK	2026-06-06T12:22:57.9962838Z /usr/bin/tar: ../../../../../usr/local/lib/android/sdk/platforms/android-34/data/res/values-bn: Cannot change mode to rwxr-xr-x: Operation not permitted
build	Cache Android SDK	2026-06-06T12:22:57.9964959Z /usr/bin/tar: ../../../../../usr/local/lib/android/sdk/platforms/android-34/data/res/values-mcc302-mnc370: Cannot utime: Operation not permitted
build	Cache Android SDK	2026-06-06T12:22:57.9966029Z /usr/bin/tar: ../../../../../usr/local/lib/android/sdk/platforms/android-34/data/res/values-mcc302-mnc370: Cannot change mode to rwxr-xr-x: Operation not permitted
build	Cache Android SDK	2026-06-06T12:22:57.9970416Z /usr/bin/tar: ../../../../../usr/local/lib/android/sdk/platforms/android-34/data/res/values-mcc310-mnc560-sq: Cannot utime: Operation not permitted
build	Cache Android SDK	2026-06-06T12:22:57.9970913Z /usr/bin/tar: ../../../../../usr/local/lib/android/sdk/platforms/android-34/data/res/values-mcc310-mnc560-sq: Cannot change mode to rwxr-xr-x: Operation not permitted
build	Cache Android SDK	2026-06-06T12:22:57.9978363Z /usr/bin/tar: ../../../../../usr/local/lib/android/sdk/platforms/android-34/data/res/drawable-watch: Cannot utime: Operation not permitted
build	Cache Android SDK	2026-06-06T12:22:57.9978921Z /usr/bin/tar: ../../../../../usr/local/lib/android/sdk/platforms/android-34/data/res/drawable-watch: Cannot change mode to rwxr-xr-x: Operation not permitted
build	Cache Android SDK	2026-06-06T12:22:57.9981741Z /usr/bin/tar: ../../../../../usr/local/lib/android/sdk/platforms/android-34/data/res/values-mcc310-mnc150-as: Cannot utime: Operation not permitted
build	Cache Android SDK	2026-06-06T12:22:57.9982311Z /usr/bin/tar: ../../../../../usr/local/lib/android/sdk/platforms/android-34/data/res/values-mcc310-mnc150-as: Cannot change mode to rwxr-xr-x: Operation not permitted
build	Cache Android SDK	2026-06-06T12:22:57.9984875Z /usr/bin/tar: ../../../../../usr/local/lib/android/sdk/platforms/android-34/data/res/values-mcc310-mnc560-uk: Cannot utime: Operation not permitted
build	Cache Android SDK	2026-06-06T12:22:57.9985330Z /usr/bin/tar: ../../../../../usr/local/lib/android/sdk/platforms/android-34/data/res/values-mcc310-mnc560-uk: Cannot change mode to rwxr-xr-x: Operation not permitted
build	Cache Android SDK	2026-06-06T12:22:57.9987970Z /usr/bin/tar: ../../../../../usr/local/lib/android/sdk/platforms/android-34/data/res/values-mcc334-mnc020-hy: Cannot utime: Operation not permitted
build	Cache Android SDK	2026-06-06T12:22:57.9988428Z /usr/bin/tar: ../../../../../usr/local/lib/android/sdk/platforms/android-34/data/res/values-mcc334-mnc020-hy: Cannot change mode to rwxr-xr-x: Operation not permitted
build	Cache Android SDK	2026-06-06T12:22:57.9991351Z /usr/bin/tar: ../../../../../usr/local/lib/android/sdk/platforms/android-34/data/res/values-mcc310-mnc240-pa: Cannot utime: Operation not permitted
build	Cache Android SDK	2026-06-06T12:22:57.9991803Z /usr/bin/tar: ../../../../../usr/local/lib/android/sdk/platforms/android-34/data/res/values-mcc310-mnc240-pa: Cannot change mode to rwxr-xr-x: Operation not permitted
build	Cache Android SDK	2026-06-06T12:22:57.9994475Z /usr/bin/tar: ../../../../../usr/local/lib/android/sdk/platforms/android-34/data/res/values-mcc302-mnc370-ca: Cannot utime: Operation not permitted
build	Cache Android SDK	2026-06-06T12:22:57.9994941Z /usr/bin/tar: ../../../../../usr/local/lib/android/sdk/platforms/android-34/data/res/values-mcc302-mnc370-ca: Cannot change mode to rwxr-xr-x: Operation not permitted
build	Cache Android SDK	2026-06-06T12:22:57.9997522Z /usr/bin/tar: ../../../../../usr/local/lib/android/sdk/platforms/android-34/data/res/values-mcc310-mnc240-zh-rHK: Cannot utime: Operation not permitted
build	Cache Android SDK	2026-06-06T12:22:57.9998152Z /usr/bin/tar: ../../../../../usr/local/lib/android/sdk/platforms/android-34/data/res/values-mcc310-mnc240-zh-rHK: Cannot change mode to rwxr-xr-x: Operation not permitted
build	Cache Android SDK	2026-06-06T12:22:58.0000425Z /usr/bin/tar: ../../../../../usr/local/lib/android/sdk/platforms/android-34/data/res/values-mcc310-mnc950-lo: Cannot utime: Operation not permitted
build	Cache Android SDK	2026-06-06T12:22:58.0000887Z /usr/bin/tar: ../../../../../usr/local/lib/android/sdk/platforms/android-34/data/res/values-mcc310-mnc950-lo: Cannot change mode to rwxr-xr-x: Operation not permitted
build	Cache Android SDK	2026-06-06T12:22:58.0003365Z /usr/bin/tar: ../../../../../usr/local/lib/android/sdk/platforms/android-34/data/res/values-mcc310-mnc660-ta: Cannot utime: Operation not permitted
build	Cache Android SDK	2026-06-06T12:22:58.0003922Z /usr/bin/tar: ../../../../../usr/local/lib/android/sdk/platforms/android-34/data/res/values-mcc310-mnc660-ta: Cannot change mode to rwxr-xr-x: Operation not permitted
build	Cache Android SDK	2026-06-06T12:22:58.0006160Z /usr/bin/tar: ../../../../../usr/local/lib/android/sdk/platforms/android-34/data/res/values-mcc310-mnc270-ms: Cannot utime: Operation not permitted
build	Cache Android SDK	2026-06-06T12:22:58.0006693Z /usr/bin/tar: ../../../../../usr/local/lib/android/sdk/platforms/android-34/data/res/values-mcc310-mnc270-ms: Cannot change mode to rwxr-xr-x: Operation not permitted
build	Cache Android SDK	2026-06-06T12:22:58.0010327Z /usr/bin/tar: ../../../../../usr/local/lib/android/sdk/platforms/android-34/data/res/values-mcc310-mnc280-ca: Cannot utime: Operation not permitted
build	Cache Android SDK	2026-06-06T12:22:58.0010785Z /usr/bin/tar: ../../../../../usr/local/lib/android/sdk/platforms/android-34/data/res/values-mcc310-mnc280-ca: Cannot change mode to rwxr-xr-x: Operation not permitted
build	Cache Android SDK	2026-06-06T12:22:58.0013346Z /usr/bin/tar: ../../../../../usr/local/lib/android/sdk/platforms/android-34/data/res/values-mcc310-mnc280-az: Cannot utime: Operation not permitted
build	Cache Android SDK	2026-06-06T12:22:58.0013866Z /usr/bin/tar: ../../../../../usr/local/lib/android/sdk/platforms/android-34/data/res/values-mcc310-mnc280-az: Cannot change mode to rwxr-xr-x: Operation not permitted
build	Cache Android SDK	2026-06-06T12:22:58.0016223Z /usr/bin/tar: ../../../../../usr/local/lib/android/sdk/platforms/android-34/data/res/values-mcc310-mnc240-tr: Cannot utime: Operation not permitted
build	Cache Android SDK	2026-06-06T12:22:58.0016756Z /usr/bin/tar: ../../../../../usr/local/lib/android/sdk/platforms/android-34/data/res/values-mcc310-mnc240-tr: Cannot change mode to rwxr-xr-x: Operation not permitted
build	Cache Android SDK	2026-06-06T12:22:58.0019338Z /usr/bin/tar: ../../../../../usr/local/lib/android/sdk/platforms/android-34/data/res/values-mcc001-mnc01-sr: Cannot utime: Operation not permitted
build	Cache Android SDK	2026-06-06T12:22:58.0019822Z /usr/bin/tar: ../../../../../usr/local/lib/android/sdk/platforms/android-34/data/res/values-mcc001-mnc01-sr: Cannot change mode to rwxr-xr-x: Operation not permitted
build	Cache Android SDK	2026-06-06T12:22:58.0022480Z /usr/bin/tar: ../../../../../usr/local/lib/android/sdk/platforms/android-34/data/res/values-mcc312-mnc670-ja: Cannot utime: Operation not permitted
build	Cache Android SDK	2026-06-06T12:22:58.0022966Z /usr/bin/tar: ../../../../../usr/local/lib/android/sdk/platforms/android-34/data/res/values-mcc312-mnc670-ja: Cannot change mode to rwxr-xr-x: Operation not permitted
build	Cache Android SDK	2026-06-06T12:22:58.0025406Z /usr/bin/tar: ../../../../../usr/local/lib/android/sdk/platforms/android-34/data/res/values-mcc001-mnc01-gu: Cannot utime: Operation not permitted
build	Cache Android SDK	2026-06-06T12:22:58.0025883Z /usr/bin/tar: ../../../../../usr/local/lib/android/sdk/platforms/android-34/data/res/values-mcc001-mnc01-gu: Cannot change mode to rwxr-xr-x: Operation not permitted
build	Cache Android SDK	2026-06-06T12:22:58.0029120Z /usr/bin/tar: ../../../../../usr/local/lib/android/sdk/platforms/android-34/data/res/values-mcc334-mnc020-et: Cannot utime: Operation not permitted
build	Cache Android SDK	2026-06-06T12:22:58.0029578Z /usr/bin/tar: ../../../../../usr/local/lib/android/sdk/platforms/android-34/data/res/values-mcc334-mnc020-et: Cannot change mode to rwxr-xr-x: Operation not permitted
build	Cache Android SDK	2026-06-06T12:22:58.0031828Z /usr/bin/tar: ../../../../../usr/local/lib/android/sdk/platforms/android-34/data/res/values-mcc310-mnc560-am: Cannot utime: Operation not permitted
build	Cache Android SDK	2026-06-06T12:22:58.0032398Z /usr/bin/tar: ../../../../../usr/local/lib/android/sdk/platforms/android-34/data/res/values-mcc310-mnc560-am: Cannot change mode to rwxr-xr-x: Operation not permitted
build	Cache Android SDK	2026-06-06T12:22:58.0035374Z /usr/bin/tar: ../../../../../usr/local/lib/android/sdk/platforms/android-34/data/res/values-sw600dp-land: Cannot utime: Operation not permitted
build	Cache Android SDK	2026-06-06T12:22:58.0035872Z /usr/bin/tar: ../../../../../usr/local/lib/android/sdk/platforms/android-34/data/res/values-sw600dp-land: Cannot change mode to rwxr-xr-x: Operation not permitted
build	Cache Android SDK	2026-06-06T12:22:58.0038357Z /usr/bin/tar: ../../../../../usr/local/lib/android/sdk/platforms/android-34/data/res/values-mcc310-mnc950-ta: Cannot utime: Operation not permitted
build	Cache Android SDK	2026-06-06T12:22:58.0038913Z /usr/bin/tar: ../../../../../usr/local/lib/android/sdk/platforms/android-34/data/res/values-mcc310-mnc950-ta: Cannot change mode to rwxr-xr-x: Operation not permitted
build	Cache Android SDK	2026-06-06T12:22:58.0041381Z /usr/bin/tar: ../../../../../usr/local/lib/android/sdk/platforms/android-34/data/res/values-mcc310-mnc410-en-rGB: Cannot utime: Operation not permitted
build	Cache Android SDK	2026-06-06T12:22:58.0042007Z /usr/bin/tar: ../../../../../usr/local/lib/android/sdk/platforms/android-34/data/res/values-mcc310-mnc410-en-rGB: Cannot change mode to rwxr-xr-x: Operation not permitted
build	Cache Android SDK	2026-06-06T12:22:58.0044095Z /usr/bin/tar: ../../../../../usr/local/lib/android/sdk/platforms/android-34/data/res/values-mcc310-mnc230-es-rUS: Cannot utime: Operation not permitted
build	Cache Android SDK	2026-06-06T12:22:58.0045203Z /usr/bin/tar: ../../../../../usr/local/lib/android/sdk/platforms/android-34/data/res/values-mcc310-mnc230-es-rUS: Cannot change mode to rwxr-xr-x: Operation not permitted
build	Cache Android SDK	2026-06-06T12:22:58.0048084Z /usr/bin/tar: ../../../../../usr/local/lib/android/sdk/platforms/android-34/data/res/values-ar-television: Cannot utime: Operation not permitted
build	Cache Android SDK	2026-06-06T12:22:58.0048649Z /usr/bin/tar: ../../../../../usr/local/lib/android/sdk/platforms/android-34/data/res/values-ar-television: Cannot change mode to rwxr-xr-x: Operation not permitted
build	Cache Android SDK	2026-06-06T12:22:58.0053051Z /usr/bin/tar: ../../../../../usr/local/lib/android/sdk/platforms/android-34/data/res/values-mcc313-mnc100-bs: Cannot utime: Operation not permitted
build	Cache Android SDK	2026-06-06T12:22:58.0053624Z /usr/bin/tar: ../../../../../usr/local/lib/android/sdk/platforms/android-34/data/res/values-mcc313-mnc100-bs: Cannot change mode to rwxr-xr-x: Operation not permitted
build	Cache Android SDK	2026-06-06T12:22:58.0055605Z /usr/bin/tar: ../../../../../usr/local/lib/android/sdk/platforms/android-34/data/res/values-mcc310-mnc200-en-rGB: Cannot utime: Operation not permitted
build	Cache Android SDK	2026-06-06T12:22:58.0056078Z /usr/bin/tar: ../../../../../usr/local/lib/android/sdk/platforms/android-34/data/res/values-mcc310-mnc200-en-rGB: Cannot change mode to rwxr-xr-x: Operation not permitted
build	Cache Android SDK	2026-06-06T12:22:58.0058908Z /usr/bin/tar: ../../../../../usr/local/lib/android/sdk/platforms/android-34/data/res/values-mcc310-mnc950-ne: Cannot utime: Operation not permitted
build	Cache Android SDK	2026-06-06T12:22:58.0059373Z /usr/bin/tar: ../../../../../usr/local/lib/android/sdk/platforms/android-34/data/res/values-mcc310-mnc950-ne: Cannot change mode to rwxr-xr-x: Operation not permitted
build	Cache Android SDK	2026-06-06T12:22:58.0061747Z /usr/bin/tar: ../../../../../usr/local/lib/android/sdk/platforms/android-34/data/res/values-mcc310-mnc560-es: Cannot utime: Operation not permitted
build	Cache Android SDK	2026-06-06T12:22:58.0062197Z /usr/bin/tar: ../../../../../usr/local/lib/android/sdk/platforms/android-34/data/res/values-mcc310-mnc560-es: Cannot change mode to rwxr-xr-x: Operation not permitted
build	Cache Android SDK	2026-06-06T12:22:58.0064747Z /usr/bin/tar: ../../../../../usr/local/lib/android/sdk/platforms/android-34/data/res/values-mcc001-mnc01-b+sr+Latn: Cannot utime: Operation not permitted
build	Cache Android SDK	2026-06-06T12:22:58.0065238Z /usr/bin/tar: ../../../../../usr/local/lib/android/sdk/platforms/android-34/data/res/values-mcc001-mnc01-b+sr+Latn: Cannot change mode to rwxr-xr-x: Operation not permitted
build	Cache Android SDK	2026-06-06T12:22:58.0067743Z /usr/bin/tar: ../../../../../usr/local/lib/android/sdk/platforms/android-34/data/res/values-mcc310-mnc800-sk: Cannot utime: Operation not permitted
build	Cache Android SDK	2026-06-06T12:22:58.0068208Z /usr/bin/tar: ../../../../../usr/local/lib/android/sdk/platforms/android-34/data/res/values-mcc310-mnc800-sk: Cannot change mode to rwxr-xr-x: Operation not permitted
build	Cache Android SDK	2026-06-06T12:22:58.0070498Z /usr/bin/tar: ../../../../../usr/local/lib/android/sdk/platforms/android-34/data/res/values-mcc310-mnc410-ms: Cannot utime: Operation not permitted
build	Cache Android SDK	2026-06-06T12:22:58.0070951Z /usr/bin/tar: ../../../../../usr/local/lib/android/sdk/platforms/android-34/data/res/values-mcc310-mnc410-ms: Cannot change mode to rwxr-xr-x: Operation not permitted
build	Cache Android SDK	2026-06-06T12:22:58.0074095Z /usr/bin/tar: ../../../../../usr/local/lib/android/sdk/platforms/android-34/data/res/values-mcc313-mnc100-en-rIN: Cannot utime: Operation not permitted
build	Cache Android SDK	2026-06-06T12:22:58.0074591Z /usr/bin/tar: ../../../../../usr/local/lib/android/sdk/platforms/android-34/data/res/values-mcc313-mnc100-en-rIN: Cannot change mode to rwxr-xr-x: Operation not permitted
build	Cache Android SDK	2026-06-06T12:22:58.0077574Z /usr/bin/tar: ../../../../../usr/local/lib/android/sdk/platforms/android-34/data/res/values-mcc310-mnc160-mn: Cannot utime: Operation not permitted
build	Cache Android SDK	2026-06-06T12:22:58.0078042Z /usr/bin/tar: ../../../../../usr/local/lib/android/sdk/platforms/android-34/data/res/values-mcc310-mnc160-mn: Cannot change mode to rwxr-xr-x: Operation not permitted
build	Cache Android SDK	2026-06-06T12:22:58.0080164Z /usr/bin/tar: ../../../../../usr/local/lib/android/sdk/platforms/android-34/data/res/values-mcc310-mnc240-el: Cannot utime: Operation not permitted
build	Cache Android SDK	2026-06-06T12:22:58.0080629Z /usr/bin/tar: ../../../../../usr/local/lib/android/sdk/platforms/android-34/data/res/values-mcc310-mnc240-el: Cannot change mode to rwxr-xr-x: Operation not permitted
build	Cache Android SDK	2026-06-06T12:22:58.0083462Z /usr/bin/tar: ../../../../../usr/local/lib/android/sdk/platforms/android-34/data/res/values-mcc312-mnc670-ko: Cannot utime: Operation not permitted
build	Cache Android SDK	2026-06-06T12:22:58.0083937Z /usr/bin/tar: ../../../../../usr/local/lib/android/sdk/platforms/android-34/data/res/values-mcc312-mnc670-ko: Cannot change mode to rwxr-xr-x: Operation not permitted
build	Cache Android SDK	2026-06-06T12:22:58.0086308Z /usr/bin/tar: ../../../../../usr/local/lib/android/sdk/platforms/android-34/data/res/values-mcc001-mnc01-as: Cannot utime: Operation not permitted
build	Cache Android SDK	2026-06-06T12:22:58.0086759Z /usr/bin/tar: ../../../../../usr/local/lib/android/sdk/platforms/android-34/data/res/values-mcc001-mnc01-as: Cannot change mode to rwxr-xr-x: Operation not permitted
build	Cache Android SDK	2026-06-06T12:22:58.0089678Z /usr/bin/tar: ../../../../../usr/local/lib/android/sdk/platforms/android-34/data/res/values-mcc310-mnc950-en-rGB: Cannot utime: Operation not permitted
build	Cache Android SDK	2026-06-06T12:22:58.0090166Z /usr/bin/tar: ../../../../../usr/local/lib/android/sdk/platforms/android-34/data/res/values-mcc310-mnc950-en-rGB: Cannot change mode to rwxr-xr-x: Operation not permitted
build	Cache Android SDK	2026-06-06T12:22:58.0092492Z /usr/bin/tar: ../../../../../usr/local/lib/android/sdk/platforms/android-34/data/res/values-mcc310-mnc250-zh-rTW: Cannot utime: Operation not permitted
build	Cache Android SDK	2026-06-06T12:22:58.0092969Z /usr/bin/tar: ../../../../../usr/local/lib/android/sdk/platforms/android-34/data/res/values-mcc310-mnc250-zh-rTW: Cannot change mode to rwxr-xr-x: Operation not permitted
build	Cache Android SDK	2026-06-06T12:22:58.0095335Z /usr/bin/tar: ../../../../../usr/local/lib/android/sdk/platforms/android-34/data/res/values-mcc312-mnc670-bs: Cannot utime: Operation not permitted
build	Cache Android SDK	2026-06-06T12:22:58.0095777Z /usr/bin/tar: ../../../../../usr/local/lib/android/sdk/platforms/android-34/data/res/values-mcc312-mnc670-bs: Cannot change mode to rwxr-xr-x: Operation not permitted
build	Cache Android SDK	2026-06-06T12:22:58.0099244Z /usr/bin/tar: ../../../../../usr/local/lib/android/sdk/platforms/android-34/data/res/values-mcc302-mnc370-uz: Cannot utime: Operation not permitted
build	Cache Android SDK	2026-06-06T12:22:58.0099790Z /usr/bin/tar: ../../../../../usr/local/lib/android/sdk/platforms/android-34/data/res/values-mcc302-mnc370-uz: Cannot change mode to rwxr-xr-x: Operation not permitted
build	Cache Android SDK	2026-06-06T12:22:58.0102098Z /usr/bin/tar: ../../../../../usr/local/lib/android/sdk/platforms/android-34/data/res/values-mcc310-mnc220-nb: Cannot utime: Operation not permitted
build	Cache Android SDK	2026-06-06T12:22:58.0102560Z /usr/bin/tar: ../../../../../usr/local/lib/android/sdk/platforms/android-34/data/res/values-mcc310-mnc220-nb: Cannot change mode to rwxr-xr-x: Operation not permitted
build	Cache Android SDK	2026-06-06T12:22:58.0105074Z /usr/bin/tar: ../../../../../usr/local/lib/android/sdk/platforms/android-34/data/res/values-mcc310-mnc150-nb: Cannot utime: Operation not permitted
build	Cache Android SDK	2026-06-06T12:22:58.0105522Z /usr/bin/tar: ../../../../../usr/local/lib/android/sdk/platforms/android-34/data/res/values-mcc310-mnc150-nb: Cannot change mode to rwxr-xr-x: Operation not permitted
build	Cache Android SDK	2026-06-06T12:22:58.0108078Z /usr/bin/tar: ../../../../../usr/local/lib/android/sdk/platforms/android-34/data/res/values-mcc310-mnc030-et: Cannot utime: Operation not permitted
build	Cache Android SDK	2026-06-06T12:22:58.0108537Z /usr/bin/tar: ../../../../../usr/local/lib/android/sdk/platforms/android-34/data/res/values-mcc310-mnc030-et: Cannot change mode to rwxr-xr-x: Operation not permitted
build	Cache Android SDK	2026-06-06T12:22:58.0111435Z /usr/bin/tar: ../../../../../usr/local/lib/android/sdk/platforms/android-34/data/res/values-mcc310-mnc310-sr: Cannot utime: Operation not permitted
build	Cache Android SDK	2026-06-06T12:22:58.0111889Z /usr/bin/tar: ../../../../../usr/local/lib/android/sdk/platforms/android-34/data/res/values-mcc310-mnc310-sr: Cannot change mode to rwxr-xr-x: Operation not permitted
build	Cache Android SDK	2026-06-06T12:22:58.0114597Z /usr/bin/tar: ../../../../../usr/local/lib/android/sdk/platforms/android-34/data/res/values-mcc310-mnc250-ro: Cannot utime: Operation not permitted
build	Cache Android SDK	2026-06-06T12:22:58.0115050Z /usr/bin/tar: ../../../../../usr/local/lib/android/sdk/platforms/android-34/data/res/values-mcc310-mnc250-ro: Cannot change mode to rwxr-xr-x: Operation not permitted
build	Cache Android SDK	2026-06-06T12:22:58.0117742Z /usr/bin/tar: ../../../../../usr/local/lib/android/sdk/platforms/android-34/data/res/values-mcc302-mnc370-tr: Cannot utime: Operation not permitted
build	Cache Android SDK	2026-06-06T12:22:58.0118195Z /usr/bin/tar: ../../../../../usr/local/lib/android/sdk/platforms/android-34/data/res/values-mcc302-mnc370-tr: Cannot change mode to rwxr-xr-x: Operation not permitted
build	Cache Android SDK	2026-06-06T12:22:58.0120665Z /usr/bin/tar: ../../../../../usr/local/lib/android/sdk/platforms/android-34/data/res/values-mcc310-mnc200-nl: Cannot utime: Operation not permitted
build	Cache Android SDK	2026-06-06T12:22:58.0121120Z /usr/bin/tar: ../../../../../usr/local/lib/android/sdk/platforms/android-34/data/res/values-mcc310-mnc200-nl: Cannot change mode to rwxr-xr-x: Operation not permitted
build	Cache Android SDK	2026-06-06T12:22:58.0123542Z /usr/bin/tar: ../../../../../usr/local/lib/android/sdk/platforms/android-34/data/res/values-mcc310-mnc660-sw: Cannot utime: Operation not permitted
build	Cache Android SDK	2026-06-06T12:22:58.0124017Z /usr/bin/tar: ../../../../../usr/local/lib/android/sdk/platforms/android-34/data/res/values-mcc310-mnc660-sw: Cannot change mode to rwxr-xr-x: Operation not permitted
build	Cache Android SDK	2026-06-06T12:22:58.0126992Z /usr/bin/tar: ../../../../../usr/local/lib/android/sdk/platforms/android-34/data/res/values-mcc313-mnc100-sr: Cannot utime: Operation not permitted
build	Cache Android SDK	2026-06-06T12:22:58.0127740Z /usr/bin/tar: ../../../../../usr/local/lib/android/sdk/platforms/android-34/data/res/values-mcc313-mnc100-sr: Cannot change mode to rwxr-xr-x: Operation not permitted
build	Cache Android SDK	2026-06-06T12:22:58.0130101Z /usr/bin/tar: ../../../../../usr/local/lib/android/sdk/platforms/android-34/data/res/raw-da: Cannot utime: Operation not permitted
build	Cache Android SDK	2026-06-06T12:22:58.0130503Z /usr/bin/tar: ../../../../../usr/local/lib/android/sdk/platforms/android-34/data/res/raw-da: Cannot change mode to rwxr-xr-x: Operation not permitted
build	Cache Android SDK	2026-06-06T12:22:58.0134192Z /usr/bin/tar: ../../../../../usr/local/lib/android/sdk/platforms/android-34/data/res/values-mcc260: Cannot utime: Operation not permitted
build	Cache Android SDK	2026-06-06T12:22:58.0134651Z /usr/bin/tar: ../../../../../usr/local/lib/android/sdk/platforms/android-34/data/res/values-mcc260: Cannot change mode to rwxr-xr-x: Operation not permitted
build	Cache Android SDK	2026-06-06T12:22:58.0137902Z /usr/bin/tar: ../../../../../usr/local/lib/android/sdk/platforms/android-34/data/res/values-mcc310-mnc220-ja: Cannot utime: Operation not permitted
build	Cache Android SDK	2026-06-06T12:22:58.0138638Z /usr/bin/tar: ../../../../../usr/local/lib/android/sdk/platforms/android-34/data/res/values-mcc310-mnc220-ja: Cannot change mode to rwxr-xr-x: Operation not permitted
build	Cache Android SDK	2026-06-06T12:22:58.0140824Z /usr/bin/tar: ../../../../../usr/local/lib/android/sdk/platforms/android-34/data/res/values-mcc310-mnc800-en-rIN: Cannot utime: Operation not permitted
build	Cache Android SDK	2026-06-06T12:22:58.0141411Z /usr/bin/tar: ../../../../../usr/local/lib/android/sdk/platforms/android-34/data/res/values-mcc310-mnc800-en-rIN: Cannot change mode to rwxr-xr-x: Operation not permitted
build	Cache Android SDK	2026-06-06T12:22:58.0144694Z /usr/bin/tar: ../../../../../usr/local/lib/android/sdk/platforms/android-34/data/res/values-mcc310-mnc250-pt-rPT: Cannot utime: Operation not permitted
build	Cache Android SDK	2026-06-06T12:22:58.0145244Z /usr/bin/tar: ../../../../../usr/local/lib/android/sdk/platforms/android-34/data/res/values-mcc310-mnc250-pt-rPT: Cannot change mode to rwxr-xr-x: Operation not permitted
build	Cache Android SDK	2026-06-06T12:22:58.0147759Z /usr/bin/tar: ../../../../../usr/local/lib/android/sdk/platforms/android-34/data/res/values-mcc310-mnc490-ka: Cannot utime: Operation not permitted
build	Cache Android SDK	2026-06-06T12:22:58.0148302Z /usr/bin/tar: ../../../../../usr/local/lib/android/sdk/platforms/android-34/data/res/values-mcc310-mnc490-ka: Cannot change mode to rwxr-xr-x: Operation not permitted
build	Cache Android SDK	2026-06-06T12:22:58.0150828Z /usr/bin/tar: ../../../../../usr/local/lib/android/sdk/platforms/android-34/data/res/values-mcc310-mnc490-be: Cannot utime: Operation not permitted
build	Cache Android SDK	2026-06-06T12:22:58.0151280Z /usr/bin/tar: ../../../../../usr/local/lib/android/sdk/platforms/android-34/data/res/values-mcc310-mnc490-be: Cannot change mode to rwxr-xr-x: Operation not permitted
build	Cache Android SDK	2026-06-06T12:22:58.0154687Z /usr/bin/tar: ../../../../../usr/local/lib/android/sdk/platforms/android-34/data/res/values-mcc204: Cannot utime: Operation not permitted
build	Cache Android SDK	2026-06-06T12:22:58.0155131Z /usr/bin/tar: ../../../../../usr/local/lib/android/sdk/platforms/android-34/data/res/values-mcc204: Cannot change mode to rwxr-xr-x: Operation not permitted
build	Cache Android SDK	2026-06-06T12:22:58.0158075Z /usr/bin/tar: ../../../../../usr/local/lib/android/sdk/platforms/android-34/data/res/values-mcc310-mnc660-sr: Cannot utime: Operation not permitted
build	Cache Android SDK	2026-06-06T12:22:58.0158532Z /usr/bin/tar: ../../../../../usr/local/lib/android/sdk/platforms/android-34/data/res/values-mcc310-mnc660-sr: Cannot change mode to rwxr-xr-x: Operation not permitted
build	Cache Android SDK	2026-06-06T12:22:58.0161046Z /usr/bin/tar: ../../../../../usr/local/lib/android/sdk/platforms/android-34/data/res/values-mcc310-mnc220-lv: Cannot utime: Operation not permitted
build	Cache Android SDK	2026-06-06T12:22:58.0161504Z /usr/bin/tar: ../../../../../usr/local/lib/android/sdk/platforms/android-34/data/res/values-mcc310-mnc220-lv: Cannot change mode to rwxr-xr-x: Operation not permitted
build	Cache Android SDK	2026-06-06T12:22:58.0165426Z /usr/bin/tar: ../../../../../usr/local/lib/android/sdk/platforms/android-34/data/res/values-mcc310-mnc200-gl: Cannot utime: Operation not permitted
build	Cache Android SDK	2026-06-06T12:22:58.0165886Z /usr/bin/tar: ../../../../../usr/local/lib/android/sdk/platforms/android-34/data/res/values-mcc310-mnc200-gl: Cannot change mode to rwxr-xr-x: Operation not permitted
build	Cache Android SDK	2026-06-06T12:22:58.0170240Z /usr/bin/tar: ../../../../../usr/local/lib/android/sdk/platforms/android-34/data/res/values-en-rUS: Cannot utime: Operation not permitted
build	Cache Android SDK	2026-06-06T12:22:58.0170672Z /usr/bin/tar: ../../../../../usr/local/lib/android/sdk/platforms/android-34/data/res/values-en-rUS: Cannot change mode to rwxr-xr-x: Operation not permitted
build	Cache Android SDK	2026-06-06T12:22:58.0174139Z /usr/bin/tar: ../../../../../usr/local/lib/android/sdk/platforms/android-34/data/res/values-mcc310-mnc240-gu: Cannot utime: Operation not permitted
build	Cache Android SDK	2026-06-06T12:22:58.0174736Z /usr/bin/tar: ../../../../../usr/local/lib/android/sdk/platforms/android-34/data/res/values-mcc310-mnc240-gu: Cannot change mode to rwxr-xr-x: Operation not permitted
build	Cache Android SDK	2026-06-06T12:22:58.0176678Z /usr/bin/tar: ../../../../../usr/local/lib/android/sdk/platforms/android-34/data/res/values-mcc310-mnc150-es-rUS: Cannot utime: Operation not permitted
build	Cache Android SDK	2026-06-06T12:22:58.0177338Z /usr/bin/tar: ../../../../../usr/local/lib/android/sdk/platforms/android-34/data/res/values-mcc310-mnc150-es-rUS: Cannot change mode to rwxr-xr-x: Operation not permitted
build	Cache Android SDK	2026-06-06T12:22:58.0184205Z /usr/bin/tar: ../../../../../usr/local/lib/android/sdk/platforms/android-34/data/res/values-ru: Cannot utime: Operation not permitted
build	Cache Android SDK	2026-06-06T12:22:58.0184632Z /usr/bin/tar: ../../../../../usr/local/lib/android/sdk/platforms/android-34/data/res/values-ru: Cannot change mode to rwxr-xr-x: Operation not permitted
build	Cache Android SDK	2026-06-06T12:22:58.0187304Z /usr/bin/tar: ../../../../../usr/local/lib/android/sdk/platforms/android-34/data/res/values-mcc310-mnc150-ar: Cannot utime: Operation not permitted
build	Cache Android SDK	2026-06-06T12:22:58.0188013Z /usr/bin/tar: ../../../../../usr/local/lib/android/sdk/platforms/android-34/data/res/values-mcc310-mnc150-ar: Cannot change mode to rwxr-xr-x: Operation not permitted
build	Cache Android SDK	2026-06-06T12:22:58.0190194Z /usr/bin/tar: ../../../../../usr/local/lib/android/sdk/platforms/android-34/data/res/values-mcc310-mnc310-bg: Cannot utime: Operation not permitted
build	Cache Android SDK	2026-06-06T12:22:58.0190715Z /usr/bin/tar: ../../../../../usr/local/lib/android/sdk/platforms/android-34/data/res/values-mcc310-mnc310-bg: Cannot change mode to rwxr-xr-x: Operation not permitted
build	Cache Android SDK	2026-06-06T12:22:58.0195717Z /usr/bin/tar: ../../../../../usr/local/lib/android/sdk/platforms/android-34/data/res/values-ro-rRO: Cannot utime: Operation not permitted
build	Cache Android SDK	2026-06-06T12:22:58.0196150Z /usr/bin/tar: ../../../../../usr/local/lib/android/sdk/platforms/android-34/data/res/values-ro-rRO: Cannot change mode to rwxr-xr-x: Operation not permitted
build	Cache Android SDK	2026-06-06T12:22:58.0199279Z /usr/bin/tar: ../../../../../usr/local/lib/android/sdk/platforms/android-34/data/res/values-mcc302-mnc370-az: Cannot utime: Operation not permitted
build	Cache Android SDK	2026-06-06T12:22:58.0199864Z /usr/bin/tar: ../../../../../usr/local/lib/android/sdk/platforms/android-34/data/res/values-mcc302-mnc370-az: Cannot change mode to rwxr-xr-x: Operation not permitted
build	Cache Android SDK	2026-06-06T12:22:58.0205215Z /usr/bin/tar: ../../../../../usr/local/lib/android/sdk/platforms/android-34/data/res/values-hr: Cannot utime: Operation not permitted
build	Cache Android SDK	2026-06-06T12:22:58.0205638Z /usr/bin/tar: ../../../../../usr/local/lib/android/sdk/platforms/android-34/data/res/values-hr: Cannot change mode to rwxr-xr-x: Operation not permitted
build	Cache Android SDK	2026-06-06T12:22:58.0208037Z /usr/bin/tar: ../../../../../usr/local/lib/android/sdk/platforms/android-34/data/res/values-mcc310-mnc280-zh-rTW: Cannot utime: Operation not permitted
build	Cache Android SDK	2026-06-06T12:22:58.0208510Z /usr/bin/tar: ../../../../../usr/local/lib/android/sdk/platforms/android-34/data/res/values-mcc310-mnc280-zh-rTW: Cannot change mode to rwxr-xr-x: Operation not permitted
build	Cache Android SDK	2026-06-06T12:22:58.0211011Z /usr/bin/tar: ../../../../../usr/local/lib/android/sdk/platforms/android-34/data/res/values-mcc310-mnc490-pa: Cannot utime: Operation not permitted
build	Cache Android SDK	2026-06-06T12:22:58.0211482Z /usr/bin/tar: ../../../../../usr/local/lib/android/sdk/platforms/android-34/data/res/values-mcc310-mnc490-pa: Cannot change mode to rwxr-xr-x: Operation not permitted
build	Cache Android SDK	2026-06-06T12:22:58.0214340Z /usr/bin/tar: ../../../../../usr/local/lib/android/sdk/platforms/android-34/data/res/values-mcc310-mnc030-kk: Cannot utime: Operation not permitted
build	Cache Android SDK	2026-06-06T12:22:58.0214809Z /usr/bin/tar: ../../../../../usr/local/lib/android/sdk/platforms/android-34/data/res/values-mcc310-mnc030-kk: Cannot change mode to rwxr-xr-x: Operation not permitted
build	Cache Android SDK	2026-06-06T12:22:58.0219942Z /usr/bin/tar: ../../../../../usr/local/lib/android/sdk/platforms/android-34/data/res/values-mcc302-mnc720-pt-rBR: Cannot utime: Operation not permitted
build	Cache Android SDK	2026-06-06T12:22:58.0220420Z /usr/bin/tar: ../../../../../usr/local/lib/android/sdk/platforms/android-34/data/res/values-mcc302-mnc720-pt-rBR: Cannot change mode to rwxr-xr-x: Operation not permitted
build	Cache Android SDK	2026-06-06T12:22:58.0224198Z /usr/bin/tar: ../../../../../usr/local/lib/android/sdk/platforms/android-34/data/res/values-mcc310-mnc160-ka: Cannot utime: Operation not permitted
build	Cache Android SDK	2026-06-06T12:22:58.0224740Z /usr/bin/tar: ../../../../../usr/local/lib/android/sdk/platforms/android-34/data/res/values-mcc310-mnc160-ka: Cannot change mode to rwxr-xr-x: Operation not permitted
build	Cache Android SDK	2026-06-06T12:22:58.0227020Z /usr/bin/tar: ../../../../../usr/local/lib/android/sdk/platforms/android-34/data/res/values-mcc310-mnc280-am: Cannot utime: Operation not permitted
build	Cache Android SDK	2026-06-06T12:22:58.0227655Z /usr/bin/tar: ../../../../../usr/local/lib/android/sdk/platforms/android-34/data/res/values-mcc310-mnc280-am: Cannot change mode to rwxr-xr-x: Operation not permitted
build	Cache Android SDK	2026-06-06T12:22:58.0230351Z /usr/bin/tar: ../../../../../usr/local/lib/android/sdk/platforms/android-34/data/res/values-mcc310-mnc410: Cannot utime: Operation not permitted
build	Cache Android SDK	2026-06-06T12:22:58.0230883Z /usr/bin/tar: ../../../../../usr/local/lib/android/sdk/platforms/android-34/data/res/values-mcc310-mnc410: Cannot change mode to rwxr-xr-x: Operation not permitted
build	Cache Android SDK	2026-06-06T12:22:58.0233306Z /usr/bin/tar: ../../../../../usr/local/lib/android/sdk/platforms/android-34/data/res/values-mcc310-mnc950-en-rIN: Cannot utime: Operation not permitted
build	Cache Android SDK	2026-06-06T12:22:58.0233862Z /usr/bin/tar: ../../../../../usr/local/lib/android/sdk/platforms/android-34/data/res/values-mcc310-mnc950-en-rIN: Cannot change mode to rwxr-xr-x: Operation not permitted
build	Cache Android SDK	2026-06-06T12:22:58.0236357Z /usr/bin/tar: ../../../../../usr/local/lib/android/sdk/platforms/android-34/data/res/values-mcc334-mnc020-fa: Cannot utime: Operation not permitted
build	Cache Android SDK	2026-06-06T12:22:58.0236809Z /usr/bin/tar: ../../../../../usr/local/lib/android/sdk/platforms/android-34/data/res/values-mcc334-mnc020-fa: Cannot change mode to rwxr-xr-x: Operation not permitted
build	Cache Android SDK	2026-06-06T12:22:58.0239854Z /usr/bin/tar: ../../../../../usr/local/lib/android/sdk/platforms/android-34/data/res/values-mcc310-mnc240-ko: Cannot utime: Operation not permitted
build	Cache Android SDK	2026-06-06T12:22:58.0240331Z /usr/bin/tar: ../../../../../usr/local/lib/android/sdk/platforms/android-34/data/res/values-mcc310-mnc240-ko: Cannot change mode to rwxr-xr-x: Operation not permitted
build	Cache Android SDK	2026-06-06T12:22:58.0243283Z /usr/bin/tar: ../../../../../usr/local/lib/android/sdk/platforms/android-34/data/res/values-mcc310-mnc410-en-rAU: Cannot utime: Operation not permitted
build	Cache Android SDK	2026-06-06T12:22:58.0243759Z /usr/bin/tar: ../../../../../usr/local/lib/android/sdk/platforms/android-34/data/res/values-mcc310-mnc410-en-rAU: Cannot change mode to rwxr-xr-x: Operation not permitted
build	Cache Android SDK	2026-06-06T12:22:58.0246342Z /usr/bin/tar: ../../../../../usr/local/lib/android/sdk/platforms/android-34/data/res/values-mcc302-mnc370-fr: Cannot utime: Operation not permitted
build	Cache Android SDK	2026-06-06T12:22:58.0246797Z /usr/bin/tar: ../../../../../usr/local/lib/android/sdk/platforms/android-34/data/res/values-mcc302-mnc370-fr: Cannot change mode to rwxr-xr-x: Operation not permitted
build	Cache Android SDK	2026-06-06T12:22:58.0249567Z /usr/bin/tar: ../../../../../usr/local/lib/android/sdk/platforms/android-34/data/res/values-mcc310-mnc410-fr: Cannot utime: Operation not permitted
build	Cache Android SDK	2026-06-06T12:22:58.0250029Z /usr/bin/tar: ../../../../../usr/local/lib/android/sdk/platforms/android-34/data/res/values-mcc310-mnc410-fr: Cannot change mode to rwxr-xr-x: Operation not permitted
build	Cache Android SDK	2026-06-06T12:22:58.0252846Z /usr/bin/tar: ../../../../../usr/local/lib/android/sdk/platforms/android-34/data/res/values-mcc310-mnc240-ur: Cannot utime: Operation not permitted
build	Cache Android SDK	2026-06-06T12:22:58.0253291Z /usr/bin/tar: ../../../../../usr/local/lib/android/sdk/platforms/android-34/data/res/values-mcc310-mnc240-ur: Cannot change mode to rwxr-xr-x: Operation not permitted
build	Cache Android SDK	2026-06-06T12:22:58.0256692Z /usr/bin/tar: ../../../../../usr/local/lib/android/sdk/platforms/android-34/data/res/values-mcc310-mnc220-de: Cannot utime: Operation not permitted
build	Cache Android SDK	2026-06-06T12:22:58.0261120Z /usr/bin/tar: ../../../../../usr/local/lib/android/sdk/platforms/android-34/data/res/values-mcc310-mnc220-de: Cannot change mode to rwxr-xr-x: Operation not permitted
build	Cache Android SDK	2026-06-06T12:22:58.0261804Z /usr/bin/tar: ../../../../../usr/local/lib/android/sdk/platforms/android-34/data/res/values-mcc310-mnc030-en-rXC: Cannot utime: Operation not permitted
build	Cache Android SDK	2026-06-06T12:22:58.0262854Z /usr/bin/tar: ../../../../../usr/local/lib/android/sdk/platforms/android-34/data/res/values-mcc310-mnc030-en-rXC: Cannot change mode to rwxr-xr-x: Operation not permitted
build	Cache Android SDK	2026-06-06T12:22:58.0263790Z /usr/bin/tar: ../../../../../usr/local/lib/android/sdk/platforms/android-34/data/res/values-mcc001-mnc01-ko: Cannot utime: Operation not permitted
build	Cache Android SDK	2026-06-06T12:22:58.0264579Z /usr/bin/tar: ../../../../../usr/local/lib/android/sdk/platforms/android-34/data/res/values-mcc001-mnc01-ko: Cannot change mode to rwxr-xr-x: Operation not permitted
build	Cache Android SDK	2026-06-06T12:22:58.0267728Z /usr/bin/tar: ../../../../../usr/local/lib/android/sdk/platforms/android-34/data/res/values-mcc334-mnc020-gu: Cannot utime: Operation not permitted
build	Cache Android SDK	2026-06-06T12:22:58.0268471Z /usr/bin/tar: ../../../../../usr/local/lib/android/sdk/platforms/android-34/data/res/values-mcc334-mnc020-gu: Cannot change mode to rwxr-xr-x: Operation not permitted
build	Cache Android SDK	2026-06-06T12:22:58.0270514Z /usr/bin/tar: ../../../../../usr/local/lib/android/sdk/platforms/android-34/data/res/values-mcc310-mnc560-zh-rTW: Cannot utime: Operation not permitted
build	Cache Android SDK	2026-06-06T12:22:58.0271100Z /usr/bin/tar: ../../../../../usr/local/lib/android/sdk/platforms/android-34/data/res/values-mcc310-mnc560-zh-rTW: Cannot change mode to rwxr-xr-x: Operation not permitted
build	Cache Android SDK	2026-06-06T12:22:58.0273399Z /usr/bin/tar: ../../../../../usr/local/lib/android/sdk/platforms/android-34/data/res/values-mcc310-mnc280-en-rAU: Cannot utime: Operation not permitted
build	Cache Android SDK	2026-06-06T12:22:58.0273895Z /usr/bin/tar: ../../../../../usr/local/lib/android/sdk/platforms/android-34/data/res/values-mcc310-mnc280-en-rAU: Cannot change mode to rwxr-xr-x: Operation not permitted
build	Cache Android SDK	2026-06-06T12:22:58.0278342Z /usr/bin/tar: ../../../../../usr/local/lib/android/sdk/platforms/android-34/data/res/values-mcc310-mnc210-fi: Cannot utime: Operation not permitted
build	Cache Android SDK	2026-06-06T12:22:58.0278832Z /usr/bin/tar: ../../../../../usr/local/lib/android/sdk/platforms/android-34/data/res/values-mcc310-mnc210-fi: Cannot change mode to rwxr-xr-x: Operation not permitted
build	Cache Android SDK	2026-06-06T12:22:58.0282168Z /usr/bin/tar: ../../../../../usr/local/lib/android/sdk/platforms/android-34/data/res/values-mcc310-mnc170-de: Cannot utime: Operation not permitted
build	Cache Android SDK	2026-06-06T12:22:58.0282637Z /usr/bin/tar: ../../../../../usr/local/lib/android/sdk/platforms/android-34/data/res/values-mcc310-mnc170-de: Cannot change mode to rwxr-xr-x: Operation not permitted
build	Cache Android SDK	2026-06-06T12:22:58.0284679Z /usr/bin/tar: ../../../../../usr/local/lib/android/sdk/platforms/android-34/data/res/values-mcc310-mnc210-gu: Cannot utime: Operation not permitted
build	Cache Android SDK	2026-06-06T12:22:58.0285134Z /usr/bin/tar: ../../../../../usr/local/lib/android/sdk/platforms/android-34/data/res/values-mcc310-mnc210-gu: Cannot change mode to rwxr-xr-x: Operation not permitted
build	Cache Android SDK	2026-06-06T12:22:58.0288954Z /usr/bin/tar: ../../../../../usr/local/lib/android/sdk/platforms/android-34/data/res/values-mcc310-mnc660-hi: Cannot utime: Operation not permitted
build	Cache Android SDK	2026-06-06T12:22:58.0289493Z /usr/bin/tar: ../../../../../usr/local/lib/android/sdk/platforms/android-34/data/res/values-mcc310-mnc660-hi: Cannot change mode to rwxr-xr-x: Operation not permitted
build	Cache Android SDK	2026-06-06T12:22:58.0293250Z /usr/bin/tar: ../../../../../usr/local/lib/android/sdk/platforms/android-34/data/res/values-mcc310-mnc210-nl: Cannot utime: Operation not permitted
build	Cache Android SDK	2026-06-06T12:22:58.0293800Z /usr/bin/tar: ../../../../../usr/local/lib/android/sdk/platforms/android-34/data/res/values-mcc310-mnc210-nl: Cannot change mode to rwxr-xr-x: Operation not permitted
build	Cache Android SDK	2026-06-06T12:22:58.0297332Z /usr/bin/tar: ../../../../../usr/local/lib/android/sdk/platforms/android-34/data/res/values-mcc334-mnc020-am: Cannot utime: Operation not permitted
build	Cache Android SDK	2026-06-06T12:22:58.0298038Z /usr/bin/tar: ../../../../../usr/local/lib/android/sdk/platforms/android-34/data/res/values-mcc334-mnc020-am: Cannot change mode to rwxr-xr-x: Operation not permitted
build	Cache Android SDK	2026-06-06T12:22:58.0301107Z /usr/bin/tar: ../../../../../usr/local/lib/android/sdk/platforms/android-34/data/res/values-mcc334-mnc020-my: Cannot utime: Operation not permitted
build	Cache Android SDK	2026-06-06T12:22:58.0301672Z /usr/bin/tar: ../../../../../usr/local/lib/android/sdk/platforms/android-34/data/res/values-mcc334-mnc020-my: Cannot change mode to rwxr-xr-x: Operation not permitted
build	Cache Android SDK	2026-06-06T12:22:58.0308240Z /usr/bin/tar: ../../../../../usr/local/lib/android/sdk/platforms/android-34/data/res/values-mcc740-mnc00: Cannot utime: Operation not permitted
build	Cache Android SDK	2026-06-06T12:22:58.0308701Z /usr/bin/tar: ../../../../../usr/local/lib/android/sdk/platforms/android-34/data/res/values-mcc740-mnc00: Cannot change mode to rwxr-xr-x: Operation not permitted
build	Cache Android SDK	2026-06-06T12:22:58.0314287Z /usr/bin/tar: ../../../../../usr/local/lib/android/sdk/platforms/android-34/data/res/values-mcc310-mnc200-ky: Cannot utime: Operation not permitted
build	Cache Android SDK	2026-06-06T12:22:58.0314939Z /usr/bin/tar: ../../../../../usr/local/lib/android/sdk/platforms/android-34/data/res/values-mcc310-mnc200-ky: Cannot change mode to rwxr-xr-x: Operation not permitted
build	Cache Android SDK	2026-06-06T12:22:58.0318295Z /usr/bin/tar: ../../../../../usr/local/lib/android/sdk/platforms/android-34/data/res/values-mcc302-mnc370-el: Cannot utime: Operation not permitted
build	Cache Android SDK	2026-06-06T12:22:58.0318869Z /usr/bin/tar: ../../../../../usr/local/lib/android/sdk/platforms/android-34/data/res/values-mcc302-mnc370-el: Cannot change mode to rwxr-xr-x: Operation not permitted
build	Cache Android SDK	2026-06-06T12:22:58.0326452Z /usr/bin/tar: ../../../../../usr/local/lib/android/sdk/platforms/android-34/data/res/values-mcc310-mnc560-ro: Cannot utime: Operation not permitted
build	Cache Android SDK	2026-06-06T12:22:58.0327029Z /usr/bin/tar: ../../../../../usr/local/lib/android/sdk/platforms/android-34/data/res/values-mcc310-mnc560-ro: Cannot change mode to rwxr-xr-x: Operation not permitted
build	Cache Android SDK	2026-06-06T12:22:58.0331003Z /usr/bin/tar: ../../../../../usr/local/lib/android/sdk/platforms/android-34/data/res/values-mcc310-mnc150-kk: Cannot utime: Operation not permitted
build	Cache Android SDK	2026-06-06T12:22:58.0331579Z /usr/bin/tar: ../../../../../usr/local/lib/android/sdk/platforms/android-34/data/res/values-mcc310-mnc150-kk: Cannot change mode to rwxr-xr-x: Operation not permitted
build	Cache Android SDK	2026-06-06T12:22:58.0335341Z /usr/bin/tar: ../../../../../usr/local/lib/android/sdk/platforms/android-34/data/res/values-mcc334-mnc020-pt: Cannot utime: Operation not permitted
build	Cache Android SDK	2026-06-06T12:22:58.0335815Z /usr/bin/tar: ../../../../../usr/local/lib/android/sdk/platforms/android-34/data/res/values-mcc334-mnc020-pt: Cannot change mode to rwxr-xr-x: Operation not permitted
build	Cache Android SDK	2026-06-06T12:22:58.0339992Z /usr/bin/tar: ../../../../../usr/local/lib/android/sdk/platforms/android-34/data/res/values-mcc310-mnc210-en-rGB: Cannot utime: Operation not permitted
build	Cache Android SDK	2026-06-06T12:22:58.0340478Z /usr/bin/tar: ../../../../../usr/local/lib/android/sdk/platforms/android-34/data/res/values-mcc310-mnc210-en-rGB: Cannot change mode to rwxr-xr-x: Operation not permitted
build	Cache Android SDK	2026-06-06T12:22:58.0344150Z /usr/bin/tar: ../../../../../usr/local/lib/android/sdk/platforms/android-34/data/res/values-mcc302-mnc720-pt: Cannot utime: Operation not permitted
build	Cache Android SDK	2026-06-06T12:22:58.0344609Z /usr/bin/tar: ../../../../../usr/local/lib/android/sdk/platforms/android-34/data/res/values-mcc302-mnc720-pt: Cannot change mode to rwxr-xr-x: Operation not permitted
build	Cache Android SDK	2026-06-06T12:22:58.0347729Z /usr/bin/tar: ../../../../../usr/local/lib/android/sdk/platforms/android-34/data/res/values-mcc302-mnc720-zh-rCN: Cannot utime: Operation not permitted
build	Cache Android SDK	2026-06-06T12:22:58.0348205Z /usr/bin/tar: ../../../../../usr/local/lib/android/sdk/platforms/android-34/data/res/values-mcc302-mnc720-zh-rCN: Cannot change mode to rwxr-xr-x: Operation not permitted
build	Cache Android SDK	2026-06-06T12:22:58.0351286Z /usr/bin/tar: ../../../../../usr/local/lib/android/sdk/platforms/android-34/data/res/values-mcc310-mnc210-fr-rCA: Cannot utime: Operation not permitted
build	Cache Android SDK	2026-06-06T12:22:58.0351767Z /usr/bin/tar: ../../../../../usr/local/lib/android/sdk/platforms/android-34/data/res/values-mcc310-mnc210-fr-rCA: Cannot change mode to rwxr-xr-x: Operation not permitted
build	Cache Android SDK	2026-06-06T12:22:58.0354373Z /usr/bin/tar: ../../../../../usr/local/lib/android/sdk/platforms/android-34/data/res/values-mcc310-mnc270-nb: Cannot utime: Operation not permitted
build	Cache Android SDK	2026-06-06T12:22:58.0354895Z /usr/bin/tar: ../../../../../usr/local/lib/android/sdk/platforms/android-34/data/res/values-mcc310-mnc270-nb: Cannot change mode to rwxr-xr-x: Operation not permitted
build	Cache Android SDK	2026-06-06T12:22:58.0357625Z /usr/bin/tar: ../../../../../usr/local/lib/android/sdk/platforms/android-34/data/res/values-mcc334-mnc020-zu: Cannot utime: Operation not permitted
build	Cache Android SDK	2026-06-06T12:22:58.0358083Z /usr/bin/tar: ../../../../../usr/local/lib/android/sdk/platforms/android-34/data/res/values-mcc334-mnc020-zu: Cannot change mode to rwxr-xr-x: Operation not permitted
build	Cache Android SDK	2026-06-06T12:22:58.0360440Z /usr/bin/tar: ../../../../../usr/local/lib/android/sdk/platforms/android-34/data/res/values-port-mdpi: Cannot utime: Operation not permitted
build	Cache Android SDK	2026-06-06T12:22:58.0360957Z /usr/bin/tar: ../../../../../usr/local/lib/android/sdk/platforms/android-34/data/res/values-port-mdpi: Cannot change mode to rwxr-xr-x: Operation not permitted
build	Cache Android SDK	2026-06-06T12:22:58.0363647Z /usr/bin/tar: ../../../../../usr/local/lib/android/sdk/platforms/android-34/data/res/values-mcc302-mnc720-th: Cannot utime: Operation not permitted
build	Cache Android SDK	2026-06-06T12:22:58.0364155Z /usr/bin/tar: ../../../../../usr/local/lib/android/sdk/platforms/android-34/data/res/values-mcc302-mnc720-th: Cannot change mode to rwxr-xr-x: Operation not permitted
build	Cache Android SDK	2026-06-06T12:22:58.0366971Z /usr/bin/tar: ../../../../../usr/local/lib/android/sdk/platforms/android-34/data/res/values-mcc310-mnc950-ka: Cannot utime: Operation not permitted
build	Cache Android SDK	2026-06-06T12:22:58.0367548Z /usr/bin/tar: ../../../../../usr/local/lib/android/sdk/platforms/android-34/data/res/values-mcc310-mnc950-ka: Cannot change mode to rwxr-xr-x: Operation not permitted
build	Cache Android SDK	2026-06-06T12:22:58.0370226Z /usr/bin/tar: ../../../../../usr/local/lib/android/sdk/platforms/android-34/data/res/values-mcc302-mnc720-en-rGB: Cannot utime: Operation not permitted
build	Cache Android SDK	2026-06-06T12:22:58.0370705Z /usr/bin/tar: ../../../../../usr/local/lib/android/sdk/platforms/android-34/data/res/values-mcc302-mnc720-en-rGB: Cannot change mode to rwxr-xr-x: Operation not permitted
build	Cache Android SDK	2026-06-06T12:22:58.0373154Z /usr/bin/tar: ../../../../../usr/local/lib/android/sdk/platforms/android-34/data/res/values-mcc310-mnc250-az: Cannot utime: Operation not permitted
build	Cache Android SDK	2026-06-06T12:22:58.0373611Z /usr/bin/tar: ../../../../../usr/local/lib/android/sdk/platforms/android-34/data/res/values-mcc310-mnc250-az: Cannot change mode to rwxr-xr-x: Operation not permitted
build	Cache Android SDK	2026-06-06T12:22:58.0376279Z /usr/bin/tar: ../../../../../usr/local/lib/android/sdk/platforms/android-34/data/res/values-mcc310-mnc200-be: Cannot utime: Operation not permitted
build	Cache Android SDK	2026-06-06T12:22:58.0376735Z /usr/bin/tar: ../../../../../usr/local/lib/android/sdk/platforms/android-34/data/res/values-mcc310-mnc200-be: Cannot change mode to rwxr-xr-x: Operation not permitted
build	Cache Android SDK	2026-06-06T12:22:58.0379145Z /usr/bin/tar: ../../../../../usr/local/lib/android/sdk/platforms/android-34/data/res/values-zu-rZA: Cannot utime: Operation not permitted
build	Cache Android SDK	2026-06-06T12:22:58.0379586Z /usr/bin/tar: ../../../../../usr/local/lib/android/sdk/platforms/android-34/data/res/values-zu-rZA: Cannot change mode to rwxr-xr-x: Operation not permitted
build	Cache Android SDK	2026-06-06T12:22:58.0382431Z /usr/bin/tar: ../../../../../usr/local/lib/android/sdk/platforms/android-34/data/res/values-ka-watch: Cannot utime: Operation not permitted
build	Cache Android SDK	2026-06-06T12:22:58.0382864Z /usr/bin/tar: ../../../../../usr/local/lib/android/sdk/platforms/android-34/data/res/values-ka-watch: Cannot change mode to rwxr-xr-x: Operation not permitted
build	Cache Android SDK	2026-06-06T12:22:58.0385466Z /usr/bin/tar: ../../../../../usr/local/lib/android/sdk/platforms/android-34/data/res/values-mcc310-mnc490-ms: Cannot utime: Operation not permitted
build	Cache Android SDK	2026-06-06T12:22:58.0385926Z /usr/bin/tar: ../../../../../usr/local/lib/android/sdk/platforms/android-34/data/res/values-mcc310-mnc490-ms: Cannot change mode to rwxr-xr-x: Operation not permitted
build	Cache Android SDK	2026-06-06T12:22:58.0390344Z /usr/bin/tar: ../../../../../usr/local/lib/android/sdk/platforms/android-34/data/res/values-mcc310-mnc310-pl: Cannot utime: Operation not permitted
build	Cache Android SDK	2026-06-06T12:22:58.0390870Z /usr/bin/tar: ../../../../../usr/local/lib/android/sdk/platforms/android-34/data/res/values-mcc310-mnc310-pl: Cannot change mode to rwxr-xr-x: Operation not permitted
build	Cache Android SDK	2026-06-06T12:22:58.0397276Z /usr/bin/tar: ../../../../../usr/local/lib/android/sdk/platforms/android-34/data/res/values-hi: Cannot utime: Operation not permitted
build	Cache Android SDK	2026-06-06T12:22:58.0397878Z /usr/bin/tar: ../../../../../usr/local/lib/android/sdk/platforms/android-34/data/res/values-hi: Cannot change mode to rwxr-xr-x: Operation not permitted
build	Cache Android SDK	2026-06-06T12:22:58.0400302Z /usr/bin/tar: ../../../../../usr/local/lib/android/sdk/platforms/android-34/data/res/values-mcc310-mnc200-zu: Cannot utime: Operation not permitted
build	Cache Android SDK	2026-06-06T12:22:58.0400910Z /usr/bin/tar: ../../../../../usr/local/lib/android/sdk/platforms/android-34/data/res/values-mcc310-mnc200-zu: Cannot change mode to rwxr-xr-x: Operation not permitted
build	Cache Android SDK	2026-06-06T12:22:58.0402864Z /usr/bin/tar: ../../../../../usr/local/lib/android/sdk/platforms/android-34/data/res/values-mcc310-mnc410-mr: Cannot utime: Operation not permitted
build	Cache Android SDK	2026-06-06T12:22:58.0403509Z /usr/bin/tar: ../../../../../usr/local/lib/android/sdk/platforms/android-34/data/res/values-mcc310-mnc410-mr: Cannot change mode to rwxr-xr-x: Operation not permitted
build	Cache Android SDK	2026-06-06T12:22:58.0406403Z /usr/bin/tar: ../../../../../usr/local/lib/android/sdk/platforms/android-34/data/res/values-mcc310-mnc210-mr: Cannot utime: Operation not permitted
build	Cache Android SDK	2026-06-06T12:22:58.0406858Z /usr/bin/tar: ../../../../../usr/local/lib/android/sdk/platforms/android-34/data/res/values-mcc310-mnc210-mr: Cannot change mode to rwxr-xr-x: Operation not permitted
build	Cache Android SDK	2026-06-06T12:22:58.0409622Z /usr/bin/tar: ../../../../../usr/local/lib/android/sdk/platforms/android-34/data/res/values-mcc310-mnc150-si: Cannot utime: Operation not permitted
build	Cache Android SDK	2026-06-06T12:22:58.0410071Z /usr/bin/tar: ../../../../../usr/local/lib/android/sdk/platforms/android-34/data/res/values-mcc310-mnc150-si: Cannot change mode to rwxr-xr-x: Operation not permitted
build	Cache Android SDK	2026-06-06T12:22:58.0412798Z /usr/bin/tar: ../../../../../usr/local/lib/android/sdk/platforms/android-34/data/res/values-mcc310-mnc240-et: Cannot utime: Operation not permitted
build	Cache Android SDK	2026-06-06T12:22:58.0413301Z /usr/bin/tar: ../../../../../usr/local/lib/android/sdk/platforms/android-34/data/res/values-mcc310-mnc240-et: Cannot change mode to rwxr-xr-x: Operation not permitted
build	Cache Android SDK	2026-06-06T12:22:58.0416111Z /usr/bin/tar: ../../../../../usr/local/lib/android/sdk/platforms/android-34/data/res/values-mcc310-mnc380-kk: Cannot utime: Operation not permitted
build	Cache Android SDK	2026-06-06T12:22:58.0416549Z /usr/bin/tar: ../../../../../usr/local/lib/android/sdk/platforms/android-34/data/res/values-mcc310-mnc380-kk: Cannot change mode to rwxr-xr-x: Operation not permitted
build	Cache Android SDK	2026-06-06T12:22:58.0419292Z /usr/bin/tar: ../../../../../usr/local/lib/android/sdk/platforms/android-34/data/res/values-mcc310-mnc280-kk: Cannot utime: Operation not permitted
build	Cache Android SDK	2026-06-06T12:22:58.0419742Z /usr/bin/tar: ../../../../../usr/local/lib/android/sdk/platforms/android-34/data/res/values-mcc310-mnc280-kk: Cannot change mode to rwxr-xr-x: Operation not permitted
build	Cache Android SDK	2026-06-06T12:22:58.0422100Z /usr/bin/tar: ../../../../../usr/local/lib/android/sdk/platforms/android-34/data/res/values-mcc310-mnc160-sq: Cannot utime: Operation not permitted
build	Cache Android SDK	2026-06-06T12:22:58.0422548Z /usr/bin/tar: ../../../../../usr/local/lib/android/sdk/platforms/android-34/data/res/values-mcc310-mnc160-sq: Cannot change mode to rwxr-xr-x: Operation not permitted
build	Cache Android SDK	2026-06-06T12:22:58.0425219Z /usr/bin/tar: ../../../../../usr/local/lib/android/sdk/platforms/android-34/data/res/values-mcc334-mnc020-kn: Cannot utime: Operation not permitted
build	Cache Android SDK	2026-06-06T12:22:58.0425660Z /usr/bin/tar: ../../../../../usr/local/lib/android/sdk/platforms/android-34/data/res/values-mcc334-mnc020-kn: Cannot change mode to rwxr-xr-x: Operation not permitted
build	Cache Android SDK	2026-06-06T12:22:58.0428221Z /usr/bin/tar: ../../../../../usr/local/lib/android/sdk/platforms/android-34/data/res/values-mcc312-mnc530: Cannot utime: Operation not permitted
build	Cache Android SDK	2026-06-06T12:22:58.0428741Z /usr/bin/tar: ../../../../../usr/local/lib/android/sdk/platforms/android-34/data/res/values-mcc312-mnc530: Cannot change mode to rwxr-xr-x: Operation not permitted
build	Cache Android SDK	2026-06-06T12:22:58.0431414Z /usr/bin/tar: ../../../../../usr/local/lib/android/sdk/platforms/android-34/data/res/values-mcc310-mnc270-vi: Cannot utime: Operation not permitted
build	Cache Android SDK	2026-06-06T12:22:58.0431863Z /usr/bin/tar: ../../../../../usr/local/lib/android/sdk/platforms/android-34/data/res/values-mcc310-mnc270-vi: Cannot change mode to rwxr-xr-x: Operation not permitted
build	Cache Android SDK	2026-06-06T12:22:58.0440631Z /usr/bin/tar: ../../../../../usr/local/lib/android/sdk/platforms/android-34/data/res/values-ne: Cannot utime: Operation not permitted
build	Cache Android SDK	2026-06-06T12:22:58.0441224Z /usr/bin/tar: ../../../../../usr/local/lib/android/sdk/platforms/android-34/data/res/values-ne: Cannot change mode to rwxr-xr-x: Operation not permitted
build	Cache Android SDK	2026-06-06T12:22:58.0441674Z /usr/bin/tar: ../../../../../usr/local/lib/android/sdk/platforms/android-34/data/res/values-mcc310-mnc250-et: Cannot utime: Operation not permitted
build	Cache Android SDK	2026-06-06T12:22:58.0442299Z /usr/bin/tar: ../../../../../usr/local/lib/android/sdk/platforms/android-34/data/res/values-mcc310-mnc250-et: Cannot change mode to rwxr-xr-x: Operation not permitted
build	Cache Android SDK	2026-06-06T12:22:58.0443800Z /usr/bin/tar: ../../../../../usr/local/lib/android/sdk/platforms/android-34/data/res/values-es-rSV: Cannot utime: Operation not permitted
build	Cache Android SDK	2026-06-06T12:22:58.0444226Z /usr/bin/tar: ../../../../../usr/local/lib/android/sdk/platforms/android-34/data/res/values-es-rSV: Cannot change mode to rwxr-xr-x: Operation not permitted
build	Cache Android SDK	2026-06-06T12:22:58.0446922Z /usr/bin/tar: ../../../../../usr/local/lib/android/sdk/platforms/android-34/data/res/values-mcc310-mnc220-pl: Cannot utime: Operation not permitted
build	Cache Android SDK	2026-06-06T12:22:58.0447539Z /usr/bin/tar: ../../../../../usr/local/lib/android/sdk/platforms/android-34/data/res/values-mcc310-mnc220-pl: Cannot change mode to rwxr-xr-x: Operation not permitted
build	Cache Android SDK	2026-06-06T12:22:58.0450079Z /usr/bin/tar: ../../../../../usr/local/lib/android/sdk/platforms/android-34/data/res/values-mcc302-mnc720-az: Cannot utime: Operation not permitted
build	Cache Android SDK	2026-06-06T12:22:58.0450527Z /usr/bin/tar: ../../../../../usr/local/lib/android/sdk/platforms/android-34/data/res/values-mcc302-mnc720-az: Cannot change mode to rwxr-xr-x: Operation not permitted
build	Cache Android SDK	2026-06-06T12:22:58.0453751Z /usr/bin/tar: ../../../../../usr/local/lib/android/sdk/platforms/android-34/data/res/values-mcc415-mnc01: Cannot utime: Operation not permitted
build	Cache Android SDK	2026-06-06T12:22:58.0454708Z /usr/bin/tar: ../../../../../usr/local/lib/android/sdk/platforms/android-34/data/res/values-mcc415-mnc01: Cannot change mode to rwxr-xr-x: Operation not permitted
build	Cache Android SDK	2026-06-06T12:22:58.0456809Z /usr/bin/tar: ../../../../../usr/local/lib/android/sdk/platforms/android-34/data/res/values-mcc310-mnc250-de: Cannot utime: Operation not permitted
build	Cache Android SDK	2026-06-06T12:22:58.0457313Z /usr/bin/tar: ../../../../../usr/local/lib/android/sdk/platforms/android-34/data/res/values-mcc310-mnc250-de: Cannot change mode to rwxr-xr-x: Operation not permitted
build	Cache Android SDK	2026-06-06T12:22:58.0459722Z /usr/bin/tar: ../../../../../usr/local/lib/android/sdk/platforms/android-34/data/res/values-mcc310-mnc220-am: Cannot utime: Operation not permitted
build	Cache Android SDK	2026-06-06T12:22:58.0460169Z /usr/bin/tar: ../../../../../usr/local/lib/android/sdk/platforms/android-34/data/res/values-mcc310-mnc220-am: Cannot change mode to rwxr-xr-x: Operation not permitted
build	Cache Android SDK	2026-06-06T12:22:58.0462858Z /usr/bin/tar: ../../../../../usr/local/lib/android/sdk/platforms/android-34/data/res/values-mcc302-mnc370-tl: Cannot utime: Operation not permitted
build	Cache Android SDK	2026-06-06T12:22:58.0463406Z /usr/bin/tar: ../../../../../usr/local/lib/android/sdk/platforms/android-34/data/res/values-mcc302-mnc370-tl: Cannot change mode to rwxr-xr-x: Operation not permitted
build	Cache Android SDK	2026-06-06T12:22:58.0465577Z /usr/bin/tar: ../../../../../usr/local/lib/android/sdk/platforms/android-34/data/res/values-mcc310-mnc210-bg: Cannot utime: Operation not permitted
build	Cache Android SDK	2026-06-06T12:22:58.0466080Z /usr/bin/tar: ../../../../../usr/local/lib/android/sdk/platforms/android-34/data/res/values-mcc310-mnc210-bg: Cannot change mode to rwxr-xr-x: Operation not permitted
build	Cache Android SDK	2026-06-06T12:22:58.0468760Z /usr/bin/tar: ../../../../../usr/local/lib/android/sdk/platforms/android-34/data/res/values-mcc302-mnc370-zh-rHK: Cannot utime: Operation not permitted
build	Cache Android SDK	2026-06-06T12:22:58.0469238Z /usr/bin/tar: ../../../../../usr/local/lib/android/sdk/platforms/android-34/data/res/values-mcc302-mnc370-zh-rHK: Cannot change mode to rwxr-xr-x: Operation not permitted
build	Cache Android SDK	2026-06-06T12:22:58.0472003Z /usr/bin/tar: ../../../../../usr/local/lib/android/sdk/platforms/android-34/data/res/values-ar-rEG: Cannot utime: Operation not permitted
build	Cache Android SDK	2026-06-06T12:22:58.0472491Z /usr/bin/tar: ../../../../../usr/local/lib/android/sdk/platforms/android-34/data/res/values-ar-rEG: Cannot change mode to rwxr-xr-x: Operation not permitted
build	Cache Android SDK	2026-06-06T12:22:58.0475195Z /usr/bin/tar: ../../../../../usr/local/lib/android/sdk/platforms/android-34/data/res/values-mcc310-mnc310-uz: Cannot utime: Operation not permitted
build	Cache Android SDK	2026-06-06T12:22:58.0475696Z /usr/bin/tar: ../../../../../usr/local/lib/android/sdk/platforms/android-34/data/res/values-mcc310-mnc310-uz: Cannot change mode to rwxr-xr-x: Operation not permitted
build	Cache Android SDK	2026-06-06T12:22:58.0478756Z /usr/bin/tar: ../../../../../usr/local/lib/android/sdk/platforms/android-34/data/res/values-mcc310-mnc800-it: Cannot utime: Operation not permitted
build	Cache Android SDK	2026-06-06T12:22:58.0479303Z /usr/bin/tar: ../../../../../usr/local/lib/android/sdk/platforms/android-34/data/res/values-mcc310-mnc800-it: Cannot change mode to rwxr-xr-x: Operation not permitted
build	Cache Android SDK	2026-06-06T12:22:58.0482516Z /usr/bin/tar: ../../../../../usr/local/lib/android/sdk/platforms/android-34/data/res/values-mcc310-mnc410-kk: Cannot utime: Operation not permitted
build	Cache Android SDK	2026-06-06T12:22:58.0482976Z /usr/bin/tar: ../../../../../usr/local/lib/android/sdk/platforms/android-34/data/res/values-mcc310-mnc410-kk: Cannot change mode to rwxr-xr-x: Operation not permitted
build	Cache Android SDK	2026-06-06T12:22:58.0485982Z /usr/bin/tar: ../../../../../usr/local/lib/android/sdk/platforms/android-34/data/res/values-mcc310-mnc950-eu: Cannot utime: Operation not permitted
build	Cache Android SDK	2026-06-06T12:22:58.0486568Z /usr/bin/tar: ../../../../../usr/local/lib/android/sdk/platforms/android-34/data/res/values-mcc310-mnc950-eu: Cannot change mode to rwxr-xr-x: Operation not permitted
build	Cache Android SDK	2026-06-06T12:22:58.0489432Z /usr/bin/tar: ../../../../../usr/local/lib/android/sdk/platforms/android-34/data/res/values-mcc302-mnc720-af: Cannot utime: Operation not permitted
build	Cache Android SDK	2026-06-06T12:22:58.0490036Z /usr/bin/tar: ../../../../../usr/local/lib/android/sdk/platforms/android-34/data/res/values-mcc302-mnc720-af: Cannot change mode to rwxr-xr-x: Operation not permitted
build	Cache Android SDK	2026-06-06T12:22:58.0492572Z /usr/bin/tar: ../../../../../usr/local/lib/android/sdk/platforms/android-34/data/res/values-mcc334-mnc020-es: Cannot utime: Operation not permitted
build	Cache Android SDK	2026-06-06T12:22:58.0493028Z /usr/bin/tar: ../../../../../usr/local/lib/android/sdk/platforms/android-34/data/res/values-mcc334-mnc020-es: Cannot change mode to rwxr-xr-x: Operation not permitted
build	Cache Android SDK	2026-06-06T12:22:58.0496035Z /usr/bin/tar: ../../../../../usr/local/lib/android/sdk/platforms/android-34/data/res/values-mcc310-mnc410-be: Cannot utime: Operation not permitted
build	Cache Android SDK	2026-06-06T12:22:58.0496478Z /usr/bin/tar: ../../../../../usr/local/lib/android/sdk/platforms/android-34/data/res/values-mcc310-mnc410-be: Cannot change mode to rwxr-xr-x: Operation not permitted
build	Cache Android SDK	2026-06-06T12:22:58.0499184Z /usr/bin/tar: ../../../../../usr/local/lib/android/sdk/platforms/android-34/data/res/values-mcc310-mnc030-am: Cannot utime: Operation not permitted
build	Cache Android SDK	2026-06-06T12:22:58.0499627Z /usr/bin/tar: ../../../../../usr/local/lib/android/sdk/platforms/android-34/data/res/values-mcc310-mnc030-am: Cannot change mode to rwxr-xr-x: Operation not permitted
build	Cache Android SDK	2026-06-06T12:22:58.0504968Z /usr/bin/tar: ../../../../../usr/local/lib/android/sdk/platforms/android-34/data/res/values-sq: Cannot utime: Operation not permitted
build	Cache Android SDK	2026-06-06T12:22:58.0505776Z /usr/bin/tar: ../../../../../usr/local/lib/android/sdk/platforms/android-34/data/res/values-sq: Cannot change mode to rwxr-xr-x: Operation not permitted
build	Cache Android SDK	2026-06-06T12:22:58.0508084Z /usr/bin/tar: ../../../../../usr/local/lib/android/sdk/platforms/android-34/data/res/values-mcc310-mnc380-bs: Cannot utime: Operation not permitted
build	Cache Android SDK	2026-06-06T12:22:58.0508539Z /usr/bin/tar: ../../../../../usr/local/lib/android/sdk/platforms/android-34/data/res/values-mcc310-mnc380-bs: Cannot change mode to rwxr-xr-x: Operation not permitted
build	Cache Android SDK	2026-06-06T12:22:58.0513313Z /usr/bin/tar: ../../../../../usr/local/lib/android/sdk/platforms/android-34/data/res/values-mcc310-mnc660-te: Cannot utime: Operation not permitted
build	Cache Android SDK	2026-06-06T12:22:58.0513916Z /usr/bin/tar: ../../../../../usr/local/lib/android/sdk/platforms/android-34/data/res/values-mcc310-mnc660-te: Cannot change mode to rwxr-xr-x: Operation not permitted
build	Cache Android SDK	2026-06-06T12:22:58.0515007Z /usr/bin/tar: ../../../../../usr/local/lib/android/sdk/platforms/android-34/data/res/values-mcc310-mnc950-es: Cannot utime: Operation not permitted
build	Cache Android SDK	2026-06-06T12:22:58.0515514Z /usr/bin/tar: ../../../../../usr/local/lib/android/sdk/platforms/android-34/data/res/values-mcc310-mnc950-es: Cannot change mode to rwxr-xr-x: Operation not permitted
build	Cache Android SDK	2026-06-06T12:22:58.0518462Z /usr/bin/tar: ../../../../../usr/local/lib/android/sdk/platforms/android-34/data/res/xml-land: Cannot utime: Operation not permitted
build	Cache Android SDK	2026-06-06T12:22:58.0518875Z /usr/bin/tar: ../../../../../usr/local/lib/android/sdk/platforms/android-34/data/res/xml-land: Cannot change mode to rwxr-xr-x: Operation not permitted
build	Cache Android SDK	2026-06-06T12:22:58.0521681Z /usr/bin/tar: ../../../../../usr/local/lib/android/sdk/platforms/android-34/data/res/values-w225dp: Cannot utime: Operation not permitted
build	Cache Android SDK	2026-06-06T12:22:58.0522110Z /usr/bin/tar: ../../../../../usr/local/lib/android/sdk/platforms/android-34/data/res/values-w225dp: Cannot change mode to rwxr-xr-x: Operation not permitted
build	Cache Android SDK	2026-06-06T12:22:58.0525086Z /usr/bin/tar: ../../../../../usr/local/lib/android/sdk/platforms/android-34/data/res/values-mcc311-mnc180-pt-rPT: Cannot utime: Operation not permitted
build	Cache Android SDK	2026-06-06T12:22:58.0525559Z /usr/bin/tar: ../../../../../usr/local/lib/android/sdk/platforms/android-34/data/res/values-mcc311-mnc180-pt-rPT: Cannot change mode to rwxr-xr-x: Operation not permitted
build	Cache Android SDK	2026-06-06T12:22:58.0528083Z /usr/bin/tar: ../../../../../usr/local/lib/android/sdk/platforms/android-34/data/res/values-mcc310-mnc490-de: Cannot utime: Operation not permitted
build	Cache Android SDK	2026-06-06T12:22:58.0528533Z /usr/bin/tar: ../../../../../usr/local/lib/android/sdk/platforms/android-34/data/res/values-mcc310-mnc490-de: Cannot change mode to rwxr-xr-x: Operation not permitted
build	Cache Android SDK	2026-06-06T12:22:58.0531334Z /usr/bin/tar: ../../../../../usr/local/lib/android/sdk/platforms/android-34/data/res/values-mcc310-mnc150-sk: Cannot utime: Operation not permitted
build	Cache Android SDK	2026-06-06T12:22:58.0531929Z /usr/bin/tar: ../../../../../usr/local/lib/android/sdk/platforms/android-34/data/res/values-mcc310-mnc150-sk: Cannot change mode to rwxr-xr-x: Operation not permitted
build	Cache Android SDK	2026-06-06T12:22:58.0534184Z /usr/bin/tar: ../../../../../usr/local/lib/android/sdk/platforms/android-34/data/res/values-mcc310-mnc950-hy: Cannot utime: Operation not permitted
build	Cache Android SDK	2026-06-06T12:22:58.0534631Z /usr/bin/tar: ../../../../../usr/local/lib/android/sdk/platforms/android-34/data/res/values-mcc310-mnc950-hy: Cannot change mode to rwxr-xr-x: Operation not permitted
build	Cache Android SDK	2026-06-06T12:22:58.0537611Z /usr/bin/tar: ../../../../../usr/local/lib/android/sdk/platforms/android-34/data/res/values-am-rET: Cannot utime: Operation not permitted
build	Cache Android SDK	2026-06-06T12:22:58.0538034Z /usr/bin/tar: ../../../../../usr/local/lib/android/sdk/platforms/android-34/data/res/values-am-rET: Cannot change mode to rwxr-xr-x: Operation not permitted
build	Cache Android SDK	2026-06-06T12:22:58.0540571Z /usr/bin/tar: ../../../../../usr/local/lib/android/sdk/platforms/android-34/data/res/values-mcc310-mnc030-zh-rCN: Cannot utime: Operation not permitted
build	Cache Android SDK	2026-06-06T12:22:58.0541122Z /usr/bin/tar: ../../../../../usr/local/lib/android/sdk/platforms/android-34/data/res/values-mcc310-mnc030-zh-rCN: Cannot change mode to rwxr-xr-x: Operation not permitted
build	Cache Android SDK	2026-06-06T12:22:58.0544236Z /usr/bin/tar: ../../../../../usr/local/lib/android/sdk/platforms/android-34/data/res/raw-tr: Cannot utime: Operation not permitted
build	Cache Android SDK	2026-06-06T12:22:58.0544632Z /usr/bin/tar: ../../../../../usr/local/lib/android/sdk/platforms/android-34/data/res/raw-tr: Cannot change mode to rwxr-xr-x: Operation not permitted
build	Cache Android SDK	2026-06-06T12:22:58.0547455Z /usr/bin/tar: ../../../../../usr/local/lib/android/sdk/platforms/android-34/data/res/values-mcc310-mnc230-lo: Cannot utime: Operation not permitted
build	Cache Android SDK	2026-06-06T12:22:58.0547946Z /usr/bin/tar: ../../../../../usr/local/lib/android/sdk/platforms/android-34/data/res/values-mcc310-mnc230-lo: Cannot change mode to rwxr-xr-x: Operation not permitted
build	Cache Android SDK	2026-06-06T12:22:58.0550483Z /usr/bin/tar: ../../../../../usr/local/lib/android/sdk/platforms/android-34/data/res/values-mcc310-mnc240-kk: Cannot utime: Operation not permitted
build	Cache Android SDK	2026-06-06T12:22:58.0550931Z /usr/bin/tar: ../../../../../usr/local/lib/android/sdk/platforms/android-34/data/res/values-mcc310-mnc240-kk: Cannot change mode to rwxr-xr-x: Operation not permitted
build	Cache Android SDK	2026-06-06T12:22:58.0553522Z /usr/bin/tar: ../../../../../usr/local/lib/android/sdk/platforms/android-34/data/res/values-mcc312-mnc670-ru: Cannot utime: Operation not permitted
build	Cache Android SDK	2026-06-06T12:22:58.0553972Z /usr/bin/tar: ../../../../../usr/local/lib/android/sdk/platforms/android-34/data/res/values-mcc312-mnc670-ru: Cannot change mode to rwxr-xr-x: Operation not permitted
build	Cache Android SDK	2026-06-06T12:22:58.0556968Z /usr/bin/tar: ../../../../../usr/local/lib/android/sdk/platforms/android-34/data/res/values-mcc310-mnc210-ky: Cannot utime: Operation not permitted
build	Cache Android SDK	2026-06-06T12:22:58.0557543Z /usr/bin/tar: ../../../../../usr/local/lib/android/sdk/platforms/android-34/data/res/values-mcc310-mnc210-ky: Cannot change mode to rwxr-xr-x: Operation not permitted
build	Cache Android SDK	2026-06-06T12:22:58.0563284Z /usr/bin/tar: ../../../../../usr/local/lib/android/sdk/platforms/android-34/data/res/values-en-rAU: Cannot utime: Operation not permitted
build	Cache Android SDK	2026-06-06T12:22:58.0563870Z /usr/bin/tar: ../../../../../usr/local/lib/android/sdk/platforms/android-34/data/res/values-en-rAU: Cannot change mode to rwxr-xr-x: Operation not permitted
build	Cache Android SDK	2026-06-06T12:22:58.0566398Z /usr/bin/tar: ../../../../../usr/local/lib/android/sdk/platforms/android-34/data/res/values-mcc310-mnc230-hy: Cannot utime: Operation not permitted
build	Cache Android SDK	2026-06-06T12:22:58.0566846Z /usr/bin/tar: ../../../../../usr/local/lib/android/sdk/platforms/android-34/data/res/values-mcc310-mnc230-hy: Cannot change mode to rwxr-xr-x: Operation not permitted
build	Cache Android SDK	2026-06-06T12:22:58.0569435Z /usr/bin/tar: ../../../../../usr/local/lib/android/sdk/platforms/android-34/data/res/values-mcc310-mnc150-en-rXC: Cannot utime: Operation not permitted
build	Cache Android SDK	2026-06-06T12:22:58.0569909Z /usr/bin/tar: ../../../../../usr/local/lib/android/sdk/platforms/android-34/data/res/values-mcc310-mnc150-en-rXC: Cannot change mode to rwxr-xr-x: Operation not permitted
build	Cache Android SDK	2026-06-06T12:22:58.0574837Z /usr/bin/tar: ../../../../../usr/local/lib/android/sdk/platforms/android-34/data/res/values-zh-rHK: Cannot utime: Operation not permitted
build	Cache Android SDK	2026-06-06T12:22:58.0575337Z /usr/bin/tar: ../../../../../usr/local/lib/android/sdk/platforms/android-34/data/res/values-zh-rHK: Cannot change mode to rwxr-xr-x: Operation not permitted
build	Cache Android SDK	2026-06-06T12:22:58.0578130Z /usr/bin/tar: ../../../../../usr/local/lib/android/sdk/platforms/android-34/data/res/values-en-rIN-watch: Cannot utime: Operation not permitted
build	Cache Android SDK	2026-06-06T12:22:58.0578592Z /usr/bin/tar: ../../../../../usr/local/lib/android/sdk/platforms/android-34/data/res/values-en-rIN-watch: Cannot change mode to rwxr-xr-x: Operation not permitted
build	Cache Android SDK	2026-06-06T12:22:58.0581195Z /usr/bin/tar: ../../../../../usr/local/lib/android/sdk/platforms/android-34/data/res/values-mcc312-mnc670-am: Cannot utime: Operation not permitted
build	Cache Android SDK	2026-06-06T12:22:58.0581815Z /usr/bin/tar: ../../../../../usr/local/lib/android/sdk/platforms/android-34/data/res/values-mcc312-mnc670-am: Cannot change mode to rwxr-xr-x: Operation not permitted
build	Cache Android SDK	2026-06-06T12:22:58.0584369Z /usr/bin/tar: ../../../../../usr/local/lib/android/sdk/platforms/android-34/data/res/values-mcc310-mnc660-el: Cannot utime: Operation not permitted
build	Cache Android SDK	2026-06-06T12:22:58.0584812Z /usr/bin/tar: ../../../../../usr/local/lib/android/sdk/platforms/android-34/data/res/values-mcc310-mnc660-el: Cannot change mode to rwxr-xr-x: Operation not permitted
build	Cache Android SDK	2026-06-06T12:22:58.0587276Z /usr/bin/tar: ../../../../../usr/local/lib/android/sdk/platforms/android-34/data/res/values-mcc310-mnc310-vi: Cannot utime: Operation not permitted
build	Cache Android SDK	2026-06-06T12:22:58.0587888Z /usr/bin/tar: ../../../../../usr/local/lib/android/sdk/platforms/android-34/data/res/values-mcc310-mnc310-vi: Cannot change mode to rwxr-xr-x: Operation not permitted
build	Cache Android SDK	2026-06-06T12:22:58.0590431Z /usr/bin/tar: ../../../../../usr/local/lib/android/sdk/platforms/android-34/data/res/values-mcc310-mnc240-af: Cannot utime: Operation not permitted
build	Cache Android SDK	2026-06-06T12:22:58.0590884Z /usr/bin/tar: ../../../../../usr/local/lib/android/sdk/platforms/android-34/data/res/values-mcc310-mnc240-af: Cannot change mode to rwxr-xr-x: Operation not permitted
build	Cache Android SDK	2026-06-06T12:22:58.0593491Z /usr/bin/tar: ../../../../../usr/local/lib/android/sdk/platforms/android-34/data/res/values-mcc310-mnc490-uk: Cannot utime: Operation not permitted
build	Cache Android SDK	2026-06-06T12:22:58.0593939Z /usr/bin/tar: ../../../../../usr/local/lib/android/sdk/platforms/android-34/data/res/values-mcc310-mnc490-uk: Cannot change mode to rwxr-xr-x: Operation not permitted
build	Cache Android SDK	2026-06-06T12:22:58.0598338Z /usr/bin/tar: ../../../../../usr/local/lib/android/sdk/platforms/android-34/data/res/values-mcc310-mnc210-pa: Cannot utime: Operation not permitted
build	Cache Android SDK	2026-06-06T12:22:58.0598802Z /usr/bin/tar: ../../../../../usr/local/lib/android/sdk/platforms/android-34/data/res/values-mcc310-mnc210-pa: Cannot change mode to rwxr-xr-x: Operation not permitted
build	Cache Android SDK	2026-06-06T12:22:58.0601595Z /usr/bin/tar: ../../../../../usr/local/lib/android/sdk/platforms/android-34/data/res/values-mcc310-mnc380-ro: Cannot utime: Operation not permitted
build	Cache Android SDK	2026-06-06T12:22:58.0602064Z /usr/bin/tar: ../../../../../usr/local/lib/android/sdk/platforms/android-34/data/res/values-mcc310-mnc380-ro: Cannot change mode to rwxr-xr-x: Operation not permitted
build	Cache Android SDK	2026-06-06T12:22:58.0608687Z /usr/bin/tar: ../../../../../usr/local/lib/android/sdk/platforms/android-34/data/res/values-ta: Cannot utime: Operation not permitted
build	Cache Android SDK	2026-06-06T12:22:58.0609162Z /usr/bin/tar: ../../../../../usr/local/lib/android/sdk/platforms/android-34/data/res/values-ta: Cannot change mode to rwxr-xr-x: Operation not permitted
build	Cache Android SDK	2026-06-06T12:22:58.0612503Z /usr/bin/tar: ../../../../../usr/local/lib/android/sdk/platforms/android-34/data/res/values-mcc310-mnc800-ml: Cannot utime: Operation not permitted
build	Cache Android SDK	2026-06-06T12:22:58.0612984Z /usr/bin/tar: ../../../../../usr/local/lib/android/sdk/platforms/android-34/data/res/values-mcc310-mnc800-ml: Cannot change mode to rwxr-xr-x: Operation not permitted
build	Cache Android SDK	2026-06-06T12:22:58.0615536Z /usr/bin/tar: ../../../../../usr/local/lib/android/sdk/platforms/android-34/data/res/values-mcc313-mnc100-mr: Cannot utime: Operation not permitted
build	Cache Android SDK	2026-06-06T12:22:58.0615997Z /usr/bin/tar: ../../../../../usr/local/lib/android/sdk/platforms/android-34/data/res/values-mcc313-mnc100-mr: Cannot change mode to rwxr-xr-x: Operation not permitted
build	Cache Android SDK	2026-06-06T12:22:58.0619131Z /usr/bin/tar: ../../../../../usr/local/lib/android/sdk/platforms/android-34/data/res/values-mcc302-mnc370-sw: Cannot utime: Operation not permitted
build	Cache Android SDK	2026-06-06T12:22:58.0619597Z /usr/bin/tar: ../../../../../usr/local/lib/android/sdk/platforms/android-34/data/res/values-mcc302-mnc370-sw: Cannot change mode to rwxr-xr-x: Operation not permitted
build	Cache Android SDK	2026-06-06T12:22:58.0622519Z /usr/bin/tar: ../../../../../usr/local/lib/android/sdk/platforms/android-34/data/res/values-mcc302-mnc720-en-rAU: Cannot utime: Operation not permitted
build	Cache Android SDK	2026-06-06T12:22:58.0623120Z /usr/bin/tar: ../../../../../usr/local/lib/android/sdk/platforms/android-34/data/res/values-mcc302-mnc720-en-rAU: Cannot change mode to rwxr-xr-x: Operation not permitted
build	Cache Android SDK	2026-06-06T12:22:58.0628445Z /usr/bin/tar: ../../../../../usr/local/lib/android/sdk/platforms/android-34/data/res/values-pt: Cannot utime: Operation not permitted
build	Cache Android SDK	2026-06-06T12:22:58.0629002Z /usr/bin/tar: ../../../../../usr/local/lib/android/sdk/platforms/android-34/data/res/values-pt: Cannot change mode to rwxr-xr-x: Operation not permitted
build	Cache Android SDK	2026-06-06T12:22:58.0631374Z /usr/bin/tar: ../../../../../usr/local/lib/android/sdk/platforms/android-34/data/res/values-ur-watch: Cannot utime: Operation not permitted
build	Cache Android SDK	2026-06-06T12:22:58.0631812Z /usr/bin/tar: ../../../../../usr/local/lib/android/sdk/platforms/android-34/data/res/values-ur-watch: Cannot change mode to rwxr-xr-x: Operation not permitted
build	Cache Android SDK	2026-06-06T12:22:58.0634350Z /usr/bin/tar: ../../../../../usr/local/lib/android/sdk/platforms/android-34/data/res/values-mcc310-mnc310-lt: Cannot utime: Operation not permitted
build	Cache Android SDK	2026-06-06T12:22:58.0634808Z /usr/bin/tar: ../../../../../usr/local/lib/android/sdk/platforms/android-34/data/res/values-mcc310-mnc310-lt: Cannot change mode to rwxr-xr-x: Operation not permitted
build	Cache Android SDK	2026-06-06T12:22:58.0637639Z /usr/bin/tar: ../../../../../usr/local/lib/android/sdk/platforms/android-34/data/res/values-mcc310-mnc660-kk: Cannot utime: Operation not permitted
build	Cache Android SDK	2026-06-06T12:22:58.0638077Z /usr/bin/tar: ../../../../../usr/local/lib/android/sdk/platforms/android-34/data/res/values-mcc310-mnc660-kk: Cannot change mode to rwxr-xr-x: Operation not permitted
build	Cache Android SDK	2026-06-06T12:22:58.0640760Z /usr/bin/tar: ../../../../../usr/local/lib/android/sdk/platforms/android-34/data/res/values-cs-rCZ: Cannot utime: Operation not permitted
build	Cache Android SDK	2026-06-06T12:22:58.0641296Z /usr/bin/tar: ../../../../../usr/local/lib/android/sdk/platforms/android-34/data/res/values-cs-rCZ: Cannot change mode to rwxr-xr-x: Operation not permitted
build	Cache Android SDK	2026-06-06T12:22:58.0644490Z /usr/bin/tar: ../../../../../usr/local/lib/android/sdk/platforms/android-34/data/res/values-mcc450-mnc05: Cannot utime: Operation not permitted
build	Cache Android SDK	2026-06-06T12:22:58.0644938Z /usr/bin/tar: ../../../../../usr/local/lib/android/sdk/platforms/android-34/data/res/values-mcc450-mnc05: Cannot change mode to rwxr-xr-x: Operation not permitted
build	Cache Android SDK	2026-06-06T12:22:58.0648205Z /usr/bin/tar: ../../../../../usr/local/lib/android/sdk/platforms/android-34/data/res/values-mcc313-mnc100-vi: Cannot utime: Operation not permitted
build	Cache Android SDK	2026-06-06T12:22:58.0648649Z /usr/bin/tar: ../../../../../usr/local/lib/android/sdk/platforms/android-34/data/res/values-mcc313-mnc100-vi: Cannot change mode to rwxr-xr-x: Operation not permitted
build	Cache Android SDK	2026-06-06T12:22:58.0651616Z /usr/bin/tar: ../../../../../usr/local/lib/android/sdk/platforms/android-34/data/res/values-it-television: Cannot utime: Operation not permitted
build	Cache Android SDK	2026-06-06T12:22:58.0652074Z /usr/bin/tar: ../../../../../usr/local/lib/android/sdk/platforms/android-34/data/res/values-it-television: Cannot change mode to rwxr-xr-x: Operation not permitted
build	Cache Android SDK	2026-06-06T12:22:58.0654568Z /usr/bin/tar: ../../../../../usr/local/lib/android/sdk/platforms/android-34/data/res/values-mcc310-mnc950-as: Cannot utime: Operation not permitted
build	Cache Android SDK	2026-06-06T12:22:58.0655020Z /usr/bin/tar: ../../../../../usr/local/lib/android/sdk/platforms/android-34/data/res/values-mcc310-mnc950-as: Cannot change mode to rwxr-xr-x: Operation not permitted
build	Cache Android SDK	2026-06-06T12:22:58.0657813Z /usr/bin/tar: ../../../../../usr/local/lib/android/sdk/platforms/android-34/data/res/values-mcc302-mnc370-lt: Cannot utime: Operation not permitted
build	Cache Android SDK	2026-06-06T12:22:58.0658261Z /usr/bin/tar: ../../../../../usr/local/lib/android/sdk/platforms/android-34/data/res/values-mcc302-mnc370-lt: Cannot change mode to rwxr-xr-x: Operation not permitted
build	Cache Android SDK	2026-06-06T12:22:58.0660757Z /usr/bin/tar: ../../../../../usr/local/lib/android/sdk/platforms/android-34/data/res/values-mcc310-mnc230-ky: Cannot utime: Operation not permitted
build	Cache Android SDK	2026-06-06T12:22:58.0661311Z /usr/bin/tar: ../../../../../usr/local/lib/android/sdk/platforms/android-34/data/res/values-mcc310-mnc230-ky: Cannot change mode to rwxr-xr-x: Operation not permitted
build	Cache Android SDK	2026-06-06T12:22:58.0664032Z /usr/bin/tar: ../../../../../usr/local/lib/android/sdk/platforms/android-34/data/res/values-mcc310-mnc210-sw: Cannot utime: Operation not permitted
build	Cache Android SDK	2026-06-06T12:22:58.0664534Z /usr/bin/tar: ../../../../../usr/local/lib/android/sdk/platforms/android-34/data/res/values-mcc310-mnc210-sw: Cannot change mode to rwxr-xr-x: Operation not permitted
build	Cache Android SDK	2026-06-06T12:22:58.0667852Z /usr/bin/tar: ../../../../../usr/local/lib/android/sdk/platforms/android-34/data/res/values-mcc310-mnc490-hr: Cannot utime: Operation not permitted
build	Cache Android SDK	2026-06-06T12:22:58.0668402Z /usr/bin/tar: ../../../../../usr/local/lib/android/sdk/platforms/android-34/data/res/values-mcc310-mnc490-hr: Cannot change mode to rwxr-xr-x: Operation not permitted
build	Cache Android SDK	2026-06-06T12:22:58.0670450Z /usr/bin/tar: ../../../../../usr/local/lib/android/sdk/platforms/android-34/data/res/values-mcc310-mnc410-az: Cannot utime: Operation not permitted
build	Cache Android SDK	2026-06-06T12:22:58.0670919Z /usr/bin/tar: ../../../../../usr/local/lib/android/sdk/platforms/android-34/data/res/values-mcc310-mnc410-az: Cannot change mode to rwxr-xr-x: Operation not permitted
build	Cache Android SDK	2026-06-06T12:22:58.0673762Z /usr/bin/tar: ../../../../../usr/local/lib/android/sdk/platforms/android-34/data/res/values-mcc310-mnc380-kn: Cannot utime: Operation not permitted
build	Cache Android SDK	2026-06-06T12:22:58.0674234Z /usr/bin/tar: ../../../../../usr/local/lib/android/sdk/platforms/android-34/data/res/values-mcc310-mnc380-kn: Cannot change mode to rwxr-xr-x: Operation not permitted
build	Cache Android SDK	2026-06-06T12:22:58.0676410Z /usr/bin/tar: ../../../../../usr/local/lib/android/sdk/platforms/android-34/data/res/values-mcc310-mnc150-mn: Cannot utime: Operation not permitted
build	Cache Android SDK	2026-06-06T12:22:58.0676867Z /usr/bin/tar: ../../../../../usr/local/lib/android/sdk/platforms/android-34/data/res/values-mcc310-mnc150-mn: Cannot change mode to rwxr-xr-x: Operation not permitted
build	Cache Android SDK	2026-06-06T12:22:58.0679480Z /usr/bin/tar: ../../../../../usr/local/lib/android/sdk/platforms/android-34/data/res/values-mcc310-mnc150-mr: Cannot utime: Operation not permitted
build	Cache Android SDK	2026-06-06T12:22:58.0679955Z /usr/bin/tar: ../../../../../usr/local/lib/android/sdk/platforms/android-34/data/res/values-mcc310-mnc150-mr: Cannot change mode to rwxr-xr-x: Operation not permitted
build	Cache Android SDK	2026-06-06T12:22:58.0682991Z /usr/bin/tar: ../../../../../usr/local/lib/android/sdk/platforms/android-34/data/res/values-mcc310-mnc220-ca: Cannot utime: Operation not permitted
build	Cache Android SDK	2026-06-06T12:22:58.0683449Z /usr/bin/tar: ../../../../../usr/local/lib/android/sdk/platforms/android-34/data/res/values-mcc310-mnc220-ca: Cannot change mode to rwxr-xr-x: Operation not permitted
build	Cache Android SDK	2026-06-06T12:22:58.0686097Z /usr/bin/tar: ../../../../../usr/local/lib/android/sdk/platforms/android-34/data/res/values-mcc310-mnc490-hu: Cannot utime: Operation not permitted
build	Cache Android SDK	2026-06-06T12:22:58.0686567Z /usr/bin/tar: ../../../../../usr/local/lib/android/sdk/platforms/android-34/data/res/values-mcc310-mnc490-hu: Cannot change mode to rwxr-xr-x: Operation not permitted
build	Cache Android SDK	2026-06-06T12:22:58.0688920Z /usr/bin/tar: ../../../../../usr/local/lib/android/sdk/platforms/android-34/data/res/values-mcc310-mnc310-it: Cannot utime: Operation not permitted
build	Cache Android SDK	2026-06-06T12:22:58.0689391Z /usr/bin/tar: ../../../../../usr/local/lib/android/sdk/platforms/android-34/data/res/values-mcc310-mnc310-it: Cannot change mode to rwxr-xr-x: Operation not permitted
build	Cache Android SDK	2026-06-06T12:22:58.0691787Z /usr/bin/tar: ../../../../../usr/local/lib/android/sdk/platforms/android-34/data/res/values-mcc310-mnc220-zh-rCN: Cannot utime: Operation not permitted
build	Cache Android SDK	2026-06-06T12:22:58.0695040Z /usr/bin/tar: ../../../../../usr/local/lib/android/sdk/platforms/android-34/data/res/values-mcc310-mnc220-zh-rCN: Cannot change mode to rwxr-xr-x: Operation not permitted
build	Cache Android SDK	2026-06-06T12:22:58.0695455Z /usr/bin/tar: ../../../../../usr/local/lib/android/sdk/platforms/android-34/data/res/values-mcc311-mnc180-ro: Cannot utime: Operation not permitted
build	Cache Android SDK	2026-06-06T12:22:58.0696143Z /usr/bin/tar: ../../../../../usr/local/lib/android/sdk/platforms/android-34/data/res/values-mcc311-mnc180-ro: Cannot change mode to rwxr-xr-x: Operation not permitted
build	Cache Android SDK	2026-06-06T12:22:58.0698232Z /usr/bin/tar: ../../../../../usr/local/lib/android/sdk/platforms/android-34/data/res/values-es-rMX: Cannot utime: Operation not permitted
build	Cache Android SDK	2026-06-06T12:22:58.0698674Z /usr/bin/tar: ../../../../../usr/local/lib/android/sdk/platforms/android-34/data/res/values-es-rMX: Cannot change mode to rwxr-xr-x: Operation not permitted
build	Cache Android SDK	2026-06-06T12:22:58.0705476Z /usr/bin/tar: ../../../../../usr/local/lib/android/sdk/platforms/android-34/data/res/values-hy: Cannot utime: Operation not permitted
build	Cache Android SDK	2026-06-06T12:22:58.0706246Z /usr/bin/tar: ../../../../../usr/local/lib/android/sdk/platforms/android-34/data/res/values-hy: Cannot change mode to rwxr-xr-x: Operation not permitted
build	Cache Android SDK	2026-06-06T12:22:58.0712091Z /usr/bin/tar: ../../../../../usr/local/lib/android/sdk/platforms/android-34/data/res/values-mcc310-mnc950-en-rAU: Cannot utime: Operation not permitted
build	Cache Android SDK	2026-06-06T12:22:58.0712720Z /usr/bin/tar: ../../../../../usr/local/lib/android/sdk/platforms/android-34/data/res/values-mcc310-mnc950-en-rAU: Cannot change mode to rwxr-xr-x: Operation not permitted
build	Cache Android SDK	2026-06-06T12:22:58.0714902Z /usr/bin/tar: ../../../../../usr/local/lib/android/sdk/platforms/android-34/data/res/values-mcc302-mnc370-it: Cannot utime: Operation not permitted
build	Cache Android SDK	2026-06-06T12:22:58.0715909Z /usr/bin/tar: ../../../../../usr/local/lib/android/sdk/platforms/android-34/data/res/values-mcc302-mnc370-it: Cannot change mode to rwxr-xr-x: Operation not permitted
build	Cache Android SDK	2026-06-06T12:22:58.0719410Z /usr/bin/tar: ../../../../../usr/local/lib/android/sdk/platforms/android-34/data/res/values-sw720dp: Cannot utime: Operation not permitted
build	Cache Android SDK	2026-06-06T12:22:58.0720291Z /usr/bin/tar: ../../../../../usr/local/lib/android/sdk/platforms/android-34/data/res/values-sw720dp: Cannot change mode to rwxr-xr-x: Operation not permitted
build	Cache Android SDK	2026-06-06T12:22:58.0722628Z /usr/bin/tar: ../../../../../usr/local/lib/android/sdk/platforms/android-34/data/res/layout-notround-watch: Cannot utime: Operation not permitted
build	Cache Android SDK	2026-06-06T12:22:58.0723166Z /usr/bin/tar: ../../../../../usr/local/lib/android/sdk/platforms/android-34/data/res/layout-notround-watch: Cannot change mode to rwxr-xr-x: Operation not permitted
build	Cache Android SDK	2026-06-06T12:22:58.0725949Z /usr/bin/tar: ../../../../../usr/local/lib/android/sdk/platforms/android-34/data/res/values-mcc310-mnc220-af: Cannot utime: Operation not permitted
build	Cache Android SDK	2026-06-06T12:22:58.0726416Z /usr/bin/tar: ../../../../../usr/local/lib/android/sdk/platforms/android-34/data/res/values-mcc310-mnc220-af: Cannot change mode to rwxr-xr-x: Operation not permitted
build	Cache Android SDK	2026-06-06T12:22:58.0729692Z /usr/bin/tar: ../../../../../usr/local/lib/android/sdk/platforms/android-34/data/res/values-mcc310-mnc270-cs: Cannot utime: Operation not permitted
build	Cache Android SDK	2026-06-06T12:22:58.0730156Z /usr/bin/tar: ../../../../../usr/local/lib/android/sdk/platforms/android-34/data/res/values-mcc310-mnc270-cs: Cannot change mode to rwxr-xr-x: Operation not permitted
build	Cache Android SDK	2026-06-06T12:22:58.0732646Z /usr/bin/tar: ../../../../../usr/local/lib/android/sdk/platforms/android-34/data/res/values-mcc310-mnc490-kn: Cannot utime: Operation not permitted
build	Cache Android SDK	2026-06-06T12:22:58.0733109Z /usr/bin/tar: ../../../../../usr/local/lib/android/sdk/platforms/android-34/data/res/values-mcc310-mnc490-kn: Cannot change mode to rwxr-xr-x: Operation not permitted
build	Cache Android SDK	2026-06-06T12:22:58.0735591Z /usr/bin/tar: ../../../../../usr/local/lib/android/sdk/platforms/android-34/data/res/values-mcc310-mnc660-pl: Cannot utime: Operation not permitted
build	Cache Android SDK	2026-06-06T12:22:58.0736045Z /usr/bin/tar: ../../../../../usr/local/lib/android/sdk/platforms/android-34/data/res/values-mcc310-mnc660-pl: Cannot change mode to rwxr-xr-x: Operation not permitted
build	Cache Android SDK	2026-06-06T12:22:58.0738944Z /usr/bin/tar: ../../../../../usr/local/lib/android/sdk/platforms/android-34/data/res/values-mcc312-mnc670-te: Cannot utime: Operation not permitted
build	Cache Android SDK	2026-06-06T12:22:58.0739398Z /usr/bin/tar: ../../../../../usr/local/lib/android/sdk/platforms/android-34/data/res/values-mcc312-mnc670-te: Cannot change mode to rwxr-xr-x: Operation not permitted
build	Cache Android SDK	2026-06-06T12:22:58.0742525Z /usr/bin/tar: ../../../../../usr/local/lib/android/sdk/platforms/android-34/data/res/values-mcc310-mnc160-hr: Cannot utime: Operation not permitted
build	Cache Android SDK	2026-06-06T12:22:58.0743178Z /usr/bin/tar: ../../../../../usr/local/lib/android/sdk/platforms/android-34/data/res/values-mcc310-mnc160-hr: Cannot change mode to rwxr-xr-x: Operation not permitted
build	Cache Android SDK	2026-06-06T12:22:58.0746401Z /usr/bin/tar: ../../../../../usr/local/lib/android/sdk/platforms/android-34/data/res/values-mcc310-mnc800-af: Cannot utime: Operation not permitted
build	Cache Android SDK	2026-06-06T12:22:58.0747524Z /usr/bin/tar: ../../../../../usr/local/lib/android/sdk/platforms/android-34/data/res/values-mcc310-mnc800-af: Cannot change mode to rwxr-xr-x: Operation not permitted
build	Cache Android SDK	2026-06-06T12:22:58.0749863Z /usr/bin/tar: ../../../../../usr/local/lib/android/sdk/platforms/android-34/data/res/values-mcc310-mnc310-nl: Cannot utime: Operation not permitted
build	Cache Android SDK	2026-06-06T12:22:58.0750939Z /usr/bin/tar: ../../../../../usr/local/lib/android/sdk/platforms/android-34/data/res/values-mcc310-mnc310-nl: Cannot change mode to rwxr-xr-x: Operation not permitted
build	Cache Android SDK	2026-06-06T12:22:58.0753907Z /usr/bin/tar: ../../../../../usr/local/lib/android/sdk/platforms/android-34/data/res/values-sv-rSE: Cannot utime: Operation not permitted
build	Cache Android SDK	2026-06-06T12:22:58.0754999Z /usr/bin/tar: ../../../../../usr/local/lib/android/sdk/platforms/android-34/data/res/values-sv-rSE: Cannot change mode to rwxr-xr-x: Operation not permitted
build	Cache Android SDK	2026-06-06T12:22:58.0757765Z /usr/bin/tar: ../../../../../usr/local/lib/android/sdk/platforms/android-34/data/res/values-mcc310-mnc170-hu: Cannot utime: Operation not permitted
build	Cache Android SDK	2026-06-06T12:22:58.0758868Z /usr/bin/tar: ../../../../../usr/local/lib/android/sdk/platforms/android-34/data/res/values-mcc310-mnc170-hu: Cannot change mode to rwxr-xr-x: Operation not permitted
build	Cache Android SDK	2026-06-06T12:22:58.0760857Z /usr/bin/tar: ../../../../../usr/local/lib/android/sdk/platforms/android-34/data/res/values-mcc302-mnc720-tl: Cannot utime: Operation not permitted
build	Cache Android SDK	2026-06-06T12:22:58.0761835Z /usr/bin/tar: ../../../../../usr/local/lib/android/sdk/platforms/android-34/data/res/values-mcc302-mnc720-tl: Cannot change mode to rwxr-xr-x: Operation not permitted
build	Cache Android SDK	2026-06-06T12:22:58.0764260Z /usr/bin/tar: ../../../../../usr/local/lib/android/sdk/platforms/android-34/data/res/values-mcc001-mnc01-nb: Cannot utime: Operation not permitted
build	Cache Android SDK	2026-06-06T12:22:58.0765199Z /usr/bin/tar: ../../../../../usr/local/lib/android/sdk/platforms/android-34/data/res/values-mcc001-mnc01-nb: Cannot change mode to rwxr-xr-x: Operation not permitted
build	Cache Android SDK	2026-06-06T12:22:58.0768223Z /usr/bin/tar: ../../../../../usr/local/lib/android/sdk/platforms/android-34/data/res/values-mcc310-mnc150-tr: Cannot utime: Operation not permitted
build	Cache Android SDK	2026-06-06T12:22:58.0769167Z /usr/bin/tar: ../../../../../usr/local/lib/android/sdk/platforms/android-34/data/res/values-mcc310-mnc150-tr: Cannot change mode to rwxr-xr-x: Operation not permitted
build	Cache Android SDK	2026-06-06T12:22:58.0771079Z /usr/bin/tar: ../../../../../usr/local/lib/android/sdk/platforms/android-34/data/res/values-mcc310-mnc160-da: Cannot utime: Operation not permitted
build	Cache Android SDK	2026-06-06T12:22:58.0774460Z /usr/bin/tar: ../../../../../usr/local/lib/android/sdk/platforms/android-34/data/res/values-mcc310-mnc160-da: Cannot change mode to rwxr-xr-x: Operation not permitted
build	Cache Android SDK	2026-06-06T12:22:58.0775399Z /usr/bin/tar: ../../../../../usr/local/lib/android/sdk/platforms/android-34/data/res/values-mcc310-mnc240-lo: Cannot utime: Operation not permitted
build	Cache Android SDK	2026-06-06T12:22:58.0776486Z /usr/bin/tar: ../../../../../usr/local/lib/android/sdk/platforms/android-34/data/res/values-mcc310-mnc240-lo: Cannot change mode to rwxr-xr-x: Operation not permitted
build	Cache Android SDK	2026-06-06T12:22:58.0777854Z /usr/bin/tar: ../../../../../usr/local/lib/android/sdk/platforms/android-34/data/res/values-mcc310-mnc250-eu: Cannot utime: Operation not permitted
build	Cache Android SDK	2026-06-06T12:22:58.0778767Z /usr/bin/tar: ../../../../../usr/local/lib/android/sdk/platforms/android-34/data/res/values-mcc310-mnc250-eu: Cannot change mode to rwxr-xr-x: Operation not permitted
build	Cache Android SDK	2026-06-06T12:22:58.0780913Z /usr/bin/tar: ../../../../../usr/local/lib/android/sdk/platforms/android-34/data/res/raw-hu: Cannot utime: Operation not permitted
build	Cache Android SDK	2026-06-06T12:22:58.0781830Z /usr/bin/tar: ../../../../../usr/local/lib/android/sdk/platforms/android-34/data/res/raw-hu: Cannot change mode to rwxr-xr-x: Operation not permitted
build	Cache Android SDK	2026-06-06T12:22:58.0783551Z /usr/bin/tar: ../../../../../usr/local/lib/android/sdk/platforms/android-34/data/res/values-mcc302-mnc370-nb: Cannot utime: Operation not permitted
build	Cache Android SDK	2026-06-06T12:22:58.0784533Z /usr/bin/tar: ../../../../../usr/local/lib/android/sdk/platforms/android-34/data/res/values-mcc302-mnc370-nb: Cannot change mode to rwxr-xr-x: Operation not permitted
build	Cache Android SDK	2026-06-06T12:22:58.0786543Z /usr/bin/tar: ../../../../../usr/local/lib/android/sdk/platforms/android-34/data/res/values-pt-rBR-watch: Cannot utime: Operation not permitted
build	Cache Android SDK	2026-06-06T12:22:58.0788014Z /usr/bin/tar: ../../../../../usr/local/lib/android/sdk/platforms/android-34/data/res/values-pt-rBR-watch: Cannot change mode to rwxr-xr-x: Operation not permitted
build	Cache Android SDK	2026-06-06T12:22:58.0789498Z /usr/bin/tar: ../../../../../usr/local/lib/android/sdk/platforms/android-34/data/res/values-mcc310-mnc150-pt-rBR: Cannot utime: Operation not permitted
build	Cache Android SDK	2026-06-06T12:22:58.0790536Z /usr/bin/tar: ../../../../../usr/local/lib/android/sdk/platforms/android-34/data/res/values-mcc310-mnc150-pt-rBR: Cannot change mode to rwxr-xr-x: Operation not permitted
build	Cache Android SDK	2026-06-06T12:22:58.0792510Z /usr/bin/tar: ../../../../../usr/local/lib/android/sdk/platforms/android-34/data/res/values-mcc310-mnc660-b+sr+Latn: Cannot utime: Operation not permitted
build	Cache Android SDK	2026-06-06T12:22:58.0793496Z /usr/bin/tar: ../../../../../usr/local/lib/android/sdk/platforms/android-34/data/res/values-mcc310-mnc660-b+sr+Latn: Cannot change mode to rwxr-xr-x: Operation not permitted
build	Cache Android SDK	2026-06-06T12:22:58.0811911Z /usr/bin/tar: ../../../../../usr/local/lib/android/sdk/platforms/android-34/data/res/interpolator: Cannot utime: Operation not permitted
build	Cache Android SDK	2026-06-06T12:22:58.0812861Z /usr/bin/tar: ../../../../../usr/local/lib/android/sdk/platforms/android-34/data/res/interpolator: Cannot change mode to rwxr-xr-x: Operation not permitted
build	Cache Android SDK	2026-06-06T12:22:58.0815202Z /usr/bin/tar: ../../../../../usr/local/lib/android/sdk/platforms/android-34/data/res/values-mcc310-mnc030-ar: Cannot utime: Operation not permitted
build	Cache Android SDK	2026-06-06T12:22:58.0816150Z /usr/bin/tar: ../../../../../usr/local/lib/android/sdk/platforms/android-34/data/res/values-mcc310-mnc030-ar: Cannot change mode to rwxr-xr-x: Operation not permitted
build	Cache Android SDK	2026-06-06T12:22:58.0818940Z /usr/bin/tar: ../../../../../usr/local/lib/android/sdk/platforms/android-34/data/res/values-es-rUS-watch: Cannot utime: Operation not permitted
build	Cache Android SDK	2026-06-06T12:22:58.0819867Z /usr/bin/tar: ../../../../../usr/local/lib/android/sdk/platforms/android-34/data/res/values-es-rUS-watch: Cannot change mode to rwxr-xr-x: Operation not permitted
build	Cache Android SDK	2026-06-06T12:22:58.0824755Z /usr/bin/tar: ../../../../../usr/local/lib/android/sdk/platforms/android-34/data/res/values-gl-television: Cannot utime: Operation not permitted
build	Cache Android SDK	2026-06-06T12:22:58.0825689Z /usr/bin/tar: ../../../../../usr/local/lib/android/sdk/platforms/android-34/data/res/values-gl-television: Cannot change mode to rwxr-xr-x: Operation not permitted
build	Cache Android SDK	2026-06-06T12:22:58.0828547Z /usr/bin/tar: ../../../../../usr/local/lib/android/sdk/platforms/android-34/data/res/values-w227dp: Cannot utime: Operation not permitted
build	Cache Android SDK	2026-06-06T12:22:58.0829421Z /usr/bin/tar: ../../../../../usr/local/lib/android/sdk/platforms/android-34/data/res/values-w227dp: Cannot change mode to rwxr-xr-x: Operation not permitted
build	Cache Android SDK	2026-06-06T12:22:58.0831515Z /usr/bin/tar: ../../../../../usr/local/lib/android/sdk/platforms/android-34/data/res/values-mcc310-mnc160-in: Cannot utime: Operation not permitted
build	Cache Android SDK	2026-06-06T12:22:58.0832529Z /usr/bin/tar: ../../../../../usr/local/lib/android/sdk/platforms/android-34/data/res/values-mcc310-mnc160-in: Cannot change mode to rwxr-xr-x: Operation not permitted
build	Cache Android SDK	2026-06-06T12:22:58.0834941Z /usr/bin/tar: ../../../../../usr/local/lib/android/sdk/platforms/android-34/data/res/values-mcc310-mnc280-lt: Cannot utime: Operation not permitted
build	Cache Android SDK	2026-06-06T12:22:58.0835951Z /usr/bin/tar: ../../../../../usr/local/lib/android/sdk/platforms/android-34/data/res/values-mcc310-mnc280-lt: Cannot change mode to rwxr-xr-x: Operation not permitted
build	Cache Android SDK	2026-06-06T12:22:58.0838740Z /usr/bin/tar: ../../../../../usr/local/lib/android/sdk/platforms/android-34/data/res/values-mcc310-mnc230-fr-rCA: Cannot utime: Operation not permitted
build	Cache Android SDK	2026-06-06T12:22:58.0839808Z /usr/bin/tar: ../../../../../usr/local/lib/android/sdk/platforms/android-34/data/res/values-mcc310-mnc230-fr-rCA: Cannot change mode to rwxr-xr-x: Operation not permitted
build	Cache Android SDK	2026-06-06T12:22:58.0841535Z /usr/bin/tar: ../../../../../usr/local/lib/android/sdk/platforms/android-34/data/res/values-mcc310-mnc170-ar: Cannot utime: Operation not permitted
build	Cache Android SDK	2026-06-06T12:22:58.0842550Z /usr/bin/tar: ../../../../../usr/local/lib/android/sdk/platforms/android-34/data/res/values-mcc310-mnc170-ar: Cannot change mode to rwxr-xr-x: Operation not permitted
build	Cache Android SDK	2026-06-06T12:22:58.0848684Z /usr/bin/tar: ../../../../../usr/local/lib/android/sdk/platforms/android-34/data/res/values-sl: Cannot utime: Operation not permitted
build	Cache Android SDK	2026-06-06T12:22:58.0850134Z /usr/bin/tar: ../../../../../usr/local/lib/android/sdk/platforms/android-34/data/res/values-sl: Cannot change mode to rwxr-xr-x: Operation not permitted
build	Cache Android SDK	2026-06-06T12:22:58.0851474Z /usr/bin/tar: ../../../../../usr/local/lib/android/sdk/platforms/android-34/data/res/values-mcc310-mnc030-da: Cannot utime: Operation not permitted
build	Cache Android SDK	2026-06-06T12:22:58.0852553Z /usr/bin/tar: ../../../../../usr/local/lib/android/sdk/platforms/android-34/data/res/values-mcc310-mnc030-da: Cannot change mode to rwxr-xr-x: Operation not permitted
build	Cache Android SDK	2026-06-06T12:22:58.0854194Z /usr/bin/tar: ../../../../../usr/local/lib/android/sdk/platforms/android-34/data/res/values-mcc510-mnc08: Cannot utime: Operation not permitted
build	Cache Android SDK	2026-06-06T12:22:58.0855222Z /usr/bin/tar: ../../../../../usr/local/lib/android/sdk/platforms/android-34/data/res/values-mcc510-mnc08: Cannot change mode to rwxr-xr-x: Operation not permitted
build	Cache Android SDK	2026-06-06T12:22:58.0857259Z /usr/bin/tar: ../../../../../usr/local/lib/android/sdk/platforms/android-34/data/res/values-fa-rIR: Cannot utime: Operation not permitted
build	Cache Android SDK	2026-06-06T12:22:58.0858369Z /usr/bin/tar: ../../../../../usr/local/lib/android/sdk/platforms/android-34/data/res/values-fa-rIR: Cannot change mode to rwxr-xr-x: Operation not permitted
build	Cache Android SDK	2026-06-06T12:22:58.0860847Z /usr/bin/tar: ../../../../../usr/local/lib/android/sdk/platforms/android-34/data/res/values-en-rZA: Cannot utime: Operation not permitted
build	Cache Android SDK	2026-06-06T12:22:58.0862278Z /usr/bin/tar: ../../../../../usr/local/lib/android/sdk/platforms/android-34/data/res/values-en-rZA: Cannot change mode to rwxr-xr-x: Operation not permitted
build	Cache Android SDK	2026-06-06T12:22:58.0863940Z /usr/bin/tar: ../../../../../usr/local/lib/android/sdk/platforms/android-34/data/res/values-mcc310-mnc310-en-rGB: Cannot utime: Operation not permitted
build	Cache Android SDK	2026-06-06T12:22:58.0865049Z /usr/bin/tar: ../../../../../usr/local/lib/android/sdk/platforms/android-34/data/res/values-mcc310-mnc310-en-rGB: Cannot change mode to rwxr-xr-x: Operation not permitted
build	Cache Android SDK	2026-06-06T12:22:58.0866582Z /usr/bin/tar: ../../../../../usr/local/lib/android/sdk/platforms/android-34/data/res/values-mcc310-mnc270-tr: Cannot utime: Operation not permitted
build	Cache Android SDK	2026-06-06T12:22:58.0867688Z /usr/bin/tar: ../../../../../usr/local/lib/android/sdk/platforms/android-34/data/res/values-mcc310-mnc270-tr: Cannot change mode to rwxr-xr-x: Operation not permitted
build	Cache Android SDK	2026-06-06T12:22:58.0869603Z /usr/bin/tar: ../../../../../usr/local/lib/android/sdk/platforms/android-34/data/res/values-mcc312-mnc670-vi: Cannot utime: Operation not permitted
build	Cache Android SDK	2026-06-06T12:22:58.0870541Z /usr/bin/tar: ../../../../../usr/local/lib/android/sdk/platforms/android-34/data/res/values-mcc312-mnc670-vi: Cannot change mode to rwxr-xr-x: Operation not permitted
build	Cache Android SDK	2026-06-06T12:22:58.0872975Z /usr/bin/tar: ../../../../../usr/local/lib/android/sdk/platforms/android-34/data/res/values-mcc310-mnc200-tl: Cannot utime: Operation not permitted
build	Cache Android SDK	2026-06-06T12:22:58.0873978Z /usr/bin/tar: ../../../../../usr/local/lib/android/sdk/platforms/android-34/data/res/values-mcc310-mnc200-tl: Cannot change mode to rwxr-xr-x: Operation not permitted
build	Cache Android SDK	2026-06-06T12:22:58.0876268Z /usr/bin/tar: ../../../../../usr/local/lib/android/sdk/platforms/android-34/data/res/values-mcc311-mnc180-az: Cannot utime: Operation not permitted
build	Cache Android SDK	2026-06-06T12:22:58.0877201Z /usr/bin/tar: ../../../../../usr/local/lib/android/sdk/platforms/android-34/data/res/values-mcc311-mnc180-az: Cannot change mode to rwxr-xr-x: Operation not permitted
build	Cache Android SDK	2026-06-06T12:22:58.0879427Z /usr/bin/tar: ../../../../../usr/local/lib/android/sdk/platforms/android-34/data/res/values-mcc310-mnc800-ky: Cannot utime: Operation not permitted
build	Cache Android SDK	2026-06-06T12:22:58.0880446Z /usr/bin/tar: ../../../../../usr/local/lib/android/sdk/platforms/android-34/data/res/values-mcc310-mnc800-ky: Cannot change mode to rwxr-xr-x: Operation not permitted
build	Cache Android SDK	2026-06-06T12:22:58.0882427Z /usr/bin/tar: ../../../../../usr/local/lib/android/sdk/platforms/android-34/data/res/values-mcc310-mnc170-da: Cannot utime: Operation not permitted
build	Cache Android SDK	2026-06-06T12:22:58.0883418Z /usr/bin/tar: ../../../../../usr/local/lib/android/sdk/platforms/android-34/data/res/values-mcc310-mnc170-da: Cannot change mode to rwxr-xr-x: Operation not permitted
build	Cache Android SDK	2026-06-06T12:22:58.0885919Z /usr/bin/tar: ../../../../../usr/local/lib/android/sdk/platforms/android-34/data/res/values-mcc310-mnc280-hu: Cannot utime: Operation not permitted
build	Cache Android SDK	2026-06-06T12:22:58.0886856Z /usr/bin/tar: ../../../../../usr/local/lib/android/sdk/platforms/android-34/data/res/values-mcc310-mnc280-hu: Cannot change mode to rwxr-xr-x: Operation not permitted
build	Cache Android SDK	2026-06-06T12:22:58.0888847Z /usr/bin/tar: ../../../../../usr/local/lib/android/sdk/platforms/android-34/data/res/values-es-rHN: Cannot utime: Operation not permitted
build	Cache Android SDK	2026-06-06T12:22:58.0889746Z /usr/bin/tar: ../../../../../usr/local/lib/android/sdk/platforms/android-34/data/res/values-es-rHN: Cannot change mode to rwxr-xr-x: Operation not permitted
build	Cache Android SDK	2026-06-06T12:22:58.0892521Z /usr/bin/tar: ../../../../../usr/local/lib/android/sdk/platforms/android-34/data/res/values-mcc310-mnc200-en-rIN: Cannot utime: Operation not permitted
build	Cache Android SDK	2026-06-06T12:22:58.0893539Z /usr/bin/tar: ../../../../../usr/local/lib/android/sdk/platforms/android-34/data/res/values-mcc310-mnc200-en-rIN: Cannot change mode to rwxr-xr-x: Operation not permitted
build	Cache Android SDK	2026-06-06T12:22:58.0895785Z /usr/bin/tar: ../../../../../usr/local/lib/android/sdk/platforms/android-34/data/res/values-mcc310-mnc280-ko: Cannot utime: Operation not permitted
build	Cache Android SDK	2026-06-06T12:22:58.0896719Z /usr/bin/tar: ../../../../../usr/local/lib/android/sdk/platforms/android-34/data/res/values-mcc310-mnc280-ko: Cannot change mode to rwxr-xr-x: Operation not permitted
build	Cache Android SDK	2026-06-06T12:22:58.0899094Z /usr/bin/tar: ../../../../../usr/local/lib/android/sdk/platforms/android-34/data/res/values-mcc310-mnc490-en-rIN: Cannot utime: Operation not permitted
build	Cache Android SDK	2026-06-06T12:22:58.0900048Z /usr/bin/tar: ../../../../../usr/local/lib/android/sdk/platforms/android-34/data/res/values-mcc310-mnc490-en-rIN: Cannot change mode to rwxr-xr-x: Operation not permitted
build	Cache Android SDK	2026-06-06T12:22:58.0901928Z /usr/bin/tar: ../../../../../usr/local/lib/android/sdk/platforms/android-34/data/res/values-mcc310-mnc160-hy: Cannot utime: Operation not permitted
build	Cache Android SDK	2026-06-06T12:22:58.0902852Z /usr/bin/tar: ../../../../../usr/local/lib/android/sdk/platforms/android-34/data/res/values-mcc310-mnc160-hy: Cannot change mode to rwxr-xr-x: Operation not permitted
build	Cache Android SDK	2026-06-06T12:22:58.0904735Z /usr/bin/tar: ../../../../../usr/local/lib/android/sdk/platforms/android-34/data/res/values-mcc310-mnc200-af: Cannot utime: Operation not permitted
build	Cache Android SDK	2026-06-06T12:22:58.0905653Z /usr/bin/tar: ../../../../../usr/local/lib/android/sdk/platforms/android-34/data/res/values-mcc310-mnc200-af: Cannot change mode to rwxr-xr-x: Operation not permitted
build	Cache Android SDK	2026-06-06T12:22:58.0908255Z /usr/bin/tar: ../../../../../usr/local/lib/android/sdk/platforms/android-34/data/res/values-mcc313-mnc100-ms: Cannot utime: Operation not permitted
build	Cache Android SDK	2026-06-06T12:22:58.0909251Z /usr/bin/tar: ../../../../../usr/local/lib/android/sdk/platforms/android-34/data/res/values-mcc313-mnc100-ms: Cannot change mode to rwxr-xr-x: Operation not permitted
build	Cache Android SDK	2026-06-06T12:22:58.0912190Z /usr/bin/tar: ../../../../../usr/local/lib/android/sdk/platforms/android-34/data/res/values-mcc302-mnc370-pl: Cannot utime: Operation not permitted
build	Cache Android SDK	2026-06-06T12:22:58.0913163Z /usr/bin/tar: ../../../../../usr/local/lib/android/sdk/platforms/android-34/data/res/values-mcc302-mnc370-pl: Cannot change mode to rwxr-xr-x: Operation not permitted
build	Cache Android SDK	2026-06-06T12:22:58.0915319Z /usr/bin/tar: ../../../../../usr/local/lib/android/sdk/platforms/android-34/data/res/values-mcc310-mnc150-bn: Cannot utime: Operation not permitted
build	Cache Android SDK	2026-06-06T12:22:58.0916366Z /usr/bin/tar: ../../../../../usr/local/lib/android/sdk/platforms/android-34/data/res/values-mcc310-mnc150-bn: Cannot change mode to rwxr-xr-x: Operation not permitted
build	Cache Android SDK	2026-06-06T12:22:58.0917954Z /usr/bin/tar: ../../../../../usr/local/lib/android/sdk/platforms/android-34/data/res/values-mcc312-mnc670-iw: Cannot utime: Operation not permitted
build	Cache Android SDK	2026-06-06T12:22:58.0919037Z /usr/bin/tar: ../../../../../usr/local/lib/android/sdk/platforms/android-34/data/res/values-mcc312-mnc670-iw: Cannot change mode to rwxr-xr-x: Operation not permitted
build	Cache Android SDK	2026-06-06T12:22:58.0920771Z /usr/bin/tar: ../../../../../usr/local/lib/android/sdk/platforms/android-34/data/res/values-mcc310-mnc310-sw: Cannot utime: Operation not permitted
build	Cache Android SDK	2026-06-06T12:22:58.0921710Z /usr/bin/tar: ../../../../../usr/local/lib/android/sdk/platforms/android-34/data/res/values-mcc310-mnc310-sw: Cannot change mode to rwxr-xr-x: Operation not permitted
build	Cache Android SDK	2026-06-06T12:22:58.0923915Z /usr/bin/tar: ../../../../../usr/local/lib/android/sdk/platforms/android-34/data/res/values-mcc312-mnc670-zu: Cannot utime: Operation not permitted
build	Cache Android SDK	2026-06-06T12:22:58.0924932Z /usr/bin/tar: ../../../../../usr/local/lib/android/sdk/platforms/android-34/data/res/values-mcc312-mnc670-zu: Cannot change mode to rwxr-xr-x: Operation not permitted
build	Cache Android SDK	2026-06-06T12:22:58.0927589Z /usr/bin/tar: ../../../../../usr/local/lib/android/sdk/platforms/android-34/data/res/values-mcc310-mnc230-uz: Cannot utime: Operation not permitted
build	Cache Android SDK	2026-06-06T12:22:58.0928532Z /usr/bin/tar: ../../../../../usr/local/lib/android/sdk/platforms/android-34/data/res/values-mcc310-mnc230-uz: Cannot change mode to rwxr-xr-x: Operation not permitted
build	Cache Android SDK	2026-06-06T12:22:58.0930498Z /usr/bin/tar: ../../../../../usr/local/lib/android/sdk/platforms/android-34/data/res/values-mcc310-mnc410-b+sr+Latn: Cannot utime: Operation not permitted
build	Cache Android SDK	2026-06-06T12:22:58.0931478Z /usr/bin/tar: ../../../../../usr/local/lib/android/sdk/platforms/android-34/data/res/values-mcc310-mnc410-b+sr+Latn: Cannot change mode to rwxr-xr-x: Operation not permitted
build	Cache Android SDK	2026-06-06T12:22:58.0933199Z /usr/bin/tar: ../../../../../usr/local/lib/android/sdk/platforms/android-34/data/res/values-mcc312-mnc670-gu: Cannot utime: Operation not permitted
build	Cache Android SDK	2026-06-06T12:22:58.0934163Z /usr/bin/tar: ../../../../../usr/local/lib/android/sdk/platforms/android-34/data/res/values-mcc312-mnc670-gu: Cannot change mode to rwxr-xr-x: Operation not permitted
build	Cache Android SDK	2026-06-06T12:22:58.0936726Z /usr/bin/tar: ../../../../../usr/local/lib/android/sdk/platforms/android-34/data/res/values-mcc310-mnc410-gl: Cannot utime: Operation not permitted
build	Cache Android SDK	2026-06-06T12:22:58.0937922Z /usr/bin/tar: ../../../../../usr/local/lib/android/sdk/platforms/android-34/data/res/values-mcc310-mnc410-gl: Cannot change mode to rwxr-xr-x: Operation not permitted
build	Cache Android SDK	2026-06-06T12:22:58.0939573Z /usr/bin/tar: ../../../../../usr/local/lib/android/sdk/platforms/android-34/data/res/values-mk-television: Cannot utime: Operation not permitted
build	Cache Android SDK	2026-06-06T12:22:58.0940559Z /usr/bin/tar: ../../../../../usr/local/lib/android/sdk/platforms/android-34/data/res/values-mk-television: Cannot change mode to rwxr-xr-x: Operation not permitted
build	Cache Android SDK	2026-06-06T12:22:58.0942581Z /usr/bin/tar: ../../../../../usr/local/lib/android/sdk/platforms/android-34/data/res/values-mcc310-mnc030-ca: Cannot utime: Operation not permitted
build	Cache Android SDK	2026-06-06T12:22:58.0943637Z /usr/bin/tar: ../../../../../usr/local/lib/android/sdk/platforms/android-34/data/res/values-mcc310-mnc030-ca: Cannot change mode to rwxr-xr-x: Operation not permitted
build	Cache Android SDK	2026-06-06T12:22:58.0950175Z /usr/bin/tar: ../../../../../usr/local/lib/android/sdk/platforms/android-34/data/res/values-vi: Cannot utime: Operation not permitted
build	Cache Android SDK	2026-06-06T12:22:58.0951300Z /usr/bin/tar: ../../../../../usr/local/lib/android/sdk/platforms/android-34/data/res/values-vi: Cannot change mode to rwxr-xr-x: Operation not permitted
build	Cache Android SDK	2026-06-06T12:22:58.0952935Z /usr/bin/tar: ../../../../../usr/local/lib/android/sdk/platforms/android-34/data/res/values-mcc310-mnc280-cs: Cannot utime: Operation not permitted
build	Cache Android SDK	2026-06-06T12:22:58.0953958Z /usr/bin/tar: ../../../../../usr/local/lib/android/sdk/platforms/android-34/data/res/values-mcc310-mnc280-cs: Cannot change mode to rwxr-xr-x: Operation not permitted
build	Cache Android SDK	2026-06-06T12:22:58.0959722Z /usr/bin/tar: ../../../../../usr/local/lib/android/sdk/platforms/android-34/data/res/values-mcc310-mnc310-da: Cannot utime: Operation not permitted
build	Cache Android SDK	2026-06-06T12:22:58.0960752Z /usr/bin/tar: ../../../../../usr/local/lib/android/sdk/platforms/android-34/data/res/values-mcc310-mnc310-da: Cannot change mode to rwxr-xr-x: Operation not permitted
build	Cache Android SDK	2026-06-06T12:22:58.0962630Z /usr/bin/tar: ../../../../../usr/local/lib/android/sdk/platforms/android-34/data/res/values-mcc450-mnc08: Cannot utime: Operation not permitted
build	Cache Android SDK	2026-06-06T12:22:58.0963555Z /usr/bin/tar: ../../../../../usr/local/lib/android/sdk/platforms/android-34/data/res/values-mcc450-mnc08: Cannot change mode to rwxr-xr-x: Operation not permitted
build	Cache Android SDK	2026-06-06T12:22:58.0966477Z /usr/bin/tar: ../../../../../usr/local/lib/android/sdk/platforms/android-34/data/res/values-mcc302-mnc370-es: Cannot utime: Operation not permitted
build	Cache Android SDK	2026-06-06T12:22:58.0967592Z /usr/bin/tar: ../../../../../usr/local/lib/android/sdk/platforms/android-34/data/res/values-mcc302-mnc370-es: Cannot change mode to rwxr-xr-x: Operation not permitted
build	Cache Android SDK	2026-06-06T12:22:58.0969318Z /usr/bin/tar: ../../../../../usr/local/lib/android/sdk/platforms/android-34/data/res/values-mcc310-mnc490-nb: Cannot utime: Operation not permitted
build	Cache Android SDK	2026-06-06T12:22:58.0970249Z /usr/bin/tar: ../../../../../usr/local/lib/android/sdk/platforms/android-34/data/res/values-mcc310-mnc490-nb: Cannot change mode to rwxr-xr-x: Operation not permitted
build	Cache Android SDK	2026-06-06T12:22:58.0972934Z /usr/bin/tar: ../../../../../usr/local/lib/android/sdk/platforms/android-34/data/res/values-mcc310-mnc170-hy: Cannot utime: Operation not permitted
build	Cache Android SDK	2026-06-06T12:22:58.0973875Z /usr/bin/tar: ../../../../../usr/local/lib/android/sdk/platforms/android-34/data/res/values-mcc310-mnc170-hy: Cannot change mode to rwxr-xr-x: Operation not permitted
build	Cache Android SDK	2026-06-06T12:22:58.0975774Z /usr/bin/tar: ../../../../../usr/local/lib/android/sdk/platforms/android-34/data/res/values-mcc310-mnc230-km: Cannot utime: Operation not permitted
build	Cache Android SDK	2026-06-06T12:22:58.0976705Z /usr/bin/tar: ../../../../../usr/local/lib/android/sdk/platforms/android-34/data/res/values-mcc310-mnc230-km: Cannot change mode to rwxr-xr-x: Operation not permitted
build	Cache Android SDK	2026-06-06T12:22:58.0978756Z /usr/bin/tar: ../../../../../usr/local/lib/android/sdk/platforms/android-34/data/res/values-mcc310-mnc490-km: Cannot utime: Operation not permitted
build	Cache Android SDK	2026-06-06T12:22:58.0979684Z /usr/bin/tar: ../../../../../usr/local/lib/android/sdk/platforms/android-34/data/res/values-mcc310-mnc490-km: Cannot change mode to rwxr-xr-x: Operation not permitted
build	Cache Android SDK	2026-06-06T12:22:58.0984238Z /usr/bin/tar: ../../../../../usr/local/lib/android/sdk/platforms/android-34/data/res/values-mcc310-mnc280-sl: Cannot utime: Operation not permitted
build	Cache Android SDK	2026-06-06T12:22:58.0985197Z /usr/bin/tar: ../../../../../usr/local/lib/android/sdk/platforms/android-34/data/res/values-mcc310-mnc280-sl: Cannot change mode to rwxr-xr-x: Operation not permitted
build	Cache Android SDK	2026-06-06T12:22:58.0986927Z /usr/bin/tar: ../../../../../usr/local/lib/android/sdk/platforms/android-34/data/res/values-en-rGB-watch: Cannot utime: Operation not permitted
build	Cache Android SDK	2026-06-06T12:22:58.0988115Z /usr/bin/tar: ../../../../../usr/local/lib/android/sdk/platforms/android-34/data/res/values-en-rGB-watch: Cannot change mode to rwxr-xr-x: Operation not permitted
build	Cache Android SDK	2026-06-06T12:22:58.0990591Z /usr/bin/tar: ../../../../../usr/local/lib/android/sdk/platforms/android-34/data/res/values-mcc302-mnc720-ky: Cannot utime: Operation not permitted
build	Cache Android SDK	2026-06-06T12:22:58.0991642Z /usr/bin/tar: ../../../../../usr/local/lib/android/sdk/platforms/android-34/data/res/values-mcc302-mnc720-ky: Cannot change mode to rwxr-xr-x: Operation not permitted
build	Cache Android SDK	2026-06-06T12:22:58.0993064Z /usr/bin/tar: ../../../../../usr/local/lib/android/sdk/platforms/android-34/data/res/values-sv-watch: Cannot utime: Operation not permitted
build	Cache Android SDK	2026-06-06T12:22:58.0993942Z /usr/bin/tar: ../../../../../usr/local/lib/android/sdk/platforms/android-34/data/res/values-sv-watch: Cannot change mode to rwxr-xr-x: Operation not permitted
build	Cache Android SDK	2026-06-06T12:22:58.0996231Z /usr/bin/tar: ../../../../../usr/local/lib/android/sdk/platforms/android-34/data/res/values-mcc204-mnc04: Cannot utime: Operation not permitted
build	Cache Android SDK	2026-06-06T12:22:58.0997175Z /usr/bin/tar: ../../../../../usr/local/lib/android/sdk/platforms/android-34/data/res/values-mcc204-mnc04: Cannot change mode to rwxr-xr-x: Operation not permitted
build	Cache Android SDK	2026-06-06T12:22:58.0999017Z /usr/bin/tar: ../../../../../usr/local/lib/android/sdk/platforms/android-34/data/res/values-mcc310-mnc410-fi: Cannot utime: Operation not permitted
build	Cache Android SDK	2026-06-06T12:22:58.0999971Z /usr/bin/tar: ../../../../../usr/local/lib/android/sdk/platforms/android-34/data/res/values-mcc310-mnc410-fi: Cannot change mode to rwxr-xr-x: Operation not permitted
build	Cache Android SDK	2026-06-06T12:22:58.1001990Z /usr/bin/tar: ../../../../../usr/local/lib/android/sdk/platforms/android-34/data/res/values-mcc310-mnc800-be: Cannot utime: Operation not permitted
build	Cache Android SDK	2026-06-06T12:22:58.1002954Z /usr/bin/tar: ../../../../../usr/local/lib/android/sdk/platforms/android-34/data/res/values-mcc310-mnc800-be: Cannot change mode to rwxr-xr-x: Operation not permitted
build	Cache Android SDK	2026-06-06T12:22:58.1004925Z /usr/bin/tar: ../../../../../usr/local/lib/android/sdk/platforms/android-34/data/res/raw-iw: Cannot utime: Operation not permitted
build	Cache Android SDK	2026-06-06T12:22:58.1005831Z /usr/bin/tar: ../../../../../usr/local/lib/android/sdk/platforms/android-34/data/res/raw-iw: Cannot change mode to rwxr-xr-x: Operation not permitted
build	Cache Android SDK	2026-06-06T12:22:58.1008166Z /usr/bin/tar: ../../../../../usr/local/lib/android/sdk/platforms/android-34/data/res/values-mcc312-mnc670-mn: Cannot utime: Operation not permitted
build	Cache Android SDK	2026-06-06T12:22:58.1009106Z /usr/bin/tar: ../../../../../usr/local/lib/android/sdk/platforms/android-34/data/res/values-mcc312-mnc670-mn: Cannot change mode to rwxr-xr-x: Operation not permitted
build	Cache Android SDK	2026-06-06T12:22:58.1010747Z /usr/bin/tar: ../../../../../usr/local/lib/android/sdk/platforms/android-34/data/res/values-mcc310-mnc240-gl: Cannot utime: Operation not permitted
build	Cache Android SDK	2026-06-06T12:22:58.1011708Z /usr/bin/tar: ../../../../../usr/local/lib/android/sdk/platforms/android-34/data/res/values-mcc310-mnc240-gl: Cannot change mode to rwxr-xr-x: Operation not permitted
build	Cache Android SDK	2026-06-06T12:22:58.1014152Z /usr/bin/tar: ../../../../../usr/local/lib/android/sdk/platforms/android-34/data/res/values-mcc310-mnc270-gl: Cannot utime: Operation not permitted
build	Cache Android SDK	2026-06-06T12:22:58.1015146Z /usr/bin/tar: ../../../../../usr/local/lib/android/sdk/platforms/android-34/data/res/values-mcc310-mnc270-gl: Cannot change mode to rwxr-xr-x: Operation not permitted
build	Cache Android SDK	2026-06-06T12:22:58.1016898Z /usr/bin/tar: ../../../../../usr/local/lib/android/sdk/platforms/android-34/data/res/values-mcc310-mnc380-ru: Cannot utime: Operation not permitted
build	Cache Android SDK	2026-06-06T12:22:58.1018046Z /usr/bin/tar: ../../../../../usr/local/lib/android/sdk/platforms/android-34/data/res/values-mcc310-mnc380-ru: Cannot change mode to rwxr-xr-x: Operation not permitted
build	Cache Android SDK	2026-06-06T12:22:58.1020295Z /usr/bin/tar: ../../../../../usr/local/lib/android/sdk/platforms/android-34/data/res/values-mcc001-mnc01-fr-rCA: Cannot utime: Operation not permitted
build	Cache Android SDK	2026-06-06T12:22:58.1021379Z /usr/bin/tar: ../../../../../usr/local/lib/android/sdk/platforms/android-34/data/res/values-mcc001-mnc01-fr-rCA: Cannot change mode to rwxr-xr-x: Operation not permitted
build	Cache Android SDK	2026-06-06T12:22:58.1022866Z /usr/bin/tar: ../../../../../usr/local/lib/android/sdk/platforms/android-34/data/res/values-zu-television: Cannot utime: Operation not permitted
build	Cache Android SDK	2026-06-06T12:22:58.1023817Z /usr/bin/tar: ../../../../../usr/local/lib/android/sdk/platforms/android-34/data/res/values-zu-television: Cannot change mode to rwxr-xr-x: Operation not permitted
build	Cache Android SDK	2026-06-06T12:22:58.1026554Z /usr/bin/tar: ../../../../../usr/local/lib/android/sdk/platforms/android-34/data/res/values-mcc310-mnc240-pl: Cannot utime: Operation not permitted
build	Cache Android SDK	2026-06-06T12:22:58.1027745Z /usr/bin/tar: ../../../../../usr/local/lib/android/sdk/platforms/android-34/data/res/values-mcc310-mnc240-pl: Cannot change mode to rwxr-xr-x: Operation not permitted
build	Cache Android SDK	2026-06-06T12:22:58.1029451Z /usr/bin/tar: ../../../../../usr/local/lib/android/sdk/platforms/android-34/data/res/values-mcc334-mnc020-lo: Cannot utime: Operation not permitted
build	Cache Android SDK	2026-06-06T12:22:58.1030398Z /usr/bin/tar: ../../../../../usr/local/lib/android/sdk/platforms/android-34/data/res/values-mcc334-mnc020-lo: Cannot change mode to rwxr-xr-x: Operation not permitted
build	Cache Android SDK	2026-06-06T12:22:58.1032664Z /usr/bin/tar: ../../../../../usr/local/lib/android/sdk/platforms/android-34/data/res/values-mcc310-mnc240-nb: Cannot utime: Operation not permitted
build	Cache Android SDK	2026-06-06T12:22:58.1033645Z /usr/bin/tar: ../../../../../usr/local/lib/android/sdk/platforms/android-34/data/res/values-mcc310-mnc240-nb: Cannot change mode to rwxr-xr-x: Operation not permitted
build	Cache Android SDK	2026-06-06T12:22:58.1035317Z /usr/bin/tar: ../../../../../usr/local/lib/android/sdk/platforms/android-34/data/res/values-mcc310-mnc240-fa: Cannot utime: Operation not permitted
build	Cache Android SDK	2026-06-06T12:22:58.1036240Z /usr/bin/tar: ../../../../../usr/local/lib/android/sdk/platforms/android-34/data/res/values-mcc310-mnc240-fa: Cannot change mode to rwxr-xr-x: Operation not permitted
build	Cache Android SDK	2026-06-06T12:22:58.1038218Z /usr/bin/tar: ../../../../../usr/local/lib/android/sdk/platforms/android-34/data/res/values-pl-rPL: Cannot utime: Operation not permitted
build	Cache Android SDK	2026-06-06T12:22:58.1039160Z /usr/bin/tar: ../../../../../usr/local/lib/android/sdk/platforms/android-34/data/res/values-pl-rPL: Cannot change mode to rwxr-xr-x: Operation not permitted
build	Cache Android SDK	2026-06-06T12:22:58.1041711Z /usr/bin/tar: ../../../../../usr/local/lib/android/sdk/platforms/android-34/data/res/values-mcc310-mnc660-mr: Cannot utime: Operation not permitted
build	Cache Android SDK	2026-06-06T12:22:58.1043549Z /usr/bin/tar: ../../../../../usr/local/lib/android/sdk/platforms/android-34/data/res/values-mcc310-mnc660-mr: Cannot change mode to rwxr-xr-x: Operation not permitted
build	Cache Android SDK	2026-06-06T12:22:58.1045198Z /usr/bin/tar: ../../../../../usr/local/lib/android/sdk/platforms/android-34/data/res/values-mcc310-mnc270-bn: Cannot utime: Operation not permitted
build	Cache Android SDK	2026-06-06T12:22:58.1046771Z /usr/bin/tar: ../../../../../usr/local/lib/android/sdk/platforms/android-34/data/res/values-mcc310-mnc270-bn: Cannot change mode to rwxr-xr-x: Operation not permitted
build	Cache Android SDK	2026-06-06T12:22:58.1048058Z /usr/bin/tar: ../../../../../usr/local/lib/android/sdk/platforms/android-34/data/res/values-mcc310-mnc660-mk: Cannot utime: Operation not permitted
build	Cache Android SDK	2026-06-06T12:22:58.1048985Z /usr/bin/tar: ../../../../../usr/local/lib/android/sdk/platforms/android-34/data/res/values-mcc310-mnc660-mk: Cannot change mode to rwxr-xr-x: Operation not permitted
build	Cache Android SDK	2026-06-06T12:22:58.1050436Z /usr/bin/tar: ../../../../../usr/local/lib/android/sdk/platforms/android-34/data/res/values-mcc310-mnc160-et: Cannot utime: Operation not permitted
build	Cache Android SDK	2026-06-06T12:22:58.1051379Z /usr/bin/tar: ../../../../../usr/local/lib/android/sdk/platforms/android-34/data/res/values-mcc310-mnc160-et: Cannot change mode to rwxr-xr-x: Operation not permitted
build	Cache Android SDK	2026-06-06T12:22:58.1053303Z /usr/bin/tar: ../../../../../usr/local/lib/android/sdk/platforms/android-34/data/res/values-fa-television: Cannot utime: Operation not permitted
build	Cache Android SDK	2026-06-06T12:22:58.1054378Z /usr/bin/tar: ../../../../../usr/local/lib/android/sdk/platforms/android-34/data/res/values-fa-television: Cannot change mode to rwxr-xr-x: Operation not permitted
build	Cache Android SDK	2026-06-06T12:22:58.1056558Z /usr/bin/tar: ../../../../../usr/local/lib/android/sdk/platforms/android-34/data/res/values-mcc310-mnc560-hi: Cannot utime: Operation not permitted
build	Cache Android SDK	2026-06-06T12:22:58.1057853Z /usr/bin/tar: ../../../../../usr/local/lib/android/sdk/platforms/android-34/data/res/values-mcc310-mnc560-hi: Cannot change mode to rwxr-xr-x: Operation not permitted
build	Cache Android SDK	2026-06-06T12:22:58.1059845Z /usr/bin/tar: ../../../../../usr/local/lib/android/sdk/platforms/android-34/data/res/raw-en-rGB: Cannot utime: Operation not permitted
build	Cache Android SDK	2026-06-06T12:22:58.1060843Z /usr/bin/tar: ../../../../../usr/local/lib/android/sdk/platforms/android-34/data/res/raw-en-rGB: Cannot change mode to rwxr-xr-x: Operation not permitted
build	Cache Android SDK	2026-06-06T12:22:58.1062326Z /usr/bin/tar: ../../../../../usr/local/lib/android/sdk/platforms/android-34/data/res/values-eu-watch: Cannot utime: Operation not permitted
build	Cache Android SDK	2026-06-06T12:22:58.1063269Z /usr/bin/tar: ../../../../../usr/local/lib/android/sdk/platforms/android-34/data/res/values-eu-watch: Cannot change mode to rwxr-xr-x: Operation not permitted
build	Cache Android SDK	2026-06-06T12:22:58.1065436Z /usr/bin/tar: ../../../../../usr/local/lib/android/sdk/platforms/android-34/data/res/values-mcc310-mnc660-ko: Cannot utime: Operation not permitted
build	Cache Android SDK	2026-06-06T12:22:58.1066397Z /usr/bin/tar: ../../../../../usr/local/lib/android/sdk/platforms/android-34/data/res/values-mcc310-mnc660-ko: Cannot change mode to rwxr-xr-x: Operation not permitted
build	Cache Android SDK	2026-06-06T12:22:58.1068013Z /usr/bin/tar: ../../../../../usr/local/lib/android/sdk/platforms/android-34/data/res/values-mcc311-mnc180-mn: Cannot utime: Operation not permitted
build	Cache Android SDK	2026-06-06T12:22:58.1069024Z /usr/bin/tar: ../../../../../usr/local/lib/android/sdk/platforms/android-34/data/res/values-mcc311-mnc180-mn: Cannot change mode to rwxr-xr-x: Operation not permitted
build	Cache Android SDK	2026-06-06T12:22:58.1070610Z /usr/bin/tar: ../../../../../usr/local/lib/android/sdk/platforms/android-34/data/res/values-mcc310-mnc240-ml: Cannot utime: Operation not permitted
build	Cache Android SDK	2026-06-06T12:22:58.1071562Z /usr/bin/tar: ../../../../../usr/local/lib/android/sdk/platforms/android-34/data/res/values-mcc310-mnc240-ml: Cannot change mode to rwxr-xr-x: Operation not permitted
build	Cache Android SDK	2026-06-06T12:22:58.1073918Z /usr/bin/tar: ../../../../../usr/local/lib/android/sdk/platforms/android-34/data/res/values-mcc310-mnc490-kk: Cannot utime: Operation not permitted
build	Cache Android SDK	2026-06-06T12:22:58.1074867Z /usr/bin/tar: ../../../../../usr/local/lib/android/sdk/platforms/android-34/data/res/values-mcc310-mnc490-kk: Cannot change mode to rwxr-xr-x: Operation not permitted
build	Cache Android SDK	2026-06-06T12:22:58.1076597Z /usr/bin/tar: ../../../../../usr/local/lib/android/sdk/platforms/android-34/data/res/values-mcc310-mnc240-bg: Cannot utime: Operation not permitted
build	Cache Android SDK	2026-06-06T12:22:58.1077696Z /usr/bin/tar: ../../../../../usr/local/lib/android/sdk/platforms/android-34/data/res/values-mcc310-mnc240-bg: Cannot change mode to rwxr-xr-x: Operation not permitted
build	Cache Android SDK	2026-06-06T12:22:58.1079360Z /usr/bin/tar: ../../../../../usr/local/lib/android/sdk/platforms/android-34/data/res/values-mcc310-mnc240-zu: Cannot utime: Operation not permitted
build	Cache Android SDK	2026-06-06T12:22:58.1080306Z /usr/bin/tar: ../../../../../usr/local/lib/android/sdk/platforms/android-34/data/res/values-mcc310-mnc240-zu: Cannot change mode to rwxr-xr-x: Operation not permitted
build	Cache Android SDK	2026-06-06T12:22:58.1082429Z /usr/bin/tar: ../../../../../usr/local/lib/android/sdk/platforms/android-34/data/res/values-mcc310-mnc410-tl: Cannot utime: Operation not permitted
build	Cache Android SDK	2026-06-06T12:22:58.1083498Z /usr/bin/tar: ../../../../../usr/local/lib/android/sdk/platforms/android-34/data/res/values-mcc310-mnc410-tl: Cannot change mode to rwxr-xr-x: Operation not permitted
build	Cache Android SDK	2026-06-06T12:22:58.1085279Z /usr/bin/tar: ../../../../../usr/local/lib/android/sdk/platforms/android-34/data/res/values-mcc310-mnc220-ky: Cannot utime: Operation not permitted
build	Cache Android SDK	2026-06-06T12:22:58.1086347Z /usr/bin/tar: ../../../../../usr/local/lib/android/sdk/platforms/android-34/data/res/values-mcc310-mnc220-ky: Cannot change mode to rwxr-xr-x: Operation not permitted
build	Cache Android SDK	2026-06-06T12:22:58.1088291Z /usr/bin/tar: ../../../../../usr/local/lib/android/sdk/platforms/android-34/data/res/values-mcc310-mnc560-or: Cannot utime: Operation not permitted
build	Cache Android SDK	2026-06-06T12:22:58.1089255Z /usr/bin/tar: ../../../../../usr/local/lib/android/sdk/platforms/android-34/data/res/values-mcc310-mnc560-or: Cannot change mode to rwxr-xr-x: Operation not permitted
build	Cache Android SDK	2026-06-06T12:22:58.1091696Z /usr/bin/tar: ../../../../../usr/local/lib/android/sdk/platforms/android-34/data/res/values-mcc302-mnc720-da: Cannot utime: Operation not permitted
build	Cache Android SDK	2026-06-06T12:22:58.1092671Z /usr/bin/tar: ../../../../../usr/local/lib/android/sdk/platforms/android-34/data/res/values-mcc302-mnc720-da: Cannot change mode to rwxr-xr-x: Operation not permitted
build	Cache Android SDK	2026-06-06T12:22:58.1094612Z /usr/bin/tar: ../../../../../usr/local/lib/android/sdk/platforms/android-34/data/res/values-mcc302-mnc720-pa: Cannot utime: Operation not permitted
build	Cache Android SDK	2026-06-06T12:22:58.1095616Z /usr/bin/tar: ../../../../../usr/local/lib/android/sdk/platforms/android-34/data/res/values-mcc302-mnc720-pa: Cannot change mode to rwxr-xr-x: Operation not permitted
build	Cache Android SDK	2026-06-06T12:22:58.1097156Z /usr/bin/tar: ../../../../../usr/local/lib/android/sdk/platforms/android-34/data/res/values-mcc334-mnc020-in: Cannot utime: Operation not permitted
build	Cache Android SDK	2026-06-06T12:22:58.1098331Z /usr/bin/tar: ../../../../../usr/local/lib/android/sdk/platforms/android-34/data/res/values-mcc334-mnc020-in: Cannot change mode to rwxr-xr-x: Operation not permitted
build	Cache Android SDK	2026-06-06T12:22:58.1100641Z /usr/bin/tar: ../../../../../usr/local/lib/android/sdk/platforms/android-34/data/res/values-mcc310-mnc490-fr-rCA: Cannot utime: Operation not permitted
build	Cache Android SDK	2026-06-06T12:22:58.1101698Z /usr/bin/tar: ../../../../../usr/local/lib/android/sdk/platforms/android-34/data/res/values-mcc310-mnc490-fr-rCA: Cannot change mode to rwxr-xr-x: Operation not permitted
build	Cache Android SDK	2026-06-06T12:22:58.1103342Z /usr/bin/tar: ../../../../../usr/local/lib/android/sdk/platforms/android-34/data/res/values-mcc312-mnc670-en-rAU: Cannot utime: Operation not permitted
build	Cache Android SDK	2026-06-06T12:22:58.1104321Z /usr/bin/tar: ../../../../../usr/local/lib/android/sdk/platforms/android-34/data/res/values-mcc312-mnc670-en-rAU: Cannot change mode to rwxr-xr-x: Operation not permitted
build	Cache Android SDK	2026-06-06T12:22:58.1106508Z /usr/bin/tar: ../../../../../usr/local/lib/android/sdk/platforms/android-34/data/res/values-mcc302-mnc370-et: Cannot utime: Operation not permitted
build	Cache Android SDK	2026-06-06T12:22:58.1107556Z /usr/bin/tar: ../../../../../usr/local/lib/android/sdk/platforms/android-34/data/res/values-mcc302-mnc370-et: Cannot change mode to rwxr-xr-x: Operation not permitted
build	Cache Android SDK	2026-06-06T12:22:58.1109305Z /usr/bin/tar: ../../../../../usr/local/lib/android/sdk/platforms/android-34/data/res/values-mcc313-mnc100-fr-rCA: Cannot utime: Operation not permitted
build	Cache Android SDK	2026-06-06T12:22:58.1110348Z /usr/bin/tar: ../../../../../usr/local/lib/android/sdk/platforms/android-34/data/res/values-mcc313-mnc100-fr-rCA: Cannot change mode to rwxr-xr-x: Operation not permitted
build	Cache Android SDK	2026-06-06T12:22:58.1112242Z /usr/bin/tar: ../../../../../usr/local/lib/android/sdk/platforms/android-34/data/res/values-mcc310-mnc150-en-rAU: Cannot utime: Operation not permitted
build	Cache Android SDK	2026-06-06T12:22:58.1113203Z /usr/bin/tar: ../../../../../usr/local/lib/android/sdk/platforms/android-34/data/res/values-mcc310-mnc150-en-rAU: Cannot change mode to rwxr-xr-x: Operation not permitted
build	Cache Android SDK	2026-06-06T12:22:58.1128688Z /usr/bin/tar: ../../../../../usr/local/lib/android/sdk/platforms/android-34/data/res/xml: Cannot utime: Operation not permitted
build	Cache Android SDK	2026-06-06T12:22:58.1129581Z /usr/bin/tar: ../../../../../usr/local/lib/android/sdk/platforms/android-34/data/res/xml: Cannot change mode to rwxr-xr-x: Operation not permitted
build	Cache Android SDK	2026-06-06T12:22:58.1131805Z /usr/bin/tar: ../../../../../usr/local/lib/android/sdk/platforms/android-34/data/res/values-mcc310-mnc800-sr: Cannot utime: Operation not permitted
build	Cache Android SDK	2026-06-06T12:22:58.1132902Z /usr/bin/tar: ../../../../../usr/local/lib/android/sdk/platforms/android-34/data/res/values-mcc310-mnc800-sr: Cannot change mode to rwxr-xr-x: Operation not permitted
build	Cache Android SDK	2026-06-06T12:22:58.1135997Z /usr/bin/tar: ../../../../../usr/local/lib/android/sdk/platforms/android-34/data/res/values-mcc310-mnc380-zh-rCN: Cannot utime: Operation not permitted
build	Cache Android SDK	2026-06-06T12:22:58.1138020Z /usr/bin/tar: ../../../../../usr/local/lib/android/sdk/platforms/android-34/data/res/values-mcc310-mnc380-zh-rCN: Cannot change mode to rwxr-xr-x: Operation not permitted
build	Cache Android SDK	2026-06-06T12:22:58.1139864Z /usr/bin/tar: ../../../../../usr/local/lib/android/sdk/platforms/android-34/data/res/values-mcc310-mnc950-ms: Cannot utime: Operation not permitted
build	Cache Android SDK	2026-06-06T12:22:58.1141429Z /usr/bin/tar: ../../../../../usr/local/lib/android/sdk/platforms/android-34/data/res/values-mcc310-mnc950-ms: Cannot change mode to rwxr-xr-x: Operation not permitted
build	Cache Android SDK	2026-06-06T12:22:58.1143413Z /usr/bin/tar: ../../../../../usr/local/lib/android/sdk/platforms/android-34/data/res/values-mcc310-mnc170-ms: Cannot utime: Operation not permitted
build	Cache Android SDK	2026-06-06T12:22:58.1145079Z /usr/bin/tar: ../../../../../usr/local/lib/android/sdk/platforms/android-34/data/res/values-mcc310-mnc170-ms: Cannot change mode to rwxr-xr-x: Operation not permitted
build	Cache Android SDK	2026-06-06T12:22:58.1146989Z /usr/bin/tar: ../../../../../usr/local/lib/android/sdk/platforms/android-34/data/res/values-mcc310-mnc230-sq: Cannot utime: Operation not permitted
build	Cache Android SDK	2026-06-06T12:22:58.1148495Z /usr/bin/tar: ../../../../../usr/local/lib/android/sdk/platforms/android-34/data/res/values-mcc310-mnc230-sq: Cannot change mode to rwxr-xr-x: Operation not permitted
build	Cache Android SDK	2026-06-06T12:22:58.1150348Z /usr/bin/tar: ../../../../../usr/local/lib/android/sdk/platforms/android-34/data/res/values-mcc334-mnc020-b+sr+Latn: Cannot utime: Operation not permitted
build	Cache Android SDK	2026-06-06T12:22:58.1151883Z /usr/bin/tar: ../../../../../usr/local/lib/android/sdk/platforms/android-34/data/res/values-mcc334-mnc020-b+sr+Latn: Cannot change mode to rwxr-xr-x: Operation not permitted
build	Cache Android SDK	2026-06-06T12:22:58.1153054Z /usr/bin/tar: ../../../../../usr/local/lib/android/sdk/platforms/android-34/data/res/values-mcc310-mnc800-pt: Cannot utime: Operation not permitted
build	Cache Android SDK	2026-06-06T12:22:58.1154363Z /usr/bin/tar: ../../../../../usr/local/lib/android/sdk/platforms/android-34/data/res/values-mcc310-mnc800-pt: Cannot change mode to rwxr-xr-x: Operation not permitted
build	Cache Android SDK	2026-06-06T12:22:58.1155608Z /usr/bin/tar: ../../../../../usr/local/lib/android/sdk/platforms/android-34/data/res/values-mcc310-mnc250-iw: Cannot utime: Operation not permitted
build	Cache Android SDK	2026-06-06T12:22:58.1156593Z /usr/bin/tar: ../../../../../usr/local/lib/android/sdk/platforms/android-34/data/res/values-mcc310-mnc250-iw: Cannot change mode to rwxr-xr-x: Operation not permitted
build	Cache Android SDK	2026-06-06T12:22:58.1158733Z /usr/bin/tar: ../../../../../usr/local/lib/android/sdk/platforms/android-34/data/res/mipmap-hdpi: Cannot utime: Operation not permitted
build	Cache Android SDK	2026-06-06T12:22:58.1159664Z /usr/bin/tar: ../../../../../usr/local/lib/android/sdk/platforms/android-34/data/res/mipmap-hdpi: Cannot change mode to rwxr-xr-x: Operation not permitted
build	Cache Android SDK	2026-06-06T12:22:58.1162003Z /usr/bin/tar: ../../../../../usr/local/lib/android/sdk/platforms/android-34/data/res/values-mcc310-mnc950-af: Cannot utime: Operation not permitted
build	Cache Android SDK	2026-06-06T12:22:58.1163068Z /usr/bin/tar: ../../../../../usr/local/lib/android/sdk/platforms/android-34/data/res/values-mcc310-mnc950-af: Cannot change mode to rwxr-xr-x: Operation not permitted
build	Cache Android SDK	2026-06-06T12:22:58.1164855Z /usr/bin/tar: ../../../../../usr/local/lib/android/sdk/platforms/android-34/data/res/values-mcc310-mnc210-kk: Cannot utime: Operation not permitted
build	Cache Android SDK	2026-06-06T12:22:58.1165805Z /usr/bin/tar: ../../../../../usr/local/lib/android/sdk/platforms/android-34/data/res/values-mcc310-mnc210-kk: Cannot change mode to rwxr-xr-x: Operation not permitted
build	Cache Android SDK	2026-06-06T12:22:58.1168479Z /usr/bin/tar: ../../../../../usr/local/lib/android/sdk/platforms/android-34/data/res/values-mcc302-mnc720-ne: Cannot utime: Operation not permitted
build	Cache Android SDK	2026-06-06T12:22:58.1169577Z /usr/bin/tar: ../../../../../usr/local/lib/android/sdk/platforms/android-34/data/res/values-mcc302-mnc720-ne: Cannot change mode to rwxr-xr-x: Operation not permitted
build	Cache Android SDK	2026-06-06T12:22:58.1172027Z /usr/bin/tar: ../../../../../usr/local/lib/android/sdk/platforms/android-34/data/res/values-mcc334-mnc020-th: Cannot utime: Operation not permitted
build	Cache Android SDK	2026-06-06T12:22:58.1173054Z /usr/bin/tar: ../../../../../usr/local/lib/android/sdk/platforms/android-34/data/res/values-mcc334-mnc020-th: Cannot change mode to rwxr-xr-x: Operation not permitted
build	Cache Android SDK	2026-06-06T12:22:58.1174912Z /usr/bin/tar: ../../../../../usr/local/lib/android/sdk/platforms/android-34/data/res/values-mcc310-mnc280-is: Cannot utime: Operation not permitted
build	Cache Android SDK	2026-06-06T12:22:58.1175845Z /usr/bin/tar: ../../../../../usr/local/lib/android/sdk/platforms/android-34/data/res/values-mcc310-mnc280-is: Cannot change mode to rwxr-xr-x: Operation not permitted
build	Cache Android SDK	2026-06-06T12:22:58.1178378Z /usr/bin/tar: ../../../../../usr/local/lib/android/sdk/platforms/android-34/data/res/values-mcc313-mnc100-be: Cannot utime: Operation not permitted
build	Cache Android SDK	2026-06-06T12:22:58.1179342Z /usr/bin/tar: ../../../../../usr/local/lib/android/sdk/platforms/android-34/data/res/values-mcc313-mnc100-be: Cannot change mode to rwxr-xr-x: Operation not permitted
build	Cache Android SDK	2026-06-06T12:22:58.1186036Z /usr/bin/tar: ../../../../../usr/local/lib/android/sdk/platforms/android-34/data/res/values-es-rUS: Cannot utime: Operation not permitted
build	Cache Android SDK	2026-06-06T12:22:58.1187250Z /usr/bin/tar: ../../../../../usr/local/lib/android/sdk/platforms/android-34/data/res/values-es-rUS: Cannot change mode to rwxr-xr-x: Operation not permitted
build	Cache Android SDK	2026-06-06T12:22:58.1189045Z /usr/bin/tar: ../../../../../usr/local/lib/android/sdk/platforms/android-34/data/res/values-mcc311-mnc180-te: Cannot utime: Operation not permitted
build	Cache Android SDK	2026-06-06T12:22:58.1190174Z /usr/bin/tar: ../../../../../usr/local/lib/android/sdk/platforms/android-34/data/res/values-mcc311-mnc180-te: Cannot change mode to rwxr-xr-x: Operation not permitted
build	Cache Android SDK	2026-06-06T12:22:58.1192577Z /usr/bin/tar: ../../../../../usr/local/lib/android/sdk/platforms/android-34/data/res/values-mcc310-mnc030-ko: Cannot utime: Operation not permitted
build	Cache Android SDK	2026-06-06T12:22:58.1193501Z /usr/bin/tar: ../../../../../usr/local/lib/android/sdk/platforms/android-34/data/res/values-mcc310-mnc030-ko: Cannot change mode to rwxr-xr-x: Operation not permitted
build	Cache Android SDK	2026-06-06T12:22:58.1195820Z /usr/bin/tar: ../../../../../usr/local/lib/android/sdk/platforms/android-34/data/res/values-da-television: Cannot utime: Operation not permitted
build	Cache Android SDK	2026-06-06T12:22:58.1196740Z /usr/bin/tar: ../../../../../usr/local/lib/android/sdk/platforms/android-34/data/res/values-da-television: Cannot change mode to rwxr-xr-x: Operation not permitted
build	Cache Android SDK	2026-06-06T12:22:58.1199003Z /usr/bin/tar: ../../../../../usr/local/lib/android/sdk/platforms/android-34/data/res/values-mcc310-mnc240-be: Cannot utime: Operation not permitted
build	Cache Android SDK	2026-06-06T12:22:58.1199930Z /usr/bin/tar: ../../../../../usr/local/lib/android/sdk/platforms/android-34/data/res/values-mcc310-mnc240-be: Cannot change mode to rwxr-xr-x: Operation not permitted
build	Cache Android SDK	2026-06-06T12:22:58.1202071Z /usr/bin/tar: ../../../../../usr/local/lib/android/sdk/platforms/android-34/data/res/values-mr-television: Cannot utime: Operation not permitted
build	Cache Android SDK	2026-06-06T12:22:58.1202992Z /usr/bin/tar: ../../../../../usr/local/lib/android/sdk/platforms/android-34/data/res/values-mr-television: Cannot change mode to rwxr-xr-x: Operation not permitted
build	Cache Android SDK	2026-06-06T12:22:58.1205783Z /usr/bin/tar: ../../../../../usr/local/lib/android/sdk/platforms/android-34/data/res/values-mcc310-mnc490-tl: Cannot utime: Operation not permitted
build	Cache Android SDK	2026-06-06T12:22:58.1206715Z /usr/bin/tar: ../../../../../usr/local/lib/android/sdk/platforms/android-34/data/res/values-mcc310-mnc490-tl: Cannot change mode to rwxr-xr-x: Operation not permitted
build	Cache Android SDK	2026-06-06T12:22:58.1209302Z /usr/bin/tar: ../../../../../usr/local/lib/android/sdk/platforms/android-34/data/res/values-mcc310-mnc240-cs: Cannot utime: Operation not permitted
build	Cache Android SDK	2026-06-06T12:22:58.1210357Z /usr/bin/tar: ../../../../../usr/local/lib/android/sdk/platforms/android-34/data/res/values-mcc310-mnc240-cs: Cannot change mode to rwxr-xr-x: Operation not permitted
build	Cache Android SDK	2026-06-06T12:22:58.1212706Z /usr/bin/tar: ../../../../../usr/local/lib/android/sdk/platforms/android-34/data/res/values-mcc310-mnc250-af: Cannot utime: Operation not permitted
build	Cache Android SDK	2026-06-06T12:22:58.1213629Z /usr/bin/tar: ../../../../../usr/local/lib/android/sdk/platforms/android-34/data/res/values-mcc310-mnc250-af: Cannot change mode to rwxr-xr-x: Operation not permitted
build	Cache Android SDK	2026-06-06T12:22:58.1215979Z /usr/bin/tar: ../../../../../usr/local/lib/android/sdk/platforms/android-34/data/res/values-xlarge: Cannot utime: Operation not permitted
build	Cache Android SDK	2026-06-06T12:22:58.1216851Z /usr/bin/tar: ../../../../../usr/local/lib/android/sdk/platforms/android-34/data/res/values-xlarge: Cannot change mode to rwxr-xr-x: Operation not permitted
build	Cache Android SDK	2026-06-06T12:22:58.1219246Z /usr/bin/tar: ../../../../../usr/local/lib/android/sdk/platforms/android-34/data/res/values-mcc302-mnc370-zh-rTW: Cannot utime: Operation not permitted
build	Cache Android SDK	2026-06-06T12:22:58.1220217Z /usr/bin/tar: ../../../../../usr/local/lib/android/sdk/platforms/android-34/data/res/values-mcc302-mnc370-zh-rTW: Cannot change mode to rwxr-xr-x: Operation not permitted
build	Cache Android SDK	2026-06-06T12:22:58.1222729Z /usr/bin/tar: ../../../../../usr/local/lib/android/sdk/platforms/android-34/data/res/values-mcc310-mnc410-ca: Cannot utime: Operation not permitted
build	Cache Android SDK	2026-06-06T12:22:58.1223812Z /usr/bin/tar: ../../../../../usr/local/lib/android/sdk/platforms/android-34/data/res/values-mcc310-mnc410-ca: Cannot change mode to rwxr-xr-x: Operation not permitted
build	Cache Android SDK	2026-06-06T12:22:58.1226207Z /usr/bin/tar: ../../../../../usr/local/lib/android/sdk/platforms/android-34/data/res/values-mcc310-mnc410-my: Cannot utime: Operation not permitted
build	Cache Android SDK	2026-06-06T12:22:58.1227136Z /usr/bin/tar: ../../../../../usr/local/lib/android/sdk/platforms/android-34/data/res/values-mcc310-mnc410-my: Cannot change mode to rwxr-xr-x: Operation not permitted
build	Cache Android SDK	2026-06-06T12:22:58.1229504Z /usr/bin/tar: ../../../../../usr/local/lib/android/sdk/platforms/android-34/data/res/values-mcc310-mnc160-lo: Cannot utime: Operation not permitted
build	Cache Android SDK	2026-06-06T12:22:58.1230431Z /usr/bin/tar: ../../../../../usr/local/lib/android/sdk/platforms/android-34/data/res/values-mcc310-mnc160-lo: Cannot change mode to rwxr-xr-x: Operation not permitted
build	Cache Android SDK	2026-06-06T12:22:58.1233477Z /usr/bin/tar: ../../../../../usr/local/lib/android/sdk/platforms/android-34/data/res/values-mcc310-mnc660-ka: Cannot utime: Operation not permitted
build	Cache Android SDK	2026-06-06T12:22:58.1234481Z /usr/bin/tar: ../../../../../usr/local/lib/android/sdk/platforms/android-34/data/res/values-mcc310-mnc660-ka: Cannot change mode to rwxr-xr-x: Operation not permitted
build	Cache Android SDK	2026-06-06T12:22:58.1239290Z /usr/bin/tar: ../../../../../usr/local/lib/android/sdk/platforms/android-34/data/res/values-mcc310-mnc170-lv: Cannot utime: Operation not permitted
build	Cache Android SDK	2026-06-06T12:22:58.1240260Z /usr/bin/tar: ../../../../../usr/local/lib/android/sdk/platforms/android-34/data/res/values-mcc310-mnc170-lv: Cannot change mode to rwxr-xr-x: Operation not permitted
build	Cache Android SDK	2026-06-06T12:22:58.1242849Z /usr/bin/tar: ../../../../../usr/local/lib/android/sdk/platforms/android-34/data/res/values-mcc505-mnc01: Cannot utime: Operation not permitted
build	Cache Android SDK	2026-06-06T12:22:58.1246042Z /usr/bin/tar: ../../../../../usr/local/lib/android/sdk/platforms/android-34/data/res/values-mcc505-mnc01: Cannot change mode to rwxr-xr-x: Operation not permitted
build	Cache Android SDK	2026-06-06T12:22:58.1246982Z /usr/bin/tar: ../../../../../usr/local/lib/android/sdk/platforms/android-34/data/res/values-mcc310-mnc560-ky: Cannot utime: Operation not permitted
build	Cache Android SDK	2026-06-06T12:22:58.1248715Z /usr/bin/tar: ../../../../../usr/local/lib/android/sdk/platforms/android-34/data/res/values-mcc310-mnc560-ky: Cannot change mode to rwxr-xr-x: Operation not permitted
build	Cache Android SDK	2026-06-06T12:22:58.1249773Z /usr/bin/tar: ../../../../../usr/local/lib/android/sdk/platforms/android-34/data/res/values-my-television: Cannot utime: Operation not permitted
build	Cache Android SDK	2026-06-06T12:22:58.1250928Z /usr/bin/tar: ../../../../../usr/local/lib/android/sdk/platforms/android-34/data/res/values-my-television: Cannot change mode to rwxr-xr-x: Operation not permitted
build	Cache Android SDK	2026-06-06T12:22:58.1252540Z /usr/bin/tar: ../../../../../usr/local/lib/android/sdk/platforms/android-34/data/res/values-mcc310-mnc160-km: Cannot utime: Operation not permitted
build	Cache Android SDK	2026-06-06T12:22:58.1253475Z /usr/bin/tar: ../../../../../usr/local/lib/android/sdk/platforms/android-34/data/res/values-mcc310-mnc160-km: Cannot change mode to rwxr-xr-x: Operation not permitted
build	Cache Android SDK	2026-06-06T12:22:58.1256109Z /usr/bin/tar: ../../../../../usr/local/lib/android/sdk/platforms/android-34/data/res/layout-port: Cannot utime: Operation not permitted
build	Cache Android SDK	2026-06-06T12:22:58.1256986Z /usr/bin/tar: ../../../../../usr/local/lib/android/sdk/platforms/android-34/data/res/layout-port: Cannot change mode to rwxr-xr-x: Operation not permitted
build	Cache Android SDK	2026-06-06T12:22:58.1259545Z /usr/bin/tar: ../../../../../usr/local/lib/android/sdk/platforms/android-34/data/res/values-mcc310-mnc030-gl: Cannot utime: Operation not permitted
build	Cache Android SDK	2026-06-06T12:22:58.1260503Z /usr/bin/tar: ../../../../../usr/local/lib/android/sdk/platforms/android-34/data/res/values-mcc310-mnc030-gl: Cannot change mode to rwxr-xr-x: Operation not permitted
build	Cache Android SDK	2026-06-06T12:22:58.1263035Z /usr/bin/tar: ../../../../../usr/local/lib/android/sdk/platforms/android-34/data/res/values-mcc310-mnc230-ar: Cannot utime: Operation not permitted
build	Cache Android SDK	2026-06-06T12:22:58.1263981Z /usr/bin/tar: ../../../../../usr/local/lib/android/sdk/platforms/android-34/data/res/values-mcc310-mnc230-ar: Cannot change mode to rwxr-xr-x: Operation not permitted
build	Cache Android SDK	2026-06-06T12:22:58.1266746Z /usr/bin/tar: ../../../../../usr/local/lib/android/sdk/platforms/android-34/data/res/values-mcc310-mnc230-kn: Cannot utime: Operation not permitted
build	Cache Android SDK	2026-06-06T12:22:58.1267851Z /usr/bin/tar: ../../../../../usr/local/lib/android/sdk/platforms/android-34/data/res/values-mcc310-mnc230-kn: Cannot change mode to rwxr-xr-x: Operation not permitted
build	Cache Android SDK	2026-06-06T12:22:58.1270726Z /usr/bin/tar: ../../../../../usr/local/lib/android/sdk/platforms/android-34/data/res/values-in-rID: Cannot utime: Operation not permitted
build	Cache Android SDK	2026-06-06T12:22:58.1271604Z /usr/bin/tar: ../../../../../usr/local/lib/android/sdk/platforms/android-34/data/res/values-in-rID: Cannot change mode to rwxr-xr-x: Operation not permitted
build	Cache Android SDK	2026-06-06T12:22:58.1274155Z /usr/bin/tar: ../../../../../usr/local/lib/android/sdk/platforms/android-34/data/res/values-mcc310-mnc210-si: Cannot utime: Operation not permitted
build	Cache Android SDK	2026-06-06T12:22:58.1275087Z /usr/bin/tar: ../../../../../usr/local/lib/android/sdk/platforms/android-34/data/res/values-mcc310-mnc210-si: Cannot change mode to rwxr-xr-x: Operation not permitted
build	Cache Android SDK	2026-06-06T12:22:58.1277548Z /usr/bin/tar: ../../../../../usr/local/lib/android/sdk/platforms/android-34/data/res/layout-large: Cannot utime: Operation not permitted
build	Cache Android SDK	2026-06-06T12:22:58.1278437Z /usr/bin/tar: ../../../../../usr/local/lib/android/sdk/platforms/android-34/data/res/layout-large: Cannot change mode to rwxr-xr-x: Operation not permitted
build	Cache Android SDK	2026-06-06T12:22:58.1280587Z /usr/bin/tar: ../../../../../usr/local/lib/android/sdk/platforms/android-34/data/res/values-mcc310-mnc150-or: Cannot utime: Operation not permitted
build	Cache Android SDK	2026-06-06T12:22:58.1281531Z /usr/bin/tar: ../../../../../usr/local/lib/android/sdk/platforms/android-34/data/res/values-mcc310-mnc150-or: Cannot change mode to rwxr-xr-x: Operation not permitted
build	Cache Android SDK	2026-06-06T12:22:58.1284973Z /usr/bin/tar: ../../../../../usr/local/lib/android/sdk/platforms/android-34/data/res/values-mcc310-mnc250-sv: Cannot utime: Operation not permitted
build	Cache Android SDK	2026-06-06T12:22:58.1285898Z /usr/bin/tar: ../../../../../usr/local/lib/android/sdk/platforms/android-34/data/res/values-mcc310-mnc250-sv: Cannot change mode to rwxr-xr-x: Operation not permitted
build	Cache Android SDK	2026-06-06T12:22:58.1288801Z /usr/bin/tar: ../../../../../usr/local/lib/android/sdk/platforms/android-34/data/res/values-mcc310-mnc270-pa: Cannot utime: Operation not permitted
build	Cache Android SDK	2026-06-06T12:22:58.1289740Z /usr/bin/tar: ../../../../../usr/local/lib/android/sdk/platforms/android-34/data/res/values-mcc310-mnc270-pa: Cannot change mode to rwxr-xr-x: Operation not permitted
build	Cache Android SDK	2026-06-06T12:22:58.1296373Z /usr/bin/tar: ../../../../../usr/local/lib/android/sdk/platforms/android-34/data/res/values-pl: Cannot utime: Operation not permitted
build	Cache Android SDK	2026-06-06T12:22:58.1297259Z /usr/bin/tar: ../../../../../usr/local/lib/android/sdk/platforms/android-34/data/res/values-pl: Cannot change mode to rwxr-xr-x: Operation not permitted
build	Cache Android SDK	2026-06-06T12:22:58.1299657Z /usr/bin/tar: ../../../../../usr/local/lib/android/sdk/platforms/android-34/data/res/values-mcc310-mnc490-ml: Cannot utime: Operation not permitted
build	Cache Android SDK	2026-06-06T12:22:58.1300593Z /usr/bin/tar: ../../../../../usr/local/lib/android/sdk/platforms/android-34/data/res/values-mcc310-mnc490-ml: Cannot change mode to rwxr-xr-x: Operation not permitted
build	Cache Android SDK	2026-06-06T12:22:58.1302990Z /usr/bin/tar: ../../../../../usr/local/lib/android/sdk/platforms/android-34/data/res/values-mcc310-mnc160-am: Cannot utime: Operation not permitted
build	Cache Android SDK	2026-06-06T12:22:58.1304118Z /usr/bin/tar: ../../../../../usr/local/lib/android/sdk/platforms/android-34/data/res/values-mcc310-mnc160-am: Cannot change mode to rwxr-xr-x: Operation not permitted
build	Cache Android SDK	2026-06-06T12:22:58.1306997Z /usr/bin/tar: ../../../../../usr/local/lib/android/sdk/platforms/android-34/data/res/values-mcc310-mnc170-es-rUS: Cannot utime: Operation not permitted
build	Cache Android SDK	2026-06-06T12:22:58.1308311Z /usr/bin/tar: ../../../../../usr/local/lib/android/sdk/platforms/android-34/data/res/values-mcc310-mnc170-es-rUS: Cannot change mode to rwxr-xr-x: Operation not permitted
build	Cache Android SDK	2026-06-06T12:22:58.1313541Z /usr/bin/tar: ../../../../../usr/local/lib/android/sdk/platforms/android-34/data/res/values-ca: Cannot utime: Operation not permitted
build	Cache Android SDK	2026-06-06T12:22:58.1314555Z /usr/bin/tar: ../../../../../usr/local/lib/android/sdk/platforms/android-34/data/res/values-ca: Cannot change mode to rwxr-xr-x: Operation not permitted
build	Cache Android SDK	2026-06-06T12:22:58.1316394Z /usr/bin/tar: ../../../../../usr/local/lib/android/sdk/platforms/android-34/data/res/values-mcc310-mnc210-am: Cannot utime: Operation not permitted
build	Cache Android SDK	2026-06-06T12:22:58.1317342Z /usr/bin/tar: ../../../../../usr/local/lib/android/sdk/platforms/android-34/data/res/values-mcc310-mnc210-am: Cannot change mode to rwxr-xr-x: Operation not permitted
build	Cache Android SDK	2026-06-06T12:22:58.1319231Z /usr/bin/tar: ../../../../../usr/local/lib/android/sdk/platforms/android-34/data/res/values-mcc310-mnc030-eu: Cannot utime: Operation not permitted
build	Cache Android SDK	2026-06-06T12:22:58.1320148Z /usr/bin/tar: ../../../../../usr/local/lib/android/sdk/platforms/android-34/data/res/values-mcc310-mnc030-eu: Cannot change mode to rwxr-xr-x: Operation not permitted
build	Cache Android SDK	2026-06-06T12:22:58.1322284Z /usr/bin/tar: ../../../../../usr/local/lib/android/sdk/platforms/android-34/data/res/values-mcc706-mnc04: Cannot utime: Operation not permitted
build	Cache Android SDK	2026-06-06T12:22:58.1323204Z /usr/bin/tar: ../../../../../usr/local/lib/android/sdk/platforms/android-34/data/res/values-mcc706-mnc04: Cannot change mode to rwxr-xr-x: Operation not permitted
build	Cache Android SDK	2026-06-06T12:22:58.1325845Z /usr/bin/tar: ../../../../../usr/local/lib/android/sdk/platforms/android-34/data/res/values-si-television: Cannot utime: Operation not permitted
build	Cache Android SDK	2026-06-06T12:22:58.1326766Z /usr/bin/tar: ../../../../../usr/local/lib/android/sdk/platforms/android-34/data/res/values-si-television: Cannot change mode to rwxr-xr-x: Operation not permitted
build	Cache Android SDK	2026-06-06T12:22:58.1328793Z /usr/bin/tar: ../../../../../usr/local/lib/android/sdk/platforms/android-34/data/res/values-mcc334-mnc020-sl: Cannot utime: Operation not permitted
build	Cache Android SDK	2026-06-06T12:22:58.1329719Z /usr/bin/tar: ../../../../../usr/local/lib/android/sdk/platforms/android-34/data/res/values-mcc334-mnc020-sl: Cannot change mode to rwxr-xr-x: Operation not permitted
build	Cache Android SDK	2026-06-06T12:22:58.1331658Z /usr/bin/tar: ../../../../../usr/local/lib/android/sdk/platforms/android-34/data/res/values-mcc310-mnc660-sv: Cannot utime: Operation not permitted
build	Cache Android SDK	2026-06-06T12:22:58.1332583Z /usr/bin/tar: ../../../../../usr/local/lib/android/sdk/platforms/android-34/data/res/values-mcc310-mnc660-sv: Cannot change mode to rwxr-xr-x: Operation not permitted
build	Cache Android SDK	2026-06-06T12:22:58.1334828Z /usr/bin/tar: ../../../../../usr/local/lib/android/sdk/platforms/android-34/data/res/values-mcc268-mnc03: Cannot utime: Operation not permitted
build	Cache Android SDK	2026-06-06T12:22:58.1335890Z /usr/bin/tar: ../../../../../usr/local/lib/android/sdk/platforms/android-34/data/res/values-mcc268-mnc03: Cannot change mode to rwxr-xr-x: Operation not permitted
build	Cache Android SDK	2026-06-06T12:22:58.1338176Z /usr/bin/tar: ../../../../../usr/local/lib/android/sdk/platforms/android-34/data/res/values-mcc310-mnc950-zh-rTW: Cannot utime: Operation not permitted
build	Cache Android SDK	2026-06-06T12:22:58.1339235Z /usr/bin/tar: ../../../../../usr/local/lib/android/sdk/platforms/android-34/data/res/values-mcc310-mnc950-zh-rTW: Cannot change mode to rwxr-xr-x: Operation not permitted
build	Cache Android SDK	2026-06-06T12:22:58.1340888Z /usr/bin/tar: ../../../../../usr/local/lib/android/sdk/platforms/android-34/data/res/values-mcc313-mnc100-sq: Cannot utime: Operation not permitted
build	Cache Android SDK	2026-06-06T12:22:58.1341923Z /usr/bin/tar: ../../../../../usr/local/lib/android/sdk/platforms/android-34/data/res/values-mcc313-mnc100-sq: Cannot change mode to rwxr-xr-x: Operation not permitted
build	Cache Android SDK	2026-06-06T12:22:58.1343938Z /usr/bin/tar: ../../../../../usr/local/lib/android/sdk/platforms/android-34/data/res/values-mcc310-mnc280-tr: Cannot utime: Operation not permitted
build	Cache Android SDK	2026-06-06T12:22:58.1344950Z /usr/bin/tar: ../../../../../usr/local/lib/android/sdk/platforms/android-34/data/res/values-mcc310-mnc280-tr: Cannot change mode to rwxr-xr-x: Operation not permitted
build	Cache Android SDK	2026-06-06T12:22:58.1347248Z /usr/bin/tar: ../../../../../usr/local/lib/android/sdk/platforms/android-34/data/res/values-mcc302-mnc370-fi: Cannot utime: Operation not permitted
build	Cache Android SDK	2026-06-06T12:22:58.1348405Z /usr/bin/tar: ../../../../../usr/local/lib/android/sdk/platforms/android-34/data/res/values-mcc302-mnc370-fi: Cannot change mode to rwxr-xr-x: Operation not permitted
build	Cache Android SDK	2026-06-06T12:22:58.1350790Z /usr/bin/tar: ../../../../../usr/local/lib/android/sdk/platforms/android-34/data/res/values-mcc310-mnc230-hi: Cannot utime: Operation not permitted
build	Cache Android SDK	2026-06-06T12:22:58.1365865Z /usr/bin/tar: ../../../../../usr/local/lib/android/sdk/platforms/android-34/data/res/values-mcc310-mnc230-hi: Cannot change mode to rwxr-xr-x: Operation not permitted
build	Cache Android SDK	2026-06-06T12:22:58.1367187Z /usr/bin/tar: ../../../../../usr/local/lib/android/sdk/platforms/android-34/data/res/values-az: Cannot utime: Operation not permitted
build	Cache Android SDK	2026-06-06T12:22:58.1368168Z /usr/bin/tar: ../../../../../usr/local/lib/android/sdk/platforms/android-34/data/res/values-az: Cannot change mode to rwxr-xr-x: Operation not permitted
build	Cache Android SDK	2026-06-06T12:22:58.1369387Z /usr/bin/tar: ../../../../../usr/local/lib/android/sdk/platforms/android-34/data/res/values-mcc310-mnc160-sr: Cannot utime: Operation not permitted
build	Cache Android SDK	2026-06-06T12:22:58.1370605Z /usr/bin/tar: ../../../../../usr/local/lib/android/sdk/platforms/android-34/data/res/values-mcc310-mnc160-sr: Cannot change mode to rwxr-xr-x: Operation not permitted
build	Cache Android SDK	2026-06-06T12:22:58.1371624Z /usr/bin/tar: ../../../../../usr/local/lib/android/sdk/platforms/android-34/data/res/values-mcc310-mnc250-vi: Cannot utime: Operation not permitted
build	Cache Android SDK	2026-06-06T12:22:58.1372986Z /usr/bin/tar: ../../../../../usr/local/lib/android/sdk/platforms/android-34/data/res/values-mcc310-mnc250-vi: Cannot change mode to rwxr-xr-x: Operation not permitted
build	Cache Android SDK	2026-06-06T12:22:58.1373895Z /usr/bin/tar: ../../../../../usr/local/lib/android/sdk/platforms/android-34/data/res/values-mcc302-mnc720-zu: Cannot utime: Operation not permitted
build	Cache Android SDK	2026-06-06T12:22:58.1375121Z /usr/bin/tar: ../../../../../usr/local/lib/android/sdk/platforms/android-34/data/res/values-mcc302-mnc720-zu: Cannot change mode to rwxr-xr-x: Operation not permitted
build	Cache Android SDK	2026-06-06T12:22:58.1376252Z /usr/bin/tar: ../../../../../usr/local/lib/android/sdk/platforms/android-34/data/res/values-lt-television: Cannot utime: Operation not permitted
build	Cache Android SDK	2026-06-06T12:22:58.1377155Z /usr/bin/tar: ../../../../../usr/local/lib/android/sdk/platforms/android-34/data/res/values-lt-television: Cannot change mode to rwxr-xr-x: Operation not permitted
build	Cache Android SDK	2026-06-06T12:22:58.1378960Z /usr/bin/tar: ../../../../../usr/local/lib/android/sdk/platforms/android-34/data/res/values-mcc313-mnc100-pt: Cannot utime: Operation not permitted
build	Cache Android SDK	2026-06-06T12:22:58.1379952Z /usr/bin/tar: ../../../../../usr/local/lib/android/sdk/platforms/android-34/data/res/values-mcc313-mnc100-pt: Cannot change mode to rwxr-xr-x: Operation not permitted
build	Cache Android SDK	2026-06-06T12:22:58.1381383Z /usr/bin/tar: ../../../../../usr/local/lib/android/sdk/platforms/android-34/data/res/values-mcc310-mnc660-km: Cannot utime: Operation not permitted
build	Cache Android SDK	2026-06-06T12:22:58.1382282Z /usr/bin/tar: ../../../../../usr/local/lib/android/sdk/platforms/android-34/data/res/values-mcc310-mnc660-km: Cannot change mode to rwxr-xr-x: Operation not permitted
build	Cache Android SDK	2026-06-06T12:22:58.1383327Z /usr/bin/tar: ../../../../../usr/local/lib/android/sdk/platforms/android-34/data/res/values-en-rXC-watch: Cannot utime: Operation not permitted
build	Cache Android SDK	2026-06-06T12:22:58.1384802Z /usr/bin/tar: ../../../../../usr/local/lib/android/sdk/platforms/android-34/data/res/values-en-rXC-watch: Cannot change mode to rwxr-xr-x: Operation not permitted
build	Cache Android SDK	2026-06-06T12:22:58.1385718Z /usr/bin/tar: ../../../../../usr/local/lib/android/sdk/platforms/android-34/data/res/values-mcc310-mnc310-pa: Cannot utime: Operation not permitted
build	Cache Android SDK	2026-06-06T12:22:58.1387204Z /usr/bin/tar: ../../../../../usr/local/lib/android/sdk/platforms/android-34/data/res/values-mcc310-mnc310-pa: Cannot change mode to rwxr-xr-x: Operation not permitted
build	Cache Android SDK	2026-06-06T12:22:58.1388260Z /usr/bin/tar: ../../../../../usr/local/lib/android/sdk/platforms/android-34/data/res/values-mcc312-mnc670-hy: Cannot utime: Operation not permitted
build	Cache Android SDK	2026-06-06T12:22:58.1389363Z /usr/bin/tar: ../../../../../usr/local/lib/android/sdk/platforms/android-34/data/res/values-mcc312-mnc670-hy: Cannot change mode to rwxr-xr-x: Operation not permitted
build	Cache Android SDK	2026-06-06T12:22:58.1390721Z /usr/bin/tar: ../../../../../usr/local/lib/android/sdk/platforms/android-34/data/res/values-mcc310-mnc220-ms: Cannot utime: Operation not permitted
build	Cache Android SDK	2026-06-06T12:22:58.1391630Z /usr/bin/tar: ../../../../../usr/local/lib/android/sdk/platforms/android-34/data/res/values-mcc310-mnc220-ms: Cannot change mode to rwxr-xr-x: Operation not permitted
build	Cache Android SDK	2026-06-06T12:22:58.1393117Z /usr/bin/tar: ../../../../../usr/local/lib/android/sdk/platforms/android-34/data/res/values-mcc302-mnc370-ko: Cannot utime: Operation not permitted
build	Cache Android SDK	2026-06-06T12:22:58.1394031Z /usr/bin/tar: ../../../../../usr/local/lib/android/sdk/platforms/android-34/data/res/values-mcc302-mnc370-ko: Cannot change mode to rwxr-xr-x: Operation not permitted
build	Cache Android SDK	2026-06-06T12:22:58.1394938Z /usr/bin/tar: ../../../../../usr/local/lib/android/sdk/platforms/android-34/data/res/values-mcc302-mnc720-my: Cannot utime: Operation not permitted
build	Cache Android SDK	2026-06-06T12:22:58.1396148Z /usr/bin/tar: ../../../../../usr/local/lib/android/sdk/platforms/android-34/data/res/values-mcc302-mnc720-my: Cannot change mode to rwxr-xr-x: Operation not permitted
build	Cache Android SDK	2026-06-06T12:22:58.1400589Z /usr/bin/tar: ../../../../../usr/local/lib/android/sdk/platforms/android-34/data/res/values-gu: Cannot utime: Operation not permitted
build	Cache Android SDK	2026-06-06T12:22:58.1401854Z /usr/bin/tar: ../../../../../usr/local/lib/android/sdk/platforms/android-34/data/res/values-gu: Cannot change mode to rwxr-xr-x: Operation not permitted
build	Cache Android SDK	2026-06-06T12:22:58.1404158Z /usr/bin/tar: ../../../../../usr/local/lib/android/sdk/platforms/android-34/data/res/values-mcc310-mnc270-in: Cannot utime: Operation not permitted
build	Cache Android SDK	2026-06-06T12:22:58.1405103Z /usr/bin/tar: ../../../../../usr/local/lib/android/sdk/platforms/android-34/data/res/values-mcc310-mnc270-in: Cannot change mode to rwxr-xr-x: Operation not permitted
build	Cache Android SDK	2026-06-06T12:22:58.1406508Z /usr/bin/tar: ../../../../../usr/local/lib/android/sdk/platforms/android-34/data/res/values-pa-watch: Cannot utime: Operation not permitted
build	Cache Android SDK	2026-06-06T12:22:58.1407607Z /usr/bin/tar: ../../../../../usr/local/lib/android/sdk/platforms/android-34/data/res/values-pa-watch: Cannot change mode to rwxr-xr-x: Operation not permitted
build	Cache Android SDK	2026-06-06T12:22:58.1409656Z /usr/bin/tar: ../../../../../usr/local/lib/android/sdk/platforms/android-34/data/res/values-mcc310-mnc170-ca: Cannot utime: Operation not permitted
build	Cache Android SDK	2026-06-06T12:22:58.1410652Z /usr/bin/tar: ../../../../../usr/local/lib/android/sdk/platforms/android-34/data/res/values-mcc310-mnc170-ca: Cannot change mode to rwxr-xr-x: Operation not permitted
build	Cache Android SDK	2026-06-06T12:22:58.1412772Z /usr/bin/tar: ../../../../../usr/local/lib/android/sdk/platforms/android-34/data/res/values-mcc310-mnc280-el: Cannot utime: Operation not permitted
build	Cache Android SDK	2026-06-06T12:22:58.1413690Z /usr/bin/tar: ../../../../../usr/local/lib/android/sdk/platforms/android-34/data/res/values-mcc310-mnc280-el: Cannot change mode to rwxr-xr-x: Operation not permitted
build	Cache Android SDK	2026-06-06T12:22:58.1417147Z /usr/bin/tar: ../../../../../usr/local/lib/android/sdk/platforms/android-34/data/res/values-mcc310-mnc310-km: Cannot utime: Operation not permitted
build	Cache Android SDK	2026-06-06T12:22:58.1418345Z /usr/bin/tar: ../../../../../usr/local/lib/android/sdk/platforms/android-34/data/res/values-mcc310-mnc310-km: Cannot change mode to rwxr-xr-x: Operation not permitted
build	Cache Android SDK	2026-06-06T12:22:58.1419477Z /usr/bin/tar: ../../../../../usr/local/lib/android/sdk/platforms/android-34/data/res/values-mcc302-mnc720-lt: Cannot utime: Operation not permitted
build	Cache Android SDK	2026-06-06T12:22:58.1420458Z /usr/bin/tar: ../../../../../usr/local/lib/android/sdk/platforms/android-34/data/res/values-mcc302-mnc720-lt: Cannot change mode to rwxr-xr-x: Operation not permitted
build	Cache Android SDK	2026-06-06T12:22:58.1423769Z /usr/bin/tar: ../../../../../usr/local/lib/android/sdk/platforms/android-34/data/res/values-mcc310-mnc230-en-rGB: Cannot utime: Operation not permitted
build	Cache Android SDK	2026-06-06T12:22:58.1425476Z /usr/bin/tar: ../../../../../usr/local/lib/android/sdk/platforms/android-34/data/res/values-mcc310-mnc230-en-rGB: Cannot change mode to rwxr-xr-x: Operation not permitted
build	Cache Android SDK	2026-06-06T12:22:58.1427094Z /usr/bin/tar: ../../../../../usr/local/lib/android/sdk/platforms/android-34/data/res/values-mcc310-mnc150-sv: Cannot utime: Operation not permitted
build	Cache Android SDK	2026-06-06T12:22:58.1428422Z /usr/bin/tar: ../../../../../usr/local/lib/android/sdk/platforms/android-34/data/res/values-mcc310-mnc150-sv: Cannot change mode to rwxr-xr-x: Operation not permitted
build	Cache Android SDK	2026-06-06T12:22:58.1430052Z /usr/bin/tar: ../../../../../usr/local/lib/android/sdk/platforms/android-34/data/res/mipmap-xhdpi: Cannot utime: Operation not permitted
build	Cache Android SDK	2026-06-06T12:22:58.1430936Z /usr/bin/tar: ../../../../../usr/local/lib/android/sdk/platforms/android-34/data/res/mipmap-xhdpi: Cannot change mode to rwxr-xr-x: Operation not permitted
build	Cache Android SDK	2026-06-06T12:22:58.1433373Z /usr/bin/tar: ../../../../../usr/local/lib/android/sdk/platforms/android-34/data/res/values-mcc310-mnc310-in: Cannot utime: Operation not permitted
build	Cache Android SDK	2026-06-06T12:22:58.1434389Z /usr/bin/tar: ../../../../../usr/local/lib/android/sdk/platforms/android-34/data/res/values-mcc310-mnc310-in: Cannot change mode to rwxr-xr-x: Operation not permitted
build	Cache Android SDK	2026-06-06T12:22:58.1436078Z /usr/bin/tar: ../../../../../usr/local/lib/android/sdk/platforms/android-34/data/res/values-mcc310-mnc950-pt-rBR: Cannot utime: Operation not permitted
build	Cache Android SDK	2026-06-06T12:22:58.1437053Z /usr/bin/tar: ../../../../../usr/local/lib/android/sdk/platforms/android-34/data/res/values-mcc310-mnc950-pt-rBR: Cannot change mode to rwxr-xr-x: Operation not permitted
build	Cache Android SDK	2026-06-06T12:22:58.1439776Z /usr/bin/tar: ../../../../../usr/local/lib/android/sdk/platforms/android-34/data/res/values-mn-television: Cannot utime: Operation not permitted
build	Cache Android SDK	2026-06-06T12:22:58.1440833Z /usr/bin/tar: ../../../../../usr/local/lib/android/sdk/platforms/android-34/data/res/values-mn-television: Cannot change mode to rwxr-xr-x: Operation not permitted
build	Cache Android SDK	2026-06-06T12:22:58.1445938Z /usr/bin/tar: ../../../../../usr/local/lib/android/sdk/platforms/android-34/data/res/values-it: Cannot utime: Operation not permitted
build	Cache Android SDK	2026-06-06T12:22:58.1446787Z /usr/bin/tar: ../../../../../usr/local/lib/android/sdk/platforms/android-34/data/res/values-it: Cannot change mode to rwxr-xr-x: Operation not permitted
build	Cache Android SDK	2026-06-06T12:22:58.1449422Z /usr/bin/tar: ../../../../../usr/local/lib/android/sdk/platforms/android-34/data/res/values-mcc310-mnc200-km: Cannot utime: Operation not permitted
build	Cache Android SDK	2026-06-06T12:22:58.1451011Z /usr/bin/tar: ../../../../../usr/local/lib/android/sdk/platforms/android-34/data/res/values-mcc310-mnc200-km: Cannot change mode to rwxr-xr-x: Operation not permitted
build	Cache Android SDK	2026-06-06T12:22:58.1452829Z /usr/bin/tar: ../../../../../usr/local/lib/android/sdk/platforms/android-34/data/res/values-mcc311-mnc180-af: Cannot utime: Operation not permitted
build	Cache Android SDK	2026-06-06T12:22:58.1453920Z /usr/bin/tar: ../../../../../usr/local/lib/android/sdk/platforms/android-34/data/res/values-mcc311-mnc180-af: Cannot change mode to rwxr-xr-x: Operation not permitted
build	Cache Android SDK	2026-06-06T12:22:58.1456592Z /usr/bin/tar: ../../../../../usr/local/lib/android/sdk/platforms/android-34/data/res/values-mcc310-mnc210: Cannot utime: Operation not permitted
build	Cache Android SDK	2026-06-06T12:22:58.1457784Z /usr/bin/tar: ../../../../../usr/local/lib/android/sdk/platforms/android-34/data/res/values-mcc310-mnc210: Cannot change mode to rwxr-xr-x: Operation not permitted
build	Cache Android SDK	2026-06-06T12:22:58.1460268Z /usr/bin/tar: ../../../../../usr/local/lib/android/sdk/platforms/android-34/data/res/values-mcc310-mnc030-hu: Cannot utime: Operation not permitted
build	Cache Android SDK	2026-06-06T12:22:58.1461472Z /usr/bin/tar: ../../../../../usr/local/lib/android/sdk/platforms/android-34/data/res/values-mcc310-mnc030-hu: Cannot change mode to rwxr-xr-x: Operation not permitted
build	Cache Android SDK	2026-06-06T12:22:58.1466378Z /usr/bin/tar: ../../../../../usr/local/lib/android/sdk/platforms/android-34/data/res/values-tl: Cannot utime: Operation not permitted
build	Cache Android SDK	2026-06-06T12:22:58.1468426Z /usr/bin/tar: ../../../../../usr/local/lib/android/sdk/platforms/android-34/data/res/values-tl: Cannot change mode to rwxr-xr-x: Operation not permitted
build	Cache Android SDK	2026-06-06T12:22:58.1469962Z /usr/bin/tar: ../../../../../usr/local/lib/android/sdk/platforms/android-34/data/res/values-fr-watch: Cannot utime: Operation not permitted
build	Cache Android SDK	2026-06-06T12:22:58.1471038Z /usr/bin/tar: ../../../../../usr/local/lib/android/sdk/platforms/android-34/data/res/values-fr-watch: Cannot change mode to rwxr-xr-x: Operation not permitted
build	Cache Android SDK	2026-06-06T12:22:58.1472526Z /usr/bin/tar: ../../../../../usr/local/lib/android/sdk/platforms/android-34/data/res/values-mcc310-mnc030-en-rGB: Cannot utime: Operation not permitted
build	Cache Android SDK	2026-06-06T12:22:58.1473493Z /usr/bin/tar: ../../../../../usr/local/lib/android/sdk/platforms/android-34/data/res/values-mcc310-mnc030-en-rGB: Cannot change mode to rwxr-xr-x: Operation not permitted
build	Cache Android SDK	2026-06-06T12:22:58.1475940Z /usr/bin/tar: ../../../../../usr/local/lib/android/sdk/platforms/android-34/data/res/values-mcc302-mnc720-mk: Cannot utime: Operation not permitted
build	Cache Android SDK	2026-06-06T12:22:58.1476872Z /usr/bin/tar: ../../../../../usr/local/lib/android/sdk/platforms/android-34/data/res/values-mcc302-mnc720-mk: Cannot change mode to rwxr-xr-x: Operation not permitted
build	Cache Android SDK	2026-06-06T12:22:58.1479245Z /usr/bin/tar: ../../../../../usr/local/lib/android/sdk/platforms/android-34/data/res/values-mcc310-mnc800-hu: Cannot utime: Operation not permitted
build	Cache Android SDK	2026-06-06T12:22:58.1480180Z /usr/bin/tar: ../../../../../usr/local/lib/android/sdk/platforms/android-34/data/res/values-mcc310-mnc800-hu: Cannot change mode to rwxr-xr-x: Operation not permitted
build	Cache Android SDK	2026-06-06T12:22:58.1482297Z /usr/bin/tar: ../../../../../usr/local/lib/android/sdk/platforms/android-34/data/res/values-mcc310-mnc250-hi: Cannot utime: Operation not permitted
build	Cache Android SDK	2026-06-06T12:22:58.1485435Z /usr/bin/tar: ../../../../../usr/local/lib/android/sdk/platforms/android-34/data/res/values-mcc310-mnc250-hi: Cannot change mode to rwxr-xr-x: Operation not permitted
build	Cache Android SDK	2026-06-06T12:22:58.1486352Z /usr/bin/tar: ../../../../../usr/local/lib/android/sdk/platforms/android-34/data/res/values-mcc310-mnc160-my: Cannot utime: Operation not permitted
build	Cache Android SDK	2026-06-06T12:22:58.1487315Z /usr/bin/tar: ../../../../../usr/local/lib/android/sdk/platforms/android-34/data/res/values-mcc310-mnc160-my: Cannot change mode to rwxr-xr-x: Operation not permitted
build	Cache Android SDK	2026-06-06T12:22:58.1489070Z /usr/bin/tar: ../../../../../usr/local/lib/android/sdk/platforms/android-34/data/res/values-mcc310-mnc410-mn: Cannot utime: Operation not permitted
build	Cache Android SDK	2026-06-06T12:22:58.1490163Z /usr/bin/tar: ../../../../../usr/local/lib/android/sdk/platforms/android-34/data/res/values-mcc310-mnc410-mn: Cannot change mode to rwxr-xr-x: Operation not permitted
build	Cache Android SDK	2026-06-06T12:22:58.1491730Z /usr/bin/tar: ../../../../../usr/local/lib/android/sdk/platforms/android-34/data/res/values-mcc310-mnc380-ur: Cannot utime: Operation not permitted
build	Cache Android SDK	2026-06-06T12:22:58.1492745Z /usr/bin/tar: ../../../../../usr/local/lib/android/sdk/platforms/android-34/data/res/values-mcc310-mnc380-ur: Cannot change mode to rwxr-xr-x: Operation not permitted
build	Cache Android SDK	2026-06-06T12:22:58.1494553Z /usr/bin/tar: ../../../../../usr/local/lib/android/sdk/platforms/android-34/data/res/values-mcc310-mnc150-ja: Cannot utime: Operation not permitted
build	Cache Android SDK	2026-06-06T12:22:58.1495481Z /usr/bin/tar: ../../../../../usr/local/lib/android/sdk/platforms/android-34/data/res/values-mcc310-mnc150-ja: Cannot change mode to rwxr-xr-x: Operation not permitted
build	Cache Android SDK	2026-06-06T12:22:58.1498120Z /usr/bin/tar: ../../../../../usr/local/lib/android/sdk/platforms/android-34/data/res/values-mcc310-mnc030-nl: Cannot utime: Operation not permitted
build	Cache Android SDK	2026-06-06T12:22:58.1499224Z /usr/bin/tar: ../../../../../usr/local/lib/android/sdk/platforms/android-34/data/res/values-mcc310-mnc030-nl: Cannot change mode to rwxr-xr-x: Operation not permitted
build	Cache Android SDK	2026-06-06T12:22:58.1501880Z /usr/bin/tar: ../../../../../usr/local/lib/android/sdk/platforms/android-34/data/res/values-mcc334-mnc020-ur: Cannot utime: Operation not permitted
build	Cache Android SDK	2026-06-06T12:22:58.1502820Z /usr/bin/tar: ../../../../../usr/local/lib/android/sdk/platforms/android-34/data/res/values-mcc334-mnc020-ur: Cannot change mode to rwxr-xr-x: Operation not permitted
build	Cache Android SDK	2026-06-06T12:22:58.1505416Z /usr/bin/tar: ../../../../../usr/local/lib/android/sdk/platforms/android-34/data/res/values-mcc001-mnc01-ky: Cannot utime: Operation not permitted
build	Cache Android SDK	2026-06-06T12:22:58.1506343Z /usr/bin/tar: ../../../../../usr/local/lib/android/sdk/platforms/android-34/data/res/values-mcc001-mnc01-ky: Cannot change mode to rwxr-xr-x: Operation not permitted
build	Cache Android SDK	2026-06-06T12:22:58.1508903Z /usr/bin/tar: ../../../../../usr/local/lib/android/sdk/platforms/android-34/data/res/values-mcc310-mnc250-it: Cannot utime: Operation not permitted
build	Cache Android SDK	2026-06-06T12:22:58.1509849Z /usr/bin/tar: ../../../../../usr/local/lib/android/sdk/platforms/android-34/data/res/values-mcc310-mnc250-it: Cannot change mode to rwxr-xr-x: Operation not permitted
build	Cache Android SDK	2026-06-06T12:22:58.1512060Z /usr/bin/tar: ../../../../../usr/local/lib/android/sdk/platforms/android-34/data/res/values-mcc310-mnc800-en-rAU: Cannot utime: Operation not permitted
build	Cache Android SDK	2026-06-06T12:22:58.1513022Z /usr/bin/tar: ../../../../../usr/local/lib/android/sdk/platforms/android-34/data/res/values-mcc310-mnc800-en-rAU: Cannot change mode to rwxr-xr-x: Operation not permitted
build	Cache Android SDK	2026-06-06T12:22:58.1515188Z /usr/bin/tar: ../../../../../usr/local/lib/android/sdk/platforms/android-34/data/res/values-mcc001: Cannot utime: Operation not permitted
build	Cache Android SDK	2026-06-06T12:22:58.1516055Z /usr/bin/tar: ../../../../../usr/local/lib/android/sdk/platforms/android-34/data/res/values-mcc001: Cannot change mode to rwxr-xr-x: Operation not permitted
build	Cache Android SDK	2026-06-06T12:22:58.1520015Z /usr/bin/tar: ../../../../../usr/local/lib/android/sdk/platforms/android-34/data/res/values-mcc310-mnc270-bg: Cannot utime: Operation not permitted
build	Cache Android SDK	2026-06-06T12:22:58.1520937Z /usr/bin/tar: ../../../../../usr/local/lib/android/sdk/platforms/android-34/data/res/values-mcc310-mnc270-bg: Cannot change mode to rwxr-xr-x: Operation not permitted
build	Cache Android SDK	2026-06-06T12:22:58.1523023Z /usr/bin/tar: ../../../../../usr/local/lib/android/sdk/platforms/android-34/data/res/values-xlarge-land: Cannot utime: Operation not permitted
build	Cache Android SDK	2026-06-06T12:22:58.1523930Z /usr/bin/tar: ../../../../../usr/local/lib/android/sdk/platforms/android-34/data/res/values-xlarge-land: Cannot change mode to rwxr-xr-x: Operation not permitted
build	Cache Android SDK	2026-06-06T12:22:58.1526039Z /usr/bin/tar: ../../../../../usr/local/lib/android/sdk/platforms/android-34/data/res/values-uk-watch: Cannot utime: Operation not permitted
build	Cache Android SDK	2026-06-06T12:22:58.1527037Z /usr/bin/tar: ../../../../../usr/local/lib/android/sdk/platforms/android-34/data/res/values-uk-watch: Cannot change mode to rwxr-xr-x: Operation not permitted
build	Cache Android SDK	2026-06-06T12:22:58.1529082Z /usr/bin/tar: ../../../../../usr/local/lib/android/sdk/platforms/android-34/data/res/values-mcc302-mnc720-sk: Cannot utime: Operation not permitted
build	Cache Android SDK	2026-06-06T12:22:58.1530014Z /usr/bin/tar: ../../../../../usr/local/lib/android/sdk/platforms/android-34/data/res/values-mcc302-mnc720-sk: Cannot change mode to rwxr-xr-x: Operation not permitted
build	Cache Android SDK	2026-06-06T12:22:58.1532438Z /usr/bin/tar: ../../../../../usr/local/lib/android/sdk/platforms/android-34/data/res/values-mcc310-mnc200-zh-rTW: Cannot utime: Operation not permitted
build	Cache Android SDK	2026-06-06T12:22:58.1533405Z /usr/bin/tar: ../../../../../usr/local/lib/android/sdk/platforms/android-34/data/res/values-mcc310-mnc200-zh-rTW: Cannot change mode to rwxr-xr-x: Operation not permitted
build	Cache Android SDK	2026-06-06T12:22:58.1535485Z /usr/bin/tar: ../../../../../usr/local/lib/android/sdk/platforms/android-34/data/res/values-mcc310-mnc410-si: Cannot utime: Operation not permitted
build	Cache Android SDK	2026-06-06T12:22:58.1536476Z /usr/bin/tar: ../../../../../usr/local/lib/android/sdk/platforms/android-34/data/res/values-mcc310-mnc410-si: Cannot change mode to rwxr-xr-x: Operation not permitted
build	Cache Android SDK	2026-06-06T12:22:58.1540573Z /usr/bin/tar: ../../../../../usr/local/lib/android/sdk/platforms/android-34/data/res/values-mcc310-mnc270-hu: Cannot utime: Operation not permitted
build	Cache Android SDK	2026-06-06T12:22:58.1541492Z /usr/bin/tar: ../../../../../usr/local/lib/android/sdk/platforms/android-34/data/res/values-mcc310-mnc270-hu: Cannot change mode to rwxr-xr-x: Operation not permitted
build	Cache Android SDK	2026-06-06T12:22:58.1543459Z /usr/bin/tar: ../../../../../usr/local/lib/android/sdk/platforms/android-34/data/res/values-mcc310-mnc800-pa: Cannot utime: Operation not permitted
build	Cache Android SDK	2026-06-06T12:22:58.1544385Z /usr/bin/tar: ../../../../../usr/local/lib/android/sdk/platforms/android-34/data/res/values-mcc310-mnc800-pa: Cannot change mode to rwxr-xr-x: Operation not permitted
build	Cache Android SDK	2026-06-06T12:22:58.1552405Z /usr/bin/tar: ../../../../../usr/local/lib/android/sdk/platforms/android-34/data/res/values-mn: Cannot utime: Operation not permitted
build	Cache Android SDK	2026-06-06T12:22:58.1553627Z /usr/bin/tar: ../../../../../usr/local/lib/android/sdk/platforms/android-34/data/res/values-mn: Cannot change mode to rwxr-xr-x: Operation not permitted
build	Cache Android SDK	2026-06-06T12:22:58.1554573Z /usr/bin/tar: ../../../../../usr/local/lib/android/sdk/platforms/android-34/data/res/values-lv-rLV: Cannot utime: Operation not permitted
build	Cache Android SDK	2026-06-06T12:22:58.1556057Z /usr/bin/tar: ../../../../../usr/local/lib/android/sdk/platforms/android-34/data/res/values-lv-rLV: Cannot change mode to rwxr-xr-x: Operation not permitted
build	Cache Android SDK	2026-06-06T12:22:58.1557068Z /usr/bin/tar: ../../../../../usr/local/lib/android/sdk/platforms/android-34/data/res/values-mcc313-mnc100-lt: Cannot utime: Operation not permitted
build	Cache Android SDK	2026-06-06T12:22:58.1558349Z /usr/bin/tar: ../../../../../usr/local/lib/android/sdk/platforms/android-34/data/res/values-mcc313-mnc100-lt: Cannot change mode to rwxr-xr-x: Operation not permitted
build	Cache Android SDK	2026-06-06T12:22:58.1559831Z /usr/bin/tar: ../../../../../usr/local/lib/android/sdk/platforms/android-34/data/res/raw-it: Cannot utime: Operation not permitted
build	Cache Android SDK	2026-06-06T12:22:58.1560709Z /usr/bin/tar: ../../../../../usr/local/lib/android/sdk/platforms/android-34/data/res/raw-it: Cannot change mode to rwxr-xr-x: Operation not permitted
build	Cache Android SDK	2026-06-06T12:22:58.1562354Z /usr/bin/tar: ../../../../../usr/local/lib/android/sdk/platforms/android-34/data/res/values-mcc312-mnc670-my: Cannot utime: Operation not permitted
build	Cache Android SDK	2026-06-06T12:22:58.1563307Z /usr/bin/tar: ../../../../../usr/local/lib/android/sdk/platforms/android-34/data/res/values-mcc312-mnc670-my: Cannot change mode to rwxr-xr-x: Operation not permitted
build	Cache Android SDK	2026-06-06T12:22:58.1565218Z /usr/bin/tar: ../../../../../usr/local/lib/android/sdk/platforms/android-34/data/res/values-sr-watch: Cannot utime: Operation not permitted
build	Cache Android SDK	2026-06-06T12:22:58.1566389Z /usr/bin/tar: ../../../../../usr/local/lib/android/sdk/platforms/android-34/data/res/values-sr-watch: Cannot change mode to rwxr-xr-x: Operation not permitted
build	Cache Android SDK	2026-06-06T12:22:58.1568183Z /usr/bin/tar: ../../../../../usr/local/lib/android/sdk/platforms/android-34/data/res/values-mcc310-mnc660-lv: Cannot utime: Operation not permitted
build	Cache Android SDK	2026-06-06T12:22:58.1569149Z /usr/bin/tar: ../../../../../usr/local/lib/android/sdk/platforms/android-34/data/res/values-mcc310-mnc660-lv: Cannot change mode to rwxr-xr-x: Operation not permitted
build	Cache Android SDK	2026-06-06T12:22:58.1571861Z /usr/bin/tar: ../../../../../usr/local/lib/android/sdk/platforms/android-34/data/res/values-mcc001-mnc01-en-rAU: Cannot utime: Operation not permitted
build	Cache Android SDK	2026-06-06T12:22:58.1572916Z /usr/bin/tar: ../../../../../usr/local/lib/android/sdk/platforms/android-34/data/res/values-mcc001-mnc01-en-rAU: Cannot change mode to rwxr-xr-x: Operation not permitted
build	Cache Android SDK	2026-06-06T12:22:58.1574544Z /usr/bin/tar: ../../../../../usr/local/lib/android/sdk/platforms/android-34/data/res/values-mcc310-mnc660-mn: Cannot utime: Operation not permitted
build	Cache Android SDK	2026-06-06T12:22:58.1575584Z /usr/bin/tar: ../../../../../usr/local/lib/android/sdk/platforms/android-34/data/res/values-mcc310-mnc660-mn: Cannot change mode to rwxr-xr-x: Operation not permitted
build	Cache Android SDK	2026-06-06T12:22:58.1577921Z /usr/bin/tar: ../../../../../usr/local/lib/android/sdk/platforms/android-34/data/res/values-mcc313-mnc100-pt-rPT: Cannot utime: Operation not permitted
build	Cache Android SDK	2026-06-06T12:22:58.1578954Z /usr/bin/tar: ../../../../../usr/local/lib/android/sdk/platforms/android-34/data/res/values-mcc313-mnc100-pt-rPT: Cannot change mode to rwxr-xr-x: Operation not permitted
build	Cache Android SDK	2026-06-06T12:22:58.1580771Z /usr/bin/tar: ../../../../../usr/local/lib/android/sdk/platforms/android-34/data/res/values-mcc302-mnc720-et: Cannot utime: Operation not permitted
build	Cache Android SDK	2026-06-06T12:22:58.1581728Z /usr/bin/tar: ../../../../../usr/local/lib/android/sdk/platforms/android-34/data/res/values-mcc302-mnc720-et: Cannot change mode to rwxr-xr-x: Operation not permitted
build	Cache Android SDK	2026-06-06T12:22:58.1583607Z /usr/bin/tar: ../../../../../usr/local/lib/android/sdk/platforms/android-34/data/res/values-mcc310-mnc410-zu: Cannot utime: Operation not permitted
build	Cache Android SDK	2026-06-06T12:22:58.1584574Z /usr/bin/tar: ../../../../../usr/local/lib/android/sdk/platforms/android-34/data/res/values-mcc310-mnc410-zu: Cannot change mode to rwxr-xr-x: Operation not permitted
build	Cache Android SDK	2026-06-06T12:22:58.1590744Z /usr/bin/tar: ../../../../../usr/local/lib/android/sdk/platforms/android-34/data/res/values-zu: Cannot utime: Operation not permitted
build	Cache Android SDK	2026-06-06T12:22:58.1592169Z /usr/bin/tar: ../../../../../usr/local/lib/android/sdk/platforms/android-34/data/res/values-zu: Cannot change mode to rwxr-xr-x: Operation not permitted
build	Cache Android SDK	2026-06-06T12:22:58.1593657Z /usr/bin/tar: ../../../../../usr/local/lib/android/sdk/platforms/android-34/data/res/values-mcc310-mnc150-mk: Cannot utime: Operation not permitted
build	Cache Android SDK	2026-06-06T12:22:58.1594813Z /usr/bin/tar: ../../../../../usr/local/lib/android/sdk/platforms/android-34/data/res/values-mcc310-mnc150-mk: Cannot change mode to rwxr-xr-x: Operation not permitted
build	Cache Android SDK	2026-06-06T12:22:58.1597239Z /usr/bin/tar: ../../../../../usr/local/lib/android/sdk/platforms/android-34/data/res/values-mcc310-mnc410-zh-rHK: Cannot utime: Operation not permitted
build	Cache Android SDK	2026-06-06T12:22:58.1598608Z /usr/bin/tar: ../../../../../usr/local/lib/android/sdk/platforms/android-34/data/res/values-mcc310-mnc410-zh-rHK: Cannot change mode to rwxr-xr-x: Operation not permitted
build	Cache Android SDK	2026-06-06T12:22:58.1600165Z /usr/bin/tar: ../../../../../usr/local/lib/android/sdk/platforms/android-34/data/res/values-mcc310-mnc280-tl: Cannot utime: Operation not permitted
build	Cache Android SDK	2026-06-06T12:22:58.1601147Z /usr/bin/tar: ../../../../../usr/local/lib/android/sdk/platforms/android-34/data/res/values-mcc310-mnc280-tl: Cannot change mode to rwxr-xr-x: Operation not permitted
build	Cache Android SDK	2026-06-06T12:22:58.1603959Z /usr/bin/tar: ../../../../../usr/local/lib/android/sdk/platforms/android-34/data/res/values-mcc310-mnc200-pt-rBR: Cannot utime: Operation not permitted
build	Cache Android SDK	2026-06-06T12:22:58.1605046Z /usr/bin/tar: ../../../../../usr/local/lib/android/sdk/platforms/android-34/data/res/values-mcc310-mnc200-pt-rBR: Cannot change mode to rwxr-xr-x: Operation not permitted
build	Cache Android SDK	2026-06-06T12:22:58.1607216Z /usr/bin/tar: ../../../../../usr/local/lib/android/sdk/platforms/android-34/data/res/values-mcc310-mnc410-en-rCA: Cannot utime: Operation not permitted
build	Cache Android SDK	2026-06-06T12:22:58.1608316Z /usr/bin/tar: ../../../../../usr/local/lib/android/sdk/platforms/android-34/data/res/values-mcc310-mnc410-en-rCA: Cannot change mode to rwxr-xr-x: Operation not permitted
build	Cache Android SDK	2026-06-06T12:22:58.1610732Z /usr/bin/tar: ../../../../../usr/local/lib/android/sdk/platforms/android-34/data/res/values-mcc310-mnc030-ro: Cannot utime: Operation not permitted
build	Cache Android SDK	2026-06-06T12:22:58.1611647Z /usr/bin/tar: ../../../../../usr/local/lib/android/sdk/platforms/android-34/data/res/values-mcc310-mnc030-ro: Cannot change mode to rwxr-xr-x: Operation not permitted
build	Cache Android SDK	2026-06-06T12:22:58.1613946Z /usr/bin/tar: ../../../../../usr/local/lib/android/sdk/platforms/android-34/data/res/values-mcc310-mnc380-ky: Cannot utime: Operation not permitted
build	Cache Android SDK	2026-06-06T12:22:58.1614867Z /usr/bin/tar: ../../../../../usr/local/lib/android/sdk/platforms/android-34/data/res/values-mcc310-mnc380-ky: Cannot change mode to rwxr-xr-x: Operation not permitted
build	Cache Android SDK	2026-06-06T12:22:58.1617084Z /usr/bin/tar: ../../../../../usr/local/lib/android/sdk/platforms/android-34/data/res/values-mcc310-mnc800-et: Cannot utime: Operation not permitted
build	Cache Android SDK	2026-06-06T12:22:58.1618150Z /usr/bin/tar: ../../../../../usr/local/lib/android/sdk/platforms/android-34/data/res/values-mcc310-mnc800-et: Cannot change mode to rwxr-xr-x: Operation not permitted
build	Cache Android SDK	2026-06-06T12:22:58.1624586Z /usr/bin/tar: ../../../../../usr/local/lib/android/sdk/platforms/android-34/data/res/values-be: Cannot utime: Operation not permitted
build	Cache Android SDK	2026-06-06T12:22:58.1625454Z /usr/bin/tar: ../../../../../usr/local/lib/android/sdk/platforms/android-34/data/res/values-be: Cannot change mode to rwxr-xr-x: Operation not permitted
build	Cache Android SDK	2026-06-06T12:22:58.1628048Z /usr/bin/tar: ../../../../../usr/local/lib/android/sdk/platforms/android-34/data/res/values-mcc310-mnc310-el: Cannot utime: Operation not permitted
build	Cache Android SDK	2026-06-06T12:22:58.1629008Z /usr/bin/tar: ../../../../../usr/local/lib/android/sdk/platforms/android-34/data/res/values-mcc310-mnc310-el: Cannot change mode to rwxr-xr-x: Operation not permitted
build	Cache Android SDK	2026-06-06T12:22:58.1631664Z /usr/bin/tar: ../../../../../usr/local/lib/android/sdk/platforms/android-34/data/res/values-mcc310-mnc490-ta: Cannot utime: Operation not permitted
build	Cache Android SDK	2026-06-06T12:22:58.1632590Z /usr/bin/tar: ../../../../../usr/local/lib/android/sdk/platforms/android-34/data/res/values-mcc310-mnc490-ta: Cannot change mode to rwxr-xr-x: Operation not permitted
build	Cache Android SDK	2026-06-06T12:22:58.1634670Z /usr/bin/tar: ../../../../../usr/local/lib/android/sdk/platforms/android-34/data/res/values-mcc310-mnc310-hu: Cannot utime: Operation not permitted
build	Cache Android SDK	2026-06-06T12:22:58.1635128Z /usr/bin/tar: ../../../../../usr/local/lib/android/sdk/platforms/android-34/data/res/values-mcc310-mnc310-hu: Cannot change mode to rwxr-xr-x: Operation not permitted
build	Cache Android SDK	2026-06-06T12:22:58.1637781Z /usr/bin/tar: ../../../../../usr/local/lib/android/sdk/platforms/android-34/data/res/values-mcc310-mnc800-ko: Cannot utime: Operation not permitted
build	Cache Android SDK	2026-06-06T12:22:58.1638224Z /usr/bin/tar: ../../../../../usr/local/lib/android/sdk/platforms/android-34/data/res/values-mcc310-mnc800-ko: Cannot change mode to rwxr-xr-x: Operation not permitted
build	Cache Android SDK	2026-06-06T12:22:58.1641321Z /usr/bin/tar: ../../../../../usr/local/lib/android/sdk/platforms/android-34/data/res/values-mcc311-mnc180-km: Cannot utime: Operation not permitted
build	Cache Android SDK	2026-06-06T12:22:58.1641771Z /usr/bin/tar: ../../../../../usr/local/lib/android/sdk/platforms/android-34/data/res/values-mcc311-mnc180-km: Cannot change mode to rwxr-xr-x: Operation not permitted
build	Cache Android SDK	2026-06-06T12:22:58.1644539Z /usr/bin/tar: ../../../../../usr/local/lib/android/sdk/platforms/android-34/data/res/values-mcc310-mnc660-az: Cannot utime: Operation not permitted
build	Cache Android SDK	2026-06-06T12:22:58.1645118Z /usr/bin/tar: ../../../../../usr/local/lib/android/sdk/platforms/android-34/data/res/values-mcc310-mnc660-az: Cannot change mode to rwxr-xr-x: Operation not permitted
build	Cache Android SDK	2026-06-06T12:22:58.1648890Z /usr/bin/tar: ../../../../../usr/local/lib/android/sdk/platforms/android-34/data/res/values-mcc310-mnc210-zh-rHK: Cannot utime: Operation not permitted
build	Cache Android SDK	2026-06-06T12:22:58.1649348Z /usr/bin/tar: ../../../../../usr/local/lib/android/sdk/platforms/android-34/data/res/values-mcc310-mnc210-zh-rHK: Cannot change mode to rwxr-xr-x: Operation not permitted
build	Cache Android SDK	2026-06-06T12:22:58.1653104Z /usr/bin/tar: ../../../../../usr/local/lib/android/sdk/platforms/android-34/data/res/values-ja-watch: Cannot utime: Operation not permitted
build	Cache Android SDK	2026-06-06T12:22:58.1653531Z /usr/bin/tar: ../../../../../usr/local/lib/android/sdk/platforms/android-34/data/res/values-ja-watch: Cannot change mode to rwxr-xr-x: Operation not permitted
build	Cache Android SDK	2026-06-06T12:22:58.1655976Z /usr/bin/tar: ../../../../../usr/local/lib/android/sdk/platforms/android-34/data/res/values-mcc312-mnc670-zh-rCN: Cannot utime: Operation not permitted
build	Cache Android SDK	2026-06-06T12:22:58.1656437Z /usr/bin/tar: ../../../../../usr/local/lib/android/sdk/platforms/android-34/data/res/values-mcc312-mnc670-zh-rCN: Cannot change mode to rwxr-xr-x: Operation not permitted
build	Cache Android SDK	2026-06-06T12:22:58.1659235Z /usr/bin/tar: ../../../../../usr/local/lib/android/sdk/platforms/android-34/data/res/values-mcc302-mnc370-en-rXC: Cannot utime: Operation not permitted
build	Cache Android SDK	2026-06-06T12:22:58.1659689Z /usr/bin/tar: ../../../../../usr/local/lib/android/sdk/platforms/android-34/data/res/values-mcc302-mnc370-en-rXC: Cannot change mode to rwxr-xr-x: Operation not permitted
build	Cache Android SDK	2026-06-06T12:22:58.1662699Z /usr/bin/tar: ../../../../../usr/local/lib/android/sdk/platforms/android-34/data/res/values-mcc310-mnc160-kn: Cannot utime: Operation not permitted
build	Cache Android SDK	2026-06-06T12:22:58.1663142Z /usr/bin/tar: ../../../../../usr/local/lib/android/sdk/platforms/android-34/data/res/values-mcc310-mnc160-kn: Cannot change mode to rwxr-xr-x: Operation not permitted
build	Cache Android SDK	2026-06-06T12:22:58.1665930Z /usr/bin/tar: ../../../../../usr/local/lib/android/sdk/platforms/android-34/data/res/values-mcc310-mnc170-th: Cannot utime: Operation not permitted
build	Cache Android SDK	2026-06-06T12:22:58.1666379Z /usr/bin/tar: ../../../../../usr/local/lib/android/sdk/platforms/android-34/data/res/values-mcc310-mnc170-th: Cannot change mode to rwxr-xr-x: Operation not permitted
build	Cache Android SDK	2026-06-06T12:22:58.1672481Z /usr/bin/tar: ../../../../../usr/local/lib/android/sdk/platforms/android-34/data/res/values-en-rCA: Cannot utime: Operation not permitted
build	Cache Android SDK	2026-06-06T12:22:58.1673727Z /usr/bin/tar: ../../../../../usr/local/lib/android/sdk/platforms/android-34/data/res/values-en-rCA: Cannot change mode to rwxr-xr-x: Operation not permitted
build	Cache Android SDK	2026-06-06T12:22:58.1675729Z /usr/bin/tar: ../../../../../usr/local/lib/android/sdk/platforms/android-34/data/res/values-mcc310-mnc490-vi: Cannot utime: Operation not permitted
build	Cache Android SDK	2026-06-06T12:22:58.1676209Z /usr/bin/tar: ../../../../../usr/local/lib/android/sdk/platforms/android-34/data/res/values-mcc310-mnc490-vi: Cannot change mode to rwxr-xr-x: Operation not permitted
build	Cache Android SDK	2026-06-06T12:22:58.1679046Z /usr/bin/tar: ../../../../../usr/local/lib/android/sdk/platforms/android-34/data/res/values-mcc310-mnc210-eu: Cannot utime: Operation not permitted
build	Cache Android SDK	2026-06-06T12:22:58.1679505Z /usr/bin/tar: ../../../../../usr/local/lib/android/sdk/platforms/android-34/data/res/values-mcc310-mnc210-eu: Cannot change mode to rwxr-xr-x: Operation not permitted
build	Cache Android SDK	2026-06-06T12:22:58.1683397Z /usr/bin/tar: ../../../../../usr/local/lib/android/sdk/platforms/android-34/data/res/values-mcc312-mnc670-si: Cannot utime: Operation not permitted
build	Cache Android SDK	2026-06-06T12:22:58.1683832Z /usr/bin/tar: ../../../../../usr/local/lib/android/sdk/platforms/android-34/data/res/values-mcc312-mnc670-si: Cannot change mode to rwxr-xr-x: Operation not permitted
build	Cache Android SDK	2026-06-06T12:22:58.1687002Z /usr/bin/tar: ../../../../../usr/local/lib/android/sdk/platforms/android-34/data/res/mipmap-mdpi: Cannot utime: Operation not permitted
build	Cache Android SDK	2026-06-06T12:22:58.1687790Z /usr/bin/tar: ../../../../../usr/local/lib/android/sdk/platforms/android-34/data/res/mipmap-mdpi: Cannot change mode to rwxr-xr-x: Operation not permitted
build	Cache Android SDK	2026-06-06T12:22:58.1690126Z /usr/bin/tar: ../../../../../usr/local/lib/android/sdk/platforms/android-34/data/res/values-mcc310-mnc170-is: Cannot utime: Operation not permitted
build	Cache Android SDK	2026-06-06T12:22:58.1690580Z /usr/bin/tar: ../../../../../usr/local/lib/android/sdk/platforms/android-34/data/res/values-mcc310-mnc170-is: Cannot change mode to rwxr-xr-x: Operation not permitted
build	Cache Android SDK	2026-06-06T12:22:58.1693333Z /usr/bin/tar: ../../../../../usr/local/lib/android/sdk/platforms/android-34/data/res/values-mcc310-mnc950-et: Cannot utime: Operation not permitted
build	Cache Android SDK	2026-06-06T12:22:58.1693909Z /usr/bin/tar: ../../../../../usr/local/lib/android/sdk/platforms/android-34/data/res/values-mcc310-mnc950-et: Cannot change mode to rwxr-xr-x: Operation not permitted
build	Cache Android SDK	2026-06-06T12:22:58.1696256Z /usr/bin/tar: ../../../../../usr/local/lib/android/sdk/platforms/android-34/data/res/values-mcc310-mnc200-gu: Cannot utime: Operation not permitted
build	Cache Android SDK	2026-06-06T12:22:58.1696702Z /usr/bin/tar: ../../../../../usr/local/lib/android/sdk/platforms/android-34/data/res/values-mcc310-mnc200-gu: Cannot change mode to rwxr-xr-x: Operation not permitted
build	Cache Android SDK	2026-06-06T12:22:58.1699504Z /usr/bin/tar: ../../../../../usr/local/lib/android/sdk/platforms/android-34/data/res/values-mcc313-mnc100-ar: Cannot utime: Operation not permitted
build	Cache Android SDK	2026-06-06T12:22:58.1699950Z /usr/bin/tar: ../../../../../usr/local/lib/android/sdk/platforms/android-34/data/res/values-mcc313-mnc100-ar: Cannot change mode to rwxr-xr-x: Operation not permitted
build	Cache Android SDK	2026-06-06T12:22:58.1702767Z /usr/bin/tar: ../../../../../usr/local/lib/android/sdk/platforms/android-34/data/res/values-mcc001-mnc01-nl: Cannot utime: Operation not permitted
build	Cache Android SDK	2026-06-06T12:22:58.1703219Z /usr/bin/tar: ../../../../../usr/local/lib/android/sdk/platforms/android-34/data/res/values-mcc001-mnc01-nl: Cannot change mode to rwxr-xr-x: Operation not permitted
build	Cache Android SDK	2026-06-06T12:22:58.1705813Z /usr/bin/tar: ../../../../../usr/local/lib/android/sdk/platforms/android-34/data/res/values-mcc310-mnc270-pt-rBR: Cannot utime: Operation not permitted
build	Cache Android SDK	2026-06-06T12:22:58.1706291Z /usr/bin/tar: ../../../../../usr/local/lib/android/sdk/platforms/android-34/data/res/values-mcc310-mnc270-pt-rBR: Cannot change mode to rwxr-xr-x: Operation not permitted
build	Cache Android SDK	2026-06-06T12:22:58.1709527Z /usr/bin/tar: ../../../../../usr/local/lib/android/sdk/platforms/android-34/data/res/values-mcc310-mnc410-nb: Cannot utime: Operation not permitted
build	Cache Android SDK	2026-06-06T12:22:58.1709978Z /usr/bin/tar: ../../../../../usr/local/lib/android/sdk/platforms/android-34/data/res/values-mcc310-mnc410-nb: Cannot change mode to rwxr-xr-x: Operation not permitted
build	Cache Android SDK	2026-06-06T12:22:58.1712829Z /usr/bin/tar: ../../../../../usr/local/lib/android/sdk/platforms/android-34/data/res/values-iw-television: Cannot utime: Operation not permitted
build	Cache Android SDK	2026-06-06T12:22:58.1713289Z /usr/bin/tar: ../../../../../usr/local/lib/android/sdk/platforms/android-34/data/res/values-iw-television: Cannot change mode to rwxr-xr-x: Operation not permitted
build	Cache Android SDK	2026-06-06T12:22:58.1719545Z /usr/bin/tar: ../../../../../usr/local/lib/android/sdk/platforms/android-34/data/res/values-mcc334-mnc020-da: Cannot utime: Operation not permitted
build	Cache Android SDK	2026-06-06T12:22:58.1720008Z /usr/bin/tar: ../../../../../usr/local/lib/android/sdk/platforms/android-34/data/res/values-mcc334-mnc020-da: Cannot change mode to rwxr-xr-x: Operation not permitted
build	Cache Android SDK	2026-06-06T12:22:58.1722758Z /usr/bin/tar: ../../../../../usr/local/lib/android/sdk/platforms/android-34/data/res/values-mcc001-mnc01-zh-rHK: Cannot utime: Operation not permitted
build	Cache Android SDK	2026-06-06T12:22:58.1723220Z /usr/bin/tar: ../../../../../usr/local/lib/android/sdk/platforms/android-34/data/res/values-mcc001-mnc01-zh-rHK: Cannot change mode to rwxr-xr-x: Operation not permitted
build	Cache Android SDK	2026-06-06T12:22:58.1725939Z /usr/bin/tar: ../../../../../usr/local/lib/android/sdk/platforms/android-34/data/res/values-mcc310-mnc270-ar: Cannot utime: Operation not permitted
build	Cache Android SDK	2026-06-06T12:22:58.1726489Z /usr/bin/tar: ../../../../../usr/local/lib/android/sdk/platforms/android-34/data/res/values-mcc310-mnc270-ar: Cannot change mode to rwxr-xr-x: Operation not permitted
build	Cache Android SDK	2026-06-06T12:22:58.1729384Z /usr/bin/tar: ../../../../../usr/local/lib/android/sdk/platforms/android-34/data/res/values-mcc001-mnc01-tr: Cannot utime: Operation not permitted
build	Cache Android SDK	2026-06-06T12:22:58.1729842Z /usr/bin/tar: ../../../../../usr/local/lib/android/sdk/platforms/android-34/data/res/values-mcc001-mnc01-tr: Cannot change mode to rwxr-xr-x: Operation not permitted
build	Cache Android SDK	2026-06-06T12:22:58.1732386Z /usr/bin/tar: ../../../../../usr/local/lib/android/sdk/platforms/android-34/data/res/values-mcc310-mnc030-mn: Cannot utime: Operation not permitted
build	Cache Android SDK	2026-06-06T12:22:58.1732838Z /usr/bin/tar: ../../../../../usr/local/lib/android/sdk/platforms/android-34/data/res/values-mcc310-mnc030-mn: Cannot change mode to rwxr-xr-x: Operation not permitted
build	Cache Android SDK	2026-06-06T12:22:58.1736311Z /usr/bin/tar: ../../../../../usr/local/lib/android/sdk/platforms/android-34/data/res/values-mcc302-mnc720-en-rXC: Cannot utime: Operation not permitted
build	Cache Android SDK	2026-06-06T12:22:58.1736774Z /usr/bin/tar: ../../../../../usr/local/lib/android/sdk/platforms/android-34/data/res/values-mcc302-mnc720-en-rXC: Cannot change mode to rwxr-xr-x: Operation not permitted
build	Cache Android SDK	2026-06-06T12:22:58.1739425Z /usr/bin/tar: ../../../../../usr/local/lib/android/sdk/platforms/android-34/data/res/values-mcc310-mnc160-nb: Cannot utime: Operation not permitted
build	Cache Android SDK	2026-06-06T12:22:58.1739930Z /usr/bin/tar: ../../../../../usr/local/lib/android/sdk/platforms/android-34/data/res/values-mcc310-mnc160-nb: Cannot change mode to rwxr-xr-x: Operation not permitted
build	Cache Android SDK	2026-06-06T12:22:58.1742763Z /usr/bin/tar: ../../../../../usr/local/lib/android/sdk/platforms/android-34/data/res/values-mcc310-mnc150-da: Cannot utime: Operation not permitted
build	Cache Android SDK	2026-06-06T12:22:58.1743217Z /usr/bin/tar: ../../../../../usr/local/lib/android/sdk/platforms/android-34/data/res/values-mcc310-mnc150-da: Cannot change mode to rwxr-xr-x: Operation not permitted
build	Cache Android SDK	2026-06-06T12:22:58.1746853Z /usr/bin/tar: ../../../../../usr/local/lib/android/sdk/platforms/android-34/data/res/values-mcc310-mnc800-en-rGB: Cannot utime: Operation not permitted
build	Cache Android SDK	2026-06-06T12:22:58.1747571Z /usr/bin/tar: ../../../../../usr/local/lib/android/sdk/platforms/android-34/data/res/values-mcc310-mnc800-en-rGB: Cannot change mode to rwxr-xr-x: Operation not permitted
build	Cache Android SDK	2026-06-06T12:22:58.1750359Z /usr/bin/tar: ../../../../../usr/local/lib/android/sdk/platforms/android-34/data/res/values-mcc310-mnc170-bn: Cannot utime: Operation not permitted
build	Cache Android SDK	2026-06-06T12:22:58.1751478Z /usr/bin/tar: ../../../../../usr/local/lib/android/sdk/platforms/android-34/data/res/values-mcc310-mnc170-bn: Cannot change mode to rwxr-xr-x: Operation not permitted
build	Cache Android SDK	2026-06-06T12:22:58.1753598Z /usr/bin/tar: ../../../../../usr/local/lib/android/sdk/platforms/android-34/data/res/values-mcc310-mnc150-zh-rHK: Cannot utime: Operation not permitted
build	Cache Android SDK	2026-06-06T12:22:58.1754087Z /usr/bin/tar: ../../../../../usr/local/lib/android/sdk/platforms/android-34/data/res/values-mcc310-mnc150-zh-rHK: Cannot change mode to rwxr-xr-x: Operation not permitted
build	Cache Android SDK	2026-06-06T12:22:58.1757318Z /usr/bin/tar: ../../../../../usr/local/lib/android/sdk/platforms/android-34/data/res/values-de-television: Cannot utime: Operation not permitted
build	Cache Android SDK	2026-06-06T12:22:58.1758172Z /usr/bin/tar: ../../../../../usr/local/lib/android/sdk/platforms/android-34/data/res/values-de-television: Cannot change mode to rwxr-xr-x: Operation not permitted
build	Cache Android SDK	2026-06-06T12:22:58.1760564Z /usr/bin/tar: ../../../../../usr/local/lib/android/sdk/platforms/android-34/data/res/values-mcc310-mnc230-da: Cannot utime: Operation not permitted
build	Cache Android SDK	2026-06-06T12:22:58.1761140Z /usr/bin/tar: ../../../../../usr/local/lib/android/sdk/platforms/android-34/data/res/values-mcc310-mnc230-da: Cannot change mode to rwxr-xr-x: Operation not permitted
build	Cache Android SDK	2026-06-06T12:22:58.1764152Z /usr/bin/tar: ../../../../../usr/local/lib/android/sdk/platforms/android-34/data/res/values-mcc302-mnc370-af: Cannot utime: Operation not permitted
build	Cache Android SDK	2026-06-06T12:22:58.1764744Z /usr/bin/tar: ../../../../../usr/local/lib/android/sdk/platforms/android-34/data/res/values-mcc302-mnc370-af: Cannot change mode to rwxr-xr-x: Operation not permitted
build	Cache Android SDK	2026-06-06T12:22:58.1767566Z /usr/bin/tar: ../../../../../usr/local/lib/android/sdk/platforms/android-34/data/res/values-mcc310-mnc800-th: Cannot utime: Operation not permitted
build	Cache Android SDK	2026-06-06T12:22:58.1768025Z /usr/bin/tar: ../../../../../usr/local/lib/android/sdk/platforms/android-34/data/res/values-mcc310-mnc800-th: Cannot change mode to rwxr-xr-x: Operation not permitted
build	Cache Android SDK	2026-06-06T12:22:58.1770940Z /usr/bin/tar: ../../../../../usr/local/lib/android/sdk/platforms/android-34/data/res/values-mcc310-mnc490-lo: Cannot utime: Operation not permitted
build	Cache Android SDK	2026-06-06T12:22:58.1771391Z /usr/bin/tar: ../../../../../usr/local/lib/android/sdk/platforms/android-34/data/res/values-mcc310-mnc490-lo: Cannot change mode to rwxr-xr-x: Operation not permitted
build	Cache Android SDK	2026-06-06T12:22:58.1774610Z /usr/bin/tar: ../../../../../usr/local/lib/android/sdk/platforms/android-34/data/res/values-mcc310-mnc950-sq: Cannot utime: Operation not permitted
build	Cache Android SDK	2026-06-06T12:22:58.1775062Z /usr/bin/tar: ../../../../../usr/local/lib/android/sdk/platforms/android-34/data/res/values-mcc310-mnc950-sq: Cannot change mode to rwxr-xr-x: Operation not permitted
build	Cache Android SDK	2026-06-06T12:22:58.1778670Z /usr/bin/tar: ../../../../../usr/local/lib/android/sdk/platforms/android-34/data/res/values-fa-watch: Cannot utime: Operation not permitted
build	Cache Android SDK	2026-06-06T12:22:58.1779100Z /usr/bin/tar: ../../../../../usr/local/lib/android/sdk/platforms/android-34/data/res/values-fa-watch: Cannot change mode to rwxr-xr-x: Operation not permitted
build	Cache Android SDK	2026-06-06T12:22:58.1782413Z /usr/bin/tar: ../../../../../usr/local/lib/android/sdk/platforms/android-34/data/res/values-mcc310-mnc170-sw: Cannot utime: Operation not permitted
build	Cache Android SDK	2026-06-06T12:22:58.1782860Z /usr/bin/tar: ../../../../../usr/local/lib/android/sdk/platforms/android-34/data/res/values-mcc310-mnc170-sw: Cannot change mode to rwxr-xr-x: Operation not permitted
build	Cache Android SDK	2026-06-06T12:22:58.1785645Z /usr/bin/tar: ../../../../../usr/local/lib/android/sdk/platforms/android-34/data/res/values-mcc310-mnc250-sr: Cannot utime: Operation not permitted
build	Cache Android SDK	2026-06-06T12:22:58.1786093Z /usr/bin/tar: ../../../../../usr/local/lib/android/sdk/platforms/android-34/data/res/values-mcc310-mnc250-sr: Cannot change mode to rwxr-xr-x: Operation not permitted
build	Cache Android SDK	2026-06-06T12:22:58.1789436Z /usr/bin/tar: ../../../../../usr/local/lib/android/sdk/platforms/android-34/data/res/values-mcc311-mnc180-hr: Cannot utime: Operation not permitted
build	Cache Android SDK	2026-06-06T12:22:58.1789884Z /usr/bin/tar: ../../../../../usr/local/lib/android/sdk/platforms/android-34/data/res/values-mcc311-mnc180-hr: Cannot change mode to rwxr-xr-x: Operation not permitted
build	Cache Android SDK	2026-06-06T12:22:58.1793117Z /usr/bin/tar: ../../../../../usr/local/lib/android/sdk/platforms/android-34/data/res/values-mcc310-mnc560-da: Cannot utime: Operation not permitted
build	Cache Android SDK	2026-06-06T12:22:58.1793709Z /usr/bin/tar: ../../../../../usr/local/lib/android/sdk/platforms/android-34/data/res/values-mcc310-mnc560-da: Cannot change mode to rwxr-xr-x: Operation not permitted
build	Cache Android SDK	2026-06-06T12:22:58.1796805Z /usr/bin/tar: ../../../../../usr/local/lib/android/sdk/platforms/android-34/data/res/values-af-television: Cannot utime: Operation not permitted
build	Cache Android SDK	2026-06-06T12:22:58.1797843Z /usr/bin/tar: ../../../../../usr/local/lib/android/sdk/platforms/android-34/data/res/values-af-television: Cannot change mode to rwxr-xr-x: Operation not permitted
build	Cache Android SDK	2026-06-06T12:22:58.1803414Z /usr/bin/tar: ../../../../../usr/local/lib/android/sdk/platforms/android-34/data/res/values-tr: Cannot utime: Operation not permitted
build	Cache Android SDK	2026-06-06T12:22:58.1803869Z /usr/bin/tar: ../../../../../usr/local/lib/android/sdk/platforms/android-34/data/res/values-tr: Cannot change mode to rwxr-xr-x: Operation not permitted
build	Cache Android SDK	2026-06-06T12:22:58.1806977Z /usr/bin/tar: ../../../../../usr/local/lib/android/sdk/platforms/android-34/data/res/values-mcc232: Cannot utime: Operation not permitted
build	Cache Android SDK	2026-06-06T12:22:58.1807602Z /usr/bin/tar: ../../../../../usr/local/lib/android/sdk/platforms/android-34/data/res/values-mcc232: Cannot change mode to rwxr-xr-x: Operation not permitted
build	Cache Android SDK	2026-06-06T12:22:58.1810003Z /usr/bin/tar: ../../../../../usr/local/lib/android/sdk/platforms/android-34/data/res/values-mcc310-mnc950-ca: Cannot utime: Operation not permitted
build	Cache Android SDK	2026-06-06T12:22:58.1810473Z /usr/bin/tar: ../../../../../usr/local/lib/android/sdk/platforms/android-34/data/res/values-mcc310-mnc950-ca: Cannot change mode to rwxr-xr-x: Operation not permitted
build	Cache Android SDK	2026-06-06T12:22:58.1813372Z /usr/bin/tar: ../../../../../usr/local/lib/android/sdk/platforms/android-34/data/res/values-mcc001-mnc01-zh-rTW: Cannot utime: Operation not permitted
build	Cache Android SDK	2026-06-06T12:22:58.1813934Z /usr/bin/tar: ../../../../../usr/local/lib/android/sdk/platforms/android-34/data/res/values-mcc001-mnc01-zh-rTW: Cannot change mode to rwxr-xr-x: Operation not permitted
build	Cache Android SDK	2026-06-06T12:22:58.1816932Z /usr/bin/tar: ../../../../../usr/local/lib/android/sdk/platforms/android-34/data/res/values-mcc310-mnc410-bg: Cannot utime: Operation not permitted
build	Cache Android SDK	2026-06-06T12:22:58.1817475Z /usr/bin/tar: ../../../../../usr/local/lib/android/sdk/platforms/android-34/data/res/values-mcc310-mnc410-bg: Cannot change mode to rwxr-xr-x: Operation not permitted
build	Cache Android SDK	2026-06-06T12:22:58.1820139Z /usr/bin/tar: ../../../../../usr/local/lib/android/sdk/platforms/android-34/data/res/values-mcc310-mnc270-be: Cannot utime: Operation not permitted
build	Cache Android SDK	2026-06-06T12:22:58.1820578Z /usr/bin/tar: ../../../../../usr/local/lib/android/sdk/platforms/android-34/data/res/values-mcc310-mnc270-be: Cannot change mode to rwxr-xr-x: Operation not permitted
build	Cache Android SDK	2026-06-06T12:22:58.1823323Z /usr/bin/tar: ../../../../../usr/local/lib/android/sdk/platforms/android-34/data/res/values-mcc302-mnc370-ar: Cannot utime: Operation not permitted
build	Cache Android SDK	2026-06-06T12:22:58.1823805Z /usr/bin/tar: ../../../../../usr/local/lib/android/sdk/platforms/android-34/data/res/values-mcc302-mnc370-ar: Cannot change mode to rwxr-xr-x: Operation not permitted
build	Cache Android SDK	2026-06-06T12:22:58.1826412Z /usr/bin/tar: ../../../../../usr/local/lib/android/sdk/platforms/android-34/data/res/values-mcc310-mnc250-lv: Cannot utime: Operation not permitted
build	Cache Android SDK	2026-06-06T12:22:58.1826863Z /usr/bin/tar: ../../../../../usr/local/lib/android/sdk/platforms/android-34/data/res/values-mcc310-mnc250-lv: Cannot change mode to rwxr-xr-x: Operation not permitted
build	Cache Android SDK	2026-06-06T12:22:58.1831962Z /usr/bin/tar: ../../../../../usr/local/lib/android/sdk/platforms/android-34/data/res/values-mcc310-mnc230-th: Cannot utime: Operation not permitted
build	Cache Android SDK	2026-06-06T12:22:58.1832404Z /usr/bin/tar: ../../../../../usr/local/lib/android/sdk/platforms/android-34/data/res/values-mcc310-mnc230-th: Cannot change mode to rwxr-xr-x: Operation not permitted
build	Cache Android SDK	2026-06-06T12:22:58.1835250Z /usr/bin/tar: ../../../../../usr/local/lib/android/sdk/platforms/android-34/data/res/values-mcc286: Cannot utime: Operation not permitted
build	Cache Android SDK	2026-06-06T12:22:58.1835676Z /usr/bin/tar: ../../../../../usr/local/lib/android/sdk/platforms/android-34/data/res/values-mcc286: Cannot change mode to rwxr-xr-x: Operation not permitted
build	Cache Android SDK	2026-06-06T12:22:58.1838568Z /usr/bin/tar: ../../../../../usr/local/lib/android/sdk/platforms/android-34/data/res/values-mcc310-mnc250-uz: Cannot utime: Operation not permitted
build	Cache Android SDK	2026-06-06T12:22:58.1839032Z /usr/bin/tar: ../../../../../usr/local/lib/android/sdk/platforms/android-34/data/res/values-mcc310-mnc250-uz: Cannot change mode to rwxr-xr-x: Operation not permitted
build	Cache Android SDK	2026-06-06T12:22:58.1842496Z /usr/bin/tar: ../../../../../usr/local/lib/android/sdk/platforms/android-34/data/res/values-mcc310-mnc240-eu: Cannot utime: Operation not permitted
build	Cache Android SDK	2026-06-06T12:22:58.1842941Z /usr/bin/tar: ../../../../../usr/local/lib/android/sdk/platforms/android-34/data/res/values-mcc310-mnc240-eu: Cannot change mode to rwxr-xr-x: Operation not permitted
build	Cache Android SDK	2026-06-06T12:22:58.1845546Z /usr/bin/tar: ../../../../../usr/local/lib/android/sdk/platforms/android-34/data/res/values-mcc310-mnc280-km: Cannot utime: Operation not permitted
build	Cache Android SDK	2026-06-06T12:22:58.1845998Z /usr/bin/tar: ../../../../../usr/local/lib/android/sdk/platforms/android-34/data/res/values-mcc310-mnc280-km: Cannot change mode to rwxr-xr-x: Operation not permitted
build	Cache Android SDK	2026-06-06T12:22:58.1848763Z /usr/bin/tar: ../../../../../usr/local/lib/android/sdk/platforms/android-34/data/res/values-mcc310-mnc150-et: Cannot utime: Operation not permitted
build	Cache Android SDK	2026-06-06T12:22:58.1849284Z /usr/bin/tar: ../../../../../usr/local/lib/android/sdk/platforms/android-34/data/res/values-mcc310-mnc150-et: Cannot change mode to rwxr-xr-x: Operation not permitted
build	Cache Android SDK	2026-06-06T12:22:58.1851993Z /usr/bin/tar: ../../../../../usr/local/lib/android/sdk/platforms/android-34/data/res/values-mcc310-mnc800-tl: Cannot utime: Operation not permitted
build	Cache Android SDK	2026-06-06T12:22:58.1852434Z /usr/bin/tar: ../../../../../usr/local/lib/android/sdk/platforms/android-34/data/res/values-mcc310-mnc800-tl: Cannot change mode to rwxr-xr-x: Operation not permitted
build	Cache Android SDK	2026-06-06T12:22:58.1855108Z /usr/bin/tar: ../../../../../usr/local/lib/android/sdk/platforms/android-34/data/res/values-mcc312-mnc670-bn: Cannot utime: Operation not permitted
build	Cache Android SDK	2026-06-06T12:22:58.1855623Z /usr/bin/tar: ../../../../../usr/local/lib/android/sdk/platforms/android-34/data/res/values-mcc312-mnc670-bn: Cannot change mode to rwxr-xr-x: Operation not permitted
build	Cache Android SDK	2026-06-06T12:22:58.1858450Z /usr/bin/tar: ../../../../../usr/local/lib/android/sdk/platforms/android-34/data/res/values-mcc234-mnc91: Cannot utime: Operation not permitted
build	Cache Android SDK	2026-06-06T12:22:58.1858975Z /usr/bin/tar: ../../../../../usr/local/lib/android/sdk/platforms/android-34/data/res/values-mcc234-mnc91: Cannot change mode to rwxr-xr-x: Operation not permitted
build	Cache Android SDK	2026-06-06T12:22:58.1861657Z /usr/bin/tar: ../../../../../usr/local/lib/android/sdk/platforms/android-34/data/res/values-mcc310-mnc210-hu: Cannot utime: Operation not permitted
build	Cache Android SDK	2026-06-06T12:22:58.1862094Z /usr/bin/tar: ../../../../../usr/local/lib/android/sdk/platforms/android-34/data/res/values-mcc310-mnc210-hu: Cannot change mode to rwxr-xr-x: Operation not permitted
build	Cache Android SDK	2026-06-06T12:22:58.1864949Z /usr/bin/tar: ../../../../../usr/local/lib/android/sdk/platforms/android-34/data/res/values-mcc310-mnc200-ne: Cannot utime: Operation not permitted
build	Cache Android SDK	2026-06-06T12:22:58.1865414Z /usr/bin/tar: ../../../../../usr/local/lib/android/sdk/platforms/android-34/data/res/values-mcc310-mnc200-ne: Cannot change mode to rwxr-xr-x: Operation not permitted
build	Cache Android SDK	2026-06-06T12:22:58.1868519Z /usr/bin/tar: ../../../../../usr/local/lib/android/sdk/platforms/android-34/data/res/values-mcc240-mnc05: Cannot utime: Operation not permitted
build	Cache Android SDK	2026-06-06T12:22:58.1868977Z /usr/bin/tar: ../../../../../usr/local/lib/android/sdk/platforms/android-34/data/res/values-mcc240-mnc05: Cannot change mode to rwxr-xr-x: Operation not permitted
build	Cache Android SDK	2026-06-06T12:22:58.1872054Z /usr/bin/tar: ../../../../../usr/local/lib/android/sdk/platforms/android-34/data/res/values-mcc312-mnc670-et: Cannot utime: Operation not permitted
build	Cache Android SDK	2026-06-06T12:22:58.1872492Z /usr/bin/tar: ../../../../../usr/local/lib/android/sdk/platforms/android-34/data/res/values-mcc312-mnc670-et: Cannot change mode to rwxr-xr-x: Operation not permitted
build	Cache Android SDK	2026-06-06T12:22:58.1874992Z /usr/bin/tar: ../../../../../usr/local/lib/android/sdk/platforms/android-34/data/res/values-mcc334-mnc020-bn: Cannot utime: Operation not permitted
build	Cache Android SDK	2026-06-06T12:22:58.1875442Z /usr/bin/tar: ../../../../../usr/local/lib/android/sdk/platforms/android-34/data/res/values-mcc334-mnc020-bn: Cannot change mode to rwxr-xr-x: Operation not permitted
build	Cache Android SDK	2026-06-06T12:22:58.1878084Z /usr/bin/tar: ../../../../../usr/local/lib/android/sdk/platforms/android-34/data/res/values-sw600dp-w960dp: Cannot utime: Operation not permitted
build	Cache Android SDK	2026-06-06T12:22:58.1878548Z /usr/bin/tar: ../../../../../usr/local/lib/android/sdk/platforms/android-34/data/res/values-sw600dp-w960dp: Cannot change mode to rwxr-xr-x: Operation not permitted
build	Cache Android SDK	2026-06-06T12:22:58.1880995Z /usr/bin/tar: ../../../../../usr/local/lib/android/sdk/platforms/android-34/data/res/values-mcc310-mnc660-is: Cannot utime: Operation not permitted
build	Cache Android SDK	2026-06-06T12:22:58.1881853Z /usr/bin/tar: ../../../../../usr/local/lib/android/sdk/platforms/android-34/data/res/values-mcc310-mnc660-is: Cannot change mode to rwxr-xr-x: Operation not permitted
build	Cache Android SDK	2026-06-06T12:22:58.1884324Z /usr/bin/tar: ../../../../../usr/local/lib/android/sdk/platforms/android-34/data/res/values-fr-rBE: Cannot utime: Operation not permitted
build	Cache Android SDK	2026-06-06T12:22:58.1884879Z /usr/bin/tar: ../../../../../usr/local/lib/android/sdk/platforms/android-34/data/res/values-fr-rBE: Cannot change mode to rwxr-xr-x: Operation not permitted
build	Cache Android SDK	2026-06-06T12:22:58.1887311Z /usr/bin/tar: ../../../../../usr/local/lib/android/sdk/platforms/android-34/data/res/values-mcc312-mnc670-es: Cannot utime: Operation not permitted
build	Cache Android SDK	2026-06-06T12:22:58.1888012Z /usr/bin/tar: ../../../../../usr/local/lib/android/sdk/platforms/android-34/data/res/values-mcc312-mnc670-es: Cannot change mode to rwxr-xr-x: Operation not permitted
build	Cache Android SDK	2026-06-06T12:22:58.1890614Z /usr/bin/tar: ../../../../../usr/local/lib/android/sdk/platforms/android-34/data/res/values-mcc310-mnc380-gu: Cannot utime: Operation not permitted
build	Cache Android SDK	2026-06-06T12:22:58.1891150Z /usr/bin/tar: ../../../../../usr/local/lib/android/sdk/platforms/android-34/data/res/values-mcc310-mnc380-gu: Cannot change mode to rwxr-xr-x: Operation not permitted
build	Cache Android SDK	2026-06-06T12:22:58.1893846Z /usr/bin/tar: ../../../../../usr/local/lib/android/sdk/platforms/android-34/data/res/values-mcc334-mnc020-uz: Cannot utime: Operation not permitted
build	Cache Android SDK	2026-06-06T12:22:58.1894517Z /usr/bin/tar: ../../../../../usr/local/lib/android/sdk/platforms/android-34/data/res/values-mcc334-mnc020-uz: Cannot change mode to rwxr-xr-x: Operation not permitted
build	Cache Android SDK	2026-06-06T12:22:58.1897131Z /usr/bin/tar: ../../../../../usr/local/lib/android/sdk/platforms/android-34/data/res/values-mcc302-mnc720-b+sr+Latn: Cannot utime: Operation not permitted
build	Cache Android SDK	2026-06-06T12:22:58.1897777Z /usr/bin/tar: ../../../../../usr/local/lib/android/sdk/platforms/android-34/data/res/values-mcc302-mnc720-b+sr+Latn: Cannot change mode to rwxr-xr-x: Operation not permitted
build	Cache Android SDK	2026-06-06T12:22:58.1904080Z /usr/bin/tar: ../../../../../usr/local/lib/android/sdk/platforms/android-34/data/res/values-af: Cannot utime: Operation not permitted
build	Cache Android SDK	2026-06-06T12:22:58.1904605Z /usr/bin/tar: ../../../../../usr/local/lib/android/sdk/platforms/android-34/data/res/values-af: Cannot change mode to rwxr-xr-x: Operation not permitted
build	Cache Android SDK	2026-06-06T12:22:58.1907307Z /usr/bin/tar: ../../../../../usr/local/lib/android/sdk/platforms/android-34/data/res/values-mcc334-mnc020-sk: Cannot utime: Operation not permitted
build	Cache Android SDK	2026-06-06T12:22:58.1907918Z /usr/bin/tar: ../../../../../usr/local/lib/android/sdk/platforms/android-34/data/res/values-mcc334-mnc020-sk: Cannot change mode to rwxr-xr-x: Operation not permitted
build	Cache Android SDK	2026-06-06T12:22:58.1910179Z /usr/bin/tar: ../../../../../usr/local/lib/android/sdk/platforms/android-34/data/res/values-mcc312-mnc670-de: Cannot utime: Operation not permitted
build	Cache Android SDK	2026-06-06T12:22:58.1910656Z /usr/bin/tar: ../../../../../usr/local/lib/android/sdk/platforms/android-34/data/res/values-mcc312-mnc670-de: Cannot change mode to rwxr-xr-x: Operation not permitted
build	Cache Android SDK	2026-06-06T12:22:58.1912902Z /usr/bin/tar: ../../../../../usr/local/lib/android/sdk/platforms/android-34/data/res/values-mcc310-mnc950-iw: Cannot utime: Operation not permitted
build	Cache Android SDK	2026-06-06T12:22:58.1913375Z /usr/bin/tar: ../../../../../usr/local/lib/android/sdk/platforms/android-34/data/res/values-mcc310-mnc950-iw: Cannot change mode to rwxr-xr-x: Operation not permitted
build	Cache Android SDK	2026-06-06T12:22:58.1915880Z /usr/bin/tar: ../../../../../usr/local/lib/android/sdk/platforms/android-34/data/res/values-mcc302-mnc370-de: Cannot utime: Operation not permitted
build	Cache Android SDK	2026-06-06T12:22:58.1916343Z /usr/bin/tar: ../../../../../usr/local/lib/android/sdk/platforms/android-34/data/res/values-mcc302-mnc370-de: Cannot change mode to rwxr-xr-x: Operation not permitted
build	Cache Android SDK	2026-06-06T12:22:58.1918932Z /usr/bin/tar: ../../../../../usr/local/lib/android/sdk/platforms/android-34/data/res/values-mcc310-mnc310-be: Cannot utime: Operation not permitted
build	Cache Android SDK	2026-06-06T12:22:58.1919400Z /usr/bin/tar: ../../../../../usr/local/lib/android/sdk/platforms/android-34/data/res/values-mcc310-mnc310-be: Cannot change mode to rwxr-xr-x: Operation not permitted
build	Cache Android SDK	2026-06-06T12:22:58.1921760Z /usr/bin/tar: ../../../../../usr/local/lib/android/sdk/platforms/android-34/data/res/values-da-watch: Cannot utime: Operation not permitted
build	Cache Android SDK	2026-06-06T12:22:58.1922351Z /usr/bin/tar: ../../../../../usr/local/lib/android/sdk/platforms/android-34/data/res/values-da-watch: Cannot change mode to rwxr-xr-x: Operation not permitted
build	Cache Android SDK	2026-06-06T12:22:58.1924578Z /usr/bin/tar: ../../../../../usr/local/lib/android/sdk/platforms/android-34/data/res/values-mcc312-mnc670-fr-rCA: Cannot utime: Operation not permitted
build	Cache Android SDK	2026-06-06T12:22:58.1925098Z /usr/bin/tar: ../../../../../usr/local/lib/android/sdk/platforms/android-34/data/res/values-mcc312-mnc670-fr-rCA: Cannot change mode to rwxr-xr-x: Operation not permitted
build	Cache Android SDK	2026-06-06T12:22:58.1927618Z /usr/bin/tar: ../../../../../usr/local/lib/android/sdk/platforms/android-34/data/res/values-mcc310-mnc410-lt: Cannot utime: Operation not permitted
build	Cache Android SDK	2026-06-06T12:22:58.1928225Z /usr/bin/tar: ../../../../../usr/local/lib/android/sdk/platforms/android-34/data/res/values-mcc310-mnc410-lt: Cannot change mode to rwxr-xr-x: Operation not permitted
build	Cache Android SDK	2026-06-06T12:22:58.1930373Z /usr/bin/tar: ../../../../../usr/local/lib/android/sdk/platforms/android-34/data/res/values-mcc311-mnc180-am: Cannot utime: Operation not permitted
build	Cache Android SDK	2026-06-06T12:22:58.1930939Z /usr/bin/tar: ../../../../../usr/local/lib/android/sdk/platforms/android-34/data/res/values-mcc311-mnc180-am: Cannot change mode to rwxr-xr-x: Operation not permitted
build	Cache Android SDK	2026-06-06T12:22:58.1933219Z /usr/bin/tar: ../../../../../usr/local/lib/android/sdk/platforms/android-34/data/res/values-mcc310-mnc410-pt-rBR: Cannot utime: Operation not permitted
build	Cache Android SDK	2026-06-06T12:22:58.1933781Z /usr/bin/tar: ../../../../../usr/local/lib/android/sdk/platforms/android-34/data/res/values-mcc310-mnc410-pt-rBR: Cannot change mode to rwxr-xr-x: Operation not permitted
build	Cache Android SDK	2026-06-06T12:22:58.1936304Z /usr/bin/tar: ../../../../../usr/local/lib/android/sdk/platforms/android-34/data/res/layout-television: Cannot utime: Operation not permitted
build	Cache Android SDK	2026-06-06T12:22:58.1936768Z /usr/bin/tar: ../../../../../usr/local/lib/android/sdk/platforms/android-34/data/res/layout-television: Cannot change mode to rwxr-xr-x: Operation not permitted
build	Cache Android SDK	2026-06-06T12:22:58.1939716Z /usr/bin/tar: ../../../../../usr/local/lib/android/sdk/platforms/android-34/data/res/values-mcc001-mnc01-hy: Cannot utime: Operation not permitted
build	Cache Android SDK	2026-06-06T12:22:58.1940215Z /usr/bin/tar: ../../../../../usr/local/lib/android/sdk/platforms/android-34/data/res/values-mcc001-mnc01-hy: Cannot change mode to rwxr-xr-x: Operation not permitted
build	Cache Android SDK	2026-06-06T12:22:58.1942725Z /usr/bin/tar: ../../../../../usr/local/lib/android/sdk/platforms/android-34/data/res/values-mcc310-mnc800-fa: Cannot utime: Operation not permitted
build	Cache Android SDK	2026-06-06T12:22:58.1943215Z /usr/bin/tar: ../../../../../usr/local/lib/android/sdk/platforms/android-34/data/res/values-mcc310-mnc800-fa: Cannot change mode to rwxr-xr-x: Operation not permitted
build	Cache Android SDK	2026-06-06T12:22:58.1945940Z /usr/bin/tar: ../../../../../usr/local/lib/android/sdk/platforms/android-34/data/res/values-mcc310-mnc220-ru: Cannot utime: Operation not permitted
build	Cache Android SDK	2026-06-06T12:22:58.1946478Z /usr/bin/tar: ../../../../../usr/local/lib/android/sdk/platforms/android-34/data/res/values-mcc310-mnc220-ru: Cannot change mode to rwxr-xr-x: Operation not permitted
build	Cache Android SDK	2026-06-06T12:22:58.1948948Z /usr/bin/tar: ../../../../../usr/local/lib/android/sdk/platforms/android-34/data/res/values-mcc302-mnc370-as: Cannot utime: Operation not permitted
build	Cache Android SDK	2026-06-06T12:22:58.1949414Z /usr/bin/tar: ../../../../../usr/local/lib/android/sdk/platforms/android-34/data/res/values-mcc302-mnc370-as: Cannot change mode to rwxr-xr-x: Operation not permitted
build	Cache Android SDK	2026-06-06T12:22:58.1956681Z /usr/bin/tar: ../../../../../usr/local/lib/android/sdk/platforms/android-34/data/res/values-my: Cannot utime: Operation not permitted
build	Cache Android SDK	2026-06-06T12:22:58.1957137Z /usr/bin/tar: ../../../../../usr/local/lib/android/sdk/platforms/android-34/data/res/values-my: Cannot change mode to rwxr-xr-x: Operation not permitted
build	Cache Android SDK	2026-06-06T12:22:58.1960917Z /usr/bin/tar: ../../../../../usr/local/lib/android/sdk/platforms/android-34/data/res/values-h480dp: Cannot utime: Operation not permitted
build	Cache Android SDK	2026-06-06T12:22:58.1961458Z /usr/bin/tar: ../../../../../usr/local/lib/android/sdk/platforms/android-34/data/res/values-h480dp: Cannot change mode to rwxr-xr-x: Operation not permitted
build	Cache Android SDK	2026-06-06T12:22:58.1963693Z /usr/bin/tar: ../../../../../usr/local/lib/android/sdk/platforms/android-34/data/res/values-mcc310-mnc150-km: Cannot utime: Operation not permitted
build	Cache Android SDK	2026-06-06T12:22:58.1964156Z /usr/bin/tar: ../../../../../usr/local/lib/android/sdk/platforms/android-34/data/res/values-mcc310-mnc150-km: Cannot change mode to rwxr-xr-x: Operation not permitted
build	Cache Android SDK	2026-06-06T12:22:58.1966792Z /usr/bin/tar: ../../../../../usr/local/lib/android/sdk/platforms/android-34/data/res/values-mcc310-mnc410-in: Cannot utime: Operation not permitted
build	Cache Android SDK	2026-06-06T12:22:58.1967333Z /usr/bin/tar: ../../../../../usr/local/lib/android/sdk/platforms/android-34/data/res/values-mcc310-mnc410-in: Cannot change mode to rwxr-xr-x: Operation not permitted
build	Cache Android SDK	2026-06-06T12:22:58.1969476Z /usr/bin/tar: ../../../../../usr/local/lib/android/sdk/platforms/android-34/data/res/values-mcc310-mnc950: Cannot utime: Operation not permitted
build	Cache Android SDK	2026-06-06T12:22:58.1970127Z /usr/bin/tar: ../../../../../usr/local/lib/android/sdk/platforms/android-34/data/res/values-mcc310-mnc950: Cannot change mode to rwxr-xr-x: Operation not permitted
build	Cache Android SDK	2026-06-06T12:22:58.1972763Z /usr/bin/tar: ../../../../../usr/local/lib/android/sdk/platforms/android-34/data/res/values-mcc310-mnc220-mn: Cannot utime: Operation not permitted
build	Cache Android SDK	2026-06-06T12:22:58.1973241Z /usr/bin/tar: ../../../../../usr/local/lib/android/sdk/platforms/android-34/data/res/values-mcc310-mnc220-mn: Cannot change mode to rwxr-xr-x: Operation not permitted
build	Cache Android SDK	2026-06-06T12:22:58.1975566Z /usr/bin/tar: ../../../../../usr/local/lib/android/sdk/platforms/android-34/data/res/values-mcc310-mnc950-ml: Cannot utime: Operation not permitted
build	Cache Android SDK	2026-06-06T12:22:58.1976037Z /usr/bin/tar: ../../../../../usr/local/lib/android/sdk/platforms/android-34/data/res/values-mcc310-mnc950-ml: Cannot change mode to rwxr-xr-x: Operation not permitted
build	Cache Android SDK	2026-06-06T12:22:58.1979885Z /usr/bin/tar: ../../../../../usr/local/lib/android/sdk/platforms/android-34/data/res/interpolator-watch: Cannot utime: Operation not permitted
build	Cache Android SDK	2026-06-06T12:22:58.1980374Z /usr/bin/tar: ../../../../../usr/local/lib/android/sdk/platforms/android-34/data/res/interpolator-watch: Cannot change mode to rwxr-xr-x: Operation not permitted
build	Cache Android SDK	2026-06-06T12:22:58.1986204Z /usr/bin/tar: ../../../../../usr/local/lib/android/sdk/platforms/android-34/data/res/values-lt: Cannot utime: Operation not permitted
build	Cache Android SDK	2026-06-06T12:22:58.1987058Z /usr/bin/tar: ../../../../../usr/local/lib/android/sdk/platforms/android-34/data/res/values-lt: Cannot change mode to rwxr-xr-x: Operation not permitted
build	Cache Android SDK	2026-06-06T12:22:58.1989907Z /usr/bin/tar: ../../../../../usr/local/lib/android/sdk/platforms/android-34/data/res/values-mcc310-mnc270-zu: Cannot utime: Operation not permitted
build	Cache Android SDK	2026-06-06T12:22:58.1990467Z /usr/bin/tar: ../../../../../usr/local/lib/android/sdk/platforms/android-34/data/res/values-mcc310-mnc270-zu: Cannot change mode to rwxr-xr-x: Operation not permitted
build	Cache Android SDK	2026-06-06T12:22:58.1992962Z /usr/bin/tar: ../../../../../usr/local/lib/android/sdk/platforms/android-34/data/res/values-sr-television: Cannot utime: Operation not permitted
build	Cache Android SDK	2026-06-06T12:22:58.1993428Z /usr/bin/tar: ../../../../../usr/local/lib/android/sdk/platforms/android-34/data/res/values-sr-television: Cannot change mode to rwxr-xr-x: Operation not permitted
build	Cache Android SDK	2026-06-06T12:22:58.1996132Z /usr/bin/tar: ../../../../../usr/local/lib/android/sdk/platforms/android-34/data/res/values-mcc312-mnc670-pt-rPT: Cannot utime: Operation not permitted
build	Cache Android SDK	2026-06-06T12:22:58.1996625Z /usr/bin/tar: ../../../../../usr/local/lib/android/sdk/platforms/android-34/data/res/values-mcc312-mnc670-pt-rPT: Cannot change mode to rwxr-xr-x: Operation not permitted
build	Cache Android SDK	2026-06-06T12:22:58.1999066Z /usr/bin/tar: ../../../../../usr/local/lib/android/sdk/platforms/android-34/data/res/values-bg-rBG: Cannot utime: Operation not permitted
build	Cache Android SDK	2026-06-06T12:22:58.1999583Z /usr/bin/tar: ../../../../../usr/local/lib/android/sdk/platforms/android-34/data/res/values-bg-rBG: Cannot change mode to rwxr-xr-x: Operation not permitted
build	Cache Android SDK	2026-06-06T12:22:58.2002396Z /usr/bin/tar: ../../../../../usr/local/lib/android/sdk/platforms/android-34/data/res/values-mcc310-mnc270-ko: Cannot utime: Operation not permitted
build	Cache Android SDK	2026-06-06T12:22:58.2002854Z /usr/bin/tar: ../../../../../usr/local/lib/android/sdk/platforms/android-34/data/res/values-mcc310-mnc270-ko: Cannot change mode to rwxr-xr-x: Operation not permitted
build	Cache Android SDK	2026-06-06T12:22:58.2005330Z /usr/bin/tar: ../../../../../usr/local/lib/android/sdk/platforms/android-34/data/res/values-mcc334-mnc020-nb: Cannot utime: Operation not permitted
build	Cache Android SDK	2026-06-06T12:22:58.2005866Z /usr/bin/tar: ../../../../../usr/local/lib/android/sdk/platforms/android-34/data/res/values-mcc334-mnc020-nb: Cannot change mode to rwxr-xr-x: Operation not permitted
build	Cache Android SDK	2026-06-06T12:22:58.2008069Z /usr/bin/tar: ../../../../../usr/local/lib/android/sdk/platforms/android-34/data/res/values-mcc310-mnc150-en-rGB: Cannot utime: Operation not permitted
build	Cache Android SDK	2026-06-06T12:22:58.2008688Z /usr/bin/tar: ../../../../../usr/local/lib/android/sdk/platforms/android-34/data/res/values-mcc310-mnc150-en-rGB: Cannot change mode to rwxr-xr-x: Operation not permitted
build	Cache Android SDK	2026-06-06T12:22:58.2011929Z /usr/bin/tar: ../../../../../usr/local/lib/android/sdk/platforms/android-34/data/res/values-mcc310-mnc380-en-rIN: Cannot utime: Operation not permitted
build	Cache Android SDK	2026-06-06T12:22:58.2012416Z /usr/bin/tar: ../../../../../usr/local/lib/android/sdk/platforms/android-34/data/res/values-mcc310-mnc380-en-rIN: Cannot change mode to rwxr-xr-x: Operation not permitted
build	Cache Android SDK	2026-06-06T12:22:58.2014772Z /usr/bin/tar: ../../../../../usr/local/lib/android/sdk/platforms/android-34/data/res/values-mcc310-mnc490-en-rAU: Cannot utime: Operation not permitted
build	Cache Android SDK	2026-06-06T12:22:58.2015256Z /usr/bin/tar: ../../../../../usr/local/lib/android/sdk/platforms/android-34/data/res/values-mcc310-mnc490-en-rAU: Cannot change mode to rwxr-xr-x: Operation not permitted
build	Cache Android SDK	2026-06-06T12:22:58.2018007Z /usr/bin/tar: ../../../../../usr/local/lib/android/sdk/platforms/android-34/data/res/values-mcc310-mnc380-vi: Cannot utime: Operation not permitted
build	Cache Android SDK	2026-06-06T12:22:58.2018477Z /usr/bin/tar: ../../../../../usr/local/lib/android/sdk/platforms/android-34/data/res/values-mcc310-mnc380-vi: Cannot change mode to rwxr-xr-x: Operation not permitted
build	Cache Android SDK	2026-06-06T12:22:58.2020828Z /usr/bin/tar: ../../../../../usr/local/lib/android/sdk/platforms/android-34/data/res/values-mcc310-mnc220-km: Cannot utime: Operation not permitted
build	Cache Android SDK	2026-06-06T12:22:58.2021284Z /usr/bin/tar: ../../../../../usr/local/lib/android/sdk/platforms/android-34/data/res/values-mcc310-mnc220-km: Cannot change mode to rwxr-xr-x: Operation not permitted
build	Cache Android SDK	2026-06-06T12:22:58.2024107Z /usr/bin/tar: ../../../../../usr/local/lib/android/sdk/platforms/android-34/data/res/values-mcc311-mnc180-b+sr+Latn: Cannot utime: Operation not permitted
build	Cache Android SDK	2026-06-06T12:22:58.2024601Z /usr/bin/tar: ../../../../../usr/local/lib/android/sdk/platforms/android-34/data/res/values-mcc311-mnc180-b+sr+Latn: Cannot change mode to rwxr-xr-x: Operation not permitted
build	Cache Android SDK	2026-06-06T12:22:58.2026898Z /usr/bin/tar: ../../../../../usr/local/lib/android/sdk/platforms/android-34/data/res/values-mcc313-mnc100-tr: Cannot utime: Operation not permitted
build	Cache Android SDK	2026-06-06T12:22:58.2027498Z /usr/bin/tar: ../../../../../usr/local/lib/android/sdk/platforms/android-34/data/res/values-mcc313-mnc100-tr: Cannot change mode to rwxr-xr-x: Operation not permitted
build	Cache Android SDK	2026-06-06T12:22:58.2030055Z /usr/bin/tar: ../../../../../usr/local/lib/android/sdk/platforms/android-34/data/res/values-mcc234-mnc15: Cannot utime: Operation not permitted
build	Cache Android SDK	2026-06-06T12:22:58.2030507Z /usr/bin/tar: ../../../../../usr/local/lib/android/sdk/platforms/android-34/data/res/values-mcc234-mnc15: Cannot change mode to rwxr-xr-x: Operation not permitted
build	Cache Android SDK	2026-06-06T12:22:58.2032944Z /usr/bin/tar: ../../../../../usr/local/lib/android/sdk/platforms/android-34/data/res/values-or-watch: Cannot utime: Operation not permitted
build	Cache Android SDK	2026-06-06T12:22:58.2033450Z /usr/bin/tar: ../../../../../usr/local/lib/android/sdk/platforms/android-34/data/res/values-or-watch: Cannot change mode to rwxr-xr-x: Operation not permitted
build	Cache Android SDK	2026-06-06T12:22:58.2036565Z /usr/bin/tar: ../../../../../usr/local/lib/android/sdk/platforms/android-34/data/res/values-mcc262: Cannot utime: Operation not permitted
build	Cache Android SDK	2026-06-06T12:22:58.2037000Z /usr/bin/tar: ../../../../../usr/local/lib/android/sdk/platforms/android-34/data/res/values-mcc262: Cannot change mode to rwxr-xr-x: Operation not permitted
build	Cache Android SDK	2026-06-06T12:22:58.2039471Z /usr/bin/tar: ../../../../../usr/local/lib/android/sdk/platforms/android-34/data/res/values-mcc310-mnc160-lt: Cannot utime: Operation not permitted
build	Cache Android SDK	2026-06-06T12:22:58.2040010Z /usr/bin/tar: ../../../../../usr/local/lib/android/sdk/platforms/android-34/data/res/values-mcc310-mnc160-lt: Cannot change mode to rwxr-xr-x: Operation not permitted
build	Cache Android SDK	2026-06-06T12:22:58.2042729Z /usr/bin/tar: ../../../../../usr/local/lib/android/sdk/platforms/android-34/data/res/values-mcc310-mnc280-gu: Cannot utime: Operation not permitted
build	Cache Android SDK	2026-06-06T12:22:58.2043265Z /usr/bin/tar: ../../../../../usr/local/lib/android/sdk/platforms/android-34/data/res/values-mcc310-mnc280-gu: Cannot change mode to rwxr-xr-x: Operation not permitted
build	Cache Android SDK	2026-06-06T12:22:58.2045579Z /usr/bin/tar: ../../../../../usr/local/lib/android/sdk/platforms/android-34/data/res/values-mcc310-mnc030-sq: Cannot utime: Operation not permitted
build	Cache Android SDK	2026-06-06T12:22:58.2046030Z /usr/bin/tar: ../../../../../usr/local/lib/android/sdk/platforms/android-34/data/res/values-mcc310-mnc030-sq: Cannot change mode to rwxr-xr-x: Operation not permitted
build	Cache Android SDK	2026-06-06T12:22:58.2048843Z /usr/bin/tar: ../../../../../usr/local/lib/android/sdk/platforms/android-34/data/res/values-mcc310-mnc240-pt: Cannot utime: Operation not permitted
build	Cache Android SDK	2026-06-06T12:22:58.2049309Z /usr/bin/tar: ../../../../../usr/local/lib/android/sdk/platforms/android-34/data/res/values-mcc310-mnc240-pt: Cannot change mode to rwxr-xr-x: Operation not permitted
build	Cache Android SDK	2026-06-06T12:22:58.2052470Z /usr/bin/tar: ../../../../../usr/local/lib/android/sdk/platforms/android-34/data/res/values-mcc302-mnc370-es-rUS: Cannot utime: Operation not permitted
build	Cache Android SDK	2026-06-06T12:22:58.2052955Z /usr/bin/tar: ../../../../../usr/local/lib/android/sdk/platforms/android-34/data/res/values-mcc302-mnc370-es-rUS: Cannot change mode to rwxr-xr-x: Operation not permitted
build	Cache Android SDK	2026-06-06T12:22:58.2056067Z /usr/bin/tar: ../../../../../usr/local/lib/android/sdk/platforms/android-34/data/res/values-nl-watch: Cannot utime: Operation not permitted
build	Cache Android SDK	2026-06-06T12:22:58.2056510Z /usr/bin/tar: ../../../../../usr/local/lib/android/sdk/platforms/android-34/data/res/values-nl-watch: Cannot change mode to rwxr-xr-x: Operation not permitted
build	Cache Android SDK	2026-06-06T12:22:58.2063145Z /usr/bin/tar: ../../../../../usr/local/lib/android/sdk/platforms/android-34/data/res/values-cs: Cannot utime: Operation not permitted
build	Cache Android SDK	2026-06-06T12:22:58.2063564Z /usr/bin/tar: ../../../../../usr/local/lib/android/sdk/platforms/android-34/data/res/values-cs: Cannot change mode to rwxr-xr-x: Operation not permitted
build	Cache Android SDK	2026-06-06T12:22:58.2066534Z /usr/bin/tar: ../../../../../usr/local/lib/android/sdk/platforms/android-34/data/res/values-mcc311-mnc180-eu: Cannot utime: Operation not permitted
build	Cache Android SDK	2026-06-06T12:22:58.2066987Z /usr/bin/tar: ../../../../../usr/local/lib/android/sdk/platforms/android-34/data/res/values-mcc311-mnc180-eu: Cannot change mode to rwxr-xr-x: Operation not permitted
build	Cache Android SDK	2026-06-06T12:22:58.2069773Z /usr/bin/tar: ../../../../../usr/local/lib/android/sdk/platforms/android-34/data/res/values-mcc310-mnc210-km: Cannot utime: Operation not permitted
build	Cache Android SDK	2026-06-06T12:22:58.2070231Z /usr/bin/tar: ../../../../../usr/local/lib/android/sdk/platforms/android-34/data/res/values-mcc310-mnc210-km: Cannot change mode to rwxr-xr-x: Operation not permitted
build	Cache Android SDK	2026-06-06T12:22:58.2072889Z /usr/bin/tar: ../../../../../usr/local/lib/android/sdk/platforms/android-34/data/res/values-mcc313-mnc100-ja: Cannot utime: Operation not permitted
build	Cache Android SDK	2026-06-06T12:22:58.2073463Z /usr/bin/tar: ../../../../../usr/local/lib/android/sdk/platforms/android-34/data/res/values-mcc313-mnc100-ja: Cannot change mode to rwxr-xr-x: Operation not permitted
build	Cache Android SDK	2026-06-06T12:22:58.2076346Z /usr/bin/tar: ../../../../../usr/local/lib/android/sdk/platforms/android-34/data/res/values-mcc334-mnc020-sw: Cannot utime: Operation not permitted
build	Cache Android SDK	2026-06-06T12:22:58.2076787Z /usr/bin/tar: ../../../../../usr/local/lib/android/sdk/platforms/android-34/data/res/values-mcc334-mnc020-sw: Cannot change mode to rwxr-xr-x: Operation not permitted
build	Cache Android SDK	2026-06-06T12:22:58.2079624Z /usr/bin/tar: ../../../../../usr/local/lib/android/sdk/platforms/android-34/data/res/values-mcc310-mnc200-ta: Cannot utime: Operation not permitted
build	Cache Android SDK	2026-06-06T12:22:58.2080098Z /usr/bin/tar: ../../../../../usr/local/lib/android/sdk/platforms/android-34/data/res/values-mcc310-mnc200-ta: Cannot change mode to rwxr-xr-x: Operation not permitted
build	Cache Android SDK	2026-06-06T12:22:58.2082616Z /usr/bin/tar: ../../../../../usr/local/lib/android/sdk/platforms/android-34/data/res/values-mcc310-mnc800-kn: Cannot utime: Operation not permitted
build	Cache Android SDK	2026-06-06T12:22:58.2083062Z /usr/bin/tar: ../../../../../usr/local/lib/android/sdk/platforms/android-34/data/res/values-mcc310-mnc800-kn: Cannot change mode to rwxr-xr-x: Operation not permitted
build	Cache Android SDK	2026-06-06T12:22:58.2085374Z /usr/bin/tar: ../../../../../usr/local/lib/android/sdk/platforms/android-34/data/res/values-mcc310-mnc800: Cannot utime: Operation not permitted
build	Cache Android SDK	2026-06-06T12:22:58.2085820Z /usr/bin/tar: ../../../../../usr/local/lib/android/sdk/platforms/android-34/data/res/values-mcc310-mnc800: Cannot change mode to rwxr-xr-x: Operation not permitted
build	Cache Android SDK	2026-06-06T12:22:58.2090187Z /usr/bin/tar: ../../../../../usr/local/lib/android/sdk/platforms/android-34/data/res/values-mcc310-mnc410-en-rXC: Cannot utime: Operation not permitted
build	Cache Android SDK	2026-06-06T12:22:58.2090663Z /usr/bin/tar: ../../../../../usr/local/lib/android/sdk/platforms/android-34/data/res/values-mcc310-mnc410-en-rXC: Cannot change mode to rwxr-xr-x: Operation not permitted
build	Cache Android SDK	2026-06-06T12:22:58.2093183Z /usr/bin/tar: ../../../../../usr/local/lib/android/sdk/platforms/android-34/data/res/values-mcc310-mnc220-bn: Cannot utime: Operation not permitted
build	Cache Android SDK	2026-06-06T12:22:58.2093626Z /usr/bin/tar: ../../../../../usr/local/lib/android/sdk/platforms/android-34/data/res/values-mcc310-mnc220-bn: Cannot change mode to rwxr-xr-x: Operation not permitted
build	Cache Android SDK	2026-06-06T12:22:58.2096338Z /usr/bin/tar: ../../../../../usr/local/lib/android/sdk/platforms/android-34/data/res/values-mcc310-mnc490-ca: Cannot utime: Operation not permitted
build	Cache Android SDK	2026-06-06T12:22:58.2096792Z /usr/bin/tar: ../../../../../usr/local/lib/android/sdk/platforms/android-34/data/res/values-mcc310-mnc490-ca: Cannot change mode to rwxr-xr-x: Operation not permitted
build	Cache Android SDK	2026-06-06T12:22:58.2099385Z /usr/bin/tar: ../../../../../usr/local/lib/android/sdk/platforms/android-34/data/res/values-en-rAU-watch: Cannot utime: Operation not permitted
build	Cache Android SDK	2026-06-06T12:22:58.2099834Z /usr/bin/tar: ../../../../../usr/local/lib/android/sdk/platforms/android-34/data/res/values-en-rAU-watch: Cannot change mode to rwxr-xr-x: Operation not permitted
build	Cache Android SDK	2026-06-06T12:22:58.2102355Z /usr/bin/tar: ../../../../../usr/local/lib/android/sdk/platforms/android-34/data/res/values-mcc310-mnc220-et: Cannot utime: Operation not permitted
build	Cache Android SDK	2026-06-06T12:22:58.2102814Z /usr/bin/tar: ../../../../../usr/local/lib/android/sdk/platforms/android-34/data/res/values-mcc310-mnc220-et: Cannot change mode to rwxr-xr-x: Operation not permitted
build	Cache Android SDK	2026-06-06T12:22:58.2105391Z /usr/bin/tar: ../../../../../usr/local/lib/android/sdk/platforms/android-34/data/res/values-w195dp: Cannot utime: Operation not permitted
build	Cache Android SDK	2026-06-06T12:22:58.2105820Z /usr/bin/tar: ../../../../../usr/local/lib/android/sdk/platforms/android-34/data/res/values-w195dp: Cannot change mode to rwxr-xr-x: Operation not permitted
build	Cache Android SDK	2026-06-06T12:22:58.2108642Z /usr/bin/tar: ../../../../../usr/local/lib/android/sdk/platforms/android-34/data/res/values-mcc310-mnc410-is: Cannot utime: Operation not permitted
build	Cache Android SDK	2026-06-06T12:22:58.2109194Z /usr/bin/tar: ../../../../../usr/local/lib/android/sdk/platforms/android-34/data/res/values-mcc310-mnc410-is: Cannot change mode to rwxr-xr-x: Operation not permitted
build	Cache Android SDK	2026-06-06T12:22:58.2111668Z /usr/bin/tar: ../../../../../usr/local/lib/android/sdk/platforms/android-34/data/res/values-mcc302-mnc370-vi: Cannot utime: Operation not permitted
build	Cache Android SDK	2026-06-06T12:22:58.2112127Z /usr/bin/tar: ../../../../../usr/local/lib/android/sdk/platforms/android-34/data/res/values-mcc302-mnc370-vi: Cannot change mode to rwxr-xr-x: Operation not permitted
build	Cache Android SDK	2026-06-06T12:22:58.2114951Z /usr/bin/tar: ../../../../../usr/local/lib/android/sdk/platforms/android-34/data/res/values-w426dp-h320dp: Cannot utime: Operation not permitted
build	Cache Android SDK	2026-06-06T12:22:58.2115400Z /usr/bin/tar: ../../../../../usr/local/lib/android/sdk/platforms/android-34/data/res/values-w426dp-h320dp: Cannot change mode to rwxr-xr-x: Operation not permitted
build	Cache Android SDK	2026-06-06T12:22:58.2118549Z /usr/bin/tar: ../../../../../usr/local/lib/android/sdk/platforms/android-34/data/res/values-mcc310-mnc200-iw: Cannot utime: Operation not permitted
build	Cache Android SDK	2026-06-06T12:22:58.2119002Z /usr/bin/tar: ../../../../../usr/local/lib/android/sdk/platforms/android-34/data/res/values-mcc310-mnc200-iw: Cannot change mode to rwxr-xr-x: Operation not permitted
build	Cache Android SDK	2026-06-06T12:22:58.2121838Z /usr/bin/tar: ../../../../../usr/local/lib/android/sdk/platforms/android-34/data/res/values-mcc001-mnc01-sl: Cannot utime: Operation not permitted
build	Cache Android SDK	2026-06-06T12:22:58.2122286Z /usr/bin/tar: ../../../../../usr/local/lib/android/sdk/platforms/android-34/data/res/values-mcc001-mnc01-sl: Cannot change mode to rwxr-xr-x: Operation not permitted
build	Cache Android SDK	2026-06-06T12:22:58.2125125Z /usr/bin/tar: ../../../../../usr/local/lib/android/sdk/platforms/android-34/data/res/values-mcc313-mnc100-ro: Cannot utime: Operation not permitted
build	Cache Android SDK	2026-06-06T12:22:58.2125740Z /usr/bin/tar: ../../../../../usr/local/lib/android/sdk/platforms/android-34/data/res/values-mcc313-mnc100-ro: Cannot change mode to rwxr-xr-x: Operation not permitted
build	Cache Android SDK	2026-06-06T12:22:58.2128244Z /usr/bin/tar: ../../../../../usr/local/lib/android/sdk/platforms/android-34/data/res/values-mcc001-mnc01-en-rGB: Cannot utime: Operation not permitted
build	Cache Android SDK	2026-06-06T12:22:58.2128722Z /usr/bin/tar: ../../../../../usr/local/lib/android/sdk/platforms/android-34/data/res/values-mcc001-mnc01-en-rGB: Cannot change mode to rwxr-xr-x: Operation not permitted
build	Cache Android SDK	2026-06-06T12:22:58.2131398Z /usr/bin/tar: ../../../../../usr/local/lib/android/sdk/platforms/android-34/data/res/values-mcc310-mnc230-et: Cannot utime: Operation not permitted
build	Cache Android SDK	2026-06-06T12:22:58.2131846Z /usr/bin/tar: ../../../../../usr/local/lib/android/sdk/platforms/android-34/data/res/values-mcc310-mnc230-et: Cannot change mode to rwxr-xr-x: Operation not permitted
build	Cache Android SDK	2026-06-06T12:22:58.2134325Z /usr/bin/tar: ../../../../../usr/local/lib/android/sdk/platforms/android-34/data/res/values-mcc313-mnc100-ko: Cannot utime: Operation not permitted
build	Cache Android SDK	2026-06-06T12:22:58.2134767Z /usr/bin/tar: ../../../../../usr/local/lib/android/sdk/platforms/android-34/data/res/values-mcc313-mnc100-ko: Cannot change mode to rwxr-xr-x: Operation not permitted
build	Cache Android SDK	2026-06-06T12:22:58.2137205Z /usr/bin/tar: ../../../../../usr/local/lib/android/sdk/platforms/android-34/data/res/values-mcc310-mnc380-fr: Cannot utime: Operation not permitted
build	Cache Android SDK	2026-06-06T12:22:58.2137872Z /usr/bin/tar: ../../../../../usr/local/lib/android/sdk/platforms/android-34/data/res/values-mcc310-mnc380-fr: Cannot change mode to rwxr-xr-x: Operation not permitted
build	Cache Android SDK	2026-06-06T12:22:58.2140581Z /usr/bin/tar: ../../../../../usr/local/lib/android/sdk/platforms/android-34/data/res/values-mcc310-mnc250-bn: Cannot utime: Operation not permitted
build	Cache Android SDK	2026-06-06T12:22:58.2141176Z /usr/bin/tar: ../../../../../usr/local/lib/android/sdk/platforms/android-34/data/res/values-mcc310-mnc250-bn: Cannot change mode to rwxr-xr-x: Operation not permitted
build	Cache Android SDK	2026-06-06T12:22:58.2143913Z /usr/bin/tar: ../../../../../usr/local/lib/android/sdk/platforms/android-34/data/res/values-mcc302-mnc720-lo: Cannot utime: Operation not permitted
build	Cache Android SDK	2026-06-06T12:22:58.2144471Z /usr/bin/tar: ../../../../../usr/local/lib/android/sdk/platforms/android-34/data/res/values-mcc302-mnc720-lo: Cannot change mode to rwxr-xr-x: Operation not permitted
build	Cache Android SDK	2026-06-06T12:22:58.2147068Z /usr/bin/tar: ../../../../../usr/local/lib/android/sdk/platforms/android-34/data/res/values-mcc310-mnc210-mn: Cannot utime: Operation not permitted
build	Cache Android SDK	2026-06-06T12:22:58.2147716Z /usr/bin/tar: ../../../../../usr/local/lib/android/sdk/platforms/android-34/data/res/values-mcc310-mnc210-mn: Cannot change mode to rwxr-xr-x: Operation not permitted
build	Cache Android SDK	2026-06-06T12:22:58.2150359Z /usr/bin/tar: ../../../../../usr/local/lib/android/sdk/platforms/android-34/data/res/values-mcc310-mnc230-gl: Cannot utime: Operation not permitted
build	Cache Android SDK	2026-06-06T12:22:58.2150816Z /usr/bin/tar: ../../../../../usr/local/lib/android/sdk/platforms/android-34/data/res/values-mcc310-mnc230-gl: Cannot change mode to rwxr-xr-x: Operation not permitted
build	Cache Android SDK	2026-06-06T12:22:58.2153690Z /usr/bin/tar: ../../../../../usr/local/lib/android/sdk/platforms/android-34/data/res/values-mcc310-mnc230-bg: Cannot utime: Operation not permitted
build	Cache Android SDK	2026-06-06T12:22:58.2154136Z /usr/bin/tar: ../../../../../usr/local/lib/android/sdk/platforms/android-34/data/res/values-mcc310-mnc230-bg: Cannot change mode to rwxr-xr-x: Operation not permitted
build	Cache Android SDK	2026-06-06T12:22:58.2156968Z /usr/bin/tar: ../../../../../usr/local/lib/android/sdk/platforms/android-34/data/res/values-mcc310-mnc250-pt: Cannot utime: Operation not permitted
build	Cache Android SDK	2026-06-06T12:22:58.2157558Z /usr/bin/tar: ../../../../../usr/local/lib/android/sdk/platforms/android-34/data/res/values-mcc310-mnc250-pt: Cannot change mode to rwxr-xr-x: Operation not permitted
build	Cache Android SDK	2026-06-06T12:22:58.2160298Z /usr/bin/tar: ../../../../../usr/local/lib/android/sdk/platforms/android-34/data/res/values-mcc310-mnc160-ko: Cannot utime: Operation not permitted
build	Cache Android SDK	2026-06-06T12:22:58.2160758Z /usr/bin/tar: ../../../../../usr/local/lib/android/sdk/platforms/android-34/data/res/values-mcc310-mnc160-ko: Cannot change mode to rwxr-xr-x: Operation not permitted
build	Cache Android SDK	2026-06-06T12:22:58.2163513Z /usr/bin/tar: ../../../../../usr/local/lib/android/sdk/platforms/android-34/data/res/values-mcc310-mnc410-sq: Cannot utime: Operation not permitted
build	Cache Android SDK	2026-06-06T12:22:58.2163959Z /usr/bin/tar: ../../../../../usr/local/lib/android/sdk/platforms/android-34/data/res/values-mcc310-mnc410-sq: Cannot change mode to rwxr-xr-x: Operation not permitted
build	Cache Android SDK	2026-06-06T12:22:58.2166589Z /usr/bin/tar: ../../../../../usr/local/lib/android/sdk/platforms/android-34/data/res/values-w480dp: Cannot utime: Operation not permitted
build	Cache Android SDK	2026-06-06T12:22:58.2167012Z /usr/bin/tar: ../../../../../usr/local/lib/android/sdk/platforms/android-34/data/res/values-w480dp: Cannot change mode to rwxr-xr-x: Operation not permitted
build	Cache Android SDK	2026-06-06T12:22:58.2169499Z /usr/bin/tar: ../../../../../usr/local/lib/android/sdk/platforms/android-34/data/res/values-mcc310-mnc560-is: Cannot utime: Operation not permitted
build	Cache Android SDK	2026-06-06T12:22:58.2169962Z /usr/bin/tar: ../../../../../usr/local/lib/android/sdk/platforms/android-34/data/res/values-mcc310-mnc560-is: Cannot change mode to rwxr-xr-x: Operation not permitted
build	Cache Android SDK	2026-06-06T12:22:58.2172850Z /usr/bin/tar: ../../../../../usr/local/lib/android/sdk/platforms/android-34/data/res/values-mn-watch: Cannot utime: Operation not permitted
build	Cache Android SDK	2026-06-06T12:22:58.2173277Z /usr/bin/tar: ../../../../../usr/local/lib/android/sdk/platforms/android-34/data/res/values-mn-watch: Cannot change mode to rwxr-xr-x: Operation not permitted
build	Cache Android SDK	2026-06-06T12:22:58.2176301Z /usr/bin/tar: ../../../../../usr/local/lib/android/sdk/platforms/android-34/data/res/values-mcc302-mnc720-ru: Cannot utime: Operation not permitted
build	Cache Android SDK	2026-06-06T12:22:58.2176750Z /usr/bin/tar: ../../../../../usr/local/lib/android/sdk/platforms/android-34/data/res/values-mcc302-mnc720-ru: Cannot change mode to rwxr-xr-x: Operation not permitted
build	Cache Android SDK	2026-06-06T12:22:58.2179506Z /usr/bin/tar: ../../../../../usr/local/lib/android/sdk/platforms/android-34/data/res/values-mcc310-mnc950-zh-rCN: Cannot utime: Operation not permitted
build	Cache Android SDK	2026-06-06T12:22:58.2180071Z /usr/bin/tar: ../../../../../usr/local/lib/android/sdk/platforms/android-34/data/res/values-mcc310-mnc950-zh-rCN: Cannot change mode to rwxr-xr-x: Operation not permitted
build	Cache Android SDK	2026-06-06T12:22:58.2184282Z /usr/bin/tar: ../../../../../usr/local/lib/android/sdk/platforms/android-34/data/res/values-mcc310-mnc950-cs: Cannot utime: Operation not permitted
build	Cache Android SDK	2026-06-06T12:22:58.2184727Z /usr/bin/tar: ../../../../../usr/local/lib/android/sdk/platforms/android-34/data/res/values-mcc310-mnc950-cs: Cannot change mode to rwxr-xr-x: Operation not permitted
build	Cache Android SDK	2026-06-06T12:22:58.2185586Z /usr/bin/tar: ../../../../../usr/local/lib/android/sdk/platforms/android-34/data/res/values-mcc310-mnc200-pt: Cannot utime: Operation not permitted
build	Cache Android SDK	2026-06-06T12:22:58.2186029Z /usr/bin/tar: ../../../../../usr/local/lib/android/sdk/platforms/android-34/data/res/values-mcc310-mnc200-pt: Cannot change mode to rwxr-xr-x: Operation not permitted
build	Cache Android SDK	2026-06-06T12:22:58.2189124Z /usr/bin/tar: ../../../../../usr/local/lib/android/sdk/platforms/android-34/data/res/values-mcc310-mnc240-fr-rCA: Cannot utime: Operation not permitted
build	Cache Android SDK	2026-06-06T12:22:58.2189589Z /usr/bin/tar: ../../../../../usr/local/lib/android/sdk/platforms/android-34/data/res/values-mcc310-mnc240-fr-rCA: Cannot change mode to rwxr-xr-x: Operation not permitted
build	Cache Android SDK	2026-06-06T12:22:58.2192564Z /usr/bin/tar: ../../../../../usr/local/lib/android/sdk/platforms/android-34/data/res/values-mcc311-mnc180-pl: Cannot utime: Operation not permitted
build	Cache Android SDK	2026-06-06T12:22:58.2193006Z /usr/bin/tar: ../../../../../usr/local/lib/android/sdk/platforms/android-34/data/res/values-mcc311-mnc180-pl: Cannot change mode to rwxr-xr-x: Operation not permitted
build	Cache Android SDK	2026-06-06T12:22:58.2195585Z /usr/bin/tar: ../../../../../usr/local/lib/android/sdk/platforms/android-34/data/res/values-ka-television: Cannot utime: Operation not permitted
build	Cache Android SDK	2026-06-06T12:22:58.2196038Z /usr/bin/tar: ../../../../../usr/local/lib/android/sdk/platforms/android-34/data/res/values-ka-television: Cannot change mode to rwxr-xr-x: Operation not permitted
build	Cache Android SDK	2026-06-06T12:22:58.2198948Z /usr/bin/tar: ../../../../../usr/local/lib/android/sdk/platforms/android-34/data/res/values-mcc310-mnc310-hr: Cannot utime: Operation not permitted
build	Cache Android SDK	2026-06-06T12:22:58.2199400Z /usr/bin/tar: ../../../../../usr/local/lib/android/sdk/platforms/android-34/data/res/values-mcc310-mnc310-hr: Cannot change mode to rwxr-xr-x: Operation not permitted
build	Cache Android SDK	2026-06-06T12:22:58.2205214Z /usr/bin/tar: ../../../../../usr/local/lib/android/sdk/platforms/android-34/data/res/animator: Cannot utime: Operation not permitted
build	Cache Android SDK	2026-06-06T12:22:58.2205614Z /usr/bin/tar: ../../../../../usr/local/lib/android/sdk/platforms/android-34/data/res/animator: Cannot change mode to rwxr-xr-x: Operation not permitted
build	Cache Android SDK	2026-06-06T12:22:58.2211068Z /usr/bin/tar: ../../../../../usr/local/lib/android/sdk/platforms/android-34/data/res/values-az-television: Cannot utime: Operation not permitted
build	Cache Android SDK	2026-06-06T12:22:58.2211527Z /usr/bin/tar: ../../../../../usr/local/lib/android/sdk/platforms/android-34/data/res/values-az-television: Cannot change mode to rwxr-xr-x: Operation not permitted
build	Cache Android SDK	2026-06-06T12:22:58.2218386Z /usr/bin/tar: ../../../../../usr/local/lib/android/sdk/platforms/android-34/data/res/values-en-rGB: Cannot utime: Operation not permitted
build	Cache Android SDK	2026-06-06T12:22:58.2218945Z /usr/bin/tar: ../../../../../usr/local/lib/android/sdk/platforms/android-34/data/res/values-en-rGB: Cannot change mode to rwxr-xr-x: Operation not permitted
build	Cache Android SDK	2026-06-06T12:22:58.2222345Z /usr/bin/tar: ../../../../../usr/local/lib/android/sdk/platforms/android-34/data/res/values-mcc310-mnc230-pt: Cannot utime: Operation not permitted
build	Cache Android SDK	2026-06-06T12:22:58.2222902Z /usr/bin/tar: ../../../../../usr/local/lib/android/sdk/platforms/android-34/data/res/values-mcc310-mnc230-pt: Cannot change mode to rwxr-xr-x: Operation not permitted
build	Cache Android SDK	2026-06-06T12:22:58.2225083Z /usr/bin/tar: ../../../../../usr/local/lib/android/sdk/platforms/android-34/data/res/values-mcc302-mnc370-bn: Cannot utime: Operation not permitted
build	Cache Android SDK	2026-06-06T12:22:58.2225651Z /usr/bin/tar: ../../../../../usr/local/lib/android/sdk/platforms/android-34/data/res/values-mcc302-mnc370-bn: Cannot change mode to rwxr-xr-x: Operation not permitted
build	Cache Android SDK	2026-06-06T12:22:58.2228155Z /usr/bin/tar: ../../../../../usr/local/lib/android/sdk/platforms/android-34/data/res/values-mcc310-mnc410-ro: Cannot utime: Operation not permitted
build	Cache Android SDK	2026-06-06T12:22:58.2228617Z /usr/bin/tar: ../../../../../usr/local/lib/android/sdk/platforms/android-34/data/res/values-mcc310-mnc410-ro: Cannot change mode to rwxr-xr-x: Operation not permitted
build	Cache Android SDK	2026-06-06T12:22:58.2231231Z /usr/bin/tar: ../../../../../usr/local/lib/android/sdk/platforms/android-34/data/res/values-mcc310-mnc170-en-rXC: Cannot utime: Operation not permitted
build	Cache Android SDK	2026-06-06T12:22:58.2231713Z /usr/bin/tar: ../../../../../usr/local/lib/android/sdk/platforms/android-34/data/res/values-mcc310-mnc170-en-rXC: Cannot change mode to rwxr-xr-x: Operation not permitted
build	Cache Android SDK	2026-06-06T12:22:58.2239706Z /usr/bin/tar: ../../../../../usr/local/lib/android/sdk/platforms/android-34/data/res/values-ka: Cannot utime: Operation not permitted
build	Cache Android SDK	2026-06-06T12:22:58.2240502Z /usr/bin/tar: ../../../../../usr/local/lib/android/sdk/platforms/android-34/data/res/values-ka: Cannot change mode to rwxr-xr-x: Operation not permitted
build	Cache Android SDK	2026-06-06T12:22:58.2241770Z /usr/bin/tar: ../../../../../usr/local/lib/android/sdk/platforms/android-34/data/res/values-ky-watch: Cannot utime: Operation not permitted
build	Cache Android SDK	2026-06-06T12:22:58.2242264Z /usr/bin/tar: ../../../../../usr/local/lib/android/sdk/platforms/android-34/data/res/values-ky-watch: Cannot change mode to rwxr-xr-x: Operation not permitted
build	Cache Android SDK	2026-06-06T12:22:58.2245141Z /usr/bin/tar: ../../../../../usr/local/lib/android/sdk/platforms/android-34/data/res/values-am-watch: Cannot utime: Operation not permitted
build	Cache Android SDK	2026-06-06T12:22:58.2245578Z /usr/bin/tar: ../../../../../usr/local/lib/android/sdk/platforms/android-34/data/res/values-am-watch: Cannot change mode to rwxr-xr-x: Operation not permitted
build	Cache Android SDK	2026-06-06T12:22:58.2248227Z /usr/bin/tar: ../../../../../usr/local/lib/android/sdk/platforms/android-34/data/res/values-mcc310-mnc004: Cannot utime: Operation not permitted
build	Cache Android SDK	2026-06-06T12:22:58.2248683Z /usr/bin/tar: ../../../../../usr/local/lib/android/sdk/platforms/android-34/data/res/values-mcc310-mnc004: Cannot change mode to rwxr-xr-x: Operation not permitted
build	Cache Android SDK	2026-06-06T12:22:58.2251527Z /usr/bin/tar: ../../../../../usr/local/lib/android/sdk/platforms/android-34/data/res/values-mcc310-mnc230-hu: Cannot utime: Operation not permitted
build	Cache Android SDK	2026-06-06T12:22:58.2251987Z /usr/bin/tar: ../../../../../usr/local/lib/android/sdk/platforms/android-34/data/res/values-mcc310-mnc230-hu: Cannot change mode to rwxr-xr-x: Operation not permitted
build	Cache Android SDK	2026-06-06T12:22:58.2254658Z /usr/bin/tar: ../../../../../usr/local/lib/android/sdk/platforms/android-34/data/res/values-mcc310-mnc660-hu: Cannot utime: Operation not permitted
build	Cache Android SDK	2026-06-06T12:22:58.2255135Z /usr/bin/tar: ../../../../../usr/local/lib/android/sdk/platforms/android-34/data/res/values-mcc310-mnc660-hu: Cannot change mode to rwxr-xr-x: Operation not permitted
build	Cache Android SDK	2026-06-06T12:22:58.2258437Z /usr/bin/tar: ../../../../../usr/local/lib/android/sdk/platforms/android-34/data/res/raw-es: Cannot utime: Operation not permitted
build	Cache Android SDK	2026-06-06T12:22:58.2259199Z /usr/bin/tar: ../../../../../usr/local/lib/android/sdk/platforms/android-34/data/res/raw-es: Cannot change mode to rwxr-xr-x: Operation not permitted
build	Cache Android SDK	2026-06-06T12:22:58.2261681Z /usr/bin/tar: ../../../../../usr/local/lib/android/sdk/platforms/android-34/data/res/values-mcc310-mnc220-ta: Cannot utime: Operation not permitted
build	Cache Android SDK	2026-06-06T12:22:58.2262164Z /usr/bin/tar: ../../../../../usr/local/lib/android/sdk/platforms/android-34/data/res/values-mcc310-mnc220-ta: Cannot change mode to rwxr-xr-x: Operation not permitted
build	Cache Android SDK	2026-06-06T12:22:58.2264755Z /usr/bin/tar: ../../../../../usr/local/lib/android/sdk/platforms/android-34/data/res/values-mcc302-mnc370-fa: Cannot utime: Operation not permitted
build	Cache Android SDK	2026-06-06T12:22:58.2265333Z /usr/bin/tar: ../../../../../usr/local/lib/android/sdk/platforms/android-34/data/res/values-mcc302-mnc370-fa: Cannot change mode to rwxr-xr-x: Operation not permitted
build	Cache Android SDK	2026-06-06T12:22:58.2268188Z /usr/bin/tar: ../../../../../usr/local/lib/android/sdk/platforms/android-34/data/res/values-mcc310-mnc270-en-rAU: Cannot utime: Operation not permitted
build	Cache Android SDK	2026-06-06T12:22:58.2268679Z /usr/bin/tar: ../../../../../usr/local/lib/android/sdk/platforms/android-34/data/res/values-mcc310-mnc270-en-rAU: Cannot change mode to rwxr-xr-x: Operation not permitted
build	Cache Android SDK	2026-06-06T12:22:58.2279446Z /usr/bin/tar: ../../../../../usr/local/lib/android/sdk/platforms/android-34/data/res/drawable-land-mdpi: Cannot utime: Operation not permitted
build	Cache Android SDK	2026-06-06T12:22:58.2279934Z /usr/bin/tar: ../../../../../usr/local/lib/android/sdk/platforms/android-34/data/res/drawable-land-mdpi: Cannot change mode to rwxr-xr-x: Operation not permitted
build	Cache Android SDK	2026-06-06T12:22:58.2282539Z /usr/bin/tar: ../../../../../usr/local/lib/android/sdk/platforms/android-34/data/res/values-mcc310-mnc210-ta: Cannot utime: Operation not permitted
build	Cache Android SDK	2026-06-06T12:22:58.2283106Z /usr/bin/tar: ../../../../../usr/local/lib/android/sdk/platforms/android-34/data/res/values-mcc310-mnc210-ta: Cannot change mode to rwxr-xr-x: Operation not permitted
build	Cache Android SDK	2026-06-06T12:22:58.2287123Z /usr/bin/tar: ../../../../../usr/local/lib/android/sdk/platforms/android-34/data/res/values-mcc310-mnc410-ko: Cannot utime: Operation not permitted
build	Cache Android SDK	2026-06-06T12:22:58.2287719Z /usr/bin/tar: ../../../../../usr/local/lib/android/sdk/platforms/android-34/data/res/values-mcc310-mnc410-ko: Cannot change mode to rwxr-xr-x: Operation not permitted
build	Cache Android SDK	2026-06-06T12:22:58.2290619Z /usr/bin/tar: ../../../../../usr/local/lib/android/sdk/platforms/android-34/data/res/values-mcc310-mnc030-ms: Cannot utime: Operation not permitted
build	Cache Android SDK	2026-06-06T12:22:58.2291116Z /usr/bin/tar: ../../../../../usr/local/lib/android/sdk/platforms/android-34/data/res/values-mcc310-mnc030-ms: Cannot change mode to rwxr-xr-x: Operation not permitted
build	Cache Android SDK	2026-06-06T12:22:58.2293433Z /usr/bin/tar: ../../../../../usr/local/lib/android/sdk/platforms/android-34/data/res/values-mcc310-mnc280-hi: Cannot utime: Operation not permitted
build	Cache Android SDK	2026-06-06T12:22:58.2293883Z /usr/bin/tar: ../../../../../usr/local/lib/android/sdk/platforms/android-34/data/res/values-mcc310-mnc280-hi: Cannot change mode to rwxr-xr-x: Operation not permitted
build	Cache Android SDK	2026-06-06T12:22:58.2296661Z /usr/bin/tar: ../../../../../usr/local/lib/android/sdk/platforms/android-34/data/res/values-mcc310-mnc310-ro: Cannot utime: Operation not permitted
build	Cache Android SDK	2026-06-06T12:22:58.2297108Z /usr/bin/tar: ../../../../../usr/local/lib/android/sdk/platforms/android-34/data/res/values-mcc310-mnc310-ro: Cannot change mode to rwxr-xr-x: Operation not permitted
build	Cache Android SDK	2026-06-06T12:22:58.2300682Z /usr/bin/tar: ../../../../../usr/local/lib/android/sdk/platforms/android-34/data/res/values-mcc310-mnc240-pt-rBR: Cannot utime: Operation not permitted
build	Cache Android SDK	2026-06-06T12:22:58.2301153Z /usr/bin/tar: ../../../../../usr/local/lib/android/sdk/platforms/android-34/data/res/values-mcc310-mnc240-pt-rBR: Cannot change mode to rwxr-xr-x: Operation not permitted
build	Cache Android SDK	2026-06-06T12:22:58.2303785Z /usr/bin/tar: ../../../../../usr/local/lib/android/sdk/platforms/android-34/data/res/values-mcc310-mnc490-fr: Cannot utime: Operation not permitted
build	Cache Android SDK	2026-06-06T12:22:58.2304288Z /usr/bin/tar: ../../../../../usr/local/lib/android/sdk/platforms/android-34/data/res/values-mcc310-mnc490-fr: Cannot change mode to rwxr-xr-x: Operation not permitted
build	Cache Android SDK	2026-06-06T12:22:58.2306639Z /usr/bin/tar: ../../../../../usr/local/lib/android/sdk/platforms/android-34/data/res/values-mcc310-mnc160-gu: Cannot utime: Operation not permitted
build	Cache Android SDK	2026-06-06T12:22:58.2307090Z /usr/bin/tar: ../../../../../usr/local/lib/android/sdk/platforms/android-34/data/res/values-mcc310-mnc160-gu: Cannot change mode to rwxr-xr-x: Operation not permitted
build	Cache Android SDK	2026-06-06T12:22:58.2309904Z /usr/bin/tar: ../../../../../usr/local/lib/android/sdk/platforms/android-34/data/res/values-mcc310-mnc150-es: Cannot utime: Operation not permitted
build	Cache Android SDK	2026-06-06T12:22:58.2310444Z /usr/bin/tar: ../../../../../usr/local/lib/android/sdk/platforms/android-34/data/res/values-mcc310-mnc150-es: Cannot change mode to rwxr-xr-x: Operation not permitted
build	Cache Android SDK	2026-06-06T12:22:58.2313003Z /usr/bin/tar: ../../../../../usr/local/lib/android/sdk/platforms/android-34/data/res/values-mcc310-mnc800-hi: Cannot utime: Operation not permitted
build	Cache Android SDK	2026-06-06T12:22:58.2313461Z /usr/bin/tar: ../../../../../usr/local/lib/android/sdk/platforms/android-34/data/res/values-mcc310-mnc800-hi: Cannot change mode to rwxr-xr-x: Operation not permitted
build	Cache Android SDK	2026-06-06T12:22:58.2316019Z /usr/bin/tar: ../../../../../usr/local/lib/android/sdk/platforms/android-34/data/res/values-mcc450-ko: Cannot utime: Operation not permitted
build	Cache Android SDK	2026-06-06T12:22:58.2316459Z /usr/bin/tar: ../../../../../usr/local/lib/android/sdk/platforms/android-34/data/res/values-mcc450-ko: Cannot change mode to rwxr-xr-x: Operation not permitted
build	Cache Android SDK	2026-06-06T12:22:58.2319827Z /usr/bin/tar: ../../../../../usr/local/lib/android/sdk/platforms/android-34/data/res/values-ml-television: Cannot utime: Operation not permitted
build	Cache Android SDK	2026-06-06T12:22:58.2320301Z /usr/bin/tar: ../../../../../usr/local/lib/android/sdk/platforms/android-34/data/res/values-ml-television: Cannot change mode to rwxr-xr-x: Operation not permitted
build	Cache Android SDK	2026-06-06T12:22:58.2323188Z /usr/bin/tar: ../../../../../usr/local/lib/android/sdk/platforms/android-34/data/res/values-mcc310-mnc240-vi: Cannot utime: Operation not permitted
build	Cache Android SDK	2026-06-06T12:22:58.2323646Z /usr/bin/tar: ../../../../../usr/local/lib/android/sdk/platforms/android-34/data/res/values-mcc310-mnc240-vi: Cannot change mode to rwxr-xr-x: Operation not permitted
build	Cache Android SDK	2026-06-06T12:22:58.2326733Z /usr/bin/tar: ../../../../../usr/local/lib/android/sdk/platforms/android-34/data/res/values-mcc311-mnc180-de: Cannot utime: Operation not permitted
build	Cache Android SDK	2026-06-06T12:22:58.2327189Z /usr/bin/tar: ../../../../../usr/local/lib/android/sdk/platforms/android-34/data/res/values-mcc311-mnc180-de: Cannot change mode to rwxr-xr-x: Operation not permitted
build	Cache Android SDK	2026-06-06T12:22:58.2329831Z /usr/bin/tar: ../../../../../usr/local/lib/android/sdk/platforms/android-34/data/res/values-mcc310-mnc210-pt-rBR: Cannot utime: Operation not permitted
build	Cache Android SDK	2026-06-06T12:22:58.2330310Z /usr/bin/tar: ../../../../../usr/local/lib/android/sdk/platforms/android-34/data/res/values-mcc310-mnc210-pt-rBR: Cannot change mode to rwxr-xr-x: Operation not permitted
build	Cache Android SDK	2026-06-06T12:22:58.2332812Z /usr/bin/tar: ../../../../../usr/local/lib/android/sdk/platforms/android-34/data/res/values-mcc732: Cannot utime: Operation not permitted
build	Cache Android SDK	2026-06-06T12:22:58.2333239Z /usr/bin/tar: ../../../../../usr/local/lib/android/sdk/platforms/android-34/data/res/values-mcc732: Cannot change mode to rwxr-xr-x: Operation not permitted
build	Cache Android SDK	2026-06-06T12:22:58.2336254Z /usr/bin/tar: ../../../../../usr/local/lib/android/sdk/platforms/android-34/data/res/values-mcc313-mnc100-zh-rHK: Cannot utime: Operation not permitted
build	Cache Android SDK	2026-06-06T12:22:58.2336738Z /usr/bin/tar: ../../../../../usr/local/lib/android/sdk/platforms/android-34/data/res/values-mcc313-mnc100-zh-rHK: Cannot change mode to rwxr-xr-x: Operation not permitted
build	Cache Android SDK	2026-06-06T12:22:58.2340027Z /usr/bin/tar: ../../../../../usr/local/lib/android/sdk/platforms/android-34/data/res/values-mcc334-mnc020-or: Cannot utime: Operation not permitted
build	Cache Android SDK	2026-06-06T12:22:58.2340485Z /usr/bin/tar: ../../../../../usr/local/lib/android/sdk/platforms/android-34/data/res/values-mcc334-mnc020-or: Cannot change mode to rwxr-xr-x: Operation not permitted
build	Cache Android SDK	2026-06-06T12:22:58.2343048Z /usr/bin/tar: ../../../../../usr/local/lib/android/sdk/platforms/android-34/data/res/values-mcc310-mnc150-in: Cannot utime: Operation not permitted
build	Cache Android SDK	2026-06-06T12:22:58.2343502Z /usr/bin/tar: ../../../../../usr/local/lib/android/sdk/platforms/android-34/data/res/values-mcc310-mnc150-in: Cannot change mode to rwxr-xr-x: Operation not permitted
build	Cache Android SDK	2026-06-06T12:22:58.2348079Z /usr/bin/tar: ../../../../../usr/local/lib/android/sdk/platforms/android-34/data/res/values-kn-television: Cannot utime: Operation not permitted
build	Cache Android SDK	2026-06-06T12:22:58.2348629Z /usr/bin/tar: ../../../../../usr/local/lib/android/sdk/platforms/android-34/data/res/values-kn-television: Cannot change mode to rwxr-xr-x: Operation not permitted
build	Cache Android SDK	2026-06-06T12:22:58.2351203Z /usr/bin/tar: ../../../../../usr/local/lib/android/sdk/platforms/android-34/data/res/values-mcc310-mnc410-cs: Cannot utime: Operation not permitted
build	Cache Android SDK	2026-06-06T12:22:58.2351656Z /usr/bin/tar: ../../../../../usr/local/lib/android/sdk/platforms/android-34/data/res/values-mcc310-mnc410-cs: Cannot change mode to rwxr-xr-x: Operation not permitted
build	Cache Android SDK	2026-06-06T12:22:58.2354329Z /usr/bin/tar: ../../../../../usr/local/lib/android/sdk/platforms/android-34/data/res/values-mcc310-mnc200-tr: Cannot utime: Operation not permitted
build	Cache Android SDK	2026-06-06T12:22:58.2354771Z /usr/bin/tar: ../../../../../usr/local/lib/android/sdk/platforms/android-34/data/res/values-mcc310-mnc200-tr: Cannot change mode to rwxr-xr-x: Operation not permitted
build	Cache Android SDK	2026-06-06T12:22:58.2357492Z /usr/bin/tar: ../../../../../usr/local/lib/android/sdk/platforms/android-34/data/res/values-mcc310-mnc030-sw: Cannot utime: Operation not permitted
build	Cache Android SDK	2026-06-06T12:22:58.2357982Z /usr/bin/tar: ../../../../../usr/local/lib/android/sdk/platforms/android-34/data/res/values-mcc310-mnc030-sw: Cannot change mode to rwxr-xr-x: Operation not permitted
build	Cache Android SDK	2026-06-06T12:22:58.2360678Z /usr/bin/tar: ../../../../../usr/local/lib/android/sdk/platforms/android-34/data/res/values-hi-rIN: Cannot utime: Operation not permitted
build	Cache Android SDK	2026-06-06T12:22:58.2361245Z /usr/bin/tar: ../../../../../usr/local/lib/android/sdk/platforms/android-34/data/res/values-hi-rIN: Cannot change mode to rwxr-xr-x: Operation not permitted
build	Cache Android SDK	2026-06-06T12:22:58.2364407Z /usr/bin/tar: ../../../../../usr/local/lib/android/sdk/platforms/android-34/data/res/values-mcc310-mnc170-sk: Cannot utime: Operation not permitted
build	Cache Android SDK	2026-06-06T12:22:58.2364854Z /usr/bin/tar: ../../../../../usr/local/lib/android/sdk/platforms/android-34/data/res/values-mcc310-mnc170-sk: Cannot change mode to rwxr-xr-x: Operation not permitted
build	Cache Android SDK	2026-06-06T12:22:58.2367850Z /usr/bin/tar: ../../../../../usr/local/lib/android/sdk/platforms/android-34/data/res/values-mcc310-mnc030-pt: Cannot utime: Operation not permitted
build	Cache Android SDK	2026-06-06T12:22:58.2368305Z /usr/bin/tar: ../../../../../usr/local/lib/android/sdk/platforms/android-34/data/res/values-mcc310-mnc030-pt: Cannot change mode to rwxr-xr-x: Operation not permitted
build	Cache Android SDK	2026-06-06T12:22:58.2371232Z /usr/bin/tar: ../../../../../usr/local/lib/android/sdk/platforms/android-34/data/res/values-mcc310-mnc150-b+sr+Latn: Cannot utime: Operation not permitted
build	Cache Android SDK	2026-06-06T12:22:58.2371712Z /usr/bin/tar: ../../../../../usr/local/lib/android/sdk/platforms/android-34/data/res/values-mcc310-mnc150-b+sr+Latn: Cannot change mode to rwxr-xr-x: Operation not permitted
build	Cache Android SDK	2026-06-06T12:22:58.2374464Z /usr/bin/tar: ../../../../../usr/local/lib/android/sdk/platforms/android-34/data/res/values-mcc310-mnc160-tl: Cannot utime: Operation not permitted
build	Cache Android SDK	2026-06-06T12:22:58.2374915Z /usr/bin/tar: ../../../../../usr/local/lib/android/sdk/platforms/android-34/data/res/values-mcc310-mnc160-tl: Cannot change mode to rwxr-xr-x: Operation not permitted
build	Cache Android SDK	2026-06-06T12:22:58.2377835Z /usr/bin/tar: ../../../../../usr/local/lib/android/sdk/platforms/android-34/data/res/values-mcc310-mnc310-am: Cannot utime: Operation not permitted
build	Cache Android SDK	2026-06-06T12:22:58.2378389Z /usr/bin/tar: ../../../../../usr/local/lib/android/sdk/platforms/android-34/data/res/values-mcc310-mnc310-am: Cannot change mode to rwxr-xr-x: Operation not permitted
build	Cache Android SDK	2026-06-06T12:22:58.2381308Z /usr/bin/tar: ../../../../../usr/local/lib/android/sdk/platforms/android-34/data/res/values-mcc310-mnc490-et: Cannot utime: Operation not permitted
build	Cache Android SDK	2026-06-06T12:22:58.2381760Z /usr/bin/tar: ../../../../../usr/local/lib/android/sdk/platforms/android-34/data/res/values-mcc310-mnc490-et: Cannot change mode to rwxr-xr-x: Operation not permitted
build	Cache Android SDK	2026-06-06T12:22:58.2384460Z /usr/bin/tar: ../../../../../usr/local/lib/android/sdk/platforms/android-34/data/res/values-mcc310-mnc280-en-rCA: Cannot utime: Operation not permitted
build	Cache Android SDK	2026-06-06T12:22:58.2385026Z /usr/bin/tar: ../../../../../usr/local/lib/android/sdk/platforms/android-34/data/res/values-mcc310-mnc280-en-rCA: Cannot change mode to rwxr-xr-x: Operation not permitted
build	Cache Android SDK	2026-06-06T12:22:58.2387588Z /usr/bin/tar: ../../../../../usr/local/lib/android/sdk/platforms/android-34/data/res/values-mcc310-mnc030-az: Cannot utime: Operation not permitted
build	Cache Android SDK	2026-06-06T12:22:58.2388149Z /usr/bin/tar: ../../../../../usr/local/lib/android/sdk/platforms/android-34/data/res/values-mcc310-mnc030-az: Cannot change mode to rwxr-xr-x: Operation not permitted
build	Cache Android SDK	2026-06-06T12:22:58.2391502Z /usr/bin/tar: ../../../../../usr/local/lib/android/sdk/platforms/android-34/data/res/values-mcc310-mnc280-mr: Cannot utime: Operation not permitted
build	Cache Android SDK	2026-06-06T12:22:58.2392017Z /usr/bin/tar: ../../../../../usr/local/lib/android/sdk/platforms/android-34/data/res/values-mcc310-mnc280-mr: Cannot change mode to rwxr-xr-x: Operation not permitted
build	Cache Android SDK	2026-06-06T12:22:58.2395895Z /usr/bin/tar: ../../../../../usr/local/lib/android/sdk/platforms/android-34/data/res/values-mcc310-mnc170-ko: Cannot utime: Operation not permitted
build	Cache Android SDK	2026-06-06T12:22:58.2396350Z /usr/bin/tar: ../../../../../usr/local/lib/android/sdk/platforms/android-34/data/res/values-mcc310-mnc170-ko: Cannot change mode to rwxr-xr-x: Operation not permitted
build	Cache Android SDK	2026-06-06T12:22:58.2399448Z /usr/bin/tar: ../../../../../usr/local/lib/android/sdk/platforms/android-34/data/res/values-mcc310-mnc250-kn: Cannot utime: Operation not permitted
build	Cache Android SDK	2026-06-06T12:22:58.2399900Z /usr/bin/tar: ../../../../../usr/local/lib/android/sdk/platforms/android-34/data/res/values-mcc310-mnc250-kn: Cannot change mode to rwxr-xr-x: Operation not permitted
build	Cache Android SDK	2026-06-06T12:22:58.2403065Z /usr/bin/tar: ../../../../../usr/local/lib/android/sdk/platforms/android-34/data/res/values-mcc440-mnc54: Cannot utime: Operation not permitted
build	Cache Android SDK	2026-06-06T12:22:58.2403511Z /usr/bin/tar: ../../../../../usr/local/lib/android/sdk/platforms/android-34/data/res/values-mcc440-mnc54: Cannot change mode to rwxr-xr-x: Operation not permitted
build	Cache Android SDK	2026-06-06T12:22:58.2406402Z /usr/bin/tar: ../../../../../usr/local/lib/android/sdk/platforms/android-34/data/res/values-mcc310-mnc660-en-rIN: Cannot utime: Operation not permitted
build	Cache Android SDK	2026-06-06T12:22:58.2406875Z /usr/bin/tar: ../../../../../usr/local/lib/android/sdk/platforms/android-34/data/res/values-mcc310-mnc660-en-rIN: Cannot change mode to rwxr-xr-x: Operation not permitted
build	Cache Android SDK	2026-06-06T12:22:58.2410285Z /usr/bin/tar: ../../../../../usr/local/lib/android/sdk/platforms/android-34/data/res/values-iw-rIL: Cannot utime: Operation not permitted
build	Cache Android SDK	2026-06-06T12:22:58.2410795Z /usr/bin/tar: ../../../../../usr/local/lib/android/sdk/platforms/android-34/data/res/values-iw-rIL: Cannot change mode to rwxr-xr-x: Operation not permitted
build	Cache Android SDK	2026-06-06T12:22:58.2413582Z /usr/bin/tar: ../../../../../usr/local/lib/android/sdk/platforms/android-34/data/res/values-mcc310-mnc220-az: Cannot utime: Operation not permitted
build	Cache Android SDK	2026-06-06T12:22:58.2414042Z /usr/bin/tar: ../../../../../usr/local/lib/android/sdk/platforms/android-34/data/res/values-mcc310-mnc220-az: Cannot change mode to rwxr-xr-x: Operation not permitted
build	Cache Android SDK	2026-06-06T12:22:58.2416991Z /usr/bin/tar: ../../../../../usr/local/lib/android/sdk/platforms/android-34/data/res/values-mcc310-mnc200-mk: Cannot utime: Operation not permitted
build	Cache Android SDK	2026-06-06T12:22:58.2417546Z /usr/bin/tar: ../../../../../usr/local/lib/android/sdk/platforms/android-34/data/res/values-mcc310-mnc200-mk: Cannot change mode to rwxr-xr-x: Operation not permitted
build	Cache Android SDK	2026-06-06T12:22:58.2420634Z /usr/bin/tar: ../../../../../usr/local/lib/android/sdk/platforms/android-34/data/res/values-mcc334-mnc020-iw: Cannot utime: Operation not permitted
build	Cache Android SDK	2026-06-06T12:22:58.2421089Z /usr/bin/tar: ../../../../../usr/local/lib/android/sdk/platforms/android-34/data/res/values-mcc334-mnc020-iw: Cannot change mode to rwxr-xr-x: Operation not permitted
build	Cache Android SDK	2026-06-06T12:22:58.2423828Z /usr/bin/tar: ../../../../../usr/local/lib/android/sdk/platforms/android-34/data/res/values-mcc310-mnc380-pt-rPT: Cannot utime: Operation not permitted
build	Cache Android SDK	2026-06-06T12:22:58.2424305Z /usr/bin/tar: ../../../../../usr/local/lib/android/sdk/platforms/android-34/data/res/values-mcc310-mnc380-pt-rPT: Cannot change mode to rwxr-xr-x: Operation not permitted
build	Cache Android SDK	2026-06-06T12:22:58.2426735Z /usr/bin/tar: ../../../../../usr/local/lib/android/sdk/platforms/android-34/data/res/values-mcc310-mnc210-sk: Cannot utime: Operation not permitted
build	Cache Android SDK	2026-06-06T12:22:58.2427180Z /usr/bin/tar: ../../../../../usr/local/lib/android/sdk/platforms/android-34/data/res/values-mcc310-mnc210-sk: Cannot change mode to rwxr-xr-x: Operation not permitted
build	Cache Android SDK	2026-06-06T12:22:58.2429494Z /usr/bin/tar: ../../../../../usr/local/lib/android/sdk/platforms/android-34/data/res/values-mcc310-mnc160-uz: Cannot utime: Operation not permitted
build	Cache Android SDK	2026-06-06T12:22:58.2429941Z /usr/bin/tar: ../../../../../usr/local/lib/android/sdk/platforms/android-34/data/res/values-mcc310-mnc160-uz: Cannot change mode to rwxr-xr-x: Operation not permitted
build	Cache Android SDK	2026-06-06T12:22:58.2432748Z /usr/bin/tar: ../../../../../usr/local/lib/android/sdk/platforms/android-34/data/res/values-mcc310-mnc250-bg: Cannot utime: Operation not permitted
build	Cache Android SDK	2026-06-06T12:22:58.2433197Z /usr/bin/tar: ../../../../../usr/local/lib/android/sdk/platforms/android-34/data/res/values-mcc310-mnc250-bg: Cannot change mode to rwxr-xr-x: Operation not permitted
build	Cache Android SDK	2026-06-06T12:22:58.2436213Z /usr/bin/tar: ../../../../../usr/local/lib/android/sdk/platforms/android-34/data/res/values-mcc310-mnc410-km: Cannot utime: Operation not permitted
build	Cache Android SDK	2026-06-06T12:22:58.2436752Z /usr/bin/tar: ../../../../../usr/local/lib/android/sdk/platforms/android-34/data/res/values-mcc310-mnc410-km: Cannot change mode to rwxr-xr-x: Operation not permitted
build	Cache Android SDK	2026-06-06T12:22:58.2444235Z /usr/bin/tar: ../../../../../usr/local/lib/android/sdk/platforms/android-34/data/res/values-lv: Cannot utime: Operation not permitted
build	Cache Android SDK	2026-06-06T12:22:58.2444994Z /usr/bin/tar: ../../../../../usr/local/lib/android/sdk/platforms/android-34/data/res/values-lv: Cannot change mode to rwxr-xr-x: Operation not permitted
build	Cache Android SDK	2026-06-06T12:22:58.2446722Z /usr/bin/tar: ../../../../../usr/local/lib/android/sdk/platforms/android-34/data/res/values-mcc334-mnc020-vi: Cannot utime: Operation not permitted
build	Cache Android SDK	2026-06-06T12:22:58.2447269Z /usr/bin/tar: ../../../../../usr/local/lib/android/sdk/platforms/android-34/data/res/values-mcc334-mnc020-vi: Cannot change mode to rwxr-xr-x: Operation not permitted
build	Cache Android SDK	2026-06-06T12:22:58.2449925Z /usr/bin/tar: ../../../../../usr/local/lib/android/sdk/platforms/android-34/data/res/values-mcc310-mnc210-en-rAU: Cannot utime: Operation not permitted
build	Cache Android SDK	2026-06-06T12:22:58.2450425Z /usr/bin/tar: ../../../../../usr/local/lib/android/sdk/platforms/android-34/data/res/values-mcc310-mnc210-en-rAU: Cannot change mode to rwxr-xr-x: Operation not permitted
build	Cache Android SDK	2026-06-06T12:22:58.2452601Z /usr/bin/tar: ../../../../../usr/local/lib/android/sdk/platforms/android-34/data/res/values-mcc310-mnc560-ka: Cannot utime: Operation not permitted
build	Cache Android SDK	2026-06-06T12:22:58.2453059Z /usr/bin/tar: ../../../../../usr/local/lib/android/sdk/platforms/android-34/data/res/values-mcc310-mnc560-ka: Cannot change mode to rwxr-xr-x: Operation not permitted
build	Cache Android SDK	2026-06-06T12:22:58.2462564Z /usr/bin/tar: ../../../../../usr/local/lib/android/sdk/platforms/android-34/data/res/values-mr: Cannot utime: Operation not permitted
build	Cache Android SDK	2026-06-06T12:22:58.2463355Z /usr/bin/tar: ../../../../../usr/local/lib/android/sdk/platforms/android-34/data/res/values-mr: Cannot change mode to rwxr-xr-x: Operation not permitted
build	Cache Android SDK	2026-06-06T12:22:58.2463794Z /usr/bin/tar: ../../../../../usr/local/lib/android/sdk/platforms/android-34/data/res/values-mcc310-mnc030-en-rAU: Cannot utime: Operation not permitted
build	Cache Android SDK	2026-06-06T12:22:58.2464265Z /usr/bin/tar: ../../../../../usr/local/lib/android/sdk/platforms/android-34/data/res/values-mcc310-mnc030-en-rAU: Cannot change mode to rwxr-xr-x: Operation not permitted
build	Cache Android SDK	2026-06-06T12:22:58.2467067Z /usr/bin/tar: ../../../../../usr/local/lib/android/sdk/platforms/android-34/data/res/values-sk-television: Cannot utime: Operation not permitted
build	Cache Android SDK	2026-06-06T12:22:58.2467768Z /usr/bin/tar: ../../../../../usr/local/lib/android/sdk/platforms/android-34/data/res/values-sk-television: Cannot change mode to rwxr-xr-x: Operation not permitted
build	Cache Android SDK	2026-06-06T12:22:58.2470222Z /usr/bin/tar: ../../../../../usr/local/lib/android/sdk/platforms/android-34/data/res/values-mcc310-mnc310-fr-rCA: Cannot utime: Operation not permitted
build	Cache Android SDK	2026-06-06T12:22:58.2470802Z /usr/bin/tar: ../../../../../usr/local/lib/android/sdk/platforms/android-34/data/res/values-mcc310-mnc310-fr-rCA: Cannot change mode to rwxr-xr-x: Operation not permitted
build	Cache Android SDK	2026-06-06T12:22:58.2473382Z /usr/bin/tar: ../../../../../usr/local/lib/android/sdk/platforms/android-34/data/res/values-mcc310-mnc230-fr: Cannot utime: Operation not permitted
build	Cache Android SDK	2026-06-06T12:22:58.2473844Z /usr/bin/tar: ../../../../../usr/local/lib/android/sdk/platforms/android-34/data/res/values-mcc310-mnc230-fr: Cannot change mode to rwxr-xr-x: Operation not permitted
build	Cache Android SDK	2026-06-06T12:22:58.2477106Z /usr/bin/tar: ../../../../../usr/local/lib/android/sdk/platforms/android-34/data/res/values-mcc313-mnc100-kk: Cannot utime: Operation not permitted
build	Cache Android SDK	2026-06-06T12:22:58.2477898Z /usr/bin/tar: ../../../../../usr/local/lib/android/sdk/platforms/android-34/data/res/values-mcc313-mnc100-kk: Cannot change mode to rwxr-xr-x: Operation not permitted
build	Cache Android SDK	2026-06-06T12:22:58.2480370Z /usr/bin/tar: ../../../../../usr/local/lib/android/sdk/platforms/android-34/data/res/values-mcc313-mnc100-zh-rCN: Cannot utime: Operation not permitted
build	Cache Android SDK	2026-06-06T12:22:58.2480934Z /usr/bin/tar: ../../../../../usr/local/lib/android/sdk/platforms/android-34/data/res/values-mcc313-mnc100-zh-rCN: Cannot change mode to rwxr-xr-x: Operation not permitted
build	Cache Android SDK	2026-06-06T12:22:58.2483676Z /usr/bin/tar: ../../../../../usr/local/lib/android/sdk/platforms/android-34/data/res/values-mcc310-mnc170-zh-rHK: Cannot utime: Operation not permitted
build	Cache Android SDK	2026-06-06T12:22:58.2484149Z /usr/bin/tar: ../../../../../usr/local/lib/android/sdk/platforms/android-34/data/res/values-mcc310-mnc170-zh-rHK: Cannot change mode to rwxr-xr-x: Operation not permitted
build	Cache Android SDK	2026-06-06T12:22:58.2486461Z /usr/bin/tar: ../../../../../usr/local/lib/android/sdk/platforms/android-34/data/res/values-mcc310-mnc270-ta: Cannot utime: Operation not permitted
build	Cache Android SDK	2026-06-06T12:22:58.2486920Z /usr/bin/tar: ../../../../../usr/local/lib/android/sdk/platforms/android-34/data/res/values-mcc310-mnc270-ta: Cannot change mode to rwxr-xr-x: Operation not permitted
build	Cache Android SDK	2026-06-06T12:22:58.2489902Z /usr/bin/tar: ../../../../../usr/local/lib/android/sdk/platforms/android-34/data/res/values-hy-television: Cannot utime: Operation not permitted
build	Cache Android SDK	2026-06-06T12:22:58.2490366Z /usr/bin/tar: ../../../../../usr/local/lib/android/sdk/platforms/android-34/data/res/values-hy-television: Cannot change mode to rwxr-xr-x: Operation not permitted
build	Cache Android SDK	2026-06-06T12:22:58.2493151Z /usr/bin/tar: ../../../../../usr/local/lib/android/sdk/platforms/android-34/data/res/values-mcc310-mnc150-pt: Cannot utime: Operation not permitted
build	Cache Android SDK	2026-06-06T12:22:58.2493611Z /usr/bin/tar: ../../../../../usr/local/lib/android/sdk/platforms/android-34/data/res/values-mcc310-mnc150-pt: Cannot change mode to rwxr-xr-x: Operation not permitted
build	Cache Android SDK	2026-06-06T12:22:58.2496801Z /usr/bin/tar: ../../../../../usr/local/lib/android/sdk/platforms/android-34/data/res/values-mcc310-mnc270-hr: Cannot utime: Operation not permitted
build	Cache Android SDK	2026-06-06T12:22:58.2497265Z /usr/bin/tar: ../../../../../usr/local/lib/android/sdk/platforms/android-34/data/res/values-mcc310-mnc270-hr: Cannot change mode to rwxr-xr-x: Operation not permitted
build	Cache Android SDK	2026-06-06T12:22:58.2499586Z /usr/bin/tar: ../../../../../usr/local/lib/android/sdk/platforms/android-34/data/res/values-mcc302-mnc720-fa: Cannot utime: Operation not permitted
build	Cache Android SDK	2026-06-06T12:22:58.2500034Z /usr/bin/tar: ../../../../../usr/local/lib/android/sdk/platforms/android-34/data/res/values-mcc302-mnc720-fa: Cannot change mode to rwxr-xr-x: Operation not permitted
build	Cache Android SDK	2026-06-06T12:22:58.2503207Z /usr/bin/tar: ../../../../../usr/local/lib/android/sdk/platforms/android-34/data/res/values-mcc310-mnc310-ml: Cannot utime: Operation not permitted
build	Cache Android SDK	2026-06-06T12:22:58.2503680Z /usr/bin/tar: ../../../../../usr/local/lib/android/sdk/platforms/android-34/data/res/values-mcc310-mnc310-ml: Cannot change mode to rwxr-xr-x: Operation not permitted
build	Cache Android SDK	2026-06-06T12:22:58.2506195Z /usr/bin/tar: ../../../../../usr/local/lib/android/sdk/platforms/android-34/data/res/values-mcc310-mnc380-hy: Cannot utime: Operation not permitted
build	Cache Android SDK	2026-06-06T12:22:58.2506659Z /usr/bin/tar: ../../../../../usr/local/lib/android/sdk/platforms/android-34/data/res/values-mcc310-mnc380-hy: Cannot change mode to rwxr-xr-x: Operation not permitted
build	Cache Android SDK	2026-06-06T12:22:58.2509277Z /usr/bin/tar: ../../../../../usr/local/lib/android/sdk/platforms/android-34/data/res/values-mcc001-mnc01-kk: Cannot utime: Operation not permitted
build	Cache Android SDK	2026-06-06T12:22:58.2509744Z /usr/bin/tar: ../../../../../usr/local/lib/android/sdk/platforms/android-34/data/res/values-mcc001-mnc01-kk: Cannot change mode to rwxr-xr-x: Operation not permitted
build	Cache Android SDK	2026-06-06T12:22:58.2516343Z /usr/bin/tar: ../../../../../usr/local/lib/android/sdk/platforms/android-34/data/res/values-ja: Cannot utime: Operation not permitted
build	Cache Android SDK	2026-06-06T12:22:58.2516886Z /usr/bin/tar: ../../../../../usr/local/lib/android/sdk/platforms/android-34/data/res/values-ja: Cannot change mode to rwxr-xr-x: Operation not permitted
build	Cache Android SDK	2026-06-06T12:22:58.2519734Z /usr/bin/tar: ../../../../../usr/local/lib/android/sdk/platforms/android-34/data/res/values-mcc310-mnc270-es: Cannot utime: Operation not permitted
build	Cache Android SDK	2026-06-06T12:22:58.2520335Z /usr/bin/tar: ../../../../../usr/local/lib/android/sdk/platforms/android-34/data/res/values-mcc310-mnc270-es: Cannot change mode to rwxr-xr-x: Operation not permitted
build	Cache Android SDK	2026-06-06T12:22:58.2522755Z /usr/bin/tar: ../../../../../usr/local/lib/android/sdk/platforms/android-34/data/res/values-mcc310-mnc230-az: Cannot utime: Operation not permitted
build	Cache Android SDK	2026-06-06T12:22:58.2523214Z /usr/bin/tar: ../../../../../usr/local/lib/android/sdk/platforms/android-34/data/res/values-mcc310-mnc230-az: Cannot change mode to rwxr-xr-x: Operation not permitted
build	Cache Android SDK	2026-06-06T12:22:58.2526590Z /usr/bin/tar: ../../../../../usr/local/lib/android/sdk/platforms/android-34/data/res/values-mcc313-mnc100-hi: Cannot utime: Operation not permitted
build	Cache Android SDK	2026-06-06T12:22:58.2527080Z /usr/bin/tar: ../../../../../usr/local/lib/android/sdk/platforms/android-34/data/res/values-mcc313-mnc100-hi: Cannot change mode to rwxr-xr-x: Operation not permitted
build	Cache Android SDK	2026-06-06T12:22:58.2529813Z /usr/bin/tar: ../../../../../usr/local/lib/android/sdk/platforms/android-34/data/res/values-mcc310-mnc240-zh-rTW: Cannot utime: Operation not permitted
build	Cache Android SDK	2026-06-06T12:22:58.2530297Z /usr/bin/tar: ../../../../../usr/local/lib/android/sdk/platforms/android-34/data/res/values-mcc310-mnc240-zh-rTW: Cannot change mode to rwxr-xr-x: Operation not permitted
build	Cache Android SDK	2026-06-06T12:22:58.2532374Z /usr/bin/tar: ../../../../../usr/local/lib/android/sdk/platforms/android-34/data/res/values-mcc310-mnc210-es: Cannot utime: Operation not permitted
build	Cache Android SDK	2026-06-06T12:22:58.2532835Z /usr/bin/tar: ../../../../../usr/local/lib/android/sdk/platforms/android-34/data/res/values-mcc310-mnc210-es: Cannot change mode to rwxr-xr-x: Operation not permitted
build	Cache Android SDK	2026-06-06T12:22:58.2535427Z /usr/bin/tar: ../../../../../usr/local/lib/android/sdk/platforms/android-34/data/res/values-mcc310-mnc150-ca: Cannot utime: Operation not permitted
build	Cache Android SDK	2026-06-06T12:22:58.2535883Z /usr/bin/tar: ../../../../../usr/local/lib/android/sdk/platforms/android-34/data/res/values-mcc310-mnc150-ca: Cannot change mode to rwxr-xr-x: Operation not permitted
build	Cache Android SDK	2026-06-06T12:22:58.2538313Z /usr/bin/tar: ../../../../../usr/local/lib/android/sdk/platforms/android-34/data/res/values-mcc310-mnc210-te: Cannot utime: Operation not permitted
build	Cache Android SDK	2026-06-06T12:22:58.2538774Z /usr/bin/tar: ../../../../../usr/local/lib/android/sdk/platforms/android-34/data/res/values-mcc310-mnc210-te: Cannot change mode to rwxr-xr-x: Operation not permitted
build	Cache Android SDK	2026-06-06T12:22:58.2542663Z /usr/bin/tar: ../../../../../usr/local/lib/android/sdk/platforms/android-34/data/res/values-mcc310-mnc210-hy: Cannot utime: Operation not permitted
build	Cache Android SDK	2026-06-06T12:22:58.2543128Z /usr/bin/tar: ../../../../../usr/local/lib/android/sdk/platforms/android-34/data/res/values-mcc310-mnc210-hy: Cannot change mode to rwxr-xr-x: Operation not permitted
build	Cache Android SDK	2026-06-06T12:22:58.2545541Z /usr/bin/tar: ../../../../../usr/local/lib/android/sdk/platforms/android-34/data/res/values-mcc334-mnc020-is: Cannot utime: Operation not permitted
build	Cache Android SDK	2026-06-06T12:22:58.2546072Z /usr/bin/tar: ../../../../../usr/local/lib/android/sdk/platforms/android-34/data/res/values-mcc334-mnc020-is: Cannot change mode to rwxr-xr-x: Operation not permitted
build	Cache Android SDK	2026-06-06T12:22:58.2548906Z /usr/bin/tar: ../../../../../usr/local/lib/android/sdk/platforms/android-34/data/res/values-mcc310-mnc220-b+sr+Latn: Cannot utime: Operation not permitted
build	Cache Android SDK	2026-06-06T12:22:58.2549405Z /usr/bin/tar: ../../../../../usr/local/lib/android/sdk/platforms/android-34/data/res/values-mcc310-mnc220-b+sr+Latn: Cannot change mode to rwxr-xr-x: Operation not permitted
build	Cache Android SDK	2026-06-06T12:22:58.2552142Z /usr/bin/tar: ../../../../../usr/local/lib/android/sdk/platforms/android-34/data/res/values-mcc310-mnc200-cs: Cannot utime: Operation not permitted
build	Cache Android SDK	2026-06-06T12:22:58.2552602Z /usr/bin/tar: ../../../../../usr/local/lib/android/sdk/platforms/android-34/data/res/values-mcc310-mnc200-cs: Cannot change mode to rwxr-xr-x: Operation not permitted
build	Cache Android SDK	2026-06-06T12:22:58.2555125Z /usr/bin/tar: ../../../../../usr/local/lib/android/sdk/platforms/android-34/data/res/values-it-rIT: Cannot utime: Operation not permitted
build	Cache Android SDK	2026-06-06T12:22:58.2555737Z /usr/bin/tar: ../../../../../usr/local/lib/android/sdk/platforms/android-34/data/res/values-it-rIT: Cannot change mode to rwxr-xr-x: Operation not permitted
build	Cache Android SDK	2026-06-06T12:22:58.2558055Z /usr/bin/tar: ../../../../../usr/local/lib/android/sdk/platforms/android-34/data/res/values-mcc310-mnc950-sv: Cannot utime: Operation not permitted
build	Cache Android SDK	2026-06-06T12:22:58.2558512Z /usr/bin/tar: ../../../../../usr/local/lib/android/sdk/platforms/android-34/data/res/values-mcc310-mnc950-sv: Cannot change mode to rwxr-xr-x: Operation not permitted
build	Cache Android SDK	2026-06-06T12:22:58.2563675Z /usr/bin/tar: ../../../../../usr/local/lib/android/sdk/platforms/android-34/data/res/values-mcc310-mnc030-pl: Cannot utime: Operation not permitted
build	Cache Android SDK	2026-06-06T12:22:58.2564143Z /usr/bin/tar: ../../../../../usr/local/lib/android/sdk/platforms/android-34/data/res/values-mcc310-mnc030-pl: Cannot change mode to rwxr-xr-x: Operation not permitted
build	Cache Android SDK	2026-06-06T12:22:58.2566803Z /usr/bin/tar: ../../../../../usr/local/lib/android/sdk/platforms/android-34/data/res/values-mcc404: Cannot utime: Operation not permitted
build	Cache Android SDK	2026-06-06T12:22:58.2567232Z /usr/bin/tar: ../../../../../usr/local/lib/android/sdk/platforms/android-34/data/res/values-mcc404: Cannot change mode to rwxr-xr-x: Operation not permitted
build	Cache Android SDK	2026-06-06T12:22:58.2570916Z /usr/bin/tar: ../../../../../usr/local/lib/android/sdk/platforms/android-34/data/res/values-mcc310-mnc490-zh-rHK: Cannot utime: Operation not permitted
build	Cache Android SDK	2026-06-06T12:22:58.2571441Z /usr/bin/tar: ../../../../../usr/local/lib/android/sdk/platforms/android-34/data/res/values-mcc310-mnc490-zh-rHK: Cannot change mode to rwxr-xr-x: Operation not permitted
build	Cache Android SDK	2026-06-06T12:22:58.2573842Z /usr/bin/tar: ../../../../../usr/local/lib/android/sdk/platforms/android-34/data/res/values-mcc334-mnc020-eu: Cannot utime: Operation not permitted
build	Cache Android SDK	2026-06-06T12:22:58.2574308Z /usr/bin/tar: ../../../../../usr/local/lib/android/sdk/platforms/android-34/data/res/values-mcc334-mnc020-eu: Cannot change mode to rwxr-xr-x: Operation not permitted
build	Cache Android SDK	2026-06-06T12:22:58.2577040Z /usr/bin/tar: ../../../../../usr/local/lib/android/sdk/platforms/android-34/data/res/values-mcc302-mnc370-gl: Cannot utime: Operation not permitted
build	Cache Android SDK	2026-06-06T12:22:58.2577757Z /usr/bin/tar: ../../../../../usr/local/lib/android/sdk/platforms/android-34/data/res/values-mcc302-mnc370-gl: Cannot change mode to rwxr-xr-x: Operation not permitted
build	Cache Android SDK	2026-06-06T12:22:58.2580496Z /usr/bin/tar: ../../../../../usr/local/lib/android/sdk/platforms/android-34/data/res/values-mcc310-mnc210-hr: Cannot utime: Operation not permitted
build	Cache Android SDK	2026-06-06T12:22:58.2580962Z /usr/bin/tar: ../../../../../usr/local/lib/android/sdk/platforms/android-34/data/res/values-mcc310-mnc210-hr: Cannot change mode to rwxr-xr-x: Operation not permitted
build	Cache Android SDK	2026-06-06T12:22:58.2583552Z /usr/bin/tar: ../../../../../usr/local/lib/android/sdk/platforms/android-34/data/res/values-mcc001-mnc01-mr: Cannot utime: Operation not permitted
build	Cache Android SDK	2026-06-06T12:22:58.2584096Z /usr/bin/tar: ../../../../../usr/local/lib/android/sdk/platforms/android-34/data/res/values-mcc001-mnc01-mr: Cannot change mode to rwxr-xr-x: Operation not permitted
build	Cache Android SDK	2026-06-06T12:22:58.2586434Z /usr/bin/tar: ../../../../../usr/local/lib/android/sdk/platforms/android-34/data/res/values-mcc310-mnc150-tl: Cannot utime: Operation not permitted
build	Cache Android SDK	2026-06-06T12:22:58.2586883Z /usr/bin/tar: ../../../../../usr/local/lib/android/sdk/platforms/android-34/data/res/values-mcc310-mnc150-tl: Cannot change mode to rwxr-xr-x: Operation not permitted
build	Cache Android SDK	2026-06-06T12:22:58.2594466Z /usr/bin/tar: ../../../../../usr/local/lib/android/sdk/platforms/android-34/data/res/values-km: Cannot utime: Operation not permitted
build	Cache Android SDK	2026-06-06T12:22:58.2595519Z /usr/bin/tar: ../../../../../usr/local/lib/android/sdk/platforms/android-34/data/res/values-km: Cannot change mode to rwxr-xr-x: Operation not permitted
build	Cache Android SDK	2026-06-06T12:22:58.2598288Z /usr/bin/tar: ../../../../../usr/local/lib/android/sdk/platforms/android-34/data/res/values-mcc302-mnc370-be: Cannot utime: Operation not permitted
build	Cache Android SDK	2026-06-06T12:22:58.2598920Z /usr/bin/tar: ../../../../../usr/local/lib/android/sdk/platforms/android-34/data/res/values-mcc302-mnc370-be: Cannot change mode to rwxr-xr-x: Operation not permitted
build	Cache Android SDK	2026-06-06T12:22:58.2601852Z /usr/bin/tar: ../../../../../usr/local/lib/android/sdk/platforms/android-34/data/res/values-mcc310-mnc380-uk: Cannot utime: Operation not permitted
build	Cache Android SDK	2026-06-06T12:22:58.2602388Z /usr/bin/tar: ../../../../../usr/local/lib/android/sdk/platforms/android-34/data/res/values-mcc310-mnc380-uk: Cannot change mode to rwxr-xr-x: Operation not permitted
build	Cache Android SDK	2026-06-06T12:22:58.2604875Z /usr/bin/tar: ../../../../../usr/local/lib/android/sdk/platforms/android-34/data/res/values-mcc302-mnc370-uk: Cannot utime: Operation not permitted
build	Cache Android SDK	2026-06-06T12:22:58.2605342Z /usr/bin/tar: ../../../../../usr/local/lib/android/sdk/platforms/android-34/data/res/values-mcc302-mnc370-uk: Cannot change mode to rwxr-xr-x: Operation not permitted
build	Cache Android SDK	2026-06-06T12:22:58.2608648Z /usr/bin/tar: ../../../../../usr/local/lib/android/sdk/platforms/android-34/data/res/values-mcc001-mnc01-lt: Cannot utime: Operation not permitted
build	Cache Android SDK	2026-06-06T12:22:58.2609125Z /usr/bin/tar: ../../../../../usr/local/lib/android/sdk/platforms/android-34/data/res/values-mcc001-mnc01-lt: Cannot change mode to rwxr-xr-x: Operation not permitted
build	Cache Android SDK	2026-06-06T12:22:58.2611351Z /usr/bin/tar: ../../../../../usr/local/lib/android/sdk/platforms/android-34/data/res/values-mcc310-mnc560-en-rCA: Cannot utime: Operation not permitted
build	Cache Android SDK	2026-06-06T12:22:58.2611872Z /usr/bin/tar: ../../../../../usr/local/lib/android/sdk/platforms/android-34/data/res/values-mcc310-mnc560-en-rCA: Cannot change mode to rwxr-xr-x: Operation not permitted
build	Cache Android SDK	2026-06-06T12:22:58.2614558Z /usr/bin/tar: ../../../../../usr/local/lib/android/sdk/platforms/android-34/data/res/values-mcc310-mnc310-uk: Cannot utime: Operation not permitted
build	Cache Android SDK	2026-06-06T12:22:58.2615069Z /usr/bin/tar: ../../../../../usr/local/lib/android/sdk/platforms/android-34/data/res/values-mcc310-mnc310-uk: Cannot change mode to rwxr-xr-x: Operation not permitted
build	Cache Android SDK	2026-06-06T12:22:58.2617202Z /usr/bin/tar: ../../../../../usr/local/lib/android/sdk/platforms/android-34/data/res/values-mcc302-mnc720-uk: Cannot utime: Operation not permitted
build	Cache Android SDK	2026-06-06T12:22:58.2617815Z /usr/bin/tar: ../../../../../usr/local/lib/android/sdk/platforms/android-34/data/res/values-mcc302-mnc720-uk: Cannot change mode to rwxr-xr-x: Operation not permitted
build	Cache Android SDK	2026-06-06T12:22:58.2624107Z /usr/bin/tar: ../../../../../usr/local/lib/android/sdk/platforms/android-34/data/res/values-mcc310-mnc240-ka: Cannot utime: Operation not permitted
build	Cache Android SDK	2026-06-06T12:22:58.2624584Z /usr/bin/tar: ../../../../../usr/local/lib/android/sdk/platforms/android-34/data/res/values-mcc310-mnc240-ka: Cannot change mode to rwxr-xr-x: Operation not permitted
build	Cache Android SDK	2026-06-06T12:22:58.2632817Z /usr/bin/tar: ../../../../../usr/local/lib/android/sdk/platforms/android-34/data/res/values-watch: Cannot utime: Operation not permitted
build	Cache Android SDK	2026-06-06T12:22:58.2633881Z /usr/bin/tar: ../../../../../usr/local/lib/android/sdk/platforms/android-34/data/res/values-watch: Cannot change mode to rwxr-xr-x: Operation not permitted
build	Cache Android SDK	2026-06-06T12:22:58.2659128Z /usr/bin/tar: ../../../../../usr/local/lib/android/sdk/platforms/android-34/data/res/values-mcc310-mnc800-bs: Cannot utime: Operation not permitted
build	Cache Android SDK	2026-06-06T12:22:58.2659961Z /usr/bin/tar: ../../../../../usr/local/lib/android/sdk/platforms/android-34/data/res/values-mcc310-mnc800-bs: Cannot change mode to rwxr-xr-x: Operation not permitted
build	Cache Android SDK	2026-06-06T12:22:58.2660771Z /usr/bin/tar: ../../../../../usr/local/lib/android/sdk/platforms/android-34/data/res/values-mcc310-mnc150-az: Cannot utime: Operation not permitted
build	Cache Android SDK	2026-06-06T12:22:58.2661537Z /usr/bin/tar: ../../../../../usr/local/lib/android/sdk/platforms/android-34/data/res/values-mcc310-mnc150-az: Cannot change mode to rwxr-xr-x: Operation not permitted
build	Cache Android SDK	2026-06-06T12:22:58.2674305Z /usr/bin/tar: ../../../../../usr/local/lib/android/sdk/platforms/android-34/data/res/values-kn: Cannot utime: Operation not permitted
build	Cache Android SDK	2026-06-06T12:22:58.2676336Z /usr/bin/tar: ../../../../../usr/local/lib/android/sdk/platforms/android-34/data/res/values-kn: Cannot change mode to rwxr-xr-x: Operation not permitted
build	Cache Android SDK	2026-06-06T12:22:58.2677846Z /usr/bin/tar: ../../../../../usr/local/lib/android/sdk/platforms/android-34/data/res/values-mcc310-mnc490-pt: Cannot utime: Operation not permitted
build	Cache Android SDK	2026-06-06T12:22:58.2678363Z /usr/bin/tar: ../../../../../usr/local/lib/android/sdk/platforms/android-34/data/res/values-mcc310-mnc490-pt: Cannot change mode to rwxr-xr-x: Operation not permitted
build	Cache Android SDK	2026-06-06T12:22:58.2682141Z /usr/bin/tar: ../../../../../usr/local/lib/android/sdk/platforms/android-34/data/res/values-mcc310-mnc280-or: Cannot utime: Operation not permitted
build	Cache Android SDK	2026-06-06T12:22:58.2682945Z /usr/bin/tar: ../../../../../usr/local/lib/android/sdk/platforms/android-34/data/res/values-mcc310-mnc280-or: Cannot change mode to rwxr-xr-x: Operation not permitted
build	Cache Android SDK	2026-06-06T12:22:58.2689109Z /usr/bin/tar: ../../../../../usr/local/lib/android/sdk/platforms/android-34/data/res/values-mcc311-mnc180-iw: Cannot utime: Operation not permitted
build	Cache Android SDK	2026-06-06T12:22:58.2690093Z /usr/bin/tar: ../../../../../usr/local/lib/android/sdk/platforms/android-34/data/res/values-mcc311-mnc180-iw: Cannot change mode to rwxr-xr-x: Operation not permitted
build	Cache Android SDK	2026-06-06T12:22:58.2695596Z /usr/bin/tar: ../../../../../usr/local/lib/android/sdk/platforms/android-34/data/res/values-ru-watch: Cannot utime: Operation not permitted
build	Cache Android SDK	2026-06-06T12:22:58.2696159Z /usr/bin/tar: ../../../../../usr/local/lib/android/sdk/platforms/android-34/data/res/values-ru-watch: Cannot change mode to rwxr-xr-x: Operation not permitted
build	Cache Android SDK	2026-06-06T12:22:58.2702421Z /usr/bin/tar: ../../../../../usr/local/lib/android/sdk/platforms/android-34/data/res/values-mcc310-mnc800-sl: Cannot utime: Operation not permitted
build	Cache Android SDK	2026-06-06T12:22:58.2702885Z /usr/bin/tar: ../../../../../usr/local/lib/android/sdk/platforms/android-34/data/res/values-mcc310-mnc800-sl: Cannot change mode to rwxr-xr-x: Operation not permitted
build	Cache Android SDK	2026-06-06T12:22:58.2707043Z /usr/bin/tar: ../../../../../usr/local/lib/android/sdk/platforms/android-34/data/res/layout-round-watch: Cannot utime: Operation not permitted
build	Cache Android SDK	2026-06-06T12:22:58.2707935Z /usr/bin/tar: ../../../../../usr/local/lib/android/sdk/platforms/android-34/data/res/layout-round-watch: Cannot change mode to rwxr-xr-x: Operation not permitted
build	Cache Android SDK	2026-06-06T12:22:58.2710052Z /usr/bin/tar: ../../../../../usr/local/lib/android/sdk/platforms/android-34/data/res/values-af-rZA: Cannot utime: Operation not permitted
build	Cache Android SDK	2026-06-06T12:22:58.2711143Z /usr/bin/tar: ../../../../../usr/local/lib/android/sdk/platforms/android-34/data/res/values-af-rZA: Cannot change mode to rwxr-xr-x: Operation not permitted
build	Cache Android SDK	2026-06-06T12:22:58.2717057Z /usr/bin/tar: ../../../../../usr/local/lib/android/sdk/platforms/android-34/data/res/values-mcc310-mnc410-hr: Cannot utime: Operation not permitted
build	Cache Android SDK	2026-06-06T12:22:58.2718112Z /usr/bin/tar: ../../../../../usr/local/lib/android/sdk/platforms/android-34/data/res/values-mcc310-mnc410-hr: Cannot change mode to rwxr-xr-x: Operation not permitted
build	Cache Android SDK	2026-06-06T12:22:58.2720720Z /usr/bin/tar: ../../../../../usr/local/lib/android/sdk/platforms/android-34/data/res/values-mcc312-mnc670-ka: Cannot utime: Operation not permitted
build	Cache Android SDK	2026-06-06T12:22:58.2721612Z /usr/bin/tar: ../../../../../usr/local/lib/android/sdk/platforms/android-34/data/res/values-mcc312-mnc670-ka: Cannot change mode to rwxr-xr-x: Operation not permitted
build	Cache Android SDK	2026-06-06T12:22:58.2724066Z /usr/bin/tar: ../../../../../usr/local/lib/android/sdk/platforms/android-34/data/res/values-mcc310-mnc950-am: Cannot utime: Operation not permitted
build	Cache Android SDK	2026-06-06T12:22:58.2724761Z /usr/bin/tar: ../../../../../usr/local/lib/android/sdk/platforms/android-34/data/res/values-mcc310-mnc950-am: Cannot change mode to rwxr-xr-x: Operation not permitted
build	Cache Android SDK	2026-06-06T12:22:58.2728318Z /usr/bin/tar: ../../../../../usr/local/lib/android/sdk/platforms/android-34/data/res/values-mcc313-mnc100-kn: Cannot utime: Operation not permitted
build	Cache Android SDK	2026-06-06T12:22:58.2730903Z /usr/bin/tar: ../../../../../usr/local/lib/android/sdk/platforms/android-34/data/res/values-mcc313-mnc100-kn: Cannot change mode to rwxr-xr-x: Operation not permitted
build	Cache Android SDK	2026-06-06T12:22:58.2731752Z /usr/bin/tar: ../../../../../usr/local/lib/android/sdk/platforms/android-34/data/res/values-mcc311-mnc180-pa: Cannot utime: Operation not permitted
build	Cache Android SDK	2026-06-06T12:22:58.2734436Z /usr/bin/tar: ../../../../../usr/local/lib/android/sdk/platforms/android-34/data/res/values-mcc311-mnc180-pa: Cannot change mode to rwxr-xr-x: Operation not permitted
build	Cache Android SDK	2026-06-06T12:22:58.2735324Z /usr/bin/tar: ../../../../../usr/local/lib/android/sdk/platforms/android-34/data/res/values-mcc334-mnc020-ko: Cannot utime: Operation not permitted
build	Cache Android SDK	2026-06-06T12:22:58.2738626Z /usr/bin/tar: ../../../../../usr/local/lib/android/sdk/platforms/android-34/data/res/values-mcc334-mnc020-ko: Cannot change mode to rwxr-xr-x: Operation not permitted
build	Cache Android SDK	2026-06-06T12:22:58.2739460Z /usr/bin/tar: ../../../../../usr/local/lib/android/sdk/platforms/android-34/data/res/values-sk-rSK: Cannot utime: Operation not permitted
build	Cache Android SDK	2026-06-06T12:22:58.2740323Z /usr/bin/tar: ../../../../../usr/local/lib/android/sdk/platforms/android-34/data/res/values-sk-rSK: Cannot change mode to rwxr-xr-x: Operation not permitted
build	Cache Android SDK	2026-06-06T12:22:58.2743890Z /usr/bin/tar: ../../../../../usr/local/lib/android/sdk/platforms/android-34/data/res/values-mcc302-mnc370-sk: Cannot utime: Operation not permitted
build	Cache Android SDK	2026-06-06T12:22:58.2744363Z /usr/bin/tar: ../../../../../usr/local/lib/android/sdk/platforms/android-34/data/res/values-mcc302-mnc370-sk: Cannot change mode to rwxr-xr-x: Operation not permitted
build	Cache Android SDK	2026-06-06T12:22:58.2752564Z /usr/bin/tar: ../../../../../usr/local/lib/android/sdk/platforms/android-34/data/res/values-mcc001-mnc01-iw: Cannot utime: Operation not permitted
build	Cache Android SDK	2026-06-06T12:22:58.2753455Z /usr/bin/tar: ../../../../../usr/local/lib/android/sdk/platforms/android-34/data/res/values-mcc001-mnc01-iw: Cannot change mode to rwxr-xr-x: Operation not permitted
build	Cache Android SDK	2026-06-06T12:22:58.2754120Z /usr/bin/tar: ../../../../../usr/local/lib/android/sdk/platforms/android-34/data/res/values-mcc310-mnc310-te: Cannot utime: Operation not permitted
build	Cache Android SDK	2026-06-06T12:22:58.2754959Z /usr/bin/tar: ../../../../../usr/local/lib/android/sdk/platforms/android-34/data/res/values-mcc310-mnc310-te: Cannot change mode to rwxr-xr-x: Operation not permitted
build	Cache Android SDK	2026-06-06T12:22:58.2758946Z /usr/bin/tar: ../../../../../usr/local/lib/android/sdk/platforms/android-34/data/res/values-mcc310-mnc200-fi: Cannot utime: Operation not permitted
build	Cache Android SDK	2026-06-06T12:22:58.2760078Z /usr/bin/tar: ../../../../../usr/local/lib/android/sdk/platforms/android-34/data/res/values-mcc310-mnc200-fi: Cannot change mode to rwxr-xr-x: Operation not permitted
build	Cache Android SDK	2026-06-06T12:22:58.2763676Z /usr/bin/tar: ../../../../../usr/local/lib/android/sdk/platforms/android-34/data/res/values-mcc310-mnc270-fr: Cannot utime: Operation not permitted
build	Cache Android SDK	2026-06-06T12:22:58.2764930Z /usr/bin/tar: ../../../../../usr/local/lib/android/sdk/platforms/android-34/data/res/values-mcc310-mnc270-fr: Cannot change mode to rwxr-xr-x: Operation not permitted
build	Cache Android SDK	2026-06-06T12:22:58.2772443Z /usr/bin/tar: ../../../../../usr/local/lib/android/sdk/platforms/android-34/data/res/values-sv: Cannot utime: Operation not permitted
build	Cache Android SDK	2026-06-06T12:22:58.2773502Z /usr/bin/tar: ../../../../../usr/local/lib/android/sdk/platforms/android-34/data/res/values-sv: Cannot change mode to rwxr-xr-x: Operation not permitted
build	Cache Android SDK	2026-06-06T12:22:58.2787707Z /usr/bin/tar: ../../../../../usr/local/lib/android/sdk/platforms/android-34/data/res/values-mcc310-mnc160-pa: Cannot utime: Operation not permitted
build	Cache Android SDK	2026-06-06T12:22:58.2788417Z /usr/bin/tar: ../../../../../usr/local/lib/android/sdk/platforms/android-34/data/res/values-mcc310-mnc160-pa: Cannot change mode to rwxr-xr-x: Operation not permitted
build	Cache Android SDK	2026-06-06T12:22:58.2791996Z /usr/bin/tar: ../../../../../usr/local/lib/android/sdk/platforms/android-34/data/res/values-mcc310-mnc270-ca: Cannot utime: Operation not permitted
build	Cache Android SDK	2026-06-06T12:22:58.2792864Z /usr/bin/tar: ../../../../../usr/local/lib/android/sdk/platforms/android-34/data/res/values-mcc310-mnc270-ca: Cannot change mode to rwxr-xr-x: Operation not permitted
build	Cache Android SDK	2026-06-06T12:22:58.2795899Z /usr/bin/tar: ../../../../../usr/local/lib/android/sdk/platforms/android-34/data/res/values-en-rCA-television: Cannot utime: Operation not permitted
build	Cache Android SDK	2026-06-06T12:22:58.2796377Z /usr/bin/tar: ../../../../../usr/local/lib/android/sdk/platforms/android-34/data/res/values-en-rCA-television: Cannot change mode to rwxr-xr-x: Operation not permitted
build	Cache Android SDK	2026-06-06T12:22:58.2798130Z /usr/bin/tar: ../../../../../usr/local/lib/android/sdk/platforms/android-34/data/res/values-mcc310-mnc150-zh-rCN: Cannot utime: Operation not permitted
build	Cache Android SDK	2026-06-06T12:22:58.2799090Z /usr/bin/tar: ../../../../../usr/local/lib/android/sdk/platforms/android-34/data/res/values-mcc310-mnc150-zh-rCN: Cannot change mode to rwxr-xr-x: Operation not permitted
build	Cache Android SDK	2026-06-06T12:22:58.2801511Z /usr/bin/tar: ../../../../../usr/local/lib/android/sdk/platforms/android-34/data/res/values-mcc310-mnc660-uz: Cannot utime: Operation not permitted
build	Cache Android SDK	2026-06-06T12:22:58.2802168Z /usr/bin/tar: ../../../../../usr/local/lib/android/sdk/platforms/android-34/data/res/values-mcc310-mnc660-uz: Cannot change mode to rwxr-xr-x: Operation not permitted
build	Cache Android SDK	2026-06-06T12:22:58.2809373Z /usr/bin/tar: ../../../../../usr/local/lib/android/sdk/platforms/android-34/data/res/values-mcc310-mnc560-bs: Cannot utime: Operation not permitted
build	Cache Android SDK	2026-06-06T12:22:58.2809942Z /usr/bin/tar: ../../../../../usr/local/lib/android/sdk/platforms/android-34/data/res/values-mcc310-mnc560-bs: Cannot change mode to rwxr-xr-x: Operation not permitted
build	Cache Android SDK	2026-06-06T12:22:58.2812915Z /usr/bin/tar: ../../../../../usr/local/lib/android/sdk/platforms/android-34/data/res/values-mcc302-mnc720-hy: Cannot utime: Operation not permitted
build	Cache Android SDK	2026-06-06T12:22:58.2813407Z /usr/bin/tar: ../../../../../usr/local/lib/android/sdk/platforms/android-34/data/res/values-mcc302-mnc720-hy: Cannot change mode to rwxr-xr-x: Operation not permitted
build	Cache Android SDK	2026-06-06T12:22:58.2816773Z /usr/bin/tar: ../../../../../usr/local/lib/android/sdk/platforms/android-34/data/res/values-mcc310-mnc210-mk: Cannot utime: Operation not permitted
build	Cache Android SDK	2026-06-06T12:22:58.2817316Z /usr/bin/tar: ../../../../../usr/local/lib/android/sdk/platforms/android-34/data/res/values-mcc310-mnc210-mk: Cannot change mode to rwxr-xr-x: Operation not permitted
build	Cache Android SDK	2026-06-06T12:22:58.2826336Z /usr/bin/tar: ../../../../../usr/local/lib/android/sdk/platforms/android-34/data/res/values-mcc334-mnc020-ro: Cannot utime: Operation not permitted
build	Cache Android SDK	2026-06-06T12:22:58.2828931Z /usr/bin/tar: ../../../../../usr/local/lib/android/sdk/platforms/android-34/data/res/values-mcc334-mnc020-ro: Cannot change mode to rwxr-xr-x: Operation not permitted
build	Cache Android SDK	2026-06-06T12:22:58.2829821Z /usr/bin/tar: ../../../../../usr/local/lib/android/sdk/platforms/android-34/data/res/values-mcc310-mnc280-lo: Cannot utime: Operation not permitted
build	Cache Android SDK	2026-06-06T12:22:58.2831949Z /usr/bin/tar: ../../../../../usr/local/lib/android/sdk/platforms/android-34/data/res/values-mcc310-mnc280-lo: Cannot change mode to rwxr-xr-x: Operation not permitted
build	Cache Android SDK	2026-06-06T12:22:58.2832738Z /usr/bin/tar: ../../../../../usr/local/lib/android/sdk/platforms/android-34/data/res/values-mcc311-mnc180-ka: Cannot utime: Operation not permitted
build	Cache Android SDK	2026-06-06T12:22:58.2833680Z /usr/bin/tar: ../../../../../usr/local/lib/android/sdk/platforms/android-34/data/res/values-mcc311-mnc180-ka: Cannot change mode to rwxr-xr-x: Operation not permitted
build	Cache Android SDK	2026-06-06T12:22:58.2835778Z /usr/bin/tar: ../../../../../usr/local/lib/android/sdk/platforms/android-34/data/res/values-mcc310-mnc280-nl: Cannot utime: Operation not permitted
build	Cache Android SDK	2026-06-06T12:22:58.2836322Z /usr/bin/tar: ../../../../../usr/local/lib/android/sdk/platforms/android-34/data/res/values-mcc310-mnc280-nl: Cannot change mode to rwxr-xr-x: Operation not permitted
build	Cache Android SDK	2026-06-06T12:22:58.2836722Z /usr/bin/tar: ../../../../../usr/local/lib/android/sdk/platforms/android-34/data/res/values-mcc310-mnc160: Cannot utime: Operation not permitted
build	Cache Android SDK	2026-06-06T12:22:58.2837168Z /usr/bin/tar: ../../../../../usr/local/lib/android/sdk/platforms/android-34/data/res/values-mcc310-mnc160: Cannot change mode to rwxr-xr-x: Operation not permitted
build	Cache Android SDK	2026-06-06T12:22:58.2841671Z /usr/bin/tar: ../../../../../usr/local/lib/android/sdk/platforms/android-34/data/res/values-mcc310-mnc170-as: Cannot utime: Operation not permitted
build	Cache Android SDK	2026-06-06T12:22:58.2842605Z /usr/bin/tar: ../../../../../usr/local/lib/android/sdk/platforms/android-34/data/res/values-mcc310-mnc170-as: Cannot change mode to rwxr-xr-x: Operation not permitted
build	Cache Android SDK	2026-06-06T12:22:58.2845002Z /usr/bin/tar: ../../../../../usr/local/lib/android/sdk/platforms/android-34/data/res/values-mcc310-mnc230-uk: Cannot utime: Operation not permitted
build	Cache Android SDK	2026-06-06T12:22:58.2845889Z /usr/bin/tar: ../../../../../usr/local/lib/android/sdk/platforms/android-34/data/res/values-mcc310-mnc230-uk: Cannot change mode to rwxr-xr-x: Operation not permitted
build	Cache Android SDK	2026-06-06T12:22:58.2849348Z /usr/bin/tar: ../../../../../usr/local/lib/android/sdk/platforms/android-34/data/res/values-mcc302-mnc370-ky: Cannot utime: Operation not permitted
build	Cache Android SDK	2026-06-06T12:22:58.2850585Z /usr/bin/tar: ../../../../../usr/local/lib/android/sdk/platforms/android-34/data/res/values-mcc302-mnc370-ky: Cannot change mode to rwxr-xr-x: Operation not permitted
build	Cache Android SDK	2026-06-06T12:22:58.2852256Z /usr/bin/tar: ../../../../../usr/local/lib/android/sdk/platforms/android-34/data/res/values-mcc310-mnc950-ky: Cannot utime: Operation not permitted
build	Cache Android SDK	2026-06-06T12:22:58.2852711Z /usr/bin/tar: ../../../../../usr/local/lib/android/sdk/platforms/android-34/data/res/values-mcc310-mnc950-ky: Cannot change mode to rwxr-xr-x: Operation not permitted
build	Cache Android SDK	2026-06-06T12:22:58.2858360Z /usr/bin/tar: ../../../../../usr/local/lib/android/sdk/platforms/android-34/data/res/values-vi-watch: Cannot utime: Operation not permitted
build	Cache Android SDK	2026-06-06T12:22:58.2862135Z /usr/bin/tar: ../../../../../usr/local/lib/android/sdk/platforms/android-34/data/res/values-vi-watch: Cannot change mode to rwxr-xr-x: Operation not permitted
build	Cache Android SDK	2026-06-06T12:22:58.2863488Z /usr/bin/tar: ../../../../../usr/local/lib/android/sdk/platforms/android-34/data/res/values-mcc310-mnc410-ka: Cannot utime: Operation not permitted
build	Cache Android SDK	2026-06-06T12:22:58.2864970Z /usr/bin/tar: ../../../../../usr/local/lib/android/sdk/platforms/android-34/data/res/values-mcc310-mnc410-ka: Cannot change mode to rwxr-xr-x: Operation not permitted
build	Cache Android SDK	2026-06-06T12:22:58.2867883Z /usr/bin/tar: ../../../../../usr/local/lib/android/sdk/platforms/android-34/data/res/values-mcc310-mnc220-in: Cannot utime: Operation not permitted
build	Cache Android SDK	2026-06-06T12:22:58.2868477Z /usr/bin/tar: ../../../../../usr/local/lib/android/sdk/platforms/android-34/data/res/values-mcc310-mnc220-in: Cannot change mode to rwxr-xr-x: Operation not permitted
build	Cache Android SDK	2026-06-06T12:22:58.2871153Z /usr/bin/tar: ../../../../../usr/local/lib/android/sdk/platforms/android-34/data/res/values-lo-watch: Cannot utime: Operation not permitted
build	Cache Android SDK	2026-06-06T12:22:58.2872021Z /usr/bin/tar: ../../../../../usr/local/lib/android/sdk/platforms/android-34/data/res/values-lo-watch: Cannot change mode to rwxr-xr-x: Operation not permitted
build	Cache Android SDK	2026-06-06T12:22:58.2880144Z /usr/bin/tar: ../../../../../usr/local/lib/android/sdk/platforms/android-34/data/res/values-mcc310-mnc240-sw: Cannot utime: Operation not permitted
build	Cache Android SDK	2026-06-06T12:22:58.2881039Z /usr/bin/tar: ../../../../../usr/local/lib/android/sdk/platforms/android-34/data/res/values-mcc310-mnc240-sw: Cannot change mode to rwxr-xr-x: Operation not permitted
build	Cache Android SDK	2026-06-06T12:22:58.2883670Z /usr/bin/tar: ../../../../../usr/local/lib/android/sdk/platforms/android-34/data/res/values-mcc310-mnc200-vi: Cannot utime: Operation not permitted
build	Cache Android SDK	2026-06-06T12:22:58.2884672Z /usr/bin/tar: ../../../../../usr/local/lib/android/sdk/platforms/android-34/data/res/values-mcc310-mnc200-vi: Cannot change mode to rwxr-xr-x: Operation not permitted
build	Cache Android SDK	2026-06-06T12:22:58.2886971Z /usr/bin/tar: ../../../../../usr/local/lib/android/sdk/platforms/android-34/data/res/values-mcc310-mnc030-is: Cannot utime: Operation not permitted
build	Cache Android SDK	2026-06-06T12:22:58.2887616Z /usr/bin/tar: ../../../../../usr/local/lib/android/sdk/platforms/android-34/data/res/values-mcc310-mnc030-is: Cannot change mode to rwxr-xr-x: Operation not permitted
build	Cache Android SDK	2026-06-06T12:22:58.2889939Z /usr/bin/tar: ../../../../../usr/local/lib/android/sdk/platforms/android-34/data/res/values-mcc302-mnc720-it: Cannot utime: Operation not permitted
build	Cache Android SDK	2026-06-06T12:22:58.2890633Z /usr/bin/tar: ../../../../../usr/local/lib/android/sdk/platforms/android-34/data/res/values-mcc302-mnc720-it: Cannot change mode to rwxr-xr-x: Operation not permitted
build	Cache Android SDK	2026-06-06T12:22:58.2902754Z /usr/bin/tar: ../../../../../usr/local/lib/android/sdk/platforms/android-34/data/res/values-mcc310-mnc160-zh-rHK: Cannot utime: Operation not permitted
build	Cache Android SDK	2026-06-06T12:22:58.2904047Z /usr/bin/tar: ../../../../../usr/local/lib/android/sdk/platforms/android-34/data/res/values-mcc310-mnc160-zh-rHK: Cannot change mode to rwxr-xr-x: Operation not permitted
build	Cache Android SDK	2026-06-06T12:22:58.2904672Z /usr/bin/tar: ../../../../../usr/local/lib/android/sdk/platforms/android-34/data/res/values-mcc310-mnc410-vi: Cannot utime: Operation not permitted
build	Cache Android SDK	2026-06-06T12:22:58.2905409Z /usr/bin/tar: ../../../../../usr/local/lib/android/sdk/platforms/android-34/data/res/values-mcc310-mnc410-vi: Cannot change mode to rwxr-xr-x: Operation not permitted
build	Cache Android SDK	2026-06-06T12:22:58.2906844Z /usr/bin/tar: ../../../../../usr/local/lib/android/sdk/platforms/android-34/data/res/values-mcc311-mnc180-fa: Cannot utime: Operation not permitted
build	Cache Android SDK	2026-06-06T12:22:58.2907684Z /usr/bin/tar: ../../../../../usr/local/lib/android/sdk/platforms/android-34/data/res/values-mcc311-mnc180-fa: Cannot change mode to rwxr-xr-x: Operation not permitted
build	Cache Android SDK	2026-06-06T12:22:58.2909995Z /usr/bin/tar: ../../../../../usr/local/lib/android/sdk/platforms/android-34/data/res/values-mcc310-mnc150-th: Cannot utime: Operation not permitted
build	Cache Android SDK	2026-06-06T12:22:58.2910685Z /usr/bin/tar: ../../../../../usr/local/lib/android/sdk/platforms/android-34/data/res/values-mcc310-mnc150-th: Cannot change mode to rwxr-xr-x: Operation not permitted
build	Cache Android SDK	2026-06-06T12:22:58.2914538Z /usr/bin/tar: ../../../../../usr/local/lib/android/sdk/platforms/android-34/data/res/values-mcc001-mnc01-az: Cannot utime: Operation not permitted
build	Cache Android SDK	2026-06-06T12:22:58.2915360Z /usr/bin/tar: ../../../../../usr/local/lib/android/sdk/platforms/android-34/data/res/values-mcc001-mnc01-az: Cannot change mode to rwxr-xr-x: Operation not permitted
build	Cache Android SDK	2026-06-06T12:22:58.2918945Z /usr/bin/tar: ../../../../../usr/local/lib/android/sdk/platforms/android-34/data/res/values-mcc310-mnc660-lt: Cannot utime: Operation not permitted
build	Cache Android SDK	2026-06-06T12:22:58.2919841Z /usr/bin/tar: ../../../../../usr/local/lib/android/sdk/platforms/android-34/data/res/values-mcc310-mnc660-lt: Cannot change mode to rwxr-xr-x: Operation not permitted
build	Cache Android SDK	2026-06-06T12:22:58.2922429Z /usr/bin/tar: ../../../../../usr/local/lib/android/sdk/platforms/android-34/data/res/values-mcc310-mnc490-zh-rTW: Cannot utime: Operation not permitted
build	Cache Android SDK	2026-06-06T12:22:58.2923183Z /usr/bin/tar: ../../../../../usr/local/lib/android/sdk/platforms/android-34/data/res/values-mcc310-mnc490-zh-rTW: Cannot change mode to rwxr-xr-x: Operation not permitted
build	Cache Android SDK	2026-06-06T12:22:58.2926400Z /usr/bin/tar: ../../../../../usr/local/lib/android/sdk/platforms/android-34/data/res/values-mcc311-mnc180-hy: Cannot utime: Operation not permitted
build	Cache Android SDK	2026-06-06T12:22:58.2927731Z /usr/bin/tar: ../../../../../usr/local/lib/android/sdk/platforms/android-34/data/res/values-mcc311-mnc180-hy: Cannot change mode to rwxr-xr-x: Operation not permitted
build	Cache Android SDK	2026-06-06T12:22:58.2929781Z /usr/bin/tar: ../../../../../usr/local/lib/android/sdk/platforms/android-34/data/res/values-mcc310-mnc490-ja: Cannot utime: Operation not permitted
build	Cache Android SDK	2026-06-06T12:22:58.2930585Z /usr/bin/tar: ../../../../../usr/local/lib/android/sdk/platforms/android-34/data/res/values-mcc310-mnc490-ja: Cannot change mode to rwxr-xr-x: Operation not permitted
build	Cache Android SDK	2026-06-06T12:22:58.2934281Z /usr/bin/tar: ../../../../../usr/local/lib/android/sdk/platforms/android-34/data/res/values-mcc310-mnc560-te: Cannot utime: Operation not permitted
build	Cache Android SDK	2026-06-06T12:22:58.2939631Z /usr/bin/tar: ../../../../../usr/local/lib/android/sdk/platforms/android-34/data/res/values-mcc310-mnc560-te: Cannot change mode to rwxr-xr-x: Operation not permitted
build	Cache Android SDK	2026-06-06T12:22:58.2940396Z /usr/bin/tar: ../../../../../usr/local/lib/android/sdk/platforms/android-34/data/res/values-mcc310-mnc310-iw: Cannot utime: Operation not permitted
build	Cache Android SDK	2026-06-06T12:22:58.2940977Z /usr/bin/tar: ../../../../../usr/local/lib/android/sdk/platforms/android-34/data/res/values-mcc310-mnc310-iw: Cannot change mode to rwxr-xr-x: Operation not permitted
build	Cache Android SDK	2026-06-06T12:22:58.2942250Z /usr/bin/tar: ../../../../../usr/local/lib/android/sdk/platforms/android-34/data/res/values-sw-television: Cannot utime: Operation not permitted
build	Cache Android SDK	2026-06-06T12:22:58.2942987Z /usr/bin/tar: ../../../../../usr/local/lib/android/sdk/platforms/android-34/data/res/values-sw-television: Cannot change mode to rwxr-xr-x: Operation not permitted
build	Cache Android SDK	2026-06-06T12:22:58.2946755Z /usr/bin/tar: ../../../../../usr/local/lib/android/sdk/platforms/android-34/data/res/values-mcc310-mnc250-kk: Cannot utime: Operation not permitted
build	Cache Android SDK	2026-06-06T12:22:58.2947654Z /usr/bin/tar: ../../../../../usr/local/lib/android/sdk/platforms/android-34/data/res/values-mcc310-mnc250-kk: Cannot change mode to rwxr-xr-x: Operation not permitted
build	Cache Android SDK	2026-06-06T12:22:58.2949412Z /usr/bin/tar: ../../../../../usr/local/lib/android/sdk/platforms/android-34/data/res/values-mcc310-mnc030-th: Cannot utime: Operation not permitted
build	Cache Android SDK	2026-06-06T12:22:58.2950217Z /usr/bin/tar: ../../../../../usr/local/lib/android/sdk/platforms/android-34/data/res/values-mcc310-mnc030-th: Cannot change mode to rwxr-xr-x: Operation not permitted
build	Cache Android SDK	2026-06-06T12:22:58.2956033Z /usr/bin/tar: ../../../../../usr/local/lib/android/sdk/platforms/android-34/data/res/values-lt-rLT: Cannot utime: Operation not permitted
build	Cache Android SDK	2026-06-06T12:22:58.2956565Z /usr/bin/tar: ../../../../../usr/local/lib/android/sdk/platforms/android-34/data/res/values-lt-rLT: Cannot change mode to rwxr-xr-x: Operation not permitted
build	Cache Android SDK	2026-06-06T12:22:58.2959017Z /usr/bin/tar: ../../../../../usr/local/lib/android/sdk/platforms/android-34/data/res/values-mcc310-mnc800-ar: Cannot utime: Operation not permitted
build	Cache Android SDK	2026-06-06T12:22:58.2960065Z /usr/bin/tar: ../../../../../usr/local/lib/android/sdk/platforms/android-34/data/res/values-mcc310-mnc800-ar: Cannot change mode to rwxr-xr-x: Operation not permitted
build	Cache Android SDK	2026-06-06T12:22:58.2962993Z /usr/bin/tar: ../../../../../usr/local/lib/android/sdk/platforms/android-34/data/res/values-mcc310-mnc410-eu: Cannot utime: Operation not permitted
build	Cache Android SDK	2026-06-06T12:22:58.2964518Z /usr/bin/tar: ../../../../../usr/local/lib/android/sdk/platforms/android-34/data/res/values-mcc310-mnc410-eu: Cannot change mode to rwxr-xr-x: Operation not permitted
build	Cache Android SDK	2026-06-06T12:22:58.2970478Z /usr/bin/tar: ../../../../../usr/local/lib/android/sdk/platforms/android-34/data/res/values-mcc310-mnc560-hr: Cannot utime: Operation not permitted
build	Cache Android SDK	2026-06-06T12:22:58.2971585Z /usr/bin/tar: ../../../../../usr/local/lib/android/sdk/platforms/android-34/data/res/values-mcc310-mnc560-hr: Cannot change mode to rwxr-xr-x: Operation not permitted
build	Cache Android SDK	2026-06-06T12:22:58.2978064Z /usr/bin/tar: ../../../../../usr/local/lib/android/sdk/platforms/android-34/data/res/anim-ldrtl: Cannot utime: Operation not permitted
build	Cache Android SDK	2026-06-06T12:22:58.2978714Z /usr/bin/tar: ../../../../../usr/local/lib/android/sdk/platforms/android-34/data/res/anim-ldrtl: Cannot change mode to rwxr-xr-x: Operation not permitted
build	Cache Android SDK	2026-06-06T12:22:58.2984746Z /usr/bin/tar: ../../../../../usr/local/lib/android/sdk/platforms/android-34/data/res/values-mk: Cannot utime: Operation not permitted
build	Cache Android SDK	2026-06-06T12:22:58.2985296Z /usr/bin/tar: ../../../../../usr/local/lib/android/sdk/platforms/android-34/data/res/values-mk: Cannot change mode to rwxr-xr-x: Operation not permitted
build	Cache Android SDK	2026-06-06T12:22:58.2991361Z /usr/bin/tar: ../../../../../usr/local/lib/android/sdk/platforms/android-34/data/res/values-mcc310-mnc030-ja: Cannot utime: Operation not permitted
build	Cache Android SDK	2026-06-06T12:22:58.2991836Z /usr/bin/tar: ../../../../../usr/local/lib/android/sdk/platforms/android-34/data/res/values-mcc310-mnc030-ja: Cannot change mode to rwxr-xr-x: Operation not permitted
build	Cache Android SDK	2026-06-06T12:22:58.2995673Z /usr/bin/tar: ../../../../../usr/local/lib/android/sdk/platforms/android-34/data/res/values-mcc310-mnc160-ro: Cannot utime: Operation not permitted
build	Cache Android SDK	2026-06-06T12:22:58.2996715Z /usr/bin/tar: ../../../../../usr/local/lib/android/sdk/platforms/android-34/data/res/values-mcc310-mnc160-ro: Cannot change mode to rwxr-xr-x: Operation not permitted
build	Cache Android SDK	2026-06-06T12:22:58.3001728Z /usr/bin/tar: ../../../../../usr/local/lib/android/sdk/platforms/android-34/data/res/values-mcc310-mnc200-sk: Cannot utime: Operation not permitted
build	Cache Android SDK	2026-06-06T12:22:58.3002574Z /usr/bin/tar: ../../../../../usr/local/lib/android/sdk/platforms/android-34/data/res/values-mcc310-mnc200-sk: Cannot change mode to rwxr-xr-x: Operation not permitted
build	Cache Android SDK	2026-06-06T12:22:58.3006945Z /usr/bin/tar: ../../../../../usr/local/lib/android/sdk/platforms/android-34/data/res/values-mcc310-mnc660-sl: Cannot utime: Operation not permitted
build	Cache Android SDK	2026-06-06T12:22:58.3007936Z /usr/bin/tar: ../../../../../usr/local/lib/android/sdk/platforms/android-34/data/res/values-mcc310-mnc660-sl: Cannot change mode to rwxr-xr-x: Operation not permitted
build	Cache Android SDK	2026-06-06T12:22:58.3010562Z /usr/bin/tar: ../../../../../usr/local/lib/android/sdk/platforms/android-34/data/res/values-mcc310-mnc200-eu: Cannot utime: Operation not permitted
build	Cache Android SDK	2026-06-06T12:22:58.3011527Z /usr/bin/tar: ../../../../../usr/local/lib/android/sdk/platforms/android-34/data/res/values-mcc310-mnc200-eu: Cannot change mode to rwxr-xr-x: Operation not permitted
build	Cache Android SDK	2026-06-06T12:22:58.3014338Z /usr/bin/tar: ../../../../../usr/local/lib/android/sdk/platforms/android-34/data/res/values-mcc334-mnc020-sq: Cannot utime: Operation not permitted
build	Cache Android SDK	2026-06-06T12:22:58.3014867Z /usr/bin/tar: ../../../../../usr/local/lib/android/sdk/platforms/android-34/data/res/values-mcc334-mnc020-sq: Cannot change mode to rwxr-xr-x: Operation not permitted
build	Cache Android SDK	2026-06-06T12:22:58.3022095Z /usr/bin/tar: ../../../../../usr/local/lib/android/sdk/platforms/android-34/data/res/values-mcc310-mnc220-fa: Cannot utime: Operation not permitted
build	Cache Android SDK	2026-06-06T12:22:58.3022945Z /usr/bin/tar: ../../../../../usr/local/lib/android/sdk/platforms/android-34/data/res/values-mcc310-mnc220-fa: Cannot change mode to rwxr-xr-x: Operation not permitted
build	Cache Android SDK	2026-06-06T12:22:58.3025673Z /usr/bin/tar: ../../../../../usr/local/lib/android/sdk/platforms/android-34/data/res/values-mcc313-mnc100-ml: Cannot utime: Operation not permitted
build	Cache Android SDK	2026-06-06T12:22:58.3026498Z /usr/bin/tar: ../../../../../usr/local/lib/android/sdk/platforms/android-34/data/res/values-mcc313-mnc100-ml: Cannot change mode to rwxr-xr-x: Operation not permitted
build	Cache Android SDK	2026-06-06T12:22:58.3031217Z /usr/bin/tar: ../../../../../usr/local/lib/android/sdk/platforms/android-34/data/res/values-mcc310-mnc280-pa: Cannot utime: Operation not permitted
build	Cache Android SDK	2026-06-06T12:22:58.3032194Z /usr/bin/tar: ../../../../../usr/local/lib/android/sdk/platforms/android-34/data/res/values-mcc310-mnc280-pa: Cannot change mode to rwxr-xr-x: Operation not permitted
build	Cache Android SDK	2026-06-06T12:22:58.3039052Z /usr/bin/tar: ../../../../../usr/local/lib/android/sdk/platforms/android-34/data/res/values-mcc310-mnc160-sw: Cannot utime: Operation not permitted
build	Cache Android SDK	2026-06-06T12:22:58.3040017Z /usr/bin/tar: ../../../../../usr/local/lib/android/sdk/platforms/android-34/data/res/values-mcc310-mnc160-sw: Cannot change mode to rwxr-xr-x: Operation not permitted
build	Cache Android SDK	2026-06-06T12:22:58.3043692Z /usr/bin/tar: ../../../../../usr/local/lib/android/sdk/platforms/android-34/data/res/values-mcc310-mnc800-nl: Cannot utime: Operation not permitted
build	Cache Android SDK	2026-06-06T12:22:58.3044326Z /usr/bin/tar: ../../../../../usr/local/lib/android/sdk/platforms/android-34/data/res/values-mcc310-mnc800-nl: Cannot change mode to rwxr-xr-x: Operation not permitted
build	Cache Android SDK	2026-06-06T12:22:58.3051491Z /usr/bin/tar: ../../../../../usr/local/lib/android/sdk/platforms/android-34/data/res/raw-pl: Cannot utime: Operation not permitted
build	Cache Android SDK	2026-06-06T12:22:58.3052047Z /usr/bin/tar: ../../../../../usr/local/lib/android/sdk/platforms/android-34/data/res/raw-pl: Cannot change mode to rwxr-xr-x: Operation not permitted
build	Cache Android SDK	2026-06-06T12:22:58.3055609Z /usr/bin/tar: ../../../../../usr/local/lib/android/sdk/platforms/android-34/data/res/values-mcc310-mnc950-sw: Cannot utime: Operation not permitted
build	Cache Android SDK	2026-06-06T12:22:58.3056427Z /usr/bin/tar: ../../../../../usr/local/lib/android/sdk/platforms/android-34/data/res/values-mcc310-mnc950-sw: Cannot change mode to rwxr-xr-x: Operation not permitted
build	Cache Android SDK	2026-06-06T12:22:58.3068780Z /usr/bin/tar: ../../../../../usr/local/lib/android/sdk/platforms/android-34/data/res/values-mcc310-mnc170-en-rAU: Cannot utime: Operation not permitted
build	Cache Android SDK	2026-06-06T12:22:58.3069726Z /usr/bin/tar: ../../../../../usr/local/lib/android/sdk/platforms/android-34/data/res/values-mcc310-mnc170-en-rAU: Cannot change mode to rwxr-xr-x: Operation not permitted
build	Cache Android SDK	2026-06-06T12:22:58.3087652Z /usr/bin/tar: ../../../../../usr/local/lib/android/sdk/platforms/android-34/data/res/drawable-land-ldpi: Cannot utime: Operation not permitted
build	Cache Android SDK	2026-06-06T12:22:58.3088631Z /usr/bin/tar: ../../../../../usr/local/lib/android/sdk/platforms/android-34/data/res/drawable-land-ldpi: Cannot change mode to rwxr-xr-x: Operation not permitted
build	Cache Android SDK	2026-06-06T12:22:58.3099470Z /usr/bin/tar: ../../../../../usr/local/lib/android/sdk/platforms/android-34/data/res/values-mcc311-mnc180-cs: Cannot utime: Operation not permitted
build	Cache Android SDK	2026-06-06T12:22:58.3099989Z /usr/bin/tar: ../../../../../usr/local/lib/android/sdk/platforms/android-34/data/res/values-mcc311-mnc180-cs: Cannot change mode to rwxr-xr-x: Operation not permitted
build	Cache Android SDK	2026-06-06T12:22:58.3109669Z /usr/bin/tar: ../../../../../usr/local/lib/android/sdk/platforms/android-34/data/res/values-mcc312-mnc670-sk: Cannot utime: Operation not permitted
build	Cache Android SDK	2026-06-06T12:22:58.3111063Z /usr/bin/tar: ../../../../../usr/local/lib/android/sdk/platforms/android-34/data/res/values-mcc312-mnc670-sk: Cannot change mode to rwxr-xr-x: Operation not permitted
build	Cache Android SDK	2026-06-06T12:22:58.3114682Z /usr/bin/tar: ../../../../../usr/local/lib/android/sdk/platforms/android-34/data/res/values-mcc302-mnc720-pl: Cannot utime: Operation not permitted
build	Cache Android SDK	2026-06-06T12:22:58.3115224Z /usr/bin/tar: ../../../../../usr/local/lib/android/sdk/platforms/android-34/data/res/values-mcc302-mnc720-pl: Cannot change mode to rwxr-xr-x: Operation not permitted
build	Cache Android SDK	2026-06-06T12:22:58.3119047Z /usr/bin/tar: ../../../../../usr/local/lib/android/sdk/platforms/android-34/data/res/values-mcc310-mnc200-zh-rCN: Cannot utime: Operation not permitted
build	Cache Android SDK	2026-06-06T12:22:58.3119972Z /usr/bin/tar: ../../../../../usr/local/lib/android/sdk/platforms/android-34/data/res/values-mcc310-mnc200-zh-rCN: Cannot change mode to rwxr-xr-x: Operation not permitted
build	Cache Android SDK	2026-06-06T12:22:58.3129680Z /usr/bin/tar: ../../../../../usr/local/lib/android/sdk/platforms/android-34/data/res/values-mcc310-mnc220-sr: Cannot utime: Operation not permitted
build	Cache Android SDK	2026-06-06T12:22:58.3130825Z /usr/bin/tar: ../../../../../usr/local/lib/android/sdk/platforms/android-34/data/res/values-mcc310-mnc220-sr: Cannot change mode to rwxr-xr-x: Operation not permitted
build	Cache Android SDK	2026-06-06T12:22:58.3135518Z /usr/bin/tar: ../../../../../usr/local/lib/android/sdk/platforms/android-34/data/res/values-mcc310-mnc160-tr: Cannot utime: Operation not permitted
build	Cache Android SDK	2026-06-06T12:22:58.3136634Z /usr/bin/tar: ../../../../../usr/local/lib/android/sdk/platforms/android-34/data/res/values-mcc310-mnc160-tr: Cannot change mode to rwxr-xr-x: Operation not permitted
build	Cache Android SDK	2026-06-06T12:22:58.3139356Z /usr/bin/tar: ../../../../../usr/local/lib/android/sdk/platforms/android-34/data/res/values-pt-rPT-watch: Cannot utime: Operation not permitted
build	Cache Android SDK	2026-06-06T12:22:58.3140588Z /usr/bin/tar: ../../../../../usr/local/lib/android/sdk/platforms/android-34/data/res/values-pt-rPT-watch: Cannot change mode to rwxr-xr-x: Operation not permitted
build	Cache Android SDK	2026-06-06T12:22:58.3144219Z /usr/bin/tar: ../../../../../usr/local/lib/android/sdk/platforms/android-34/data/res/values-mcc310-mnc410-zh-rTW: Cannot utime: Operation not permitted
build	Cache Android SDK	2026-06-06T12:22:58.3145203Z /usr/bin/tar: ../../../../../usr/local/lib/android/sdk/platforms/android-34/data/res/values-mcc310-mnc410-zh-rTW: Cannot change mode to rwxr-xr-x: Operation not permitted
build	Cache Android SDK	2026-06-06T12:22:58.3157996Z /usr/bin/tar: ../../../../../usr/local/lib/android/sdk/platforms/android-34/data/res/values-mcc334-mnc020-sr: Cannot utime: Operation not permitted
build	Cache Android SDK	2026-06-06T12:22:58.3158684Z /usr/bin/tar: ../../../../../usr/local/lib/android/sdk/platforms/android-34/data/res/values-mcc334-mnc020-sr: Cannot change mode to rwxr-xr-x: Operation not permitted
build	Cache Android SDK	2026-06-06T12:22:58.3162691Z /usr/bin/tar: ../../../../../usr/local/lib/android/sdk/platforms/android-34/data/res/values-mcc310-mnc240-fi: Cannot utime: Operation not permitted
build	Cache Android SDK	2026-06-06T12:22:58.3163408Z /usr/bin/tar: ../../../../../usr/local/lib/android/sdk/platforms/android-34/data/res/values-mcc310-mnc240-fi: Cannot change mode to rwxr-xr-x: Operation not permitted
build	Cache Android SDK	2026-06-06T12:22:58.3166967Z /usr/bin/tar: ../../../../../usr/local/lib/android/sdk/platforms/android-34/data/res/values-mcc310-mnc560-sr: Cannot utime: Operation not permitted
build	Cache Android SDK	2026-06-06T12:22:58.3167778Z /usr/bin/tar: ../../../../../usr/local/lib/android/sdk/platforms/android-34/data/res/values-mcc310-mnc560-sr: Cannot change mode to rwxr-xr-x: Operation not permitted
build	Cache Android SDK	2026-06-06T12:22:58.3181034Z /usr/bin/tar: ../../../../../usr/local/lib/android/sdk/platforms/android-34/data/res/values-da-rDK: Cannot utime: Operation not permitted
build	Cache Android SDK	2026-06-06T12:22:58.3182025Z /usr/bin/tar: ../../../../../usr/local/lib/android/sdk/platforms/android-34/data/res/values-da-rDK: Cannot change mode to rwxr-xr-x: Operation not permitted
build	Cache Android SDK	2026-06-06T12:22:58.3182958Z /usr/bin/tar: ../../../../../usr/local/lib/android/sdk/platforms/android-34/data/res/values-mcc310-mnc410-gu: Cannot utime: Operation not permitted
build	Cache Android SDK	2026-06-06T12:22:58.3183855Z /usr/bin/tar: ../../../../../usr/local/lib/android/sdk/platforms/android-34/data/res/values-mcc310-mnc410-gu: Cannot change mode to rwxr-xr-x: Operation not permitted
build	Cache Android SDK	2026-06-06T12:22:58.3186171Z /usr/bin/tar: ../../../../../usr/local/lib/android/sdk/platforms/android-34/data/res/values-mcc334-mnc020-ka: Cannot utime: Operation not permitted
build	Cache Android SDK	﻿2026-06-06T12:22:58.3189859Z /usr/bin/tar: ../../../../../usr/local/lib/android/sdk/platforms/android-34/data/res/values-mcc334-mnc020-ka: Cannot change mode to rwxr-xr-x: Operation not permitted
build	Cache Android SDK	2026-06-06T12:22:58.3190484Z /usr/bin/tar: ../../../../../usr/local/lib/android/sdk/platforms/android-34/data/res/values-mcc310-mnc560-nb: Cannot utime: Operation not permitted
build	Cache Android SDK	2026-06-06T12:22:58.3191140Z /usr/bin/tar: ../../../../../usr/local/lib/android/sdk/platforms/android-34/data/res/values-mcc310-mnc560-nb: Cannot change mode to rwxr-xr-x: Operation not permitted
build	Cache Android SDK	2026-06-06T12:22:58.3203822Z /usr/bin/tar: ../../../../../usr/local/lib/android/sdk/platforms/android-34/data/res/values-mcc310-mnc240-en-rGB: Cannot utime: Operation not permitted
build	Cache Android SDK	2026-06-06T12:22:58.3204523Z /usr/bin/tar: ../../../../../usr/local/lib/android/sdk/platforms/android-34/data/res/values-mcc310-mnc240-en-rGB: Cannot change mode to rwxr-xr-x: Operation not permitted
build	Cache Android SDK	2026-06-06T12:22:58.3208671Z /usr/bin/tar: ../../../../../usr/local/lib/android/sdk/platforms/android-34/data/res/values-mcc310-mnc380-zh-rTW: Cannot utime: Operation not permitted
build	Cache Android SDK	2026-06-06T12:22:58.3209323Z /usr/bin/tar: ../../../../../usr/local/lib/android/sdk/platforms/android-34/data/res/values-mcc310-mnc380-zh-rTW: Cannot change mode to rwxr-xr-x: Operation not permitted
build	Cache Android SDK	2026-06-06T12:22:58.3224586Z /usr/bin/tar: ../../../../../usr/local/lib/android/sdk/platforms/android-34/data/res/values-mcc310-mnc210-sr: Cannot utime: Operation not permitted
build	Cache Android SDK	2026-06-06T12:22:58.3225254Z /usr/bin/tar: ../../../../../usr/local/lib/android/sdk/platforms/android-34/data/res/values-mcc310-mnc210-sr: Cannot change mode to rwxr-xr-x: Operation not permitted
build	Cache Android SDK	2026-06-06T12:22:58.3225771Z /usr/bin/tar: ../../../../../usr/local/lib/android/sdk/platforms/android-34/data/res/values-mcc310-mnc380-as: Cannot utime: Operation not permitted
build	Cache Android SDK	2026-06-06T12:22:58.3226220Z /usr/bin/tar: ../../../../../usr/local/lib/android/sdk/platforms/android-34/data/res/values-mcc310-mnc380-as: Cannot change mode to rwxr-xr-x: Operation not permitted
build	Cache Android SDK	2026-06-06T12:22:58.3226613Z /usr/bin/tar: ../../../../../usr/local/lib/android/sdk/platforms/android-34/data/res/values-mcc312-mnc670-nb: Cannot utime: Operation not permitted
build	Cache Android SDK	2026-06-06T12:22:58.3227233Z /usr/bin/tar: ../../../../../usr/local/lib/android/sdk/platforms/android-34/data/res/values-mcc312-mnc670-nb: Cannot change mode to rwxr-xr-x: Operation not permitted
build	Cache Android SDK	2026-06-06T12:22:58.3238421Z /usr/bin/tar: ../../../../../usr/local/lib/android/sdk/platforms/android-34/data/res/values-mcc302-mnc370-bg: Cannot utime: Operation not permitted
build	Cache Android SDK	2026-06-06T12:22:58.3239211Z /usr/bin/tar: ../../../../../usr/local/lib/android/sdk/platforms/android-34/data/res/values-mcc302-mnc370-bg: Cannot change mode to rwxr-xr-x: Operation not permitted
build	Cache Android SDK	2026-06-06T12:22:58.3239802Z /usr/bin/tar: ../../../../../usr/local/lib/android/sdk/platforms/android-34/data/res/values-mcc310-mnc200-it: Cannot utime: Operation not permitted
build	Cache Android SDK	2026-06-06T12:22:58.3240505Z /usr/bin/tar: ../../../../../usr/local/lib/android/sdk/platforms/android-34/data/res/values-mcc310-mnc200-it: Cannot change mode to rwxr-xr-x: Operation not permitted
build	Cache Android SDK	2026-06-06T12:22:58.3241170Z /usr/bin/tar: ../../../../../usr/local/lib/android/sdk/platforms/android-34/data/res/values-w211dp: Cannot utime: Operation not permitted
build	Cache Android SDK	2026-06-06T12:22:58.3241940Z /usr/bin/tar: ../../../../../usr/local/lib/android/sdk/platforms/android-34/data/res/values-w211dp: Cannot change mode to rwxr-xr-x: Operation not permitted
build	Cache Android SDK	2026-06-06T12:22:58.3242644Z /usr/bin/tar: ../../../../../usr/local/lib/android/sdk/platforms/android-34/data/res/values-sk-watch: Cannot utime: Operation not permitted
build	Cache Android SDK	2026-06-06T12:22:58.3243423Z /usr/bin/tar: ../../../../../usr/local/lib/android/sdk/platforms/android-34/data/res/values-sk-watch: Cannot change mode to rwxr-xr-x: Operation not permitted
build	Cache Android SDK	2026-06-06T12:22:58.3248320Z /usr/bin/tar: ../../../../../usr/local/lib/android/sdk/platforms/android-34/data/res/values-mcc310-mnc030-te: Cannot utime: Operation not permitted
build	Cache Android SDK	2026-06-06T12:22:58.3249297Z /usr/bin/tar: ../../../../../usr/local/lib/android/sdk/platforms/android-34/data/res/values-mcc310-mnc030-te: Cannot change mode to rwxr-xr-x: Operation not permitted
build	Cache Android SDK	2026-06-06T12:22:58.3250361Z /usr/bin/tar: ../../../../../usr/local/lib/android/sdk/platforms/android-34/data/res/values-mcc310-mnc250-es: Cannot utime: Operation not permitted
build	Cache Android SDK	2026-06-06T12:22:58.3251271Z /usr/bin/tar: ../../../../../usr/local/lib/android/sdk/platforms/android-34/data/res/values-mcc310-mnc250-es: Cannot change mode to rwxr-xr-x: Operation not permitted
build	Cache Android SDK	2026-06-06T12:22:58.3253554Z /usr/bin/tar: ../../../../../usr/local/lib/android/sdk/platforms/android-34/data/res/values-th-television: Cannot utime: Operation not permitted
build	Cache Android SDK	2026-06-06T12:22:58.3254473Z /usr/bin/tar: ../../../../../usr/local/lib/android/sdk/platforms/android-34/data/res/values-th-television: Cannot change mode to rwxr-xr-x: Operation not permitted
build	Cache Android SDK	2026-06-06T12:22:58.3257144Z /usr/bin/tar: ../../../../../usr/local/lib/android/sdk/platforms/android-34/data/res/values-mcc310-mnc160-es: Cannot utime: Operation not permitted
build	Cache Android SDK	2026-06-06T12:22:58.3258000Z /usr/bin/tar: ../../../../../usr/local/lib/android/sdk/platforms/android-34/data/res/values-mcc310-mnc160-es: Cannot change mode to rwxr-xr-x: Operation not permitted
build	Cache Android SDK	2026-06-06T12:22:58.3261769Z /usr/bin/tar: ../../../../../usr/local/lib/android/sdk/platforms/android-34/data/res/values-ko-rKR: Cannot utime: Operation not permitted
build	Cache Android SDK	2026-06-06T12:22:58.3263513Z /usr/bin/tar: ../../../../../usr/local/lib/android/sdk/platforms/android-34/data/res/values-ko-rKR: Cannot change mode to rwxr-xr-x: Operation not permitted
build	Cache Android SDK	2026-06-06T12:22:58.3277678Z /usr/bin/tar: ../../../../../usr/local/lib/android/sdk/platforms/android-34/data/res/values-mcc310-mnc310-sl: Cannot utime: Operation not permitted
build	Cache Android SDK	2026-06-06T12:22:58.3279589Z /usr/bin/tar: ../../../../../usr/local/lib/android/sdk/platforms/android-34/data/res/values-mcc310-mnc310-sl: Cannot change mode to rwxr-xr-x: Operation not permitted
build	Cache Android SDK	2026-06-06T12:22:58.3281403Z /usr/bin/tar: ../../../../../usr/local/lib/android/sdk/platforms/android-34/data/res/values-mcc001-mnc01-zh-rCN: Cannot utime: Operation not permitted
build	Cache Android SDK	2026-06-06T12:22:58.3282836Z /usr/bin/tar: ../../../../../usr/local/lib/android/sdk/platforms/android-34/data/res/values-mcc001-mnc01-zh-rCN: Cannot change mode to rwxr-xr-x: Operation not permitted
build	Cache Android SDK	2026-06-06T12:22:58.3284210Z /usr/bin/tar: ../../../../../usr/local/lib/android/sdk/platforms/android-34/data/res/values-mcc310-mnc220: Cannot utime: Operation not permitted
build	Cache Android SDK	2026-06-06T12:22:58.3285449Z /usr/bin/tar: ../../../../../usr/local/lib/android/sdk/platforms/android-34/data/res/values-mcc310-mnc220: Cannot change mode to rwxr-xr-x: Operation not permitted
build	Cache Android SDK	2026-06-06T12:22:58.3286962Z /usr/bin/tar: ../../../../../usr/local/lib/android/sdk/platforms/android-34/data/res/values-mcc310-mnc220-hy: Cannot utime: Operation not permitted
build	Cache Android SDK	2026-06-06T12:22:58.3288565Z /usr/bin/tar: ../../../../../usr/local/lib/android/sdk/platforms/android-34/data/res/values-mcc310-mnc220-hy: Cannot change mode to rwxr-xr-x: Operation not permitted
build	Cache Android SDK	2026-06-06T12:22:58.3290251Z /usr/bin/tar: ../../../../../usr/local/lib/android/sdk/platforms/android-34/data/res/values-zu-watch: Cannot utime: Operation not permitted
build	Cache Android SDK	2026-06-06T12:22:58.3291630Z /usr/bin/tar: ../../../../../usr/local/lib/android/sdk/platforms/android-34/data/res/values-zu-watch: Cannot change mode to rwxr-xr-x: Operation not permitted
build	Cache Android SDK	2026-06-06T12:22:58.3293515Z /usr/bin/tar: ../../../../../usr/local/lib/android/sdk/platforms/android-34/data/res/values-mcc310-mnc560-b+sr+Latn: Cannot utime: Operation not permitted
build	Cache Android SDK	2026-06-06T12:22:58.3294492Z /usr/bin/tar: ../../../../../usr/local/lib/android/sdk/platforms/android-34/data/res/values-mcc310-mnc560-b+sr+Latn: Cannot change mode to rwxr-xr-x: Operation not permitted
build	Cache Android SDK	2026-06-06T12:22:58.3295422Z /usr/bin/tar: ../../../../../usr/local/lib/android/sdk/platforms/android-34/data/res/values-mcc310-mnc200-lo: Cannot utime: Operation not permitted
build	Cache Android SDK	2026-06-06T12:22:58.3296333Z /usr/bin/tar: ../../../../../usr/local/lib/android/sdk/platforms/android-34/data/res/values-mcc310-mnc200-lo: Cannot change mode to rwxr-xr-x: Operation not permitted
build	Cache Android SDK	2026-06-06T12:22:58.3299357Z /usr/bin/tar: ../../../../../usr/local/lib/android/sdk/platforms/android-34/data/res/values-mcc310-mnc150-it: Cannot utime: Operation not permitted
build	Cache Android SDK	2026-06-06T12:22:58.3300839Z /usr/bin/tar: ../../../../../usr/local/lib/android/sdk/platforms/android-34/data/res/values-mcc310-mnc150-it: Cannot change mode to rwxr-xr-x: Operation not permitted
build	Cache Android SDK	2026-06-06T12:22:58.3303654Z /usr/bin/tar: ../../../../../usr/local/lib/android/sdk/platforms/android-34/data/res/values-mcc310-mnc230-bs: Cannot utime: Operation not permitted
build	Cache Android SDK	2026-06-06T12:22:58.3306122Z /usr/bin/tar: ../../../../../usr/local/lib/android/sdk/platforms/android-34/data/res/values-mcc310-mnc230-bs: Cannot change mode to rwxr-xr-x: Operation not permitted
build	Cache Android SDK	2026-06-06T12:22:58.3311693Z /usr/bin/tar: ../../../../../usr/local/lib/android/sdk/platforms/android-34/data/res/values-mcc313-mnc100-az: Cannot utime: Operation not permitted
build	Cache Android SDK	2026-06-06T12:22:58.3313097Z /usr/bin/tar: ../../../../../usr/local/lib/android/sdk/platforms/android-34/data/res/values-mcc313-mnc100-az: Cannot change mode to rwxr-xr-x: Operation not permitted
build	Cache Android SDK	2026-06-06T12:22:58.3316108Z /usr/bin/tar: ../../../../../usr/local/lib/android/sdk/platforms/android-34/data/res/values-mcc310-mnc250-sl: Cannot utime: Operation not permitted
build	Cache Android SDK	2026-06-06T12:22:58.3317831Z /usr/bin/tar: ../../../../../usr/local/lib/android/sdk/platforms/android-34/data/res/values-mcc310-mnc250-sl: Cannot change mode to rwxr-xr-x: Operation not permitted
build	Cache Android SDK	2026-06-06T12:22:58.3318972Z /usr/bin/tar: ../../../../../usr/local/lib/android/sdk/platforms/android-34/data/res/values-mcc311-mnc180-ms: Cannot utime: Operation not permitted
build	Cache Android SDK	2026-06-06T12:22:58.3319888Z /usr/bin/tar: ../../../../../usr/local/lib/android/sdk/platforms/android-34/data/res/values-mcc311-mnc180-ms: Cannot change mode to rwxr-xr-x: Operation not permitted
build	Cache Android SDK	2026-06-06T12:22:58.3322867Z /usr/bin/tar: ../../../../../usr/local/lib/android/sdk/platforms/android-34/data/res/values-mcc310-mnc220-th: Cannot utime: Operation not permitted
build	Cache Android SDK	2026-06-06T12:22:58.3323802Z /usr/bin/tar: ../../../../../usr/local/lib/android/sdk/platforms/android-34/data/res/values-mcc310-mnc220-th: Cannot change mode to rwxr-xr-x: Operation not permitted
build	Cache Android SDK	2026-06-06T12:22:58.3326420Z /usr/bin/tar: ../../../../../usr/local/lib/android/sdk/platforms/android-34/data/res/values-mcc334-mnc020-ta: Cannot utime: Operation not permitted
build	Cache Android SDK	2026-06-06T12:22:58.3327749Z /usr/bin/tar: ../../../../../usr/local/lib/android/sdk/platforms/android-34/data/res/values-mcc334-mnc020-ta: Cannot change mode to rwxr-xr-x: Operation not permitted
build	Cache Android SDK	2026-06-06T12:22:58.3337113Z /usr/bin/tar: ../../../../../usr/local/lib/android/sdk/platforms/android-34/data/res/values-mcc302-mnc370-fr-rCA: Cannot utime: Operation not permitted
build	Cache Android SDK	2026-06-06T12:22:58.3339846Z /usr/bin/tar: ../../../../../usr/local/lib/android/sdk/platforms/android-34/data/res/values-mcc302-mnc370-fr-rCA: Cannot change mode to rwxr-xr-x: Operation not permitted
build	Cache Android SDK	2026-06-06T12:22:58.3341895Z /usr/bin/tar: ../../../../../usr/local/lib/android/sdk/platforms/android-34/data/res/values-mcc310-mnc660-in: Cannot utime: Operation not permitted
build	Cache Android SDK	2026-06-06T12:22:58.3343690Z /usr/bin/tar: ../../../../../usr/local/lib/android/sdk/platforms/android-34/data/res/values-mcc310-mnc660-in: Cannot change mode to rwxr-xr-x: Operation not permitted
build	Cache Android SDK	2026-06-06T12:22:58.3345423Z /usr/bin/tar: ../../../../../usr/local/lib/android/sdk/platforms/android-34/data/res/values-mcc001-mnc01-bs: Cannot utime: Operation not permitted
build	Cache Android SDK	2026-06-06T12:22:58.3346354Z /usr/bin/tar: ../../../../../usr/local/lib/android/sdk/platforms/android-34/data/res/values-mcc001-mnc01-bs: Cannot change mode to rwxr-xr-x: Operation not permitted
build	Cache Android SDK	2026-06-06T12:22:58.3349935Z /usr/bin/tar: ../../../../../usr/local/lib/android/sdk/platforms/android-34/data/res/values-mcc310-mnc280-de: Cannot utime: Operation not permitted
build	Cache Android SDK	2026-06-06T12:22:58.3352392Z /usr/bin/tar: ../../../../../usr/local/lib/android/sdk/platforms/android-34/data/res/values-mcc310-mnc280-de: Cannot change mode to rwxr-xr-x: Operation not permitted
build	Cache Android SDK	2026-06-06T12:22:58.3358979Z /usr/bin/tar: ../../../../../usr/local/lib/android/sdk/platforms/android-34/data/res/values-mcc416-mnc77: Cannot utime: Operation not permitted
build	Cache Android SDK	2026-06-06T12:22:58.3360645Z /usr/bin/tar: ../../../../../usr/local/lib/android/sdk/platforms/android-34/data/res/values-mcc416-mnc77: Cannot change mode to rwxr-xr-x: Operation not permitted
build	Cache Android SDK	2026-06-06T12:22:58.3362320Z /usr/bin/tar: ../../../../../usr/local/lib/android/sdk/platforms/android-34/data/res/values-pl-television: Cannot utime: Operation not permitted
build	Cache Android SDK	2026-06-06T12:22:58.3364163Z /usr/bin/tar: ../../../../../usr/local/lib/android/sdk/platforms/android-34/data/res/values-pl-television: Cannot change mode to rwxr-xr-x: Operation not permitted
build	Cache Android SDK	2026-06-06T12:22:58.3365810Z /usr/bin/tar: ../../../../../usr/local/lib/android/sdk/platforms/android-34/data/res/values-h720dp: Cannot utime: Operation not permitted
build	Cache Android SDK	2026-06-06T12:22:58.3367617Z /usr/bin/tar: ../../../../../usr/local/lib/android/sdk/platforms/android-34/data/res/values-h720dp: Cannot change mode to rwxr-xr-x: Operation not permitted
build	Cache Android SDK	2026-06-06T12:22:58.3373434Z /usr/bin/tar: ../../../../../usr/local/lib/android/sdk/platforms/android-34/data/res/values-mcc310-mnc310-b+sr+Latn: Cannot utime: Operation not permitted
build	Cache Android SDK	2026-06-06T12:22:58.3374934Z /usr/bin/tar: ../../../../../usr/local/lib/android/sdk/platforms/android-34/data/res/values-mcc310-mnc310-b+sr+Latn: Cannot change mode to rwxr-xr-x: Operation not permitted
build	Cache Android SDK	2026-06-06T12:22:58.3378164Z /usr/bin/tar: ../../../../../usr/local/lib/android/sdk/platforms/android-34/data/res/values-mcc001-mnc01-eu: Cannot utime: Operation not permitted
build	Cache Android SDK	2026-06-06T12:22:58.3379541Z /usr/bin/tar: ../../../../../usr/local/lib/android/sdk/platforms/android-34/data/res/values-mcc001-mnc01-eu: Cannot change mode to rwxr-xr-x: Operation not permitted
build	Cache Android SDK	2026-06-06T12:22:58.3382300Z /usr/bin/tar: ../../../../../usr/local/lib/android/sdk/platforms/android-34/data/res/values-mcc310-mnc170-mn: Cannot utime: Operation not permitted
build	Cache Android SDK	2026-06-06T12:22:58.3383730Z /usr/bin/tar: ../../../../../usr/local/lib/android/sdk/platforms/android-34/data/res/values-mcc310-mnc170-mn: Cannot change mode to rwxr-xr-x: Operation not permitted
build	Cache Android SDK	2026-06-06T12:22:58.3387039Z /usr/bin/tar: ../../../../../usr/local/lib/android/sdk/platforms/android-34/data/res/values-mcc234: Cannot utime: Operation not permitted
build	Cache Android SDK	2026-06-06T12:22:58.3388524Z /usr/bin/tar: ../../../../../usr/local/lib/android/sdk/platforms/android-34/data/res/values-mcc234: Cannot change mode to rwxr-xr-x: Operation not permitted
build	Cache Android SDK	2026-06-06T12:22:58.3416469Z /usr/bin/tar: ../../../../../usr/local/lib/android/sdk/platforms/android-34/data/res/values-th: Cannot utime: Operation not permitted
build	Cache Android SDK	2026-06-06T12:22:58.3417765Z /usr/bin/tar: ../../../../../usr/local/lib/android/sdk/platforms/android-34/data/res/values-th: Cannot change mode to rwxr-xr-x: Operation not permitted
build	Cache Android SDK	2026-06-06T12:22:58.3419262Z /usr/bin/tar: ../../../../../usr/local/lib/android/sdk/platforms/android-34/data/res/values-mcc310-mnc030-mr: Cannot utime: Operation not permitted
build	Cache Android SDK	2026-06-06T12:22:58.3420878Z /usr/bin/tar: ../../../../../usr/local/lib/android/sdk/platforms/android-34/data/res/values-mcc310-mnc030-mr: Cannot change mode to rwxr-xr-x: Operation not permitted
build	Cache Android SDK	2026-06-06T12:22:58.3422479Z /usr/bin/tar: ../../../../../usr/local/lib/android/sdk/platforms/android-34/data/res/values-mcc310-mnc310-ka: Cannot utime: Operation not permitted
build	Cache Android SDK	2026-06-06T12:22:58.3424082Z /usr/bin/tar: ../../../../../usr/local/lib/android/sdk/platforms/android-34/data/res/values-mcc310-mnc310-ka: Cannot change mode to rwxr-xr-x: Operation not permitted
build	Cache Android SDK	2026-06-06T12:22:58.3428016Z /usr/bin/tar: ../../../../../usr/local/lib/android/sdk/platforms/android-34/data/res/values-mcc310-mnc240-tl: Cannot utime: Operation not permitted
build	Cache Android SDK	2026-06-06T12:22:58.3429076Z /usr/bin/tar: ../../../../../usr/local/lib/android/sdk/platforms/android-34/data/res/values-mcc310-mnc240-tl: Cannot change mode to rwxr-xr-x: Operation not permitted
build	Cache Android SDK	2026-06-06T12:22:58.3435399Z /usr/bin/tar: ../../../../../usr/local/lib/android/sdk/platforms/android-34/data/res/values-el-television: Cannot utime: Operation not permitted
build	Cache Android SDK	2026-06-06T12:22:58.3438614Z /usr/bin/tar: ../../../../../usr/local/lib/android/sdk/platforms/android-34/data/res/values-el-television: Cannot change mode to rwxr-xr-x: Operation not permitted
build	Cache Android SDK	2026-06-06T12:22:58.3440457Z /usr/bin/tar: ../../../../../usr/local/lib/android/sdk/platforms/android-34/data/res/values-mcc312-mnc670-nl: Cannot utime: Operation not permitted
build	Cache Android SDK	2026-06-06T12:22:58.3444238Z /usr/bin/tar: ../../../../../usr/local/lib/android/sdk/platforms/android-34/data/res/values-mcc312-mnc670-nl: Cannot change mode to rwxr-xr-x: Operation not permitted
build	Cache Android SDK	2026-06-06T12:22:58.3446064Z /usr/bin/tar: ../../../../../usr/local/lib/android/sdk/platforms/android-34/data/res/values-mcc310-mnc310-hy: Cannot utime: Operation not permitted
build	Cache Android SDK	2026-06-06T12:22:58.3447677Z /usr/bin/tar: ../../../../../usr/local/lib/android/sdk/platforms/android-34/data/res/values-mcc310-mnc310-hy: Cannot change mode to rwxr-xr-x: Operation not permitted
build	Cache Android SDK	2026-06-06T12:22:58.3450630Z /usr/bin/tar: ../../../../../usr/local/lib/android/sdk/platforms/android-34/data/res/values-mcc310-mnc250-ur: Cannot utime: Operation not permitted
build	Cache Android SDK	2026-06-06T12:22:58.3451899Z /usr/bin/tar: ../../../../../usr/local/lib/android/sdk/platforms/android-34/data/res/values-mcc310-mnc250-ur: Cannot change mode to rwxr-xr-x: Operation not permitted
build	Cache Android SDK	2026-06-06T12:22:58.3457188Z /usr/bin/tar: ../../../../../usr/local/lib/android/sdk/platforms/android-34/data/res/values-mcc310-mnc490-si: Cannot utime: Operation not permitted
build	Cache Android SDK	2026-06-06T12:22:58.3459138Z /usr/bin/tar: ../../../../../usr/local/lib/android/sdk/platforms/android-34/data/res/values-mcc310-mnc490-si: Cannot change mode to rwxr-xr-x: Operation not permitted
build	Cache Android SDK	2026-06-06T12:22:58.3460365Z /usr/bin/tar: ../../../../../usr/local/lib/android/sdk/platforms/android-34/data/res/values-mcc313-mnc100-am: Cannot utime: Operation not permitted
build	Cache Android SDK	2026-06-06T12:22:58.3461412Z /usr/bin/tar: ../../../../../usr/local/lib/android/sdk/platforms/android-34/data/res/values-mcc313-mnc100-am: Cannot change mode to rwxr-xr-x: Operation not permitted
build	Cache Android SDK	2026-06-06T12:22:58.3463912Z /usr/bin/tar: ../../../../../usr/local/lib/android/sdk/platforms/android-34/data/res/values-mcc310-mnc660-gu: Cannot utime: Operation not permitted
build	Cache Android SDK	2026-06-06T12:22:58.3465369Z /usr/bin/tar: ../../../../../usr/local/lib/android/sdk/platforms/android-34/data/res/values-mcc310-mnc660-gu: Cannot change mode to rwxr-xr-x: Operation not permitted
build	Cache Android SDK	2026-06-06T12:22:58.3469882Z /usr/bin/tar: ../../../../../usr/local/lib/android/sdk/platforms/android-34/data/res/values-mcc310-mnc410-fr-rCA: Cannot utime: Operation not permitted
build	Cache Android SDK	2026-06-06T12:22:58.3471748Z /usr/bin/tar: ../../../../../usr/local/lib/android/sdk/platforms/android-34/data/res/values-mcc310-mnc410-fr-rCA: Cannot change mode to rwxr-xr-x: Operation not permitted
build	Cache Android SDK	2026-06-06T12:22:58.3473873Z /usr/bin/tar: ../../../../../usr/local/lib/android/sdk/platforms/android-34/data/res/values-mcc310-mnc220-te: Cannot utime: Operation not permitted
build	Cache Android SDK	2026-06-06T12:22:58.3477724Z /usr/bin/tar: ../../../../../usr/local/lib/android/sdk/platforms/android-34/data/res/values-mcc310-mnc220-te: Cannot change mode to rwxr-xr-x: Operation not permitted
build	Cache Android SDK	2026-06-06T12:22:58.3480266Z /usr/bin/tar: ../../../../../usr/local/lib/android/sdk/platforms/android-34/data/res/values-af-watch: Cannot utime: Operation not permitted
build	Cache Android SDK	2026-06-06T12:22:58.3483928Z /usr/bin/tar: ../../../../../usr/local/lib/android/sdk/platforms/android-34/data/res/values-af-watch: Cannot change mode to rwxr-xr-x: Operation not permitted
build	Cache Android SDK	2026-06-06T12:22:58.3486098Z /usr/bin/tar: ../../../../../usr/local/lib/android/sdk/platforms/android-34/data/res/values-mcc310-mnc410-el: Cannot utime: Operation not permitted
build	Cache Android SDK	2026-06-06T12:22:58.3488495Z /usr/bin/tar: ../../../../../usr/local/lib/android/sdk/platforms/android-34/data/res/values-mcc310-mnc410-el: Cannot change mode to rwxr-xr-x: Operation not permitted
build	Cache Android SDK	2026-06-06T12:22:58.3490346Z /usr/bin/tar: ../../../../../usr/local/lib/android/sdk/platforms/android-34/data/res/values-mcc310-mnc250-en-rAU: Cannot utime: Operation not permitted
build	Cache Android SDK	2026-06-06T12:22:58.3492592Z /usr/bin/tar: ../../../../../usr/local/lib/android/sdk/platforms/android-34/data/res/values-mcc310-mnc250-en-rAU: Cannot change mode to rwxr-xr-x: Operation not permitted
build	Cache Android SDK	2026-06-06T12:22:58.3494334Z /usr/bin/tar: ../../../../../usr/local/lib/android/sdk/platforms/android-34/data/res/values-mcc312-mnc670-mr: Cannot utime: Operation not permitted
build	Cache Android SDK	2026-06-06T12:22:58.3496796Z /usr/bin/tar: ../../../../../usr/local/lib/android/sdk/platforms/android-34/data/res/values-mcc312-mnc670-mr: Cannot change mode to rwxr-xr-x: Operation not permitted
build	Cache Android SDK	2026-06-06T12:22:58.3498967Z /usr/bin/tar: ../../../../../usr/local/lib/android/sdk/platforms/android-34/data/res/values-mcc310-mnc660-sk: Cannot utime: Operation not permitted
build	Cache Android SDK	2026-06-06T12:22:58.3501240Z /usr/bin/tar: ../../../../../usr/local/lib/android/sdk/platforms/android-34/data/res/values-mcc310-mnc660-sk: Cannot change mode to rwxr-xr-x: Operation not permitted
build	Cache Android SDK	2026-06-06T12:22:58.3503518Z /usr/bin/tar: ../../../../../usr/local/lib/android/sdk/platforms/android-34/data/res/values-mcc310-mnc800-pt-rBR: Cannot utime: Operation not permitted
build	Cache Android SDK	2026-06-06T12:22:58.3505712Z /usr/bin/tar: ../../../../../usr/local/lib/android/sdk/platforms/android-34/data/res/values-mcc310-mnc800-pt-rBR: Cannot change mode to rwxr-xr-x: Operation not permitted
build	Cache Android SDK	2026-06-06T12:22:58.3507787Z /usr/bin/tar: ../../../../../usr/local/lib/android/sdk/platforms/android-34/data/res/values-mcc310-mnc410-uz: Cannot utime: Operation not permitted
build	Cache Android SDK	2026-06-06T12:22:58.3509746Z /usr/bin/tar: ../../../../../usr/local/lib/android/sdk/platforms/android-34/data/res/values-mcc310-mnc410-uz: Cannot change mode to rwxr-xr-x: Operation not permitted
build	Cache Android SDK	2026-06-06T12:22:58.3512227Z /usr/bin/tar: ../../../../../usr/local/lib/android/sdk/platforms/android-34/data/res/values-mcc310-mnc230-ms: Cannot utime: Operation not permitted
build	Cache Android SDK	2026-06-06T12:22:58.3514163Z /usr/bin/tar: ../../../../../usr/local/lib/android/sdk/platforms/android-34/data/res/values-mcc310-mnc230-ms: Cannot change mode to rwxr-xr-x: Operation not permitted
build	Cache Android SDK	2026-06-06T12:22:58.3516067Z /usr/bin/tar: ../../../../../usr/local/lib/android/sdk/platforms/android-34/data/res/values-mcc302-mnc720-vi: Cannot utime: Operation not permitted
build	Cache Android SDK	2026-06-06T12:22:58.3518819Z /usr/bin/tar: ../../../../../usr/local/lib/android/sdk/platforms/android-34/data/res/values-mcc302-mnc720-vi: Cannot change mode to rwxr-xr-x: Operation not permitted
build	Cache Android SDK	2026-06-06T12:22:58.3521021Z /usr/bin/tar: ../../../../../usr/local/lib/android/sdk/platforms/android-34/data/res/values-tr-rTR: Cannot utime: Operation not permitted
build	Cache Android SDK	2026-06-06T12:22:58.3522760Z /usr/bin/tar: ../../../../../usr/local/lib/android/sdk/platforms/android-34/data/res/values-tr-rTR: Cannot change mode to rwxr-xr-x: Operation not permitted
build	Cache Android SDK	2026-06-06T12:22:58.3535532Z /usr/bin/tar: ../../../../../usr/local/lib/android/sdk/platforms/android-34/data/res/values-en-rXC: Cannot utime: Operation not permitted
build	Cache Android SDK	2026-06-06T12:22:58.3537661Z /usr/bin/tar: ../../../../../usr/local/lib/android/sdk/platforms/android-34/data/res/values-en-rXC: Cannot change mode to rwxr-xr-x: Operation not permitted
build	Cache Android SDK	2026-06-06T12:22:58.3543928Z /usr/bin/tar: ../../../../../usr/local/lib/android/sdk/platforms/android-34/data/res/values-mcc310-mnc560-pt-rPT: Cannot utime: Operation not permitted
build	Cache Android SDK	2026-06-06T12:22:58.3545425Z /usr/bin/tar: ../../../../../usr/local/lib/android/sdk/platforms/android-34/data/res/values-mcc310-mnc560-pt-rPT: Cannot change mode to rwxr-xr-x: Operation not permitted
build	Cache Android SDK	2026-06-06T12:22:58.3547978Z /usr/bin/tar: ../../../../../usr/local/lib/android/sdk/platforms/android-34/data/res/values-mcc310-mnc490-es: Cannot utime: Operation not permitted
build	Cache Android SDK	2026-06-06T12:22:58.3550052Z /usr/bin/tar: ../../../../../usr/local/lib/android/sdk/platforms/android-34/data/res/values-mcc310-mnc490-es: Cannot change mode to rwxr-xr-x: Operation not permitted
build	Cache Android SDK	2026-06-06T12:22:58.3558802Z /usr/bin/tar: ../../../../../usr/local/lib/android/sdk/platforms/android-34/data/res/values-mcc310-mnc310-th: Cannot utime: Operation not permitted
build	Cache Android SDK	2026-06-06T12:22:58.3560308Z /usr/bin/tar: ../../../../../usr/local/lib/android/sdk/platforms/android-34/data/res/values-mcc310-mnc310-th: Cannot change mode to rwxr-xr-x: Operation not permitted
build	Cache Android SDK	2026-06-06T12:22:58.3562470Z /usr/bin/tar: ../../../../../usr/local/lib/android/sdk/platforms/android-34/data/res/values-mcc310-mnc030-fa: Cannot utime: Operation not permitted
build	Cache Android SDK	2026-06-06T12:22:58.3563952Z /usr/bin/tar: ../../../../../usr/local/lib/android/sdk/platforms/android-34/data/res/values-mcc310-mnc030-fa: Cannot change mode to rwxr-xr-x: Operation not permitted
build	Cache Android SDK	2026-06-06T12:22:58.3567217Z /usr/bin/tar: ../../../../../usr/local/lib/android/sdk/platforms/android-34/data/res/values-mcc001-mnc01-be: Cannot utime: Operation not permitted
build	Cache Android SDK	2026-06-06T12:22:58.3568785Z /usr/bin/tar: ../../../../../usr/local/lib/android/sdk/platforms/android-34/data/res/values-mcc001-mnc01-be: Cannot change mode to rwxr-xr-x: Operation not permitted
build	Cache Android SDK	2026-06-06T12:22:58.3571934Z /usr/bin/tar: ../../../../../usr/local/lib/android/sdk/platforms/android-34/data/res/values-mcc310-mnc210-el: Cannot utime: Operation not permitted
build	Cache Android SDK	2026-06-06T12:22:58.3573366Z /usr/bin/tar: ../../../../../usr/local/lib/android/sdk/platforms/android-34/data/res/values-mcc310-mnc210-el: Cannot change mode to rwxr-xr-x: Operation not permitted
build	Cache Android SDK	2026-06-06T12:22:58.3623307Z /usr/bin/tar: ../../../../../usr/local/lib/android/sdk/platforms/android-34/data/res/values-mcc310-mnc200-ja: Cannot utime: Operation not permitted
build	Cache Android SDK	2026-06-06T12:22:58.3624908Z /usr/bin/tar: ../../../../../usr/local/lib/android/sdk/platforms/android-34/data/res/values-mcc310-mnc200-ja: Cannot change mode to rwxr-xr-x: Operation not permitted
build	Cache Android SDK	2026-06-06T12:22:58.3695020Z /usr/bin/tar: ../../../../../usr/local/lib/android/sdk/platforms/android-34/data/res/values-eu: Cannot utime: Operation not permitted
build	Cache Android SDK	2026-06-06T12:22:58.3696139Z /usr/bin/tar: ../../../../../usr/local/lib/android/sdk/platforms/android-34/data/res/values-eu: Cannot change mode to rwxr-xr-x: Operation not permitted
build	Cache Android SDK	2026-06-06T12:22:58.3702709Z /usr/bin/tar: ../../../../../usr/local/lib/android/sdk/platforms/android-34/data/res/values-mcc310-mnc160-ms: Cannot utime: Operation not permitted
build	Cache Android SDK	2026-06-06T12:22:58.3703645Z /usr/bin/tar: ../../../../../usr/local/lib/android/sdk/platforms/android-34/data/res/values-mcc310-mnc160-ms: Cannot change mode to rwxr-xr-x: Operation not permitted
build	Cache Android SDK	2026-06-06T12:22:58.3707177Z /usr/bin/tar: ../../../../../usr/local/lib/android/sdk/platforms/android-34/data/res/values-mcc310-mnc240-az: Cannot utime: Operation not permitted
build	Cache Android SDK	2026-06-06T12:22:58.3708963Z /usr/bin/tar: ../../../../../usr/local/lib/android/sdk/platforms/android-34/data/res/values-mcc310-mnc240-az: Cannot change mode to rwxr-xr-x: Operation not permitted
build	Cache Android SDK	2026-06-06T12:22:58.3712638Z /usr/bin/tar: ../../../../../usr/local/lib/android/sdk/platforms/android-34/data/res/values-mcc310-mnc220-kk: Cannot utime: Operation not permitted
build	Cache Android SDK	2026-06-06T12:22:58.3714373Z /usr/bin/tar: ../../../../../usr/local/lib/android/sdk/platforms/android-34/data/res/values-mcc310-mnc220-kk: Cannot change mode to rwxr-xr-x: Operation not permitted
build	Cache Android SDK	2026-06-06T12:22:58.3715594Z /usr/bin/tar: ../../../../../usr/local/lib/android/sdk/platforms/android-34/data/res/values-mcc310-mnc200-ru: Cannot utime: Operation not permitted
build	Cache Android SDK	2026-06-06T12:22:58.3716887Z /usr/bin/tar: ../../../../../usr/local/lib/android/sdk/platforms/android-34/data/res/values-mcc310-mnc200-ru: Cannot change mode to rwxr-xr-x: Operation not permitted
build	Cache Android SDK	2026-06-06T12:22:58.3718611Z /usr/bin/tar: ../../../../../usr/local/lib/android/sdk/platforms/android-34/data/res/values-mcc001-mnc01-da: Cannot utime: Operation not permitted
build	Cache Android SDK	2026-06-06T12:22:58.3719688Z /usr/bin/tar: ../../../../../usr/local/lib/android/sdk/platforms/android-34/data/res/values-mcc001-mnc01-da: Cannot change mode to rwxr-xr-x: Operation not permitted
build	Cache Android SDK	2026-06-06T12:22:58.3727217Z /usr/bin/tar: ../../../../../usr/local/lib/android/sdk/platforms/android-34/data/res/values-mcc310-mnc160-it: Cannot utime: Operation not permitted
build	Cache Android SDK	2026-06-06T12:22:58.3728830Z /usr/bin/tar: ../../../../../usr/local/lib/android/sdk/platforms/android-34/data/res/values-mcc310-mnc160-it: Cannot change mode to rwxr-xr-x: Operation not permitted
build	Cache Android SDK	2026-06-06T12:22:58.3730512Z /usr/bin/tar: ../../../../../usr/local/lib/android/sdk/platforms/android-34/data/res/values-mcc310-mnc200-sq: Cannot utime: Operation not permitted
build	Cache Android SDK	2026-06-06T12:22:58.3732256Z /usr/bin/tar: ../../../../../usr/local/lib/android/sdk/platforms/android-34/data/res/values-mcc310-mnc200-sq: Cannot change mode to rwxr-xr-x: Operation not permitted
build	Cache Android SDK	2026-06-06T12:22:58.3733673Z /usr/bin/tar: ../../../../../usr/local/lib/android/sdk/platforms/android-34/data/res/values-mcc302-mnc370-b+sr+Latn: Cannot utime: Operation not permitted
build	Cache Android SDK	2026-06-06T12:22:58.3735246Z /usr/bin/tar: ../../../../../usr/local/lib/android/sdk/platforms/android-34/data/res/values-mcc302-mnc370-b+sr+Latn: Cannot change mode to rwxr-xr-x: Operation not permitted
build	Cache Android SDK	2026-06-06T12:22:58.3737919Z /usr/bin/tar: ../../../../../usr/local/lib/android/sdk/platforms/android-34/data/res/values-mcc302-mnc720-am: Cannot utime: Operation not permitted
build	Cache Android SDK	2026-06-06T12:22:58.3738994Z /usr/bin/tar: ../../../../../usr/local/lib/android/sdk/platforms/android-34/data/res/values-mcc302-mnc720-am: Cannot change mode to rwxr-xr-x: Operation not permitted
build	Cache Android SDK	2026-06-06T12:22:58.3743522Z /usr/bin/tar: ../../../../../usr/local/lib/android/sdk/platforms/android-34/data/res/values-mcc310-mnc210-ru: Cannot utime: Operation not permitted
build	Cache Android SDK	2026-06-06T12:22:58.3745016Z /usr/bin/tar: ../../../../../usr/local/lib/android/sdk/platforms/android-34/data/res/values-mcc310-mnc210-ru: Cannot change mode to rwxr-xr-x: Operation not permitted
build	Cache Android SDK	2026-06-06T12:22:58.3751331Z /usr/bin/tar: ../../../../../usr/local/lib/android/sdk/platforms/android-34/data/res/values-mcc311-mnc180-sv: Cannot utime: Operation not permitted
build	Cache Android SDK	2026-06-06T12:22:58.3752288Z /usr/bin/tar: ../../../../../usr/local/lib/android/sdk/platforms/android-34/data/res/values-mcc311-mnc180-sv: Cannot change mode to rwxr-xr-x: Operation not permitted
build	Cache Android SDK	2026-06-06T12:22:58.3755566Z /usr/bin/tar: ../../../../../usr/local/lib/android/sdk/platforms/android-34/data/res/values-mcc312-mnc670-pt-rBR: Cannot utime: Operation not permitted
build	Cache Android SDK	2026-06-06T12:22:58.3757052Z /usr/bin/tar: ../../../../../usr/local/lib/android/sdk/platforms/android-34/data/res/values-mcc312-mnc670-pt-rBR: Cannot change mode to rwxr-xr-x: Operation not permitted
build	Cache Android SDK	2026-06-06T12:22:58.3759032Z /usr/bin/tar: ../../../../../usr/local/lib/android/sdk/platforms/android-34/data/res/values-mcc313-mnc100-km: Cannot utime: Operation not permitted
build	Cache Android SDK	2026-06-06T12:22:58.3760226Z /usr/bin/tar: ../../../../../usr/local/lib/android/sdk/platforms/android-34/data/res/values-mcc313-mnc100-km: Cannot change mode to rwxr-xr-x: Operation not permitted
build	Cache Android SDK	2026-06-06T12:22:58.3763405Z /usr/bin/tar: ../../../../../usr/local/lib/android/sdk/platforms/android-34/data/res/values-mcc310-mnc170-ur: Cannot utime: Operation not permitted
build	Cache Android SDK	2026-06-06T12:22:58.3764377Z /usr/bin/tar: ../../../../../usr/local/lib/android/sdk/platforms/android-34/data/res/values-mcc310-mnc170-ur: Cannot change mode to rwxr-xr-x: Operation not permitted
build	Cache Android SDK	2026-06-06T12:22:58.3791706Z /usr/bin/tar: ../../../../../usr/local/lib/android/sdk/platforms/android-34/data/res/values-mcc310-mnc380-bn: Cannot utime: Operation not permitted
build	Cache Android SDK	2026-06-06T12:22:58.3793465Z /usr/bin/tar: ../../../../../usr/local/lib/android/sdk/platforms/android-34/data/res/values-mcc310-mnc380-bn: Cannot change mode to rwxr-xr-x: Operation not permitted
build	Cache Android SDK	2026-06-06T12:22:58.3799724Z /usr/bin/tar: ../../../../../usr/local/lib/android/sdk/platforms/android-34/data/res/values-mcc310-mnc160-pt-rBR: Cannot utime: Operation not permitted
build	Cache Android SDK	2026-06-06T12:22:58.3801470Z /usr/bin/tar: ../../../../../usr/local/lib/android/sdk/platforms/android-34/data/res/values-mcc310-mnc160-pt-rBR: Cannot change mode to rwxr-xr-x: Operation not permitted
build	Cache Android SDK	2026-06-06T12:22:58.3803411Z /usr/bin/tar: ../../../../../usr/local/lib/android/sdk/platforms/android-34/data/res/values-mcc313-mnc100-ka: Cannot utime: Operation not permitted
build	Cache Android SDK	2026-06-06T12:22:58.3804653Z /usr/bin/tar: ../../../../../usr/local/lib/android/sdk/platforms/android-34/data/res/values-mcc313-mnc100-ka: Cannot change mode to rwxr-xr-x: Operation not permitted
build	Cache Android SDK	2026-06-06T12:22:58.3805674Z /usr/bin/tar: ../../../../../usr/local/lib/android/sdk/platforms/android-34/data/res/values-mcc001-mnc01-ar: Cannot utime: Operation not permitted
build	Cache Android SDK	2026-06-06T12:22:58.3807519Z /usr/bin/tar: ../../../../../usr/local/lib/android/sdk/platforms/android-34/data/res/values-mcc001-mnc01-ar: Cannot change mode to rwxr-xr-x: Operation not permitted
build	Cache Android SDK	2026-06-06T12:22:58.3808452Z /usr/bin/tar: ../../../../../usr/local/lib/android/sdk/platforms/android-34/data/res/values-mcc312-mnc670-da: Cannot utime: Operation not permitted
build	Cache Android SDK	2026-06-06T12:22:58.3809443Z /usr/bin/tar: ../../../../../usr/local/lib/android/sdk/platforms/android-34/data/res/values-mcc312-mnc670-da: Cannot change mode to rwxr-xr-x: Operation not permitted
build	Cache Android SDK	2026-06-06T12:22:58.3816371Z /usr/bin/tar: ../../../../../usr/local/lib/android/sdk/platforms/android-34/data/res/values-mcc001-mnc01-is: Cannot utime: Operation not permitted
build	Cache Android SDK	2026-06-06T12:22:58.3817679Z /usr/bin/tar: ../../../../../usr/local/lib/android/sdk/platforms/android-34/data/res/values-mcc001-mnc01-is: Cannot change mode to rwxr-xr-x: Operation not permitted
build	Cache Android SDK	2026-06-06T12:22:58.3820176Z /usr/bin/tar: ../../../../../usr/local/lib/android/sdk/platforms/android-34/data/res/values-mcc310-mnc280-mn: Cannot utime: Operation not permitted
build	Cache Android SDK	2026-06-06T12:22:58.3821199Z /usr/bin/tar: ../../../../../usr/local/lib/android/sdk/platforms/android-34/data/res/values-mcc310-mnc280-mn: Cannot change mode to rwxr-xr-x: Operation not permitted
build	Cache Android SDK	2026-06-06T12:22:58.3827198Z /usr/bin/tar: ../../../../../usr/local/lib/android/sdk/platforms/android-34/data/res/values-mcc311-mnc180-es: Cannot utime: Operation not permitted
build	Cache Android SDK	2026-06-06T12:22:58.3829051Z /usr/bin/tar: ../../../../../usr/local/lib/android/sdk/platforms/android-34/data/res/values-mcc311-mnc180-es: Cannot change mode to rwxr-xr-x: Operation not permitted
build	Cache Android SDK	2026-06-06T12:22:58.3830769Z /usr/bin/tar: ../../../../../usr/local/lib/android/sdk/platforms/android-34/data/res/values-mcc310-mnc270-uz: Cannot utime: Operation not permitted
build	Cache Android SDK	2026-06-06T12:22:58.3831734Z /usr/bin/tar: ../../../../../usr/local/lib/android/sdk/platforms/android-34/data/res/values-mcc310-mnc270-uz: Cannot change mode to rwxr-xr-x: Operation not permitted
build	Cache Android SDK	2026-06-06T12:22:58.3834261Z /usr/bin/tar: ../../../../../usr/local/lib/android/sdk/platforms/android-34/data/res/values-mcc310-mnc220-fr-rCA: Cannot utime: Operation not permitted
build	Cache Android SDK	2026-06-06T12:22:58.3835968Z /usr/bin/tar: ../../../../../usr/local/lib/android/sdk/platforms/android-34/data/res/values-mcc310-mnc220-fr-rCA: Cannot change mode to rwxr-xr-x: Operation not permitted
build	Cache Android SDK	2026-06-06T12:22:58.3838958Z /usr/bin/tar: ../../../../../usr/local/lib/android/sdk/platforms/android-34/data/res/values-mcc001-mnc01-af: Cannot utime: Operation not permitted
build	Cache Android SDK	2026-06-06T12:22:58.3840839Z /usr/bin/tar: ../../../../../usr/local/lib/android/sdk/platforms/android-34/data/res/values-mcc001-mnc01-af: Cannot change mode to rwxr-xr-x: Operation not permitted
build	Cache Android SDK	2026-06-06T12:22:58.3842792Z /usr/bin/tar: ../../../../../usr/local/lib/android/sdk/platforms/android-34/data/res/values-mcc310-mnc280-fi: Cannot utime: Operation not permitted
build	Cache Android SDK	2026-06-06T12:22:58.3844664Z /usr/bin/tar: ../../../../../usr/local/lib/android/sdk/platforms/android-34/data/res/values-mcc310-mnc280-fi: Cannot change mode to rwxr-xr-x: Operation not permitted
build	Cache Android SDK	2026-06-06T12:22:58.3846534Z /usr/bin/tar: ../../../../../usr/local/lib/android/sdk/platforms/android-34/data/res/values-fr-rFR: Cannot utime: Operation not permitted
build	Cache Android SDK	2026-06-06T12:22:58.3848434Z /usr/bin/tar: ../../../../../usr/local/lib/android/sdk/platforms/android-34/data/res/values-fr-rFR: Cannot change mode to rwxr-xr-x: Operation not permitted
build	Cache Android SDK	2026-06-06T12:22:58.3850190Z /usr/bin/tar: ../../../../../usr/local/lib/android/sdk/platforms/android-34/data/res/values-mcc310-mnc380-sw: Cannot utime: Operation not permitted
build	Cache Android SDK	2026-06-06T12:22:58.3851320Z /usr/bin/tar: ../../../../../usr/local/lib/android/sdk/platforms/android-34/data/res/values-mcc310-mnc380-sw: Cannot change mode to rwxr-xr-x: Operation not permitted
build	Cache Android SDK	2026-06-06T12:22:58.3852992Z /usr/bin/tar: ../../../../../usr/local/lib/android/sdk/platforms/android-34/data/res/values-mcc310-mnc270-de: Cannot utime: Operation not permitted
build	Cache Android SDK	2026-06-06T12:22:58.3854583Z /usr/bin/tar: ../../../../../usr/local/lib/android/sdk/platforms/android-34/data/res/values-mcc310-mnc270-de: Cannot change mode to rwxr-xr-x: Operation not permitted
build	Cache Android SDK	2026-06-06T12:22:58.3869217Z /usr/bin/tar: ../../../../../usr/local/lib/android/sdk/platforms/android-34/data/res/values-mcc310-mnc030-ta: Cannot utime: Operation not permitted
build	Cache Android SDK	2026-06-06T12:22:58.3870219Z /usr/bin/tar: ../../../../../usr/local/lib/android/sdk/platforms/android-34/data/res/values-mcc310-mnc030-ta: Cannot change mode to rwxr-xr-x: Operation not permitted
build	Cache Android SDK	2026-06-06T12:22:58.3871596Z /usr/bin/tar: ../../../../../usr/local/lib/android/sdk/platforms/android-34/data/res/values-mcc310-mnc800-si: Cannot utime: Operation not permitted
build	Cache Android SDK	2026-06-06T12:22:58.3873079Z /usr/bin/tar: ../../../../../usr/local/lib/android/sdk/platforms/android-34/data/res/values-mcc310-mnc800-si: Cannot change mode to rwxr-xr-x: Operation not permitted
build	Cache Android SDK	2026-06-06T12:22:58.3874060Z /usr/bin/tar: ../../../../../usr/local/lib/android/sdk/platforms/android-34/data/res/values-mcc310-mnc660-zu: Cannot utime: Operation not permitted
build	Cache Android SDK	2026-06-06T12:22:58.3875027Z /usr/bin/tar: ../../../../../usr/local/lib/android/sdk/platforms/android-34/data/res/values-mcc310-mnc660-zu: Cannot change mode to rwxr-xr-x: Operation not permitted
build	Cache Android SDK	2026-06-06T12:22:58.3875952Z /usr/bin/tar: ../../../../../usr/local/lib/android/sdk/platforms/android-34/data/res/values-mcc310-mnc310-es-rUS: Cannot utime: Operation not permitted
build	Cache Android SDK	2026-06-06T12:22:58.3876902Z /usr/bin/tar: ../../../../../usr/local/lib/android/sdk/platforms/android-34/data/res/values-mcc310-mnc310-es-rUS: Cannot change mode to rwxr-xr-x: Operation not permitted
build	Cache Android SDK	2026-06-06T12:22:58.3879883Z /usr/bin/tar: ../../../../../usr/local/lib/android/sdk/platforms/android-34/data/res/values-mcc311-mnc180-ky: Cannot utime: Operation not permitted
build	Cache Android SDK	2026-06-06T12:22:58.3881345Z /usr/bin/tar: ../../../../../usr/local/lib/android/sdk/platforms/android-34/data/res/values-mcc311-mnc180-ky: Cannot change mode to rwxr-xr-x: Operation not permitted
build	Cache Android SDK	2026-06-06T12:22:58.3884307Z /usr/bin/tar: ../../../../../usr/local/lib/android/sdk/platforms/android-34/data/res/values-mcc310-mnc490-fi: Cannot utime: Operation not permitted
build	Cache Android SDK	2026-06-06T12:22:58.3885551Z /usr/bin/tar: ../../../../../usr/local/lib/android/sdk/platforms/android-34/data/res/values-mcc310-mnc490-fi: Cannot change mode to rwxr-xr-x: Operation not permitted
build	Cache Android SDK	2026-06-06T12:22:58.3895397Z /usr/bin/tar: ../../../../../usr/local/lib/android/sdk/platforms/android-34/data/res/values-mcc310-mnc310-hi: Cannot utime: Operation not permitted
build	Cache Android SDK	2026-06-06T12:22:58.3896763Z /usr/bin/tar: ../../../../../usr/local/lib/android/sdk/platforms/android-34/data/res/values-mcc310-mnc310-hi: Cannot change mode to rwxr-xr-x: Operation not permitted
build	Cache Android SDK	2026-06-06T12:22:58.3897954Z /usr/bin/tar: ../../../../../usr/local/lib/android/sdk/platforms/android-34/data/res/values-mcc302-mnc720-nl: Cannot utime: Operation not permitted
build	Cache Android SDK	2026-06-06T12:22:58.3899740Z /usr/bin/tar: ../../../../../usr/local/lib/android/sdk/platforms/android-34/data/res/values-mcc302-mnc720-nl: Cannot change mode to rwxr-xr-x: Operation not permitted
build	Cache Android SDK	2026-06-06T12:22:58.3901378Z /usr/bin/tar: ../../../../../usr/local/lib/android/sdk/platforms/android-34/data/res/values-mcc310-mnc170-lo: Cannot utime: Operation not permitted
build	Cache Android SDK	2026-06-06T12:22:58.3902290Z /usr/bin/tar: ../../../../../usr/local/lib/android/sdk/platforms/android-34/data/res/values-mcc310-mnc170-lo: Cannot change mode to rwxr-xr-x: Operation not permitted
build	Cache Android SDK	2026-06-06T12:22:58.3903403Z /usr/bin/tar: ../../../../../usr/local/lib/android/sdk/platforms/android-34/data/res/values-mcc310-mnc380-fi: Cannot utime: Operation not permitted
build	Cache Android SDK	2026-06-06T12:22:58.3904304Z /usr/bin/tar: ../../../../../usr/local/lib/android/sdk/platforms/android-34/data/res/values-mcc310-mnc380-fi: Cannot change mode to rwxr-xr-x: Operation not permitted
build	Cache Android SDK	2026-06-06T12:22:58.3907589Z /usr/bin/tar: ../../../../../usr/local/lib/android/sdk/platforms/android-34/data/res/values-mcc310-mnc150-kn: Cannot utime: Operation not permitted
build	Cache Android SDK	2026-06-06T12:22:58.3908662Z /usr/bin/tar: ../../../../../usr/local/lib/android/sdk/platforms/android-34/data/res/values-mcc310-mnc150-kn: Cannot change mode to rwxr-xr-x: Operation not permitted
build	Cache Android SDK	2026-06-06T12:22:58.3912242Z /usr/bin/tar: ../../../../../usr/local/lib/android/sdk/platforms/android-34/data/res/values-mcc310-mnc170: Cannot utime: Operation not permitted
build	Cache Android SDK	2026-06-06T12:22:58.3915638Z /usr/bin/tar: ../../../../../usr/local/lib/android/sdk/platforms/android-34/data/res/values-mcc310-mnc170: Cannot change mode to rwxr-xr-x: Operation not permitted
build	Cache Android SDK	2026-06-06T12:22:58.3918357Z /usr/bin/tar: ../../../../../usr/local/lib/android/sdk/platforms/android-34/data/res/values-mcc310-mnc150-hy: Cannot utime: Operation not permitted
build	Cache Android SDK	2026-06-06T12:22:58.3919733Z /usr/bin/tar: ../../../../../usr/local/lib/android/sdk/platforms/android-34/data/res/values-mcc310-mnc150-hy: Cannot change mode to rwxr-xr-x: Operation not permitted
build	Cache Android SDK	2026-06-06T12:22:58.3920815Z /usr/bin/tar: ../../../../../usr/local/lib/android/sdk/platforms/android-34/data/res/values-mcc310-mnc560-en-rAU: Cannot utime: Operation not permitted
build	Cache Android SDK	2026-06-06T12:22:58.3921863Z /usr/bin/tar: ../../../../../usr/local/lib/android/sdk/platforms/android-34/data/res/values-mcc310-mnc560-en-rAU: Cannot change mode to rwxr-xr-x: Operation not permitted
build	Cache Android SDK	2026-06-06T12:22:58.3926899Z /usr/bin/tar: ../../../../../usr/local/lib/android/sdk/platforms/android-34/data/res/values-mcc716-mnc17: Cannot utime: Operation not permitted
build	Cache Android SDK	2026-06-06T12:22:58.3928157Z /usr/bin/tar: ../../../../../usr/local/lib/android/sdk/platforms/android-34/data/res/values-mcc716-mnc17: Cannot change mode to rwxr-xr-x: Operation not permitted
build	Cache Android SDK	2026-06-06T12:22:58.3930622Z /usr/bin/tar: ../../../../../usr/local/lib/android/sdk/platforms/android-34/data/res/values-mcc310-mnc560-de: Cannot utime: Operation not permitted
build	Cache Android SDK	2026-06-06T12:22:58.3932039Z /usr/bin/tar: ../../../../../usr/local/lib/android/sdk/platforms/android-34/data/res/values-mcc310-mnc560-de: Cannot change mode to rwxr-xr-x: Operation not permitted
build	Cache Android SDK	2026-06-06T12:22:58.3933955Z /usr/bin/tar: ../../../../../usr/local/lib/android/sdk/platforms/android-34/data/res/values-mcc334-mnc020-tl: Cannot utime: Operation not permitted
build	Cache Android SDK	2026-06-06T12:22:58.3934895Z /usr/bin/tar: ../../../../../usr/local/lib/android/sdk/platforms/android-34/data/res/values-mcc334-mnc020-tl: Cannot change mode to rwxr-xr-x: Operation not permitted
build	Cache Android SDK	2026-06-06T12:22:58.3942530Z /usr/bin/tar: ../../../../../usr/local/lib/android/sdk/platforms/android-34/data/res/values-mcc310-mnc150-ur: Cannot utime: Operation not permitted
build	Cache Android SDK	2026-06-06T12:22:58.3944306Z /usr/bin/tar: ../../../../../usr/local/lib/android/sdk/platforms/android-34/data/res/values-mcc310-mnc150-ur: Cannot change mode to rwxr-xr-x: Operation not permitted
build	Cache Android SDK	2026-06-06T12:22:58.3945413Z /usr/bin/tar: ../../../../../usr/local/lib/android/sdk/platforms/android-34/data/res/values-mcc310-mnc250-fr: Cannot utime: Operation not permitted
build	Cache Android SDK	2026-06-06T12:22:58.3946814Z /usr/bin/tar: ../../../../../usr/local/lib/android/sdk/platforms/android-34/data/res/values-mcc310-mnc250-fr: Cannot change mode to rwxr-xr-x: Operation not permitted
build	Cache Android SDK	2026-06-06T12:22:58.3948551Z /usr/bin/tar: ../../../../../usr/local/lib/android/sdk/platforms/android-34/data/res/values-mcc310-mnc950-tl: Cannot utime: Operation not permitted
build	Cache Android SDK	2026-06-06T12:22:58.3949646Z /usr/bin/tar: ../../../../../usr/local/lib/android/sdk/platforms/android-34/data/res/values-mcc310-mnc950-tl: Cannot change mode to rwxr-xr-x: Operation not permitted
build	Cache Android SDK	2026-06-06T12:22:58.3950688Z /usr/bin/tar: ../../../../../usr/local/lib/android/sdk/platforms/android-34/data/res/values-mcc310-mnc160-fr: Cannot utime: Operation not permitted
build	Cache Android SDK	2026-06-06T12:22:58.3953512Z /usr/bin/tar: ../../../../../usr/local/lib/android/sdk/platforms/android-34/data/res/values-mcc310-mnc160-fr: Cannot change mode to rwxr-xr-x: Operation not permitted
build	Cache Android SDK	2026-06-06T12:22:58.3955602Z /usr/bin/tar: ../../../../../usr/local/lib/android/sdk/platforms/android-34/data/res/values-mcc313-mnc100-en-rGB: Cannot utime: Operation not permitted
build	Cache Android SDK	2026-06-06T12:22:58.3957920Z /usr/bin/tar: ../../../../../usr/local/lib/android/sdk/platforms/android-34/data/res/values-mcc313-mnc100-en-rGB: Cannot change mode to rwxr-xr-x: Operation not permitted
build	Cache Android SDK	2026-06-06T12:22:58.3959059Z /usr/bin/tar: ../../../../../usr/local/lib/android/sdk/platforms/android-34/data/res/values-mcc310-mnc560-gl: Cannot utime: Operation not permitted
build	Cache Android SDK	2026-06-06T12:22:58.3960288Z /usr/bin/tar: ../../../../../usr/local/lib/android/sdk/platforms/android-34/data/res/values-mcc310-mnc560-gl: Cannot change mode to rwxr-xr-x: Operation not permitted
build	Cache Android SDK	2026-06-06T12:22:58.3965559Z /usr/bin/tar: ../../../../../usr/local/lib/android/sdk/platforms/android-34/data/res/values-mcc310-mnc560-lo: Cannot utime: Operation not permitted
build	Cache Android SDK	2026-06-06T12:22:58.3967554Z /usr/bin/tar: ../../../../../usr/local/lib/android/sdk/platforms/android-34/data/res/values-mcc310-mnc560-lo: Cannot change mode to rwxr-xr-x: Operation not permitted
build	Cache Android SDK	2026-06-06T12:22:58.3969664Z /usr/bin/tar: ../../../../../usr/local/lib/android/sdk/platforms/android-34/data/res/values-mcc310-mnc160-pl: Cannot utime: Operation not permitted
build	Cache Android SDK	2026-06-06T12:22:58.3971593Z /usr/bin/tar: ../../../../../usr/local/lib/android/sdk/platforms/android-34/data/res/values-mcc310-mnc160-pl: Cannot change mode to rwxr-xr-x: Operation not permitted
build	Cache Android SDK	2026-06-06T12:22:58.3973517Z /usr/bin/tar: ../../../../../usr/local/lib/android/sdk/platforms/android-34/data/res/values-mcc310-mnc250-ca: Cannot utime: Operation not permitted
build	Cache Android SDK	2026-06-06T12:22:58.3975422Z /usr/bin/tar: ../../../../../usr/local/lib/android/sdk/platforms/android-34/data/res/values-mcc310-mnc250-ca: Cannot change mode to rwxr-xr-x: Operation not permitted
build	Cache Android SDK	2026-06-06T12:22:58.3977340Z /usr/bin/tar: ../../../../../usr/local/lib/android/sdk/platforms/android-34/data/res/values-mcc310-mnc240-pt-rPT: Cannot utime: Operation not permitted
build	Cache Android SDK	2026-06-06T12:22:58.3978726Z /usr/bin/tar: ../../../../../usr/local/lib/android/sdk/platforms/android-34/data/res/values-mcc310-mnc240-pt-rPT: Cannot change mode to rwxr-xr-x: Operation not permitted
build	Cache Android SDK	2026-06-06T12:22:58.3980092Z /usr/bin/tar: ../../../../../usr/local/lib/android/sdk/platforms/android-34/data/res/values-mcc310-mnc560-in: Cannot utime: Operation not permitted
build	Cache Android SDK	2026-06-06T12:22:58.3981186Z /usr/bin/tar: ../../../../../usr/local/lib/android/sdk/platforms/android-34/data/res/values-mcc310-mnc560-in: Cannot change mode to rwxr-xr-x: Operation not permitted
build	Cache Android SDK	2026-06-06T12:22:58.4000475Z /usr/bin/tar: ../../../../../usr/local/lib/android/sdk/platforms/android-34/data/res/values-mcc425-mnc07: Cannot utime: Operation not permitted
build	Cache Android SDK	2026-06-06T12:22:58.4001578Z /usr/bin/tar: ../../../../../usr/local/lib/android/sdk/platforms/android-34/data/res/values-mcc425-mnc07: Cannot change mode to rwxr-xr-x: Operation not permitted
build	Cache Android SDK	2026-06-06T12:22:58.4004819Z /usr/bin/tar: ../../../../../usr/local/lib/android/sdk/platforms/android-34/data/res/values-mcc311-mnc190: Cannot utime: Operation not permitted
build	Cache Android SDK	2026-06-06T12:22:58.4006575Z /usr/bin/tar: ../../../../../usr/local/lib/android/sdk/platforms/android-34/data/res/values-mcc311-mnc190: Cannot change mode to rwxr-xr-x: Operation not permitted
build	Cache Android SDK	2026-06-06T12:22:58.4009009Z /usr/bin/tar: ../../../../../usr/local/lib/android/sdk/platforms/android-34/data/res/values-mcc310-mnc030-cs: Cannot utime: Operation not permitted
build	Cache Android SDK	2026-06-06T12:22:58.4017998Z /usr/bin/tar: ../../../../../usr/local/lib/android/sdk/platforms/android-34/data/res/values-mcc310-mnc030-cs: Cannot change mode to rwxr-xr-x: Operation not permitted
build	Cache Android SDK	2026-06-06T12:22:58.4020021Z /usr/bin/tar: ../../../../../usr/local/lib/android/sdk/platforms/android-34/data/res/values-mcc310-mnc250-mr: Cannot utime: Operation not permitted
build	Cache Android SDK	2026-06-06T12:22:58.4021865Z /usr/bin/tar: ../../../../../usr/local/lib/android/sdk/platforms/android-34/data/res/values-mcc310-mnc250-mr: Cannot change mode to rwxr-xr-x: Operation not permitted
build	Cache Android SDK	2026-06-06T12:22:58.4023712Z /usr/bin/tar: ../../../../../usr/local/lib/android/sdk/platforms/android-34/data/res/values-mcc310-mnc270-pt-rPT: Cannot utime: Operation not permitted
build	Cache Android SDK	2026-06-06T12:22:58.4025286Z /usr/bin/tar: ../../../../../usr/local/lib/android/sdk/platforms/android-34/data/res/values-mcc310-mnc270-pt-rPT: Cannot change mode to rwxr-xr-x: Operation not permitted
build	Cache Android SDK	2026-06-06T12:22:58.4028701Z /usr/bin/tar: ../../../../../usr/local/lib/android/sdk/platforms/android-34/data/res/values-fr-television: Cannot utime: Operation not permitted
build	Cache Android SDK	2026-06-06T12:22:58.4029924Z /usr/bin/tar: ../../../../../usr/local/lib/android/sdk/platforms/android-34/data/res/values-fr-television: Cannot change mode to rwxr-xr-x: Operation not permitted
build	Cache Android SDK	2026-06-06T12:22:58.4035019Z /usr/bin/tar: ../../../../../usr/local/lib/android/sdk/platforms/android-34/data/res/values-ar-watch: Cannot utime: Operation not permitted
build	Cache Android SDK	2026-06-06T12:22:58.4036178Z /usr/bin/tar: ../../../../../usr/local/lib/android/sdk/platforms/android-34/data/res/values-ar-watch: Cannot change mode to rwxr-xr-x: Operation not permitted
build	Cache Android SDK	2026-06-06T12:22:58.4038538Z /usr/bin/tar: ../../../../../usr/local/lib/android/sdk/platforms/android-34/data/res/values-mcc310-mnc030-es-rUS: Cannot utime: Operation not permitted
build	Cache Android SDK	2026-06-06T12:22:58.4039932Z /usr/bin/tar: ../../../../../usr/local/lib/android/sdk/platforms/android-34/data/res/values-mcc310-mnc030-es-rUS: Cannot change mode to rwxr-xr-x: Operation not permitted
build	Cache Android SDK	2026-06-06T12:22:58.4041625Z /usr/bin/tar: ../../../../../usr/local/lib/android/sdk/platforms/android-34/data/res/values-mcc310-mnc030-zh-rTW: Cannot utime: Operation not permitted
build	Cache Android SDK	2026-06-06T12:22:58.4042585Z /usr/bin/tar: ../../../../../usr/local/lib/android/sdk/platforms/android-34/data/res/values-mcc310-mnc030-zh-rTW: Cannot change mode to rwxr-xr-x: Operation not permitted
build	Cache Android SDK	2026-06-06T12:22:58.4048843Z /usr/bin/tar: ../../../../../usr/local/lib/android/sdk/platforms/android-34/data/res/values-mcc001-mnc01-en-rIN: Cannot utime: Operation not permitted
build	Cache Android SDK	2026-06-06T12:22:58.4063985Z /usr/bin/tar: ../../../../../usr/local/lib/android/sdk/platforms/android-34/data/res/values-mcc001-mnc01-en-rIN: Cannot change mode to rwxr-xr-x: Operation not permitted
build	Cache Android SDK	2026-06-06T12:22:58.4065624Z /usr/bin/tar: ../../../../../usr/local/lib/android/sdk/platforms/android-34/data/res/values-mcc310-mnc310-mk: Cannot utime: Operation not permitted
build	Cache Android SDK	2026-06-06T12:22:58.4067053Z /usr/bin/tar: ../../../../../usr/local/lib/android/sdk/platforms/android-34/data/res/values-mcc310-mnc310-mk: Cannot change mode to rwxr-xr-x: Operation not permitted
build	Cache Android SDK	2026-06-06T12:22:58.4068893Z /usr/bin/tar: ../../../../../usr/local/lib/android/sdk/platforms/android-34/data/res/values-mcc302-mnc370-hi: Cannot utime: Operation not permitted
build	Cache Android SDK	2026-06-06T12:22:58.4070571Z /usr/bin/tar: ../../../../../usr/local/lib/android/sdk/platforms/android-34/data/res/values-mcc302-mnc370-hi: Cannot change mode to rwxr-xr-x: Operation not permitted
build	Cache Android SDK	2026-06-06T12:22:58.4072209Z /usr/bin/tar: ../../../../../usr/local/lib/android/sdk/platforms/android-34/data/res/values-mcc312-mnc670-uz: Cannot utime: Operation not permitted
build	Cache Android SDK	2026-06-06T12:22:58.4073358Z /usr/bin/tar: ../../../../../usr/local/lib/android/sdk/platforms/android-34/data/res/values-mcc312-mnc670-uz: Cannot change mode to rwxr-xr-x: Operation not permitted
build	Cache Android SDK	2026-06-06T12:22:58.4074276Z /usr/bin/tar: ../../../../../usr/local/lib/android/sdk/platforms/android-34/data/res/values-mcc311-mnc180-ml: Cannot utime: Operation not permitted
build	Cache Android SDK	2026-06-06T12:22:58.4075175Z /usr/bin/tar: ../../../../../usr/local/lib/android/sdk/platforms/android-34/data/res/values-mcc311-mnc180-ml: Cannot change mode to rwxr-xr-x: Operation not permitted
build	Cache Android SDK	2026-06-06T12:22:58.4078957Z /usr/bin/tar: ../../../../../usr/local/lib/android/sdk/platforms/android-34/data/res/values-zh-rCN-watch: Cannot utime: Operation not permitted
build	Cache Android SDK	2026-06-06T12:22:58.4080231Z /usr/bin/tar: ../../../../../usr/local/lib/android/sdk/platforms/android-34/data/res/values-zh-rCN-watch: Cannot change mode to rwxr-xr-x: Operation not permitted
build	Cache Android SDK	2026-06-06T12:22:58.4081435Z /usr/bin/tar: ../../../../../usr/local/lib/android/sdk/platforms/android-34/data/res/values-mcc310-mnc170-kk: Cannot utime: Operation not permitted
build	Cache Android SDK	2026-06-06T12:22:58.4082849Z /usr/bin/tar: ../../../../../usr/local/lib/android/sdk/platforms/android-34/data/res/values-mcc310-mnc170-kk: Cannot change mode to rwxr-xr-x: Operation not permitted
build	Cache Android SDK	2026-06-06T12:22:58.4083756Z /usr/bin/tar: ../../../../../usr/local/lib/android/sdk/platforms/android-34/data/res/values-mcc310-mnc660-fi: Cannot utime: Operation not permitted
build	Cache Android SDK	2026-06-06T12:22:58.4084713Z /usr/bin/tar: ../../../../../usr/local/lib/android/sdk/platforms/android-34/data/res/values-mcc310-mnc660-fi: Cannot change mode to rwxr-xr-x: Operation not permitted
build	Cache Android SDK	2026-06-06T12:22:58.4094923Z /usr/bin/tar: ../../../../../usr/local/lib/android/sdk/platforms/android-34/data/res/values-mcc310-mnc240-mk: Cannot utime: Operation not permitted
build	Cache Android SDK	2026-06-06T12:22:58.4096202Z /usr/bin/tar: ../../../../../usr/local/lib/android/sdk/platforms/android-34/data/res/values-mcc310-mnc240-mk: Cannot change mode to rwxr-xr-x: Operation not permitted
build	Cache Android SDK	2026-06-06T12:22:58.4098048Z /usr/bin/tar: ../../../../../usr/local/lib/android/sdk/platforms/android-34/data/res/values-tl-television: Cannot utime: Operation not permitted
build	Cache Android SDK	2026-06-06T12:22:58.4099695Z /usr/bin/tar: ../../../../../usr/local/lib/android/sdk/platforms/android-34/data/res/values-tl-television: Cannot change mode to rwxr-xr-x: Operation not permitted
build	Cache Android SDK	2026-06-06T12:22:58.4101302Z /usr/bin/tar: ../../../../../usr/local/lib/android/sdk/platforms/android-34/data/res/values-mcc310-mnc950-uz: Cannot utime: Operation not permitted
build	Cache Android SDK	2026-06-06T12:22:58.4102908Z /usr/bin/tar: ../../../../../usr/local/lib/android/sdk/platforms/android-34/data/res/values-mcc310-mnc950-uz: Cannot change mode to rwxr-xr-x: Operation not permitted
build	Cache Android SDK	2026-06-06T12:22:58.4108420Z /usr/bin/tar: ../../../../../usr/local/lib/android/sdk/platforms/android-34/data/res/color-car: Cannot utime: Operation not permitted
build	Cache Android SDK	2026-06-06T12:22:58.4109414Z /usr/bin/tar: ../../../../../usr/local/lib/android/sdk/platforms/android-34/data/res/color-car: Cannot change mode to rwxr-xr-x: Operation not permitted
build	Cache Android SDK	2026-06-06T12:22:58.4110423Z /usr/bin/tar: ../../../../../usr/local/lib/android/sdk/platforms/android-34/data/res/values-mcc310-mnc220-ml: Cannot utime: Operation not permitted
build	Cache Android SDK	2026-06-06T12:22:58.4111335Z /usr/bin/tar: ../../../../../usr/local/lib/android/sdk/platforms/android-34/data/res/values-mcc310-mnc220-ml: Cannot change mode to rwxr-xr-x: Operation not permitted
build	Cache Android SDK	2026-06-06T12:22:58.4112717Z /usr/bin/tar: ../../../../../usr/local/lib/android/sdk/platforms/android-34/data/res/values-mcc310-mnc160-zh-rCN: Cannot utime: Operation not permitted
build	Cache Android SDK	2026-06-06T12:22:58.4114381Z /usr/bin/tar: ../../../../../usr/local/lib/android/sdk/platforms/android-34/data/res/values-mcc310-mnc160-zh-rCN: Cannot change mode to rwxr-xr-x: Operation not permitted
build	Cache Android SDK	2026-06-06T12:22:58.4116028Z /usr/bin/tar: ../../../../../usr/local/lib/android/sdk/platforms/android-34/data/res/values-mcc310-mnc160-sl: Cannot utime: Operation not permitted
build	Cache Android SDK	2026-06-06T12:22:58.4117806Z /usr/bin/tar: ../../../../../usr/local/lib/android/sdk/platforms/android-34/data/res/values-mcc310-mnc160-sl: Cannot change mode to rwxr-xr-x: Operation not permitted
build	Cache Android SDK	2026-06-06T12:22:58.4119318Z /usr/bin/tar: ../../../../../usr/local/lib/android/sdk/platforms/android-34/data/res/values-mcc310-mnc410-bn: Cannot utime: Operation not permitted
build	Cache Android SDK	2026-06-06T12:22:58.4120507Z /usr/bin/tar: ../../../../../usr/local/lib/android/sdk/platforms/android-34/data/res/values-mcc310-mnc410-bn: Cannot change mode to rwxr-xr-x: Operation not permitted
build	Cache Android SDK	2026-06-06T12:22:58.4121876Z /usr/bin/tar: ../../../../../usr/local/lib/android/sdk/platforms/android-34/data/res/values-mcc310-mnc380-da: Cannot utime: Operation not permitted
build	Cache Android SDK	2026-06-06T12:22:58.4122780Z /usr/bin/tar: ../../../../../usr/local/lib/android/sdk/platforms/android-34/data/res/values-mcc310-mnc380-da: Cannot change mode to rwxr-xr-x: Operation not permitted
build	Cache Android SDK	2026-06-06T12:22:58.4124218Z /usr/bin/tar: ../../../../../usr/local/lib/android/sdk/platforms/android-34/data/res/values-mcc310-mnc950-nb: Cannot utime: Operation not permitted
build	Cache Android SDK	2026-06-06T12:22:58.4125483Z /usr/bin/tar: ../../../../../usr/local/lib/android/sdk/platforms/android-34/data/res/values-mcc310-mnc950-nb: Cannot change mode to rwxr-xr-x: Operation not permitted
build	Cache Android SDK	2026-06-06T12:22:58.4260758Z /usr/bin/tar: ../../../../../usr/local/lib/android/sdk/platforms/android-34/data/res/values-mcc001-mnc01-hr: Cannot utime: Operation not permitted
build	Cache Android SDK	2026-06-06T12:22:58.4262502Z /usr/bin/tar: ../../../../../usr/local/lib/android/sdk/platforms/android-34/data/res/values-mcc001-mnc01-hr: Cannot change mode to rwxr-xr-x: Operation not permitted
build	Cache Android SDK	2026-06-06T12:22:58.4271176Z /usr/bin/tar: ../../../../../usr/local/lib/android/sdk/platforms/android-34/data/res/values-sr: Cannot utime: Operation not permitted
build	Cache Android SDK	2026-06-06T12:22:58.4272163Z /usr/bin/tar: ../../../../../usr/local/lib/android/sdk/platforms/android-34/data/res/values-sr: Cannot change mode to rwxr-xr-x: Operation not permitted
build	Cache Android SDK	2026-06-06T12:22:58.5216914Z /usr/bin/tar: ../../../../../usr/local/lib/android/sdk/platforms/android-34/data/res/values-mcc310-mnc660-ca: Cannot utime: Operation not permitted
build	Cache Android SDK	2026-06-06T12:22:58.5218421Z /usr/bin/tar: ../../../../../usr/local/lib/android/sdk/platforms/android-34/data/res/values-mcc310-mnc660-ca: Cannot change mode to rwxr-xr-x: Operation not permitted
build	Cache Android SDK	2026-06-06T12:22:58.5691344Z /usr/bin/tar: ../../../../../usr/local/lib/android/sdk/platforms/android-34/data/res/values-mcc310-mnc380-cs: Cannot utime: Operation not permitted
build	Cache Android SDK	2026-06-06T12:22:58.5692973Z /usr/bin/tar: ../../../../../usr/local/lib/android/sdk/platforms/android-34/data/res/values-mcc310-mnc380-cs: Cannot change mode to rwxr-xr-x: Operation not permitted
build	Cache Android SDK	2026-06-06T12:22:58.5694276Z /usr/bin/tar: ../../../../../usr/local/lib/android/sdk/platforms/android-34/data/res/values-mcc310-mnc280-gl: Cannot utime: Operation not permitted
build	Cache Android SDK	2026-06-06T12:22:58.5695194Z /usr/bin/tar: ../../../../../usr/local/lib/android/sdk/platforms/android-34/data/res/values-mcc310-mnc280-gl: Cannot change mode to rwxr-xr-x: Operation not permitted
build	Cache Android SDK	2026-06-06T12:22:58.6323234Z /usr/bin/tar: ../../../../../usr/local/lib/android/sdk/platforms/android-34/data/res/values-mcc310-mnc280-ml: Cannot utime: Operation not permitted
build	Cache Android SDK	2026-06-06T12:22:58.6324266Z /usr/bin/tar: ../../../../../usr/local/lib/android/sdk/platforms/android-34/data/res/values-mcc310-mnc280-ml: Cannot change mode to rwxr-xr-x: Operation not permitted
build	Cache Android SDK	2026-06-06T12:22:58.6333081Z /usr/bin/tar: ../../../../../usr/local/lib/android/sdk/platforms/android-34/data/res/values-mcc310-mnc950-be: Cannot utime: Operation not permitted
build	Cache Android SDK	2026-06-06T12:22:58.6334361Z /usr/bin/tar: ../../../../../usr/local/lib/android/sdk/platforms/android-34/data/res/values-mcc310-mnc950-be: Cannot change mode to rwxr-xr-x: Operation not permitted
build	Cache Android SDK	2026-06-06T12:22:58.6335509Z /usr/bin/tar: ../../../../../usr/local/lib/android/sdk/platforms/android-34/data/res/values-mcc334-mnc020-el: Cannot utime: Operation not permitted
build	Cache Android SDK	2026-06-06T12:22:58.6336949Z /usr/bin/tar: ../../../../../usr/local/lib/android/sdk/platforms/android-34/data/res/values-mcc334-mnc020-el: Cannot change mode to rwxr-xr-x: Operation not permitted
build	Cache Android SDK	2026-06-06T12:22:58.6338531Z /usr/bin/tar: ../../../../../usr/local/lib/android/sdk/platforms/android-34/data/res/values-mcc313-mnc100-tl: Cannot utime: Operation not permitted
build	Cache Android SDK	2026-06-06T12:22:58.6339458Z /usr/bin/tar: ../../../../../usr/local/lib/android/sdk/platforms/android-34/data/res/values-mcc313-mnc100-tl: Cannot change mode to rwxr-xr-x: Operation not permitted
build	Cache Android SDK	2026-06-06T12:22:58.6343734Z /usr/bin/tar: ../../../../../usr/local/lib/android/sdk/platforms/android-34/data/res/values-mcc310-mnc800-mr: Cannot utime: Operation not permitted
build	Cache Android SDK	2026-06-06T12:22:58.6345488Z /usr/bin/tar: ../../../../../usr/local/lib/android/sdk/platforms/android-34/data/res/values-mcc310-mnc800-mr: Cannot change mode to rwxr-xr-x: Operation not permitted
build	Cache Android SDK	2026-06-06T12:22:58.6350423Z /usr/bin/tar: ../../../../../usr/local/lib/android/sdk/platforms/android-34/data/res/values-mcc310-mnc150-pa: Cannot utime: Operation not permitted
build	Cache Android SDK	2026-06-06T12:22:58.6351373Z /usr/bin/tar: ../../../../../usr/local/lib/android/sdk/platforms/android-34/data/res/values-mcc310-mnc150-pa: Cannot change mode to rwxr-xr-x: Operation not permitted
build	Cache Android SDK	2026-06-06T12:22:58.6354081Z /usr/bin/tar: ../../../../../usr/local/lib/android/sdk/platforms/android-34/data/res/values-hr-rHR: Cannot utime: Operation not permitted
build	Cache Android SDK	2026-06-06T12:22:58.6355340Z /usr/bin/tar: ../../../../../usr/local/lib/android/sdk/platforms/android-34/data/res/values-hr-rHR: Cannot change mode to rwxr-xr-x: Operation not permitted
build	Cache Android SDK	2026-06-06T12:22:58.6362477Z /usr/bin/tar: ../../../../../usr/local/lib/android/sdk/platforms/android-34/data/res/values-mcc740: Cannot utime: Operation not permitted
build	Cache Android SDK	2026-06-06T12:22:58.6363614Z /usr/bin/tar: ../../../../../usr/local/lib/android/sdk/platforms/android-34/data/res/values-mcc740: Cannot change mode to rwxr-xr-x: Operation not permitted
build	Cache Android SDK	2026-06-06T12:22:58.6364687Z /usr/bin/tar: ../../../../../usr/local/lib/android/sdk/platforms/android-34/data/res/values-mcc310-mnc560-lt: Cannot utime: Operation not permitted
build	Cache Android SDK	2026-06-06T12:22:58.6365789Z /usr/bin/tar: ../../../../../usr/local/lib/android/sdk/platforms/android-34/data/res/values-mcc310-mnc560-lt: Cannot change mode to rwxr-xr-x: Operation not permitted
build	Cache Android SDK	2026-06-06T12:22:58.6368189Z /usr/bin/tar: ../../../../../usr/local/lib/android/sdk/platforms/android-34/data/res/values-mcc310-mnc150-ro: Cannot utime: Operation not permitted
build	Cache Android SDK	2026-06-06T12:22:58.6369253Z /usr/bin/tar: ../../../../../usr/local/lib/android/sdk/platforms/android-34/data/res/values-mcc310-mnc150-ro: Cannot change mode to rwxr-xr-x: Operation not permitted
build	Cache Android SDK	2026-06-06T12:22:58.6375458Z /usr/bin/tar: ../../../../../usr/local/lib/android/sdk/platforms/android-34/data/res/values-mcc310-mnc170-ta: Cannot utime: Operation not permitted
build	Cache Android SDK	2026-06-06T12:22:58.6377322Z /usr/bin/tar: ../../../../../usr/local/lib/android/sdk/platforms/android-34/data/res/values-mcc310-mnc170-ta: Cannot change mode to rwxr-xr-x: Operation not permitted
build	Cache Android SDK	2026-06-06T12:22:58.6379211Z /usr/bin/tar: ../../../../../usr/local/lib/android/sdk/platforms/android-34/data/res/values-mcc310-mnc950-fa: Cannot utime: Operation not permitted
build	Cache Android SDK	2026-06-06T12:22:58.6380594Z /usr/bin/tar: ../../../../../usr/local/lib/android/sdk/platforms/android-34/data/res/values-mcc310-mnc950-fa: Cannot change mode to rwxr-xr-x: Operation not permitted
build	Cache Android SDK	2026-06-06T12:22:58.6381613Z /usr/bin/tar: ../../../../../usr/local/lib/android/sdk/platforms/android-34/data/res/values-mcc310-mnc210-uk: Cannot utime: Operation not permitted
build	Cache Android SDK	2026-06-06T12:22:58.6383243Z /usr/bin/tar: ../../../../../usr/local/lib/android/sdk/platforms/android-34/data/res/values-mcc310-mnc210-uk: Cannot change mode to rwxr-xr-x: Operation not permitted
build	Cache Android SDK	2026-06-06T12:22:58.6384477Z /usr/bin/tar: ../../../../../usr/local/lib/android/sdk/platforms/android-34/data/res/values-mcc310-mnc410-as: Cannot utime: Operation not permitted
build	Cache Android SDK	2026-06-06T12:22:58.6385398Z /usr/bin/tar: ../../../../../usr/local/lib/android/sdk/platforms/android-34/data/res/values-mcc310-mnc410-as: Cannot change mode to rwxr-xr-x: Operation not permitted
build	Cache Android SDK	2026-06-06T12:22:58.6389051Z /usr/bin/tar: ../../../../../usr/local/lib/android/sdk/platforms/android-34/data/res/values-mcc310-mnc160-ja: Cannot utime: Operation not permitted
build	Cache Android SDK	2026-06-06T12:22:58.6390293Z /usr/bin/tar: ../../../../../usr/local/lib/android/sdk/platforms/android-34/data/res/values-mcc310-mnc160-ja: Cannot change mode to rwxr-xr-x: Operation not permitted
build	Cache Android SDK	2026-06-06T12:22:58.6392601Z /usr/bin/tar: ../../../../../usr/local/lib/android/sdk/platforms/android-34/data/res/values-mcc001-mnc01-si: Cannot utime: Operation not permitted
build	Cache Android SDK	2026-06-06T12:22:58.6393534Z /usr/bin/tar: ../../../../../usr/local/lib/android/sdk/platforms/android-34/data/res/values-mcc001-mnc01-si: Cannot change mode to rwxr-xr-x: Operation not permitted
build	Cache Android SDK	2026-06-06T12:22:58.6397484Z /usr/bin/tar: ../../../../../usr/local/lib/android/sdk/platforms/android-34/data/res/values-mcc001-mnc01-kn: Cannot utime: Operation not permitted
build	Cache Android SDK	2026-06-06T12:22:58.6398567Z /usr/bin/tar: ../../../../../usr/local/lib/android/sdk/platforms/android-34/data/res/values-mcc001-mnc01-kn: Cannot change mode to rwxr-xr-x: Operation not permitted
build	Cache Android SDK	2026-06-06T12:22:58.6401370Z /usr/bin/tar: ../../../../../usr/local/lib/android/sdk/platforms/android-34/data/res/values-mcc311-mnc180-ta: Cannot utime: Operation not permitted
build	Cache Android SDK	2026-06-06T12:22:58.6403031Z /usr/bin/tar: ../../../../../usr/local/lib/android/sdk/platforms/android-34/data/res/values-mcc311-mnc180-ta: Cannot change mode to rwxr-xr-x: Operation not permitted
build	Cache Android SDK	2026-06-06T12:22:58.6410709Z /usr/bin/tar: ../../../../../usr/local/lib/android/sdk/platforms/android-34/data/res/values-fr-rCA-television: Cannot utime: Operation not permitted
build	Cache Android SDK	2026-06-06T12:22:58.6412615Z /usr/bin/tar: ../../../../../usr/local/lib/android/sdk/platforms/android-34/data/res/values-fr-rCA-television: Cannot change mode to rwxr-xr-x: Operation not permitted
build	Cache Android SDK	2026-06-06T12:22:58.6414382Z /usr/bin/tar: ../../../../../usr/local/lib/android/sdk/platforms/android-34/data/res/values-mcc311-mnc180: Cannot utime: Operation not permitted
build	Cache Android SDK	2026-06-06T12:22:58.6416238Z /usr/bin/tar: ../../../../../usr/local/lib/android/sdk/platforms/android-34/data/res/values-mcc311-mnc180: Cannot change mode to rwxr-xr-x: Operation not permitted
build	Cache Android SDK	2026-06-06T12:22:58.6418177Z /usr/bin/tar: ../../../../../usr/local/lib/android/sdk/platforms/android-34/data/res/values-mcc310-mnc200-lv: Cannot utime: Operation not permitted
build	Cache Android SDK	2026-06-06T12:22:58.6419969Z /usr/bin/tar: ../../../../../usr/local/lib/android/sdk/platforms/android-34/data/res/values-mcc310-mnc200-lv: Cannot change mode to rwxr-xr-x: Operation not permitted
build	Cache Android SDK	2026-06-06T12:22:58.6421751Z /usr/bin/tar: ../../../../../usr/local/lib/android/sdk/platforms/android-34/data/res/values-mcc310-mnc310-ta: Cannot utime: Operation not permitted
build	Cache Android SDK	2026-06-06T12:22:58.6423521Z /usr/bin/tar: ../../../../../usr/local/lib/android/sdk/platforms/android-34/data/res/values-mcc310-mnc310-ta: Cannot change mode to rwxr-xr-x: Operation not permitted
build	Cache Android SDK	2026-06-06T12:22:58.6425307Z /usr/bin/tar: ../../../../../usr/local/lib/android/sdk/platforms/android-34/data/res/values-mcc310-mnc270-it: Cannot utime: Operation not permitted
build	Cache Android SDK	2026-06-06T12:22:58.6427088Z /usr/bin/tar: ../../../../../usr/local/lib/android/sdk/platforms/android-34/data/res/values-mcc310-mnc270-it: Cannot change mode to rwxr-xr-x: Operation not permitted
build	Cache Android SDK	2026-06-06T12:22:58.6428774Z /usr/bin/tar: ../../../../../usr/local/lib/android/sdk/platforms/android-34/data/res/values-mcc311-mnc180-hi: Cannot utime: Operation not permitted
build	Cache Android SDK	2026-06-06T12:22:58.6430119Z /usr/bin/tar: ../../../../../usr/local/lib/android/sdk/platforms/android-34/data/res/values-mcc311-mnc180-hi: Cannot change mode to rwxr-xr-x: Operation not permitted
build	Cache Android SDK	2026-06-06T12:22:58.6432355Z /usr/bin/tar: ../../../../../usr/local/lib/android/sdk/platforms/android-34/data/res/values-mcc310-mnc280-b+sr+Latn: Cannot utime: Operation not permitted
build	Cache Android SDK	2026-06-06T12:22:58.6433333Z /usr/bin/tar: ../../../../../usr/local/lib/android/sdk/platforms/android-34/data/res/values-mcc310-mnc280-b+sr+Latn: Cannot change mode to rwxr-xr-x: Operation not permitted
build	Cache Android SDK	2026-06-06T12:22:58.6798145Z /usr/bin/tar: ../../../../../usr/local/lib/android/sdk/platforms/android-34/data/res/values-en-rXC-television: Cannot utime: Operation not permitted
build	Cache Android SDK	2026-06-06T12:22:58.6799704Z /usr/bin/tar: ../../../../../usr/local/lib/android/sdk/platforms/android-34/data/res/values-en-rXC-television: Cannot change mode to rwxr-xr-x: Operation not permitted
build	Cache Android SDK	2026-06-06T12:22:58.6800870Z /usr/bin/tar: ../../../../../usr/local/lib/android/sdk/platforms/android-34/data/res/values-mcc310-mnc170-kn: Cannot utime: Operation not permitted
build	Cache Android SDK	2026-06-06T12:22:58.6801955Z /usr/bin/tar: ../../../../../usr/local/lib/android/sdk/platforms/android-34/data/res/values-mcc310-mnc170-kn: Cannot change mode to rwxr-xr-x: Operation not permitted
build	Cache Android SDK	2026-06-06T12:22:58.6803081Z /usr/bin/tar: ../../../../../usr/local/lib/android/sdk/platforms/android-34/data/res/values-mcc001-mnc01-ur: Cannot utime: Operation not permitted
build	Cache Android SDK	2026-06-06T12:22:58.6804625Z /usr/bin/tar: ../../../../../usr/local/lib/android/sdk/platforms/android-34/data/res/values-mcc001-mnc01-ur: Cannot change mode to rwxr-xr-x: Operation not permitted
build	Cache Android SDK	2026-06-06T12:22:58.6809086Z /usr/bin/tar: ../../../../../usr/local/lib/android/sdk/platforms/android-34/data/res/values-mcc310-mnc560-zu: Cannot utime: Operation not permitted
build	Cache Android SDK	2026-06-06T12:22:58.6810668Z /usr/bin/tar: ../../../../../usr/local/lib/android/sdk/platforms/android-34/data/res/values-mcc310-mnc560-zu: Cannot change mode to rwxr-xr-x: Operation not permitted
build	Cache Android SDK	2026-06-06T12:22:58.6813318Z /usr/bin/tar: ../../../../../usr/local/lib/android/sdk/platforms/android-34/data/res/values-mcc310-mnc200-uk: Cannot utime: Operation not permitted
build	Cache Android SDK	2026-06-06T12:22:58.6814239Z /usr/bin/tar: ../../../../../usr/local/lib/android/sdk/platforms/android-34/data/res/values-mcc310-mnc200-uk: Cannot change mode to rwxr-xr-x: Operation not permitted
build	Cache Android SDK	2026-06-06T12:22:58.7293941Z /usr/bin/tar: ../../../../../usr/local/lib/android/sdk/platforms/android-34/data/res/drawable-ldpi: Cannot utime: Operation not permitted
build	Cache Android SDK	2026-06-06T12:22:58.7295119Z /usr/bin/tar: ../../../../../usr/local/lib/android/sdk/platforms/android-34/data/res/drawable-ldpi: Cannot change mode to rwxr-xr-x: Operation not permitted
build	Cache Android SDK	2026-06-06T12:22:58.7306181Z /usr/bin/tar: ../../../../../usr/local/lib/android/sdk/platforms/android-34/data/res/values-mcc310-mnc220-ka: Cannot utime: Operation not permitted
build	Cache Android SDK	2026-06-06T12:22:58.7307473Z /usr/bin/tar: ../../../../../usr/local/lib/android/sdk/platforms/android-34/data/res/values-mcc310-mnc220-ka: Cannot change mode to rwxr-xr-x: Operation not permitted
build	Cache Android SDK	2026-06-06T12:22:58.7313126Z /usr/bin/tar: ../../../../../usr/local/lib/android/sdk/platforms/android-34/data/res/values-mcc310-mnc170-ml: Cannot utime: Operation not permitted
build	Cache Android SDK	2026-06-06T12:22:58.7314270Z /usr/bin/tar: ../../../../../usr/local/lib/android/sdk/platforms/android-34/data/res/values-mcc310-mnc170-ml: Cannot change mode to rwxr-xr-x: Operation not permitted
build	Cache Android SDK	2026-06-06T12:22:58.7329579Z /usr/bin/tar: ../../../../../usr/local/lib/android/sdk/platforms/android-34/data/res/values-mcc310-mnc380-ar: Cannot utime: Operation not permitted
build	Cache Android SDK	2026-06-06T12:22:58.7330774Z /usr/bin/tar: ../../../../../usr/local/lib/android/sdk/platforms/android-34/data/res/values-mcc310-mnc380-ar: Cannot change mode to rwxr-xr-x: Operation not permitted
build	Cache Android SDK	2026-06-06T12:22:58.7343480Z /usr/bin/tar: ../../../../../usr/local/lib/android/sdk/platforms/android-34/data/res/values-mcc310-mnc160-af: Cannot utime: Operation not permitted
build	Cache Android SDK	2026-06-06T12:22:58.7344557Z /usr/bin/tar: ../../../../../usr/local/lib/android/sdk/platforms/android-34/data/res/values-mcc310-mnc160-af: Cannot change mode to rwxr-xr-x: Operation not permitted
build	Cache Android SDK	2026-06-06T12:22:58.7356937Z /usr/bin/tar: ../../../../../usr/local/lib/android/sdk/platforms/android-34/data/res/values-mcc310-mnc660-bs: Cannot utime: Operation not permitted
build	Cache Android SDK	2026-06-06T12:22:58.7358176Z /usr/bin/tar: ../../../../../usr/local/lib/android/sdk/platforms/android-34/data/res/values-mcc310-mnc660-bs: Cannot change mode to rwxr-xr-x: Operation not permitted
build	Cache Android SDK	2026-06-06T12:22:58.7370912Z /usr/bin/tar: ../../../../../usr/local/lib/android/sdk/platforms/android-34/data/res/values-sv-television: Cannot utime: Operation not permitted
build	Cache Android SDK	2026-06-06T12:22:58.7372078Z /usr/bin/tar: ../../../../../usr/local/lib/android/sdk/platforms/android-34/data/res/values-sv-television: Cannot change mode to rwxr-xr-x: Operation not permitted
build	Cache Android SDK	2026-06-06T12:22:58.7385613Z /usr/bin/tar: ../../../../../usr/local/lib/android/sdk/platforms/android-34/data/res/values-mcc310-mnc150-nl: Cannot utime: Operation not permitted
build	Cache Android SDK	2026-06-06T12:22:58.7396243Z /usr/bin/tar: ../../../../../usr/local/lib/android/sdk/platforms/android-34/data/res/values-mcc310-mnc150-nl: Cannot change mode to rwxr-xr-x: Operation not permitted
build	Cache Android SDK	2026-06-06T12:22:58.7397551Z /usr/bin/tar: ../../../../../usr/local/lib/android/sdk/platforms/android-34/data/res/values-mcc310-mnc270-en-rGB: Cannot utime: Operation not permitted
build	Cache Android SDK	2026-06-06T12:22:58.7398652Z /usr/bin/tar: ../../../../../usr/local/lib/android/sdk/platforms/android-34/data/res/values-mcc310-mnc270-en-rGB: Cannot change mode to rwxr-xr-x: Operation not permitted
build	Cache Android SDK	2026-06-06T12:22:58.7399809Z /usr/bin/tar: ../../../../../usr/local/lib/android/sdk/platforms/android-34/data/res/values-mcc316: Cannot utime: Operation not permitted
build	Cache Android SDK	2026-06-06T12:22:58.7400671Z /usr/bin/tar: ../../../../../usr/local/lib/android/sdk/platforms/android-34/data/res/values-mcc316: Cannot change mode to rwxr-xr-x: Operation not permitted
build	Cache Android SDK	2026-06-06T12:22:58.7409918Z /usr/bin/tar: ../../../../../usr/local/lib/android/sdk/platforms/android-34/data/res/values-mcc001-mnc01-fa: Cannot utime: Operation not permitted
build	Cache Android SDK	2026-06-06T12:22:58.7410942Z /usr/bin/tar: ../../../../../usr/local/lib/android/sdk/platforms/android-34/data/res/values-mcc001-mnc01-fa: Cannot change mode to rwxr-xr-x: Operation not permitted
build	Cache Android SDK	2026-06-06T12:22:58.7427232Z /usr/bin/tar: ../../../../../usr/local/lib/android/sdk/platforms/android-34/data/res/values-mcc310-mnc220-eu: Cannot utime: Operation not permitted
build	Cache Android SDK	2026-06-06T12:22:58.7428549Z /usr/bin/tar: ../../../../../usr/local/lib/android/sdk/platforms/android-34/data/res/values-mcc310-mnc220-eu: Cannot change mode to rwxr-xr-x: Operation not permitted
build	Cache Android SDK	2026-06-06T12:22:58.7444176Z /usr/bin/tar: ../../../../../usr/local/lib/android/sdk/platforms/android-34/data/res/values-mcc310-mnc240: Cannot utime: Operation not permitted
build	Cache Android SDK	2026-06-06T12:22:58.7445421Z /usr/bin/tar: ../../../../../usr/local/lib/android/sdk/platforms/android-34/data/res/values-mcc310-mnc240: Cannot change mode to rwxr-xr-x: Operation not permitted
build	Cache Android SDK	2026-06-06T12:22:58.7454310Z /usr/bin/tar: ../../../../../usr/local/lib/android/sdk/platforms/android-34/data/res/values-mcc313-mnc100-sw: Cannot utime: Operation not permitted
build	Cache Android SDK	2026-06-06T12:22:58.7455723Z /usr/bin/tar: ../../../../../usr/local/lib/android/sdk/platforms/android-34/data/res/values-mcc313-mnc100-sw: Cannot change mode to rwxr-xr-x: Operation not permitted
build	Cache Android SDK	2026-06-06T12:22:58.7471131Z /usr/bin/tar: ../../../../../usr/local/lib/android/sdk/platforms/android-34/data/res/values-mcc310-mnc230-ro: Cannot utime: Operation not permitted
build	Cache Android SDK	2026-06-06T12:22:58.7472615Z /usr/bin/tar: ../../../../../usr/local/lib/android/sdk/platforms/android-34/data/res/values-mcc310-mnc230-ro: Cannot change mode to rwxr-xr-x: Operation not permitted
build	Cache Android SDK	2026-06-06T12:22:58.7479863Z /usr/bin/tar: ../../../../../usr/local/lib/android/sdk/platforms/android-34/data/res/values-mcc310-mnc660-zh-rCN: Cannot utime: Operation not permitted
build	Cache Android SDK	2026-06-06T12:22:58.7481027Z /usr/bin/tar: ../../../../../usr/local/lib/android/sdk/platforms/android-34/data/res/values-mcc310-mnc660-zh-rCN: Cannot change mode to rwxr-xr-x: Operation not permitted
build	Cache Android SDK	2026-06-06T12:22:58.7498047Z /usr/bin/tar: ../../../../../usr/local/lib/android/sdk/platforms/android-34/data/res/values-mcc310-mnc310-lv: Cannot utime: Operation not permitted
build	Cache Android SDK	2026-06-06T12:22:58.7499061Z /usr/bin/tar: ../../../../../usr/local/lib/android/sdk/platforms/android-34/data/res/values-mcc310-mnc310-lv: Cannot change mode to rwxr-xr-x: Operation not permitted
build	Cache Android SDK	2026-06-06T12:22:58.7512757Z /usr/bin/tar: ../../../../../usr/local/lib/android/sdk/platforms/android-34/data/res/values-mcc310-mnc950-km: Cannot utime: Operation not permitted
build	Cache Android SDK	2026-06-06T12:22:58.7513757Z /usr/bin/tar: ../../../../../usr/local/lib/android/sdk/platforms/android-34/data/res/values-mcc310-mnc950-km: Cannot change mode to rwxr-xr-x: Operation not permitted
build	Cache Android SDK	2026-06-06T12:22:58.7524041Z /usr/bin/tar: ../../../../../usr/local/lib/android/sdk/platforms/android-34/data/res/values-mcc310-mnc560-ar: Cannot utime: Operation not permitted
build	Cache Android SDK	2026-06-06T12:22:58.7525073Z /usr/bin/tar: ../../../../../usr/local/lib/android/sdk/platforms/android-34/data/res/values-mcc310-mnc560-ar: Cannot change mode to rwxr-xr-x: Operation not permitted
build	Cache Android SDK	2026-06-06T12:22:58.7532503Z /usr/bin/tar: ../../../../../usr/local/lib/android/sdk/platforms/android-34/data/res/values-mcc310-mnc230-mr: Cannot utime: Operation not permitted
build	Cache Android SDK	2026-06-06T12:22:58.7533450Z /usr/bin/tar: ../../../../../usr/local/lib/android/sdk/platforms/android-34/data/res/values-mcc310-mnc230-mr: Cannot change mode to rwxr-xr-x: Operation not permitted
build	Cache Android SDK	2026-06-06T12:22:58.7551260Z /usr/bin/tar: ../../../../../usr/local/lib/android/sdk/platforms/android-34/data/res/values-mcc310-mnc230-mk: Cannot utime: Operation not permitted
build	Cache Android SDK	2026-06-06T12:22:58.7552469Z /usr/bin/tar: ../../../../../usr/local/lib/android/sdk/platforms/android-34/data/res/values-mcc310-mnc230-mk: Cannot change mode to rwxr-xr-x: Operation not permitted
build	Cache Android SDK	2026-06-06T12:22:58.7554841Z /usr/bin/tar: ../../../../../usr/local/lib/android/sdk/platforms/android-34/data/res/values-mcc311-mnc180-ca: Cannot utime: Operation not permitted
build	Cache Android SDK	2026-06-06T12:22:58.7555776Z /usr/bin/tar: ../../../../../usr/local/lib/android/sdk/platforms/android-34/data/res/values-mcc311-mnc180-ca: Cannot change mode to rwxr-xr-x: Operation not permitted
build	Cache Android SDK	2026-06-06T12:22:58.7575338Z /usr/bin/tar: ../../../../../usr/local/lib/android/sdk/platforms/android-34/data/res/drawable-nodpi: Cannot utime: Operation not permitted
build	Cache Android SDK	2026-06-06T12:22:58.7576984Z /usr/bin/tar: ../../../../../usr/local/lib/android/sdk/platforms/android-34/data/res/drawable-nodpi: Cannot change mode to rwxr-xr-x: Operation not permitted
build	Cache Android SDK	2026-06-06T12:22:58.7582367Z /usr/bin/tar: ../../../../../usr/local/lib/android/sdk/platforms/android-34/data/res/values-w208dp: Cannot utime: Operation not permitted
build	Cache Android SDK	2026-06-06T12:22:58.7583275Z /usr/bin/tar: ../../../../../usr/local/lib/android/sdk/platforms/android-34/data/res/values-w208dp: Cannot change mode to rwxr-xr-x: Operation not permitted
build	Cache Android SDK	2026-06-06T12:22:58.7594330Z /usr/bin/tar: ../../../../../usr/local/lib/android/sdk/platforms/android-34/data/res/values-mcc310-mnc030-lo: Cannot utime: Operation not permitted
build	Cache Android SDK	2026-06-06T12:22:58.7595369Z /usr/bin/tar: ../../../../../usr/local/lib/android/sdk/platforms/android-34/data/res/values-mcc310-mnc030-lo: Cannot change mode to rwxr-xr-x: Operation not permitted
build	Cache Android SDK	2026-06-06T12:22:58.7598267Z /usr/bin/tar: ../../../../../usr/local/lib/android/sdk/platforms/android-34/data/res/values-mcc310-mnc240-sv: Cannot utime: Operation not permitted
build	Cache Android SDK	2026-06-06T12:22:58.7599215Z /usr/bin/tar: ../../../../../usr/local/lib/android/sdk/platforms/android-34/data/res/values-mcc310-mnc240-sv: Cannot change mode to rwxr-xr-x: Operation not permitted
build	Cache Android SDK	2026-06-06T12:22:58.7742707Z /usr/bin/tar: ../../../../../usr/local/lib/android/sdk/platforms/android-34/data/res/values-mcc310-mnc240-am: Cannot utime: Operation not permitted
build	Cache Android SDK	2026-06-06T12:22:58.7743774Z /usr/bin/tar: ../../../../../usr/local/lib/android/sdk/platforms/android-34/data/res/values-mcc310-mnc240-am: Cannot change mode to rwxr-xr-x: Operation not permitted
build	Cache Android SDK	2026-06-06T12:22:58.7748307Z /usr/bin/tar: ../../../../../usr/local/lib/android/sdk/platforms/android-34/data/res/values-mcc234-mnc20: Cannot utime: Operation not permitted
build	Cache Android SDK	2026-06-06T12:22:58.7749785Z /usr/bin/tar: ../../../../../usr/local/lib/android/sdk/platforms/android-34/data/res/values-mcc234-mnc20: Cannot change mode to rwxr-xr-x: Operation not permitted
build	Cache Android SDK	2026-06-06T12:22:58.7751396Z /usr/bin/tar: ../../../../../usr/local/lib/android/sdk/platforms/android-34/data/res/values-mcc310-mnc380-ta: Cannot utime: Operation not permitted
build	Cache Android SDK	2026-06-06T12:22:58.7752460Z /usr/bin/tar: ../../../../../usr/local/lib/android/sdk/platforms/android-34/data/res/values-mcc310-mnc380-ta: Cannot change mode to rwxr-xr-x: Operation not permitted
build	Cache Android SDK	2026-06-06T12:22:58.7771235Z /usr/bin/tar: ../../../../../usr/local/lib/android/sdk/platforms/android-34/data/res/values-mcc310-mnc170-sq: Cannot utime: Operation not permitted
build	Cache Android SDK	2026-06-06T12:22:58.7772285Z /usr/bin/tar: ../../../../../usr/local/lib/android/sdk/platforms/android-34/data/res/values-mcc310-mnc170-sq: Cannot change mode to rwxr-xr-x: Operation not permitted
build	Cache Android SDK	2026-06-06T12:22:58.7793108Z /usr/bin/tar: ../../../../../usr/local/lib/android/sdk/platforms/android-34/data/res/values-mcc425: Cannot utime: Operation not permitted
build	Cache Android SDK	2026-06-06T12:22:58.7794183Z /usr/bin/tar: ../../../../../usr/local/lib/android/sdk/platforms/android-34/data/res/values-mcc425: Cannot change mode to rwxr-xr-x: Operation not permitted
build	Cache Android SDK	2026-06-06T12:22:58.7814583Z /usr/bin/tar: ../../../../../usr/local/lib/android/sdk/platforms/android-34/data/res/values-mcc310-mnc270-et: Cannot utime: Operation not permitted
build	Cache Android SDK	2026-06-06T12:22:58.7815785Z /usr/bin/tar: ../../../../../usr/local/lib/android/sdk/platforms/android-34/data/res/values-mcc310-mnc270-et: Cannot change mode to rwxr-xr-x: Operation not permitted
build	Cache Android SDK	2026-06-06T12:22:58.7827731Z /usr/bin/tar: ../../../../../usr/local/lib/android/sdk/platforms/android-34/data/res/values-mcc302-mnc720-as: Cannot utime: Operation not permitted
build	Cache Android SDK	2026-06-06T12:22:58.7828686Z /usr/bin/tar: ../../../../../usr/local/lib/android/sdk/platforms/android-34/data/res/values-mcc302-mnc720-as: Cannot change mode to rwxr-xr-x: Operation not permitted
build	Cache Android SDK	2026-06-06T12:22:58.7837706Z /usr/bin/tar: ../../../../../usr/local/lib/android/sdk/platforms/android-34/data/res/values-mcc310-mnc490-te: Cannot utime: Operation not permitted
build	Cache Android SDK	2026-06-06T12:22:58.7838998Z /usr/bin/tar: ../../../../../usr/local/lib/android/sdk/platforms/android-34/data/res/values-mcc310-mnc490-te: Cannot change mode to rwxr-xr-x: Operation not permitted
build	Cache Android SDK	2026-06-06T12:22:58.7861317Z /usr/bin/tar: ../../../../../usr/local/lib/android/sdk/platforms/android-34/data/res/values-mcc310-mnc160-th: Cannot utime: Operation not permitted
build	Cache Android SDK	2026-06-06T12:22:58.7863017Z /usr/bin/tar: ../../../../../usr/local/lib/android/sdk/platforms/android-34/data/res/values-mcc310-mnc160-th: Cannot change mode to rwxr-xr-x: Operation not permitted
build	Cache Android SDK	2026-06-06T12:22:58.7864594Z /usr/bin/tar: ../../../../../usr/local/lib/android/sdk/platforms/android-34/data/res/values-mcc310-mnc200-sr: Cannot utime: Operation not permitted
build	Cache Android SDK	2026-06-06T12:22:58.7865533Z /usr/bin/tar: ../../../../../usr/local/lib/android/sdk/platforms/android-34/data/res/values-mcc310-mnc200-sr: Cannot change mode to rwxr-xr-x: Operation not permitted
build	Cache Android SDK	2026-06-06T12:22:58.7890922Z /usr/bin/tar: ../../../../../usr/local/lib/android/sdk/platforms/android-34/data/res/values-da: Cannot utime: Operation not permitted
build	Cache Android SDK	2026-06-06T12:22:58.7891838Z /usr/bin/tar: ../../../../../usr/local/lib/android/sdk/platforms/android-34/data/res/values-da: Cannot change mode to rwxr-xr-x: Operation not permitted
build	Cache Android SDK	2026-06-06T12:22:58.7897066Z /usr/bin/tar: ../../../../../usr/local/lib/android/sdk/platforms/android-34/data/res/values-mcc310-mnc170-et: Cannot utime: Operation not permitted
build	Cache Android SDK	2026-06-06T12:22:58.7898539Z /usr/bin/tar: ../../../../../usr/local/lib/android/sdk/platforms/android-34/data/res/values-mcc310-mnc170-et: Cannot change mode to rwxr-xr-x: Operation not permitted
build	Cache Android SDK	2026-06-06T12:22:58.7901811Z /usr/bin/tar: ../../../../../usr/local/lib/android/sdk/platforms/android-34/data/res/values-mcc310-mnc160-en-rIN: Cannot utime: Operation not permitted
build	Cache Android SDK	2026-06-06T12:22:58.7902882Z /usr/bin/tar: ../../../../../usr/local/lib/android/sdk/platforms/android-34/data/res/values-mcc310-mnc160-en-rIN: Cannot change mode to rwxr-xr-x: Operation not permitted
build	Cache Android SDK	2026-06-06T12:22:58.7905316Z /usr/bin/tar: ../../../../../usr/local/lib/android/sdk/platforms/android-34/data/res/values-mcc302-mnc370-da: Cannot utime: Operation not permitted
build	Cache Android SDK	2026-06-06T12:22:58.7906343Z /usr/bin/tar: ../../../../../usr/local/lib/android/sdk/platforms/android-34/data/res/values-mcc302-mnc370-da: Cannot change mode to rwxr-xr-x: Operation not permitted
build	Cache Android SDK	2026-06-06T12:22:58.7909292Z /usr/bin/tar: ../../../../../usr/local/lib/android/sdk/platforms/android-34/data/res/values-mcc310-mnc490-sv: Cannot utime: Operation not permitted
build	Cache Android SDK	2026-06-06T12:22:58.7910464Z /usr/bin/tar: ../../../../../usr/local/lib/android/sdk/platforms/android-34/data/res/values-mcc310-mnc490-sv: Cannot change mode to rwxr-xr-x: Operation not permitted
build	Cache Android SDK	2026-06-06T12:22:58.7921436Z /usr/bin/tar: ../../../../../usr/local/lib/android/sdk/platforms/android-34/data/res/values-ru-television: Cannot utime: Operation not permitted
build	Cache Android SDK	2026-06-06T12:22:58.7923109Z /usr/bin/tar: ../../../../../usr/local/lib/android/sdk/platforms/android-34/data/res/values-ru-television: Cannot change mode to rwxr-xr-x: Operation not permitted
build	Cache Android SDK	2026-06-06T12:22:58.7924956Z /usr/bin/tar: ../../../../../usr/local/lib/android/sdk/platforms/android-34/data/res/values-mcc310-mnc380-it: Cannot utime: Operation not permitted
build	Cache Android SDK	2026-06-06T12:22:58.7925999Z /usr/bin/tar: ../../../../../usr/local/lib/android/sdk/platforms/android-34/data/res/values-mcc310-mnc380-it: Cannot change mode to rwxr-xr-x: Operation not permitted
build	Cache Android SDK	2026-06-06T12:22:58.7931494Z /usr/bin/tar: ../../../../../usr/local/lib/android/sdk/platforms/android-34/data/res/values-mcc001-mnc01-sw: Cannot utime: Operation not permitted
build	Cache Android SDK	2026-06-06T12:22:58.7932560Z /usr/bin/tar: ../../../../../usr/local/lib/android/sdk/platforms/android-34/data/res/values-mcc001-mnc01-sw: Cannot change mode to rwxr-xr-x: Operation not permitted
build	Cache Android SDK	2026-06-06T12:22:58.7949877Z /usr/bin/tar: ../../../../../usr/local/lib/android/sdk/platforms/android-34/data/res/values-kn-watch: Cannot utime: Operation not permitted
build	Cache Android SDK	2026-06-06T12:22:58.7951298Z /usr/bin/tar: ../../../../../usr/local/lib/android/sdk/platforms/android-34/data/res/values-kn-watch: Cannot change mode to rwxr-xr-x: Operation not permitted
build	Cache Android SDK	2026-06-06T12:22:58.7958790Z /usr/bin/tar: ../../../../../usr/local/lib/android/sdk/platforms/android-34/data/res/values-mcc310-mnc660-am: Cannot utime: Operation not permitted
build	Cache Android SDK	2026-06-06T12:22:58.7960779Z /usr/bin/tar: ../../../../../usr/local/lib/android/sdk/platforms/android-34/data/res/values-mcc310-mnc660-am: Cannot change mode to rwxr-xr-x: Operation not permitted
build	Cache Android SDK	2026-06-06T12:22:58.7962629Z /usr/bin/tar: ../../../../../usr/local/lib/android/sdk/platforms/android-34/data/res/values-mcc310-mnc240-b+sr+Latn: Cannot utime: Operation not permitted
build	Cache Android SDK	2026-06-06T12:22:58.7964555Z /usr/bin/tar: ../../../../../usr/local/lib/android/sdk/platforms/android-34/data/res/values-mcc310-mnc240-b+sr+Latn: Cannot change mode to rwxr-xr-x: Operation not permitted
build	Cache Android SDK	2026-06-06T12:22:58.7966313Z /usr/bin/tar: ../../../../../usr/local/lib/android/sdk/platforms/android-34/data/res/values-as-watch: Cannot utime: Operation not permitted
build	Cache Android SDK	2026-06-06T12:22:58.7968170Z /usr/bin/tar: ../../../../../usr/local/lib/android/sdk/platforms/android-34/data/res/values-as-watch: Cannot change mode to rwxr-xr-x: Operation not permitted
build	Cache Android SDK	2026-06-06T12:22:58.7969866Z /usr/bin/tar: ../../../../../usr/local/lib/android/sdk/platforms/android-34/data/res/values-mcc310-mnc270-fa: Cannot utime: Operation not permitted
build	Cache Android SDK	2026-06-06T12:22:58.7971660Z /usr/bin/tar: ../../../../../usr/local/lib/android/sdk/platforms/android-34/data/res/values-mcc310-mnc270-fa: Cannot change mode to rwxr-xr-x: Operation not permitted
build	Cache Android SDK	2026-06-06T12:22:58.7972822Z /usr/bin/tar: ../../../../../usr/local/lib/android/sdk/platforms/android-34/data/res/values-mcc310-mnc410-ky: Cannot utime: Operation not permitted
build	Cache Android SDK	2026-06-06T12:22:58.7974286Z /usr/bin/tar: ../../../../../usr/local/lib/android/sdk/platforms/android-34/data/res/values-mcc310-mnc410-ky: Cannot change mode to rwxr-xr-x: Operation not permitted
build	Cache Android SDK	2026-06-06T12:22:58.7975818Z /usr/bin/tar: ../../../../../usr/local/lib/android/sdk/platforms/android-34/data/res/values-mcc310-mnc030-lt: Cannot utime: Operation not permitted
build	Cache Android SDK	2026-06-06T12:22:58.7977821Z /usr/bin/tar: ../../../../../usr/local/lib/android/sdk/platforms/android-34/data/res/values-mcc310-mnc030-lt: Cannot change mode to rwxr-xr-x: Operation not permitted
build	Cache Android SDK	2026-06-06T12:22:58.7997612Z /usr/bin/tar: ../../../../../usr/local/lib/android/sdk/platforms/android-34/data/res/values-mcc310-mnc030-my: Cannot utime: Operation not permitted
build	Cache Android SDK	2026-06-06T12:22:58.7999981Z /usr/bin/tar: ../../../../../usr/local/lib/android/sdk/platforms/android-34/data/res/values-mcc310-mnc030-my: Cannot change mode to rwxr-xr-x: Operation not permitted
build	Cache Android SDK	2026-06-06T12:22:58.8001995Z /usr/bin/tar: ../../../../../usr/local/lib/android/sdk/platforms/android-34/data/res/values-mcc310-mnc270-my: Cannot utime: Operation not permitted
build	Cache Android SDK	2026-06-06T12:22:58.8003977Z /usr/bin/tar: ../../../../../usr/local/lib/android/sdk/platforms/android-34/data/res/values-mcc310-mnc270-my: Cannot change mode to rwxr-xr-x: Operation not permitted
build	Cache Android SDK	2026-06-06T12:22:58.8005937Z /usr/bin/tar: ../../../../../usr/local/lib/android/sdk/platforms/android-34/data/res/values-hi-television: Cannot utime: Operation not permitted
build	Cache Android SDK	2026-06-06T12:22:58.8008034Z /usr/bin/tar: ../../../../../usr/local/lib/android/sdk/platforms/android-34/data/res/values-hi-television: Cannot change mode to rwxr-xr-x: Operation not permitted
build	Cache Android SDK	2026-06-06T12:22:58.8009421Z /usr/bin/tar: ../../../../../usr/local/lib/android/sdk/platforms/android-34/data/res/values-mcc312-mnc670-sr: Cannot utime: Operation not permitted
build	Cache Android SDK	2026-06-06T12:22:58.8010503Z /usr/bin/tar: ../../../../../usr/local/lib/android/sdk/platforms/android-34/data/res/values-mcc312-mnc670-sr: Cannot change mode to rwxr-xr-x: Operation not permitted
build	Cache Android SDK	2026-06-06T12:22:58.8012510Z /usr/bin/tar: ../../../../../usr/local/lib/android/sdk/platforms/android-34/data/res/values-mcc310-mnc270-zh-rHK: Cannot utime: Operation not permitted
build	Cache Android SDK	2026-06-06T12:22:58.8014767Z /usr/bin/tar: ../../../../../usr/local/lib/android/sdk/platforms/android-34/data/res/values-mcc310-mnc270-zh-rHK: Cannot change mode to rwxr-xr-x: Operation not permitted
build	Cache Android SDK	2026-06-06T12:22:58.8017014Z /usr/bin/tar: ../../../../../usr/local/lib/android/sdk/platforms/android-34/data/res/values-mcc310-mnc560-pt: Cannot utime: Operation not permitted
build	Cache Android SDK	2026-06-06T12:22:58.8019198Z /usr/bin/tar: ../../../../../usr/local/lib/android/sdk/platforms/android-34/data/res/values-mcc310-mnc560-pt: Cannot change mode to rwxr-xr-x: Operation not permitted
build	Cache Android SDK	2026-06-06T12:22:58.8024705Z /usr/bin/tar: ../../../../../usr/local/lib/android/sdk/platforms/android-34/data/res/values-mcc310-mnc160-pt-rPT: Cannot utime: Operation not permitted
build	Cache Android SDK	2026-06-06T12:22:58.8025778Z /usr/bin/tar: ../../../../../usr/local/lib/android/sdk/platforms/android-34/data/res/values-mcc310-mnc160-pt-rPT: Cannot change mode to rwxr-xr-x: Operation not permitted
build	Cache Android SDK	2026-06-06T12:22:58.8028805Z /usr/bin/tar: ../../../../../usr/local/lib/android/sdk/platforms/android-34/data/res/values-mcc310-mnc490-fa: Cannot utime: Operation not permitted
build	Cache Android SDK	2026-06-06T12:22:58.8029778Z /usr/bin/tar: ../../../../../usr/local/lib/android/sdk/platforms/android-34/data/res/values-mcc310-mnc490-fa: Cannot change mode to rwxr-xr-x: Operation not permitted
build	Cache Android SDK	2026-06-06T12:22:58.8046561Z /usr/bin/tar: ../../../../../usr/local/lib/android/sdk/platforms/android-34/data/res/values-mcc302-mnc370-sq: Cannot utime: Operation not permitted
build	Cache Android SDK	2026-06-06T12:22:58.8047720Z /usr/bin/tar: ../../../../../usr/local/lib/android/sdk/platforms/android-34/data/res/values-mcc302-mnc370-sq: Cannot change mode to rwxr-xr-x: Operation not permitted
build	Cache Android SDK	2026-06-06T12:22:58.8058299Z /usr/bin/tar: ../../../../../usr/local/lib/android/sdk/platforms/android-34/data/res/values-mcc310-mnc210-fr: Cannot utime: Operation not permitted
build	Cache Android SDK	2026-06-06T12:22:58.8059330Z /usr/bin/tar: ../../../../../usr/local/lib/android/sdk/platforms/android-34/data/res/values-mcc310-mnc210-fr: Cannot change mode to rwxr-xr-x: Operation not permitted
build	Cache Android SDK	2026-06-06T12:22:58.8065103Z /usr/bin/tar: ../../../../../usr/local/lib/android/sdk/platforms/android-34/data/res/values-mcc310-mnc030-sl: Cannot utime: Operation not permitted
build	Cache Android SDK	2026-06-06T12:22:58.8067945Z /usr/bin/tar: ../../../../../usr/local/lib/android/sdk/platforms/android-34/data/res/values-mcc310-mnc030-sl: Cannot change mode to rwxr-xr-x: Operation not permitted
build	Cache Android SDK	2026-06-06T12:22:58.8213061Z /usr/bin/tar: ../../../../../usr/local/lib/android/sdk/platforms/android-34/data/res/values-mcc310-mnc410-tr: Cannot utime: Operation not permitted
build	Cache Android SDK	2026-06-06T12:22:58.8215084Z /usr/bin/tar: ../../../../../usr/local/lib/android/sdk/platforms/android-34/data/res/values-mcc310-mnc410-tr: Cannot change mode to rwxr-xr-x: Operation not permitted
build	Cache Android SDK	2026-06-06T12:22:58.8218817Z /usr/bin/tar: ../../../../../usr/local/lib/android/sdk/platforms/android-34/data/res/values-mcc302-mnc720-kn: Cannot utime: Operation not permitted
build	Cache Android SDK	2026-06-06T12:22:58.8220649Z /usr/bin/tar: ../../../../../usr/local/lib/android/sdk/platforms/android-34/data/res/values-mcc302-mnc720-kn: Cannot change mode to rwxr-xr-x: Operation not permitted
build	Cache Android SDK	2026-06-06T12:22:58.8223027Z /usr/bin/tar: ../../../../../usr/local/lib/android/sdk/platforms/android-34/data/res/values-mcc001-mnc01-fr: Cannot utime: Operation not permitted
build	Cache Android SDK	2026-06-06T12:22:58.8224930Z /usr/bin/tar: ../../../../../usr/local/lib/android/sdk/platforms/android-34/data/res/values-mcc001-mnc01-fr: Cannot change mode to rwxr-xr-x: Operation not permitted
build	Cache Android SDK	2026-06-06T12:22:58.8227781Z /usr/bin/tar: ../../../../../usr/local/lib/android/sdk/platforms/android-34/data/res/values-mcc310-mnc490-sq: Cannot utime: Operation not permitted
build	Cache Android SDK	2026-06-06T12:22:58.8229729Z /usr/bin/tar: ../../../../../usr/local/lib/android/sdk/platforms/android-34/data/res/values-mcc310-mnc490-sq: Cannot change mode to rwxr-xr-x: Operation not permitted
build	Cache Android SDK	2026-06-06T12:22:58.8230931Z /usr/bin/tar: ../../../../../usr/local/lib/android/sdk/platforms/android-34/data/res/values-mcc310-mnc170-el: Cannot utime: Operation not permitted
build	Cache Android SDK	2026-06-06T12:22:58.8232008Z /usr/bin/tar: ../../../../../usr/local/lib/android/sdk/platforms/android-34/data/res/values-mcc310-mnc170-el: Cannot change mode to rwxr-xr-x: Operation not permitted
build	Cache Android SDK	2026-06-06T12:22:58.8238807Z /usr/bin/tar: ../../../../../usr/local/lib/android/sdk/platforms/android-34/data/res/values-mcc310-mnc030-fi: Cannot utime: Operation not permitted
build	Cache Android SDK	2026-06-06T12:22:58.8241631Z /usr/bin/tar: ../../../../../usr/local/lib/android/sdk/platforms/android-34/data/res/values-mcc310-mnc030-fi: Cannot change mode to rwxr-xr-x: Operation not permitted
build	Cache Android SDK	2026-06-06T12:22:58.8245628Z /usr/bin/tar: ../../../../../usr/local/lib/android/sdk/platforms/android-34/data/res/values-mcc310-mnc560-pt-rBR: Cannot utime: Operation not permitted
build	Cache Android SDK	2026-06-06T12:22:58.8246697Z /usr/bin/tar: ../../../../../usr/local/lib/android/sdk/platforms/android-34/data/res/values-mcc310-mnc560-pt-rBR: Cannot change mode to rwxr-xr-x: Operation not permitted
build	Cache Android SDK	2026-06-06T12:22:58.8248144Z /usr/bin/tar: ../../../../../usr/local/lib/android/sdk/platforms/android-34/data/res/values-mcc310-mnc230-fi: Cannot utime: Operation not permitted
build	Cache Android SDK	2026-06-06T12:22:58.8250365Z /usr/bin/tar: ../../../../../usr/local/lib/android/sdk/platforms/android-34/data/res/values-mcc310-mnc230-fi: Cannot change mode to rwxr-xr-x: Operation not permitted
build	Cache Android SDK	2026-06-06T12:22:58.8259253Z /usr/bin/tar: ../../../../../usr/local/lib/android/sdk/platforms/android-34/data/res/values-mcc310-mnc170-it: Cannot utime: Operation not permitted
build	Cache Android SDK	2026-06-06T12:22:58.8261444Z /usr/bin/tar: ../../../../../usr/local/lib/android/sdk/platforms/android-34/data/res/values-mcc310-mnc170-it: Cannot change mode to rwxr-xr-x: Operation not permitted
build	Cache Android SDK	2026-06-06T12:22:58.8287254Z /usr/bin/tar: ../../../../../usr/local/lib/android/sdk/platforms/android-34/data/res/values-as: Cannot utime: Operation not permitted
build	Cache Android SDK	2026-06-06T12:22:58.8306451Z /usr/bin/tar: ../../../../../usr/local/lib/android/sdk/platforms/android-34/data/res/values-as: Cannot change mode to rwxr-xr-x: Operation not permitted
build	Cache Android SDK	2026-06-06T12:22:58.8308441Z /usr/bin/tar: ../../../../../usr/local/lib/android/sdk/platforms/android-34/data/res/values-w320dp-h426dp: Cannot utime: Operation not permitted
build	Cache Android SDK	2026-06-06T12:22:58.8310463Z /usr/bin/tar: ../../../../../usr/local/lib/android/sdk/platforms/android-34/data/res/values-w320dp-h426dp: Cannot change mode to rwxr-xr-x: Operation not permitted
build	Cache Android SDK	2026-06-06T12:22:58.8326033Z /usr/bin/tar: ../../../../../usr/local/lib/android/sdk/platforms/android-34/data/res/values-mcc310-mnc270-bs: Cannot utime: Operation not permitted
build	Cache Android SDK	2026-06-06T12:22:58.8327298Z /usr/bin/tar: ../../../../../usr/local/lib/android/sdk/platforms/android-34/data/res/values-mcc310-mnc270-bs: Cannot change mode to rwxr-xr-x: Operation not permitted
build	Cache Android SDK	2026-06-06T12:22:58.8328767Z /usr/bin/tar: ../../../../../usr/local/lib/android/sdk/platforms/android-34/data/res/values-mcc310-mnc230-sr: Cannot utime: Operation not permitted
build	Cache Android SDK	2026-06-06T12:22:58.8330340Z /usr/bin/tar: ../../../../../usr/local/lib/android/sdk/platforms/android-34/data/res/values-mcc310-mnc230-sr: Cannot change mode to rwxr-xr-x: Operation not permitted
build	Cache Android SDK	2026-06-06T12:22:58.8331356Z /usr/bin/tar: ../../../../../usr/local/lib/android/sdk/platforms/android-34/data/res/values-mcc313-mnc100-si: Cannot utime: Operation not permitted
build	Cache Android SDK	2026-06-06T12:22:58.8332885Z /usr/bin/tar: ../../../../../usr/local/lib/android/sdk/platforms/android-34/data/res/values-mcc313-mnc100-si: Cannot change mode to rwxr-xr-x: Operation not permitted
build	Cache Android SDK	2026-06-06T12:22:58.8339114Z /usr/bin/tar: ../../../../../usr/local/lib/android/sdk/platforms/android-34/data/res/values-bs: Cannot utime: Operation not permitted
build	Cache Android SDK	2026-06-06T12:22:58.8339987Z /usr/bin/tar: ../../../../../usr/local/lib/android/sdk/platforms/android-34/data/res/values-bs: Cannot change mode to rwxr-xr-x: Operation not permitted
build	Cache Android SDK	2026-06-06T12:22:58.8340970Z /usr/bin/tar: ../../../../../usr/local/lib/android/sdk/platforms/android-34/data/res/values-mcc310-mnc230-pt-rPT: Cannot utime: Operation not permitted
build	Cache Android SDK	2026-06-06T12:22:58.8342542Z /usr/bin/tar: ../../../../../usr/local/lib/android/sdk/platforms/android-34/data/res/values-mcc310-mnc230-pt-rPT: Cannot change mode to rwxr-xr-x: Operation not permitted
build	Cache Android SDK	2026-06-06T12:22:58.8343519Z /usr/bin/tar: ../../../../../usr/local/lib/android/sdk/platforms/android-34/data/res/values-mcc310-mnc170-zh-rCN: Cannot utime: Operation not permitted
build	Cache Android SDK	2026-06-06T12:22:58.8344467Z /usr/bin/tar: ../../../../../usr/local/lib/android/sdk/platforms/android-34/data/res/values-mcc310-mnc170-zh-rCN: Cannot change mode to rwxr-xr-x: Operation not permitted
build	Cache Android SDK	2026-06-06T12:22:58.8346196Z /usr/bin/tar: ../../../../../usr/local/lib/android/sdk/platforms/android-34/data/res/values-mcc313-mnc100-lo: Cannot utime: Operation not permitted
build	Cache Android SDK	2026-06-06T12:22:58.8347981Z /usr/bin/tar: ../../../../../usr/local/lib/android/sdk/platforms/android-34/data/res/values-mcc313-mnc100-lo: Cannot change mode to rwxr-xr-x: Operation not permitted
build	Cache Android SDK	2026-06-06T12:22:58.8350667Z /usr/bin/tar: ../../../../../usr/local/lib/android/sdk/platforms/android-34/data/res/values-mcc302-mnc370-th: Cannot utime: Operation not permitted
build	Cache Android SDK	2026-06-06T12:22:58.8352509Z /usr/bin/tar: ../../../../../usr/local/lib/android/sdk/platforms/android-34/data/res/values-mcc302-mnc370-th: Cannot change mode to rwxr-xr-x: Operation not permitted
build	Cache Android SDK	2026-06-06T12:22:58.8355263Z /usr/bin/tar: ../../../../../usr/local/lib/android/sdk/platforms/android-34/data/res/values-mcc310-mnc160-si: Cannot utime: Operation not permitted
build	Cache Android SDK	2026-06-06T12:22:58.8357053Z /usr/bin/tar: ../../../../../usr/local/lib/android/sdk/platforms/android-34/data/res/values-mcc310-mnc160-si: Cannot change mode to rwxr-xr-x: Operation not permitted
build	Cache Android SDK	2026-06-06T12:22:58.8358571Z /usr/bin/tar: ../../../../../usr/local/lib/android/sdk/platforms/android-34/data/res/values-mcc311-mnc180-or: Cannot utime: Operation not permitted
build	Cache Android SDK	2026-06-06T12:22:58.8359524Z /usr/bin/tar: ../../../../../usr/local/lib/android/sdk/platforms/android-34/data/res/values-mcc311-mnc180-or: Cannot change mode to rwxr-xr-x: Operation not permitted
build	Cache Android SDK	2026-06-06T12:22:58.8363970Z /usr/bin/tar: ../../../../../usr/local/lib/android/sdk/platforms/android-34/data/res/values-mcc312-mnc670-hu: Cannot utime: Operation not permitted
build	Cache Android SDK	2026-06-06T12:22:58.8365900Z /usr/bin/tar: ../../../../../usr/local/lib/android/sdk/platforms/android-34/data/res/values-mcc312-mnc670-hu: Cannot change mode to rwxr-xr-x: Operation not permitted
build	Cache Android SDK	2026-06-06T12:22:58.8368030Z /usr/bin/tar: ../../../../../usr/local/lib/android/sdk/platforms/android-34/data/res/values-mcc302-mnc720-ml: Cannot utime: Operation not permitted
build	Cache Android SDK	2026-06-06T12:22:58.8369941Z /usr/bin/tar: ../../../../../usr/local/lib/android/sdk/platforms/android-34/data/res/values-mcc302-mnc720-ml: Cannot change mode to rwxr-xr-x: Operation not permitted
build	Cache Android SDK	2026-06-06T12:22:58.8374851Z /usr/bin/tar: ../../../../../usr/local/lib/android/sdk/platforms/android-34/data/res/values-mcc310-mnc410-pt: Cannot utime: Operation not permitted
build	Cache Android SDK	2026-06-06T12:22:58.8376007Z /usr/bin/tar: ../../../../../usr/local/lib/android/sdk/platforms/android-34/data/res/values-mcc310-mnc410-pt: Cannot change mode to rwxr-xr-x: Operation not permitted
build	Cache Android SDK	2026-06-06T12:22:58.8380010Z /usr/bin/tar: ../../../../../usr/local/lib/android/sdk/platforms/android-34/data/res/values-mcc313-mnc100-zu: Cannot utime: Operation not permitted
build	Cache Android SDK	2026-06-06T12:22:58.8381978Z /usr/bin/tar: ../../../../../usr/local/lib/android/sdk/platforms/android-34/data/res/values-mcc313-mnc100-zu: Cannot change mode to rwxr-xr-x: Operation not permitted
build	Cache Android SDK	2026-06-06T12:22:58.8383944Z /usr/bin/tar: ../../../../../usr/local/lib/android/sdk/platforms/android-34/data/res/values-mcc310-mnc560-ca: Cannot utime: Operation not permitted
build	Cache Android SDK	2026-06-06T12:22:58.8386047Z /usr/bin/tar: ../../../../../usr/local/lib/android/sdk/platforms/android-34/data/res/values-mcc310-mnc560-ca: Cannot change mode to rwxr-xr-x: Operation not permitted
build	Cache Android SDK	2026-06-06T12:22:58.8387781Z /usr/bin/tar: ../../../../../usr/local/lib/android/sdk/platforms/android-34/data/res/values-bg-watch: Cannot utime: Operation not permitted
build	Cache Android SDK	2026-06-06T12:22:58.8388756Z /usr/bin/tar: ../../../../../usr/local/lib/android/sdk/platforms/android-34/data/res/values-bg-watch: Cannot change mode to rwxr-xr-x: Operation not permitted
build	Cache Android SDK	2026-06-06T12:22:58.8812344Z /usr/bin/tar: ../../../../../usr/local/lib/android/sdk/platforms/android-34/data/res/drawable: Cannot utime: Operation not permitted
build	Cache Android SDK	2026-06-06T12:22:58.8813274Z /usr/bin/tar: ../../../../../usr/local/lib/android/sdk/platforms/android-34/data/res/drawable: Cannot change mode to rwxr-xr-x: Operation not permitted
build	Cache Android SDK	2026-06-06T12:22:58.9331159Z /usr/bin/tar: ../../../../../usr/local/lib/android/sdk/platforms/android-34/data/res/values-mcc310-mnc280-te: Cannot utime: Operation not permitted
build	Cache Android SDK	2026-06-06T12:22:58.9332365Z /usr/bin/tar: ../../../../../usr/local/lib/android/sdk/platforms/android-34/data/res/values-mcc310-mnc280-te: Cannot change mode to rwxr-xr-x: Operation not permitted
build	Cache Android SDK	2026-06-06T12:22:58.9335734Z /usr/bin/tar: ../../../../../usr/local/lib/android/sdk/platforms/android-34/data/res/values-mcc312-mnc670-lo: Cannot utime: Operation not permitted
build	Cache Android SDK	2026-06-06T12:22:58.9336666Z /usr/bin/tar: ../../../../../usr/local/lib/android/sdk/platforms/android-34/data/res/values-mcc312-mnc670-lo: Cannot change mode to rwxr-xr-x: Operation not permitted
build	Cache Android SDK	2026-06-06T12:22:58.9341853Z /usr/bin/tar: ../../../../../usr/local/lib/android/sdk/platforms/android-34/data/res/values-mcc310-mnc210-ro: Cannot utime: Operation not permitted
build	Cache Android SDK	2026-06-06T12:22:58.9342860Z /usr/bin/tar: ../../../../../usr/local/lib/android/sdk/platforms/android-34/data/res/values-mcc310-mnc210-ro: Cannot change mode to rwxr-xr-x: Operation not permitted
build	Cache Android SDK	2026-06-06T12:22:59.0314586Z /usr/bin/tar: ../../../../../usr/local/lib/android/sdk/platforms/android-34/data/res/values-mcc302-mnc720-be: Cannot utime: Operation not permitted
build	Cache Android SDK	2026-06-06T12:22:59.0316417Z /usr/bin/tar: ../../../../../usr/local/lib/android/sdk/platforms/android-34/data/res/values-mcc302-mnc720-be: Cannot change mode to rwxr-xr-x: Operation not permitted
build	Cache Android SDK	2026-06-06T12:22:59.0318595Z /usr/bin/tar: ../../../../../usr/local/lib/android/sdk/platforms/android-34/data/res/values-ne-television: Cannot utime: Operation not permitted
build	Cache Android SDK	2026-06-06T12:22:59.0320377Z /usr/bin/tar: ../../../../../usr/local/lib/android/sdk/platforms/android-34/data/res/values-ne-television: Cannot change mode to rwxr-xr-x: Operation not permitted
build	Cache Android SDK	2026-06-06T12:22:59.0322581Z /usr/bin/tar: ../../../../../usr/local/lib/android/sdk/platforms/android-34/data/res/values-mcc310-mnc660-ms: Cannot utime: Operation not permitted
build	Cache Android SDK	2026-06-06T12:22:59.0323922Z /usr/bin/tar: ../../../../../usr/local/lib/android/sdk/platforms/android-34/data/res/values-mcc310-mnc660-ms: Cannot change mode to rwxr-xr-x: Operation not permitted
build	Cache Android SDK	2026-06-06T12:22:59.0330586Z /usr/bin/tar: ../../../../../usr/local/lib/android/sdk/platforms/android-34/data/res/values-mcc310-mnc490-hy: Cannot utime: Operation not permitted
build	Cache Android SDK	2026-06-06T12:22:59.0331552Z /usr/bin/tar: ../../../../../usr/local/lib/android/sdk/platforms/android-34/data/res/values-mcc310-mnc490-hy: Cannot change mode to rwxr-xr-x: Operation not permitted
build	Cache Android SDK	2026-06-06T12:22:59.0333903Z /usr/bin/tar: ../../../../../usr/local/lib/android/sdk/platforms/android-34/data/res/values-mcc311-mnc180-as: Cannot utime: Operation not permitted
build	Cache Android SDK	2026-06-06T12:22:59.0335531Z /usr/bin/tar: ../../../../../usr/local/lib/android/sdk/platforms/android-34/data/res/values-mcc311-mnc180-as: Cannot change mode to rwxr-xr-x: Operation not permitted
build	Cache Android SDK	2026-06-06T12:22:59.0337637Z /usr/bin/tar: ../../../../../usr/local/lib/android/sdk/platforms/android-34/data/res/values-zh-rHK-watch: Cannot utime: Operation not permitted
build	Cache Android SDK	2026-06-06T12:22:59.0339436Z /usr/bin/tar: ../../../../../usr/local/lib/android/sdk/platforms/android-34/data/res/values-zh-rHK-watch: Cannot change mode to rwxr-xr-x: Operation not permitted
build	Cache Android SDK	2026-06-06T12:22:59.0346396Z /usr/bin/tar: ../../../../../usr/local/lib/android/sdk/platforms/android-34/data/res/values-mcc310-mnc560-tl: Cannot utime: Operation not permitted
build	Cache Android SDK	2026-06-06T12:22:59.0348156Z /usr/bin/tar: ../../../../../usr/local/lib/android/sdk/platforms/android-34/data/res/values-mcc310-mnc560-tl: Cannot change mode to rwxr-xr-x: Operation not permitted
build	Cache Android SDK	2026-06-06T12:22:59.0350119Z /usr/bin/tar: ../../../../../usr/local/lib/android/sdk/platforms/android-34/data/res/values-mcc310-mnc210-es-rUS: Cannot utime: Operation not permitted
build	Cache Android SDK	2026-06-06T12:22:59.0351552Z /usr/bin/tar: ../../../../../usr/local/lib/android/sdk/platforms/android-34/data/res/values-mcc310-mnc210-es-rUS: Cannot change mode to rwxr-xr-x: Operation not permitted
build	Cache Android SDK	2026-06-06T12:22:59.0361274Z /usr/bin/tar: ../../../../../usr/local/lib/android/sdk/platforms/android-34/data/res/values-mcc312-mnc670-b+sr+Latn: Cannot utime: Operation not permitted
build	Cache Android SDK	2026-06-06T12:22:59.0362593Z /usr/bin/tar: ../../../../../usr/local/lib/android/sdk/platforms/android-34/data/res/values-mcc312-mnc670-b+sr+Latn: Cannot change mode to rwxr-xr-x: Operation not permitted
build	Cache Android SDK	2026-06-06T12:22:59.0369712Z /usr/bin/tar: ../../../../../usr/local/lib/android/sdk/platforms/android-34/data/res/values-mcc310-mnc210-tr: Cannot utime: Operation not permitted
build	Cache Android SDK	2026-06-06T12:22:59.0371661Z /usr/bin/tar: ../../../../../usr/local/lib/android/sdk/platforms/android-34/data/res/values-mcc310-mnc210-tr: Cannot change mode to rwxr-xr-x: Operation not permitted
build	Cache Android SDK	2026-06-06T12:22:59.0378883Z /usr/bin/tar: ../../../../../usr/local/lib/android/sdk/platforms/android-34/data/res/values-mcc302-mnc720-iw: Cannot utime: Operation not permitted
build	Cache Android SDK	2026-06-06T12:22:59.0380948Z /usr/bin/tar: ../../../../../usr/local/lib/android/sdk/platforms/android-34/data/res/values-mcc302-mnc720-iw: Cannot change mode to rwxr-xr-x: Operation not permitted
build	Cache Android SDK	2026-06-06T12:22:59.0384309Z /usr/bin/tar: ../../../../../usr/local/lib/android/sdk/platforms/android-34/data/res/values-mcc310-mnc230-eu: Cannot utime: Operation not permitted
build	Cache Android SDK	2026-06-06T12:22:59.0385899Z /usr/bin/tar: ../../../../../usr/local/lib/android/sdk/platforms/android-34/data/res/values-mcc310-mnc230-eu: Cannot change mode to rwxr-xr-x: Operation not permitted
build	Cache Android SDK	2026-06-06T12:22:59.0387283Z /usr/bin/tar: ../../../../../usr/local/lib/android/sdk/platforms/android-34/data/res/values-mcc310-mnc160-ar: Cannot utime: Operation not permitted
build	Cache Android SDK	2026-06-06T12:22:59.0388536Z /usr/bin/tar: ../../../../../usr/local/lib/android/sdk/platforms/android-34/data/res/values-mcc310-mnc160-ar: Cannot change mode to rwxr-xr-x: Operation not permitted
build	Cache Android SDK	2026-06-06T12:22:59.0399392Z /usr/bin/tar: ../../../../../usr/local/lib/android/sdk/platforms/android-34/data/res/values-cs-watch: Cannot utime: Operation not permitted
build	Cache Android SDK	2026-06-06T12:22:59.0401269Z /usr/bin/tar: ../../../../../usr/local/lib/android/sdk/platforms/android-34/data/res/values-cs-watch: Cannot change mode to rwxr-xr-x: Operation not permitted
build	Cache Android SDK	2026-06-06T12:22:59.0404658Z /usr/bin/tar: ../../../../../usr/local/lib/android/sdk/platforms/android-34/data/res/values-mcc302-mnc720-en-rCA: Cannot utime: Operation not permitted
build	Cache Android SDK	2026-06-06T12:22:59.0405633Z /usr/bin/tar: ../../../../../usr/local/lib/android/sdk/platforms/android-34/data/res/values-mcc302-mnc720-en-rCA: Cannot change mode to rwxr-xr-x: Operation not permitted
build	Cache Android SDK	2026-06-06T12:22:59.0416178Z /usr/bin/tar: ../../../../../usr/local/lib/android/sdk/platforms/android-34/data/res/values-ml: Cannot utime: Operation not permitted
build	Cache Android SDK	2026-06-06T12:22:59.0417796Z /usr/bin/tar: ../../../../../usr/local/lib/android/sdk/platforms/android-34/data/res/values-ml: Cannot change mode to rwxr-xr-x: Operation not permitted
build	Cache Android SDK	2026-06-06T12:22:59.0421412Z /usr/bin/tar: ../../../../../usr/local/lib/android/sdk/platforms/android-34/data/res/values-mcc310-mnc150-my: Cannot utime: Operation not permitted
build	Cache Android SDK	2026-06-06T12:22:59.0422868Z /usr/bin/tar: ../../../../../usr/local/lib/android/sdk/platforms/android-34/data/res/values-mcc310-mnc150-my: Cannot change mode to rwxr-xr-x: Operation not permitted
build	Cache Android SDK	2026-06-06T12:22:59.0429238Z /usr/bin/tar: ../../../../../usr/local/lib/android/sdk/platforms/android-34/data/res/values-pt-rBR-television: Cannot utime: Operation not permitted
build	Cache Android SDK	2026-06-06T12:22:59.0430224Z /usr/bin/tar: ../../../../../usr/local/lib/android/sdk/platforms/android-34/data/res/values-pt-rBR-television: Cannot change mode to rwxr-xr-x: Operation not permitted
build	Cache Android SDK	2026-06-06T12:22:59.0433480Z /usr/bin/tar: ../../../../../usr/local/lib/android/sdk/platforms/android-34/data/res/values-mcc310-mnc030-af: Cannot utime: Operation not permitted
build	Cache Android SDK	2026-06-06T12:22:59.0434709Z /usr/bin/tar: ../../../../../usr/local/lib/android/sdk/platforms/android-34/data/res/values-mcc310-mnc030-af: Cannot change mode to rwxr-xr-x: Operation not permitted
build	Cache Android SDK	2026-06-06T12:22:59.0443107Z /usr/bin/tar: ../../../../../usr/local/lib/android/sdk/platforms/android-34/data/res/values-mcc310-mnc280-ar: Cannot utime: Operation not permitted
build	Cache Android SDK	2026-06-06T12:22:59.0444675Z /usr/bin/tar: ../../../../../usr/local/lib/android/sdk/platforms/android-34/data/res/values-mcc310-mnc280-ar: Cannot change mode to rwxr-xr-x: Operation not permitted
build	Cache Android SDK	2026-06-06T12:22:59.0446337Z /usr/bin/tar: ../../../../../usr/local/lib/android/sdk/platforms/android-34/data/res/values-mcc310-mnc160-bg: Cannot utime: Operation not permitted
build	Cache Android SDK	2026-06-06T12:22:59.0447255Z /usr/bin/tar: ../../../../../usr/local/lib/android/sdk/platforms/android-34/data/res/values-mcc310-mnc160-bg: Cannot change mode to rwxr-xr-x: Operation not permitted
build	Cache Android SDK	2026-06-06T12:22:59.0450248Z /usr/bin/tar: ../../../../../usr/local/lib/android/sdk/platforms/android-34/data/res/values-ml-watch: Cannot utime: Operation not permitted
build	Cache Android SDK	2026-06-06T12:22:59.0451242Z /usr/bin/tar: ../../../../../usr/local/lib/android/sdk/platforms/android-34/data/res/values-ml-watch: Cannot change mode to rwxr-xr-x: Operation not permitted
build	Cache Android SDK	2026-06-06T12:22:59.0454876Z /usr/bin/tar: ../../../../../usr/local/lib/android/sdk/platforms/android-34/data/res/values-mcc310-mnc210-ur: Cannot utime: Operation not permitted
build	Cache Android SDK	2026-06-06T12:22:59.0456163Z /usr/bin/tar: ../../../../../usr/local/lib/android/sdk/platforms/android-34/data/res/values-mcc310-mnc210-ur: Cannot change mode to rwxr-xr-x: Operation not permitted
build	Cache Android SDK	2026-06-06T12:22:59.0750035Z /usr/bin/tar: ../../../../../usr/local/lib/android/sdk/platforms/android-34/data/res/values-mcc310-mnc240-hr: Cannot utime: Operation not permitted
build	Cache Android SDK	2026-06-06T12:22:59.0751979Z /usr/bin/tar: ../../../../../usr/local/lib/android/sdk/platforms/android-34/data/res/values-mcc310-mnc240-hr: Cannot change mode to rwxr-xr-x: Operation not permitted
build	Cache Android SDK	2026-06-06T12:22:59.0754057Z /usr/bin/tar: ../../../../../usr/local/lib/android/sdk/platforms/android-34/data/res/values-mcc310-mnc160-en-rGB: Cannot utime: Operation not permitted
build	Cache Android SDK	2026-06-06T12:22:59.0755993Z /usr/bin/tar: ../../../../../usr/local/lib/android/sdk/platforms/android-34/data/res/values-mcc310-mnc160-en-rGB: Cannot change mode to rwxr-xr-x: Operation not permitted
build	Cache Android SDK	2026-06-06T12:22:59.0758684Z /usr/bin/tar: ../../../../../usr/local/lib/android/sdk/platforms/android-34/data/res/values-fr-rCA-watch: Cannot utime: Operation not permitted
build	Cache Android SDK	2026-06-06T12:22:59.0760025Z /usr/bin/tar: ../../../../../usr/local/lib/android/sdk/platforms/android-34/data/res/values-fr-rCA-watch: Cannot change mode to rwxr-xr-x: Operation not permitted
build	Cache Android SDK	2026-06-06T12:22:59.0764668Z /usr/bin/tar: ../../../../../usr/local/lib/android/sdk/platforms/android-34/data/res/values-mcc310-mnc560-es-rUS: Cannot utime: Operation not permitted
build	Cache Android SDK	2026-06-06T12:22:59.0765752Z /usr/bin/tar: ../../../../../usr/local/lib/android/sdk/platforms/android-34/data/res/values-mcc310-mnc560-es-rUS: Cannot change mode to rwxr-xr-x: Operation not permitted
build	Cache Android SDK	2026-06-06T12:22:59.0770070Z /usr/bin/tar: ../../../../../usr/local/lib/android/sdk/platforms/android-34/data/res/values-mcc310-mnc300: Cannot utime: Operation not permitted
build	Cache Android SDK	2026-06-06T12:22:59.0771277Z /usr/bin/tar: ../../../../../usr/local/lib/android/sdk/platforms/android-34/data/res/values-mcc310-mnc300: Cannot change mode to rwxr-xr-x: Operation not permitted
build	Cache Android SDK	2026-06-06T12:22:59.0773835Z /usr/bin/tar: ../../../../../usr/local/lib/android/sdk/platforms/android-34/data/res/values-mcc310-mnc310-gu: Cannot utime: Operation not permitted
build	Cache Android SDK	2026-06-06T12:22:59.0775099Z /usr/bin/tar: ../../../../../usr/local/lib/android/sdk/platforms/android-34/data/res/values-mcc310-mnc310-gu: Cannot change mode to rwxr-xr-x: Operation not permitted
build	Cache Android SDK	2026-06-06T12:22:59.0780619Z /usr/bin/tar: ../../../../../usr/local/lib/android/sdk/platforms/android-34/data/res/values-mcc310-mnc560-en-rIN: Cannot utime: Operation not permitted
build	Cache Android SDK	2026-06-06T12:22:59.0782043Z /usr/bin/tar: ../../../../../usr/local/lib/android/sdk/platforms/android-34/data/res/values-mcc310-mnc560-en-rIN: Cannot change mode to rwxr-xr-x: Operation not permitted
build	Cache Android SDK	2026-06-06T12:22:59.0784097Z /usr/bin/tar: ../../../../../usr/local/lib/android/sdk/platforms/android-34/data/res/values-mcc310-mnc280-da: Cannot utime: Operation not permitted
build	Cache Android SDK	2026-06-06T12:22:59.0785181Z /usr/bin/tar: ../../../../../usr/local/lib/android/sdk/platforms/android-34/data/res/values-mcc310-mnc280-da: Cannot change mode to rwxr-xr-x: Operation not permitted
build	Cache Android SDK	2026-06-06T12:22:59.0788418Z /usr/bin/tar: ../../../../../usr/local/lib/android/sdk/platforms/android-34/data/res/values-mcc311-mnc180-fr: Cannot utime: Operation not permitted
build	Cache Android SDK	2026-06-06T12:22:59.0790167Z /usr/bin/tar: ../../../../../usr/local/lib/android/sdk/platforms/android-34/data/res/values-mcc311-mnc180-fr: Cannot change mode to rwxr-xr-x: Operation not permitted
build	Cache Android SDK	2026-06-06T12:22:59.0800206Z /usr/bin/tar: ../../../../../usr/local/lib/android/sdk/platforms/android-34/data/res/values-mcc310-mnc310-ms: Cannot utime: Operation not permitted
build	Cache Android SDK	2026-06-06T12:22:59.0802165Z /usr/bin/tar: ../../../../../usr/local/lib/android/sdk/platforms/android-34/data/res/values-mcc310-mnc310-ms: Cannot change mode to rwxr-xr-x: Operation not permitted
build	Cache Android SDK	2026-06-06T12:22:59.0808378Z /usr/bin/tar: ../../../../../usr/local/lib/android/sdk/platforms/android-34/data/res/values-mcc310-mnc170-te: Cannot utime: Operation not permitted
build	Cache Android SDK	2026-06-06T12:22:59.0809314Z /usr/bin/tar: ../../../../../usr/local/lib/android/sdk/platforms/android-34/data/res/values-mcc310-mnc170-te: Cannot change mode to rwxr-xr-x: Operation not permitted
build	Cache Android SDK	2026-06-06T12:22:59.0812202Z /usr/bin/tar: ../../../../../usr/local/lib/android/sdk/platforms/android-34/data/res/values-mcc001-mnc01-te: Cannot utime: Operation not permitted
build	Cache Android SDK	2026-06-06T12:22:59.0813388Z /usr/bin/tar: ../../../../../usr/local/lib/android/sdk/platforms/android-34/data/res/values-mcc001-mnc01-te: Cannot change mode to rwxr-xr-x: Operation not permitted
build	Cache Android SDK	2026-06-06T12:22:59.0817821Z /usr/bin/tar: ../../../../../usr/local/lib/android/sdk/platforms/android-34/data/res/values-mcc310-mnc310-mr: Cannot utime: Operation not permitted
build	Cache Android SDK	2026-06-06T12:22:59.0819351Z /usr/bin/tar: ../../../../../usr/local/lib/android/sdk/platforms/android-34/data/res/values-mcc310-mnc310-mr: Cannot change mode to rwxr-xr-x: Operation not permitted
build	Cache Android SDK	2026-06-06T12:22:59.0822012Z /usr/bin/tar: ../../../../../usr/local/lib/android/sdk/platforms/android-34/data/res/values-mcc310-mnc660-tr: Cannot utime: Operation not permitted
build	Cache Android SDK	2026-06-06T12:22:59.0822958Z /usr/bin/tar: ../../../../../usr/local/lib/android/sdk/platforms/android-34/data/res/values-mcc310-mnc660-tr: Cannot change mode to rwxr-xr-x: Operation not permitted
build	Cache Android SDK	2026-06-06T12:22:59.0825841Z /usr/bin/tar: ../../../../../usr/local/lib/android/sdk/platforms/android-34/data/res/values-mcc302-mnc370-iw: Cannot utime: Operation not permitted
build	Cache Android SDK	2026-06-06T12:22:59.0826883Z /usr/bin/tar: ../../../../../usr/local/lib/android/sdk/platforms/android-34/data/res/values-mcc302-mnc370-iw: Cannot change mode to rwxr-xr-x: Operation not permitted
build	Cache Android SDK	2026-06-06T12:22:59.0838238Z /usr/bin/tar: ../../../../../usr/local/lib/android/sdk/platforms/android-34/data/res/values-mcc334-mnc020-tr: Cannot utime: Operation not permitted
build	Cache Android SDK	2026-06-06T12:22:59.0839455Z /usr/bin/tar: ../../../../../usr/local/lib/android/sdk/platforms/android-34/data/res/values-mcc334-mnc020-tr: Cannot change mode to rwxr-xr-x: Operation not permitted
build	Cache Android SDK	2026-06-06T12:22:59.0841048Z /usr/bin/tar: ../../../../../usr/local/lib/android/sdk/platforms/android-34/data/res/values-mcc310-mnc030-in: Cannot utime: Operation not permitted
build	Cache Android SDK	2026-06-06T12:22:59.0842876Z /usr/bin/tar: ../../../../../usr/local/lib/android/sdk/platforms/android-34/data/res/values-mcc310-mnc030-in: Cannot change mode to rwxr-xr-x: Operation not permitted
build	Cache Android SDK	2026-06-06T12:22:59.0844656Z /usr/bin/tar: ../../../../../usr/local/lib/android/sdk/platforms/android-34/data/res/values-mcc310-mnc310-ne: Cannot utime: Operation not permitted
build	Cache Android SDK	2026-06-06T12:22:59.0846480Z /usr/bin/tar: ../../../../../usr/local/lib/android/sdk/platforms/android-34/data/res/values-mcc310-mnc310-ne: Cannot change mode to rwxr-xr-x: Operation not permitted
build	Cache Android SDK	2026-06-06T12:22:59.0848492Z /usr/bin/tar: ../../../../../usr/local/lib/android/sdk/platforms/android-34/data/res/values-mcc310-mnc240-de: Cannot utime: Operation not permitted
build	Cache Android SDK	2026-06-06T12:22:59.0850168Z /usr/bin/tar: ../../../../../usr/local/lib/android/sdk/platforms/android-34/data/res/values-mcc310-mnc240-de: Cannot change mode to rwxr-xr-x: Operation not permitted
build	Cache Android SDK	2026-06-06T12:22:59.0851959Z /usr/bin/tar: ../../../../../usr/local/lib/android/sdk/platforms/android-34/data/res/values-mcc310-mnc490-bn: Cannot utime: Operation not permitted
build	Cache Android SDK	2026-06-06T12:22:59.0853626Z /usr/bin/tar: ../../../../../usr/local/lib/android/sdk/platforms/android-34/data/res/values-mcc310-mnc490-bn: Cannot change mode to rwxr-xr-x: Operation not permitted
build	Cache Android SDK	2026-06-06T12:22:59.0855319Z /usr/bin/tar: ../../../../../usr/local/lib/android/sdk/platforms/android-34/data/res/values-mcc310-mnc280-sq: Cannot utime: Operation not permitted
build	Cache Android SDK	2026-06-06T12:22:59.0856765Z /usr/bin/tar: ../../../../../usr/local/lib/android/sdk/platforms/android-34/data/res/values-mcc310-mnc280-sq: Cannot change mode to rwxr-xr-x: Operation not permitted
build	Cache Android SDK	2026-06-06T12:22:59.0857826Z /usr/bin/tar: ../../../../../usr/local/lib/android/sdk/platforms/android-34/data/res/values-mcc310-mnc380-si: Cannot utime: Operation not permitted
build	Cache Android SDK	2026-06-06T12:22:59.0859177Z /usr/bin/tar: ../../../../../usr/local/lib/android/sdk/platforms/android-34/data/res/values-mcc310-mnc380-si: Cannot change mode to rwxr-xr-x: Operation not permitted
build	Cache Android SDK	2026-06-06T12:22:59.0860112Z /usr/bin/tar: ../../../../../usr/local/lib/android/sdk/platforms/android-34/data/res/values-mcc313-mnc100-zh-rTW: Cannot utime: Operation not permitted
build	Cache Android SDK	2026-06-06T12:22:59.0861069Z /usr/bin/tar: ../../../../../usr/local/lib/android/sdk/platforms/android-34/data/res/values-mcc313-mnc100-zh-rTW: Cannot change mode to rwxr-xr-x: Operation not permitted
build	Cache Android SDK	2026-06-06T12:22:59.0864085Z /usr/bin/tar: ../../../../../usr/local/lib/android/sdk/platforms/android-34/data/res/values-mcc310-mnc250-pt-rBR: Cannot utime: Operation not permitted
build	Cache Android SDK	2026-06-06T12:22:59.0865159Z /usr/bin/tar: ../../../../../usr/local/lib/android/sdk/platforms/android-34/data/res/values-mcc310-mnc250-pt-rBR: Cannot change mode to rwxr-xr-x: Operation not permitted
build	Cache Android SDK	2026-06-06T12:22:59.0869790Z /usr/bin/tar: ../../../../../usr/local/lib/android/sdk/platforms/android-34/data/res/values-mcc310-mnc310-kn: Cannot utime: Operation not permitted
build	Cache Android SDK	2026-06-06T12:22:59.0870721Z /usr/bin/tar: ../../../../../usr/local/lib/android/sdk/platforms/android-34/data/res/values-mcc310-mnc310-kn: Cannot change mode to rwxr-xr-x: Operation not permitted
build	Cache Android SDK	2026-06-06T12:22:59.0873894Z /usr/bin/tar: ../../../../../usr/local/lib/android/sdk/platforms/android-34/data/res/values-mcc310-mnc230-sk: Cannot utime: Operation not permitted
build	Cache Android SDK	2026-06-06T12:22:59.0874924Z /usr/bin/tar: ../../../../../usr/local/lib/android/sdk/platforms/android-34/data/res/values-mcc310-mnc230-sk: Cannot change mode to rwxr-xr-x: Operation not permitted
build	Cache Android SDK	2026-06-06T12:22:59.0878313Z /usr/bin/tar: ../../../../../usr/local/lib/android/sdk/platforms/android-34/data/res/values-mcc310-mnc800-ne: Cannot utime: Operation not permitted
build	Cache Android SDK	2026-06-06T12:22:59.0879337Z /usr/bin/tar: ../../../../../usr/local/lib/android/sdk/platforms/android-34/data/res/values-mcc310-mnc800-ne: Cannot change mode to rwxr-xr-x: Operation not permitted
build	Cache Android SDK	2026-06-06T12:22:59.0890849Z /usr/bin/tar: ../../../../../usr/local/lib/android/sdk/platforms/android-34/data/res/values-mcc310-mnc220-mk: Cannot utime: Operation not permitted
build	Cache Android SDK	2026-06-06T12:22:59.0902586Z /usr/bin/tar: ../../../../../usr/local/lib/android/sdk/platforms/android-34/data/res/values-mcc310-mnc220-mk: Cannot change mode to rwxr-xr-x: Operation not permitted
build	Cache Android SDK	2026-06-06T12:22:59.0904355Z /usr/bin/tar: ../../../../../usr/local/lib/android/sdk/platforms/android-34/data/res/values-mcc312-mnc670-lt: Cannot utime: Operation not permitted
build	Cache Android SDK	2026-06-06T12:22:59.0906441Z /usr/bin/tar: ../../../../../usr/local/lib/android/sdk/platforms/android-34/data/res/values-mcc312-mnc670-lt: Cannot change mode to rwxr-xr-x: Operation not permitted
build	Cache Android SDK	2026-06-06T12:22:59.0909120Z /usr/bin/tar: ../../../../../usr/local/lib/android/sdk/platforms/android-34/data/res/values-mcc310-mnc950-fi: Cannot utime: Operation not permitted
build	Cache Android SDK	2026-06-06T12:22:59.0911048Z /usr/bin/tar: ../../../../../usr/local/lib/android/sdk/platforms/android-34/data/res/values-mcc310-mnc950-fi: Cannot change mode to rwxr-xr-x: Operation not permitted
build	Cache Android SDK	2026-06-06T12:22:59.0912233Z /usr/bin/tar: ../../../../../usr/local/lib/android/sdk/platforms/android-34/data/res/values-mcc302-mnc720-zh-rTW: Cannot utime: Operation not permitted
build	Cache Android SDK	2026-06-06T12:22:59.0913682Z /usr/bin/tar: ../../../../../usr/local/lib/android/sdk/platforms/android-34/data/res/values-mcc302-mnc720-zh-rTW: Cannot change mode to rwxr-xr-x: Operation not permitted
build	Cache Android SDK	2026-06-06T12:22:59.0915077Z /usr/bin/tar: ../../../../../usr/local/lib/android/sdk/platforms/android-34/data/res/values-mcc302-mnc370-te: Cannot utime: Operation not permitted
build	Cache Android SDK	2026-06-06T12:22:59.0916350Z /usr/bin/tar: ../../../../../usr/local/lib/android/sdk/platforms/android-34/data/res/values-mcc302-mnc370-te: Cannot change mode to rwxr-xr-x: Operation not permitted
build	Cache Android SDK	2026-06-06T12:22:59.0941173Z /usr/bin/tar: ../../../../../usr/local/lib/android/sdk/platforms/android-34/data/res/values-ms: Cannot utime: Operation not permitted
build	Cache Android SDK	2026-06-06T12:22:59.0942246Z /usr/bin/tar: ../../../../../usr/local/lib/android/sdk/platforms/android-34/data/res/values-ms: Cannot change mode to rwxr-xr-x: Operation not permitted
build	Cache Android SDK	2026-06-06T12:22:59.0943119Z /usr/bin/tar: ../../../../../usr/local/lib/android/sdk/platforms/android-34/data/res/values-mcc310-mnc270-pt: Cannot utime: Operation not permitted
build	Cache Android SDK	2026-06-06T12:22:59.0944053Z /usr/bin/tar: ../../../../../usr/local/lib/android/sdk/platforms/android-34/data/res/values-mcc310-mnc270-pt: Cannot change mode to rwxr-xr-x: Operation not permitted
build	Cache Android SDK	2026-06-06T12:22:59.0945301Z /usr/bin/tar: ../../../../../usr/local/lib/android/sdk/platforms/android-34/data/res/values-mcc310-mnc310-kk: Cannot utime: Operation not permitted
build	Cache Android SDK	2026-06-06T12:22:59.0947113Z /usr/bin/tar: ../../../../../usr/local/lib/android/sdk/platforms/android-34/data/res/values-mcc310-mnc310-kk: Cannot change mode to rwxr-xr-x: Operation not permitted
build	Cache Android SDK	2026-06-06T12:22:59.0948822Z /usr/bin/tar: ../../../../../usr/local/lib/android/sdk/platforms/android-34/data/res/raw-pt-rBR: Cannot utime: Operation not permitted
build	Cache Android SDK	2026-06-06T12:22:59.0950360Z /usr/bin/tar: ../../../../../usr/local/lib/android/sdk/platforms/android-34/data/res/raw-pt-rBR: Cannot change mode to rwxr-xr-x: Operation not permitted
build	Cache Android SDK	2026-06-06T12:22:59.0952028Z /usr/bin/tar: ../../../../../usr/local/lib/android/sdk/platforms/android-34/data/res/values-mcc310-mnc160-fi: Cannot utime: Operation not permitted
build	Cache Android SDK	2026-06-06T12:22:59.0953822Z /usr/bin/tar: ../../../../../usr/local/lib/android/sdk/platforms/android-34/data/res/values-mcc310-mnc160-fi: Cannot change mode to rwxr-xr-x: Operation not permitted
build	Cache Android SDK	2026-06-06T12:22:59.0955581Z /usr/bin/tar: ../../../../../usr/local/lib/android/sdk/platforms/android-34/data/res/values-mcc310-mnc950-da: Cannot utime: Operation not permitted
build	Cache Android SDK	2026-06-06T12:22:59.0957553Z /usr/bin/tar: ../../../../../usr/local/lib/android/sdk/platforms/android-34/data/res/values-mcc310-mnc950-da: Cannot change mode to rwxr-xr-x: Operation not permitted
build	Cache Android SDK	2026-06-06T12:22:59.0959293Z /usr/bin/tar: ../../../../../usr/local/lib/android/sdk/platforms/android-34/data/res/values-mcc310-mnc220-fi: Cannot utime: Operation not permitted
build	Cache Android SDK	2026-06-06T12:22:59.0961020Z /usr/bin/tar: ../../../../../usr/local/lib/android/sdk/platforms/android-34/data/res/values-mcc310-mnc220-fi: Cannot change mode to rwxr-xr-x: Operation not permitted
build	Cache Android SDK	2026-06-06T12:22:59.0962886Z /usr/bin/tar: ../../../../../usr/local/lib/android/sdk/platforms/android-34/data/res/values-mcc310-mnc210-it: Cannot utime: Operation not permitted
build	Cache Android SDK	2026-06-06T12:22:59.0964506Z /usr/bin/tar: ../../../../../usr/local/lib/android/sdk/platforms/android-34/data/res/values-mcc310-mnc210-it: Cannot change mode to rwxr-xr-x: Operation not permitted
build	Cache Android SDK	2026-06-06T12:22:59.0965417Z /usr/bin/tar: ../../../../../usr/local/lib/android/sdk/platforms/android-34/data/res/values-mcc310-mnc490-lt: Cannot utime: Operation not permitted
build	Cache Android SDK	2026-06-06T12:22:59.0966326Z /usr/bin/tar: ../../../../../usr/local/lib/android/sdk/platforms/android-34/data/res/values-mcc310-mnc490-lt: Cannot change mode to rwxr-xr-x: Operation not permitted
build	Cache Android SDK	2026-06-06T12:22:59.0967924Z /usr/bin/tar: ../../../../../usr/local/lib/android/sdk/platforms/android-34/data/res/values-mcc310-mnc220-bg: Cannot utime: Operation not permitted
build	Cache Android SDK	2026-06-06T12:22:59.0968844Z /usr/bin/tar: ../../../../../usr/local/lib/android/sdk/platforms/android-34/data/res/values-mcc310-mnc220-bg: Cannot change mode to rwxr-xr-x: Operation not permitted
build	Cache Android SDK	2026-06-06T12:22:59.0979140Z /usr/bin/tar: ../../../../../usr/local/lib/android/sdk/platforms/android-34/data/res/values-mcc334-mnc020-ms: Cannot utime: Operation not permitted
build	Cache Android SDK	2026-06-06T12:22:59.0980631Z /usr/bin/tar: ../../../../../usr/local/lib/android/sdk/platforms/android-34/data/res/values-mcc334-mnc020-ms: Cannot change mode to rwxr-xr-x: Operation not permitted
build	Cache Android SDK	2026-06-06T12:22:59.0982208Z /usr/bin/tar: ../../../../../usr/local/lib/android/sdk/platforms/android-34/data/res/values-mcc310-mnc950-or: Cannot utime: Operation not permitted
build	Cache Android SDK	2026-06-06T12:22:59.0983466Z /usr/bin/tar: ../../../../../usr/local/lib/android/sdk/platforms/android-34/data/res/values-mcc310-mnc950-or: Cannot change mode to rwxr-xr-x: Operation not permitted
build	Cache Android SDK	2026-06-06T12:22:59.0984401Z /usr/bin/tar: ../../../../../usr/local/lib/android/sdk/platforms/android-34/data/res/values-mcc310-mnc800-eu: Cannot utime: Operation not permitted
build	Cache Android SDK	2026-06-06T12:22:59.0985511Z /usr/bin/tar: ../../../../../usr/local/lib/android/sdk/platforms/android-34/data/res/values-mcc310-mnc800-eu: Cannot change mode to rwxr-xr-x: Operation not permitted
build	Cache Android SDK	2026-06-06T12:22:59.0987653Z /usr/bin/tar: ../../../../../usr/local/lib/android/sdk/platforms/android-34/data/res/values-mcc310-mnc030-lv: Cannot utime: Operation not permitted
build	Cache Android SDK	2026-06-06T12:22:59.0988872Z /usr/bin/tar: ../../../../../usr/local/lib/android/sdk/platforms/android-34/data/res/values-mcc310-mnc030-lv: Cannot change mode to rwxr-xr-x: Operation not permitted
build	Cache Android SDK	2026-06-06T12:22:59.0993661Z /usr/bin/tar: ../../../../../usr/local/lib/android/sdk/platforms/android-34/data/res/values-mcc311-mnc180-da: Cannot utime: Operation not permitted
build	Cache Android SDK	2026-06-06T12:22:59.0995139Z /usr/bin/tar: ../../../../../usr/local/lib/android/sdk/platforms/android-34/data/res/values-mcc311-mnc180-da: Cannot change mode to rwxr-xr-x: Operation not permitted
build	Cache Android SDK	2026-06-06T12:22:59.0997707Z /usr/bin/tar: ../../../../../usr/local/lib/android/sdk/platforms/android-34/data/res/values-mcc310-mnc210-my: Cannot utime: Operation not permitted
build	Cache Android SDK	2026-06-06T12:22:59.0998820Z /usr/bin/tar: ../../../../../usr/local/lib/android/sdk/platforms/android-34/data/res/values-mcc310-mnc210-my: Cannot change mode to rwxr-xr-x: Operation not permitted
build	Cache Android SDK	2026-06-06T12:22:59.1002705Z /usr/bin/tar: ../../../../../usr/local/lib/android/sdk/platforms/android-34/data/res/values-mcc310-mnc660: Cannot utime: Operation not permitted
build	Cache Android SDK	2026-06-06T12:22:59.1003805Z /usr/bin/tar: ../../../../../usr/local/lib/android/sdk/platforms/android-34/data/res/values-mcc310-mnc660: Cannot change mode to rwxr-xr-x: Operation not permitted
build	Cache Android SDK	2026-06-06T12:22:59.1009654Z /usr/bin/tar: ../../../../../usr/local/lib/android/sdk/platforms/android-34/data/res/values-mcc312-mnc670-eu: Cannot utime: Operation not permitted
build	Cache Android SDK	2026-06-06T12:22:59.1013121Z /usr/bin/tar: ../../../../../usr/local/lib/android/sdk/platforms/android-34/data/res/values-mcc312-mnc670-eu: Cannot change mode to rwxr-xr-x: Operation not permitted
build	Cache Android SDK	2026-06-06T12:22:59.1014923Z /usr/bin/tar: ../../../../../usr/local/lib/android/sdk/platforms/android-34/data/res/values-uk-television: Cannot utime: Operation not permitted
build	Cache Android SDK	2026-06-06T12:22:59.1016632Z /usr/bin/tar: ../../../../../usr/local/lib/android/sdk/platforms/android-34/data/res/values-uk-television: Cannot change mode to rwxr-xr-x: Operation not permitted
build	Cache Android SDK	2026-06-06T12:22:59.1018565Z /usr/bin/tar: ../../../../../usr/local/lib/android/sdk/platforms/android-34/data/res/values-mcc310-mnc950-en-rCA: Cannot utime: Operation not permitted
build	Cache Android SDK	2026-06-06T12:22:59.1020356Z /usr/bin/tar: ../../../../../usr/local/lib/android/sdk/platforms/android-34/data/res/values-mcc310-mnc950-en-rCA: Cannot change mode to rwxr-xr-x: Operation not permitted
build	Cache Android SDK	2026-06-06T12:22:59.1022118Z /usr/bin/tar: ../../../../../usr/local/lib/android/sdk/platforms/android-34/data/res/values-mcc310-mnc560-et: Cannot utime: Operation not permitted
build	Cache Android SDK	2026-06-06T12:22:59.1023102Z /usr/bin/tar: ../../../../../usr/local/lib/android/sdk/platforms/android-34/data/res/values-mcc310-mnc560-et: Cannot change mode to rwxr-xr-x: Operation not permitted
build	Cache Android SDK	2026-06-06T12:22:59.1025933Z /usr/bin/tar: ../../../../../usr/local/lib/android/sdk/platforms/android-34/data/res/values-mcc310-mnc560: Cannot utime: Operation not permitted
build	Cache Android SDK	2026-06-06T12:22:59.1027630Z /usr/bin/tar: ../../../../../usr/local/lib/android/sdk/platforms/android-34/data/res/values-mcc310-mnc560: Cannot change mode to rwxr-xr-x: Operation not permitted
build	Cache Android SDK	2026-06-06T12:22:59.1038983Z /usr/bin/tar: ../../../../../usr/local/lib/android/sdk/platforms/android-34/data/res/values-mcc310-mnc660-eu: Cannot utime: Operation not permitted
build	Cache Android SDK	2026-06-06T12:22:59.1040379Z /usr/bin/tar: ../../../../../usr/local/lib/android/sdk/platforms/android-34/data/res/values-mcc310-mnc660-eu: Cannot change mode to rwxr-xr-x: Operation not permitted
build	Cache Android SDK	2026-06-06T12:22:59.1041555Z /usr/bin/tar: ../../../../../usr/local/lib/android/sdk/platforms/android-34/data/res/values-mcc310-mnc150-uz: Cannot utime: Operation not permitted
build	Cache Android SDK	2026-06-06T12:22:59.1042660Z /usr/bin/tar: ../../../../../usr/local/lib/android/sdk/platforms/android-34/data/res/values-mcc310-mnc150-uz: Cannot change mode to rwxr-xr-x: Operation not permitted
build	Cache Android SDK	2026-06-06T12:22:59.1044444Z /usr/bin/tar: ../../../../../usr/local/lib/android/sdk/platforms/android-34/data/res/values-mcc302-mnc370-lo: Cannot utime: Operation not permitted
build	Cache Android SDK	2026-06-06T12:22:59.1046263Z /usr/bin/tar: ../../../../../usr/local/lib/android/sdk/platforms/android-34/data/res/values-mcc302-mnc370-lo: Cannot change mode to rwxr-xr-x: Operation not permitted
build	Cache Android SDK	2026-06-06T12:22:59.1048100Z /usr/bin/tar: ../../../../../usr/local/lib/android/sdk/platforms/android-34/data/res/values-mcc310-mnc380-tl: Cannot utime: Operation not permitted
build	Cache Android SDK	2026-06-06T12:22:59.1049775Z /usr/bin/tar: ../../../../../usr/local/lib/android/sdk/platforms/android-34/data/res/values-mcc310-mnc380-tl: Cannot change mode to rwxr-xr-x: Operation not permitted
build	Cache Android SDK	2026-06-06T12:22:59.1051526Z /usr/bin/tar: ../../../../../usr/local/lib/android/sdk/platforms/android-34/data/res/values-fi-rFI: Cannot utime: Operation not permitted
build	Cache Android SDK	2026-06-06T12:22:59.1053255Z /usr/bin/tar: ../../../../../usr/local/lib/android/sdk/platforms/android-34/data/res/values-fi-rFI: Cannot change mode to rwxr-xr-x: Operation not permitted
build	Cache Android SDK	2026-06-06T12:22:59.1055023Z /usr/bin/tar: ../../../../../usr/local/lib/android/sdk/platforms/android-34/data/res/values-mcc310-mnc280-vi: Cannot utime: Operation not permitted
build	Cache Android SDK	2026-06-06T12:22:59.1056833Z /usr/bin/tar: ../../../../../usr/local/lib/android/sdk/platforms/android-34/data/res/values-mcc310-mnc280-vi: Cannot change mode to rwxr-xr-x: Operation not permitted
build	Cache Android SDK	2026-06-06T12:22:59.1058733Z /usr/bin/tar: ../../../../../usr/local/lib/android/sdk/platforms/android-34/data/res/values-mcc310-mnc280-ru: Cannot utime: Operation not permitted
build	Cache Android SDK	2026-06-06T12:22:59.1059844Z /usr/bin/tar: ../../../../../usr/local/lib/android/sdk/platforms/android-34/data/res/values-mcc310-mnc280-ru: Cannot change mode to rwxr-xr-x: Operation not permitted
build	Cache Android SDK	2026-06-06T12:22:59.1060874Z /usr/bin/tar: ../../../../../usr/local/lib/android/sdk/platforms/android-34/data/res/values-mcc310-mnc800-in: Cannot utime: Operation not permitted
build	Cache Android SDK	2026-06-06T12:22:59.1061794Z /usr/bin/tar: ../../../../../usr/local/lib/android/sdk/platforms/android-34/data/res/values-mcc310-mnc800-in: Cannot change mode to rwxr-xr-x: Operation not permitted
build	Cache Android SDK	2026-06-06T12:22:59.1062712Z /usr/bin/tar: ../../../../../usr/local/lib/android/sdk/platforms/android-34/data/res/values-mcc310-mnc490-tr: Cannot utime: Operation not permitted
build	Cache Android SDK	2026-06-06T12:22:59.1063629Z /usr/bin/tar: ../../../../../usr/local/lib/android/sdk/platforms/android-34/data/res/values-mcc310-mnc490-tr: Cannot change mode to rwxr-xr-x: Operation not permitted
build	Cache Android SDK	2026-06-06T12:22:59.1229490Z /usr/bin/tar: ../../../../../usr/local/lib/android/sdk/platforms/android-34/data/res/values-mcc310-mnc380-bg: Cannot utime: Operation not permitted
build	Cache Android SDK	2026-06-06T12:22:59.1231591Z /usr/bin/tar: ../../../../../usr/local/lib/android/sdk/platforms/android-34/data/res/values-mcc310-mnc380-bg: Cannot change mode to rwxr-xr-x: Operation not permitted
build	Cache Android SDK	2026-06-06T12:22:59.1233435Z /usr/bin/tar: ../../../../../usr/local/lib/android/sdk/platforms/android-34/data/res/values-mcc302-mnc370-km: Cannot utime: Operation not permitted
build	Cache Android SDK	2026-06-06T12:22:59.1234485Z /usr/bin/tar: ../../../../../usr/local/lib/android/sdk/platforms/android-34/data/res/values-mcc302-mnc370-km: Cannot change mode to rwxr-xr-x: Operation not permitted
build	Cache Android SDK	2026-06-06T12:22:59.1237042Z /usr/bin/tar: ../../../../../usr/local/lib/android/sdk/platforms/android-34/data/res/values-mcc310-mnc170-si: Cannot utime: Operation not permitted
build	Cache Android SDK	2026-06-06T12:22:59.1239169Z /usr/bin/tar: ../../../../../usr/local/lib/android/sdk/platforms/android-34/data/res/values-mcc310-mnc170-si: Cannot change mode to rwxr-xr-x: Operation not permitted
build	Cache Android SDK	2026-06-06T12:22:59.1241199Z /usr/bin/tar: ../../../../../usr/local/lib/android/sdk/platforms/android-34/data/res/values-de-rLI: Cannot utime: Operation not permitted
build	Cache Android SDK	2026-06-06T12:22:59.1243211Z /usr/bin/tar: ../../../../../usr/local/lib/android/sdk/platforms/android-34/data/res/values-de-rLI: Cannot change mode to rwxr-xr-x: Operation not permitted
build	Cache Android SDK	2026-06-06T12:22:59.1245156Z /usr/bin/tar: ../../../../../usr/local/lib/android/sdk/platforms/android-34/data/res/values-mcc310-mnc200-pl: Cannot utime: Operation not permitted
build	Cache Android SDK	2026-06-06T12:22:59.1247501Z /usr/bin/tar: ../../../../../usr/local/lib/android/sdk/platforms/android-34/data/res/values-mcc310-mnc200-pl: Cannot change mode to rwxr-xr-x: Operation not permitted
build	Cache Android SDK	2026-06-06T12:22:59.1249466Z /usr/bin/tar: ../../../../../usr/local/lib/android/sdk/platforms/android-34/data/res/values-mcc001-mnc01-en-rCA: Cannot utime: Operation not permitted
build	Cache Android SDK	2026-06-06T12:22:59.1251345Z /usr/bin/tar: ../../../../../usr/local/lib/android/sdk/platforms/android-34/data/res/values-mcc001-mnc01-en-rCA: Cannot change mode to rwxr-xr-x: Operation not permitted
build	Cache Android SDK	2026-06-06T12:22:59.1252436Z /usr/bin/tar: ../../../../../usr/local/lib/android/sdk/platforms/android-34/data/res/values-mcc310-mnc170-tr: Cannot utime: Operation not permitted
build	Cache Android SDK	2026-06-06T12:22:59.1253567Z /usr/bin/tar: ../../../../../usr/local/lib/android/sdk/platforms/android-34/data/res/values-mcc310-mnc170-tr: Cannot change mode to rwxr-xr-x: Operation not permitted
build	Cache Android SDK	2026-06-06T12:22:59.1259464Z /usr/bin/tar: ../../../../../usr/local/lib/android/sdk/platforms/android-34/data/res/values-mcc310-mnc490-nl: Cannot utime: Operation not permitted
build	Cache Android SDK	2026-06-06T12:22:59.1261332Z /usr/bin/tar: ../../../../../usr/local/lib/android/sdk/platforms/android-34/data/res/values-mcc310-mnc490-nl: Cannot change mode to rwxr-xr-x: Operation not permitted
build	Cache Android SDK	2026-06-06T12:22:59.1263855Z /usr/bin/tar: ../../../../../usr/local/lib/android/sdk/platforms/android-34/data/res/values-mcc310-mnc030-ne: Cannot utime: Operation not permitted
build	Cache Android SDK	2026-06-06T12:22:59.1266114Z /usr/bin/tar: ../../../../../usr/local/lib/android/sdk/platforms/android-34/data/res/values-mcc310-mnc030-ne: Cannot change mode to rwxr-xr-x: Operation not permitted
build	Cache Android SDK	2026-06-06T12:22:59.1268675Z /usr/bin/tar: ../../../../../usr/local/lib/android/sdk/platforms/android-34/data/res/values-mcc310-mnc150-lo: Cannot utime: Operation not permitted
build	Cache Android SDK	2026-06-06T12:22:59.1269740Z /usr/bin/tar: ../../../../../usr/local/lib/android/sdk/platforms/android-34/data/res/values-mcc310-mnc150-lo: Cannot change mode to rwxr-xr-x: Operation not permitted
build	Cache Android SDK	2026-06-06T12:22:59.1270659Z /usr/bin/tar: ../../../../../usr/local/lib/android/sdk/platforms/android-34/data/res/values-mcc310-mnc800-iw: Cannot utime: Operation not permitted
build	Cache Android SDK	2026-06-06T12:22:59.1271578Z /usr/bin/tar: ../../../../../usr/local/lib/android/sdk/platforms/android-34/data/res/values-mcc310-mnc800-iw: Cannot change mode to rwxr-xr-x: Operation not permitted
build	Cache Android SDK	2026-06-06T12:22:59.1278262Z /usr/bin/tar: ../../../../../usr/local/lib/android/sdk/platforms/android-34/data/res/values-mcc310-mnc250-sq: Cannot utime: Operation not permitted
build	Cache Android SDK	2026-06-06T12:22:59.1280075Z /usr/bin/tar: ../../../../../usr/local/lib/android/sdk/platforms/android-34/data/res/values-mcc310-mnc250-sq: Cannot change mode to rwxr-xr-x: Operation not permitted
build	Cache Android SDK	2026-06-06T12:22:59.1281898Z /usr/bin/tar: ../../../../../usr/local/lib/android/sdk/platforms/android-34/data/res/values-mcc310-mnc150-ka: Cannot utime: Operation not permitted
build	Cache Android SDK	2026-06-06T12:22:59.1283930Z /usr/bin/tar: ../../../../../usr/local/lib/android/sdk/platforms/android-34/data/res/values-mcc310-mnc150-ka: Cannot change mode to rwxr-xr-x: Operation not permitted
build	Cache Android SDK	2026-06-06T12:22:59.1285636Z /usr/bin/tar: ../../../../../usr/local/lib/android/sdk/platforms/android-34/data/res/values-h320dp: Cannot utime: Operation not permitted
build	Cache Android SDK	2026-06-06T12:22:59.1287215Z /usr/bin/tar: ../../../../../usr/local/lib/android/sdk/platforms/android-34/data/res/values-h320dp: Cannot change mode to rwxr-xr-x: Operation not permitted
build	Cache Android SDK	2026-06-06T12:22:59.1289242Z /usr/bin/tar: ../../../../../usr/local/lib/android/sdk/platforms/android-34/data/res/values-television: Cannot utime: Operation not permitted
build	Cache Android SDK	2026-06-06T12:22:59.1290998Z /usr/bin/tar: ../../../../../usr/local/lib/android/sdk/platforms/android-34/data/res/values-television: Cannot change mode to rwxr-xr-x: Operation not permitted
build	Cache Android SDK	2026-06-06T12:22:59.1292742Z /usr/bin/tar: ../../../../../usr/local/lib/android/sdk/platforms/android-34/data/res/values-mcc310-mnc220-lt: Cannot utime: Operation not permitted
build	Cache Android SDK	2026-06-06T12:22:59.1294739Z /usr/bin/tar: ../../../../../usr/local/lib/android/sdk/platforms/android-34/data/res/values-mcc310-mnc220-lt: Cannot change mode to rwxr-xr-x: Operation not permitted
build	Cache Android SDK	2026-06-06T12:22:59.1296483Z /usr/bin/tar: ../../../../../usr/local/lib/android/sdk/platforms/android-34/data/res/values-mcc311-mnc180-en-rXC: Cannot utime: Operation not permitted
build	Cache Android SDK	2026-06-06T12:22:59.1298457Z /usr/bin/tar: ../../../../../usr/local/lib/android/sdk/platforms/android-34/data/res/values-mcc311-mnc180-en-rXC: Cannot change mode to rwxr-xr-x: Operation not permitted
build	Cache Android SDK	2026-06-06T12:22:59.1299822Z /usr/bin/tar: ../../../../../usr/local/lib/android/sdk/platforms/android-34/data/res/values-mcc310-mnc640: Cannot utime: Operation not permitted
build	Cache Android SDK	2026-06-06T12:22:59.1300811Z /usr/bin/tar: ../../../../../usr/local/lib/android/sdk/platforms/android-34/data/res/values-mcc310-mnc640: Cannot change mode to rwxr-xr-x: Operation not permitted
build	Cache Android SDK	2026-06-06T12:22:59.1305458Z /usr/bin/tar: ../../../../../usr/local/lib/android/sdk/platforms/android-34/data/res/values-mcc208-mnc10-fr: Cannot utime: Operation not permitted
build	Cache Android SDK	2026-06-06T12:22:59.1309106Z /usr/bin/tar: ../../../../../usr/local/lib/android/sdk/platforms/android-34/data/res/values-mcc208-mnc10-fr: Cannot change mode to rwxr-xr-x: Operation not permitted
build	Cache Android SDK	2026-06-06T12:22:59.1312084Z /usr/bin/tar: ../../../../../usr/local/lib/android/sdk/platforms/android-34/data/res/values-mcc310-mnc250-ne: Cannot utime: Operation not permitted
build	Cache Android SDK	2026-06-06T12:22:59.1314197Z /usr/bin/tar: ../../../../../usr/local/lib/android/sdk/platforms/android-34/data/res/values-mcc310-mnc250-ne: Cannot change mode to rwxr-xr-x: Operation not permitted
build	Cache Android SDK	2026-06-06T12:22:59.1323615Z /usr/bin/tar: ../../../../../usr/local/lib/android/sdk/platforms/android-34/data/res/values-mcc310-mnc310: Cannot utime: Operation not permitted
build	Cache Android SDK	2026-06-06T12:22:59.1326328Z /usr/bin/tar: ../../../../../usr/local/lib/android/sdk/platforms/android-34/data/res/values-mcc310-mnc310: Cannot change mode to rwxr-xr-x: Operation not permitted
build	Cache Android SDK	2026-06-06T12:22:59.1329029Z /usr/bin/tar: ../../../../../usr/local/lib/android/sdk/platforms/android-34/data/res/values-mcc310-mnc380-fr-rCA: Cannot utime: Operation not permitted
build	Cache Android SDK	2026-06-06T12:22:59.1331113Z /usr/bin/tar: ../../../../../usr/local/lib/android/sdk/platforms/android-34/data/res/values-mcc310-mnc380-fr-rCA: Cannot change mode to rwxr-xr-x: Operation not permitted
build	Cache Android SDK	2026-06-06T12:22:59.1332976Z /usr/bin/tar: ../../../../../usr/local/lib/android/sdk/platforms/android-34/data/res/mipmap-ldpi: Cannot utime: Operation not permitted
build	Cache Android SDK	2026-06-06T12:22:59.1334795Z /usr/bin/tar: ../../../../../usr/local/lib/android/sdk/platforms/android-34/data/res/mipmap-ldpi: Cannot change mode to rwxr-xr-x: Operation not permitted
build	Cache Android SDK	2026-06-06T12:22:59.1336634Z /usr/bin/tar: ../../../../../usr/local/lib/android/sdk/platforms/android-34/data/res/values-mcc310-mnc170-iw: Cannot utime: Operation not permitted
build	Cache Android SDK	2026-06-06T12:22:59.1338726Z /usr/bin/tar: ../../../../../usr/local/lib/android/sdk/platforms/android-34/data/res/values-mcc310-mnc170-iw: Cannot change mode to rwxr-xr-x: Operation not permitted
build	Cache Android SDK	2026-06-06T12:22:59.1345275Z /usr/bin/tar: ../../../../../usr/local/lib/android/sdk/platforms/android-34/data/res/layout-watch: Cannot utime: Operation not permitted
build	Cache Android SDK	2026-06-06T12:22:59.1346248Z /usr/bin/tar: ../../../../../usr/local/lib/android/sdk/platforms/android-34/data/res/layout-watch: Cannot change mode to rwxr-xr-x: Operation not permitted
build	Cache Android SDK	2026-06-06T12:22:59.1362714Z /usr/bin/tar: ../../../../../usr/local/lib/android/sdk/platforms/android-34/data/res/values-mcc311-mnc180-gl: Cannot utime: Operation not permitted
build	Cache Android SDK	2026-06-06T12:22:59.1363778Z /usr/bin/tar: ../../../../../usr/local/lib/android/sdk/platforms/android-34/data/res/values-mcc311-mnc180-gl: Cannot change mode to rwxr-xr-x: Operation not permitted
build	Cache Android SDK	2026-06-06T12:22:59.1381265Z /usr/bin/tar: ../../../../../usr/local/lib/android/sdk/platforms/android-34/data/res/values-mcc313-mnc100-pt-rBR: Cannot utime: Operation not permitted
build	Cache Android SDK	2026-06-06T12:22:59.1383098Z /usr/bin/tar: ../../../../../usr/local/lib/android/sdk/platforms/android-34/data/res/values-mcc313-mnc100-pt-rBR: Cannot change mode to rwxr-xr-x: Operation not permitted
build	Cache Android SDK	2026-06-06T12:22:59.1385186Z /usr/bin/tar: ../../../../../usr/local/lib/android/sdk/platforms/android-34/data/res/values-mcc310-mnc240-ru: Cannot utime: Operation not permitted
build	Cache Android SDK	2026-06-06T12:22:59.1386288Z /usr/bin/tar: ../../../../../usr/local/lib/android/sdk/platforms/android-34/data/res/values-mcc310-mnc240-ru: Cannot change mode to rwxr-xr-x: Operation not permitted
build	Cache Android SDK	2026-06-06T12:22:59.1387267Z /usr/bin/tar: ../../../../../usr/local/lib/android/sdk/platforms/android-34/data/res/values-mcc310-mnc950-ja: Cannot utime: Operation not permitted
build	Cache Android SDK	2026-06-06T12:22:59.1388640Z /usr/bin/tar: ../../../../../usr/local/lib/android/sdk/platforms/android-34/data/res/values-mcc310-mnc950-ja: Cannot change mode to rwxr-xr-x: Operation not permitted
build	Cache Android SDK	2026-06-06T12:22:59.1389515Z /usr/bin/tar: ../../../../../usr/local/lib/android/sdk/platforms/android-34/data/res/values-lo: Cannot utime: Operation not permitted
build	Cache Android SDK	2026-06-06T12:22:59.1390420Z /usr/bin/tar: ../../../../../usr/local/lib/android/sdk/platforms/android-34/data/res/values-lo: Cannot change mode to rwxr-xr-x: Operation not permitted
build	Cache Android SDK	2026-06-06T12:22:59.1698065Z /usr/bin/tar: ../../../../../usr/local/lib/android/sdk/platforms/android-34/data/res/values-mcc310-mnc170-ru: Cannot utime: Operation not permitted
build	Cache Android SDK	2026-06-06T12:22:59.1699099Z /usr/bin/tar: ../../../../../usr/local/lib/android/sdk/platforms/android-34/data/res/values-mcc310-mnc170-ru: Cannot change mode to rwxr-xr-x: Operation not permitted
build	Cache Android SDK	2026-06-06T12:22:59.1702108Z /usr/bin/tar: ../../../../../usr/local/lib/android/sdk/platforms/android-34/data/res/values-mcc310-mnc310-pt-rPT: Cannot utime: Operation not permitted
build	Cache Android SDK	2026-06-06T12:22:59.1703106Z /usr/bin/tar: ../../../../../usr/local/lib/android/sdk/platforms/android-34/data/res/values-mcc310-mnc310-pt-rPT: Cannot change mode to rwxr-xr-x: Operation not permitted
build	Cache Android SDK	2026-06-06T12:22:59.1711021Z /usr/bin/tar: ../../../../../usr/local/lib/android/sdk/platforms/android-34/data/res/values-mcc310-mnc150-fa: Cannot utime: Operation not permitted
build	Cache Android SDK	2026-06-06T12:22:59.1712068Z /usr/bin/tar: ../../../../../usr/local/lib/android/sdk/platforms/android-34/data/res/values-mcc310-mnc150-fa: Cannot change mode to rwxr-xr-x: Operation not permitted
build	Cache Android SDK	2026-06-06T12:22:59.1720262Z /usr/bin/tar: ../../../../../usr/local/lib/android/sdk/platforms/android-34/data/res/values-mcc310-mnc380-gl: Cannot utime: Operation not permitted
build	Cache Android SDK	2026-06-06T12:22:59.1722002Z /usr/bin/tar: ../../../../../usr/local/lib/android/sdk/platforms/android-34/data/res/values-mcc310-mnc380-gl: Cannot change mode to rwxr-xr-x: Operation not permitted
build	Cache Android SDK	2026-06-06T12:22:59.1724991Z /usr/bin/tar: ../../../../../usr/local/lib/android/sdk/platforms/android-34/data/res/values-mcc310-mnc210-de: Cannot utime: Operation not permitted
build	Cache Android SDK	2026-06-06T12:22:59.1726668Z /usr/bin/tar: ../../../../../usr/local/lib/android/sdk/platforms/android-34/data/res/values-mcc310-mnc210-de: Cannot change mode to rwxr-xr-x: Operation not permitted
build	Cache Android SDK	2026-06-06T12:22:59.1728467Z /usr/bin/tar: ../../../../../usr/local/lib/android/sdk/platforms/android-34/data/res/values-mcc310-mnc310-ko: Cannot utime: Operation not permitted
build	Cache Android SDK	2026-06-06T12:22:59.1730388Z /usr/bin/tar: ../../../../../usr/local/lib/android/sdk/platforms/android-34/data/res/values-mcc310-mnc310-ko: Cannot change mode to rwxr-xr-x: Operation not permitted
build	Cache Android SDK	2026-06-06T12:22:59.1732762Z /usr/bin/tar: ../../../../../usr/local/lib/android/sdk/platforms/android-34/data/res/values-mcc310-mnc220-sv: Cannot utime: Operation not permitted
build	Cache Android SDK	2026-06-06T12:22:59.1734482Z /usr/bin/tar: ../../../../../usr/local/lib/android/sdk/platforms/android-34/data/res/values-mcc310-mnc220-sv: Cannot change mode to rwxr-xr-x: Operation not permitted
build	Cache Android SDK	2026-06-06T12:22:59.1736773Z /usr/bin/tar: ../../../../../usr/local/lib/android/sdk/platforms/android-34/data/res/values-b+sr+Latn-television: Cannot utime: Operation not permitted
build	Cache Android SDK	2026-06-06T12:22:59.1738134Z /usr/bin/tar: ../../../../../usr/local/lib/android/sdk/platforms/android-34/data/res/values-b+sr+Latn-television: Cannot change mode to rwxr-xr-x: Operation not permitted
build	Cache Android SDK	2026-06-06T12:22:59.1764794Z /usr/bin/tar: ../../../../../usr/local/lib/android/sdk/platforms/android-34/data/res/values-mcc310-mnc660-fr-rCA: Cannot utime: Operation not permitted
build	Cache Android SDK	2026-06-06T12:22:59.1766502Z /usr/bin/tar: ../../../../../usr/local/lib/android/sdk/platforms/android-34/data/res/values-mcc310-mnc660-fr-rCA: Cannot change mode to rwxr-xr-x: Operation not permitted
build	Cache Android SDK	2026-06-06T12:22:59.1780138Z /usr/bin/tar: ../../../../../usr/local/lib/android/sdk/platforms/android-34/data/res/values-mcc310-mnc280-hy: Cannot utime: Operation not permitted
build	Cache Android SDK	2026-06-06T12:22:59.1781637Z /usr/bin/tar: ../../../../../usr/local/lib/android/sdk/platforms/android-34/data/res/values-mcc310-mnc280-hy: Cannot change mode to rwxr-xr-x: Operation not permitted
build	Cache Android SDK	2026-06-06T12:22:59.2337054Z /usr/bin/tar: ../../../../../usr/local/lib/android/sdk/platforms/android-34/data/res/values-mcc334-mnc020-zh-rTW: Cannot utime: Operation not permitted
build	Cache Android SDK	2026-06-06T12:22:59.2339155Z /usr/bin/tar: ../../../../../usr/local/lib/android/sdk/platforms/android-34/data/res/values-mcc334-mnc020-zh-rTW: Cannot change mode to rwxr-xr-x: Operation not permitted
build	Cache Android SDK	2026-06-06T12:22:59.2340701Z /usr/bin/tar: ../../../../../usr/local/lib/android/sdk/platforms/android-34/data/res/values-mcc310-mnc270-fr-rCA: Cannot utime: Operation not permitted
build	Cache Android SDK	2026-06-06T12:22:59.2341663Z /usr/bin/tar: ../../../../../usr/local/lib/android/sdk/platforms/android-34/data/res/values-mcc310-mnc270-fr-rCA: Cannot change mode to rwxr-xr-x: Operation not permitted
build	Cache Android SDK	2026-06-06T12:22:59.2342717Z /usr/bin/tar: ../../../../../usr/local/lib/android/sdk/platforms/android-34/data/res/values-mcc310-mnc410-de: Cannot utime: Operation not permitted
build	Cache Android SDK	2026-06-06T12:22:59.2343644Z /usr/bin/tar: ../../../../../usr/local/lib/android/sdk/platforms/android-34/data/res/values-mcc310-mnc410-de: Cannot change mode to rwxr-xr-x: Operation not permitted
build	Cache Android SDK	2026-06-06T12:22:59.2356337Z /usr/bin/tar: ../../../../../usr/local/lib/android/sdk/platforms/android-34/data/res/values-mcc310-mnc560-zh-rCN: Cannot utime: Operation not permitted
build	Cache Android SDK	2026-06-06T12:22:59.2357856Z /usr/bin/tar: ../../../../../usr/local/lib/android/sdk/platforms/android-34/data/res/values-mcc310-mnc560-zh-rCN: Cannot change mode to rwxr-xr-x: Operation not permitted
build	Cache Android SDK	2026-06-06T12:22:59.2359469Z /usr/bin/tar: ../../../../../usr/local/lib/android/sdk/platforms/android-34/data/res/values-mcc310-mnc240-th: Cannot utime: Operation not permitted
build	Cache Android SDK	2026-06-06T12:22:59.2361111Z /usr/bin/tar: ../../../../../usr/local/lib/android/sdk/platforms/android-34/data/res/values-mcc310-mnc240-th: Cannot change mode to rwxr-xr-x: Operation not permitted
build	Cache Android SDK	2026-06-06T12:22:59.2362914Z /usr/bin/tar: ../../../../../usr/local/lib/android/sdk/platforms/android-34/data/res/values-mcc310-mnc030-fr-rCA: Cannot utime: Operation not permitted
build	Cache Android SDK	2026-06-06T12:22:59.2364838Z /usr/bin/tar: ../../../../../usr/local/lib/android/sdk/platforms/android-34/data/res/values-mcc310-mnc030-fr-rCA: Cannot change mode to rwxr-xr-x: Operation not permitted
build	Cache Android SDK	2026-06-06T12:22:59.2366320Z /usr/bin/tar: ../../../../../usr/local/lib/android/sdk/platforms/android-34/data/res/values-mcc310-mnc380-en-rGB: Cannot utime: Operation not permitted
build	Cache Android SDK	2026-06-06T12:22:59.2368150Z /usr/bin/tar: ../../../../../usr/local/lib/android/sdk/platforms/android-34/data/res/values-mcc310-mnc380-en-rGB: Cannot change mode to rwxr-xr-x: Operation not permitted
build	Cache Android SDK	2026-06-06T12:22:59.2369330Z /usr/bin/tar: ../../../../../usr/local/lib/android/sdk/platforms/android-34/data/res/values-mcc310-mnc250-ms: Cannot utime: Operation not permitted
build	Cache Android SDK	2026-06-06T12:22:59.2370491Z /usr/bin/tar: ../../../../../usr/local/lib/android/sdk/platforms/android-34/data/res/values-mcc310-mnc250-ms: Cannot change mode to rwxr-xr-x: Operation not permitted
build	Cache Android SDK	2026-06-06T12:22:59.2373494Z /usr/bin/tar: ../../../../../usr/local/lib/android/sdk/platforms/android-34/data/res/values-zh-rCN-television: Cannot utime: Operation not permitted
build	Cache Android SDK	2026-06-06T12:22:59.2375335Z /usr/bin/tar: ../../../../../usr/local/lib/android/sdk/platforms/android-34/data/res/values-zh-rCN-television: Cannot change mode to rwxr-xr-x: Operation not permitted
build	Cache Android SDK	2026-06-06T12:22:59.2378176Z /usr/bin/tar: ../../../../../usr/local/lib/android/sdk/platforms/android-34/data/res/values-mcc310-mnc150-cs: Cannot utime: Operation not permitted
build	Cache Android SDK	2026-06-06T12:22:59.2379961Z /usr/bin/tar: ../../../../../usr/local/lib/android/sdk/platforms/android-34/data/res/values-mcc310-mnc150-cs: Cannot change mode to rwxr-xr-x: Operation not permitted
build	Cache Android SDK	2026-06-06T12:22:59.2381994Z /usr/bin/tar: ../../../../../usr/local/lib/android/sdk/platforms/android-34/data/res/values-mcc310-mnc200-lt: Cannot utime: Operation not permitted
build	Cache Android SDK	2026-06-06T12:22:59.2383102Z /usr/bin/tar: ../../../../../usr/local/lib/android/sdk/platforms/android-34/data/res/values-mcc310-mnc200-lt: Cannot change mode to rwxr-xr-x: Operation not permitted
build	Cache Android SDK	2026-06-06T12:22:59.2384781Z /usr/bin/tar: ../../../../../usr/local/lib/android/sdk/platforms/android-34/data/res/values-mcc310-mnc150-de: Cannot utime: Operation not permitted
build	Cache Android SDK	2026-06-06T12:22:59.2385801Z /usr/bin/tar: ../../../../../usr/local/lib/android/sdk/platforms/android-34/data/res/values-mcc310-mnc150-de: Cannot change mode to rwxr-xr-x: Operation not permitted
build	Cache Android SDK	2026-06-06T12:22:59.2392736Z /usr/bin/tar: ../../../../../usr/local/lib/android/sdk/platforms/android-34/data/res/values-mcc001-mnc01-ms: Cannot utime: Operation not permitted
build	Cache Android SDK	2026-06-06T12:22:59.2393714Z /usr/bin/tar: ../../../../../usr/local/lib/android/sdk/platforms/android-34/data/res/values-mcc001-mnc01-ms: Cannot change mode to rwxr-xr-x: Operation not permitted
build	Cache Android SDK	2026-06-06T12:22:59.2396876Z /usr/bin/tar: ../../../../../usr/local/lib/android/sdk/platforms/android-34/data/res/values-ta-watch: Cannot utime: Operation not permitted
build	Cache Android SDK	2026-06-06T12:22:59.2398020Z /usr/bin/tar: ../../../../../usr/local/lib/android/sdk/platforms/android-34/data/res/values-ta-watch: Cannot change mode to rwxr-xr-x: Operation not permitted
build	Cache Android SDK	2026-06-06T12:22:59.2400376Z /usr/bin/tar: ../../../../../usr/local/lib/android/sdk/platforms/android-34/data/res/values-mcc310-mnc160-is: Cannot utime: Operation not permitted
build	Cache Android SDK	2026-06-06T12:22:59.2401299Z /usr/bin/tar: ../../../../../usr/local/lib/android/sdk/platforms/android-34/data/res/values-mcc310-mnc160-is: Cannot change mode to rwxr-xr-x: Operation not permitted
build	Cache Android SDK	2026-06-06T12:22:59.2411768Z /usr/bin/tar: ../../../../../usr/local/lib/android/sdk/platforms/android-34/data/res/values-mcc310-mnc230-zu: Cannot utime: Operation not permitted
build	Cache Android SDK	2026-06-06T12:22:59.2412742Z /usr/bin/tar: ../../../../../usr/local/lib/android/sdk/platforms/android-34/data/res/values-mcc310-mnc230-zu: Cannot change mode to rwxr-xr-x: Operation not permitted
build	Cache Android SDK	2026-06-06T12:22:59.2415037Z /usr/bin/tar: ../../../../../usr/local/lib/android/sdk/platforms/android-34/data/res/values-mcc312-mnc670-ca: Cannot utime: Operation not permitted
build	Cache Android SDK	2026-06-06T12:22:59.2416466Z /usr/bin/tar: ../../../../../usr/local/lib/android/sdk/platforms/android-34/data/res/values-mcc312-mnc670-ca: Cannot change mode to rwxr-xr-x: Operation not permitted
build	Cache Android SDK	2026-06-06T12:22:59.2419635Z /usr/bin/tar: ../../../../../usr/local/lib/android/sdk/platforms/android-34/data/res/values-mcc302-mnc720-es: Cannot utime: Operation not permitted
build	Cache Android SDK	2026-06-06T12:22:59.2420666Z /usr/bin/tar: ../../../../../usr/local/lib/android/sdk/platforms/android-34/data/res/values-mcc302-mnc720-es: Cannot change mode to rwxr-xr-x: Operation not permitted
build	Cache Android SDK	2026-06-06T12:22:59.2426262Z /usr/bin/tar: ../../../../../usr/local/lib/android/sdk/platforms/android-34/data/res/values-mcc310-mnc280-zh-rHK: Cannot utime: Operation not permitted
build	Cache Android SDK	2026-06-06T12:22:59.2428413Z /usr/bin/tar: ../../../../../usr/local/lib/android/sdk/platforms/android-34/data/res/values-mcc310-mnc280-zh-rHK: Cannot change mode to rwxr-xr-x: Operation not permitted
build	Cache Android SDK	2026-06-06T12:22:59.2430453Z /usr/bin/tar: ../../../../../usr/local/lib/android/sdk/platforms/android-34/data/res/values-mcc334-mnc020-en-rIN: Cannot utime: Operation not permitted
build	Cache Android SDK	2026-06-06T12:22:59.2432273Z /usr/bin/tar: ../../../../../usr/local/lib/android/sdk/platforms/android-34/data/res/values-mcc334-mnc020-en-rIN: Cannot change mode to rwxr-xr-x: Operation not permitted
build	Cache Android SDK	2026-06-06T12:22:59.2433613Z /usr/bin/tar: ../../../../../usr/local/lib/android/sdk/platforms/android-34/data/res/values-mcc001-mnc01-bg: Cannot utime: Operation not permitted
build	Cache Android SDK	2026-06-06T12:22:59.2435104Z /usr/bin/tar: ../../../../../usr/local/lib/android/sdk/platforms/android-34/data/res/values-mcc001-mnc01-bg: Cannot change mode to rwxr-xr-x: Operation not permitted
build	Cache Android SDK	2026-06-06T12:22:59.2441844Z /usr/bin/tar: ../../../../../usr/local/lib/android/sdk/platforms/android-34/data/res/values-mcc312: Cannot utime: Operation not permitted
build	Cache Android SDK	2026-06-06T12:22:59.2443661Z /usr/bin/tar: ../../../../../usr/local/lib/android/sdk/platforms/android-34/data/res/values-mcc312: Cannot change mode to rwxr-xr-x: Operation not permitted
build	Cache Android SDK	2026-06-06T12:22:59.2445263Z /usr/bin/tar: ../../../../../usr/local/lib/android/sdk/platforms/android-34/data/res/raw-ko: Cannot utime: Operation not permitted
build	Cache Android SDK	2026-06-06T12:22:59.2446362Z /usr/bin/tar: ../../../../../usr/local/lib/android/sdk/platforms/android-34/data/res/raw-ko: Cannot change mode to rwxr-xr-x: Operation not permitted
build	Cache Android SDK	2026-06-06T12:22:59.2447233Z /usr/bin/tar: ../../../../../usr/local/lib/android/sdk/platforms/android-34/data/res/values-mcc466-mnc07: Cannot utime: Operation not permitted
build	Cache Android SDK	2026-06-06T12:22:59.2448306Z /usr/bin/tar: ../../../../../usr/local/lib/android/sdk/platforms/android-34/data/res/values-mcc466-mnc07: Cannot change mode to rwxr-xr-x: Operation not permitted
build	Cache Android SDK	2026-06-06T12:22:59.4446138Z /usr/bin/tar: ../../../../../usr/local/lib/android/sdk/platforms/android-34/data/res/drawable-mdpi: Cannot utime: Operation not permitted
build	Cache Android SDK	2026-06-06T12:22:59.4447151Z /usr/bin/tar: ../../../../../usr/local/lib/android/sdk/platforms/android-34/data/res/drawable-mdpi: Cannot change mode to rwxr-xr-x: Operation not permitted
build	Cache Android SDK	2026-06-06T12:22:59.4452689Z /usr/bin/tar: ../../../../../usr/local/lib/android/sdk/platforms/android-34/data/res/values-mcc310-mnc170-gu: Cannot utime: Operation not permitted
build	Cache Android SDK	2026-06-06T12:22:59.4454461Z /usr/bin/tar: ../../../../../usr/local/lib/android/sdk/platforms/android-34/data/res/values-mcc310-mnc170-gu: Cannot change mode to rwxr-xr-x: Operation not permitted
build	Cache Android SDK	2026-06-06T12:22:59.4456530Z /usr/bin/tar: ../../../../../usr/local/lib/android/sdk/platforms/android-34/data/res/values-mcc313-mnc100-bg: Cannot utime: Operation not permitted
build	Cache Android SDK	2026-06-06T12:22:59.4457693Z /usr/bin/tar: ../../../../../usr/local/lib/android/sdk/platforms/android-34/data/res/values-mcc313-mnc100-bg: Cannot change mode to rwxr-xr-x: Operation not permitted
build	Cache Android SDK	2026-06-06T12:22:59.4460208Z /usr/bin/tar: ../../../../../usr/local/lib/android/sdk/platforms/android-34/data/res/values-mcc312-mnc670-hr: Cannot utime: Operation not permitted
build	Cache Android SDK	2026-06-06T12:22:59.4461367Z /usr/bin/tar: ../../../../../usr/local/lib/android/sdk/platforms/android-34/data/res/values-mcc312-mnc670-hr: Cannot change mode to rwxr-xr-x: Operation not permitted
build	Cache Android SDK	2026-06-06T12:22:59.4472831Z /usr/bin/tar: ../../../../../usr/local/lib/android/sdk/platforms/android-34/data/res/values-mcc310-mnc170-bs: Cannot utime: Operation not permitted
build	Cache Android SDK	2026-06-06T12:22:59.4474182Z /usr/bin/tar: ../../../../../usr/local/lib/android/sdk/platforms/android-34/data/res/values-mcc310-mnc170-bs: Cannot change mode to rwxr-xr-x: Operation not permitted
build	Cache Android SDK	2026-06-06T12:22:59.4475090Z /usr/bin/tar: ../../../../../usr/local/lib/android/sdk/platforms/android-34/data/res/values-mcc310-mnc030-bn: Cannot utime: Operation not permitted
build	Cache Android SDK	2026-06-06T12:22:59.4476014Z /usr/bin/tar: ../../../../../usr/local/lib/android/sdk/platforms/android-34/data/res/values-mcc310-mnc030-bn: Cannot change mode to rwxr-xr-x: Operation not permitted
build	Cache Android SDK	2026-06-06T12:22:59.4476932Z /usr/bin/tar: ../../../../../usr/local/lib/android/sdk/platforms/android-34/data/res/values-mcc310-mnc230-lt: Cannot utime: Operation not permitted
build	Cache Android SDK	2026-06-06T12:22:59.4478058Z /usr/bin/tar: ../../../../../usr/local/lib/android/sdk/platforms/android-34/data/res/values-mcc310-mnc230-lt: Cannot change mode to rwxr-xr-x: Operation not permitted
build	Cache Android SDK	2026-06-06T12:22:59.4702848Z /usr/bin/tar: ../../../../../usr/local/lib/android/sdk/platforms/android-34/data/res/values-mcc310-mnc150-vi: Cannot utime: Operation not permitted
build	Cache Android SDK	2026-06-06T12:22:59.4704348Z /usr/bin/tar: ../../../../../usr/local/lib/android/sdk/platforms/android-34/data/res/values-mcc310-mnc150-vi: Cannot change mode to rwxr-xr-x: Operation not permitted
build	Cache Android SDK	2026-06-06T12:22:59.4705989Z /usr/bin/tar: ../../../../../usr/local/lib/android/sdk/platforms/android-34/data/res/values-mcc001-mnc01-el: Cannot utime: Operation not permitted
build	Cache Android SDK	2026-06-06T12:22:59.4708044Z /usr/bin/tar: ../../../../../usr/local/lib/android/sdk/platforms/android-34/data/res/values-mcc001-mnc01-el: Cannot change mode to rwxr-xr-x: Operation not permitted
build	Cache Android SDK	2026-06-06T12:22:59.4709341Z /usr/bin/tar: ../../../../../usr/local/lib/android/sdk/platforms/android-34/data/res/values-mcc310-mnc230-ca: Cannot utime: Operation not permitted
build	Cache Android SDK	2026-06-06T12:22:59.4710579Z /usr/bin/tar: ../../../../../usr/local/lib/android/sdk/platforms/android-34/data/res/values-mcc310-mnc230-ca: Cannot change mode to rwxr-xr-x: Operation not permitted
build	Cache Android SDK	2026-06-06T12:22:59.4711733Z /usr/bin/tar: ../../../../../usr/local/lib/android/sdk/platforms/android-34/data/res/values-mcc310-mnc200-el: Cannot utime: Operation not permitted
build	Cache Android SDK	2026-06-06T12:22:59.4718614Z /usr/bin/tar: ../../../../../usr/local/lib/android/sdk/platforms/android-34/data/res/values-mcc310-mnc200-el: Cannot change mode to rwxr-xr-x: Operation not permitted
build	Cache Android SDK	2026-06-06T12:22:59.4720327Z /usr/bin/tar: ../../../../../usr/local/lib/android/sdk/platforms/android-34/data/res/values-mcc310-mnc160-lv: Cannot utime: Operation not permitted
build	Cache Android SDK	2026-06-06T12:22:59.4721903Z /usr/bin/tar: ../../../../../usr/local/lib/android/sdk/platforms/android-34/data/res/values-mcc310-mnc160-lv: Cannot change mode to rwxr-xr-x: Operation not permitted
build	Cache Android SDK	2026-06-06T12:22:59.4723100Z /usr/bin/tar: ../../../../../usr/local/lib/android/sdk/platforms/android-34/data/res/values-mcc310-mnc220-ko: Cannot utime: Operation not permitted
build	Cache Android SDK	2026-06-06T12:22:59.4724805Z /usr/bin/tar: ../../../../../usr/local/lib/android/sdk/platforms/android-34/data/res/values-mcc310-mnc220-ko: Cannot change mode to rwxr-xr-x: Operation not permitted
build	Cache Android SDK	2026-06-06T12:22:59.4726201Z /usr/bin/tar: ../../../../../usr/local/lib/android/sdk/platforms/android-34/data/res/values-mcc310-mnc280-pl: Cannot utime: Operation not permitted
build	Cache Android SDK	2026-06-06T12:22:59.4727794Z /usr/bin/tar: ../../../../../usr/local/lib/android/sdk/platforms/android-34/data/res/values-mcc310-mnc280-pl: Cannot change mode to rwxr-xr-x: Operation not permitted
build	Cache Android SDK	2026-06-06T12:22:59.4729341Z /usr/bin/tar: ../../../../../usr/local/lib/android/sdk/platforms/android-34/data/res/values-nl-rNL: Cannot utime: Operation not permitted
build	Cache Android SDK	2026-06-06T12:22:59.4730249Z /usr/bin/tar: ../../../../../usr/local/lib/android/sdk/platforms/android-34/data/res/values-nl-rNL: Cannot change mode to rwxr-xr-x: Operation not permitted
build	Cache Android SDK	2026-06-06T12:22:59.4735853Z /usr/bin/tar: ../../../../../usr/local/lib/android/sdk/platforms/android-34/data/res/values-mcc001-mnc01-es-rUS: Cannot utime: Operation not permitted
build	Cache Android SDK	2026-06-06T12:22:59.4737545Z /usr/bin/tar: ../../../../../usr/local/lib/android/sdk/platforms/android-34/data/res/values-mcc001-mnc01-es-rUS: Cannot change mode to rwxr-xr-x: Operation not permitted
build	Cache Android SDK	2026-06-06T12:22:59.4739064Z /usr/bin/tar: ../../../../../usr/local/lib/android/sdk/platforms/android-34/data/res/values-mcc302-mnc370-gu: Cannot utime: Operation not permitted
build	Cache Android SDK	2026-06-06T12:22:59.4740774Z /usr/bin/tar: ../../../../../usr/local/lib/android/sdk/platforms/android-34/data/res/values-mcc302-mnc370-gu: Cannot change mode to rwxr-xr-x: Operation not permitted
build	Cache Android SDK	2026-06-06T12:22:59.4742520Z /usr/bin/tar: ../../../../../usr/local/lib/android/sdk/platforms/android-34/data/res/values-mcc310-mnc490-b+sr+Latn: Cannot utime: Operation not permitted
build	Cache Android SDK	2026-06-06T12:22:59.4744399Z /usr/bin/tar: ../../../../../usr/local/lib/android/sdk/platforms/android-34/data/res/values-mcc310-mnc490-b+sr+Latn: Cannot change mode to rwxr-xr-x: Operation not permitted
build	Cache Android SDK	2026-06-06T12:22:59.4746220Z /usr/bin/tar: ../../../../../usr/local/lib/android/sdk/platforms/android-34/data/res/values-mcc310-mnc950-uk: Cannot utime: Operation not permitted
build	Cache Android SDK	2026-06-06T12:22:59.4748075Z /usr/bin/tar: ../../../../../usr/local/lib/android/sdk/platforms/android-34/data/res/values-mcc310-mnc950-uk: Cannot change mode to rwxr-xr-x: Operation not permitted
build	Cache Android SDK	2026-06-06T12:22:59.4749723Z /usr/bin/tar: ../../../../../usr/local/lib/android/sdk/platforms/android-34/data/res/values-mcc310-mnc660-ml: Cannot utime: Operation not permitted
build	Cache Android SDK	2026-06-06T12:22:59.4751487Z /usr/bin/tar: ../../../../../usr/local/lib/android/sdk/platforms/android-34/data/res/values-mcc310-mnc660-ml: Cannot change mode to rwxr-xr-x: Operation not permitted
build	Cache Android SDK	2026-06-06T12:22:59.4753159Z /usr/bin/tar: ../../../../../usr/local/lib/android/sdk/platforms/android-34/data/res/values-mcc314: Cannot utime: Operation not permitted
build	Cache Android SDK	2026-06-06T12:22:59.4754868Z /usr/bin/tar: ../../../../../usr/local/lib/android/sdk/platforms/android-34/data/res/values-mcc314: Cannot change mode to rwxr-xr-x: Operation not permitted
build	Cache Android SDK	2026-06-06T12:22:59.4756522Z /usr/bin/tar: ../../../../../usr/local/lib/android/sdk/platforms/android-34/data/res/values-mcc310-mnc200-te: Cannot utime: Operation not permitted
build	Cache Android SDK	2026-06-06T12:22:59.4758325Z /usr/bin/tar: ../../../../../usr/local/lib/android/sdk/platforms/android-34/data/res/values-mcc310-mnc200-te: Cannot change mode to rwxr-xr-x: Operation not permitted
build	Cache Android SDK	2026-06-06T12:22:59.4760031Z /usr/bin/tar: ../../../../../usr/local/lib/android/sdk/platforms/android-34/data/res/values-mcc311-mnc180-nb: Cannot utime: Operation not permitted
build	Cache Android SDK	2026-06-06T12:22:59.4761014Z /usr/bin/tar: ../../../../../usr/local/lib/android/sdk/platforms/android-34/data/res/values-mcc311-mnc180-nb: Cannot change mode to rwxr-xr-x: Operation not permitted
build	Cache Android SDK	2026-06-06T12:22:59.4771374Z /usr/bin/tar: ../../../../../usr/local/lib/android/sdk/platforms/android-34/data/res/values-mcc310-mnc250-zh-rHK: Cannot utime: Operation not permitted
build	Cache Android SDK	2026-06-06T12:22:59.4773320Z /usr/bin/tar: ../../../../../usr/local/lib/android/sdk/platforms/android-34/data/res/values-mcc310-mnc250-zh-rHK: Cannot change mode to rwxr-xr-x: Operation not permitted
build	Cache Android SDK	2026-06-06T12:22:59.4775753Z /usr/bin/tar: ../../../../../usr/local/lib/android/sdk/platforms/android-34/data/res/values-mcc310-mnc310-lo: Cannot utime: Operation not permitted
build	Cache Android SDK	2026-06-06T12:22:59.4777629Z /usr/bin/tar: ../../../../../usr/local/lib/android/sdk/platforms/android-34/data/res/values-mcc310-mnc310-lo: Cannot change mode to rwxr-xr-x: Operation not permitted
build	Cache Android SDK	2026-06-06T12:22:59.4779513Z /usr/bin/tar: ../../../../../usr/local/lib/android/sdk/platforms/android-34/data/res/values-mcc001-mnc01-pt-rBR: Cannot utime: Operation not permitted
build	Cache Android SDK	2026-06-06T12:22:59.4780676Z /usr/bin/tar: ../../../../../usr/local/lib/android/sdk/platforms/android-34/data/res/values-mcc001-mnc01-pt-rBR: Cannot change mode to rwxr-xr-x: Operation not permitted
build	Cache Android SDK	2026-06-06T12:22:59.4781775Z /usr/bin/tar: ../../../../../usr/local/lib/android/sdk/platforms/android-34/data/res/values-mcc310-mnc660-ja: Cannot utime: Operation not permitted
build	Cache Android SDK	2026-06-06T12:22:59.4784613Z /usr/bin/tar: ../../../../../usr/local/lib/android/sdk/platforms/android-34/data/res/values-mcc310-mnc660-ja: Cannot change mode to rwxr-xr-x: Operation not permitted
build	Cache Android SDK	2026-06-06T12:22:59.4786401Z /usr/bin/tar: ../../../../../usr/local/lib/android/sdk/platforms/android-34/data/res/values-mcc310-mnc280-bg: Cannot utime: Operation not permitted
build	Cache Android SDK	2026-06-06T12:22:59.4788310Z /usr/bin/tar: ../../../../../usr/local/lib/android/sdk/platforms/android-34/data/res/values-mcc310-mnc280-bg: Cannot change mode to rwxr-xr-x: Operation not permitted
build	Cache Android SDK	2026-06-06T12:22:59.4791646Z /usr/bin/tar: ../../../../../usr/local/lib/android/sdk/platforms/android-34/data/res/values-mcc310-mnc800-am: Cannot utime: Operation not permitted
build	Cache Android SDK	2026-06-06T12:22:59.4793642Z /usr/bin/tar: ../../../../../usr/local/lib/android/sdk/platforms/android-34/data/res/values-mcc310-mnc800-am: Cannot change mode to rwxr-xr-x: Operation not permitted
build	Cache Android SDK	2026-06-06T12:22:59.4795723Z /usr/bin/tar: ../../../../../usr/local/lib/android/sdk/platforms/android-34/data/res/values-mcc310-mnc170-vi: Cannot utime: Operation not permitted
build	Cache Android SDK	2026-06-06T12:22:59.4797583Z /usr/bin/tar: ../../../../../usr/local/lib/android/sdk/platforms/android-34/data/res/values-mcc310-mnc170-vi: Cannot change mode to rwxr-xr-x: Operation not permitted
build	Cache Android SDK	2026-06-06T12:22:59.4799377Z /usr/bin/tar: ../../../../../usr/local/lib/android/sdk/platforms/android-34/data/res/values-mcc310-mnc310-zu: Cannot utime: Operation not permitted
build	Cache Android SDK	2026-06-06T12:22:59.4800980Z /usr/bin/tar: ../../../../../usr/local/lib/android/sdk/platforms/android-34/data/res/values-mcc310-mnc310-zu: Cannot change mode to rwxr-xr-x: Operation not permitted
build	Cache Android SDK	2026-06-06T12:22:59.4802286Z /usr/bin/tar: ../../../../../usr/local/lib/android/sdk/platforms/android-34/data/res/values-mcc310-mnc160-bs: Cannot utime: Operation not permitted
build	Cache Android SDK	2026-06-06T12:22:59.4803865Z /usr/bin/tar: ../../../../../usr/local/lib/android/sdk/platforms/android-34/data/res/values-mcc310-mnc160-bs: Cannot change mode to rwxr-xr-x: Operation not permitted
build	Cache Android SDK	2026-06-06T12:22:59.4819360Z /usr/bin/tar: ../../../../../usr/local/lib/android/sdk/platforms/android-34/data/res/anim-watch: Cannot utime: Operation not permitted
build	Cache Android SDK	2026-06-06T12:22:59.4820362Z /usr/bin/tar: ../../../../../usr/local/lib/android/sdk/platforms/android-34/data/res/anim-watch: Cannot change mode to rwxr-xr-x: Operation not permitted
build	Cache Android SDK	2026-06-06T12:22:59.4822126Z /usr/bin/tar: ../../../../../usr/local/lib/android/sdk/platforms/android-34/data/res/values-mcc334-mnc020-en-rCA: Cannot utime: Operation not permitted
build	Cache Android SDK	2026-06-06T12:22:59.4823832Z /usr/bin/tar: ../../../../../usr/local/lib/android/sdk/platforms/android-34/data/res/values-mcc334-mnc020-en-rCA: Cannot change mode to rwxr-xr-x: Operation not permitted
build	Cache Android SDK	2026-06-06T12:22:59.4825498Z /usr/bin/tar: ../../../../../usr/local/lib/android/sdk/platforms/android-34/data/res/values-lv-television: Cannot utime: Operation not permitted
build	Cache Android SDK	2026-06-06T12:22:59.4827195Z /usr/bin/tar: ../../../../../usr/local/lib/android/sdk/platforms/android-34/data/res/values-lv-television: Cannot change mode to rwxr-xr-x: Operation not permitted
build	Cache Android SDK	2026-06-06T12:22:59.4829032Z /usr/bin/tar: ../../../../../usr/local/lib/android/sdk/platforms/android-34/data/res/values-mcc310-mnc210-ko: Cannot utime: Operation not permitted
build	Cache Android SDK	2026-06-06T12:22:59.4831770Z /usr/bin/tar: ../../../../../usr/local/lib/android/sdk/platforms/android-34/data/res/values-mcc310-mnc210-ko: Cannot change mode to rwxr-xr-x: Operation not permitted
build	Cache Android SDK	2026-06-06T12:22:59.4833570Z /usr/bin/tar: ../../../../../usr/local/lib/android/sdk/platforms/android-34/data/res/values-mcc310-mnc150-fr-rCA: Cannot utime: Operation not permitted
build	Cache Android SDK	2026-06-06T12:22:59.4835369Z /usr/bin/tar: ../../../../../usr/local/lib/android/sdk/platforms/android-34/data/res/values-mcc310-mnc150-fr-rCA: Cannot change mode to rwxr-xr-x: Operation not permitted
build	Cache Android SDK	2026-06-06T12:22:59.4836996Z /usr/bin/tar: ../../../../../usr/local/lib/android/sdk/platforms/android-34/data/res/values-mcc310-mnc030-pt-rBR: Cannot utime: Operation not permitted
build	Cache Android SDK	2026-06-06T12:22:59.4839848Z /usr/bin/tar: ../../../../../usr/local/lib/android/sdk/platforms/android-34/data/res/values-mcc310-mnc030-pt-rBR: Cannot change mode to rwxr-xr-x: Operation not permitted
build	Cache Android SDK	2026-06-06T12:22:59.4841552Z /usr/bin/tar: ../../../../../usr/local/lib/android/sdk/platforms/android-34/data/res/values-mcc334-mnc020-lv: Cannot utime: Operation not permitted
build	Cache Android SDK	2026-06-06T12:22:59.4843233Z /usr/bin/tar: ../../../../../usr/local/lib/android/sdk/platforms/android-34/data/res/values-mcc334-mnc020-lv: Cannot change mode to rwxr-xr-x: Operation not permitted
build	Cache Android SDK	2026-06-06T12:22:59.4846821Z /usr/bin/tar: ../../../../../usr/local/lib/android/sdk/platforms/android-34/data/res/values-hr-watch: Cannot utime: Operation not permitted
build	Cache Android SDK	2026-06-06T12:22:59.4848929Z /usr/bin/tar: ../../../../../usr/local/lib/android/sdk/platforms/android-34/data/res/values-hr-watch: Cannot change mode to rwxr-xr-x: Operation not permitted
build	Cache Android SDK	2026-06-06T12:22:59.4850676Z /usr/bin/tar: ../../../../../usr/local/lib/android/sdk/platforms/android-34/data/res/values-mcc310-mnc380-lo: Cannot utime: Operation not permitted
build	Cache Android SDK	2026-06-06T12:22:59.4851630Z /usr/bin/tar: ../../../../../usr/local/lib/android/sdk/platforms/android-34/data/res/values-mcc310-mnc380-lo: Cannot change mode to rwxr-xr-x: Operation not permitted
build	Cache Android SDK	2026-06-06T12:22:59.4853263Z /usr/bin/tar: ../../../../../usr/local/lib/android/sdk/platforms/android-34/data/res/values-mcc311-mnc180-mk: Cannot utime: Operation not permitted
build	Cache Android SDK	2026-06-06T12:22:59.4854676Z /usr/bin/tar: ../../../../../usr/local/lib/android/sdk/platforms/android-34/data/res/values-mcc311-mnc180-mk: Cannot change mode to rwxr-xr-x: Operation not permitted
build	Cache Android SDK	2026-06-06T12:22:59.4858962Z /usr/bin/tar: ../../../../../usr/local/lib/android/sdk/platforms/android-34/data/res/values-mcc310-mnc170-ro: Cannot utime: Operation not permitted
build	Cache Android SDK	2026-06-06T12:22:59.4860418Z /usr/bin/tar: ../../../../../usr/local/lib/android/sdk/platforms/android-34/data/res/values-mcc310-mnc170-ro: Cannot change mode to rwxr-xr-x: Operation not permitted
build	Cache Android SDK	2026-06-06T12:22:59.4862063Z /usr/bin/tar: ../../../../../usr/local/lib/android/sdk/platforms/android-34/data/res/values-mcc310-mnc200-bn: Cannot utime: Operation not permitted
build	Cache Android SDK	2026-06-06T12:22:59.4863223Z /usr/bin/tar: ../../../../../usr/local/lib/android/sdk/platforms/android-34/data/res/values-mcc310-mnc200-bn: Cannot change mode to rwxr-xr-x: Operation not permitted
build	Cache Android SDK	2026-06-06T12:22:59.4864724Z /usr/bin/tar: ../../../../../usr/local/lib/android/sdk/platforms/android-34/data/res/values-mcc310-mnc250: Cannot utime: Operation not permitted
build	Cache Android SDK	2026-06-06T12:22:59.4865771Z /usr/bin/tar: ../../../../../usr/local/lib/android/sdk/platforms/android-34/data/res/values-mcc310-mnc250: Cannot change mode to rwxr-xr-x: Operation not permitted
build	Cache Android SDK	2026-06-06T12:22:59.4867283Z /usr/bin/tar: ../../../../../usr/local/lib/android/sdk/platforms/android-34/data/res/values-mcc310-mnc660-ru: Cannot utime: Operation not permitted
build	Cache Android SDK	2026-06-06T12:22:59.4868748Z /usr/bin/tar: ../../../../../usr/local/lib/android/sdk/platforms/android-34/data/res/values-mcc310-mnc660-ru: Cannot change mode to rwxr-xr-x: Operation not permitted
build	Cache Android SDK	2026-06-06T12:22:59.4872021Z /usr/bin/tar: ../../../../../usr/local/lib/android/sdk/platforms/android-34/data/res/values-mcc310-mnc220-pa: Cannot utime: Operation not permitted
build	Cache Android SDK	2026-06-06T12:22:59.4873447Z /usr/bin/tar: ../../../../../usr/local/lib/android/sdk/platforms/android-34/data/res/values-mcc310-mnc220-pa: Cannot change mode to rwxr-xr-x: Operation not permitted
build	Cache Android SDK	2026-06-06T12:22:59.4875341Z /usr/bin/tar: ../../../../../usr/local/lib/android/sdk/platforms/android-34/data/res/values-mcc310-mnc800-ja: Cannot utime: Operation not permitted
build	Cache Android SDK	2026-06-06T12:22:59.4876364Z /usr/bin/tar: ../../../../../usr/local/lib/android/sdk/platforms/android-34/data/res/values-mcc310-mnc800-ja: Cannot change mode to rwxr-xr-x: Operation not permitted
build	Cache Android SDK	2026-06-06T12:22:59.4878591Z /usr/bin/tar: ../../../../../usr/local/lib/android/sdk/platforms/android-34/data/res/values-mcc310-mnc490-is: Cannot utime: Operation not permitted
build	Cache Android SDK	2026-06-06T12:22:59.4879823Z /usr/bin/tar: ../../../../../usr/local/lib/android/sdk/platforms/android-34/data/res/values-mcc310-mnc490-is: Cannot change mode to rwxr-xr-x: Operation not permitted
build	Cache Android SDK	2026-06-06T12:22:59.4882016Z /usr/bin/tar: ../../../../../usr/local/lib/android/sdk/platforms/android-34/data/res/values-mcc302-mnc720-fi: Cannot utime: Operation not permitted
build	Cache Android SDK	2026-06-06T12:22:59.4883502Z /usr/bin/tar: ../../../../../usr/local/lib/android/sdk/platforms/android-34/data/res/values-mcc302-mnc720-fi: Cannot change mode to rwxr-xr-x: Operation not permitted
build	Cache Android SDK	2026-06-06T12:22:59.4892858Z /usr/bin/tar: ../../../../../usr/local/lib/android/sdk/platforms/android-34/data/res/values-mcc310-mnc270-mn: Cannot utime: Operation not permitted
build	Cache Android SDK	2026-06-06T12:22:59.4893933Z /usr/bin/tar: ../../../../../usr/local/lib/android/sdk/platforms/android-34/data/res/values-mcc310-mnc270-mn: Cannot change mode to rwxr-xr-x: Operation not permitted
build	Cache Android SDK	2026-06-06T12:22:59.4895677Z /usr/bin/tar: ../../../../../usr/local/lib/android/sdk/platforms/android-34/data/res/values-mcc312-mnc670-ar: Cannot utime: Operation not permitted
build	Cache Android SDK	2026-06-06T12:22:59.4897495Z /usr/bin/tar: ../../../../../usr/local/lib/android/sdk/platforms/android-34/data/res/values-mcc312-mnc670-ar: Cannot change mode to rwxr-xr-x: Operation not permitted
build	Cache Android SDK	2026-06-06T12:22:59.4899213Z /usr/bin/tar: ../../../../../usr/local/lib/android/sdk/platforms/android-34/data/res/values-mcc313-mnc100-hu: Cannot utime: Operation not permitted
build	Cache Android SDK	2026-06-06T12:22:59.4900624Z /usr/bin/tar: ../../../../../usr/local/lib/android/sdk/platforms/android-34/data/res/values-mcc313-mnc100-hu: Cannot change mode to rwxr-xr-x: Operation not permitted
build	Cache Android SDK	2026-06-06T12:22:59.4902240Z /usr/bin/tar: ../../../../../usr/local/lib/android/sdk/platforms/android-34/data/res/values-in-television: Cannot utime: Operation not permitted
build	Cache Android SDK	2026-06-06T12:22:59.4903866Z /usr/bin/tar: ../../../../../usr/local/lib/android/sdk/platforms/android-34/data/res/values-in-television: Cannot change mode to rwxr-xr-x: Operation not permitted
build	Cache Android SDK	2026-06-06T12:22:59.4905141Z /usr/bin/tar: ../../../../../usr/local/lib/android/sdk/platforms/android-34/data/res/values-or: Cannot utime: Operation not permitted
build	Cache Android SDK	2026-06-06T12:22:59.4905975Z /usr/bin/tar: ../../../../../usr/local/lib/android/sdk/platforms/android-34/data/res/values-or: Cannot change mode to rwxr-xr-x: Operation not permitted
build	Cache Android SDK	2026-06-06T12:22:59.4908666Z /usr/bin/tar: ../../../../../usr/local/lib/android/sdk/platforms/android-34/data/res/values-mcc310-mnc230-b+sr+Latn: Cannot utime: Operation not permitted
build	Cache Android SDK	2026-06-06T12:22:59.4910656Z /usr/bin/tar: ../../../../../usr/local/lib/android/sdk/platforms/android-34/data/res/values-mcc310-mnc230-b+sr+Latn: Cannot change mode to rwxr-xr-x: Operation not permitted
build	Cache Android SDK	2026-06-06T12:22:59.4913371Z /usr/bin/tar: ../../../../../usr/local/lib/android/sdk/platforms/android-34/data/res/values-mcc222-mnc10: Cannot utime: Operation not permitted
build	Cache Android SDK	2026-06-06T12:22:59.4915026Z /usr/bin/tar: ../../../../../usr/local/lib/android/sdk/platforms/android-34/data/res/values-mcc222-mnc10: Cannot change mode to rwxr-xr-x: Operation not permitted
build	Cache Android SDK	2026-06-06T12:22:59.4916786Z /usr/bin/tar: ../../../../../usr/local/lib/android/sdk/platforms/android-34/data/res/values-mcc310-mnc310-ru: Cannot utime: Operation not permitted
build	Cache Android SDK	2026-06-06T12:22:59.4918629Z /usr/bin/tar: ../../../../../usr/local/lib/android/sdk/platforms/android-34/data/res/values-mcc310-mnc310-ru: Cannot change mode to rwxr-xr-x: Operation not permitted
build	Cache Android SDK	2026-06-06T12:22:59.4920797Z /usr/bin/tar: ../../../../../usr/local/lib/android/sdk/platforms/android-34/data/res/values-mcc310-mnc240-sk: Cannot utime: Operation not permitted
build	Cache Android SDK	2026-06-06T12:22:59.4922638Z /usr/bin/tar: ../../../../../usr/local/lib/android/sdk/platforms/android-34/data/res/values-mcc310-mnc240-sk: Cannot change mode to rwxr-xr-x: Operation not permitted
build	Cache Android SDK	2026-06-06T12:22:59.4924572Z /usr/bin/tar: ../../../../../usr/local/lib/android/sdk/platforms/android-34/data/res/values-mcc310-mnc210-fa: Cannot utime: Operation not permitted
build	Cache Android SDK	2026-06-06T12:22:59.4926588Z /usr/bin/tar: ../../../../../usr/local/lib/android/sdk/platforms/android-34/data/res/values-mcc310-mnc210-fa: Cannot change mode to rwxr-xr-x: Operation not permitted
build	Cache Android SDK	2026-06-06T12:22:59.4928719Z /usr/bin/tar: ../../../../../usr/local/lib/android/sdk/platforms/android-34/data/res/values-mcc310-mnc200-et: Cannot utime: Operation not permitted
build	Cache Android SDK	2026-06-06T12:22:59.4930652Z /usr/bin/tar: ../../../../../usr/local/lib/android/sdk/platforms/android-34/data/res/values-mcc310-mnc200-et: Cannot change mode to rwxr-xr-x: Operation not permitted
build	Cache Android SDK	2026-06-06T12:22:59.4933764Z /usr/bin/tar: ../../../../../usr/local/lib/android/sdk/platforms/android-34/data/res/values-ko: Cannot utime: Operation not permitted
build	Cache Android SDK	2026-06-06T12:22:59.4934748Z /usr/bin/tar: ../../../../../usr/local/lib/android/sdk/platforms/android-34/data/res/values-ko: Cannot change mode to rwxr-xr-x: Operation not permitted
build	Cache Android SDK	2026-06-06T12:22:59.4945677Z /usr/bin/tar: ../../../../../usr/local/lib/android/sdk/platforms/android-34/data/res/values-en-rAU-television: Cannot utime: Operation not permitted
build	Cache Android SDK	2026-06-06T12:22:59.4947917Z /usr/bin/tar: ../../../../../usr/local/lib/android/sdk/platforms/android-34/data/res/values-en-rAU-television: Cannot change mode to rwxr-xr-x: Operation not permitted
build	Cache Android SDK	2026-06-06T12:22:59.4949808Z /usr/bin/tar: ../../../../../usr/local/lib/android/sdk/platforms/android-34/data/res/values-hy-watch: Cannot utime: Operation not permitted
build	Cache Android SDK	2026-06-06T12:22:59.4951713Z /usr/bin/tar: ../../../../../usr/local/lib/android/sdk/platforms/android-34/data/res/values-hy-watch: Cannot change mode to rwxr-xr-x: Operation not permitted
build	Cache Android SDK	2026-06-06T12:22:59.4953689Z /usr/bin/tar: ../../../../../usr/local/lib/android/sdk/platforms/android-34/data/res/values-mcc311-mnc180-kn: Cannot utime: Operation not permitted
build	Cache Android SDK	2026-06-06T12:22:59.4954853Z /usr/bin/tar: ../../../../../usr/local/lib/android/sdk/platforms/android-34/data/res/values-mcc311-mnc180-kn: Cannot change mode to rwxr-xr-x: Operation not permitted
build	Cache Android SDK	2026-06-06T12:22:59.4957647Z /usr/bin/tar: ../../../../../usr/local/lib/android/sdk/platforms/android-34/data/res/values-mcc310-mnc210-pl: Cannot utime: Operation not permitted
build	Cache Android SDK	2026-06-06T12:22:59.4958702Z /usr/bin/tar: ../../../../../usr/local/lib/android/sdk/platforms/android-34/data/res/values-mcc310-mnc210-pl: Cannot change mode to rwxr-xr-x: Operation not permitted
build	Cache Android SDK	2026-06-06T12:22:59.4971911Z /usr/bin/tar: ../../../../../usr/local/lib/android/sdk/platforms/android-34/data/res/values-mcc310-mnc230-is: Cannot utime: Operation not permitted
build	Cache Android SDK	2026-06-06T12:22:59.4974089Z /usr/bin/tar: ../../../../../usr/local/lib/android/sdk/platforms/android-34/data/res/values-mcc310-mnc230-is: Cannot change mode to rwxr-xr-x: Operation not permitted
build	Cache Android SDK	2026-06-06T12:22:59.4979950Z /usr/bin/tar: ../../../../../usr/local/lib/android/sdk/platforms/android-34/data/res/values-mcc712-mnc04: Cannot utime: Operation not permitted
build	Cache Android SDK	2026-06-06T12:22:59.4981768Z /usr/bin/tar: ../../../../../usr/local/lib/android/sdk/platforms/android-34/data/res/values-mcc712-mnc04: Cannot change mode to rwxr-xr-x: Operation not permitted
build	Cache Android SDK	2026-06-06T12:22:59.4983330Z /usr/bin/tar: ../../../../../usr/local/lib/android/sdk/platforms/android-34/data/res/values-mcc310-mnc490-ur: Cannot utime: Operation not permitted
build	Cache Android SDK	2026-06-06T12:22:59.4984249Z /usr/bin/tar: ../../../../../usr/local/lib/android/sdk/platforms/android-34/data/res/values-mcc310-mnc490-ur: Cannot change mode to rwxr-xr-x: Operation not permitted
build	Cache Android SDK	2026-06-06T12:22:59.4987328Z /usr/bin/tar: ../../../../../usr/local/lib/android/sdk/platforms/android-34/data/res/values-mcc311-mnc180-sl: Cannot utime: Operation not permitted
build	Cache Android SDK	2026-06-06T12:22:59.4988418Z /usr/bin/tar: ../../../../../usr/local/lib/android/sdk/platforms/android-34/data/res/values-mcc311-mnc180-sl: Cannot change mode to rwxr-xr-x: Operation not permitted
build	Cache Android SDK	2026-06-06T12:22:59.5188876Z /usr/bin/tar: ../../../../../usr/local/lib/android/sdk/platforms/android-34/data/res/values-mcc310-mnc170-mk: Cannot utime: Operation not permitted
build	Cache Android SDK	2026-06-06T12:22:59.5190734Z /usr/bin/tar: ../../../../../usr/local/lib/android/sdk/platforms/android-34/data/res/values-mcc310-mnc170-mk: Cannot change mode to rwxr-xr-x: Operation not permitted
build	Cache Android SDK	2026-06-06T12:22:59.5191926Z /usr/bin/tar: ../../../../../usr/local/lib/android/sdk/platforms/android-34/data/res/values-mcc310-mnc950-th: Cannot utime: Operation not permitted
build	Cache Android SDK	2026-06-06T12:22:59.5193309Z /usr/bin/tar: ../../../../../usr/local/lib/android/sdk/platforms/android-34/data/res/values-mcc310-mnc950-th: Cannot change mode to rwxr-xr-x: Operation not permitted
build	Cache Android SDK	2026-06-06T12:22:59.5195063Z /usr/bin/tar: ../../../../../usr/local/lib/android/sdk/platforms/android-34/data/res/values-mcc310-mnc660-nb: Cannot utime: Operation not permitted
build	Cache Android SDK	2026-06-06T12:22:59.5196901Z /usr/bin/tar: ../../../../../usr/local/lib/android/sdk/platforms/android-34/data/res/values-mcc310-mnc660-nb: Cannot change mode to rwxr-xr-x: Operation not permitted
build	Cache Android SDK	2026-06-06T12:22:59.5201928Z /usr/bin/tar: ../../../../../usr/local/lib/android/sdk/platforms/android-34/data/res/values-mcc310-mnc030-pa: Cannot utime: Operation not permitted
build	Cache Android SDK	2026-06-06T12:22:59.5202863Z /usr/bin/tar: ../../../../../usr/local/lib/android/sdk/platforms/android-34/data/res/values-mcc310-mnc030-pa: Cannot change mode to rwxr-xr-x: Operation not permitted
build	Cache Android SDK	2026-06-06T12:22:59.5204509Z /usr/bin/tar: ../../../../../usr/local/lib/android/sdk/platforms/android-34/data/res/values-gu-watch: Cannot utime: Operation not permitted
build	Cache Android SDK	2026-06-06T12:22:59.5208623Z /usr/bin/tar: ../../../../../usr/local/lib/android/sdk/platforms/android-34/data/res/values-gu-watch: Cannot change mode to rwxr-xr-x: Operation not permitted
build	Cache Android SDK	2026-06-06T12:22:59.5210348Z /usr/bin/tar: ../../../../../usr/local/lib/android/sdk/platforms/android-34/data/res/values-mcc310-mnc660-si: Cannot utime: Operation not permitted
build	Cache Android SDK	2026-06-06T12:22:59.5211957Z /usr/bin/tar: ../../../../../usr/local/lib/android/sdk/platforms/android-34/data/res/values-mcc310-mnc660-si: Cannot change mode to rwxr-xr-x: Operation not permitted
build	Cache Android SDK	2026-06-06T12:22:59.5212990Z /usr/bin/tar: ../../../../../usr/local/lib/android/sdk/platforms/android-34/data/res/values-mcc310-mnc380-eu: Cannot utime: Operation not permitted
build	Cache Android SDK	2026-06-06T12:22:59.5213901Z /usr/bin/tar: ../../../../../usr/local/lib/android/sdk/platforms/android-34/data/res/values-mcc310-mnc380-eu: Cannot change mode to rwxr-xr-x: Operation not permitted
build	Cache Android SDK	2026-06-06T12:22:59.5215769Z /usr/bin/tar: ../../../../../usr/local/lib/android/sdk/platforms/android-34/data/res/values-mcc334-mnc020-pa: Cannot utime: Operation not permitted
build	Cache Android SDK	2026-06-06T12:22:59.5216785Z /usr/bin/tar: ../../../../../usr/local/lib/android/sdk/platforms/android-34/data/res/values-mcc334-mnc020-pa: Cannot change mode to rwxr-xr-x: Operation not permitted
build	Cache Android SDK	2026-06-06T12:22:59.5220763Z /usr/bin/tar: ../../../../../usr/local/lib/android/sdk/platforms/android-34/data/res/values-mcc310-mnc560-fr: Cannot utime: Operation not permitted
build	Cache Android SDK	2026-06-06T12:22:59.5221705Z /usr/bin/tar: ../../../../../usr/local/lib/android/sdk/platforms/android-34/data/res/values-mcc310-mnc560-fr: Cannot change mode to rwxr-xr-x: Operation not permitted
build	Cache Android SDK	2026-06-06T12:22:59.5236126Z /usr/bin/tar: ../../../../../usr/local/lib/android/sdk/platforms/android-34/data/res/values-mcc334-mnc020-pt-rBR: Cannot utime: Operation not permitted
build	Cache Android SDK	2026-06-06T12:22:59.5237490Z /usr/bin/tar: ../../../../../usr/local/lib/android/sdk/platforms/android-34/data/res/values-mcc334-mnc020-pt-rBR: Cannot change mode to rwxr-xr-x: Operation not permitted
build	Cache Android SDK	2026-06-06T12:22:59.5239728Z /usr/bin/tar: ../../../../../usr/local/lib/android/sdk/platforms/android-34/data/res/values-mcc313-mnc100-ur: Cannot utime: Operation not permitted
build	Cache Android SDK	2026-06-06T12:22:59.5240889Z /usr/bin/tar: ../../../../../usr/local/lib/android/sdk/platforms/android-34/data/res/values-mcc313-mnc100-ur: Cannot change mode to rwxr-xr-x: Operation not permitted
build	Cache Android SDK	2026-06-06T12:22:59.5256745Z /usr/bin/tar: ../../../../../usr/local/lib/android/sdk/platforms/android-34/data/res/values-mcc310-mnc230-ml: Cannot utime: Operation not permitted
build	Cache Android SDK	2026-06-06T12:22:59.5257888Z /usr/bin/tar: ../../../../../usr/local/lib/android/sdk/platforms/android-34/data/res/values-mcc310-mnc230-ml: Cannot change mode to rwxr-xr-x: Operation not permitted
build	Cache Android SDK	2026-06-06T12:22:59.5261449Z /usr/bin/tar: ../../../../../usr/local/lib/android/sdk/platforms/android-34/data/res/values-sr-rRS: Cannot utime: Operation not permitted
build	Cache Android SDK	2026-06-06T12:22:59.5262441Z /usr/bin/tar: ../../../../../usr/local/lib/android/sdk/platforms/android-34/data/res/values-sr-rRS: Cannot change mode to rwxr-xr-x: Operation not permitted
build	Cache Android SDK	2026-06-06T12:22:59.5276028Z /usr/bin/tar: ../../../../../usr/local/lib/android/sdk/platforms/android-34/data/res/values-mcc310-mnc160-cs: Cannot utime: Operation not permitted
build	Cache Android SDK	2026-06-06T12:22:59.5277871Z /usr/bin/tar: ../../../../../usr/local/lib/android/sdk/platforms/android-34/data/res/values-mcc310-mnc160-cs: Cannot change mode to rwxr-xr-x: Operation not permitted
build	Cache Android SDK	2026-06-06T12:22:59.5280178Z /usr/bin/tar: ../../../../../usr/local/lib/android/sdk/platforms/android-34/data/res/values-mcc240-mnc01: Cannot utime: Operation not permitted
build	Cache Android SDK	2026-06-06T12:22:59.5281432Z /usr/bin/tar: ../../../../../usr/local/lib/android/sdk/platforms/android-34/data/res/values-mcc240-mnc01: Cannot change mode to rwxr-xr-x: Operation not permitted
build	Cache Android SDK	2026-06-06T12:22:59.5283238Z /usr/bin/tar: ../../../../../usr/local/lib/android/sdk/platforms/android-34/data/res/values-mcc310-mnc800-fr: Cannot utime: Operation not permitted
build	Cache Android SDK	2026-06-06T12:22:59.5284801Z /usr/bin/tar: ../../../../../usr/local/lib/android/sdk/platforms/android-34/data/res/values-mcc310-mnc800-fr: Cannot change mode to rwxr-xr-x: Operation not permitted
build	Cache Android SDK	2026-06-06T12:22:59.5286427Z /usr/bin/tar: ../../../../../usr/local/lib/android/sdk/platforms/android-34/data/res/values-mcc310-mnc490-pt-rPT: Cannot utime: Operation not permitted
build	Cache Android SDK	2026-06-06T12:22:59.5288035Z /usr/bin/tar: ../../../../../usr/local/lib/android/sdk/platforms/android-34/data/res/values-mcc310-mnc490-pt-rPT: Cannot change mode to rwxr-xr-x: Operation not permitted
build	Cache Android SDK	2026-06-06T12:22:59.5825759Z /usr/bin/tar: ../../../../../usr/local/lib/android/sdk/platforms/android-34/data/res/values-mcc310-mnc160-bn: Cannot utime: Operation not permitted
build	Cache Android SDK	2026-06-06T12:22:59.5827810Z /usr/bin/tar: ../../../../../usr/local/lib/android/sdk/platforms/android-34/data/res/values-mcc310-mnc160-bn: Cannot change mode to rwxr-xr-x: Operation not permitted
build	Cache Android SDK	2026-06-06T12:22:59.5829124Z /usr/bin/tar: ../../../../../usr/local/lib/android/sdk/platforms/android-34/data/res/values-in: Cannot utime: Operation not permitted
build	Cache Android SDK	2026-06-06T12:22:59.5830910Z /usr/bin/tar: ../../../../../usr/local/lib/android/sdk/platforms/android-34/data/res/values-in: Cannot change mode to rwxr-xr-x: Operation not permitted
build	Cache Android SDK	2026-06-06T12:22:59.5832229Z /usr/bin/tar: ../../../../../usr/local/lib/android/sdk/platforms/android-34/data/res/values-mcc310-mnc220-kn: Cannot utime: Operation not permitted
build	Cache Android SDK	2026-06-06T12:22:59.5833595Z /usr/bin/tar: ../../../../../usr/local/lib/android/sdk/platforms/android-34/data/res/values-mcc310-mnc220-kn: Cannot change mode to rwxr-xr-x: Operation not permitted
build	Cache Android SDK	2026-06-06T12:22:59.5836164Z /usr/bin/tar: ../../../../../usr/local/lib/android/sdk/platforms/android-34/data/res/values-mcc214: Cannot utime: Operation not permitted
build	Cache Android SDK	2026-06-06T12:22:59.5838161Z /usr/bin/tar: ../../../../../usr/local/lib/android/sdk/platforms/android-34/data/res/values-mcc214: Cannot change mode to rwxr-xr-x: Operation not permitted
build	Cache Android SDK	2026-06-06T12:22:59.5845147Z /usr/bin/tar: ../../../../../usr/local/lib/android/sdk/platforms/android-34/data/res/values-mcc310-mnc660-zh-rTW: Cannot utime: Operation not permitted
build	Cache Android SDK	2026-06-06T12:22:59.5846774Z /usr/bin/tar: ../../../../../usr/local/lib/android/sdk/platforms/android-34/data/res/values-mcc310-mnc660-zh-rTW: Cannot change mode to rwxr-xr-x: Operation not permitted
build	Cache Android SDK	2026-06-06T12:22:59.5853429Z /usr/bin/tar: ../../../../../usr/local/lib/android/sdk/platforms/android-34/data/res/values-is-television: Cannot utime: Operation not permitted
build	Cache Android SDK	2026-06-06T12:22:59.5854421Z /usr/bin/tar: ../../../../../usr/local/lib/android/sdk/platforms/android-34/data/res/values-is-television: Cannot change mode to rwxr-xr-x: Operation not permitted
build	Cache Android SDK	2026-06-06T12:22:59.5865536Z /usr/bin/tar: ../../../../../usr/local/lib/android/sdk/platforms/android-34/data/res/values-en-rIN: Cannot utime: Operation not permitted
build	Cache Android SDK	2026-06-06T12:22:59.5867261Z /usr/bin/tar: ../../../../../usr/local/lib/android/sdk/platforms/android-34/data/res/values-en-rIN: Cannot change mode to rwxr-xr-x: Operation not permitted
build	Cache Android SDK	2026-06-06T12:22:59.5869039Z /usr/bin/tar: ../../../../../usr/local/lib/android/sdk/platforms/android-34/data/res/values-sw-watch: Cannot utime: Operation not permitted
build	Cache Android SDK	2026-06-06T12:22:59.5870588Z /usr/bin/tar: ../../../../../usr/local/lib/android/sdk/platforms/android-34/data/res/values-sw-watch: Cannot change mode to rwxr-xr-x: Operation not permitted
build	Cache Android SDK	2026-06-06T12:22:59.5874746Z /usr/bin/tar: ../../../../../usr/local/lib/android/sdk/platforms/android-34/data/res/values-mcc310-mnc270-sv: Cannot utime: Operation not permitted
build	Cache Android SDK	2026-06-06T12:22:59.5876722Z /usr/bin/tar: ../../../../../usr/local/lib/android/sdk/platforms/android-34/data/res/values-mcc310-mnc270-sv: Cannot change mode to rwxr-xr-x: Operation not permitted
build	Cache Android SDK	2026-06-06T12:22:59.5878823Z /usr/bin/tar: ../../../../../usr/local/lib/android/sdk/platforms/android-34/data/res/values-mcc310-mnc490-bg: Cannot utime: Operation not permitted
build	Cache Android SDK	2026-06-06T12:22:59.5879758Z /usr/bin/tar: ../../../../../usr/local/lib/android/sdk/platforms/android-34/data/res/values-mcc310-mnc490-bg: Cannot change mode to rwxr-xr-x: Operation not permitted
build	Cache Android SDK	2026-06-06T12:22:59.5892454Z /usr/bin/tar: ../../../../../usr/local/lib/android/sdk/platforms/android-34/data/res/values-mcc466-mnc11: Cannot utime: Operation not permitted
build	Cache Android SDK	2026-06-06T12:22:59.5893822Z /usr/bin/tar: ../../../../../usr/local/lib/android/sdk/platforms/android-34/data/res/values-mcc466-mnc11: Cannot change mode to rwxr-xr-x: Operation not permitted
build	Cache Android SDK	2026-06-06T12:22:59.5900842Z /usr/bin/tar: ../../../../../usr/local/lib/android/sdk/platforms/android-34/data/res/values-mcc310-mnc200-my: Cannot utime: Operation not permitted
build	Cache Android SDK	2026-06-06T12:22:59.5902437Z /usr/bin/tar: ../../../../../usr/local/lib/android/sdk/platforms/android-34/data/res/values-mcc310-mnc200-my: Cannot change mode to rwxr-xr-x: Operation not permitted
build	Cache Android SDK	2026-06-06T12:22:59.5903461Z /usr/bin/tar: ../../../../../usr/local/lib/android/sdk/platforms/android-34/data/res/values-mcc310-mnc210-ka: Cannot utime: Operation not permitted
build	Cache Android SDK	2026-06-06T12:22:59.5904479Z /usr/bin/tar: ../../../../../usr/local/lib/android/sdk/platforms/android-34/data/res/values-mcc310-mnc210-ka: Cannot change mode to rwxr-xr-x: Operation not permitted
build	Cache Android SDK	2026-06-06T12:22:59.5998315Z /usr/bin/tar: ../../../../../usr/local/lib/android/sdk/platforms/android-34/data/res/anim: Cannot utime: Operation not permitted
build	Cache Android SDK	2026-06-06T12:22:59.5999252Z /usr/bin/tar: ../../../../../usr/local/lib/android/sdk/platforms/android-34/data/res/anim: Cannot change mode to rwxr-xr-x: Operation not permitted
build	Cache Android SDK	2026-06-06T12:22:59.6001648Z /usr/bin/tar: ../../../../../usr/local/lib/android/sdk/platforms/android-34/data/res/values-mcc310-mnc560-sw: Cannot utime: Operation not permitted
build	Cache Android SDK	2026-06-06T12:22:59.6002630Z /usr/bin/tar: ../../../../../usr/local/lib/android/sdk/platforms/android-34/data/res/values-mcc310-mnc560-sw: Cannot change mode to rwxr-xr-x: Operation not permitted
build	Cache Android SDK	2026-06-06T12:22:59.6005876Z /usr/bin/tar: ../../../../../usr/local/lib/android/sdk/platforms/android-34/data/res/values-mcc310-mnc270-ka: Cannot utime: Operation not permitted
build	Cache Android SDK	2026-06-06T12:22:59.6007869Z /usr/bin/tar: ../../../../../usr/local/lib/android/sdk/platforms/android-34/data/res/values-mcc310-mnc270-ka: Cannot change mode to rwxr-xr-x: Operation not permitted
build	Cache Android SDK	2026-06-06T12:22:59.6019457Z /usr/bin/tar: ../../../../../usr/local/lib/android/sdk/platforms/android-34/data/res/values-mcc334-mnc020-af: Cannot utime: Operation not permitted
build	Cache Android SDK	2026-06-06T12:22:59.6020672Z /usr/bin/tar: ../../../../../usr/local/lib/android/sdk/platforms/android-34/data/res/values-mcc334-mnc020-af: Cannot change mode to rwxr-xr-x: Operation not permitted
build	Cache Android SDK	2026-06-06T12:22:59.6022233Z /usr/bin/tar: ../../../../../usr/local/lib/android/sdk/platforms/android-34/data/res/values-mcc310-mnc560-el: Cannot utime: Operation not permitted
build	Cache Android SDK	2026-06-06T12:22:59.6023169Z /usr/bin/tar: ../../../../../usr/local/lib/android/sdk/platforms/android-34/data/res/values-mcc310-mnc560-el: Cannot change mode to rwxr-xr-x: Operation not permitted
build	Cache Android SDK	2026-06-06T12:22:59.6034248Z /usr/bin/tar: ../../../../../usr/local/lib/android/sdk/platforms/android-34/data/res/layout-xlarge: Cannot utime: Operation not permitted
build	Cache Android SDK	2026-06-06T12:22:59.6035948Z /usr/bin/tar: ../../../../../usr/local/lib/android/sdk/platforms/android-34/data/res/layout-xlarge: Cannot change mode to rwxr-xr-x: Operation not permitted
build	Cache Android SDK	2026-06-06T12:22:59.6038099Z /usr/bin/tar: ../../../../../usr/local/lib/android/sdk/platforms/android-34/data/res/values-mcc001-mnc01-bn: Cannot utime: Operation not permitted
build	Cache Android SDK	2026-06-06T12:22:59.6039966Z /usr/bin/tar: ../../../../../usr/local/lib/android/sdk/platforms/android-34/data/res/values-mcc001-mnc01-bn: Cannot change mode to rwxr-xr-x: Operation not permitted
build	Cache Android SDK	2026-06-06T12:22:59.6041679Z /usr/bin/tar: ../../../../../usr/local/lib/android/sdk/platforms/android-34/data/res/values-mcc310-mnc270-zh-rCN: Cannot utime: Operation not permitted
build	Cache Android SDK	2026-06-06T12:22:59.6043432Z /usr/bin/tar: ../../../../../usr/local/lib/android/sdk/platforms/android-34/data/res/values-mcc310-mnc270-zh-rCN: Cannot change mode to rwxr-xr-x: Operation not permitted
build	Cache Android SDK	2026-06-06T12:22:59.6045403Z /usr/bin/tar: ../../../../../usr/local/lib/android/sdk/platforms/android-34/data/res/values-mcc302-mnc370-zu: Cannot utime: Operation not permitted
build	Cache Android SDK	2026-06-06T12:22:59.6047054Z /usr/bin/tar: ../../../../../usr/local/lib/android/sdk/platforms/android-34/data/res/values-mcc302-mnc370-zu: Cannot change mode to rwxr-xr-x: Operation not permitted
build	Cache Android SDK	2026-06-06T12:22:59.6048965Z /usr/bin/tar: ../../../../../usr/local/lib/android/sdk/platforms/android-34/data/res/values-mcc310-mnc210-ne: Cannot utime: Operation not permitted
build	Cache Android SDK	2026-06-06T12:22:59.6050264Z /usr/bin/tar: ../../../../../usr/local/lib/android/sdk/platforms/android-34/data/res/values-mcc310-mnc210-ne: Cannot change mode to rwxr-xr-x: Operation not permitted
build	Cache Android SDK	2026-06-06T12:22:59.6051193Z /usr/bin/tar: ../../../../../usr/local/lib/android/sdk/platforms/android-34/data/res/values-mcc302-mnc370-en-rIN: Cannot utime: Operation not permitted
build	Cache Android SDK	2026-06-06T12:22:59.6052387Z /usr/bin/tar: ../../../../../usr/local/lib/android/sdk/platforms/android-34/data/res/values-mcc302-mnc370-en-rIN: Cannot change mode to rwxr-xr-x: Operation not permitted
build	Cache Android SDK	2026-06-06T12:22:59.6054016Z /usr/bin/tar: ../../../../../usr/local/lib/android/sdk/platforms/android-34/data/res/values-ky-television: Cannot utime: Operation not permitted
build	Cache Android SDK	2026-06-06T12:22:59.6055629Z /usr/bin/tar: ../../../../../usr/local/lib/android/sdk/platforms/android-34/data/res/values-ky-television: Cannot change mode to rwxr-xr-x: Operation not permitted
build	Cache Android SDK	2026-06-06T12:22:59.6059336Z /usr/bin/tar: ../../../../../usr/local/lib/android/sdk/platforms/android-34/data/res/values-mcc310-mnc210-ms: Cannot utime: Operation not permitted
build	Cache Android SDK	2026-06-06T12:22:59.6060254Z /usr/bin/tar: ../../../../../usr/local/lib/android/sdk/platforms/android-34/data/res/values-mcc310-mnc210-ms: Cannot change mode to rwxr-xr-x: Operation not permitted
build	Cache Android SDK	2026-06-06T12:22:59.6063949Z /usr/bin/tar: ../../../../../usr/local/lib/android/sdk/platforms/android-34/data/res/values-mcc310-mnc210-hi: Cannot utime: Operation not permitted
build	Cache Android SDK	2026-06-06T12:22:59.6065428Z /usr/bin/tar: ../../../../../usr/local/lib/android/sdk/platforms/android-34/data/res/values-mcc310-mnc210-hi: Cannot change mode to rwxr-xr-x: Operation not permitted
build	Cache Android SDK	2026-06-06T12:22:59.6068117Z /usr/bin/tar: ../../../../../usr/local/lib/android/sdk/platforms/android-34/data/res/values-mcc310-mnc210-is: Cannot utime: Operation not permitted
build	Cache Android SDK	2026-06-06T12:22:59.6069143Z /usr/bin/tar: ../../../../../usr/local/lib/android/sdk/platforms/android-34/data/res/values-mcc310-mnc210-is: Cannot change mode to rwxr-xr-x: Operation not permitted
build	Cache Android SDK	2026-06-06T12:22:59.6070779Z /usr/bin/tar: ../../../../../usr/local/lib/android/sdk/platforms/android-34/data/res/values-mcc312-mnc670-tl: Cannot utime: Operation not permitted
build	Cache Android SDK	2026-06-06T12:22:59.6071819Z /usr/bin/tar: ../../../../../usr/local/lib/android/sdk/platforms/android-34/data/res/values-mcc312-mnc670-tl: Cannot change mode to rwxr-xr-x: Operation not permitted
build	Cache Android SDK	2026-06-06T12:22:59.6080243Z /usr/bin/tar: ../../../../../usr/local/lib/android/sdk/platforms/android-34/data/res/values-mcc310-mnc950-pa: Cannot utime: Operation not permitted
build	Cache Android SDK	2026-06-06T12:22:59.6081213Z /usr/bin/tar: ../../../../../usr/local/lib/android/sdk/platforms/android-34/data/res/values-mcc310-mnc950-pa: Cannot change mode to rwxr-xr-x: Operation not permitted
build	Cache Android SDK	2026-06-06T12:22:59.6085729Z /usr/bin/tar: ../../../../../usr/local/lib/android/sdk/platforms/android-34/data/res/values-mcc310-mnc660-be: Cannot utime: Operation not permitted
build	Cache Android SDK	2026-06-06T12:22:59.6087194Z /usr/bin/tar: ../../../../../usr/local/lib/android/sdk/platforms/android-34/data/res/values-mcc310-mnc660-be: Cannot change mode to rwxr-xr-x: Operation not permitted
build	Cache Android SDK	2026-06-06T12:22:59.6091525Z /usr/bin/tar: ../../../../../usr/local/lib/android/sdk/platforms/android-34/data/res/values-mcc310-mnc250-el: Cannot utime: Operation not permitted
build	Cache Android SDK	2026-06-06T12:22:59.6092464Z /usr/bin/tar: ../../../../../usr/local/lib/android/sdk/platforms/android-34/data/res/values-mcc310-mnc250-el: Cannot change mode to rwxr-xr-x: Operation not permitted
build	Cache Android SDK	2026-06-06T12:22:59.6095758Z /usr/bin/tar: ../../../../../usr/local/lib/android/sdk/platforms/android-34/data/res/values-mcc310-mnc160-az: Cannot utime: Operation not permitted
build	Cache Android SDK	2026-06-06T12:22:59.6096693Z /usr/bin/tar: ../../../../../usr/local/lib/android/sdk/platforms/android-34/data/res/values-mcc310-mnc160-az: Cannot change mode to rwxr-xr-x: Operation not permitted
build	Cache Android SDK	2026-06-06T12:22:59.6115508Z /usr/bin/tar: ../../../../../usr/local/lib/android/sdk/platforms/android-34/data/res/values-mcc312-mnc670-sl: Cannot utime: Operation not permitted
build	Cache Android SDK	2026-06-06T12:22:59.6117284Z /usr/bin/tar: ../../../../../usr/local/lib/android/sdk/platforms/android-34/data/res/values-mcc312-mnc670-sl: Cannot change mode to rwxr-xr-x: Operation not permitted
build	Cache Android SDK	2026-06-06T12:22:59.6118853Z /usr/bin/tar: ../../../../../usr/local/lib/android/sdk/platforms/android-34/data/res/values-mcc312-mnc670: Cannot utime: Operation not permitted
build	Cache Android SDK	2026-06-06T12:22:59.6119861Z /usr/bin/tar: ../../../../../usr/local/lib/android/sdk/platforms/android-34/data/res/values-mcc312-mnc670: Cannot change mode to rwxr-xr-x: Operation not permitted
build	Cache Android SDK	2026-06-06T12:22:59.6121157Z /usr/bin/tar: ../../../../../usr/local/lib/android/sdk/platforms/android-34/data/res/values-mcc310-mnc380-en-rAU: Cannot utime: Operation not permitted
build	Cache Android SDK	2026-06-06T12:22:59.6122925Z /usr/bin/tar: ../../../../../usr/local/lib/android/sdk/platforms/android-34/data/res/values-mcc310-mnc380-en-rAU: Cannot change mode to rwxr-xr-x: Operation not permitted
build	Cache Android SDK	2026-06-06T12:22:59.6124131Z /usr/bin/tar: ../../../../../usr/local/lib/android/sdk/platforms/android-34/data/res/values-mcc310-mnc200-sl: Cannot utime: Operation not permitted
build	Cache Android SDK	2026-06-06T12:22:59.6125042Z /usr/bin/tar: ../../../../../usr/local/lib/android/sdk/platforms/android-34/data/res/values-mcc310-mnc200-sl: Cannot change mode to rwxr-xr-x: Operation not permitted
build	Cache Android SDK	2026-06-06T12:22:59.6125965Z /usr/bin/tar: ../../../../../usr/local/lib/android/sdk/platforms/android-34/data/res/values-mcc310-mnc250-sk: Cannot utime: Operation not permitted
build	Cache Android SDK	2026-06-06T12:22:59.6126880Z /usr/bin/tar: ../../../../../usr/local/lib/android/sdk/platforms/android-34/data/res/values-mcc310-mnc250-sk: Cannot change mode to rwxr-xr-x: Operation not permitted
build	Cache Android SDK	2026-06-06T12:22:59.6294485Z /usr/bin/tar: ../../../../../usr/local/lib/android/sdk/platforms/android-34/data/res/values-mcc310-mnc280-en-rXC: Cannot utime: Operation not permitted
build	Cache Android SDK	2026-06-06T12:22:59.6296212Z /usr/bin/tar: ../../../../../usr/local/lib/android/sdk/platforms/android-34/data/res/values-mcc310-mnc280-en-rXC: Cannot change mode to rwxr-xr-x: Operation not permitted
build	Cache Android SDK	2026-06-06T12:22:59.6298118Z /usr/bin/tar: ../../../../../usr/local/lib/android/sdk/platforms/android-34/data/res/values-mcc310-mnc230-zh-rCN: Cannot utime: Operation not permitted
build	Cache Android SDK	2026-06-06T12:22:59.6299823Z /usr/bin/tar: ../../../../../usr/local/lib/android/sdk/platforms/android-34/data/res/values-mcc310-mnc230-zh-rCN: Cannot change mode to rwxr-xr-x: Operation not permitted
build	Cache Android SDK	2026-06-06T12:22:59.6305993Z /usr/bin/tar: ../../../../../usr/local/lib/android/sdk/platforms/android-34/data/res/values-mcc310-mnc220-sw: Cannot utime: Operation not permitted
build	Cache Android SDK	2026-06-06T12:22:59.6307876Z /usr/bin/tar: ../../../../../usr/local/lib/android/sdk/platforms/android-34/data/res/values-mcc310-mnc220-sw: Cannot change mode to rwxr-xr-x: Operation not permitted
build	Cache Android SDK	2026-06-06T12:22:59.6310199Z /usr/bin/tar: ../../../../../usr/local/lib/android/sdk/platforms/android-34/data/res/values-mcc310-mnc170-b+sr+Latn: Cannot utime: Operation not permitted
build	Cache Android SDK	2026-06-06T12:22:59.6311381Z /usr/bin/tar: ../../../../../usr/local/lib/android/sdk/platforms/android-34/data/res/values-mcc310-mnc170-b+sr+Latn: Cannot change mode to rwxr-xr-x: Operation not permitted
build	Cache Android SDK	2026-06-06T12:22:59.6314016Z /usr/bin/tar: ../../../../../usr/local/lib/android/sdk/platforms/android-34/data/res/values-sw720dp-port: Cannot utime: Operation not permitted
build	Cache Android SDK	2026-06-06T12:22:59.6315595Z /usr/bin/tar: ../../../../../usr/local/lib/android/sdk/platforms/android-34/data/res/values-sw720dp-port: Cannot change mode to rwxr-xr-x: Operation not permitted
build	Cache Android SDK	2026-06-06T12:22:59.6320380Z /usr/bin/tar: ../../../../../usr/local/lib/android/sdk/platforms/android-34/data/res/values-mcc310-mnc030-si: Cannot utime: Operation not permitted
build	Cache Android SDK	2026-06-06T12:22:59.6321485Z /usr/bin/tar: ../../../../../usr/local/lib/android/sdk/platforms/android-34/data/res/values-mcc310-mnc030-si: Cannot change mode to rwxr-xr-x: Operation not permitted
build	Cache Android SDK	2026-06-06T12:22:59.6323763Z /usr/bin/tar: ../../../../../usr/local/lib/android/sdk/platforms/android-34/data/res/values-mcc310-mnc150-is: Cannot utime: Operation not permitted
build	Cache Android SDK	2026-06-06T12:22:59.6324878Z /usr/bin/tar: ../../../../../usr/local/lib/android/sdk/platforms/android-34/data/res/values-mcc310-mnc150-is: Cannot change mode to rwxr-xr-x: Operation not permitted
build	Cache Android SDK	2026-06-06T12:22:59.6328008Z /usr/bin/tar: ../../../../../usr/local/lib/android/sdk/platforms/android-34/data/res/values-mcc310-mnc030-tl: Cannot utime: Operation not permitted
build	Cache Android SDK	2026-06-06T12:22:59.6329291Z /usr/bin/tar: ../../../../../usr/local/lib/android/sdk/platforms/android-34/data/res/values-mcc310-mnc030-tl: Cannot change mode to rwxr-xr-x: Operation not permitted
build	Cache Android SDK	2026-06-06T12:22:59.6349221Z /usr/bin/tar: ../../../../../usr/local/lib/android/sdk/platforms/android-34/data/res/values-mcc310-mnc490-af: Cannot utime: Operation not permitted
build	Cache Android SDK	2026-06-06T12:22:59.6350315Z /usr/bin/tar: ../../../../../usr/local/lib/android/sdk/platforms/android-34/data/res/values-mcc310-mnc490-af: Cannot change mode to rwxr-xr-x: Operation not permitted
build	Cache Android SDK	2026-06-06T12:22:59.6353709Z /usr/bin/tar: ../../../../../usr/local/lib/android/sdk/platforms/android-34/data/res/values-mcc313-mnc100-el: Cannot utime: Operation not permitted
build	Cache Android SDK	2026-06-06T12:22:59.6354669Z /usr/bin/tar: ../../../../../usr/local/lib/android/sdk/platforms/android-34/data/res/values-mcc313-mnc100-el: Cannot change mode to rwxr-xr-x: Operation not permitted
build	Cache Android SDK	2026-06-06T12:22:59.6357626Z /usr/bin/tar: ../../../../../usr/local/lib/android/sdk/platforms/android-34/data/res/values-mcc310-mnc220-pt-rBR: Cannot utime: Operation not permitted
build	Cache Android SDK	2026-06-06T12:22:59.6359227Z /usr/bin/tar: ../../../../../usr/local/lib/android/sdk/platforms/android-34/data/res/values-mcc310-mnc220-pt-rBR: Cannot change mode to rwxr-xr-x: Operation not permitted
build	Cache Android SDK	2026-06-06T12:22:59.6363986Z /usr/bin/tar: ../../../../../usr/local/lib/android/sdk/platforms/android-34/data/res/values-mcc310-mnc240-te: Cannot utime: Operation not permitted
build	Cache Android SDK	2026-06-06T12:22:59.6364948Z /usr/bin/tar: ../../../../../usr/local/lib/android/sdk/platforms/android-34/data/res/values-mcc310-mnc240-te: Cannot change mode to rwxr-xr-x: Operation not permitted
build	Cache Android SDK	2026-06-06T12:22:59.6368124Z /usr/bin/tar: ../../../../../usr/local/lib/android/sdk/platforms/android-34/data/res/values-mcc334-mnc020-es-rUS: Cannot utime: Operation not permitted
build	Cache Android SDK	2026-06-06T12:22:59.6369122Z /usr/bin/tar: ../../../../../usr/local/lib/android/sdk/platforms/android-34/data/res/values-mcc334-mnc020-es-rUS: Cannot change mode to rwxr-xr-x: Operation not permitted
build	Cache Android SDK	2026-06-06T12:22:59.6372889Z /usr/bin/tar: ../../../../../usr/local/lib/android/sdk/platforms/android-34/data/res/values-mcc302-mnc370-en-rCA: Cannot utime: Operation not permitted
build	Cache Android SDK	2026-06-06T12:22:59.6373925Z /usr/bin/tar: ../../../../../usr/local/lib/android/sdk/platforms/android-34/data/res/values-mcc302-mnc370-en-rCA: Cannot change mode to rwxr-xr-x: Operation not permitted
build	Cache Android SDK	2026-06-06T12:22:59.6376424Z /usr/bin/tar: ../../../../../usr/local/lib/android/sdk/platforms/android-34/data/res/values-mcc310-mnc170-pl: Cannot utime: Operation not permitted
build	Cache Android SDK	2026-06-06T12:22:59.6377844Z /usr/bin/tar: ../../../../../usr/local/lib/android/sdk/platforms/android-34/data/res/values-mcc310-mnc170-pl: Cannot change mode to rwxr-xr-x: Operation not permitted
build	Cache Android SDK	2026-06-06T12:22:59.6379674Z /usr/bin/tar: ../../../../../usr/local/lib/android/sdk/platforms/android-34/data/res/values-be-watch: Cannot utime: Operation not permitted
build	Cache Android SDK	2026-06-06T12:22:59.6380668Z /usr/bin/tar: ../../../../../usr/local/lib/android/sdk/platforms/android-34/data/res/values-be-watch: Cannot change mode to rwxr-xr-x: Operation not permitted
build	Cache Android SDK	2026-06-06T12:22:59.6382964Z /usr/bin/tar: ../../../../../usr/local/lib/android/sdk/platforms/android-34/data/res/values-fi-television: Cannot utime: Operation not permitted
build	Cache Android SDK	2026-06-06T12:22:59.6383876Z /usr/bin/tar: ../../../../../usr/local/lib/android/sdk/platforms/android-34/data/res/values-fi-television: Cannot change mode to rwxr-xr-x: Operation not permitted
build	Cache Android SDK	2026-06-06T12:22:59.6386820Z /usr/bin/tar: ../../../../../usr/local/lib/android/sdk/platforms/android-34/data/res/values-mcc310-mnc800-pt-rPT: Cannot utime: Operation not permitted
build	Cache Android SDK	2026-06-06T12:22:59.6387946Z /usr/bin/tar: ../../../../../usr/local/lib/android/sdk/platforms/android-34/data/res/values-mcc310-mnc800-pt-rPT: Cannot change mode to rwxr-xr-x: Operation not permitted
build	Cache Android SDK	2026-06-06T12:22:59.6390562Z /usr/bin/tar: ../../../../../usr/local/lib/android/sdk/platforms/android-34/data/res/values-mcc310-mnc490-hi: Cannot utime: Operation not permitted
build	Cache Android SDK	2026-06-06T12:22:59.6391566Z /usr/bin/tar: ../../../../../usr/local/lib/android/sdk/platforms/android-34/data/res/values-mcc310-mnc490-hi: Cannot change mode to rwxr-xr-x: Operation not permitted
build	Cache Android SDK	2026-06-06T12:22:59.6394441Z /usr/bin/tar: ../../../../../usr/local/lib/android/sdk/platforms/android-34/data/res/values-mcc001-mnc01-hu: Cannot utime: Operation not permitted
build	Cache Android SDK	2026-06-06T12:22:59.6395485Z /usr/bin/tar: ../../../../../usr/local/lib/android/sdk/platforms/android-34/data/res/values-mcc001-mnc01-hu: Cannot change mode to rwxr-xr-x: Operation not permitted
build	Cache Android SDK	2026-06-06T12:22:59.6397794Z /usr/bin/tar: ../../../../../usr/local/lib/android/sdk/platforms/android-34/data/res/values-mcc724: Cannot utime: Operation not permitted
build	Cache Android SDK	2026-06-06T12:22:59.6398674Z /usr/bin/tar: ../../../../../usr/local/lib/android/sdk/platforms/android-34/data/res/values-mcc724: Cannot change mode to rwxr-xr-x: Operation not permitted
build	Cache Android SDK	2026-06-06T12:22:59.6401642Z /usr/bin/tar: ../../../../../usr/local/lib/android/sdk/platforms/android-34/data/res/values-mcc310-mnc310-ar: Cannot utime: Operation not permitted
build	Cache Android SDK	2026-06-06T12:22:59.6402569Z /usr/bin/tar: ../../../../../usr/local/lib/android/sdk/platforms/android-34/data/res/values-mcc310-mnc310-ar: Cannot change mode to rwxr-xr-x: Operation not permitted
build	Cache Android SDK	2026-06-06T12:22:59.6405536Z /usr/bin/tar: ../../../../../usr/local/lib/android/sdk/platforms/android-34/data/res/values-mcc310-mnc310-tr: Cannot utime: Operation not permitted
build	Cache Android SDK	2026-06-06T12:22:59.6406468Z /usr/bin/tar: ../../../../../usr/local/lib/android/sdk/platforms/android-34/data/res/values-mcc310-mnc310-tr: Cannot change mode to rwxr-xr-x: Operation not permitted
build	Cache Android SDK	2026-06-06T12:22:59.6409581Z /usr/bin/tar: ../../../../../usr/local/lib/android/sdk/platforms/android-34/data/res/values-mcc310-mnc410-sr: Cannot utime: Operation not permitted
build	Cache Android SDK	2026-06-06T12:22:59.6410494Z /usr/bin/tar: ../../../../../usr/local/lib/android/sdk/platforms/android-34/data/res/values-mcc310-mnc410-sr: Cannot change mode to rwxr-xr-x: Operation not permitted
build	Cache Android SDK	2026-06-06T12:22:59.6413627Z /usr/bin/tar: ../../../../../usr/local/lib/android/sdk/platforms/android-34/data/res/values-mcc310-mnc250-fa: Cannot utime: Operation not permitted
build	Cache Android SDK	2026-06-06T12:22:59.6414547Z /usr/bin/tar: ../../../../../usr/local/lib/android/sdk/platforms/android-34/data/res/values-mcc310-mnc250-fa: Cannot change mode to rwxr-xr-x: Operation not permitted
build	Cache Android SDK	2026-06-06T12:22:59.6417917Z /usr/bin/tar: ../../../../../usr/local/lib/android/sdk/platforms/android-34/data/res/values-mcc310-mnc660-pt: Cannot utime: Operation not permitted
build	Cache Android SDK	2026-06-06T12:22:59.6418954Z /usr/bin/tar: ../../../../../usr/local/lib/android/sdk/platforms/android-34/data/res/values-mcc310-mnc660-pt: Cannot change mode to rwxr-xr-x: Operation not permitted
build	Cache Android SDK	2026-06-06T12:22:59.6427512Z /usr/bin/tar: ../../../../../usr/local/lib/android/sdk/platforms/android-34/data/res/values-am: Cannot utime: Operation not permitted
build	Cache Android SDK	2026-06-06T12:22:59.6428460Z /usr/bin/tar: ../../../../../usr/local/lib/android/sdk/platforms/android-34/data/res/values-am: Cannot change mode to rwxr-xr-x: Operation not permitted
build	Cache Android SDK	2026-06-06T12:22:59.6431508Z /usr/bin/tar: ../../../../../usr/local/lib/android/sdk/platforms/android-34/data/res/values-mcc310-mnc030-be: Cannot utime: Operation not permitted
build	Cache Android SDK	2026-06-06T12:22:59.6432560Z /usr/bin/tar: ../../../../../usr/local/lib/android/sdk/platforms/android-34/data/res/values-mcc310-mnc030-be: Cannot change mode to rwxr-xr-x: Operation not permitted
build	Cache Android SDK	2026-06-06T12:22:59.6435954Z /usr/bin/tar: ../../../../../usr/local/lib/android/sdk/platforms/android-34/data/res/values-mcc310-mnc950-si: Cannot utime: Operation not permitted
build	Cache Android SDK	2026-06-06T12:22:59.6436999Z /usr/bin/tar: ../../../../../usr/local/lib/android/sdk/platforms/android-34/data/res/values-mcc310-mnc950-si: Cannot change mode to rwxr-xr-x: Operation not permitted
build	Cache Android SDK	2026-06-06T12:22:59.6439717Z /usr/bin/tar: ../../../../../usr/local/lib/android/sdk/platforms/android-34/data/res/values-mcc310-mnc270-eu: Cannot utime: Operation not permitted
build	Cache Android SDK	2026-06-06T12:22:59.6440732Z /usr/bin/tar: ../../../../../usr/local/lib/android/sdk/platforms/android-34/data/res/values-mcc310-mnc270-eu: Cannot change mode to rwxr-xr-x: Operation not permitted
build	Cache Android SDK	2026-06-06T12:22:59.6445680Z /usr/bin/tar: ../../../../../usr/local/lib/android/sdk/platforms/android-34/data/res/values-mcc310-mnc220-si: Cannot utime: Operation not permitted
build	Cache Android SDK	2026-06-06T12:22:59.6446603Z /usr/bin/tar: ../../../../../usr/local/lib/android/sdk/platforms/android-34/data/res/values-mcc310-mnc220-si: Cannot change mode to rwxr-xr-x: Operation not permitted
build	Cache Android SDK	2026-06-06T12:22:59.6452102Z /usr/bin/tar: ../../../../../usr/local/lib/android/sdk/platforms/android-34/data/res/values-mcc313-mnc100-uk: Cannot utime: Operation not permitted
build	Cache Android SDK	2026-06-06T12:22:59.6453029Z /usr/bin/tar: ../../../../../usr/local/lib/android/sdk/platforms/android-34/data/res/values-mcc313-mnc100-uk: Cannot change mode to rwxr-xr-x: Operation not permitted
build	Cache Android SDK	2026-06-06T12:22:59.6456500Z /usr/bin/tar: ../../../../../usr/local/lib/android/sdk/platforms/android-34/data/res/values-mcc311-mnc180-bs: Cannot utime: Operation not permitted
build	Cache Android SDK	2026-06-06T12:22:59.6457552Z /usr/bin/tar: ../../../../../usr/local/lib/android/sdk/platforms/android-34/data/res/values-mcc311-mnc180-bs: Cannot change mode to rwxr-xr-x: Operation not permitted
build	Cache Android SDK	2026-06-06T12:22:59.6463630Z /usr/bin/tar: ../../../../../usr/local/lib/android/sdk/platforms/android-34/data/res/values-nb: Cannot utime: Operation not permitted
build	Cache Android SDK	2026-06-06T12:22:59.6464488Z /usr/bin/tar: ../../../../../usr/local/lib/android/sdk/platforms/android-34/data/res/values-nb: Cannot change mode to rwxr-xr-x: Operation not permitted
build	Cache Android SDK	2026-06-06T12:22:59.6471277Z /usr/bin/tar: ../../../../../usr/local/lib/android/sdk/platforms/android-34/data/res/values-mcc310-mnc250-gl: Cannot utime: Operation not permitted
build	Cache Android SDK	2026-06-06T12:22:59.6472197Z /usr/bin/tar: ../../../../../usr/local/lib/android/sdk/platforms/android-34/data/res/values-mcc310-mnc250-gl: Cannot change mode to rwxr-xr-x: Operation not permitted
build	Cache Android SDK	2026-06-06T12:22:59.6475511Z /usr/bin/tar: ../../../../../usr/local/lib/android/sdk/platforms/android-34/data/res/values-mcc310-mnc270-en-rIN: Cannot utime: Operation not permitted
build	Cache Android SDK	2026-06-06T12:22:59.6476467Z /usr/bin/tar: ../../../../../usr/local/lib/android/sdk/platforms/android-34/data/res/values-mcc310-mnc270-en-rIN: Cannot change mode to rwxr-xr-x: Operation not permitted
build	Cache Android SDK	2026-06-06T12:22:59.6479727Z /usr/bin/tar: ../../../../../usr/local/lib/android/sdk/platforms/android-34/data/res/raw-cs: Cannot utime: Operation not permitted
build	Cache Android SDK	2026-06-06T12:22:59.6480671Z /usr/bin/tar: ../../../../../usr/local/lib/android/sdk/platforms/android-34/data/res/raw-cs: Cannot change mode to rwxr-xr-x: Operation not permitted
build	Cache Android SDK	2026-06-06T12:22:59.6486418Z /usr/bin/tar: ../../../../../usr/local/lib/android/sdk/platforms/android-34/data/res/values-mcc310-mnc160-mr: Cannot utime: Operation not permitted
build	Cache Android SDK	2026-06-06T12:22:59.6487324Z /usr/bin/tar: ../../../../../usr/local/lib/android/sdk/platforms/android-34/data/res/values-mcc310-mnc160-mr: Cannot change mode to rwxr-xr-x: Operation not permitted
build	Cache Android SDK	2026-06-06T12:22:59.6491347Z /usr/bin/tar: ../../../../../usr/local/lib/android/sdk/platforms/android-34/data/res/values-mcc302-mnc370-en-rGB: Cannot utime: Operation not permitted
build	Cache Android SDK	2026-06-06T12:22:59.6492391Z /usr/bin/tar: ../../../../../usr/local/lib/android/sdk/platforms/android-34/data/res/values-mcc302-mnc370-en-rGB: Cannot change mode to rwxr-xr-x: Operation not permitted
build	Cache Android SDK	2026-06-06T12:22:59.6495366Z /usr/bin/tar: ../../../../../usr/local/lib/android/sdk/platforms/android-34/data/res/values-mcc310-mnc490-pt-rBR: Cannot utime: Operation not permitted
build	Cache Android SDK	2026-06-06T12:22:59.6496414Z /usr/bin/tar: ../../../../../usr/local/lib/android/sdk/platforms/android-34/data/res/values-mcc310-mnc490-pt-rBR: Cannot change mode to rwxr-xr-x: Operation not permitted
build	Cache Android SDK	2026-06-06T12:22:59.6502084Z /usr/bin/tar: ../../../../../usr/local/lib/android/sdk/platforms/android-34/data/res/values-mcc311-mnc180-ur: Cannot utime: Operation not permitted
build	Cache Android SDK	2026-06-06T12:22:59.6503012Z /usr/bin/tar: ../../../../../usr/local/lib/android/sdk/platforms/android-34/data/res/values-mcc311-mnc180-ur: Cannot change mode to rwxr-xr-x: Operation not permitted
build	Cache Android SDK	2026-06-06T12:22:59.6506076Z /usr/bin/tar: ../../../../../usr/local/lib/android/sdk/platforms/android-34/data/res/values-mcc334-mnc020-te: Cannot utime: Operation not permitted
build	Cache Android SDK	2026-06-06T12:22:59.6506988Z /usr/bin/tar: ../../../../../usr/local/lib/android/sdk/platforms/android-34/data/res/values-mcc334-mnc020-te: Cannot change mode to rwxr-xr-x: Operation not permitted
build	Cache Android SDK	2026-06-06T12:22:59.6511814Z /usr/bin/tar: ../../../../../usr/local/lib/android/sdk/platforms/android-34/data/res/values-mcc312-mnc670-ky: Cannot utime: Operation not permitted
build	Cache Android SDK	2026-06-06T12:22:59.6512719Z /usr/bin/tar: ../../../../../usr/local/lib/android/sdk/platforms/android-34/data/res/values-mcc312-mnc670-ky: Cannot change mode to rwxr-xr-x: Operation not permitted
build	Cache Android SDK	2026-06-06T12:22:59.6518231Z /usr/bin/tar: ../../../../../usr/local/lib/android/sdk/platforms/android-34/data/res/values-mcc310-mnc030-ml: Cannot utime: Operation not permitted
build	Cache Android SDK	2026-06-06T12:22:59.6519243Z /usr/bin/tar: ../../../../../usr/local/lib/android/sdk/platforms/android-34/data/res/values-mcc310-mnc030-ml: Cannot change mode to rwxr-xr-x: Operation not permitted
build	Cache Android SDK	2026-06-06T12:22:59.6522802Z /usr/bin/tar: ../../../../../usr/local/lib/android/sdk/platforms/android-34/data/res/values-mcc310-mnc380-sl: Cannot utime: Operation not permitted
build	Cache Android SDK	2026-06-06T12:22:59.6523744Z /usr/bin/tar: ../../../../../usr/local/lib/android/sdk/platforms/android-34/data/res/values-mcc310-mnc380-sl: Cannot change mode to rwxr-xr-x: Operation not permitted
build	Cache Android SDK	2026-06-06T12:22:59.6530589Z /usr/bin/tar: ../../../../../usr/local/lib/android/sdk/platforms/android-34/data/res/values-mcc310-mnc030-ka: Cannot utime: Operation not permitted
build	Cache Android SDK	2026-06-06T12:22:59.6531533Z /usr/bin/tar: ../../../../../usr/local/lib/android/sdk/platforms/android-34/data/res/values-mcc310-mnc030-ka: Cannot change mode to rwxr-xr-x: Operation not permitted
build	Cache Android SDK	2026-06-06T12:22:59.6535368Z /usr/bin/tar: ../../../../../usr/local/lib/android/sdk/platforms/android-34/data/res/values-mcc310-mnc950-nl: Cannot utime: Operation not permitted
build	Cache Android SDK	2026-06-06T12:22:59.6536320Z /usr/bin/tar: ../../../../../usr/local/lib/android/sdk/platforms/android-34/data/res/values-mcc310-mnc950-nl: Cannot change mode to rwxr-xr-x: Operation not permitted
build	Cache Android SDK	2026-06-06T12:22:59.6539857Z /usr/bin/tar: ../../../../../usr/local/lib/android/sdk/platforms/android-34/data/res/values-mcc312-mnc670-sq: Cannot utime: Operation not permitted
build	Cache Android SDK	2026-06-06T12:22:59.6540914Z /usr/bin/tar: ../../../../../usr/local/lib/android/sdk/platforms/android-34/data/res/values-mcc312-mnc670-sq: Cannot change mode to rwxr-xr-x: Operation not permitted
build	Cache Android SDK	2026-06-06T12:22:59.6550001Z /usr/bin/tar: ../../../../../usr/local/lib/android/sdk/platforms/android-34/data/res/values-ur: Cannot utime: Operation not permitted
build	Cache Android SDK	2026-06-06T12:22:59.6552753Z /usr/bin/tar: ../../../../../usr/local/lib/android/sdk/platforms/android-34/data/res/values-ur: Cannot change mode to rwxr-xr-x: Operation not permitted
build	Cache Android SDK	2026-06-06T12:22:59.6554234Z /usr/bin/tar: ../../../../../usr/local/lib/android/sdk/platforms/android-34/data/res/values-mcc310-mnc270-te: Cannot utime: Operation not permitted
build	Cache Android SDK	2026-06-06T12:22:59.6555423Z /usr/bin/tar: ../../../../../usr/local/lib/android/sdk/platforms/android-34/data/res/values-mcc310-mnc270-te: Cannot change mode to rwxr-xr-x: Operation not permitted
build	Cache Android SDK	2026-06-06T12:22:59.6559525Z /usr/bin/tar: ../../../../../usr/local/lib/android/sdk/platforms/android-34/data/res/values-mcc310-mnc160-nl: Cannot utime: Operation not permitted
build	Cache Android SDK	2026-06-06T12:22:59.6560579Z /usr/bin/tar: ../../../../../usr/local/lib/android/sdk/platforms/android-34/data/res/values-mcc310-mnc160-nl: Cannot change mode to rwxr-xr-x: Operation not permitted
build	Cache Android SDK	2026-06-06T12:22:59.6567891Z /usr/bin/tar: ../../../../../usr/local/lib/android/sdk/platforms/android-34/data/res/values-mcc302-mnc720-eu: Cannot utime: Operation not permitted
build	Cache Android SDK	2026-06-06T12:22:59.6568799Z /usr/bin/tar: ../../../../../usr/local/lib/android/sdk/platforms/android-34/data/res/values-mcc302-mnc720-eu: Cannot change mode to rwxr-xr-x: Operation not permitted
build	Cache Android SDK	2026-06-06T12:22:59.6575780Z /usr/bin/tar: ../../../../../usr/local/lib/android/sdk/platforms/android-34/data/res/values-mcc310-mnc250-am: Cannot utime: Operation not permitted
build	Cache Android SDK	2026-06-06T12:22:59.6576683Z /usr/bin/tar: ../../../../../usr/local/lib/android/sdk/platforms/android-34/data/res/values-mcc310-mnc250-am: Cannot change mode to rwxr-xr-x: Operation not permitted
build	Cache Android SDK	2026-06-06T12:22:59.6580526Z /usr/bin/tar: ../../../../../usr/local/lib/android/sdk/platforms/android-34/data/res/values-mcc310-mnc210-bn: Cannot utime: Operation not permitted
build	Cache Android SDK	2026-06-06T12:22:59.6581438Z /usr/bin/tar: ../../../../../usr/local/lib/android/sdk/platforms/android-34/data/res/values-mcc310-mnc210-bn: Cannot change mode to rwxr-xr-x: Operation not permitted
build	Cache Android SDK	2026-06-06T12:22:59.6590886Z /usr/bin/tar: ../../../../../usr/local/lib/android/sdk/platforms/android-34/data/res/values-nl: Cannot utime: Operation not permitted
build	Cache Android SDK	2026-06-06T12:22:59.6592330Z /usr/bin/tar: ../../../../../usr/local/lib/android/sdk/platforms/android-34/data/res/values-nl: Cannot change mode to rwxr-xr-x: Operation not permitted
build	Cache Android SDK	2026-06-06T12:22:59.6597330Z /usr/bin/tar: ../../../../../usr/local/lib/android/sdk/platforms/android-34/data/res/values-tr-watch: Cannot utime: Operation not permitted
build	Cache Android SDK	2026-06-06T12:22:59.6598373Z /usr/bin/tar: ../../../../../usr/local/lib/android/sdk/platforms/android-34/data/res/values-tr-watch: Cannot change mode to rwxr-xr-x: Operation not permitted
build	Cache Android SDK	2026-06-06T12:22:59.6601251Z /usr/bin/tar: ../../../../../usr/local/lib/android/sdk/platforms/android-34/data/res/values-mcc310-mnc310-az: Cannot utime: Operation not permitted
build	Cache Android SDK	2026-06-06T12:22:59.6602162Z /usr/bin/tar: ../../../../../usr/local/lib/android/sdk/platforms/android-34/data/res/values-mcc310-mnc310-az: Cannot change mode to rwxr-xr-x: Operation not permitted
build	Cache Android SDK	2026-06-06T12:22:59.6605376Z /usr/bin/tar: ../../../../../usr/local/lib/android/sdk/platforms/android-34/data/res/values-mcc310-mnc240-es: Cannot utime: Operation not permitted
build	Cache Android SDK	2026-06-06T12:22:59.6606293Z /usr/bin/tar: ../../../../../usr/local/lib/android/sdk/platforms/android-34/data/res/values-mcc310-mnc240-es: Cannot change mode to rwxr-xr-x: Operation not permitted
build	Cache Android SDK	2026-06-06T12:22:59.6611995Z /usr/bin/tar: ../../../../../usr/local/lib/android/sdk/platforms/android-34/data/res/values-mcc310-mnc200-hi: Cannot utime: Operation not permitted
build	Cache Android SDK	2026-06-06T12:22:59.6613029Z /usr/bin/tar: ../../../../../usr/local/lib/android/sdk/platforms/android-34/data/res/values-mcc310-mnc200-hi: Cannot change mode to rwxr-xr-x: Operation not permitted
build	Cache Android SDK	2026-06-06T12:22:59.6615611Z /usr/bin/tar: ../../../../../usr/local/lib/android/sdk/platforms/android-34/data/res/values-gu-television: Cannot utime: Operation not permitted
build	Cache Android SDK	2026-06-06T12:22:59.6616526Z /usr/bin/tar: ../../../../../usr/local/lib/android/sdk/platforms/android-34/data/res/values-gu-television: Cannot change mode to rwxr-xr-x: Operation not permitted
build	Cache Android SDK	2026-06-06T12:22:59.6619394Z /usr/bin/tar: ../../../../../usr/local/lib/android/sdk/platforms/android-34/data/res/values-mcc310-mnc230-be: Cannot utime: Operation not permitted
build	Cache Android SDK	2026-06-06T12:22:59.6620395Z /usr/bin/tar: ../../../../../usr/local/lib/android/sdk/platforms/android-34/data/res/values-mcc310-mnc230-be: Cannot change mode to rwxr-xr-x: Operation not permitted
build	Cache Android SDK	2026-06-06T12:22:59.6624238Z /usr/bin/tar: ../../../../../usr/local/lib/android/sdk/platforms/android-34/data/res/values-mcc334-mnc020: Cannot utime: Operation not permitted
build	Cache Android SDK	2026-06-06T12:22:59.6625218Z /usr/bin/tar: ../../../../../usr/local/lib/android/sdk/platforms/android-34/data/res/values-mcc334-mnc020: Cannot change mode to rwxr-xr-x: Operation not permitted
build	Cache Android SDK	2026-06-06T12:22:59.6627326Z /usr/bin/tar: ../../../../../usr/local/lib/android/sdk/platforms/android-34/data/res/values-mcc310-mnc950-fr: Cannot utime: Operation not permitted
build	Cache Android SDK	2026-06-06T12:22:59.6628390Z /usr/bin/tar: ../../../../../usr/local/lib/android/sdk/platforms/android-34/data/res/values-mcc310-mnc950-fr: Cannot change mode to rwxr-xr-x: Operation not permitted
build	Cache Android SDK	2026-06-06T12:22:59.6630796Z /usr/bin/tar: ../../../../../usr/local/lib/android/sdk/platforms/android-34/data/res/values-mcc334-mnc020-mr: Cannot utime: Operation not permitted
build	Cache Android SDK	2026-06-06T12:22:59.6631792Z /usr/bin/tar: ../../../../../usr/local/lib/android/sdk/platforms/android-34/data/res/values-mcc334-mnc020-mr: Cannot change mode to rwxr-xr-x: Operation not permitted
build	Cache Android SDK	2026-06-06T12:22:59.6634201Z /usr/bin/tar: ../../../../../usr/local/lib/android/sdk/platforms/android-34/data/res/values-mcc310-mnc220-tl: Cannot utime: Operation not permitted
build	Cache Android SDK	2026-06-06T12:22:59.6635158Z /usr/bin/tar: ../../../../../usr/local/lib/android/sdk/platforms/android-34/data/res/values-mcc310-mnc220-tl: Cannot change mode to rwxr-xr-x: Operation not permitted
build	Cache Android SDK	2026-06-06T12:22:59.6639791Z /usr/bin/tar: ../../../../../usr/local/lib/android/sdk/platforms/android-34/data/res/values-night: Cannot utime: Operation not permitted
build	Cache Android SDK	2026-06-06T12:22:59.6640700Z /usr/bin/tar: ../../../../../usr/local/lib/android/sdk/platforms/android-34/data/res/values-night: Cannot change mode to rwxr-xr-x: Operation not permitted
build	Cache Android SDK	2026-06-06T12:22:59.6646312Z /usr/bin/tar: ../../../../../usr/local/lib/android/sdk/platforms/android-34/data/res/values-mcc310-mnc030-de: Cannot utime: Operation not permitted
build	Cache Android SDK	2026-06-06T12:22:59.6647769Z /usr/bin/tar: ../../../../../usr/local/lib/android/sdk/platforms/android-34/data/res/values-mcc310-mnc030-de: Cannot change mode to rwxr-xr-x: Operation not permitted
build	Cache Android SDK	2026-06-06T12:22:59.6651032Z /usr/bin/tar: ../../../../../usr/local/lib/android/sdk/platforms/android-34/data/res/values-tl-watch: Cannot utime: Operation not permitted
build	Cache Android SDK	2026-06-06T12:22:59.6651935Z /usr/bin/tar: ../../../../../usr/local/lib/android/sdk/platforms/android-34/data/res/values-tl-watch: Cannot change mode to rwxr-xr-x: Operation not permitted
build	Cache Android SDK	2026-06-06T12:22:59.6656044Z /usr/bin/tar: ../../../../../usr/local/lib/android/sdk/platforms/android-34/data/res/values-mcc313-mnc100-my: Cannot utime: Operation not permitted
build	Cache Android SDK	2026-06-06T12:22:59.6657000Z /usr/bin/tar: ../../../../../usr/local/lib/android/sdk/platforms/android-34/data/res/values-mcc313-mnc100-my: Cannot change mode to rwxr-xr-x: Operation not permitted
build	Cache Android SDK	2026-06-06T12:22:59.6663739Z /usr/bin/tar: ../../../../../usr/local/lib/android/sdk/platforms/android-34/data/res/values-mcc310-mnc160-ne: Cannot utime: Operation not permitted
build	Cache Android SDK	2026-06-06T12:22:59.6664683Z /usr/bin/tar: ../../../../../usr/local/lib/android/sdk/platforms/android-34/data/res/values-mcc310-mnc160-ne: Cannot change mode to rwxr-xr-x: Operation not permitted
build	Cache Android SDK	2026-06-06T12:22:59.6669482Z /usr/bin/tar: ../../../../../usr/local/lib/android/sdk/platforms/android-34/data/res/values-mcc311-mnc180-sw: Cannot utime: Operation not permitted
build	Cache Android SDK	2026-06-06T12:22:59.6670473Z /usr/bin/tar: ../../../../../usr/local/lib/android/sdk/platforms/android-34/data/res/values-mcc311-mnc180-sw: Cannot change mode to rwxr-xr-x: Operation not permitted
build	Cache Android SDK	2026-06-06T12:22:59.6676379Z /usr/bin/tar: ../../../../../usr/local/lib/android/sdk/platforms/android-34/data/res/values-mcc310-mnc660-iw: Cannot utime: Operation not permitted
build	Cache Android SDK	2026-06-06T12:22:59.6677902Z /usr/bin/tar: ../../../../../usr/local/lib/android/sdk/platforms/android-34/data/res/values-mcc310-mnc660-iw: Cannot change mode to rwxr-xr-x: Operation not permitted
build	Cache Android SDK	2026-06-06T12:22:59.6681649Z /usr/bin/tar: ../../../../../usr/local/lib/android/sdk/platforms/android-34/data/res/values-mcc310-mnc150-zu: Cannot utime: Operation not permitted
build	Cache Android SDK	2026-06-06T12:22:59.6682679Z /usr/bin/tar: ../../../../../usr/local/lib/android/sdk/platforms/android-34/data/res/values-mcc310-mnc150-zu: Cannot change mode to rwxr-xr-x: Operation not permitted
build	Cache Android SDK	2026-06-06T12:22:59.6689404Z /usr/bin/tar: ../../../../../usr/local/lib/android/sdk/platforms/android-34/data/res/values-mcc313-mnc100-in: Cannot utime: Operation not permitted
build	Cache Android SDK	2026-06-06T12:22:59.6690337Z /usr/bin/tar: ../../../../../usr/local/lib/android/sdk/platforms/android-34/data/res/values-mcc313-mnc100-in: Cannot change mode to rwxr-xr-x: Operation not permitted
build	Cache Android SDK	2026-06-06T12:22:59.6692959Z /usr/bin/tar: ../../../../../usr/local/lib/android/sdk/platforms/android-34/data/res/values-mcc310-mnc160-uk: Cannot utime: Operation not permitted
build	Cache Android SDK	2026-06-06T12:22:59.6693901Z /usr/bin/tar: ../../../../../usr/local/lib/android/sdk/platforms/android-34/data/res/values-mcc310-mnc160-uk: Cannot change mode to rwxr-xr-x: Operation not permitted
build	Cache Android SDK	2026-06-06T12:22:59.6700684Z /usr/bin/tar: ../../../../../usr/local/lib/android/sdk/platforms/android-34/data/res/values-uk-rUA: Cannot utime: Operation not permitted
build	Cache Android SDK	2026-06-06T12:22:59.6701575Z /usr/bin/tar: ../../../../../usr/local/lib/android/sdk/platforms/android-34/data/res/values-uk-rUA: Cannot change mode to rwxr-xr-x: Operation not permitted
build	Cache Android SDK	2026-06-06T12:22:59.6704813Z /usr/bin/tar: ../../../../../usr/local/lib/android/sdk/platforms/android-34/data/res/values-mcc310-mnc230-bn: Cannot utime: Operation not permitted
build	Cache Android SDK	2026-06-06T12:22:59.6705794Z /usr/bin/tar: ../../../../../usr/local/lib/android/sdk/platforms/android-34/data/res/values-mcc310-mnc230-bn: Cannot change mode to rwxr-xr-x: Operation not permitted
build	Cache Android SDK	2026-06-06T12:22:59.6708974Z /usr/bin/tar: ../../../../../usr/local/lib/android/sdk/platforms/android-34/data/res/values-tl-rPH: Cannot utime: Operation not permitted
build	Cache Android SDK	2026-06-06T12:22:59.6709913Z /usr/bin/tar: ../../../../../usr/local/lib/android/sdk/platforms/android-34/data/res/values-tl-rPH: Cannot change mode to rwxr-xr-x: Operation not permitted
build	Cache Android SDK	2026-06-06T12:22:59.6714451Z /usr/bin/tar: ../../../../../usr/local/lib/android/sdk/platforms/android-34/data/res/values-mcc310-mnc200-si: Cannot utime: Operation not permitted
build	Cache Android SDK	2026-06-06T12:22:59.6715447Z /usr/bin/tar: ../../../../../usr/local/lib/android/sdk/platforms/android-34/data/res/values-mcc310-mnc200-si: Cannot change mode to rwxr-xr-x: Operation not permitted
build	Cache Android SDK	2026-06-06T12:22:59.6718372Z /usr/bin/tar: ../../../../../usr/local/lib/android/sdk/platforms/android-34/data/res/values-mcc310-mnc310-af: Cannot utime: Operation not permitted
build	Cache Android SDK	2026-06-06T12:22:59.6719387Z /usr/bin/tar: ../../../../../usr/local/lib/android/sdk/platforms/android-34/data/res/values-mcc310-mnc310-af: Cannot change mode to rwxr-xr-x: Operation not permitted
build	Cache Android SDK	2026-06-06T12:22:59.6725069Z /usr/bin/tar: ../../../../../usr/local/lib/android/sdk/platforms/android-34/data/res/values-mcc310-mnc240-lt: Cannot utime: Operation not permitted
build	Cache Android SDK	2026-06-06T12:22:59.6726005Z /usr/bin/tar: ../../../../../usr/local/lib/android/sdk/platforms/android-34/data/res/values-mcc310-mnc240-lt: Cannot change mode to rwxr-xr-x: Operation not permitted
build	Cache Android SDK	2026-06-06T12:22:59.6735551Z /usr/bin/tar: ../../../../../usr/local/lib/android/sdk/platforms/android-34/data/res/values-mcc310-mnc660-pa: Cannot utime: Operation not permitted
build	Cache Android SDK	2026-06-06T12:22:59.6736510Z /usr/bin/tar: ../../../../../usr/local/lib/android/sdk/platforms/android-34/data/res/values-mcc310-mnc660-pa: Cannot change mode to rwxr-xr-x: Operation not permitted
build	Cache Android SDK	2026-06-06T12:22:59.6739881Z /usr/bin/tar: ../../../../../usr/local/lib/android/sdk/platforms/android-34/data/res/values-mcc310-mnc310-fa: Cannot utime: Operation not permitted
build	Cache Android SDK	2026-06-06T12:22:59.6740907Z /usr/bin/tar: ../../../../../usr/local/lib/android/sdk/platforms/android-34/data/res/values-mcc310-mnc310-fa: Cannot change mode to rwxr-xr-x: Operation not permitted
build	Cache Android SDK	2026-06-06T12:22:59.6744389Z /usr/bin/tar: ../../../../../usr/local/lib/android/sdk/platforms/android-34/data/res/values-mcc310-mnc230-in: Cannot utime: Operation not permitted
build	Cache Android SDK	2026-06-06T12:22:59.6745409Z /usr/bin/tar: ../../../../../usr/local/lib/android/sdk/platforms/android-34/data/res/values-mcc310-mnc230-in: Cannot change mode to rwxr-xr-x: Operation not permitted
build	Cache Android SDK	2026-06-06T12:22:59.6777725Z /usr/bin/tar: ../../../../../usr/local/lib/android/sdk/platforms/android-34/data/res/color: Cannot utime: Operation not permitted
build	Cache Android SDK	2026-06-06T12:22:59.6778738Z /usr/bin/tar: ../../../../../usr/local/lib/android/sdk/platforms/android-34/data/res/color: Cannot change mode to rwxr-xr-x: Operation not permitted
build	Cache Android SDK	2026-06-06T12:22:59.6780308Z /usr/bin/tar: ../../../../../usr/local/lib/android/sdk/platforms/android-34/data/res/values-mcc312-mnc670-be: Cannot utime: Operation not permitted
build	Cache Android SDK	2026-06-06T12:22:59.6781227Z /usr/bin/tar: ../../../../../usr/local/lib/android/sdk/platforms/android-34/data/res/values-mcc312-mnc670-be: Cannot change mode to rwxr-xr-x: Operation not permitted
build	Cache Android SDK	2026-06-06T12:22:59.6783855Z /usr/bin/tar: ../../../../../usr/local/lib/android/sdk/platforms/android-34/data/res/values-mcc310-mnc410-mk: Cannot utime: Operation not permitted
build	Cache Android SDK	2026-06-06T12:22:59.6784766Z /usr/bin/tar: ../../../../../usr/local/lib/android/sdk/platforms/android-34/data/res/values-mcc310-mnc410-mk: Cannot change mode to rwxr-xr-x: Operation not permitted
build	Cache Android SDK	2026-06-06T12:22:59.6787579Z /usr/bin/tar: ../../../../../usr/local/lib/android/sdk/platforms/android-34/data/res/values-mcc313-mnc100-sv: Cannot utime: Operation not permitted
build	Cache Android SDK	2026-06-06T12:22:59.6789503Z /usr/bin/tar: ../../../../../usr/local/lib/android/sdk/platforms/android-34/data/res/values-mcc313-mnc100-sv: Cannot change mode to rwxr-xr-x: Operation not permitted
build	Cache Android SDK	2026-06-06T12:22:59.6791194Z /usr/bin/tar: ../../../../../usr/local/lib/android/sdk/platforms/android-34/data/res/values-mcc310-mnc410-sl: Cannot utime: Operation not permitted
build	Cache Android SDK	2026-06-06T12:22:59.6792224Z /usr/bin/tar: ../../../../../usr/local/lib/android/sdk/platforms/android-34/data/res/values-mcc310-mnc410-sl: Cannot change mode to rwxr-xr-x: Operation not permitted
build	Cache Android SDK	2026-06-06T12:22:59.6795304Z /usr/bin/tar: ../../../../../usr/local/lib/android/sdk/platforms/android-34/data/res/values-mcc302-mnc370-en-rAU: Cannot utime: Operation not permitted
build	Cache Android SDK	2026-06-06T12:22:59.6796286Z /usr/bin/tar: ../../../../../usr/local/lib/android/sdk/platforms/android-34/data/res/values-mcc302-mnc370-en-rAU: Cannot change mode to rwxr-xr-x: Operation not permitted
build	Cache Android SDK	2026-06-06T12:22:59.6799375Z /usr/bin/tar: ../../../../../usr/local/lib/android/sdk/platforms/android-34/data/res/values-mcc310-mnc210-vi: Cannot utime: Operation not permitted
build	Cache Android SDK	2026-06-06T12:22:59.6800297Z /usr/bin/tar: ../../../../../usr/local/lib/android/sdk/platforms/android-34/data/res/values-mcc310-mnc210-vi: Cannot change mode to rwxr-xr-x: Operation not permitted
build	Cache Android SDK	2026-06-06T12:22:59.6803187Z /usr/bin/tar: ../../../../../usr/local/lib/android/sdk/platforms/android-34/data/res/values-mcc310-mnc030-ur: Cannot utime: Operation not permitted
build	Cache Android SDK	2026-06-06T12:22:59.6804103Z /usr/bin/tar: ../../../../../usr/local/lib/android/sdk/platforms/android-34/data/res/values-mcc310-mnc030-ur: Cannot change mode to rwxr-xr-x: Operation not permitted
build	Cache Android SDK	2026-06-06T12:22:59.6810171Z /usr/bin/tar: ../../../../../usr/local/lib/android/sdk/platforms/android-34/data/res/color-night: Cannot utime: Operation not permitted
build	Cache Android SDK	2026-06-06T12:22:59.6811023Z /usr/bin/tar: ../../../../../usr/local/lib/android/sdk/platforms/android-34/data/res/color-night: Cannot change mode to rwxr-xr-x: Operation not permitted
build	Cache Android SDK	2026-06-06T12:22:59.6814037Z /usr/bin/tar: ../../../../../usr/local/lib/android/sdk/platforms/android-34/data/res/values-mcc310-mnc240-ta: Cannot utime: Operation not permitted
build	Cache Android SDK	2026-06-06T12:22:59.6815074Z /usr/bin/tar: ../../../../../usr/local/lib/android/sdk/platforms/android-34/data/res/values-mcc310-mnc240-ta: Cannot change mode to rwxr-xr-x: Operation not permitted
build	Cache Android SDK	2026-06-06T12:22:59.6817549Z /usr/bin/tar: ../../../../../usr/local/lib/android/sdk/platforms/android-34/data/res/values-mcc313-mnc100-cs: Cannot utime: Operation not permitted
build	Cache Android SDK	2026-06-06T12:22:59.6818545Z /usr/bin/tar: ../../../../../usr/local/lib/android/sdk/platforms/android-34/data/res/values-mcc313-mnc100-cs: Cannot change mode to rwxr-xr-x: Operation not permitted
build	Cache Android SDK	2026-06-06T12:22:59.6821688Z /usr/bin/tar: ../../../../../usr/local/lib/android/sdk/platforms/android-34/data/res/values-mcc311-mnc180-uz: Cannot utime: Operation not permitted
build	Cache Android SDK	2026-06-06T12:22:59.6822608Z /usr/bin/tar: ../../../../../usr/local/lib/android/sdk/platforms/android-34/data/res/values-mcc311-mnc180-uz: Cannot change mode to rwxr-xr-x: Operation not permitted
build	Cache Android SDK	2026-06-06T12:22:59.6825674Z /usr/bin/tar: ../../../../../usr/local/lib/android/sdk/platforms/android-34/data/res/values-mcc312-mnc670-pt: Cannot utime: Operation not permitted
build	Cache Android SDK	2026-06-06T12:22:59.6826587Z /usr/bin/tar: ../../../../../usr/local/lib/android/sdk/platforms/android-34/data/res/values-mcc312-mnc670-pt: Cannot change mode to rwxr-xr-x: Operation not permitted
build	Cache Android SDK	2026-06-06T12:22:59.6832253Z /usr/bin/tar: ../../../../../usr/local/lib/android/sdk/platforms/android-34/data/res/values-mcc310-mnc250-tl: Cannot utime: Operation not permitted
build	Cache Android SDK	2026-06-06T12:22:59.6833171Z /usr/bin/tar: ../../../../../usr/local/lib/android/sdk/platforms/android-34/data/res/values-mcc310-mnc250-tl: Cannot change mode to rwxr-xr-x: Operation not permitted
build	Cache Android SDK	2026-06-06T12:22:59.6836570Z /usr/bin/tar: ../../../../../usr/local/lib/android/sdk/platforms/android-34/data/res/values-mcc310-mnc250-fr-rCA: Cannot utime: Operation not permitted
build	Cache Android SDK	2026-06-06T12:22:59.6837665Z /usr/bin/tar: ../../../../../usr/local/lib/android/sdk/platforms/android-34/data/res/values-mcc310-mnc250-fr-rCA: Cannot change mode to rwxr-xr-x: Operation not permitted
build	Cache Android SDK	2026-06-06T12:22:59.6840814Z /usr/bin/tar: ../../../../../usr/local/lib/android/sdk/platforms/android-34/data/res/values-mcc310-mnc150-bs: Cannot utime: Operation not permitted
build	Cache Android SDK	2026-06-06T12:22:59.6841744Z /usr/bin/tar: ../../../../../usr/local/lib/android/sdk/platforms/android-34/data/res/values-mcc310-mnc150-bs: Cannot change mode to rwxr-xr-x: Operation not permitted
build	Cache Android SDK	2026-06-06T12:22:59.6846082Z /usr/bin/tar: ../../../../../usr/local/lib/android/sdk/platforms/android-34/data/res/values-mcc310-mnc560-sk: Cannot utime: Operation not permitted
build	Cache Android SDK	2026-06-06T12:22:59.6847017Z /usr/bin/tar: ../../../../../usr/local/lib/android/sdk/platforms/android-34/data/res/values-mcc310-mnc560-sk: Cannot change mode to rwxr-xr-x: Operation not permitted
build	Cache Android SDK	2026-06-06T12:22:59.6850188Z /usr/bin/tar: ../../../../../usr/local/lib/android/sdk/platforms/android-34/data/res/values-mcc310-mnc030-zu: Cannot utime: Operation not permitted
build	Cache Android SDK	2026-06-06T12:22:59.6851102Z /usr/bin/tar: ../../../../../usr/local/lib/android/sdk/platforms/android-34/data/res/values-mcc310-mnc030-zu: Cannot change mode to rwxr-xr-x: Operation not permitted
build	Cache Android SDK	2026-06-06T12:22:59.6854402Z /usr/bin/tar: ../../../../../usr/local/lib/android/sdk/platforms/android-34/data/res/values-mcc450-mnc06: Cannot utime: Operation not permitted
build	Cache Android SDK	2026-06-06T12:22:59.6855290Z /usr/bin/tar: ../../../../../usr/local/lib/android/sdk/platforms/android-34/data/res/values-mcc450-mnc06: Cannot change mode to rwxr-xr-x: Operation not permitted
build	Cache Android SDK	2026-06-06T12:22:59.6859398Z /usr/bin/tar: ../../../../../usr/local/lib/android/sdk/platforms/android-34/data/res/values-mcc310-mnc800-es-rUS: Cannot utime: Operation not permitted
build	Cache Android SDK	2026-06-06T12:22:59.6860343Z /usr/bin/tar: ../../../../../usr/local/lib/android/sdk/platforms/android-34/data/res/values-mcc310-mnc800-es-rUS: Cannot change mode to rwxr-xr-x: Operation not permitted
build	Cache Android SDK	2026-06-06T12:22:59.6866249Z /usr/bin/tar: ../../../../../usr/local/lib/android/sdk/platforms/android-34/data/res/values-mcc310-mnc560-mn: Cannot utime: Operation not permitted
build	Cache Android SDK	2026-06-06T12:22:59.6867245Z /usr/bin/tar: ../../../../../usr/local/lib/android/sdk/platforms/android-34/data/res/values-mcc310-mnc560-mn: Cannot change mode to rwxr-xr-x: Operation not permitted
build	Cache Android SDK	2026-06-06T12:22:59.6872612Z /usr/bin/tar: ../../../../../usr/local/lib/android/sdk/platforms/android-34/data/res/values-mcc313-mnc100-bn: Cannot utime: Operation not permitted
build	Cache Android SDK	2026-06-06T12:22:59.6873536Z /usr/bin/tar: ../../../../../usr/local/lib/android/sdk/platforms/android-34/data/res/values-mcc313-mnc100-bn: Cannot change mode to rwxr-xr-x: Operation not permitted
build	Cache Android SDK	2026-06-06T12:22:59.6877749Z /usr/bin/tar: ../../../../../usr/local/lib/android/sdk/platforms/android-34/data/res/values-mcc310-mnc200-hr: Cannot utime: Operation not permitted
build	Cache Android SDK	2026-06-06T12:22:59.6879205Z /usr/bin/tar: ../../../../../usr/local/lib/android/sdk/platforms/android-34/data/res/values-mcc310-mnc200-hr: Cannot change mode to rwxr-xr-x: Operation not permitted
build	Cache Android SDK	2026-06-06T12:22:59.6882949Z /usr/bin/tar: ../../../../../usr/local/lib/android/sdk/platforms/android-34/data/res/values-mcc310-mnc200-am: Cannot utime: Operation not permitted
build	Cache Android SDK	2026-06-06T12:22:59.6883866Z /usr/bin/tar: ../../../../../usr/local/lib/android/sdk/platforms/android-34/data/res/values-mcc310-mnc200-am: Cannot change mode to rwxr-xr-x: Operation not permitted
build	Cache Android SDK	2026-06-06T12:22:59.6886745Z /usr/bin/tar: ../../../../../usr/local/lib/android/sdk/platforms/android-34/data/res/values-mcc310-mnc800-sw: Cannot utime: Operation not permitted
build	Cache Android SDK	2026-06-06T12:22:59.6887964Z /usr/bin/tar: ../../../../../usr/local/lib/android/sdk/platforms/android-34/data/res/values-mcc310-mnc800-sw: Cannot change mode to rwxr-xr-x: Operation not permitted
build	Cache Android SDK	2026-06-06T12:22:59.6890657Z /usr/bin/tar: ../../../../../usr/local/lib/android/sdk/platforms/android-34/data/res/values-mcc302-mnc370-ne: Cannot utime: Operation not permitted
build	Cache Android SDK	2026-06-06T12:22:59.6891599Z /usr/bin/tar: ../../../../../usr/local/lib/android/sdk/platforms/android-34/data/res/values-mcc302-mnc370-ne: Cannot change mode to rwxr-xr-x: Operation not permitted
build	Cache Android SDK	2026-06-06T12:22:59.6902968Z /usr/bin/tar: ../../../../../usr/local/lib/android/sdk/platforms/android-34/data/res/drawable-sw600dp-mdpi: Cannot utime: Operation not permitted
build	Cache Android SDK	2026-06-06T12:22:59.6903977Z /usr/bin/tar: ../../../../../usr/local/lib/android/sdk/platforms/android-34/data/res/drawable-sw600dp-mdpi: Cannot change mode to rwxr-xr-x: Operation not permitted
build	Cache Android SDK	2026-06-06T12:22:59.6906568Z /usr/bin/tar: ../../../../../usr/local/lib/android/sdk/platforms/android-34/data/res/values-mcc310-mnc560-af: Cannot utime: Operation not permitted
build	Cache Android SDK	2026-06-06T12:22:59.6907721Z /usr/bin/tar: ../../../../../usr/local/lib/android/sdk/platforms/android-34/data/res/values-mcc310-mnc560-af: Cannot change mode to rwxr-xr-x: Operation not permitted
build	Cache Android SDK	2026-06-06T12:22:59.6914856Z /usr/bin/tar: ../../../../../usr/local/lib/android/sdk/platforms/android-34/data/res/values-mcc310-mnc310-pt-rBR: Cannot utime: Operation not permitted
build	Cache Android SDK	2026-06-06T12:22:59.6915832Z /usr/bin/tar: ../../../../../usr/local/lib/android/sdk/platforms/android-34/data/res/values-mcc310-mnc310-pt-rBR: Cannot change mode to rwxr-xr-x: Operation not permitted
build	Cache Android SDK	2026-06-06T12:22:59.6919845Z /usr/bin/tar: ../../../../../usr/local/lib/android/sdk/platforms/android-34/data/res/values-mcc302-mnc720-es-rUS: Cannot utime: Operation not permitted
build	Cache Android SDK	2026-06-06T12:22:59.6920795Z /usr/bin/tar: ../../../../../usr/local/lib/android/sdk/platforms/android-34/data/res/values-mcc302-mnc720-es-rUS: Cannot change mode to rwxr-xr-x: Operation not permitted
build	Cache Android SDK	2026-06-06T12:22:59.6924999Z /usr/bin/tar: ../../../../../usr/local/lib/android/sdk/platforms/android-34/data/res/values-mcc310-mnc270-is: Cannot utime: Operation not permitted
build	Cache Android SDK	2026-06-06T12:22:59.6926003Z /usr/bin/tar: ../../../../../usr/local/lib/android/sdk/platforms/android-34/data/res/values-mcc310-mnc270-is: Cannot change mode to rwxr-xr-x: Operation not permitted
build	Cache Android SDK	2026-06-06T12:22:59.6929166Z /usr/bin/tar: ../../../../../usr/local/lib/android/sdk/platforms/android-34/data/res/values-mcc310-mnc250-ko: Cannot utime: Operation not permitted
build	Cache Android SDK	2026-06-06T12:22:59.6930174Z /usr/bin/tar: ../../../../../usr/local/lib/android/sdk/platforms/android-34/data/res/values-mcc310-mnc250-ko: Cannot change mode to rwxr-xr-x: Operation not permitted
build	Cache Android SDK	2026-06-06T12:22:59.6933543Z /usr/bin/tar: ../../../../../usr/local/lib/android/sdk/platforms/android-34/data/res/values-mcc310-mnc200-ro: Cannot utime: Operation not permitted
build	Cache Android SDK	2026-06-06T12:22:59.6934481Z /usr/bin/tar: ../../../../../usr/local/lib/android/sdk/platforms/android-34/data/res/values-mcc310-mnc200-ro: Cannot change mode to rwxr-xr-x: Operation not permitted
build	Cache Android SDK	2026-06-06T12:22:59.6941336Z /usr/bin/tar: ../../../../../usr/local/lib/android/sdk/platforms/android-34/data/res/values-mcc310-mnc310-zh-rTW: Cannot utime: Operation not permitted
build	Cache Android SDK	2026-06-06T12:22:59.6942277Z /usr/bin/tar: ../../../../../usr/local/lib/android/sdk/platforms/android-34/data/res/values-mcc310-mnc310-zh-rTW: Cannot change mode to rwxr-xr-x: Operation not permitted
build	Cache Android SDK	2026-06-06T12:22:59.6945402Z /usr/bin/tar: ../../../../../usr/local/lib/android/sdk/platforms/android-34/data/res/values-mcc310-mnc380-lt: Cannot utime: Operation not permitted
build	Cache Android SDK	2026-06-06T12:22:59.6946327Z /usr/bin/tar: ../../../../../usr/local/lib/android/sdk/platforms/android-34/data/res/values-mcc310-mnc380-lt: Cannot change mode to rwxr-xr-x: Operation not permitted
build	Cache Android SDK	2026-06-06T12:22:59.6951477Z /usr/bin/tar: ../../../../../usr/local/lib/android/sdk/platforms/android-34/data/res/values-mcc310-mnc410-it: Cannot utime: Operation not permitted
build	Cache Android SDK	2026-06-06T12:22:59.6952406Z /usr/bin/tar: ../../../../../usr/local/lib/android/sdk/platforms/android-34/data/res/values-mcc310-mnc410-it: Cannot change mode to rwxr-xr-x: Operation not permitted
build	Cache Android SDK	2026-06-06T12:22:59.6962106Z /usr/bin/tar: ../../../../../usr/local/lib/android/sdk/platforms/android-34/data/res/values-mcc311-mnc870: Cannot utime: Operation not permitted
build	Cache Android SDK	2026-06-06T12:22:59.6963234Z /usr/bin/tar: ../../../../../usr/local/lib/android/sdk/platforms/android-34/data/res/values-mcc311-mnc870: Cannot change mode to rwxr-xr-x: Operation not permitted
build	Cache Android SDK	2026-06-06T12:22:59.6966146Z /usr/bin/tar: ../../../../../usr/local/lib/android/sdk/platforms/android-34/data/res/values-mcc310-mnc280-kn: Cannot utime: Operation not permitted
build	Cache Android SDK	2026-06-06T12:22:59.6967058Z /usr/bin/tar: ../../../../../usr/local/lib/android/sdk/platforms/android-34/data/res/values-mcc310-mnc280-kn: Cannot change mode to rwxr-xr-x: Operation not permitted
build	Cache Android SDK	2026-06-06T12:22:59.6974675Z /usr/bin/tar: ../../../../../usr/local/lib/android/sdk/platforms/android-34/data/res/values-fr-rCA: Cannot utime: Operation not permitted
build	Cache Android SDK	2026-06-06T12:22:59.6976607Z /usr/bin/tar: ../../../../../usr/local/lib/android/sdk/platforms/android-34/data/res/values-fr-rCA: Cannot change mode to rwxr-xr-x: Operation not permitted
build	Cache Android SDK	2026-06-06T12:22:59.6978597Z /usr/bin/tar: ../../../../../usr/local/lib/android/sdk/platforms/android-34/data/res/values-ko-watch: Cannot utime: Operation not permitted
build	Cache Android SDK	2026-06-06T12:22:59.6979486Z /usr/bin/tar: ../../../../../usr/local/lib/android/sdk/platforms/android-34/data/res/values-ko-watch: Cannot change mode to rwxr-xr-x: Operation not permitted
build	Cache Android SDK	2026-06-06T12:22:59.6983671Z /usr/bin/tar: ../../../../../usr/local/lib/android/sdk/platforms/android-34/data/res/values-mcc310-mnc170-in: Cannot utime: Operation not permitted
build	Cache Android SDK	2026-06-06T12:22:59.6984656Z /usr/bin/tar: ../../../../../usr/local/lib/android/sdk/platforms/android-34/data/res/values-mcc310-mnc170-in: Cannot change mode to rwxr-xr-x: Operation not permitted
build	Cache Android SDK	2026-06-06T12:22:59.6989213Z /usr/bin/tar: ../../../../../usr/local/lib/android/sdk/platforms/android-34/data/res/values-mcc310-mnc170-pa: Cannot utime: Operation not permitted
build	Cache Android SDK	2026-06-06T12:22:59.6990151Z /usr/bin/tar: ../../../../../usr/local/lib/android/sdk/platforms/android-34/data/res/values-mcc310-mnc170-pa: Cannot change mode to rwxr-xr-x: Operation not permitted
build	Cache Android SDK	2026-06-06T12:22:59.6993485Z /usr/bin/tar: ../../../../../usr/local/lib/android/sdk/platforms/android-34/data/res/values-mcc310-mnc220-bs: Cannot utime: Operation not permitted
build	Cache Android SDK	2026-06-06T12:22:59.6994565Z /usr/bin/tar: ../../../../../usr/local/lib/android/sdk/platforms/android-34/data/res/values-mcc310-mnc220-bs: Cannot change mode to rwxr-xr-x: Operation not permitted
build	Cache Android SDK	2026-06-06T12:22:59.6998645Z /usr/bin/tar: ../../../../../usr/local/lib/android/sdk/platforms/android-34/data/res/values-mcc310-mnc280-pt-rPT: Cannot utime: Operation not permitted
build	Cache Android SDK	2026-06-06T12:22:59.6999604Z /usr/bin/tar: ../../../../../usr/local/lib/android/sdk/platforms/android-34/data/res/values-mcc310-mnc280-pt-rPT: Cannot change mode to rwxr-xr-x: Operation not permitted
build	Cache Android SDK	2026-06-06T12:22:59.7002865Z /usr/bin/tar: ../../../../../usr/local/lib/android/sdk/platforms/android-34/data/res/values-mcc310-mnc200-ur: Cannot utime: Operation not permitted
build	Cache Android SDK	2026-06-06T12:22:59.7003793Z /usr/bin/tar: ../../../../../usr/local/lib/android/sdk/platforms/android-34/data/res/values-mcc310-mnc200-ur: Cannot change mode to rwxr-xr-x: Operation not permitted
build	Cache Android SDK	2026-06-06T12:22:59.7007121Z /usr/bin/tar: ../../../../../usr/local/lib/android/sdk/platforms/android-34/data/res/values-mcc310-mnc490-lv: Cannot utime: Operation not permitted
build	Cache Android SDK	2026-06-06T12:22:59.7008248Z /usr/bin/tar: ../../../../../usr/local/lib/android/sdk/platforms/android-34/data/res/values-mcc310-mnc490-lv: Cannot change mode to rwxr-xr-x: Operation not permitted
build	Cache Android SDK	2026-06-06T12:22:59.7015715Z /usr/bin/tar: ../../../../../usr/local/lib/android/sdk/platforms/android-34/data/res/values-uz-watch: Cannot utime: Operation not permitted
build	Cache Android SDK	2026-06-06T12:22:59.7016615Z /usr/bin/tar: ../../../../../usr/local/lib/android/sdk/platforms/android-34/data/res/values-uz-watch: Cannot change mode to rwxr-xr-x: Operation not permitted
build	Cache Android SDK	2026-06-06T12:22:59.7020636Z /usr/bin/tar: ../../../../../usr/local/lib/android/sdk/platforms/android-34/data/res/values-mcc310-mnc660-da: Cannot utime: Operation not permitted
build	Cache Android SDK	2026-06-06T12:22:59.7021569Z /usr/bin/tar: ../../../../../usr/local/lib/android/sdk/platforms/android-34/data/res/values-mcc310-mnc660-da: Cannot change mode to rwxr-xr-x: Operation not permitted
build	Cache Android SDK	2026-06-06T12:22:59.7027035Z /usr/bin/tar: ../../../../../usr/local/lib/android/sdk/platforms/android-34/data/res/values-fi: Cannot utime: Operation not permitted
build	Cache Android SDK	2026-06-06T12:22:59.7028614Z /usr/bin/tar: ../../../../../usr/local/lib/android/sdk/platforms/android-34/data/res/values-fi: Cannot change mode to rwxr-xr-x: Operation not permitted
build	Cache Android SDK	2026-06-06T12:22:59.7030504Z /usr/bin/tar: ../../../../../usr/local/lib/android/sdk/platforms/android-34/data/res/values-mcc310-mnc800-cs: Cannot utime: Operation not permitted
build	Cache Android SDK	2026-06-06T12:22:59.7031433Z /usr/bin/tar: ../../../../../usr/local/lib/android/sdk/platforms/android-34/data/res/values-mcc310-mnc800-cs: Cannot change mode to rwxr-xr-x: Operation not permitted
build	Cache Android SDK	2026-06-06T12:22:59.7036818Z /usr/bin/tar: ../../../../../usr/local/lib/android/sdk/platforms/android-34/data/res/values-mcc310-mnc380-hi: Cannot utime: Operation not permitted
build	Cache Android SDK	2026-06-06T12:22:59.7037877Z /usr/bin/tar: ../../../../../usr/local/lib/android/sdk/platforms/android-34/data/res/values-mcc310-mnc380-hi: Cannot change mode to rwxr-xr-x: Operation not permitted
build	Cache Android SDK	2026-06-06T12:22:59.7040872Z /usr/bin/tar: ../../../../../usr/local/lib/android/sdk/platforms/android-34/data/res/values-mcc310-mnc410-af: Cannot utime: Operation not permitted
build	Cache Android SDK	2026-06-06T12:22:59.7041795Z /usr/bin/tar: ../../../../../usr/local/lib/android/sdk/platforms/android-34/data/res/values-mcc310-mnc410-af: Cannot change mode to rwxr-xr-x: Operation not permitted
build	Cache Android SDK	2026-06-06T12:22:59.7045562Z /usr/bin/tar: ../../../../../usr/local/lib/android/sdk/platforms/android-34/data/res/values-mcc310-mnc250-km: Cannot utime: Operation not permitted
build	Cache Android SDK	2026-06-06T12:22:59.7047098Z /usr/bin/tar: ../../../../../usr/local/lib/android/sdk/platforms/android-34/data/res/values-mcc310-mnc250-km: Cannot change mode to rwxr-xr-x: Operation not permitted
build	Cache Android SDK	2026-06-06T12:22:59.7050816Z /usr/bin/tar: ../../../../../usr/local/lib/android/sdk/platforms/android-34/data/res/values-mcc302-mnc370-pa: Cannot utime: Operation not permitted
build	Cache Android SDK	2026-06-06T12:22:59.7051747Z /usr/bin/tar: ../../../../../usr/local/lib/android/sdk/platforms/android-34/data/res/values-mcc302-mnc370-pa: Cannot change mode to rwxr-xr-x: Operation not permitted
build	Cache Android SDK	2026-06-06T12:22:59.7058325Z /usr/bin/tar: ../../../../../usr/local/lib/android/sdk/platforms/android-34/data/res/values-mcc310-mnc380-ca: Cannot utime: Operation not permitted
build	Cache Android SDK	2026-06-06T12:22:59.7059278Z /usr/bin/tar: ../../../../../usr/local/lib/android/sdk/platforms/android-34/data/res/values-mcc310-mnc380-ca: Cannot change mode to rwxr-xr-x: Operation not permitted
build	Cache Android SDK	2026-06-06T12:22:59.7062921Z /usr/bin/tar: ../../../../../usr/local/lib/android/sdk/platforms/android-34/data/res/values-mcc310-mnc950-gu: Cannot utime: Operation not permitted
build	Cache Android SDK	2026-06-06T12:22:59.7063850Z /usr/bin/tar: ../../../../../usr/local/lib/android/sdk/platforms/android-34/data/res/values-mcc310-mnc950-gu: Cannot change mode to rwxr-xr-x: Operation not permitted
build	Cache Android SDK	2026-06-06T12:22:59.7066566Z /usr/bin/tar: ../../../../../usr/local/lib/android/sdk/platforms/android-34/data/res/values-mcc302-mnc720-sq: Cannot utime: Operation not permitted
build	Cache Android SDK	2026-06-06T12:22:59.7067758Z /usr/bin/tar: ../../../../../usr/local/lib/android/sdk/platforms/android-34/data/res/values-mcc302-mnc720-sq: Cannot change mode to rwxr-xr-x: Operation not permitted
build	Cache Android SDK	2026-06-06T12:22:59.7071641Z /usr/bin/tar: ../../../../../usr/local/lib/android/sdk/platforms/android-34/data/res/values-sq-watch: Cannot utime: Operation not permitted
build	Cache Android SDK	2026-06-06T12:22:59.7072543Z /usr/bin/tar: ../../../../../usr/local/lib/android/sdk/platforms/android-34/data/res/values-sq-watch: Cannot change mode to rwxr-xr-x: Operation not permitted
build	Cache Android SDK	2026-06-06T12:22:59.7078469Z /usr/bin/tar: ../../../../../usr/local/lib/android/sdk/platforms/android-34/data/res/values-mcc311-mnc180-lv: Cannot utime: Operation not permitted
build	Cache Android SDK	2026-06-06T12:22:59.7079410Z /usr/bin/tar: ../../../../../usr/local/lib/android/sdk/platforms/android-34/data/res/values-mcc311-mnc180-lv: Cannot change mode to rwxr-xr-x: Operation not permitted
build	Cache Android SDK	2026-06-06T12:22:59.7082719Z /usr/bin/tar: ../../../../../usr/local/lib/android/sdk/platforms/android-34/data/res/values-mcc310-mnc280-it: Cannot utime: Operation not permitted
build	Cache Android SDK	2026-06-06T12:22:59.7083647Z /usr/bin/tar: ../../../../../usr/local/lib/android/sdk/platforms/android-34/data/res/values-mcc310-mnc280-it: Cannot change mode to rwxr-xr-x: Operation not permitted
build	Cache Android SDK	2026-06-06T12:22:59.7086738Z /usr/bin/tar: ../../../../../usr/local/lib/android/sdk/platforms/android-34/data/res/values-mcc302-mnc720-kk: Cannot utime: Operation not permitted
build	Cache Android SDK	2026-06-06T12:22:59.7088526Z /usr/bin/tar: ../../../../../usr/local/lib/android/sdk/platforms/android-34/data/res/values-mcc302-mnc720-kk: Cannot change mode to rwxr-xr-x: Operation not permitted
build	Cache Android SDK	2026-06-06T12:22:59.7090103Z /usr/bin/tar: ../../../../../usr/local/lib/android/sdk/platforms/android-34/data/res: Cannot utime: Operation not permitted
build	Cache Android SDK	2026-06-06T12:22:59.7091231Z /usr/bin/tar: ../../../../../usr/local/lib/android/sdk/platforms/android-34/data/res: Cannot change mode to rwxr-xr-x: Operation not permitted
build	Cache Android SDK	2026-06-06T12:22:59.7167081Z /usr/bin/tar: ../../../../../usr/local/lib/android/sdk/platforms/android-34/data: Cannot utime: Operation not permitted
build	Cache Android SDK	2026-06-06T12:22:59.7168164Z /usr/bin/tar: ../../../../../usr/local/lib/android/sdk/platforms/android-34/data: Cannot change mode to rwxr-xr-x: Operation not permitted
build	Cache Android SDK	2026-06-06T12:22:59.7169184Z /usr/bin/tar: ../../../../../usr/local/lib/android/sdk/platforms/android-34: Cannot utime: Operation not permitted
build	Cache Android SDK	2026-06-06T12:22:59.7170229Z /usr/bin/tar: ../../../../../usr/local/lib/android/sdk/platforms/android-34: Cannot change mode to rwxr-xr-x: Operation not permitted
build	Cache Android SDK	2026-06-06T12:22:59.7189239Z /usr/bin/tar: ../../../../../usr/local/lib/android/sdk/platforms/android-34-ext8/optional/libbinder_ndk_cpp/android: Cannot utime: Operation not permitted
build	Cache Android SDK	2026-06-06T12:22:59.7190962Z /usr/bin/tar: ../../../../../usr/local/lib/android/sdk/platforms/android-34-ext8/optional/libbinder_ndk_cpp/android: Cannot change mode to rwxr-xr-x: Operation not permitted
build	Cache Android SDK	2026-06-06T12:22:59.7192802Z /usr/bin/tar: ../../../../../usr/local/lib/android/sdk/platforms/android-34-ext8/optional/libbinder_ndk_cpp: Cannot utime: Operation not permitted
build	Cache Android SDK	2026-06-06T12:22:59.7194273Z /usr/bin/tar: ../../../../../usr/local/lib/android/sdk/platforms/android-34-ext8/optional/libbinder_ndk_cpp: Cannot change mode to rwxr-xr-x: Operation not permitted
build	Cache Android SDK	2026-06-06T12:22:59.7195995Z /usr/bin/tar: ../../../../../usr/local/lib/android/sdk/platforms/android-34-ext8/optional: Cannot utime: Operation not permitted
build	Cache Android SDK	2026-06-06T12:22:59.7197669Z /usr/bin/tar: ../../../../../usr/local/lib/android/sdk/platforms/android-34-ext8/optional: Cannot change mode to rwxr-xr-x: Operation not permitted
build	Cache Android SDK	2026-06-06T12:22:59.7293060Z /usr/bin/tar: ../../../../../usr/local/lib/android/sdk/platforms/android-34-ext8/skins/WXGA800: Cannot utime: Operation not permitted
build	Cache Android SDK	2026-06-06T12:22:59.7294091Z /usr/bin/tar: ../../../../../usr/local/lib/android/sdk/platforms/android-34-ext8/skins/WXGA800: Cannot change mode to rwxr-xr-x: Operation not permitted
build	Cache Android SDK	2026-06-06T12:22:59.7299513Z /usr/bin/tar: ../../../../../usr/local/lib/android/sdk/platforms/android-34-ext8/skins/HVGA: Cannot utime: Operation not permitted
build	Cache Android SDK	2026-06-06T12:22:59.7300352Z /usr/bin/tar: ../../../../../usr/local/lib/android/sdk/platforms/android-34-ext8/skins/HVGA: Cannot change mode to rwxr-xr-x: Operation not permitted
build	Cache Android SDK	2026-06-06T12:22:59.7306851Z /usr/bin/tar: ../../../../../usr/local/lib/android/sdk/platforms/android-34-ext8/skins/WSVGA: Cannot utime: Operation not permitted
build	Cache Android SDK	2026-06-06T12:22:59.7307836Z /usr/bin/tar: ../../../../../usr/local/lib/android/sdk/platforms/android-34-ext8/skins/WSVGA: Cannot change mode to rwxr-xr-x: Operation not permitted
build	Cache Android SDK	2026-06-06T12:22:59.7314444Z /usr/bin/tar: ../../../../../usr/local/lib/android/sdk/platforms/android-34-ext8/skins/WQVGA432: Cannot utime: Operation not permitted
build	Cache Android SDK	2026-06-06T12:22:59.7315288Z /usr/bin/tar: ../../../../../usr/local/lib/android/sdk/platforms/android-34-ext8/skins/WQVGA432: Cannot change mode to rwxr-xr-x: Operation not permitted
build	Cache Android SDK	2026-06-06T12:22:59.7322213Z /usr/bin/tar: ../../../../../usr/local/lib/android/sdk/platforms/android-34-ext8/skins/WVGA854: Cannot utime: Operation not permitted
build	Cache Android SDK	2026-06-06T12:22:59.7323051Z /usr/bin/tar: ../../../../../usr/local/lib/android/sdk/platforms/android-34-ext8/skins/WVGA854: Cannot change mode to rwxr-xr-x: Operation not permitted
build	Cache Android SDK	2026-06-06T12:22:59.7329774Z /usr/bin/tar: ../../../../../usr/local/lib/android/sdk/platforms/android-34-ext8/skins/WXGA800-7in: Cannot utime: Operation not permitted
build	Cache Android SDK	2026-06-06T12:22:59.7330643Z /usr/bin/tar: ../../../../../usr/local/lib/android/sdk/platforms/android-34-ext8/skins/WXGA800-7in: Cannot change mode to rwxr-xr-x: Operation not permitted
build	Cache Android SDK	2026-06-06T12:22:59.7337516Z /usr/bin/tar: ../../../../../usr/local/lib/android/sdk/platforms/android-34-ext8/skins/QVGA: Cannot utime: Operation not permitted
build	Cache Android SDK	2026-06-06T12:22:59.7338362Z /usr/bin/tar: ../../../../../usr/local/lib/android/sdk/platforms/android-34-ext8/skins/QVGA: Cannot change mode to rwxr-xr-x: Operation not permitted
build	Cache Android SDK	2026-06-06T12:22:59.7347257Z /usr/bin/tar: ../../../../../usr/local/lib/android/sdk/platforms/android-34-ext8/skins/WQVGA400: Cannot utime: Operation not permitted
build	Cache Android SDK	2026-06-06T12:22:59.7349337Z /usr/bin/tar: ../../../../../usr/local/lib/android/sdk/platforms/android-34-ext8/skins/WQVGA400: Cannot change mode to rwxr-xr-x: Operation not permitted
build	Cache Android SDK	2026-06-06T12:22:59.7364623Z /usr/bin/tar: ../../../../../usr/local/lib/android/sdk/platforms/android-34-ext8/skins/WVGA800: Cannot utime: Operation not permitted
build	Cache Android SDK	2026-06-06T12:22:59.7365481Z /usr/bin/tar: ../../../../../usr/local/lib/android/sdk/platforms/android-34-ext8/skins/WVGA800: Cannot change mode to rwxr-xr-x: Operation not permitted
build	Cache Android SDK	2026-06-06T12:22:59.7371870Z /usr/bin/tar: ../../../../../usr/local/lib/android/sdk/platforms/android-34-ext8/skins/WXGA720: Cannot utime: Operation not permitted
build	Cache Android SDK	2026-06-06T12:22:59.7372929Z /usr/bin/tar: ../../../../../usr/local/lib/android/sdk/platforms/android-34-ext8/skins/WXGA720: Cannot change mode to rwxr-xr-x: Operation not permitted
build	Cache Android SDK	2026-06-06T12:22:59.7374658Z /usr/bin/tar: ../../../../../usr/local/lib/android/sdk/platforms/android-34-ext8/skins: Cannot utime: Operation not permitted
build	Cache Android SDK	2026-06-06T12:22:59.7376079Z /usr/bin/tar: ../../../../../usr/local/lib/android/sdk/platforms/android-34-ext8/skins: Cannot change mode to rwxr-xr-x: Operation not permitted
build	Cache Android SDK	2026-06-06T12:22:59.7632712Z /usr/bin/tar: ../../../../../usr/local/lib/android/sdk/platforms/android-34-ext8/templates: Cannot utime: Operation not permitted
build	Cache Android SDK	2026-06-06T12:22:59.7633879Z /usr/bin/tar: ../../../../../usr/local/lib/android/sdk/platforms/android-34-ext8/templates: Cannot change mode to rwxr-xr-x: Operation not permitted
build	Cache Android SDK	2026-06-06T12:22:59.7654472Z /usr/bin/tar: ../../../../../usr/local/lib/android/sdk/platforms/android-34-ext8/data/res/values-mcc310-mnc160-sk: Cannot utime: Operation not permitted
build	Cache Android SDK	2026-06-06T12:22:59.7655573Z /usr/bin/tar: ../../../../../usr/local/lib/android/sdk/platforms/android-34-ext8/data/res/values-mcc310-mnc160-sk: Cannot change mode to rwxr-xr-x: Operation not permitted
build	Cache Android SDK	2026-06-06T12:22:59.7662005Z /usr/bin/tar: ../../../../../usr/local/lib/android/sdk/platforms/android-34-ext8/data/res/values-mcc302-mnc370-hr: Cannot utime: Operation not permitted
build	Cache Android SDK	2026-06-06T12:22:59.7662978Z /usr/bin/tar: ../../../../../usr/local/lib/android/sdk/platforms/android-34-ext8/data/res/values-mcc302-mnc370-hr: Cannot change mode to rwxr-xr-x: Operation not permitted
build	Cache Android SDK	2026-06-06T12:22:59.7664893Z /usr/bin/tar: ../../../../../usr/local/lib/android/sdk/platforms/android-34-ext8/data/res/values-mcc310-mnc950-zh-rHK: Cannot utime: Operation not permitted
build	Cache Android SDK	2026-06-06T12:22:59.7665894Z /usr/bin/tar: ../../../../../usr/local/lib/android/sdk/platforms/android-34-ext8/data/res/values-mcc310-mnc950-zh-rHK: Cannot change mode to rwxr-xr-x: Operation not permitted
build	Cache Android SDK	2026-06-06T12:22:59.7668338Z /usr/bin/tar: ../../../../../usr/local/lib/android/sdk/platforms/android-34-ext8/data/res/values-mcc310-mnc210-et: Cannot utime: Operation not permitted
build	Cache Android SDK	2026-06-06T12:22:59.7669333Z /usr/bin/tar: ../../../../../usr/local/lib/android/sdk/platforms/android-34-ext8/data/res/values-mcc310-mnc210-et: Cannot change mode to rwxr-xr-x: Operation not permitted
build	Cache Android SDK	2026-06-06T12:22:59.7671788Z /usr/bin/tar: ../../../../../usr/local/lib/android/sdk/platforms/android-34-ext8/data/res/values-mcc310-mnc170-sl: Cannot utime: Operation not permitted
build	Cache Android SDK	2026-06-06T12:22:59.7672879Z /usr/bin/tar: ../../../../../usr/local/lib/android/sdk/platforms/android-34-ext8/data/res/values-mcc310-mnc170-sl: Cannot change mode to rwxr-xr-x: Operation not permitted
build	Cache Android SDK	2026-06-06T12:22:59.7678465Z /usr/bin/tar: ../../../../../usr/local/lib/android/sdk/platforms/android-34-ext8/data/res/values-mcc310-mnc150-eu: Cannot utime: Operation not permitted
build	Cache Android SDK	2026-06-06T12:22:59.7679446Z /usr/bin/tar: ../../../../../usr/local/lib/android/sdk/platforms/android-34-ext8/data/res/values-mcc310-mnc150-eu: Cannot change mode to rwxr-xr-x: Operation not permitted
build	Cache Android SDK	2026-06-06T12:22:59.7684636Z /usr/bin/tar: ../../../../../usr/local/lib/android/sdk/platforms/android-34-ext8/data/res/values-mcc334-mnc020-bs: Cannot utime: Operation not permitted
build	Cache Android SDK	2026-06-06T12:22:59.7685617Z /usr/bin/tar: ../../../../../usr/local/lib/android/sdk/platforms/android-34-ext8/data/res/values-mcc334-mnc020-bs: Cannot change mode to rwxr-xr-x: Operation not permitted
build	Cache Android SDK	2026-06-06T12:22:59.7691375Z /usr/bin/tar: ../../../../../usr/local/lib/android/sdk/platforms/android-34-ext8/data/res/values-mcc310-mnc310-en-rAU: Cannot utime: Operation not permitted
build	Cache Android SDK	2026-06-06T12:22:59.7692612Z /usr/bin/tar: ../../../../../usr/local/lib/android/sdk/platforms/android-34-ext8/data/res/values-mcc310-mnc310-en-rAU: Cannot change mode to rwxr-xr-x: Operation not permitted
build	Cache Android SDK	2026-06-06T12:22:59.7694710Z /usr/bin/tar: ../../../../../usr/local/lib/android/sdk/platforms/android-34-ext8/data/res/values-mcc334-mnc020-nl: Cannot utime: Operation not permitted
build	Cache Android SDK	2026-06-06T12:22:59.7695666Z /usr/bin/tar: ../../../../../usr/local/lib/android/sdk/platforms/android-34-ext8/data/res/values-mcc334-mnc020-nl: Cannot change mode to rwxr-xr-x: Operation not permitted
build	Cache Android SDK	2026-06-06T12:22:59.7703085Z /usr/bin/tar: ../../../../../usr/local/lib/android/sdk/platforms/android-34-ext8/data/res/raw-nl: Cannot utime: Operation not permitted
build	Cache Android SDK	2026-06-06T12:22:59.7704744Z /usr/bin/tar: ../../../../../usr/local/lib/android/sdk/platforms/android-34-ext8/data/res/raw-nl: Cannot change mode to rwxr-xr-x: Operation not permitted
build	Cache Android SDK	2026-06-06T12:22:59.7706045Z /usr/bin/tar: ../../../../../usr/local/lib/android/sdk/platforms/android-34-ext8/data/res/values-mcc310-mnc800-pl: Cannot utime: Operation not permitted
build	Cache Android SDK	2026-06-06T12:22:59.7707117Z /usr/bin/tar: ../../../../../usr/local/lib/android/sdk/platforms/android-34-ext8/data/res/values-mcc310-mnc800-pl: Cannot change mode to rwxr-xr-x: Operation not permitted
build	Cache Android SDK	2026-06-06T12:22:59.7708913Z /usr/bin/tar: ../../../../../usr/local/lib/android/sdk/platforms/android-34-ext8/data/res/values-mcc310-mnc490-sk: Cannot utime: Operation not permitted
build	Cache Android SDK	2026-06-06T12:22:59.7709958Z /usr/bin/tar: ../../../../../usr/local/lib/android/sdk/platforms/android-34-ext8/data/res/values-mcc310-mnc490-sk: Cannot change mode to rwxr-xr-x: Operation not permitted
build	Cache Android SDK	2026-06-06T12:22:59.7716970Z /usr/bin/tar: ../../../../../usr/local/lib/android/sdk/platforms/android-34-ext8/data/res/values-si: Cannot utime: Operation not permitted
build	Cache Android SDK	2026-06-06T12:22:59.7718061Z /usr/bin/tar: ../../../../../usr/local/lib/android/sdk/platforms/android-34-ext8/data/res/values-si: Cannot change mode to rwxr-xr-x: Operation not permitted
build	Cache Android SDK	2026-06-06T12:22:59.7720120Z /usr/bin/tar: ../../../../../usr/local/lib/android/sdk/platforms/android-34-ext8/data/res/values-mcc311-mnc180-bg: Cannot utime: Operation not permitted
build	Cache Android SDK	2026-06-06T12:22:59.7721085Z /usr/bin/tar: ../../../../../usr/local/lib/android/sdk/platforms/android-34-ext8/data/res/values-mcc311-mnc180-bg: Cannot change mode to rwxr-xr-x: Operation not permitted
build	Cache Android SDK	2026-06-06T12:22:59.7723328Z /usr/bin/tar: ../../../../../usr/local/lib/android/sdk/platforms/android-34-ext8/data/res/values-mcc310-mnc160-be: Cannot utime: Operation not permitted
build	Cache Android SDK	2026-06-06T12:22:59.7724284Z /usr/bin/tar: ../../../../../usr/local/lib/android/sdk/platforms/android-34-ext8/data/res/values-mcc310-mnc160-be: Cannot change mode to rwxr-xr-x: Operation not permitted
build	Cache Android SDK	2026-06-06T12:22:59.7726521Z /usr/bin/tar: ../../../../../usr/local/lib/android/sdk/platforms/android-34-ext8/data/res/values-mcc310-mnc280-pt: Cannot utime: Operation not permitted
build	Cache Android SDK	2026-06-06T12:22:59.7727679Z /usr/bin/tar: ../../../../../usr/local/lib/android/sdk/platforms/android-34-ext8/data/res/values-mcc310-mnc280-pt: Cannot change mode to rwxr-xr-x: Operation not permitted
build	Cache Android SDK	2026-06-06T12:22:59.7732203Z /usr/bin/tar: ../../../../../usr/local/lib/android/sdk/platforms/android-34-ext8/data/res/values-mcc302-mnc720-zh-rHK: Cannot utime: Operation not permitted
build	Cache Android SDK	2026-06-06T12:22:59.7733312Z /usr/bin/tar: ../../../../../usr/local/lib/android/sdk/platforms/android-34-ext8/data/res/values-mcc302-mnc720-zh-rHK: Cannot change mode to rwxr-xr-x: Operation not permitted
build	Cache Android SDK	2026-06-06T12:22:59.7735521Z /usr/bin/tar: ../../../../../usr/local/lib/android/sdk/platforms/android-34-ext8/data/res/values-mcc440-mnc50: Cannot utime: Operation not permitted
build	Cache Android SDK	2026-06-06T12:22:59.7736495Z /usr/bin/tar: ../../../../../usr/local/lib/android/sdk/platforms/android-34-ext8/data/res/values-mcc440-mnc50: Cannot change mode to rwxr-xr-x: Operation not permitted
build	Cache Android SDK	2026-06-06T12:22:59.7738984Z /usr/bin/tar: ../../../../../usr/local/lib/android/sdk/platforms/android-34-ext8/data/res/values-tr-television: Cannot utime: Operation not permitted
build	Cache Android SDK	2026-06-06T12:22:59.7739936Z /usr/bin/tar: ../../../../../usr/local/lib/android/sdk/platforms/android-34-ext8/data/res/values-tr-television: Cannot change mode to rwxr-xr-x: Operation not permitted
build	Cache Android SDK	2026-06-06T12:22:59.7742344Z /usr/bin/tar: ../../../../../usr/local/lib/android/sdk/platforms/android-34-ext8/data/res/values-mcc310-mnc490-th: Cannot utime: Operation not permitted
build	Cache Android SDK	2026-06-06T12:22:59.7744048Z /usr/bin/tar: ../../../../../usr/local/lib/android/sdk/platforms/android-34-ext8/data/res/values-mcc310-mnc490-th: Cannot change mode to rwxr-xr-x: Operation not permitted
build	Cache Android SDK	2026-06-06T12:22:59.7745462Z /usr/bin/tar: ../../../../../usr/local/lib/android/sdk/platforms/android-34-ext8/data/res/values-mcc311-mnc180-zh-rHK: Cannot utime: Operation not permitted
build	Cache Android SDK	2026-06-06T12:22:59.7746444Z /usr/bin/tar: ../../../../../usr/local/lib/android/sdk/platforms/android-34-ext8/data/res/values-mcc311-mnc180-zh-rHK: Cannot change mode to rwxr-xr-x: Operation not permitted
build	Cache Android SDK	2026-06-06T12:22:59.7751392Z /usr/bin/tar: ../../../../../usr/local/lib/android/sdk/platforms/android-34-ext8/data/res/values-mcc310-mnc310-fi: Cannot utime: Operation not permitted
build	Cache Android SDK	2026-06-06T12:22:59.7752343Z /usr/bin/tar: ../../../../../usr/local/lib/android/sdk/platforms/android-34-ext8/data/res/values-mcc310-mnc310-fi: Cannot change mode to rwxr-xr-x: Operation not permitted
build	Cache Android SDK	2026-06-06T12:22:59.7754666Z /usr/bin/tar: ../../../../../usr/local/lib/android/sdk/platforms/android-34-ext8/data/res/values-mcc313-mnc100-is: Cannot utime: Operation not permitted
build	Cache Android SDK	2026-06-06T12:22:59.7755819Z /usr/bin/tar: ../../../../../usr/local/lib/android/sdk/platforms/android-34-ext8/data/res/values-mcc313-mnc100-is: Cannot change mode to rwxr-xr-x: Operation not permitted
build	Cache Android SDK	2026-06-06T12:22:59.7757568Z /usr/bin/tar: ../../../../../usr/local/lib/android/sdk/platforms/android-34-ext8/data/res/values-mcc310-mnc280-as: Cannot utime: Operation not permitted
build	Cache Android SDK	2026-06-06T12:22:59.7758549Z /usr/bin/tar: ../../../../../usr/local/lib/android/sdk/platforms/android-34-ext8/data/res/values-mcc310-mnc280-as: Cannot change mode to rwxr-xr-x: Operation not permitted
build	Cache Android SDK	2026-06-06T12:22:59.7764902Z /usr/bin/tar: ../../../../../usr/local/lib/android/sdk/platforms/android-34-ext8/data/res/values-w180dp-notround-watch: Cannot utime: Operation not permitted
build	Cache Android SDK	2026-06-06T12:22:59.7766013Z /usr/bin/tar: ../../../../../usr/local/lib/android/sdk/platforms/android-34-ext8/data/res/values-w180dp-notround-watch: Cannot change mode to rwxr-xr-x: Operation not permitted
build	Cache Android SDK	2026-06-06T12:22:59.7767702Z /usr/bin/tar: ../../../../../usr/local/lib/android/sdk/platforms/android-34-ext8/data/res/values-mcc310-mnc030-gu: Cannot utime: Operation not permitted
build	Cache Android SDK	2026-06-06T12:22:59.7768653Z /usr/bin/tar: ../../../../../usr/local/lib/android/sdk/platforms/android-34-ext8/data/res/values-mcc310-mnc030-gu: Cannot change mode to rwxr-xr-x: Operation not permitted
build	Cache Android SDK	2026-06-06T12:22:59.7770920Z /usr/bin/tar: ../../../../../usr/local/lib/android/sdk/platforms/android-34-ext8/data/res/values-mcc310-mnc210-in: Cannot utime: Operation not permitted
build	Cache Android SDK	2026-06-06T12:22:59.7771866Z /usr/bin/tar: ../../../../../usr/local/lib/android/sdk/platforms/android-34-ext8/data/res/values-mcc310-mnc210-in: Cannot change mode to rwxr-xr-x: Operation not permitted
build	Cache Android SDK	2026-06-06T12:22:59.7773692Z /usr/bin/tar: ../../../../../usr/local/lib/android/sdk/platforms/android-34-ext8/data/res/values-mcc310-mnc410-nl: Cannot utime: Operation not permitted
build	Cache Android SDK	2026-06-06T12:22:59.7774654Z /usr/bin/tar: ../../../../../usr/local/lib/android/sdk/platforms/android-34-ext8/data/res/values-mcc310-mnc410-nl: Cannot change mode to rwxr-xr-x: Operation not permitted
build	Cache Android SDK	2026-06-06T12:22:59.7777260Z /usr/bin/tar: ../../../../../usr/local/lib/android/sdk/platforms/android-34-ext8/data/res/values-mcc310-mnc410-hi: Cannot utime: Operation not permitted
build	Cache Android SDK	2026-06-06T12:22:59.7778700Z /usr/bin/tar: ../../../../../usr/local/lib/android/sdk/platforms/android-34-ext8/data/res/values-mcc310-mnc410-hi: Cannot change mode to rwxr-xr-x: Operation not permitted
build	Cache Android SDK	2026-06-06T12:22:59.7782774Z /usr/bin/tar: ../../../../../usr/local/lib/android/sdk/platforms/android-34-ext8/data/res/values-mcc310-mnc210-iw: Cannot utime: Operation not permitted
build	Cache Android SDK	2026-06-06T12:22:59.7783814Z /usr/bin/tar: ../../../../../usr/local/lib/android/sdk/platforms/android-34-ext8/data/res/values-mcc310-mnc210-iw: Cannot change mode to rwxr-xr-x: Operation not permitted
build	Cache Android SDK	2026-06-06T12:22:59.7785330Z /usr/bin/tar: ../../../../../usr/local/lib/android/sdk/platforms/android-34-ext8/data/res/values-mcc001-mnc01-or: Cannot utime: Operation not permitted
build	Cache Android SDK	2026-06-06T12:22:59.7786505Z /usr/bin/tar: ../../../../../usr/local/lib/android/sdk/platforms/android-34-ext8/data/res/values-mcc001-mnc01-or: Cannot change mode to rwxr-xr-x: Operation not permitted
build	Cache Android SDK	2026-06-06T12:22:59.7787993Z /usr/bin/tar: ../../../../../usr/local/lib/android/sdk/platforms/android-34-ext8/data/res/values-mcc310-mnc230-pl: Cannot utime: Operation not permitted
build	Cache Android SDK	2026-06-06T12:22:59.7789026Z /usr/bin/tar: ../../../../../usr/local/lib/android/sdk/platforms/android-34-ext8/data/res/values-mcc310-mnc230-pl: Cannot change mode to rwxr-xr-x: Operation not permitted
build	Cache Android SDK	2026-06-06T12:22:59.7791335Z /usr/bin/tar: ../../../../../usr/local/lib/android/sdk/platforms/android-34-ext8/data/res/values-de-watch: Cannot utime: Operation not permitted
build	Cache Android SDK	2026-06-06T12:22:59.7792246Z /usr/bin/tar: ../../../../../usr/local/lib/android/sdk/platforms/android-34-ext8/data/res/values-de-watch: Cannot change mode to rwxr-xr-x: Operation not permitted
build	Cache Android SDK	2026-06-06T12:22:59.7796189Z /usr/bin/tar: ../../../../../usr/local/lib/android/sdk/platforms/android-34-ext8/data/res/raw: Cannot utime: Operation not permitted
build	Cache Android SDK	2026-06-06T12:22:59.7797152Z /usr/bin/tar: ../../../../../usr/local/lib/android/sdk/platforms/android-34-ext8/data/res/raw: Cannot change mode to rwxr-xr-x: Operation not permitted
build	Cache Android SDK	2026-06-06T12:22:59.7799028Z /usr/bin/tar: ../../../../../usr/local/lib/android/sdk/platforms/android-34-ext8/data/res/values-mcc310-mnc380-ml: Cannot utime: Operation not permitted
build	Cache Android SDK	2026-06-06T12:22:59.7800065Z /usr/bin/tar: ../../../../../usr/local/lib/android/sdk/platforms/android-34-ext8/data/res/values-mcc310-mnc380-ml: Cannot change mode to rwxr-xr-x: Operation not permitted
build	Cache Android SDK	2026-06-06T12:22:59.7801853Z /usr/bin/tar: ../../../../../usr/local/lib/android/sdk/platforms/android-34-ext8/data/res/values-mcc310-mnc660-pt-rPT: Cannot utime: Operation not permitted
build	Cache Android SDK	2026-06-06T12:22:59.7802904Z /usr/bin/tar: ../../../../../usr/local/lib/android/sdk/platforms/android-34-ext8/data/res/values-mcc310-mnc660-pt-rPT: Cannot change mode to rwxr-xr-x: Operation not permitted
build	Cache Android SDK	2026-06-06T12:22:59.7804795Z /usr/bin/tar: ../../../../../usr/local/lib/android/sdk/platforms/android-34-ext8/data/res/values-mcc310-mnc800-zh-rCN: Cannot utime: Operation not permitted
build	Cache Android SDK	2026-06-06T12:22:59.7805773Z /usr/bin/tar: ../../../../../usr/local/lib/android/sdk/platforms/android-34-ext8/data/res/values-mcc310-mnc800-zh-rCN: Cannot change mode to rwxr-xr-x: Operation not permitted
build	Cache Android SDK	2026-06-06T12:22:59.7813803Z /usr/bin/tar: ../../../../../usr/local/lib/android/sdk/platforms/android-34-ext8/data/res/values-ky: Cannot utime: Operation not permitted
build	Cache Android SDK	2026-06-06T12:22:59.7814717Z /usr/bin/tar: ../../../../../usr/local/lib/android/sdk/platforms/android-34-ext8/data/res/values-ky: Cannot change mode to rwxr-xr-x: Operation not permitted
build	Cache Android SDK	2026-06-06T12:22:59.7820044Z /usr/bin/tar: ../../../../../usr/local/lib/android/sdk/platforms/android-34-ext8/data/res/values-mcc311-mnc180-my: Cannot utime: Operation not permitted
build	Cache Android SDK	2026-06-06T12:22:59.7821191Z /usr/bin/tar: ../../../../../usr/local/lib/android/sdk/platforms/android-34-ext8/data/res/values-mcc311-mnc180-my: Cannot change mode to rwxr-xr-x: Operation not permitted
build	Cache Android SDK	2026-06-06T12:22:59.7826215Z /usr/bin/tar: ../../../../../usr/local/lib/android/sdk/platforms/android-34-ext8/data/res/values-mcc310-mnc240-da: Cannot utime: Operation not permitted
build	Cache Android SDK	2026-06-06T12:22:59.7828040Z /usr/bin/tar: ../../../../../usr/local/lib/android/sdk/platforms/android-34-ext8/data/res/values-mcc310-mnc240-da: Cannot change mode to rwxr-xr-x: Operation not permitted
build	Cache Android SDK	2026-06-06T12:22:59.7829382Z /usr/bin/tar: ../../../../../usr/local/lib/android/sdk/platforms/android-34-ext8/data/res/values-mcc310-mnc660-fa: Cannot utime: Operation not permitted
build	Cache Android SDK	2026-06-06T12:22:59.7830428Z /usr/bin/tar: ../../../../../usr/local/lib/android/sdk/platforms/android-34-ext8/data/res/values-mcc310-mnc660-fa: Cannot change mode to rwxr-xr-x: Operation not permitted
build	Cache Android SDK	2026-06-06T12:22:59.7832401Z /usr/bin/tar: ../../../../../usr/local/lib/android/sdk/platforms/android-34-ext8/data/res/values-mcc310-mnc270-sr: Cannot utime: Operation not permitted
build	Cache Android SDK	2026-06-06T12:22:59.7833573Z /usr/bin/tar: ../../../../../usr/local/lib/android/sdk/platforms/android-34-ext8/data/res/values-mcc310-mnc270-sr: Cannot change mode to rwxr-xr-x: Operation not permitted
build	Cache Android SDK	2026-06-06T12:22:59.7835525Z /usr/bin/tar: ../../../../../usr/local/lib/android/sdk/platforms/android-34-ext8/data/res/values-mcc310-mnc220-en-rIN: Cannot utime: Operation not permitted
build	Cache Android SDK	2026-06-06T12:22:59.7836598Z /usr/bin/tar: ../../../../../usr/local/lib/android/sdk/platforms/android-34-ext8/data/res/values-mcc310-mnc220-en-rIN: Cannot change mode to rwxr-xr-x: Operation not permitted
build	Cache Android SDK	2026-06-06T12:22:59.7843885Z /usr/bin/tar: ../../../../../usr/local/lib/android/sdk/platforms/android-34-ext8/data/res/values-bg: Cannot utime: Operation not permitted
build	Cache Android SDK	2026-06-06T12:22:59.7844806Z /usr/bin/tar: ../../../../../usr/local/lib/android/sdk/platforms/android-34-ext8/data/res/values-bg: Cannot change mode to rwxr-xr-x: Operation not permitted
build	Cache Android SDK	2026-06-06T12:22:59.7846966Z /usr/bin/tar: ../../../../../usr/local/lib/android/sdk/platforms/android-34-ext8/data/res/values-mcc310-mnc200-kn: Cannot utime: Operation not permitted
build	Cache Android SDK	2026-06-06T12:22:59.7848081Z /usr/bin/tar: ../../../../../usr/local/lib/android/sdk/platforms/android-34-ext8/data/res/values-mcc310-mnc200-kn: Cannot change mode to rwxr-xr-x: Operation not permitted
build	Cache Android SDK	2026-06-06T12:22:59.7892762Z /usr/bin/tar: ../../../../../usr/local/lib/android/sdk/platforms/android-34-ext8/data/res/values-mcc310-mnc230-nb: Cannot utime: Operation not permitted
build	Cache Android SDK	2026-06-06T12:22:59.7893727Z /usr/bin/tar: ../../../../../usr/local/lib/android/sdk/platforms/android-34-ext8/data/res/values-mcc310-mnc230-nb: Cannot change mode to rwxr-xr-x: Operation not permitted
build	Cache Android SDK	2026-06-06T12:22:59.7896557Z /usr/bin/tar: ../../../../../usr/local/lib/android/sdk/platforms/android-34-ext8/data/res/values-mcc310-mnc280-af: Cannot utime: Operation not permitted
build	Cache Android SDK	2026-06-06T12:22:59.7897921Z /usr/bin/tar: ../../../../../usr/local/lib/android/sdk/platforms/android-34-ext8/data/res/values-mcc310-mnc280-af: Cannot change mode to rwxr-xr-x: Operation not permitted
build	Cache Android SDK	2026-06-06T12:22:59.7903452Z /usr/bin/tar: ../../../../../usr/local/lib/android/sdk/platforms/android-34-ext8/data/res/values-mcc310-mnc800-te: Cannot utime: Operation not permitted
build	Cache Android SDK	2026-06-06T12:22:59.7904424Z /usr/bin/tar: ../../../../../usr/local/lib/android/sdk/platforms/android-34-ext8/data/res/values-mcc310-mnc800-te: Cannot change mode to rwxr-xr-x: Operation not permitted
build	Cache Android SDK	2026-06-06T12:22:59.7906760Z /usr/bin/tar: ../../../../../usr/local/lib/android/sdk/platforms/android-34-ext8/data/res/values-gl-watch: Cannot utime: Operation not permitted
build	Cache Android SDK	2026-06-06T12:22:59.7908099Z /usr/bin/tar: ../../../../../usr/local/lib/android/sdk/platforms/android-34-ext8/data/res/values-gl-watch: Cannot change mode to rwxr-xr-x: Operation not permitted
build	Cache Android SDK	2026-06-06T12:22:59.7910785Z /usr/bin/tar: ../../../../../usr/local/lib/android/sdk/platforms/android-34-ext8/data/res/values-mcc310-mnc240-hu: Cannot utime: Operation not permitted
build	Cache Android SDK	2026-06-06T12:22:59.7912558Z /usr/bin/tar: ../../../../../usr/local/lib/android/sdk/platforms/android-34-ext8/data/res/values-mcc310-mnc240-hu: Cannot change mode to rwxr-xr-x: Operation not permitted
build	Cache Android SDK	2026-06-06T12:22:59.7913904Z /usr/bin/tar: ../../../../../usr/local/lib/android/sdk/platforms/android-34-ext8/data/res/values-mcc310-mnc950-bs: Cannot utime: Operation not permitted
build	Cache Android SDK	2026-06-06T12:22:59.7915060Z /usr/bin/tar: ../../../../../usr/local/lib/android/sdk/platforms/android-34-ext8/data/res/values-mcc310-mnc950-bs: Cannot change mode to rwxr-xr-x: Operation not permitted
build	Cache Android SDK	2026-06-06T12:22:59.7916886Z /usr/bin/tar: ../../../../../usr/local/lib/android/sdk/platforms/android-34-ext8/data/res/values-bn-television: Cannot utime: Operation not permitted
build	Cache Android SDK	2026-06-06T12:22:59.7918042Z /usr/bin/tar: ../../../../../usr/local/lib/android/sdk/platforms/android-34-ext8/data/res/values-bn-television: Cannot change mode to rwxr-xr-x: Operation not permitted
build	Cache Android SDK	2026-06-06T12:22:59.7920561Z /usr/bin/tar: ../../../../../usr/local/lib/android/sdk/platforms/android-34-ext8/data/res/values-mcc310-mnc250-te: Cannot utime: Operation not permitted
build	Cache Android SDK	2026-06-06T12:22:59.7921513Z /usr/bin/tar: ../../../../../usr/local/lib/android/sdk/platforms/android-34-ext8/data/res/values-mcc310-mnc250-te: Cannot change mode to rwxr-xr-x: Operation not permitted
build	Cache Android SDK	2026-06-06T12:22:59.7923667Z /usr/bin/tar: ../../../../../usr/local/lib/android/sdk/platforms/android-34-ext8/data/res/values-mcc302-mnc720-cs: Cannot utime: Operation not permitted
build	Cache Android SDK	2026-06-06T12:22:59.7924841Z /usr/bin/tar: ../../../../../usr/local/lib/android/sdk/platforms/android-34-ext8/data/res/values-mcc302-mnc720-cs: Cannot change mode to rwxr-xr-x: Operation not permitted
build	Cache Android SDK	2026-06-06T12:22:59.7926832Z /usr/bin/tar: ../../../../../usr/local/lib/android/sdk/platforms/android-34-ext8/data/res/values-mcc310-mnc410-or: Cannot utime: Operation not permitted
build	Cache Android SDK	2026-06-06T12:22:59.7928214Z /usr/bin/tar: ../../../../../usr/local/lib/android/sdk/platforms/android-34-ext8/data/res/values-mcc310-mnc410-or: Cannot change mode to rwxr-xr-x: Operation not permitted
build	Cache Android SDK	2026-06-06T12:22:59.7929972Z /usr/bin/tar: ../../../../../usr/local/lib/android/sdk/platforms/android-34-ext8/data/res/values-mcc313-mnc100-af: Cannot utime: Operation not permitted
build	Cache Android SDK	2026-06-06T12:22:59.7931070Z /usr/bin/tar: ../../../../../usr/local/lib/android/sdk/platforms/android-34-ext8/data/res/values-mcc313-mnc100-af: Cannot change mode to rwxr-xr-x: Operation not permitted
build	Cache Android SDK	2026-06-06T12:22:59.7933101Z /usr/bin/tar: ../../../../../usr/local/lib/android/sdk/platforms/android-34-ext8/data/res/values-mcc310-mnc170-zu: Cannot utime: Operation not permitted
build	Cache Android SDK	2026-06-06T12:22:59.7934188Z /usr/bin/tar: ../../../../../usr/local/lib/android/sdk/platforms/android-34-ext8/data/res/values-mcc310-mnc170-zu: Cannot change mode to rwxr-xr-x: Operation not permitted
build	Cache Android SDK	2026-06-06T12:22:59.7937037Z /usr/bin/tar: ../../../../../usr/local/lib/android/sdk/platforms/android-34-ext8/data/res/values-mcc311-mnc180-vi: Cannot utime: Operation not permitted
build	Cache Android SDK	2026-06-06T12:22:59.7938519Z /usr/bin/tar: ../../../../../usr/local/lib/android/sdk/platforms/android-34-ext8/data/res/values-mcc311-mnc180-vi: Cannot change mode to rwxr-xr-x: Operation not permitted
build	Cache Android SDK	2026-06-06T12:22:59.7942120Z /usr/bin/tar: ../../../../../usr/local/lib/android/sdk/platforms/android-34-ext8/data/res/values-ca-television: Cannot utime: Operation not permitted
build	Cache Android SDK	2026-06-06T12:22:59.7943356Z /usr/bin/tar: ../../../../../usr/local/lib/android/sdk/platforms/android-34-ext8/data/res/values-ca-television: Cannot change mode to rwxr-xr-x: Operation not permitted
build	Cache Android SDK	2026-06-06T12:22:59.7947153Z /usr/bin/tar: ../../../../../usr/local/lib/android/sdk/platforms/android-34-ext8/data/res/values-mcc001-mnc01-pa: Cannot utime: Operation not permitted
build	Cache Android SDK	2026-06-06T12:22:59.7948308Z /usr/bin/tar: ../../../../../usr/local/lib/android/sdk/platforms/android-34-ext8/data/res/values-mcc001-mnc01-pa: Cannot change mode to rwxr-xr-x: Operation not permitted
build	Cache Android SDK	2026-06-06T12:22:59.7951838Z /usr/bin/tar: ../../../../../usr/local/lib/android/sdk/platforms/android-34-ext8/data/res/values-mcc302-mnc720-ar: Cannot utime: Operation not permitted
build	Cache Android SDK	2026-06-06T12:22:59.7952791Z /usr/bin/tar: ../../../../../usr/local/lib/android/sdk/platforms/android-34-ext8/data/res/values-mcc302-mnc720-ar: Cannot change mode to rwxr-xr-x: Operation not permitted
build	Cache Android SDK	2026-06-06T12:22:59.7955536Z /usr/bin/tar: ../../../../../usr/local/lib/android/sdk/platforms/android-34-ext8/data/res/values-mcc001-mnc01-ka: Cannot utime: Operation not permitted
build	Cache Android SDK	2026-06-06T12:22:59.7956498Z /usr/bin/tar: ../../../../../usr/local/lib/android/sdk/platforms/android-34-ext8/data/res/values-mcc001-mnc01-ka: Cannot change mode to rwxr-xr-x: Operation not permitted
build	Cache Android SDK	2026-06-06T12:22:59.7960650Z /usr/bin/tar: ../../../../../usr/local/lib/android/sdk/platforms/android-34-ext8/data/res/values-mcc310-mnc230-te: Cannot utime: Operation not permitted
build	Cache Android SDK	2026-06-06T12:22:59.7961698Z /usr/bin/tar: ../../../../../usr/local/lib/android/sdk/platforms/android-34-ext8/data/res/values-mcc310-mnc230-te: Cannot change mode to rwxr-xr-x: Operation not permitted
build	Cache Android SDK	2026-06-06T12:22:59.7964387Z /usr/bin/tar: ../../../../../usr/local/lib/android/sdk/platforms/android-34-ext8/data/res/values-mcc310-mnc030-or: Cannot utime: Operation not permitted
build	Cache Android SDK	2026-06-06T12:22:59.7965401Z /usr/bin/tar: ../../../../../usr/local/lib/android/sdk/platforms/android-34-ext8/data/res/values-mcc310-mnc030-or: Cannot change mode to rwxr-xr-x: Operation not permitted
build	Cache Android SDK	2026-06-06T12:22:59.7968184Z /usr/bin/tar: ../../../../../usr/local/lib/android/sdk/platforms/android-34-ext8/data/res/values-mcc310-mnc310-fr: Cannot utime: Operation not permitted
build	Cache Android SDK	2026-06-06T12:22:59.7969243Z /usr/bin/tar: ../../../../../usr/local/lib/android/sdk/platforms/android-34-ext8/data/res/values-mcc310-mnc310-fr: Cannot change mode to rwxr-xr-x: Operation not permitted
build	Cache Android SDK	2026-06-06T12:22:59.7971753Z /usr/bin/tar: ../../../../../usr/local/lib/android/sdk/platforms/android-34-ext8/data/res/values-mcc310-mnc210-ml: Cannot utime: Operation not permitted
build	Cache Android SDK	2026-06-06T12:22:59.7972900Z /usr/bin/tar: ../../../../../usr/local/lib/android/sdk/platforms/android-34-ext8/data/res/values-mcc310-mnc210-ml: Cannot change mode to rwxr-xr-x: Operation not permitted
build	Cache Android SDK	2026-06-06T12:22:59.7975625Z /usr/bin/tar: ../../../../../usr/local/lib/android/sdk/platforms/android-34-ext8/data/res/values-mcc310-mnc150-bg: Cannot utime: Operation not permitted
build	Cache Android SDK	2026-06-06T12:22:59.7976649Z /usr/bin/tar: ../../../../../usr/local/lib/android/sdk/platforms/android-34-ext8/data/res/values-mcc310-mnc150-bg: Cannot change mode to rwxr-xr-x: Operation not permitted
build	Cache Android SDK	2026-06-06T12:22:59.7979432Z /usr/bin/tar: ../../../../../usr/local/lib/android/sdk/platforms/android-34-ext8/data/res/values-mcc310-mnc230-ta: Cannot utime: Operation not permitted
build	Cache Android SDK	2026-06-06T12:22:59.7980468Z /usr/bin/tar: ../../../../../usr/local/lib/android/sdk/platforms/android-34-ext8/data/res/values-mcc310-mnc230-ta: Cannot change mode to rwxr-xr-x: Operation not permitted
build	Cache Android SDK	2026-06-06T12:22:59.7983303Z /usr/bin/tar: ../../../../../usr/local/lib/android/sdk/platforms/android-34-ext8/data/res/values-mcc310-mnc800-hr: Cannot utime: Operation not permitted
build	Cache Android SDK	2026-06-06T12:22:59.7984319Z /usr/bin/tar: ../../../../../usr/local/lib/android/sdk/platforms/android-34-ext8/data/res/values-mcc310-mnc800-hr: Cannot change mode to rwxr-xr-x: Operation not permitted
build	Cache Android SDK	2026-06-06T12:22:59.7986851Z /usr/bin/tar: ../../../../../usr/local/lib/android/sdk/platforms/android-34-ext8/data/res/values-mcc310-mnc240-sq: Cannot utime: Operation not permitted
build	Cache Android SDK	2026-06-06T12:22:59.7988181Z /usr/bin/tar: ../../../../../usr/local/lib/android/sdk/platforms/android-34-ext8/data/res/values-mcc310-mnc240-sq: Cannot change mode to rwxr-xr-x: Operation not permitted
build	Cache Android SDK	2026-06-06T12:22:59.7991616Z /usr/bin/tar: ../../../../../usr/local/lib/android/sdk/platforms/android-34-ext8/data/res/values-mcc311-mnc180-pt: Cannot utime: Operation not permitted
build	Cache Android SDK	2026-06-06T12:22:59.7992581Z /usr/bin/tar: ../../../../../usr/local/lib/android/sdk/platforms/android-34-ext8/data/res/values-mcc311-mnc180-pt: Cannot change mode to rwxr-xr-x: Operation not permitted
build	Cache Android SDK	2026-06-06T12:22:59.7994976Z /usr/bin/tar: ../../../../../usr/local/lib/android/sdk/platforms/android-34-ext8/data/res/values-mcc310-mnc660-hy: Cannot utime: Operation not permitted
build	Cache Android SDK	2026-06-06T12:22:59.7995921Z /usr/bin/tar: ../../../../../usr/local/lib/android/sdk/platforms/android-34-ext8/data/res/values-mcc310-mnc660-hy: Cannot change mode to rwxr-xr-x: Operation not permitted
build	Cache Android SDK	2026-06-06T12:22:59.7998802Z /usr/bin/tar: ../../../../../usr/local/lib/android/sdk/platforms/android-34-ext8/data/res/values-mcc001-mnc01: Cannot utime: Operation not permitted
build	Cache Android SDK	2026-06-06T12:22:59.7999907Z /usr/bin/tar: ../../../../../usr/local/lib/android/sdk/platforms/android-34-ext8/data/res/values-mcc001-mnc01: Cannot change mode to rwxr-xr-x: Operation not permitted
build	Cache Android SDK	2026-06-06T12:22:59.8001632Z /usr/bin/tar: ../../../../../usr/local/lib/android/sdk/platforms/android-34-ext8/data/res/values-mcc310-mnc220-sl: Cannot utime: Operation not permitted
build	Cache Android SDK	2026-06-06T12:22:59.8002761Z /usr/bin/tar: ../../../../../usr/local/lib/android/sdk/platforms/android-34-ext8/data/res/values-mcc310-mnc220-sl: Cannot change mode to rwxr-xr-x: Operation not permitted
build	Cache Android SDK	2026-06-06T12:22:59.8004996Z /usr/bin/tar: ../../../../../usr/local/lib/android/sdk/platforms/android-34-ext8/data/res/values-mcc310-mnc560-fi: Cannot utime: Operation not permitted
build	Cache Android SDK	2026-06-06T12:22:59.8006084Z /usr/bin/tar: ../../../../../usr/local/lib/android/sdk/platforms/android-34-ext8/data/res/values-mcc310-mnc560-fi: Cannot change mode to rwxr-xr-x: Operation not permitted
build	Cache Android SDK	2026-06-06T12:22:59.8008670Z /usr/bin/tar: ../../../../../usr/local/lib/android/sdk/platforms/android-34-ext8/data/res/values-mcc312-mnc670-en-rCA: Cannot utime: Operation not permitted
build	Cache Android SDK	2026-06-06T12:22:59.8009738Z /usr/bin/tar: ../../../../../usr/local/lib/android/sdk/platforms/android-34-ext8/data/res/values-mcc312-mnc670-en-rCA: Cannot change mode to rwxr-xr-x: Operation not permitted
build	Cache Android SDK	2026-06-06T12:22:59.8011541Z /usr/bin/tar: ../../../../../usr/local/lib/android/sdk/platforms/android-34-ext8/data/res/values-mcc312-mnc670-fa: Cannot utime: Operation not permitted
build	Cache Android SDK	2026-06-06T12:22:59.8012537Z /usr/bin/tar: ../../../../../usr/local/lib/android/sdk/platforms/android-34-ext8/data/res/values-mcc312-mnc670-fa: Cannot change mode to rwxr-xr-x: Operation not permitted
build	Cache Android SDK	2026-06-06T12:22:59.8014958Z /usr/bin/tar: ../../../../../usr/local/lib/android/sdk/platforms/android-34-ext8/data/res/values-mcc310-mnc230-ne: Cannot utime: Operation not permitted
build	Cache Android SDK	2026-06-06T12:22:59.8015935Z /usr/bin/tar: ../../../../../usr/local/lib/android/sdk/platforms/android-34-ext8/data/res/values-mcc310-mnc230-ne: Cannot change mode to rwxr-xr-x: Operation not permitted
build	Cache Android SDK	2026-06-06T12:22:59.8018858Z /usr/bin/tar: ../../../../../usr/local/lib/android/sdk/platforms/android-34-ext8/data/res/values-es-rCR: Cannot utime: Operation not permitted
build	Cache Android SDK	2026-06-06T12:22:59.8020291Z /usr/bin/tar: ../../../../../usr/local/lib/android/sdk/platforms/android-34-ext8/data/res/values-es-rCR: Cannot change mode to rwxr-xr-x: Operation not permitted
build	Cache Android SDK	2026-06-06T12:22:59.8021999Z /usr/bin/tar: ../../../../../usr/local/lib/android/sdk/platforms/android-34-ext8/data/res/values-mcc312-mnc670-en-rGB: Cannot utime: Operation not permitted
build	Cache Android SDK	2026-06-06T12:22:59.8023247Z /usr/bin/tar: ../../../../../usr/local/lib/android/sdk/platforms/android-34-ext8/data/res/values-mcc312-mnc670-en-rGB: Cannot change mode to rwxr-xr-x: Operation not permitted
build	Cache Android SDK	2026-06-06T12:22:59.8024815Z /usr/bin/tar: ../../../../../usr/local/lib/android/sdk/platforms/android-34-ext8/data/res/values-mcc310-mnc950-bg: Cannot utime: Operation not permitted
build	Cache Android SDK	2026-06-06T12:22:59.8025838Z /usr/bin/tar: ../../../../../usr/local/lib/android/sdk/platforms/android-34-ext8/data/res/values-mcc310-mnc950-bg: Cannot change mode to rwxr-xr-x: Operation not permitted
build	Cache Android SDK	2026-06-06T12:22:59.8028863Z /usr/bin/tar: ../../../../../usr/local/lib/android/sdk/platforms/android-34-ext8/data/res/values-mcc310-mnc210-be: Cannot utime: Operation not permitted
build	Cache Android SDK	2026-06-06T12:22:59.8029840Z /usr/bin/tar: ../../../../../usr/local/lib/android/sdk/platforms/android-34-ext8/data/res/values-mcc310-mnc210-be: Cannot change mode to rwxr-xr-x: Operation not permitted
build	Cache Android SDK	2026-06-06T12:22:59.8032796Z /usr/bin/tar: ../../../../../usr/local/lib/android/sdk/platforms/android-34-ext8/data/res/values-mcc302-mnc720-tr: Cannot utime: Operation not permitted
build	Cache Android SDK	2026-06-06T12:22:59.8033901Z /usr/bin/tar: ../../../../../usr/local/lib/android/sdk/platforms/android-34-ext8/data/res/values-mcc302-mnc720-tr: Cannot change mode to rwxr-xr-x: Operation not permitted
build	Cache Android SDK	2026-06-06T12:22:59.8036125Z /usr/bin/tar: ../../../../../usr/local/lib/android/sdk/platforms/android-34-ext8/data/res/values-mcc310-mnc240-ar: Cannot utime: Operation not permitted
build	Cache Android SDK	2026-06-06T12:22:59.8037094Z /usr/bin/tar: ../../../../../usr/local/lib/android/sdk/platforms/android-34-ext8/data/res/values-mcc310-mnc240-ar: Cannot change mode to rwxr-xr-x: Operation not permitted
build	Cache Android SDK	2026-06-06T12:22:59.8039712Z /usr/bin/tar: ../../../../../usr/local/lib/android/sdk/platforms/android-34-ext8/data/res/values-mcc310-mnc220-vi: Cannot utime: Operation not permitted
build	Cache Android SDK	2026-06-06T12:22:59.8040886Z /usr/bin/tar: ../../../../../usr/local/lib/android/sdk/platforms/android-34-ext8/data/res/values-mcc310-mnc220-vi: Cannot change mode to rwxr-xr-x: Operation not permitted
build	Cache Android SDK	2026-06-06T12:22:59.8042411Z /usr/bin/tar: ../../../../../usr/local/lib/android/sdk/platforms/android-34-ext8/data/res/values-mcc310-mnc310-ja: Cannot utime: Operation not permitted
build	Cache Android SDK	2026-06-06T12:22:59.8043450Z /usr/bin/tar: ../../../../../usr/local/lib/android/sdk/platforms/android-34-ext8/data/res/values-mcc310-mnc310-ja: Cannot change mode to rwxr-xr-x: Operation not permitted
build	Cache Android SDK	2026-06-06T12:22:59.8048906Z /usr/bin/tar: ../../../../../usr/local/lib/android/sdk/platforms/android-34-ext8/data/res/values-mcc310-mnc150-fr: Cannot utime: Operation not permitted
build	Cache Android SDK	2026-06-06T12:22:59.8050056Z /usr/bin/tar: ../../../../../usr/local/lib/android/sdk/platforms/android-34-ext8/data/res/values-mcc310-mnc150-fr: Cannot change mode to rwxr-xr-x: Operation not permitted
build	Cache Android SDK	2026-06-06T12:22:59.8054333Z /usr/bin/tar: ../../../../../usr/local/lib/android/sdk/platforms/android-34-ext8/data/res/values-mcc310-mnc280-iw: Cannot utime: Operation not permitted
build	Cache Android SDK	2026-06-06T12:22:59.8056275Z /usr/bin/tar: ../../../../../usr/local/lib/android/sdk/platforms/android-34-ext8/data/res/values-mcc310-mnc280-iw: Cannot change mode to rwxr-xr-x: Operation not permitted
build	Cache Android SDK	2026-06-06T12:22:59.8058104Z /usr/bin/tar: ../../../../../usr/local/lib/android/sdk/platforms/android-34-ext8/data/res/values-mcc310-mnc950-ar: Cannot utime: Operation not permitted
build	Cache Android SDK	2026-06-06T12:22:59.8059657Z /usr/bin/tar: ../../../../../usr/local/lib/android/sdk/platforms/android-34-ext8/data/res/values-mcc310-mnc950-ar: Cannot change mode to rwxr-xr-x: Operation not permitted
build	Cache Android SDK	2026-06-06T12:22:59.8061202Z /usr/bin/tar: ../../../../../usr/local/lib/android/sdk/platforms/android-34-ext8/data/res/values-mcc310-mnc160-gl: Cannot utime: Operation not permitted
build	Cache Android SDK	2026-06-06T12:22:59.8062496Z /usr/bin/tar: ../../../../../usr/local/lib/android/sdk/platforms/android-34-ext8/data/res/values-mcc310-mnc160-gl: Cannot change mode to rwxr-xr-x: Operation not permitted
build	Cache Android SDK	2026-06-06T12:22:59.8064101Z /usr/bin/tar: ../../../../../usr/local/lib/android/sdk/platforms/android-34-ext8/data/res/values-mcc310-mnc250-tr: Cannot utime: Operation not permitted
build	Cache Android SDK	2026-06-06T12:22:59.8065151Z /usr/bin/tar: ../../../../../usr/local/lib/android/sdk/platforms/android-34-ext8/data/res/values-mcc310-mnc250-tr: Cannot change mode to rwxr-xr-x: Operation not permitted
build	Cache Android SDK	2026-06-06T12:22:59.8066901Z /usr/bin/tar: ../../../../../usr/local/lib/android/sdk/platforms/android-34-ext8/data/res/values-mcc313-mnc100-es-rUS: Cannot utime: Operation not permitted
build	Cache Android SDK	2026-06-06T12:22:59.8068150Z /usr/bin/tar: ../../../../../usr/local/lib/android/sdk/platforms/android-34-ext8/data/res/values-mcc313-mnc100-es-rUS: Cannot change mode to rwxr-xr-x: Operation not permitted
build	Cache Android SDK	2026-06-06T12:22:59.8071892Z /usr/bin/tar: ../../../../../usr/local/lib/android/sdk/platforms/android-34-ext8/data/res/values-mcc310-mnc250-hy: Cannot utime: Operation not permitted
build	Cache Android SDK	2026-06-06T12:22:59.8072934Z /usr/bin/tar: ../../../../../usr/local/lib/android/sdk/platforms/android-34-ext8/data/res/values-mcc310-mnc250-hy: Cannot change mode to rwxr-xr-x: Operation not permitted
build	Cache Android SDK	2026-06-06T12:22:59.8075873Z /usr/bin/tar: ../../../../../usr/local/lib/android/sdk/platforms/android-34-ext8/data/res/values-mcc310-mnc950-in: Cannot utime: Operation not permitted
build	Cache Android SDK	2026-06-06T12:22:59.8077052Z /usr/bin/tar: ../../../../../usr/local/lib/android/sdk/platforms/android-34-ext8/data/res/values-mcc310-mnc950-in: Cannot change mode to rwxr-xr-x: Operation not permitted
build	Cache Android SDK	2026-06-06T12:22:59.8078433Z /usr/bin/tar: ../../../../../usr/local/lib/android/sdk/platforms/android-34-ext8/data/res/values-mcc310-mnc270-sk: Cannot utime: Operation not permitted
build	Cache Android SDK	2026-06-06T12:22:59.8079394Z /usr/bin/tar: ../../../../../usr/local/lib/android/sdk/platforms/android-34-ext8/data/res/values-mcc310-mnc270-sk: Cannot change mode to rwxr-xr-x: Operation not permitted
build	Cache Android SDK	2026-06-06T12:22:59.8081850Z /usr/bin/tar: ../../../../../usr/local/lib/android/sdk/platforms/android-34-ext8/data/res/values-mcc310-mnc230-iw: Cannot utime: Operation not permitted
build	Cache Android SDK	2026-06-06T12:22:59.8082818Z /usr/bin/tar: ../../../../../usr/local/lib/android/sdk/platforms/android-34-ext8/data/res/values-mcc310-mnc230-iw: Cannot change mode to rwxr-xr-x: Operation not permitted
build	Cache Android SDK	2026-06-06T12:22:59.8085667Z /usr/bin/tar: ../../../../../usr/local/lib/android/sdk/platforms/android-34-ext8/data/res/values-mcc310-mnc230-en-rAU: Cannot utime: Operation not permitted
build	Cache Android SDK	2026-06-06T12:22:59.8086664Z /usr/bin/tar: ../../../../../usr/local/lib/android/sdk/platforms/android-34-ext8/data/res/values-mcc310-mnc230-en-rAU: Cannot change mode to rwxr-xr-x: Operation not permitted
build	Cache Android SDK	2026-06-06T12:22:59.8089071Z /usr/bin/tar: ../../../../../usr/local/lib/android/sdk/platforms/android-34-ext8/data/res/values-ru-rRU: Cannot utime: Operation not permitted
build	Cache Android SDK	2026-06-06T12:22:59.8090093Z /usr/bin/tar: ../../../../../usr/local/lib/android/sdk/platforms/android-34-ext8/data/res/values-ru-rRU: Cannot change mode to rwxr-xr-x: Operation not permitted
build	Cache Android SDK	2026-06-06T12:22:59.8095934Z /usr/bin/tar: ../../../../../usr/local/lib/android/sdk/platforms/android-34-ext8/data/res/values-uk: Cannot utime: Operation not permitted
build	Cache Android SDK	2026-06-06T12:22:59.8096827Z /usr/bin/tar: ../../../../../usr/local/lib/android/sdk/platforms/android-34-ext8/data/res/values-uk: Cannot change mode to rwxr-xr-x: Operation not permitted
build	Cache Android SDK	2026-06-06T12:22:59.8102673Z /usr/bin/tar: ../../../../../usr/local/lib/android/sdk/platforms/android-34-ext8/data/res/values-mcc310-mnc310-sv: Cannot utime: Operation not permitted
build	Cache Android SDK	2026-06-06T12:22:59.8104159Z /usr/bin/tar: ../../../../../usr/local/lib/android/sdk/platforms/android-34-ext8/data/res/values-mcc310-mnc310-sv: Cannot change mode to rwxr-xr-x: Operation not permitted
build	Cache Android SDK	2026-06-06T12:22:59.8105480Z /usr/bin/tar: ../../../../../usr/local/lib/android/sdk/platforms/android-34-ext8/data/res/values-mcc310-mnc230-it: Cannot utime: Operation not permitted
build	Cache Android SDK	2026-06-06T12:22:59.8106473Z /usr/bin/tar: ../../../../../usr/local/lib/android/sdk/platforms/android-34-ext8/data/res/values-mcc310-mnc230-it: Cannot change mode to rwxr-xr-x: Operation not permitted
build	Cache Android SDK	2026-06-06T12:22:59.8108554Z /usr/bin/tar: ../../../../../usr/local/lib/android/sdk/platforms/android-34-ext8/data/res/values-eu-television: Cannot utime: Operation not permitted
build	Cache Android SDK	2026-06-06T12:22:59.8109549Z /usr/bin/tar: ../../../../../usr/local/lib/android/sdk/platforms/android-34-ext8/data/res/values-eu-television: Cannot change mode to rwxr-xr-x: Operation not permitted
build	Cache Android SDK	2026-06-06T12:22:59.8112481Z /usr/bin/tar: ../../../../../usr/local/lib/android/sdk/platforms/android-34-ext8/data/res/values-zh-rHK-television: Cannot utime: Operation not permitted
build	Cache Android SDK	2026-06-06T12:22:59.8113493Z /usr/bin/tar: ../../../../../usr/local/lib/android/sdk/platforms/android-34-ext8/data/res/values-zh-rHK-television: Cannot change mode to rwxr-xr-x: Operation not permitted
build	Cache Android SDK	2026-06-06T12:22:59.8115346Z /usr/bin/tar: ../../../../../usr/local/lib/android/sdk/platforms/android-34-ext8/data/res/values-mcc310-mnc490-cs: Cannot utime: Operation not permitted
build	Cache Android SDK	2026-06-06T12:22:59.8116324Z /usr/bin/tar: ../../../../../usr/local/lib/android/sdk/platforms/android-34-ext8/data/res/values-mcc310-mnc490-cs: Cannot change mode to rwxr-xr-x: Operation not permitted
build	Cache Android SDK	2026-06-06T12:22:59.8119536Z /usr/bin/tar: ../../../../../usr/local/lib/android/sdk/platforms/android-34-ext8/data/res/values-mcc310-mnc800-zh-rTW: Cannot utime: Operation not permitted
build	Cache Android SDK	2026-06-06T12:22:59.8121023Z /usr/bin/tar: ../../../../../usr/local/lib/android/sdk/platforms/android-34-ext8/data/res/values-mcc310-mnc800-zh-rTW: Cannot change mode to rwxr-xr-x: Operation not permitted
build	Cache Android SDK	2026-06-06T12:22:59.8122257Z /usr/bin/tar: ../../../../../usr/local/lib/android/sdk/platforms/android-34-ext8/data/res/values-es-rPA: Cannot utime: Operation not permitted
build	Cache Android SDK	2026-06-06T12:22:59.8123173Z /usr/bin/tar: ../../../../../usr/local/lib/android/sdk/platforms/android-34-ext8/data/res/values-es-rPA: Cannot change mode to rwxr-xr-x: Operation not permitted
build	Cache Android SDK	2026-06-06T12:22:59.8125017Z /usr/bin/tar: ../../../../../usr/local/lib/android/sdk/platforms/android-34-ext8/data/res/values-mcc001-mnc01-mk: Cannot utime: Operation not permitted
build	Cache Android SDK	2026-06-06T12:22:59.8126002Z /usr/bin/tar: ../../../../../usr/local/lib/android/sdk/platforms/android-34-ext8/data/res/values-mcc001-mnc01-mk: Cannot change mode to rwxr-xr-x: Operation not permitted
build	Cache Android SDK	2026-06-06T12:22:59.8128790Z /usr/bin/tar: ../../../../../usr/local/lib/android/sdk/platforms/android-34-ext8/data/res/values-mk-watch: Cannot utime: Operation not permitted
build	Cache Android SDK	2026-06-06T12:22:59.8129728Z /usr/bin/tar: ../../../../../usr/local/lib/android/sdk/platforms/android-34-ext8/data/res/values-mk-watch: Cannot change mode to rwxr-xr-x: Operation not permitted
build	Cache Android SDK	2026-06-06T12:22:59.8132567Z /usr/bin/tar: ../../../../../usr/local/lib/android/sdk/platforms/android-34-ext8/data/res/values-mcc310-mnc150-am: Cannot utime: Operation not permitted
build	Cache Android SDK	2026-06-06T12:22:59.8134315Z /usr/bin/tar: ../../../../../usr/local/lib/android/sdk/platforms/android-34-ext8/data/res/values-mcc310-mnc150-am: Cannot change mode to rwxr-xr-x: Operation not permitted
build	Cache Android SDK	2026-06-06T12:22:59.8136954Z /usr/bin/tar: ../../../../../usr/local/lib/android/sdk/platforms/android-34-ext8/data/res/values-mcc310-mnc250-hr: Cannot utime: Operation not permitted
build	Cache Android SDK	2026-06-06T12:22:59.8138168Z /usr/bin/tar: ../../../../../usr/local/lib/android/sdk/platforms/android-34-ext8/data/res/values-mcc310-mnc250-hr: Cannot change mode to rwxr-xr-x: Operation not permitted
build	Cache Android SDK	2026-06-06T12:22:59.8140674Z /usr/bin/tar: ../../../../../usr/local/lib/android/sdk/platforms/android-34-ext8/data/res/values-mcc334-mnc020-fr: Cannot utime: Operation not permitted
build	Cache Android SDK	2026-06-06T12:22:59.8141639Z /usr/bin/tar: ../../../../../usr/local/lib/android/sdk/platforms/android-34-ext8/data/res/values-mcc334-mnc020-fr: Cannot change mode to rwxr-xr-x: Operation not permitted
build	Cache Android SDK	2026-06-06T12:22:59.8144135Z /usr/bin/tar: ../../../../../usr/local/lib/android/sdk/platforms/android-34-ext8/data/res/values-mcc310-mnc220-uk: Cannot utime: Operation not permitted
build	Cache Android SDK	2026-06-06T12:22:59.8145102Z /usr/bin/tar: ../../../../../usr/local/lib/android/sdk/platforms/android-34-ext8/data/res/values-mcc310-mnc220-uk: Cannot change mode to rwxr-xr-x: Operation not permitted
build	Cache Android SDK	2026-06-06T12:22:59.8147123Z /usr/bin/tar: ../../../../../usr/local/lib/android/sdk/platforms/android-34-ext8/data/res/values-mcc313-mnc100-te: Cannot utime: Operation not permitted
build	Cache Android SDK	2026-06-06T12:22:59.8148256Z /usr/bin/tar: ../../../../../usr/local/lib/android/sdk/platforms/android-34-ext8/data/res/values-mcc313-mnc100-te: Cannot change mode to rwxr-xr-x: Operation not permitted
build	Cache Android SDK	2026-06-06T12:22:59.8151030Z /usr/bin/tar: ../../../../../usr/local/lib/android/sdk/platforms/android-34-ext8/data/res/values-si-watch: Cannot utime: Operation not permitted
build	Cache Android SDK	2026-06-06T12:22:59.8151962Z /usr/bin/tar: ../../../../../usr/local/lib/android/sdk/platforms/android-34-ext8/data/res/values-si-watch: Cannot change mode to rwxr-xr-x: Operation not permitted
build	Cache Android SDK	2026-06-06T12:22:59.8154013Z /usr/bin/tar: ../../../../../usr/local/lib/android/sdk/platforms/android-34-ext8/data/res/values-mcc310-mnc270-lo: Cannot utime: Operation not permitted
build	Cache Android SDK	2026-06-06T12:22:59.8154982Z /usr/bin/tar: ../../../../../usr/local/lib/android/sdk/platforms/android-34-ext8/data/res/values-mcc310-mnc270-lo: Cannot change mode to rwxr-xr-x: Operation not permitted
build	Cache Android SDK	2026-06-06T12:22:59.8157881Z /usr/bin/tar: ../../../../../usr/local/lib/android/sdk/platforms/android-34-ext8/data/res/values-mcc310-mnc170-km: Cannot utime: Operation not permitted
build	Cache Android SDK	2026-06-06T12:22:59.8158879Z /usr/bin/tar: ../../../../../usr/local/lib/android/sdk/platforms/android-34-ext8/data/res/values-mcc310-mnc170-km: Cannot change mode to rwxr-xr-x: Operation not permitted
build	Cache Android SDK	2026-06-06T12:22:59.8161281Z /usr/bin/tar: ../../../../../usr/local/lib/android/sdk/platforms/android-34-ext8/data/res/values-mcc310-mnc660-af: Cannot utime: Operation not permitted
build	Cache Android SDK	2026-06-06T12:22:59.8162411Z /usr/bin/tar: ../../../../../usr/local/lib/android/sdk/platforms/android-34-ext8/data/res/values-mcc310-mnc660-af: Cannot change mode to rwxr-xr-x: Operation not permitted
build	Cache Android SDK	2026-06-06T12:22:59.8164295Z /usr/bin/tar: ../../../../../usr/local/lib/android/sdk/platforms/android-34-ext8/data/res/values-mcc001-mnc01-it: Cannot utime: Operation not permitted
build	Cache Android SDK	2026-06-06T12:22:59.8165332Z /usr/bin/tar: ../../../../../usr/local/lib/android/sdk/platforms/android-34-ext8/data/res/values-mcc001-mnc01-it: Cannot change mode to rwxr-xr-x: Operation not permitted
build	Cache Android SDK	2026-06-06T12:22:59.8168508Z /usr/bin/tar: ../../../../../usr/local/lib/android/sdk/platforms/android-34-ext8/data/res/values-mcc310-mnc280-th: Cannot utime: Operation not permitted
build	Cache Android SDK	2026-06-06T12:22:59.8169461Z /usr/bin/tar: ../../../../../usr/local/lib/android/sdk/platforms/android-34-ext8/data/res/values-mcc310-mnc280-th: Cannot change mode to rwxr-xr-x: Operation not permitted
build	Cache Android SDK	2026-06-06T12:22:59.8172552Z /usr/bin/tar: ../../../../../usr/local/lib/android/sdk/platforms/android-34-ext8/data/res/values-mcc310-mnc380-mk: Cannot utime: Operation not permitted
build	Cache Android SDK	2026-06-06T12:22:59.8173521Z /usr/bin/tar: ../../../../../usr/local/lib/android/sdk/platforms/android-34-ext8/data/res/values-mcc310-mnc380-mk: Cannot change mode to rwxr-xr-x: Operation not permitted
build	Cache Android SDK	2026-06-06T12:22:59.8177120Z /usr/bin/tar: ../../../../../usr/local/lib/android/sdk/platforms/android-34-ext8/data/res/values-mcc310-mnc250-is: Cannot utime: Operation not permitted
build	Cache Android SDK	2026-06-06T12:22:59.8178326Z /usr/bin/tar: ../../../../../usr/local/lib/android/sdk/platforms/android-34-ext8/data/res/values-mcc310-mnc250-is: Cannot change mode to rwxr-xr-x: Operation not permitted
build	Cache Android SDK	2026-06-06T12:22:59.8179497Z /usr/bin/tar: ../../../../../usr/local/lib/android/sdk/platforms/android-34-ext8/data/res/values-th-rTH: Cannot utime: Operation not permitted
build	Cache Android SDK	2026-06-06T12:22:59.8180392Z /usr/bin/tar: ../../../../../usr/local/lib/android/sdk/platforms/android-34-ext8/data/res/values-th-rTH: Cannot change mode to rwxr-xr-x: Operation not permitted
build	Cache Android SDK	2026-06-06T12:22:59.8182801Z /usr/bin/tar: ../../../../../usr/local/lib/android/sdk/platforms/android-34-ext8/data/res/values-mcc310-mnc560-ml: Cannot utime: Operation not permitted
build	Cache Android SDK	2026-06-06T12:22:59.8183741Z /usr/bin/tar: ../../../../../usr/local/lib/android/sdk/platforms/android-34-ext8/data/res/values-mcc310-mnc560-ml: Cannot change mode to rwxr-xr-x: Operation not permitted
build	Cache Android SDK	2026-06-06T12:22:59.8186249Z /usr/bin/tar: ../../../../../usr/local/lib/android/sdk/platforms/android-34-ext8/data/res/values-mcc310-mnc210-th: Cannot utime: Operation not permitted
build	Cache Android SDK	2026-06-06T12:22:59.8187194Z /usr/bin/tar: ../../../../../usr/local/lib/android/sdk/platforms/android-34-ext8/data/res/values-mcc310-mnc210-th: Cannot change mode to rwxr-xr-x: Operation not permitted
build	Cache Android SDK	2026-06-06T12:22:59.8189588Z /usr/bin/tar: ../../../../../usr/local/lib/android/sdk/platforms/android-34-ext8/data/res/values-mcc310-mnc380-sr: Cannot utime: Operation not permitted
build	Cache Android SDK	2026-06-06T12:22:59.8190577Z /usr/bin/tar: ../../../../../usr/local/lib/android/sdk/platforms/android-34-ext8/data/res/values-mcc310-mnc380-sr: Cannot change mode to rwxr-xr-x: Operation not permitted
build	Cache Android SDK	2026-06-06T12:22:59.8192402Z /usr/bin/tar: ../../../../../usr/local/lib/android/sdk/platforms/android-34-ext8/data/res/values-mcc310-mnc410-et: Cannot utime: Operation not permitted
build	Cache Android SDK	2026-06-06T12:22:59.8193557Z /usr/bin/tar: ../../../../../usr/local/lib/android/sdk/platforms/android-34-ext8/data/res/values-mcc310-mnc410-et: Cannot change mode to rwxr-xr-x: Operation not permitted
build	Cache Android SDK	2026-06-06T12:22:59.8195309Z /usr/bin/tar: ../../../../../usr/local/lib/android/sdk/platforms/android-34-ext8/data/res/values-mcc310-mnc380-uz: Cannot utime: Operation not permitted
build	Cache Android SDK	2026-06-06T12:22:59.8196245Z /usr/bin/tar: ../../../../../usr/local/lib/android/sdk/platforms/android-34-ext8/data/res/values-mcc310-mnc380-uz: Cannot change mode to rwxr-xr-x: Operation not permitted
build	Cache Android SDK	2026-06-06T12:22:59.8198529Z /usr/bin/tar: ../../../../../usr/local/lib/android/sdk/platforms/android-34-ext8/data/res/values-mcc311-mnc180-gu: Cannot utime: Operation not permitted
build	Cache Android SDK	2026-06-06T12:22:59.8199593Z /usr/bin/tar: ../../../../../usr/local/lib/android/sdk/platforms/android-34-ext8/data/res/values-mcc311-mnc180-gu: Cannot change mode to rwxr-xr-x: Operation not permitted
build	Cache Android SDK	2026-06-06T12:22:59.8201571Z /usr/bin/tar: ../../../../../usr/local/lib/android/sdk/platforms/android-34-ext8/data/res/values-mcc311-mnc180-is: Cannot utime: Operation not permitted
build	Cache Android SDK	2026-06-06T12:22:59.8202638Z /usr/bin/tar: ../../../../../usr/local/lib/android/sdk/platforms/android-34-ext8/data/res/values-mcc311-mnc180-is: Cannot change mode to rwxr-xr-x: Operation not permitted
build	Cache Android SDK	2026-06-06T12:22:59.8204881Z /usr/bin/tar: ../../../../../usr/local/lib/android/sdk/platforms/android-34-ext8/data/res/values-mcc312-mnc670-ml: Cannot utime: Operation not permitted
build	Cache Android SDK	2026-06-06T12:22:59.8205842Z /usr/bin/tar: ../../../../../usr/local/lib/android/sdk/platforms/android-34-ext8/data/res/values-mcc312-mnc670-ml: Cannot change mode to rwxr-xr-x: Operation not permitted
build	Cache Android SDK	2026-06-06T12:22:59.8207794Z /usr/bin/tar: ../../../../../usr/local/lib/android/sdk/platforms/android-34-ext8/data/res/values-mcc310-mnc170-sr: Cannot utime: Operation not permitted
build	Cache Android SDK	2026-06-06T12:22:59.8208741Z /usr/bin/tar: ../../../../../usr/local/lib/android/sdk/platforms/android-34-ext8/data/res/values-mcc310-mnc170-sr: Cannot change mode to rwxr-xr-x: Operation not permitted
build	Cache Android SDK	2026-06-06T12:22:59.8211347Z /usr/bin/tar: ../../../../../usr/local/lib/android/sdk/platforms/android-34-ext8/data/res/values-mcc311: Cannot utime: Operation not permitted
build	Cache Android SDK	2026-06-06T12:22:59.8212241Z /usr/bin/tar: ../../../../../usr/local/lib/android/sdk/platforms/android-34-ext8/data/res/values-mcc311: Cannot change mode to rwxr-xr-x: Operation not permitted
build	Cache Android SDK	2026-06-06T12:22:59.8214513Z /usr/bin/tar: ../../../../../usr/local/lib/android/sdk/platforms/android-34-ext8/data/res/values-es-watch: Cannot utime: Operation not permitted
build	Cache Android SDK	2026-06-06T12:22:59.8215411Z /usr/bin/tar: ../../../../../usr/local/lib/android/sdk/platforms/android-34-ext8/data/res/values-es-watch: Cannot change mode to rwxr-xr-x: Operation not permitted
build	Cache Android SDK	2026-06-06T12:22:59.8349084Z /usr/bin/tar: ../../../../../usr/local/lib/android/sdk/platforms/android-34-ext8/data/res/layout: Cannot utime: Operation not permitted
build	Cache Android SDK	2026-06-06T12:22:59.8349986Z /usr/bin/tar: ../../../../../usr/local/lib/android/sdk/platforms/android-34-ext8/data/res/layout: Cannot change mode to rwxr-xr-x: Operation not permitted
build	Cache Android SDK	2026-06-06T12:22:59.8353242Z /usr/bin/tar: ../../../../../usr/local/lib/android/sdk/platforms/android-34-ext8/data/res/values-mcc311-mnc180-zh-rCN: Cannot utime: Operation not permitted
build	Cache Android SDK	2026-06-06T12:22:59.8354234Z /usr/bin/tar: ../../../../../usr/local/lib/android/sdk/platforms/android-34-ext8/data/res/values-mcc311-mnc180-zh-rCN: Cannot change mode to rwxr-xr-x: Operation not permitted
build	Cache Android SDK	2026-06-06T12:22:59.8356290Z /usr/bin/tar: ../../../../../usr/local/lib/android/sdk/platforms/android-34-ext8/data/res/values-mcc310-mnc150-hi: Cannot utime: Operation not permitted
build	Cache Android SDK	2026-06-06T12:22:59.8357262Z /usr/bin/tar: ../../../../../usr/local/lib/android/sdk/platforms/android-34-ext8/data/res/values-mcc310-mnc150-hi: Cannot change mode to rwxr-xr-x: Operation not permitted
build	Cache Android SDK	2026-06-06T12:22:59.8359363Z /usr/bin/tar: ../../../../../usr/local/lib/android/sdk/platforms/android-34-ext8/data/res/values-mcc310-mnc490-it: Cannot utime: Operation not permitted
build	Cache Android SDK	2026-06-06T12:22:59.8360482Z /usr/bin/tar: ../../../../../usr/local/lib/android/sdk/platforms/android-34-ext8/data/res/values-mcc310-mnc490-it: Cannot change mode to rwxr-xr-x: Operation not permitted
build	Cache Android SDK	2026-06-06T12:22:59.8362341Z /usr/bin/tar: ../../../../../usr/local/lib/android/sdk/platforms/android-34-ext8/data/res/values-mcc334-mnc020-ru: Cannot utime: Operation not permitted
build	Cache Android SDK	2026-06-06T12:22:59.8363287Z /usr/bin/tar: ../../../../../usr/local/lib/android/sdk/platforms/android-34-ext8/data/res/values-mcc334-mnc020-ru: Cannot change mode to rwxr-xr-x: Operation not permitted
build	Cache Android SDK	2026-06-06T12:22:59.8365907Z /usr/bin/tar: ../../../../../usr/local/lib/android/sdk/platforms/android-34-ext8/data/res/values-mcc310-mnc280-ta: Cannot utime: Operation not permitted
build	Cache Android SDK	2026-06-06T12:22:59.8366947Z /usr/bin/tar: ../../../../../usr/local/lib/android/sdk/platforms/android-34-ext8/data/res/values-mcc310-mnc280-ta: Cannot change mode to rwxr-xr-x: Operation not permitted
build	Cache Android SDK	2026-06-06T12:22:59.8368409Z /usr/bin/tar: ../../../../../usr/local/lib/android/sdk/platforms/android-34-ext8/data/res/values-ne-watch: Cannot utime: Operation not permitted
build	Cache Android SDK	2026-06-06T12:22:59.8369455Z /usr/bin/tar: ../../../../../usr/local/lib/android/sdk/platforms/android-34-ext8/data/res/values-ne-watch: Cannot change mode to rwxr-xr-x: Operation not permitted
build	Cache Android SDK	2026-06-06T12:22:59.8371477Z /usr/bin/tar: ../../../../../usr/local/lib/android/sdk/platforms/android-34-ext8/data/res/values-mcc310-mnc200-ml: Cannot utime: Operation not permitted
build	Cache Android SDK	2026-06-06T12:22:59.8372567Z /usr/bin/tar: ../../../../../usr/local/lib/android/sdk/platforms/android-34-ext8/data/res/values-mcc310-mnc200-ml: Cannot change mode to rwxr-xr-x: Operation not permitted
build	Cache Android SDK	2026-06-06T12:22:59.8374513Z /usr/bin/tar: ../../../../../usr/local/lib/android/sdk/platforms/android-34-ext8/data/res/values-mcc310-mnc280-nb: Cannot utime: Operation not permitted
build	Cache Android SDK	2026-06-06T12:22:59.8375457Z /usr/bin/tar: ../../../../../usr/local/lib/android/sdk/platforms/android-34-ext8/data/res/values-mcc310-mnc280-nb: Cannot change mode to rwxr-xr-x: Operation not permitted
build	Cache Android SDK	2026-06-06T12:22:59.8377489Z /usr/bin/tar: ../../../../../usr/local/lib/android/sdk/platforms/android-34-ext8/data/res/values-mcc302-mnc370-pt-rPT: Cannot utime: Operation not permitted
build	Cache Android SDK	2026-06-06T12:22:59.8378472Z /usr/bin/tar: ../../../../../usr/local/lib/android/sdk/platforms/android-34-ext8/data/res/values-mcc302-mnc370-pt-rPT: Cannot change mode to rwxr-xr-x: Operation not permitted
build	Cache Android SDK	2026-06-06T12:22:59.8404893Z /usr/bin/tar: ../../../../../usr/local/lib/android/sdk/platforms/android-34-ext8/data/res/drawable-sw600dp-nodpi: Cannot utime: Operation not permitted
build	Cache Android SDK	2026-06-06T12:22:59.8406030Z /usr/bin/tar: ../../../../../usr/local/lib/android/sdk/platforms/android-34-ext8/data/res/drawable-sw600dp-nodpi: Cannot change mode to rwxr-xr-x: Operation not permitted
build	Cache Android SDK	2026-06-06T12:22:59.8407902Z /usr/bin/tar: ../../../../../usr/local/lib/android/sdk/platforms/android-34-ext8/data/res/values-mcc310-mnc490-mr: Cannot utime: Operation not permitted
build	Cache Android SDK	2026-06-06T12:22:59.8408866Z /usr/bin/tar: ../../../../../usr/local/lib/android/sdk/platforms/android-34-ext8/data/res/values-mcc310-mnc490-mr: Cannot change mode to rwxr-xr-x: Operation not permitted
build	Cache Android SDK	2026-06-06T12:22:59.8411243Z /usr/bin/tar: ../../../../../usr/local/lib/android/sdk/platforms/android-34-ext8/data/res/values-mcc310-mnc200-ms: Cannot utime: Operation not permitted
build	Cache Android SDK	2026-06-06T12:22:59.8412185Z /usr/bin/tar: ../../../../../usr/local/lib/android/sdk/platforms/android-34-ext8/data/res/values-mcc310-mnc200-ms: Cannot change mode to rwxr-xr-x: Operation not permitted
build	Cache Android SDK	2026-06-06T12:22:59.8414425Z /usr/bin/tar: ../../../../../usr/local/lib/android/sdk/platforms/android-34-ext8/data/res/values-mcc313-mnc100-fa: Cannot utime: Operation not permitted
build	Cache Android SDK	2026-06-06T12:22:59.8415367Z /usr/bin/tar: ../../../../../usr/local/lib/android/sdk/platforms/android-34-ext8/data/res/values-mcc313-mnc100-fa: Cannot change mode to rwxr-xr-x: Operation not permitted
build	Cache Android SDK	2026-06-06T12:22:59.8417637Z /usr/bin/tar: ../../../../../usr/local/lib/android/sdk/platforms/android-34-ext8/data/res/values-mcc310-mnc490-bs: Cannot utime: Operation not permitted
build	Cache Android SDK	2026-06-06T12:22:59.8418736Z /usr/bin/tar: ../../../../../usr/local/lib/android/sdk/platforms/android-34-ext8/data/res/values-mcc310-mnc490-bs: Cannot change mode to rwxr-xr-x: Operation not permitted
build	Cache Android SDK	2026-06-06T12:22:59.8420736Z /usr/bin/tar: ../../../../../usr/local/lib/android/sdk/platforms/android-34-ext8/data/res/values-sw900dp: Cannot utime: Operation not permitted
build	Cache Android SDK	2026-06-06T12:22:59.8421638Z /usr/bin/tar: ../../../../../usr/local/lib/android/sdk/platforms/android-34-ext8/data/res/values-sw900dp: Cannot change mode to rwxr-xr-x: Operation not permitted
build	Cache Android SDK	2026-06-06T12:22:59.8423972Z /usr/bin/tar: ../../../../../usr/local/lib/android/sdk/platforms/android-34-ext8/data/res/values-mcc302-mnc720-mn: Cannot utime: Operation not permitted
build	Cache Android SDK	2026-06-06T12:22:59.8424918Z /usr/bin/tar: ../../../../../usr/local/lib/android/sdk/platforms/android-34-ext8/data/res/values-mcc302-mnc720-mn: Cannot change mode to rwxr-xr-x: Operation not permitted
build	Cache Android SDK	2026-06-06T12:22:59.8427064Z /usr/bin/tar: ../../../../../usr/local/lib/android/sdk/platforms/android-34-ext8/data/res/values-mcc302-mnc720-or: Cannot utime: Operation not permitted
build	Cache Android SDK	2026-06-06T12:22:59.8428148Z /usr/bin/tar: ../../../../../usr/local/lib/android/sdk/platforms/android-34-ext8/data/res/values-mcc302-mnc720-or: Cannot change mode to rwxr-xr-x: Operation not permitted
build	Cache Android SDK	2026-06-06T12:22:59.8430052Z /usr/bin/tar: ../../../../../usr/local/lib/android/sdk/platforms/android-34-ext8/data/res/values-mcc310-mnc220-es: Cannot utime: Operation not permitted
build	Cache Android SDK	2026-06-06T12:22:59.8431081Z /usr/bin/tar: ../../../../../usr/local/lib/android/sdk/platforms/android-34-ext8/data/res/values-mcc310-mnc220-es: Cannot change mode to rwxr-xr-x: Operation not permitted
build	Cache Android SDK	2026-06-06T12:22:59.8432982Z /usr/bin/tar: ../../../../../usr/local/lib/android/sdk/platforms/android-34-ext8/data/res/values-mcc310-mnc410-da: Cannot utime: Operation not permitted
build	Cache Android SDK	2026-06-06T12:22:59.8433927Z /usr/bin/tar: ../../../../../usr/local/lib/android/sdk/platforms/android-34-ext8/data/res/values-mcc310-mnc410-da: Cannot change mode to rwxr-xr-x: Operation not permitted
build	Cache Android SDK	2026-06-06T12:22:59.8439521Z /usr/bin/tar: ../../../../../usr/local/lib/android/sdk/platforms/android-34-ext8/data/res/values-mcc310-mnc030-iw: Cannot utime: Operation not permitted
build	Cache Android SDK	2026-06-06T12:22:59.8440469Z /usr/bin/tar: ../../../../../usr/local/lib/android/sdk/platforms/android-34-ext8/data/res/values-mcc310-mnc030-iw: Cannot change mode to rwxr-xr-x: Operation not permitted
build	Cache Android SDK	2026-06-06T12:22:59.8442590Z /usr/bin/tar: ../../../../../usr/local/lib/android/sdk/platforms/android-34-ext8/data/res/values-mcc312-mnc670-as: Cannot utime: Operation not permitted
build	Cache Android SDK	2026-06-06T12:22:59.8443542Z /usr/bin/tar: ../../../../../usr/local/lib/android/sdk/platforms/android-34-ext8/data/res/values-mcc312-mnc670-as: Cannot change mode to rwxr-xr-x: Operation not permitted
build	Cache Android SDK	2026-06-06T12:22:59.8445450Z /usr/bin/tar: ../../../../../usr/local/lib/android/sdk/platforms/android-34-ext8/data/res/values-mcc310-mnc150-ms: Cannot utime: Operation not permitted
build	Cache Android SDK	2026-06-06T12:22:59.8446405Z /usr/bin/tar: ../../../../../usr/local/lib/android/sdk/platforms/android-34-ext8/data/res/values-mcc310-mnc150-ms: Cannot change mode to rwxr-xr-x: Operation not permitted
build	Cache Android SDK	2026-06-06T12:22:59.8448711Z /usr/bin/tar: ../../../../../usr/local/lib/android/sdk/platforms/android-34-ext8/data/res/values-mcc214-mnc01: Cannot utime: Operation not permitted
build	Cache Android SDK	2026-06-06T12:22:59.8449633Z /usr/bin/tar: ../../../../../usr/local/lib/android/sdk/platforms/android-34-ext8/data/res/values-mcc214-mnc01: Cannot change mode to rwxr-xr-x: Operation not permitted
build	Cache Android SDK	2026-06-06T12:22:59.8451909Z /usr/bin/tar: ../../../../../usr/local/lib/android/sdk/platforms/android-34-ext8/data/res/values-ro-watch: Cannot utime: Operation not permitted
build	Cache Android SDK	2026-06-06T12:22:59.8452817Z /usr/bin/tar: ../../../../../usr/local/lib/android/sdk/platforms/android-34-ext8/data/res/values-ro-watch: Cannot change mode to rwxr-xr-x: Operation not permitted
build	Cache Android SDK	2026-06-06T12:22:59.8455156Z /usr/bin/tar: ../../../../../usr/local/lib/android/sdk/platforms/android-34-ext8/data/res/values-mcc334-mnc020-bg: Cannot utime: Operation not permitted
build	Cache Android SDK	2026-06-06T12:22:59.8456099Z /usr/bin/tar: ../../../../../usr/local/lib/android/sdk/platforms/android-34-ext8/data/res/values-mcc334-mnc020-bg: Cannot change mode to rwxr-xr-x: Operation not permitted
build	Cache Android SDK	2026-06-06T12:22:59.8458331Z /usr/bin/tar: ../../../../../usr/local/lib/android/sdk/platforms/android-34-ext8/data/res/values-mcc001-mnc01-pt: Cannot utime: Operation not permitted
build	Cache Android SDK	2026-06-06T12:22:59.8459278Z /usr/bin/tar: ../../../../../usr/local/lib/android/sdk/platforms/android-34-ext8/data/res/values-mcc001-mnc01-pt: Cannot change mode to rwxr-xr-x: Operation not permitted
build	Cache Android SDK	2026-06-06T12:22:59.8462758Z /usr/bin/tar: ../../../../../usr/local/lib/android/sdk/platforms/android-34-ext8/data/res/values-mcc310-mnc280-pt-rBR: Cannot utime: Operation not permitted
build	Cache Android SDK	2026-06-06T12:22:59.8463750Z /usr/bin/tar: ../../../../../usr/local/lib/android/sdk/platforms/android-34-ext8/data/res/values-mcc310-mnc280-pt-rBR: Cannot change mode to rwxr-xr-x: Operation not permitted
build	Cache Android SDK	2026-06-06T12:22:59.8467906Z /usr/bin/tar: ../../../../../usr/local/lib/android/sdk/platforms/android-34-ext8/data/res/values-mcc310-mnc170-uk: Cannot utime: Operation not permitted
build	Cache Android SDK	2026-06-06T12:22:59.8468846Z /usr/bin/tar: ../../../../../usr/local/lib/android/sdk/platforms/android-34-ext8/data/res/values-mcc310-mnc170-uk: Cannot change mode to rwxr-xr-x: Operation not permitted
build	Cache Android SDK	2026-06-06T12:22:59.8470830Z /usr/bin/tar: ../../../../../usr/local/lib/android/sdk/platforms/android-34-ext8/data/res/values-mcc302-mnc370-lv: Cannot utime: Operation not permitted
build	Cache Android SDK	2026-06-06T12:22:59.8471766Z /usr/bin/tar: ../../../../../usr/local/lib/android/sdk/platforms/android-34-ext8/data/res/values-mcc302-mnc370-lv: Cannot change mode to rwxr-xr-x: Operation not permitted
build	Cache Android SDK	2026-06-06T12:22:59.8473901Z /usr/bin/tar: ../../../../../usr/local/lib/android/sdk/platforms/android-34-ext8/data/res/values-mcc310-mnc160-vi: Cannot utime: Operation not permitted
build	Cache Android SDK	2026-06-06T12:22:59.8474839Z /usr/bin/tar: ../../../../../usr/local/lib/android/sdk/platforms/android-34-ext8/data/res/values-mcc310-mnc160-vi: Cannot change mode to rwxr-xr-x: Operation not permitted
build	Cache Android SDK	2026-06-06T12:22:59.8482085Z /usr/bin/tar: ../../../../../usr/local/lib/android/sdk/platforms/android-34-ext8/data/res/values-kk: Cannot utime: Operation not permitted
build	Cache Android SDK	2026-06-06T12:22:59.8483274Z /usr/bin/tar: ../../../../../usr/local/lib/android/sdk/platforms/android-34-ext8/data/res/values-kk: Cannot change mode to rwxr-xr-x: Operation not permitted
build	Cache Android SDK	2026-06-06T12:22:59.8484837Z /usr/bin/tar: ../../../../../usr/local/lib/android/sdk/platforms/android-34-ext8/data/res/values-mcc310-mnc560-sl: Cannot utime: Operation not permitted
build	Cache Android SDK	2026-06-06T12:22:59.8485817Z /usr/bin/tar: ../../../../../usr/local/lib/android/sdk/platforms/android-34-ext8/data/res/values-mcc310-mnc560-sl: Cannot change mode to rwxr-xr-x: Operation not permitted
build	Cache Android SDK	2026-06-06T12:22:59.8488071Z /usr/bin/tar: ../../../../../usr/local/lib/android/sdk/platforms/android-34-ext8/data/res/values-zh-rTW-watch: Cannot utime: Operation not permitted
build	Cache Android SDK	2026-06-06T12:22:59.8489130Z /usr/bin/tar: ../../../../../usr/local/lib/android/sdk/platforms/android-34-ext8/data/res/values-zh-rTW-watch: Cannot change mode to rwxr-xr-x: Operation not permitted
build	Cache Android SDK	2026-06-06T12:22:59.8491557Z /usr/bin/tar: ../../../../../usr/local/lib/android/sdk/platforms/android-34-ext8/data/res/values-mcc001-mnc01-ta: Cannot utime: Operation not permitted
build	Cache Android SDK	2026-06-06T12:22:59.8492636Z /usr/bin/tar: ../../../../../usr/local/lib/android/sdk/platforms/android-34-ext8/data/res/values-mcc001-mnc01-ta: Cannot change mode to rwxr-xr-x: Operation not permitted
build	Cache Android SDK	2026-06-06T12:22:59.8496626Z /usr/bin/tar: ../../../../../usr/local/lib/android/sdk/platforms/android-34-ext8/data/res/values-large: Cannot utime: Operation not permitted
build	Cache Android SDK	2026-06-06T12:22:59.8497834Z /usr/bin/tar: ../../../../../usr/local/lib/android/sdk/platforms/android-34-ext8/data/res/values-large: Cannot change mode to rwxr-xr-x: Operation not permitted
build	Cache Android SDK	2026-06-06T12:22:59.8499459Z /usr/bin/tar: ../../../../../usr/local/lib/android/sdk/platforms/android-34-ext8/data/res/values-es-television: Cannot utime: Operation not permitted
build	Cache Android SDK	2026-06-06T12:22:59.8500404Z /usr/bin/tar: ../../../../../usr/local/lib/android/sdk/platforms/android-34-ext8/data/res/values-es-television: Cannot change mode to rwxr-xr-x: Operation not permitted
build	Cache Android SDK	2026-06-06T12:22:59.8503210Z /usr/bin/tar: ../../../../../usr/local/lib/android/sdk/platforms/android-34-ext8/data/res/values-mcc310-mnc200-hy: Cannot utime: Operation not permitted
build	Cache Android SDK	2026-06-06T12:22:59.8504827Z /usr/bin/tar: ../../../../../usr/local/lib/android/sdk/platforms/android-34-ext8/data/res/values-mcc310-mnc200-hy: Cannot change mode to rwxr-xr-x: Operation not permitted
build	Cache Android SDK	2026-06-06T12:22:59.8506545Z /usr/bin/tar: ../../../../../usr/local/lib/android/sdk/platforms/android-34-ext8/data/res/values-mcc310-mnc800-sq: Cannot utime: Operation not permitted
build	Cache Android SDK	2026-06-06T12:22:59.8507844Z /usr/bin/tar: ../../../../../usr/local/lib/android/sdk/platforms/android-34-ext8/data/res/values-mcc310-mnc800-sq: Cannot change mode to rwxr-xr-x: Operation not permitted
build	Cache Android SDK	2026-06-06T12:22:59.8509907Z /usr/bin/tar: ../../../../../usr/local/lib/android/sdk/platforms/android-34-ext8/data/res/values-mcc302-mnc720-ko: Cannot utime: Operation not permitted
build	Cache Android SDK	2026-06-06T12:22:59.8510859Z /usr/bin/tar: ../../../../../usr/local/lib/android/sdk/platforms/android-34-ext8/data/res/values-mcc302-mnc720-ko: Cannot change mode to rwxr-xr-x: Operation not permitted
build	Cache Android SDK	2026-06-06T12:22:59.8513386Z /usr/bin/tar: ../../../../../usr/local/lib/android/sdk/platforms/android-34-ext8/data/res/values-mcc310-mnc240-ca: Cannot utime: Operation not permitted
build	Cache Android SDK	2026-06-06T12:22:59.8514341Z /usr/bin/tar: ../../../../../usr/local/lib/android/sdk/platforms/android-34-ext8/data/res/values-mcc310-mnc240-ca: Cannot change mode to rwxr-xr-x: Operation not permitted
build	Cache Android SDK	2026-06-06T12:22:59.8516727Z /usr/bin/tar: ../../../../../usr/local/lib/android/sdk/platforms/android-34-ext8/data/res/values-mcc310-mnc170-fr-rCA: Cannot utime: Operation not permitted
build	Cache Android SDK	2026-06-06T12:22:59.8517889Z /usr/bin/tar: ../../../../../usr/local/lib/android/sdk/platforms/android-34-ext8/data/res/values-mcc310-mnc170-fr-rCA: Cannot change mode to rwxr-xr-x: Operation not permitted
build	Cache Android SDK	2026-06-06T12:22:59.8519836Z /usr/bin/tar: ../../../../../usr/local/lib/android/sdk/platforms/android-34-ext8/data/res/values-mcc310-mnc230-el: Cannot utime: Operation not permitted
build	Cache Android SDK	2026-06-06T12:22:59.8523215Z /usr/bin/tar: ../../../../../usr/local/lib/android/sdk/platforms/android-34-ext8/data/res/values-mcc310-mnc230-el: Cannot change mode to rwxr-xr-x: Operation not permitted
build	Cache Android SDK	2026-06-06T12:22:59.8524171Z /usr/bin/tar: ../../../../../usr/local/lib/android/sdk/platforms/android-34-ext8/data/res/values-mcc310-mnc210-tl: Cannot utime: Operation not permitted
build	Cache Android SDK	2026-06-06T12:22:59.8525113Z /usr/bin/tar: ../../../../../usr/local/lib/android/sdk/platforms/android-34-ext8/data/res/values-mcc310-mnc210-tl: Cannot change mode to rwxr-xr-x: Operation not permitted
build	Cache Android SDK	2026-06-06T12:22:59.8526208Z /usr/bin/tar: ../../../../../usr/local/lib/android/sdk/platforms/android-34-ext8/data/res/values-mcc302-mnc720-fr-rCA: Cannot utime: Operation not permitted
build	Cache Android SDK	2026-06-06T12:22:59.8527175Z /usr/bin/tar: ../../../../../usr/local/lib/android/sdk/platforms/android-34-ext8/data/res/values-mcc302-mnc720-fr-rCA: Cannot change mode to rwxr-xr-x: Operation not permitted
build	Cache Android SDK	2026-06-06T12:22:59.8529660Z /usr/bin/tar: ../../../../../usr/local/lib/android/sdk/platforms/android-34-ext8/data/res/values-mcc310-mnc030-as: Cannot utime: Operation not permitted
build	Cache Android SDK	2026-06-06T12:22:59.8530622Z /usr/bin/tar: ../../../../../usr/local/lib/android/sdk/platforms/android-34-ext8/data/res/values-mcc310-mnc030-as: Cannot change mode to rwxr-xr-x: Operation not permitted
build	Cache Android SDK	2026-06-06T12:22:59.8532939Z /usr/bin/tar: ../../../../../usr/local/lib/android/sdk/platforms/android-34-ext8/data/res/values-mcc001-mnc01-ru: Cannot utime: Operation not permitted
build	Cache Android SDK	2026-06-06T12:22:59.8534174Z /usr/bin/tar: ../../../../../usr/local/lib/android/sdk/platforms/android-34-ext8/data/res/values-mcc001-mnc01-ru: Cannot change mode to rwxr-xr-x: Operation not permitted
build	Cache Android SDK	2026-06-06T12:22:59.8536067Z /usr/bin/tar: ../../../../../usr/local/lib/android/sdk/platforms/android-34-ext8/data/res/values-be-television: Cannot utime: Operation not permitted
build	Cache Android SDK	2026-06-06T12:22:59.8537004Z /usr/bin/tar: ../../../../../usr/local/lib/android/sdk/platforms/android-34-ext8/data/res/values-be-television: Cannot change mode to rwxr-xr-x: Operation not permitted
build	Cache Android SDK	2026-06-06T12:22:59.8539134Z /usr/bin/tar: ../../../../../usr/local/lib/android/sdk/platforms/android-34-ext8/data/res/values-mcc334-mnc020-si: Cannot utime: Operation not permitted
build	Cache Android SDK	2026-06-06T12:22:59.8540173Z /usr/bin/tar: ../../../../../usr/local/lib/android/sdk/platforms/android-34-ext8/data/res/values-mcc334-mnc020-si: Cannot change mode to rwxr-xr-x: Operation not permitted
build	Cache Android SDK	2026-06-06T12:22:59.8542544Z /usr/bin/tar: ../../../../../usr/local/lib/android/sdk/platforms/android-34-ext8/data/res/values-mcc302-mnc370-am: Cannot utime: Operation not permitted
build	Cache Android SDK	2026-06-06T12:22:59.8543560Z /usr/bin/tar: ../../../../../usr/local/lib/android/sdk/platforms/android-34-ext8/data/res/values-mcc302-mnc370-am: Cannot change mode to rwxr-xr-x: Operation not permitted
build	Cache Android SDK	2026-06-06T12:22:59.8548066Z /usr/bin/tar: ../../../../../usr/local/lib/android/sdk/platforms/android-34-ext8/data/res/values-mcc310-mnc240-ro: Cannot utime: Operation not permitted
build	Cache Android SDK	2026-06-06T12:22:59.8549089Z /usr/bin/tar: ../../../../../usr/local/lib/android/sdk/platforms/android-34-ext8/data/res/values-mcc310-mnc240-ro: Cannot change mode to rwxr-xr-x: Operation not permitted
build	Cache Android SDK	2026-06-06T12:22:59.8551372Z /usr/bin/tar: ../../../../../usr/local/lib/android/sdk/platforms/android-34-ext8/data/res/values-mcc334-mnc020-ar: Cannot utime: Operation not permitted
build	Cache Android SDK	2026-06-06T12:22:59.8552333Z /usr/bin/tar: ../../../../../usr/local/lib/android/sdk/platforms/android-34-ext8/data/res/values-mcc334-mnc020-ar: Cannot change mode to rwxr-xr-x: Operation not permitted
build	Cache Android SDK	2026-06-06T12:22:59.8554219Z /usr/bin/tar: ../../../../../usr/local/lib/android/sdk/platforms/android-34-ext8/data/res/values-mcc310-mnc560-az: Cannot utime: Operation not permitted
build	Cache Android SDK	2026-06-06T12:22:59.8555159Z /usr/bin/tar: ../../../../../usr/local/lib/android/sdk/platforms/android-34-ext8/data/res/values-mcc310-mnc560-az: Cannot change mode to rwxr-xr-x: Operation not permitted
build	Cache Android SDK	2026-06-06T12:22:59.8557883Z /usr/bin/tar: ../../../../../usr/local/lib/android/sdk/platforms/android-34-ext8/data/res/values-mcc310-mnc210-ja: Cannot utime: Operation not permitted
build	Cache Android SDK	2026-06-06T12:22:59.8558845Z /usr/bin/tar: ../../../../../usr/local/lib/android/sdk/platforms/android-34-ext8/data/res/values-mcc310-mnc210-ja: Cannot change mode to rwxr-xr-x: Operation not permitted
build	Cache Android SDK	2026-06-06T12:22:59.8560892Z /usr/bin/tar: ../../../../../usr/local/lib/android/sdk/platforms/android-34-ext8/data/res/values-mcc310-mnc280-ja: Cannot utime: Operation not permitted
build	Cache Android SDK	2026-06-06T12:22:59.8561863Z /usr/bin/tar: ../../../../../usr/local/lib/android/sdk/platforms/android-34-ext8/data/res/values-mcc310-mnc280-ja: Cannot change mode to rwxr-xr-x: Operation not permitted
build	Cache Android SDK	2026-06-06T12:22:59.8563788Z /usr/bin/tar: ../../../../../usr/local/lib/android/sdk/platforms/android-34-ext8/data/res/values-pl-watch: Cannot utime: Operation not permitted
build	Cache Android SDK	2026-06-06T12:22:59.8564711Z /usr/bin/tar: ../../../../../usr/local/lib/android/sdk/platforms/android-34-ext8/data/res/values-pl-watch: Cannot change mode to rwxr-xr-x: Operation not permitted
build	Cache Android SDK	2026-06-06T12:22:59.8567135Z /usr/bin/tar: ../../../../../usr/local/lib/android/sdk/platforms/android-34-ext8/data/res/values-mcc302-mnc370-sl: Cannot utime: Operation not permitted
build	Cache Android SDK	2026-06-06T12:22:59.8568314Z /usr/bin/tar: ../../../../../usr/local/lib/android/sdk/platforms/android-34-ext8/data/res/values-mcc302-mnc370-sl: Cannot change mode to rwxr-xr-x: Operation not permitted
build	Cache Android SDK	2026-06-06T12:22:59.8570815Z /usr/bin/tar: ../../../../../usr/local/lib/android/sdk/platforms/android-34-ext8/data/res/values-mcc310-mnc950-ru: Cannot utime: Operation not permitted
build	Cache Android SDK	2026-06-06T12:22:59.8571878Z /usr/bin/tar: ../../../../../usr/local/lib/android/sdk/platforms/android-34-ext8/data/res/values-mcc310-mnc950-ru: Cannot change mode to rwxr-xr-x: Operation not permitted
build	Cache Android SDK	2026-06-06T12:22:59.8574430Z /usr/bin/tar: ../../../../../usr/local/lib/android/sdk/platforms/android-34-ext8/data/res/values-mcc310-mnc220-my: Cannot utime: Operation not permitted
build	Cache Android SDK	2026-06-06T12:22:59.8575370Z /usr/bin/tar: ../../../../../usr/local/lib/android/sdk/platforms/android-34-ext8/data/res/values-mcc310-mnc220-my: Cannot change mode to rwxr-xr-x: Operation not permitted
build	Cache Android SDK	2026-06-06T12:22:59.8577879Z /usr/bin/tar: ../../../../../usr/local/lib/android/sdk/platforms/android-34-ext8/data/res/values-mcc310-mnc240-bs: Cannot utime: Operation not permitted
build	Cache Android SDK	2026-06-06T12:22:59.8578837Z /usr/bin/tar: ../../../../../usr/local/lib/android/sdk/platforms/android-34-ext8/data/res/values-mcc310-mnc240-bs: Cannot change mode to rwxr-xr-x: Operation not permitted
build	Cache Android SDK	2026-06-06T12:22:59.8585675Z /usr/bin/tar: ../../../../../usr/local/lib/android/sdk/platforms/android-34-ext8/data/res/values-el: Cannot utime: Operation not permitted
build	Cache Android SDK	2026-06-06T12:22:59.8586578Z /usr/bin/tar: ../../../../../usr/local/lib/android/sdk/platforms/android-34-ext8/data/res/values-el: Cannot change mode to rwxr-xr-x: Operation not permitted
build	Cache Android SDK	2026-06-06T12:22:59.8588713Z /usr/bin/tar: ../../../../../usr/local/lib/android/sdk/platforms/android-34-ext8/data/res/values-mcc310-mnc800-kk: Cannot utime: Operation not permitted
build	Cache Android SDK	2026-06-06T12:22:59.8589787Z /usr/bin/tar: ../../../../../usr/local/lib/android/sdk/platforms/android-34-ext8/data/res/values-mcc310-mnc800-kk: Cannot change mode to rwxr-xr-x: Operation not permitted
build	Cache Android SDK	2026-06-06T12:22:59.8592048Z /usr/bin/tar: ../../../../../usr/local/lib/android/sdk/platforms/android-34-ext8/data/res/values-mcc310-mnc160-hu: Cannot utime: Operation not permitted
build	Cache Android SDK	2026-06-06T12:22:59.8592987Z /usr/bin/tar: ../../../../../usr/local/lib/android/sdk/platforms/android-34-ext8/data/res/values-mcc310-mnc160-hu: Cannot change mode to rwxr-xr-x: Operation not permitted
build	Cache Android SDK	2026-06-06T12:22:59.8595109Z /usr/bin/tar: ../../../../../usr/local/lib/android/sdk/platforms/android-34-ext8/data/res/values-mcc310-mnc170-lt: Cannot utime: Operation not permitted
build	Cache Android SDK	2026-06-06T12:22:59.8596047Z /usr/bin/tar: ../../../../../usr/local/lib/android/sdk/platforms/android-34-ext8/data/res/values-mcc310-mnc170-lt: Cannot change mode to rwxr-xr-x: Operation not permitted
build	Cache Android SDK	2026-06-06T12:22:59.8598628Z /usr/bin/tar: ../../../../../usr/local/lib/android/sdk/platforms/android-34-ext8/data/res/values-ca-rES: Cannot utime: Operation not permitted
build	Cache Android SDK	2026-06-06T12:22:59.8599530Z /usr/bin/tar: ../../../../../usr/local/lib/android/sdk/platforms/android-34-ext8/data/res/values-ca-rES: Cannot change mode to rwxr-xr-x: Operation not permitted
build	Cache Android SDK	2026-06-06T12:22:59.8603866Z /usr/bin/tar: ../../../../../usr/local/lib/android/sdk/platforms/android-34-ext8/data/res/drawable-car: Cannot utime: Operation not permitted
build	Cache Android SDK	2026-06-06T12:22:59.8604762Z /usr/bin/tar: ../../../../../usr/local/lib/android/sdk/platforms/android-34-ext8/data/res/drawable-car: Cannot change mode to rwxr-xr-x: Operation not permitted
build	Cache Android SDK	2026-06-06T12:22:59.8608783Z /usr/bin/tar: ../../../../../usr/local/lib/android/sdk/platforms/android-34-ext8/data/res/values-mcc310-mnc310-et: Cannot utime: Operation not permitted
build	Cache Android SDK	2026-06-06T12:22:59.8609806Z /usr/bin/tar: ../../../../../usr/local/lib/android/sdk/platforms/android-34-ext8/data/res/values-mcc310-mnc310-et: Cannot change mode to rwxr-xr-x: Operation not permitted
build	Cache Android SDK	2026-06-06T12:22:59.8610879Z /usr/bin/tar: ../../../../../usr/local/lib/android/sdk/platforms/android-34-ext8/data/res/values-mcc310-mnc560-mr: Cannot utime: Operation not permitted
build	Cache Android SDK	2026-06-06T12:22:59.8611817Z /usr/bin/tar: ../../../../../usr/local/lib/android/sdk/platforms/android-34-ext8/data/res/values-mcc310-mnc560-mr: Cannot change mode to rwxr-xr-x: Operation not permitted
build	Cache Android SDK	2026-06-06T12:22:59.8613800Z /usr/bin/tar: ../../../../../usr/local/lib/android/sdk/platforms/android-34-ext8/data/res/values-mcc310-mnc150-pt-rPT: Cannot utime: Operation not permitted
build	Cache Android SDK	2026-06-06T12:22:59.8614801Z /usr/bin/tar: ../../../../../usr/local/lib/android/sdk/platforms/android-34-ext8/data/res/values-mcc310-mnc150-pt-rPT: Cannot change mode to rwxr-xr-x: Operation not permitted
build	Cache Android SDK	2026-06-06T12:22:59.8617257Z /usr/bin/tar: ../../../../../usr/local/lib/android/sdk/platforms/android-34-ext8/data/res/values-mcc310-mnc800-mn: Cannot utime: Operation not permitted
build	Cache Android SDK	2026-06-06T12:22:59.8618327Z /usr/bin/tar: ../../../../../usr/local/lib/android/sdk/platforms/android-34-ext8/data/res/values-mcc310-mnc800-mn: Cannot change mode to rwxr-xr-x: Operation not permitted
build	Cache Android SDK	2026-06-06T12:22:59.8620609Z /usr/bin/tar: ../../../../../usr/local/lib/android/sdk/platforms/android-34-ext8/data/res/values-km-watch: Cannot utime: Operation not permitted
build	Cache Android SDK	2026-06-06T12:22:59.8621756Z /usr/bin/tar: ../../../../../usr/local/lib/android/sdk/platforms/android-34-ext8/data/res/values-km-watch: Cannot change mode to rwxr-xr-x: Operation not permitted
build	Cache Android SDK	2026-06-06T12:22:59.8623630Z /usr/bin/tar: ../../../../../usr/local/lib/android/sdk/platforms/android-34-ext8/data/res/values-en-rGB-television: Cannot utime: Operation not permitted
build	Cache Android SDK	2026-06-06T12:22:59.8624632Z /usr/bin/tar: ../../../../../usr/local/lib/android/sdk/platforms/android-34-ext8/data/res/values-en-rGB-television: Cannot change mode to rwxr-xr-x: Operation not permitted
build	Cache Android SDK	2026-06-06T12:22:59.8626979Z /usr/bin/tar: ../../../../../usr/local/lib/android/sdk/platforms/android-34-ext8/data/res/values-mcc334-mnc020-mn: Cannot utime: Operation not permitted
build	Cache Android SDK	2026-06-06T12:22:59.8628421Z /usr/bin/tar: ../../../../../usr/local/lib/android/sdk/platforms/android-34-ext8/data/res/values-mcc334-mnc020-mn: Cannot change mode to rwxr-xr-x: Operation not permitted
build	Cache Android SDK	2026-06-06T12:22:59.8630125Z /usr/bin/tar: ../../../../../usr/local/lib/android/sdk/platforms/android-34-ext8/data/res/values-mcc001-mnc01-lv: Cannot utime: Operation not permitted
build	Cache Android SDK	2026-06-06T12:22:59.8631121Z /usr/bin/tar: ../../../../../usr/local/lib/android/sdk/platforms/android-34-ext8/data/res/values-mcc001-mnc01-lv: Cannot change mode to rwxr-xr-x: Operation not permitted
build	Cache Android SDK	2026-06-06T12:22:59.8633065Z /usr/bin/tar: ../../../../../usr/local/lib/android/sdk/platforms/android-34-ext8/data/res/values-mcc310-mnc170-hi: Cannot utime: Operation not permitted
build	Cache Android SDK	2026-06-06T12:22:59.8634044Z /usr/bin/tar: ../../../../../usr/local/lib/android/sdk/platforms/android-34-ext8/data/res/values-mcc310-mnc170-hi: Cannot change mode to rwxr-xr-x: Operation not permitted
build	Cache Android SDK	2026-06-06T12:22:59.8644831Z /usr/bin/tar: ../../../../../usr/local/lib/android/sdk/platforms/android-34-ext8/data/res/values-mcc310-mnc800-ro: Cannot utime: Operation not permitted
build	Cache Android SDK	2026-06-06T12:22:59.8646030Z /usr/bin/tar: ../../../../../usr/local/lib/android/sdk/platforms/android-34-ext8/data/res/values-mcc310-mnc800-ro: Cannot change mode to rwxr-xr-x: Operation not permitted
build	Cache Android SDK	2026-06-06T12:22:59.8647024Z /usr/bin/tar: ../../../../../usr/local/lib/android/sdk/platforms/android-34-ext8/data/res/values-mcc310-mnc270-km: Cannot utime: Operation not permitted
build	Cache Android SDK	2026-06-06T12:22:59.8648134Z /usr/bin/tar: ../../../../../usr/local/lib/android/sdk/platforms/android-34-ext8/data/res/values-mcc310-mnc270-km: Cannot change mode to rwxr-xr-x: Operation not permitted
build	Cache Android SDK	2026-06-06T12:22:59.8649273Z /usr/bin/tar: ../../../../../usr/local/lib/android/sdk/platforms/android-34-ext8/data/res/values-mcc310-mnc160-ml: Cannot utime: Operation not permitted
build	Cache Android SDK	2026-06-06T12:22:59.8650228Z /usr/bin/tar: ../../../../../usr/local/lib/android/sdk/platforms/android-34-ext8/data/res/values-mcc310-mnc160-ml: Cannot change mode to rwxr-xr-x: Operation not permitted
build	Cache Android SDK	2026-06-06T12:22:59.8651187Z /usr/bin/tar: ../../../../../usr/local/lib/android/sdk/platforms/android-34-ext8/data/res/values-mcc310-mnc270-es-rUS: Cannot utime: Operation not permitted
build	Cache Android SDK	2026-06-06T12:22:59.8652174Z /usr/bin/tar: ../../../../../usr/local/lib/android/sdk/platforms/android-34-ext8/data/res/values-mcc310-mnc270-es-rUS: Cannot change mode to rwxr-xr-x: Operation not permitted
build	Cache Android SDK	2026-06-06T12:22:59.8653413Z /usr/bin/tar: ../../../../../usr/local/lib/android/sdk/platforms/android-34-ext8/data/res/values-es-rEC: Cannot utime: Operation not permitted
build	Cache Android SDK	2026-06-06T12:22:59.8654310Z /usr/bin/tar: ../../../../../usr/local/lib/android/sdk/platforms/android-34-ext8/data/res/values-es-rEC: Cannot change mode to rwxr-xr-x: Operation not permitted
build	Cache Android SDK	2026-06-06T12:22:59.8655232Z /usr/bin/tar: ../../../../../usr/local/lib/android/sdk/platforms/android-34-ext8/data/res/values-mcc311-mnc180-zu: Cannot utime: Operation not permitted
build	Cache Android SDK	2026-06-06T12:22:59.8656238Z /usr/bin/tar: ../../../../../usr/local/lib/android/sdk/platforms/android-34-ext8/data/res/values-mcc311-mnc180-zu: Cannot change mode to rwxr-xr-x: Operation not permitted
build	Cache Android SDK	2026-06-06T12:22:59.8657453Z /usr/bin/tar: ../../../../../usr/local/lib/android/sdk/platforms/android-34-ext8/data/res/values-mcc310-mnc240-hi: Cannot utime: Operation not permitted
build	Cache Android SDK	2026-06-06T12:22:59.8658459Z /usr/bin/tar: ../../../../../usr/local/lib/android/sdk/platforms/android-34-ext8/data/res/values-mcc310-mnc240-hi: Cannot change mode to rwxr-xr-x: Operation not permitted
build	Cache Android SDK	2026-06-06T12:22:59.8661251Z /usr/bin/tar: ../../../../../usr/local/lib/android/sdk/platforms/android-34-ext8/data/res/values-mcc334-mnc020-kk: Cannot utime: Operation not permitted
build	Cache Android SDK	2026-06-06T12:22:59.8662211Z /usr/bin/tar: ../../../../../usr/local/lib/android/sdk/platforms/android-34-ext8/data/res/values-mcc334-mnc020-kk: Cannot change mode to rwxr-xr-x: Operation not permitted
build	Cache Android SDK	2026-06-06T12:22:59.8665815Z /usr/bin/tar: ../../../../../usr/local/lib/android/sdk/platforms/android-34-ext8/data/res/values-mcc310-mnc240-in: Cannot utime: Operation not permitted
build	Cache Android SDK	2026-06-06T12:22:59.8666772Z /usr/bin/tar: ../../../../../usr/local/lib/android/sdk/platforms/android-34-ext8/data/res/values-mcc310-mnc240-in: Cannot change mode to rwxr-xr-x: Operation not permitted
build	Cache Android SDK	2026-06-06T12:22:59.8672121Z /usr/bin/tar: ../../../../../usr/local/lib/android/sdk/platforms/android-34-ext8/data/res/values-et: Cannot utime: Operation not permitted
build	Cache Android SDK	2026-06-06T12:22:59.8673026Z /usr/bin/tar: ../../../../../usr/local/lib/android/sdk/platforms/android-34-ext8/data/res/values-et: Cannot change mode to rwxr-xr-x: Operation not permitted
build	Cache Android SDK	2026-06-06T12:22:59.8674447Z /usr/bin/tar: ../../../../../usr/local/lib/android/sdk/platforms/android-34-ext8/data/res/values-mcc310-mnc220-da: Cannot utime: Operation not permitted
build	Cache Android SDK	2026-06-06T12:22:59.8675401Z /usr/bin/tar: ../../../../../usr/local/lib/android/sdk/platforms/android-34-ext8/data/res/values-mcc310-mnc220-da: Cannot change mode to rwxr-xr-x: Operation not permitted
build	Cache Android SDK	2026-06-06T12:22:59.8677842Z /usr/bin/tar: ../../../../../usr/local/lib/android/sdk/platforms/android-34-ext8/data/res/values-mcc310-mnc280-en-rGB: Cannot utime: Operation not permitted
build	Cache Android SDK	2026-06-06T12:22:59.8678843Z /usr/bin/tar: ../../../../../usr/local/lib/android/sdk/platforms/android-34-ext8/data/res/values-mcc310-mnc280-en-rGB: Cannot change mode to rwxr-xr-x: Operation not permitted
build	Cache Android SDK	2026-06-06T12:22:59.8681396Z /usr/bin/tar: ../../../../../usr/local/lib/android/sdk/platforms/android-34-ext8/data/res/layout-land: Cannot utime: Operation not permitted
build	Cache Android SDK	2026-06-06T12:22:59.8682308Z /usr/bin/tar: ../../../../../usr/local/lib/android/sdk/platforms/android-34-ext8/data/res/layout-land: Cannot change mode to rwxr-xr-x: Operation not permitted
build	Cache Android SDK	2026-06-06T12:22:59.8684534Z /usr/bin/tar: ../../../../../usr/local/lib/android/sdk/platforms/android-34-ext8/data/res/values-mcc310-mnc380-km: Cannot utime: Operation not permitted
build	Cache Android SDK	2026-06-06T12:22:59.8685634Z /usr/bin/tar: ../../../../../usr/local/lib/android/sdk/platforms/android-34-ext8/data/res/values-mcc310-mnc380-km: Cannot change mode to rwxr-xr-x: Operation not permitted
build	Cache Android SDK	2026-06-06T12:22:59.8688343Z /usr/bin/tar: ../../../../../usr/local/lib/android/sdk/platforms/android-34-ext8/data/res/values-mcc310-mnc270-da: Cannot utime: Operation not permitted
build	Cache Android SDK	2026-06-06T12:22:59.8689288Z /usr/bin/tar: ../../../../../usr/local/lib/android/sdk/platforms/android-34-ext8/data/res/values-mcc310-mnc270-da: Cannot change mode to rwxr-xr-x: Operation not permitted
build	Cache Android SDK	2026-06-06T12:22:59.8691862Z /usr/bin/tar: ../../../../../usr/local/lib/android/sdk/platforms/android-34-ext8/data/res/values-mcc310-mnc660-my: Cannot utime: Operation not permitted
build	Cache Android SDK	2026-06-06T12:22:59.8692811Z /usr/bin/tar: ../../../../../usr/local/lib/android/sdk/platforms/android-34-ext8/data/res/values-mcc310-mnc660-my: Cannot change mode to rwxr-xr-x: Operation not permitted
build	Cache Android SDK	2026-06-06T12:22:59.8695665Z /usr/bin/tar: ../../../../../usr/local/lib/android/sdk/platforms/android-34-ext8/data/res/values-mcc310-mnc280-et: Cannot utime: Operation not permitted
build	Cache Android SDK	2026-06-06T12:22:59.8696810Z /usr/bin/tar: ../../../../../usr/local/lib/android/sdk/platforms/android-34-ext8/data/res/values-mcc310-mnc280-et: Cannot change mode to rwxr-xr-x: Operation not permitted
build	Cache Android SDK	2026-06-06T12:22:59.8699570Z /usr/bin/tar: ../../../../../usr/local/lib/android/sdk/platforms/android-34-ext8/data/res/values-mcc310-mnc380-sv: Cannot utime: Operation not permitted
build	Cache Android SDK	2026-06-06T12:22:59.8700928Z /usr/bin/tar: ../../../../../usr/local/lib/android/sdk/platforms/android-34-ext8/data/res/values-mcc310-mnc380-sv: Cannot change mode to rwxr-xr-x: Operation not permitted
build	Cache Android SDK	2026-06-06T12:22:59.8702604Z /usr/bin/tar: ../../../../../usr/local/lib/android/sdk/platforms/android-34-ext8/data/res/values-mcc310-mnc250-be: Cannot utime: Operation not permitted
build	Cache Android SDK	2026-06-06T12:22:59.8703559Z /usr/bin/tar: ../../../../../usr/local/lib/android/sdk/platforms/android-34-ext8/data/res/values-mcc310-mnc250-be: Cannot change mode to rwxr-xr-x: Operation not permitted
build	Cache Android SDK	2026-06-06T12:22:59.8706499Z /usr/bin/tar: ../../../../../usr/local/lib/android/sdk/platforms/android-34-ext8/data/res/values-mcc310-mnc270-sq: Cannot utime: Operation not permitted
build	Cache Android SDK	2026-06-06T12:22:59.8707977Z /usr/bin/tar: ../../../../../usr/local/lib/android/sdk/platforms/android-34-ext8/data/res/values-mcc310-mnc270-sq: Cannot change mode to rwxr-xr-x: Operation not permitted
build	Cache Android SDK	2026-06-06T12:22:59.8709426Z /usr/bin/tar: ../../../../../usr/local/lib/android/sdk/platforms/android-34-ext8/data/res/values-mcc312-mnc670-km: Cannot utime: Operation not permitted
build	Cache Android SDK	2026-06-06T12:22:59.8710387Z /usr/bin/tar: ../../../../../usr/local/lib/android/sdk/platforms/android-34-ext8/data/res/values-mcc312-mnc670-km: Cannot change mode to rwxr-xr-x: Operation not permitted
build	Cache Android SDK	2026-06-06T12:22:59.8712479Z /usr/bin/tar: ../../../../../usr/local/lib/android/sdk/platforms/android-34-ext8/data/res/values-mcc310-mnc230-ur: Cannot utime: Operation not permitted
build	Cache Android SDK	2026-06-06T12:22:59.8713441Z /usr/bin/tar: ../../../../../usr/local/lib/android/sdk/platforms/android-34-ext8/data/res/values-mcc310-mnc230-ur: Cannot change mode to rwxr-xr-x: Operation not permitted
build	Cache Android SDK	2026-06-06T12:22:59.8715818Z /usr/bin/tar: ../../../../../usr/local/lib/android/sdk/platforms/android-34-ext8/data/res/values-mcc310-mnc950-mk: Cannot utime: Operation not permitted
build	Cache Android SDK	2026-06-06T12:22:59.8716781Z /usr/bin/tar: ../../../../../usr/local/lib/android/sdk/platforms/android-34-ext8/data/res/values-mcc310-mnc950-mk: Cannot change mode to rwxr-xr-x: Operation not permitted
build	Cache Android SDK	2026-06-06T12:22:59.8719823Z /usr/bin/tar: ../../../../../usr/local/lib/android/sdk/platforms/android-34-ext8/data/res/values-mcc310-mnc030-fr: Cannot utime: Operation not permitted
build	Cache Android SDK	2026-06-06T12:22:59.8720997Z /usr/bin/tar: ../../../../../usr/local/lib/android/sdk/platforms/android-34-ext8/data/res/values-mcc310-mnc030-fr: Cannot change mode to rwxr-xr-x: Operation not permitted
build	Cache Android SDK	2026-06-06T12:22:59.8722592Z /usr/bin/tar: ../../../../../usr/local/lib/android/sdk/platforms/android-34-ext8/data/res/values-mcc310-mnc490-az: Cannot utime: Operation not permitted
build	Cache Android SDK	2026-06-06T12:22:59.8723539Z /usr/bin/tar: ../../../../../usr/local/lib/android/sdk/platforms/android-34-ext8/data/res/values-mcc310-mnc490-az: Cannot change mode to rwxr-xr-x: Operation not permitted
build	Cache Android SDK	2026-06-06T12:22:59.8726279Z /usr/bin/tar: ../../../../../usr/local/lib/android/sdk/platforms/android-34-ext8/data/res/values-mcc310-mnc200-es: Cannot utime: Operation not permitted
build	Cache Android SDK	2026-06-06T12:22:59.8727861Z /usr/bin/tar: ../../../../../usr/local/lib/android/sdk/platforms/android-34-ext8/data/res/values-mcc310-mnc200-es: Cannot change mode to rwxr-xr-x: Operation not permitted
build	Cache Android SDK	2026-06-06T12:22:59.8729254Z /usr/bin/tar: ../../../../../usr/local/lib/android/sdk/platforms/android-34-ext8/data/res/values-mcc310-mnc250-mk: Cannot utime: Operation not permitted
build	Cache Android SDK	2026-06-06T12:22:59.8730342Z /usr/bin/tar: ../../../../../usr/local/lib/android/sdk/platforms/android-34-ext8/data/res/values-mcc310-mnc250-mk: Cannot change mode to rwxr-xr-x: Operation not permitted
build	Cache Android SDK	2026-06-06T12:22:59.8731981Z /usr/bin/tar: ../../../../../usr/local/lib/android/sdk/platforms/android-34-ext8/data/res/values-nb-rNO: Cannot utime: Operation not permitted
build	Cache Android SDK	2026-06-06T12:22:59.8732881Z /usr/bin/tar: ../../../../../usr/local/lib/android/sdk/platforms/android-34-ext8/data/res/values-nb-rNO: Cannot change mode to rwxr-xr-x: Operation not permitted
build	Cache Android SDK	2026-06-06T12:22:59.8735644Z /usr/bin/tar: ../../../../../usr/local/lib/android/sdk/platforms/android-34-ext8/data/res/values-mcc310-mnc950-my: Cannot utime: Operation not permitted
build	Cache Android SDK	2026-06-06T12:22:59.8737125Z /usr/bin/tar: ../../../../../usr/local/lib/android/sdk/platforms/android-34-ext8/data/res/values-mcc310-mnc950-my: Cannot change mode to rwxr-xr-x: Operation not permitted
build	Cache Android SDK	2026-06-06T12:22:59.8738657Z /usr/bin/tar: ../../../../../usr/local/lib/android/sdk/platforms/android-34-ext8/data/res/values-mcc001-mnc01-lo: Cannot utime: Operation not permitted
build	Cache Android SDK	2026-06-06T12:22:59.8739674Z /usr/bin/tar: ../../../../../usr/local/lib/android/sdk/platforms/android-34-ext8/data/res/values-mcc001-mnc01-lo: Cannot change mode to rwxr-xr-x: Operation not permitted
build	Cache Android SDK	2026-06-06T12:22:59.8741706Z /usr/bin/tar: ../../../../../usr/local/lib/android/sdk/platforms/android-34-ext8/data/res/values-mcc302-mnc370-ta: Cannot utime: Operation not permitted
build	Cache Android SDK	2026-06-06T12:22:59.8742678Z /usr/bin/tar: ../../../../../usr/local/lib/android/sdk/platforms/android-34-ext8/data/res/values-mcc302-mnc370-ta: Cannot change mode to rwxr-xr-x: Operation not permitted
build	Cache Android SDK	2026-06-06T12:22:59.8745217Z /usr/bin/tar: ../../../../../usr/local/lib/android/sdk/platforms/android-34-ext8/data/res/values-mcc310-mnc220-pt: Cannot utime: Operation not permitted
build	Cache Android SDK	2026-06-06T12:22:59.8746357Z /usr/bin/tar: ../../../../../usr/local/lib/android/sdk/platforms/android-34-ext8/data/res/values-mcc310-mnc220-pt: Cannot change mode to rwxr-xr-x: Operation not permitted
build	Cache Android SDK	2026-06-06T12:22:59.8748086Z /usr/bin/tar: ../../../../../usr/local/lib/android/sdk/platforms/android-34-ext8/data/res/values-mcc310-mnc800-bg: Cannot utime: Operation not permitted
build	Cache Android SDK	2026-06-06T12:22:59.8749065Z /usr/bin/tar: ../../../../../usr/local/lib/android/sdk/platforms/android-34-ext8/data/res/values-mcc310-mnc800-bg: Cannot change mode to rwxr-xr-x: Operation not permitted
build	Cache Android SDK	2026-06-06T12:22:59.8751780Z /usr/bin/tar: ../../../../../usr/local/lib/android/sdk/platforms/android-34-ext8/data/res/values-rm-rCH: Cannot utime: Operation not permitted
build	Cache Android SDK	2026-06-06T12:22:59.8753130Z /usr/bin/tar: ../../../../../usr/local/lib/android/sdk/platforms/android-34-ext8/data/res/values-rm-rCH: Cannot change mode to rwxr-xr-x: Operation not permitted
build	Cache Android SDK	2026-06-06T12:22:59.8754563Z /usr/bin/tar: ../../../../../usr/local/lib/android/sdk/platforms/android-34-ext8/data/res/values-mcc310-mnc270-af: Cannot utime: Operation not permitted
build	Cache Android SDK	2026-06-06T12:22:59.8755498Z /usr/bin/tar: ../../../../../usr/local/lib/android/sdk/platforms/android-34-ext8/data/res/values-mcc310-mnc270-af: Cannot change mode to rwxr-xr-x: Operation not permitted
build	Cache Android SDK	2026-06-06T12:22:59.8758101Z /usr/bin/tar: ../../../../../usr/local/lib/android/sdk/platforms/android-34-ext8/data/res/values-mcc310-mnc270-gu: Cannot utime: Operation not permitted
build	Cache Android SDK	2026-06-06T12:22:59.8759061Z /usr/bin/tar: ../../../../../usr/local/lib/android/sdk/platforms/android-34-ext8/data/res/values-mcc310-mnc270-gu: Cannot change mode to rwxr-xr-x: Operation not permitted
build	Cache Android SDK	2026-06-06T12:22:59.8761074Z /usr/bin/tar: ../../../../../usr/local/lib/android/sdk/platforms/android-34-ext8/data/res/values-mcc310-mnc380-en-rCA: Cannot utime: Operation not permitted
build	Cache Android SDK	2026-06-06T12:22:59.8762183Z /usr/bin/tar: ../../../../../usr/local/lib/android/sdk/platforms/android-34-ext8/data/res/values-mcc310-mnc380-en-rCA: Cannot change mode to rwxr-xr-x: Operation not permitted
build	Cache Android SDK	2026-06-06T12:22:59.8764259Z /usr/bin/tar: ../../../../../usr/local/lib/android/sdk/platforms/android-34-ext8/data/res/values-mcc310-mnc270: Cannot utime: Operation not permitted
build	Cache Android SDK	2026-06-06T12:22:59.8765205Z /usr/bin/tar: ../../../../../usr/local/lib/android/sdk/platforms/android-34-ext8/data/res/values-mcc310-mnc270: Cannot change mode to rwxr-xr-x: Operation not permitted
build	Cache Android SDK	2026-06-06T12:22:59.8767608Z /usr/bin/tar: ../../../../../usr/local/lib/android/sdk/platforms/android-34-ext8/data/res/mipmap-watch-anydpi: Cannot utime: Operation not permitted
build	Cache Android SDK	2026-06-06T12:22:59.8768608Z /usr/bin/tar: ../../../../../usr/local/lib/android/sdk/platforms/android-34-ext8/data/res/mipmap-watch-anydpi: Cannot change mode to rwxr-xr-x: Operation not permitted
build	Cache Android SDK	2026-06-06T12:22:59.8770806Z /usr/bin/tar: ../../../../../usr/local/lib/android/sdk/platforms/android-34-ext8/data/res/values-sq-television: Cannot utime: Operation not permitted
build	Cache Android SDK	2026-06-06T12:22:59.8771759Z /usr/bin/tar: ../../../../../usr/local/lib/android/sdk/platforms/android-34-ext8/data/res/values-sq-television: Cannot change mode to rwxr-xr-x: Operation not permitted
build	Cache Android SDK	2026-06-06T12:22:59.8773947Z /usr/bin/tar: ../../../../../usr/local/lib/android/sdk/platforms/android-34-ext8/data/res/values-mcc310-mnc030-en-rCA: Cannot utime: Operation not permitted
build	Cache Android SDK	2026-06-06T12:22:59.8775063Z /usr/bin/tar: ../../../../../usr/local/lib/android/sdk/platforms/android-34-ext8/data/res/values-mcc310-mnc030-en-rCA: Cannot change mode to rwxr-xr-x: Operation not permitted
build	Cache Android SDK	2026-06-06T12:22:59.8776997Z /usr/bin/tar: ../../../../../usr/local/lib/android/sdk/platforms/android-34-ext8/data/res/values-mcc001-mnc01-in: Cannot utime: Operation not permitted
build	Cache Android SDK	2026-06-06T12:22:59.8778144Z /usr/bin/tar: ../../../../../usr/local/lib/android/sdk/platforms/android-34-ext8/data/res/values-mcc001-mnc01-in: Cannot change mode to rwxr-xr-x: Operation not permitted
build	Cache Android SDK	2026-06-06T12:22:59.8780147Z /usr/bin/tar: ../../../../../usr/local/lib/android/sdk/platforms/android-34-ext8/data/res/values-mcc310-mnc800-zh-rHK: Cannot utime: Operation not permitted
build	Cache Android SDK	2026-06-06T12:22:59.8781131Z /usr/bin/tar: ../../../../../usr/local/lib/android/sdk/platforms/android-34-ext8/data/res/values-mcc310-mnc800-zh-rHK: Cannot change mode to rwxr-xr-x: Operation not permitted
build	Cache Android SDK	2026-06-06T12:22:59.8783470Z /usr/bin/tar: ../../../../../usr/local/lib/android/sdk/platforms/android-34-ext8/data/res/values-mcc310-mnc170-nb: Cannot utime: Operation not permitted
build	Cache Android SDK	2026-06-06T12:22:59.8784435Z /usr/bin/tar: ../../../../../usr/local/lib/android/sdk/platforms/android-34-ext8/data/res/values-mcc310-mnc170-nb: Cannot change mode to rwxr-xr-x: Operation not permitted
build	Cache Android SDK	2026-06-06T12:22:59.8786574Z /usr/bin/tar: ../../../../../usr/local/lib/android/sdk/platforms/android-34-ext8/data/res/values-mcc311-mnc180-hu: Cannot utime: Operation not permitted
build	Cache Android SDK	2026-06-06T12:22:59.8787776Z /usr/bin/tar: ../../../../../usr/local/lib/android/sdk/platforms/android-34-ext8/data/res/values-mcc311-mnc180-hu: Cannot change mode to rwxr-xr-x: Operation not permitted
build	Cache Android SDK	2026-06-06T12:22:59.8789699Z /usr/bin/tar: ../../../../../usr/local/lib/android/sdk/platforms/android-34-ext8/data/res/values-mcc310-mnc210-sv: Cannot utime: Operation not permitted
build	Cache Android SDK	2026-06-06T12:22:59.8790670Z /usr/bin/tar: ../../../../../usr/local/lib/android/sdk/platforms/android-34-ext8/data/res/values-mcc310-mnc210-sv: Cannot change mode to rwxr-xr-x: Operation not permitted
build	Cache Android SDK	2026-06-06T12:22:59.8793515Z /usr/bin/tar: ../../../../../usr/local/lib/android/sdk/platforms/android-34-ext8/data/res/values-mcc310-mnc280-be: Cannot utime: Operation not permitted
build	Cache Android SDK	2026-06-06T12:22:59.8794463Z /usr/bin/tar: ../../../../../usr/local/lib/android/sdk/platforms/android-34-ext8/data/res/values-mcc310-mnc280-be: Cannot change mode to rwxr-xr-x: Operation not permitted
build	Cache Android SDK	2026-06-06T12:22:59.8797562Z /usr/bin/tar: ../../../../../usr/local/lib/android/sdk/platforms/android-34-ext8/data/res/values-mcc310-mnc220-en-rGB: Cannot utime: Operation not permitted
build	Cache Android SDK	2026-06-06T12:22:59.8798851Z /usr/bin/tar: ../../../../../usr/local/lib/android/sdk/platforms/android-34-ext8/data/res/values-mcc310-mnc220-en-rGB: Cannot change mode to rwxr-xr-x: Operation not permitted
build	Cache Android SDK	2026-06-06T12:22:59.8800375Z /usr/bin/tar: ../../../../../usr/local/lib/android/sdk/platforms/android-34-ext8/data/res/values-mcc310-mnc950-el: Cannot utime: Operation not permitted
build	Cache Android SDK	2026-06-06T12:22:59.8801426Z /usr/bin/tar: ../../../../../usr/local/lib/android/sdk/platforms/android-34-ext8/data/res/values-mcc310-mnc950-el: Cannot change mode to rwxr-xr-x: Operation not permitted
build	Cache Android SDK	2026-06-06T12:22:59.8804193Z /usr/bin/tar: ../../../../../usr/local/lib/android/sdk/platforms/android-34-ext8/data/res/values-mcc310-mnc220-gu: Cannot utime: Operation not permitted
build	Cache Android SDK	2026-06-06T12:22:59.8805411Z /usr/bin/tar: ../../../../../usr/local/lib/android/sdk/platforms/android-34-ext8/data/res/values-mcc310-mnc220-gu: Cannot change mode to rwxr-xr-x: Operation not permitted
build	Cache Android SDK	2026-06-06T12:22:59.8807308Z /usr/bin/tar: ../../../../../usr/local/lib/android/sdk/platforms/android-34-ext8/data/res/values-mcc310-mnc590: Cannot utime: Operation not permitted
build	Cache Android SDK	2026-06-06T12:22:59.8808612Z /usr/bin/tar: ../../../../../usr/local/lib/android/sdk/platforms/android-34-ext8/data/res/values-mcc310-mnc590: Cannot change mode to rwxr-xr-x: Operation not permitted
build	Cache Android SDK	2026-06-06T12:22:59.8813967Z /usr/bin/tar: ../../../../../usr/local/lib/android/sdk/platforms/android-34-ext8/data/res/values-mcc310-mnc800-tr: Cannot utime: Operation not permitted
build	Cache Android SDK	2026-06-06T12:22:59.8815064Z /usr/bin/tar: ../../../../../usr/local/lib/android/sdk/platforms/android-34-ext8/data/res/values-mcc310-mnc800-tr: Cannot change mode to rwxr-xr-x: Operation not permitted
build	Cache Android SDK	2026-06-06T12:22:59.8816905Z /usr/bin/tar: ../../../../../usr/local/lib/android/sdk/platforms/android-34-ext8/data/res/values-mcc310-mnc800-fr-rCA: Cannot utime: Operation not permitted
build	Cache Android SDK	2026-06-06T12:22:59.8818131Z /usr/bin/tar: ../../../../../usr/local/lib/android/sdk/platforms/android-34-ext8/data/res/values-mcc310-mnc800-fr-rCA: Cannot change mode to rwxr-xr-x: Operation not permitted
build	Cache Android SDK	2026-06-06T12:22:59.8821265Z /usr/bin/tar: ../../../../../usr/local/lib/android/sdk/platforms/android-34-ext8/data/res/values-mcc310-mnc250-ml: Cannot utime: Operation not permitted
build	Cache Android SDK	2026-06-06T12:22:59.8822235Z /usr/bin/tar: ../../../../../usr/local/lib/android/sdk/platforms/android-34-ext8/data/res/values-mcc310-mnc250-ml: Cannot change mode to rwxr-xr-x: Operation not permitted
build	Cache Android SDK	2026-06-06T12:22:59.8825163Z /usr/bin/tar: ../../../../../usr/local/lib/android/sdk/platforms/android-34-ext8/data/res/values-mcc310-mnc220-ar: Cannot utime: Operation not permitted
build	Cache Android SDK	2026-06-06T12:22:59.8826292Z /usr/bin/tar: ../../../../../usr/local/lib/android/sdk/platforms/android-34-ext8/data/res/values-mcc310-mnc220-ar: Cannot change mode to rwxr-xr-x: Operation not permitted
build	Cache Android SDK	2026-06-06T12:22:59.8828046Z /usr/bin/tar: ../../../../../usr/local/lib/android/sdk/platforms/android-34-ext8/data/res/values-mcc334-mnc030: Cannot utime: Operation not permitted
build	Cache Android SDK	2026-06-06T12:22:59.8828979Z /usr/bin/tar: ../../../../../usr/local/lib/android/sdk/platforms/android-34-ext8/data/res/values-mcc334-mnc030: Cannot change mode to rwxr-xr-x: Operation not permitted
build	Cache Android SDK	2026-06-06T12:22:59.8831976Z /usr/bin/tar: ../../../../../usr/local/lib/android/sdk/platforms/android-34-ext8/data/res/values-mcc312-mnc670-lv: Cannot utime: Operation not permitted
build	Cache Android SDK	2026-06-06T12:22:59.8832986Z /usr/bin/tar: ../../../../../usr/local/lib/android/sdk/platforms/android-34-ext8/data/res/values-mcc312-mnc670-lv: Cannot change mode to rwxr-xr-x: Operation not permitted
build	Cache Android SDK	2026-06-06T12:22:59.8835298Z /usr/bin/tar: ../../../../../usr/local/lib/android/sdk/platforms/android-34-ext8/data/res/values-mcc310-mnc220-lo: Cannot utime: Operation not permitted
build	Cache Android SDK	2026-06-06T12:22:59.8836528Z /usr/bin/tar: ../../../../../usr/local/lib/android/sdk/platforms/android-34-ext8/data/res/values-mcc310-mnc220-lo: Cannot change mode to rwxr-xr-x: Operation not permitted
build	Cache Android SDK	2026-06-06T12:22:59.8837875Z /usr/bin/tar: ../../../../../usr/local/lib/android/sdk/platforms/android-34-ext8/data/res/values-mcc310-mnc230-pt-rBR: Cannot utime: Operation not permitted
build	Cache Android SDK	2026-06-06T12:22:59.8838866Z /usr/bin/tar: ../../../../../usr/local/lib/android/sdk/platforms/android-34-ext8/data/res/values-mcc310-mnc230-pt-rBR: Cannot change mode to rwxr-xr-x: Operation not permitted
build	Cache Android SDK	2026-06-06T12:22:59.8840650Z /usr/bin/tar: ../../../../../usr/local/lib/android/sdk/platforms/android-34-ext8/data/res/values-mcc310-mnc380: Cannot utime: Operation not permitted
build	Cache Android SDK	2026-06-06T12:22:59.8841838Z /usr/bin/tar: ../../../../../usr/local/lib/android/sdk/platforms/android-34-ext8/data/res/values-mcc310-mnc380: Cannot change mode to rwxr-xr-x: Operation not permitted
build	Cache Android SDK	2026-06-06T12:22:59.8843954Z /usr/bin/tar: ../../../../../usr/local/lib/android/sdk/platforms/android-34-ext8/data/res/values-mcc310-mnc170-pt: Cannot utime: Operation not permitted
build	Cache Android SDK	2026-06-06T12:22:59.8845080Z /usr/bin/tar: ../../../../../usr/local/lib/android/sdk/platforms/android-34-ext8/data/res/values-mcc310-mnc170-pt: Cannot change mode to rwxr-xr-x: Operation not permitted
build	Cache Android SDK	2026-06-06T12:22:59.8847820Z /usr/bin/tar: ../../../../../usr/local/lib/android/sdk/platforms/android-34-ext8/data/res/values-mcc311-mnc180-ne: Cannot utime: Operation not permitted
build	Cache Android SDK	2026-06-06T12:22:59.8848802Z /usr/bin/tar: ../../../../../usr/local/lib/android/sdk/platforms/android-34-ext8/data/res/values-mcc311-mnc180-ne: Cannot change mode to rwxr-xr-x: Operation not permitted
build	Cache Android SDK	2026-06-06T12:22:59.8851418Z /usr/bin/tar: ../../../../../usr/local/lib/android/sdk/platforms/android-34-ext8/data/res/values-bs-television: Cannot utime: Operation not permitted
build	Cache Android SDK	2026-06-06T12:22:59.8852384Z /usr/bin/tar: ../../../../../usr/local/lib/android/sdk/platforms/android-34-ext8/data/res/values-bs-television: Cannot change mode to rwxr-xr-x: Operation not permitted
build	Cache Android SDK	2026-06-06T12:22:59.8855044Z /usr/bin/tar: ../../../../../usr/local/lib/android/sdk/platforms/android-34-ext8/data/res/values-mcc310-mnc270-ru: Cannot utime: Operation not permitted
build	Cache Android SDK	2026-06-06T12:22:59.8856034Z /usr/bin/tar: ../../../../../usr/local/lib/android/sdk/platforms/android-34-ext8/data/res/values-mcc310-mnc270-ru: Cannot change mode to rwxr-xr-x: Operation not permitted
build	Cache Android SDK	2026-06-06T12:22:59.8858521Z /usr/bin/tar: ../../../../../usr/local/lib/android/sdk/platforms/android-34-ext8/data/res/values-mcc310-mnc220-sk: Cannot utime: Operation not permitted
build	Cache Android SDK	2026-06-06T12:22:59.8859655Z /usr/bin/tar: ../../../../../usr/local/lib/android/sdk/platforms/android-34-ext8/data/res/values-mcc310-mnc220-sk: Cannot change mode to rwxr-xr-x: Operation not permitted
build	Cache Android SDK	2026-06-06T12:22:59.8861776Z /usr/bin/tar: ../../../../../usr/local/lib/android/sdk/platforms/android-34-ext8/data/res/values-mcc310-mnc150: Cannot utime: Operation not permitted
build	Cache Android SDK	2026-06-06T12:22:59.8863224Z /usr/bin/tar: ../../../../../usr/local/lib/android/sdk/platforms/android-34-ext8/data/res/values-mcc310-mnc150: Cannot change mode to rwxr-xr-x: Operation not permitted
build	Cache Android SDK	2026-06-06T12:22:59.8865109Z /usr/bin/tar: ../../../../../usr/local/lib/android/sdk/platforms/android-34-ext8/data/res/values-mcc310-mnc410-sv: Cannot utime: Operation not permitted
build	Cache Android SDK	2026-06-06T12:22:59.8866112Z /usr/bin/tar: ../../../../../usr/local/lib/android/sdk/platforms/android-34-ext8/data/res/values-mcc310-mnc410-sv: Cannot change mode to rwxr-xr-x: Operation not permitted
build	Cache Android SDK	2026-06-06T12:22:59.8870459Z /usr/bin/tar: ../../../../../usr/local/lib/android/sdk/platforms/android-34-ext8/data/res/values-mcc310-mnc210-lv: Cannot utime: Operation not permitted
build	Cache Android SDK	2026-06-06T12:22:59.8871491Z /usr/bin/tar: ../../../../../usr/local/lib/android/sdk/platforms/android-34-ext8/data/res/values-mcc310-mnc210-lv: Cannot change mode to rwxr-xr-x: Operation not permitted
build	Cache Android SDK	2026-06-06T12:22:59.8873432Z /usr/bin/tar: ../../../../../usr/local/lib/android/sdk/platforms/android-34-ext8/data/res/values-mcc310-mnc280-sv: Cannot utime: Operation not permitted
build	Cache Android SDK	2026-06-06T12:22:59.8874494Z /usr/bin/tar: ../../../../../usr/local/lib/android/sdk/platforms/android-34-ext8/data/res/values-mcc310-mnc280-sv: Cannot change mode to rwxr-xr-x: Operation not permitted
build	Cache Android SDK	2026-06-06T12:22:59.8877694Z /usr/bin/tar: ../../../../../usr/local/lib/android/sdk/platforms/android-34-ext8/data/res/values-mcc310-mnc660-ar: Cannot utime: Operation not permitted
build	Cache Android SDK	2026-06-06T12:22:59.8878827Z /usr/bin/tar: ../../../../../usr/local/lib/android/sdk/platforms/android-34-ext8/data/res/values-mcc310-mnc660-ar: Cannot change mode to rwxr-xr-x: Operation not permitted
build	Cache Android SDK	2026-06-06T12:22:59.8883551Z /usr/bin/tar: ../../../../../usr/local/lib/android/sdk/platforms/android-34-ext8/data/res/values-sw: Cannot utime: Operation not permitted
build	Cache Android SDK	2026-06-06T12:22:59.8884521Z /usr/bin/tar: ../../../../../usr/local/lib/android/sdk/platforms/android-34-ext8/data/res/values-sw: Cannot change mode to rwxr-xr-x: Operation not permitted
build	Cache Android SDK	2026-06-06T12:22:59.8887176Z /usr/bin/tar: ../../../../../usr/local/lib/android/sdk/platforms/android-34-ext8/data/res/values-mcc313-mnc100-ne: Cannot utime: Operation not permitted
build	Cache Android SDK	2026-06-06T12:22:59.8888397Z /usr/bin/tar: ../../../../../usr/local/lib/android/sdk/platforms/android-34-ext8/data/res/values-mcc313-mnc100-ne: Cannot change mode to rwxr-xr-x: Operation not permitted
build	Cache Android SDK	2026-06-06T12:22:59.8890434Z /usr/bin/tar: ../../../../../usr/local/lib/android/sdk/platforms/android-34-ext8/data/res/values-mcc310-mnc200-zh-rHK: Cannot utime: Operation not permitted
build	Cache Android SDK	2026-06-06T12:22:59.8891504Z /usr/bin/tar: ../../../../../usr/local/lib/android/sdk/platforms/android-34-ext8/data/res/values-mcc310-mnc200-zh-rHK: Cannot change mode to rwxr-xr-x: Operation not permitted
build	Cache Android SDK	2026-06-06T12:22:59.8893985Z /usr/bin/tar: ../../../../../usr/local/lib/android/sdk/platforms/android-34-ext8/data/res/values-mcc310-mnc310-mn: Cannot utime: Operation not permitted
build	Cache Android SDK	2026-06-06T12:22:59.8894940Z /usr/bin/tar: ../../../../../usr/local/lib/android/sdk/platforms/android-34-ext8/data/res/values-mcc310-mnc310-mn: Cannot change mode to rwxr-xr-x: Operation not permitted
build	Cache Android SDK	2026-06-06T12:22:59.8896933Z /usr/bin/tar: ../../../../../usr/local/lib/android/sdk/platforms/android-34-ext8/data/res/values-mcc311-mnc180-th: Cannot utime: Operation not permitted
build	Cache Android SDK	2026-06-06T12:22:59.8897965Z /usr/bin/tar: ../../../../../usr/local/lib/android/sdk/platforms/android-34-ext8/data/res/values-mcc311-mnc180-th: Cannot change mode to rwxr-xr-x: Operation not permitted
build	Cache Android SDK	2026-06-06T12:22:59.8900046Z /usr/bin/tar: ../../../../../usr/local/lib/android/sdk/platforms/android-34-ext8/data/res/values-mcc311-mnc180-fr-rCA: Cannot utime: Operation not permitted
build	Cache Android SDK	2026-06-06T12:22:59.8901025Z /usr/bin/tar: ../../../../../usr/local/lib/android/sdk/platforms/android-34-ext8/data/res/values-mcc311-mnc180-fr-rCA: Cannot change mode to rwxr-xr-x: Operation not permitted
build	Cache Android SDK	2026-06-06T12:22:59.8903194Z /usr/bin/tar: ../../../../../usr/local/lib/android/sdk/platforms/android-34-ext8/data/res/values-sl-rSI: Cannot utime: Operation not permitted
build	Cache Android SDK	2026-06-06T12:22:59.8904098Z /usr/bin/tar: ../../../../../usr/local/lib/android/sdk/platforms/android-34-ext8/data/res/values-sl-rSI: Cannot change mode to rwxr-xr-x: Operation not permitted
build	Cache Android SDK	2026-06-06T12:22:59.8906532Z /usr/bin/tar: ../../../../../usr/local/lib/android/sdk/platforms/android-34-ext8/data/res/values-ja-rJP: Cannot utime: Operation not permitted
build	Cache Android SDK	2026-06-06T12:22:59.8907769Z /usr/bin/tar: ../../../../../usr/local/lib/android/sdk/platforms/android-34-ext8/data/res/values-ja-rJP: Cannot change mode to rwxr-xr-x: Operation not permitted
build	Cache Android SDK	2026-06-06T12:22:59.8909406Z /usr/bin/tar: ../../../../../usr/local/lib/android/sdk/platforms/android-34-ext8/data/res/values-mcc313-mnc100-uz: Cannot utime: Operation not permitted
build	Cache Android SDK	2026-06-06T12:22:59.8910371Z /usr/bin/tar: ../../../../../usr/local/lib/android/sdk/platforms/android-34-ext8/data/res/values-mcc313-mnc100-uz: Cannot change mode to rwxr-xr-x: Operation not permitted
build	Cache Android SDK	2026-06-06T12:22:59.8912302Z /usr/bin/tar: ../../../../../usr/local/lib/android/sdk/platforms/android-34-ext8/data/res/values-mcc310-mnc230-vi: Cannot utime: Operation not permitted
build	Cache Android SDK	2026-06-06T12:22:59.8913243Z /usr/bin/tar: ../../../../../usr/local/lib/android/sdk/platforms/android-34-ext8/data/res/values-mcc310-mnc230-vi: Cannot change mode to rwxr-xr-x: Operation not permitted
build	Cache Android SDK	2026-06-06T12:22:59.8915597Z /usr/bin/tar: ../../../../../usr/local/lib/android/sdk/platforms/android-34-ext8/data/res/values-mcc310-mnc560-iw: Cannot utime: Operation not permitted
build	Cache Android SDK	2026-06-06T12:22:59.8916545Z /usr/bin/tar: ../../../../../usr/local/lib/android/sdk/platforms/android-34-ext8/data/res/values-mcc310-mnc560-iw: Cannot change mode to rwxr-xr-x: Operation not permitted
build	Cache Android SDK	2026-06-06T12:22:59.8918997Z /usr/bin/tar: ../../../../../usr/local/lib/android/sdk/platforms/android-34-ext8/data/res/values-mcc310-mnc170-sv: Cannot utime: Operation not permitted
build	Cache Android SDK	2026-06-06T12:22:59.8919968Z /usr/bin/tar: ../../../../../usr/local/lib/android/sdk/platforms/android-34-ext8/data/res/values-mcc310-mnc170-sv: Cannot change mode to rwxr-xr-x: Operation not permitted
build	Cache Android SDK	2026-06-06T12:22:59.8921827Z /usr/bin/tar: ../../../../../usr/local/lib/android/sdk/platforms/android-34-ext8/data/res/values-mcc310-mnc260: Cannot utime: Operation not permitted
build	Cache Android SDK	2026-06-06T12:22:59.8922781Z /usr/bin/tar: ../../../../../usr/local/lib/android/sdk/platforms/android-34-ext8/data/res/values-mcc310-mnc260: Cannot change mode to rwxr-xr-x: Operation not permitted
build	Cache Android SDK	2026-06-06T12:22:59.8924671Z /usr/bin/tar: ../../../../../usr/local/lib/android/sdk/platforms/android-34-ext8/data/res/values-mcc302-mnc720-mr: Cannot utime: Operation not permitted
build	Cache Android SDK	2026-06-06T12:22:59.8925700Z /usr/bin/tar: ../../../../../usr/local/lib/android/sdk/platforms/android-34-ext8/data/res/values-mcc302-mnc720-mr: Cannot change mode to rwxr-xr-x: Operation not permitted
build	Cache Android SDK	2026-06-06T12:22:59.8928153Z /usr/bin/tar: ../../../../../usr/local/lib/android/sdk/platforms/android-34-ext8/data/res/values-mcc310-mnc210-lo: Cannot utime: Operation not permitted
build	Cache Android SDK	2026-06-06T12:22:59.8929105Z /usr/bin/tar: ../../../../../usr/local/lib/android/sdk/platforms/android-34-ext8/data/res/values-mcc310-mnc210-lo: Cannot change mode to rwxr-xr-x: Operation not permitted
build	Cache Android SDK	2026-06-06T12:22:59.8932462Z /usr/bin/tar: ../../../../../usr/local/lib/android/sdk/platforms/android-34-ext8/data/res/values-mcc310-mnc150-af: Cannot utime: Operation not permitted
build	Cache Android SDK	2026-06-06T12:22:59.8933407Z /usr/bin/tar: ../../../../../usr/local/lib/android/sdk/platforms/android-34-ext8/data/res/values-mcc310-mnc150-af: Cannot change mode to rwxr-xr-x: Operation not permitted
build	Cache Android SDK	2026-06-06T12:22:59.8938552Z /usr/bin/tar: ../../../../../usr/local/lib/android/sdk/platforms/android-34-ext8/data/res/layout-car: Cannot utime: Operation not permitted
build	Cache Android SDK	2026-06-06T12:22:59.8939433Z /usr/bin/tar: ../../../../../usr/local/lib/android/sdk/platforms/android-34-ext8/data/res/layout-car: Cannot change mode to rwxr-xr-x: Operation not permitted
build	Cache Android SDK	2026-06-06T12:22:59.8941808Z /usr/bin/tar: ../../../../../usr/local/lib/android/sdk/platforms/android-34-ext8/data/res/values-mcc310-mnc270-iw: Cannot utime: Operation not permitted
build	Cache Android SDK	2026-06-06T12:22:59.8942924Z /usr/bin/tar: ../../../../../usr/local/lib/android/sdk/platforms/android-34-ext8/data/res/values-mcc310-mnc270-iw: Cannot change mode to rwxr-xr-x: Operation not permitted
build	Cache Android SDK	2026-06-06T12:22:59.8944631Z /usr/bin/tar: ../../../../../usr/local/lib/android/sdk/platforms/android-34-ext8/data/res/values-mcc310-mnc660-ne: Cannot utime: Operation not permitted
build	Cache Android SDK	2026-06-06T12:22:59.8945704Z /usr/bin/tar: ../../../../../usr/local/lib/android/sdk/platforms/android-34-ext8/data/res/values-mcc310-mnc660-ne: Cannot change mode to rwxr-xr-x: Operation not permitted
build	Cache Android SDK	2026-06-06T12:22:59.8948512Z /usr/bin/tar: ../../../../../usr/local/lib/android/sdk/platforms/android-34-ext8/data/res/values-sw-rTZ: Cannot utime: Operation not permitted
build	Cache Android SDK	2026-06-06T12:22:59.8949416Z /usr/bin/tar: ../../../../../usr/local/lib/android/sdk/platforms/android-34-ext8/data/res/values-sw-rTZ: Cannot change mode to rwxr-xr-x: Operation not permitted
build	Cache Android SDK	2026-06-06T12:22:59.8952250Z /usr/bin/tar: ../../../../../usr/local/lib/android/sdk/platforms/android-34-ext8/data/res/values-mcc310-mnc160-zu: Cannot utime: Operation not permitted
build	Cache Android SDK	2026-06-06T12:22:59.8953198Z /usr/bin/tar: ../../../../../usr/local/lib/android/sdk/platforms/android-34-ext8/data/res/values-mcc310-mnc160-zu: Cannot change mode to rwxr-xr-x: Operation not permitted
build	Cache Android SDK	2026-06-06T12:22:59.8955282Z /usr/bin/tar: ../../../../../usr/local/lib/android/sdk/platforms/android-34-ext8/data/res/values-mcc334-mnc020-ne: Cannot utime: Operation not permitted
build	Cache Android SDK	2026-06-06T12:22:59.8956318Z /usr/bin/tar: ../../../../../usr/local/lib/android/sdk/platforms/android-34-ext8/data/res/values-mcc334-mnc020-ne: Cannot change mode to rwxr-xr-x: Operation not permitted
build	Cache Android SDK	2026-06-06T12:22:59.8958922Z /usr/bin/tar: ../../../../../usr/local/lib/android/sdk/platforms/android-34-ext8/data/res/values-mcc302-mnc720-ro: Cannot utime: Operation not permitted
build	Cache Android SDK	2026-06-06T12:22:59.8959878Z /usr/bin/tar: ../../../../../usr/local/lib/android/sdk/platforms/android-34-ext8/data/res/values-mcc302-mnc720-ro: Cannot change mode to rwxr-xr-x: Operation not permitted
build	Cache Android SDK	2026-06-06T12:22:59.8967766Z /usr/bin/tar: ../../../../../usr/local/lib/android/sdk/platforms/android-34-ext8/data/res/values-mcc310-mnc490-en-rGB: Cannot utime: Operation not permitted
build	Cache Android SDK	2026-06-06T12:22:59.8968767Z /usr/bin/tar: ../../../../../usr/local/lib/android/sdk/platforms/android-34-ext8/data/res/values-mcc310-mnc490-en-rGB: Cannot change mode to rwxr-xr-x: Operation not permitted
build	Cache Android SDK	2026-06-06T12:22:59.8972367Z /usr/bin/tar: ../../../../../usr/local/lib/android/sdk/platforms/android-34-ext8/data/res/values-de-rDE: Cannot utime: Operation not permitted
build	Cache Android SDK	2026-06-06T12:22:59.8973268Z /usr/bin/tar: ../../../../../usr/local/lib/android/sdk/platforms/android-34-ext8/data/res/values-de-rDE: Cannot change mode to rwxr-xr-x: Operation not permitted
build	Cache Android SDK	2026-06-06T12:22:59.8976607Z /usr/bin/tar: ../../../../../usr/local/lib/android/sdk/platforms/android-34-ext8/data/res/values-mcc334-mnc020-ml: Cannot utime: Operation not permitted
build	Cache Android SDK	2026-06-06T12:22:59.8977806Z /usr/bin/tar: ../../../../../usr/local/lib/android/sdk/platforms/android-34-ext8/data/res/values-mcc334-mnc020-ml: Cannot change mode to rwxr-xr-x: Operation not permitted
build	Cache Android SDK	2026-06-06T12:22:59.8980875Z /usr/bin/tar: ../../../../../usr/local/lib/android/sdk/platforms/android-34-ext8/data/res/values-mcc334-mnc020-zh-rCN: Cannot utime: Operation not permitted
build	Cache Android SDK	2026-06-06T12:22:59.8981871Z /usr/bin/tar: ../../../../../usr/local/lib/android/sdk/platforms/android-34-ext8/data/res/values-mcc334-mnc020-zh-rCN: Cannot change mode to rwxr-xr-x: Operation not permitted
build	Cache Android SDK	2026-06-06T12:22:59.8986584Z /usr/bin/tar: ../../../../../usr/local/lib/android/sdk/platforms/android-34-ext8/data/res/values-mcc310-mnc150-te: Cannot utime: Operation not permitted
build	Cache Android SDK	2026-06-06T12:22:59.8987707Z /usr/bin/tar: ../../../../../usr/local/lib/android/sdk/platforms/android-34-ext8/data/res/values-mcc310-mnc150-te: Cannot change mode to rwxr-xr-x: Operation not permitted
build	Cache Android SDK	2026-06-06T12:22:59.8992611Z /usr/bin/tar: ../../../../../usr/local/lib/android/sdk/platforms/android-34-ext8/data/res/values-mcc310-mnc200-b+sr+Latn: Cannot utime: Operation not permitted
build	Cache Android SDK	2026-06-06T12:22:59.8993634Z /usr/bin/tar: ../../../../../usr/local/lib/android/sdk/platforms/android-34-ext8/data/res/values-mcc310-mnc200-b+sr+Latn: Cannot change mode to rwxr-xr-x: Operation not permitted
build	Cache Android SDK	2026-06-06T12:22:59.9000141Z /usr/bin/tar: ../../../../../usr/local/lib/android/sdk/platforms/android-34-ext8/data/res/values-mcc310-mnc150-ml: Cannot utime: Operation not permitted
build	Cache Android SDK	2026-06-06T12:22:59.9001111Z /usr/bin/tar: ../../../../../usr/local/lib/android/sdk/platforms/android-34-ext8/data/res/values-mcc310-mnc150-ml: Cannot change mode to rwxr-xr-x: Operation not permitted
build	Cache Android SDK	2026-06-06T12:22:59.9007232Z /usr/bin/tar: ../../../../../usr/local/lib/android/sdk/platforms/android-34-ext8/data/res/values-mcc001-mnc01-ja: Cannot utime: Operation not permitted
build	Cache Android SDK	2026-06-06T12:22:59.9008446Z /usr/bin/tar: ../../../../../usr/local/lib/android/sdk/platforms/android-34-ext8/data/res/values-mcc001-mnc01-ja: Cannot change mode to rwxr-xr-x: Operation not permitted
build	Cache Android SDK	2026-06-06T12:22:59.9012792Z /usr/bin/tar: ../../../../../usr/local/lib/android/sdk/platforms/android-34-ext8/data/res/values-mcc310-mnc150-uk: Cannot utime: Operation not permitted
build	Cache Android SDK	2026-06-06T12:22:59.9013741Z /usr/bin/tar: ../../../../../usr/local/lib/android/sdk/platforms/android-34-ext8/data/res/values-mcc310-mnc150-uk: Cannot change mode to rwxr-xr-x: Operation not permitted
build	Cache Android SDK	2026-06-06T12:22:59.9017095Z /usr/bin/tar: ../../../../../usr/local/lib/android/sdk/platforms/android-34-ext8/data/res/values-mcc334-mnc020-de: Cannot utime: Operation not permitted
build	Cache Android SDK	2026-06-06T12:22:59.9018281Z /usr/bin/tar: ../../../../../usr/local/lib/android/sdk/platforms/android-34-ext8/data/res/values-mcc334-mnc020-de: Cannot change mode to rwxr-xr-x: Operation not permitted
build	Cache Android SDK	2026-06-06T12:22:59.9022752Z /usr/bin/tar: ../../../../../usr/local/lib/android/sdk/platforms/android-34-ext8/data/res/values-mcc310-mnc230-es: Cannot utime: Operation not permitted
build	Cache Android SDK	2026-06-06T12:22:59.9023777Z /usr/bin/tar: ../../../../../usr/local/lib/android/sdk/platforms/android-34-ext8/data/res/values-mcc310-mnc230-es: Cannot change mode to rwxr-xr-x: Operation not permitted
build	Cache Android SDK	2026-06-06T12:22:59.9027471Z /usr/bin/tar: ../../../../../usr/local/lib/android/sdk/platforms/android-34-ext8/data/res/values-mcc310-mnc280-fr: Cannot utime: Operation not permitted
build	Cache Android SDK	2026-06-06T12:22:59.9028959Z /usr/bin/tar: ../../../../../usr/local/lib/android/sdk/platforms/android-34-ext8/data/res/values-mcc310-mnc280-fr: Cannot change mode to rwxr-xr-x: Operation not permitted
build	Cache Android SDK	2026-06-06T12:22:59.9032069Z /usr/bin/tar: ../../../../../usr/local/lib/android/sdk/platforms/android-34-ext8/data/res/values-mcc302-mnc370-eu: Cannot utime: Operation not permitted
build	Cache Android SDK	2026-06-06T12:22:59.9033014Z /usr/bin/tar: ../../../../../usr/local/lib/android/sdk/platforms/android-34-ext8/data/res/values-mcc302-mnc370-eu: Cannot change mode to rwxr-xr-x: Operation not permitted
build	Cache Android SDK	2026-06-06T12:22:59.9036176Z /usr/bin/tar: ../../../../../usr/local/lib/android/sdk/platforms/android-34-ext8/data/res/values-mcc334-mnc020-ja: Cannot utime: Operation not permitted
build	Cache Android SDK	2026-06-06T12:22:59.9037130Z /usr/bin/tar: ../../../../../usr/local/lib/android/sdk/platforms/android-34-ext8/data/res/values-mcc334-mnc020-ja: Cannot change mode to rwxr-xr-x: Operation not permitted
build	Cache Android SDK	2026-06-06T12:22:59.9041576Z /usr/bin/tar: ../../../../../usr/local/lib/android/sdk/platforms/android-34-ext8/data/res/values-mcc310-mnc250-my: Cannot utime: Operation not permitted
build	Cache Android SDK	2026-06-06T12:22:59.9042676Z /usr/bin/tar: ../../../../../usr/local/lib/android/sdk/platforms/android-34-ext8/data/res/values-mcc310-mnc250-my: Cannot change mode to rwxr-xr-x: Operation not permitted
build	Cache Android SDK	2026-06-06T12:22:59.9044907Z /usr/bin/tar: ../../../../../usr/local/lib/android/sdk/platforms/android-34-ext8/data/res/values-mcc310-mnc380-b+sr+Latn: Cannot utime: Operation not permitted
build	Cache Android SDK	2026-06-06T12:22:59.9045929Z /usr/bin/tar: ../../../../../usr/local/lib/android/sdk/platforms/android-34-ext8/data/res/values-mcc310-mnc380-b+sr+Latn: Cannot change mode to rwxr-xr-x: Operation not permitted
build	Cache Android SDK	2026-06-06T12:22:59.9049026Z /usr/bin/tar: ../../../../../usr/local/lib/android/sdk/platforms/android-34-ext8/data/res/values-mcc405: Cannot utime: Operation not permitted
build	Cache Android SDK	2026-06-06T12:22:59.9049968Z /usr/bin/tar: ../../../../../usr/local/lib/android/sdk/platforms/android-34-ext8/data/res/values-mcc405: Cannot change mode to rwxr-xr-x: Operation not permitted
build	Cache Android SDK	2026-06-06T12:22:59.9053379Z /usr/bin/tar: ../../../../../usr/local/lib/android/sdk/platforms/android-34-ext8/data/res/values-mcc310-mnc560-km: Cannot utime: Operation not permitted
build	Cache Android SDK	2026-06-06T12:22:59.9054353Z /usr/bin/tar: ../../../../../usr/local/lib/android/sdk/platforms/android-34-ext8/data/res/values-mcc310-mnc560-km: Cannot change mode to rwxr-xr-x: Operation not permitted
build	Cache Android SDK	2026-06-06T12:22:59.9060043Z /usr/bin/tar: ../../../../../usr/local/lib/android/sdk/platforms/android-34-ext8/data/res/values-is: Cannot utime: Operation not permitted
build	Cache Android SDK	2026-06-06T12:22:59.9061096Z /usr/bin/tar: ../../../../../usr/local/lib/android/sdk/platforms/android-34-ext8/data/res/values-is: Cannot change mode to rwxr-xr-x: Operation not permitted
build	Cache Android SDK	2026-06-06T12:22:59.9064036Z /usr/bin/tar: ../../../../../usr/local/lib/android/sdk/platforms/android-34-ext8/data/res/values-mcc334-mnc020-it: Cannot utime: Operation not permitted
build	Cache Android SDK	2026-06-06T12:22:59.9064976Z /usr/bin/tar: ../../../../../usr/local/lib/android/sdk/platforms/android-34-ext8/data/res/values-mcc334-mnc020-it: Cannot change mode to rwxr-xr-x: Operation not permitted
build	Cache Android SDK	2026-06-06T12:22:59.9067189Z /usr/bin/tar: ../../../../../usr/local/lib/android/sdk/platforms/android-34-ext8/data/res/values-mcc310-mnc230-nl: Cannot utime: Operation not permitted
build	Cache Android SDK	2026-06-06T12:22:59.9068313Z /usr/bin/tar: ../../../../../usr/local/lib/android/sdk/platforms/android-34-ext8/data/res/values-mcc310-mnc230-nl: Cannot change mode to rwxr-xr-x: Operation not permitted
build	Cache Android SDK	2026-06-06T12:22:59.9071164Z /usr/bin/tar: ../../../../../usr/local/lib/android/sdk/platforms/android-34-ext8/data/res/values-mcc310-mnc800-vi: Cannot utime: Operation not permitted
build	Cache Android SDK	2026-06-06T12:22:59.9072116Z /usr/bin/tar: ../../../../../usr/local/lib/android/sdk/platforms/android-34-ext8/data/res/values-mcc310-mnc800-vi: Cannot change mode to rwxr-xr-x: Operation not permitted
build	Cache Android SDK	2026-06-06T12:22:59.9074250Z /usr/bin/tar: ../../../../../usr/local/lib/android/sdk/platforms/android-34-ext8/data/res/values-ta-television: Cannot utime: Operation not permitted
build	Cache Android SDK	2026-06-06T12:22:59.9075277Z /usr/bin/tar: ../../../../../usr/local/lib/android/sdk/platforms/android-34-ext8/data/res/values-ta-television: Cannot change mode to rwxr-xr-x: Operation not permitted
build	Cache Android SDK	2026-06-06T12:22:59.9077600Z /usr/bin/tar: ../../../../../usr/local/lib/android/sdk/platforms/android-34-ext8/data/res/values-mcc302-mnc370-bs: Cannot utime: Operation not permitted
build	Cache Android SDK	2026-06-06T12:22:59.9078562Z /usr/bin/tar: ../../../../../usr/local/lib/android/sdk/platforms/android-34-ext8/data/res/values-mcc302-mnc370-bs: Cannot change mode to rwxr-xr-x: Operation not permitted
build	Cache Android SDK	2026-06-06T12:22:59.9082619Z /usr/bin/tar: ../../../../../usr/local/lib/android/sdk/platforms/android-34-ext8/data/res/values-sw600dp: Cannot utime: Operation not permitted
build	Cache Android SDK	2026-06-06T12:22:59.9083530Z /usr/bin/tar: ../../../../../usr/local/lib/android/sdk/platforms/android-34-ext8/data/res/values-sw600dp: Cannot change mode to rwxr-xr-x: Operation not permitted
build	Cache Android SDK	2026-06-06T12:22:59.9085650Z /usr/bin/tar: ../../../../../usr/local/lib/android/sdk/platforms/android-34-ext8/data/res/values-mcc310-mnc490-pl: Cannot utime: Operation not permitted
build	Cache Android SDK	2026-06-06T12:22:59.9086600Z /usr/bin/tar: ../../../../../usr/local/lib/android/sdk/platforms/android-34-ext8/data/res/values-mcc310-mnc490-pl: Cannot change mode to rwxr-xr-x: Operation not permitted
build	Cache Android SDK	2026-06-06T12:22:59.9088675Z /usr/bin/tar: ../../../../../usr/local/lib/android/sdk/platforms/android-34-ext8/data/res/values-mcc313-mnc100-da: Cannot utime: Operation not permitted
build	Cache Android SDK	2026-06-06T12:22:59.9089620Z /usr/bin/tar: ../../../../../usr/local/lib/android/sdk/platforms/android-34-ext8/data/res/values-mcc313-mnc100-da: Cannot change mode to rwxr-xr-x: Operation not permitted
build	Cache Android SDK	2026-06-06T12:22:59.9092582Z /usr/bin/tar: ../../../../../usr/local/lib/android/sdk/platforms/android-34-ext8/data/res/values-mcc313-mnc100-ta: Cannot utime: Operation not permitted
build	Cache Android SDK	2026-06-06T12:22:59.9093536Z /usr/bin/tar: ../../../../../usr/local/lib/android/sdk/platforms/android-34-ext8/data/res/values-mcc313-mnc100-ta: Cannot change mode to rwxr-xr-x: Operation not permitted
build	Cache Android SDK	2026-06-06T12:22:59.9095938Z /usr/bin/tar: ../../../../../usr/local/lib/android/sdk/platforms/android-34-ext8/data/res/values-mcc310-mnc220-sq: Cannot utime: Operation not permitted
build	Cache Android SDK	2026-06-06T12:22:59.9096884Z /usr/bin/tar: ../../../../../usr/local/lib/android/sdk/platforms/android-34-ext8/data/res/values-mcc310-mnc220-sq: Cannot change mode to rwxr-xr-x: Operation not permitted
build	Cache Android SDK	2026-06-06T12:22:59.9099609Z /usr/bin/tar: ../../../../../usr/local/lib/android/sdk/platforms/android-34-ext8/data/res/values-mcc310-mnc250-zh-rCN: Cannot utime: Operation not permitted
build	Cache Android SDK	2026-06-06T12:22:59.9100597Z /usr/bin/tar: ../../../../../usr/local/lib/android/sdk/platforms/android-34-ext8/data/res/values-mcc310-mnc250-zh-rCN: Cannot change mode to rwxr-xr-x: Operation not permitted
build	Cache Android SDK	2026-06-06T12:22:59.9102882Z /usr/bin/tar: ../../../../../usr/local/lib/android/sdk/platforms/android-34-ext8/data/res/values-mcc310-mnc150-gu: Cannot utime: Operation not permitted
build	Cache Android SDK	2026-06-06T12:22:59.9103831Z /usr/bin/tar: ../../../../../usr/local/lib/android/sdk/platforms/android-34-ext8/data/res/values-mcc310-mnc150-gu: Cannot change mode to rwxr-xr-x: Operation not permitted
build	Cache Android SDK	2026-06-06T12:22:59.9106444Z /usr/bin/tar: ../../../../../usr/local/lib/android/sdk/platforms/android-34-ext8/data/res/values-mcc310-mnc230-si: Cannot utime: Operation not permitted
build	Cache Android SDK	2026-06-06T12:22:59.9107527Z /usr/bin/tar: ../../../../../usr/local/lib/android/sdk/platforms/android-34-ext8/data/res/values-mcc310-mnc230-si: Cannot change mode to rwxr-xr-x: Operation not permitted
build	Cache Android SDK	2026-06-06T12:22:59.9109957Z /usr/bin/tar: ../../../../../usr/local/lib/android/sdk/platforms/android-34-ext8/data/res/values-mcc311-mnc180-ar: Cannot utime: Operation not permitted
build	Cache Android SDK	2026-06-06T12:22:59.9110912Z /usr/bin/tar: ../../../../../usr/local/lib/android/sdk/platforms/android-34-ext8/data/res/values-mcc311-mnc180-ar: Cannot change mode to rwxr-xr-x: Operation not permitted
build	Cache Android SDK	2026-06-06T12:22:59.9114199Z /usr/bin/tar: ../../../../../usr/local/lib/android/sdk/platforms/android-34-ext8/data/res/values-mcc310-mnc800-ca: Cannot utime: Operation not permitted
build	Cache Android SDK	2026-06-06T12:22:59.9115810Z /usr/bin/tar: ../../../../../usr/local/lib/android/sdk/platforms/android-34-ext8/data/res/values-mcc310-mnc800-ca: Cannot change mode to rwxr-xr-x: Operation not permitted
build	Cache Android SDK	2026-06-06T12:22:59.9117790Z /usr/bin/tar: ../../../../../usr/local/lib/android/sdk/platforms/android-34-ext8/data/res/values-mcc310-mnc560-as: Cannot utime: Operation not permitted
build	Cache Android SDK	2026-06-06T12:22:59.9118998Z /usr/bin/tar: ../../../../../usr/local/lib/android/sdk/platforms/android-34-ext8/data/res/values-mcc310-mnc560-as: Cannot change mode to rwxr-xr-x: Operation not permitted
build	Cache Android SDK	2026-06-06T12:22:59.9120629Z /usr/bin/tar: ../../../../../usr/local/lib/android/sdk/platforms/android-34-ext8/data/res/values-mcc310-mnc310-zh-rCN: Cannot utime: Operation not permitted
build	Cache Android SDK	2026-06-06T12:22:59.9121636Z /usr/bin/tar: ../../../../../usr/local/lib/android/sdk/platforms/android-34-ext8/data/res/values-mcc310-mnc310-zh-rCN: Cannot change mode to rwxr-xr-x: Operation not permitted
build	Cache Android SDK	2026-06-06T12:22:59.9124789Z /usr/bin/tar: ../../../../../usr/local/lib/android/sdk/platforms/android-34-ext8/data/res/values-mcc310-mnc800-gl: Cannot utime: Operation not permitted
build	Cache Android SDK	2026-06-06T12:22:59.9125852Z /usr/bin/tar: ../../../../../usr/local/lib/android/sdk/platforms/android-34-ext8/data/res/values-mcc310-mnc800-gl: Cannot change mode to rwxr-xr-x: Operation not permitted
build	Cache Android SDK	2026-06-06T12:22:59.9127950Z /usr/bin/tar: ../../../../../usr/local/lib/android/sdk/platforms/android-34-ext8/data/res/values-mcc310-mnc240-si: Cannot utime: Operation not permitted
build	Cache Android SDK	2026-06-06T12:22:59.9128926Z /usr/bin/tar: ../../../../../usr/local/lib/android/sdk/platforms/android-34-ext8/data/res/values-mcc310-mnc240-si: Cannot change mode to rwxr-xr-x: Operation not permitted
build	Cache Android SDK	2026-06-06T12:22:59.9131949Z /usr/bin/tar: ../../../../../usr/local/lib/android/sdk/platforms/android-34-ext8/data/res/values-mcc313-mnc100-en-rAU: Cannot utime: Operation not permitted
build	Cache Android SDK	2026-06-06T12:22:59.9132999Z /usr/bin/tar: ../../../../../usr/local/lib/android/sdk/platforms/android-34-ext8/data/res/values-mcc313-mnc100-en-rAU: Cannot change mode to rwxr-xr-x: Operation not permitted
build	Cache Android SDK	2026-06-06T12:22:59.9135031Z /usr/bin/tar: ../../../../../usr/local/lib/android/sdk/platforms/android-34-ext8/data/res/values-mcc310-mnc280-sk: Cannot utime: Operation not permitted
build	Cache Android SDK	2026-06-06T12:22:59.9135999Z /usr/bin/tar: ../../../../../usr/local/lib/android/sdk/platforms/android-34-ext8/data/res/values-mcc310-mnc280-sk: Cannot change mode to rwxr-xr-x: Operation not permitted
build	Cache Android SDK	2026-06-06T12:22:59.9139169Z /usr/bin/tar: ../../../../../usr/local/lib/android/sdk/platforms/android-34-ext8/data/res/values-mcc310-mnc170-or: Cannot utime: Operation not permitted
build	Cache Android SDK	2026-06-06T12:22:59.9140293Z /usr/bin/tar: ../../../../../usr/local/lib/android/sdk/platforms/android-34-ext8/data/res/values-mcc310-mnc170-or: Cannot change mode to rwxr-xr-x: Operation not permitted
build	Cache Android SDK	2026-06-06T12:22:59.9142122Z /usr/bin/tar: ../../../../../usr/local/lib/android/sdk/platforms/android-34-ext8/data/res/values-mcc310-mnc200-ko: Cannot utime: Operation not permitted
build	Cache Android SDK	2026-06-06T12:22:59.9143206Z /usr/bin/tar: ../../../../../usr/local/lib/android/sdk/platforms/android-34-ext8/data/res/values-mcc310-mnc200-ko: Cannot change mode to rwxr-xr-x: Operation not permitted
build	Cache Android SDK	2026-06-06T12:22:59.9145753Z /usr/bin/tar: ../../../../../usr/local/lib/android/sdk/platforms/android-34-ext8/data/res/values-mcc310-mnc270-b+sr+Latn: Cannot utime: Operation not permitted
build	Cache Android SDK	2026-06-06T12:22:59.9146876Z /usr/bin/tar: ../../../../../usr/local/lib/android/sdk/platforms/android-34-ext8/data/res/values-mcc310-mnc270-b+sr+Latn: Cannot change mode to rwxr-xr-x: Operation not permitted
build	Cache Android SDK	2026-06-06T12:22:59.9148978Z /usr/bin/tar: ../../../../../usr/local/lib/android/sdk/platforms/android-34-ext8/data/res/values-uz-television: Cannot utime: Operation not permitted
build	Cache Android SDK	2026-06-06T12:22:59.9149939Z /usr/bin/tar: ../../../../../usr/local/lib/android/sdk/platforms/android-34-ext8/data/res/values-uz-television: Cannot change mode to rwxr-xr-x: Operation not permitted
build	Cache Android SDK	2026-06-06T12:22:59.9152001Z /usr/bin/tar: ../../../../../usr/local/lib/android/sdk/platforms/android-34-ext8/data/res/values-mcc310-mnc030-tr: Cannot utime: Operation not permitted
build	Cache Android SDK	2026-06-06T12:22:59.9152954Z /usr/bin/tar: ../../../../../usr/local/lib/android/sdk/platforms/android-34-ext8/data/res/values-mcc310-mnc030-tr: Cannot change mode to rwxr-xr-x: Operation not permitted
build	Cache Android SDK	2026-06-06T12:22:59.9155287Z /usr/bin/tar: ../../../../../usr/local/lib/android/sdk/platforms/android-34-ext8/data/res/values-vi-television: Cannot utime: Operation not permitted
build	Cache Android SDK	2026-06-06T12:22:59.9156247Z /usr/bin/tar: ../../../../../usr/local/lib/android/sdk/platforms/android-34-ext8/data/res/values-vi-television: Cannot change mode to rwxr-xr-x: Operation not permitted
build	Cache Android SDK	2026-06-06T12:22:59.9159011Z /usr/bin/tar: ../../../../../usr/local/lib/android/sdk/platforms/android-34-ext8/data/res/values-mcc310-mnc800-sv: Cannot utime: Operation not permitted
build	Cache Android SDK	2026-06-06T12:22:59.9159971Z /usr/bin/tar: ../../../../../usr/local/lib/android/sdk/platforms/android-34-ext8/data/res/values-mcc310-mnc800-sv: Cannot change mode to rwxr-xr-x: Operation not permitted
build	Cache Android SDK	2026-06-06T12:22:59.9162314Z /usr/bin/tar: ../../../../../usr/local/lib/android/sdk/platforms/android-34-ext8/data/res/values-mcc001-mnc01-mn: Cannot utime: Operation not permitted
build	Cache Android SDK	2026-06-06T12:22:59.9163447Z /usr/bin/tar: ../../../../../usr/local/lib/android/sdk/platforms/android-34-ext8/data/res/values-mcc001-mnc01-mn: Cannot change mode to rwxr-xr-x: Operation not permitted
build	Cache Android SDK	2026-06-06T12:22:59.9165397Z /usr/bin/tar: ../../../../../usr/local/lib/android/sdk/platforms/android-34-ext8/data/res/values-mcc001-mnc01-sk: Cannot utime: Operation not permitted
build	Cache Android SDK	2026-06-06T12:22:59.9166438Z /usr/bin/tar: ../../../../../usr/local/lib/android/sdk/platforms/android-34-ext8/data/res/values-mcc001-mnc01-sk: Cannot change mode to rwxr-xr-x: Operation not permitted
build	Cache Android SDK	2026-06-06T12:22:59.9169326Z /usr/bin/tar: ../../../../../usr/local/lib/android/sdk/platforms/android-34-ext8/data/res/values-mcc311-mnc180-ko: Cannot utime: Operation not permitted
build	Cache Android SDK	2026-06-06T12:22:59.9170356Z /usr/bin/tar: ../../../../../usr/local/lib/android/sdk/platforms/android-34-ext8/data/res/values-mcc311-mnc180-ko: Cannot change mode to rwxr-xr-x: Operation not permitted
build	Cache Android SDK	2026-06-06T12:22:59.9172993Z /usr/bin/tar: ../../../../../usr/local/lib/android/sdk/platforms/android-34-ext8/data/res/raw-fi: Cannot utime: Operation not permitted
build	Cache Android SDK	2026-06-06T12:22:59.9173946Z /usr/bin/tar: ../../../../../usr/local/lib/android/sdk/platforms/android-34-ext8/data/res/raw-fi: Cannot change mode to rwxr-xr-x: Operation not permitted
build	Cache Android SDK	2026-06-06T12:22:59.9176297Z /usr/bin/tar: ../../../../../usr/local/lib/android/sdk/platforms/android-34-ext8/data/res/values-mcc313-mnc100-gu: Cannot utime: Operation not permitted
build	Cache Android SDK	2026-06-06T12:22:59.9177252Z /usr/bin/tar: ../../../../../usr/local/lib/android/sdk/platforms/android-34-ext8/data/res/values-mcc313-mnc100-gu: Cannot change mode to rwxr-xr-x: Operation not permitted
build	Cache Android SDK	2026-06-06T12:22:59.9179457Z /usr/bin/tar: ../../../../../usr/local/lib/android/sdk/platforms/android-34-ext8/data/res/values-mcc310-mnc240-lv: Cannot utime: Operation not permitted
build	Cache Android SDK	2026-06-06T12:22:59.9180518Z /usr/bin/tar: ../../../../../usr/local/lib/android/sdk/platforms/android-34-ext8/data/res/values-mcc310-mnc240-lv: Cannot change mode to rwxr-xr-x: Operation not permitted
build	Cache Android SDK	2026-06-06T12:22:59.9183483Z /usr/bin/tar: ../../../../../usr/local/lib/android/sdk/platforms/android-34-ext8/data/res/values-mcc310-mnc280-zh-rCN: Cannot utime: Operation not permitted
build	Cache Android SDK	2026-06-06T12:22:59.9184788Z /usr/bin/tar: ../../../../../usr/local/lib/android/sdk/platforms/android-34-ext8/data/res/values-mcc310-mnc280-zh-rCN: Cannot change mode to rwxr-xr-x: Operation not permitted
build	Cache Android SDK	2026-06-06T12:22:59.9186569Z /usr/bin/tar: ../../../../../usr/local/lib/android/sdk/platforms/android-34-ext8/data/res/values-en-rNZ: Cannot utime: Operation not permitted
build	Cache Android SDK	2026-06-06T12:22:59.9187832Z /usr/bin/tar: ../../../../../usr/local/lib/android/sdk/platforms/android-34-ext8/data/res/values-en-rNZ: Cannot change mode to rwxr-xr-x: Operation not permitted
build	Cache Android SDK	2026-06-06T12:22:59.9190055Z /usr/bin/tar: ../../../../../usr/local/lib/android/sdk/platforms/android-34-ext8/data/res/values-mcc310-mnc240-fr: Cannot utime: Operation not permitted
build	Cache Android SDK	2026-06-06T12:22:59.9191115Z /usr/bin/tar: ../../../../../usr/local/lib/android/sdk/platforms/android-34-ext8/data/res/values-mcc310-mnc240-fr: Cannot change mode to rwxr-xr-x: Operation not permitted
build	Cache Android SDK	2026-06-06T12:22:59.9193148Z /usr/bin/tar: ../../../../../usr/local/lib/android/sdk/platforms/android-34-ext8/data/res/values-mcc310-mnc250-si: Cannot utime: Operation not permitted
build	Cache Android SDK	2026-06-06T12:22:59.9194336Z /usr/bin/tar: ../../../../../usr/local/lib/android/sdk/platforms/android-34-ext8/data/res/values-mcc310-mnc250-si: Cannot change mode to rwxr-xr-x: Operation not permitted
build	Cache Android SDK	2026-06-06T12:22:59.9196548Z /usr/bin/tar: ../../../../../usr/local/lib/android/sdk/platforms/android-34-ext8/data/res/values-mcc310-mnc170-ja: Cannot utime: Operation not permitted
build	Cache Android SDK	2026-06-06T12:22:59.9197687Z /usr/bin/tar: ../../../../../usr/local/lib/android/sdk/platforms/android-34-ext8/data/res/values-mcc310-mnc170-ja: Cannot change mode to rwxr-xr-x: Operation not permitted
build	Cache Android SDK	2026-06-06T12:22:59.9199527Z /usr/bin/tar: ../../../../../usr/local/lib/android/sdk/platforms/android-34-ext8/data/res/values-mcc302-mnc720-hu: Cannot utime: Operation not permitted
build	Cache Android SDK	2026-06-06T12:22:59.9200508Z /usr/bin/tar: ../../../../../usr/local/lib/android/sdk/platforms/android-34-ext8/data/res/values-mcc302-mnc720-hu: Cannot change mode to rwxr-xr-x: Operation not permitted
build	Cache Android SDK	2026-06-06T12:22:59.9203700Z /usr/bin/tar: ../../../../../usr/local/lib/android/sdk/platforms/android-34-ext8/data/res/values-mcc310-mnc160-zh-rTW: Cannot utime: Operation not permitted
build	Cache Android SDK	2026-06-06T12:22:59.9204958Z /usr/bin/tar: ../../../../../usr/local/lib/android/sdk/platforms/android-34-ext8/data/res/values-mcc310-mnc160-zh-rTW: Cannot change mode to rwxr-xr-x: Operation not permitted
build	Cache Android SDK	2026-06-06T12:22:59.9206737Z /usr/bin/tar: ../../../../../usr/local/lib/android/sdk/platforms/android-34-ext8/data/res/values-mcc310-mnc310-gl: Cannot utime: Operation not permitted
build	Cache Android SDK	2026-06-06T12:22:59.9208035Z /usr/bin/tar: ../../../../../usr/local/lib/android/sdk/platforms/android-34-ext8/data/res/values-mcc310-mnc310-gl: Cannot change mode to rwxr-xr-x: Operation not permitted
build	Cache Android SDK	2026-06-06T12:22:59.9210144Z /usr/bin/tar: ../../../../../usr/local/lib/android/sdk/platforms/android-34-ext8/data/res/values-mcc310-mnc030-hr: Cannot utime: Operation not permitted
build	Cache Android SDK	2026-06-06T12:22:59.9211329Z /usr/bin/tar: ../../../../../usr/local/lib/android/sdk/platforms/android-34-ext8/data/res/values-mcc310-mnc030-hr: Cannot change mode to rwxr-xr-x: Operation not permitted
build	Cache Android SDK	2026-06-06T12:22:59.9214219Z /usr/bin/tar: ../../../../../usr/local/lib/android/sdk/platforms/android-34-ext8/data/res/values-mcc310-mnc280-ka: Cannot utime: Operation not permitted
build	Cache Android SDK	2026-06-06T12:22:59.9215411Z /usr/bin/tar: ../../../../../usr/local/lib/android/sdk/platforms/android-34-ext8/data/res/values-mcc310-mnc280-ka: Cannot change mode to rwxr-xr-x: Operation not permitted
build	Cache Android SDK	2026-06-06T12:22:59.9217326Z /usr/bin/tar: ../../../../../usr/local/lib/android/sdk/platforms/android-34-ext8/data/res/values-mcc310-mnc950-te: Cannot utime: Operation not permitted
build	Cache Android SDK	2026-06-06T12:22:59.9218508Z /usr/bin/tar: ../../../../../usr/local/lib/android/sdk/platforms/android-34-ext8/data/res/values-mcc310-mnc950-te: Cannot change mode to rwxr-xr-x: Operation not permitted
build	Cache Android SDK	2026-06-06T12:22:59.9220926Z /usr/bin/tar: ../../../../../usr/local/lib/android/sdk/platforms/android-34-ext8/data/res/values-mcc302-mnc720-ka: Cannot utime: Operation not permitted
build	Cache Android SDK	2026-06-06T12:22:59.9221879Z /usr/bin/tar: ../../../../../usr/local/lib/android/sdk/platforms/android-34-ext8/data/res/values-mcc302-mnc720-ka: Cannot change mode to rwxr-xr-x: Operation not permitted
build	Cache Android SDK	2026-06-06T12:22:59.9225185Z /usr/bin/tar: ../../../../../usr/local/lib/android/sdk/platforms/android-34-ext8/data/res/values-mcc310-mnc210-pt: Cannot utime: Operation not permitted
build	Cache Android SDK	2026-06-06T12:22:59.9226452Z /usr/bin/tar: ../../../../../usr/local/lib/android/sdk/platforms/android-34-ext8/data/res/values-mcc310-mnc210-pt: Cannot change mode to rwxr-xr-x: Operation not permitted
build	Cache Android SDK	2026-06-06T12:22:59.9235050Z /usr/bin/tar: ../../../../../usr/local/lib/android/sdk/platforms/android-34-ext8/data/res/values-mcc310-mnc250-b+sr+Latn: Cannot utime: Operation not permitted
build	Cache Android SDK	2026-06-06T12:22:59.9236210Z /usr/bin/tar: ../../../../../usr/local/lib/android/sdk/platforms/android-34-ext8/data/res/values-mcc310-mnc250-b+sr+Latn: Cannot change mode to rwxr-xr-x: Operation not permitted
build	Cache Android SDK	2026-06-06T12:22:59.9239152Z /usr/bin/tar: ../../../../../usr/local/lib/android/sdk/platforms/android-34-ext8/data/res/values-mcc310-mnc380-iw: Cannot utime: Operation not permitted
build	Cache Android SDK	2026-06-06T12:22:59.9240146Z /usr/bin/tar: ../../../../../usr/local/lib/android/sdk/platforms/android-34-ext8/data/res/values-mcc310-mnc380-iw: Cannot change mode to rwxr-xr-x: Operation not permitted
build	Cache Android SDK	2026-06-06T12:22:59.9242093Z /usr/bin/tar: ../../../../../usr/local/lib/android/sdk/platforms/android-34-ext8/data/res/values-mcc732-mnc123: Cannot utime: Operation not permitted
build	Cache Android SDK	2026-06-06T12:22:59.9243041Z /usr/bin/tar: ../../../../../usr/local/lib/android/sdk/platforms/android-34-ext8/data/res/values-mcc732-mnc123: Cannot change mode to rwxr-xr-x: Operation not permitted
build	Cache Android SDK	2026-06-06T12:22:59.9246350Z /usr/bin/tar: ../../../../../usr/local/lib/android/sdk/platforms/android-34-ext8/data/res/values-mcc302-mnc370-cs: Cannot utime: Operation not permitted
build	Cache Android SDK	2026-06-06T12:22:59.9248253Z /usr/bin/tar: ../../../../../usr/local/lib/android/sdk/platforms/android-34-ext8/data/res/values-mcc302-mnc370-cs: Cannot change mode to rwxr-xr-x: Operation not permitted
build	Cache Android SDK	2026-06-06T12:22:59.9250336Z /usr/bin/tar: ../../../../../usr/local/lib/android/sdk/platforms/android-34-ext8/data/res/values-mcc311-mnc180-sr: Cannot utime: Operation not permitted
build	Cache Android SDK	2026-06-06T12:22:59.9251294Z /usr/bin/tar: ../../../../../usr/local/lib/android/sdk/platforms/android-34-ext8/data/res/values-mcc311-mnc180-sr: Cannot change mode to rwxr-xr-x: Operation not permitted
build	Cache Android SDK	2026-06-06T12:22:59.9253879Z /usr/bin/tar: ../../../../../usr/local/lib/android/sdk/platforms/android-34-ext8/data/res/values-mcc302-mnc370-ur: Cannot utime: Operation not permitted
build	Cache Android SDK	2026-06-06T12:22:59.9254833Z /usr/bin/tar: ../../../../../usr/local/lib/android/sdk/platforms/android-34-ext8/data/res/values-mcc302-mnc370-ur: Cannot change mode to rwxr-xr-x: Operation not permitted
build	Cache Android SDK	2026-06-06T12:22:59.9257339Z /usr/bin/tar: ../../../../../usr/local/lib/android/sdk/platforms/android-34-ext8/data/res/values-mcc310-mnc230-kk: Cannot utime: Operation not permitted
build	Cache Android SDK	2026-06-06T12:22:59.9258403Z /usr/bin/tar: ../../../../../usr/local/lib/android/sdk/platforms/android-34-ext8/data/res/values-mcc310-mnc230-kk: Cannot change mode to rwxr-xr-x: Operation not permitted
build	Cache Android SDK	2026-06-06T12:22:59.9260428Z /usr/bin/tar: ../../../../../usr/local/lib/android/sdk/platforms/android-34-ext8/data/res/values-mcc310-mnc490-eu: Cannot utime: Operation not permitted
build	Cache Android SDK	2026-06-06T12:22:59.9261460Z /usr/bin/tar: ../../../../../usr/local/lib/android/sdk/platforms/android-34-ext8/data/res/values-mcc310-mnc490-eu: Cannot change mode to rwxr-xr-x: Operation not permitted
build	Cache Android SDK	2026-06-06T12:22:59.9263627Z /usr/bin/tar: ../../../../../usr/local/lib/android/sdk/platforms/android-34-ext8/data/res/values-mcc310-mnc170-az: Cannot utime: Operation not permitted
build	Cache Android SDK	2026-06-06T12:22:59.9264569Z /usr/bin/tar: ../../../../../usr/local/lib/android/sdk/platforms/android-34-ext8/data/res/values-mcc310-mnc170-az: Cannot change mode to rwxr-xr-x: Operation not permitted
build	Cache Android SDK	2026-06-06T12:22:59.9266760Z /usr/bin/tar: ../../../../../usr/local/lib/android/sdk/platforms/android-34-ext8/data/res/values-mcc311-mnc480: Cannot utime: Operation not permitted
build	Cache Android SDK	2026-06-06T12:22:59.9267806Z /usr/bin/tar: ../../../../../usr/local/lib/android/sdk/platforms/android-34-ext8/data/res/values-mcc311-mnc480: Cannot change mode to rwxr-xr-x: Operation not permitted
build	Cache Android SDK	2026-06-06T12:22:59.9270653Z /usr/bin/tar: ../../../../../usr/local/lib/android/sdk/platforms/android-34-ext8/data/res/values-mcc310-mnc250-sw: Cannot utime: Operation not permitted
build	Cache Android SDK	2026-06-06T12:22:59.9271615Z /usr/bin/tar: ../../../../../usr/local/lib/android/sdk/platforms/android-34-ext8/data/res/values-mcc310-mnc250-sw: Cannot change mode to rwxr-xr-x: Operation not permitted
build	Cache Android SDK	2026-06-06T12:22:59.9277698Z /usr/bin/tar: ../../../../../usr/local/lib/android/sdk/platforms/android-34-ext8/data/res/values-gl: Cannot utime: Operation not permitted
build	Cache Android SDK	2026-06-06T12:22:59.9278737Z /usr/bin/tar: ../../../../../usr/local/lib/android/sdk/platforms/android-34-ext8/data/res/values-gl: Cannot change mode to rwxr-xr-x: Operation not permitted
build	Cache Android SDK	2026-06-06T12:22:59.9281406Z /usr/bin/tar: ../../../../../usr/local/lib/android/sdk/platforms/android-34-ext8/data/res/values-mcc001-mnc01-pt-rPT: Cannot utime: Operation not permitted
build	Cache Android SDK	2026-06-06T12:22:59.9282836Z /usr/bin/tar: ../../../../../usr/local/lib/android/sdk/platforms/android-34-ext8/data/res/values-mcc001-mnc01-pt-rPT: Cannot change mode to rwxr-xr-x: Operation not permitted
build	Cache Android SDK	2026-06-06T12:22:59.9284693Z /usr/bin/tar: ../../../../../usr/local/lib/android/sdk/platforms/android-34-ext8/data/res/values-mcc310-mnc250-ja: Cannot utime: Operation not permitted
build	Cache Android SDK	2026-06-06T12:22:59.9285675Z /usr/bin/tar: ../../../../../usr/local/lib/android/sdk/platforms/android-34-ext8/data/res/values-mcc310-mnc250-ja: Cannot change mode to rwxr-xr-x: Operation not permitted
build	Cache Android SDK	2026-06-06T12:22:59.9289068Z /usr/bin/tar: ../../../../../usr/local/lib/android/sdk/platforms/android-34-ext8/data/res/values-mcc311-mnc180-en-rGB: Cannot utime: Operation not permitted
build	Cache Android SDK	2026-06-06T12:22:59.9290251Z /usr/bin/tar: ../../../../../usr/local/lib/android/sdk/platforms/android-34-ext8/data/res/values-mcc311-mnc180-en-rGB: Cannot change mode to rwxr-xr-x: Operation not permitted
build	Cache Android SDK	2026-06-06T12:22:59.9292044Z /usr/bin/tar: ../../../../../usr/local/lib/android/sdk/platforms/android-34-ext8/data/res/values-mcc310-mnc220-tr: Cannot utime: Operation not permitted
build	Cache Android SDK	2026-06-06T12:22:59.9293033Z /usr/bin/tar: ../../../../../usr/local/lib/android/sdk/platforms/android-34-ext8/data/res/values-mcc310-mnc220-tr: Cannot change mode to rwxr-xr-x: Operation not permitted
build	Cache Android SDK	2026-06-06T12:22:59.9295816Z /usr/bin/tar: ../../../../../usr/local/lib/android/sdk/platforms/android-34-ext8/data/res/values-ms-television: Cannot utime: Operation not permitted
build	Cache Android SDK	2026-06-06T12:22:59.9296860Z /usr/bin/tar: ../../../../../usr/local/lib/android/sdk/platforms/android-34-ext8/data/res/values-ms-television: Cannot change mode to rwxr-xr-x: Operation not permitted
build	Cache Android SDK	2026-06-06T12:22:59.9298961Z /usr/bin/tar: ../../../../../usr/local/lib/android/sdk/platforms/android-34-ext8/data/res/values-mcc310-mnc380-hr: Cannot utime: Operation not permitted
build	Cache Android SDK	2026-06-06T12:22:59.9300062Z /usr/bin/tar: ../../../../../usr/local/lib/android/sdk/platforms/android-34-ext8/data/res/values-mcc310-mnc380-hr: Cannot change mode to rwxr-xr-x: Operation not permitted
build	Cache Android SDK	2026-06-06T12:22:59.9302102Z /usr/bin/tar: ../../../../../usr/local/lib/android/sdk/platforms/android-34-ext8/data/res/values-mcc313-mnc100-es: Cannot utime: Operation not permitted
build	Cache Android SDK	2026-06-06T12:22:59.9303295Z /usr/bin/tar: ../../../../../usr/local/lib/android/sdk/platforms/android-34-ext8/data/res/values-mcc313-mnc100-es: Cannot change mode to rwxr-xr-x: Operation not permitted
build	Cache Android SDK	2026-06-06T12:22:59.9305659Z /usr/bin/tar: ../../../../../usr/local/lib/android/sdk/platforms/android-34-ext8/data/res/values-mcc310-mnc410-uk: Cannot utime: Operation not permitted
build	Cache Android SDK	2026-06-06T12:22:59.9306727Z /usr/bin/tar: ../../../../../usr/local/lib/android/sdk/platforms/android-34-ext8/data/res/values-mcc310-mnc410-uk: Cannot change mode to rwxr-xr-x: Operation not permitted
build	Cache Android SDK	2026-06-06T12:22:59.9309630Z /usr/bin/tar: ../../../../../usr/local/lib/android/sdk/platforms/android-34-ext8/data/res/values-mcc310-mnc280-fa: Cannot utime: Operation not permitted
build	Cache Android SDK	2026-06-06T12:22:59.9310599Z /usr/bin/tar: ../../../../../usr/local/lib/android/sdk/platforms/android-34-ext8/data/res/values-mcc310-mnc280-fa: Cannot change mode to rwxr-xr-x: Operation not permitted
build	Cache Android SDK	2026-06-06T12:22:59.9312585Z /usr/bin/tar: ../../../../../usr/local/lib/android/sdk/platforms/android-34-ext8/data/res/values-mcc302-mnc720-bn: Cannot utime: Operation not permitted
build	Cache Android SDK	2026-06-06T12:22:59.9313543Z /usr/bin/tar: ../../../../../usr/local/lib/android/sdk/platforms/android-34-ext8/data/res/values-mcc302-mnc720-bn: Cannot change mode to rwxr-xr-x: Operation not permitted
build	Cache Android SDK	2026-06-06T12:22:59.9316145Z /usr/bin/tar: ../../../../../usr/local/lib/android/sdk/platforms/android-34-ext8/data/res/values-mcc262-mnc02: Cannot utime: Operation not permitted
build	Cache Android SDK	2026-06-06T12:22:59.9317211Z /usr/bin/tar: ../../../../../usr/local/lib/android/sdk/platforms/android-34-ext8/data/res/values-mcc262-mnc02: Cannot change mode to rwxr-xr-x: Operation not permitted
build	Cache Android SDK	2026-06-06T12:22:59.9319553Z /usr/bin/tar: ../../../../../usr/local/lib/android/sdk/platforms/android-34-ext8/data/res/values-mcc310-mnc230-cs: Cannot utime: Operation not permitted
build	Cache Android SDK	2026-06-06T12:22:59.9320726Z /usr/bin/tar: ../../../../../usr/local/lib/android/sdk/platforms/android-34-ext8/data/res/values-mcc310-mnc230-cs: Cannot change mode to rwxr-xr-x: Operation not permitted
build	Cache Android SDK	2026-06-06T12:22:59.9322816Z /usr/bin/tar: ../../../../../usr/local/lib/android/sdk/platforms/android-34-ext8/data/res/values-mcc310-mnc800-zu: Cannot utime: Operation not permitted
build	Cache Android SDK	2026-06-06T12:22:59.9324033Z /usr/bin/tar: ../../../../../usr/local/lib/android/sdk/platforms/android-34-ext8/data/res/values-mcc310-mnc800-zu: Cannot change mode to rwxr-xr-x: Operation not permitted
build	Cache Android SDK	2026-06-06T12:22:59.9330312Z /usr/bin/tar: ../../../../../usr/local/lib/android/sdk/platforms/android-34-ext8/data/res/values-fr: Cannot utime: Operation not permitted
build	Cache Android SDK	2026-06-06T12:22:59.9331224Z /usr/bin/tar: ../../../../../usr/local/lib/android/sdk/platforms/android-34-ext8/data/res/values-fr: Cannot change mode to rwxr-xr-x: Operation not permitted
build	Cache Android SDK	2026-06-06T12:22:59.9334515Z /usr/bin/tar: ../../../../../usr/local/lib/android/sdk/platforms/android-34-ext8/data/res/values-mcc310-mnc380-is: Cannot utime: Operation not permitted
build	Cache Android SDK	2026-06-06T12:22:59.9335792Z /usr/bin/tar: ../../../../../usr/local/lib/android/sdk/platforms/android-34-ext8/data/res/values-mcc310-mnc380-is: Cannot change mode to rwxr-xr-x: Operation not permitted
build	Cache Android SDK	2026-06-06T12:22:59.9339621Z /usr/bin/tar: ../../../../../usr/local/lib/android/sdk/platforms/android-34-ext8/data/res/values-mcc466-mnc06: Cannot utime: Operation not permitted
build	Cache Android SDK	2026-06-06T12:22:59.9340948Z /usr/bin/tar: ../../../../../usr/local/lib/android/sdk/platforms/android-34-ext8/data/res/values-mcc466-mnc06: Cannot change mode to rwxr-xr-x: Operation not permitted
build	Cache Android SDK	2026-06-06T12:22:59.9342940Z /usr/bin/tar: ../../../../../usr/local/lib/android/sdk/platforms/android-34-ext8/data/res/values-mcc310-mnc490-uz: Cannot utime: Operation not permitted
build	Cache Android SDK	2026-06-06T12:22:59.9344150Z /usr/bin/tar: ../../../../../usr/local/lib/android/sdk/platforms/android-34-ext8/data/res/values-mcc310-mnc490-uz: Cannot change mode to rwxr-xr-x: Operation not permitted
build	Cache Android SDK	2026-06-06T12:22:59.9345686Z /usr/bin/tar: ../../../../../usr/local/lib/android/sdk/platforms/android-34-ext8/data/res/values-mcc310-mnc270-ja: Cannot utime: Operation not permitted
build	Cache Android SDK	2026-06-06T12:22:59.9347162Z /usr/bin/tar: ../../../../../usr/local/lib/android/sdk/platforms/android-34-ext8/data/res/values-mcc310-mnc270-ja: Cannot change mode to rwxr-xr-x: Operation not permitted
build	Cache Android SDK	2026-06-06T12:22:59.9349272Z /usr/bin/tar: ../../../../../usr/local/lib/android/sdk/platforms/android-34-ext8/data/res/values-mcc302-mnc720-hi: Cannot utime: Operation not permitted
build	Cache Android SDK	2026-06-06T12:22:59.9350549Z /usr/bin/tar: ../../../../../usr/local/lib/android/sdk/platforms/android-34-ext8/data/res/values-mcc302-mnc720-hi: Cannot change mode to rwxr-xr-x: Operation not permitted
build	Cache Android SDK	2026-06-06T12:22:59.9352538Z /usr/bin/tar: ../../../../../usr/local/lib/android/sdk/platforms/android-34-ext8/data/res/values-mcc302-mnc720-bg: Cannot utime: Operation not permitted
build	Cache Android SDK	2026-06-06T12:22:59.9353887Z /usr/bin/tar: ../../../../../usr/local/lib/android/sdk/platforms/android-34-ext8/data/res/values-mcc302-mnc720-bg: Cannot change mode to rwxr-xr-x: Operation not permitted
build	Cache Android SDK	2026-06-06T12:22:59.9356501Z /usr/bin/tar: ../../../../../usr/local/lib/android/sdk/platforms/android-34-ext8/data/res/values-mcc310-mnc380-af: Cannot utime: Operation not permitted
build	Cache Android SDK	2026-06-06T12:22:59.9357829Z /usr/bin/tar: ../../../../../usr/local/lib/android/sdk/platforms/android-34-ext8/data/res/values-mcc310-mnc380-af: Cannot change mode to rwxr-xr-x: Operation not permitted
build	Cache Android SDK	2026-06-06T12:22:59.9359452Z /usr/bin/tar: ../../../../../usr/local/lib/android/sdk/platforms/android-34-ext8/data/res/values-mcc001-mnc01-fi: Cannot utime: Operation not permitted
build	Cache Android SDK	2026-06-06T12:22:59.9360406Z /usr/bin/tar: ../../../../../usr/local/lib/android/sdk/platforms/android-34-ext8/data/res/values-mcc001-mnc01-fi: Cannot change mode to rwxr-xr-x: Operation not permitted
build	Cache Android SDK	2026-06-06T12:22:59.9362712Z /usr/bin/tar: ../../../../../usr/local/lib/android/sdk/platforms/android-34-ext8/data/res/values-mcc310-mnc490-mn: Cannot utime: Operation not permitted
build	Cache Android SDK	2026-06-06T12:22:59.9363681Z /usr/bin/tar: ../../../../../usr/local/lib/android/sdk/platforms/android-34-ext8/data/res/values-mcc310-mnc490-mn: Cannot change mode to rwxr-xr-x: Operation not permitted
build	Cache Android SDK	2026-06-06T12:22:59.9365293Z /usr/bin/tar: ../../../../../usr/local/lib/android/sdk/platforms/android-34-ext8/data/res/values-mcc310-mnc410-fa: Cannot utime: Operation not permitted
build	Cache Android SDK	2026-06-06T12:22:59.9366246Z /usr/bin/tar: ../../../../../usr/local/lib/android/sdk/platforms/android-34-ext8/data/res/values-mcc310-mnc410-fa: Cannot change mode to rwxr-xr-x: Operation not permitted
build	Cache Android SDK	2026-06-06T12:22:59.9368538Z /usr/bin/tar: ../../../../../usr/local/lib/android/sdk/platforms/android-34-ext8/data/res/values-mcc310-mnc410-iw: Cannot utime: Operation not permitted
build	Cache Android SDK	2026-06-06T12:22:59.9369507Z /usr/bin/tar: ../../../../../usr/local/lib/android/sdk/platforms/android-34-ext8/data/res/values-mcc310-mnc410-iw: Cannot change mode to rwxr-xr-x: Operation not permitted
build	Cache Android SDK	2026-06-06T12:22:59.9371165Z /usr/bin/tar: ../../../../../usr/local/lib/android/sdk/platforms/android-34-ext8/data/res/values-mcc310-mnc380-zu: Cannot utime: Operation not permitted
build	Cache Android SDK	2026-06-06T12:22:59.9372128Z /usr/bin/tar: ../../../../../usr/local/lib/android/sdk/platforms/android-34-ext8/data/res/values-mcc310-mnc380-zu: Cannot change mode to rwxr-xr-x: Operation not permitted
build	Cache Android SDK	2026-06-06T12:22:59.9378986Z /usr/bin/tar: ../../../../../usr/local/lib/android/sdk/platforms/android-34-ext8/data/res/values-iw: Cannot utime: Operation not permitted
build	Cache Android SDK	2026-06-06T12:22:59.9380024Z /usr/bin/tar: ../../../../../usr/local/lib/android/sdk/platforms/android-34-ext8/data/res/values-iw: Cannot change mode to rwxr-xr-x: Operation not permitted
build	Cache Android SDK	2026-06-06T12:22:59.9381467Z /usr/bin/tar: ../../../../../usr/local/lib/android/sdk/platforms/android-34-ext8/data/res/values-mcc310-mnc150-en-rIN: Cannot utime: Operation not permitted
build	Cache Android SDK	2026-06-06T12:22:59.9382455Z /usr/bin/tar: ../../../../../usr/local/lib/android/sdk/platforms/android-34-ext8/data/res/values-mcc310-mnc150-en-rIN: Cannot change mode to rwxr-xr-x: Operation not permitted
build	Cache Android SDK	2026-06-06T12:22:59.9384609Z /usr/bin/tar: ../../../../../usr/local/lib/android/sdk/platforms/android-34-ext8/data/res/values-mcc311-mnc180-en-rIN: Cannot utime: Operation not permitted
build	Cache Android SDK	2026-06-06T12:22:59.9385587Z /usr/bin/tar: ../../../../../usr/local/lib/android/sdk/platforms/android-34-ext8/data/res/values-mcc311-mnc180-en-rIN: Cannot change mode to rwxr-xr-x: Operation not permitted
build	Cache Android SDK	2026-06-06T12:22:59.9387597Z /usr/bin/tar: ../../../../../usr/local/lib/android/sdk/platforms/android-34-ext8/data/res/values-mcc310-mnc800-is: Cannot utime: Operation not permitted
build	Cache Android SDK	2026-06-06T12:22:59.9388580Z /usr/bin/tar: ../../../../../usr/local/lib/android/sdk/platforms/android-34-ext8/data/res/values-mcc310-mnc800-is: Cannot change mode to rwxr-xr-x: Operation not permitted
build	Cache Android SDK	2026-06-06T12:22:59.9390626Z /usr/bin/tar: ../../../../../usr/local/lib/android/sdk/platforms/android-34-ext8/data/res/values-mcc302-mnc370-mr: Cannot utime: Operation not permitted
build	Cache Android SDK	2026-06-06T12:22:59.9391747Z /usr/bin/tar: ../../../../../usr/local/lib/android/sdk/platforms/android-34-ext8/data/res/values-mcc302-mnc370-mr: Cannot change mode to rwxr-xr-x: Operation not permitted
build	Cache Android SDK	2026-06-06T12:22:59.9393417Z /usr/bin/tar: ../../../../../usr/local/lib/android/sdk/platforms/android-34-ext8/data/res/values-mcc310-mnc800-ta: Cannot utime: Operation not permitted
build	Cache Android SDK	2026-06-06T12:22:59.9394464Z /usr/bin/tar: ../../../../../usr/local/lib/android/sdk/platforms/android-34-ext8/data/res/values-mcc310-mnc800-ta: Cannot change mode to rwxr-xr-x: Operation not permitted
build	Cache Android SDK	2026-06-06T12:22:59.9396942Z /usr/bin/tar: ../../../../../usr/local/lib/android/sdk/platforms/android-34-ext8/data/res/values-mcc310-mnc380-mn: Cannot utime: Operation not permitted
build	Cache Android SDK	2026-06-06T12:22:59.9398133Z /usr/bin/tar: ../../../../../usr/local/lib/android/sdk/platforms/android-34-ext8/data/res/values-mcc310-mnc380-mn: Cannot change mode to rwxr-xr-x: Operation not permitted
build	Cache Android SDK	2026-06-06T12:22:59.9402447Z /usr/bin/tar: ../../../../../usr/local/lib/android/sdk/platforms/android-34-ext8/data/res/values-mcc310-mnc560-ta: Cannot utime: Operation not permitted
build	Cache Android SDK	2026-06-06T12:22:59.9403507Z /usr/bin/tar: ../../../../../usr/local/lib/android/sdk/platforms/android-34-ext8/data/res/values-mcc310-mnc560-ta: Cannot change mode to rwxr-xr-x: Operation not permitted
build	Cache Android SDK	2026-06-06T12:22:59.9405738Z /usr/bin/tar: ../../../../../usr/local/lib/android/sdk/platforms/android-34-ext8/data/res/values-mcc310-mnc160-el: Cannot utime: Operation not permitted
build	Cache Android SDK	2026-06-06T12:22:59.9406714Z /usr/bin/tar: ../../../../../usr/local/lib/android/sdk/platforms/android-34-ext8/data/res/values-mcc310-mnc160-el: Cannot change mode to rwxr-xr-x: Operation not permitted
build	Cache Android SDK	2026-06-06T12:22:59.9413294Z /usr/bin/tar: ../../../../../usr/local/lib/android/sdk/platforms/android-34-ext8/data/res/values-mcc310-mnc240-en-rAU: Cannot utime: Operation not permitted
build	Cache Android SDK	2026-06-06T12:22:59.9414306Z /usr/bin/tar: ../../../../../usr/local/lib/android/sdk/platforms/android-34-ext8/data/res/values-mcc310-mnc240-en-rAU: Cannot change mode to rwxr-xr-x: Operation not permitted
build	Cache Android SDK	2026-06-06T12:22:59.9416300Z /usr/bin/tar: ../../../../../usr/local/lib/android/sdk/platforms/android-34-ext8/data/res/values-mcc310-mnc410-zh-rCN: Cannot utime: Operation not permitted
build	Cache Android SDK	2026-06-06T12:22:59.9417304Z /usr/bin/tar: ../../../../../usr/local/lib/android/sdk/platforms/android-34-ext8/data/res/values-mcc310-mnc410-zh-rCN: Cannot change mode to rwxr-xr-x: Operation not permitted
build	Cache Android SDK	2026-06-06T12:22:59.9419389Z /usr/bin/tar: ../../../../../usr/local/lib/android/sdk/platforms/android-34-ext8/data/res/values-mcc310-mnc250-lt: Cannot utime: Operation not permitted
build	Cache Android SDK	2026-06-06T12:22:59.9420351Z /usr/bin/tar: ../../../../../usr/local/lib/android/sdk/platforms/android-34-ext8/data/res/values-mcc310-mnc250-lt: Cannot change mode to rwxr-xr-x: Operation not permitted
build	Cache Android SDK	2026-06-06T12:22:59.9423196Z /usr/bin/tar: ../../../../../usr/local/lib/android/sdk/platforms/android-34-ext8/data/res/values-mcc310-mnc410-ta: Cannot utime: Operation not permitted
build	Cache Android SDK	2026-06-06T12:22:59.9424649Z /usr/bin/tar: ../../../../../usr/local/lib/android/sdk/platforms/android-34-ext8/data/res/values-mcc310-mnc410-ta: Cannot change mode to rwxr-xr-x: Operation not permitted
build	Cache Android SDK	2026-06-06T12:22:59.9426036Z /usr/bin/tar: ../../../../../usr/local/lib/android/sdk/platforms/android-34-ext8/data/res/values-pt-television: Cannot utime: Operation not permitted
build	Cache Android SDK	2026-06-06T12:22:59.9426984Z /usr/bin/tar: ../../../../../usr/local/lib/android/sdk/platforms/android-34-ext8/data/res/values-pt-television: Cannot change mode to rwxr-xr-x: Operation not permitted
build	Cache Android SDK	2026-06-06T12:22:59.9429614Z /usr/bin/tar: ../../../../../usr/local/lib/android/sdk/platforms/android-34-ext8/data/res/values-mcc310-mnc220-fr: Cannot utime: Operation not permitted
build	Cache Android SDK	2026-06-06T12:22:59.9430581Z /usr/bin/tar: ../../../../../usr/local/lib/android/sdk/platforms/android-34-ext8/data/res/values-mcc310-mnc220-fr: Cannot change mode to rwxr-xr-x: Operation not permitted
build	Cache Android SDK	2026-06-06T12:22:59.9432616Z /usr/bin/tar: ../../../../../usr/local/lib/android/sdk/platforms/android-34-ext8/data/res/values-mcc302-mnc370-mk: Cannot utime: Operation not permitted
build	Cache Android SDK	2026-06-06T12:22:59.9433578Z /usr/bin/tar: ../../../../../usr/local/lib/android/sdk/platforms/android-34-ext8/data/res/values-mcc302-mnc370-mk: Cannot change mode to rwxr-xr-x: Operation not permitted
build	Cache Android SDK	2026-06-06T12:22:59.9435956Z /usr/bin/tar: ../../../../../usr/local/lib/android/sdk/platforms/android-34-ext8/data/res/values-mcc310-mnc410-ne: Cannot utime: Operation not permitted
build	Cache Android SDK	2026-06-06T12:22:59.9436917Z /usr/bin/tar: ../../../../../usr/local/lib/android/sdk/platforms/android-34-ext8/data/res/values-mcc310-mnc410-ne: Cannot change mode to rwxr-xr-x: Operation not permitted
build	Cache Android SDK	2026-06-06T12:22:59.9439652Z /usr/bin/tar: ../../../../../usr/local/lib/android/sdk/platforms/android-34-ext8/data/res/values-mcc310-mnc200-pa: Cannot utime: Operation not permitted
build	Cache Android SDK	2026-06-06T12:22:59.9440617Z /usr/bin/tar: ../../../../../usr/local/lib/android/sdk/platforms/android-34-ext8/data/res/values-mcc310-mnc200-pa: Cannot change mode to rwxr-xr-x: Operation not permitted
build	Cache Android SDK	2026-06-06T12:22:59.9442932Z /usr/bin/tar: ../../../../../usr/local/lib/android/sdk/platforms/android-34-ext8/data/res/values-mcc302-mnc370-ms: Cannot utime: Operation not permitted
build	Cache Android SDK	2026-06-06T12:22:59.9443895Z /usr/bin/tar: ../../../../../usr/local/lib/android/sdk/platforms/android-34-ext8/data/res/values-mcc302-mnc370-ms: Cannot change mode to rwxr-xr-x: Operation not permitted
build	Cache Android SDK	2026-06-06T12:22:59.9446102Z /usr/bin/tar: ../../../../../usr/local/lib/android/sdk/platforms/android-34-ext8/data/res/values-mcc310-mnc220-ro: Cannot utime: Operation not permitted
build	Cache Android SDK	2026-06-06T12:22:59.9447078Z /usr/bin/tar: ../../../../../usr/local/lib/android/sdk/platforms/android-34-ext8/data/res/values-mcc310-mnc220-ro: Cannot change mode to rwxr-xr-x: Operation not permitted
build	Cache Android SDK	2026-06-06T12:22:59.9449181Z /usr/bin/tar: ../../../../../usr/local/lib/android/sdk/platforms/android-34-ext8/data/res/values-mcc310-mnc280-ms: Cannot utime: Operation not permitted
build	Cache Android SDK	2026-06-06T12:22:59.9450161Z /usr/bin/tar: ../../../../../usr/local/lib/android/sdk/platforms/android-34-ext8/data/res/values-mcc310-mnc280-ms: Cannot change mode to rwxr-xr-x: Operation not permitted
build	Cache Android SDK	2026-06-06T12:22:59.9452530Z /usr/bin/tar: ../../../../../usr/local/lib/android/sdk/platforms/android-34-ext8/data/res/values-mcc310-mnc170-hr: Cannot utime: Operation not permitted
build	Cache Android SDK	2026-06-06T12:22:59.9453582Z /usr/bin/tar: ../../../../../usr/local/lib/android/sdk/platforms/android-34-ext8/data/res/values-mcc310-mnc170-hr: Cannot change mode to rwxr-xr-x: Operation not permitted
build	Cache Android SDK	2026-06-06T12:22:59.9456250Z /usr/bin/tar: ../../../../../usr/local/lib/android/sdk/platforms/android-34-ext8/data/res/values-mcc310-mnc030-nb: Cannot utime: Operation not permitted
build	Cache Android SDK	2026-06-06T12:22:59.9457314Z /usr/bin/tar: ../../../../../usr/local/lib/android/sdk/platforms/android-34-ext8/data/res/values-mcc310-mnc030-nb: Cannot change mode to rwxr-xr-x: Operation not permitted
build	Cache Android SDK	2026-06-06T12:22:59.9459374Z /usr/bin/tar: ../../../../../usr/local/lib/android/sdk/platforms/android-34-ext8/data/res/values-mcc302-mnc780: Cannot utime: Operation not permitted
build	Cache Android SDK	2026-06-06T12:22:59.9460985Z /usr/bin/tar: ../../../../../usr/local/lib/android/sdk/platforms/android-34-ext8/data/res/values-mcc302-mnc780: Cannot change mode to rwxr-xr-x: Operation not permitted
build	Cache Android SDK	2026-06-06T12:22:59.9462806Z /usr/bin/tar: ../../../../../usr/local/lib/android/sdk/platforms/android-34-ext8/data/res/values-mcc310-mnc560-fr-rCA: Cannot utime: Operation not permitted
build	Cache Android SDK	2026-06-06T12:22:59.9464094Z /usr/bin/tar: ../../../../../usr/local/lib/android/sdk/platforms/android-34-ext8/data/res/values-mcc310-mnc560-fr-rCA: Cannot change mode to rwxr-xr-x: Operation not permitted
build	Cache Android SDK	2026-06-06T12:22:59.9465722Z /usr/bin/tar: ../../../../../usr/local/lib/android/sdk/platforms/android-34-ext8/data/res/values-mcc310-mnc560-ms: Cannot utime: Operation not permitted
build	Cache Android SDK	2026-06-06T12:22:59.9466673Z /usr/bin/tar: ../../../../../usr/local/lib/android/sdk/platforms/android-34-ext8/data/res/values-mcc310-mnc560-ms: Cannot change mode to rwxr-xr-x: Operation not permitted
build	Cache Android SDK	2026-06-06T12:22:59.9469174Z /usr/bin/tar: ../../../../../usr/local/lib/android/sdk/platforms/android-34-ext8/data/res/values-mcc311-mnc180-en-rCA: Cannot utime: Operation not permitted
build	Cache Android SDK	2026-06-06T12:22:59.9470163Z /usr/bin/tar: ../../../../../usr/local/lib/android/sdk/platforms/android-34-ext8/data/res/values-mcc311-mnc180-en-rCA: Cannot change mode to rwxr-xr-x: Operation not permitted
build	Cache Android SDK	2026-06-06T12:22:59.9472239Z /usr/bin/tar: ../../../../../usr/local/lib/android/sdk/platforms/android-34-ext8/data/res/values-hu-television: Cannot utime: Operation not permitted
build	Cache Android SDK	2026-06-06T12:22:59.9473185Z /usr/bin/tar: ../../../../../usr/local/lib/android/sdk/platforms/android-34-ext8/data/res/values-hu-television: Cannot change mode to rwxr-xr-x: Operation not permitted
build	Cache Android SDK	2026-06-06T12:22:59.9475961Z /usr/bin/tar: ../../../../../usr/local/lib/android/sdk/platforms/android-34-ext8/data/res/values-mcc310-mnc410-ur: Cannot utime: Operation not permitted
build	Cache Android SDK	2026-06-06T12:22:59.9476939Z /usr/bin/tar: ../../../../../usr/local/lib/android/sdk/platforms/android-34-ext8/data/res/values-mcc310-mnc410-ur: Cannot change mode to rwxr-xr-x: Operation not permitted
build	Cache Android SDK	2026-06-06T12:22:59.9479301Z /usr/bin/tar: ../../../../../usr/local/lib/android/sdk/platforms/android-34-ext8/data/res/values-mcc310-mnc560-si: Cannot utime: Operation not permitted
build	Cache Android SDK	2026-06-06T12:22:59.9480269Z /usr/bin/tar: ../../../../../usr/local/lib/android/sdk/platforms/android-34-ext8/data/res/values-mcc310-mnc560-si: Cannot change mode to rwxr-xr-x: Operation not permitted
build	Cache Android SDK	2026-06-06T12:22:59.9482751Z /usr/bin/tar: ../../../../../usr/local/lib/android/sdk/platforms/android-34-ext8/data/res/values-mcc001-mnc01-ml: Cannot utime: Operation not permitted
build	Cache Android SDK	2026-06-06T12:22:59.9483706Z /usr/bin/tar: ../../../../../usr/local/lib/android/sdk/platforms/android-34-ext8/data/res/values-mcc001-mnc01-ml: Cannot change mode to rwxr-xr-x: Operation not permitted
build	Cache Android SDK	2026-06-06T12:22:59.9485674Z /usr/bin/tar: ../../../../../usr/local/lib/android/sdk/platforms/android-34-ext8/data/res/values-mcc310-mnc950-lv: Cannot utime: Operation not permitted
build	Cache Android SDK	2026-06-06T12:22:59.9486630Z /usr/bin/tar: ../../../../../usr/local/lib/android/sdk/platforms/android-34-ext8/data/res/values-mcc310-mnc950-lv: Cannot change mode to rwxr-xr-x: Operation not permitted
build	Cache Android SDK	2026-06-06T12:22:59.9489280Z /usr/bin/tar: ../../../../../usr/local/lib/android/sdk/platforms/android-34-ext8/data/res/values-mcc310-mnc170-be: Cannot utime: Operation not permitted
build	Cache Android SDK	2026-06-06T12:22:59.9490483Z /usr/bin/tar: ../../../../../usr/local/lib/android/sdk/platforms/android-34-ext8/data/res/values-mcc310-mnc170-be: Cannot change mode to rwxr-xr-x: Operation not permitted
build	Cache Android SDK	2026-06-06T12:22:59.9492246Z /usr/bin/tar: ../../../../../usr/local/lib/android/sdk/platforms/android-34-ext8/data/res/values-mcc313-mnc100-hr: Cannot utime: Operation not permitted
build	Cache Android SDK	2026-06-06T12:22:59.9493326Z /usr/bin/tar: ../../../../../usr/local/lib/android/sdk/platforms/android-34-ext8/data/res/values-mcc313-mnc100-hr: Cannot change mode to rwxr-xr-x: Operation not permitted
build	Cache Android SDK	2026-06-06T12:22:59.9495062Z /usr/bin/tar: ../../../../../usr/local/lib/android/sdk/platforms/android-34-ext8/data/res/values-mcc310-mnc380-lv: Cannot utime: Operation not permitted
build	Cache Android SDK	2026-06-06T12:22:59.9496022Z /usr/bin/tar: ../../../../../usr/local/lib/android/sdk/platforms/android-34-ext8/data/res/values-mcc310-mnc380-lv: Cannot change mode to rwxr-xr-x: Operation not permitted
build	Cache Android SDK	2026-06-06T12:22:59.9498714Z /usr/bin/tar: ../../../../../usr/local/lib/android/sdk/platforms/android-34-ext8/data/res/values-mcc310-mnc030-hi: Cannot utime: Operation not permitted
build	Cache Android SDK	2026-06-06T12:22:59.9499672Z /usr/bin/tar: ../../../../../usr/local/lib/android/sdk/platforms/android-34-ext8/data/res/values-mcc310-mnc030-hi: Cannot change mode to rwxr-xr-x: Operation not permitted
build	Cache Android SDK	2026-06-06T12:22:59.9501477Z /usr/bin/tar: ../../../../../usr/local/lib/android/sdk/platforms/android-34-ext8/data/res/values-mcc310-mnc560-lv: Cannot utime: Operation not permitted
build	Cache Android SDK	2026-06-06T12:22:59.9502548Z /usr/bin/tar: ../../../../../usr/local/lib/android/sdk/platforms/android-34-ext8/data/res/values-mcc310-mnc560-lv: Cannot change mode to rwxr-xr-x: Operation not permitted
build	Cache Android SDK	2026-06-06T12:22:59.9504558Z /usr/bin/tar: ../../../../../usr/local/lib/android/sdk/platforms/android-34-ext8/data/res/values-mcc311-mnc180-zh-rTW: Cannot utime: Operation not permitted
build	Cache Android SDK	2026-06-06T12:22:59.9505560Z /usr/bin/tar: ../../../../../usr/local/lib/android/sdk/platforms/android-34-ext8/data/res/values-mcc311-mnc180-zh-rTW: Cannot change mode to rwxr-xr-x: Operation not permitted
build	Cache Android SDK	2026-06-06T12:22:59.9507969Z /usr/bin/tar: ../../../../../usr/local/lib/android/sdk/platforms/android-34-ext8/data/res/values-mcc310-mnc380-az: Cannot utime: Operation not permitted
build	Cache Android SDK	2026-06-06T12:22:59.9508931Z /usr/bin/tar: ../../../../../usr/local/lib/android/sdk/platforms/android-34-ext8/data/res/values-mcc310-mnc380-az: Cannot change mode to rwxr-xr-x: Operation not permitted
build	Cache Android SDK	2026-06-06T12:22:59.9511292Z /usr/bin/tar: ../../../../../usr/local/lib/android/sdk/platforms/android-34-ext8/data/res/values-mcc310-mnc030-b+sr+Latn: Cannot utime: Operation not permitted
build	Cache Android SDK	2026-06-06T12:22:59.9512327Z /usr/bin/tar: ../../../../../usr/local/lib/android/sdk/platforms/android-34-ext8/data/res/values-mcc310-mnc030-b+sr+Latn: Cannot change mode to rwxr-xr-x: Operation not permitted
build	Cache Android SDK	2026-06-06T12:22:59.9514336Z /usr/bin/tar: ../../../../../usr/local/lib/android/sdk/platforms/android-34-ext8/data/res/values-mcc310-mnc200-mn: Cannot utime: Operation not permitted
build	Cache Android SDK	2026-06-06T12:22:59.9515302Z /usr/bin/tar: ../../../../../usr/local/lib/android/sdk/platforms/android-34-ext8/data/res/values-mcc310-mnc200-mn: Cannot change mode to rwxr-xr-x: Operation not permitted
build	Cache Android SDK	2026-06-06T12:22:59.9517820Z /usr/bin/tar: ../../../../../usr/local/lib/android/sdk/platforms/android-34-ext8/data/res/values-mcc310-mnc230-fa: Cannot utime: Operation not permitted
build	Cache Android SDK	2026-06-06T12:22:59.9518790Z /usr/bin/tar: ../../../../../usr/local/lib/android/sdk/platforms/android-34-ext8/data/res/values-mcc310-mnc230-fa: Cannot change mode to rwxr-xr-x: Operation not permitted
build	Cache Android SDK	2026-06-06T12:22:59.9520790Z /usr/bin/tar: ../../../../../usr/local/lib/android/sdk/platforms/android-34-ext8/data/res/values-mcc311-mnc180-lo: Cannot utime: Operation not permitted
build	Cache Android SDK	2026-06-06T12:22:59.9521748Z /usr/bin/tar: ../../../../../usr/local/lib/android/sdk/platforms/android-34-ext8/data/res/values-mcc311-mnc180-lo: Cannot change mode to rwxr-xr-x: Operation not permitted
build	Cache Android SDK	2026-06-06T12:22:59.9523946Z /usr/bin/tar: ../../../../../usr/local/lib/android/sdk/platforms/android-34-ext8/data/res/values-in-watch: Cannot utime: Operation not permitted
build	Cache Android SDK	2026-06-06T12:22:59.9524865Z /usr/bin/tar: ../../../../../usr/local/lib/android/sdk/platforms/android-34-ext8/data/res/values-in-watch: Cannot change mode to rwxr-xr-x: Operation not permitted
build	Cache Android SDK	2026-06-06T12:22:59.9527216Z /usr/bin/tar: ../../../../../usr/local/lib/android/sdk/platforms/android-34-ext8/data/res/values-mcc001-mnc01-en-rXC: Cannot utime: Operation not permitted
build	Cache Android SDK	2026-06-06T12:22:59.9528310Z /usr/bin/tar: ../../../../../usr/local/lib/android/sdk/platforms/android-34-ext8/data/res/values-mcc001-mnc01-en-rXC: Cannot change mode to rwxr-xr-x: Operation not permitted
build	Cache Android SDK	2026-06-06T12:22:59.9530690Z /usr/bin/tar: ../../../../../usr/local/lib/android/sdk/platforms/android-34-ext8/data/res/values-mcc310-mnc270-sl: Cannot utime: Operation not permitted
build	Cache Android SDK	2026-06-06T12:22:59.9531640Z /usr/bin/tar: ../../../../../usr/local/lib/android/sdk/platforms/android-34-ext8/data/res/values-mcc310-mnc270-sl: Cannot change mode to rwxr-xr-x: Operation not permitted
build	Cache Android SDK	2026-06-06T12:22:59.9533719Z /usr/bin/tar: ../../../../../usr/local/lib/android/sdk/platforms/android-34-ext8/data/res/values-mcc312-mnc670-af: Cannot utime: Operation not permitted
build	Cache Android SDK	2026-06-06T12:22:59.9534660Z /usr/bin/tar: ../../../../../usr/local/lib/android/sdk/platforms/android-34-ext8/data/res/values-mcc312-mnc670-af: Cannot change mode to rwxr-xr-x: Operation not permitted
build	Cache Android SDK	2026-06-06T12:22:59.9537017Z /usr/bin/tar: ../../../../../usr/local/lib/android/sdk/platforms/android-34-ext8/data/res/values-mcc310-mnc950-bn: Cannot utime: Operation not permitted
build	Cache Android SDK	2026-06-06T12:22:59.9538080Z /usr/bin/tar: ../../../../../usr/local/lib/android/sdk/platforms/android-34-ext8/data/res/values-mcc310-mnc950-bn: Cannot change mode to rwxr-xr-x: Operation not permitted
build	Cache Android SDK	2026-06-06T12:22:59.9540524Z /usr/bin/tar: ../../../../../usr/local/lib/android/sdk/platforms/android-34-ext8/data/res/values-mcc310-mnc580: Cannot utime: Operation not permitted
build	Cache Android SDK	2026-06-06T12:22:59.9541469Z /usr/bin/tar: ../../../../../usr/local/lib/android/sdk/platforms/android-34-ext8/data/res/values-mcc310-mnc580: Cannot change mode to rwxr-xr-x: Operation not permitted
build	Cache Android SDK	2026-06-06T12:22:59.9543597Z /usr/bin/tar: ../../../../../usr/local/lib/android/sdk/platforms/android-34-ext8/data/res/values-mcc310-mnc200-es-rUS: Cannot utime: Operation not permitted
build	Cache Android SDK	2026-06-06T12:22:59.9544587Z /usr/bin/tar: ../../../../../usr/local/lib/android/sdk/platforms/android-34-ext8/data/res/values-mcc310-mnc200-es-rUS: Cannot change mode to rwxr-xr-x: Operation not permitted
build	Cache Android SDK	2026-06-06T12:22:59.9546725Z /usr/bin/tar: ../../../../../usr/local/lib/android/sdk/platforms/android-34-ext8/data/res/values-mcc310-mnc800-ms: Cannot utime: Operation not permitted
build	Cache Android SDK	2026-06-06T12:22:59.9547766Z /usr/bin/tar: ../../../../../usr/local/lib/android/sdk/platforms/android-34-ext8/data/res/values-mcc310-mnc800-ms: Cannot change mode to rwxr-xr-x: Operation not permitted
build	Cache Android SDK	2026-06-06T12:22:59.9552239Z /usr/bin/tar: ../../../../../usr/local/lib/android/sdk/platforms/android-34-ext8/data/res/values-mcc310-mnc200-bs: Cannot utime: Operation not permitted
build	Cache Android SDK	2026-06-06T12:22:59.9553191Z /usr/bin/tar: ../../../../../usr/local/lib/android/sdk/platforms/android-34-ext8/data/res/values-mcc310-mnc200-bs: Cannot change mode to rwxr-xr-x: Operation not permitted
build	Cache Android SDK	2026-06-06T12:22:59.9556376Z /usr/bin/tar: ../../../../../usr/local/lib/android/sdk/platforms/android-34-ext8/data/res/values-mcc310-mnc280-uz: Cannot utime: Operation not permitted
build	Cache Android SDK	2026-06-06T12:22:59.9557459Z /usr/bin/tar: ../../../../../usr/local/lib/android/sdk/platforms/android-34-ext8/data/res/values-mcc310-mnc280-uz: Cannot change mode to rwxr-xr-x: Operation not permitted
build	Cache Android SDK	2026-06-06T12:22:59.9559127Z /usr/bin/tar: ../../../../../usr/local/lib/android/sdk/platforms/android-34-ext8/data/res/values-mcc310-mnc230-hr: Cannot utime: Operation not permitted
build	Cache Android SDK	2026-06-06T12:22:59.9560084Z /usr/bin/tar: ../../../../../usr/local/lib/android/sdk/platforms/android-34-ext8/data/res/values-mcc310-mnc230-hr: Cannot change mode to rwxr-xr-x: Operation not permitted
build	Cache Android SDK	2026-06-06T12:22:59.9562259Z /usr/bin/tar: ../../../../../usr/local/lib/android/sdk/platforms/android-34-ext8/data/res/values-mcc310-mnc240-it: Cannot utime: Operation not permitted
build	Cache Android SDK	2026-06-06T12:22:59.9563208Z /usr/bin/tar: ../../../../../usr/local/lib/android/sdk/platforms/android-34-ext8/data/res/values-mcc310-mnc240-it: Cannot change mode to rwxr-xr-x: Operation not permitted
build	Cache Android SDK	2026-06-06T12:22:59.9565375Z /usr/bin/tar: ../../../../../usr/local/lib/android/sdk/platforms/android-34-ext8/data/res/values-mcc440: Cannot utime: Operation not permitted
build	Cache Android SDK	2026-06-06T12:22:59.9566338Z /usr/bin/tar: ../../../../../usr/local/lib/android/sdk/platforms/android-34-ext8/data/res/values-mcc440: Cannot change mode to rwxr-xr-x: Operation not permitted
build	Cache Android SDK	2026-06-06T12:22:59.9568764Z /usr/bin/tar: ../../../../../usr/local/lib/android/sdk/platforms/android-34-ext8/data/res/values-mcc310-mnc310-es: Cannot utime: Operation not permitted
build	Cache Android SDK	2026-06-06T12:22:59.9569759Z /usr/bin/tar: ../../../../../usr/local/lib/android/sdk/platforms/android-34-ext8/data/res/values-mcc310-mnc310-es: Cannot change mode to rwxr-xr-x: Operation not permitted
build	Cache Android SDK	2026-06-06T12:22:59.9572015Z /usr/bin/tar: ../../../../../usr/local/lib/android/sdk/platforms/android-34-ext8/data/res/values-mcc310-mnc560-cs: Cannot utime: Operation not permitted
build	Cache Android SDK	2026-06-06T12:22:59.9572963Z /usr/bin/tar: ../../../../../usr/local/lib/android/sdk/platforms/android-34-ext8/data/res/values-mcc310-mnc560-cs: Cannot change mode to rwxr-xr-x: Operation not permitted
build	Cache Android SDK	2026-06-06T12:22:59.9575238Z /usr/bin/tar: ../../../../../usr/local/lib/android/sdk/platforms/android-34-ext8/data/res/values-mcc310-mnc160-ky: Cannot utime: Operation not permitted
build	Cache Android SDK	2026-06-06T12:22:59.9576192Z /usr/bin/tar: ../../../../../usr/local/lib/android/sdk/platforms/android-34-ext8/data/res/values-mcc310-mnc160-ky: Cannot change mode to rwxr-xr-x: Operation not permitted
build	Cache Android SDK	2026-06-06T12:22:59.9578822Z /usr/bin/tar: ../../../../../usr/local/lib/android/sdk/platforms/android-34-ext8/data/res/values-mcc310-mnc270-mk: Cannot utime: Operation not permitted
build	Cache Android SDK	2026-06-06T12:22:59.9579777Z /usr/bin/tar: ../../../../../usr/local/lib/android/sdk/platforms/android-34-ext8/data/res/values-mcc310-mnc270-mk: Cannot change mode to rwxr-xr-x: Operation not permitted
build	Cache Android SDK	2026-06-06T12:22:59.9581939Z /usr/bin/tar: ../../../../../usr/local/lib/android/sdk/platforms/android-34-ext8/data/res/values-et-watch: Cannot utime: Operation not permitted
build	Cache Android SDK	2026-06-06T12:22:59.9582852Z /usr/bin/tar: ../../../../../usr/local/lib/android/sdk/platforms/android-34-ext8/data/res/values-et-watch: Cannot change mode to rwxr-xr-x: Operation not permitted
build	Cache Android SDK	2026-06-06T12:22:59.9585088Z /usr/bin/tar: ../../../../../usr/local/lib/android/sdk/platforms/android-34-ext8/data/res/values-mcc310-mnc800-da: Cannot utime: Operation not permitted
build	Cache Android SDK	2026-06-06T12:22:59.9586032Z /usr/bin/tar: ../../../../../usr/local/lib/android/sdk/platforms/android-34-ext8/data/res/values-mcc310-mnc800-da: Cannot change mode to rwxr-xr-x: Operation not permitted
build	Cache Android SDK	2026-06-06T12:22:59.9588227Z /usr/bin/tar: ../../../../../usr/local/lib/android/sdk/platforms/android-34-ext8/data/res/values-mcc310-mnc310-sq: Cannot utime: Operation not permitted
build	Cache Android SDK	2026-06-06T12:22:59.9589169Z /usr/bin/tar: ../../../../../usr/local/lib/android/sdk/platforms/android-34-ext8/data/res/values-mcc310-mnc310-sq: Cannot change mode to rwxr-xr-x: Operation not permitted
build	Cache Android SDK	2026-06-06T12:22:59.9591229Z /usr/bin/tar: ../../../../../usr/local/lib/android/sdk/platforms/android-34-ext8/data/res/values-mcc310-mnc310-my: Cannot utime: Operation not permitted
build	Cache Android SDK	2026-06-06T12:22:59.9592178Z /usr/bin/tar: ../../../../../usr/local/lib/android/sdk/platforms/android-34-ext8/data/res/values-mcc310-mnc310-my: Cannot change mode to rwxr-xr-x: Operation not permitted
build	Cache Android SDK	2026-06-06T12:22:59.9594375Z /usr/bin/tar: ../../../../../usr/local/lib/android/sdk/platforms/android-34-ext8/data/res/values-mcc311-mnc180-be: Cannot utime: Operation not permitted
build	Cache Android SDK	2026-06-06T12:22:59.9595428Z /usr/bin/tar: ../../../../../usr/local/lib/android/sdk/platforms/android-34-ext8/data/res/values-mcc311-mnc180-be: Cannot change mode to rwxr-xr-x: Operation not permitted
build	Cache Android SDK	2026-06-06T12:22:59.9597600Z /usr/bin/tar: ../../../../../usr/local/lib/android/sdk/platforms/android-34-ext8/data/res/values-mcc310-mnc490-zu: Cannot utime: Operation not permitted
build	Cache Android SDK	2026-06-06T12:22:59.9598544Z /usr/bin/tar: ../../../../../usr/local/lib/android/sdk/platforms/android-34-ext8/data/res/values-mcc310-mnc490-zu: Cannot change mode to rwxr-xr-x: Operation not permitted
build	Cache Android SDK	2026-06-06T12:22:59.9600768Z /usr/bin/tar: ../../../../../usr/local/lib/android/sdk/platforms/android-34-ext8/data/res/values-mcc310-mnc410-am: Cannot utime: Operation not permitted
build	Cache Android SDK	2026-06-06T12:22:59.9601708Z /usr/bin/tar: ../../../../../usr/local/lib/android/sdk/platforms/android-34-ext8/data/res/values-mcc310-mnc410-am: Cannot change mode to rwxr-xr-x: Operation not permitted
build	Cache Android SDK	2026-06-06T12:22:59.9603977Z /usr/bin/tar: ../../../../../usr/local/lib/android/sdk/platforms/android-34-ext8/data/res/values-mcc310-mnc950-hr: Cannot utime: Operation not permitted
build	Cache Android SDK	2026-06-06T12:22:59.9604984Z /usr/bin/tar: ../../../../../usr/local/lib/android/sdk/platforms/android-34-ext8/data/res/values-mcc310-mnc950-hr: Cannot change mode to rwxr-xr-x: Operation not permitted
build	Cache Android SDK	2026-06-06T12:22:59.9607076Z /usr/bin/tar: ../../../../../usr/local/lib/android/sdk/platforms/android-34-ext8/data/res/values-mcc716-mnc10: Cannot utime: Operation not permitted
build	Cache Android SDK	2026-06-06T12:22:59.9608171Z /usr/bin/tar: ../../../../../usr/local/lib/android/sdk/platforms/android-34-ext8/data/res/values-mcc716-mnc10: Cannot change mode to rwxr-xr-x: Operation not permitted
build	Cache Android SDK	2026-06-06T12:22:59.9610197Z /usr/bin/tar: ../../../../../usr/local/lib/android/sdk/platforms/android-34-ext8/data/res/values-mcc310-mnc280-hr: Cannot utime: Operation not permitted
build	Cache Android SDK	2026-06-06T12:22:59.9611144Z /usr/bin/tar: ../../../../../usr/local/lib/android/sdk/platforms/android-34-ext8/data/res/values-mcc310-mnc280-hr: Cannot change mode to rwxr-xr-x: Operation not permitted
build	Cache Android SDK	2026-06-06T12:22:59.9613357Z /usr/bin/tar: ../../../../../usr/local/lib/android/sdk/platforms/android-34-ext8/data/res/values-mcc310-mnc490-zh-rCN: Cannot utime: Operation not permitted
build	Cache Android SDK	2026-06-06T12:22:59.9614341Z /usr/bin/tar: ../../../../../usr/local/lib/android/sdk/platforms/android-34-ext8/data/res/values-mcc310-mnc490-zh-rCN: Cannot change mode to rwxr-xr-x: Operation not permitted
build	Cache Android SDK	2026-06-06T12:22:59.9616323Z /usr/bin/tar: ../../../../../usr/local/lib/android/sdk/platforms/android-34-ext8/data/res/values-mcc001-mnc01-hi: Cannot utime: Operation not permitted
build	Cache Android SDK	2026-06-06T12:22:59.9617271Z /usr/bin/tar: ../../../../../usr/local/lib/android/sdk/platforms/android-34-ext8/data/res/values-mcc001-mnc01-hi: Cannot change mode to rwxr-xr-x: Operation not permitted
build	Cache Android SDK	2026-06-06T12:22:59.9619489Z /usr/bin/tar: ../../../../../usr/local/lib/android/sdk/platforms/android-34-ext8/data/res/values-mcc310-mnc220-ne: Cannot utime: Operation not permitted
build	Cache Android SDK	2026-06-06T12:22:59.9620439Z /usr/bin/tar: ../../../../../usr/local/lib/android/sdk/platforms/android-34-ext8/data/res/values-mcc310-mnc220-ne: Cannot change mode to rwxr-xr-x: Operation not permitted
build	Cache Android SDK	2026-06-06T12:22:59.9622815Z /usr/bin/tar: ../../../../../usr/local/lib/android/sdk/platforms/android-34-ext8/data/res/values-de-rAT: Cannot utime: Operation not permitted
build	Cache Android SDK	2026-06-06T12:22:59.9623706Z /usr/bin/tar: ../../../../../usr/local/lib/android/sdk/platforms/android-34-ext8/data/res/values-de-rAT: Cannot change mode to rwxr-xr-x: Operation not permitted
build	Cache Android SDK	2026-06-06T12:22:59.9626676Z /usr/bin/tar: ../../../../../usr/local/lib/android/sdk/platforms/android-34-ext8/data/res/values-mcc310-mnc030-es: Cannot utime: Operation not permitted
build	Cache Android SDK	2026-06-06T12:22:59.9628356Z /usr/bin/tar: ../../../../../usr/local/lib/android/sdk/platforms/android-34-ext8/data/res/values-mcc310-mnc030-es: Cannot change mode to rwxr-xr-x: Operation not permitted
build	Cache Android SDK	2026-06-06T12:22:59.9629894Z /usr/bin/tar: ../../../../../usr/local/lib/android/sdk/platforms/android-34-ext8/data/res/values-mcc001-mnc01-es: Cannot utime: Operation not permitted
build	Cache Android SDK	2026-06-06T12:22:59.9631096Z /usr/bin/tar: ../../../../../usr/local/lib/android/sdk/platforms/android-34-ext8/data/res/values-mcc001-mnc01-es: Cannot change mode to rwxr-xr-x: Operation not permitted
build	Cache Android SDK	2026-06-06T12:22:59.9632782Z /usr/bin/tar: ../../../../../usr/local/lib/android/sdk/platforms/android-34-ext8/data/res/values-mcc310-mnc270-el: Cannot utime: Operation not permitted
build	Cache Android SDK	2026-06-06T12:22:59.9633777Z /usr/bin/tar: ../../../../../usr/local/lib/android/sdk/platforms/android-34-ext8/data/res/values-mcc310-mnc270-el: Cannot change mode to rwxr-xr-x: Operation not permitted
build	Cache Android SDK	2026-06-06T12:22:59.9635800Z /usr/bin/tar: ../../../../../usr/local/lib/android/sdk/platforms/android-34-ext8/data/res/values-mcc310-mnc410-en-rIN: Cannot utime: Operation not permitted
build	Cache Android SDK	2026-06-06T12:22:59.9636831Z /usr/bin/tar: ../../../../../usr/local/lib/android/sdk/platforms/android-34-ext8/data/res/values-mcc310-mnc410-en-rIN: Cannot change mode to rwxr-xr-x: Operation not permitted
build	Cache Android SDK	2026-06-06T12:22:59.9639432Z /usr/bin/tar: ../../../../../usr/local/lib/android/sdk/platforms/android-34-ext8/data/res/values-mcc311-mnc180-tl: Cannot utime: Operation not permitted
build	Cache Android SDK	2026-06-06T12:22:59.9640426Z /usr/bin/tar: ../../../../../usr/local/lib/android/sdk/platforms/android-34-ext8/data/res/values-mcc311-mnc180-tl: Cannot change mode to rwxr-xr-x: Operation not permitted
build	Cache Android SDK	2026-06-06T12:22:59.9642955Z /usr/bin/tar: ../../../../../usr/local/lib/android/sdk/platforms/android-34-ext8/data/res/values-mcc310-mnc210-en-rIN: Cannot utime: Operation not permitted
build	Cache Android SDK	2026-06-06T12:22:59.9644296Z /usr/bin/tar: ../../../../../usr/local/lib/android/sdk/platforms/android-34-ext8/data/res/values-mcc310-mnc210-en-rIN: Cannot change mode to rwxr-xr-x: Operation not permitted
build	Cache Android SDK	2026-06-06T12:22:59.9645859Z /usr/bin/tar: ../../../../../usr/local/lib/android/sdk/platforms/android-34-ext8/data/res/values-mcc312-mnc670-kn: Cannot utime: Operation not permitted
build	Cache Android SDK	2026-06-06T12:22:59.9646826Z /usr/bin/tar: ../../../../../usr/local/lib/android/sdk/platforms/android-34-ext8/data/res/values-mcc312-mnc670-kn: Cannot change mode to rwxr-xr-x: Operation not permitted
build	Cache Android SDK	2026-06-06T12:22:59.9650950Z /usr/bin/tar: ../../../../../usr/local/lib/android/sdk/platforms/android-34-ext8/data/res/values-ro-television: Cannot utime: Operation not permitted
build	Cache Android SDK	2026-06-06T12:22:59.9652409Z /usr/bin/tar: ../../../../../usr/local/lib/android/sdk/platforms/android-34-ext8/data/res/values-ro-television: Cannot change mode to rwxr-xr-x: Operation not permitted
build	Cache Android SDK	2026-06-06T12:22:59.9653407Z /usr/bin/tar: ../../../../../usr/local/lib/android/sdk/platforms/android-34-ext8/data/res/values-mcc310-mnc210-pt-rPT: Cannot utime: Operation not permitted
build	Cache Android SDK	2026-06-06T12:22:59.9654818Z /usr/bin/tar: ../../../../../usr/local/lib/android/sdk/platforms/android-34-ext8/data/res/values-mcc310-mnc210-pt-rPT: Cannot change mode to rwxr-xr-x: Operation not permitted
build	Cache Android SDK	2026-06-06T12:22:59.9656372Z /usr/bin/tar: ../../../../../usr/local/lib/android/sdk/platforms/android-34-ext8/data/res/values-vi-rVN: Cannot utime: Operation not permitted
build	Cache Android SDK	2026-06-06T12:22:59.9657292Z /usr/bin/tar: ../../../../../usr/local/lib/android/sdk/platforms/android-34-ext8/data/res/values-vi-rVN: Cannot change mode to rwxr-xr-x: Operation not permitted
build	Cache Android SDK	2026-06-06T12:22:59.9659706Z /usr/bin/tar: ../../../../../usr/local/lib/android/sdk/platforms/android-34-ext8/data/res/values-mcc302-mnc720-el: Cannot utime: Operation not permitted
build	Cache Android SDK	2026-06-06T12:22:59.9660679Z /usr/bin/tar: ../../../../../usr/local/lib/android/sdk/platforms/android-34-ext8/data/res/values-mcc302-mnc720-el: Cannot change mode to rwxr-xr-x: Operation not permitted
build	Cache Android SDK	2026-06-06T12:22:59.9663693Z /usr/bin/tar: ../../../../../usr/local/lib/android/sdk/platforms/android-34-ext8/data/res/values-mcc310-mnc270-sw: Cannot utime: Operation not permitted
build	Cache Android SDK	2026-06-06T12:22:59.9664710Z /usr/bin/tar: ../../../../../usr/local/lib/android/sdk/platforms/android-34-ext8/data/res/values-mcc310-mnc270-sw: Cannot change mode to rwxr-xr-x: Operation not permitted
build	Cache Android SDK	2026-06-06T12:22:59.9670769Z /usr/bin/tar: ../../../../../usr/local/lib/android/sdk/platforms/android-34-ext8/data/res/values-pt-rPT: Cannot utime: Operation not permitted
build	Cache Android SDK	2026-06-06T12:22:59.9671974Z /usr/bin/tar: ../../../../../usr/local/lib/android/sdk/platforms/android-34-ext8/data/res/values-pt-rPT: Cannot change mode to rwxr-xr-x: Operation not permitted
build	Cache Android SDK	2026-06-06T12:22:59.9673203Z /usr/bin/tar: ../../../../../usr/local/lib/android/sdk/platforms/android-34-ext8/data/res/values-mcc334-mnc020-sv: Cannot utime: Operation not permitted
build	Cache Android SDK	2026-06-06T12:22:59.9674276Z /usr/bin/tar: ../../../../../usr/local/lib/android/sdk/platforms/android-34-ext8/data/res/values-mcc334-mnc020-sv: Cannot change mode to rwxr-xr-x: Operation not permitted
build	Cache Android SDK	2026-06-06T12:22:59.9675876Z /usr/bin/tar: ../../../../../usr/local/lib/android/sdk/platforms/android-34-ext8/data/res/values-mcc530-mnc05: Cannot utime: Operation not permitted
build	Cache Android SDK	2026-06-06T12:22:59.9676847Z /usr/bin/tar: ../../../../../usr/local/lib/android/sdk/platforms/android-34-ext8/data/res/values-mcc530-mnc05: Cannot change mode to rwxr-xr-x: Operation not permitted
build	Cache Android SDK	2026-06-06T12:22:59.9679161Z /usr/bin/tar: ../../../../../usr/local/lib/android/sdk/platforms/android-34-ext8/data/res/values-mcc310-mnc030-uk: Cannot utime: Operation not permitted
build	Cache Android SDK	2026-06-06T12:22:59.9680120Z /usr/bin/tar: ../../../../../usr/local/lib/android/sdk/platforms/android-34-ext8/data/res/values-mcc310-mnc030-uk: Cannot change mode to rwxr-xr-x: Operation not permitted
build	Cache Android SDK	2026-06-06T12:22:59.9682344Z /usr/bin/tar: ../../../../../usr/local/lib/android/sdk/platforms/android-34-ext8/data/res/values-mcc310-mnc030-hy: Cannot utime: Operation not permitted
build	Cache Android SDK	2026-06-06T12:22:59.9683292Z /usr/bin/tar: ../../../../../usr/local/lib/android/sdk/platforms/android-34-ext8/data/res/values-mcc310-mnc030-hy: Cannot change mode to rwxr-xr-x: Operation not permitted
build	Cache Android SDK	2026-06-06T12:22:59.9685614Z /usr/bin/tar: ../../../../../usr/local/lib/android/sdk/platforms/android-34-ext8/data/res/values-mcc310-mnc950-kk: Cannot utime: Operation not permitted
build	Cache Android SDK	2026-06-06T12:22:59.9686562Z /usr/bin/tar: ../../../../../usr/local/lib/android/sdk/platforms/android-34-ext8/data/res/values-mcc310-mnc950-kk: Cannot change mode to rwxr-xr-x: Operation not permitted
build	Cache Android SDK	2026-06-06T12:22:59.9688760Z /usr/bin/tar: ../../../../../usr/local/lib/android/sdk/platforms/android-34-ext8/data/res/values-mcc310-mnc170-ne: Cannot utime: Operation not permitted
build	Cache Android SDK	2026-06-06T12:22:59.9689725Z /usr/bin/tar: ../../../../../usr/local/lib/android/sdk/platforms/android-34-ext8/data/res/values-mcc310-mnc170-ne: Cannot change mode to rwxr-xr-x: Operation not permitted
build	Cache Android SDK	2026-06-06T12:22:59.9691845Z /usr/bin/tar: ../../../../../usr/local/lib/android/sdk/platforms/android-34-ext8/data/res/values-mcc310-mnc150-lt: Cannot utime: Operation not permitted
build	Cache Android SDK	2026-06-06T12:22:59.9692791Z /usr/bin/tar: ../../../../../usr/local/lib/android/sdk/platforms/android-34-ext8/data/res/values-mcc310-mnc150-lt: Cannot change mode to rwxr-xr-x: Operation not permitted
build	Cache Android SDK	2026-06-06T12:22:59.9694836Z /usr/bin/tar: ../../../../../usr/local/lib/android/sdk/platforms/android-34-ext8/data/res/values-mcc310-mnc240-iw: Cannot utime: Operation not permitted
build	Cache Android SDK	2026-06-06T12:22:59.9695797Z /usr/bin/tar: ../../../../../usr/local/lib/android/sdk/platforms/android-34-ext8/data/res/values-mcc310-mnc240-iw: Cannot change mode to rwxr-xr-x: Operation not permitted
build	Cache Android SDK	2026-06-06T12:22:59.9698204Z /usr/bin/tar: ../../../../../usr/local/lib/android/sdk/platforms/android-34-ext8/data/res/values-mcc310-mnc240-sr: Cannot utime: Operation not permitted
build	Cache Android SDK	2026-06-06T12:22:59.9699159Z /usr/bin/tar: ../../../../../usr/local/lib/android/sdk/platforms/android-34-ext8/data/res/values-mcc310-mnc240-sr: Cannot change mode to rwxr-xr-x: Operation not permitted
build	Cache Android SDK	2026-06-06T12:22:59.9701545Z /usr/bin/tar: ../../../../../usr/local/lib/android/sdk/platforms/android-34-ext8/data/res/values-w240dp: Cannot utime: Operation not permitted
build	Cache Android SDK	2026-06-06T12:22:59.9702445Z /usr/bin/tar: ../../../../../usr/local/lib/android/sdk/platforms/android-34-ext8/data/res/values-w240dp: Cannot change mode to rwxr-xr-x: Operation not permitted
build	Cache Android SDK	2026-06-06T12:22:59.9704694Z /usr/bin/tar: ../../../../../usr/local/lib/android/sdk/platforms/android-34-ext8/data/res/values-mcc310-mnc240-zh-rCN: Cannot utime: Operation not permitted
build	Cache Android SDK	2026-06-06T12:22:59.9705688Z /usr/bin/tar: ../../../../../usr/local/lib/android/sdk/platforms/android-34-ext8/data/res/values-mcc310-mnc240-zh-rCN: Cannot change mode to rwxr-xr-x: Operation not permitted
build	Cache Android SDK	2026-06-06T12:22:59.9708255Z /usr/bin/tar: ../../../../../usr/local/lib/android/sdk/platforms/android-34-ext8/data/res/values-mcc310-mnc380-tr: Cannot utime: Operation not permitted
build	Cache Android SDK	2026-06-06T12:22:59.9709332Z /usr/bin/tar: ../../../../../usr/local/lib/android/sdk/platforms/android-34-ext8/data/res/values-mcc310-mnc380-tr: Cannot change mode to rwxr-xr-x: Operation not permitted
build	Cache Android SDK	2026-06-06T12:22:59.9711143Z /usr/bin/tar: ../../../../../usr/local/lib/android/sdk/platforms/android-34-ext8/data/res/values-mcc310-mnc250-nb: Cannot utime: Operation not permitted
build	Cache Android SDK	2026-06-06T12:22:59.9712178Z /usr/bin/tar: ../../../../../usr/local/lib/android/sdk/platforms/android-34-ext8/data/res/values-mcc310-mnc250-nb: Cannot change mode to rwxr-xr-x: Operation not permitted
build	Cache Android SDK	2026-06-06T12:22:59.9714874Z /usr/bin/tar: ../../../../../usr/local/lib/android/sdk/platforms/android-34-ext8/data/res/drawable-en-ldpi: Cannot utime: Operation not permitted
build	Cache Android SDK	2026-06-06T12:22:59.9715799Z /usr/bin/tar: ../../../../../usr/local/lib/android/sdk/platforms/android-34-ext8/data/res/drawable-en-ldpi: Cannot change mode to rwxr-xr-x: Operation not permitted
build	Cache Android SDK	2026-06-06T12:22:59.9718210Z /usr/bin/tar: ../../../../../usr/local/lib/android/sdk/platforms/android-34-ext8/data/res/values-mcc334-mnc020-gl: Cannot utime: Operation not permitted
build	Cache Android SDK	2026-06-06T12:22:59.9719160Z /usr/bin/tar: ../../../../../usr/local/lib/android/sdk/platforms/android-34-ext8/data/res/values-mcc334-mnc020-gl: Cannot change mode to rwxr-xr-x: Operation not permitted
build	Cache Android SDK	2026-06-06T12:22:59.9721355Z /usr/bin/tar: ../../../../../usr/local/lib/android/sdk/platforms/android-34-ext8/data/res/values-mcc310-mnc170-fr: Cannot utime: Operation not permitted
build	Cache Android SDK	2026-06-06T12:22:59.9722308Z /usr/bin/tar: ../../../../../usr/local/lib/android/sdk/platforms/android-34-ext8/data/res/values-mcc310-mnc170-fr: Cannot change mode to rwxr-xr-x: Operation not permitted
build	Cache Android SDK	2026-06-06T12:22:59.9724506Z /usr/bin/tar: ../../../../../usr/local/lib/android/sdk/platforms/android-34-ext8/data/res/values-mcc310-mnc280-eu: Cannot utime: Operation not permitted
build	Cache Android SDK	2026-06-06T12:22:59.9725481Z /usr/bin/tar: ../../../../../usr/local/lib/android/sdk/platforms/android-34-ext8/data/res/values-mcc310-mnc280-eu: Cannot change mode to rwxr-xr-x: Operation not permitted
build	Cache Android SDK	2026-06-06T12:22:59.9728071Z /usr/bin/tar: ../../../../../usr/local/lib/android/sdk/platforms/android-34-ext8/data/res/values-mcc310-mnc270-si: Cannot utime: Operation not permitted
build	Cache Android SDK	2026-06-06T12:22:59.9729025Z /usr/bin/tar: ../../../../../usr/local/lib/android/sdk/platforms/android-34-ext8/data/res/values-mcc310-mnc270-si: Cannot change mode to rwxr-xr-x: Operation not permitted
build	Cache Android SDK	2026-06-06T12:22:59.9731579Z /usr/bin/tar: ../../../../../usr/local/lib/android/sdk/platforms/android-34-ext8/data/res/values-mcc310-mnc380-my: Cannot utime: Operation not permitted
build	Cache Android SDK	2026-06-06T12:22:59.9732534Z /usr/bin/tar: ../../../../../usr/local/lib/android/sdk/platforms/android-34-ext8/data/res/values-mcc310-mnc380-my: Cannot change mode to rwxr-xr-x: Operation not permitted
build	Cache Android SDK	2026-06-06T12:22:59.9734427Z /usr/bin/tar: ../../../../../usr/local/lib/android/sdk/platforms/android-34-ext8/data/res/values-mcc311-mnc180-fi: Cannot utime: Operation not permitted
build	Cache Android SDK	2026-06-06T12:22:59.9735378Z /usr/bin/tar: ../../../../../usr/local/lib/android/sdk/platforms/android-34-ext8/data/res/values-mcc311-mnc180-fi: Cannot change mode to rwxr-xr-x: Operation not permitted
build	Cache Android SDK	2026-06-06T12:22:59.9737671Z /usr/bin/tar: ../../../../../usr/local/lib/android/sdk/platforms/android-34-ext8/data/res/values-mcc310-mnc150-el: Cannot utime: Operation not permitted
build	Cache Android SDK	2026-06-06T12:22:59.9738740Z /usr/bin/tar: ../../../../../usr/local/lib/android/sdk/platforms/android-34-ext8/data/res/values-mcc310-mnc150-el: Cannot change mode to rwxr-xr-x: Operation not permitted
build	Cache Android SDK	2026-06-06T12:22:59.9740592Z /usr/bin/tar: ../../../../../usr/local/lib/android/sdk/platforms/android-34-ext8/data/res/values-ldrtl-television: Cannot utime: Operation not permitted
build	Cache Android SDK	2026-06-06T12:22:59.9741585Z /usr/bin/tar: ../../../../../usr/local/lib/android/sdk/platforms/android-34-ext8/data/res/values-ldrtl-television: Cannot change mode to rwxr-xr-x: Operation not permitted
build	Cache Android SDK	2026-06-06T12:22:59.9743589Z /usr/bin/tar: ../../../../../usr/local/lib/android/sdk/platforms/android-34-ext8/data/res/values-nb-watch: Cannot utime: Operation not permitted
build	Cache Android SDK	2026-06-06T12:22:59.9744507Z /usr/bin/tar: ../../../../../usr/local/lib/android/sdk/platforms/android-34-ext8/data/res/values-nb-watch: Cannot change mode to rwxr-xr-x: Operation not permitted
build	Cache Android SDK	2026-06-06T12:22:59.9746826Z /usr/bin/tar: ../../../../../usr/local/lib/android/sdk/platforms/android-34-ext8/data/res/values-mcc310-mnc490: Cannot utime: Operation not permitted
build	Cache Android SDK	2026-06-06T12:22:59.9747933Z /usr/bin/tar: ../../../../../usr/local/lib/android/sdk/platforms/android-34-ext8/data/res/values-mcc310-mnc490: Cannot change mode to rwxr-xr-x: Operation not permitted
build	Cache Android SDK	2026-06-06T12:22:59.9749865Z /usr/bin/tar: ../../../../../usr/local/lib/android/sdk/platforms/android-34-ext8/data/res/values-mcc310-mnc230-gu: Cannot utime: Operation not permitted
build	Cache Android SDK	2026-06-06T12:22:59.9750880Z /usr/bin/tar: ../../../../../usr/local/lib/android/sdk/platforms/android-34-ext8/data/res/values-mcc310-mnc230-gu: Cannot change mode to rwxr-xr-x: Operation not permitted
build	Cache Android SDK	2026-06-06T12:22:59.9752595Z /usr/bin/tar: ../../../../../usr/local/lib/android/sdk/platforms/android-34-ext8/data/res/values-mcc310-mnc230-lv: Cannot utime: Operation not permitted
build	Cache Android SDK	2026-06-06T12:22:59.9753553Z /usr/bin/tar: ../../../../../usr/local/lib/android/sdk/platforms/android-34-ext8/data/res/values-mcc310-mnc230-lv: Cannot change mode to rwxr-xr-x: Operation not permitted
build	Cache Android SDK	2026-06-06T12:22:59.9755383Z /usr/bin/tar: ../../../../../usr/local/lib/android/sdk/platforms/android-34-ext8/data/res/values-mcc310-mnc410-bs: Cannot utime: Operation not permitted
build	Cache Android SDK	2026-06-06T12:22:59.9756326Z /usr/bin/tar: ../../../../../usr/local/lib/android/sdk/platforms/android-34-ext8/data/res/values-mcc310-mnc410-bs: Cannot change mode to rwxr-xr-x: Operation not permitted
build	Cache Android SDK	2026-06-06T12:22:59.9760879Z /usr/bin/tar: ../../../../../usr/local/lib/android/sdk/platforms/android-34-ext8/data/res/values-mcc302-mnc370-pt: Cannot utime: Operation not permitted
build	Cache Android SDK	2026-06-06T12:22:59.9761850Z /usr/bin/tar: ../../../../../usr/local/lib/android/sdk/platforms/android-34-ext8/data/res/values-mcc302-mnc370-pt: Cannot change mode to rwxr-xr-x: Operation not permitted
build	Cache Android SDK	2026-06-06T12:22:59.9764526Z /usr/bin/tar: ../../../../../usr/local/lib/android/sdk/platforms/android-34-ext8/data/res/raw-ja: Cannot utime: Operation not permitted
build	Cache Android SDK	2026-06-06T12:22:59.9765366Z /usr/bin/tar: ../../../../../usr/local/lib/android/sdk/platforms/android-34-ext8/data/res/raw-ja: Cannot change mode to rwxr-xr-x: Operation not permitted
build	Cache Android SDK	2026-06-06T12:22:59.9768467Z /usr/bin/tar: ../../../../../usr/local/lib/android/sdk/platforms/android-34-ext8/data/res/values-mcc310-mnc270-ne: Cannot utime: Operation not permitted
build	Cache Android SDK	2026-06-06T12:22:59.9769405Z /usr/bin/tar: ../../../../../usr/local/lib/android/sdk/platforms/android-34-ext8/data/res/values-mcc310-mnc270-ne: Cannot change mode to rwxr-xr-x: Operation not permitted
build	Cache Android SDK	2026-06-06T12:22:59.9772171Z /usr/bin/tar: ../../../../../usr/local/lib/android/sdk/platforms/android-34-ext8/data/res/values-mcc310-mnc150-sl: Cannot utime: Operation not permitted
build	Cache Android SDK	2026-06-06T12:22:59.9773115Z /usr/bin/tar: ../../../../../usr/local/lib/android/sdk/platforms/android-34-ext8/data/res/values-mcc310-mnc150-sl: Cannot change mode to rwxr-xr-x: Operation not permitted
build	Cache Android SDK	2026-06-06T12:22:59.9775442Z /usr/bin/tar: ../../../../../usr/local/lib/android/sdk/platforms/android-34-ext8/data/res/values-mcc310-mnc380-de: Cannot utime: Operation not permitted
build	Cache Android SDK	2026-06-06T12:22:59.9778716Z /usr/bin/tar: ../../../../../usr/local/lib/android/sdk/platforms/android-34-ext8/data/res/values-mcc310-mnc380-de: Cannot change mode to rwxr-xr-x: Operation not permitted
build	Cache Android SDK	2026-06-06T12:22:59.9779660Z /usr/bin/tar: ../../../../../usr/local/lib/android/sdk/platforms/android-34-ext8/data/res/values-mcc310-mnc950-hu: Cannot utime: Operation not permitted
build	Cache Android SDK	2026-06-06T12:22:59.9780596Z /usr/bin/tar: ../../../../../usr/local/lib/android/sdk/platforms/android-34-ext8/data/res/values-mcc310-mnc950-hu: Cannot change mode to rwxr-xr-x: Operation not permitted
build	Cache Android SDK	2026-06-06T12:22:59.9781837Z /usr/bin/tar: ../../../../../usr/local/lib/android/sdk/platforms/android-34-ext8/data/res/values-mcc310-mnc230-pa: Cannot utime: Operation not permitted
build	Cache Android SDK	2026-06-06T12:22:59.9782772Z /usr/bin/tar: ../../../../../usr/local/lib/android/sdk/platforms/android-34-ext8/data/res/values-mcc310-mnc230-pa: Cannot change mode to rwxr-xr-x: Operation not permitted
build	Cache Android SDK	2026-06-06T12:22:59.9785384Z /usr/bin/tar: ../../../../../usr/local/lib/android/sdk/platforms/android-34-ext8/data/res/values-w320dp: Cannot utime: Operation not permitted
build	Cache Android SDK	2026-06-06T12:22:59.9786269Z /usr/bin/tar: ../../../../../usr/local/lib/android/sdk/platforms/android-34-ext8/data/res/values-w320dp: Cannot change mode to rwxr-xr-x: Operation not permitted
build	Cache Android SDK	2026-06-06T12:22:59.9788976Z /usr/bin/tar: ../../../../../usr/local/lib/android/sdk/platforms/android-34-ext8/data/res/values-mcc310-mnc270-kk: Cannot utime: Operation not permitted
build	Cache Android SDK	2026-06-06T12:22:59.9789982Z /usr/bin/tar: ../../../../../usr/local/lib/android/sdk/platforms/android-34-ext8/data/res/values-mcc310-mnc270-kk: Cannot change mode to rwxr-xr-x: Operation not permitted
build	Cache Android SDK	2026-06-06T12:22:59.9792018Z /usr/bin/tar: ../../../../../usr/local/lib/android/sdk/platforms/android-34-ext8/data/res/values-mcc313-mnc100-nb: Cannot utime: Operation not permitted
build	Cache Android SDK	2026-06-06T12:22:59.9792966Z /usr/bin/tar: ../../../../../usr/local/lib/android/sdk/platforms/android-34-ext8/data/res/values-mcc313-mnc100-nb: Cannot change mode to rwxr-xr-x: Operation not permitted
build	Cache Android SDK	2026-06-06T12:22:59.9795054Z /usr/bin/tar: ../../../../../usr/local/lib/android/sdk/platforms/android-34-ext8/data/res/values-mcc310-mnc250-ky: Cannot utime: Operation not permitted
build	Cache Android SDK	2026-06-06T12:22:59.9795998Z /usr/bin/tar: ../../../../../usr/local/lib/android/sdk/platforms/android-34-ext8/data/res/values-mcc310-mnc250-ky: Cannot change mode to rwxr-xr-x: Operation not permitted
build	Cache Android SDK	2026-06-06T12:22:59.9798472Z /usr/bin/tar: ../../../../../usr/local/lib/android/sdk/platforms/android-34-ext8/data/res/values-mcc310-mnc800-gu: Cannot utime: Operation not permitted
build	Cache Android SDK	2026-06-06T12:22:59.9799415Z /usr/bin/tar: ../../../../../usr/local/lib/android/sdk/platforms/android-34-ext8/data/res/values-mcc310-mnc800-gu: Cannot change mode to rwxr-xr-x: Operation not permitted
build	Cache Android SDK	2026-06-06T12:22:59.9802398Z /usr/bin/tar: ../../../../../usr/local/lib/android/sdk/platforms/android-34-ext8/data/res/values-mcc310-mnc200-sv: Cannot utime: Operation not permitted
build	Cache Android SDK	2026-06-06T12:22:59.9803354Z /usr/bin/tar: ../../../../../usr/local/lib/android/sdk/platforms/android-34-ext8/data/res/values-mcc310-mnc200-sv: Cannot change mode to rwxr-xr-x: Operation not permitted
build	Cache Android SDK	2026-06-06T12:22:59.9806609Z /usr/bin/tar: ../../../../../usr/local/lib/android/sdk/platforms/android-34-ext8/data/res/values-mcc334-mnc020-en-rGB: Cannot utime: Operation not permitted
build	Cache Android SDK	2026-06-06T12:22:59.9808541Z /usr/bin/tar: ../../../../../usr/local/lib/android/sdk/platforms/android-34-ext8/data/res/values-mcc334-mnc020-en-rGB: Cannot change mode to rwxr-xr-x: Operation not permitted
build	Cache Android SDK	2026-06-06T12:22:59.9809671Z /usr/bin/tar: ../../../../../usr/local/lib/android/sdk/platforms/android-34-ext8/data/res/values-mcc302-mnc720-en-rIN: Cannot utime: Operation not permitted
build	Cache Android SDK	2026-06-06T12:22:59.9810716Z /usr/bin/tar: ../../../../../usr/local/lib/android/sdk/platforms/android-34-ext8/data/res/values-mcc302-mnc720-en-rIN: Cannot change mode to rwxr-xr-x: Operation not permitted
build	Cache Android SDK	2026-06-06T12:22:59.9812464Z /usr/bin/tar: ../../../../../usr/local/lib/android/sdk/platforms/android-34-ext8/data/res/xml-en: Cannot utime: Operation not permitted
build	Cache Android SDK	2026-06-06T12:22:59.9813338Z /usr/bin/tar: ../../../../../usr/local/lib/android/sdk/platforms/android-34-ext8/data/res/xml-en: Cannot change mode to rwxr-xr-x: Operation not permitted
build	Cache Android SDK	2026-06-06T12:22:59.9815881Z /usr/bin/tar: ../../../../../usr/local/lib/android/sdk/platforms/android-34-ext8/data/res/values-mcc310-mnc950-es-rUS: Cannot utime: Operation not permitted
build	Cache Android SDK	2026-06-06T12:22:59.9816882Z /usr/bin/tar: ../../../../../usr/local/lib/android/sdk/platforms/android-34-ext8/data/res/values-mcc310-mnc950-es-rUS: Cannot change mode to rwxr-xr-x: Operation not permitted
build	Cache Android SDK	2026-06-06T12:22:59.9819079Z /usr/bin/tar: ../../../../../usr/local/lib/android/sdk/platforms/android-34-ext8/data/res/values-mcc310-mnc950-tr: Cannot utime: Operation not permitted
build	Cache Android SDK	2026-06-06T12:22:59.9820041Z /usr/bin/tar: ../../../../../usr/local/lib/android/sdk/platforms/android-34-ext8/data/res/values-mcc310-mnc950-tr: Cannot change mode to rwxr-xr-x: Operation not permitted
build	Cache Android SDK	2026-06-06T12:22:59.9822497Z /usr/bin/tar: ../../../../../usr/local/lib/android/sdk/platforms/android-34-ext8/data/res/values-mcc310-mnc200-de: Cannot utime: Operation not permitted
build	Cache Android SDK	2026-06-06T12:22:59.9823463Z /usr/bin/tar: ../../../../../usr/local/lib/android/sdk/platforms/android-34-ext8/data/res/values-mcc310-mnc200-de: Cannot change mode to rwxr-xr-x: Operation not permitted
build	Cache Android SDK	2026-06-06T12:22:59.9826058Z /usr/bin/tar: ../../../../../usr/local/lib/android/sdk/platforms/android-34-ext8/data/res/values-is-watch: Cannot utime: Operation not permitted
build	Cache Android SDK	2026-06-06T12:22:59.9827779Z /usr/bin/tar: ../../../../../usr/local/lib/android/sdk/platforms/android-34-ext8/data/res/values-is-watch: Cannot change mode to rwxr-xr-x: Operation not permitted
build	Cache Android SDK	2026-06-06T12:22:59.9831030Z /usr/bin/tar: ../../../../../usr/local/lib/android/sdk/platforms/android-34-ext8/data/res/values-mcc310-mnc660-lo: Cannot utime: Operation not permitted
build	Cache Android SDK	2026-06-06T12:22:59.9832818Z /usr/bin/tar: ../../../../../usr/local/lib/android/sdk/platforms/android-34-ext8/data/res/values-mcc310-mnc660-lo: Cannot change mode to rwxr-xr-x: Operation not permitted
build	Cache Android SDK	2026-06-06T12:22:59.9834585Z /usr/bin/tar: ../../../../../usr/local/lib/android/sdk/platforms/android-34-ext8/data/res/values-mcc310-mnc380-or: Cannot utime: Operation not permitted
build	Cache Android SDK	2026-06-06T12:22:59.9835581Z /usr/bin/tar: ../../../../../usr/local/lib/android/sdk/platforms/android-34-ext8/data/res/values-mcc310-mnc380-or: Cannot change mode to rwxr-xr-x: Operation not permitted
build	Cache Android SDK	2026-06-06T12:22:59.9838394Z /usr/bin/tar: ../../../../../usr/local/lib/android/sdk/platforms/android-34-ext8/data/res/values-mcc334-mnc020-ky: Cannot utime: Operation not permitted
build	Cache Android SDK	2026-06-06T12:22:59.9839573Z /usr/bin/tar: ../../../../../usr/local/lib/android/sdk/platforms/android-34-ext8/data/res/values-mcc334-mnc020-ky: Cannot change mode to rwxr-xr-x: Operation not permitted
build	Cache Android SDK	2026-06-06T12:22:59.9842028Z /usr/bin/tar: ../../../../../usr/local/lib/android/sdk/platforms/android-34-ext8/data/res/values-mcc334-mnc020-pt-rPT: Cannot utime: Operation not permitted
build	Cache Android SDK	2026-06-06T12:22:59.9843038Z /usr/bin/tar: ../../../../../usr/local/lib/android/sdk/platforms/android-34-ext8/data/res/values-mcc334-mnc020-pt-rPT: Cannot change mode to rwxr-xr-x: Operation not permitted
build	Cache Android SDK	2026-06-06T12:22:59.9845440Z /usr/bin/tar: ../../../../../usr/local/lib/android/sdk/platforms/android-34-ext8/data/res/values-mcc310-mnc250-en-rIN: Cannot utime: Operation not permitted
build	Cache Android SDK	2026-06-06T12:22:59.9846427Z /usr/bin/tar: ../../../../../usr/local/lib/android/sdk/platforms/android-34-ext8/data/res/values-mcc310-mnc250-en-rIN: Cannot change mode to rwxr-xr-x: Operation not permitted
build	Cache Android SDK	2026-06-06T12:22:59.9848614Z /usr/bin/tar: ../../../../../usr/local/lib/android/sdk/platforms/android-34-ext8/data/res/values-mcc466-mnc03: Cannot utime: Operation not permitted
build	Cache Android SDK	2026-06-06T12:22:59.9849539Z /usr/bin/tar: ../../../../../usr/local/lib/android/sdk/platforms/android-34-ext8/data/res/values-mcc466-mnc03: Cannot change mode to rwxr-xr-x: Operation not permitted
build	Cache Android SDK	2026-06-06T12:22:59.9852106Z /usr/bin/tar: ../../../../../usr/local/lib/android/sdk/platforms/android-34-ext8/data/res/values-mcc310-mnc200-fr-rCA: Cannot utime: Operation not permitted
build	Cache Android SDK	2026-06-06T12:22:59.9853083Z /usr/bin/tar: ../../../../../usr/local/lib/android/sdk/platforms/android-34-ext8/data/res/values-mcc310-mnc200-fr-rCA: Cannot change mode to rwxr-xr-x: Operation not permitted
build	Cache Android SDK	2026-06-06T12:22:59.9855212Z /usr/bin/tar: ../../../../../usr/local/lib/android/sdk/platforms/android-34-ext8/data/res/values-mcc340-mnc01: Cannot utime: Operation not permitted
build	Cache Android SDK	2026-06-06T12:22:59.9856217Z /usr/bin/tar: ../../../../../usr/local/lib/android/sdk/platforms/android-34-ext8/data/res/values-mcc340-mnc01: Cannot change mode to rwxr-xr-x: Operation not permitted
build	Cache Android SDK	2026-06-06T12:22:59.9858424Z /usr/bin/tar: ../../../../../usr/local/lib/android/sdk/platforms/android-34-ext8/data/res/values-mcc310-mnc240-kn: Cannot utime: Operation not permitted
build	Cache Android SDK	2026-06-06T12:22:59.9859495Z /usr/bin/tar: ../../../../../usr/local/lib/android/sdk/platforms/android-34-ext8/data/res/values-mcc310-mnc240-kn: Cannot change mode to rwxr-xr-x: Operation not permitted
build	Cache Android SDK	2026-06-06T12:22:59.9863416Z /usr/bin/tar: ../../../../../usr/local/lib/android/sdk/platforms/android-34-ext8/data/res/values-land: Cannot utime: Operation not permitted
build	Cache Android SDK	2026-06-06T12:22:59.9864302Z /usr/bin/tar: ../../../../../usr/local/lib/android/sdk/platforms/android-34-ext8/data/res/values-land: Cannot change mode to rwxr-xr-x: Operation not permitted
build	Cache Android SDK	2026-06-06T12:22:59.9866448Z /usr/bin/tar: ../../../../../usr/local/lib/android/sdk/platforms/android-34-ext8/data/res/values-mcc302-mnc370-ka: Cannot utime: Operation not permitted
build	Cache Android SDK	2026-06-06T12:22:59.9867565Z /usr/bin/tar: ../../../../../usr/local/lib/android/sdk/platforms/android-34-ext8/data/res/values-mcc302-mnc370-ka: Cannot change mode to rwxr-xr-x: Operation not permitted
build	Cache Android SDK	2026-06-06T12:22:59.9869772Z /usr/bin/tar: ../../../../../usr/local/lib/android/sdk/platforms/android-34-ext8/data/res/values-mcc302-mnc720-sl: Cannot utime: Operation not permitted
build	Cache Android SDK	2026-06-06T12:22:59.9870728Z /usr/bin/tar: ../../../../../usr/local/lib/android/sdk/platforms/android-34-ext8/data/res/values-mcc302-mnc720-sl: Cannot change mode to rwxr-xr-x: Operation not permitted
build	Cache Android SDK	2026-06-06T12:22:59.9872598Z /usr/bin/tar: ../../../../../usr/local/lib/android/sdk/platforms/android-34-ext8/data/res/values-mcc310-mnc240-mr: Cannot utime: Operation not permitted
build	Cache Android SDK	2026-06-06T12:22:59.9873558Z /usr/bin/tar: ../../../../../usr/local/lib/android/sdk/platforms/android-34-ext8/data/res/values-mcc310-mnc240-mr: Cannot change mode to rwxr-xr-x: Operation not permitted
build	Cache Android SDK	2026-06-06T12:22:59.9875715Z /usr/bin/tar: ../../../../../usr/local/lib/android/sdk/platforms/android-34-ext8/data/res/values-mcc310-mnc560-fa: Cannot utime: Operation not permitted
build	Cache Android SDK	2026-06-06T12:22:59.9876674Z /usr/bin/tar: ../../../../../usr/local/lib/android/sdk/platforms/android-34-ext8/data/res/values-mcc310-mnc560-fa: Cannot change mode to rwxr-xr-x: Operation not permitted
build	Cache Android SDK	2026-06-06T12:22:59.9878969Z /usr/bin/tar: ../../../../../usr/local/lib/android/sdk/platforms/android-34-ext8/data/res/values-mcc312-mnc670-ro: Cannot utime: Operation not permitted
build	Cache Android SDK	2026-06-06T12:22:59.9879924Z /usr/bin/tar: ../../../../../usr/local/lib/android/sdk/platforms/android-34-ext8/data/res/values-mcc312-mnc670-ro: Cannot change mode to rwxr-xr-x: Operation not permitted
build	Cache Android SDK	2026-06-06T12:22:59.9882156Z /usr/bin/tar: ../../../../../usr/local/lib/android/sdk/platforms/android-34-ext8/data/res/values-mcc310-mnc250-cs: Cannot utime: Operation not permitted
build	Cache Android SDK	2026-06-06T12:22:59.9883117Z /usr/bin/tar: ../../../../../usr/local/lib/android/sdk/platforms/android-34-ext8/data/res/values-mcc310-mnc250-cs: Cannot change mode to rwxr-xr-x: Operation not permitted
build	Cache Android SDK	2026-06-06T12:22:59.9885149Z /usr/bin/tar: ../../../../../usr/local/lib/android/sdk/platforms/android-34-ext8/data/res/values-hu-rHU: Cannot utime: Operation not permitted
build	Cache Android SDK	2026-06-06T12:22:59.9886146Z /usr/bin/tar: ../../../../../usr/local/lib/android/sdk/platforms/android-34-ext8/data/res/values-hu-rHU: Cannot change mode to rwxr-xr-x: Operation not permitted
build	Cache Android SDK	2026-06-06T12:22:59.9888141Z /usr/bin/tar: ../../../../../usr/local/lib/android/sdk/platforms/android-34-ext8/data/res/values-mcc315: Cannot utime: Operation not permitted
build	Cache Android SDK	2026-06-06T12:22:59.9889031Z /usr/bin/tar: ../../../../../usr/local/lib/android/sdk/platforms/android-34-ext8/data/res/values-mcc315: Cannot change mode to rwxr-xr-x: Operation not permitted
build	Cache Android SDK	2026-06-06T12:22:59.9891179Z /usr/bin/tar: ../../../../../usr/local/lib/android/sdk/platforms/android-34-ext8/data/res/values-mcc310-mnc660-gl: Cannot utime: Operation not permitted
build	Cache Android SDK	2026-06-06T12:22:59.9892204Z /usr/bin/tar: ../../../../../usr/local/lib/android/sdk/platforms/android-34-ext8/data/res/values-mcc310-mnc660-gl: Cannot change mode to rwxr-xr-x: Operation not permitted
build	Cache Android SDK	2026-06-06T12:22:59.9894125Z /usr/bin/tar: ../../../../../usr/local/lib/android/sdk/platforms/android-34-ext8/data/res/values-mcc313-mnc100-de: Cannot utime: Operation not permitted
build	Cache Android SDK	2026-06-06T12:22:59.9895141Z /usr/bin/tar: ../../../../../usr/local/lib/android/sdk/platforms/android-34-ext8/data/res/values-mcc313-mnc100-de: Cannot change mode to rwxr-xr-x: Operation not permitted
build	Cache Android SDK	2026-06-06T12:22:59.9897174Z /usr/bin/tar: ../../../../../usr/local/lib/android/sdk/platforms/android-34-ext8/data/res/values-mcc311-mnc180-it: Cannot utime: Operation not permitted
build	Cache Android SDK	2026-06-06T12:22:59.9898304Z /usr/bin/tar: ../../../../../usr/local/lib/android/sdk/platforms/android-34-ext8/data/res/values-mcc311-mnc180-it: Cannot change mode to rwxr-xr-x: Operation not permitted
build	Cache Android SDK	2026-06-06T12:22:59.9900638Z /usr/bin/tar: ../../../../../usr/local/lib/android/sdk/platforms/android-34-ext8/data/res/values-mcc310-mnc150-ta: Cannot utime: Operation not permitted
build	Cache Android SDK	2026-06-06T12:22:59.9901608Z /usr/bin/tar: ../../../../../usr/local/lib/android/sdk/platforms/android-34-ext8/data/res/values-mcc310-mnc150-ta: Cannot change mode to rwxr-xr-x: Operation not permitted
build	Cache Android SDK	2026-06-06T12:22:59.9903764Z /usr/bin/tar: ../../../../../usr/local/lib/android/sdk/platforms/android-34-ext8/data/res/values-mcc334-mnc050: Cannot utime: Operation not permitted
build	Cache Android SDK	2026-06-06T12:22:59.9904700Z /usr/bin/tar: ../../../../../usr/local/lib/android/sdk/platforms/android-34-ext8/data/res/values-mcc334-mnc050: Cannot change mode to rwxr-xr-x: Operation not permitted
build	Cache Android SDK	2026-06-06T12:22:59.9907041Z /usr/bin/tar: ../../../../../usr/local/lib/android/sdk/platforms/android-34-ext8/data/res/values-mcc001-mnc01-gl: Cannot utime: Operation not permitted
build	Cache Android SDK	2026-06-06T12:22:59.9907763Z /usr/bin/tar: ../../../../../usr/local/lib/android/sdk/platforms/android-34-ext8/data/res/values-mcc001-mnc01-gl: Cannot change mode to rwxr-xr-x: Operation not permitted
build	Cache Android SDK	2026-06-06T12:22:59.9910112Z /usr/bin/tar: ../../../../../usr/local/lib/android/sdk/platforms/android-34-ext8/data/res/values-mcc310-mnc950-vi: Cannot utime: Operation not permitted
build	Cache Android SDK	2026-06-06T12:22:59.9910579Z /usr/bin/tar: ../../../../../usr/local/lib/android/sdk/platforms/android-34-ext8/data/res/values-mcc310-mnc950-vi: Cannot change mode to rwxr-xr-x: Operation not permitted
build	Cache Android SDK	2026-06-06T12:22:59.9913524Z /usr/bin/tar: ../../../../../usr/local/lib/android/sdk/platforms/android-34-ext8/data/res/values-mcc432-mnc20: Cannot utime: Operation not permitted
build	Cache Android SDK	2026-06-06T12:22:59.9913974Z /usr/bin/tar: ../../../../../usr/local/lib/android/sdk/platforms/android-34-ext8/data/res/values-mcc432-mnc20: Cannot change mode to rwxr-xr-x: Operation not permitted
build	Cache Android SDK	2026-06-06T12:22:59.9916788Z /usr/bin/tar: ../../../../../usr/local/lib/android/sdk/platforms/android-34-ext8/data/res/values-mcc310-mnc800-de: Cannot utime: Operation not permitted
build	Cache Android SDK	2026-06-06T12:22:59.9917257Z /usr/bin/tar: ../../../../../usr/local/lib/android/sdk/platforms/android-34-ext8/data/res/values-mcc310-mnc800-de: Cannot change mode to rwxr-xr-x: Operation not permitted
build	Cache Android SDK	2026-06-06T12:22:59.9920179Z /usr/bin/tar: ../../../../../usr/local/lib/android/sdk/platforms/android-34-ext8/data/res/values-mcc310-mnc660-sq: Cannot utime: Operation not permitted
build	Cache Android SDK	2026-06-06T12:22:59.9920728Z /usr/bin/tar: ../../../../../usr/local/lib/android/sdk/platforms/android-34-ext8/data/res/values-mcc310-mnc660-sq: Cannot change mode to rwxr-xr-x: Operation not permitted
build	Cache Android SDK	2026-06-06T12:22:59.9923128Z /usr/bin/tar: ../../../../../usr/local/lib/android/sdk/platforms/android-34-ext8/data/res/values-mcc302-mnc720-sv: Cannot utime: Operation not permitted
build	Cache Android SDK	2026-06-06T12:22:59.9923579Z /usr/bin/tar: ../../../../../usr/local/lib/android/sdk/platforms/android-34-ext8/data/res/values-mcc302-mnc720-sv: Cannot change mode to rwxr-xr-x: Operation not permitted
build	Cache Android SDK	2026-06-06T12:22:59.9925974Z /usr/bin/tar: ../../../../../usr/local/lib/android/sdk/platforms/android-34-ext8/data/res/values-mcc310-mnc560-nl: Cannot utime: Operation not permitted
build	Cache Android SDK	2026-06-06T12:22:59.9926435Z /usr/bin/tar: ../../../../../usr/local/lib/android/sdk/platforms/android-34-ext8/data/res/values-mcc310-mnc560-nl: Cannot change mode to rwxr-xr-x: Operation not permitted
build	Cache Android SDK	2026-06-06T12:22:59.9929037Z /usr/bin/tar: ../../../../../usr/local/lib/android/sdk/platforms/android-34-ext8/data/res/values-mcc334-mnc020-hr: Cannot utime: Operation not permitted
build	Cache Android SDK	2026-06-06T12:22:59.9929500Z /usr/bin/tar: ../../../../../usr/local/lib/android/sdk/platforms/android-34-ext8/data/res/values-mcc334-mnc020-hr: Cannot change mode to rwxr-xr-x: Operation not permitted
build	Cache Android SDK	2026-06-06T12:22:59.9933080Z /usr/bin/tar: ../../../../../usr/local/lib/android/sdk/platforms/android-34-ext8/data/res/values-mcc001-mnc01-am: Cannot utime: Operation not permitted
build	Cache Android SDK	2026-06-06T12:22:59.9933917Z /usr/bin/tar: ../../../../../usr/local/lib/android/sdk/platforms/android-34-ext8/data/res/values-mcc001-mnc01-am: Cannot change mode to rwxr-xr-x: Operation not permitted
build	Cache Android SDK	2026-06-06T12:22:59.9936199Z /usr/bin/tar: ../../../../../usr/local/lib/android/sdk/platforms/android-34-ext8/data/res/values-mcc310-mnc560-en-rXC: Cannot utime: Operation not permitted
build	Cache Android SDK	2026-06-06T12:22:59.9936709Z /usr/bin/tar: ../../../../../usr/local/lib/android/sdk/platforms/android-34-ext8/data/res/values-mcc310-mnc560-en-rXC: Cannot change mode to rwxr-xr-x: Operation not permitted
build	Cache Android SDK	2026-06-06T12:22:59.9939174Z /usr/bin/tar: ../../../../../usr/local/lib/android/sdk/platforms/android-34-ext8/data/res/values-mcc310-mnc240-ne: Cannot utime: Operation not permitted
build	Cache Android SDK	2026-06-06T12:22:59.9939668Z /usr/bin/tar: ../../../../../usr/local/lib/android/sdk/platforms/android-34-ext8/data/res/values-mcc310-mnc240-ne: Cannot change mode to rwxr-xr-x: Operation not permitted
build	Cache Android SDK	2026-06-06T12:22:59.9942233Z /usr/bin/tar: ../../../../../usr/local/lib/android/sdk/platforms/android-34-ext8/data/res/values-mcc310-mnc150-lv: Cannot utime: Operation not permitted
build	Cache Android SDK	2026-06-06T12:22:59.9942767Z /usr/bin/tar: ../../../../../usr/local/lib/android/sdk/platforms/android-34-ext8/data/res/values-mcc310-mnc150-lv: Cannot change mode to rwxr-xr-x: Operation not permitted
build	Cache Android SDK	2026-06-06T12:22:59.9944924Z /usr/bin/tar: ../../../../../usr/local/lib/android/sdk/platforms/android-34-ext8/data/res/values-mcc310-mnc490-ro: Cannot utime: Operation not permitted
build	Cache Android SDK	2026-06-06T12:22:59.9945408Z /usr/bin/tar: ../../../../../usr/local/lib/android/sdk/platforms/android-34-ext8/data/res/values-mcc310-mnc490-ro: Cannot change mode to rwxr-xr-x: Operation not permitted
build	Cache Android SDK	2026-06-06T12:22:59.9948931Z /usr/bin/tar: ../../../../../usr/local/lib/android/sdk/platforms/android-34-ext8/data/res/values-mcc310-mnc270-zh-rTW: Cannot utime: Operation not permitted
build	Cache Android SDK	2026-06-06T12:22:59.9949434Z /usr/bin/tar: ../../../../../usr/local/lib/android/sdk/platforms/android-34-ext8/data/res/values-mcc310-mnc270-zh-rTW: Cannot change mode to rwxr-xr-x: Operation not permitted
build	Cache Android SDK	2026-06-06T12:22:59.9952054Z /usr/bin/tar: ../../../../../usr/local/lib/android/sdk/platforms/android-34-ext8/data/res/values-mcc310-mnc380-nl: Cannot utime: Operation not permitted
build	Cache Android SDK	2026-06-06T12:22:59.9952529Z /usr/bin/tar: ../../../../../usr/local/lib/android/sdk/platforms/android-34-ext8/data/res/values-mcc310-mnc380-nl: Cannot change mode to rwxr-xr-x: Operation not permitted
build	Cache Android SDK	2026-06-06T12:22:59.9956537Z /usr/bin/tar: ../../../../../usr/local/lib/android/sdk/platforms/android-34-ext8/data/res/values-en-rSG: Cannot utime: Operation not permitted
build	Cache Android SDK	2026-06-06T12:22:59.9957013Z /usr/bin/tar: ../../../../../usr/local/lib/android/sdk/platforms/android-34-ext8/data/res/values-en-rSG: Cannot change mode to rwxr-xr-x: Operation not permitted
build	Cache Android SDK	2026-06-06T12:22:59.9960202Z /usr/bin/tar: ../../../../../usr/local/lib/android/sdk/platforms/android-34-ext8/data/res/drawable-en-mdpi: Cannot utime: Operation not permitted
build	Cache Android SDK	2026-06-06T12:22:59.9960860Z /usr/bin/tar: ../../../../../usr/local/lib/android/sdk/platforms/android-34-ext8/data/res/drawable-en-mdpi: Cannot change mode to rwxr-xr-x: Operation not permitted
build	Cache Android SDK	2026-06-06T12:22:59.9963082Z /usr/bin/tar: ../../../../../usr/local/lib/android/sdk/platforms/android-34-ext8/data/res/values-mcc302-mnc720-pt-rPT: Cannot utime: Operation not permitted
build	Cache Android SDK	2026-06-06T12:22:59.9963589Z /usr/bin/tar: ../../../../../usr/local/lib/android/sdk/platforms/android-34-ext8/data/res/values-mcc302-mnc720-pt-rPT: Cannot change mode to rwxr-xr-x: Operation not permitted
build	Cache Android SDK	2026-06-06T12:22:59.9966270Z /usr/bin/tar: ../../../../../usr/local/lib/android/sdk/platforms/android-34-ext8/data/res/raw-fr: Cannot utime: Operation not permitted
build	Cache Android SDK	2026-06-06T12:22:59.9966687Z /usr/bin/tar: ../../../../../usr/local/lib/android/sdk/platforms/android-34-ext8/data/res/raw-fr: Cannot change mode to rwxr-xr-x: Operation not permitted
build	Cache Android SDK	2026-06-06T12:22:59.9969568Z /usr/bin/tar: ../../../../../usr/local/lib/android/sdk/platforms/android-34-ext8/data/res/values-mcc310-mnc530: Cannot utime: Operation not permitted
build	Cache Android SDK	2026-06-06T12:22:59.9970107Z /usr/bin/tar: ../../../../../usr/local/lib/android/sdk/platforms/android-34-ext8/data/res/values-mcc310-mnc530: Cannot change mode to rwxr-xr-x: Operation not permitted
build	Cache Android SDK	2026-06-06T12:22:59.9972730Z /usr/bin/tar: ../../../../../usr/local/lib/android/sdk/platforms/android-34-ext8/data/res/values-mcc311-mnc180-ru: Cannot utime: Operation not permitted
build	Cache Android SDK	2026-06-06T12:22:59.9973207Z /usr/bin/tar: ../../../../../usr/local/lib/android/sdk/platforms/android-34-ext8/data/res/values-mcc311-mnc180-ru: Cannot change mode to rwxr-xr-x: Operation not permitted
build	Cache Android SDK	2026-06-06T12:22:59.9975686Z /usr/bin/tar: ../../../../../usr/local/lib/android/sdk/platforms/android-34-ext8/data/res/values-mcc302-mnc370-hu: Cannot utime: Operation not permitted
build	Cache Android SDK	2026-06-06T12:22:59.9976151Z /usr/bin/tar: ../../../../../usr/local/lib/android/sdk/platforms/android-34-ext8/data/res/values-mcc302-mnc370-hu: Cannot change mode to rwxr-xr-x: Operation not permitted
build	Cache Android SDK	2026-06-06T12:22:59.9978975Z /usr/bin/tar: ../../../../../usr/local/lib/android/sdk/platforms/android-34-ext8/data/res/values-mcc310-mnc210-cs: Cannot utime: Operation not permitted
build	Cache Android SDK	2026-06-06T12:22:59.9979434Z /usr/bin/tar: ../../../../../usr/local/lib/android/sdk/platforms/android-34-ext8/data/res/values-mcc310-mnc210-cs: Cannot change mode to rwxr-xr-x: Operation not permitted
build	Cache Android SDK	2026-06-06T12:22:59.9982442Z /usr/bin/tar: ../../../../../usr/local/lib/android/sdk/platforms/android-34-ext8/data/res/values-mcc312-mnc670-hi: Cannot utime: Operation not permitted
build	Cache Android SDK	2026-06-06T12:22:59.9982958Z /usr/bin/tar: ../../../../../usr/local/lib/android/sdk/platforms/android-34-ext8/data/res/values-mcc312-mnc670-hi: Cannot change mode to rwxr-xr-x: Operation not permitted
build	Cache Android SDK	2026-06-06T12:22:59.9985426Z /usr/bin/tar: ../../../../../usr/local/lib/android/sdk/platforms/android-34-ext8/data/res/values-mcc302-mnc720-km: Cannot utime: Operation not permitted
build	Cache Android SDK	2026-06-06T12:22:59.9985885Z /usr/bin/tar: ../../../../../usr/local/lib/android/sdk/platforms/android-34-ext8/data/res/values-mcc302-mnc720-km: Cannot change mode to rwxr-xr-x: Operation not permitted
build	Cache Android SDK	2026-06-06T12:22:59.9989225Z /usr/bin/tar: ../../../../../usr/local/lib/android/sdk/platforms/android-34-ext8/data/res/values-sl-television: Cannot utime: Operation not permitted
build	Cache Android SDK	2026-06-06T12:22:59.9989698Z /usr/bin/tar: ../../../../../usr/local/lib/android/sdk/platforms/android-34-ext8/data/res/values-sl-television: Cannot change mode to rwxr-xr-x: Operation not permitted
build	Cache Android SDK	2026-06-06T12:22:59.9992180Z /usr/bin/tar: ../../../../../usr/local/lib/android/sdk/platforms/android-34-ext8/data/res/values-mcc310-mnc220-en-rAU: Cannot utime: Operation not permitted
build	Cache Android SDK	2026-06-06T12:22:59.9992730Z /usr/bin/tar: ../../../../../usr/local/lib/android/sdk/platforms/android-34-ext8/data/res/values-mcc310-mnc220-en-rAU: Cannot change mode to rwxr-xr-x: Operation not permitted
build	Cache Android SDK	2026-06-06T12:22:59.9995223Z /usr/bin/tar: ../../../../../usr/local/lib/android/sdk/platforms/android-34-ext8/data/res/values-mcc310-mnc490-ko: Cannot utime: Operation not permitted
build	Cache Android SDK	2026-06-06T12:22:59.9995815Z /usr/bin/tar: ../../../../../usr/local/lib/android/sdk/platforms/android-34-ext8/data/res/values-mcc310-mnc490-ko: Cannot change mode to rwxr-xr-x: Operation not permitted
build	Cache Android SDK	2026-06-06T12:22:59.9998112Z /usr/bin/tar: ../../../../../usr/local/lib/android/sdk/platforms/android-34-ext8/data/res/values-mcc302-mnc370-ml: Cannot utime: Operation not permitted
build	Cache Android SDK	2026-06-06T12:22:59.9998664Z /usr/bin/tar: ../../../../../usr/local/lib/android/sdk/platforms/android-34-ext8/data/res/values-mcc302-mnc370-ml: Cannot change mode to rwxr-xr-x: Operation not permitted
build	Cache Android SDK	2026-06-06T12:23:00.0001561Z /usr/bin/tar: ../../../../../usr/local/lib/android/sdk/platforms/android-34-ext8/data/res/values-mcc310-mnc170-ka: Cannot utime: Operation not permitted
build	Cache Android SDK	2026-06-06T12:23:00.0002043Z /usr/bin/tar: ../../../../../usr/local/lib/android/sdk/platforms/android-34-ext8/data/res/values-mcc310-mnc170-ka: Cannot change mode to rwxr-xr-x: Operation not permitted
build	Cache Android SDK	2026-06-06T12:23:00.0007066Z /usr/bin/tar: ../../../../../usr/local/lib/android/sdk/platforms/android-34-ext8/data/res/values-b+sr+Latn: Cannot utime: Operation not permitted
build	Cache Android SDK	2026-06-06T12:23:00.0007678Z /usr/bin/tar: ../../../../../usr/local/lib/android/sdk/platforms/android-34-ext8/data/res/values-b+sr+Latn: Cannot change mode to rwxr-xr-x: Operation not permitted
build	Cache Android SDK	2026-06-06T12:23:00.0011501Z /usr/bin/tar: ../../../../../usr/local/lib/android/sdk/platforms/android-34-ext8/data/res/values-mcc310-mnc280-uk: Cannot utime: Operation not permitted
build	Cache Android SDK	2026-06-06T12:23:00.0012141Z /usr/bin/tar: ../../../../../usr/local/lib/android/sdk/platforms/android-34-ext8/data/res/values-mcc310-mnc280-uk: Cannot change mode to rwxr-xr-x: Operation not permitted
build	Cache Android SDK	2026-06-06T12:23:00.0014407Z /usr/bin/tar: ../../../../../usr/local/lib/android/sdk/platforms/android-34-ext8/data/res/values-mcc310-mnc220-hu: Cannot utime: Operation not permitted
build	Cache Android SDK	2026-06-06T12:23:00.0014932Z /usr/bin/tar: ../../../../../usr/local/lib/android/sdk/platforms/android-34-ext8/data/res/values-mcc310-mnc220-hu: Cannot change mode to rwxr-xr-x: Operation not permitted
build	Cache Android SDK	2026-06-06T12:23:00.0018260Z /usr/bin/tar: ../../../../../usr/local/lib/android/sdk/platforms/android-34-ext8/data/res/values-mcc310-mnc230-tr: Cannot utime: Operation not permitted
build	Cache Android SDK	2026-06-06T12:23:00.0018732Z /usr/bin/tar: ../../../../../usr/local/lib/android/sdk/platforms/android-34-ext8/data/res/values-mcc310-mnc230-tr: Cannot change mode to rwxr-xr-x: Operation not permitted
build	Cache Android SDK	2026-06-06T12:23:00.0022417Z /usr/bin/tar: ../../../../../usr/local/lib/android/sdk/platforms/android-34-ext8/data/res/values-mcc310-mnc230-sv: Cannot utime: Operation not permitted
build	Cache Android SDK	2026-06-06T12:23:00.0022925Z /usr/bin/tar: ../../../../../usr/local/lib/android/sdk/platforms/android-34-ext8/data/res/values-mcc310-mnc230-sv: Cannot change mode to rwxr-xr-x: Operation not permitted
build	Cache Android SDK	2026-06-06T12:23:00.0024918Z /usr/bin/tar: ../../../../../usr/local/lib/android/sdk/platforms/android-34-ext8/data/res/values-ar-rIL: Cannot utime: Operation not permitted
build	Cache Android SDK	2026-06-06T12:23:00.0025370Z /usr/bin/tar: ../../../../../usr/local/lib/android/sdk/platforms/android-34-ext8/data/res/values-ar-rIL: Cannot change mode to rwxr-xr-x: Operation not permitted
build	Cache Android SDK	2026-06-06T12:23:00.0028091Z /usr/bin/tar: ../../../../../usr/local/lib/android/sdk/platforms/android-34-ext8/data/res/values-te-television: Cannot utime: Operation not permitted
build	Cache Android SDK	2026-06-06T12:23:00.0028550Z /usr/bin/tar: ../../../../../usr/local/lib/android/sdk/platforms/android-34-ext8/data/res/values-te-television: Cannot change mode to rwxr-xr-x: Operation not permitted
build	Cache Android SDK	2026-06-06T12:23:00.0031740Z /usr/bin/tar: ../../../../../usr/local/lib/android/sdk/platforms/android-34-ext8/data/res/values-mcc310-mnc160-pt: Cannot utime: Operation not permitted
build	Cache Android SDK	2026-06-06T12:23:00.0032803Z /usr/bin/tar: ../../../../../usr/local/lib/android/sdk/platforms/android-34-ext8/data/res/values-mcc310-mnc160-pt: Cannot change mode to rwxr-xr-x: Operation not permitted
build	Cache Android SDK	2026-06-06T12:23:00.0035540Z /usr/bin/tar: ../../../../../usr/local/lib/android/sdk/platforms/android-34-ext8/data/res/values-mcc310-mnc660-ur: Cannot utime: Operation not permitted
build	Cache Android SDK	2026-06-06T12:23:00.0036183Z /usr/bin/tar: ../../../../../usr/local/lib/android/sdk/platforms/android-34-ext8/data/res/values-mcc310-mnc660-ur: Cannot change mode to rwxr-xr-x: Operation not permitted
build	Cache Android SDK	2026-06-06T12:23:00.0038630Z /usr/bin/tar: ../../../../../usr/local/lib/android/sdk/platforms/android-34-ext8/data/res/values-mcc334-mnc020-cs: Cannot utime: Operation not permitted
build	Cache Android SDK	2026-06-06T12:23:00.0039201Z /usr/bin/tar: ../../../../../usr/local/lib/android/sdk/platforms/android-34-ext8/data/res/values-mcc334-mnc020-cs: Cannot change mode to rwxr-xr-x: Operation not permitted
build	Cache Android SDK	2026-06-06T12:23:00.0045401Z /usr/bin/tar: ../../../../../usr/local/lib/android/sdk/platforms/android-34-ext8/data/res/values-zh-rTW: Cannot utime: Operation not permitted
build	Cache Android SDK	2026-06-06T12:23:00.0046426Z /usr/bin/tar: ../../../../../usr/local/lib/android/sdk/platforms/android-34-ext8/data/res/values-zh-rTW: Cannot change mode to rwxr-xr-x: Operation not permitted
build	Cache Android SDK	2026-06-06T12:23:00.0048258Z /usr/bin/tar: ../../../../../usr/local/lib/android/sdk/platforms/android-34-ext8/data/res/values-mcc310-mnc200-uz: Cannot utime: Operation not permitted
build	Cache Android SDK	2026-06-06T12:23:00.0048857Z /usr/bin/tar: ../../../../../usr/local/lib/android/sdk/platforms/android-34-ext8/data/res/values-mcc310-mnc200-uz: Cannot change mode to rwxr-xr-x: Operation not permitted
build	Cache Android SDK	2026-06-06T12:23:00.0051543Z /usr/bin/tar: ../../../../../usr/local/lib/android/sdk/platforms/android-34-ext8/data/res/values-mcc310-mnc410-sw: Cannot utime: Operation not permitted
build	Cache Android SDK	2026-06-06T12:23:00.0052394Z /usr/bin/tar: ../../../../../usr/local/lib/android/sdk/platforms/android-34-ext8/data/res/values-mcc310-mnc410-sw: Cannot change mode to rwxr-xr-x: Operation not permitted
build	Cache Android SDK	2026-06-06T12:23:00.0055110Z /usr/bin/tar: ../../../../../usr/local/lib/android/sdk/platforms/android-34-ext8/data/res/values-el-rGR: Cannot utime: Operation not permitted
build	Cache Android SDK	2026-06-06T12:23:00.0055626Z /usr/bin/tar: ../../../../../usr/local/lib/android/sdk/platforms/android-34-ext8/data/res/values-el-rGR: Cannot change mode to rwxr-xr-x: Operation not permitted
build	Cache Android SDK	2026-06-06T12:23:00.0058322Z /usr/bin/tar: ../../../../../usr/local/lib/android/sdk/platforms/android-34-ext8/data/res/values-mcc310-mnc800-hy: Cannot utime: Operation not permitted
build	Cache Android SDK	2026-06-06T12:23:00.0058816Z /usr/bin/tar: ../../../../../usr/local/lib/android/sdk/platforms/android-34-ext8/data/res/values-mcc310-mnc800-hy: Cannot change mode to rwxr-xr-x: Operation not permitted
build	Cache Android SDK	2026-06-06T12:23:00.0061109Z /usr/bin/tar: ../../../../../usr/local/lib/android/sdk/platforms/android-34-ext8/data/res/values-mcc302-mnc720: Cannot utime: Operation not permitted
build	Cache Android SDK	2026-06-06T12:23:00.0061580Z /usr/bin/tar: ../../../../../usr/local/lib/android/sdk/platforms/android-34-ext8/data/res/values-mcc302-mnc720: Cannot change mode to rwxr-xr-x: Operation not permitted
build	Cache Android SDK	2026-06-06T12:23:00.0064001Z /usr/bin/tar: ../../../../../usr/local/lib/android/sdk/platforms/android-34-ext8/data/res/values-mcc313-mnc100-sl: Cannot utime: Operation not permitted
build	Cache Android SDK	2026-06-06T12:23:00.0064487Z /usr/bin/tar: ../../../../../usr/local/lib/android/sdk/platforms/android-34-ext8/data/res/values-mcc313-mnc100-sl: Cannot change mode to rwxr-xr-x: Operation not permitted
build	Cache Android SDK	2026-06-06T12:23:00.0066959Z /usr/bin/tar: ../../../../../usr/local/lib/android/sdk/platforms/android-34-ext8/data/res/values-mcc312-mnc670-zh-rTW: Cannot utime: Operation not permitted
build	Cache Android SDK	2026-06-06T12:23:00.0067717Z /usr/bin/tar: ../../../../../usr/local/lib/android/sdk/platforms/android-34-ext8/data/res/values-mcc312-mnc670-zh-rTW: Cannot change mode to rwxr-xr-x: Operation not permitted
build	Cache Android SDK	2026-06-06T12:23:00.0070391Z /usr/bin/tar: ../../../../../usr/local/lib/android/sdk/platforms/android-34-ext8/data/res/values-mcc310-mnc560-ur: Cannot utime: Operation not permitted
build	Cache Android SDK	2026-06-06T12:23:00.0070872Z /usr/bin/tar: ../../../../../usr/local/lib/android/sdk/platforms/android-34-ext8/data/res/values-mcc310-mnc560-ur: Cannot change mode to rwxr-xr-x: Operation not permitted
build	Cache Android SDK	2026-06-06T12:23:00.0073690Z /usr/bin/tar: ../../../../../usr/local/lib/android/sdk/platforms/android-34-ext8/data/res/values-mcc310-mnc170-am: Cannot utime: Operation not permitted
build	Cache Android SDK	2026-06-06T12:23:00.0074161Z /usr/bin/tar: ../../../../../usr/local/lib/android/sdk/platforms/android-34-ext8/data/res/values-mcc310-mnc170-am: Cannot change mode to rwxr-xr-x: Operation not permitted
build	Cache Android SDK	2026-06-06T12:23:00.0077886Z /usr/bin/tar: ../../../../../usr/local/lib/android/sdk/platforms/android-34-ext8/data/res/values-mcc310-mnc800-nb: Cannot utime: Operation not permitted
build	Cache Android SDK	2026-06-06T12:23:00.0078453Z /usr/bin/tar: ../../../../../usr/local/lib/android/sdk/platforms/android-34-ext8/data/res/values-mcc310-mnc800-nb: Cannot change mode to rwxr-xr-x: Operation not permitted
build	Cache Android SDK	2026-06-06T12:23:00.0080760Z /usr/bin/tar: ../../../../../usr/local/lib/android/sdk/platforms/android-34-ext8/data/res/values-mcc310-mnc800-b+sr+Latn: Cannot utime: Operation not permitted
build	Cache Android SDK	2026-06-06T12:23:00.0081336Z /usr/bin/tar: ../../../../../usr/local/lib/android/sdk/platforms/android-34-ext8/data/res/values-mcc310-mnc800-b+sr+Latn: Cannot change mode to rwxr-xr-x: Operation not permitted
build	Cache Android SDK	2026-06-06T12:23:00.0083888Z /usr/bin/tar: ../../../../../usr/local/lib/android/sdk/platforms/android-34-ext8/data/res/values-mcc310-mnc150-be: Cannot utime: Operation not permitted
build	Cache Android SDK	2026-06-06T12:23:00.0084362Z /usr/bin/tar: ../../../../../usr/local/lib/android/sdk/platforms/android-34-ext8/data/res/values-mcc310-mnc150-be: Cannot change mode to rwxr-xr-x: Operation not permitted
build	Cache Android SDK	2026-06-06T12:23:00.0086854Z /usr/bin/tar: ../../../../../usr/local/lib/android/sdk/platforms/android-34-ext8/data/res/values-mcc310-mnc560-ja: Cannot utime: Operation not permitted
build	Cache Android SDK	2026-06-06T12:23:00.0087321Z /usr/bin/tar: ../../../../../usr/local/lib/android/sdk/platforms/android-34-ext8/data/res/values-mcc310-mnc560-ja: Cannot change mode to rwxr-xr-x: Operation not permitted
build	Cache Android SDK	2026-06-06T12:23:00.0089905Z /usr/bin/tar: ../../../../../usr/local/lib/android/sdk/platforms/android-34-ext8/data/res/values-mcc310-mnc210-sq: Cannot utime: Operation not permitted
build	Cache Android SDK	2026-06-06T12:23:00.0090381Z /usr/bin/tar: ../../../../../usr/local/lib/android/sdk/platforms/android-34-ext8/data/res/values-mcc310-mnc210-sq: Cannot change mode to rwxr-xr-x: Operation not permitted
build	Cache Android SDK	2026-06-06T12:23:00.0093024Z /usr/bin/tar: ../../../../../usr/local/lib/android/sdk/platforms/android-34-ext8/data/res/values-w228dp: Cannot utime: Operation not permitted
build	Cache Android SDK	2026-06-06T12:23:00.0093483Z /usr/bin/tar: ../../../../../usr/local/lib/android/sdk/platforms/android-34-ext8/data/res/values-w228dp: Cannot change mode to rwxr-xr-x: Operation not permitted
build	Cache Android SDK	2026-06-06T12:23:00.0095764Z /usr/bin/tar: ../../../../../usr/local/lib/android/sdk/platforms/android-34-ext8/data/res/values-mcc312-mnc670-ms: Cannot utime: Operation not permitted
build	Cache Android SDK	2026-06-06T12:23:00.0096237Z /usr/bin/tar: ../../../../../usr/local/lib/android/sdk/platforms/android-34-ext8/data/res/values-mcc312-mnc670-ms: Cannot change mode to rwxr-xr-x: Operation not permitted
build	Cache Android SDK	2026-06-06T12:23:00.0100008Z /usr/bin/tar: ../../../../../usr/local/lib/android/sdk/platforms/android-34-ext8/data/res/values-mcc302-mnc720-sw: Cannot utime: Operation not permitted
build	Cache Android SDK	2026-06-06T12:23:00.0100493Z /usr/bin/tar: ../../../../../usr/local/lib/android/sdk/platforms/android-34-ext8/data/res/values-mcc302-mnc720-sw: Cannot change mode to rwxr-xr-x: Operation not permitted
build	Cache Android SDK	2026-06-06T12:23:00.0102826Z /usr/bin/tar: ../../../../../usr/local/lib/android/sdk/platforms/android-34-ext8/data/res/values-mcc310-mnc160-de: Cannot utime: Operation not permitted
build	Cache Android SDK	2026-06-06T12:23:00.0103503Z /usr/bin/tar: ../../../../../usr/local/lib/android/sdk/platforms/android-34-ext8/data/res/values-mcc310-mnc160-de: Cannot change mode to rwxr-xr-x: Operation not permitted
build	Cache Android SDK	2026-06-06T12:23:00.0106015Z /usr/bin/tar: ../../../../../usr/local/lib/android/sdk/platforms/android-34-ext8/data/res/values-mcc310-mnc230-ru: Cannot utime: Operation not permitted
build	Cache Android SDK	2026-06-06T12:23:00.0106573Z /usr/bin/tar: ../../../../../usr/local/lib/android/sdk/platforms/android-34-ext8/data/res/values-mcc310-mnc230-ru: Cannot change mode to rwxr-xr-x: Operation not permitted
build	Cache Android SDK	2026-06-06T12:23:00.0109518Z /usr/bin/tar: ../../../../../usr/local/lib/android/sdk/platforms/android-34-ext8/data/res/values-mcc310-mnc170-en-rCA: Cannot utime: Operation not permitted
build	Cache Android SDK	2026-06-06T12:23:00.0110003Z /usr/bin/tar: ../../../../../usr/local/lib/android/sdk/platforms/android-34-ext8/data/res/values-mcc310-mnc170-en-rCA: Cannot change mode to rwxr-xr-x: Operation not permitted
build	Cache Android SDK	2026-06-06T12:23:00.0114439Z /usr/bin/tar: ../../../../../usr/local/lib/android/sdk/platforms/android-34-ext8/data/res/values-mcc313-mnc100-or: Cannot utime: Operation not permitted
build	Cache Android SDK	2026-06-06T12:23:00.0114941Z /usr/bin/tar: ../../../../../usr/local/lib/android/sdk/platforms/android-34-ext8/data/res/values-mcc313-mnc100-or: Cannot change mode to rwxr-xr-x: Operation not permitted
build	Cache Android SDK	2026-06-06T12:23:00.0118142Z /usr/bin/tar: ../../../../../usr/local/lib/android/sdk/platforms/android-34-ext8/data/res/values-mcc312-mnc670-sv: Cannot utime: Operation not permitted
build	Cache Android SDK	2026-06-06T12:23:00.0118980Z /usr/bin/tar: ../../../../../usr/local/lib/android/sdk/platforms/android-34-ext8/data/res/values-mcc312-mnc670-sv: Cannot change mode to rwxr-xr-x: Operation not permitted
build	Cache Android SDK	2026-06-06T12:23:00.0120765Z /usr/bin/tar: ../../../../../usr/local/lib/android/sdk/platforms/android-34-ext8/data/res/values-mcc334-mnc020-ca: Cannot utime: Operation not permitted
build	Cache Android SDK	2026-06-06T12:23:00.0121248Z /usr/bin/tar: ../../../../../usr/local/lib/android/sdk/platforms/android-34-ext8/data/res/values-mcc334-mnc020-ca: Cannot change mode to rwxr-xr-x: Operation not permitted
build	Cache Android SDK	2026-06-06T12:23:00.0124939Z /usr/bin/tar: ../../../../../usr/local/lib/android/sdk/platforms/android-34-ext8/data/res/menu: Cannot utime: Operation not permitted
build	Cache Android SDK	2026-06-06T12:23:00.0125366Z /usr/bin/tar: ../../../../../usr/local/lib/android/sdk/platforms/android-34-ext8/data/res/menu: Cannot change mode to rwxr-xr-x: Operation not permitted
build	Cache Android SDK	2026-06-06T12:23:00.0128701Z /usr/bin/tar: ../../../../../usr/local/lib/android/sdk/platforms/android-34-ext8/data/res/values-mcc310-mnc560-bn: Cannot utime: Operation not permitted
build	Cache Android SDK	2026-06-06T12:23:00.0129187Z /usr/bin/tar: ../../../../../usr/local/lib/android/sdk/platforms/android-34-ext8/data/res/values-mcc310-mnc560-bn: Cannot change mode to rwxr-xr-x: Operation not permitted
build	Cache Android SDK	2026-06-06T12:23:00.0131876Z /usr/bin/tar: ../../../../../usr/local/lib/android/sdk/platforms/android-34-ext8/data/res/values-mcc310-mnc270-hy: Cannot utime: Operation not permitted
build	Cache Android SDK	2026-06-06T12:23:00.0132379Z /usr/bin/tar: ../../../../../usr/local/lib/android/sdk/platforms/android-34-ext8/data/res/values-mcc310-mnc270-hy: Cannot change mode to rwxr-xr-x: Operation not permitted
build	Cache Android SDK	2026-06-06T12:23:00.0134987Z /usr/bin/tar: ../../../../../usr/local/lib/android/sdk/platforms/android-34-ext8/data/res/values-mcc310-mnc200-az: Cannot utime: Operation not permitted
build	Cache Android SDK	2026-06-06T12:23:00.0135452Z /usr/bin/tar: ../../../../../usr/local/lib/android/sdk/platforms/android-34-ext8/data/res/values-mcc310-mnc200-az: Cannot change mode to rwxr-xr-x: Operation not permitted
build	Cache Android SDK	2026-06-06T12:23:00.0138235Z /usr/bin/tar: ../../../../../usr/local/lib/android/sdk/platforms/android-34-ext8/data/res/values-mcc310-mnc220-cs: Cannot utime: Operation not permitted
build	Cache Android SDK	2026-06-06T12:23:00.0138744Z /usr/bin/tar: ../../../../../usr/local/lib/android/sdk/platforms/android-34-ext8/data/res/values-mcc310-mnc220-cs: Cannot change mode to rwxr-xr-x: Operation not permitted
build	Cache Android SDK	2026-06-06T12:23:00.0140898Z /usr/bin/tar: ../../../../../usr/local/lib/android/sdk/platforms/android-34-ext8/data/res/values-w720dp: Cannot utime: Operation not permitted
build	Cache Android SDK	2026-06-06T12:23:00.0141336Z /usr/bin/tar: ../../../../../usr/local/lib/android/sdk/platforms/android-34-ext8/data/res/values-w720dp: Cannot change mode to rwxr-xr-x: Operation not permitted
build	Cache Android SDK	2026-06-06T12:23:00.0144220Z /usr/bin/tar: ../../../../../usr/local/lib/android/sdk/platforms/android-34-ext8/data/res/values-mcc310-mnc200-sw: Cannot utime: Operation not permitted
build	Cache Android SDK	2026-06-06T12:23:00.0144774Z /usr/bin/tar: ../../../../../usr/local/lib/android/sdk/platforms/android-34-ext8/data/res/values-mcc310-mnc200-sw: Cannot change mode to rwxr-xr-x: Operation not permitted
build	Cache Android SDK	2026-06-06T12:23:00.0147170Z /usr/bin/tar: ../../../../../usr/local/lib/android/sdk/platforms/android-34-ext8/data/res/values-mcc310-mnc950-it: Cannot utime: Operation not permitted
build	Cache Android SDK	2026-06-06T12:23:00.0147801Z /usr/bin/tar: ../../../../../usr/local/lib/android/sdk/platforms/android-34-ext8/data/res/values-mcc310-mnc950-it: Cannot change mode to rwxr-xr-x: Operation not permitted
build	Cache Android SDK	2026-06-06T12:23:00.0150011Z /usr/bin/tar: ../../../../../usr/local/lib/android/sdk/platforms/android-34-ext8/data/res/values-mcc312-mnc670-en-rXC: Cannot utime: Operation not permitted
build	Cache Android SDK	2026-06-06T12:23:00.0150498Z /usr/bin/tar: ../../../../../usr/local/lib/android/sdk/platforms/android-34-ext8/data/res/values-mcc312-mnc670-en-rXC: Cannot change mode to rwxr-xr-x: Operation not permitted
build	Cache Android SDK	2026-06-06T12:23:00.0152735Z /usr/bin/tar: ../../../../../usr/local/lib/android/sdk/platforms/android-34-ext8/data/res/values-mcc310-mnc030-ru: Cannot utime: Operation not permitted
build	Cache Android SDK	2026-06-06T12:23:00.0153230Z /usr/bin/tar: ../../../../../usr/local/lib/android/sdk/platforms/android-34-ext8/data/res/values-mcc310-mnc030-ru: Cannot change mode to rwxr-xr-x: Operation not permitted
build	Cache Android SDK	2026-06-06T12:23:00.0156107Z /usr/bin/tar: ../../../../../usr/local/lib/android/sdk/platforms/android-34-ext8/data/res/values-mcc310-mnc950-ko: Cannot utime: Operation not permitted
build	Cache Android SDK	2026-06-06T12:23:00.0156625Z /usr/bin/tar: ../../../../../usr/local/lib/android/sdk/platforms/android-34-ext8/data/res/values-mcc310-mnc950-ko: Cannot change mode to rwxr-xr-x: Operation not permitted
build	Cache Android SDK	2026-06-06T12:23:00.0159522Z /usr/bin/tar: ../../../../../usr/local/lib/android/sdk/platforms/android-34-ext8/data/res/values-mcc310-mnc490-iw: Cannot utime: Operation not permitted
build	Cache Android SDK	2026-06-06T12:23:00.0159992Z /usr/bin/tar: ../../../../../usr/local/lib/android/sdk/platforms/android-34-ext8/data/res/values-mcc310-mnc490-iw: Cannot change mode to rwxr-xr-x: Operation not permitted
build	Cache Android SDK	2026-06-06T12:23:00.0163015Z /usr/bin/tar: ../../../../../usr/local/lib/android/sdk/platforms/android-34-ext8/data/res/values-mcc310-mnc660-uk: Cannot utime: Operation not permitted
build	Cache Android SDK	2026-06-06T12:23:00.0163487Z /usr/bin/tar: ../../../../../usr/local/lib/android/sdk/platforms/android-34-ext8/data/res/values-mcc310-mnc660-uk: Cannot change mode to rwxr-xr-x: Operation not permitted
build	Cache Android SDK	2026-06-06T12:23:00.0166335Z /usr/bin/tar: ../../../../../usr/local/lib/android/sdk/platforms/android-34-ext8/data/res/values-mcc310-mnc030-sv: Cannot utime: Operation not permitted
build	Cache Android SDK	2026-06-06T12:23:00.0166800Z /usr/bin/tar: ../../../../../usr/local/lib/android/sdk/platforms/android-34-ext8/data/res/values-mcc310-mnc030-sv: Cannot change mode to rwxr-xr-x: Operation not permitted
build	Cache Android SDK	2026-06-06T12:23:00.0169872Z /usr/bin/tar: ../../../../../usr/local/lib/android/sdk/platforms/android-34-ext8/data/res/values-w205dp: Cannot utime: Operation not permitted
build	Cache Android SDK	2026-06-06T12:23:00.0170338Z /usr/bin/tar: ../../../../../usr/local/lib/android/sdk/platforms/android-34-ext8/data/res/values-w205dp: Cannot change mode to rwxr-xr-x: Operation not permitted
build	Cache Android SDK	2026-06-06T12:23:00.0172422Z /usr/bin/tar: ../../../../../usr/local/lib/android/sdk/platforms/android-34-ext8/data/res/values-mcc310-mnc490-in: Cannot utime: Operation not permitted
build	Cache Android SDK	2026-06-06T12:23:00.0172898Z /usr/bin/tar: ../../../../../usr/local/lib/android/sdk/platforms/android-34-ext8/data/res/values-mcc310-mnc490-in: Cannot change mode to rwxr-xr-x: Operation not permitted
build	Cache Android SDK	2026-06-06T12:23:00.0175686Z /usr/bin/tar: ../../../../../usr/local/lib/android/sdk/platforms/android-34-ext8/data/res/values-mcc310-mnc220-hi: Cannot utime: Operation not permitted
build	Cache Android SDK	2026-06-06T12:23:00.0176161Z /usr/bin/tar: ../../../../../usr/local/lib/android/sdk/platforms/android-34-ext8/data/res/values-mcc310-mnc220-hi: Cannot change mode to rwxr-xr-x: Operation not permitted
build	Cache Android SDK	2026-06-06T12:23:00.0183652Z /usr/bin/tar: ../../../../../usr/local/lib/android/sdk/platforms/android-34-ext8/data/res/values-de: Cannot utime: Operation not permitted
build	Cache Android SDK	2026-06-06T12:23:00.0184301Z /usr/bin/tar: ../../../../../usr/local/lib/android/sdk/platforms/android-34-ext8/data/res/values-de: Cannot change mode to rwxr-xr-x: Operation not permitted
build	Cache Android SDK	2026-06-06T12:23:00.0186616Z /usr/bin/tar: ../../../../../usr/local/lib/android/sdk/platforms/android-34-ext8/data/res/values-mcc310-mnc250-bs: Cannot utime: Operation not permitted
build	Cache Android SDK	2026-06-06T12:23:00.0187272Z /usr/bin/tar: ../../../../../usr/local/lib/android/sdk/platforms/android-34-ext8/data/res/values-mcc310-mnc250-bs: Cannot change mode to rwxr-xr-x: Operation not permitted
build	Cache Android SDK	2026-06-06T12:23:00.0189718Z /usr/bin/tar: ../../../../../usr/local/lib/android/sdk/platforms/android-34-ext8/data/res/values-mcc310-mnc170-cs: Cannot utime: Operation not permitted
build	Cache Android SDK	2026-06-06T12:23:00.0190193Z /usr/bin/tar: ../../../../../usr/local/lib/android/sdk/platforms/android-34-ext8/data/res/values-mcc310-mnc170-cs: Cannot change mode to rwxr-xr-x: Operation not permitted
build	Cache Android SDK	2026-06-06T12:23:00.0193322Z /usr/bin/tar: ../../../../../usr/local/lib/android/sdk/platforms/android-34-ext8/data/res/values-mcc310-mnc660-es: Cannot utime: Operation not permitted
build	Cache Android SDK	2026-06-06T12:23:00.0193782Z /usr/bin/tar: ../../../../../usr/local/lib/android/sdk/platforms/android-34-ext8/data/res/values-mcc310-mnc660-es: Cannot change mode to rwxr-xr-x: Operation not permitted
build	Cache Android SDK	2026-06-06T12:23:00.0195820Z /usr/bin/tar: ../../../../../usr/local/lib/android/sdk/platforms/android-34-ext8/data/res/values-mcc313-mnc100-sk: Cannot utime: Operation not permitted
build	Cache Android SDK	2026-06-06T12:23:00.0196290Z /usr/bin/tar: ../../../../../usr/local/lib/android/sdk/platforms/android-34-ext8/data/res/values-mcc313-mnc100-sk: Cannot change mode to rwxr-xr-x: Operation not permitted
build	Cache Android SDK	2026-06-06T12:23:00.0199651Z /usr/bin/tar: ../../../../../usr/local/lib/android/sdk/platforms/android-34-ext8/data/res/values-mcc310-mnc310-zh-rHK: Cannot utime: Operation not permitted
build	Cache Android SDK	2026-06-06T12:23:00.0200158Z /usr/bin/tar: ../../../../../usr/local/lib/android/sdk/platforms/android-34-ext8/data/res/values-mcc310-mnc310-zh-rHK: Cannot change mode to rwxr-xr-x: Operation not permitted
build	Cache Android SDK	2026-06-06T12:23:00.0202962Z /usr/bin/tar: ../../../../../usr/local/lib/android/sdk/platforms/android-34-ext8/data/res/values-mcc001-mnc01-pl: Cannot utime: Operation not permitted
build	Cache Android SDK	2026-06-06T12:23:00.0203472Z /usr/bin/tar: ../../../../../usr/local/lib/android/sdk/platforms/android-34-ext8/data/res/values-mcc001-mnc01-pl: Cannot change mode to rwxr-xr-x: Operation not permitted
build	Cache Android SDK	2026-06-06T12:23:00.0205520Z /usr/bin/tar: ../../../../../usr/local/lib/android/sdk/platforms/android-34-ext8/data/res/values-mcc310-mnc250-gu: Cannot utime: Operation not permitted
build	Cache Android SDK	2026-06-06T12:23:00.0206024Z /usr/bin/tar: ../../../../../usr/local/lib/android/sdk/platforms/android-34-ext8/data/res/values-mcc310-mnc250-gu: Cannot change mode to rwxr-xr-x: Operation not permitted
build	Cache Android SDK	2026-06-06T12:23:00.0208993Z /usr/bin/tar: ../../../../../usr/local/lib/android/sdk/platforms/android-34-ext8/data/res/values-mcc311-mnc180-sq: Cannot utime: Operation not permitted
build	Cache Android SDK	2026-06-06T12:23:00.0209532Z /usr/bin/tar: ../../../../../usr/local/lib/android/sdk/platforms/android-34-ext8/data/res/values-mcc311-mnc180-sq: Cannot change mode to rwxr-xr-x: Operation not permitted
build	Cache Android SDK	2026-06-06T12:23:00.0211906Z /usr/bin/tar: ../../../../../usr/local/lib/android/sdk/platforms/android-34-ext8/data/res/values-mcc310-mnc950-zu: Cannot utime: Operation not permitted
build	Cache Android SDK	2026-06-06T12:23:00.0212474Z /usr/bin/tar: ../../../../../usr/local/lib/android/sdk/platforms/android-34-ext8/data/res/values-mcc310-mnc950-zu: Cannot change mode to rwxr-xr-x: Operation not permitted
build	Cache Android SDK	2026-06-06T12:23:00.0214869Z /usr/bin/tar: ../../../../../usr/local/lib/android/sdk/platforms/android-34-ext8/data/res/values-mcc312-mnc670-gl: Cannot utime: Operation not permitted
build	Cache Android SDK	2026-06-06T12:23:00.0215342Z /usr/bin/tar: ../../../../../usr/local/lib/android/sdk/platforms/android-34-ext8/data/res/values-mcc312-mnc670-gl: Cannot change mode to rwxr-xr-x: Operation not permitted
build	Cache Android SDK	2026-06-06T12:23:00.0218081Z /usr/bin/tar: ../../../../../usr/local/lib/android/sdk/platforms/android-34-ext8/data/res/values-mcc313-mnc100-eu: Cannot utime: Operation not permitted
build	Cache Android SDK	2026-06-06T12:23:00.0218657Z /usr/bin/tar: ../../../../../usr/local/lib/android/sdk/platforms/android-34-ext8/data/res/values-mcc313-mnc100-eu: Cannot change mode to rwxr-xr-x: Operation not permitted
build	Cache Android SDK	2026-06-06T12:23:00.0220924Z /usr/bin/tar: ../../../../../usr/local/lib/android/sdk/platforms/android-34-ext8/data/res/values-mcc310-mnc410-pa: Cannot utime: Operation not permitted
build	Cache Android SDK	2026-06-06T12:23:00.0221475Z /usr/bin/tar: ../../../../../usr/local/lib/android/sdk/platforms/android-34-ext8/data/res/values-mcc310-mnc410-pa: Cannot change mode to rwxr-xr-x: Operation not permitted
build	Cache Android SDK	2026-06-06T12:23:00.0228540Z /usr/bin/tar: ../../../../../usr/local/lib/android/sdk/platforms/android-34-ext8/data/res/values-pt-rBR: Cannot utime: Operation not permitted
build	Cache Android SDK	2026-06-06T12:23:00.0229106Z /usr/bin/tar: ../../../../../usr/local/lib/android/sdk/platforms/android-34-ext8/data/res/values-pt-rBR: Cannot change mode to rwxr-xr-x: Operation not permitted
build	Cache Android SDK	2026-06-06T12:23:00.0231876Z /usr/bin/tar: ../../../../../usr/local/lib/android/sdk/platforms/android-34-ext8/data/res/values-mcc310-mnc410-pt-rPT: Cannot utime: Operation not permitted
build	Cache Android SDK	2026-06-06T12:23:00.0232373Z /usr/bin/tar: ../../../../../usr/local/lib/android/sdk/platforms/android-34-ext8/data/res/values-mcc310-mnc410-pt-rPT: Cannot change mode to rwxr-xr-x: Operation not permitted
build	Cache Android SDK	2026-06-06T12:23:00.0235011Z /usr/bin/tar: ../../../../../usr/local/lib/android/sdk/platforms/android-34-ext8/data/res/values-mcc310-mnc380-pt-rBR: Cannot utime: Operation not permitted
build	Cache Android SDK	2026-06-06T12:23:00.0235523Z /usr/bin/tar: ../../../../../usr/local/lib/android/sdk/platforms/android-34-ext8/data/res/values-mcc310-mnc380-pt-rBR: Cannot change mode to rwxr-xr-x: Operation not permitted
build	Cache Android SDK	2026-06-06T12:23:00.0238199Z /usr/bin/tar: ../../../../../usr/local/lib/android/sdk/platforms/android-34-ext8/data/res/values-mcc310-mnc560-pl: Cannot utime: Operation not permitted
build	Cache Android SDK	2026-06-06T12:23:00.0238683Z /usr/bin/tar: ../../../../../usr/local/lib/android/sdk/platforms/android-34-ext8/data/res/values-mcc310-mnc560-pl: Cannot change mode to rwxr-xr-x: Operation not permitted
build	Cache Android SDK	2026-06-06T12:23:00.0241149Z /usr/bin/tar: ../../../../../usr/local/lib/android/sdk/platforms/android-34-ext8/data/res/values-mcc310-mnc200-fa: Cannot utime: Operation not permitted
build	Cache Android SDK	2026-06-06T12:23:00.0241638Z /usr/bin/tar: ../../../../../usr/local/lib/android/sdk/platforms/android-34-ext8/data/res/values-mcc310-mnc200-fa: Cannot change mode to rwxr-xr-x: Operation not permitted
build	Cache Android SDK	2026-06-06T12:23:00.0244210Z /usr/bin/tar: ../../../../../usr/local/lib/android/sdk/platforms/android-34-ext8/data/res/values-mcc310-mnc280-my: Cannot utime: Operation not permitted
build	Cache Android SDK	2026-06-06T12:23:00.0244725Z /usr/bin/tar: ../../../../../usr/local/lib/android/sdk/platforms/android-34-ext8/data/res/values-mcc310-mnc280-my: Cannot change mode to rwxr-xr-x: Operation not permitted
build	Cache Android SDK	2026-06-06T12:23:00.0246826Z /usr/bin/tar: ../../../../../usr/local/lib/android/sdk/platforms/android-34-ext8/data/res/values-mcc313-mnc100-en-rXC: Cannot utime: Operation not permitted
build	Cache Android SDK	2026-06-06T12:23:00.0247320Z /usr/bin/tar: ../../../../../usr/local/lib/android/sdk/platforms/android-34-ext8/data/res/values-mcc313-mnc100-en-rXC: Cannot change mode to rwxr-xr-x: Operation not permitted
build	Cache Android SDK	2026-06-06T12:23:00.0249795Z /usr/bin/tar: ../../../../../usr/local/lib/android/sdk/platforms/android-34-ext8/data/res/values-mcc001-mnc01-zu: Cannot utime: Operation not permitted
build	Cache Android SDK	2026-06-06T12:23:00.0250274Z /usr/bin/tar: ../../../../../usr/local/lib/android/sdk/platforms/android-34-ext8/data/res/values-mcc001-mnc01-zu: Cannot change mode to rwxr-xr-x: Operation not permitted
build	Cache Android SDK	2026-06-06T12:23:00.0253158Z /usr/bin/tar: ../../../../../usr/local/lib/android/sdk/platforms/android-34-ext8/data/res/values-mcc310-mnc560-tr: Cannot utime: Operation not permitted
build	Cache Android SDK	2026-06-06T12:23:00.0253880Z /usr/bin/tar: ../../../../../usr/local/lib/android/sdk/platforms/android-34-ext8/data/res/values-mcc310-mnc560-tr: Cannot change mode to rwxr-xr-x: Operation not permitted
build	Cache Android SDK	2026-06-06T12:23:00.0256450Z /usr/bin/tar: ../../../../../usr/local/lib/android/sdk/platforms/android-34-ext8/data/res/values-kk-television: Cannot utime: Operation not permitted
build	Cache Android SDK	2026-06-06T12:23:00.0256915Z /usr/bin/tar: ../../../../../usr/local/lib/android/sdk/platforms/android-34-ext8/data/res/values-kk-television: Cannot change mode to rwxr-xr-x: Operation not permitted
build	Cache Android SDK	2026-06-06T12:23:00.0258917Z /usr/bin/tar: ../../../../../usr/local/lib/android/sdk/platforms/android-34-ext8/data/res/values-mcc310-mnc250-pl: Cannot utime: Operation not permitted
build	Cache Android SDK	2026-06-06T12:23:00.0259393Z /usr/bin/tar: ../../../../../usr/local/lib/android/sdk/platforms/android-34-ext8/data/res/values-mcc310-mnc250-pl: Cannot change mode to rwxr-xr-x: Operation not permitted
build	Cache Android SDK	2026-06-06T12:23:00.0750736Z /usr/bin/tar: ../../../../../usr/local/lib/android/sdk/platforms/android-34-ext8/data/res/drawable-xhdpi: Cannot utime: Operation not permitted
build	Cache Android SDK	2026-06-06T12:23:00.0751455Z /usr/bin/tar: ../../../../../usr/local/lib/android/sdk/platforms/android-34-ext8/data/res/drawable-xhdpi: Cannot change mode to rwxr-xr-x: Operation not permitted
build	Cache Android SDK	2026-06-06T12:23:00.0753763Z /usr/bin/tar: ../../../../../usr/local/lib/android/sdk/platforms/android-34-ext8/data/res/values-mcc310-mnc410-ml: Cannot utime: Operation not permitted
build	Cache Android SDK	2026-06-06T12:23:00.0754249Z /usr/bin/tar: ../../../../../usr/local/lib/android/sdk/platforms/android-34-ext8/data/res/values-mcc310-mnc410-ml: Cannot change mode to rwxr-xr-x: Operation not permitted
build	Cache Android SDK	2026-06-06T12:23:00.0757645Z /usr/bin/tar: ../../../../../usr/local/lib/android/sdk/platforms/android-34-ext8/data/res/values-mcc466-mnc92: Cannot utime: Operation not permitted
build	Cache Android SDK	2026-06-06T12:23:00.0758101Z /usr/bin/tar: ../../../../../usr/local/lib/android/sdk/platforms/android-34-ext8/data/res/values-mcc466-mnc92: Cannot change mode to rwxr-xr-x: Operation not permitted
build	Cache Android SDK	2026-06-06T12:23:00.0760553Z /usr/bin/tar: ../../../../../usr/local/lib/android/sdk/platforms/android-34-ext8/data/res/values-mcc310-mnc210-sl: Cannot utime: Operation not permitted
build	Cache Android SDK	2026-06-06T12:23:00.0761027Z /usr/bin/tar: ../../../../../usr/local/lib/android/sdk/platforms/android-34-ext8/data/res/values-mcc310-mnc210-sl: Cannot change mode to rwxr-xr-x: Operation not permitted
build	Cache Android SDK	2026-06-06T12:23:00.0764309Z /usr/bin/tar: ../../../../../usr/local/lib/android/sdk/platforms/android-34-ext8/data/res/values-as-television: Cannot utime: Operation not permitted
build	Cache Android SDK	2026-06-06T12:23:00.0764783Z /usr/bin/tar: ../../../../../usr/local/lib/android/sdk/platforms/android-34-ext8/data/res/values-as-television: Cannot change mode to rwxr-xr-x: Operation not permitted
build	Cache Android SDK	2026-06-06T12:23:00.0767494Z /usr/bin/tar: ../../../../../usr/local/lib/android/sdk/platforms/android-34-ext8/data/res/values-mcc310-mnc380-sq: Cannot utime: Operation not permitted
build	Cache Android SDK	2026-06-06T12:23:00.0768031Z /usr/bin/tar: ../../../../../usr/local/lib/android/sdk/platforms/android-34-ext8/data/res/values-mcc310-mnc380-sq: Cannot change mode to rwxr-xr-x: Operation not permitted
build	Cache Android SDK	2026-06-06T12:23:00.0772562Z /usr/bin/tar: ../../../../../usr/local/lib/android/sdk/platforms/android-34-ext8/data/res/values-en-rIE: Cannot utime: Operation not permitted
build	Cache Android SDK	2026-06-06T12:23:00.0773007Z /usr/bin/tar: ../../../../../usr/local/lib/android/sdk/platforms/android-34-ext8/data/res/values-en-rIE: Cannot change mode to rwxr-xr-x: Operation not permitted
build	Cache Android SDK	2026-06-06T12:23:00.0776048Z /usr/bin/tar: ../../../../../usr/local/lib/android/sdk/platforms/android-34-ext8/data/res/values-mcc310-mnc250-zu: Cannot utime: Operation not permitted
build	Cache Android SDK	2026-06-06T12:23:00.0776524Z /usr/bin/tar: ../../../../../usr/local/lib/android/sdk/platforms/android-34-ext8/data/res/values-mcc310-mnc250-zu: Cannot change mode to rwxr-xr-x: Operation not permitted
build	Cache Android SDK	2026-06-06T12:23:00.0779606Z /usr/bin/tar: ../../../../../usr/local/lib/android/sdk/platforms/android-34-ext8/data/res/values-mcc310-mnc410-lo: Cannot utime: Operation not permitted
build	Cache Android SDK	2026-06-06T12:23:00.0780074Z /usr/bin/tar: ../../../../../usr/local/lib/android/sdk/platforms/android-34-ext8/data/res/values-mcc310-mnc410-lo: Cannot change mode to rwxr-xr-x: Operation not permitted
build	Cache Android SDK	2026-06-06T12:23:00.0784335Z /usr/bin/tar: ../../../../../usr/local/lib/android/sdk/platforms/android-34-ext8/data/res/values-kk-watch: Cannot utime: Operation not permitted
build	Cache Android SDK	2026-06-06T12:23:00.0784780Z /usr/bin/tar: ../../../../../usr/local/lib/android/sdk/platforms/android-34-ext8/data/res/values-kk-watch: Cannot change mode to rwxr-xr-x: Operation not permitted
build	Cache Android SDK	2026-06-06T12:23:00.0788730Z /usr/bin/tar: ../../../../../usr/local/lib/android/sdk/platforms/android-34-ext8/data/res/values-mcc432: Cannot utime: Operation not permitted
build	Cache Android SDK	2026-06-06T12:23:00.0789337Z /usr/bin/tar: ../../../../../usr/local/lib/android/sdk/platforms/android-34-ext8/data/res/values-mcc432: Cannot change mode to rwxr-xr-x: Operation not permitted
build	Cache Android SDK	2026-06-06T12:23:00.0792905Z /usr/bin/tar: ../../../../../usr/local/lib/android/sdk/platforms/android-34-ext8/data/res/values-mcc310-mnc380-ne: Cannot utime: Operation not permitted
build	Cache Android SDK	2026-06-06T12:23:00.0793492Z /usr/bin/tar: ../../../../../usr/local/lib/android/sdk/platforms/android-34-ext8/data/res/values-mcc310-mnc380-ne: Cannot change mode to rwxr-xr-x: Operation not permitted
build	Cache Android SDK	2026-06-06T12:23:00.0795975Z /usr/bin/tar: ../../../../../usr/local/lib/android/sdk/platforms/android-34-ext8/data/res/values-mcc001-mnc01-uz: Cannot utime: Operation not permitted
build	Cache Android SDK	2026-06-06T12:23:00.0796434Z /usr/bin/tar: ../../../../../usr/local/lib/android/sdk/platforms/android-34-ext8/data/res/values-mcc001-mnc01-uz: Cannot change mode to rwxr-xr-x: Operation not permitted
build	Cache Android SDK	2026-06-06T12:23:00.0800518Z /usr/bin/tar: ../../../../../usr/local/lib/android/sdk/platforms/android-34-ext8/data/res/values-mcc312-mnc670-it: Cannot utime: Operation not permitted
build	Cache Android SDK	2026-06-06T12:23:00.0800973Z /usr/bin/tar: ../../../../../usr/local/lib/android/sdk/platforms/android-34-ext8/data/res/values-mcc312-mnc670-it: Cannot change mode to rwxr-xr-x: Operation not permitted
build	Cache Android SDK	2026-06-06T12:23:00.0803630Z /usr/bin/tar: ../../../../../usr/local/lib/android/sdk/platforms/android-34-ext8/data/res/values-mcc722-mnc07: Cannot utime: Operation not permitted
build	Cache Android SDK	2026-06-06T12:23:00.0804079Z /usr/bin/tar: ../../../../../usr/local/lib/android/sdk/platforms/android-34-ext8/data/res/values-mcc722-mnc07: Cannot change mode to rwxr-xr-x: Operation not permitted
build	Cache Android SDK	2026-06-06T12:23:00.0806966Z /usr/bin/tar: ../../../../../usr/local/lib/android/sdk/platforms/android-34-ext8/data/res/values-mcc310-mnc310-eu: Cannot utime: Operation not permitted
build	Cache Android SDK	2026-06-06T12:23:00.0807568Z /usr/bin/tar: ../../../../../usr/local/lib/android/sdk/platforms/android-34-ext8/data/res/values-mcc310-mnc310-eu: Cannot change mode to rwxr-xr-x: Operation not permitted
build	Cache Android SDK	2026-06-06T12:23:00.0810322Z /usr/bin/tar: ../../../../../usr/local/lib/android/sdk/platforms/android-34-ext8/data/res/values-mcc235-mnc94: Cannot utime: Operation not permitted
build	Cache Android SDK	2026-06-06T12:23:00.0810781Z /usr/bin/tar: ../../../../../usr/local/lib/android/sdk/platforms/android-34-ext8/data/res/values-mcc235-mnc94: Cannot change mode to rwxr-xr-x: Operation not permitted
build	Cache Android SDK	2026-06-06T12:23:00.0814082Z /usr/bin/tar: ../../../../../usr/local/lib/android/sdk/platforms/android-34-ext8/data/res/values-mcc311-mnc180-sk: Cannot utime: Operation not permitted
build	Cache Android SDK	2026-06-06T12:23:00.0828474Z /usr/bin/tar: ../../../../../usr/local/lib/android/sdk/platforms/android-34-ext8/data/res/values-mcc311-mnc180-sk: Cannot change mode to rwxr-xr-x: Operation not permitted
build	Cache Android SDK	2026-06-06T12:23:00.0829601Z /usr/bin/tar: ../../../../../usr/local/lib/android/sdk/platforms/android-34-ext8/data/res/values-mcc310-mnc170-es: Cannot utime: Operation not permitted
build	Cache Android SDK	2026-06-06T12:23:00.0830311Z /usr/bin/tar: ../../../../../usr/local/lib/android/sdk/platforms/android-34-ext8/data/res/values-mcc310-mnc170-es: Cannot change mode to rwxr-xr-x: Operation not permitted
build	Cache Android SDK	2026-06-06T12:23:00.0831053Z /usr/bin/tar: ../../../../../usr/local/lib/android/sdk/platforms/android-34-ext8/data/res/values-mcc310-mnc240-my: Cannot utime: Operation not permitted
build	Cache Android SDK	2026-06-06T12:23:00.0831835Z /usr/bin/tar: ../../../../../usr/local/lib/android/sdk/platforms/android-34-ext8/data/res/values-mcc310-mnc240-my: Cannot change mode to rwxr-xr-x: Operation not permitted
build	Cache Android SDK	2026-06-06T12:23:00.0832239Z /usr/bin/tar: ../../../../../usr/local/lib/android/sdk/platforms/android-34-ext8/data/res/values-am-television: Cannot utime: Operation not permitted
build	Cache Android SDK	2026-06-06T12:23:00.0832757Z /usr/bin/tar: ../../../../../usr/local/lib/android/sdk/platforms/android-34-ext8/data/res/values-am-television: Cannot change mode to rwxr-xr-x: Operation not permitted
build	Cache Android SDK	2026-06-06T12:23:00.0833171Z /usr/bin/tar: ../../../../../usr/local/lib/android/sdk/platforms/android-34-ext8/data/res/values-mcc302-mnc370-in: Cannot utime: Operation not permitted
build	Cache Android SDK	2026-06-06T12:23:00.0833775Z /usr/bin/tar: ../../../../../usr/local/lib/android/sdk/platforms/android-34-ext8/data/res/values-mcc302-mnc370-in: Cannot change mode to rwxr-xr-x: Operation not permitted
build	Cache Android SDK	2026-06-06T12:23:00.0838813Z /usr/bin/tar: ../../../../../usr/local/lib/android/sdk/platforms/android-34-ext8/data/res/values-mcc310-mnc270-ml: Cannot utime: Operation not permitted
build	Cache Android SDK	2026-06-06T12:23:00.0840290Z /usr/bin/tar: ../../../../../usr/local/lib/android/sdk/platforms/android-34-ext8/data/res/values-mcc310-mnc270-ml: Cannot change mode to rwxr-xr-x: Operation not permitted
build	Cache Android SDK	2026-06-06T12:23:00.0841278Z /usr/bin/tar: ../../../../../usr/local/lib/android/sdk/platforms/android-34-ext8/data/res/values-mcc302-mnc370-ru: Cannot utime: Operation not permitted
build	Cache Android SDK	2026-06-06T12:23:00.0842738Z /usr/bin/tar: ../../../../../usr/local/lib/android/sdk/platforms/android-34-ext8/data/res/values-mcc302-mnc370-ru: Cannot change mode to rwxr-xr-x: Operation not permitted
build	Cache Android SDK	2026-06-06T12:23:00.0844514Z /usr/bin/tar: ../../../../../usr/local/lib/android/sdk/platforms/android-34-ext8/data/res/values-mcc310-mnc950-ro: Cannot utime: Operation not permitted
build	Cache Android SDK	2026-06-06T12:23:00.0846177Z /usr/bin/tar: ../../../../../usr/local/lib/android/sdk/platforms/android-34-ext8/data/res/values-mcc310-mnc950-ro: Cannot change mode to rwxr-xr-x: Operation not permitted
build	Cache Android SDK	2026-06-06T12:23:00.0847804Z /usr/bin/tar: ../../../../../usr/local/lib/android/sdk/platforms/android-34-ext8/data/res/values-te-watch: Cannot utime: Operation not permitted
build	Cache Android SDK	2026-06-06T12:23:00.0848980Z /usr/bin/tar: ../../../../../usr/local/lib/android/sdk/platforms/android-34-ext8/data/res/values-te-watch: Cannot change mode to rwxr-xr-x: Operation not permitted
build	Cache Android SDK	2026-06-06T12:23:00.0850667Z /usr/bin/tar: ../../../../../usr/local/lib/android/sdk/platforms/android-34-ext8/data/res/values-mcc310-mnc410-pl: Cannot utime: Operation not permitted
build	Cache Android SDK	2026-06-06T12:23:00.0851633Z /usr/bin/tar: ../../../../../usr/local/lib/android/sdk/platforms/android-34-ext8/data/res/values-mcc310-mnc410-pl: Cannot change mode to rwxr-xr-x: Operation not permitted
build	Cache Android SDK	2026-06-06T12:23:00.0854040Z /usr/bin/tar: ../../../../../usr/local/lib/android/sdk/platforms/android-34-ext8/data/res/values-mcc310-mnc220-is: Cannot utime: Operation not permitted
build	Cache Android SDK	2026-06-06T12:23:00.0855010Z /usr/bin/tar: ../../../../../usr/local/lib/android/sdk/platforms/android-34-ext8/data/res/values-mcc310-mnc220-is: Cannot change mode to rwxr-xr-x: Operation not permitted
build	Cache Android SDK	2026-06-06T12:23:00.0857231Z /usr/bin/tar: ../../../../../usr/local/lib/android/sdk/platforms/android-34-ext8/data/res/values-mcc310-mnc170-nl: Cannot utime: Operation not permitted
build	Cache Android SDK	2026-06-06T12:23:00.0858463Z /usr/bin/tar: ../../../../../usr/local/lib/android/sdk/platforms/android-34-ext8/data/res/values-mcc310-mnc170-nl: Cannot change mode to rwxr-xr-x: Operation not permitted
build	Cache Android SDK	2026-06-06T12:23:00.0861087Z /usr/bin/tar: ../../../../../usr/local/lib/android/sdk/platforms/android-34-ext8/data/res/values-mcc310-mnc380-el: Cannot utime: Operation not permitted
build	Cache Android SDK	2026-06-06T12:23:00.0862053Z /usr/bin/tar: ../../../../../usr/local/lib/android/sdk/platforms/android-34-ext8/data/res/values-mcc310-mnc380-el: Cannot change mode to rwxr-xr-x: Operation not permitted
build	Cache Android SDK	2026-06-06T12:23:00.0864284Z /usr/bin/tar: ../../../../../usr/local/lib/android/sdk/platforms/android-34-ext8/data/res/values-mcc334-mnc020-lt: Cannot utime: Operation not permitted
build	Cache Android SDK	2026-06-06T12:23:00.0865330Z /usr/bin/tar: ../../../../../usr/local/lib/android/sdk/platforms/android-34-ext8/data/res/values-mcc334-mnc020-lt: Cannot change mode to rwxr-xr-x: Operation not permitted
build	Cache Android SDK	2026-06-06T12:23:00.0868036Z /usr/bin/tar: ../../../../../usr/local/lib/android/sdk/platforms/android-34-ext8/data/res/values-mcc302-mnc370-si: Cannot utime: Operation not permitted
build	Cache Android SDK	2026-06-06T12:23:00.0869076Z /usr/bin/tar: ../../../../../usr/local/lib/android/sdk/platforms/android-34-ext8/data/res/values-mcc302-mnc370-si: Cannot change mode to rwxr-xr-x: Operation not permitted
build	Cache Android SDK	2026-06-06T12:23:00.0870908Z /usr/bin/tar: ../../../../../usr/local/lib/android/sdk/platforms/android-34-ext8/data/res/drawable-land-xhdpi: Cannot utime: Operation not permitted
build	Cache Android SDK	2026-06-06T12:23:00.0871861Z /usr/bin/tar: ../../../../../usr/local/lib/android/sdk/platforms/android-34-ext8/data/res/drawable-land-xhdpi: Cannot change mode to rwxr-xr-x: Operation not permitted
build	Cache Android SDK	2026-06-06T12:23:00.0875150Z /usr/bin/tar: ../../../../../usr/local/lib/android/sdk/platforms/android-34-ext8/data/res/values-mcc310-mnc560-ko: Cannot utime: Operation not permitted
build	Cache Android SDK	2026-06-06T12:23:00.0876115Z /usr/bin/tar: ../../../../../usr/local/lib/android/sdk/platforms/android-34-ext8/data/res/values-mcc310-mnc560-ko: Cannot change mode to rwxr-xr-x: Operation not permitted
build	Cache Android SDK	2026-06-06T12:23:00.0878409Z /usr/bin/tar: ../../../../../usr/local/lib/android/sdk/platforms/android-34-ext8/data/res/values-ms-rMY: Cannot utime: Operation not permitted
build	Cache Android SDK	2026-06-06T12:23:00.0879314Z /usr/bin/tar: ../../../../../usr/local/lib/android/sdk/platforms/android-34-ext8/data/res/values-ms-rMY: Cannot change mode to rwxr-xr-x: Operation not permitted
build	Cache Android SDK	2026-06-06T12:23:00.0881955Z /usr/bin/tar: ../../../../../usr/local/lib/android/sdk/platforms/android-34-ext8/data/res/values-mcc310-mnc230-de: Cannot utime: Operation not permitted
build	Cache Android SDK	2026-06-06T12:23:00.0883199Z /usr/bin/tar: ../../../../../usr/local/lib/android/sdk/platforms/android-34-ext8/data/res/values-mcc310-mnc230-de: Cannot change mode to rwxr-xr-x: Operation not permitted
build	Cache Android SDK	2026-06-06T12:23:00.0885356Z /usr/bin/tar: ../../../../../usr/local/lib/android/sdk/platforms/android-34-ext8/data/res/values-mcc310-mnc280-zu: Cannot utime: Operation not permitted
build	Cache Android SDK	2026-06-06T12:23:00.0886309Z /usr/bin/tar: ../../../../../usr/local/lib/android/sdk/platforms/android-34-ext8/data/res/values-mcc310-mnc280-zu: Cannot change mode to rwxr-xr-x: Operation not permitted
build	Cache Android SDK	2026-06-06T12:23:00.0888758Z /usr/bin/tar: ../../../../../usr/local/lib/android/sdk/platforms/android-34-ext8/data/res/values-mcc310-mnc230-tl: Cannot utime: Operation not permitted
build	Cache Android SDK	2026-06-06T12:23:00.0889722Z /usr/bin/tar: ../../../../../usr/local/lib/android/sdk/platforms/android-34-ext8/data/res/values-mcc310-mnc230-tl: Cannot change mode to rwxr-xr-x: Operation not permitted
build	Cache Android SDK	2026-06-06T12:23:00.0893144Z /usr/bin/tar: ../../../../../usr/local/lib/android/sdk/platforms/android-34-ext8/data/res/values-mcc310-mnc280-bs: Cannot utime: Operation not permitted
build	Cache Android SDK	2026-06-06T12:23:00.0894118Z /usr/bin/tar: ../../../../../usr/local/lib/android/sdk/platforms/android-34-ext8/data/res/values-mcc310-mnc280-bs: Cannot change mode to rwxr-xr-x: Operation not permitted
build	Cache Android SDK	2026-06-06T12:23:00.0897020Z /usr/bin/tar: ../../../../../usr/local/lib/android/sdk/platforms/android-34-ext8/data/res/values-mcc310-mnc230-af: Cannot utime: Operation not permitted
build	Cache Android SDK	2026-06-06T12:23:00.0898580Z /usr/bin/tar: ../../../../../usr/local/lib/android/sdk/platforms/android-34-ext8/data/res/values-mcc310-mnc230-af: Cannot change mode to rwxr-xr-x: Operation not permitted
build	Cache Android SDK	2026-06-06T12:23:00.0901386Z /usr/bin/tar: ../../../../../usr/local/lib/android/sdk/platforms/android-34-ext8/data/res/values-mcc310-mnc160-mk: Cannot utime: Operation not permitted
build	Cache Android SDK	2026-06-06T12:23:00.0902386Z /usr/bin/tar: ../../../../../usr/local/lib/android/sdk/platforms/android-34-ext8/data/res/values-mcc310-mnc160-mk: Cannot change mode to rwxr-xr-x: Operation not permitted
build	Cache Android SDK	2026-06-06T12:23:00.0903959Z /usr/bin/tar: ../../../../../usr/local/lib/android/sdk/platforms/android-34-ext8/data/res/values-mcc312-mnc670-bg: Cannot utime: Operation not permitted
build	Cache Android SDK	2026-06-06T12:23:00.0904937Z /usr/bin/tar: ../../../../../usr/local/lib/android/sdk/platforms/android-34-ext8/data/res/values-mcc312-mnc670-bg: Cannot change mode to rwxr-xr-x: Operation not permitted
build	Cache Android SDK	2026-06-06T12:23:00.0907106Z /usr/bin/tar: ../../../../../usr/local/lib/android/sdk/platforms/android-34-ext8/data/res/values-mcc312-mnc670-pa: Cannot utime: Operation not permitted
build	Cache Android SDK	2026-06-06T12:23:00.0908198Z /usr/bin/tar: ../../../../../usr/local/lib/android/sdk/platforms/android-34-ext8/data/res/values-mcc312-mnc670-pa: Cannot change mode to rwxr-xr-x: Operation not permitted
build	Cache Android SDK	2026-06-06T12:23:00.0910744Z /usr/bin/tar: ../../../../../usr/local/lib/android/sdk/platforms/android-34-ext8/data/res/values-w192dp: Cannot utime: Operation not permitted
build	Cache Android SDK	2026-06-06T12:23:00.0911720Z /usr/bin/tar: ../../../../../usr/local/lib/android/sdk/platforms/android-34-ext8/data/res/values-w192dp: Cannot change mode to rwxr-xr-x: Operation not permitted
build	Cache Android SDK	2026-06-06T12:23:00.0914217Z /usr/bin/tar: ../../../../../usr/local/lib/android/sdk/platforms/android-34-ext8/data/res/values-mcc310-mnc170-my: Cannot utime: Operation not permitted
build	Cache Android SDK	2026-06-06T12:23:00.0915189Z /usr/bin/tar: ../../../../../usr/local/lib/android/sdk/platforms/android-34-ext8/data/res/values-mcc310-mnc170-my: Cannot change mode to rwxr-xr-x: Operation not permitted
build	Cache Android SDK	2026-06-06T12:23:00.0917631Z /usr/bin/tar: ../../../../../usr/local/lib/android/sdk/platforms/android-34-ext8/data/res/values-sw720dp-land: Cannot utime: Operation not permitted
build	Cache Android SDK	2026-06-06T12:23:00.0918575Z /usr/bin/tar: ../../../../../usr/local/lib/android/sdk/platforms/android-34-ext8/data/res/values-sw720dp-land: Cannot change mode to rwxr-xr-x: Operation not permitted
build	Cache Android SDK	2026-06-06T12:23:00.0920974Z /usr/bin/tar: ../../../../../usr/local/lib/android/sdk/platforms/android-34-ext8/data/res/values-mcc310-mnc200-en-rAU: Cannot utime: Operation not permitted
build	Cache Android SDK	2026-06-06T12:23:00.0921973Z /usr/bin/tar: ../../../../../usr/local/lib/android/sdk/platforms/android-34-ext8/data/res/values-mcc310-mnc200-en-rAU: Cannot change mode to rwxr-xr-x: Operation not permitted
build	Cache Android SDK	2026-06-06T12:23:00.0924318Z /usr/bin/tar: ../../../../../usr/local/lib/android/sdk/platforms/android-34-ext8/data/res/values-mcc312-mnc670-pl: Cannot utime: Operation not permitted
build	Cache Android SDK	2026-06-06T12:23:00.0925274Z /usr/bin/tar: ../../../../../usr/local/lib/android/sdk/platforms/android-34-ext8/data/res/values-mcc312-mnc670-pl: Cannot change mode to rwxr-xr-x: Operation not permitted
build	Cache Android SDK	2026-06-06T12:23:00.0927658Z /usr/bin/tar: ../../../../../usr/local/lib/android/sdk/platforms/android-34-ext8/data/res/values-mcc310-mnc120: Cannot utime: Operation not permitted
build	Cache Android SDK	2026-06-06T12:23:00.0928602Z /usr/bin/tar: ../../../../../usr/local/lib/android/sdk/platforms/android-34-ext8/data/res/values-mcc310-mnc120: Cannot change mode to rwxr-xr-x: Operation not permitted
build	Cache Android SDK	2026-06-06T12:23:00.0930897Z /usr/bin/tar: ../../../../../usr/local/lib/android/sdk/platforms/android-34-ext8/data/res/values-mcc310-mnc950-b+sr+Latn: Cannot utime: Operation not permitted
build	Cache Android SDK	2026-06-06T12:23:00.0931892Z /usr/bin/tar: ../../../../../usr/local/lib/android/sdk/platforms/android-34-ext8/data/res/values-mcc310-mnc950-b+sr+Latn: Cannot change mode to rwxr-xr-x: Operation not permitted
build	Cache Android SDK	2026-06-06T12:23:00.0934190Z /usr/bin/tar: ../../../../../usr/local/lib/android/sdk/platforms/android-34-ext8/data/res/values-mcc310-mnc490-ne: Cannot utime: Operation not permitted
build	Cache Android SDK	2026-06-06T12:23:00.0935135Z /usr/bin/tar: ../../../../../usr/local/lib/android/sdk/platforms/android-34-ext8/data/res/values-mcc310-mnc490-ne: Cannot change mode to rwxr-xr-x: Operation not permitted
build	Cache Android SDK	2026-06-06T12:23:00.0937194Z /usr/bin/tar: ../../../../../usr/local/lib/android/sdk/platforms/android-34-ext8/data/res/values-mcc310-mnc230: Cannot utime: Operation not permitted
build	Cache Android SDK	2026-06-06T12:23:00.0938276Z /usr/bin/tar: ../../../../../usr/local/lib/android/sdk/platforms/android-34-ext8/data/res/values-mcc310-mnc230: Cannot change mode to rwxr-xr-x: Operation not permitted
build	Cache Android SDK	2026-06-06T12:23:00.0940345Z /usr/bin/tar: ../../../../../usr/local/lib/android/sdk/platforms/android-34-ext8/data/res/values-mcc310-mnc230-am: Cannot utime: Operation not permitted
build	Cache Android SDK	2026-06-06T12:23:00.0941290Z /usr/bin/tar: ../../../../../usr/local/lib/android/sdk/platforms/android-34-ext8/data/res/values-mcc310-mnc230-am: Cannot change mode to rwxr-xr-x: Operation not permitted
build	Cache Android SDK	2026-06-06T12:23:00.0943839Z /usr/bin/tar: ../../../../../usr/local/lib/android/sdk/platforms/android-34-ext8/data/res/raw-zh-rTW: Cannot utime: Operation not permitted
build	Cache Android SDK	2026-06-06T12:23:00.0944713Z /usr/bin/tar: ../../../../../usr/local/lib/android/sdk/platforms/android-34-ext8/data/res/raw-zh-rTW: Cannot change mode to rwxr-xr-x: Operation not permitted
build	Cache Android SDK	2026-06-06T12:23:00.0949150Z /usr/bin/tar: ../../../../../usr/local/lib/android/sdk/platforms/android-34-ext8/data/res/values-mcc310-mnc160-sv: Cannot utime: Operation not permitted
build	Cache Android SDK	2026-06-06T12:23:00.0950181Z /usr/bin/tar: ../../../../../usr/local/lib/android/sdk/platforms/android-34-ext8/data/res/values-mcc310-mnc160-sv: Cannot change mode to rwxr-xr-x: Operation not permitted
build	Cache Android SDK	2026-06-06T12:23:00.0952551Z /usr/bin/tar: ../../../../../usr/local/lib/android/sdk/platforms/android-34-ext8/data/res/values-mcc001-mnc01-et: Cannot utime: Operation not permitted
build	Cache Android SDK	2026-06-06T12:23:00.0953518Z /usr/bin/tar: ../../../../../usr/local/lib/android/sdk/platforms/android-34-ext8/data/res/values-mcc001-mnc01-et: Cannot change mode to rwxr-xr-x: Operation not permitted
build	Cache Android SDK	2026-06-06T12:23:00.0956087Z /usr/bin/tar: ../../../../../usr/local/lib/android/sdk/platforms/android-34-ext8/data/res/values-es-rGT: Cannot utime: Operation not permitted
build	Cache Android SDK	2026-06-06T12:23:00.0956977Z /usr/bin/tar: ../../../../../usr/local/lib/android/sdk/platforms/android-34-ext8/data/res/values-es-rGT: Cannot change mode to rwxr-xr-x: Operation not permitted
build	Cache Android SDK	2026-06-06T12:23:00.0959227Z /usr/bin/tar: ../../../../../usr/local/lib/android/sdk/platforms/android-34-ext8/data/res/values-mcc310-mnc030-en-rIN: Cannot utime: Operation not permitted
build	Cache Android SDK	2026-06-06T12:23:00.0960211Z /usr/bin/tar: ../../../../../usr/local/lib/android/sdk/platforms/android-34-ext8/data/res/values-mcc310-mnc030-en-rIN: Cannot change mode to rwxr-xr-x: Operation not permitted
build	Cache Android SDK	2026-06-06T12:23:00.0962804Z /usr/bin/tar: ../../../../../usr/local/lib/android/sdk/platforms/android-34-ext8/data/res/values-mcc311-mnc180-el: Cannot utime: Operation not permitted
build	Cache Android SDK	2026-06-06T12:23:00.0963756Z /usr/bin/tar: ../../../../../usr/local/lib/android/sdk/platforms/android-34-ext8/data/res/values-mcc311-mnc180-el: Cannot change mode to rwxr-xr-x: Operation not permitted
build	Cache Android SDK	2026-06-06T12:23:00.0966218Z /usr/bin/tar: ../../../../../usr/local/lib/android/sdk/platforms/android-34-ext8/data/res/values-mcc310-mnc160-en-rAU: Cannot utime: Operation not permitted
build	Cache Android SDK	2026-06-06T12:23:00.0967207Z /usr/bin/tar: ../../../../../usr/local/lib/android/sdk/platforms/android-34-ext8/data/res/values-mcc310-mnc160-en-rAU: Cannot change mode to rwxr-xr-x: Operation not permitted
build	Cache Android SDK	2026-06-06T12:23:00.0969471Z /usr/bin/tar: ../../../../../usr/local/lib/android/sdk/platforms/android-34-ext8/data/res/values-mcc302-mnc370-mn: Cannot utime: Operation not permitted
build	Cache Android SDK	2026-06-06T12:23:00.0970416Z /usr/bin/tar: ../../../../../usr/local/lib/android/sdk/platforms/android-34-ext8/data/res/values-mcc302-mnc370-mn: Cannot change mode to rwxr-xr-x: Operation not permitted
build	Cache Android SDK	2026-06-06T12:23:00.0972857Z /usr/bin/tar: ../../../../../usr/local/lib/android/sdk/platforms/android-34-ext8/data/res/values-ja-television: Cannot utime: Operation not permitted
build	Cache Android SDK	2026-06-06T12:23:00.0973799Z /usr/bin/tar: ../../../../../usr/local/lib/android/sdk/platforms/android-34-ext8/data/res/values-ja-television: Cannot change mode to rwxr-xr-x: Operation not permitted
build	Cache Android SDK	2026-06-06T12:23:00.0976177Z /usr/bin/tar: ../../../../../usr/local/lib/android/sdk/platforms/android-34-ext8/data/res/values-mcc310-mnc250-lo: Cannot utime: Operation not permitted
build	Cache Android SDK	2026-06-06T12:23:00.0977246Z /usr/bin/tar: ../../../../../usr/local/lib/android/sdk/platforms/android-34-ext8/data/res/values-mcc310-mnc250-lo: Cannot change mode to rwxr-xr-x: Operation not permitted
build	Cache Android SDK	2026-06-06T12:23:00.0979355Z /usr/bin/tar: ../../../../../usr/local/lib/android/sdk/platforms/android-34-ext8/data/res/values-mcc310-mnc410-kn: Cannot utime: Operation not permitted
build	Cache Android SDK	2026-06-06T12:23:00.0980317Z /usr/bin/tar: ../../../../../usr/local/lib/android/sdk/platforms/android-34-ext8/data/res/values-mcc310-mnc410-kn: Cannot change mode to rwxr-xr-x: Operation not permitted
build	Cache Android SDK	2026-06-06T12:23:00.0982441Z /usr/bin/tar: ../../../../../usr/local/lib/android/sdk/platforms/android-34-ext8/data/res/values-mcc310-mnc380-es: Cannot utime: Operation not permitted
build	Cache Android SDK	2026-06-06T12:23:00.0983382Z /usr/bin/tar: ../../../../../usr/local/lib/android/sdk/platforms/android-34-ext8/data/res/values-mcc310-mnc380-es: Cannot change mode to rwxr-xr-x: Operation not permitted
build	Cache Android SDK	2026-06-06T12:23:00.0985980Z /usr/bin/tar: ../../../../../usr/local/lib/android/sdk/platforms/android-34-ext8/data/res/values-mcc310-mnc160-iw: Cannot utime: Operation not permitted
build	Cache Android SDK	2026-06-06T12:23:00.0986916Z /usr/bin/tar: ../../../../../usr/local/lib/android/sdk/platforms/android-34-ext8/data/res/values-mcc310-mnc160-iw: Cannot change mode to rwxr-xr-x: Operation not permitted
build	Cache Android SDK	2026-06-06T12:23:00.0989451Z /usr/bin/tar: ../../../../../usr/local/lib/android/sdk/platforms/android-34-ext8/data/res/values-mcc310-mnc380-zh-rHK: Cannot utime: Operation not permitted
build	Cache Android SDK	2026-06-06T12:23:00.0990430Z /usr/bin/tar: ../../../../../usr/local/lib/android/sdk/platforms/android-34-ext8/data/res/values-mcc310-mnc380-zh-rHK: Cannot change mode to rwxr-xr-x: Operation not permitted
build	Cache Android SDK	2026-06-06T12:23:00.0992617Z /usr/bin/tar: ../../../../../usr/local/lib/android/sdk/platforms/android-34-ext8/data/res/values-mcc310-mnc280-ur: Cannot utime: Operation not permitted
build	Cache Android SDK	2026-06-06T12:23:00.0993565Z /usr/bin/tar: ../../../../../usr/local/lib/android/sdk/platforms/android-34-ext8/data/res/values-mcc310-mnc280-ur: Cannot change mode to rwxr-xr-x: Operation not permitted
build	Cache Android SDK	2026-06-06T12:23:00.0995699Z /usr/bin/tar: ../../../../../usr/local/lib/android/sdk/platforms/android-34-ext8/data/res/values-mcc310-mnc200-kk: Cannot utime: Operation not permitted
build	Cache Android SDK	2026-06-06T12:23:00.0996642Z /usr/bin/tar: ../../../../../usr/local/lib/android/sdk/platforms/android-34-ext8/data/res/values-mcc310-mnc200-kk: Cannot change mode to rwxr-xr-x: Operation not permitted
build	Cache Android SDK	2026-06-06T12:23:00.0999474Z /usr/bin/tar: ../../../../../usr/local/lib/android/sdk/platforms/android-34-ext8/data/res/values-es-rNI: Cannot utime: Operation not permitted
build	Cache Android SDK	2026-06-06T12:23:00.1000973Z /usr/bin/tar: ../../../../../usr/local/lib/android/sdk/platforms/android-34-ext8/data/res/values-es-rNI: Cannot change mode to rwxr-xr-x: Operation not permitted
build	Cache Android SDK	2026-06-06T12:23:00.1002917Z /usr/bin/tar: ../../../../../usr/local/lib/android/sdk/platforms/android-34-ext8/data/res/values-mcc310-mnc170-bg: Cannot utime: Operation not permitted
build	Cache Android SDK	2026-06-06T12:23:00.1003906Z /usr/bin/tar: ../../../../../usr/local/lib/android/sdk/platforms/android-34-ext8/data/res/values-mcc310-mnc170-bg: Cannot change mode to rwxr-xr-x: Operation not permitted
build	Cache Android SDK	2026-06-06T12:23:00.1006111Z /usr/bin/tar: ../../../../../usr/local/lib/android/sdk/platforms/android-34-ext8/data/res/values-nb-television: Cannot utime: Operation not permitted
build	Cache Android SDK	2026-06-06T12:23:00.1007179Z /usr/bin/tar: ../../../../../usr/local/lib/android/sdk/platforms/android-34-ext8/data/res/values-nb-television: Cannot change mode to rwxr-xr-x: Operation not permitted
build	Cache Android SDK	2026-06-06T12:23:00.1009340Z /usr/bin/tar: ../../../../../usr/local/lib/android/sdk/platforms/android-34-ext8/data/res/values-mcc310-mnc380-in: Cannot utime: Operation not permitted
build	Cache Android SDK	2026-06-06T12:23:00.1010282Z /usr/bin/tar: ../../../../../usr/local/lib/android/sdk/platforms/android-34-ext8/data/res/values-mcc310-mnc380-in: Cannot change mode to rwxr-xr-x: Operation not permitted
build	Cache Android SDK	2026-06-06T12:23:00.1012742Z /usr/bin/tar: ../../../../../usr/local/lib/android/sdk/platforms/android-34-ext8/data/res/values-zh-rTW-television: Cannot utime: Operation not permitted
build	Cache Android SDK	2026-06-06T12:23:00.1013791Z /usr/bin/tar: ../../../../../usr/local/lib/android/sdk/platforms/android-34-ext8/data/res/values-zh-rTW-television: Cannot change mode to rwxr-xr-x: Operation not permitted
build	Cache Android SDK	2026-06-06T12:23:00.1016540Z /usr/bin/tar: ../../../../../usr/local/lib/android/sdk/platforms/android-34-ext8/data/res/values-mcc310-mnc380-pt: Cannot utime: Operation not permitted
build	Cache Android SDK	2026-06-06T12:23:00.1017675Z /usr/bin/tar: ../../../../../usr/local/lib/android/sdk/platforms/android-34-ext8/data/res/values-mcc310-mnc380-pt: Cannot change mode to rwxr-xr-x: Operation not permitted
build	Cache Android SDK	2026-06-06T12:23:00.1020474Z /usr/bin/tar: ../../../../../usr/local/lib/android/sdk/platforms/android-34-ext8/data/res/values-mcc310-mnc560-kn: Cannot utime: Operation not permitted
build	Cache Android SDK	2026-06-06T12:23:00.1021834Z /usr/bin/tar: ../../../../../usr/local/lib/android/sdk/platforms/android-34-ext8/data/res/values-mcc310-mnc560-kn: Cannot change mode to rwxr-xr-x: Operation not permitted
build	Cache Android SDK	2026-06-06T12:23:00.1023894Z /usr/bin/tar: ../../../../../usr/local/lib/android/sdk/platforms/android-34-ext8/data/res/values-mcc310-mnc490-am: Cannot utime: Operation not permitted
build	Cache Android SDK	2026-06-06T12:23:00.1024869Z /usr/bin/tar: ../../../../../usr/local/lib/android/sdk/platforms/android-34-ext8/data/res/values-mcc310-mnc490-am: Cannot change mode to rwxr-xr-x: Operation not permitted
build	Cache Android SDK	2026-06-06T12:23:00.1027252Z /usr/bin/tar: ../../../../../usr/local/lib/android/sdk/platforms/android-34-ext8/data/res/values-mcc310-mnc490-sl: Cannot utime: Operation not permitted
build	Cache Android SDK	2026-06-06T12:23:00.1028384Z /usr/bin/tar: ../../../../../usr/local/lib/android/sdk/platforms/android-34-ext8/data/res/values-mcc310-mnc490-sl: Cannot change mode to rwxr-xr-x: Operation not permitted
build	Cache Android SDK	2026-06-06T12:23:00.1031240Z /usr/bin/tar: ../../../../../usr/local/lib/android/sdk/platforms/android-34-ext8/data/res/values-mcc310-mnc160-ur: Cannot utime: Operation not permitted
build	Cache Android SDK	2026-06-06T12:23:00.1032357Z /usr/bin/tar: ../../../../../usr/local/lib/android/sdk/platforms/android-34-ext8/data/res/values-mcc310-mnc160-ur: Cannot change mode to rwxr-xr-x: Operation not permitted
build	Cache Android SDK	2026-06-06T12:23:00.1098084Z /usr/bin/tar: ../../../../../usr/local/lib/android/sdk/platforms/android-34-ext8/data/res/drawable-xxxhdpi: Cannot utime: Operation not permitted
build	Cache Android SDK	2026-06-06T12:23:00.1099925Z /usr/bin/tar: ../../../../../usr/local/lib/android/sdk/platforms/android-34-ext8/data/res/drawable-xxxhdpi: Cannot change mode to rwxr-xr-x: Operation not permitted
build	Cache Android SDK	2026-06-06T12:23:00.1100926Z /usr/bin/tar: ../../../../../usr/local/lib/android/sdk/platforms/android-34-ext8/data/res/values-mcc310-mnc210-af: Cannot utime: Operation not permitted
build	Cache Android SDK	2026-06-06T12:23:00.1102288Z /usr/bin/tar: ../../../../../usr/local/lib/android/sdk/platforms/android-34-ext8/data/res/values-mcc310-mnc210-af: Cannot change mode to rwxr-xr-x: Operation not permitted
build	Cache Android SDK	2026-06-06T12:23:00.1103684Z /usr/bin/tar: ../../../../../usr/local/lib/android/sdk/platforms/android-34-ext8/data/res/values-mcc310-mnc270-ky: Cannot utime: Operation not permitted
build	Cache Android SDK	2026-06-06T12:23:00.1104636Z /usr/bin/tar: ../../../../../usr/local/lib/android/sdk/platforms/android-34-ext8/data/res/values-mcc310-mnc270-ky: Cannot change mode to rwxr-xr-x: Operation not permitted
build	Cache Android SDK	2026-06-06T12:23:00.1106982Z /usr/bin/tar: ../../../../../usr/local/lib/android/sdk/platforms/android-34-ext8/data/res/values-mcc302-mnc720-te: Cannot utime: Operation not permitted
build	Cache Android SDK	2026-06-06T12:23:00.1108424Z /usr/bin/tar: ../../../../../usr/local/lib/android/sdk/platforms/android-34-ext8/data/res/values-mcc302-mnc720-te: Cannot change mode to rwxr-xr-x: Operation not permitted
build	Cache Android SDK	2026-06-06T12:23:00.1110304Z /usr/bin/tar: ../../../../../usr/local/lib/android/sdk/platforms/android-34-ext8/data/res/values-mcc312-mnc670-en-rIN: Cannot utime: Operation not permitted
build	Cache Android SDK	2026-06-06T12:23:00.1111303Z /usr/bin/tar: ../../../../../usr/local/lib/android/sdk/platforms/android-34-ext8/data/res/values-mcc312-mnc670-en-rIN: Cannot change mode to rwxr-xr-x: Operation not permitted
build	Cache Android SDK	2026-06-06T12:23:00.1113455Z /usr/bin/tar: ../../../../../usr/local/lib/android/sdk/platforms/android-34-ext8/data/res/values-mr-watch: Cannot utime: Operation not permitted
build	Cache Android SDK	2026-06-06T12:23:00.1114389Z /usr/bin/tar: ../../../../../usr/local/lib/android/sdk/platforms/android-34-ext8/data/res/values-mr-watch: Cannot change mode to rwxr-xr-x: Operation not permitted
build	Cache Android SDK	2026-06-06T12:23:00.1116798Z /usr/bin/tar: ../../../../../usr/local/lib/android/sdk/platforms/android-34-ext8/data/res/values-mcc310-mnc160-hi: Cannot utime: Operation not permitted
build	Cache Android SDK	2026-06-06T12:23:00.1117939Z /usr/bin/tar: ../../../../../usr/local/lib/android/sdk/platforms/android-34-ext8/data/res/values-mcc310-mnc160-hi: Cannot change mode to rwxr-xr-x: Operation not permitted
build	Cache Android SDK	2026-06-06T12:23:00.1119861Z /usr/bin/tar: ../../../../../usr/local/lib/android/sdk/platforms/android-34-ext8/data/res/values-mcc334-mnc020-fr-rCA: Cannot utime: Operation not permitted
build	Cache Android SDK	2026-06-06T12:23:00.1120940Z /usr/bin/tar: ../../../../../usr/local/lib/android/sdk/platforms/android-34-ext8/data/res/values-mcc334-mnc020-fr-rCA: Cannot change mode to rwxr-xr-x: Operation not permitted
build	Cache Android SDK	2026-06-06T12:23:00.1123343Z /usr/bin/tar: ../../../../../usr/local/lib/android/sdk/platforms/android-34-ext8/data/res/values-mcc302-mnc720-lv: Cannot utime: Operation not permitted
build	Cache Android SDK	2026-06-06T12:23:00.1124314Z /usr/bin/tar: ../../../../../usr/local/lib/android/sdk/platforms/android-34-ext8/data/res/values-mcc302-mnc720-lv: Cannot change mode to rwxr-xr-x: Operation not permitted
build	Cache Android SDK	2026-06-06T12:23:00.1126850Z /usr/bin/tar: ../../../../../usr/local/lib/android/sdk/platforms/android-34-ext8/data/res/values-mcc334-mnc020-pl: Cannot utime: Operation not permitted
build	Cache Android SDK	2026-06-06T12:23:00.1127972Z /usr/bin/tar: ../../../../../usr/local/lib/android/sdk/platforms/android-34-ext8/data/res/values-mcc334-mnc020-pl: Cannot change mode to rwxr-xr-x: Operation not permitted
build	Cache Android SDK	2026-06-06T12:23:00.1129900Z /usr/bin/tar: ../../../../../usr/local/lib/android/sdk/platforms/android-34-ext8/data/res/values-mcc310-mnc230-zh-rTW: Cannot utime: Operation not permitted
build	Cache Android SDK	2026-06-06T12:23:00.1130897Z /usr/bin/tar: ../../../../../usr/local/lib/android/sdk/platforms/android-34-ext8/data/res/values-mcc310-mnc230-zh-rTW: Cannot change mode to rwxr-xr-x: Operation not permitted
build	Cache Android SDK	2026-06-06T12:23:00.1133192Z /usr/bin/tar: ../../../../../usr/local/lib/android/sdk/platforms/android-34-ext8/data/res/values-mcc311-mnc180-pt-rBR: Cannot utime: Operation not permitted
build	Cache Android SDK	2026-06-06T12:23:00.1134181Z /usr/bin/tar: ../../../../../usr/local/lib/android/sdk/platforms/android-34-ext8/data/res/values-mcc311-mnc180-pt-rBR: Cannot change mode to rwxr-xr-x: Operation not permitted
build	Cache Android SDK	2026-06-06T12:23:00.1136147Z /usr/bin/tar: ../../../../../usr/local/lib/android/sdk/platforms/android-34-ext8/data/res/values-sw600dp-port: Cannot utime: Operation not permitted
build	Cache Android SDK	2026-06-06T12:23:00.1137104Z /usr/bin/tar: ../../../../../usr/local/lib/android/sdk/platforms/android-34-ext8/data/res/values-sw600dp-port: Cannot change mode to rwxr-xr-x: Operation not permitted
build	Cache Android SDK	2026-06-06T12:23:00.1139681Z /usr/bin/tar: ../../../../../usr/local/lib/android/sdk/platforms/android-34-ext8/data/res/values-mcc310-mnc380-be: Cannot utime: Operation not permitted
build	Cache Android SDK	2026-06-06T12:23:00.1140643Z /usr/bin/tar: ../../../../../usr/local/lib/android/sdk/platforms/android-34-ext8/data/res/values-mcc310-mnc380-be: Cannot change mode to rwxr-xr-x: Operation not permitted
build	Cache Android SDK	2026-06-06T12:23:00.1142900Z /usr/bin/tar: ../../../../../usr/local/lib/android/sdk/platforms/android-34-ext8/data/res/values-mcc310-mnc280-es-rUS: Cannot utime: Operation not permitted
build	Cache Android SDK	2026-06-06T12:23:00.1143892Z /usr/bin/tar: ../../../../../usr/local/lib/android/sdk/platforms/android-34-ext8/data/res/values-mcc310-mnc280-es-rUS: Cannot change mode to rwxr-xr-x: Operation not permitted
build	Cache Android SDK	2026-06-06T12:23:00.1146046Z /usr/bin/tar: ../../../../../usr/local/lib/android/sdk/platforms/android-34-ext8/data/res/values-mcc310-mnc410-hu: Cannot utime: Operation not permitted
build	Cache Android SDK	2026-06-06T12:23:00.1147017Z /usr/bin/tar: ../../../../../usr/local/lib/android/sdk/platforms/android-34-ext8/data/res/values-mcc310-mnc410-hu: Cannot change mode to rwxr-xr-x: Operation not permitted
build	Cache Android SDK	2026-06-06T12:23:00.1150881Z /usr/bin/tar: ../../../../../usr/local/lib/android/sdk/platforms/android-34-ext8/data/res/values-mcc310-mnc170-en-rIN: Cannot utime: Operation not permitted
build	Cache Android SDK	2026-06-06T12:23:00.1151893Z /usr/bin/tar: ../../../../../usr/local/lib/android/sdk/platforms/android-34-ext8/data/res/values-mcc310-mnc170-en-rIN: Cannot change mode to rwxr-xr-x: Operation not permitted
build	Cache Android SDK	2026-06-06T12:23:00.1154180Z /usr/bin/tar: ../../../../../usr/local/lib/android/sdk/platforms/android-34-ext8/data/res/values-mcc310-mnc030-bs: Cannot utime: Operation not permitted
build	Cache Android SDK	2026-06-06T12:23:00.1155134Z /usr/bin/tar: ../../../../../usr/local/lib/android/sdk/platforms/android-34-ext8/data/res/values-mcc310-mnc030-bs: Cannot change mode to rwxr-xr-x: Operation not permitted
build	Cache Android SDK	2026-06-06T12:23:00.1157878Z /usr/bin/tar: ../../../../../usr/local/lib/android/sdk/platforms/android-34-ext8/data/res/values-mcc310-mnc250-da: Cannot utime: Operation not permitted
build	Cache Android SDK	2026-06-06T12:23:00.1158860Z /usr/bin/tar: ../../../../../usr/local/lib/android/sdk/platforms/android-34-ext8/data/res/values-mcc310-mnc250-da: Cannot change mode to rwxr-xr-x: Operation not permitted
build	Cache Android SDK	2026-06-06T12:23:00.1161124Z /usr/bin/tar: ../../../../../usr/local/lib/android/sdk/platforms/android-34-ext8/data/res/values-mcc310-mnc560-en-rGB: Cannot utime: Operation not permitted
build	Cache Android SDK	2026-06-06T12:23:00.1162117Z /usr/bin/tar: ../../../../../usr/local/lib/android/sdk/platforms/android-34-ext8/data/res/values-mcc310-mnc560-en-rGB: Cannot change mode to rwxr-xr-x: Operation not permitted
build	Cache Android SDK	2026-06-06T12:23:00.1164466Z /usr/bin/tar: ../../../../../usr/local/lib/android/sdk/platforms/android-34-ext8/data/res/values-mcc310-mnc950-sr: Cannot utime: Operation not permitted
build	Cache Android SDK	2026-06-06T12:23:00.1165420Z /usr/bin/tar: ../../../../../usr/local/lib/android/sdk/platforms/android-34-ext8/data/res/values-mcc310-mnc950-sr: Cannot change mode to rwxr-xr-x: Operation not permitted
build	Cache Android SDK	2026-06-06T12:23:00.1167751Z /usr/bin/tar: ../../../../../usr/local/lib/android/sdk/platforms/android-34-ext8/data/res/values-mcc310-mnc030-mk: Cannot utime: Operation not permitted
build	Cache Android SDK	2026-06-06T12:23:00.1168724Z /usr/bin/tar: ../../../../../usr/local/lib/android/sdk/platforms/android-34-ext8/data/res/values-mcc310-mnc030-mk: Cannot change mode to rwxr-xr-x: Operation not permitted
build	Cache Android SDK	2026-06-06T12:23:00.1171929Z /usr/bin/tar: ../../../../../usr/local/lib/android/sdk/platforms/android-34-ext8/data/res/values-mcc310-mnc560-ru: Cannot utime: Operation not permitted
build	Cache Android SDK	2026-06-06T12:23:00.1172949Z /usr/bin/tar: ../../../../../usr/local/lib/android/sdk/platforms/android-34-ext8/data/res/values-mcc310-mnc560-ru: Cannot change mode to rwxr-xr-x: Operation not permitted
build	Cache Android SDK	2026-06-06T12:23:00.1175160Z /usr/bin/tar: ../../../../../usr/local/lib/android/sdk/platforms/android-34-ext8/data/res/values-mcc310-mnc380-nb: Cannot utime: Operation not permitted
build	Cache Android SDK	2026-06-06T12:23:00.1176168Z /usr/bin/tar: ../../../../../usr/local/lib/android/sdk/platforms/android-34-ext8/data/res/values-mcc310-mnc380-nb: Cannot change mode to rwxr-xr-x: Operation not permitted
build	Cache Android SDK	2026-06-06T12:23:00.1178339Z /usr/bin/tar: ../../../../../usr/local/lib/android/sdk/platforms/android-34-ext8/data/res/values-mcc310-mnc160-fa: Cannot utime: Operation not permitted
build	Cache Android SDK	2026-06-06T12:23:00.1179582Z /usr/bin/tar: ../../../../../usr/local/lib/android/sdk/platforms/android-34-ext8/data/res/values-mcc310-mnc160-fa: Cannot change mode to rwxr-xr-x: Operation not permitted
build	Cache Android SDK	2026-06-06T12:23:00.1181950Z /usr/bin/tar: ../../../../../usr/local/lib/android/sdk/platforms/android-34-ext8/data/res/layout-sw600dp: Cannot utime: Operation not permitted
build	Cache Android SDK	2026-06-06T12:23:00.1182865Z /usr/bin/tar: ../../../../../usr/local/lib/android/sdk/platforms/android-34-ext8/data/res/layout-sw600dp: Cannot change mode to rwxr-xr-x: Operation not permitted
build	Cache Android SDK	2026-06-06T12:23:00.1186281Z /usr/bin/tar: ../../../../../usr/local/lib/android/sdk/platforms/android-34-ext8/data/res/values-mcc302-mnc720-ms: Cannot utime: Operation not permitted
build	Cache Android SDK	2026-06-06T12:23:00.1187536Z /usr/bin/tar: ../../../../../usr/local/lib/android/sdk/platforms/android-34-ext8/data/res/values-mcc302-mnc720-ms: Cannot change mode to rwxr-xr-x: Operation not permitted
build	Cache Android SDK	2026-06-06T12:23:00.1190055Z /usr/bin/tar: ../../../../../usr/local/lib/android/sdk/platforms/android-34-ext8/data/res/values-el-watch: Cannot utime: Operation not permitted
build	Cache Android SDK	2026-06-06T12:23:00.1191070Z /usr/bin/tar: ../../../../../usr/local/lib/android/sdk/platforms/android-34-ext8/data/res/values-el-watch: Cannot change mode to rwxr-xr-x: Operation not permitted
build	Cache Android SDK	2026-06-06T12:23:00.1193965Z /usr/bin/tar: ../../../../../usr/local/lib/android/sdk/platforms/android-34-ext8/data/res/values-mcc310-mnc170-mr: Cannot utime: Operation not permitted
build	Cache Android SDK	2026-06-06T12:23:00.1194936Z /usr/bin/tar: ../../../../../usr/local/lib/android/sdk/platforms/android-34-ext8/data/res/values-mcc310-mnc170-mr: Cannot change mode to rwxr-xr-x: Operation not permitted
build	Cache Android SDK	2026-06-06T12:23:00.1197288Z /usr/bin/tar: ../../../../../usr/local/lib/android/sdk/platforms/android-34-ext8/data/res/values-mcc310-mnc250-nl: Cannot utime: Operation not permitted
build	Cache Android SDK	2026-06-06T12:23:00.1198395Z /usr/bin/tar: ../../../../../usr/local/lib/android/sdk/platforms/android-34-ext8/data/res/values-mcc310-mnc250-nl: Cannot change mode to rwxr-xr-x: Operation not permitted
build	Cache Android SDK	2026-06-06T12:23:00.1200812Z /usr/bin/tar: ../../../../../usr/local/lib/android/sdk/platforms/android-34-ext8/data/res/values-mcc310-mnc950-pl: Cannot utime: Operation not permitted
build	Cache Android SDK	2026-06-06T12:23:00.1201778Z /usr/bin/tar: ../../../../../usr/local/lib/android/sdk/platforms/android-34-ext8/data/res/values-mcc310-mnc950-pl: Cannot change mode to rwxr-xr-x: Operation not permitted
build	Cache Android SDK	2026-06-06T12:23:00.1204427Z /usr/bin/tar: ../../../../../usr/local/lib/android/sdk/platforms/android-34-ext8/data/res/values-mcc312-mnc670-mk: Cannot utime: Operation not permitted
build	Cache Android SDK	2026-06-06T12:23:00.1205511Z /usr/bin/tar: ../../../../../usr/local/lib/android/sdk/platforms/android-34-ext8/data/res/values-mcc312-mnc670-mk: Cannot change mode to rwxr-xr-x: Operation not permitted
build	Cache Android SDK	2026-06-06T12:23:00.1210871Z /usr/bin/tar: ../../../../../usr/local/lib/android/sdk/platforms/android-34-ext8/data/res/values-mcc313-mnc100-fi: Cannot utime: Operation not permitted
build	Cache Android SDK	2026-06-06T12:23:00.1211836Z /usr/bin/tar: ../../../../../usr/local/lib/android/sdk/platforms/android-34-ext8/data/res/values-mcc313-mnc100-fi: Cannot change mode to rwxr-xr-x: Operation not permitted
build	Cache Android SDK	2026-06-06T12:23:00.1215165Z /usr/bin/tar: ../../../../../usr/local/lib/android/sdk/platforms/android-34-ext8/data/res/values-mcc310-mnc200-is: Cannot utime: Operation not permitted
build	Cache Android SDK	2026-06-06T12:23:00.1216112Z /usr/bin/tar: ../../../../../usr/local/lib/android/sdk/platforms/android-34-ext8/data/res/values-mcc310-mnc200-is: Cannot change mode to rwxr-xr-x: Operation not permitted
build	Cache Android SDK	2026-06-06T12:23:00.1219156Z /usr/bin/tar: ../../../../../usr/local/lib/android/sdk/platforms/android-34-ext8/data/res/values-mcc312-mnc670-sw: Cannot utime: Operation not permitted
build	Cache Android SDK	2026-06-06T12:23:00.1220148Z /usr/bin/tar: ../../../../../usr/local/lib/android/sdk/platforms/android-34-ext8/data/res/values-mcc312-mnc670-sw: Cannot change mode to rwxr-xr-x: Operation not permitted
build	Cache Android SDK	2026-06-06T12:23:00.1223285Z /usr/bin/tar: ../../../../../usr/local/lib/android/sdk/platforms/android-34-ext8/data/res/values-mcc310-mnc220-ur: Cannot utime: Operation not permitted
build	Cache Android SDK	2026-06-06T12:23:00.1224486Z /usr/bin/tar: ../../../../../usr/local/lib/android/sdk/platforms/android-34-ext8/data/res/values-mcc310-mnc220-ur: Cannot change mode to rwxr-xr-x: Operation not permitted
build	Cache Android SDK	2026-06-06T12:23:00.1226094Z /usr/bin/tar: ../../../../../usr/local/lib/android/sdk/platforms/android-34-ext8/data/res/values-mcc302-mnc370-hy: Cannot utime: Operation not permitted
build	Cache Android SDK	2026-06-06T12:23:00.1231787Z /usr/bin/tar: ../../../../../usr/local/lib/android/sdk/platforms/android-34-ext8/data/res/values-mcc302-mnc370-hy: Cannot change mode to rwxr-xr-x: Operation not permitted
build	Cache Android SDK	2026-06-06T12:23:00.1233200Z /usr/bin/tar: ../../../../../usr/local/lib/android/sdk/platforms/android-34-ext8/data/res/values-mcc310-mnc250-mn: Cannot utime: Operation not permitted
build	Cache Android SDK	2026-06-06T12:23:00.1234585Z /usr/bin/tar: ../../../../../usr/local/lib/android/sdk/platforms/android-34-ext8/data/res/values-mcc310-mnc250-mn: Cannot change mode to rwxr-xr-x: Operation not permitted
build	Cache Android SDK	2026-06-06T12:23:00.1235545Z /usr/bin/tar: ../../../../../usr/local/lib/android/sdk/platforms/android-34-ext8/data/res/values-mcc310-mnc030-sk: Cannot utime: Operation not permitted
build	Cache Android SDK	2026-06-06T12:23:00.1236545Z /usr/bin/tar: ../../../../../usr/local/lib/android/sdk/platforms/android-34-ext8/data/res/values-mcc310-mnc030-sk: Cannot change mode to rwxr-xr-x: Operation not permitted
build	Cache Android SDK	2026-06-06T12:23:00.1242090Z /usr/bin/tar: ../../../../../usr/local/lib/android/sdk/platforms/android-34-ext8/data/res/values-mcc310-mnc660-cs: Cannot utime: Operation not permitted
build	Cache Android SDK	2026-06-06T12:23:00.1243128Z /usr/bin/tar: ../../../../../usr/local/lib/android/sdk/platforms/android-34-ext8/data/res/values-mcc310-mnc660-cs: Cannot change mode to rwxr-xr-x: Operation not permitted
build	Cache Android SDK	2026-06-06T12:23:00.1245836Z /usr/bin/tar: ../../../../../usr/local/lib/android/sdk/platforms/android-34-ext8/data/res/values-mcc313-mnc100-hy: Cannot utime: Operation not permitted
build	Cache Android SDK	2026-06-06T12:23:00.1246793Z /usr/bin/tar: ../../../../../usr/local/lib/android/sdk/platforms/android-34-ext8/data/res/values-mcc313-mnc100-hy: Cannot change mode to rwxr-xr-x: Operation not permitted
build	Cache Android SDK	2026-06-06T12:23:00.1249048Z /usr/bin/tar: ../../../../../usr/local/lib/android/sdk/platforms/android-34-ext8/data/res/values-mcc310-mnc220-pt-rPT: Cannot utime: Operation not permitted
build	Cache Android SDK	2026-06-06T12:23:00.1250057Z /usr/bin/tar: ../../../../../usr/local/lib/android/sdk/platforms/android-34-ext8/data/res/values-mcc310-mnc220-pt-rPT: Cannot change mode to rwxr-xr-x: Operation not permitted
build	Cache Android SDK	2026-06-06T12:23:00.1255675Z /usr/bin/tar: ../../../../../usr/local/lib/android/sdk/platforms/android-34-ext8/data/res/values-b+sr+Latn-watch: Cannot utime: Operation not permitted
build	Cache Android SDK	2026-06-06T12:23:00.1256653Z /usr/bin/tar: ../../../../../usr/local/lib/android/sdk/platforms/android-34-ext8/data/res/values-b+sr+Latn-watch: Cannot change mode to rwxr-xr-x: Operation not permitted
build	Cache Android SDK	2026-06-06T12:23:00.1259146Z /usr/bin/tar: ../../../../../usr/local/lib/android/sdk/platforms/android-34-ext8/data/res/values-mcc334-mnc020-km: Cannot utime: Operation not permitted
build	Cache Android SDK	2026-06-06T12:23:00.1260113Z /usr/bin/tar: ../../../../../usr/local/lib/android/sdk/platforms/android-34-ext8/data/res/values-mcc334-mnc020-km: Cannot change mode to rwxr-xr-x: Operation not permitted
build	Cache Android SDK	2026-06-06T12:23:00.1263220Z /usr/bin/tar: ../../../../../usr/local/lib/android/sdk/platforms/android-34-ext8/data/res/values-mcc311-mnc180-bn: Cannot utime: Operation not permitted
build	Cache Android SDK	2026-06-06T12:23:00.1264175Z /usr/bin/tar: ../../../../../usr/local/lib/android/sdk/platforms/android-34-ext8/data/res/values-mcc311-mnc180-bn: Cannot change mode to rwxr-xr-x: Operation not permitted
build	Cache Android SDK	2026-06-06T12:23:00.1267451Z /usr/bin/tar: ../../../../../usr/local/lib/android/sdk/platforms/android-34-ext8/data/res/values-mcc334-mnc020-en-rXC: Cannot utime: Operation not permitted
build	Cache Android SDK	2026-06-06T12:23:00.1268479Z /usr/bin/tar: ../../../../../usr/local/lib/android/sdk/platforms/android-34-ext8/data/res/values-mcc334-mnc020-en-rXC: Cannot change mode to rwxr-xr-x: Operation not permitted
build	Cache Android SDK	2026-06-06T12:23:00.1275688Z /usr/bin/tar: ../../../../../usr/local/lib/android/sdk/platforms/android-34-ext8/data/res/values-ro: Cannot utime: Operation not permitted
build	Cache Android SDK	2026-06-06T12:23:00.1277285Z /usr/bin/tar: ../../../../../usr/local/lib/android/sdk/platforms/android-34-ext8/data/res/values-ro: Cannot change mode to rwxr-xr-x: Operation not permitted
build	Cache Android SDK	2026-06-06T12:23:00.1279366Z /usr/bin/tar: ../../../../../usr/local/lib/android/sdk/platforms/android-34-ext8/data/res/values-mcc310-mnc310-cs: Cannot utime: Operation not permitted
build	Cache Android SDK	2026-06-06T12:23:00.1280338Z /usr/bin/tar: ../../../../../usr/local/lib/android/sdk/platforms/android-34-ext8/data/res/values-mcc310-mnc310-cs: Cannot change mode to rwxr-xr-x: Operation not permitted
build	Cache Android SDK	2026-06-06T12:23:00.1283445Z /usr/bin/tar: ../../../../../usr/local/lib/android/sdk/platforms/android-34-ext8/data/res/values-mcc310-mnc210-bs: Cannot utime: Operation not permitted
build	Cache Android SDK	2026-06-06T12:23:00.1284398Z /usr/bin/tar: ../../../../../usr/local/lib/android/sdk/platforms/android-34-ext8/data/res/values-mcc310-mnc210-bs: Cannot change mode to rwxr-xr-x: Operation not permitted
build	Cache Android SDK	2026-06-06T12:23:00.1286428Z /usr/bin/tar: ../../../../../usr/local/lib/android/sdk/platforms/android-34-ext8/data/res/values-mcc310-mnc220-hr: Cannot utime: Operation not permitted
build	Cache Android SDK	2026-06-06T12:23:00.1287528Z /usr/bin/tar: ../../../../../usr/local/lib/android/sdk/platforms/android-34-ext8/data/res/values-mcc310-mnc220-hr: Cannot change mode to rwxr-xr-x: Operation not permitted
build	Cache Android SDK	2026-06-06T12:23:00.1289465Z /usr/bin/tar: ../../../../../usr/local/lib/android/sdk/platforms/android-34-ext8/data/res/values-mcc310-mnc560-hu: Cannot utime: Operation not permitted
build	Cache Android SDK	2026-06-06T12:23:00.1290504Z /usr/bin/tar: ../../../../../usr/local/lib/android/sdk/platforms/android-34-ext8/data/res/values-mcc310-mnc560-hu: Cannot change mode to rwxr-xr-x: Operation not permitted
build	Cache Android SDK	2026-06-06T12:23:00.1293139Z /usr/bin/tar: ../../../../../usr/local/lib/android/sdk/platforms/android-34-ext8/data/res/values-mcc313: Cannot utime: Operation not permitted
build	Cache Android SDK	2026-06-06T12:23:00.1294058Z /usr/bin/tar: ../../../../../usr/local/lib/android/sdk/platforms/android-34-ext8/data/res/values-mcc313: Cannot change mode to rwxr-xr-x: Operation not permitted
build	Cache Android SDK	2026-06-06T12:23:00.1300208Z /usr/bin/tar: ../../../../../usr/local/lib/android/sdk/platforms/android-34-ext8/data/res/values-mcc302-mnc720-uz: Cannot utime: Operation not permitted
build	Cache Android SDK	2026-06-06T12:23:00.1301160Z /usr/bin/tar: ../../../../../usr/local/lib/android/sdk/platforms/android-34-ext8/data/res/values-mcc302-mnc720-uz: Cannot change mode to rwxr-xr-x: Operation not permitted
build	Cache Android SDK	2026-06-06T12:23:00.1303243Z /usr/bin/tar: ../../../../../usr/local/lib/android/sdk/platforms/android-34-ext8/data/res/values-mcc334-mnc020-hi: Cannot utime: Operation not permitted
build	Cache Android SDK	2026-06-06T12:23:00.1304190Z /usr/bin/tar: ../../../../../usr/local/lib/android/sdk/platforms/android-34-ext8/data/res/values-mcc334-mnc020-hi: Cannot change mode to rwxr-xr-x: Operation not permitted
build	Cache Android SDK	2026-06-06T12:23:00.1306401Z /usr/bin/tar: ../../../../../usr/local/lib/android/sdk/platforms/android-34-ext8/data/res/values-mcc310-mnc410-ja: Cannot utime: Operation not permitted
build	Cache Android SDK	2026-06-06T12:23:00.1307467Z /usr/bin/tar: ../../../../../usr/local/lib/android/sdk/platforms/android-34-ext8/data/res/values-mcc310-mnc410-ja: Cannot change mode to rwxr-xr-x: Operation not permitted
build	Cache Android SDK	2026-06-06T12:23:00.1309834Z /usr/bin/tar: ../../../../../usr/local/lib/android/sdk/platforms/android-34-ext8/data/res/values-mcc310-mnc490-gl: Cannot utime: Operation not permitted
build	Cache Android SDK	2026-06-06T12:23:00.1310802Z /usr/bin/tar: ../../../../../usr/local/lib/android/sdk/platforms/android-34-ext8/data/res/values-mcc310-mnc490-gl: Cannot change mode to rwxr-xr-x: Operation not permitted
build	Cache Android SDK	2026-06-06T12:23:00.1313155Z /usr/bin/tar: ../../../../../usr/local/lib/android/sdk/platforms/android-34-ext8/data/res/values-mcc310-mnc310-de: Cannot utime: Operation not permitted
build	Cache Android SDK	2026-06-06T12:23:00.1314461Z /usr/bin/tar: ../../../../../usr/local/lib/android/sdk/platforms/android-34-ext8/data/res/values-mcc310-mnc310-de: Cannot change mode to rwxr-xr-x: Operation not permitted
build	Cache Android SDK	2026-06-06T12:23:00.1316020Z /usr/bin/tar: ../../../../../usr/local/lib/android/sdk/platforms/android-34-ext8/data/res/values-cs-television: Cannot utime: Operation not permitted
build	Cache Android SDK	2026-06-06T12:23:00.1316965Z /usr/bin/tar: ../../../../../usr/local/lib/android/sdk/platforms/android-34-ext8/data/res/values-cs-television: Cannot change mode to rwxr-xr-x: Operation not permitted
build	Cache Android SDK	2026-06-06T12:23:00.1319143Z /usr/bin/tar: ../../../../../usr/local/lib/android/sdk/platforms/android-34-ext8/data/res/values-mcc334-mnc03: Cannot utime: Operation not permitted
build	Cache Android SDK	2026-06-06T12:23:00.1320124Z /usr/bin/tar: ../../../../../usr/local/lib/android/sdk/platforms/android-34-ext8/data/res/values-mcc334-mnc03: Cannot change mode to rwxr-xr-x: Operation not permitted
build	Cache Android SDK	2026-06-06T12:23:00.1322272Z /usr/bin/tar: ../../../../../usr/local/lib/android/sdk/platforms/android-34-ext8/data/res/values-mcc312-mnc670-ne: Cannot utime: Operation not permitted
build	Cache Android SDK	2026-06-06T12:23:00.1325615Z /usr/bin/tar: ../../../../../usr/local/lib/android/sdk/platforms/android-34-ext8/data/res/values-mcc312-mnc670-ne: Cannot change mode to rwxr-xr-x: Operation not permitted
build	Cache Android SDK	2026-06-06T12:23:00.1326829Z /usr/bin/tar: ../../../../../usr/local/lib/android/sdk/platforms/android-34-ext8/data/res/values-mcc310-mnc230-en-rIN: Cannot utime: Operation not permitted
build	Cache Android SDK	2026-06-06T12:23:00.1328622Z /usr/bin/tar: ../../../../../usr/local/lib/android/sdk/platforms/android-34-ext8/data/res/values-mcc310-mnc230-en-rIN: Cannot change mode to rwxr-xr-x: Operation not permitted
build	Cache Android SDK	2026-06-06T12:23:00.1329679Z /usr/bin/tar: ../../../../../usr/local/lib/android/sdk/platforms/android-34-ext8/data/res/values-mcc310-mnc150-ne: Cannot utime: Operation not permitted
build	Cache Android SDK	2026-06-06T12:23:00.1331322Z /usr/bin/tar: ../../../../../usr/local/lib/android/sdk/platforms/android-34-ext8/data/res/values-mcc310-mnc150-ne: Cannot change mode to rwxr-xr-x: Operation not permitted
build	Cache Android SDK	2026-06-06T12:23:00.1332346Z /usr/bin/tar: ../../../../../usr/local/lib/android/sdk/platforms/android-34-ext8/data/res/values-mcc310-mnc200-ca: Cannot utime: Operation not permitted
build	Cache Android SDK	2026-06-06T12:23:00.1333310Z /usr/bin/tar: ../../../../../usr/local/lib/android/sdk/platforms/android-34-ext8/data/res/values-mcc310-mnc200-ca: Cannot change mode to rwxr-xr-x: Operation not permitted
build	Cache Android SDK	2026-06-06T12:23:00.1335404Z /usr/bin/tar: ../../../../../usr/local/lib/android/sdk/platforms/android-34-ext8/data/res/values-mcc310-mnc030-km: Cannot utime: Operation not permitted
build	Cache Android SDK	2026-06-06T12:23:00.1336368Z /usr/bin/tar: ../../../../../usr/local/lib/android/sdk/platforms/android-34-ext8/data/res/values-mcc310-mnc030-km: Cannot change mode to rwxr-xr-x: Operation not permitted
build	Cache Android SDK	2026-06-06T12:23:00.1339131Z /usr/bin/tar: ../../../../../usr/local/lib/android/sdk/platforms/android-34-ext8/data/res/values-mcc313-mnc100-pa: Cannot utime: Operation not permitted
build	Cache Android SDK	2026-06-06T12:23:00.1340105Z /usr/bin/tar: ../../../../../usr/local/lib/android/sdk/platforms/android-34-ext8/data/res/values-mcc313-mnc100-pa: Cannot change mode to rwxr-xr-x: Operation not permitted
build	Cache Android SDK	2026-06-06T12:23:00.1342116Z /usr/bin/tar: ../../../../../usr/local/lib/android/sdk/platforms/android-34-ext8/data/res/values-mcc310-mnc150-ru: Cannot utime: Operation not permitted
build	Cache Android SDK	2026-06-06T12:23:00.1343085Z /usr/bin/tar: ../../../../../usr/local/lib/android/sdk/platforms/android-34-ext8/data/res/values-mcc310-mnc150-ru: Cannot change mode to rwxr-xr-x: Operation not permitted
build	Cache Android SDK	2026-06-06T12:23:00.1346003Z /usr/bin/tar: ../../../../../usr/local/lib/android/sdk/platforms/android-34-ext8/data/res/values-mcc310-mnc560-eu: Cannot utime: Operation not permitted
build	Cache Android SDK	2026-06-06T12:23:00.1347022Z /usr/bin/tar: ../../../../../usr/local/lib/android/sdk/platforms/android-34-ext8/data/res/values-mcc310-mnc560-eu: Cannot change mode to rwxr-xr-x: Operation not permitted
build	Cache Android SDK	2026-06-06T12:23:00.1348997Z /usr/bin/tar: ../../../../../usr/local/lib/android/sdk/platforms/android-34-ext8/data/res/values-mcc310-mnc170-zh-rTW: Cannot utime: Operation not permitted
build	Cache Android SDK	2026-06-06T12:23:00.1350070Z /usr/bin/tar: ../../../../../usr/local/lib/android/sdk/platforms/android-34-ext8/data/res/values-mcc310-mnc170-zh-rTW: Cannot change mode to rwxr-xr-x: Operation not permitted
build	Cache Android SDK	2026-06-06T12:23:00.1352028Z /usr/bin/tar: ../../../../../usr/local/lib/android/sdk/platforms/android-34-ext8/data/res/values-lo-television: Cannot utime: Operation not permitted
build	Cache Android SDK	2026-06-06T12:23:00.1353003Z /usr/bin/tar: ../../../../../usr/local/lib/android/sdk/platforms/android-34-ext8/data/res/values-lo-television: Cannot change mode to rwxr-xr-x: Operation not permitted
build	Cache Android SDK	2026-06-06T12:23:00.1355543Z /usr/bin/tar: ../../../../../usr/local/lib/android/sdk/platforms/android-34-ext8/data/res/values-mcc311-mnc180-mr: Cannot utime: Operation not permitted
build	Cache Android SDK	2026-06-06T12:23:00.1356590Z /usr/bin/tar: ../../../../../usr/local/lib/android/sdk/platforms/android-34-ext8/data/res/values-mcc311-mnc180-mr: Cannot change mode to rwxr-xr-x: Operation not permitted
build	Cache Android SDK	2026-06-06T12:23:00.1359699Z /usr/bin/tar: ../../../../../usr/local/lib/android/sdk/platforms/android-34-ext8/data/res/values-mcc001-mnc01-ne: Cannot utime: Operation not permitted
build	Cache Android SDK	2026-06-06T12:23:00.1361557Z /usr/bin/tar: ../../../../../usr/local/lib/android/sdk/platforms/android-34-ext8/data/res/values-mcc001-mnc01-ne: Cannot change mode to rwxr-xr-x: Operation not permitted
build	Cache Android SDK	2026-06-06T12:23:00.1362773Z /usr/bin/tar: ../../../../../usr/local/lib/android/sdk/platforms/android-34-ext8/data/res/values-iw-watch: Cannot utime: Operation not permitted
build	Cache Android SDK	2026-06-06T12:23:00.1363691Z /usr/bin/tar: ../../../../../usr/local/lib/android/sdk/platforms/android-34-ext8/data/res/values-iw-watch: Cannot change mode to rwxr-xr-x: Operation not permitted
build	Cache Android SDK	2026-06-06T12:23:00.1365224Z /usr/bin/tar: ../../../../../usr/local/lib/android/sdk/platforms/android-34-ext8/data/res/values-mcc310-mnc560-it: Cannot utime: Operation not permitted
build	Cache Android SDK	2026-06-06T12:23:00.1366200Z /usr/bin/tar: ../../../../../usr/local/lib/android/sdk/platforms/android-34-ext8/data/res/values-mcc310-mnc560-it: Cannot change mode to rwxr-xr-x: Operation not permitted
build	Cache Android SDK	2026-06-06T12:23:00.1368665Z /usr/bin/tar: ../../../../../usr/local/lib/android/sdk/platforms/android-34-ext8/data/res/values-mcc313-mnc100-it: Cannot utime: Operation not permitted
build	Cache Android SDK	2026-06-06T12:23:00.1369792Z /usr/bin/tar: ../../../../../usr/local/lib/android/sdk/platforms/android-34-ext8/data/res/values-mcc313-mnc100-it: Cannot change mode to rwxr-xr-x: Operation not permitted
build	Cache Android SDK	2026-06-06T12:23:00.1371422Z /usr/bin/tar: ../../../../../usr/local/lib/android/sdk/platforms/android-34-ext8/data/res/values-mcc310-mnc270-pl: Cannot utime: Operation not permitted
build	Cache Android SDK	2026-06-06T12:23:00.1372414Z /usr/bin/tar: ../../../../../usr/local/lib/android/sdk/platforms/android-34-ext8/data/res/values-mcc310-mnc270-pl: Cannot change mode to rwxr-xr-x: Operation not permitted
build	Cache Android SDK	2026-06-06T12:23:00.1374412Z /usr/bin/tar: ../../../../../usr/local/lib/android/sdk/platforms/android-34-ext8/data/res/values-ca-watch: Cannot utime: Operation not permitted
build	Cache Android SDK	2026-06-06T12:23:00.1375319Z /usr/bin/tar: ../../../../../usr/local/lib/android/sdk/platforms/android-34-ext8/data/res/values-ca-watch: Cannot change mode to rwxr-xr-x: Operation not permitted
build	Cache Android SDK	2026-06-06T12:23:00.1378425Z /usr/bin/tar: ../../../../../usr/local/lib/android/sdk/platforms/android-34-ext8/data/res/values-mcc310-mnc380-ja: Cannot utime: Operation not permitted
build	Cache Android SDK	2026-06-06T12:23:00.1379531Z /usr/bin/tar: ../../../../../usr/local/lib/android/sdk/platforms/android-34-ext8/data/res/values-mcc310-mnc380-ja: Cannot change mode to rwxr-xr-x: Operation not permitted
build	Cache Android SDK	2026-06-06T12:23:00.1434414Z /usr/bin/tar: ../../../../../usr/local/lib/android/sdk/platforms/android-34-ext8/data/res/values: Cannot utime: Operation not permitted
build	Cache Android SDK	2026-06-06T12:23:00.1435335Z /usr/bin/tar: ../../../../../usr/local/lib/android/sdk/platforms/android-34-ext8/data/res/values: Cannot change mode to rwxr-xr-x: Operation not permitted
build	Cache Android SDK	2026-06-06T12:23:00.1437949Z /usr/bin/tar: ../../../../../usr/local/lib/android/sdk/platforms/android-34-ext8/data/res/raw-zh-rCN: Cannot utime: Operation not permitted
build	Cache Android SDK	2026-06-06T12:23:00.1438992Z /usr/bin/tar: ../../../../../usr/local/lib/android/sdk/platforms/android-34-ext8/data/res/raw-zh-rCN: Cannot change mode to rwxr-xr-x: Operation not permitted
build	Cache Android SDK	2026-06-06T12:23:00.1441251Z /usr/bin/tar: ../../../../../usr/local/lib/android/sdk/platforms/android-34-ext8/data/res/values-mcc310-mnc280-ro: Cannot utime: Operation not permitted
build	Cache Android SDK	2026-06-06T12:23:00.1442208Z /usr/bin/tar: ../../../../../usr/local/lib/android/sdk/platforms/android-34-ext8/data/res/values-mcc310-mnc280-ro: Cannot change mode to rwxr-xr-x: Operation not permitted
build	Cache Android SDK	2026-06-06T12:23:00.1444415Z /usr/bin/tar: ../../../../../usr/local/lib/android/sdk/platforms/android-34-ext8/data/res/values-mcc310-mnc250-en-rGB: Cannot utime: Operation not permitted
build	Cache Android SDK	2026-06-06T12:23:00.1445570Z /usr/bin/tar: ../../../../../usr/local/lib/android/sdk/platforms/android-34-ext8/data/res/values-mcc310-mnc250-en-rGB: Cannot change mode to rwxr-xr-x: Operation not permitted
build	Cache Android SDK	2026-06-06T12:23:00.1447958Z /usr/bin/tar: ../../../../../usr/local/lib/android/sdk/platforms/android-34-ext8/data/res/values-es-rCO: Cannot utime: Operation not permitted
build	Cache Android SDK	2026-06-06T12:23:00.1448922Z /usr/bin/tar: ../../../../../usr/local/lib/android/sdk/platforms/android-34-ext8/data/res/values-es-rCO: Cannot change mode to rwxr-xr-x: Operation not permitted
build	Cache Android SDK	2026-06-06T12:23:00.1451166Z /usr/bin/tar: ../../../../../usr/local/lib/android/sdk/platforms/android-34-ext8/data/res/values-mcc310-mnc170-uz: Cannot utime: Operation not permitted
build	Cache Android SDK	2026-06-06T12:23:00.1452104Z /usr/bin/tar: ../../../../../usr/local/lib/android/sdk/platforms/android-34-ext8/data/res/values-mcc310-mnc170-uz: Cannot change mode to rwxr-xr-x: Operation not permitted
build	Cache Android SDK	2026-06-06T12:23:00.1454204Z /usr/bin/tar: ../../../../../usr/local/lib/android/sdk/platforms/android-34-ext8/data/res/values-mcc310-mnc950-is: Cannot utime: Operation not permitted
build	Cache Android SDK	2026-06-06T12:23:00.1455144Z /usr/bin/tar: ../../../../../usr/local/lib/android/sdk/platforms/android-34-ext8/data/res/values-mcc310-mnc950-is: Cannot change mode to rwxr-xr-x: Operation not permitted
build	Cache Android SDK	2026-06-06T12:23:00.1459323Z /usr/bin/tar: ../../../../../usr/local/lib/android/sdk/platforms/android-34-ext8/data/res/values-pt-watch: Cannot utime: Operation not permitted
build	Cache Android SDK	2026-06-06T12:23:00.1460229Z /usr/bin/tar: ../../../../../usr/local/lib/android/sdk/platforms/android-34-ext8/data/res/values-pt-watch: Cannot change mode to rwxr-xr-x: Operation not permitted
build	Cache Android SDK	2026-06-06T12:23:00.1462273Z /usr/bin/tar: ../../../../../usr/local/lib/android/sdk/platforms/android-34-ext8/data/res/values-mcc313-mnc100-pl: Cannot utime: Operation not permitted
build	Cache Android SDK	2026-06-06T12:23:00.1463217Z /usr/bin/tar: ../../../../../usr/local/lib/android/sdk/platforms/android-34-ext8/data/res/values-mcc313-mnc100-pl: Cannot change mode to rwxr-xr-x: Operation not permitted
build	Cache Android SDK	2026-06-06T12:23:00.1465277Z /usr/bin/tar: ../../../../../usr/local/lib/android/sdk/platforms/android-34-ext8/data/res/values-mcc001-mnc01-vi: Cannot utime: Operation not permitted
build	Cache Android SDK	2026-06-06T12:23:00.1466216Z /usr/bin/tar: ../../../../../usr/local/lib/android/sdk/platforms/android-34-ext8/data/res/values-mcc001-mnc01-vi: Cannot change mode to rwxr-xr-x: Operation not permitted
build	Cache Android SDK	2026-06-06T12:23:00.1468811Z /usr/bin/tar: ../../../../../usr/local/lib/android/sdk/platforms/android-34-ext8/data/res/values-mcc313-mnc100-lv: Cannot utime: Operation not permitted
build	Cache Android SDK	2026-06-06T12:23:00.1469741Z /usr/bin/tar: ../../../../../usr/local/lib/android/sdk/platforms/android-34-ext8/data/res/values-mcc313-mnc100-lv: Cannot change mode to rwxr-xr-x: Operation not permitted
build	Cache Android SDK	2026-06-06T12:23:00.1471909Z /usr/bin/tar: ../../../../../usr/local/lib/android/sdk/platforms/android-34-ext8/data/res/values-mcc302-mnc720-gu: Cannot utime: Operation not permitted
build	Cache Android SDK	2026-06-06T12:23:00.1472857Z /usr/bin/tar: ../../../../../usr/local/lib/android/sdk/platforms/android-34-ext8/data/res/values-mcc302-mnc720-gu: Cannot change mode to rwxr-xr-x: Operation not permitted
build	Cache Android SDK	2026-06-06T12:23:00.1475100Z /usr/bin/tar: ../../../../../usr/local/lib/android/sdk/platforms/android-34-ext8/data/res/values-mcc302-mnc370-zh-rCN: Cannot utime: Operation not permitted
build	Cache Android SDK	2026-06-06T12:23:00.1476186Z /usr/bin/tar: ../../../../../usr/local/lib/android/sdk/platforms/android-34-ext8/data/res/values-mcc302-mnc370-zh-rCN: Cannot change mode to rwxr-xr-x: Operation not permitted
build	Cache Android SDK	2026-06-06T12:23:00.1478207Z /usr/bin/tar: ../../../../../usr/local/lib/android/sdk/platforms/android-34-ext8/data/res/values-th-watch: Cannot utime: Operation not permitted
build	Cache Android SDK	2026-06-06T12:23:00.1479119Z /usr/bin/tar: ../../../../../usr/local/lib/android/sdk/platforms/android-34-ext8/data/res/values-th-watch: Cannot change mode to rwxr-xr-x: Operation not permitted
build	Cache Android SDK	2026-06-06T12:23:00.1481350Z /usr/bin/tar: ../../../../../usr/local/lib/android/sdk/platforms/android-34-ext8/data/res/values-mcc310-mnc250-ta: Cannot utime: Operation not permitted
build	Cache Android SDK	2026-06-06T12:23:00.1482297Z /usr/bin/tar: ../../../../../usr/local/lib/android/sdk/platforms/android-34-ext8/data/res/values-mcc310-mnc250-ta: Cannot change mode to rwxr-xr-x: Operation not permitted
build	Cache Android SDK	2026-06-06T12:23:00.1484460Z /usr/bin/tar: ../../../../../usr/local/lib/android/sdk/platforms/android-34-ext8/data/res/values-mcc310-mnc560-mk: Cannot utime: Operation not permitted
build	Cache Android SDK	2026-06-06T12:23:00.1485401Z /usr/bin/tar: ../../../../../usr/local/lib/android/sdk/platforms/android-34-ext8/data/res/values-mcc310-mnc560-mk: Cannot change mode to rwxr-xr-x: Operation not permitted
build	Cache Android SDK	2026-06-06T12:23:00.1488027Z /usr/bin/tar: ../../../../../usr/local/lib/android/sdk/platforms/android-34-ext8/data/res/values-mcc466-mnc02: Cannot utime: Operation not permitted
build	Cache Android SDK	2026-06-06T12:23:00.1489078Z /usr/bin/tar: ../../../../../usr/local/lib/android/sdk/platforms/android-34-ext8/data/res/values-mcc466-mnc02: Cannot change mode to rwxr-xr-x: Operation not permitted
build	Cache Android SDK	2026-06-06T12:23:00.1490639Z /usr/bin/tar: ../../../../../usr/local/lib/android/sdk/platforms/android-34-ext8/data/res/values-mcc310-mnc030: Cannot utime: Operation not permitted
build	Cache Android SDK	2026-06-06T12:23:00.1491580Z /usr/bin/tar: ../../../../../usr/local/lib/android/sdk/platforms/android-34-ext8/data/res/values-mcc310-mnc030: Cannot change mode to rwxr-xr-x: Operation not permitted
build	Cache Android SDK	2026-06-06T12:23:00.1493566Z /usr/bin/tar: ../../../../../usr/local/lib/android/sdk/platforms/android-34-ext8/data/res/values-mcc310-mnc150-sq: Cannot utime: Operation not permitted
build	Cache Android SDK	2026-06-06T12:23:00.1494524Z /usr/bin/tar: ../../../../../usr/local/lib/android/sdk/platforms/android-34-ext8/data/res/values-mcc310-mnc150-sq: Cannot change mode to rwxr-xr-x: Operation not permitted
build	Cache Android SDK	2026-06-06T12:23:00.1496714Z /usr/bin/tar: ../../../../../usr/local/lib/android/sdk/platforms/android-34-ext8/data/res/values-mcc310-mnc220-uz: Cannot utime: Operation not permitted
build	Cache Android SDK	2026-06-06T12:23:00.1497757Z /usr/bin/tar: ../../../../../usr/local/lib/android/sdk/platforms/android-34-ext8/data/res/values-mcc310-mnc220-uz: Cannot change mode to rwxr-xr-x: Operation not permitted
build	Cache Android SDK	2026-06-06T12:23:00.1500705Z /usr/bin/tar: ../../../../../usr/local/lib/android/sdk/platforms/android-34-ext8/data/res/values-mcc310-mnc380-es-rUS: Cannot utime: Operation not permitted
build	Cache Android SDK	2026-06-06T12:23:00.1501695Z /usr/bin/tar: ../../../../../usr/local/lib/android/sdk/platforms/android-34-ext8/data/res/values-mcc310-mnc380-es-rUS: Cannot change mode to rwxr-xr-x: Operation not permitted
build	Cache Android SDK	2026-06-06T12:23:00.1504037Z /usr/bin/tar: ../../../../../usr/local/lib/android/sdk/platforms/android-34-ext8/data/res/values-hu-watch: Cannot utime: Operation not permitted
build	Cache Android SDK	2026-06-06T12:23:00.1504945Z /usr/bin/tar: ../../../../../usr/local/lib/android/sdk/platforms/android-34-ext8/data/res/values-hu-watch: Cannot change mode to rwxr-xr-x: Operation not permitted
build	Cache Android SDK	2026-06-06T12:23:00.1507921Z /usr/bin/tar: ../../../../../usr/local/lib/android/sdk/platforms/android-34-ext8/data/res/values-mcc311-mnc180-et: Cannot utime: Operation not permitted
build	Cache Android SDK	2026-06-06T12:23:00.1508886Z /usr/bin/tar: ../../../../../usr/local/lib/android/sdk/platforms/android-34-ext8/data/res/values-mcc311-mnc180-et: Cannot change mode to rwxr-xr-x: Operation not permitted
build	Cache Android SDK	2026-06-06T12:23:00.1511118Z /usr/bin/tar: ../../../../../usr/local/lib/android/sdk/platforms/android-34-ext8/data/res/values-mcc310-mnc800-my: Cannot utime: Operation not permitted
build	Cache Android SDK	2026-06-06T12:23:00.1512074Z /usr/bin/tar: ../../../../../usr/local/lib/android/sdk/platforms/android-34-ext8/data/res/values-mcc310-mnc800-my: Cannot change mode to rwxr-xr-x: Operation not permitted
build	Cache Android SDK	2026-06-06T12:23:00.1514151Z /usr/bin/tar: ../../../../../usr/local/lib/android/sdk/platforms/android-34-ext8/data/res/values-mcc310-mnc150-pl: Cannot utime: Operation not permitted
build	Cache Android SDK	2026-06-06T12:23:00.1515102Z /usr/bin/tar: ../../../../../usr/local/lib/android/sdk/platforms/android-34-ext8/data/res/values-mcc310-mnc150-pl: Cannot change mode to rwxr-xr-x: Operation not permitted
build	Cache Android SDK	2026-06-06T12:23:00.1517073Z /usr/bin/tar: ../../../../../usr/local/lib/android/sdk/platforms/android-34-ext8/data/res/values-mcc302-mnc370-ja: Cannot utime: Operation not permitted
build	Cache Android SDK	2026-06-06T12:23:00.1518119Z /usr/bin/tar: ../../../../../usr/local/lib/android/sdk/platforms/android-34-ext8/data/res/values-mcc302-mnc370-ja: Cannot change mode to rwxr-xr-x: Operation not permitted
build	Cache Android SDK	2026-06-06T12:23:00.1520044Z /usr/bin/tar: ../../../../../usr/local/lib/android/sdk/platforms/android-34-ext8/data/res/values-mcc302-mnc370-my: Cannot utime: Operation not permitted
build	Cache Android SDK	2026-06-06T12:23:00.1520985Z /usr/bin/tar: ../../../../../usr/local/lib/android/sdk/platforms/android-34-ext8/data/res/values-mcc302-mnc370-my: Cannot change mode to rwxr-xr-x: Operation not permitted
build	Cache Android SDK	2026-06-06T12:23:00.1527814Z /usr/bin/tar: ../../../../../usr/local/lib/android/sdk/platforms/android-34-ext8/data/res/drawable-sw600dp-xhdpi: Cannot utime: Operation not permitted
build	Cache Android SDK	2026-06-06T12:23:00.1529824Z /usr/bin/tar: ../../../../../usr/local/lib/android/sdk/platforms/android-34-ext8/data/res/drawable-sw600dp-xhdpi: Cannot change mode to rwxr-xr-x: Operation not permitted
build	Cache Android SDK	2026-06-06T12:23:00.1530805Z /usr/bin/tar: ../../../../../usr/local/lib/android/sdk/platforms/android-34-ext8/data/res/values-mcc510-mnc89: Cannot utime: Operation not permitted
build	Cache Android SDK	2026-06-06T12:23:00.1531944Z /usr/bin/tar: ../../../../../usr/local/lib/android/sdk/platforms/android-34-ext8/data/res/values-mcc510-mnc89: Cannot change mode to rwxr-xr-x: Operation not permitted
build	Cache Android SDK	2026-06-06T12:23:00.1533460Z /usr/bin/tar: ../../../../../usr/local/lib/android/sdk/platforms/android-34-ext8/data/res/values-mcc313-mnc100-gl: Cannot utime: Operation not permitted
build	Cache Android SDK	2026-06-06T12:23:00.1534412Z /usr/bin/tar: ../../../../../usr/local/lib/android/sdk/platforms/android-34-ext8/data/res/values-mcc313-mnc100-gl: Cannot change mode to rwxr-xr-x: Operation not permitted
build	Cache Android SDK	2026-06-06T12:23:00.1536901Z /usr/bin/tar: ../../../../../usr/local/lib/android/sdk/platforms/android-34-ext8/data/res/values-mcc310-mnc490-da: Cannot utime: Operation not permitted
build	Cache Android SDK	2026-06-06T12:23:00.1538212Z /usr/bin/tar: ../../../../../usr/local/lib/android/sdk/platforms/android-34-ext8/data/res/values-mcc310-mnc490-da: Cannot change mode to rwxr-xr-x: Operation not permitted
build	Cache Android SDK	2026-06-06T12:23:00.1539842Z /usr/bin/tar: ../../../../../usr/local/lib/android/sdk/platforms/android-34-ext8/data/res/values-mcc310-mnc240-uz: Cannot utime: Operation not permitted
build	Cache Android SDK	2026-06-06T12:23:00.1541016Z /usr/bin/tar: ../../../../../usr/local/lib/android/sdk/platforms/android-34-ext8/data/res/values-mcc310-mnc240-uz: Cannot change mode to rwxr-xr-x: Operation not permitted
build	Cache Android SDK	2026-06-06T12:23:00.1543091Z /usr/bin/tar: ../../../../../usr/local/lib/android/sdk/platforms/android-34-ext8/data/res/values-mcc310-mnc170-ky: Cannot utime: Operation not permitted
build	Cache Android SDK	2026-06-06T12:23:00.1544366Z /usr/bin/tar: ../../../../../usr/local/lib/android/sdk/platforms/android-34-ext8/data/res/values-mcc310-mnc170-ky: Cannot change mode to rwxr-xr-x: Operation not permitted
build	Cache Android SDK	2026-06-06T12:23:00.1546464Z /usr/bin/tar: ../../../../../usr/local/lib/android/sdk/platforms/android-34-ext8/data/res/values-mcc310-mnc950-az: Cannot utime: Operation not permitted
build	Cache Android SDK	2026-06-06T12:23:00.1547711Z /usr/bin/tar: ../../../../../usr/local/lib/android/sdk/platforms/android-34-ext8/data/res/values-mcc310-mnc950-az: Cannot change mode to rwxr-xr-x: Operation not permitted
build	Cache Android SDK	2026-06-06T12:23:00.1549661Z /usr/bin/tar: ../../../../../usr/local/lib/android/sdk/platforms/android-34-ext8/data/res/values-mcc310-mnc220-zh-rTW: Cannot utime: Operation not permitted
build	Cache Android SDK	2026-06-06T12:23:00.1550663Z /usr/bin/tar: ../../../../../usr/local/lib/android/sdk/platforms/android-34-ext8/data/res/values-mcc310-mnc220-zh-rTW: Cannot change mode to rwxr-xr-x: Operation not permitted
build	Cache Android SDK	2026-06-06T12:23:00.1553119Z /usr/bin/tar: ../../../../../usr/local/lib/android/sdk/platforms/android-34-ext8/data/res/values-mcc310-mnc150-ky: Cannot utime: Operation not permitted
build	Cache Android SDK	2026-06-06T12:23:00.1554227Z /usr/bin/tar: ../../../../../usr/local/lib/android/sdk/platforms/android-34-ext8/data/res/values-mcc310-mnc150-ky: Cannot change mode to rwxr-xr-x: Operation not permitted
build	Cache Android SDK	2026-06-06T12:23:00.1556099Z /usr/bin/tar: ../../../../../usr/local/lib/android/sdk/platforms/android-34-ext8/data/res/values-mcc310-mnc950-hi: Cannot utime: Operation not permitted
build	Cache Android SDK	2026-06-06T12:23:00.1557129Z /usr/bin/tar: ../../../../../usr/local/lib/android/sdk/platforms/android-34-ext8/data/res/values-mcc310-mnc950-hi: Cannot change mode to rwxr-xr-x: Operation not permitted
build	Cache Android SDK	2026-06-06T12:23:00.1559597Z /usr/bin/tar: ../../../../../usr/local/lib/android/sdk/platforms/android-34-ext8/data/res/values-mcc310-mnc250-th: Cannot utime: Operation not permitted
build	Cache Android SDK	2026-06-06T12:23:00.1560557Z /usr/bin/tar: ../../../../../usr/local/lib/android/sdk/platforms/android-34-ext8/data/res/values-mcc310-mnc250-th: Cannot change mode to rwxr-xr-x: Operation not permitted
build	Cache Android SDK	2026-06-06T12:23:00.1563796Z /usr/bin/tar: ../../../../../usr/local/lib/android/sdk/platforms/android-34-ext8/data/res/values-round-watch: Cannot utime: Operation not permitted
build	Cache Android SDK	2026-06-06T12:23:00.1564743Z /usr/bin/tar: ../../../../../usr/local/lib/android/sdk/platforms/android-34-ext8/data/res/values-round-watch: Cannot change mode to rwxr-xr-x: Operation not permitted
build	Cache Android SDK	2026-06-06T12:23:00.1566843Z /usr/bin/tar: ../../../../../usr/local/lib/android/sdk/platforms/android-34-ext8/data/res/values-mcc310-mnc160-te: Cannot utime: Operation not permitted
build	Cache Android SDK	2026-06-06T12:23:00.1568042Z /usr/bin/tar: ../../../../../usr/local/lib/android/sdk/platforms/android-34-ext8/data/res/values-mcc310-mnc160-te: Cannot change mode to rwxr-xr-x: Operation not permitted
build	Cache Android SDK	2026-06-06T12:23:00.1570912Z /usr/bin/tar: ../../../../../usr/local/lib/android/sdk/platforms/android-34-ext8/data/res/color-watch: Cannot utime: Operation not permitted
build	Cache Android SDK	2026-06-06T12:23:00.1571803Z /usr/bin/tar: ../../../../../usr/local/lib/android/sdk/platforms/android-34-ext8/data/res/color-watch: Cannot change mode to rwxr-xr-x: Operation not permitted
build	Cache Android SDK	2026-06-06T12:23:00.1574042Z /usr/bin/tar: ../../../../../usr/local/lib/android/sdk/platforms/android-34-ext8/data/res/values-mcc310-mnc950-mr: Cannot utime: Operation not permitted
build	Cache Android SDK	2026-06-06T12:23:00.1575006Z /usr/bin/tar: ../../../../../usr/local/lib/android/sdk/platforms/android-34-ext8/data/res/values-mcc310-mnc950-mr: Cannot change mode to rwxr-xr-x: Operation not permitted
build	Cache Android SDK	2026-06-06T12:23:00.1577658Z /usr/bin/tar: ../../../../../usr/local/lib/android/sdk/platforms/android-34-ext8/data/res/values-mcc312-mnc670-is: Cannot utime: Operation not permitted
build	Cache Android SDK	2026-06-06T12:23:00.1578616Z /usr/bin/tar: ../../../../../usr/local/lib/android/sdk/platforms/android-34-ext8/data/res/values-mcc312-mnc670-is: Cannot change mode to rwxr-xr-x: Operation not permitted
build	Cache Android SDK	2026-06-06T12:23:00.1580620Z /usr/bin/tar: ../../../../../usr/local/lib/android/sdk/platforms/android-34-ext8/data/res/values-mcc310-mnc030-it: Cannot utime: Operation not permitted
build	Cache Android SDK	2026-06-06T12:23:00.1581573Z /usr/bin/tar: ../../../../../usr/local/lib/android/sdk/platforms/android-34-ext8/data/res/values-mcc310-mnc030-it: Cannot change mode to rwxr-xr-x: Operation not permitted
build	Cache Android SDK	2026-06-06T12:23:00.1584386Z /usr/bin/tar: ../../../../../usr/local/lib/android/sdk/platforms/android-34-ext8/data/res/values-mcc313-mnc100-ky: Cannot utime: Operation not permitted
build	Cache Android SDK	2026-06-06T12:23:00.1585542Z /usr/bin/tar: ../../../../../usr/local/lib/android/sdk/platforms/android-34-ext8/data/res/values-mcc313-mnc100-ky: Cannot change mode to rwxr-xr-x: Operation not permitted
build	Cache Android SDK	2026-06-06T12:23:00.1587230Z /usr/bin/tar: ../../../../../usr/local/lib/android/sdk/platforms/android-34-ext8/data/res/values-mcc311-mnc180-en-rAU: Cannot utime: Operation not permitted
build	Cache Android SDK	2026-06-06T12:23:00.1588399Z /usr/bin/tar: ../../../../../usr/local/lib/android/sdk/platforms/android-34-ext8/data/res/values-mcc311-mnc180-en-rAU: Cannot change mode to rwxr-xr-x: Operation not permitted
build	Cache Android SDK	2026-06-06T12:23:00.1590989Z /usr/bin/tar: ../../../../../usr/local/lib/android/sdk/platforms/android-34-ext8/data/res/values-mcc310-mnc490-sr: Cannot utime: Operation not permitted
build	Cache Android SDK	2026-06-06T12:23:00.1592035Z /usr/bin/tar: ../../../../../usr/local/lib/android/sdk/platforms/android-34-ext8/data/res/values-mcc310-mnc490-sr: Cannot change mode to rwxr-xr-x: Operation not permitted
build	Cache Android SDK	2026-06-06T12:23:00.1593891Z /usr/bin/tar: ../../../../../usr/local/lib/android/sdk/platforms/android-34-ext8/data/res/values-mcc310-mnc560-uz: Cannot utime: Operation not permitted
build	Cache Android SDK	2026-06-06T12:23:00.1594927Z /usr/bin/tar: ../../../../../usr/local/lib/android/sdk/platforms/android-34-ext8/data/res/values-mcc310-mnc560-uz: Cannot change mode to rwxr-xr-x: Operation not permitted
build	Cache Android SDK	2026-06-06T12:23:00.1597509Z /usr/bin/tar: ../../../../../usr/local/lib/android/sdk/platforms/android-34-ext8/data/res/values-mcc310-mnc490-sw: Cannot utime: Operation not permitted
build	Cache Android SDK	2026-06-06T12:23:00.1598523Z /usr/bin/tar: ../../../../../usr/local/lib/android/sdk/platforms/android-34-ext8/data/res/values-mcc310-mnc490-sw: Cannot change mode to rwxr-xr-x: Operation not permitted
build	Cache Android SDK	2026-06-06T12:23:00.1600641Z /usr/bin/tar: ../../../../../usr/local/lib/android/sdk/platforms/android-34-ext8/data/res/values-mcc302-mnc370-is: Cannot utime: Operation not permitted
build	Cache Android SDK	2026-06-06T12:23:00.1601593Z /usr/bin/tar: ../../../../../usr/local/lib/android/sdk/platforms/android-34-ext8/data/res/values-mcc302-mnc370-is: Cannot change mode to rwxr-xr-x: Operation not permitted
build	Cache Android SDK	2026-06-06T12:23:00.1603893Z /usr/bin/tar: ../../../../../usr/local/lib/android/sdk/platforms/android-34-ext8/data/res/values-mcc302-mnc610: Cannot utime: Operation not permitted
build	Cache Android SDK	2026-06-06T12:23:00.1604841Z /usr/bin/tar: ../../../../../usr/local/lib/android/sdk/platforms/android-34-ext8/data/res/values-mcc302-mnc610: Cannot change mode to rwxr-xr-x: Operation not permitted
build	Cache Android SDK	2026-06-06T12:23:00.1607521Z /usr/bin/tar: ../../../../../usr/local/lib/android/sdk/platforms/android-34-ext8/data/res/values-mcc310-mnc800-el: Cannot utime: Operation not permitted
build	Cache Android SDK	2026-06-06T12:23:00.1608667Z /usr/bin/tar: ../../../../../usr/local/lib/android/sdk/platforms/android-34-ext8/data/res/values-mcc310-mnc800-el: Cannot change mode to rwxr-xr-x: Operation not permitted
build	Cache Android SDK	2026-06-06T12:23:00.1610368Z /usr/bin/tar: ../../../../../usr/local/lib/android/sdk/platforms/android-34-ext8/data/res/values-mcc302-mnc720-gl: Cannot utime: Operation not permitted
build	Cache Android SDK	2026-06-06T12:23:00.1611322Z /usr/bin/tar: ../../../../../usr/local/lib/android/sdk/platforms/android-34-ext8/data/res/values-mcc302-mnc720-gl: Cannot change mode to rwxr-xr-x: Operation not permitted
build	Cache Android SDK	2026-06-06T12:23:00.1613819Z /usr/bin/tar: ../../../../../usr/local/lib/android/sdk/platforms/android-34-ext8/data/res/values-nl-television: Cannot utime: Operation not permitted
build	Cache Android SDK	2026-06-06T12:23:00.1614776Z /usr/bin/tar: ../../../../../usr/local/lib/android/sdk/platforms/android-34-ext8/data/res/values-nl-television: Cannot change mode to rwxr-xr-x: Operation not permitted
build	Cache Android SDK	2026-06-06T12:23:00.1616701Z /usr/bin/tar: ../../../../../usr/local/lib/android/sdk/platforms/android-34-ext8/data/res/values-mcc334-mnc020-mk: Cannot utime: Operation not permitted
build	Cache Android SDK	2026-06-06T12:23:00.1617979Z /usr/bin/tar: ../../../../../usr/local/lib/android/sdk/platforms/android-34-ext8/data/res/values-mcc334-mnc020-mk: Cannot change mode to rwxr-xr-x: Operation not permitted
build	Cache Android SDK	2026-06-06T12:23:00.1619642Z /usr/bin/tar: ../../../../../usr/local/lib/android/sdk/platforms/android-34-ext8/data/res/values-mcc310-mnc950-de: Cannot utime: Operation not permitted
build	Cache Android SDK	2026-06-06T12:23:00.1620672Z /usr/bin/tar: ../../../../../usr/local/lib/android/sdk/platforms/android-34-ext8/data/res/values-mcc310-mnc950-de: Cannot change mode to rwxr-xr-x: Operation not permitted
build	Cache Android SDK	2026-06-06T12:23:00.1623483Z /usr/bin/tar: ../../../../../usr/local/lib/android/sdk/platforms/android-34-ext8/data/res/values-mcc310-mnc270-lt: Cannot utime: Operation not permitted
build	Cache Android SDK	2026-06-06T12:23:00.1624489Z /usr/bin/tar: ../../../../../usr/local/lib/android/sdk/platforms/android-34-ext8/data/res/values-mcc310-mnc270-lt: Cannot change mode to rwxr-xr-x: Operation not permitted
build	Cache Android SDK	2026-06-06T12:23:00.1628718Z /usr/bin/tar: ../../../../../usr/local/lib/android/sdk/platforms/android-34-ext8/data/res/values-mcc310-mnc410-sk: Cannot utime: Operation not permitted
build	Cache Android SDK	2026-06-06T12:23:00.1629681Z /usr/bin/tar: ../../../../../usr/local/lib/android/sdk/platforms/android-34-ext8/data/res/values-mcc310-mnc410-sk: Cannot change mode to rwxr-xr-x: Operation not permitted
build	Cache Android SDK	2026-06-06T12:23:00.1632185Z /usr/bin/tar: ../../../../../usr/local/lib/android/sdk/platforms/android-34-ext8/data/res/values-mcc001-mnc01-sq: Cannot utime: Operation not permitted
build	Cache Android SDK	2026-06-06T12:23:00.1633134Z /usr/bin/tar: ../../../../../usr/local/lib/android/sdk/platforms/android-34-ext8/data/res/values-mcc001-mnc01-sq: Cannot change mode to rwxr-xr-x: Operation not permitted
build	Cache Android SDK	2026-06-06T12:23:00.1635122Z /usr/bin/tar: ../../../../../usr/local/lib/android/sdk/platforms/android-34-ext8/data/res/values-mcc310-mnc230-sl: Cannot utime: Operation not permitted
build	Cache Android SDK	2026-06-06T12:23:00.1636195Z /usr/bin/tar: ../../../../../usr/local/lib/android/sdk/platforms/android-34-ext8/data/res/values-mcc310-mnc230-sl: Cannot change mode to rwxr-xr-x: Operation not permitted
build	Cache Android SDK	2026-06-06T12:23:00.1638319Z /usr/bin/tar: ../../../../../usr/local/lib/android/sdk/platforms/android-34-ext8/data/res/values-mcc310-mnc240-en-rIN: Cannot utime: Operation not permitted
build	Cache Android SDK	2026-06-06T12:23:00.1639333Z /usr/bin/tar: ../../../../../usr/local/lib/android/sdk/platforms/android-34-ext8/data/res/values-mcc310-mnc240-en-rIN: Cannot change mode to rwxr-xr-x: Operation not permitted
build	Cache Android SDK	2026-06-06T12:23:00.1641306Z /usr/bin/tar: ../../../../../usr/local/lib/android/sdk/platforms/android-34-ext8/data/res/values-mcc310-mnc560-my: Cannot utime: Operation not permitted
build	Cache Android SDK	2026-06-06T12:23:00.1642252Z /usr/bin/tar: ../../../../../usr/local/lib/android/sdk/platforms/android-34-ext8/data/res/values-mcc310-mnc560-my: Cannot change mode to rwxr-xr-x: Operation not permitted
build	Cache Android SDK	2026-06-06T12:23:00.1644348Z /usr/bin/tar: ../../../../../usr/local/lib/android/sdk/platforms/android-34-ext8/data/res/values-mcc001-mnc01-ca: Cannot utime: Operation not permitted
build	Cache Android SDK	2026-06-06T12:23:00.1645295Z /usr/bin/tar: ../../../../../usr/local/lib/android/sdk/platforms/android-34-ext8/data/res/values-mcc001-mnc01-ca: Cannot change mode to rwxr-xr-x: Operation not permitted
build	Cache Android SDK	2026-06-06T12:23:00.1647571Z /usr/bin/tar: ../../../../../usr/local/lib/android/sdk/platforms/android-34-ext8/data/res/values-mcc310-mnc220-be: Cannot utime: Operation not permitted
build	Cache Android SDK	2026-06-06T12:23:00.1648527Z /usr/bin/tar: ../../../../../usr/local/lib/android/sdk/platforms/android-34-ext8/data/res/values-mcc310-mnc220-be: Cannot change mode to rwxr-xr-x: Operation not permitted
build	Cache Android SDK	2026-06-06T12:23:00.1650630Z /usr/bin/tar: ../../../../../usr/local/lib/android/sdk/platforms/android-34-ext8/data/res/values-mcc334-mnc020-fi: Cannot utime: Operation not permitted
build	Cache Android SDK	2026-06-06T12:23:00.1651585Z /usr/bin/tar: ../../../../../usr/local/lib/android/sdk/platforms/android-34-ext8/data/res/values-mcc334-mnc020-fi: Cannot change mode to rwxr-xr-x: Operation not permitted
build	Cache Android SDK	2026-06-06T12:23:00.1653975Z /usr/bin/tar: ../../../../../usr/local/lib/android/sdk/platforms/android-34-ext8/data/res/values-mcc302-mnc370-kk: Cannot utime: Operation not permitted
build	Cache Android SDK	2026-06-06T12:23:00.1654921Z /usr/bin/tar: ../../../../../usr/local/lib/android/sdk/platforms/android-34-ext8/data/res/values-mcc302-mnc370-kk: Cannot change mode to rwxr-xr-x: Operation not permitted
build	Cache Android SDK	2026-06-06T12:23:00.1658898Z /usr/bin/tar: ../../../../../usr/local/lib/android/sdk/platforms/android-34-ext8/data/res/values-mcc311-mnc180-kk: Cannot utime: Operation not permitted
build	Cache Android SDK	2026-06-06T12:23:00.1659843Z /usr/bin/tar: ../../../../../usr/local/lib/android/sdk/platforms/android-34-ext8/data/res/values-mcc311-mnc180-kk: Cannot change mode to rwxr-xr-x: Operation not permitted
build	Cache Android SDK	2026-06-06T12:23:00.1662188Z /usr/bin/tar: ../../../../../usr/local/lib/android/sdk/platforms/android-34-ext8/data/res/values-pt-rPT-television: Cannot utime: Operation not permitted
build	Cache Android SDK	2026-06-06T12:23:00.1663187Z /usr/bin/tar: ../../../../../usr/local/lib/android/sdk/platforms/android-34-ext8/data/res/values-pt-rPT-television: Cannot change mode to rwxr-xr-x: Operation not permitted
build	Cache Android SDK	2026-06-06T12:23:00.1666274Z /usr/bin/tar: ../../../../../usr/local/lib/android/sdk/platforms/android-34-ext8/data/res/values-mcc302-mnc720-ur: Cannot utime: Operation not permitted
build	Cache Android SDK	2026-06-06T12:23:00.1667227Z /usr/bin/tar: ../../../../../usr/local/lib/android/sdk/platforms/android-34-ext8/data/res/values-mcc302-mnc720-ur: Cannot change mode to rwxr-xr-x: Operation not permitted
build	Cache Android SDK	2026-06-06T12:23:00.1974663Z /usr/bin/tar: ../../../../../usr/local/lib/android/sdk/platforms/android-34-ext8/data/res/drawable-xxhdpi: Cannot utime: Operation not permitted
build	Cache Android SDK	2026-06-06T12:23:00.1975646Z /usr/bin/tar: ../../../../../usr/local/lib/android/sdk/platforms/android-34-ext8/data/res/drawable-xxhdpi: Cannot change mode to rwxr-xr-x: Operation not permitted
build	Cache Android SDK	2026-06-06T12:23:00.1977984Z /usr/bin/tar: ../../../../../usr/local/lib/android/sdk/platforms/android-34-ext8/data/res/values-mcc310-mnc380-th: Cannot utime: Operation not permitted
build	Cache Android SDK	2026-06-06T12:23:00.1978940Z /usr/bin/tar: ../../../../../usr/local/lib/android/sdk/platforms/android-34-ext8/data/res/values-mcc310-mnc380-th: Cannot change mode to rwxr-xr-x: Operation not permitted
build	Cache Android SDK	2026-06-06T12:23:00.1981205Z /usr/bin/tar: ../../../../../usr/local/lib/android/sdk/platforms/android-34-ext8/data/res/values-mcc310-mnc380-en-rXC: Cannot utime: Operation not permitted
build	Cache Android SDK	2026-06-06T12:23:00.1982193Z /usr/bin/tar: ../../../../../usr/local/lib/android/sdk/platforms/android-34-ext8/data/res/values-mcc310-mnc380-en-rXC: Cannot change mode to rwxr-xr-x: Operation not permitted
build	Cache Android SDK	2026-06-06T12:23:00.1984319Z /usr/bin/tar: ../../../../../usr/local/lib/android/sdk/platforms/android-34-ext8/data/res/values-mcc310-mnc410-es: Cannot utime: Operation not permitted
build	Cache Android SDK	2026-06-06T12:23:00.1985248Z /usr/bin/tar: ../../../../../usr/local/lib/android/sdk/platforms/android-34-ext8/data/res/values-mcc310-mnc410-es: Cannot change mode to rwxr-xr-x: Operation not permitted
build	Cache Android SDK	2026-06-06T12:23:00.1987297Z /usr/bin/tar: ../../../../../usr/local/lib/android/sdk/platforms/android-34-ext8/data/res/values-mcc310-mnc660-pt-rBR: Cannot utime: Operation not permitted
build	Cache Android SDK	2026-06-06T12:23:00.1988368Z /usr/bin/tar: ../../../../../usr/local/lib/android/sdk/platforms/android-34-ext8/data/res/values-mcc310-mnc660-pt-rBR: Cannot change mode to rwxr-xr-x: Operation not permitted
build	Cache Android SDK	2026-06-06T12:23:00.1990589Z /usr/bin/tar: ../../../../../usr/local/lib/android/sdk/platforms/android-34-ext8/data/res/values-mcc310-mnc250-ka: Cannot utime: Operation not permitted
build	Cache Android SDK	2026-06-06T12:23:00.1991539Z /usr/bin/tar: ../../../../../usr/local/lib/android/sdk/platforms/android-34-ext8/data/res/values-mcc310-mnc250-ka: Cannot change mode to rwxr-xr-x: Operation not permitted
build	Cache Android SDK	2026-06-06T12:23:00.1994396Z /usr/bin/tar: ../../../../../usr/local/lib/android/sdk/platforms/android-34-ext8/data/res/values-mcc310-mnc800-lt: Cannot utime: Operation not permitted
build	Cache Android SDK	2026-06-06T12:23:00.1995418Z /usr/bin/tar: ../../../../../usr/local/lib/android/sdk/platforms/android-34-ext8/data/res/values-mcc310-mnc800-lt: Cannot change mode to rwxr-xr-x: Operation not permitted
build	Cache Android SDK	2026-06-06T12:23:00.1997960Z /usr/bin/tar: ../../../../../usr/local/lib/android/sdk/platforms/android-34-ext8/data/res/values-my-watch: Cannot utime: Operation not permitted
build	Cache Android SDK	2026-06-06T12:23:00.1998864Z /usr/bin/tar: ../../../../../usr/local/lib/android/sdk/platforms/android-34-ext8/data/res/values-my-watch: Cannot change mode to rwxr-xr-x: Operation not permitted
build	Cache Android SDK	2026-06-06T12:23:00.2001120Z /usr/bin/tar: ../../../../../usr/local/lib/android/sdk/platforms/android-34-ext8/data/res/values-mcc310-mnc950-sl: Cannot utime: Operation not permitted
build	Cache Android SDK	2026-06-06T12:23:00.2002052Z /usr/bin/tar: ../../../../../usr/local/lib/android/sdk/platforms/android-34-ext8/data/res/values-mcc310-mnc950-sl: Cannot change mode to rwxr-xr-x: Operation not permitted
build	Cache Android SDK	2026-06-06T12:23:00.2008229Z /usr/bin/tar: ../../../../../usr/local/lib/android/sdk/platforms/android-34-ext8/data/res/values-uz: Cannot utime: Operation not permitted
build	Cache Android SDK	2026-06-06T12:23:00.2009819Z /usr/bin/tar: ../../../../../usr/local/lib/android/sdk/platforms/android-34-ext8/data/res/values-uz: Cannot change mode to rwxr-xr-x: Operation not permitted
build	Cache Android SDK	2026-06-06T12:23:00.2011104Z /usr/bin/tar: ../../../../../usr/local/lib/android/sdk/platforms/android-34-ext8/data/res/values-mcc310-mnc380-mr: Cannot utime: Operation not permitted
build	Cache Android SDK	2026-06-06T12:23:00.2012232Z /usr/bin/tar: ../../../../../usr/local/lib/android/sdk/platforms/android-34-ext8/data/res/values-mcc310-mnc380-mr: Cannot change mode to rwxr-xr-x: Operation not permitted
build	Cache Android SDK	2026-06-06T12:23:00.2013920Z /usr/bin/tar: ../../../../../usr/local/lib/android/sdk/platforms/android-34-ext8/data/res/values-mcc310-mnc160-kk: Cannot utime: Operation not permitted
build	Cache Android SDK	2026-06-06T12:23:00.2014902Z /usr/bin/tar: ../../../../../usr/local/lib/android/sdk/platforms/android-34-ext8/data/res/values-mcc310-mnc160-kk: Cannot change mode to rwxr-xr-x: Operation not permitted
build	Cache Android SDK	2026-06-06T12:23:00.2017722Z /usr/bin/tar: ../../../../../usr/local/lib/android/sdk/platforms/android-34-ext8/data/res/values-mcc310-mnc240-is: Cannot utime: Operation not permitted
build	Cache Android SDK	2026-06-06T12:23:00.2019257Z /usr/bin/tar: ../../../../../usr/local/lib/android/sdk/platforms/android-34-ext8/data/res/values-mcc310-mnc240-is: Cannot change mode to rwxr-xr-x: Operation not permitted
build	Cache Android SDK	2026-06-06T12:23:00.2020876Z /usr/bin/tar: ../../../../../usr/local/lib/android/sdk/platforms/android-34-ext8/data/res/values-mcc313-mnc100: Cannot utime: Operation not permitted
build	Cache Android SDK	2026-06-06T12:23:00.2021837Z /usr/bin/tar: ../../../../../usr/local/lib/android/sdk/platforms/android-34-ext8/data/res/values-mcc313-mnc100: Cannot change mode to rwxr-xr-x: Operation not permitted
build	Cache Android SDK	2026-06-06T12:23:00.2024568Z /usr/bin/tar: ../../../../../usr/local/lib/android/sdk/platforms/android-34-ext8/data/res/values-mcc313-mnc100-mk: Cannot utime: Operation not permitted
build	Cache Android SDK	2026-06-06T12:23:00.2025547Z /usr/bin/tar: ../../../../../usr/local/lib/android/sdk/platforms/android-34-ext8/data/res/values-mcc313-mnc100-mk: Cannot change mode to rwxr-xr-x: Operation not permitted
build	Cache Android SDK	2026-06-06T12:23:00.2027979Z /usr/bin/tar: ../../../../../usr/local/lib/android/sdk/platforms/android-34-ext8/data/res/values-mcc310-mnc030-bg: Cannot utime: Operation not permitted
build	Cache Android SDK	2026-06-06T12:23:00.2028955Z /usr/bin/tar: ../../../../../usr/local/lib/android/sdk/platforms/android-34-ext8/data/res/values-mcc310-mnc030-bg: Cannot change mode to rwxr-xr-x: Operation not permitted
build	Cache Android SDK	2026-06-06T12:23:00.2031631Z /usr/bin/tar: ../../../../../usr/local/lib/android/sdk/platforms/android-34-ext8/data/res/values-hi-watch: Cannot utime: Operation not permitted
build	Cache Android SDK	2026-06-06T12:23:00.2032566Z /usr/bin/tar: ../../../../../usr/local/lib/android/sdk/platforms/android-34-ext8/data/res/values-hi-watch: Cannot change mode to rwxr-xr-x: Operation not permitted
build	Cache Android SDK	2026-06-06T12:23:00.2034860Z /usr/bin/tar: ../../../../../usr/local/lib/android/sdk/platforms/android-34-ext8/data/res/values-mcc310-mnc160-ru: Cannot utime: Operation not permitted
build	Cache Android SDK	2026-06-06T12:23:00.2035844Z /usr/bin/tar: ../../../../../usr/local/lib/android/sdk/platforms/android-34-ext8/data/res/values-mcc310-mnc160-ru: Cannot change mode to rwxr-xr-x: Operation not permitted
build	Cache Android SDK	2026-06-06T12:23:00.2038690Z /usr/bin/tar: ../../../../../usr/local/lib/android/sdk/platforms/android-34-ext8/data/res/values-mcc310-mnc240-km: Cannot utime: Operation not permitted
build	Cache Android SDK	2026-06-06T12:23:00.2039814Z /usr/bin/tar: ../../../../../usr/local/lib/android/sdk/platforms/android-34-ext8/data/res/values-mcc310-mnc240-km: Cannot change mode to rwxr-xr-x: Operation not permitted
build	Cache Android SDK	2026-06-06T12:23:00.2042790Z /usr/bin/tar: ../../../../../usr/local/lib/android/sdk/platforms/android-34-ext8/data/res/values-mcc310-mnc270-ro: Cannot utime: Operation not permitted
build	Cache Android SDK	2026-06-06T12:23:00.2043758Z /usr/bin/tar: ../../../../../usr/local/lib/android/sdk/platforms/android-34-ext8/data/res/values-mcc310-mnc270-ro: Cannot change mode to rwxr-xr-x: Operation not permitted
build	Cache Android SDK	2026-06-06T12:23:00.2046375Z /usr/bin/tar: ../../../../../usr/local/lib/android/sdk/platforms/android-34-ext8/data/res/values-ko-television: Cannot utime: Operation not permitted
build	Cache Android SDK	2026-06-06T12:23:00.2047582Z /usr/bin/tar: ../../../../../usr/local/lib/android/sdk/platforms/android-34-ext8/data/res/values-ko-television: Cannot change mode to rwxr-xr-x: Operation not permitted
build	Cache Android SDK	2026-06-06T12:23:00.2049935Z /usr/bin/tar: ../../../../../usr/local/lib/android/sdk/platforms/android-34-ext8/data/res/values-mcc310-mnc230-ja: Cannot utime: Operation not permitted
build	Cache Android SDK	2026-06-06T12:23:00.2050982Z /usr/bin/tar: ../../../../../usr/local/lib/android/sdk/platforms/android-34-ext8/data/res/values-mcc310-mnc230-ja: Cannot change mode to rwxr-xr-x: Operation not permitted
build	Cache Android SDK	2026-06-06T12:23:00.2053682Z /usr/bin/tar: ../../../../../usr/local/lib/android/sdk/platforms/android-34-ext8/data/res/values-mcc312-mnc670-kk: Cannot utime: Operation not permitted
build	Cache Android SDK	2026-06-06T12:23:00.2054638Z /usr/bin/tar: ../../../../../usr/local/lib/android/sdk/platforms/android-34-ext8/data/res/values-mcc312-mnc670-kk: Cannot change mode to rwxr-xr-x: Operation not permitted
build	Cache Android SDK	2026-06-06T12:23:00.2057083Z /usr/bin/tar: ../../../../../usr/local/lib/android/sdk/platforms/android-34-ext8/data/res/values-sw360dp: Cannot utime: Operation not permitted
build	Cache Android SDK	2026-06-06T12:23:00.2058172Z /usr/bin/tar: ../../../../../usr/local/lib/android/sdk/platforms/android-34-ext8/data/res/values-sw360dp: Cannot change mode to rwxr-xr-x: Operation not permitted
build	Cache Android SDK	2026-06-06T12:23:00.2060647Z /usr/bin/tar: ../../../../../usr/local/lib/android/sdk/platforms/android-34-ext8/data/res/values-mcc310-mnc150-sw: Cannot utime: Operation not permitted
build	Cache Android SDK	2026-06-06T12:23:00.2061600Z /usr/bin/tar: ../../../../../usr/local/lib/android/sdk/platforms/android-34-ext8/data/res/values-mcc310-mnc150-sw: Cannot change mode to rwxr-xr-x: Operation not permitted
build	Cache Android SDK	2026-06-06T12:23:00.2068915Z /usr/bin/tar: ../../../../../usr/local/lib/android/sdk/platforms/android-34-ext8/data/res/values-ar: Cannot utime: Operation not permitted
build	Cache Android SDK	2026-06-06T12:23:00.2069812Z /usr/bin/tar: ../../../../../usr/local/lib/android/sdk/platforms/android-34-ext8/data/res/values-ar: Cannot change mode to rwxr-xr-x: Operation not permitted
build	Cache Android SDK	2026-06-06T12:23:00.2071848Z /usr/bin/tar: ../../../../../usr/local/lib/android/sdk/platforms/android-34-ext8/data/res/values-mcc310-mnc660-en-rAU: Cannot utime: Operation not permitted
build	Cache Android SDK	2026-06-06T12:23:00.2072837Z /usr/bin/tar: ../../../../../usr/local/lib/android/sdk/platforms/android-34-ext8/data/res/values-mcc310-mnc660-en-rAU: Cannot change mode to rwxr-xr-x: Operation not permitted
build	Cache Android SDK	2026-06-06T12:23:00.2075364Z /usr/bin/tar: ../../../../../usr/local/lib/android/sdk/platforms/android-34-ext8/data/res/values-mcc310-mnc230-sw: Cannot utime: Operation not permitted
build	Cache Android SDK	2026-06-06T12:23:00.2076328Z /usr/bin/tar: ../../../../../usr/local/lib/android/sdk/platforms/android-34-ext8/data/res/values-mcc310-mnc230-sw: Cannot change mode to rwxr-xr-x: Operation not permitted
build	Cache Android SDK	2026-06-06T12:23:00.2078776Z /usr/bin/tar: ../../../../../usr/local/lib/android/sdk/platforms/android-34-ext8/data/res/values-mcc310-mnc280-ky: Cannot utime: Operation not permitted
build	Cache Android SDK	2026-06-06T12:23:00.2079739Z /usr/bin/tar: ../../../../../usr/local/lib/android/sdk/platforms/android-34-ext8/data/res/values-mcc310-mnc280-ky: Cannot change mode to rwxr-xr-x: Operation not permitted
build	Cache Android SDK	2026-06-06T12:23:00.2081953Z /usr/bin/tar: ../../../../../usr/local/lib/android/sdk/platforms/android-34-ext8/data/res/values-mcc310-mnc490-mk: Cannot utime: Operation not permitted
build	Cache Android SDK	2026-06-06T12:23:00.2083005Z /usr/bin/tar: ../../../../../usr/local/lib/android/sdk/platforms/android-34-ext8/data/res/values-mcc310-mnc490-mk: Cannot change mode to rwxr-xr-x: Operation not permitted
build	Cache Android SDK	2026-06-06T12:23:00.2085489Z /usr/bin/tar: ../../../../../usr/local/lib/android/sdk/platforms/android-34-ext8/data/res/values-mcc310-mnc200-fr: Cannot utime: Operation not permitted
build	Cache Android SDK	2026-06-06T12:23:00.2086440Z /usr/bin/tar: ../../../../../usr/local/lib/android/sdk/platforms/android-34-ext8/data/res/values-mcc310-mnc200-fr: Cannot change mode to rwxr-xr-x: Operation not permitted
build	Cache Android SDK	2026-06-06T12:23:00.2088649Z /usr/bin/tar: ../../../../../usr/local/lib/android/sdk/platforms/android-34-ext8/data/res/values-mcc310-mnc150-fi: Cannot utime: Operation not permitted
build	Cache Android SDK	2026-06-06T12:23:00.2089604Z /usr/bin/tar: ../../../../../usr/local/lib/android/sdk/platforms/android-34-ext8/data/res/values-mcc310-mnc150-fi: Cannot change mode to rwxr-xr-x: Operation not permitted
build	Cache Android SDK	2026-06-06T12:23:00.2092105Z /usr/bin/tar: ../../../../../usr/local/lib/android/sdk/platforms/android-34-ext8/data/res/values-mcc310-mnc560-kk: Cannot utime: Operation not permitted
build	Cache Android SDK	2026-06-06T12:23:00.2093066Z /usr/bin/tar: ../../../../../usr/local/lib/android/sdk/platforms/android-34-ext8/data/res/values-mcc310-mnc560-kk: Cannot change mode to rwxr-xr-x: Operation not permitted
build	Cache Android SDK	2026-06-06T12:23:00.2095001Z /usr/bin/tar: ../../../../../usr/local/lib/android/sdk/platforms/android-34-ext8/data/res/values-mcc310-mnc220-nl: Cannot utime: Operation not permitted
build	Cache Android SDK	2026-06-06T12:23:00.2096040Z /usr/bin/tar: ../../../../../usr/local/lib/android/sdk/platforms/android-34-ext8/data/res/values-mcc310-mnc220-nl: Cannot change mode to rwxr-xr-x: Operation not permitted
build	Cache Android SDK	2026-06-06T12:23:00.2099080Z /usr/bin/tar: ../../../../../usr/local/lib/android/sdk/platforms/android-34-ext8/data/res/values-mcc310-mnc800-bn: Cannot utime: Operation not permitted
build	Cache Android SDK	2026-06-06T12:23:00.2100054Z /usr/bin/tar: ../../../../../usr/local/lib/android/sdk/platforms/android-34-ext8/data/res/values-mcc310-mnc800-bn: Cannot change mode to rwxr-xr-x: Operation not permitted
build	Cache Android SDK	2026-06-06T12:23:00.2101979Z /usr/bin/tar: ../../../../../usr/local/lib/android/sdk/platforms/android-34-ext8/data/res/values-mcc310-mnc950-pt-rPT: Cannot utime: Operation not permitted
build	Cache Android SDK	2026-06-06T12:23:00.2102983Z /usr/bin/tar: ../../../../../usr/local/lib/android/sdk/platforms/android-34-ext8/data/res/values-mcc310-mnc950-pt-rPT: Cannot change mode to rwxr-xr-x: Operation not permitted
build	Cache Android SDK	2026-06-06T12:23:00.2105795Z /usr/bin/tar: ../../../../../usr/local/lib/android/sdk/platforms/android-34-ext8/data/res/values-mcc001-mnc01-de: Cannot utime: Operation not permitted
build	Cache Android SDK	2026-06-06T12:23:00.2107023Z /usr/bin/tar: ../../../../../usr/local/lib/android/sdk/platforms/android-34-ext8/data/res/values-mcc001-mnc01-de: Cannot change mode to rwxr-xr-x: Operation not permitted
build	Cache Android SDK	2026-06-06T12:23:00.2108646Z /usr/bin/tar: ../../../../../usr/local/lib/android/sdk/platforms/android-34-ext8/data/res/values-mcc310-mnc210-nb: Cannot utime: Operation not permitted
build	Cache Android SDK	2026-06-06T12:23:00.2109595Z /usr/bin/tar: ../../../../../usr/local/lib/android/sdk/platforms/android-34-ext8/data/res/values-mcc310-mnc210-nb: Cannot change mode to rwxr-xr-x: Operation not permitted
build	Cache Android SDK	2026-06-06T12:23:00.2115341Z /usr/bin/tar: ../../../../../usr/local/lib/android/sdk/platforms/android-34-ext8/data/res/values-fa: Cannot utime: Operation not permitted
build	Cache Android SDK	2026-06-06T12:23:00.2116260Z /usr/bin/tar: ../../../../../usr/local/lib/android/sdk/platforms/android-34-ext8/data/res/values-fa: Cannot change mode to rwxr-xr-x: Operation not permitted
build	Cache Android SDK	2026-06-06T12:23:00.2118255Z /usr/bin/tar: ../../../../../usr/local/lib/android/sdk/platforms/android-34-ext8/data/res/values-mcc310-mnc380-ms: Cannot utime: Operation not permitted
build	Cache Android SDK	2026-06-06T12:23:00.2119214Z /usr/bin/tar: ../../../../../usr/local/lib/android/sdk/platforms/android-34-ext8/data/res/values-mcc310-mnc380-ms: Cannot change mode to rwxr-xr-x: Operation not permitted
build	Cache Android SDK	2026-06-06T12:23:00.2121937Z /usr/bin/tar: ../../../../../usr/local/lib/android/sdk/platforms/android-34-ext8/data/res/values-mcc310-mnc310-tl: Cannot utime: Operation not permitted
build	Cache Android SDK	2026-06-06T12:23:00.2123010Z /usr/bin/tar: ../../../../../usr/local/lib/android/sdk/platforms/android-34-ext8/data/res/values-mcc310-mnc310-tl: Cannot change mode to rwxr-xr-x: Operation not permitted
build	Cache Android SDK	2026-06-06T12:23:00.2125000Z /usr/bin/tar: ../../../../../usr/local/lib/android/sdk/platforms/android-34-ext8/data/res/xml-mdpi: Cannot utime: Operation not permitted
build	Cache Android SDK	2026-06-06T12:23:00.2125880Z /usr/bin/tar: ../../../../../usr/local/lib/android/sdk/platforms/android-34-ext8/data/res/xml-mdpi: Cannot change mode to rwxr-xr-x: Operation not permitted
build	Cache Android SDK	2026-06-06T12:23:00.2128351Z /usr/bin/tar: ../../../../../usr/local/lib/android/sdk/platforms/android-34-ext8/data/res/values-mcc310-mnc150-zh-rTW: Cannot utime: Operation not permitted
build	Cache Android SDK	2026-06-06T12:23:00.2129355Z /usr/bin/tar: ../../../../../usr/local/lib/android/sdk/platforms/android-34-ext8/data/res/values-mcc310-mnc150-zh-rTW: Cannot change mode to rwxr-xr-x: Operation not permitted
build	Cache Android SDK	2026-06-06T12:23:00.2132472Z /usr/bin/tar: ../../../../../usr/local/lib/android/sdk/platforms/android-34-ext8/data/res/values-mcc334-mnc020-zh-rHK: Cannot utime: Operation not permitted
build	Cache Android SDK	2026-06-06T12:23:00.2133470Z /usr/bin/tar: ../../../../../usr/local/lib/android/sdk/platforms/android-34-ext8/data/res/values-mcc334-mnc020-zh-rHK: Cannot change mode to rwxr-xr-x: Operation not permitted
build	Cache Android SDK	2026-06-06T12:23:00.2136410Z /usr/bin/tar: ../../../../../usr/local/lib/android/sdk/platforms/android-34-ext8/data/res/values-mcc310-mnc250-es-rUS: Cannot utime: Operation not permitted
build	Cache Android SDK	2026-06-06T12:23:00.2137787Z /usr/bin/tar: ../../../../../usr/local/lib/android/sdk/platforms/android-34-ext8/data/res/values-mcc310-mnc250-es-rUS: Cannot change mode to rwxr-xr-x: Operation not permitted
build	Cache Android SDK	2026-06-06T12:23:00.2140124Z /usr/bin/tar: ../../../../../usr/local/lib/android/sdk/platforms/android-34-ext8/data/res/values-mcc310-mnc800-uz: Cannot utime: Operation not permitted
build	Cache Android SDK	2026-06-06T12:23:00.2141105Z /usr/bin/tar: ../../../../../usr/local/lib/android/sdk/platforms/android-34-ext8/data/res/values-mcc310-mnc800-uz: Cannot change mode to rwxr-xr-x: Operation not permitted
build	Cache Android SDK	2026-06-06T12:23:00.2142704Z /usr/bin/tar: ../../../../../usr/local/lib/android/sdk/platforms/android-34-ext8/data/res/values-mcc310-mnc660-th: Cannot utime: Operation not permitted
build	Cache Android SDK	2026-06-06T12:23:00.2143685Z /usr/bin/tar: ../../../../../usr/local/lib/android/sdk/platforms/android-34-ext8/data/res/values-mcc310-mnc660-th: Cannot change mode to rwxr-xr-x: Operation not permitted
build	Cache Android SDK	2026-06-06T12:23:00.2146394Z /usr/bin/tar: ../../../../../usr/local/lib/android/sdk/platforms/android-34-ext8/data/res/values-mcc310-mnc490-ru: Cannot utime: Operation not permitted
build	Cache Android SDK	2026-06-06T12:23:00.2146863Z /usr/bin/tar: ../../../../../usr/local/lib/android/sdk/platforms/android-34-ext8/data/res/values-mcc310-mnc490-ru: Cannot change mode to rwxr-xr-x: Operation not permitted
build	Cache Android SDK	2026-06-06T12:23:00.2150097Z /usr/bin/tar: ../../../../../usr/local/lib/android/sdk/platforms/android-34-ext8/data/res/values-mcc312-mnc670-in: Cannot utime: Operation not permitted
build	Cache Android SDK	2026-06-06T12:23:00.2150582Z /usr/bin/tar: ../../../../../usr/local/lib/android/sdk/platforms/android-34-ext8/data/res/values-mcc312-mnc670-in: Cannot change mode to rwxr-xr-x: Operation not permitted
build	Cache Android SDK	2026-06-06T12:23:00.2153128Z /usr/bin/tar: ../../../../../usr/local/lib/android/sdk/platforms/android-34-ext8/data/res/values-mcc310-mnc310-bn: Cannot utime: Operation not permitted
build	Cache Android SDK	2026-06-06T12:23:00.2153600Z /usr/bin/tar: ../../../../../usr/local/lib/android/sdk/platforms/android-34-ext8/data/res/values-mcc310-mnc310-bn: Cannot change mode to rwxr-xr-x: Operation not permitted
build	Cache Android SDK	2026-06-06T12:23:00.2156424Z /usr/bin/tar: ../../../../../usr/local/lib/android/sdk/platforms/android-34-ext8/data/res/values-mcc310-mnc280: Cannot utime: Operation not permitted
build	Cache Android SDK	2026-06-06T12:23:00.2156885Z /usr/bin/tar: ../../../../../usr/local/lib/android/sdk/platforms/android-34-ext8/data/res/values-mcc310-mnc280: Cannot change mode to rwxr-xr-x: Operation not permitted
build	Cache Android SDK	2026-06-06T12:23:00.2162669Z /usr/bin/tar: ../../../../../usr/local/lib/android/sdk/platforms/android-34-ext8/data/res/values-mcc310-mnc310-ca: Cannot utime: Operation not permitted
build	Cache Android SDK	2026-06-06T12:23:00.2163182Z /usr/bin/tar: ../../../../../usr/local/lib/android/sdk/platforms/android-34-ext8/data/res/values-mcc310-mnc310-ca: Cannot change mode to rwxr-xr-x: Operation not permitted
build	Cache Android SDK	2026-06-06T12:23:00.2165533Z /usr/bin/tar: ../../../../../usr/local/lib/android/sdk/platforms/android-34-ext8/data/res/values-mcc310-mnc490-gu: Cannot utime: Operation not permitted
build	Cache Android SDK	2026-06-06T12:23:00.2166120Z /usr/bin/tar: ../../../../../usr/local/lib/android/sdk/platforms/android-34-ext8/data/res/values-mcc310-mnc490-gu: Cannot change mode to rwxr-xr-x: Operation not permitted
build	Cache Android SDK	2026-06-06T12:23:00.2168570Z /usr/bin/tar: ../../../../../usr/local/lib/android/sdk/platforms/android-34-ext8/data/res/values-mcc334-mnc020-as: Cannot utime: Operation not permitted
build	Cache Android SDK	2026-06-06T12:23:00.2169149Z /usr/bin/tar: ../../../../../usr/local/lib/android/sdk/platforms/android-34-ext8/data/res/values-mcc334-mnc020-as: Cannot change mode to rwxr-xr-x: Operation not permitted
build	Cache Android SDK	2026-06-06T12:23:00.2171667Z /usr/bin/tar: ../../../../../usr/local/lib/android/sdk/platforms/android-34-ext8/data/res/values-mcc001-mnc01-th: Cannot utime: Operation not permitted
build	Cache Android SDK	2026-06-06T12:23:00.2172133Z /usr/bin/tar: ../../../../../usr/local/lib/android/sdk/platforms/android-34-ext8/data/res/values-mcc001-mnc01-th: Cannot change mode to rwxr-xr-x: Operation not permitted
build	Cache Android SDK	2026-06-06T12:23:00.2174602Z /usr/bin/tar: ../../../../../usr/local/lib/android/sdk/platforms/android-34-ext8/data/res/values-mcc310-mnc150-iw: Cannot utime: Operation not permitted
build	Cache Android SDK	2026-06-06T12:23:00.2175099Z /usr/bin/tar: ../../../../../usr/local/lib/android/sdk/platforms/android-34-ext8/data/res/values-mcc310-mnc150-iw: Cannot change mode to rwxr-xr-x: Operation not permitted
build	Cache Android SDK	2026-06-06T12:23:00.2178095Z /usr/bin/tar: ../../../../../usr/local/lib/android/sdk/platforms/android-34-ext8/data/res/values-mcc440-mnc20: Cannot utime: Operation not permitted
build	Cache Android SDK	2026-06-06T12:23:00.2178581Z /usr/bin/tar: ../../../../../usr/local/lib/android/sdk/platforms/android-34-ext8/data/res/values-mcc440-mnc20: Cannot change mode to rwxr-xr-x: Operation not permitted
build	Cache Android SDK	2026-06-06T12:23:00.2181091Z /usr/bin/tar: ../../../../../usr/local/lib/android/sdk/platforms/android-34-ext8/data/res/values-mcc310-mnc030-ky: Cannot utime: Operation not permitted
build	Cache Android SDK	2026-06-06T12:23:00.2181556Z /usr/bin/tar: ../../../../../usr/local/lib/android/sdk/platforms/android-34-ext8/data/res/values-mcc310-mnc030-ky: Cannot change mode to rwxr-xr-x: Operation not permitted
build	Cache Android SDK	2026-06-06T12:23:00.2184617Z /usr/bin/tar: ../../../../../usr/local/lib/android/sdk/platforms/android-34-ext8/data/res/values-mcc230: Cannot utime: Operation not permitted
build	Cache Android SDK	2026-06-06T12:23:00.2185068Z /usr/bin/tar: ../../../../../usr/local/lib/android/sdk/platforms/android-34-ext8/data/res/values-mcc230: Cannot change mode to rwxr-xr-x: Operation not permitted
build	Cache Android SDK	2026-06-06T12:23:00.2187544Z /usr/bin/tar: ../../../../../usr/local/lib/android/sdk/platforms/android-34-ext8/data/res/values-mcc310-mnc800-mk: Cannot utime: Operation not permitted
build	Cache Android SDK	2026-06-06T12:23:00.2188021Z /usr/bin/tar: ../../../../../usr/local/lib/android/sdk/platforms/android-34-ext8/data/res/values-mcc310-mnc800-mk: Cannot change mode to rwxr-xr-x: Operation not permitted
build	Cache Android SDK	2026-06-06T12:23:00.2190552Z /usr/bin/tar: ../../../../../usr/local/lib/android/sdk/platforms/android-34-ext8/data/res/values-mcc310-mnc410-th: Cannot utime: Operation not permitted
build	Cache Android SDK	2026-06-06T12:23:00.2191056Z /usr/bin/tar: ../../../../../usr/local/lib/android/sdk/platforms/android-34-ext8/data/res/values-mcc310-mnc410-th: Cannot change mode to rwxr-xr-x: Operation not permitted
build	Cache Android SDK	2026-06-06T12:23:00.2193328Z /usr/bin/tar: ../../../../../usr/local/lib/android/sdk/platforms/android-34-ext8/data/res/values-mcc310-mnc200-mr: Cannot utime: Operation not permitted
build	Cache Android SDK	2026-06-06T12:23:00.2194412Z /usr/bin/tar: ../../../../../usr/local/lib/android/sdk/platforms/android-34-ext8/data/res/values-mcc310-mnc200-mr: Cannot change mode to rwxr-xr-x: Operation not permitted
build	Cache Android SDK	2026-06-06T12:23:00.2691743Z /usr/bin/tar: ../../../../../usr/local/lib/android/sdk/platforms/android-34-ext8/data/res/drawable-hdpi: Cannot utime: Operation not permitted
build	Cache Android SDK	2026-06-06T12:23:00.2692632Z /usr/bin/tar: ../../../../../usr/local/lib/android/sdk/platforms/android-34-ext8/data/res/drawable-hdpi: Cannot change mode to rwxr-xr-x: Operation not permitted
build	Cache Android SDK	2026-06-06T12:23:00.2693326Z /usr/bin/tar: ../../../../../usr/local/lib/android/sdk/platforms/android-34-ext8/data/res/values-mcc310-mnc380-pl: Cannot utime: Operation not permitted
build	Cache Android SDK	2026-06-06T12:23:00.2693938Z /usr/bin/tar: ../../../../../usr/local/lib/android/sdk/platforms/android-34-ext8/data/res/values-mcc310-mnc380-pl: Cannot change mode to rwxr-xr-x: Operation not permitted
build	Cache Android SDK	2026-06-06T12:23:00.2696800Z /usr/bin/tar: ../../../../../usr/local/lib/android/sdk/platforms/android-34-ext8/data/res/values-mcc312-mnc670-th: Cannot utime: Operation not permitted
build	Cache Android SDK	2026-06-06T12:23:00.2697574Z /usr/bin/tar: ../../../../../usr/local/lib/android/sdk/platforms/android-34-ext8/data/res/values-mcc312-mnc670-th: Cannot change mode to rwxr-xr-x: Operation not permitted
build	Cache Android SDK	2026-06-06T12:23:00.2700015Z /usr/bin/tar: ../../../../../usr/local/lib/android/sdk/platforms/android-34-ext8/data/res/values-pa-television: Cannot utime: Operation not permitted
build	Cache Android SDK	2026-06-06T12:23:00.2700498Z /usr/bin/tar: ../../../../../usr/local/lib/android/sdk/platforms/android-34-ext8/data/res/values-pa-television: Cannot change mode to rwxr-xr-x: Operation not permitted
build	Cache Android SDK	2026-06-06T12:23:00.2702878Z /usr/bin/tar: ../../../../../usr/local/lib/android/sdk/platforms/android-34-ext8/data/res/values-mcc310-mnc030-uz: Cannot utime: Operation not permitted
build	Cache Android SDK	2026-06-06T12:23:00.2703389Z /usr/bin/tar: ../../../../../usr/local/lib/android/sdk/platforms/android-34-ext8/data/res/values-mcc310-mnc030-uz: Cannot change mode to rwxr-xr-x: Operation not permitted
build	Cache Android SDK	2026-06-06T12:23:00.2706198Z /usr/bin/tar: ../../../../../usr/local/lib/android/sdk/platforms/android-34-ext8/data/res/values-mcc716-mnc06: Cannot utime: Operation not permitted
build	Cache Android SDK	2026-06-06T12:23:00.2706676Z /usr/bin/tar: ../../../../../usr/local/lib/android/sdk/platforms/android-34-ext8/data/res/values-mcc716-mnc06: Cannot change mode to rwxr-xr-x: Operation not permitted
build	Cache Android SDK	2026-06-06T12:23:00.2709095Z /usr/bin/tar: ../../../../../usr/local/lib/android/sdk/platforms/android-34-ext8/data/res/values-es-rPE: Cannot utime: Operation not permitted
build	Cache Android SDK	2026-06-06T12:23:00.2709560Z /usr/bin/tar: ../../../../../usr/local/lib/android/sdk/platforms/android-34-ext8/data/res/values-es-rPE: Cannot change mode to rwxr-xr-x: Operation not permitted
build	Cache Android SDK	2026-06-06T12:23:00.2712308Z /usr/bin/tar: ../../../../../usr/local/lib/android/sdk/platforms/android-34-ext8/data/res/values-mcc001-mnc01-my: Cannot utime: Operation not permitted
build	Cache Android SDK	2026-06-06T12:23:00.2712787Z /usr/bin/tar: ../../../../../usr/local/lib/android/sdk/platforms/android-34-ext8/data/res/values-mcc001-mnc01-my: Cannot change mode to rwxr-xr-x: Operation not permitted
build	Cache Android SDK	2026-06-06T12:23:00.2715422Z /usr/bin/tar: ../../../../../usr/local/lib/android/sdk/platforms/android-34-ext8/data/res/values-mcc302-mnc720-si: Cannot utime: Operation not permitted
build	Cache Android SDK	2026-06-06T12:23:00.2715901Z /usr/bin/tar: ../../../../../usr/local/lib/android/sdk/platforms/android-34-ext8/data/res/values-mcc302-mnc720-si: Cannot change mode to rwxr-xr-x: Operation not permitted
build	Cache Android SDK	2026-06-06T12:23:00.2718382Z /usr/bin/tar: ../../../../../usr/local/lib/android/sdk/platforms/android-34-ext8/data/res/values-mcc310-mnc170-eu: Cannot utime: Operation not permitted
build	Cache Android SDK	2026-06-06T12:23:00.2719342Z /usr/bin/tar: ../../../../../usr/local/lib/android/sdk/platforms/android-34-ext8/data/res/values-mcc310-mnc170-eu: Cannot change mode to rwxr-xr-x: Operation not permitted
build	Cache Android SDK	2026-06-06T12:23:00.2722264Z /usr/bin/tar: ../../../../../usr/local/lib/android/sdk/platforms/android-34-ext8/data/res/values-mcc310-mnc560-vi: Cannot utime: Operation not permitted
build	Cache Android SDK	2026-06-06T12:23:00.2722857Z /usr/bin/tar: ../../../../../usr/local/lib/android/sdk/platforms/android-34-ext8/data/res/values-mcc310-mnc560-vi: Cannot change mode to rwxr-xr-x: Operation not permitted
build	Cache Android SDK	2026-06-06T12:23:00.2725312Z /usr/bin/tar: ../../../../../usr/local/lib/android/sdk/platforms/android-34-ext8/data/res/values-mcc310-mnc380-et: Cannot utime: Operation not permitted
build	Cache Android SDK	2026-06-06T12:23:00.2725787Z /usr/bin/tar: ../../../../../usr/local/lib/android/sdk/platforms/android-34-ext8/data/res/values-mcc310-mnc380-et: Cannot change mode to rwxr-xr-x: Operation not permitted
build	Cache Android SDK	2026-06-06T12:23:00.2728814Z /usr/bin/tar: ../../../../../usr/local/lib/android/sdk/platforms/android-34-ext8/data/res/values-mcc310-mnc800-lo: Cannot utime: Operation not permitted
build	Cache Android SDK	2026-06-06T12:23:00.2729294Z /usr/bin/tar: ../../../../../usr/local/lib/android/sdk/platforms/android-34-ext8/data/res/values-mcc310-mnc800-lo: Cannot change mode to rwxr-xr-x: Operation not permitted
build	Cache Android SDK	2026-06-06T12:23:00.2731922Z /usr/bin/tar: ../../../../../usr/local/lib/android/sdk/platforms/android-34-ext8/data/res/values-mcc310-mnc200-ar: Cannot utime: Operation not permitted
build	Cache Android SDK	2026-06-06T12:23:00.2732484Z /usr/bin/tar: ../../../../../usr/local/lib/android/sdk/platforms/android-34-ext8/data/res/values-mcc310-mnc200-ar: Cannot change mode to rwxr-xr-x: Operation not permitted
build	Cache Android SDK	2026-06-06T12:23:00.2735187Z /usr/bin/tar: ../../../../../usr/local/lib/android/sdk/platforms/android-34-ext8/data/res/values-mcc310-mnc490-ar: Cannot utime: Operation not permitted
build	Cache Android SDK	2026-06-06T12:23:00.2735769Z /usr/bin/tar: ../../../../../usr/local/lib/android/sdk/platforms/android-34-ext8/data/res/values-mcc310-mnc490-ar: Cannot change mode to rwxr-xr-x: Operation not permitted
build	Cache Android SDK	2026-06-06T12:23:00.2738101Z /usr/bin/tar: ../../../../../usr/local/lib/android/sdk/platforms/android-34-ext8/data/res/values-mcc310-mnc310-si: Cannot utime: Operation not permitted
build	Cache Android SDK	2026-06-06T12:23:00.2738567Z /usr/bin/tar: ../../../../../usr/local/lib/android/sdk/platforms/android-34-ext8/data/res/values-mcc310-mnc310-si: Cannot change mode to rwxr-xr-x: Operation not permitted
build	Cache Android SDK	2026-06-06T12:23:00.2741198Z /usr/bin/tar: ../../../../../usr/local/lib/android/sdk/platforms/android-34-ext8/data/res/values-mcc310-mnc410-te: Cannot utime: Operation not permitted
build	Cache Android SDK	2026-06-06T12:23:00.2741656Z /usr/bin/tar: ../../../../../usr/local/lib/android/sdk/platforms/android-34-ext8/data/res/values-mcc310-mnc410-te: Cannot change mode to rwxr-xr-x: Operation not permitted
build	Cache Android SDK	2026-06-06T12:23:00.2744173Z /usr/bin/tar: ../../../../../usr/local/lib/android/sdk/platforms/android-34-ext8/data/res/values-mcc312-mnc670-cs: Cannot utime: Operation not permitted
build	Cache Android SDK	2026-06-06T12:23:00.2744654Z /usr/bin/tar: ../../../../../usr/local/lib/android/sdk/platforms/android-34-ext8/data/res/values-mcc312-mnc670-cs: Cannot change mode to rwxr-xr-x: Operation not permitted
build	Cache Android SDK	2026-06-06T12:23:00.2747079Z /usr/bin/tar: ../../../../../usr/local/lib/android/sdk/platforms/android-34-ext8/data/res/values-mcc310-mnc410-lv: Cannot utime: Operation not permitted
build	Cache Android SDK	2026-06-06T12:23:00.2747769Z /usr/bin/tar: ../../../../../usr/local/lib/android/sdk/platforms/android-34-ext8/data/res/values-mcc310-mnc410-lv: Cannot change mode to rwxr-xr-x: Operation not permitted
build	Cache Android SDK	2026-06-06T12:23:00.2749976Z /usr/bin/tar: ../../../../../usr/local/lib/android/sdk/platforms/android-34-ext8/data/res/values-mcc310-mnc660-en-rGB: Cannot utime: Operation not permitted
build	Cache Android SDK	2026-06-06T12:23:00.2750473Z /usr/bin/tar: ../../../../../usr/local/lib/android/sdk/platforms/android-34-ext8/data/res/values-mcc310-mnc660-en-rGB: Cannot change mode to rwxr-xr-x: Operation not permitted
build	Cache Android SDK	2026-06-06T12:23:00.2752772Z /usr/bin/tar: ../../../../../usr/local/lib/android/sdk/platforms/android-34-ext8/data/res/values-mcc310-mnc230-zh-rHK: Cannot utime: Operation not permitted
build	Cache Android SDK	2026-06-06T12:23:00.2753264Z /usr/bin/tar: ../../../../../usr/local/lib/android/sdk/platforms/android-34-ext8/data/res/values-mcc310-mnc230-zh-rHK: Cannot change mode to rwxr-xr-x: Operation not permitted
build	Cache Android SDK	2026-06-06T12:23:00.2755668Z /usr/bin/tar: ../../../../../usr/local/lib/android/sdk/platforms/android-34-ext8/data/res/values-mcc310-mnc280-in: Cannot utime: Operation not permitted
build	Cache Android SDK	2026-06-06T12:23:00.2756145Z /usr/bin/tar: ../../../../../usr/local/lib/android/sdk/platforms/android-34-ext8/data/res/values-mcc310-mnc280-in: Cannot change mode to rwxr-xr-x: Operation not permitted
build	Cache Android SDK	2026-06-06T12:23:00.2758895Z /usr/bin/tar: ../../../../../usr/local/lib/android/sdk/platforms/android-34-ext8/data/res/values-mcc313-mnc100-mn: Cannot utime: Operation not permitted
build	Cache Android SDK	2026-06-06T12:23:00.2759389Z /usr/bin/tar: ../../../../../usr/local/lib/android/sdk/platforms/android-34-ext8/data/res/values-mcc313-mnc100-mn: Cannot change mode to rwxr-xr-x: Operation not permitted
build	Cache Android SDK	2026-06-06T12:23:00.2767339Z /usr/bin/tar: ../../../../../usr/local/lib/android/sdk/platforms/android-34-ext8/data/res/values-zh-rCN: Cannot utime: Operation not permitted
build	Cache Android SDK	2026-06-06T12:23:00.2767899Z /usr/bin/tar: ../../../../../usr/local/lib/android/sdk/platforms/android-34-ext8/data/res/values-zh-rCN: Cannot change mode to rwxr-xr-x: Operation not permitted
build	Cache Android SDK	2026-06-06T12:23:00.2770493Z /usr/bin/tar: ../../../../../usr/local/lib/android/sdk/platforms/android-34-ext8/data/res/values-mcc310-mnc310-nb: Cannot utime: Operation not permitted
build	Cache Android SDK	2026-06-06T12:23:00.2770975Z /usr/bin/tar: ../../../../../usr/local/lib/android/sdk/platforms/android-34-ext8/data/res/values-mcc310-mnc310-nb: Cannot change mode to rwxr-xr-x: Operation not permitted
build	Cache Android SDK	2026-06-06T12:23:00.2773933Z /usr/bin/tar: ../../../../../usr/local/lib/android/sdk/platforms/android-34-ext8/data/res/values-mcc310-mnc230-my: Cannot utime: Operation not permitted
build	Cache Android SDK	2026-06-06T12:23:00.2774528Z /usr/bin/tar: ../../../../../usr/local/lib/android/sdk/platforms/android-34-ext8/data/res/values-mcc310-mnc230-my: Cannot change mode to rwxr-xr-x: Operation not permitted
build	Cache Android SDK	2026-06-06T12:23:00.2777541Z /usr/bin/tar: ../../../../../usr/local/lib/android/sdk/platforms/android-34-ext8/data/res/values-mcc302-mnc720-bs: Cannot utime: Operation not permitted
build	Cache Android SDK	2026-06-06T12:23:00.2778131Z /usr/bin/tar: ../../../../../usr/local/lib/android/sdk/platforms/android-34-ext8/data/res/values-mcc302-mnc720-bs: Cannot change mode to rwxr-xr-x: Operation not permitted
build	Cache Android SDK	2026-06-06T12:23:00.2780850Z /usr/bin/tar: ../../../../../usr/local/lib/android/sdk/platforms/android-34-ext8/data/res/values-fi-watch: Cannot utime: Operation not permitted
build	Cache Android SDK	2026-06-06T12:23:00.2781387Z /usr/bin/tar: ../../../../../usr/local/lib/android/sdk/platforms/android-34-ext8/data/res/values-fi-watch: Cannot change mode to rwxr-xr-x: Operation not permitted
build	Cache Android SDK	2026-06-06T12:23:00.2783578Z /usr/bin/tar: ../../../../../usr/local/lib/android/sdk/platforms/android-34-ext8/data/res/values-mcc310-mnc270-mr: Cannot utime: Operation not permitted
build	Cache Android SDK	2026-06-06T12:23:00.2784057Z /usr/bin/tar: ../../../../../usr/local/lib/android/sdk/platforms/android-34-ext8/data/res/values-mcc310-mnc270-mr: Cannot change mode to rwxr-xr-x: Operation not permitted
build	Cache Android SDK	2026-06-06T12:23:00.2786614Z /usr/bin/tar: ../../../../../usr/local/lib/android/sdk/platforms/android-34-ext8/data/res/values-mcc310-mnc280-lv: Cannot utime: Operation not permitted
build	Cache Android SDK	2026-06-06T12:23:00.2787097Z /usr/bin/tar: ../../../../../usr/local/lib/android/sdk/platforms/android-34-ext8/data/res/values-mcc310-mnc280-lv: Cannot change mode to rwxr-xr-x: Operation not permitted
build	Cache Android SDK	2026-06-06T12:23:00.2789758Z /usr/bin/tar: ../../../../../usr/local/lib/android/sdk/platforms/android-34-ext8/data/res/values-mcc310-mnc270-az: Cannot utime: Operation not permitted
build	Cache Android SDK	2026-06-06T12:23:00.2790232Z /usr/bin/tar: ../../../../../usr/local/lib/android/sdk/platforms/android-34-ext8/data/res/values-mcc310-mnc270-az: Cannot change mode to rwxr-xr-x: Operation not permitted
build	Cache Android SDK	2026-06-06T12:23:00.2793424Z /usr/bin/tar: ../../../../../usr/local/lib/android/sdk/platforms/android-34-ext8/data/res/values-mcc310-mnc560-ne: Cannot utime: Operation not permitted
build	Cache Android SDK	2026-06-06T12:23:00.2794107Z /usr/bin/tar: ../../../../../usr/local/lib/android/sdk/platforms/android-34-ext8/data/res/values-mcc310-mnc560-ne: Cannot change mode to rwxr-xr-x: Operation not permitted
build	Cache Android SDK	2026-06-06T12:23:00.2796004Z /usr/bin/tar: ../../../../../usr/local/lib/android/sdk/platforms/android-34-ext8/data/res/values-mcc312-mnc670-ur: Cannot utime: Operation not permitted
build	Cache Android SDK	2026-06-06T12:23:00.2796481Z /usr/bin/tar: ../../../../../usr/local/lib/android/sdk/platforms/android-34-ext8/data/res/values-mcc312-mnc670-ur: Cannot change mode to rwxr-xr-x: Operation not permitted
build	Cache Android SDK	2026-06-06T12:23:00.2799968Z /usr/bin/tar: ../../../../../usr/local/lib/android/sdk/platforms/android-34-ext8/data/res/values-mcc310-mnc380-te: Cannot utime: Operation not permitted
build	Cache Android SDK	2026-06-06T12:23:00.2800537Z /usr/bin/tar: ../../../../../usr/local/lib/android/sdk/platforms/android-34-ext8/data/res/values-mcc310-mnc380-te: Cannot change mode to rwxr-xr-x: Operation not permitted
build	Cache Android SDK	2026-06-06T12:23:00.2802983Z /usr/bin/tar: ../../../../../usr/local/lib/android/sdk/platforms/android-34-ext8/data/res/values-mcc310-mnc270-ur: Cannot utime: Operation not permitted
build	Cache Android SDK	2026-06-06T12:23:00.2803514Z /usr/bin/tar: ../../../../../usr/local/lib/android/sdk/platforms/android-34-ext8/data/res/values-mcc310-mnc270-ur: Cannot change mode to rwxr-xr-x: Operation not permitted
build	Cache Android SDK	2026-06-06T12:23:00.2805657Z /usr/bin/tar: ../../../../../usr/local/lib/android/sdk/platforms/android-34-ext8/data/res/values-mcc310-mnc800-ru: Cannot utime: Operation not permitted
build	Cache Android SDK	2026-06-06T12:23:00.2806118Z /usr/bin/tar: ../../../../../usr/local/lib/android/sdk/platforms/android-34-ext8/data/res/values-mcc310-mnc800-ru: Cannot change mode to rwxr-xr-x: Operation not permitted
build	Cache Android SDK	2026-06-06T12:23:00.2809303Z /usr/bin/tar: ../../../../../usr/local/lib/android/sdk/platforms/android-34-ext8/data/res/values-mcc310-mnc560-zh-rHK: Cannot utime: Operation not permitted
build	Cache Android SDK	2026-06-06T12:23:00.2809802Z /usr/bin/tar: ../../../../../usr/local/lib/android/sdk/platforms/android-34-ext8/data/res/values-mcc310-mnc560-zh-rHK: Cannot change mode to rwxr-xr-x: Operation not permitted
build	Cache Android SDK	2026-06-06T12:23:00.2811851Z /usr/bin/tar: ../../../../../usr/local/lib/android/sdk/platforms/android-34-ext8/data/res/values-mcc001-mnc01-ro: Cannot utime: Operation not permitted
build	Cache Android SDK	2026-06-06T12:23:00.2812311Z /usr/bin/tar: ../../../../../usr/local/lib/android/sdk/platforms/android-34-ext8/data/res/values-mcc001-mnc01-ro: Cannot change mode to rwxr-xr-x: Operation not permitted
build	Cache Android SDK	2026-06-06T12:23:00.2815232Z /usr/bin/tar: ../../../../../usr/local/lib/android/sdk/platforms/android-34-ext8/data/res/values-mcc310-mnc150-ko: Cannot utime: Operation not permitted
build	Cache Android SDK	2026-06-06T12:23:00.2815705Z /usr/bin/tar: ../../../../../usr/local/lib/android/sdk/platforms/android-34-ext8/data/res/values-mcc310-mnc150-ko: Cannot change mode to rwxr-xr-x: Operation not permitted
build	Cache Android SDK	2026-06-06T12:23:00.2818745Z /usr/bin/tar: ../../../../../usr/local/lib/android/sdk/platforms/android-34-ext8/data/res/values-mcc310-mnc150-sr: Cannot utime: Operation not permitted
build	Cache Android SDK	2026-06-06T12:23:00.2819209Z /usr/bin/tar: ../../../../../usr/local/lib/android/sdk/platforms/android-34-ext8/data/res/values-mcc310-mnc150-sr: Cannot change mode to rwxr-xr-x: Operation not permitted
build	Cache Android SDK	2026-06-06T12:23:00.2822182Z /usr/bin/tar: ../../../../../usr/local/lib/android/sdk/platforms/android-34-ext8/data/res/values-mcc704-mnc03: Cannot utime: Operation not permitted
build	Cache Android SDK	2026-06-06T12:23:00.2822630Z /usr/bin/tar: ../../../../../usr/local/lib/android/sdk/platforms/android-34-ext8/data/res/values-mcc704-mnc03: Cannot change mode to rwxr-xr-x: Operation not permitted
build	Cache Android SDK	2026-06-06T12:23:00.2825300Z /usr/bin/tar: ../../../../../usr/local/lib/android/sdk/platforms/android-34-ext8/data/res/values-mcc310-mnc220-it: Cannot utime: Operation not permitted
build	Cache Android SDK	2026-06-06T12:23:00.2825772Z /usr/bin/tar: ../../../../../usr/local/lib/android/sdk/platforms/android-34-ext8/data/res/values-mcc310-mnc220-it: Cannot change mode to rwxr-xr-x: Operation not permitted
build	Cache Android SDK	2026-06-06T12:23:00.2828680Z /usr/bin/tar: ../../../../../usr/local/lib/android/sdk/platforms/android-34-ext8/data/res/values-mcc310-mnc230-ka: Cannot utime: Operation not permitted
build	Cache Android SDK	2026-06-06T12:23:00.2829330Z /usr/bin/tar: ../../../../../usr/local/lib/android/sdk/platforms/android-34-ext8/data/res/values-mcc310-mnc230-ka: Cannot change mode to rwxr-xr-x: Operation not permitted
build	Cache Android SDK	2026-06-06T12:23:00.2832002Z /usr/bin/tar: ../../../../../usr/local/lib/android/sdk/platforms/android-34-ext8/data/res/values-bn-watch: Cannot utime: Operation not permitted
build	Cache Android SDK	2026-06-06T12:23:00.2832440Z /usr/bin/tar: ../../../../../usr/local/lib/android/sdk/platforms/android-34-ext8/data/res/values-bn-watch: Cannot change mode to rwxr-xr-x: Operation not permitted
build	Cache Android SDK	2026-06-06T12:23:00.2835082Z /usr/bin/tar: ../../../../../usr/local/lib/android/sdk/platforms/android-34-ext8/data/res/values-mcc302-mnc370-pt-rBR: Cannot utime: Operation not permitted
build	Cache Android SDK	2026-06-06T12:23:00.2835647Z /usr/bin/tar: ../../../../../usr/local/lib/android/sdk/platforms/android-34-ext8/data/res/values-mcc302-mnc370-pt-rBR: Cannot change mode to rwxr-xr-x: Operation not permitted
build	Cache Android SDK	2026-06-06T12:23:00.2838768Z /usr/bin/tar: ../../../../../usr/local/lib/android/sdk/platforms/android-34-ext8/data/res/mipmap-xxhdpi: Cannot utime: Operation not permitted
build	Cache Android SDK	2026-06-06T12:23:00.2839278Z /usr/bin/tar: ../../../../../usr/local/lib/android/sdk/platforms/android-34-ext8/data/res/mipmap-xxhdpi: Cannot change mode to rwxr-xr-x: Operation not permitted
build	Cache Android SDK	2026-06-06T12:23:00.2841982Z /usr/bin/tar: ../../../../../usr/local/lib/android/sdk/platforms/android-34-ext8/data/res/values-mcc311-mnc180-ja: Cannot utime: Operation not permitted
build	Cache Android SDK	2026-06-06T12:23:00.2842451Z /usr/bin/tar: ../../../../../usr/local/lib/android/sdk/platforms/android-34-ext8/data/res/values-mcc311-mnc180-ja: Cannot change mode to rwxr-xr-x: Operation not permitted
build	Cache Android SDK	2026-06-06T12:23:00.2845802Z /usr/bin/tar: ../../../../../usr/local/lib/android/sdk/platforms/android-34-ext8/data/res/values-sl-watch: Cannot utime: Operation not permitted
build	Cache Android SDK	2026-06-06T12:23:00.2846379Z /usr/bin/tar: ../../../../../usr/local/lib/android/sdk/platforms/android-34-ext8/data/res/values-sl-watch: Cannot change mode to rwxr-xr-x: Operation not permitted
build	Cache Android SDK	2026-06-06T12:23:00.2849760Z /usr/bin/tar: ../../../../../usr/local/lib/android/sdk/platforms/android-34-ext8/data/res/values-mcc310-mnc270-th: Cannot utime: Operation not permitted
build	Cache Android SDK	2026-06-06T12:23:00.2850309Z /usr/bin/tar: ../../../../../usr/local/lib/android/sdk/platforms/android-34-ext8/data/res/values-mcc310-mnc270-th: Cannot change mode to rwxr-xr-x: Operation not permitted
build	Cache Android SDK	2026-06-06T12:23:00.2852722Z /usr/bin/tar: ../../../../../usr/local/lib/android/sdk/platforms/android-34-ext8/data/res/values-mcc310-mnc660-zh-rHK: Cannot utime: Operation not permitted
build	Cache Android SDK	2026-06-06T12:23:00.2853205Z /usr/bin/tar: ../../../../../usr/local/lib/android/sdk/platforms/android-34-ext8/data/res/values-mcc310-mnc660-zh-rHK: Cannot change mode to rwxr-xr-x: Operation not permitted
build	Cache Android SDK	2026-06-06T12:23:00.2856121Z /usr/bin/tar: ../../../../../usr/local/lib/android/sdk/platforms/android-34-ext8/data/res/values-mcc334-mnc020-be: Cannot utime: Operation not permitted
build	Cache Android SDK	2026-06-06T12:23:00.2856584Z /usr/bin/tar: ../../../../../usr/local/lib/android/sdk/platforms/android-34-ext8/data/res/values-mcc334-mnc020-be: Cannot change mode to rwxr-xr-x: Operation not permitted
build	Cache Android SDK	2026-06-06T12:23:00.2859259Z /usr/bin/tar: ../../../../../usr/local/lib/android/sdk/platforms/android-34-ext8/data/res/values-mcc310-mnc270-fi: Cannot utime: Operation not permitted
build	Cache Android SDK	2026-06-06T12:23:00.2859731Z /usr/bin/tar: ../../../../../usr/local/lib/android/sdk/platforms/android-34-ext8/data/res/values-mcc310-mnc270-fi: Cannot change mode to rwxr-xr-x: Operation not permitted
build	Cache Android SDK	2026-06-06T12:23:00.2862823Z /usr/bin/tar: ../../../../../usr/local/lib/android/sdk/platforms/android-34-ext8/data/res/values-mcc334: Cannot utime: Operation not permitted
build	Cache Android SDK	2026-06-06T12:23:00.2863257Z /usr/bin/tar: ../../../../../usr/local/lib/android/sdk/platforms/android-34-ext8/data/res/values-mcc334: Cannot change mode to rwxr-xr-x: Operation not permitted
build	Cache Android SDK	2026-06-06T12:23:00.2866308Z /usr/bin/tar: ../../../../../usr/local/lib/android/sdk/platforms/android-34-ext8/data/res/values-mcc310-mnc800-az: Cannot utime: Operation not permitted
build	Cache Android SDK	2026-06-06T12:23:00.2867340Z /usr/bin/tar: ../../../../../usr/local/lib/android/sdk/platforms/android-34-ext8/data/res/values-mcc310-mnc800-az: Cannot change mode to rwxr-xr-x: Operation not permitted
build	Cache Android SDK	2026-06-06T12:23:00.2869166Z /usr/bin/tar: ../../../../../usr/local/lib/android/sdk/platforms/android-34-ext8/data/res/values-mcc310-mnc280-es: Cannot utime: Operation not permitted
build	Cache Android SDK	2026-06-06T12:23:00.2869628Z /usr/bin/tar: ../../../../../usr/local/lib/android/sdk/platforms/android-34-ext8/data/res/values-mcc310-mnc280-es: Cannot change mode to rwxr-xr-x: Operation not permitted
build	Cache Android SDK	2026-06-06T12:23:00.2872287Z /usr/bin/tar: ../../../../../usr/local/lib/android/sdk/platforms/android-34-ext8/data/res/values-mcc310-mnc200-hu: Cannot utime: Operation not permitted
build	Cache Android SDK	2026-06-06T12:23:00.2872852Z /usr/bin/tar: ../../../../../usr/local/lib/android/sdk/platforms/android-34-ext8/data/res/values-mcc310-mnc200-hu: Cannot change mode to rwxr-xr-x: Operation not permitted
build	Cache Android SDK	2026-06-06T12:23:00.2875254Z /usr/bin/tar: ../../../../../usr/local/lib/android/sdk/platforms/android-34-ext8/data/res/values-ur-television: Cannot utime: Operation not permitted
build	Cache Android SDK	2026-06-06T12:23:00.2875789Z /usr/bin/tar: ../../../../../usr/local/lib/android/sdk/platforms/android-34-ext8/data/res/values-ur-television: Cannot change mode to rwxr-xr-x: Operation not permitted
build	Cache Android SDK	2026-06-06T12:23:00.2878561Z /usr/bin/tar: ../../../../../usr/local/lib/android/sdk/platforms/android-34-ext8/data/res/values-mcc001-mnc01-sv: Cannot utime: Operation not permitted
build	Cache Android SDK	2026-06-06T12:23:00.2879102Z /usr/bin/tar: ../../../../../usr/local/lib/android/sdk/platforms/android-34-ext8/data/res/values-mcc001-mnc01-sv: Cannot change mode to rwxr-xr-x: Operation not permitted
build	Cache Android SDK	2026-06-06T12:23:00.2881613Z /usr/bin/tar: ../../../../../usr/local/lib/android/sdk/platforms/android-34-ext8/data/res/values-mcc302-mnc370-kn: Cannot utime: Operation not permitted
build	Cache Android SDK	2026-06-06T12:23:00.2882081Z /usr/bin/tar: ../../../../../usr/local/lib/android/sdk/platforms/android-34-ext8/data/res/values-mcc302-mnc370-kn: Cannot change mode to rwxr-xr-x: Operation not permitted
build	Cache Android SDK	2026-06-06T12:23:00.2884692Z /usr/bin/tar: ../../../../../usr/local/lib/android/sdk/platforms/android-34-ext8/data/res/values-en-rCA-watch: Cannot utime: Operation not permitted
build	Cache Android SDK	2026-06-06T12:23:00.2885152Z /usr/bin/tar: ../../../../../usr/local/lib/android/sdk/platforms/android-34-ext8/data/res/values-en-rCA-watch: Cannot change mode to rwxr-xr-x: Operation not permitted
build	Cache Android SDK	2026-06-06T12:23:00.2887991Z /usr/bin/tar: ../../../../../usr/local/lib/android/sdk/platforms/android-34-ext8/data/res/values-mcc310-mnc250-fi: Cannot utime: Operation not permitted
build	Cache Android SDK	2026-06-06T12:23:00.2888536Z /usr/bin/tar: ../../../../../usr/local/lib/android/sdk/platforms/android-34-ext8/data/res/values-mcc310-mnc250-fi: Cannot change mode to rwxr-xr-x: Operation not permitted
build	Cache Android SDK	2026-06-06T12:23:00.2890728Z /usr/bin/tar: ../../../../../usr/local/lib/android/sdk/platforms/android-34-ext8/data/res/values-mcc001-mnc01-tl: Cannot utime: Operation not permitted
build	Cache Android SDK	2026-06-06T12:23:00.2891217Z /usr/bin/tar: ../../../../../usr/local/lib/android/sdk/platforms/android-34-ext8/data/res/values-mcc001-mnc01-tl: Cannot change mode to rwxr-xr-x: Operation not permitted
build	Cache Android SDK	2026-06-06T12:23:00.2894067Z /usr/bin/tar: ../../../../../usr/local/lib/android/sdk/platforms/android-34-ext8/data/res/values-it-rCH: Cannot utime: Operation not permitted
build	Cache Android SDK	2026-06-06T12:23:00.2894496Z /usr/bin/tar: ../../../../../usr/local/lib/android/sdk/platforms/android-34-ext8/data/res/values-it-rCH: Cannot change mode to rwxr-xr-x: Operation not permitted
build	Cache Android SDK	2026-06-06T12:23:00.2896891Z /usr/bin/tar: ../../../../../usr/local/lib/android/sdk/platforms/android-34-ext8/data/res/values-mcc310-mnc950-kn: Cannot utime: Operation not permitted
build	Cache Android SDK	2026-06-06T12:23:00.2897455Z /usr/bin/tar: ../../../../../usr/local/lib/android/sdk/platforms/android-34-ext8/data/res/values-mcc310-mnc950-kn: Cannot change mode to rwxr-xr-x: Operation not permitted
build	Cache Android SDK	2026-06-06T12:23:00.2899872Z /usr/bin/tar: ../../../../../usr/local/lib/android/sdk/platforms/android-34-ext8/data/res/values-mcc302-mnc720-ja: Cannot utime: Operation not permitted
build	Cache Android SDK	2026-06-06T12:23:00.2900413Z /usr/bin/tar: ../../../../../usr/local/lib/android/sdk/platforms/android-34-ext8/data/res/values-mcc302-mnc720-ja: Cannot change mode to rwxr-xr-x: Operation not permitted
build	Cache Android SDK	2026-06-06T12:23:00.2902840Z /usr/bin/tar: ../../../../../usr/local/lib/android/sdk/platforms/android-34-ext8/data/res/values-mcc302-mnc720-ca: Cannot utime: Operation not permitted
build	Cache Android SDK	2026-06-06T12:23:00.2903291Z /usr/bin/tar: ../../../../../usr/local/lib/android/sdk/platforms/android-34-ext8/data/res/values-mcc302-mnc720-ca: Cannot change mode to rwxr-xr-x: Operation not permitted
build	Cache Android SDK	2026-06-06T12:23:00.2905844Z /usr/bin/tar: ../../../../../usr/local/lib/android/sdk/platforms/android-34-ext8/data/res/values-de-rCH: Cannot utime: Operation not permitted
build	Cache Android SDK	2026-06-06T12:23:00.2906413Z /usr/bin/tar: ../../../../../usr/local/lib/android/sdk/platforms/android-34-ext8/data/res/values-de-rCH: Cannot change mode to rwxr-xr-x: Operation not permitted
build	Cache Android SDK	2026-06-06T12:23:00.2909329Z /usr/bin/tar: ../../../../../usr/local/lib/android/sdk/platforms/android-34-ext8/data/res/values-mcc310-mnc210-kn: Cannot utime: Operation not permitted
build	Cache Android SDK	2026-06-06T12:23:00.2909862Z /usr/bin/tar: ../../../../../usr/local/lib/android/sdk/platforms/android-34-ext8/data/res/values-mcc310-mnc210-kn: Cannot change mode to rwxr-xr-x: Operation not permitted
build	Cache Android SDK	2026-06-06T12:23:00.2912267Z /usr/bin/tar: ../../../../../usr/local/lib/android/sdk/platforms/android-34-ext8/data/res/values-mcc310-mnc250-ar: Cannot utime: Operation not permitted
build	Cache Android SDK	2026-06-06T12:23:00.2912831Z /usr/bin/tar: ../../../../../usr/local/lib/android/sdk/platforms/android-34-ext8/data/res/values-mcc310-mnc250-ar: Cannot change mode to rwxr-xr-x: Operation not permitted
build	Cache Android SDK	2026-06-06T12:23:00.2915193Z /usr/bin/tar: ../../../../../usr/local/lib/android/sdk/platforms/android-34-ext8/data/res/values-mcc310-mnc030-kn: Cannot utime: Operation not permitted
build	Cache Android SDK	2026-06-06T12:23:00.2915673Z /usr/bin/tar: ../../../../../usr/local/lib/android/sdk/platforms/android-34-ext8/data/res/values-mcc310-mnc030-kn: Cannot change mode to rwxr-xr-x: Operation not permitted
build	Cache Android SDK	2026-06-06T12:23:00.2920842Z /usr/bin/tar: ../../../../../usr/local/lib/android/sdk/platforms/android-34-ext8/data/res/values-w210dp-round-watch: Cannot utime: Operation not permitted
build	Cache Android SDK	2026-06-06T12:23:00.2921476Z /usr/bin/tar: ../../../../../usr/local/lib/android/sdk/platforms/android-34-ext8/data/res/values-w210dp-round-watch: Cannot change mode to rwxr-xr-x: Operation not permitted
build	Cache Android SDK	2026-06-06T12:23:00.2924874Z /usr/bin/tar: ../../../../../usr/local/lib/android/sdk/platforms/android-34-ext8/data/res/values-mcc310-mnc200-ka: Cannot utime: Operation not permitted
build	Cache Android SDK	2026-06-06T12:23:00.2925339Z /usr/bin/tar: ../../../../../usr/local/lib/android/sdk/platforms/android-34-ext8/data/res/values-mcc310-mnc200-ka: Cannot change mode to rwxr-xr-x: Operation not permitted
build	Cache Android SDK	2026-06-06T12:23:00.2928349Z /usr/bin/tar: ../../../../../usr/local/lib/android/sdk/platforms/android-34-ext8/data/res/values-mcc310-mnc380-pa: Cannot utime: Operation not permitted
build	Cache Android SDK	2026-06-06T12:23:00.2928819Z /usr/bin/tar: ../../../../../usr/local/lib/android/sdk/platforms/android-34-ext8/data/res/values-mcc310-mnc380-pa: Cannot change mode to rwxr-xr-x: Operation not permitted
build	Cache Android SDK	2026-06-06T12:23:00.2931964Z /usr/bin/tar: ../../../../../usr/local/lib/android/sdk/platforms/android-34-ext8/data/res/values-mcc302-mnc720-sr: Cannot utime: Operation not permitted
build	Cache Android SDK	2026-06-06T12:23:00.2932487Z /usr/bin/tar: ../../../../../usr/local/lib/android/sdk/platforms/android-34-ext8/data/res/values-mcc302-mnc720-sr: Cannot change mode to rwxr-xr-x: Operation not permitted
build	Cache Android SDK	2026-06-06T12:23:00.2935183Z /usr/bin/tar: ../../../../../usr/local/lib/android/sdk/platforms/android-34-ext8/data/res/values-mcc310-mnc800-ka: Cannot utime: Operation not permitted
build	Cache Android SDK	2026-06-06T12:23:00.2935638Z /usr/bin/tar: ../../../../../usr/local/lib/android/sdk/platforms/android-34-ext8/data/res/values-mcc310-mnc800-ka: Cannot change mode to rwxr-xr-x: Operation not permitted
build	Cache Android SDK	2026-06-06T12:23:00.2938385Z /usr/bin/tar: ../../../../../usr/local/lib/android/sdk/platforms/android-34-ext8/data/res/values-mcc310-mnc660-nl: Cannot utime: Operation not permitted
build	Cache Android SDK	2026-06-06T12:23:00.2938852Z /usr/bin/tar: ../../../../../usr/local/lib/android/sdk/platforms/android-34-ext8/data/res/values-mcc310-mnc660-nl: Cannot change mode to rwxr-xr-x: Operation not permitted
build	Cache Android SDK	2026-06-06T12:23:00.2941779Z /usr/bin/tar: ../../../../../usr/local/lib/android/sdk/platforms/android-34-ext8/data/res/values-mcc310-mnc030-zh-rHK: Cannot utime: Operation not permitted
build	Cache Android SDK	2026-06-06T12:23:00.2942272Z /usr/bin/tar: ../../../../../usr/local/lib/android/sdk/platforms/android-34-ext8/data/res/values-mcc310-mnc030-zh-rHK: Cannot change mode to rwxr-xr-x: Operation not permitted
build	Cache Android SDK	2026-06-06T12:23:00.2944975Z /usr/bin/tar: ../../../../../usr/local/lib/android/sdk/platforms/android-34-ext8/data/res/values-mcc302-mnc370-sv: Cannot utime: Operation not permitted
build	Cache Android SDK	2026-06-06T12:23:00.2945438Z /usr/bin/tar: ../../../../../usr/local/lib/android/sdk/platforms/android-34-ext8/data/res/values-mcc302-mnc370-sv: Cannot change mode to rwxr-xr-x: Operation not permitted
build	Cache Android SDK	2026-06-06T12:23:00.2947978Z /usr/bin/tar: ../../../../../usr/local/lib/android/sdk/platforms/android-34-ext8/data/res/values-mcc310-mnc170-fa: Cannot utime: Operation not permitted
build	Cache Android SDK	2026-06-06T12:23:00.2948446Z /usr/bin/tar: ../../../../../usr/local/lib/android/sdk/platforms/android-34-ext8/data/res/values-mcc310-mnc170-fa: Cannot change mode to rwxr-xr-x: Operation not permitted
build	Cache Android SDK	2026-06-06T12:23:00.2951085Z /usr/bin/tar: ../../../../../usr/local/lib/android/sdk/platforms/android-34-ext8/data/res/values-port: Cannot utime: Operation not permitted
build	Cache Android SDK	2026-06-06T12:23:00.2951517Z /usr/bin/tar: ../../../../../usr/local/lib/android/sdk/platforms/android-34-ext8/data/res/values-port: Cannot change mode to rwxr-xr-x: Operation not permitted
build	Cache Android SDK	2026-06-06T12:23:00.2954247Z /usr/bin/tar: ../../../../../usr/local/lib/android/sdk/platforms/android-34-ext8/data/res/drawable-en-hdpi: Cannot utime: Operation not permitted
build	Cache Android SDK	2026-06-06T12:23:00.2954694Z /usr/bin/tar: ../../../../../usr/local/lib/android/sdk/platforms/android-34-ext8/data/res/drawable-en-hdpi: Cannot change mode to rwxr-xr-x: Operation not permitted
build	Cache Android SDK	2026-06-06T12:23:00.2957670Z /usr/bin/tar: ../../../../../usr/local/lib/android/sdk/platforms/android-34-ext8/data/res/values-mcc310-mnc230-mn: Cannot utime: Operation not permitted
build	Cache Android SDK	2026-06-06T12:23:00.2958367Z /usr/bin/tar: ../../../../../usr/local/lib/android/sdk/platforms/android-34-ext8/data/res/values-mcc310-mnc230-mn: Cannot change mode to rwxr-xr-x: Operation not permitted
build	Cache Android SDK	2026-06-06T12:23:00.2964125Z /usr/bin/tar: ../../../../../usr/local/lib/android/sdk/platforms/android-34-ext8/data/res/values-es: Cannot utime: Operation not permitted
build	Cache Android SDK	2026-06-06T12:23:00.2964547Z /usr/bin/tar: ../../../../../usr/local/lib/android/sdk/platforms/android-34-ext8/data/res/values-es: Cannot change mode to rwxr-xr-x: Operation not permitted
build	Cache Android SDK	2026-06-06T12:23:00.2968040Z /usr/bin/tar: ../../../../../usr/local/lib/android/sdk/platforms/android-34-ext8/data/res/values-mcc310-mnc800-km: Cannot utime: Operation not permitted
build	Cache Android SDK	2026-06-06T12:23:00.2968750Z /usr/bin/tar: ../../../../../usr/local/lib/android/sdk/platforms/android-34-ext8/data/res/values-mcc310-mnc800-km: Cannot change mode to rwxr-xr-x: Operation not permitted
build	Cache Android SDK	2026-06-06T12:23:00.2970704Z /usr/bin/tar: ../../../../../usr/local/lib/android/sdk/platforms/android-34-ext8/data/res/values-mcc334-mnc020-en-rAU: Cannot utime: Operation not permitted
build	Cache Android SDK	2026-06-06T12:23:00.2971209Z /usr/bin/tar: ../../../../../usr/local/lib/android/sdk/platforms/android-34-ext8/data/res/values-mcc334-mnc020-en-rAU: Cannot change mode to rwxr-xr-x: Operation not permitted
build	Cache Android SDK	2026-06-06T12:23:00.2973788Z /usr/bin/tar: ../../../../../usr/local/lib/android/sdk/platforms/android-34-ext8/data/res/values-mcc310-mnc170-tl: Cannot utime: Operation not permitted
build	Cache Android SDK	2026-06-06T12:23:00.2974270Z /usr/bin/tar: ../../../../../usr/local/lib/android/sdk/platforms/android-34-ext8/data/res/values-mcc310-mnc170-tl: Cannot change mode to rwxr-xr-x: Operation not permitted
build	Cache Android SDK	2026-06-06T12:23:00.2976665Z /usr/bin/tar: ../../../../../usr/local/lib/android/sdk/platforms/android-34-ext8/data/res/values-mcc311-mnc180-lt: Cannot utime: Operation not permitted
build	Cache Android SDK	2026-06-06T12:23:00.2977138Z /usr/bin/tar: ../../../../../usr/local/lib/android/sdk/platforms/android-34-ext8/data/res/values-mcc311-mnc180-lt: Cannot change mode to rwxr-xr-x: Operation not permitted
build	Cache Android SDK	2026-06-06T12:23:00.2979520Z /usr/bin/tar: ../../../../../usr/local/lib/android/sdk/platforms/android-34-ext8/data/res/values-en-rIN-television: Cannot utime: Operation not permitted
build	Cache Android SDK	2026-06-06T12:23:00.2980135Z /usr/bin/tar: ../../../../../usr/local/lib/android/sdk/platforms/android-34-ext8/data/res/values-en-rIN-television: Cannot change mode to rwxr-xr-x: Operation not permitted
build	Cache Android SDK	2026-06-06T12:23:00.2983153Z /usr/bin/tar: ../../../../../usr/local/lib/android/sdk/platforms/android-34-ext8/data/res/values-mcc310-mnc270-nl: Cannot utime: Operation not permitted
build	Cache Android SDK	2026-06-06T12:23:00.2983724Z /usr/bin/tar: ../../../../../usr/local/lib/android/sdk/platforms/android-34-ext8/data/res/values-mcc310-mnc270-nl: Cannot change mode to rwxr-xr-x: Operation not permitted
build	Cache Android SDK	2026-06-06T12:23:00.2985979Z /usr/bin/tar: ../../../../../usr/local/lib/android/sdk/platforms/android-34-ext8/data/res/values-mcc334-mnc020-hu: Cannot utime: Operation not permitted
build	Cache Android SDK	2026-06-06T12:23:00.2986445Z /usr/bin/tar: ../../../../../usr/local/lib/android/sdk/platforms/android-34-ext8/data/res/values-mcc334-mnc020-hu: Cannot change mode to rwxr-xr-x: Operation not permitted
build	Cache Android SDK	2026-06-06T12:23:00.2989323Z /usr/bin/tar: ../../../../../usr/local/lib/android/sdk/platforms/android-34-ext8/data/res/values-mcc310-mnc220-gl: Cannot utime: Operation not permitted
build	Cache Android SDK	2026-06-06T12:23:00.2989808Z /usr/bin/tar: ../../../../../usr/local/lib/android/sdk/platforms/android-34-ext8/data/res/values-mcc310-mnc220-gl: Cannot change mode to rwxr-xr-x: Operation not permitted
build	Cache Android SDK	2026-06-06T12:23:00.2992072Z /usr/bin/tar: ../../../../../usr/local/lib/android/sdk/platforms/android-34-ext8/data/res/values-mcc310-mnc220-zh-rHK: Cannot utime: Operation not permitted
build	Cache Android SDK	2026-06-06T12:23:00.2992575Z /usr/bin/tar: ../../../../../usr/local/lib/android/sdk/platforms/android-34-ext8/data/res/values-mcc310-mnc220-zh-rHK: Cannot change mode to rwxr-xr-x: Operation not permitted
build	Cache Android SDK	2026-06-06T12:23:00.2994967Z /usr/bin/tar: ../../../../../usr/local/lib/android/sdk/platforms/android-34-ext8/data/res/values-sw720dp-w1280dp: Cannot utime: Operation not permitted
build	Cache Android SDK	2026-06-06T12:23:00.2995460Z /usr/bin/tar: ../../../../../usr/local/lib/android/sdk/platforms/android-34-ext8/data/res/values-sw720dp-w1280dp: Cannot change mode to rwxr-xr-x: Operation not permitted
build	Cache Android SDK	2026-06-06T12:23:00.2998382Z /usr/bin/tar: ../../../../../usr/local/lib/android/sdk/platforms/android-34-ext8/data/res/values-mcc310-mnc030-pt-rPT: Cannot utime: Operation not permitted
build	Cache Android SDK	2026-06-06T12:23:00.2998891Z /usr/bin/tar: ../../../../../usr/local/lib/android/sdk/platforms/android-34-ext8/data/res/values-mcc310-mnc030-pt-rPT: Cannot change mode to rwxr-xr-x: Operation not permitted
build	Cache Android SDK	2026-06-06T12:23:00.3001483Z /usr/bin/tar: ../../../../../usr/local/lib/android/sdk/platforms/android-34-ext8/data/res/values-mcc313-mnc100-ca: Cannot utime: Operation not permitted
build	Cache Android SDK	2026-06-06T12:23:00.3001948Z /usr/bin/tar: ../../../../../usr/local/lib/android/sdk/platforms/android-34-ext8/data/res/values-mcc313-mnc100-ca: Cannot change mode to rwxr-xr-x: Operation not permitted
build	Cache Android SDK	2026-06-06T12:23:00.3004322Z /usr/bin/tar: ../../../../../usr/local/lib/android/sdk/platforms/android-34-ext8/data/res/values-mcc310-mnc660-de: Cannot utime: Operation not permitted
build	Cache Android SDK	2026-06-06T12:23:00.3004808Z /usr/bin/tar: ../../../../../usr/local/lib/android/sdk/platforms/android-34-ext8/data/res/values-mcc310-mnc660-de: Cannot change mode to rwxr-xr-x: Operation not permitted
build	Cache Android SDK	2026-06-06T12:23:00.3007222Z /usr/bin/tar: ../../../../../usr/local/lib/android/sdk/platforms/android-34-ext8/data/res/values-mcc310-mnc160-fr-rCA: Cannot utime: Operation not permitted
build	Cache Android SDK	2026-06-06T12:23:00.3008087Z /usr/bin/tar: ../../../../../usr/local/lib/android/sdk/platforms/android-34-ext8/data/res/values-mcc310-mnc160-fr-rCA: Cannot change mode to rwxr-xr-x: Operation not permitted
build	Cache Android SDK	2026-06-06T12:23:00.3010303Z /usr/bin/tar: ../../../../../usr/local/lib/android/sdk/platforms/android-34-ext8/data/res/values-mcc312-mnc670-or: Cannot utime: Operation not permitted
build	Cache Android SDK	2026-06-06T12:23:00.3010787Z /usr/bin/tar: ../../../../../usr/local/lib/android/sdk/platforms/android-34-ext8/data/res/values-mcc312-mnc670-or: Cannot change mode to rwxr-xr-x: Operation not permitted
build	Cache Android SDK	2026-06-06T12:23:00.3013285Z /usr/bin/tar: ../../../../../usr/local/lib/android/sdk/platforms/android-34-ext8/data/res/values-mcc310-mnc210-da: Cannot utime: Operation not permitted
build	Cache Android SDK	2026-06-06T12:23:00.3013751Z /usr/bin/tar: ../../../../../usr/local/lib/android/sdk/platforms/android-34-ext8/data/res/values-mcc310-mnc210-da: Cannot change mode to rwxr-xr-x: Operation not permitted
build	Cache Android SDK	2026-06-06T12:23:00.3016502Z /usr/bin/tar: ../../../../../usr/local/lib/android/sdk/platforms/android-34-ext8/data/res/values-mcc310-mnc310-sk: Cannot utime: Operation not permitted
build	Cache Android SDK	2026-06-06T12:23:00.3017057Z /usr/bin/tar: ../../../../../usr/local/lib/android/sdk/platforms/android-34-ext8/data/res/values-mcc310-mnc310-sk: Cannot change mode to rwxr-xr-x: Operation not permitted
build	Cache Android SDK	2026-06-06T12:23:00.3019304Z /usr/bin/tar: ../../../../../usr/local/lib/android/sdk/platforms/android-34-ext8/data/res/values-mcc310-mnc200-in: Cannot utime: Operation not permitted
build	Cache Android SDK	2026-06-06T12:23:00.3019859Z /usr/bin/tar: ../../../../../usr/local/lib/android/sdk/platforms/android-34-ext8/data/res/values-mcc310-mnc200-in: Cannot change mode to rwxr-xr-x: Operation not permitted
build	Cache Android SDK	2026-06-06T12:23:00.3022914Z /usr/bin/tar: ../../../../../usr/local/lib/android/sdk/platforms/android-34-ext8/data/res/values-mcc310-mnc170-af: Cannot utime: Operation not permitted
build	Cache Android SDK	2026-06-06T12:23:00.3023825Z /usr/bin/tar: ../../../../../usr/local/lib/android/sdk/platforms/android-34-ext8/data/res/values-mcc310-mnc170-af: Cannot change mode to rwxr-xr-x: Operation not permitted
build	Cache Android SDK	2026-06-06T12:23:00.3029996Z /usr/bin/tar: ../../../../../usr/local/lib/android/sdk/platforms/android-34-ext8/data/res/values-hu: Cannot utime: Operation not permitted
build	Cache Android SDK	2026-06-06T12:23:00.3030450Z /usr/bin/tar: ../../../../../usr/local/lib/android/sdk/platforms/android-34-ext8/data/res/values-hu: Cannot change mode to rwxr-xr-x: Operation not permitted
build	Cache Android SDK	2026-06-06T12:23:00.3033408Z /usr/bin/tar: ../../../../../usr/local/lib/android/sdk/platforms/android-34-ext8/data/res/values-mcc310-mnc950-en-rXC: Cannot utime: Operation not permitted
build	Cache Android SDK	2026-06-06T12:23:00.3033934Z /usr/bin/tar: ../../../../../usr/local/lib/android/sdk/platforms/android-34-ext8/data/res/values-mcc310-mnc950-en-rXC: Cannot change mode to rwxr-xr-x: Operation not permitted
build	Cache Android SDK	2026-06-06T12:23:00.3036704Z /usr/bin/tar: ../../../../../usr/local/lib/android/sdk/platforms/android-34-ext8/data/res/values-mcc310: Cannot utime: Operation not permitted
build	Cache Android SDK	2026-06-06T12:23:00.3037186Z /usr/bin/tar: ../../../../../usr/local/lib/android/sdk/platforms/android-34-ext8/data/res/values-mcc310: Cannot change mode to rwxr-xr-x: Operation not permitted
build	Cache Android SDK	2026-06-06T12:23:00.3039946Z /usr/bin/tar: ../../../../../usr/local/lib/android/sdk/platforms/android-34-ext8/data/res/values-mcc312-mnc670-fi: Cannot utime: Operation not permitted
build	Cache Android SDK	2026-06-06T12:23:00.3040414Z /usr/bin/tar: ../../../../../usr/local/lib/android/sdk/platforms/android-34-ext8/data/res/values-mcc312-mnc670-fi: Cannot change mode to rwxr-xr-x: Operation not permitted
build	Cache Android SDK	2026-06-06T12:23:00.3042988Z /usr/bin/tar: ../../../../../usr/local/lib/android/sdk/platforms/android-34-ext8/data/res/values-es-rUS-television: Cannot utime: Operation not permitted
build	Cache Android SDK	2026-06-06T12:23:00.3043550Z /usr/bin/tar: ../../../../../usr/local/lib/android/sdk/platforms/android-34-ext8/data/res/values-es-rUS-television: Cannot change mode to rwxr-xr-x: Operation not permitted
build	Cache Android SDK	2026-06-06T12:23:00.3045935Z /usr/bin/tar: ../../../../../usr/local/lib/android/sdk/platforms/android-34-ext8/data/res/values-mcc310-mnc950-mn: Cannot utime: Operation not permitted
build	Cache Android SDK	2026-06-06T12:23:00.3046545Z /usr/bin/tar: ../../../../../usr/local/lib/android/sdk/platforms/android-34-ext8/data/res/values-mcc310-mnc950-mn: Cannot change mode to rwxr-xr-x: Operation not permitted
build	Cache Android SDK	2026-06-06T12:23:00.3049321Z /usr/bin/tar: ../../../../../usr/local/lib/android/sdk/platforms/android-34-ext8/data/res/values-mcc310-mnc660-et: Cannot utime: Operation not permitted
build	Cache Android SDK	2026-06-06T12:23:00.3049794Z /usr/bin/tar: ../../../../../usr/local/lib/android/sdk/platforms/android-34-ext8/data/res/values-mcc310-mnc660-et: Cannot change mode to rwxr-xr-x: Operation not permitted
build	Cache Android SDK	2026-06-06T12:23:00.3052650Z /usr/bin/tar: ../../../../../usr/local/lib/android/sdk/platforms/android-34-ext8/data/res/values-mcc310-mnc210-ar: Cannot utime: Operation not permitted
build	Cache Android SDK	2026-06-06T12:23:00.3053128Z /usr/bin/tar: ../../../../../usr/local/lib/android/sdk/platforms/android-34-ext8/data/res/values-mcc310-mnc210-ar: Cannot change mode to rwxr-xr-x: Operation not permitted
build	Cache Android SDK	2026-06-06T12:23:00.3055634Z /usr/bin/tar: ../../../../../usr/local/lib/android/sdk/platforms/android-34-ext8/data/res/values-mcc310-mnc270-hi: Cannot utime: Operation not permitted
build	Cache Android SDK	2026-06-06T12:23:00.3056109Z /usr/bin/tar: ../../../../../usr/local/lib/android/sdk/platforms/android-34-ext8/data/res/values-mcc310-mnc270-hi: Cannot change mode to rwxr-xr-x: Operation not permitted
build	Cache Android SDK	2026-06-06T12:23:00.3058777Z /usr/bin/tar: ../../../../../usr/local/lib/android/sdk/platforms/android-34-ext8/data/res/values-mcc311-mnc180-in: Cannot utime: Operation not permitted
build	Cache Android SDK	2026-06-06T12:23:00.3059341Z /usr/bin/tar: ../../../../../usr/local/lib/android/sdk/platforms/android-34-ext8/data/res/values-mcc311-mnc180-in: Cannot change mode to rwxr-xr-x: Operation not permitted
build	Cache Android SDK	2026-06-06T12:23:00.3062027Z /usr/bin/tar: ../../../../../usr/local/lib/android/sdk/platforms/android-34-ext8/data/res/values-mcc310-mnc240-hy: Cannot utime: Operation not permitted
build	Cache Android SDK	2026-06-06T12:23:00.3062530Z /usr/bin/tar: ../../../../../usr/local/lib/android/sdk/platforms/android-34-ext8/data/res/values-mcc310-mnc240-hy: Cannot change mode to rwxr-xr-x: Operation not permitted
build	Cache Android SDK	2026-06-06T12:23:00.3064884Z /usr/bin/tar: ../../../../../usr/local/lib/android/sdk/platforms/android-34-ext8/data/res/values-lv-watch: Cannot utime: Operation not permitted
build	Cache Android SDK	2026-06-06T12:23:00.3065371Z /usr/bin/tar: ../../../../../usr/local/lib/android/sdk/platforms/android-34-ext8/data/res/values-lv-watch: Cannot change mode to rwxr-xr-x: Operation not permitted
build	Cache Android SDK	2026-06-06T12:23:00.3068254Z /usr/bin/tar: ../../../../../usr/local/lib/android/sdk/platforms/android-34-ext8/data/res/values-mcc302-mnc720-ta: Cannot utime: Operation not permitted
build	Cache Android SDK	2026-06-06T12:23:00.3068713Z /usr/bin/tar: ../../../../../usr/local/lib/android/sdk/platforms/android-34-ext8/data/res/values-mcc302-mnc720-ta: Cannot change mode to rwxr-xr-x: Operation not permitted
build	Cache Android SDK	2026-06-06T12:23:00.3071624Z /usr/bin/tar: ../../../../../usr/local/lib/android/sdk/platforms/android-34-ext8/data/res/values-mcc310-mnc200-th: Cannot utime: Operation not permitted
build	Cache Android SDK	2026-06-06T12:23:00.3072125Z /usr/bin/tar: ../../../../../usr/local/lib/android/sdk/platforms/android-34-ext8/data/res/values-mcc310-mnc200-th: Cannot change mode to rwxr-xr-x: Operation not permitted
build	Cache Android SDK	2026-06-06T12:23:00.3074273Z /usr/bin/tar: ../../../../../usr/local/lib/android/sdk/platforms/android-34-ext8/data/res/values-mcc310-mnc160-ta: Cannot utime: Operation not permitted
build	Cache Android SDK	2026-06-06T12:23:00.3074745Z /usr/bin/tar: ../../../../../usr/local/lib/android/sdk/platforms/android-34-ext8/data/res/values-mcc310-mnc160-ta: Cannot change mode to rwxr-xr-x: Operation not permitted
build	Cache Android SDK	2026-06-06T12:23:00.3077190Z /usr/bin/tar: ../../../../../usr/local/lib/android/sdk/platforms/android-34-ext8/data/res/values-mcc310-mnc210-lt: Cannot utime: Operation not permitted
build	Cache Android SDK	2026-06-06T12:23:00.3077842Z /usr/bin/tar: ../../../../../usr/local/lib/android/sdk/platforms/android-34-ext8/data/res/values-mcc310-mnc210-lt: Cannot change mode to rwxr-xr-x: Operation not permitted
build	Cache Android SDK	2026-06-06T12:23:00.3080514Z /usr/bin/tar: ../../../../../usr/local/lib/android/sdk/platforms/android-34-ext8/data/res/values-mcc310-mnc490-my: Cannot utime: Operation not permitted
build	Cache Android SDK	2026-06-06T12:23:00.3081053Z /usr/bin/tar: ../../../../../usr/local/lib/android/sdk/platforms/android-34-ext8/data/res/values-mcc310-mnc490-my: Cannot change mode to rwxr-xr-x: Operation not permitted
build	Cache Android SDK	2026-06-06T12:23:00.3083769Z /usr/bin/tar: ../../../../../usr/local/lib/android/sdk/platforms/android-34-ext8/data/res/values-it-watch: Cannot utime: Operation not permitted
build	Cache Android SDK	2026-06-06T12:23:00.3084305Z /usr/bin/tar: ../../../../../usr/local/lib/android/sdk/platforms/android-34-ext8/data/res/values-it-watch: Cannot change mode to rwxr-xr-x: Operation not permitted
build	Cache Android SDK	2026-06-06T12:23:00.3087578Z /usr/bin/tar: ../../../../../usr/local/lib/android/sdk/platforms/android-34-ext8/data/res/values-mcc310-mnc240-ja: Cannot utime: Operation not permitted
build	Cache Android SDK	2026-06-06T12:23:00.3088052Z /usr/bin/tar: ../../../../../usr/local/lib/android/sdk/platforms/android-34-ext8/data/res/values-mcc310-mnc240-ja: Cannot change mode to rwxr-xr-x: Operation not permitted
build	Cache Android SDK	2026-06-06T12:23:00.3090698Z /usr/bin/tar: ../../../../../usr/local/lib/android/sdk/platforms/android-34-ext8/data/res/values-mcc310-mnc210-zu: Cannot utime: Operation not permitted
build	Cache Android SDK	2026-06-06T12:23:00.3091194Z /usr/bin/tar: ../../../../../usr/local/lib/android/sdk/platforms/android-34-ext8/data/res/values-mcc310-mnc210-zu: Cannot change mode to rwxr-xr-x: Operation not permitted
build	Cache Android SDK	2026-06-06T12:23:00.3094167Z /usr/bin/tar: ../../../../../usr/local/lib/android/sdk/platforms/android-34-ext8/data/res/values-mcc310-mnc250-pa: Cannot utime: Operation not permitted
build	Cache Android SDK	2026-06-06T12:23:00.3094678Z /usr/bin/tar: ../../../../../usr/local/lib/android/sdk/platforms/android-34-ext8/data/res/values-mcc310-mnc250-pa: Cannot change mode to rwxr-xr-x: Operation not permitted
build	Cache Android SDK	2026-06-06T12:23:00.3097501Z /usr/bin/tar: ../../../../../usr/local/lib/android/sdk/platforms/android-34-ext8/data/res/values-mcc310-mnc030-sr: Cannot utime: Operation not permitted
build	Cache Android SDK	2026-06-06T12:23:00.3097976Z /usr/bin/tar: ../../../../../usr/local/lib/android/sdk/platforms/android-34-ext8/data/res/values-mcc310-mnc030-sr: Cannot change mode to rwxr-xr-x: Operation not permitted
build	Cache Android SDK	2026-06-06T12:23:00.3100249Z /usr/bin/tar: ../../../../../usr/local/lib/android/sdk/platforms/android-34-ext8/data/res/values-mcc310-mnc950-pt: Cannot utime: Operation not permitted
build	Cache Android SDK	2026-06-06T12:23:00.3100773Z /usr/bin/tar: ../../../../../usr/local/lib/android/sdk/platforms/android-34-ext8/data/res/values-mcc310-mnc950-pt: Cannot change mode to rwxr-xr-x: Operation not permitted
build	Cache Android SDK	2026-06-06T12:23:00.3103490Z /usr/bin/tar: ../../../../../usr/local/lib/android/sdk/platforms/android-34-ext8/data/res/values-mcc310-mnc560-pa: Cannot utime: Operation not permitted
build	Cache Android SDK	2026-06-06T12:23:00.3103974Z /usr/bin/tar: ../../../../../usr/local/lib/android/sdk/platforms/android-34-ext8/data/res/values-mcc310-mnc560-pa: Cannot change mode to rwxr-xr-x: Operation not permitted
build	Cache Android SDK	2026-06-06T12:23:00.3106447Z /usr/bin/tar: ../../../../../usr/local/lib/android/sdk/platforms/android-34-ext8/data/res/values-mcc310-mnc220-es-rUS: Cannot utime: Operation not permitted
build	Cache Android SDK	2026-06-06T12:23:00.3106939Z /usr/bin/tar: ../../../../../usr/local/lib/android/sdk/platforms/android-34-ext8/data/res/values-mcc310-mnc220-es-rUS: Cannot change mode to rwxr-xr-x: Operation not permitted
build	Cache Android SDK	2026-06-06T12:23:00.3109659Z /usr/bin/tar: ../../../../../usr/local/lib/android/sdk/platforms/android-34-ext8/data/res/values-mcc310-mnc660-bg: Cannot utime: Operation not permitted
build	Cache Android SDK	2026-06-06T12:23:00.3110159Z /usr/bin/tar: ../../../../../usr/local/lib/android/sdk/platforms/android-34-ext8/data/res/values-mcc310-mnc660-bg: Cannot change mode to rwxr-xr-x: Operation not permitted
build	Cache Android SDK	2026-06-06T12:23:00.3116752Z /usr/bin/tar: ../../../../../usr/local/lib/android/sdk/platforms/android-34-ext8/data/res/values-mcc310-mnc380-fa: Cannot utime: Operation not permitted
build	Cache Android SDK	2026-06-06T12:23:00.3117745Z /usr/bin/tar: ../../../../../usr/local/lib/android/sdk/platforms/android-34-ext8/data/res/values-mcc310-mnc380-fa: Cannot change mode to rwxr-xr-x: Operation not permitted
build	Cache Android SDK	2026-06-06T12:23:00.3118582Z /usr/bin/tar: ../../../../../usr/local/lib/android/sdk/platforms/android-34-ext8/data/res/values-mcc001-mnc01-km: Cannot utime: Operation not permitted
build	Cache Android SDK	2026-06-06T12:23:00.3119188Z /usr/bin/tar: ../../../../../usr/local/lib/android/sdk/platforms/android-34-ext8/data/res/values-mcc001-mnc01-km: Cannot change mode to rwxr-xr-x: Operation not permitted
build	Cache Android SDK	2026-06-06T12:23:00.3119900Z /usr/bin/tar: ../../../../../usr/local/lib/android/sdk/platforms/android-34-ext8/data/res/values-mcc310-mnc030-el: Cannot utime: Operation not permitted
build	Cache Android SDK	2026-06-06T12:23:00.3120410Z /usr/bin/tar: ../../../../../usr/local/lib/android/sdk/platforms/android-34-ext8/data/res/values-mcc310-mnc030-el: Cannot change mode to rwxr-xr-x: Operation not permitted
build	Cache Android SDK	2026-06-06T12:23:00.3122269Z /usr/bin/tar: ../../../../../usr/local/lib/android/sdk/platforms/android-34-ext8/data/res/values-mcc310-mnc660-ky: Cannot utime: Operation not permitted
build	Cache Android SDK	2026-06-06T12:23:00.3122790Z /usr/bin/tar: ../../../../../usr/local/lib/android/sdk/platforms/android-34-ext8/data/res/values-mcc310-mnc660-ky: Cannot change mode to rwxr-xr-x: Operation not permitted
build	Cache Android SDK	2026-06-06T12:23:00.3125519Z /usr/bin/tar: ../../../../../usr/local/lib/android/sdk/platforms/android-34-ext8/data/res/values-mcc310-mnc210-uz: Cannot utime: Operation not permitted
build	Cache Android SDK	2026-06-06T12:23:00.3126111Z /usr/bin/tar: ../../../../../usr/local/lib/android/sdk/platforms/android-34-ext8/data/res/values-mcc310-mnc210-uz: Cannot change mode to rwxr-xr-x: Operation not permitted
build	Cache Android SDK	2026-06-06T12:23:00.3128649Z /usr/bin/tar: ../../../../../usr/local/lib/android/sdk/platforms/android-34-ext8/data/res/values-mcc310-mnc310-ur: Cannot utime: Operation not permitted
build	Cache Android SDK	2026-06-06T12:23:00.3129097Z /usr/bin/tar: ../../../../../usr/local/lib/android/sdk/platforms/android-34-ext8/data/res/values-mcc310-mnc310-ur: Cannot change mode to rwxr-xr-x: Operation not permitted
build	Cache Android SDK	2026-06-06T12:23:00.3131619Z /usr/bin/tar: ../../../../../usr/local/lib/android/sdk/platforms/android-34-ext8/data/res/values-mcc310-mnc270-kn: Cannot utime: Operation not permitted
build	Cache Android SDK	2026-06-06T12:23:00.3132123Z /usr/bin/tar: ../../../../../usr/local/lib/android/sdk/platforms/android-34-ext8/data/res/values-mcc310-mnc270-kn: Cannot change mode to rwxr-xr-x: Operation not permitted
build	Cache Android SDK	2026-06-06T12:23:00.3134745Z /usr/bin/tar: ../../../../../usr/local/lib/android/sdk/platforms/android-34-ext8/data/res/values-mcc302-mnc370-or: Cannot utime: Operation not permitted
build	Cache Android SDK	2026-06-06T12:23:00.3135206Z /usr/bin/tar: ../../../../../usr/local/lib/android/sdk/platforms/android-34-ext8/data/res/values-mcc302-mnc370-or: Cannot change mode to rwxr-xr-x: Operation not permitted
build	Cache Android SDK	2026-06-06T12:23:00.3138122Z /usr/bin/tar: ../../../../../usr/local/lib/android/sdk/platforms/android-34-ext8/data/res/values-mcc310-mnc150-hr: Cannot utime: Operation not permitted
build	Cache Android SDK	2026-06-06T12:23:00.3138689Z /usr/bin/tar: ../../../../../usr/local/lib/android/sdk/platforms/android-34-ext8/data/res/values-mcc310-mnc150-hr: Cannot change mode to rwxr-xr-x: Operation not permitted
build	Cache Android SDK	2026-06-06T12:23:00.3145255Z /usr/bin/tar: ../../../../../usr/local/lib/android/sdk/platforms/android-34-ext8/data/res/values-te: Cannot utime: Operation not permitted
build	Cache Android SDK	2026-06-06T12:23:00.3145675Z /usr/bin/tar: ../../../../../usr/local/lib/android/sdk/platforms/android-34-ext8/data/res/values-te: Cannot change mode to rwxr-xr-x: Operation not permitted
build	Cache Android SDK	2026-06-06T12:23:00.3148656Z /usr/bin/tar: ../../../../../usr/local/lib/android/sdk/platforms/android-34-ext8/data/res/values-mcc310-mnc490-es-rUS: Cannot utime: Operation not permitted
build	Cache Android SDK	2026-06-06T12:23:00.3149264Z /usr/bin/tar: ../../../../../usr/local/lib/android/sdk/platforms/android-34-ext8/data/res/values-mcc310-mnc490-es-rUS: Cannot change mode to rwxr-xr-x: Operation not permitted
build	Cache Android SDK	2026-06-06T12:23:00.3151732Z /usr/bin/tar: ../../../../../usr/local/lib/android/sdk/platforms/android-34-ext8/data/res/values-mcc310-mnc310-pt: Cannot utime: Operation not permitted
build	Cache Android SDK	2026-06-06T12:23:00.3152286Z /usr/bin/tar: ../../../../../usr/local/lib/android/sdk/platforms/android-34-ext8/data/res/values-mcc310-mnc310-pt: Cannot change mode to rwxr-xr-x: Operation not permitted
build	Cache Android SDK	2026-06-06T12:23:00.3154823Z /usr/bin/tar: ../../../../../usr/local/lib/android/sdk/platforms/android-34-ext8/data/res/values-mcc310-mnc200-bg: Cannot utime: Operation not permitted
build	Cache Android SDK	2026-06-06T12:23:00.3155282Z /usr/bin/tar: ../../../../../usr/local/lib/android/sdk/platforms/android-34-ext8/data/res/values-mcc310-mnc200-bg: Cannot change mode to rwxr-xr-x: Operation not permitted
build	Cache Android SDK	2026-06-06T12:23:00.3157999Z /usr/bin/tar: ../../../../../usr/local/lib/android/sdk/platforms/android-34-ext8/data/res/values-mcc312-mnc670-fr: Cannot utime: Operation not permitted
build	Cache Android SDK	2026-06-06T12:23:00.3158463Z /usr/bin/tar: ../../../../../usr/local/lib/android/sdk/platforms/android-34-ext8/data/res/values-mcc312-mnc670-fr: Cannot change mode to rwxr-xr-x: Operation not permitted
build	Cache Android SDK	2026-06-06T12:23:00.3160976Z /usr/bin/tar: ../../../../../usr/local/lib/android/sdk/platforms/android-34-ext8/data/res/values-mcc310-mnc560-th: Cannot utime: Operation not permitted
build	Cache Android SDK	2026-06-06T12:23:00.3161492Z /usr/bin/tar: ../../../../../usr/local/lib/android/sdk/platforms/android-34-ext8/data/res/values-mcc310-mnc560-th: Cannot change mode to rwxr-xr-x: Operation not permitted
build	Cache Android SDK	2026-06-06T12:23:00.3164030Z /usr/bin/tar: ../../../../../usr/local/lib/android/sdk/platforms/android-34-ext8/data/res/values-mcc312-mnc670-ta: Cannot utime: Operation not permitted
build	Cache Android SDK	2026-06-06T12:23:00.3164551Z /usr/bin/tar: ../../../../../usr/local/lib/android/sdk/platforms/android-34-ext8/data/res/values-mcc312-mnc670-ta: Cannot change mode to rwxr-xr-x: Operation not permitted
build	Cache Android SDK	2026-06-06T12:23:00.3167055Z /usr/bin/tar: ../../../../../usr/local/lib/android/sdk/platforms/android-34-ext8/data/res/values-mcc312-mnc670-tr: Cannot utime: Operation not permitted
build	Cache Android SDK	2026-06-06T12:23:00.3167622Z /usr/bin/tar: ../../../../../usr/local/lib/android/sdk/platforms/android-34-ext8/data/res/values-mcc312-mnc670-tr: Cannot change mode to rwxr-xr-x: Operation not permitted
build	Cache Android SDK	2026-06-06T12:23:00.3172345Z /usr/bin/tar: ../../../../../usr/local/lib/android/sdk/platforms/android-34-ext8/data/res/values-mcc310-mnc210-zh-rTW: Cannot utime: Operation not permitted
build	Cache Android SDK	2026-06-06T12:23:00.3172821Z /usr/bin/tar: ../../../../../usr/local/lib/android/sdk/platforms/android-34-ext8/data/res/values-mcc310-mnc210-zh-rTW: Cannot change mode to rwxr-xr-x: Operation not permitted
build	Cache Android SDK	2026-06-06T12:23:00.3175566Z /usr/bin/tar: ../../../../../usr/local/lib/android/sdk/platforms/android-34-ext8/data/res/raw-de: Cannot utime: Operation not permitted
build	Cache Android SDK	2026-06-06T12:23:00.3175974Z /usr/bin/tar: ../../../../../usr/local/lib/android/sdk/platforms/android-34-ext8/data/res/raw-de: Cannot change mode to rwxr-xr-x: Operation not permitted
build	Cache Android SDK	2026-06-06T12:23:00.3179083Z /usr/bin/tar: ../../../../../usr/local/lib/android/sdk/platforms/android-34-ext8/data/res/values-mcc312-mnc670-zh-rHK: Cannot utime: Operation not permitted
build	Cache Android SDK	2026-06-06T12:23:00.3179600Z /usr/bin/tar: ../../../../../usr/local/lib/android/sdk/platforms/android-34-ext8/data/res/values-mcc312-mnc670-zh-rHK: Cannot change mode to rwxr-xr-x: Operation not permitted
build	Cache Android SDK	2026-06-06T12:23:00.3181954Z /usr/bin/tar: ../../../../../usr/local/lib/android/sdk/platforms/android-34-ext8/data/res/values-mcc302-mnc370-ro: Cannot utime: Operation not permitted
build	Cache Android SDK	2026-06-06T12:23:00.3182520Z /usr/bin/tar: ../../../../../usr/local/lib/android/sdk/platforms/android-34-ext8/data/res/values-mcc302-mnc370-ro: Cannot change mode to rwxr-xr-x: Operation not permitted
build	Cache Android SDK	2026-06-06T12:23:00.3184933Z /usr/bin/tar: ../../../../../usr/local/lib/android/sdk/platforms/android-34-ext8/data/res/values-mcc310-mnc240-mn: Cannot utime: Operation not permitted
build	Cache Android SDK	2026-06-06T12:23:00.3185473Z /usr/bin/tar: ../../../../../usr/local/lib/android/sdk/platforms/android-34-ext8/data/res/values-mcc310-mnc240-mn: Cannot change mode to rwxr-xr-x: Operation not permitted
build	Cache Android SDK	2026-06-06T12:23:00.3188143Z /usr/bin/tar: ../../../../../usr/local/lib/android/sdk/platforms/android-34-ext8/data/res/values-mcc310-mnc240-bn: Cannot utime: Operation not permitted
build	Cache Android SDK	2026-06-06T12:23:00.3189019Z /usr/bin/tar: ../../../../../usr/local/lib/android/sdk/platforms/android-34-ext8/data/res/values-mcc310-mnc240-bn: Cannot change mode to rwxr-xr-x: Operation not permitted
build	Cache Android SDK	2026-06-06T12:23:00.3191142Z /usr/bin/tar: ../../../../../usr/local/lib/android/sdk/platforms/android-34-ext8/data/res/values-mcc310-mnc560-be: Cannot utime: Operation not permitted
build	Cache Android SDK	2026-06-06T12:23:00.3191604Z /usr/bin/tar: ../../../../../usr/local/lib/android/sdk/platforms/android-34-ext8/data/res/values-mcc310-mnc560-be: Cannot change mode to rwxr-xr-x: Operation not permitted
build	Cache Android SDK	2026-06-06T12:23:00.3194285Z /usr/bin/tar: ../../../../../usr/local/lib/android/sdk/platforms/android-34-ext8/data/res/values-mcc313-mnc100-th: Cannot utime: Operation not permitted
build	Cache Android SDK	2026-06-06T12:23:00.3194749Z /usr/bin/tar: ../../../../../usr/local/lib/android/sdk/platforms/android-34-ext8/data/res/values-mcc313-mnc100-th: Cannot change mode to rwxr-xr-x: Operation not permitted
build	Cache Android SDK	2026-06-06T12:23:00.3197620Z /usr/bin/tar: ../../../../../usr/local/lib/android/sdk/platforms/android-34-ext8/data/res/values-mcc310-mnc220-el: Cannot utime: Operation not permitted
build	Cache Android SDK	2026-06-06T12:23:00.3198082Z /usr/bin/tar: ../../../../../usr/local/lib/android/sdk/platforms/android-34-ext8/data/res/values-mcc310-mnc220-el: Cannot change mode to rwxr-xr-x: Operation not permitted
build	Cache Android SDK	2026-06-06T12:23:00.3200419Z /usr/bin/tar: ../../../../../usr/local/lib/android/sdk/platforms/android-34-ext8/data/res/values-mcc311-mnc180-si: Cannot utime: Operation not permitted
build	Cache Android SDK	2026-06-06T12:23:00.3200946Z /usr/bin/tar: ../../../../../usr/local/lib/android/sdk/platforms/android-34-ext8/data/res/values-mcc311-mnc180-si: Cannot change mode to rwxr-xr-x: Operation not permitted
build	Cache Android SDK	2026-06-06T12:23:00.3203606Z /usr/bin/tar: ../../../../../usr/local/lib/android/sdk/platforms/android-34-ext8/data/res/values-mcc310-mnc250-uk: Cannot utime: Operation not permitted
build	Cache Android SDK	2026-06-06T12:23:00.3204074Z /usr/bin/tar: ../../../../../usr/local/lib/android/sdk/platforms/android-34-ext8/data/res/values-mcc310-mnc250-uk: Cannot change mode to rwxr-xr-x: Operation not permitted
build	Cache Android SDK	2026-06-06T12:23:00.3206685Z /usr/bin/tar: ../../../../../usr/local/lib/android/sdk/platforms/android-34-ext8/data/res/values-mcc313-mnc100-en-rCA: Cannot utime: Operation not permitted
build	Cache Android SDK	2026-06-06T12:23:00.3207164Z /usr/bin/tar: ../../../../../usr/local/lib/android/sdk/platforms/android-34-ext8/data/res/values-mcc313-mnc100-en-rCA: Cannot change mode to rwxr-xr-x: Operation not permitted
build	Cache Android SDK	2026-06-06T12:23:00.3209869Z /usr/bin/tar: ../../../../../usr/local/lib/android/sdk/platforms/android-34-ext8/data/res/raw-ar: Cannot utime: Operation not permitted
build	Cache Android SDK	2026-06-06T12:23:00.3210280Z /usr/bin/tar: ../../../../../usr/local/lib/android/sdk/platforms/android-34-ext8/data/res/raw-ar: Cannot change mode to rwxr-xr-x: Operation not permitted
build	Cache Android SDK	2026-06-06T12:23:00.3213174Z /usr/bin/tar: ../../../../../usr/local/lib/android/sdk/platforms/android-34-ext8/data/res/values-mcc310-mnc660-ro: Cannot utime: Operation not permitted
build	Cache Android SDK	2026-06-06T12:23:00.3213639Z /usr/bin/tar: ../../../../../usr/local/lib/android/sdk/platforms/android-34-ext8/data/res/values-mcc310-mnc660-ro: Cannot change mode to rwxr-xr-x: Operation not permitted
build	Cache Android SDK	2026-06-06T12:23:00.3216319Z /usr/bin/tar: ../../../../../usr/local/lib/android/sdk/platforms/android-34-ext8/data/res/values-mcc312-mnc670-az: Cannot utime: Operation not permitted
build	Cache Android SDK	2026-06-06T12:23:00.3216783Z /usr/bin/tar: ../../../../../usr/local/lib/android/sdk/platforms/android-34-ext8/data/res/values-mcc312-mnc670-az: Cannot change mode to rwxr-xr-x: Operation not permitted
build	Cache Android SDK	2026-06-06T12:23:00.3219536Z /usr/bin/tar: ../../../../../usr/local/lib/android/sdk/platforms/android-34-ext8/data/res/values-mcc310-mnc250-in: Cannot utime: Operation not permitted
build	Cache Android SDK	2026-06-06T12:23:00.3220117Z /usr/bin/tar: ../../../../../usr/local/lib/android/sdk/platforms/android-34-ext8/data/res/values-mcc310-mnc250-in: Cannot change mode to rwxr-xr-x: Operation not permitted
build	Cache Android SDK	2026-06-06T12:23:00.3222454Z /usr/bin/tar: ../../../../../usr/local/lib/android/sdk/platforms/android-34-ext8/data/res/values-mcc313-mnc100-iw: Cannot utime: Operation not permitted
build	Cache Android SDK	2026-06-06T12:23:00.3222915Z /usr/bin/tar: ../../../../../usr/local/lib/android/sdk/platforms/android-34-ext8/data/res/values-mcc313-mnc100-iw: Cannot change mode to rwxr-xr-x: Operation not permitted
build	Cache Android SDK	2026-06-06T12:23:00.3225855Z /usr/bin/tar: ../../../../../usr/local/lib/android/sdk/platforms/android-34-ext8/data/res/values-w170dp-notround-watch: Cannot utime: Operation not permitted
build	Cache Android SDK	2026-06-06T12:23:00.3226523Z /usr/bin/tar: ../../../../../usr/local/lib/android/sdk/platforms/android-34-ext8/data/res/values-w170dp-notround-watch: Cannot change mode to rwxr-xr-x: Operation not permitted
build	Cache Android SDK	2026-06-06T12:23:00.3232913Z /usr/bin/tar: ../../../../../usr/local/lib/android/sdk/platforms/android-34-ext8/data/res/values-pa: Cannot utime: Operation not permitted
build	Cache Android SDK	2026-06-06T12:23:00.3233355Z /usr/bin/tar: ../../../../../usr/local/lib/android/sdk/platforms/android-34-ext8/data/res/values-pa: Cannot change mode to rwxr-xr-x: Operation not permitted
build	Cache Android SDK	2026-06-06T12:23:00.3236138Z /usr/bin/tar: ../../../../../usr/local/lib/android/sdk/platforms/android-34-ext8/data/res/values-mcc310-mnc240-sl: Cannot utime: Operation not permitted
build	Cache Android SDK	2026-06-06T12:23:00.3236594Z /usr/bin/tar: ../../../../../usr/local/lib/android/sdk/platforms/android-34-ext8/data/res/values-mcc310-mnc240-sl: Cannot change mode to rwxr-xr-x: Operation not permitted
build	Cache Android SDK	2026-06-06T12:23:00.3240035Z /usr/bin/tar: ../../../../../usr/local/lib/android/sdk/platforms/android-34-ext8/data/res/values-mcc310-mnc490-ky: Cannot utime: Operation not permitted
build	Cache Android SDK	2026-06-06T12:23:00.3240506Z /usr/bin/tar: ../../../../../usr/local/lib/android/sdk/platforms/android-34-ext8/data/res/values-mcc310-mnc490-ky: Cannot change mode to rwxr-xr-x: Operation not permitted
build	Cache Android SDK	2026-06-06T12:23:00.3244180Z /usr/bin/tar: ../../../../../usr/local/lib/android/sdk/platforms/android-34-ext8/data/res/values-mcc310-mnc170-pt-rPT: Cannot utime: Operation not permitted
build	Cache Android SDK	2026-06-06T12:23:00.3244787Z /usr/bin/tar: ../../../../../usr/local/lib/android/sdk/platforms/android-34-ext8/data/res/values-mcc310-mnc170-pt-rPT: Cannot change mode to rwxr-xr-x: Operation not permitted
build	Cache Android SDK	2026-06-06T12:23:00.3249635Z /usr/bin/tar: ../../../../../usr/local/lib/android/sdk/platforms/android-34-ext8/data/res/values-mcc310-mnc560-bg: Cannot utime: Operation not permitted
build	Cache Android SDK	2026-06-06T12:23:00.3250114Z /usr/bin/tar: ../../../../../usr/local/lib/android/sdk/platforms/android-34-ext8/data/res/values-mcc310-mnc560-bg: Cannot change mode to rwxr-xr-x: Operation not permitted
build	Cache Android SDK	2026-06-06T12:23:00.3252506Z /usr/bin/tar: ../../../../../usr/local/lib/android/sdk/platforms/android-34-ext8/data/res/values-mcc310-mnc150-en-rCA: Cannot utime: Operation not permitted
build	Cache Android SDK	2026-06-06T12:23:00.3252995Z /usr/bin/tar: ../../../../../usr/local/lib/android/sdk/platforms/android-34-ext8/data/res/values-mcc310-mnc150-en-rCA: Cannot change mode to rwxr-xr-x: Operation not permitted
build	Cache Android SDK	2026-06-06T12:23:00.3255578Z /usr/bin/tar: ../../../../../usr/local/lib/android/sdk/platforms/android-34-ext8/data/res/values-mcc310-mnc800-es: Cannot utime: Operation not permitted
build	Cache Android SDK	2026-06-06T12:23:00.3256066Z /usr/bin/tar: ../../../../../usr/local/lib/android/sdk/platforms/android-34-ext8/data/res/values-mcc310-mnc800-es: Cannot change mode to rwxr-xr-x: Operation not permitted
build	Cache Android SDK	2026-06-06T12:23:00.3258484Z /usr/bin/tar: ../../../../../usr/local/lib/android/sdk/platforms/android-34-ext8/data/res/values-mcc001-mnc01-cs: Cannot utime: Operation not permitted
build	Cache Android SDK	2026-06-06T12:23:00.3259450Z /usr/bin/tar: ../../../../../usr/local/lib/android/sdk/platforms/android-34-ext8/data/res/values-mcc001-mnc01-cs: Cannot change mode to rwxr-xr-x: Operation not permitted
build	Cache Android SDK	2026-06-06T12:23:00.3261655Z /usr/bin/tar: ../../../../../usr/local/lib/android/sdk/platforms/android-34-ext8/data/res/values-mcc311-mnc180-tr: Cannot utime: Operation not permitted
build	Cache Android SDK	2026-06-06T12:23:00.3262233Z /usr/bin/tar: ../../../../../usr/local/lib/android/sdk/platforms/android-34-ext8/data/res/values-mcc311-mnc180-tr: Cannot change mode to rwxr-xr-x: Operation not permitted
build	Cache Android SDK	2026-06-06T12:23:00.3264545Z /usr/bin/tar: ../../../../../usr/local/lib/android/sdk/platforms/android-34-ext8/data/res/values-mcc310-mnc030-vi: Cannot utime: Operation not permitted
build	Cache Android SDK	2026-06-06T12:23:00.3265086Z /usr/bin/tar: ../../../../../usr/local/lib/android/sdk/platforms/android-34-ext8/data/res/values-mcc310-mnc030-vi: Cannot change mode to rwxr-xr-x: Operation not permitted
build	Cache Android SDK	2026-06-06T12:23:00.3267309Z /usr/bin/tar: ../../../../../usr/local/lib/android/sdk/platforms/android-34-ext8/data/res/values-mcc310-mnc280-sw: Cannot utime: Operation not permitted
build	Cache Android SDK	2026-06-06T12:23:00.3268017Z /usr/bin/tar: ../../../../../usr/local/lib/android/sdk/platforms/android-34-ext8/data/res/values-mcc310-mnc280-sw: Cannot change mode to rwxr-xr-x: Operation not permitted
build	Cache Android SDK	2026-06-06T12:23:00.3270685Z /usr/bin/tar: ../../../../../usr/local/lib/android/sdk/platforms/android-34-ext8/data/res/values-mcc302-mnc720-hr: Cannot utime: Operation not permitted
build	Cache Android SDK	2026-06-06T12:23:00.3271267Z /usr/bin/tar: ../../../../../usr/local/lib/android/sdk/platforms/android-34-ext8/data/res/values-mcc302-mnc720-hr: Cannot change mode to rwxr-xr-x: Operation not permitted
build	Cache Android SDK	2026-06-06T12:23:00.3273595Z /usr/bin/tar: ../../../../../usr/local/lib/android/sdk/platforms/android-34-ext8/data/res/values-mcc310-mnc170-fi: Cannot utime: Operation not permitted
build	Cache Android SDK	2026-06-06T12:23:00.3274082Z /usr/bin/tar: ../../../../../usr/local/lib/android/sdk/platforms/android-34-ext8/data/res/values-mcc310-mnc170-fi: Cannot change mode to rwxr-xr-x: Operation not permitted
build	Cache Android SDK	2026-06-06T12:23:00.3276607Z /usr/bin/tar: ../../../../../usr/local/lib/android/sdk/platforms/android-34-ext8/data/res/values-mcc312-mnc670-es-rUS: Cannot utime: Operation not permitted
build	Cache Android SDK	2026-06-06T12:23:00.3277129Z /usr/bin/tar: ../../../../../usr/local/lib/android/sdk/platforms/android-34-ext8/data/res/values-mcc312-mnc670-es-rUS: Cannot change mode to rwxr-xr-x: Operation not permitted
build	Cache Android SDK	2026-06-06T12:23:00.3279688Z /usr/bin/tar: ../../../../../usr/local/lib/android/sdk/platforms/android-34-ext8/data/res/values-w198dp: Cannot utime: Operation not permitted
build	Cache Android SDK	2026-06-06T12:23:00.3280173Z /usr/bin/tar: ../../../../../usr/local/lib/android/sdk/platforms/android-34-ext8/data/res/values-w198dp: Cannot change mode to rwxr-xr-x: Operation not permitted
build	Cache Android SDK	2026-06-06T12:23:00.3282724Z /usr/bin/tar: ../../../../../usr/local/lib/android/sdk/platforms/android-34-ext8/data/res/values-mcc310-mnc280-ne: Cannot utime: Operation not permitted
build	Cache Android SDK	2026-06-06T12:23:00.3283222Z /usr/bin/tar: ../../../../../usr/local/lib/android/sdk/platforms/android-34-ext8/data/res/values-mcc310-mnc280-ne: Cannot change mode to rwxr-xr-x: Operation not permitted
build	Cache Android SDK	2026-06-06T12:23:00.3286334Z /usr/bin/tar: ../../../../../usr/local/lib/android/sdk/platforms/android-34-ext8/data/res/values-bs-watch: Cannot utime: Operation not permitted
build	Cache Android SDK	2026-06-06T12:23:00.3286811Z /usr/bin/tar: ../../../../../usr/local/lib/android/sdk/platforms/android-34-ext8/data/res/values-bs-watch: Cannot change mode to rwxr-xr-x: Operation not permitted
build	Cache Android SDK	2026-06-06T12:23:00.3289857Z /usr/bin/tar: ../../../../../usr/local/lib/android/sdk/platforms/android-34-ext8/data/res/values-mcc310-mnc160-ca: Cannot utime: Operation not permitted
build	Cache Android SDK	2026-06-06T12:23:00.3290358Z /usr/bin/tar: ../../../../../usr/local/lib/android/sdk/platforms/android-34-ext8/data/res/values-mcc310-mnc160-ca: Cannot change mode to rwxr-xr-x: Operation not permitted
build	Cache Android SDK	2026-06-06T12:23:00.3293158Z /usr/bin/tar: ../../../../../usr/local/lib/android/sdk/platforms/android-34-ext8/data/res/values-mcc310-mnc150-hu: Cannot utime: Operation not permitted
build	Cache Android SDK	2026-06-06T12:23:00.3293726Z /usr/bin/tar: ../../../../../usr/local/lib/android/sdk/platforms/android-34-ext8/data/res/values-mcc310-mnc150-hu: Cannot change mode to rwxr-xr-x: Operation not permitted
build	Cache Android SDK	2026-06-06T12:23:00.3298977Z /usr/bin/tar: ../../../../../usr/local/lib/android/sdk/platforms/android-34-ext8/data/res/transition: Cannot utime: Operation not permitted
build	Cache Android SDK	2026-06-06T12:23:00.3299609Z /usr/bin/tar: ../../../../../usr/local/lib/android/sdk/platforms/android-34-ext8/data/res/transition: Cannot change mode to rwxr-xr-x: Operation not permitted
build	Cache Android SDK	2026-06-06T12:23:00.3301775Z /usr/bin/tar: ../../../../../usr/local/lib/android/sdk/platforms/android-34-ext8/data/res/values-mcc310-mnc230-ko: Cannot utime: Operation not permitted
build	Cache Android SDK	2026-06-06T12:23:00.3302276Z /usr/bin/tar: ../../../../../usr/local/lib/android/sdk/platforms/android-34-ext8/data/res/values-mcc310-mnc230-ko: Cannot change mode to rwxr-xr-x: Operation not permitted
build	Cache Android SDK	2026-06-06T12:23:00.3305144Z /usr/bin/tar: ../../../../../usr/local/lib/android/sdk/platforms/android-34-ext8/data/res/values-mcc310-mnc270-am: Cannot utime: Operation not permitted
build	Cache Android SDK	2026-06-06T12:23:00.3305618Z /usr/bin/tar: ../../../../../usr/local/lib/android/sdk/platforms/android-34-ext8/data/res/values-mcc310-mnc270-am: Cannot change mode to rwxr-xr-x: Operation not permitted
build	Cache Android SDK	2026-06-06T12:23:00.3307929Z /usr/bin/tar: ../../../../../usr/local/lib/android/sdk/platforms/android-34-ext8/data/res/values-mcc312-mnc670-uk: Cannot utime: Operation not permitted
build	Cache Android SDK	2026-06-06T12:23:00.3308489Z /usr/bin/tar: ../../../../../usr/local/lib/android/sdk/platforms/android-34-ext8/data/res/values-mcc312-mnc670-uk: Cannot change mode to rwxr-xr-x: Operation not permitted
build	Cache Android SDK	2026-06-06T12:23:00.3311001Z /usr/bin/tar: ../../../../../usr/local/lib/android/sdk/platforms/android-34-ext8/data/res/values-mcc310-mnc210-zh-rCN: Cannot utime: Operation not permitted
build	Cache Android SDK	2026-06-06T12:23:00.3311572Z /usr/bin/tar: ../../../../../usr/local/lib/android/sdk/platforms/android-34-ext8/data/res/values-mcc310-mnc210-zh-rCN: Cannot change mode to rwxr-xr-x: Operation not permitted
build	Cache Android SDK	2026-06-06T12:23:00.3313916Z /usr/bin/tar: ../../../../../usr/local/lib/android/sdk/platforms/android-34-ext8/data/res/values-mcc302-mnc660: Cannot utime: Operation not permitted
build	Cache Android SDK	2026-06-06T12:23:00.3314409Z /usr/bin/tar: ../../../../../usr/local/lib/android/sdk/platforms/android-34-ext8/data/res/values-mcc302-mnc660: Cannot change mode to rwxr-xr-x: Operation not permitted
build	Cache Android SDK	2026-06-06T12:23:00.3316702Z /usr/bin/tar: ../../../../../usr/local/lib/android/sdk/platforms/android-34-ext8/data/res/values-mcc310-mnc950-gl: Cannot utime: Operation not permitted
build	Cache Android SDK	2026-06-06T12:23:00.3317225Z /usr/bin/tar: ../../../../../usr/local/lib/android/sdk/platforms/android-34-ext8/data/res/values-mcc310-mnc950-gl: Cannot change mode to rwxr-xr-x: Operation not permitted
build	Cache Android SDK	2026-06-06T12:23:00.3320462Z /usr/bin/tar: ../../../../../usr/local/lib/android/sdk/platforms/android-34-ext8/data/res/values-mcc302-mnc720-is: Cannot utime: Operation not permitted
build	Cache Android SDK	2026-06-06T12:23:00.3320960Z /usr/bin/tar: ../../../../../usr/local/lib/android/sdk/platforms/android-34-ext8/data/res/values-mcc302-mnc720-is: Cannot change mode to rwxr-xr-x: Operation not permitted
build	Cache Android SDK	2026-06-06T12:23:00.3323747Z /usr/bin/tar: ../../../../../usr/local/lib/android/sdk/platforms/android-34-ext8/data/res/values-mcc310-mnc240-ms: Cannot utime: Operation not permitted
build	Cache Android SDK	2026-06-06T12:23:00.3324284Z /usr/bin/tar: ../../../../../usr/local/lib/android/sdk/platforms/android-34-ext8/data/res/values-mcc310-mnc240-ms: Cannot change mode to rwxr-xr-x: Operation not permitted
build	Cache Android SDK	2026-06-06T12:23:00.3330632Z /usr/bin/tar: ../../../../../usr/local/lib/android/sdk/platforms/android-34-ext8/data/res/values-sk: Cannot utime: Operation not permitted
build	Cache Android SDK	2026-06-06T12:23:00.3331085Z /usr/bin/tar: ../../../../../usr/local/lib/android/sdk/platforms/android-34-ext8/data/res/values-sk: Cannot change mode to rwxr-xr-x: Operation not permitted
build	Cache Android SDK	2026-06-06T12:23:00.3333668Z /usr/bin/tar: ../../../../../usr/local/lib/android/sdk/platforms/android-34-ext8/data/res/values-mcc310-mnc160-eu: Cannot utime: Operation not permitted
build	Cache Android SDK	2026-06-06T12:23:00.3334196Z /usr/bin/tar: ../../../../../usr/local/lib/android/sdk/platforms/android-34-ext8/data/res/values-mcc310-mnc160-eu: Cannot change mode to rwxr-xr-x: Operation not permitted
build	Cache Android SDK	2026-06-06T12:23:00.3336402Z /usr/bin/tar: ../../../../../usr/local/lib/android/sdk/platforms/android-34-ext8/data/res/values-mcc310-mnc660-es-rUS: Cannot utime: Operation not permitted
build	Cache Android SDK	2026-06-06T12:23:00.3337017Z /usr/bin/tar: ../../../../../usr/local/lib/android/sdk/platforms/android-34-ext8/data/res/values-mcc310-mnc660-es-rUS: Cannot change mode to rwxr-xr-x: Operation not permitted
build	Cache Android SDK	2026-06-06T12:23:00.3340043Z /usr/bin/tar: ../../../../../usr/local/lib/android/sdk/platforms/android-34-ext8/data/res/values-mcc310-mnc210-az: Cannot utime: Operation not permitted
build	Cache Android SDK	2026-06-06T12:23:00.3340519Z /usr/bin/tar: ../../../../../usr/local/lib/android/sdk/platforms/android-34-ext8/data/res/values-mcc310-mnc210-az: Cannot change mode to rwxr-xr-x: Operation not permitted
build	Cache Android SDK	2026-06-06T12:23:00.3342712Z /usr/bin/tar: ../../../../../usr/local/lib/android/sdk/platforms/android-34-ext8/data/res/values-mcc312-mnc670-el: Cannot utime: Operation not permitted
build	Cache Android SDK	2026-06-06T12:23:00.3343204Z /usr/bin/tar: ../../../../../usr/local/lib/android/sdk/platforms/android-34-ext8/data/res/values-mcc312-mnc670-el: Cannot change mode to rwxr-xr-x: Operation not permitted
build	Cache Android SDK	2026-06-06T12:23:00.3345810Z /usr/bin/tar: ../../../../../usr/local/lib/android/sdk/platforms/android-34-ext8/data/res/values-mcc310-mnc310-en-rIN: Cannot utime: Operation not permitted
build	Cache Android SDK	2026-06-06T12:23:00.3346298Z /usr/bin/tar: ../../../../../usr/local/lib/android/sdk/platforms/android-34-ext8/data/res/values-mcc310-mnc310-en-rIN: Cannot change mode to rwxr-xr-x: Operation not permitted
build	Cache Android SDK	2026-06-06T12:23:00.3349205Z /usr/bin/tar: ../../../../../usr/local/lib/android/sdk/platforms/android-34-ext8/data/res/values-mcc310-mnc380-am: Cannot utime: Operation not permitted
build	Cache Android SDK	2026-06-06T12:23:00.3351115Z /usr/bin/tar: ../../../../../usr/local/lib/android/sdk/platforms/android-34-ext8/data/res/values-mcc310-mnc380-am: Cannot change mode to rwxr-xr-x: Operation not permitted
build	Cache Android SDK	2026-06-06T12:23:00.3353030Z /usr/bin/tar: ../../../../../usr/local/lib/android/sdk/platforms/android-34-ext8/data/res/values-mcc310-mnc280-fr-rCA: Cannot utime: Operation not permitted
build	Cache Android SDK	2026-06-06T12:23:00.3355144Z /usr/bin/tar: ../../../../../usr/local/lib/android/sdk/platforms/android-34-ext8/data/res/values-mcc310-mnc280-fr-rCA: Cannot change mode to rwxr-xr-x: Operation not permitted
build	Cache Android SDK	2026-06-06T12:23:00.3357342Z /usr/bin/tar: ../../../../../usr/local/lib/android/sdk/platforms/android-34-ext8/data/res/values-mcc311-mnc180-es-rUS: Cannot utime: Operation not permitted
build	Cache Android SDK	2026-06-06T12:23:00.3359550Z /usr/bin/tar: ../../../../../usr/local/lib/android/sdk/platforms/android-34-ext8/data/res/values-mcc311-mnc180-es-rUS: Cannot change mode to rwxr-xr-x: Operation not permitted
build	Cache Android SDK	2026-06-06T12:23:00.3361590Z /usr/bin/tar: ../../../../../usr/local/lib/android/sdk/platforms/android-34-ext8/data/res/raw-rm: Cannot utime: Operation not permitted
build	Cache Android SDK	2026-06-06T12:23:00.3363353Z /usr/bin/tar: ../../../../../usr/local/lib/android/sdk/platforms/android-34-ext8/data/res/raw-rm: Cannot change mode to rwxr-xr-x: Operation not permitted
build	Cache Android SDK	2026-06-06T12:23:00.3364315Z /usr/bin/tar: ../../../../../usr/local/lib/android/sdk/platforms/android-34-ext8/data/res/values-mcc310-mnc310-bs: Cannot utime: Operation not permitted
build	Cache Android SDK	2026-06-06T12:23:00.3365271Z /usr/bin/tar: ../../../../../usr/local/lib/android/sdk/platforms/android-34-ext8/data/res/values-mcc310-mnc310-bs: Cannot change mode to rwxr-xr-x: Operation not permitted
build	Cache Android SDK	2026-06-06T12:23:00.3366704Z /usr/bin/tar: ../../../../../usr/local/lib/android/sdk/platforms/android-34-ext8/data/res/values-lt-watch: Cannot utime: Operation not permitted
build	Cache Android SDK	2026-06-06T12:23:00.3367749Z /usr/bin/tar: ../../../../../usr/local/lib/android/sdk/platforms/android-34-ext8/data/res/values-lt-watch: Cannot change mode to rwxr-xr-x: Operation not permitted
build	Cache Android SDK	2026-06-06T12:23:00.3369348Z /usr/bin/tar: ../../../../../usr/local/lib/android/sdk/platforms/android-34-ext8/data/res/values-mcc302-mnc720-de: Cannot utime: Operation not permitted
build	Cache Android SDK	2026-06-06T12:23:00.3370383Z /usr/bin/tar: ../../../../../usr/local/lib/android/sdk/platforms/android-34-ext8/data/res/values-mcc302-mnc720-de: Cannot change mode to rwxr-xr-x: Operation not permitted
build	Cache Android SDK	2026-06-06T12:23:00.3373072Z /usr/bin/tar: ../../../../../usr/local/lib/android/sdk/platforms/android-34-ext8/data/res/values-mcc310-mnc660-vi: Cannot utime: Operation not permitted
build	Cache Android SDK	2026-06-06T12:23:00.3374032Z /usr/bin/tar: ../../../../../usr/local/lib/android/sdk/platforms/android-34-ext8/data/res/values-mcc310-mnc660-vi: Cannot change mode to rwxr-xr-x: Operation not permitted
build	Cache Android SDK	2026-06-06T12:23:00.3376305Z /usr/bin/tar: ../../../../../usr/local/lib/android/sdk/platforms/android-34-ext8/data/res/values-mcc310-mnc950-lt: Cannot utime: Operation not permitted
build	Cache Android SDK	2026-06-06T12:23:00.3377300Z /usr/bin/tar: ../../../../../usr/local/lib/android/sdk/platforms/android-34-ext8/data/res/values-mcc310-mnc950-lt: Cannot change mode to rwxr-xr-x: Operation not permitted
build	Cache Android SDK	2026-06-06T12:23:00.3379845Z /usr/bin/tar: ../../../../../usr/local/lib/android/sdk/platforms/android-34-ext8/data/res/values-mcc310-mnc280-sr: Cannot utime: Operation not permitted
build	Cache Android SDK	2026-06-06T12:23:00.3380946Z /usr/bin/tar: ../../../../../usr/local/lib/android/sdk/platforms/android-34-ext8/data/res/values-mcc310-mnc280-sr: Cannot change mode to rwxr-xr-x: Operation not permitted
build	Cache Android SDK	2026-06-06T12:23:00.3383978Z /usr/bin/tar: ../../../../../usr/local/lib/android/sdk/platforms/android-34-ext8/data/res/mipmap-xxxhdpi: Cannot utime: Operation not permitted
build	Cache Android SDK	2026-06-06T12:23:00.3384881Z /usr/bin/tar: ../../../../../usr/local/lib/android/sdk/platforms/android-34-ext8/data/res/mipmap-xxxhdpi: Cannot change mode to rwxr-xr-x: Operation not permitted
build	Cache Android SDK	2026-06-06T12:23:00.3387776Z /usr/bin/tar: ../../../../../usr/local/lib/android/sdk/platforms/android-34-ext8/data/res/values-notround-watch: Cannot utime: Operation not permitted
build	Cache Android SDK	2026-06-06T12:23:00.3388981Z /usr/bin/tar: ../../../../../usr/local/lib/android/sdk/platforms/android-34-ext8/data/res/values-notround-watch: Cannot change mode to rwxr-xr-x: Operation not permitted
build	Cache Android SDK	2026-06-06T12:23:00.3390627Z /usr/bin/tar: ../../../../../usr/local/lib/android/sdk/platforms/android-34-ext8/data/res/values-mcc310-mnc660-bn: Cannot utime: Operation not permitted
build	Cache Android SDK	2026-06-06T12:23:00.3391597Z /usr/bin/tar: ../../../../../usr/local/lib/android/sdk/platforms/android-34-ext8/data/res/values-mcc310-mnc660-bn: Cannot change mode to rwxr-xr-x: Operation not permitted
build	Cache Android SDK	2026-06-06T12:23:00.3394218Z /usr/bin/tar: ../../../../../usr/local/lib/android/sdk/platforms/android-34-ext8/data/res/values-mcc313-mnc100-as: Cannot utime: Operation not permitted
build	Cache Android SDK	2026-06-06T12:23:00.3395172Z /usr/bin/tar: ../../../../../usr/local/lib/android/sdk/platforms/android-34-ext8/data/res/values-mcc313-mnc100-as: Cannot change mode to rwxr-xr-x: Operation not permitted
build	Cache Android SDK	2026-06-06T12:23:00.3397620Z /usr/bin/tar: ../../../../../usr/local/lib/android/sdk/platforms/android-34-ext8/data/res/values-mcc310-mnc170-pt-rBR: Cannot utime: Operation not permitted
build	Cache Android SDK	2026-06-06T12:23:00.3398615Z /usr/bin/tar: ../../../../../usr/local/lib/android/sdk/platforms/android-34-ext8/data/res/values-mcc310-mnc170-pt-rBR: Cannot change mode to rwxr-xr-x: Operation not permitted
build	Cache Android SDK	2026-06-06T12:23:00.3400410Z /usr/bin/tar: ../../../../../usr/local/lib/android/sdk/platforms/android-34-ext8/data/res/values-mcc310-mnc200-nb: Cannot utime: Operation not permitted
build	Cache Android SDK	2026-06-06T12:23:00.3401717Z /usr/bin/tar: ../../../../../usr/local/lib/android/sdk/platforms/android-34-ext8/data/res/values-mcc310-mnc200-nb: Cannot change mode to rwxr-xr-x: Operation not permitted
build	Cache Android SDK	2026-06-06T12:23:00.3403731Z /usr/bin/tar: ../../../../../usr/local/lib/android/sdk/platforms/android-34-ext8/data/res/values-mcc313-mnc100-nl: Cannot utime: Operation not permitted
build	Cache Android SDK	2026-06-06T12:23:00.3404684Z /usr/bin/tar: ../../../../../usr/local/lib/android/sdk/platforms/android-34-ext8/data/res/values-mcc313-mnc100-nl: Cannot change mode to rwxr-xr-x: Operation not permitted
build	Cache Android SDK	2026-06-06T12:23:00.3407544Z /usr/bin/tar: ../../../../../usr/local/lib/android/sdk/platforms/android-34-ext8/data/res/values-mcc310-mnc380-ka: Cannot utime: Operation not permitted
build	Cache Android SDK	2026-06-06T12:23:00.3408617Z /usr/bin/tar: ../../../../../usr/local/lib/android/sdk/platforms/android-34-ext8/data/res/values-mcc310-mnc380-ka: Cannot change mode to rwxr-xr-x: Operation not permitted
build	Cache Android SDK	2026-06-06T12:23:00.3410567Z /usr/bin/tar: ../../../../../usr/local/lib/android/sdk/platforms/android-34-ext8/data/res/values-mcc310-mnc240-nl: Cannot utime: Operation not permitted
build	Cache Android SDK	2026-06-06T12:23:00.3411532Z /usr/bin/tar: ../../../../../usr/local/lib/android/sdk/platforms/android-34-ext8/data/res/values-mcc310-mnc240-nl: Cannot change mode to rwxr-xr-x: Operation not permitted
build	Cache Android SDK	2026-06-06T12:23:00.3413988Z /usr/bin/tar: ../../../../../usr/local/lib/android/sdk/platforms/android-34-ext8/data/res/values-mcc001-mnc01-uk: Cannot utime: Operation not permitted
build	Cache Android SDK	2026-06-06T12:23:00.3415052Z /usr/bin/tar: ../../../../../usr/local/lib/android/sdk/platforms/android-34-ext8/data/res/values-mcc001-mnc01-uk: Cannot change mode to rwxr-xr-x: Operation not permitted
build	Cache Android SDK	2026-06-06T12:23:00.3417146Z /usr/bin/tar: ../../../../../usr/local/lib/android/sdk/platforms/android-34-ext8/data/res/values-bg-television: Cannot utime: Operation not permitted
build	Cache Android SDK	2026-06-06T12:23:00.3418268Z /usr/bin/tar: ../../../../../usr/local/lib/android/sdk/platforms/android-34-ext8/data/res/values-bg-television: Cannot change mode to rwxr-xr-x: Operation not permitted
build	Cache Android SDK	2026-06-06T12:23:00.3420255Z /usr/bin/tar: ../../../../../usr/local/lib/android/sdk/platforms/android-34-ext8/data/res/values-mcc310-mnc800-ur: Cannot utime: Operation not permitted
build	Cache Android SDK	2026-06-06T12:23:00.3421293Z /usr/bin/tar: ../../../../../usr/local/lib/android/sdk/platforms/android-34-ext8/data/res/values-mcc310-mnc800-ur: Cannot change mode to rwxr-xr-x: Operation not permitted
build	Cache Android SDK	2026-06-06T12:23:00.3423512Z /usr/bin/tar: ../../../../../usr/local/lib/android/sdk/platforms/android-34-ext8/data/res/values-mcc310-mnc410-hy: Cannot utime: Operation not permitted
build	Cache Android SDK	2026-06-06T12:23:00.3424471Z /usr/bin/tar: ../../../../../usr/local/lib/android/sdk/platforms/android-34-ext8/data/res/values-mcc310-mnc410-hy: Cannot change mode to rwxr-xr-x: Operation not permitted
build	Cache Android SDK	2026-06-06T12:23:00.3426771Z /usr/bin/tar: ../../../../../usr/local/lib/android/sdk/platforms/android-34-ext8/data/res/values-w213dp: Cannot utime: Operation not permitted
build	Cache Android SDK	2026-06-06T12:23:00.3427894Z /usr/bin/tar: ../../../../../usr/local/lib/android/sdk/platforms/android-34-ext8/data/res/values-w213dp: Cannot change mode to rwxr-xr-x: Operation not permitted
build	Cache Android SDK	2026-06-06T12:23:00.3430514Z /usr/bin/tar: ../../../../../usr/local/lib/android/sdk/platforms/android-34-ext8/data/res/values-mcc310-mnc410-es-rUS: Cannot utime: Operation not permitted
build	Cache Android SDK	2026-06-06T12:23:00.3431506Z /usr/bin/tar: ../../../../../usr/local/lib/android/sdk/platforms/android-34-ext8/data/res/values-mcc310-mnc410-es-rUS: Cannot change mode to rwxr-xr-x: Operation not permitted
build	Cache Android SDK	2026-06-06T12:23:00.3434076Z /usr/bin/tar: ../../../../../usr/local/lib/android/sdk/platforms/android-34-ext8/data/res/values-mcc310-mnc660-tl: Cannot utime: Operation not permitted
build	Cache Android SDK	2026-06-06T12:23:00.3435029Z /usr/bin/tar: ../../../../../usr/local/lib/android/sdk/platforms/android-34-ext8/data/res/values-mcc310-mnc660-tl: Cannot change mode to rwxr-xr-x: Operation not permitted
build	Cache Android SDK	2026-06-06T12:23:00.3437103Z /usr/bin/tar: ../../../../../usr/local/lib/android/sdk/platforms/android-34-ext8/data/res/values-mcc310-mnc280-bn: Cannot utime: Operation not permitted
build	Cache Android SDK	2026-06-06T12:23:00.3438147Z /usr/bin/tar: ../../../../../usr/local/lib/android/sdk/platforms/android-34-ext8/data/res/values-mcc310-mnc280-bn: Cannot change mode to rwxr-xr-x: Operation not permitted
build	Cache Android SDK	2026-06-06T12:23:00.3440746Z /usr/bin/tar: ../../../../../usr/local/lib/android/sdk/platforms/android-34-ext8/data/res/values-mcc313-mnc100-b+sr+Latn: Cannot utime: Operation not permitted
build	Cache Android SDK	2026-06-06T12:23:00.3441881Z /usr/bin/tar: ../../../../../usr/local/lib/android/sdk/platforms/android-34-ext8/data/res/values-mcc313-mnc100-b+sr+Latn: Cannot change mode to rwxr-xr-x: Operation not permitted
build	Cache Android SDK	2026-06-06T12:23:00.3443725Z /usr/bin/tar: ../../../../../usr/local/lib/android/sdk/platforms/android-34-ext8/data/res/values-mcc466-mnc01: Cannot utime: Operation not permitted
build	Cache Android SDK	2026-06-06T12:23:00.3444761Z /usr/bin/tar: ../../../../../usr/local/lib/android/sdk/platforms/android-34-ext8/data/res/values-mcc466-mnc01: Cannot change mode to rwxr-xr-x: Operation not permitted
build	Cache Android SDK	2026-06-06T12:23:00.3446772Z /usr/bin/tar: ../../../../../usr/local/lib/android/sdk/platforms/android-34-ext8/data/res/raw-th: Cannot utime: Operation not permitted
build	Cache Android SDK	2026-06-06T12:23:00.3447712Z /usr/bin/tar: ../../../../../usr/local/lib/android/sdk/platforms/android-34-ext8/data/res/raw-th: Cannot change mode to rwxr-xr-x: Operation not permitted
build	Cache Android SDK	2026-06-06T12:23:00.3449796Z /usr/bin/tar: ../../../../../usr/local/lib/android/sdk/platforms/android-34-ext8/data/res/values-mcc302-mnc720-in: Cannot utime: Operation not permitted
build	Cache Android SDK	2026-06-06T12:23:00.3450809Z /usr/bin/tar: ../../../../../usr/local/lib/android/sdk/platforms/android-34-ext8/data/res/values-mcc302-mnc720-in: Cannot change mode to rwxr-xr-x: Operation not permitted
build	Cache Android SDK	2026-06-06T12:23:00.3452975Z /usr/bin/tar: ../../../../../usr/local/lib/android/sdk/platforms/android-34-ext8/data/res/values-mcc310-mnc210-gl: Cannot utime: Operation not permitted
build	Cache Android SDK	2026-06-06T12:23:00.3453977Z /usr/bin/tar: ../../../../../usr/local/lib/android/sdk/platforms/android-34-ext8/data/res/values-mcc310-mnc210-gl: Cannot change mode to rwxr-xr-x: Operation not permitted
build	Cache Android SDK	2026-06-06T12:23:00.3456126Z /usr/bin/tar: ../../../../../usr/local/lib/android/sdk/platforms/android-34-ext8/data/res/values-fr-rCH: Cannot utime: Operation not permitted
build	Cache Android SDK	2026-06-06T12:23:00.3457158Z /usr/bin/tar: ../../../../../usr/local/lib/android/sdk/platforms/android-34-ext8/data/res/values-fr-rCH: Cannot change mode to rwxr-xr-x: Operation not permitted
build	Cache Android SDK	2026-06-06T12:23:00.3459379Z /usr/bin/tar: ../../../../../usr/local/lib/android/sdk/platforms/android-34-ext8/data/res/values-hr-television: Cannot utime: Operation not permitted
build	Cache Android SDK	2026-06-06T12:23:00.3460312Z /usr/bin/tar: ../../../../../usr/local/lib/android/sdk/platforms/android-34-ext8/data/res/values-hr-television: Cannot change mode to rwxr-xr-x: Operation not permitted
build	Cache Android SDK	2026-06-06T12:23:00.3462404Z /usr/bin/tar: ../../../../../usr/local/lib/android/sdk/platforms/android-34-ext8/data/res/values-mcc313-mnc100-fr: Cannot utime: Operation not permitted
build	Cache Android SDK	2026-06-06T12:23:00.3463340Z /usr/bin/tar: ../../../../../usr/local/lib/android/sdk/platforms/android-34-ext8/data/res/values-mcc313-mnc100-fr: Cannot change mode to rwxr-xr-x: Operation not permitted
build	Cache Android SDK	2026-06-06T12:23:00.3475596Z /usr/bin/tar: ../../../../../usr/local/lib/android/sdk/platforms/android-34-ext8/data/res/values-km-television: Cannot utime: Operation not permitted
build	Cache Android SDK	2026-06-06T12:23:00.3477173Z /usr/bin/tar: ../../../../../usr/local/lib/android/sdk/platforms/android-34-ext8/data/res/values-km-television: Cannot change mode to rwxr-xr-x: Operation not permitted
build	Cache Android SDK	2026-06-06T12:23:00.3478372Z /usr/bin/tar: ../../../../../usr/local/lib/android/sdk/platforms/android-34-ext8/data/res/values-mcc310-mnc410-ar: Cannot utime: Operation not permitted
build	Cache Android SDK	2026-06-06T12:23:00.3480127Z /usr/bin/tar: ../../../../../usr/local/lib/android/sdk/platforms/android-34-ext8/data/res/values-mcc310-mnc410-ar: Cannot change mode to rwxr-xr-x: Operation not permitted
build	Cache Android SDK	2026-06-06T12:23:00.3481483Z /usr/bin/tar: ../../../../../usr/local/lib/android/sdk/platforms/android-34-ext8/data/res/values-mcc310-mnc660-fr: Cannot utime: Operation not permitted
build	Cache Android SDK	2026-06-06T12:23:00.3482521Z /usr/bin/tar: ../../../../../usr/local/lib/android/sdk/platforms/android-34-ext8/data/res/values-mcc310-mnc660-fr: Cannot change mode to rwxr-xr-x: Operation not permitted
build	Cache Android SDK	2026-06-06T12:23:00.3483475Z /usr/bin/tar: ../../../../../usr/local/lib/android/sdk/platforms/android-34-ext8/data/res/values-mcc310-mnc160-es-rUS: Cannot utime: Operation not permitted
build	Cache Android SDK	2026-06-06T12:23:00.3484447Z /usr/bin/tar: ../../../../../usr/local/lib/android/sdk/platforms/android-34-ext8/data/res/values-mcc310-mnc160-es-rUS: Cannot change mode to rwxr-xr-x: Operation not permitted
build	Cache Android SDK	2026-06-06T12:23:00.3485397Z /usr/bin/tar: ../../../../../usr/local/lib/android/sdk/platforms/android-34-ext8/data/res/values-mcc310-mnc200: Cannot utime: Operation not permitted
build	Cache Android SDK	2026-06-06T12:23:00.3486630Z /usr/bin/tar: ../../../../../usr/local/lib/android/sdk/platforms/android-34-ext8/data/res/values-mcc310-mnc200: Cannot change mode to rwxr-xr-x: Operation not permitted
build	Cache Android SDK	2026-06-06T12:23:00.3488003Z /usr/bin/tar: ../../../../../usr/local/lib/android/sdk/platforms/android-34-ext8/data/res/values-mcc310-mnc270-tl: Cannot utime: Operation not permitted
build	Cache Android SDK	2026-06-06T12:23:00.3488939Z /usr/bin/tar: ../../../../../usr/local/lib/android/sdk/platforms/android-34-ext8/data/res/values-mcc310-mnc270-tl: Cannot change mode to rwxr-xr-x: Operation not permitted
build	Cache Android SDK	2026-06-06T12:23:00.3490445Z /usr/bin/tar: ../../../../../usr/local/lib/android/sdk/platforms/android-34-ext8/data/res/values-mcc310-mnc950-sk: Cannot utime: Operation not permitted
build	Cache Android SDK	2026-06-06T12:23:00.3492015Z /usr/bin/tar: ../../../../../usr/local/lib/android/sdk/platforms/android-34-ext8/data/res/values-mcc310-mnc950-sk: Cannot change mode to rwxr-xr-x: Operation not permitted
build	Cache Android SDK	2026-06-06T12:23:00.3493405Z /usr/bin/tar: ../../../../../usr/local/lib/android/sdk/platforms/android-34-ext8/data/res/values-mcc310-mnc240-ky: Cannot utime: Operation not permitted
build	Cache Android SDK	2026-06-06T12:23:00.3494433Z /usr/bin/tar: ../../../../../usr/local/lib/android/sdk/platforms/android-34-ext8/data/res/values-mcc310-mnc240-ky: Cannot change mode to rwxr-xr-x: Operation not permitted
build	Cache Android SDK	2026-06-06T12:23:00.3495364Z /usr/bin/tar: ../../../../../usr/local/lib/android/sdk/platforms/android-34-ext8/data/res/values-mcc310-mnc310-ky: Cannot utime: Operation not permitted
build	Cache Android SDK	2026-06-06T12:23:00.3496899Z /usr/bin/tar: ../../../../../usr/local/lib/android/sdk/platforms/android-34-ext8/data/res/values-mcc310-mnc310-ky: Cannot change mode to rwxr-xr-x: Operation not permitted
build	Cache Android SDK	2026-06-06T12:23:00.3498579Z /usr/bin/tar: ../../../../../usr/local/lib/android/sdk/platforms/android-34-ext8/data/res/values-mcc310-mnc250-hu: Cannot utime: Operation not permitted
build	Cache Android SDK	2026-06-06T12:23:00.3499815Z /usr/bin/tar: ../../../../../usr/local/lib/android/sdk/platforms/android-34-ext8/data/res/values-mcc310-mnc250-hu: Cannot change mode to rwxr-xr-x: Operation not permitted
build	Cache Android SDK	2026-06-06T12:23:00.3500878Z /usr/bin/tar: ../../../../../usr/local/lib/android/sdk/platforms/android-34-ext8/data/res/values-mcc311-mnc490: Cannot utime: Operation not permitted
build	Cache Android SDK	2026-06-06T12:23:00.3501789Z /usr/bin/tar: ../../../../../usr/local/lib/android/sdk/platforms/android-34-ext8/data/res/values-mcc311-mnc490: Cannot change mode to rwxr-xr-x: Operation not permitted
build	Cache Android SDK	2026-06-06T12:23:00.3503142Z /usr/bin/tar: ../../../../../usr/local/lib/android/sdk/platforms/android-34-ext8/data/res/values-mcc310-mnc220-zu: Cannot utime: Operation not permitted
build	Cache Android SDK	2026-06-06T12:23:00.3504070Z /usr/bin/tar: ../../../../../usr/local/lib/android/sdk/platforms/android-34-ext8/data/res/values-mcc310-mnc220-zu: Cannot change mode to rwxr-xr-x: Operation not permitted
build	Cache Android SDK	2026-06-06T12:23:00.3506055Z /usr/bin/tar: ../../../../../usr/local/lib/android/sdk/platforms/android-34-ext8/data/res/values-mcc310-mnc150-gl: Cannot utime: Operation not permitted
build	Cache Android SDK	2026-06-06T12:23:00.3507010Z /usr/bin/tar: ../../../../../usr/local/lib/android/sdk/platforms/android-34-ext8/data/res/values-mcc310-mnc150-gl: Cannot change mode to rwxr-xr-x: Operation not permitted
build	Cache Android SDK	2026-06-06T12:23:00.3509149Z /usr/bin/tar: ../../../../../usr/local/lib/android/sdk/platforms/android-34-ext8/data/res/values-mcc302-mnc220: Cannot utime: Operation not permitted
build	Cache Android SDK	2026-06-06T12:23:00.3510077Z /usr/bin/tar: ../../../../../usr/local/lib/android/sdk/platforms/android-34-ext8/data/res/values-mcc302-mnc220: Cannot change mode to rwxr-xr-x: Operation not permitted
build	Cache Android SDK	2026-06-06T12:23:00.3512217Z /usr/bin/tar: ../../../../../usr/local/lib/android/sdk/platforms/android-34-ext8/data/res/values-mcc310-mnc560-sv: Cannot utime: Operation not permitted
build	Cache Android SDK	2026-06-06T12:23:00.3513163Z /usr/bin/tar: ../../../../../usr/local/lib/android/sdk/platforms/android-34-ext8/data/res/values-mcc310-mnc560-sv: Cannot change mode to rwxr-xr-x: Operation not permitted
build	Cache Android SDK	2026-06-06T12:23:00.3515199Z /usr/bin/tar: ../../../../../usr/local/lib/android/sdk/platforms/android-34-ext8/data/res/values-mcc310-mnc560-hy: Cannot utime: Operation not permitted
build	Cache Android SDK	2026-06-06T12:23:00.3516127Z /usr/bin/tar: ../../../../../usr/local/lib/android/sdk/platforms/android-34-ext8/data/res/values-mcc310-mnc560-hy: Cannot change mode to rwxr-xr-x: Operation not permitted
build	Cache Android SDK	2026-06-06T12:23:00.3518181Z /usr/bin/tar: ../../../../../usr/local/lib/android/sdk/platforms/android-34-ext8/data/res/values-mcc310-mnc170-en-rGB: Cannot utime: Operation not permitted
build	Cache Android SDK	2026-06-06T12:23:00.3519162Z /usr/bin/tar: ../../../../../usr/local/lib/android/sdk/platforms/android-34-ext8/data/res/values-mcc310-mnc170-en-rGB: Cannot change mode to rwxr-xr-x: Operation not permitted
build	Cache Android SDK	2026-06-06T12:23:00.3552481Z /usr/bin/tar: ../../../../../usr/local/lib/android/sdk/platforms/android-34-ext8/data/res/drawable-sw720dp-nodpi: Cannot utime: Operation not permitted
build	Cache Android SDK	2026-06-06T12:23:00.3553550Z /usr/bin/tar: ../../../../../usr/local/lib/android/sdk/platforms/android-34-ext8/data/res/drawable-sw720dp-nodpi: Cannot change mode to rwxr-xr-x: Operation not permitted
build	Cache Android SDK	2026-06-06T12:23:00.3556738Z /usr/bin/tar: ../../../../../usr/local/lib/android/sdk/platforms/android-34-ext8/data/res/values-mcc310-mnc410-ru: Cannot utime: Operation not permitted
build	Cache Android SDK	2026-06-06T12:23:00.3558241Z /usr/bin/tar: ../../../../../usr/local/lib/android/sdk/platforms/android-34-ext8/data/res/values-mcc310-mnc410-ru: Cannot change mode to rwxr-xr-x: Operation not permitted
build	Cache Android SDK	2026-06-06T12:23:00.3559777Z /usr/bin/tar: ../../../../../usr/local/lib/android/sdk/platforms/android-34-ext8/data/res/values-mcc310-mnc380-ko: Cannot utime: Operation not permitted
build	Cache Android SDK	2026-06-06T12:23:00.3560732Z /usr/bin/tar: ../../../../../usr/local/lib/android/sdk/platforms/android-34-ext8/data/res/values-mcc310-mnc380-ko: Cannot change mode to rwxr-xr-x: Operation not permitted
build	Cache Android SDK	2026-06-06T12:23:00.3563308Z /usr/bin/tar: ../../../../../usr/local/lib/android/sdk/platforms/android-34-ext8/data/res/values-mcc302-mnc720-fr: Cannot utime: Operation not permitted
build	Cache Android SDK	2026-06-06T12:23:00.3564372Z /usr/bin/tar: ../../../../../usr/local/lib/android/sdk/platforms/android-34-ext8/data/res/values-mcc302-mnc720-fr: Cannot change mode to rwxr-xr-x: Operation not permitted
build	Cache Android SDK	2026-06-06T12:23:00.3576561Z /usr/bin/tar: ../../../../../usr/local/lib/android/sdk/platforms/android-34-ext8/data/res/drawable-land-hdpi: Cannot utime: Operation not permitted
build	Cache Android SDK	2026-06-06T12:23:00.3578006Z /usr/bin/tar: ../../../../../usr/local/lib/android/sdk/platforms/android-34-ext8/data/res/drawable-land-hdpi: Cannot change mode to rwxr-xr-x: Operation not permitted
build	Cache Android SDK	2026-06-06T12:23:00.3579737Z /usr/bin/tar: ../../../../../usr/local/lib/android/sdk/platforms/android-34-ext8/data/res/values-mcc310-mnc660-it: Cannot utime: Operation not permitted
build	Cache Android SDK	2026-06-06T12:23:00.3580940Z /usr/bin/tar: ../../../../../usr/local/lib/android/sdk/platforms/android-34-ext8/data/res/values-mcc310-mnc660-it: Cannot change mode to rwxr-xr-x: Operation not permitted
build	Cache Android SDK	2026-06-06T12:23:00.3583179Z /usr/bin/tar: ../../../../../usr/local/lib/android/sdk/platforms/android-34-ext8/data/res/values-mcc310-mnc250-ru: Cannot utime: Operation not permitted
build	Cache Android SDK	2026-06-06T12:23:00.3584140Z /usr/bin/tar: ../../../../../usr/local/lib/android/sdk/platforms/android-34-ext8/data/res/values-mcc310-mnc250-ru: Cannot change mode to rwxr-xr-x: Operation not permitted
build	Cache Android SDK	2026-06-06T12:23:00.3586329Z /usr/bin/tar: ../../../../../usr/local/lib/android/sdk/platforms/android-34-ext8/data/res/values-et-television: Cannot utime: Operation not permitted
build	Cache Android SDK	2026-06-06T12:23:00.3587273Z /usr/bin/tar: ../../../../../usr/local/lib/android/sdk/platforms/android-34-ext8/data/res/values-et-television: Cannot change mode to rwxr-xr-x: Operation not permitted
build	Cache Android SDK	2026-06-06T12:23:00.3589563Z /usr/bin/tar: ../../../../../usr/local/lib/android/sdk/platforms/android-34-ext8/data/res/values-mcc310-mnc280-si: Cannot utime: Operation not permitted
build	Cache Android SDK	2026-06-06T12:23:00.3590520Z /usr/bin/tar: ../../../../../usr/local/lib/android/sdk/platforms/android-34-ext8/data/res/values-mcc310-mnc280-si: Cannot change mode to rwxr-xr-x: Operation not permitted
build	Cache Android SDK	2026-06-06T12:23:00.3592922Z /usr/bin/tar: ../../../../../usr/local/lib/android/sdk/platforms/android-34-ext8/data/res/values-mcc311-mnc180-nl: Cannot utime: Operation not permitted
build	Cache Android SDK	2026-06-06T12:23:00.3593865Z /usr/bin/tar: ../../../../../usr/local/lib/android/sdk/platforms/android-34-ext8/data/res/values-mcc311-mnc180-nl: Cannot change mode to rwxr-xr-x: Operation not permitted
build	Cache Android SDK	2026-06-06T12:23:00.3599550Z /usr/bin/tar: ../../../../../usr/local/lib/android/sdk/platforms/android-34-ext8/data/res/drawable-sw600dp-hdpi: Cannot utime: Operation not permitted
build	Cache Android SDK	2026-06-06T12:23:00.3601151Z /usr/bin/tar: ../../../../../usr/local/lib/android/sdk/platforms/android-34-ext8/data/res/drawable-sw600dp-hdpi: Cannot change mode to rwxr-xr-x: Operation not permitted
build	Cache Android SDK	2026-06-06T12:23:00.3602803Z /usr/bin/tar: ../../../../../usr/local/lib/android/sdk/platforms/android-34-ext8/data/res/values-mcc302-mnc370-sr: Cannot utime: Operation not permitted
build	Cache Android SDK	2026-06-06T12:23:00.3604296Z /usr/bin/tar: ../../../../../usr/local/lib/android/sdk/platforms/android-34-ext8/data/res/values-mcc302-mnc370-sr: Cannot change mode to rwxr-xr-x: Operation not permitted
build	Cache Android SDK	2026-06-06T12:23:00.3605899Z /usr/bin/tar: ../../../../../usr/local/lib/android/sdk/platforms/android-34-ext8/data/res/values-mcc310-mnc310-is: Cannot utime: Operation not permitted
build	Cache Android SDK	2026-06-06T12:23:00.3607318Z /usr/bin/tar: ../../../../../usr/local/lib/android/sdk/platforms/android-34-ext8/data/res/values-mcc310-mnc310-is: Cannot change mode to rwxr-xr-x: Operation not permitted
build	Cache Android SDK	2026-06-06T12:23:00.3609192Z /usr/bin/tar: ../../../../../usr/local/lib/android/sdk/platforms/android-34-ext8/data/res/values-mcc310-mnc240-es-rUS: Cannot utime: Operation not permitted
build	Cache Android SDK	2026-06-06T12:23:00.3610624Z /usr/bin/tar: ../../../../../usr/local/lib/android/sdk/platforms/android-34-ext8/data/res/values-mcc310-mnc240-es-rUS: Cannot change mode to rwxr-xr-x: Operation not permitted
build	Cache Android SDK	2026-06-06T12:23:00.3612021Z /usr/bin/tar: ../../../../../usr/local/lib/android/sdk/platforms/android-34-ext8/data/res/values-mcc310-mnc170-gl: Cannot utime: Operation not permitted
build	Cache Android SDK	2026-06-06T12:23:00.3613471Z /usr/bin/tar: ../../../../../usr/local/lib/android/sdk/platforms/android-34-ext8/data/res/values-mcc310-mnc170-gl: Cannot change mode to rwxr-xr-x: Operation not permitted
build	Cache Android SDK	2026-06-06T12:23:00.3616364Z /usr/bin/tar: ../../../../../usr/local/lib/android/sdk/platforms/android-34-ext8/data/res/values-mcc310-mnc270-uk: Cannot utime: Operation not permitted
build	Cache Android SDK	2026-06-06T12:23:00.3617617Z /usr/bin/tar: ../../../../../usr/local/lib/android/sdk/platforms/android-34-ext8/data/res/values-mcc310-mnc270-uk: Cannot change mode to rwxr-xr-x: Operation not permitted
build	Cache Android SDK	2026-06-06T12:23:00.3618842Z /usr/bin/tar: ../../../../../usr/local/lib/android/sdk/platforms/android-34-ext8/data/res/values-mcc310-mnc800-fi: Cannot utime: Operation not permitted
build	Cache Android SDK	2026-06-06T12:23:00.3619775Z /usr/bin/tar: ../../../../../usr/local/lib/android/sdk/platforms/android-34-ext8/data/res/values-mcc310-mnc800-fi: Cannot change mode to rwxr-xr-x: Operation not permitted
build	Cache Android SDK	2026-06-06T12:23:00.3621251Z /usr/bin/tar: ../../../../../usr/local/lib/android/sdk/platforms/android-34-ext8/data/res/values-mcc450: Cannot utime: Operation not permitted
build	Cache Android SDK	2026-06-06T12:23:00.3622272Z /usr/bin/tar: ../../../../../usr/local/lib/android/sdk/platforms/android-34-ext8/data/res/values-mcc450: Cannot change mode to rwxr-xr-x: Operation not permitted
build	Cache Android SDK	2026-06-06T12:23:00.3624459Z /usr/bin/tar: ../../../../../usr/local/lib/android/sdk/platforms/android-34-ext8/data/res/values-or-television: Cannot utime: Operation not permitted
build	Cache Android SDK	2026-06-06T12:23:00.3625424Z /usr/bin/tar: ../../../../../usr/local/lib/android/sdk/platforms/android-34-ext8/data/res/values-or-television: Cannot change mode to rwxr-xr-x: Operation not permitted
build	Cache Android SDK	2026-06-06T12:23:00.3627507Z /usr/bin/tar: ../../../../../usr/local/lib/android/sdk/platforms/android-34-ext8/data/res/values-es-rES: Cannot utime: Operation not permitted
build	Cache Android SDK	2026-06-06T12:23:00.3630696Z /usr/bin/tar: ../../../../../usr/local/lib/android/sdk/platforms/android-34-ext8/data/res/values-es-rES: Cannot change mode to rwxr-xr-x: Operation not permitted
build	Cache Android SDK	2026-06-06T12:23:00.3631615Z /usr/bin/tar: ../../../../../usr/local/lib/android/sdk/platforms/android-34-ext8/data/res/values-mcc302-mnc370-nl: Cannot utime: Operation not permitted
build	Cache Android SDK	2026-06-06T12:23:00.3632562Z /usr/bin/tar: ../../../../../usr/local/lib/android/sdk/platforms/android-34-ext8/data/res/values-mcc302-mnc370-nl: Cannot change mode to rwxr-xr-x: Operation not permitted
build	Cache Android SDK	2026-06-06T12:23:00.3634028Z /usr/bin/tar: ../../../../../usr/local/lib/android/sdk/platforms/android-34-ext8/data/res/values-mcc310-mnc950-fr-rCA: Cannot utime: Operation not permitted
build	Cache Android SDK	2026-06-06T12:23:00.3635083Z /usr/bin/tar: ../../../../../usr/local/lib/android/sdk/platforms/android-34-ext8/data/res/values-mcc310-mnc950-fr-rCA: Cannot change mode to rwxr-xr-x: Operation not permitted
build	Cache Android SDK	2026-06-06T12:23:00.3637140Z /usr/bin/tar: ../../../../../usr/local/lib/android/sdk/platforms/android-34-ext8/data/res/values-mcc310-mnc210-ca: Cannot utime: Operation not permitted
build	Cache Android SDK	2026-06-06T12:23:00.3638434Z /usr/bin/tar: ../../../../../usr/local/lib/android/sdk/platforms/android-34-ext8/data/res/values-mcc310-mnc210-ca: Cannot change mode to rwxr-xr-x: Operation not permitted
build	Cache Android SDK	2026-06-06T12:23:00.3640630Z /usr/bin/tar: ../../../../../usr/local/lib/android/sdk/platforms/android-34-ext8/data/res/values-mcc310-mnc490-el: Cannot utime: Operation not permitted
build	Cache Android SDK	2026-06-06T12:23:00.3641647Z /usr/bin/tar: ../../../../../usr/local/lib/android/sdk/platforms/android-34-ext8/data/res/values-mcc310-mnc490-el: Cannot change mode to rwxr-xr-x: Operation not permitted
build	Cache Android SDK	2026-06-06T12:23:00.3643791Z /usr/bin/tar: ../../../../../usr/local/lib/android/sdk/platforms/android-34-ext8/data/res/values-mcc311-mnc180-uk: Cannot utime: Operation not permitted
build	Cache Android SDK	2026-06-06T12:23:00.3644752Z /usr/bin/tar: ../../../../../usr/local/lib/android/sdk/platforms/android-34-ext8/data/res/values-mcc311-mnc180-uk: Cannot change mode to rwxr-xr-x: Operation not permitted
build	Cache Android SDK	2026-06-06T12:23:00.3647049Z /usr/bin/tar: ../../../../../usr/local/lib/android/sdk/platforms/android-34-ext8/data/res/values-ms-watch: Cannot utime: Operation not permitted
build	Cache Android SDK	2026-06-06T12:23:00.3648050Z /usr/bin/tar: ../../../../../usr/local/lib/android/sdk/platforms/android-34-ext8/data/res/values-ms-watch: Cannot change mode to rwxr-xr-x: Operation not permitted
build	Cache Android SDK	2026-06-06T12:23:00.3651130Z /usr/bin/tar: ../../../../../usr/local/lib/android/sdk/platforms/android-34-ext8/data/res/values-mcc310-mnc220-mr: Cannot utime: Operation not permitted
build	Cache Android SDK	2026-06-06T12:23:00.3652078Z /usr/bin/tar: ../../../../../usr/local/lib/android/sdk/platforms/android-34-ext8/data/res/values-mcc310-mnc220-mr: Cannot change mode to rwxr-xr-x: Operation not permitted
build	Cache Android SDK	2026-06-06T12:23:00.3654311Z /usr/bin/tar: ../../../../../usr/local/lib/android/sdk/platforms/android-34-ext8/data/res/values-mcc310-mnc660-kn: Cannot utime: Operation not permitted
build	Cache Android SDK	2026-06-06T12:23:00.3655253Z /usr/bin/tar: ../../../../../usr/local/lib/android/sdk/platforms/android-34-ext8/data/res/values-mcc310-mnc660-kn: Cannot change mode to rwxr-xr-x: Operation not permitted
build	Cache Android SDK	2026-06-06T12:23:00.3657335Z /usr/bin/tar: ../../../../../usr/local/lib/android/sdk/platforms/android-34-ext8/data/res/values-mcc310-mnc210-b+sr+Latn: Cannot utime: Operation not permitted
build	Cache Android SDK	2026-06-06T12:23:00.3658407Z /usr/bin/tar: ../../../../../usr/local/lib/android/sdk/platforms/android-34-ext8/data/res/values-mcc310-mnc210-b+sr+Latn: Cannot change mode to rwxr-xr-x: Operation not permitted
build	Cache Android SDK	2026-06-06T12:23:00.3660546Z /usr/bin/tar: ../../../../../usr/local/lib/android/sdk/platforms/android-34-ext8/data/res/values-mcc310-mnc220-iw: Cannot utime: Operation not permitted
build	Cache Android SDK	2026-06-06T12:23:00.3661501Z /usr/bin/tar: ../../../../../usr/local/lib/android/sdk/platforms/android-34-ext8/data/res/values-mcc310-mnc220-iw: Cannot change mode to rwxr-xr-x: Operation not permitted
build	Cache Android SDK	2026-06-06T12:23:00.3663780Z /usr/bin/tar: ../../../../../usr/local/lib/android/sdk/platforms/android-34-ext8/data/res/values-mcc334-mnc020-uk: Cannot utime: Operation not permitted
build	Cache Android SDK	2026-06-06T12:23:00.3664841Z /usr/bin/tar: ../../../../../usr/local/lib/android/sdk/platforms/android-34-ext8/data/res/values-mcc334-mnc020-uk: Cannot change mode to rwxr-xr-x: Operation not permitted
build	Cache Android SDK	2026-06-06T12:23:00.3667042Z /usr/bin/tar: ../../../../../usr/local/lib/android/sdk/platforms/android-34-ext8/data/res/values-mcc313-mnc100-et: Cannot utime: Operation not permitted
build	Cache Android SDK	2026-06-06T12:23:00.3668080Z /usr/bin/tar: ../../../../../usr/local/lib/android/sdk/platforms/android-34-ext8/data/res/values-mcc313-mnc100-et: Cannot change mode to rwxr-xr-x: Operation not permitted
build	Cache Android SDK	2026-06-06T12:23:00.3670557Z /usr/bin/tar: ../../../../../usr/local/lib/android/sdk/platforms/android-34-ext8/data/res/values-nl-rBE: Cannot utime: Operation not permitted
build	Cache Android SDK	2026-06-06T12:23:00.3672174Z /usr/bin/tar: ../../../../../usr/local/lib/android/sdk/platforms/android-34-ext8/data/res/values-nl-rBE: Cannot change mode to rwxr-xr-x: Operation not permitted
build	Cache Android SDK	2026-06-06T12:23:00.3673943Z /usr/bin/tar: ../../../../../usr/local/lib/android/sdk/platforms/android-34-ext8/data/res/values-mcc310-mnc560-gu: Cannot utime: Operation not permitted
build	Cache Android SDK	2026-06-06T12:23:00.3674911Z /usr/bin/tar: ../../../../../usr/local/lib/android/sdk/platforms/android-34-ext8/data/res/values-mcc310-mnc560-gu: Cannot change mode to rwxr-xr-x: Operation not permitted
build	Cache Android SDK	2026-06-06T12:23:00.3677303Z /usr/bin/tar: ../../../../../usr/local/lib/android/sdk/platforms/android-34-ext8/data/res/values-mcc310-mnc800-lv: Cannot utime: Operation not permitted
build	Cache Android SDK	2026-06-06T12:23:00.3678445Z /usr/bin/tar: ../../../../../usr/local/lib/android/sdk/platforms/android-34-ext8/data/res/values-mcc310-mnc800-lv: Cannot change mode to rwxr-xr-x: Operation not permitted
build	Cache Android SDK	2026-06-06T12:23:00.3680392Z /usr/bin/tar: ../../../../../usr/local/lib/android/sdk/platforms/android-34-ext8/data/res/values-mcc302-mnc720-nb: Cannot utime: Operation not permitted
build	Cache Android SDK	2026-06-06T12:23:00.3681363Z /usr/bin/tar: ../../../../../usr/local/lib/android/sdk/platforms/android-34-ext8/data/res/values-mcc302-mnc720-nb: Cannot change mode to rwxr-xr-x: Operation not permitted
build	Cache Android SDK	2026-06-06T12:23:00.3683745Z /usr/bin/tar: ../../../../../usr/local/lib/android/sdk/platforms/android-34-ext8/data/res/values-mcc313-mnc100-ru: Cannot utime: Operation not permitted
build	Cache Android SDK	2026-06-06T12:23:00.3684747Z /usr/bin/tar: ../../../../../usr/local/lib/android/sdk/platforms/android-34-ext8/data/res/values-mcc313-mnc100-ru: Cannot change mode to rwxr-xr-x: Operation not permitted
build	Cache Android SDK	2026-06-06T12:23:00.3686749Z /usr/bin/tar: ../../../../../usr/local/lib/android/sdk/platforms/android-34-ext8/data/res/values-mcc310-mnc380-sk: Cannot utime: Operation not permitted
build	Cache Android SDK	2026-06-06T12:23:00.3687798Z /usr/bin/tar: ../../../../../usr/local/lib/android/sdk/platforms/android-34-ext8/data/res/values-mcc310-mnc380-sk: Cannot change mode to rwxr-xr-x: Operation not permitted
build	Cache Android SDK	2026-06-06T12:23:00.3691383Z /usr/bin/tar: ../../../../../usr/local/lib/android/sdk/platforms/android-34-ext8/data/res/xml-xlarge: Cannot utime: Operation not permitted
build	Cache Android SDK	2026-06-06T12:23:00.3692255Z /usr/bin/tar: ../../../../../usr/local/lib/android/sdk/platforms/android-34-ext8/data/res/xml-xlarge: Cannot change mode to rwxr-xr-x: Operation not permitted
build	Cache Android SDK	2026-06-06T12:23:00.3694719Z /usr/bin/tar: ../../../../../usr/local/lib/android/sdk/platforms/android-34-ext8/data/res/values-mcc310-mnc240-uk: Cannot utime: Operation not permitted
build	Cache Android SDK	2026-06-06T12:23:00.3696009Z /usr/bin/tar: ../../../../../usr/local/lib/android/sdk/platforms/android-34-ext8/data/res/values-mcc310-mnc240-uk: Cannot change mode to rwxr-xr-x: Operation not permitted
build	Cache Android SDK	2026-06-06T12:23:00.3699115Z /usr/bin/tar: ../../../../../usr/local/lib/android/sdk/platforms/android-34-ext8/data/res/values-sw372dp: Cannot utime: Operation not permitted
build	Cache Android SDK	2026-06-06T12:23:00.3700019Z /usr/bin/tar: ../../../../../usr/local/lib/android/sdk/platforms/android-34-ext8/data/res/values-sw372dp: Cannot change mode to rwxr-xr-x: Operation not permitted
build	Cache Android SDK	2026-06-06T12:23:00.3702144Z /usr/bin/tar: ../../../../../usr/local/lib/android/sdk/platforms/android-34-ext8/data/res/values-mcc310-mnc160-b+sr+Latn: Cannot utime: Operation not permitted
build	Cache Android SDK	2026-06-06T12:23:00.3703136Z /usr/bin/tar: ../../../../../usr/local/lib/android/sdk/platforms/android-34-ext8/data/res/values-mcc310-mnc160-b+sr+Latn: Cannot change mode to rwxr-xr-x: Operation not permitted
build	Cache Android SDK	2026-06-06T12:23:00.3708662Z /usr/bin/tar: ../../../../../usr/local/lib/android/sdk/platforms/android-34-ext8/data/res/values-mcc334-mnc020-az: Cannot utime: Operation not permitted
build	Cache Android SDK	2026-06-06T12:23:00.3709677Z /usr/bin/tar: ../../../../../usr/local/lib/android/sdk/platforms/android-34-ext8/data/res/values-mcc334-mnc020-az: Cannot change mode to rwxr-xr-x: Operation not permitted
build	Cache Android SDK	2026-06-06T12:23:00.3711866Z /usr/bin/tar: ../../../../../usr/local/lib/android/sdk/platforms/android-34-ext8/data/res/raw-ru: Cannot utime: Operation not permitted
build	Cache Android SDK	2026-06-06T12:23:00.3712707Z /usr/bin/tar: ../../../../../usr/local/lib/android/sdk/platforms/android-34-ext8/data/res/raw-ru: Cannot change mode to rwxr-xr-x: Operation not permitted
build	Cache Android SDK	2026-06-06T12:23:00.3714924Z /usr/bin/tar: ../../../../../usr/local/lib/android/sdk/platforms/android-34-ext8/data/res/values-mcc310-mnc280-en-rIN: Cannot utime: Operation not permitted
build	Cache Android SDK	2026-06-06T12:23:00.3715932Z /usr/bin/tar: ../../../../../usr/local/lib/android/sdk/platforms/android-34-ext8/data/res/values-mcc310-mnc280-en-rIN: Cannot change mode to rwxr-xr-x: Operation not permitted
build	Cache Android SDK	2026-06-06T12:23:00.3718004Z /usr/bin/tar: ../../../../../usr/local/lib/android/sdk/platforms/android-34-ext8/data/res/values-mcc310-mnc270-lv: Cannot utime: Operation not permitted
build	Cache Android SDK	2026-06-06T12:23:00.3719020Z /usr/bin/tar: ../../../../../usr/local/lib/android/sdk/platforms/android-34-ext8/data/res/values-mcc310-mnc270-lv: Cannot change mode to rwxr-xr-x: Operation not permitted
build	Cache Android SDK	2026-06-06T12:23:00.3721269Z /usr/bin/tar: ../../../../../usr/local/lib/android/sdk/platforms/android-34-ext8/data/res/values-mcc310-mnc380-hu: Cannot utime: Operation not permitted
build	Cache Android SDK	2026-06-06T12:23:00.3722214Z /usr/bin/tar: ../../../../../usr/local/lib/android/sdk/platforms/android-34-ext8/data/res/values-mcc310-mnc380-hu: Cannot change mode to rwxr-xr-x: Operation not permitted
build	Cache Android SDK	2026-06-06T12:23:00.3724473Z /usr/bin/tar: ../../../../../usr/local/lib/android/sdk/platforms/android-34-ext8/data/res/values-mcc310-mnc660-hr: Cannot utime: Operation not permitted
build	Cache Android SDK	2026-06-06T12:23:00.3725462Z /usr/bin/tar: ../../../../../usr/local/lib/android/sdk/platforms/android-34-ext8/data/res/values-mcc310-mnc660-hr: Cannot change mode to rwxr-xr-x: Operation not permitted
build	Cache Android SDK	2026-06-06T12:23:00.3727938Z /usr/bin/tar: ../../../../../usr/local/lib/android/sdk/platforms/android-34-ext8/data/res/values-mcc310-mnc200-da: Cannot utime: Operation not permitted
build	Cache Android SDK	2026-06-06T12:23:00.3728886Z /usr/bin/tar: ../../../../../usr/local/lib/android/sdk/platforms/android-34-ext8/data/res/values-mcc310-mnc200-da: Cannot change mode to rwxr-xr-x: Operation not permitted
build	Cache Android SDK	2026-06-06T12:23:00.3730954Z /usr/bin/tar: ../../../../../usr/local/lib/android/sdk/platforms/android-34-ext8/data/res/values-mcc310-mnc280-mk: Cannot utime: Operation not permitted
build	Cache Android SDK	2026-06-06T12:23:00.3731932Z /usr/bin/tar: ../../../../../usr/local/lib/android/sdk/platforms/android-34-ext8/data/res/values-mcc310-mnc280-mk: Cannot change mode to rwxr-xr-x: Operation not permitted
build	Cache Android SDK	2026-06-06T12:23:00.3734407Z /usr/bin/tar: ../../../../../usr/local/lib/android/sdk/platforms/android-34-ext8/data/res/values-az-watch: Cannot utime: Operation not permitted
build	Cache Android SDK	2026-06-06T12:23:00.3735314Z /usr/bin/tar: ../../../../../usr/local/lib/android/sdk/platforms/android-34-ext8/data/res/values-az-watch: Cannot change mode to rwxr-xr-x: Operation not permitted
build	Cache Android SDK	2026-06-06T12:23:00.3737893Z /usr/bin/tar: ../../../../../usr/local/lib/android/sdk/platforms/android-34-ext8/data/res/values-mcc310-mnc200-pt-rPT: Cannot utime: Operation not permitted
build	Cache Android SDK	2026-06-06T12:23:00.3738864Z /usr/bin/tar: ../../../../../usr/local/lib/android/sdk/platforms/android-34-ext8/data/res/values-mcc310-mnc200-pt-rPT: Cannot change mode to rwxr-xr-x: Operation not permitted
build	Cache Android SDK	2026-06-06T12:23:00.3741045Z /usr/bin/tar: ../../../../../usr/local/lib/android/sdk/platforms/android-34-ext8/data/res/values-mcc310-mnc800-uk: Cannot utime: Operation not permitted
build	Cache Android SDK	2026-06-06T12:23:00.3742087Z /usr/bin/tar: ../../../../../usr/local/lib/android/sdk/platforms/android-34-ext8/data/res/values-mcc310-mnc800-uk: Cannot change mode to rwxr-xr-x: Operation not permitted
build	Cache Android SDK	2026-06-06T12:23:00.3743665Z /usr/bin/tar: ../../../../../usr/local/lib/android/sdk/platforms/android-34-ext8/data/res/values-mcc310-mnc950-ur: Cannot utime: Operation not permitted
build	Cache Android SDK	2026-06-06T12:23:00.3744681Z /usr/bin/tar: ../../../../../usr/local/lib/android/sdk/platforms/android-34-ext8/data/res/values-mcc310-mnc950-ur: Cannot change mode to rwxr-xr-x: Operation not permitted
build	Cache Android SDK	2026-06-06T12:23:00.3751784Z /usr/bin/tar: ../../../../../usr/local/lib/android/sdk/platforms/android-34-ext8/data/res/values-bn: Cannot utime: Operation not permitted
build	Cache Android SDK	2026-06-06T12:23:00.3752810Z /usr/bin/tar: ../../../../../usr/local/lib/android/sdk/platforms/android-34-ext8/data/res/values-bn: Cannot change mode to rwxr-xr-x: Operation not permitted
build	Cache Android SDK	2026-06-06T12:23:00.3754827Z /usr/bin/tar: ../../../../../usr/local/lib/android/sdk/platforms/android-34-ext8/data/res/values-mcc302-mnc370: Cannot utime: Operation not permitted
build	Cache Android SDK	2026-06-06T12:23:00.3755758Z /usr/bin/tar: ../../../../../usr/local/lib/android/sdk/platforms/android-34-ext8/data/res/values-mcc302-mnc370: Cannot change mode to rwxr-xr-x: Operation not permitted
build	Cache Android SDK	2026-06-06T12:23:00.3757777Z /usr/bin/tar: ../../../../../usr/local/lib/android/sdk/platforms/android-34-ext8/data/res/values-mcc310-mnc560-sq: Cannot utime: Operation not permitted
build	Cache Android SDK	2026-06-06T12:23:00.3758813Z /usr/bin/tar: ../../../../../usr/local/lib/android/sdk/platforms/android-34-ext8/data/res/values-mcc310-mnc560-sq: Cannot change mode to rwxr-xr-x: Operation not permitted
build	Cache Android SDK	2026-06-06T12:23:00.3765558Z /usr/bin/tar: ../../../../../usr/local/lib/android/sdk/platforms/android-34-ext8/data/res/drawable-watch: Cannot utime: Operation not permitted
build	Cache Android SDK	2026-06-06T12:23:00.3766954Z /usr/bin/tar: ../../../../../usr/local/lib/android/sdk/platforms/android-34-ext8/data/res/drawable-watch: Cannot change mode to rwxr-xr-x: Operation not permitted
build	Cache Android SDK	2026-06-06T12:23:00.3770092Z /usr/bin/tar: ../../../../../usr/local/lib/android/sdk/platforms/android-34-ext8/data/res/values-mcc310-mnc150-as: Cannot utime: Operation not permitted
build	Cache Android SDK	2026-06-06T12:23:00.3771254Z /usr/bin/tar: ../../../../../usr/local/lib/android/sdk/platforms/android-34-ext8/data/res/values-mcc310-mnc150-as: Cannot change mode to rwxr-xr-x: Operation not permitted
build	Cache Android SDK	2026-06-06T12:23:00.3772997Z /usr/bin/tar: ../../../../../usr/local/lib/android/sdk/platforms/android-34-ext8/data/res/values-mcc310-mnc560-uk: Cannot utime: Operation not permitted
build	Cache Android SDK	2026-06-06T12:23:00.3773968Z /usr/bin/tar: ../../../../../usr/local/lib/android/sdk/platforms/android-34-ext8/data/res/values-mcc310-mnc560-uk: Cannot change mode to rwxr-xr-x: Operation not permitted
build	Cache Android SDK	2026-06-06T12:23:00.3776427Z /usr/bin/tar: ../../../../../usr/local/lib/android/sdk/platforms/android-34-ext8/data/res/values-mcc334-mnc020-hy: Cannot utime: Operation not permitted
build	Cache Android SDK	2026-06-06T12:23:00.3777515Z /usr/bin/tar: ../../../../../usr/local/lib/android/sdk/platforms/android-34-ext8/data/res/values-mcc334-mnc020-hy: Cannot change mode to rwxr-xr-x: Operation not permitted
build	Cache Android SDK	2026-06-06T12:23:00.3779823Z /usr/bin/tar: ../../../../../usr/local/lib/android/sdk/platforms/android-34-ext8/data/res/values-mcc310-mnc240-pa: Cannot utime: Operation not permitted
build	Cache Android SDK	2026-06-06T12:23:00.3781023Z /usr/bin/tar: ../../../../../usr/local/lib/android/sdk/platforms/android-34-ext8/data/res/values-mcc310-mnc240-pa: Cannot change mode to rwxr-xr-x: Operation not permitted
build	Cache Android SDK	2026-06-06T12:23:00.3782560Z /usr/bin/tar: ../../../../../usr/local/lib/android/sdk/platforms/android-34-ext8/data/res/values-mcc302-mnc370-ca: Cannot utime: Operation not permitted
build	Cache Android SDK	2026-06-06T12:23:00.3783510Z /usr/bin/tar: ../../../../../usr/local/lib/android/sdk/platforms/android-34-ext8/data/res/values-mcc302-mnc370-ca: Cannot change mode to rwxr-xr-x: Operation not permitted
build	Cache Android SDK	2026-06-06T12:23:00.3785789Z /usr/bin/tar: ../../../../../usr/local/lib/android/sdk/platforms/android-34-ext8/data/res/values-mcc310-mnc240-zh-rHK: Cannot utime: Operation not permitted
build	Cache Android SDK	2026-06-06T12:23:00.3786794Z /usr/bin/tar: ../../../../../usr/local/lib/android/sdk/platforms/android-34-ext8/data/res/values-mcc310-mnc240-zh-rHK: Cannot change mode to rwxr-xr-x: Operation not permitted
build	Cache Android SDK	2026-06-06T12:23:00.3789368Z /usr/bin/tar: ../../../../../usr/local/lib/android/sdk/platforms/android-34-ext8/data/res/values-mcc310-mnc950-lo: Cannot utime: Operation not permitted
build	Cache Android SDK	2026-06-06T12:23:00.3790435Z /usr/bin/tar: ../../../../../usr/local/lib/android/sdk/platforms/android-34-ext8/data/res/values-mcc310-mnc950-lo: Cannot change mode to rwxr-xr-x: Operation not permitted
build	Cache Android SDK	2026-06-06T12:23:00.3792481Z /usr/bin/tar: ../../../../../usr/local/lib/android/sdk/platforms/android-34-ext8/data/res/values-mcc310-mnc660-ta: Cannot utime: Operation not permitted
build	Cache Android SDK	2026-06-06T12:23:00.3793523Z /usr/bin/tar: ../../../../../usr/local/lib/android/sdk/platforms/android-34-ext8/data/res/values-mcc310-mnc660-ta: Cannot change mode to rwxr-xr-x: Operation not permitted
build	Cache Android SDK	2026-06-06T12:23:00.3796013Z /usr/bin/tar: ../../../../../usr/local/lib/android/sdk/platforms/android-34-ext8/data/res/values-mcc310-mnc270-ms: Cannot utime: Operation not permitted
build	Cache Android SDK	2026-06-06T12:23:00.3796973Z /usr/bin/tar: ../../../../../usr/local/lib/android/sdk/platforms/android-34-ext8/data/res/values-mcc310-mnc270-ms: Cannot change mode to rwxr-xr-x: Operation not permitted
build	Cache Android SDK	2026-06-06T12:23:00.3799311Z /usr/bin/tar: ../../../../../usr/local/lib/android/sdk/platforms/android-34-ext8/data/res/values-mcc310-mnc280-ca: Cannot utime: Operation not permitted
build	Cache Android SDK	2026-06-06T12:23:00.3800259Z /usr/bin/tar: ../../../../../usr/local/lib/android/sdk/platforms/android-34-ext8/data/res/values-mcc310-mnc280-ca: Cannot change mode to rwxr-xr-x: Operation not permitted
build	Cache Android SDK	2026-06-06T12:23:00.3802924Z /usr/bin/tar: ../../../../../usr/local/lib/android/sdk/platforms/android-34-ext8/data/res/values-mcc310-mnc280-az: Cannot utime: Operation not permitted
build	Cache Android SDK	2026-06-06T12:23:00.3803877Z /usr/bin/tar: ../../../../../usr/local/lib/android/sdk/platforms/android-34-ext8/data/res/values-mcc310-mnc280-az: Cannot change mode to rwxr-xr-x: Operation not permitted
build	Cache Android SDK	2026-06-06T12:23:00.3805934Z /usr/bin/tar: ../../../../../usr/local/lib/android/sdk/platforms/android-34-ext8/data/res/values-mcc310-mnc240-tr: Cannot utime: Operation not permitted
build	Cache Android SDK	2026-06-06T12:23:00.3806886Z /usr/bin/tar: ../../../../../usr/local/lib/android/sdk/platforms/android-34-ext8/data/res/values-mcc310-mnc240-tr: Cannot change mode to rwxr-xr-x: Operation not permitted
build	Cache Android SDK	2026-06-06T12:23:00.3809549Z /usr/bin/tar: ../../../../../usr/local/lib/android/sdk/platforms/android-34-ext8/data/res/values-mcc001-mnc01-sr: Cannot utime: Operation not permitted
build	Cache Android SDK	2026-06-06T12:23:00.3810624Z /usr/bin/tar: ../../../../../usr/local/lib/android/sdk/platforms/android-34-ext8/data/res/values-mcc001-mnc01-sr: Cannot change mode to rwxr-xr-x: Operation not permitted
build	Cache Android SDK	2026-06-06T12:23:00.3812380Z /usr/bin/tar: ../../../../../usr/local/lib/android/sdk/platforms/android-34-ext8/data/res/values-mcc312-mnc670-ja: Cannot utime: Operation not permitted
build	Cache Android SDK	2026-06-06T12:23:00.3813337Z /usr/bin/tar: ../../../../../usr/local/lib/android/sdk/platforms/android-34-ext8/data/res/values-mcc312-mnc670-ja: Cannot change mode to rwxr-xr-x: Operation not permitted
build	Cache Android SDK	2026-06-06T12:23:00.3815971Z /usr/bin/tar: ../../../../../usr/local/lib/android/sdk/platforms/android-34-ext8/data/res/values-mcc001-mnc01-gu: Cannot utime: Operation not permitted
build	Cache Android SDK	2026-06-06T12:23:00.3816935Z /usr/bin/tar: ../../../../../usr/local/lib/android/sdk/platforms/android-34-ext8/data/res/values-mcc001-mnc01-gu: Cannot change mode to rwxr-xr-x: Operation not permitted
build	Cache Android SDK	2026-06-06T12:23:00.3819481Z /usr/bin/tar: ../../../../../usr/local/lib/android/sdk/platforms/android-34-ext8/data/res/values-mcc334-mnc020-et: Cannot utime: Operation not permitted
build	Cache Android SDK	2026-06-06T12:23:00.3820545Z /usr/bin/tar: ../../../../../usr/local/lib/android/sdk/platforms/android-34-ext8/data/res/values-mcc334-mnc020-et: Cannot change mode to rwxr-xr-x: Operation not permitted
build	Cache Android SDK	2026-06-06T12:23:00.3822589Z /usr/bin/tar: ../../../../../usr/local/lib/android/sdk/platforms/android-34-ext8/data/res/values-mcc310-mnc560-am: Cannot utime: Operation not permitted
build	Cache Android SDK	2026-06-06T12:23:00.3823542Z /usr/bin/tar: ../../../../../usr/local/lib/android/sdk/platforms/android-34-ext8/data/res/values-mcc310-mnc560-am: Cannot change mode to rwxr-xr-x: Operation not permitted
build	Cache Android SDK	2026-06-06T12:23:00.3826797Z /usr/bin/tar: ../../../../../usr/local/lib/android/sdk/platforms/android-34-ext8/data/res/values-sw600dp-land: Cannot utime: Operation not permitted
build	Cache Android SDK	2026-06-06T12:23:00.3828268Z /usr/bin/tar: ../../../../../usr/local/lib/android/sdk/platforms/android-34-ext8/data/res/values-sw600dp-land: Cannot change mode to rwxr-xr-x: Operation not permitted
build	Cache Android SDK	2026-06-06T12:23:00.3829791Z /usr/bin/tar: ../../../../../usr/local/lib/android/sdk/platforms/android-34-ext8/data/res/values-mcc310-mnc950-ta: Cannot utime: Operation not permitted
build	Cache Android SDK	2026-06-06T12:23:00.3830741Z /usr/bin/tar: ../../../../../usr/local/lib/android/sdk/platforms/android-34-ext8/data/res/values-mcc310-mnc950-ta: Cannot change mode to rwxr-xr-x: Operation not permitted
build	Cache Android SDK	2026-06-06T12:23:00.3833270Z /usr/bin/tar: ../../../../../usr/local/lib/android/sdk/platforms/android-34-ext8/data/res/values-mcc310-mnc410-en-rGB: Cannot utime: Operation not permitted
build	Cache Android SDK	2026-06-06T12:23:00.3834362Z /usr/bin/tar: ../../../../../usr/local/lib/android/sdk/platforms/android-34-ext8/data/res/values-mcc310-mnc410-en-rGB: Cannot change mode to rwxr-xr-x: Operation not permitted
build	Cache Android SDK	2026-06-06T12:23:00.3836370Z /usr/bin/tar: ../../../../../usr/local/lib/android/sdk/platforms/android-34-ext8/data/res/values-mcc310-mnc230-es-rUS: Cannot utime: Operation not permitted
build	Cache Android SDK	2026-06-06T12:23:00.3837566Z /usr/bin/tar: ../../../../../usr/local/lib/android/sdk/platforms/android-34-ext8/data/res/values-mcc310-mnc230-es-rUS: Cannot change mode to rwxr-xr-x: Operation not permitted
build	Cache Android SDK	2026-06-06T12:23:00.3839780Z /usr/bin/tar: ../../../../../usr/local/lib/android/sdk/platforms/android-34-ext8/data/res/values-ar-television: Cannot utime: Operation not permitted
build	Cache Android SDK	2026-06-06T12:23:00.3840732Z /usr/bin/tar: ../../../../../usr/local/lib/android/sdk/platforms/android-34-ext8/data/res/values-ar-television: Cannot change mode to rwxr-xr-x: Operation not permitted
build	Cache Android SDK	2026-06-06T12:23:00.3845729Z /usr/bin/tar: ../../../../../usr/local/lib/android/sdk/platforms/android-34-ext8/data/res/values-mcc313-mnc100-bs: Cannot utime: Operation not permitted
build	Cache Android SDK	2026-06-06T12:23:00.3846812Z /usr/bin/tar: ../../../../../usr/local/lib/android/sdk/platforms/android-34-ext8/data/res/values-mcc313-mnc100-bs: Cannot change mode to rwxr-xr-x: Operation not permitted
build	Cache Android SDK	2026-06-06T12:23:00.3848878Z /usr/bin/tar: ../../../../../usr/local/lib/android/sdk/platforms/android-34-ext8/data/res/values-mcc310-mnc200-en-rGB: Cannot utime: Operation not permitted
build	Cache Android SDK	2026-06-06T12:23:00.3850027Z /usr/bin/tar: ../../../../../usr/local/lib/android/sdk/platforms/android-34-ext8/data/res/values-mcc310-mnc200-en-rGB: Cannot change mode to rwxr-xr-x: Operation not permitted
build	Cache Android SDK	2026-06-06T12:23:00.3854795Z /usr/bin/tar: ../../../../../usr/local/lib/android/sdk/platforms/android-34-ext8/data/res/values-mcc310-mnc950-ne: Cannot utime: Operation not permitted
build	Cache Android SDK	2026-06-06T12:23:00.3856153Z /usr/bin/tar: ../../../../../usr/local/lib/android/sdk/platforms/android-34-ext8/data/res/values-mcc310-mnc950-ne: Cannot change mode to rwxr-xr-x: Operation not permitted
build	Cache Android SDK	2026-06-06T12:23:00.3857109Z /usr/bin/tar: ../../../../../usr/local/lib/android/sdk/platforms/android-34-ext8/data/res/values-mcc310-mnc560-es: Cannot utime: Operation not permitted
build	Cache Android SDK	2026-06-06T12:23:00.3858690Z /usr/bin/tar: ../../../../../usr/local/lib/android/sdk/platforms/android-34-ext8/data/res/values-mcc310-mnc560-es: Cannot change mode to rwxr-xr-x: Operation not permitted
build	Cache Android SDK	2026-06-06T12:23:00.3860192Z /usr/bin/tar: ../../../../../usr/local/lib/android/sdk/platforms/android-34-ext8/data/res/values-mcc001-mnc01-b+sr+Latn: Cannot utime: Operation not permitted
build	Cache Android SDK	2026-06-06T12:23:00.3861177Z /usr/bin/tar: ../../../../../usr/local/lib/android/sdk/platforms/android-34-ext8/data/res/values-mcc001-mnc01-b+sr+Latn: Cannot change mode to rwxr-xr-x: Operation not permitted
build	Cache Android SDK	2026-06-06T12:23:00.3863301Z /usr/bin/tar: ../../../../../usr/local/lib/android/sdk/platforms/android-34-ext8/data/res/values-mcc310-mnc800-sk: Cannot utime: Operation not permitted
build	Cache Android SDK	2026-06-06T12:23:00.3864252Z /usr/bin/tar: ../../../../../usr/local/lib/android/sdk/platforms/android-34-ext8/data/res/values-mcc310-mnc800-sk: Cannot change mode to rwxr-xr-x: Operation not permitted
build	Cache Android SDK	2026-06-06T12:23:00.3867069Z /usr/bin/tar: ../../../../../usr/local/lib/android/sdk/platforms/android-34-ext8/data/res/values-mcc310-mnc410-ms: Cannot utime: Operation not permitted
build	Cache Android SDK	2026-06-06T12:23:00.3868184Z /usr/bin/tar: ../../../../../usr/local/lib/android/sdk/platforms/android-34-ext8/data/res/values-mcc310-mnc410-ms: Cannot change mode to rwxr-xr-x: Operation not permitted
build	Cache Android SDK	2026-06-06T12:23:00.3870015Z /usr/bin/tar: ../../../../../usr/local/lib/android/sdk/platforms/android-34-ext8/data/res/values-mcc313-mnc100-en-rIN: Cannot utime: Operation not permitted
build	Cache Android SDK	2026-06-06T12:23:00.3871001Z /usr/bin/tar: ../../../../../usr/local/lib/android/sdk/platforms/android-34-ext8/data/res/values-mcc313-mnc100-en-rIN: Cannot change mode to rwxr-xr-x: Operation not permitted
build	Cache Android SDK	2026-06-06T12:23:00.3872797Z /usr/bin/tar: ../../../../../usr/local/lib/android/sdk/platforms/android-34-ext8/data/res/values-mcc310-mnc160-mn: Cannot utime: Operation not permitted
build	Cache Android SDK	2026-06-06T12:23:00.3873776Z /usr/bin/tar: ../../../../../usr/local/lib/android/sdk/platforms/android-34-ext8/data/res/values-mcc310-mnc160-mn: Cannot change mode to rwxr-xr-x: Operation not permitted
build	Cache Android SDK	2026-06-06T12:23:00.3876076Z /usr/bin/tar: ../../../../../usr/local/lib/android/sdk/platforms/android-34-ext8/data/res/values-mcc310-mnc240-el: Cannot utime: Operation not permitted
build	Cache Android SDK	2026-06-06T12:23:00.3877028Z /usr/bin/tar: ../../../../../usr/local/lib/android/sdk/platforms/android-34-ext8/data/res/values-mcc310-mnc240-el: Cannot change mode to rwxr-xr-x: Operation not permitted
build	Cache Android SDK	2026-06-06T12:23:00.3879461Z /usr/bin/tar: ../../../../../usr/local/lib/android/sdk/platforms/android-34-ext8/data/res/values-mcc312-mnc670-ko: Cannot utime: Operation not permitted
build	Cache Android SDK	2026-06-06T12:23:00.3880417Z /usr/bin/tar: ../../../../../usr/local/lib/android/sdk/platforms/android-34-ext8/data/res/values-mcc312-mnc670-ko: Cannot change mode to rwxr-xr-x: Operation not permitted
build	Cache Android SDK	2026-06-06T12:23:00.3882545Z /usr/bin/tar: ../../../../../usr/local/lib/android/sdk/platforms/android-34-ext8/data/res/values-mcc001-mnc01-as: Cannot utime: Operation not permitted
build	Cache Android SDK	2026-06-06T12:23:00.3883514Z /usr/bin/tar: ../../../../../usr/local/lib/android/sdk/platforms/android-34-ext8/data/res/values-mcc001-mnc01-as: Cannot change mode to rwxr-xr-x: Operation not permitted
build	Cache Android SDK	2026-06-06T12:23:00.3885196Z /usr/bin/tar: ../../../../../usr/local/lib/android/sdk/platforms/android-34-ext8/data/res/values-mcc310-mnc950-en-rGB: Cannot utime: Operation not permitted
build	Cache Android SDK	2026-06-06T12:23:00.3886184Z /usr/bin/tar: ../../../../../usr/local/lib/android/sdk/platforms/android-34-ext8/data/res/values-mcc310-mnc950-en-rGB: Cannot change mode to rwxr-xr-x: Operation not permitted
build	Cache Android SDK	2026-06-06T12:23:00.3888956Z /usr/bin/tar: ../../../../../usr/local/lib/android/sdk/platforms/android-34-ext8/data/res/values-mcc310-mnc250-zh-rTW: Cannot utime: Operation not permitted
build	Cache Android SDK	2026-06-06T12:23:00.3890011Z /usr/bin/tar: ../../../../../usr/local/lib/android/sdk/platforms/android-34-ext8/data/res/values-mcc310-mnc250-zh-rTW: Cannot change mode to rwxr-xr-x: Operation not permitted
build	Cache Android SDK	2026-06-06T12:23:00.3891659Z /usr/bin/tar: ../../../../../usr/local/lib/android/sdk/platforms/android-34-ext8/data/res/values-mcc312-mnc670-bs: Cannot utime: Operation not permitted
build	Cache Android SDK	2026-06-06T12:23:00.3892839Z /usr/bin/tar: ../../../../../usr/local/lib/android/sdk/platforms/android-34-ext8/data/res/values-mcc312-mnc670-bs: Cannot change mode to rwxr-xr-x: Operation not permitted
build	Cache Android SDK	2026-06-06T12:23:00.3894632Z /usr/bin/tar: ../../../../../usr/local/lib/android/sdk/platforms/android-34-ext8/data/res/values-mcc302-mnc370-uz: Cannot utime: Operation not permitted
build	Cache Android SDK	2026-06-06T12:23:00.3895604Z /usr/bin/tar: ../../../../../usr/local/lib/android/sdk/platforms/android-34-ext8/data/res/values-mcc302-mnc370-uz: Cannot change mode to rwxr-xr-x: Operation not permitted
build	Cache Android SDK	2026-06-06T12:23:00.3897665Z /usr/bin/tar: ../../../../../usr/local/lib/android/sdk/platforms/android-34-ext8/data/res/values-mcc310-mnc220-nb: Cannot utime: Operation not permitted
build	Cache Android SDK	2026-06-06T12:23:00.3898846Z /usr/bin/tar: ../../../../../usr/local/lib/android/sdk/platforms/android-34-ext8/data/res/values-mcc310-mnc220-nb: Cannot change mode to rwxr-xr-x: Operation not permitted
build	Cache Android SDK	2026-06-06T12:23:00.3900605Z /usr/bin/tar: ../../../../../usr/local/lib/android/sdk/platforms/android-34-ext8/data/res/values-mcc310-mnc150-nb: Cannot utime: Operation not permitted
build	Cache Android SDK	2026-06-06T12:23:00.3901701Z /usr/bin/tar: ../../../../../usr/local/lib/android/sdk/platforms/android-34-ext8/data/res/values-mcc310-mnc150-nb: Cannot change mode to rwxr-xr-x: Operation not permitted
build	Cache Android SDK	2026-06-06T12:23:00.3904142Z /usr/bin/tar: ../../../../../usr/local/lib/android/sdk/platforms/android-34-ext8/data/res/values-mcc310-mnc030-et: Cannot utime: Operation not permitted
build	Cache Android SDK	2026-06-06T12:23:00.3905119Z /usr/bin/tar: ../../../../../usr/local/lib/android/sdk/platforms/android-34-ext8/data/res/values-mcc310-mnc030-et: Cannot change mode to rwxr-xr-x: Operation not permitted
build	Cache Android SDK	2026-06-06T12:23:00.3908159Z /usr/bin/tar: ../../../../../usr/local/lib/android/sdk/platforms/android-34-ext8/data/res/values-mcc310-mnc310-sr: Cannot utime: Operation not permitted
build	Cache Android SDK	2026-06-06T12:23:00.3909146Z /usr/bin/tar: ../../../../../usr/local/lib/android/sdk/platforms/android-34-ext8/data/res/values-mcc310-mnc310-sr: Cannot change mode to rwxr-xr-x: Operation not permitted
build	Cache Android SDK	2026-06-06T12:23:00.3910799Z /usr/bin/tar: ../../../../../usr/local/lib/android/sdk/platforms/android-34-ext8/data/res/values-mcc310-mnc250-ro: Cannot utime: Operation not permitted
build	Cache Android SDK	2026-06-06T12:23:00.3911770Z /usr/bin/tar: ../../../../../usr/local/lib/android/sdk/platforms/android-34-ext8/data/res/values-mcc310-mnc250-ro: Cannot change mode to rwxr-xr-x: Operation not permitted
build	Cache Android SDK	2026-06-06T12:23:00.3913785Z /usr/bin/tar: ../../../../../usr/local/lib/android/sdk/platforms/android-34-ext8/data/res/values-mcc302-mnc370-tr: Cannot utime: Operation not permitted
build	Cache Android SDK	2026-06-06T12:23:00.3914829Z /usr/bin/tar: ../../../../../usr/local/lib/android/sdk/platforms/android-34-ext8/data/res/values-mcc302-mnc370-tr: Cannot change mode to rwxr-xr-x: Operation not permitted
build	Cache Android SDK	2026-06-06T12:23:00.3916999Z /usr/bin/tar: ../../../../../usr/local/lib/android/sdk/platforms/android-34-ext8/data/res/values-mcc310-mnc200-nl: Cannot utime: Operation not permitted
build	Cache Android SDK	2026-06-06T12:23:00.3918081Z /usr/bin/tar: ../../../../../usr/local/lib/android/sdk/platforms/android-34-ext8/data/res/values-mcc310-mnc200-nl: Cannot change mode to rwxr-xr-x: Operation not permitted
build	Cache Android SDK	2026-06-06T12:23:00.3919802Z /usr/bin/tar: ../../../../../usr/local/lib/android/sdk/platforms/android-34-ext8/data/res/values-mcc310-mnc660-sw: Cannot utime: Operation not permitted
build	Cache Android SDK	2026-06-06T12:23:00.3920748Z /usr/bin/tar: ../../../../../usr/local/lib/android/sdk/platforms/android-34-ext8/data/res/values-mcc310-mnc660-sw: Cannot change mode to rwxr-xr-x: Operation not permitted
build	Cache Android SDK	2026-06-06T12:23:00.3922659Z /usr/bin/tar: ../../../../../usr/local/lib/android/sdk/platforms/android-34-ext8/data/res/values-mcc313-mnc100-sr: Cannot utime: Operation not permitted
build	Cache Android SDK	2026-06-06T12:23:00.3923613Z /usr/bin/tar: ../../../../../usr/local/lib/android/sdk/platforms/android-34-ext8/data/res/values-mcc313-mnc100-sr: Cannot change mode to rwxr-xr-x: Operation not permitted
build	Cache Android SDK	2026-06-06T12:23:00.3925886Z /usr/bin/tar: ../../../../../usr/local/lib/android/sdk/platforms/android-34-ext8/data/res/raw-da: Cannot utime: Operation not permitted
build	Cache Android SDK	2026-06-06T12:23:00.3926881Z /usr/bin/tar: ../../../../../usr/local/lib/android/sdk/platforms/android-34-ext8/data/res/raw-da: Cannot change mode to rwxr-xr-x: Operation not permitted
build	Cache Android SDK	2026-06-06T12:23:00.3929806Z /usr/bin/tar: ../../../../../usr/local/lib/android/sdk/platforms/android-34-ext8/data/res/values-mcc260: Cannot utime: Operation not permitted
build	Cache Android SDK	2026-06-06T12:23:00.3930755Z /usr/bin/tar: ../../../../../usr/local/lib/android/sdk/platforms/android-34-ext8/data/res/values-mcc260: Cannot change mode to rwxr-xr-x: Operation not permitted
build	Cache Android SDK	2026-06-06T12:23:00.3932850Z /usr/bin/tar: ../../../../../usr/local/lib/android/sdk/platforms/android-34-ext8/data/res/values-mcc310-mnc220-ja: Cannot utime: Operation not permitted
build	Cache Android SDK	2026-06-06T12:23:00.3933869Z /usr/bin/tar: ../../../../../usr/local/lib/android/sdk/platforms/android-34-ext8/data/res/values-mcc310-mnc220-ja: Cannot change mode to rwxr-xr-x: Operation not permitted
build	Cache Android SDK	2026-06-06T12:23:00.3935791Z /usr/bin/tar: ../../../../../usr/local/lib/android/sdk/platforms/android-34-ext8/data/res/values-mcc310-mnc800-en-rIN: Cannot utime: Operation not permitted
build	Cache Android SDK	2026-06-06T12:23:00.3936837Z /usr/bin/tar: ../../../../../usr/local/lib/android/sdk/platforms/android-34-ext8/data/res/values-mcc310-mnc800-en-rIN: Cannot change mode to rwxr-xr-x: Operation not permitted
build	Cache Android SDK	2026-06-06T12:23:00.3938668Z /usr/bin/tar: ../../../../../usr/local/lib/android/sdk/platforms/android-34-ext8/data/res/values-mcc310-mnc250-pt-rPT: Cannot utime: Operation not permitted
build	Cache Android SDK	2026-06-06T12:23:00.3939790Z /usr/bin/tar: ../../../../../usr/local/lib/android/sdk/platforms/android-34-ext8/data/res/values-mcc310-mnc250-pt-rPT: Cannot change mode to rwxr-xr-x: Operation not permitted
build	Cache Android SDK	2026-06-06T12:23:00.3942282Z /usr/bin/tar: ../../../../../usr/local/lib/android/sdk/platforms/android-34-ext8/data/res/values-mcc310-mnc490-ka: Cannot utime: Operation not permitted
build	Cache Android SDK	2026-06-06T12:23:00.3943992Z /usr/bin/tar: ../../../../../usr/local/lib/android/sdk/platforms/android-34-ext8/data/res/values-mcc310-mnc490-ka: Cannot change mode to rwxr-xr-x: Operation not permitted
build	Cache Android SDK	2026-06-06T12:23:00.3945587Z /usr/bin/tar: ../../../../../usr/local/lib/android/sdk/platforms/android-34-ext8/data/res/values-mcc310-mnc490-be: Cannot utime: Operation not permitted
build	Cache Android SDK	2026-06-06T12:23:00.3946524Z /usr/bin/tar: ../../../../../usr/local/lib/android/sdk/platforms/android-34-ext8/data/res/values-mcc310-mnc490-be: Cannot change mode to rwxr-xr-x: Operation not permitted
build	Cache Android SDK	2026-06-06T12:23:00.3948954Z /usr/bin/tar: ../../../../../usr/local/lib/android/sdk/platforms/android-34-ext8/data/res/values-mcc204: Cannot utime: Operation not permitted
build	Cache Android SDK	2026-06-06T12:23:00.3949872Z /usr/bin/tar: ../../../../../usr/local/lib/android/sdk/platforms/android-34-ext8/data/res/values-mcc204: Cannot change mode to rwxr-xr-x: Operation not permitted
build	Cache Android SDK	2026-06-06T12:23:00.3952424Z /usr/bin/tar: ../../../../../usr/local/lib/android/sdk/platforms/android-34-ext8/data/res/values-mcc310-mnc660-sr: Cannot utime: Operation not permitted
build	Cache Android SDK	2026-06-06T12:23:00.3953370Z /usr/bin/tar: ../../../../../usr/local/lib/android/sdk/platforms/android-34-ext8/data/res/values-mcc310-mnc660-sr: Cannot change mode to rwxr-xr-x: Operation not permitted
build	Cache Android SDK	2026-06-06T12:23:00.3955703Z /usr/bin/tar: ../../../../../usr/local/lib/android/sdk/platforms/android-34-ext8/data/res/values-mcc310-mnc220-lv: Cannot utime: Operation not permitted
build	Cache Android SDK	2026-06-06T12:23:00.3956672Z /usr/bin/tar: ../../../../../usr/local/lib/android/sdk/platforms/android-34-ext8/data/res/values-mcc310-mnc220-lv: Cannot change mode to rwxr-xr-x: Operation not permitted
build	Cache Android SDK	2026-06-06T12:23:00.3959099Z /usr/bin/tar: ../../../../../usr/local/lib/android/sdk/platforms/android-34-ext8/data/res/values-mcc310-mnc200-gl: Cannot utime: Operation not permitted
build	Cache Android SDK	2026-06-06T12:23:00.3960066Z /usr/bin/tar: ../../../../../usr/local/lib/android/sdk/platforms/android-34-ext8/data/res/values-mcc310-mnc200-gl: Cannot change mode to rwxr-xr-x: Operation not permitted
build	Cache Android SDK	2026-06-06T12:23:00.3963389Z /usr/bin/tar: ../../../../../usr/local/lib/android/sdk/platforms/android-34-ext8/data/res/values-en-rUS: Cannot utime: Operation not permitted
build	Cache Android SDK	2026-06-06T12:23:00.3964281Z /usr/bin/tar: ../../../../../usr/local/lib/android/sdk/platforms/android-34-ext8/data/res/values-en-rUS: Cannot change mode to rwxr-xr-x: Operation not permitted
build	Cache Android SDK	2026-06-06T12:23:00.3966457Z /usr/bin/tar: ../../../../../usr/local/lib/android/sdk/platforms/android-34-ext8/data/res/values-mcc310-mnc240-gu: Cannot utime: Operation not permitted
build	Cache Android SDK	2026-06-06T12:23:00.3967514Z /usr/bin/tar: ../../../../../usr/local/lib/android/sdk/platforms/android-34-ext8/data/res/values-mcc310-mnc240-gu: Cannot change mode to rwxr-xr-x: Operation not permitted
build	Cache Android SDK	2026-06-06T12:23:00.3969915Z /usr/bin/tar: ../../../../../usr/local/lib/android/sdk/platforms/android-34-ext8/data/res/values-mcc310-mnc150-es-rUS: Cannot utime: Operation not permitted
build	Cache Android SDK	2026-06-06T12:23:00.3970890Z /usr/bin/tar: ../../../../../usr/local/lib/android/sdk/platforms/android-34-ext8/data/res/values-mcc310-mnc150-es-rUS: Cannot change mode to rwxr-xr-x: Operation not permitted
build	Cache Android SDK	2026-06-06T12:23:00.3976703Z /usr/bin/tar: ../../../../../usr/local/lib/android/sdk/platforms/android-34-ext8/data/res/values-ru: Cannot utime: Operation not permitted
build	Cache Android SDK	2026-06-06T12:23:00.3977681Z /usr/bin/tar: ../../../../../usr/local/lib/android/sdk/platforms/android-34-ext8/data/res/values-ru: Cannot change mode to rwxr-xr-x: Operation not permitted
build	Cache Android SDK	2026-06-06T12:23:00.3979116Z /usr/bin/tar: ../../../../../usr/local/lib/android/sdk/platforms/android-34-ext8/data/res/values-mcc310-mnc150-ar: Cannot utime: Operation not permitted
build	Cache Android SDK	2026-06-06T12:23:00.3980191Z /usr/bin/tar: ../../../../../usr/local/lib/android/sdk/platforms/android-34-ext8/data/res/values-mcc310-mnc150-ar: Cannot change mode to rwxr-xr-x: Operation not permitted
build	Cache Android SDK	2026-06-06T12:23:00.3982575Z /usr/bin/tar: ../../../../../usr/local/lib/android/sdk/platforms/android-34-ext8/data/res/values-mcc310-mnc310-bg: Cannot utime: Operation not permitted
build	Cache Android SDK	2026-06-06T12:23:00.3983572Z /usr/bin/tar: ../../../../../usr/local/lib/android/sdk/platforms/android-34-ext8/data/res/values-mcc310-mnc310-bg: Cannot change mode to rwxr-xr-x: Operation not permitted
build	Cache Android SDK	2026-06-06T12:23:00.3985745Z /usr/bin/tar: ../../../../../usr/local/lib/android/sdk/platforms/android-34-ext8/data/res/values-ro-rRO: Cannot utime: Operation not permitted
build	Cache Android SDK	2026-06-06T12:23:00.3986722Z /usr/bin/tar: ../../../../../usr/local/lib/android/sdk/platforms/android-34-ext8/data/res/values-ro-rRO: Cannot change mode to rwxr-xr-x: Operation not permitted
build	Cache Android SDK	2026-06-06T12:23:00.3989030Z /usr/bin/tar: ../../../../../usr/local/lib/android/sdk/platforms/android-34-ext8/data/res/values-mcc302-mnc370-az: Cannot utime: Operation not permitted
build	Cache Android SDK	2026-06-06T12:23:00.3990064Z /usr/bin/tar: ../../../../../usr/local/lib/android/sdk/platforms/android-34-ext8/data/res/values-mcc302-mnc370-az: Cannot change mode to rwxr-xr-x: Operation not permitted
build	Cache Android SDK	2026-06-06T12:23:00.3994930Z /usr/bin/tar: ../../../../../usr/local/lib/android/sdk/platforms/android-34-ext8/data/res/values-hr: Cannot utime: Operation not permitted
build	Cache Android SDK	2026-06-06T12:23:00.3996051Z /usr/bin/tar: ../../../../../usr/local/lib/android/sdk/platforms/android-34-ext8/data/res/values-hr: Cannot change mode to rwxr-xr-x: Operation not permitted
build	Cache Android SDK	2026-06-06T12:23:00.3998013Z /usr/bin/tar: ../../../../../usr/local/lib/android/sdk/platforms/android-34-ext8/data/res/values-mcc310-mnc280-zh-rTW: Cannot utime: Operation not permitted
build	Cache Android SDK	2026-06-06T12:23:00.3999012Z /usr/bin/tar: ../../../../../usr/local/lib/android/sdk/platforms/android-34-ext8/data/res/values-mcc310-mnc280-zh-rTW: Cannot change mode to rwxr-xr-x: Operation not permitted
build	Cache Android SDK	2026-06-06T12:23:00.4000991Z /usr/bin/tar: ../../../../../usr/local/lib/android/sdk/platforms/android-34-ext8/data/res/values-mcc310-mnc490-pa: Cannot utime: Operation not permitted
build	Cache Android SDK	2026-06-06T12:23:00.4001948Z /usr/bin/tar: ../../../../../usr/local/lib/android/sdk/platforms/android-34-ext8/data/res/values-mcc310-mnc490-pa: Cannot change mode to rwxr-xr-x: Operation not permitted
build	Cache Android SDK	2026-06-06T12:23:00.4004815Z /usr/bin/tar: ../../../../../usr/local/lib/android/sdk/platforms/android-34-ext8/data/res/values-mcc310-mnc030-kk: Cannot utime: Operation not permitted
build	Cache Android SDK	2026-06-06T12:23:00.4005765Z /usr/bin/tar: ../../../../../usr/local/lib/android/sdk/platforms/android-34-ext8/data/res/values-mcc310-mnc030-kk: Cannot change mode to rwxr-xr-x: Operation not permitted
build	Cache Android SDK	2026-06-06T12:23:00.4008325Z /usr/bin/tar: ../../../../../usr/local/lib/android/sdk/platforms/android-34-ext8/data/res/values-mcc302-mnc720-pt-rBR: Cannot utime: Operation not permitted
build	Cache Android SDK	2026-06-06T12:23:00.4009331Z /usr/bin/tar: ../../../../../usr/local/lib/android/sdk/platforms/android-34-ext8/data/res/values-mcc302-mnc720-pt-rBR: Cannot change mode to rwxr-xr-x: Operation not permitted
build	Cache Android SDK	2026-06-06T12:23:00.4012128Z /usr/bin/tar: ../../../../../usr/local/lib/android/sdk/platforms/android-34-ext8/data/res/values-mcc310-mnc160-ka: Cannot utime: Operation not permitted
build	Cache Android SDK	2026-06-06T12:23:00.4013091Z /usr/bin/tar: ../../../../../usr/local/lib/android/sdk/platforms/android-34-ext8/data/res/values-mcc310-mnc160-ka: Cannot change mode to rwxr-xr-x: Operation not permitted
build	Cache Android SDK	2026-06-06T12:23:00.4014995Z /usr/bin/tar: ../../../../../usr/local/lib/android/sdk/platforms/android-34-ext8/data/res/values-mcc310-mnc280-am: Cannot utime: Operation not permitted
build	Cache Android SDK	2026-06-06T12:23:00.4015957Z /usr/bin/tar: ../../../../../usr/local/lib/android/sdk/platforms/android-34-ext8/data/res/values-mcc310-mnc280-am: Cannot change mode to rwxr-xr-x: Operation not permitted
build	Cache Android SDK	2026-06-06T12:23:00.4018880Z /usr/bin/tar: ../../../../../usr/local/lib/android/sdk/platforms/android-34-ext8/data/res/values-mcc310-mnc410: Cannot utime: Operation not permitted
build	Cache Android SDK	2026-06-06T12:23:00.4020040Z /usr/bin/tar: ../../../../../usr/local/lib/android/sdk/platforms/android-34-ext8/data/res/values-mcc310-mnc410: Cannot change mode to rwxr-xr-x: Operation not permitted
build	Cache Android SDK	2026-06-06T12:23:00.4021643Z /usr/bin/tar: ../../../../../usr/local/lib/android/sdk/platforms/android-34-ext8/data/res/values-mcc310-mnc950-en-rIN: Cannot utime: Operation not permitted
build	Cache Android SDK	2026-06-06T12:23:00.4022635Z /usr/bin/tar: ../../../../../usr/local/lib/android/sdk/platforms/android-34-ext8/data/res/values-mcc310-mnc950-en-rIN: Cannot change mode to rwxr-xr-x: Operation not permitted
build	Cache Android SDK	2026-06-06T12:23:00.4025393Z /usr/bin/tar: ../../../../../usr/local/lib/android/sdk/platforms/android-34-ext8/data/res/values-mcc334-mnc020-fa: Cannot utime: Operation not permitted
build	Cache Android SDK	2026-06-06T12:23:00.4026354Z /usr/bin/tar: ../../../../../usr/local/lib/android/sdk/platforms/android-34-ext8/data/res/values-mcc334-mnc020-fa: Cannot change mode to rwxr-xr-x: Operation not permitted
build	Cache Android SDK	2026-06-06T12:23:00.4028802Z /usr/bin/tar: ../../../../../usr/local/lib/android/sdk/platforms/android-34-ext8/data/res/values-mcc310-mnc240-ko: Cannot utime: Operation not permitted
build	Cache Android SDK	2026-06-06T12:23:00.4029763Z /usr/bin/tar: ../../../../../usr/local/lib/android/sdk/platforms/android-34-ext8/data/res/values-mcc310-mnc240-ko: Cannot change mode to rwxr-xr-x: Operation not permitted
build	Cache Android SDK	2026-06-06T12:23:00.4032648Z /usr/bin/tar: ../../../../../usr/local/lib/android/sdk/platforms/android-34-ext8/data/res/values-mcc310-mnc410-en-rAU: Cannot utime: Operation not permitted
build	Cache Android SDK	2026-06-06T12:23:00.4033635Z /usr/bin/tar: ../../../../../usr/local/lib/android/sdk/platforms/android-34-ext8/data/res/values-mcc310-mnc410-en-rAU: Cannot change mode to rwxr-xr-x: Operation not permitted
build	Cache Android SDK	2026-06-06T12:23:00.4035671Z /usr/bin/tar: ../../../../../usr/local/lib/android/sdk/platforms/android-34-ext8/data/res/values-mcc302-mnc370-fr: Cannot utime: Operation not permitted
build	Cache Android SDK	2026-06-06T12:23:00.4036623Z /usr/bin/tar: ../../../../../usr/local/lib/android/sdk/platforms/android-34-ext8/data/res/values-mcc302-mnc370-fr: Cannot change mode to rwxr-xr-x: Operation not permitted
build	Cache Android SDK	2026-06-06T12:23:00.4039471Z /usr/bin/tar: ../../../../../usr/local/lib/android/sdk/platforms/android-34-ext8/data/res/values-mcc310-mnc410-fr: Cannot utime: Operation not permitted
build	Cache Android SDK	2026-06-06T12:23:00.4040434Z /usr/bin/tar: ../../../../../usr/local/lib/android/sdk/platforms/android-34-ext8/data/res/values-mcc310-mnc410-fr: Cannot change mode to rwxr-xr-x: Operation not permitted
build	Cache Android SDK	2026-06-06T12:23:00.4043163Z /usr/bin/tar: ../../../../../usr/local/lib/android/sdk/platforms/android-34-ext8/data/res/values-mcc310-mnc240-ur: Cannot utime: Operation not permitted
build	Cache Android SDK	2026-06-06T12:23:00.4044153Z /usr/bin/tar: ../../../../../usr/local/lib/android/sdk/platforms/android-34-ext8/data/res/values-mcc310-mnc240-ur: Cannot change mode to rwxr-xr-x: Operation not permitted
build	Cache Android SDK	2026-06-06T12:23:00.4046203Z /usr/bin/tar: ../../../../../usr/local/lib/android/sdk/platforms/android-34-ext8/data/res/values-mcc310-mnc220-de: Cannot utime: Operation not permitted
build	Cache Android SDK	2026-06-06T12:23:00.4047329Z /usr/bin/tar: ../../../../../usr/local/lib/android/sdk/platforms/android-34-ext8/data/res/values-mcc310-mnc220-de: Cannot change mode to rwxr-xr-x: Operation not permitted
build	Cache Android SDK	2026-06-06T12:23:00.4049929Z /usr/bin/tar: ../../../../../usr/local/lib/android/sdk/platforms/android-34-ext8/data/res/values-mcc310-mnc030-en-rXC: Cannot utime: Operation not permitted
build	Cache Android SDK	2026-06-06T12:23:00.4051039Z /usr/bin/tar: ../../../../../usr/local/lib/android/sdk/platforms/android-34-ext8/data/res/values-mcc310-mnc030-en-rXC: Cannot change mode to rwxr-xr-x: Operation not permitted
build	Cache Android SDK	2026-06-06T12:23:00.4053370Z /usr/bin/tar: ../../../../../usr/local/lib/android/sdk/platforms/android-34-ext8/data/res/values-mcc001-mnc01-ko: Cannot utime: Operation not permitted
build	Cache Android SDK	2026-06-06T12:23:00.4054371Z /usr/bin/tar: ../../../../../usr/local/lib/android/sdk/platforms/android-34-ext8/data/res/values-mcc001-mnc01-ko: Cannot change mode to rwxr-xr-x: Operation not permitted
build	Cache Android SDK	2026-06-06T12:23:00.4056688Z /usr/bin/tar: ../../../../../usr/local/lib/android/sdk/platforms/android-34-ext8/data/res/values-mcc334-mnc020-gu: Cannot utime: Operation not permitted
build	Cache Android SDK	2026-06-06T12:23:00.4058011Z /usr/bin/tar: ../../../../../usr/local/lib/android/sdk/platforms/android-34-ext8/data/res/values-mcc334-mnc020-gu: Cannot change mode to rwxr-xr-x: Operation not permitted
build	Cache Android SDK	2026-06-06T12:23:00.4060874Z /usr/bin/tar: ../../../../../usr/local/lib/android/sdk/platforms/android-34-ext8/data/res/values-mcc310-mnc560-zh-rTW: Cannot utime: Operation not permitted
build	Cache Android SDK	2026-06-06T12:23:00.4062179Z /usr/bin/tar: ../../../../../usr/local/lib/android/sdk/platforms/android-34-ext8/data/res/values-mcc310-mnc560-zh-rTW: Cannot change mode to rwxr-xr-x: Operation not permitted
build	Cache Android SDK	2026-06-06T12:23:00.4063931Z /usr/bin/tar: ../../../../../usr/local/lib/android/sdk/platforms/android-34-ext8/data/res/values-mcc310-mnc280-en-rAU: Cannot utime: Operation not permitted
build	Cache Android SDK	2026-06-06T12:23:00.4064945Z /usr/bin/tar: ../../../../../usr/local/lib/android/sdk/platforms/android-34-ext8/data/res/values-mcc310-mnc280-en-rAU: Cannot change mode to rwxr-xr-x: Operation not permitted
build	Cache Android SDK	2026-06-06T12:23:00.4067780Z /usr/bin/tar: ../../../../../usr/local/lib/android/sdk/platforms/android-34-ext8/data/res/values-mcc310-mnc210-fi: Cannot utime: Operation not permitted
build	Cache Android SDK	2026-06-06T12:23:00.4068919Z /usr/bin/tar: ../../../../../usr/local/lib/android/sdk/platforms/android-34-ext8/data/res/values-mcc310-mnc210-fi: Cannot change mode to rwxr-xr-x: Operation not permitted
build	Cache Android SDK	2026-06-06T12:23:00.4070803Z /usr/bin/tar: ../../../../../usr/local/lib/android/sdk/platforms/android-34-ext8/data/res/values-mcc310-mnc170-de: Cannot utime: Operation not permitted
build	Cache Android SDK	2026-06-06T12:23:00.4071753Z /usr/bin/tar: ../../../../../usr/local/lib/android/sdk/platforms/android-34-ext8/data/res/values-mcc310-mnc170-de: Cannot change mode to rwxr-xr-x: Operation not permitted
build	Cache Android SDK	2026-06-06T12:23:00.4074242Z /usr/bin/tar: ../../../../../usr/local/lib/android/sdk/platforms/android-34-ext8/data/res/values-mcc310-mnc210-gu: Cannot utime: Operation not permitted
build	Cache Android SDK	2026-06-06T12:23:00.4075202Z /usr/bin/tar: ../../../../../usr/local/lib/android/sdk/platforms/android-34-ext8/data/res/values-mcc310-mnc210-gu: Cannot change mode to rwxr-xr-x: Operation not permitted
build	Cache Android SDK	2026-06-06T12:23:00.4077892Z /usr/bin/tar: ../../../../../usr/local/lib/android/sdk/platforms/android-34-ext8/data/res/values-mcc310-mnc660-hi: Cannot utime: Operation not permitted
build	Cache Android SDK	2026-06-06T12:23:00.4079131Z /usr/bin/tar: ../../../../../usr/local/lib/android/sdk/platforms/android-34-ext8/data/res/values-mcc310-mnc660-hi: Cannot change mode to rwxr-xr-x: Operation not permitted
build	Cache Android SDK	2026-06-06T12:23:00.4080795Z /usr/bin/tar: ../../../../../usr/local/lib/android/sdk/platforms/android-34-ext8/data/res/values-mcc310-mnc210-nl: Cannot utime: Operation not permitted
build	Cache Android SDK	2026-06-06T12:23:00.4081760Z /usr/bin/tar: ../../../../../usr/local/lib/android/sdk/platforms/android-34-ext8/data/res/values-mcc310-mnc210-nl: Cannot change mode to rwxr-xr-x: Operation not permitted
build	Cache Android SDK	2026-06-06T12:23:00.4083861Z /usr/bin/tar: ../../../../../usr/local/lib/android/sdk/platforms/android-34-ext8/data/res/values-mcc334-mnc020-am: Cannot utime: Operation not permitted
build	Cache Android SDK	2026-06-06T12:23:00.4084826Z /usr/bin/tar: ../../../../../usr/local/lib/android/sdk/platforms/android-34-ext8/data/res/values-mcc334-mnc020-am: Cannot change mode to rwxr-xr-x: Operation not permitted
build	Cache Android SDK	2026-06-06T12:23:00.4087002Z /usr/bin/tar: ../../../../../usr/local/lib/android/sdk/platforms/android-34-ext8/data/res/values-mcc334-mnc020-my: Cannot utime: Operation not permitted
build	Cache Android SDK	2026-06-06T12:23:00.4088142Z /usr/bin/tar: ../../../../../usr/local/lib/android/sdk/platforms/android-34-ext8/data/res/values-mcc334-mnc020-my: Cannot change mode to rwxr-xr-x: Operation not permitted
build	Cache Android SDK	2026-06-06T12:23:00.4090777Z /usr/bin/tar: ../../../../../usr/local/lib/android/sdk/platforms/android-34-ext8/data/res/values-mcc740-mnc00: Cannot utime: Operation not permitted
build	Cache Android SDK	2026-06-06T12:23:00.4092099Z /usr/bin/tar: ../../../../../usr/local/lib/android/sdk/platforms/android-34-ext8/data/res/values-mcc740-mnc00: Cannot change mode to rwxr-xr-x: Operation not permitted
build	Cache Android SDK	2026-06-06T12:23:00.4093703Z /usr/bin/tar: ../../../../../usr/local/lib/android/sdk/platforms/android-34-ext8/data/res/values-mcc310-mnc200-ky: Cannot utime: Operation not permitted
build	Cache Android SDK	2026-06-06T12:23:00.4094648Z /usr/bin/tar: ../../../../../usr/local/lib/android/sdk/platforms/android-34-ext8/data/res/values-mcc310-mnc200-ky: Cannot change mode to rwxr-xr-x: Operation not permitted
build	Cache Android SDK	2026-06-06T12:23:00.4096967Z /usr/bin/tar: ../../../../../usr/local/lib/android/sdk/platforms/android-34-ext8/data/res/values-mcc302-mnc370-el: Cannot utime: Operation not permitted
build	Cache Android SDK	2026-06-06T12:23:00.4098203Z /usr/bin/tar: ../../../../../usr/local/lib/android/sdk/platforms/android-34-ext8/data/res/values-mcc302-mnc370-el: Cannot change mode to rwxr-xr-x: Operation not permitted
build	Cache Android SDK	2026-06-06T12:23:00.4099922Z /usr/bin/tar: ../../../../../usr/local/lib/android/sdk/platforms/android-34-ext8/data/res/values-mcc310-mnc560-ro: Cannot utime: Operation not permitted
build	Cache Android SDK	2026-06-06T12:23:00.4100869Z /usr/bin/tar: ../../../../../usr/local/lib/android/sdk/platforms/android-34-ext8/data/res/values-mcc310-mnc560-ro: Cannot change mode to rwxr-xr-x: Operation not permitted
build	Cache Android SDK	2026-06-06T12:23:00.4103758Z /usr/bin/tar: ../../../../../usr/local/lib/android/sdk/platforms/android-34-ext8/data/res/values-mcc310-mnc150-kk: Cannot utime: Operation not permitted
build	Cache Android SDK	2026-06-06T12:23:00.4104954Z /usr/bin/tar: ../../../../../usr/local/lib/android/sdk/platforms/android-34-ext8/data/res/values-mcc310-mnc150-kk: Cannot change mode to rwxr-xr-x: Operation not permitted
build	Cache Android SDK	2026-06-06T12:23:00.4106525Z /usr/bin/tar: ../../../../../usr/local/lib/android/sdk/platforms/android-34-ext8/data/res/values-mcc334-mnc020-pt: Cannot utime: Operation not permitted
build	Cache Android SDK	2026-06-06T12:23:00.4107676Z /usr/bin/tar: ../../../../../usr/local/lib/android/sdk/platforms/android-34-ext8/data/res/values-mcc334-mnc020-pt: Cannot change mode to rwxr-xr-x: Operation not permitted
build	Cache Android SDK	2026-06-06T12:23:00.4109755Z /usr/bin/tar: ../../../../../usr/local/lib/android/sdk/platforms/android-34-ext8/data/res/values-mcc310-mnc210-en-rGB: Cannot utime: Operation not permitted
build	Cache Android SDK	2026-06-06T12:23:00.4110750Z /usr/bin/tar: ../../../../../usr/local/lib/android/sdk/platforms/android-34-ext8/data/res/values-mcc310-mnc210-en-rGB: Cannot change mode to rwxr-xr-x: Operation not permitted
build	Cache Android SDK	2026-06-06T12:23:00.4112829Z /usr/bin/tar: ../../../../../usr/local/lib/android/sdk/platforms/android-34-ext8/data/res/values-mcc302-mnc720-pt: Cannot utime: Operation not permitted
build	Cache Android SDK	2026-06-06T12:23:00.4113889Z /usr/bin/tar: ../../../../../usr/local/lib/android/sdk/platforms/android-34-ext8/data/res/values-mcc302-mnc720-pt: Cannot change mode to rwxr-xr-x: Operation not permitted
build	Cache Android SDK	2026-06-06T12:23:00.4116112Z /usr/bin/tar: ../../../../../usr/local/lib/android/sdk/platforms/android-34-ext8/data/res/values-mcc302-mnc720-zh-rCN: Cannot utime: Operation not permitted
build	Cache Android SDK	2026-06-06T12:23:00.4117221Z /usr/bin/tar: ../../../../../usr/local/lib/android/sdk/platforms/android-34-ext8/data/res/values-mcc302-mnc720-zh-rCN: Cannot change mode to rwxr-xr-x: Operation not permitted
build	Cache Android SDK	2026-06-06T12:23:00.4119564Z /usr/bin/tar: ../../../../../usr/local/lib/android/sdk/platforms/android-34-ext8/data/res/values-mcc310-mnc210-fr-rCA: Cannot utime: Operation not permitted
build	Cache Android SDK	2026-06-06T12:23:00.4120643Z /usr/bin/tar: ../../../../../usr/local/lib/android/sdk/platforms/android-34-ext8/data/res/values-mcc310-mnc210-fr-rCA: Cannot change mode to rwxr-xr-x: Operation not permitted
build	Cache Android SDK	2026-06-06T12:23:00.4123141Z /usr/bin/tar: ../../../../../usr/local/lib/android/sdk/platforms/android-34-ext8/data/res/values-mcc310-mnc270-nb: Cannot utime: Operation not permitted
build	Cache Android SDK	2026-06-06T12:23:00.4124198Z /usr/bin/tar: ../../../../../usr/local/lib/android/sdk/platforms/android-34-ext8/data/res/values-mcc310-mnc270-nb: Cannot change mode to rwxr-xr-x: Operation not permitted
build	Cache Android SDK	2026-06-06T12:23:00.4126301Z /usr/bin/tar: ../../../../../usr/local/lib/android/sdk/platforms/android-34-ext8/data/res/values-mcc334-mnc020-zu: Cannot utime: Operation not permitted
build	Cache Android SDK	2026-06-06T12:23:00.4127507Z /usr/bin/tar: ../../../../../usr/local/lib/android/sdk/platforms/android-34-ext8/data/res/values-mcc334-mnc020-zu: Cannot change mode to rwxr-xr-x: Operation not permitted
build	Cache Android SDK	2026-06-06T12:23:00.4130567Z /usr/bin/tar: ../../../../../usr/local/lib/android/sdk/platforms/android-34-ext8/data/res/values-port-mdpi: Cannot utime: Operation not permitted
build	Cache Android SDK	2026-06-06T12:23:00.4131725Z /usr/bin/tar: ../../../../../usr/local/lib/android/sdk/platforms/android-34-ext8/data/res/values-port-mdpi: Cannot change mode to rwxr-xr-x: Operation not permitted
build	Cache Android SDK	2026-06-06T12:23:00.4133601Z /usr/bin/tar: ../../../../../usr/local/lib/android/sdk/platforms/android-34-ext8/data/res/values-mcc302-mnc720-th: Cannot utime: Operation not permitted
build	Cache Android SDK	2026-06-06T12:23:00.4134559Z /usr/bin/tar: ../../../../../usr/local/lib/android/sdk/platforms/android-34-ext8/data/res/values-mcc302-mnc720-th: Cannot change mode to rwxr-xr-x: Operation not permitted
build	Cache Android SDK	2026-06-06T12:23:00.4136842Z /usr/bin/tar: ../../../../../usr/local/lib/android/sdk/platforms/android-34-ext8/data/res/values-mcc310-mnc950-ka: Cannot utime: Operation not permitted
build	Cache Android SDK	2026-06-06T12:23:00.4137974Z /usr/bin/tar: ../../../../../usr/local/lib/android/sdk/platforms/android-34-ext8/data/res/values-mcc310-mnc950-ka: Cannot change mode to rwxr-xr-x: Operation not permitted
build	Cache Android SDK	2026-06-06T12:23:00.4140371Z /usr/bin/tar: ../../../../../usr/local/lib/android/sdk/platforms/android-34-ext8/data/res/values-mcc302-mnc720-en-rGB: Cannot utime: Operation not permitted
build	Cache Android SDK	2026-06-06T12:23:00.4141348Z /usr/bin/tar: ../../../../../usr/local/lib/android/sdk/platforms/android-34-ext8/data/res/values-mcc302-mnc720-en-rGB: Cannot change mode to rwxr-xr-x: Operation not permitted
build	Cache Android SDK	2026-06-06T12:23:00.4143633Z /usr/bin/tar: ../../../../../usr/local/lib/android/sdk/platforms/android-34-ext8/data/res/values-mcc310-mnc250-az: Cannot utime: Operation not permitted
build	Cache Android SDK	2026-06-06T12:23:00.4144594Z /usr/bin/tar: ../../../../../usr/local/lib/android/sdk/platforms/android-34-ext8/data/res/values-mcc310-mnc250-az: Cannot change mode to rwxr-xr-x: Operation not permitted
build	Cache Android SDK	2026-06-06T12:23:00.4146662Z /usr/bin/tar: ../../../../../usr/local/lib/android/sdk/platforms/android-34-ext8/data/res/values-mcc310-mnc200-be: Cannot utime: Operation not permitted
build	Cache Android SDK	2026-06-06T12:23:00.4147794Z /usr/bin/tar: ../../../../../usr/local/lib/android/sdk/platforms/android-34-ext8/data/res/values-mcc310-mnc200-be: Cannot change mode to rwxr-xr-x: Operation not permitted
build	Cache Android SDK	2026-06-06T12:23:00.4149985Z /usr/bin/tar: ../../../../../usr/local/lib/android/sdk/platforms/android-34-ext8/data/res/values-zu-rZA: Cannot utime: Operation not permitted
build	Cache Android SDK	2026-06-06T12:23:00.4150884Z /usr/bin/tar: ../../../../../usr/local/lib/android/sdk/platforms/android-34-ext8/data/res/values-zu-rZA: Cannot change mode to rwxr-xr-x: Operation not permitted
build	Cache Android SDK	2026-06-06T12:23:00.4152901Z /usr/bin/tar: ../../../../../usr/local/lib/android/sdk/platforms/android-34-ext8/data/res/values-ka-watch: Cannot utime: Operation not permitted
build	Cache Android SDK	2026-06-06T12:23:00.4153877Z /usr/bin/tar: ../../../../../usr/local/lib/android/sdk/platforms/android-34-ext8/data/res/values-ka-watch: Cannot change mode to rwxr-xr-x: Operation not permitted
build	Cache Android SDK	2026-06-06T12:23:00.4157263Z /usr/bin/tar: ../../../../../usr/local/lib/android/sdk/platforms/android-34-ext8/data/res/values-mcc310-mnc490-ms: Cannot utime: Operation not permitted
build	Cache Android SDK	2026-06-06T12:23:00.4158510Z /usr/bin/tar: ../../../../../usr/local/lib/android/sdk/platforms/android-34-ext8/data/res/values-mcc310-mnc490-ms: Cannot change mode to rwxr-xr-x: Operation not permitted
build	Cache Android SDK	2026-06-06T12:23:00.4161427Z /usr/bin/tar: ../../../../../usr/local/lib/android/sdk/platforms/android-34-ext8/data/res/values-mcc310-mnc310-pl: Cannot utime: Operation not permitted
build	Cache Android SDK	2026-06-06T12:23:00.4162367Z /usr/bin/tar: ../../../../../usr/local/lib/android/sdk/platforms/android-34-ext8/data/res/values-mcc310-mnc310-pl: Cannot change mode to rwxr-xr-x: Operation not permitted
build	Cache Android SDK	2026-06-06T12:23:00.4170350Z /usr/bin/tar: ../../../../../usr/local/lib/android/sdk/platforms/android-34-ext8/data/res/values-hi: Cannot utime: Operation not permitted
build	Cache Android SDK	2026-06-06T12:23:00.4171490Z /usr/bin/tar: ../../../../../usr/local/lib/android/sdk/platforms/android-34-ext8/data/res/values-hi: Cannot change mode to rwxr-xr-x: Operation not permitted
build	Cache Android SDK	2026-06-06T12:23:00.4173674Z /usr/bin/tar: ../../../../../usr/local/lib/android/sdk/platforms/android-34-ext8/data/res/values-mcc310-mnc200-zu: Cannot utime: Operation not permitted
build	Cache Android SDK	2026-06-06T12:23:00.4174662Z /usr/bin/tar: ../../../../../usr/local/lib/android/sdk/platforms/android-34-ext8/data/res/values-mcc310-mnc200-zu: Cannot change mode to rwxr-xr-x: Operation not permitted
build	Cache Android SDK	2026-06-06T12:23:00.4176994Z /usr/bin/tar: ../../../../../usr/local/lib/android/sdk/platforms/android-34-ext8/data/res/values-mcc310-mnc410-mr: Cannot utime: Operation not permitted
build	Cache Android SDK	2026-06-06T12:23:00.4178190Z /usr/bin/tar: ../../../../../usr/local/lib/android/sdk/platforms/android-34-ext8/data/res/values-mcc310-mnc410-mr: Cannot change mode to rwxr-xr-x: Operation not permitted
build	Cache Android SDK	2026-06-06T12:23:00.4180034Z /usr/bin/tar: ../../../../../usr/local/lib/android/sdk/platforms/android-34-ext8/data/res/values-mcc310-mnc210-mr: Cannot utime: Operation not permitted
build	Cache Android SDK	2026-06-06T12:23:00.4180978Z /usr/bin/tar: ../../../../../usr/local/lib/android/sdk/platforms/android-34-ext8/data/res/values-mcc310-mnc210-mr: Cannot change mode to rwxr-xr-x: Operation not permitted
build	Cache Android SDK	2026-06-06T12:23:00.4183643Z /usr/bin/tar: ../../../../../usr/local/lib/android/sdk/platforms/android-34-ext8/data/res/values-mcc310-mnc150-si: Cannot utime: Operation not permitted
build	Cache Android SDK	2026-06-06T12:23:00.4184603Z /usr/bin/tar: ../../../../../usr/local/lib/android/sdk/platforms/android-34-ext8/data/res/values-mcc310-mnc150-si: Cannot change mode to rwxr-xr-x: Operation not permitted
build	Cache Android SDK	2026-06-06T12:23:00.4186528Z /usr/bin/tar: ../../../../../usr/local/lib/android/sdk/platforms/android-34-ext8/data/res/values-mcc310-mnc240-et: Cannot utime: Operation not permitted
build	Cache Android SDK	2026-06-06T12:23:00.4187730Z /usr/bin/tar: ../../../../../usr/local/lib/android/sdk/platforms/android-34-ext8/data/res/values-mcc310-mnc240-et: Cannot change mode to rwxr-xr-x: Operation not permitted
build	Cache Android SDK	2026-06-06T12:23:00.4189746Z /usr/bin/tar: ../../../../../usr/local/lib/android/sdk/platforms/android-34-ext8/data/res/values-mcc310-mnc380-kk: Cannot utime: Operation not permitted
build	Cache Android SDK	2026-06-06T12:23:00.4190812Z /usr/bin/tar: ../../../../../usr/local/lib/android/sdk/platforms/android-34-ext8/data/res/values-mcc310-mnc380-kk: Cannot change mode to rwxr-xr-x: Operation not permitted
build	Cache Android SDK	2026-06-06T12:23:00.4193443Z /usr/bin/tar: ../../../../../usr/local/lib/android/sdk/platforms/android-34-ext8/data/res/values-mcc310-mnc280-kk: Cannot utime: Operation not permitted
build	Cache Android SDK	2026-06-06T12:23:00.4194398Z /usr/bin/tar: ../../../../../usr/local/lib/android/sdk/platforms/android-34-ext8/data/res/values-mcc310-mnc280-kk: Cannot change mode to rwxr-xr-x: Operation not permitted
build	Cache Android SDK	2026-06-06T12:23:00.4196436Z /usr/bin/tar: ../../../../../usr/local/lib/android/sdk/platforms/android-34-ext8/data/res/values-mcc310-mnc160-sq: Cannot utime: Operation not permitted
build	Cache Android SDK	2026-06-06T12:23:00.4197671Z /usr/bin/tar: ../../../../../usr/local/lib/android/sdk/platforms/android-34-ext8/data/res/values-mcc310-mnc160-sq: Cannot change mode to rwxr-xr-x: Operation not permitted
build	Cache Android SDK	2026-06-06T12:23:00.4199774Z /usr/bin/tar: ../../../../../usr/local/lib/android/sdk/platforms/android-34-ext8/data/res/values-mcc334-mnc020-kn: Cannot utime: Operation not permitted
build	Cache Android SDK	2026-06-06T12:23:00.4200795Z /usr/bin/tar: ../../../../../usr/local/lib/android/sdk/platforms/android-34-ext8/data/res/values-mcc334-mnc020-kn: Cannot change mode to rwxr-xr-x: Operation not permitted
build	Cache Android SDK	2026-06-06T12:23:00.4202962Z /usr/bin/tar: ../../../../../usr/local/lib/android/sdk/platforms/android-34-ext8/data/res/values-mcc312-mnc530: Cannot utime: Operation not permitted
build	Cache Android SDK	2026-06-06T12:23:00.4204252Z /usr/bin/tar: ../../../../../usr/local/lib/android/sdk/platforms/android-34-ext8/data/res/values-mcc312-mnc530: Cannot change mode to rwxr-xr-x: Operation not permitted
build	Cache Android SDK	2026-06-06T12:23:00.4206600Z /usr/bin/tar: ../../../../../usr/local/lib/android/sdk/platforms/android-34-ext8/data/res/values-mcc310-mnc270-vi: Cannot utime: Operation not permitted
build	Cache Android SDK	2026-06-06T12:23:00.4207845Z /usr/bin/tar: ../../../../../usr/local/lib/android/sdk/platforms/android-34-ext8/data/res/values-mcc310-mnc270-vi: Cannot change mode to rwxr-xr-x: Operation not permitted
build	Cache Android SDK	2026-06-06T12:23:00.4215101Z /usr/bin/tar: ../../../../../usr/local/lib/android/sdk/platforms/android-34-ext8/data/res/values-ne: Cannot utime: Operation not permitted
build	Cache Android SDK	2026-06-06T12:23:00.4216995Z /usr/bin/tar: ../../../../../usr/local/lib/android/sdk/platforms/android-34-ext8/data/res/values-ne: Cannot change mode to rwxr-xr-x: Operation not permitted
build	Cache Android SDK	2026-06-06T12:23:00.4218374Z /usr/bin/tar: ../../../../../usr/local/lib/android/sdk/platforms/android-34-ext8/data/res/values-mcc310-mnc250-et: Cannot utime: Operation not permitted
build	Cache Android SDK	2026-06-06T12:23:00.4219386Z /usr/bin/tar: ../../../../../usr/local/lib/android/sdk/platforms/android-34-ext8/data/res/values-mcc310-mnc250-et: Cannot change mode to rwxr-xr-x: Operation not permitted
build	Cache Android SDK	2026-06-06T12:23:00.4220806Z /usr/bin/tar: ../../../../../usr/local/lib/android/sdk/platforms/android-34-ext8/data/res/values-es-rSV: Cannot utime: Operation not permitted
build	Cache Android SDK	2026-06-06T12:23:00.4221751Z /usr/bin/tar: ../../../../../usr/local/lib/android/sdk/platforms/android-34-ext8/data/res/values-es-rSV: Cannot change mode to rwxr-xr-x: Operation not permitted
build	Cache Android SDK	2026-06-06T12:23:00.4223352Z /usr/bin/tar: ../../../../../usr/local/lib/android/sdk/platforms/android-34-ext8/data/res/values-mcc310-mnc220-pl: Cannot utime: Operation not permitted
build	Cache Android SDK	2026-06-06T12:23:00.4224366Z /usr/bin/tar: ../../../../../usr/local/lib/android/sdk/platforms/android-34-ext8/data/res/values-mcc310-mnc220-pl: Cannot change mode to rwxr-xr-x: Operation not permitted
build	Cache Android SDK	2026-06-06T12:23:00.4226497Z /usr/bin/tar: ../../../../../usr/local/lib/android/sdk/platforms/android-34-ext8/data/res/values-mcc302-mnc720-az: Cannot utime: Operation not permitted
build	Cache Android SDK	2026-06-06T12:23:00.4227660Z /usr/bin/tar: ../../../../../usr/local/lib/android/sdk/platforms/android-34-ext8/data/res/values-mcc302-mnc720-az: Cannot change mode to rwxr-xr-x: Operation not permitted
build	Cache Android SDK	2026-06-06T12:23:00.4229485Z /usr/bin/tar: ../../../../../usr/local/lib/android/sdk/platforms/android-34-ext8/data/res/values-mcc415-mnc01: Cannot utime: Operation not permitted
build	Cache Android SDK	2026-06-06T12:23:00.4230643Z /usr/bin/tar: ../../../../../usr/local/lib/android/sdk/platforms/android-34-ext8/data/res/values-mcc415-mnc01: Cannot change mode to rwxr-xr-x: Operation not permitted
build	Cache Android SDK	2026-06-06T12:23:00.4232148Z /usr/bin/tar: ../../../../../usr/local/lib/android/sdk/platforms/android-34-ext8/data/res/values-mcc310-mnc250-de: Cannot utime: Operation not permitted
build	Cache Android SDK	2026-06-06T12:23:00.4233089Z /usr/bin/tar: ../../../../../usr/local/lib/android/sdk/platforms/android-34-ext8/data/res/values-mcc310-mnc250-de: Cannot change mode to rwxr-xr-x: Operation not permitted
build	Cache Android SDK	2026-06-06T12:23:00.4235220Z /usr/bin/tar: ../../../../../usr/local/lib/android/sdk/platforms/android-34-ext8/data/res/values-mcc310-mnc220-am: Cannot utime: Operation not permitted
build	Cache Android SDK	2026-06-06T12:23:00.4236153Z /usr/bin/tar: ../../../../../usr/local/lib/android/sdk/platforms/android-34-ext8/data/res/values-mcc310-mnc220-am: Cannot change mode to rwxr-xr-x: Operation not permitted
build	Cache Android SDK	2026-06-06T12:23:00.4238722Z /usr/bin/tar: ../../../../../usr/local/lib/android/sdk/platforms/android-34-ext8/data/res/values-mcc302-mnc370-tl: Cannot utime: Operation not permitted
build	Cache Android SDK	2026-06-06T12:23:00.4239729Z /usr/bin/tar: ../../../../../usr/local/lib/android/sdk/platforms/android-34-ext8/data/res/values-mcc302-mnc370-tl: Cannot change mode to rwxr-xr-x: Operation not permitted
build	Cache Android SDK	2026-06-06T12:23:00.4241888Z /usr/bin/tar: ../../../../../usr/local/lib/android/sdk/platforms/android-34-ext8/data/res/values-mcc310-mnc210-bg: Cannot utime: Operation not permitted
build	Cache Android SDK	2026-06-06T12:23:00.4242900Z /usr/bin/tar: ../../../../../usr/local/lib/android/sdk/platforms/android-34-ext8/data/res/values-mcc310-mnc210-bg: Cannot change mode to rwxr-xr-x: Operation not permitted
build	Cache Android SDK	2026-06-06T12:23:00.4244990Z /usr/bin/tar: ../../../../../usr/local/lib/android/sdk/platforms/android-34-ext8/data/res/values-mcc302-mnc370-zh-rHK: Cannot utime: Operation not permitted
build	Cache Android SDK	2026-06-06T12:23:00.4245968Z /usr/bin/tar: ../../../../../usr/local/lib/android/sdk/platforms/android-34-ext8/data/res/values-mcc302-mnc370-zh-rHK: Cannot change mode to rwxr-xr-x: Operation not permitted
build	Cache Android SDK	2026-06-06T12:23:00.4248245Z /usr/bin/tar: ../../../../../usr/local/lib/android/sdk/platforms/android-34-ext8/data/res/values-ar-rEG: Cannot utime: Operation not permitted
build	Cache Android SDK	2026-06-06T12:23:00.4249141Z /usr/bin/tar: ../../../../../usr/local/lib/android/sdk/platforms/android-34-ext8/data/res/values-ar-rEG: Cannot change mode to rwxr-xr-x: Operation not permitted
build	Cache Android SDK	2026-06-06T12:23:00.4251211Z /usr/bin/tar: ../../../../../usr/local/lib/android/sdk/platforms/android-34-ext8/data/res/values-mcc310-mnc310-uz: Cannot utime: Operation not permitted
build	Cache Android SDK	2026-06-06T12:23:00.4252164Z /usr/bin/tar: ../../../../../usr/local/lib/android/sdk/platforms/android-34-ext8/data/res/values-mcc310-mnc310-uz: Cannot change mode to rwxr-xr-x: Operation not permitted
build	Cache Android SDK	2026-06-06T12:23:00.4256801Z /usr/bin/tar: ../../../../../usr/local/lib/android/sdk/platforms/android-34-ext8/data/res/values-mcc310-mnc800-it: Cannot utime: Operation not permitted
build	Cache Android SDK	2026-06-06T12:23:00.4257684Z /usr/bin/tar: ../../../../../usr/local/lib/android/sdk/platforms/android-34-ext8/data/res/values-mcc310-mnc800-it: Cannot change mode to rwxr-xr-x: Operation not permitted
build	Cache Android SDK	2026-06-06T12:23:00.4258108Z /usr/bin/tar: ../../../../../usr/local/lib/android/sdk/platforms/android-34-ext8/data/res/values-mcc310-mnc410-kk: Cannot utime: Operation not permitted
build	Cache Android SDK	2026-06-06T12:23:00.4258644Z /usr/bin/tar: ../../../../../usr/local/lib/android/sdk/platforms/android-34-ext8/data/res/values-mcc310-mnc410-kk: Cannot change mode to rwxr-xr-x: Operation not permitted
build	Cache Android SDK	2026-06-06T12:23:00.4260352Z /usr/bin/tar: ../../../../../usr/local/lib/android/sdk/platforms/android-34-ext8/data/res/values-mcc310-mnc950-eu: Cannot utime: Operation not permitted
build	Cache Android SDK	2026-06-06T12:23:00.4260820Z /usr/bin/tar: ../../../../../usr/local/lib/android/sdk/platforms/android-34-ext8/data/res/values-mcc310-mnc950-eu: Cannot change mode to rwxr-xr-x: Operation not permitted
build	Cache Android SDK	2026-06-06T12:23:00.4263383Z /usr/bin/tar: ../../../../../usr/local/lib/android/sdk/platforms/android-34-ext8/data/res/values-mcc302-mnc720-af: Cannot utime: Operation not permitted
build	Cache Android SDK	2026-06-06T12:23:00.4263858Z /usr/bin/tar: ../../../../../usr/local/lib/android/sdk/platforms/android-34-ext8/data/res/values-mcc302-mnc720-af: Cannot change mode to rwxr-xr-x: Operation not permitted
build	Cache Android SDK	2026-06-06T12:23:00.4266681Z /usr/bin/tar: ../../../../../usr/local/lib/android/sdk/platforms/android-34-ext8/data/res/values-mcc334-mnc020-es: Cannot utime: Operation not permitted
build	Cache Android SDK	2026-06-06T12:23:00.4267140Z /usr/bin/tar: ../../../../../usr/local/lib/android/sdk/platforms/android-34-ext8/data/res/values-mcc334-mnc020-es: Cannot change mode to rwxr-xr-x: Operation not permitted
build	Cache Android SDK	2026-06-06T12:23:00.4269957Z /usr/bin/tar: ../../../../../usr/local/lib/android/sdk/platforms/android-34-ext8/data/res/values-mcc310-mnc410-be: Cannot utime: Operation not permitted
build	Cache Android SDK	2026-06-06T12:23:00.4270427Z /usr/bin/tar: ../../../../../usr/local/lib/android/sdk/platforms/android-34-ext8/data/res/values-mcc310-mnc410-be: Cannot change mode to rwxr-xr-x: Operation not permitted
build	Cache Android SDK	2026-06-06T12:23:00.4272975Z /usr/bin/tar: ../../../../../usr/local/lib/android/sdk/platforms/android-34-ext8/data/res/values-mcc310-mnc030-am: Cannot utime: Operation not permitted
build	Cache Android SDK	2026-06-06T12:23:00.4273441Z /usr/bin/tar: ../../../../../usr/local/lib/android/sdk/platforms/android-34-ext8/data/res/values-mcc310-mnc030-am: Cannot change mode to rwxr-xr-x: Operation not permitted
build	Cache Android SDK	2026-06-06T12:23:00.4279059Z /usr/bin/tar: ../../../../../usr/local/lib/android/sdk/platforms/android-34-ext8/data/res/values-sq: Cannot utime: Operation not permitted
build	Cache Android SDK	2026-06-06T12:23:00.4280234Z /usr/bin/tar: ../../../../../usr/local/lib/android/sdk/platforms/android-34-ext8/data/res/values-sq: Cannot change mode to rwxr-xr-x: Operation not permitted
build	Cache Android SDK	2026-06-06T12:23:00.4281894Z /usr/bin/tar: ../../../../../usr/local/lib/android/sdk/platforms/android-34-ext8/data/res/values-mcc310-mnc380-bs: Cannot utime: Operation not permitted
build	Cache Android SDK	2026-06-06T12:23:00.4282376Z /usr/bin/tar: ../../../../../usr/local/lib/android/sdk/platforms/android-34-ext8/data/res/values-mcc310-mnc380-bs: Cannot change mode to rwxr-xr-x: Operation not permitted
build	Cache Android SDK	2026-06-06T12:23:00.4284600Z /usr/bin/tar: ../../../../../usr/local/lib/android/sdk/platforms/android-34-ext8/data/res/values-mcc310-mnc660-te: Cannot utime: Operation not permitted
build	Cache Android SDK	2026-06-06T12:23:00.4285068Z /usr/bin/tar: ../../../../../usr/local/lib/android/sdk/platforms/android-34-ext8/data/res/values-mcc310-mnc660-te: Cannot change mode to rwxr-xr-x: Operation not permitted
build	Cache Android SDK	2026-06-06T12:23:00.4288001Z /usr/bin/tar: ../../../../../usr/local/lib/android/sdk/platforms/android-34-ext8/data/res/values-mcc310-mnc950-es: Cannot utime: Operation not permitted
build	Cache Android SDK	2026-06-06T12:23:00.4288469Z /usr/bin/tar: ../../../../../usr/local/lib/android/sdk/platforms/android-34-ext8/data/res/values-mcc310-mnc950-es: Cannot change mode to rwxr-xr-x: Operation not permitted
build	Cache Android SDK	2026-06-06T12:23:00.4291925Z /usr/bin/tar: ../../../../../usr/local/lib/android/sdk/platforms/android-34-ext8/data/res/xml-land: Cannot utime: Operation not permitted
build	Cache Android SDK	2026-06-06T12:23:00.4292352Z /usr/bin/tar: ../../../../../usr/local/lib/android/sdk/platforms/android-34-ext8/data/res/xml-land: Cannot change mode to rwxr-xr-x: Operation not permitted
build	Cache Android SDK	2026-06-06T12:23:00.4294772Z /usr/bin/tar: ../../../../../usr/local/lib/android/sdk/platforms/android-34-ext8/data/res/values-w225dp: Cannot utime: Operation not permitted
build	Cache Android SDK	2026-06-06T12:23:00.4295214Z /usr/bin/tar: ../../../../../usr/local/lib/android/sdk/platforms/android-34-ext8/data/res/values-w225dp: Cannot change mode to rwxr-xr-x: Operation not permitted
build	Cache Android SDK	2026-06-06T12:23:00.4297858Z /usr/bin/tar: ../../../../../usr/local/lib/android/sdk/platforms/android-34-ext8/data/res/values-mcc311-mnc180-pt-rPT: Cannot utime: Operation not permitted
build	Cache Android SDK	2026-06-06T12:23:00.4298331Z /usr/bin/tar: ../../../../../usr/local/lib/android/sdk/platforms/android-34-ext8/data/res/values-mcc311-mnc180-pt-rPT: Cannot change mode to rwxr-xr-x: Operation not permitted
build	Cache Android SDK	2026-06-06T12:23:00.4300594Z /usr/bin/tar: ../../../../../usr/local/lib/android/sdk/platforms/android-34-ext8/data/res/values-mcc310-mnc490-de: Cannot utime: Operation not permitted
build	Cache Android SDK	2026-06-06T12:23:00.4301052Z /usr/bin/tar: ../../../../../usr/local/lib/android/sdk/platforms/android-34-ext8/data/res/values-mcc310-mnc490-de: Cannot change mode to rwxr-xr-x: Operation not permitted
build	Cache Android SDK	2026-06-06T12:23:00.4304696Z /usr/bin/tar: ../../../../../usr/local/lib/android/sdk/platforms/android-34-ext8/data/res/values-mcc310-mnc150-sk: Cannot utime: Operation not permitted
build	Cache Android SDK	2026-06-06T12:23:00.4305799Z /usr/bin/tar: ../../../../../usr/local/lib/android/sdk/platforms/android-34-ext8/data/res/values-mcc310-mnc150-sk: Cannot change mode to rwxr-xr-x: Operation not permitted
build	Cache Android SDK	2026-06-06T12:23:00.4307840Z /usr/bin/tar: ../../../../../usr/local/lib/android/sdk/platforms/android-34-ext8/data/res/values-mcc310-mnc950-hy: Cannot utime: Operation not permitted
build	Cache Android SDK	2026-06-06T12:23:00.4308311Z /usr/bin/tar: ../../../../../usr/local/lib/android/sdk/platforms/android-34-ext8/data/res/values-mcc310-mnc950-hy: Cannot change mode to rwxr-xr-x: Operation not permitted
build	Cache Android SDK	2026-06-06T12:23:00.4311150Z /usr/bin/tar: ../../../../../usr/local/lib/android/sdk/platforms/android-34-ext8/data/res/values-am-rET: Cannot utime: Operation not permitted
build	Cache Android SDK	2026-06-06T12:23:00.4311602Z /usr/bin/tar: ../../../../../usr/local/lib/android/sdk/platforms/android-34-ext8/data/res/values-am-rET: Cannot change mode to rwxr-xr-x: Operation not permitted
build	Cache Android SDK	2026-06-06T12:23:00.4314513Z /usr/bin/tar: ../../../../../usr/local/lib/android/sdk/platforms/android-34-ext8/data/res/values-mcc310-mnc030-zh-rCN: Cannot utime: Operation not permitted
build	Cache Android SDK	2026-06-06T12:23:00.4315085Z /usr/bin/tar: ../../../../../usr/local/lib/android/sdk/platforms/android-34-ext8/data/res/values-mcc310-mnc030-zh-rCN: Cannot change mode to rwxr-xr-x: Operation not permitted
build	Cache Android SDK	2026-06-06T12:23:00.4318430Z /usr/bin/tar: ../../../../../usr/local/lib/android/sdk/platforms/android-34-ext8/data/res/raw-tr: Cannot utime: Operation not permitted
build	Cache Android SDK	2026-06-06T12:23:00.4318864Z /usr/bin/tar: ../../../../../usr/local/lib/android/sdk/platforms/android-34-ext8/data/res/raw-tr: Cannot change mode to rwxr-xr-x: Operation not permitted
build	Cache Android SDK	2026-06-06T12:23:00.4321863Z /usr/bin/tar: ../../../../../usr/local/lib/android/sdk/platforms/android-34-ext8/data/res/values-mcc310-mnc230-lo: Cannot utime: Operation not permitted
build	Cache Android SDK	2026-06-06T12:23:00.4322341Z /usr/bin/tar: ../../../../../usr/local/lib/android/sdk/platforms/android-34-ext8/data/res/values-mcc310-mnc230-lo: Cannot change mode to rwxr-xr-x: Operation not permitted
build	Cache Android SDK	2026-06-06T12:23:00.4327888Z /usr/bin/tar: ../../../../../usr/local/lib/android/sdk/platforms/android-34-ext8/data/res/values-mcc310-mnc240-kk: Cannot utime: Operation not permitted
build	Cache Android SDK	2026-06-06T12:23:00.4328366Z /usr/bin/tar: ../../../../../usr/local/lib/android/sdk/platforms/android-34-ext8/data/res/values-mcc310-mnc240-kk: Cannot change mode to rwxr-xr-x: Operation not permitted
build	Cache Android SDK	2026-06-06T12:23:00.4331520Z /usr/bin/tar: ../../../../../usr/local/lib/android/sdk/platforms/android-34-ext8/data/res/values-mcc312-mnc670-ru: Cannot utime: Operation not permitted
build	Cache Android SDK	2026-06-06T12:23:00.4331999Z /usr/bin/tar: ../../../../../usr/local/lib/android/sdk/platforms/android-34-ext8/data/res/values-mcc312-mnc670-ru: Cannot change mode to rwxr-xr-x: Operation not permitted
build	Cache Android SDK	2026-06-06T12:23:00.4334835Z /usr/bin/tar: ../../../../../usr/local/lib/android/sdk/platforms/android-34-ext8/data/res/values-mcc310-mnc210-ky: Cannot utime: Operation not permitted
build	Cache Android SDK	2026-06-06T12:23:00.4335308Z /usr/bin/tar: ../../../../../usr/local/lib/android/sdk/platforms/android-34-ext8/data/res/values-mcc310-mnc210-ky: Cannot change mode to rwxr-xr-x: Operation not permitted
build	Cache Android SDK	2026-06-06T12:23:00.4341820Z /usr/bin/tar: ../../../../../usr/local/lib/android/sdk/platforms/android-34-ext8/data/res/values-en-rAU: Cannot utime: Operation not permitted
build	Cache Android SDK	2026-06-06T12:23:00.4342264Z /usr/bin/tar: ../../../../../usr/local/lib/android/sdk/platforms/android-34-ext8/data/res/values-en-rAU: Cannot change mode to rwxr-xr-x: Operation not permitted
build	Cache Android SDK	2026-06-06T12:23:00.4344794Z /usr/bin/tar: ../../../../../usr/local/lib/android/sdk/platforms/android-34-ext8/data/res/values-mcc310-mnc230-hy: Cannot utime: Operation not permitted
build	Cache Android SDK	2026-06-06T12:23:00.4345253Z /usr/bin/tar: ../../../../../usr/local/lib/android/sdk/platforms/android-34-ext8/data/res/values-mcc310-mnc230-hy: Cannot change mode to rwxr-xr-x: Operation not permitted
build	Cache Android SDK	2026-06-06T12:23:00.4348521Z /usr/bin/tar: ../../../../../usr/local/lib/android/sdk/platforms/android-34-ext8/data/res/values-mcc310-mnc150-en-rXC: Cannot utime: Operation not permitted
build	Cache Android SDK	2026-06-06T12:23:00.4349125Z /usr/bin/tar: ../../../../../usr/local/lib/android/sdk/platforms/android-34-ext8/data/res/values-mcc310-mnc150-en-rXC: Cannot change mode to rwxr-xr-x: Operation not permitted
build	Cache Android SDK	2026-06-06T12:23:00.4356016Z /usr/bin/tar: ../../../../../usr/local/lib/android/sdk/platforms/android-34-ext8/data/res/values-zh-rHK: Cannot utime: Operation not permitted
build	Cache Android SDK	2026-06-06T12:23:00.4356469Z /usr/bin/tar: ../../../../../usr/local/lib/android/sdk/platforms/android-34-ext8/data/res/values-zh-rHK: Cannot change mode to rwxr-xr-x: Operation not permitted
build	Cache Android SDK	2026-06-06T12:23:00.4357996Z /usr/bin/tar: ../../../../../usr/local/lib/android/sdk/platforms/android-34-ext8/data/res/values-en-rIN-watch: Cannot utime: Operation not permitted
build	Cache Android SDK	2026-06-06T12:23:00.4358458Z /usr/bin/tar: ../../../../../usr/local/lib/android/sdk/platforms/android-34-ext8/data/res/values-en-rIN-watch: Cannot change mode to rwxr-xr-x: Operation not permitted
build	Cache Android SDK	2026-06-06T12:23:00.4361168Z /usr/bin/tar: ../../../../../usr/local/lib/android/sdk/platforms/android-34-ext8/data/res/values-mcc312-mnc670-am: Cannot utime: Operation not permitted
build	Cache Android SDK	2026-06-06T12:23:00.4361626Z /usr/bin/tar: ../../../../../usr/local/lib/android/sdk/platforms/android-34-ext8/data/res/values-mcc312-mnc670-am: Cannot change mode to rwxr-xr-x: Operation not permitted
build	Cache Android SDK	2026-06-06T12:23:00.4365915Z /usr/bin/tar: ../../../../../usr/local/lib/android/sdk/platforms/android-34-ext8/data/res/values-mcc310-mnc660-el: Cannot utime: Operation not permitted
build	Cache Android SDK	2026-06-06T12:23:00.4366466Z /usr/bin/tar: ../../../../../usr/local/lib/android/sdk/platforms/android-34-ext8/data/res/values-mcc310-mnc660-el: Cannot change mode to rwxr-xr-x: Operation not permitted
build	Cache Android SDK	2026-06-06T12:23:00.4369191Z /usr/bin/tar: ../../../../../usr/local/lib/android/sdk/platforms/android-34-ext8/data/res/values-mcc310-mnc310-vi: Cannot utime: Operation not permitted
build	Cache Android SDK	2026-06-06T12:23:00.4369649Z /usr/bin/tar: ../../../../../usr/local/lib/android/sdk/platforms/android-34-ext8/data/res/values-mcc310-mnc310-vi: Cannot change mode to rwxr-xr-x: Operation not permitted
build	Cache Android SDK	2026-06-06T12:23:00.4372480Z /usr/bin/tar: ../../../../../usr/local/lib/android/sdk/platforms/android-34-ext8/data/res/values-mcc310-mnc240-af: Cannot utime: Operation not permitted
build	Cache Android SDK	2026-06-06T12:23:00.4373026Z /usr/bin/tar: ../../../../../usr/local/lib/android/sdk/platforms/android-34-ext8/data/res/values-mcc310-mnc240-af: Cannot change mode to rwxr-xr-x: Operation not permitted
build	Cache Android SDK	2026-06-06T12:23:00.4375789Z /usr/bin/tar: ../../../../../usr/local/lib/android/sdk/platforms/android-34-ext8/data/res/values-mcc310-mnc490-uk: Cannot utime: Operation not permitted
build	Cache Android SDK	2026-06-06T12:23:00.4376371Z /usr/bin/tar: ../../../../../usr/local/lib/android/sdk/platforms/android-34-ext8/data/res/values-mcc310-mnc490-uk: Cannot change mode to rwxr-xr-x: Operation not permitted
build	Cache Android SDK	2026-06-06T12:23:00.4379326Z /usr/bin/tar: ../../../../../usr/local/lib/android/sdk/platforms/android-34-ext8/data/res/values-mcc310-mnc210-pa: Cannot utime: Operation not permitted
build	Cache Android SDK	2026-06-06T12:23:00.4379789Z /usr/bin/tar: ../../../../../usr/local/lib/android/sdk/platforms/android-34-ext8/data/res/values-mcc310-mnc210-pa: Cannot change mode to rwxr-xr-x: Operation not permitted
build	Cache Android SDK	2026-06-06T12:23:00.4382656Z /usr/bin/tar: ../../../../../usr/local/lib/android/sdk/platforms/android-34-ext8/data/res/values-mcc310-mnc380-ro: Cannot utime: Operation not permitted
build	Cache Android SDK	2026-06-06T12:23:00.4383192Z /usr/bin/tar: ../../../../../usr/local/lib/android/sdk/platforms/android-34-ext8/data/res/values-mcc310-mnc380-ro: Cannot change mode to rwxr-xr-x: Operation not permitted
build	Cache Android SDK	2026-06-06T12:23:00.4390875Z /usr/bin/tar: ../../../../../usr/local/lib/android/sdk/platforms/android-34-ext8/data/res/values-ta: Cannot utime: Operation not permitted
build	Cache Android SDK	2026-06-06T12:23:00.4391418Z /usr/bin/tar: ../../../../../usr/local/lib/android/sdk/platforms/android-34-ext8/data/res/values-ta: Cannot change mode to rwxr-xr-x: Operation not permitted
build	Cache Android SDK	2026-06-06T12:23:00.4392128Z /usr/bin/tar: ../../../../../usr/local/lib/android/sdk/platforms/android-34-ext8/data/res/values-mcc310-mnc800-ml: Cannot utime: Operation not permitted
build	Cache Android SDK	2026-06-06T12:23:00.4392718Z /usr/bin/tar: ../../../../../usr/local/lib/android/sdk/platforms/android-34-ext8/data/res/values-mcc310-mnc800-ml: Cannot change mode to rwxr-xr-x: Operation not permitted
build	Cache Android SDK	2026-06-06T12:23:00.4395619Z /usr/bin/tar: ../../../../../usr/local/lib/android/sdk/platforms/android-34-ext8/data/res/values-mcc313-mnc100-mr: Cannot utime: Operation not permitted
build	Cache Android SDK	2026-06-06T12:23:00.4396199Z /usr/bin/tar: ../../../../../usr/local/lib/android/sdk/platforms/android-34-ext8/data/res/values-mcc313-mnc100-mr: Cannot change mode to rwxr-xr-x: Operation not permitted
build	Cache Android SDK	2026-06-06T12:23:00.4398754Z /usr/bin/tar: ../../../../../usr/local/lib/android/sdk/platforms/android-34-ext8/data/res/values-mcc302-mnc370-sw: Cannot utime: Operation not permitted
build	Cache Android SDK	2026-06-06T12:23:00.4399218Z /usr/bin/tar: ../../../../../usr/local/lib/android/sdk/platforms/android-34-ext8/data/res/values-mcc302-mnc370-sw: Cannot change mode to rwxr-xr-x: Operation not permitted
build	Cache Android SDK	2026-06-06T12:23:00.4402227Z /usr/bin/tar: ../../../../../usr/local/lib/android/sdk/platforms/android-34-ext8/data/res/values-mcc302-mnc720-en-rAU: Cannot utime: Operation not permitted
build	Cache Android SDK	2026-06-06T12:23:00.4402777Z /usr/bin/tar: ../../../../../usr/local/lib/android/sdk/platforms/android-34-ext8/data/res/values-mcc302-mnc720-en-rAU: Cannot change mode to rwxr-xr-x: Operation not permitted
build	Cache Android SDK	2026-06-06T12:23:00.4408536Z /usr/bin/tar: ../../../../../usr/local/lib/android/sdk/platforms/android-34-ext8/data/res/values-pt: Cannot utime: Operation not permitted
build	Cache Android SDK	2026-06-06T12:23:00.4409111Z /usr/bin/tar: ../../../../../usr/local/lib/android/sdk/platforms/android-34-ext8/data/res/values-pt: Cannot change mode to rwxr-xr-x: Operation not permitted
build	Cache Android SDK	2026-06-06T12:23:00.4411458Z /usr/bin/tar: ../../../../../usr/local/lib/android/sdk/platforms/android-34-ext8/data/res/values-ur-watch: Cannot utime: Operation not permitted
build	Cache Android SDK	2026-06-06T12:23:00.4411923Z /usr/bin/tar: ../../../../../usr/local/lib/android/sdk/platforms/android-34-ext8/data/res/values-ur-watch: Cannot change mode to rwxr-xr-x: Operation not permitted
build	Cache Android SDK	2026-06-06T12:23:00.4414818Z /usr/bin/tar: ../../../../../usr/local/lib/android/sdk/platforms/android-34-ext8/data/res/values-mcc310-mnc310-lt: Cannot utime: Operation not permitted
build	Cache Android SDK	2026-06-06T12:23:00.4415283Z /usr/bin/tar: ../../../../../usr/local/lib/android/sdk/platforms/android-34-ext8/data/res/values-mcc310-mnc310-lt: Cannot change mode to rwxr-xr-x: Operation not permitted
build	Cache Android SDK	2026-06-06T12:23:00.4418200Z /usr/bin/tar: ../../../../../usr/local/lib/android/sdk/platforms/android-34-ext8/data/res/values-mcc310-mnc660-kk: Cannot utime: Operation not permitted
build	Cache Android SDK	2026-06-06T12:23:00.4418812Z /usr/bin/tar: ../../../../../usr/local/lib/android/sdk/platforms/android-34-ext8/data/res/values-mcc310-mnc660-kk: Cannot change mode to rwxr-xr-x: Operation not permitted
build	Cache Android SDK	2026-06-06T12:23:00.4421414Z /usr/bin/tar: ../../../../../usr/local/lib/android/sdk/platforms/android-34-ext8/data/res/values-cs-rCZ: Cannot utime: Operation not permitted
build	Cache Android SDK	2026-06-06T12:23:00.4421852Z /usr/bin/tar: ../../../../../usr/local/lib/android/sdk/platforms/android-34-ext8/data/res/values-cs-rCZ: Cannot change mode to rwxr-xr-x: Operation not permitted
build	Cache Android SDK	2026-06-06T12:23:00.4424573Z /usr/bin/tar: ../../../../../usr/local/lib/android/sdk/platforms/android-34-ext8/data/res/values-mcc450-mnc05: Cannot utime: Operation not permitted
build	Cache Android SDK	2026-06-06T12:23:00.4425162Z /usr/bin/tar: ../../../../../usr/local/lib/android/sdk/platforms/android-34-ext8/data/res/values-mcc450-mnc05: Cannot change mode to rwxr-xr-x: Operation not permitted
build	Cache Android SDK	2026-06-06T12:23:00.4427761Z /usr/bin/tar: ../../../../../usr/local/lib/android/sdk/platforms/android-34-ext8/data/res/values-mcc313-mnc100-vi: Cannot utime: Operation not permitted
build	Cache Android SDK	2026-06-06T12:23:00.4428216Z /usr/bin/tar: ../../../../../usr/local/lib/android/sdk/platforms/android-34-ext8/data/res/values-mcc313-mnc100-vi: Cannot change mode to rwxr-xr-x: Operation not permitted
build	Cache Android SDK	2026-06-06T12:23:00.4430709Z /usr/bin/tar: ../../../../../usr/local/lib/android/sdk/platforms/android-34-ext8/data/res/values-it-television: Cannot utime: Operation not permitted
build	Cache Android SDK	2026-06-06T12:23:00.4431232Z /usr/bin/tar: ../../../../../usr/local/lib/android/sdk/platforms/android-34-ext8/data/res/values-it-television: Cannot change mode to rwxr-xr-x: Operation not permitted
build	Cache Android SDK	2026-06-06T12:23:00.4434883Z /usr/bin/tar: ../../../../../usr/local/lib/android/sdk/platforms/android-34-ext8/data/res/values-mcc310-mnc950-as: Cannot utime: Operation not permitted
build	Cache Android SDK	2026-06-06T12:23:00.4435622Z /usr/bin/tar: ../../../../../usr/local/lib/android/sdk/platforms/android-34-ext8/data/res/values-mcc310-mnc950-as: Cannot change mode to rwxr-xr-x: Operation not permitted
build	Cache Android SDK	2026-06-06T12:23:00.4438024Z /usr/bin/tar: ../../../../../usr/local/lib/android/sdk/platforms/android-34-ext8/data/res/values-mcc302-mnc370-lt: Cannot utime: Operation not permitted
build	Cache Android SDK	2026-06-06T12:23:00.4438502Z /usr/bin/tar: ../../../../../usr/local/lib/android/sdk/platforms/android-34-ext8/data/res/values-mcc302-mnc370-lt: Cannot change mode to rwxr-xr-x: Operation not permitted
build	Cache Android SDK	2026-06-06T12:23:00.4441901Z /usr/bin/tar: ../../../../../usr/local/lib/android/sdk/platforms/android-34-ext8/data/res/values-mcc310-mnc230-ky: Cannot utime: Operation not permitted
build	Cache Android SDK	2026-06-06T12:23:00.4442365Z /usr/bin/tar: ../../../../../usr/local/lib/android/sdk/platforms/android-34-ext8/data/res/values-mcc310-mnc230-ky: Cannot change mode to rwxr-xr-x: Operation not permitted
build	Cache Android SDK	2026-06-06T12:23:00.4445550Z /usr/bin/tar: ../../../../../usr/local/lib/android/sdk/platforms/android-34-ext8/data/res/values-mcc310-mnc210-sw: Cannot utime: Operation not permitted
build	Cache Android SDK	2026-06-06T12:23:00.4446014Z /usr/bin/tar: ../../../../../usr/local/lib/android/sdk/platforms/android-34-ext8/data/res/values-mcc310-mnc210-sw: Cannot change mode to rwxr-xr-x: Operation not permitted
build	Cache Android SDK	2026-06-06T12:23:00.4448862Z /usr/bin/tar: ../../../../../usr/local/lib/android/sdk/platforms/android-34-ext8/data/res/values-mcc310-mnc490-hr: Cannot utime: Operation not permitted
build	Cache Android SDK	2026-06-06T12:23:00.4449343Z /usr/bin/tar: ../../../../../usr/local/lib/android/sdk/platforms/android-34-ext8/data/res/values-mcc310-mnc490-hr: Cannot change mode to rwxr-xr-x: Operation not permitted
build	Cache Android SDK	2026-06-06T12:23:00.4452014Z /usr/bin/tar: ../../../../../usr/local/lib/android/sdk/platforms/android-34-ext8/data/res/values-mcc310-mnc410-az: Cannot utime: Operation not permitted
build	Cache Android SDK	2026-06-06T12:23:00.4452482Z /usr/bin/tar: ../../../../../usr/local/lib/android/sdk/platforms/android-34-ext8/data/res/values-mcc310-mnc410-az: Cannot change mode to rwxr-xr-x: Operation not permitted
build	Cache Android SDK	2026-06-06T12:23:00.4455259Z /usr/bin/tar: ../../../../../usr/local/lib/android/sdk/platforms/android-34-ext8/data/res/values-mcc310-mnc380-kn: Cannot utime: Operation not permitted
build	Cache Android SDK	2026-06-06T12:23:00.4455724Z /usr/bin/tar: ../../../../../usr/local/lib/android/sdk/platforms/android-34-ext8/data/res/values-mcc310-mnc380-kn: Cannot change mode to rwxr-xr-x: Operation not permitted
build	Cache Android SDK	2026-06-06T12:23:00.4458934Z /usr/bin/tar: ../../../../../usr/local/lib/android/sdk/platforms/android-34-ext8/data/res/values-mcc310-mnc150-mn: Cannot utime: Operation not permitted
build	Cache Android SDK	2026-06-06T12:23:00.4459410Z /usr/bin/tar: ../../../../../usr/local/lib/android/sdk/platforms/android-34-ext8/data/res/values-mcc310-mnc150-mn: Cannot change mode to rwxr-xr-x: Operation not permitted
build	Cache Android SDK	2026-06-06T12:23:00.4462288Z /usr/bin/tar: ../../../../../usr/local/lib/android/sdk/platforms/android-34-ext8/data/res/values-mcc310-mnc150-mr: Cannot utime: Operation not permitted
build	Cache Android SDK	2026-06-06T12:23:00.4462849Z /usr/bin/tar: ../../../../../usr/local/lib/android/sdk/platforms/android-34-ext8/data/res/values-mcc310-mnc150-mr: Cannot change mode to rwxr-xr-x: Operation not permitted
build	Cache Android SDK	2026-06-06T12:23:00.4465169Z /usr/bin/tar: ../../../../../usr/local/lib/android/sdk/platforms/android-34-ext8/data/res/values-mcc310-mnc220-ca: Cannot utime: Operation not permitted
build	Cache Android SDK	2026-06-06T12:23:00.4465629Z /usr/bin/tar: ../../../../../usr/local/lib/android/sdk/platforms/android-34-ext8/data/res/values-mcc310-mnc220-ca: Cannot change mode to rwxr-xr-x: Operation not permitted
build	Cache Android SDK	2026-06-06T12:23:00.4468157Z /usr/bin/tar: ../../../../../usr/local/lib/android/sdk/platforms/android-34-ext8/data/res/values-mcc310-mnc490-hu: Cannot utime: Operation not permitted
build	Cache Android SDK	2026-06-06T12:23:00.4468615Z /usr/bin/tar: ../../../../../usr/local/lib/android/sdk/platforms/android-34-ext8/data/res/values-mcc310-mnc490-hu: Cannot change mode to rwxr-xr-x: Operation not permitted
build	Cache Android SDK	2026-06-06T12:23:00.4471478Z /usr/bin/tar: ../../../../../usr/local/lib/android/sdk/platforms/android-34-ext8/data/res/values-mcc310-mnc310-it: Cannot utime: Operation not permitted
build	Cache Android SDK	2026-06-06T12:23:00.4471934Z /usr/bin/tar: ../../../../../usr/local/lib/android/sdk/platforms/android-34-ext8/data/res/values-mcc310-mnc310-it: Cannot change mode to rwxr-xr-x: Operation not permitted
build	Cache Android SDK	2026-06-06T12:23:00.4474548Z /usr/bin/tar: ../../../../../usr/local/lib/android/sdk/platforms/android-34-ext8/data/res/values-mcc310-mnc220-zh-rCN: Cannot utime: Operation not permitted
build	Cache Android SDK	2026-06-06T12:23:00.4475110Z /usr/bin/tar: ../../../../../usr/local/lib/android/sdk/platforms/android-34-ext8/data/res/values-mcc310-mnc220-zh-rCN: Cannot change mode to rwxr-xr-x: Operation not permitted
build	Cache Android SDK	2026-06-06T12:23:00.4477642Z /usr/bin/tar: ../../../../../usr/local/lib/android/sdk/platforms/android-34-ext8/data/res/values-mcc311-mnc180-ro: Cannot utime: Operation not permitted
build	Cache Android SDK	2026-06-06T12:23:00.4478115Z /usr/bin/tar: ../../../../../usr/local/lib/android/sdk/platforms/android-34-ext8/data/res/values-mcc311-mnc180-ro: Cannot change mode to rwxr-xr-x: Operation not permitted
build	Cache Android SDK	2026-06-06T12:23:00.4481098Z /usr/bin/tar: ../../../../../usr/local/lib/android/sdk/platforms/android-34-ext8/data/res/values-es-rMX: Cannot utime: Operation not permitted
build	Cache Android SDK	2026-06-06T12:23:00.4488040Z /usr/bin/tar: ../../../../../usr/local/lib/android/sdk/platforms/android-34-ext8/data/res/values-es-rMX: Cannot change mode to rwxr-xr-x: Operation not permitted
build	Cache Android SDK	2026-06-06T12:23:00.4488495Z /usr/bin/tar: ../../../../../usr/local/lib/android/sdk/platforms/android-34-ext8/data/res/values-hy: Cannot utime: Operation not permitted
build	Cache Android SDK	2026-06-06T12:23:00.4488963Z /usr/bin/tar: ../../../../../usr/local/lib/android/sdk/platforms/android-34-ext8/data/res/values-hy: Cannot change mode to rwxr-xr-x: Operation not permitted
build	Cache Android SDK	2026-06-06T12:23:00.4493122Z /usr/bin/tar: ../../../../../usr/local/lib/android/sdk/platforms/android-34-ext8/data/res/values-mcc310-mnc950-en-rAU: Cannot utime: Operation not permitted
build	Cache Android SDK	2026-06-06T12:23:00.4493733Z /usr/bin/tar: ../../../../../usr/local/lib/android/sdk/platforms/android-34-ext8/data/res/values-mcc310-mnc950-en-rAU: Cannot change mode to rwxr-xr-x: Operation not permitted
build	Cache Android SDK	2026-06-06T12:23:00.4496967Z /usr/bin/tar: ../../../../../usr/local/lib/android/sdk/platforms/android-34-ext8/data/res/values-mcc302-mnc370-it: Cannot utime: Operation not permitted
build	Cache Android SDK	2026-06-06T12:23:00.4497900Z /usr/bin/tar: ../../../../../usr/local/lib/android/sdk/platforms/android-34-ext8/data/res/values-mcc302-mnc370-it: Cannot change mode to rwxr-xr-x: Operation not permitted
build	Cache Android SDK	2026-06-06T12:23:00.4501404Z /usr/bin/tar: ../../../../../usr/local/lib/android/sdk/platforms/android-34-ext8/data/res/values-sw720dp: Cannot utime: Operation not permitted
build	Cache Android SDK	2026-06-06T12:23:00.4501861Z /usr/bin/tar: ../../../../../usr/local/lib/android/sdk/platforms/android-34-ext8/data/res/values-sw720dp: Cannot change mode to rwxr-xr-x: Operation not permitted
build	Cache Android SDK	2026-06-06T12:23:00.4504284Z /usr/bin/tar: ../../../../../usr/local/lib/android/sdk/platforms/android-34-ext8/data/res/layout-notround-watch: Cannot utime: Operation not permitted
build	Cache Android SDK	2026-06-06T12:23:00.4504769Z /usr/bin/tar: ../../../../../usr/local/lib/android/sdk/platforms/android-34-ext8/data/res/layout-notround-watch: Cannot change mode to rwxr-xr-x: Operation not permitted
build	Cache Android SDK	2026-06-06T12:23:00.4507648Z /usr/bin/tar: ../../../../../usr/local/lib/android/sdk/platforms/android-34-ext8/data/res/values-mcc310-mnc220-af: Cannot utime: Operation not permitted
build	Cache Android SDK	2026-06-06T12:23:00.4508162Z /usr/bin/tar: ../../../../../usr/local/lib/android/sdk/platforms/android-34-ext8/data/res/values-mcc310-mnc220-af: Cannot change mode to rwxr-xr-x: Operation not permitted
build	Cache Android SDK	2026-06-06T12:23:00.4510570Z /usr/bin/tar: ../../../../../usr/local/lib/android/sdk/platforms/android-34-ext8/data/res/values-mcc310-mnc270-cs: Cannot utime: Operation not permitted
build	Cache Android SDK	2026-06-06T12:23:00.4511037Z /usr/bin/tar: ../../../../../usr/local/lib/android/sdk/platforms/android-34-ext8/data/res/values-mcc310-mnc270-cs: Cannot change mode to rwxr-xr-x: Operation not permitted
build	Cache Android SDK	2026-06-06T12:23:00.4513471Z /usr/bin/tar: ../../../../../usr/local/lib/android/sdk/platforms/android-34-ext8/data/res/values-mcc310-mnc490-kn: Cannot utime: Operation not permitted
build	Cache Android SDK	2026-06-06T12:23:00.4513947Z /usr/bin/tar: ../../../../../usr/local/lib/android/sdk/platforms/android-34-ext8/data/res/values-mcc310-mnc490-kn: Cannot change mode to rwxr-xr-x: Operation not permitted
build	Cache Android SDK	2026-06-06T12:23:00.4516518Z /usr/bin/tar: ../../../../../usr/local/lib/android/sdk/platforms/android-34-ext8/data/res/values-mcc310-mnc660-pl: Cannot utime: Operation not permitted
build	Cache Android SDK	2026-06-06T12:23:00.4517083Z /usr/bin/tar: ../../../../../usr/local/lib/android/sdk/platforms/android-34-ext8/data/res/values-mcc310-mnc660-pl: Cannot change mode to rwxr-xr-x: Operation not permitted
build	Cache Android SDK	2026-06-06T12:23:00.4519603Z /usr/bin/tar: ../../../../../usr/local/lib/android/sdk/platforms/android-34-ext8/data/res/values-mcc312-mnc670-te: Cannot utime: Operation not permitted
build	Cache Android SDK	2026-06-06T12:23:00.4520086Z /usr/bin/tar: ../../../../../usr/local/lib/android/sdk/platforms/android-34-ext8/data/res/values-mcc312-mnc670-te: Cannot change mode to rwxr-xr-x: Operation not permitted
build	Cache Android SDK	2026-06-06T12:23:00.4523130Z /usr/bin/tar: ../../../../../usr/local/lib/android/sdk/platforms/android-34-ext8/data/res/values-mcc310-mnc160-hr: Cannot utime: Operation not permitted
build	Cache Android SDK	2026-06-06T12:23:00.4523604Z /usr/bin/tar: ../../../../../usr/local/lib/android/sdk/platforms/android-34-ext8/data/res/values-mcc310-mnc160-hr: Cannot change mode to rwxr-xr-x: Operation not permitted
build	Cache Android SDK	2026-06-06T12:23:00.4526984Z /usr/bin/tar: ../../../../../usr/local/lib/android/sdk/platforms/android-34-ext8/data/res/values-mcc310-mnc800-af: Cannot utime: Operation not permitted
build	Cache Android SDK	2026-06-06T12:23:00.4527637Z /usr/bin/tar: ../../../../../usr/local/lib/android/sdk/platforms/android-34-ext8/data/res/values-mcc310-mnc800-af: Cannot change mode to rwxr-xr-x: Operation not permitted
build	Cache Android SDK	2026-06-06T12:23:00.4530630Z /usr/bin/tar: ../../../../../usr/local/lib/android/sdk/platforms/android-34-ext8/data/res/values-mcc310-mnc310-nl: Cannot utime: Operation not permitted
build	Cache Android SDK	2026-06-06T12:23:00.4531114Z /usr/bin/tar: ../../../../../usr/local/lib/android/sdk/platforms/android-34-ext8/data/res/values-mcc310-mnc310-nl: Cannot change mode to rwxr-xr-x: Operation not permitted
build	Cache Android SDK	2026-06-06T12:23:00.4533991Z /usr/bin/tar: ../../../../../usr/local/lib/android/sdk/platforms/android-34-ext8/data/res/values-sv-rSE: Cannot utime: Operation not permitted
build	Cache Android SDK	2026-06-06T12:23:00.4534433Z /usr/bin/tar: ../../../../../usr/local/lib/android/sdk/platforms/android-34-ext8/data/res/values-sv-rSE: Cannot change mode to rwxr-xr-x: Operation not permitted
build	Cache Android SDK	2026-06-06T12:23:00.4537820Z /usr/bin/tar: ../../../../../usr/local/lib/android/sdk/platforms/android-34-ext8/data/res/values-mcc310-mnc170-hu: Cannot utime: Operation not permitted
build	Cache Android SDK	2026-06-06T12:23:00.4538376Z /usr/bin/tar: ../../../../../usr/local/lib/android/sdk/platforms/android-34-ext8/data/res/values-mcc310-mnc170-hu: Cannot change mode to rwxr-xr-x: Operation not permitted
build	Cache Android SDK	2026-06-06T12:23:00.4541521Z /usr/bin/tar: ../../../../../usr/local/lib/android/sdk/platforms/android-34-ext8/data/res/values-mcc302-mnc720-tl: Cannot utime: Operation not permitted
build	Cache Android SDK	2026-06-06T12:23:00.4541996Z /usr/bin/tar: ../../../../../usr/local/lib/android/sdk/platforms/android-34-ext8/data/res/values-mcc302-mnc720-tl: Cannot change mode to rwxr-xr-x: Operation not permitted
build	Cache Android SDK	2026-06-06T12:23:00.4544850Z /usr/bin/tar: ../../../../../usr/local/lib/android/sdk/platforms/android-34-ext8/data/res/values-mcc001-mnc01-nb: Cannot utime: Operation not permitted
build	Cache Android SDK	2026-06-06T12:23:00.4545443Z /usr/bin/tar: ../../../../../usr/local/lib/android/sdk/platforms/android-34-ext8/data/res/values-mcc001-mnc01-nb: Cannot change mode to rwxr-xr-x: Operation not permitted
build	Cache Android SDK	2026-06-06T12:23:00.4548581Z /usr/bin/tar: ../../../../../usr/local/lib/android/sdk/platforms/android-34-ext8/data/res/values-mcc310-mnc150-tr: Cannot utime: Operation not permitted
build	Cache Android SDK	2026-06-06T12:23:00.4549081Z /usr/bin/tar: ../../../../../usr/local/lib/android/sdk/platforms/android-34-ext8/data/res/values-mcc310-mnc150-tr: Cannot change mode to rwxr-xr-x: Operation not permitted
build	Cache Android SDK	2026-06-06T12:23:00.4551303Z /usr/bin/tar: ../../../../../usr/local/lib/android/sdk/platforms/android-34-ext8/data/res/values-mcc310-mnc160-da: Cannot utime: Operation not permitted
build	Cache Android SDK	2026-06-06T12:23:00.4551777Z /usr/bin/tar: ../../../../../usr/local/lib/android/sdk/platforms/android-34-ext8/data/res/values-mcc310-mnc160-da: Cannot change mode to rwxr-xr-x: Operation not permitted
build	Cache Android SDK	2026-06-06T12:23:00.4554394Z /usr/bin/tar: ../../../../../usr/local/lib/android/sdk/platforms/android-34-ext8/data/res/values-mcc310-mnc240-lo: Cannot utime: Operation not permitted
build	Cache Android SDK	2026-06-06T12:23:00.4554880Z /usr/bin/tar: ../../../../../usr/local/lib/android/sdk/platforms/android-34-ext8/data/res/values-mcc310-mnc240-lo: Cannot change mode to rwxr-xr-x: Operation not permitted
build	Cache Android SDK	2026-06-06T12:23:00.4558244Z /usr/bin/tar: ../../../../../usr/local/lib/android/sdk/platforms/android-34-ext8/data/res/values-mcc310-mnc250-eu: Cannot utime: Operation not permitted
build	Cache Android SDK	2026-06-06T12:23:00.4558706Z /usr/bin/tar: ../../../../../usr/local/lib/android/sdk/platforms/android-34-ext8/data/res/values-mcc310-mnc250-eu: Cannot change mode to rwxr-xr-x: Operation not permitted
build	Cache Android SDK	2026-06-06T12:23:00.4561826Z /usr/bin/tar: ../../../../../usr/local/lib/android/sdk/platforms/android-34-ext8/data/res/raw-hu: Cannot utime: Operation not permitted
build	Cache Android SDK	2026-06-06T12:23:00.4562279Z /usr/bin/tar: ../../../../../usr/local/lib/android/sdk/platforms/android-34-ext8/data/res/raw-hu: Cannot change mode to rwxr-xr-x: Operation not permitted
build	Cache Android SDK	2026-06-06T12:23:00.4565168Z /usr/bin/tar: ../../../../../usr/local/lib/android/sdk/platforms/android-34-ext8/data/res/values-mcc302-mnc370-nb: Cannot utime: Operation not permitted
build	Cache Android SDK	2026-06-06T12:23:00.4565647Z /usr/bin/tar: ../../../../../usr/local/lib/android/sdk/platforms/android-34-ext8/data/res/values-mcc302-mnc370-nb: Cannot change mode to rwxr-xr-x: Operation not permitted
build	Cache Android SDK	2026-06-06T12:23:00.4568512Z /usr/bin/tar: ../../../../../usr/local/lib/android/sdk/platforms/android-34-ext8/data/res/values-pt-rBR-watch: Cannot utime: Operation not permitted
build	Cache Android SDK	2026-06-06T12:23:00.4568979Z /usr/bin/tar: ../../../../../usr/local/lib/android/sdk/platforms/android-34-ext8/data/res/values-pt-rBR-watch: Cannot change mode to rwxr-xr-x: Operation not permitted
build	Cache Android SDK	2026-06-06T12:23:00.4571683Z /usr/bin/tar: ../../../../../usr/local/lib/android/sdk/platforms/android-34-ext8/data/res/values-mcc310-mnc150-pt-rBR: Cannot utime: Operation not permitted
build	Cache Android SDK	2026-06-06T12:23:00.4572184Z /usr/bin/tar: ../../../../../usr/local/lib/android/sdk/platforms/android-34-ext8/data/res/values-mcc310-mnc150-pt-rBR: Cannot change mode to rwxr-xr-x: Operation not permitted
build	Cache Android SDK	2026-06-06T12:23:00.4575066Z /usr/bin/tar: ../../../../../usr/local/lib/android/sdk/platforms/android-34-ext8/data/res/values-mcc310-mnc660-b+sr+Latn: Cannot utime: Operation not permitted
build	Cache Android SDK	2026-06-06T12:23:00.4575705Z /usr/bin/tar: ../../../../../usr/local/lib/android/sdk/platforms/android-34-ext8/data/res/values-mcc310-mnc660-b+sr+Latn: Cannot change mode to rwxr-xr-x: Operation not permitted
build	Cache Android SDK	2026-06-06T12:23:00.4594735Z /usr/bin/tar: ../../../../../usr/local/lib/android/sdk/platforms/android-34-ext8/data/res/interpolator: Cannot utime: Operation not permitted
build	Cache Android SDK	2026-06-06T12:23:00.4595232Z /usr/bin/tar: ../../../../../usr/local/lib/android/sdk/platforms/android-34-ext8/data/res/interpolator: Cannot change mode to rwxr-xr-x: Operation not permitted
build	Cache Android SDK	2026-06-06T12:23:00.4598563Z /usr/bin/tar: ../../../../../usr/local/lib/android/sdk/platforms/android-34-ext8/data/res/values-mcc310-mnc030-ar: Cannot utime: Operation not permitted
build	Cache Android SDK	2026-06-06T12:23:00.4599186Z /usr/bin/tar: ../../../../../usr/local/lib/android/sdk/platforms/android-34-ext8/data/res/values-mcc310-mnc030-ar: Cannot change mode to rwxr-xr-x: Operation not permitted
build	Cache Android SDK	2026-06-06T12:23:00.4602555Z /usr/bin/tar: ../../../../../usr/local/lib/android/sdk/platforms/android-34-ext8/data/res/values-es-rUS-watch: Cannot utime: Operation not permitted
build	Cache Android SDK	2026-06-06T12:23:00.4603146Z /usr/bin/tar: ../../../../../usr/local/lib/android/sdk/platforms/android-34-ext8/data/res/values-es-rUS-watch: Cannot change mode to rwxr-xr-x: Operation not permitted
build	Cache Android SDK	2026-06-06T12:23:00.4605641Z /usr/bin/tar: ../../../../../usr/local/lib/android/sdk/platforms/android-34-ext8/data/res/values-gl-television: Cannot utime: Operation not permitted
build	Cache Android SDK	2026-06-06T12:23:00.4606110Z /usr/bin/tar: ../../../../../usr/local/lib/android/sdk/platforms/android-34-ext8/data/res/values-gl-television: Cannot change mode to rwxr-xr-x: Operation not permitted
build	Cache Android SDK	2026-06-06T12:23:00.4609253Z /usr/bin/tar: ../../../../../usr/local/lib/android/sdk/platforms/android-34-ext8/data/res/values-w227dp: Cannot utime: Operation not permitted
build	Cache Android SDK	2026-06-06T12:23:00.4609692Z /usr/bin/tar: ../../../../../usr/local/lib/android/sdk/platforms/android-34-ext8/data/res/values-w227dp: Cannot change mode to rwxr-xr-x: Operation not permitted
build	Cache Android SDK	2026-06-06T12:23:00.4612295Z /usr/bin/tar: ../../../../../usr/local/lib/android/sdk/platforms/android-34-ext8/data/res/values-mcc310-mnc160-in: Cannot utime: Operation not permitted
build	Cache Android SDK	2026-06-06T12:23:00.4612777Z /usr/bin/tar: ../../../../../usr/local/lib/android/sdk/platforms/android-34-ext8/data/res/values-mcc310-mnc160-in: Cannot change mode to rwxr-xr-x: Operation not permitted
build	Cache Android SDK	2026-06-06T12:23:00.4615150Z /usr/bin/tar: ../../../../../usr/local/lib/android/sdk/platforms/android-34-ext8/data/res/values-mcc310-mnc280-lt: Cannot utime: Operation not permitted
build	Cache Android SDK	2026-06-06T12:23:00.4615641Z /usr/bin/tar: ../../../../../usr/local/lib/android/sdk/platforms/android-34-ext8/data/res/values-mcc310-mnc280-lt: Cannot change mode to rwxr-xr-x: Operation not permitted
build	Cache Android SDK	2026-06-06T12:23:00.4618508Z /usr/bin/tar: ../../../../../usr/local/lib/android/sdk/platforms/android-34-ext8/data/res/values-mcc310-mnc230-fr-rCA: Cannot utime: Operation not permitted
build	Cache Android SDK	2026-06-06T12:23:00.4619040Z /usr/bin/tar: ../../../../../usr/local/lib/android/sdk/platforms/android-34-ext8/data/res/values-mcc310-mnc230-fr-rCA: Cannot change mode to rwxr-xr-x: Operation not permitted
build	Cache Android SDK	2026-06-06T12:23:00.4621437Z /usr/bin/tar: ../../../../../usr/local/lib/android/sdk/platforms/android-34-ext8/data/res/values-mcc310-mnc170-ar: Cannot utime: Operation not permitted
build	Cache Android SDK	2026-06-06T12:23:00.4621916Z /usr/bin/tar: ../../../../../usr/local/lib/android/sdk/platforms/android-34-ext8/data/res/values-mcc310-mnc170-ar: Cannot change mode to rwxr-xr-x: Operation not permitted
build	Cache Android SDK	2026-06-06T12:23:00.4628339Z /usr/bin/tar: ../../../../../usr/local/lib/android/sdk/platforms/android-34-ext8/data/res/values-sl: Cannot utime: Operation not permitted
build	Cache Android SDK	2026-06-06T12:23:00.4629190Z /usr/bin/tar: ../../../../../usr/local/lib/android/sdk/platforms/android-34-ext8/data/res/values-sl: Cannot change mode to rwxr-xr-x: Operation not permitted
build	Cache Android SDK	2026-06-06T12:23:00.4631384Z /usr/bin/tar: ../../../../../usr/local/lib/android/sdk/platforms/android-34-ext8/data/res/values-mcc310-mnc030-da: Cannot utime: Operation not permitted
build	Cache Android SDK	2026-06-06T12:23:00.4632000Z /usr/bin/tar: ../../../../../usr/local/lib/android/sdk/platforms/android-34-ext8/data/res/values-mcc310-mnc030-da: Cannot change mode to rwxr-xr-x: Operation not permitted
build	Cache Android SDK	2026-06-06T12:23:00.4634718Z /usr/bin/tar: ../../../../../usr/local/lib/android/sdk/platforms/android-34-ext8/data/res/values-mcc510-mnc08: Cannot utime: Operation not permitted
build	Cache Android SDK	2026-06-06T12:23:00.4635176Z /usr/bin/tar: ../../../../../usr/local/lib/android/sdk/platforms/android-34-ext8/data/res/values-mcc510-mnc08: Cannot change mode to rwxr-xr-x: Operation not permitted
build	Cache Android SDK	2026-06-06T12:23:00.4638062Z /usr/bin/tar: ../../../../../usr/local/lib/android/sdk/platforms/android-34-ext8/data/res/values-fa-rIR: Cannot utime: Operation not permitted
build	Cache Android SDK	2026-06-06T12:23:00.4638615Z /usr/bin/tar: ../../../../../usr/local/lib/android/sdk/platforms/android-34-ext8/data/res/values-fa-rIR: Cannot change mode to rwxr-xr-x: Operation not permitted
build	Cache Android SDK	2026-06-06T12:23:00.4642108Z /usr/bin/tar: ../../../../../usr/local/lib/android/sdk/platforms/android-34-ext8/data/res/values-en-rZA: Cannot utime: Operation not permitted
build	Cache Android SDK	2026-06-06T12:23:00.4642617Z /usr/bin/tar: ../../../../../usr/local/lib/android/sdk/platforms/android-34-ext8/data/res/values-en-rZA: Cannot change mode to rwxr-xr-x: Operation not permitted
build	Cache Android SDK	2026-06-06T12:23:00.4645481Z /usr/bin/tar: ../../../../../usr/local/lib/android/sdk/platforms/android-34-ext8/data/res/values-mcc310-mnc310-en-rGB: Cannot utime: Operation not permitted
build	Cache Android SDK	2026-06-06T12:23:00.4645981Z /usr/bin/tar: ../../../../../usr/local/lib/android/sdk/platforms/android-34-ext8/data/res/values-mcc310-mnc310-en-rGB: Cannot change mode to rwxr-xr-x: Operation not permitted
build	Cache Android SDK	2026-06-06T12:23:00.4648801Z /usr/bin/tar: ../../../../../usr/local/lib/android/sdk/platforms/android-34-ext8/data/res/values-mcc310-mnc270-tr: Cannot utime: Operation not permitted
build	Cache Android SDK	2026-06-06T12:23:00.4649339Z /usr/bin/tar: ../../../../../usr/local/lib/android/sdk/platforms/android-34-ext8/data/res/values-mcc310-mnc270-tr: Cannot change mode to rwxr-xr-x: Operation not permitted
build	Cache Android SDK	2026-06-06T12:23:00.4651991Z /usr/bin/tar: ../../../../../usr/local/lib/android/sdk/platforms/android-34-ext8/data/res/values-mcc312-mnc670-vi: Cannot utime: Operation not permitted
build	Cache Android SDK	2026-06-06T12:23:00.4652473Z /usr/bin/tar: ../../../../../usr/local/lib/android/sdk/platforms/android-34-ext8/data/res/values-mcc312-mnc670-vi: Cannot change mode to rwxr-xr-x: Operation not permitted
build	Cache Android SDK	2026-06-06T12:23:00.4655419Z /usr/bin/tar: ../../../../../usr/local/lib/android/sdk/platforms/android-34-ext8/data/res/values-mcc310-mnc200-tl: Cannot utime: Operation not permitted
build	Cache Android SDK	2026-06-06T12:23:00.4655896Z /usr/bin/tar: ../../../../../usr/local/lib/android/sdk/platforms/android-34-ext8/data/res/values-mcc310-mnc200-tl: Cannot change mode to rwxr-xr-x: Operation not permitted
build	Cache Android SDK	2026-06-06T12:23:00.4659153Z /usr/bin/tar: ../../../../../usr/local/lib/android/sdk/platforms/android-34-ext8/data/res/values-mcc311-mnc180-az: Cannot utime: Operation not permitted
build	Cache Android SDK	2026-06-06T12:23:00.4659711Z /usr/bin/tar: ../../../../../usr/local/lib/android/sdk/platforms/android-34-ext8/data/res/values-mcc311-mnc180-az: Cannot change mode to rwxr-xr-x: Operation not permitted
build	Cache Android SDK	2026-06-06T12:23:00.4662391Z /usr/bin/tar: ../../../../../usr/local/lib/android/sdk/platforms/android-34-ext8/data/res/values-mcc310-mnc800-ky: Cannot utime: Operation not permitted
build	Cache Android SDK	2026-06-06T12:23:00.4662865Z /usr/bin/tar: ../../../../../usr/local/lib/android/sdk/platforms/android-34-ext8/data/res/values-mcc310-mnc800-ky: Cannot change mode to rwxr-xr-x: Operation not permitted
build	Cache Android SDK	2026-06-06T12:23:00.4665692Z /usr/bin/tar: ../../../../../usr/local/lib/android/sdk/platforms/android-34-ext8/data/res/values-mcc310-mnc170-da: Cannot utime: Operation not permitted
build	Cache Android SDK	2026-06-06T12:23:00.4666147Z /usr/bin/tar: ../../../../../usr/local/lib/android/sdk/platforms/android-34-ext8/data/res/values-mcc310-mnc170-da: Cannot change mode to rwxr-xr-x: Operation not permitted
build	Cache Android SDK	2026-06-06T12:23:00.4669008Z /usr/bin/tar: ../../../../../usr/local/lib/android/sdk/platforms/android-34-ext8/data/res/values-mcc310-mnc280-hu: Cannot utime: Operation not permitted
build	Cache Android SDK	2026-06-06T12:23:00.4669590Z /usr/bin/tar: ../../../../../usr/local/lib/android/sdk/platforms/android-34-ext8/data/res/values-mcc310-mnc280-hu: Cannot change mode to rwxr-xr-x: Operation not permitted
build	Cache Android SDK	2026-06-06T12:23:00.4673254Z /usr/bin/tar: ../../../../../usr/local/lib/android/sdk/platforms/android-34-ext8/data/res/values-es-rHN: Cannot utime: Operation not permitted
build	Cache Android SDK	2026-06-06T12:23:00.4673697Z /usr/bin/tar: ../../../../../usr/local/lib/android/sdk/platforms/android-34-ext8/data/res/values-es-rHN: Cannot change mode to rwxr-xr-x: Operation not permitted
build	Cache Android SDK	2026-06-06T12:23:00.4676570Z /usr/bin/tar: ../../../../../usr/local/lib/android/sdk/platforms/android-34-ext8/data/res/values-mcc310-mnc200-en-rIN: Cannot utime: Operation not permitted
build	Cache Android SDK	2026-06-06T12:23:00.4677044Z /usr/bin/tar: ../../../../../usr/local/lib/android/sdk/platforms/android-34-ext8/data/res/values-mcc310-mnc200-en-rIN: Cannot change mode to rwxr-xr-x: Operation not permitted
build	Cache Android SDK	2026-06-06T12:23:00.4680422Z /usr/bin/tar: ../../../../../usr/local/lib/android/sdk/platforms/android-34-ext8/data/res/values-mcc310-mnc280-ko: Cannot utime: Operation not permitted
build	Cache Android SDK	2026-06-06T12:23:00.4680976Z /usr/bin/tar: ../../../../../usr/local/lib/android/sdk/platforms/android-34-ext8/data/res/values-mcc310-mnc280-ko: Cannot change mode to rwxr-xr-x: Operation not permitted
build	Cache Android SDK	2026-06-06T12:23:00.4684138Z /usr/bin/tar: ../../../../../usr/local/lib/android/sdk/platforms/android-34-ext8/data/res/values-mcc310-mnc490-en-rIN: Cannot utime: Operation not permitted
build	Cache Android SDK	2026-06-06T12:23:00.4684715Z /usr/bin/tar: ../../../../../usr/local/lib/android/sdk/platforms/android-34-ext8/data/res/values-mcc310-mnc490-en-rIN: Cannot change mode to rwxr-xr-x: Operation not permitted
build	Cache Android SDK	2026-06-06T12:23:00.4687554Z /usr/bin/tar: ../../../../../usr/local/lib/android/sdk/platforms/android-34-ext8/data/res/values-mcc310-mnc160-hy: Cannot utime: Operation not permitted
build	Cache Android SDK	2026-06-06T12:23:00.4688107Z /usr/bin/tar: ../../../../../usr/local/lib/android/sdk/platforms/android-34-ext8/data/res/values-mcc310-mnc160-hy: Cannot change mode to rwxr-xr-x: Operation not permitted
build	Cache Android SDK	2026-06-06T12:23:00.4690526Z /usr/bin/tar: ../../../../../usr/local/lib/android/sdk/platforms/android-34-ext8/data/res/values-mcc310-mnc200-af: Cannot utime: Operation not permitted
build	Cache Android SDK	2026-06-06T12:23:00.4690988Z /usr/bin/tar: ../../../../../usr/local/lib/android/sdk/platforms/android-34-ext8/data/res/values-mcc310-mnc200-af: Cannot change mode to rwxr-xr-x: Operation not permitted
build	Cache Android SDK	2026-06-06T12:23:00.4694117Z /usr/bin/tar: ../../../../../usr/local/lib/android/sdk/platforms/android-34-ext8/data/res/values-mcc313-mnc100-ms: Cannot utime: Operation not permitted
build	Cache Android SDK	2026-06-06T12:23:00.4694692Z /usr/bin/tar: ../../../../../usr/local/lib/android/sdk/platforms/android-34-ext8/data/res/values-mcc313-mnc100-ms: Cannot change mode to rwxr-xr-x: Operation not permitted
build	Cache Android SDK	2026-06-06T12:23:00.4698102Z /usr/bin/tar: ../../../../../usr/local/lib/android/sdk/platforms/android-34-ext8/data/res/values-mcc302-mnc370-pl: Cannot utime: Operation not permitted
build	Cache Android SDK	2026-06-06T12:23:00.4698584Z /usr/bin/tar: ../../../../../usr/local/lib/android/sdk/platforms/android-34-ext8/data/res/values-mcc302-mnc370-pl: Cannot change mode to rwxr-xr-x: Operation not permitted
build	Cache Android SDK	2026-06-06T12:23:00.4701266Z /usr/bin/tar: ../../../../../usr/local/lib/android/sdk/platforms/android-34-ext8/data/res/values-mcc310-mnc150-bn: Cannot utime: Operation not permitted
build	Cache Android SDK	2026-06-06T12:23:00.4701726Z /usr/bin/tar: ../../../../../usr/local/lib/android/sdk/platforms/android-34-ext8/data/res/values-mcc310-mnc150-bn: Cannot change mode to rwxr-xr-x: Operation not permitted
build	Cache Android SDK	2026-06-06T12:23:00.4704542Z /usr/bin/tar: ../../../../../usr/local/lib/android/sdk/platforms/android-34-ext8/data/res/values-mcc312-mnc670-iw: Cannot utime: Operation not permitted
build	Cache Android SDK	2026-06-06T12:23:00.4705006Z /usr/bin/tar: ../../../../../usr/local/lib/android/sdk/platforms/android-34-ext8/data/res/values-mcc312-mnc670-iw: Cannot change mode to rwxr-xr-x: Operation not permitted
build	Cache Android SDK	2026-06-06T12:23:00.4708027Z /usr/bin/tar: ../../../../../usr/local/lib/android/sdk/platforms/android-34-ext8/data/res/values-mcc310-mnc310-sw: Cannot utime: Operation not permitted
build	Cache Android SDK	2026-06-06T12:23:00.4708491Z /usr/bin/tar: ../../../../../usr/local/lib/android/sdk/platforms/android-34-ext8/data/res/values-mcc310-mnc310-sw: Cannot change mode to rwxr-xr-x: Operation not permitted
build	Cache Android SDK	2026-06-06T12:23:00.4711159Z /usr/bin/tar: ../../../../../usr/local/lib/android/sdk/platforms/android-34-ext8/data/res/values-mcc312-mnc670-zu: Cannot utime: Operation not permitted
build	Cache Android SDK	2026-06-06T12:23:00.4711632Z /usr/bin/tar: ../../../../../usr/local/lib/android/sdk/platforms/android-34-ext8/data/res/values-mcc312-mnc670-zu: Cannot change mode to rwxr-xr-x: Operation not permitted
build	Cache Android SDK	2026-06-06T12:23:00.4714810Z /usr/bin/tar: ../../../../../usr/local/lib/android/sdk/platforms/android-34-ext8/data/res/values-mcc310-mnc230-uz: Cannot utime: Operation not permitted
build	Cache Android SDK	2026-06-06T12:23:00.4715823Z /usr/bin/tar: ../../../../../usr/local/lib/android/sdk/platforms/android-34-ext8/data/res/values-mcc310-mnc230-uz: Cannot change mode to rwxr-xr-x: Operation not permitted
build	Cache Android SDK	2026-06-06T12:23:00.4717931Z /usr/bin/tar: ../../../../../usr/local/lib/android/sdk/platforms/android-34-ext8/data/res/values-mcc310-mnc410-b+sr+Latn: Cannot utime: Operation not permitted
build	Cache Android SDK	2026-06-06T12:23:00.4718431Z /usr/bin/tar: ../../../../../usr/local/lib/android/sdk/platforms/android-34-ext8/data/res/values-mcc310-mnc410-b+sr+Latn: Cannot change mode to rwxr-xr-x: Operation not permitted
build	Cache Android SDK	2026-06-06T12:23:00.4720877Z /usr/bin/tar: ../../../../../usr/local/lib/android/sdk/platforms/android-34-ext8/data/res/values-mcc312-mnc670-gu: Cannot utime: Operation not permitted
build	Cache Android SDK	2026-06-06T12:23:00.4721344Z /usr/bin/tar: ../../../../../usr/local/lib/android/sdk/platforms/android-34-ext8/data/res/values-mcc312-mnc670-gu: Cannot change mode to rwxr-xr-x: Operation not permitted
build	Cache Android SDK	2026-06-06T12:23:00.4724349Z /usr/bin/tar: ../../../../../usr/local/lib/android/sdk/platforms/android-34-ext8/data/res/values-mcc310-mnc410-gl: Cannot utime: Operation not permitted
build	Cache Android SDK	2026-06-06T12:23:00.4724953Z /usr/bin/tar: ../../../../../usr/local/lib/android/sdk/platforms/android-34-ext8/data/res/values-mcc310-mnc410-gl: Cannot change mode to rwxr-xr-x: Operation not permitted
build	Cache Android SDK	2026-06-06T12:23:00.4727754Z /usr/bin/tar: ../../../../../usr/local/lib/android/sdk/platforms/android-34-ext8/data/res/values-mk-television: Cannot utime: Operation not permitted
build	Cache Android SDK	2026-06-06T12:23:00.4728221Z /usr/bin/tar: ../../../../../usr/local/lib/android/sdk/platforms/android-34-ext8/data/res/values-mk-television: Cannot change mode to rwxr-xr-x: Operation not permitted
build	Cache Android SDK	2026-06-06T12:23:00.4730887Z /usr/bin/tar: ../../../../../usr/local/lib/android/sdk/platforms/android-34-ext8/data/res/values-mcc310-mnc030-ca: Cannot utime: Operation not permitted
build	Cache Android SDK	2026-06-06T12:23:00.4731334Z /usr/bin/tar: ../../../../../usr/local/lib/android/sdk/platforms/android-34-ext8/data/res/values-mcc310-mnc030-ca: Cannot change mode to rwxr-xr-x: Operation not permitted
build	Cache Android SDK	2026-06-06T12:23:00.4740064Z /usr/bin/tar: ../../../../../usr/local/lib/android/sdk/platforms/android-34-ext8/data/res/values-vi: Cannot utime: Operation not permitted
build	Cache Android SDK	2026-06-06T12:23:00.4740705Z /usr/bin/tar: ../../../../../usr/local/lib/android/sdk/platforms/android-34-ext8/data/res/values-vi: Cannot change mode to rwxr-xr-x: Operation not permitted
build	Cache Android SDK	2026-06-06T12:23:00.4741119Z /usr/bin/tar: ../../../../../usr/local/lib/android/sdk/platforms/android-34-ext8/data/res/values-mcc310-mnc280-cs: Cannot utime: Operation not permitted
build	Cache Android SDK	2026-06-06T12:23:00.4741590Z /usr/bin/tar: ../../../../../usr/local/lib/android/sdk/platforms/android-34-ext8/data/res/values-mcc310-mnc280-cs: Cannot change mode to rwxr-xr-x: Operation not permitted
build	Cache Android SDK	2026-06-06T12:23:00.4743564Z /usr/bin/tar: ../../../../../usr/local/lib/android/sdk/platforms/android-34-ext8/data/res/values-mcc310-mnc310-da: Cannot utime: Operation not permitted
build	Cache Android SDK	2026-06-06T12:23:00.4744015Z /usr/bin/tar: ../../../../../usr/local/lib/android/sdk/platforms/android-34-ext8/data/res/values-mcc310-mnc310-da: Cannot change mode to rwxr-xr-x: Operation not permitted
build	Cache Android SDK	2026-06-06T12:23:00.4746770Z /usr/bin/tar: ../../../../../usr/local/lib/android/sdk/platforms/android-34-ext8/data/res/values-mcc450-mnc08: Cannot utime: Operation not permitted
build	Cache Android SDK	2026-06-06T12:23:00.4747227Z /usr/bin/tar: ../../../../../usr/local/lib/android/sdk/platforms/android-34-ext8/data/res/values-mcc450-mnc08: Cannot change mode to rwxr-xr-x: Operation not permitted
build	Cache Android SDK	2026-06-06T12:23:00.4749832Z /usr/bin/tar: ../../../../../usr/local/lib/android/sdk/platforms/android-34-ext8/data/res/values-mcc302-mnc370-es: Cannot utime: Operation not permitted
build	Cache Android SDK	2026-06-06T12:23:00.4750369Z /usr/bin/tar: ../../../../../usr/local/lib/android/sdk/platforms/android-34-ext8/data/res/values-mcc302-mnc370-es: Cannot change mode to rwxr-xr-x: Operation not permitted
build	Cache Android SDK	2026-06-06T12:23:00.4753782Z /usr/bin/tar: ../../../../../usr/local/lib/android/sdk/platforms/android-34-ext8/data/res/values-mcc310-mnc490-nb: Cannot utime: Operation not permitted
build	Cache Android SDK	2026-06-06T12:23:00.4754295Z /usr/bin/tar: ../../../../../usr/local/lib/android/sdk/platforms/android-34-ext8/data/res/values-mcc310-mnc490-nb: Cannot change mode to rwxr-xr-x: Operation not permitted
build	Cache Android SDK	2026-06-06T12:23:00.4756954Z /usr/bin/tar: ../../../../../usr/local/lib/android/sdk/platforms/android-34-ext8/data/res/values-mcc310-mnc170-hy: Cannot utime: Operation not permitted
build	Cache Android SDK	2026-06-06T12:23:00.4757518Z /usr/bin/tar: ../../../../../usr/local/lib/android/sdk/platforms/android-34-ext8/data/res/values-mcc310-mnc170-hy: Cannot change mode to rwxr-xr-x: Operation not permitted
build	Cache Android SDK	2026-06-06T12:23:00.4760110Z /usr/bin/tar: ../../../../../usr/local/lib/android/sdk/platforms/android-34-ext8/data/res/values-mcc310-mnc230-km: Cannot utime: Operation not permitted
build	Cache Android SDK	2026-06-06T12:23:00.4760574Z /usr/bin/tar: ../../../../../usr/local/lib/android/sdk/platforms/android-34-ext8/data/res/values-mcc310-mnc230-km: Cannot change mode to rwxr-xr-x: Operation not permitted
build	Cache Android SDK	2026-06-06T12:23:00.4763887Z /usr/bin/tar: ../../../../../usr/local/lib/android/sdk/platforms/android-34-ext8/data/res/values-mcc310-mnc490-km: Cannot utime: Operation not permitted
build	Cache Android SDK	2026-06-06T12:23:00.4764343Z /usr/bin/tar: ../../../../../usr/local/lib/android/sdk/platforms/android-34-ext8/data/res/values-mcc310-mnc490-km: Cannot change mode to rwxr-xr-x: Operation not permitted
build	Cache Android SDK	2026-06-06T12:23:00.4769041Z /usr/bin/tar: ../../../../../usr/local/lib/android/sdk/platforms/android-34-ext8/data/res/values-mcc310-mnc280-sl: Cannot utime: Operation not permitted
build	Cache Android SDK	2026-06-06T12:23:00.4769501Z /usr/bin/tar: ../../../../../usr/local/lib/android/sdk/platforms/android-34-ext8/data/res/values-mcc310-mnc280-sl: Cannot change mode to rwxr-xr-x: Operation not permitted
build	Cache Android SDK	2026-06-06T12:23:00.4772555Z /usr/bin/tar: ../../../../../usr/local/lib/android/sdk/platforms/android-34-ext8/data/res/values-en-rGB-watch: Cannot utime: Operation not permitted
build	Cache Android SDK	2026-06-06T12:23:00.4773118Z /usr/bin/tar: ../../../../../usr/local/lib/android/sdk/platforms/android-34-ext8/data/res/values-en-rGB-watch: Cannot change mode to rwxr-xr-x: Operation not permitted
build	Cache Android SDK	2026-06-06T12:23:00.4775992Z /usr/bin/tar: ../../../../../usr/local/lib/android/sdk/platforms/android-34-ext8/data/res/values-mcc302-mnc720-ky: Cannot utime: Operation not permitted
build	Cache Android SDK	2026-06-06T12:23:00.4776445Z /usr/bin/tar: ../../../../../usr/local/lib/android/sdk/platforms/android-34-ext8/data/res/values-mcc302-mnc720-ky: Cannot change mode to rwxr-xr-x: Operation not permitted
build	Cache Android SDK	2026-06-06T12:23:00.4779229Z /usr/bin/tar: ../../../../../usr/local/lib/android/sdk/platforms/android-34-ext8/data/res/values-sv-watch: Cannot utime: Operation not permitted
build	Cache Android SDK	2026-06-06T12:23:00.4779689Z /usr/bin/tar: ../../../../../usr/local/lib/android/sdk/platforms/android-34-ext8/data/res/values-sv-watch: Cannot change mode to rwxr-xr-x: Operation not permitted
build	Cache Android SDK	2026-06-06T12:23:00.4782670Z /usr/bin/tar: ../../../../../usr/local/lib/android/sdk/platforms/android-34-ext8/data/res/values-mcc204-mnc04: Cannot utime: Operation not permitted
build	Cache Android SDK	2026-06-06T12:23:00.4783222Z /usr/bin/tar: ../../../../../usr/local/lib/android/sdk/platforms/android-34-ext8/data/res/values-mcc204-mnc04: Cannot change mode to rwxr-xr-x: Operation not permitted
build	Cache Android SDK	2026-06-06T12:23:00.4786504Z /usr/bin/tar: ../../../../../usr/local/lib/android/sdk/platforms/android-34-ext8/data/res/values-mcc310-mnc410-fi: Cannot utime: Operation not permitted
build	Cache Android SDK	2026-06-06T12:23:00.4787101Z /usr/bin/tar: ../../../../../usr/local/lib/android/sdk/platforms/android-34-ext8/data/res/values-mcc310-mnc410-fi: Cannot change mode to rwxr-xr-x: Operation not permitted
build	Cache Android SDK	2026-06-06T12:23:00.4789759Z /usr/bin/tar: ../../../../../usr/local/lib/android/sdk/platforms/android-34-ext8/data/res/values-mcc310-mnc800-be: Cannot utime: Operation not permitted
build	Cache Android SDK	2026-06-06T12:23:00.4790324Z /usr/bin/tar: ../../../../../usr/local/lib/android/sdk/platforms/android-34-ext8/data/res/values-mcc310-mnc800-be: Cannot change mode to rwxr-xr-x: Operation not permitted
build	Cache Android SDK	2026-06-06T12:23:00.4793202Z /usr/bin/tar: ../../../../../usr/local/lib/android/sdk/platforms/android-34-ext8/data/res/raw-iw: Cannot utime: Operation not permitted
build	Cache Android SDK	2026-06-06T12:23:00.4793703Z /usr/bin/tar: ../../../../../usr/local/lib/android/sdk/platforms/android-34-ext8/data/res/raw-iw: Cannot change mode to rwxr-xr-x: Operation not permitted
build	Cache Android SDK	2026-06-06T12:23:00.4797264Z /usr/bin/tar: ../../../../../usr/local/lib/android/sdk/platforms/android-34-ext8/data/res/values-mcc312-mnc670-mn: Cannot utime: Operation not permitted
build	Cache Android SDK	2026-06-06T12:23:00.4797919Z /usr/bin/tar: ../../../../../usr/local/lib/android/sdk/platforms/android-34-ext8/data/res/values-mcc312-mnc670-mn: Cannot change mode to rwxr-xr-x: Operation not permitted
build	Cache Android SDK	2026-06-06T12:23:00.4801588Z /usr/bin/tar: ../../../../../usr/local/lib/android/sdk/platforms/android-34-ext8/data/res/values-mcc310-mnc240-gl: Cannot utime: Operation not permitted
build	Cache Android SDK	2026-06-06T12:23:00.4802139Z /usr/bin/tar: ../../../../../usr/local/lib/android/sdk/platforms/android-34-ext8/data/res/values-mcc310-mnc240-gl: Cannot change mode to rwxr-xr-x: Operation not permitted
build	Cache Android SDK	2026-06-06T12:23:00.4807605Z /usr/bin/tar: ../../../../../usr/local/lib/android/sdk/platforms/android-34-ext8/data/res/values-mcc310-mnc270-gl: Cannot utime: Operation not permitted
build	Cache Android SDK	2026-06-06T12:23:00.4808076Z /usr/bin/tar: ../../../../../usr/local/lib/android/sdk/platforms/android-34-ext8/data/res/values-mcc310-mnc270-gl: Cannot change mode to rwxr-xr-x: Operation not permitted
build	Cache Android SDK	2026-06-06T12:23:00.4811152Z /usr/bin/tar: ../../../../../usr/local/lib/android/sdk/platforms/android-34-ext8/data/res/values-mcc310-mnc380-ru: Cannot utime: Operation not permitted
build	Cache Android SDK	2026-06-06T12:23:00.4811639Z /usr/bin/tar: ../../../../../usr/local/lib/android/sdk/platforms/android-34-ext8/data/res/values-mcc310-mnc380-ru: Cannot change mode to rwxr-xr-x: Operation not permitted
build	Cache Android SDK	2026-06-06T12:23:00.4816938Z /usr/bin/tar: ../../../../../usr/local/lib/android/sdk/platforms/android-34-ext8/data/res/values-mcc001-mnc01-fr-rCA: Cannot utime: Operation not permitted
build	Cache Android SDK	2026-06-06T12:23:00.4817526Z /usr/bin/tar: ../../../../../usr/local/lib/android/sdk/platforms/android-34-ext8/data/res/values-mcc001-mnc01-fr-rCA: Cannot change mode to rwxr-xr-x: Operation not permitted
build	Cache Android SDK	2026-06-06T12:23:00.4820682Z /usr/bin/tar: ../../../../../usr/local/lib/android/sdk/platforms/android-34-ext8/data/res/values-zu-television: Cannot utime: Operation not permitted
build	Cache Android SDK	2026-06-06T12:23:00.4821149Z /usr/bin/tar: ../../../../../usr/local/lib/android/sdk/platforms/android-34-ext8/data/res/values-zu-television: Cannot change mode to rwxr-xr-x: Operation not permitted
build	Cache Android SDK	2026-06-06T12:23:00.4824030Z /usr/bin/tar: ../../../../../usr/local/lib/android/sdk/platforms/android-34-ext8/data/res/values-mcc310-mnc240-pl: Cannot utime: Operation not permitted
build	Cache Android SDK	2026-06-06T12:23:00.4824495Z /usr/bin/tar: ../../../../../usr/local/lib/android/sdk/platforms/android-34-ext8/data/res/values-mcc310-mnc240-pl: Cannot change mode to rwxr-xr-x: Operation not permitted
build	Cache Android SDK	2026-06-06T12:23:00.4827539Z /usr/bin/tar: ../../../../../usr/local/lib/android/sdk/platforms/android-34-ext8/data/res/values-mcc334-mnc020-lo: Cannot utime: Operation not permitted
build	Cache Android SDK	2026-06-06T12:23:00.4828125Z /usr/bin/tar: ../../../../../usr/local/lib/android/sdk/platforms/android-34-ext8/data/res/values-mcc334-mnc020-lo: Cannot change mode to rwxr-xr-x: Operation not permitted
build	Cache Android SDK	2026-06-06T12:23:00.4830998Z /usr/bin/tar: ../../../../../usr/local/lib/android/sdk/platforms/android-34-ext8/data/res/values-mcc310-mnc240-nb: Cannot utime: Operation not permitted
build	Cache Android SDK	2026-06-06T12:23:00.4831462Z /usr/bin/tar: ../../../../../usr/local/lib/android/sdk/platforms/android-34-ext8/data/res/values-mcc310-mnc240-nb: Cannot change mode to rwxr-xr-x: Operation not permitted
build	Cache Android SDK	2026-06-06T12:23:00.4835346Z /usr/bin/tar: ../../../../../usr/local/lib/android/sdk/platforms/android-34-ext8/data/res/values-mcc310-mnc240-fa: Cannot utime: Operation not permitted
build	Cache Android SDK	2026-06-06T12:23:00.4835816Z /usr/bin/tar: ../../../../../usr/local/lib/android/sdk/platforms/android-34-ext8/data/res/values-mcc310-mnc240-fa: Cannot change mode to rwxr-xr-x: Operation not permitted
build	Cache Android SDK	2026-06-06T12:23:00.4838781Z /usr/bin/tar: ../../../../../usr/local/lib/android/sdk/platforms/android-34-ext8/data/res/values-pl-rPL: Cannot utime: Operation not permitted
build	Cache Android SDK	2026-06-06T12:23:00.4839392Z /usr/bin/tar: ../../../../../usr/local/lib/android/sdk/platforms/android-34-ext8/data/res/values-pl-rPL: Cannot change mode to rwxr-xr-x: Operation not permitted
build	Cache Android SDK	2026-06-06T12:23:00.4842685Z /usr/bin/tar: ../../../../../usr/local/lib/android/sdk/platforms/android-34-ext8/data/res/values-mcc310-mnc660-mr: Cannot utime: Operation not permitted
build	Cache Android SDK	2026-06-06T12:23:00.4843278Z /usr/bin/tar: ../../../../../usr/local/lib/android/sdk/platforms/android-34-ext8/data/res/values-mcc310-mnc660-mr: Cannot change mode to rwxr-xr-x: Operation not permitted
build	Cache Android SDK	2026-06-06T12:23:00.4846486Z /usr/bin/tar: ../../../../../usr/local/lib/android/sdk/platforms/android-34-ext8/data/res/values-mcc310-mnc270-bn: Cannot utime: Operation not permitted
build	Cache Android SDK	2026-06-06T12:23:00.4846949Z /usr/bin/tar: ../../../../../usr/local/lib/android/sdk/platforms/android-34-ext8/data/res/values-mcc310-mnc270-bn: Cannot change mode to rwxr-xr-x: Operation not permitted
build	Cache Android SDK	2026-06-06T12:23:00.4849772Z /usr/bin/tar: ../../../../../usr/local/lib/android/sdk/platforms/android-34-ext8/data/res/values-mcc310-mnc660-mk: Cannot utime: Operation not permitted
build	Cache Android SDK	2026-06-06T12:23:00.4850235Z /usr/bin/tar: ../../../../../usr/local/lib/android/sdk/platforms/android-34-ext8/data/res/values-mcc310-mnc660-mk: Cannot change mode to rwxr-xr-x: Operation not permitted
build	Cache Android SDK	2026-06-06T12:23:00.4854052Z /usr/bin/tar: ../../../../../usr/local/lib/android/sdk/platforms/android-34-ext8/data/res/values-mcc310-mnc160-et: Cannot utime: Operation not permitted
build	Cache Android SDK	2026-06-06T12:23:00.4854563Z /usr/bin/tar: ../../../../../usr/local/lib/android/sdk/platforms/android-34-ext8/data/res/values-mcc310-mnc160-et: Cannot change mode to rwxr-xr-x: Operation not permitted
build	Cache Android SDK	2026-06-06T12:23:00.4857131Z /usr/bin/tar: ../../../../../usr/local/lib/android/sdk/platforms/android-34-ext8/data/res/values-fa-television: Cannot utime: Operation not permitted
build	Cache Android SDK	2026-06-06T12:23:00.4857723Z /usr/bin/tar: ../../../../../usr/local/lib/android/sdk/platforms/android-34-ext8/data/res/values-fa-television: Cannot change mode to rwxr-xr-x: Operation not permitted
build	Cache Android SDK	2026-06-06T12:23:00.4860213Z /usr/bin/tar: ../../../../../usr/local/lib/android/sdk/platforms/android-34-ext8/data/res/values-mcc310-mnc560-hi: Cannot utime: Operation not permitted
build	Cache Android SDK	2026-06-06T12:23:00.4860678Z /usr/bin/tar: ../../../../../usr/local/lib/android/sdk/platforms/android-34-ext8/data/res/values-mcc310-mnc560-hi: Cannot change mode to rwxr-xr-x: Operation not permitted
build	Cache Android SDK	2026-06-06T12:23:00.4863512Z /usr/bin/tar: ../../../../../usr/local/lib/android/sdk/platforms/android-34-ext8/data/res/raw-en-rGB: Cannot utime: Operation not permitted
build	Cache Android SDK	2026-06-06T12:23:00.4863928Z /usr/bin/tar: ../../../../../usr/local/lib/android/sdk/platforms/android-34-ext8/data/res/raw-en-rGB: Cannot change mode to rwxr-xr-x: Operation not permitted
build	Cache Android SDK	2026-06-06T12:23:00.4866600Z /usr/bin/tar: ../../../../../usr/local/lib/android/sdk/platforms/android-34-ext8/data/res/values-eu-watch: Cannot utime: Operation not permitted
build	Cache Android SDK	2026-06-06T12:23:00.4867173Z /usr/bin/tar: ../../../../../usr/local/lib/android/sdk/platforms/android-34-ext8/data/res/values-eu-watch: Cannot change mode to rwxr-xr-x: Operation not permitted
build	Cache Android SDK	2026-06-06T12:23:00.4871249Z /usr/bin/tar: ../../../../../usr/local/lib/android/sdk/platforms/android-34-ext8/data/res/values-mcc310-mnc660-ko: Cannot utime: Operation not permitted
build	Cache Android SDK	2026-06-06T12:23:00.4871722Z /usr/bin/tar: ../../../../../usr/local/lib/android/sdk/platforms/android-34-ext8/data/res/values-mcc310-mnc660-ko: Cannot change mode to rwxr-xr-x: Operation not permitted
build	Cache Android SDK	2026-06-06T12:23:00.4874266Z /usr/bin/tar: ../../../../../usr/local/lib/android/sdk/platforms/android-34-ext8/data/res/values-mcc311-mnc180-mn: Cannot utime: Operation not permitted
build	Cache Android SDK	2026-06-06T12:23:00.4874728Z /usr/bin/tar: ../../../../../usr/local/lib/android/sdk/platforms/android-34-ext8/data/res/values-mcc311-mnc180-mn: Cannot change mode to rwxr-xr-x: Operation not permitted
build	Cache Android SDK	2026-06-06T12:23:00.4877986Z /usr/bin/tar: ../../../../../usr/local/lib/android/sdk/platforms/android-34-ext8/data/res/values-mcc310-mnc240-ml: Cannot utime: Operation not permitted
build	Cache Android SDK	2026-06-06T12:23:00.4878448Z /usr/bin/tar: ../../../../../usr/local/lib/android/sdk/platforms/android-34-ext8/data/res/values-mcc310-mnc240-ml: Cannot change mode to rwxr-xr-x: Operation not permitted
build	Cache Android SDK	2026-06-06T12:23:00.4881068Z /usr/bin/tar: ../../../../../usr/local/lib/android/sdk/platforms/android-34-ext8/data/res/values-mcc310-mnc490-kk: Cannot utime: Operation not permitted
build	Cache Android SDK	2026-06-06T12:23:00.4881633Z /usr/bin/tar: ../../../../../usr/local/lib/android/sdk/platforms/android-34-ext8/data/res/values-mcc310-mnc490-kk: Cannot change mode to rwxr-xr-x: Operation not permitted
build	Cache Android SDK	2026-06-06T12:23:00.4884168Z /usr/bin/tar: ../../../../../usr/local/lib/android/sdk/platforms/android-34-ext8/data/res/values-mcc310-mnc240-bg: Cannot utime: Operation not permitted
build	Cache Android SDK	2026-06-06T12:23:00.4884627Z /usr/bin/tar: ../../../../../usr/local/lib/android/sdk/platforms/android-34-ext8/data/res/values-mcc310-mnc240-bg: Cannot change mode to rwxr-xr-x: Operation not permitted
build	Cache Android SDK	2026-06-06T12:23:00.4887315Z /usr/bin/tar: ../../../../../usr/local/lib/android/sdk/platforms/android-34-ext8/data/res/values-mcc310-mnc240-zu: Cannot utime: Operation not permitted
build	Cache Android SDK	2026-06-06T12:23:00.4887875Z /usr/bin/tar: ../../../../../usr/local/lib/android/sdk/platforms/android-34-ext8/data/res/values-mcc310-mnc240-zu: Cannot change mode to rwxr-xr-x: Operation not permitted
build	Cache Android SDK	2026-06-06T12:23:00.4890627Z /usr/bin/tar: ../../../../../usr/local/lib/android/sdk/platforms/android-34-ext8/data/res/values-mcc310-mnc410-tl: Cannot utime: Operation not permitted
build	Cache Android SDK	2026-06-06T12:23:00.4891104Z /usr/bin/tar: ../../../../../usr/local/lib/android/sdk/platforms/android-34-ext8/data/res/values-mcc310-mnc410-tl: Cannot change mode to rwxr-xr-x: Operation not permitted
build	Cache Android SDK	2026-06-06T12:23:00.4893952Z /usr/bin/tar: ../../../../../usr/local/lib/android/sdk/platforms/android-34-ext8/data/res/values-mcc310-mnc220-ky: Cannot utime: Operation not permitted
build	Cache Android SDK	2026-06-06T12:23:00.4894425Z /usr/bin/tar: ../../../../../usr/local/lib/android/sdk/platforms/android-34-ext8/data/res/values-mcc310-mnc220-ky: Cannot change mode to rwxr-xr-x: Operation not permitted
build	Cache Android SDK	2026-06-06T12:23:00.4897469Z /usr/bin/tar: ../../../../../usr/local/lib/android/sdk/platforms/android-34-ext8/data/res/values-mcc310-mnc560-or: Cannot utime: Operation not permitted
build	Cache Android SDK	2026-06-06T12:23:00.4897947Z /usr/bin/tar: ../../../../../usr/local/lib/android/sdk/platforms/android-34-ext8/data/res/values-mcc310-mnc560-or: Cannot change mode to rwxr-xr-x: Operation not permitted
build	Cache Android SDK	2026-06-06T12:23:00.4900743Z /usr/bin/tar: ../../../../../usr/local/lib/android/sdk/platforms/android-34-ext8/data/res/values-mcc302-mnc720-da: Cannot utime: Operation not permitted
build	Cache Android SDK	2026-06-06T12:23:00.4901215Z /usr/bin/tar: ../../../../../usr/local/lib/android/sdk/platforms/android-34-ext8/data/res/values-mcc302-mnc720-da: Cannot change mode to rwxr-xr-x: Operation not permitted
build	Cache Android SDK	2026-06-06T12:23:00.4903848Z /usr/bin/tar: ../../../../../usr/local/lib/android/sdk/platforms/android-34-ext8/data/res/values-mcc302-mnc720-pa: Cannot utime: Operation not permitted
build	Cache Android SDK	2026-06-06T12:23:00.4904303Z /usr/bin/tar: ../../../../../usr/local/lib/android/sdk/platforms/android-34-ext8/data/res/values-mcc302-mnc720-pa: Cannot change mode to rwxr-xr-x: Operation not permitted
build	Cache Android SDK	2026-06-06T12:23:00.4906789Z /usr/bin/tar: ../../../../../usr/local/lib/android/sdk/platforms/android-34-ext8/data/res/values-mcc334-mnc020-in: Cannot utime: Operation not permitted
build	Cache Android SDK	2026-06-06T12:23:00.4907332Z /usr/bin/tar: ../../../../../usr/local/lib/android/sdk/platforms/android-34-ext8/data/res/values-mcc334-mnc020-in: Cannot change mode to rwxr-xr-x: Operation not permitted
build	Cache Android SDK	2026-06-06T12:23:00.4911109Z /usr/bin/tar: ../../../../../usr/local/lib/android/sdk/platforms/android-34-ext8/data/res/values-mcc310-mnc490-fr-rCA: Cannot utime: Operation not permitted
build	Cache Android SDK	2026-06-06T12:23:00.4911599Z /usr/bin/tar: ../../../../../usr/local/lib/android/sdk/platforms/android-34-ext8/data/res/values-mcc310-mnc490-fr-rCA: Cannot change mode to rwxr-xr-x: Operation not permitted
build	Cache Android SDK	2026-06-06T12:23:00.4914348Z /usr/bin/tar: ../../../../../usr/local/lib/android/sdk/platforms/android-34-ext8/data/res/values-mcc312-mnc670-en-rAU: Cannot utime: Operation not permitted
build	Cache Android SDK	2026-06-06T12:23:00.4914910Z /usr/bin/tar: ../../../../../usr/local/lib/android/sdk/platforms/android-34-ext8/data/res/values-mcc312-mnc670-en-rAU: Cannot change mode to rwxr-xr-x: Operation not permitted
build	Cache Android SDK	2026-06-06T12:23:00.4917666Z /usr/bin/tar: ../../../../../usr/local/lib/android/sdk/platforms/android-34-ext8/data/res/values-mcc302-mnc370-et: Cannot utime: Operation not permitted
build	Cache Android SDK	2026-06-06T12:23:00.4918140Z /usr/bin/tar: ../../../../../usr/local/lib/android/sdk/platforms/android-34-ext8/data/res/values-mcc302-mnc370-et: Cannot change mode to rwxr-xr-x: Operation not permitted
build	Cache Android SDK	2026-06-06T12:23:00.4921172Z /usr/bin/tar: ../../../../../usr/local/lib/android/sdk/platforms/android-34-ext8/data/res/values-mcc313-mnc100-fr-rCA: Cannot utime: Operation not permitted
build	Cache Android SDK	2026-06-06T12:23:00.4921667Z /usr/bin/tar: ../../../../../usr/local/lib/android/sdk/platforms/android-34-ext8/data/res/values-mcc313-mnc100-fr-rCA: Cannot change mode to rwxr-xr-x: Operation not permitted
build	Cache Android SDK	2026-06-06T12:23:00.4924493Z /usr/bin/tar: ../../../../../usr/local/lib/android/sdk/platforms/android-34-ext8/data/res/values-mcc310-mnc150-en-rAU: Cannot utime: Operation not permitted
build	Cache Android SDK	2026-06-06T12:23:00.4925128Z /usr/bin/tar: ../../../../../usr/local/lib/android/sdk/platforms/android-34-ext8/data/res/values-mcc310-mnc150-en-rAU: Cannot change mode to rwxr-xr-x: Operation not permitted
build	Cache Android SDK	2026-06-06T12:23:00.4934920Z /usr/bin/tar: ../../../../../usr/local/lib/android/sdk/platforms/android-34-ext8/data/res/xml: Cannot utime: Operation not permitted
build	Cache Android SDK	2026-06-06T12:23:00.4935353Z /usr/bin/tar: ../../../../../usr/local/lib/android/sdk/platforms/android-34-ext8/data/res/xml: Cannot change mode to rwxr-xr-x: Operation not permitted
build	Cache Android SDK	2026-06-06T12:23:00.4938426Z /usr/bin/tar: ../../../../../usr/local/lib/android/sdk/platforms/android-34-ext8/data/res/values-mcc310-mnc800-sr: Cannot utime: Operation not permitted
build	Cache Android SDK	2026-06-06T12:23:00.4939395Z /usr/bin/tar: ../../../../../usr/local/lib/android/sdk/platforms/android-34-ext8/data/res/values-mcc310-mnc800-sr: Cannot change mode to rwxr-xr-x: Operation not permitted
build	Cache Android SDK	2026-06-06T12:23:00.4942700Z /usr/bin/tar: ../../../../../usr/local/lib/android/sdk/platforms/android-34-ext8/data/res/values-mcc310-mnc380-zh-rCN: Cannot utime: Operation not permitted
build	Cache Android SDK	2026-06-06T12:23:00.4943450Z /usr/bin/tar: ../../../../../usr/local/lib/android/sdk/platforms/android-34-ext8/data/res/values-mcc310-mnc380-zh-rCN: Cannot change mode to rwxr-xr-x: Operation not permitted
build	Cache Android SDK	2026-06-06T12:23:00.4945301Z /usr/bin/tar: ../../../../../usr/local/lib/android/sdk/platforms/android-34-ext8/data/res/values-mcc310-mnc950-ms: Cannot utime: Operation not permitted
build	Cache Android SDK	2026-06-06T12:23:00.4945882Z /usr/bin/tar: ../../../../../usr/local/lib/android/sdk/platforms/android-34-ext8/data/res/values-mcc310-mnc950-ms: Cannot change mode to rwxr-xr-x: Operation not permitted
build	Cache Android SDK	2026-06-06T12:23:00.4948866Z /usr/bin/tar: ../../../../../usr/local/lib/android/sdk/platforms/android-34-ext8/data/res/values-mcc310-mnc170-ms: Cannot utime: Operation not permitted
build	Cache Android SDK	2026-06-06T12:23:00.4949350Z /usr/bin/tar: ../../../../../usr/local/lib/android/sdk/platforms/android-34-ext8/data/res/values-mcc310-mnc170-ms: Cannot change mode to rwxr-xr-x: Operation not permitted
build	Cache Android SDK	2026-06-06T12:23:00.4952200Z /usr/bin/tar: ../../../../../usr/local/lib/android/sdk/platforms/android-34-ext8/data/res/values-mcc310-mnc230-sq: Cannot utime: Operation not permitted
build	Cache Android SDK	2026-06-06T12:23:00.4952770Z /usr/bin/tar: ../../../../../usr/local/lib/android/sdk/platforms/android-34-ext8/data/res/values-mcc310-mnc230-sq: Cannot change mode to rwxr-xr-x: Operation not permitted
build	Cache Android SDK	2026-06-06T12:23:00.4955844Z /usr/bin/tar: ../../../../../usr/local/lib/android/sdk/platforms/android-34-ext8/data/res/values-mcc334-mnc020-b+sr+Latn: Cannot utime: Operation not permitted
build	Cache Android SDK	2026-06-06T12:23:00.4956427Z /usr/bin/tar: ../../../../../usr/local/lib/android/sdk/platforms/android-34-ext8/data/res/values-mcc334-mnc020-b+sr+Latn: Cannot change mode to rwxr-xr-x: Operation not permitted
build	Cache Android SDK	2026-06-06T12:23:00.4959117Z /usr/bin/tar: ../../../../../usr/local/lib/android/sdk/platforms/android-34-ext8/data/res/values-mcc310-mnc800-pt: Cannot utime: Operation not permitted
build	Cache Android SDK	2026-06-06T12:23:00.4959591Z /usr/bin/tar: ../../../../../usr/local/lib/android/sdk/platforms/android-34-ext8/data/res/values-mcc310-mnc800-pt: Cannot change mode to rwxr-xr-x: Operation not permitted
build	Cache Android SDK	2026-06-06T12:23:00.4962298Z /usr/bin/tar: ../../../../../usr/local/lib/android/sdk/platforms/android-34-ext8/data/res/values-mcc310-mnc250-iw: Cannot utime: Operation not permitted
build	Cache Android SDK	2026-06-06T12:23:00.4962779Z /usr/bin/tar: ../../../../../usr/local/lib/android/sdk/platforms/android-34-ext8/data/res/values-mcc310-mnc250-iw: Cannot change mode to rwxr-xr-x: Operation not permitted
build	Cache Android SDK	2026-06-06T12:23:00.4965743Z /usr/bin/tar: ../../../../../usr/local/lib/android/sdk/platforms/android-34-ext8/data/res/mipmap-hdpi: Cannot utime: Operation not permitted
build	Cache Android SDK	2026-06-06T12:23:00.4966188Z /usr/bin/tar: ../../../../../usr/local/lib/android/sdk/platforms/android-34-ext8/data/res/mipmap-hdpi: Cannot change mode to rwxr-xr-x: Operation not permitted
build	Cache Android SDK	2026-06-06T12:23:00.4968897Z /usr/bin/tar: ../../../../../usr/local/lib/android/sdk/platforms/android-34-ext8/data/res/values-mcc310-mnc950-af: Cannot utime: Operation not permitted
build	Cache Android SDK	2026-06-06T12:23:00.4969368Z /usr/bin/tar: ../../../../../usr/local/lib/android/sdk/platforms/android-34-ext8/data/res/values-mcc310-mnc950-af: Cannot change mode to rwxr-xr-x: Operation not permitted
build	Cache Android SDK	2026-06-06T12:23:00.4972818Z /usr/bin/tar: ../../../../../usr/local/lib/android/sdk/platforms/android-34-ext8/data/res/values-mcc310-mnc210-kk: Cannot utime: Operation not permitted
build	Cache Android SDK	2026-06-06T12:23:00.4973286Z /usr/bin/tar: ../../../../../usr/local/lib/android/sdk/platforms/android-34-ext8/data/res/values-mcc310-mnc210-kk: Cannot change mode to rwxr-xr-x: Operation not permitted
build	Cache Android SDK	2026-06-06T12:23:00.4976400Z /usr/bin/tar: ../../../../../usr/local/lib/android/sdk/platforms/android-34-ext8/data/res/values-mcc302-mnc720-ne: Cannot utime: Operation not permitted
build	Cache Android SDK	2026-06-06T12:23:00.4976867Z /usr/bin/tar: ../../../../../usr/local/lib/android/sdk/platforms/android-34-ext8/data/res/values-mcc302-mnc720-ne: Cannot change mode to rwxr-xr-x: Operation not permitted
build	Cache Android SDK	2026-06-06T12:23:00.4983695Z /usr/bin/tar: ../../../../../usr/local/lib/android/sdk/platforms/android-34-ext8/data/res/values-mcc334-mnc020-th: Cannot utime: Operation not permitted
build	Cache Android SDK	2026-06-06T12:23:00.4984169Z /usr/bin/tar: ../../../../../usr/local/lib/android/sdk/platforms/android-34-ext8/data/res/values-mcc334-mnc020-th: Cannot change mode to rwxr-xr-x: Operation not permitted
build	Cache Android SDK	2026-06-06T12:23:00.4987051Z /usr/bin/tar: ../../../../../usr/local/lib/android/sdk/platforms/android-34-ext8/data/res/values-mcc310-mnc280-is: Cannot utime: Operation not permitted
build	Cache Android SDK	2026-06-06T12:23:00.4987811Z /usr/bin/tar: ../../../../../usr/local/lib/android/sdk/platforms/android-34-ext8/data/res/values-mcc310-mnc280-is: Cannot change mode to rwxr-xr-x: Operation not permitted
build	Cache Android SDK	2026-06-06T12:23:00.4989665Z /usr/bin/tar: ../../../../../usr/local/lib/android/sdk/platforms/android-34-ext8/data/res/values-mcc313-mnc100-be: Cannot utime: Operation not permitted
build	Cache Android SDK	2026-06-06T12:23:00.4990128Z /usr/bin/tar: ../../../../../usr/local/lib/android/sdk/platforms/android-34-ext8/data/res/values-mcc313-mnc100-be: Cannot change mode to rwxr-xr-x: Operation not permitted
build	Cache Android SDK	2026-06-06T12:23:00.4996499Z /usr/bin/tar: ../../../../../usr/local/lib/android/sdk/platforms/android-34-ext8/data/res/values-es-rUS: Cannot utime: Operation not permitted
build	Cache Android SDK	2026-06-06T12:23:00.4996944Z /usr/bin/tar: ../../../../../usr/local/lib/android/sdk/platforms/android-34-ext8/data/res/values-es-rUS: Cannot change mode to rwxr-xr-x: Operation not permitted
build	Cache Android SDK	2026-06-06T12:23:00.4999346Z /usr/bin/tar: ../../../../../usr/local/lib/android/sdk/platforms/android-34-ext8/data/res/values-mcc311-mnc180-te: Cannot utime: Operation not permitted
build	Cache Android SDK	2026-06-06T12:23:00.4999811Z /usr/bin/tar: ../../../../../usr/local/lib/android/sdk/platforms/android-34-ext8/data/res/values-mcc311-mnc180-te: Cannot change mode to rwxr-xr-x: Operation not permitted
build	Cache Android SDK	2026-06-06T12:23:00.5002703Z /usr/bin/tar: ../../../../../usr/local/lib/android/sdk/platforms/android-34-ext8/data/res/values-mcc310-mnc030-ko: Cannot utime: Operation not permitted
build	Cache Android SDK	2026-06-06T12:23:00.5003273Z /usr/bin/tar: ../../../../../usr/local/lib/android/sdk/platforms/android-34-ext8/data/res/values-mcc310-mnc030-ko: Cannot change mode to rwxr-xr-x: Operation not permitted
build	Cache Android SDK	2026-06-06T12:23:00.5005876Z /usr/bin/tar: ../../../../../usr/local/lib/android/sdk/platforms/android-34-ext8/data/res/values-da-television: Cannot utime: Operation not permitted
build	Cache Android SDK	2026-06-06T12:23:00.5006354Z /usr/bin/tar: ../../../../../usr/local/lib/android/sdk/platforms/android-34-ext8/data/res/values-da-television: Cannot change mode to rwxr-xr-x: Operation not permitted
build	Cache Android SDK	2026-06-06T12:23:00.5009237Z /usr/bin/tar: ../../../../../usr/local/lib/android/sdk/platforms/android-34-ext8/data/res/values-mcc310-mnc240-be: Cannot utime: Operation not permitted
build	Cache Android SDK	2026-06-06T12:23:00.5009698Z /usr/bin/tar: ../../../../../usr/local/lib/android/sdk/platforms/android-34-ext8/data/res/values-mcc310-mnc240-be: Cannot change mode to rwxr-xr-x: Operation not permitted
build	Cache Android SDK	2026-06-06T12:23:00.5012615Z /usr/bin/tar: ../../../../../usr/local/lib/android/sdk/platforms/android-34-ext8/data/res/values-mr-television: Cannot utime: Operation not permitted
build	Cache Android SDK	2026-06-06T12:23:00.5013081Z /usr/bin/tar: ../../../../../usr/local/lib/android/sdk/platforms/android-34-ext8/data/res/values-mr-television: Cannot change mode to rwxr-xr-x: Operation not permitted
build	Cache Android SDK	2026-06-06T12:23:00.5015631Z /usr/bin/tar: ../../../../../usr/local/lib/android/sdk/platforms/android-34-ext8/data/res/values-mcc310-mnc490-tl: Cannot utime: Operation not permitted
build	Cache Android SDK	2026-06-06T12:23:00.5016095Z /usr/bin/tar: ../../../../../usr/local/lib/android/sdk/platforms/android-34-ext8/data/res/values-mcc310-mnc490-tl: Cannot change mode to rwxr-xr-x: Operation not permitted
build	Cache Android SDK	2026-06-06T12:23:00.5019321Z /usr/bin/tar: ../../../../../usr/local/lib/android/sdk/platforms/android-34-ext8/data/res/values-mcc310-mnc240-cs: Cannot utime: Operation not permitted
build	Cache Android SDK	2026-06-06T12:23:00.5019792Z /usr/bin/tar: ../../../../../usr/local/lib/android/sdk/platforms/android-34-ext8/data/res/values-mcc310-mnc240-cs: Cannot change mode to rwxr-xr-x: Operation not permitted
build	Cache Android SDK	2026-06-06T12:23:00.5022337Z /usr/bin/tar: ../../../../../usr/local/lib/android/sdk/platforms/android-34-ext8/data/res/values-mcc310-mnc250-af: Cannot utime: Operation not permitted
build	Cache Android SDK	2026-06-06T12:23:00.5022804Z /usr/bin/tar: ../../../../../usr/local/lib/android/sdk/platforms/android-34-ext8/data/res/values-mcc310-mnc250-af: Cannot change mode to rwxr-xr-x: Operation not permitted
build	Cache Android SDK	2026-06-06T12:23:00.5025582Z /usr/bin/tar: ../../../../../usr/local/lib/android/sdk/platforms/android-34-ext8/data/res/values-xlarge: Cannot utime: Operation not permitted
build	Cache Android SDK	2026-06-06T12:23:00.5026024Z /usr/bin/tar: ../../../../../usr/local/lib/android/sdk/platforms/android-34-ext8/data/res/values-xlarge: Cannot change mode to rwxr-xr-x: Operation not permitted
build	Cache Android SDK	2026-06-06T12:23:00.5028698Z /usr/bin/tar: ../../../../../usr/local/lib/android/sdk/platforms/android-34-ext8/data/res/values-mcc302-mnc370-zh-rTW: Cannot utime: Operation not permitted
build	Cache Android SDK	2026-06-06T12:23:00.5029232Z /usr/bin/tar: ../../../../../usr/local/lib/android/sdk/platforms/android-34-ext8/data/res/values-mcc302-mnc370-zh-rTW: Cannot change mode to rwxr-xr-x: Operation not permitted
build	Cache Android SDK	2026-06-06T12:23:00.5031980Z /usr/bin/tar: ../../../../../usr/local/lib/android/sdk/platforms/android-34-ext8/data/res/values-mcc310-mnc410-ca: Cannot utime: Operation not permitted
build	Cache Android SDK	2026-06-06T12:23:00.5032443Z /usr/bin/tar: ../../../../../usr/local/lib/android/sdk/platforms/android-34-ext8/data/res/values-mcc310-mnc410-ca: Cannot change mode to rwxr-xr-x: Operation not permitted
build	Cache Android SDK	2026-06-06T12:23:00.5034978Z /usr/bin/tar: ../../../../../usr/local/lib/android/sdk/platforms/android-34-ext8/data/res/values-mcc310-mnc410-my: Cannot utime: Operation not permitted
build	Cache Android SDK	2026-06-06T12:23:00.5035444Z /usr/bin/tar: ../../../../../usr/local/lib/android/sdk/platforms/android-34-ext8/data/res/values-mcc310-mnc410-my: Cannot change mode to rwxr-xr-x: Operation not permitted
build	Cache Android SDK	2026-06-06T12:23:00.5038169Z /usr/bin/tar: ../../../../../usr/local/lib/android/sdk/platforms/android-34-ext8/data/res/values-mcc310-mnc160-lo: Cannot utime: Operation not permitted
build	Cache Android SDK	2026-06-06T12:23:00.5038714Z /usr/bin/tar: ../../../../../usr/local/lib/android/sdk/platforms/android-34-ext8/data/res/values-mcc310-mnc160-lo: Cannot change mode to rwxr-xr-x: Operation not permitted
build	Cache Android SDK	2026-06-06T12:23:00.5042110Z /usr/bin/tar: ../../../../../usr/local/lib/android/sdk/platforms/android-34-ext8/data/res/values-mcc310-mnc660-ka: Cannot utime: Operation not permitted
build	Cache Android SDK	2026-06-06T12:23:00.5042577Z /usr/bin/tar: ../../../../../usr/local/lib/android/sdk/platforms/android-34-ext8/data/res/values-mcc310-mnc660-ka: Cannot change mode to rwxr-xr-x: Operation not permitted
build	Cache Android SDK	2026-06-06T12:23:00.5047297Z /usr/bin/tar: ../../../../../usr/local/lib/android/sdk/platforms/android-34-ext8/data/res/values-mcc310-mnc170-lv: Cannot utime: Operation not permitted
build	Cache Android SDK	2026-06-06T12:23:00.5047916Z /usr/bin/tar: ../../../../../usr/local/lib/android/sdk/platforms/android-34-ext8/data/res/values-mcc310-mnc170-lv: Cannot change mode to rwxr-xr-x: Operation not permitted
build	Cache Android SDK	2026-06-06T12:23:00.5050620Z /usr/bin/tar: ../../../../../usr/local/lib/android/sdk/platforms/android-34-ext8/data/res/values-mcc505-mnc01: Cannot utime: Operation not permitted
build	Cache Android SDK	2026-06-06T12:23:00.5051083Z /usr/bin/tar: ../../../../../usr/local/lib/android/sdk/platforms/android-34-ext8/data/res/values-mcc505-mnc01: Cannot change mode to rwxr-xr-x: Operation not permitted
build	Cache Android SDK	2026-06-06T12:23:00.5053800Z /usr/bin/tar: ../../../../../usr/local/lib/android/sdk/platforms/android-34-ext8/data/res/values-mcc310-mnc560-ky: Cannot utime: Operation not permitted
build	Cache Android SDK	2026-06-06T12:23:00.5054266Z /usr/bin/tar: ../../../../../usr/local/lib/android/sdk/platforms/android-34-ext8/data/res/values-mcc310-mnc560-ky: Cannot change mode to rwxr-xr-x: Operation not permitted
build	Cache Android SDK	2026-06-06T12:23:00.5056805Z /usr/bin/tar: ../../../../../usr/local/lib/android/sdk/platforms/android-34-ext8/data/res/values-my-television: Cannot utime: Operation not permitted
build	Cache Android SDK	2026-06-06T12:23:00.5057264Z /usr/bin/tar: ../../../../../usr/local/lib/android/sdk/platforms/android-34-ext8/data/res/values-my-television: Cannot change mode to rwxr-xr-x: Operation not permitted
build	Cache Android SDK	2026-06-06T12:23:00.5059800Z /usr/bin/tar: ../../../../../usr/local/lib/android/sdk/platforms/android-34-ext8/data/res/values-mcc310-mnc160-km: Cannot utime: Operation not permitted
build	Cache Android SDK	2026-06-06T12:23:00.5060530Z /usr/bin/tar: ../../../../../usr/local/lib/android/sdk/platforms/android-34-ext8/data/res/values-mcc310-mnc160-km: Cannot change mode to rwxr-xr-x: Operation not permitted
build	Cache Android SDK	2026-06-06T12:23:00.5062709Z /usr/bin/tar: ../../../../../usr/local/lib/android/sdk/platforms/android-34-ext8/data/res/layout-port: Cannot utime: Operation not permitted
build	Cache Android SDK	2026-06-06T12:23:00.5063144Z /usr/bin/tar: ../../../../../usr/local/lib/android/sdk/platforms/android-34-ext8/data/res/layout-port: Cannot change mode to rwxr-xr-x: Operation not permitted
build	Cache Android SDK	2026-06-06T12:23:00.5066034Z /usr/bin/tar: ../../../../../usr/local/lib/android/sdk/platforms/android-34-ext8/data/res/values-mcc310-mnc030-gl: Cannot utime: Operation not permitted
build	Cache Android SDK	2026-06-06T12:23:00.5066585Z /usr/bin/tar: ../../../../../usr/local/lib/android/sdk/platforms/android-34-ext8/data/res/values-mcc310-mnc030-gl: Cannot change mode to rwxr-xr-x: Operation not permitted
build	Cache Android SDK	2026-06-06T12:23:00.5069239Z /usr/bin/tar: ../../../../../usr/local/lib/android/sdk/platforms/android-34-ext8/data/res/values-mcc310-mnc230-ar: Cannot utime: Operation not permitted
build	Cache Android SDK	2026-06-06T12:23:00.5069701Z /usr/bin/tar: ../../../../../usr/local/lib/android/sdk/platforms/android-34-ext8/data/res/values-mcc310-mnc230-ar: Cannot change mode to rwxr-xr-x: Operation not permitted
build	Cache Android SDK	2026-06-06T12:23:00.5072559Z /usr/bin/tar: ../../../../../usr/local/lib/android/sdk/platforms/android-34-ext8/data/res/values-mcc310-mnc230-kn: Cannot utime: Operation not permitted
build	Cache Android SDK	2026-06-06T12:23:00.5073141Z /usr/bin/tar: ../../../../../usr/local/lib/android/sdk/platforms/android-34-ext8/data/res/values-mcc310-mnc230-kn: Cannot change mode to rwxr-xr-x: Operation not permitted
build	Cache Android SDK	2026-06-06T12:23:00.5075639Z /usr/bin/tar: ../../../../../usr/local/lib/android/sdk/platforms/android-34-ext8/data/res/values-in-rID: Cannot utime: Operation not permitted
build	Cache Android SDK	2026-06-06T12:23:00.5076087Z /usr/bin/tar: ../../../../../usr/local/lib/android/sdk/platforms/android-34-ext8/data/res/values-in-rID: Cannot change mode to rwxr-xr-x: Operation not permitted
build	Cache Android SDK	2026-06-06T12:23:00.5079529Z /usr/bin/tar: ../../../../../usr/local/lib/android/sdk/platforms/android-34-ext8/data/res/values-mcc310-mnc210-si: Cannot utime: Operation not permitted
build	Cache Android SDK	2026-06-06T12:23:00.5079979Z /usr/bin/tar: ../../../../../usr/local/lib/android/sdk/platforms/android-34-ext8/data/res/values-mcc310-mnc210-si: Cannot change mode to rwxr-xr-x: Operation not permitted
build	Cache Android SDK	2026-06-06T12:23:00.5083246Z /usr/bin/tar: ../../../../../usr/local/lib/android/sdk/platforms/android-34-ext8/data/res/layout-large: Cannot utime: Operation not permitted
build	Cache Android SDK	2026-06-06T12:23:00.5083676Z /usr/bin/tar: ../../../../../usr/local/lib/android/sdk/platforms/android-34-ext8/data/res/layout-large: Cannot change mode to rwxr-xr-x: Operation not permitted
build	Cache Android SDK	2026-06-06T12:23:00.5086311Z /usr/bin/tar: ../../../../../usr/local/lib/android/sdk/platforms/android-34-ext8/data/res/values-mcc310-mnc150-or: Cannot utime: Operation not permitted
build	Cache Android SDK	2026-06-06T12:23:00.5086767Z /usr/bin/tar: ../../../../../usr/local/lib/android/sdk/platforms/android-34-ext8/data/res/values-mcc310-mnc150-or: Cannot change mode to rwxr-xr-x: Operation not permitted
build	Cache Android SDK	2026-06-06T12:23:00.5090535Z /usr/bin/tar: ../../../../../usr/local/lib/android/sdk/platforms/android-34-ext8/data/res/values-mcc310-mnc250-sv: Cannot utime: Operation not permitted
build	Cache Android SDK	2026-06-06T12:23:00.5091448Z /usr/bin/tar: ../../../../../usr/local/lib/android/sdk/platforms/android-34-ext8/data/res/values-mcc310-mnc250-sv: Cannot change mode to rwxr-xr-x: Operation not permitted
build	Cache Android SDK	2026-06-06T12:23:00.5093285Z /usr/bin/tar: ../../../../../usr/local/lib/android/sdk/platforms/android-34-ext8/data/res/values-mcc310-mnc270-pa: Cannot utime: Operation not permitted
build	Cache Android SDK	2026-06-06T12:23:00.5093782Z /usr/bin/tar: ../../../../../usr/local/lib/android/sdk/platforms/android-34-ext8/data/res/values-mcc310-mnc270-pa: Cannot change mode to rwxr-xr-x: Operation not permitted
build	Cache Android SDK	2026-06-06T12:23:00.5100546Z /usr/bin/tar: ../../../../../usr/local/lib/android/sdk/platforms/android-34-ext8/data/res/values-pl: Cannot utime: Operation not permitted
build	Cache Android SDK	2026-06-06T12:23:00.5100982Z /usr/bin/tar: ../../../../../usr/local/lib/android/sdk/platforms/android-34-ext8/data/res/values-pl: Cannot change mode to rwxr-xr-x: Operation not permitted
build	Cache Android SDK	2026-06-06T12:23:00.5104787Z /usr/bin/tar: ../../../../../usr/local/lib/android/sdk/platforms/android-34-ext8/data/res/values-mcc310-mnc490-ml: Cannot utime: Operation not permitted
build	Cache Android SDK	2026-06-06T12:23:00.5105348Z /usr/bin/tar: ../../../../../usr/local/lib/android/sdk/platforms/android-34-ext8/data/res/values-mcc310-mnc490-ml: Cannot change mode to rwxr-xr-x: Operation not permitted
build	Cache Android SDK	2026-06-06T12:23:00.5107865Z /usr/bin/tar: ../../../../../usr/local/lib/android/sdk/platforms/android-34-ext8/data/res/values-mcc310-mnc160-am: Cannot utime: Operation not permitted
build	Cache Android SDK	2026-06-06T12:23:00.5108475Z /usr/bin/tar: ../../../../../usr/local/lib/android/sdk/platforms/android-34-ext8/data/res/values-mcc310-mnc160-am: Cannot change mode to rwxr-xr-x: Operation not permitted
build	Cache Android SDK	2026-06-06T12:23:00.5110885Z /usr/bin/tar: ../../../../../usr/local/lib/android/sdk/platforms/android-34-ext8/data/res/values-mcc310-mnc170-es-rUS: Cannot utime: Operation not permitted
build	Cache Android SDK	2026-06-06T12:23:00.5111474Z /usr/bin/tar: ../../../../../usr/local/lib/android/sdk/platforms/android-34-ext8/data/res/values-mcc310-mnc170-es-rUS: Cannot change mode to rwxr-xr-x: Operation not permitted
build	Cache Android SDK	2026-06-06T12:23:00.5117203Z /usr/bin/tar: ../../../../../usr/local/lib/android/sdk/platforms/android-34-ext8/data/res/values-ca: Cannot utime: Operation not permitted
build	Cache Android SDK	2026-06-06T12:23:00.5117887Z /usr/bin/tar: ../../../../../usr/local/lib/android/sdk/platforms/android-34-ext8/data/res/values-ca: Cannot change mode to rwxr-xr-x: Operation not permitted
build	Cache Android SDK	2026-06-06T12:23:00.5120196Z /usr/bin/tar: ../../../../../usr/local/lib/android/sdk/platforms/android-34-ext8/data/res/values-mcc310-mnc210-am: Cannot utime: Operation not permitted
build	Cache Android SDK	2026-06-06T12:23:00.5120680Z /usr/bin/tar: ../../../../../usr/local/lib/android/sdk/platforms/android-34-ext8/data/res/values-mcc310-mnc210-am: Cannot change mode to rwxr-xr-x: Operation not permitted
build	Cache Android SDK	2026-06-06T12:23:00.5123157Z /usr/bin/tar: ../../../../../usr/local/lib/android/sdk/platforms/android-34-ext8/data/res/values-mcc310-mnc030-eu: Cannot utime: Operation not permitted
build	Cache Android SDK	2026-06-06T12:23:00.5123643Z /usr/bin/tar: ../../../../../usr/local/lib/android/sdk/platforms/android-34-ext8/data/res/values-mcc310-mnc030-eu: Cannot change mode to rwxr-xr-x: Operation not permitted
build	Cache Android SDK	2026-06-06T12:23:00.5126272Z /usr/bin/tar: ../../../../../usr/local/lib/android/sdk/platforms/android-34-ext8/data/res/values-mcc706-mnc04: Cannot utime: Operation not permitted
build	Cache Android SDK	2026-06-06T12:23:00.5126738Z /usr/bin/tar: ../../../../../usr/local/lib/android/sdk/platforms/android-34-ext8/data/res/values-mcc706-mnc04: Cannot change mode to rwxr-xr-x: Operation not permitted
build	Cache Android SDK	2026-06-06T12:23:00.5129745Z /usr/bin/tar: ../../../../../usr/local/lib/android/sdk/platforms/android-34-ext8/data/res/values-si-television: Cannot utime: Operation not permitted
build	Cache Android SDK	2026-06-06T12:23:00.5130225Z /usr/bin/tar: ../../../../../usr/local/lib/android/sdk/platforms/android-34-ext8/data/res/values-si-television: Cannot change mode to rwxr-xr-x: Operation not permitted
build	Cache Android SDK	2026-06-06T12:23:00.5133536Z /usr/bin/tar: ../../../../../usr/local/lib/android/sdk/platforms/android-34-ext8/data/res/values-mcc334-mnc020-sl: Cannot utime: Operation not permitted
build	Cache Android SDK	2026-06-06T12:23:00.5134050Z /usr/bin/tar: ../../../../../usr/local/lib/android/sdk/platforms/android-34-ext8/data/res/values-mcc334-mnc020-sl: Cannot change mode to rwxr-xr-x: Operation not permitted
build	Cache Android SDK	2026-06-06T12:23:00.5136239Z /usr/bin/tar: ../../../../../usr/local/lib/android/sdk/platforms/android-34-ext8/data/res/values-mcc310-mnc660-sv: Cannot utime: Operation not permitted
build	Cache Android SDK	2026-06-06T12:23:00.5136741Z /usr/bin/tar: ../../../../../usr/local/lib/android/sdk/platforms/android-34-ext8/data/res/values-mcc310-mnc660-sv: Cannot change mode to rwxr-xr-x: Operation not permitted
build	Cache Android SDK	2026-06-06T12:23:00.5139920Z /usr/bin/tar: ../../../../../usr/local/lib/android/sdk/platforms/android-34-ext8/data/res/values-mcc268-mnc03: Cannot utime: Operation not permitted
build	Cache Android SDK	2026-06-06T12:23:00.5140503Z /usr/bin/tar: ../../../../../usr/local/lib/android/sdk/platforms/android-34-ext8/data/res/values-mcc268-mnc03: Cannot change mode to rwxr-xr-x: Operation not permitted
build	Cache Android SDK	2026-06-06T12:23:00.5143604Z /usr/bin/tar: ../../../../../usr/local/lib/android/sdk/platforms/android-34-ext8/data/res/values-mcc310-mnc950-zh-rTW: Cannot utime: Operation not permitted
build	Cache Android SDK	2026-06-06T12:23:00.5144103Z /usr/bin/tar: ../../../../../usr/local/lib/android/sdk/platforms/android-34-ext8/data/res/values-mcc310-mnc950-zh-rTW: Cannot change mode to rwxr-xr-x: Operation not permitted
build	Cache Android SDK	2026-06-06T12:23:00.5146903Z /usr/bin/tar: ../../../../../usr/local/lib/android/sdk/platforms/android-34-ext8/data/res/values-mcc313-mnc100-sq: Cannot utime: Operation not permitted
build	Cache Android SDK	2026-06-06T12:23:00.5147635Z /usr/bin/tar: ../../../../../usr/local/lib/android/sdk/platforms/android-34-ext8/data/res/values-mcc313-mnc100-sq: Cannot change mode to rwxr-xr-x: Operation not permitted
build	Cache Android SDK	2026-06-06T12:23:00.5149762Z /usr/bin/tar: ../../../../../usr/local/lib/android/sdk/platforms/android-34-ext8/data/res/values-mcc310-mnc280-tr: Cannot utime: Operation not permitted
build	Cache Android SDK	2026-06-06T12:23:00.5150293Z /usr/bin/tar: ../../../../../usr/local/lib/android/sdk/platforms/android-34-ext8/data/res/values-mcc310-mnc280-tr: Cannot change mode to rwxr-xr-x: Operation not permitted
build	Cache Android SDK	2026-06-06T12:23:00.5153124Z /usr/bin/tar: ../../../../../usr/local/lib/android/sdk/platforms/android-34-ext8/data/res/values-mcc302-mnc370-fi: Cannot utime: Operation not permitted
build	Cache Android SDK	2026-06-06T12:23:00.5153589Z /usr/bin/tar: ../../../../../usr/local/lib/android/sdk/platforms/android-34-ext8/data/res/values-mcc302-mnc370-fi: Cannot change mode to rwxr-xr-x: Operation not permitted
build	Cache Android SDK	2026-06-06T12:23:00.5156786Z /usr/bin/tar: ../../../../../usr/local/lib/android/sdk/platforms/android-34-ext8/data/res/values-mcc310-mnc230-hi: Cannot utime: Operation not permitted
build	Cache Android SDK	2026-06-06T12:23:00.5157314Z /usr/bin/tar: ../../../../../usr/local/lib/android/sdk/platforms/android-34-ext8/data/res/values-mcc310-mnc230-hi: Cannot change mode to rwxr-xr-x: Operation not permitted
build	Cache Android SDK	2026-06-06T12:23:00.5162823Z /usr/bin/tar: ../../../../../usr/local/lib/android/sdk/platforms/android-34-ext8/data/res/values-az: Cannot utime: Operation not permitted
build	Cache Android SDK	2026-06-06T12:23:00.5163272Z /usr/bin/tar: ../../../../../usr/local/lib/android/sdk/platforms/android-34-ext8/data/res/values-az: Cannot change mode to rwxr-xr-x: Operation not permitted
build	Cache Android SDK	2026-06-06T12:23:00.5166506Z /usr/bin/tar: ../../../../../usr/local/lib/android/sdk/platforms/android-34-ext8/data/res/values-mcc310-mnc160-sr: Cannot utime: Operation not permitted
build	Cache Android SDK	2026-06-06T12:23:00.5167022Z /usr/bin/tar: ../../../../../usr/local/lib/android/sdk/platforms/android-34-ext8/data/res/values-mcc310-mnc160-sr: Cannot change mode to rwxr-xr-x: Operation not permitted
build	Cache Android SDK	2026-06-06T12:23:00.5169598Z /usr/bin/tar: ../../../../../usr/local/lib/android/sdk/platforms/android-34-ext8/data/res/values-mcc310-mnc250-vi: Cannot utime: Operation not permitted
build	Cache Android SDK	2026-06-06T12:23:00.5170084Z /usr/bin/tar: ../../../../../usr/local/lib/android/sdk/platforms/android-34-ext8/data/res/values-mcc310-mnc250-vi: Cannot change mode to rwxr-xr-x: Operation not permitted
build	Cache Android SDK	2026-06-06T12:23:00.5172955Z /usr/bin/tar: ../../../../../usr/local/lib/android/sdk/platforms/android-34-ext8/data/res/values-mcc302-mnc720-zu: Cannot utime: Operation not permitted
build	Cache Android SDK	2026-06-06T12:23:00.5173438Z /usr/bin/tar: ../../../../../usr/local/lib/android/sdk/platforms/android-34-ext8/data/res/values-mcc302-mnc720-zu: Cannot change mode to rwxr-xr-x: Operation not permitted
build	Cache Android SDK	2026-06-06T12:23:00.5175885Z /usr/bin/tar: ../../../../../usr/local/lib/android/sdk/platforms/android-34-ext8/data/res/values-lt-television: Cannot utime: Operation not permitted
build	Cache Android SDK	2026-06-06T12:23:00.5176367Z /usr/bin/tar: ../../../../../usr/local/lib/android/sdk/platforms/android-34-ext8/data/res/values-lt-television: Cannot change mode to rwxr-xr-x: Operation not permitted
build	Cache Android SDK	2026-06-06T12:23:00.5178848Z /usr/bin/tar: ../../../../../usr/local/lib/android/sdk/platforms/android-34-ext8/data/res/values-mcc313-mnc100-pt: Cannot utime: Operation not permitted
build	Cache Android SDK	2026-06-06T12:23:00.5179429Z /usr/bin/tar: ../../../../../usr/local/lib/android/sdk/platforms/android-34-ext8/data/res/values-mcc313-mnc100-pt: Cannot change mode to rwxr-xr-x: Operation not permitted
build	Cache Android SDK	2026-06-06T12:23:00.5181904Z /usr/bin/tar: ../../../../../usr/local/lib/android/sdk/platforms/android-34-ext8/data/res/values-mcc310-mnc660-km: Cannot utime: Operation not permitted
build	Cache Android SDK	2026-06-06T12:23:00.5182376Z /usr/bin/tar: ../../../../../usr/local/lib/android/sdk/platforms/android-34-ext8/data/res/values-mcc310-mnc660-km: Cannot change mode to rwxr-xr-x: Operation not permitted
build	Cache Android SDK	2026-06-06T12:23:00.5184773Z /usr/bin/tar: ../../../../../usr/local/lib/android/sdk/platforms/android-34-ext8/data/res/values-en-rXC-watch: Cannot utime: Operation not permitted
build	Cache Android SDK	2026-06-06T12:23:00.5185229Z /usr/bin/tar: ../../../../../usr/local/lib/android/sdk/platforms/android-34-ext8/data/res/values-en-rXC-watch: Cannot change mode to rwxr-xr-x: Operation not permitted
build	Cache Android SDK	2026-06-06T12:23:00.5188081Z /usr/bin/tar: ../../../../../usr/local/lib/android/sdk/platforms/android-34-ext8/data/res/values-mcc310-mnc310-pa: Cannot utime: Operation not permitted
build	Cache Android SDK	2026-06-06T12:23:00.5188638Z /usr/bin/tar: ../../../../../usr/local/lib/android/sdk/platforms/android-34-ext8/data/res/values-mcc310-mnc310-pa: Cannot change mode to rwxr-xr-x: Operation not permitted
build	Cache Android SDK	2026-06-06T12:23:00.5190821Z /usr/bin/tar: ../../../../../usr/local/lib/android/sdk/platforms/android-34-ext8/data/res/values-mcc312-mnc670-hy: Cannot utime: Operation not permitted
build	Cache Android SDK	2026-06-06T12:23:00.5191359Z /usr/bin/tar: ../../../../../usr/local/lib/android/sdk/platforms/android-34-ext8/data/res/values-mcc312-mnc670-hy: Cannot change mode to rwxr-xr-x: Operation not permitted
build	Cache Android SDK	2026-06-06T12:23:00.5193714Z /usr/bin/tar: ../../../../../usr/local/lib/android/sdk/platforms/android-34-ext8/data/res/values-mcc310-mnc220-ms: Cannot utime: Operation not permitted
build	Cache Android SDK	2026-06-06T12:23:00.5194179Z /usr/bin/tar: ../../../../../usr/local/lib/android/sdk/platforms/android-34-ext8/data/res/values-mcc310-mnc220-ms: Cannot change mode to rwxr-xr-x: Operation not permitted
build	Cache Android SDK	2026-06-06T12:23:00.5196379Z /usr/bin/tar: ../../../../../usr/local/lib/android/sdk/platforms/android-34-ext8/data/res/values-mcc302-mnc370-ko: Cannot utime: Operation not permitted
build	Cache Android SDK	2026-06-06T12:23:00.5196846Z /usr/bin/tar: ../../../../../usr/local/lib/android/sdk/platforms/android-34-ext8/data/res/values-mcc302-mnc370-ko: Cannot change mode to rwxr-xr-x: Operation not permitted
build	Cache Android SDK	2026-06-06T12:23:00.5199114Z /usr/bin/tar: ../../../../../usr/local/lib/android/sdk/platforms/android-34-ext8/data/res/values-mcc302-mnc720-my: Cannot utime: Operation not permitted
build	Cache Android SDK	2026-06-06T12:23:00.5199604Z /usr/bin/tar: ../../../../../usr/local/lib/android/sdk/platforms/android-34-ext8/data/res/values-mcc302-mnc720-my: Cannot change mode to rwxr-xr-x: Operation not permitted
build	Cache Android SDK	2026-06-06T12:23:00.5206936Z /usr/bin/tar: ../../../../../usr/local/lib/android/sdk/platforms/android-34-ext8/data/res/values-gu: Cannot utime: Operation not permitted
build	Cache Android SDK	2026-06-06T12:23:00.5207693Z /usr/bin/tar: ../../../../../usr/local/lib/android/sdk/platforms/android-34-ext8/data/res/values-gu: Cannot change mode to rwxr-xr-x: Operation not permitted
build	Cache Android SDK	2026-06-06T12:23:00.5209829Z /usr/bin/tar: ../../../../../usr/local/lib/android/sdk/platforms/android-34-ext8/data/res/values-mcc310-mnc270-in: Cannot utime: Operation not permitted
build	Cache Android SDK	2026-06-06T12:23:00.5210298Z /usr/bin/tar: ../../../../../usr/local/lib/android/sdk/platforms/android-34-ext8/data/res/values-mcc310-mnc270-in: Cannot change mode to rwxr-xr-x: Operation not permitted
build	Cache Android SDK	2026-06-06T12:23:00.5213695Z /usr/bin/tar: ../../../../../usr/local/lib/android/sdk/platforms/android-34-ext8/data/res/values-pa-watch: Cannot utime: Operation not permitted
build	Cache Android SDK	2026-06-06T12:23:00.5214180Z /usr/bin/tar: ../../../../../usr/local/lib/android/sdk/platforms/android-34-ext8/data/res/values-pa-watch: Cannot change mode to rwxr-xr-x: Operation not permitted
build	Cache Android SDK	2026-06-06T12:23:00.5216415Z /usr/bin/tar: ../../../../../usr/local/lib/android/sdk/platforms/android-34-ext8/data/res/values-mcc310-mnc170-ca: Cannot utime: Operation not permitted
build	Cache Android SDK	2026-06-06T12:23:00.5217008Z /usr/bin/tar: ../../../../../usr/local/lib/android/sdk/platforms/android-34-ext8/data/res/values-mcc310-mnc170-ca: Cannot change mode to rwxr-xr-x: Operation not permitted
build	Cache Android SDK	2026-06-06T12:23:00.5219507Z /usr/bin/tar: ../../../../../usr/local/lib/android/sdk/platforms/android-34-ext8/data/res/values-mcc310-mnc280-el: Cannot utime: Operation not permitted
build	Cache Android SDK	2026-06-06T12:23:00.5219974Z /usr/bin/tar: ../../../../../usr/local/lib/android/sdk/platforms/android-34-ext8/data/res/values-mcc310-mnc280-el: Cannot change mode to rwxr-xr-x: Operation not permitted
build	Cache Android SDK	2026-06-06T12:23:00.5222522Z /usr/bin/tar: ../../../../../usr/local/lib/android/sdk/platforms/android-34-ext8/data/res/values-mcc310-mnc310-km: Cannot utime: Operation not permitted
build	Cache Android SDK	2026-06-06T12:23:00.5222983Z /usr/bin/tar: ../../../../../usr/local/lib/android/sdk/platforms/android-34-ext8/data/res/values-mcc310-mnc310-km: Cannot change mode to rwxr-xr-x: Operation not permitted
build	Cache Android SDK	2026-06-06T12:23:00.5226975Z /usr/bin/tar: ../../../../../usr/local/lib/android/sdk/platforms/android-34-ext8/data/res/values-mcc302-mnc720-lt: Cannot utime: Operation not permitted
build	Cache Android SDK	2026-06-06T12:23:00.5227666Z /usr/bin/tar: ../../../../../usr/local/lib/android/sdk/platforms/android-34-ext8/data/res/values-mcc302-mnc720-lt: Cannot change mode to rwxr-xr-x: Operation not permitted
build	Cache Android SDK	2026-06-06T12:23:00.5230470Z /usr/bin/tar: ../../../../../usr/local/lib/android/sdk/platforms/android-34-ext8/data/res/values-mcc310-mnc230-en-rGB: Cannot utime: Operation not permitted
build	Cache Android SDK	2026-06-06T12:23:00.5231065Z /usr/bin/tar: ../../../../../usr/local/lib/android/sdk/platforms/android-34-ext8/data/res/values-mcc310-mnc230-en-rGB: Cannot change mode to rwxr-xr-x: Operation not permitted
build	Cache Android SDK	2026-06-06T12:23:00.5233964Z /usr/bin/tar: ../../../../../usr/local/lib/android/sdk/platforms/android-34-ext8/data/res/values-mcc310-mnc150-sv: Cannot utime: Operation not permitted
build	Cache Android SDK	2026-06-06T12:23:00.5234436Z /usr/bin/tar: ../../../../../usr/local/lib/android/sdk/platforms/android-34-ext8/data/res/values-mcc310-mnc150-sv: Cannot change mode to rwxr-xr-x: Operation not permitted
build	Cache Android SDK	2026-06-06T12:23:00.5238161Z /usr/bin/tar: ../../../../../usr/local/lib/android/sdk/platforms/android-34-ext8/data/res/mipmap-xhdpi: Cannot utime: Operation not permitted
build	Cache Android SDK	2026-06-06T12:23:00.5238604Z /usr/bin/tar: ../../../../../usr/local/lib/android/sdk/platforms/android-34-ext8/data/res/mipmap-xhdpi: Cannot change mode to rwxr-xr-x: Operation not permitted
build	Cache Android SDK	2026-06-06T12:23:00.5241340Z /usr/bin/tar: ../../../../../usr/local/lib/android/sdk/platforms/android-34-ext8/data/res/values-mcc310-mnc310-in: Cannot utime: Operation not permitted
build	Cache Android SDK	2026-06-06T12:23:00.5241839Z /usr/bin/tar: ../../../../../usr/local/lib/android/sdk/platforms/android-34-ext8/data/res/values-mcc310-mnc310-in: Cannot change mode to rwxr-xr-x: Operation not permitted
build	Cache Android SDK	2026-06-06T12:23:00.5244634Z /usr/bin/tar: ../../../../../usr/local/lib/android/sdk/platforms/android-34-ext8/data/res/values-mcc310-mnc950-pt-rBR: Cannot utime: Operation not permitted
build	Cache Android SDK	2026-06-06T12:23:00.5245143Z /usr/bin/tar: ../../../../../usr/local/lib/android/sdk/platforms/android-34-ext8/data/res/values-mcc310-mnc950-pt-rBR: Cannot change mode to rwxr-xr-x: Operation not permitted
build	Cache Android SDK	2026-06-06T12:23:00.5247338Z /usr/bin/tar: ../../../../../usr/local/lib/android/sdk/platforms/android-34-ext8/data/res/values-mn-television: Cannot utime: Operation not permitted
build	Cache Android SDK	2026-06-06T12:23:00.5247991Z /usr/bin/tar: ../../../../../usr/local/lib/android/sdk/platforms/android-34-ext8/data/res/values-mn-television: Cannot change mode to rwxr-xr-x: Operation not permitted
build	Cache Android SDK	2026-06-06T12:23:00.5254972Z /usr/bin/tar: ../../../../../usr/local/lib/android/sdk/platforms/android-34-ext8/data/res/values-it: Cannot utime: Operation not permitted
build	Cache Android SDK	2026-06-06T12:23:00.5255410Z /usr/bin/tar: ../../../../../usr/local/lib/android/sdk/platforms/android-34-ext8/data/res/values-it: Cannot change mode to rwxr-xr-x: Operation not permitted
build	Cache Android SDK	2026-06-06T12:23:00.5258134Z /usr/bin/tar: ../../../../../usr/local/lib/android/sdk/platforms/android-34-ext8/data/res/values-mcc310-mnc200-km: Cannot utime: Operation not permitted
build	Cache Android SDK	2026-06-06T12:23:00.5258604Z /usr/bin/tar: ../../../../../usr/local/lib/android/sdk/platforms/android-34-ext8/data/res/values-mcc310-mnc200-km: Cannot change mode to rwxr-xr-x: Operation not permitted
build	Cache Android SDK	2026-06-06T12:23:00.5261335Z /usr/bin/tar: ../../../../../usr/local/lib/android/sdk/platforms/android-34-ext8/data/res/values-mcc311-mnc180-af: Cannot utime: Operation not permitted
build	Cache Android SDK	2026-06-06T12:23:00.5261819Z /usr/bin/tar: ../../../../../usr/local/lib/android/sdk/platforms/android-34-ext8/data/res/values-mcc311-mnc180-af: Cannot change mode to rwxr-xr-x: Operation not permitted
build	Cache Android SDK	2026-06-06T12:23:00.5264751Z /usr/bin/tar: ../../../../../usr/local/lib/android/sdk/platforms/android-34-ext8/data/res/values-mcc310-mnc210: Cannot utime: Operation not permitted
build	Cache Android SDK	2026-06-06T12:23:00.5265218Z /usr/bin/tar: ../../../../../usr/local/lib/android/sdk/platforms/android-34-ext8/data/res/values-mcc310-mnc210: Cannot change mode to rwxr-xr-x: Operation not permitted
build	Cache Android SDK	2026-06-06T12:23:00.5267888Z /usr/bin/tar: ../../../../../usr/local/lib/android/sdk/platforms/android-34-ext8/data/res/values-mcc310-mnc030-hu: Cannot utime: Operation not permitted
build	Cache Android SDK	2026-06-06T12:23:00.5268368Z /usr/bin/tar: ../../../../../usr/local/lib/android/sdk/platforms/android-34-ext8/data/res/values-mcc310-mnc030-hu: Cannot change mode to rwxr-xr-x: Operation not permitted
build	Cache Android SDK	2026-06-06T12:23:00.5274522Z /usr/bin/tar: ../../../../../usr/local/lib/android/sdk/platforms/android-34-ext8/data/res/values-tl: Cannot utime: Operation not permitted
build	Cache Android SDK	2026-06-06T12:23:00.5275024Z /usr/bin/tar: ../../../../../usr/local/lib/android/sdk/platforms/android-34-ext8/data/res/values-tl: Cannot change mode to rwxr-xr-x: Operation not permitted
build	Cache Android SDK	2026-06-06T12:23:00.5276990Z /usr/bin/tar: ../../../../../usr/local/lib/android/sdk/platforms/android-34-ext8/data/res/values-fr-watch: Cannot utime: Operation not permitted
build	Cache Android SDK	2026-06-06T12:23:00.5277667Z /usr/bin/tar: ../../../../../usr/local/lib/android/sdk/platforms/android-34-ext8/data/res/values-fr-watch: Cannot change mode to rwxr-xr-x: Operation not permitted
build	Cache Android SDK	2026-06-06T12:23:00.5280264Z /usr/bin/tar: ../../../../../usr/local/lib/android/sdk/platforms/android-34-ext8/data/res/values-mcc310-mnc030-en-rGB: Cannot utime: Operation not permitted
build	Cache Android SDK	2026-06-06T12:23:00.5280751Z /usr/bin/tar: ../../../../../usr/local/lib/android/sdk/platforms/android-34-ext8/data/res/values-mcc310-mnc030-en-rGB: Cannot change mode to rwxr-xr-x: Operation not permitted
build	Cache Android SDK	2026-06-06T12:23:00.5284785Z /usr/bin/tar: ../../../../../usr/local/lib/android/sdk/platforms/android-34-ext8/data/res/values-mcc302-mnc720-mk: Cannot utime: Operation not permitted
build	Cache Android SDK	2026-06-06T12:23:00.5285359Z /usr/bin/tar: ../../../../../usr/local/lib/android/sdk/platforms/android-34-ext8/data/res/values-mcc302-mnc720-mk: Cannot change mode to rwxr-xr-x: Operation not permitted
build	Cache Android SDK	2026-06-06T12:23:00.5287644Z /usr/bin/tar: ../../../../../usr/local/lib/android/sdk/platforms/android-34-ext8/data/res/values-mcc310-mnc800-hu: Cannot utime: Operation not permitted
build	Cache Android SDK	2026-06-06T12:23:00.5288137Z /usr/bin/tar: ../../../../../usr/local/lib/android/sdk/platforms/android-34-ext8/data/res/values-mcc310-mnc800-hu: Cannot change mode to rwxr-xr-x: Operation not permitted
build	Cache Android SDK	2026-06-06T12:23:00.5290885Z /usr/bin/tar: ../../../../../usr/local/lib/android/sdk/platforms/android-34-ext8/data/res/values-mcc310-mnc250-hi: Cannot utime: Operation not permitted
build	Cache Android SDK	2026-06-06T12:23:00.5291373Z /usr/bin/tar: ../../../../../usr/local/lib/android/sdk/platforms/android-34-ext8/data/res/values-mcc310-mnc250-hi: Cannot change mode to rwxr-xr-x: Operation not permitted
build	Cache Android SDK	2026-06-06T12:23:00.5294273Z /usr/bin/tar: ../../../../../usr/local/lib/android/sdk/platforms/android-34-ext8/data/res/values-mcc310-mnc160-my: Cannot utime: Operation not permitted
build	Cache Android SDK	2026-06-06T12:23:00.5294735Z /usr/bin/tar: ../../../../../usr/local/lib/android/sdk/platforms/android-34-ext8/data/res/values-mcc310-mnc160-my: Cannot change mode to rwxr-xr-x: Operation not permitted
build	Cache Android SDK	2026-06-06T12:23:00.5298281Z /usr/bin/tar: ../../../../../usr/local/lib/android/sdk/platforms/android-34-ext8/data/res/values-mcc310-mnc410-mn: Cannot utime: Operation not permitted
build	Cache Android SDK	2026-06-06T12:23:00.5298953Z /usr/bin/tar: ../../../../../usr/local/lib/android/sdk/platforms/android-34-ext8/data/res/values-mcc310-mnc410-mn: Cannot change mode to rwxr-xr-x: Operation not permitted
build	Cache Android SDK	2026-06-06T12:23:00.5301734Z /usr/bin/tar: ../../../../../usr/local/lib/android/sdk/platforms/android-34-ext8/data/res/values-mcc310-mnc380-ur: Cannot utime: Operation not permitted
build	Cache Android SDK	2026-06-06T12:23:00.5302378Z /usr/bin/tar: ../../../../../usr/local/lib/android/sdk/platforms/android-34-ext8/data/res/values-mcc310-mnc380-ur: Cannot change mode to rwxr-xr-x: Operation not permitted
build	Cache Android SDK	2026-06-06T12:23:00.5305009Z /usr/bin/tar: ../../../../../usr/local/lib/android/sdk/platforms/android-34-ext8/data/res/values-mcc310-mnc150-ja: Cannot utime: Operation not permitted
build	Cache Android SDK	2026-06-06T12:23:00.5305599Z /usr/bin/tar: ../../../../../usr/local/lib/android/sdk/platforms/android-34-ext8/data/res/values-mcc310-mnc150-ja: Cannot change mode to rwxr-xr-x: Operation not permitted
build	Cache Android SDK	2026-06-06T12:23:00.5308392Z /usr/bin/tar: ../../../../../usr/local/lib/android/sdk/platforms/android-34-ext8/data/res/values-mcc310-mnc030-nl: Cannot utime: Operation not permitted
build	Cache Android SDK	2026-06-06T12:23:00.5308854Z /usr/bin/tar: ../../../../../usr/local/lib/android/sdk/platforms/android-34-ext8/data/res/values-mcc310-mnc030-nl: Cannot change mode to rwxr-xr-x: Operation not permitted
build	Cache Android SDK	2026-06-06T12:23:00.5311348Z /usr/bin/tar: ../../../../../usr/local/lib/android/sdk/platforms/android-34-ext8/data/res/values-mcc334-mnc020-ur: Cannot utime: Operation not permitted
build	Cache Android SDK	2026-06-06T12:23:00.5311819Z /usr/bin/tar: ../../../../../usr/local/lib/android/sdk/platforms/android-34-ext8/data/res/values-mcc334-mnc020-ur: Cannot change mode to rwxr-xr-x: Operation not permitted
build	Cache Android SDK	2026-06-06T12:23:00.5314892Z /usr/bin/tar: ../../../../../usr/local/lib/android/sdk/platforms/android-34-ext8/data/res/values-mcc001-mnc01-ky: Cannot utime: Operation not permitted
build	Cache Android SDK	2026-06-06T12:23:00.5315363Z /usr/bin/tar: ../../../../../usr/local/lib/android/sdk/platforms/android-34-ext8/data/res/values-mcc001-mnc01-ky: Cannot change mode to rwxr-xr-x: Operation not permitted
build	Cache Android SDK	2026-06-06T12:23:00.5321424Z /usr/bin/tar: ../../../../../usr/local/lib/android/sdk/platforms/android-34-ext8/data/res/values-mcc310-mnc250-it: Cannot utime: Operation not permitted
build	Cache Android SDK	2026-06-06T12:23:00.5321908Z /usr/bin/tar: ../../../../../usr/local/lib/android/sdk/platforms/android-34-ext8/data/res/values-mcc310-mnc250-it: Cannot change mode to rwxr-xr-x: Operation not permitted
build	Cache Android SDK	2026-06-06T12:23:00.5325697Z /usr/bin/tar: ../../../../../usr/local/lib/android/sdk/platforms/android-34-ext8/data/res/values-mcc310-mnc800-en-rAU: Cannot utime: Operation not permitted
build	Cache Android SDK	2026-06-06T12:23:00.5326187Z /usr/bin/tar: ../../../../../usr/local/lib/android/sdk/platforms/android-34-ext8/data/res/values-mcc310-mnc800-en-rAU: Cannot change mode to rwxr-xr-x: Operation not permitted
build	Cache Android SDK	2026-06-06T12:23:00.5328798Z /usr/bin/tar: ../../../../../usr/local/lib/android/sdk/platforms/android-34-ext8/data/res/values-mcc001: Cannot utime: Operation not permitted
build	Cache Android SDK	2026-06-06T12:23:00.5329241Z /usr/bin/tar: ../../../../../usr/local/lib/android/sdk/platforms/android-34-ext8/data/res/values-mcc001: Cannot change mode to rwxr-xr-x: Operation not permitted
build	Cache Android SDK	2026-06-06T12:23:00.5332970Z /usr/bin/tar: ../../../../../usr/local/lib/android/sdk/platforms/android-34-ext8/data/res/values-mcc310-mnc270-bg: Cannot utime: Operation not permitted
build	Cache Android SDK	2026-06-06T12:23:00.5333449Z /usr/bin/tar: ../../../../../usr/local/lib/android/sdk/platforms/android-34-ext8/data/res/values-mcc310-mnc270-bg: Cannot change mode to rwxr-xr-x: Operation not permitted
build	Cache Android SDK	2026-06-06T12:23:00.5336952Z /usr/bin/tar: ../../../../../usr/local/lib/android/sdk/platforms/android-34-ext8/data/res/values-xlarge-land: Cannot utime: Operation not permitted
build	Cache Android SDK	2026-06-06T12:23:00.5337655Z /usr/bin/tar: ../../../../../usr/local/lib/android/sdk/platforms/android-34-ext8/data/res/values-xlarge-land: Cannot change mode to rwxr-xr-x: Operation not permitted
build	Cache Android SDK	2026-06-06T12:23:00.5339797Z /usr/bin/tar: ../../../../../usr/local/lib/android/sdk/platforms/android-34-ext8/data/res/values-uk-watch: Cannot utime: Operation not permitted
build	Cache Android SDK	2026-06-06T12:23:00.5340243Z /usr/bin/tar: ../../../../../usr/local/lib/android/sdk/platforms/android-34-ext8/data/res/values-uk-watch: Cannot change mode to rwxr-xr-x: Operation not permitted
build	Cache Android SDK	2026-06-06T12:23:00.5343035Z /usr/bin/tar: ../../../../../usr/local/lib/android/sdk/platforms/android-34-ext8/data/res/values-mcc302-mnc720-sk: Cannot utime: Operation not permitted
build	Cache Android SDK	2026-06-06T12:23:00.5343618Z /usr/bin/tar: ../../../../../usr/local/lib/android/sdk/platforms/android-34-ext8/data/res/values-mcc302-mnc720-sk: Cannot change mode to rwxr-xr-x: Operation not permitted
build	Cache Android SDK	2026-06-06T12:23:00.5346042Z /usr/bin/tar: ../../../../../usr/local/lib/android/sdk/platforms/android-34-ext8/data/res/values-mcc310-mnc200-zh-rTW: Cannot utime: Operation not permitted
build	Cache Android SDK	2026-06-06T12:23:00.5346633Z /usr/bin/tar: ../../../../../usr/local/lib/android/sdk/platforms/android-34-ext8/data/res/values-mcc310-mnc200-zh-rTW: Cannot change mode to rwxr-xr-x: Operation not permitted
build	Cache Android SDK	2026-06-06T12:23:00.5349390Z /usr/bin/tar: ../../../../../usr/local/lib/android/sdk/platforms/android-34-ext8/data/res/values-mcc310-mnc410-si: Cannot utime: Operation not permitted
build	Cache Android SDK	2026-06-06T12:23:00.5349860Z /usr/bin/tar: ../../../../../usr/local/lib/android/sdk/platforms/android-34-ext8/data/res/values-mcc310-mnc410-si: Cannot change mode to rwxr-xr-x: Operation not permitted
build	Cache Android SDK	2026-06-06T12:23:00.5355819Z /usr/bin/tar: ../../../../../usr/local/lib/android/sdk/platforms/android-34-ext8/data/res/values-mcc310-mnc270-hu: Cannot utime: Operation not permitted
build	Cache Android SDK	2026-06-06T12:23:00.5356282Z /usr/bin/tar: ../../../../../usr/local/lib/android/sdk/platforms/android-34-ext8/data/res/values-mcc310-mnc270-hu: Cannot change mode to rwxr-xr-x: Operation not permitted
build	Cache Android SDK	2026-06-06T12:23:00.5359315Z /usr/bin/tar: ../../../../../usr/local/lib/android/sdk/platforms/android-34-ext8/data/res/values-mcc310-mnc800-pa: Cannot utime: Operation not permitted
build	Cache Android SDK	2026-06-06T12:23:00.5359781Z /usr/bin/tar: ../../../../../usr/local/lib/android/sdk/platforms/android-34-ext8/data/res/values-mcc310-mnc800-pa: Cannot change mode to rwxr-xr-x: Operation not permitted
build	Cache Android SDK	2026-06-06T12:23:00.5367732Z /usr/bin/tar: ../../../../../usr/local/lib/android/sdk/platforms/android-34-ext8/data/res/values-mn: Cannot utime: Operation not permitted
build	Cache Android SDK	2026-06-06T12:23:00.5368191Z /usr/bin/tar: ../../../../../usr/local/lib/android/sdk/platforms/android-34-ext8/data/res/values-mn: Cannot change mode to rwxr-xr-x: Operation not permitted
build	Cache Android SDK	2026-06-06T12:23:00.5371127Z /usr/bin/tar: ../../../../../usr/local/lib/android/sdk/platforms/android-34-ext8/data/res/values-lv-rLV: Cannot utime: Operation not permitted
build	Cache Android SDK	2026-06-06T12:23:00.5371572Z /usr/bin/tar: ../../../../../usr/local/lib/android/sdk/platforms/android-34-ext8/data/res/values-lv-rLV: Cannot change mode to rwxr-xr-x: Operation not permitted
build	Cache Android SDK	2026-06-06T12:23:00.5374256Z /usr/bin/tar: ../../../../../usr/local/lib/android/sdk/platforms/android-34-ext8/data/res/values-mcc313-mnc100-lt: Cannot utime: Operation not permitted
build	Cache Android SDK	2026-06-06T12:23:00.5374733Z /usr/bin/tar: ../../../../../usr/local/lib/android/sdk/platforms/android-34-ext8/data/res/values-mcc313-mnc100-lt: Cannot change mode to rwxr-xr-x: Operation not permitted
build	Cache Android SDK	2026-06-06T12:23:00.5377804Z /usr/bin/tar: ../../../../../usr/local/lib/android/sdk/platforms/android-34-ext8/data/res/raw-it: Cannot utime: Operation not permitted
build	Cache Android SDK	2026-06-06T12:23:00.5378263Z /usr/bin/tar: ../../../../../usr/local/lib/android/sdk/platforms/android-34-ext8/data/res/raw-it: Cannot change mode to rwxr-xr-x: Operation not permitted
build	Cache Android SDK	2026-06-06T12:23:00.5380904Z /usr/bin/tar: ../../../../../usr/local/lib/android/sdk/platforms/android-34-ext8/data/res/values-mcc312-mnc670-my: Cannot utime: Operation not permitted
build	Cache Android SDK	2026-06-06T12:23:00.5381504Z /usr/bin/tar: ../../../../../usr/local/lib/android/sdk/platforms/android-34-ext8/data/res/values-mcc312-mnc670-my: Cannot change mode to rwxr-xr-x: Operation not permitted
build	Cache Android SDK	2026-06-06T12:23:00.5384544Z /usr/bin/tar: ../../../../../usr/local/lib/android/sdk/platforms/android-34-ext8/data/res/values-sr-watch: Cannot utime: Operation not permitted
build	Cache Android SDK	2026-06-06T12:23:00.5385005Z /usr/bin/tar: ../../../../../usr/local/lib/android/sdk/platforms/android-34-ext8/data/res/values-sr-watch: Cannot change mode to rwxr-xr-x: Operation not permitted
build	Cache Android SDK	2026-06-06T12:23:00.5388293Z /usr/bin/tar: ../../../../../usr/local/lib/android/sdk/platforms/android-34-ext8/data/res/values-mcc310-mnc660-lv: Cannot utime: Operation not permitted
build	Cache Android SDK	2026-06-06T12:23:00.5388906Z /usr/bin/tar: ../../../../../usr/local/lib/android/sdk/platforms/android-34-ext8/data/res/values-mcc310-mnc660-lv: Cannot change mode to rwxr-xr-x: Operation not permitted
build	Cache Android SDK	2026-06-06T12:23:00.5391169Z /usr/bin/tar: ../../../../../usr/local/lib/android/sdk/platforms/android-34-ext8/data/res/values-mcc001-mnc01-en-rAU: Cannot utime: Operation not permitted
build	Cache Android SDK	2026-06-06T12:23:00.5391765Z /usr/bin/tar: ../../../../../usr/local/lib/android/sdk/platforms/android-34-ext8/data/res/values-mcc001-mnc01-en-rAU: Cannot change mode to rwxr-xr-x: Operation not permitted
build	Cache Android SDK	2026-06-06T12:23:00.5394495Z /usr/bin/tar: ../../../../../usr/local/lib/android/sdk/platforms/android-34-ext8/data/res/values-mcc310-mnc660-mn: Cannot utime: Operation not permitted
build	Cache Android SDK	2026-06-06T12:23:00.5394971Z /usr/bin/tar: ../../../../../usr/local/lib/android/sdk/platforms/android-34-ext8/data/res/values-mcc310-mnc660-mn: Cannot change mode to rwxr-xr-x: Operation not permitted
build	Cache Android SDK	2026-06-06T12:23:00.5397535Z /usr/bin/tar: ../../../../../usr/local/lib/android/sdk/platforms/android-34-ext8/data/res/values-mcc313-mnc100-pt-rPT: Cannot utime: Operation not permitted
build	Cache Android SDK	2026-06-06T12:23:00.5398076Z /usr/bin/tar: ../../../../../usr/local/lib/android/sdk/platforms/android-34-ext8/data/res/values-mcc313-mnc100-pt-rPT: Cannot change mode to rwxr-xr-x: Operation not permitted
build	Cache Android SDK	2026-06-06T12:23:00.5400505Z /usr/bin/tar: ../../../../../usr/local/lib/android/sdk/platforms/android-34-ext8/data/res/values-mcc302-mnc720-et: Cannot utime: Operation not permitted
build	Cache Android SDK	2026-06-06T12:23:00.5400975Z /usr/bin/tar: ../../../../../usr/local/lib/android/sdk/platforms/android-34-ext8/data/res/values-mcc302-mnc720-et: Cannot change mode to rwxr-xr-x: Operation not permitted
build	Cache Android SDK	2026-06-06T12:23:00.5403265Z /usr/bin/tar: ../../../../../usr/local/lib/android/sdk/platforms/android-34-ext8/data/res/values-mcc310-mnc410-zu: Cannot utime: Operation not permitted
build	Cache Android SDK	2026-06-06T12:23:00.5403744Z /usr/bin/tar: ../../../../../usr/local/lib/android/sdk/platforms/android-34-ext8/data/res/values-mcc310-mnc410-zu: Cannot change mode to rwxr-xr-x: Operation not permitted
build	Cache Android SDK	2026-06-06T12:23:00.5411288Z /usr/bin/tar: ../../../../../usr/local/lib/android/sdk/platforms/android-34-ext8/data/res/values-zu: Cannot utime: Operation not permitted
build	Cache Android SDK	2026-06-06T12:23:00.5411981Z /usr/bin/tar: ../../../../../usr/local/lib/android/sdk/platforms/android-34-ext8/data/res/values-zu: Cannot change mode to rwxr-xr-x: Operation not permitted
build	Cache Android SDK	2026-06-06T12:23:00.5414096Z /usr/bin/tar: ../../../../../usr/local/lib/android/sdk/platforms/android-34-ext8/data/res/values-mcc310-mnc150-mk: Cannot utime: Operation not permitted
build	Cache Android SDK	2026-06-06T12:23:00.5414580Z /usr/bin/tar: ../../../../../usr/local/lib/android/sdk/platforms/android-34-ext8/data/res/values-mcc310-mnc150-mk: Cannot change mode to rwxr-xr-x: Operation not permitted
build	Cache Android SDK	2026-06-06T12:23:00.5416932Z /usr/bin/tar: ../../../../../usr/local/lib/android/sdk/platforms/android-34-ext8/data/res/values-mcc310-mnc410-zh-rHK: Cannot utime: Operation not permitted
build	Cache Android SDK	2026-06-06T12:23:00.5417665Z /usr/bin/tar: ../../../../../usr/local/lib/android/sdk/platforms/android-34-ext8/data/res/values-mcc310-mnc410-zh-rHK: Cannot change mode to rwxr-xr-x: Operation not permitted
build	Cache Android SDK	2026-06-06T12:23:00.5420455Z /usr/bin/tar: ../../../../../usr/local/lib/android/sdk/platforms/android-34-ext8/data/res/values-mcc310-mnc280-tl: Cannot utime: Operation not permitted
build	Cache Android SDK	2026-06-06T12:23:00.5421275Z /usr/bin/tar: ../../../../../usr/local/lib/android/sdk/platforms/android-34-ext8/data/res/values-mcc310-mnc280-tl: Cannot change mode to rwxr-xr-x: Operation not permitted
build	Cache Android SDK	2026-06-06T12:23:00.5422918Z /usr/bin/tar: ../../../../../usr/local/lib/android/sdk/platforms/android-34-ext8/data/res/values-mcc310-mnc200-pt-rBR: Cannot utime: Operation not permitted
build	Cache Android SDK	2026-06-06T12:23:00.5423414Z /usr/bin/tar: ../../../../../usr/local/lib/android/sdk/platforms/android-34-ext8/data/res/values-mcc310-mnc200-pt-rBR: Cannot change mode to rwxr-xr-x: Operation not permitted
build	Cache Android SDK	2026-06-06T12:23:00.5425763Z /usr/bin/tar: ../../../../../usr/local/lib/android/sdk/platforms/android-34-ext8/data/res/values-mcc310-mnc410-en-rCA: Cannot utime: Operation not permitted
build	Cache Android SDK	2026-06-06T12:23:00.5426273Z /usr/bin/tar: ../../../../../usr/local/lib/android/sdk/platforms/android-34-ext8/data/res/values-mcc310-mnc410-en-rCA: Cannot change mode to rwxr-xr-x: Operation not permitted
build	Cache Android SDK	2026-06-06T12:23:00.5429047Z /usr/bin/tar: ../../../../../usr/local/lib/android/sdk/platforms/android-34-ext8/data/res/values-mcc310-mnc030-ro: Cannot utime: Operation not permitted
build	Cache Android SDK	2026-06-06T12:23:00.5429546Z /usr/bin/tar: ../../../../../usr/local/lib/android/sdk/platforms/android-34-ext8/data/res/values-mcc310-mnc030-ro: Cannot change mode to rwxr-xr-x: Operation not permitted
build	Cache Android SDK	2026-06-06T12:23:00.5431680Z /usr/bin/tar: ../../../../../usr/local/lib/android/sdk/platforms/android-34-ext8/data/res/values-mcc310-mnc380-ky: Cannot utime: Operation not permitted
build	Cache Android SDK	2026-06-06T12:23:00.5432280Z /usr/bin/tar: ../../../../../usr/local/lib/android/sdk/platforms/android-34-ext8/data/res/values-mcc310-mnc380-ky: Cannot change mode to rwxr-xr-x: Operation not permitted
build	Cache Android SDK	2026-06-06T12:23:00.5434750Z /usr/bin/tar: ../../../../../usr/local/lib/android/sdk/platforms/android-34-ext8/data/res/values-mcc310-mnc800-et: Cannot utime: Operation not permitted
build	Cache Android SDK	2026-06-06T12:23:00.5435258Z /usr/bin/tar: ../../../../../usr/local/lib/android/sdk/platforms/android-34-ext8/data/res/values-mcc310-mnc800-et: Cannot change mode to rwxr-xr-x: Operation not permitted
build	Cache Android SDK	2026-06-06T12:23:00.5441880Z /usr/bin/tar: ../../../../../usr/local/lib/android/sdk/platforms/android-34-ext8/data/res/values-be: Cannot utime: Operation not permitted
build	Cache Android SDK	2026-06-06T12:23:00.5442335Z /usr/bin/tar: ../../../../../usr/local/lib/android/sdk/platforms/android-34-ext8/data/res/values-be: Cannot change mode to rwxr-xr-x: Operation not permitted
build	Cache Android SDK	2026-06-06T12:23:00.5444986Z /usr/bin/tar: ../../../../../usr/local/lib/android/sdk/platforms/android-34-ext8/data/res/values-mcc310-mnc310-el: Cannot utime: Operation not permitted
build	Cache Android SDK	2026-06-06T12:23:00.5445461Z /usr/bin/tar: ../../../../../usr/local/lib/android/sdk/platforms/android-34-ext8/data/res/values-mcc310-mnc310-el: Cannot change mode to rwxr-xr-x: Operation not permitted
build	Cache Android SDK	2026-06-06T12:23:00.5448492Z /usr/bin/tar: ../../../../../usr/local/lib/android/sdk/platforms/android-34-ext8/data/res/values-mcc310-mnc490-ta: Cannot utime: Operation not permitted
build	Cache Android SDK	2026-06-06T12:23:00.5449000Z /usr/bin/tar: ../../../../../usr/local/lib/android/sdk/platforms/android-34-ext8/data/res/values-mcc310-mnc490-ta: Cannot change mode to rwxr-xr-x: Operation not permitted
build	Cache Android SDK	2026-06-06T12:23:00.5451600Z /usr/bin/tar: ../../../../../usr/local/lib/android/sdk/platforms/android-34-ext8/data/res/values-mcc310-mnc310-hu: Cannot utime: Operation not permitted
build	Cache Android SDK	2026-06-06T12:23:00.5452099Z /usr/bin/tar: ../../../../../usr/local/lib/android/sdk/platforms/android-34-ext8/data/res/values-mcc310-mnc310-hu: Cannot change mode to rwxr-xr-x: Operation not permitted
build	Cache Android SDK	2026-06-06T12:23:00.5454397Z /usr/bin/tar: ../../../../../usr/local/lib/android/sdk/platforms/android-34-ext8/data/res/values-mcc310-mnc800-ko: Cannot utime: Operation not permitted
build	Cache Android SDK	2026-06-06T12:23:00.5454907Z /usr/bin/tar: ../../../../../usr/local/lib/android/sdk/platforms/android-34-ext8/data/res/values-mcc310-mnc800-ko: Cannot change mode to rwxr-xr-x: Operation not permitted
build	Cache Android SDK	2026-06-06T12:23:00.5457721Z /usr/bin/tar: ../../../../../usr/local/lib/android/sdk/platforms/android-34-ext8/data/res/values-mcc311-mnc180-km: Cannot utime: Operation not permitted
build	Cache Android SDK	2026-06-06T12:23:00.5458260Z /usr/bin/tar: ../../../../../usr/local/lib/android/sdk/platforms/android-34-ext8/data/res/values-mcc311-mnc180-km: Cannot change mode to rwxr-xr-x: Operation not permitted
build	Cache Android SDK	2026-06-06T12:23:00.5460716Z /usr/bin/tar: ../../../../../usr/local/lib/android/sdk/platforms/android-34-ext8/data/res/values-mcc310-mnc660-az: Cannot utime: Operation not permitted
build	Cache Android SDK	2026-06-06T12:23:00.5461281Z /usr/bin/tar: ../../../../../usr/local/lib/android/sdk/platforms/android-34-ext8/data/res/values-mcc310-mnc660-az: Cannot change mode to rwxr-xr-x: Operation not permitted
build	Cache Android SDK	2026-06-06T12:23:00.5463660Z /usr/bin/tar: ../../../../../usr/local/lib/android/sdk/platforms/android-34-ext8/data/res/values-mcc310-mnc210-zh-rHK: Cannot utime: Operation not permitted
build	Cache Android SDK	2026-06-06T12:23:00.5464164Z /usr/bin/tar: ../../../../../usr/local/lib/android/sdk/platforms/android-34-ext8/data/res/values-mcc310-mnc210-zh-rHK: Cannot change mode to rwxr-xr-x: Operation not permitted
build	Cache Android SDK	2026-06-06T12:23:00.5467263Z /usr/bin/tar: ../../../../../usr/local/lib/android/sdk/platforms/android-34-ext8/data/res/values-ja-watch: Cannot utime: Operation not permitted
build	Cache Android SDK	2026-06-06T12:23:00.5468013Z /usr/bin/tar: ../../../../../usr/local/lib/android/sdk/platforms/android-34-ext8/data/res/values-ja-watch: Cannot change mode to rwxr-xr-x: Operation not permitted
build	Cache Android SDK	2026-06-06T12:23:00.5470365Z /usr/bin/tar: ../../../../../usr/local/lib/android/sdk/platforms/android-34-ext8/data/res/values-mcc312-mnc670-zh-rCN: Cannot utime: Operation not permitted
build	Cache Android SDK	2026-06-06T12:23:00.5470850Z /usr/bin/tar: ../../../../../usr/local/lib/android/sdk/platforms/android-34-ext8/data/res/values-mcc312-mnc670-zh-rCN: Cannot change mode to rwxr-xr-x: Operation not permitted
build	Cache Android SDK	2026-06-06T12:23:00.5473491Z /usr/bin/tar: ../../../../../usr/local/lib/android/sdk/platforms/android-34-ext8/data/res/values-mcc302-mnc370-en-rXC: Cannot utime: Operation not permitted
build	Cache Android SDK	2026-06-06T12:23:00.5474015Z /usr/bin/tar: ../../../../../usr/local/lib/android/sdk/platforms/android-34-ext8/data/res/values-mcc302-mnc370-en-rXC: Cannot change mode to rwxr-xr-x: Operation not permitted
build	Cache Android SDK	2026-06-06T12:23:00.5476329Z /usr/bin/tar: ../../../../../usr/local/lib/android/sdk/platforms/android-34-ext8/data/res/values-mcc310-mnc160-kn: Cannot utime: Operation not permitted
build	Cache Android SDK	2026-06-06T12:23:00.5476813Z /usr/bin/tar: ../../../../../usr/local/lib/android/sdk/platforms/android-34-ext8/data/res/values-mcc310-mnc160-kn: Cannot change mode to rwxr-xr-x: Operation not permitted
build	Cache Android SDK	2026-06-06T12:23:00.5480681Z /usr/bin/tar: ../../../../../usr/local/lib/android/sdk/platforms/android-34-ext8/data/res/values-mcc310-mnc170-th: Cannot utime: Operation not permitted
build	Cache Android SDK	2026-06-06T12:23:00.5481173Z /usr/bin/tar: ../../../../../usr/local/lib/android/sdk/platforms/android-34-ext8/data/res/values-mcc310-mnc170-th: Cannot change mode to rwxr-xr-x: Operation not permitted
build	Cache Android SDK	2026-06-06T12:23:00.5487300Z /usr/bin/tar: ../../../../../usr/local/lib/android/sdk/platforms/android-34-ext8/data/res/values-en-rCA: Cannot utime: Operation not permitted
build	Cache Android SDK	2026-06-06T12:23:00.5487913Z /usr/bin/tar: ../../../../../usr/local/lib/android/sdk/platforms/android-34-ext8/data/res/values-en-rCA: Cannot change mode to rwxr-xr-x: Operation not permitted
build	Cache Android SDK	2026-06-06T12:23:00.5490537Z /usr/bin/tar: ../../../../../usr/local/lib/android/sdk/platforms/android-34-ext8/data/res/values-mcc310-mnc490-vi: Cannot utime: Operation not permitted
build	Cache Android SDK	2026-06-06T12:23:00.5491010Z /usr/bin/tar: ../../../../../usr/local/lib/android/sdk/platforms/android-34-ext8/data/res/values-mcc310-mnc490-vi: Cannot change mode to rwxr-xr-x: Operation not permitted
build	Cache Android SDK	2026-06-06T12:23:00.5493813Z /usr/bin/tar: ../../../../../usr/local/lib/android/sdk/platforms/android-34-ext8/data/res/values-mcc310-mnc210-eu: Cannot utime: Operation not permitted
build	Cache Android SDK	2026-06-06T12:23:00.5494271Z /usr/bin/tar: ../../../../../usr/local/lib/android/sdk/platforms/android-34-ext8/data/res/values-mcc310-mnc210-eu: Cannot change mode to rwxr-xr-x: Operation not permitted
build	Cache Android SDK	2026-06-06T12:23:00.5498046Z /usr/bin/tar: ../../../../../usr/local/lib/android/sdk/platforms/android-34-ext8/data/res/values-mcc312-mnc670-si: Cannot utime: Operation not permitted
build	Cache Android SDK	2026-06-06T12:23:00.5498512Z /usr/bin/tar: ../../../../../usr/local/lib/android/sdk/platforms/android-34-ext8/data/res/values-mcc312-mnc670-si: Cannot change mode to rwxr-xr-x: Operation not permitted
build	Cache Android SDK	2026-06-06T12:23:00.5501473Z /usr/bin/tar: ../../../../../usr/local/lib/android/sdk/platforms/android-34-ext8/data/res/mipmap-mdpi: Cannot utime: Operation not permitted
build	Cache Android SDK	2026-06-06T12:23:00.5502046Z /usr/bin/tar: ../../../../../usr/local/lib/android/sdk/platforms/android-34-ext8/data/res/mipmap-mdpi: Cannot change mode to rwxr-xr-x: Operation not permitted
build	Cache Android SDK	2026-06-06T12:23:00.5504683Z /usr/bin/tar: ../../../../../usr/local/lib/android/sdk/platforms/android-34-ext8/data/res/values-mcc310-mnc170-is: Cannot utime: Operation not permitted
build	Cache Android SDK	2026-06-06T12:23:00.5505276Z /usr/bin/tar: ../../../../../usr/local/lib/android/sdk/platforms/android-34-ext8/data/res/values-mcc310-mnc170-is: Cannot change mode to rwxr-xr-x: Operation not permitted
build	Cache Android SDK	2026-06-06T12:23:00.5507771Z /usr/bin/tar: ../../../../../usr/local/lib/android/sdk/platforms/android-34-ext8/data/res/values-mcc310-mnc950-et: Cannot utime: Operation not permitted
build	Cache Android SDK	2026-06-06T12:23:00.5508323Z /usr/bin/tar: ../../../../../usr/local/lib/android/sdk/platforms/android-34-ext8/data/res/values-mcc310-mnc950-et: Cannot change mode to rwxr-xr-x: Operation not permitted
build	Cache Android SDK	2026-06-06T12:23:00.5510603Z /usr/bin/tar: ../../../../../usr/local/lib/android/sdk/platforms/android-34-ext8/data/res/values-mcc310-mnc200-gu: Cannot utime: Operation not permitted
build	Cache Android SDK	2026-06-06T12:23:00.5511075Z /usr/bin/tar: ../../../../../usr/local/lib/android/sdk/platforms/android-34-ext8/data/res/values-mcc310-mnc200-gu: Cannot change mode to rwxr-xr-x: Operation not permitted
build	Cache Android SDK	2026-06-06T12:23:00.5513642Z /usr/bin/tar: ../../../../../usr/local/lib/android/sdk/platforms/android-34-ext8/data/res/values-mcc313-mnc100-ar: Cannot utime: Operation not permitted
build	Cache Android SDK	2026-06-06T12:23:00.5514128Z /usr/bin/tar: ../../../../../usr/local/lib/android/sdk/platforms/android-34-ext8/data/res/values-mcc313-mnc100-ar: Cannot change mode to rwxr-xr-x: Operation not permitted
build	Cache Android SDK	2026-06-06T12:23:00.5516536Z /usr/bin/tar: ../../../../../usr/local/lib/android/sdk/platforms/android-34-ext8/data/res/values-mcc001-mnc01-nl: Cannot utime: Operation not permitted
build	Cache Android SDK	2026-06-06T12:23:00.5516997Z /usr/bin/tar: ../../../../../usr/local/lib/android/sdk/platforms/android-34-ext8/data/res/values-mcc001-mnc01-nl: Cannot change mode to rwxr-xr-x: Operation not permitted
build	Cache Android SDK	2026-06-06T12:23:00.5519908Z /usr/bin/tar: ../../../../../usr/local/lib/android/sdk/platforms/android-34-ext8/data/res/values-mcc310-mnc270-pt-rBR: Cannot utime: Operation not permitted
build	Cache Android SDK	2026-06-06T12:23:00.5520397Z /usr/bin/tar: ../../../../../usr/local/lib/android/sdk/platforms/android-34-ext8/data/res/values-mcc310-mnc270-pt-rBR: Cannot change mode to rwxr-xr-x: Operation not permitted
build	Cache Android SDK	2026-06-06T12:23:00.5522856Z /usr/bin/tar: ../../../../../usr/local/lib/android/sdk/platforms/android-34-ext8/data/res/values-mcc310-mnc410-nb: Cannot utime: Operation not permitted
build	Cache Android SDK	2026-06-06T12:23:00.5523352Z /usr/bin/tar: ../../../../../usr/local/lib/android/sdk/platforms/android-34-ext8/data/res/values-mcc310-mnc410-nb: Cannot change mode to rwxr-xr-x: Operation not permitted
build	Cache Android SDK	2026-06-06T12:23:00.5526177Z /usr/bin/tar: ../../../../../usr/local/lib/android/sdk/platforms/android-34-ext8/data/res/values-iw-television: Cannot utime: Operation not permitted
build	Cache Android SDK	2026-06-06T12:23:00.5526686Z /usr/bin/tar: ../../../../../usr/local/lib/android/sdk/platforms/android-34-ext8/data/res/values-iw-television: Cannot change mode to rwxr-xr-x: Operation not permitted
build	Cache Android SDK	2026-06-06T12:23:00.5529112Z /usr/bin/tar: ../../../../../usr/local/lib/android/sdk/platforms/android-34-ext8/data/res/values-mcc334-mnc020-da: Cannot utime: Operation not permitted
build	Cache Android SDK	2026-06-06T12:23:00.5529719Z /usr/bin/tar: ../../../../../usr/local/lib/android/sdk/platforms/android-34-ext8/data/res/values-mcc334-mnc020-da: Cannot change mode to rwxr-xr-x: Operation not permitted
build	Cache Android SDK	2026-06-06T12:23:00.5532041Z /usr/bin/tar: ../../../../../usr/local/lib/android/sdk/platforms/android-34-ext8/data/res/values-mcc001-mnc01-zh-rHK: Cannot utime: Operation not permitted
build	Cache Android SDK	2026-06-06T12:23:00.5532528Z /usr/bin/tar: ../../../../../usr/local/lib/android/sdk/platforms/android-34-ext8/data/res/values-mcc001-mnc01-zh-rHK: Cannot change mode to rwxr-xr-x: Operation not permitted
build	Cache Android SDK	2026-06-06T12:23:00.5535070Z /usr/bin/tar: ../../../../../usr/local/lib/android/sdk/platforms/android-34-ext8/data/res/values-mcc310-mnc270-ar: Cannot utime: Operation not permitted
build	Cache Android SDK	2026-06-06T12:23:00.5535561Z /usr/bin/tar: ../../../../../usr/local/lib/android/sdk/platforms/android-34-ext8/data/res/values-mcc310-mnc270-ar: Cannot change mode to rwxr-xr-x: Operation not permitted
build	Cache Android SDK	2026-06-06T12:23:00.5537883Z /usr/bin/tar: ../../../../../usr/local/lib/android/sdk/platforms/android-34-ext8/data/res/values-mcc001-mnc01-tr: Cannot utime: Operation not permitted
build	Cache Android SDK	2026-06-06T12:23:00.5538462Z /usr/bin/tar: ../../../../../usr/local/lib/android/sdk/platforms/android-34-ext8/data/res/values-mcc001-mnc01-tr: Cannot change mode to rwxr-xr-x: Operation not permitted
build	Cache Android SDK	2026-06-06T12:23:00.5541065Z /usr/bin/tar: ../../../../../usr/local/lib/android/sdk/platforms/android-34-ext8/data/res/values-mcc310-mnc030-mn: Cannot utime: Operation not permitted
build	Cache Android SDK	2026-06-06T12:23:00.5541646Z /usr/bin/tar: ../../../../../usr/local/lib/android/sdk/platforms/android-34-ext8/data/res/values-mcc310-mnc030-mn: Cannot change mode to rwxr-xr-x: Operation not permitted
build	Cache Android SDK	2026-06-06T12:23:00.5544035Z /usr/bin/tar: ../../../../../usr/local/lib/android/sdk/platforms/android-34-ext8/data/res/values-mcc302-mnc720-en-rXC: Cannot utime: Operation not permitted
build	Cache Android SDK	2026-06-06T12:23:00.5544556Z /usr/bin/tar: ../../../../../usr/local/lib/android/sdk/platforms/android-34-ext8/data/res/values-mcc302-mnc720-en-rXC: Cannot change mode to rwxr-xr-x: Operation not permitted
build	Cache Android SDK	2026-06-06T12:23:00.5547100Z /usr/bin/tar: ../../../../../usr/local/lib/android/sdk/platforms/android-34-ext8/data/res/values-mcc310-mnc160-nb: Cannot utime: Operation not permitted
build	Cache Android SDK	2026-06-06T12:23:00.5547806Z /usr/bin/tar: ../../../../../usr/local/lib/android/sdk/platforms/android-34-ext8/data/res/values-mcc310-mnc160-nb: Cannot change mode to rwxr-xr-x: Operation not permitted
build	Cache Android SDK	2026-06-06T12:23:00.5549996Z /usr/bin/tar: ../../../../../usr/local/lib/android/sdk/platforms/android-34-ext8/data/res/values-mcc310-mnc150-da: Cannot utime: Operation not permitted
build	Cache Android SDK	2026-06-06T12:23:00.5550499Z /usr/bin/tar: ../../../../../usr/local/lib/android/sdk/platforms/android-34-ext8/data/res/values-mcc310-mnc150-da: Cannot change mode to rwxr-xr-x: Operation not permitted
build	Cache Android SDK	2026-06-06T12:23:00.5554285Z /usr/bin/tar: ../../../../../usr/local/lib/android/sdk/platforms/android-34-ext8/data/res/values-mcc310-mnc800-en-rGB: Cannot utime: Operation not permitted
build	Cache Android SDK	2026-06-06T12:23:00.5555267Z /usr/bin/tar: ../../../../../usr/local/lib/android/sdk/platforms/android-34-ext8/data/res/values-mcc310-mnc800-en-rGB: Cannot change mode to rwxr-xr-x: Operation not permitted
build	Cache Android SDK	2026-06-06T12:23:00.5557652Z /usr/bin/tar: ../../../../../usr/local/lib/android/sdk/platforms/android-34-ext8/data/res/values-mcc310-mnc170-bn: Cannot utime: Operation not permitted
build	Cache Android SDK	2026-06-06T12:23:00.5558136Z /usr/bin/tar: ../../../../../usr/local/lib/android/sdk/platforms/android-34-ext8/data/res/values-mcc310-mnc170-bn: Cannot change mode to rwxr-xr-x: Operation not permitted
build	Cache Android SDK	2026-06-06T12:23:00.5560746Z /usr/bin/tar: ../../../../../usr/local/lib/android/sdk/platforms/android-34-ext8/data/res/values-mcc310-mnc150-zh-rHK: Cannot utime: Operation not permitted
build	Cache Android SDK	2026-06-06T12:23:00.5561289Z /usr/bin/tar: ../../../../../usr/local/lib/android/sdk/platforms/android-34-ext8/data/res/values-mcc310-mnc150-zh-rHK: Cannot change mode to rwxr-xr-x: Operation not permitted
build	Cache Android SDK	2026-06-06T12:23:00.5564210Z /usr/bin/tar: ../../../../../usr/local/lib/android/sdk/platforms/android-34-ext8/data/res/values-de-television: Cannot utime: Operation not permitted
build	Cache Android SDK	2026-06-06T12:23:00.5564736Z /usr/bin/tar: ../../../../../usr/local/lib/android/sdk/platforms/android-34-ext8/data/res/values-de-television: Cannot change mode to rwxr-xr-x: Operation not permitted
build	Cache Android SDK	2026-06-06T12:23:00.5567236Z /usr/bin/tar: ../../../../../usr/local/lib/android/sdk/platforms/android-34-ext8/data/res/values-mcc310-mnc230-da: Cannot utime: Operation not permitted
build	Cache Android SDK	2026-06-06T12:23:00.5567845Z /usr/bin/tar: ../../../../../usr/local/lib/android/sdk/platforms/android-34-ext8/data/res/values-mcc310-mnc230-da: Cannot change mode to rwxr-xr-x: Operation not permitted
build	Cache Android SDK	2026-06-06T12:23:00.5570488Z /usr/bin/tar: ../../../../../usr/local/lib/android/sdk/platforms/android-34-ext8/data/res/values-mcc302-mnc370-af: Cannot utime: Operation not permitted
build	Cache Android SDK	2026-06-06T12:23:00.5570980Z /usr/bin/tar: ../../../../../usr/local/lib/android/sdk/platforms/android-34-ext8/data/res/values-mcc302-mnc370-af: Cannot change mode to rwxr-xr-x: Operation not permitted
build	Cache Android SDK	2026-06-06T12:23:00.5573676Z /usr/bin/tar: ../../../../../usr/local/lib/android/sdk/platforms/android-34-ext8/data/res/values-mcc310-mnc800-th: Cannot utime: Operation not permitted
build	Cache Android SDK	2026-06-06T12:23:00.5574148Z /usr/bin/tar: ../../../../../usr/local/lib/android/sdk/platforms/android-34-ext8/data/res/values-mcc310-mnc800-th: Cannot change mode to rwxr-xr-x: Operation not permitted
build	Cache Android SDK	2026-06-06T12:23:00.5577005Z /usr/bin/tar: ../../../../../usr/local/lib/android/sdk/platforms/android-34-ext8/data/res/values-mcc310-mnc490-lo: Cannot utime: Operation not permitted
build	Cache Android SDK	2026-06-06T12:23:00.5577657Z /usr/bin/tar: ../../../../../usr/local/lib/android/sdk/platforms/android-34-ext8/data/res/values-mcc310-mnc490-lo: Cannot change mode to rwxr-xr-x: Operation not permitted
build	Cache Android SDK	2026-06-06T12:23:00.5580314Z /usr/bin/tar: ../../../../../usr/local/lib/android/sdk/platforms/android-34-ext8/data/res/values-mcc310-mnc950-sq: Cannot utime: Operation not permitted
build	Cache Android SDK	2026-06-06T12:23:00.5580795Z /usr/bin/tar: ../../../../../usr/local/lib/android/sdk/platforms/android-34-ext8/data/res/values-mcc310-mnc950-sq: Cannot change mode to rwxr-xr-x: Operation not permitted
build	Cache Android SDK	2026-06-06T12:23:00.5583415Z /usr/bin/tar: ../../../../../usr/local/lib/android/sdk/platforms/android-34-ext8/data/res/values-fa-watch: Cannot utime: Operation not permitted
build	Cache Android SDK	2026-06-06T12:23:00.5583935Z /usr/bin/tar: ../../../../../usr/local/lib/android/sdk/platforms/android-34-ext8/data/res/values-fa-watch: Cannot change mode to rwxr-xr-x: Operation not permitted
build	Cache Android SDK	2026-06-06T12:23:00.5586313Z /usr/bin/tar: ../../../../../usr/local/lib/android/sdk/platforms/android-34-ext8/data/res/values-mcc310-mnc170-sw: Cannot utime: Operation not permitted
build	Cache Android SDK	2026-06-06T12:23:00.5586786Z /usr/bin/tar: ../../../../../usr/local/lib/android/sdk/platforms/android-34-ext8/data/res/values-mcc310-mnc170-sw: Cannot change mode to rwxr-xr-x: Operation not permitted
build	Cache Android SDK	2026-06-06T12:23:00.5589751Z /usr/bin/tar: ../../../../../usr/local/lib/android/sdk/platforms/android-34-ext8/data/res/values-mcc310-mnc250-sr: Cannot utime: Operation not permitted
build	Cache Android SDK	2026-06-06T12:23:00.5590226Z /usr/bin/tar: ../../../../../usr/local/lib/android/sdk/platforms/android-34-ext8/data/res/values-mcc310-mnc250-sr: Cannot change mode to rwxr-xr-x: Operation not permitted
build	Cache Android SDK	2026-06-06T12:23:00.5593278Z /usr/bin/tar: ../../../../../usr/local/lib/android/sdk/platforms/android-34-ext8/data/res/values-mcc311-mnc180-hr: Cannot utime: Operation not permitted
build	Cache Android SDK	2026-06-06T12:23:00.5593786Z /usr/bin/tar: ../../../../../usr/local/lib/android/sdk/platforms/android-34-ext8/data/res/values-mcc311-mnc180-hr: Cannot change mode to rwxr-xr-x: Operation not permitted
build	Cache Android SDK	2026-06-06T12:23:00.5596384Z /usr/bin/tar: ../../../../../usr/local/lib/android/sdk/platforms/android-34-ext8/data/res/values-mcc310-mnc560-da: Cannot utime: Operation not permitted
build	Cache Android SDK	2026-06-06T12:23:00.5597256Z /usr/bin/tar: ../../../../../usr/local/lib/android/sdk/platforms/android-34-ext8/data/res/values-mcc310-mnc560-da: Cannot change mode to rwxr-xr-x: Operation not permitted
build	Cache Android SDK	2026-06-06T12:23:00.5600084Z /usr/bin/tar: ../../../../../usr/local/lib/android/sdk/platforms/android-34-ext8/data/res/values-af-television: Cannot utime: Operation not permitted
build	Cache Android SDK	2026-06-06T12:23:00.5600600Z /usr/bin/tar: ../../../../../usr/local/lib/android/sdk/platforms/android-34-ext8/data/res/values-af-television: Cannot change mode to rwxr-xr-x: Operation not permitted
build	Cache Android SDK	2026-06-06T12:23:00.5606788Z /usr/bin/tar: ../../../../../usr/local/lib/android/sdk/platforms/android-34-ext8/data/res/values-tr: Cannot utime: Operation not permitted
build	Cache Android SDK	2026-06-06T12:23:00.5607534Z /usr/bin/tar: ../../../../../usr/local/lib/android/sdk/platforms/android-34-ext8/data/res/values-tr: Cannot change mode to rwxr-xr-x: Operation not permitted
build	Cache Android SDK	2026-06-06T12:23:00.5610593Z /usr/bin/tar: ../../../../../usr/local/lib/android/sdk/platforms/android-34-ext8/data/res/values-mcc232: Cannot utime: Operation not permitted
build	Cache Android SDK	2026-06-06T12:23:00.5611223Z /usr/bin/tar: ../../../../../usr/local/lib/android/sdk/platforms/android-34-ext8/data/res/values-mcc232: Cannot change mode to rwxr-xr-x: Operation not permitted
build	Cache Android SDK	2026-06-06T12:23:00.5613500Z /usr/bin/tar: ../../../../../usr/local/lib/android/sdk/platforms/android-34-ext8/data/res/values-mcc310-mnc950-ca: Cannot utime: Operation not permitted
build	Cache Android SDK	2026-06-06T12:23:00.5614210Z /usr/bin/tar: ../../../../../usr/local/lib/android/sdk/platforms/android-34-ext8/data/res/values-mcc310-mnc950-ca: Cannot change mode to rwxr-xr-x: Operation not permitted
build	Cache Android SDK	2026-06-06T12:23:00.5617319Z /usr/bin/tar: ../../../../../usr/local/lib/android/sdk/platforms/android-34-ext8/data/res/values-mcc001-mnc01-zh-rTW: Cannot utime: Operation not permitted
build	Cache Android SDK	2026-06-06T12:23:00.5617981Z /usr/bin/tar: ../../../../../usr/local/lib/android/sdk/platforms/android-34-ext8/data/res/values-mcc001-mnc01-zh-rTW: Cannot change mode to rwxr-xr-x: Operation not permitted
build	Cache Android SDK	2026-06-06T12:23:00.5620481Z /usr/bin/tar: ../../../../../usr/local/lib/android/sdk/platforms/android-34-ext8/data/res/values-mcc310-mnc410-bg: Cannot utime: Operation not permitted
build	Cache Android SDK	2026-06-06T12:23:00.5621027Z /usr/bin/tar: ../../../../../usr/local/lib/android/sdk/platforms/android-34-ext8/data/res/values-mcc310-mnc410-bg: Cannot change mode to rwxr-xr-x: Operation not permitted
build	Cache Android SDK	2026-06-06T12:23:00.5623449Z /usr/bin/tar: ../../../../../usr/local/lib/android/sdk/platforms/android-34-ext8/data/res/values-mcc310-mnc270-be: Cannot utime: Operation not permitted
build	Cache Android SDK	2026-06-06T12:23:00.5623971Z /usr/bin/tar: ../../../../../usr/local/lib/android/sdk/platforms/android-34-ext8/data/res/values-mcc310-mnc270-be: Cannot change mode to rwxr-xr-x: Operation not permitted
build	Cache Android SDK	2026-06-06T12:23:00.5626552Z /usr/bin/tar: ../../../../../usr/local/lib/android/sdk/platforms/android-34-ext8/data/res/values-mcc302-mnc370-ar: Cannot utime: Operation not permitted
build	Cache Android SDK	2026-06-06T12:23:00.5627074Z /usr/bin/tar: ../../../../../usr/local/lib/android/sdk/platforms/android-34-ext8/data/res/values-mcc302-mnc370-ar: Cannot change mode to rwxr-xr-x: Operation not permitted
build	Cache Android SDK	2026-06-06T12:23:00.5629615Z /usr/bin/tar: ../../../../../usr/local/lib/android/sdk/platforms/android-34-ext8/data/res/values-mcc310-mnc250-lv: Cannot utime: Operation not permitted
build	Cache Android SDK	2026-06-06T12:23:00.5630170Z /usr/bin/tar: ../../../../../usr/local/lib/android/sdk/platforms/android-34-ext8/data/res/values-mcc310-mnc250-lv: Cannot change mode to rwxr-xr-x: Operation not permitted
build	Cache Android SDK	2026-06-06T12:23:00.5634962Z /usr/bin/tar: ../../../../../usr/local/lib/android/sdk/platforms/android-34-ext8/data/res/values-mcc310-mnc230-th: Cannot utime: Operation not permitted
build	Cache Android SDK	2026-06-06T12:23:00.5635440Z /usr/bin/tar: ../../../../../usr/local/lib/android/sdk/platforms/android-34-ext8/data/res/values-mcc310-mnc230-th: Cannot change mode to rwxr-xr-x: Operation not permitted
build	Cache Android SDK	2026-06-06T12:23:00.5637946Z /usr/bin/tar: ../../../../../usr/local/lib/android/sdk/platforms/android-34-ext8/data/res/values-mcc286: Cannot utime: Operation not permitted
build	Cache Android SDK	2026-06-06T12:23:00.5638461Z /usr/bin/tar: ../../../../../usr/local/lib/android/sdk/platforms/android-34-ext8/data/res/values-mcc286: Cannot change mode to rwxr-xr-x: Operation not permitted
build	Cache Android SDK	2026-06-06T12:23:00.5641000Z /usr/bin/tar: ../../../../../usr/local/lib/android/sdk/platforms/android-34-ext8/data/res/values-mcc310-mnc250-uz: Cannot utime: Operation not permitted
build	Cache Android SDK	2026-06-06T12:23:00.5641504Z /usr/bin/tar: ../../../../../usr/local/lib/android/sdk/platforms/android-34-ext8/data/res/values-mcc310-mnc250-uz: Cannot change mode to rwxr-xr-x: Operation not permitted
build	Cache Android SDK	2026-06-06T12:23:00.5643838Z /usr/bin/tar: ../../../../../usr/local/lib/android/sdk/platforms/android-34-ext8/data/res/values-mcc310-mnc240-eu: Cannot utime: Operation not permitted
build	Cache Android SDK	2026-06-06T12:23:00.5644405Z /usr/bin/tar: ../../../../../usr/local/lib/android/sdk/platforms/android-34-ext8/data/res/values-mcc310-mnc240-eu: Cannot change mode to rwxr-xr-x: Operation not permitted
build	Cache Android SDK	2026-06-06T12:23:00.5647583Z /usr/bin/tar: ../../../../../usr/local/lib/android/sdk/platforms/android-34-ext8/data/res/values-mcc310-mnc280-km: Cannot utime: Operation not permitted
build	Cache Android SDK	2026-06-06T12:23:00.5648156Z /usr/bin/tar: ../../../../../usr/local/lib/android/sdk/platforms/android-34-ext8/data/res/values-mcc310-mnc280-km: Cannot change mode to rwxr-xr-x: Operation not permitted
build	Cache Android SDK	2026-06-06T12:23:00.5650045Z /usr/bin/tar: ../../../../../usr/local/lib/android/sdk/platforms/android-34-ext8/data/res/values-mcc310-mnc150-et: Cannot utime: Operation not permitted
build	Cache Android SDK	2026-06-06T12:23:00.5650501Z /usr/bin/tar: ../../../../../usr/local/lib/android/sdk/platforms/android-34-ext8/data/res/values-mcc310-mnc150-et: Cannot change mode to rwxr-xr-x: Operation not permitted
build	Cache Android SDK	2026-06-06T12:23:00.5653424Z /usr/bin/tar: ../../../../../usr/local/lib/android/sdk/platforms/android-34-ext8/data/res/values-mcc310-mnc800-tl: Cannot utime: Operation not permitted
build	Cache Android SDK	2026-06-06T12:23:00.5653919Z /usr/bin/tar: ../../../../../usr/local/lib/android/sdk/platforms/android-34-ext8/data/res/values-mcc310-mnc800-tl: Cannot change mode to rwxr-xr-x: Operation not permitted
build	Cache Android SDK	2026-06-06T12:23:00.5656543Z /usr/bin/tar: ../../../../../usr/local/lib/android/sdk/platforms/android-34-ext8/data/res/values-mcc312-mnc670-bn: Cannot utime: Operation not permitted
build	Cache Android SDK	2026-06-06T12:23:00.5657086Z /usr/bin/tar: ../../../../../usr/local/lib/android/sdk/platforms/android-34-ext8/data/res/values-mcc312-mnc670-bn: Cannot change mode to rwxr-xr-x: Operation not permitted
build	Cache Android SDK	2026-06-06T12:23:00.5659435Z /usr/bin/tar: ../../../../../usr/local/lib/android/sdk/platforms/android-34-ext8/data/res/values-mcc234-mnc91: Cannot utime: Operation not permitted
build	Cache Android SDK	2026-06-06T12:23:00.5659922Z /usr/bin/tar: ../../../../../usr/local/lib/android/sdk/platforms/android-34-ext8/data/res/values-mcc234-mnc91: Cannot change mode to rwxr-xr-x: Operation not permitted
build	Cache Android SDK	2026-06-06T12:23:00.5662828Z /usr/bin/tar: ../../../../../usr/local/lib/android/sdk/platforms/android-34-ext8/data/res/values-mcc310-mnc210-hu: Cannot utime: Operation not permitted
build	Cache Android SDK	2026-06-06T12:23:00.5663299Z /usr/bin/tar: ../../../../../usr/local/lib/android/sdk/platforms/android-34-ext8/data/res/values-mcc310-mnc210-hu: Cannot change mode to rwxr-xr-x: Operation not permitted
build	Cache Android SDK	2026-06-06T12:23:00.5666013Z /usr/bin/tar: ../../../../../usr/local/lib/android/sdk/platforms/android-34-ext8/data/res/values-mcc310-mnc200-ne: Cannot utime: Operation not permitted
build	Cache Android SDK	2026-06-06T12:23:00.5680792Z /usr/bin/tar: ../../../../../usr/local/lib/android/sdk/platforms/android-34-ext8/data/res/values-mcc310-mnc200-ne: Cannot change mode to rwxr-xr-x: Operation not permitted
build	Cache Android SDK	2026-06-06T12:23:00.5681665Z /usr/bin/tar: ../../../../../usr/local/lib/android/sdk/platforms/android-34-ext8/data/res/values-mcc240-mnc05: Cannot utime: Operation not permitted
build	Cache Android SDK	2026-06-06T12:23:00.5682466Z /usr/bin/tar: ../../../../../usr/local/lib/android/sdk/platforms/android-34-ext8/data/res/values-mcc240-mnc05: Cannot change mode to rwxr-xr-x: Operation not permitted
build	Cache Android SDK	2026-06-06T12:23:00.5683208Z /usr/bin/tar: ../../../../../usr/local/lib/android/sdk/platforms/android-34-ext8/data/res/values-mcc312-mnc670-et: Cannot utime: Operation not permitted
build	Cache Android SDK	2026-06-06T12:23:00.5684141Z /usr/bin/tar: ../../../../../usr/local/lib/android/sdk/platforms/android-34-ext8/data/res/values-mcc312-mnc670-et: Cannot change mode to rwxr-xr-x: Operation not permitted
build	Cache Android SDK	2026-06-06T12:23:00.5684568Z /usr/bin/tar: ../../../../../usr/local/lib/android/sdk/platforms/android-34-ext8/data/res/values-mcc334-mnc020-bn: Cannot utime: Operation not permitted
build	Cache Android SDK	2026-06-06T12:23:00.5685025Z /usr/bin/tar: ../../../../../usr/local/lib/android/sdk/platforms/android-34-ext8/data/res/values-mcc334-mnc020-bn: Cannot change mode to rwxr-xr-x: Operation not permitted
build	Cache Android SDK	2026-06-06T12:23:00.5685708Z /usr/bin/tar: ../../../../../usr/local/lib/android/sdk/platforms/android-34-ext8/data/res/values-sw600dp-w960dp: Cannot utime: Operation not permitted
build	Cache Android SDK	2026-06-06T12:23:00.5686528Z /usr/bin/tar: ../../../../../usr/local/lib/android/sdk/platforms/android-34-ext8/data/res/values-sw600dp-w960dp: Cannot change mode to rwxr-xr-x: Operation not permitted
build	Cache Android SDK	2026-06-06T12:23:00.5687181Z /usr/bin/tar: ../../../../../usr/local/lib/android/sdk/platforms/android-34-ext8/data/res/values-mcc310-mnc660-is: Cannot utime: Operation not permitted
build	Cache Android SDK	2026-06-06T12:23:00.5687902Z /usr/bin/tar: ../../../../../usr/local/lib/android/sdk/platforms/android-34-ext8/data/res/values-mcc310-mnc660-is: Cannot change mode to rwxr-xr-x: Operation not permitted
build	Cache Android SDK	2026-06-06T12:23:00.5688282Z /usr/bin/tar: ../../../../../usr/local/lib/android/sdk/platforms/android-34-ext8/data/res/values-fr-rBE: Cannot utime: Operation not permitted
build	Cache Android SDK	2026-06-06T12:23:00.5689083Z /usr/bin/tar: ../../../../../usr/local/lib/android/sdk/platforms/android-34-ext8/data/res/values-fr-rBE: Cannot change mode to rwxr-xr-x: Operation not permitted
build	Cache Android SDK	2026-06-06T12:23:00.5690506Z /usr/bin/tar: ../../../../../usr/local/lib/android/sdk/platforms/android-34-ext8/data/res/values-mcc312-mnc670-es: Cannot utime: Operation not permitted
build	Cache Android SDK	2026-06-06T12:23:00.5690970Z /usr/bin/tar: ../../../../../usr/local/lib/android/sdk/platforms/android-34-ext8/data/res/values-mcc312-mnc670-es: Cannot change mode to rwxr-xr-x: Operation not permitted
build	Cache Android SDK	2026-06-06T12:23:00.5693711Z /usr/bin/tar: ../../../../../usr/local/lib/android/sdk/platforms/android-34-ext8/data/res/values-mcc310-mnc380-gu: Cannot utime: Operation not permitted
build	Cache Android SDK	2026-06-06T12:23:00.5694183Z /usr/bin/tar: ../../../../../usr/local/lib/android/sdk/platforms/android-34-ext8/data/res/values-mcc310-mnc380-gu: Cannot change mode to rwxr-xr-x: Operation not permitted
build	Cache Android SDK	2026-06-06T12:23:00.5696809Z /usr/bin/tar: ../../../../../usr/local/lib/android/sdk/platforms/android-34-ext8/data/res/values-mcc334-mnc020-uz: Cannot utime: Operation not permitted
build	Cache Android SDK	2026-06-06T12:23:00.5697300Z /usr/bin/tar: ../../../../../usr/local/lib/android/sdk/platforms/android-34-ext8/data/res/values-mcc334-mnc020-uz: Cannot change mode to rwxr-xr-x: Operation not permitted
build	Cache Android SDK	2026-06-06T12:23:00.5700216Z /usr/bin/tar: ../../../../../usr/local/lib/android/sdk/platforms/android-34-ext8/data/res/values-mcc302-mnc720-b+sr+Latn: Cannot utime: Operation not permitted
build	Cache Android SDK	2026-06-06T12:23:00.5700722Z /usr/bin/tar: ../../../../../usr/local/lib/android/sdk/platforms/android-34-ext8/data/res/values-mcc302-mnc720-b+sr+Latn: Cannot change mode to rwxr-xr-x: Operation not permitted
build	Cache Android SDK	2026-06-06T12:23:00.5708213Z /usr/bin/tar: ../../../../../usr/local/lib/android/sdk/platforms/android-34-ext8/data/res/values-af: Cannot utime: Operation not permitted
build	Cache Android SDK	2026-06-06T12:23:00.5708659Z /usr/bin/tar: ../../../../../usr/local/lib/android/sdk/platforms/android-34-ext8/data/res/values-af: Cannot change mode to rwxr-xr-x: Operation not permitted
build	Cache Android SDK	2026-06-06T12:23:00.5709646Z /usr/bin/tar: ../../../../../usr/local/lib/android/sdk/platforms/android-34-ext8/data/res/values-mcc334-mnc020-sk: Cannot utime: Operation not permitted
build	Cache Android SDK	2026-06-06T12:23:00.5710147Z /usr/bin/tar: ../../../../../usr/local/lib/android/sdk/platforms/android-34-ext8/data/res/values-mcc334-mnc020-sk: Cannot change mode to rwxr-xr-x: Operation not permitted
build	Cache Android SDK	2026-06-06T12:23:00.5712556Z /usr/bin/tar: ../../../../../usr/local/lib/android/sdk/platforms/android-34-ext8/data/res/values-mcc312-mnc670-de: Cannot utime: Operation not permitted
build	Cache Android SDK	2026-06-06T12:23:00.5713139Z /usr/bin/tar: ../../../../../usr/local/lib/android/sdk/platforms/android-34-ext8/data/res/values-mcc312-mnc670-de: Cannot change mode to rwxr-xr-x: Operation not permitted
build	Cache Android SDK	2026-06-06T12:23:00.5715864Z /usr/bin/tar: ../../../../../usr/local/lib/android/sdk/platforms/android-34-ext8/data/res/values-mcc310-mnc950-iw: Cannot utime: Operation not permitted
build	Cache Android SDK	2026-06-06T12:23:00.5716323Z /usr/bin/tar: ../../../../../usr/local/lib/android/sdk/platforms/android-34-ext8/data/res/values-mcc310-mnc950-iw: Cannot change mode to rwxr-xr-x: Operation not permitted
build	Cache Android SDK	2026-06-06T12:23:00.5719142Z /usr/bin/tar: ../../../../../usr/local/lib/android/sdk/platforms/android-34-ext8/data/res/values-mcc302-mnc370-de: Cannot utime: Operation not permitted
build	Cache Android SDK	2026-06-06T12:23:00.5719600Z /usr/bin/tar: ../../../../../usr/local/lib/android/sdk/platforms/android-34-ext8/data/res/values-mcc302-mnc370-de: Cannot change mode to rwxr-xr-x: Operation not permitted
build	Cache Android SDK	2026-06-06T12:23:00.5722502Z /usr/bin/tar: ../../../../../usr/local/lib/android/sdk/platforms/android-34-ext8/data/res/values-mcc310-mnc310-be: Cannot utime: Operation not permitted
build	Cache Android SDK	2026-06-06T12:23:00.5723083Z /usr/bin/tar: ../../../../../usr/local/lib/android/sdk/platforms/android-34-ext8/data/res/values-mcc310-mnc310-be: Cannot change mode to rwxr-xr-x: Operation not permitted
build	Cache Android SDK	2026-06-06T12:23:00.5725538Z /usr/bin/tar: ../../../../../usr/local/lib/android/sdk/platforms/android-34-ext8/data/res/values-da-watch: Cannot utime: Operation not permitted
build	Cache Android SDK	2026-06-06T12:23:00.5726055Z /usr/bin/tar: ../../../../../usr/local/lib/android/sdk/platforms/android-34-ext8/data/res/values-da-watch: Cannot change mode to rwxr-xr-x: Operation not permitted
build	Cache Android SDK	2026-06-06T12:23:00.5729070Z /usr/bin/tar: ../../../../../usr/local/lib/android/sdk/platforms/android-34-ext8/data/res/values-mcc312-mnc670-fr-rCA: Cannot utime: Operation not permitted
build	Cache Android SDK	2026-06-06T12:23:00.5729572Z /usr/bin/tar: ../../../../../usr/local/lib/android/sdk/platforms/android-34-ext8/data/res/values-mcc312-mnc670-fr-rCA: Cannot change mode to rwxr-xr-x: Operation not permitted
build	Cache Android SDK	2026-06-06T12:23:00.5751202Z /usr/bin/tar: ../../../../../usr/local/lib/android/sdk/platforms/android-34-ext8/data/res/values-mcc310-mnc410-lt: Cannot utime: Operation not permitted
build	Cache Android SDK	2026-06-06T12:23:00.5751778Z /usr/bin/tar: ../../../../../usr/local/lib/android/sdk/platforms/android-34-ext8/data/res/values-mcc310-mnc410-lt: Cannot change mode to rwxr-xr-x: Operation not permitted
build	Cache Android SDK	2026-06-06T12:23:00.5754830Z /usr/bin/tar: ../../../../../usr/local/lib/android/sdk/platforms/android-34-ext8/data/res/values-mcc311-mnc180-am: Cannot utime: Operation not permitted
build	Cache Android SDK	2026-06-06T12:23:00.5755390Z /usr/bin/tar: ../../../../../usr/local/lib/android/sdk/platforms/android-34-ext8/data/res/values-mcc311-mnc180-am: Cannot change mode to rwxr-xr-x: Operation not permitted
build	Cache Android SDK	2026-06-06T12:23:00.5758097Z /usr/bin/tar: ../../../../../usr/local/lib/android/sdk/platforms/android-34-ext8/data/res/values-mcc310-mnc410-pt-rBR: Cannot utime: Operation not permitted
build	Cache Android SDK	2026-06-06T12:23:00.5758578Z /usr/bin/tar: ../../../../../usr/local/lib/android/sdk/platforms/android-34-ext8/data/res/values-mcc310-mnc410-pt-rBR: Cannot change mode to rwxr-xr-x: Operation not permitted
build	Cache Android SDK	2026-06-06T12:23:00.5761046Z /usr/bin/tar: ../../../../../usr/local/lib/android/sdk/platforms/android-34-ext8/data/res/layout-television: Cannot utime: Operation not permitted
build	Cache Android SDK	2026-06-06T12:23:00.5761503Z /usr/bin/tar: ../../../../../usr/local/lib/android/sdk/platforms/android-34-ext8/data/res/layout-television: Cannot change mode to rwxr-xr-x: Operation not permitted
build	Cache Android SDK	2026-06-06T12:23:00.5764398Z /usr/bin/tar: ../../../../../usr/local/lib/android/sdk/platforms/android-34-ext8/data/res/values-mcc001-mnc01-hy: Cannot utime: Operation not permitted
build	Cache Android SDK	2026-06-06T12:23:00.5764916Z /usr/bin/tar: ../../../../../usr/local/lib/android/sdk/platforms/android-34-ext8/data/res/values-mcc001-mnc01-hy: Cannot change mode to rwxr-xr-x: Operation not permitted
build	Cache Android SDK	2026-06-06T12:23:00.5767954Z /usr/bin/tar: ../../../../../usr/local/lib/android/sdk/platforms/android-34-ext8/data/res/values-mcc310-mnc800-fa: Cannot utime: Operation not permitted
build	Cache Android SDK	2026-06-06T12:23:00.5768407Z /usr/bin/tar: ../../../../../usr/local/lib/android/sdk/platforms/android-34-ext8/data/res/values-mcc310-mnc800-fa: Cannot change mode to rwxr-xr-x: Operation not permitted
build	Cache Android SDK	2026-06-06T12:23:00.5771387Z /usr/bin/tar: ../../../../../usr/local/lib/android/sdk/platforms/android-34-ext8/data/res/values-mcc310-mnc220-ru: Cannot utime: Operation not permitted
build	Cache Android SDK	2026-06-06T12:23:00.5771863Z /usr/bin/tar: ../../../../../usr/local/lib/android/sdk/platforms/android-34-ext8/data/res/values-mcc310-mnc220-ru: Cannot change mode to rwxr-xr-x: Operation not permitted
build	Cache Android SDK	2026-06-06T12:23:00.5775913Z /usr/bin/tar: ../../../../../usr/local/lib/android/sdk/platforms/android-34-ext8/data/res/values-mcc302-mnc370-as: Cannot utime: Operation not permitted
build	Cache Android SDK	2026-06-06T12:23:00.5776387Z /usr/bin/tar: ../../../../../usr/local/lib/android/sdk/platforms/android-34-ext8/data/res/values-mcc302-mnc370-as: Cannot change mode to rwxr-xr-x: Operation not permitted
build	Cache Android SDK	2026-06-06T12:23:00.5784133Z /usr/bin/tar: ../../../../../usr/local/lib/android/sdk/platforms/android-34-ext8/data/res/values-my: Cannot utime: Operation not permitted
build	Cache Android SDK	2026-06-06T12:23:00.5784585Z /usr/bin/tar: ../../../../../usr/local/lib/android/sdk/platforms/android-34-ext8/data/res/values-my: Cannot change mode to rwxr-xr-x: Operation not permitted
build	Cache Android SDK	2026-06-06T12:23:00.5788545Z /usr/bin/tar: ../../../../../usr/local/lib/android/sdk/platforms/android-34-ext8/data/res/values-h480dp: Cannot utime: Operation not permitted
build	Cache Android SDK	2026-06-06T12:23:00.5789004Z /usr/bin/tar: ../../../../../usr/local/lib/android/sdk/platforms/android-34-ext8/data/res/values-h480dp: Cannot change mode to rwxr-xr-x: Operation not permitted
build	Cache Android SDK	2026-06-06T12:23:00.5794497Z /usr/bin/tar: ../../../../../usr/local/lib/android/sdk/platforms/android-34-ext8/data/res/values-mcc310-mnc150-km: Cannot utime: Operation not permitted
build	Cache Android SDK	2026-06-06T12:23:00.5794969Z /usr/bin/tar: ../../../../../usr/local/lib/android/sdk/platforms/android-34-ext8/data/res/values-mcc310-mnc150-km: Cannot change mode to rwxr-xr-x: Operation not permitted
build	Cache Android SDK	2026-06-06T12:23:00.5798453Z /usr/bin/tar: ../../../../../usr/local/lib/android/sdk/platforms/android-34-ext8/data/res/values-mcc310-mnc410-in: Cannot utime: Operation not permitted
build	Cache Android SDK	2026-06-06T12:23:00.5798904Z /usr/bin/tar: ../../../../../usr/local/lib/android/sdk/platforms/android-34-ext8/data/res/values-mcc310-mnc410-in: Cannot change mode to rwxr-xr-x: Operation not permitted
build	Cache Android SDK	2026-06-06T12:23:00.5802927Z /usr/bin/tar: ../../../../../usr/local/lib/android/sdk/platforms/android-34-ext8/data/res/values-mcc310-mnc950: Cannot utime: Operation not permitted
build	Cache Android SDK	2026-06-06T12:23:00.5803413Z /usr/bin/tar: ../../../../../usr/local/lib/android/sdk/platforms/android-34-ext8/data/res/values-mcc310-mnc950: Cannot change mode to rwxr-xr-x: Operation not permitted
build	Cache Android SDK	2026-06-06T12:23:00.5813898Z /usr/bin/tar: ../../../../../usr/local/lib/android/sdk/platforms/android-34-ext8/data/res/values-mcc310-mnc220-mn: Cannot utime: Operation not permitted
build	Cache Android SDK	2026-06-06T12:23:00.5814398Z /usr/bin/tar: ../../../../../usr/local/lib/android/sdk/platforms/android-34-ext8/data/res/values-mcc310-mnc220-mn: Cannot change mode to rwxr-xr-x: Operation not permitted
build	Cache Android SDK	2026-06-06T12:23:00.5817792Z /usr/bin/tar: ../../../../../usr/local/lib/android/sdk/platforms/android-34-ext8/data/res/values-mcc310-mnc950-ml: Cannot utime: Operation not permitted
build	Cache Android SDK	2026-06-06T12:23:00.5818253Z /usr/bin/tar: ../../../../../usr/local/lib/android/sdk/platforms/android-34-ext8/data/res/values-mcc310-mnc950-ml: Cannot change mode to rwxr-xr-x: Operation not permitted
build	Cache Android SDK	2026-06-06T12:23:00.5822142Z /usr/bin/tar: ../../../../../usr/local/lib/android/sdk/platforms/android-34-ext8/data/res/interpolator-watch: Cannot utime: Operation not permitted
build	Cache Android SDK	2026-06-06T12:23:00.5822601Z /usr/bin/tar: ../../../../../usr/local/lib/android/sdk/platforms/android-34-ext8/data/res/interpolator-watch: Cannot change mode to rwxr-xr-x: Operation not permitted
build	Cache Android SDK	2026-06-06T12:23:00.5829527Z /usr/bin/tar: ../../../../../usr/local/lib/android/sdk/platforms/android-34-ext8/data/res/values-lt: Cannot utime: Operation not permitted
build	Cache Android SDK	2026-06-06T12:23:00.5830084Z /usr/bin/tar: ../../../../../usr/local/lib/android/sdk/platforms/android-34-ext8/data/res/values-lt: Cannot change mode to rwxr-xr-x: Operation not permitted
build	Cache Android SDK	2026-06-06T12:23:00.5832654Z /usr/bin/tar: ../../../../../usr/local/lib/android/sdk/platforms/android-34-ext8/data/res/values-mcc310-mnc270-zu: Cannot utime: Operation not permitted
build	Cache Android SDK	2026-06-06T12:23:00.5833261Z /usr/bin/tar: ../../../../../usr/local/lib/android/sdk/platforms/android-34-ext8/data/res/values-mcc310-mnc270-zu: Cannot change mode to rwxr-xr-x: Operation not permitted
build	Cache Android SDK	2026-06-06T12:23:00.5836012Z /usr/bin/tar: ../../../../../usr/local/lib/android/sdk/platforms/android-34-ext8/data/res/values-sr-television: Cannot utime: Operation not permitted
build	Cache Android SDK	2026-06-06T12:23:00.5836481Z /usr/bin/tar: ../../../../../usr/local/lib/android/sdk/platforms/android-34-ext8/data/res/values-sr-television: Cannot change mode to rwxr-xr-x: Operation not permitted
build	Cache Android SDK	2026-06-06T12:23:00.5840769Z /usr/bin/tar: ../../../../../usr/local/lib/android/sdk/platforms/android-34-ext8/data/res/values-mcc312-mnc670-pt-rPT: Cannot utime: Operation not permitted
build	Cache Android SDK	2026-06-06T12:23:00.5841314Z /usr/bin/tar: ../../../../../usr/local/lib/android/sdk/platforms/android-34-ext8/data/res/values-mcc312-mnc670-pt-rPT: Cannot change mode to rwxr-xr-x: Operation not permitted
build	Cache Android SDK	2026-06-06T12:23:00.5843780Z /usr/bin/tar: ../../../../../usr/local/lib/android/sdk/platforms/android-34-ext8/data/res/values-bg-rBG: Cannot utime: Operation not permitted
build	Cache Android SDK	2026-06-06T12:23:00.5844244Z /usr/bin/tar: ../../../../../usr/local/lib/android/sdk/platforms/android-34-ext8/data/res/values-bg-rBG: Cannot change mode to rwxr-xr-x: Operation not permitted
build	Cache Android SDK	2026-06-06T12:23:00.5847062Z /usr/bin/tar: ../../../../../usr/local/lib/android/sdk/platforms/android-34-ext8/data/res/values-mcc310-mnc270-ko: Cannot utime: Operation not permitted
build	Cache Android SDK	2026-06-06T12:23:00.5847745Z /usr/bin/tar: ../../../../../usr/local/lib/android/sdk/platforms/android-34-ext8/data/res/values-mcc310-mnc270-ko: Cannot change mode to rwxr-xr-x: Operation not permitted
build	Cache Android SDK	2026-06-06T12:23:00.5849857Z /usr/bin/tar: ../../../../../usr/local/lib/android/sdk/platforms/android-34-ext8/data/res/values-mcc334-mnc020-nb: Cannot utime: Operation not permitted
build	Cache Android SDK	2026-06-06T12:23:00.5850328Z /usr/bin/tar: ../../../../../usr/local/lib/android/sdk/platforms/android-34-ext8/data/res/values-mcc334-mnc020-nb: Cannot change mode to rwxr-xr-x: Operation not permitted
build	Cache Android SDK	2026-06-06T12:23:00.5855826Z /usr/bin/tar: ../../../../../usr/local/lib/android/sdk/platforms/android-34-ext8/data/res/values-mcc310-mnc150-en-rGB: Cannot utime: Operation not permitted
build	Cache Android SDK	2026-06-06T12:23:00.5856447Z /usr/bin/tar: ../../../../../usr/local/lib/android/sdk/platforms/android-34-ext8/data/res/values-mcc310-mnc150-en-rGB: Cannot change mode to rwxr-xr-x: Operation not permitted
build	Cache Android SDK	2026-06-06T12:23:00.5859029Z /usr/bin/tar: ../../../../../usr/local/lib/android/sdk/platforms/android-34-ext8/data/res/values-mcc310-mnc380-en-rIN: Cannot utime: Operation not permitted
build	Cache Android SDK	2026-06-06T12:23:00.5859506Z /usr/bin/tar: ../../../../../usr/local/lib/android/sdk/platforms/android-34-ext8/data/res/values-mcc310-mnc380-en-rIN: Cannot change mode to rwxr-xr-x: Operation not permitted
build	Cache Android SDK	2026-06-06T12:23:00.5862385Z /usr/bin/tar: ../../../../../usr/local/lib/android/sdk/platforms/android-34-ext8/data/res/values-mcc310-mnc490-en-rAU: Cannot utime: Operation not permitted
build	Cache Android SDK	2026-06-06T12:23:00.5862892Z /usr/bin/tar: ../../../../../usr/local/lib/android/sdk/platforms/android-34-ext8/data/res/values-mcc310-mnc490-en-rAU: Cannot change mode to rwxr-xr-x: Operation not permitted
build	Cache Android SDK	2026-06-06T12:23:00.5865489Z /usr/bin/tar: ../../../../../usr/local/lib/android/sdk/platforms/android-34-ext8/data/res/values-mcc310-mnc380-vi: Cannot utime: Operation not permitted
build	Cache Android SDK	2026-06-06T12:23:00.5866606Z /usr/bin/tar: ../../../../../usr/local/lib/android/sdk/platforms/android-34-ext8/data/res/values-mcc310-mnc380-vi: Cannot change mode to rwxr-xr-x: Operation not permitted
build	Cache Android SDK	2026-06-06T12:23:00.5900251Z /usr/bin/tar: ../../../../../usr/local/lib/android/sdk/platforms/android-34-ext8/data/res/values-mcc310-mnc220-km: Cannot utime: Operation not permitted
build	Cache Android SDK	2026-06-06T12:23:00.5901503Z /usr/bin/tar: ../../../../../usr/local/lib/android/sdk/platforms/android-34-ext8/data/res/values-mcc310-mnc220-km: Cannot change mode to rwxr-xr-x: Operation not permitted
build	Cache Android SDK	2026-06-06T12:23:00.5903362Z /usr/bin/tar: ../../../../../usr/local/lib/android/sdk/platforms/android-34-ext8/data/res/values-mcc311-mnc180-b+sr+Latn: Cannot utime: Operation not permitted
build	Cache Android SDK	2026-06-06T12:23:00.5904466Z /usr/bin/tar: ../../../../../usr/local/lib/android/sdk/platforms/android-34-ext8/data/res/values-mcc311-mnc180-b+sr+Latn: Cannot change mode to rwxr-xr-x: Operation not permitted
build	Cache Android SDK	2026-06-06T12:23:00.5907208Z /usr/bin/tar: ../../../../../usr/local/lib/android/sdk/platforms/android-34-ext8/data/res/values-mcc313-mnc100-tr: Cannot utime: Operation not permitted
build	Cache Android SDK	2026-06-06T12:23:00.5908632Z /usr/bin/tar: ../../../../../usr/local/lib/android/sdk/platforms/android-34-ext8/data/res/values-mcc313-mnc100-tr: Cannot change mode to rwxr-xr-x: Operation not permitted
build	Cache Android SDK	2026-06-06T12:23:00.5910334Z /usr/bin/tar: ../../../../../usr/local/lib/android/sdk/platforms/android-34-ext8/data/res/values-mcc234-mnc15: Cannot utime: Operation not permitted
build	Cache Android SDK	2026-06-06T12:23:00.5911269Z /usr/bin/tar: ../../../../../usr/local/lib/android/sdk/platforms/android-34-ext8/data/res/values-mcc234-mnc15: Cannot change mode to rwxr-xr-x: Operation not permitted
build	Cache Android SDK	2026-06-06T12:23:00.5913945Z /usr/bin/tar: ../../../../../usr/local/lib/android/sdk/platforms/android-34-ext8/data/res/values-or-watch: Cannot utime: Operation not permitted
build	Cache Android SDK	2026-06-06T12:23:00.5914875Z /usr/bin/tar: ../../../../../usr/local/lib/android/sdk/platforms/android-34-ext8/data/res/values-or-watch: Cannot change mode to rwxr-xr-x: Operation not permitted
build	Cache Android SDK	2026-06-06T12:23:00.5918043Z /usr/bin/tar: ../../../../../usr/local/lib/android/sdk/platforms/android-34-ext8/data/res/values-mcc262: Cannot utime: Operation not permitted
build	Cache Android SDK	2026-06-06T12:23:00.5919082Z /usr/bin/tar: ../../../../../usr/local/lib/android/sdk/platforms/android-34-ext8/data/res/values-mcc262: Cannot change mode to rwxr-xr-x: Operation not permitted
build	Cache Android SDK	2026-06-06T12:23:00.5921193Z /usr/bin/tar: ../../../../../usr/local/lib/android/sdk/platforms/android-34-ext8/data/res/values-mcc310-mnc160-lt: Cannot utime: Operation not permitted
build	Cache Android SDK	2026-06-06T12:23:00.5922171Z /usr/bin/tar: ../../../../../usr/local/lib/android/sdk/platforms/android-34-ext8/data/res/values-mcc310-mnc160-lt: Cannot change mode to rwxr-xr-x: Operation not permitted
build	Cache Android SDK	2026-06-06T12:23:00.5924726Z /usr/bin/tar: ../../../../../usr/local/lib/android/sdk/platforms/android-34-ext8/data/res/values-mcc310-mnc280-gu: Cannot utime: Operation not permitted
build	Cache Android SDK	2026-06-06T12:23:00.5925694Z /usr/bin/tar: ../../../../../usr/local/lib/android/sdk/platforms/android-34-ext8/data/res/values-mcc310-mnc280-gu: Cannot change mode to rwxr-xr-x: Operation not permitted
build	Cache Android SDK	2026-06-06T12:23:00.5928513Z /usr/bin/tar: ../../../../../usr/local/lib/android/sdk/platforms/android-34-ext8/data/res/values-mcc310-mnc030-sq: Cannot utime: Operation not permitted
build	Cache Android SDK	2026-06-06T12:23:00.5929601Z /usr/bin/tar: ../../../../../usr/local/lib/android/sdk/platforms/android-34-ext8/data/res/values-mcc310-mnc030-sq: Cannot change mode to rwxr-xr-x: Operation not permitted
build	Cache Android SDK	2026-06-06T12:23:00.5931439Z /usr/bin/tar: ../../../../../usr/local/lib/android/sdk/platforms/android-34-ext8/data/res/values-mcc310-mnc240-pt: Cannot utime: Operation not permitted
build	Cache Android SDK	2026-06-06T12:23:00.5932412Z /usr/bin/tar: ../../../../../usr/local/lib/android/sdk/platforms/android-34-ext8/data/res/values-mcc310-mnc240-pt: Cannot change mode to rwxr-xr-x: Operation not permitted
build	Cache Android SDK	2026-06-06T12:23:00.5935538Z /usr/bin/tar: ../../../../../usr/local/lib/android/sdk/platforms/android-34-ext8/data/res/values-mcc302-mnc370-es-rUS: Cannot utime: Operation not permitted
build	Cache Android SDK	2026-06-06T12:23:00.5936695Z /usr/bin/tar: ../../../../../usr/local/lib/android/sdk/platforms/android-34-ext8/data/res/values-mcc302-mnc370-es-rUS: Cannot change mode to rwxr-xr-x: Operation not permitted
build	Cache Android SDK	2026-06-06T12:23:00.5939522Z /usr/bin/tar: ../../../../../usr/local/lib/android/sdk/platforms/android-34-ext8/data/res/values-nl-watch: Cannot utime: Operation not permitted
build	Cache Android SDK	2026-06-06T12:23:00.5940445Z /usr/bin/tar: ../../../../../usr/local/lib/android/sdk/platforms/android-34-ext8/data/res/values-nl-watch: Cannot change mode to rwxr-xr-x: Operation not permitted
build	Cache Android SDK	2026-06-06T12:23:00.5946549Z /usr/bin/tar: ../../../../../usr/local/lib/android/sdk/platforms/android-34-ext8/data/res/values-cs: Cannot utime: Operation not permitted
build	Cache Android SDK	2026-06-06T12:23:00.5948218Z /usr/bin/tar: ../../../../../usr/local/lib/android/sdk/platforms/android-34-ext8/data/res/values-cs: Cannot change mode to rwxr-xr-x: Operation not permitted
build	Cache Android SDK	2026-06-06T12:23:00.5949414Z /usr/bin/tar: ../../../../../usr/local/lib/android/sdk/platforms/android-34-ext8/data/res/values-mcc311-mnc180-eu: Cannot utime: Operation not permitted
build	Cache Android SDK	2026-06-06T12:23:00.5950574Z /usr/bin/tar: ../../../../../usr/local/lib/android/sdk/platforms/android-34-ext8/data/res/values-mcc311-mnc180-eu: Cannot change mode to rwxr-xr-x: Operation not permitted
build	Cache Android SDK	2026-06-06T12:23:00.5952312Z /usr/bin/tar: ../../../../../usr/local/lib/android/sdk/platforms/android-34-ext8/data/res/values-mcc310-mnc210-km: Cannot utime: Operation not permitted
build	Cache Android SDK	2026-06-06T12:23:00.5953556Z /usr/bin/tar: ../../../../../usr/local/lib/android/sdk/platforms/android-34-ext8/data/res/values-mcc310-mnc210-km: Cannot change mode to rwxr-xr-x: Operation not permitted
build	Cache Android SDK	2026-06-06T12:23:00.5955746Z /usr/bin/tar: ../../../../../usr/local/lib/android/sdk/platforms/android-34-ext8/data/res/values-mcc313-mnc100-ja: Cannot utime: Operation not permitted
build	Cache Android SDK	2026-06-06T12:23:00.5956683Z /usr/bin/tar: ../../../../../usr/local/lib/android/sdk/platforms/android-34-ext8/data/res/values-mcc313-mnc100-ja: Cannot change mode to rwxr-xr-x: Operation not permitted
build	Cache Android SDK	2026-06-06T12:23:00.5959403Z /usr/bin/tar: ../../../../../usr/local/lib/android/sdk/platforms/android-34-ext8/data/res/values-mcc334-mnc020-sw: Cannot utime: Operation not permitted
build	Cache Android SDK	2026-06-06T12:23:00.5960355Z /usr/bin/tar: ../../../../../usr/local/lib/android/sdk/platforms/android-34-ext8/data/res/values-mcc334-mnc020-sw: Cannot change mode to rwxr-xr-x: Operation not permitted
build	Cache Android SDK	2026-06-06T12:23:00.5963555Z /usr/bin/tar: ../../../../../usr/local/lib/android/sdk/platforms/android-34-ext8/data/res/values-mcc310-mnc200-ta: Cannot utime: Operation not permitted
build	Cache Android SDK	2026-06-06T12:23:00.5964622Z /usr/bin/tar: ../../../../../usr/local/lib/android/sdk/platforms/android-34-ext8/data/res/values-mcc310-mnc200-ta: Cannot change mode to rwxr-xr-x: Operation not permitted
build	Cache Android SDK	2026-06-06T12:23:00.5966359Z /usr/bin/tar: ../../../../../usr/local/lib/android/sdk/platforms/android-34-ext8/data/res/values-mcc310-mnc800-kn: Cannot utime: Operation not permitted
build	Cache Android SDK	2026-06-06T12:23:00.5967317Z /usr/bin/tar: ../../../../../usr/local/lib/android/sdk/platforms/android-34-ext8/data/res/values-mcc310-mnc800-kn: Cannot change mode to rwxr-xr-x: Operation not permitted
build	Cache Android SDK	2026-06-06T12:23:00.5970066Z /usr/bin/tar: ../../../../../usr/local/lib/android/sdk/platforms/android-34-ext8/data/res/values-mcc310-mnc800: Cannot utime: Operation not permitted
build	Cache Android SDK	2026-06-06T12:23:00.5971007Z /usr/bin/tar: ../../../../../usr/local/lib/android/sdk/platforms/android-34-ext8/data/res/values-mcc310-mnc800: Cannot change mode to rwxr-xr-x: Operation not permitted
build	Cache Android SDK	2026-06-06T12:23:00.5976459Z /usr/bin/tar: ../../../../../usr/local/lib/android/sdk/platforms/android-34-ext8/data/res/values-mcc310-mnc410-en-rXC: Cannot utime: Operation not permitted
build	Cache Android SDK	2026-06-06T12:23:00.5977805Z /usr/bin/tar: ../../../../../usr/local/lib/android/sdk/platforms/android-34-ext8/data/res/values-mcc310-mnc410-en-rXC: Cannot change mode to rwxr-xr-x: Operation not permitted
build	Cache Android SDK	2026-06-06T12:23:00.5979497Z /usr/bin/tar: ../../../../../usr/local/lib/android/sdk/platforms/android-34-ext8/data/res/values-mcc310-mnc220-bn: Cannot utime: Operation not permitted
build	Cache Android SDK	2026-06-06T12:23:00.5980449Z /usr/bin/tar: ../../../../../usr/local/lib/android/sdk/platforms/android-34-ext8/data/res/values-mcc310-mnc220-bn: Cannot change mode to rwxr-xr-x: Operation not permitted
build	Cache Android SDK	2026-06-06T12:23:00.5982913Z /usr/bin/tar: ../../../../../usr/local/lib/android/sdk/platforms/android-34-ext8/data/res/values-mcc310-mnc490-ca: Cannot utime: Operation not permitted
build	Cache Android SDK	2026-06-06T12:23:00.5983884Z /usr/bin/tar: ../../../../../usr/local/lib/android/sdk/platforms/android-34-ext8/data/res/values-mcc310-mnc490-ca: Cannot change mode to rwxr-xr-x: Operation not permitted
build	Cache Android SDK	2026-06-06T12:23:00.5985815Z /usr/bin/tar: ../../../../../usr/local/lib/android/sdk/platforms/android-34-ext8/data/res/values-en-rAU-watch: Cannot utime: Operation not permitted
build	Cache Android SDK	2026-06-06T12:23:00.5986781Z /usr/bin/tar: ../../../../../usr/local/lib/android/sdk/platforms/android-34-ext8/data/res/values-en-rAU-watch: Cannot change mode to rwxr-xr-x: Operation not permitted
build	Cache Android SDK	2026-06-06T12:23:00.5989139Z /usr/bin/tar: ../../../../../usr/local/lib/android/sdk/platforms/android-34-ext8/data/res/values-mcc310-mnc220-et: Cannot utime: Operation not permitted
build	Cache Android SDK	2026-06-06T12:23:00.5990114Z /usr/bin/tar: ../../../../../usr/local/lib/android/sdk/platforms/android-34-ext8/data/res/values-mcc310-mnc220-et: Cannot change mode to rwxr-xr-x: Operation not permitted
build	Cache Android SDK	2026-06-06T12:23:00.5992084Z /usr/bin/tar: ../../../../../usr/local/lib/android/sdk/platforms/android-34-ext8/data/res/values-w195dp: Cannot utime: Operation not permitted
build	Cache Android SDK	2026-06-06T12:23:00.5993113Z /usr/bin/tar: ../../../../../usr/local/lib/android/sdk/platforms/android-34-ext8/data/res/values-w195dp: Cannot change mode to rwxr-xr-x: Operation not permitted
build	Cache Android SDK	2026-06-06T12:23:00.5995409Z /usr/bin/tar: ../../../../../usr/local/lib/android/sdk/platforms/android-34-ext8/data/res/values-mcc310-mnc410-is: Cannot utime: Operation not permitted
build	Cache Android SDK	2026-06-06T12:23:00.5996354Z /usr/bin/tar: ../../../../../usr/local/lib/android/sdk/platforms/android-34-ext8/data/res/values-mcc310-mnc410-is: Cannot change mode to rwxr-xr-x: Operation not permitted
build	Cache Android SDK	2026-06-06T12:23:00.5998404Z /usr/bin/tar: ../../../../../usr/local/lib/android/sdk/platforms/android-34-ext8/data/res/values-mcc302-mnc370-vi: Cannot utime: Operation not permitted
build	Cache Android SDK	2026-06-06T12:23:00.5999368Z /usr/bin/tar: ../../../../../usr/local/lib/android/sdk/platforms/android-34-ext8/data/res/values-mcc302-mnc370-vi: Cannot change mode to rwxr-xr-x: Operation not permitted
build	Cache Android SDK	2026-06-06T12:23:00.6001904Z /usr/bin/tar: ../../../../../usr/local/lib/android/sdk/platforms/android-34-ext8/data/res/values-w426dp-h320dp: Cannot utime: Operation not permitted
build	Cache Android SDK	2026-06-06T12:23:00.6002856Z /usr/bin/tar: ../../../../../usr/local/lib/android/sdk/platforms/android-34-ext8/data/res/values-w426dp-h320dp: Cannot change mode to rwxr-xr-x: Operation not permitted
build	Cache Android SDK	2026-06-06T12:23:00.6004765Z /usr/bin/tar: ../../../../../usr/local/lib/android/sdk/platforms/android-34-ext8/data/res/values-mcc310-mnc200-iw: Cannot utime: Operation not permitted
build	Cache Android SDK	2026-06-06T12:23:00.6005725Z /usr/bin/tar: ../../../../../usr/local/lib/android/sdk/platforms/android-34-ext8/data/res/values-mcc310-mnc200-iw: Cannot change mode to rwxr-xr-x: Operation not permitted
build	Cache Android SDK	2026-06-06T12:23:00.6008746Z /usr/bin/tar: ../../../../../usr/local/lib/android/sdk/platforms/android-34-ext8/data/res/values-mcc001-mnc01-sl: Cannot utime: Operation not permitted
build	Cache Android SDK	2026-06-06T12:23:00.6009700Z /usr/bin/tar: ../../../../../usr/local/lib/android/sdk/platforms/android-34-ext8/data/res/values-mcc001-mnc01-sl: Cannot change mode to rwxr-xr-x: Operation not permitted
build	Cache Android SDK	2026-06-06T12:23:00.6011670Z /usr/bin/tar: ../../../../../usr/local/lib/android/sdk/platforms/android-34-ext8/data/res/values-mcc313-mnc100-ro: Cannot utime: Operation not permitted
build	Cache Android SDK	2026-06-06T12:23:00.6012622Z /usr/bin/tar: ../../../../../usr/local/lib/android/sdk/platforms/android-34-ext8/data/res/values-mcc313-mnc100-ro: Cannot change mode to rwxr-xr-x: Operation not permitted
build	Cache Android SDK	2026-06-06T12:23:00.6015112Z /usr/bin/tar: ../../../../../usr/local/lib/android/sdk/platforms/android-34-ext8/data/res/values-mcc001-mnc01-en-rGB: Cannot utime: Operation not permitted
build	Cache Android SDK	2026-06-06T12:23:00.6016142Z /usr/bin/tar: ../../../../../usr/local/lib/android/sdk/platforms/android-34-ext8/data/res/values-mcc001-mnc01-en-rGB: Cannot change mode to rwxr-xr-x: Operation not permitted
build	Cache Android SDK	2026-06-06T12:23:00.6018477Z /usr/bin/tar: ../../../../../usr/local/lib/android/sdk/platforms/android-34-ext8/data/res/values-mcc310-mnc230-et: Cannot utime: Operation not permitted
build	Cache Android SDK	2026-06-06T12:23:00.6019596Z /usr/bin/tar: ../../../../../usr/local/lib/android/sdk/platforms/android-34-ext8/data/res/values-mcc310-mnc230-et: Cannot change mode to rwxr-xr-x: Operation not permitted
build	Cache Android SDK	2026-06-06T12:23:00.6021172Z /usr/bin/tar: ../../../../../usr/local/lib/android/sdk/platforms/android-34-ext8/data/res/values-mcc313-mnc100-ko: Cannot utime: Operation not permitted
build	Cache Android SDK	2026-06-06T12:23:00.6022125Z /usr/bin/tar: ../../../../../usr/local/lib/android/sdk/platforms/android-34-ext8/data/res/values-mcc313-mnc100-ko: Cannot change mode to rwxr-xr-x: Operation not permitted
build	Cache Android SDK	2026-06-06T12:23:00.6025280Z /usr/bin/tar: ../../../../../usr/local/lib/android/sdk/platforms/android-34-ext8/data/res/values-mcc310-mnc380-fr: Cannot utime: Operation not permitted
build	Cache Android SDK	2026-06-06T12:23:00.6026373Z /usr/bin/tar: ../../../../../usr/local/lib/android/sdk/platforms/android-34-ext8/data/res/values-mcc310-mnc380-fr: Cannot change mode to rwxr-xr-x: Operation not permitted
build	Cache Android SDK	2026-06-06T12:23:00.6028459Z /usr/bin/tar: ../../../../../usr/local/lib/android/sdk/platforms/android-34-ext8/data/res/values-mcc310-mnc250-bn: Cannot utime: Operation not permitted
build	Cache Android SDK	2026-06-06T12:23:00.6029420Z /usr/bin/tar: ../../../../../usr/local/lib/android/sdk/platforms/android-34-ext8/data/res/values-mcc310-mnc250-bn: Cannot change mode to rwxr-xr-x: Operation not permitted
build	Cache Android SDK	2026-06-06T12:23:00.6031961Z /usr/bin/tar: ../../../../../usr/local/lib/android/sdk/platforms/android-34-ext8/data/res/values-mcc302-mnc720-lo: Cannot utime: Operation not permitted
build	Cache Android SDK	2026-06-06T12:23:00.6033060Z /usr/bin/tar: ../../../../../usr/local/lib/android/sdk/platforms/android-34-ext8/data/res/values-mcc302-mnc720-lo: Cannot change mode to rwxr-xr-x: Operation not permitted
build	Cache Android SDK	2026-06-06T12:23:00.6034965Z /usr/bin/tar: ../../../../../usr/local/lib/android/sdk/platforms/android-34-ext8/data/res/values-mcc310-mnc210-mn: Cannot utime: Operation not permitted
build	Cache Android SDK	2026-06-06T12:23:00.6038062Z /usr/bin/tar: ../../../../../usr/local/lib/android/sdk/platforms/android-34-ext8/data/res/values-mcc310-mnc210-mn: Cannot change mode to rwxr-xr-x: Operation not permitted
build	Cache Android SDK	2026-06-06T12:23:00.6039010Z /usr/bin/tar: ../../../../../usr/local/lib/android/sdk/platforms/android-34-ext8/data/res/values-mcc310-mnc230-gl: Cannot utime: Operation not permitted
build	Cache Android SDK	2026-06-06T12:23:00.6039956Z /usr/bin/tar: ../../../../../usr/local/lib/android/sdk/platforms/android-34-ext8/data/res/values-mcc310-mnc230-gl: Cannot change mode to rwxr-xr-x: Operation not permitted
build	Cache Android SDK	2026-06-06T12:23:00.6041077Z /usr/bin/tar: ../../../../../usr/local/lib/android/sdk/platforms/android-34-ext8/data/res/values-mcc310-mnc230-bg: Cannot utime: Operation not permitted
build	Cache Android SDK	2026-06-06T12:23:00.6042019Z /usr/bin/tar: ../../../../../usr/local/lib/android/sdk/platforms/android-34-ext8/data/res/values-mcc310-mnc230-bg: Cannot change mode to rwxr-xr-x: Operation not permitted
build	Cache Android SDK	2026-06-06T12:23:00.6044568Z /usr/bin/tar: ../../../../../usr/local/lib/android/sdk/platforms/android-34-ext8/data/res/values-mcc310-mnc250-pt: Cannot utime: Operation not permitted
build	Cache Android SDK	2026-06-06T12:23:00.6045514Z /usr/bin/tar: ../../../../../usr/local/lib/android/sdk/platforms/android-34-ext8/data/res/values-mcc310-mnc250-pt: Cannot change mode to rwxr-xr-x: Operation not permitted
build	Cache Android SDK	2026-06-06T12:23:00.6048137Z /usr/bin/tar: ../../../../../usr/local/lib/android/sdk/platforms/android-34-ext8/data/res/values-mcc310-mnc160-ko: Cannot utime: Operation not permitted
build	Cache Android SDK	2026-06-06T12:23:00.6049253Z /usr/bin/tar: ../../../../../usr/local/lib/android/sdk/platforms/android-34-ext8/data/res/values-mcc310-mnc160-ko: Cannot change mode to rwxr-xr-x: Operation not permitted
build	Cache Android SDK	2026-06-06T12:23:00.6051131Z /usr/bin/tar: ../../../../../usr/local/lib/android/sdk/platforms/android-34-ext8/data/res/values-mcc310-mnc410-sq: Cannot utime: Operation not permitted
build	Cache Android SDK	2026-06-06T12:23:00.6052079Z /usr/bin/tar: ../../../../../usr/local/lib/android/sdk/platforms/android-34-ext8/data/res/values-mcc310-mnc410-sq: Cannot change mode to rwxr-xr-x: Operation not permitted
build	Cache Android SDK	2026-06-06T12:23:00.6054313Z /usr/bin/tar: ../../../../../usr/local/lib/android/sdk/platforms/android-34-ext8/data/res/values-w480dp: Cannot utime: Operation not permitted
build	Cache Android SDK	2026-06-06T12:23:00.6055303Z /usr/bin/tar: ../../../../../usr/local/lib/android/sdk/platforms/android-34-ext8/data/res/values-w480dp: Cannot change mode to rwxr-xr-x: Operation not permitted
build	Cache Android SDK	2026-06-06T12:23:00.6057861Z /usr/bin/tar: ../../../../../usr/local/lib/android/sdk/platforms/android-34-ext8/data/res/values-mcc310-mnc560-is: Cannot utime: Operation not permitted
build	Cache Android SDK	2026-06-06T12:23:00.6058918Z /usr/bin/tar: ../../../../../usr/local/lib/android/sdk/platforms/android-34-ext8/data/res/values-mcc310-mnc560-is: Cannot change mode to rwxr-xr-x: Operation not permitted
build	Cache Android SDK	2026-06-06T12:23:00.6061007Z /usr/bin/tar: ../../../../../usr/local/lib/android/sdk/platforms/android-34-ext8/data/res/values-mn-watch: Cannot utime: Operation not permitted
build	Cache Android SDK	2026-06-06T12:23:00.6061924Z /usr/bin/tar: ../../../../../usr/local/lib/android/sdk/platforms/android-34-ext8/data/res/values-mn-watch: Cannot change mode to rwxr-xr-x: Operation not permitted
build	Cache Android SDK	2026-06-06T12:23:00.6064066Z /usr/bin/tar: ../../../../../usr/local/lib/android/sdk/platforms/android-34-ext8/data/res/values-mcc302-mnc720-ru: Cannot utime: Operation not permitted
build	Cache Android SDK	2026-06-06T12:23:00.6065009Z /usr/bin/tar: ../../../../../usr/local/lib/android/sdk/platforms/android-34-ext8/data/res/values-mcc302-mnc720-ru: Cannot change mode to rwxr-xr-x: Operation not permitted
build	Cache Android SDK	2026-06-06T12:23:00.6067144Z /usr/bin/tar: ../../../../../usr/local/lib/android/sdk/platforms/android-34-ext8/data/res/values-mcc310-mnc950-zh-rCN: Cannot utime: Operation not permitted
build	Cache Android SDK	2026-06-06T12:23:00.6068616Z /usr/bin/tar: ../../../../../usr/local/lib/android/sdk/platforms/android-34-ext8/data/res/values-mcc310-mnc950-zh-rCN: Cannot change mode to rwxr-xr-x: Operation not permitted
build	Cache Android SDK	2026-06-06T12:23:00.6071150Z /usr/bin/tar: ../../../../../usr/local/lib/android/sdk/platforms/android-34-ext8/data/res/values-mcc310-mnc950-cs: Cannot utime: Operation not permitted
build	Cache Android SDK	2026-06-06T12:23:00.6072116Z /usr/bin/tar: ../../../../../usr/local/lib/android/sdk/platforms/android-34-ext8/data/res/values-mcc310-mnc950-cs: Cannot change mode to rwxr-xr-x: Operation not permitted
build	Cache Android SDK	2026-06-06T12:23:00.6074575Z /usr/bin/tar: ../../../../../usr/local/lib/android/sdk/platforms/android-34-ext8/data/res/values-mcc310-mnc200-pt: Cannot utime: Operation not permitted
build	Cache Android SDK	2026-06-06T12:23:00.6075538Z /usr/bin/tar: ../../../../../usr/local/lib/android/sdk/platforms/android-34-ext8/data/res/values-mcc310-mnc200-pt: Cannot change mode to rwxr-xr-x: Operation not permitted
build	Cache Android SDK	2026-06-06T12:23:00.6077773Z /usr/bin/tar: ../../../../../usr/local/lib/android/sdk/platforms/android-34-ext8/data/res/values-mcc310-mnc240-fr-rCA: Cannot utime: Operation not permitted
build	Cache Android SDK	2026-06-06T12:23:00.6078771Z /usr/bin/tar: ../../../../../usr/local/lib/android/sdk/platforms/android-34-ext8/data/res/values-mcc310-mnc240-fr-rCA: Cannot change mode to rwxr-xr-x: Operation not permitted
build	Cache Android SDK	2026-06-06T12:23:00.6081131Z /usr/bin/tar: ../../../../../usr/local/lib/android/sdk/platforms/android-34-ext8/data/res/values-mcc311-mnc180-pl: Cannot utime: Operation not permitted
build	Cache Android SDK	2026-06-06T12:23:00.6082097Z /usr/bin/tar: ../../../../../usr/local/lib/android/sdk/platforms/android-34-ext8/data/res/values-mcc311-mnc180-pl: Cannot change mode to rwxr-xr-x: Operation not permitted
build	Cache Android SDK	2026-06-06T12:23:00.6085631Z /usr/bin/tar: ../../../../../usr/local/lib/android/sdk/platforms/android-34-ext8/data/res/values-ka-television: Cannot utime: Operation not permitted
build	Cache Android SDK	2026-06-06T12:23:00.6086694Z /usr/bin/tar: ../../../../../usr/local/lib/android/sdk/platforms/android-34-ext8/data/res/values-ka-television: Cannot change mode to rwxr-xr-x: Operation not permitted
build	Cache Android SDK	2026-06-06T12:23:00.6089104Z /usr/bin/tar: ../../../../../usr/local/lib/android/sdk/platforms/android-34-ext8/data/res/values-mcc310-mnc310-hr: Cannot utime: Operation not permitted
build	Cache Android SDK	2026-06-06T12:23:00.6090069Z /usr/bin/tar: ../../../../../usr/local/lib/android/sdk/platforms/android-34-ext8/data/res/values-mcc310-mnc310-hr: Cannot change mode to rwxr-xr-x: Operation not permitted
build	Cache Android SDK	2026-06-06T12:23:00.6096361Z /usr/bin/tar: ../../../../../usr/local/lib/android/sdk/platforms/android-34-ext8/data/res/animator: Cannot utime: Operation not permitted
build	Cache Android SDK	2026-06-06T12:23:00.6097266Z /usr/bin/tar: ../../../../../usr/local/lib/android/sdk/platforms/android-34-ext8/data/res/animator: Cannot change mode to rwxr-xr-x: Operation not permitted
build	Cache Android SDK	2026-06-06T12:23:00.6100099Z /usr/bin/tar: ../../../../../usr/local/lib/android/sdk/platforms/android-34-ext8/data/res/values-az-television: Cannot utime: Operation not permitted
build	Cache Android SDK	2026-06-06T12:23:00.6101177Z /usr/bin/tar: ../../../../../usr/local/lib/android/sdk/platforms/android-34-ext8/data/res/values-az-television: Cannot change mode to rwxr-xr-x: Operation not permitted
build	Cache Android SDK	2026-06-06T12:23:00.6108448Z /usr/bin/tar: ../../../../../usr/local/lib/android/sdk/platforms/android-34-ext8/data/res/values-en-rGB: Cannot utime: Operation not permitted
build	Cache Android SDK	2026-06-06T12:23:00.6109512Z /usr/bin/tar: ../../../../../usr/local/lib/android/sdk/platforms/android-34-ext8/data/res/values-en-rGB: Cannot change mode to rwxr-xr-x: Operation not permitted
build	Cache Android SDK	2026-06-06T12:23:00.6112061Z /usr/bin/tar: ../../../../../usr/local/lib/android/sdk/platforms/android-34-ext8/data/res/values-mcc310-mnc230-pt: Cannot utime: Operation not permitted
build	Cache Android SDK	2026-06-06T12:23:00.6113032Z /usr/bin/tar: ../../../../../usr/local/lib/android/sdk/platforms/android-34-ext8/data/res/values-mcc310-mnc230-pt: Cannot change mode to rwxr-xr-x: Operation not permitted
build	Cache Android SDK	2026-06-06T12:23:00.6117797Z /usr/bin/tar: ../../../../../usr/local/lib/android/sdk/platforms/android-34-ext8/data/res/values-mcc302-mnc370-bn: Cannot utime: Operation not permitted
build	Cache Android SDK	2026-06-06T12:23:00.6118767Z /usr/bin/tar: ../../../../../usr/local/lib/android/sdk/platforms/android-34-ext8/data/res/values-mcc302-mnc370-bn: Cannot change mode to rwxr-xr-x: Operation not permitted
build	Cache Android SDK	2026-06-06T12:23:00.6121523Z /usr/bin/tar: ../../../../../usr/local/lib/android/sdk/platforms/android-34-ext8/data/res/values-mcc310-mnc410-ro: Cannot utime: Operation not permitted
build	Cache Android SDK	2026-06-06T12:23:00.6122482Z /usr/bin/tar: ../../../../../usr/local/lib/android/sdk/platforms/android-34-ext8/data/res/values-mcc310-mnc410-ro: Cannot change mode to rwxr-xr-x: Operation not permitted
build	Cache Android SDK	2026-06-06T12:23:00.6124824Z /usr/bin/tar: ../../../../../usr/local/lib/android/sdk/platforms/android-34-ext8/data/res/values-mcc310-mnc170-en-rXC: Cannot utime: Operation not permitted
build	Cache Android SDK	2026-06-06T12:23:00.6125819Z /usr/bin/tar: ../../../../../usr/local/lib/android/sdk/platforms/android-34-ext8/data/res/values-mcc310-mnc170-en-rXC: Cannot change mode to rwxr-xr-x: Operation not permitted
build	Cache Android SDK	2026-06-06T12:23:00.6136275Z /usr/bin/tar: ../../../../../usr/local/lib/android/sdk/platforms/android-34-ext8/data/res/values-ka: Cannot utime: Operation not permitted
build	Cache Android SDK	2026-06-06T12:23:00.6137772Z /usr/bin/tar: ../../../../../usr/local/lib/android/sdk/platforms/android-34-ext8/data/res/values-ka: Cannot change mode to rwxr-xr-x: Operation not permitted
build	Cache Android SDK	2026-06-06T12:23:00.6139327Z /usr/bin/tar: ../../../../../usr/local/lib/android/sdk/platforms/android-34-ext8/data/res/values-ky-watch: Cannot utime: Operation not permitted
build	Cache Android SDK	2026-06-06T12:23:00.6140754Z /usr/bin/tar: ../../../../../usr/local/lib/android/sdk/platforms/android-34-ext8/data/res/values-ky-watch: Cannot change mode to rwxr-xr-x: Operation not permitted
build	Cache Android SDK	2026-06-06T12:23:00.6141650Z /usr/bin/tar: ../../../../../usr/local/lib/android/sdk/platforms/android-34-ext8/data/res/values-am-watch: Cannot utime: Operation not permitted
build	Cache Android SDK	2026-06-06T12:23:00.6143113Z /usr/bin/tar: ../../../../../usr/local/lib/android/sdk/platforms/android-34-ext8/data/res/values-am-watch: Cannot change mode to rwxr-xr-x: Operation not permitted
build	Cache Android SDK	2026-06-06T12:23:00.6144739Z /usr/bin/tar: ../../../../../usr/local/lib/android/sdk/platforms/android-34-ext8/data/res/values-mcc310-mnc004: Cannot utime: Operation not permitted
build	Cache Android SDK	2026-06-06T12:23:00.6145698Z /usr/bin/tar: ../../../../../usr/local/lib/android/sdk/platforms/android-34-ext8/data/res/values-mcc310-mnc004: Cannot change mode to rwxr-xr-x: Operation not permitted
build	Cache Android SDK	2026-06-06T12:23:00.6147689Z /usr/bin/tar: ../../../../../usr/local/lib/android/sdk/platforms/android-34-ext8/data/res/values-mcc310-mnc230-hu: Cannot utime: Operation not permitted
build	Cache Android SDK	2026-06-06T12:23:00.6148842Z /usr/bin/tar: ../../../../../usr/local/lib/android/sdk/platforms/android-34-ext8/data/res/values-mcc310-mnc230-hu: Cannot change mode to rwxr-xr-x: Operation not permitted
build	Cache Android SDK	2026-06-06T12:23:00.6150969Z /usr/bin/tar: ../../../../../usr/local/lib/android/sdk/platforms/android-34-ext8/data/res/values-mcc310-mnc660-hu: Cannot utime: Operation not permitted
build	Cache Android SDK	2026-06-06T12:23:00.6152076Z /usr/bin/tar: ../../../../../usr/local/lib/android/sdk/platforms/android-34-ext8/data/res/values-mcc310-mnc660-hu: Cannot change mode to rwxr-xr-x: Operation not permitted
build	Cache Android SDK	2026-06-06T12:23:00.6154604Z /usr/bin/tar: ../../../../../usr/local/lib/android/sdk/platforms/android-34-ext8/data/res/raw-es: Cannot utime: Operation not permitted
build	Cache Android SDK	2026-06-06T12:23:00.6155683Z /usr/bin/tar: ../../../../../usr/local/lib/android/sdk/platforms/android-34-ext8/data/res/raw-es: Cannot change mode to rwxr-xr-x: Operation not permitted
build	Cache Android SDK	2026-06-06T12:23:00.6157783Z /usr/bin/tar: ../../../../../usr/local/lib/android/sdk/platforms/android-34-ext8/data/res/values-mcc310-mnc220-ta: Cannot utime: Operation not permitted
build	Cache Android SDK	2026-06-06T12:23:00.6158742Z /usr/bin/tar: ../../../../../usr/local/lib/android/sdk/platforms/android-34-ext8/data/res/values-mcc310-mnc220-ta: Cannot change mode to rwxr-xr-x: Operation not permitted
build	Cache Android SDK	2026-06-06T12:23:00.6161059Z /usr/bin/tar: ../../../../../usr/local/lib/android/sdk/platforms/android-34-ext8/data/res/values-mcc302-mnc370-fa: Cannot utime: Operation not permitted
build	Cache Android SDK	2026-06-06T12:23:00.6162009Z /usr/bin/tar: ../../../../../usr/local/lib/android/sdk/platforms/android-34-ext8/data/res/values-mcc302-mnc370-fa: Cannot change mode to rwxr-xr-x: Operation not permitted
build	Cache Android SDK	2026-06-06T12:23:00.6164693Z /usr/bin/tar: ../../../../../usr/local/lib/android/sdk/platforms/android-34-ext8/data/res/values-mcc310-mnc270-en-rAU: Cannot utime: Operation not permitted
build	Cache Android SDK	2026-06-06T12:23:00.6165789Z /usr/bin/tar: ../../../../../usr/local/lib/android/sdk/platforms/android-34-ext8/data/res/values-mcc310-mnc270-en-rAU: Cannot change mode to rwxr-xr-x: Operation not permitted
build	Cache Android SDK	2026-06-06T12:23:00.6177239Z /usr/bin/tar: ../../../../../usr/local/lib/android/sdk/platforms/android-34-ext8/data/res/drawable-land-mdpi: Cannot utime: Operation not permitted
build	Cache Android SDK	2026-06-06T12:23:00.6178559Z /usr/bin/tar: ../../../../../usr/local/lib/android/sdk/platforms/android-34-ext8/data/res/drawable-land-mdpi: Cannot change mode to rwxr-xr-x: Operation not permitted
build	Cache Android SDK	2026-06-06T12:23:00.6180199Z /usr/bin/tar: ../../../../../usr/local/lib/android/sdk/platforms/android-34-ext8/data/res/values-mcc310-mnc210-ta: Cannot utime: Operation not permitted
build	Cache Android SDK	2026-06-06T12:23:00.6181157Z /usr/bin/tar: ../../../../../usr/local/lib/android/sdk/platforms/android-34-ext8/data/res/values-mcc310-mnc210-ta: Cannot change mode to rwxr-xr-x: Operation not permitted
build	Cache Android SDK	2026-06-06T12:23:00.6183834Z /usr/bin/tar: ../../../../../usr/local/lib/android/sdk/platforms/android-34-ext8/data/res/values-mcc310-mnc410-ko: Cannot utime: Operation not permitted
build	Cache Android SDK	2026-06-06T12:23:00.6184780Z /usr/bin/tar: ../../../../../usr/local/lib/android/sdk/platforms/android-34-ext8/data/res/values-mcc310-mnc410-ko: Cannot change mode to rwxr-xr-x: Operation not permitted
build	Cache Android SDK	2026-06-06T12:23:00.6186788Z /usr/bin/tar: ../../../../../usr/local/lib/android/sdk/platforms/android-34-ext8/data/res/values-mcc310-mnc030-ms: Cannot utime: Operation not permitted
build	Cache Android SDK	2026-06-06T12:23:00.6187972Z /usr/bin/tar: ../../../../../usr/local/lib/android/sdk/platforms/android-34-ext8/data/res/values-mcc310-mnc030-ms: Cannot change mode to rwxr-xr-x: Operation not permitted
build	Cache Android SDK	2026-06-06T12:23:00.6190002Z /usr/bin/tar: ../../../../../usr/local/lib/android/sdk/platforms/android-34-ext8/data/res/values-mcc310-mnc280-hi: Cannot utime: Operation not permitted
build	Cache Android SDK	2026-06-06T12:23:00.6190965Z /usr/bin/tar: ../../../../../usr/local/lib/android/sdk/platforms/android-34-ext8/data/res/values-mcc310-mnc280-hi: Cannot change mode to rwxr-xr-x: Operation not permitted
build	Cache Android SDK	2026-06-06T12:23:00.6194021Z /usr/bin/tar: ../../../../../usr/local/lib/android/sdk/platforms/android-34-ext8/data/res/values-mcc310-mnc310-ro: Cannot utime: Operation not permitted
build	Cache Android SDK	2026-06-06T12:23:00.6195006Z /usr/bin/tar: ../../../../../usr/local/lib/android/sdk/platforms/android-34-ext8/data/res/values-mcc310-mnc310-ro: Cannot change mode to rwxr-xr-x: Operation not permitted
build	Cache Android SDK	2026-06-06T12:23:00.6196913Z /usr/bin/tar: ../../../../../usr/local/lib/android/sdk/platforms/android-34-ext8/data/res/values-mcc310-mnc240-pt-rBR: Cannot utime: Operation not permitted
build	Cache Android SDK	2026-06-06T12:23:00.6198088Z /usr/bin/tar: ../../../../../usr/local/lib/android/sdk/platforms/android-34-ext8/data/res/values-mcc310-mnc240-pt-rBR: Cannot change mode to rwxr-xr-x: Operation not permitted
build	Cache Android SDK	2026-06-06T12:23:00.6211267Z /usr/bin/tar: ../../../../../usr/local/lib/android/sdk/platforms/android-34-ext8/data/res/values-mcc310-mnc490-fr: Cannot utime: Operation not permitted
build	Cache Android SDK	2026-06-06T12:23:00.6212400Z /usr/bin/tar: ../../../../../usr/local/lib/android/sdk/platforms/android-34-ext8/data/res/values-mcc310-mnc490-fr: Cannot change mode to rwxr-xr-x: Operation not permitted
build	Cache Android SDK	2026-06-06T12:23:00.6215262Z /usr/bin/tar: ../../../../../usr/local/lib/android/sdk/platforms/android-34-ext8/data/res/values-mcc310-mnc160-gu: Cannot utime: Operation not permitted
build	Cache Android SDK	2026-06-06T12:23:00.6216220Z /usr/bin/tar: ../../../../../usr/local/lib/android/sdk/platforms/android-34-ext8/data/res/values-mcc310-mnc160-gu: Cannot change mode to rwxr-xr-x: Operation not permitted
build	Cache Android SDK	2026-06-06T12:23:00.6218318Z /usr/bin/tar: ../../../../../usr/local/lib/android/sdk/platforms/android-34-ext8/data/res/values-mcc310-mnc150-es: Cannot utime: Operation not permitted
build	Cache Android SDK	2026-06-06T12:23:00.6219272Z /usr/bin/tar: ../../../../../usr/local/lib/android/sdk/platforms/android-34-ext8/data/res/values-mcc310-mnc150-es: Cannot change mode to rwxr-xr-x: Operation not permitted
build	Cache Android SDK	2026-06-06T12:23:00.6222017Z /usr/bin/tar: ../../../../../usr/local/lib/android/sdk/platforms/android-34-ext8/data/res/values-mcc310-mnc800-hi: Cannot utime: Operation not permitted
build	Cache Android SDK	2026-06-06T12:23:00.6223020Z /usr/bin/tar: ../../../../../usr/local/lib/android/sdk/platforms/android-34-ext8/data/res/values-mcc310-mnc800-hi: Cannot change mode to rwxr-xr-x: Operation not permitted
build	Cache Android SDK	2026-06-06T12:23:00.6224723Z /usr/bin/tar: ../../../../../usr/local/lib/android/sdk/platforms/android-34-ext8/data/res/values-mcc450-ko: Cannot utime: Operation not permitted
build	Cache Android SDK	2026-06-06T12:23:00.6225631Z /usr/bin/tar: ../../../../../usr/local/lib/android/sdk/platforms/android-34-ext8/data/res/values-mcc450-ko: Cannot change mode to rwxr-xr-x: Operation not permitted
build	Cache Android SDK	2026-06-06T12:23:00.6228670Z /usr/bin/tar: ../../../../../usr/local/lib/android/sdk/platforms/android-34-ext8/data/res/values-ml-television: Cannot utime: Operation not permitted
build	Cache Android SDK	2026-06-06T12:23:00.6229691Z /usr/bin/tar: ../../../../../usr/local/lib/android/sdk/platforms/android-34-ext8/data/res/values-ml-television: Cannot change mode to rwxr-xr-x: Operation not permitted
build	Cache Android SDK	2026-06-06T12:23:00.6232114Z /usr/bin/tar: ../../../../../usr/local/lib/android/sdk/platforms/android-34-ext8/data/res/values-mcc310-mnc240-vi: Cannot utime: Operation not permitted
build	Cache Android SDK	2026-06-06T12:23:00.6233205Z /usr/bin/tar: ../../../../../usr/local/lib/android/sdk/platforms/android-34-ext8/data/res/values-mcc310-mnc240-vi: Cannot change mode to rwxr-xr-x: Operation not permitted
build	Cache Android SDK	2026-06-06T12:23:00.6234872Z /usr/bin/tar: ../../../../../usr/local/lib/android/sdk/platforms/android-34-ext8/data/res/values-mcc311-mnc180-de: Cannot utime: Operation not permitted
build	Cache Android SDK	2026-06-06T12:23:00.6236003Z /usr/bin/tar: ../../../../../usr/local/lib/android/sdk/platforms/android-34-ext8/data/res/values-mcc311-mnc180-de: Cannot change mode to rwxr-xr-x: Operation not permitted
build	Cache Android SDK	2026-06-06T12:23:00.6237856Z /usr/bin/tar: ../../../../../usr/local/lib/android/sdk/platforms/android-34-ext8/data/res/values-mcc310-mnc210-pt-rBR: Cannot utime: Operation not permitted
build	Cache Android SDK	2026-06-06T12:23:00.6239010Z /usr/bin/tar: ../../../../../usr/local/lib/android/sdk/platforms/android-34-ext8/data/res/values-mcc310-mnc210-pt-rBR: Cannot change mode to rwxr-xr-x: Operation not permitted
build	Cache Android SDK	2026-06-06T12:23:00.6241602Z /usr/bin/tar: ../../../../../usr/local/lib/android/sdk/platforms/android-34-ext8/data/res/values-mcc732: Cannot utime: Operation not permitted
build	Cache Android SDK	2026-06-06T12:23:00.6242536Z /usr/bin/tar: ../../../../../usr/local/lib/android/sdk/platforms/android-34-ext8/data/res/values-mcc732: Cannot change mode to rwxr-xr-x: Operation not permitted
build	Cache Android SDK	2026-06-06T12:23:00.6245223Z /usr/bin/tar: ../../../../../usr/local/lib/android/sdk/platforms/android-34-ext8/data/res/values-mcc313-mnc100-zh-rHK: Cannot utime: Operation not permitted
build	Cache Android SDK	2026-06-06T12:23:00.6246236Z /usr/bin/tar: ../../../../../usr/local/lib/android/sdk/platforms/android-34-ext8/data/res/values-mcc313-mnc100-zh-rHK: Cannot change mode to rwxr-xr-x: Operation not permitted
build	Cache Android SDK	2026-06-06T12:23:00.6248315Z /usr/bin/tar: ../../../../../usr/local/lib/android/sdk/platforms/android-34-ext8/data/res/values-mcc334-mnc020-or: Cannot utime: Operation not permitted
build	Cache Android SDK	2026-06-06T12:23:00.6249345Z /usr/bin/tar: ../../../../../usr/local/lib/android/sdk/platforms/android-34-ext8/data/res/values-mcc334-mnc020-or: Cannot change mode to rwxr-xr-x: Operation not permitted
build	Cache Android SDK	2026-06-06T12:23:00.6251541Z /usr/bin/tar: ../../../../../usr/local/lib/android/sdk/platforms/android-34-ext8/data/res/values-mcc310-mnc150-in: Cannot utime: Operation not permitted
build	Cache Android SDK	2026-06-06T12:23:00.6252719Z /usr/bin/tar: ../../../../../usr/local/lib/android/sdk/platforms/android-34-ext8/data/res/values-mcc310-mnc150-in: Cannot change mode to rwxr-xr-x: Operation not permitted
build	Cache Android SDK	2026-06-06T12:23:00.6256856Z /usr/bin/tar: ../../../../../usr/local/lib/android/sdk/platforms/android-34-ext8/data/res/values-kn-television: Cannot utime: Operation not permitted
build	Cache Android SDK	2026-06-06T12:23:00.6258097Z /usr/bin/tar: ../../../../../usr/local/lib/android/sdk/platforms/android-34-ext8/data/res/values-kn-television: Cannot change mode to rwxr-xr-x: Operation not permitted
build	Cache Android SDK	2026-06-06T12:23:00.6259735Z /usr/bin/tar: ../../../../../usr/local/lib/android/sdk/platforms/android-34-ext8/data/res/values-mcc310-mnc410-cs: Cannot utime: Operation not permitted
build	Cache Android SDK	2026-06-06T12:23:00.6260842Z /usr/bin/tar: ../../../../../usr/local/lib/android/sdk/platforms/android-34-ext8/data/res/values-mcc310-mnc410-cs: Cannot change mode to rwxr-xr-x: Operation not permitted
build	Cache Android SDK	2026-06-06T12:23:00.6262533Z /usr/bin/tar: ../../../../../usr/local/lib/android/sdk/platforms/android-34-ext8/data/res/values-mcc310-mnc200-tr: Cannot utime: Operation not permitted
build	Cache Android SDK	2026-06-06T12:23:00.6263558Z /usr/bin/tar: ../../../../../usr/local/lib/android/sdk/platforms/android-34-ext8/data/res/values-mcc310-mnc200-tr: Cannot change mode to rwxr-xr-x: Operation not permitted
build	Cache Android SDK	2026-06-06T12:23:00.6265409Z /usr/bin/tar: ../../../../../usr/local/lib/android/sdk/platforms/android-34-ext8/data/res/values-mcc310-mnc030-sw: Cannot utime: Operation not permitted
build	Cache Android SDK	2026-06-06T12:23:00.6266382Z /usr/bin/tar: ../../../../../usr/local/lib/android/sdk/platforms/android-34-ext8/data/res/values-mcc310-mnc030-sw: Cannot change mode to rwxr-xr-x: Operation not permitted
build	Cache Android SDK	2026-06-06T12:23:00.6268848Z /usr/bin/tar: ../../../../../usr/local/lib/android/sdk/platforms/android-34-ext8/data/res/values-hi-rIN: Cannot utime: Operation not permitted
build	Cache Android SDK	2026-06-06T12:23:00.6269923Z /usr/bin/tar: ../../../../../usr/local/lib/android/sdk/platforms/android-34-ext8/data/res/values-hi-rIN: Cannot change mode to rwxr-xr-x: Operation not permitted
build	Cache Android SDK	2026-06-06T12:23:00.6273433Z /usr/bin/tar: ../../../../../usr/local/lib/android/sdk/platforms/android-34-ext8/data/res/values-mcc310-mnc170-sk: Cannot utime: Operation not permitted
build	Cache Android SDK	2026-06-06T12:23:00.6274485Z /usr/bin/tar: ../../../../../usr/local/lib/android/sdk/platforms/android-34-ext8/data/res/values-mcc310-mnc170-sk: Cannot change mode to rwxr-xr-x: Operation not permitted
build	Cache Android SDK	2026-06-06T12:23:00.6276287Z /usr/bin/tar: ../../../../../usr/local/lib/android/sdk/platforms/android-34-ext8/data/res/values-mcc310-mnc030-pt: Cannot utime: Operation not permitted
build	Cache Android SDK	2026-06-06T12:23:00.6277694Z /usr/bin/tar: ../../../../../usr/local/lib/android/sdk/platforms/android-34-ext8/data/res/values-mcc310-mnc030-pt: Cannot change mode to rwxr-xr-x: Operation not permitted
build	Cache Android SDK	2026-06-06T12:23:00.6279503Z /usr/bin/tar: ../../../../../usr/local/lib/android/sdk/platforms/android-34-ext8/data/res/values-mcc310-mnc150-b+sr+Latn: Cannot utime: Operation not permitted
build	Cache Android SDK	2026-06-06T12:23:00.6280605Z /usr/bin/tar: ../../../../../usr/local/lib/android/sdk/platforms/android-34-ext8/data/res/values-mcc310-mnc150-b+sr+Latn: Cannot change mode to rwxr-xr-x: Operation not permitted
build	Cache Android SDK	2026-06-06T12:23:00.6283237Z /usr/bin/tar: ../../../../../usr/local/lib/android/sdk/platforms/android-34-ext8/data/res/values-mcc310-mnc160-tl: Cannot utime: Operation not permitted
build	Cache Android SDK	2026-06-06T12:23:00.6284265Z /usr/bin/tar: ../../../../../usr/local/lib/android/sdk/platforms/android-34-ext8/data/res/values-mcc310-mnc160-tl: Cannot change mode to rwxr-xr-x: Operation not permitted
build	Cache Android SDK	2026-06-06T12:23:00.6286029Z /usr/bin/tar: ../../../../../usr/local/lib/android/sdk/platforms/android-34-ext8/data/res/values-mcc310-mnc310-am: Cannot utime: Operation not permitted
build	Cache Android SDK	2026-06-06T12:23:00.6286974Z /usr/bin/tar: ../../../../../usr/local/lib/android/sdk/platforms/android-34-ext8/data/res/values-mcc310-mnc310-am: Cannot change mode to rwxr-xr-x: Operation not permitted
build	Cache Android SDK	2026-06-06T12:23:00.6289507Z /usr/bin/tar: ../../../../../usr/local/lib/android/sdk/platforms/android-34-ext8/data/res/values-mcc310-mnc490-et: Cannot utime: Operation not permitted
build	Cache Android SDK	2026-06-06T12:23:00.6290466Z /usr/bin/tar: ../../../../../usr/local/lib/android/sdk/platforms/android-34-ext8/data/res/values-mcc310-mnc490-et: Cannot change mode to rwxr-xr-x: Operation not permitted
build	Cache Android SDK	2026-06-06T12:23:00.6294576Z /usr/bin/tar: ../../../../../usr/local/lib/android/sdk/platforms/android-34-ext8/data/res/values-mcc310-mnc280-en-rCA: Cannot utime: Operation not permitted
build	Cache Android SDK	2026-06-06T12:23:00.6295577Z /usr/bin/tar: ../../../../../usr/local/lib/android/sdk/platforms/android-34-ext8/data/res/values-mcc310-mnc280-en-rCA: Cannot change mode to rwxr-xr-x: Operation not permitted
build	Cache Android SDK	2026-06-06T12:23:00.6298143Z /usr/bin/tar: ../../../../../usr/local/lib/android/sdk/platforms/android-34-ext8/data/res/values-mcc310-mnc030-az: Cannot utime: Operation not permitted
build	Cache Android SDK	2026-06-06T12:23:00.6299092Z /usr/bin/tar: ../../../../../usr/local/lib/android/sdk/platforms/android-34-ext8/data/res/values-mcc310-mnc030-az: Cannot change mode to rwxr-xr-x: Operation not permitted
build	Cache Android SDK	2026-06-06T12:23:00.6301511Z /usr/bin/tar: ../../../../../usr/local/lib/android/sdk/platforms/android-34-ext8/data/res/values-mcc310-mnc280-mr: Cannot utime: Operation not permitted
build	Cache Android SDK	2026-06-06T12:23:00.6302454Z /usr/bin/tar: ../../../../../usr/local/lib/android/sdk/platforms/android-34-ext8/data/res/values-mcc310-mnc280-mr: Cannot change mode to rwxr-xr-x: Operation not permitted
build	Cache Android SDK	2026-06-06T12:23:00.6305094Z /usr/bin/tar: ../../../../../usr/local/lib/android/sdk/platforms/android-34-ext8/data/res/values-mcc310-mnc170-ko: Cannot utime: Operation not permitted
build	Cache Android SDK	2026-06-06T12:23:00.6306041Z /usr/bin/tar: ../../../../../usr/local/lib/android/sdk/platforms/android-34-ext8/data/res/values-mcc310-mnc170-ko: Cannot change mode to rwxr-xr-x: Operation not permitted
build	Cache Android SDK	2026-06-06T12:23:00.6308348Z /usr/bin/tar: ../../../../../usr/local/lib/android/sdk/platforms/android-34-ext8/data/res/values-mcc310-mnc250-kn: Cannot utime: Operation not permitted
build	Cache Android SDK	2026-06-06T12:23:00.6309429Z /usr/bin/tar: ../../../../../usr/local/lib/android/sdk/platforms/android-34-ext8/data/res/values-mcc310-mnc250-kn: Cannot change mode to rwxr-xr-x: Operation not permitted
build	Cache Android SDK	2026-06-06T12:23:00.6311704Z /usr/bin/tar: ../../../../../usr/local/lib/android/sdk/platforms/android-34-ext8/data/res/values-mcc440-mnc54: Cannot utime: Operation not permitted
build	Cache Android SDK	2026-06-06T12:23:00.6312645Z /usr/bin/tar: ../../../../../usr/local/lib/android/sdk/platforms/android-34-ext8/data/res/values-mcc440-mnc54: Cannot change mode to rwxr-xr-x: Operation not permitted
build	Cache Android SDK	2026-06-06T12:23:00.6315480Z /usr/bin/tar: ../../../../../usr/local/lib/android/sdk/platforms/android-34-ext8/data/res/values-mcc310-mnc660-en-rIN: Cannot utime: Operation not permitted
build	Cache Android SDK	2026-06-06T12:23:00.6316447Z /usr/bin/tar: ../../../../../usr/local/lib/android/sdk/platforms/android-34-ext8/data/res/values-mcc310-mnc660-en-rIN: Cannot change mode to rwxr-xr-x: Operation not permitted
build	Cache Android SDK	2026-06-06T12:23:00.6318782Z /usr/bin/tar: ../../../../../usr/local/lib/android/sdk/platforms/android-34-ext8/data/res/values-iw-rIL: Cannot utime: Operation not permitted
build	Cache Android SDK	2026-06-06T12:23:00.6319679Z /usr/bin/tar: ../../../../../usr/local/lib/android/sdk/platforms/android-34-ext8/data/res/values-iw-rIL: Cannot change mode to rwxr-xr-x: Operation not permitted
build	Cache Android SDK	2026-06-06T12:23:00.6321846Z /usr/bin/tar: ../../../../../usr/local/lib/android/sdk/platforms/android-34-ext8/data/res/values-mcc310-mnc220-az: Cannot utime: Operation not permitted
build	Cache Android SDK	2026-06-06T12:23:00.6322928Z /usr/bin/tar: ../../../../../usr/local/lib/android/sdk/platforms/android-34-ext8/data/res/values-mcc310-mnc220-az: Cannot change mode to rwxr-xr-x: Operation not permitted
build	Cache Android SDK	2026-06-06T12:23:00.6325260Z /usr/bin/tar: ../../../../../usr/local/lib/android/sdk/platforms/android-34-ext8/data/res/values-mcc310-mnc200-mk: Cannot utime: Operation not permitted
build	Cache Android SDK	2026-06-06T12:23:00.6326227Z /usr/bin/tar: ../../../../../usr/local/lib/android/sdk/platforms/android-34-ext8/data/res/values-mcc310-mnc200-mk: Cannot change mode to rwxr-xr-x: Operation not permitted
build	Cache Android SDK	2026-06-06T12:23:00.6328932Z /usr/bin/tar: ../../../../../usr/local/lib/android/sdk/platforms/android-34-ext8/data/res/values-mcc334-mnc020-iw: Cannot utime: Operation not permitted
build	Cache Android SDK	2026-06-06T12:23:00.6330068Z /usr/bin/tar: ../../../../../usr/local/lib/android/sdk/platforms/android-34-ext8/data/res/values-mcc334-mnc020-iw: Cannot change mode to rwxr-xr-x: Operation not permitted
build	Cache Android SDK	2026-06-06T12:23:00.6332061Z /usr/bin/tar: ../../../../../usr/local/lib/android/sdk/platforms/android-34-ext8/data/res/values-mcc310-mnc380-pt-rPT: Cannot utime: Operation not permitted
build	Cache Android SDK	2026-06-06T12:23:00.6333091Z /usr/bin/tar: ../../../../../usr/local/lib/android/sdk/platforms/android-34-ext8/data/res/values-mcc310-mnc380-pt-rPT: Cannot change mode to rwxr-xr-x: Operation not permitted
build	Cache Android SDK	2026-06-06T12:23:00.6335088Z /usr/bin/tar: ../../../../../usr/local/lib/android/sdk/platforms/android-34-ext8/data/res/values-mcc310-mnc210-sk: Cannot utime: Operation not permitted
build	Cache Android SDK	2026-06-06T12:23:00.6336068Z /usr/bin/tar: ../../../../../usr/local/lib/android/sdk/platforms/android-34-ext8/data/res/values-mcc310-mnc210-sk: Cannot change mode to rwxr-xr-x: Operation not permitted
build	Cache Android SDK	2026-06-06T12:23:00.6339061Z /usr/bin/tar: ../../../../../usr/local/lib/android/sdk/platforms/android-34-ext8/data/res/values-mcc310-mnc160-uz: Cannot utime: Operation not permitted
build	Cache Android SDK	2026-06-06T12:23:00.6340080Z /usr/bin/tar: ../../../../../usr/local/lib/android/sdk/platforms/android-34-ext8/data/res/values-mcc310-mnc160-uz: Cannot change mode to rwxr-xr-x: Operation not permitted
build	Cache Android SDK	2026-06-06T12:23:00.6341845Z /usr/bin/tar: ../../../../../usr/local/lib/android/sdk/platforms/android-34-ext8/data/res/values-mcc310-mnc250-bg: Cannot utime: Operation not permitted
build	Cache Android SDK	2026-06-06T12:23:00.6342805Z /usr/bin/tar: ../../../../../usr/local/lib/android/sdk/platforms/android-34-ext8/data/res/values-mcc310-mnc250-bg: Cannot change mode to rwxr-xr-x: Operation not permitted
build	Cache Android SDK	2026-06-06T12:23:00.6345404Z /usr/bin/tar: ../../../../../usr/local/lib/android/sdk/platforms/android-34-ext8/data/res/values-mcc310-mnc410-km: Cannot utime: Operation not permitted
build	Cache Android SDK	2026-06-06T12:23:00.6346361Z /usr/bin/tar: ../../../../../usr/local/lib/android/sdk/platforms/android-34-ext8/data/res/values-mcc310-mnc410-km: Cannot change mode to rwxr-xr-x: Operation not permitted
build	Cache Android SDK	2026-06-06T12:23:00.6728336Z /usr/bin/tar: ../../../../../usr/local/lib/android/sdk/platforms/android-34-ext8/data/res/values-lv: Cannot utime: Operation not permitted
build	Cache Android SDK	2026-06-06T12:23:00.6729674Z /usr/bin/tar: ../../../../../usr/local/lib/android/sdk/platforms/android-34-ext8/data/res/values-lv: Cannot change mode to rwxr-xr-x: Operation not permitted
build	Cache Android SDK	2026-06-06T12:23:00.6732346Z /usr/bin/tar: ../../../../../usr/local/lib/android/sdk/platforms/android-34-ext8/data/res/values-mcc334-mnc020-vi: Cannot utime: Operation not permitted
build	Cache Android SDK	2026-06-06T12:23:00.6733861Z /usr/bin/tar: ../../../../../usr/local/lib/android/sdk/platforms/android-34-ext8/data/res/values-mcc334-mnc020-vi: Cannot change mode to rwxr-xr-x: Operation not permitted
build	Cache Android SDK	2026-06-06T12:23:00.6736793Z /usr/bin/tar: ../../../../../usr/local/lib/android/sdk/platforms/android-34-ext8/data/res/values-mcc310-mnc210-en-rAU: Cannot utime: Operation not permitted
build	Cache Android SDK	2026-06-06T12:23:00.6738546Z /usr/bin/tar: ../../../../../usr/local/lib/android/sdk/platforms/android-34-ext8/data/res/values-mcc310-mnc210-en-rAU: Cannot change mode to rwxr-xr-x: Operation not permitted
build	Cache Android SDK	2026-06-06T12:23:00.6741240Z /usr/bin/tar: ../../../../../usr/local/lib/android/sdk/platforms/android-34-ext8/data/res/values-mcc310-mnc560-ka: Cannot utime: Operation not permitted
build	Cache Android SDK	2026-06-06T12:23:00.6743230Z /usr/bin/tar: ../../../../../usr/local/lib/android/sdk/platforms/android-34-ext8/data/res/values-mcc310-mnc560-ka: Cannot change mode to rwxr-xr-x: Operation not permitted
build	Cache Android SDK	2026-06-06T12:23:00.6752708Z /usr/bin/tar: ../../../../../usr/local/lib/android/sdk/platforms/android-34-ext8/data/res/values-mr: Cannot utime: Operation not permitted
build	Cache Android SDK	2026-06-06T12:23:00.6754813Z /usr/bin/tar: ../../../../../usr/local/lib/android/sdk/platforms/android-34-ext8/data/res/values-mr: Cannot change mode to rwxr-xr-x: Operation not permitted
build	Cache Android SDK	2026-06-06T12:23:00.6756580Z /usr/bin/tar: ../../../../../usr/local/lib/android/sdk/platforms/android-34-ext8/data/res/values-mcc310-mnc030-en-rAU: Cannot utime: Operation not permitted
build	Cache Android SDK	2026-06-06T12:23:00.6758623Z /usr/bin/tar: ../../../../../usr/local/lib/android/sdk/platforms/android-34-ext8/data/res/values-mcc310-mnc030-en-rAU: Cannot change mode to rwxr-xr-x: Operation not permitted
build	Cache Android SDK	2026-06-06T12:23:00.6760065Z /usr/bin/tar: ../../../../../usr/local/lib/android/sdk/platforms/android-34-ext8/data/res/values-sk-television: Cannot utime: Operation not permitted
build	Cache Android SDK	2026-06-06T12:23:00.6761686Z /usr/bin/tar: ../../../../../usr/local/lib/android/sdk/platforms/android-34-ext8/data/res/values-sk-television: Cannot change mode to rwxr-xr-x: Operation not permitted
build	Cache Android SDK	2026-06-06T12:23:00.6763822Z /usr/bin/tar: ../../../../../usr/local/lib/android/sdk/platforms/android-34-ext8/data/res/values-mcc310-mnc310-fr-rCA: Cannot utime: Operation not permitted
build	Cache Android SDK	2026-06-06T12:23:00.6765474Z /usr/bin/tar: ../../../../../usr/local/lib/android/sdk/platforms/android-34-ext8/data/res/values-mcc310-mnc310-fr-rCA: Cannot change mode to rwxr-xr-x: Operation not permitted
build	Cache Android SDK	2026-06-06T12:23:00.6767739Z /usr/bin/tar: ../../../../../usr/local/lib/android/sdk/platforms/android-34-ext8/data/res/values-mcc310-mnc230-fr: Cannot utime: Operation not permitted
build	Cache Android SDK	2026-06-06T12:23:00.6769264Z /usr/bin/tar: ../../../../../usr/local/lib/android/sdk/platforms/android-34-ext8/data/res/values-mcc310-mnc230-fr: Cannot change mode to rwxr-xr-x: Operation not permitted
build	Cache Android SDK	2026-06-06T12:23:00.6771503Z /usr/bin/tar: ../../../../../usr/local/lib/android/sdk/platforms/android-34-ext8/data/res/values-mcc313-mnc100-kk: Cannot utime: Operation not permitted
build	Cache Android SDK	2026-06-06T12:23:00.6773116Z /usr/bin/tar: ../../../../../usr/local/lib/android/sdk/platforms/android-34-ext8/data/res/values-mcc313-mnc100-kk: Cannot change mode to rwxr-xr-x: Operation not permitted
build	Cache Android SDK	2026-06-06T12:23:00.6775345Z /usr/bin/tar: ../../../../../usr/local/lib/android/sdk/platforms/android-34-ext8/data/res/values-mcc313-mnc100-zh-rCN: Cannot utime: Operation not permitted
build	Cache Android SDK	2026-06-06T12:23:00.6776946Z /usr/bin/tar: ../../../../../usr/local/lib/android/sdk/platforms/android-34-ext8/data/res/values-mcc313-mnc100-zh-rCN: Cannot change mode to rwxr-xr-x: Operation not permitted
build	Cache Android SDK	2026-06-06T12:23:00.6779183Z /usr/bin/tar: ../../../../../usr/local/lib/android/sdk/platforms/android-34-ext8/data/res/values-mcc310-mnc170-zh-rHK: Cannot utime: Operation not permitted
build	Cache Android SDK	2026-06-06T12:23:00.6781038Z /usr/bin/tar: ../../../../../usr/local/lib/android/sdk/platforms/android-34-ext8/data/res/values-mcc310-mnc170-zh-rHK: Cannot change mode to rwxr-xr-x: Operation not permitted
build	Cache Android SDK	2026-06-06T12:23:00.6783195Z /usr/bin/tar: ../../../../../usr/local/lib/android/sdk/platforms/android-34-ext8/data/res/values-mcc310-mnc270-ta: Cannot utime: Operation not permitted
build	Cache Android SDK	2026-06-06T12:23:00.6784618Z /usr/bin/tar: ../../../../../usr/local/lib/android/sdk/platforms/android-34-ext8/data/res/values-mcc310-mnc270-ta: Cannot change mode to rwxr-xr-x: Operation not permitted
build	Cache Android SDK	2026-06-06T12:23:00.6786228Z /usr/bin/tar: ../../../../../usr/local/lib/android/sdk/platforms/android-34-ext8/data/res/values-hy-television: Cannot utime: Operation not permitted
build	Cache Android SDK	2026-06-06T12:23:00.6787607Z /usr/bin/tar: ../../../../../usr/local/lib/android/sdk/platforms/android-34-ext8/data/res/values-hy-television: Cannot change mode to rwxr-xr-x: Operation not permitted
build	Cache Android SDK	2026-06-06T12:23:00.6789739Z /usr/bin/tar: ../../../../../usr/local/lib/android/sdk/platforms/android-34-ext8/data/res/values-mcc310-mnc150-pt: Cannot utime: Operation not permitted
build	Cache Android SDK	2026-06-06T12:23:00.6791276Z /usr/bin/tar: ../../../../../usr/local/lib/android/sdk/platforms/android-34-ext8/data/res/values-mcc310-mnc150-pt: Cannot change mode to rwxr-xr-x: Operation not permitted
build	Cache Android SDK	2026-06-06T12:23:00.6793208Z /usr/bin/tar: ../../../../../usr/local/lib/android/sdk/platforms/android-34-ext8/data/res/values-mcc310-mnc270-hr: Cannot utime: Operation not permitted
build	Cache Android SDK	2026-06-06T12:23:00.6794973Z /usr/bin/tar: ../../../../../usr/local/lib/android/sdk/platforms/android-34-ext8/data/res/values-mcc310-mnc270-hr: Cannot change mode to rwxr-xr-x: Operation not permitted
build	Cache Android SDK	2026-06-06T12:23:00.6796855Z /usr/bin/tar: ../../../../../usr/local/lib/android/sdk/platforms/android-34-ext8/data/res/values-mcc302-mnc720-fa: Cannot utime: Operation not permitted
build	Cache Android SDK	2026-06-06T12:23:00.6799030Z /usr/bin/tar: ../../../../../usr/local/lib/android/sdk/platforms/android-34-ext8/data/res/values-mcc302-mnc720-fa: Cannot change mode to rwxr-xr-x: Operation not permitted
build	Cache Android SDK	2026-06-06T12:23:00.6801186Z /usr/bin/tar: ../../../../../usr/local/lib/android/sdk/platforms/android-34-ext8/data/res/values-mcc310-mnc310-ml: Cannot utime: Operation not permitted
build	Cache Android SDK	2026-06-06T12:23:00.6802842Z /usr/bin/tar: ../../../../../usr/local/lib/android/sdk/platforms/android-34-ext8/data/res/values-mcc310-mnc310-ml: Cannot change mode to rwxr-xr-x: Operation not permitted
build	Cache Android SDK	2026-06-06T12:23:00.6804615Z /usr/bin/tar: ../../../../../usr/local/lib/android/sdk/platforms/android-34-ext8/data/res/values-mcc310-mnc380-hy: Cannot utime: Operation not permitted
build	Cache Android SDK	2026-06-06T12:23:00.6806620Z /usr/bin/tar: ../../../../../usr/local/lib/android/sdk/platforms/android-34-ext8/data/res/values-mcc310-mnc380-hy: Cannot change mode to rwxr-xr-x: Operation not permitted
build	Cache Android SDK	2026-06-06T12:23:00.6809072Z /usr/bin/tar: ../../../../../usr/local/lib/android/sdk/platforms/android-34-ext8/data/res/values-mcc001-mnc01-kk: Cannot utime: Operation not permitted
build	Cache Android SDK	2026-06-06T12:23:00.6811187Z /usr/bin/tar: ../../../../../usr/local/lib/android/sdk/platforms/android-34-ext8/data/res/values-mcc001-mnc01-kk: Cannot change mode to rwxr-xr-x: Operation not permitted
build	Cache Android SDK	2026-06-06T12:23:00.6817882Z /usr/bin/tar: ../../../../../usr/local/lib/android/sdk/platforms/android-34-ext8/data/res/values-ja: Cannot utime: Operation not permitted
build	Cache Android SDK	2026-06-06T12:23:00.6819951Z /usr/bin/tar: ../../../../../usr/local/lib/android/sdk/platforms/android-34-ext8/data/res/values-ja: Cannot change mode to rwxr-xr-x: Operation not permitted
build	Cache Android SDK	2026-06-06T12:23:00.6821052Z /usr/bin/tar: ../../../../../usr/local/lib/android/sdk/platforms/android-34-ext8/data/res/values-mcc310-mnc270-es: Cannot utime: Operation not permitted
build	Cache Android SDK	2026-06-06T12:23:00.6822183Z /usr/bin/tar: ../../../../../usr/local/lib/android/sdk/platforms/android-34-ext8/data/res/values-mcc310-mnc270-es: Cannot change mode to rwxr-xr-x: Operation not permitted
build	Cache Android SDK	2026-06-06T12:23:00.6824017Z /usr/bin/tar: ../../../../../usr/local/lib/android/sdk/platforms/android-34-ext8/data/res/values-mcc310-mnc230-az: Cannot utime: Operation not permitted
build	Cache Android SDK	2026-06-06T12:23:00.6825341Z /usr/bin/tar: ../../../../../usr/local/lib/android/sdk/platforms/android-34-ext8/data/res/values-mcc310-mnc230-az: Cannot change mode to rwxr-xr-x: Operation not permitted
build	Cache Android SDK	2026-06-06T12:23:00.6827675Z /usr/bin/tar: ../../../../../usr/local/lib/android/sdk/platforms/android-34-ext8/data/res/values-mcc313-mnc100-hi: Cannot utime: Operation not permitted
build	Cache Android SDK	2026-06-06T12:23:00.6829409Z /usr/bin/tar: ../../../../../usr/local/lib/android/sdk/platforms/android-34-ext8/data/res/values-mcc313-mnc100-hi: Cannot change mode to rwxr-xr-x: Operation not permitted
build	Cache Android SDK	2026-06-06T12:23:00.6832126Z /usr/bin/tar: ../../../../../usr/local/lib/android/sdk/platforms/android-34-ext8/data/res/values-mcc310-mnc240-zh-rTW: Cannot utime: Operation not permitted
build	Cache Android SDK	2026-06-06T12:23:00.6833131Z /usr/bin/tar: ../../../../../usr/local/lib/android/sdk/platforms/android-34-ext8/data/res/values-mcc310-mnc240-zh-rTW: Cannot change mode to rwxr-xr-x: Operation not permitted
build	Cache Android SDK	2026-06-06T12:23:00.6834597Z /usr/bin/tar: ../../../../../usr/local/lib/android/sdk/platforms/android-34-ext8/data/res/values-mcc310-mnc210-es: Cannot utime: Operation not permitted
build	Cache Android SDK	2026-06-06T12:23:00.6835807Z /usr/bin/tar: ../../../../../usr/local/lib/android/sdk/platforms/android-34-ext8/data/res/values-mcc310-mnc210-es: Cannot change mode to rwxr-xr-x: Operation not permitted
build	Cache Android SDK	2026-06-06T12:23:00.6839580Z /usr/bin/tar: ../../../../../usr/local/lib/android/sdk/platforms/android-34-ext8/data/res/values-mcc310-mnc150-ca: Cannot utime: Operation not permitted
build	Cache Android SDK	2026-06-06T12:23:00.6840565Z /usr/bin/tar: ../../../../../usr/local/lib/android/sdk/platforms/android-34-ext8/data/res/values-mcc310-mnc150-ca: Cannot change mode to rwxr-xr-x: Operation not permitted
build	Cache Android SDK	2026-06-06T12:23:00.6842841Z /usr/bin/tar: ../../../../../usr/local/lib/android/sdk/platforms/android-34-ext8/data/res/values-mcc310-mnc210-te: Cannot utime: Operation not permitted
build	Cache Android SDK	2026-06-06T12:23:00.6844137Z /usr/bin/tar: ../../../../../usr/local/lib/android/sdk/platforms/android-34-ext8/data/res/values-mcc310-mnc210-te: Cannot change mode to rwxr-xr-x: Operation not permitted
build	Cache Android SDK	2026-06-06T12:23:00.6846471Z /usr/bin/tar: ../../../../../usr/local/lib/android/sdk/platforms/android-34-ext8/data/res/values-mcc310-mnc210-hy: Cannot utime: Operation not permitted
build	Cache Android SDK	2026-06-06T12:23:00.6848193Z /usr/bin/tar: ../../../../../usr/local/lib/android/sdk/platforms/android-34-ext8/data/res/values-mcc310-mnc210-hy: Cannot change mode to rwxr-xr-x: Operation not permitted
build	Cache Android SDK	2026-06-06T12:23:00.6850028Z /usr/bin/tar: ../../../../../usr/local/lib/android/sdk/platforms/android-34-ext8/data/res/values-mcc334-mnc020-is: Cannot utime: Operation not permitted
build	Cache Android SDK	2026-06-06T12:23:00.6851457Z /usr/bin/tar: ../../../../../usr/local/lib/android/sdk/platforms/android-34-ext8/data/res/values-mcc334-mnc020-is: Cannot change mode to rwxr-xr-x: Operation not permitted
build	Cache Android SDK	2026-06-06T12:23:00.6853454Z /usr/bin/tar: ../../../../../usr/local/lib/android/sdk/platforms/android-34-ext8/data/res/values-mcc310-mnc220-b+sr+Latn: Cannot utime: Operation not permitted
build	Cache Android SDK	2026-06-06T12:23:00.6855311Z /usr/bin/tar: ../../../../../usr/local/lib/android/sdk/platforms/android-34-ext8/data/res/values-mcc310-mnc220-b+sr+Latn: Cannot change mode to rwxr-xr-x: Operation not permitted
build	Cache Android SDK	2026-06-06T12:23:00.6856966Z /usr/bin/tar: ../../../../../usr/local/lib/android/sdk/platforms/android-34-ext8/data/res/values-mcc310-mnc200-cs: Cannot utime: Operation not permitted
build	Cache Android SDK	2026-06-06T12:23:00.6859202Z /usr/bin/tar: ../../../../../usr/local/lib/android/sdk/platforms/android-34-ext8/data/res/values-mcc310-mnc200-cs: Cannot change mode to rwxr-xr-x: Operation not permitted
build	Cache Android SDK	2026-06-06T12:23:00.6860372Z /usr/bin/tar: ../../../../../usr/local/lib/android/sdk/platforms/android-34-ext8/data/res/values-it-rIT: Cannot utime: Operation not permitted
build	Cache Android SDK	2026-06-06T12:23:00.6861739Z /usr/bin/tar: ../../../../../usr/local/lib/android/sdk/platforms/android-34-ext8/data/res/values-it-rIT: Cannot change mode to rwxr-xr-x: Operation not permitted
build	Cache Android SDK	2026-06-06T12:23:00.6863560Z /usr/bin/tar: ../../../../../usr/local/lib/android/sdk/platforms/android-34-ext8/data/res/values-mcc310-mnc950-sv: Cannot utime: Operation not permitted
build	Cache Android SDK	2026-06-06T12:23:00.6864789Z /usr/bin/tar: ../../../../../usr/local/lib/android/sdk/platforms/android-34-ext8/data/res/values-mcc310-mnc950-sv: Cannot change mode to rwxr-xr-x: Operation not permitted
build	Cache Android SDK	2026-06-06T12:23:00.6867287Z /usr/bin/tar: ../../../../../usr/local/lib/android/sdk/platforms/android-34-ext8/data/res/values-mcc310-mnc030-pl: Cannot utime: Operation not permitted
build	Cache Android SDK	2026-06-06T12:23:00.6869174Z /usr/bin/tar: ../../../../../usr/local/lib/android/sdk/platforms/android-34-ext8/data/res/values-mcc310-mnc030-pl: Cannot change mode to rwxr-xr-x: Operation not permitted
build	Cache Android SDK	2026-06-06T12:23:00.6871334Z /usr/bin/tar: ../../../../../usr/local/lib/android/sdk/platforms/android-34-ext8/data/res/values-mcc404: Cannot utime: Operation not permitted
build	Cache Android SDK	2026-06-06T12:23:00.6873021Z /usr/bin/tar: ../../../../../usr/local/lib/android/sdk/platforms/android-34-ext8/data/res/values-mcc404: Cannot change mode to rwxr-xr-x: Operation not permitted
build	Cache Android SDK	2026-06-06T12:23:00.6875233Z /usr/bin/tar: ../../../../../usr/local/lib/android/sdk/platforms/android-34-ext8/data/res/values-mcc310-mnc490-zh-rHK: Cannot utime: Operation not permitted
build	Cache Android SDK	2026-06-06T12:23:00.6877450Z /usr/bin/tar: ../../../../../usr/local/lib/android/sdk/platforms/android-34-ext8/data/res/values-mcc310-mnc490-zh-rHK: Cannot change mode to rwxr-xr-x: Operation not permitted
build	Cache Android SDK	2026-06-06T12:23:00.6879767Z /usr/bin/tar: ../../../../../usr/local/lib/android/sdk/platforms/android-34-ext8/data/res/values-mcc334-mnc020-eu: Cannot utime: Operation not permitted
build	Cache Android SDK	2026-06-06T12:23:00.6881580Z /usr/bin/tar: ../../../../../usr/local/lib/android/sdk/platforms/android-34-ext8/data/res/values-mcc334-mnc020-eu: Cannot change mode to rwxr-xr-x: Operation not permitted
build	Cache Android SDK	2026-06-06T12:23:00.6883102Z /usr/bin/tar: ../../../../../usr/local/lib/android/sdk/platforms/android-34-ext8/data/res/values-mcc302-mnc370-gl: Cannot utime: Operation not permitted
build	Cache Android SDK	2026-06-06T12:23:00.6884613Z /usr/bin/tar: ../../../../../usr/local/lib/android/sdk/platforms/android-34-ext8/data/res/values-mcc302-mnc370-gl: Cannot change mode to rwxr-xr-x: Operation not permitted
build	Cache Android SDK	2026-06-06T12:23:00.6886705Z /usr/bin/tar: ../../../../../usr/local/lib/android/sdk/platforms/android-34-ext8/data/res/values-mcc310-mnc210-hr: Cannot utime: Operation not permitted
build	Cache Android SDK	2026-06-06T12:23:00.6888651Z /usr/bin/tar: ../../../../../usr/local/lib/android/sdk/platforms/android-34-ext8/data/res/values-mcc310-mnc210-hr: Cannot change mode to rwxr-xr-x: Operation not permitted
build	Cache Android SDK	2026-06-06T12:23:00.6890758Z /usr/bin/tar: ../../../../../usr/local/lib/android/sdk/platforms/android-34-ext8/data/res/values-mcc001-mnc01-mr: Cannot utime: Operation not permitted
build	Cache Android SDK	2026-06-06T12:23:00.6892657Z /usr/bin/tar: ../../../../../usr/local/lib/android/sdk/platforms/android-34-ext8/data/res/values-mcc001-mnc01-mr: Cannot change mode to rwxr-xr-x: Operation not permitted
build	Cache Android SDK	2026-06-06T12:23:00.6894892Z /usr/bin/tar: ../../../../../usr/local/lib/android/sdk/platforms/android-34-ext8/data/res/values-mcc310-mnc150-tl: Cannot utime: Operation not permitted
build	Cache Android SDK	2026-06-06T12:23:00.6896793Z /usr/bin/tar: ../../../../../usr/local/lib/android/sdk/platforms/android-34-ext8/data/res/values-mcc310-mnc150-tl: Cannot change mode to rwxr-xr-x: Operation not permitted
build	Cache Android SDK	2026-06-06T12:23:00.6901090Z /usr/bin/tar: ../../../../../usr/local/lib/android/sdk/platforms/android-34-ext8/data/res/values-km: Cannot utime: Operation not permitted
build	Cache Android SDK	2026-06-06T12:23:00.6903018Z /usr/bin/tar: ../../../../../usr/local/lib/android/sdk/platforms/android-34-ext8/data/res/values-km: Cannot change mode to rwxr-xr-x: Operation not permitted
build	Cache Android SDK	2026-06-06T12:23:00.6904784Z /usr/bin/tar: ../../../../../usr/local/lib/android/sdk/platforms/android-34-ext8/data/res/values-mcc302-mnc370-be: Cannot utime: Operation not permitted
build	Cache Android SDK	2026-06-06T12:23:00.6906515Z /usr/bin/tar: ../../../../../usr/local/lib/android/sdk/platforms/android-34-ext8/data/res/values-mcc302-mnc370-be: Cannot change mode to rwxr-xr-x: Operation not permitted
build	Cache Android SDK	2026-06-06T12:23:00.6908961Z /usr/bin/tar: ../../../../../usr/local/lib/android/sdk/platforms/android-34-ext8/data/res/values-mcc310-mnc380-uk: Cannot utime: Operation not permitted
build	Cache Android SDK	2026-06-06T12:23:00.6910862Z /usr/bin/tar: ../../../../../usr/local/lib/android/sdk/platforms/android-34-ext8/data/res/values-mcc310-mnc380-uk: Cannot change mode to rwxr-xr-x: Operation not permitted
build	Cache Android SDK	2026-06-06T12:23:00.6912443Z /usr/bin/tar: ../../../../../usr/local/lib/android/sdk/platforms/android-34-ext8/data/res/values-mcc302-mnc370-uk: Cannot utime: Operation not permitted
build	Cache Android SDK	2026-06-06T12:23:00.6913937Z /usr/bin/tar: ../../../../../usr/local/lib/android/sdk/platforms/android-34-ext8/data/res/values-mcc302-mnc370-uk: Cannot change mode to rwxr-xr-x: Operation not permitted
build	Cache Android SDK	2026-06-06T12:23:00.6915200Z /usr/bin/tar: ../../../../../usr/local/lib/android/sdk/platforms/android-34-ext8/data/res/values-mcc001-mnc01-lt: Cannot utime: Operation not permitted
build	Cache Android SDK	2026-06-06T12:23:00.6916763Z /usr/bin/tar: ../../../../../usr/local/lib/android/sdk/platforms/android-34-ext8/data/res/values-mcc001-mnc01-lt: Cannot change mode to rwxr-xr-x: Operation not permitted
build	Cache Android SDK	2026-06-06T12:23:00.6919016Z /usr/bin/tar: ../../../../../usr/local/lib/android/sdk/platforms/android-34-ext8/data/res/values-mcc310-mnc560-en-rCA: Cannot utime: Operation not permitted
build	Cache Android SDK	2026-06-06T12:23:00.6921085Z /usr/bin/tar: ../../../../../usr/local/lib/android/sdk/platforms/android-34-ext8/data/res/values-mcc310-mnc560-en-rCA: Cannot change mode to rwxr-xr-x: Operation not permitted
build	Cache Android SDK	2026-06-06T12:23:00.6922771Z /usr/bin/tar: ../../../../../usr/local/lib/android/sdk/platforms/android-34-ext8/data/res/values-mcc310-mnc310-uk: Cannot utime: Operation not permitted
build	Cache Android SDK	2026-06-06T12:23:00.6924690Z /usr/bin/tar: ../../../../../usr/local/lib/android/sdk/platforms/android-34-ext8/data/res/values-mcc310-mnc310-uk: Cannot change mode to rwxr-xr-x: Operation not permitted
build	Cache Android SDK	2026-06-06T12:23:00.6925893Z /usr/bin/tar: ../../../../../usr/local/lib/android/sdk/platforms/android-34-ext8/data/res/values-mcc302-mnc720-uk: Cannot utime: Operation not permitted
build	Cache Android SDK	2026-06-06T12:23:00.6927542Z /usr/bin/tar: ../../../../../usr/local/lib/android/sdk/platforms/android-34-ext8/data/res/values-mcc302-mnc720-uk: Cannot change mode to rwxr-xr-x: Operation not permitted
build	Cache Android SDK	2026-06-06T12:23:00.6929561Z /usr/bin/tar: ../../../../../usr/local/lib/android/sdk/platforms/android-34-ext8/data/res/values-mcc310-mnc240-ka: Cannot utime: Operation not permitted
build	Cache Android SDK	2026-06-06T12:23:00.6931552Z /usr/bin/tar: ../../../../../usr/local/lib/android/sdk/platforms/android-34-ext8/data/res/values-mcc310-mnc240-ka: Cannot change mode to rwxr-xr-x: Operation not permitted
build	Cache Android SDK	2026-06-06T12:23:00.6936676Z /usr/bin/tar: ../../../../../usr/local/lib/android/sdk/platforms/android-34-ext8/data/res/values-watch: Cannot utime: Operation not permitted
build	Cache Android SDK	2026-06-06T12:23:00.6938223Z /usr/bin/tar: ../../../../../usr/local/lib/android/sdk/platforms/android-34-ext8/data/res/values-watch: Cannot change mode to rwxr-xr-x: Operation not permitted
build	Cache Android SDK	2026-06-06T12:23:00.6940121Z /usr/bin/tar: ../../../../../usr/local/lib/android/sdk/platforms/android-34-ext8/data/res/values-mcc310-mnc800-bs: Cannot utime: Operation not permitted
build	Cache Android SDK	2026-06-06T12:23:00.6941216Z /usr/bin/tar: ../../../../../usr/local/lib/android/sdk/platforms/android-34-ext8/data/res/values-mcc310-mnc800-bs: Cannot change mode to rwxr-xr-x: Operation not permitted
build	Cache Android SDK	2026-06-06T12:23:00.6943341Z /usr/bin/tar: ../../../../../usr/local/lib/android/sdk/platforms/android-34-ext8/data/res/values-mcc310-mnc150-az: Cannot utime: Operation not permitted
build	Cache Android SDK	2026-06-06T12:23:00.6944484Z /usr/bin/tar: ../../../../../usr/local/lib/android/sdk/platforms/android-34-ext8/data/res/values-mcc310-mnc150-az: Cannot change mode to rwxr-xr-x: Operation not permitted
build	Cache Android SDK	2026-06-06T12:23:00.6955218Z /usr/bin/tar: ../../../../../usr/local/lib/android/sdk/platforms/android-34-ext8/data/res/values-kn: Cannot utime: Operation not permitted
build	Cache Android SDK	2026-06-06T12:23:00.6956603Z /usr/bin/tar: ../../../../../usr/local/lib/android/sdk/platforms/android-34-ext8/data/res/values-kn: Cannot change mode to rwxr-xr-x: Operation not permitted
build	Cache Android SDK	2026-06-06T12:23:00.6958377Z /usr/bin/tar: ../../../../../usr/local/lib/android/sdk/platforms/android-34-ext8/data/res/values-mcc310-mnc490-pt: Cannot utime: Operation not permitted
build	Cache Android SDK	2026-06-06T12:23:00.6959691Z /usr/bin/tar: ../../../../../usr/local/lib/android/sdk/platforms/android-34-ext8/data/res/values-mcc310-mnc490-pt: Cannot change mode to rwxr-xr-x: Operation not permitted
build	Cache Android SDK	2026-06-06T12:23:00.6961719Z /usr/bin/tar: ../../../../../usr/local/lib/android/sdk/platforms/android-34-ext8/data/res/values-mcc310-mnc280-or: Cannot utime: Operation not permitted
build	Cache Android SDK	2026-06-06T12:23:00.6962855Z /usr/bin/tar: ../../../../../usr/local/lib/android/sdk/platforms/android-34-ext8/data/res/values-mcc310-mnc280-or: Cannot change mode to rwxr-xr-x: Operation not permitted
build	Cache Android SDK	2026-06-06T12:23:00.6965094Z /usr/bin/tar: ../../../../../usr/local/lib/android/sdk/platforms/android-34-ext8/data/res/values-mcc311-mnc180-iw: Cannot utime: Operation not permitted
build	Cache Android SDK	2026-06-06T12:23:00.6966237Z /usr/bin/tar: ../../../../../usr/local/lib/android/sdk/platforms/android-34-ext8/data/res/values-mcc311-mnc180-iw: Cannot change mode to rwxr-xr-x: Operation not permitted
build	Cache Android SDK	2026-06-06T12:23:00.6969844Z /usr/bin/tar: ../../../../../usr/local/lib/android/sdk/platforms/android-34-ext8/data/res/values-ru-watch: Cannot utime: Operation not permitted
build	Cache Android SDK	2026-06-06T12:23:00.6971290Z /usr/bin/tar: ../../../../../usr/local/lib/android/sdk/platforms/android-34-ext8/data/res/values-ru-watch: Cannot change mode to rwxr-xr-x: Operation not permitted
build	Cache Android SDK	2026-06-06T12:23:00.6973917Z /usr/bin/tar: ../../../../../usr/local/lib/android/sdk/platforms/android-34-ext8/data/res/values-mcc310-mnc800-sl: Cannot utime: Operation not permitted
build	Cache Android SDK	2026-06-06T12:23:00.6975288Z /usr/bin/tar: ../../../../../usr/local/lib/android/sdk/platforms/android-34-ext8/data/res/values-mcc310-mnc800-sl: Cannot change mode to rwxr-xr-x: Operation not permitted
build	Cache Android SDK	2026-06-06T12:23:00.6977248Z /usr/bin/tar: ../../../../../usr/local/lib/android/sdk/platforms/android-34-ext8/data/res/layout-round-watch: Cannot utime: Operation not permitted
build	Cache Android SDK	2026-06-06T12:23:00.6978618Z /usr/bin/tar: ../../../../../usr/local/lib/android/sdk/platforms/android-34-ext8/data/res/layout-round-watch: Cannot change mode to rwxr-xr-x: Operation not permitted
build	Cache Android SDK	2026-06-06T12:23:00.6980046Z /usr/bin/tar: ../../../../../usr/local/lib/android/sdk/platforms/android-34-ext8/data/res/values-af-rZA: Cannot utime: Operation not permitted
build	Cache Android SDK	2026-06-06T12:23:00.6980958Z /usr/bin/tar: ../../../../../usr/local/lib/android/sdk/platforms/android-34-ext8/data/res/values-af-rZA: Cannot change mode to rwxr-xr-x: Operation not permitted
build	Cache Android SDK	2026-06-06T12:23:00.6984046Z /usr/bin/tar: ../../../../../usr/local/lib/android/sdk/platforms/android-34-ext8/data/res/values-mcc310-mnc410-hr: Cannot utime: Operation not permitted
build	Cache Android SDK	2026-06-06T12:23:00.6985170Z /usr/bin/tar: ../../../../../usr/local/lib/android/sdk/platforms/android-34-ext8/data/res/values-mcc310-mnc410-hr: Cannot change mode to rwxr-xr-x: Operation not permitted
build	Cache Android SDK	2026-06-06T12:23:00.6987335Z /usr/bin/tar: ../../../../../usr/local/lib/android/sdk/platforms/android-34-ext8/data/res/values-mcc312-mnc670-ka: Cannot utime: Operation not permitted
build	Cache Android SDK	2026-06-06T12:23:00.6988674Z /usr/bin/tar: ../../../../../usr/local/lib/android/sdk/platforms/android-34-ext8/data/res/values-mcc312-mnc670-ka: Cannot change mode to rwxr-xr-x: Operation not permitted
build	Cache Android SDK	2026-06-06T12:23:00.6990640Z /usr/bin/tar: ../../../../../usr/local/lib/android/sdk/platforms/android-34-ext8/data/res/values-mcc310-mnc950-am: Cannot utime: Operation not permitted
build	Cache Android SDK	2026-06-06T12:23:00.6992072Z /usr/bin/tar: ../../../../../usr/local/lib/android/sdk/platforms/android-34-ext8/data/res/values-mcc310-mnc950-am: Cannot change mode to rwxr-xr-x: Operation not permitted
build	Cache Android SDK	2026-06-06T12:23:00.6994333Z /usr/bin/tar: ../../../../../usr/local/lib/android/sdk/platforms/android-34-ext8/data/res/values-mcc313-mnc100-kn: Cannot utime: Operation not permitted
build	Cache Android SDK	2026-06-06T12:23:00.6995855Z /usr/bin/tar: ../../../../../usr/local/lib/android/sdk/platforms/android-34-ext8/data/res/values-mcc313-mnc100-kn: Cannot change mode to rwxr-xr-x: Operation not permitted
build	Cache Android SDK	2026-06-06T12:23:00.6997535Z /usr/bin/tar: ../../../../../usr/local/lib/android/sdk/platforms/android-34-ext8/data/res/values-mcc311-mnc180-pa: Cannot utime: Operation not permitted
build	Cache Android SDK	2026-06-06T12:23:00.6998644Z /usr/bin/tar: ../../../../../usr/local/lib/android/sdk/platforms/android-34-ext8/data/res/values-mcc311-mnc180-pa: Cannot change mode to rwxr-xr-x: Operation not permitted
build	Cache Android SDK	2026-06-06T12:23:00.7002176Z /usr/bin/tar: ../../../../../usr/local/lib/android/sdk/platforms/android-34-ext8/data/res/values-mcc334-mnc020-ko: Cannot utime: Operation not permitted
build	Cache Android SDK	2026-06-06T12:23:00.7003495Z /usr/bin/tar: ../../../../../usr/local/lib/android/sdk/platforms/android-34-ext8/data/res/values-mcc334-mnc020-ko: Cannot change mode to rwxr-xr-x: Operation not permitted
build	Cache Android SDK	2026-06-06T12:23:00.7005545Z /usr/bin/tar: ../../../../../usr/local/lib/android/sdk/platforms/android-34-ext8/data/res/values-sk-rSK: Cannot utime: Operation not permitted
build	Cache Android SDK	2026-06-06T12:23:00.7006794Z /usr/bin/tar: ../../../../../usr/local/lib/android/sdk/platforms/android-34-ext8/data/res/values-sk-rSK: Cannot change mode to rwxr-xr-x: Operation not permitted
build	Cache Android SDK	2026-06-06T12:23:00.7008670Z /usr/bin/tar: ../../../../../usr/local/lib/android/sdk/platforms/android-34-ext8/data/res/values-mcc302-mnc370-sk: Cannot utime: Operation not permitted
build	Cache Android SDK	2026-06-06T12:23:00.7010054Z /usr/bin/tar: ../../../../../usr/local/lib/android/sdk/platforms/android-34-ext8/data/res/values-mcc302-mnc370-sk: Cannot change mode to rwxr-xr-x: Operation not permitted
build	Cache Android SDK	2026-06-06T12:23:00.7011699Z /usr/bin/tar: ../../../../../usr/local/lib/android/sdk/platforms/android-34-ext8/data/res/values-mcc001-mnc01-iw: Cannot utime: Operation not permitted
build	Cache Android SDK	2026-06-06T12:23:00.7013244Z /usr/bin/tar: ../../../../../usr/local/lib/android/sdk/platforms/android-34-ext8/data/res/values-mcc001-mnc01-iw: Cannot change mode to rwxr-xr-x: Operation not permitted
build	Cache Android SDK	2026-06-06T12:23:00.7014607Z /usr/bin/tar: ../../../../../usr/local/lib/android/sdk/platforms/android-34-ext8/data/res/values-mcc310-mnc310-te: Cannot utime: Operation not permitted
build	Cache Android SDK	2026-06-06T12:23:00.7015769Z /usr/bin/tar: ../../../../../usr/local/lib/android/sdk/platforms/android-34-ext8/data/res/values-mcc310-mnc310-te: Cannot change mode to rwxr-xr-x: Operation not permitted
build	Cache Android SDK	2026-06-06T12:23:00.7018408Z /usr/bin/tar: ../../../../../usr/local/lib/android/sdk/platforms/android-34-ext8/data/res/values-mcc310-mnc200-fi: Cannot utime: Operation not permitted
build	Cache Android SDK	2026-06-06T12:23:00.7019578Z /usr/bin/tar: ../../../../../usr/local/lib/android/sdk/platforms/android-34-ext8/data/res/values-mcc310-mnc200-fi: Cannot change mode to rwxr-xr-x: Operation not permitted
build	Cache Android SDK	2026-06-06T12:23:00.7024896Z /usr/bin/tar: ../../../../../usr/local/lib/android/sdk/platforms/android-34-ext8/data/res/values-mcc310-mnc270-fr: Cannot utime: Operation not permitted
build	Cache Android SDK	2026-06-06T12:23:00.7026462Z /usr/bin/tar: ../../../../../usr/local/lib/android/sdk/platforms/android-34-ext8/data/res/values-mcc310-mnc270-fr: Cannot change mode to rwxr-xr-x: Operation not permitted
build	Cache Android SDK	2026-06-06T12:23:00.7032723Z /usr/bin/tar: ../../../../../usr/local/lib/android/sdk/platforms/android-34-ext8/data/res/values-sv: Cannot utime: Operation not permitted
build	Cache Android SDK	2026-06-06T12:23:00.7034379Z /usr/bin/tar: ../../../../../usr/local/lib/android/sdk/platforms/android-34-ext8/data/res/values-sv: Cannot change mode to rwxr-xr-x: Operation not permitted
build	Cache Android SDK	2026-06-06T12:23:00.7036023Z /usr/bin/tar: ../../../../../usr/local/lib/android/sdk/platforms/android-34-ext8/data/res/values-mcc310-mnc160-pa: Cannot utime: Operation not permitted
build	Cache Android SDK	2026-06-06T12:23:00.7037613Z /usr/bin/tar: ../../../../../usr/local/lib/android/sdk/platforms/android-34-ext8/data/res/values-mcc310-mnc160-pa: Cannot change mode to rwxr-xr-x: Operation not permitted
build	Cache Android SDK	2026-06-06T12:23:00.7040111Z /usr/bin/tar: ../../../../../usr/local/lib/android/sdk/platforms/android-34-ext8/data/res/values-mcc310-mnc270-ca: Cannot utime: Operation not permitted
build	Cache Android SDK	2026-06-06T12:23:00.7042468Z /usr/bin/tar: ../../../../../usr/local/lib/android/sdk/platforms/android-34-ext8/data/res/values-mcc310-mnc270-ca: Cannot change mode to rwxr-xr-x: Operation not permitted
build	Cache Android SDK	2026-06-06T12:23:00.7043593Z /usr/bin/tar: ../../../../../usr/local/lib/android/sdk/platforms/android-34-ext8/data/res/values-en-rCA-television: Cannot utime: Operation not permitted
build	Cache Android SDK	2026-06-06T12:23:00.7045513Z /usr/bin/tar: ../../../../../usr/local/lib/android/sdk/platforms/android-34-ext8/data/res/values-en-rCA-television: Cannot change mode to rwxr-xr-x: Operation not permitted
build	Cache Android SDK	2026-06-06T12:23:00.7046912Z /usr/bin/tar: ../../../../../usr/local/lib/android/sdk/platforms/android-34-ext8/data/res/values-mcc310-mnc150-zh-rCN: Cannot utime: Operation not permitted
build	Cache Android SDK	2026-06-06T12:23:00.7049461Z /usr/bin/tar: ../../../../../usr/local/lib/android/sdk/platforms/android-34-ext8/data/res/values-mcc310-mnc150-zh-rCN: Cannot change mode to rwxr-xr-x: Operation not permitted
build	Cache Android SDK	2026-06-06T12:23:00.7050679Z /usr/bin/tar: ../../../../../usr/local/lib/android/sdk/platforms/android-34-ext8/data/res/values-mcc310-mnc660-uz: Cannot utime: Operation not permitted
build	Cache Android SDK	2026-06-06T12:23:00.7052689Z /usr/bin/tar: ../../../../../usr/local/lib/android/sdk/platforms/android-34-ext8/data/res/values-mcc310-mnc660-uz: Cannot change mode to rwxr-xr-x: Operation not permitted
build	Cache Android SDK	2026-06-06T12:23:00.7054594Z /usr/bin/tar: ../../../../../usr/local/lib/android/sdk/platforms/android-34-ext8/data/res/values-mcc310-mnc560-bs: Cannot utime: Operation not permitted
build	Cache Android SDK	2026-06-06T12:23:00.7056480Z /usr/bin/tar: ../../../../../usr/local/lib/android/sdk/platforms/android-34-ext8/data/res/values-mcc310-mnc560-bs: Cannot change mode to rwxr-xr-x: Operation not permitted
build	Cache Android SDK	2026-06-06T12:23:00.7058473Z /usr/bin/tar: ../../../../../usr/local/lib/android/sdk/platforms/android-34-ext8/data/res/values-mcc302-mnc720-hy: Cannot utime: Operation not permitted
build	Cache Android SDK	2026-06-06T12:23:00.7060296Z /usr/bin/tar: ../../../../../usr/local/lib/android/sdk/platforms/android-34-ext8/data/res/values-mcc302-mnc720-hy: Cannot change mode to rwxr-xr-x: Operation not permitted
build	Cache Android SDK	2026-06-06T12:23:00.7061520Z /usr/bin/tar: ../../../../../usr/local/lib/android/sdk/platforms/android-34-ext8/data/res/values-mcc310-mnc210-mk: Cannot utime: Operation not permitted
build	Cache Android SDK	2026-06-06T12:23:00.7063115Z /usr/bin/tar: ../../../../../usr/local/lib/android/sdk/platforms/android-34-ext8/data/res/values-mcc310-mnc210-mk: Cannot change mode to rwxr-xr-x: Operation not permitted
build	Cache Android SDK	2026-06-06T12:23:00.7064809Z /usr/bin/tar: ../../../../../usr/local/lib/android/sdk/platforms/android-34-ext8/data/res/values-mcc334-mnc020-ro: Cannot utime: Operation not permitted
build	Cache Android SDK	2026-06-06T12:23:00.7066408Z /usr/bin/tar: ../../../../../usr/local/lib/android/sdk/platforms/android-34-ext8/data/res/values-mcc334-mnc020-ro: Cannot change mode to rwxr-xr-x: Operation not permitted
build	Cache Android SDK	2026-06-06T12:23:00.7068073Z /usr/bin/tar: ../../../../../usr/local/lib/android/sdk/platforms/android-34-ext8/data/res/values-mcc310-mnc280-lo: Cannot utime: Operation not permitted
build	Cache Android SDK	2026-06-06T12:23:00.7069286Z /usr/bin/tar: ../../../../../usr/local/lib/android/sdk/platforms/android-34-ext8/data/res/values-mcc310-mnc280-lo: Cannot change mode to rwxr-xr-x: Operation not permitted
build	Cache Android SDK	2026-06-06T12:23:00.7071087Z /usr/bin/tar: ../../../../../usr/local/lib/android/sdk/platforms/android-34-ext8/data/res/values-mcc311-mnc180-ka: Cannot utime: Operation not permitted
build	Cache Android SDK	2026-06-06T12:23:00.7072326Z /usr/bin/tar: ../../../../../usr/local/lib/android/sdk/platforms/android-34-ext8/data/res/values-mcc311-mnc180-ka: Cannot change mode to rwxr-xr-x: Operation not permitted
build	Cache Android SDK	2026-06-06T12:23:00.7073882Z /usr/bin/tar: ../../../../../usr/local/lib/android/sdk/platforms/android-34-ext8/data/res/values-mcc310-mnc280-nl: Cannot utime: Operation not permitted
build	Cache Android SDK	2026-06-06T12:23:00.7075309Z /usr/bin/tar: ../../../../../usr/local/lib/android/sdk/platforms/android-34-ext8/data/res/values-mcc310-mnc280-nl: Cannot change mode to rwxr-xr-x: Operation not permitted
build	Cache Android SDK	2026-06-06T12:23:00.7078580Z /usr/bin/tar: ../../../../../usr/local/lib/android/sdk/platforms/android-34-ext8/data/res/values-mcc310-mnc160: Cannot utime: Operation not permitted
build	Cache Android SDK	2026-06-06T12:23:00.7080194Z /usr/bin/tar: ../../../../../usr/local/lib/android/sdk/platforms/android-34-ext8/data/res/values-mcc310-mnc160: Cannot change mode to rwxr-xr-x: Operation not permitted
build	Cache Android SDK	2026-06-06T12:23:00.7082071Z /usr/bin/tar: ../../../../../usr/local/lib/android/sdk/platforms/android-34-ext8/data/res/values-mcc310-mnc170-as: Cannot utime: Operation not permitted
build	Cache Android SDK	2026-06-06T12:23:00.7083658Z /usr/bin/tar: ../../../../../usr/local/lib/android/sdk/platforms/android-34-ext8/data/res/values-mcc310-mnc170-as: Cannot change mode to rwxr-xr-x: Operation not permitted
build	Cache Android SDK	2026-06-06T12:23:00.7085432Z /usr/bin/tar: ../../../../../usr/local/lib/android/sdk/platforms/android-34-ext8/data/res/values-mcc310-mnc230-uk: Cannot utime: Operation not permitted
build	Cache Android SDK	2026-06-06T12:23:00.7087107Z /usr/bin/tar: ../../../../../usr/local/lib/android/sdk/platforms/android-34-ext8/data/res/values-mcc310-mnc230-uk: Cannot change mode to rwxr-xr-x: Operation not permitted
build	Cache Android SDK	2026-06-06T12:23:00.7089032Z /usr/bin/tar: ../../../../../usr/local/lib/android/sdk/platforms/android-34-ext8/data/res/values-mcc302-mnc370-ky: Cannot utime: Operation not permitted
build	Cache Android SDK	2026-06-06T12:23:00.7090607Z /usr/bin/tar: ../../../../../usr/local/lib/android/sdk/platforms/android-34-ext8/data/res/values-mcc302-mnc370-ky: Cannot change mode to rwxr-xr-x: Operation not permitted
build	Cache Android SDK	2026-06-06T12:23:00.7092375Z /usr/bin/tar: ../../../../../usr/local/lib/android/sdk/platforms/android-34-ext8/data/res/values-mcc310-mnc950-ky: Cannot utime: Operation not permitted
build	Cache Android SDK	2026-06-06T12:23:00.7093941Z /usr/bin/tar: ../../../../../usr/local/lib/android/sdk/platforms/android-34-ext8/data/res/values-mcc310-mnc950-ky: Cannot change mode to rwxr-xr-x: Operation not permitted
build	Cache Android SDK	2026-06-06T12:23:00.7095746Z /usr/bin/tar: ../../../../../usr/local/lib/android/sdk/platforms/android-34-ext8/data/res/values-vi-watch: Cannot utime: Operation not permitted
build	Cache Android SDK	2026-06-06T12:23:00.7097022Z /usr/bin/tar: ../../../../../usr/local/lib/android/sdk/platforms/android-34-ext8/data/res/values-vi-watch: Cannot change mode to rwxr-xr-x: Operation not permitted
build	Cache Android SDK	2026-06-06T12:23:00.7099856Z /usr/bin/tar: ../../../../../usr/local/lib/android/sdk/platforms/android-34-ext8/data/res/values-mcc310-mnc410-ka: Cannot utime: Operation not permitted
build	Cache Android SDK	2026-06-06T12:23:00.7101500Z /usr/bin/tar: ../../../../../usr/local/lib/android/sdk/platforms/android-34-ext8/data/res/values-mcc310-mnc410-ka: Cannot change mode to rwxr-xr-x: Operation not permitted
build	Cache Android SDK	2026-06-06T12:23:00.7103271Z /usr/bin/tar: ../../../../../usr/local/lib/android/sdk/platforms/android-34-ext8/data/res/values-mcc310-mnc220-in: Cannot utime: Operation not permitted
build	Cache Android SDK	2026-06-06T12:23:00.7105307Z /usr/bin/tar: ../../../../../usr/local/lib/android/sdk/platforms/android-34-ext8/data/res/values-mcc310-mnc220-in: Cannot change mode to rwxr-xr-x: Operation not permitted
build	Cache Android SDK	2026-06-06T12:23:00.7107519Z /usr/bin/tar: ../../../../../usr/local/lib/android/sdk/platforms/android-34-ext8/data/res/values-lo-watch: Cannot utime: Operation not permitted
build	Cache Android SDK	2026-06-06T12:23:00.7109275Z /usr/bin/tar: ../../../../../usr/local/lib/android/sdk/platforms/android-34-ext8/data/res/values-lo-watch: Cannot change mode to rwxr-xr-x: Operation not permitted
build	Cache Android SDK	2026-06-06T12:23:00.7111146Z /usr/bin/tar: ../../../../../usr/local/lib/android/sdk/platforms/android-34-ext8/data/res/values-mcc310-mnc240-sw: Cannot utime: Operation not permitted
build	Cache Android SDK	2026-06-06T12:23:00.7113263Z /usr/bin/tar: ../../../../../usr/local/lib/android/sdk/platforms/android-34-ext8/data/res/values-mcc310-mnc240-sw: Cannot change mode to rwxr-xr-x: Operation not permitted
build	Cache Android SDK	2026-06-06T12:23:00.7114727Z /usr/bin/tar: ../../../../../usr/local/lib/android/sdk/platforms/android-34-ext8/data/res/values-mcc310-mnc200-vi: Cannot utime: Operation not permitted
build	Cache Android SDK	2026-06-06T12:23:00.7117043Z /usr/bin/tar: ../../../../../usr/local/lib/android/sdk/platforms/android-34-ext8/data/res/values-mcc310-mnc200-vi: Cannot change mode to rwxr-xr-x: Operation not permitted
build	Cache Android SDK	2026-06-06T12:23:00.7119104Z /usr/bin/tar: ../../../../../usr/local/lib/android/sdk/platforms/android-34-ext8/data/res/values-mcc310-mnc030-is: Cannot utime: Operation not permitted
build	Cache Android SDK	2026-06-06T12:23:00.7121332Z /usr/bin/tar: ../../../../../usr/local/lib/android/sdk/platforms/android-34-ext8/data/res/values-mcc310-mnc030-is: Cannot change mode to rwxr-xr-x: Operation not permitted
build	Cache Android SDK	2026-06-06T12:23:00.7122675Z /usr/bin/tar: ../../../../../usr/local/lib/android/sdk/platforms/android-34-ext8/data/res/values-mcc302-mnc720-it: Cannot utime: Operation not permitted
build	Cache Android SDK	2026-06-06T12:23:00.7124270Z /usr/bin/tar: ../../../../../usr/local/lib/android/sdk/platforms/android-34-ext8/data/res/values-mcc302-mnc720-it: Cannot change mode to rwxr-xr-x: Operation not permitted
build	Cache Android SDK	2026-06-06T12:23:00.7125952Z /usr/bin/tar: ../../../../../usr/local/lib/android/sdk/platforms/android-34-ext8/data/res/values-mcc310-mnc160-zh-rHK: Cannot utime: Operation not permitted
build	Cache Android SDK	2026-06-06T12:23:00.7127315Z /usr/bin/tar: ../../../../../usr/local/lib/android/sdk/platforms/android-34-ext8/data/res/values-mcc310-mnc160-zh-rHK: Cannot change mode to rwxr-xr-x: Operation not permitted
build	Cache Android SDK	2026-06-06T12:23:00.7129780Z /usr/bin/tar: ../../../../../usr/local/lib/android/sdk/platforms/android-34-ext8/data/res/values-mcc310-mnc410-vi: Cannot utime: Operation not permitted
build	Cache Android SDK	2026-06-06T12:23:00.7131618Z /usr/bin/tar: ../../../../../usr/local/lib/android/sdk/platforms/android-34-ext8/data/res/values-mcc310-mnc410-vi: Cannot change mode to rwxr-xr-x: Operation not permitted
build	Cache Android SDK	2026-06-06T12:23:00.7133659Z /usr/bin/tar: ../../../../../usr/local/lib/android/sdk/platforms/android-34-ext8/data/res/values-mcc311-mnc180-fa: Cannot utime: Operation not permitted
build	Cache Android SDK	2026-06-06T12:23:00.7135659Z /usr/bin/tar: ../../../../../usr/local/lib/android/sdk/platforms/android-34-ext8/data/res/values-mcc311-mnc180-fa: Cannot change mode to rwxr-xr-x: Operation not permitted
build	Cache Android SDK	2026-06-06T12:23:00.7138113Z /usr/bin/tar: ../../../../../usr/local/lib/android/sdk/platforms/android-34-ext8/data/res/values-mcc310-mnc150-th: Cannot utime: Operation not permitted
build	Cache Android SDK	2026-06-06T12:23:00.7140434Z /usr/bin/tar: ../../../../../usr/local/lib/android/sdk/platforms/android-34-ext8/data/res/values-mcc310-mnc150-th: Cannot change mode to rwxr-xr-x: Operation not permitted
build	Cache Android SDK	2026-06-06T12:23:00.7142138Z /usr/bin/tar: ../../../../../usr/local/lib/android/sdk/platforms/android-34-ext8/data/res/values-mcc001-mnc01-az: Cannot utime: Operation not permitted
build	Cache Android SDK	2026-06-06T12:23:00.7143505Z /usr/bin/tar: ../../../../../usr/local/lib/android/sdk/platforms/android-34-ext8/data/res/values-mcc001-mnc01-az: Cannot change mode to rwxr-xr-x: Operation not permitted
build	Cache Android SDK	2026-06-06T12:23:00.7144835Z /usr/bin/tar: ../../../../../usr/local/lib/android/sdk/platforms/android-34-ext8/data/res/values-mcc310-mnc660-lt: Cannot utime: Operation not permitted
build	Cache Android SDK	2026-06-06T12:23:00.7146408Z /usr/bin/tar: ../../../../../usr/local/lib/android/sdk/platforms/android-34-ext8/data/res/values-mcc310-mnc660-lt: Cannot change mode to rwxr-xr-x: Operation not permitted
build	Cache Android SDK	2026-06-06T12:23:00.7147994Z /usr/bin/tar: ../../../../../usr/local/lib/android/sdk/platforms/android-34-ext8/data/res/values-mcc310-mnc490-zh-rTW: Cannot utime: Operation not permitted
build	Cache Android SDK	2026-06-06T12:23:00.7149765Z /usr/bin/tar: ../../../../../usr/local/lib/android/sdk/platforms/android-34-ext8/data/res/values-mcc310-mnc490-zh-rTW: Cannot change mode to rwxr-xr-x: Operation not permitted
build	Cache Android SDK	2026-06-06T12:23:00.7151759Z /usr/bin/tar: ../../../../../usr/local/lib/android/sdk/platforms/android-34-ext8/data/res/values-mcc311-mnc180-hy: Cannot utime: Operation not permitted
build	Cache Android SDK	2026-06-06T12:23:00.7153518Z /usr/bin/tar: ../../../../../usr/local/lib/android/sdk/platforms/android-34-ext8/data/res/values-mcc311-mnc180-hy: Cannot change mode to rwxr-xr-x: Operation not permitted
build	Cache Android SDK	2026-06-06T12:23:00.7154936Z /usr/bin/tar: ../../../../../usr/local/lib/android/sdk/platforms/android-34-ext8/data/res/values-mcc310-mnc490-ja: Cannot utime: Operation not permitted
build	Cache Android SDK	2026-06-06T12:23:00.7157289Z /usr/bin/tar: ../../../../../usr/local/lib/android/sdk/platforms/android-34-ext8/data/res/values-mcc310-mnc490-ja: Cannot change mode to rwxr-xr-x: Operation not permitted
build	Cache Android SDK	2026-06-06T12:23:00.7158819Z /usr/bin/tar: ../../../../../usr/local/lib/android/sdk/platforms/android-34-ext8/data/res/values-mcc310-mnc560-te: Cannot utime: Operation not permitted
build	Cache Android SDK	2026-06-06T12:23:00.7160939Z /usr/bin/tar: ../../../../../usr/local/lib/android/sdk/platforms/android-34-ext8/data/res/values-mcc310-mnc560-te: Cannot change mode to rwxr-xr-x: Operation not permitted
build	Cache Android SDK	2026-06-06T12:23:00.7162812Z /usr/bin/tar: ../../../../../usr/local/lib/android/sdk/platforms/android-34-ext8/data/res/values-mcc310-mnc310-iw: Cannot utime: Operation not permitted
build	Cache Android SDK	2026-06-06T12:23:00.7165054Z /usr/bin/tar: ../../../../../usr/local/lib/android/sdk/platforms/android-34-ext8/data/res/values-mcc310-mnc310-iw: Cannot change mode to rwxr-xr-x: Operation not permitted
build	Cache Android SDK	2026-06-06T12:23:00.7166638Z /usr/bin/tar: ../../../../../usr/local/lib/android/sdk/platforms/android-34-ext8/data/res/values-sw-television: Cannot utime: Operation not permitted
build	Cache Android SDK	2026-06-06T12:23:00.7168307Z /usr/bin/tar: ../../../../../usr/local/lib/android/sdk/platforms/android-34-ext8/data/res/values-sw-television: Cannot change mode to rwxr-xr-x: Operation not permitted
build	Cache Android SDK	2026-06-06T12:23:00.7169512Z /usr/bin/tar: ../../../../../usr/local/lib/android/sdk/platforms/android-34-ext8/data/res/values-mcc310-mnc250-kk: Cannot utime: Operation not permitted
build	Cache Android SDK	2026-06-06T12:23:00.7171130Z /usr/bin/tar: ../../../../../usr/local/lib/android/sdk/platforms/android-34-ext8/data/res/values-mcc310-mnc250-kk: Cannot change mode to rwxr-xr-x: Operation not permitted
build	Cache Android SDK	2026-06-06T12:23:00.7173135Z /usr/bin/tar: ../../../../../usr/local/lib/android/sdk/platforms/android-34-ext8/data/res/values-mcc310-mnc030-th: Cannot utime: Operation not permitted
build	Cache Android SDK	2026-06-06T12:23:00.7174319Z /usr/bin/tar: ../../../../../usr/local/lib/android/sdk/platforms/android-34-ext8/data/res/values-mcc310-mnc030-th: Cannot change mode to rwxr-xr-x: Operation not permitted
build	Cache Android SDK	2026-06-06T12:23:00.7175968Z /usr/bin/tar: ../../../../../usr/local/lib/android/sdk/platforms/android-34-ext8/data/res/values-lt-rLT: Cannot utime: Operation not permitted
build	Cache Android SDK	2026-06-06T12:23:00.7177107Z /usr/bin/tar: ../../../../../usr/local/lib/android/sdk/platforms/android-34-ext8/data/res/values-lt-rLT: Cannot change mode to rwxr-xr-x: Operation not permitted
build	Cache Android SDK	2026-06-06T12:23:00.7180459Z /usr/bin/tar: ../../../../../usr/local/lib/android/sdk/platforms/android-34-ext8/data/res/values-mcc310-mnc800-ar: Cannot utime: Operation not permitted
build	Cache Android SDK	2026-06-06T12:23:00.7181650Z /usr/bin/tar: ../../../../../usr/local/lib/android/sdk/platforms/android-34-ext8/data/res/values-mcc310-mnc800-ar: Cannot change mode to rwxr-xr-x: Operation not permitted
build	Cache Android SDK	2026-06-06T12:23:00.7184358Z /usr/bin/tar: ../../../../../usr/local/lib/android/sdk/platforms/android-34-ext8/data/res/values-mcc310-mnc410-eu: Cannot utime: Operation not permitted
build	Cache Android SDK	2026-06-06T12:23:00.7185518Z /usr/bin/tar: ../../../../../usr/local/lib/android/sdk/platforms/android-34-ext8/data/res/values-mcc310-mnc410-eu: Cannot change mode to rwxr-xr-x: Operation not permitted
build	Cache Android SDK	2026-06-06T12:23:00.7188248Z /usr/bin/tar: ../../../../../usr/local/lib/android/sdk/platforms/android-34-ext8/data/res/values-mcc310-mnc560-hr: Cannot utime: Operation not permitted
build	Cache Android SDK	2026-06-06T12:23:00.7189533Z /usr/bin/tar: ../../../../../usr/local/lib/android/sdk/platforms/android-34-ext8/data/res/values-mcc310-mnc560-hr: Cannot change mode to rwxr-xr-x: Operation not permitted
build	Cache Android SDK	2026-06-06T12:23:00.7200385Z /usr/bin/tar: ../../../../../usr/local/lib/android/sdk/platforms/android-34-ext8/data/res/anim-ldrtl: Cannot utime: Operation not permitted
build	Cache Android SDK	2026-06-06T12:23:00.7201412Z /usr/bin/tar: ../../../../../usr/local/lib/android/sdk/platforms/android-34-ext8/data/res/anim-ldrtl: Cannot change mode to rwxr-xr-x: Operation not permitted
build	Cache Android SDK	2026-06-06T12:23:00.7207333Z /usr/bin/tar: ../../../../../usr/local/lib/android/sdk/platforms/android-34-ext8/data/res/values-mk: Cannot utime: Operation not permitted
build	Cache Android SDK	2026-06-06T12:23:00.7208936Z /usr/bin/tar: ../../../../../usr/local/lib/android/sdk/platforms/android-34-ext8/data/res/values-mk: Cannot change mode to rwxr-xr-x: Operation not permitted
build	Cache Android SDK	2026-06-06T12:23:00.7210945Z /usr/bin/tar: ../../../../../usr/local/lib/android/sdk/platforms/android-34-ext8/data/res/values-mcc310-mnc030-ja: Cannot utime: Operation not permitted
build	Cache Android SDK	2026-06-06T12:23:00.7212530Z /usr/bin/tar: ../../../../../usr/local/lib/android/sdk/platforms/android-34-ext8/data/res/values-mcc310-mnc030-ja: Cannot change mode to rwxr-xr-x: Operation not permitted
build	Cache Android SDK	2026-06-06T12:23:00.7214204Z /usr/bin/tar: ../../../../../usr/local/lib/android/sdk/platforms/android-34-ext8/data/res/values-mcc310-mnc160-ro: Cannot utime: Operation not permitted
build	Cache Android SDK	2026-06-06T12:23:00.7215725Z /usr/bin/tar: ../../../../../usr/local/lib/android/sdk/platforms/android-34-ext8/data/res/values-mcc310-mnc160-ro: Cannot change mode to rwxr-xr-x: Operation not permitted
build	Cache Android SDK	2026-06-06T12:23:00.7217247Z /usr/bin/tar: ../../../../../usr/local/lib/android/sdk/platforms/android-34-ext8/data/res/values-mcc310-mnc200-sk: Cannot utime: Operation not permitted
build	Cache Android SDK	2026-06-06T12:23:00.7218697Z /usr/bin/tar: ../../../../../usr/local/lib/android/sdk/platforms/android-34-ext8/data/res/values-mcc310-mnc200-sk: Cannot change mode to rwxr-xr-x: Operation not permitted
build	Cache Android SDK	2026-06-06T12:23:00.7220747Z /usr/bin/tar: ../../../../../usr/local/lib/android/sdk/platforms/android-34-ext8/data/res/values-mcc310-mnc660-sl: Cannot utime: Operation not permitted
build	Cache Android SDK	2026-06-06T12:23:00.7222462Z /usr/bin/tar: ../../../../../usr/local/lib/android/sdk/platforms/android-34-ext8/data/res/values-mcc310-mnc660-sl: Cannot change mode to rwxr-xr-x: Operation not permitted
build	Cache Android SDK	2026-06-06T12:23:00.7224143Z /usr/bin/tar: ../../../../../usr/local/lib/android/sdk/platforms/android-34-ext8/data/res/values-mcc310-mnc200-eu: Cannot utime: Operation not permitted
build	Cache Android SDK	2026-06-06T12:23:00.7225907Z /usr/bin/tar: ../../../../../usr/local/lib/android/sdk/platforms/android-34-ext8/data/res/values-mcc310-mnc200-eu: Cannot change mode to rwxr-xr-x: Operation not permitted
build	Cache Android SDK	2026-06-06T12:23:00.7227691Z /usr/bin/tar: ../../../../../usr/local/lib/android/sdk/platforms/android-34-ext8/data/res/values-mcc334-mnc020-sq: Cannot utime: Operation not permitted
build	Cache Android SDK	2026-06-06T12:23:00.7229476Z /usr/bin/tar: ../../../../../usr/local/lib/android/sdk/platforms/android-34-ext8/data/res/values-mcc334-mnc020-sq: Cannot change mode to rwxr-xr-x: Operation not permitted
build	Cache Android SDK	2026-06-06T12:23:00.7231059Z /usr/bin/tar: ../../../../../usr/local/lib/android/sdk/platforms/android-34-ext8/data/res/values-mcc310-mnc220-fa: Cannot utime: Operation not permitted
build	Cache Android SDK	2026-06-06T12:23:00.7232729Z /usr/bin/tar: ../../../../../usr/local/lib/android/sdk/platforms/android-34-ext8/data/res/values-mcc310-mnc220-fa: Cannot change mode to rwxr-xr-x: Operation not permitted
build	Cache Android SDK	2026-06-06T12:23:00.7234186Z /usr/bin/tar: ../../../../../usr/local/lib/android/sdk/platforms/android-34-ext8/data/res/values-mcc313-mnc100-ml: Cannot utime: Operation not permitted
build	Cache Android SDK	2026-06-06T12:23:00.7235936Z /usr/bin/tar: ../../../../../usr/local/lib/android/sdk/platforms/android-34-ext8/data/res/values-mcc313-mnc100-ml: Cannot change mode to rwxr-xr-x: Operation not permitted
build	Cache Android SDK	2026-06-06T12:23:00.7237820Z /usr/bin/tar: ../../../../../usr/local/lib/android/sdk/platforms/android-34-ext8/data/res/values-mcc310-mnc280-pa: Cannot utime: Operation not permitted
build	Cache Android SDK	2026-06-06T12:23:00.7239493Z /usr/bin/tar: ../../../../../usr/local/lib/android/sdk/platforms/android-34-ext8/data/res/values-mcc310-mnc280-pa: Cannot change mode to rwxr-xr-x: Operation not permitted
build	Cache Android SDK	2026-06-06T12:23:00.7240910Z /usr/bin/tar: ../../../../../usr/local/lib/android/sdk/platforms/android-34-ext8/data/res/values-mcc310-mnc160-sw: Cannot utime: Operation not permitted
build	Cache Android SDK	2026-06-06T12:23:00.7242527Z /usr/bin/tar: ../../../../../usr/local/lib/android/sdk/platforms/android-34-ext8/data/res/values-mcc310-mnc160-sw: Cannot change mode to rwxr-xr-x: Operation not permitted
build	Cache Android SDK	2026-06-06T12:23:00.7244393Z /usr/bin/tar: ../../../../../usr/local/lib/android/sdk/platforms/android-34-ext8/data/res/values-mcc310-mnc800-nl: Cannot utime: Operation not permitted
build	Cache Android SDK	2026-06-06T12:23:00.7245971Z /usr/bin/tar: ../../../../../usr/local/lib/android/sdk/platforms/android-34-ext8/data/res/values-mcc310-mnc800-nl: Cannot change mode to rwxr-xr-x: Operation not permitted
build	Cache Android SDK	2026-06-06T12:23:00.7246871Z /usr/bin/tar: ../../../../../usr/local/lib/android/sdk/platforms/android-34-ext8/data/res/raw-pl: Cannot utime: Operation not permitted
build	Cache Android SDK	2026-06-06T12:23:00.7248012Z /usr/bin/tar: ../../../../../usr/local/lib/android/sdk/platforms/android-34-ext8/data/res/raw-pl: Cannot change mode to rwxr-xr-x: Operation not permitted
build	Cache Android SDK	2026-06-06T12:23:00.7250312Z /usr/bin/tar: ../../../../../usr/local/lib/android/sdk/platforms/android-34-ext8/data/res/values-mcc310-mnc950-sw: Cannot utime: Operation not permitted
build	Cache Android SDK	2026-06-06T12:23:00.7251375Z /usr/bin/tar: ../../../../../usr/local/lib/android/sdk/platforms/android-34-ext8/data/res/values-mcc310-mnc950-sw: Cannot change mode to rwxr-xr-x: Operation not permitted
build	Cache Android SDK	2026-06-06T12:23:00.7253440Z /usr/bin/tar: ../../../../../usr/local/lib/android/sdk/platforms/android-34-ext8/data/res/values-mcc310-mnc170-en-rAU: Cannot utime: Operation not permitted
build	Cache Android SDK	2026-06-06T12:23:00.7254425Z /usr/bin/tar: ../../../../../usr/local/lib/android/sdk/platforms/android-34-ext8/data/res/values-mcc310-mnc170-en-rAU: Cannot change mode to rwxr-xr-x: Operation not permitted
build	Cache Android SDK	2026-06-06T12:23:00.7271473Z /usr/bin/tar: ../../../../../usr/local/lib/android/sdk/platforms/android-34-ext8/data/res/drawable-land-ldpi: Cannot utime: Operation not permitted
build	Cache Android SDK	2026-06-06T12:23:00.7272051Z /usr/bin/tar: ../../../../../usr/local/lib/android/sdk/platforms/android-34-ext8/data/res/drawable-land-ldpi: Cannot change mode to rwxr-xr-x: Operation not permitted
build	Cache Android SDK	2026-06-06T12:23:00.7275488Z /usr/bin/tar: ../../../../../usr/local/lib/android/sdk/platforms/android-34-ext8/data/res/values-mcc311-mnc180-cs: Cannot utime: Operation not permitted
build	Cache Android SDK	2026-06-06T12:23:00.7276546Z /usr/bin/tar: ../../../../../usr/local/lib/android/sdk/platforms/android-34-ext8/data/res/values-mcc311-mnc180-cs: Cannot change mode to rwxr-xr-x: Operation not permitted
build	Cache Android SDK	2026-06-06T12:23:00.7278049Z /usr/bin/tar: ../../../../../usr/local/lib/android/sdk/platforms/android-34-ext8/data/res/values-mcc312-mnc670-sk: Cannot utime: Operation not permitted
build	Cache Android SDK	2026-06-06T12:23:00.7279218Z /usr/bin/tar: ../../../../../usr/local/lib/android/sdk/platforms/android-34-ext8/data/res/values-mcc312-mnc670-sk: Cannot change mode to rwxr-xr-x: Operation not permitted
build	Cache Android SDK	2026-06-06T12:23:00.7281559Z /usr/bin/tar: ../../../../../usr/local/lib/android/sdk/platforms/android-34-ext8/data/res/values-mcc302-mnc720-pl: Cannot utime: Operation not permitted
build	Cache Android SDK	2026-06-06T12:23:00.7282827Z /usr/bin/tar: ../../../../../usr/local/lib/android/sdk/platforms/android-34-ext8/data/res/values-mcc302-mnc720-pl: Cannot change mode to rwxr-xr-x: Operation not permitted
build	Cache Android SDK	2026-06-06T12:23:00.7285777Z /usr/bin/tar: ../../../../../usr/local/lib/android/sdk/platforms/android-34-ext8/data/res/values-mcc310-mnc200-zh-rCN: Cannot utime: Operation not permitted
build	Cache Android SDK	2026-06-06T12:23:00.7286649Z /usr/bin/tar: ../../../../../usr/local/lib/android/sdk/platforms/android-34-ext8/data/res/values-mcc310-mnc200-zh-rCN: Cannot change mode to rwxr-xr-x: Operation not permitted
build	Cache Android SDK	2026-06-06T12:23:00.7289569Z /usr/bin/tar: ../../../../../usr/local/lib/android/sdk/platforms/android-34-ext8/data/res/values-mcc310-mnc220-sr: Cannot utime: Operation not permitted
build	Cache Android SDK	2026-06-06T12:23:00.7290198Z /usr/bin/tar: ../../../../../usr/local/lib/android/sdk/platforms/android-34-ext8/data/res/values-mcc310-mnc220-sr: Cannot change mode to rwxr-xr-x: Operation not permitted
build	Cache Android SDK	2026-06-06T12:23:00.7292563Z /usr/bin/tar: ../../../../../usr/local/lib/android/sdk/platforms/android-34-ext8/data/res/values-mcc310-mnc160-tr: Cannot utime: Operation not permitted
build	Cache Android SDK	2026-06-06T12:23:00.7293054Z /usr/bin/tar: ../../../../../usr/local/lib/android/sdk/platforms/android-34-ext8/data/res/values-mcc310-mnc160-tr: Cannot change mode to rwxr-xr-x: Operation not permitted
build	Cache Android SDK	2026-06-06T12:23:00.7295907Z /usr/bin/tar: ../../../../../usr/local/lib/android/sdk/platforms/android-34-ext8/data/res/values-pt-rPT-watch: Cannot utime: Operation not permitted
build	Cache Android SDK	2026-06-06T12:23:00.7296556Z /usr/bin/tar: ../../../../../usr/local/lib/android/sdk/platforms/android-34-ext8/data/res/values-pt-rPT-watch: Cannot change mode to rwxr-xr-x: Operation not permitted
build	Cache Android SDK	2026-06-06T12:23:00.7299435Z /usr/bin/tar: ../../../../../usr/local/lib/android/sdk/platforms/android-34-ext8/data/res/values-mcc310-mnc410-zh-rTW: Cannot utime: Operation not permitted
build	Cache Android SDK	2026-06-06T12:23:00.7300457Z /usr/bin/tar: ../../../../../usr/local/lib/android/sdk/platforms/android-34-ext8/data/res/values-mcc310-mnc410-zh-rTW: Cannot change mode to rwxr-xr-x: Operation not permitted
build	Cache Android SDK	2026-06-06T12:23:00.7303214Z /usr/bin/tar: ../../../../../usr/local/lib/android/sdk/platforms/android-34-ext8/data/res/values-mcc334-mnc020-sr: Cannot utime: Operation not permitted
build	Cache Android SDK	2026-06-06T12:23:00.7303866Z /usr/bin/tar: ../../../../../usr/local/lib/android/sdk/platforms/android-34-ext8/data/res/values-mcc334-mnc020-sr: Cannot change mode to rwxr-xr-x: Operation not permitted
build	Cache Android SDK	2026-06-06T12:23:00.7307623Z /usr/bin/tar: ../../../../../usr/local/lib/android/sdk/platforms/android-34-ext8/data/res/values-mcc310-mnc240-fi: Cannot utime: Operation not permitted
build	Cache Android SDK	2026-06-06T12:23:00.7308388Z /usr/bin/tar: ../../../../../usr/local/lib/android/sdk/platforms/android-34-ext8/data/res/values-mcc310-mnc240-fi: Cannot change mode to rwxr-xr-x: Operation not permitted
build	Cache Android SDK	2026-06-06T12:23:00.7310918Z /usr/bin/tar: ../../../../../usr/local/lib/android/sdk/platforms/android-34-ext8/data/res/values-mcc310-mnc560-sr: Cannot utime: Operation not permitted
build	Cache Android SDK	2026-06-06T12:23:00.7311496Z /usr/bin/tar: ../../../../../usr/local/lib/android/sdk/platforms/android-34-ext8/data/res/values-mcc310-mnc560-sr: Cannot change mode to rwxr-xr-x: Operation not permitted
build	Cache Android SDK	2026-06-06T12:23:00.7314021Z /usr/bin/tar: ../../../../../usr/local/lib/android/sdk/platforms/android-34-ext8/data/res/values-da-rDK: Cannot utime: Operation not permitted
build	Cache Android SDK	2026-06-06T12:23:00.7315215Z /usr/bin/tar: ../../../../../usr/local/lib/android/sdk/platforms/android-34-ext8/data/res/values-da-rDK: Cannot change mode to rwxr-xr-x: Operation not permitted
build	Cache Android SDK	2026-06-06T12:23:00.7317653Z /usr/bin/tar: ../../../../../usr/local/lib/android/sdk/platforms/android-34-ext8/data/res/values-mcc310-mnc410-gu: Cannot utime: Operation not permitted
build	Cache Android SDK	2026-06-06T12:23:00.7318629Z /usr/bin/tar: ../../../../../usr/local/lib/android/sdk/platforms/android-34-ext8/data/res/values-mcc310-mnc410-gu: Cannot change mode to rwxr-xr-x: Operation not permitted
build	Cache Android SDK	2026-06-06T12:23:00.7321231Z /usr/bin/tar: ../../../../../usr/local/lib/android/sdk/platforms/android-34-ext8/data/res/values-mcc334-mnc020-ka: Cannot utime: Operation not permitted
build	Cache Android SDK	2026-06-06T12:23:00.7322585Z /usr/bin/tar: ../../../../../usr/local/lib/android/sdk/platforms/android-34-ext8/data/res/values-mcc334-mnc020-ka: Cannot change mode to rwxr-xr-x: Operation not permitted
build	Cache Android SDK	2026-06-06T12:23:00.7323697Z /usr/bin/tar: ../../../../../usr/local/lib/android/sdk/platforms/android-34-ext8/data/res/values-mcc310-mnc560-nb: Cannot utime: Operation not permitted
build	Cache Android SDK	2026-06-06T12:23:00.7324475Z /usr/bin/tar: ../../../../../usr/local/lib/android/sdk/platforms/android-34-ext8/data/res/values-mcc310-mnc560-nb: Cannot change mode to rwxr-xr-x: Operation not permitted
build	Cache Android SDK	2026-06-06T12:23:00.7327969Z /usr/bin/tar: ../../../../../usr/local/lib/android/sdk/platforms/android-34-ext8/data/res/values-mcc310-mnc240-en-rGB: Cannot utime: Operation not permitted
build	Cache Android SDK	2026-06-06T12:23:00.7329126Z /usr/bin/tar: ../../../../../usr/local/lib/android/sdk/platforms/android-34-ext8/data/res/values-mcc310-mnc240-en-rGB: Cannot change mode to rwxr-xr-x: Operation not permitted
build	Cache Android SDK	2026-06-06T12:23:00.7331122Z /usr/bin/tar: ../../../../../usr/local/lib/android/sdk/platforms/android-34-ext8/data/res/values-mcc310-mnc380-zh-rTW: Cannot utime: Operation not permitted
build	Cache Android SDK	2026-06-06T12:23:00.7332451Z /usr/bin/tar: ../../../../../usr/local/lib/android/sdk/platforms/android-34-ext8/data/res/values-mcc310-mnc380-zh-rTW: Cannot change mode to rwxr-xr-x: Operation not permitted
build	Cache Android SDK	2026-06-06T12:23:00.7334869Z /usr/bin/tar: ../../../../../usr/local/lib/android/sdk/platforms/android-34-ext8/data/res/values-mcc310-mnc210-sr: Cannot utime: Operation not permitted
build	Cache Android SDK	2026-06-06T12:23:00.7335488Z /usr/bin/tar: ../../../../../usr/local/lib/android/sdk/platforms/android-34-ext8/data/res/values-mcc310-mnc210-sr: Cannot change mode to rwxr-xr-x: Operation not permitted
build	Cache Android SDK	2026-06-06T12:23:00.7339861Z /usr/bin/tar: ../../../../../usr/local/lib/android/sdk/platforms/android-34-ext8/data/res/values-mcc310-mnc380-as: Cannot utime: Operation not permitted
build	Cache Android SDK	2026-06-06T12:23:00.7340504Z /usr/bin/tar: ../../../../../usr/local/lib/android/sdk/platforms/android-34-ext8/data/res/values-mcc310-mnc380-as: Cannot change mode to rwxr-xr-x: Operation not permitted
build	Cache Android SDK	2026-06-06T12:23:00.7343452Z /usr/bin/tar: ../../../../../usr/local/lib/android/sdk/platforms/android-34-ext8/data/res/values-mcc312-mnc670-nb: Cannot utime: Operation not permitted
build	Cache Android SDK	2026-06-06T12:23:00.7344136Z /usr/bin/tar: ../../../../../usr/local/lib/android/sdk/platforms/android-34-ext8/data/res/values-mcc312-mnc670-nb: Cannot change mode to rwxr-xr-x: Operation not permitted
build	Cache Android SDK	2026-06-06T12:23:00.7346739Z /usr/bin/tar: ../../../../../usr/local/lib/android/sdk/platforms/android-34-ext8/data/res/values-mcc302-mnc370-bg: Cannot utime: Operation not permitted
build	Cache Android SDK	2026-06-06T12:23:00.7347208Z /usr/bin/tar: ../../../../../usr/local/lib/android/sdk/platforms/android-34-ext8/data/res/values-mcc302-mnc370-bg: Cannot change mode to rwxr-xr-x: Operation not permitted
build	Cache Android SDK	2026-06-06T12:23:00.7351787Z /usr/bin/tar: ../../../../../usr/local/lib/android/sdk/platforms/android-34-ext8/data/res/values-mcc310-mnc200-it: Cannot utime: Operation not permitted
build	Cache Android SDK	2026-06-06T12:23:00.7352456Z /usr/bin/tar: ../../../../../usr/local/lib/android/sdk/platforms/android-34-ext8/data/res/values-mcc310-mnc200-it: Cannot change mode to rwxr-xr-x: Operation not permitted
build	Cache Android SDK	2026-06-06T12:23:00.7355098Z /usr/bin/tar: ../../../../../usr/local/lib/android/sdk/platforms/android-34-ext8/data/res/values-w211dp: Cannot utime: Operation not permitted
build	Cache Android SDK	2026-06-06T12:23:00.7355854Z /usr/bin/tar: ../../../../../usr/local/lib/android/sdk/platforms/android-34-ext8/data/res/values-w211dp: Cannot change mode to rwxr-xr-x: Operation not permitted
build	Cache Android SDK	2026-06-06T12:23:00.7358877Z /usr/bin/tar: ../../../../../usr/local/lib/android/sdk/platforms/android-34-ext8/data/res/values-sk-watch: Cannot utime: Operation not permitted
build	Cache Android SDK	2026-06-06T12:23:00.7359558Z /usr/bin/tar: ../../../../../usr/local/lib/android/sdk/platforms/android-34-ext8/data/res/values-sk-watch: Cannot change mode to rwxr-xr-x: Operation not permitted
build	Cache Android SDK	2026-06-06T12:23:00.7362943Z /usr/bin/tar: ../../../../../usr/local/lib/android/sdk/platforms/android-34-ext8/data/res/values-mcc310-mnc030-te: Cannot utime: Operation not permitted
build	Cache Android SDK	2026-06-06T12:23:00.7363659Z /usr/bin/tar: ../../../../../usr/local/lib/android/sdk/platforms/android-34-ext8/data/res/values-mcc310-mnc030-te: Cannot change mode to rwxr-xr-x: Operation not permitted
build	Cache Android SDK	2026-06-06T12:23:00.7366483Z /usr/bin/tar: ../../../../../usr/local/lib/android/sdk/platforms/android-34-ext8/data/res/values-mcc310-mnc250-es: Cannot utime: Operation not permitted
build	Cache Android SDK	2026-06-06T12:23:00.7367179Z /usr/bin/tar: ../../../../../usr/local/lib/android/sdk/platforms/android-34-ext8/data/res/values-mcc310-mnc250-es: Cannot change mode to rwxr-xr-x: Operation not permitted
build	Cache Android SDK	2026-06-06T12:23:00.7370318Z /usr/bin/tar: ../../../../../usr/local/lib/android/sdk/platforms/android-34-ext8/data/res/values-th-television: Cannot utime: Operation not permitted
build	Cache Android SDK	2026-06-06T12:23:00.7370946Z /usr/bin/tar: ../../../../../usr/local/lib/android/sdk/platforms/android-34-ext8/data/res/values-th-television: Cannot change mode to rwxr-xr-x: Operation not permitted
build	Cache Android SDK	2026-06-06T12:23:00.7373417Z /usr/bin/tar: ../../../../../usr/local/lib/android/sdk/platforms/android-34-ext8/data/res/values-mcc310-mnc160-es: Cannot utime: Operation not permitted
build	Cache Android SDK	2026-06-06T12:23:00.7374492Z /usr/bin/tar: ../../../../../usr/local/lib/android/sdk/platforms/android-34-ext8/data/res/values-mcc310-mnc160-es: Cannot change mode to rwxr-xr-x: Operation not permitted
build	Cache Android SDK	2026-06-06T12:23:00.7377719Z /usr/bin/tar: ../../../../../usr/local/lib/android/sdk/platforms/android-34-ext8/data/res/values-ko-rKR: Cannot utime: Operation not permitted
build	Cache Android SDK	2026-06-06T12:23:00.7378450Z /usr/bin/tar: ../../../../../usr/local/lib/android/sdk/platforms/android-34-ext8/data/res/values-ko-rKR: Cannot change mode to rwxr-xr-x: Operation not permitted
build	Cache Android SDK	2026-06-06T12:23:00.7381864Z /usr/bin/tar: ../../../../../usr/local/lib/android/sdk/platforms/android-34-ext8/data/res/values-mcc310-mnc310-sl: Cannot utime: Operation not permitted
build	Cache Android SDK	2026-06-06T12:23:00.7382726Z /usr/bin/tar: ../../../../../usr/local/lib/android/sdk/platforms/android-34-ext8/data/res/values-mcc310-mnc310-sl: Cannot change mode to rwxr-xr-x: Operation not permitted
build	Cache Android SDK	2026-06-06T12:23:00.7384589Z /usr/bin/tar: ../../../../../usr/local/lib/android/sdk/platforms/android-34-ext8/data/res/values-mcc001-mnc01-zh-rCN: Cannot utime: Operation not permitted
build	Cache Android SDK	2026-06-06T12:23:00.7385511Z /usr/bin/tar: ../../../../../usr/local/lib/android/sdk/platforms/android-34-ext8/data/res/values-mcc001-mnc01-zh-rCN: Cannot change mode to rwxr-xr-x: Operation not permitted
build	Cache Android SDK	2026-06-06T12:23:00.7388437Z /usr/bin/tar: ../../../../../usr/local/lib/android/sdk/platforms/android-34-ext8/data/res/values-mcc310-mnc220: Cannot utime: Operation not permitted
build	Cache Android SDK	2026-06-06T12:23:00.7389301Z /usr/bin/tar: ../../../../../usr/local/lib/android/sdk/platforms/android-34-ext8/data/res/values-mcc310-mnc220: Cannot change mode to rwxr-xr-x: Operation not permitted
build	Cache Android SDK	2026-06-06T12:23:00.7392415Z /usr/bin/tar: ../../../../../usr/local/lib/android/sdk/platforms/android-34-ext8/data/res/values-mcc310-mnc220-hy: Cannot utime: Operation not permitted
build	Cache Android SDK	2026-06-06T12:23:00.7393175Z /usr/bin/tar: ../../../../../usr/local/lib/android/sdk/platforms/android-34-ext8/data/res/values-mcc310-mnc220-hy: Cannot change mode to rwxr-xr-x: Operation not permitted
build	Cache Android SDK	2026-06-06T12:23:00.7396060Z /usr/bin/tar: ../../../../../usr/local/lib/android/sdk/platforms/android-34-ext8/data/res/values-zu-watch: Cannot utime: Operation not permitted
build	Cache Android SDK	2026-06-06T12:23:00.7396646Z /usr/bin/tar: ../../../../../usr/local/lib/android/sdk/platforms/android-34-ext8/data/res/values-zu-watch: Cannot change mode to rwxr-xr-x: Operation not permitted
build	Cache Android SDK	2026-06-06T12:23:00.7400412Z /usr/bin/tar: ../../../../../usr/local/lib/android/sdk/platforms/android-34-ext8/data/res/values-mcc310-mnc560-b+sr+Latn: Cannot utime: Operation not permitted
build	Cache Android SDK	2026-06-06T12:23:00.7400913Z /usr/bin/tar: ../../../../../usr/local/lib/android/sdk/platforms/android-34-ext8/data/res/values-mcc310-mnc560-b+sr+Latn: Cannot change mode to rwxr-xr-x: Operation not permitted
build	Cache Android SDK	2026-06-06T12:23:00.7403053Z /usr/bin/tar: ../../../../../usr/local/lib/android/sdk/platforms/android-34-ext8/data/res/values-mcc310-mnc200-lo: Cannot utime: Operation not permitted
build	Cache Android SDK	2026-06-06T12:23:00.7404105Z /usr/bin/tar: ../../../../../usr/local/lib/android/sdk/platforms/android-34-ext8/data/res/values-mcc310-mnc200-lo: Cannot change mode to rwxr-xr-x: Operation not permitted
build	Cache Android SDK	2026-06-06T12:23:00.7407486Z /usr/bin/tar: ../../../../../usr/local/lib/android/sdk/platforms/android-34-ext8/data/res/values-mcc310-mnc150-it: Cannot utime: Operation not permitted
build	Cache Android SDK	2026-06-06T12:23:00.7408270Z /usr/bin/tar: ../../../../../usr/local/lib/android/sdk/platforms/android-34-ext8/data/res/values-mcc310-mnc150-it: Cannot change mode to rwxr-xr-x: Operation not permitted
build	Cache Android SDK	2026-06-06T12:23:00.7410549Z /usr/bin/tar: ../../../../../usr/local/lib/android/sdk/platforms/android-34-ext8/data/res/values-mcc310-mnc230-bs: Cannot utime: Operation not permitted
build	Cache Android SDK	2026-06-06T12:23:00.7411277Z /usr/bin/tar: ../../../../../usr/local/lib/android/sdk/platforms/android-34-ext8/data/res/values-mcc310-mnc230-bs: Cannot change mode to rwxr-xr-x: Operation not permitted
build	Cache Android SDK	2026-06-06T12:23:00.7414179Z /usr/bin/tar: ../../../../../usr/local/lib/android/sdk/platforms/android-34-ext8/data/res/values-mcc313-mnc100-az: Cannot utime: Operation not permitted
build	Cache Android SDK	2026-06-06T12:23:00.7415349Z /usr/bin/tar: ../../../../../usr/local/lib/android/sdk/platforms/android-34-ext8/data/res/values-mcc313-mnc100-az: Cannot change mode to rwxr-xr-x: Operation not permitted
build	Cache Android SDK	2026-06-06T12:23:00.7418088Z /usr/bin/tar: ../../../../../usr/local/lib/android/sdk/platforms/android-34-ext8/data/res/values-mcc310-mnc250-sl: Cannot utime: Operation not permitted
build	Cache Android SDK	2026-06-06T12:23:00.7419132Z /usr/bin/tar: ../../../../../usr/local/lib/android/sdk/platforms/android-34-ext8/data/res/values-mcc310-mnc250-sl: Cannot change mode to rwxr-xr-x: Operation not permitted
build	Cache Android SDK	2026-06-06T12:23:00.7421002Z /usr/bin/tar: ../../../../../usr/local/lib/android/sdk/platforms/android-34-ext8/data/res/values-mcc311-mnc180-ms: Cannot utime: Operation not permitted
build	Cache Android SDK	2026-06-06T12:23:00.7422275Z /usr/bin/tar: ../../../../../usr/local/lib/android/sdk/platforms/android-34-ext8/data/res/values-mcc311-mnc180-ms: Cannot change mode to rwxr-xr-x: Operation not permitted
build	Cache Android SDK	2026-06-06T12:23:00.7423468Z /usr/bin/tar: ../../../../../usr/local/lib/android/sdk/platforms/android-34-ext8/data/res/values-mcc310-mnc220-th: Cannot utime: Operation not permitted
build	Cache Android SDK	2026-06-06T12:23:00.7424444Z /usr/bin/tar: ../../../../../usr/local/lib/android/sdk/platforms/android-34-ext8/data/res/values-mcc310-mnc220-th: Cannot change mode to rwxr-xr-x: Operation not permitted
build	Cache Android SDK	2026-06-06T12:23:00.7427233Z /usr/bin/tar: ../../../../../usr/local/lib/android/sdk/platforms/android-34-ext8/data/res/values-mcc334-mnc020-ta: Cannot utime: Operation not permitted
build	Cache Android SDK	2026-06-06T12:23:00.7428236Z /usr/bin/tar: ../../../../../usr/local/lib/android/sdk/platforms/android-34-ext8/data/res/values-mcc334-mnc020-ta: Cannot change mode to rwxr-xr-x: Operation not permitted
build	Cache Android SDK	2026-06-06T12:23:00.7430512Z /usr/bin/tar: ../../../../../usr/local/lib/android/sdk/platforms/android-34-ext8/data/res/values-mcc302-mnc370-fr-rCA: Cannot utime: Operation not permitted
build	Cache Android SDK	2026-06-06T12:23:00.7431321Z /usr/bin/tar: ../../../../../usr/local/lib/android/sdk/platforms/android-34-ext8/data/res/values-mcc302-mnc370-fr-rCA: Cannot change mode to rwxr-xr-x: Operation not permitted
build	Cache Android SDK	2026-06-06T12:23:00.7434229Z /usr/bin/tar: ../../../../../usr/local/lib/android/sdk/platforms/android-34-ext8/data/res/values-mcc310-mnc660-in: Cannot utime: Operation not permitted
build	Cache Android SDK	2026-06-06T12:23:00.7434766Z /usr/bin/tar: ../../../../../usr/local/lib/android/sdk/platforms/android-34-ext8/data/res/values-mcc310-mnc660-in: Cannot change mode to rwxr-xr-x: Operation not permitted
build	Cache Android SDK	2026-06-06T12:23:00.7437728Z /usr/bin/tar: ../../../../../usr/local/lib/android/sdk/platforms/android-34-ext8/data/res/values-mcc001-mnc01-bs: Cannot utime: Operation not permitted
build	Cache Android SDK	2026-06-06T12:23:00.7439055Z /usr/bin/tar: ../../../../../usr/local/lib/android/sdk/platforms/android-34-ext8/data/res/values-mcc001-mnc01-bs: Cannot change mode to rwxr-xr-x: Operation not permitted
build	Cache Android SDK	2026-06-06T12:23:00.7441220Z /usr/bin/tar: ../../../../../usr/local/lib/android/sdk/platforms/android-34-ext8/data/res/values-mcc310-mnc280-de: Cannot utime: Operation not permitted
build	Cache Android SDK	2026-06-06T12:23:00.7442510Z /usr/bin/tar: ../../../../../usr/local/lib/android/sdk/platforms/android-34-ext8/data/res/values-mcc310-mnc280-de: Cannot change mode to rwxr-xr-x: Operation not permitted
build	Cache Android SDK	2026-06-06T12:23:00.7444631Z /usr/bin/tar: ../../../../../usr/local/lib/android/sdk/platforms/android-34-ext8/data/res/values-mcc416-mnc77: Cannot utime: Operation not permitted
build	Cache Android SDK	2026-06-06T12:23:00.7445087Z /usr/bin/tar: ../../../../../usr/local/lib/android/sdk/platforms/android-34-ext8/data/res/values-mcc416-mnc77: Cannot change mode to rwxr-xr-x: Operation not permitted
build	Cache Android SDK	2026-06-06T12:23:00.7448515Z /usr/bin/tar: ../../../../../usr/local/lib/android/sdk/platforms/android-34-ext8/data/res/values-pl-television: Cannot utime: Operation not permitted
build	Cache Android SDK	2026-06-06T12:23:00.7449557Z /usr/bin/tar: ../../../../../usr/local/lib/android/sdk/platforms/android-34-ext8/data/res/values-pl-television: Cannot change mode to rwxr-xr-x: Operation not permitted
build	Cache Android SDK	2026-06-06T12:23:00.7451437Z /usr/bin/tar: ../../../../../usr/local/lib/android/sdk/platforms/android-34-ext8/data/res/values-h720dp: Cannot utime: Operation not permitted
build	Cache Android SDK	2026-06-06T12:23:00.7452235Z /usr/bin/tar: ../../../../../usr/local/lib/android/sdk/platforms/android-34-ext8/data/res/values-h720dp: Cannot change mode to rwxr-xr-x: Operation not permitted
build	Cache Android SDK	2026-06-06T12:23:00.7454206Z /usr/bin/tar: ../../../../../usr/local/lib/android/sdk/platforms/android-34-ext8/data/res/values-mcc310-mnc310-b+sr+Latn: Cannot utime: Operation not permitted
build	Cache Android SDK	2026-06-06T12:23:00.7454702Z /usr/bin/tar: ../../../../../usr/local/lib/android/sdk/platforms/android-34-ext8/data/res/values-mcc310-mnc310-b+sr+Latn: Cannot change mode to rwxr-xr-x: Operation not permitted
build	Cache Android SDK	2026-06-06T12:23:00.7457487Z /usr/bin/tar: ../../../../../usr/local/lib/android/sdk/platforms/android-34-ext8/data/res/values-mcc001-mnc01-eu: Cannot utime: Operation not permitted
build	Cache Android SDK	2026-06-06T12:23:00.7458408Z /usr/bin/tar: ../../../../../usr/local/lib/android/sdk/platforms/android-34-ext8/data/res/values-mcc001-mnc01-eu: Cannot change mode to rwxr-xr-x: Operation not permitted
build	Cache Android SDK	2026-06-06T12:23:00.7461146Z /usr/bin/tar: ../../../../../usr/local/lib/android/sdk/platforms/android-34-ext8/data/res/values-mcc310-mnc170-mn: Cannot utime: Operation not permitted
build	Cache Android SDK	2026-06-06T12:23:00.7461829Z /usr/bin/tar: ../../../../../usr/local/lib/android/sdk/platforms/android-34-ext8/data/res/values-mcc310-mnc170-mn: Cannot change mode to rwxr-xr-x: Operation not permitted
build	Cache Android SDK	2026-06-06T12:23:00.7464987Z /usr/bin/tar: ../../../../../usr/local/lib/android/sdk/platforms/android-34-ext8/data/res/values-mcc234: Cannot utime: Operation not permitted
build	Cache Android SDK	2026-06-06T12:23:00.7465932Z /usr/bin/tar: ../../../../../usr/local/lib/android/sdk/platforms/android-34-ext8/data/res/values-mcc234: Cannot change mode to rwxr-xr-x: Operation not permitted
build	Cache Android SDK	2026-06-06T12:23:00.7475745Z /usr/bin/tar: ../../../../../usr/local/lib/android/sdk/platforms/android-34-ext8/data/res/values-th: Cannot utime: Operation not permitted
build	Cache Android SDK	2026-06-06T12:23:00.7476984Z /usr/bin/tar: ../../../../../usr/local/lib/android/sdk/platforms/android-34-ext8/data/res/values-th: Cannot change mode to rwxr-xr-x: Operation not permitted
build	Cache Android SDK	2026-06-06T12:23:00.7479299Z /usr/bin/tar: ../../../../../usr/local/lib/android/sdk/platforms/android-34-ext8/data/res/values-mcc310-mnc030-mr: Cannot utime: Operation not permitted
build	Cache Android SDK	2026-06-06T12:23:00.7480368Z /usr/bin/tar: ../../../../../usr/local/lib/android/sdk/platforms/android-34-ext8/data/res/values-mcc310-mnc030-mr: Cannot change mode to rwxr-xr-x: Operation not permitted
build	Cache Android SDK	2026-06-06T12:23:00.7481427Z /usr/bin/tar: ../../../../../usr/local/lib/android/sdk/platforms/android-34-ext8/data/res/values-mcc310-mnc310-ka: Cannot utime: Operation not permitted
build	Cache Android SDK	2026-06-06T12:23:00.7482081Z /usr/bin/tar: ../../../../../usr/local/lib/android/sdk/platforms/android-34-ext8/data/res/values-mcc310-mnc310-ka: Cannot change mode to rwxr-xr-x: Operation not permitted
build	Cache Android SDK	2026-06-06T12:23:00.7486108Z /usr/bin/tar: ../../../../../usr/local/lib/android/sdk/platforms/android-34-ext8/data/res/values-mcc310-mnc240-tl: Cannot utime: Operation not permitted
build	Cache Android SDK	2026-06-06T12:23:00.7486862Z /usr/bin/tar: ../../../../../usr/local/lib/android/sdk/platforms/android-34-ext8/data/res/values-mcc310-mnc240-tl: Cannot change mode to rwxr-xr-x: Operation not permitted
build	Cache Android SDK	2026-06-06T12:23:00.7489008Z /usr/bin/tar: ../../../../../usr/local/lib/android/sdk/platforms/android-34-ext8/data/res/values-el-television: Cannot utime: Operation not permitted
build	Cache Android SDK	2026-06-06T12:23:00.7489706Z /usr/bin/tar: ../../../../../usr/local/lib/android/sdk/platforms/android-34-ext8/data/res/values-el-television: Cannot change mode to rwxr-xr-x: Operation not permitted
build	Cache Android SDK	2026-06-06T12:23:00.7492784Z /usr/bin/tar: ../../../../../usr/local/lib/android/sdk/platforms/android-34-ext8/data/res/values-mcc312-mnc670-nl: Cannot utime: Operation not permitted
build	Cache Android SDK	2026-06-06T12:23:00.7493435Z /usr/bin/tar: ../../../../../usr/local/lib/android/sdk/platforms/android-34-ext8/data/res/values-mcc312-mnc670-nl: Cannot change mode to rwxr-xr-x: Operation not permitted
build	Cache Android SDK	2026-06-06T12:23:00.7496504Z /usr/bin/tar: ../../../../../usr/local/lib/android/sdk/platforms/android-34-ext8/data/res/values-mcc310-mnc310-hy: Cannot utime: Operation not permitted
build	Cache Android SDK	2026-06-06T12:23:00.7497284Z /usr/bin/tar: ../../../../../usr/local/lib/android/sdk/platforms/android-34-ext8/data/res/values-mcc310-mnc310-hy: Cannot change mode to rwxr-xr-x: Operation not permitted
build	Cache Android SDK	2026-06-06T12:23:00.7501263Z /usr/bin/tar: ../../../../../usr/local/lib/android/sdk/platforms/android-34-ext8/data/res/values-mcc310-mnc250-ur: Cannot utime: Operation not permitted
build	Cache Android SDK	2026-06-06T12:23:00.7501753Z /usr/bin/tar: ../../../../../usr/local/lib/android/sdk/platforms/android-34-ext8/data/res/values-mcc310-mnc250-ur: Cannot change mode to rwxr-xr-x: Operation not permitted
build	Cache Android SDK	2026-06-06T12:23:00.7504957Z /usr/bin/tar: ../../../../../usr/local/lib/android/sdk/platforms/android-34-ext8/data/res/values-mcc310-mnc490-si: Cannot utime: Operation not permitted
build	Cache Android SDK	2026-06-06T12:23:00.7505436Z /usr/bin/tar: ../../../../../usr/local/lib/android/sdk/platforms/android-34-ext8/data/res/values-mcc310-mnc490-si: Cannot change mode to rwxr-xr-x: Operation not permitted
build	Cache Android SDK	2026-06-06T12:23:00.7509214Z /usr/bin/tar: ../../../../../usr/local/lib/android/sdk/platforms/android-34-ext8/data/res/values-mcc313-mnc100-am: Cannot utime: Operation not permitted
build	Cache Android SDK	2026-06-06T12:23:00.7509843Z /usr/bin/tar: ../../../../../usr/local/lib/android/sdk/platforms/android-34-ext8/data/res/values-mcc313-mnc100-am: Cannot change mode to rwxr-xr-x: Operation not permitted
build	Cache Android SDK	2026-06-06T12:23:00.7513411Z /usr/bin/tar: ../../../../../usr/local/lib/android/sdk/platforms/android-34-ext8/data/res/values-mcc310-mnc660-gu: Cannot utime: Operation not permitted
build	Cache Android SDK	2026-06-06T12:23:00.7514127Z /usr/bin/tar: ../../../../../usr/local/lib/android/sdk/platforms/android-34-ext8/data/res/values-mcc310-mnc660-gu: Cannot change mode to rwxr-xr-x: Operation not permitted
build	Cache Android SDK	2026-06-06T12:23:00.7516509Z /usr/bin/tar: ../../../../../usr/local/lib/android/sdk/platforms/android-34-ext8/data/res/values-mcc310-mnc410-fr-rCA: Cannot utime: Operation not permitted
build	Cache Android SDK	2026-06-06T12:23:00.7517127Z /usr/bin/tar: ../../../../../usr/local/lib/android/sdk/platforms/android-34-ext8/data/res/values-mcc310-mnc410-fr-rCA: Cannot change mode to rwxr-xr-x: Operation not permitted
build	Cache Android SDK	2026-06-06T12:23:00.7519695Z /usr/bin/tar: ../../../../../usr/local/lib/android/sdk/platforms/android-34-ext8/data/res/values-mcc310-mnc220-te: Cannot utime: Operation not permitted
build	Cache Android SDK	2026-06-06T12:23:00.7520195Z /usr/bin/tar: ../../../../../usr/local/lib/android/sdk/platforms/android-34-ext8/data/res/values-mcc310-mnc220-te: Cannot change mode to rwxr-xr-x: Operation not permitted
build	Cache Android SDK	2026-06-06T12:23:00.7522497Z /usr/bin/tar: ../../../../../usr/local/lib/android/sdk/platforms/android-34-ext8/data/res/values-af-watch: Cannot utime: Operation not permitted
build	Cache Android SDK	2026-06-06T12:23:00.7522984Z /usr/bin/tar: ../../../../../usr/local/lib/android/sdk/platforms/android-34-ext8/data/res/values-af-watch: Cannot change mode to rwxr-xr-x: Operation not permitted
build	Cache Android SDK	2026-06-06T12:23:00.7526165Z /usr/bin/tar: ../../../../../usr/local/lib/android/sdk/platforms/android-34-ext8/data/res/values-mcc310-mnc410-el: Cannot utime: Operation not permitted
build	Cache Android SDK	2026-06-06T12:23:00.7526794Z /usr/bin/tar: ../../../../../usr/local/lib/android/sdk/platforms/android-34-ext8/data/res/values-mcc310-mnc410-el: Cannot change mode to rwxr-xr-x: Operation not permitted
build	Cache Android SDK	2026-06-06T12:23:00.7529498Z /usr/bin/tar: ../../../../../usr/local/lib/android/sdk/platforms/android-34-ext8/data/res/values-mcc310-mnc250-en-rAU: Cannot utime: Operation not permitted
build	Cache Android SDK	2026-06-06T12:23:00.7529990Z /usr/bin/tar: ../../../../../usr/local/lib/android/sdk/platforms/android-34-ext8/data/res/values-mcc310-mnc250-en-rAU: Cannot change mode to rwxr-xr-x: Operation not permitted
build	Cache Android SDK	2026-06-06T12:23:00.7532743Z /usr/bin/tar: ../../../../../usr/local/lib/android/sdk/platforms/android-34-ext8/data/res/values-mcc312-mnc670-mr: Cannot utime: Operation not permitted
build	Cache Android SDK	2026-06-06T12:23:00.7533334Z /usr/bin/tar: ../../../../../usr/local/lib/android/sdk/platforms/android-34-ext8/data/res/values-mcc312-mnc670-mr: Cannot change mode to rwxr-xr-x: Operation not permitted
build	Cache Android SDK	2026-06-06T12:23:00.7535633Z /usr/bin/tar: ../../../../../usr/local/lib/android/sdk/platforms/android-34-ext8/data/res/values-mcc310-mnc660-sk: Cannot utime: Operation not permitted
build	Cache Android SDK	2026-06-06T12:23:00.7536255Z /usr/bin/tar: ../../../../../usr/local/lib/android/sdk/platforms/android-34-ext8/data/res/values-mcc310-mnc660-sk: Cannot change mode to rwxr-xr-x: Operation not permitted
build	Cache Android SDK	2026-06-06T12:23:00.7538446Z /usr/bin/tar: ../../../../../usr/local/lib/android/sdk/platforms/android-34-ext8/data/res/values-mcc310-mnc800-pt-rBR: Cannot utime: Operation not permitted
build	Cache Android SDK	2026-06-06T12:23:00.7539235Z /usr/bin/tar: ../../../../../usr/local/lib/android/sdk/platforms/android-34-ext8/data/res/values-mcc310-mnc800-pt-rBR: Cannot change mode to rwxr-xr-x: Operation not permitted
build	Cache Android SDK	2026-06-06T12:23:00.7541745Z /usr/bin/tar: ../../../../../usr/local/lib/android/sdk/platforms/android-34-ext8/data/res/values-mcc310-mnc410-uz: Cannot utime: Operation not permitted
build	Cache Android SDK	2026-06-06T12:23:00.7542214Z /usr/bin/tar: ../../../../../usr/local/lib/android/sdk/platforms/android-34-ext8/data/res/values-mcc310-mnc410-uz: Cannot change mode to rwxr-xr-x: Operation not permitted
build	Cache Android SDK	2026-06-06T12:23:00.7544632Z /usr/bin/tar: ../../../../../usr/local/lib/android/sdk/platforms/android-34-ext8/data/res/values-mcc310-mnc230-ms: Cannot utime: Operation not permitted
build	Cache Android SDK	2026-06-06T12:23:00.7545091Z /usr/bin/tar: ../../../../../usr/local/lib/android/sdk/platforms/android-34-ext8/data/res/values-mcc310-mnc230-ms: Cannot change mode to rwxr-xr-x: Operation not permitted
build	Cache Android SDK	2026-06-06T12:23:00.7547689Z /usr/bin/tar: ../../../../../usr/local/lib/android/sdk/platforms/android-34-ext8/data/res/values-mcc302-mnc720-vi: Cannot utime: Operation not permitted
build	Cache Android SDK	2026-06-06T12:23:00.7548187Z /usr/bin/tar: ../../../../../usr/local/lib/android/sdk/platforms/android-34-ext8/data/res/values-mcc302-mnc720-vi: Cannot change mode to rwxr-xr-x: Operation not permitted
build	Cache Android SDK	2026-06-06T12:23:00.7550608Z /usr/bin/tar: ../../../../../usr/local/lib/android/sdk/platforms/android-34-ext8/data/res/values-tr-rTR: Cannot utime: Operation not permitted
build	Cache Android SDK	2026-06-06T12:23:00.7551093Z /usr/bin/tar: ../../../../../usr/local/lib/android/sdk/platforms/android-34-ext8/data/res/values-tr-rTR: Cannot change mode to rwxr-xr-x: Operation not permitted
build	Cache Android SDK	2026-06-06T12:23:00.7563432Z /usr/bin/tar: ../../../../../usr/local/lib/android/sdk/platforms/android-34-ext8/data/res/values-en-rXC: Cannot utime: Operation not permitted
build	Cache Android SDK	2026-06-06T12:23:00.7564315Z /usr/bin/tar: ../../../../../usr/local/lib/android/sdk/platforms/android-34-ext8/data/res/values-en-rXC: Cannot change mode to rwxr-xr-x: Operation not permitted
build	Cache Android SDK	2026-06-06T12:23:00.7567084Z /usr/bin/tar: ../../../../../usr/local/lib/android/sdk/platforms/android-34-ext8/data/res/values-mcc310-mnc560-pt-rPT: Cannot utime: Operation not permitted
build	Cache Android SDK	2026-06-06T12:23:00.7567938Z /usr/bin/tar: ../../../../../usr/local/lib/android/sdk/platforms/android-34-ext8/data/res/values-mcc310-mnc560-pt-rPT: Cannot change mode to rwxr-xr-x: Operation not permitted
build	Cache Android SDK	2026-06-06T12:23:00.7569847Z /usr/bin/tar: ../../../../../usr/local/lib/android/sdk/platforms/android-34-ext8/data/res/values-mcc310-mnc490-es: Cannot utime: Operation not permitted
build	Cache Android SDK	2026-06-06T12:23:00.7570429Z /usr/bin/tar: ../../../../../usr/local/lib/android/sdk/platforms/android-34-ext8/data/res/values-mcc310-mnc490-es: Cannot change mode to rwxr-xr-x: Operation not permitted
build	Cache Android SDK	2026-06-06T12:23:00.7573145Z /usr/bin/tar: ../../../../../usr/local/lib/android/sdk/platforms/android-34-ext8/data/res/values-mcc310-mnc310-th: Cannot utime: Operation not permitted
build	Cache Android SDK	2026-06-06T12:23:00.7573623Z /usr/bin/tar: ../../../../../usr/local/lib/android/sdk/platforms/android-34-ext8/data/res/values-mcc310-mnc310-th: Cannot change mode to rwxr-xr-x: Operation not permitted
build	Cache Android SDK	2026-06-06T12:23:00.7576474Z /usr/bin/tar: ../../../../../usr/local/lib/android/sdk/platforms/android-34-ext8/data/res/values-mcc310-mnc030-fa: Cannot utime: Operation not permitted
build	Cache Android SDK	2026-06-06T12:23:00.7576950Z /usr/bin/tar: ../../../../../usr/local/lib/android/sdk/platforms/android-34-ext8/data/res/values-mcc310-mnc030-fa: Cannot change mode to rwxr-xr-x: Operation not permitted
build	Cache Android SDK	2026-06-06T12:23:00.7579434Z /usr/bin/tar: ../../../../../usr/local/lib/android/sdk/platforms/android-34-ext8/data/res/values-mcc001-mnc01-be: Cannot utime: Operation not permitted
build	Cache Android SDK	2026-06-06T12:23:00.7579907Z /usr/bin/tar: ../../../../../usr/local/lib/android/sdk/platforms/android-34-ext8/data/res/values-mcc001-mnc01-be: Cannot change mode to rwxr-xr-x: Operation not permitted
build	Cache Android SDK	2026-06-06T12:23:00.7582419Z /usr/bin/tar: ../../../../../usr/local/lib/android/sdk/platforms/android-34-ext8/data/res/values-mcc310-mnc210-el: Cannot utime: Operation not permitted
build	Cache Android SDK	2026-06-06T12:23:00.7582978Z /usr/bin/tar: ../../../../../usr/local/lib/android/sdk/platforms/android-34-ext8/data/res/values-mcc310-mnc210-el: Cannot change mode to rwxr-xr-x: Operation not permitted
build	Cache Android SDK	2026-06-06T12:23:00.7585521Z /usr/bin/tar: ../../../../../usr/local/lib/android/sdk/platforms/android-34-ext8/data/res/values-mcc310-mnc200-ja: Cannot utime: Operation not permitted
build	Cache Android SDK	2026-06-06T12:23:00.7585995Z /usr/bin/tar: ../../../../../usr/local/lib/android/sdk/platforms/android-34-ext8/data/res/values-mcc310-mnc200-ja: Cannot change mode to rwxr-xr-x: Operation not permitted
build	Cache Android SDK	2026-06-06T12:23:00.7591701Z /usr/bin/tar: ../../../../../usr/local/lib/android/sdk/platforms/android-34-ext8/data/res/values-eu: Cannot utime: Operation not permitted
build	Cache Android SDK	2026-06-06T12:23:00.7592135Z /usr/bin/tar: ../../../../../usr/local/lib/android/sdk/platforms/android-34-ext8/data/res/values-eu: Cannot change mode to rwxr-xr-x: Operation not permitted
build	Cache Android SDK	2026-06-06T12:23:00.7594798Z /usr/bin/tar: ../../../../../usr/local/lib/android/sdk/platforms/android-34-ext8/data/res/values-mcc310-mnc160-ms: Cannot utime: Operation not permitted
build	Cache Android SDK	2026-06-06T12:23:00.7595276Z /usr/bin/tar: ../../../../../usr/local/lib/android/sdk/platforms/android-34-ext8/data/res/values-mcc310-mnc160-ms: Cannot change mode to rwxr-xr-x: Operation not permitted
build	Cache Android SDK	2026-06-06T12:23:00.7598374Z /usr/bin/tar: ../../../../../usr/local/lib/android/sdk/platforms/android-34-ext8/data/res/values-mcc310-mnc240-az: Cannot utime: Operation not permitted
build	Cache Android SDK	2026-06-06T12:23:00.7598863Z /usr/bin/tar: ../../../../../usr/local/lib/android/sdk/platforms/android-34-ext8/data/res/values-mcc310-mnc240-az: Cannot change mode to rwxr-xr-x: Operation not permitted
build	Cache Android SDK	2026-06-06T12:23:00.7601855Z /usr/bin/tar: ../../../../../usr/local/lib/android/sdk/platforms/android-34-ext8/data/res/values-mcc310-mnc220-kk: Cannot utime: Operation not permitted
build	Cache Android SDK	2026-06-06T12:23:00.7602308Z /usr/bin/tar: ../../../../../usr/local/lib/android/sdk/platforms/android-34-ext8/data/res/values-mcc310-mnc220-kk: Cannot change mode to rwxr-xr-x: Operation not permitted
build	Cache Android SDK	2026-06-06T12:23:00.7604982Z /usr/bin/tar: ../../../../../usr/local/lib/android/sdk/platforms/android-34-ext8/data/res/values-mcc310-mnc200-ru: Cannot utime: Operation not permitted
build	Cache Android SDK	2026-06-06T12:23:00.7605580Z /usr/bin/tar: ../../../../../usr/local/lib/android/sdk/platforms/android-34-ext8/data/res/values-mcc310-mnc200-ru: Cannot change mode to rwxr-xr-x: Operation not permitted
build	Cache Android SDK	2026-06-06T12:23:00.7608242Z /usr/bin/tar: ../../../../../usr/local/lib/android/sdk/platforms/android-34-ext8/data/res/values-mcc001-mnc01-da: Cannot utime: Operation not permitted
build	Cache Android SDK	2026-06-06T12:23:00.7608827Z /usr/bin/tar: ../../../../../usr/local/lib/android/sdk/platforms/android-34-ext8/data/res/values-mcc001-mnc01-da: Cannot change mode to rwxr-xr-x: Operation not permitted
build	Cache Android SDK	2026-06-06T12:23:00.7611583Z /usr/bin/tar: ../../../../../usr/local/lib/android/sdk/platforms/android-34-ext8/data/res/values-mcc310-mnc160-it: Cannot utime: Operation not permitted
build	Cache Android SDK	2026-06-06T12:23:00.7612057Z /usr/bin/tar: ../../../../../usr/local/lib/android/sdk/platforms/android-34-ext8/data/res/values-mcc310-mnc160-it: Cannot change mode to rwxr-xr-x: Operation not permitted
build	Cache Android SDK	2026-06-06T12:23:00.7614666Z /usr/bin/tar: ../../../../../usr/local/lib/android/sdk/platforms/android-34-ext8/data/res/values-mcc310-mnc200-sq: Cannot utime: Operation not permitted
build	Cache Android SDK	2026-06-06T12:23:00.7615131Z /usr/bin/tar: ../../../../../usr/local/lib/android/sdk/platforms/android-34-ext8/data/res/values-mcc310-mnc200-sq: Cannot change mode to rwxr-xr-x: Operation not permitted
build	Cache Android SDK	2026-06-06T12:23:00.7617819Z /usr/bin/tar: ../../../../../usr/local/lib/android/sdk/platforms/android-34-ext8/data/res/values-mcc302-mnc370-b+sr+Latn: Cannot utime: Operation not permitted
build	Cache Android SDK	2026-06-06T12:23:00.7618320Z /usr/bin/tar: ../../../../../usr/local/lib/android/sdk/platforms/android-34-ext8/data/res/values-mcc302-mnc370-b+sr+Latn: Cannot change mode to rwxr-xr-x: Operation not permitted
build	Cache Android SDK	2026-06-06T12:23:00.7621101Z /usr/bin/tar: ../../../../../usr/local/lib/android/sdk/platforms/android-34-ext8/data/res/values-mcc302-mnc720-am: Cannot utime: Operation not permitted
build	Cache Android SDK	2026-06-06T12:23:00.7621576Z /usr/bin/tar: ../../../../../usr/local/lib/android/sdk/platforms/android-34-ext8/data/res/values-mcc302-mnc720-am: Cannot change mode to rwxr-xr-x: Operation not permitted
build	Cache Android SDK	2026-06-06T12:23:00.7624215Z /usr/bin/tar: ../../../../../usr/local/lib/android/sdk/platforms/android-34-ext8/data/res/values-mcc310-mnc210-ru: Cannot utime: Operation not permitted
build	Cache Android SDK	2026-06-06T12:23:00.7624684Z /usr/bin/tar: ../../../../../usr/local/lib/android/sdk/platforms/android-34-ext8/data/res/values-mcc310-mnc210-ru: Cannot change mode to rwxr-xr-x: Operation not permitted
build	Cache Android SDK	2026-06-06T12:23:00.7627010Z /usr/bin/tar: ../../../../../usr/local/lib/android/sdk/platforms/android-34-ext8/data/res/values-mcc311-mnc180-sv: Cannot utime: Operation not permitted
build	Cache Android SDK	2026-06-06T12:23:00.7627628Z /usr/bin/tar: ../../../../../usr/local/lib/android/sdk/platforms/android-34-ext8/data/res/values-mcc311-mnc180-sv: Cannot change mode to rwxr-xr-x: Operation not permitted
build	Cache Android SDK	2026-06-06T12:23:00.7630100Z /usr/bin/tar: ../../../../../usr/local/lib/android/sdk/platforms/android-34-ext8/data/res/values-mcc312-mnc670-pt-rBR: Cannot utime: Operation not permitted
build	Cache Android SDK	2026-06-06T12:23:00.7630587Z /usr/bin/tar: ../../../../../usr/local/lib/android/sdk/platforms/android-34-ext8/data/res/values-mcc312-mnc670-pt-rBR: Cannot change mode to rwxr-xr-x: Operation not permitted
build	Cache Android SDK	2026-06-06T12:23:00.7632949Z /usr/bin/tar: ../../../../../usr/local/lib/android/sdk/platforms/android-34-ext8/data/res/values-mcc313-mnc100-km: Cannot utime: Operation not permitted
build	Cache Android SDK	2026-06-06T12:23:00.7633439Z /usr/bin/tar: ../../../../../usr/local/lib/android/sdk/platforms/android-34-ext8/data/res/values-mcc313-mnc100-km: Cannot change mode to rwxr-xr-x: Operation not permitted
build	Cache Android SDK	2026-06-06T12:23:00.7636412Z /usr/bin/tar: ../../../../../usr/local/lib/android/sdk/platforms/android-34-ext8/data/res/values-mcc310-mnc170-ur: Cannot utime: Operation not permitted
build	Cache Android SDK	2026-06-06T12:23:00.7636883Z /usr/bin/tar: ../../../../../usr/local/lib/android/sdk/platforms/android-34-ext8/data/res/values-mcc310-mnc170-ur: Cannot change mode to rwxr-xr-x: Operation not permitted
build	Cache Android SDK	2026-06-06T12:23:00.7639537Z /usr/bin/tar: ../../../../../usr/local/lib/android/sdk/platforms/android-34-ext8/data/res/values-mcc310-mnc380-bn: Cannot utime: Operation not permitted
build	Cache Android SDK	2026-06-06T12:23:00.7640006Z /usr/bin/tar: ../../../../../usr/local/lib/android/sdk/platforms/android-34-ext8/data/res/values-mcc310-mnc380-bn: Cannot change mode to rwxr-xr-x: Operation not permitted
build	Cache Android SDK	2026-06-06T12:23:00.7642461Z /usr/bin/tar: ../../../../../usr/local/lib/android/sdk/platforms/android-34-ext8/data/res/values-mcc310-mnc160-pt-rBR: Cannot utime: Operation not permitted
build	Cache Android SDK	2026-06-06T12:23:00.7642947Z /usr/bin/tar: ../../../../../usr/local/lib/android/sdk/platforms/android-34-ext8/data/res/values-mcc310-mnc160-pt-rBR: Cannot change mode to rwxr-xr-x: Operation not permitted
build	Cache Android SDK	2026-06-06T12:23:00.7645829Z /usr/bin/tar: ../../../../../usr/local/lib/android/sdk/platforms/android-34-ext8/data/res/values-mcc313-mnc100-ka: Cannot utime: Operation not permitted
build	Cache Android SDK	2026-06-06T12:23:00.7646385Z /usr/bin/tar: ../../../../../usr/local/lib/android/sdk/platforms/android-34-ext8/data/res/values-mcc313-mnc100-ka: Cannot change mode to rwxr-xr-x: Operation not permitted
build	Cache Android SDK	2026-06-06T12:23:00.7648875Z /usr/bin/tar: ../../../../../usr/local/lib/android/sdk/platforms/android-34-ext8/data/res/values-mcc001-mnc01-ar: Cannot utime: Operation not permitted
build	Cache Android SDK	2026-06-06T12:23:00.7649436Z /usr/bin/tar: ../../../../../usr/local/lib/android/sdk/platforms/android-34-ext8/data/res/values-mcc001-mnc01-ar: Cannot change mode to rwxr-xr-x: Operation not permitted
build	Cache Android SDK	2026-06-06T12:23:00.7654170Z /usr/bin/tar: ../../../../../usr/local/lib/android/sdk/platforms/android-34-ext8/data/res/values-mcc312-mnc670-da: Cannot utime: Operation not permitted
build	Cache Android SDK	2026-06-06T12:23:00.7654656Z /usr/bin/tar: ../../../../../usr/local/lib/android/sdk/platforms/android-34-ext8/data/res/values-mcc312-mnc670-da: Cannot change mode to rwxr-xr-x: Operation not permitted
build	Cache Android SDK	2026-06-06T12:23:00.7657618Z /usr/bin/tar: ../../../../../usr/local/lib/android/sdk/platforms/android-34-ext8/data/res/values-mcc001-mnc01-is: Cannot utime: Operation not permitted
build	Cache Android SDK	2026-06-06T12:23:00.7658090Z /usr/bin/tar: ../../../../../usr/local/lib/android/sdk/platforms/android-34-ext8/data/res/values-mcc001-mnc01-is: Cannot change mode to rwxr-xr-x: Operation not permitted
build	Cache Android SDK	2026-06-06T12:23:00.7660729Z /usr/bin/tar: ../../../../../usr/local/lib/android/sdk/platforms/android-34-ext8/data/res/values-mcc310-mnc280-mn: Cannot utime: Operation not permitted
build	Cache Android SDK	2026-06-06T12:23:00.7661197Z /usr/bin/tar: ../../../../../usr/local/lib/android/sdk/platforms/android-34-ext8/data/res/values-mcc310-mnc280-mn: Cannot change mode to rwxr-xr-x: Operation not permitted
build	Cache Android SDK	2026-06-06T12:23:00.7663823Z /usr/bin/tar: ../../../../../usr/local/lib/android/sdk/platforms/android-34-ext8/data/res/values-mcc311-mnc180-es: Cannot utime: Operation not permitted
build	Cache Android SDK	2026-06-06T12:23:00.7664297Z /usr/bin/tar: ../../../../../usr/local/lib/android/sdk/platforms/android-34-ext8/data/res/values-mcc311-mnc180-es: Cannot change mode to rwxr-xr-x: Operation not permitted
build	Cache Android SDK	2026-06-06T12:23:00.7668100Z /usr/bin/tar: ../../../../../usr/local/lib/android/sdk/platforms/android-34-ext8/data/res/values-mcc310-mnc270-uz: Cannot utime: Operation not permitted
build	Cache Android SDK	2026-06-06T12:23:00.7668586Z /usr/bin/tar: ../../../../../usr/local/lib/android/sdk/platforms/android-34-ext8/data/res/values-mcc310-mnc270-uz: Cannot change mode to rwxr-xr-x: Operation not permitted
build	Cache Android SDK	2026-06-06T12:23:00.7672067Z /usr/bin/tar: ../../../../../usr/local/lib/android/sdk/platforms/android-34-ext8/data/res/values-mcc310-mnc220-fr-rCA: Cannot utime: Operation not permitted
build	Cache Android SDK	2026-06-06T12:23:00.7672674Z /usr/bin/tar: ../../../../../usr/local/lib/android/sdk/platforms/android-34-ext8/data/res/values-mcc310-mnc220-fr-rCA: Cannot change mode to rwxr-xr-x: Operation not permitted
build	Cache Android SDK	2026-06-06T12:23:00.7674893Z /usr/bin/tar: ../../../../../usr/local/lib/android/sdk/platforms/android-34-ext8/data/res/values-mcc001-mnc01-af: Cannot utime: Operation not permitted
build	Cache Android SDK	2026-06-06T12:23:00.7675477Z /usr/bin/tar: ../../../../../usr/local/lib/android/sdk/platforms/android-34-ext8/data/res/values-mcc001-mnc01-af: Cannot change mode to rwxr-xr-x: Operation not permitted
build	Cache Android SDK	2026-06-06T12:23:00.7678664Z /usr/bin/tar: ../../../../../usr/local/lib/android/sdk/platforms/android-34-ext8/data/res/values-mcc310-mnc280-fi: Cannot utime: Operation not permitted
build	Cache Android SDK	2026-06-06T12:23:00.7679235Z /usr/bin/tar: ../../../../../usr/local/lib/android/sdk/platforms/android-34-ext8/data/res/values-mcc310-mnc280-fi: Cannot change mode to rwxr-xr-x: Operation not permitted
build	Cache Android SDK	2026-06-06T12:23:00.7682022Z /usr/bin/tar: ../../../../../usr/local/lib/android/sdk/platforms/android-34-ext8/data/res/values-fr-rFR: Cannot utime: Operation not permitted
build	Cache Android SDK	2026-06-06T12:23:00.7682456Z /usr/bin/tar: ../../../../../usr/local/lib/android/sdk/platforms/android-34-ext8/data/res/values-fr-rFR: Cannot change mode to rwxr-xr-x: Operation not permitted
build	Cache Android SDK	2026-06-06T12:23:00.7684949Z /usr/bin/tar: ../../../../../usr/local/lib/android/sdk/platforms/android-34-ext8/data/res/values-mcc310-mnc380-sw: Cannot utime: Operation not permitted
build	Cache Android SDK	2026-06-06T12:23:00.7685416Z /usr/bin/tar: ../../../../../usr/local/lib/android/sdk/platforms/android-34-ext8/data/res/values-mcc310-mnc380-sw: Cannot change mode to rwxr-xr-x: Operation not permitted
build	Cache Android SDK	2026-06-06T12:23:00.7688139Z /usr/bin/tar: ../../../../../usr/local/lib/android/sdk/platforms/android-34-ext8/data/res/values-mcc310-mnc270-de: Cannot utime: Operation not permitted
build	Cache Android SDK	2026-06-06T12:23:00.7688696Z /usr/bin/tar: ../../../../../usr/local/lib/android/sdk/platforms/android-34-ext8/data/res/values-mcc310-mnc270-de: Cannot change mode to rwxr-xr-x: Operation not permitted
build	Cache Android SDK	2026-06-06T12:23:00.7691571Z /usr/bin/tar: ../../../../../usr/local/lib/android/sdk/platforms/android-34-ext8/data/res/values-mcc310-mnc030-ta: Cannot utime: Operation not permitted
build	Cache Android SDK	2026-06-06T12:23:00.7692134Z /usr/bin/tar: ../../../../../usr/local/lib/android/sdk/platforms/android-34-ext8/data/res/values-mcc310-mnc030-ta: Cannot change mode to rwxr-xr-x: Operation not permitted
build	Cache Android SDK	2026-06-06T12:23:00.7695170Z /usr/bin/tar: ../../../../../usr/local/lib/android/sdk/platforms/android-34-ext8/data/res/values-mcc310-mnc800-si: Cannot utime: Operation not permitted
build	Cache Android SDK	2026-06-06T12:23:00.7695636Z /usr/bin/tar: ../../../../../usr/local/lib/android/sdk/platforms/android-34-ext8/data/res/values-mcc310-mnc800-si: Cannot change mode to rwxr-xr-x: Operation not permitted
build	Cache Android SDK	2026-06-06T12:23:00.7698464Z /usr/bin/tar: ../../../../../usr/local/lib/android/sdk/platforms/android-34-ext8/data/res/values-mcc310-mnc660-zu: Cannot utime: Operation not permitted
build	Cache Android SDK	2026-06-06T12:23:00.7698990Z /usr/bin/tar: ../../../../../usr/local/lib/android/sdk/platforms/android-34-ext8/data/res/values-mcc310-mnc660-zu: Cannot change mode to rwxr-xr-x: Operation not permitted
build	Cache Android SDK	2026-06-06T12:23:00.7701779Z /usr/bin/tar: ../../../../../usr/local/lib/android/sdk/platforms/android-34-ext8/data/res/values-mcc310-mnc310-es-rUS: Cannot utime: Operation not permitted
build	Cache Android SDK	2026-06-06T12:23:00.7702280Z /usr/bin/tar: ../../../../../usr/local/lib/android/sdk/platforms/android-34-ext8/data/res/values-mcc310-mnc310-es-rUS: Cannot change mode to rwxr-xr-x: Operation not permitted
build	Cache Android SDK	2026-06-06T12:23:00.7704733Z /usr/bin/tar: ../../../../../usr/local/lib/android/sdk/platforms/android-34-ext8/data/res/values-mcc311-mnc180-ky: Cannot utime: Operation not permitted
build	Cache Android SDK	2026-06-06T12:23:00.7705202Z /usr/bin/tar: ../../../../../usr/local/lib/android/sdk/platforms/android-34-ext8/data/res/values-mcc311-mnc180-ky: Cannot change mode to rwxr-xr-x: Operation not permitted
build	Cache Android SDK	2026-06-06T12:23:00.7708083Z /usr/bin/tar: ../../../../../usr/local/lib/android/sdk/platforms/android-34-ext8/data/res/values-mcc310-mnc490-fi: Cannot utime: Operation not permitted
build	Cache Android SDK	2026-06-06T12:23:00.7708555Z /usr/bin/tar: ../../../../../usr/local/lib/android/sdk/platforms/android-34-ext8/data/res/values-mcc310-mnc490-fi: Cannot change mode to rwxr-xr-x: Operation not permitted
build	Cache Android SDK	2026-06-06T12:23:00.7710604Z /usr/bin/tar: ../../../../../usr/local/lib/android/sdk/platforms/android-34-ext8/data/res/values-mcc310-mnc310-hi: Cannot utime: Operation not permitted
build	Cache Android SDK	2026-06-06T12:23:00.7711075Z /usr/bin/tar: ../../../../../usr/local/lib/android/sdk/platforms/android-34-ext8/data/res/values-mcc310-mnc310-hi: Cannot change mode to rwxr-xr-x: Operation not permitted
build	Cache Android SDK	2026-06-06T12:23:00.7713212Z /usr/bin/tar: ../../../../../usr/local/lib/android/sdk/platforms/android-34-ext8/data/res/values-mcc302-mnc720-nl: Cannot utime: Operation not permitted
build	Cache Android SDK	2026-06-06T12:23:00.7713686Z /usr/bin/tar: ../../../../../usr/local/lib/android/sdk/platforms/android-34-ext8/data/res/values-mcc302-mnc720-nl: Cannot change mode to rwxr-xr-x: Operation not permitted
build	Cache Android SDK	2026-06-06T12:23:00.7715990Z /usr/bin/tar: ../../../../../usr/local/lib/android/sdk/platforms/android-34-ext8/data/res/values-mcc310-mnc170-lo: Cannot utime: Operation not permitted
build	Cache Android SDK	2026-06-06T12:23:00.7716466Z /usr/bin/tar: ../../../../../usr/local/lib/android/sdk/platforms/android-34-ext8/data/res/values-mcc310-mnc170-lo: Cannot change mode to rwxr-xr-x: Operation not permitted
build	Cache Android SDK	2026-06-06T12:23:00.7718921Z /usr/bin/tar: ../../../../../usr/local/lib/android/sdk/platforms/android-34-ext8/data/res/values-mcc310-mnc380-fi: Cannot utime: Operation not permitted
build	Cache Android SDK	2026-06-06T12:23:00.7719384Z /usr/bin/tar: ../../../../../usr/local/lib/android/sdk/platforms/android-34-ext8/data/res/values-mcc310-mnc380-fi: Cannot change mode to rwxr-xr-x: Operation not permitted
build	Cache Android SDK	2026-06-06T12:23:00.7721599Z /usr/bin/tar: ../../../../../usr/local/lib/android/sdk/platforms/android-34-ext8/data/res/values-mcc310-mnc150-kn: Cannot utime: Operation not permitted
build	Cache Android SDK	2026-06-06T12:23:00.7722056Z /usr/bin/tar: ../../../../../usr/local/lib/android/sdk/platforms/android-34-ext8/data/res/values-mcc310-mnc150-kn: Cannot change mode to rwxr-xr-x: Operation not permitted
build	Cache Android SDK	2026-06-06T12:23:00.7724503Z /usr/bin/tar: ../../../../../usr/local/lib/android/sdk/platforms/android-34-ext8/data/res/values-mcc310-mnc170: Cannot utime: Operation not permitted
build	Cache Android SDK	2026-06-06T12:23:00.7725129Z /usr/bin/tar: ../../../../../usr/local/lib/android/sdk/platforms/android-34-ext8/data/res/values-mcc310-mnc170: Cannot change mode to rwxr-xr-x: Operation not permitted
build	Cache Android SDK	2026-06-06T12:23:00.7727935Z /usr/bin/tar: ../../../../../usr/local/lib/android/sdk/platforms/android-34-ext8/data/res/values-mcc310-mnc150-hy: Cannot utime: Operation not permitted
build	Cache Android SDK	2026-06-06T12:23:00.7728417Z /usr/bin/tar: ../../../../../usr/local/lib/android/sdk/platforms/android-34-ext8/data/res/values-mcc310-mnc150-hy: Cannot change mode to rwxr-xr-x: Operation not permitted
build	Cache Android SDK	2026-06-06T12:23:00.7731137Z /usr/bin/tar: ../../../../../usr/local/lib/android/sdk/platforms/android-34-ext8/data/res/values-mcc310-mnc560-en-rAU: Cannot utime: Operation not permitted
build	Cache Android SDK	2026-06-06T12:23:00.7731626Z /usr/bin/tar: ../../../../../usr/local/lib/android/sdk/platforms/android-34-ext8/data/res/values-mcc310-mnc560-en-rAU: Cannot change mode to rwxr-xr-x: Operation not permitted
build	Cache Android SDK	2026-06-06T12:23:00.7736170Z /usr/bin/tar: ../../../../../usr/local/lib/android/sdk/platforms/android-34-ext8/data/res/values-mcc716-mnc17: Cannot utime: Operation not permitted
build	Cache Android SDK	2026-06-06T12:23:00.7736632Z /usr/bin/tar: ../../../../../usr/local/lib/android/sdk/platforms/android-34-ext8/data/res/values-mcc716-mnc17: Cannot change mode to rwxr-xr-x: Operation not permitted
build	Cache Android SDK	2026-06-06T12:23:00.7739447Z /usr/bin/tar: ../../../../../usr/local/lib/android/sdk/platforms/android-34-ext8/data/res/values-mcc310-mnc560-de: Cannot utime: Operation not permitted
build	Cache Android SDK	2026-06-06T12:23:00.7739920Z /usr/bin/tar: ../../../../../usr/local/lib/android/sdk/platforms/android-34-ext8/data/res/values-mcc310-mnc560-de: Cannot change mode to rwxr-xr-x: Operation not permitted
build	Cache Android SDK	2026-06-06T12:23:00.7742488Z /usr/bin/tar: ../../../../../usr/local/lib/android/sdk/platforms/android-34-ext8/data/res/values-mcc334-mnc020-tl: Cannot utime: Operation not permitted
build	Cache Android SDK	2026-06-06T12:23:00.7742962Z /usr/bin/tar: ../../../../../usr/local/lib/android/sdk/platforms/android-34-ext8/data/res/values-mcc334-mnc020-tl: Cannot change mode to rwxr-xr-x: Operation not permitted
build	Cache Android SDK	2026-06-06T12:23:00.7745496Z /usr/bin/tar: ../../../../../usr/local/lib/android/sdk/platforms/android-34-ext8/data/res/values-mcc310-mnc150-ur: Cannot utime: Operation not permitted
build	Cache Android SDK	2026-06-06T12:23:00.7745964Z /usr/bin/tar: ../../../../../usr/local/lib/android/sdk/platforms/android-34-ext8/data/res/values-mcc310-mnc150-ur: Cannot change mode to rwxr-xr-x: Operation not permitted
build	Cache Android SDK	2026-06-06T12:23:00.7748678Z /usr/bin/tar: ../../../../../usr/local/lib/android/sdk/platforms/android-34-ext8/data/res/values-mcc310-mnc250-fr: Cannot utime: Operation not permitted
build	Cache Android SDK	2026-06-06T12:23:00.7749150Z /usr/bin/tar: ../../../../../usr/local/lib/android/sdk/platforms/android-34-ext8/data/res/values-mcc310-mnc250-fr: Cannot change mode to rwxr-xr-x: Operation not permitted
build	Cache Android SDK	2026-06-06T12:23:00.7751919Z /usr/bin/tar: ../../../../../usr/local/lib/android/sdk/platforms/android-34-ext8/data/res/values-mcc310-mnc950-tl: Cannot utime: Operation not permitted
build	Cache Android SDK	2026-06-06T12:23:00.7752490Z /usr/bin/tar: ../../../../../usr/local/lib/android/sdk/platforms/android-34-ext8/data/res/values-mcc310-mnc950-tl: Cannot change mode to rwxr-xr-x: Operation not permitted
build	Cache Android SDK	2026-06-06T12:23:00.7754945Z /usr/bin/tar: ../../../../../usr/local/lib/android/sdk/platforms/android-34-ext8/data/res/values-mcc310-mnc160-fr: Cannot utime: Operation not permitted
build	Cache Android SDK	2026-06-06T12:23:00.7755496Z /usr/bin/tar: ../../../../../usr/local/lib/android/sdk/platforms/android-34-ext8/data/res/values-mcc310-mnc160-fr: Cannot change mode to rwxr-xr-x: Operation not permitted
build	Cache Android SDK	2026-06-06T12:23:00.7758181Z /usr/bin/tar: ../../../../../usr/local/lib/android/sdk/platforms/android-34-ext8/data/res/values-mcc313-mnc100-en-rGB: Cannot utime: Operation not permitted
build	Cache Android SDK	2026-06-06T12:23:00.7758660Z /usr/bin/tar: ../../../../../usr/local/lib/android/sdk/platforms/android-34-ext8/data/res/values-mcc313-mnc100-en-rGB: Cannot change mode to rwxr-xr-x: Operation not permitted
build	Cache Android SDK	2026-06-06T12:23:00.7761379Z /usr/bin/tar: ../../../../../usr/local/lib/android/sdk/platforms/android-34-ext8/data/res/values-mcc310-mnc560-gl: Cannot utime: Operation not permitted
build	Cache Android SDK	2026-06-06T12:23:00.7761852Z /usr/bin/tar: ../../../../../usr/local/lib/android/sdk/platforms/android-34-ext8/data/res/values-mcc310-mnc560-gl: Cannot change mode to rwxr-xr-x: Operation not permitted
build	Cache Android SDK	2026-06-06T12:23:00.7764326Z /usr/bin/tar: ../../../../../usr/local/lib/android/sdk/platforms/android-34-ext8/data/res/values-mcc310-mnc560-lo: Cannot utime: Operation not permitted
build	Cache Android SDK	2026-06-06T12:23:00.7764829Z /usr/bin/tar: ../../../../../usr/local/lib/android/sdk/platforms/android-34-ext8/data/res/values-mcc310-mnc560-lo: Cannot change mode to rwxr-xr-x: Operation not permitted
build	Cache Android SDK	2026-06-06T12:23:00.7767241Z /usr/bin/tar: ../../../../../usr/local/lib/android/sdk/platforms/android-34-ext8/data/res/values-mcc310-mnc160-pl: Cannot utime: Operation not permitted
build	Cache Android SDK	2026-06-06T12:23:00.7767881Z /usr/bin/tar: ../../../../../usr/local/lib/android/sdk/platforms/android-34-ext8/data/res/values-mcc310-mnc160-pl: Cannot change mode to rwxr-xr-x: Operation not permitted
build	Cache Android SDK	2026-06-06T12:23:00.7770693Z /usr/bin/tar: ../../../../../usr/local/lib/android/sdk/platforms/android-34-ext8/data/res/values-mcc310-mnc250-ca: Cannot utime: Operation not permitted
build	Cache Android SDK	2026-06-06T12:23:00.7771164Z /usr/bin/tar: ../../../../../usr/local/lib/android/sdk/platforms/android-34-ext8/data/res/values-mcc310-mnc250-ca: Cannot change mode to rwxr-xr-x: Operation not permitted
build	Cache Android SDK	2026-06-06T12:23:00.7773696Z /usr/bin/tar: ../../../../../usr/local/lib/android/sdk/platforms/android-34-ext8/data/res/values-mcc310-mnc240-pt-rPT: Cannot utime: Operation not permitted
build	Cache Android SDK	2026-06-06T12:23:00.7774181Z /usr/bin/tar: ../../../../../usr/local/lib/android/sdk/platforms/android-34-ext8/data/res/values-mcc310-mnc240-pt-rPT: Cannot change mode to rwxr-xr-x: Operation not permitted
build	Cache Android SDK	2026-06-06T12:23:00.7776598Z /usr/bin/tar: ../../../../../usr/local/lib/android/sdk/platforms/android-34-ext8/data/res/values-mcc310-mnc560-in: Cannot utime: Operation not permitted
build	Cache Android SDK	2026-06-06T12:23:00.7777081Z /usr/bin/tar: ../../../../../usr/local/lib/android/sdk/platforms/android-34-ext8/data/res/values-mcc310-mnc560-in: Cannot change mode to rwxr-xr-x: Operation not permitted
build	Cache Android SDK	2026-06-06T12:23:00.7779823Z /usr/bin/tar: ../../../../../usr/local/lib/android/sdk/platforms/android-34-ext8/data/res/values-mcc425-mnc07: Cannot utime: Operation not permitted
build	Cache Android SDK	2026-06-06T12:23:00.7780372Z /usr/bin/tar: ../../../../../usr/local/lib/android/sdk/platforms/android-34-ext8/data/res/values-mcc425-mnc07: Cannot change mode to rwxr-xr-x: Operation not permitted
build	Cache Android SDK	2026-06-06T12:23:00.7782475Z /usr/bin/tar: ../../../../../usr/local/lib/android/sdk/platforms/android-34-ext8/data/res/values-mcc311-mnc190: Cannot utime: Operation not permitted
build	Cache Android SDK	2026-06-06T12:23:00.7782941Z /usr/bin/tar: ../../../../../usr/local/lib/android/sdk/platforms/android-34-ext8/data/res/values-mcc311-mnc190: Cannot change mode to rwxr-xr-x: Operation not permitted
build	Cache Android SDK	2026-06-06T12:23:00.7785348Z /usr/bin/tar: ../../../../../usr/local/lib/android/sdk/platforms/android-34-ext8/data/res/values-mcc310-mnc030-cs: Cannot utime: Operation not permitted
build	Cache Android SDK	2026-06-06T12:23:00.7785816Z /usr/bin/tar: ../../../../../usr/local/lib/android/sdk/platforms/android-34-ext8/data/res/values-mcc310-mnc030-cs: Cannot change mode to rwxr-xr-x: Operation not permitted
build	Cache Android SDK	2026-06-06T12:23:00.7788111Z /usr/bin/tar: ../../../../../usr/local/lib/android/sdk/platforms/android-34-ext8/data/res/values-mcc310-mnc250-mr: Cannot utime: Operation not permitted
build	Cache Android SDK	2026-06-06T12:23:00.7788662Z /usr/bin/tar: ../../../../../usr/local/lib/android/sdk/platforms/android-34-ext8/data/res/values-mcc310-mnc250-mr: Cannot change mode to rwxr-xr-x: Operation not permitted
build	Cache Android SDK	2026-06-06T12:23:00.7791243Z /usr/bin/tar: ../../../../../usr/local/lib/android/sdk/platforms/android-34-ext8/data/res/values-mcc310-mnc270-pt-rPT: Cannot utime: Operation not permitted
build	Cache Android SDK	2026-06-06T12:23:00.7791809Z /usr/bin/tar: ../../../../../usr/local/lib/android/sdk/platforms/android-34-ext8/data/res/values-mcc310-mnc270-pt-rPT: Cannot change mode to rwxr-xr-x: Operation not permitted
build	Cache Android SDK	2026-06-06T12:23:00.7794001Z /usr/bin/tar: ../../../../../usr/local/lib/android/sdk/platforms/android-34-ext8/data/res/values-fr-television: Cannot utime: Operation not permitted
build	Cache Android SDK	2026-06-06T12:23:00.7794466Z /usr/bin/tar: ../../../../../usr/local/lib/android/sdk/platforms/android-34-ext8/data/res/values-fr-television: Cannot change mode to rwxr-xr-x: Operation not permitted
build	Cache Android SDK	2026-06-06T12:23:00.7797008Z /usr/bin/tar: ../../../../../usr/local/lib/android/sdk/platforms/android-34-ext8/data/res/values-ar-watch: Cannot utime: Operation not permitted
build	Cache Android SDK	2026-06-06T12:23:00.7797613Z /usr/bin/tar: ../../../../../usr/local/lib/android/sdk/platforms/android-34-ext8/data/res/values-ar-watch: Cannot change mode to rwxr-xr-x: Operation not permitted
build	Cache Android SDK	2026-06-06T12:23:00.7799981Z /usr/bin/tar: ../../../../../usr/local/lib/android/sdk/platforms/android-34-ext8/data/res/values-mcc310-mnc030-es-rUS: Cannot utime: Operation not permitted
build	Cache Android SDK	2026-06-06T12:23:00.7800471Z /usr/bin/tar: ../../../../../usr/local/lib/android/sdk/platforms/android-34-ext8/data/res/values-mcc310-mnc030-es-rUS: Cannot change mode to rwxr-xr-x: Operation not permitted
build	Cache Android SDK	2026-06-06T12:23:00.7802664Z /usr/bin/tar: ../../../../../usr/local/lib/android/sdk/platforms/android-34-ext8/data/res/values-mcc310-mnc030-zh-rTW: Cannot utime: Operation not permitted
build	Cache Android SDK	2026-06-06T12:23:00.7803169Z /usr/bin/tar: ../../../../../usr/local/lib/android/sdk/platforms/android-34-ext8/data/res/values-mcc310-mnc030-zh-rTW: Cannot change mode to rwxr-xr-x: Operation not permitted
build	Cache Android SDK	2026-06-06T12:23:00.7806342Z /usr/bin/tar: ../../../../../usr/local/lib/android/sdk/platforms/android-34-ext8/data/res/values-mcc001-mnc01-en-rIN: Cannot utime: Operation not permitted
build	Cache Android SDK	2026-06-06T12:23:00.7806826Z /usr/bin/tar: ../../../../../usr/local/lib/android/sdk/platforms/android-34-ext8/data/res/values-mcc001-mnc01-en-rIN: Cannot change mode to rwxr-xr-x: Operation not permitted
build	Cache Android SDK	2026-06-06T12:23:00.7809462Z /usr/bin/tar: ../../../../../usr/local/lib/android/sdk/platforms/android-34-ext8/data/res/values-mcc310-mnc310-mk: Cannot utime: Operation not permitted
build	Cache Android SDK	2026-06-06T12:23:00.7809923Z /usr/bin/tar: ../../../../../usr/local/lib/android/sdk/platforms/android-34-ext8/data/res/values-mcc310-mnc310-mk: Cannot change mode to rwxr-xr-x: Operation not permitted
build	Cache Android SDK	2026-06-06T12:23:00.7813520Z /usr/bin/tar: ../../../../../usr/local/lib/android/sdk/platforms/android-34-ext8/data/res/values-mcc302-mnc370-hi: Cannot utime: Operation not permitted
build	Cache Android SDK	2026-06-06T12:23:00.7814058Z /usr/bin/tar: ../../../../../usr/local/lib/android/sdk/platforms/android-34-ext8/data/res/values-mcc302-mnc370-hi: Cannot change mode to rwxr-xr-x: Operation not permitted
build	Cache Android SDK	2026-06-06T12:23:00.7816750Z /usr/bin/tar: ../../../../../usr/local/lib/android/sdk/platforms/android-34-ext8/data/res/values-mcc312-mnc670-uz: Cannot utime: Operation not permitted
build	Cache Android SDK	2026-06-06T12:23:00.7817220Z /usr/bin/tar: ../../../../../usr/local/lib/android/sdk/platforms/android-34-ext8/data/res/values-mcc312-mnc670-uz: Cannot change mode to rwxr-xr-x: Operation not permitted
build	Cache Android SDK	2026-06-06T12:23:00.7820127Z /usr/bin/tar: ../../../../../usr/local/lib/android/sdk/platforms/android-34-ext8/data/res/values-mcc311-mnc180-ml: Cannot utime: Operation not permitted
build	Cache Android SDK	2026-06-06T12:23:00.7820610Z /usr/bin/tar: ../../../../../usr/local/lib/android/sdk/platforms/android-34-ext8/data/res/values-mcc311-mnc180-ml: Cannot change mode to rwxr-xr-x: Operation not permitted
build	Cache Android SDK	2026-06-06T12:23:00.7823403Z /usr/bin/tar: ../../../../../usr/local/lib/android/sdk/platforms/android-34-ext8/data/res/values-zh-rCN-watch: Cannot utime: Operation not permitted
build	Cache Android SDK	2026-06-06T12:23:00.7823870Z /usr/bin/tar: ../../../../../usr/local/lib/android/sdk/platforms/android-34-ext8/data/res/values-zh-rCN-watch: Cannot change mode to rwxr-xr-x: Operation not permitted
build	Cache Android SDK	2026-06-06T12:23:00.7826539Z /usr/bin/tar: ../../../../../usr/local/lib/android/sdk/platforms/android-34-ext8/data/res/values-mcc310-mnc170-kk: Cannot utime: Operation not permitted
build	Cache Android SDK	2026-06-06T12:23:00.7827159Z /usr/bin/tar: ../../../../../usr/local/lib/android/sdk/platforms/android-34-ext8/data/res/values-mcc310-mnc170-kk: Cannot change mode to rwxr-xr-x: Operation not permitted
build	Cache Android SDK	2026-06-06T12:23:00.7829688Z /usr/bin/tar: ../../../../../usr/local/lib/android/sdk/platforms/android-34-ext8/data/res/values-mcc310-mnc660-fi: Cannot utime: Operation not permitted
build	Cache Android SDK	2026-06-06T12:23:00.7830178Z /usr/bin/tar: ../../../../../usr/local/lib/android/sdk/platforms/android-34-ext8/data/res/values-mcc310-mnc660-fi: Cannot change mode to rwxr-xr-x: Operation not permitted
build	Cache Android SDK	2026-06-06T12:23:00.7832239Z /usr/bin/tar: ../../../../../usr/local/lib/android/sdk/platforms/android-34-ext8/data/res/values-mcc310-mnc240-mk: Cannot utime: Operation not permitted
build	Cache Android SDK	2026-06-06T12:23:00.7832706Z /usr/bin/tar: ../../../../../usr/local/lib/android/sdk/platforms/android-34-ext8/data/res/values-mcc310-mnc240-mk: Cannot change mode to rwxr-xr-x: Operation not permitted
build	Cache Android SDK	2026-06-06T12:23:00.7835450Z /usr/bin/tar: ../../../../../usr/local/lib/android/sdk/platforms/android-34-ext8/data/res/values-tl-television: Cannot utime: Operation not permitted
build	Cache Android SDK	2026-06-06T12:23:00.7835936Z /usr/bin/tar: ../../../../../usr/local/lib/android/sdk/platforms/android-34-ext8/data/res/values-tl-television: Cannot change mode to rwxr-xr-x: Operation not permitted
build	Cache Android SDK	2026-06-06T12:23:00.7838389Z /usr/bin/tar: ../../../../../usr/local/lib/android/sdk/platforms/android-34-ext8/data/res/values-mcc310-mnc950-uz: Cannot utime: Operation not permitted
build	Cache Android SDK	2026-06-06T12:23:00.7838866Z /usr/bin/tar: ../../../../../usr/local/lib/android/sdk/platforms/android-34-ext8/data/res/values-mcc310-mnc950-uz: Cannot change mode to rwxr-xr-x: Operation not permitted
build	Cache Android SDK	2026-06-06T12:23:00.7841956Z /usr/bin/tar: ../../../../../usr/local/lib/android/sdk/platforms/android-34-ext8/data/res/color-car: Cannot utime: Operation not permitted
build	Cache Android SDK	2026-06-06T12:23:00.7842394Z /usr/bin/tar: ../../../../../usr/local/lib/android/sdk/platforms/android-34-ext8/data/res/color-car: Cannot change mode to rwxr-xr-x: Operation not permitted
build	Cache Android SDK	2026-06-06T12:23:00.7844928Z /usr/bin/tar: ../../../../../usr/local/lib/android/sdk/platforms/android-34-ext8/data/res/values-mcc310-mnc220-ml: Cannot utime: Operation not permitted
build	Cache Android SDK	2026-06-06T12:23:00.7845398Z /usr/bin/tar: ../../../../../usr/local/lib/android/sdk/platforms/android-34-ext8/data/res/values-mcc310-mnc220-ml: Cannot change mode to rwxr-xr-x: Operation not permitted
build	Cache Android SDK	2026-06-06T12:23:00.7847959Z /usr/bin/tar: ../../../../../usr/local/lib/android/sdk/platforms/android-34-ext8/data/res/values-mcc310-mnc160-zh-rCN: Cannot utime: Operation not permitted
build	Cache Android SDK	2026-06-06T12:23:00.7848457Z /usr/bin/tar: ../../../../../usr/local/lib/android/sdk/platforms/android-34-ext8/data/res/values-mcc310-mnc160-zh-rCN: Cannot change mode to rwxr-xr-x: Operation not permitted
build	Cache Android SDK	2026-06-06T12:23:00.7851014Z /usr/bin/tar: ../../../../../usr/local/lib/android/sdk/platforms/android-34-ext8/data/res/values-mcc310-mnc160-sl: Cannot utime: Operation not permitted
build	Cache Android SDK	2026-06-06T12:23:00.7851783Z /usr/bin/tar: ../../../../../usr/local/lib/android/sdk/platforms/android-34-ext8/data/res/values-mcc310-mnc160-sl: Cannot change mode to rwxr-xr-x: Operation not permitted
build	Cache Android SDK	2026-06-06T12:23:00.7854132Z /usr/bin/tar: ../../../../../usr/local/lib/android/sdk/platforms/android-34-ext8/data/res/values-mcc310-mnc410-bn: Cannot utime: Operation not permitted
build	Cache Android SDK	2026-06-06T12:23:00.7854730Z /usr/bin/tar: ../../../../../usr/local/lib/android/sdk/platforms/android-34-ext8/data/res/values-mcc310-mnc410-bn: Cannot change mode to rwxr-xr-x: Operation not permitted
build	Cache Android SDK	2026-06-06T12:23:00.7857660Z /usr/bin/tar: ../../../../../usr/local/lib/android/sdk/platforms/android-34-ext8/data/res/values-mcc310-mnc380-da: Cannot utime: Operation not permitted
build	Cache Android SDK	2026-06-06T12:23:00.7858191Z /usr/bin/tar: ../../../../../usr/local/lib/android/sdk/platforms/android-34-ext8/data/res/values-mcc310-mnc380-da: Cannot change mode to rwxr-xr-x: Operation not permitted
build	Cache Android SDK	2026-06-06T12:23:00.7860378Z /usr/bin/tar: ../../../../../usr/local/lib/android/sdk/platforms/android-34-ext8/data/res/values-mcc310-mnc950-nb: Cannot utime: Operation not permitted
build	Cache Android SDK	2026-06-06T12:23:00.7860848Z /usr/bin/tar: ../../../../../usr/local/lib/android/sdk/platforms/android-34-ext8/data/res/values-mcc310-mnc950-nb: Cannot change mode to rwxr-xr-x: Operation not permitted
build	Cache Android SDK	2026-06-06T12:23:00.7863435Z /usr/bin/tar: ../../../../../usr/local/lib/android/sdk/platforms/android-34-ext8/data/res/values-mcc001-mnc01-hr: Cannot utime: Operation not permitted
build	Cache Android SDK	2026-06-06T12:23:00.7863906Z /usr/bin/tar: ../../../../../usr/local/lib/android/sdk/platforms/android-34-ext8/data/res/values-mcc001-mnc01-hr: Cannot change mode to rwxr-xr-x: Operation not permitted
build	Cache Android SDK	2026-06-06T12:23:00.7870695Z /usr/bin/tar: ../../../../../usr/local/lib/android/sdk/platforms/android-34-ext8/data/res/values-sr: Cannot utime: Operation not permitted
build	Cache Android SDK	2026-06-06T12:23:00.7871128Z /usr/bin/tar: ../../../../../usr/local/lib/android/sdk/platforms/android-34-ext8/data/res/values-sr: Cannot change mode to rwxr-xr-x: Operation not permitted
build	Cache Android SDK	2026-06-06T12:23:00.7873468Z /usr/bin/tar: ../../../../../usr/local/lib/android/sdk/platforms/android-34-ext8/data/res/values-mcc310-mnc660-ca: Cannot utime: Operation not permitted
build	Cache Android SDK	2026-06-06T12:23:00.7873928Z /usr/bin/tar: ../../../../../usr/local/lib/android/sdk/platforms/android-34-ext8/data/res/values-mcc310-mnc660-ca: Cannot change mode to rwxr-xr-x: Operation not permitted
build	Cache Android SDK	2026-06-06T12:23:00.7876613Z /usr/bin/tar: ../../../../../usr/local/lib/android/sdk/platforms/android-34-ext8/data/res/values-mcc310-mnc380-cs: Cannot utime: Operation not permitted
build	Cache Android SDK	2026-06-06T12:23:00.7877124Z /usr/bin/tar: ../../../../../usr/local/lib/android/sdk/platforms/android-34-ext8/data/res/values-mcc310-mnc380-cs: Cannot change mode to rwxr-xr-x: Operation not permitted
build	Cache Android SDK	2026-06-06T12:23:00.7879838Z /usr/bin/tar: ../../../../../usr/local/lib/android/sdk/platforms/android-34-ext8/data/res/values-mcc310-mnc280-gl: Cannot utime: Operation not permitted
build	Cache Android SDK	2026-06-06T12:23:00.7880319Z /usr/bin/tar: ../../../../../usr/local/lib/android/sdk/platforms/android-34-ext8/data/res/values-mcc310-mnc280-gl: Cannot change mode to rwxr-xr-x: Operation not permitted
build	Cache Android SDK	2026-06-06T12:23:00.7882345Z /usr/bin/tar: ../../../../../usr/local/lib/android/sdk/platforms/android-34-ext8/data/res/values-mcc310-mnc280-ml: Cannot utime: Operation not permitted
build	Cache Android SDK	2026-06-06T12:23:00.7882814Z /usr/bin/tar: ../../../../../usr/local/lib/android/sdk/platforms/android-34-ext8/data/res/values-mcc310-mnc280-ml: Cannot change mode to rwxr-xr-x: Operation not permitted
build	Cache Android SDK	2026-06-06T12:23:00.7885322Z /usr/bin/tar: ../../../../../usr/local/lib/android/sdk/platforms/android-34-ext8/data/res/values-mcc310-mnc950-be: Cannot utime: Operation not permitted
build	Cache Android SDK	2026-06-06T12:23:00.7885785Z /usr/bin/tar: ../../../../../usr/local/lib/android/sdk/platforms/android-34-ext8/data/res/values-mcc310-mnc950-be: Cannot change mode to rwxr-xr-x: Operation not permitted
build	Cache Android SDK	2026-06-06T12:23:00.7888673Z /usr/bin/tar: ../../../../../usr/local/lib/android/sdk/platforms/android-34-ext8/data/res/values-mcc334-mnc020-el: Cannot utime: Operation not permitted
build	Cache Android SDK	2026-06-06T12:23:00.7889223Z /usr/bin/tar: ../../../../../usr/local/lib/android/sdk/platforms/android-34-ext8/data/res/values-mcc334-mnc020-el: Cannot change mode to rwxr-xr-x: Operation not permitted
build	Cache Android SDK	2026-06-06T12:23:00.7891829Z /usr/bin/tar: ../../../../../usr/local/lib/android/sdk/platforms/android-34-ext8/data/res/values-mcc313-mnc100-tl: Cannot utime: Operation not permitted
build	Cache Android SDK	2026-06-06T12:23:00.7892388Z /usr/bin/tar: ../../../../../usr/local/lib/android/sdk/platforms/android-34-ext8/data/res/values-mcc313-mnc100-tl: Cannot change mode to rwxr-xr-x: Operation not permitted
build	Cache Android SDK	2026-06-06T12:23:00.7894559Z /usr/bin/tar: ../../../../../usr/local/lib/android/sdk/platforms/android-34-ext8/data/res/values-mcc310-mnc800-mr: Cannot utime: Operation not permitted
build	Cache Android SDK	2026-06-06T12:23:00.7895027Z /usr/bin/tar: ../../../../../usr/local/lib/android/sdk/platforms/android-34-ext8/data/res/values-mcc310-mnc800-mr: Cannot change mode to rwxr-xr-x: Operation not permitted
build	Cache Android SDK	2026-06-06T12:23:00.7897943Z /usr/bin/tar: ../../../../../usr/local/lib/android/sdk/platforms/android-34-ext8/data/res/values-mcc310-mnc150-pa: Cannot utime: Operation not permitted
build	Cache Android SDK	2026-06-06T12:23:00.7898409Z /usr/bin/tar: ../../../../../usr/local/lib/android/sdk/platforms/android-34-ext8/data/res/values-mcc310-mnc150-pa: Cannot change mode to rwxr-xr-x: Operation not permitted
build	Cache Android SDK	2026-06-06T12:23:00.7901251Z /usr/bin/tar: ../../../../../usr/local/lib/android/sdk/platforms/android-34-ext8/data/res/values-hr-rHR: Cannot utime: Operation not permitted
build	Cache Android SDK	2026-06-06T12:23:00.7901692Z /usr/bin/tar: ../../../../../usr/local/lib/android/sdk/platforms/android-34-ext8/data/res/values-hr-rHR: Cannot change mode to rwxr-xr-x: Operation not permitted
build	Cache Android SDK	2026-06-06T12:23:00.7904113Z /usr/bin/tar: ../../../../../usr/local/lib/android/sdk/platforms/android-34-ext8/data/res/values-mcc740: Cannot utime: Operation not permitted
build	Cache Android SDK	2026-06-06T12:23:00.7904561Z /usr/bin/tar: ../../../../../usr/local/lib/android/sdk/platforms/android-34-ext8/data/res/values-mcc740: Cannot change mode to rwxr-xr-x: Operation not permitted
build	Cache Android SDK	2026-06-06T12:23:00.7907540Z /usr/bin/tar: ../../../../../usr/local/lib/android/sdk/platforms/android-34-ext8/data/res/values-mcc310-mnc560-lt: Cannot utime: Operation not permitted
build	Cache Android SDK	2026-06-06T12:23:00.7908016Z /usr/bin/tar: ../../../../../usr/local/lib/android/sdk/platforms/android-34-ext8/data/res/values-mcc310-mnc560-lt: Cannot change mode to rwxr-xr-x: Operation not permitted
build	Cache Android SDK	2026-06-06T12:23:00.7910343Z /usr/bin/tar: ../../../../../usr/local/lib/android/sdk/platforms/android-34-ext8/data/res/values-mcc310-mnc150-ro: Cannot utime: Operation not permitted
build	Cache Android SDK	2026-06-06T12:23:00.7910806Z /usr/bin/tar: ../../../../../usr/local/lib/android/sdk/platforms/android-34-ext8/data/res/values-mcc310-mnc150-ro: Cannot change mode to rwxr-xr-x: Operation not permitted
build	Cache Android SDK	2026-06-06T12:23:00.7913277Z /usr/bin/tar: ../../../../../usr/local/lib/android/sdk/platforms/android-34-ext8/data/res/values-mcc310-mnc170-ta: Cannot utime: Operation not permitted
build	Cache Android SDK	2026-06-06T12:23:00.7913818Z /usr/bin/tar: ../../../../../usr/local/lib/android/sdk/platforms/android-34-ext8/data/res/values-mcc310-mnc170-ta: Cannot change mode to rwxr-xr-x: Operation not permitted
build	Cache Android SDK	2026-06-06T12:23:00.7916409Z /usr/bin/tar: ../../../../../usr/local/lib/android/sdk/platforms/android-34-ext8/data/res/values-mcc310-mnc950-fa: Cannot utime: Operation not permitted
build	Cache Android SDK	2026-06-06T12:23:00.7916964Z /usr/bin/tar: ../../../../../usr/local/lib/android/sdk/platforms/android-34-ext8/data/res/values-mcc310-mnc950-fa: Cannot change mode to rwxr-xr-x: Operation not permitted
build	Cache Android SDK	2026-06-06T12:23:00.7919817Z /usr/bin/tar: ../../../../../usr/local/lib/android/sdk/platforms/android-34-ext8/data/res/values-mcc310-mnc210-uk: Cannot utime: Operation not permitted
build	Cache Android SDK	2026-06-06T12:23:00.7920276Z /usr/bin/tar: ../../../../../usr/local/lib/android/sdk/platforms/android-34-ext8/data/res/values-mcc310-mnc210-uk: Cannot change mode to rwxr-xr-x: Operation not permitted
build	Cache Android SDK	2026-06-06T12:23:00.7922671Z /usr/bin/tar: ../../../../../usr/local/lib/android/sdk/platforms/android-34-ext8/data/res/values-mcc310-mnc410-as: Cannot utime: Operation not permitted
build	Cache Android SDK	2026-06-06T12:23:00.7923207Z /usr/bin/tar: ../../../../../usr/local/lib/android/sdk/platforms/android-34-ext8/data/res/values-mcc310-mnc410-as: Cannot change mode to rwxr-xr-x: Operation not permitted
build	Cache Android SDK	2026-06-06T12:23:00.7925707Z /usr/bin/tar: ../../../../../usr/local/lib/android/sdk/platforms/android-34-ext8/data/res/values-mcc310-mnc160-ja: Cannot utime: Operation not permitted
build	Cache Android SDK	2026-06-06T12:23:00.7926342Z /usr/bin/tar: ../../../../../usr/local/lib/android/sdk/platforms/android-34-ext8/data/res/values-mcc310-mnc160-ja: Cannot change mode to rwxr-xr-x: Operation not permitted
build	Cache Android SDK	2026-06-06T12:23:00.7928852Z /usr/bin/tar: ../../../../../usr/local/lib/android/sdk/platforms/android-34-ext8/data/res/values-mcc001-mnc01-si: Cannot utime: Operation not permitted
build	Cache Android SDK	2026-06-06T12:23:00.7929394Z /usr/bin/tar: ../../../../../usr/local/lib/android/sdk/platforms/android-34-ext8/data/res/values-mcc001-mnc01-si: Cannot change mode to rwxr-xr-x: Operation not permitted
build	Cache Android SDK	2026-06-06T12:23:00.7931856Z /usr/bin/tar: ../../../../../usr/local/lib/android/sdk/platforms/android-34-ext8/data/res/values-mcc001-mnc01-kn: Cannot utime: Operation not permitted
build	Cache Android SDK	2026-06-06T12:23:00.7932445Z /usr/bin/tar: ../../../../../usr/local/lib/android/sdk/platforms/android-34-ext8/data/res/values-mcc001-mnc01-kn: Cannot change mode to rwxr-xr-x: Operation not permitted
build	Cache Android SDK	2026-06-06T12:23:00.7934991Z /usr/bin/tar: ../../../../../usr/local/lib/android/sdk/platforms/android-34-ext8/data/res/values-mcc311-mnc180-ta: Cannot utime: Operation not permitted
build	Cache Android SDK	2026-06-06T12:23:00.7935566Z /usr/bin/tar: ../../../../../usr/local/lib/android/sdk/platforms/android-34-ext8/data/res/values-mcc311-mnc180-ta: Cannot change mode to rwxr-xr-x: Operation not permitted
build	Cache Android SDK	2026-06-06T12:23:00.7937766Z /usr/bin/tar: ../../../../../usr/local/lib/android/sdk/platforms/android-34-ext8/data/res/values-fr-rCA-television: Cannot utime: Operation not permitted
build	Cache Android SDK	2026-06-06T12:23:00.7938257Z /usr/bin/tar: ../../../../../usr/local/lib/android/sdk/platforms/android-34-ext8/data/res/values-fr-rCA-television: Cannot change mode to rwxr-xr-x: Operation not permitted
build	Cache Android SDK	2026-06-06T12:23:00.7940897Z /usr/bin/tar: ../../../../../usr/local/lib/android/sdk/platforms/android-34-ext8/data/res/values-mcc311-mnc180: Cannot utime: Operation not permitted
build	Cache Android SDK	2026-06-06T12:23:00.7941361Z /usr/bin/tar: ../../../../../usr/local/lib/android/sdk/platforms/android-34-ext8/data/res/values-mcc311-mnc180: Cannot change mode to rwxr-xr-x: Operation not permitted
build	Cache Android SDK	2026-06-06T12:23:00.7943567Z /usr/bin/tar: ../../../../../usr/local/lib/android/sdk/platforms/android-34-ext8/data/res/values-mcc310-mnc200-lv: Cannot utime: Operation not permitted
build	Cache Android SDK	2026-06-06T12:23:00.7944034Z /usr/bin/tar: ../../../../../usr/local/lib/android/sdk/platforms/android-34-ext8/data/res/values-mcc310-mnc200-lv: Cannot change mode to rwxr-xr-x: Operation not permitted
build	Cache Android SDK	2026-06-06T12:23:00.7947158Z /usr/bin/tar: ../../../../../usr/local/lib/android/sdk/platforms/android-34-ext8/data/res/values-mcc310-mnc310-ta: Cannot utime: Operation not permitted
build	Cache Android SDK	2026-06-06T12:23:00.7947871Z /usr/bin/tar: ../../../../../usr/local/lib/android/sdk/platforms/android-34-ext8/data/res/values-mcc310-mnc310-ta: Cannot change mode to rwxr-xr-x: Operation not permitted
build	Cache Android SDK	2026-06-06T12:23:00.7950405Z /usr/bin/tar: ../../../../../usr/local/lib/android/sdk/platforms/android-34-ext8/data/res/values-mcc310-mnc270-it: Cannot utime: Operation not permitted
build	Cache Android SDK	2026-06-06T12:23:00.7951077Z /usr/bin/tar: ../../../../../usr/local/lib/android/sdk/platforms/android-34-ext8/data/res/values-mcc310-mnc270-it: Cannot change mode to rwxr-xr-x: Operation not permitted
build	Cache Android SDK	2026-06-06T12:23:00.7952873Z /usr/bin/tar: ../../../../../usr/local/lib/android/sdk/platforms/android-34-ext8/data/res/values-mcc311-mnc180-hi: Cannot utime: Operation not permitted
build	Cache Android SDK	2026-06-06T12:23:00.7953340Z /usr/bin/tar: ../../../../../usr/local/lib/android/sdk/platforms/android-34-ext8/data/res/values-mcc311-mnc180-hi: Cannot change mode to rwxr-xr-x: Operation not permitted
build	Cache Android SDK	2026-06-06T12:23:00.7956045Z /usr/bin/tar: ../../../../../usr/local/lib/android/sdk/platforms/android-34-ext8/data/res/values-mcc310-mnc280-b+sr+Latn: Cannot utime: Operation not permitted
build	Cache Android SDK	2026-06-06T12:23:00.7956548Z /usr/bin/tar: ../../../../../usr/local/lib/android/sdk/platforms/android-34-ext8/data/res/values-mcc310-mnc280-b+sr+Latn: Cannot change mode to rwxr-xr-x: Operation not permitted
build	Cache Android SDK	2026-06-06T12:23:00.7959199Z /usr/bin/tar: ../../../../../usr/local/lib/android/sdk/platforms/android-34-ext8/data/res/values-en-rXC-television: Cannot utime: Operation not permitted
build	Cache Android SDK	2026-06-06T12:23:00.7959683Z /usr/bin/tar: ../../../../../usr/local/lib/android/sdk/platforms/android-34-ext8/data/res/values-en-rXC-television: Cannot change mode to rwxr-xr-x: Operation not permitted
build	Cache Android SDK	2026-06-06T12:23:00.7962037Z /usr/bin/tar: ../../../../../usr/local/lib/android/sdk/platforms/android-34-ext8/data/res/values-mcc310-mnc170-kn: Cannot utime: Operation not permitted
build	Cache Android SDK	2026-06-06T12:23:00.7962593Z /usr/bin/tar: ../../../../../usr/local/lib/android/sdk/platforms/android-34-ext8/data/res/values-mcc310-mnc170-kn: Cannot change mode to rwxr-xr-x: Operation not permitted
build	Cache Android SDK	2026-06-06T12:23:00.7965438Z /usr/bin/tar: ../../../../../usr/local/lib/android/sdk/platforms/android-34-ext8/data/res/values-mcc001-mnc01-ur: Cannot utime: Operation not permitted
build	Cache Android SDK	2026-06-06T12:23:00.7965933Z /usr/bin/tar: ../../../../../usr/local/lib/android/sdk/platforms/android-34-ext8/data/res/values-mcc001-mnc01-ur: Cannot change mode to rwxr-xr-x: Operation not permitted
build	Cache Android SDK	2026-06-06T12:23:00.7969499Z /usr/bin/tar: ../../../../../usr/local/lib/android/sdk/platforms/android-34-ext8/data/res/values-mcc310-mnc560-zu: Cannot utime: Operation not permitted
build	Cache Android SDK	2026-06-06T12:23:00.7969967Z /usr/bin/tar: ../../../../../usr/local/lib/android/sdk/platforms/android-34-ext8/data/res/values-mcc310-mnc560-zu: Cannot change mode to rwxr-xr-x: Operation not permitted
build	Cache Android SDK	2026-06-06T12:23:00.7972431Z /usr/bin/tar: ../../../../../usr/local/lib/android/sdk/platforms/android-34-ext8/data/res/values-mcc310-mnc200-uk: Cannot utime: Operation not permitted
build	Cache Android SDK	2026-06-06T12:23:00.7972902Z /usr/bin/tar: ../../../../../usr/local/lib/android/sdk/platforms/android-34-ext8/data/res/values-mcc310-mnc200-uk: Cannot change mode to rwxr-xr-x: Operation not permitted
build	Cache Android SDK	2026-06-06T12:23:00.8190492Z /usr/bin/tar: ../../../../../usr/local/lib/android/sdk/platforms/android-34-ext8/data/res/drawable-ldpi: Cannot utime: Operation not permitted
build	Cache Android SDK	2026-06-06T12:23:00.8191449Z /usr/bin/tar: ../../../../../usr/local/lib/android/sdk/platforms/android-34-ext8/data/res/drawable-ldpi: Cannot change mode to rwxr-xr-x: Operation not permitted
build	Cache Android SDK	2026-06-06T12:23:00.8192686Z /usr/bin/tar: ../../../../../usr/local/lib/android/sdk/platforms/android-34-ext8/data/res/values-mcc310-mnc220-ka: Cannot utime: Operation not permitted
build	Cache Android SDK	2026-06-06T12:23:00.8193165Z /usr/bin/tar: ../../../../../usr/local/lib/android/sdk/platforms/android-34-ext8/data/res/values-mcc310-mnc220-ka: Cannot change mode to rwxr-xr-x: Operation not permitted
build	Cache Android SDK	2026-06-06T12:23:00.8196252Z /usr/bin/tar: ../../../../../usr/local/lib/android/sdk/platforms/android-34-ext8/data/res/values-mcc310-mnc170-ml: Cannot utime: Operation not permitted
build	Cache Android SDK	2026-06-06T12:23:00.8196735Z /usr/bin/tar: ../../../../../usr/local/lib/android/sdk/platforms/android-34-ext8/data/res/values-mcc310-mnc170-ml: Cannot change mode to rwxr-xr-x: Operation not permitted
build	Cache Android SDK	2026-06-06T12:23:00.8199255Z /usr/bin/tar: ../../../../../usr/local/lib/android/sdk/platforms/android-34-ext8/data/res/values-mcc310-mnc380-ar: Cannot utime: Operation not permitted
build	Cache Android SDK	2026-06-06T12:23:00.8199726Z /usr/bin/tar: ../../../../../usr/local/lib/android/sdk/platforms/android-34-ext8/data/res/values-mcc310-mnc380-ar: Cannot change mode to rwxr-xr-x: Operation not permitted
build	Cache Android SDK	2026-06-06T12:23:00.8202370Z /usr/bin/tar: ../../../../../usr/local/lib/android/sdk/platforms/android-34-ext8/data/res/values-mcc310-mnc160-af: Cannot utime: Operation not permitted
build	Cache Android SDK	2026-06-06T12:23:00.8202940Z /usr/bin/tar: ../../../../../usr/local/lib/android/sdk/platforms/android-34-ext8/data/res/values-mcc310-mnc160-af: Cannot change mode to rwxr-xr-x: Operation not permitted
build	Cache Android SDK	2026-06-06T12:23:00.8205109Z /usr/bin/tar: ../../../../../usr/local/lib/android/sdk/platforms/android-34-ext8/data/res/values-mcc310-mnc660-bs: Cannot utime: Operation not permitted
build	Cache Android SDK	2026-06-06T12:23:00.8205583Z /usr/bin/tar: ../../../../../usr/local/lib/android/sdk/platforms/android-34-ext8/data/res/values-mcc310-mnc660-bs: Cannot change mode to rwxr-xr-x: Operation not permitted
build	Cache Android SDK	2026-06-06T12:23:00.8208893Z /usr/bin/tar: ../../../../../usr/local/lib/android/sdk/platforms/android-34-ext8/data/res/values-sv-television: Cannot utime: Operation not permitted
build	Cache Android SDK	2026-06-06T12:23:00.8209390Z /usr/bin/tar: ../../../../../usr/local/lib/android/sdk/platforms/android-34-ext8/data/res/values-sv-television: Cannot change mode to rwxr-xr-x: Operation not permitted
build	Cache Android SDK	2026-06-06T12:23:00.8212283Z /usr/bin/tar: ../../../../../usr/local/lib/android/sdk/platforms/android-34-ext8/data/res/values-mcc310-mnc150-nl: Cannot utime: Operation not permitted
build	Cache Android SDK	2026-06-06T12:23:00.8212778Z /usr/bin/tar: ../../../../../usr/local/lib/android/sdk/platforms/android-34-ext8/data/res/values-mcc310-mnc150-nl: Cannot change mode to rwxr-xr-x: Operation not permitted
build	Cache Android SDK	2026-06-06T12:23:00.8215260Z /usr/bin/tar: ../../../../../usr/local/lib/android/sdk/platforms/android-34-ext8/data/res/values-mcc310-mnc270-en-rGB: Cannot utime: Operation not permitted
build	Cache Android SDK	2026-06-06T12:23:00.8215768Z /usr/bin/tar: ../../../../../usr/local/lib/android/sdk/platforms/android-34-ext8/data/res/values-mcc310-mnc270-en-rGB: Cannot change mode to rwxr-xr-x: Operation not permitted
build	Cache Android SDK	2026-06-06T12:23:00.8218499Z /usr/bin/tar: ../../../../../usr/local/lib/android/sdk/platforms/android-34-ext8/data/res/values-mcc316: Cannot utime: Operation not permitted
build	Cache Android SDK	2026-06-06T12:23:00.8218953Z /usr/bin/tar: ../../../../../usr/local/lib/android/sdk/platforms/android-34-ext8/data/res/values-mcc316: Cannot change mode to rwxr-xr-x: Operation not permitted
build	Cache Android SDK	2026-06-06T12:23:00.8221302Z /usr/bin/tar: ../../../../../usr/local/lib/android/sdk/platforms/android-34-ext8/data/res/values-mcc001-mnc01-fa: Cannot utime: Operation not permitted
build	Cache Android SDK	2026-06-06T12:23:00.8221780Z /usr/bin/tar: ../../../../../usr/local/lib/android/sdk/platforms/android-34-ext8/data/res/values-mcc001-mnc01-fa: Cannot change mode to rwxr-xr-x: Operation not permitted
build	Cache Android SDK	2026-06-06T12:23:00.8224294Z /usr/bin/tar: ../../../../../usr/local/lib/android/sdk/platforms/android-34-ext8/data/res/values-mcc310-mnc220-eu: Cannot utime: Operation not permitted
build	Cache Android SDK	2026-06-06T12:23:00.8224771Z /usr/bin/tar: ../../../../../usr/local/lib/android/sdk/platforms/android-34-ext8/data/res/values-mcc310-mnc220-eu: Cannot change mode to rwxr-xr-x: Operation not permitted
build	Cache Android SDK	2026-06-06T12:23:00.8227292Z /usr/bin/tar: ../../../../../usr/local/lib/android/sdk/platforms/android-34-ext8/data/res/values-mcc310-mnc240: Cannot utime: Operation not permitted
build	Cache Android SDK	2026-06-06T12:23:00.8227961Z /usr/bin/tar: ../../../../../usr/local/lib/android/sdk/platforms/android-34-ext8/data/res/values-mcc310-mnc240: Cannot change mode to rwxr-xr-x: Operation not permitted
build	Cache Android SDK	2026-06-06T12:23:00.8230686Z /usr/bin/tar: ../../../../../usr/local/lib/android/sdk/platforms/android-34-ext8/data/res/values-mcc313-mnc100-sw: Cannot utime: Operation not permitted
build	Cache Android SDK	2026-06-06T12:23:00.8231165Z /usr/bin/tar: ../../../../../usr/local/lib/android/sdk/platforms/android-34-ext8/data/res/values-mcc313-mnc100-sw: Cannot change mode to rwxr-xr-x: Operation not permitted
build	Cache Android SDK	2026-06-06T12:23:00.8234025Z /usr/bin/tar: ../../../../../usr/local/lib/android/sdk/platforms/android-34-ext8/data/res/values-mcc310-mnc230-ro: Cannot utime: Operation not permitted
build	Cache Android SDK	2026-06-06T12:23:00.8234505Z /usr/bin/tar: ../../../../../usr/local/lib/android/sdk/platforms/android-34-ext8/data/res/values-mcc310-mnc230-ro: Cannot change mode to rwxr-xr-x: Operation not permitted
build	Cache Android SDK	2026-06-06T12:23:00.8236692Z /usr/bin/tar: ../../../../../usr/local/lib/android/sdk/platforms/android-34-ext8/data/res/values-mcc310-mnc660-zh-rCN: Cannot utime: Operation not permitted
build	Cache Android SDK	2026-06-06T12:23:00.8237272Z /usr/bin/tar: ../../../../../usr/local/lib/android/sdk/platforms/android-34-ext8/data/res/values-mcc310-mnc660-zh-rCN: Cannot change mode to rwxr-xr-x: Operation not permitted
build	Cache Android SDK	2026-06-06T12:23:00.8241005Z /usr/bin/tar: ../../../../../usr/local/lib/android/sdk/platforms/android-34-ext8/data/res/values-mcc310-mnc310-lv: Cannot utime: Operation not permitted
build	Cache Android SDK	2026-06-06T12:23:00.8241572Z /usr/bin/tar: ../../../../../usr/local/lib/android/sdk/platforms/android-34-ext8/data/res/values-mcc310-mnc310-lv: Cannot change mode to rwxr-xr-x: Operation not permitted
build	Cache Android SDK	2026-06-06T12:23:00.8244620Z /usr/bin/tar: ../../../../../usr/local/lib/android/sdk/platforms/android-34-ext8/data/res/values-mcc310-mnc950-km: Cannot utime: Operation not permitted
build	Cache Android SDK	2026-06-06T12:23:00.8245099Z /usr/bin/tar: ../../../../../usr/local/lib/android/sdk/platforms/android-34-ext8/data/res/values-mcc310-mnc950-km: Cannot change mode to rwxr-xr-x: Operation not permitted
build	Cache Android SDK	2026-06-06T12:23:00.8248265Z /usr/bin/tar: ../../../../../usr/local/lib/android/sdk/platforms/android-34-ext8/data/res/values-mcc310-mnc560-ar: Cannot utime: Operation not permitted
build	Cache Android SDK	2026-06-06T12:23:00.8248739Z /usr/bin/tar: ../../../../../usr/local/lib/android/sdk/platforms/android-34-ext8/data/res/values-mcc310-mnc560-ar: Cannot change mode to rwxr-xr-x: Operation not permitted
build	Cache Android SDK	2026-06-06T12:23:00.8251388Z /usr/bin/tar: ../../../../../usr/local/lib/android/sdk/platforms/android-34-ext8/data/res/values-mcc310-mnc230-mr: Cannot utime: Operation not permitted
build	Cache Android SDK	2026-06-06T12:23:00.8251856Z /usr/bin/tar: ../../../../../usr/local/lib/android/sdk/platforms/android-34-ext8/data/res/values-mcc310-mnc230-mr: Cannot change mode to rwxr-xr-x: Operation not permitted
build	Cache Android SDK	2026-06-06T12:23:00.8254268Z /usr/bin/tar: ../../../../../usr/local/lib/android/sdk/platforms/android-34-ext8/data/res/values-mcc310-mnc230-mk: Cannot utime: Operation not permitted
build	Cache Android SDK	2026-06-06T12:23:00.8254744Z /usr/bin/tar: ../../../../../usr/local/lib/android/sdk/platforms/android-34-ext8/data/res/values-mcc310-mnc230-mk: Cannot change mode to rwxr-xr-x: Operation not permitted
build	Cache Android SDK	2026-06-06T12:23:00.8256874Z /usr/bin/tar: ../../../../../usr/local/lib/android/sdk/platforms/android-34-ext8/data/res/values-mcc311-mnc180-ca: Cannot utime: Operation not permitted
build	Cache Android SDK	2026-06-06T12:23:00.8257343Z /usr/bin/tar: ../../../../../usr/local/lib/android/sdk/platforms/android-34-ext8/data/res/values-mcc311-mnc180-ca: Cannot change mode to rwxr-xr-x: Operation not permitted
build	Cache Android SDK	2026-06-06T12:23:00.8272883Z /usr/bin/tar: ../../../../../usr/local/lib/android/sdk/platforms/android-34-ext8/data/res/drawable-nodpi: Cannot utime: Operation not permitted
build	Cache Android SDK	2026-06-06T12:23:00.8273389Z /usr/bin/tar: ../../../../../usr/local/lib/android/sdk/platforms/android-34-ext8/data/res/drawable-nodpi: Cannot change mode to rwxr-xr-x: Operation not permitted
build	Cache Android SDK	2026-06-06T12:23:00.8276139Z /usr/bin/tar: ../../../../../usr/local/lib/android/sdk/platforms/android-34-ext8/data/res/values-w208dp: Cannot utime: Operation not permitted
build	Cache Android SDK	2026-06-06T12:23:00.8276584Z /usr/bin/tar: ../../../../../usr/local/lib/android/sdk/platforms/android-34-ext8/data/res/values-w208dp: Cannot change mode to rwxr-xr-x: Operation not permitted
build	Cache Android SDK	2026-06-06T12:23:00.8279385Z /usr/bin/tar: ../../../../../usr/local/lib/android/sdk/platforms/android-34-ext8/data/res/values-mcc310-mnc030-lo: Cannot utime: Operation not permitted
build	Cache Android SDK	2026-06-06T12:23:00.8280015Z /usr/bin/tar: ../../../../../usr/local/lib/android/sdk/platforms/android-34-ext8/data/res/values-mcc310-mnc030-lo: Cannot change mode to rwxr-xr-x: Operation not permitted
build	Cache Android SDK	2026-06-06T12:23:00.8282201Z /usr/bin/tar: ../../../../../usr/local/lib/android/sdk/platforms/android-34-ext8/data/res/values-mcc310-mnc240-sv: Cannot utime: Operation not permitted
build	Cache Android SDK	2026-06-06T12:23:00.8282667Z /usr/bin/tar: ../../../../../usr/local/lib/android/sdk/platforms/android-34-ext8/data/res/values-mcc310-mnc240-sv: Cannot change mode to rwxr-xr-x: Operation not permitted
build	Cache Android SDK	2026-06-06T12:23:00.8286318Z /usr/bin/tar: ../../../../../usr/local/lib/android/sdk/platforms/android-34-ext8/data/res/values-mcc310-mnc240-am: Cannot utime: Operation not permitted
build	Cache Android SDK	2026-06-06T12:23:00.8286773Z /usr/bin/tar: ../../../../../usr/local/lib/android/sdk/platforms/android-34-ext8/data/res/values-mcc310-mnc240-am: Cannot change mode to rwxr-xr-x: Operation not permitted
build	Cache Android SDK	2026-06-06T12:23:00.8290175Z /usr/bin/tar: ../../../../../usr/local/lib/android/sdk/platforms/android-34-ext8/data/res/values-mcc234-mnc20: Cannot utime: Operation not permitted
build	Cache Android SDK	2026-06-06T12:23:00.8290720Z /usr/bin/tar: ../../../../../usr/local/lib/android/sdk/platforms/android-34-ext8/data/res/values-mcc234-mnc20: Cannot change mode to rwxr-xr-x: Operation not permitted
build	Cache Android SDK	2026-06-06T12:23:00.8294019Z /usr/bin/tar: ../../../../../usr/local/lib/android/sdk/platforms/android-34-ext8/data/res/values-mcc310-mnc380-ta: Cannot utime: Operation not permitted
build	Cache Android SDK	2026-06-06T12:23:00.8294555Z /usr/bin/tar: ../../../../../usr/local/lib/android/sdk/platforms/android-34-ext8/data/res/values-mcc310-mnc380-ta: Cannot change mode to rwxr-xr-x: Operation not permitted
build	Cache Android SDK	2026-06-06T12:23:00.8299009Z /usr/bin/tar: ../../../../../usr/local/lib/android/sdk/platforms/android-34-ext8/data/res/values-mcc310-mnc170-sq: Cannot utime: Operation not permitted
build	Cache Android SDK	2026-06-06T12:23:00.8299546Z /usr/bin/tar: ../../../../../usr/local/lib/android/sdk/platforms/android-34-ext8/data/res/values-mcc310-mnc170-sq: Cannot change mode to rwxr-xr-x: Operation not permitted
build	Cache Android SDK	2026-06-06T12:23:00.8301118Z /usr/bin/tar: ../../../../../usr/local/lib/android/sdk/platforms/android-34-ext8/data/res/values-mcc425: Cannot utime: Operation not permitted
build	Cache Android SDK	2026-06-06T12:23:00.8301561Z /usr/bin/tar: ../../../../../usr/local/lib/android/sdk/platforms/android-34-ext8/data/res/values-mcc425: Cannot change mode to rwxr-xr-x: Operation not permitted
build	Cache Android SDK	2026-06-06T12:23:00.8304373Z /usr/bin/tar: ../../../../../usr/local/lib/android/sdk/platforms/android-34-ext8/data/res/values-mcc310-mnc270-et: Cannot utime: Operation not permitted
build	Cache Android SDK	2026-06-06T12:23:00.8304981Z /usr/bin/tar: ../../../../../usr/local/lib/android/sdk/platforms/android-34-ext8/data/res/values-mcc310-mnc270-et: Cannot change mode to rwxr-xr-x: Operation not permitted
build	Cache Android SDK	2026-06-06T12:23:00.8308459Z /usr/bin/tar: ../../../../../usr/local/lib/android/sdk/platforms/android-34-ext8/data/res/values-mcc302-mnc720-as: Cannot utime: Operation not permitted
build	Cache Android SDK	2026-06-06T12:23:00.8308920Z /usr/bin/tar: ../../../../../usr/local/lib/android/sdk/platforms/android-34-ext8/data/res/values-mcc302-mnc720-as: Cannot change mode to rwxr-xr-x: Operation not permitted
build	Cache Android SDK	2026-06-06T12:23:00.8311974Z /usr/bin/tar: ../../../../../usr/local/lib/android/sdk/platforms/android-34-ext8/data/res/values-mcc310-mnc490-te: Cannot utime: Operation not permitted
build	Cache Android SDK	2026-06-06T12:23:00.8312445Z /usr/bin/tar: ../../../../../usr/local/lib/android/sdk/platforms/android-34-ext8/data/res/values-mcc310-mnc490-te: Cannot change mode to rwxr-xr-x: Operation not permitted
build	Cache Android SDK	2026-06-06T12:23:00.8315612Z /usr/bin/tar: ../../../../../usr/local/lib/android/sdk/platforms/android-34-ext8/data/res/values-mcc310-mnc160-th: Cannot utime: Operation not permitted
build	Cache Android SDK	2026-06-06T12:23:00.8316164Z /usr/bin/tar: ../../../../../usr/local/lib/android/sdk/platforms/android-34-ext8/data/res/values-mcc310-mnc160-th: Cannot change mode to rwxr-xr-x: Operation not permitted
build	Cache Android SDK	2026-06-06T12:23:00.8318895Z /usr/bin/tar: ../../../../../usr/local/lib/android/sdk/platforms/android-34-ext8/data/res/values-mcc310-mnc200-sr: Cannot utime: Operation not permitted
build	Cache Android SDK	2026-06-06T12:23:00.8319476Z /usr/bin/tar: ../../../../../usr/local/lib/android/sdk/platforms/android-34-ext8/data/res/values-mcc310-mnc200-sr: Cannot change mode to rwxr-xr-x: Operation not permitted
build	Cache Android SDK	2026-06-06T12:23:00.8325699Z /usr/bin/tar: ../../../../../usr/local/lib/android/sdk/platforms/android-34-ext8/data/res/values-da: Cannot utime: Operation not permitted
build	Cache Android SDK	2026-06-06T12:23:00.8326118Z /usr/bin/tar: ../../../../../usr/local/lib/android/sdk/platforms/android-34-ext8/data/res/values-da: Cannot change mode to rwxr-xr-x: Operation not permitted
build	Cache Android SDK	2026-06-06T12:23:00.8328692Z /usr/bin/tar: ../../../../../usr/local/lib/android/sdk/platforms/android-34-ext8/data/res/values-mcc310-mnc170-et: Cannot utime: Operation not permitted
build	Cache Android SDK	2026-06-06T12:23:00.8329151Z /usr/bin/tar: ../../../../../usr/local/lib/android/sdk/platforms/android-34-ext8/data/res/values-mcc310-mnc170-et: Cannot change mode to rwxr-xr-x: Operation not permitted
build	Cache Android SDK	2026-06-06T12:23:00.8331604Z /usr/bin/tar: ../../../../../usr/local/lib/android/sdk/platforms/android-34-ext8/data/res/values-mcc310-mnc160-en-rIN: Cannot utime: Operation not permitted
build	Cache Android SDK	2026-06-06T12:23:00.8332089Z /usr/bin/tar: ../../../../../usr/local/lib/android/sdk/platforms/android-34-ext8/data/res/values-mcc310-mnc160-en-rIN: Cannot change mode to rwxr-xr-x: Operation not permitted
build	Cache Android SDK	2026-06-06T12:23:00.8334582Z /usr/bin/tar: ../../../../../usr/local/lib/android/sdk/platforms/android-34-ext8/data/res/values-mcc302-mnc370-da: Cannot utime: Operation not permitted
build	Cache Android SDK	2026-06-06T12:23:00.8335115Z /usr/bin/tar: ../../../../../usr/local/lib/android/sdk/platforms/android-34-ext8/data/res/values-mcc302-mnc370-da: Cannot change mode to rwxr-xr-x: Operation not permitted
build	Cache Android SDK	2026-06-06T12:23:00.8337893Z /usr/bin/tar: ../../../../../usr/local/lib/android/sdk/platforms/android-34-ext8/data/res/values-mcc310-mnc490-sv: Cannot utime: Operation not permitted
build	Cache Android SDK	2026-06-06T12:23:00.8338354Z /usr/bin/tar: ../../../../../usr/local/lib/android/sdk/platforms/android-34-ext8/data/res/values-mcc310-mnc490-sv: Cannot change mode to rwxr-xr-x: Operation not permitted
build	Cache Android SDK	2026-06-06T12:23:00.8343756Z /usr/bin/tar: ../../../../../usr/local/lib/android/sdk/platforms/android-34-ext8/data/res/values-ru-television: Cannot utime: Operation not permitted
build	Cache Android SDK	2026-06-06T12:23:00.8344216Z /usr/bin/tar: ../../../../../usr/local/lib/android/sdk/platforms/android-34-ext8/data/res/values-ru-television: Cannot change mode to rwxr-xr-x: Operation not permitted
build	Cache Android SDK	2026-06-06T12:23:00.8347784Z /usr/bin/tar: ../../../../../usr/local/lib/android/sdk/platforms/android-34-ext8/data/res/values-mcc310-mnc380-it: Cannot utime: Operation not permitted
build	Cache Android SDK	2026-06-06T12:23:00.8348483Z /usr/bin/tar: ../../../../../usr/local/lib/android/sdk/platforms/android-34-ext8/data/res/values-mcc310-mnc380-it: Cannot change mode to rwxr-xr-x: Operation not permitted
build	Cache Android SDK	2026-06-06T12:23:00.8351454Z /usr/bin/tar: ../../../../../usr/local/lib/android/sdk/platforms/android-34-ext8/data/res/values-mcc001-mnc01-sw: Cannot utime: Operation not permitted
build	Cache Android SDK	2026-06-06T12:23:00.8352062Z /usr/bin/tar: ../../../../../usr/local/lib/android/sdk/platforms/android-34-ext8/data/res/values-mcc001-mnc01-sw: Cannot change mode to rwxr-xr-x: Operation not permitted
build	Cache Android SDK	2026-06-06T12:23:00.8353746Z /usr/bin/tar: ../../../../../usr/local/lib/android/sdk/platforms/android-34-ext8/data/res/values-kn-watch: Cannot utime: Operation not permitted
build	Cache Android SDK	2026-06-06T12:23:00.8354340Z /usr/bin/tar: ../../../../../usr/local/lib/android/sdk/platforms/android-34-ext8/data/res/values-kn-watch: Cannot change mode to rwxr-xr-x: Operation not permitted
build	Cache Android SDK	2026-06-06T12:23:00.8357591Z /usr/bin/tar: ../../../../../usr/local/lib/android/sdk/platforms/android-34-ext8/data/res/values-mcc310-mnc660-am: Cannot utime: Operation not permitted
build	Cache Android SDK	2026-06-06T12:23:00.8358082Z /usr/bin/tar: ../../../../../usr/local/lib/android/sdk/platforms/android-34-ext8/data/res/values-mcc310-mnc660-am: Cannot change mode to rwxr-xr-x: Operation not permitted
build	Cache Android SDK	2026-06-06T12:23:00.8360798Z /usr/bin/tar: ../../../../../usr/local/lib/android/sdk/platforms/android-34-ext8/data/res/values-mcc310-mnc240-b+sr+Latn: Cannot utime: Operation not permitted
build	Cache Android SDK	2026-06-06T12:23:00.8361719Z /usr/bin/tar: ../../../../../usr/local/lib/android/sdk/platforms/android-34-ext8/data/res/values-mcc310-mnc240-b+sr+Latn: Cannot change mode to rwxr-xr-x: Operation not permitted
build	Cache Android SDK	2026-06-06T12:23:00.8364431Z /usr/bin/tar: ../../../../../usr/local/lib/android/sdk/platforms/android-34-ext8/data/res/values-as-watch: Cannot utime: Operation not permitted
build	Cache Android SDK	2026-06-06T12:23:00.8364912Z /usr/bin/tar: ../../../../../usr/local/lib/android/sdk/platforms/android-34-ext8/data/res/values-as-watch: Cannot change mode to rwxr-xr-x: Operation not permitted
build	Cache Android SDK	2026-06-06T12:23:00.8367323Z /usr/bin/tar: ../../../../../usr/local/lib/android/sdk/platforms/android-34-ext8/data/res/values-mcc310-mnc270-fa: Cannot utime: Operation not permitted
build	Cache Android SDK	2026-06-06T12:23:00.8382752Z /usr/bin/tar: ../../../../../usr/local/lib/android/sdk/platforms/android-34-ext8/data/res/values-mcc310-mnc270-fa: Cannot change mode to rwxr-xr-x: Operation not permitted
build	Cache Android SDK	2026-06-06T12:23:00.8383802Z /usr/bin/tar: ../../../../../usr/local/lib/android/sdk/platforms/android-34-ext8/data/res/values-mcc310-mnc410-ky: Cannot utime: Operation not permitted
build	Cache Android SDK	2026-06-06T12:23:00.8384621Z /usr/bin/tar: ../../../../../usr/local/lib/android/sdk/platforms/android-34-ext8/data/res/values-mcc310-mnc410-ky: Cannot change mode to rwxr-xr-x: Operation not permitted
build	Cache Android SDK	2026-06-06T12:23:00.8385946Z /usr/bin/tar: ../../../../../usr/local/lib/android/sdk/platforms/android-34-ext8/data/res/values-mcc310-mnc030-lt: Cannot utime: Operation not permitted
build	Cache Android SDK	2026-06-06T12:23:00.8387563Z /usr/bin/tar: ../../../../../usr/local/lib/android/sdk/platforms/android-34-ext8/data/res/values-mcc310-mnc030-lt: Cannot change mode to rwxr-xr-x: Operation not permitted
build	Cache Android SDK	2026-06-06T12:23:00.8388843Z /usr/bin/tar: ../../../../../usr/local/lib/android/sdk/platforms/android-34-ext8/data/res/values-mcc310-mnc030-my: Cannot utime: Operation not permitted
build	Cache Android SDK	2026-06-06T12:23:00.8389802Z /usr/bin/tar: ../../../../../usr/local/lib/android/sdk/platforms/android-34-ext8/data/res/values-mcc310-mnc030-my: Cannot change mode to rwxr-xr-x: Operation not permitted
build	Cache Android SDK	2026-06-06T12:23:00.8390737Z /usr/bin/tar: ../../../../../usr/local/lib/android/sdk/platforms/android-34-ext8/data/res/values-mcc310-mnc270-my: Cannot utime: Operation not permitted
build	Cache Android SDK	2026-06-06T12:23:00.8392444Z /usr/bin/tar: ../../../../../usr/local/lib/android/sdk/platforms/android-34-ext8/data/res/values-mcc310-mnc270-my: Cannot change mode to rwxr-xr-x: Operation not permitted
build	Cache Android SDK	2026-06-06T12:23:00.8393475Z /usr/bin/tar: ../../../../../usr/local/lib/android/sdk/platforms/android-34-ext8/data/res/values-hi-television: Cannot utime: Operation not permitted
build	Cache Android SDK	2026-06-06T12:23:00.8394875Z /usr/bin/tar: ../../../../../usr/local/lib/android/sdk/platforms/android-34-ext8/data/res/values-hi-television: Cannot change mode to rwxr-xr-x: Operation not permitted
build	Cache Android SDK	2026-06-06T12:23:00.8396151Z /usr/bin/tar: ../../../../../usr/local/lib/android/sdk/platforms/android-34-ext8/data/res/values-mcc312-mnc670-sr: Cannot utime: Operation not permitted
build	Cache Android SDK	2026-06-06T12:23:00.8397094Z /usr/bin/tar: ../../../../../usr/local/lib/android/sdk/platforms/android-34-ext8/data/res/values-mcc312-mnc670-sr: Cannot change mode to rwxr-xr-x: Operation not permitted
build	Cache Android SDK	2026-06-06T12:23:00.8398752Z /usr/bin/tar: ../../../../../usr/local/lib/android/sdk/platforms/android-34-ext8/data/res/values-mcc310-mnc270-zh-rHK: Cannot utime: Operation not permitted
build	Cache Android SDK	2026-06-06T12:23:00.8400041Z /usr/bin/tar: ../../../../../usr/local/lib/android/sdk/platforms/android-34-ext8/data/res/values-mcc310-mnc270-zh-rHK: Cannot change mode to rwxr-xr-x: Operation not permitted
build	Cache Android SDK	2026-06-06T12:23:00.8401018Z /usr/bin/tar: ../../../../../usr/local/lib/android/sdk/platforms/android-34-ext8/data/res/values-mcc310-mnc560-pt: Cannot utime: Operation not permitted
build	Cache Android SDK	2026-06-06T12:23:00.8402729Z /usr/bin/tar: ../../../../../usr/local/lib/android/sdk/platforms/android-34-ext8/data/res/values-mcc310-mnc560-pt: Cannot change mode to rwxr-xr-x: Operation not permitted
build	Cache Android SDK	2026-06-06T12:23:00.8403812Z /usr/bin/tar: ../../../../../usr/local/lib/android/sdk/platforms/android-34-ext8/data/res/values-mcc310-mnc160-pt-rPT: Cannot utime: Operation not permitted
build	Cache Android SDK	2026-06-06T12:23:00.8405243Z /usr/bin/tar: ../../../../../usr/local/lib/android/sdk/platforms/android-34-ext8/data/res/values-mcc310-mnc160-pt-rPT: Cannot change mode to rwxr-xr-x: Operation not permitted
build	Cache Android SDK	2026-06-06T12:23:00.8406547Z /usr/bin/tar: ../../../../../usr/local/lib/android/sdk/platforms/android-34-ext8/data/res/values-mcc310-mnc490-fa: Cannot utime: Operation not permitted
build	Cache Android SDK	2026-06-06T12:23:00.8407839Z /usr/bin/tar: ../../../../../usr/local/lib/android/sdk/platforms/android-34-ext8/data/res/values-mcc310-mnc490-fa: Cannot change mode to rwxr-xr-x: Operation not permitted
build	Cache Android SDK	2026-06-06T12:23:00.8409509Z /usr/bin/tar: ../../../../../usr/local/lib/android/sdk/platforms/android-34-ext8/data/res/values-mcc302-mnc370-sq: Cannot utime: Operation not permitted
build	Cache Android SDK	2026-06-06T12:23:00.8410529Z /usr/bin/tar: ../../../../../usr/local/lib/android/sdk/platforms/android-34-ext8/data/res/values-mcc302-mnc370-sq: Cannot change mode to rwxr-xr-x: Operation not permitted
build	Cache Android SDK	2026-06-06T12:23:00.8411906Z /usr/bin/tar: ../../../../../usr/local/lib/android/sdk/platforms/android-34-ext8/data/res/values-mcc310-mnc210-fr: Cannot utime: Operation not permitted
build	Cache Android SDK	2026-06-06T12:23:00.8413132Z /usr/bin/tar: ../../../../../usr/local/lib/android/sdk/platforms/android-34-ext8/data/res/values-mcc310-mnc210-fr: Cannot change mode to rwxr-xr-x: Operation not permitted
build	Cache Android SDK	2026-06-06T12:23:00.8414157Z /usr/bin/tar: ../../../../../usr/local/lib/android/sdk/platforms/android-34-ext8/data/res/values-mcc310-mnc030-sl: Cannot utime: Operation not permitted
build	Cache Android SDK	2026-06-06T12:23:00.8415861Z /usr/bin/tar: ../../../../../usr/local/lib/android/sdk/platforms/android-34-ext8/data/res/values-mcc310-mnc030-sl: Cannot change mode to rwxr-xr-x: Operation not permitted
build	Cache Android SDK	2026-06-06T12:23:00.8416825Z /usr/bin/tar: ../../../../../usr/local/lib/android/sdk/platforms/android-34-ext8/data/res/values-mcc310-mnc410-tr: Cannot utime: Operation not permitted
build	Cache Android SDK	2026-06-06T12:23:00.8417986Z /usr/bin/tar: ../../../../../usr/local/lib/android/sdk/platforms/android-34-ext8/data/res/values-mcc310-mnc410-tr: Cannot change mode to rwxr-xr-x: Operation not permitted
build	Cache Android SDK	2026-06-06T12:23:00.8420214Z /usr/bin/tar: ../../../../../usr/local/lib/android/sdk/platforms/android-34-ext8/data/res/values-mcc302-mnc720-kn: Cannot utime: Operation not permitted
build	Cache Android SDK	2026-06-06T12:23:00.8421190Z /usr/bin/tar: ../../../../../usr/local/lib/android/sdk/platforms/android-34-ext8/data/res/values-mcc302-mnc720-kn: Cannot change mode to rwxr-xr-x: Operation not permitted
build	Cache Android SDK	2026-06-06T12:23:00.8423922Z /usr/bin/tar: ../../../../../usr/local/lib/android/sdk/platforms/android-34-ext8/data/res/values-mcc001-mnc01-fr: Cannot utime: Operation not permitted
build	Cache Android SDK	2026-06-06T12:23:00.8424888Z /usr/bin/tar: ../../../../../usr/local/lib/android/sdk/platforms/android-34-ext8/data/res/values-mcc001-mnc01-fr: Cannot change mode to rwxr-xr-x: Operation not permitted
build	Cache Android SDK	2026-06-06T12:23:00.8427655Z /usr/bin/tar: ../../../../../usr/local/lib/android/sdk/platforms/android-34-ext8/data/res/values-mcc310-mnc490-sq: Cannot utime: Operation not permitted
build	Cache Android SDK	2026-06-06T12:23:00.8428614Z /usr/bin/tar: ../../../../../usr/local/lib/android/sdk/platforms/android-34-ext8/data/res/values-mcc310-mnc490-sq: Cannot change mode to rwxr-xr-x: Operation not permitted
build	Cache Android SDK	2026-06-06T12:23:00.8430737Z /usr/bin/tar: ../../../../../usr/local/lib/android/sdk/platforms/android-34-ext8/data/res/values-mcc310-mnc170-el: Cannot utime: Operation not permitted
build	Cache Android SDK	2026-06-06T12:23:00.8431684Z /usr/bin/tar: ../../../../../usr/local/lib/android/sdk/platforms/android-34-ext8/data/res/values-mcc310-mnc170-el: Cannot change mode to rwxr-xr-x: Operation not permitted
build	Cache Android SDK	2026-06-06T12:23:00.8433964Z /usr/bin/tar: ../../../../../usr/local/lib/android/sdk/platforms/android-34-ext8/data/res/values-mcc310-mnc030-fi: Cannot utime: Operation not permitted
build	Cache Android SDK	2026-06-06T12:23:00.8435044Z /usr/bin/tar: ../../../../../usr/local/lib/android/sdk/platforms/android-34-ext8/data/res/values-mcc310-mnc030-fi: Cannot change mode to rwxr-xr-x: Operation not permitted
build	Cache Android SDK	2026-06-06T12:23:00.8437140Z /usr/bin/tar: ../../../../../usr/local/lib/android/sdk/platforms/android-34-ext8/data/res/values-mcc310-mnc560-pt-rBR: Cannot utime: Operation not permitted
build	Cache Android SDK	2026-06-06T12:23:00.8438330Z /usr/bin/tar: ../../../../../usr/local/lib/android/sdk/platforms/android-34-ext8/data/res/values-mcc310-mnc560-pt-rBR: Cannot change mode to rwxr-xr-x: Operation not permitted
build	Cache Android SDK	2026-06-06T12:23:00.8440612Z /usr/bin/tar: ../../../../../usr/local/lib/android/sdk/platforms/android-34-ext8/data/res/values-mcc310-mnc230-fi: Cannot utime: Operation not permitted
build	Cache Android SDK	2026-06-06T12:23:00.8441572Z /usr/bin/tar: ../../../../../usr/local/lib/android/sdk/platforms/android-34-ext8/data/res/values-mcc310-mnc230-fi: Cannot change mode to rwxr-xr-x: Operation not permitted
build	Cache Android SDK	2026-06-06T12:23:00.8444101Z /usr/bin/tar: ../../../../../usr/local/lib/android/sdk/platforms/android-34-ext8/data/res/values-mcc310-mnc170-it: Cannot utime: Operation not permitted
build	Cache Android SDK	2026-06-06T12:23:00.8445049Z /usr/bin/tar: ../../../../../usr/local/lib/android/sdk/platforms/android-34-ext8/data/res/values-mcc310-mnc170-it: Cannot change mode to rwxr-xr-x: Operation not permitted
build	Cache Android SDK	2026-06-06T12:23:00.8452231Z /usr/bin/tar: ../../../../../usr/local/lib/android/sdk/platforms/android-34-ext8/data/res/values-as: Cannot utime: Operation not permitted
build	Cache Android SDK	2026-06-06T12:23:00.8453289Z /usr/bin/tar: ../../../../../usr/local/lib/android/sdk/platforms/android-34-ext8/data/res/values-as: Cannot change mode to rwxr-xr-x: Operation not permitted
build	Cache Android SDK	2026-06-06T12:23:00.8454875Z /usr/bin/tar: ../../../../../usr/local/lib/android/sdk/platforms/android-34-ext8/data/res/values-w320dp-h426dp: Cannot utime: Operation not permitted
build	Cache Android SDK	2026-06-06T12:23:00.8455824Z /usr/bin/tar: ../../../../../usr/local/lib/android/sdk/platforms/android-34-ext8/data/res/values-w320dp-h426dp: Cannot change mode to rwxr-xr-x: Operation not permitted
build	Cache Android SDK	2026-06-06T12:23:00.8459358Z /usr/bin/tar: ../../../../../usr/local/lib/android/sdk/platforms/android-34-ext8/data/res/values-mcc310-mnc270-bs: Cannot utime: Operation not permitted
build	Cache Android SDK	2026-06-06T12:23:00.8460311Z /usr/bin/tar: ../../../../../usr/local/lib/android/sdk/platforms/android-34-ext8/data/res/values-mcc310-mnc270-bs: Cannot change mode to rwxr-xr-x: Operation not permitted
build	Cache Android SDK	2026-06-06T12:23:00.8462760Z /usr/bin/tar: ../../../../../usr/local/lib/android/sdk/platforms/android-34-ext8/data/res/values-mcc310-mnc230-sr: Cannot utime: Operation not permitted
build	Cache Android SDK	2026-06-06T12:23:00.8463706Z /usr/bin/tar: ../../../../../usr/local/lib/android/sdk/platforms/android-34-ext8/data/res/values-mcc310-mnc230-sr: Cannot change mode to rwxr-xr-x: Operation not permitted
build	Cache Android SDK	2026-06-06T12:23:00.8466594Z /usr/bin/tar: ../../../../../usr/local/lib/android/sdk/platforms/android-34-ext8/data/res/values-mcc313-mnc100-si: Cannot utime: Operation not permitted
build	Cache Android SDK	2026-06-06T12:23:00.8467721Z /usr/bin/tar: ../../../../../usr/local/lib/android/sdk/platforms/android-34-ext8/data/res/values-mcc313-mnc100-si: Cannot change mode to rwxr-xr-x: Operation not permitted
build	Cache Android SDK	2026-06-06T12:23:00.8472526Z /usr/bin/tar: ../../../../../usr/local/lib/android/sdk/platforms/android-34-ext8/data/res/values-bs: Cannot utime: Operation not permitted
build	Cache Android SDK	2026-06-06T12:23:00.8473457Z /usr/bin/tar: ../../../../../usr/local/lib/android/sdk/platforms/android-34-ext8/data/res/values-bs: Cannot change mode to rwxr-xr-x: Operation not permitted
build	Cache Android SDK	2026-06-06T12:23:00.8475385Z /usr/bin/tar: ../../../../../usr/local/lib/android/sdk/platforms/android-34-ext8/data/res/values-mcc310-mnc230-pt-rPT: Cannot utime: Operation not permitted
build	Cache Android SDK	2026-06-06T12:23:00.8476379Z /usr/bin/tar: ../../../../../usr/local/lib/android/sdk/platforms/android-34-ext8/data/res/values-mcc310-mnc230-pt-rPT: Cannot change mode to rwxr-xr-x: Operation not permitted
build	Cache Android SDK	2026-06-06T12:23:00.8479165Z /usr/bin/tar: ../../../../../usr/local/lib/android/sdk/platforms/android-34-ext8/data/res/values-mcc310-mnc170-zh-rCN: Cannot utime: Operation not permitted
build	Cache Android SDK	2026-06-06T12:23:00.8480275Z /usr/bin/tar: ../../../../../usr/local/lib/android/sdk/platforms/android-34-ext8/data/res/values-mcc310-mnc170-zh-rCN: Cannot change mode to rwxr-xr-x: Operation not permitted
build	Cache Android SDK	2026-06-06T12:23:00.8482131Z /usr/bin/tar: ../../../../../usr/local/lib/android/sdk/platforms/android-34-ext8/data/res/values-mcc313-mnc100-lo: Cannot utime: Operation not permitted
build	Cache Android SDK	2026-06-06T12:23:00.8483083Z /usr/bin/tar: ../../../../../usr/local/lib/android/sdk/platforms/android-34-ext8/data/res/values-mcc313-mnc100-lo: Cannot change mode to rwxr-xr-x: Operation not permitted
build	Cache Android SDK	2026-06-06T12:23:00.8485790Z /usr/bin/tar: ../../../../../usr/local/lib/android/sdk/platforms/android-34-ext8/data/res/values-mcc302-mnc370-th: Cannot utime: Operation not permitted
build	Cache Android SDK	2026-06-06T12:23:00.8486942Z /usr/bin/tar: ../../../../../usr/local/lib/android/sdk/platforms/android-34-ext8/data/res/values-mcc302-mnc370-th: Cannot change mode to rwxr-xr-x: Operation not permitted
build	Cache Android SDK	2026-06-06T12:23:00.8489459Z /usr/bin/tar: ../../../../../usr/local/lib/android/sdk/platforms/android-34-ext8/data/res/values-mcc310-mnc160-si: Cannot utime: Operation not permitted
build	Cache Android SDK	2026-06-06T12:23:00.8490393Z /usr/bin/tar: ../../../../../usr/local/lib/android/sdk/platforms/android-34-ext8/data/res/values-mcc310-mnc160-si: Cannot change mode to rwxr-xr-x: Operation not permitted
build	Cache Android SDK	2026-06-06T12:23:00.8492499Z /usr/bin/tar: ../../../../../usr/local/lib/android/sdk/platforms/android-34-ext8/data/res/values-mcc311-mnc180-or: Cannot utime: Operation not permitted
build	Cache Android SDK	2026-06-06T12:23:00.8493516Z /usr/bin/tar: ../../../../../usr/local/lib/android/sdk/platforms/android-34-ext8/data/res/values-mcc311-mnc180-or: Cannot change mode to rwxr-xr-x: Operation not permitted
build	Cache Android SDK	2026-06-06T12:23:00.8495455Z /usr/bin/tar: ../../../../../usr/local/lib/android/sdk/platforms/android-34-ext8/data/res/values-mcc312-mnc670-hu: Cannot utime: Operation not permitted
build	Cache Android SDK	2026-06-06T12:23:00.8496413Z /usr/bin/tar: ../../../../../usr/local/lib/android/sdk/platforms/android-34-ext8/data/res/values-mcc312-mnc670-hu: Cannot change mode to rwxr-xr-x: Operation not permitted
build	Cache Android SDK	2026-06-06T12:23:00.8498944Z /usr/bin/tar: ../../../../../usr/local/lib/android/sdk/platforms/android-34-ext8/data/res/values-mcc302-mnc720-ml: Cannot utime: Operation not permitted
build	Cache Android SDK	2026-06-06T12:23:00.8499909Z /usr/bin/tar: ../../../../../usr/local/lib/android/sdk/platforms/android-34-ext8/data/res/values-mcc302-mnc720-ml: Cannot change mode to rwxr-xr-x: Operation not permitted
build	Cache Android SDK	2026-06-06T12:23:00.8502025Z /usr/bin/tar: ../../../../../usr/local/lib/android/sdk/platforms/android-34-ext8/data/res/values-mcc310-mnc410-pt: Cannot utime: Operation not permitted
build	Cache Android SDK	2026-06-06T12:23:00.8502966Z /usr/bin/tar: ../../../../../usr/local/lib/android/sdk/platforms/android-34-ext8/data/res/values-mcc310-mnc410-pt: Cannot change mode to rwxr-xr-x: Operation not permitted
build	Cache Android SDK	2026-06-06T12:23:00.8505535Z /usr/bin/tar: ../../../../../usr/local/lib/android/sdk/platforms/android-34-ext8/data/res/values-mcc313-mnc100-zu: Cannot utime: Operation not permitted
build	Cache Android SDK	2026-06-06T12:23:00.8506476Z /usr/bin/tar: ../../../../../usr/local/lib/android/sdk/platforms/android-34-ext8/data/res/values-mcc313-mnc100-zu: Cannot change mode to rwxr-xr-x: Operation not permitted
build	Cache Android SDK	2026-06-06T12:23:00.8509185Z /usr/bin/tar: ../../../../../usr/local/lib/android/sdk/platforms/android-34-ext8/data/res/values-mcc310-mnc560-ca: Cannot utime: Operation not permitted
build	Cache Android SDK	2026-06-06T12:23:00.8510111Z /usr/bin/tar: ../../../../../usr/local/lib/android/sdk/platforms/android-34-ext8/data/res/values-mcc310-mnc560-ca: Cannot change mode to rwxr-xr-x: Operation not permitted
build	Cache Android SDK	2026-06-06T12:23:00.8512265Z /usr/bin/tar: ../../../../../usr/local/lib/android/sdk/platforms/android-34-ext8/data/res/values-bg-watch: Cannot utime: Operation not permitted
build	Cache Android SDK	2026-06-06T12:23:00.8513173Z /usr/bin/tar: ../../../../../usr/local/lib/android/sdk/platforms/android-34-ext8/data/res/values-bg-watch: Cannot change mode to rwxr-xr-x: Operation not permitted
build	Cache Android SDK	2026-06-06T12:23:00.8751556Z /usr/bin/tar: ../../../../../usr/local/lib/android/sdk/platforms/android-34-ext8/data/res/drawable: Cannot utime: Operation not permitted
build	Cache Android SDK	2026-06-06T12:23:00.8752457Z /usr/bin/tar: ../../../../../usr/local/lib/android/sdk/platforms/android-34-ext8/data/res/drawable: Cannot change mode to rwxr-xr-x: Operation not permitted
build	Cache Android SDK	2026-06-06T12:23:00.8754209Z /usr/bin/tar: ../../../../../usr/local/lib/android/sdk/platforms/android-34-ext8/data/res/values-mcc310-mnc280-te: Cannot utime: Operation not permitted
build	Cache Android SDK	2026-06-06T12:23:00.8755185Z /usr/bin/tar: ../../../../../usr/local/lib/android/sdk/platforms/android-34-ext8/data/res/values-mcc310-mnc280-te: Cannot change mode to rwxr-xr-x: Operation not permitted
build	Cache Android SDK	2026-06-06T12:23:00.8757326Z /usr/bin/tar: ../../../../../usr/local/lib/android/sdk/platforms/android-34-ext8/data/res/values-mcc312-mnc670-lo: Cannot utime: Operation not permitted
build	Cache Android SDK	2026-06-06T12:23:00.8758419Z /usr/bin/tar: ../../../../../usr/local/lib/android/sdk/platforms/android-34-ext8/data/res/values-mcc312-mnc670-lo: Cannot change mode to rwxr-xr-x: Operation not permitted
build	Cache Android SDK	2026-06-06T12:23:00.8760625Z /usr/bin/tar: ../../../../../usr/local/lib/android/sdk/platforms/android-34-ext8/data/res/values-mcc310-mnc210-ro: Cannot utime: Operation not permitted
build	Cache Android SDK	2026-06-06T12:23:00.8761566Z /usr/bin/tar: ../../../../../usr/local/lib/android/sdk/platforms/android-34-ext8/data/res/values-mcc310-mnc210-ro: Cannot change mode to rwxr-xr-x: Operation not permitted
build	Cache Android SDK	2026-06-06T12:23:00.8763623Z /usr/bin/tar: ../../../../../usr/local/lib/android/sdk/platforms/android-34-ext8/data/res/values-mcc302-mnc720-be: Cannot utime: Operation not permitted
build	Cache Android SDK	2026-06-06T12:23:00.8764650Z /usr/bin/tar: ../../../../../usr/local/lib/android/sdk/platforms/android-34-ext8/data/res/values-mcc302-mnc720-be: Cannot change mode to rwxr-xr-x: Operation not permitted
build	Cache Android SDK	2026-06-06T12:23:00.8766813Z /usr/bin/tar: ../../../../../usr/local/lib/android/sdk/platforms/android-34-ext8/data/res/values-ne-television: Cannot utime: Operation not permitted
build	Cache Android SDK	2026-06-06T12:23:00.8767873Z /usr/bin/tar: ../../../../../usr/local/lib/android/sdk/platforms/android-34-ext8/data/res/values-ne-television: Cannot change mode to rwxr-xr-x: Operation not permitted
build	Cache Android SDK	2026-06-06T12:23:00.8770041Z /usr/bin/tar: ../../../../../usr/local/lib/android/sdk/platforms/android-34-ext8/data/res/values-mcc310-mnc660-ms: Cannot utime: Operation not permitted
build	Cache Android SDK	2026-06-06T12:23:00.8770984Z /usr/bin/tar: ../../../../../usr/local/lib/android/sdk/platforms/android-34-ext8/data/res/values-mcc310-mnc660-ms: Cannot change mode to rwxr-xr-x: Operation not permitted
build	Cache Android SDK	2026-06-06T12:23:00.8773142Z /usr/bin/tar: ../../../../../usr/local/lib/android/sdk/platforms/android-34-ext8/data/res/values-mcc310-mnc490-hy: Cannot utime: Operation not permitted
build	Cache Android SDK	2026-06-06T12:23:00.8774077Z /usr/bin/tar: ../../../../../usr/local/lib/android/sdk/platforms/android-34-ext8/data/res/values-mcc310-mnc490-hy: Cannot change mode to rwxr-xr-x: Operation not permitted
build	Cache Android SDK	2026-06-06T12:23:00.8776640Z /usr/bin/tar: ../../../../../usr/local/lib/android/sdk/platforms/android-34-ext8/data/res/values-mcc311-mnc180-as: Cannot utime: Operation not permitted
build	Cache Android SDK	2026-06-06T12:23:00.8777663Z /usr/bin/tar: ../../../../../usr/local/lib/android/sdk/platforms/android-34-ext8/data/res/values-mcc311-mnc180-as: Cannot change mode to rwxr-xr-x: Operation not permitted
build	Cache Android SDK	2026-06-06T12:23:00.8779899Z /usr/bin/tar: ../../../../../usr/local/lib/android/sdk/platforms/android-34-ext8/data/res/values-zh-rHK-watch: Cannot utime: Operation not permitted
build	Cache Android SDK	2026-06-06T12:23:00.8780832Z /usr/bin/tar: ../../../../../usr/local/lib/android/sdk/platforms/android-34-ext8/data/res/values-zh-rHK-watch: Cannot change mode to rwxr-xr-x: Operation not permitted
build	Cache Android SDK	2026-06-06T12:23:00.8783209Z /usr/bin/tar: ../../../../../usr/local/lib/android/sdk/platforms/android-34-ext8/data/res/values-mcc310-mnc560-tl: Cannot utime: Operation not permitted
build	Cache Android SDK	2026-06-06T12:23:00.8784166Z /usr/bin/tar: ../../../../../usr/local/lib/android/sdk/platforms/android-34-ext8/data/res/values-mcc310-mnc560-tl: Cannot change mode to rwxr-xr-x: Operation not permitted
build	Cache Android SDK	2026-06-06T12:23:00.8786559Z /usr/bin/tar: ../../../../../usr/local/lib/android/sdk/platforms/android-34-ext8/data/res/values-mcc310-mnc210-es-rUS: Cannot utime: Operation not permitted
build	Cache Android SDK	2026-06-06T12:23:00.8787632Z /usr/bin/tar: ../../../../../usr/local/lib/android/sdk/platforms/android-34-ext8/data/res/values-mcc310-mnc210-es-rUS: Cannot change mode to rwxr-xr-x: Operation not permitted
build	Cache Android SDK	2026-06-06T12:23:00.8790088Z /usr/bin/tar: ../../../../../usr/local/lib/android/sdk/platforms/android-34-ext8/data/res/values-mcc312-mnc670-b+sr+Latn: Cannot utime: Operation not permitted
build	Cache Android SDK	2026-06-06T12:23:00.8791189Z /usr/bin/tar: ../../../../../usr/local/lib/android/sdk/platforms/android-34-ext8/data/res/values-mcc312-mnc670-b+sr+Latn: Cannot change mode to rwxr-xr-x: Operation not permitted
build	Cache Android SDK	2026-06-06T12:23:00.8793612Z /usr/bin/tar: ../../../../../usr/local/lib/android/sdk/platforms/android-34-ext8/data/res/values-mcc310-mnc210-tr: Cannot utime: Operation not permitted
build	Cache Android SDK	2026-06-06T12:23:00.8794617Z /usr/bin/tar: ../../../../../usr/local/lib/android/sdk/platforms/android-34-ext8/data/res/values-mcc310-mnc210-tr: Cannot change mode to rwxr-xr-x: Operation not permitted
build	Cache Android SDK	2026-06-06T12:23:00.8796649Z /usr/bin/tar: ../../../../../usr/local/lib/android/sdk/platforms/android-34-ext8/data/res/values-mcc302-mnc720-iw: Cannot utime: Operation not permitted
build	Cache Android SDK	2026-06-06T12:23:00.8797684Z /usr/bin/tar: ../../../../../usr/local/lib/android/sdk/platforms/android-34-ext8/data/res/values-mcc302-mnc720-iw: Cannot change mode to rwxr-xr-x: Operation not permitted
build	Cache Android SDK	2026-06-06T12:23:00.8800839Z /usr/bin/tar: ../../../../../usr/local/lib/android/sdk/platforms/android-34-ext8/data/res/values-mcc310-mnc230-eu: Cannot utime: Operation not permitted
build	Cache Android SDK	2026-06-06T12:23:00.8801776Z /usr/bin/tar: ../../../../../usr/local/lib/android/sdk/platforms/android-34-ext8/data/res/values-mcc310-mnc230-eu: Cannot change mode to rwxr-xr-x: Operation not permitted
build	Cache Android SDK	2026-06-06T12:23:00.8803133Z /usr/bin/tar: ../../../../../usr/local/lib/android/sdk/platforms/android-34-ext8/data/res/values-mcc310-mnc160-ar: Cannot utime: Operation not permitted
build	Cache Android SDK	2026-06-06T12:23:00.8804069Z /usr/bin/tar: ../../../../../usr/local/lib/android/sdk/platforms/android-34-ext8/data/res/values-mcc310-mnc160-ar: Cannot change mode to rwxr-xr-x: Operation not permitted
build	Cache Android SDK	2026-06-06T12:23:00.8806519Z /usr/bin/tar: ../../../../../usr/local/lib/android/sdk/platforms/android-34-ext8/data/res/values-cs-watch: Cannot utime: Operation not permitted
build	Cache Android SDK	2026-06-06T12:23:00.8807518Z /usr/bin/tar: ../../../../../usr/local/lib/android/sdk/platforms/android-34-ext8/data/res/values-cs-watch: Cannot change mode to rwxr-xr-x: Operation not permitted
build	Cache Android SDK	2026-06-06T12:23:00.8809664Z /usr/bin/tar: ../../../../../usr/local/lib/android/sdk/platforms/android-34-ext8/data/res/values-mcc302-mnc720-en-rCA: Cannot utime: Operation not permitted
build	Cache Android SDK	2026-06-06T12:23:00.8810631Z /usr/bin/tar: ../../../../../usr/local/lib/android/sdk/platforms/android-34-ext8/data/res/values-mcc302-mnc720-en-rCA: Cannot change mode to rwxr-xr-x: Operation not permitted
build	Cache Android SDK	2026-06-06T12:23:00.8817333Z /usr/bin/tar: ../../../../../usr/local/lib/android/sdk/platforms/android-34-ext8/data/res/values-ml: Cannot utime: Operation not permitted
build	Cache Android SDK	2026-06-06T12:23:00.8818416Z /usr/bin/tar: ../../../../../usr/local/lib/android/sdk/platforms/android-34-ext8/data/res/values-ml: Cannot change mode to rwxr-xr-x: Operation not permitted
build	Cache Android SDK	2026-06-06T12:23:00.8820361Z /usr/bin/tar: ../../../../../usr/local/lib/android/sdk/platforms/android-34-ext8/data/res/values-mcc310-mnc150-my: Cannot utime: Operation not permitted
build	Cache Android SDK	2026-06-06T12:23:00.8821315Z /usr/bin/tar: ../../../../../usr/local/lib/android/sdk/platforms/android-34-ext8/data/res/values-mcc310-mnc150-my: Cannot change mode to rwxr-xr-x: Operation not permitted
build	Cache Android SDK	2026-06-06T12:23:00.8823227Z /usr/bin/tar: ../../../../../usr/local/lib/android/sdk/platforms/android-34-ext8/data/res/values-pt-rBR-television: Cannot utime: Operation not permitted
build	Cache Android SDK	2026-06-06T12:23:00.8824318Z /usr/bin/tar: ../../../../../usr/local/lib/android/sdk/platforms/android-34-ext8/data/res/values-pt-rBR-television: Cannot change mode to rwxr-xr-x: Operation not permitted
build	Cache Android SDK	2026-06-06T12:23:00.8826157Z /usr/bin/tar: ../../../../../usr/local/lib/android/sdk/platforms/android-34-ext8/data/res/values-mcc310-mnc030-af: Cannot utime: Operation not permitted
build	Cache Android SDK	2026-06-06T12:23:00.8827104Z /usr/bin/tar: ../../../../../usr/local/lib/android/sdk/platforms/android-34-ext8/data/res/values-mcc310-mnc030-af: Cannot change mode to rwxr-xr-x: Operation not permitted
build	Cache Android SDK	2026-06-06T12:23:00.8829302Z /usr/bin/tar: ../../../../../usr/local/lib/android/sdk/platforms/android-34-ext8/data/res/values-mcc310-mnc280-ar: Cannot utime: Operation not permitted
build	Cache Android SDK	2026-06-06T12:23:00.8830320Z /usr/bin/tar: ../../../../../usr/local/lib/android/sdk/platforms/android-34-ext8/data/res/values-mcc310-mnc280-ar: Cannot change mode to rwxr-xr-x: Operation not permitted
build	Cache Android SDK	2026-06-06T12:23:00.8832550Z /usr/bin/tar: ../../../../../usr/local/lib/android/sdk/platforms/android-34-ext8/data/res/values-mcc310-mnc160-bg: Cannot utime: Operation not permitted
build	Cache Android SDK	2026-06-06T12:23:00.8833543Z /usr/bin/tar: ../../../../../usr/local/lib/android/sdk/platforms/android-34-ext8/data/res/values-mcc310-mnc160-bg: Cannot change mode to rwxr-xr-x: Operation not permitted
build	Cache Android SDK	2026-06-06T12:23:00.8835805Z /usr/bin/tar: ../../../../../usr/local/lib/android/sdk/platforms/android-34-ext8/data/res/values-ml-watch: Cannot utime: Operation not permitted
build	Cache Android SDK	2026-06-06T12:23:00.8836926Z /usr/bin/tar: ../../../../../usr/local/lib/android/sdk/platforms/android-34-ext8/data/res/values-ml-watch: Cannot change mode to rwxr-xr-x: Operation not permitted
build	Cache Android SDK	2026-06-06T12:23:00.8839711Z /usr/bin/tar: ../../../../../usr/local/lib/android/sdk/platforms/android-34-ext8/data/res/values-mcc310-mnc210-ur: Cannot utime: Operation not permitted
build	Cache Android SDK	2026-06-06T12:23:00.8841247Z /usr/bin/tar: ../../../../../usr/local/lib/android/sdk/platforms/android-34-ext8/data/res/values-mcc310-mnc210-ur: Cannot change mode to rwxr-xr-x: Operation not permitted
build	Cache Android SDK	2026-06-06T12:23:00.8842657Z /usr/bin/tar: ../../../../../usr/local/lib/android/sdk/platforms/android-34-ext8/data/res/values-mcc310-mnc240-hr: Cannot utime: Operation not permitted
build	Cache Android SDK	2026-06-06T12:23:00.8843641Z /usr/bin/tar: ../../../../../usr/local/lib/android/sdk/platforms/android-34-ext8/data/res/values-mcc310-mnc240-hr: Cannot change mode to rwxr-xr-x: Operation not permitted
build	Cache Android SDK	2026-06-06T12:23:00.8846211Z /usr/bin/tar: ../../../../../usr/local/lib/android/sdk/platforms/android-34-ext8/data/res/values-mcc310-mnc160-en-rGB: Cannot utime: Operation not permitted
build	Cache Android SDK	2026-06-06T12:23:00.8847252Z /usr/bin/tar: ../../../../../usr/local/lib/android/sdk/platforms/android-34-ext8/data/res/values-mcc310-mnc160-en-rGB: Cannot change mode to rwxr-xr-x: Operation not permitted
build	Cache Android SDK	2026-06-06T12:23:00.8850105Z /usr/bin/tar: ../../../../../usr/local/lib/android/sdk/platforms/android-34-ext8/data/res/values-fr-rCA-watch: Cannot utime: Operation not permitted
build	Cache Android SDK	2026-06-06T12:23:00.8851096Z /usr/bin/tar: ../../../../../usr/local/lib/android/sdk/platforms/android-34-ext8/data/res/values-fr-rCA-watch: Cannot change mode to rwxr-xr-x: Operation not permitted
build	Cache Android SDK	2026-06-06T12:23:00.8853529Z /usr/bin/tar: ../../../../../usr/local/lib/android/sdk/platforms/android-34-ext8/data/res/values-mcc310-mnc560-es-rUS: Cannot utime: Operation not permitted
build	Cache Android SDK	2026-06-06T12:23:00.8854623Z /usr/bin/tar: ../../../../../usr/local/lib/android/sdk/platforms/android-34-ext8/data/res/values-mcc310-mnc560-es-rUS: Cannot change mode to rwxr-xr-x: Operation not permitted
build	Cache Android SDK	2026-06-06T12:23:00.8856978Z /usr/bin/tar: ../../../../../usr/local/lib/android/sdk/platforms/android-34-ext8/data/res/values-mcc310-mnc300: Cannot utime: Operation not permitted
build	Cache Android SDK	2026-06-06T12:23:00.8858484Z /usr/bin/tar: ../../../../../usr/local/lib/android/sdk/platforms/android-34-ext8/data/res/values-mcc310-mnc300: Cannot change mode to rwxr-xr-x: Operation not permitted
build	Cache Android SDK	2026-06-06T12:23:00.8861699Z /usr/bin/tar: ../../../../../usr/local/lib/android/sdk/platforms/android-34-ext8/data/res/values-mcc310-mnc310-gu: Cannot utime: Operation not permitted
build	Cache Android SDK	2026-06-06T12:23:00.8862813Z /usr/bin/tar: ../../../../../usr/local/lib/android/sdk/platforms/android-34-ext8/data/res/values-mcc310-mnc310-gu: Cannot change mode to rwxr-xr-x: Operation not permitted
build	Cache Android SDK	2026-06-06T12:23:00.8865246Z /usr/bin/tar: ../../../../../usr/local/lib/android/sdk/platforms/android-34-ext8/data/res/values-mcc310-mnc560-en-rIN: Cannot utime: Operation not permitted
build	Cache Android SDK	2026-06-06T12:23:00.8866227Z /usr/bin/tar: ../../../../../usr/local/lib/android/sdk/platforms/android-34-ext8/data/res/values-mcc310-mnc560-en-rIN: Cannot change mode to rwxr-xr-x: Operation not permitted
build	Cache Android SDK	2026-06-06T12:23:00.8868726Z /usr/bin/tar: ../../../../../usr/local/lib/android/sdk/platforms/android-34-ext8/data/res/values-mcc310-mnc280-da: Cannot utime: Operation not permitted
build	Cache Android SDK	2026-06-06T12:23:00.8869672Z /usr/bin/tar: ../../../../../usr/local/lib/android/sdk/platforms/android-34-ext8/data/res/values-mcc310-mnc280-da: Cannot change mode to rwxr-xr-x: Operation not permitted
build	Cache Android SDK	2026-06-06T12:23:00.8872034Z /usr/bin/tar: ../../../../../usr/local/lib/android/sdk/platforms/android-34-ext8/data/res/values-mcc311-mnc180-fr: Cannot utime: Operation not permitted
build	Cache Android SDK	2026-06-06T12:23:00.8872997Z /usr/bin/tar: ../../../../../usr/local/lib/android/sdk/platforms/android-34-ext8/data/res/values-mcc311-mnc180-fr: Cannot change mode to rwxr-xr-x: Operation not permitted
build	Cache Android SDK	2026-06-06T12:23:00.8875332Z /usr/bin/tar: ../../../../../usr/local/lib/android/sdk/platforms/android-34-ext8/data/res/values-mcc310-mnc310-ms: Cannot utime: Operation not permitted
build	Cache Android SDK	2026-06-06T12:23:00.8876346Z /usr/bin/tar: ../../../../../usr/local/lib/android/sdk/platforms/android-34-ext8/data/res/values-mcc310-mnc310-ms: Cannot change mode to rwxr-xr-x: Operation not permitted
build	Cache Android SDK	2026-06-06T12:23:00.8878436Z /usr/bin/tar: ../../../../../usr/local/lib/android/sdk/platforms/android-34-ext8/data/res/values-mcc310-mnc170-te: Cannot utime: Operation not permitted
build	Cache Android SDK	2026-06-06T12:23:00.8879392Z /usr/bin/tar: ../../../../../usr/local/lib/android/sdk/platforms/android-34-ext8/data/res/values-mcc310-mnc170-te: Cannot change mode to rwxr-xr-x: Operation not permitted
build	Cache Android SDK	2026-06-06T12:23:00.8881632Z /usr/bin/tar: ../../../../../usr/local/lib/android/sdk/platforms/android-34-ext8/data/res/values-mcc001-mnc01-te: Cannot utime: Operation not permitted
build	Cache Android SDK	2026-06-06T12:23:00.8882583Z /usr/bin/tar: ../../../../../usr/local/lib/android/sdk/platforms/android-34-ext8/data/res/values-mcc001-mnc01-te: Cannot change mode to rwxr-xr-x: Operation not permitted
build	Cache Android SDK	2026-06-06T12:23:00.8885193Z /usr/bin/tar: ../../../../../usr/local/lib/android/sdk/platforms/android-34-ext8/data/res/values-mcc310-mnc310-mr: Cannot utime: Operation not permitted
build	Cache Android SDK	2026-06-06T12:23:00.8886149Z /usr/bin/tar: ../../../../../usr/local/lib/android/sdk/platforms/android-34-ext8/data/res/values-mcc310-mnc310-mr: Cannot change mode to rwxr-xr-x: Operation not permitted
build	Cache Android SDK	2026-06-06T12:23:00.8888351Z /usr/bin/tar: ../../../../../usr/local/lib/android/sdk/platforms/android-34-ext8/data/res/values-mcc310-mnc660-tr: Cannot utime: Operation not permitted
build	Cache Android SDK	2026-06-06T12:23:00.8889310Z /usr/bin/tar: ../../../../../usr/local/lib/android/sdk/platforms/android-34-ext8/data/res/values-mcc310-mnc660-tr: Cannot change mode to rwxr-xr-x: Operation not permitted
build	Cache Android SDK	2026-06-06T12:23:00.8892055Z /usr/bin/tar: ../../../../../usr/local/lib/android/sdk/platforms/android-34-ext8/data/res/values-mcc302-mnc370-iw: Cannot utime: Operation not permitted
build	Cache Android SDK	2026-06-06T12:23:00.8893010Z /usr/bin/tar: ../../../../../usr/local/lib/android/sdk/platforms/android-34-ext8/data/res/values-mcc302-mnc370-iw: Cannot change mode to rwxr-xr-x: Operation not permitted
build	Cache Android SDK	2026-06-06T12:23:00.8895018Z /usr/bin/tar: ../../../../../usr/local/lib/android/sdk/platforms/android-34-ext8/data/res/values-mcc334-mnc020-tr: Cannot utime: Operation not permitted
build	Cache Android SDK	2026-06-06T12:23:00.8895974Z /usr/bin/tar: ../../../../../usr/local/lib/android/sdk/platforms/android-34-ext8/data/res/values-mcc334-mnc020-tr: Cannot change mode to rwxr-xr-x: Operation not permitted
build	Cache Android SDK	2026-06-06T12:23:00.8898260Z /usr/bin/tar: ../../../../../usr/local/lib/android/sdk/platforms/android-34-ext8/data/res/values-mcc310-mnc030-in: Cannot utime: Operation not permitted
build	Cache Android SDK	2026-06-06T12:23:00.8899219Z /usr/bin/tar: ../../../../../usr/local/lib/android/sdk/platforms/android-34-ext8/data/res/values-mcc310-mnc030-in: Cannot change mode to rwxr-xr-x: Operation not permitted
build	Cache Android SDK	2026-06-06T12:23:00.8901634Z /usr/bin/tar: ../../../../../usr/local/lib/android/sdk/platforms/android-34-ext8/data/res/values-mcc310-mnc310-ne: Cannot utime: Operation not permitted
build	Cache Android SDK	2026-06-06T12:23:00.8902673Z /usr/bin/tar: ../../../../../usr/local/lib/android/sdk/platforms/android-34-ext8/data/res/values-mcc310-mnc310-ne: Cannot change mode to rwxr-xr-x: Operation not permitted
build	Cache Android SDK	2026-06-06T12:23:00.8904778Z /usr/bin/tar: ../../../../../usr/local/lib/android/sdk/platforms/android-34-ext8/data/res/values-mcc310-mnc240-de: Cannot utime: Operation not permitted
build	Cache Android SDK	2026-06-06T12:23:00.8905743Z /usr/bin/tar: ../../../../../usr/local/lib/android/sdk/platforms/android-34-ext8/data/res/values-mcc310-mnc240-de: Cannot change mode to rwxr-xr-x: Operation not permitted
build	Cache Android SDK	2026-06-06T12:23:00.8908228Z /usr/bin/tar: ../../../../../usr/local/lib/android/sdk/platforms/android-34-ext8/data/res/values-mcc310-mnc490-bn: Cannot utime: Operation not permitted
build	Cache Android SDK	2026-06-06T12:23:00.8909175Z /usr/bin/tar: ../../../../../usr/local/lib/android/sdk/platforms/android-34-ext8/data/res/values-mcc310-mnc490-bn: Cannot change mode to rwxr-xr-x: Operation not permitted
build	Cache Android SDK	2026-06-06T12:23:00.8911661Z /usr/bin/tar: ../../../../../usr/local/lib/android/sdk/platforms/android-34-ext8/data/res/values-mcc310-mnc280-sq: Cannot utime: Operation not permitted
build	Cache Android SDK	2026-06-06T12:23:00.8912622Z /usr/bin/tar: ../../../../../usr/local/lib/android/sdk/platforms/android-34-ext8/data/res/values-mcc310-mnc280-sq: Cannot change mode to rwxr-xr-x: Operation not permitted
build	Cache Android SDK	2026-06-06T12:23:00.8915374Z /usr/bin/tar: ../../../../../usr/local/lib/android/sdk/platforms/android-34-ext8/data/res/values-mcc310-mnc380-si: Cannot utime: Operation not permitted
build	Cache Android SDK	2026-06-06T12:23:00.8916316Z /usr/bin/tar: ../../../../../usr/local/lib/android/sdk/platforms/android-34-ext8/data/res/values-mcc310-mnc380-si: Cannot change mode to rwxr-xr-x: Operation not permitted
build	Cache Android SDK	2026-06-06T12:23:00.8918980Z /usr/bin/tar: ../../../../../usr/local/lib/android/sdk/platforms/android-34-ext8/data/res/values-mcc313-mnc100-zh-rTW: Cannot utime: Operation not permitted
build	Cache Android SDK	2026-06-06T12:23:00.8919956Z /usr/bin/tar: ../../../../../usr/local/lib/android/sdk/platforms/android-34-ext8/data/res/values-mcc313-mnc100-zh-rTW: Cannot change mode to rwxr-xr-x: Operation not permitted
build	Cache Android SDK	2026-06-06T12:23:00.8922224Z /usr/bin/tar: ../../../../../usr/local/lib/android/sdk/platforms/android-34-ext8/data/res/values-mcc310-mnc250-pt-rBR: Cannot utime: Operation not permitted
build	Cache Android SDK	2026-06-06T12:23:00.8923196Z /usr/bin/tar: ../../../../../usr/local/lib/android/sdk/platforms/android-34-ext8/data/res/values-mcc310-mnc250-pt-rBR: Cannot change mode to rwxr-xr-x: Operation not permitted
build	Cache Android SDK	2026-06-06T12:23:00.8925519Z /usr/bin/tar: ../../../../../usr/local/lib/android/sdk/platforms/android-34-ext8/data/res/values-mcc310-mnc310-kn: Cannot utime: Operation not permitted
build	Cache Android SDK	2026-06-06T12:23:00.8926481Z /usr/bin/tar: ../../../../../usr/local/lib/android/sdk/platforms/android-34-ext8/data/res/values-mcc310-mnc310-kn: Cannot change mode to rwxr-xr-x: Operation not permitted
build	Cache Android SDK	2026-06-06T12:23:00.8928693Z /usr/bin/tar: ../../../../../usr/local/lib/android/sdk/platforms/android-34-ext8/data/res/values-mcc310-mnc230-sk: Cannot utime: Operation not permitted
build	Cache Android SDK	2026-06-06T12:23:00.8929652Z /usr/bin/tar: ../../../../../usr/local/lib/android/sdk/platforms/android-34-ext8/data/res/values-mcc310-mnc230-sk: Cannot change mode to rwxr-xr-x: Operation not permitted
build	Cache Android SDK	2026-06-06T12:23:00.8931729Z /usr/bin/tar: ../../../../../usr/local/lib/android/sdk/platforms/android-34-ext8/data/res/values-mcc310-mnc800-ne: Cannot utime: Operation not permitted
build	Cache Android SDK	2026-06-06T12:23:00.8932785Z /usr/bin/tar: ../../../../../usr/local/lib/android/sdk/platforms/android-34-ext8/data/res/values-mcc310-mnc800-ne: Cannot change mode to rwxr-xr-x: Operation not permitted
build	Cache Android SDK	2026-06-06T12:23:00.8934941Z /usr/bin/tar: ../../../../../usr/local/lib/android/sdk/platforms/android-34-ext8/data/res/values-mcc310-mnc220-mk: Cannot utime: Operation not permitted
build	Cache Android SDK	2026-06-06T12:23:00.8935881Z /usr/bin/tar: ../../../../../usr/local/lib/android/sdk/platforms/android-34-ext8/data/res/values-mcc310-mnc220-mk: Cannot change mode to rwxr-xr-x: Operation not permitted
build	Cache Android SDK	2026-06-06T12:23:00.8937974Z /usr/bin/tar: ../../../../../usr/local/lib/android/sdk/platforms/android-34-ext8/data/res/values-mcc312-mnc670-lt: Cannot utime: Operation not permitted
build	Cache Android SDK	2026-06-06T12:23:00.8939003Z /usr/bin/tar: ../../../../../usr/local/lib/android/sdk/platforms/android-34-ext8/data/res/values-mcc312-mnc670-lt: Cannot change mode to rwxr-xr-x: Operation not permitted
build	Cache Android SDK	2026-06-06T12:23:00.8941418Z /usr/bin/tar: ../../../../../usr/local/lib/android/sdk/platforms/android-34-ext8/data/res/values-mcc310-mnc950-fi: Cannot utime: Operation not permitted
build	Cache Android SDK	2026-06-06T12:23:00.8942434Z /usr/bin/tar: ../../../../../usr/local/lib/android/sdk/platforms/android-34-ext8/data/res/values-mcc310-mnc950-fi: Cannot change mode to rwxr-xr-x: Operation not permitted
build	Cache Android SDK	2026-06-06T12:23:00.8944525Z /usr/bin/tar: ../../../../../usr/local/lib/android/sdk/platforms/android-34-ext8/data/res/values-mcc302-mnc720-zh-rTW: Cannot utime: Operation not permitted
build	Cache Android SDK	2026-06-06T12:23:00.8945510Z /usr/bin/tar: ../../../../../usr/local/lib/android/sdk/platforms/android-34-ext8/data/res/values-mcc302-mnc720-zh-rTW: Cannot change mode to rwxr-xr-x: Operation not permitted
build	Cache Android SDK	2026-06-06T12:23:00.8948104Z /usr/bin/tar: ../../../../../usr/local/lib/android/sdk/platforms/android-34-ext8/data/res/values-mcc302-mnc370-te: Cannot utime: Operation not permitted
build	Cache Android SDK	2026-06-06T12:23:00.8949043Z /usr/bin/tar: ../../../../../usr/local/lib/android/sdk/platforms/android-34-ext8/data/res/values-mcc302-mnc370-te: Cannot change mode to rwxr-xr-x: Operation not permitted
build	Cache Android SDK	2026-06-06T12:23:00.8956416Z /usr/bin/tar: ../../../../../usr/local/lib/android/sdk/platforms/android-34-ext8/data/res/values-ms: Cannot utime: Operation not permitted
build	Cache Android SDK	2026-06-06T12:23:00.8957289Z /usr/bin/tar: ../../../../../usr/local/lib/android/sdk/platforms/android-34-ext8/data/res/values-ms: Cannot change mode to rwxr-xr-x: Operation not permitted
build	Cache Android SDK	2026-06-06T12:23:00.8959375Z /usr/bin/tar: ../../../../../usr/local/lib/android/sdk/platforms/android-34-ext8/data/res/values-mcc310-mnc270-pt: Cannot utime: Operation not permitted
build	Cache Android SDK	2026-06-06T12:23:00.8960343Z /usr/bin/tar: ../../../../../usr/local/lib/android/sdk/platforms/android-34-ext8/data/res/values-mcc310-mnc270-pt: Cannot change mode to rwxr-xr-x: Operation not permitted
build	Cache Android SDK	2026-06-06T12:23:00.8962622Z /usr/bin/tar: ../../../../../usr/local/lib/android/sdk/platforms/android-34-ext8/data/res/values-mcc310-mnc310-kk: Cannot utime: Operation not permitted
build	Cache Android SDK	2026-06-06T12:23:00.8963584Z /usr/bin/tar: ../../../../../usr/local/lib/android/sdk/platforms/android-34-ext8/data/res/values-mcc310-mnc310-kk: Cannot change mode to rwxr-xr-x: Operation not permitted
build	Cache Android SDK	2026-06-06T12:23:00.8966377Z /usr/bin/tar: ../../../../../usr/local/lib/android/sdk/platforms/android-34-ext8/data/res/raw-pt-rBR: Cannot utime: Operation not permitted
build	Cache Android SDK	2026-06-06T12:23:00.8967251Z /usr/bin/tar: ../../../../../usr/local/lib/android/sdk/platforms/android-34-ext8/data/res/raw-pt-rBR: Cannot change mode to rwxr-xr-x: Operation not permitted
build	Cache Android SDK	2026-06-06T12:23:00.8970430Z /usr/bin/tar: ../../../../../usr/local/lib/android/sdk/platforms/android-34-ext8/data/res/values-mcc310-mnc160-fi: Cannot utime: Operation not permitted
build	Cache Android SDK	2026-06-06T12:23:00.8971373Z /usr/bin/tar: ../../../../../usr/local/lib/android/sdk/platforms/android-34-ext8/data/res/values-mcc310-mnc160-fi: Cannot change mode to rwxr-xr-x: Operation not permitted
build	Cache Android SDK	2026-06-06T12:23:00.8973550Z /usr/bin/tar: ../../../../../usr/local/lib/android/sdk/platforms/android-34-ext8/data/res/values-mcc310-mnc950-da: Cannot utime: Operation not permitted
build	Cache Android SDK	2026-06-06T12:23:00.8974618Z /usr/bin/tar: ../../../../../usr/local/lib/android/sdk/platforms/android-34-ext8/data/res/values-mcc310-mnc950-da: Cannot change mode to rwxr-xr-x: Operation not permitted
build	Cache Android SDK	2026-06-06T12:23:00.8977067Z /usr/bin/tar: ../../../../../usr/local/lib/android/sdk/platforms/android-34-ext8/data/res/values-mcc310-mnc220-fi: Cannot utime: Operation not permitted
build	Cache Android SDK	2026-06-06T12:23:00.8978075Z /usr/bin/tar: ../../../../../usr/local/lib/android/sdk/platforms/android-34-ext8/data/res/values-mcc310-mnc220-fi: Cannot change mode to rwxr-xr-x: Operation not permitted
build	Cache Android SDK	2026-06-06T12:23:00.8980119Z /usr/bin/tar: ../../../../../usr/local/lib/android/sdk/platforms/android-34-ext8/data/res/values-mcc310-mnc210-it: Cannot utime: Operation not permitted
build	Cache Android SDK	2026-06-06T12:23:00.8981063Z /usr/bin/tar: ../../../../../usr/local/lib/android/sdk/platforms/android-34-ext8/data/res/values-mcc310-mnc210-it: Cannot change mode to rwxr-xr-x: Operation not permitted
build	Cache Android SDK	2026-06-06T12:23:00.8983742Z /usr/bin/tar: ../../../../../usr/local/lib/android/sdk/platforms/android-34-ext8/data/res/values-mcc310-mnc490-lt: Cannot utime: Operation not permitted
build	Cache Android SDK	2026-06-06T12:23:00.8984680Z /usr/bin/tar: ../../../../../usr/local/lib/android/sdk/platforms/android-34-ext8/data/res/values-mcc310-mnc490-lt: Cannot change mode to rwxr-xr-x: Operation not permitted
build	Cache Android SDK	2026-06-06T12:23:00.8986950Z /usr/bin/tar: ../../../../../usr/local/lib/android/sdk/platforms/android-34-ext8/data/res/values-mcc310-mnc220-bg: Cannot utime: Operation not permitted
build	Cache Android SDK	2026-06-06T12:23:00.8988070Z /usr/bin/tar: ../../../../../usr/local/lib/android/sdk/platforms/android-34-ext8/data/res/values-mcc310-mnc220-bg: Cannot change mode to rwxr-xr-x: Operation not permitted
build	Cache Android SDK	2026-06-06T12:23:00.8990375Z /usr/bin/tar: ../../../../../usr/local/lib/android/sdk/platforms/android-34-ext8/data/res/values-mcc334-mnc020-ms: Cannot utime: Operation not permitted
build	Cache Android SDK	2026-06-06T12:23:00.8991315Z /usr/bin/tar: ../../../../../usr/local/lib/android/sdk/platforms/android-34-ext8/data/res/values-mcc334-mnc020-ms: Cannot change mode to rwxr-xr-x: Operation not permitted
build	Cache Android SDK	2026-06-06T12:23:00.8993694Z /usr/bin/tar: ../../../../../usr/local/lib/android/sdk/platforms/android-34-ext8/data/res/values-mcc310-mnc950-or: Cannot utime: Operation not permitted
build	Cache Android SDK	2026-06-06T12:23:00.8994625Z /usr/bin/tar: ../../../../../usr/local/lib/android/sdk/platforms/android-34-ext8/data/res/values-mcc310-mnc950-or: Cannot change mode to rwxr-xr-x: Operation not permitted
build	Cache Android SDK	2026-06-06T12:23:00.8996993Z /usr/bin/tar: ../../../../../usr/local/lib/android/sdk/platforms/android-34-ext8/data/res/values-mcc310-mnc800-eu: Cannot utime: Operation not permitted
build	Cache Android SDK	2026-06-06T12:23:00.8998034Z /usr/bin/tar: ../../../../../usr/local/lib/android/sdk/platforms/android-34-ext8/data/res/values-mcc310-mnc800-eu: Cannot change mode to rwxr-xr-x: Operation not permitted
build	Cache Android SDK	2026-06-06T12:23:00.9000358Z /usr/bin/tar: ../../../../../usr/local/lib/android/sdk/platforms/android-34-ext8/data/res/values-mcc310-mnc030-lv: Cannot utime: Operation not permitted
build	Cache Android SDK	2026-06-06T12:23:00.9001305Z /usr/bin/tar: ../../../../../usr/local/lib/android/sdk/platforms/android-34-ext8/data/res/values-mcc310-mnc030-lv: Cannot change mode to rwxr-xr-x: Operation not permitted
build	Cache Android SDK	2026-06-06T12:23:00.9003655Z /usr/bin/tar: ../../../../../usr/local/lib/android/sdk/platforms/android-34-ext8/data/res/values-mcc311-mnc180-da: Cannot utime: Operation not permitted
build	Cache Android SDK	2026-06-06T12:23:00.9004596Z /usr/bin/tar: ../../../../../usr/local/lib/android/sdk/platforms/android-34-ext8/data/res/values-mcc311-mnc180-da: Cannot change mode to rwxr-xr-x: Operation not permitted
build	Cache Android SDK	2026-06-06T12:23:00.9007186Z /usr/bin/tar: ../../../../../usr/local/lib/android/sdk/platforms/android-34-ext8/data/res/values-mcc310-mnc210-my: Cannot utime: Operation not permitted
build	Cache Android SDK	2026-06-06T12:23:00.9008213Z /usr/bin/tar: ../../../../../usr/local/lib/android/sdk/platforms/android-34-ext8/data/res/values-mcc310-mnc210-my: Cannot change mode to rwxr-xr-x: Operation not permitted
build	Cache Android SDK	2026-06-06T12:23:00.9010096Z /usr/bin/tar: ../../../../../usr/local/lib/android/sdk/platforms/android-34-ext8/data/res/values-mcc310-mnc660: Cannot utime: Operation not permitted
build	Cache Android SDK	2026-06-06T12:23:00.9011028Z /usr/bin/tar: ../../../../../usr/local/lib/android/sdk/platforms/android-34-ext8/data/res/values-mcc310-mnc660: Cannot change mode to rwxr-xr-x: Operation not permitted
build	Cache Android SDK	2026-06-06T12:23:00.9015228Z /usr/bin/tar: ../../../../../usr/local/lib/android/sdk/platforms/android-34-ext8/data/res/values-mcc312-mnc670-eu: Cannot utime: Operation not permitted
build	Cache Android SDK	2026-06-06T12:23:00.9016173Z /usr/bin/tar: ../../../../../usr/local/lib/android/sdk/platforms/android-34-ext8/data/res/values-mcc312-mnc670-eu: Cannot change mode to rwxr-xr-x: Operation not permitted
build	Cache Android SDK	2026-06-06T12:23:00.9019167Z /usr/bin/tar: ../../../../../usr/local/lib/android/sdk/platforms/android-34-ext8/data/res/values-uk-television: Cannot utime: Operation not permitted
build	Cache Android SDK	2026-06-06T12:23:00.9022272Z /usr/bin/tar: ../../../../../usr/local/lib/android/sdk/platforms/android-34-ext8/data/res/values-uk-television: Cannot change mode to rwxr-xr-x: Operation not permitted
build	Cache Android SDK	2026-06-06T12:23:00.9023305Z /usr/bin/tar: ../../../../../usr/local/lib/android/sdk/platforms/android-34-ext8/data/res/values-mcc310-mnc950-en-rCA: Cannot utime: Operation not permitted
build	Cache Android SDK	2026-06-06T12:23:00.9024290Z /usr/bin/tar: ../../../../../usr/local/lib/android/sdk/platforms/android-34-ext8/data/res/values-mcc310-mnc950-en-rCA: Cannot change mode to rwxr-xr-x: Operation not permitted
build	Cache Android SDK	2026-06-06T12:23:00.9025520Z /usr/bin/tar: ../../../../../usr/local/lib/android/sdk/platforms/android-34-ext8/data/res/values-mcc310-mnc560-et: Cannot utime: Operation not permitted
build	Cache Android SDK	2026-06-06T12:23:00.9026517Z /usr/bin/tar: ../../../../../usr/local/lib/android/sdk/platforms/android-34-ext8/data/res/values-mcc310-mnc560-et: Cannot change mode to rwxr-xr-x: Operation not permitted
build	Cache Android SDK	2026-06-06T12:23:00.9030202Z /usr/bin/tar: ../../../../../usr/local/lib/android/sdk/platforms/android-34-ext8/data/res/values-mcc310-mnc560: Cannot utime: Operation not permitted
build	Cache Android SDK	2026-06-06T12:23:00.9031143Z /usr/bin/tar: ../../../../../usr/local/lib/android/sdk/platforms/android-34-ext8/data/res/values-mcc310-mnc560: Cannot change mode to rwxr-xr-x: Operation not permitted
build	Cache Android SDK	2026-06-06T12:23:00.9033231Z /usr/bin/tar: ../../../../../usr/local/lib/android/sdk/platforms/android-34-ext8/data/res/values-mcc310-mnc660-eu: Cannot utime: Operation not permitted
build	Cache Android SDK	2026-06-06T12:23:00.9034169Z /usr/bin/tar: ../../../../../usr/local/lib/android/sdk/platforms/android-34-ext8/data/res/values-mcc310-mnc660-eu: Cannot change mode to rwxr-xr-x: Operation not permitted
build	Cache Android SDK	2026-06-06T12:23:00.9036373Z /usr/bin/tar: ../../../../../usr/local/lib/android/sdk/platforms/android-34-ext8/data/res/values-mcc310-mnc150-uz: Cannot utime: Operation not permitted
build	Cache Android SDK	2026-06-06T12:23:00.9037464Z /usr/bin/tar: ../../../../../usr/local/lib/android/sdk/platforms/android-34-ext8/data/res/values-mcc310-mnc150-uz: Cannot change mode to rwxr-xr-x: Operation not permitted
build	Cache Android SDK	2026-06-06T12:23:00.9039696Z /usr/bin/tar: ../../../../../usr/local/lib/android/sdk/platforms/android-34-ext8/data/res/values-mcc302-mnc370-lo: Cannot utime: Operation not permitted
build	Cache Android SDK	2026-06-06T12:23:00.9040636Z /usr/bin/tar: ../../../../../usr/local/lib/android/sdk/platforms/android-34-ext8/data/res/values-mcc302-mnc370-lo: Cannot change mode to rwxr-xr-x: Operation not permitted
build	Cache Android SDK	2026-06-06T12:23:00.9042923Z /usr/bin/tar: ../../../../../usr/local/lib/android/sdk/platforms/android-34-ext8/data/res/values-mcc310-mnc380-tl: Cannot utime: Operation not permitted
build	Cache Android SDK	2026-06-06T12:23:00.9043857Z /usr/bin/tar: ../../../../../usr/local/lib/android/sdk/platforms/android-34-ext8/data/res/values-mcc310-mnc380-tl: Cannot change mode to rwxr-xr-x: Operation not permitted
build	Cache Android SDK	2026-06-06T12:23:00.9046458Z /usr/bin/tar: ../../../../../usr/local/lib/android/sdk/platforms/android-34-ext8/data/res/values-fi-rFI: Cannot utime: Operation not permitted
build	Cache Android SDK	2026-06-06T12:23:00.9047332Z /usr/bin/tar: ../../../../../usr/local/lib/android/sdk/platforms/android-34-ext8/data/res/values-fi-rFI: Cannot change mode to rwxr-xr-x: Operation not permitted
build	Cache Android SDK	2026-06-06T12:23:00.9049626Z /usr/bin/tar: ../../../../../usr/local/lib/android/sdk/platforms/android-34-ext8/data/res/values-mcc310-mnc280-vi: Cannot utime: Operation not permitted
build	Cache Android SDK	2026-06-06T12:23:00.9050567Z /usr/bin/tar: ../../../../../usr/local/lib/android/sdk/platforms/android-34-ext8/data/res/values-mcc310-mnc280-vi: Cannot change mode to rwxr-xr-x: Operation not permitted
build	Cache Android SDK	2026-06-06T12:23:00.9052602Z /usr/bin/tar: ../../../../../usr/local/lib/android/sdk/platforms/android-34-ext8/data/res/values-mcc310-mnc280-ru: Cannot utime: Operation not permitted
build	Cache Android SDK	2026-06-06T12:23:00.9053617Z /usr/bin/tar: ../../../../../usr/local/lib/android/sdk/platforms/android-34-ext8/data/res/values-mcc310-mnc280-ru: Cannot change mode to rwxr-xr-x: Operation not permitted
build	Cache Android SDK	2026-06-06T12:23:00.9055686Z /usr/bin/tar: ../../../../../usr/local/lib/android/sdk/platforms/android-34-ext8/data/res/values-mcc310-mnc800-in: Cannot utime: Operation not permitted
build	Cache Android SDK	2026-06-06T12:23:00.9056675Z /usr/bin/tar: ../../../../../usr/local/lib/android/sdk/platforms/android-34-ext8/data/res/values-mcc310-mnc800-in: Cannot change mode to rwxr-xr-x: Operation not permitted
build	Cache Android SDK	2026-06-06T12:23:00.9059728Z /usr/bin/tar: ../../../../../usr/local/lib/android/sdk/platforms/android-34-ext8/data/res/values-mcc310-mnc490-tr: Cannot utime: Operation not permitted
build	Cache Android SDK	2026-06-06T12:23:00.9060672Z /usr/bin/tar: ../../../../../usr/local/lib/android/sdk/platforms/android-34-ext8/data/res/values-mcc310-mnc490-tr: Cannot change mode to rwxr-xr-x: Operation not permitted
build	Cache Android SDK	2026-06-06T12:23:00.9062763Z /usr/bin/tar: ../../../../../usr/local/lib/android/sdk/platforms/android-34-ext8/data/res/values-mcc310-mnc380-bg: Cannot utime: Operation not permitted
build	Cache Android SDK	2026-06-06T12:23:00.9063700Z /usr/bin/tar: ../../../../../usr/local/lib/android/sdk/platforms/android-34-ext8/data/res/values-mcc310-mnc380-bg: Cannot change mode to rwxr-xr-x: Operation not permitted
build	Cache Android SDK	2026-06-06T12:23:00.9066153Z /usr/bin/tar: ../../../../../usr/local/lib/android/sdk/platforms/android-34-ext8/data/res/values-mcc302-mnc370-km: Cannot utime: Operation not permitted
build	Cache Android SDK	2026-06-06T12:23:00.9067102Z /usr/bin/tar: ../../../../../usr/local/lib/android/sdk/platforms/android-34-ext8/data/res/values-mcc302-mnc370-km: Cannot change mode to rwxr-xr-x: Operation not permitted
build	Cache Android SDK	2026-06-06T12:23:00.9069111Z /usr/bin/tar: ../../../../../usr/local/lib/android/sdk/platforms/android-34-ext8/data/res/values-mcc310-mnc170-si: Cannot utime: Operation not permitted
build	Cache Android SDK	2026-06-06T12:23:00.9070060Z /usr/bin/tar: ../../../../../usr/local/lib/android/sdk/platforms/android-34-ext8/data/res/values-mcc310-mnc170-si: Cannot change mode to rwxr-xr-x: Operation not permitted
build	Cache Android SDK	2026-06-06T12:23:00.9072328Z /usr/bin/tar: ../../../../../usr/local/lib/android/sdk/platforms/android-34-ext8/data/res/values-de-rLI: Cannot utime: Operation not permitted
build	Cache Android SDK	2026-06-06T12:23:00.9073211Z /usr/bin/tar: ../../../../../usr/local/lib/android/sdk/platforms/android-34-ext8/data/res/values-de-rLI: Cannot change mode to rwxr-xr-x: Operation not permitted
build	Cache Android SDK	2026-06-06T12:23:00.9075981Z /usr/bin/tar: ../../../../../usr/local/lib/android/sdk/platforms/android-34-ext8/data/res/values-mcc310-mnc200-pl: Cannot utime: Operation not permitted
build	Cache Android SDK	2026-06-06T12:23:00.9076918Z /usr/bin/tar: ../../../../../usr/local/lib/android/sdk/platforms/android-34-ext8/data/res/values-mcc310-mnc200-pl: Cannot change mode to rwxr-xr-x: Operation not permitted
build	Cache Android SDK	2026-06-06T12:23:00.9079559Z /usr/bin/tar: ../../../../../usr/local/lib/android/sdk/platforms/android-34-ext8/data/res/values-mcc001-mnc01-en-rCA: Cannot utime: Operation not permitted
build	Cache Android SDK	2026-06-06T12:23:00.9080539Z /usr/bin/tar: ../../../../../usr/local/lib/android/sdk/platforms/android-34-ext8/data/res/values-mcc001-mnc01-en-rCA: Cannot change mode to rwxr-xr-x: Operation not permitted
build	Cache Android SDK	2026-06-06T12:23:00.9082905Z /usr/bin/tar: ../../../../../usr/local/lib/android/sdk/platforms/android-34-ext8/data/res/values-mcc310-mnc170-tr: Cannot utime: Operation not permitted
build	Cache Android SDK	2026-06-06T12:23:00.9083951Z /usr/bin/tar: ../../../../../usr/local/lib/android/sdk/platforms/android-34-ext8/data/res/values-mcc310-mnc170-tr: Cannot change mode to rwxr-xr-x: Operation not permitted
build	Cache Android SDK	2026-06-06T12:23:00.9086038Z /usr/bin/tar: ../../../../../usr/local/lib/android/sdk/platforms/android-34-ext8/data/res/values-mcc310-mnc490-nl: Cannot utime: Operation not permitted
build	Cache Android SDK	2026-06-06T12:23:00.9086988Z /usr/bin/tar: ../../../../../usr/local/lib/android/sdk/platforms/android-34-ext8/data/res/values-mcc310-mnc490-nl: Cannot change mode to rwxr-xr-x: Operation not permitted
build	Cache Android SDK	2026-06-06T12:23:00.9089275Z /usr/bin/tar: ../../../../../usr/local/lib/android/sdk/platforms/android-34-ext8/data/res/values-mcc310-mnc030-ne: Cannot utime: Operation not permitted
build	Cache Android SDK	2026-06-06T12:23:00.9090290Z /usr/bin/tar: ../../../../../usr/local/lib/android/sdk/platforms/android-34-ext8/data/res/values-mcc310-mnc030-ne: Cannot change mode to rwxr-xr-x: Operation not permitted
build	Cache Android SDK	2026-06-06T12:23:00.9092862Z /usr/bin/tar: ../../../../../usr/local/lib/android/sdk/platforms/android-34-ext8/data/res/values-mcc310-mnc150-lo: Cannot utime: Operation not permitted
build	Cache Android SDK	2026-06-06T12:23:00.9093895Z /usr/bin/tar: ../../../../../usr/local/lib/android/sdk/platforms/android-34-ext8/data/res/values-mcc310-mnc150-lo: Cannot change mode to rwxr-xr-x: Operation not permitted
build	Cache Android SDK	2026-06-06T12:23:00.9095875Z /usr/bin/tar: ../../../../../usr/local/lib/android/sdk/platforms/android-34-ext8/data/res/values-mcc310-mnc800-iw: Cannot utime: Operation not permitted
build	Cache Android SDK	2026-06-06T12:23:00.9096806Z /usr/bin/tar: ../../../../../usr/local/lib/android/sdk/platforms/android-34-ext8/data/res/values-mcc310-mnc800-iw: Cannot change mode to rwxr-xr-x: Operation not permitted
build	Cache Android SDK	2026-06-06T12:23:00.9099417Z /usr/bin/tar: ../../../../../usr/local/lib/android/sdk/platforms/android-34-ext8/data/res/values-mcc310-mnc250-sq: Cannot utime: Operation not permitted
build	Cache Android SDK	2026-06-06T12:23:00.9100355Z /usr/bin/tar: ../../../../../usr/local/lib/android/sdk/platforms/android-34-ext8/data/res/values-mcc310-mnc250-sq: Cannot change mode to rwxr-xr-x: Operation not permitted
build	Cache Android SDK	2026-06-06T12:23:00.9102703Z /usr/bin/tar: ../../../../../usr/local/lib/android/sdk/platforms/android-34-ext8/data/res/values-mcc310-mnc150-ka: Cannot utime: Operation not permitted
build	Cache Android SDK	2026-06-06T12:23:00.9103642Z /usr/bin/tar: ../../../../../usr/local/lib/android/sdk/platforms/android-34-ext8/data/res/values-mcc310-mnc150-ka: Cannot change mode to rwxr-xr-x: Operation not permitted
build	Cache Android SDK	2026-06-06T12:23:00.9106084Z /usr/bin/tar: ../../../../../usr/local/lib/android/sdk/platforms/android-34-ext8/data/res/values-h320dp: Cannot utime: Operation not permitted
build	Cache Android SDK	2026-06-06T12:23:00.9106980Z /usr/bin/tar: ../../../../../usr/local/lib/android/sdk/platforms/android-34-ext8/data/res/values-h320dp: Cannot change mode to rwxr-xr-x: Operation not permitted
build	Cache Android SDK	2026-06-06T12:23:00.9110972Z /usr/bin/tar: ../../../../../usr/local/lib/android/sdk/platforms/android-34-ext8/data/res/values-television: Cannot utime: Operation not permitted
build	Cache Android SDK	2026-06-06T12:23:00.9112025Z /usr/bin/tar: ../../../../../usr/local/lib/android/sdk/platforms/android-34-ext8/data/res/values-television: Cannot change mode to rwxr-xr-x: Operation not permitted
build	Cache Android SDK	2026-06-06T12:23:00.9115574Z /usr/bin/tar: ../../../../../usr/local/lib/android/sdk/platforms/android-34-ext8/data/res/values-mcc310-mnc220-lt: Cannot utime: Operation not permitted
build	Cache Android SDK	2026-06-06T12:23:00.9116713Z /usr/bin/tar: ../../../../../usr/local/lib/android/sdk/platforms/android-34-ext8/data/res/values-mcc310-mnc220-lt: Cannot change mode to rwxr-xr-x: Operation not permitted
build	Cache Android SDK	2026-06-06T12:23:00.9118895Z /usr/bin/tar: ../../../../../usr/local/lib/android/sdk/platforms/android-34-ext8/data/res/values-mcc311-mnc180-en-rXC: Cannot utime: Operation not permitted
build	Cache Android SDK	2026-06-06T12:23:00.9119908Z /usr/bin/tar: ../../../../../usr/local/lib/android/sdk/platforms/android-34-ext8/data/res/values-mcc311-mnc180-en-rXC: Cannot change mode to rwxr-xr-x: Operation not permitted
build	Cache Android SDK	2026-06-06T12:23:00.9122144Z /usr/bin/tar: ../../../../../usr/local/lib/android/sdk/platforms/android-34-ext8/data/res/values-mcc310-mnc640: Cannot utime: Operation not permitted
build	Cache Android SDK	2026-06-06T12:23:00.9123236Z /usr/bin/tar: ../../../../../usr/local/lib/android/sdk/platforms/android-34-ext8/data/res/values-mcc310-mnc640: Cannot change mode to rwxr-xr-x: Operation not permitted
build	Cache Android SDK	2026-06-06T12:23:00.9126059Z /usr/bin/tar: ../../../../../usr/local/lib/android/sdk/platforms/android-34-ext8/data/res/values-mcc208-mnc10-fr: Cannot utime: Operation not permitted
build	Cache Android SDK	2026-06-06T12:23:00.9127051Z /usr/bin/tar: ../../../../../usr/local/lib/android/sdk/platforms/android-34-ext8/data/res/values-mcc208-mnc10-fr: Cannot change mode to rwxr-xr-x: Operation not permitted
build	Cache Android SDK	2026-06-06T12:23:00.9129620Z /usr/bin/tar: ../../../../../usr/local/lib/android/sdk/platforms/android-34-ext8/data/res/values-mcc310-mnc250-ne: Cannot utime: Operation not permitted
build	Cache Android SDK	2026-06-06T12:23:00.9130598Z /usr/bin/tar: ../../../../../usr/local/lib/android/sdk/platforms/android-34-ext8/data/res/values-mcc310-mnc250-ne: Cannot change mode to rwxr-xr-x: Operation not permitted
build	Cache Android SDK	2026-06-06T12:23:00.9133031Z /usr/bin/tar: ../../../../../usr/local/lib/android/sdk/platforms/android-34-ext8/data/res/values-mcc310-mnc310: Cannot utime: Operation not permitted
build	Cache Android SDK	2026-06-06T12:23:00.9133981Z /usr/bin/tar: ../../../../../usr/local/lib/android/sdk/platforms/android-34-ext8/data/res/values-mcc310-mnc310: Cannot change mode to rwxr-xr-x: Operation not permitted
build	Cache Android SDK	2026-06-06T12:23:00.9136828Z /usr/bin/tar: ../../../../../usr/local/lib/android/sdk/platforms/android-34-ext8/data/res/values-mcc310-mnc380-fr-rCA: Cannot utime: Operation not permitted
build	Cache Android SDK	2026-06-06T12:23:00.9138057Z /usr/bin/tar: ../../../../../usr/local/lib/android/sdk/platforms/android-34-ext8/data/res/values-mcc310-mnc380-fr-rCA: Cannot change mode to rwxr-xr-x: Operation not permitted
build	Cache Android SDK	2026-06-06T12:23:00.9140413Z /usr/bin/tar: ../../../../../usr/local/lib/android/sdk/platforms/android-34-ext8/data/res/mipmap-ldpi: Cannot utime: Operation not permitted
build	Cache Android SDK	2026-06-06T12:23:00.9141317Z /usr/bin/tar: ../../../../../usr/local/lib/android/sdk/platforms/android-34-ext8/data/res/mipmap-ldpi: Cannot change mode to rwxr-xr-x: Operation not permitted
build	Cache Android SDK	2026-06-06T12:23:00.9143328Z /usr/bin/tar: ../../../../../usr/local/lib/android/sdk/platforms/android-34-ext8/data/res/values-mcc310-mnc170-iw: Cannot utime: Operation not permitted
build	Cache Android SDK	2026-06-06T12:23:00.9144294Z /usr/bin/tar: ../../../../../usr/local/lib/android/sdk/platforms/android-34-ext8/data/res/values-mcc310-mnc170-iw: Cannot change mode to rwxr-xr-x: Operation not permitted
build	Cache Android SDK	2026-06-06T12:23:00.9149775Z /usr/bin/tar: ../../../../../usr/local/lib/android/sdk/platforms/android-34-ext8/data/res/layout-watch: Cannot utime: Operation not permitted
build	Cache Android SDK	2026-06-06T12:23:00.9150680Z /usr/bin/tar: ../../../../../usr/local/lib/android/sdk/platforms/android-34-ext8/data/res/layout-watch: Cannot change mode to rwxr-xr-x: Operation not permitted
build	Cache Android SDK	2026-06-06T12:23:00.9153289Z /usr/bin/tar: ../../../../../usr/local/lib/android/sdk/platforms/android-34-ext8/data/res/values-mcc311-mnc180-gl: Cannot utime: Operation not permitted
build	Cache Android SDK	2026-06-06T12:23:00.9154251Z /usr/bin/tar: ../../../../../usr/local/lib/android/sdk/platforms/android-34-ext8/data/res/values-mcc311-mnc180-gl: Cannot change mode to rwxr-xr-x: Operation not permitted
build	Cache Android SDK	2026-06-06T12:23:00.9156607Z /usr/bin/tar: ../../../../../usr/local/lib/android/sdk/platforms/android-34-ext8/data/res/values-mcc313-mnc100-pt-rBR: Cannot utime: Operation not permitted
build	Cache Android SDK	2026-06-06T12:23:00.9157753Z /usr/bin/tar: ../../../../../usr/local/lib/android/sdk/platforms/android-34-ext8/data/res/values-mcc313-mnc100-pt-rBR: Cannot change mode to rwxr-xr-x: Operation not permitted
build	Cache Android SDK	2026-06-06T12:23:00.9159892Z /usr/bin/tar: ../../../../../usr/local/lib/android/sdk/platforms/android-34-ext8/data/res/values-mcc310-mnc240-ru: Cannot utime: Operation not permitted
build	Cache Android SDK	2026-06-06T12:23:00.9160843Z /usr/bin/tar: ../../../../../usr/local/lib/android/sdk/platforms/android-34-ext8/data/res/values-mcc310-mnc240-ru: Cannot change mode to rwxr-xr-x: Operation not permitted
build	Cache Android SDK	2026-06-06T12:23:00.9163276Z /usr/bin/tar: ../../../../../usr/local/lib/android/sdk/platforms/android-34-ext8/data/res/values-mcc310-mnc950-ja: Cannot utime: Operation not permitted
build	Cache Android SDK	2026-06-06T12:23:00.9164226Z /usr/bin/tar: ../../../../../usr/local/lib/android/sdk/platforms/android-34-ext8/data/res/values-mcc310-mnc950-ja: Cannot change mode to rwxr-xr-x: Operation not permitted
build	Cache Android SDK	2026-06-06T12:23:00.9170903Z /usr/bin/tar: ../../../../../usr/local/lib/android/sdk/platforms/android-34-ext8/data/res/values-lo: Cannot utime: Operation not permitted
build	Cache Android SDK	2026-06-06T12:23:00.9171779Z /usr/bin/tar: ../../../../../usr/local/lib/android/sdk/platforms/android-34-ext8/data/res/values-lo: Cannot change mode to rwxr-xr-x: Operation not permitted
build	Cache Android SDK	2026-06-06T12:23:00.9174261Z /usr/bin/tar: ../../../../../usr/local/lib/android/sdk/platforms/android-34-ext8/data/res/values-mcc310-mnc170-ru: Cannot utime: Operation not permitted
build	Cache Android SDK	2026-06-06T12:23:00.9175192Z /usr/bin/tar: ../../../../../usr/local/lib/android/sdk/platforms/android-34-ext8/data/res/values-mcc310-mnc170-ru: Cannot change mode to rwxr-xr-x: Operation not permitted
build	Cache Android SDK	2026-06-06T12:23:00.9177673Z /usr/bin/tar: ../../../../../usr/local/lib/android/sdk/platforms/android-34-ext8/data/res/values-mcc310-mnc310-pt-rPT: Cannot utime: Operation not permitted
build	Cache Android SDK	2026-06-06T12:23:00.9178663Z /usr/bin/tar: ../../../../../usr/local/lib/android/sdk/platforms/android-34-ext8/data/res/values-mcc310-mnc310-pt-rPT: Cannot change mode to rwxr-xr-x: Operation not permitted
build	Cache Android SDK	2026-06-06T12:23:00.9180597Z /usr/bin/tar: ../../../../../usr/local/lib/android/sdk/platforms/android-34-ext8/data/res/values-mcc310-mnc150-fa: Cannot utime: Operation not permitted
build	Cache Android SDK	2026-06-06T12:23:00.9181623Z /usr/bin/tar: ../../../../../usr/local/lib/android/sdk/platforms/android-34-ext8/data/res/values-mcc310-mnc150-fa: Cannot change mode to rwxr-xr-x: Operation not permitted
build	Cache Android SDK	2026-06-06T12:23:00.9183962Z /usr/bin/tar: ../../../../../usr/local/lib/android/sdk/platforms/android-34-ext8/data/res/values-mcc310-mnc380-gl: Cannot utime: Operation not permitted
build	Cache Android SDK	2026-06-06T12:23:00.9184906Z /usr/bin/tar: ../../../../../usr/local/lib/android/sdk/platforms/android-34-ext8/data/res/values-mcc310-mnc380-gl: Cannot change mode to rwxr-xr-x: Operation not permitted
build	Cache Android SDK	2026-06-06T12:23:00.9187187Z /usr/bin/tar: ../../../../../usr/local/lib/android/sdk/platforms/android-34-ext8/data/res/values-mcc310-mnc210-de: Cannot utime: Operation not permitted
build	Cache Android SDK	2026-06-06T12:23:00.9188366Z /usr/bin/tar: ../../../../../usr/local/lib/android/sdk/platforms/android-34-ext8/data/res/values-mcc310-mnc210-de: Cannot change mode to rwxr-xr-x: Operation not permitted
build	Cache Android SDK	2026-06-06T12:23:00.9190030Z /usr/bin/tar: ../../../../../usr/local/lib/android/sdk/platforms/android-34-ext8/data/res/values-mcc310-mnc310-ko: Cannot utime: Operation not permitted
build	Cache Android SDK	2026-06-06T12:23:00.9190981Z /usr/bin/tar: ../../../../../usr/local/lib/android/sdk/platforms/android-34-ext8/data/res/values-mcc310-mnc310-ko: Cannot change mode to rwxr-xr-x: Operation not permitted
build	Cache Android SDK	2026-06-06T12:23:00.9193370Z /usr/bin/tar: ../../../../../usr/local/lib/android/sdk/platforms/android-34-ext8/data/res/values-mcc310-mnc220-sv: Cannot utime: Operation not permitted
build	Cache Android SDK	2026-06-06T12:23:00.9194324Z /usr/bin/tar: ../../../../../usr/local/lib/android/sdk/platforms/android-34-ext8/data/res/values-mcc310-mnc220-sv: Cannot change mode to rwxr-xr-x: Operation not permitted
build	Cache Android SDK	2026-06-06T12:23:00.9196719Z /usr/bin/tar: ../../../../../usr/local/lib/android/sdk/platforms/android-34-ext8/data/res/values-b+sr+Latn-television: Cannot utime: Operation not permitted
build	Cache Android SDK	2026-06-06T12:23:00.9197906Z /usr/bin/tar: ../../../../../usr/local/lib/android/sdk/platforms/android-34-ext8/data/res/values-b+sr+Latn-television: Cannot change mode to rwxr-xr-x: Operation not permitted
build	Cache Android SDK	2026-06-06T12:23:00.9202205Z /usr/bin/tar: ../../../../../usr/local/lib/android/sdk/platforms/android-34-ext8/data/res/values-mcc310-mnc660-fr-rCA: Cannot utime: Operation not permitted
build	Cache Android SDK	2026-06-06T12:23:00.9203172Z /usr/bin/tar: ../../../../../usr/local/lib/android/sdk/platforms/android-34-ext8/data/res/values-mcc310-mnc660-fr-rCA: Cannot change mode to rwxr-xr-x: Operation not permitted
build	Cache Android SDK	2026-06-06T12:23:00.9205242Z /usr/bin/tar: ../../../../../usr/local/lib/android/sdk/platforms/android-34-ext8/data/res/values-mcc310-mnc280-hy: Cannot utime: Operation not permitted
build	Cache Android SDK	2026-06-06T12:23:00.9206187Z /usr/bin/tar: ../../../../../usr/local/lib/android/sdk/platforms/android-34-ext8/data/res/values-mcc310-mnc280-hy: Cannot change mode to rwxr-xr-x: Operation not permitted
build	Cache Android SDK	2026-06-06T12:23:00.9208874Z /usr/bin/tar: ../../../../../usr/local/lib/android/sdk/platforms/android-34-ext8/data/res/values-mcc334-mnc020-zh-rTW: Cannot utime: Operation not permitted
build	Cache Android SDK	2026-06-06T12:23:00.9209952Z /usr/bin/tar: ../../../../../usr/local/lib/android/sdk/platforms/android-34-ext8/data/res/values-mcc334-mnc020-zh-rTW: Cannot change mode to rwxr-xr-x: Operation not permitted
build	Cache Android SDK	2026-06-06T12:23:00.9211931Z /usr/bin/tar: ../../../../../usr/local/lib/android/sdk/platforms/android-34-ext8/data/res/values-mcc310-mnc270-fr-rCA: Cannot utime: Operation not permitted
build	Cache Android SDK	2026-06-06T12:23:00.9212990Z /usr/bin/tar: ../../../../../usr/local/lib/android/sdk/platforms/android-34-ext8/data/res/values-mcc310-mnc270-fr-rCA: Cannot change mode to rwxr-xr-x: Operation not permitted
build	Cache Android SDK	2026-06-06T12:23:00.9215609Z /usr/bin/tar: ../../../../../usr/local/lib/android/sdk/platforms/android-34-ext8/data/res/values-mcc310-mnc410-de: Cannot utime: Operation not permitted
build	Cache Android SDK	2026-06-06T12:23:00.9216825Z /usr/bin/tar: ../../../../../usr/local/lib/android/sdk/platforms/android-34-ext8/data/res/values-mcc310-mnc410-de: Cannot change mode to rwxr-xr-x: Operation not permitted
build	Cache Android SDK	2026-06-06T12:23:00.9218883Z /usr/bin/tar: ../../../../../usr/local/lib/android/sdk/platforms/android-34-ext8/data/res/values-mcc310-mnc560-zh-rCN: Cannot utime: Operation not permitted
build	Cache Android SDK	2026-06-06T12:23:00.9219891Z /usr/bin/tar: ../../../../../usr/local/lib/android/sdk/platforms/android-34-ext8/data/res/values-mcc310-mnc560-zh-rCN: Cannot change mode to rwxr-xr-x: Operation not permitted
build	Cache Android SDK	2026-06-06T12:23:00.9222182Z /usr/bin/tar: ../../../../../usr/local/lib/android/sdk/platforms/android-34-ext8/data/res/values-mcc310-mnc240-th: Cannot utime: Operation not permitted
build	Cache Android SDK	2026-06-06T12:23:00.9223260Z /usr/bin/tar: ../../../../../usr/local/lib/android/sdk/platforms/android-34-ext8/data/res/values-mcc310-mnc240-th: Cannot change mode to rwxr-xr-x: Operation not permitted
build	Cache Android SDK	2026-06-06T12:23:00.9225730Z /usr/bin/tar: ../../../../../usr/local/lib/android/sdk/platforms/android-34-ext8/data/res/values-mcc310-mnc030-fr-rCA: Cannot utime: Operation not permitted
build	Cache Android SDK	2026-06-06T12:23:00.9226735Z /usr/bin/tar: ../../../../../usr/local/lib/android/sdk/platforms/android-34-ext8/data/res/values-mcc310-mnc030-fr-rCA: Cannot change mode to rwxr-xr-x: Operation not permitted
build	Cache Android SDK	2026-06-06T12:23:00.9229114Z /usr/bin/tar: ../../../../../usr/local/lib/android/sdk/platforms/android-34-ext8/data/res/values-mcc310-mnc380-en-rGB: Cannot utime: Operation not permitted
build	Cache Android SDK	2026-06-06T12:23:00.9230116Z /usr/bin/tar: ../../../../../usr/local/lib/android/sdk/platforms/android-34-ext8/data/res/values-mcc310-mnc380-en-rGB: Cannot change mode to rwxr-xr-x: Operation not permitted
build	Cache Android SDK	2026-06-06T12:23:00.9234113Z /usr/bin/tar: ../../../../../usr/local/lib/android/sdk/platforms/android-34-ext8/data/res/values-mcc310-mnc250-ms: Cannot utime: Operation not permitted
build	Cache Android SDK	2026-06-06T12:23:00.9235088Z /usr/bin/tar: ../../../../../usr/local/lib/android/sdk/platforms/android-34-ext8/data/res/values-mcc310-mnc250-ms: Cannot change mode to rwxr-xr-x: Operation not permitted
build	Cache Android SDK	2026-06-06T12:23:00.9236983Z /usr/bin/tar: ../../../../../usr/local/lib/android/sdk/platforms/android-34-ext8/data/res/values-zh-rCN-television: Cannot utime: Operation not permitted
build	Cache Android SDK	2026-06-06T12:23:00.9238211Z /usr/bin/tar: ../../../../../usr/local/lib/android/sdk/platforms/android-34-ext8/data/res/values-zh-rCN-television: Cannot change mode to rwxr-xr-x: Operation not permitted
build	Cache Android SDK	2026-06-06T12:23:00.9240422Z /usr/bin/tar: ../../../../../usr/local/lib/android/sdk/platforms/android-34-ext8/data/res/values-mcc310-mnc150-cs: Cannot utime: Operation not permitted
build	Cache Android SDK	2026-06-06T12:23:00.9241498Z /usr/bin/tar: ../../../../../usr/local/lib/android/sdk/platforms/android-34-ext8/data/res/values-mcc310-mnc150-cs: Cannot change mode to rwxr-xr-x: Operation not permitted
build	Cache Android SDK	2026-06-06T12:23:00.9243729Z /usr/bin/tar: ../../../../../usr/local/lib/android/sdk/platforms/android-34-ext8/data/res/values-mcc310-mnc200-lt: Cannot utime: Operation not permitted
build	Cache Android SDK	2026-06-06T12:23:00.9244689Z /usr/bin/tar: ../../../../../usr/local/lib/android/sdk/platforms/android-34-ext8/data/res/values-mcc310-mnc200-lt: Cannot change mode to rwxr-xr-x: Operation not permitted
build	Cache Android SDK	2026-06-06T12:23:00.9247575Z /usr/bin/tar: ../../../../../usr/local/lib/android/sdk/platforms/android-34-ext8/data/res/values-mcc310-mnc150-de: Cannot utime: Operation not permitted
build	Cache Android SDK	2026-06-06T12:23:00.9248525Z /usr/bin/tar: ../../../../../usr/local/lib/android/sdk/platforms/android-34-ext8/data/res/values-mcc310-mnc150-de: Cannot change mode to rwxr-xr-x: Operation not permitted
build	Cache Android SDK	2026-06-06T12:23:00.9250530Z /usr/bin/tar: ../../../../../usr/local/lib/android/sdk/platforms/android-34-ext8/data/res/values-mcc001-mnc01-ms: Cannot utime: Operation not permitted
build	Cache Android SDK	2026-06-06T12:23:00.9251561Z /usr/bin/tar: ../../../../../usr/local/lib/android/sdk/platforms/android-34-ext8/data/res/values-mcc001-mnc01-ms: Cannot change mode to rwxr-xr-x: Operation not permitted
build	Cache Android SDK	2026-06-06T12:23:00.9254139Z /usr/bin/tar: ../../../../../usr/local/lib/android/sdk/platforms/android-34-ext8/data/res/values-ta-watch: Cannot utime: Operation not permitted
build	Cache Android SDK	2026-06-06T12:23:00.9255145Z /usr/bin/tar: ../../../../../usr/local/lib/android/sdk/platforms/android-34-ext8/data/res/values-ta-watch: Cannot change mode to rwxr-xr-x: Operation not permitted
build	Cache Android SDK	2026-06-06T12:23:00.9257606Z /usr/bin/tar: ../../../../../usr/local/lib/android/sdk/platforms/android-34-ext8/data/res/values-mcc310-mnc160-is: Cannot utime: Operation not permitted
build	Cache Android SDK	2026-06-06T12:23:00.9258655Z /usr/bin/tar: ../../../../../usr/local/lib/android/sdk/platforms/android-34-ext8/data/res/values-mcc310-mnc160-is: Cannot change mode to rwxr-xr-x: Operation not permitted
build	Cache Android SDK	2026-06-06T12:23:00.9260675Z /usr/bin/tar: ../../../../../usr/local/lib/android/sdk/platforms/android-34-ext8/data/res/values-mcc310-mnc230-zu: Cannot utime: Operation not permitted
build	Cache Android SDK	2026-06-06T12:23:00.9261627Z /usr/bin/tar: ../../../../../usr/local/lib/android/sdk/platforms/android-34-ext8/data/res/values-mcc310-mnc230-zu: Cannot change mode to rwxr-xr-x: Operation not permitted
build	Cache Android SDK	2026-06-06T12:23:00.9263846Z /usr/bin/tar: ../../../../../usr/local/lib/android/sdk/platforms/android-34-ext8/data/res/values-mcc312-mnc670-ca: Cannot utime: Operation not permitted
build	Cache Android SDK	2026-06-06T12:23:00.9264799Z /usr/bin/tar: ../../../../../usr/local/lib/android/sdk/platforms/android-34-ext8/data/res/values-mcc312-mnc670-ca: Cannot change mode to rwxr-xr-x: Operation not permitted
build	Cache Android SDK	2026-06-06T12:23:00.9267204Z /usr/bin/tar: ../../../../../usr/local/lib/android/sdk/platforms/android-34-ext8/data/res/values-mcc302-mnc720-es: Cannot utime: Operation not permitted
build	Cache Android SDK	2026-06-06T12:23:00.9268526Z /usr/bin/tar: ../../../../../usr/local/lib/android/sdk/platforms/android-34-ext8/data/res/values-mcc302-mnc720-es: Cannot change mode to rwxr-xr-x: Operation not permitted
build	Cache Android SDK	2026-06-06T12:23:00.9270208Z /usr/bin/tar: ../../../../../usr/local/lib/android/sdk/platforms/android-34-ext8/data/res/values-mcc310-mnc280-zh-rHK: Cannot utime: Operation not permitted
build	Cache Android SDK	2026-06-06T12:23:00.9271213Z /usr/bin/tar: ../../../../../usr/local/lib/android/sdk/platforms/android-34-ext8/data/res/values-mcc310-mnc280-zh-rHK: Cannot change mode to rwxr-xr-x: Operation not permitted
build	Cache Android SDK	2026-06-06T12:23:00.9273595Z /usr/bin/tar: ../../../../../usr/local/lib/android/sdk/platforms/android-34-ext8/data/res/values-mcc334-mnc020-en-rIN: Cannot utime: Operation not permitted
build	Cache Android SDK	2026-06-06T12:23:00.9274656Z /usr/bin/tar: ../../../../../usr/local/lib/android/sdk/platforms/android-34-ext8/data/res/values-mcc334-mnc020-en-rIN: Cannot change mode to rwxr-xr-x: Operation not permitted
build	Cache Android SDK	2026-06-06T12:23:00.9276027Z /usr/bin/tar: ../../../../../usr/local/lib/android/sdk/platforms/android-34-ext8/data/res/values-mcc001-mnc01-bg: Cannot utime: Operation not permitted
build	Cache Android SDK	2026-06-06T12:23:00.9276986Z /usr/bin/tar: ../../../../../usr/local/lib/android/sdk/platforms/android-34-ext8/data/res/values-mcc001-mnc01-bg: Cannot change mode to rwxr-xr-x: Operation not permitted
build	Cache Android SDK	2026-06-06T12:23:00.9279637Z /usr/bin/tar: ../../../../../usr/local/lib/android/sdk/platforms/android-34-ext8/data/res/values-mcc312: Cannot utime: Operation not permitted
build	Cache Android SDK	2026-06-06T12:23:00.9280557Z /usr/bin/tar: ../../../../../usr/local/lib/android/sdk/platforms/android-34-ext8/data/res/values-mcc312: Cannot change mode to rwxr-xr-x: Operation not permitted
build	Cache Android SDK	2026-06-06T12:23:00.9282744Z /usr/bin/tar: ../../../../../usr/local/lib/android/sdk/platforms/android-34-ext8/data/res/raw-ko: Cannot utime: Operation not permitted
build	Cache Android SDK	2026-06-06T12:23:00.9283605Z /usr/bin/tar: ../../../../../usr/local/lib/android/sdk/platforms/android-34-ext8/data/res/raw-ko: Cannot change mode to rwxr-xr-x: Operation not permitted
build	Cache Android SDK	2026-06-06T12:23:00.9286281Z /usr/bin/tar: ../../../../../usr/local/lib/android/sdk/platforms/android-34-ext8/data/res/values-mcc466-mnc07: Cannot utime: Operation not permitted
build	Cache Android SDK	2026-06-06T12:23:00.9287215Z /usr/bin/tar: ../../../../../usr/local/lib/android/sdk/platforms/android-34-ext8/data/res/values-mcc466-mnc07: Cannot change mode to rwxr-xr-x: Operation not permitted
build	Cache Android SDK	2026-06-06T12:23:00.9778440Z /usr/bin/tar: ../../../../../usr/local/lib/android/sdk/platforms/android-34-ext8/data/res/drawable-mdpi: Cannot utime: Operation not permitted
build	Cache Android SDK	2026-06-06T12:23:00.9780414Z /usr/bin/tar: ../../../../../usr/local/lib/android/sdk/platforms/android-34-ext8/data/res/drawable-mdpi: Cannot change mode to rwxr-xr-x: Operation not permitted
build	Cache Android SDK	2026-06-06T12:23:00.9781405Z /usr/bin/tar: ../../../../../usr/local/lib/android/sdk/platforms/android-34-ext8/data/res/values-mcc310-mnc170-gu: Cannot utime: Operation not permitted
build	Cache Android SDK	2026-06-06T12:23:00.9782369Z /usr/bin/tar: ../../../../../usr/local/lib/android/sdk/platforms/android-34-ext8/data/res/values-mcc310-mnc170-gu: Cannot change mode to rwxr-xr-x: Operation not permitted
build	Cache Android SDK	2026-06-06T12:23:00.9784453Z /usr/bin/tar: ../../../../../usr/local/lib/android/sdk/platforms/android-34-ext8/data/res/values-mcc313-mnc100-bg: Cannot utime: Operation not permitted
build	Cache Android SDK	2026-06-06T12:23:00.9785405Z /usr/bin/tar: ../../../../../usr/local/lib/android/sdk/platforms/android-34-ext8/data/res/values-mcc313-mnc100-bg: Cannot change mode to rwxr-xr-x: Operation not permitted
build	Cache Android SDK	2026-06-06T12:23:00.9788358Z /usr/bin/tar: ../../../../../usr/local/lib/android/sdk/platforms/android-34-ext8/data/res/values-mcc312-mnc670-hr: Cannot utime: Operation not permitted
build	Cache Android SDK	2026-06-06T12:23:00.9789385Z /usr/bin/tar: ../../../../../usr/local/lib/android/sdk/platforms/android-34-ext8/data/res/values-mcc312-mnc670-hr: Cannot change mode to rwxr-xr-x: Operation not permitted
build	Cache Android SDK	2026-06-06T12:23:00.9791582Z /usr/bin/tar: ../../../../../usr/local/lib/android/sdk/platforms/android-34-ext8/data/res/values-mcc310-mnc170-bs: Cannot utime: Operation not permitted
build	Cache Android SDK	2026-06-06T12:23:00.9792554Z /usr/bin/tar: ../../../../../usr/local/lib/android/sdk/platforms/android-34-ext8/data/res/values-mcc310-mnc170-bs: Cannot change mode to rwxr-xr-x: Operation not permitted
build	Cache Android SDK	2026-06-06T12:23:00.9812858Z /usr/bin/tar: ../../../../../usr/local/lib/android/sdk/platforms/android-34-ext8/data/res/values-mcc310-mnc030-bn: Cannot utime: Operation not permitted
build	Cache Android SDK	2026-06-06T12:23:00.9814289Z /usr/bin/tar: ../../../../../usr/local/lib/android/sdk/platforms/android-34-ext8/data/res/values-mcc310-mnc030-bn: Cannot change mode to rwxr-xr-x: Operation not permitted
build	Cache Android SDK	2026-06-06T12:23:00.9815636Z /usr/bin/tar: ../../../../../usr/local/lib/android/sdk/platforms/android-34-ext8/data/res/values-mcc310-mnc230-lt: Cannot utime: Operation not permitted
build	Cache Android SDK	2026-06-06T12:23:00.9816586Z /usr/bin/tar: ../../../../../usr/local/lib/android/sdk/platforms/android-34-ext8/data/res/values-mcc310-mnc230-lt: Cannot change mode to rwxr-xr-x: Operation not permitted
build	Cache Android SDK	2026-06-06T12:23:00.9820193Z /usr/bin/tar: ../../../../../usr/local/lib/android/sdk/platforms/android-34-ext8/data/res/values-mcc310-mnc150-vi: Cannot utime: Operation not permitted
build	Cache Android SDK	2026-06-06T12:23:00.9821149Z /usr/bin/tar: ../../../../../usr/local/lib/android/sdk/platforms/android-34-ext8/data/res/values-mcc310-mnc150-vi: Cannot change mode to rwxr-xr-x: Operation not permitted
build	Cache Android SDK	2026-06-06T12:23:00.9823354Z /usr/bin/tar: ../../../../../usr/local/lib/android/sdk/platforms/android-34-ext8/data/res/values-mcc001-mnc01-el: Cannot utime: Operation not permitted
build	Cache Android SDK	2026-06-06T12:23:00.9824314Z /usr/bin/tar: ../../../../../usr/local/lib/android/sdk/platforms/android-34-ext8/data/res/values-mcc001-mnc01-el: Cannot change mode to rwxr-xr-x: Operation not permitted
build	Cache Android SDK	2026-06-06T12:23:00.9826761Z /usr/bin/tar: ../../../../../usr/local/lib/android/sdk/platforms/android-34-ext8/data/res/values-mcc310-mnc230-ca: Cannot utime: Operation not permitted
build	Cache Android SDK	2026-06-06T12:23:00.9827869Z /usr/bin/tar: ../../../../../usr/local/lib/android/sdk/platforms/android-34-ext8/data/res/values-mcc310-mnc230-ca: Cannot change mode to rwxr-xr-x: Operation not permitted
build	Cache Android SDK	2026-06-06T12:23:00.9829960Z /usr/bin/tar: ../../../../../usr/local/lib/android/sdk/platforms/android-34-ext8/data/res/values-mcc310-mnc200-el: Cannot utime: Operation not permitted
build	Cache Android SDK	2026-06-06T12:23:00.9830913Z /usr/bin/tar: ../../../../../usr/local/lib/android/sdk/platforms/android-34-ext8/data/res/values-mcc310-mnc200-el: Cannot change mode to rwxr-xr-x: Operation not permitted
build	Cache Android SDK	2026-06-06T12:23:00.9833248Z /usr/bin/tar: ../../../../../usr/local/lib/android/sdk/platforms/android-34-ext8/data/res/values-mcc310-mnc160-lv: Cannot utime: Operation not permitted
build	Cache Android SDK	2026-06-06T12:23:00.9834218Z /usr/bin/tar: ../../../../../usr/local/lib/android/sdk/platforms/android-34-ext8/data/res/values-mcc310-mnc160-lv: Cannot change mode to rwxr-xr-x: Operation not permitted
build	Cache Android SDK	2026-06-06T12:23:00.9836555Z /usr/bin/tar: ../../../../../usr/local/lib/android/sdk/platforms/android-34-ext8/data/res/values-mcc310-mnc220-ko: Cannot utime: Operation not permitted
build	Cache Android SDK	2026-06-06T12:23:00.9837702Z /usr/bin/tar: ../../../../../usr/local/lib/android/sdk/platforms/android-34-ext8/data/res/values-mcc310-mnc220-ko: Cannot change mode to rwxr-xr-x: Operation not permitted
build	Cache Android SDK	2026-06-06T12:23:00.9839451Z /usr/bin/tar: ../../../../../usr/local/lib/android/sdk/platforms/android-34-ext8/data/res/values-mcc310-mnc280-pl: Cannot utime: Operation not permitted
build	Cache Android SDK	2026-06-06T12:23:00.9840407Z /usr/bin/tar: ../../../../../usr/local/lib/android/sdk/platforms/android-34-ext8/data/res/values-mcc310-mnc280-pl: Cannot change mode to rwxr-xr-x: Operation not permitted
build	Cache Android SDK	2026-06-06T12:23:00.9842857Z /usr/bin/tar: ../../../../../usr/local/lib/android/sdk/platforms/android-34-ext8/data/res/values-nl-rNL: Cannot utime: Operation not permitted
build	Cache Android SDK	2026-06-06T12:23:00.9843783Z /usr/bin/tar: ../../../../../usr/local/lib/android/sdk/platforms/android-34-ext8/data/res/values-nl-rNL: Cannot change mode to rwxr-xr-x: Operation not permitted
build	Cache Android SDK	2026-06-06T12:23:00.9845832Z /usr/bin/tar: ../../../../../usr/local/lib/android/sdk/platforms/android-34-ext8/data/res/values-mcc001-mnc01-es-rUS: Cannot utime: Operation not permitted
build	Cache Android SDK	2026-06-06T12:23:00.9846830Z /usr/bin/tar: ../../../../../usr/local/lib/android/sdk/platforms/android-34-ext8/data/res/values-mcc001-mnc01-es-rUS: Cannot change mode to rwxr-xr-x: Operation not permitted
build	Cache Android SDK	2026-06-06T12:23:00.9848971Z /usr/bin/tar: ../../../../../usr/local/lib/android/sdk/platforms/android-34-ext8/data/res/values-mcc302-mnc370-gu: Cannot utime: Operation not permitted
build	Cache Android SDK	2026-06-06T12:23:00.9849928Z /usr/bin/tar: ../../../../../usr/local/lib/android/sdk/platforms/android-34-ext8/data/res/values-mcc302-mnc370-gu: Cannot change mode to rwxr-xr-x: Operation not permitted
build	Cache Android SDK	2026-06-06T12:23:00.9852373Z /usr/bin/tar: ../../../../../usr/local/lib/android/sdk/platforms/android-34-ext8/data/res/values-mcc310-mnc490-b+sr+Latn: Cannot utime: Operation not permitted
build	Cache Android SDK	2026-06-06T12:23:00.9853390Z /usr/bin/tar: ../../../../../usr/local/lib/android/sdk/platforms/android-34-ext8/data/res/values-mcc310-mnc490-b+sr+Latn: Cannot change mode to rwxr-xr-x: Operation not permitted
build	Cache Android SDK	2026-06-06T12:23:00.9855783Z /usr/bin/tar: ../../../../../usr/local/lib/android/sdk/platforms/android-34-ext8/data/res/values-mcc310-mnc950-uk: Cannot utime: Operation not permitted
build	Cache Android SDK	2026-06-06T12:23:00.9856745Z /usr/bin/tar: ../../../../../usr/local/lib/android/sdk/platforms/android-34-ext8/data/res/values-mcc310-mnc950-uk: Cannot change mode to rwxr-xr-x: Operation not permitted
build	Cache Android SDK	2026-06-06T12:23:00.9860032Z /usr/bin/tar: ../../../../../usr/local/lib/android/sdk/platforms/android-34-ext8/data/res/values-mcc310-mnc660-ml: Cannot utime: Operation not permitted
build	Cache Android SDK	2026-06-06T12:23:00.9861082Z /usr/bin/tar: ../../../../../usr/local/lib/android/sdk/platforms/android-34-ext8/data/res/values-mcc310-mnc660-ml: Cannot change mode to rwxr-xr-x: Operation not permitted
build	Cache Android SDK	2026-06-06T12:23:00.9862844Z /usr/bin/tar: ../../../../../usr/local/lib/android/sdk/platforms/android-34-ext8/data/res/values-mcc314: Cannot utime: Operation not permitted
build	Cache Android SDK	2026-06-06T12:23:00.9863809Z /usr/bin/tar: ../../../../../usr/local/lib/android/sdk/platforms/android-34-ext8/data/res/values-mcc314: Cannot change mode to rwxr-xr-x: Operation not permitted
build	Cache Android SDK	2026-06-06T12:23:00.9866470Z /usr/bin/tar: ../../../../../usr/local/lib/android/sdk/platforms/android-34-ext8/data/res/values-mcc310-mnc200-te: Cannot utime: Operation not permitted
build	Cache Android SDK	2026-06-06T12:23:00.9867599Z /usr/bin/tar: ../../../../../usr/local/lib/android/sdk/platforms/android-34-ext8/data/res/values-mcc310-mnc200-te: Cannot change mode to rwxr-xr-x: Operation not permitted
build	Cache Android SDK	2026-06-06T12:23:00.9869697Z /usr/bin/tar: ../../../../../usr/local/lib/android/sdk/platforms/android-34-ext8/data/res/values-mcc311-mnc180-nb: Cannot utime: Operation not permitted
build	Cache Android SDK	2026-06-06T12:23:00.9870650Z /usr/bin/tar: ../../../../../usr/local/lib/android/sdk/platforms/android-34-ext8/data/res/values-mcc311-mnc180-nb: Cannot change mode to rwxr-xr-x: Operation not permitted
build	Cache Android SDK	2026-06-06T12:23:00.9873290Z /usr/bin/tar: ../../../../../usr/local/lib/android/sdk/platforms/android-34-ext8/data/res/values-mcc310-mnc250-zh-rHK: Cannot utime: Operation not permitted
build	Cache Android SDK	2026-06-06T12:23:00.9874288Z /usr/bin/tar: ../../../../../usr/local/lib/android/sdk/platforms/android-34-ext8/data/res/values-mcc310-mnc250-zh-rHK: Cannot change mode to rwxr-xr-x: Operation not permitted
build	Cache Android SDK	2026-06-06T12:23:00.9876071Z /usr/bin/tar: ../../../../../usr/local/lib/android/sdk/platforms/android-34-ext8/data/res/values-mcc310-mnc310-lo: Cannot utime: Operation not permitted
build	Cache Android SDK	2026-06-06T12:23:00.9877028Z /usr/bin/tar: ../../../../../usr/local/lib/android/sdk/platforms/android-34-ext8/data/res/values-mcc310-mnc310-lo: Cannot change mode to rwxr-xr-x: Operation not permitted
build	Cache Android SDK	2026-06-06T12:23:00.9879597Z /usr/bin/tar: ../../../../../usr/local/lib/android/sdk/platforms/android-34-ext8/data/res/values-mcc001-mnc01-pt-rBR: Cannot utime: Operation not permitted
build	Cache Android SDK	2026-06-06T12:23:00.9880590Z /usr/bin/tar: ../../../../../usr/local/lib/android/sdk/platforms/android-34-ext8/data/res/values-mcc001-mnc01-pt-rBR: Cannot change mode to rwxr-xr-x: Operation not permitted
build	Cache Android SDK	2026-06-06T12:23:00.9882609Z /usr/bin/tar: ../../../../../usr/local/lib/android/sdk/platforms/android-34-ext8/data/res/values-mcc310-mnc660-ja: Cannot utime: Operation not permitted
build	Cache Android SDK	2026-06-06T12:23:00.9883559Z /usr/bin/tar: ../../../../../usr/local/lib/android/sdk/platforms/android-34-ext8/data/res/values-mcc310-mnc660-ja: Cannot change mode to rwxr-xr-x: Operation not permitted
build	Cache Android SDK	2026-06-06T12:23:00.9885904Z /usr/bin/tar: ../../../../../usr/local/lib/android/sdk/platforms/android-34-ext8/data/res/values-mcc310-mnc280-bg: Cannot utime: Operation not permitted
build	Cache Android SDK	2026-06-06T12:23:00.9886855Z /usr/bin/tar: ../../../../../usr/local/lib/android/sdk/platforms/android-34-ext8/data/res/values-mcc310-mnc280-bg: Cannot change mode to rwxr-xr-x: Operation not permitted
build	Cache Android SDK	2026-06-06T12:23:00.9889954Z /usr/bin/tar: ../../../../../usr/local/lib/android/sdk/platforms/android-34-ext8/data/res/values-mcc310-mnc800-am: Cannot utime: Operation not permitted
build	Cache Android SDK	2026-06-06T12:23:00.9891019Z /usr/bin/tar: ../../../../../usr/local/lib/android/sdk/platforms/android-34-ext8/data/res/values-mcc310-mnc800-am: Cannot change mode to rwxr-xr-x: Operation not permitted
build	Cache Android SDK	2026-06-06T12:23:00.9893018Z /usr/bin/tar: ../../../../../usr/local/lib/android/sdk/platforms/android-34-ext8/data/res/values-mcc310-mnc170-vi: Cannot utime: Operation not permitted
build	Cache Android SDK	2026-06-06T12:23:00.9893985Z /usr/bin/tar: ../../../../../usr/local/lib/android/sdk/platforms/android-34-ext8/data/res/values-mcc310-mnc170-vi: Cannot change mode to rwxr-xr-x: Operation not permitted
build	Cache Android SDK	2026-06-06T12:23:00.9896412Z /usr/bin/tar: ../../../../../usr/local/lib/android/sdk/platforms/android-34-ext8/data/res/values-mcc310-mnc310-zu: Cannot utime: Operation not permitted
build	Cache Android SDK	2026-06-06T12:23:00.9897529Z /usr/bin/tar: ../../../../../usr/local/lib/android/sdk/platforms/android-34-ext8/data/res/values-mcc310-mnc310-zu: Cannot change mode to rwxr-xr-x: Operation not permitted
build	Cache Android SDK	2026-06-06T12:23:00.9899508Z /usr/bin/tar: ../../../../../usr/local/lib/android/sdk/platforms/android-34-ext8/data/res/values-mcc310-mnc160-bs: Cannot utime: Operation not permitted
build	Cache Android SDK	2026-06-06T12:23:00.9900532Z /usr/bin/tar: ../../../../../usr/local/lib/android/sdk/platforms/android-34-ext8/data/res/values-mcc310-mnc160-bs: Cannot change mode to rwxr-xr-x: Operation not permitted
build	Cache Android SDK	2026-06-06T12:23:00.9903464Z /usr/bin/tar: ../../../../../usr/local/lib/android/sdk/platforms/android-34-ext8/data/res/anim-watch: Cannot utime: Operation not permitted
build	Cache Android SDK	2026-06-06T12:23:00.9904422Z /usr/bin/tar: ../../../../../usr/local/lib/android/sdk/platforms/android-34-ext8/data/res/anim-watch: Cannot change mode to rwxr-xr-x: Operation not permitted
build	Cache Android SDK	2026-06-06T12:23:00.9906669Z /usr/bin/tar: ../../../../../usr/local/lib/android/sdk/platforms/android-34-ext8/data/res/values-mcc334-mnc020-en-rCA: Cannot utime: Operation not permitted
build	Cache Android SDK	2026-06-06T12:23:00.9907835Z /usr/bin/tar: ../../../../../usr/local/lib/android/sdk/platforms/android-34-ext8/data/res/values-mcc334-mnc020-en-rCA: Cannot change mode to rwxr-xr-x: Operation not permitted
build	Cache Android SDK	2026-06-06T12:23:00.9909621Z /usr/bin/tar: ../../../../../usr/local/lib/android/sdk/platforms/android-34-ext8/data/res/values-lv-television: Cannot utime: Operation not permitted
build	Cache Android SDK	2026-06-06T12:23:00.9910573Z /usr/bin/tar: ../../../../../usr/local/lib/android/sdk/platforms/android-34-ext8/data/res/values-lv-television: Cannot change mode to rwxr-xr-x: Operation not permitted
build	Cache Android SDK	2026-06-06T12:23:00.9913805Z /usr/bin/tar: ../../../../../usr/local/lib/android/sdk/platforms/android-34-ext8/data/res/values-mcc310-mnc210-ko: Cannot utime: Operation not permitted
build	Cache Android SDK	2026-06-06T12:23:00.9914860Z /usr/bin/tar: ../../../../../usr/local/lib/android/sdk/platforms/android-34-ext8/data/res/values-mcc310-mnc210-ko: Cannot change mode to rwxr-xr-x: Operation not permitted
build	Cache Android SDK	2026-06-06T12:23:00.9917267Z /usr/bin/tar: ../../../../../usr/local/lib/android/sdk/platforms/android-34-ext8/data/res/values-mcc310-mnc150-fr-rCA: Cannot utime: Operation not permitted
build	Cache Android SDK	2026-06-06T12:23:00.9918421Z /usr/bin/tar: ../../../../../usr/local/lib/android/sdk/platforms/android-34-ext8/data/res/values-mcc310-mnc150-fr-rCA: Cannot change mode to rwxr-xr-x: Operation not permitted
build	Cache Android SDK	2026-06-06T12:23:00.9920763Z /usr/bin/tar: ../../../../../usr/local/lib/android/sdk/platforms/android-34-ext8/data/res/values-mcc310-mnc030-pt-rBR: Cannot utime: Operation not permitted
build	Cache Android SDK	2026-06-06T12:23:00.9921758Z /usr/bin/tar: ../../../../../usr/local/lib/android/sdk/platforms/android-34-ext8/data/res/values-mcc310-mnc030-pt-rBR: Cannot change mode to rwxr-xr-x: Operation not permitted
build	Cache Android SDK	2026-06-06T12:23:00.9925900Z /usr/bin/tar: ../../../../../usr/local/lib/android/sdk/platforms/android-34-ext8/data/res/values-mcc334-mnc020-lv: Cannot utime: Operation not permitted
build	Cache Android SDK	2026-06-06T12:23:00.9926986Z /usr/bin/tar: ../../../../../usr/local/lib/android/sdk/platforms/android-34-ext8/data/res/values-mcc334-mnc020-lv: Cannot change mode to rwxr-xr-x: Operation not permitted
build	Cache Android SDK	2026-06-06T12:23:00.9928465Z /usr/bin/tar: ../../../../../usr/local/lib/android/sdk/platforms/android-34-ext8/data/res/values-hr-watch: Cannot utime: Operation not permitted
build	Cache Android SDK	2026-06-06T12:23:00.9929458Z /usr/bin/tar: ../../../../../usr/local/lib/android/sdk/platforms/android-34-ext8/data/res/values-hr-watch: Cannot change mode to rwxr-xr-x: Operation not permitted
build	Cache Android SDK	2026-06-06T12:23:00.9930796Z /usr/bin/tar: ../../../../../usr/local/lib/android/sdk/platforms/android-34-ext8/data/res/values-mcc310-mnc380-lo: Cannot utime: Operation not permitted
build	Cache Android SDK	2026-06-06T12:23:00.9931739Z /usr/bin/tar: ../../../../../usr/local/lib/android/sdk/platforms/android-34-ext8/data/res/values-mcc310-mnc380-lo: Cannot change mode to rwxr-xr-x: Operation not permitted
build	Cache Android SDK	2026-06-06T12:23:00.9933628Z /usr/bin/tar: ../../../../../usr/local/lib/android/sdk/platforms/android-34-ext8/data/res/values-mcc311-mnc180-mk: Cannot utime: Operation not permitted
build	Cache Android SDK	2026-06-06T12:23:00.9934624Z /usr/bin/tar: ../../../../../usr/local/lib/android/sdk/platforms/android-34-ext8/data/res/values-mcc311-mnc180-mk: Cannot change mode to rwxr-xr-x: Operation not permitted
build	Cache Android SDK	2026-06-06T12:23:00.9936792Z /usr/bin/tar: ../../../../../usr/local/lib/android/sdk/platforms/android-34-ext8/data/res/values-mcc310-mnc170-ro: Cannot utime: Operation not permitted
build	Cache Android SDK	2026-06-06T12:23:00.9937925Z /usr/bin/tar: ../../../../../usr/local/lib/android/sdk/platforms/android-34-ext8/data/res/values-mcc310-mnc170-ro: Cannot change mode to rwxr-xr-x: Operation not permitted
build	Cache Android SDK	2026-06-06T12:23:00.9941306Z /usr/bin/tar: ../../../../../usr/local/lib/android/sdk/platforms/android-34-ext8/data/res/values-mcc310-mnc200-bn: Cannot utime: Operation not permitted
build	Cache Android SDK	2026-06-06T12:23:00.9942354Z /usr/bin/tar: ../../../../../usr/local/lib/android/sdk/platforms/android-34-ext8/data/res/values-mcc310-mnc200-bn: Cannot change mode to rwxr-xr-x: Operation not permitted
build	Cache Android SDK	2026-06-06T12:23:00.9944541Z /usr/bin/tar: ../../../../../usr/local/lib/android/sdk/platforms/android-34-ext8/data/res/values-mcc310-mnc250: Cannot utime: Operation not permitted
build	Cache Android SDK	2026-06-06T12:23:00.9945479Z /usr/bin/tar: ../../../../../usr/local/lib/android/sdk/platforms/android-34-ext8/data/res/values-mcc310-mnc250: Cannot change mode to rwxr-xr-x: Operation not permitted
build	Cache Android SDK	2026-06-06T12:23:00.9947778Z /usr/bin/tar: ../../../../../usr/local/lib/android/sdk/platforms/android-34-ext8/data/res/values-mcc310-mnc660-ru: Cannot utime: Operation not permitted
build	Cache Android SDK	2026-06-06T12:23:00.9948729Z /usr/bin/tar: ../../../../../usr/local/lib/android/sdk/platforms/android-34-ext8/data/res/values-mcc310-mnc660-ru: Cannot change mode to rwxr-xr-x: Operation not permitted
build	Cache Android SDK	2026-06-06T12:23:00.9950939Z /usr/bin/tar: ../../../../../usr/local/lib/android/sdk/platforms/android-34-ext8/data/res/values-mcc310-mnc220-pa: Cannot utime: Operation not permitted
build	Cache Android SDK	2026-06-06T12:23:00.9951891Z /usr/bin/tar: ../../../../../usr/local/lib/android/sdk/platforms/android-34-ext8/data/res/values-mcc310-mnc220-pa: Cannot change mode to rwxr-xr-x: Operation not permitted
build	Cache Android SDK	2026-06-06T12:23:00.9954829Z /usr/bin/tar: ../../../../../usr/local/lib/android/sdk/platforms/android-34-ext8/data/res/values-mcc310-mnc800-ja: Cannot utime: Operation not permitted
build	Cache Android SDK	2026-06-06T12:23:00.9955797Z /usr/bin/tar: ../../../../../usr/local/lib/android/sdk/platforms/android-34-ext8/data/res/values-mcc310-mnc800-ja: Cannot change mode to rwxr-xr-x: Operation not permitted
build	Cache Android SDK	2026-06-06T12:23:00.9958250Z /usr/bin/tar: ../../../../../usr/local/lib/android/sdk/platforms/android-34-ext8/data/res/values-mcc310-mnc490-is: Cannot utime: Operation not permitted
build	Cache Android SDK	2026-06-06T12:23:00.9959217Z /usr/bin/tar: ../../../../../usr/local/lib/android/sdk/platforms/android-34-ext8/data/res/values-mcc310-mnc490-is: Cannot change mode to rwxr-xr-x: Operation not permitted
build	Cache Android SDK	2026-06-06T12:23:00.9962858Z /usr/bin/tar: ../../../../../usr/local/lib/android/sdk/platforms/android-34-ext8/data/res/values-mcc302-mnc720-fi: Cannot utime: Operation not permitted
build	Cache Android SDK	2026-06-06T12:23:00.9963808Z /usr/bin/tar: ../../../../../usr/local/lib/android/sdk/platforms/android-34-ext8/data/res/values-mcc302-mnc720-fi: Cannot change mode to rwxr-xr-x: Operation not permitted
build	Cache Android SDK	2026-06-06T12:23:00.9966002Z /usr/bin/tar: ../../../../../usr/local/lib/android/sdk/platforms/android-34-ext8/data/res/values-mcc310-mnc270-mn: Cannot utime: Operation not permitted
build	Cache Android SDK	2026-06-06T12:23:00.9966953Z /usr/bin/tar: ../../../../../usr/local/lib/android/sdk/platforms/android-34-ext8/data/res/values-mcc310-mnc270-mn: Cannot change mode to rwxr-xr-x: Operation not permitted
build	Cache Android SDK	2026-06-06T12:23:00.9969601Z /usr/bin/tar: ../../../../../usr/local/lib/android/sdk/platforms/android-34-ext8/data/res/values-mcc312-mnc670-ar: Cannot utime: Operation not permitted
build	Cache Android SDK	2026-06-06T12:23:00.9970714Z /usr/bin/tar: ../../../../../usr/local/lib/android/sdk/platforms/android-34-ext8/data/res/values-mcc312-mnc670-ar: Cannot change mode to rwxr-xr-x: Operation not permitted
build	Cache Android SDK	2026-06-06T12:23:00.9973573Z /usr/bin/tar: ../../../../../usr/local/lib/android/sdk/platforms/android-34-ext8/data/res/values-mcc313-mnc100-hu: Cannot utime: Operation not permitted
build	Cache Android SDK	2026-06-06T12:23:00.9974514Z /usr/bin/tar: ../../../../../usr/local/lib/android/sdk/platforms/android-34-ext8/data/res/values-mcc313-mnc100-hu: Cannot change mode to rwxr-xr-x: Operation not permitted
build	Cache Android SDK	2026-06-06T12:23:00.9976955Z /usr/bin/tar: ../../../../../usr/local/lib/android/sdk/platforms/android-34-ext8/data/res/values-in-television: Cannot utime: Operation not permitted
build	Cache Android SDK	2026-06-06T12:23:00.9978057Z /usr/bin/tar: ../../../../../usr/local/lib/android/sdk/platforms/android-34-ext8/data/res/values-in-television: Cannot change mode to rwxr-xr-x: Operation not permitted
build	Cache Android SDK	2026-06-06T12:23:00.9984523Z /usr/bin/tar: ../../../../../usr/local/lib/android/sdk/platforms/android-34-ext8/data/res/values-or: Cannot utime: Operation not permitted
build	Cache Android SDK	2026-06-06T12:23:00.9985425Z /usr/bin/tar: ../../../../../usr/local/lib/android/sdk/platforms/android-34-ext8/data/res/values-or: Cannot change mode to rwxr-xr-x: Operation not permitted
build	Cache Android SDK	2026-06-06T12:23:00.9988047Z /usr/bin/tar: ../../../../../usr/local/lib/android/sdk/platforms/android-34-ext8/data/res/values-mcc310-mnc230-b+sr+Latn: Cannot utime: Operation not permitted
build	Cache Android SDK	2026-06-06T12:23:00.9989138Z /usr/bin/tar: ../../../../../usr/local/lib/android/sdk/platforms/android-34-ext8/data/res/values-mcc310-mnc230-b+sr+Latn: Cannot change mode to rwxr-xr-x: Operation not permitted
build	Cache Android SDK	2026-06-06T12:23:00.9992238Z /usr/bin/tar: ../../../../../usr/local/lib/android/sdk/platforms/android-34-ext8/data/res/values-mcc222-mnc10: Cannot utime: Operation not permitted
build	Cache Android SDK	2026-06-06T12:23:00.9993154Z /usr/bin/tar: ../../../../../usr/local/lib/android/sdk/platforms/android-34-ext8/data/res/values-mcc222-mnc10: Cannot change mode to rwxr-xr-x: Operation not permitted
build	Cache Android SDK	2026-06-06T12:23:00.9995159Z /usr/bin/tar: ../../../../../usr/local/lib/android/sdk/platforms/android-34-ext8/data/res/values-mcc310-mnc310-ru: Cannot utime: Operation not permitted
build	Cache Android SDK	2026-06-06T12:23:00.9995773Z /usr/bin/tar: ../../../../../usr/local/lib/android/sdk/platforms/android-34-ext8/data/res/values-mcc310-mnc310-ru: Cannot change mode to rwxr-xr-x: Operation not permitted
build	Cache Android SDK	2026-06-06T12:23:00.9998554Z /usr/bin/tar: ../../../../../usr/local/lib/android/sdk/platforms/android-34-ext8/data/res/values-mcc310-mnc240-sk: Cannot utime: Operation not permitted
build	Cache Android SDK	2026-06-06T12:23:00.9999013Z /usr/bin/tar: ../../../../../usr/local/lib/android/sdk/platforms/android-34-ext8/data/res/values-mcc310-mnc240-sk: Cannot change mode to rwxr-xr-x: Operation not permitted
build	Cache Android SDK	2026-06-06T12:23:01.0002484Z /usr/bin/tar: ../../../../../usr/local/lib/android/sdk/platforms/android-34-ext8/data/res/values-mcc310-mnc210-fa: Cannot utime: Operation not permitted
build	Cache Android SDK	2026-06-06T12:23:01.0002959Z /usr/bin/tar: ../../../../../usr/local/lib/android/sdk/platforms/android-34-ext8/data/res/values-mcc310-mnc210-fa: Cannot change mode to rwxr-xr-x: Operation not permitted
build	Cache Android SDK	2026-06-06T12:23:01.0005684Z /usr/bin/tar: ../../../../../usr/local/lib/android/sdk/platforms/android-34-ext8/data/res/values-mcc310-mnc200-et: Cannot utime: Operation not permitted
build	Cache Android SDK	2026-06-06T12:23:01.0006144Z /usr/bin/tar: ../../../../../usr/local/lib/android/sdk/platforms/android-34-ext8/data/res/values-mcc310-mnc200-et: Cannot change mode to rwxr-xr-x: Operation not permitted
build	Cache Android SDK	2026-06-06T12:23:01.0012376Z /usr/bin/tar: ../../../../../usr/local/lib/android/sdk/platforms/android-34-ext8/data/res/values-ko: Cannot utime: Operation not permitted
build	Cache Android SDK	2026-06-06T12:23:01.0012800Z /usr/bin/tar: ../../../../../usr/local/lib/android/sdk/platforms/android-34-ext8/data/res/values-ko: Cannot change mode to rwxr-xr-x: Operation not permitted
build	Cache Android SDK	2026-06-06T12:23:01.0016519Z /usr/bin/tar: ../../../../../usr/local/lib/android/sdk/platforms/android-34-ext8/data/res/values-en-rAU-television: Cannot utime: Operation not permitted
build	Cache Android SDK	2026-06-06T12:23:01.0017115Z /usr/bin/tar: ../../../../../usr/local/lib/android/sdk/platforms/android-34-ext8/data/res/values-en-rAU-television: Cannot change mode to rwxr-xr-x: Operation not permitted
build	Cache Android SDK	2026-06-06T12:23:01.0020891Z /usr/bin/tar: ../../../../../usr/local/lib/android/sdk/platforms/android-34-ext8/data/res/values-hy-watch: Cannot utime: Operation not permitted
build	Cache Android SDK	2026-06-06T12:23:01.0021423Z /usr/bin/tar: ../../../../../usr/local/lib/android/sdk/platforms/android-34-ext8/data/res/values-hy-watch: Cannot change mode to rwxr-xr-x: Operation not permitted
build	Cache Android SDK	2026-06-06T12:23:01.0025212Z /usr/bin/tar: ../../../../../usr/local/lib/android/sdk/platforms/android-34-ext8/data/res/values-mcc311-mnc180-kn: Cannot utime: Operation not permitted
build	Cache Android SDK	2026-06-06T12:23:01.0025660Z /usr/bin/tar: ../../../../../usr/local/lib/android/sdk/platforms/android-34-ext8/data/res/values-mcc311-mnc180-kn: Cannot change mode to rwxr-xr-x: Operation not permitted
build	Cache Android SDK	2026-06-06T12:23:01.0030804Z /usr/bin/tar: ../../../../../usr/local/lib/android/sdk/platforms/android-34-ext8/data/res/values-mcc310-mnc210-pl: Cannot utime: Operation not permitted
build	Cache Android SDK	2026-06-06T12:23:01.0031260Z /usr/bin/tar: ../../../../../usr/local/lib/android/sdk/platforms/android-34-ext8/data/res/values-mcc310-mnc210-pl: Cannot change mode to rwxr-xr-x: Operation not permitted
build	Cache Android SDK	2026-06-06T12:23:01.0034558Z /usr/bin/tar: ../../../../../usr/local/lib/android/sdk/platforms/android-34-ext8/data/res/values-mcc310-mnc230-is: Cannot utime: Operation not permitted
build	Cache Android SDK	2026-06-06T12:23:01.0035016Z /usr/bin/tar: ../../../../../usr/local/lib/android/sdk/platforms/android-34-ext8/data/res/values-mcc310-mnc230-is: Cannot change mode to rwxr-xr-x: Operation not permitted
build	Cache Android SDK	2026-06-06T12:23:01.0038747Z /usr/bin/tar: ../../../../../usr/local/lib/android/sdk/platforms/android-34-ext8/data/res/values-mcc712-mnc04: Cannot utime: Operation not permitted
build	Cache Android SDK	2026-06-06T12:23:01.0039194Z /usr/bin/tar: ../../../../../usr/local/lib/android/sdk/platforms/android-34-ext8/data/res/values-mcc712-mnc04: Cannot change mode to rwxr-xr-x: Operation not permitted
build	Cache Android SDK	2026-06-06T12:23:01.0042101Z /usr/bin/tar: ../../../../../usr/local/lib/android/sdk/platforms/android-34-ext8/data/res/values-mcc310-mnc490-ur: Cannot utime: Operation not permitted
build	Cache Android SDK	2026-06-06T12:23:01.0042563Z /usr/bin/tar: ../../../../../usr/local/lib/android/sdk/platforms/android-34-ext8/data/res/values-mcc310-mnc490-ur: Cannot change mode to rwxr-xr-x: Operation not permitted
build	Cache Android SDK	2026-06-06T12:23:01.0045925Z /usr/bin/tar: ../../../../../usr/local/lib/android/sdk/platforms/android-34-ext8/data/res/values-mcc311-mnc180-sl: Cannot utime: Operation not permitted
build	Cache Android SDK	2026-06-06T12:23:01.0046406Z /usr/bin/tar: ../../../../../usr/local/lib/android/sdk/platforms/android-34-ext8/data/res/values-mcc311-mnc180-sl: Cannot change mode to rwxr-xr-x: Operation not permitted
build	Cache Android SDK	2026-06-06T12:23:01.0049247Z /usr/bin/tar: ../../../../../usr/local/lib/android/sdk/platforms/android-34-ext8/data/res/values-mcc310-mnc170-mk: Cannot utime: Operation not permitted
build	Cache Android SDK	2026-06-06T12:23:01.0049719Z /usr/bin/tar: ../../../../../usr/local/lib/android/sdk/platforms/android-34-ext8/data/res/values-mcc310-mnc170-mk: Cannot change mode to rwxr-xr-x: Operation not permitted
build	Cache Android SDK	2026-06-06T12:23:01.0055535Z /usr/bin/tar: ../../../../../usr/local/lib/android/sdk/platforms/android-34-ext8/data/res/values-mcc310-mnc950-th: Cannot utime: Operation not permitted
build	Cache Android SDK	2026-06-06T12:23:01.0056090Z /usr/bin/tar: ../../../../../usr/local/lib/android/sdk/platforms/android-34-ext8/data/res/values-mcc310-mnc950-th: Cannot change mode to rwxr-xr-x: Operation not permitted
build	Cache Android SDK	2026-06-06T12:23:01.0059468Z /usr/bin/tar: ../../../../../usr/local/lib/android/sdk/platforms/android-34-ext8/data/res/values-mcc310-mnc660-nb: Cannot utime: Operation not permitted
build	Cache Android SDK	2026-06-06T12:23:01.0059926Z /usr/bin/tar: ../../../../../usr/local/lib/android/sdk/platforms/android-34-ext8/data/res/values-mcc310-mnc660-nb: Cannot change mode to rwxr-xr-x: Operation not permitted
build	Cache Android SDK	2026-06-06T12:23:01.0063989Z /usr/bin/tar: ../../../../../usr/local/lib/android/sdk/platforms/android-34-ext8/data/res/values-mcc310-mnc030-pa: Cannot utime: Operation not permitted
build	Cache Android SDK	2026-06-06T12:23:01.0064687Z /usr/bin/tar: ../../../../../usr/local/lib/android/sdk/platforms/android-34-ext8/data/res/values-mcc310-mnc030-pa: Cannot change mode to rwxr-xr-x: Operation not permitted
build	Cache Android SDK	2026-06-06T12:23:01.0074912Z /usr/bin/tar: ../../../../../usr/local/lib/android/sdk/platforms/android-34-ext8/data/res/values-gu-watch: Cannot utime: Operation not permitted
build	Cache Android SDK	2026-06-06T12:23:01.0075582Z /usr/bin/tar: ../../../../../usr/local/lib/android/sdk/platforms/android-34-ext8/data/res/values-gu-watch: Cannot change mode to rwxr-xr-x: Operation not permitted
build	Cache Android SDK	2026-06-06T12:23:01.0078067Z /usr/bin/tar: ../../../../../usr/local/lib/android/sdk/platforms/android-34-ext8/data/res/values-mcc310-mnc660-si: Cannot utime: Operation not permitted
build	Cache Android SDK	2026-06-06T12:23:01.0078547Z /usr/bin/tar: ../../../../../usr/local/lib/android/sdk/platforms/android-34-ext8/data/res/values-mcc310-mnc660-si: Cannot change mode to rwxr-xr-x: Operation not permitted
build	Cache Android SDK	2026-06-06T12:23:01.0084876Z /usr/bin/tar: ../../../../../usr/local/lib/android/sdk/platforms/android-34-ext8/data/res/values-mcc310-mnc380-eu: Cannot utime: Operation not permitted
build	Cache Android SDK	2026-06-06T12:23:01.0085340Z /usr/bin/tar: ../../../../../usr/local/lib/android/sdk/platforms/android-34-ext8/data/res/values-mcc310-mnc380-eu: Cannot change mode to rwxr-xr-x: Operation not permitted
build	Cache Android SDK	2026-06-06T12:23:01.0089444Z /usr/bin/tar: ../../../../../usr/local/lib/android/sdk/platforms/android-34-ext8/data/res/values-mcc334-mnc020-pa: Cannot utime: Operation not permitted
build	Cache Android SDK	2026-06-06T12:23:01.0089911Z /usr/bin/tar: ../../../../../usr/local/lib/android/sdk/platforms/android-34-ext8/data/res/values-mcc334-mnc020-pa: Cannot change mode to rwxr-xr-x: Operation not permitted
build	Cache Android SDK	2026-06-06T12:23:01.0093419Z /usr/bin/tar: ../../../../../usr/local/lib/android/sdk/platforms/android-34-ext8/data/res/values-mcc310-mnc560-fr: Cannot utime: Operation not permitted
build	Cache Android SDK	2026-06-06T12:23:01.0093878Z /usr/bin/tar: ../../../../../usr/local/lib/android/sdk/platforms/android-34-ext8/data/res/values-mcc310-mnc560-fr: Cannot change mode to rwxr-xr-x: Operation not permitted
build	Cache Android SDK	2026-06-06T12:23:01.0096837Z /usr/bin/tar: ../../../../../usr/local/lib/android/sdk/platforms/android-34-ext8/data/res/values-mcc334-mnc020-pt-rBR: Cannot utime: Operation not permitted
build	Cache Android SDK	2026-06-06T12:23:01.0097330Z /usr/bin/tar: ../../../../../usr/local/lib/android/sdk/platforms/android-34-ext8/data/res/values-mcc334-mnc020-pt-rBR: Cannot change mode to rwxr-xr-x: Operation not permitted
build	Cache Android SDK	2026-06-06T12:23:01.0100702Z /usr/bin/tar: ../../../../../usr/local/lib/android/sdk/platforms/android-34-ext8/data/res/values-mcc313-mnc100-ur: Cannot utime: Operation not permitted
build	Cache Android SDK	2026-06-06T12:23:01.0101161Z /usr/bin/tar: ../../../../../usr/local/lib/android/sdk/platforms/android-34-ext8/data/res/values-mcc313-mnc100-ur: Cannot change mode to rwxr-xr-x: Operation not permitted
build	Cache Android SDK	2026-06-06T12:23:01.0105316Z /usr/bin/tar: ../../../../../usr/local/lib/android/sdk/platforms/android-34-ext8/data/res/values-mcc310-mnc230-ml: Cannot utime: Operation not permitted
build	Cache Android SDK	2026-06-06T12:23:01.0105766Z /usr/bin/tar: ../../../../../usr/local/lib/android/sdk/platforms/android-34-ext8/data/res/values-mcc310-mnc230-ml: Cannot change mode to rwxr-xr-x: Operation not permitted
build	Cache Android SDK	2026-06-06T12:23:01.0110037Z /usr/bin/tar: ../../../../../usr/local/lib/android/sdk/platforms/android-34-ext8/data/res/values-sr-rRS: Cannot utime: Operation not permitted
build	Cache Android SDK	2026-06-06T12:23:01.0110595Z /usr/bin/tar: ../../../../../usr/local/lib/android/sdk/platforms/android-34-ext8/data/res/values-sr-rRS: Cannot change mode to rwxr-xr-x: Operation not permitted
build	Cache Android SDK	2026-06-06T12:23:01.0114385Z /usr/bin/tar: ../../../../../usr/local/lib/android/sdk/platforms/android-34-ext8/data/res/values-mcc310-mnc160-cs: Cannot utime: Operation not permitted
build	Cache Android SDK	2026-06-06T12:23:01.0114883Z /usr/bin/tar: ../../../../../usr/local/lib/android/sdk/platforms/android-34-ext8/data/res/values-mcc310-mnc160-cs: Cannot change mode to rwxr-xr-x: Operation not permitted
build	Cache Android SDK	2026-06-06T12:23:01.0118008Z /usr/bin/tar: ../../../../../usr/local/lib/android/sdk/platforms/android-34-ext8/data/res/values-mcc240-mnc01: Cannot utime: Operation not permitted
build	Cache Android SDK	2026-06-06T12:23:01.0118452Z /usr/bin/tar: ../../../../../usr/local/lib/android/sdk/platforms/android-34-ext8/data/res/values-mcc240-mnc01: Cannot change mode to rwxr-xr-x: Operation not permitted
build	Cache Android SDK	2026-06-06T12:23:01.0122142Z /usr/bin/tar: ../../../../../usr/local/lib/android/sdk/platforms/android-34-ext8/data/res/values-mcc310-mnc800-fr: Cannot utime: Operation not permitted
build	Cache Android SDK	2026-06-06T12:23:01.0122604Z /usr/bin/tar: ../../../../../usr/local/lib/android/sdk/platforms/android-34-ext8/data/res/values-mcc310-mnc800-fr: Cannot change mode to rwxr-xr-x: Operation not permitted
build	Cache Android SDK	2026-06-06T12:23:01.0125123Z /usr/bin/tar: ../../../../../usr/local/lib/android/sdk/platforms/android-34-ext8/data/res/values-mcc310-mnc490-pt-rPT: Cannot utime: Operation not permitted
build	Cache Android SDK	2026-06-06T12:23:01.0125687Z /usr/bin/tar: ../../../../../usr/local/lib/android/sdk/platforms/android-34-ext8/data/res/values-mcc310-mnc490-pt-rPT: Cannot change mode to rwxr-xr-x: Operation not permitted
build	Cache Android SDK	2026-06-06T12:23:01.0132781Z /usr/bin/tar: ../../../../../usr/local/lib/android/sdk/platforms/android-34-ext8/data/res/values-mcc310-mnc160-bn: Cannot utime: Operation not permitted
build	Cache Android SDK	2026-06-06T12:23:01.0133755Z /usr/bin/tar: ../../../../../usr/local/lib/android/sdk/platforms/android-34-ext8/data/res/values-mcc310-mnc160-bn: Cannot change mode to rwxr-xr-x: Operation not permitted
build	Cache Android SDK	2026-06-06T12:23:01.0139146Z /usr/bin/tar: ../../../../../usr/local/lib/android/sdk/platforms/android-34-ext8/data/res/values-in: Cannot utime: Operation not permitted
build	Cache Android SDK	2026-06-06T12:23:01.0139594Z /usr/bin/tar: ../../../../../usr/local/lib/android/sdk/platforms/android-34-ext8/data/res/values-in: Cannot change mode to rwxr-xr-x: Operation not permitted
build	Cache Android SDK	2026-06-06T12:23:01.0144163Z /usr/bin/tar: ../../../../../usr/local/lib/android/sdk/platforms/android-34-ext8/data/res/values-mcc310-mnc220-kn: Cannot utime: Operation not permitted
build	Cache Android SDK	2026-06-06T12:23:01.0144638Z /usr/bin/tar: ../../../../../usr/local/lib/android/sdk/platforms/android-34-ext8/data/res/values-mcc310-mnc220-kn: Cannot change mode to rwxr-xr-x: Operation not permitted
build	Cache Android SDK	2026-06-06T12:23:01.0153375Z /usr/bin/tar: ../../../../../usr/local/lib/android/sdk/platforms/android-34-ext8/data/res/values-mcc214: Cannot utime: Operation not permitted
build	Cache Android SDK	2026-06-06T12:23:01.0153911Z /usr/bin/tar: ../../../../../usr/local/lib/android/sdk/platforms/android-34-ext8/data/res/values-mcc214: Cannot change mode to rwxr-xr-x: Operation not permitted
build	Cache Android SDK	2026-06-06T12:23:01.0156603Z /usr/bin/tar: ../../../../../usr/local/lib/android/sdk/platforms/android-34-ext8/data/res/values-mcc310-mnc660-zh-rTW: Cannot utime: Operation not permitted
build	Cache Android SDK	2026-06-06T12:23:01.0157185Z /usr/bin/tar: ../../../../../usr/local/lib/android/sdk/platforms/android-34-ext8/data/res/values-mcc310-mnc660-zh-rTW: Cannot change mode to rwxr-xr-x: Operation not permitted
build	Cache Android SDK	2026-06-06T12:23:01.0159707Z /usr/bin/tar: ../../../../../usr/local/lib/android/sdk/platforms/android-34-ext8/data/res/values-is-television: Cannot utime: Operation not permitted
build	Cache Android SDK	2026-06-06T12:23:01.0160163Z /usr/bin/tar: ../../../../../usr/local/lib/android/sdk/platforms/android-34-ext8/data/res/values-is-television: Cannot change mode to rwxr-xr-x: Operation not permitted
build	Cache Android SDK	2026-06-06T12:23:01.0167256Z /usr/bin/tar: ../../../../../usr/local/lib/android/sdk/platforms/android-34-ext8/data/res/values-en-rIN: Cannot utime: Operation not permitted
build	Cache Android SDK	2026-06-06T12:23:01.0167958Z /usr/bin/tar: ../../../../../usr/local/lib/android/sdk/platforms/android-34-ext8/data/res/values-en-rIN: Cannot change mode to rwxr-xr-x: Operation not permitted
build	Cache Android SDK	2026-06-06T12:23:01.0168669Z /usr/bin/tar: ../../../../../usr/local/lib/android/sdk/platforms/android-34-ext8/data/res/values-sw-watch: Cannot utime: Operation not permitted
build	Cache Android SDK	2026-06-06T12:23:01.0169117Z /usr/bin/tar: ../../../../../usr/local/lib/android/sdk/platforms/android-34-ext8/data/res/values-sw-watch: Cannot change mode to rwxr-xr-x: Operation not permitted
build	Cache Android SDK	2026-06-06T12:23:01.0172835Z /usr/bin/tar: ../../../../../usr/local/lib/android/sdk/platforms/android-34-ext8/data/res/values-mcc310-mnc270-sv: Cannot utime: Operation not permitted
build	Cache Android SDK	2026-06-06T12:23:01.0173303Z /usr/bin/tar: ../../../../../usr/local/lib/android/sdk/platforms/android-34-ext8/data/res/values-mcc310-mnc270-sv: Cannot change mode to rwxr-xr-x: Operation not permitted
build	Cache Android SDK	2026-06-06T12:23:01.0177182Z /usr/bin/tar: ../../../../../usr/local/lib/android/sdk/platforms/android-34-ext8/data/res/values-mcc310-mnc490-bg: Cannot utime: Operation not permitted
build	Cache Android SDK	2026-06-06T12:23:01.0177837Z /usr/bin/tar: ../../../../../usr/local/lib/android/sdk/platforms/android-34-ext8/data/res/values-mcc310-mnc490-bg: Cannot change mode to rwxr-xr-x: Operation not permitted
build	Cache Android SDK	2026-06-06T12:23:01.0180880Z /usr/bin/tar: ../../../../../usr/local/lib/android/sdk/platforms/android-34-ext8/data/res/values-mcc466-mnc11: Cannot utime: Operation not permitted
build	Cache Android SDK	2026-06-06T12:23:01.0181421Z /usr/bin/tar: ../../../../../usr/local/lib/android/sdk/platforms/android-34-ext8/data/res/values-mcc466-mnc11: Cannot change mode to rwxr-xr-x: Operation not permitted
build	Cache Android SDK	2026-06-06T12:23:01.0184864Z /usr/bin/tar: ../../../../../usr/local/lib/android/sdk/platforms/android-34-ext8/data/res/values-mcc310-mnc200-my: Cannot utime: Operation not permitted
build	Cache Android SDK	2026-06-06T12:23:01.0185333Z /usr/bin/tar: ../../../../../usr/local/lib/android/sdk/platforms/android-34-ext8/data/res/values-mcc310-mnc200-my: Cannot change mode to rwxr-xr-x: Operation not permitted
build	Cache Android SDK	2026-06-06T12:23:01.0189197Z /usr/bin/tar: ../../../../../usr/local/lib/android/sdk/platforms/android-34-ext8/data/res/values-mcc310-mnc210-ka: Cannot utime: Operation not permitted
build	Cache Android SDK	2026-06-06T12:23:01.0189650Z /usr/bin/tar: ../../../../../usr/local/lib/android/sdk/platforms/android-34-ext8/data/res/values-mcc310-mnc210-ka: Cannot change mode to rwxr-xr-x: Operation not permitted
build	Cache Android SDK	2026-06-06T12:23:01.0258619Z /usr/bin/tar: ../../../../../usr/local/lib/android/sdk/platforms/android-34-ext8/data/res/anim: Cannot utime: Operation not permitted
build	Cache Android SDK	2026-06-06T12:23:01.0259093Z /usr/bin/tar: ../../../../../usr/local/lib/android/sdk/platforms/android-34-ext8/data/res/anim: Cannot change mode to rwxr-xr-x: Operation not permitted
build	Cache Android SDK	2026-06-06T12:23:01.0262110Z /usr/bin/tar: ../../../../../usr/local/lib/android/sdk/platforms/android-34-ext8/data/res/values-mcc310-mnc560-sw: Cannot utime: Operation not permitted
build	Cache Android SDK	2026-06-06T12:23:01.0262591Z /usr/bin/tar: ../../../../../usr/local/lib/android/sdk/platforms/android-34-ext8/data/res/values-mcc310-mnc560-sw: Cannot change mode to rwxr-xr-x: Operation not permitted
build	Cache Android SDK	2026-06-06T12:23:01.0265375Z /usr/bin/tar: ../../../../../usr/local/lib/android/sdk/platforms/android-34-ext8/data/res/values-mcc310-mnc270-ka: Cannot utime: Operation not permitted
build	Cache Android SDK	2026-06-06T12:23:01.0265838Z /usr/bin/tar: ../../../../../usr/local/lib/android/sdk/platforms/android-34-ext8/data/res/values-mcc310-mnc270-ka: Cannot change mode to rwxr-xr-x: Operation not permitted
build	Cache Android SDK	2026-06-06T12:23:01.0269540Z /usr/bin/tar: ../../../../../usr/local/lib/android/sdk/platforms/android-34-ext8/data/res/values-mcc334-mnc020-af: Cannot utime: Operation not permitted
build	Cache Android SDK	2026-06-06T12:23:01.0270006Z /usr/bin/tar: ../../../../../usr/local/lib/android/sdk/platforms/android-34-ext8/data/res/values-mcc334-mnc020-af: Cannot change mode to rwxr-xr-x: Operation not permitted
build	Cache Android SDK	2026-06-06T12:23:01.0273015Z /usr/bin/tar: ../../../../../usr/local/lib/android/sdk/platforms/android-34-ext8/data/res/values-mcc310-mnc560-el: Cannot utime: Operation not permitted
build	Cache Android SDK	2026-06-06T12:23:01.0273475Z /usr/bin/tar: ../../../../../usr/local/lib/android/sdk/platforms/android-34-ext8/data/res/values-mcc310-mnc560-el: Cannot change mode to rwxr-xr-x: Operation not permitted
build	Cache Android SDK	2026-06-06T12:23:01.0277691Z /usr/bin/tar: ../../../../../usr/local/lib/android/sdk/platforms/android-34-ext8/data/res/layout-xlarge: Cannot utime: Operation not permitted
build	Cache Android SDK	2026-06-06T12:23:01.0278134Z /usr/bin/tar: ../../../../../usr/local/lib/android/sdk/platforms/android-34-ext8/data/res/layout-xlarge: Cannot change mode to rwxr-xr-x: Operation not permitted
build	Cache Android SDK	2026-06-06T12:23:01.0283843Z /usr/bin/tar: ../../../../../usr/local/lib/android/sdk/platforms/android-34-ext8/data/res/values-mcc001-mnc01-bn: Cannot utime: Operation not permitted
build	Cache Android SDK	2026-06-06T12:23:01.0284307Z /usr/bin/tar: ../../../../../usr/local/lib/android/sdk/platforms/android-34-ext8/data/res/values-mcc001-mnc01-bn: Cannot change mode to rwxr-xr-x: Operation not permitted
build	Cache Android SDK	2026-06-06T12:23:01.0288139Z /usr/bin/tar: ../../../../../usr/local/lib/android/sdk/platforms/android-34-ext8/data/res/values-mcc310-mnc270-zh-rCN: Cannot utime: Operation not permitted
build	Cache Android SDK	2026-06-06T12:23:01.0288628Z /usr/bin/tar: ../../../../../usr/local/lib/android/sdk/platforms/android-34-ext8/data/res/values-mcc310-mnc270-zh-rCN: Cannot change mode to rwxr-xr-x: Operation not permitted
build	Cache Android SDK	2026-06-06T12:23:01.0292775Z /usr/bin/tar: ../../../../../usr/local/lib/android/sdk/platforms/android-34-ext8/data/res/values-mcc302-mnc370-zu: Cannot utime: Operation not permitted
build	Cache Android SDK	2026-06-06T12:23:01.0293238Z /usr/bin/tar: ../../../../../usr/local/lib/android/sdk/platforms/android-34-ext8/data/res/values-mcc302-mnc370-zu: Cannot change mode to rwxr-xr-x: Operation not permitted
build	Cache Android SDK	2026-06-06T12:23:01.0296059Z /usr/bin/tar: ../../../../../usr/local/lib/android/sdk/platforms/android-34-ext8/data/res/values-mcc310-mnc210-ne: Cannot utime: Operation not permitted
build	Cache Android SDK	2026-06-06T12:23:01.0296522Z /usr/bin/tar: ../../../../../usr/local/lib/android/sdk/platforms/android-34-ext8/data/res/values-mcc310-mnc210-ne: Cannot change mode to rwxr-xr-x: Operation not permitted
build	Cache Android SDK	2026-06-06T12:23:01.0299374Z /usr/bin/tar: ../../../../../usr/local/lib/android/sdk/platforms/android-34-ext8/data/res/values-mcc302-mnc370-en-rIN: Cannot utime: Operation not permitted
build	Cache Android SDK	2026-06-06T12:23:01.0299848Z /usr/bin/tar: ../../../../../usr/local/lib/android/sdk/platforms/android-34-ext8/data/res/values-mcc302-mnc370-en-rIN: Cannot change mode to rwxr-xr-x: Operation not permitted
build	Cache Android SDK	2026-06-06T12:23:01.0302618Z /usr/bin/tar: ../../../../../usr/local/lib/android/sdk/platforms/android-34-ext8/data/res/values-ky-television: Cannot utime: Operation not permitted
build	Cache Android SDK	2026-06-06T12:23:01.0303083Z /usr/bin/tar: ../../../../../usr/local/lib/android/sdk/platforms/android-34-ext8/data/res/values-ky-television: Cannot change mode to rwxr-xr-x: Operation not permitted
build	Cache Android SDK	2026-06-06T12:23:01.0306930Z /usr/bin/tar: ../../../../../usr/local/lib/android/sdk/platforms/android-34-ext8/data/res/values-mcc310-mnc210-ms: Cannot utime: Operation not permitted
build	Cache Android SDK	2026-06-06T12:23:01.0308037Z /usr/bin/tar: ../../../../../usr/local/lib/android/sdk/platforms/android-34-ext8/data/res/values-mcc310-mnc210-ms: Cannot change mode to rwxr-xr-x: Operation not permitted
build	Cache Android SDK	2026-06-06T12:23:01.0310468Z /usr/bin/tar: ../../../../../usr/local/lib/android/sdk/platforms/android-34-ext8/data/res/values-mcc310-mnc210-hi: Cannot utime: Operation not permitted
build	Cache Android SDK	2026-06-06T12:23:01.0310946Z /usr/bin/tar: ../../../../../usr/local/lib/android/sdk/platforms/android-34-ext8/data/res/values-mcc310-mnc210-hi: Cannot change mode to rwxr-xr-x: Operation not permitted
build	Cache Android SDK	2026-06-06T12:23:01.0313736Z /usr/bin/tar: ../../../../../usr/local/lib/android/sdk/platforms/android-34-ext8/data/res/values-mcc310-mnc210-is: Cannot utime: Operation not permitted
build	Cache Android SDK	2026-06-06T12:23:01.0314192Z /usr/bin/tar: ../../../../../usr/local/lib/android/sdk/platforms/android-34-ext8/data/res/values-mcc310-mnc210-is: Cannot change mode to rwxr-xr-x: Operation not permitted
build	Cache Android SDK	2026-06-06T12:23:01.0318933Z /usr/bin/tar: ../../../../../usr/local/lib/android/sdk/platforms/android-34-ext8/data/res/values-mcc312-mnc670-tl: Cannot utime: Operation not permitted
build	Cache Android SDK	2026-06-06T12:23:01.0319393Z /usr/bin/tar: ../../../../../usr/local/lib/android/sdk/platforms/android-34-ext8/data/res/values-mcc312-mnc670-tl: Cannot change mode to rwxr-xr-x: Operation not permitted
build	Cache Android SDK	2026-06-06T12:23:01.0325228Z /usr/bin/tar: ../../../../../usr/local/lib/android/sdk/platforms/android-34-ext8/data/res/values-mcc310-mnc950-pa: Cannot utime: Operation not permitted
build	Cache Android SDK	2026-06-06T12:23:01.0325775Z /usr/bin/tar: ../../../../../usr/local/lib/android/sdk/platforms/android-34-ext8/data/res/values-mcc310-mnc950-pa: Cannot change mode to rwxr-xr-x: Operation not permitted
build	Cache Android SDK	2026-06-06T12:23:01.0329385Z /usr/bin/tar: ../../../../../usr/local/lib/android/sdk/platforms/android-34-ext8/data/res/values-mcc310-mnc660-be: Cannot utime: Operation not permitted
build	Cache Android SDK	2026-06-06T12:23:01.0329912Z /usr/bin/tar: ../../../../../usr/local/lib/android/sdk/platforms/android-34-ext8/data/res/values-mcc310-mnc660-be: Cannot change mode to rwxr-xr-x: Operation not permitted
build	Cache Android SDK	2026-06-06T12:23:01.0332556Z /usr/bin/tar: ../../../../../usr/local/lib/android/sdk/platforms/android-34-ext8/data/res/values-mcc310-mnc250-el: Cannot utime: Operation not permitted
build	Cache Android SDK	2026-06-06T12:23:01.0333004Z /usr/bin/tar: ../../../../../usr/local/lib/android/sdk/platforms/android-34-ext8/data/res/values-mcc310-mnc250-el: Cannot change mode to rwxr-xr-x: Operation not permitted
build	Cache Android SDK	2026-06-06T12:23:01.0338798Z /usr/bin/tar: ../../../../../usr/local/lib/android/sdk/platforms/android-34-ext8/data/res/values-mcc310-mnc160-az: Cannot utime: Operation not permitted
build	Cache Android SDK	2026-06-06T12:23:01.0339257Z /usr/bin/tar: ../../../../../usr/local/lib/android/sdk/platforms/android-34-ext8/data/res/values-mcc310-mnc160-az: Cannot change mode to rwxr-xr-x: Operation not permitted
build	Cache Android SDK	2026-06-06T12:23:01.0342566Z /usr/bin/tar: ../../../../../usr/local/lib/android/sdk/platforms/android-34-ext8/data/res/values-mcc312-mnc670-sl: Cannot utime: Operation not permitted
build	Cache Android SDK	2026-06-06T12:23:01.0343026Z /usr/bin/tar: ../../../../../usr/local/lib/android/sdk/platforms/android-34-ext8/data/res/values-mcc312-mnc670-sl: Cannot change mode to rwxr-xr-x: Operation not permitted
build	Cache Android SDK	2026-06-06T12:23:01.0346455Z /usr/bin/tar: ../../../../../usr/local/lib/android/sdk/platforms/android-34-ext8/data/res/values-mcc312-mnc670: Cannot utime: Operation not permitted
build	Cache Android SDK	2026-06-06T12:23:01.0346904Z /usr/bin/tar: ../../../../../usr/local/lib/android/sdk/platforms/android-34-ext8/data/res/values-mcc312-mnc670: Cannot change mode to rwxr-xr-x: Operation not permitted
build	Cache Android SDK	2026-06-06T12:23:01.0350487Z /usr/bin/tar: ../../../../../usr/local/lib/android/sdk/platforms/android-34-ext8/data/res/values-mcc310-mnc380-en-rAU: Cannot utime: Operation not permitted
build	Cache Android SDK	2026-06-06T12:23:01.0350965Z /usr/bin/tar: ../../../../../usr/local/lib/android/sdk/platforms/android-34-ext8/data/res/values-mcc310-mnc380-en-rAU: Cannot change mode to rwxr-xr-x: Operation not permitted
build	Cache Android SDK	2026-06-06T12:23:01.0355891Z /usr/bin/tar: ../../../../../usr/local/lib/android/sdk/platforms/android-34-ext8/data/res/values-mcc310-mnc200-sl: Cannot utime: Operation not permitted
build	Cache Android SDK	2026-06-06T12:23:01.0356425Z /usr/bin/tar: ../../../../../usr/local/lib/android/sdk/platforms/android-34-ext8/data/res/values-mcc310-mnc200-sl: Cannot change mode to rwxr-xr-x: Operation not permitted
build	Cache Android SDK	2026-06-06T12:23:01.0359460Z /usr/bin/tar: ../../../../../usr/local/lib/android/sdk/platforms/android-34-ext8/data/res/values-mcc310-mnc250-sk: Cannot utime: Operation not permitted
build	Cache Android SDK	2026-06-06T12:23:01.0359929Z /usr/bin/tar: ../../../../../usr/local/lib/android/sdk/platforms/android-34-ext8/data/res/values-mcc310-mnc250-sk: Cannot change mode to rwxr-xr-x: Operation not permitted
build	Cache Android SDK	2026-06-06T12:23:01.0362459Z /usr/bin/tar: ../../../../../usr/local/lib/android/sdk/platforms/android-34-ext8/data/res/values-mcc310-mnc280-en-rXC: Cannot utime: Operation not permitted
build	Cache Android SDK	2026-06-06T12:23:01.0363052Z /usr/bin/tar: ../../../../../usr/local/lib/android/sdk/platforms/android-34-ext8/data/res/values-mcc310-mnc280-en-rXC: Cannot change mode to rwxr-xr-x: Operation not permitted
build	Cache Android SDK	2026-06-06T12:23:01.0365512Z /usr/bin/tar: ../../../../../usr/local/lib/android/sdk/platforms/android-34-ext8/data/res/values-mcc310-mnc230-zh-rCN: Cannot utime: Operation not permitted
build	Cache Android SDK	2026-06-06T12:23:01.0365990Z /usr/bin/tar: ../../../../../usr/local/lib/android/sdk/platforms/android-34-ext8/data/res/values-mcc310-mnc230-zh-rCN: Cannot change mode to rwxr-xr-x: Operation not permitted
build	Cache Android SDK	2026-06-06T12:23:01.0368821Z /usr/bin/tar: ../../../../../usr/local/lib/android/sdk/platforms/android-34-ext8/data/res/values-mcc310-mnc220-sw: Cannot utime: Operation not permitted
build	Cache Android SDK	2026-06-06T12:23:01.0369288Z /usr/bin/tar: ../../../../../usr/local/lib/android/sdk/platforms/android-34-ext8/data/res/values-mcc310-mnc220-sw: Cannot change mode to rwxr-xr-x: Operation not permitted
build	Cache Android SDK	2026-06-06T12:23:01.0371945Z /usr/bin/tar: ../../../../../usr/local/lib/android/sdk/platforms/android-34-ext8/data/res/values-mcc310-mnc170-b+sr+Latn: Cannot utime: Operation not permitted
build	Cache Android SDK	2026-06-06T12:23:01.0372455Z /usr/bin/tar: ../../../../../usr/local/lib/android/sdk/platforms/android-34-ext8/data/res/values-mcc310-mnc170-b+sr+Latn: Cannot change mode to rwxr-xr-x: Operation not permitted
build	Cache Android SDK	2026-06-06T12:23:01.0376875Z /usr/bin/tar: ../../../../../usr/local/lib/android/sdk/platforms/android-34-ext8/data/res/values-sw720dp-port: Cannot utime: Operation not permitted
build	Cache Android SDK	2026-06-06T12:23:01.0377592Z /usr/bin/tar: ../../../../../usr/local/lib/android/sdk/platforms/android-34-ext8/data/res/values-sw720dp-port: Cannot change mode to rwxr-xr-x: Operation not permitted
build	Cache Android SDK	2026-06-06T12:23:01.0381112Z /usr/bin/tar: ../../../../../usr/local/lib/android/sdk/platforms/android-34-ext8/data/res/values-mcc310-mnc030-si: Cannot utime: Operation not permitted
build	Cache Android SDK	2026-06-06T12:23:01.0381587Z /usr/bin/tar: ../../../../../usr/local/lib/android/sdk/platforms/android-34-ext8/data/res/values-mcc310-mnc030-si: Cannot change mode to rwxr-xr-x: Operation not permitted
build	Cache Android SDK	2026-06-06T12:23:01.0383937Z /usr/bin/tar: ../../../../../usr/local/lib/android/sdk/platforms/android-34-ext8/data/res/values-mcc310-mnc150-is: Cannot utime: Operation not permitted
build	Cache Android SDK	2026-06-06T12:23:01.0384396Z /usr/bin/tar: ../../../../../usr/local/lib/android/sdk/platforms/android-34-ext8/data/res/values-mcc310-mnc150-is: Cannot change mode to rwxr-xr-x: Operation not permitted
build	Cache Android SDK	2026-06-06T12:23:01.0388036Z /usr/bin/tar: ../../../../../usr/local/lib/android/sdk/platforms/android-34-ext8/data/res/values-mcc310-mnc030-tl: Cannot utime: Operation not permitted
build	Cache Android SDK	2026-06-06T12:23:01.0388500Z /usr/bin/tar: ../../../../../usr/local/lib/android/sdk/platforms/android-34-ext8/data/res/values-mcc310-mnc030-tl: Cannot change mode to rwxr-xr-x: Operation not permitted
build	Cache Android SDK	2026-06-06T12:23:01.0393003Z /usr/bin/tar: ../../../../../usr/local/lib/android/sdk/platforms/android-34-ext8/data/res/values-mcc310-mnc490-af: Cannot utime: Operation not permitted
build	Cache Android SDK	2026-06-06T12:23:01.0393478Z /usr/bin/tar: ../../../../../usr/local/lib/android/sdk/platforms/android-34-ext8/data/res/values-mcc310-mnc490-af: Cannot change mode to rwxr-xr-x: Operation not permitted
build	Cache Android SDK	2026-06-06T12:23:01.0396717Z /usr/bin/tar: ../../../../../usr/local/lib/android/sdk/platforms/android-34-ext8/data/res/values-mcc313-mnc100-el: Cannot utime: Operation not permitted
build	Cache Android SDK	2026-06-06T12:23:01.0397182Z /usr/bin/tar: ../../../../../usr/local/lib/android/sdk/platforms/android-34-ext8/data/res/values-mcc313-mnc100-el: Cannot change mode to rwxr-xr-x: Operation not permitted
build	Cache Android SDK	2026-06-06T12:23:01.0400074Z /usr/bin/tar: ../../../../../usr/local/lib/android/sdk/platforms/android-34-ext8/data/res/values-mcc310-mnc220-pt-rBR: Cannot utime: Operation not permitted
build	Cache Android SDK	2026-06-06T12:23:01.0400568Z /usr/bin/tar: ../../../../../usr/local/lib/android/sdk/platforms/android-34-ext8/data/res/values-mcc310-mnc220-pt-rBR: Cannot change mode to rwxr-xr-x: Operation not permitted
build	Cache Android SDK	2026-06-06T12:23:01.0402993Z /usr/bin/tar: ../../../../../usr/local/lib/android/sdk/platforms/android-34-ext8/data/res/values-mcc310-mnc240-te: Cannot utime: Operation not permitted
build	Cache Android SDK	2026-06-06T12:23:01.0403459Z /usr/bin/tar: ../../../../../usr/local/lib/android/sdk/platforms/android-34-ext8/data/res/values-mcc310-mnc240-te: Cannot change mode to rwxr-xr-x: Operation not permitted
build	Cache Android SDK	2026-06-06T12:23:01.0406081Z /usr/bin/tar: ../../../../../usr/local/lib/android/sdk/platforms/android-34-ext8/data/res/values-mcc334-mnc020-es-rUS: Cannot utime: Operation not permitted
build	Cache Android SDK	2026-06-06T12:23:01.0406562Z /usr/bin/tar: ../../../../../usr/local/lib/android/sdk/platforms/android-34-ext8/data/res/values-mcc334-mnc020-es-rUS: Cannot change mode to rwxr-xr-x: Operation not permitted
build	Cache Android SDK	2026-06-06T12:23:01.0412207Z /usr/bin/tar: ../../../../../usr/local/lib/android/sdk/platforms/android-34-ext8/data/res/values-mcc302-mnc370-en-rCA: Cannot utime: Operation not permitted
build	Cache Android SDK	2026-06-06T12:23:01.0412692Z /usr/bin/tar: ../../../../../usr/local/lib/android/sdk/platforms/android-34-ext8/data/res/values-mcc302-mnc370-en-rCA: Cannot change mode to rwxr-xr-x: Operation not permitted
build	Cache Android SDK	2026-06-06T12:23:01.0415544Z /usr/bin/tar: ../../../../../usr/local/lib/android/sdk/platforms/android-34-ext8/data/res/values-mcc310-mnc170-pl: Cannot utime: Operation not permitted
build	Cache Android SDK	2026-06-06T12:23:01.0416005Z /usr/bin/tar: ../../../../../usr/local/lib/android/sdk/platforms/android-34-ext8/data/res/values-mcc310-mnc170-pl: Cannot change mode to rwxr-xr-x: Operation not permitted
build	Cache Android SDK	2026-06-06T12:23:01.0418819Z /usr/bin/tar: ../../../../../usr/local/lib/android/sdk/platforms/android-34-ext8/data/res/values-be-watch: Cannot utime: Operation not permitted
build	Cache Android SDK	2026-06-06T12:23:01.0419258Z /usr/bin/tar: ../../../../../usr/local/lib/android/sdk/platforms/android-34-ext8/data/res/values-be-watch: Cannot change mode to rwxr-xr-x: Operation not permitted
build	Cache Android SDK	2026-06-06T12:23:01.0422304Z /usr/bin/tar: ../../../../../usr/local/lib/android/sdk/platforms/android-34-ext8/data/res/values-fi-television: Cannot utime: Operation not permitted
build	Cache Android SDK	2026-06-06T12:23:01.0423037Z /usr/bin/tar: ../../../../../usr/local/lib/android/sdk/platforms/android-34-ext8/data/res/values-fi-television: Cannot change mode to rwxr-xr-x: Operation not permitted
build	Cache Android SDK	2026-06-06T12:23:01.0426447Z /usr/bin/tar: ../../../../../usr/local/lib/android/sdk/platforms/android-34-ext8/data/res/values-mcc310-mnc800-pt-rPT: Cannot utime: Operation not permitted
build	Cache Android SDK	2026-06-06T12:23:01.0426931Z /usr/bin/tar: ../../../../../usr/local/lib/android/sdk/platforms/android-34-ext8/data/res/values-mcc310-mnc800-pt-rPT: Cannot change mode to rwxr-xr-x: Operation not permitted
build	Cache Android SDK	2026-06-06T12:23:01.0429173Z /usr/bin/tar: ../../../../../usr/local/lib/android/sdk/platforms/android-34-ext8/data/res/values-mcc310-mnc490-hi: Cannot utime: Operation not permitted
build	Cache Android SDK	2026-06-06T12:23:01.0429642Z /usr/bin/tar: ../../../../../usr/local/lib/android/sdk/platforms/android-34-ext8/data/res/values-mcc310-mnc490-hi: Cannot change mode to rwxr-xr-x: Operation not permitted
build	Cache Android SDK	2026-06-06T12:23:01.0433212Z /usr/bin/tar: ../../../../../usr/local/lib/android/sdk/platforms/android-34-ext8/data/res/values-mcc001-mnc01-hu: Cannot utime: Operation not permitted
build	Cache Android SDK	2026-06-06T12:23:01.0433671Z /usr/bin/tar: ../../../../../usr/local/lib/android/sdk/platforms/android-34-ext8/data/res/values-mcc001-mnc01-hu: Cannot change mode to rwxr-xr-x: Operation not permitted
build	Cache Android SDK	2026-06-06T12:23:01.0442110Z /usr/bin/tar: ../../../../../usr/local/lib/android/sdk/platforms/android-34-ext8/data/res/values-mcc724: Cannot utime: Operation not permitted
build	Cache Android SDK	2026-06-06T12:23:01.0442654Z /usr/bin/tar: ../../../../../usr/local/lib/android/sdk/platforms/android-34-ext8/data/res/values-mcc724: Cannot change mode to rwxr-xr-x: Operation not permitted
build	Cache Android SDK	2026-06-06T12:23:01.0446560Z /usr/bin/tar: ../../../../../usr/local/lib/android/sdk/platforms/android-34-ext8/data/res/values-mcc310-mnc310-ar: Cannot utime: Operation not permitted
build	Cache Android SDK	2026-06-06T12:23:01.0447017Z /usr/bin/tar: ../../../../../usr/local/lib/android/sdk/platforms/android-34-ext8/data/res/values-mcc310-mnc310-ar: Cannot change mode to rwxr-xr-x: Operation not permitted
build	Cache Android SDK	2026-06-06T12:23:01.0449696Z /usr/bin/tar: ../../../../../usr/local/lib/android/sdk/platforms/android-34-ext8/data/res/values-mcc310-mnc310-tr: Cannot utime: Operation not permitted
build	Cache Android SDK	2026-06-06T12:23:01.0450142Z /usr/bin/tar: ../../../../../usr/local/lib/android/sdk/platforms/android-34-ext8/data/res/values-mcc310-mnc310-tr: Cannot change mode to rwxr-xr-x: Operation not permitted
build	Cache Android SDK	2026-06-06T12:23:01.0453283Z /usr/bin/tar: ../../../../../usr/local/lib/android/sdk/platforms/android-34-ext8/data/res/values-mcc310-mnc410-sr: Cannot utime: Operation not permitted
build	Cache Android SDK	2026-06-06T12:23:01.0453813Z /usr/bin/tar: ../../../../../usr/local/lib/android/sdk/platforms/android-34-ext8/data/res/values-mcc310-mnc410-sr: Cannot change mode to rwxr-xr-x: Operation not permitted
build	Cache Android SDK	2026-06-06T12:23:01.0457559Z /usr/bin/tar: ../../../../../usr/local/lib/android/sdk/platforms/android-34-ext8/data/res/values-mcc310-mnc250-fa: Cannot utime: Operation not permitted
build	Cache Android SDK	2026-06-06T12:23:01.0458088Z /usr/bin/tar: ../../../../../usr/local/lib/android/sdk/platforms/android-34-ext8/data/res/values-mcc310-mnc250-fa: Cannot change mode to rwxr-xr-x: Operation not permitted
build	Cache Android SDK	2026-06-06T12:23:01.0461235Z /usr/bin/tar: ../../../../../usr/local/lib/android/sdk/platforms/android-34-ext8/data/res/values-mcc310-mnc660-pt: Cannot utime: Operation not permitted
build	Cache Android SDK	2026-06-06T12:23:01.0461684Z /usr/bin/tar: ../../../../../usr/local/lib/android/sdk/platforms/android-34-ext8/data/res/values-mcc310-mnc660-pt: Cannot change mode to rwxr-xr-x: Operation not permitted
build	Cache Android SDK	2026-06-06T12:23:01.0469120Z /usr/bin/tar: ../../../../../usr/local/lib/android/sdk/platforms/android-34-ext8/data/res/values-am: Cannot utime: Operation not permitted
build	Cache Android SDK	2026-06-06T12:23:01.0469594Z /usr/bin/tar: ../../../../../usr/local/lib/android/sdk/platforms/android-34-ext8/data/res/values-am: Cannot change mode to rwxr-xr-x: Operation not permitted
build	Cache Android SDK	2026-06-06T12:23:01.0472682Z /usr/bin/tar: ../../../../../usr/local/lib/android/sdk/platforms/android-34-ext8/data/res/values-mcc310-mnc030-be: Cannot utime: Operation not permitted
build	Cache Android SDK	2026-06-06T12:23:01.0473199Z /usr/bin/tar: ../../../../../usr/local/lib/android/sdk/platforms/android-34-ext8/data/res/values-mcc310-mnc030-be: Cannot change mode to rwxr-xr-x: Operation not permitted
build	Cache Android SDK	2026-06-06T12:23:01.0477309Z /usr/bin/tar: ../../../../../usr/local/lib/android/sdk/platforms/android-34-ext8/data/res/values-mcc310-mnc950-si: Cannot utime: Operation not permitted
build	Cache Android SDK	2026-06-06T12:23:01.0477952Z /usr/bin/tar: ../../../../../usr/local/lib/android/sdk/platforms/android-34-ext8/data/res/values-mcc310-mnc950-si: Cannot change mode to rwxr-xr-x: Operation not permitted
build	Cache Android SDK	2026-06-06T12:23:01.0481301Z /usr/bin/tar: ../../../../../usr/local/lib/android/sdk/platforms/android-34-ext8/data/res/values-mcc310-mnc270-eu: Cannot utime: Operation not permitted
build	Cache Android SDK	2026-06-06T12:23:01.0481779Z /usr/bin/tar: ../../../../../usr/local/lib/android/sdk/platforms/android-34-ext8/data/res/values-mcc310-mnc270-eu: Cannot change mode to rwxr-xr-x: Operation not permitted
build	Cache Android SDK	2026-06-06T12:23:01.0484495Z /usr/bin/tar: ../../../../../usr/local/lib/android/sdk/platforms/android-34-ext8/data/res/values-mcc310-mnc220-si: Cannot utime: Operation not permitted
build	Cache Android SDK	2026-06-06T12:23:01.0484969Z /usr/bin/tar: ../../../../../usr/local/lib/android/sdk/platforms/android-34-ext8/data/res/values-mcc310-mnc220-si: Cannot change mode to rwxr-xr-x: Operation not permitted
build	Cache Android SDK	2026-06-06T12:23:01.0488469Z /usr/bin/tar: ../../../../../usr/local/lib/android/sdk/platforms/android-34-ext8/data/res/values-mcc313-mnc100-uk: Cannot utime: Operation not permitted
build	Cache Android SDK	2026-06-06T12:23:01.0489365Z /usr/bin/tar: ../../../../../usr/local/lib/android/sdk/platforms/android-34-ext8/data/res/values-mcc313-mnc100-uk: Cannot change mode to rwxr-xr-x: Operation not permitted
build	Cache Android SDK	2026-06-06T12:23:01.0492028Z /usr/bin/tar: ../../../../../usr/local/lib/android/sdk/platforms/android-34-ext8/data/res/values-mcc311-mnc180-bs: Cannot utime: Operation not permitted
build	Cache Android SDK	2026-06-06T12:23:01.0492610Z /usr/bin/tar: ../../../../../usr/local/lib/android/sdk/platforms/android-34-ext8/data/res/values-mcc311-mnc180-bs: Cannot change mode to rwxr-xr-x: Operation not permitted
build	Cache Android SDK	2026-06-06T12:23:01.0500450Z /usr/bin/tar: ../../../../../usr/local/lib/android/sdk/platforms/android-34-ext8/data/res/values-nb: Cannot utime: Operation not permitted
build	Cache Android SDK	2026-06-06T12:23:01.0500989Z /usr/bin/tar: ../../../../../usr/local/lib/android/sdk/platforms/android-34-ext8/data/res/values-nb: Cannot change mode to rwxr-xr-x: Operation not permitted
build	Cache Android SDK	2026-06-06T12:23:01.0504444Z /usr/bin/tar: ../../../../../usr/local/lib/android/sdk/platforms/android-34-ext8/data/res/values-mcc310-mnc250-gl: Cannot utime: Operation not permitted
build	Cache Android SDK	2026-06-06T12:23:01.0505124Z /usr/bin/tar: ../../../../../usr/local/lib/android/sdk/platforms/android-34-ext8/data/res/values-mcc310-mnc250-gl: Cannot change mode to rwxr-xr-x: Operation not permitted
build	Cache Android SDK	2026-06-06T12:23:01.0507546Z /usr/bin/tar: ../../../../../usr/local/lib/android/sdk/platforms/android-34-ext8/data/res/values-mcc310-mnc270-en-rIN: Cannot utime: Operation not permitted
build	Cache Android SDK	2026-06-06T12:23:01.0508147Z /usr/bin/tar: ../../../../../usr/local/lib/android/sdk/platforms/android-34-ext8/data/res/values-mcc310-mnc270-en-rIN: Cannot change mode to rwxr-xr-x: Operation not permitted
build	Cache Android SDK	2026-06-06T12:23:01.0510938Z /usr/bin/tar: ../../../../../usr/local/lib/android/sdk/platforms/android-34-ext8/data/res/raw-cs: Cannot utime: Operation not permitted
build	Cache Android SDK	2026-06-06T12:23:01.0511345Z /usr/bin/tar: ../../../../../usr/local/lib/android/sdk/platforms/android-34-ext8/data/res/raw-cs: Cannot change mode to rwxr-xr-x: Operation not permitted
build	Cache Android SDK	2026-06-06T12:23:01.0515841Z /usr/bin/tar: ../../../../../usr/local/lib/android/sdk/platforms/android-34-ext8/data/res/values-mcc310-mnc160-mr: Cannot utime: Operation not permitted
build	Cache Android SDK	2026-06-06T12:23:01.0516296Z /usr/bin/tar: ../../../../../usr/local/lib/android/sdk/platforms/android-34-ext8/data/res/values-mcc310-mnc160-mr: Cannot change mode to rwxr-xr-x: Operation not permitted
build	Cache Android SDK	2026-06-06T12:23:01.0519299Z /usr/bin/tar: ../../../../../usr/local/lib/android/sdk/platforms/android-34-ext8/data/res/values-mcc302-mnc370-en-rGB: Cannot utime: Operation not permitted
build	Cache Android SDK	2026-06-06T12:23:01.0519780Z /usr/bin/tar: ../../../../../usr/local/lib/android/sdk/platforms/android-34-ext8/data/res/values-mcc302-mnc370-en-rGB: Cannot change mode to rwxr-xr-x: Operation not permitted
build	Cache Android SDK	2026-06-06T12:23:01.0522330Z /usr/bin/tar: ../../../../../usr/local/lib/android/sdk/platforms/android-34-ext8/data/res/values-mcc310-mnc490-pt-rBR: Cannot utime: Operation not permitted
build	Cache Android SDK	2026-06-06T12:23:01.0522804Z /usr/bin/tar: ../../../../../usr/local/lib/android/sdk/platforms/android-34-ext8/data/res/values-mcc310-mnc490-pt-rBR: Cannot change mode to rwxr-xr-x: Operation not permitted
build	Cache Android SDK	2026-06-06T12:23:01.0525376Z /usr/bin/tar: ../../../../../usr/local/lib/android/sdk/platforms/android-34-ext8/data/res/values-mcc311-mnc180-ur: Cannot utime: Operation not permitted
build	Cache Android SDK	2026-06-06T12:23:01.0525826Z /usr/bin/tar: ../../../../../usr/local/lib/android/sdk/platforms/android-34-ext8/data/res/values-mcc311-mnc180-ur: Cannot change mode to rwxr-xr-x: Operation not permitted
build	Cache Android SDK	2026-06-06T12:23:01.0529185Z /usr/bin/tar: ../../../../../usr/local/lib/android/sdk/platforms/android-34-ext8/data/res/values-mcc334-mnc020-te: Cannot utime: Operation not permitted
build	Cache Android SDK	2026-06-06T12:23:01.0529644Z /usr/bin/tar: ../../../../../usr/local/lib/android/sdk/platforms/android-34-ext8/data/res/values-mcc334-mnc020-te: Cannot change mode to rwxr-xr-x: Operation not permitted
build	Cache Android SDK	2026-06-06T12:23:01.0532658Z /usr/bin/tar: ../../../../../usr/local/lib/android/sdk/platforms/android-34-ext8/data/res/values-mcc312-mnc670-ky: Cannot utime: Operation not permitted
build	Cache Android SDK	2026-06-06T12:23:01.0533264Z /usr/bin/tar: ../../../../../usr/local/lib/android/sdk/platforms/android-34-ext8/data/res/values-mcc312-mnc670-ky: Cannot change mode to rwxr-xr-x: Operation not permitted
build	Cache Android SDK	2026-06-06T12:23:01.0536121Z /usr/bin/tar: ../../../../../usr/local/lib/android/sdk/platforms/android-34-ext8/data/res/values-mcc310-mnc030-ml: Cannot utime: Operation not permitted
build	Cache Android SDK	2026-06-06T12:23:01.0536661Z /usr/bin/tar: ../../../../../usr/local/lib/android/sdk/platforms/android-34-ext8/data/res/values-mcc310-mnc030-ml: Cannot change mode to rwxr-xr-x: Operation not permitted
build	Cache Android SDK	2026-06-06T12:23:01.0540254Z /usr/bin/tar: ../../../../../usr/local/lib/android/sdk/platforms/android-34-ext8/data/res/values-mcc310-mnc380-sl: Cannot utime: Operation not permitted
build	Cache Android SDK	2026-06-06T12:23:01.0540722Z /usr/bin/tar: ../../../../../usr/local/lib/android/sdk/platforms/android-34-ext8/data/res/values-mcc310-mnc380-sl: Cannot change mode to rwxr-xr-x: Operation not permitted
build	Cache Android SDK	2026-06-06T12:23:01.0543446Z /usr/bin/tar: ../../../../../usr/local/lib/android/sdk/platforms/android-34-ext8/data/res/values-mcc310-mnc030-ka: Cannot utime: Operation not permitted
build	Cache Android SDK	2026-06-06T12:23:01.0543902Z /usr/bin/tar: ../../../../../usr/local/lib/android/sdk/platforms/android-34-ext8/data/res/values-mcc310-mnc030-ka: Cannot change mode to rwxr-xr-x: Operation not permitted
build	Cache Android SDK	2026-06-06T12:23:01.0547619Z /usr/bin/tar: ../../../../../usr/local/lib/android/sdk/platforms/android-34-ext8/data/res/values-mcc310-mnc950-nl: Cannot utime: Operation not permitted
build	Cache Android SDK	2026-06-06T12:23:01.0548074Z /usr/bin/tar: ../../../../../usr/local/lib/android/sdk/platforms/android-34-ext8/data/res/values-mcc310-mnc950-nl: Cannot change mode to rwxr-xr-x: Operation not permitted
build	Cache Android SDK	2026-06-06T12:23:01.0555711Z /usr/bin/tar: ../../../../../usr/local/lib/android/sdk/platforms/android-34-ext8/data/res/values-mcc312-mnc670-sq: Cannot utime: Operation not permitted
build	Cache Android SDK	2026-06-06T12:23:01.0556388Z /usr/bin/tar: ../../../../../usr/local/lib/android/sdk/platforms/android-34-ext8/data/res/values-mcc312-mnc670-sq: Cannot change mode to rwxr-xr-x: Operation not permitted
build	Cache Android SDK	2026-06-06T12:23:01.0564646Z /usr/bin/tar: ../../../../../usr/local/lib/android/sdk/platforms/android-34-ext8/data/res/values-ur: Cannot utime: Operation not permitted
build	Cache Android SDK	2026-06-06T12:23:01.0565327Z /usr/bin/tar: ../../../../../usr/local/lib/android/sdk/platforms/android-34-ext8/data/res/values-ur: Cannot change mode to rwxr-xr-x: Operation not permitted
build	Cache Android SDK	2026-06-06T12:23:01.0569482Z /usr/bin/tar: ../../../../../usr/local/lib/android/sdk/platforms/android-34-ext8/data/res/values-mcc310-mnc270-te: Cannot utime: Operation not permitted
build	Cache Android SDK	2026-06-06T12:23:01.0570030Z /usr/bin/tar: ../../../../../usr/local/lib/android/sdk/platforms/android-34-ext8/data/res/values-mcc310-mnc270-te: Cannot change mode to rwxr-xr-x: Operation not permitted
build	Cache Android SDK	2026-06-06T12:23:01.0572782Z /usr/bin/tar: ../../../../../usr/local/lib/android/sdk/platforms/android-34-ext8/data/res/values-mcc310-mnc160-nl: Cannot utime: Operation not permitted
build	Cache Android SDK	2026-06-06T12:23:01.0573345Z /usr/bin/tar: ../../../../../usr/local/lib/android/sdk/platforms/android-34-ext8/data/res/values-mcc310-mnc160-nl: Cannot change mode to rwxr-xr-x: Operation not permitted
build	Cache Android SDK	2026-06-06T12:23:01.0576381Z /usr/bin/tar: ../../../../../usr/local/lib/android/sdk/platforms/android-34-ext8/data/res/values-mcc302-mnc720-eu: Cannot utime: Operation not permitted
build	Cache Android SDK	2026-06-06T12:23:01.0576880Z /usr/bin/tar: ../../../../../usr/local/lib/android/sdk/platforms/android-34-ext8/data/res/values-mcc302-mnc720-eu: Cannot change mode to rwxr-xr-x: Operation not permitted
build	Cache Android SDK	2026-06-06T12:23:01.0580132Z /usr/bin/tar: ../../../../../usr/local/lib/android/sdk/platforms/android-34-ext8/data/res/values-mcc310-mnc250-am: Cannot utime: Operation not permitted
build	Cache Android SDK	2026-06-06T12:23:01.0580611Z /usr/bin/tar: ../../../../../usr/local/lib/android/sdk/platforms/android-34-ext8/data/res/values-mcc310-mnc250-am: Cannot change mode to rwxr-xr-x: Operation not permitted
build	Cache Android SDK	2026-06-06T12:23:01.0583570Z /usr/bin/tar: ../../../../../usr/local/lib/android/sdk/platforms/android-34-ext8/data/res/values-mcc310-mnc210-bn: Cannot utime: Operation not permitted
build	Cache Android SDK	2026-06-06T12:23:01.0584074Z /usr/bin/tar: ../../../../../usr/local/lib/android/sdk/platforms/android-34-ext8/data/res/values-mcc310-mnc210-bn: Cannot change mode to rwxr-xr-x: Operation not permitted
build	Cache Android SDK	2026-06-06T12:23:01.0591297Z /usr/bin/tar: ../../../../../usr/local/lib/android/sdk/platforms/android-34-ext8/data/res/values-nl: Cannot utime: Operation not permitted
build	Cache Android SDK	2026-06-06T12:23:01.0591777Z /usr/bin/tar: ../../../../../usr/local/lib/android/sdk/platforms/android-34-ext8/data/res/values-nl: Cannot change mode to rwxr-xr-x: Operation not permitted
build	Cache Android SDK	2026-06-06T12:23:01.0593243Z /usr/bin/tar: ../../../../../usr/local/lib/android/sdk/platforms/android-34-ext8/data/res/values-tr-watch: Cannot utime: Operation not permitted
build	Cache Android SDK	2026-06-06T12:23:01.0593699Z /usr/bin/tar: ../../../../../usr/local/lib/android/sdk/platforms/android-34-ext8/data/res/values-tr-watch: Cannot change mode to rwxr-xr-x: Operation not permitted
build	Cache Android SDK	2026-06-06T12:23:01.0596432Z /usr/bin/tar: ../../../../../usr/local/lib/android/sdk/platforms/android-34-ext8/data/res/values-mcc310-mnc310-az: Cannot utime: Operation not permitted
build	Cache Android SDK	2026-06-06T12:23:01.0596890Z /usr/bin/tar: ../../../../../usr/local/lib/android/sdk/platforms/android-34-ext8/data/res/values-mcc310-mnc310-az: Cannot change mode to rwxr-xr-x: Operation not permitted
build	Cache Android SDK	2026-06-06T12:23:01.0599738Z /usr/bin/tar: ../../../../../usr/local/lib/android/sdk/platforms/android-34-ext8/data/res/values-mcc310-mnc240-es: Cannot utime: Operation not permitted
build	Cache Android SDK	2026-06-06T12:23:01.0600195Z /usr/bin/tar: ../../../../../usr/local/lib/android/sdk/platforms/android-34-ext8/data/res/values-mcc310-mnc240-es: Cannot change mode to rwxr-xr-x: Operation not permitted
build	Cache Android SDK	2026-06-06T12:23:01.0603644Z /usr/bin/tar: ../../../../../usr/local/lib/android/sdk/platforms/android-34-ext8/data/res/values-mcc310-mnc200-hi: Cannot utime: Operation not permitted
build	Cache Android SDK	2026-06-06T12:23:01.0604184Z /usr/bin/tar: ../../../../../usr/local/lib/android/sdk/platforms/android-34-ext8/data/res/values-mcc310-mnc200-hi: Cannot change mode to rwxr-xr-x: Operation not permitted
build	Cache Android SDK	2026-06-06T12:23:01.0607647Z /usr/bin/tar: ../../../../../usr/local/lib/android/sdk/platforms/android-34-ext8/data/res/values-gu-television: Cannot utime: Operation not permitted
build	Cache Android SDK	2026-06-06T12:23:01.0608126Z /usr/bin/tar: ../../../../../usr/local/lib/android/sdk/platforms/android-34-ext8/data/res/values-gu-television: Cannot change mode to rwxr-xr-x: Operation not permitted
build	Cache Android SDK	2026-06-06T12:23:01.0611493Z /usr/bin/tar: ../../../../../usr/local/lib/android/sdk/platforms/android-34-ext8/data/res/values-mcc310-mnc230-be: Cannot utime: Operation not permitted
build	Cache Android SDK	2026-06-06T12:23:01.0612022Z /usr/bin/tar: ../../../../../usr/local/lib/android/sdk/platforms/android-34-ext8/data/res/values-mcc310-mnc230-be: Cannot change mode to rwxr-xr-x: Operation not permitted
build	Cache Android SDK	2026-06-06T12:23:01.0614808Z /usr/bin/tar: ../../../../../usr/local/lib/android/sdk/platforms/android-34-ext8/data/res/values-mcc334-mnc020: Cannot utime: Operation not permitted
build	Cache Android SDK	2026-06-06T12:23:01.0615297Z /usr/bin/tar: ../../../../../usr/local/lib/android/sdk/platforms/android-34-ext8/data/res/values-mcc334-mnc020: Cannot change mode to rwxr-xr-x: Operation not permitted
build	Cache Android SDK	2026-06-06T12:23:01.0617536Z /usr/bin/tar: ../../../../../usr/local/lib/android/sdk/platforms/android-34-ext8/data/res/values-mcc310-mnc950-fr: Cannot utime: Operation not permitted
build	Cache Android SDK	2026-06-06T12:23:01.0618038Z /usr/bin/tar: ../../../../../usr/local/lib/android/sdk/platforms/android-34-ext8/data/res/values-mcc310-mnc950-fr: Cannot change mode to rwxr-xr-x: Operation not permitted
build	Cache Android SDK	2026-06-06T12:23:01.0620618Z /usr/bin/tar: ../../../../../usr/local/lib/android/sdk/platforms/android-34-ext8/data/res/values-mcc334-mnc020-mr: Cannot utime: Operation not permitted
build	Cache Android SDK	2026-06-06T12:23:01.0621096Z /usr/bin/tar: ../../../../../usr/local/lib/android/sdk/platforms/android-34-ext8/data/res/values-mcc334-mnc020-mr: Cannot change mode to rwxr-xr-x: Operation not permitted
build	Cache Android SDK	2026-06-06T12:23:01.0623869Z /usr/bin/tar: ../../../../../usr/local/lib/android/sdk/platforms/android-34-ext8/data/res/values-mcc310-mnc220-tl: Cannot utime: Operation not permitted
build	Cache Android SDK	2026-06-06T12:23:01.0624337Z /usr/bin/tar: ../../../../../usr/local/lib/android/sdk/platforms/android-34-ext8/data/res/values-mcc310-mnc220-tl: Cannot change mode to rwxr-xr-x: Operation not permitted
build	Cache Android SDK	2026-06-06T12:23:01.0628077Z /usr/bin/tar: ../../../../../usr/local/lib/android/sdk/platforms/android-34-ext8/data/res/values-night: Cannot utime: Operation not permitted
build	Cache Android SDK	2026-06-06T12:23:01.0628524Z /usr/bin/tar: ../../../../../usr/local/lib/android/sdk/platforms/android-34-ext8/data/res/values-night: Cannot change mode to rwxr-xr-x: Operation not permitted
build	Cache Android SDK	2026-06-06T12:23:01.0634044Z /usr/bin/tar: ../../../../../usr/local/lib/android/sdk/platforms/android-34-ext8/data/res/values-mcc310-mnc030-de: Cannot utime: Operation not permitted
build	Cache Android SDK	2026-06-06T12:23:01.0634922Z /usr/bin/tar: ../../../../../usr/local/lib/android/sdk/platforms/android-34-ext8/data/res/values-mcc310-mnc030-de: Cannot change mode to rwxr-xr-x: Operation not permitted
build	Cache Android SDK	2026-06-06T12:23:01.0637449Z /usr/bin/tar: ../../../../../usr/local/lib/android/sdk/platforms/android-34-ext8/data/res/values-tl-watch: Cannot utime: Operation not permitted
build	Cache Android SDK	2026-06-06T12:23:01.0637905Z /usr/bin/tar: ../../../../../usr/local/lib/android/sdk/platforms/android-34-ext8/data/res/values-tl-watch: Cannot change mode to rwxr-xr-x: Operation not permitted
build	Cache Android SDK	2026-06-06T12:23:01.0640568Z /usr/bin/tar: ../../../../../usr/local/lib/android/sdk/platforms/android-34-ext8/data/res/values-mcc313-mnc100-my: Cannot utime: Operation not permitted
build	Cache Android SDK	2026-06-06T12:23:01.0641031Z /usr/bin/tar: ../../../../../usr/local/lib/android/sdk/platforms/android-34-ext8/data/res/values-mcc313-mnc100-my: Cannot change mode to rwxr-xr-x: Operation not permitted
build	Cache Android SDK	2026-06-06T12:23:01.0643888Z /usr/bin/tar: ../../../../../usr/local/lib/android/sdk/platforms/android-34-ext8/data/res/values-mcc310-mnc160-ne: Cannot utime: Operation not permitted
build	Cache Android SDK	2026-06-06T12:23:01.0644340Z /usr/bin/tar: ../../../../../usr/local/lib/android/sdk/platforms/android-34-ext8/data/res/values-mcc310-mnc160-ne: Cannot change mode to rwxr-xr-x: Operation not permitted
build	Cache Android SDK	2026-06-06T12:23:01.0647070Z /usr/bin/tar: ../../../../../usr/local/lib/android/sdk/platforms/android-34-ext8/data/res/values-mcc311-mnc180-sw: Cannot utime: Operation not permitted
build	Cache Android SDK	2026-06-06T12:23:01.0647645Z /usr/bin/tar: ../../../../../usr/local/lib/android/sdk/platforms/android-34-ext8/data/res/values-mcc311-mnc180-sw: Cannot change mode to rwxr-xr-x: Operation not permitted
build	Cache Android SDK	2026-06-06T12:23:01.0650513Z /usr/bin/tar: ../../../../../usr/local/lib/android/sdk/platforms/android-34-ext8/data/res/values-mcc310-mnc660-iw: Cannot utime: Operation not permitted
build	Cache Android SDK	2026-06-06T12:23:01.0650973Z /usr/bin/tar: ../../../../../usr/local/lib/android/sdk/platforms/android-34-ext8/data/res/values-mcc310-mnc660-iw: Cannot change mode to rwxr-xr-x: Operation not permitted
build	Cache Android SDK	2026-06-06T12:23:01.0654723Z /usr/bin/tar: ../../../../../usr/local/lib/android/sdk/platforms/android-34-ext8/data/res/values-mcc310-mnc150-zu: Cannot utime: Operation not permitted
build	Cache Android SDK	2026-06-06T12:23:01.0655173Z /usr/bin/tar: ../../../../../usr/local/lib/android/sdk/platforms/android-34-ext8/data/res/values-mcc310-mnc150-zu: Cannot change mode to rwxr-xr-x: Operation not permitted
build	Cache Android SDK	2026-06-06T12:23:01.0658840Z /usr/bin/tar: ../../../../../usr/local/lib/android/sdk/platforms/android-34-ext8/data/res/values-mcc313-mnc100-in: Cannot utime: Operation not permitted
build	Cache Android SDK	2026-06-06T12:23:01.0659305Z /usr/bin/tar: ../../../../../usr/local/lib/android/sdk/platforms/android-34-ext8/data/res/values-mcc313-mnc100-in: Cannot change mode to rwxr-xr-x: Operation not permitted
build	Cache Android SDK	2026-06-06T12:23:01.0662080Z /usr/bin/tar: ../../../../../usr/local/lib/android/sdk/platforms/android-34-ext8/data/res/values-mcc310-mnc160-uk: Cannot utime: Operation not permitted
build	Cache Android SDK	2026-06-06T12:23:01.0662540Z /usr/bin/tar: ../../../../../usr/local/lib/android/sdk/platforms/android-34-ext8/data/res/values-mcc310-mnc160-uk: Cannot change mode to rwxr-xr-x: Operation not permitted
build	Cache Android SDK	2026-06-06T12:23:01.0665585Z /usr/bin/tar: ../../../../../usr/local/lib/android/sdk/platforms/android-34-ext8/data/res/values-uk-rUA: Cannot utime: Operation not permitted
build	Cache Android SDK	2026-06-06T12:23:01.0666012Z /usr/bin/tar: ../../../../../usr/local/lib/android/sdk/platforms/android-34-ext8/data/res/values-uk-rUA: Cannot change mode to rwxr-xr-x: Operation not permitted
build	Cache Android SDK	2026-06-06T12:23:01.0669025Z /usr/bin/tar: ../../../../../usr/local/lib/android/sdk/platforms/android-34-ext8/data/res/values-mcc310-mnc230-bn: Cannot utime: Operation not permitted
build	Cache Android SDK	2026-06-06T12:23:01.0669484Z /usr/bin/tar: ../../../../../usr/local/lib/android/sdk/platforms/android-34-ext8/data/res/values-mcc310-mnc230-bn: Cannot change mode to rwxr-xr-x: Operation not permitted
build	Cache Android SDK	2026-06-06T12:23:01.0672204Z /usr/bin/tar: ../../../../../usr/local/lib/android/sdk/platforms/android-34-ext8/data/res/values-tl-rPH: Cannot utime: Operation not permitted
build	Cache Android SDK	2026-06-06T12:23:01.0672716Z /usr/bin/tar: ../../../../../usr/local/lib/android/sdk/platforms/android-34-ext8/data/res/values-tl-rPH: Cannot change mode to rwxr-xr-x: Operation not permitted
build	Cache Android SDK	2026-06-06T12:23:01.0675695Z /usr/bin/tar: ../../../../../usr/local/lib/android/sdk/platforms/android-34-ext8/data/res/values-mcc310-mnc200-si: Cannot utime: Operation not permitted
build	Cache Android SDK	2026-06-06T12:23:01.0676260Z /usr/bin/tar: ../../../../../usr/local/lib/android/sdk/platforms/android-34-ext8/data/res/values-mcc310-mnc200-si: Cannot change mode to rwxr-xr-x: Operation not permitted
build	Cache Android SDK	2026-06-06T12:23:01.0679368Z /usr/bin/tar: ../../../../../usr/local/lib/android/sdk/platforms/android-34-ext8/data/res/values-mcc310-mnc310-af: Cannot utime: Operation not permitted
build	Cache Android SDK	2026-06-06T12:23:01.0679839Z /usr/bin/tar: ../../../../../usr/local/lib/android/sdk/platforms/android-34-ext8/data/res/values-mcc310-mnc310-af: Cannot change mode to rwxr-xr-x: Operation not permitted
build	Cache Android SDK	2026-06-06T12:23:01.0682594Z /usr/bin/tar: ../../../../../usr/local/lib/android/sdk/platforms/android-34-ext8/data/res/values-mcc310-mnc240-lt: Cannot utime: Operation not permitted
build	Cache Android SDK	2026-06-06T12:23:01.0683073Z /usr/bin/tar: ../../../../../usr/local/lib/android/sdk/platforms/android-34-ext8/data/res/values-mcc310-mnc240-lt: Cannot change mode to rwxr-xr-x: Operation not permitted
build	Cache Android SDK	2026-06-06T12:23:01.0685516Z /usr/bin/tar: ../../../../../usr/local/lib/android/sdk/platforms/android-34-ext8/data/res/values-mcc310-mnc660-pa: Cannot utime: Operation not permitted
build	Cache Android SDK	2026-06-06T12:23:01.0685983Z /usr/bin/tar: ../../../../../usr/local/lib/android/sdk/platforms/android-34-ext8/data/res/values-mcc310-mnc660-pa: Cannot change mode to rwxr-xr-x: Operation not permitted
build	Cache Android SDK	2026-06-06T12:23:01.0688853Z /usr/bin/tar: ../../../../../usr/local/lib/android/sdk/platforms/android-34-ext8/data/res/values-mcc310-mnc310-fa: Cannot utime: Operation not permitted
build	Cache Android SDK	2026-06-06T12:23:01.0689322Z /usr/bin/tar: ../../../../../usr/local/lib/android/sdk/platforms/android-34-ext8/data/res/values-mcc310-mnc310-fa: Cannot change mode to rwxr-xr-x: Operation not permitted
build	Cache Android SDK	2026-06-06T12:23:01.0692030Z /usr/bin/tar: ../../../../../usr/local/lib/android/sdk/platforms/android-34-ext8/data/res/values-mcc310-mnc230-in: Cannot utime: Operation not permitted
build	Cache Android SDK	2026-06-06T12:23:01.0692629Z /usr/bin/tar: ../../../../../usr/local/lib/android/sdk/platforms/android-34-ext8/data/res/values-mcc310-mnc230-in: Cannot change mode to rwxr-xr-x: Operation not permitted
build	Cache Android SDK	2026-06-06T12:23:01.0722880Z /usr/bin/tar: ../../../../../usr/local/lib/android/sdk/platforms/android-34-ext8/data/res/color: Cannot utime: Operation not permitted
build	Cache Android SDK	2026-06-06T12:23:01.0723409Z /usr/bin/tar: ../../../../../usr/local/lib/android/sdk/platforms/android-34-ext8/data/res/color: Cannot change mode to rwxr-xr-x: Operation not permitted
build	Cache Android SDK	2026-06-06T12:23:01.0725836Z /usr/bin/tar: ../../../../../usr/local/lib/android/sdk/platforms/android-34-ext8/data/res/values-mcc312-mnc670-be: Cannot utime: Operation not permitted
build	Cache Android SDK	2026-06-06T12:23:01.0726314Z /usr/bin/tar: ../../../../../usr/local/lib/android/sdk/platforms/android-34-ext8/data/res/values-mcc312-mnc670-be: Cannot change mode to rwxr-xr-x: Operation not permitted
build	Cache Android SDK	2026-06-06T12:23:01.0729064Z /usr/bin/tar: ../../../../../usr/local/lib/android/sdk/platforms/android-34-ext8/data/res/values-mcc310-mnc410-mk: Cannot utime: Operation not permitted
build	Cache Android SDK	2026-06-06T12:23:01.0729709Z /usr/bin/tar: ../../../../../usr/local/lib/android/sdk/platforms/android-34-ext8/data/res/values-mcc310-mnc410-mk: Cannot change mode to rwxr-xr-x: Operation not permitted
build	Cache Android SDK	2026-06-06T12:23:01.0733028Z /usr/bin/tar: ../../../../../usr/local/lib/android/sdk/platforms/android-34-ext8/data/res/values-mcc313-mnc100-sv: Cannot utime: Operation not permitted
build	Cache Android SDK	2026-06-06T12:23:01.0733489Z /usr/bin/tar: ../../../../../usr/local/lib/android/sdk/platforms/android-34-ext8/data/res/values-mcc313-mnc100-sv: Cannot change mode to rwxr-xr-x: Operation not permitted
build	Cache Android SDK	2026-06-06T12:23:01.0736331Z /usr/bin/tar: ../../../../../usr/local/lib/android/sdk/platforms/android-34-ext8/data/res/values-mcc310-mnc410-sl: Cannot utime: Operation not permitted
build	Cache Android SDK	2026-06-06T12:23:01.0736867Z /usr/bin/tar: ../../../../../usr/local/lib/android/sdk/platforms/android-34-ext8/data/res/values-mcc310-mnc410-sl: Cannot change mode to rwxr-xr-x: Operation not permitted
build	Cache Android SDK	2026-06-06T12:23:01.0740277Z /usr/bin/tar: ../../../../../usr/local/lib/android/sdk/platforms/android-34-ext8/data/res/values-mcc302-mnc370-en-rAU: Cannot utime: Operation not permitted
build	Cache Android SDK	2026-06-06T12:23:01.0740829Z /usr/bin/tar: ../../../../../usr/local/lib/android/sdk/platforms/android-34-ext8/data/res/values-mcc302-mnc370-en-rAU: Cannot change mode to rwxr-xr-x: Operation not permitted
build	Cache Android SDK	2026-06-06T12:23:01.0744636Z /usr/bin/tar: ../../../../../usr/local/lib/android/sdk/platforms/android-34-ext8/data/res/values-mcc310-mnc210-vi: Cannot utime: Operation not permitted
build	Cache Android SDK	2026-06-06T12:23:01.0745097Z /usr/bin/tar: ../../../../../usr/local/lib/android/sdk/platforms/android-34-ext8/data/res/values-mcc310-mnc210-vi: Cannot change mode to rwxr-xr-x: Operation not permitted
build	Cache Android SDK	2026-06-06T12:23:01.0749366Z /usr/bin/tar: ../../../../../usr/local/lib/android/sdk/platforms/android-34-ext8/data/res/values-mcc310-mnc030-ur: Cannot utime: Operation not permitted
build	Cache Android SDK	2026-06-06T12:23:01.0749873Z /usr/bin/tar: ../../../../../usr/local/lib/android/sdk/platforms/android-34-ext8/data/res/values-mcc310-mnc030-ur: Cannot change mode to rwxr-xr-x: Operation not permitted
build	Cache Android SDK	2026-06-06T12:23:01.0753256Z /usr/bin/tar: ../../../../../usr/local/lib/android/sdk/platforms/android-34-ext8/data/res/color-night: Cannot utime: Operation not permitted
build	Cache Android SDK	2026-06-06T12:23:01.0753708Z /usr/bin/tar: ../../../../../usr/local/lib/android/sdk/platforms/android-34-ext8/data/res/color-night: Cannot change mode to rwxr-xr-x: Operation not permitted
build	Cache Android SDK	2026-06-06T12:23:01.0756197Z /usr/bin/tar: ../../../../../usr/local/lib/android/sdk/platforms/android-34-ext8/data/res/values-mcc310-mnc240-ta: Cannot utime: Operation not permitted
build	Cache Android SDK	2026-06-06T12:23:01.0756675Z /usr/bin/tar: ../../../../../usr/local/lib/android/sdk/platforms/android-34-ext8/data/res/values-mcc310-mnc240-ta: Cannot change mode to rwxr-xr-x: Operation not permitted
build	Cache Android SDK	2026-06-06T12:23:01.0759502Z /usr/bin/tar: ../../../../../usr/local/lib/android/sdk/platforms/android-34-ext8/data/res/values-mcc313-mnc100-cs: Cannot utime: Operation not permitted
build	Cache Android SDK	2026-06-06T12:23:01.0759961Z /usr/bin/tar: ../../../../../usr/local/lib/android/sdk/platforms/android-34-ext8/data/res/values-mcc313-mnc100-cs: Cannot change mode to rwxr-xr-x: Operation not permitted
build	Cache Android SDK	2026-06-06T12:23:01.0762097Z /usr/bin/tar: ../../../../../usr/local/lib/android/sdk/platforms/android-34-ext8/data/res/values-mcc311-mnc180-uz: Cannot utime: Operation not permitted
build	Cache Android SDK	2026-06-06T12:23:01.0762582Z /usr/bin/tar: ../../../../../usr/local/lib/android/sdk/platforms/android-34-ext8/data/res/values-mcc311-mnc180-uz: Cannot change mode to rwxr-xr-x: Operation not permitted
build	Cache Android SDK	2026-06-06T12:23:01.0765618Z /usr/bin/tar: ../../../../../usr/local/lib/android/sdk/platforms/android-34-ext8/data/res/values-mcc312-mnc670-pt: Cannot utime: Operation not permitted
build	Cache Android SDK	2026-06-06T12:23:01.0766090Z /usr/bin/tar: ../../../../../usr/local/lib/android/sdk/platforms/android-34-ext8/data/res/values-mcc312-mnc670-pt: Cannot change mode to rwxr-xr-x: Operation not permitted
build	Cache Android SDK	2026-06-06T12:23:01.0768895Z /usr/bin/tar: ../../../../../usr/local/lib/android/sdk/platforms/android-34-ext8/data/res/values-mcc310-mnc250-tl: Cannot utime: Operation not permitted
build	Cache Android SDK	2026-06-06T12:23:01.0769522Z /usr/bin/tar: ../../../../../usr/local/lib/android/sdk/platforms/android-34-ext8/data/res/values-mcc310-mnc250-tl: Cannot change mode to rwxr-xr-x: Operation not permitted
build	Cache Android SDK	2026-06-06T12:23:01.0771923Z /usr/bin/tar: ../../../../../usr/local/lib/android/sdk/platforms/android-34-ext8/data/res/values-mcc310-mnc250-fr-rCA: Cannot utime: Operation not permitted
build	Cache Android SDK	2026-06-06T12:23:01.0772430Z /usr/bin/tar: ../../../../../usr/local/lib/android/sdk/platforms/android-34-ext8/data/res/values-mcc310-mnc250-fr-rCA: Cannot change mode to rwxr-xr-x: Operation not permitted
build	Cache Android SDK	2026-06-06T12:23:01.0775165Z /usr/bin/tar: ../../../../../usr/local/lib/android/sdk/platforms/android-34-ext8/data/res/values-mcc310-mnc150-bs: Cannot utime: Operation not permitted
build	Cache Android SDK	2026-06-06T12:23:01.0775645Z /usr/bin/tar: ../../../../../usr/local/lib/android/sdk/platforms/android-34-ext8/data/res/values-mcc310-mnc150-bs: Cannot change mode to rwxr-xr-x: Operation not permitted
build	Cache Android SDK	2026-06-06T12:23:01.0778077Z /usr/bin/tar: ../../../../../usr/local/lib/android/sdk/platforms/android-34-ext8/data/res/values-mcc310-mnc560-sk: Cannot utime: Operation not permitted
build	Cache Android SDK	2026-06-06T12:23:01.0778538Z /usr/bin/tar: ../../../../../usr/local/lib/android/sdk/platforms/android-34-ext8/data/res/values-mcc310-mnc560-sk: Cannot change mode to rwxr-xr-x: Operation not permitted
build	Cache Android SDK	2026-06-06T12:23:01.0782062Z /usr/bin/tar: ../../../../../usr/local/lib/android/sdk/platforms/android-34-ext8/data/res/values-mcc310-mnc030-zu: Cannot utime: Operation not permitted
build	Cache Android SDK	2026-06-06T12:23:01.0782647Z /usr/bin/tar: ../../../../../usr/local/lib/android/sdk/platforms/android-34-ext8/data/res/values-mcc310-mnc030-zu: Cannot change mode to rwxr-xr-x: Operation not permitted
build	Cache Android SDK	2026-06-06T12:23:01.0785030Z /usr/bin/tar: ../../../../../usr/local/lib/android/sdk/platforms/android-34-ext8/data/res/values-mcc450-mnc06: Cannot utime: Operation not permitted
build	Cache Android SDK	2026-06-06T12:23:01.0785487Z /usr/bin/tar: ../../../../../usr/local/lib/android/sdk/platforms/android-34-ext8/data/res/values-mcc450-mnc06: Cannot change mode to rwxr-xr-x: Operation not permitted
build	Cache Android SDK	2026-06-06T12:23:01.0788238Z /usr/bin/tar: ../../../../../usr/local/lib/android/sdk/platforms/android-34-ext8/data/res/values-mcc310-mnc800-es-rUS: Cannot utime: Operation not permitted
build	Cache Android SDK	2026-06-06T12:23:01.0788726Z /usr/bin/tar: ../../../../../usr/local/lib/android/sdk/platforms/android-34-ext8/data/res/values-mcc310-mnc800-es-rUS: Cannot change mode to rwxr-xr-x: Operation not permitted
build	Cache Android SDK	2026-06-06T12:23:01.0791203Z /usr/bin/tar: ../../../../../usr/local/lib/android/sdk/platforms/android-34-ext8/data/res/values-mcc310-mnc560-mn: Cannot utime: Operation not permitted
build	Cache Android SDK	2026-06-06T12:23:01.0791665Z /usr/bin/tar: ../../../../../usr/local/lib/android/sdk/platforms/android-34-ext8/data/res/values-mcc310-mnc560-mn: Cannot change mode to rwxr-xr-x: Operation not permitted
build	Cache Android SDK	2026-06-06T12:23:01.0794316Z /usr/bin/tar: ../../../../../usr/local/lib/android/sdk/platforms/android-34-ext8/data/res/values-mcc313-mnc100-bn: Cannot utime: Operation not permitted
build	Cache Android SDK	2026-06-06T12:23:01.0794846Z /usr/bin/tar: ../../../../../usr/local/lib/android/sdk/platforms/android-34-ext8/data/res/values-mcc313-mnc100-bn: Cannot change mode to rwxr-xr-x: Operation not permitted
build	Cache Android SDK	2026-06-06T12:23:01.0797265Z /usr/bin/tar: ../../../../../usr/local/lib/android/sdk/platforms/android-34-ext8/data/res/values-mcc310-mnc200-hr: Cannot utime: Operation not permitted
build	Cache Android SDK	2026-06-06T12:23:01.0797898Z /usr/bin/tar: ../../../../../usr/local/lib/android/sdk/platforms/android-34-ext8/data/res/values-mcc310-mnc200-hr: Cannot change mode to rwxr-xr-x: Operation not permitted
build	Cache Android SDK	2026-06-06T12:23:01.0800219Z /usr/bin/tar: ../../../../../usr/local/lib/android/sdk/platforms/android-34-ext8/data/res/values-mcc310-mnc200-am: Cannot utime: Operation not permitted
build	Cache Android SDK	2026-06-06T12:23:01.0800681Z /usr/bin/tar: ../../../../../usr/local/lib/android/sdk/platforms/android-34-ext8/data/res/values-mcc310-mnc200-am: Cannot change mode to rwxr-xr-x: Operation not permitted
build	Cache Android SDK	2026-06-06T12:23:01.0803866Z /usr/bin/tar: ../../../../../usr/local/lib/android/sdk/platforms/android-34-ext8/data/res/values-mcc310-mnc800-sw: Cannot utime: Operation not permitted
build	Cache Android SDK	2026-06-06T12:23:01.0804335Z /usr/bin/tar: ../../../../../usr/local/lib/android/sdk/platforms/android-34-ext8/data/res/values-mcc310-mnc800-sw: Cannot change mode to rwxr-xr-x: Operation not permitted
build	Cache Android SDK	2026-06-06T12:23:01.0807565Z /usr/bin/tar: ../../../../../usr/local/lib/android/sdk/platforms/android-34-ext8/data/res/values-mcc302-mnc370-ne: Cannot utime: Operation not permitted
build	Cache Android SDK	2026-06-06T12:23:01.0808058Z /usr/bin/tar: ../../../../../usr/local/lib/android/sdk/platforms/android-34-ext8/data/res/values-mcc302-mnc370-ne: Cannot change mode to rwxr-xr-x: Operation not permitted
build	Cache Android SDK	2026-06-06T12:23:01.0813380Z /usr/bin/tar: ../../../../../usr/local/lib/android/sdk/platforms/android-34-ext8/data/res/drawable-sw600dp-mdpi: Cannot utime: Operation not permitted
build	Cache Android SDK	2026-06-06T12:23:01.0814366Z /usr/bin/tar: ../../../../../usr/local/lib/android/sdk/platforms/android-34-ext8/data/res/drawable-sw600dp-mdpi: Cannot change mode to rwxr-xr-x: Operation not permitted
build	Cache Android SDK	2026-06-06T12:23:01.0817800Z /usr/bin/tar: ../../../../../usr/local/lib/android/sdk/platforms/android-34-ext8/data/res/values-mcc310-mnc560-af: Cannot utime: Operation not permitted
build	Cache Android SDK	2026-06-06T12:23:01.0818269Z /usr/bin/tar: ../../../../../usr/local/lib/android/sdk/platforms/android-34-ext8/data/res/values-mcc310-mnc560-af: Cannot change mode to rwxr-xr-x: Operation not permitted
build	Cache Android SDK	2026-06-06T12:23:01.0821482Z /usr/bin/tar: ../../../../../usr/local/lib/android/sdk/platforms/android-34-ext8/data/res/values-mcc310-mnc310-pt-rBR: Cannot utime: Operation not permitted
build	Cache Android SDK	2026-06-06T12:23:01.0821969Z /usr/bin/tar: ../../../../../usr/local/lib/android/sdk/platforms/android-34-ext8/data/res/values-mcc310-mnc310-pt-rBR: Cannot change mode to rwxr-xr-x: Operation not permitted
build	Cache Android SDK	2026-06-06T12:23:01.0825713Z /usr/bin/tar: ../../../../../usr/local/lib/android/sdk/platforms/android-34-ext8/data/res/values-mcc302-mnc720-es-rUS: Cannot utime: Operation not permitted
build	Cache Android SDK	2026-06-06T12:23:01.0826207Z /usr/bin/tar: ../../../../../usr/local/lib/android/sdk/platforms/android-34-ext8/data/res/values-mcc302-mnc720-es-rUS: Cannot change mode to rwxr-xr-x: Operation not permitted
build	Cache Android SDK	2026-06-06T12:23:01.0829812Z /usr/bin/tar: ../../../../../usr/local/lib/android/sdk/platforms/android-34-ext8/data/res/values-mcc310-mnc270-is: Cannot utime: Operation not permitted
build	Cache Android SDK	2026-06-06T12:23:01.0830271Z /usr/bin/tar: ../../../../../usr/local/lib/android/sdk/platforms/android-34-ext8/data/res/values-mcc310-mnc270-is: Cannot change mode to rwxr-xr-x: Operation not permitted
build	Cache Android SDK	2026-06-06T12:23:01.0834486Z /usr/bin/tar: ../../../../../usr/local/lib/android/sdk/platforms/android-34-ext8/data/res/values-mcc310-mnc250-ko: Cannot utime: Operation not permitted
build	Cache Android SDK	2026-06-06T12:23:01.0835109Z /usr/bin/tar: ../../../../../usr/local/lib/android/sdk/platforms/android-34-ext8/data/res/values-mcc310-mnc250-ko: Cannot change mode to rwxr-xr-x: Operation not permitted
build	Cache Android SDK	2026-06-06T12:23:01.0840076Z /usr/bin/tar: ../../../../../usr/local/lib/android/sdk/platforms/android-34-ext8/data/res/values-mcc310-mnc200-ro: Cannot utime: Operation not permitted
build	Cache Android SDK	2026-06-06T12:23:01.0840718Z /usr/bin/tar: ../../../../../usr/local/lib/android/sdk/platforms/android-34-ext8/data/res/values-mcc310-mnc200-ro: Cannot change mode to rwxr-xr-x: Operation not permitted
build	Cache Android SDK	2026-06-06T12:23:01.0847768Z /usr/bin/tar: ../../../../../usr/local/lib/android/sdk/platforms/android-34-ext8/data/res/values-mcc310-mnc310-zh-rTW: Cannot utime: Operation not permitted
build	Cache Android SDK	2026-06-06T12:23:01.0848261Z /usr/bin/tar: ../../../../../usr/local/lib/android/sdk/platforms/android-34-ext8/data/res/values-mcc310-mnc310-zh-rTW: Cannot change mode to rwxr-xr-x: Operation not permitted
build	Cache Android SDK	2026-06-06T12:23:01.0851840Z /usr/bin/tar: ../../../../../usr/local/lib/android/sdk/platforms/android-34-ext8/data/res/values-mcc310-mnc380-lt: Cannot utime: Operation not permitted
build	Cache Android SDK	2026-06-06T12:23:01.0852353Z /usr/bin/tar: ../../../../../usr/local/lib/android/sdk/platforms/android-34-ext8/data/res/values-mcc310-mnc380-lt: Cannot change mode to rwxr-xr-x: Operation not permitted
build	Cache Android SDK	2026-06-06T12:23:01.0855191Z /usr/bin/tar: ../../../../../usr/local/lib/android/sdk/platforms/android-34-ext8/data/res/values-mcc310-mnc410-it: Cannot utime: Operation not permitted
build	Cache Android SDK	2026-06-06T12:23:01.0855656Z /usr/bin/tar: ../../../../../usr/local/lib/android/sdk/platforms/android-34-ext8/data/res/values-mcc310-mnc410-it: Cannot change mode to rwxr-xr-x: Operation not permitted
build	Cache Android SDK	2026-06-06T12:23:01.0858876Z /usr/bin/tar: ../../../../../usr/local/lib/android/sdk/platforms/android-34-ext8/data/res/values-mcc311-mnc870: Cannot utime: Operation not permitted
build	Cache Android SDK	2026-06-06T12:23:01.0859461Z /usr/bin/tar: ../../../../../usr/local/lib/android/sdk/platforms/android-34-ext8/data/res/values-mcc311-mnc870: Cannot change mode to rwxr-xr-x: Operation not permitted
build	Cache Android SDK	2026-06-06T12:23:01.0862009Z /usr/bin/tar: ../../../../../usr/local/lib/android/sdk/platforms/android-34-ext8/data/res/values-mcc310-mnc280-kn: Cannot utime: Operation not permitted
build	Cache Android SDK	2026-06-06T12:23:01.0862555Z /usr/bin/tar: ../../../../../usr/local/lib/android/sdk/platforms/android-34-ext8/data/res/values-mcc310-mnc280-kn: Cannot change mode to rwxr-xr-x: Operation not permitted
build	Cache Android SDK	2026-06-06T12:23:01.0868496Z /usr/bin/tar: ../../../../../usr/local/lib/android/sdk/platforms/android-34-ext8/data/res/values-fr-rCA: Cannot utime: Operation not permitted
build	Cache Android SDK	2026-06-06T12:23:01.0869403Z /usr/bin/tar: ../../../../../usr/local/lib/android/sdk/platforms/android-34-ext8/data/res/values-fr-rCA: Cannot change mode to rwxr-xr-x: Operation not permitted
build	Cache Android SDK	2026-06-06T12:23:01.0871974Z /usr/bin/tar: ../../../../../usr/local/lib/android/sdk/platforms/android-34-ext8/data/res/values-ko-watch: Cannot utime: Operation not permitted
build	Cache Android SDK	2026-06-06T12:23:01.0872922Z /usr/bin/tar: ../../../../../usr/local/lib/android/sdk/platforms/android-34-ext8/data/res/values-ko-watch: Cannot change mode to rwxr-xr-x: Operation not permitted
build	Cache Android SDK	2026-06-06T12:23:01.0875780Z /usr/bin/tar: ../../../../../usr/local/lib/android/sdk/platforms/android-34-ext8/data/res/values-mcc310-mnc170-in: Cannot utime: Operation not permitted
build	Cache Android SDK	2026-06-06T12:23:01.0876360Z /usr/bin/tar: ../../../../../usr/local/lib/android/sdk/platforms/android-34-ext8/data/res/values-mcc310-mnc170-in: Cannot change mode to rwxr-xr-x: Operation not permitted
build	Cache Android SDK	2026-06-06T12:23:01.0878567Z /usr/bin/tar: ../../../../../usr/local/lib/android/sdk/platforms/android-34-ext8/data/res/values-mcc310-mnc170-pa: Cannot utime: Operation not permitted
build	Cache Android SDK	2026-06-06T12:23:01.0879061Z /usr/bin/tar: ../../../../../usr/local/lib/android/sdk/platforms/android-34-ext8/data/res/values-mcc310-mnc170-pa: Cannot change mode to rwxr-xr-x: Operation not permitted
build	Cache Android SDK	2026-06-06T12:23:01.0882622Z /usr/bin/tar: ../../../../../usr/local/lib/android/sdk/platforms/android-34-ext8/data/res/values-mcc310-mnc220-bs: Cannot utime: Operation not permitted
build	Cache Android SDK	2026-06-06T12:23:01.0883110Z /usr/bin/tar: ../../../../../usr/local/lib/android/sdk/platforms/android-34-ext8/data/res/values-mcc310-mnc220-bs: Cannot change mode to rwxr-xr-x: Operation not permitted
build	Cache Android SDK	2026-06-06T12:23:01.0885519Z /usr/bin/tar: ../../../../../usr/local/lib/android/sdk/platforms/android-34-ext8/data/res/values-mcc310-mnc280-pt-rPT: Cannot utime: Operation not permitted
build	Cache Android SDK	2026-06-06T12:23:01.0886026Z /usr/bin/tar: ../../../../../usr/local/lib/android/sdk/platforms/android-34-ext8/data/res/values-mcc310-mnc280-pt-rPT: Cannot change mode to rwxr-xr-x: Operation not permitted
build	Cache Android SDK	2026-06-06T12:23:01.0888832Z /usr/bin/tar: ../../../../../usr/local/lib/android/sdk/platforms/android-34-ext8/data/res/values-mcc310-mnc200-ur: Cannot utime: Operation not permitted
build	Cache Android SDK	2026-06-06T12:23:01.0889333Z /usr/bin/tar: ../../../../../usr/local/lib/android/sdk/platforms/android-34-ext8/data/res/values-mcc310-mnc200-ur: Cannot change mode to rwxr-xr-x: Operation not permitted
build	Cache Android SDK	2026-06-06T12:23:01.0891854Z /usr/bin/tar: ../../../../../usr/local/lib/android/sdk/platforms/android-34-ext8/data/res/values-mcc310-mnc490-lv: Cannot utime: Operation not permitted
build	Cache Android SDK	2026-06-06T12:23:01.0892470Z /usr/bin/tar: ../../../../../usr/local/lib/android/sdk/platforms/android-34-ext8/data/res/values-mcc310-mnc490-lv: Cannot change mode to rwxr-xr-x: Operation not permitted
build	Cache Android SDK	2026-06-06T12:23:01.0895086Z /usr/bin/tar: ../../../../../usr/local/lib/android/sdk/platforms/android-34-ext8/data/res/values-uz-watch: Cannot utime: Operation not permitted
build	Cache Android SDK	2026-06-06T12:23:01.0895548Z /usr/bin/tar: ../../../../../usr/local/lib/android/sdk/platforms/android-34-ext8/data/res/values-uz-watch: Cannot change mode to rwxr-xr-x: Operation not permitted
build	Cache Android SDK	2026-06-06T12:23:01.0898005Z /usr/bin/tar: ../../../../../usr/local/lib/android/sdk/platforms/android-34-ext8/data/res/values-mcc310-mnc660-da: Cannot utime: Operation not permitted
build	Cache Android SDK	2026-06-06T12:23:01.0906390Z /usr/bin/tar: ../../../../../usr/local/lib/android/sdk/platforms/android-34-ext8/data/res/values-mcc310-mnc660-da: Cannot change mode to rwxr-xr-x: Operation not permitted
build	Cache Android SDK	2026-06-06T12:23:01.0907760Z /usr/bin/tar: ../../../../../usr/local/lib/android/sdk/platforms/android-34-ext8/data/res/values-fi: Cannot utime: Operation not permitted
build	Cache Android SDK	2026-06-06T12:23:01.0909488Z /usr/bin/tar: ../../../../../usr/local/lib/android/sdk/platforms/android-34-ext8/data/res/values-fi: Cannot change mode to rwxr-xr-x: Operation not permitted
build	Cache Android SDK	2026-06-06T12:23:01.0910766Z /usr/bin/tar: ../../../../../usr/local/lib/android/sdk/platforms/android-34-ext8/data/res/values-mcc310-mnc800-cs: Cannot utime: Operation not permitted
build	Cache Android SDK	2026-06-06T12:23:01.0912101Z /usr/bin/tar: ../../../../../usr/local/lib/android/sdk/platforms/android-34-ext8/data/res/values-mcc310-mnc800-cs: Cannot change mode to rwxr-xr-x: Operation not permitted
build	Cache Android SDK	2026-06-06T12:23:01.0913317Z /usr/bin/tar: ../../../../../usr/local/lib/android/sdk/platforms/android-34-ext8/data/res/values-mcc310-mnc380-hi: Cannot utime: Operation not permitted
build	Cache Android SDK	2026-06-06T12:23:01.0914253Z /usr/bin/tar: ../../../../../usr/local/lib/android/sdk/platforms/android-34-ext8/data/res/values-mcc310-mnc380-hi: Cannot change mode to rwxr-xr-x: Operation not permitted
build	Cache Android SDK	2026-06-06T12:23:01.0915998Z /usr/bin/tar: ../../../../../usr/local/lib/android/sdk/platforms/android-34-ext8/data/res/values-mcc310-mnc410-af: Cannot utime: Operation not permitted
build	Cache Android SDK	2026-06-06T12:23:01.0916939Z /usr/bin/tar: ../../../../../usr/local/lib/android/sdk/platforms/android-34-ext8/data/res/values-mcc310-mnc410-af: Cannot change mode to rwxr-xr-x: Operation not permitted
build	Cache Android SDK	2026-06-06T12:23:01.0919495Z /usr/bin/tar: ../../../../../usr/local/lib/android/sdk/platforms/android-34-ext8/data/res/values-mcc310-mnc250-km: Cannot utime: Operation not permitted
build	Cache Android SDK	2026-06-06T12:23:01.0920443Z /usr/bin/tar: ../../../../../usr/local/lib/android/sdk/platforms/android-34-ext8/data/res/values-mcc310-mnc250-km: Cannot change mode to rwxr-xr-x: Operation not permitted
build	Cache Android SDK	2026-06-06T12:23:01.0922455Z /usr/bin/tar: ../../../../../usr/local/lib/android/sdk/platforms/android-34-ext8/data/res/values-mcc302-mnc370-pa: Cannot utime: Operation not permitted
build	Cache Android SDK	2026-06-06T12:23:01.0923404Z /usr/bin/tar: ../../../../../usr/local/lib/android/sdk/platforms/android-34-ext8/data/res/values-mcc302-mnc370-pa: Cannot change mode to rwxr-xr-x: Operation not permitted
build	Cache Android SDK	2026-06-06T12:23:01.0925918Z /usr/bin/tar: ../../../../../usr/local/lib/android/sdk/platforms/android-34-ext8/data/res/values-mcc310-mnc380-ca: Cannot utime: Operation not permitted
build	Cache Android SDK	2026-06-06T12:23:01.0926898Z /usr/bin/tar: ../../../../../usr/local/lib/android/sdk/platforms/android-34-ext8/data/res/values-mcc310-mnc380-ca: Cannot change mode to rwxr-xr-x: Operation not permitted
build	Cache Android SDK	2026-06-06T12:23:01.0928970Z /usr/bin/tar: ../../../../../usr/local/lib/android/sdk/platforms/android-34-ext8/data/res/values-mcc310-mnc950-gu: Cannot utime: Operation not permitted
build	Cache Android SDK	2026-06-06T12:23:01.0929938Z /usr/bin/tar: ../../../../../usr/local/lib/android/sdk/platforms/android-34-ext8/data/res/values-mcc310-mnc950-gu: Cannot change mode to rwxr-xr-x: Operation not permitted
build	Cache Android SDK	2026-06-06T12:23:01.0932387Z /usr/bin/tar: ../../../../../usr/local/lib/android/sdk/platforms/android-34-ext8/data/res/values-mcc302-mnc720-sq: Cannot utime: Operation not permitted
build	Cache Android SDK	2026-06-06T12:23:01.0933451Z /usr/bin/tar: ../../../../../usr/local/lib/android/sdk/platforms/android-34-ext8/data/res/values-mcc302-mnc720-sq: Cannot change mode to rwxr-xr-x: Operation not permitted
build	Cache Android SDK	2026-06-06T12:23:01.0935125Z /usr/bin/tar: ../../../../../usr/local/lib/android/sdk/platforms/android-34-ext8/data/res/values-sq-watch: Cannot utime: Operation not permitted
build	Cache Android SDK	2026-06-06T12:23:01.0936035Z /usr/bin/tar: ../../../../../usr/local/lib/android/sdk/platforms/android-34-ext8/data/res/values-sq-watch: Cannot change mode to rwxr-xr-x: Operation not permitted
build	Cache Android SDK	2026-06-06T12:23:01.0938841Z /usr/bin/tar: ../../../../../usr/local/lib/android/sdk/platforms/android-34-ext8/data/res/values-mcc311-mnc180-lv: Cannot utime: Operation not permitted
build	Cache Android SDK	2026-06-06T12:23:01.0939815Z /usr/bin/tar: ../../../../../usr/local/lib/android/sdk/platforms/android-34-ext8/data/res/values-mcc311-mnc180-lv: Cannot change mode to rwxr-xr-x: Operation not permitted
build	Cache Android SDK	2026-06-06T12:23:01.0942203Z /usr/bin/tar: ../../../../../usr/local/lib/android/sdk/platforms/android-34-ext8/data/res/values-mcc310-mnc280-it: Cannot utime: Operation not permitted
build	Cache Android SDK	2026-06-06T12:23:01.0943167Z /usr/bin/tar: ../../../../../usr/local/lib/android/sdk/platforms/android-34-ext8/data/res/values-mcc310-mnc280-it: Cannot change mode to rwxr-xr-x: Operation not permitted
build	Cache Android SDK	2026-06-06T12:23:01.0945076Z /usr/bin/tar: ../../../../../usr/local/lib/android/sdk/platforms/android-34-ext8/data/res/values-mcc302-mnc720-kk: Cannot utime: Operation not permitted
build	Cache Android SDK	2026-06-06T12:23:01.0946742Z /usr/bin/tar: ../../../../../usr/local/lib/android/sdk/platforms/android-34-ext8/data/res/values-mcc302-mnc720-kk: Cannot change mode to rwxr-xr-x: Operation not permitted
build	Cache Android SDK	2026-06-06T12:23:01.0948181Z /usr/bin/tar: ../../../../../usr/local/lib/android/sdk/platforms/android-34-ext8/data/res: Cannot utime: Operation not permitted
build	Cache Android SDK	2026-06-06T12:23:01.0949582Z /usr/bin/tar: ../../../../../usr/local/lib/android/sdk/platforms/android-34-ext8/data/res: Cannot change mode to rwxr-xr-x: Operation not permitted
build	Cache Android SDK	2026-06-06T12:23:01.1026049Z /usr/bin/tar: ../../../../../usr/local/lib/android/sdk/platforms/android-34-ext8/data: Cannot utime: Operation not permitted
build	Cache Android SDK	2026-06-06T12:23:01.1026946Z /usr/bin/tar: ../../../../../usr/local/lib/android/sdk/platforms/android-34-ext8/data: Cannot change mode to rwxr-xr-x: Operation not permitted
build	Cache Android SDK	2026-06-06T12:23:01.1028086Z /usr/bin/tar: ../../../../../usr/local/lib/android/sdk/platforms/android-34-ext8: Cannot utime: Operation not permitted
build	Cache Android SDK	2026-06-06T12:23:01.1028879Z /usr/bin/tar: ../../../../../usr/local/lib/android/sdk/platforms/android-34-ext8: Cannot change mode to rwxr-xr-x: Operation not permitted
build	Cache Android SDK	2026-06-06T12:23:01.1049113Z /usr/bin/tar: ../../../../../usr/local/lib/android/sdk/platforms/android-37.0/optional/libbinder_ndk_cpp/android: Cannot utime: Operation not permitted
build	Cache Android SDK	2026-06-06T12:23:01.1051050Z /usr/bin/tar: ../../../../../usr/local/lib/android/sdk/platforms/android-37.0/optional/libbinder_ndk_cpp/android: Cannot change mode to rwxr-xr-x: Operation not permitted
build	Cache Android SDK	2026-06-06T12:23:01.1052436Z /usr/bin/tar: ../../../../../usr/local/lib/android/sdk/platforms/android-37.0/optional/libbinder_ndk_cpp: Cannot utime: Operation not permitted
build	Cache Android SDK	2026-06-06T12:23:01.1054250Z /usr/bin/tar: ../../../../../usr/local/lib/android/sdk/platforms/android-37.0/optional/libbinder_ndk_cpp: Cannot change mode to rwxr-xr-x: Operation not permitted
build	Cache Android SDK	2026-06-06T12:23:01.1055899Z /usr/bin/tar: ../../../../../usr/local/lib/android/sdk/platforms/android-37.0/optional: Cannot utime: Operation not permitted
build	Cache Android SDK	2026-06-06T12:23:01.1057742Z /usr/bin/tar: ../../../../../usr/local/lib/android/sdk/platforms/android-37.0/optional: Cannot change mode to rwxr-xr-x: Operation not permitted
build	Cache Android SDK	2026-06-06T12:23:01.1152041Z /usr/bin/tar: ../../../../../usr/local/lib/android/sdk/platforms/android-37.0/skins/WXGA800: Cannot utime: Operation not permitted
build	Cache Android SDK	2026-06-06T12:23:01.1152960Z /usr/bin/tar: ../../../../../usr/local/lib/android/sdk/platforms/android-37.0/skins/WXGA800: Cannot change mode to rwxr-xr-x: Operation not permitted
build	Cache Android SDK	2026-06-06T12:23:01.1158907Z /usr/bin/tar: ../../../../../usr/local/lib/android/sdk/platforms/android-37.0/skins/HVGA: Cannot utime: Operation not permitted
build	Cache Android SDK	2026-06-06T12:23:01.1159891Z /usr/bin/tar: ../../../../../usr/local/lib/android/sdk/platforms/android-37.0/skins/HVGA: Cannot change mode to rwxr-xr-x: Operation not permitted
build	Cache Android SDK	2026-06-06T12:23:01.1165538Z /usr/bin/tar: ../../../../../usr/local/lib/android/sdk/platforms/android-37.0/skins/WSVGA: Cannot utime: Operation not permitted
build	Cache Android SDK	2026-06-06T12:23:01.1166488Z /usr/bin/tar: ../../../../../usr/local/lib/android/sdk/platforms/android-37.0/skins/WSVGA: Cannot change mode to rwxr-xr-x: Operation not permitted
build	Cache Android SDK	2026-06-06T12:23:01.1172834Z /usr/bin/tar: ../../../../../usr/local/lib/android/sdk/platforms/android-37.0/skins/WQVGA432: Cannot utime: Operation not permitted
build	Cache Android SDK	2026-06-06T12:23:01.1173988Z /usr/bin/tar: ../../../../../usr/local/lib/android/sdk/platforms/android-37.0/skins/WQVGA432: Cannot change mode to rwxr-xr-x: Operation not permitted
build	Cache Android SDK	2026-06-06T12:23:01.1180610Z /usr/bin/tar: ../../../../../usr/local/lib/android/sdk/platforms/android-37.0/skins/WVGA854: Cannot utime: Operation not permitted
build	Cache Android SDK	2026-06-06T12:23:01.1181459Z /usr/bin/tar: ../../../../../usr/local/lib/android/sdk/platforms/android-37.0/skins/WVGA854: Cannot change mode to rwxr-xr-x: Operation not permitted
build	Cache Android SDK	2026-06-06T12:23:01.1188361Z /usr/bin/tar: ../../../../../usr/local/lib/android/sdk/platforms/android-37.0/skins/WXGA800-7in: Cannot utime: Operation not permitted
build	Cache Android SDK	2026-06-06T12:23:01.1189701Z /usr/bin/tar: ../../../../../usr/local/lib/android/sdk/platforms/android-37.0/skins/WXGA800-7in: Cannot change mode to rwxr-xr-x: Operation not permitted
build	Cache Android SDK	2026-06-06T12:23:01.1195667Z /usr/bin/tar: ../../../../../usr/local/lib/android/sdk/platforms/android-37.0/skins/QVGA: Cannot utime: Operation not permitted
build	Cache Android SDK	2026-06-06T12:23:01.1196745Z /usr/bin/tar: ../../../../../usr/local/lib/android/sdk/platforms/android-37.0/skins/QVGA: Cannot change mode to rwxr-xr-x: Operation not permitted
build	Cache Android SDK	2026-06-06T12:23:01.1205670Z /usr/bin/tar: ../../../../../usr/local/lib/android/sdk/platforms/android-37.0/skins/WQVGA400: Cannot utime: Operation not permitted
build	Cache Android SDK	2026-06-06T12:23:01.1207526Z /usr/bin/tar: ../../../../../usr/local/lib/android/sdk/platforms/android-37.0/skins/WQVGA400: Cannot change mode to rwxr-xr-x: Operation not permitted
build	Cache Android SDK	2026-06-06T12:23:01.1221453Z /usr/bin/tar: ../../../../../usr/local/lib/android/sdk/platforms/android-37.0/skins/WVGA800: Cannot utime: Operation not permitted
build	Cache Android SDK	2026-06-06T12:23:01.1222362Z /usr/bin/tar: ../../../../../usr/local/lib/android/sdk/platforms/android-37.0/skins/WVGA800: Cannot change mode to rwxr-xr-x: Operation not permitted
build	Cache Android SDK	2026-06-06T12:23:01.1229857Z /usr/bin/tar: ../../../../../usr/local/lib/android/sdk/platforms/android-37.0/skins/WXGA720: Cannot utime: Operation not permitted
build	Cache Android SDK	2026-06-06T12:23:01.1231401Z /usr/bin/tar: ../../../../../usr/local/lib/android/sdk/platforms/android-37.0/skins/WXGA720: Cannot change mode to rwxr-xr-x: Operation not permitted
build	Cache Android SDK	2026-06-06T12:23:01.1232849Z /usr/bin/tar: ../../../../../usr/local/lib/android/sdk/platforms/android-37.0/skins: Cannot utime: Operation not permitted
build	Cache Android SDK	2026-06-06T12:23:01.1234222Z /usr/bin/tar: ../../../../../usr/local/lib/android/sdk/platforms/android-37.0/skins: Cannot change mode to rwxr-xr-x: Operation not permitted
build	Cache Android SDK	2026-06-06T12:23:01.1645558Z /usr/bin/tar: ../../../../../usr/local/lib/android/sdk/platforms/android-37.0/templates: Cannot utime: Operation not permitted
build	Cache Android SDK	2026-06-06T12:23:01.1646500Z /usr/bin/tar: ../../../../../usr/local/lib/android/sdk/platforms/android-37.0/templates: Cannot change mode to rwxr-xr-x: Operation not permitted
build	Cache Android SDK	2026-06-06T12:23:01.1662786Z /usr/bin/tar: ../../../../../usr/local/lib/android/sdk/platforms/android-37.0/data/res/values-mcc310-mnc160-sk: Cannot utime: Operation not permitted
build	Cache Android SDK	2026-06-06T12:23:01.1664045Z /usr/bin/tar: ../../../../../usr/local/lib/android/sdk/platforms/android-37.0/data/res/values-mcc310-mnc160-sk: Cannot change mode to rwxr-xr-x: Operation not permitted
build	Cache Android SDK	2026-06-06T12:23:01.1668437Z /usr/bin/tar: ../../../../../usr/local/lib/android/sdk/platforms/android-37.0/data/res/values-mcc302-mnc370-hr: Cannot utime: Operation not permitted
build	Cache Android SDK	2026-06-06T12:23:01.1669405Z /usr/bin/tar: ../../../../../usr/local/lib/android/sdk/platforms/android-37.0/data/res/values-mcc302-mnc370-hr: Cannot change mode to rwxr-xr-x: Operation not permitted
build	Cache Android SDK	2026-06-06T12:23:01.1675155Z /usr/bin/tar: ../../../../../usr/local/lib/android/sdk/platforms/android-37.0/data/res/values-mcc310-mnc950-zh-rHK: Cannot utime: Operation not permitted
build	Cache Android SDK	2026-06-06T12:23:01.1676269Z /usr/bin/tar: ../../../../../usr/local/lib/android/sdk/platforms/android-37.0/data/res/values-mcc310-mnc950-zh-rHK: Cannot change mode to rwxr-xr-x: Operation not permitted
build	Cache Android SDK	2026-06-06T12:23:01.1682366Z /usr/bin/tar: ../../../../../usr/local/lib/android/sdk/platforms/android-37.0/data/res/values-mcc310-mnc210-et: Cannot utime: Operation not permitted
build	Cache Android SDK	2026-06-06T12:23:01.1683417Z /usr/bin/tar: ../../../../../usr/local/lib/android/sdk/platforms/android-37.0/data/res/values-mcc310-mnc210-et: Cannot change mode to rwxr-xr-x: Operation not permitted
build	Cache Android SDK	2026-06-06T12:23:01.1685509Z /usr/bin/tar: ../../../../../usr/local/lib/android/sdk/platforms/android-37.0/data/res/values-mcc310-mnc170-sl: Cannot utime: Operation not permitted
build	Cache Android SDK	2026-06-06T12:23:01.1686434Z /usr/bin/tar: ../../../../../usr/local/lib/android/sdk/platforms/android-37.0/data/res/values-mcc310-mnc170-sl: Cannot change mode to rwxr-xr-x: Operation not permitted
build	Cache Android SDK	2026-06-06T12:23:01.1688894Z /usr/bin/tar: ../../../../../usr/local/lib/android/sdk/platforms/android-37.0/data/res/values-mcc310-mnc150-eu: Cannot utime: Operation not permitted
build	Cache Android SDK	2026-06-06T12:23:01.1689935Z /usr/bin/tar: ../../../../../usr/local/lib/android/sdk/platforms/android-37.0/data/res/values-mcc310-mnc150-eu: Cannot change mode to rwxr-xr-x: Operation not permitted
build	Cache Android SDK	2026-06-06T12:23:01.1698283Z /usr/bin/tar: ../../../../../usr/local/lib/android/sdk/platforms/android-37.0/data/res/values-mcc334-mnc020-bs: Cannot utime: Operation not permitted
build	Cache Android SDK	2026-06-06T12:23:01.1699586Z /usr/bin/tar: ../../../../../usr/local/lib/android/sdk/platforms/android-37.0/data/res/values-mcc334-mnc020-bs: Cannot change mode to rwxr-xr-x: Operation not permitted
build	Cache Android SDK	2026-06-06T12:23:01.1704566Z /usr/bin/tar: ../../../../../usr/local/lib/android/sdk/platforms/android-37.0/data/res/values-mcc310-mnc310-en-rAU: Cannot utime: Operation not permitted
build	Cache Android SDK	2026-06-06T12:23:01.1705630Z /usr/bin/tar: ../../../../../usr/local/lib/android/sdk/platforms/android-37.0/data/res/values-mcc310-mnc310-en-rAU: Cannot change mode to rwxr-xr-x: Operation not permitted
build	Cache Android SDK	2026-06-06T12:23:01.1708011Z /usr/bin/tar: ../../../../../usr/local/lib/android/sdk/platforms/android-37.0/data/res/values-mcc334-mnc020-nl: Cannot utime: Operation not permitted
build	Cache Android SDK	2026-06-06T12:23:01.1709195Z /usr/bin/tar: ../../../../../usr/local/lib/android/sdk/platforms/android-37.0/data/res/values-mcc334-mnc020-nl: Cannot change mode to rwxr-xr-x: Operation not permitted
build	Cache Android SDK	2026-06-06T12:23:01.1714648Z /usr/bin/tar: ../../../../../usr/local/lib/android/sdk/platforms/android-37.0/data/res/raw-nl: Cannot utime: Operation not permitted
build	Cache Android SDK	2026-06-06T12:23:01.1715484Z /usr/bin/tar: ../../../../../usr/local/lib/android/sdk/platforms/android-37.0/data/res/raw-nl: Cannot change mode to rwxr-xr-x: Operation not permitted
build	Cache Android SDK	2026-06-06T12:23:01.1720538Z /usr/bin/tar: ../../../../../usr/local/lib/android/sdk/platforms/android-37.0/data/res/values-mcc310-mnc800-pl: Cannot utime: Operation not permitted
build	Cache Android SDK	2026-06-06T12:23:01.1721484Z /usr/bin/tar: ../../../../../usr/local/lib/android/sdk/platforms/android-37.0/data/res/values-mcc310-mnc800-pl: Cannot change mode to rwxr-xr-x: Operation not permitted
build	Cache Android SDK	2026-06-06T12:23:01.1726504Z /usr/bin/tar: ../../../../../usr/local/lib/android/sdk/platforms/android-37.0/data/res/values-mcc310-mnc490-sk: Cannot utime: Operation not permitted
build	Cache Android SDK	2026-06-06T12:23:01.1728346Z /usr/bin/tar: ../../../../../usr/local/lib/android/sdk/platforms/android-37.0/data/res/values-mcc310-mnc490-sk: Cannot change mode to rwxr-xr-x: Operation not permitted
build	Cache Android SDK	2026-06-06T12:23:01.1742672Z /usr/bin/tar: ../../../../../usr/local/lib/android/sdk/platforms/android-37.0/data/res/values-si: Cannot utime: Operation not permitted
build	Cache Android SDK	2026-06-06T12:23:01.1744009Z /usr/bin/tar: ../../../../../usr/local/lib/android/sdk/platforms/android-37.0/data/res/values-si: Cannot change mode to rwxr-xr-x: Operation not permitted
build	Cache Android SDK	2026-06-06T12:23:01.1745120Z /usr/bin/tar: ../../../../../usr/local/lib/android/sdk/platforms/android-37.0/data/res/values-mcc311-mnc180-bg: Cannot utime: Operation not permitted
build	Cache Android SDK	2026-06-06T12:23:01.1746209Z /usr/bin/tar: ../../../../../usr/local/lib/android/sdk/platforms/android-37.0/data/res/values-mcc311-mnc180-bg: Cannot change mode to rwxr-xr-x: Operation not permitted
build	Cache Android SDK	2026-06-06T12:23:01.1747263Z /usr/bin/tar: ../../../../../usr/local/lib/android/sdk/platforms/android-37.0/data/res/values-mcc310-mnc160-be: Cannot utime: Operation not permitted
build	Cache Android SDK	2026-06-06T12:23:01.1748684Z /usr/bin/tar: ../../../../../usr/local/lib/android/sdk/platforms/android-37.0/data/res/values-mcc310-mnc160-be: Cannot change mode to rwxr-xr-x: Operation not permitted
build	Cache Android SDK	2026-06-06T12:23:01.1749610Z /usr/bin/tar: ../../../../../usr/local/lib/android/sdk/platforms/android-37.0/data/res/values-mcc310-mnc280-pt: Cannot utime: Operation not permitted
build	Cache Android SDK	2026-06-06T12:23:01.1750618Z /usr/bin/tar: ../../../../../usr/local/lib/android/sdk/platforms/android-37.0/data/res/values-mcc310-mnc280-pt: Cannot change mode to rwxr-xr-x: Operation not permitted
build	Cache Android SDK	2026-06-06T12:23:01.1751784Z /usr/bin/tar: ../../../../../usr/local/lib/android/sdk/platforms/android-37.0/data/res/values-mcc302-mnc720-zh-rHK: Cannot utime: Operation not permitted
build	Cache Android SDK	2026-06-06T12:23:01.1752761Z /usr/bin/tar: ../../../../../usr/local/lib/android/sdk/platforms/android-37.0/data/res/values-mcc302-mnc720-zh-rHK: Cannot change mode to rwxr-xr-x: Operation not permitted
build	Cache Android SDK	2026-06-06T12:23:01.1753690Z /usr/bin/tar: ../../../../../usr/local/lib/android/sdk/platforms/android-37.0/data/res/values-mcc440-mnc50: Cannot utime: Operation not permitted
build	Cache Android SDK	2026-06-06T12:23:01.1754636Z /usr/bin/tar: ../../../../../usr/local/lib/android/sdk/platforms/android-37.0/data/res/values-mcc440-mnc50: Cannot change mode to rwxr-xr-x: Operation not permitted
build	Cache Android SDK	2026-06-06T12:23:01.1756474Z /usr/bin/tar: ../../../../../usr/local/lib/android/sdk/platforms/android-37.0/data/res/values-tr-television: Cannot utime: Operation not permitted
build	Cache Android SDK	2026-06-06T12:23:01.1757545Z /usr/bin/tar: ../../../../../usr/local/lib/android/sdk/platforms/android-37.0/data/res/values-tr-television: Cannot change mode to rwxr-xr-x: Operation not permitted
build	Cache Android SDK	2026-06-06T12:23:01.1760259Z /usr/bin/tar: ../../../../../usr/local/lib/android/sdk/platforms/android-37.0/data/res/values-mcc310-mnc490-th: Cannot utime: Operation not permitted
build	Cache Android SDK	2026-06-06T12:23:01.1761189Z /usr/bin/tar: ../../../../../usr/local/lib/android/sdk/platforms/android-37.0/data/res/values-mcc310-mnc490-th: Cannot change mode to rwxr-xr-x: Operation not permitted
build	Cache Android SDK	2026-06-06T12:23:01.1763823Z /usr/bin/tar: ../../../../../usr/local/lib/android/sdk/platforms/android-37.0/data/res/values-mcc311-mnc180-zh-rHK: Cannot utime: Operation not permitted
build	Cache Android SDK	2026-06-06T12:23:01.1764777Z /usr/bin/tar: ../../../../../usr/local/lib/android/sdk/platforms/android-37.0/data/res/values-mcc311-mnc180-zh-rHK: Cannot change mode to rwxr-xr-x: Operation not permitted
build	Cache Android SDK	2026-06-06T12:23:01.1767664Z /usr/bin/tar: ../../../../../usr/local/lib/android/sdk/platforms/android-37.0/data/res/values-mcc310-mnc310-fi: Cannot utime: Operation not permitted
build	Cache Android SDK	2026-06-06T12:23:01.1768668Z /usr/bin/tar: ../../../../../usr/local/lib/android/sdk/platforms/android-37.0/data/res/values-mcc310-mnc310-fi: Cannot change mode to rwxr-xr-x: Operation not permitted
build	Cache Android SDK	2026-06-06T12:23:01.1771558Z /usr/bin/tar: ../../../../../usr/local/lib/android/sdk/platforms/android-37.0/data/res/values-mcc313-mnc100-is: Cannot utime: Operation not permitted
build	Cache Android SDK	2026-06-06T12:23:01.1772599Z /usr/bin/tar: ../../../../../usr/local/lib/android/sdk/platforms/android-37.0/data/res/values-mcc313-mnc100-is: Cannot change mode to rwxr-xr-x: Operation not permitted
build	Cache Android SDK	2026-06-06T12:23:01.1774971Z /usr/bin/tar: ../../../../../usr/local/lib/android/sdk/platforms/android-37.0/data/res/values-mcc310-mnc280-as: Cannot utime: Operation not permitted
build	Cache Android SDK	2026-06-06T12:23:01.1776047Z /usr/bin/tar: ../../../../../usr/local/lib/android/sdk/platforms/android-37.0/data/res/values-mcc310-mnc280-as: Cannot change mode to rwxr-xr-x: Operation not permitted
build	Cache Android SDK	2026-06-06T12:23:01.1778243Z /usr/bin/tar: ../../../../../usr/local/lib/android/sdk/platforms/android-37.0/data/res/values-w180dp-notround-watch: Cannot utime: Operation not permitted
build	Cache Android SDK	2026-06-06T12:23:01.1779316Z /usr/bin/tar: ../../../../../usr/local/lib/android/sdk/platforms/android-37.0/data/res/values-w180dp-notround-watch: Cannot change mode to rwxr-xr-x: Operation not permitted
build	Cache Android SDK	2026-06-06T12:23:01.1781445Z /usr/bin/tar: ../../../../../usr/local/lib/android/sdk/platforms/android-37.0/data/res/values-mcc310-mnc030-gu: Cannot utime: Operation not permitted
build	Cache Android SDK	2026-06-06T12:23:01.1782464Z /usr/bin/tar: ../../../../../usr/local/lib/android/sdk/platforms/android-37.0/data/res/values-mcc310-mnc030-gu: Cannot change mode to rwxr-xr-x: Operation not permitted
build	Cache Android SDK	2026-06-06T12:23:01.1784602Z /usr/bin/tar: ../../../../../usr/local/lib/android/sdk/platforms/android-37.0/data/res/values-mcc310-mnc210-in: Cannot utime: Operation not permitted
build	Cache Android SDK	2026-06-06T12:23:01.1785546Z /usr/bin/tar: ../../../../../usr/local/lib/android/sdk/platforms/android-37.0/data/res/values-mcc310-mnc210-in: Cannot change mode to rwxr-xr-x: Operation not permitted
build	Cache Android SDK	2026-06-06T12:23:01.1787980Z /usr/bin/tar: ../../../../../usr/local/lib/android/sdk/platforms/android-37.0/data/res/values-mcc310-mnc410-nl: Cannot utime: Operation not permitted
build	Cache Android SDK	2026-06-06T12:23:01.1788928Z /usr/bin/tar: ../../../../../usr/local/lib/android/sdk/platforms/android-37.0/data/res/values-mcc310-mnc410-nl: Cannot change mode to rwxr-xr-x: Operation not permitted
build	Cache Android SDK	2026-06-06T12:23:01.1791099Z /usr/bin/tar: ../../../../../usr/local/lib/android/sdk/platforms/android-37.0/data/res/values-mcc310-mnc410-hi: Cannot utime: Operation not permitted
build	Cache Android SDK	2026-06-06T12:23:01.1792029Z /usr/bin/tar: ../../../../../usr/local/lib/android/sdk/platforms/android-37.0/data/res/values-mcc310-mnc410-hi: Cannot change mode to rwxr-xr-x: Operation not permitted
build	Cache Android SDK	2026-06-06T12:23:01.1794353Z /usr/bin/tar: ../../../../../usr/local/lib/android/sdk/platforms/android-37.0/data/res/values-mcc310-mnc210-iw: Cannot utime: Operation not permitted
build	Cache Android SDK	2026-06-06T12:23:01.1795290Z /usr/bin/tar: ../../../../../usr/local/lib/android/sdk/platforms/android-37.0/data/res/values-mcc310-mnc210-iw: Cannot change mode to rwxr-xr-x: Operation not permitted
build	Cache Android SDK	2026-06-06T12:23:01.1797617Z /usr/bin/tar: ../../../../../usr/local/lib/android/sdk/platforms/android-37.0/data/res/values-mcc001-mnc01-or: Cannot utime: Operation not permitted
build	Cache Android SDK	2026-06-06T12:23:01.1798561Z /usr/bin/tar: ../../../../../usr/local/lib/android/sdk/platforms/android-37.0/data/res/values-mcc001-mnc01-or: Cannot change mode to rwxr-xr-x: Operation not permitted
build	Cache Android SDK	2026-06-06T12:23:01.1803396Z /usr/bin/tar: ../../../../../usr/local/lib/android/sdk/platforms/android-37.0/data/res/values-mcc310-mnc230-pl: Cannot utime: Operation not permitted
build	Cache Android SDK	2026-06-06T12:23:01.1804329Z /usr/bin/tar: ../../../../../usr/local/lib/android/sdk/platforms/android-37.0/data/res/values-mcc310-mnc230-pl: Cannot change mode to rwxr-xr-x: Operation not permitted
build	Cache Android SDK	2026-06-06T12:23:01.1809231Z /usr/bin/tar: ../../../../../usr/local/lib/android/sdk/platforms/android-37.0/data/res/values-de-watch: Cannot utime: Operation not permitted
build	Cache Android SDK	2026-06-06T12:23:01.1810128Z /usr/bin/tar: ../../../../../usr/local/lib/android/sdk/platforms/android-37.0/data/res/values-de-watch: Cannot change mode to rwxr-xr-x: Operation not permitted
build	Cache Android SDK	2026-06-06T12:23:01.1813926Z /usr/bin/tar: ../../../../../usr/local/lib/android/sdk/platforms/android-37.0/data/res/raw: Cannot utime: Operation not permitted
build	Cache Android SDK	2026-06-06T12:23:01.1814872Z /usr/bin/tar: ../../../../../usr/local/lib/android/sdk/platforms/android-37.0/data/res/raw: Cannot change mode to rwxr-xr-x: Operation not permitted
build	Cache Android SDK	2026-06-06T12:23:01.1817968Z /usr/bin/tar: ../../../../../usr/local/lib/android/sdk/platforms/android-37.0/data/res/values-mcc310-mnc380-ml: Cannot utime: Operation not permitted
build	Cache Android SDK	2026-06-06T12:23:01.1818897Z /usr/bin/tar: ../../../../../usr/local/lib/android/sdk/platforms/android-37.0/data/res/values-mcc310-mnc380-ml: Cannot change mode to rwxr-xr-x: Operation not permitted
build	Cache Android SDK	2026-06-06T12:23:01.1821502Z /usr/bin/tar: ../../../../../usr/local/lib/android/sdk/platforms/android-37.0/data/res/values-mcc310-mnc660-pt-rPT: Cannot utime: Operation not permitted
build	Cache Android SDK	2026-06-06T12:23:01.1822544Z /usr/bin/tar: ../../../../../usr/local/lib/android/sdk/platforms/android-37.0/data/res/values-mcc310-mnc660-pt-rPT: Cannot change mode to rwxr-xr-x: Operation not permitted
build	Cache Android SDK	2026-06-06T12:23:01.1825000Z /usr/bin/tar: ../../../../../usr/local/lib/android/sdk/platforms/android-37.0/data/res/values-mcc310-mnc800-zh-rCN: Cannot utime: Operation not permitted
build	Cache Android SDK	2026-06-06T12:23:01.1826075Z /usr/bin/tar: ../../../../../usr/local/lib/android/sdk/platforms/android-37.0/data/res/values-mcc310-mnc800-zh-rCN: Cannot change mode to rwxr-xr-x: Operation not permitted
build	Cache Android SDK	2026-06-06T12:23:01.1832906Z /usr/bin/tar: ../../../../../usr/local/lib/android/sdk/platforms/android-37.0/data/res/values-ky: Cannot utime: Operation not permitted
build	Cache Android SDK	2026-06-06T12:23:01.1834372Z /usr/bin/tar: ../../../../../usr/local/lib/android/sdk/platforms/android-37.0/data/res/values-ky: Cannot change mode to rwxr-xr-x: Operation not permitted
build	Cache Android SDK	2026-06-06T12:23:01.1835845Z /usr/bin/tar: ../../../../../usr/local/lib/android/sdk/platforms/android-37.0/data/res/values-mcc311-mnc180-my: Cannot utime: Operation not permitted
build	Cache Android SDK	2026-06-06T12:23:01.1837288Z /usr/bin/tar: ../../../../../usr/local/lib/android/sdk/platforms/android-37.0/data/res/values-mcc311-mnc180-my: Cannot change mode to rwxr-xr-x: Operation not permitted
build	Cache Android SDK	2026-06-06T12:23:01.1838985Z /usr/bin/tar: ../../../../../usr/local/lib/android/sdk/platforms/android-37.0/data/res/values-mcc310-mnc240-da: Cannot utime: Operation not permitted
build	Cache Android SDK	2026-06-06T12:23:01.1839904Z /usr/bin/tar: ../../../../../usr/local/lib/android/sdk/platforms/android-37.0/data/res/values-mcc310-mnc240-da: Cannot change mode to rwxr-xr-x: Operation not permitted
build	Cache Android SDK	2026-06-06T12:23:01.1842054Z /usr/bin/tar: ../../../../../usr/local/lib/android/sdk/platforms/android-37.0/data/res/values-mcc310-mnc660-fa: Cannot utime: Operation not permitted
build	Cache Android SDK	2026-06-06T12:23:01.1843099Z /usr/bin/tar: ../../../../../usr/local/lib/android/sdk/platforms/android-37.0/data/res/values-mcc310-mnc660-fa: Cannot change mode to rwxr-xr-x: Operation not permitted
build	Cache Android SDK	2026-06-06T12:23:01.1845285Z /usr/bin/tar: ../../../../../usr/local/lib/android/sdk/platforms/android-37.0/data/res/values-mcc310-mnc270-sr: Cannot utime: Operation not permitted
build	Cache Android SDK	2026-06-06T12:23:01.1846218Z /usr/bin/tar: ../../../../../usr/local/lib/android/sdk/platforms/android-37.0/data/res/values-mcc310-mnc270-sr: Cannot change mode to rwxr-xr-x: Operation not permitted
build	Cache Android SDK	2026-06-06T12:23:01.1848637Z /usr/bin/tar: ../../../../../usr/local/lib/android/sdk/platforms/android-37.0/data/res/values-mcc310-mnc220-en-rIN: Cannot utime: Operation not permitted
build	Cache Android SDK	2026-06-06T12:23:01.1849588Z /usr/bin/tar: ../../../../../usr/local/lib/android/sdk/platforms/android-37.0/data/res/values-mcc310-mnc220-en-rIN: Cannot change mode to rwxr-xr-x: Operation not permitted
build	Cache Android SDK	2026-06-06T12:23:01.1856197Z /usr/bin/tar: ../../../../../usr/local/lib/android/sdk/platforms/android-37.0/data/res/values-bg: Cannot utime: Operation not permitted
build	Cache Android SDK	2026-06-06T12:23:01.1857060Z /usr/bin/tar: ../../../../../usr/local/lib/android/sdk/platforms/android-37.0/data/res/values-bg: Cannot change mode to rwxr-xr-x: Operation not permitted
build	Cache Android SDK	2026-06-06T12:23:01.1859602Z /usr/bin/tar: ../../../../../usr/local/lib/android/sdk/platforms/android-37.0/data/res/values-mcc310-mnc200-kn: Cannot utime: Operation not permitted
build	Cache Android SDK	2026-06-06T12:23:01.1860644Z /usr/bin/tar: ../../../../../usr/local/lib/android/sdk/platforms/android-37.0/data/res/values-mcc310-mnc200-kn: Cannot change mode to rwxr-xr-x: Operation not permitted
build	Cache Android SDK	2026-06-06T12:23:01.1863380Z /usr/bin/tar: ../../../../../usr/local/lib/android/sdk/platforms/android-37.0/data/res/values-mcc310-mnc230-nb: Cannot utime: Operation not permitted
build	Cache Android SDK	2026-06-06T12:23:01.1864315Z /usr/bin/tar: ../../../../../usr/local/lib/android/sdk/platforms/android-37.0/data/res/values-mcc310-mnc230-nb: Cannot change mode to rwxr-xr-x: Operation not permitted
build	Cache Android SDK	2026-06-06T12:23:01.1866452Z /usr/bin/tar: ../../../../../usr/local/lib/android/sdk/platforms/android-37.0/data/res/values-mcc310-mnc280-af: Cannot utime: Operation not permitted
build	Cache Android SDK	2026-06-06T12:23:01.1867662Z /usr/bin/tar: ../../../../../usr/local/lib/android/sdk/platforms/android-37.0/data/res/values-mcc310-mnc280-af: Cannot change mode to rwxr-xr-x: Operation not permitted
build	Cache Android SDK	2026-06-06T12:23:01.1869690Z /usr/bin/tar: ../../../../../usr/local/lib/android/sdk/platforms/android-37.0/data/res/values-mcc310-mnc800-te: Cannot utime: Operation not permitted
build	Cache Android SDK	2026-06-06T12:23:01.1870672Z /usr/bin/tar: ../../../../../usr/local/lib/android/sdk/platforms/android-37.0/data/res/values-mcc310-mnc800-te: Cannot change mode to rwxr-xr-x: Operation not permitted
build	Cache Android SDK	2026-06-06T12:23:01.1872953Z /usr/bin/tar: ../../../../../usr/local/lib/android/sdk/platforms/android-37.0/data/res/values-gl-watch: Cannot utime: Operation not permitted
build	Cache Android SDK	2026-06-06T12:23:01.1873834Z /usr/bin/tar: ../../../../../usr/local/lib/android/sdk/platforms/android-37.0/data/res/values-gl-watch: Cannot change mode to rwxr-xr-x: Operation not permitted
build	Cache Android SDK	2026-06-06T12:23:01.1876217Z /usr/bin/tar: ../../../../../usr/local/lib/android/sdk/platforms/android-37.0/data/res/values-mcc310-mnc240-hu: Cannot utime: Operation not permitted
build	Cache Android SDK	2026-06-06T12:23:01.1877146Z /usr/bin/tar: ../../../../../usr/local/lib/android/sdk/platforms/android-37.0/data/res/values-mcc310-mnc240-hu: Cannot change mode to rwxr-xr-x: Operation not permitted
build	Cache Android SDK	2026-06-06T12:23:01.1879387Z /usr/bin/tar: ../../../../../usr/local/lib/android/sdk/platforms/android-37.0/data/res/values-mcc310-mnc950-bs: Cannot utime: Operation not permitted
build	Cache Android SDK	2026-06-06T12:23:01.1880313Z /usr/bin/tar: ../../../../../usr/local/lib/android/sdk/platforms/android-37.0/data/res/values-mcc310-mnc950-bs: Cannot change mode to rwxr-xr-x: Operation not permitted
build	Cache Android SDK	2026-06-06T12:23:01.1882489Z /usr/bin/tar: ../../../../../usr/local/lib/android/sdk/platforms/android-37.0/data/res/values-bn-television: Cannot utime: Operation not permitted
build	Cache Android SDK	2026-06-06T12:23:01.1883407Z /usr/bin/tar: ../../../../../usr/local/lib/android/sdk/platforms/android-37.0/data/res/values-bn-television: Cannot change mode to rwxr-xr-x: Operation not permitted
build	Cache Android SDK	2026-06-06T12:23:01.1886094Z /usr/bin/tar: ../../../../../usr/local/lib/android/sdk/platforms/android-37.0/data/res/values-mcc310-mnc250-te: Cannot utime: Operation not permitted
build	Cache Android SDK	2026-06-06T12:23:01.1887129Z /usr/bin/tar: ../../../../../usr/local/lib/android/sdk/platforms/android-37.0/data/res/values-mcc310-mnc250-te: Cannot change mode to rwxr-xr-x: Operation not permitted
build	Cache Android SDK	2026-06-06T12:23:01.1889785Z /usr/bin/tar: ../../../../../usr/local/lib/android/sdk/platforms/android-37.0/data/res/values-mcc302-mnc720-cs: Cannot utime: Operation not permitted
build	Cache Android SDK	2026-06-06T12:23:01.1890748Z /usr/bin/tar: ../../../../../usr/local/lib/android/sdk/platforms/android-37.0/data/res/values-mcc302-mnc720-cs: Cannot change mode to rwxr-xr-x: Operation not permitted
build	Cache Android SDK	2026-06-06T12:23:01.1892631Z /usr/bin/tar: ../../../../../usr/local/lib/android/sdk/platforms/android-37.0/data/res/values-mcc310-mnc410-or: Cannot utime: Operation not permitted
build	Cache Android SDK	2026-06-06T12:23:01.1893599Z /usr/bin/tar: ../../../../../usr/local/lib/android/sdk/platforms/android-37.0/data/res/values-mcc310-mnc410-or: Cannot change mode to rwxr-xr-x: Operation not permitted
build	Cache Android SDK	2026-06-06T12:23:01.1896333Z /usr/bin/tar: ../../../../../usr/local/lib/android/sdk/platforms/android-37.0/data/res/values-mcc313-mnc100-af: Cannot utime: Operation not permitted
build	Cache Android SDK	2026-06-06T12:23:01.1897815Z /usr/bin/tar: ../../../../../usr/local/lib/android/sdk/platforms/android-37.0/data/res/values-mcc313-mnc100-af: Cannot change mode to rwxr-xr-x: Operation not permitted
build	Cache Android SDK	2026-06-06T12:23:01.1899451Z /usr/bin/tar: ../../../../../usr/local/lib/android/sdk/platforms/android-37.0/data/res/values-mcc310-mnc170-zu: Cannot utime: Operation not permitted
build	Cache Android SDK	2026-06-06T12:23:01.1900439Z /usr/bin/tar: ../../../../../usr/local/lib/android/sdk/platforms/android-37.0/data/res/values-mcc310-mnc170-zu: Cannot change mode to rwxr-xr-x: Operation not permitted
build	Cache Android SDK	2026-06-06T12:23:01.1902466Z /usr/bin/tar: ../../../../../usr/local/lib/android/sdk/platforms/android-37.0/data/res/values-mcc311-mnc180-vi: Cannot utime: Operation not permitted
build	Cache Android SDK	2026-06-06T12:23:01.1903601Z /usr/bin/tar: ../../../../../usr/local/lib/android/sdk/platforms/android-37.0/data/res/values-mcc311-mnc180-vi: Cannot change mode to rwxr-xr-x: Operation not permitted
build	Cache Android SDK	2026-06-06T12:23:01.1905689Z /usr/bin/tar: ../../../../../usr/local/lib/android/sdk/platforms/android-37.0/data/res/values-ca-television: Cannot utime: Operation not permitted
build	Cache Android SDK	2026-06-06T12:23:01.1906801Z /usr/bin/tar: ../../../../../usr/local/lib/android/sdk/platforms/android-37.0/data/res/values-ca-television: Cannot change mode to rwxr-xr-x: Operation not permitted
build	Cache Android SDK	2026-06-06T12:23:01.1909056Z /usr/bin/tar: ../../../../../usr/local/lib/android/sdk/platforms/android-37.0/data/res/values-mcc001-mnc01-pa: Cannot utime: Operation not permitted
build	Cache Android SDK	2026-06-06T12:23:01.1910014Z /usr/bin/tar: ../../../../../usr/local/lib/android/sdk/platforms/android-37.0/data/res/values-mcc001-mnc01-pa: Cannot change mode to rwxr-xr-x: Operation not permitted
build	Cache Android SDK	2026-06-06T12:23:01.1912722Z /usr/bin/tar: ../../../../../usr/local/lib/android/sdk/platforms/android-37.0/data/res/values-mcc302-mnc720-ar: Cannot utime: Operation not permitted
build	Cache Android SDK	2026-06-06T12:23:01.1913680Z /usr/bin/tar: ../../../../../usr/local/lib/android/sdk/platforms/android-37.0/data/res/values-mcc302-mnc720-ar: Cannot change mode to rwxr-xr-x: Operation not permitted
build	Cache Android SDK	2026-06-06T12:23:01.1919574Z /usr/bin/tar: ../../../../../usr/local/lib/android/sdk/platforms/android-37.0/data/res/values-mcc001-mnc01-ka: Cannot utime: Operation not permitted
build	Cache Android SDK	2026-06-06T12:23:01.1920516Z /usr/bin/tar: ../../../../../usr/local/lib/android/sdk/platforms/android-37.0/data/res/values-mcc001-mnc01-ka: Cannot change mode to rwxr-xr-x: Operation not permitted
build	Cache Android SDK	2026-06-06T12:23:01.1923377Z /usr/bin/tar: ../../../../../usr/local/lib/android/sdk/platforms/android-37.0/data/res/values-mcc310-mnc230-te: Cannot utime: Operation not permitted
build	Cache Android SDK	2026-06-06T12:23:01.1924578Z /usr/bin/tar: ../../../../../usr/local/lib/android/sdk/platforms/android-37.0/data/res/values-mcc310-mnc230-te: Cannot change mode to rwxr-xr-x: Operation not permitted
build	Cache Android SDK	2026-06-06T12:23:01.1925947Z /usr/bin/tar: ../../../../../usr/local/lib/android/sdk/platforms/android-37.0/data/res/values-mcc310-mnc030-or: Cannot utime: Operation not permitted
build	Cache Android SDK	2026-06-06T12:23:01.1926893Z /usr/bin/tar: ../../../../../usr/local/lib/android/sdk/platforms/android-37.0/data/res/values-mcc310-mnc030-or: Cannot change mode to rwxr-xr-x: Operation not permitted
build	Cache Android SDK	2026-06-06T12:23:01.1929868Z /usr/bin/tar: ../../../../../usr/local/lib/android/sdk/platforms/android-37.0/data/res/values-mcc310-mnc310-fr: Cannot utime: Operation not permitted
build	Cache Android SDK	2026-06-06T12:23:01.1930796Z /usr/bin/tar: ../../../../../usr/local/lib/android/sdk/platforms/android-37.0/data/res/values-mcc310-mnc310-fr: Cannot change mode to rwxr-xr-x: Operation not permitted
build	Cache Android SDK	2026-06-06T12:23:01.1933016Z /usr/bin/tar: ../../../../../usr/local/lib/android/sdk/platforms/android-37.0/data/res/values-mcc310-mnc210-ml: Cannot utime: Operation not permitted
build	Cache Android SDK	2026-06-06T12:23:01.1933947Z /usr/bin/tar: ../../../../../usr/local/lib/android/sdk/platforms/android-37.0/data/res/values-mcc310-mnc210-ml: Cannot change mode to rwxr-xr-x: Operation not permitted
build	Cache Android SDK	2026-06-06T12:23:01.1936344Z /usr/bin/tar: ../../../../../usr/local/lib/android/sdk/platforms/android-37.0/data/res/values-mcc310-mnc150-bg: Cannot utime: Operation not permitted
build	Cache Android SDK	2026-06-06T12:23:01.1937575Z /usr/bin/tar: ../../../../../usr/local/lib/android/sdk/platforms/android-37.0/data/res/values-mcc310-mnc150-bg: Cannot change mode to rwxr-xr-x: Operation not permitted
build	Cache Android SDK	2026-06-06T12:23:01.1939778Z /usr/bin/tar: ../../../../../usr/local/lib/android/sdk/platforms/android-37.0/data/res/values-mcc310-mnc230-ta: Cannot utime: Operation not permitted
build	Cache Android SDK	2026-06-06T12:23:01.1940705Z /usr/bin/tar: ../../../../../usr/local/lib/android/sdk/platforms/android-37.0/data/res/values-mcc310-mnc230-ta: Cannot change mode to rwxr-xr-x: Operation not permitted
build	Cache Android SDK	2026-06-06T12:23:01.1943089Z /usr/bin/tar: ../../../../../usr/local/lib/android/sdk/platforms/android-37.0/data/res/values-mcc310-mnc800-hr: Cannot utime: Operation not permitted
build	Cache Android SDK	2026-06-06T12:23:01.1944024Z /usr/bin/tar: ../../../../../usr/local/lib/android/sdk/platforms/android-37.0/data/res/values-mcc310-mnc800-hr: Cannot change mode to rwxr-xr-x: Operation not permitted
build	Cache Android SDK	2026-06-06T12:23:01.1946191Z /usr/bin/tar: ../../../../../usr/local/lib/android/sdk/platforms/android-37.0/data/res/values-mcc310-mnc240-sq: Cannot utime: Operation not permitted
build	Cache Android SDK	2026-06-06T12:23:01.1947198Z /usr/bin/tar: ../../../../../usr/local/lib/android/sdk/platforms/android-37.0/data/res/values-mcc310-mnc240-sq: Cannot change mode to rwxr-xr-x: Operation not permitted
build	Cache Android SDK	2026-06-06T12:23:01.1949846Z /usr/bin/tar: ../../../../../usr/local/lib/android/sdk/platforms/android-37.0/data/res/values-mcc311-mnc180-pt: Cannot utime: Operation not permitted
build	Cache Android SDK	2026-06-06T12:23:01.1950846Z /usr/bin/tar: ../../../../../usr/local/lib/android/sdk/platforms/android-37.0/data/res/values-mcc311-mnc180-pt: Cannot change mode to rwxr-xr-x: Operation not permitted
build	Cache Android SDK	2026-06-06T12:23:01.1953422Z /usr/bin/tar: ../../../../../usr/local/lib/android/sdk/platforms/android-37.0/data/res/values-mcc310-mnc660-hy: Cannot utime: Operation not permitted
build	Cache Android SDK	2026-06-06T12:23:01.1954355Z /usr/bin/tar: ../../../../../usr/local/lib/android/sdk/platforms/android-37.0/data/res/values-mcc310-mnc660-hy: Cannot change mode to rwxr-xr-x: Operation not permitted
build	Cache Android SDK	2026-06-06T12:23:01.1957224Z /usr/bin/tar: ../../../../../usr/local/lib/android/sdk/platforms/android-37.0/data/res/values-mcc001-mnc01: Cannot utime: Operation not permitted
build	Cache Android SDK	2026-06-06T12:23:01.1958290Z /usr/bin/tar: ../../../../../usr/local/lib/android/sdk/platforms/android-37.0/data/res/values-mcc001-mnc01: Cannot change mode to rwxr-xr-x: Operation not permitted
build	Cache Android SDK	2026-06-06T12:23:01.1960551Z /usr/bin/tar: ../../../../../usr/local/lib/android/sdk/platforms/android-37.0/data/res/values-mcc310-mnc220-sl: Cannot utime: Operation not permitted
build	Cache Android SDK	2026-06-06T12:23:01.1961507Z /usr/bin/tar: ../../../../../usr/local/lib/android/sdk/platforms/android-37.0/data/res/values-mcc310-mnc220-sl: Cannot change mode to rwxr-xr-x: Operation not permitted
build	Cache Android SDK	2026-06-06T12:23:01.1963738Z /usr/bin/tar: ../../../../../usr/local/lib/android/sdk/platforms/android-37.0/data/res/values-mcc310-mnc560-fi: Cannot utime: Operation not permitted
build	Cache Android SDK	2026-06-06T12:23:01.1964696Z /usr/bin/tar: ../../../../../usr/local/lib/android/sdk/platforms/android-37.0/data/res/values-mcc310-mnc560-fi: Cannot change mode to rwxr-xr-x: Operation not permitted
build	Cache Android SDK	2026-06-06T12:23:01.1966937Z /usr/bin/tar: ../../../../../usr/local/lib/android/sdk/platforms/android-37.0/data/res/values-mcc312-mnc670-en-rCA: Cannot utime: Operation not permitted
build	Cache Android SDK	2026-06-06T12:23:01.1968075Z /usr/bin/tar: ../../../../../usr/local/lib/android/sdk/platforms/android-37.0/data/res/values-mcc312-mnc670-en-rCA: Cannot change mode to rwxr-xr-x: Operation not permitted
build	Cache Android SDK	2026-06-06T12:23:01.1970102Z /usr/bin/tar: ../../../../../usr/local/lib/android/sdk/platforms/android-37.0/data/res/values-mcc312-mnc670-fa: Cannot utime: Operation not permitted
build	Cache Android SDK	2026-06-06T12:23:01.1971035Z /usr/bin/tar: ../../../../../usr/local/lib/android/sdk/platforms/android-37.0/data/res/values-mcc312-mnc670-fa: Cannot change mode to rwxr-xr-x: Operation not permitted
build	Cache Android SDK	2026-06-06T12:23:01.1973255Z /usr/bin/tar: ../../../../../usr/local/lib/android/sdk/platforms/android-37.0/data/res/values-mcc310-mnc230-ne: Cannot utime: Operation not permitted
build	Cache Android SDK	2026-06-06T12:23:01.1974299Z /usr/bin/tar: ../../../../../usr/local/lib/android/sdk/platforms/android-37.0/data/res/values-mcc310-mnc230-ne: Cannot change mode to rwxr-xr-x: Operation not permitted
build	Cache Android SDK	2026-06-06T12:23:01.1976448Z /usr/bin/tar: ../../../../../usr/local/lib/android/sdk/platforms/android-37.0/data/res/values-es-rCR: Cannot utime: Operation not permitted
build	Cache Android SDK	2026-06-06T12:23:01.1977322Z /usr/bin/tar: ../../../../../usr/local/lib/android/sdk/platforms/android-37.0/data/res/values-es-rCR: Cannot change mode to rwxr-xr-x: Operation not permitted
build	Cache Android SDK	2026-06-06T12:23:01.1979504Z /usr/bin/tar: ../../../../../usr/local/lib/android/sdk/platforms/android-37.0/data/res/values-mcc312-mnc670-en-rGB: Cannot utime: Operation not permitted
build	Cache Android SDK	2026-06-06T12:23:01.1980463Z /usr/bin/tar: ../../../../../usr/local/lib/android/sdk/platforms/android-37.0/data/res/values-mcc312-mnc670-en-rGB: Cannot change mode to rwxr-xr-x: Operation not permitted
build	Cache Android SDK	2026-06-06T12:23:01.1982619Z /usr/bin/tar: ../../../../../usr/local/lib/android/sdk/platforms/android-37.0/data/res/values-mcc310-mnc950-bg: Cannot utime: Operation not permitted
build	Cache Android SDK	2026-06-06T12:23:01.1983543Z /usr/bin/tar: ../../../../../usr/local/lib/android/sdk/platforms/android-37.0/data/res/values-mcc310-mnc950-bg: Cannot change mode to rwxr-xr-x: Operation not permitted
build	Cache Android SDK	2026-06-06T12:23:01.1985910Z /usr/bin/tar: ../../../../../usr/local/lib/android/sdk/platforms/android-37.0/data/res/values-mcc310-mnc210-be: Cannot utime: Operation not permitted
build	Cache Android SDK	2026-06-06T12:23:01.1986900Z /usr/bin/tar: ../../../../../usr/local/lib/android/sdk/platforms/android-37.0/data/res/values-mcc310-mnc210-be: Cannot change mode to rwxr-xr-x: Operation not permitted
build	Cache Android SDK	2026-06-06T12:23:01.1988843Z /usr/bin/tar: ../../../../../usr/local/lib/android/sdk/platforms/android-37.0/data/res/values-mcc302-mnc720-tr: Cannot utime: Operation not permitted
build	Cache Android SDK	2026-06-06T12:23:01.1989763Z /usr/bin/tar: ../../../../../usr/local/lib/android/sdk/platforms/android-37.0/data/res/values-mcc302-mnc720-tr: Cannot change mode to rwxr-xr-x: Operation not permitted
build	Cache Android SDK	2026-06-06T12:23:01.1993649Z /usr/bin/tar: ../../../../../usr/local/lib/android/sdk/platforms/android-37.0/data/res/values-mcc310-mnc240-ar: Cannot utime: Operation not permitted
build	Cache Android SDK	2026-06-06T12:23:01.1994577Z /usr/bin/tar: ../../../../../usr/local/lib/android/sdk/platforms/android-37.0/data/res/values-mcc310-mnc240-ar: Cannot change mode to rwxr-xr-x: Operation not permitted
build	Cache Android SDK	2026-06-06T12:23:01.1996851Z /usr/bin/tar: ../../../../../usr/local/lib/android/sdk/platforms/android-37.0/data/res/values-mcc310-mnc220-vi: Cannot utime: Operation not permitted
build	Cache Android SDK	2026-06-06T12:23:01.1997978Z /usr/bin/tar: ../../../../../usr/local/lib/android/sdk/platforms/android-37.0/data/res/values-mcc310-mnc220-vi: Cannot change mode to rwxr-xr-x: Operation not permitted
build	Cache Android SDK	2026-06-06T12:23:01.1999806Z /usr/bin/tar: ../../../../../usr/local/lib/android/sdk/platforms/android-37.0/data/res/values-mcc310-mnc310-ja: Cannot utime: Operation not permitted
build	Cache Android SDK	2026-06-06T12:23:01.2000739Z /usr/bin/tar: ../../../../../usr/local/lib/android/sdk/platforms/android-37.0/data/res/values-mcc310-mnc310-ja: Cannot change mode to rwxr-xr-x: Operation not permitted
build	Cache Android SDK	2026-06-06T12:23:01.2002900Z /usr/bin/tar: ../../../../../usr/local/lib/android/sdk/platforms/android-37.0/data/res/values-mcc310-mnc150-fr: Cannot utime: Operation not permitted
build	Cache Android SDK	2026-06-06T12:23:01.2003814Z /usr/bin/tar: ../../../../../usr/local/lib/android/sdk/platforms/android-37.0/data/res/values-mcc310-mnc150-fr: Cannot change mode to rwxr-xr-x: Operation not permitted
build	Cache Android SDK	2026-06-06T12:23:01.2006069Z /usr/bin/tar: ../../../../../usr/local/lib/android/sdk/platforms/android-37.0/data/res/values-mcc310-mnc280-iw: Cannot utime: Operation not permitted
build	Cache Android SDK	2026-06-06T12:23:01.2006993Z /usr/bin/tar: ../../../../../usr/local/lib/android/sdk/platforms/android-37.0/data/res/values-mcc310-mnc280-iw: Cannot change mode to rwxr-xr-x: Operation not permitted
build	Cache Android SDK	2026-06-06T12:23:01.2009251Z /usr/bin/tar: ../../../../../usr/local/lib/android/sdk/platforms/android-37.0/data/res/values-mcc310-mnc950-ar: Cannot utime: Operation not permitted
build	Cache Android SDK	2026-06-06T12:23:01.2010188Z /usr/bin/tar: ../../../../../usr/local/lib/android/sdk/platforms/android-37.0/data/res/values-mcc310-mnc950-ar: Cannot change mode to rwxr-xr-x: Operation not permitted
build	Cache Android SDK	2026-06-06T12:23:01.2012336Z /usr/bin/tar: ../../../../../usr/local/lib/android/sdk/platforms/android-37.0/data/res/values-mcc310-mnc160-gl: Cannot utime: Operation not permitted
build	Cache Android SDK	2026-06-06T12:23:01.2013268Z /usr/bin/tar: ../../../../../usr/local/lib/android/sdk/platforms/android-37.0/data/res/values-mcc310-mnc160-gl: Cannot change mode to rwxr-xr-x: Operation not permitted
build	Cache Android SDK	2026-06-06T12:23:01.2015446Z /usr/bin/tar: ../../../../../usr/local/lib/android/sdk/platforms/android-37.0/data/res/values-mcc310-mnc250-tr: Cannot utime: Operation not permitted
build	Cache Android SDK	2026-06-06T12:23:01.2016385Z /usr/bin/tar: ../../../../../usr/local/lib/android/sdk/platforms/android-37.0/data/res/values-mcc310-mnc250-tr: Cannot change mode to rwxr-xr-x: Operation not permitted
build	Cache Android SDK	2026-06-06T12:23:01.2019052Z /usr/bin/tar: ../../../../../usr/local/lib/android/sdk/platforms/android-37.0/data/res/values-mcc313-mnc100-es-rUS: Cannot utime: Operation not permitted
build	Cache Android SDK	2026-06-06T12:23:01.2020332Z /usr/bin/tar: ../../../../../usr/local/lib/android/sdk/platforms/android-37.0/data/res/values-mcc313-mnc100-es-rUS: Cannot change mode to rwxr-xr-x: Operation not permitted
build	Cache Android SDK	2026-06-06T12:23:01.2022569Z /usr/bin/tar: ../../../../../usr/local/lib/android/sdk/platforms/android-37.0/data/res/values-mcc310-mnc250-hy: Cannot utime: Operation not permitted
build	Cache Android SDK	2026-06-06T12:23:01.2023603Z /usr/bin/tar: ../../../../../usr/local/lib/android/sdk/platforms/android-37.0/data/res/values-mcc310-mnc250-hy: Cannot change mode to rwxr-xr-x: Operation not permitted
build	Cache Android SDK	2026-06-06T12:23:01.2026191Z /usr/bin/tar: ../../../../../usr/local/lib/android/sdk/platforms/android-37.0/data/res/values-mcc310-mnc950-in: Cannot utime: Operation not permitted
build	Cache Android SDK	2026-06-06T12:23:01.2027138Z /usr/bin/tar: ../../../../../usr/local/lib/android/sdk/platforms/android-37.0/data/res/values-mcc310-mnc950-in: Cannot change mode to rwxr-xr-x: Operation not permitted
build	Cache Android SDK	2026-06-06T12:23:01.2029751Z /usr/bin/tar: ../../../../../usr/local/lib/android/sdk/platforms/android-37.0/data/res/values-mcc310-mnc270-sk: Cannot utime: Operation not permitted
build	Cache Android SDK	2026-06-06T12:23:01.2030689Z /usr/bin/tar: ../../../../../usr/local/lib/android/sdk/platforms/android-37.0/data/res/values-mcc310-mnc270-sk: Cannot change mode to rwxr-xr-x: Operation not permitted
build	Cache Android SDK	2026-06-06T12:23:01.2033772Z /usr/bin/tar: ../../../../../usr/local/lib/android/sdk/platforms/android-37.0/data/res/values-mcc310-mnc230-iw: Cannot utime: Operation not permitted
build	Cache Android SDK	2026-06-06T12:23:01.2034870Z /usr/bin/tar: ../../../../../usr/local/lib/android/sdk/platforms/android-37.0/data/res/values-mcc310-mnc230-iw: Cannot change mode to rwxr-xr-x: Operation not permitted
build	Cache Android SDK	2026-06-06T12:23:01.2036529Z /usr/bin/tar: ../../../../../usr/local/lib/android/sdk/platforms/android-37.0/data/res/values-mcc310-mnc230-en-rAU: Cannot utime: Operation not permitted
build	Cache Android SDK	2026-06-06T12:23:01.2037722Z /usr/bin/tar: ../../../../../usr/local/lib/android/sdk/platforms/android-37.0/data/res/values-mcc310-mnc230-en-rAU: Cannot change mode to rwxr-xr-x: Operation not permitted
build	Cache Android SDK	2026-06-06T12:23:01.2040067Z /usr/bin/tar: ../../../../../usr/local/lib/android/sdk/platforms/android-37.0/data/res/values-ru-rRU: Cannot utime: Operation not permitted
build	Cache Android SDK	2026-06-06T12:23:01.2040954Z /usr/bin/tar: ../../../../../usr/local/lib/android/sdk/platforms/android-37.0/data/res/values-ru-rRU: Cannot change mode to rwxr-xr-x: Operation not permitted
build	Cache Android SDK	2026-06-06T12:23:01.2047746Z /usr/bin/tar: ../../../../../usr/local/lib/android/sdk/platforms/android-37.0/data/res/values-uk: Cannot utime: Operation not permitted
build	Cache Android SDK	2026-06-06T12:23:01.2048870Z /usr/bin/tar: ../../../../../usr/local/lib/android/sdk/platforms/android-37.0/data/res/values-uk: Cannot change mode to rwxr-xr-x: Operation not permitted
build	Cache Android SDK	2026-06-06T12:23:01.2050259Z /usr/bin/tar: ../../../../../usr/local/lib/android/sdk/platforms/android-37.0/data/res/values-mcc310-mnc310-sv: Cannot utime: Operation not permitted
build	Cache Android SDK	2026-06-06T12:23:01.2051324Z /usr/bin/tar: ../../../../../usr/local/lib/android/sdk/platforms/android-37.0/data/res/values-mcc310-mnc310-sv: Cannot change mode to rwxr-xr-x: Operation not permitted
build	Cache Android SDK	2026-06-06T12:23:01.2053973Z /usr/bin/tar: ../../../../../usr/local/lib/android/sdk/platforms/android-37.0/data/res/values-mcc310-mnc230-it: Cannot utime: Operation not permitted
build	Cache Android SDK	2026-06-06T12:23:01.2054903Z /usr/bin/tar: ../../../../../usr/local/lib/android/sdk/platforms/android-37.0/data/res/values-mcc310-mnc230-it: Cannot change mode to rwxr-xr-x: Operation not permitted
build	Cache Android SDK	2026-06-06T12:23:01.2058495Z /usr/bin/tar: ../../../../../usr/local/lib/android/sdk/platforms/android-37.0/data/res/values-eu-television: Cannot utime: Operation not permitted
build	Cache Android SDK	2026-06-06T12:23:01.2059416Z /usr/bin/tar: ../../../../../usr/local/lib/android/sdk/platforms/android-37.0/data/res/values-eu-television: Cannot change mode to rwxr-xr-x: Operation not permitted
build	Cache Android SDK	2026-06-06T12:23:01.2061614Z /usr/bin/tar: ../../../../../usr/local/lib/android/sdk/platforms/android-37.0/data/res/values-zh-rHK-television: Cannot utime: Operation not permitted
build	Cache Android SDK	2026-06-06T12:23:01.2062556Z /usr/bin/tar: ../../../../../usr/local/lib/android/sdk/platforms/android-37.0/data/res/values-zh-rHK-television: Cannot change mode to rwxr-xr-x: Operation not permitted
build	Cache Android SDK	2026-06-06T12:23:01.2064484Z /usr/bin/tar: ../../../../../usr/local/lib/android/sdk/platforms/android-37.0/data/res/values-mcc310-mnc490-cs: Cannot utime: Operation not permitted
build	Cache Android SDK	2026-06-06T12:23:01.2065490Z /usr/bin/tar: ../../../../../usr/local/lib/android/sdk/platforms/android-37.0/data/res/values-mcc310-mnc490-cs: Cannot change mode to rwxr-xr-x: Operation not permitted
build	Cache Android SDK	2026-06-06T12:23:01.2068303Z /usr/bin/tar: ../../../../../usr/local/lib/android/sdk/platforms/android-37.0/data/res/values-mcc310-mnc800-zh-rTW: Cannot utime: Operation not permitted
build	Cache Android SDK	2026-06-06T12:23:01.2069273Z /usr/bin/tar: ../../../../../usr/local/lib/android/sdk/platforms/android-37.0/data/res/values-mcc310-mnc800-zh-rTW: Cannot change mode to rwxr-xr-x: Operation not permitted
build	Cache Android SDK	2026-06-06T12:23:01.2071449Z /usr/bin/tar: ../../../../../usr/local/lib/android/sdk/platforms/android-37.0/data/res/values-es-rPA: Cannot utime: Operation not permitted
build	Cache Android SDK	2026-06-06T12:23:01.2072327Z /usr/bin/tar: ../../../../../usr/local/lib/android/sdk/platforms/android-37.0/data/res/values-es-rPA: Cannot change mode to rwxr-xr-x: Operation not permitted
build	Cache Android SDK	2026-06-06T12:23:01.2074492Z /usr/bin/tar: ../../../../../usr/local/lib/android/sdk/platforms/android-37.0/data/res/values-mcc001-mnc01-mk: Cannot utime: Operation not permitted
build	Cache Android SDK	2026-06-06T12:23:01.2075576Z /usr/bin/tar: ../../../../../usr/local/lib/android/sdk/platforms/android-37.0/data/res/values-mcc001-mnc01-mk: Cannot change mode to rwxr-xr-x: Operation not permitted
build	Cache Android SDK	2026-06-06T12:23:01.2077621Z /usr/bin/tar: ../../../../../usr/local/lib/android/sdk/platforms/android-37.0/data/res/values-mk-watch: Cannot utime: Operation not permitted
build	Cache Android SDK	2026-06-06T12:23:01.2078522Z /usr/bin/tar: ../../../../../usr/local/lib/android/sdk/platforms/android-37.0/data/res/values-mk-watch: Cannot change mode to rwxr-xr-x: Operation not permitted
build	Cache Android SDK	2026-06-06T12:23:01.2080406Z /usr/bin/tar: ../../../../../usr/local/lib/android/sdk/platforms/android-37.0/data/res/values-mcc310-mnc150-am: Cannot utime: Operation not permitted
build	Cache Android SDK	2026-06-06T12:23:01.2081349Z /usr/bin/tar: ../../../../../usr/local/lib/android/sdk/platforms/android-37.0/data/res/values-mcc310-mnc150-am: Cannot change mode to rwxr-xr-x: Operation not permitted
build	Cache Android SDK	2026-06-06T12:23:01.2083398Z /usr/bin/tar: ../../../../../usr/local/lib/android/sdk/platforms/android-37.0/data/res/values-mcc310-mnc250-hr: Cannot utime: Operation not permitted
build	Cache Android SDK	2026-06-06T12:23:01.2084338Z /usr/bin/tar: ../../../../../usr/local/lib/android/sdk/platforms/android-37.0/data/res/values-mcc310-mnc250-hr: Cannot change mode to rwxr-xr-x: Operation not permitted
build	Cache Android SDK	2026-06-06T12:23:01.2086181Z /usr/bin/tar: ../../../../../usr/local/lib/android/sdk/platforms/android-37.0/data/res/values-mcc334-mnc020-fr: Cannot utime: Operation not permitted
build	Cache Android SDK	2026-06-06T12:23:01.2087133Z /usr/bin/tar: ../../../../../usr/local/lib/android/sdk/platforms/android-37.0/data/res/values-mcc334-mnc020-fr: Cannot change mode to rwxr-xr-x: Operation not permitted
build	Cache Android SDK	2026-06-06T12:23:01.2089521Z /usr/bin/tar: ../../../../../usr/local/lib/android/sdk/platforms/android-37.0/data/res/values-mcc310-mnc220-uk: Cannot utime: Operation not permitted
build	Cache Android SDK	2026-06-06T12:23:01.2090457Z /usr/bin/tar: ../../../../../usr/local/lib/android/sdk/platforms/android-37.0/data/res/values-mcc310-mnc220-uk: Cannot change mode to rwxr-xr-x: Operation not permitted
build	Cache Android SDK	2026-06-06T12:23:01.2093079Z /usr/bin/tar: ../../../../../usr/local/lib/android/sdk/platforms/android-37.0/data/res/values-mcc313-mnc100-te: Cannot utime: Operation not permitted
build	Cache Android SDK	2026-06-06T12:23:01.2093998Z /usr/bin/tar: ../../../../../usr/local/lib/android/sdk/platforms/android-37.0/data/res/values-mcc313-mnc100-te: Cannot change mode to rwxr-xr-x: Operation not permitted
build	Cache Android SDK	2026-06-06T12:23:01.2096180Z /usr/bin/tar: ../../../../../usr/local/lib/android/sdk/platforms/android-37.0/data/res/values-si-watch: Cannot utime: Operation not permitted
build	Cache Android SDK	2026-06-06T12:23:01.2097068Z /usr/bin/tar: ../../../../../usr/local/lib/android/sdk/platforms/android-37.0/data/res/values-si-watch: Cannot change mode to rwxr-xr-x: Operation not permitted
build	Cache Android SDK	2026-06-06T12:23:01.2099534Z /usr/bin/tar: ../../../../../usr/local/lib/android/sdk/platforms/android-37.0/data/res/values-mcc310-mnc270-lo: Cannot utime: Operation not permitted
build	Cache Android SDK	2026-06-06T12:23:01.2100541Z /usr/bin/tar: ../../../../../usr/local/lib/android/sdk/platforms/android-37.0/data/res/values-mcc310-mnc270-lo: Cannot change mode to rwxr-xr-x: Operation not permitted
build	Cache Android SDK	2026-06-06T12:23:01.2102720Z /usr/bin/tar: ../../../../../usr/local/lib/android/sdk/platforms/android-37.0/data/res/values-mcc310-mnc170-km: Cannot utime: Operation not permitted
build	Cache Android SDK	2026-06-06T12:23:01.2103655Z /usr/bin/tar: ../../../../../usr/local/lib/android/sdk/platforms/android-37.0/data/res/values-mcc310-mnc170-km: Cannot change mode to rwxr-xr-x: Operation not permitted
build	Cache Android SDK	2026-06-06T12:23:01.2105795Z /usr/bin/tar: ../../../../../usr/local/lib/android/sdk/platforms/android-37.0/data/res/values-mcc310-mnc660-af: Cannot utime: Operation not permitted
build	Cache Android SDK	2026-06-06T12:23:01.2106716Z /usr/bin/tar: ../../../../../usr/local/lib/android/sdk/platforms/android-37.0/data/res/values-mcc310-mnc660-af: Cannot change mode to rwxr-xr-x: Operation not permitted
build	Cache Android SDK	2026-06-06T12:23:01.2108978Z /usr/bin/tar: ../../../../../usr/local/lib/android/sdk/platforms/android-37.0/data/res/values-mcc001-mnc01-it: Cannot utime: Operation not permitted
build	Cache Android SDK	2026-06-06T12:23:01.2109900Z /usr/bin/tar: ../../../../../usr/local/lib/android/sdk/platforms/android-37.0/data/res/values-mcc001-mnc01-it: Cannot change mode to rwxr-xr-x: Operation not permitted
build	Cache Android SDK	2026-06-06T12:23:01.2112277Z /usr/bin/tar: ../../../../../usr/local/lib/android/sdk/platforms/android-37.0/data/res/values-mcc310-mnc280-th: Cannot utime: Operation not permitted
build	Cache Android SDK	2026-06-06T12:23:01.2113199Z /usr/bin/tar: ../../../../../usr/local/lib/android/sdk/platforms/android-37.0/data/res/values-mcc310-mnc280-th: Cannot change mode to rwxr-xr-x: Operation not permitted
build	Cache Android SDK	2026-06-06T12:23:01.2115146Z /usr/bin/tar: ../../../../../usr/local/lib/android/sdk/platforms/android-37.0/data/res/values-mcc310-mnc380-mk: Cannot utime: Operation not permitted
build	Cache Android SDK	2026-06-06T12:23:01.2116082Z /usr/bin/tar: ../../../../../usr/local/lib/android/sdk/platforms/android-37.0/data/res/values-mcc310-mnc380-mk: Cannot change mode to rwxr-xr-x: Operation not permitted
build	Cache Android SDK	2026-06-06T12:23:01.2118320Z /usr/bin/tar: ../../../../../usr/local/lib/android/sdk/platforms/android-37.0/data/res/values-mcc310-mnc250-is: Cannot utime: Operation not permitted
build	Cache Android SDK	2026-06-06T12:23:01.2119250Z /usr/bin/tar: ../../../../../usr/local/lib/android/sdk/platforms/android-37.0/data/res/values-mcc310-mnc250-is: Cannot change mode to rwxr-xr-x: Operation not permitted
build	Cache Android SDK	2026-06-06T12:23:01.2122227Z /usr/bin/tar: ../../../../../usr/local/lib/android/sdk/platforms/android-37.0/data/res/values-th-rTH: Cannot utime: Operation not permitted
build	Cache Android SDK	2026-06-06T12:23:01.2123102Z /usr/bin/tar: ../../../../../usr/local/lib/android/sdk/platforms/android-37.0/data/res/values-th-rTH: Cannot change mode to rwxr-xr-x: Operation not permitted
build	Cache Android SDK	2026-06-06T12:23:01.2125587Z /usr/bin/tar: ../../../../../usr/local/lib/android/sdk/platforms/android-37.0/data/res/values-mcc310-mnc560-ml: Cannot utime: Operation not permitted
build	Cache Android SDK	2026-06-06T12:23:01.2126518Z /usr/bin/tar: ../../../../../usr/local/lib/android/sdk/platforms/android-37.0/data/res/values-mcc310-mnc560-ml: Cannot change mode to rwxr-xr-x: Operation not permitted
build	Cache Android SDK	2026-06-06T12:23:01.2128829Z /usr/bin/tar: ../../../../../usr/local/lib/android/sdk/platforms/android-37.0/data/res/values-mcc310-mnc210-th: Cannot utime: Operation not permitted
build	Cache Android SDK	2026-06-06T12:23:01.2129744Z /usr/bin/tar: ../../../../../usr/local/lib/android/sdk/platforms/android-37.0/data/res/values-mcc310-mnc210-th: Cannot change mode to rwxr-xr-x: Operation not permitted
build	Cache Android SDK	2026-06-06T12:23:01.2132005Z /usr/bin/tar: ../../../../../usr/local/lib/android/sdk/platforms/android-37.0/data/res/values-mcc310-mnc380-sr: Cannot utime: Operation not permitted
build	Cache Android SDK	2026-06-06T12:23:01.2132946Z /usr/bin/tar: ../../../../../usr/local/lib/android/sdk/platforms/android-37.0/data/res/values-mcc310-mnc380-sr: Cannot change mode to rwxr-xr-x: Operation not permitted
build	Cache Android SDK	2026-06-06T12:23:01.2134874Z /usr/bin/tar: ../../../../../usr/local/lib/android/sdk/platforms/android-37.0/data/res/values-mcc310-mnc410-et: Cannot utime: Operation not permitted
build	Cache Android SDK	2026-06-06T12:23:01.2135878Z /usr/bin/tar: ../../../../../usr/local/lib/android/sdk/platforms/android-37.0/data/res/values-mcc310-mnc410-et: Cannot change mode to rwxr-xr-x: Operation not permitted
build	Cache Android SDK	2026-06-06T12:23:01.2138164Z /usr/bin/tar: ../../../../../usr/local/lib/android/sdk/platforms/android-37.0/data/res/values-mcc310-mnc380-uz: Cannot utime: Operation not permitted
build	Cache Android SDK	2026-06-06T12:23:01.2139127Z /usr/bin/tar: ../../../../../usr/local/lib/android/sdk/platforms/android-37.0/data/res/values-mcc310-mnc380-uz: Cannot change mode to rwxr-xr-x: Operation not permitted
build	Cache Android SDK	2026-06-06T12:23:01.2141580Z /usr/bin/tar: ../../../../../usr/local/lib/android/sdk/platforms/android-37.0/data/res/values-mcc311-mnc180-gu: Cannot utime: Operation not permitted
build	Cache Android SDK	2026-06-06T12:23:01.2142513Z /usr/bin/tar: ../../../../../usr/local/lib/android/sdk/platforms/android-37.0/data/res/values-mcc311-mnc180-gu: Cannot change mode to rwxr-xr-x: Operation not permitted
build	Cache Android SDK	2026-06-06T12:23:01.2145220Z /usr/bin/tar: ../../../../../usr/local/lib/android/sdk/platforms/android-37.0/data/res/values-mcc311-mnc180-is: Cannot utime: Operation not permitted
build	Cache Android SDK	2026-06-06T12:23:01.2146311Z /usr/bin/tar: ../../../../../usr/local/lib/android/sdk/platforms/android-37.0/data/res/values-mcc311-mnc180-is: Cannot change mode to rwxr-xr-x: Operation not permitted
build	Cache Android SDK	2026-06-06T12:23:01.2148722Z /usr/bin/tar: ../../../../../usr/local/lib/android/sdk/platforms/android-37.0/data/res/values-mcc312-mnc670-ml: Cannot utime: Operation not permitted
build	Cache Android SDK	2026-06-06T12:23:01.2149872Z /usr/bin/tar: ../../../../../usr/local/lib/android/sdk/platforms/android-37.0/data/res/values-mcc312-mnc670-ml: Cannot change mode to rwxr-xr-x: Operation not permitted
build	Cache Android SDK	2026-06-06T12:23:01.2151942Z /usr/bin/tar: ../../../../../usr/local/lib/android/sdk/platforms/android-37.0/data/res/values-mcc310-mnc170-sr: Cannot utime: Operation not permitted
build	Cache Android SDK	2026-06-06T12:23:01.2153008Z /usr/bin/tar: ../../../../../usr/local/lib/android/sdk/platforms/android-37.0/data/res/values-mcc310-mnc170-sr: Cannot change mode to rwxr-xr-x: Operation not permitted
build	Cache Android SDK	2026-06-06T12:23:01.2155269Z /usr/bin/tar: ../../../../../usr/local/lib/android/sdk/platforms/android-37.0/data/res/values-mcc311: Cannot utime: Operation not permitted
build	Cache Android SDK	2026-06-06T12:23:01.2156447Z /usr/bin/tar: ../../../../../usr/local/lib/android/sdk/platforms/android-37.0/data/res/values-mcc311: Cannot change mode to rwxr-xr-x: Operation not permitted
build	Cache Android SDK	2026-06-06T12:23:01.2159541Z /usr/bin/tar: ../../../../../usr/local/lib/android/sdk/platforms/android-37.0/data/res/values-es-watch: Cannot utime: Operation not permitted
build	Cache Android SDK	2026-06-06T12:23:01.2160446Z /usr/bin/tar: ../../../../../usr/local/lib/android/sdk/platforms/android-37.0/data/res/values-es-watch: Cannot change mode to rwxr-xr-x: Operation not permitted
build	Cache Android SDK	2026-06-06T12:23:01.2290697Z /usr/bin/tar: ../../../../../usr/local/lib/android/sdk/platforms/android-37.0/data/res/layout: Cannot utime: Operation not permitted
build	Cache Android SDK	2026-06-06T12:23:01.2292138Z /usr/bin/tar: ../../../../../usr/local/lib/android/sdk/platforms/android-37.0/data/res/layout: Cannot change mode to rwxr-xr-x: Operation not permitted
build	Cache Android SDK	2026-06-06T12:23:01.2293663Z /usr/bin/tar: ../../../../../usr/local/lib/android/sdk/platforms/android-37.0/data/res/values-mcc311-mnc180-zh-rCN: Cannot utime: Operation not permitted
build	Cache Android SDK	2026-06-06T12:23:01.2294642Z /usr/bin/tar: ../../../../../usr/local/lib/android/sdk/platforms/android-37.0/data/res/values-mcc311-mnc180-zh-rCN: Cannot change mode to rwxr-xr-x: Operation not permitted
build	Cache Android SDK	2026-06-06T12:23:01.2296855Z /usr/bin/tar: ../../../../../usr/local/lib/android/sdk/platforms/android-37.0/data/res/values-mcc310-mnc150-hi: Cannot utime: Operation not permitted
build	Cache Android SDK	2026-06-06T12:23:01.2298352Z /usr/bin/tar: ../../../../../usr/local/lib/android/sdk/platforms/android-37.0/data/res/values-mcc310-mnc150-hi: Cannot change mode to rwxr-xr-x: Operation not permitted
build	Cache Android SDK	2026-06-06T12:23:01.2300875Z /usr/bin/tar: ../../../../../usr/local/lib/android/sdk/platforms/android-37.0/data/res/values-mcc310-mnc490-it: Cannot utime: Operation not permitted
build	Cache Android SDK	2026-06-06T12:23:01.2301954Z /usr/bin/tar: ../../../../../usr/local/lib/android/sdk/platforms/android-37.0/data/res/values-mcc310-mnc490-it: Cannot change mode to rwxr-xr-x: Operation not permitted
build	Cache Android SDK	2026-06-06T12:23:01.2304376Z /usr/bin/tar: ../../../../../usr/local/lib/android/sdk/platforms/android-37.0/data/res/values-mcc334-mnc020-ru: Cannot utime: Operation not permitted
build	Cache Android SDK	2026-06-06T12:23:01.2305428Z /usr/bin/tar: ../../../../../usr/local/lib/android/sdk/platforms/android-37.0/data/res/values-mcc334-mnc020-ru: Cannot change mode to rwxr-xr-x: Operation not permitted
build	Cache Android SDK	2026-06-06T12:23:01.2308333Z /usr/bin/tar: ../../../../../usr/local/lib/android/sdk/platforms/android-37.0/data/res/values-mcc310-mnc280-ta: Cannot utime: Operation not permitted
build	Cache Android SDK	2026-06-06T12:23:01.2309554Z /usr/bin/tar: ../../../../../usr/local/lib/android/sdk/platforms/android-37.0/data/res/values-mcc310-mnc280-ta: Cannot change mode to rwxr-xr-x: Operation not permitted
build	Cache Android SDK	2026-06-06T12:23:01.2311102Z /usr/bin/tar: ../../../../../usr/local/lib/android/sdk/platforms/android-37.0/data/res/values-ne-watch: Cannot utime: Operation not permitted
build	Cache Android SDK	2026-06-06T12:23:01.2312002Z /usr/bin/tar: ../../../../../usr/local/lib/android/sdk/platforms/android-37.0/data/res/values-ne-watch: Cannot change mode to rwxr-xr-x: Operation not permitted
build	Cache Android SDK	2026-06-06T12:23:01.2314566Z /usr/bin/tar: ../../../../../usr/local/lib/android/sdk/platforms/android-37.0/data/res/values-mcc310-mnc200-ml: Cannot utime: Operation not permitted
build	Cache Android SDK	2026-06-06T12:23:01.2315505Z /usr/bin/tar: ../../../../../usr/local/lib/android/sdk/platforms/android-37.0/data/res/values-mcc310-mnc200-ml: Cannot change mode to rwxr-xr-x: Operation not permitted
build	Cache Android SDK	2026-06-06T12:23:01.2319216Z /usr/bin/tar: ../../../../../usr/local/lib/android/sdk/platforms/android-37.0/data/res/values-mcc310-mnc280-nb: Cannot utime: Operation not permitted
build	Cache Android SDK	2026-06-06T12:23:01.2320208Z /usr/bin/tar: ../../../../../usr/local/lib/android/sdk/platforms/android-37.0/data/res/values-mcc310-mnc280-nb: Cannot change mode to rwxr-xr-x: Operation not permitted
build	Cache Android SDK	2026-06-06T12:23:01.2322391Z /usr/bin/tar: ../../../../../usr/local/lib/android/sdk/platforms/android-37.0/data/res/values-mcc302-mnc370-pt-rPT: Cannot utime: Operation not permitted
build	Cache Android SDK	2026-06-06T12:23:01.2323368Z /usr/bin/tar: ../../../../../usr/local/lib/android/sdk/platforms/android-37.0/data/res/values-mcc302-mnc370-pt-rPT: Cannot change mode to rwxr-xr-x: Operation not permitted
build	Cache Android SDK	2026-06-06T12:23:01.2355494Z /usr/bin/tar: ../../../../../usr/local/lib/android/sdk/platforms/android-37.0/data/res/drawable-sw600dp-nodpi: Cannot utime: Operation not permitted
build	Cache Android SDK	2026-06-06T12:23:01.2356935Z /usr/bin/tar: ../../../../../usr/local/lib/android/sdk/platforms/android-37.0/data/res/drawable-sw600dp-nodpi: Cannot change mode to rwxr-xr-x: Operation not permitted
build	Cache Android SDK	2026-06-06T12:23:01.2360486Z /usr/bin/tar: ../../../../../usr/local/lib/android/sdk/platforms/android-37.0/data/res/values-mcc310-mnc490-mr: Cannot utime: Operation not permitted
build	Cache Android SDK	2026-06-06T12:23:01.2362092Z /usr/bin/tar: ../../../../../usr/local/lib/android/sdk/platforms/android-37.0/data/res/values-mcc310-mnc490-mr: Cannot change mode to rwxr-xr-x: Operation not permitted
build	Cache Android SDK	2026-06-06T12:23:01.2364229Z /usr/bin/tar: ../../../../../usr/local/lib/android/sdk/platforms/android-37.0/data/res/values-mcc310-mnc200-ms: Cannot utime: Operation not permitted
build	Cache Android SDK	2026-06-06T12:23:01.2365188Z /usr/bin/tar: ../../../../../usr/local/lib/android/sdk/platforms/android-37.0/data/res/values-mcc310-mnc200-ms: Cannot change mode to rwxr-xr-x: Operation not permitted
build	Cache Android SDK	2026-06-06T12:23:01.2367095Z /usr/bin/tar: ../../../../../usr/local/lib/android/sdk/platforms/android-37.0/data/res/values-mcc313-mnc100-fa: Cannot utime: Operation not permitted
build	Cache Android SDK	2026-06-06T12:23:01.2368397Z /usr/bin/tar: ../../../../../usr/local/lib/android/sdk/platforms/android-37.0/data/res/values-mcc313-mnc100-fa: Cannot change mode to rwxr-xr-x: Operation not permitted
build	Cache Android SDK	2026-06-06T12:23:01.2370586Z /usr/bin/tar: ../../../../../usr/local/lib/android/sdk/platforms/android-37.0/data/res/values-mcc310-mnc490-bs: Cannot utime: Operation not permitted
build	Cache Android SDK	2026-06-06T12:23:01.2371558Z /usr/bin/tar: ../../../../../usr/local/lib/android/sdk/platforms/android-37.0/data/res/values-mcc310-mnc490-bs: Cannot change mode to rwxr-xr-x: Operation not permitted
build	Cache Android SDK	2026-06-06T12:23:01.2374654Z /usr/bin/tar: ../../../../../usr/local/lib/android/sdk/platforms/android-37.0/data/res/values-sw900dp: Cannot utime: Operation not permitted
build	Cache Android SDK	2026-06-06T12:23:01.2375745Z /usr/bin/tar: ../../../../../usr/local/lib/android/sdk/platforms/android-37.0/data/res/values-sw900dp: Cannot change mode to rwxr-xr-x: Operation not permitted
build	Cache Android SDK	2026-06-06T12:23:01.2377602Z /usr/bin/tar: ../../../../../usr/local/lib/android/sdk/platforms/android-37.0/data/res/values-mcc302-mnc720-mn: Cannot utime: Operation not permitted
build	Cache Android SDK	2026-06-06T12:23:01.2378577Z /usr/bin/tar: ../../../../../usr/local/lib/android/sdk/platforms/android-37.0/data/res/values-mcc302-mnc720-mn: Cannot change mode to rwxr-xr-x: Operation not permitted
build	Cache Android SDK	2026-06-06T12:23:01.2381480Z /usr/bin/tar: ../../../../../usr/local/lib/android/sdk/platforms/android-37.0/data/res/values-mcc302-mnc720-or: Cannot utime: Operation not permitted
build	Cache Android SDK	2026-06-06T12:23:01.2382451Z /usr/bin/tar: ../../../../../usr/local/lib/android/sdk/platforms/android-37.0/data/res/values-mcc302-mnc720-or: Cannot change mode to rwxr-xr-x: Operation not permitted
build	Cache Android SDK	2026-06-06T12:23:01.2385248Z /usr/bin/tar: ../../../../../usr/local/lib/android/sdk/platforms/android-37.0/data/res/values-mcc310-mnc220-es: Cannot utime: Operation not permitted
build	Cache Android SDK	2026-06-06T12:23:01.2386209Z /usr/bin/tar: ../../../../../usr/local/lib/android/sdk/platforms/android-37.0/data/res/values-mcc310-mnc220-es: Cannot change mode to rwxr-xr-x: Operation not permitted
build	Cache Android SDK	2026-06-06T12:23:01.2394373Z /usr/bin/tar: ../../../../../usr/local/lib/android/sdk/platforms/android-37.0/data/res/values-mcc310-mnc410-da: Cannot utime: Operation not permitted
build	Cache Android SDK	2026-06-06T12:23:01.2396173Z /usr/bin/tar: ../../../../../usr/local/lib/android/sdk/platforms/android-37.0/data/res/values-mcc310-mnc410-da: Cannot change mode to rwxr-xr-x: Operation not permitted
build	Cache Android SDK	2026-06-06T12:23:01.2398006Z /usr/bin/tar: ../../../../../usr/local/lib/android/sdk/platforms/android-37.0/data/res/values-mcc310-mnc030-iw: Cannot utime: Operation not permitted
build	Cache Android SDK	2026-06-06T12:23:01.2399203Z /usr/bin/tar: ../../../../../usr/local/lib/android/sdk/platforms/android-37.0/data/res/values-mcc310-mnc030-iw: Cannot change mode to rwxr-xr-x: Operation not permitted
build	Cache Android SDK	2026-06-06T12:23:01.2402216Z /usr/bin/tar: ../../../../../usr/local/lib/android/sdk/platforms/android-37.0/data/res/values-mcc312-mnc670-as: Cannot utime: Operation not permitted
build	Cache Android SDK	2026-06-06T12:23:01.2403151Z /usr/bin/tar: ../../../../../usr/local/lib/android/sdk/platforms/android-37.0/data/res/values-mcc312-mnc670-as: Cannot change mode to rwxr-xr-x: Operation not permitted
build	Cache Android SDK	2026-06-06T12:23:01.2405510Z /usr/bin/tar: ../../../../../usr/local/lib/android/sdk/platforms/android-37.0/data/res/values-mcc310-mnc150-ms: Cannot utime: Operation not permitted
build	Cache Android SDK	2026-06-06T12:23:01.2406522Z /usr/bin/tar: ../../../../../usr/local/lib/android/sdk/platforms/android-37.0/data/res/values-mcc310-mnc150-ms: Cannot change mode to rwxr-xr-x: Operation not permitted
build	Cache Android SDK	2026-06-06T12:23:01.2408830Z /usr/bin/tar: ../../../../../usr/local/lib/android/sdk/platforms/android-37.0/data/res/values-mcc214-mnc01: Cannot utime: Operation not permitted
build	Cache Android SDK	2026-06-06T12:23:01.2409742Z /usr/bin/tar: ../../../../../usr/local/lib/android/sdk/platforms/android-37.0/data/res/values-mcc214-mnc01: Cannot change mode to rwxr-xr-x: Operation not permitted
build	Cache Android SDK	2026-06-06T12:23:01.2412418Z /usr/bin/tar: ../../../../../usr/local/lib/android/sdk/platforms/android-37.0/data/res/values-ro-watch: Cannot utime: Operation not permitted
build	Cache Android SDK	2026-06-06T12:23:01.2413311Z /usr/bin/tar: ../../../../../usr/local/lib/android/sdk/platforms/android-37.0/data/res/values-ro-watch: Cannot change mode to rwxr-xr-x: Operation not permitted
build	Cache Android SDK	2026-06-06T12:23:01.2415699Z /usr/bin/tar: ../../../../../usr/local/lib/android/sdk/platforms/android-37.0/data/res/values-mcc334-mnc020-bg: Cannot utime: Operation not permitted
build	Cache Android SDK	2026-06-06T12:23:01.2416625Z /usr/bin/tar: ../../../../../usr/local/lib/android/sdk/platforms/android-37.0/data/res/values-mcc334-mnc020-bg: Cannot change mode to rwxr-xr-x: Operation not permitted
build	Cache Android SDK	2026-06-06T12:23:01.2419183Z /usr/bin/tar: ../../../../../usr/local/lib/android/sdk/platforms/android-37.0/data/res/values-mcc001-mnc01-pt: Cannot utime: Operation not permitted
build	Cache Android SDK	2026-06-06T12:23:01.2420123Z /usr/bin/tar: ../../../../../usr/local/lib/android/sdk/platforms/android-37.0/data/res/values-mcc001-mnc01-pt: Cannot change mode to rwxr-xr-x: Operation not permitted
build	Cache Android SDK	2026-06-06T12:23:01.2423130Z /usr/bin/tar: ../../../../../usr/local/lib/android/sdk/platforms/android-37.0/data/res/values-mcc310-mnc280-pt-rBR: Cannot utime: Operation not permitted
build	Cache Android SDK	2026-06-06T12:23:01.2424113Z /usr/bin/tar: ../../../../../usr/local/lib/android/sdk/platforms/android-37.0/data/res/values-mcc310-mnc280-pt-rBR: Cannot change mode to rwxr-xr-x: Operation not permitted
build	Cache Android SDK	2026-06-06T12:23:01.2427016Z /usr/bin/tar: ../../../../../usr/local/lib/android/sdk/platforms/android-37.0/data/res/values-mcc310-mnc170-uk: Cannot utime: Operation not permitted
build	Cache Android SDK	2026-06-06T12:23:01.2428076Z /usr/bin/tar: ../../../../../usr/local/lib/android/sdk/platforms/android-37.0/data/res/values-mcc310-mnc170-uk: Cannot change mode to rwxr-xr-x: Operation not permitted
build	Cache Android SDK	2026-06-06T12:23:01.2430362Z /usr/bin/tar: ../../../../../usr/local/lib/android/sdk/platforms/android-37.0/data/res/values-mcc302-mnc370-lv: Cannot utime: Operation not permitted
build	Cache Android SDK	2026-06-06T12:23:01.2431287Z /usr/bin/tar: ../../../../../usr/local/lib/android/sdk/platforms/android-37.0/data/res/values-mcc302-mnc370-lv: Cannot change mode to rwxr-xr-x: Operation not permitted
build	Cache Android SDK	2026-06-06T12:23:01.2433448Z /usr/bin/tar: ../../../../../usr/local/lib/android/sdk/platforms/android-37.0/data/res/values-es-neuter: Cannot utime: Operation not permitted
build	Cache Android SDK	2026-06-06T12:23:01.2434345Z /usr/bin/tar: ../../../../../usr/local/lib/android/sdk/platforms/android-37.0/data/res/values-es-neuter: Cannot change mode to rwxr-xr-x: Operation not permitted
build	Cache Android SDK	2026-06-06T12:23:01.2437205Z /usr/bin/tar: ../../../../../usr/local/lib/android/sdk/platforms/android-37.0/data/res/values-mcc310-mnc160-vi: Cannot utime: Operation not permitted
build	Cache Android SDK	2026-06-06T12:23:01.2438279Z /usr/bin/tar: ../../../../../usr/local/lib/android/sdk/platforms/android-37.0/data/res/values-mcc310-mnc160-vi: Cannot change mode to rwxr-xr-x: Operation not permitted
build	Cache Android SDK	2026-06-06T12:23:01.2444821Z /usr/bin/tar: ../../../../../usr/local/lib/android/sdk/platforms/android-37.0/data/res/values-kk: Cannot utime: Operation not permitted
build	Cache Android SDK	2026-06-06T12:23:01.2446378Z /usr/bin/tar: ../../../../../usr/local/lib/android/sdk/platforms/android-37.0/data/res/values-kk: Cannot change mode to rwxr-xr-x: Operation not permitted
build	Cache Android SDK	2026-06-06T12:23:01.2448742Z /usr/bin/tar: ../../../../../usr/local/lib/android/sdk/platforms/android-37.0/data/res/values-mcc310-mnc560-sl: Cannot utime: Operation not permitted
build	Cache Android SDK	2026-06-06T12:23:01.2449839Z /usr/bin/tar: ../../../../../usr/local/lib/android/sdk/platforms/android-37.0/data/res/values-mcc310-mnc560-sl: Cannot change mode to rwxr-xr-x: Operation not permitted
build	Cache Android SDK	2026-06-06T12:23:01.2452271Z /usr/bin/tar: ../../../../../usr/local/lib/android/sdk/platforms/android-37.0/data/res/values-zh-rTW-watch: Cannot utime: Operation not permitted
build	Cache Android SDK	2026-06-06T12:23:01.2453186Z /usr/bin/tar: ../../../../../usr/local/lib/android/sdk/platforms/android-37.0/data/res/values-zh-rTW-watch: Cannot change mode to rwxr-xr-x: Operation not permitted
build	Cache Android SDK	2026-06-06T12:23:01.2455764Z /usr/bin/tar: ../../../../../usr/local/lib/android/sdk/platforms/android-37.0/data/res/values-mcc001-mnc01-ta: Cannot utime: Operation not permitted
build	Cache Android SDK	2026-06-06T12:23:01.2456690Z /usr/bin/tar: ../../../../../usr/local/lib/android/sdk/platforms/android-37.0/data/res/values-mcc001-mnc01-ta: Cannot change mode to rwxr-xr-x: Operation not permitted
build	Cache Android SDK	2026-06-06T12:23:01.2460535Z /usr/bin/tar: ../../../../../usr/local/lib/android/sdk/platforms/android-37.0/data/res/values-large: Cannot utime: Operation not permitted
build	Cache Android SDK	2026-06-06T12:23:01.2461418Z /usr/bin/tar: ../../../../../usr/local/lib/android/sdk/platforms/android-37.0/data/res/values-large: Cannot change mode to rwxr-xr-x: Operation not permitted
build	Cache Android SDK	2026-06-06T12:23:01.2465927Z /usr/bin/tar: ../../../../../usr/local/lib/android/sdk/platforms/android-37.0/data/res/values-es-television: Cannot utime: Operation not permitted
build	Cache Android SDK	2026-06-06T12:23:01.2466986Z /usr/bin/tar: ../../../../../usr/local/lib/android/sdk/platforms/android-37.0/data/res/values-es-television: Cannot change mode to rwxr-xr-x: Operation not permitted
build	Cache Android SDK	2026-06-06T12:23:01.2469963Z /usr/bin/tar: ../../../../../usr/local/lib/android/sdk/platforms/android-37.0/data/res/values-mcc310-mnc200-hy: Cannot utime: Operation not permitted
build	Cache Android SDK	2026-06-06T12:23:01.2470901Z /usr/bin/tar: ../../../../../usr/local/lib/android/sdk/platforms/android-37.0/data/res/values-mcc310-mnc200-hy: Cannot change mode to rwxr-xr-x: Operation not permitted
build	Cache Android SDK	2026-06-06T12:23:01.2473314Z /usr/bin/tar: ../../../../../usr/local/lib/android/sdk/platforms/android-37.0/data/res/values-mcc310-mnc800-sq: Cannot utime: Operation not permitted
build	Cache Android SDK	2026-06-06T12:23:01.2474247Z /usr/bin/tar: ../../../../../usr/local/lib/android/sdk/platforms/android-37.0/data/res/values-mcc310-mnc800-sq: Cannot change mode to rwxr-xr-x: Operation not permitted
build	Cache Android SDK	2026-06-06T12:23:01.2476482Z /usr/bin/tar: ../../../../../usr/local/lib/android/sdk/platforms/android-37.0/data/res/values-mcc302-mnc720-ko: Cannot utime: Operation not permitted
build	Cache Android SDK	2026-06-06T12:23:01.2477552Z /usr/bin/tar: ../../../../../usr/local/lib/android/sdk/platforms/android-37.0/data/res/values-mcc302-mnc720-ko: Cannot change mode to rwxr-xr-x: Operation not permitted
build	Cache Android SDK	2026-06-06T12:23:01.2480471Z /usr/bin/tar: ../../../../../usr/local/lib/android/sdk/platforms/android-37.0/data/res/values-mcc310-mnc240-ca: Cannot utime: Operation not permitted
build	Cache Android SDK	2026-06-06T12:23:01.2481402Z /usr/bin/tar: ../../../../../usr/local/lib/android/sdk/platforms/android-37.0/data/res/values-mcc310-mnc240-ca: Cannot change mode to rwxr-xr-x: Operation not permitted
build	Cache Android SDK	2026-06-06T12:23:01.2483969Z /usr/bin/tar: ../../../../../usr/local/lib/android/sdk/platforms/android-37.0/data/res/values-mcc310-mnc170-fr-rCA: Cannot utime: Operation not permitted
build	Cache Android SDK	2026-06-06T12:23:01.2484928Z /usr/bin/tar: ../../../../../usr/local/lib/android/sdk/platforms/android-37.0/data/res/values-mcc310-mnc170-fr-rCA: Cannot change mode to rwxr-xr-x: Operation not permitted
build	Cache Android SDK	2026-06-06T12:23:01.2490458Z /usr/bin/tar: ../../../../../usr/local/lib/android/sdk/platforms/android-37.0/data/res/values-mcc310-mnc230-el: Cannot utime: Operation not permitted
build	Cache Android SDK	2026-06-06T12:23:01.2491380Z /usr/bin/tar: ../../../../../usr/local/lib/android/sdk/platforms/android-37.0/data/res/values-mcc310-mnc230-el: Cannot change mode to rwxr-xr-x: Operation not permitted
build	Cache Android SDK	2026-06-06T12:23:01.2493603Z /usr/bin/tar: ../../../../../usr/local/lib/android/sdk/platforms/android-37.0/data/res/values-mcc310-mnc210-tl: Cannot utime: Operation not permitted
build	Cache Android SDK	2026-06-06T12:23:01.2494615Z /usr/bin/tar: ../../../../../usr/local/lib/android/sdk/platforms/android-37.0/data/res/values-mcc310-mnc210-tl: Cannot change mode to rwxr-xr-x: Operation not permitted
build	Cache Android SDK	2026-06-06T12:23:01.2497071Z /usr/bin/tar: ../../../../../usr/local/lib/android/sdk/platforms/android-37.0/data/res/values-mcc302-mnc720-fr-rCA: Cannot utime: Operation not permitted
build	Cache Android SDK	2026-06-06T12:23:01.2498258Z /usr/bin/tar: ../../../../../usr/local/lib/android/sdk/platforms/android-37.0/data/res/values-mcc302-mnc720-fr-rCA: Cannot change mode to rwxr-xr-x: Operation not permitted
build	Cache Android SDK	2026-06-06T12:23:01.2500460Z /usr/bin/tar: ../../../../../usr/local/lib/android/sdk/platforms/android-37.0/data/res/values-mcc310-mnc030-as: Cannot utime: Operation not permitted
build	Cache Android SDK	2026-06-06T12:23:01.2501399Z /usr/bin/tar: ../../../../../usr/local/lib/android/sdk/platforms/android-37.0/data/res/values-mcc310-mnc030-as: Cannot change mode to rwxr-xr-x: Operation not permitted
build	Cache Android SDK	2026-06-06T12:23:01.2504312Z /usr/bin/tar: ../../../../../usr/local/lib/android/sdk/platforms/android-37.0/data/res/values-mcc001-mnc01-ru: Cannot utime: Operation not permitted
build	Cache Android SDK	2026-06-06T12:23:01.2505250Z /usr/bin/tar: ../../../../../usr/local/lib/android/sdk/platforms/android-37.0/data/res/values-mcc001-mnc01-ru: Cannot change mode to rwxr-xr-x: Operation not permitted
build	Cache Android SDK	2026-06-06T12:23:01.2507611Z /usr/bin/tar: ../../../../../usr/local/lib/android/sdk/platforms/android-37.0/data/res/values-be-television: Cannot utime: Operation not permitted
build	Cache Android SDK	2026-06-06T12:23:01.2508524Z /usr/bin/tar: ../../../../../usr/local/lib/android/sdk/platforms/android-37.0/data/res/values-be-television: Cannot change mode to rwxr-xr-x: Operation not permitted
build	Cache Android SDK	2026-06-06T12:23:01.2511616Z /usr/bin/tar: ../../../../../usr/local/lib/android/sdk/platforms/android-37.0/data/res/values-mcc334-mnc020-si: Cannot utime: Operation not permitted
build	Cache Android SDK	2026-06-06T12:23:01.2512541Z /usr/bin/tar: ../../../../../usr/local/lib/android/sdk/platforms/android-37.0/data/res/values-mcc334-mnc020-si: Cannot change mode to rwxr-xr-x: Operation not permitted
build	Cache Android SDK	2026-06-06T12:23:01.2515922Z /usr/bin/tar: ../../../../../usr/local/lib/android/sdk/platforms/android-37.0/data/res/values-mcc302-mnc370-am: Cannot utime: Operation not permitted
build	Cache Android SDK	2026-06-06T12:23:01.2516850Z /usr/bin/tar: ../../../../../usr/local/lib/android/sdk/platforms/android-37.0/data/res/values-mcc302-mnc370-am: Cannot change mode to rwxr-xr-x: Operation not permitted
build	Cache Android SDK	2026-06-06T12:23:01.2521517Z /usr/bin/tar: ../../../../../usr/local/lib/android/sdk/platforms/android-37.0/data/res/values-mcc310-mnc240-ro: Cannot utime: Operation not permitted
build	Cache Android SDK	2026-06-06T12:23:01.2522456Z /usr/bin/tar: ../../../../../usr/local/lib/android/sdk/platforms/android-37.0/data/res/values-mcc310-mnc240-ro: Cannot change mode to rwxr-xr-x: Operation not permitted
build	Cache Android SDK	2026-06-06T12:23:01.2524614Z /usr/bin/tar: ../../../../../usr/local/lib/android/sdk/platforms/android-37.0/data/res/values-mcc334-mnc020-ar: Cannot utime: Operation not permitted
build	Cache Android SDK	2026-06-06T12:23:01.2525553Z /usr/bin/tar: ../../../../../usr/local/lib/android/sdk/platforms/android-37.0/data/res/values-mcc334-mnc020-ar: Cannot change mode to rwxr-xr-x: Operation not permitted
build	Cache Android SDK	2026-06-06T12:23:01.2532026Z /usr/bin/tar: ../../../../../usr/local/lib/android/sdk/platforms/android-37.0/data/res/values-mcc310-mnc560-az: Cannot utime: Operation not permitted
build	Cache Android SDK	2026-06-06T12:23:01.2533053Z /usr/bin/tar: ../../../../../usr/local/lib/android/sdk/platforms/android-37.0/data/res/values-mcc310-mnc560-az: Cannot change mode to rwxr-xr-x: Operation not permitted
build	Cache Android SDK	2026-06-06T12:23:01.2536526Z /usr/bin/tar: ../../../../../usr/local/lib/android/sdk/platforms/android-37.0/data/res/values-mcc310-mnc210-ja: Cannot utime: Operation not permitted
build	Cache Android SDK	2026-06-06T12:23:01.2537811Z /usr/bin/tar: ../../../../../usr/local/lib/android/sdk/platforms/android-37.0/data/res/values-mcc310-mnc210-ja: Cannot change mode to rwxr-xr-x: Operation not permitted
build	Cache Android SDK	2026-06-06T12:23:01.2541321Z /usr/bin/tar: ../../../../../usr/local/lib/android/sdk/platforms/android-37.0/data/res/values-mcc310-mnc280-ja: Cannot utime: Operation not permitted
build	Cache Android SDK	2026-06-06T12:23:01.2542402Z /usr/bin/tar: ../../../../../usr/local/lib/android/sdk/platforms/android-37.0/data/res/values-mcc310-mnc280-ja: Cannot change mode to rwxr-xr-x: Operation not permitted
build	Cache Android SDK	2026-06-06T12:23:01.2546047Z /usr/bin/tar: ../../../../../usr/local/lib/android/sdk/platforms/android-37.0/data/res/values-pl-watch: Cannot utime: Operation not permitted
build	Cache Android SDK	2026-06-06T12:23:01.2547029Z /usr/bin/tar: ../../../../../usr/local/lib/android/sdk/platforms/android-37.0/data/res/values-pl-watch: Cannot change mode to rwxr-xr-x: Operation not permitted
build	Cache Android SDK	2026-06-06T12:23:01.2550088Z /usr/bin/tar: ../../../../../usr/local/lib/android/sdk/platforms/android-37.0/data/res/values-mcc302-mnc370-sl: Cannot utime: Operation not permitted
build	Cache Android SDK	2026-06-06T12:23:01.2551049Z /usr/bin/tar: ../../../../../usr/local/lib/android/sdk/platforms/android-37.0/data/res/values-mcc302-mnc370-sl: Cannot change mode to rwxr-xr-x: Operation not permitted
build	Cache Android SDK	2026-06-06T12:23:01.2556796Z /usr/bin/tar: ../../../../../usr/local/lib/android/sdk/platforms/android-37.0/data/res/values-mcc310-mnc950-ru: Cannot utime: Operation not permitted
build	Cache Android SDK	2026-06-06T12:23:01.2557884Z /usr/bin/tar: ../../../../../usr/local/lib/android/sdk/platforms/android-37.0/data/res/values-mcc310-mnc950-ru: Cannot change mode to rwxr-xr-x: Operation not permitted
build	Cache Android SDK	2026-06-06T12:23:01.2560449Z /usr/bin/tar: ../../../../../usr/local/lib/android/sdk/platforms/android-37.0/data/res/values-mcc310-mnc220-my: Cannot utime: Operation not permitted
build	Cache Android SDK	2026-06-06T12:23:01.2561393Z /usr/bin/tar: ../../../../../usr/local/lib/android/sdk/platforms/android-37.0/data/res/values-mcc310-mnc220-my: Cannot change mode to rwxr-xr-x: Operation not permitted
build	Cache Android SDK	2026-06-06T12:23:01.2566206Z /usr/bin/tar: ../../../../../usr/local/lib/android/sdk/platforms/android-37.0/data/res/values-mcc310-mnc240-bs: Cannot utime: Operation not permitted
build	Cache Android SDK	2026-06-06T12:23:01.2567136Z /usr/bin/tar: ../../../../../usr/local/lib/android/sdk/platforms/android-37.0/data/res/values-mcc310-mnc240-bs: Cannot change mode to rwxr-xr-x: Operation not permitted
build	Cache Android SDK	2026-06-06T12:23:01.2574929Z /usr/bin/tar: ../../../../../usr/local/lib/android/sdk/platforms/android-37.0/data/res/values-el: Cannot utime: Operation not permitted
build	Cache Android SDK	2026-06-06T12:23:01.2575886Z /usr/bin/tar: ../../../../../usr/local/lib/android/sdk/platforms/android-37.0/data/res/values-el: Cannot change mode to rwxr-xr-x: Operation not permitted
build	Cache Android SDK	2026-06-06T12:23:01.2578785Z /usr/bin/tar: ../../../../../usr/local/lib/android/sdk/platforms/android-37.0/data/res/values-mcc310-mnc800-kk: Cannot utime: Operation not permitted
build	Cache Android SDK	2026-06-06T12:23:01.2579746Z /usr/bin/tar: ../../../../../usr/local/lib/android/sdk/platforms/android-37.0/data/res/values-mcc310-mnc800-kk: Cannot change mode to rwxr-xr-x: Operation not permitted
build	Cache Android SDK	2026-06-06T12:23:01.2581570Z /usr/bin/tar: ../../../../../usr/local/lib/android/sdk/platforms/android-37.0/data/res/values-mcc310-mnc160-hu: Cannot utime: Operation not permitted
build	Cache Android SDK	2026-06-06T12:23:01.2582658Z /usr/bin/tar: ../../../../../usr/local/lib/android/sdk/platforms/android-37.0/data/res/values-mcc310-mnc160-hu: Cannot change mode to rwxr-xr-x: Operation not permitted
build	Cache Android SDK	2026-06-06T12:23:01.2585478Z /usr/bin/tar: ../../../../../usr/local/lib/android/sdk/platforms/android-37.0/data/res/values-mcc310-mnc170-lt: Cannot utime: Operation not permitted
build	Cache Android SDK	2026-06-06T12:23:01.2586498Z /usr/bin/tar: ../../../../../usr/local/lib/android/sdk/platforms/android-37.0/data/res/values-mcc310-mnc170-lt: Cannot change mode to rwxr-xr-x: Operation not permitted
build	Cache Android SDK	2026-06-06T12:23:01.2588733Z /usr/bin/tar: ../../../../../usr/local/lib/android/sdk/platforms/android-37.0/data/res/values-ca-rES: Cannot utime: Operation not permitted
build	Cache Android SDK	2026-06-06T12:23:01.2589653Z /usr/bin/tar: ../../../../../usr/local/lib/android/sdk/platforms/android-37.0/data/res/values-ca-rES: Cannot change mode to rwxr-xr-x: Operation not permitted
build	Cache Android SDK	2026-06-06T12:23:01.2597681Z /usr/bin/tar: ../../../../../usr/local/lib/android/sdk/platforms/android-37.0/data/res/drawable-car: Cannot utime: Operation not permitted
build	Cache Android SDK	2026-06-06T12:23:01.2598965Z /usr/bin/tar: ../../../../../usr/local/lib/android/sdk/platforms/android-37.0/data/res/drawable-car: Cannot change mode to rwxr-xr-x: Operation not permitted
build	Cache Android SDK	2026-06-06T12:23:01.2601148Z /usr/bin/tar: ../../../../../usr/local/lib/android/sdk/platforms/android-37.0/data/res/values-mcc310-mnc310-et: Cannot utime: Operation not permitted
build	Cache Android SDK	2026-06-06T12:23:01.2602166Z /usr/bin/tar: ../../../../../usr/local/lib/android/sdk/platforms/android-37.0/data/res/values-mcc310-mnc310-et: Cannot change mode to rwxr-xr-x: Operation not permitted
build	Cache Android SDK	2026-06-06T12:23:01.2604881Z /usr/bin/tar: ../../../../../usr/local/lib/android/sdk/platforms/android-37.0/data/res/values-mcc310-mnc560-mr: Cannot utime: Operation not permitted
build	Cache Android SDK	2026-06-06T12:23:01.2605811Z /usr/bin/tar: ../../../../../usr/local/lib/android/sdk/platforms/android-37.0/data/res/values-mcc310-mnc560-mr: Cannot change mode to rwxr-xr-x: Operation not permitted
build	Cache Android SDK	2026-06-06T12:23:01.2608564Z /usr/bin/tar: ../../../../../usr/local/lib/android/sdk/platforms/android-37.0/data/res/values-mcc310-mnc150-pt-rPT: Cannot utime: Operation not permitted
build	Cache Android SDK	2026-06-06T12:23:01.2609543Z /usr/bin/tar: ../../../../../usr/local/lib/android/sdk/platforms/android-37.0/data/res/values-mcc310-mnc150-pt-rPT: Cannot change mode to rwxr-xr-x: Operation not permitted
build	Cache Android SDK	2026-06-06T12:23:01.2611829Z /usr/bin/tar: ../../../../../usr/local/lib/android/sdk/platforms/android-37.0/data/res/values-mcc310-mnc800-mn: Cannot utime: Operation not permitted
build	Cache Android SDK	2026-06-06T12:23:01.2612753Z /usr/bin/tar: ../../../../../usr/local/lib/android/sdk/platforms/android-37.0/data/res/values-mcc310-mnc800-mn: Cannot change mode to rwxr-xr-x: Operation not permitted
build	Cache Android SDK	2026-06-06T12:23:01.2615208Z /usr/bin/tar: ../../../../../usr/local/lib/android/sdk/platforms/android-37.0/data/res/values-km-watch: Cannot utime: Operation not permitted
build	Cache Android SDK	2026-06-06T12:23:01.2616092Z /usr/bin/tar: ../../../../../usr/local/lib/android/sdk/platforms/android-37.0/data/res/values-km-watch: Cannot change mode to rwxr-xr-x: Operation not permitted
build	Cache Android SDK	2026-06-06T12:23:01.2618970Z /usr/bin/tar: ../../../../../usr/local/lib/android/sdk/platforms/android-37.0/data/res/values-en-rGB-television: Cannot utime: Operation not permitted
build	Cache Android SDK	2026-06-06T12:23:01.2619924Z /usr/bin/tar: ../../../../../usr/local/lib/android/sdk/platforms/android-37.0/data/res/values-en-rGB-television: Cannot change mode to rwxr-xr-x: Operation not permitted
build	Cache Android SDK	2026-06-06T12:23:01.2622242Z /usr/bin/tar: ../../../../../usr/local/lib/android/sdk/platforms/android-37.0/data/res/values-mcc334-mnc020-mn: Cannot utime: Operation not permitted
build	Cache Android SDK	2026-06-06T12:23:01.2623185Z /usr/bin/tar: ../../../../../usr/local/lib/android/sdk/platforms/android-37.0/data/res/values-mcc334-mnc020-mn: Cannot change mode to rwxr-xr-x: Operation not permitted
build	Cache Android SDK	2026-06-06T12:23:01.2625974Z /usr/bin/tar: ../../../../../usr/local/lib/android/sdk/platforms/android-37.0/data/res/values-mcc001-mnc01-lv: Cannot utime: Operation not permitted
build	Cache Android SDK	2026-06-06T12:23:01.2626900Z /usr/bin/tar: ../../../../../usr/local/lib/android/sdk/platforms/android-37.0/data/res/values-mcc001-mnc01-lv: Cannot change mode to rwxr-xr-x: Operation not permitted
build	Cache Android SDK	2026-06-06T12:23:01.2632396Z /usr/bin/tar: ../../../../../usr/local/lib/android/sdk/platforms/android-37.0/data/res/values-mcc310-mnc170-hi: Cannot utime: Operation not permitted
build	Cache Android SDK	2026-06-06T12:23:01.2633335Z /usr/bin/tar: ../../../../../usr/local/lib/android/sdk/platforms/android-37.0/data/res/values-mcc310-mnc170-hi: Cannot change mode to rwxr-xr-x: Operation not permitted
build	Cache Android SDK	2026-06-06T12:23:01.2639801Z /usr/bin/tar: ../../../../../usr/local/lib/android/sdk/platforms/android-37.0/data/res/values-mcc310-mnc800-ro: Cannot utime: Operation not permitted
build	Cache Android SDK	2026-06-06T12:23:01.2640722Z /usr/bin/tar: ../../../../../usr/local/lib/android/sdk/platforms/android-37.0/data/res/values-mcc310-mnc800-ro: Cannot change mode to rwxr-xr-x: Operation not permitted
build	Cache Android SDK	2026-06-06T12:23:01.2642802Z /usr/bin/tar: ../../../../../usr/local/lib/android/sdk/platforms/android-37.0/data/res/values-mcc310-mnc270-km: Cannot utime: Operation not permitted
build	Cache Android SDK	2026-06-06T12:23:01.2643802Z /usr/bin/tar: ../../../../../usr/local/lib/android/sdk/platforms/android-37.0/data/res/values-mcc310-mnc270-km: Cannot change mode to rwxr-xr-x: Operation not permitted
build	Cache Android SDK	2026-06-06T12:23:01.2645982Z /usr/bin/tar: ../../../../../usr/local/lib/android/sdk/platforms/android-37.0/data/res/values-mcc310-mnc160-ml: Cannot utime: Operation not permitted
build	Cache Android SDK	2026-06-06T12:23:01.2646983Z /usr/bin/tar: ../../../../../usr/local/lib/android/sdk/platforms/android-37.0/data/res/values-mcc310-mnc160-ml: Cannot change mode to rwxr-xr-x: Operation not permitted
build	Cache Android SDK	2026-06-06T12:23:01.2649140Z /usr/bin/tar: ../../../../../usr/local/lib/android/sdk/platforms/android-37.0/data/res/values-mcc310-mnc270-es-rUS: Cannot utime: Operation not permitted
build	Cache Android SDK	2026-06-06T12:23:01.2650133Z /usr/bin/tar: ../../../../../usr/local/lib/android/sdk/platforms/android-37.0/data/res/values-mcc310-mnc270-es-rUS: Cannot change mode to rwxr-xr-x: Operation not permitted
build	Cache Android SDK	2026-06-06T12:23:01.2652456Z /usr/bin/tar: ../../../../../usr/local/lib/android/sdk/platforms/android-37.0/data/res/values-es-rEC: Cannot utime: Operation not permitted
build	Cache Android SDK	2026-06-06T12:23:01.2653337Z /usr/bin/tar: ../../../../../usr/local/lib/android/sdk/platforms/android-37.0/data/res/values-es-rEC: Cannot change mode to rwxr-xr-x: Operation not permitted
build	Cache Android SDK	2026-06-06T12:23:01.2655479Z /usr/bin/tar: ../../../../../usr/local/lib/android/sdk/platforms/android-37.0/data/res/values-mcc311-mnc180-zu: Cannot utime: Operation not permitted
build	Cache Android SDK	2026-06-06T12:23:01.2656407Z /usr/bin/tar: ../../../../../usr/local/lib/android/sdk/platforms/android-37.0/data/res/values-mcc311-mnc180-zu: Cannot change mode to rwxr-xr-x: Operation not permitted
build	Cache Android SDK	2026-06-06T12:23:01.2659166Z /usr/bin/tar: ../../../../../usr/local/lib/android/sdk/platforms/android-37.0/data/res/values-mcc310-mnc240-hi: Cannot utime: Operation not permitted
build	Cache Android SDK	2026-06-06T12:23:01.2660098Z /usr/bin/tar: ../../../../../usr/local/lib/android/sdk/platforms/android-37.0/data/res/values-mcc310-mnc240-hi: Cannot change mode to rwxr-xr-x: Operation not permitted
build	Cache Android SDK	2026-06-06T12:23:01.2663584Z /usr/bin/tar: ../../../../../usr/local/lib/android/sdk/platforms/android-37.0/data/res/values-mcc334-mnc020-kk: Cannot utime: Operation not permitted
build	Cache Android SDK	2026-06-06T12:23:01.2664503Z /usr/bin/tar: ../../../../../usr/local/lib/android/sdk/platforms/android-37.0/data/res/values-mcc334-mnc020-kk: Cannot change mode to rwxr-xr-x: Operation not permitted
build	Cache Android SDK	2026-06-06T12:23:01.2667804Z /usr/bin/tar: ../../../../../usr/local/lib/android/sdk/platforms/android-37.0/data/res/values-mcc310-mnc240-in: Cannot utime: Operation not permitted
build	Cache Android SDK	2026-06-06T12:23:01.2669300Z /usr/bin/tar: ../../../../../usr/local/lib/android/sdk/platforms/android-37.0/data/res/values-mcc310-mnc240-in: Cannot change mode to rwxr-xr-x: Operation not permitted
build	Cache Android SDK	2026-06-06T12:23:01.2673875Z /usr/bin/tar: ../../../../../usr/local/lib/android/sdk/platforms/android-37.0/data/res/values-et: Cannot utime: Operation not permitted
build	Cache Android SDK	2026-06-06T12:23:01.2675463Z /usr/bin/tar: ../../../../../usr/local/lib/android/sdk/platforms/android-37.0/data/res/values-et: Cannot change mode to rwxr-xr-x: Operation not permitted
build	Cache Android SDK	2026-06-06T12:23:01.2677200Z /usr/bin/tar: ../../../../../usr/local/lib/android/sdk/platforms/android-37.0/data/res/values-mcc310-mnc220-da: Cannot utime: Operation not permitted
build	Cache Android SDK	2026-06-06T12:23:01.2677964Z /usr/bin/tar: ../../../../../usr/local/lib/android/sdk/platforms/android-37.0/data/res/values-mcc310-mnc220-da: Cannot change mode to rwxr-xr-x: Operation not permitted
build	Cache Android SDK	2026-06-06T12:23:01.2681127Z /usr/bin/tar: ../../../../../usr/local/lib/android/sdk/platforms/android-37.0/data/res/values-mcc310-mnc280-en-rGB: Cannot utime: Operation not permitted
build	Cache Android SDK	2026-06-06T12:23:01.2682034Z /usr/bin/tar: ../../../../../usr/local/lib/android/sdk/platforms/android-37.0/data/res/values-mcc310-mnc280-en-rGB: Cannot change mode to rwxr-xr-x: Operation not permitted
build	Cache Android SDK	2026-06-06T12:23:01.2685901Z /usr/bin/tar: ../../../../../usr/local/lib/android/sdk/platforms/android-37.0/data/res/layout-land: Cannot utime: Operation not permitted
build	Cache Android SDK	2026-06-06T12:23:01.2686425Z /usr/bin/tar: ../../../../../usr/local/lib/android/sdk/platforms/android-37.0/data/res/layout-land: Cannot change mode to rwxr-xr-x: Operation not permitted
build	Cache Android SDK	2026-06-06T12:23:01.2688960Z /usr/bin/tar: ../../../../../usr/local/lib/android/sdk/platforms/android-37.0/data/res/values-mcc310-mnc380-km: Cannot utime: Operation not permitted
build	Cache Android SDK	2026-06-06T12:23:01.2689504Z /usr/bin/tar: ../../../../../usr/local/lib/android/sdk/platforms/android-37.0/data/res/values-mcc310-mnc380-km: Cannot change mode to rwxr-xr-x: Operation not permitted
build	Cache Android SDK	2026-06-06T12:23:01.2692122Z /usr/bin/tar: ../../../../../usr/local/lib/android/sdk/platforms/android-37.0/data/res/values-mcc310-mnc270-da: Cannot utime: Operation not permitted
build	Cache Android SDK	2026-06-06T12:23:01.2692583Z /usr/bin/tar: ../../../../../usr/local/lib/android/sdk/platforms/android-37.0/data/res/values-mcc310-mnc270-da: Cannot change mode to rwxr-xr-x: Operation not permitted
build	Cache Android SDK	2026-06-06T12:23:01.2695372Z /usr/bin/tar: ../../../../../usr/local/lib/android/sdk/platforms/android-37.0/data/res/values-mcc310-mnc660-my: Cannot utime: Operation not permitted
build	Cache Android SDK	2026-06-06T12:23:01.2695821Z /usr/bin/tar: ../../../../../usr/local/lib/android/sdk/platforms/android-37.0/data/res/values-mcc310-mnc660-my: Cannot change mode to rwxr-xr-x: Operation not permitted
build	Cache Android SDK	2026-06-06T12:23:01.2698803Z /usr/bin/tar: ../../../../../usr/local/lib/android/sdk/platforms/android-37.0/data/res/values-mcc310-mnc280-et: Cannot utime: Operation not permitted
build	Cache Android SDK	2026-06-06T12:23:01.2699270Z /usr/bin/tar: ../../../../../usr/local/lib/android/sdk/platforms/android-37.0/data/res/values-mcc310-mnc280-et: Cannot change mode to rwxr-xr-x: Operation not permitted
build	Cache Android SDK	2026-06-06T12:23:01.2705751Z /usr/bin/tar: ../../../../../usr/local/lib/android/sdk/platforms/android-37.0/data/res/values-mcc310-mnc380-sv: Cannot utime: Operation not permitted
build	Cache Android SDK	2026-06-06T12:23:01.2706235Z /usr/bin/tar: ../../../../../usr/local/lib/android/sdk/platforms/android-37.0/data/res/values-mcc310-mnc380-sv: Cannot change mode to rwxr-xr-x: Operation not permitted
build	Cache Android SDK	2026-06-06T12:23:01.2709247Z /usr/bin/tar: ../../../../../usr/local/lib/android/sdk/platforms/android-37.0/data/res/values-mcc310-mnc250-be: Cannot utime: Operation not permitted
build	Cache Android SDK	2026-06-06T12:23:01.2709705Z /usr/bin/tar: ../../../../../usr/local/lib/android/sdk/platforms/android-37.0/data/res/values-mcc310-mnc250-be: Cannot change mode to rwxr-xr-x: Operation not permitted
build	Cache Android SDK	2026-06-06T12:23:01.2713235Z /usr/bin/tar: ../../../../../usr/local/lib/android/sdk/platforms/android-37.0/data/res/values-mcc310-mnc270-sq: Cannot utime: Operation not permitted
build	Cache Android SDK	2026-06-06T12:23:01.2713693Z /usr/bin/tar: ../../../../../usr/local/lib/android/sdk/platforms/android-37.0/data/res/values-mcc310-mnc270-sq: Cannot change mode to rwxr-xr-x: Operation not permitted
build	Cache Android SDK	2026-06-06T12:23:01.2717317Z /usr/bin/tar: ../../../../../usr/local/lib/android/sdk/platforms/android-37.0/data/res/values-mcc312-mnc670-km: Cannot utime: Operation not permitted
build	Cache Android SDK	2026-06-06T12:23:01.2717917Z /usr/bin/tar: ../../../../../usr/local/lib/android/sdk/platforms/android-37.0/data/res/values-mcc312-mnc670-km: Cannot change mode to rwxr-xr-x: Operation not permitted
build	Cache Android SDK	2026-06-06T12:23:01.2720815Z /usr/bin/tar: ../../../../../usr/local/lib/android/sdk/platforms/android-37.0/data/res/values-mcc310-mnc230-ur: Cannot utime: Operation not permitted
build	Cache Android SDK	2026-06-06T12:23:01.2721367Z /usr/bin/tar: ../../../../../usr/local/lib/android/sdk/platforms/android-37.0/data/res/values-mcc310-mnc230-ur: Cannot change mode to rwxr-xr-x: Operation not permitted
build	Cache Android SDK	2026-06-06T12:23:01.2724684Z /usr/bin/tar: ../../../../../usr/local/lib/android/sdk/platforms/android-37.0/data/res/drawable-w228dp: Cannot utime: Operation not permitted
build	Cache Android SDK	2026-06-06T12:23:01.2725135Z /usr/bin/tar: ../../../../../usr/local/lib/android/sdk/platforms/android-37.0/data/res/drawable-w228dp: Cannot change mode to rwxr-xr-x: Operation not permitted
build	Cache Android SDK	2026-06-06T12:23:01.2728385Z /usr/bin/tar: ../../../../../usr/local/lib/android/sdk/platforms/android-37.0/data/res/values-mcc310-mnc950-mk: Cannot utime: Operation not permitted
build	Cache Android SDK	2026-06-06T12:23:01.2728932Z /usr/bin/tar: ../../../../../usr/local/lib/android/sdk/platforms/android-37.0/data/res/values-mcc310-mnc950-mk: Cannot change mode to rwxr-xr-x: Operation not permitted
build	Cache Android SDK	2026-06-06T12:23:01.2731981Z /usr/bin/tar: ../../../../../usr/local/lib/android/sdk/platforms/android-37.0/data/res/values-mcc310-mnc030-fr: Cannot utime: Operation not permitted
build	Cache Android SDK	2026-06-06T12:23:01.2732649Z /usr/bin/tar: ../../../../../usr/local/lib/android/sdk/platforms/android-37.0/data/res/values-mcc310-mnc030-fr: Cannot change mode to rwxr-xr-x: Operation not permitted
build	Cache Android SDK	2026-06-06T12:23:01.2734872Z /usr/bin/tar: ../../../../../usr/local/lib/android/sdk/platforms/android-37.0/data/res/values-mcc310-mnc490-az: Cannot utime: Operation not permitted
build	Cache Android SDK	2026-06-06T12:23:01.2735333Z /usr/bin/tar: ../../../../../usr/local/lib/android/sdk/platforms/android-37.0/data/res/values-mcc310-mnc490-az: Cannot change mode to rwxr-xr-x: Operation not permitted
build	Cache Android SDK	2026-06-06T12:23:01.2739301Z /usr/bin/tar: ../../../../../usr/local/lib/android/sdk/platforms/android-37.0/data/res/values-mcc310-mnc200-es: Cannot utime: Operation not permitted
build	Cache Android SDK	2026-06-06T12:23:01.2739870Z /usr/bin/tar: ../../../../../usr/local/lib/android/sdk/platforms/android-37.0/data/res/values-mcc310-mnc200-es: Cannot change mode to rwxr-xr-x: Operation not permitted
build	Cache Android SDK	2026-06-06T12:23:01.2744128Z /usr/bin/tar: ../../../../../usr/local/lib/android/sdk/platforms/android-37.0/data/res/values-mcc310-mnc250-mk: Cannot utime: Operation not permitted
build	Cache Android SDK	2026-06-06T12:23:01.2744616Z /usr/bin/tar: ../../../../../usr/local/lib/android/sdk/platforms/android-37.0/data/res/values-mcc310-mnc250-mk: Cannot change mode to rwxr-xr-x: Operation not permitted
build	Cache Android SDK	2026-06-06T12:23:01.2747128Z /usr/bin/tar: ../../../../../usr/local/lib/android/sdk/platforms/android-37.0/data/res/values-nb-rNO: Cannot utime: Operation not permitted
build	Cache Android SDK	2026-06-06T12:23:01.2747740Z /usr/bin/tar: ../../../../../usr/local/lib/android/sdk/platforms/android-37.0/data/res/values-nb-rNO: Cannot change mode to rwxr-xr-x: Operation not permitted
build	Cache Android SDK	2026-06-06T12:23:01.2750820Z /usr/bin/tar: ../../../../../usr/local/lib/android/sdk/platforms/android-37.0/data/res/values-mcc310-mnc950-my: Cannot utime: Operation not permitted
build	Cache Android SDK	2026-06-06T12:23:01.2751281Z /usr/bin/tar: ../../../../../usr/local/lib/android/sdk/platforms/android-37.0/data/res/values-mcc310-mnc950-my: Cannot change mode to rwxr-xr-x: Operation not permitted
build	Cache Android SDK	2026-06-06T12:23:01.2753888Z /usr/bin/tar: ../../../../../usr/local/lib/android/sdk/platforms/android-37.0/data/res/values-mcc001-mnc01-lo: Cannot utime: Operation not permitted
build	Cache Android SDK	2026-06-06T12:23:01.2754345Z /usr/bin/tar: ../../../../../usr/local/lib/android/sdk/platforms/android-37.0/data/res/values-mcc001-mnc01-lo: Cannot change mode to rwxr-xr-x: Operation not permitted
build	Cache Android SDK	2026-06-06T12:23:01.2757152Z /usr/bin/tar: ../../../../../usr/local/lib/android/sdk/platforms/android-37.0/data/res/values-mcc302-mnc370-ta: Cannot utime: Operation not permitted
build	Cache Android SDK	2026-06-06T12:23:01.2757797Z /usr/bin/tar: ../../../../../usr/local/lib/android/sdk/platforms/android-37.0/data/res/values-mcc302-mnc370-ta: Cannot change mode to rwxr-xr-x: Operation not permitted
build	Cache Android SDK	2026-06-06T12:23:01.2760756Z /usr/bin/tar: ../../../../../usr/local/lib/android/sdk/platforms/android-37.0/data/res/values-mcc310-mnc220-pt: Cannot utime: Operation not permitted
build	Cache Android SDK	2026-06-06T12:23:01.2761354Z /usr/bin/tar: ../../../../../usr/local/lib/android/sdk/platforms/android-37.0/data/res/values-mcc310-mnc220-pt: Cannot change mode to rwxr-xr-x: Operation not permitted
build	Cache Android SDK	2026-06-06T12:23:01.2767775Z /usr/bin/tar: ../../../../../usr/local/lib/android/sdk/platforms/android-37.0/data/res/values-w213dp-round-watch: Cannot utime: Operation not permitted
build	Cache Android SDK	2026-06-06T12:23:01.2768259Z /usr/bin/tar: ../../../../../usr/local/lib/android/sdk/platforms/android-37.0/data/res/values-w213dp-round-watch: Cannot change mode to rwxr-xr-x: Operation not permitted
build	Cache Android SDK	2026-06-06T12:23:01.2771585Z /usr/bin/tar: ../../../../../usr/local/lib/android/sdk/platforms/android-37.0/data/res/values-mcc310-mnc800-bg: Cannot utime: Operation not permitted
build	Cache Android SDK	2026-06-06T12:23:01.2772170Z /usr/bin/tar: ../../../../../usr/local/lib/android/sdk/platforms/android-37.0/data/res/values-mcc310-mnc800-bg: Cannot change mode to rwxr-xr-x: Operation not permitted
build	Cache Android SDK	2026-06-06T12:23:01.2775514Z /usr/bin/tar: ../../../../../usr/local/lib/android/sdk/platforms/android-37.0/data/res/values-rm-rCH: Cannot utime: Operation not permitted
build	Cache Android SDK	2026-06-06T12:23:01.2776201Z /usr/bin/tar: ../../../../../usr/local/lib/android/sdk/platforms/android-37.0/data/res/values-rm-rCH: Cannot change mode to rwxr-xr-x: Operation not permitted
build	Cache Android SDK	2026-06-06T12:23:01.2780635Z /usr/bin/tar: ../../../../../usr/local/lib/android/sdk/platforms/android-37.0/data/res/values-mcc310-mnc270-af: Cannot utime: Operation not permitted
build	Cache Android SDK	2026-06-06T12:23:01.2781123Z /usr/bin/tar: ../../../../../usr/local/lib/android/sdk/platforms/android-37.0/data/res/values-mcc310-mnc270-af: Cannot change mode to rwxr-xr-x: Operation not permitted
build	Cache Android SDK	2026-06-06T12:23:01.2788455Z /usr/bin/tar: ../../../../../usr/local/lib/android/sdk/platforms/android-37.0/data/res/values-mcc310-mnc270-gu: Cannot utime: Operation not permitted
build	Cache Android SDK	2026-06-06T12:23:01.2788977Z /usr/bin/tar: ../../../../../usr/local/lib/android/sdk/platforms/android-37.0/data/res/values-mcc310-mnc270-gu: Cannot change mode to rwxr-xr-x: Operation not permitted
build	Cache Android SDK	2026-06-06T12:23:01.2792548Z /usr/bin/tar: ../../../../../usr/local/lib/android/sdk/platforms/android-37.0/data/res/values-mcc310-mnc380-en-rCA: Cannot utime: Operation not permitted
build	Cache Android SDK	2026-06-06T12:23:01.2793057Z /usr/bin/tar: ../../../../../usr/local/lib/android/sdk/platforms/android-37.0/data/res/values-mcc310-mnc380-en-rCA: Cannot change mode to rwxr-xr-x: Operation not permitted
build	Cache Android SDK	2026-06-06T12:23:01.2796225Z /usr/bin/tar: ../../../../../usr/local/lib/android/sdk/platforms/android-37.0/data/res/values-mcc310-mnc270: Cannot utime: Operation not permitted
build	Cache Android SDK	2026-06-06T12:23:01.2796825Z /usr/bin/tar: ../../../../../usr/local/lib/android/sdk/platforms/android-37.0/data/res/values-mcc310-mnc270: Cannot change mode to rwxr-xr-x: Operation not permitted
build	Cache Android SDK	2026-06-06T12:23:01.2799871Z /usr/bin/tar: ../../../../../usr/local/lib/android/sdk/platforms/android-37.0/data/res/mipmap-watch-anydpi: Cannot utime: Operation not permitted
build	Cache Android SDK	2026-06-06T12:23:01.2800409Z /usr/bin/tar: ../../../../../usr/local/lib/android/sdk/platforms/android-37.0/data/res/mipmap-watch-anydpi: Cannot change mode to rwxr-xr-x: Operation not permitted
build	Cache Android SDK	2026-06-06T12:23:01.2803845Z /usr/bin/tar: ../../../../../usr/local/lib/android/sdk/platforms/android-37.0/data/res/values-sq-television: Cannot utime: Operation not permitted
build	Cache Android SDK	2026-06-06T12:23:01.2804342Z /usr/bin/tar: ../../../../../usr/local/lib/android/sdk/platforms/android-37.0/data/res/values-sq-television: Cannot change mode to rwxr-xr-x: Operation not permitted
build	Cache Android SDK	2026-06-06T12:23:01.2807151Z /usr/bin/tar: ../../../../../usr/local/lib/android/sdk/platforms/android-37.0/data/res/values-mcc310-mnc030-en-rCA: Cannot utime: Operation not permitted
build	Cache Android SDK	2026-06-06T12:23:01.2807885Z /usr/bin/tar: ../../../../../usr/local/lib/android/sdk/platforms/android-37.0/data/res/values-mcc310-mnc030-en-rCA: Cannot change mode to rwxr-xr-x: Operation not permitted
build	Cache Android SDK	2026-06-06T12:23:01.2810270Z /usr/bin/tar: ../../../../../usr/local/lib/android/sdk/platforms/android-37.0/data/res/values-mcc001-mnc01-in: Cannot utime: Operation not permitted
build	Cache Android SDK	2026-06-06T12:23:01.2810882Z /usr/bin/tar: ../../../../../usr/local/lib/android/sdk/platforms/android-37.0/data/res/values-mcc001-mnc01-in: Cannot change mode to rwxr-xr-x: Operation not permitted
build	Cache Android SDK	2026-06-06T12:23:01.2812979Z /usr/bin/tar: ../../../../../usr/local/lib/android/sdk/platforms/android-37.0/data/res/values-mcc310-mnc800-zh-rHK: Cannot utime: Operation not permitted
build	Cache Android SDK	2026-06-06T12:23:01.2813458Z /usr/bin/tar: ../../../../../usr/local/lib/android/sdk/platforms/android-37.0/data/res/values-mcc310-mnc800-zh-rHK: Cannot change mode to rwxr-xr-x: Operation not permitted
build	Cache Android SDK	2026-06-06T12:23:01.2816899Z /usr/bin/tar: ../../../../../usr/local/lib/android/sdk/platforms/android-37.0/data/res/values-mcc310-mnc170-nb: Cannot utime: Operation not permitted
build	Cache Android SDK	2026-06-06T12:23:01.2817502Z /usr/bin/tar: ../../../../../usr/local/lib/android/sdk/platforms/android-37.0/data/res/values-mcc310-mnc170-nb: Cannot change mode to rwxr-xr-x: Operation not permitted
build	Cache Android SDK	2026-06-06T12:23:01.2820178Z /usr/bin/tar: ../../../../../usr/local/lib/android/sdk/platforms/android-37.0/data/res/values-mcc311-mnc180-hu: Cannot utime: Operation not permitted
build	Cache Android SDK	2026-06-06T12:23:01.2820745Z /usr/bin/tar: ../../../../../usr/local/lib/android/sdk/platforms/android-37.0/data/res/values-mcc311-mnc180-hu: Cannot change mode to rwxr-xr-x: Operation not permitted
build	Cache Android SDK	2026-06-06T12:23:01.2823114Z /usr/bin/tar: ../../../../../usr/local/lib/android/sdk/platforms/android-37.0/data/res/values-mcc310-mnc210-sv: Cannot utime: Operation not permitted
build	Cache Android SDK	2026-06-06T12:23:01.2823766Z /usr/bin/tar: ../../../../../usr/local/lib/android/sdk/platforms/android-37.0/data/res/values-mcc310-mnc210-sv: Cannot change mode to rwxr-xr-x: Operation not permitted
build	Cache Android SDK	2026-06-06T12:23:01.2825766Z /usr/bin/tar: ../../../../../usr/local/lib/android/sdk/platforms/android-37.0/data/res/values-mcc310-mnc280-be: Cannot utime: Operation not permitted
build	Cache Android SDK	2026-06-06T12:23:01.2826226Z /usr/bin/tar: ../../../../../usr/local/lib/android/sdk/platforms/android-37.0/data/res/values-mcc310-mnc280-be: Cannot change mode to rwxr-xr-x: Operation not permitted
build	Cache Android SDK	2026-06-06T12:23:01.2828986Z /usr/bin/tar: ../../../../../usr/local/lib/android/sdk/platforms/android-37.0/data/res/values-mcc310-mnc220-en-rGB: Cannot utime: Operation not permitted
build	Cache Android SDK	2026-06-06T12:23:01.2829453Z /usr/bin/tar: ../../../../../usr/local/lib/android/sdk/platforms/android-37.0/data/res/values-mcc310-mnc220-en-rGB: Cannot change mode to rwxr-xr-x: Operation not permitted
build	Cache Android SDK	2026-06-06T12:23:01.2832156Z /usr/bin/tar: ../../../../../usr/local/lib/android/sdk/platforms/android-37.0/data/res/values-mcc310-mnc950-el: Cannot utime: Operation not permitted
build	Cache Android SDK	2026-06-06T12:23:01.2832617Z /usr/bin/tar: ../../../../../usr/local/lib/android/sdk/platforms/android-37.0/data/res/values-mcc310-mnc950-el: Cannot change mode to rwxr-xr-x: Operation not permitted
build	Cache Android SDK	2026-06-06T12:23:01.2835917Z /usr/bin/tar: ../../../../../usr/local/lib/android/sdk/platforms/android-37.0/data/res/values-mcc310-mnc220-gu: Cannot utime: Operation not permitted
build	Cache Android SDK	2026-06-06T12:23:01.2836451Z /usr/bin/tar: ../../../../../usr/local/lib/android/sdk/platforms/android-37.0/data/res/values-mcc310-mnc220-gu: Cannot change mode to rwxr-xr-x: Operation not permitted
build	Cache Android SDK	2026-06-06T12:23:01.2838537Z /usr/bin/tar: ../../../../../usr/local/lib/android/sdk/platforms/android-37.0/data/res/values-mcc310-mnc590: Cannot utime: Operation not permitted
build	Cache Android SDK	2026-06-06T12:23:01.2839087Z /usr/bin/tar: ../../../../../usr/local/lib/android/sdk/platforms/android-37.0/data/res/values-mcc310-mnc590: Cannot change mode to rwxr-xr-x: Operation not permitted
build	Cache Android SDK	2026-06-06T12:23:01.2841698Z /usr/bin/tar: ../../../../../usr/local/lib/android/sdk/platforms/android-37.0/data/res/values-mcc310-mnc800-tr: Cannot utime: Operation not permitted
build	Cache Android SDK	2026-06-06T12:23:01.2842156Z /usr/bin/tar: ../../../../../usr/local/lib/android/sdk/platforms/android-37.0/data/res/values-mcc310-mnc800-tr: Cannot change mode to rwxr-xr-x: Operation not permitted
build	Cache Android SDK	2026-06-06T12:23:01.2845185Z /usr/bin/tar: ../../../../../usr/local/lib/android/sdk/platforms/android-37.0/data/res/values-mcc310-mnc800-fr-rCA: Cannot utime: Operation not permitted
build	Cache Android SDK	2026-06-06T12:23:01.2845785Z /usr/bin/tar: ../../../../../usr/local/lib/android/sdk/platforms/android-37.0/data/res/values-mcc310-mnc800-fr-rCA: Cannot change mode to rwxr-xr-x: Operation not permitted
build	Cache Android SDK	2026-06-06T12:23:01.2848191Z /usr/bin/tar: ../../../../../usr/local/lib/android/sdk/platforms/android-37.0/data/res/values-mcc310-mnc250-ml: Cannot utime: Operation not permitted
build	Cache Android SDK	2026-06-06T12:23:01.2848650Z /usr/bin/tar: ../../../../../usr/local/lib/android/sdk/platforms/android-37.0/data/res/values-mcc310-mnc250-ml: Cannot change mode to rwxr-xr-x: Operation not permitted
build	Cache Android SDK	2026-06-06T12:23:01.2852147Z /usr/bin/tar: ../../../../../usr/local/lib/android/sdk/platforms/android-37.0/data/res/values-mcc310-mnc220-ar: Cannot utime: Operation not permitted
build	Cache Android SDK	2026-06-06T12:23:01.2852792Z /usr/bin/tar: ../../../../../usr/local/lib/android/sdk/platforms/android-37.0/data/res/values-mcc310-mnc220-ar: Cannot change mode to rwxr-xr-x: Operation not permitted
build	Cache Android SDK	2026-06-06T12:23:01.2854804Z /usr/bin/tar: ../../../../../usr/local/lib/android/sdk/platforms/android-37.0/data/res/values-mcc334-mnc030: Cannot utime: Operation not permitted
build	Cache Android SDK	2026-06-06T12:23:01.2855366Z /usr/bin/tar: ../../../../../usr/local/lib/android/sdk/platforms/android-37.0/data/res/values-mcc334-mnc030: Cannot change mode to rwxr-xr-x: Operation not permitted
build	Cache Android SDK	2026-06-06T12:23:01.2857642Z /usr/bin/tar: ../../../../../usr/local/lib/android/sdk/platforms/android-37.0/data/res/values-mcc312-mnc670-lv: Cannot utime: Operation not permitted
build	Cache Android SDK	2026-06-06T12:23:01.2858204Z /usr/bin/tar: ../../../../../usr/local/lib/android/sdk/platforms/android-37.0/data/res/values-mcc312-mnc670-lv: Cannot change mode to rwxr-xr-x: Operation not permitted
build	Cache Android SDK	2026-06-06T12:23:01.2860644Z /usr/bin/tar: ../../../../../usr/local/lib/android/sdk/platforms/android-37.0/data/res/values-mcc310-mnc220-lo: Cannot utime: Operation not permitted
build	Cache Android SDK	2026-06-06T12:23:01.2861103Z /usr/bin/tar: ../../../../../usr/local/lib/android/sdk/platforms/android-37.0/data/res/values-mcc310-mnc220-lo: Cannot change mode to rwxr-xr-x: Operation not permitted
build	Cache Android SDK	2026-06-06T12:23:01.2864546Z /usr/bin/tar: ../../../../../usr/local/lib/android/sdk/platforms/android-37.0/data/res/values-mcc310-mnc230-pt-rBR: Cannot utime: Operation not permitted
build	Cache Android SDK	2026-06-06T12:23:01.2865048Z /usr/bin/tar: ../../../../../usr/local/lib/android/sdk/platforms/android-37.0/data/res/values-mcc310-mnc230-pt-rBR: Cannot change mode to rwxr-xr-x: Operation not permitted
build	Cache Android SDK	2026-06-06T12:23:01.2869014Z /usr/bin/tar: ../../../../../usr/local/lib/android/sdk/platforms/android-37.0/data/res/values-mcc310-mnc380: Cannot utime: Operation not permitted
build	Cache Android SDK	2026-06-06T12:23:01.2869495Z /usr/bin/tar: ../../../../../usr/local/lib/android/sdk/platforms/android-37.0/data/res/values-mcc310-mnc380: Cannot change mode to rwxr-xr-x: Operation not permitted
build	Cache Android SDK	2026-06-06T12:23:01.2874201Z /usr/bin/tar: ../../../../../usr/local/lib/android/sdk/platforms/android-37.0/data/res/values-mcc310-mnc170-pt: Cannot utime: Operation not permitted
build	Cache Android SDK	2026-06-06T12:23:01.2874784Z /usr/bin/tar: ../../../../../usr/local/lib/android/sdk/platforms/android-37.0/data/res/values-mcc310-mnc170-pt: Cannot change mode to rwxr-xr-x: Operation not permitted
build	Cache Android SDK	2026-06-06T12:23:01.2878274Z /usr/bin/tar: ../../../../../usr/local/lib/android/sdk/platforms/android-37.0/data/res/values-mcc311-mnc180-ne: Cannot utime: Operation not permitted
build	Cache Android SDK	2026-06-06T12:23:01.2878731Z /usr/bin/tar: ../../../../../usr/local/lib/android/sdk/platforms/android-37.0/data/res/values-mcc311-mnc180-ne: Cannot change mode to rwxr-xr-x: Operation not permitted
build	Cache Android SDK	2026-06-06T12:23:01.2882361Z /usr/bin/tar: ../../../../../usr/local/lib/android/sdk/platforms/android-37.0/data/res/values-bs-television: Cannot utime: Operation not permitted
build	Cache Android SDK	2026-06-06T12:23:01.2882823Z /usr/bin/tar: ../../../../../usr/local/lib/android/sdk/platforms/android-37.0/data/res/values-bs-television: Cannot change mode to rwxr-xr-x: Operation not permitted
build	Cache Android SDK	2026-06-06T12:23:01.2888594Z /usr/bin/tar: ../../../../../usr/local/lib/android/sdk/platforms/android-37.0/data/res/values-mcc310-mnc270-ru: Cannot utime: Operation not permitted
build	Cache Android SDK	2026-06-06T12:23:01.2889424Z /usr/bin/tar: ../../../../../usr/local/lib/android/sdk/platforms/android-37.0/data/res/values-mcc310-mnc270-ru: Cannot change mode to rwxr-xr-x: Operation not permitted
build	Cache Android SDK	2026-06-06T12:23:01.2893517Z /usr/bin/tar: ../../../../../usr/local/lib/android/sdk/platforms/android-37.0/data/res/values-mcc310-mnc220-sk: Cannot utime: Operation not permitted
build	Cache Android SDK	2026-06-06T12:23:01.2893996Z /usr/bin/tar: ../../../../../usr/local/lib/android/sdk/platforms/android-37.0/data/res/values-mcc310-mnc220-sk: Cannot change mode to rwxr-xr-x: Operation not permitted
build	Cache Android SDK	2026-06-06T12:23:01.2897681Z /usr/bin/tar: ../../../../../usr/local/lib/android/sdk/platforms/android-37.0/data/res/values-mcc310-mnc150: Cannot utime: Operation not permitted
build	Cache Android SDK	2026-06-06T12:23:01.2898200Z /usr/bin/tar: ../../../../../usr/local/lib/android/sdk/platforms/android-37.0/data/res/values-mcc310-mnc150: Cannot change mode to rwxr-xr-x: Operation not permitted
build	Cache Android SDK	2026-06-06T12:23:01.2905012Z /usr/bin/tar: ../../../../../usr/local/lib/android/sdk/platforms/android-37.0/data/res/values-mcc310-mnc410-sv: Cannot utime: Operation not permitted
build	Cache Android SDK	2026-06-06T12:23:01.2905468Z /usr/bin/tar: ../../../../../usr/local/lib/android/sdk/platforms/android-37.0/data/res/values-mcc310-mnc410-sv: Cannot change mode to rwxr-xr-x: Operation not permitted
build	Cache Android SDK	2026-06-06T12:23:01.2909189Z /usr/bin/tar: ../../../../../usr/local/lib/android/sdk/platforms/android-37.0/data/res/values-mcc310-mnc210-lv: Cannot utime: Operation not permitted
build	Cache Android SDK	2026-06-06T12:23:01.2909810Z /usr/bin/tar: ../../../../../usr/local/lib/android/sdk/platforms/android-37.0/data/res/values-mcc310-mnc210-lv: Cannot change mode to rwxr-xr-x: Operation not permitted
build	Cache Android SDK	2026-06-06T12:23:01.2912786Z /usr/bin/tar: ../../../../../usr/local/lib/android/sdk/platforms/android-37.0/data/res/values-mcc310-mnc280-sv: Cannot utime: Operation not permitted
build	Cache Android SDK	2026-06-06T12:23:01.2913265Z /usr/bin/tar: ../../../../../usr/local/lib/android/sdk/platforms/android-37.0/data/res/values-mcc310-mnc280-sv: Cannot change mode to rwxr-xr-x: Operation not permitted
build	Cache Android SDK	2026-06-06T12:23:01.2916068Z /usr/bin/tar: ../../../../../usr/local/lib/android/sdk/platforms/android-37.0/data/res/values-mcc310-mnc660-ar: Cannot utime: Operation not permitted
build	Cache Android SDK	2026-06-06T12:23:01.2916522Z /usr/bin/tar: ../../../../../usr/local/lib/android/sdk/platforms/android-37.0/data/res/values-mcc310-mnc660-ar: Cannot change mode to rwxr-xr-x: Operation not permitted
build	Cache Android SDK	2026-06-06T12:23:01.2922802Z /usr/bin/tar: ../../../../../usr/local/lib/android/sdk/platforms/android-37.0/data/res/values-sw: Cannot utime: Operation not permitted
build	Cache Android SDK	2026-06-06T12:23:01.2923260Z /usr/bin/tar: ../../../../../usr/local/lib/android/sdk/platforms/android-37.0/data/res/values-sw: Cannot change mode to rwxr-xr-x: Operation not permitted
build	Cache Android SDK	2026-06-06T12:23:01.2927000Z /usr/bin/tar: ../../../../../usr/local/lib/android/sdk/platforms/android-37.0/data/res/values-mcc313-mnc100-ne: Cannot utime: Operation not permitted
build	Cache Android SDK	2026-06-06T12:23:01.2927762Z /usr/bin/tar: ../../../../../usr/local/lib/android/sdk/platforms/android-37.0/data/res/values-mcc313-mnc100-ne: Cannot change mode to rwxr-xr-x: Operation not permitted
build	Cache Android SDK	2026-06-06T12:23:01.2933471Z /usr/bin/tar: ../../../../../usr/local/lib/android/sdk/platforms/android-37.0/data/res/values-mcc310-mnc200-zh-rHK: Cannot utime: Operation not permitted
build	Cache Android SDK	2026-06-06T12:23:01.2933968Z /usr/bin/tar: ../../../../../usr/local/lib/android/sdk/platforms/android-37.0/data/res/values-mcc310-mnc200-zh-rHK: Cannot change mode to rwxr-xr-x: Operation not permitted
build	Cache Android SDK	2026-06-06T12:23:01.2938354Z /usr/bin/tar: ../../../../../usr/local/lib/android/sdk/platforms/android-37.0/data/res/values-mcc310-mnc310-mn: Cannot utime: Operation not permitted
build	Cache Android SDK	2026-06-06T12:23:01.2938819Z /usr/bin/tar: ../../../../../usr/local/lib/android/sdk/platforms/android-37.0/data/res/values-mcc310-mnc310-mn: Cannot change mode to rwxr-xr-x: Operation not permitted
build	Cache Android SDK	2026-06-06T12:23:01.2942177Z /usr/bin/tar: ../../../../../usr/local/lib/android/sdk/platforms/android-37.0/data/res/values-w204dp: Cannot utime: Operation not permitted
build	Cache Android SDK	2026-06-06T12:23:01.2942620Z /usr/bin/tar: ../../../../../usr/local/lib/android/sdk/platforms/android-37.0/data/res/values-w204dp: Cannot change mode to rwxr-xr-x: Operation not permitted
build	Cache Android SDK	2026-06-06T12:23:01.2945289Z /usr/bin/tar: ../../../../../usr/local/lib/android/sdk/platforms/android-37.0/data/res/values-mcc311-mnc180-th: Cannot utime: Operation not permitted
build	Cache Android SDK	2026-06-06T12:23:01.2945749Z /usr/bin/tar: ../../../../../usr/local/lib/android/sdk/platforms/android-37.0/data/res/values-mcc311-mnc180-th: Cannot change mode to rwxr-xr-x: Operation not permitted
build	Cache Android SDK	2026-06-06T12:23:01.2948738Z /usr/bin/tar: ../../../../../usr/local/lib/android/sdk/platforms/android-37.0/data/res/values-mcc311-mnc180-fr-rCA: Cannot utime: Operation not permitted
build	Cache Android SDK	2026-06-06T12:23:01.2949201Z /usr/bin/tar: ../../../../../usr/local/lib/android/sdk/platforms/android-37.0/data/res/values-mcc311-mnc180-fr-rCA: Cannot change mode to rwxr-xr-x: Operation not permitted
build	Cache Android SDK	2026-06-06T12:23:01.2952329Z /usr/bin/tar: ../../../../../usr/local/lib/android/sdk/platforms/android-37.0/data/res/values-sl-rSI: Cannot utime: Operation not permitted
build	Cache Android SDK	2026-06-06T12:23:01.2952761Z /usr/bin/tar: ../../../../../usr/local/lib/android/sdk/platforms/android-37.0/data/res/values-sl-rSI: Cannot change mode to rwxr-xr-x: Operation not permitted
build	Cache Android SDK	2026-06-06T12:23:01.2954949Z /usr/bin/tar: ../../../../../usr/local/lib/android/sdk/platforms/android-37.0/data/res/values-ja-rJP: Cannot utime: Operation not permitted
build	Cache Android SDK	2026-06-06T12:23:01.2955473Z /usr/bin/tar: ../../../../../usr/local/lib/android/sdk/platforms/android-37.0/data/res/values-ja-rJP: Cannot change mode to rwxr-xr-x: Operation not permitted
build	Cache Android SDK	2026-06-06T12:23:01.2958258Z /usr/bin/tar: ../../../../../usr/local/lib/android/sdk/platforms/android-37.0/data/res/values-mcc313-mnc100-uz: Cannot utime: Operation not permitted
build	Cache Android SDK	2026-06-06T12:23:01.2958704Z /usr/bin/tar: ../../../../../usr/local/lib/android/sdk/platforms/android-37.0/data/res/values-mcc313-mnc100-uz: Cannot change mode to rwxr-xr-x: Operation not permitted
build	Cache Android SDK	2026-06-06T12:23:01.2963107Z /usr/bin/tar: ../../../../../usr/local/lib/android/sdk/platforms/android-37.0/data/res/values-mcc310-mnc230-vi: Cannot utime: Operation not permitted
build	Cache Android SDK	2026-06-06T12:23:01.2963570Z /usr/bin/tar: ../../../../../usr/local/lib/android/sdk/platforms/android-37.0/data/res/values-mcc310-mnc230-vi: Cannot change mode to rwxr-xr-x: Operation not permitted
build	Cache Android SDK	2026-06-06T12:23:01.2966730Z /usr/bin/tar: ../../../../../usr/local/lib/android/sdk/platforms/android-37.0/data/res/values-mcc310-mnc560-iw: Cannot utime: Operation not permitted
build	Cache Android SDK	2026-06-06T12:23:01.2967193Z /usr/bin/tar: ../../../../../usr/local/lib/android/sdk/platforms/android-37.0/data/res/values-mcc310-mnc560-iw: Cannot change mode to rwxr-xr-x: Operation not permitted
build	Cache Android SDK	2026-06-06T12:23:01.2970430Z /usr/bin/tar: ../../../../../usr/local/lib/android/sdk/platforms/android-37.0/data/res/values-mcc310-mnc170-sv: Cannot utime: Operation not permitted
build	Cache Android SDK	2026-06-06T12:23:01.2970895Z /usr/bin/tar: ../../../../../usr/local/lib/android/sdk/platforms/android-37.0/data/res/values-mcc310-mnc170-sv: Cannot change mode to rwxr-xr-x: Operation not permitted
build	Cache Android SDK	2026-06-06T12:23:01.2973283Z /usr/bin/tar: ../../../../../usr/local/lib/android/sdk/platforms/android-37.0/data/res/values-mcc310-mnc260: Cannot utime: Operation not permitted
build	Cache Android SDK	2026-06-06T12:23:01.2973734Z /usr/bin/tar: ../../../../../usr/local/lib/android/sdk/platforms/android-37.0/data/res/values-mcc310-mnc260: Cannot change mode to rwxr-xr-x: Operation not permitted
build	Cache Android SDK	2026-06-06T12:23:01.2976796Z /usr/bin/tar: ../../../../../usr/local/lib/android/sdk/platforms/android-37.0/data/res/values-mcc302-mnc720-mr: Cannot utime: Operation not permitted
build	Cache Android SDK	2026-06-06T12:23:01.2977251Z /usr/bin/tar: ../../../../../usr/local/lib/android/sdk/platforms/android-37.0/data/res/values-mcc302-mnc720-mr: Cannot change mode to rwxr-xr-x: Operation not permitted
build	Cache Android SDK	2026-06-06T12:23:01.2980409Z /usr/bin/tar: ../../../../../usr/local/lib/android/sdk/platforms/android-37.0/data/res/values-mcc310-mnc210-lo: Cannot utime: Operation not permitted
build	Cache Android SDK	2026-06-06T12:23:01.2980859Z /usr/bin/tar: ../../../../../usr/local/lib/android/sdk/platforms/android-37.0/data/res/values-mcc310-mnc210-lo: Cannot change mode to rwxr-xr-x: Operation not permitted
build	Cache Android SDK	2026-06-06T12:23:01.2983478Z /usr/bin/tar: ../../../../../usr/local/lib/android/sdk/platforms/android-37.0/data/res/values-mcc310-mnc150-af: Cannot utime: Operation not permitted
build	Cache Android SDK	2026-06-06T12:23:01.2984373Z /usr/bin/tar: ../../../../../usr/local/lib/android/sdk/platforms/android-37.0/data/res/values-mcc310-mnc150-af: Cannot change mode to rwxr-xr-x: Operation not permitted
build	Cache Android SDK	2026-06-06T12:23:01.2988931Z /usr/bin/tar: ../../../../../usr/local/lib/android/sdk/platforms/android-37.0/data/res/layout-car: Cannot utime: Operation not permitted
build	Cache Android SDK	2026-06-06T12:23:01.2989397Z /usr/bin/tar: ../../../../../usr/local/lib/android/sdk/platforms/android-37.0/data/res/layout-car: Cannot change mode to rwxr-xr-x: Operation not permitted
build	Cache Android SDK	2026-06-06T12:23:01.2993224Z /usr/bin/tar: ../../../../../usr/local/lib/android/sdk/platforms/android-37.0/data/res/values-mcc310-mnc270-iw: Cannot utime: Operation not permitted
build	Cache Android SDK	2026-06-06T12:23:01.2993699Z /usr/bin/tar: ../../../../../usr/local/lib/android/sdk/platforms/android-37.0/data/res/values-mcc310-mnc270-iw: Cannot change mode to rwxr-xr-x: Operation not permitted
build	Cache Android SDK	2026-06-06T12:23:01.2996625Z /usr/bin/tar: ../../../../../usr/local/lib/android/sdk/platforms/android-37.0/data/res/values-mcc310-mnc660-ne: Cannot utime: Operation not permitted
build	Cache Android SDK	2026-06-06T12:23:01.2997197Z /usr/bin/tar: ../../../../../usr/local/lib/android/sdk/platforms/android-37.0/data/res/values-mcc310-mnc660-ne: Cannot change mode to rwxr-xr-x: Operation not permitted
build	Cache Android SDK	2026-06-06T12:23:01.3000546Z /usr/bin/tar: ../../../../../usr/local/lib/android/sdk/platforms/android-37.0/data/res/values-sw-rTZ: Cannot utime: Operation not permitted
build	Cache Android SDK	2026-06-06T12:23:01.3000984Z /usr/bin/tar: ../../../../../usr/local/lib/android/sdk/platforms/android-37.0/data/res/values-sw-rTZ: Cannot change mode to rwxr-xr-x: Operation not permitted
build	Cache Android SDK	2026-06-06T12:23:01.3004797Z /usr/bin/tar: ../../../../../usr/local/lib/android/sdk/platforms/android-37.0/data/res/values-mcc310-mnc160-zu: Cannot utime: Operation not permitted
build	Cache Android SDK	2026-06-06T12:23:01.3005253Z /usr/bin/tar: ../../../../../usr/local/lib/android/sdk/platforms/android-37.0/data/res/values-mcc310-mnc160-zu: Cannot change mode to rwxr-xr-x: Operation not permitted
build	Cache Android SDK	2026-06-06T12:23:01.3008825Z /usr/bin/tar: ../../../../../usr/local/lib/android/sdk/platforms/android-37.0/data/res/values-mcc334-mnc020-ne: Cannot utime: Operation not permitted
build	Cache Android SDK	2026-06-06T12:23:01.3009275Z /usr/bin/tar: ../../../../../usr/local/lib/android/sdk/platforms/android-37.0/data/res/values-mcc334-mnc020-ne: Cannot change mode to rwxr-xr-x: Operation not permitted
build	Cache Android SDK	2026-06-06T12:23:01.3012827Z /usr/bin/tar: ../../../../../usr/local/lib/android/sdk/platforms/android-37.0/data/res/values-mcc302-mnc720-ro: Cannot utime: Operation not permitted
build	Cache Android SDK	2026-06-06T12:23:01.3013288Z /usr/bin/tar: ../../../../../usr/local/lib/android/sdk/platforms/android-37.0/data/res/values-mcc302-mnc720-ro: Cannot change mode to rwxr-xr-x: Operation not permitted
build	Cache Android SDK	2026-06-06T12:23:01.3016732Z /usr/bin/tar: ../../../../../usr/local/lib/android/sdk/platforms/android-37.0/data/res/values-mcc310-mnc490-en-rGB: Cannot utime: Operation not permitted
build	Cache Android SDK	2026-06-06T12:23:01.3017214Z /usr/bin/tar: ../../../../../usr/local/lib/android/sdk/platforms/android-37.0/data/res/values-mcc310-mnc490-en-rGB: Cannot change mode to rwxr-xr-x: Operation not permitted
build	Cache Android SDK	2026-06-06T12:23:01.3020391Z /usr/bin/tar: ../../../../../usr/local/lib/android/sdk/platforms/android-37.0/data/res/values-de-rDE: Cannot utime: Operation not permitted
build	Cache Android SDK	2026-06-06T12:23:01.3020822Z /usr/bin/tar: ../../../../../usr/local/lib/android/sdk/platforms/android-37.0/data/res/values-de-rDE: Cannot change mode to rwxr-xr-x: Operation not permitted
build	Cache Android SDK	2026-06-06T12:23:01.3023725Z /usr/bin/tar: ../../../../../usr/local/lib/android/sdk/platforms/android-37.0/data/res/values-mcc334-mnc020-ml: Cannot utime: Operation not permitted
build	Cache Android SDK	2026-06-06T12:23:01.3024189Z /usr/bin/tar: ../../../../../usr/local/lib/android/sdk/platforms/android-37.0/data/res/values-mcc334-mnc020-ml: Cannot change mode to rwxr-xr-x: Operation not permitted
build	Cache Android SDK	2026-06-06T12:23:01.3028208Z /usr/bin/tar: ../../../../../usr/local/lib/android/sdk/platforms/android-37.0/data/res/values-mcc334-mnc020-zh-rCN: Cannot utime: Operation not permitted
build	Cache Android SDK	2026-06-06T12:23:01.3028690Z /usr/bin/tar: ../../../../../usr/local/lib/android/sdk/platforms/android-37.0/data/res/values-mcc334-mnc020-zh-rCN: Cannot change mode to rwxr-xr-x: Operation not permitted
build	Cache Android SDK	2026-06-06T12:23:01.3031655Z /usr/bin/tar: ../../../../../usr/local/lib/android/sdk/platforms/android-37.0/data/res/values-mcc310-mnc150-te: Cannot utime: Operation not permitted
build	Cache Android SDK	2026-06-06T12:23:01.3032112Z /usr/bin/tar: ../../../../../usr/local/lib/android/sdk/platforms/android-37.0/data/res/values-mcc310-mnc150-te: Cannot change mode to rwxr-xr-x: Operation not permitted
build	Cache Android SDK	2026-06-06T12:23:01.3034907Z /usr/bin/tar: ../../../../../usr/local/lib/android/sdk/platforms/android-37.0/data/res/values-mcc310-mnc200-b+sr+Latn: Cannot utime: Operation not permitted
build	Cache Android SDK	2026-06-06T12:23:01.3035390Z /usr/bin/tar: ../../../../../usr/local/lib/android/sdk/platforms/android-37.0/data/res/values-mcc310-mnc200-b+sr+Latn: Cannot change mode to rwxr-xr-x: Operation not permitted
build	Cache Android SDK	2026-06-06T12:23:01.3038749Z /usr/bin/tar: ../../../../../usr/local/lib/android/sdk/platforms/android-37.0/data/res/values-mcc310-mnc150-ml: Cannot utime: Operation not permitted
build	Cache Android SDK	2026-06-06T12:23:01.3039281Z /usr/bin/tar: ../../../../../usr/local/lib/android/sdk/platforms/android-37.0/data/res/values-mcc310-mnc150-ml: Cannot change mode to rwxr-xr-x: Operation not permitted
build	Cache Android SDK	2026-06-06T12:23:01.3041494Z /usr/bin/tar: ../../../../../usr/local/lib/android/sdk/platforms/android-37.0/data/res/values-mcc001-mnc01-ja: Cannot utime: Operation not permitted
build	Cache Android SDK	2026-06-06T12:23:01.3041948Z /usr/bin/tar: ../../../../../usr/local/lib/android/sdk/platforms/android-37.0/data/res/values-mcc001-mnc01-ja: Cannot change mode to rwxr-xr-x: Operation not permitted
build	Cache Android SDK	2026-06-06T12:23:01.3049582Z /usr/bin/tar: ../../../../../usr/local/lib/android/sdk/platforms/android-37.0/data/res/values-mcc310-mnc150-uk: Cannot utime: Operation not permitted
build	Cache Android SDK	2026-06-06T12:23:01.3050148Z /usr/bin/tar: ../../../../../usr/local/lib/android/sdk/platforms/android-37.0/data/res/values-mcc310-mnc150-uk: Cannot change mode to rwxr-xr-x: Operation not permitted
build	Cache Android SDK	2026-06-06T12:23:01.3052714Z /usr/bin/tar: ../../../../../usr/local/lib/android/sdk/platforms/android-37.0/data/res/values-mcc334-mnc020-de: Cannot utime: Operation not permitted
build	Cache Android SDK	2026-06-06T12:23:01.3053265Z /usr/bin/tar: ../../../../../usr/local/lib/android/sdk/platforms/android-37.0/data/res/values-mcc334-mnc020-de: Cannot change mode to rwxr-xr-x: Operation not permitted
build	Cache Android SDK	2026-06-06T12:23:01.3055894Z /usr/bin/tar: ../../../../../usr/local/lib/android/sdk/platforms/android-37.0/data/res/values-mcc310-mnc230-es: Cannot utime: Operation not permitted
build	Cache Android SDK	2026-06-06T12:23:01.3056342Z /usr/bin/tar: ../../../../../usr/local/lib/android/sdk/platforms/android-37.0/data/res/values-mcc310-mnc230-es: Cannot change mode to rwxr-xr-x: Operation not permitted
build	Cache Android SDK	2026-06-06T12:23:01.3061077Z /usr/bin/tar: ../../../../../usr/local/lib/android/sdk/platforms/android-37.0/data/res/values-mcc310-mnc280-fr: Cannot utime: Operation not permitted
build	Cache Android SDK	2026-06-06T12:23:01.3061531Z /usr/bin/tar: ../../../../../usr/local/lib/android/sdk/platforms/android-37.0/data/res/values-mcc310-mnc280-fr: Cannot change mode to rwxr-xr-x: Operation not permitted
build	Cache Android SDK	2026-06-06T12:23:01.3064041Z /usr/bin/tar: ../../../../../usr/local/lib/android/sdk/platforms/android-37.0/data/res/values-mcc302-mnc370-eu: Cannot utime: Operation not permitted
build	Cache Android SDK	2026-06-06T12:23:01.3064494Z /usr/bin/tar: ../../../../../usr/local/lib/android/sdk/platforms/android-37.0/data/res/values-mcc302-mnc370-eu: Cannot change mode to rwxr-xr-x: Operation not permitted
build	Cache Android SDK	2026-06-06T12:23:01.3068789Z /usr/bin/tar: ../../../../../usr/local/lib/android/sdk/platforms/android-37.0/data/res/values-mcc334-mnc020-ja: Cannot utime: Operation not permitted
build	Cache Android SDK	2026-06-06T12:23:01.3069241Z /usr/bin/tar: ../../../../../usr/local/lib/android/sdk/platforms/android-37.0/data/res/values-mcc334-mnc020-ja: Cannot change mode to rwxr-xr-x: Operation not permitted
build	Cache Android SDK	2026-06-06T12:23:01.3072671Z /usr/bin/tar: ../../../../../usr/local/lib/android/sdk/platforms/android-37.0/data/res/values-mcc310-mnc250-my: Cannot utime: Operation not permitted
build	Cache Android SDK	2026-06-06T12:23:01.3073127Z /usr/bin/tar: ../../../../../usr/local/lib/android/sdk/platforms/android-37.0/data/res/values-mcc310-mnc250-my: Cannot change mode to rwxr-xr-x: Operation not permitted
build	Cache Android SDK	2026-06-06T12:23:01.3079411Z /usr/bin/tar: ../../../../../usr/local/lib/android/sdk/platforms/android-37.0/data/res/values-mcc310-mnc380-b+sr+Latn: Cannot utime: Operation not permitted
build	Cache Android SDK	2026-06-06T12:23:01.3080286Z /usr/bin/tar: ../../../../../usr/local/lib/android/sdk/platforms/android-37.0/data/res/values-mcc310-mnc380-b+sr+Latn: Cannot change mode to rwxr-xr-x: Operation not permitted
build	Cache Android SDK	2026-06-06T12:23:01.3082874Z /usr/bin/tar: ../../../../../usr/local/lib/android/sdk/platforms/android-37.0/data/res/values-de-feminine: Cannot utime: Operation not permitted
build	Cache Android SDK	2026-06-06T12:23:01.3083320Z /usr/bin/tar: ../../../../../usr/local/lib/android/sdk/platforms/android-37.0/data/res/values-de-feminine: Cannot change mode to rwxr-xr-x: Operation not permitted
build	Cache Android SDK	2026-06-06T12:23:01.3086251Z /usr/bin/tar: ../../../../../usr/local/lib/android/sdk/platforms/android-37.0/data/res/values-mcc405: Cannot utime: Operation not permitted
build	Cache Android SDK	2026-06-06T12:23:01.3086856Z /usr/bin/tar: ../../../../../usr/local/lib/android/sdk/platforms/android-37.0/data/res/values-mcc405: Cannot change mode to rwxr-xr-x: Operation not permitted
build	Cache Android SDK	2026-06-06T12:23:01.3090272Z /usr/bin/tar: ../../../../../usr/local/lib/android/sdk/platforms/android-37.0/data/res/values-mcc310-mnc560-km: Cannot utime: Operation not permitted
build	Cache Android SDK	2026-06-06T12:23:01.3090759Z /usr/bin/tar: ../../../../../usr/local/lib/android/sdk/platforms/android-37.0/data/res/values-mcc310-mnc560-km: Cannot change mode to rwxr-xr-x: Operation not permitted
build	Cache Android SDK	2026-06-06T12:23:01.3096734Z /usr/bin/tar: ../../../../../usr/local/lib/android/sdk/platforms/android-37.0/data/res/values-is: Cannot utime: Operation not permitted
build	Cache Android SDK	2026-06-06T12:23:01.3097691Z /usr/bin/tar: ../../../../../usr/local/lib/android/sdk/platforms/android-37.0/data/res/values-is: Cannot change mode to rwxr-xr-x: Operation not permitted
build	Cache Android SDK	2026-06-06T12:23:01.3100979Z /usr/bin/tar: ../../../../../usr/local/lib/android/sdk/platforms/android-37.0/data/res/values-es-rUS-neuter: Cannot utime: Operation not permitted
build	Cache Android SDK	2026-06-06T12:23:01.3101445Z /usr/bin/tar: ../../../../../usr/local/lib/android/sdk/platforms/android-37.0/data/res/values-es-rUS-neuter: Cannot change mode to rwxr-xr-x: Operation not permitted
build	Cache Android SDK	2026-06-06T12:23:01.3104439Z /usr/bin/tar: ../../../../../usr/local/lib/android/sdk/platforms/android-37.0/data/res/values-mcc334-mnc020-it: Cannot utime: Operation not permitted
build	Cache Android SDK	2026-06-06T12:23:01.3104925Z /usr/bin/tar: ../../../../../usr/local/lib/android/sdk/platforms/android-37.0/data/res/values-mcc334-mnc020-it: Cannot change mode to rwxr-xr-x: Operation not permitted
build	Cache Android SDK	2026-06-06T12:23:01.3110454Z /usr/bin/tar: ../../../../../usr/local/lib/android/sdk/platforms/android-37.0/data/res/values-mcc310-mnc230-nl: Cannot utime: Operation not permitted
build	Cache Android SDK	2026-06-06T12:23:01.3110972Z /usr/bin/tar: ../../../../../usr/local/lib/android/sdk/platforms/android-37.0/data/res/values-mcc310-mnc230-nl: Cannot change mode to rwxr-xr-x: Operation not permitted
build	Cache Android SDK	2026-06-06T12:23:01.3114582Z /usr/bin/tar: ../../../../../usr/local/lib/android/sdk/platforms/android-37.0/data/res/values-mcc310-mnc800-vi: Cannot utime: Operation not permitted
build	Cache Android SDK	2026-06-06T12:23:01.3115036Z /usr/bin/tar: ../../../../../usr/local/lib/android/sdk/platforms/android-37.0/data/res/values-mcc310-mnc800-vi: Cannot change mode to rwxr-xr-x: Operation not permitted
build	Cache Android SDK	2026-06-06T12:23:01.3118454Z /usr/bin/tar: ../../../../../usr/local/lib/android/sdk/platforms/android-37.0/data/res/values-ta-television: Cannot utime: Operation not permitted
build	Cache Android SDK	2026-06-06T12:23:01.3118980Z /usr/bin/tar: ../../../../../usr/local/lib/android/sdk/platforms/android-37.0/data/res/values-ta-television: Cannot change mode to rwxr-xr-x: Operation not permitted
build	Cache Android SDK	2026-06-06T12:23:01.3123628Z /usr/bin/tar: ../../../../../usr/local/lib/android/sdk/platforms/android-37.0/data/res/values-mcc302-mnc370-bs: Cannot utime: Operation not permitted
build	Cache Android SDK	2026-06-06T12:23:01.3124091Z /usr/bin/tar: ../../../../../usr/local/lib/android/sdk/platforms/android-37.0/data/res/values-mcc302-mnc370-bs: Cannot change mode to rwxr-xr-x: Operation not permitted
build	Cache Android SDK	2026-06-06T12:23:01.3128903Z /usr/bin/tar: ../../../../../usr/local/lib/android/sdk/platforms/android-37.0/data/res/values-sw600dp: Cannot utime: Operation not permitted
build	Cache Android SDK	2026-06-06T12:23:01.3129330Z /usr/bin/tar: ../../../../../usr/local/lib/android/sdk/platforms/android-37.0/data/res/values-sw600dp: Cannot change mode to rwxr-xr-x: Operation not permitted
build	Cache Android SDK	2026-06-06T12:23:01.3132005Z /usr/bin/tar: ../../../../../usr/local/lib/android/sdk/platforms/android-37.0/data/res/values-mcc310-mnc490-pl: Cannot utime: Operation not permitted
build	Cache Android SDK	2026-06-06T12:23:01.3132482Z /usr/bin/tar: ../../../../../usr/local/lib/android/sdk/platforms/android-37.0/data/res/values-mcc310-mnc490-pl: Cannot change mode to rwxr-xr-x: Operation not permitted
build	Cache Android SDK	2026-06-06T12:23:01.3135674Z /usr/bin/tar: ../../../../../usr/local/lib/android/sdk/platforms/android-37.0/data/res/values-mcc313-mnc100-da: Cannot utime: Operation not permitted
build	Cache Android SDK	2026-06-06T12:23:01.3136272Z /usr/bin/tar: ../../../../../usr/local/lib/android/sdk/platforms/android-37.0/data/res/values-mcc313-mnc100-da: Cannot change mode to rwxr-xr-x: Operation not permitted
build	Cache Android SDK	2026-06-06T12:23:01.3138890Z /usr/bin/tar: ../../../../../usr/local/lib/android/sdk/platforms/android-37.0/data/res/values-mcc313-mnc100-ta: Cannot utime: Operation not permitted
build	Cache Android SDK	2026-06-06T12:23:01.3139377Z /usr/bin/tar: ../../../../../usr/local/lib/android/sdk/platforms/android-37.0/data/res/values-mcc313-mnc100-ta: Cannot change mode to rwxr-xr-x: Operation not permitted
build	Cache Android SDK	2026-06-06T12:23:01.3142251Z /usr/bin/tar: ../../../../../usr/local/lib/android/sdk/platforms/android-37.0/data/res/values-mcc310-mnc220-sq: Cannot utime: Operation not permitted
build	Cache Android SDK	2026-06-06T12:23:01.3142796Z /usr/bin/tar: ../../../../../usr/local/lib/android/sdk/platforms/android-37.0/data/res/values-mcc310-mnc220-sq: Cannot change mode to rwxr-xr-x: Operation not permitted
build	Cache Android SDK	2026-06-06T12:23:01.3145655Z /usr/bin/tar: ../../../../../usr/local/lib/android/sdk/platforms/android-37.0/data/res/values-mcc310-mnc250-zh-rCN: Cannot utime: Operation not permitted
build	Cache Android SDK	2026-06-06T12:23:01.3146156Z /usr/bin/tar: ../../../../../usr/local/lib/android/sdk/platforms/android-37.0/data/res/values-mcc310-mnc250-zh-rCN: Cannot change mode to rwxr-xr-x: Operation not permitted
build	Cache Android SDK	2026-06-06T12:23:01.3149116Z /usr/bin/tar: ../../../../../usr/local/lib/android/sdk/platforms/android-37.0/data/res/values-mcc310-mnc150-gu: Cannot utime: Operation not permitted
build	Cache Android SDK	2026-06-06T12:23:01.3149921Z /usr/bin/tar: ../../../../../usr/local/lib/android/sdk/platforms/android-37.0/data/res/values-mcc310-mnc150-gu: Cannot change mode to rwxr-xr-x: Operation not permitted
build	Cache Android SDK	2026-06-06T12:23:01.3152928Z /usr/bin/tar: ../../../../../usr/local/lib/android/sdk/platforms/android-37.0/data/res/values-mcc310-mnc230-si: Cannot utime: Operation not permitted
build	Cache Android SDK	2026-06-06T12:23:01.3153388Z /usr/bin/tar: ../../../../../usr/local/lib/android/sdk/platforms/android-37.0/data/res/values-mcc310-mnc230-si: Cannot change mode to rwxr-xr-x: Operation not permitted
build	Cache Android SDK	2026-06-06T12:23:01.3156780Z /usr/bin/tar: ../../../../../usr/local/lib/android/sdk/platforms/android-37.0/data/res/values-mcc311-mnc180-ar: Cannot utime: Operation not permitted
build	Cache Android SDK	2026-06-06T12:23:01.3157240Z /usr/bin/tar: ../../../../../usr/local/lib/android/sdk/platforms/android-37.0/data/res/values-mcc311-mnc180-ar: Cannot change mode to rwxr-xr-x: Operation not permitted
build	Cache Android SDK	2026-06-06T12:23:01.3160123Z /usr/bin/tar: ../../../../../usr/local/lib/android/sdk/platforms/android-37.0/data/res/values-mcc310-mnc800-ca: Cannot utime: Operation not permitted
build	Cache Android SDK	2026-06-06T12:23:01.3160588Z /usr/bin/tar: ../../../../../usr/local/lib/android/sdk/platforms/android-37.0/data/res/values-mcc310-mnc800-ca: Cannot change mode to rwxr-xr-x: Operation not permitted
build	Cache Android SDK	2026-06-06T12:23:01.3163469Z /usr/bin/tar: ../../../../../usr/local/lib/android/sdk/platforms/android-37.0/data/res/values-mcc310-mnc560-as: Cannot utime: Operation not permitted
build	Cache Android SDK	2026-06-06T12:23:01.3164066Z /usr/bin/tar: ../../../../../usr/local/lib/android/sdk/platforms/android-37.0/data/res/values-mcc310-mnc560-as: Cannot change mode to rwxr-xr-x: Operation not permitted
build	Cache Android SDK	2026-06-06T12:23:01.3166898Z /usr/bin/tar: ../../../../../usr/local/lib/android/sdk/platforms/android-37.0/data/res/values-mcc310-mnc310-zh-rCN: Cannot utime: Operation not permitted
build	Cache Android SDK	2026-06-06T12:23:01.3167636Z /usr/bin/tar: ../../../../../usr/local/lib/android/sdk/platforms/android-37.0/data/res/values-mcc310-mnc310-zh-rCN: Cannot change mode to rwxr-xr-x: Operation not permitted
build	Cache Android SDK	2026-06-06T12:23:01.3169846Z /usr/bin/tar: ../../../../../usr/local/lib/android/sdk/platforms/android-37.0/data/res/values-mcc310-mnc800-gl: Cannot utime: Operation not permitted
build	Cache Android SDK	2026-06-06T12:23:01.3170301Z /usr/bin/tar: ../../../../../usr/local/lib/android/sdk/platforms/android-37.0/data/res/values-mcc310-mnc800-gl: Cannot change mode to rwxr-xr-x: Operation not permitted
build	Cache Android SDK	2026-06-06T12:23:01.3173116Z /usr/bin/tar: ../../../../../usr/local/lib/android/sdk/platforms/android-37.0/data/res/values-mcc310-mnc240-si: Cannot utime: Operation not permitted
build	Cache Android SDK	2026-06-06T12:23:01.3173602Z /usr/bin/tar: ../../../../../usr/local/lib/android/sdk/platforms/android-37.0/data/res/values-mcc310-mnc240-si: Cannot change mode to rwxr-xr-x: Operation not permitted
build	Cache Android SDK	2026-06-06T12:23:01.3177208Z /usr/bin/tar: ../../../../../usr/local/lib/android/sdk/platforms/android-37.0/data/res/values-mcc313-mnc100-en-rAU: Cannot utime: Operation not permitted
build	Cache Android SDK	2026-06-06T12:23:01.3178012Z /usr/bin/tar: ../../../../../usr/local/lib/android/sdk/platforms/android-37.0/data/res/values-mcc313-mnc100-en-rAU: Cannot change mode to rwxr-xr-x: Operation not permitted
build	Cache Android SDK	2026-06-06T12:23:01.3180961Z /usr/bin/tar: ../../../../../usr/local/lib/android/sdk/platforms/android-37.0/data/res/values-mcc310-mnc280-sk: Cannot utime: Operation not permitted
build	Cache Android SDK	2026-06-06T12:23:01.3181471Z /usr/bin/tar: ../../../../../usr/local/lib/android/sdk/platforms/android-37.0/data/res/values-mcc310-mnc280-sk: Cannot change mode to rwxr-xr-x: Operation not permitted
build	Cache Android SDK	2026-06-06T12:23:01.3188125Z /usr/bin/tar: ../../../../../usr/local/lib/android/sdk/platforms/android-37.0/data/res/values-mcc310-mnc170-or: Cannot utime: Operation not permitted
build	Cache Android SDK	2026-06-06T12:23:01.3188577Z /usr/bin/tar: ../../../../../usr/local/lib/android/sdk/platforms/android-37.0/data/res/values-mcc310-mnc170-or: Cannot change mode to rwxr-xr-x: Operation not permitted
build	Cache Android SDK	2026-06-06T12:23:01.3192032Z /usr/bin/tar: ../../../../../usr/local/lib/android/sdk/platforms/android-37.0/data/res/values-mcc310-mnc200-ko: Cannot utime: Operation not permitted
build	Cache Android SDK	2026-06-06T12:23:01.3192497Z /usr/bin/tar: ../../../../../usr/local/lib/android/sdk/platforms/android-37.0/data/res/values-mcc310-mnc200-ko: Cannot change mode to rwxr-xr-x: Operation not permitted
build	Cache Android SDK	2026-06-06T12:23:01.3196186Z /usr/bin/tar: ../../../../../usr/local/lib/android/sdk/platforms/android-37.0/data/res/values-mcc310-mnc270-b+sr+Latn: Cannot utime: Operation not permitted
build	Cache Android SDK	2026-06-06T12:23:01.3196690Z /usr/bin/tar: ../../../../../usr/local/lib/android/sdk/platforms/android-37.0/data/res/values-mcc310-mnc270-b+sr+Latn: Cannot change mode to rwxr-xr-x: Operation not permitted
build	Cache Android SDK	2026-06-06T12:23:01.3199800Z /usr/bin/tar: ../../../../../usr/local/lib/android/sdk/platforms/android-37.0/data/res/values-uz-television: Cannot utime: Operation not permitted
build	Cache Android SDK	2026-06-06T12:23:01.3200472Z /usr/bin/tar: ../../../../../usr/local/lib/android/sdk/platforms/android-37.0/data/res/values-uz-television: Cannot change mode to rwxr-xr-x: Operation not permitted
build	Cache Android SDK	2026-06-06T12:23:01.3206668Z /usr/bin/tar: ../../../../../usr/local/lib/android/sdk/platforms/android-37.0/data/res/values-mcc310-mnc030-tr: Cannot utime: Operation not permitted
build	Cache Android SDK	2026-06-06T12:23:01.3207194Z /usr/bin/tar: ../../../../../usr/local/lib/android/sdk/platforms/android-37.0/data/res/values-mcc310-mnc030-tr: Cannot change mode to rwxr-xr-x: Operation not permitted
build	Cache Android SDK	2026-06-06T12:23:01.3210220Z /usr/bin/tar: ../../../../../usr/local/lib/android/sdk/platforms/android-37.0/data/res/values-vi-television: Cannot utime: Operation not permitted
build	Cache Android SDK	2026-06-06T12:23:01.3210796Z /usr/bin/tar: ../../../../../usr/local/lib/android/sdk/platforms/android-37.0/data/res/values-vi-television: Cannot change mode to rwxr-xr-x: Operation not permitted
build	Cache Android SDK	2026-06-06T12:23:01.3213737Z /usr/bin/tar: ../../../../../usr/local/lib/android/sdk/platforms/android-37.0/data/res/values-mcc310-mnc800-sv: Cannot utime: Operation not permitted
build	Cache Android SDK	2026-06-06T12:23:01.3214338Z /usr/bin/tar: ../../../../../usr/local/lib/android/sdk/platforms/android-37.0/data/res/values-mcc310-mnc800-sv: Cannot change mode to rwxr-xr-x: Operation not permitted
build	Cache Android SDK	2026-06-06T12:23:01.3217094Z /usr/bin/tar: ../../../../../usr/local/lib/android/sdk/platforms/android-37.0/data/res/values-mcc001-mnc01-mn: Cannot utime: Operation not permitted
build	Cache Android SDK	2026-06-06T12:23:01.3217716Z /usr/bin/tar: ../../../../../usr/local/lib/android/sdk/platforms/android-37.0/data/res/values-mcc001-mnc01-mn: Cannot change mode to rwxr-xr-x: Operation not permitted
build	Cache Android SDK	2026-06-06T12:23:01.3220566Z /usr/bin/tar: ../../../../../usr/local/lib/android/sdk/platforms/android-37.0/data/res/values-mcc001-mnc01-sk: Cannot utime: Operation not permitted
build	Cache Android SDK	2026-06-06T12:23:01.3221030Z /usr/bin/tar: ../../../../../usr/local/lib/android/sdk/platforms/android-37.0/data/res/values-mcc001-mnc01-sk: Cannot change mode to rwxr-xr-x: Operation not permitted
build	Cache Android SDK	2026-06-06T12:23:01.3223774Z /usr/bin/tar: ../../../../../usr/local/lib/android/sdk/platforms/android-37.0/data/res/values-mcc311-mnc180-ko: Cannot utime: Operation not permitted
build	Cache Android SDK	2026-06-06T12:23:01.3224243Z /usr/bin/tar: ../../../../../usr/local/lib/android/sdk/platforms/android-37.0/data/res/values-mcc311-mnc180-ko: Cannot change mode to rwxr-xr-x: Operation not permitted
build	Cache Android SDK	2026-06-06T12:23:01.3227969Z /usr/bin/tar: ../../../../../usr/local/lib/android/sdk/platforms/android-37.0/data/res/raw-fi: Cannot utime: Operation not permitted
build	Cache Android SDK	2026-06-06T12:23:01.3228382Z /usr/bin/tar: ../../../../../usr/local/lib/android/sdk/platforms/android-37.0/data/res/raw-fi: Cannot change mode to rwxr-xr-x: Operation not permitted
build	Cache Android SDK	2026-06-06T12:23:01.3231043Z /usr/bin/tar: ../../../../../usr/local/lib/android/sdk/platforms/android-37.0/data/res/values-mcc313-mnc100-gu: Cannot utime: Operation not permitted
build	Cache Android SDK	2026-06-06T12:23:01.3231532Z /usr/bin/tar: ../../../../../usr/local/lib/android/sdk/platforms/android-37.0/data/res/values-mcc313-mnc100-gu: Cannot change mode to rwxr-xr-x: Operation not permitted
build	Cache Android SDK	2026-06-06T12:23:01.3234354Z /usr/bin/tar: ../../../../../usr/local/lib/android/sdk/platforms/android-37.0/data/res/values-mcc310-mnc240-lv: Cannot utime: Operation not permitted
build	Cache Android SDK	2026-06-06T12:23:01.3234830Z /usr/bin/tar: ../../../../../usr/local/lib/android/sdk/platforms/android-37.0/data/res/values-mcc310-mnc240-lv: Cannot change mode to rwxr-xr-x: Operation not permitted
build	Cache Android SDK	2026-06-06T12:23:01.3238724Z /usr/bin/tar: ../../../../../usr/local/lib/android/sdk/platforms/android-37.0/data/res/values-mcc310-mnc280-zh-rCN: Cannot utime: Operation not permitted
build	Cache Android SDK	2026-06-06T12:23:01.3239269Z /usr/bin/tar: ../../../../../usr/local/lib/android/sdk/platforms/android-37.0/data/res/values-mcc310-mnc280-zh-rCN: Cannot change mode to rwxr-xr-x: Operation not permitted
build	Cache Android SDK	2026-06-06T12:23:01.3242491Z /usr/bin/tar: ../../../../../usr/local/lib/android/sdk/platforms/android-37.0/data/res/values-mcc334-mnc020-fr-rCA-neuter: Cannot utime: Operation not permitted
build	Cache Android SDK	2026-06-06T12:23:01.3243206Z /usr/bin/tar: ../../../../../usr/local/lib/android/sdk/platforms/android-37.0/data/res/values-mcc334-mnc020-fr-rCA-neuter: Cannot change mode to rwxr-xr-x: Operation not permitted
build	Cache Android SDK	2026-06-06T12:23:01.3246597Z /usr/bin/tar: ../../../../../usr/local/lib/android/sdk/platforms/android-37.0/data/res/values-en-rNZ: Cannot utime: Operation not permitted
build	Cache Android SDK	2026-06-06T12:23:01.3247066Z /usr/bin/tar: ../../../../../usr/local/lib/android/sdk/platforms/android-37.0/data/res/values-en-rNZ: Cannot change mode to rwxr-xr-x: Operation not permitted
build	Cache Android SDK	2026-06-06T12:23:01.3250427Z /usr/bin/tar: ../../../../../usr/local/lib/android/sdk/platforms/android-37.0/data/res/values-mcc310-mnc240-fr: Cannot utime: Operation not permitted
build	Cache Android SDK	2026-06-06T12:23:01.3250998Z /usr/bin/tar: ../../../../../usr/local/lib/android/sdk/platforms/android-37.0/data/res/values-mcc310-mnc240-fr: Cannot change mode to rwxr-xr-x: Operation not permitted
build	Cache Android SDK	2026-06-06T12:23:01.3253827Z /usr/bin/tar: ../../../../../usr/local/lib/android/sdk/platforms/android-37.0/data/res/values-mcc310-mnc250-si: Cannot utime: Operation not permitted
build	Cache Android SDK	2026-06-06T12:23:01.3254384Z /usr/bin/tar: ../../../../../usr/local/lib/android/sdk/platforms/android-37.0/data/res/values-mcc310-mnc250-si: Cannot change mode to rwxr-xr-x: Operation not permitted
build	Cache Android SDK	2026-06-06T12:23:01.3256791Z /usr/bin/tar: ../../../../../usr/local/lib/android/sdk/platforms/android-37.0/data/res/values-mcc310-mnc170-ja: Cannot utime: Operation not permitted
build	Cache Android SDK	2026-06-06T12:23:01.3257702Z /usr/bin/tar: ../../../../../usr/local/lib/android/sdk/platforms/android-37.0/data/res/values-mcc310-mnc170-ja: Cannot change mode to rwxr-xr-x: Operation not permitted
build	Cache Android SDK	2026-06-06T12:23:01.3260113Z /usr/bin/tar: ../../../../../usr/local/lib/android/sdk/platforms/android-37.0/data/res/values-mcc302-mnc720-hu: Cannot utime: Operation not permitted
build	Cache Android SDK	2026-06-06T12:23:01.3260596Z /usr/bin/tar: ../../../../../usr/local/lib/android/sdk/platforms/android-37.0/data/res/values-mcc302-mnc720-hu: Cannot change mode to rwxr-xr-x: Operation not permitted
build	Cache Android SDK	2026-06-06T12:23:01.3263143Z /usr/bin/tar: ../../../../../usr/local/lib/android/sdk/platforms/android-37.0/data/res/values-mcc310-mnc160-zh-rTW: Cannot utime: Operation not permitted
build	Cache Android SDK	2026-06-06T12:23:01.3263619Z /usr/bin/tar: ../../../../../usr/local/lib/android/sdk/platforms/android-37.0/data/res/values-mcc310-mnc160-zh-rTW: Cannot change mode to rwxr-xr-x: Operation not permitted
build	Cache Android SDK	2026-06-06T12:23:01.3266923Z /usr/bin/tar: ../../../../../usr/local/lib/android/sdk/platforms/android-37.0/data/res/values-mcc310-mnc310-gl: Cannot utime: Operation not permitted
build	Cache Android SDK	2026-06-06T12:23:01.3267618Z /usr/bin/tar: ../../../../../usr/local/lib/android/sdk/platforms/android-37.0/data/res/values-mcc310-mnc310-gl: Cannot change mode to rwxr-xr-x: Operation not permitted
build	Cache Android SDK	2026-06-06T12:23:01.3270984Z /usr/bin/tar: ../../../../../usr/local/lib/android/sdk/platforms/android-37.0/data/res/values-mcc310-mnc030-hr: Cannot utime: Operation not permitted
build	Cache Android SDK	2026-06-06T12:23:01.3271449Z /usr/bin/tar: ../../../../../usr/local/lib/android/sdk/platforms/android-37.0/data/res/values-mcc310-mnc030-hr: Cannot change mode to rwxr-xr-x: Operation not permitted
build	Cache Android SDK	2026-06-06T12:23:01.3274910Z /usr/bin/tar: ../../../../../usr/local/lib/android/sdk/platforms/android-37.0/data/res/values-mcc310-mnc280-ka: Cannot utime: Operation not permitted
build	Cache Android SDK	2026-06-06T12:23:01.3275373Z /usr/bin/tar: ../../../../../usr/local/lib/android/sdk/platforms/android-37.0/data/res/values-mcc310-mnc280-ka: Cannot change mode to rwxr-xr-x: Operation not permitted
build	Cache Android SDK	2026-06-06T12:23:01.3278195Z /usr/bin/tar: ../../../../../usr/local/lib/android/sdk/platforms/android-37.0/data/res/values-mcc310-mnc950-te: Cannot utime: Operation not permitted
build	Cache Android SDK	2026-06-06T12:23:01.3278672Z /usr/bin/tar: ../../../../../usr/local/lib/android/sdk/platforms/android-37.0/data/res/values-mcc310-mnc950-te: Cannot change mode to rwxr-xr-x: Operation not permitted
build	Cache Android SDK	2026-06-06T12:23:01.3282372Z /usr/bin/tar: ../../../../../usr/local/lib/android/sdk/platforms/android-37.0/data/res/values-mcc302-mnc720-ka: Cannot utime: Operation not permitted
build	Cache Android SDK	2026-06-06T12:23:01.3282968Z /usr/bin/tar: ../../../../../usr/local/lib/android/sdk/platforms/android-37.0/data/res/values-mcc302-mnc720-ka: Cannot change mode to rwxr-xr-x: Operation not permitted
build	Cache Android SDK	2026-06-06T12:23:01.3285562Z /usr/bin/tar: ../../../../../usr/local/lib/android/sdk/platforms/android-37.0/data/res/values-mcc310-mnc210-pt: Cannot utime: Operation not permitted
build	Cache Android SDK	2026-06-06T12:23:01.3286088Z /usr/bin/tar: ../../../../../usr/local/lib/android/sdk/platforms/android-37.0/data/res/values-mcc310-mnc210-pt: Cannot change mode to rwxr-xr-x: Operation not permitted
build	Cache Android SDK	2026-06-06T12:23:01.3289259Z /usr/bin/tar: ../../../../../usr/local/lib/android/sdk/platforms/android-37.0/data/res/values-mcc310-mnc250-b+sr+Latn: Cannot utime: Operation not permitted
build	Cache Android SDK	2026-06-06T12:23:01.3289745Z /usr/bin/tar: ../../../../../usr/local/lib/android/sdk/platforms/android-37.0/data/res/values-mcc310-mnc250-b+sr+Latn: Cannot change mode to rwxr-xr-x: Operation not permitted
build	Cache Android SDK	2026-06-06T12:23:01.3292671Z /usr/bin/tar: ../../../../../usr/local/lib/android/sdk/platforms/android-37.0/data/res/values-mcc310-mnc380-iw: Cannot utime: Operation not permitted
build	Cache Android SDK	2026-06-06T12:23:01.3293220Z /usr/bin/tar: ../../../../../usr/local/lib/android/sdk/platforms/android-37.0/data/res/values-mcc310-mnc380-iw: Cannot change mode to rwxr-xr-x: Operation not permitted
build	Cache Android SDK	2026-06-06T12:23:01.3295654Z /usr/bin/tar: ../../../../../usr/local/lib/android/sdk/platforms/android-37.0/data/res/values-mcc732-mnc123: Cannot utime: Operation not permitted
build	Cache Android SDK	2026-06-06T12:23:01.3296237Z /usr/bin/tar: ../../../../../usr/local/lib/android/sdk/platforms/android-37.0/data/res/values-mcc732-mnc123: Cannot change mode to rwxr-xr-x: Operation not permitted
build	Cache Android SDK	2026-06-06T12:23:01.3300383Z /usr/bin/tar: ../../../../../usr/local/lib/android/sdk/platforms/android-37.0/data/res/values-mcc302-mnc370-cs: Cannot utime: Operation not permitted
build	Cache Android SDK	2026-06-06T12:23:01.3300911Z /usr/bin/tar: ../../../../../usr/local/lib/android/sdk/platforms/android-37.0/data/res/values-mcc302-mnc370-cs: Cannot change mode to rwxr-xr-x: Operation not permitted
build	Cache Android SDK	2026-06-06T12:23:01.3303403Z /usr/bin/tar: ../../../../../usr/local/lib/android/sdk/platforms/android-37.0/data/res/values-mcc311-mnc180-sr: Cannot utime: Operation not permitted
build	Cache Android SDK	2026-06-06T12:23:01.3303872Z /usr/bin/tar: ../../../../../usr/local/lib/android/sdk/platforms/android-37.0/data/res/values-mcc311-mnc180-sr: Cannot change mode to rwxr-xr-x: Operation not permitted
build	Cache Android SDK	2026-06-06T12:23:01.3310218Z /usr/bin/tar: ../../../../../usr/local/lib/android/sdk/platforms/android-37.0/data/res/values-mcc302-mnc370-ur: Cannot utime: Operation not permitted
build	Cache Android SDK	2026-06-06T12:23:01.3310835Z /usr/bin/tar: ../../../../../usr/local/lib/android/sdk/platforms/android-37.0/data/res/values-mcc302-mnc370-ur: Cannot change mode to rwxr-xr-x: Operation not permitted
build	Cache Android SDK	2026-06-06T12:23:01.3313518Z /usr/bin/tar: ../../../../../usr/local/lib/android/sdk/platforms/android-37.0/data/res/values-mcc310-mnc230-kk: Cannot utime: Operation not permitted
build	Cache Android SDK	2026-06-06T12:23:01.3313987Z /usr/bin/tar: ../../../../../usr/local/lib/android/sdk/platforms/android-37.0/data/res/values-mcc310-mnc230-kk: Cannot change mode to rwxr-xr-x: Operation not permitted
build	Cache Android SDK	2026-06-06T12:23:01.3316525Z /usr/bin/tar: ../../../../../usr/local/lib/android/sdk/platforms/android-37.0/data/res/values-mcc310-mnc490-eu: Cannot utime: Operation not permitted
build	Cache Android SDK	2026-06-06T12:23:01.3316983Z /usr/bin/tar: ../../../../../usr/local/lib/android/sdk/platforms/android-37.0/data/res/values-mcc310-mnc490-eu: Cannot change mode to rwxr-xr-x: Operation not permitted
build	Cache Android SDK	2026-06-06T12:23:01.3321370Z /usr/bin/tar: ../../../../../usr/local/lib/android/sdk/platforms/android-37.0/data/res/values-mcc310-mnc170-az: Cannot utime: Operation not permitted
build	Cache Android SDK	2026-06-06T12:23:01.3321842Z /usr/bin/tar: ../../../../../usr/local/lib/android/sdk/platforms/android-37.0/data/res/values-mcc310-mnc170-az: Cannot change mode to rwxr-xr-x: Operation not permitted
build	Cache Android SDK	2026-06-06T12:23:01.3325638Z /usr/bin/tar: ../../../../../usr/local/lib/android/sdk/platforms/android-37.0/data/res/values-mcc311-mnc480: Cannot utime: Operation not permitted
build	Cache Android SDK	2026-06-06T12:23:01.3326312Z /usr/bin/tar: ../../../../../usr/local/lib/android/sdk/platforms/android-37.0/data/res/values-mcc311-mnc480: Cannot change mode to rwxr-xr-x: Operation not permitted
build	Cache Android SDK	2026-06-06T12:23:01.3329591Z /usr/bin/tar: ../../../../../usr/local/lib/android/sdk/platforms/android-37.0/data/res/values-mcc310-mnc250-sw: Cannot utime: Operation not permitted
build	Cache Android SDK	2026-06-06T12:23:01.3330059Z /usr/bin/tar: ../../../../../usr/local/lib/android/sdk/platforms/android-37.0/data/res/values-mcc310-mnc250-sw: Cannot change mode to rwxr-xr-x: Operation not permitted
build	Cache Android SDK	2026-06-06T12:23:01.3337054Z /usr/bin/tar: ../../../../../usr/local/lib/android/sdk/platforms/android-37.0/data/res/values-gl: Cannot utime: Operation not permitted
build	Cache Android SDK	2026-06-06T12:23:01.3337926Z /usr/bin/tar: ../../../../../usr/local/lib/android/sdk/platforms/android-37.0/data/res/values-gl: Cannot change mode to rwxr-xr-x: Operation not permitted
build	Cache Android SDK	2026-06-06T12:23:01.3339739Z /usr/bin/tar: ../../../../../usr/local/lib/android/sdk/platforms/android-37.0/data/res/values-mcc001-mnc01-pt-rPT: Cannot utime: Operation not permitted
build	Cache Android SDK	2026-06-06T12:23:01.3340338Z /usr/bin/tar: ../../../../../usr/local/lib/android/sdk/platforms/android-37.0/data/res/values-mcc001-mnc01-pt-rPT: Cannot change mode to rwxr-xr-x: Operation not permitted
build	Cache Android SDK	2026-06-06T12:23:01.3343339Z /usr/bin/tar: ../../../../../usr/local/lib/android/sdk/platforms/android-37.0/data/res/values-mcc310-mnc250-ja: Cannot utime: Operation not permitted
build	Cache Android SDK	2026-06-06T12:23:01.3343883Z /usr/bin/tar: ../../../../../usr/local/lib/android/sdk/platforms/android-37.0/data/res/values-mcc310-mnc250-ja: Cannot change mode to rwxr-xr-x: Operation not permitted
build	Cache Android SDK	2026-06-06T12:23:01.3349612Z /usr/bin/tar: ../../../../../usr/local/lib/android/sdk/platforms/android-37.0/data/res/values-mcc311-mnc180-en-rGB: Cannot utime: Operation not permitted
build	Cache Android SDK	2026-06-06T12:23:01.3350085Z /usr/bin/tar: ../../../../../usr/local/lib/android/sdk/platforms/android-37.0/data/res/values-mcc311-mnc180-en-rGB: Cannot change mode to rwxr-xr-x: Operation not permitted
build	Cache Android SDK	2026-06-06T12:23:01.3352545Z /usr/bin/tar: ../../../../../usr/local/lib/android/sdk/platforms/android-37.0/data/res/values-mcc310-mnc220-tr: Cannot utime: Operation not permitted
build	Cache Android SDK	2026-06-06T12:23:01.3353003Z /usr/bin/tar: ../../../../../usr/local/lib/android/sdk/platforms/android-37.0/data/res/values-mcc310-mnc220-tr: Cannot change mode to rwxr-xr-x: Operation not permitted
build	Cache Android SDK	2026-06-06T12:23:01.3355505Z /usr/bin/tar: ../../../../../usr/local/lib/android/sdk/platforms/android-37.0/data/res/values-ms-television: Cannot utime: Operation not permitted
build	Cache Android SDK	2026-06-06T12:23:01.3355970Z /usr/bin/tar: ../../../../../usr/local/lib/android/sdk/platforms/android-37.0/data/res/values-ms-television: Cannot change mode to rwxr-xr-x: Operation not permitted
build	Cache Android SDK	2026-06-06T12:23:01.3359274Z /usr/bin/tar: ../../../../../usr/local/lib/android/sdk/platforms/android-37.0/data/res/values-mcc310-mnc380-hr: Cannot utime: Operation not permitted
build	Cache Android SDK	2026-06-06T12:23:01.3359736Z /usr/bin/tar: ../../../../../usr/local/lib/android/sdk/platforms/android-37.0/data/res/values-mcc310-mnc380-hr: Cannot change mode to rwxr-xr-x: Operation not permitted
build	Cache Android SDK	2026-06-06T12:23:01.3362403Z /usr/bin/tar: ../../../../../usr/local/lib/android/sdk/platforms/android-37.0/data/res/values-mcc313-mnc100-es: Cannot utime: Operation not permitted
build	Cache Android SDK	2026-06-06T12:23:01.3362926Z /usr/bin/tar: ../../../../../usr/local/lib/android/sdk/platforms/android-37.0/data/res/values-mcc313-mnc100-es: Cannot change mode to rwxr-xr-x: Operation not permitted
build	Cache Android SDK	2026-06-06T12:23:01.3366516Z /usr/bin/tar: ../../../../../usr/local/lib/android/sdk/platforms/android-37.0/data/res/values-mcc310-mnc410-uk: Cannot utime: Operation not permitted
build	Cache Android SDK	2026-06-06T12:23:01.3366997Z /usr/bin/tar: ../../../../../usr/local/lib/android/sdk/platforms/android-37.0/data/res/values-mcc310-mnc410-uk: Cannot change mode to rwxr-xr-x: Operation not permitted
build	Cache Android SDK	2026-06-06T12:23:01.3369406Z /usr/bin/tar: ../../../../../usr/local/lib/android/sdk/platforms/android-37.0/data/res/values-mcc310-mnc280-fa: Cannot utime: Operation not permitted
build	Cache Android SDK	2026-06-06T12:23:01.3369974Z /usr/bin/tar: ../../../../../usr/local/lib/android/sdk/platforms/android-37.0/data/res/values-mcc310-mnc280-fa: Cannot change mode to rwxr-xr-x: Operation not permitted
build	Cache Android SDK	2026-06-06T12:23:01.3372720Z /usr/bin/tar: ../../../../../usr/local/lib/android/sdk/platforms/android-37.0/data/res/values-mcc302-mnc720-bn: Cannot utime: Operation not permitted
build	Cache Android SDK	2026-06-06T12:23:01.3373193Z /usr/bin/tar: ../../../../../usr/local/lib/android/sdk/platforms/android-37.0/data/res/values-mcc302-mnc720-bn: Cannot change mode to rwxr-xr-x: Operation not permitted
build	Cache Android SDK	2026-06-06T12:23:01.3375717Z /usr/bin/tar: ../../../../../usr/local/lib/android/sdk/platforms/android-37.0/data/res/values-mcc262-mnc02: Cannot utime: Operation not permitted
build	Cache Android SDK	2026-06-06T12:23:01.3376188Z /usr/bin/tar: ../../../../../usr/local/lib/android/sdk/platforms/android-37.0/data/res/values-mcc262-mnc02: Cannot change mode to rwxr-xr-x: Operation not permitted
build	Cache Android SDK	2026-06-06T12:23:01.3379917Z /usr/bin/tar: ../../../../../usr/local/lib/android/sdk/platforms/android-37.0/data/res/values-mcc310-mnc230-cs: Cannot utime: Operation not permitted
build	Cache Android SDK	2026-06-06T12:23:01.3380365Z /usr/bin/tar: ../../../../../usr/local/lib/android/sdk/platforms/android-37.0/data/res/values-mcc310-mnc230-cs: Cannot change mode to rwxr-xr-x: Operation not permitted
build	Cache Android SDK	2026-06-06T12:23:01.3383526Z /usr/bin/tar: ../../../../../usr/local/lib/android/sdk/platforms/android-37.0/data/res/values-mcc310-mnc800-zu: Cannot utime: Operation not permitted
build	Cache Android SDK	2026-06-06T12:23:01.3384100Z /usr/bin/tar: ../../../../../usr/local/lib/android/sdk/platforms/android-37.0/data/res/values-mcc310-mnc800-zu: Cannot change mode to rwxr-xr-x: Operation not permitted
build	Cache Android SDK	2026-06-06T12:23:01.3390512Z /usr/bin/tar: ../../../../../usr/local/lib/android/sdk/platforms/android-37.0/data/res/values-fr: Cannot utime: Operation not permitted
build	Cache Android SDK	2026-06-06T12:23:01.3391069Z /usr/bin/tar: ../../../../../usr/local/lib/android/sdk/platforms/android-37.0/data/res/values-fr: Cannot change mode to rwxr-xr-x: Operation not permitted
build	Cache Android SDK	2026-06-06T12:23:01.3394016Z /usr/bin/tar: ../../../../../usr/local/lib/android/sdk/platforms/android-37.0/data/res/values-mcc310-mnc380-is: Cannot utime: Operation not permitted
build	Cache Android SDK	2026-06-06T12:23:01.3394575Z /usr/bin/tar: ../../../../../usr/local/lib/android/sdk/platforms/android-37.0/data/res/values-mcc310-mnc380-is: Cannot change mode to rwxr-xr-x: Operation not permitted
build	Cache Android SDK	2026-06-06T12:23:01.3397640Z /usr/bin/tar: ../../../../../usr/local/lib/android/sdk/platforms/android-37.0/data/res/values-mcc466-mnc06: Cannot utime: Operation not permitted
build	Cache Android SDK	2026-06-06T12:23:01.3398102Z /usr/bin/tar: ../../../../../usr/local/lib/android/sdk/platforms/android-37.0/data/res/values-mcc466-mnc06: Cannot change mode to rwxr-xr-x: Operation not permitted
build	Cache Android SDK	2026-06-06T12:23:01.3401470Z /usr/bin/tar: ../../../../../usr/local/lib/android/sdk/platforms/android-37.0/data/res/values-mcc310-mnc490-uz: Cannot utime: Operation not permitted
build	Cache Android SDK	2026-06-06T12:23:01.3401923Z /usr/bin/tar: ../../../../../usr/local/lib/android/sdk/platforms/android-37.0/data/res/values-mcc310-mnc490-uz: Cannot change mode to rwxr-xr-x: Operation not permitted
build	Cache Android SDK	2026-06-06T12:23:01.3406980Z /usr/bin/tar: ../../../../../usr/local/lib/android/sdk/platforms/android-37.0/data/res/values-mcc310-mnc270-ja: Cannot utime: Operation not permitted
build	Cache Android SDK	2026-06-06T12:23:01.3407829Z /usr/bin/tar: ../../../../../usr/local/lib/android/sdk/platforms/android-37.0/data/res/values-mcc310-mnc270-ja: Cannot change mode to rwxr-xr-x: Operation not permitted
build	Cache Android SDK	2026-06-06T12:23:01.3410152Z /usr/bin/tar: ../../../../../usr/local/lib/android/sdk/platforms/android-37.0/data/res/values-mcc302-mnc720-hi: Cannot utime: Operation not permitted
build	Cache Android SDK	2026-06-06T12:23:01.3410616Z /usr/bin/tar: ../../../../../usr/local/lib/android/sdk/platforms/android-37.0/data/res/values-mcc302-mnc720-hi: Cannot change mode to rwxr-xr-x: Operation not permitted
build	Cache Android SDK	2026-06-06T12:23:01.3413882Z /usr/bin/tar: ../../../../../usr/local/lib/android/sdk/platforms/android-37.0/data/res/values-mcc302-mnc720-bg: Cannot utime: Operation not permitted
build	Cache Android SDK	2026-06-06T12:23:01.3415013Z /usr/bin/tar: ../../../../../usr/local/lib/android/sdk/platforms/android-37.0/data/res/values-mcc302-mnc720-bg: Cannot change mode to rwxr-xr-x: Operation not permitted
build	Cache Android SDK	2026-06-06T12:23:01.3418589Z /usr/bin/tar: ../../../../../usr/local/lib/android/sdk/platforms/android-37.0/data/res/values-mcc310-mnc380-af: Cannot utime: Operation not permitted
build	Cache Android SDK	2026-06-06T12:23:01.3419558Z /usr/bin/tar: ../../../../../usr/local/lib/android/sdk/platforms/android-37.0/data/res/values-mcc310-mnc380-af: Cannot change mode to rwxr-xr-x: Operation not permitted
build	Cache Android SDK	2026-06-06T12:23:01.3422337Z /usr/bin/tar: ../../../../../usr/local/lib/android/sdk/platforms/android-37.0/data/res/values-mcc001-mnc01-fi: Cannot utime: Operation not permitted
build	Cache Android SDK	2026-06-06T12:23:01.3423279Z /usr/bin/tar: ../../../../../usr/local/lib/android/sdk/platforms/android-37.0/data/res/values-mcc001-mnc01-fi: Cannot change mode to rwxr-xr-x: Operation not permitted
build	Cache Android SDK	2026-06-06T12:23:01.3426136Z /usr/bin/tar: ../../../../../usr/local/lib/android/sdk/platforms/android-37.0/data/res/values-mcc310-mnc490-mn: Cannot utime: Operation not permitted
build	Cache Android SDK	2026-06-06T12:23:01.3427090Z /usr/bin/tar: ../../../../../usr/local/lib/android/sdk/platforms/android-37.0/data/res/values-mcc310-mnc490-mn: Cannot change mode to rwxr-xr-x: Operation not permitted
build	Cache Android SDK	2026-06-06T12:23:01.3428967Z /usr/bin/tar: ../../../../../usr/local/lib/android/sdk/platforms/android-37.0/data/res/values-mcc310-mnc410-fa: Cannot utime: Operation not permitted
build	Cache Android SDK	2026-06-06T12:23:01.3430037Z /usr/bin/tar: ../../../../../usr/local/lib/android/sdk/platforms/android-37.0/data/res/values-mcc310-mnc410-fa: Cannot change mode to rwxr-xr-x: Operation not permitted
build	Cache Android SDK	2026-06-06T12:23:01.3435774Z /usr/bin/tar: ../../../../../usr/local/lib/android/sdk/platforms/android-37.0/data/res/values-mcc310-mnc410-iw: Cannot utime: Operation not permitted
build	Cache Android SDK	2026-06-06T12:23:01.3436714Z /usr/bin/tar: ../../../../../usr/local/lib/android/sdk/platforms/android-37.0/data/res/values-mcc310-mnc410-iw: Cannot change mode to rwxr-xr-x: Operation not permitted
build	Cache Android SDK	2026-06-06T12:23:01.3439079Z /usr/bin/tar: ../../../../../usr/local/lib/android/sdk/platforms/android-37.0/data/res/values-mcc310-mnc380-zu: Cannot utime: Operation not permitted
build	Cache Android SDK	2026-06-06T12:23:01.3440021Z /usr/bin/tar: ../../../../../usr/local/lib/android/sdk/platforms/android-37.0/data/res/values-mcc310-mnc380-zu: Cannot change mode to rwxr-xr-x: Operation not permitted
build	Cache Android SDK	2026-06-06T12:23:01.3447145Z /usr/bin/tar: ../../../../../usr/local/lib/android/sdk/platforms/android-37.0/data/res/values-iw: Cannot utime: Operation not permitted
build	Cache Android SDK	2026-06-06T12:23:01.3448413Z /usr/bin/tar: ../../../../../usr/local/lib/android/sdk/platforms/android-37.0/data/res/values-iw: Cannot change mode to rwxr-xr-x: Operation not permitted
build	Cache Android SDK	2026-06-06T12:23:01.3453781Z /usr/bin/tar: ../../../../../usr/local/lib/android/sdk/platforms/android-37.0/data/res/values-mcc310-mnc150-en-rIN: Cannot utime: Operation not permitted
build	Cache Android SDK	2026-06-06T12:23:01.3454772Z /usr/bin/tar: ../../../../../usr/local/lib/android/sdk/platforms/android-37.0/data/res/values-mcc310-mnc150-en-rIN: Cannot change mode to rwxr-xr-x: Operation not permitted
build	Cache Android SDK	2026-06-06T12:23:01.3456549Z /usr/bin/tar: ../../../../../usr/local/lib/android/sdk/platforms/android-37.0/data/res/values-mcc311-mnc180-en-rIN: Cannot utime: Operation not permitted
build	Cache Android SDK	2026-06-06T12:23:01.3457617Z /usr/bin/tar: ../../../../../usr/local/lib/android/sdk/platforms/android-37.0/data/res/values-mcc311-mnc180-en-rIN: Cannot change mode to rwxr-xr-x: Operation not permitted
build	Cache Android SDK	2026-06-06T12:23:01.3463420Z /usr/bin/tar: ../../../../../usr/local/lib/android/sdk/platforms/android-37.0/data/res/values-mcc310-mnc800-is: Cannot utime: Operation not permitted
build	Cache Android SDK	2026-06-06T12:23:01.3464356Z /usr/bin/tar: ../../../../../usr/local/lib/android/sdk/platforms/android-37.0/data/res/values-mcc310-mnc800-is: Cannot change mode to rwxr-xr-x: Operation not permitted
build	Cache Android SDK	2026-06-06T12:23:01.3466722Z /usr/bin/tar: ../../../../../usr/local/lib/android/sdk/platforms/android-37.0/data/res/values-mcc302-mnc370-mr: Cannot utime: Operation not permitted
build	Cache Android SDK	2026-06-06T12:23:01.3467763Z /usr/bin/tar: ../../../../../usr/local/lib/android/sdk/platforms/android-37.0/data/res/values-mcc302-mnc370-mr: Cannot change mode to rwxr-xr-x: Operation not permitted
build	Cache Android SDK	2026-06-06T12:23:01.3472460Z /usr/bin/tar: ../../../../../usr/local/lib/android/sdk/platforms/android-37.0/data/res/values-mcc310-mnc800-ta: Cannot utime: Operation not permitted
build	Cache Android SDK	2026-06-06T12:23:01.3473395Z /usr/bin/tar: ../../../../../usr/local/lib/android/sdk/platforms/android-37.0/data/res/values-mcc310-mnc800-ta: Cannot change mode to rwxr-xr-x: Operation not permitted
build	Cache Android SDK	2026-06-06T12:23:01.3484579Z /usr/bin/tar: ../../../../../usr/local/lib/android/sdk/platforms/android-37.0/data/res/values-mcc310-mnc380-mn: Cannot utime: Operation not permitted
build	Cache Android SDK	2026-06-06T12:23:01.3485563Z /usr/bin/tar: ../../../../../usr/local/lib/android/sdk/platforms/android-37.0/data/res/values-mcc310-mnc380-mn: Cannot change mode to rwxr-xr-x: Operation not permitted
build	Cache Android SDK	2026-06-06T12:23:01.3488614Z /usr/bin/tar: ../../../../../usr/local/lib/android/sdk/platforms/android-37.0/data/res/values-mcc310-mnc560-ta: Cannot utime: Operation not permitted
build	Cache Android SDK	2026-06-06T12:23:01.3489660Z /usr/bin/tar: ../../../../../usr/local/lib/android/sdk/platforms/android-37.0/data/res/values-mcc310-mnc560-ta: Cannot change mode to rwxr-xr-x: Operation not permitted
build	Cache Android SDK	2026-06-06T12:23:01.3491401Z /usr/bin/tar: ../../../../../usr/local/lib/android/sdk/platforms/android-37.0/data/res/values-mcc310-mnc160-el: Cannot utime: Operation not permitted
build	Cache Android SDK	2026-06-06T12:23:01.3492454Z /usr/bin/tar: ../../../../../usr/local/lib/android/sdk/platforms/android-37.0/data/res/values-mcc310-mnc160-el: Cannot change mode to rwxr-xr-x: Operation not permitted
build	Cache Android SDK	2026-06-06T12:23:01.3496821Z /usr/bin/tar: ../../../../../usr/local/lib/android/sdk/platforms/android-37.0/data/res/values-mcc310-mnc240-en-rAU: Cannot utime: Operation not permitted
build	Cache Android SDK	2026-06-06T12:23:01.3498088Z /usr/bin/tar: ../../../../../usr/local/lib/android/sdk/platforms/android-37.0/data/res/values-mcc310-mnc240-en-rAU: Cannot change mode to rwxr-xr-x: Operation not permitted
build	Cache Android SDK	2026-06-06T12:23:01.3499556Z /usr/bin/tar: ../../../../../usr/local/lib/android/sdk/platforms/android-37.0/data/res/values-mcc310-mnc410-zh-rCN: Cannot utime: Operation not permitted
build	Cache Android SDK	2026-06-06T12:23:01.3500504Z /usr/bin/tar: ../../../../../usr/local/lib/android/sdk/platforms/android-37.0/data/res/values-mcc310-mnc410-zh-rCN: Cannot change mode to rwxr-xr-x: Operation not permitted
build	Cache Android SDK	2026-06-06T12:23:01.3502937Z /usr/bin/tar: ../../../../../usr/local/lib/android/sdk/platforms/android-37.0/data/res/values-mcc310-mnc250-lt: Cannot utime: Operation not permitted
build	Cache Android SDK	2026-06-06T12:23:01.3503884Z /usr/bin/tar: ../../../../../usr/local/lib/android/sdk/platforms/android-37.0/data/res/values-mcc310-mnc250-lt: Cannot change mode to rwxr-xr-x: Operation not permitted
build	Cache Android SDK	2026-06-06T12:23:01.3506103Z /usr/bin/tar: ../../../../../usr/local/lib/android/sdk/platforms/android-37.0/data/res/values-mcc310-mnc410-ta: Cannot utime: Operation not permitted
build	Cache Android SDK	2026-06-06T12:23:01.3507062Z /usr/bin/tar: ../../../../../usr/local/lib/android/sdk/platforms/android-37.0/data/res/values-mcc310-mnc410-ta: Cannot change mode to rwxr-xr-x: Operation not permitted
build	Cache Android SDK	2026-06-06T12:23:01.3512518Z /usr/bin/tar: ../../../../../usr/local/lib/android/sdk/platforms/android-37.0/data/res/values-pt-television: Cannot utime: Operation not permitted
build	Cache Android SDK	2026-06-06T12:23:01.3513479Z /usr/bin/tar: ../../../../../usr/local/lib/android/sdk/platforms/android-37.0/data/res/values-pt-television: Cannot change mode to rwxr-xr-x: Operation not permitted
build	Cache Android SDK	2026-06-06T12:23:01.3516957Z /usr/bin/tar: ../../../../../usr/local/lib/android/sdk/platforms/android-37.0/data/res/values-mcc310-mnc220-fr: Cannot utime: Operation not permitted
build	Cache Android SDK	2026-06-06T12:23:01.3518624Z /usr/bin/tar: ../../../../../usr/local/lib/android/sdk/platforms/android-37.0/data/res/values-mcc310-mnc220-fr: Cannot change mode to rwxr-xr-x: Operation not permitted
build	Cache Android SDK	2026-06-06T12:23:01.3520203Z /usr/bin/tar: ../../../../../usr/local/lib/android/sdk/platforms/android-37.0/data/res/values-mcc302-mnc370-mk: Cannot utime: Operation not permitted
build	Cache Android SDK	2026-06-06T12:23:01.3521229Z /usr/bin/tar: ../../../../../usr/local/lib/android/sdk/platforms/android-37.0/data/res/values-mcc302-mnc370-mk: Cannot change mode to rwxr-xr-x: Operation not permitted
build	Cache Android SDK	2026-06-06T12:23:01.3524963Z /usr/bin/tar: ../../../../../usr/local/lib/android/sdk/platforms/android-37.0/data/res/values-mcc310-mnc410-ne: Cannot utime: Operation not permitted
build	Cache Android SDK	2026-06-06T12:23:01.3526549Z /usr/bin/tar: ../../../../../usr/local/lib/android/sdk/platforms/android-37.0/data/res/values-mcc310-mnc410-ne: Cannot change mode to rwxr-xr-x: Operation not permitted
build	Cache Android SDK	2026-06-06T12:23:01.3528011Z /usr/bin/tar: ../../../../../usr/local/lib/android/sdk/platforms/android-37.0/data/res/values-mcc310-mnc200-pa: Cannot utime: Operation not permitted
build	Cache Android SDK	2026-06-06T12:23:01.3528952Z /usr/bin/tar: ../../../../../usr/local/lib/android/sdk/platforms/android-37.0/data/res/values-mcc310-mnc200-pa: Cannot change mode to rwxr-xr-x: Operation not permitted
build	Cache Android SDK	2026-06-06T12:23:01.3531351Z /usr/bin/tar: ../../../../../usr/local/lib/android/sdk/platforms/android-37.0/data/res/values-mcc302-mnc370-ms: Cannot utime: Operation not permitted
build	Cache Android SDK	2026-06-06T12:23:01.3532299Z /usr/bin/tar: ../../../../../usr/local/lib/android/sdk/platforms/android-37.0/data/res/values-mcc302-mnc370-ms: Cannot change mode to rwxr-xr-x: Operation not permitted
build	Cache Android SDK	2026-06-06T12:23:01.3535939Z /usr/bin/tar: ../../../../../usr/local/lib/android/sdk/platforms/android-37.0/data/res/values-mcc310-mnc220-ro: Cannot utime: Operation not permitted
build	Cache Android SDK	2026-06-06T12:23:01.3536890Z /usr/bin/tar: ../../../../../usr/local/lib/android/sdk/platforms/android-37.0/data/res/values-mcc310-mnc220-ro: Cannot change mode to rwxr-xr-x: Operation not permitted
build	Cache Android SDK	2026-06-06T12:23:01.3540519Z /usr/bin/tar: ../../../../../usr/local/lib/android/sdk/platforms/android-37.0/data/res/values-mcc310-mnc280-ms: Cannot utime: Operation not permitted
build	Cache Android SDK	2026-06-06T12:23:01.3541554Z /usr/bin/tar: ../../../../../usr/local/lib/android/sdk/platforms/android-37.0/data/res/values-mcc310-mnc280-ms: Cannot change mode to rwxr-xr-x: Operation not permitted
build	Cache Android SDK	2026-06-06T12:23:01.3544397Z /usr/bin/tar: ../../../../../usr/local/lib/android/sdk/platforms/android-37.0/data/res/values-mcc310-mnc170-hr: Cannot utime: Operation not permitted
build	Cache Android SDK	2026-06-06T12:23:01.3545363Z /usr/bin/tar: ../../../../../usr/local/lib/android/sdk/platforms/android-37.0/data/res/values-mcc310-mnc170-hr: Cannot change mode to rwxr-xr-x: Operation not permitted
build	Cache Android SDK	2026-06-06T12:23:01.3547958Z /usr/bin/tar: ../../../../../usr/local/lib/android/sdk/platforms/android-37.0/data/res/values-mcc310-mnc030-nb: Cannot utime: Operation not permitted
build	Cache Android SDK	2026-06-06T12:23:01.3548888Z /usr/bin/tar: ../../../../../usr/local/lib/android/sdk/platforms/android-37.0/data/res/values-mcc310-mnc030-nb: Cannot change mode to rwxr-xr-x: Operation not permitted
build	Cache Android SDK	2026-06-06T12:23:01.3551422Z /usr/bin/tar: ../../../../../usr/local/lib/android/sdk/platforms/android-37.0/data/res/values-mcc302-mnc780: Cannot utime: Operation not permitted
build	Cache Android SDK	2026-06-06T12:23:01.3552355Z /usr/bin/tar: ../../../../../usr/local/lib/android/sdk/platforms/android-37.0/data/res/values-mcc302-mnc780: Cannot change mode to rwxr-xr-x: Operation not permitted
build	Cache Android SDK	2026-06-06T12:23:01.3555303Z /usr/bin/tar: ../../../../../usr/local/lib/android/sdk/platforms/android-37.0/data/res/values-mcc310-mnc560-fr-rCA: Cannot utime: Operation not permitted
build	Cache Android SDK	2026-06-06T12:23:01.3556287Z /usr/bin/tar: ../../../../../usr/local/lib/android/sdk/platforms/android-37.0/data/res/values-mcc310-mnc560-fr-rCA: Cannot change mode to rwxr-xr-x: Operation not permitted
build	Cache Android SDK	2026-06-06T12:23:01.3559816Z /usr/bin/tar: ../../../../../usr/local/lib/android/sdk/platforms/android-37.0/data/res/values-mcc310-mnc560-ms: Cannot utime: Operation not permitted
build	Cache Android SDK	2026-06-06T12:23:01.3561115Z /usr/bin/tar: ../../../../../usr/local/lib/android/sdk/platforms/android-37.0/data/res/values-mcc310-mnc560-ms: Cannot change mode to rwxr-xr-x: Operation not permitted
build	Cache Android SDK	2026-06-06T12:23:01.3562913Z /usr/bin/tar: ../../../../../usr/local/lib/android/sdk/platforms/android-37.0/data/res/values-mcc311-mnc180-en-rCA: Cannot utime: Operation not permitted
build	Cache Android SDK	2026-06-06T12:23:01.3564181Z /usr/bin/tar: ../../../../../usr/local/lib/android/sdk/platforms/android-37.0/data/res/values-mcc311-mnc180-en-rCA: Cannot change mode to rwxr-xr-x: Operation not permitted
build	Cache Android SDK	2026-06-06T12:23:01.3565867Z /usr/bin/tar: ../../../../../usr/local/lib/android/sdk/platforms/android-37.0/data/res/values-hu-television: Cannot utime: Operation not permitted
build	Cache Android SDK	2026-06-06T12:23:01.3567029Z /usr/bin/tar: ../../../../../usr/local/lib/android/sdk/platforms/android-37.0/data/res/values-hu-television: Cannot change mode to rwxr-xr-x: Operation not permitted
build	Cache Android SDK	2026-06-06T12:23:01.3569056Z /usr/bin/tar: ../../../../../usr/local/lib/android/sdk/platforms/android-37.0/data/res/values-mcc310-mnc410-ur: Cannot utime: Operation not permitted
build	Cache Android SDK	2026-06-06T12:23:01.3570076Z /usr/bin/tar: ../../../../../usr/local/lib/android/sdk/platforms/android-37.0/data/res/values-mcc310-mnc410-ur: Cannot change mode to rwxr-xr-x: Operation not permitted
build	Cache Android SDK	2026-06-06T12:23:01.3573468Z /usr/bin/tar: ../../../../../usr/local/lib/android/sdk/platforms/android-37.0/data/res/values-mcc310-mnc560-si: Cannot utime: Operation not permitted
build	Cache Android SDK	2026-06-06T12:23:01.3575057Z /usr/bin/tar: ../../../../../usr/local/lib/android/sdk/platforms/android-37.0/data/res/values-mcc310-mnc560-si: Cannot change mode to rwxr-xr-x: Operation not permitted
build	Cache Android SDK	2026-06-06T12:23:01.3577054Z /usr/bin/tar: ../../../../../usr/local/lib/android/sdk/platforms/android-37.0/data/res/values-mcc001-mnc01-ml: Cannot utime: Operation not permitted
build	Cache Android SDK	2026-06-06T12:23:01.3578155Z /usr/bin/tar: ../../../../../usr/local/lib/android/sdk/platforms/android-37.0/data/res/values-mcc001-mnc01-ml: Cannot change mode to rwxr-xr-x: Operation not permitted
build	Cache Android SDK	2026-06-06T12:23:01.3581650Z /usr/bin/tar: ../../../../../usr/local/lib/android/sdk/platforms/android-37.0/data/res/values-mcc310-mnc950-lv: Cannot utime: Operation not permitted
build	Cache Android SDK	2026-06-06T12:23:01.3582571Z /usr/bin/tar: ../../../../../usr/local/lib/android/sdk/platforms/android-37.0/data/res/values-mcc310-mnc950-lv: Cannot change mode to rwxr-xr-x: Operation not permitted
build	Cache Android SDK	2026-06-06T12:23:01.3585123Z /usr/bin/tar: ../../../../../usr/local/lib/android/sdk/platforms/android-37.0/data/res/values-mcc310-mnc170-be: Cannot utime: Operation not permitted
build	Cache Android SDK	2026-06-06T12:23:01.3586048Z /usr/bin/tar: ../../../../../usr/local/lib/android/sdk/platforms/android-37.0/data/res/values-mcc310-mnc170-be: Cannot change mode to rwxr-xr-x: Operation not permitted
build	Cache Android SDK	2026-06-06T12:23:01.3588517Z /usr/bin/tar: ../../../../../usr/local/lib/android/sdk/platforms/android-37.0/data/res/values-mcc313-mnc100-hr: Cannot utime: Operation not permitted
build	Cache Android SDK	2026-06-06T12:23:01.3589448Z /usr/bin/tar: ../../../../../usr/local/lib/android/sdk/platforms/android-37.0/data/res/values-mcc313-mnc100-hr: Cannot change mode to rwxr-xr-x: Operation not permitted
build	Cache Android SDK	2026-06-06T12:23:01.3591563Z /usr/bin/tar: ../../../../../usr/local/lib/android/sdk/platforms/android-37.0/data/res/values-mcc310-mnc380-lv: Cannot utime: Operation not permitted
build	Cache Android SDK	2026-06-06T12:23:01.3592495Z /usr/bin/tar: ../../../../../usr/local/lib/android/sdk/platforms/android-37.0/data/res/values-mcc310-mnc380-lv: Cannot change mode to rwxr-xr-x: Operation not permitted
build	Cache Android SDK	2026-06-06T12:23:01.3594772Z /usr/bin/tar: ../../../../../usr/local/lib/android/sdk/platforms/android-37.0/data/res/values-mcc310-mnc030-hi: Cannot utime: Operation not permitted
build	Cache Android SDK	2026-06-06T12:23:01.3595690Z /usr/bin/tar: ../../../../../usr/local/lib/android/sdk/platforms/android-37.0/data/res/values-mcc310-mnc030-hi: Cannot change mode to rwxr-xr-x: Operation not permitted
build	Cache Android SDK	2026-06-06T12:23:01.3598409Z /usr/bin/tar: ../../../../../usr/local/lib/android/sdk/platforms/android-37.0/data/res/values-mcc310-mnc560-lv: Cannot utime: Operation not permitted
build	Cache Android SDK	2026-06-06T12:23:01.3599334Z /usr/bin/tar: ../../../../../usr/local/lib/android/sdk/platforms/android-37.0/data/res/values-mcc310-mnc560-lv: Cannot change mode to rwxr-xr-x: Operation not permitted
build	Cache Android SDK	2026-06-06T12:23:01.3601719Z /usr/bin/tar: ../../../../../usr/local/lib/android/sdk/platforms/android-37.0/data/res/values-mcc311-mnc180-zh-rTW: Cannot utime: Operation not permitted
build	Cache Android SDK	2026-06-06T12:23:01.3602691Z /usr/bin/tar: ../../../../../usr/local/lib/android/sdk/platforms/android-37.0/data/res/values-mcc311-mnc180-zh-rTW: Cannot change mode to rwxr-xr-x: Operation not permitted
build	Cache Android SDK	2026-06-06T12:23:01.3607077Z /usr/bin/tar: ../../../../../usr/local/lib/android/sdk/platforms/android-37.0/data/res/values-mcc310-mnc380-az: Cannot utime: Operation not permitted
build	Cache Android SDK	2026-06-06T12:23:01.3608202Z /usr/bin/tar: ../../../../../usr/local/lib/android/sdk/platforms/android-37.0/data/res/values-mcc310-mnc380-az: Cannot change mode to rwxr-xr-x: Operation not permitted
build	Cache Android SDK	2026-06-06T12:23:01.3610552Z /usr/bin/tar: ../../../../../usr/local/lib/android/sdk/platforms/android-37.0/data/res/values-mcc310-mnc030-b+sr+Latn: Cannot utime: Operation not permitted
build	Cache Android SDK	2026-06-06T12:23:01.3611628Z /usr/bin/tar: ../../../../../usr/local/lib/android/sdk/platforms/android-37.0/data/res/values-mcc310-mnc030-b+sr+Latn: Cannot change mode to rwxr-xr-x: Operation not permitted
build	Cache Android SDK	2026-06-06T12:23:01.3615554Z /usr/bin/tar: ../../../../../usr/local/lib/android/sdk/platforms/android-37.0/data/res/values-mcc310-mnc200-mn: Cannot utime: Operation not permitted
build	Cache Android SDK	2026-06-06T12:23:01.3616640Z /usr/bin/tar: ../../../../../usr/local/lib/android/sdk/platforms/android-37.0/data/res/values-mcc310-mnc200-mn: Cannot change mode to rwxr-xr-x: Operation not permitted
build	Cache Android SDK	2026-06-06T12:23:01.3618670Z /usr/bin/tar: ../../../../../usr/local/lib/android/sdk/platforms/android-37.0/data/res/values-mcc310-mnc230-fa: Cannot utime: Operation not permitted
build	Cache Android SDK	2026-06-06T12:23:01.3619623Z /usr/bin/tar: ../../../../../usr/local/lib/android/sdk/platforms/android-37.0/data/res/values-mcc310-mnc230-fa: Cannot change mode to rwxr-xr-x: Operation not permitted
build	Cache Android SDK	2026-06-06T12:23:01.3627215Z /usr/bin/tar: ../../../../../usr/local/lib/android/sdk/platforms/android-37.0/data/res/values-mcc311-mnc180-lo: Cannot utime: Operation not permitted
build	Cache Android SDK	2026-06-06T12:23:01.3628628Z /usr/bin/tar: ../../../../../usr/local/lib/android/sdk/platforms/android-37.0/data/res/values-mcc311-mnc180-lo: Cannot change mode to rwxr-xr-x: Operation not permitted
build	Cache Android SDK	2026-06-06T12:23:01.3630665Z /usr/bin/tar: ../../../../../usr/local/lib/android/sdk/platforms/android-37.0/data/res/values-in-watch: Cannot utime: Operation not permitted
build	Cache Android SDK	2026-06-06T12:23:01.3631570Z /usr/bin/tar: ../../../../../usr/local/lib/android/sdk/platforms/android-37.0/data/res/values-in-watch: Cannot change mode to rwxr-xr-x: Operation not permitted
build	Cache Android SDK	2026-06-06T12:23:01.3634468Z /usr/bin/tar: ../../../../../usr/local/lib/android/sdk/platforms/android-37.0/data/res/values-mcc001-mnc01-en-rXC: Cannot utime: Operation not permitted
build	Cache Android SDK	2026-06-06T12:23:01.3635432Z /usr/bin/tar: ../../../../../usr/local/lib/android/sdk/platforms/android-37.0/data/res/values-mcc001-mnc01-en-rXC: Cannot change mode to rwxr-xr-x: Operation not permitted
build	Cache Android SDK	2026-06-06T12:23:01.3638825Z /usr/bin/tar: ../../../../../usr/local/lib/android/sdk/platforms/android-37.0/data/res/values-mcc310-mnc270-sl: Cannot utime: Operation not permitted
build	Cache Android SDK	2026-06-06T12:23:01.3639943Z /usr/bin/tar: ../../../../../usr/local/lib/android/sdk/platforms/android-37.0/data/res/values-mcc310-mnc270-sl: Cannot change mode to rwxr-xr-x: Operation not permitted
build	Cache Android SDK	2026-06-06T12:23:01.3643105Z /usr/bin/tar: ../../../../../usr/local/lib/android/sdk/platforms/android-37.0/data/res/values-mcc312-mnc670-af: Cannot utime: Operation not permitted
build	Cache Android SDK	2026-06-06T12:23:01.3644293Z /usr/bin/tar: ../../../../../usr/local/lib/android/sdk/platforms/android-37.0/data/res/values-mcc312-mnc670-af: Cannot change mode to rwxr-xr-x: Operation not permitted
build	Cache Android SDK	2026-06-06T12:23:01.3645777Z /usr/bin/tar: ../../../../../usr/local/lib/android/sdk/platforms/android-37.0/data/res/values-mcc310-mnc950-bn: Cannot utime: Operation not permitted
build	Cache Android SDK	2026-06-06T12:23:01.3646998Z /usr/bin/tar: ../../../../../usr/local/lib/android/sdk/platforms/android-37.0/data/res/values-mcc310-mnc950-bn: Cannot change mode to rwxr-xr-x: Operation not permitted
build	Cache Android SDK	2026-06-06T12:23:01.3651886Z /usr/bin/tar: ../../../../../usr/local/lib/android/sdk/platforms/android-37.0/data/res/values-mcc310-mnc580: Cannot utime: Operation not permitted
build	Cache Android SDK	2026-06-06T12:23:01.3652838Z /usr/bin/tar: ../../../../../usr/local/lib/android/sdk/platforms/android-37.0/data/res/values-mcc310-mnc580: Cannot change mode to rwxr-xr-x: Operation not permitted
build	Cache Android SDK	2026-06-06T12:23:01.3655810Z /usr/bin/tar: ../../../../../usr/local/lib/android/sdk/platforms/android-37.0/data/res/values-mcc310-mnc200-es-rUS: Cannot utime: Operation not permitted
build	Cache Android SDK	2026-06-06T12:23:01.3656907Z /usr/bin/tar: ../../../../../usr/local/lib/android/sdk/platforms/android-37.0/data/res/values-mcc310-mnc200-es-rUS: Cannot change mode to rwxr-xr-x: Operation not permitted
build	Cache Android SDK	2026-06-06T12:23:01.3660243Z /usr/bin/tar: ../../../../../usr/local/lib/android/sdk/platforms/android-37.0/data/res/values-mcc310-mnc800-ms: Cannot utime: Operation not permitted
build	Cache Android SDK	2026-06-06T12:23:01.3661308Z /usr/bin/tar: ../../../../../usr/local/lib/android/sdk/platforms/android-37.0/data/res/values-mcc310-mnc800-ms: Cannot change mode to rwxr-xr-x: Operation not permitted
build	Cache Android SDK	2026-06-06T12:23:01.3664324Z /usr/bin/tar: ../../../../../usr/local/lib/android/sdk/platforms/android-37.0/data/res/values-mcc310-mnc200-bs: Cannot utime: Operation not permitted
build	Cache Android SDK	2026-06-06T12:23:01.3665271Z /usr/bin/tar: ../../../../../usr/local/lib/android/sdk/platforms/android-37.0/data/res/values-mcc310-mnc200-bs: Cannot change mode to rwxr-xr-x: Operation not permitted
build	Cache Android SDK	2026-06-06T12:23:01.3670774Z /usr/bin/tar: ../../../../../usr/local/lib/android/sdk/platforms/android-37.0/data/res/values-mcc310-mnc280-uz: Cannot utime: Operation not permitted
build	Cache Android SDK	2026-06-06T12:23:01.3671700Z /usr/bin/tar: ../../../../../usr/local/lib/android/sdk/platforms/android-37.0/data/res/values-mcc310-mnc280-uz: Cannot change mode to rwxr-xr-x: Operation not permitted
build	Cache Android SDK	2026-06-06T12:23:01.3675339Z /usr/bin/tar: ../../../../../usr/local/lib/android/sdk/platforms/android-37.0/data/res/values-mcc310-mnc230-hr: Cannot utime: Operation not permitted
build	Cache Android SDK	2026-06-06T12:23:01.3676274Z /usr/bin/tar: ../../../../../usr/local/lib/android/sdk/platforms/android-37.0/data/res/values-mcc310-mnc230-hr: Cannot change mode to rwxr-xr-x: Operation not permitted
build	Cache Android SDK	2026-06-06T12:23:01.3679438Z /usr/bin/tar: ../../../../../usr/local/lib/android/sdk/platforms/android-37.0/data/res/values-mcc310-mnc240-it: Cannot utime: Operation not permitted
build	Cache Android SDK	2026-06-06T12:23:01.3681273Z /usr/bin/tar: ../../../../../usr/local/lib/android/sdk/platforms/android-37.0/data/res/values-mcc310-mnc240-it: Cannot change mode to rwxr-xr-x: Operation not permitted
build	Cache Android SDK	2026-06-06T12:23:01.3682624Z /usr/bin/tar: ../../../../../usr/local/lib/android/sdk/platforms/android-37.0/data/res/values-mcc440: Cannot utime: Operation not permitted
build	Cache Android SDK	2026-06-06T12:23:01.3683538Z /usr/bin/tar: ../../../../../usr/local/lib/android/sdk/platforms/android-37.0/data/res/values-mcc440: Cannot change mode to rwxr-xr-x: Operation not permitted
build	Cache Android SDK	2026-06-06T12:23:01.3687868Z /usr/bin/tar: ../../../../../usr/local/lib/android/sdk/platforms/android-37.0/data/res/values-mcc310-mnc310-es: Cannot utime: Operation not permitted
build	Cache Android SDK	2026-06-06T12:23:01.3688807Z /usr/bin/tar: ../../../../../usr/local/lib/android/sdk/platforms/android-37.0/data/res/values-mcc310-mnc310-es: Cannot change mode to rwxr-xr-x: Operation not permitted
build	Cache Android SDK	2026-06-06T12:23:01.3691197Z /usr/bin/tar: ../../../../../usr/local/lib/android/sdk/platforms/android-37.0/data/res/values-mcc310-mnc560-cs: Cannot utime: Operation not permitted
build	Cache Android SDK	2026-06-06T12:23:01.3692138Z /usr/bin/tar: ../../../../../usr/local/lib/android/sdk/platforms/android-37.0/data/res/values-mcc310-mnc560-cs: Cannot change mode to rwxr-xr-x: Operation not permitted
build	Cache Android SDK	2026-06-06T12:23:01.3694106Z /usr/bin/tar: ../../../../../usr/local/lib/android/sdk/platforms/android-37.0/data/res/values-mcc310-mnc160-ky: Cannot utime: Operation not permitted
build	Cache Android SDK	2026-06-06T12:23:01.3695217Z /usr/bin/tar: ../../../../../usr/local/lib/android/sdk/platforms/android-37.0/data/res/values-mcc310-mnc160-ky: Cannot change mode to rwxr-xr-x: Operation not permitted
build	Cache Android SDK	2026-06-06T12:23:01.3698059Z /usr/bin/tar: ../../../../../usr/local/lib/android/sdk/platforms/android-37.0/data/res/values-mcc310-mnc270-mk: Cannot utime: Operation not permitted
build	Cache Android SDK	2026-06-06T12:23:01.3699150Z /usr/bin/tar: ../../../../../usr/local/lib/android/sdk/platforms/android-37.0/data/res/values-mcc310-mnc270-mk: Cannot change mode to rwxr-xr-x: Operation not permitted
build	Cache Android SDK	2026-06-06T12:23:01.3701049Z /usr/bin/tar: ../../../../../usr/local/lib/android/sdk/platforms/android-37.0/data/res/values-et-watch: Cannot utime: Operation not permitted
build	Cache Android SDK	2026-06-06T12:23:01.3702021Z /usr/bin/tar: ../../../../../usr/local/lib/android/sdk/platforms/android-37.0/data/res/values-et-watch: Cannot change mode to rwxr-xr-x: Operation not permitted
build	Cache Android SDK	2026-06-06T12:23:01.3705133Z /usr/bin/tar: ../../../../../usr/local/lib/android/sdk/platforms/android-37.0/data/res/values-mcc310-mnc800-da: Cannot utime: Operation not permitted
build	Cache Android SDK	2026-06-06T12:23:01.3706255Z /usr/bin/tar: ../../../../../usr/local/lib/android/sdk/platforms/android-37.0/data/res/values-mcc310-mnc800-da: Cannot change mode to rwxr-xr-x: Operation not permitted
build	Cache Android SDK	2026-06-06T12:23:01.3712711Z /usr/bin/tar: ../../../../../usr/local/lib/android/sdk/platforms/android-37.0/data/res/values-mcc310-mnc310-sq: Cannot utime: Operation not permitted
build	Cache Android SDK	2026-06-06T12:23:01.3714485Z /usr/bin/tar: ../../../../../usr/local/lib/android/sdk/platforms/android-37.0/data/res/values-mcc310-mnc310-sq: Cannot change mode to rwxr-xr-x: Operation not permitted
build	Cache Android SDK	2026-06-06T12:23:01.3716862Z /usr/bin/tar: ../../../../../usr/local/lib/android/sdk/platforms/android-37.0/data/res/values-mcc310-mnc310-my: Cannot utime: Operation not permitted
build	Cache Android SDK	2026-06-06T12:23:01.3718068Z /usr/bin/tar: ../../../../../usr/local/lib/android/sdk/platforms/android-37.0/data/res/values-mcc310-mnc310-my: Cannot change mode to rwxr-xr-x: Operation not permitted
build	Cache Android SDK	2026-06-06T12:23:01.3719759Z /usr/bin/tar: ../../../../../usr/local/lib/android/sdk/platforms/android-37.0/data/res/values-mcc311-mnc180-be: Cannot utime: Operation not permitted
build	Cache Android SDK	2026-06-06T12:23:01.3720774Z /usr/bin/tar: ../../../../../usr/local/lib/android/sdk/platforms/android-37.0/data/res/values-mcc311-mnc180-be: Cannot change mode to rwxr-xr-x: Operation not permitted
build	Cache Android SDK	2026-06-06T12:23:01.3723433Z /usr/bin/tar: ../../../../../usr/local/lib/android/sdk/platforms/android-37.0/data/res/values-fr-neuter: Cannot utime: Operation not permitted
build	Cache Android SDK	2026-06-06T12:23:01.3724404Z /usr/bin/tar: ../../../../../usr/local/lib/android/sdk/platforms/android-37.0/data/res/values-fr-neuter: Cannot change mode to rwxr-xr-x: Operation not permitted
build	Cache Android SDK	2026-06-06T12:23:01.3726888Z /usr/bin/tar: ../../../../../usr/local/lib/android/sdk/platforms/android-37.0/data/res/values-mcc310-mnc490-zu: Cannot utime: Operation not permitted
build	Cache Android SDK	2026-06-06T12:23:01.3728064Z /usr/bin/tar: ../../../../../usr/local/lib/android/sdk/platforms/android-37.0/data/res/values-mcc310-mnc490-zu: Cannot change mode to rwxr-xr-x: Operation not permitted
build	Cache Android SDK	2026-06-06T12:23:01.3730076Z /usr/bin/tar: ../../../../../usr/local/lib/android/sdk/platforms/android-37.0/data/res/values-mcc310-mnc410-am: Cannot utime: Operation not permitted
build	Cache Android SDK	2026-06-06T12:23:01.3731125Z /usr/bin/tar: ../../../../../usr/local/lib/android/sdk/platforms/android-37.0/data/res/values-mcc310-mnc410-am: Cannot change mode to rwxr-xr-x: Operation not permitted
build	Cache Android SDK	2026-06-06T12:23:01.3733212Z /usr/bin/tar: ../../../../../usr/local/lib/android/sdk/platforms/android-37.0/data/res/values-mcc310-mnc950-hr: Cannot utime: Operation not permitted
build	Cache Android SDK	2026-06-06T12:23:01.3734176Z /usr/bin/tar: ../../../../../usr/local/lib/android/sdk/platforms/android-37.0/data/res/values-mcc310-mnc950-hr: Cannot change mode to rwxr-xr-x: Operation not permitted
build	Cache Android SDK	2026-06-06T12:23:01.3736442Z /usr/bin/tar: ../../../../../usr/local/lib/android/sdk/platforms/android-37.0/data/res/values-mcc716-mnc10: Cannot utime: Operation not permitted
build	Cache Android SDK	2026-06-06T12:23:01.3737672Z /usr/bin/tar: ../../../../../usr/local/lib/android/sdk/platforms/android-37.0/data/res/values-mcc716-mnc10: Cannot change mode to rwxr-xr-x: Operation not permitted
build	Cache Android SDK	2026-06-06T12:23:01.3740681Z /usr/bin/tar: ../../../../../usr/local/lib/android/sdk/platforms/android-37.0/data/res/values-mcc310-mnc280-hr: Cannot utime: Operation not permitted
build	Cache Android SDK	2026-06-06T12:23:01.3741685Z /usr/bin/tar: ../../../../../usr/local/lib/android/sdk/platforms/android-37.0/data/res/values-mcc310-mnc280-hr: Cannot change mode to rwxr-xr-x: Operation not permitted
build	Cache Android SDK	2026-06-06T12:23:01.3746537Z /usr/bin/tar: ../../../../../usr/local/lib/android/sdk/platforms/android-37.0/data/res/values-mcc310-mnc490-zh-rCN: Cannot utime: Operation not permitted
build	Cache Android SDK	2026-06-06T12:23:01.3747738Z /usr/bin/tar: ../../../../../usr/local/lib/android/sdk/platforms/android-37.0/data/res/values-mcc310-mnc490-zh-rCN: Cannot change mode to rwxr-xr-x: Operation not permitted
build	Cache Android SDK	2026-06-06T12:23:01.3749303Z /usr/bin/tar: ../../../../../usr/local/lib/android/sdk/platforms/android-37.0/data/res/values-mcc001-mnc01-hi: Cannot utime: Operation not permitted
build	Cache Android SDK	2026-06-06T12:23:01.3750226Z /usr/bin/tar: ../../../../../usr/local/lib/android/sdk/platforms/android-37.0/data/res/values-mcc001-mnc01-hi: Cannot change mode to rwxr-xr-x: Operation not permitted
build	Cache Android SDK	2026-06-06T12:23:01.3752938Z /usr/bin/tar: ../../../../../usr/local/lib/android/sdk/platforms/android-37.0/data/res/values-mcc310-mnc220-ne: Cannot utime: Operation not permitted
build	Cache Android SDK	2026-06-06T12:23:01.3753999Z /usr/bin/tar: ../../../../../usr/local/lib/android/sdk/platforms/android-37.0/data/res/values-mcc310-mnc220-ne: Cannot change mode to rwxr-xr-x: Operation not permitted
build	Cache Android SDK	2026-06-06T12:23:01.3756751Z /usr/bin/tar: ../../../../../usr/local/lib/android/sdk/platforms/android-37.0/data/res/values-de-rAT: Cannot utime: Operation not permitted
build	Cache Android SDK	2026-06-06T12:23:01.3757990Z /usr/bin/tar: ../../../../../usr/local/lib/android/sdk/platforms/android-37.0/data/res/values-de-rAT: Cannot change mode to rwxr-xr-x: Operation not permitted
build	Cache Android SDK	2026-06-06T12:23:01.3761452Z /usr/bin/tar: ../../../../../usr/local/lib/android/sdk/platforms/android-37.0/data/res/values-mcc310-mnc030-es: Cannot utime: Operation not permitted
build	Cache Android SDK	2026-06-06T12:23:01.3762392Z /usr/bin/tar: ../../../../../usr/local/lib/android/sdk/platforms/android-37.0/data/res/values-mcc310-mnc030-es: Cannot change mode to rwxr-xr-x: Operation not permitted
build	Cache Android SDK	2026-06-06T12:23:01.3764830Z /usr/bin/tar: ../../../../../usr/local/lib/android/sdk/platforms/android-37.0/data/res/values-mcc001-mnc01-es: Cannot utime: Operation not permitted
build	Cache Android SDK	2026-06-06T12:23:01.3765815Z /usr/bin/tar: ../../../../../usr/local/lib/android/sdk/platforms/android-37.0/data/res/values-mcc001-mnc01-es: Cannot change mode to rwxr-xr-x: Operation not permitted
build	Cache Android SDK	2026-06-06T12:23:01.3769102Z /usr/bin/tar: ../../../../../usr/local/lib/android/sdk/platforms/android-37.0/data/res/values-mcc310-mnc270-el: Cannot utime: Operation not permitted
build	Cache Android SDK	2026-06-06T12:23:01.3770055Z /usr/bin/tar: ../../../../../usr/local/lib/android/sdk/platforms/android-37.0/data/res/values-mcc310-mnc270-el: Cannot change mode to rwxr-xr-x: Operation not permitted
build	Cache Android SDK	2026-06-06T12:23:01.3773441Z /usr/bin/tar: ../../../../../usr/local/lib/android/sdk/platforms/android-37.0/data/res/values-mcc310-mnc410-en-rIN: Cannot utime: Operation not permitted
build	Cache Android SDK	2026-06-06T12:23:01.3774430Z /usr/bin/tar: ../../../../../usr/local/lib/android/sdk/platforms/android-37.0/data/res/values-mcc310-mnc410-en-rIN: Cannot change mode to rwxr-xr-x: Operation not permitted
build	Cache Android SDK	2026-06-06T12:23:01.3777088Z /usr/bin/tar: ../../../../../usr/local/lib/android/sdk/platforms/android-37.0/data/res/values-mcc311-mnc180-tl: Cannot utime: Operation not permitted
build	Cache Android SDK	2026-06-06T12:23:01.3778155Z /usr/bin/tar: ../../../../../usr/local/lib/android/sdk/platforms/android-37.0/data/res/values-mcc311-mnc180-tl: Cannot change mode to rwxr-xr-x: Operation not permitted
build	Cache Android SDK	2026-06-06T12:23:01.3781157Z /usr/bin/tar: ../../../../../usr/local/lib/android/sdk/platforms/android-37.0/data/res/values-mcc310-mnc210-en-rIN: Cannot utime: Operation not permitted
build	Cache Android SDK	2026-06-06T12:23:01.3782255Z /usr/bin/tar: ../../../../../usr/local/lib/android/sdk/platforms/android-37.0/data/res/values-mcc310-mnc210-en-rIN: Cannot change mode to rwxr-xr-x: Operation not permitted
build	Cache Android SDK	2026-06-06T12:23:01.3787576Z /usr/bin/tar: ../../../../../usr/local/lib/android/sdk/platforms/android-37.0/data/res/values-mcc312-mnc670-kn: Cannot utime: Operation not permitted
build	Cache Android SDK	2026-06-06T12:23:01.3788508Z /usr/bin/tar: ../../../../../usr/local/lib/android/sdk/platforms/android-37.0/data/res/values-mcc312-mnc670-kn: Cannot change mode to rwxr-xr-x: Operation not permitted
build	Cache Android SDK	2026-06-06T12:23:01.3790717Z /usr/bin/tar: ../../../../../usr/local/lib/android/sdk/platforms/android-37.0/data/res/values-ro-television: Cannot utime: Operation not permitted
build	Cache Android SDK	2026-06-06T12:23:01.3791655Z /usr/bin/tar: ../../../../../usr/local/lib/android/sdk/platforms/android-37.0/data/res/values-ro-television: Cannot change mode to rwxr-xr-x: Operation not permitted
build	Cache Android SDK	2026-06-06T12:23:01.3794299Z /usr/bin/tar: ../../../../../usr/local/lib/android/sdk/platforms/android-37.0/data/res/values-mcc310-mnc210-pt-rPT: Cannot utime: Operation not permitted
build	Cache Android SDK	2026-06-06T12:23:01.3795304Z /usr/bin/tar: ../../../../../usr/local/lib/android/sdk/platforms/android-37.0/data/res/values-mcc310-mnc210-pt-rPT: Cannot change mode to rwxr-xr-x: Operation not permitted
build	Cache Android SDK	2026-06-06T12:23:01.3798182Z /usr/bin/tar: ../../../../../usr/local/lib/android/sdk/platforms/android-37.0/data/res/values-vi-rVN: Cannot utime: Operation not permitted
build	Cache Android SDK	2026-06-06T12:23:01.3799185Z /usr/bin/tar: ../../../../../usr/local/lib/android/sdk/platforms/android-37.0/data/res/values-vi-rVN: Cannot change mode to rwxr-xr-x: Operation not permitted
build	Cache Android SDK	2026-06-06T12:23:01.3801519Z /usr/bin/tar: ../../../../../usr/local/lib/android/sdk/platforms/android-37.0/data/res/values-mcc302-mnc720-el: Cannot utime: Operation not permitted
build	Cache Android SDK	2026-06-06T12:23:01.3802479Z /usr/bin/tar: ../../../../../usr/local/lib/android/sdk/platforms/android-37.0/data/res/values-mcc302-mnc720-el: Cannot change mode to rwxr-xr-x: Operation not permitted
build	Cache Android SDK	2026-06-06T12:23:01.3804528Z /usr/bin/tar: ../../../../../usr/local/lib/android/sdk/platforms/android-37.0/data/res/values-mcc310-mnc270-sw: Cannot utime: Operation not permitted
build	Cache Android SDK	2026-06-06T12:23:01.3805482Z /usr/bin/tar: ../../../../../usr/local/lib/android/sdk/platforms/android-37.0/data/res/values-mcc310-mnc270-sw: Cannot change mode to rwxr-xr-x: Operation not permitted
build	Cache Android SDK	2026-06-06T12:23:01.3813004Z /usr/bin/tar: ../../../../../usr/local/lib/android/sdk/platforms/android-37.0/data/res/values-pt-rPT: Cannot utime: Operation not permitted
build	Cache Android SDK	2026-06-06T12:23:01.3814493Z /usr/bin/tar: ../../../../../usr/local/lib/android/sdk/platforms/android-37.0/data/res/values-pt-rPT: Cannot change mode to rwxr-xr-x: Operation not permitted
build	Cache Android SDK	2026-06-06T12:23:01.3816714Z /usr/bin/tar: ../../../../../usr/local/lib/android/sdk/platforms/android-37.0/data/res/values-mcc334-mnc020-sv: Cannot utime: Operation not permitted
build	Cache Android SDK	2026-06-06T12:23:01.3817852Z /usr/bin/tar: ../../../../../usr/local/lib/android/sdk/platforms/android-37.0/data/res/values-mcc334-mnc020-sv: Cannot change mode to rwxr-xr-x: Operation not permitted
build	Cache Android SDK	2026-06-06T12:23:01.3820428Z /usr/bin/tar: ../../../../../usr/local/lib/android/sdk/platforms/android-37.0/data/res/values-mcc530-mnc05: Cannot utime: Operation not permitted
build	Cache Android SDK	2026-06-06T12:23:01.3821379Z /usr/bin/tar: ../../../../../usr/local/lib/android/sdk/platforms/android-37.0/data/res/values-mcc530-mnc05: Cannot change mode to rwxr-xr-x: Operation not permitted
build	Cache Android SDK	2026-06-06T12:23:01.3824380Z /usr/bin/tar: ../../../../../usr/local/lib/android/sdk/platforms/android-37.0/data/res/values-mcc310-mnc030-uk: Cannot utime: Operation not permitted
build	Cache Android SDK	2026-06-06T12:23:01.3825330Z /usr/bin/tar: ../../../../../usr/local/lib/android/sdk/platforms/android-37.0/data/res/values-mcc310-mnc030-uk: Cannot change mode to rwxr-xr-x: Operation not permitted
build	Cache Android SDK	2026-06-06T12:23:01.3832387Z /usr/bin/tar: ../../../../../usr/local/lib/android/sdk/platforms/android-37.0/data/res/values-mcc310-mnc030-hy: Cannot utime: Operation not permitted
build	Cache Android SDK	2026-06-06T12:23:01.3833520Z /usr/bin/tar: ../../../../../usr/local/lib/android/sdk/platforms/android-37.0/data/res/values-mcc310-mnc030-hy: Cannot change mode to rwxr-xr-x: Operation not permitted
build	Cache Android SDK	2026-06-06T12:23:01.3835317Z /usr/bin/tar: ../../../../../usr/local/lib/android/sdk/platforms/android-37.0/data/res/values-mcc310-mnc950-kk: Cannot utime: Operation not permitted
build	Cache Android SDK	2026-06-06T12:23:01.3836251Z /usr/bin/tar: ../../../../../usr/local/lib/android/sdk/platforms/android-37.0/data/res/values-mcc310-mnc950-kk: Cannot change mode to rwxr-xr-x: Operation not permitted
build	Cache Android SDK	2026-06-06T12:23:01.3839655Z /usr/bin/tar: ../../../../../usr/local/lib/android/sdk/platforms/android-37.0/data/res/values-mcc310-mnc170-ne: Cannot utime: Operation not permitted
build	Cache Android SDK	2026-06-06T12:23:01.3840676Z /usr/bin/tar: ../../../../../usr/local/lib/android/sdk/platforms/android-37.0/data/res/values-mcc310-mnc170-ne: Cannot change mode to rwxr-xr-x: Operation not permitted
build	Cache Android SDK	2026-06-06T12:23:01.3843369Z /usr/bin/tar: ../../../../../usr/local/lib/android/sdk/platforms/android-37.0/data/res/values-mcc310-mnc150-lt: Cannot utime: Operation not permitted
build	Cache Android SDK	2026-06-06T12:23:01.3844314Z /usr/bin/tar: ../../../../../usr/local/lib/android/sdk/platforms/android-37.0/data/res/values-mcc310-mnc150-lt: Cannot change mode to rwxr-xr-x: Operation not permitted
build	Cache Android SDK	2026-06-06T12:23:01.3846969Z /usr/bin/tar: ../../../../../usr/local/lib/android/sdk/platforms/android-37.0/data/res/values-mcc310-mnc240-iw: Cannot utime: Operation not permitted
build	Cache Android SDK	2026-06-06T12:23:01.3848188Z /usr/bin/tar: ../../../../../usr/local/lib/android/sdk/platforms/android-37.0/data/res/values-mcc310-mnc240-iw: Cannot change mode to rwxr-xr-x: Operation not permitted
build	Cache Android SDK	2026-06-06T12:23:01.3851946Z /usr/bin/tar: ../../../../../usr/local/lib/android/sdk/platforms/android-37.0/data/res/values-mcc310-mnc240-sr: Cannot utime: Operation not permitted
build	Cache Android SDK	2026-06-06T12:23:01.3852888Z /usr/bin/tar: ../../../../../usr/local/lib/android/sdk/platforms/android-37.0/data/res/values-mcc310-mnc240-sr: Cannot change mode to rwxr-xr-x: Operation not permitted
build	Cache Android SDK	2026-06-06T12:23:01.3856550Z /usr/bin/tar: ../../../../../usr/local/lib/android/sdk/platforms/android-37.0/data/res/values-w240dp: Cannot utime: Operation not permitted
build	Cache Android SDK	2026-06-06T12:23:01.3857741Z /usr/bin/tar: ../../../../../usr/local/lib/android/sdk/platforms/android-37.0/data/res/values-w240dp: Cannot change mode to rwxr-xr-x: Operation not permitted
build	Cache Android SDK	2026-06-06T12:23:01.3872662Z /usr/bin/tar: ../../../../../usr/local/lib/android/sdk/platforms/android-37.0/data/res/values-mcc310-mnc240-zh-rCN: Cannot utime: Operation not permitted
build	Cache Android SDK	2026-06-06T12:23:01.3874409Z /usr/bin/tar: ../../../../../usr/local/lib/android/sdk/platforms/android-37.0/data/res/values-mcc310-mnc240-zh-rCN: Cannot change mode to rwxr-xr-x: Operation not permitted
build	Cache Android SDK	2026-06-06T12:23:01.3875830Z /usr/bin/tar: ../../../../../usr/local/lib/android/sdk/platforms/android-37.0/data/res/values-mcc310-mnc380-tr: Cannot utime: Operation not permitted
build	Cache Android SDK	2026-06-06T12:23:01.3876780Z /usr/bin/tar: ../../../../../usr/local/lib/android/sdk/platforms/android-37.0/data/res/values-mcc310-mnc380-tr: Cannot change mode to rwxr-xr-x: Operation not permitted
build	Cache Android SDK	2026-06-06T12:23:01.3878276Z /usr/bin/tar: ../../../../../usr/local/lib/android/sdk/platforms/android-37.0/data/res/values-mcc310-mnc250-nb: Cannot utime: Operation not permitted
build	Cache Android SDK	2026-06-06T12:23:01.3879583Z /usr/bin/tar: ../../../../../usr/local/lib/android/sdk/platforms/android-37.0/data/res/values-mcc310-mnc250-nb: Cannot change mode to rwxr-xr-x: Operation not permitted
build	Cache Android SDK	2026-06-06T12:23:01.3880508Z /usr/bin/tar: ../../../../../usr/local/lib/android/sdk/platforms/android-37.0/data/res/drawable-en-ldpi: Cannot utime: Operation not permitted
build	Cache Android SDK	2026-06-06T12:23:01.3881410Z /usr/bin/tar: ../../../../../usr/local/lib/android/sdk/platforms/android-37.0/data/res/drawable-en-ldpi: Cannot change mode to rwxr-xr-x: Operation not permitted
build	Cache Android SDK	2026-06-06T12:23:01.3883220Z /usr/bin/tar: ../../../../../usr/local/lib/android/sdk/platforms/android-37.0/data/res/values-mcc334-mnc020-gl: Cannot utime: Operation not permitted
build	Cache Android SDK	2026-06-06T12:23:01.3884208Z /usr/bin/tar: ../../../../../usr/local/lib/android/sdk/platforms/android-37.0/data/res/values-mcc334-mnc020-gl: Cannot change mode to rwxr-xr-x: Operation not permitted
build	Cache Android SDK	2026-06-06T12:23:01.3885123Z /usr/bin/tar: ../../../../../usr/local/lib/android/sdk/platforms/android-37.0/data/res/values-mcc310-mnc170-fr: Cannot utime: Operation not permitted
build	Cache Android SDK	2026-06-06T12:23:01.3886527Z /usr/bin/tar: ../../../../../usr/local/lib/android/sdk/platforms/android-37.0/data/res/values-mcc310-mnc170-fr: Cannot change mode to rwxr-xr-x: Operation not permitted
build	Cache Android SDK	2026-06-06T12:23:01.3887998Z /usr/bin/tar: ../../../../../usr/local/lib/android/sdk/platforms/android-37.0/data/res/values-mcc310-mnc280-eu: Cannot utime: Operation not permitted
build	Cache Android SDK	2026-06-06T12:23:01.3888917Z /usr/bin/tar: ../../../../../usr/local/lib/android/sdk/platforms/android-37.0/data/res/values-mcc310-mnc280-eu: Cannot change mode to rwxr-xr-x: Operation not permitted
build	Cache Android SDK	2026-06-06T12:23:01.3894297Z /usr/bin/tar: ../../../../../usr/local/lib/android/sdk/platforms/android-37.0/data/res/values-mcc310-mnc270-si: Cannot utime: Operation not permitted
build	Cache Android SDK	2026-06-06T12:23:01.3895242Z /usr/bin/tar: ../../../../../usr/local/lib/android/sdk/platforms/android-37.0/data/res/values-mcc310-mnc270-si: Cannot change mode to rwxr-xr-x: Operation not permitted
build	Cache Android SDK	2026-06-06T12:23:01.3898045Z /usr/bin/tar: ../../../../../usr/local/lib/android/sdk/platforms/android-37.0/data/res/drawable-w240dp: Cannot utime: Operation not permitted
build	Cache Android SDK	2026-06-06T12:23:01.3899050Z /usr/bin/tar: ../../../../../usr/local/lib/android/sdk/platforms/android-37.0/data/res/drawable-w240dp: Cannot change mode to rwxr-xr-x: Operation not permitted
build	Cache Android SDK	2026-06-06T12:23:01.3902431Z /usr/bin/tar: ../../../../../usr/local/lib/android/sdk/platforms/android-37.0/data/res/values-mcc310-mnc380-my: Cannot utime: Operation not permitted
build	Cache Android SDK	2026-06-06T12:23:01.3903379Z /usr/bin/tar: ../../../../../usr/local/lib/android/sdk/platforms/android-37.0/data/res/values-mcc310-mnc380-my: Cannot change mode to rwxr-xr-x: Operation not permitted
build	Cache Android SDK	2026-06-06T12:23:01.3906869Z /usr/bin/tar: ../../../../../usr/local/lib/android/sdk/platforms/android-37.0/data/res/values-mcc311-mnc180-fi: Cannot utime: Operation not permitted
build	Cache Android SDK	2026-06-06T12:23:01.3907985Z /usr/bin/tar: ../../../../../usr/local/lib/android/sdk/platforms/android-37.0/data/res/values-mcc311-mnc180-fi: Cannot change mode to rwxr-xr-x: Operation not permitted
build	Cache Android SDK	2026-06-06T12:23:01.3912951Z /usr/bin/tar: ../../../../../usr/local/lib/android/sdk/platforms/android-37.0/data/res/values-mcc310-mnc150-el: Cannot utime: Operation not permitted
build	Cache Android SDK	2026-06-06T12:23:01.3913886Z /usr/bin/tar: ../../../../../usr/local/lib/android/sdk/platforms/android-37.0/data/res/values-mcc310-mnc150-el: Cannot change mode to rwxr-xr-x: Operation not permitted
build	Cache Android SDK	2026-06-06T12:23:01.3917114Z /usr/bin/tar: ../../../../../usr/local/lib/android/sdk/platforms/android-37.0/data/res/values-ldrtl-television: Cannot utime: Operation not permitted
build	Cache Android SDK	2026-06-06T12:23:01.3918275Z /usr/bin/tar: ../../../../../usr/local/lib/android/sdk/platforms/android-37.0/data/res/values-ldrtl-television: Cannot change mode to rwxr-xr-x: Operation not permitted
build	Cache Android SDK	2026-06-06T12:23:01.3921368Z /usr/bin/tar: ../../../../../usr/local/lib/android/sdk/platforms/android-37.0/data/res/values-nb-watch: Cannot utime: Operation not permitted
build	Cache Android SDK	2026-06-06T12:23:01.3922267Z /usr/bin/tar: ../../../../../usr/local/lib/android/sdk/platforms/android-37.0/data/res/values-nb-watch: Cannot change mode to rwxr-xr-x: Operation not permitted
build	Cache Android SDK	2026-06-06T12:23:01.3925740Z /usr/bin/tar: ../../../../../usr/local/lib/android/sdk/platforms/android-37.0/data/res/values-mcc310-mnc490: Cannot utime: Operation not permitted
build	Cache Android SDK	2026-06-06T12:23:01.3926733Z /usr/bin/tar: ../../../../../usr/local/lib/android/sdk/platforms/android-37.0/data/res/values-mcc310-mnc490: Cannot change mode to rwxr-xr-x: Operation not permitted
build	Cache Android SDK	2026-06-06T12:23:01.3929647Z /usr/bin/tar: ../../../../../usr/local/lib/android/sdk/platforms/android-37.0/data/res/values-mcc310-mnc230-gu: Cannot utime: Operation not permitted
build	Cache Android SDK	2026-06-06T12:23:01.3930616Z /usr/bin/tar: ../../../../../usr/local/lib/android/sdk/platforms/android-37.0/data/res/values-mcc310-mnc230-gu: Cannot change mode to rwxr-xr-x: Operation not permitted
build	Cache Android SDK	2026-06-06T12:23:01.3935194Z /usr/bin/tar: ../../../../../usr/local/lib/android/sdk/platforms/android-37.0/data/res/values-mcc310-mnc230-lv: Cannot utime: Operation not permitted
build	Cache Android SDK	2026-06-06T12:23:01.3936148Z /usr/bin/tar: ../../../../../usr/local/lib/android/sdk/platforms/android-37.0/data/res/values-mcc310-mnc230-lv: Cannot change mode to rwxr-xr-x: Operation not permitted
build	Cache Android SDK	2026-06-06T12:23:01.3944344Z /usr/bin/tar: ../../../../../usr/local/lib/android/sdk/platforms/android-37.0/data/res/values-mcc310-mnc410-bs: Cannot utime: Operation not permitted
build	Cache Android SDK	2026-06-06T12:23:01.3945300Z /usr/bin/tar: ../../../../../usr/local/lib/android/sdk/platforms/android-37.0/data/res/values-mcc310-mnc410-bs: Cannot change mode to rwxr-xr-x: Operation not permitted
build	Cache Android SDK	2026-06-06T12:23:01.3952149Z /usr/bin/tar: ../../../../../usr/local/lib/android/sdk/platforms/android-37.0/data/res/values-mcc302-mnc370-pt: Cannot utime: Operation not permitted
build	Cache Android SDK	2026-06-06T12:23:01.3953233Z /usr/bin/tar: ../../../../../usr/local/lib/android/sdk/platforms/android-37.0/data/res/values-mcc302-mnc370-pt: Cannot change mode to rwxr-xr-x: Operation not permitted
build	Cache Android SDK	2026-06-06T12:23:01.3955694Z /usr/bin/tar: ../../../../../usr/local/lib/android/sdk/platforms/android-37.0/data/res/raw-ja: Cannot utime: Operation not permitted
build	Cache Android SDK	2026-06-06T12:23:01.3956692Z /usr/bin/tar: ../../../../../usr/local/lib/android/sdk/platforms/android-37.0/data/res/raw-ja: Cannot change mode to rwxr-xr-x: Operation not permitted
build	Cache Android SDK	2026-06-06T12:23:01.3960809Z /usr/bin/tar: ../../../../../usr/local/lib/android/sdk/platforms/android-37.0/data/res/values-mcc310-mnc270-ne: Cannot utime: Operation not permitted
build	Cache Android SDK	2026-06-06T12:23:01.3961831Z /usr/bin/tar: ../../../../../usr/local/lib/android/sdk/platforms/android-37.0/data/res/values-mcc310-mnc270-ne: Cannot change mode to rwxr-xr-x: Operation not permitted
build	Cache Android SDK	2026-06-06T12:23:01.3965073Z /usr/bin/tar: ../../../../../usr/local/lib/android/sdk/platforms/android-37.0/data/res/values-mcc310-mnc150-sl: Cannot utime: Operation not permitted
build	Cache Android SDK	2026-06-06T12:23:01.3966254Z /usr/bin/tar: ../../../../../usr/local/lib/android/sdk/platforms/android-37.0/data/res/values-mcc310-mnc150-sl: Cannot change mode to rwxr-xr-x: Operation not permitted
build	Cache Android SDK	2026-06-06T12:23:01.3969822Z /usr/bin/tar: ../../../../../usr/local/lib/android/sdk/platforms/android-37.0/data/res/values-mcc310-mnc380-de: Cannot utime: Operation not permitted
build	Cache Android SDK	2026-06-06T12:23:01.3970870Z /usr/bin/tar: ../../../../../usr/local/lib/android/sdk/platforms/android-37.0/data/res/values-mcc310-mnc380-de: Cannot change mode to rwxr-xr-x: Operation not permitted
build	Cache Android SDK	2026-06-06T12:23:01.3972916Z /usr/bin/tar: ../../../../../usr/local/lib/android/sdk/platforms/android-37.0/data/res/values-mcc310-mnc950-hu: Cannot utime: Operation not permitted
build	Cache Android SDK	2026-06-06T12:23:01.3973862Z /usr/bin/tar: ../../../../../usr/local/lib/android/sdk/platforms/android-37.0/data/res/values-mcc310-mnc950-hu: Cannot change mode to rwxr-xr-x: Operation not permitted
build	Cache Android SDK	2026-06-06T12:23:01.3978166Z /usr/bin/tar: ../../../../../usr/local/lib/android/sdk/platforms/android-37.0/data/res/values-mcc310-mnc230-pa: Cannot utime: Operation not permitted
build	Cache Android SDK	2026-06-06T12:23:01.3979117Z /usr/bin/tar: ../../../../../usr/local/lib/android/sdk/platforms/android-37.0/data/res/values-mcc310-mnc230-pa: Cannot change mode to rwxr-xr-x: Operation not permitted
build	Cache Android SDK	2026-06-06T12:23:01.3984855Z /usr/bin/tar: ../../../../../usr/local/lib/android/sdk/platforms/android-37.0/data/res/values-w320dp: Cannot utime: Operation not permitted
build	Cache Android SDK	2026-06-06T12:23:01.3985785Z /usr/bin/tar: ../../../../../usr/local/lib/android/sdk/platforms/android-37.0/data/res/values-w320dp: Cannot change mode to rwxr-xr-x: Operation not permitted
build	Cache Android SDK	2026-06-06T12:23:01.3988714Z /usr/bin/tar: ../../../../../usr/local/lib/android/sdk/platforms/android-37.0/data/res/values-mcc310-mnc270-kk: Cannot utime: Operation not permitted
build	Cache Android SDK	2026-06-06T12:23:01.3989659Z /usr/bin/tar: ../../../../../usr/local/lib/android/sdk/platforms/android-37.0/data/res/values-mcc310-mnc270-kk: Cannot change mode to rwxr-xr-x: Operation not permitted
build	Cache Android SDK	2026-06-06T12:23:01.3993595Z /usr/bin/tar: ../../../../../usr/local/lib/android/sdk/platforms/android-37.0/data/res/values-mcc313-mnc100-nb: Cannot utime: Operation not permitted
build	Cache Android SDK	2026-06-06T12:23:01.3994606Z /usr/bin/tar: ../../../../../usr/local/lib/android/sdk/platforms/android-37.0/data/res/values-mcc313-mnc100-nb: Cannot change mode to rwxr-xr-x: Operation not permitted
build	Cache Android SDK	2026-06-06T12:23:01.3997186Z /usr/bin/tar: ../../../../../usr/local/lib/android/sdk/platforms/android-37.0/data/res/values-mcc310-mnc250-ky: Cannot utime: Operation not permitted
build	Cache Android SDK	2026-06-06T12:23:01.3998307Z /usr/bin/tar: ../../../../../usr/local/lib/android/sdk/platforms/android-37.0/data/res/values-mcc310-mnc250-ky: Cannot change mode to rwxr-xr-x: Operation not permitted
build	Cache Android SDK	2026-06-06T12:23:01.4002042Z /usr/bin/tar: ../../../../../usr/local/lib/android/sdk/platforms/android-37.0/data/res/values-mcc310-mnc800-gu: Cannot utime: Operation not permitted
build	Cache Android SDK	2026-06-06T12:23:01.4002991Z /usr/bin/tar: ../../../../../usr/local/lib/android/sdk/platforms/android-37.0/data/res/values-mcc310-mnc800-gu: Cannot change mode to rwxr-xr-x: Operation not permitted
build	Cache Android SDK	2026-06-06T12:23:01.4005958Z /usr/bin/tar: ../../../../../usr/local/lib/android/sdk/platforms/android-37.0/data/res/values-mcc310-mnc200-sv: Cannot utime: Operation not permitted
build	Cache Android SDK	2026-06-06T12:23:01.4006975Z /usr/bin/tar: ../../../../../usr/local/lib/android/sdk/platforms/android-37.0/data/res/values-mcc310-mnc200-sv: Cannot change mode to rwxr-xr-x: Operation not permitted
build	Cache Android SDK	2026-06-06T12:23:01.4012825Z /usr/bin/tar: ../../../../../usr/local/lib/android/sdk/platforms/android-37.0/data/res/values-mcc334-mnc020-en-rGB: Cannot utime: Operation not permitted
build	Cache Android SDK	2026-06-06T12:23:01.4014454Z /usr/bin/tar: ../../../../../usr/local/lib/android/sdk/platforms/android-37.0/data/res/values-mcc334-mnc020-en-rGB: Cannot change mode to rwxr-xr-x: Operation not permitted
build	Cache Android SDK	2026-06-06T12:23:01.4015460Z /usr/bin/tar: ../../../../../usr/local/lib/android/sdk/platforms/android-37.0/data/res/values-mcc302-mnc720-en-rIN: Cannot utime: Operation not permitted
build	Cache Android SDK	2026-06-06T12:23:01.4016428Z /usr/bin/tar: ../../../../../usr/local/lib/android/sdk/platforms/android-37.0/data/res/values-mcc302-mnc720-en-rIN: Cannot change mode to rwxr-xr-x: Operation not permitted
build	Cache Android SDK	2026-06-06T12:23:01.4023050Z /usr/bin/tar: ../../../../../usr/local/lib/android/sdk/platforms/android-37.0/data/res/xml-en: Cannot utime: Operation not permitted
build	Cache Android SDK	2026-06-06T12:23:01.4024113Z /usr/bin/tar: ../../../../../usr/local/lib/android/sdk/platforms/android-37.0/data/res/xml-en: Cannot change mode to rwxr-xr-x: Operation not permitted
build	Cache Android SDK	2026-06-06T12:23:01.4029629Z /usr/bin/tar: ../../../../../usr/local/lib/android/sdk/platforms/android-37.0/data/res/values-mcc310-mnc950-es-rUS: Cannot utime: Operation not permitted
build	Cache Android SDK	2026-06-06T12:23:01.4031118Z /usr/bin/tar: ../../../../../usr/local/lib/android/sdk/platforms/android-37.0/data/res/values-mcc310-mnc950-es-rUS: Cannot change mode to rwxr-xr-x: Operation not permitted
build	Cache Android SDK	2026-06-06T12:23:01.4033616Z /usr/bin/tar: ../../../../../usr/local/lib/android/sdk/platforms/android-37.0/data/res/values-mcc310-mnc950-tr: Cannot utime: Operation not permitted
build	Cache Android SDK	2026-06-06T12:23:01.4034611Z /usr/bin/tar: ../../../../../usr/local/lib/android/sdk/platforms/android-37.0/data/res/values-mcc310-mnc950-tr: Cannot change mode to rwxr-xr-x: Operation not permitted
build	Cache Android SDK	2026-06-06T12:23:01.4038204Z /usr/bin/tar: ../../../../../usr/local/lib/android/sdk/platforms/android-37.0/data/res/values-mcc310-mnc200-de: Cannot utime: Operation not permitted
build	Cache Android SDK	2026-06-06T12:23:01.4039181Z /usr/bin/tar: ../../../../../usr/local/lib/android/sdk/platforms/android-37.0/data/res/values-mcc310-mnc200-de: Cannot change mode to rwxr-xr-x: Operation not permitted
build	Cache Android SDK	2026-06-06T12:23:01.4041873Z /usr/bin/tar: ../../../../../usr/local/lib/android/sdk/platforms/android-37.0/data/res/values-is-watch: Cannot utime: Operation not permitted
build	Cache Android SDK	2026-06-06T12:23:01.4042794Z /usr/bin/tar: ../../../../../usr/local/lib/android/sdk/platforms/android-37.0/data/res/values-is-watch: Cannot change mode to rwxr-xr-x: Operation not permitted
build	Cache Android SDK	2026-06-06T12:23:01.4045472Z /usr/bin/tar: ../../../../../usr/local/lib/android/sdk/platforms/android-37.0/data/res/values-mcc310-mnc660-lo: Cannot utime: Operation not permitted
build	Cache Android SDK	2026-06-06T12:23:01.4046424Z /usr/bin/tar: ../../../../../usr/local/lib/android/sdk/platforms/android-37.0/data/res/values-mcc310-mnc660-lo: Cannot change mode to rwxr-xr-x: Operation not permitted
build	Cache Android SDK	2026-06-06T12:23:01.4049662Z /usr/bin/tar: ../../../../../usr/local/lib/android/sdk/platforms/android-37.0/data/res/values-mcc310-mnc380-or: Cannot utime: Operation not permitted
build	Cache Android SDK	2026-06-06T12:23:01.4050634Z /usr/bin/tar: ../../../../../usr/local/lib/android/sdk/platforms/android-37.0/data/res/values-mcc310-mnc380-or: Cannot change mode to rwxr-xr-x: Operation not permitted
build	Cache Android SDK	2026-06-06T12:23:01.4053926Z /usr/bin/tar: ../../../../../usr/local/lib/android/sdk/platforms/android-37.0/data/res/values-mcc334-mnc020-ky: Cannot utime: Operation not permitted
build	Cache Android SDK	2026-06-06T12:23:01.4054874Z /usr/bin/tar: ../../../../../usr/local/lib/android/sdk/platforms/android-37.0/data/res/values-mcc334-mnc020-ky: Cannot change mode to rwxr-xr-x: Operation not permitted
build	Cache Android SDK	2026-06-06T12:23:01.4058179Z /usr/bin/tar: ../../../../../usr/local/lib/android/sdk/platforms/android-37.0/data/res/values-mcc334-mnc020-pt-rPT: Cannot utime: Operation not permitted
build	Cache Android SDK	2026-06-06T12:23:01.4059249Z /usr/bin/tar: ../../../../../usr/local/lib/android/sdk/platforms/android-37.0/data/res/values-mcc334-mnc020-pt-rPT: Cannot change mode to rwxr-xr-x: Operation not permitted
build	Cache Android SDK	2026-06-06T12:23:01.4061992Z /usr/bin/tar: ../../../../../usr/local/lib/android/sdk/platforms/android-37.0/data/res/values-mcc310-mnc250-en-rIN: Cannot utime: Operation not permitted
build	Cache Android SDK	2026-06-06T12:23:01.4062987Z /usr/bin/tar: ../../../../../usr/local/lib/android/sdk/platforms/android-37.0/data/res/values-mcc310-mnc250-en-rIN: Cannot change mode to rwxr-xr-x: Operation not permitted
build	Cache Android SDK	2026-06-06T12:23:01.4068752Z /usr/bin/tar: ../../../../../usr/local/lib/android/sdk/platforms/android-37.0/data/res/values-mcc466-mnc03: Cannot utime: Operation not permitted
build	Cache Android SDK	2026-06-06T12:23:01.4069679Z /usr/bin/tar: ../../../../../usr/local/lib/android/sdk/platforms/android-37.0/data/res/values-mcc466-mnc03: Cannot change mode to rwxr-xr-x: Operation not permitted
build	Cache Android SDK	2026-06-06T12:23:01.4074536Z /usr/bin/tar: ../../../../../usr/local/lib/android/sdk/platforms/android-37.0/data/res/values-mcc310-mnc200-fr-rCA: Cannot utime: Operation not permitted
build	Cache Android SDK	2026-06-06T12:23:01.4075680Z /usr/bin/tar: ../../../../../usr/local/lib/android/sdk/platforms/android-37.0/data/res/values-mcc310-mnc200-fr-rCA: Cannot change mode to rwxr-xr-x: Operation not permitted
build	Cache Android SDK	2026-06-06T12:23:01.4080660Z /usr/bin/tar: ../../../../../usr/local/lib/android/sdk/platforms/android-37.0/data/res/values-mcc340-mnc01: Cannot utime: Operation not permitted
build	Cache Android SDK	2026-06-06T12:23:01.4081689Z /usr/bin/tar: ../../../../../usr/local/lib/android/sdk/platforms/android-37.0/data/res/values-mcc340-mnc01: Cannot change mode to rwxr-xr-x: Operation not permitted
build	Cache Android SDK	2026-06-06T12:23:01.4088056Z /usr/bin/tar: ../../../../../usr/local/lib/android/sdk/platforms/android-37.0/data/res/values-mcc310-mnc240-kn: Cannot utime: Operation not permitted
build	Cache Android SDK	2026-06-06T12:23:01.4089002Z /usr/bin/tar: ../../../../../usr/local/lib/android/sdk/platforms/android-37.0/data/res/values-mcc310-mnc240-kn: Cannot change mode to rwxr-xr-x: Operation not permitted
build	Cache Android SDK	2026-06-06T12:23:01.4095783Z /usr/bin/tar: ../../../../../usr/local/lib/android/sdk/platforms/android-37.0/data/res/values-land: Cannot utime: Operation not permitted
build	Cache Android SDK	2026-06-06T12:23:01.4096706Z /usr/bin/tar: ../../../../../usr/local/lib/android/sdk/platforms/android-37.0/data/res/values-land: Cannot change mode to rwxr-xr-x: Operation not permitted
build	Cache Android SDK	2026-06-06T12:23:01.4099625Z /usr/bin/tar: ../../../../../usr/local/lib/android/sdk/platforms/android-37.0/data/res/values-mcc302-mnc370-ka: Cannot utime: Operation not permitted
build	Cache Android SDK	2026-06-06T12:23:01.4100628Z /usr/bin/tar: ../../../../../usr/local/lib/android/sdk/platforms/android-37.0/data/res/values-mcc302-mnc370-ka: Cannot change mode to rwxr-xr-x: Operation not permitted
build	Cache Android SDK	2026-06-06T12:23:01.4103742Z /usr/bin/tar: ../../../../../usr/local/lib/android/sdk/platforms/android-37.0/data/res/values-mcc302-mnc720-sl: Cannot utime: Operation not permitted
build	Cache Android SDK	2026-06-06T12:23:01.4104702Z /usr/bin/tar: ../../../../../usr/local/lib/android/sdk/platforms/android-37.0/data/res/values-mcc302-mnc720-sl: Cannot change mode to rwxr-xr-x: Operation not permitted
build	Cache Android SDK	2026-06-06T12:23:01.4109799Z /usr/bin/tar: ../../../../../usr/local/lib/android/sdk/platforms/android-37.0/data/res/values-mcc310-mnc240-mr: Cannot utime: Operation not permitted
build	Cache Android SDK	2026-06-06T12:23:01.4110730Z /usr/bin/tar: ../../../../../usr/local/lib/android/sdk/platforms/android-37.0/data/res/values-mcc310-mnc240-mr: Cannot change mode to rwxr-xr-x: Operation not permitted
build	Cache Android SDK	2026-06-06T12:23:01.4114608Z /usr/bin/tar: ../../../../../usr/local/lib/android/sdk/platforms/android-37.0/data/res/values-mcc334-mnc020-fr-neuter: Cannot utime: Operation not permitted
build	Cache Android SDK	2026-06-06T12:23:01.4115602Z /usr/bin/tar: ../../../../../usr/local/lib/android/sdk/platforms/android-37.0/data/res/values-mcc334-mnc020-fr-neuter: Cannot change mode to rwxr-xr-x: Operation not permitted
build	Cache Android SDK	2026-06-06T12:23:01.4118532Z /usr/bin/tar: ../../../../../usr/local/lib/android/sdk/platforms/android-37.0/data/res/values-mcc310-mnc560-fa: Cannot utime: Operation not permitted
build	Cache Android SDK	2026-06-06T12:23:01.4119568Z /usr/bin/tar: ../../../../../usr/local/lib/android/sdk/platforms/android-37.0/data/res/values-mcc310-mnc560-fa: Cannot change mode to rwxr-xr-x: Operation not permitted
build	Cache Android SDK	2026-06-06T12:23:01.4121870Z /usr/bin/tar: ../../../../../usr/local/lib/android/sdk/platforms/android-37.0/data/res/values-mcc312-mnc670-ro: Cannot utime: Operation not permitted
build	Cache Android SDK	2026-06-06T12:23:01.4122902Z /usr/bin/tar: ../../../../../usr/local/lib/android/sdk/platforms/android-37.0/data/res/values-mcc312-mnc670-ro: Cannot change mode to rwxr-xr-x: Operation not permitted
build	Cache Android SDK	2026-06-06T12:23:01.4129527Z /usr/bin/tar: ../../../../../usr/local/lib/android/sdk/platforms/android-37.0/data/res/values-mcc310-mnc250-cs: Cannot utime: Operation not permitted
build	Cache Android SDK	2026-06-06T12:23:01.4130472Z /usr/bin/tar: ../../../../../usr/local/lib/android/sdk/platforms/android-37.0/data/res/values-mcc310-mnc250-cs: Cannot change mode to rwxr-xr-x: Operation not permitted
build	Cache Android SDK	2026-06-06T12:23:01.4133748Z /usr/bin/tar: ../../../../../usr/local/lib/android/sdk/platforms/android-37.0/data/res/values-hu-rHU: Cannot utime: Operation not permitted
build	Cache Android SDK	2026-06-06T12:23:01.4135403Z /usr/bin/tar: ../../../../../usr/local/lib/android/sdk/platforms/android-37.0/data/res/values-hu-rHU: Cannot change mode to rwxr-xr-x: Operation not permitted
build	Cache Android SDK	2026-06-06T12:23:01.4140498Z /usr/bin/tar: ../../../../../usr/local/lib/android/sdk/platforms/android-37.0/data/res/values-mcc315: Cannot utime: Operation not permitted
build	Cache Android SDK	2026-06-06T12:23:01.4141406Z /usr/bin/tar: ../../../../../usr/local/lib/android/sdk/platforms/android-37.0/data/res/values-mcc315: Cannot change mode to rwxr-xr-x: Operation not permitted
build	Cache Android SDK	2026-06-06T12:23:01.4144843Z /usr/bin/tar: ../../../../../usr/local/lib/android/sdk/platforms/android-37.0/data/res/values-mcc310-mnc660-gl: Cannot utime: Operation not permitted
build	Cache Android SDK	2026-06-06T12:23:01.4145790Z /usr/bin/tar: ../../../../../usr/local/lib/android/sdk/platforms/android-37.0/data/res/values-mcc310-mnc660-gl: Cannot change mode to rwxr-xr-x: Operation not permitted
build	Cache Android SDK	2026-06-06T12:23:01.4150912Z /usr/bin/tar: ../../../../../usr/local/lib/android/sdk/platforms/android-37.0/data/res/values-mcc313-mnc100-de: Cannot utime: Operation not permitted
build	Cache Android SDK	2026-06-06T12:23:01.4151845Z /usr/bin/tar: ../../../../../usr/local/lib/android/sdk/platforms/android-37.0/data/res/values-mcc313-mnc100-de: Cannot change mode to rwxr-xr-x: Operation not permitted
build	Cache Android SDK	2026-06-06T12:23:01.4156823Z /usr/bin/tar: ../../../../../usr/local/lib/android/sdk/platforms/android-37.0/data/res/values-mcc311-mnc180-it: Cannot utime: Operation not permitted
build	Cache Android SDK	2026-06-06T12:23:01.4157887Z /usr/bin/tar: ../../../../../usr/local/lib/android/sdk/platforms/android-37.0/data/res/values-mcc311-mnc180-it: Cannot change mode to rwxr-xr-x: Operation not permitted
build	Cache Android SDK	2026-06-06T12:23:01.4162101Z /usr/bin/tar: ../../../../../usr/local/lib/android/sdk/platforms/android-37.0/data/res/values-mcc310-mnc150-ta: Cannot utime: Operation not permitted
build	Cache Android SDK	2026-06-06T12:23:01.4163162Z /usr/bin/tar: ../../../../../usr/local/lib/android/sdk/platforms/android-37.0/data/res/values-mcc310-mnc150-ta: Cannot change mode to rwxr-xr-x: Operation not permitted
build	Cache Android SDK	2026-06-06T12:23:01.4166599Z /usr/bin/tar: ../../../../../usr/local/lib/android/sdk/platforms/android-37.0/data/res/values-mcc334-mnc050: Cannot utime: Operation not permitted
build	Cache Android SDK	2026-06-06T12:23:01.4167768Z /usr/bin/tar: ../../../../../usr/local/lib/android/sdk/platforms/android-37.0/data/res/values-mcc334-mnc050: Cannot change mode to rwxr-xr-x: Operation not permitted
build	Cache Android SDK	2026-06-06T12:23:01.4171050Z /usr/bin/tar: ../../../../../usr/local/lib/android/sdk/platforms/android-37.0/data/res/values-mcc001-mnc01-gl: Cannot utime: Operation not permitted
build	Cache Android SDK	2026-06-06T12:23:01.4172047Z /usr/bin/tar: ../../../../../usr/local/lib/android/sdk/platforms/android-37.0/data/res/values-mcc001-mnc01-gl: Cannot change mode to rwxr-xr-x: Operation not permitted
build	Cache Android SDK	2026-06-06T12:23:01.4175123Z /usr/bin/tar: ../../../../../usr/local/lib/android/sdk/platforms/android-37.0/data/res/values-mcc310-mnc950-vi: Cannot utime: Operation not permitted
build	Cache Android SDK	2026-06-06T12:23:01.4176061Z /usr/bin/tar: ../../../../../usr/local/lib/android/sdk/platforms/android-37.0/data/res/values-mcc310-mnc950-vi: Cannot change mode to rwxr-xr-x: Operation not permitted
build	Cache Android SDK	2026-06-06T12:23:01.4180290Z /usr/bin/tar: ../../../../../usr/local/lib/android/sdk/platforms/android-37.0/data/res/values-mcc432-mnc20: Cannot utime: Operation not permitted
build	Cache Android SDK	2026-06-06T12:23:01.4181209Z /usr/bin/tar: ../../../../../usr/local/lib/android/sdk/platforms/android-37.0/data/res/values-mcc432-mnc20: Cannot change mode to rwxr-xr-x: Operation not permitted
build	Cache Android SDK	2026-06-06T12:23:01.4184661Z /usr/bin/tar: ../../../../../usr/local/lib/android/sdk/platforms/android-37.0/data/res/values-mcc310-mnc800-de: Cannot utime: Operation not permitted
build	Cache Android SDK	2026-06-06T12:23:01.4185655Z /usr/bin/tar: ../../../../../usr/local/lib/android/sdk/platforms/android-37.0/data/res/values-mcc310-mnc800-de: Cannot change mode to rwxr-xr-x: Operation not permitted
build	Cache Android SDK	2026-06-06T12:23:01.4188069Z /usr/bin/tar: ../../../../../usr/local/lib/android/sdk/platforms/android-37.0/data/res/values-mcc310-mnc660-sq: Cannot utime: Operation not permitted
build	Cache Android SDK	2026-06-06T12:23:01.4189009Z /usr/bin/tar: ../../../../../usr/local/lib/android/sdk/platforms/android-37.0/data/res/values-mcc310-mnc660-sq: Cannot change mode to rwxr-xr-x: Operation not permitted
build	Cache Android SDK	2026-06-06T12:23:01.4191732Z /usr/bin/tar: ../../../../../usr/local/lib/android/sdk/platforms/android-37.0/data/res/values-mcc302-mnc720-sv: Cannot utime: Operation not permitted
build	Cache Android SDK	2026-06-06T12:23:01.4192675Z /usr/bin/tar: ../../../../../usr/local/lib/android/sdk/platforms/android-37.0/data/res/values-mcc302-mnc720-sv: Cannot change mode to rwxr-xr-x: Operation not permitted
build	Cache Android SDK	2026-06-06T12:23:01.4195731Z /usr/bin/tar: ../../../../../usr/local/lib/android/sdk/platforms/android-37.0/data/res/values-mcc310-mnc560-nl: Cannot utime: Operation not permitted
build	Cache Android SDK	2026-06-06T12:23:01.4196665Z /usr/bin/tar: ../../../../../usr/local/lib/android/sdk/platforms/android-37.0/data/res/values-mcc310-mnc560-nl: Cannot change mode to rwxr-xr-x: Operation not permitted
build	Cache Android SDK	2026-06-06T12:23:01.4202492Z /usr/bin/tar: ../../../../../usr/local/lib/android/sdk/platforms/android-37.0/data/res/values-mcc334-mnc020-hr: Cannot utime: Operation not permitted
build	Cache Android SDK	2026-06-06T12:23:01.4203451Z /usr/bin/tar: ../../../../../usr/local/lib/android/sdk/platforms/android-37.0/data/res/values-mcc334-mnc020-hr: Cannot change mode to rwxr-xr-x: Operation not permitted
build	Cache Android SDK	2026-06-06T12:23:01.4206693Z /usr/bin/tar: ../../../../../usr/local/lib/android/sdk/platforms/android-37.0/data/res/values-mcc001-mnc01-am: Cannot utime: Operation not permitted
build	Cache Android SDK	2026-06-06T12:23:01.4207808Z /usr/bin/tar: ../../../../../usr/local/lib/android/sdk/platforms/android-37.0/data/res/values-mcc001-mnc01-am: Cannot change mode to rwxr-xr-x: Operation not permitted
build	Cache Android SDK	2026-06-06T12:23:01.4210357Z /usr/bin/tar: ../../../../../usr/local/lib/android/sdk/platforms/android-37.0/data/res/values-mcc310-mnc560-en-rXC: Cannot utime: Operation not permitted
build	Cache Android SDK	2026-06-06T12:23:01.4211517Z /usr/bin/tar: ../../../../../usr/local/lib/android/sdk/platforms/android-37.0/data/res/values-mcc310-mnc560-en-rXC: Cannot change mode to rwxr-xr-x: Operation not permitted
build	Cache Android SDK	2026-06-06T12:23:01.4214402Z /usr/bin/tar: ../../../../../usr/local/lib/android/sdk/platforms/android-37.0/data/res/values-mcc310-mnc240-ne: Cannot utime: Operation not permitted
build	Cache Android SDK	2026-06-06T12:23:01.4216208Z /usr/bin/tar: ../../../../../usr/local/lib/android/sdk/platforms/android-37.0/data/res/values-mcc310-mnc240-ne: Cannot change mode to rwxr-xr-x: Operation not permitted
build	Cache Android SDK	2026-06-06T12:23:01.4220010Z /usr/bin/tar: ../../../../../usr/local/lib/android/sdk/platforms/android-37.0/data/res/values-mcc310-mnc150-lv: Cannot utime: Operation not permitted
build	Cache Android SDK	2026-06-06T12:23:01.4220959Z /usr/bin/tar: ../../../../../usr/local/lib/android/sdk/platforms/android-37.0/data/res/values-mcc310-mnc150-lv: Cannot change mode to rwxr-xr-x: Operation not permitted
build	Cache Android SDK	2026-06-06T12:23:01.4223706Z /usr/bin/tar: ../../../../../usr/local/lib/android/sdk/platforms/android-37.0/data/res/values-mcc310-mnc490-ro: Cannot utime: Operation not permitted
build	Cache Android SDK	2026-06-06T12:23:01.4224646Z /usr/bin/tar: ../../../../../usr/local/lib/android/sdk/platforms/android-37.0/data/res/values-mcc310-mnc490-ro: Cannot change mode to rwxr-xr-x: Operation not permitted
build	Cache Android SDK	2026-06-06T12:23:01.4227881Z /usr/bin/tar: ../../../../../usr/local/lib/android/sdk/platforms/android-37.0/data/res/values-mcc310-mnc270-zh-rTW: Cannot utime: Operation not permitted
build	Cache Android SDK	2026-06-06T12:23:01.4228861Z /usr/bin/tar: ../../../../../usr/local/lib/android/sdk/platforms/android-37.0/data/res/values-mcc310-mnc270-zh-rTW: Cannot change mode to rwxr-xr-x: Operation not permitted
build	Cache Android SDK	2026-06-06T12:23:01.4232046Z /usr/bin/tar: ../../../../../usr/local/lib/android/sdk/platforms/android-37.0/data/res/values-mcc310-mnc380-nl: Cannot utime: Operation not permitted
build	Cache Android SDK	2026-06-06T12:23:01.4233033Z /usr/bin/tar: ../../../../../usr/local/lib/android/sdk/platforms/android-37.0/data/res/values-mcc310-mnc380-nl: Cannot change mode to rwxr-xr-x: Operation not permitted
build	Cache Android SDK	2026-06-06T12:23:01.4236801Z /usr/bin/tar: ../../../../../usr/local/lib/android/sdk/platforms/android-37.0/data/res/values-en-rSG: Cannot utime: Operation not permitted
build	Cache Android SDK	2026-06-06T12:23:01.4237896Z /usr/bin/tar: ../../../../../usr/local/lib/android/sdk/platforms/android-37.0/data/res/values-en-rSG: Cannot change mode to rwxr-xr-x: Operation not permitted
build	Cache Android SDK	2026-06-06T12:23:01.4241857Z /usr/bin/tar: ../../../../../usr/local/lib/android/sdk/platforms/android-37.0/data/res/drawable-en-mdpi: Cannot utime: Operation not permitted
build	Cache Android SDK	2026-06-06T12:23:01.4242776Z /usr/bin/tar: ../../../../../usr/local/lib/android/sdk/platforms/android-37.0/data/res/drawable-en-mdpi: Cannot change mode to rwxr-xr-x: Operation not permitted
build	Cache Android SDK	2026-06-06T12:23:01.4247874Z /usr/bin/tar: ../../../../../usr/local/lib/android/sdk/platforms/android-37.0/data/res/values-mcc302-mnc720-pt-rPT: Cannot utime: Operation not permitted
build	Cache Android SDK	2026-06-06T12:23:01.4248854Z /usr/bin/tar: ../../../../../usr/local/lib/android/sdk/platforms/android-37.0/data/res/values-mcc302-mnc720-pt-rPT: Cannot change mode to rwxr-xr-x: Operation not permitted
build	Cache Android SDK	2026-06-06T12:23:01.4251575Z /usr/bin/tar: ../../../../../usr/local/lib/android/sdk/platforms/android-37.0/data/res/raw-fr: Cannot utime: Operation not permitted
build	Cache Android SDK	2026-06-06T12:23:01.4252474Z /usr/bin/tar: ../../../../../usr/local/lib/android/sdk/platforms/android-37.0/data/res/raw-fr: Cannot change mode to rwxr-xr-x: Operation not permitted
build	Cache Android SDK	2026-06-06T12:23:01.4255422Z /usr/bin/tar: ../../../../../usr/local/lib/android/sdk/platforms/android-37.0/data/res/values-mcc310-mnc530: Cannot utime: Operation not permitted
build	Cache Android SDK	2026-06-06T12:23:01.4256348Z /usr/bin/tar: ../../../../../usr/local/lib/android/sdk/platforms/android-37.0/data/res/values-mcc310-mnc530: Cannot change mode to rwxr-xr-x: Operation not permitted
build	Cache Android SDK	2026-06-06T12:23:01.4261127Z /usr/bin/tar: ../../../../../usr/local/lib/android/sdk/platforms/android-37.0/data/res/values-mcc311-mnc180-ru: Cannot utime: Operation not permitted
build	Cache Android SDK	2026-06-06T12:23:01.4262236Z /usr/bin/tar: ../../../../../usr/local/lib/android/sdk/platforms/android-37.0/data/res/values-mcc311-mnc180-ru: Cannot change mode to rwxr-xr-x: Operation not permitted
build	Cache Android SDK	2026-06-06T12:23:01.4264454Z /usr/bin/tar: ../../../../../usr/local/lib/android/sdk/platforms/android-37.0/data/res/values-mcc302-mnc370-hu: Cannot utime: Operation not permitted
build	Cache Android SDK	2026-06-06T12:23:01.4265581Z /usr/bin/tar: ../../../../../usr/local/lib/android/sdk/platforms/android-37.0/data/res/values-mcc302-mnc370-hu: Cannot change mode to rwxr-xr-x: Operation not permitted
build	Cache Android SDK	2026-06-06T12:23:01.4268579Z /usr/bin/tar: ../../../../../usr/local/lib/android/sdk/platforms/android-37.0/data/res/values-mcc310-mnc210-cs: Cannot utime: Operation not permitted
build	Cache Android SDK	2026-06-06T12:23:01.4269535Z /usr/bin/tar: ../../../../../usr/local/lib/android/sdk/platforms/android-37.0/data/res/values-mcc310-mnc210-cs: Cannot change mode to rwxr-xr-x: Operation not permitted
build	Cache Android SDK	2026-06-06T12:23:01.4273213Z /usr/bin/tar: ../../../../../usr/local/lib/android/sdk/platforms/android-37.0/data/res/values-mcc312-mnc670-hi: Cannot utime: Operation not permitted
build	Cache Android SDK	2026-06-06T12:23:01.4274191Z /usr/bin/tar: ../../../../../usr/local/lib/android/sdk/platforms/android-37.0/data/res/values-mcc312-mnc670-hi: Cannot change mode to rwxr-xr-x: Operation not permitted
build	Cache Android SDK	2026-06-06T12:23:01.4279523Z /usr/bin/tar: ../../../../../usr/local/lib/android/sdk/platforms/android-37.0/data/res/values-mcc302-mnc720-km: Cannot utime: Operation not permitted
build	Cache Android SDK	2026-06-06T12:23:01.4280495Z /usr/bin/tar: ../../../../../usr/local/lib/android/sdk/platforms/android-37.0/data/res/values-mcc302-mnc720-km: Cannot change mode to rwxr-xr-x: Operation not permitted
build	Cache Android SDK	2026-06-06T12:23:01.4283411Z /usr/bin/tar: ../../../../../usr/local/lib/android/sdk/platforms/android-37.0/data/res/values-sl-television: Cannot utime: Operation not permitted
build	Cache Android SDK	2026-06-06T12:23:01.4284420Z /usr/bin/tar: ../../../../../usr/local/lib/android/sdk/platforms/android-37.0/data/res/values-sl-television: Cannot change mode to rwxr-xr-x: Operation not permitted
build	Cache Android SDK	2026-06-06T12:23:01.4288158Z /usr/bin/tar: ../../../../../usr/local/lib/android/sdk/platforms/android-37.0/data/res/values-fr-feminine: Cannot utime: Operation not permitted
build	Cache Android SDK	2026-06-06T12:23:01.4289187Z /usr/bin/tar: ../../../../../usr/local/lib/android/sdk/platforms/android-37.0/data/res/values-fr-feminine: Cannot change mode to rwxr-xr-x: Operation not permitted
build	Cache Android SDK	2026-06-06T12:23:01.4292587Z /usr/bin/tar: ../../../../../usr/local/lib/android/sdk/platforms/android-37.0/data/res/values-mcc310-mnc220-en-rAU: Cannot utime: Operation not permitted
build	Cache Android SDK	2026-06-06T12:23:01.4293642Z /usr/bin/tar: ../../../../../usr/local/lib/android/sdk/platforms/android-37.0/data/res/values-mcc310-mnc220-en-rAU: Cannot change mode to rwxr-xr-x: Operation not permitted
build	Cache Android SDK	2026-06-06T12:23:01.4296877Z /usr/bin/tar: ../../../../../usr/local/lib/android/sdk/platforms/android-37.0/data/res/values-mcc310-mnc490-ko: Cannot utime: Operation not permitted
build	Cache Android SDK	2026-06-06T12:23:01.4298153Z /usr/bin/tar: ../../../../../usr/local/lib/android/sdk/platforms/android-37.0/data/res/values-mcc310-mnc490-ko: Cannot change mode to rwxr-xr-x: Operation not permitted
build	Cache Android SDK	2026-06-06T12:23:01.4300506Z /usr/bin/tar: ../../../../../usr/local/lib/android/sdk/platforms/android-37.0/data/res/values-mcc302-mnc370-ml: Cannot utime: Operation not permitted
build	Cache Android SDK	2026-06-06T12:23:01.4301459Z /usr/bin/tar: ../../../../../usr/local/lib/android/sdk/platforms/android-37.0/data/res/values-mcc302-mnc370-ml: Cannot change mode to rwxr-xr-x: Operation not permitted
build	Cache Android SDK	2026-06-06T12:23:01.4305127Z /usr/bin/tar: ../../../../../usr/local/lib/android/sdk/platforms/android-37.0/data/res/values-mcc310-mnc170-ka: Cannot utime: Operation not permitted
build	Cache Android SDK	2026-06-06T12:23:01.4306064Z /usr/bin/tar: ../../../../../usr/local/lib/android/sdk/platforms/android-37.0/data/res/values-mcc310-mnc170-ka: Cannot change mode to rwxr-xr-x: Operation not permitted
build	Cache Android SDK	2026-06-06T12:23:01.4313541Z /usr/bin/tar: ../../../../../usr/local/lib/android/sdk/platforms/android-37.0/data/res/values-b+sr+Latn: Cannot utime: Operation not permitted
build	Cache Android SDK	2026-06-06T12:23:01.4314563Z /usr/bin/tar: ../../../../../usr/local/lib/android/sdk/platforms/android-37.0/data/res/values-b+sr+Latn: Cannot change mode to rwxr-xr-x: Operation not permitted
build	Cache Android SDK	2026-06-06T12:23:01.4318339Z /usr/bin/tar: ../../../../../usr/local/lib/android/sdk/platforms/android-37.0/data/res/values-mcc310-mnc280-uk: Cannot utime: Operation not permitted
build	Cache Android SDK	2026-06-06T12:23:01.4319463Z /usr/bin/tar: ../../../../../usr/local/lib/android/sdk/platforms/android-37.0/data/res/values-mcc310-mnc280-uk: Cannot change mode to rwxr-xr-x: Operation not permitted
build	Cache Android SDK	2026-06-06T12:23:01.4322698Z /usr/bin/tar: ../../../../../usr/local/lib/android/sdk/platforms/android-37.0/data/res/values-mcc310-mnc220-hu: Cannot utime: Operation not permitted
build	Cache Android SDK	2026-06-06T12:23:01.4323648Z /usr/bin/tar: ../../../../../usr/local/lib/android/sdk/platforms/android-37.0/data/res/values-mcc310-mnc220-hu: Cannot change mode to rwxr-xr-x: Operation not permitted
build	Cache Android SDK	2026-06-06T12:23:01.4328306Z /usr/bin/tar: ../../../../../usr/local/lib/android/sdk/platforms/android-37.0/data/res/values-mcc310-mnc230-tr: Cannot utime: Operation not permitted
build	Cache Android SDK	2026-06-06T12:23:01.4329257Z /usr/bin/tar: ../../../../../usr/local/lib/android/sdk/platforms/android-37.0/data/res/values-mcc310-mnc230-tr: Cannot change mode to rwxr-xr-x: Operation not permitted
build	Cache Android SDK	2026-06-06T12:23:01.4335264Z /usr/bin/tar: ../../../../../usr/local/lib/android/sdk/platforms/android-37.0/data/res/values-mcc310-mnc230-sv: Cannot utime: Operation not permitted
build	Cache Android SDK	2026-06-06T12:23:01.4336225Z /usr/bin/tar: ../../../../../usr/local/lib/android/sdk/platforms/android-37.0/data/res/values-mcc310-mnc230-sv: Cannot change mode to rwxr-xr-x: Operation not permitted
build	Cache Android SDK	2026-06-06T12:23:01.4339830Z /usr/bin/tar: ../../../../../usr/local/lib/android/sdk/platforms/android-37.0/data/res/values-ar-rIL: Cannot utime: Operation not permitted
build	Cache Android SDK	2026-06-06T12:23:01.4340705Z /usr/bin/tar: ../../../../../usr/local/lib/android/sdk/platforms/android-37.0/data/res/values-ar-rIL: Cannot change mode to rwxr-xr-x: Operation not permitted
build	Cache Android SDK	2026-06-06T12:23:01.4343441Z /usr/bin/tar: ../../../../../usr/local/lib/android/sdk/platforms/android-37.0/data/res/values-te-television: Cannot utime: Operation not permitted
build	Cache Android SDK	2026-06-06T12:23:01.4344434Z /usr/bin/tar: ../../../../../usr/local/lib/android/sdk/platforms/android-37.0/data/res/values-te-television: Cannot change mode to rwxr-xr-x: Operation not permitted
build	Cache Android SDK	2026-06-06T12:23:01.4350472Z /usr/bin/tar: ../../../../../usr/local/lib/android/sdk/platforms/android-37.0/data/res/values-mcc310-mnc160-pt: Cannot utime: Operation not permitted
build	Cache Android SDK	2026-06-06T12:23:01.4351414Z /usr/bin/tar: ../../../../../usr/local/lib/android/sdk/platforms/android-37.0/data/res/values-mcc310-mnc160-pt: Cannot change mode to rwxr-xr-x: Operation not permitted
build	Cache Android SDK	2026-06-06T12:23:01.4355633Z /usr/bin/tar: ../../../../../usr/local/lib/android/sdk/platforms/android-37.0/data/res/values-mcc310-mnc660-ur: Cannot utime: Operation not permitted
build	Cache Android SDK	2026-06-06T12:23:01.4356578Z /usr/bin/tar: ../../../../../usr/local/lib/android/sdk/platforms/android-37.0/data/res/values-mcc310-mnc660-ur: Cannot change mode to rwxr-xr-x: Operation not permitted
build	Cache Android SDK	2026-06-06T12:23:01.4359215Z /usr/bin/tar: ../../../../../usr/local/lib/android/sdk/platforms/android-37.0/data/res/values-mcc334-mnc020-cs: Cannot utime: Operation not permitted
build	Cache Android SDK	2026-06-06T12:23:01.4360158Z /usr/bin/tar: ../../../../../usr/local/lib/android/sdk/platforms/android-37.0/data/res/values-mcc334-mnc020-cs: Cannot change mode to rwxr-xr-x: Operation not permitted
build	Cache Android SDK	2026-06-06T12:23:01.4364773Z /usr/bin/tar: ../../../../../usr/local/lib/android/sdk/platforms/android-37.0/data/res/values-mcc334-mnc020-fr-rCA-feminine: Cannot utime: Operation not permitted
build	Cache Android SDK	2026-06-06T12:23:01.4365877Z /usr/bin/tar: ../../../../../usr/local/lib/android/sdk/platforms/android-37.0/data/res/values-mcc334-mnc020-fr-rCA-feminine: Cannot change mode to rwxr-xr-x: Operation not permitted
build	Cache Android SDK	2026-06-06T12:23:01.4372327Z /usr/bin/tar: ../../../../../usr/local/lib/android/sdk/platforms/android-37.0/data/res/values-zh-rTW: Cannot utime: Operation not permitted
build	Cache Android SDK	2026-06-06T12:23:01.4373570Z /usr/bin/tar: ../../../../../usr/local/lib/android/sdk/platforms/android-37.0/data/res/values-zh-rTW: Cannot change mode to rwxr-xr-x: Operation not permitted
build	Cache Android SDK	2026-06-06T12:23:01.4375224Z /usr/bin/tar: ../../../../../usr/local/lib/android/sdk/platforms/android-37.0/data/res/values-mcc310-mnc200-uz: Cannot utime: Operation not permitted
build	Cache Android SDK	2026-06-06T12:23:01.4376328Z /usr/bin/tar: ../../../../../usr/local/lib/android/sdk/platforms/android-37.0/data/res/values-mcc310-mnc200-uz: Cannot change mode to rwxr-xr-x: Operation not permitted
build	Cache Android SDK	2026-06-06T12:23:01.4381674Z /usr/bin/tar: ../../../../../usr/local/lib/android/sdk/platforms/android-37.0/data/res/values-mcc310-mnc410-sw: Cannot utime: Operation not permitted
build	Cache Android SDK	2026-06-06T12:23:01.4382621Z /usr/bin/tar: ../../../../../usr/local/lib/android/sdk/platforms/android-37.0/data/res/values-mcc310-mnc410-sw: Cannot change mode to rwxr-xr-x: Operation not permitted
build	Cache Android SDK	2026-06-06T12:23:01.4386307Z /usr/bin/tar: ../../../../../usr/local/lib/android/sdk/platforms/android-37.0/data/res/values-el-rGR: Cannot utime: Operation not permitted
build	Cache Android SDK	2026-06-06T12:23:01.4387185Z /usr/bin/tar: ../../../../../usr/local/lib/android/sdk/platforms/android-37.0/data/res/values-el-rGR: Cannot change mode to rwxr-xr-x: Operation not permitted
build	Cache Android SDK	2026-06-06T12:23:01.4390349Z /usr/bin/tar: ../../../../../usr/local/lib/android/sdk/platforms/android-37.0/data/res/values-mcc310-mnc800-hy: Cannot utime: Operation not permitted
build	Cache Android SDK	2026-06-06T12:23:01.4391279Z /usr/bin/tar: ../../../../../usr/local/lib/android/sdk/platforms/android-37.0/data/res/values-mcc310-mnc800-hy: Cannot change mode to rwxr-xr-x: Operation not permitted
build	Cache Android SDK	2026-06-06T12:23:01.4394127Z /usr/bin/tar: ../../../../../usr/local/lib/android/sdk/platforms/android-37.0/data/res/values-mcc302-mnc720: Cannot utime: Operation not permitted
build	Cache Android SDK	2026-06-06T12:23:01.4395054Z /usr/bin/tar: ../../../../../usr/local/lib/android/sdk/platforms/android-37.0/data/res/values-mcc302-mnc720: Cannot change mode to rwxr-xr-x: Operation not permitted
build	Cache Android SDK	2026-06-06T12:23:01.4401948Z /usr/bin/tar: ../../../../../usr/local/lib/android/sdk/platforms/android-37.0/data/res/values-mcc313-mnc100-sl: Cannot utime: Operation not permitted
build	Cache Android SDK	2026-06-06T12:23:01.4402883Z /usr/bin/tar: ../../../../../usr/local/lib/android/sdk/platforms/android-37.0/data/res/values-mcc313-mnc100-sl: Cannot change mode to rwxr-xr-x: Operation not permitted
build	Cache Android SDK	2026-06-06T12:23:01.4406230Z /usr/bin/tar: ../../../../../usr/local/lib/android/sdk/platforms/android-37.0/data/res/values-mcc312-mnc670-zh-rTW: Cannot utime: Operation not permitted
build	Cache Android SDK	2026-06-06T12:23:01.4407205Z /usr/bin/tar: ../../../../../usr/local/lib/android/sdk/platforms/android-37.0/data/res/values-mcc312-mnc670-zh-rTW: Cannot change mode to rwxr-xr-x: Operation not permitted
build	Cache Android SDK	2026-06-06T12:23:01.4411393Z /usr/bin/tar: ../../../../../usr/local/lib/android/sdk/platforms/android-37.0/data/res/values-mcc310-mnc560-ur: Cannot utime: Operation not permitted
build	Cache Android SDK	2026-06-06T12:23:01.4412351Z /usr/bin/tar: ../../../../../usr/local/lib/android/sdk/platforms/android-37.0/data/res/values-mcc310-mnc560-ur: Cannot change mode to rwxr-xr-x: Operation not permitted
build	Cache Android SDK	2026-06-06T12:23:01.4415505Z /usr/bin/tar: ../../../../../usr/local/lib/android/sdk/platforms/android-37.0/data/res/values-mcc310-mnc170-am: Cannot utime: Operation not permitted
build	Cache Android SDK	2026-06-06T12:23:01.4416556Z /usr/bin/tar: ../../../../../usr/local/lib/android/sdk/platforms/android-37.0/data/res/values-mcc310-mnc170-am: Cannot change mode to rwxr-xr-x: Operation not permitted
build	Cache Android SDK	2026-06-06T12:23:01.4420109Z /usr/bin/tar: ../../../../../usr/local/lib/android/sdk/platforms/android-37.0/data/res/values-mcc310-mnc800-nb: Cannot utime: Operation not permitted
build	Cache Android SDK	2026-06-06T12:23:01.4421053Z /usr/bin/tar: ../../../../../usr/local/lib/android/sdk/platforms/android-37.0/data/res/values-mcc310-mnc800-nb: Cannot change mode to rwxr-xr-x: Operation not permitted
build	Cache Android SDK	2026-06-06T12:23:01.4427696Z /usr/bin/tar: ../../../../../usr/local/lib/android/sdk/platforms/android-37.0/data/res/values-mcc310-mnc800-b+sr+Latn: Cannot utime: Operation not permitted
build	Cache Android SDK	2026-06-06T12:23:01.4428800Z /usr/bin/tar: ../../../../../usr/local/lib/android/sdk/platforms/android-37.0/data/res/values-mcc310-mnc800-b+sr+Latn: Cannot change mode to rwxr-xr-x: Operation not permitted
build	Cache Android SDK	2026-06-06T12:23:01.4440002Z /usr/bin/tar: ../../../../../usr/local/lib/android/sdk/platforms/android-37.0/data/res/values-mcc310-mnc150-be: Cannot utime: Operation not permitted
build	Cache Android SDK	2026-06-06T12:23:01.4441212Z /usr/bin/tar: ../../../../../usr/local/lib/android/sdk/platforms/android-37.0/data/res/values-mcc310-mnc150-be: Cannot change mode to rwxr-xr-x: Operation not permitted
build	Cache Android SDK	2026-06-06T12:23:01.4444529Z /usr/bin/tar: ../../../../../usr/local/lib/android/sdk/platforms/android-37.0/data/res/values-mcc310-mnc560-ja: Cannot utime: Operation not permitted
build	Cache Android SDK	2026-06-06T12:23:01.4445467Z /usr/bin/tar: ../../../../../usr/local/lib/android/sdk/platforms/android-37.0/data/res/values-mcc310-mnc560-ja: Cannot change mode to rwxr-xr-x: Operation not permitted
build	Cache Android SDK	2026-06-06T12:23:01.4449688Z /usr/bin/tar: ../../../../../usr/local/lib/android/sdk/platforms/android-37.0/data/res/values-mcc310-mnc210-sq: Cannot utime: Operation not permitted
build	Cache Android SDK	2026-06-06T12:23:01.4450712Z /usr/bin/tar: ../../../../../usr/local/lib/android/sdk/platforms/android-37.0/data/res/values-mcc310-mnc210-sq: Cannot change mode to rwxr-xr-x: Operation not permitted
build	Cache Android SDK	2026-06-06T12:23:01.4453976Z /usr/bin/tar: ../../../../../usr/local/lib/android/sdk/platforms/android-37.0/data/res/values-w228dp: Cannot utime: Operation not permitted
build	Cache Android SDK	2026-06-06T12:23:01.4454850Z /usr/bin/tar: ../../../../../usr/local/lib/android/sdk/platforms/android-37.0/data/res/values-w228dp: Cannot change mode to rwxr-xr-x: Operation not permitted
build	Cache Android SDK	2026-06-06T12:23:01.4460610Z /usr/bin/tar: ../../../../../usr/local/lib/android/sdk/platforms/android-37.0/data/res/values-mcc312-mnc670-ms: Cannot utime: Operation not permitted
build	Cache Android SDK	2026-06-06T12:23:01.4461560Z /usr/bin/tar: ../../../../../usr/local/lib/android/sdk/platforms/android-37.0/data/res/values-mcc312-mnc670-ms: Cannot change mode to rwxr-xr-x: Operation not permitted
build	Cache Android SDK	2026-06-06T12:23:01.4464368Z /usr/bin/tar: ../../../../../usr/local/lib/android/sdk/platforms/android-37.0/data/res/values-mcc302-mnc720-sw: Cannot utime: Operation not permitted
build	Cache Android SDK	2026-06-06T12:23:01.4465326Z /usr/bin/tar: ../../../../../usr/local/lib/android/sdk/platforms/android-37.0/data/res/values-mcc302-mnc720-sw: Cannot change mode to rwxr-xr-x: Operation not permitted
build	Cache Android SDK	2026-06-06T12:23:01.4468608Z /usr/bin/tar: ../../../../../usr/local/lib/android/sdk/platforms/android-37.0/data/res/values-mcc310-mnc160-de: Cannot utime: Operation not permitted
build	Cache Android SDK	2026-06-06T12:23:01.4469543Z /usr/bin/tar: ../../../../../usr/local/lib/android/sdk/platforms/android-37.0/data/res/values-mcc310-mnc160-de: Cannot change mode to rwxr-xr-x: Operation not permitted
build	Cache Android SDK	2026-06-06T12:23:01.4474109Z /usr/bin/tar: ../../../../../usr/local/lib/android/sdk/platforms/android-37.0/data/res/values-mcc310-mnc230-ru: Cannot utime: Operation not permitted
build	Cache Android SDK	2026-06-06T12:23:01.4475050Z /usr/bin/tar: ../../../../../usr/local/lib/android/sdk/platforms/android-37.0/data/res/values-mcc310-mnc230-ru: Cannot change mode to rwxr-xr-x: Operation not permitted
build	Cache Android SDK	2026-06-06T12:23:01.4477924Z /usr/bin/tar: ../../../../../usr/local/lib/android/sdk/platforms/android-37.0/data/res/values-mcc310-mnc170-en-rCA: Cannot utime: Operation not permitted
build	Cache Android SDK	2026-06-06T12:23:01.4479129Z /usr/bin/tar: ../../../../../usr/local/lib/android/sdk/platforms/android-37.0/data/res/values-mcc310-mnc170-en-rCA: Cannot change mode to rwxr-xr-x: Operation not permitted
build	Cache Android SDK	2026-06-06T12:23:01.4482511Z /usr/bin/tar: ../../../../../usr/local/lib/android/sdk/platforms/android-37.0/data/res/values-mcc313-mnc100-or: Cannot utime: Operation not permitted
build	Cache Android SDK	2026-06-06T12:23:01.4483431Z /usr/bin/tar: ../../../../../usr/local/lib/android/sdk/platforms/android-37.0/data/res/values-mcc313-mnc100-or: Cannot change mode to rwxr-xr-x: Operation not permitted
build	Cache Android SDK	2026-06-06T12:23:01.4489236Z /usr/bin/tar: ../../../../../usr/local/lib/android/sdk/platforms/android-37.0/data/res/values-mcc312-mnc670-sv: Cannot utime: Operation not permitted
build	Cache Android SDK	2026-06-06T12:23:01.4490178Z /usr/bin/tar: ../../../../../usr/local/lib/android/sdk/platforms/android-37.0/data/res/values-mcc312-mnc670-sv: Cannot change mode to rwxr-xr-x: Operation not permitted
build	Cache Android SDK	2026-06-06T12:23:01.4493156Z /usr/bin/tar: ../../../../../usr/local/lib/android/sdk/platforms/android-37.0/data/res/values-mcc334-mnc020-ca: Cannot utime: Operation not permitted
build	Cache Android SDK	2026-06-06T12:23:01.4494189Z /usr/bin/tar: ../../../../../usr/local/lib/android/sdk/platforms/android-37.0/data/res/values-mcc334-mnc020-ca: Cannot change mode to rwxr-xr-x: Operation not permitted
build	Cache Android SDK	2026-06-06T12:23:01.4497816Z /usr/bin/tar: ../../../../../usr/local/lib/android/sdk/platforms/android-37.0/data/res/menu: Cannot utime: Operation not permitted
build	Cache Android SDK	2026-06-06T12:23:01.4498635Z /usr/bin/tar: ../../../../../usr/local/lib/android/sdk/platforms/android-37.0/data/res/menu: Cannot change mode to rwxr-xr-x: Operation not permitted
build	Cache Android SDK	2026-06-06T12:23:01.4502252Z /usr/bin/tar: ../../../../../usr/local/lib/android/sdk/platforms/android-37.0/data/res/values-mcc310-mnc560-bn: Cannot utime: Operation not permitted
build	Cache Android SDK	2026-06-06T12:23:01.4503174Z /usr/bin/tar: ../../../../../usr/local/lib/android/sdk/platforms/android-37.0/data/res/values-mcc310-mnc560-bn: Cannot change mode to rwxr-xr-x: Operation not permitted
build	Cache Android SDK	2026-06-06T12:23:01.4509374Z /usr/bin/tar: ../../../../../usr/local/lib/android/sdk/platforms/android-37.0/data/res/values-mcc310-mnc270-hy: Cannot utime: Operation not permitted
build	Cache Android SDK	2026-06-06T12:23:01.4510305Z /usr/bin/tar: ../../../../../usr/local/lib/android/sdk/platforms/android-37.0/data/res/values-mcc310-mnc270-hy: Cannot change mode to rwxr-xr-x: Operation not permitted
build	Cache Android SDK	2026-06-06T12:23:01.4513690Z /usr/bin/tar: ../../../../../usr/local/lib/android/sdk/platforms/android-37.0/data/res/values-mcc310-mnc200-az: Cannot utime: Operation not permitted
build	Cache Android SDK	2026-06-06T12:23:01.4514635Z /usr/bin/tar: ../../../../../usr/local/lib/android/sdk/platforms/android-37.0/data/res/values-mcc310-mnc200-az: Cannot change mode to rwxr-xr-x: Operation not permitted
build	Cache Android SDK	2026-06-06T12:23:01.4519552Z /usr/bin/tar: ../../../../../usr/local/lib/android/sdk/platforms/android-37.0/data/res/values-mcc310-mnc220-cs: Cannot utime: Operation not permitted
build	Cache Android SDK	2026-06-06T12:23:01.4520491Z /usr/bin/tar: ../../../../../usr/local/lib/android/sdk/platforms/android-37.0/data/res/values-mcc310-mnc220-cs: Cannot change mode to rwxr-xr-x: Operation not permitted
build	Cache Android SDK	2026-06-06T12:23:01.4523974Z /usr/bin/tar: ../../../../../usr/local/lib/android/sdk/platforms/android-37.0/data/res/values-w720dp: Cannot utime: Operation not permitted
build	Cache Android SDK	2026-06-06T12:23:01.4524859Z /usr/bin/tar: ../../../../../usr/local/lib/android/sdk/platforms/android-37.0/data/res/values-w720dp: Cannot change mode to rwxr-xr-x: Operation not permitted
build	Cache Android SDK	2026-06-06T12:23:01.4529652Z /usr/bin/tar: ../../../../../usr/local/lib/android/sdk/platforms/android-37.0/data/res/values-fr-rCA-feminine: Cannot utime: Operation not permitted
build	Cache Android SDK	2026-06-06T12:23:01.4530589Z /usr/bin/tar: ../../../../../usr/local/lib/android/sdk/platforms/android-37.0/data/res/values-fr-rCA-feminine: Cannot change mode to rwxr-xr-x: Operation not permitted
build	Cache Android SDK	2026-06-06T12:23:01.4534469Z /usr/bin/tar: ../../../../../usr/local/lib/android/sdk/platforms/android-37.0/data/res/values-mcc310-mnc200-sw: Cannot utime: Operation not permitted
build	Cache Android SDK	2026-06-06T12:23:01.4535526Z /usr/bin/tar: ../../../../../usr/local/lib/android/sdk/platforms/android-37.0/data/res/values-mcc310-mnc200-sw: Cannot change mode to rwxr-xr-x: Operation not permitted
build	Cache Android SDK	2026-06-06T12:23:01.4541573Z /usr/bin/tar: ../../../../../usr/local/lib/android/sdk/platforms/android-37.0/data/res/values-mcc310-mnc950-it: Cannot utime: Operation not permitted
build	Cache Android SDK	2026-06-06T12:23:01.4542502Z /usr/bin/tar: ../../../../../usr/local/lib/android/sdk/platforms/android-37.0/data/res/values-mcc310-mnc950-it: Cannot change mode to rwxr-xr-x: Operation not permitted
build	Cache Android SDK	2026-06-06T12:23:01.4545746Z /usr/bin/tar: ../../../../../usr/local/lib/android/sdk/platforms/android-37.0/data/res/values-mcc312-mnc670-en-rXC: Cannot utime: Operation not permitted
build	Cache Android SDK	2026-06-06T12:23:01.4546706Z /usr/bin/tar: ../../../../../usr/local/lib/android/sdk/platforms/android-37.0/data/res/values-mcc312-mnc670-en-rXC: Cannot change mode to rwxr-xr-x: Operation not permitted
build	Cache Android SDK	2026-06-06T12:23:01.4549643Z /usr/bin/tar: ../../../../../usr/local/lib/android/sdk/platforms/android-37.0/data/res/values-mcc310-mnc030-ru: Cannot utime: Operation not permitted
build	Cache Android SDK	2026-06-06T12:23:01.4550668Z /usr/bin/tar: ../../../../../usr/local/lib/android/sdk/platforms/android-37.0/data/res/values-mcc310-mnc030-ru: Cannot change mode to rwxr-xr-x: Operation not permitted
build	Cache Android SDK	2026-06-06T12:23:01.4553920Z /usr/bin/tar: ../../../../../usr/local/lib/android/sdk/platforms/android-37.0/data/res/values-mcc310-mnc950-ko: Cannot utime: Operation not permitted
build	Cache Android SDK	2026-06-06T12:23:01.4554920Z /usr/bin/tar: ../../../../../usr/local/lib/android/sdk/platforms/android-37.0/data/res/values-mcc310-mnc950-ko: Cannot change mode to rwxr-xr-x: Operation not permitted
build	Cache Android SDK	2026-06-06T12:23:01.4561410Z /usr/bin/tar: ../../../../../usr/local/lib/android/sdk/platforms/android-37.0/data/res/values-mcc310-mnc490-iw: Cannot utime: Operation not permitted
build	Cache Android SDK	2026-06-06T12:23:01.4562336Z /usr/bin/tar: ../../../../../usr/local/lib/android/sdk/platforms/android-37.0/data/res/values-mcc310-mnc490-iw: Cannot change mode to rwxr-xr-x: Operation not permitted
build	Cache Android SDK	2026-06-06T12:23:01.4568918Z /usr/bin/tar: ../../../../../usr/local/lib/android/sdk/platforms/android-37.0/data/res/values-mcc310-mnc660-uk: Cannot utime: Operation not permitted
build	Cache Android SDK	2026-06-06T12:23:01.4569851Z /usr/bin/tar: ../../../../../usr/local/lib/android/sdk/platforms/android-37.0/data/res/values-mcc310-mnc660-uk: Cannot change mode to rwxr-xr-x: Operation not permitted
build	Cache Android SDK	2026-06-06T12:23:01.4572543Z /usr/bin/tar: ../../../../../usr/local/lib/android/sdk/platforms/android-37.0/data/res/values-mcc310-mnc030-sv: Cannot utime: Operation not permitted
build	Cache Android SDK	2026-06-06T12:23:01.4573485Z /usr/bin/tar: ../../../../../usr/local/lib/android/sdk/platforms/android-37.0/data/res/values-mcc310-mnc030-sv: Cannot change mode to rwxr-xr-x: Operation not permitted
build	Cache Android SDK	2026-06-06T12:23:01.4576718Z /usr/bin/tar: ../../../../../usr/local/lib/android/sdk/platforms/android-37.0/data/res/values-w205dp: Cannot utime: Operation not permitted
build	Cache Android SDK	2026-06-06T12:23:01.4577692Z /usr/bin/tar: ../../../../../usr/local/lib/android/sdk/platforms/android-37.0/data/res/values-w205dp: Cannot change mode to rwxr-xr-x: Operation not permitted
build	Cache Android SDK	2026-06-06T12:23:01.4580530Z /usr/bin/tar: ../../../../../usr/local/lib/android/sdk/platforms/android-37.0/data/res/values-mcc310-mnc490-in: Cannot utime: Operation not permitted
build	Cache Android SDK	2026-06-06T12:23:01.4581450Z /usr/bin/tar: ../../../../../usr/local/lib/android/sdk/platforms/android-37.0/data/res/values-mcc310-mnc490-in: Cannot change mode to rwxr-xr-x: Operation not permitted
build	Cache Android SDK	2026-06-06T12:23:01.4584754Z /usr/bin/tar: ../../../../../usr/local/lib/android/sdk/platforms/android-37.0/data/res/values-mcc310-mnc220-hi: Cannot utime: Operation not permitted
build	Cache Android SDK	2026-06-06T12:23:01.4585666Z /usr/bin/tar: ../../../../../usr/local/lib/android/sdk/platforms/android-37.0/data/res/values-mcc310-mnc220-hi: Cannot change mode to rwxr-xr-x: Operation not permitted
build	Cache Android SDK	2026-06-06T12:23:01.4591897Z /usr/bin/tar: ../../../../../usr/local/lib/android/sdk/platforms/android-37.0/data/res/values-de: Cannot utime: Operation not permitted
build	Cache Android SDK	2026-06-06T12:23:01.4592457Z /usr/bin/tar: ../../../../../usr/local/lib/android/sdk/platforms/android-37.0/data/res/values-de: Cannot change mode to rwxr-xr-x: Operation not permitted
build	Cache Android SDK	2026-06-06T12:23:01.4595471Z /usr/bin/tar: ../../../../../usr/local/lib/android/sdk/platforms/android-37.0/data/res/values-mcc310-mnc250-bs: Cannot utime: Operation not permitted
build	Cache Android SDK	2026-06-06T12:23:01.4595930Z /usr/bin/tar: ../../../../../usr/local/lib/android/sdk/platforms/android-37.0/data/res/values-mcc310-mnc250-bs: Cannot change mode to rwxr-xr-x: Operation not permitted
build	Cache Android SDK	2026-06-06T12:23:01.4598998Z /usr/bin/tar: ../../../../../usr/local/lib/android/sdk/platforms/android-37.0/data/res/values-mcc310-mnc170-cs: Cannot utime: Operation not permitted
build	Cache Android SDK	2026-06-06T12:23:01.4599457Z /usr/bin/tar: ../../../../../usr/local/lib/android/sdk/platforms/android-37.0/data/res/values-mcc310-mnc170-cs: Cannot change mode to rwxr-xr-x: Operation not permitted
build	Cache Android SDK	2026-06-06T12:23:01.4603134Z /usr/bin/tar: ../../../../../usr/local/lib/android/sdk/platforms/android-37.0/data/res/values-mcc310-mnc660-es: Cannot utime: Operation not permitted
build	Cache Android SDK	2026-06-06T12:23:01.4603815Z /usr/bin/tar: ../../../../../usr/local/lib/android/sdk/platforms/android-37.0/data/res/values-mcc310-mnc660-es: Cannot change mode to rwxr-xr-x: Operation not permitted
build	Cache Android SDK	2026-06-06T12:23:01.4613169Z /usr/bin/tar: ../../../../../usr/local/lib/android/sdk/platforms/android-37.0/data/res/values-mcc313-mnc100-sk: Cannot utime: Operation not permitted
build	Cache Android SDK	2026-06-06T12:23:01.4613843Z /usr/bin/tar: ../../../../../usr/local/lib/android/sdk/platforms/android-37.0/data/res/values-mcc313-mnc100-sk: Cannot change mode to rwxr-xr-x: Operation not permitted
build	Cache Android SDK	2026-06-06T12:23:01.4617786Z /usr/bin/tar: ../../../../../usr/local/lib/android/sdk/platforms/android-37.0/data/res/values-mcc310-mnc310-zh-rHK: Cannot utime: Operation not permitted
build	Cache Android SDK	2026-06-06T12:23:01.4618267Z /usr/bin/tar: ../../../../../usr/local/lib/android/sdk/platforms/android-37.0/data/res/values-mcc310-mnc310-zh-rHK: Cannot change mode to rwxr-xr-x: Operation not permitted
build	Cache Android SDK	2026-06-06T12:23:01.4623509Z /usr/bin/tar: ../../../../../usr/local/lib/android/sdk/platforms/android-37.0/data/res/values-mcc001-mnc01-pl: Cannot utime: Operation not permitted
build	Cache Android SDK	2026-06-06T12:23:01.4623972Z /usr/bin/tar: ../../../../../usr/local/lib/android/sdk/platforms/android-37.0/data/res/values-mcc001-mnc01-pl: Cannot change mode to rwxr-xr-x: Operation not permitted
build	Cache Android SDK	2026-06-06T12:23:01.4627536Z /usr/bin/tar: ../../../../../usr/local/lib/android/sdk/platforms/android-37.0/data/res/values-mcc310-mnc250-gu: Cannot utime: Operation not permitted
build	Cache Android SDK	2026-06-06T12:23:01.4628005Z /usr/bin/tar: ../../../../../usr/local/lib/android/sdk/platforms/android-37.0/data/res/values-mcc310-mnc250-gu: Cannot change mode to rwxr-xr-x: Operation not permitted
build	Cache Android SDK	2026-06-06T12:23:01.4631220Z /usr/bin/tar: ../../../../../usr/local/lib/android/sdk/platforms/android-37.0/data/res/values-mcc311-mnc180-sq: Cannot utime: Operation not permitted
build	Cache Android SDK	2026-06-06T12:23:01.4631676Z /usr/bin/tar: ../../../../../usr/local/lib/android/sdk/platforms/android-37.0/data/res/values-mcc311-mnc180-sq: Cannot change mode to rwxr-xr-x: Operation not permitted
build	Cache Android SDK	2026-06-06T12:23:01.4634908Z /usr/bin/tar: ../../../../../usr/local/lib/android/sdk/platforms/android-37.0/data/res/values-mcc310-mnc950-zu: Cannot utime: Operation not permitted
build	Cache Android SDK	2026-06-06T12:23:01.4635366Z /usr/bin/tar: ../../../../../usr/local/lib/android/sdk/platforms/android-37.0/data/res/values-mcc310-mnc950-zu: Cannot change mode to rwxr-xr-x: Operation not permitted
build	Cache Android SDK	2026-06-06T12:23:01.4639362Z /usr/bin/tar: ../../../../../usr/local/lib/android/sdk/platforms/android-37.0/data/res/values-mcc312-mnc670-gl: Cannot utime: Operation not permitted
build	Cache Android SDK	2026-06-06T12:23:01.4639822Z /usr/bin/tar: ../../../../../usr/local/lib/android/sdk/platforms/android-37.0/data/res/values-mcc312-mnc670-gl: Cannot change mode to rwxr-xr-x: Operation not permitted
build	Cache Android SDK	2026-06-06T12:23:01.4643331Z /usr/bin/tar: ../../../../../usr/local/lib/android/sdk/platforms/android-37.0/data/res/values-mcc313-mnc100-eu: Cannot utime: Operation not permitted
build	Cache Android SDK	2026-06-06T12:23:01.4643895Z /usr/bin/tar: ../../../../../usr/local/lib/android/sdk/platforms/android-37.0/data/res/values-mcc313-mnc100-eu: Cannot change mode to rwxr-xr-x: Operation not permitted
build	Cache Android SDK	2026-06-06T12:23:01.4648105Z /usr/bin/tar: ../../../../../usr/local/lib/android/sdk/platforms/android-37.0/data/res/values-mcc310-mnc410-pa: Cannot utime: Operation not permitted
build	Cache Android SDK	2026-06-06T12:23:01.4648635Z /usr/bin/tar: ../../../../../usr/local/lib/android/sdk/platforms/android-37.0/data/res/values-mcc310-mnc410-pa: Cannot change mode to rwxr-xr-x: Operation not permitted
build	Cache Android SDK	2026-06-06T12:23:01.4654905Z /usr/bin/tar: ../../../../../usr/local/lib/android/sdk/platforms/android-37.0/data/res/values-pt-rBR: Cannot utime: Operation not permitted
build	Cache Android SDK	2026-06-06T12:23:01.4655433Z /usr/bin/tar: ../../../../../usr/local/lib/android/sdk/platforms/android-37.0/data/res/values-pt-rBR: Cannot change mode to rwxr-xr-x: Operation not permitted
build	Cache Android SDK	2026-06-06T12:23:01.4658882Z /usr/bin/tar: ../../../../../usr/local/lib/android/sdk/platforms/android-37.0/data/res/values-mcc310-mnc410-pt-rPT: Cannot utime: Operation not permitted
build	Cache Android SDK	2026-06-06T12:23:01.4659361Z /usr/bin/tar: ../../../../../usr/local/lib/android/sdk/platforms/android-37.0/data/res/values-mcc310-mnc410-pt-rPT: Cannot change mode to rwxr-xr-x: Operation not permitted
build	Cache Android SDK	2026-06-06T12:23:01.4662898Z /usr/bin/tar: ../../../../../usr/local/lib/android/sdk/platforms/android-37.0/data/res/values-mcc310-mnc380-pt-rBR: Cannot utime: Operation not permitted
build	Cache Android SDK	2026-06-06T12:23:01.4663502Z /usr/bin/tar: ../../../../../usr/local/lib/android/sdk/platforms/android-37.0/data/res/values-mcc310-mnc380-pt-rBR: Cannot change mode to rwxr-xr-x: Operation not permitted
build	Cache Android SDK	2026-06-06T12:23:01.4666767Z /usr/bin/tar: ../../../../../usr/local/lib/android/sdk/platforms/android-37.0/data/res/values-mcc310-mnc560-pl: Cannot utime: Operation not permitted
build	Cache Android SDK	2026-06-06T12:23:01.4667217Z /usr/bin/tar: ../../../../../usr/local/lib/android/sdk/platforms/android-37.0/data/res/values-mcc310-mnc560-pl: Cannot change mode to rwxr-xr-x: Operation not permitted
build	Cache Android SDK	2026-06-06T12:23:01.4672642Z /usr/bin/tar: ../../../../../usr/local/lib/android/sdk/platforms/android-37.0/data/res/values-mcc310-mnc200-fa: Cannot utime: Operation not permitted
build	Cache Android SDK	2026-06-06T12:23:01.4673084Z /usr/bin/tar: ../../../../../usr/local/lib/android/sdk/platforms/android-37.0/data/res/values-mcc310-mnc200-fa: Cannot change mode to rwxr-xr-x: Operation not permitted
build	Cache Android SDK	2026-06-06T12:23:01.4677799Z /usr/bin/tar: ../../../../../usr/local/lib/android/sdk/platforms/android-37.0/data/res/values-mcc310-mnc280-my: Cannot utime: Operation not permitted
build	Cache Android SDK	2026-06-06T12:23:01.4678254Z /usr/bin/tar: ../../../../../usr/local/lib/android/sdk/platforms/android-37.0/data/res/values-mcc310-mnc280-my: Cannot change mode to rwxr-xr-x: Operation not permitted
build	Cache Android SDK	2026-06-06T12:23:01.4682159Z /usr/bin/tar: ../../../../../usr/local/lib/android/sdk/platforms/android-37.0/data/res/values-mcc313-mnc100-en-rXC: Cannot utime: Operation not permitted
build	Cache Android SDK	2026-06-06T12:23:01.4682635Z /usr/bin/tar: ../../../../../usr/local/lib/android/sdk/platforms/android-37.0/data/res/values-mcc313-mnc100-en-rXC: Cannot change mode to rwxr-xr-x: Operation not permitted
build	Cache Android SDK	2026-06-06T12:23:01.4686398Z /usr/bin/tar: ../../../../../usr/local/lib/android/sdk/platforms/android-37.0/data/res/values-mcc001-mnc01-zu: Cannot utime: Operation not permitted
build	Cache Android SDK	2026-06-06T12:23:01.4686851Z /usr/bin/tar: ../../../../../usr/local/lib/android/sdk/platforms/android-37.0/data/res/values-mcc001-mnc01-zu: Cannot change mode to rwxr-xr-x: Operation not permitted
build	Cache Android SDK	2026-06-06T12:23:01.4689665Z /usr/bin/tar: ../../../../../usr/local/lib/android/sdk/platforms/android-37.0/data/res/values-mcc310-mnc560-tr: Cannot utime: Operation not permitted
build	Cache Android SDK	2026-06-06T12:23:01.4690115Z /usr/bin/tar: ../../../../../usr/local/lib/android/sdk/platforms/android-37.0/data/res/values-mcc310-mnc560-tr: Cannot change mode to rwxr-xr-x: Operation not permitted
build	Cache Android SDK	2026-06-06T12:23:01.4693591Z /usr/bin/tar: ../../../../../usr/local/lib/android/sdk/platforms/android-37.0/data/res/values-kk-television: Cannot utime: Operation not permitted
build	Cache Android SDK	2026-06-06T12:23:01.4694095Z /usr/bin/tar: ../../../../../usr/local/lib/android/sdk/platforms/android-37.0/data/res/values-kk-television: Cannot change mode to rwxr-xr-x: Operation not permitted
build	Cache Android SDK	2026-06-06T12:23:01.4696661Z /usr/bin/tar: ../../../../../usr/local/lib/android/sdk/platforms/android-37.0/data/res/values-mcc310-mnc250-pl: Cannot utime: Operation not permitted
build	Cache Android SDK	2026-06-06T12:23:01.4697118Z /usr/bin/tar: ../../../../../usr/local/lib/android/sdk/platforms/android-37.0/data/res/values-mcc310-mnc250-pl: Cannot change mode to rwxr-xr-x: Operation not permitted
build	Cache Android SDK	2026-06-06T12:23:01.5220473Z /usr/bin/tar: ../../../../../usr/local/lib/android/sdk/platforms/android-37.0/data/res/drawable-xhdpi: Cannot utime: Operation not permitted
build	Cache Android SDK	2026-06-06T12:23:01.5220980Z /usr/bin/tar: ../../../../../usr/local/lib/android/sdk/platforms/android-37.0/data/res/drawable-xhdpi: Cannot change mode to rwxr-xr-x: Operation not permitted
build	Cache Android SDK	2026-06-06T12:23:01.5224605Z /usr/bin/tar: ../../../../../usr/local/lib/android/sdk/platforms/android-37.0/data/res/values-mcc310-mnc410-ml: Cannot utime: Operation not permitted
build	Cache Android SDK	2026-06-06T12:23:01.5225073Z /usr/bin/tar: ../../../../../usr/local/lib/android/sdk/platforms/android-37.0/data/res/values-mcc310-mnc410-ml: Cannot change mode to rwxr-xr-x: Operation not permitted
build	Cache Android SDK	2026-06-06T12:23:01.5228905Z /usr/bin/tar: ../../../../../usr/local/lib/android/sdk/platforms/android-37.0/data/res/values-mcc466-mnc92: Cannot utime: Operation not permitted
build	Cache Android SDK	2026-06-06T12:23:01.5229451Z /usr/bin/tar: ../../../../../usr/local/lib/android/sdk/platforms/android-37.0/data/res/values-mcc466-mnc92: Cannot change mode to rwxr-xr-x: Operation not permitted
build	Cache Android SDK	2026-06-06T12:23:01.5232746Z /usr/bin/tar: ../../../../../usr/local/lib/android/sdk/platforms/android-37.0/data/res/values-mcc310-mnc210-sl: Cannot utime: Operation not permitted
build	Cache Android SDK	2026-06-06T12:23:01.5233203Z /usr/bin/tar: ../../../../../usr/local/lib/android/sdk/platforms/android-37.0/data/res/values-mcc310-mnc210-sl: Cannot change mode to rwxr-xr-x: Operation not permitted
build	Cache Android SDK	2026-06-06T12:23:01.5239837Z /usr/bin/tar: ../../../../../usr/local/lib/android/sdk/platforms/android-37.0/data/res/values-as-television: Cannot utime: Operation not permitted
build	Cache Android SDK	2026-06-06T12:23:01.5240291Z /usr/bin/tar: ../../../../../usr/local/lib/android/sdk/platforms/android-37.0/data/res/values-as-television: Cannot change mode to rwxr-xr-x: Operation not permitted
build	Cache Android SDK	2026-06-06T12:23:01.5248027Z /usr/bin/tar: ../../../../../usr/local/lib/android/sdk/platforms/android-37.0/data/res/values-mcc310-mnc380-sq: Cannot utime: Operation not permitted
build	Cache Android SDK	2026-06-06T12:23:01.5248598Z /usr/bin/tar: ../../../../../usr/local/lib/android/sdk/platforms/android-37.0/data/res/values-mcc310-mnc380-sq: Cannot change mode to rwxr-xr-x: Operation not permitted
build	Cache Android SDK	2026-06-06T12:23:01.5257071Z /usr/bin/tar: ../../../../../usr/local/lib/android/sdk/platforms/android-37.0/data/res/values-it-feminine: Cannot utime: Operation not permitted
build	Cache Android SDK	2026-06-06T12:23:01.5257688Z /usr/bin/tar: ../../../../../usr/local/lib/android/sdk/platforms/android-37.0/data/res/values-it-feminine: Cannot change mode to rwxr-xr-x: Operation not permitted
build	Cache Android SDK	2026-06-06T12:23:01.5261772Z /usr/bin/tar: ../../../../../usr/local/lib/android/sdk/platforms/android-37.0/data/res/values-en-rIE: Cannot utime: Operation not permitted
build	Cache Android SDK	2026-06-06T12:23:01.5262196Z /usr/bin/tar: ../../../../../usr/local/lib/android/sdk/platforms/android-37.0/data/res/values-en-rIE: Cannot change mode to rwxr-xr-x: Operation not permitted
build	Cache Android SDK	2026-06-06T12:23:01.5267298Z /usr/bin/tar: ../../../../../usr/local/lib/android/sdk/platforms/android-37.0/data/res/values-mcc310-mnc250-zu: Cannot utime: Operation not permitted
build	Cache Android SDK	2026-06-06T12:23:01.5267826Z /usr/bin/tar: ../../../../../usr/local/lib/android/sdk/platforms/android-37.0/data/res/values-mcc310-mnc250-zu: Cannot change mode to rwxr-xr-x: Operation not permitted
build	Cache Android SDK	2026-06-06T12:23:01.5270550Z /usr/bin/tar: ../../../../../usr/local/lib/android/sdk/platforms/android-37.0/data/res/values-mcc310-mnc410-lo: Cannot utime: Operation not permitted
build	Cache Android SDK	2026-06-06T12:23:01.5270990Z /usr/bin/tar: ../../../../../usr/local/lib/android/sdk/platforms/android-37.0/data/res/values-mcc310-mnc410-lo: Cannot change mode to rwxr-xr-x: Operation not permitted
build	Cache Android SDK	2026-06-06T12:23:01.5273940Z /usr/bin/tar: ../../../../../usr/local/lib/android/sdk/platforms/android-37.0/data/res/values-kk-watch: Cannot utime: Operation not permitted
build	Cache Android SDK	2026-06-06T12:23:01.5274371Z /usr/bin/tar: ../../../../../usr/local/lib/android/sdk/platforms/android-37.0/data/res/values-kk-watch: Cannot change mode to rwxr-xr-x: Operation not permitted
build	Cache Android SDK	2026-06-06T12:23:01.5277933Z /usr/bin/tar: ../../../../../usr/local/lib/android/sdk/platforms/android-37.0/data/res/values-mcc432: Cannot utime: Operation not permitted
build	Cache Android SDK	2026-06-06T12:23:01.5278431Z /usr/bin/tar: ../../../../../usr/local/lib/android/sdk/platforms/android-37.0/data/res/values-mcc432: Cannot change mode to rwxr-xr-x: Operation not permitted
build	Cache Android SDK	2026-06-06T12:23:01.5281090Z /usr/bin/tar: ../../../../../usr/local/lib/android/sdk/platforms/android-37.0/data/res/values-mcc310-mnc380-ne: Cannot utime: Operation not permitted
build	Cache Android SDK	2026-06-06T12:23:01.5281545Z /usr/bin/tar: ../../../../../usr/local/lib/android/sdk/platforms/android-37.0/data/res/values-mcc310-mnc380-ne: Cannot change mode to rwxr-xr-x: Operation not permitted
build	Cache Android SDK	2026-06-06T12:23:01.5283957Z /usr/bin/tar: ../../../../../usr/local/lib/android/sdk/platforms/android-37.0/data/res/values-mcc001-mnc01-uz: Cannot utime: Operation not permitted
build	Cache Android SDK	2026-06-06T12:23:01.5284502Z /usr/bin/tar: ../../../../../usr/local/lib/android/sdk/platforms/android-37.0/data/res/values-mcc001-mnc01-uz: Cannot change mode to rwxr-xr-x: Operation not permitted
build	Cache Android SDK	2026-06-06T12:23:01.5287720Z /usr/bin/tar: ../../../../../usr/local/lib/android/sdk/platforms/android-37.0/data/res/values-mcc312-mnc670-it: Cannot utime: Operation not permitted
build	Cache Android SDK	2026-06-06T12:23:01.5288724Z /usr/bin/tar: ../../../../../usr/local/lib/android/sdk/platforms/android-37.0/data/res/values-mcc312-mnc670-it: Cannot change mode to rwxr-xr-x: Operation not permitted
build	Cache Android SDK	2026-06-06T12:23:01.5292603Z /usr/bin/tar: ../../../../../usr/local/lib/android/sdk/platforms/android-37.0/data/res/values-mcc722-mnc07: Cannot utime: Operation not permitted
build	Cache Android SDK	2026-06-06T12:23:01.5296882Z /usr/bin/tar: ../../../../../usr/local/lib/android/sdk/platforms/android-37.0/data/res/values-mcc722-mnc07: Cannot change mode to rwxr-xr-x: Operation not permitted
build	Cache Android SDK	2026-06-06T12:23:01.5297296Z /usr/bin/tar: ../../../../../usr/local/lib/android/sdk/platforms/android-37.0/data/res/values-mcc310-mnc310-eu: Cannot utime: Operation not permitted
build	Cache Android SDK	2026-06-06T12:23:01.5297860Z /usr/bin/tar: ../../../../../usr/local/lib/android/sdk/platforms/android-37.0/data/res/values-mcc310-mnc310-eu: Cannot change mode to rwxr-xr-x: Operation not permitted
build	Cache Android SDK	2026-06-06T12:23:01.5300926Z /usr/bin/tar: ../../../../../usr/local/lib/android/sdk/platforms/android-37.0/data/res/values-mcc235-mnc94: Cannot utime: Operation not permitted
build	Cache Android SDK	2026-06-06T12:23:01.5301392Z /usr/bin/tar: ../../../../../usr/local/lib/android/sdk/platforms/android-37.0/data/res/values-mcc235-mnc94: Cannot change mode to rwxr-xr-x: Operation not permitted
build	Cache Android SDK	2026-06-06T12:23:01.5305251Z /usr/bin/tar: ../../../../../usr/local/lib/android/sdk/platforms/android-37.0/data/res/values-mcc311-mnc180-sk: Cannot utime: Operation not permitted
build	Cache Android SDK	2026-06-06T12:23:01.5305791Z /usr/bin/tar: ../../../../../usr/local/lib/android/sdk/platforms/android-37.0/data/res/values-mcc311-mnc180-sk: Cannot change mode to rwxr-xr-x: Operation not permitted
build	Cache Android SDK	2026-06-06T12:23:01.5308369Z /usr/bin/tar: ../../../../../usr/local/lib/android/sdk/platforms/android-37.0/data/res/values-mcc310-mnc170-es: Cannot utime: Operation not permitted
build	Cache Android SDK	2026-06-06T12:23:01.5309007Z /usr/bin/tar: ../../../../../usr/local/lib/android/sdk/platforms/android-37.0/data/res/values-mcc310-mnc170-es: Cannot change mode to rwxr-xr-x: Operation not permitted
build	Cache Android SDK	2026-06-06T12:23:01.5311766Z /usr/bin/tar: ../../../../../usr/local/lib/android/sdk/platforms/android-37.0/data/res/values-mcc310-mnc240-my: Cannot utime: Operation not permitted
build	Cache Android SDK	2026-06-06T12:23:01.5312376Z /usr/bin/tar: ../../../../../usr/local/lib/android/sdk/platforms/android-37.0/data/res/values-mcc310-mnc240-my: Cannot change mode to rwxr-xr-x: Operation not permitted
build	Cache Android SDK	2026-06-06T12:23:01.5316143Z /usr/bin/tar: ../../../../../usr/local/lib/android/sdk/platforms/android-37.0/data/res/values-am-television: Cannot utime: Operation not permitted
build	Cache Android SDK	2026-06-06T12:23:01.5316595Z /usr/bin/tar: ../../../../../usr/local/lib/android/sdk/platforms/android-37.0/data/res/values-am-television: Cannot change mode to rwxr-xr-x: Operation not permitted
build	Cache Android SDK	2026-06-06T12:23:01.5319440Z /usr/bin/tar: ../../../../../usr/local/lib/android/sdk/platforms/android-37.0/data/res/values-mcc302-mnc370-in: Cannot utime: Operation not permitted
build	Cache Android SDK	2026-06-06T12:23:01.5319900Z /usr/bin/tar: ../../../../../usr/local/lib/android/sdk/platforms/android-37.0/data/res/values-mcc302-mnc370-in: Cannot change mode to rwxr-xr-x: Operation not permitted
build	Cache Android SDK	2026-06-06T12:23:01.5325964Z /usr/bin/tar: ../../../../../usr/local/lib/android/sdk/platforms/android-37.0/data/res/values-mcc310-mnc270-ml: Cannot utime: Operation not permitted
build	Cache Android SDK	2026-06-06T12:23:01.5326425Z /usr/bin/tar: ../../../../../usr/local/lib/android/sdk/platforms/android-37.0/data/res/values-mcc310-mnc270-ml: Cannot change mode to rwxr-xr-x: Operation not permitted
build	Cache Android SDK	2026-06-06T12:23:01.5330639Z /usr/bin/tar: ../../../../../usr/local/lib/android/sdk/platforms/android-37.0/data/res/values-mcc302-mnc370-ru: Cannot utime: Operation not permitted
build	Cache Android SDK	2026-06-06T12:23:01.5331181Z /usr/bin/tar: ../../../../../usr/local/lib/android/sdk/platforms/android-37.0/data/res/values-mcc302-mnc370-ru: Cannot change mode to rwxr-xr-x: Operation not permitted
build	Cache Android SDK	2026-06-06T12:23:01.5336723Z /usr/bin/tar: ../../../../../usr/local/lib/android/sdk/platforms/android-37.0/data/res/values-mcc310-mnc950-ro: Cannot utime: Operation not permitted
build	Cache Android SDK	2026-06-06T12:23:01.5337181Z /usr/bin/tar: ../../../../../usr/local/lib/android/sdk/platforms/android-37.0/data/res/values-mcc310-mnc950-ro: Cannot change mode to rwxr-xr-x: Operation not permitted
build	Cache Android SDK	2026-06-06T12:23:01.5341213Z /usr/bin/tar: ../../../../../usr/local/lib/android/sdk/platforms/android-37.0/data/res/values-te-watch: Cannot utime: Operation not permitted
build	Cache Android SDK	2026-06-06T12:23:01.5341647Z /usr/bin/tar: ../../../../../usr/local/lib/android/sdk/platforms/android-37.0/data/res/values-te-watch: Cannot change mode to rwxr-xr-x: Operation not permitted
build	Cache Android SDK	2026-06-06T12:23:01.5344403Z /usr/bin/tar: ../../../../../usr/local/lib/android/sdk/platforms/android-37.0/data/res/values-mcc310-mnc410-pl: Cannot utime: Operation not permitted
build	Cache Android SDK	2026-06-06T12:23:01.5344855Z /usr/bin/tar: ../../../../../usr/local/lib/android/sdk/platforms/android-37.0/data/res/values-mcc310-mnc410-pl: Cannot change mode to rwxr-xr-x: Operation not permitted
build	Cache Android SDK	2026-06-06T12:23:01.5347545Z /usr/bin/tar: ../../../../../usr/local/lib/android/sdk/platforms/android-37.0/data/res/values-mcc310-mnc220-is: Cannot utime: Operation not permitted
build	Cache Android SDK	2026-06-06T12:23:01.5347999Z /usr/bin/tar: ../../../../../usr/local/lib/android/sdk/platforms/android-37.0/data/res/values-mcc310-mnc220-is: Cannot change mode to rwxr-xr-x: Operation not permitted
build	Cache Android SDK	2026-06-06T12:23:01.5351701Z /usr/bin/tar: ../../../../../usr/local/lib/android/sdk/platforms/android-37.0/data/res/values-mcc310-mnc170-nl: Cannot utime: Operation not permitted
build	Cache Android SDK	2026-06-06T12:23:01.5352188Z /usr/bin/tar: ../../../../../usr/local/lib/android/sdk/platforms/android-37.0/data/res/values-mcc310-mnc170-nl: Cannot change mode to rwxr-xr-x: Operation not permitted
build	Cache Android SDK	2026-06-06T12:23:01.5354817Z /usr/bin/tar: ../../../../../usr/local/lib/android/sdk/platforms/android-37.0/data/res/values-mcc310-mnc380-el: Cannot utime: Operation not permitted
build	Cache Android SDK	2026-06-06T12:23:01.5355267Z /usr/bin/tar: ../../../../../usr/local/lib/android/sdk/platforms/android-37.0/data/res/values-mcc310-mnc380-el: Cannot change mode to rwxr-xr-x: Operation not permitted
build	Cache Android SDK	2026-06-06T12:23:01.5358823Z /usr/bin/tar: ../../../../../usr/local/lib/android/sdk/platforms/android-37.0/data/res/values-mcc334-mnc020-lt: Cannot utime: Operation not permitted
build	Cache Android SDK	2026-06-06T12:23:01.5359273Z /usr/bin/tar: ../../../../../usr/local/lib/android/sdk/platforms/android-37.0/data/res/values-mcc334-mnc020-lt: Cannot change mode to rwxr-xr-x: Operation not permitted
build	Cache Android SDK	2026-06-06T12:23:01.5361995Z /usr/bin/tar: ../../../../../usr/local/lib/android/sdk/platforms/android-37.0/data/res/values-mcc302-mnc370-si: Cannot utime: Operation not permitted
build	Cache Android SDK	2026-06-06T12:23:01.5362451Z /usr/bin/tar: ../../../../../usr/local/lib/android/sdk/platforms/android-37.0/data/res/values-mcc302-mnc370-si: Cannot change mode to rwxr-xr-x: Operation not permitted
build	Cache Android SDK	2026-06-06T12:23:01.5369066Z /usr/bin/tar: ../../../../../usr/local/lib/android/sdk/platforms/android-37.0/data/res/drawable-land-xhdpi: Cannot utime: Operation not permitted
build	Cache Android SDK	2026-06-06T12:23:01.5369524Z /usr/bin/tar: ../../../../../usr/local/lib/android/sdk/platforms/android-37.0/data/res/drawable-land-xhdpi: Cannot change mode to rwxr-xr-x: Operation not permitted
build	Cache Android SDK	2026-06-06T12:23:01.5373180Z /usr/bin/tar: ../../../../../usr/local/lib/android/sdk/platforms/android-37.0/data/res/values-mcc310-mnc560-ko: Cannot utime: Operation not permitted
build	Cache Android SDK	2026-06-06T12:23:01.5373658Z /usr/bin/tar: ../../../../../usr/local/lib/android/sdk/platforms/android-37.0/data/res/values-mcc310-mnc560-ko: Cannot change mode to rwxr-xr-x: Operation not permitted
build	Cache Android SDK	2026-06-06T12:23:01.5376567Z /usr/bin/tar: ../../../../../usr/local/lib/android/sdk/platforms/android-37.0/data/res/values-ms-rMY: Cannot utime: Operation not permitted
build	Cache Android SDK	2026-06-06T12:23:01.5377084Z /usr/bin/tar: ../../../../../usr/local/lib/android/sdk/platforms/android-37.0/data/res/values-ms-rMY: Cannot change mode to rwxr-xr-x: Operation not permitted
build	Cache Android SDK	2026-06-06T12:23:01.5380947Z /usr/bin/tar: ../../../../../usr/local/lib/android/sdk/platforms/android-37.0/data/res/values-mcc310-mnc230-de: Cannot utime: Operation not permitted
build	Cache Android SDK	2026-06-06T12:23:01.5381412Z /usr/bin/tar: ../../../../../usr/local/lib/android/sdk/platforms/android-37.0/data/res/values-mcc310-mnc230-de: Cannot change mode to rwxr-xr-x: Operation not permitted
build	Cache Android SDK	2026-06-06T12:23:01.5385237Z /usr/bin/tar: ../../../../../usr/local/lib/android/sdk/platforms/android-37.0/data/res/values-mcc310-mnc280-zu: Cannot utime: Operation not permitted
build	Cache Android SDK	2026-06-06T12:23:01.5385695Z /usr/bin/tar: ../../../../../usr/local/lib/android/sdk/platforms/android-37.0/data/res/values-mcc310-mnc280-zu: Cannot change mode to rwxr-xr-x: Operation not permitted
build	Cache Android SDK	2026-06-06T12:23:01.5389299Z /usr/bin/tar: ../../../../../usr/local/lib/android/sdk/platforms/android-37.0/data/res/values-mcc310-mnc230-tl: Cannot utime: Operation not permitted
build	Cache Android SDK	2026-06-06T12:23:01.5389843Z /usr/bin/tar: ../../../../../usr/local/lib/android/sdk/platforms/android-37.0/data/res/values-mcc310-mnc230-tl: Cannot change mode to rwxr-xr-x: Operation not permitted
build	Cache Android SDK	2026-06-06T12:23:01.5392314Z /usr/bin/tar: ../../../../../usr/local/lib/android/sdk/platforms/android-37.0/data/res/values-mcc310-mnc280-bs: Cannot utime: Operation not permitted
build	Cache Android SDK	2026-06-06T12:23:01.5392778Z /usr/bin/tar: ../../../../../usr/local/lib/android/sdk/platforms/android-37.0/data/res/values-mcc310-mnc280-bs: Cannot change mode to rwxr-xr-x: Operation not permitted
build	Cache Android SDK	2026-06-06T12:23:01.5395314Z /usr/bin/tar: ../../../../../usr/local/lib/android/sdk/platforms/android-37.0/data/res/values-mcc310-mnc230-af: Cannot utime: Operation not permitted
build	Cache Android SDK	2026-06-06T12:23:01.5395763Z /usr/bin/tar: ../../../../../usr/local/lib/android/sdk/platforms/android-37.0/data/res/values-mcc310-mnc230-af: Cannot change mode to rwxr-xr-x: Operation not permitted
build	Cache Android SDK	2026-06-06T12:23:01.5399244Z /usr/bin/tar: ../../../../../usr/local/lib/android/sdk/platforms/android-37.0/data/res/values-mcc310-mnc160-mk: Cannot utime: Operation not permitted
build	Cache Android SDK	2026-06-06T12:23:01.5399696Z /usr/bin/tar: ../../../../../usr/local/lib/android/sdk/platforms/android-37.0/data/res/values-mcc310-mnc160-mk: Cannot change mode to rwxr-xr-x: Operation not permitted
build	Cache Android SDK	2026-06-06T12:23:01.5403248Z /usr/bin/tar: ../../../../../usr/local/lib/android/sdk/platforms/android-37.0/data/res/values-mcc312-mnc670-bg: Cannot utime: Operation not permitted
build	Cache Android SDK	2026-06-06T12:23:01.5403703Z /usr/bin/tar: ../../../../../usr/local/lib/android/sdk/platforms/android-37.0/data/res/values-mcc312-mnc670-bg: Cannot change mode to rwxr-xr-x: Operation not permitted
build	Cache Android SDK	2026-06-06T12:23:01.5409766Z /usr/bin/tar: ../../../../../usr/local/lib/android/sdk/platforms/android-37.0/data/res/values-mcc312-mnc670-pa: Cannot utime: Operation not permitted
build	Cache Android SDK	2026-06-06T12:23:01.5410705Z /usr/bin/tar: ../../../../../usr/local/lib/android/sdk/platforms/android-37.0/data/res/values-mcc312-mnc670-pa: Cannot change mode to rwxr-xr-x: Operation not permitted
build	Cache Android SDK	2026-06-06T12:23:01.5412615Z /usr/bin/tar: ../../../../../usr/local/lib/android/sdk/platforms/android-37.0/data/res/values-w192dp: Cannot utime: Operation not permitted
build	Cache Android SDK	2026-06-06T12:23:01.5413190Z /usr/bin/tar: ../../../../../usr/local/lib/android/sdk/platforms/android-37.0/data/res/values-w192dp: Cannot change mode to rwxr-xr-x: Operation not permitted
build	Cache Android SDK	2026-06-06T12:23:01.5416696Z /usr/bin/tar: ../../../../../usr/local/lib/android/sdk/platforms/android-37.0/data/res/values-mcc310-mnc170-my: Cannot utime: Operation not permitted
build	Cache Android SDK	2026-06-06T12:23:01.5417168Z /usr/bin/tar: ../../../../../usr/local/lib/android/sdk/platforms/android-37.0/data/res/values-mcc310-mnc170-my: Cannot change mode to rwxr-xr-x: Operation not permitted
build	Cache Android SDK	2026-06-06T12:23:01.5421696Z /usr/bin/tar: ../../../../../usr/local/lib/android/sdk/platforms/android-37.0/data/res/values-sw720dp-land: Cannot utime: Operation not permitted
build	Cache Android SDK	2026-06-06T12:23:01.5422282Z /usr/bin/tar: ../../../../../usr/local/lib/android/sdk/platforms/android-37.0/data/res/values-sw720dp-land: Cannot change mode to rwxr-xr-x: Operation not permitted
build	Cache Android SDK	2026-06-06T12:23:01.5424782Z /usr/bin/tar: ../../../../../usr/local/lib/android/sdk/platforms/android-37.0/data/res/values-mcc310-mnc200-en-rAU: Cannot utime: Operation not permitted
build	Cache Android SDK	2026-06-06T12:23:01.5425277Z /usr/bin/tar: ../../../../../usr/local/lib/android/sdk/platforms/android-37.0/data/res/values-mcc310-mnc200-en-rAU: Cannot change mode to rwxr-xr-x: Operation not permitted
build	Cache Android SDK	2026-06-06T12:23:01.5433392Z /usr/bin/tar: ../../../../../usr/local/lib/android/sdk/platforms/android-37.0/data/res/values-mcc312-mnc670-pl: Cannot utime: Operation not permitted
build	Cache Android SDK	2026-06-06T12:23:01.5433979Z /usr/bin/tar: ../../../../../usr/local/lib/android/sdk/platforms/android-37.0/data/res/values-mcc312-mnc670-pl: Cannot change mode to rwxr-xr-x: Operation not permitted
build	Cache Android SDK	2026-06-06T12:23:01.5436600Z /usr/bin/tar: ../../../../../usr/local/lib/android/sdk/platforms/android-37.0/data/res/values-mcc310-mnc120: Cannot utime: Operation not permitted
build	Cache Android SDK	2026-06-06T12:23:01.5437063Z /usr/bin/tar: ../../../../../usr/local/lib/android/sdk/platforms/android-37.0/data/res/values-mcc310-mnc120: Cannot change mode to rwxr-xr-x: Operation not permitted
build	Cache Android SDK	2026-06-06T12:23:01.5439857Z /usr/bin/tar: ../../../../../usr/local/lib/android/sdk/platforms/android-37.0/data/res/values-mcc310-mnc950-b+sr+Latn: Cannot utime: Operation not permitted
build	Cache Android SDK	2026-06-06T12:23:01.5440354Z /usr/bin/tar: ../../../../../usr/local/lib/android/sdk/platforms/android-37.0/data/res/values-mcc310-mnc950-b+sr+Latn: Cannot change mode to rwxr-xr-x: Operation not permitted
build	Cache Android SDK	2026-06-06T12:23:01.5443308Z /usr/bin/tar: ../../../../../usr/local/lib/android/sdk/platforms/android-37.0/data/res/values-mcc310-mnc490-ne: Cannot utime: Operation not permitted
build	Cache Android SDK	2026-06-06T12:23:01.5443764Z /usr/bin/tar: ../../../../../usr/local/lib/android/sdk/platforms/android-37.0/data/res/values-mcc310-mnc490-ne: Cannot change mode to rwxr-xr-x: Operation not permitted
build	Cache Android SDK	2026-06-06T12:23:01.5447075Z /usr/bin/tar: ../../../../../usr/local/lib/android/sdk/platforms/android-37.0/data/res/values-mcc310-mnc230: Cannot utime: Operation not permitted
build	Cache Android SDK	2026-06-06T12:23:01.5447617Z /usr/bin/tar: ../../../../../usr/local/lib/android/sdk/platforms/android-37.0/data/res/values-mcc310-mnc230: Cannot change mode to rwxr-xr-x: Operation not permitted
build	Cache Android SDK	2026-06-06T12:23:01.5450422Z /usr/bin/tar: ../../../../../usr/local/lib/android/sdk/platforms/android-37.0/data/res/values-mcc310-mnc230-am: Cannot utime: Operation not permitted
build	Cache Android SDK	2026-06-06T12:23:01.5450881Z /usr/bin/tar: ../../../../../usr/local/lib/android/sdk/platforms/android-37.0/data/res/values-mcc310-mnc230-am: Cannot change mode to rwxr-xr-x: Operation not permitted
build	Cache Android SDK	2026-06-06T12:23:01.5453892Z /usr/bin/tar: ../../../../../usr/local/lib/android/sdk/platforms/android-37.0/data/res/raw-zh-rTW: Cannot utime: Operation not permitted
build	Cache Android SDK	2026-06-06T12:23:01.5454310Z /usr/bin/tar: ../../../../../usr/local/lib/android/sdk/platforms/android-37.0/data/res/raw-zh-rTW: Cannot change mode to rwxr-xr-x: Operation not permitted
build	Cache Android SDK	2026-06-06T12:23:01.5459411Z /usr/bin/tar: ../../../../../usr/local/lib/android/sdk/platforms/android-37.0/data/res/values-mcc310-mnc160-sv: Cannot utime: Operation not permitted
build	Cache Android SDK	2026-06-06T12:23:01.5460415Z /usr/bin/tar: ../../../../../usr/local/lib/android/sdk/platforms/android-37.0/data/res/values-mcc310-mnc160-sv: Cannot change mode to rwxr-xr-x: Operation not permitted
build	Cache Android SDK	2026-06-06T12:23:01.5462803Z /usr/bin/tar: ../../../../../usr/local/lib/android/sdk/platforms/android-37.0/data/res/values-mcc001-mnc01-et: Cannot utime: Operation not permitted
build	Cache Android SDK	2026-06-06T12:23:01.5463270Z /usr/bin/tar: ../../../../../usr/local/lib/android/sdk/platforms/android-37.0/data/res/values-mcc001-mnc01-et: Cannot change mode to rwxr-xr-x: Operation not permitted
build	Cache Android SDK	2026-06-06T12:23:01.5466827Z /usr/bin/tar: ../../../../../usr/local/lib/android/sdk/platforms/android-37.0/data/res/values-es-rGT: Cannot utime: Operation not permitted
build	Cache Android SDK	2026-06-06T12:23:01.5467463Z /usr/bin/tar: ../../../../../usr/local/lib/android/sdk/platforms/android-37.0/data/res/values-es-rGT: Cannot change mode to rwxr-xr-x: Operation not permitted
build	Cache Android SDK	2026-06-06T12:23:01.5469819Z /usr/bin/tar: ../../../../../usr/local/lib/android/sdk/platforms/android-37.0/data/res/values-mcc310-mnc030-en-rIN: Cannot utime: Operation not permitted
build	Cache Android SDK	2026-06-06T12:23:01.5470296Z /usr/bin/tar: ../../../../../usr/local/lib/android/sdk/platforms/android-37.0/data/res/values-mcc310-mnc030-en-rIN: Cannot change mode to rwxr-xr-x: Operation not permitted
build	Cache Android SDK	2026-06-06T12:23:01.5472908Z /usr/bin/tar: ../../../../../usr/local/lib/android/sdk/platforms/android-37.0/data/res/values-mcc311-mnc180-el: Cannot utime: Operation not permitted
build	Cache Android SDK	2026-06-06T12:23:01.5473348Z /usr/bin/tar: ../../../../../usr/local/lib/android/sdk/platforms/android-37.0/data/res/values-mcc311-mnc180-el: Cannot change mode to rwxr-xr-x: Operation not permitted
build	Cache Android SDK	2026-06-06T12:23:01.5479650Z /usr/bin/tar: ../../../../../usr/local/lib/android/sdk/platforms/android-37.0/data/res/values-mcc310-mnc160-en-rAU: Cannot utime: Operation not permitted
build	Cache Android SDK	2026-06-06T12:23:01.5480125Z /usr/bin/tar: ../../../../../usr/local/lib/android/sdk/platforms/android-37.0/data/res/values-mcc310-mnc160-en-rAU: Cannot change mode to rwxr-xr-x: Operation not permitted
build	Cache Android SDK	2026-06-06T12:23:01.5483591Z /usr/bin/tar: ../../../../../usr/local/lib/android/sdk/platforms/android-37.0/data/res/values-mcc302-mnc370-mn: Cannot utime: Operation not permitted
build	Cache Android SDK	2026-06-06T12:23:01.5484052Z /usr/bin/tar: ../../../../../usr/local/lib/android/sdk/platforms/android-37.0/data/res/values-mcc302-mnc370-mn: Cannot change mode to rwxr-xr-x: Operation not permitted
build	Cache Android SDK	2026-06-06T12:23:01.5486543Z /usr/bin/tar: ../../../../../usr/local/lib/android/sdk/platforms/android-37.0/data/res/values-ja-television: Cannot utime: Operation not permitted
build	Cache Android SDK	2026-06-06T12:23:01.5486981Z /usr/bin/tar: ../../../../../usr/local/lib/android/sdk/platforms/android-37.0/data/res/values-ja-television: Cannot change mode to rwxr-xr-x: Operation not permitted
build	Cache Android SDK	2026-06-06T12:23:01.5491626Z /usr/bin/tar: ../../../../../usr/local/lib/android/sdk/platforms/android-37.0/data/res/values-mcc310-mnc250-lo: Cannot utime: Operation not permitted
build	Cache Android SDK	2026-06-06T12:23:01.5492081Z /usr/bin/tar: ../../../../../usr/local/lib/android/sdk/platforms/android-37.0/data/res/values-mcc310-mnc250-lo: Cannot change mode to rwxr-xr-x: Operation not permitted
build	Cache Android SDK	2026-06-06T12:23:01.5495491Z /usr/bin/tar: ../../../../../usr/local/lib/android/sdk/platforms/android-37.0/data/res/values-mcc310-mnc410-kn: Cannot utime: Operation not permitted
build	Cache Android SDK	2026-06-06T12:23:01.5495989Z /usr/bin/tar: ../../../../../usr/local/lib/android/sdk/platforms/android-37.0/data/res/values-mcc310-mnc410-kn: Cannot change mode to rwxr-xr-x: Operation not permitted
build	Cache Android SDK	2026-06-06T12:23:01.5499596Z /usr/bin/tar: ../../../../../usr/local/lib/android/sdk/platforms/android-37.0/data/res/values-mcc310-mnc380-es: Cannot utime: Operation not permitted
build	Cache Android SDK	2026-06-06T12:23:01.5500124Z /usr/bin/tar: ../../../../../usr/local/lib/android/sdk/platforms/android-37.0/data/res/values-mcc310-mnc380-es: Cannot change mode to rwxr-xr-x: Operation not permitted
build	Cache Android SDK	2026-06-06T12:23:01.5504137Z /usr/bin/tar: ../../../../../usr/local/lib/android/sdk/platforms/android-37.0/data/res/values-mcc310-mnc160-iw: Cannot utime: Operation not permitted
build	Cache Android SDK	2026-06-06T12:23:01.5504598Z /usr/bin/tar: ../../../../../usr/local/lib/android/sdk/platforms/android-37.0/data/res/values-mcc310-mnc160-iw: Cannot change mode to rwxr-xr-x: Operation not permitted
build	Cache Android SDK	2026-06-06T12:23:01.5508477Z /usr/bin/tar: ../../../../../usr/local/lib/android/sdk/platforms/android-37.0/data/res/values-mcc310-mnc380-zh-rHK: Cannot utime: Operation not permitted
build	Cache Android SDK	2026-06-06T12:23:01.5508947Z /usr/bin/tar: ../../../../../usr/local/lib/android/sdk/platforms/android-37.0/data/res/values-mcc310-mnc380-zh-rHK: Cannot change mode to rwxr-xr-x: Operation not permitted
build	Cache Android SDK	2026-06-06T12:23:01.5512945Z /usr/bin/tar: ../../../../../usr/local/lib/android/sdk/platforms/android-37.0/data/res/values-mcc310-mnc280-ur: Cannot utime: Operation not permitted
build	Cache Android SDK	2026-06-06T12:23:01.5513404Z /usr/bin/tar: ../../../../../usr/local/lib/android/sdk/platforms/android-37.0/data/res/values-mcc310-mnc280-ur: Cannot change mode to rwxr-xr-x: Operation not permitted
build	Cache Android SDK	2026-06-06T12:23:01.5516822Z /usr/bin/tar: ../../../../../usr/local/lib/android/sdk/platforms/android-37.0/data/res/values-mcc310-mnc200-kk: Cannot utime: Operation not permitted
build	Cache Android SDK	2026-06-06T12:23:01.5517280Z /usr/bin/tar: ../../../../../usr/local/lib/android/sdk/platforms/android-37.0/data/res/values-mcc310-mnc200-kk: Cannot change mode to rwxr-xr-x: Operation not permitted
build	Cache Android SDK	2026-06-06T12:23:01.5522380Z /usr/bin/tar: ../../../../../usr/local/lib/android/sdk/platforms/android-37.0/data/res/values-es-rNI: Cannot utime: Operation not permitted
build	Cache Android SDK	2026-06-06T12:23:01.5522820Z /usr/bin/tar: ../../../../../usr/local/lib/android/sdk/platforms/android-37.0/data/res/values-es-rNI: Cannot change mode to rwxr-xr-x: Operation not permitted
build	Cache Android SDK	2026-06-06T12:23:01.5526341Z /usr/bin/tar: ../../../../../usr/local/lib/android/sdk/platforms/android-37.0/data/res/values-mcc310-mnc170-bg: Cannot utime: Operation not permitted
build	Cache Android SDK	2026-06-06T12:23:01.5526789Z /usr/bin/tar: ../../../../../usr/local/lib/android/sdk/platforms/android-37.0/data/res/values-mcc310-mnc170-bg: Cannot change mode to rwxr-xr-x: Operation not permitted
build	Cache Android SDK	2026-06-06T12:23:01.5530203Z /usr/bin/tar: ../../../../../usr/local/lib/android/sdk/platforms/android-37.0/data/res/values-nb-television: Cannot utime: Operation not permitted
build	Cache Android SDK	2026-06-06T12:23:01.5530655Z /usr/bin/tar: ../../../../../usr/local/lib/android/sdk/platforms/android-37.0/data/res/values-nb-television: Cannot change mode to rwxr-xr-x: Operation not permitted
build	Cache Android SDK	2026-06-06T12:23:01.5534860Z /usr/bin/tar: ../../../../../usr/local/lib/android/sdk/platforms/android-37.0/data/res/values-mcc310-mnc380-in: Cannot utime: Operation not permitted
build	Cache Android SDK	2026-06-06T12:23:01.5535404Z /usr/bin/tar: ../../../../../usr/local/lib/android/sdk/platforms/android-37.0/data/res/values-mcc310-mnc380-in: Cannot change mode to rwxr-xr-x: Operation not permitted
build	Cache Android SDK	2026-06-06T12:23:01.5538985Z /usr/bin/tar: ../../../../../usr/local/lib/android/sdk/platforms/android-37.0/data/res/values-zh-rTW-television: Cannot utime: Operation not permitted
build	Cache Android SDK	2026-06-06T12:23:01.5539458Z /usr/bin/tar: ../../../../../usr/local/lib/android/sdk/platforms/android-37.0/data/res/values-zh-rTW-television: Cannot change mode to rwxr-xr-x: Operation not permitted
build	Cache Android SDK	2026-06-06T12:23:01.5542853Z /usr/bin/tar: ../../../../../usr/local/lib/android/sdk/platforms/android-37.0/data/res/values-mcc310-mnc380-pt: Cannot utime: Operation not permitted
build	Cache Android SDK	2026-06-06T12:23:01.5543314Z /usr/bin/tar: ../../../../../usr/local/lib/android/sdk/platforms/android-37.0/data/res/values-mcc310-mnc380-pt: Cannot change mode to rwxr-xr-x: Operation not permitted
build	Cache Android SDK	2026-06-06T12:23:01.5547311Z /usr/bin/tar: ../../../../../usr/local/lib/android/sdk/platforms/android-37.0/data/res/values-mcc310-mnc560-kn: Cannot utime: Operation not permitted
build	Cache Android SDK	2026-06-06T12:23:01.5547945Z /usr/bin/tar: ../../../../../usr/local/lib/android/sdk/platforms/android-37.0/data/res/values-mcc310-mnc560-kn: Cannot change mode to rwxr-xr-x: Operation not permitted
build	Cache Android SDK	2026-06-06T12:23:01.5553263Z /usr/bin/tar: ../../../../../usr/local/lib/android/sdk/platforms/android-37.0/data/res/values-mcc310-mnc490-am: Cannot utime: Operation not permitted
build	Cache Android SDK	2026-06-06T12:23:01.5553800Z /usr/bin/tar: ../../../../../usr/local/lib/android/sdk/platforms/android-37.0/data/res/values-mcc310-mnc490-am: Cannot change mode to rwxr-xr-x: Operation not permitted
build	Cache Android SDK	2026-06-06T12:23:01.5557122Z /usr/bin/tar: ../../../../../usr/local/lib/android/sdk/platforms/android-37.0/data/res/values-mcc310-mnc490-sl: Cannot utime: Operation not permitted
build	Cache Android SDK	2026-06-06T12:23:01.5557674Z /usr/bin/tar: ../../../../../usr/local/lib/android/sdk/platforms/android-37.0/data/res/values-mcc310-mnc490-sl: Cannot change mode to rwxr-xr-x: Operation not permitted
build	Cache Android SDK	2026-06-06T12:23:01.5560271Z /usr/bin/tar: ../../../../../usr/local/lib/android/sdk/platforms/android-37.0/data/res/values-mcc310-mnc160-ur: Cannot utime: Operation not permitted
build	Cache Android SDK	2026-06-06T12:23:01.5560731Z /usr/bin/tar: ../../../../../usr/local/lib/android/sdk/platforms/android-37.0/data/res/values-mcc310-mnc160-ur: Cannot change mode to rwxr-xr-x: Operation not permitted
build	Cache Android SDK	2026-06-06T12:23:01.5636477Z /usr/bin/tar: ../../../../../usr/local/lib/android/sdk/platforms/android-37.0/data/res/drawable-xxxhdpi: Cannot utime: Operation not permitted
build	Cache Android SDK	2026-06-06T12:23:01.5637006Z /usr/bin/tar: ../../../../../usr/local/lib/android/sdk/platforms/android-37.0/data/res/drawable-xxxhdpi: Cannot change mode to rwxr-xr-x: Operation not permitted
build	Cache Android SDK	2026-06-06T12:23:01.5639886Z /usr/bin/tar: ../../../../../usr/local/lib/android/sdk/platforms/android-37.0/data/res/values-mcc310-mnc210-af: Cannot utime: Operation not permitted
build	Cache Android SDK	2026-06-06T12:23:01.5640357Z /usr/bin/tar: ../../../../../usr/local/lib/android/sdk/platforms/android-37.0/data/res/values-mcc310-mnc210-af: Cannot change mode to rwxr-xr-x: Operation not permitted
build	Cache Android SDK	2026-06-06T12:23:01.5644898Z /usr/bin/tar: ../../../../../usr/local/lib/android/sdk/platforms/android-37.0/data/res/values-mcc310-mnc270-ky: Cannot utime: Operation not permitted
build	Cache Android SDK	2026-06-06T12:23:01.5645359Z /usr/bin/tar: ../../../../../usr/local/lib/android/sdk/platforms/android-37.0/data/res/values-mcc310-mnc270-ky: Cannot change mode to rwxr-xr-x: Operation not permitted
build	Cache Android SDK	2026-06-06T12:23:01.5649474Z /usr/bin/tar: ../../../../../usr/local/lib/android/sdk/platforms/android-37.0/data/res/values-mcc302-mnc720-te: Cannot utime: Operation not permitted
build	Cache Android SDK	2026-06-06T12:23:01.5649920Z /usr/bin/tar: ../../../../../usr/local/lib/android/sdk/platforms/android-37.0/data/res/values-mcc302-mnc720-te: Cannot change mode to rwxr-xr-x: Operation not permitted
build	Cache Android SDK	2026-06-06T12:23:01.5653775Z /usr/bin/tar: ../../../../../usr/local/lib/android/sdk/platforms/android-37.0/data/res/values-mcc312-mnc670-en-rIN: Cannot utime: Operation not permitted
build	Cache Android SDK	2026-06-06T12:23:01.5654246Z /usr/bin/tar: ../../../../../usr/local/lib/android/sdk/platforms/android-37.0/data/res/values-mcc312-mnc670-en-rIN: Cannot change mode to rwxr-xr-x: Operation not permitted
build	Cache Android SDK	2026-06-06T12:23:01.5656882Z /usr/bin/tar: ../../../../../usr/local/lib/android/sdk/platforms/android-37.0/data/res/values-mr-watch: Cannot utime: Operation not permitted
build	Cache Android SDK	2026-06-06T12:23:01.5657313Z /usr/bin/tar: ../../../../../usr/local/lib/android/sdk/platforms/android-37.0/data/res/values-mr-watch: Cannot change mode to rwxr-xr-x: Operation not permitted
build	Cache Android SDK	2026-06-06T12:23:01.5660138Z /usr/bin/tar: ../../../../../usr/local/lib/android/sdk/platforms/android-37.0/data/res/values-mcc310-mnc160-hi: Cannot utime: Operation not permitted
build	Cache Android SDK	2026-06-06T12:23:01.5660588Z /usr/bin/tar: ../../../../../usr/local/lib/android/sdk/platforms/android-37.0/data/res/values-mcc310-mnc160-hi: Cannot change mode to rwxr-xr-x: Operation not permitted
build	Cache Android SDK	2026-06-06T12:23:01.5665478Z /usr/bin/tar: ../../../../../usr/local/lib/android/sdk/platforms/android-37.0/data/res/values-mcc334-mnc020-fr-rCA: Cannot utime: Operation not permitted
build	Cache Android SDK	2026-06-06T12:23:01.5666015Z /usr/bin/tar: ../../../../../usr/local/lib/android/sdk/platforms/android-37.0/data/res/values-mcc334-mnc020-fr-rCA: Cannot change mode to rwxr-xr-x: Operation not permitted
build	Cache Android SDK	2026-06-06T12:23:01.5669065Z /usr/bin/tar: ../../../../../usr/local/lib/android/sdk/platforms/android-37.0/data/res/values-mcc302-mnc720-lv: Cannot utime: Operation not permitted
build	Cache Android SDK	2026-06-06T12:23:01.5669748Z /usr/bin/tar: ../../../../../usr/local/lib/android/sdk/platforms/android-37.0/data/res/values-mcc302-mnc720-lv: Cannot change mode to rwxr-xr-x: Operation not permitted
build	Cache Android SDK	2026-06-06T12:23:01.5672236Z /usr/bin/tar: ../../../../../usr/local/lib/android/sdk/platforms/android-37.0/data/res/values-mcc334-mnc020-pl: Cannot utime: Operation not permitted
build	Cache Android SDK	2026-06-06T12:23:01.5672695Z /usr/bin/tar: ../../../../../usr/local/lib/android/sdk/platforms/android-37.0/data/res/values-mcc334-mnc020-pl: Cannot change mode to rwxr-xr-x: Operation not permitted
build	Cache Android SDK	2026-06-06T12:23:01.5675187Z /usr/bin/tar: ../../../../../usr/local/lib/android/sdk/platforms/android-37.0/data/res/values-mcc310-mnc230-zh-rTW: Cannot utime: Operation not permitted
build	Cache Android SDK	2026-06-06T12:23:01.5675647Z /usr/bin/tar: ../../../../../usr/local/lib/android/sdk/platforms/android-37.0/data/res/values-mcc310-mnc230-zh-rTW: Cannot change mode to rwxr-xr-x: Operation not permitted
build	Cache Android SDK	2026-06-06T12:23:01.5679293Z /usr/bin/tar: ../../../../../usr/local/lib/android/sdk/platforms/android-37.0/data/res/values-mcc311-mnc180-pt-rBR: Cannot utime: Operation not permitted
build	Cache Android SDK	2026-06-06T12:23:01.5679762Z /usr/bin/tar: ../../../../../usr/local/lib/android/sdk/platforms/android-37.0/data/res/values-mcc311-mnc180-pt-rBR: Cannot change mode to rwxr-xr-x: Operation not permitted
build	Cache Android SDK	2026-06-06T12:23:01.5682612Z /usr/bin/tar: ../../../../../usr/local/lib/android/sdk/platforms/android-37.0/data/res/values-sw600dp-port: Cannot utime: Operation not permitted
build	Cache Android SDK	2026-06-06T12:23:01.5683059Z /usr/bin/tar: ../../../../../usr/local/lib/android/sdk/platforms/android-37.0/data/res/values-sw600dp-port: Cannot change mode to rwxr-xr-x: Operation not permitted
build	Cache Android SDK	2026-06-06T12:23:01.5686281Z /usr/bin/tar: ../../../../../usr/local/lib/android/sdk/platforms/android-37.0/data/res/values-mcc310-mnc380-be: Cannot utime: Operation not permitted
build	Cache Android SDK	2026-06-06T12:23:01.5686721Z /usr/bin/tar: ../../../../../usr/local/lib/android/sdk/platforms/android-37.0/data/res/values-mcc310-mnc380-be: Cannot change mode to rwxr-xr-x: Operation not permitted
build	Cache Android SDK	2026-06-06T12:23:01.5689375Z /usr/bin/tar: ../../../../../usr/local/lib/android/sdk/platforms/android-37.0/data/res/values-mcc310-mnc280-es-rUS: Cannot utime: Operation not permitted
build	Cache Android SDK	2026-06-06T12:23:01.5689835Z /usr/bin/tar: ../../../../../usr/local/lib/android/sdk/platforms/android-37.0/data/res/values-mcc310-mnc280-es-rUS: Cannot change mode to rwxr-xr-x: Operation not permitted
build	Cache Android SDK	2026-06-06T12:23:01.5692321Z /usr/bin/tar: ../../../../../usr/local/lib/android/sdk/platforms/android-37.0/data/res/values-mcc310-mnc410-hu: Cannot utime: Operation not permitted
build	Cache Android SDK	2026-06-06T12:23:01.5692772Z /usr/bin/tar: ../../../../../usr/local/lib/android/sdk/platforms/android-37.0/data/res/values-mcc310-mnc410-hu: Cannot change mode to rwxr-xr-x: Operation not permitted
build	Cache Android SDK	2026-06-06T12:23:01.5695587Z /usr/bin/tar: ../../../../../usr/local/lib/android/sdk/platforms/android-37.0/data/res/values-mcc310-mnc170-en-rIN: Cannot utime: Operation not permitted
build	Cache Android SDK	2026-06-06T12:23:01.5696138Z /usr/bin/tar: ../../../../../usr/local/lib/android/sdk/platforms/android-37.0/data/res/values-mcc310-mnc170-en-rIN: Cannot change mode to rwxr-xr-x: Operation not permitted
build	Cache Android SDK	2026-06-06T12:23:01.5700325Z /usr/bin/tar: ../../../../../usr/local/lib/android/sdk/platforms/android-37.0/data/res/values-mcc310-mnc030-bs: Cannot utime: Operation not permitted
build	Cache Android SDK	2026-06-06T12:23:01.5700772Z /usr/bin/tar: ../../../../../usr/local/lib/android/sdk/platforms/android-37.0/data/res/values-mcc310-mnc030-bs: Cannot change mode to rwxr-xr-x: Operation not permitted
build	Cache Android SDK	2026-06-06T12:23:01.5704538Z /usr/bin/tar: ../../../../../usr/local/lib/android/sdk/platforms/android-37.0/data/res/values-mcc310-mnc250-da: Cannot utime: Operation not permitted
build	Cache Android SDK	2026-06-06T12:23:01.5705061Z /usr/bin/tar: ../../../../../usr/local/lib/android/sdk/platforms/android-37.0/data/res/values-mcc310-mnc250-da: Cannot change mode to rwxr-xr-x: Operation not permitted
build	Cache Android SDK	2026-06-06T12:23:01.5710658Z /usr/bin/tar: ../../../../../usr/local/lib/android/sdk/platforms/android-37.0/data/res/values-mcc310-mnc560-en-rGB: Cannot utime: Operation not permitted
build	Cache Android SDK	2026-06-06T12:23:01.5711194Z /usr/bin/tar: ../../../../../usr/local/lib/android/sdk/platforms/android-37.0/data/res/values-mcc310-mnc560-en-rGB: Cannot change mode to rwxr-xr-x: Operation not permitted
build	Cache Android SDK	2026-06-06T12:23:01.5714816Z /usr/bin/tar: ../../../../../usr/local/lib/android/sdk/platforms/android-37.0/data/res/values-mcc310-mnc950-sr: Cannot utime: Operation not permitted
build	Cache Android SDK	2026-06-06T12:23:01.5715266Z /usr/bin/tar: ../../../../../usr/local/lib/android/sdk/platforms/android-37.0/data/res/values-mcc310-mnc950-sr: Cannot change mode to rwxr-xr-x: Operation not permitted
build	Cache Android SDK	2026-06-06T12:23:01.5719403Z /usr/bin/tar: ../../../../../usr/local/lib/android/sdk/platforms/android-37.0/data/res/values-mcc310-mnc030-mk: Cannot utime: Operation not permitted
build	Cache Android SDK	2026-06-06T12:23:01.5719966Z /usr/bin/tar: ../../../../../usr/local/lib/android/sdk/platforms/android-37.0/data/res/values-mcc310-mnc030-mk: Cannot change mode to rwxr-xr-x: Operation not permitted
build	Cache Android SDK	2026-06-06T12:23:01.5723530Z /usr/bin/tar: ../../../../../usr/local/lib/android/sdk/platforms/android-37.0/data/res/values-mcc310-mnc560-ru: Cannot utime: Operation not permitted
build	Cache Android SDK	2026-06-06T12:23:01.5723987Z /usr/bin/tar: ../../../../../usr/local/lib/android/sdk/platforms/android-37.0/data/res/values-mcc310-mnc560-ru: Cannot change mode to rwxr-xr-x: Operation not permitted
build	Cache Android SDK	2026-06-06T12:23:01.5727265Z /usr/bin/tar: ../../../../../usr/local/lib/android/sdk/platforms/android-37.0/data/res/values-mcc310-mnc380-nb: Cannot utime: Operation not permitted
build	Cache Android SDK	2026-06-06T12:23:01.5727920Z /usr/bin/tar: ../../../../../usr/local/lib/android/sdk/platforms/android-37.0/data/res/values-mcc310-mnc380-nb: Cannot change mode to rwxr-xr-x: Operation not permitted
build	Cache Android SDK	2026-06-06T12:23:01.5730935Z /usr/bin/tar: ../../../../../usr/local/lib/android/sdk/platforms/android-37.0/data/res/values-mcc310-mnc160-fa: Cannot utime: Operation not permitted
build	Cache Android SDK	2026-06-06T12:23:01.5731390Z /usr/bin/tar: ../../../../../usr/local/lib/android/sdk/platforms/android-37.0/data/res/values-mcc310-mnc160-fa: Cannot change mode to rwxr-xr-x: Operation not permitted
build	Cache Android SDK	2026-06-06T12:23:01.5734924Z /usr/bin/tar: ../../../../../usr/local/lib/android/sdk/platforms/android-37.0/data/res/layout-sw600dp: Cannot utime: Operation not permitted
build	Cache Android SDK	2026-06-06T12:23:01.5735363Z /usr/bin/tar: ../../../../../usr/local/lib/android/sdk/platforms/android-37.0/data/res/layout-sw600dp: Cannot change mode to rwxr-xr-x: Operation not permitted
build	Cache Android SDK	2026-06-06T12:23:01.5738146Z /usr/bin/tar: ../../../../../usr/local/lib/android/sdk/platforms/android-37.0/data/res/values-mcc302-mnc720-ms: Cannot utime: Operation not permitted
build	Cache Android SDK	2026-06-06T12:23:01.5738645Z /usr/bin/tar: ../../../../../usr/local/lib/android/sdk/platforms/android-37.0/data/res/values-mcc302-mnc720-ms: Cannot change mode to rwxr-xr-x: Operation not permitted
build	Cache Android SDK	2026-06-06T12:23:01.5741599Z /usr/bin/tar: ../../../../../usr/local/lib/android/sdk/platforms/android-37.0/data/res/values-el-watch: Cannot utime: Operation not permitted
build	Cache Android SDK	2026-06-06T12:23:01.5742168Z /usr/bin/tar: ../../../../../usr/local/lib/android/sdk/platforms/android-37.0/data/res/values-el-watch: Cannot change mode to rwxr-xr-x: Operation not permitted
build	Cache Android SDK	2026-06-06T12:23:01.5745764Z /usr/bin/tar: ../../../../../usr/local/lib/android/sdk/platforms/android-37.0/data/res/values-mcc310-mnc170-mr: Cannot utime: Operation not permitted
build	Cache Android SDK	2026-06-06T12:23:01.5746217Z /usr/bin/tar: ../../../../../usr/local/lib/android/sdk/platforms/android-37.0/data/res/values-mcc310-mnc170-mr: Cannot change mode to rwxr-xr-x: Operation not permitted
build	Cache Android SDK	2026-06-06T12:23:01.5748993Z /usr/bin/tar: ../../../../../usr/local/lib/android/sdk/platforms/android-37.0/data/res/values-mcc310-mnc250-nl: Cannot utime: Operation not permitted
build	Cache Android SDK	2026-06-06T12:23:01.5749533Z /usr/bin/tar: ../../../../../usr/local/lib/android/sdk/platforms/android-37.0/data/res/values-mcc310-mnc250-nl: Cannot change mode to rwxr-xr-x: Operation not permitted
build	Cache Android SDK	2026-06-06T12:23:01.5752160Z /usr/bin/tar: ../../../../../usr/local/lib/android/sdk/platforms/android-37.0/data/res/values-mcc310-mnc950-pl: Cannot utime: Operation not permitted
build	Cache Android SDK	2026-06-06T12:23:01.5752674Z /usr/bin/tar: ../../../../../usr/local/lib/android/sdk/platforms/android-37.0/data/res/values-mcc310-mnc950-pl: Cannot change mode to rwxr-xr-x: Operation not permitted
build	Cache Android SDK	2026-06-06T12:23:01.5754957Z /usr/bin/tar: ../../../../../usr/local/lib/android/sdk/platforms/android-37.0/data/res/values-mcc312-mnc670-mk: Cannot utime: Operation not permitted
build	Cache Android SDK	2026-06-06T12:23:01.5755414Z /usr/bin/tar: ../../../../../usr/local/lib/android/sdk/platforms/android-37.0/data/res/values-mcc312-mnc670-mk: Cannot change mode to rwxr-xr-x: Operation not permitted
build	Cache Android SDK	2026-06-06T12:23:01.5758239Z /usr/bin/tar: ../../../../../usr/local/lib/android/sdk/platforms/android-37.0/data/res/values-mcc313-mnc100-fi: Cannot utime: Operation not permitted
build	Cache Android SDK	2026-06-06T12:23:01.5758693Z /usr/bin/tar: ../../../../../usr/local/lib/android/sdk/platforms/android-37.0/data/res/values-mcc313-mnc100-fi: Cannot change mode to rwxr-xr-x: Operation not permitted
build	Cache Android SDK	2026-06-06T12:23:01.5762080Z /usr/bin/tar: ../../../../../usr/local/lib/android/sdk/platforms/android-37.0/data/res/values-mcc310-mnc200-is: Cannot utime: Operation not permitted
build	Cache Android SDK	2026-06-06T12:23:01.5763014Z /usr/bin/tar: ../../../../../usr/local/lib/android/sdk/platforms/android-37.0/data/res/values-mcc310-mnc200-is: Cannot change mode to rwxr-xr-x: Operation not permitted
build	Cache Android SDK	2026-06-06T12:23:01.5765041Z /usr/bin/tar: ../../../../../usr/local/lib/android/sdk/platforms/android-37.0/data/res/values-sw1900dp-90dpi: Cannot utime: Operation not permitted
build	Cache Android SDK	2026-06-06T12:23:01.5765530Z /usr/bin/tar: ../../../../../usr/local/lib/android/sdk/platforms/android-37.0/data/res/values-sw1900dp-90dpi: Cannot change mode to rwxr-xr-x: Operation not permitted
build	Cache Android SDK	2026-06-06T12:23:01.5768229Z /usr/bin/tar: ../../../../../usr/local/lib/android/sdk/platforms/android-37.0/data/res/values-mcc312-mnc670-sw: Cannot utime: Operation not permitted
build	Cache Android SDK	2026-06-06T12:23:01.5768690Z /usr/bin/tar: ../../../../../usr/local/lib/android/sdk/platforms/android-37.0/data/res/values-mcc312-mnc670-sw: Cannot change mode to rwxr-xr-x: Operation not permitted
build	Cache Android SDK	2026-06-06T12:23:01.5771603Z /usr/bin/tar: ../../../../../usr/local/lib/android/sdk/platforms/android-37.0/data/res/values-mcc310-mnc220-ur: Cannot utime: Operation not permitted
build	Cache Android SDK	2026-06-06T12:23:01.5772066Z /usr/bin/tar: ../../../../../usr/local/lib/android/sdk/platforms/android-37.0/data/res/values-mcc310-mnc220-ur: Cannot change mode to rwxr-xr-x: Operation not permitted
build	Cache Android SDK	2026-06-06T12:23:01.5775080Z /usr/bin/tar: ../../../../../usr/local/lib/android/sdk/platforms/android-37.0/data/res/values-mcc302-mnc370-hy: Cannot utime: Operation not permitted
build	Cache Android SDK	2026-06-06T12:23:01.5775543Z /usr/bin/tar: ../../../../../usr/local/lib/android/sdk/platforms/android-37.0/data/res/values-mcc302-mnc370-hy: Cannot change mode to rwxr-xr-x: Operation not permitted
build	Cache Android SDK	2026-06-06T12:23:01.5778788Z /usr/bin/tar: ../../../../../usr/local/lib/android/sdk/platforms/android-37.0/data/res/values-mcc310-mnc250-mn: Cannot utime: Operation not permitted
build	Cache Android SDK	2026-06-06T12:23:01.5779397Z /usr/bin/tar: ../../../../../usr/local/lib/android/sdk/platforms/android-37.0/data/res/values-mcc310-mnc250-mn: Cannot change mode to rwxr-xr-x: Operation not permitted
build	Cache Android SDK	2026-06-06T12:23:01.5781916Z /usr/bin/tar: ../../../../../usr/local/lib/android/sdk/platforms/android-37.0/data/res/values-mcc310-mnc030-sk: Cannot utime: Operation not permitted
build	Cache Android SDK	2026-06-06T12:23:01.5782371Z /usr/bin/tar: ../../../../../usr/local/lib/android/sdk/platforms/android-37.0/data/res/values-mcc310-mnc030-sk: Cannot change mode to rwxr-xr-x: Operation not permitted
build	Cache Android SDK	2026-06-06T12:23:01.5785062Z /usr/bin/tar: ../../../../../usr/local/lib/android/sdk/platforms/android-37.0/data/res/values-mcc310-mnc660-cs: Cannot utime: Operation not permitted
build	Cache Android SDK	2026-06-06T12:23:01.5785509Z /usr/bin/tar: ../../../../../usr/local/lib/android/sdk/platforms/android-37.0/data/res/values-mcc310-mnc660-cs: Cannot change mode to rwxr-xr-x: Operation not permitted
build	Cache Android SDK	2026-06-06T12:23:01.5788528Z /usr/bin/tar: ../../../../../usr/local/lib/android/sdk/platforms/android-37.0/data/res/values-mcc313-mnc100-hy: Cannot utime: Operation not permitted
build	Cache Android SDK	2026-06-06T12:23:01.5788980Z /usr/bin/tar: ../../../../../usr/local/lib/android/sdk/platforms/android-37.0/data/res/values-mcc313-mnc100-hy: Cannot change mode to rwxr-xr-x: Operation not permitted
build	Cache Android SDK	2026-06-06T12:23:01.5791415Z /usr/bin/tar: ../../../../../usr/local/lib/android/sdk/platforms/android-37.0/data/res/values-mcc310-mnc220-pt-rPT: Cannot utime: Operation not permitted
build	Cache Android SDK	2026-06-06T12:23:01.5791964Z /usr/bin/tar: ../../../../../usr/local/lib/android/sdk/platforms/android-37.0/data/res/values-mcc310-mnc220-pt-rPT: Cannot change mode to rwxr-xr-x: Operation not permitted
build	Cache Android SDK	2026-06-06T12:23:01.5794197Z /usr/bin/tar: ../../../../../usr/local/lib/android/sdk/platforms/android-37.0/data/res/values-b+sr+Latn-watch: Cannot utime: Operation not permitted
build	Cache Android SDK	2026-06-06T12:23:01.5794647Z /usr/bin/tar: ../../../../../usr/local/lib/android/sdk/platforms/android-37.0/data/res/values-b+sr+Latn-watch: Cannot change mode to rwxr-xr-x: Operation not permitted
build	Cache Android SDK	2026-06-06T12:23:01.5797537Z /usr/bin/tar: ../../../../../usr/local/lib/android/sdk/platforms/android-37.0/data/res/values-mcc334-mnc020-km: Cannot utime: Operation not permitted
build	Cache Android SDK	2026-06-06T12:23:01.5798031Z /usr/bin/tar: ../../../../../usr/local/lib/android/sdk/platforms/android-37.0/data/res/values-mcc334-mnc020-km: Cannot change mode to rwxr-xr-x: Operation not permitted
build	Cache Android SDK	2026-06-06T12:23:01.5800451Z /usr/bin/tar: ../../../../../usr/local/lib/android/sdk/platforms/android-37.0/data/res/values-mcc311-mnc180-bn: Cannot utime: Operation not permitted
build	Cache Android SDK	2026-06-06T12:23:01.5800908Z /usr/bin/tar: ../../../../../usr/local/lib/android/sdk/platforms/android-37.0/data/res/values-mcc311-mnc180-bn: Cannot change mode to rwxr-xr-x: Operation not permitted
build	Cache Android SDK	2026-06-06T12:23:01.5803962Z /usr/bin/tar: ../../../../../usr/local/lib/android/sdk/platforms/android-37.0/data/res/values-mcc334-mnc020-en-rXC: Cannot utime: Operation not permitted
build	Cache Android SDK	2026-06-06T12:23:01.5804435Z /usr/bin/tar: ../../../../../usr/local/lib/android/sdk/platforms/android-37.0/data/res/values-mcc334-mnc020-en-rXC: Cannot change mode to rwxr-xr-x: Operation not permitted
build	Cache Android SDK	2026-06-06T12:23:01.5813311Z /usr/bin/tar: ../../../../../usr/local/lib/android/sdk/platforms/android-37.0/data/res/values-ro: Cannot utime: Operation not permitted
build	Cache Android SDK	2026-06-06T12:23:01.5813841Z /usr/bin/tar: ../../../../../usr/local/lib/android/sdk/platforms/android-37.0/data/res/values-ro: Cannot change mode to rwxr-xr-x: Operation not permitted
build	Cache Android SDK	2026-06-06T12:23:01.5814343Z /usr/bin/tar: ../../../../../usr/local/lib/android/sdk/platforms/android-37.0/data/res/values-mcc310-mnc310-cs: Cannot utime: Operation not permitted
build	Cache Android SDK	2026-06-06T12:23:01.5814906Z /usr/bin/tar: ../../../../../usr/local/lib/android/sdk/platforms/android-37.0/data/res/values-mcc310-mnc310-cs: Cannot change mode to rwxr-xr-x: Operation not permitted
build	Cache Android SDK	2026-06-06T12:23:01.5816538Z /usr/bin/tar: ../../../../../usr/local/lib/android/sdk/platforms/android-37.0/data/res/values-mcc310-mnc210-bs: Cannot utime: Operation not permitted
build	Cache Android SDK	2026-06-06T12:23:01.5817121Z /usr/bin/tar: ../../../../../usr/local/lib/android/sdk/platforms/android-37.0/data/res/values-mcc310-mnc210-bs: Cannot change mode to rwxr-xr-x: Operation not permitted
build	Cache Android SDK	2026-06-06T12:23:01.5819494Z /usr/bin/tar: ../../../../../usr/local/lib/android/sdk/platforms/android-37.0/data/res/values-mcc310-mnc220-hr: Cannot utime: Operation not permitted
build	Cache Android SDK	2026-06-06T12:23:01.5819941Z /usr/bin/tar: ../../../../../usr/local/lib/android/sdk/platforms/android-37.0/data/res/values-mcc310-mnc220-hr: Cannot change mode to rwxr-xr-x: Operation not permitted
build	Cache Android SDK	2026-06-06T12:23:01.5822772Z /usr/bin/tar: ../../../../../usr/local/lib/android/sdk/platforms/android-37.0/data/res/values-mcc310-mnc560-hu: Cannot utime: Operation not permitted
build	Cache Android SDK	2026-06-06T12:23:01.5823222Z /usr/bin/tar: ../../../../../usr/local/lib/android/sdk/platforms/android-37.0/data/res/values-mcc310-mnc560-hu: Cannot change mode to rwxr-xr-x: Operation not permitted
build	Cache Android SDK	2026-06-06T12:23:01.5825775Z /usr/bin/tar: ../../../../../usr/local/lib/android/sdk/platforms/android-37.0/data/res/values-mcc313: Cannot utime: Operation not permitted
build	Cache Android SDK	2026-06-06T12:23:01.5826190Z /usr/bin/tar: ../../../../../usr/local/lib/android/sdk/platforms/android-37.0/data/res/values-mcc313: Cannot change mode to rwxr-xr-x: Operation not permitted
build	Cache Android SDK	2026-06-06T12:23:01.5828943Z /usr/bin/tar: ../../../../../usr/local/lib/android/sdk/platforms/android-37.0/data/res/values-mcc302-mnc720-uz: Cannot utime: Operation not permitted
build	Cache Android SDK	2026-06-06T12:23:01.5829451Z /usr/bin/tar: ../../../../../usr/local/lib/android/sdk/platforms/android-37.0/data/res/values-mcc302-mnc720-uz: Cannot change mode to rwxr-xr-x: Operation not permitted
build	Cache Android SDK	2026-06-06T12:23:01.5832719Z /usr/bin/tar: ../../../../../usr/local/lib/android/sdk/platforms/android-37.0/data/res/values-mcc334-mnc020-hi: Cannot utime: Operation not permitted
build	Cache Android SDK	2026-06-06T12:23:01.5833182Z /usr/bin/tar: ../../../../../usr/local/lib/android/sdk/platforms/android-37.0/data/res/values-mcc334-mnc020-hi: Cannot change mode to rwxr-xr-x: Operation not permitted
build	Cache Android SDK	2026-06-06T12:23:01.5835477Z /usr/bin/tar: ../../../../../usr/local/lib/android/sdk/platforms/android-37.0/data/res/values-mcc310-mnc410-ja: Cannot utime: Operation not permitted
build	Cache Android SDK	2026-06-06T12:23:01.5835916Z /usr/bin/tar: ../../../../../usr/local/lib/android/sdk/platforms/android-37.0/data/res/values-mcc310-mnc410-ja: Cannot change mode to rwxr-xr-x: Operation not permitted
build	Cache Android SDK	2026-06-06T12:23:01.5838925Z /usr/bin/tar: ../../../../../usr/local/lib/android/sdk/platforms/android-37.0/data/res/values-mcc310-mnc490-gl: Cannot utime: Operation not permitted
build	Cache Android SDK	2026-06-06T12:23:01.5839378Z /usr/bin/tar: ../../../../../usr/local/lib/android/sdk/platforms/android-37.0/data/res/values-mcc310-mnc490-gl: Cannot change mode to rwxr-xr-x: Operation not permitted
build	Cache Android SDK	2026-06-06T12:23:01.5842185Z /usr/bin/tar: ../../../../../usr/local/lib/android/sdk/platforms/android-37.0/data/res/values-mcc310-mnc310-de: Cannot utime: Operation not permitted
build	Cache Android SDK	2026-06-06T12:23:01.5842645Z /usr/bin/tar: ../../../../../usr/local/lib/android/sdk/platforms/android-37.0/data/res/values-mcc310-mnc310-de: Cannot change mode to rwxr-xr-x: Operation not permitted
build	Cache Android SDK	2026-06-06T12:23:01.5845048Z /usr/bin/tar: ../../../../../usr/local/lib/android/sdk/platforms/android-37.0/data/res/values-cs-television: Cannot utime: Operation not permitted
build	Cache Android SDK	2026-06-06T12:23:01.5845490Z /usr/bin/tar: ../../../../../usr/local/lib/android/sdk/platforms/android-37.0/data/res/values-cs-television: Cannot change mode to rwxr-xr-x: Operation not permitted
build	Cache Android SDK	2026-06-06T12:23:01.5848074Z /usr/bin/tar: ../../../../../usr/local/lib/android/sdk/platforms/android-37.0/data/res/values-w192dp-round-watch: Cannot utime: Operation not permitted
build	Cache Android SDK	2026-06-06T12:23:01.5848568Z /usr/bin/tar: ../../../../../usr/local/lib/android/sdk/platforms/android-37.0/data/res/values-w192dp-round-watch: Cannot change mode to rwxr-xr-x: Operation not permitted
build	Cache Android SDK	2026-06-06T12:23:01.5851414Z /usr/bin/tar: ../../../../../usr/local/lib/android/sdk/platforms/android-37.0/data/res/values-mcc334-mnc03: Cannot utime: Operation not permitted
build	Cache Android SDK	2026-06-06T12:23:01.5851861Z /usr/bin/tar: ../../../../../usr/local/lib/android/sdk/platforms/android-37.0/data/res/values-mcc334-mnc03: Cannot change mode to rwxr-xr-x: Operation not permitted
build	Cache Android SDK	2026-06-06T12:23:01.5855862Z /usr/bin/tar: ../../../../../usr/local/lib/android/sdk/platforms/android-37.0/data/res/values-mcc312-mnc670-ne: Cannot utime: Operation not permitted
build	Cache Android SDK	2026-06-06T12:23:01.5856315Z /usr/bin/tar: ../../../../../usr/local/lib/android/sdk/platforms/android-37.0/data/res/values-mcc312-mnc670-ne: Cannot change mode to rwxr-xr-x: Operation not permitted
build	Cache Android SDK	2026-06-06T12:23:01.5859146Z /usr/bin/tar: ../../../../../usr/local/lib/android/sdk/platforms/android-37.0/data/res/values-mcc310-mnc230-en-rIN: Cannot utime: Operation not permitted
build	Cache Android SDK	2026-06-06T12:23:01.5859624Z /usr/bin/tar: ../../../../../usr/local/lib/android/sdk/platforms/android-37.0/data/res/values-mcc310-mnc230-en-rIN: Cannot change mode to rwxr-xr-x: Operation not permitted
build	Cache Android SDK	2026-06-06T12:23:01.5862156Z /usr/bin/tar: ../../../../../usr/local/lib/android/sdk/platforms/android-37.0/data/res/values-mcc310-mnc150-ne: Cannot utime: Operation not permitted
build	Cache Android SDK	2026-06-06T12:23:01.5862611Z /usr/bin/tar: ../../../../../usr/local/lib/android/sdk/platforms/android-37.0/data/res/values-mcc310-mnc150-ne: Cannot change mode to rwxr-xr-x: Operation not permitted
build	Cache Android SDK	2026-06-06T12:23:01.5865289Z /usr/bin/tar: ../../../../../usr/local/lib/android/sdk/platforms/android-37.0/data/res/values-mcc310-mnc200-ca: Cannot utime: Operation not permitted
build	Cache Android SDK	2026-06-06T12:23:01.5865800Z /usr/bin/tar: ../../../../../usr/local/lib/android/sdk/platforms/android-37.0/data/res/values-mcc310-mnc200-ca: Cannot change mode to rwxr-xr-x: Operation not permitted
build	Cache Android SDK	2026-06-06T12:23:01.5869442Z /usr/bin/tar: ../../../../../usr/local/lib/android/sdk/platforms/android-37.0/data/res/values-mcc310-mnc030-km: Cannot utime: Operation not permitted
build	Cache Android SDK	2026-06-06T12:23:01.5870225Z /usr/bin/tar: ../../../../../usr/local/lib/android/sdk/platforms/android-37.0/data/res/values-mcc310-mnc030-km: Cannot change mode to rwxr-xr-x: Operation not permitted
build	Cache Android SDK	2026-06-06T12:23:01.5872535Z /usr/bin/tar: ../../../../../usr/local/lib/android/sdk/platforms/android-37.0/data/res/values-mcc313-mnc100-pa: Cannot utime: Operation not permitted
build	Cache Android SDK	2026-06-06T12:23:01.5873149Z /usr/bin/tar: ../../../../../usr/local/lib/android/sdk/platforms/android-37.0/data/res/values-mcc313-mnc100-pa: Cannot change mode to rwxr-xr-x: Operation not permitted
build	Cache Android SDK	2026-06-06T12:23:01.5874876Z /usr/bin/tar: ../../../../../usr/local/lib/android/sdk/platforms/android-37.0/data/res/values-mcc310-mnc150-ru: Cannot utime: Operation not permitted
build	Cache Android SDK	2026-06-06T12:23:01.5875357Z /usr/bin/tar: ../../../../../usr/local/lib/android/sdk/platforms/android-37.0/data/res/values-mcc310-mnc150-ru: Cannot change mode to rwxr-xr-x: Operation not permitted
build	Cache Android SDK	2026-06-06T12:23:01.5878185Z /usr/bin/tar: ../../../../../usr/local/lib/android/sdk/platforms/android-37.0/data/res/values-mcc310-mnc560-eu: Cannot utime: Operation not permitted
build	Cache Android SDK	2026-06-06T12:23:01.5878648Z /usr/bin/tar: ../../../../../usr/local/lib/android/sdk/platforms/android-37.0/data/res/values-mcc310-mnc560-eu: Cannot change mode to rwxr-xr-x: Operation not permitted
build	Cache Android SDK	2026-06-06T12:23:01.5881698Z /usr/bin/tar: ../../../../../usr/local/lib/android/sdk/platforms/android-37.0/data/res/values-mcc310-mnc170-zh-rTW: Cannot utime: Operation not permitted
build	Cache Android SDK	2026-06-06T12:23:01.5882229Z /usr/bin/tar: ../../../../../usr/local/lib/android/sdk/platforms/android-37.0/data/res/values-mcc310-mnc170-zh-rTW: Cannot change mode to rwxr-xr-x: Operation not permitted
build	Cache Android SDK	2026-06-06T12:23:01.5884733Z /usr/bin/tar: ../../../../../usr/local/lib/android/sdk/platforms/android-37.0/data/res/values-lo-television: Cannot utime: Operation not permitted
build	Cache Android SDK	2026-06-06T12:23:01.5885217Z /usr/bin/tar: ../../../../../usr/local/lib/android/sdk/platforms/android-37.0/data/res/values-lo-television: Cannot change mode to rwxr-xr-x: Operation not permitted
build	Cache Android SDK	2026-06-06T12:23:01.5888529Z /usr/bin/tar: ../../../../../usr/local/lib/android/sdk/platforms/android-37.0/data/res/values-mcc311-mnc180-mr: Cannot utime: Operation not permitted
build	Cache Android SDK	2026-06-06T12:23:01.5889041Z /usr/bin/tar: ../../../../../usr/local/lib/android/sdk/platforms/android-37.0/data/res/values-mcc311-mnc180-mr: Cannot change mode to rwxr-xr-x: Operation not permitted
build	Cache Android SDK	2026-06-06T12:23:01.5891165Z /usr/bin/tar: ../../../../../usr/local/lib/android/sdk/platforms/android-37.0/data/res/values-mcc001-mnc01-ne: Cannot utime: Operation not permitted
build	Cache Android SDK	2026-06-06T12:23:01.5891643Z /usr/bin/tar: ../../../../../usr/local/lib/android/sdk/platforms/android-37.0/data/res/values-mcc001-mnc01-ne: Cannot change mode to rwxr-xr-x: Operation not permitted
build	Cache Android SDK	2026-06-06T12:23:01.5894203Z /usr/bin/tar: ../../../../../usr/local/lib/android/sdk/platforms/android-37.0/data/res/values-iw-watch: Cannot utime: Operation not permitted
build	Cache Android SDK	2026-06-06T12:23:01.5894646Z /usr/bin/tar: ../../../../../usr/local/lib/android/sdk/platforms/android-37.0/data/res/values-iw-watch: Cannot change mode to rwxr-xr-x: Operation not permitted
build	Cache Android SDK	2026-06-06T12:23:01.5897459Z /usr/bin/tar: ../../../../../usr/local/lib/android/sdk/platforms/android-37.0/data/res/values-mcc310-mnc560-it: Cannot utime: Operation not permitted
build	Cache Android SDK	2026-06-06T12:23:01.5897956Z /usr/bin/tar: ../../../../../usr/local/lib/android/sdk/platforms/android-37.0/data/res/values-mcc310-mnc560-it: Cannot change mode to rwxr-xr-x: Operation not permitted
build	Cache Android SDK	2026-06-06T12:23:01.5900111Z /usr/bin/tar: ../../../../../usr/local/lib/android/sdk/platforms/android-37.0/data/res/values-mcc313-mnc100-it: Cannot utime: Operation not permitted
build	Cache Android SDK	2026-06-06T12:23:01.5900648Z /usr/bin/tar: ../../../../../usr/local/lib/android/sdk/platforms/android-37.0/data/res/values-mcc313-mnc100-it: Cannot change mode to rwxr-xr-x: Operation not permitted
build	Cache Android SDK	2026-06-06T12:23:01.5903449Z /usr/bin/tar: ../../../../../usr/local/lib/android/sdk/platforms/android-37.0/data/res/values-mcc310-mnc270-pl: Cannot utime: Operation not permitted
build	Cache Android SDK	2026-06-06T12:23:01.5903918Z /usr/bin/tar: ../../../../../usr/local/lib/android/sdk/platforms/android-37.0/data/res/values-mcc310-mnc270-pl: Cannot change mode to rwxr-xr-x: Operation not permitted
build	Cache Android SDK	2026-06-06T12:23:01.5906245Z /usr/bin/tar: ../../../../../usr/local/lib/android/sdk/platforms/android-37.0/data/res/values-ca-watch: Cannot utime: Operation not permitted
build	Cache Android SDK	2026-06-06T12:23:01.5906686Z /usr/bin/tar: ../../../../../usr/local/lib/android/sdk/platforms/android-37.0/data/res/values-ca-watch: Cannot change mode to rwxr-xr-x: Operation not permitted
build	Cache Android SDK	2026-06-06T12:23:01.5909680Z /usr/bin/tar: ../../../../../usr/local/lib/android/sdk/platforms/android-37.0/data/res/values-mcc310-mnc380-ja: Cannot utime: Operation not permitted
build	Cache Android SDK	2026-06-06T12:23:01.5910142Z /usr/bin/tar: ../../../../../usr/local/lib/android/sdk/platforms/android-37.0/data/res/values-mcc310-mnc380-ja: Cannot change mode to rwxr-xr-x: Operation not permitted
build	Cache Android SDK	2026-06-06T12:23:01.5970481Z /usr/bin/tar: ../../../../../usr/local/lib/android/sdk/platforms/android-37.0/data/res/values: Cannot utime: Operation not permitted
build	Cache Android SDK	2026-06-06T12:23:01.5971884Z /usr/bin/tar: ../../../../../usr/local/lib/android/sdk/platforms/android-37.0/data/res/values: Cannot change mode to rwxr-xr-x: Operation not permitted
build	Cache Android SDK	2026-06-06T12:23:01.5973398Z /usr/bin/tar: ../../../../../usr/local/lib/android/sdk/platforms/android-37.0/data/res/raw-zh-rCN: Cannot utime: Operation not permitted
build	Cache Android SDK	2026-06-06T12:23:01.5974252Z /usr/bin/tar: ../../../../../usr/local/lib/android/sdk/platforms/android-37.0/data/res/raw-zh-rCN: Cannot change mode to rwxr-xr-x: Operation not permitted
build	Cache Android SDK	2026-06-06T12:23:01.5977675Z /usr/bin/tar: ../../../../../usr/local/lib/android/sdk/platforms/android-37.0/data/res/values-mcc310-mnc280-ro: Cannot utime: Operation not permitted
build	Cache Android SDK	2026-06-06T12:23:01.5978634Z /usr/bin/tar: ../../../../../usr/local/lib/android/sdk/platforms/android-37.0/data/res/values-mcc310-mnc280-ro: Cannot change mode to rwxr-xr-x: Operation not permitted
build	Cache Android SDK	2026-06-06T12:23:01.5981374Z /usr/bin/tar: ../../../../../usr/local/lib/android/sdk/platforms/android-37.0/data/res/values-mcc310-mnc250-en-rGB: Cannot utime: Operation not permitted
build	Cache Android SDK	2026-06-06T12:23:01.5982476Z /usr/bin/tar: ../../../../../usr/local/lib/android/sdk/platforms/android-37.0/data/res/values-mcc310-mnc250-en-rGB: Cannot change mode to rwxr-xr-x: Operation not permitted
build	Cache Android SDK	2026-06-06T12:23:01.5986960Z /usr/bin/tar: ../../../../../usr/local/lib/android/sdk/platforms/android-37.0/data/res/values-es-rCO: Cannot utime: Operation not permitted
build	Cache Android SDK	2026-06-06T12:23:01.5988272Z /usr/bin/tar: ../../../../../usr/local/lib/android/sdk/platforms/android-37.0/data/res/values-es-rCO: Cannot change mode to rwxr-xr-x: Operation not permitted
build	Cache Android SDK	2026-06-06T12:23:01.5989808Z /usr/bin/tar: ../../../../../usr/local/lib/android/sdk/platforms/android-37.0/data/res/values-mcc310-mnc170-uz: Cannot utime: Operation not permitted
build	Cache Android SDK	2026-06-06T12:23:01.5990747Z /usr/bin/tar: ../../../../../usr/local/lib/android/sdk/platforms/android-37.0/data/res/values-mcc310-mnc170-uz: Cannot change mode to rwxr-xr-x: Operation not permitted
build	Cache Android SDK	2026-06-06T12:23:01.5992802Z /usr/bin/tar: ../../../../../usr/local/lib/android/sdk/platforms/android-37.0/data/res/values-mcc310-mnc950-is: Cannot utime: Operation not permitted
build	Cache Android SDK	2026-06-06T12:23:01.5993742Z /usr/bin/tar: ../../../../../usr/local/lib/android/sdk/platforms/android-37.0/data/res/values-mcc310-mnc950-is: Cannot change mode to rwxr-xr-x: Operation not permitted
build	Cache Android SDK	2026-06-06T12:23:01.5995958Z /usr/bin/tar: ../../../../../usr/local/lib/android/sdk/platforms/android-37.0/data/res/values-pt-watch: Cannot utime: Operation not permitted
build	Cache Android SDK	2026-06-06T12:23:01.5996950Z /usr/bin/tar: ../../../../../usr/local/lib/android/sdk/platforms/android-37.0/data/res/values-pt-watch: Cannot change mode to rwxr-xr-x: Operation not permitted
build	Cache Android SDK	2026-06-06T12:23:01.5999189Z /usr/bin/tar: ../../../../../usr/local/lib/android/sdk/platforms/android-37.0/data/res/values-mcc313-mnc100-pl: Cannot utime: Operation not permitted
build	Cache Android SDK	2026-06-06T12:23:01.6000153Z /usr/bin/tar: ../../../../../usr/local/lib/android/sdk/platforms/android-37.0/data/res/values-mcc313-mnc100-pl: Cannot change mode to rwxr-xr-x: Operation not permitted
build	Cache Android SDK	2026-06-06T12:23:01.6002461Z /usr/bin/tar: ../../../../../usr/local/lib/android/sdk/platforms/android-37.0/data/res/values-mcc001-mnc01-vi: Cannot utime: Operation not permitted
build	Cache Android SDK	2026-06-06T12:23:01.6003400Z /usr/bin/tar: ../../../../../usr/local/lib/android/sdk/platforms/android-37.0/data/res/values-mcc001-mnc01-vi: Cannot change mode to rwxr-xr-x: Operation not permitted
build	Cache Android SDK	2026-06-06T12:23:01.6005619Z /usr/bin/tar: ../../../../../usr/local/lib/android/sdk/platforms/android-37.0/data/res/values-mcc313-mnc100-lv: Cannot utime: Operation not permitted
build	Cache Android SDK	2026-06-06T12:23:01.6006549Z /usr/bin/tar: ../../../../../usr/local/lib/android/sdk/platforms/android-37.0/data/res/values-mcc313-mnc100-lv: Cannot change mode to rwxr-xr-x: Operation not permitted
build	Cache Android SDK	2026-06-06T12:23:01.6009328Z /usr/bin/tar: ../../../../../usr/local/lib/android/sdk/platforms/android-37.0/data/res/values-mcc302-mnc720-gu: Cannot utime: Operation not permitted
build	Cache Android SDK	2026-06-06T12:23:01.6010270Z /usr/bin/tar: ../../../../../usr/local/lib/android/sdk/platforms/android-37.0/data/res/values-mcc302-mnc720-gu: Cannot change mode to rwxr-xr-x: Operation not permitted
build	Cache Android SDK	2026-06-06T12:23:01.6012433Z /usr/bin/tar: ../../../../../usr/local/lib/android/sdk/platforms/android-37.0/data/res/values-mcc302-mnc370-zh-rCN: Cannot utime: Operation not permitted
build	Cache Android SDK	2026-06-06T12:23:01.6013421Z /usr/bin/tar: ../../../../../usr/local/lib/android/sdk/platforms/android-37.0/data/res/values-mcc302-mnc370-zh-rCN: Cannot change mode to rwxr-xr-x: Operation not permitted
build	Cache Android SDK	2026-06-06T12:23:01.6016209Z /usr/bin/tar: ../../../../../usr/local/lib/android/sdk/platforms/android-37.0/data/res/values-th-watch: Cannot utime: Operation not permitted
build	Cache Android SDK	2026-06-06T12:23:01.6017115Z /usr/bin/tar: ../../../../../usr/local/lib/android/sdk/platforms/android-37.0/data/res/values-th-watch: Cannot change mode to rwxr-xr-x: Operation not permitted
build	Cache Android SDK	2026-06-06T12:23:01.6019490Z /usr/bin/tar: ../../../../../usr/local/lib/android/sdk/platforms/android-37.0/data/res/values-mcc310-mnc250-ta: Cannot utime: Operation not permitted
build	Cache Android SDK	2026-06-06T12:23:01.6020432Z /usr/bin/tar: ../../../../../usr/local/lib/android/sdk/platforms/android-37.0/data/res/values-mcc310-mnc250-ta: Cannot change mode to rwxr-xr-x: Operation not permitted
build	Cache Android SDK	2026-06-06T12:23:01.6022935Z /usr/bin/tar: ../../../../../usr/local/lib/android/sdk/platforms/android-37.0/data/res/values-mcc310-mnc560-mk: Cannot utime: Operation not permitted
build	Cache Android SDK	2026-06-06T12:23:01.6023884Z /usr/bin/tar: ../../../../../usr/local/lib/android/sdk/platforms/android-37.0/data/res/values-mcc310-mnc560-mk: Cannot change mode to rwxr-xr-x: Operation not permitted
build	Cache Android SDK	2026-06-06T12:23:01.6026194Z /usr/bin/tar: ../../../../../usr/local/lib/android/sdk/platforms/android-37.0/data/res/values-mcc466-mnc02: Cannot utime: Operation not permitted
build	Cache Android SDK	2026-06-06T12:23:01.6027108Z /usr/bin/tar: ../../../../../usr/local/lib/android/sdk/platforms/android-37.0/data/res/values-mcc466-mnc02: Cannot change mode to rwxr-xr-x: Operation not permitted
build	Cache Android SDK	2026-06-06T12:23:01.6029186Z /usr/bin/tar: ../../../../../usr/local/lib/android/sdk/platforms/android-37.0/data/res/values-mcc310-mnc030: Cannot utime: Operation not permitted
build	Cache Android SDK	2026-06-06T12:23:01.6030099Z /usr/bin/tar: ../../../../../usr/local/lib/android/sdk/platforms/android-37.0/data/res/values-mcc310-mnc030: Cannot change mode to rwxr-xr-x: Operation not permitted
build	Cache Android SDK	2026-06-06T12:23:01.6032974Z /usr/bin/tar: ../../../../../usr/local/lib/android/sdk/platforms/android-37.0/data/res/values-mcc310-mnc150-sq: Cannot utime: Operation not permitted
build	Cache Android SDK	2026-06-06T12:23:01.6034001Z /usr/bin/tar: ../../../../../usr/local/lib/android/sdk/platforms/android-37.0/data/res/values-mcc310-mnc150-sq: Cannot change mode to rwxr-xr-x: Operation not permitted
build	Cache Android SDK	2026-06-06T12:23:01.6036133Z /usr/bin/tar: ../../../../../usr/local/lib/android/sdk/platforms/android-37.0/data/res/values-mcc310-mnc220-uz: Cannot utime: Operation not permitted
build	Cache Android SDK	2026-06-06T12:23:01.6037080Z /usr/bin/tar: ../../../../../usr/local/lib/android/sdk/platforms/android-37.0/data/res/values-mcc310-mnc220-uz: Cannot change mode to rwxr-xr-x: Operation not permitted
build	Cache Android SDK	2026-06-06T12:23:01.6040171Z /usr/bin/tar: ../../../../../usr/local/lib/android/sdk/platforms/android-37.0/data/res/values-mcc310-mnc380-es-rUS: Cannot utime: Operation not permitted
build	Cache Android SDK	2026-06-06T12:23:01.6041152Z /usr/bin/tar: ../../../../../usr/local/lib/android/sdk/platforms/android-37.0/data/res/values-mcc310-mnc380-es-rUS: Cannot change mode to rwxr-xr-x: Operation not permitted
build	Cache Android SDK	2026-06-06T12:23:01.6043448Z /usr/bin/tar: ../../../../../usr/local/lib/android/sdk/platforms/android-37.0/data/res/values-hu-watch: Cannot utime: Operation not permitted
build	Cache Android SDK	2026-06-06T12:23:01.6044350Z /usr/bin/tar: ../../../../../usr/local/lib/android/sdk/platforms/android-37.0/data/res/values-hu-watch: Cannot change mode to rwxr-xr-x: Operation not permitted
build	Cache Android SDK	2026-06-06T12:23:01.6047678Z /usr/bin/tar: ../../../../../usr/local/lib/android/sdk/platforms/android-37.0/data/res/values-mcc311-mnc180-et: Cannot utime: Operation not permitted
build	Cache Android SDK	2026-06-06T12:23:01.6048631Z /usr/bin/tar: ../../../../../usr/local/lib/android/sdk/platforms/android-37.0/data/res/values-mcc311-mnc180-et: Cannot change mode to rwxr-xr-x: Operation not permitted
build	Cache Android SDK	2026-06-06T12:23:01.6051283Z /usr/bin/tar: ../../../../../usr/local/lib/android/sdk/platforms/android-37.0/data/res/values-mcc310-mnc800-my: Cannot utime: Operation not permitted
build	Cache Android SDK	2026-06-06T12:23:01.6052216Z /usr/bin/tar: ../../../../../usr/local/lib/android/sdk/platforms/android-37.0/data/res/values-mcc310-mnc800-my: Cannot change mode to rwxr-xr-x: Operation not permitted
build	Cache Android SDK	2026-06-06T12:23:01.6054509Z /usr/bin/tar: ../../../../../usr/local/lib/android/sdk/platforms/android-37.0/data/res/values-mcc310-mnc150-pl: Cannot utime: Operation not permitted
build	Cache Android SDK	2026-06-06T12:23:01.6055438Z /usr/bin/tar: ../../../../../usr/local/lib/android/sdk/platforms/android-37.0/data/res/values-mcc310-mnc150-pl: Cannot change mode to rwxr-xr-x: Operation not permitted
build	Cache Android SDK	2026-06-06T12:23:01.6057831Z /usr/bin/tar: ../../../../../usr/local/lib/android/sdk/platforms/android-37.0/data/res/values-mcc302-mnc370-ja: Cannot utime: Operation not permitted
build	Cache Android SDK	2026-06-06T12:23:01.6058757Z /usr/bin/tar: ../../../../../usr/local/lib/android/sdk/platforms/android-37.0/data/res/values-mcc302-mnc370-ja: Cannot change mode to rwxr-xr-x: Operation not permitted
build	Cache Android SDK	2026-06-06T12:23:01.6061158Z /usr/bin/tar: ../../../../../usr/local/lib/android/sdk/platforms/android-37.0/data/res/values-mcc302-mnc370-my: Cannot utime: Operation not permitted
build	Cache Android SDK	2026-06-06T12:23:01.6062081Z /usr/bin/tar: ../../../../../usr/local/lib/android/sdk/platforms/android-37.0/data/res/values-mcc302-mnc370-my: Cannot change mode to rwxr-xr-x: Operation not permitted
build	Cache Android SDK	2026-06-06T12:23:01.6069150Z /usr/bin/tar: ../../../../../usr/local/lib/android/sdk/platforms/android-37.0/data/res/drawable-sw600dp-xhdpi: Cannot utime: Operation not permitted
build	Cache Android SDK	2026-06-06T12:23:01.6070116Z /usr/bin/tar: ../../../../../usr/local/lib/android/sdk/platforms/android-37.0/data/res/drawable-sw600dp-xhdpi: Cannot change mode to rwxr-xr-x: Operation not permitted
build	Cache Android SDK	2026-06-06T12:23:01.6072494Z /usr/bin/tar: ../../../../../usr/local/lib/android/sdk/platforms/android-37.0/data/res/values-mcc510-mnc89: Cannot utime: Operation not permitted
build	Cache Android SDK	2026-06-06T12:23:01.6073664Z /usr/bin/tar: ../../../../../usr/local/lib/android/sdk/platforms/android-37.0/data/res/values-mcc510-mnc89: Cannot change mode to rwxr-xr-x: Operation not permitted
build	Cache Android SDK	2026-06-06T12:23:01.6075536Z /usr/bin/tar: ../../../../../usr/local/lib/android/sdk/platforms/android-37.0/data/res/values-mcc313-mnc100-gl: Cannot utime: Operation not permitted
build	Cache Android SDK	2026-06-06T12:23:01.6076604Z /usr/bin/tar: ../../../../../usr/local/lib/android/sdk/platforms/android-37.0/data/res/values-mcc313-mnc100-gl: Cannot change mode to rwxr-xr-x: Operation not permitted
build	Cache Android SDK	2026-06-06T12:23:01.6078729Z /usr/bin/tar: ../../../../../usr/local/lib/android/sdk/platforms/android-37.0/data/res/values-mcc310-mnc490-da: Cannot utime: Operation not permitted
build	Cache Android SDK	2026-06-06T12:23:01.6079693Z /usr/bin/tar: ../../../../../usr/local/lib/android/sdk/platforms/android-37.0/data/res/values-mcc310-mnc490-da: Cannot change mode to rwxr-xr-x: Operation not permitted
build	Cache Android SDK	2026-06-06T12:23:01.6082341Z /usr/bin/tar: ../../../../../usr/local/lib/android/sdk/platforms/android-37.0/data/res/values-mcc310-mnc240-uz: Cannot utime: Operation not permitted
build	Cache Android SDK	2026-06-06T12:23:01.6083291Z /usr/bin/tar: ../../../../../usr/local/lib/android/sdk/platforms/android-37.0/data/res/values-mcc310-mnc240-uz: Cannot change mode to rwxr-xr-x: Operation not permitted
build	Cache Android SDK	2026-06-06T12:23:01.6085847Z /usr/bin/tar: ../../../../../usr/local/lib/android/sdk/platforms/android-37.0/data/res/values-mcc310-mnc170-ky: Cannot utime: Operation not permitted
build	Cache Android SDK	2026-06-06T12:23:01.6086815Z /usr/bin/tar: ../../../../../usr/local/lib/android/sdk/platforms/android-37.0/data/res/values-mcc310-mnc170-ky: Cannot change mode to rwxr-xr-x: Operation not permitted
build	Cache Android SDK	2026-06-06T12:23:01.6089248Z /usr/bin/tar: ../../../../../usr/local/lib/android/sdk/platforms/android-37.0/data/res/values-mcc310-mnc950-az: Cannot utime: Operation not permitted
build	Cache Android SDK	2026-06-06T12:23:01.6090225Z /usr/bin/tar: ../../../../../usr/local/lib/android/sdk/platforms/android-37.0/data/res/values-mcc310-mnc950-az: Cannot change mode to rwxr-xr-x: Operation not permitted
build	Cache Android SDK	2026-06-06T12:23:01.6092662Z /usr/bin/tar: ../../../../../usr/local/lib/android/sdk/platforms/android-37.0/data/res/values-mcc310-mnc220-zh-rTW: Cannot utime: Operation not permitted
build	Cache Android SDK	2026-06-06T12:23:01.6093652Z /usr/bin/tar: ../../../../../usr/local/lib/android/sdk/platforms/android-37.0/data/res/values-mcc310-mnc220-zh-rTW: Cannot change mode to rwxr-xr-x: Operation not permitted
build	Cache Android SDK	2026-06-06T12:23:01.6095571Z /usr/bin/tar: ../../../../../usr/local/lib/android/sdk/platforms/android-37.0/data/res/values-mcc310-mnc150-ky: Cannot utime: Operation not permitted
build	Cache Android SDK	2026-06-06T12:23:01.6096506Z /usr/bin/tar: ../../../../../usr/local/lib/android/sdk/platforms/android-37.0/data/res/values-mcc310-mnc150-ky: Cannot change mode to rwxr-xr-x: Operation not permitted
build	Cache Android SDK	2026-06-06T12:23:01.6099048Z /usr/bin/tar: ../../../../../usr/local/lib/android/sdk/platforms/android-37.0/data/res/values-mcc310-mnc950-hi: Cannot utime: Operation not permitted
build	Cache Android SDK	2026-06-06T12:23:01.6099985Z /usr/bin/tar: ../../../../../usr/local/lib/android/sdk/platforms/android-37.0/data/res/values-mcc310-mnc950-hi: Cannot change mode to rwxr-xr-x: Operation not permitted
build	Cache Android SDK	2026-06-06T12:23:01.6102805Z /usr/bin/tar: ../../../../../usr/local/lib/android/sdk/platforms/android-37.0/data/res/values-mcc310-mnc250-th: Cannot utime: Operation not permitted
build	Cache Android SDK	2026-06-06T12:23:01.6104164Z /usr/bin/tar: ../../../../../usr/local/lib/android/sdk/platforms/android-37.0/data/res/values-mcc310-mnc250-th: Cannot change mode to rwxr-xr-x: Operation not permitted
build	Cache Android SDK	2026-06-06T12:23:01.6107822Z /usr/bin/tar: ../../../../../usr/local/lib/android/sdk/platforms/android-37.0/data/res/values-round-watch: Cannot utime: Operation not permitted
build	Cache Android SDK	2026-06-06T12:23:01.6109091Z /usr/bin/tar: ../../../../../usr/local/lib/android/sdk/platforms/android-37.0/data/res/values-round-watch: Cannot change mode to rwxr-xr-x: Operation not permitted
build	Cache Android SDK	2026-06-06T12:23:01.6110590Z /usr/bin/tar: ../../../../../usr/local/lib/android/sdk/platforms/android-37.0/data/res/values-mcc310-mnc160-te: Cannot utime: Operation not permitted
build	Cache Android SDK	2026-06-06T12:23:01.6111525Z /usr/bin/tar: ../../../../../usr/local/lib/android/sdk/platforms/android-37.0/data/res/values-mcc310-mnc160-te: Cannot change mode to rwxr-xr-x: Operation not permitted
build	Cache Android SDK	2026-06-06T12:23:01.6115565Z /usr/bin/tar: ../../../../../usr/local/lib/android/sdk/platforms/android-37.0/data/res/color-watch: Cannot utime: Operation not permitted
build	Cache Android SDK	2026-06-06T12:23:01.6116518Z /usr/bin/tar: ../../../../../usr/local/lib/android/sdk/platforms/android-37.0/data/res/color-watch: Cannot change mode to rwxr-xr-x: Operation not permitted
build	Cache Android SDK	2026-06-06T12:23:01.6118998Z /usr/bin/tar: ../../../../../usr/local/lib/android/sdk/platforms/android-37.0/data/res/values-mcc310-mnc950-mr: Cannot utime: Operation not permitted
build	Cache Android SDK	2026-06-06T12:23:01.6119945Z /usr/bin/tar: ../../../../../usr/local/lib/android/sdk/platforms/android-37.0/data/res/values-mcc310-mnc950-mr: Cannot change mode to rwxr-xr-x: Operation not permitted
build	Cache Android SDK	2026-06-06T12:23:01.6122457Z /usr/bin/tar: ../../../../../usr/local/lib/android/sdk/platforms/android-37.0/data/res/values-mcc312-mnc670-is: Cannot utime: Operation not permitted
build	Cache Android SDK	2026-06-06T12:23:01.6123390Z /usr/bin/tar: ../../../../../usr/local/lib/android/sdk/platforms/android-37.0/data/res/values-mcc312-mnc670-is: Cannot change mode to rwxr-xr-x: Operation not permitted
build	Cache Android SDK	2026-06-06T12:23:01.6126148Z /usr/bin/tar: ../../../../../usr/local/lib/android/sdk/platforms/android-37.0/data/res/values-mcc310-mnc030-it: Cannot utime: Operation not permitted
build	Cache Android SDK	2026-06-06T12:23:01.6127118Z /usr/bin/tar: ../../../../../usr/local/lib/android/sdk/platforms/android-37.0/data/res/values-mcc310-mnc030-it: Cannot change mode to rwxr-xr-x: Operation not permitted
build	Cache Android SDK	2026-06-06T12:23:01.6130188Z /usr/bin/tar: ../../../../../usr/local/lib/android/sdk/platforms/android-37.0/data/res/values-mcc313-mnc100-ky: Cannot utime: Operation not permitted
build	Cache Android SDK	2026-06-06T12:23:01.6131575Z /usr/bin/tar: ../../../../../usr/local/lib/android/sdk/platforms/android-37.0/data/res/values-mcc313-mnc100-ky: Cannot change mode to rwxr-xr-x: Operation not permitted
build	Cache Android SDK	2026-06-06T12:23:01.6132901Z /usr/bin/tar: ../../../../../usr/local/lib/android/sdk/platforms/android-37.0/data/res/values-mcc311-mnc180-en-rAU: Cannot utime: Operation not permitted
build	Cache Android SDK	2026-06-06T12:23:01.6133879Z /usr/bin/tar: ../../../../../usr/local/lib/android/sdk/platforms/android-37.0/data/res/values-mcc311-mnc180-en-rAU: Cannot change mode to rwxr-xr-x: Operation not permitted
build	Cache Android SDK	2026-06-06T12:23:01.6135821Z /usr/bin/tar: ../../../../../usr/local/lib/android/sdk/platforms/android-37.0/data/res/values-mcc310-mnc490-sr: Cannot utime: Operation not permitted
build	Cache Android SDK	2026-06-06T12:23:01.6136758Z /usr/bin/tar: ../../../../../usr/local/lib/android/sdk/platforms/android-37.0/data/res/values-mcc310-mnc490-sr: Cannot change mode to rwxr-xr-x: Operation not permitted
build	Cache Android SDK	2026-06-06T12:23:01.6139223Z /usr/bin/tar: ../../../../../usr/local/lib/android/sdk/platforms/android-37.0/data/res/values-mcc310-mnc560-uz: Cannot utime: Operation not permitted
build	Cache Android SDK	2026-06-06T12:23:01.6140167Z /usr/bin/tar: ../../../../../usr/local/lib/android/sdk/platforms/android-37.0/data/res/values-mcc310-mnc560-uz: Cannot change mode to rwxr-xr-x: Operation not permitted
build	Cache Android SDK	2026-06-06T12:23:01.6142468Z /usr/bin/tar: ../../../../../usr/local/lib/android/sdk/platforms/android-37.0/data/res/values-mcc310-mnc490-sw: Cannot utime: Operation not permitted
build	Cache Android SDK	2026-06-06T12:23:01.6143501Z /usr/bin/tar: ../../../../../usr/local/lib/android/sdk/platforms/android-37.0/data/res/values-mcc310-mnc490-sw: Cannot change mode to rwxr-xr-x: Operation not permitted
build	Cache Android SDK	2026-06-06T12:23:01.6145797Z /usr/bin/tar: ../../../../../usr/local/lib/android/sdk/platforms/android-37.0/data/res/values-mcc302-mnc370-is: Cannot utime: Operation not permitted
build	Cache Android SDK	2026-06-06T12:23:01.6146805Z /usr/bin/tar: ../../../../../usr/local/lib/android/sdk/platforms/android-37.0/data/res/values-mcc302-mnc370-is: Cannot change mode to rwxr-xr-x: Operation not permitted
build	Cache Android SDK	2026-06-06T12:23:01.6149048Z /usr/bin/tar: ../../../../../usr/local/lib/android/sdk/platforms/android-37.0/data/res/values-mcc302-mnc610: Cannot utime: Operation not permitted
build	Cache Android SDK	2026-06-06T12:23:01.6149982Z /usr/bin/tar: ../../../../../usr/local/lib/android/sdk/platforms/android-37.0/data/res/values-mcc302-mnc610: Cannot change mode to rwxr-xr-x: Operation not permitted
build	Cache Android SDK	2026-06-06T12:23:01.6152319Z /usr/bin/tar: ../../../../../usr/local/lib/android/sdk/platforms/android-37.0/data/res/values-mcc310-mnc800-el: Cannot utime: Operation not permitted
build	Cache Android SDK	2026-06-06T12:23:01.6153303Z /usr/bin/tar: ../../../../../usr/local/lib/android/sdk/platforms/android-37.0/data/res/values-mcc310-mnc800-el: Cannot change mode to rwxr-xr-x: Operation not permitted
build	Cache Android SDK	2026-06-06T12:23:01.6156046Z /usr/bin/tar: ../../../../../usr/local/lib/android/sdk/platforms/android-37.0/data/res/values-mcc302-mnc720-gl: Cannot utime: Operation not permitted
build	Cache Android SDK	2026-06-06T12:23:01.6157305Z /usr/bin/tar: ../../../../../usr/local/lib/android/sdk/platforms/android-37.0/data/res/values-mcc302-mnc720-gl: Cannot change mode to rwxr-xr-x: Operation not permitted
build	Cache Android SDK	2026-06-06T12:23:01.6158885Z /usr/bin/tar: ../../../../../usr/local/lib/android/sdk/platforms/android-37.0/data/res/values-nl-television: Cannot utime: Operation not permitted
build	Cache Android SDK	2026-06-06T12:23:01.6159795Z /usr/bin/tar: ../../../../../usr/local/lib/android/sdk/platforms/android-37.0/data/res/values-nl-television: Cannot change mode to rwxr-xr-x: Operation not permitted
build	Cache Android SDK	2026-06-06T12:23:01.6162068Z /usr/bin/tar: ../../../../../usr/local/lib/android/sdk/platforms/android-37.0/data/res/values-mcc334-mnc020-mk: Cannot utime: Operation not permitted
build	Cache Android SDK	2026-06-06T12:23:01.6163008Z /usr/bin/tar: ../../../../../usr/local/lib/android/sdk/platforms/android-37.0/data/res/values-mcc334-mnc020-mk: Cannot change mode to rwxr-xr-x: Operation not permitted
build	Cache Android SDK	2026-06-06T12:23:01.6167198Z /usr/bin/tar: ../../../../../usr/local/lib/android/sdk/platforms/android-37.0/data/res/values-mcc310-mnc950-de: Cannot utime: Operation not permitted
build	Cache Android SDK	2026-06-06T12:23:01.6168574Z /usr/bin/tar: ../../../../../usr/local/lib/android/sdk/platforms/android-37.0/data/res/values-mcc310-mnc950-de: Cannot change mode to rwxr-xr-x: Operation not permitted
build	Cache Android SDK	2026-06-06T12:23:01.6170075Z /usr/bin/tar: ../../../../../usr/local/lib/android/sdk/platforms/android-37.0/data/res/values-mcc310-mnc270-lt: Cannot utime: Operation not permitted
build	Cache Android SDK	2026-06-06T12:23:01.6171037Z /usr/bin/tar: ../../../../../usr/local/lib/android/sdk/platforms/android-37.0/data/res/values-mcc310-mnc270-lt: Cannot change mode to rwxr-xr-x: Operation not permitted
build	Cache Android SDK	2026-06-06T12:23:01.6173731Z /usr/bin/tar: ../../../../../usr/local/lib/android/sdk/platforms/android-37.0/data/res/values-mcc310-mnc410-sk: Cannot utime: Operation not permitted
build	Cache Android SDK	2026-06-06T12:23:01.6174682Z /usr/bin/tar: ../../../../../usr/local/lib/android/sdk/platforms/android-37.0/data/res/values-mcc310-mnc410-sk: Cannot change mode to rwxr-xr-x: Operation not permitted
build	Cache Android SDK	2026-06-06T12:23:01.6178164Z /usr/bin/tar: ../../../../../usr/local/lib/android/sdk/platforms/android-37.0/data/res/values-mcc001-mnc01-sq: Cannot utime: Operation not permitted
build	Cache Android SDK	2026-06-06T12:23:01.6179096Z /usr/bin/tar: ../../../../../usr/local/lib/android/sdk/platforms/android-37.0/data/res/values-mcc001-mnc01-sq: Cannot change mode to rwxr-xr-x: Operation not permitted
build	Cache Android SDK	2026-06-06T12:23:01.6185593Z /usr/bin/tar: ../../../../../usr/local/lib/android/sdk/platforms/android-37.0/data/res/values-mcc310-mnc230-sl: Cannot utime: Operation not permitted
build	Cache Android SDK	2026-06-06T12:23:01.6186655Z /usr/bin/tar: ../../../../../usr/local/lib/android/sdk/platforms/android-37.0/data/res/values-mcc310-mnc230-sl: Cannot change mode to rwxr-xr-x: Operation not permitted
build	Cache Android SDK	2026-06-06T12:23:01.6190298Z /usr/bin/tar: ../../../../../usr/local/lib/android/sdk/platforms/android-37.0/data/res/values-mcc310-mnc240-en-rIN: Cannot utime: Operation not permitted
build	Cache Android SDK	2026-06-06T12:23:01.6192063Z /usr/bin/tar: ../../../../../usr/local/lib/android/sdk/platforms/android-37.0/data/res/values-mcc310-mnc240-en-rIN: Cannot change mode to rwxr-xr-x: Operation not permitted
build	Cache Android SDK	2026-06-06T12:23:01.6194033Z /usr/bin/tar: ../../../../../usr/local/lib/android/sdk/platforms/android-37.0/data/res/values-mcc310-mnc560-my: Cannot utime: Operation not permitted
build	Cache Android SDK	2026-06-06T12:23:01.6195084Z /usr/bin/tar: ../../../../../usr/local/lib/android/sdk/platforms/android-37.0/data/res/values-mcc310-mnc560-my: Cannot change mode to rwxr-xr-x: Operation not permitted
build	Cache Android SDK	2026-06-06T12:23:01.6198194Z /usr/bin/tar: ../../../../../usr/local/lib/android/sdk/platforms/android-37.0/data/res/values-mcc001-mnc01-ca: Cannot utime: Operation not permitted
build	Cache Android SDK	2026-06-06T12:23:01.6199187Z /usr/bin/tar: ../../../../../usr/local/lib/android/sdk/platforms/android-37.0/data/res/values-mcc001-mnc01-ca: Cannot change mode to rwxr-xr-x: Operation not permitted
build	Cache Android SDK	2026-06-06T12:23:01.6202092Z /usr/bin/tar: ../../../../../usr/local/lib/android/sdk/platforms/android-37.0/data/res/values-mcc310-mnc220-be: Cannot utime: Operation not permitted
build	Cache Android SDK	2026-06-06T12:23:01.6203486Z /usr/bin/tar: ../../../../../usr/local/lib/android/sdk/platforms/android-37.0/data/res/values-mcc310-mnc220-be: Cannot change mode to rwxr-xr-x: Operation not permitted
build	Cache Android SDK	2026-06-06T12:23:01.6204853Z /usr/bin/tar: ../../../../../usr/local/lib/android/sdk/platforms/android-37.0/data/res/values-mcc334-mnc020-fi: Cannot utime: Operation not permitted
build	Cache Android SDK	2026-06-06T12:23:01.6205777Z /usr/bin/tar: ../../../../../usr/local/lib/android/sdk/platforms/android-37.0/data/res/values-mcc334-mnc020-fi: Cannot change mode to rwxr-xr-x: Operation not permitted
build	Cache Android SDK	2026-06-06T12:23:01.6208803Z /usr/bin/tar: ../../../../../usr/local/lib/android/sdk/platforms/android-37.0/data/res/values-mcc302-mnc370-kk: Cannot utime: Operation not permitted
build	Cache Android SDK	2026-06-06T12:23:01.6209743Z /usr/bin/tar: ../../../../../usr/local/lib/android/sdk/platforms/android-37.0/data/res/values-mcc302-mnc370-kk: Cannot change mode to rwxr-xr-x: Operation not permitted
build	Cache Android SDK	2026-06-06T12:23:01.6212437Z /usr/bin/tar: ../../../../../usr/local/lib/android/sdk/platforms/android-37.0/data/res/values-mcc311-mnc180-kk: Cannot utime: Operation not permitted
build	Cache Android SDK	2026-06-06T12:23:01.6213378Z /usr/bin/tar: ../../../../../usr/local/lib/android/sdk/platforms/android-37.0/data/res/values-mcc311-mnc180-kk: Cannot change mode to rwxr-xr-x: Operation not permitted
build	Cache Android SDK	2026-06-06T12:23:01.6216685Z /usr/bin/tar: ../../../../../usr/local/lib/android/sdk/platforms/android-37.0/data/res/drawable-round-watch: Cannot utime: Operation not permitted
build	Cache Android SDK	2026-06-06T12:23:01.6218083Z /usr/bin/tar: ../../../../../usr/local/lib/android/sdk/platforms/android-37.0/data/res/drawable-round-watch: Cannot change mode to rwxr-xr-x: Operation not permitted
build	Cache Android SDK	2026-06-06T12:23:01.6219512Z /usr/bin/tar: ../../../../../usr/local/lib/android/sdk/platforms/android-37.0/data/res/values-pt-rPT-television: Cannot utime: Operation not permitted
build	Cache Android SDK	2026-06-06T12:23:01.6220646Z /usr/bin/tar: ../../../../../usr/local/lib/android/sdk/platforms/android-37.0/data/res/values-pt-rPT-television: Cannot change mode to rwxr-xr-x: Operation not permitted
build	Cache Android SDK	2026-06-06T12:23:01.6222343Z /usr/bin/tar: ../../../../../usr/local/lib/android/sdk/platforms/android-37.0/data/res/values-mcc302-mnc720-ur: Cannot utime: Operation not permitted
build	Cache Android SDK	2026-06-06T12:23:01.6223272Z /usr/bin/tar: ../../../../../usr/local/lib/android/sdk/platforms/android-37.0/data/res/values-mcc302-mnc720-ur: Cannot change mode to rwxr-xr-x: Operation not permitted
build	Cache Android SDK	2026-06-06T12:23:01.6525387Z /usr/bin/tar: ../../../../../usr/local/lib/android/sdk/platforms/android-37.0/data/res/drawable-xxhdpi: Cannot utime: Operation not permitted
build	Cache Android SDK	2026-06-06T12:23:01.6527343Z /usr/bin/tar: ../../../../../usr/local/lib/android/sdk/platforms/android-37.0/data/res/drawable-xxhdpi: Cannot change mode to rwxr-xr-x: Operation not permitted
build	Cache Android SDK	2026-06-06T12:23:01.6528706Z /usr/bin/tar: ../../../../../usr/local/lib/android/sdk/platforms/android-37.0/data/res/values-mcc310-mnc380-th: Cannot utime: Operation not permitted
build	Cache Android SDK	2026-06-06T12:23:01.6530312Z /usr/bin/tar: ../../../../../usr/local/lib/android/sdk/platforms/android-37.0/data/res/values-mcc310-mnc380-th: Cannot change mode to rwxr-xr-x: Operation not permitted
build	Cache Android SDK	2026-06-06T12:23:01.6531499Z /usr/bin/tar: ../../../../../usr/local/lib/android/sdk/platforms/android-37.0/data/res/values-mcc310-mnc380-en-rXC: Cannot utime: Operation not permitted
build	Cache Android SDK	2026-06-06T12:23:01.6532668Z /usr/bin/tar: ../../../../../usr/local/lib/android/sdk/platforms/android-37.0/data/res/values-mcc310-mnc380-en-rXC: Cannot change mode to rwxr-xr-x: Operation not permitted
build	Cache Android SDK	2026-06-06T12:23:01.6534270Z /usr/bin/tar: ../../../../../usr/local/lib/android/sdk/platforms/android-37.0/data/res/values-mcc310-mnc410-es: Cannot utime: Operation not permitted
build	Cache Android SDK	2026-06-06T12:23:01.6535206Z /usr/bin/tar: ../../../../../usr/local/lib/android/sdk/platforms/android-37.0/data/res/values-mcc310-mnc410-es: Cannot change mode to rwxr-xr-x: Operation not permitted
build	Cache Android SDK	2026-06-06T12:23:01.6537626Z /usr/bin/tar: ../../../../../usr/local/lib/android/sdk/platforms/android-37.0/data/res/values-mcc310-mnc660-pt-rBR: Cannot utime: Operation not permitted
build	Cache Android SDK	2026-06-06T12:23:01.6538740Z /usr/bin/tar: ../../../../../usr/local/lib/android/sdk/platforms/android-37.0/data/res/values-mcc310-mnc660-pt-rBR: Cannot change mode to rwxr-xr-x: Operation not permitted
build	Cache Android SDK	2026-06-06T12:23:01.6540364Z /usr/bin/tar: ../../../../../usr/local/lib/android/sdk/platforms/android-37.0/data/res/values-mcc310-mnc250-ka: Cannot utime: Operation not permitted
build	Cache Android SDK	2026-06-06T12:23:01.6541310Z /usr/bin/tar: ../../../../../usr/local/lib/android/sdk/platforms/android-37.0/data/res/values-mcc310-mnc250-ka: Cannot change mode to rwxr-xr-x: Operation not permitted
build	Cache Android SDK	2026-06-06T12:23:01.6543729Z /usr/bin/tar: ../../../../../usr/local/lib/android/sdk/platforms/android-37.0/data/res/values-mcc310-mnc800-lt: Cannot utime: Operation not permitted
build	Cache Android SDK	2026-06-06T12:23:01.6544668Z /usr/bin/tar: ../../../../../usr/local/lib/android/sdk/platforms/android-37.0/data/res/values-mcc310-mnc800-lt: Cannot change mode to rwxr-xr-x: Operation not permitted
build	Cache Android SDK	2026-06-06T12:23:01.6546596Z /usr/bin/tar: ../../../../../usr/local/lib/android/sdk/platforms/android-37.0/data/res/values-my-watch: Cannot utime: Operation not permitted
build	Cache Android SDK	2026-06-06T12:23:01.6547670Z /usr/bin/tar: ../../../../../usr/local/lib/android/sdk/platforms/android-37.0/data/res/values-my-watch: Cannot change mode to rwxr-xr-x: Operation not permitted
build	Cache Android SDK	2026-06-06T12:23:01.6550692Z /usr/bin/tar: ../../../../../usr/local/lib/android/sdk/platforms/android-37.0/data/res/values-mcc310-mnc950-sl: Cannot utime: Operation not permitted
build	Cache Android SDK	2026-06-06T12:23:01.6552082Z /usr/bin/tar: ../../../../../usr/local/lib/android/sdk/platforms/android-37.0/data/res/values-mcc310-mnc950-sl: Cannot change mode to rwxr-xr-x: Operation not permitted
build	Cache Android SDK	2026-06-06T12:23:01.6556449Z /usr/bin/tar: ../../../../../usr/local/lib/android/sdk/platforms/android-37.0/data/res/values-uz: Cannot utime: Operation not permitted
build	Cache Android SDK	2026-06-06T12:23:01.6557702Z /usr/bin/tar: ../../../../../usr/local/lib/android/sdk/platforms/android-37.0/data/res/values-uz: Cannot change mode to rwxr-xr-x: Operation not permitted
build	Cache Android SDK	2026-06-06T12:23:01.6559378Z /usr/bin/tar: ../../../../../usr/local/lib/android/sdk/platforms/android-37.0/data/res/values-mcc310-mnc380-mr: Cannot utime: Operation not permitted
build	Cache Android SDK	2026-06-06T12:23:01.6560313Z /usr/bin/tar: ../../../../../usr/local/lib/android/sdk/platforms/android-37.0/data/res/values-mcc310-mnc380-mr: Cannot change mode to rwxr-xr-x: Operation not permitted
build	Cache Android SDK	2026-06-06T12:23:01.6562716Z /usr/bin/tar: ../../../../../usr/local/lib/android/sdk/platforms/android-37.0/data/res/values-mcc310-mnc160-kk: Cannot utime: Operation not permitted
build	Cache Android SDK	2026-06-06T12:23:01.6563748Z /usr/bin/tar: ../../../../../usr/local/lib/android/sdk/platforms/android-37.0/data/res/values-mcc310-mnc160-kk: Cannot change mode to rwxr-xr-x: Operation not permitted
build	Cache Android SDK	2026-06-06T12:23:01.6566201Z /usr/bin/tar: ../../../../../usr/local/lib/android/sdk/platforms/android-37.0/data/res/values-mcc310-mnc240-is: Cannot utime: Operation not permitted
build	Cache Android SDK	2026-06-06T12:23:01.6567221Z /usr/bin/tar: ../../../../../usr/local/lib/android/sdk/platforms/android-37.0/data/res/values-mcc310-mnc240-is: Cannot change mode to rwxr-xr-x: Operation not permitted
build	Cache Android SDK	2026-06-06T12:23:01.6569948Z /usr/bin/tar: ../../../../../usr/local/lib/android/sdk/platforms/android-37.0/data/res/values-mcc313-mnc100: Cannot utime: Operation not permitted
build	Cache Android SDK	2026-06-06T12:23:01.6570863Z /usr/bin/tar: ../../../../../usr/local/lib/android/sdk/platforms/android-37.0/data/res/values-mcc313-mnc100: Cannot change mode to rwxr-xr-x: Operation not permitted
build	Cache Android SDK	2026-06-06T12:23:01.6573254Z /usr/bin/tar: ../../../../../usr/local/lib/android/sdk/platforms/android-37.0/data/res/values-mcc313-mnc100-mk: Cannot utime: Operation not permitted
build	Cache Android SDK	2026-06-06T12:23:01.6574203Z /usr/bin/tar: ../../../../../usr/local/lib/android/sdk/platforms/android-37.0/data/res/values-mcc313-mnc100-mk: Cannot change mode to rwxr-xr-x: Operation not permitted
build	Cache Android SDK	2026-06-06T12:23:01.6577101Z /usr/bin/tar: ../../../../../usr/local/lib/android/sdk/platforms/android-37.0/data/res/values-mcc310-mnc030-bg: Cannot utime: Operation not permitted
build	Cache Android SDK	2026-06-06T12:23:01.6578568Z /usr/bin/tar: ../../../../../usr/local/lib/android/sdk/platforms/android-37.0/data/res/values-mcc310-mnc030-bg: Cannot change mode to rwxr-xr-x: Operation not permitted
build	Cache Android SDK	2026-06-06T12:23:01.6579978Z /usr/bin/tar: ../../../../../usr/local/lib/android/sdk/platforms/android-37.0/data/res/values-hi-watch: Cannot utime: Operation not permitted
build	Cache Android SDK	2026-06-06T12:23:01.6580873Z /usr/bin/tar: ../../../../../usr/local/lib/android/sdk/platforms/android-37.0/data/res/values-hi-watch: Cannot change mode to rwxr-xr-x: Operation not permitted
build	Cache Android SDK	2026-06-06T12:23:01.6583089Z /usr/bin/tar: ../../../../../usr/local/lib/android/sdk/platforms/android-37.0/data/res/values-mcc310-mnc160-ru: Cannot utime: Operation not permitted
build	Cache Android SDK	2026-06-06T12:23:01.6584023Z /usr/bin/tar: ../../../../../usr/local/lib/android/sdk/platforms/android-37.0/data/res/values-mcc310-mnc160-ru: Cannot change mode to rwxr-xr-x: Operation not permitted
build	Cache Android SDK	2026-06-06T12:23:01.6586246Z /usr/bin/tar: ../../../../../usr/local/lib/android/sdk/platforms/android-37.0/data/res/values-mcc310-mnc240-km: Cannot utime: Operation not permitted
build	Cache Android SDK	2026-06-06T12:23:01.6587200Z /usr/bin/tar: ../../../../../usr/local/lib/android/sdk/platforms/android-37.0/data/res/values-mcc310-mnc240-km: Cannot change mode to rwxr-xr-x: Operation not permitted
build	Cache Android SDK	2026-06-06T12:23:01.6589428Z /usr/bin/tar: ../../../../../usr/local/lib/android/sdk/platforms/android-37.0/data/res/values-mcc310-mnc270-ro: Cannot utime: Operation not permitted
build	Cache Android SDK	2026-06-06T12:23:01.6590399Z /usr/bin/tar: ../../../../../usr/local/lib/android/sdk/platforms/android-37.0/data/res/values-mcc310-mnc270-ro: Cannot change mode to rwxr-xr-x: Operation not permitted
build	Cache Android SDK	2026-06-06T12:23:01.6593422Z /usr/bin/tar: ../../../../../usr/local/lib/android/sdk/platforms/android-37.0/data/res/values-ko-television: Cannot utime: Operation not permitted
build	Cache Android SDK	2026-06-06T12:23:01.6594623Z /usr/bin/tar: ../../../../../usr/local/lib/android/sdk/platforms/android-37.0/data/res/values-ko-television: Cannot change mode to rwxr-xr-x: Operation not permitted
build	Cache Android SDK	2026-06-06T12:23:01.6597029Z /usr/bin/tar: ../../../../../usr/local/lib/android/sdk/platforms/android-37.0/data/res/values-mcc310-mnc230-ja: Cannot utime: Operation not permitted
build	Cache Android SDK	2026-06-06T12:23:01.6598596Z /usr/bin/tar: ../../../../../usr/local/lib/android/sdk/platforms/android-37.0/data/res/values-mcc310-mnc230-ja: Cannot change mode to rwxr-xr-x: Operation not permitted
build	Cache Android SDK	2026-06-06T12:23:01.6599910Z /usr/bin/tar: ../../../../../usr/local/lib/android/sdk/platforms/android-37.0/data/res/values-mcc312-mnc670-kk: Cannot utime: Operation not permitted
build	Cache Android SDK	2026-06-06T12:23:01.6600925Z /usr/bin/tar: ../../../../../usr/local/lib/android/sdk/platforms/android-37.0/data/res/values-mcc312-mnc670-kk: Cannot change mode to rwxr-xr-x: Operation not permitted
build	Cache Android SDK	2026-06-06T12:23:01.6602859Z /usr/bin/tar: ../../../../../usr/local/lib/android/sdk/platforms/android-37.0/data/res/values-sw360dp: Cannot utime: Operation not permitted
build	Cache Android SDK	2026-06-06T12:23:01.6603812Z /usr/bin/tar: ../../../../../usr/local/lib/android/sdk/platforms/android-37.0/data/res/values-sw360dp: Cannot change mode to rwxr-xr-x: Operation not permitted
build	Cache Android SDK	2026-06-06T12:23:01.6606367Z /usr/bin/tar: ../../../../../usr/local/lib/android/sdk/platforms/android-37.0/data/res/values-mcc310-mnc150-sw: Cannot utime: Operation not permitted
build	Cache Android SDK	2026-06-06T12:23:01.6607302Z /usr/bin/tar: ../../../../../usr/local/lib/android/sdk/platforms/android-37.0/data/res/values-mcc310-mnc150-sw: Cannot change mode to rwxr-xr-x: Operation not permitted
build	Cache Android SDK	2026-06-06T12:23:01.6614291Z /usr/bin/tar: ../../../../../usr/local/lib/android/sdk/platforms/android-37.0/data/res/values-ar: Cannot utime: Operation not permitted
build	Cache Android SDK	2026-06-06T12:23:01.6615291Z /usr/bin/tar: ../../../../../usr/local/lib/android/sdk/platforms/android-37.0/data/res/values-ar: Cannot change mode to rwxr-xr-x: Operation not permitted
build	Cache Android SDK	2026-06-06T12:23:01.6617075Z /usr/bin/tar: ../../../../../usr/local/lib/android/sdk/platforms/android-37.0/data/res/values-es-masculine: Cannot utime: Operation not permitted
build	Cache Android SDK	2026-06-06T12:23:01.6618169Z /usr/bin/tar: ../../../../../usr/local/lib/android/sdk/platforms/android-37.0/data/res/values-es-masculine: Cannot change mode to rwxr-xr-x: Operation not permitted
build	Cache Android SDK	2026-06-06T12:23:01.6625489Z /usr/bin/tar: ../../../../../usr/local/lib/android/sdk/platforms/android-37.0/data/res/values-mcc310-mnc660-en-rAU: Cannot utime: Operation not permitted
build	Cache Android SDK	2026-06-06T12:23:01.6626474Z /usr/bin/tar: ../../../../../usr/local/lib/android/sdk/platforms/android-37.0/data/res/values-mcc310-mnc660-en-rAU: Cannot change mode to rwxr-xr-x: Operation not permitted
build	Cache Android SDK	2026-06-06T12:23:01.6628906Z /usr/bin/tar: ../../../../../usr/local/lib/android/sdk/platforms/android-37.0/data/res/values-mcc310-mnc230-sw: Cannot utime: Operation not permitted
build	Cache Android SDK	2026-06-06T12:23:01.6629847Z /usr/bin/tar: ../../../../../usr/local/lib/android/sdk/platforms/android-37.0/data/res/values-mcc310-mnc230-sw: Cannot change mode to rwxr-xr-x: Operation not permitted
build	Cache Android SDK	2026-06-06T12:23:01.6632076Z /usr/bin/tar: ../../../../../usr/local/lib/android/sdk/platforms/android-37.0/data/res/values-mcc310-mnc280-ky: Cannot utime: Operation not permitted
build	Cache Android SDK	2026-06-06T12:23:01.6633018Z /usr/bin/tar: ../../../../../usr/local/lib/android/sdk/platforms/android-37.0/data/res/values-mcc310-mnc280-ky: Cannot change mode to rwxr-xr-x: Operation not permitted
build	Cache Android SDK	2026-06-06T12:23:01.6635479Z /usr/bin/tar: ../../../../../usr/local/lib/android/sdk/platforms/android-37.0/data/res/values-mcc310-mnc490-mk: Cannot utime: Operation not permitted
build	Cache Android SDK	2026-06-06T12:23:01.6636552Z /usr/bin/tar: ../../../../../usr/local/lib/android/sdk/platforms/android-37.0/data/res/values-mcc310-mnc490-mk: Cannot change mode to rwxr-xr-x: Operation not permitted
build	Cache Android SDK	2026-06-06T12:23:01.6638927Z /usr/bin/tar: ../../../../../usr/local/lib/android/sdk/platforms/android-37.0/data/res/values-mcc310-mnc200-fr: Cannot utime: Operation not permitted
build	Cache Android SDK	2026-06-06T12:23:01.6640047Z /usr/bin/tar: ../../../../../usr/local/lib/android/sdk/platforms/android-37.0/data/res/values-mcc310-mnc200-fr: Cannot change mode to rwxr-xr-x: Operation not permitted
build	Cache Android SDK	2026-06-06T12:23:01.6642145Z /usr/bin/tar: ../../../../../usr/local/lib/android/sdk/platforms/android-37.0/data/res/values-mcc310-mnc150-fi: Cannot utime: Operation not permitted
build	Cache Android SDK	2026-06-06T12:23:01.6643224Z /usr/bin/tar: ../../../../../usr/local/lib/android/sdk/platforms/android-37.0/data/res/values-mcc310-mnc150-fi: Cannot change mode to rwxr-xr-x: Operation not permitted
build	Cache Android SDK	2026-06-06T12:23:01.6645637Z /usr/bin/tar: ../../../../../usr/local/lib/android/sdk/platforms/android-37.0/data/res/values-mcc310-mnc560-kk: Cannot utime: Operation not permitted
build	Cache Android SDK	2026-06-06T12:23:01.6646676Z /usr/bin/tar: ../../../../../usr/local/lib/android/sdk/platforms/android-37.0/data/res/values-mcc310-mnc560-kk: Cannot change mode to rwxr-xr-x: Operation not permitted
build	Cache Android SDK	2026-06-06T12:23:01.6649869Z /usr/bin/tar: ../../../../../usr/local/lib/android/sdk/platforms/android-37.0/data/res/values-mcc310-mnc220-nl: Cannot utime: Operation not permitted
build	Cache Android SDK	2026-06-06T12:23:01.6651023Z /usr/bin/tar: ../../../../../usr/local/lib/android/sdk/platforms/android-37.0/data/res/values-mcc310-mnc220-nl: Cannot change mode to rwxr-xr-x: Operation not permitted
build	Cache Android SDK	2026-06-06T12:23:01.6653339Z /usr/bin/tar: ../../../../../usr/local/lib/android/sdk/platforms/android-37.0/data/res/values-mcc310-mnc800-bn: Cannot utime: Operation not permitted
build	Cache Android SDK	2026-06-06T12:23:01.6654290Z /usr/bin/tar: ../../../../../usr/local/lib/android/sdk/platforms/android-37.0/data/res/values-mcc310-mnc800-bn: Cannot change mode to rwxr-xr-x: Operation not permitted
build	Cache Android SDK	2026-06-06T12:23:01.6657265Z /usr/bin/tar: ../../../../../usr/local/lib/android/sdk/platforms/android-37.0/data/res/values-mcc310-mnc950-pt-rPT: Cannot utime: Operation not permitted
build	Cache Android SDK	2026-06-06T12:23:01.6658613Z /usr/bin/tar: ../../../../../usr/local/lib/android/sdk/platforms/android-37.0/data/res/values-mcc310-mnc950-pt-rPT: Cannot change mode to rwxr-xr-x: Operation not permitted
build	Cache Android SDK	2026-06-06T12:23:01.6661184Z /usr/bin/tar: ../../../../../usr/local/lib/android/sdk/platforms/android-37.0/data/res/values-mcc001-mnc01-de: Cannot utime: Operation not permitted
build	Cache Android SDK	2026-06-06T12:23:01.6662145Z /usr/bin/tar: ../../../../../usr/local/lib/android/sdk/platforms/android-37.0/data/res/values-mcc001-mnc01-de: Cannot change mode to rwxr-xr-x: Operation not permitted
build	Cache Android SDK	2026-06-06T12:23:01.6664382Z /usr/bin/tar: ../../../../../usr/local/lib/android/sdk/platforms/android-37.0/data/res/values-mcc310-mnc210-nb: Cannot utime: Operation not permitted
build	Cache Android SDK	2026-06-06T12:23:01.6665336Z /usr/bin/tar: ../../../../../usr/local/lib/android/sdk/platforms/android-37.0/data/res/values-mcc310-mnc210-nb: Cannot change mode to rwxr-xr-x: Operation not permitted
build	Cache Android SDK	2026-06-06T12:23:01.6672773Z /usr/bin/tar: ../../../../../usr/local/lib/android/sdk/platforms/android-37.0/data/res/values-fa: Cannot utime: Operation not permitted
build	Cache Android SDK	2026-06-06T12:23:01.6673642Z /usr/bin/tar: ../../../../../usr/local/lib/android/sdk/platforms/android-37.0/data/res/values-fa: Cannot change mode to rwxr-xr-x: Operation not permitted
build	Cache Android SDK	2026-06-06T12:23:01.6675619Z /usr/bin/tar: ../../../../../usr/local/lib/android/sdk/platforms/android-37.0/data/res/values-mcc310-mnc380-ms: Cannot utime: Operation not permitted
build	Cache Android SDK	2026-06-06T12:23:01.6676550Z /usr/bin/tar: ../../../../../usr/local/lib/android/sdk/platforms/android-37.0/data/res/values-mcc310-mnc380-ms: Cannot change mode to rwxr-xr-x: Operation not permitted
build	Cache Android SDK	2026-06-06T12:23:01.6678887Z /usr/bin/tar: ../../../../../usr/local/lib/android/sdk/platforms/android-37.0/data/res/values-mcc310-mnc310-tl: Cannot utime: Operation not permitted
build	Cache Android SDK	2026-06-06T12:23:01.6679818Z /usr/bin/tar: ../../../../../usr/local/lib/android/sdk/platforms/android-37.0/data/res/values-mcc310-mnc310-tl: Cannot change mode to rwxr-xr-x: Operation not permitted
build	Cache Android SDK	2026-06-06T12:23:01.6682820Z /usr/bin/tar: ../../../../../usr/local/lib/android/sdk/platforms/android-37.0/data/res/xml-mdpi: Cannot utime: Operation not permitted
build	Cache Android SDK	2026-06-06T12:23:01.6683816Z /usr/bin/tar: ../../../../../usr/local/lib/android/sdk/platforms/android-37.0/data/res/xml-mdpi: Cannot change mode to rwxr-xr-x: Operation not permitted
build	Cache Android SDK	2026-06-06T12:23:01.6687919Z /usr/bin/tar: ../../../../../usr/local/lib/android/sdk/platforms/android-37.0/data/res/values-mcc310-mnc150-zh-rTW: Cannot utime: Operation not permitted
build	Cache Android SDK	2026-06-06T12:23:01.6688897Z /usr/bin/tar: ../../../../../usr/local/lib/android/sdk/platforms/android-37.0/data/res/values-mcc310-mnc150-zh-rTW: Cannot change mode to rwxr-xr-x: Operation not permitted
build	Cache Android SDK	2026-06-06T12:23:01.6690075Z /usr/bin/tar: ../../../../../usr/local/lib/android/sdk/platforms/android-37.0/data/res/values-mcc334-mnc020-zh-rHK: Cannot utime: Operation not permitted
build	Cache Android SDK	2026-06-06T12:23:01.6691140Z /usr/bin/tar: ../../../../../usr/local/lib/android/sdk/platforms/android-37.0/data/res/values-mcc334-mnc020-zh-rHK: Cannot change mode to rwxr-xr-x: Operation not permitted
build	Cache Android SDK	2026-06-06T12:23:01.6693100Z /usr/bin/tar: ../../../../../usr/local/lib/android/sdk/platforms/android-37.0/data/res/values-mcc310-mnc250-es-rUS: Cannot utime: Operation not permitted
build	Cache Android SDK	2026-06-06T12:23:01.6694124Z /usr/bin/tar: ../../../../../usr/local/lib/android/sdk/platforms/android-37.0/data/res/values-mcc310-mnc250-es-rUS: Cannot change mode to rwxr-xr-x: Operation not permitted
build	Cache Android SDK	2026-06-06T12:23:01.6696280Z /usr/bin/tar: ../../../../../usr/local/lib/android/sdk/platforms/android-37.0/data/res/values-mcc310-mnc800-uz: Cannot utime: Operation not permitted
build	Cache Android SDK	2026-06-06T12:23:01.6697264Z /usr/bin/tar: ../../../../../usr/local/lib/android/sdk/platforms/android-37.0/data/res/values-mcc310-mnc800-uz: Cannot change mode to rwxr-xr-x: Operation not permitted
build	Cache Android SDK	2026-06-06T12:23:01.6699451Z /usr/bin/tar: ../../../../../usr/local/lib/android/sdk/platforms/android-37.0/data/res/values-mcc310-mnc660-th: Cannot utime: Operation not permitted
build	Cache Android SDK	2026-06-06T12:23:01.6700375Z /usr/bin/tar: ../../../../../usr/local/lib/android/sdk/platforms/android-37.0/data/res/values-mcc310-mnc660-th: Cannot change mode to rwxr-xr-x: Operation not permitted
build	Cache Android SDK	2026-06-06T12:23:01.6702595Z /usr/bin/tar: ../../../../../usr/local/lib/android/sdk/platforms/android-37.0/data/res/values-mcc310-mnc490-ru: Cannot utime: Operation not permitted
build	Cache Android SDK	2026-06-06T12:23:01.6703510Z /usr/bin/tar: ../../../../../usr/local/lib/android/sdk/platforms/android-37.0/data/res/values-mcc310-mnc490-ru: Cannot change mode to rwxr-xr-x: Operation not permitted
build	Cache Android SDK	2026-06-06T12:23:01.6705680Z /usr/bin/tar: ../../../../../usr/local/lib/android/sdk/platforms/android-37.0/data/res/values-mcc312-mnc670-in: Cannot utime: Operation not permitted
build	Cache Android SDK	2026-06-06T12:23:01.6706617Z /usr/bin/tar: ../../../../../usr/local/lib/android/sdk/platforms/android-37.0/data/res/values-mcc312-mnc670-in: Cannot change mode to rwxr-xr-x: Operation not permitted
build	Cache Android SDK	2026-06-06T12:23:01.6708946Z /usr/bin/tar: ../../../../../usr/local/lib/android/sdk/platforms/android-37.0/data/res/values-mcc310-mnc310-bn: Cannot utime: Operation not permitted
build	Cache Android SDK	2026-06-06T12:23:01.6709880Z /usr/bin/tar: ../../../../../usr/local/lib/android/sdk/platforms/android-37.0/data/res/values-mcc310-mnc310-bn: Cannot change mode to rwxr-xr-x: Operation not permitted
build	Cache Android SDK	2026-06-06T12:23:01.6712272Z /usr/bin/tar: ../../../../../usr/local/lib/android/sdk/platforms/android-37.0/data/res/values-mcc310-mnc280: Cannot utime: Operation not permitted
build	Cache Android SDK	2026-06-06T12:23:01.6713204Z /usr/bin/tar: ../../../../../usr/local/lib/android/sdk/platforms/android-37.0/data/res/values-mcc310-mnc280: Cannot change mode to rwxr-xr-x: Operation not permitted
build	Cache Android SDK	2026-06-06T12:23:01.6715272Z /usr/bin/tar: ../../../../../usr/local/lib/android/sdk/platforms/android-37.0/data/res/values-mcc310-mnc310-ca: Cannot utime: Operation not permitted
build	Cache Android SDK	2026-06-06T12:23:01.6716196Z /usr/bin/tar: ../../../../../usr/local/lib/android/sdk/platforms/android-37.0/data/res/values-mcc310-mnc310-ca: Cannot change mode to rwxr-xr-x: Operation not permitted
build	Cache Android SDK	2026-06-06T12:23:01.6719257Z /usr/bin/tar: ../../../../../usr/local/lib/android/sdk/platforms/android-37.0/data/res/values-mcc310-mnc490-gu: Cannot utime: Operation not permitted
build	Cache Android SDK	2026-06-06T12:23:01.6720321Z /usr/bin/tar: ../../../../../usr/local/lib/android/sdk/platforms/android-37.0/data/res/values-mcc310-mnc490-gu: Cannot change mode to rwxr-xr-x: Operation not permitted
build	Cache Android SDK	2026-06-06T12:23:01.6722591Z /usr/bin/tar: ../../../../../usr/local/lib/android/sdk/platforms/android-37.0/data/res/values-mcc334-mnc020-as: Cannot utime: Operation not permitted
build	Cache Android SDK	2026-06-06T12:23:01.6723630Z /usr/bin/tar: ../../../../../usr/local/lib/android/sdk/platforms/android-37.0/data/res/values-mcc334-mnc020-as: Cannot change mode to rwxr-xr-x: Operation not permitted
build	Cache Android SDK	2026-06-06T12:23:01.6725294Z /usr/bin/tar: ../../../../../usr/local/lib/android/sdk/platforms/android-37.0/data/res/values-mcc001-mnc01-th: Cannot utime: Operation not permitted
build	Cache Android SDK	2026-06-06T12:23:01.6726233Z /usr/bin/tar: ../../../../../usr/local/lib/android/sdk/platforms/android-37.0/data/res/values-mcc001-mnc01-th: Cannot change mode to rwxr-xr-x: Operation not permitted
build	Cache Android SDK	2026-06-06T12:23:01.6729088Z /usr/bin/tar: ../../../../../usr/local/lib/android/sdk/platforms/android-37.0/data/res/values-mcc310-mnc150-iw: Cannot utime: Operation not permitted
build	Cache Android SDK	2026-06-06T12:23:01.6730071Z /usr/bin/tar: ../../../../../usr/local/lib/android/sdk/platforms/android-37.0/data/res/values-mcc310-mnc150-iw: Cannot change mode to rwxr-xr-x: Operation not permitted
build	Cache Android SDK	2026-06-06T12:23:01.6731533Z /usr/bin/tar: ../../../../../usr/local/lib/android/sdk/platforms/android-37.0/data/res/values-mcc440-mnc20: Cannot utime: Operation not permitted
build	Cache Android SDK	2026-06-06T12:23:01.6732521Z /usr/bin/tar: ../../../../../usr/local/lib/android/sdk/platforms/android-37.0/data/res/values-mcc440-mnc20: Cannot change mode to rwxr-xr-x: Operation not permitted
build	Cache Android SDK	2026-06-06T12:23:01.6734321Z /usr/bin/tar: ../../../../../usr/local/lib/android/sdk/platforms/android-37.0/data/res/values-mcc310-mnc030-ky: Cannot utime: Operation not permitted
build	Cache Android SDK	2026-06-06T12:23:01.6735267Z /usr/bin/tar: ../../../../../usr/local/lib/android/sdk/platforms/android-37.0/data/res/values-mcc310-mnc030-ky: Cannot change mode to rwxr-xr-x: Operation not permitted
build	Cache Android SDK	2026-06-06T12:23:01.6740904Z /usr/bin/tar: ../../../../../usr/local/lib/android/sdk/platforms/android-37.0/data/res/values-mcc230: Cannot utime: Operation not permitted
build	Cache Android SDK	2026-06-06T12:23:01.6741857Z /usr/bin/tar: ../../../../../usr/local/lib/android/sdk/platforms/android-37.0/data/res/values-mcc230: Cannot change mode to rwxr-xr-x: Operation not permitted
build	Cache Android SDK	2026-06-06T12:23:01.6743924Z /usr/bin/tar: ../../../../../usr/local/lib/android/sdk/platforms/android-37.0/data/res/values-mcc310-mnc800-mk: Cannot utime: Operation not permitted
build	Cache Android SDK	2026-06-06T12:23:01.6744945Z /usr/bin/tar: ../../../../../usr/local/lib/android/sdk/platforms/android-37.0/data/res/values-mcc310-mnc800-mk: Cannot change mode to rwxr-xr-x: Operation not permitted
build	Cache Android SDK	2026-06-06T12:23:01.6747278Z /usr/bin/tar: ../../../../../usr/local/lib/android/sdk/platforms/android-37.0/data/res/values-mcc310-mnc410-th: Cannot utime: Operation not permitted
build	Cache Android SDK	2026-06-06T12:23:01.6748434Z /usr/bin/tar: ../../../../../usr/local/lib/android/sdk/platforms/android-37.0/data/res/values-mcc310-mnc410-th: Cannot change mode to rwxr-xr-x: Operation not permitted
build	Cache Android SDK	2026-06-06T12:23:01.6749955Z /usr/bin/tar: ../../../../../usr/local/lib/android/sdk/platforms/android-37.0/data/res/values-mcc310-mnc200-mr: Cannot utime: Operation not permitted
build	Cache Android SDK	2026-06-06T12:23:01.6750880Z /usr/bin/tar: ../../../../../usr/local/lib/android/sdk/platforms/android-37.0/data/res/values-mcc310-mnc200-mr: Cannot change mode to rwxr-xr-x: Operation not permitted
build	Cache Android SDK	2026-06-06T12:23:01.7255613Z /usr/bin/tar: ../../../../../usr/local/lib/android/sdk/platforms/android-37.0/data/res/drawable-hdpi: Cannot utime: Operation not permitted
build	Cache Android SDK	2026-06-06T12:23:01.7257081Z /usr/bin/tar: ../../../../../usr/local/lib/android/sdk/platforms/android-37.0/data/res/drawable-hdpi: Cannot change mode to rwxr-xr-x: Operation not permitted
build	Cache Android SDK	2026-06-06T12:23:01.7258293Z /usr/bin/tar: ../../../../../usr/local/lib/android/sdk/platforms/android-37.0/data/res/values-mcc310-mnc380-pl: Cannot utime: Operation not permitted
build	Cache Android SDK	2026-06-06T12:23:01.7259536Z /usr/bin/tar: ../../../../../usr/local/lib/android/sdk/platforms/android-37.0/data/res/values-mcc310-mnc380-pl: Cannot change mode to rwxr-xr-x: Operation not permitted
build	Cache Android SDK	2026-06-06T12:23:01.7260982Z /usr/bin/tar: ../../../../../usr/local/lib/android/sdk/platforms/android-37.0/data/res/values-mcc312-mnc670-th: Cannot utime: Operation not permitted
build	Cache Android SDK	2026-06-06T12:23:01.7261909Z /usr/bin/tar: ../../../../../usr/local/lib/android/sdk/platforms/android-37.0/data/res/values-mcc312-mnc670-th: Cannot change mode to rwxr-xr-x: Operation not permitted
build	Cache Android SDK	2026-06-06T12:23:01.7263674Z /usr/bin/tar: ../../../../../usr/local/lib/android/sdk/platforms/android-37.0/data/res/values-pa-television: Cannot utime: Operation not permitted
build	Cache Android SDK	2026-06-06T12:23:01.7265310Z /usr/bin/tar: ../../../../../usr/local/lib/android/sdk/platforms/android-37.0/data/res/values-pa-television: Cannot change mode to rwxr-xr-x: Operation not permitted
build	Cache Android SDK	2026-06-06T12:23:01.7267108Z /usr/bin/tar: ../../../../../usr/local/lib/android/sdk/platforms/android-37.0/data/res/values-mcc310-mnc030-uz: Cannot utime: Operation not permitted
build	Cache Android SDK	2026-06-06T12:23:01.7268911Z /usr/bin/tar: ../../../../../usr/local/lib/android/sdk/platforms/android-37.0/data/res/values-mcc310-mnc030-uz: Cannot change mode to rwxr-xr-x: Operation not permitted
build	Cache Android SDK	2026-06-06T12:23:01.7270107Z /usr/bin/tar: ../../../../../usr/local/lib/android/sdk/platforms/android-37.0/data/res/values-mcc716-mnc06: Cannot utime: Operation not permitted
build	Cache Android SDK	2026-06-06T12:23:01.7271216Z /usr/bin/tar: ../../../../../usr/local/lib/android/sdk/platforms/android-37.0/data/res/values-mcc716-mnc06: Cannot change mode to rwxr-xr-x: Operation not permitted
build	Cache Android SDK	2026-06-06T12:23:01.7272597Z /usr/bin/tar: ../../../../../usr/local/lib/android/sdk/platforms/android-37.0/data/res/values-es-rPE: Cannot utime: Operation not permitted
build	Cache Android SDK	2026-06-06T12:23:01.7273467Z /usr/bin/tar: ../../../../../usr/local/lib/android/sdk/platforms/android-37.0/data/res/values-es-rPE: Cannot change mode to rwxr-xr-x: Operation not permitted
build	Cache Android SDK	2026-06-06T12:23:01.7275034Z /usr/bin/tar: ../../../../../usr/local/lib/android/sdk/platforms/android-37.0/data/res/values-mcc001-mnc01-my: Cannot utime: Operation not permitted
build	Cache Android SDK	2026-06-06T12:23:01.7275988Z /usr/bin/tar: ../../../../../usr/local/lib/android/sdk/platforms/android-37.0/data/res/values-mcc001-mnc01-my: Cannot change mode to rwxr-xr-x: Operation not permitted
build	Cache Android SDK	2026-06-06T12:23:01.7279136Z /usr/bin/tar: ../../../../../usr/local/lib/android/sdk/platforms/android-37.0/data/res/values-mcc302-mnc720-si: Cannot utime: Operation not permitted
build	Cache Android SDK	2026-06-06T12:23:01.7280123Z /usr/bin/tar: ../../../../../usr/local/lib/android/sdk/platforms/android-37.0/data/res/values-mcc302-mnc720-si: Cannot change mode to rwxr-xr-x: Operation not permitted
build	Cache Android SDK	2026-06-06T12:23:01.7286817Z /usr/bin/tar: ../../../../../usr/local/lib/android/sdk/platforms/android-37.0/data/res/values-mcc310-mnc170-eu: Cannot utime: Operation not permitted
build	Cache Android SDK	2026-06-06T12:23:01.7287926Z /usr/bin/tar: ../../../../../usr/local/lib/android/sdk/platforms/android-37.0/data/res/values-mcc310-mnc170-eu: Cannot change mode to rwxr-xr-x: Operation not permitted
build	Cache Android SDK	2026-06-06T12:23:01.7291098Z /usr/bin/tar: ../../../../../usr/local/lib/android/sdk/platforms/android-37.0/data/res/values-mcc310-mnc560-vi: Cannot utime: Operation not permitted
build	Cache Android SDK	2026-06-06T12:23:01.7292291Z /usr/bin/tar: ../../../../../usr/local/lib/android/sdk/platforms/android-37.0/data/res/values-mcc310-mnc560-vi: Cannot change mode to rwxr-xr-x: Operation not permitted
build	Cache Android SDK	2026-06-06T12:23:01.7296692Z /usr/bin/tar: ../../../../../usr/local/lib/android/sdk/platforms/android-37.0/data/res/values-mcc310-mnc380-et: Cannot utime: Operation not permitted
build	Cache Android SDK	2026-06-06T12:23:01.7297807Z /usr/bin/tar: ../../../../../usr/local/lib/android/sdk/platforms/android-37.0/data/res/values-mcc310-mnc380-et: Cannot change mode to rwxr-xr-x: Operation not permitted
build	Cache Android SDK	2026-06-06T12:23:01.7303722Z /usr/bin/tar: ../../../../../usr/local/lib/android/sdk/platforms/android-37.0/data/res/values-mcc310-mnc800-lo: Cannot utime: Operation not permitted
build	Cache Android SDK	2026-06-06T12:23:01.7304901Z /usr/bin/tar: ../../../../../usr/local/lib/android/sdk/platforms/android-37.0/data/res/values-mcc310-mnc800-lo: Cannot change mode to rwxr-xr-x: Operation not permitted
build	Cache Android SDK	2026-06-06T12:23:01.7307818Z /usr/bin/tar: ../../../../../usr/local/lib/android/sdk/platforms/android-37.0/data/res/values-mcc310-mnc200-ar: Cannot utime: Operation not permitted
build	Cache Android SDK	2026-06-06T12:23:01.7308750Z /usr/bin/tar: ../../../../../usr/local/lib/android/sdk/platforms/android-37.0/data/res/values-mcc310-mnc200-ar: Cannot change mode to rwxr-xr-x: Operation not permitted
build	Cache Android SDK	2026-06-06T12:23:01.7310852Z /usr/bin/tar: ../../../../../usr/local/lib/android/sdk/platforms/android-37.0/data/res/values-mcc310-mnc490-ar: Cannot utime: Operation not permitted
build	Cache Android SDK	2026-06-06T12:23:01.7311767Z /usr/bin/tar: ../../../../../usr/local/lib/android/sdk/platforms/android-37.0/data/res/values-mcc310-mnc490-ar: Cannot change mode to rwxr-xr-x: Operation not permitted
build	Cache Android SDK	2026-06-06T12:23:01.7313804Z /usr/bin/tar: ../../../../../usr/local/lib/android/sdk/platforms/android-37.0/data/res/values-mcc310-mnc310-si: Cannot utime: Operation not permitted
build	Cache Android SDK	2026-06-06T12:23:01.7314861Z /usr/bin/tar: ../../../../../usr/local/lib/android/sdk/platforms/android-37.0/data/res/values-mcc310-mnc310-si: Cannot change mode to rwxr-xr-x: Operation not permitted
build	Cache Android SDK	2026-06-06T12:23:01.7317249Z /usr/bin/tar: ../../../../../usr/local/lib/android/sdk/platforms/android-37.0/data/res/values-mcc310-mnc410-te: Cannot utime: Operation not permitted
build	Cache Android SDK	2026-06-06T12:23:01.7318414Z /usr/bin/tar: ../../../../../usr/local/lib/android/sdk/platforms/android-37.0/data/res/values-mcc310-mnc410-te: Cannot change mode to rwxr-xr-x: Operation not permitted
build	Cache Android SDK	2026-06-06T12:23:01.7320410Z /usr/bin/tar: ../../../../../usr/local/lib/android/sdk/platforms/android-37.0/data/res/values-mcc312-mnc670-cs: Cannot utime: Operation not permitted
build	Cache Android SDK	2026-06-06T12:23:01.7321345Z /usr/bin/tar: ../../../../../usr/local/lib/android/sdk/platforms/android-37.0/data/res/values-mcc312-mnc670-cs: Cannot change mode to rwxr-xr-x: Operation not permitted
build	Cache Android SDK	2026-06-06T12:23:01.7324341Z /usr/bin/tar: ../../../../../usr/local/lib/android/sdk/platforms/android-37.0/data/res/values-mcc310-mnc410-lv: Cannot utime: Operation not permitted
build	Cache Android SDK	2026-06-06T12:23:01.7325266Z /usr/bin/tar: ../../../../../usr/local/lib/android/sdk/platforms/android-37.0/data/res/values-mcc310-mnc410-lv: Cannot change mode to rwxr-xr-x: Operation not permitted
build	Cache Android SDK	2026-06-06T12:23:01.7327517Z /usr/bin/tar: ../../../../../usr/local/lib/android/sdk/platforms/android-37.0/data/res/values-mcc310-mnc660-en-rGB: Cannot utime: Operation not permitted
build	Cache Android SDK	2026-06-06T12:23:01.7328557Z /usr/bin/tar: ../../../../../usr/local/lib/android/sdk/platforms/android-37.0/data/res/values-mcc310-mnc660-en-rGB: Cannot change mode to rwxr-xr-x: Operation not permitted
build	Cache Android SDK	2026-06-06T12:23:01.7330582Z /usr/bin/tar: ../../../../../usr/local/lib/android/sdk/platforms/android-37.0/data/res/values-mcc310-mnc230-zh-rHK: Cannot utime: Operation not permitted
build	Cache Android SDK	2026-06-06T12:23:01.7331558Z /usr/bin/tar: ../../../../../usr/local/lib/android/sdk/platforms/android-37.0/data/res/values-mcc310-mnc230-zh-rHK: Cannot change mode to rwxr-xr-x: Operation not permitted
build	Cache Android SDK	2026-06-06T12:23:01.7333708Z /usr/bin/tar: ../../../../../usr/local/lib/android/sdk/platforms/android-37.0/data/res/values-mcc310-mnc280-in: Cannot utime: Operation not permitted
build	Cache Android SDK	2026-06-06T12:23:01.7334641Z /usr/bin/tar: ../../../../../usr/local/lib/android/sdk/platforms/android-37.0/data/res/values-mcc310-mnc280-in: Cannot change mode to rwxr-xr-x: Operation not permitted
build	Cache Android SDK	2026-06-06T12:23:01.7337139Z /usr/bin/tar: ../../../../../usr/local/lib/android/sdk/platforms/android-37.0/data/res/values-mcc313-mnc100-mn: Cannot utime: Operation not permitted
build	Cache Android SDK	2026-06-06T12:23:01.7338371Z /usr/bin/tar: ../../../../../usr/local/lib/android/sdk/platforms/android-37.0/data/res/values-mcc313-mnc100-mn: Cannot change mode to rwxr-xr-x: Operation not permitted
build	Cache Android SDK	2026-06-06T12:23:01.7344662Z /usr/bin/tar: ../../../../../usr/local/lib/android/sdk/platforms/android-37.0/data/res/values-zh-rCN: Cannot utime: Operation not permitted
build	Cache Android SDK	2026-06-06T12:23:01.7346048Z /usr/bin/tar: ../../../../../usr/local/lib/android/sdk/platforms/android-37.0/data/res/values-zh-rCN: Cannot change mode to rwxr-xr-x: Operation not permitted
build	Cache Android SDK	2026-06-06T12:23:01.7347839Z /usr/bin/tar: ../../../../../usr/local/lib/android/sdk/platforms/android-37.0/data/res/values-mcc310-mnc310-nb: Cannot utime: Operation not permitted
build	Cache Android SDK	2026-06-06T12:23:01.7348792Z /usr/bin/tar: ../../../../../usr/local/lib/android/sdk/platforms/android-37.0/data/res/values-mcc310-mnc310-nb: Cannot change mode to rwxr-xr-x: Operation not permitted
build	Cache Android SDK	2026-06-06T12:23:01.7351158Z /usr/bin/tar: ../../../../../usr/local/lib/android/sdk/platforms/android-37.0/data/res/values-mcc310-mnc230-my: Cannot utime: Operation not permitted
build	Cache Android SDK	2026-06-06T12:23:01.7352168Z /usr/bin/tar: ../../../../../usr/local/lib/android/sdk/platforms/android-37.0/data/res/values-mcc310-mnc230-my: Cannot change mode to rwxr-xr-x: Operation not permitted
build	Cache Android SDK	2026-06-06T12:23:01.7355279Z /usr/bin/tar: ../../../../../usr/local/lib/android/sdk/platforms/android-37.0/data/res/values-mcc302-mnc720-bs: Cannot utime: Operation not permitted
build	Cache Android SDK	2026-06-06T12:23:01.7356254Z /usr/bin/tar: ../../../../../usr/local/lib/android/sdk/platforms/android-37.0/data/res/values-mcc302-mnc720-bs: Cannot change mode to rwxr-xr-x: Operation not permitted
build	Cache Android SDK	2026-06-06T12:23:01.7358560Z /usr/bin/tar: ../../../../../usr/local/lib/android/sdk/platforms/android-37.0/data/res/values-fi-watch: Cannot utime: Operation not permitted
build	Cache Android SDK	2026-06-06T12:23:01.7359564Z /usr/bin/tar: ../../../../../usr/local/lib/android/sdk/platforms/android-37.0/data/res/values-fi-watch: Cannot change mode to rwxr-xr-x: Operation not permitted
build	Cache Android SDK	2026-06-06T12:23:01.7361875Z /usr/bin/tar: ../../../../../usr/local/lib/android/sdk/platforms/android-37.0/data/res/values-mcc310-mnc270-mr: Cannot utime: Operation not permitted
build	Cache Android SDK	2026-06-06T12:23:01.7362923Z /usr/bin/tar: ../../../../../usr/local/lib/android/sdk/platforms/android-37.0/data/res/values-mcc310-mnc270-mr: Cannot change mode to rwxr-xr-x: Operation not permitted
build	Cache Android SDK	2026-06-06T12:23:01.7364973Z /usr/bin/tar: ../../../../../usr/local/lib/android/sdk/platforms/android-37.0/data/res/values-mcc310-mnc280-lv: Cannot utime: Operation not permitted
build	Cache Android SDK	2026-06-06T12:23:01.7365899Z /usr/bin/tar: ../../../../../usr/local/lib/android/sdk/platforms/android-37.0/data/res/values-mcc310-mnc280-lv: Cannot change mode to rwxr-xr-x: Operation not permitted
build	Cache Android SDK	2026-06-06T12:23:01.7368651Z /usr/bin/tar: ../../../../../usr/local/lib/android/sdk/platforms/android-37.0/data/res/values-mcc310-mnc270-az: Cannot utime: Operation not permitted
build	Cache Android SDK	2026-06-06T12:23:01.7369661Z /usr/bin/tar: ../../../../../usr/local/lib/android/sdk/platforms/android-37.0/data/res/values-mcc310-mnc270-az: Cannot change mode to rwxr-xr-x: Operation not permitted
build	Cache Android SDK	2026-06-06T12:23:01.7372496Z /usr/bin/tar: ../../../../../usr/local/lib/android/sdk/platforms/android-37.0/data/res/values-mcc310-mnc560-ne: Cannot utime: Operation not permitted
build	Cache Android SDK	2026-06-06T12:23:01.7373437Z /usr/bin/tar: ../../../../../usr/local/lib/android/sdk/platforms/android-37.0/data/res/values-mcc310-mnc560-ne: Cannot change mode to rwxr-xr-x: Operation not permitted
build	Cache Android SDK	2026-06-06T12:23:01.7375753Z /usr/bin/tar: ../../../../../usr/local/lib/android/sdk/platforms/android-37.0/data/res/values-mcc312-mnc670-ur: Cannot utime: Operation not permitted
build	Cache Android SDK	2026-06-06T12:23:01.7376673Z /usr/bin/tar: ../../../../../usr/local/lib/android/sdk/platforms/android-37.0/data/res/values-mcc312-mnc670-ur: Cannot change mode to rwxr-xr-x: Operation not permitted
build	Cache Android SDK	2026-06-06T12:23:01.7379716Z /usr/bin/tar: ../../../../../usr/local/lib/android/sdk/platforms/android-37.0/data/res/values-mcc310-mnc380-te: Cannot utime: Operation not permitted
build	Cache Android SDK	2026-06-06T12:23:01.7380638Z /usr/bin/tar: ../../../../../usr/local/lib/android/sdk/platforms/android-37.0/data/res/values-mcc310-mnc380-te: Cannot change mode to rwxr-xr-x: Operation not permitted
build	Cache Android SDK	2026-06-06T12:23:01.7383192Z /usr/bin/tar: ../../../../../usr/local/lib/android/sdk/platforms/android-37.0/data/res/values-mcc310-mnc270-ur: Cannot utime: Operation not permitted
build	Cache Android SDK	2026-06-06T12:23:01.7384254Z /usr/bin/tar: ../../../../../usr/local/lib/android/sdk/platforms/android-37.0/data/res/values-mcc310-mnc270-ur: Cannot change mode to rwxr-xr-x: Operation not permitted
build	Cache Android SDK	2026-06-06T12:23:01.7386446Z /usr/bin/tar: ../../../../../usr/local/lib/android/sdk/platforms/android-37.0/data/res/values-mcc310-mnc800-ru: Cannot utime: Operation not permitted
build	Cache Android SDK	2026-06-06T12:23:01.7399316Z /usr/bin/tar: ../../../../../usr/local/lib/android/sdk/platforms/android-37.0/data/res/values-mcc310-mnc800-ru: Cannot change mode to rwxr-xr-x: Operation not permitted
build	Cache Android SDK	2026-06-06T12:23:01.7400853Z /usr/bin/tar: ../../../../../usr/local/lib/android/sdk/platforms/android-37.0/data/res/values-mcc310-mnc560-zh-rHK: Cannot utime: Operation not permitted
build	Cache Android SDK	2026-06-06T12:23:01.7401828Z /usr/bin/tar: ../../../../../usr/local/lib/android/sdk/platforms/android-37.0/data/res/values-mcc310-mnc560-zh-rHK: Cannot change mode to rwxr-xr-x: Operation not permitted
build	Cache Android SDK	2026-06-06T12:23:01.7402883Z /usr/bin/tar: ../../../../../usr/local/lib/android/sdk/platforms/android-37.0/data/res/values-mcc001-mnc01-ro: Cannot utime: Operation not permitted
build	Cache Android SDK	2026-06-06T12:23:01.7403992Z /usr/bin/tar: ../../../../../usr/local/lib/android/sdk/platforms/android-37.0/data/res/values-mcc001-mnc01-ro: Cannot change mode to rwxr-xr-x: Operation not permitted
build	Cache Android SDK	2026-06-06T12:23:01.7404905Z /usr/bin/tar: ../../../../../usr/local/lib/android/sdk/platforms/android-37.0/data/res/values-mcc310-mnc150-ko: Cannot utime: Operation not permitted
build	Cache Android SDK	2026-06-06T12:23:01.7405932Z /usr/bin/tar: ../../../../../usr/local/lib/android/sdk/platforms/android-37.0/data/res/values-mcc310-mnc150-ko: Cannot change mode to rwxr-xr-x: Operation not permitted
build	Cache Android SDK	2026-06-06T12:23:01.7406996Z /usr/bin/tar: ../../../../../usr/local/lib/android/sdk/platforms/android-37.0/data/res/values-mcc310-mnc150-sr: Cannot utime: Operation not permitted
build	Cache Android SDK	2026-06-06T12:23:01.7408020Z /usr/bin/tar: ../../../../../usr/local/lib/android/sdk/platforms/android-37.0/data/res/values-mcc310-mnc150-sr: Cannot change mode to rwxr-xr-x: Operation not permitted
build	Cache Android SDK	2026-06-06T12:23:01.7408936Z /usr/bin/tar: ../../../../../usr/local/lib/android/sdk/platforms/android-37.0/data/res/values-mcc704-mnc03: Cannot utime: Operation not permitted
build	Cache Android SDK	2026-06-06T12:23:01.7410200Z /usr/bin/tar: ../../../../../usr/local/lib/android/sdk/platforms/android-37.0/data/res/values-mcc704-mnc03: Cannot change mode to rwxr-xr-x: Operation not permitted
build	Cache Android SDK	2026-06-06T12:23:01.7411119Z /usr/bin/tar: ../../../../../usr/local/lib/android/sdk/platforms/android-37.0/data/res/values-mcc310-mnc220-it: Cannot utime: Operation not permitted
build	Cache Android SDK	2026-06-06T12:23:01.7412029Z /usr/bin/tar: ../../../../../usr/local/lib/android/sdk/platforms/android-37.0/data/res/values-mcc310-mnc220-it: Cannot change mode to rwxr-xr-x: Operation not permitted
build	Cache Android SDK	2026-06-06T12:23:01.7412951Z /usr/bin/tar: ../../../../../usr/local/lib/android/sdk/platforms/android-37.0/data/res/values-mcc310-mnc230-ka: Cannot utime: Operation not permitted
build	Cache Android SDK	2026-06-06T12:23:01.7413871Z /usr/bin/tar: ../../../../../usr/local/lib/android/sdk/platforms/android-37.0/data/res/values-mcc310-mnc230-ka: Cannot change mode to rwxr-xr-x: Operation not permitted
build	Cache Android SDK	2026-06-06T12:23:01.7415279Z /usr/bin/tar: ../../../../../usr/local/lib/android/sdk/platforms/android-37.0/data/res/values-bn-watch: Cannot utime: Operation not permitted
build	Cache Android SDK	2026-06-06T12:23:01.7416165Z /usr/bin/tar: ../../../../../usr/local/lib/android/sdk/platforms/android-37.0/data/res/values-bn-watch: Cannot change mode to rwxr-xr-x: Operation not permitted
build	Cache Android SDK	2026-06-06T12:23:01.7418855Z /usr/bin/tar: ../../../../../usr/local/lib/android/sdk/platforms/android-37.0/data/res/values-mcc302-mnc370-pt-rBR: Cannot utime: Operation not permitted
build	Cache Android SDK	2026-06-06T12:23:01.7419836Z /usr/bin/tar: ../../../../../usr/local/lib/android/sdk/platforms/android-37.0/data/res/values-mcc302-mnc370-pt-rBR: Cannot change mode to rwxr-xr-x: Operation not permitted
build	Cache Android SDK	2026-06-06T12:23:01.7422479Z /usr/bin/tar: ../../../../../usr/local/lib/android/sdk/platforms/android-37.0/data/res/mipmap-xxhdpi: Cannot utime: Operation not permitted
build	Cache Android SDK	2026-06-06T12:23:01.7423368Z /usr/bin/tar: ../../../../../usr/local/lib/android/sdk/platforms/android-37.0/data/res/mipmap-xxhdpi: Cannot change mode to rwxr-xr-x: Operation not permitted
build	Cache Android SDK	2026-06-06T12:23:01.7425940Z /usr/bin/tar: ../../../../../usr/local/lib/android/sdk/platforms/android-37.0/data/res/values-mcc311-mnc180-ja: Cannot utime: Operation not permitted
build	Cache Android SDK	2026-06-06T12:23:01.7426872Z /usr/bin/tar: ../../../../../usr/local/lib/android/sdk/platforms/android-37.0/data/res/values-mcc311-mnc180-ja: Cannot change mode to rwxr-xr-x: Operation not permitted
build	Cache Android SDK	2026-06-06T12:23:01.7429178Z /usr/bin/tar: ../../../../../usr/local/lib/android/sdk/platforms/android-37.0/data/res/values-sl-watch: Cannot utime: Operation not permitted
build	Cache Android SDK	2026-06-06T12:23:01.7430060Z /usr/bin/tar: ../../../../../usr/local/lib/android/sdk/platforms/android-37.0/data/res/values-sl-watch: Cannot change mode to rwxr-xr-x: Operation not permitted
build	Cache Android SDK	2026-06-06T12:23:01.7432585Z /usr/bin/tar: ../../../../../usr/local/lib/android/sdk/platforms/android-37.0/data/res/values-mcc310-mnc270-th: Cannot utime: Operation not permitted
build	Cache Android SDK	2026-06-06T12:23:01.7433512Z /usr/bin/tar: ../../../../../usr/local/lib/android/sdk/platforms/android-37.0/data/res/values-mcc310-mnc270-th: Cannot change mode to rwxr-xr-x: Operation not permitted
build	Cache Android SDK	2026-06-06T12:23:01.7436280Z /usr/bin/tar: ../../../../../usr/local/lib/android/sdk/platforms/android-37.0/data/res/values-mcc310-mnc660-zh-rHK: Cannot utime: Operation not permitted
build	Cache Android SDK	2026-06-06T12:23:01.7437322Z /usr/bin/tar: ../../../../../usr/local/lib/android/sdk/platforms/android-37.0/data/res/values-mcc310-mnc660-zh-rHK: Cannot change mode to rwxr-xr-x: Operation not permitted
build	Cache Android SDK	2026-06-06T12:23:01.7439655Z /usr/bin/tar: ../../../../../usr/local/lib/android/sdk/platforms/android-37.0/data/res/values-mcc334-mnc020-be: Cannot utime: Operation not permitted
build	Cache Android SDK	2026-06-06T12:23:01.7440598Z /usr/bin/tar: ../../../../../usr/local/lib/android/sdk/platforms/android-37.0/data/res/values-mcc334-mnc020-be: Cannot change mode to rwxr-xr-x: Operation not permitted
build	Cache Android SDK	2026-06-06T12:23:01.7443449Z /usr/bin/tar: ../../../../../usr/local/lib/android/sdk/platforms/android-37.0/data/res/values-mcc310-mnc270-fi: Cannot utime: Operation not permitted
build	Cache Android SDK	2026-06-06T12:23:01.7444396Z /usr/bin/tar: ../../../../../usr/local/lib/android/sdk/platforms/android-37.0/data/res/values-mcc310-mnc270-fi: Cannot change mode to rwxr-xr-x: Operation not permitted
build	Cache Android SDK	2026-06-06T12:23:01.7446649Z /usr/bin/tar: ../../../../../usr/local/lib/android/sdk/platforms/android-37.0/data/res/values-mcc334: Cannot utime: Operation not permitted
build	Cache Android SDK	2026-06-06T12:23:01.7447697Z /usr/bin/tar: ../../../../../usr/local/lib/android/sdk/platforms/android-37.0/data/res/values-mcc334: Cannot change mode to rwxr-xr-x: Operation not permitted
build	Cache Android SDK	2026-06-06T12:23:01.7449891Z /usr/bin/tar: ../../../../../usr/local/lib/android/sdk/platforms/android-37.0/data/res/values-mcc310-mnc800-az: Cannot utime: Operation not permitted
build	Cache Android SDK	2026-06-06T12:23:01.7450812Z /usr/bin/tar: ../../../../../usr/local/lib/android/sdk/platforms/android-37.0/data/res/values-mcc310-mnc800-az: Cannot change mode to rwxr-xr-x: Operation not permitted
build	Cache Android SDK	2026-06-06T12:23:01.7453096Z /usr/bin/tar: ../../../../../usr/local/lib/android/sdk/platforms/android-37.0/data/res/values-mcc310-mnc280-es: Cannot utime: Operation not permitted
build	Cache Android SDK	2026-06-06T12:23:01.7454031Z /usr/bin/tar: ../../../../../usr/local/lib/android/sdk/platforms/android-37.0/data/res/values-mcc310-mnc280-es: Cannot change mode to rwxr-xr-x: Operation not permitted
build	Cache Android SDK	2026-06-06T12:23:01.7456228Z /usr/bin/tar: ../../../../../usr/local/lib/android/sdk/platforms/android-37.0/data/res/values-mcc310-mnc200-hu: Cannot utime: Operation not permitted
build	Cache Android SDK	2026-06-06T12:23:01.7457153Z /usr/bin/tar: ../../../../../usr/local/lib/android/sdk/platforms/android-37.0/data/res/values-mcc310-mnc200-hu: Cannot change mode to rwxr-xr-x: Operation not permitted
build	Cache Android SDK	2026-06-06T12:23:01.7459371Z /usr/bin/tar: ../../../../../usr/local/lib/android/sdk/platforms/android-37.0/data/res/values-ur-television: Cannot utime: Operation not permitted
build	Cache Android SDK	2026-06-06T12:23:01.7460290Z /usr/bin/tar: ../../../../../usr/local/lib/android/sdk/platforms/android-37.0/data/res/values-ur-television: Cannot change mode to rwxr-xr-x: Operation not permitted
build	Cache Android SDK	2026-06-06T12:23:01.7462694Z /usr/bin/tar: ../../../../../usr/local/lib/android/sdk/platforms/android-37.0/data/res/values-mcc001-mnc01-sv: Cannot utime: Operation not permitted
build	Cache Android SDK	2026-06-06T12:23:01.7463619Z /usr/bin/tar: ../../../../../usr/local/lib/android/sdk/platforms/android-37.0/data/res/values-mcc001-mnc01-sv: Cannot change mode to rwxr-xr-x: Operation not permitted
build	Cache Android SDK	2026-06-06T12:23:01.7465889Z /usr/bin/tar: ../../../../../usr/local/lib/android/sdk/platforms/android-37.0/data/res/values-mcc302-mnc370-kn: Cannot utime: Operation not permitted
build	Cache Android SDK	2026-06-06T12:23:01.7466807Z /usr/bin/tar: ../../../../../usr/local/lib/android/sdk/platforms/android-37.0/data/res/values-mcc302-mnc370-kn: Cannot change mode to rwxr-xr-x: Operation not permitted
build	Cache Android SDK	2026-06-06T12:23:01.7470520Z /usr/bin/tar: ../../../../../usr/local/lib/android/sdk/platforms/android-37.0/data/res/values-en-rCA-watch: Cannot utime: Operation not permitted
build	Cache Android SDK	2026-06-06T12:23:01.7471789Z /usr/bin/tar: ../../../../../usr/local/lib/android/sdk/platforms/android-37.0/data/res/values-en-rCA-watch: Cannot change mode to rwxr-xr-x: Operation not permitted
build	Cache Android SDK	2026-06-06T12:23:01.7473146Z /usr/bin/tar: ../../../../../usr/local/lib/android/sdk/platforms/android-37.0/data/res/values-mcc310-mnc250-fi: Cannot utime: Operation not permitted
build	Cache Android SDK	2026-06-06T12:23:01.7474225Z /usr/bin/tar: ../../../../../usr/local/lib/android/sdk/platforms/android-37.0/data/res/values-mcc310-mnc250-fi: Cannot change mode to rwxr-xr-x: Operation not permitted
build	Cache Android SDK	2026-06-06T12:23:01.7476643Z /usr/bin/tar: ../../../../../usr/local/lib/android/sdk/platforms/android-37.0/data/res/values-mcc001-mnc01-tl: Cannot utime: Operation not permitted
build	Cache Android SDK	2026-06-06T12:23:01.7477759Z /usr/bin/tar: ../../../../../usr/local/lib/android/sdk/platforms/android-37.0/data/res/values-mcc001-mnc01-tl: Cannot change mode to rwxr-xr-x: Operation not permitted
build	Cache Android SDK	2026-06-06T12:23:01.7479600Z /usr/bin/tar: ../../../../../usr/local/lib/android/sdk/platforms/android-37.0/data/res/values-it-rCH: Cannot utime: Operation not permitted
build	Cache Android SDK	2026-06-06T12:23:01.7480472Z /usr/bin/tar: ../../../../../usr/local/lib/android/sdk/platforms/android-37.0/data/res/values-it-rCH: Cannot change mode to rwxr-xr-x: Operation not permitted
build	Cache Android SDK	2026-06-06T12:23:01.7483484Z /usr/bin/tar: ../../../../../usr/local/lib/android/sdk/platforms/android-37.0/data/res/values-mcc310-mnc950-kn: Cannot utime: Operation not permitted
build	Cache Android SDK	2026-06-06T12:23:01.7484510Z /usr/bin/tar: ../../../../../usr/local/lib/android/sdk/platforms/android-37.0/data/res/values-mcc310-mnc950-kn: Cannot change mode to rwxr-xr-x: Operation not permitted
build	Cache Android SDK	2026-06-06T12:23:01.7486513Z /usr/bin/tar: ../../../../../usr/local/lib/android/sdk/platforms/android-37.0/data/res/values-mcc302-mnc720-ja: Cannot utime: Operation not permitted
build	Cache Android SDK	2026-06-06T12:23:01.7487681Z /usr/bin/tar: ../../../../../usr/local/lib/android/sdk/platforms/android-37.0/data/res/values-mcc302-mnc720-ja: Cannot change mode to rwxr-xr-x: Operation not permitted
build	Cache Android SDK	2026-06-06T12:23:01.7490187Z /usr/bin/tar: ../../../../../usr/local/lib/android/sdk/platforms/android-37.0/data/res/values-mcc302-mnc720-ca: Cannot utime: Operation not permitted
build	Cache Android SDK	2026-06-06T12:23:01.7491136Z /usr/bin/tar: ../../../../../usr/local/lib/android/sdk/platforms/android-37.0/data/res/values-mcc302-mnc720-ca: Cannot change mode to rwxr-xr-x: Operation not permitted
build	Cache Android SDK	2026-06-06T12:23:01.7493072Z /usr/bin/tar: ../../../../../usr/local/lib/android/sdk/platforms/android-37.0/data/res/values-de-rCH: Cannot utime: Operation not permitted
build	Cache Android SDK	2026-06-06T12:23:01.7493952Z /usr/bin/tar: ../../../../../usr/local/lib/android/sdk/platforms/android-37.0/data/res/values-de-rCH: Cannot change mode to rwxr-xr-x: Operation not permitted
build	Cache Android SDK	2026-06-06T12:23:01.7496463Z /usr/bin/tar: ../../../../../usr/local/lib/android/sdk/platforms/android-37.0/data/res/values-mcc310-mnc210-kn: Cannot utime: Operation not permitted
build	Cache Android SDK	2026-06-06T12:23:01.7497532Z /usr/bin/tar: ../../../../../usr/local/lib/android/sdk/platforms/android-37.0/data/res/values-mcc310-mnc210-kn: Cannot change mode to rwxr-xr-x: Operation not permitted
build	Cache Android SDK	2026-06-06T12:23:01.7499868Z /usr/bin/tar: ../../../../../usr/local/lib/android/sdk/platforms/android-37.0/data/res/values-mcc310-mnc250-ar: Cannot utime: Operation not permitted
build	Cache Android SDK	2026-06-06T12:23:01.7500806Z /usr/bin/tar: ../../../../../usr/local/lib/android/sdk/platforms/android-37.0/data/res/values-mcc310-mnc250-ar: Cannot change mode to rwxr-xr-x: Operation not permitted
build	Cache Android SDK	2026-06-06T12:23:01.7503189Z /usr/bin/tar: ../../../../../usr/local/lib/android/sdk/platforms/android-37.0/data/res/values-mcc310-mnc030-kn: Cannot utime: Operation not permitted
build	Cache Android SDK	2026-06-06T12:23:01.7504172Z /usr/bin/tar: ../../../../../usr/local/lib/android/sdk/platforms/android-37.0/data/res/values-mcc310-mnc030-kn: Cannot change mode to rwxr-xr-x: Operation not permitted
build	Cache Android SDK	2026-06-06T12:23:01.7506351Z /usr/bin/tar: ../../../../../usr/local/lib/android/sdk/platforms/android-37.0/data/res/values-w210dp-round-watch: Cannot utime: Operation not permitted
build	Cache Android SDK	2026-06-06T12:23:01.7507321Z /usr/bin/tar: ../../../../../usr/local/lib/android/sdk/platforms/android-37.0/data/res/values-w210dp-round-watch: Cannot change mode to rwxr-xr-x: Operation not permitted
build	Cache Android SDK	2026-06-06T12:23:01.7509643Z /usr/bin/tar: ../../../../../usr/local/lib/android/sdk/platforms/android-37.0/data/res/values-mcc310-mnc200-ka: Cannot utime: Operation not permitted
build	Cache Android SDK	2026-06-06T12:23:01.7510645Z /usr/bin/tar: ../../../../../usr/local/lib/android/sdk/platforms/android-37.0/data/res/values-mcc310-mnc200-ka: Cannot change mode to rwxr-xr-x: Operation not permitted
build	Cache Android SDK	2026-06-06T12:23:01.7512878Z /usr/bin/tar: ../../../../../usr/local/lib/android/sdk/platforms/android-37.0/data/res/values-mcc310-mnc380-pa: Cannot utime: Operation not permitted
build	Cache Android SDK	2026-06-06T12:23:01.7513809Z /usr/bin/tar: ../../../../../usr/local/lib/android/sdk/platforms/android-37.0/data/res/values-mcc310-mnc380-pa: Cannot change mode to rwxr-xr-x: Operation not permitted
build	Cache Android SDK	2026-06-06T12:23:01.7516003Z /usr/bin/tar: ../../../../../usr/local/lib/android/sdk/platforms/android-37.0/data/res/values-mcc302-mnc720-sr: Cannot utime: Operation not permitted
build	Cache Android SDK	2026-06-06T12:23:01.7516929Z /usr/bin/tar: ../../../../../usr/local/lib/android/sdk/platforms/android-37.0/data/res/values-mcc302-mnc720-sr: Cannot change mode to rwxr-xr-x: Operation not permitted
build	Cache Android SDK	2026-06-06T12:23:01.7519286Z /usr/bin/tar: ../../../../../usr/local/lib/android/sdk/platforms/android-37.0/data/res/values-mcc310-mnc800-ka: Cannot utime: Operation not permitted
build	Cache Android SDK	2026-06-06T12:23:01.7520220Z /usr/bin/tar: ../../../../../usr/local/lib/android/sdk/platforms/android-37.0/data/res/values-mcc310-mnc800-ka: Cannot change mode to rwxr-xr-x: Operation not permitted
build	Cache Android SDK	2026-06-06T12:23:01.7522700Z /usr/bin/tar: ../../../../../usr/local/lib/android/sdk/platforms/android-37.0/data/res/values-mcc310-mnc660-nl: Cannot utime: Operation not permitted
build	Cache Android SDK	2026-06-06T12:23:01.7523642Z /usr/bin/tar: ../../../../../usr/local/lib/android/sdk/platforms/android-37.0/data/res/values-mcc310-mnc660-nl: Cannot change mode to rwxr-xr-x: Operation not permitted
build	Cache Android SDK	2026-06-06T12:23:01.7525565Z /usr/bin/tar: ../../../../../usr/local/lib/android/sdk/platforms/android-37.0/data/res/values-mcc310-mnc030-zh-rHK: Cannot utime: Operation not permitted
build	Cache Android SDK	2026-06-06T12:23:01.7528981Z /usr/bin/tar: ../../../../../usr/local/lib/android/sdk/platforms/android-37.0/data/res/values-mcc310-mnc030-zh-rHK: Cannot change mode to rwxr-xr-x: Operation not permitted
build	Cache Android SDK	2026-06-06T12:23:01.7529950Z /usr/bin/tar: ../../../../../usr/local/lib/android/sdk/platforms/android-37.0/data/res/values-mcc302-mnc370-sv: Cannot utime: Operation not permitted
build	Cache Android SDK	2026-06-06T12:23:01.7530985Z /usr/bin/tar: ../../../../../usr/local/lib/android/sdk/platforms/android-37.0/data/res/values-mcc302-mnc370-sv: Cannot change mode to rwxr-xr-x: Operation not permitted
build	Cache Android SDK	2026-06-06T12:23:01.7532490Z /usr/bin/tar: ../../../../../usr/local/lib/android/sdk/platforms/android-37.0/data/res/values-mcc310-mnc170-fa: Cannot utime: Operation not permitted
build	Cache Android SDK	2026-06-06T12:23:01.7533625Z /usr/bin/tar: ../../../../../usr/local/lib/android/sdk/platforms/android-37.0/data/res/values-mcc310-mnc170-fa: Cannot change mode to rwxr-xr-x: Operation not permitted
build	Cache Android SDK	2026-06-06T12:23:01.7534958Z /usr/bin/tar: ../../../../../usr/local/lib/android/sdk/platforms/android-37.0/data/res/values-port: Cannot utime: Operation not permitted
build	Cache Android SDK	2026-06-06T12:23:01.7535951Z /usr/bin/tar: ../../../../../usr/local/lib/android/sdk/platforms/android-37.0/data/res/values-port: Cannot change mode to rwxr-xr-x: Operation not permitted
build	Cache Android SDK	2026-06-06T12:23:01.7538226Z /usr/bin/tar: ../../../../../usr/local/lib/android/sdk/platforms/android-37.0/data/res/drawable-en-hdpi: Cannot utime: Operation not permitted
build	Cache Android SDK	2026-06-06T12:23:01.7539135Z /usr/bin/tar: ../../../../../usr/local/lib/android/sdk/platforms/android-37.0/data/res/drawable-en-hdpi: Cannot change mode to rwxr-xr-x: Operation not permitted
build	Cache Android SDK	2026-06-06T12:23:01.7541249Z /usr/bin/tar: ../../../../../usr/local/lib/android/sdk/platforms/android-37.0/data/res/values-mcc310-mnc230-mn: Cannot utime: Operation not permitted
build	Cache Android SDK	2026-06-06T12:23:01.7542187Z /usr/bin/tar: ../../../../../usr/local/lib/android/sdk/platforms/android-37.0/data/res/values-mcc310-mnc230-mn: Cannot change mode to rwxr-xr-x: Operation not permitted
build	Cache Android SDK	2026-06-06T12:23:01.7548756Z /usr/bin/tar: ../../../../../usr/local/lib/android/sdk/platforms/android-37.0/data/res/values-es: Cannot utime: Operation not permitted
build	Cache Android SDK	2026-06-06T12:23:01.7550087Z /usr/bin/tar: ../../../../../usr/local/lib/android/sdk/platforms/android-37.0/data/res/values-es: Cannot change mode to rwxr-xr-x: Operation not permitted
build	Cache Android SDK	2026-06-06T12:23:01.7551990Z /usr/bin/tar: ../../../../../usr/local/lib/android/sdk/platforms/android-37.0/data/res/values-mcc310-mnc800-km: Cannot utime: Operation not permitted
build	Cache Android SDK	2026-06-06T12:23:01.7552950Z /usr/bin/tar: ../../../../../usr/local/lib/android/sdk/platforms/android-37.0/data/res/values-mcc310-mnc800-km: Cannot change mode to rwxr-xr-x: Operation not permitted
build	Cache Android SDK	2026-06-06T12:23:01.7555212Z /usr/bin/tar: ../../../../../usr/local/lib/android/sdk/platforms/android-37.0/data/res/values-mcc334-mnc020-en-rAU: Cannot utime: Operation not permitted
build	Cache Android SDK	2026-06-06T12:23:01.7556231Z /usr/bin/tar: ../../../../../usr/local/lib/android/sdk/platforms/android-37.0/data/res/values-mcc334-mnc020-en-rAU: Cannot change mode to rwxr-xr-x: Operation not permitted
build	Cache Android SDK	2026-06-06T12:23:01.7557976Z /usr/bin/tar: ../../../../../usr/local/lib/android/sdk/platforms/android-37.0/data/res/values-mcc310-mnc170-tl: Cannot utime: Operation not permitted
build	Cache Android SDK	2026-06-06T12:23:01.7558995Z /usr/bin/tar: ../../../../../usr/local/lib/android/sdk/platforms/android-37.0/data/res/values-mcc310-mnc170-tl: Cannot change mode to rwxr-xr-x: Operation not permitted
build	Cache Android SDK	2026-06-06T12:23:01.7561550Z /usr/bin/tar: ../../../../../usr/local/lib/android/sdk/platforms/android-37.0/data/res/values-mcc311-mnc180-lt: Cannot utime: Operation not permitted
build	Cache Android SDK	2026-06-06T12:23:01.7562616Z /usr/bin/tar: ../../../../../usr/local/lib/android/sdk/platforms/android-37.0/data/res/values-mcc311-mnc180-lt: Cannot change mode to rwxr-xr-x: Operation not permitted
build	Cache Android SDK	2026-06-06T12:23:01.7564497Z /usr/bin/tar: ../../../../../usr/local/lib/android/sdk/platforms/android-37.0/data/res/values-en-rIN-television: Cannot utime: Operation not permitted
build	Cache Android SDK	2026-06-06T12:23:01.7565529Z /usr/bin/tar: ../../../../../usr/local/lib/android/sdk/platforms/android-37.0/data/res/values-en-rIN-television: Cannot change mode to rwxr-xr-x: Operation not permitted
build	Cache Android SDK	2026-06-06T12:23:01.7567120Z /usr/bin/tar: ../../../../../usr/local/lib/android/sdk/platforms/android-37.0/data/res/values-mcc310-mnc270-nl: Cannot utime: Operation not permitted
build	Cache Android SDK	2026-06-06T12:23:01.7568743Z /usr/bin/tar: ../../../../../usr/local/lib/android/sdk/platforms/android-37.0/data/res/values-mcc310-mnc270-nl: Cannot change mode to rwxr-xr-x: Operation not permitted
build	Cache Android SDK	2026-06-06T12:23:01.7570314Z /usr/bin/tar: ../../../../../usr/local/lib/android/sdk/platforms/android-37.0/data/res/values-mcc334-mnc020-hu: Cannot utime: Operation not permitted
build	Cache Android SDK	2026-06-06T12:23:01.7571315Z /usr/bin/tar: ../../../../../usr/local/lib/android/sdk/platforms/android-37.0/data/res/values-mcc334-mnc020-hu: Cannot change mode to rwxr-xr-x: Operation not permitted
build	Cache Android SDK	2026-06-06T12:23:01.7572903Z /usr/bin/tar: ../../../../../usr/local/lib/android/sdk/platforms/android-37.0/data/res/values-mcc310-mnc220-gl: Cannot utime: Operation not permitted
build	Cache Android SDK	2026-06-06T12:23:01.7574021Z /usr/bin/tar: ../../../../../usr/local/lib/android/sdk/platforms/android-37.0/data/res/values-mcc310-mnc220-gl: Cannot change mode to rwxr-xr-x: Operation not permitted
build	Cache Android SDK	2026-06-06T12:23:01.7575851Z /usr/bin/tar: ../../../../../usr/local/lib/android/sdk/platforms/android-37.0/data/res/values-mcc310-mnc220-zh-rHK: Cannot utime: Operation not permitted
build	Cache Android SDK	2026-06-06T12:23:01.7576928Z /usr/bin/tar: ../../../../../usr/local/lib/android/sdk/platforms/android-37.0/data/res/values-mcc310-mnc220-zh-rHK: Cannot change mode to rwxr-xr-x: Operation not permitted
build	Cache Android SDK	2026-06-06T12:23:01.7579280Z /usr/bin/tar: ../../../../../usr/local/lib/android/sdk/platforms/android-37.0/data/res/values-sw720dp-w1280dp: Cannot utime: Operation not permitted
build	Cache Android SDK	2026-06-06T12:23:01.7580212Z /usr/bin/tar: ../../../../../usr/local/lib/android/sdk/platforms/android-37.0/data/res/values-sw720dp-w1280dp: Cannot change mode to rwxr-xr-x: Operation not permitted
build	Cache Android SDK	2026-06-06T12:23:01.7582171Z /usr/bin/tar: ../../../../../usr/local/lib/android/sdk/platforms/android-37.0/data/res/values-mcc310-mnc030-pt-rPT: Cannot utime: Operation not permitted
build	Cache Android SDK	2026-06-06T12:23:01.7583138Z /usr/bin/tar: ../../../../../usr/local/lib/android/sdk/platforms/android-37.0/data/res/values-mcc310-mnc030-pt-rPT: Cannot change mode to rwxr-xr-x: Operation not permitted
build	Cache Android SDK	2026-06-06T12:23:01.7585222Z /usr/bin/tar: ../../../../../usr/local/lib/android/sdk/platforms/android-37.0/data/res/values-mcc313-mnc100-ca: Cannot utime: Operation not permitted
build	Cache Android SDK	2026-06-06T12:23:01.7586160Z /usr/bin/tar: ../../../../../usr/local/lib/android/sdk/platforms/android-37.0/data/res/values-mcc313-mnc100-ca: Cannot change mode to rwxr-xr-x: Operation not permitted
build	Cache Android SDK	2026-06-06T12:23:01.7588311Z /usr/bin/tar: ../../../../../usr/local/lib/android/sdk/platforms/android-37.0/data/res/values-mcc310-mnc660-de: Cannot utime: Operation not permitted
build	Cache Android SDK	2026-06-06T12:23:01.7589278Z /usr/bin/tar: ../../../../../usr/local/lib/android/sdk/platforms/android-37.0/data/res/values-mcc310-mnc660-de: Cannot change mode to rwxr-xr-x: Operation not permitted
build	Cache Android SDK	2026-06-06T12:23:01.7592158Z /usr/bin/tar: ../../../../../usr/local/lib/android/sdk/platforms/android-37.0/data/res/values-mcc310-mnc160-fr-rCA: Cannot utime: Operation not permitted
build	Cache Android SDK	2026-06-06T12:23:01.7593123Z /usr/bin/tar: ../../../../../usr/local/lib/android/sdk/platforms/android-37.0/data/res/values-mcc310-mnc160-fr-rCA: Cannot change mode to rwxr-xr-x: Operation not permitted
build	Cache Android SDK	2026-06-06T12:23:01.7595357Z /usr/bin/tar: ../../../../../usr/local/lib/android/sdk/platforms/android-37.0/data/res/values-mcc312-mnc670-or: Cannot utime: Operation not permitted
build	Cache Android SDK	2026-06-06T12:23:01.7596281Z /usr/bin/tar: ../../../../../usr/local/lib/android/sdk/platforms/android-37.0/data/res/values-mcc312-mnc670-or: Cannot change mode to rwxr-xr-x: Operation not permitted
build	Cache Android SDK	2026-06-06T12:23:01.7598547Z /usr/bin/tar: ../../../../../usr/local/lib/android/sdk/platforms/android-37.0/data/res/values-mcc310-mnc210-da: Cannot utime: Operation not permitted
build	Cache Android SDK	2026-06-06T12:23:01.7599478Z /usr/bin/tar: ../../../../../usr/local/lib/android/sdk/platforms/android-37.0/data/res/values-mcc310-mnc210-da: Cannot change mode to rwxr-xr-x: Operation not permitted
build	Cache Android SDK	2026-06-06T12:23:01.7601958Z /usr/bin/tar: ../../../../../usr/local/lib/android/sdk/platforms/android-37.0/data/res/values-mcc310-mnc310-sk: Cannot utime: Operation not permitted
build	Cache Android SDK	2026-06-06T12:23:01.7603018Z /usr/bin/tar: ../../../../../usr/local/lib/android/sdk/platforms/android-37.0/data/res/values-mcc310-mnc310-sk: Cannot change mode to rwxr-xr-x: Operation not permitted
build	Cache Android SDK	2026-06-06T12:23:01.7605345Z /usr/bin/tar: ../../../../../usr/local/lib/android/sdk/platforms/android-37.0/data/res/values-mcc310-mnc200-in: Cannot utime: Operation not permitted
build	Cache Android SDK	2026-06-06T12:23:01.7606282Z /usr/bin/tar: ../../../../../usr/local/lib/android/sdk/platforms/android-37.0/data/res/values-mcc310-mnc200-in: Cannot change mode to rwxr-xr-x: Operation not permitted
build	Cache Android SDK	2026-06-06T12:23:01.7608729Z /usr/bin/tar: ../../../../../usr/local/lib/android/sdk/platforms/android-37.0/data/res/values-mcc310-mnc170-af: Cannot utime: Operation not permitted
build	Cache Android SDK	2026-06-06T12:23:01.7609729Z /usr/bin/tar: ../../../../../usr/local/lib/android/sdk/platforms/android-37.0/data/res/values-mcc310-mnc170-af: Cannot change mode to rwxr-xr-x: Operation not permitted
build	Cache Android SDK	2026-06-06T12:23:01.7616466Z /usr/bin/tar: ../../../../../usr/local/lib/android/sdk/platforms/android-37.0/data/res/values-hu: Cannot utime: Operation not permitted
build	Cache Android SDK	2026-06-06T12:23:01.7617947Z /usr/bin/tar: ../../../../../usr/local/lib/android/sdk/platforms/android-37.0/data/res/values-hu: Cannot change mode to rwxr-xr-x: Operation not permitted
build	Cache Android SDK	2026-06-06T12:23:01.7619477Z /usr/bin/tar: ../../../../../usr/local/lib/android/sdk/platforms/android-37.0/data/res/values-mcc310-mnc950-en-rXC: Cannot utime: Operation not permitted
build	Cache Android SDK	2026-06-06T12:23:01.7620483Z /usr/bin/tar: ../../../../../usr/local/lib/android/sdk/platforms/android-37.0/data/res/values-mcc310-mnc950-en-rXC: Cannot change mode to rwxr-xr-x: Operation not permitted
build	Cache Android SDK	2026-06-06T12:23:01.7622748Z /usr/bin/tar: ../../../../../usr/local/lib/android/sdk/platforms/android-37.0/data/res/values-mcc310: Cannot utime: Operation not permitted
build	Cache Android SDK	2026-06-06T12:23:01.7623637Z /usr/bin/tar: ../../../../../usr/local/lib/android/sdk/platforms/android-37.0/data/res/values-mcc310: Cannot change mode to rwxr-xr-x: Operation not permitted
build	Cache Android SDK	2026-06-06T12:23:01.7626220Z /usr/bin/tar: ../../../../../usr/local/lib/android/sdk/platforms/android-37.0/data/res/values-mcc312-mnc670-fi: Cannot utime: Operation not permitted
build	Cache Android SDK	2026-06-06T12:23:01.7627180Z /usr/bin/tar: ../../../../../usr/local/lib/android/sdk/platforms/android-37.0/data/res/values-mcc312-mnc670-fi: Cannot change mode to rwxr-xr-x: Operation not permitted
build	Cache Android SDK	2026-06-06T12:23:01.7629929Z /usr/bin/tar: ../../../../../usr/local/lib/android/sdk/platforms/android-37.0/data/res/values-es-rUS-television: Cannot utime: Operation not permitted
build	Cache Android SDK	2026-06-06T12:23:01.7630899Z /usr/bin/tar: ../../../../../usr/local/lib/android/sdk/platforms/android-37.0/data/res/values-es-rUS-television: Cannot change mode to rwxr-xr-x: Operation not permitted
build	Cache Android SDK	2026-06-06T12:23:01.7633328Z /usr/bin/tar: ../../../../../usr/local/lib/android/sdk/platforms/android-37.0/data/res/values-mcc310-mnc950-mn: Cannot utime: Operation not permitted
build	Cache Android SDK	2026-06-06T12:23:01.7634269Z /usr/bin/tar: ../../../../../usr/local/lib/android/sdk/platforms/android-37.0/data/res/values-mcc310-mnc950-mn: Cannot change mode to rwxr-xr-x: Operation not permitted
build	Cache Android SDK	2026-06-06T12:23:01.7636315Z /usr/bin/tar: ../../../../../usr/local/lib/android/sdk/platforms/android-37.0/data/res/values-mcc310-mnc660-et: Cannot utime: Operation not permitted
build	Cache Android SDK	2026-06-06T12:23:01.7637268Z /usr/bin/tar: ../../../../../usr/local/lib/android/sdk/platforms/android-37.0/data/res/values-mcc310-mnc660-et: Cannot change mode to rwxr-xr-x: Operation not permitted
build	Cache Android SDK	2026-06-06T12:23:01.7639655Z /usr/bin/tar: ../../../../../usr/local/lib/android/sdk/platforms/android-37.0/data/res/values-mcc310-mnc210-ar: Cannot utime: Operation not permitted
build	Cache Android SDK	2026-06-06T12:23:01.7640619Z /usr/bin/tar: ../../../../../usr/local/lib/android/sdk/platforms/android-37.0/data/res/values-mcc310-mnc210-ar: Cannot change mode to rwxr-xr-x: Operation not permitted
build	Cache Android SDK	2026-06-06T12:23:01.7643388Z /usr/bin/tar: ../../../../../usr/local/lib/android/sdk/platforms/android-37.0/data/res/values-mcc310-mnc270-hi: Cannot utime: Operation not permitted
build	Cache Android SDK	2026-06-06T12:23:01.7644424Z /usr/bin/tar: ../../../../../usr/local/lib/android/sdk/platforms/android-37.0/data/res/values-mcc310-mnc270-hi: Cannot change mode to rwxr-xr-x: Operation not permitted
build	Cache Android SDK	2026-06-06T12:23:01.7646438Z /usr/bin/tar: ../../../../../usr/local/lib/android/sdk/platforms/android-37.0/data/res/values-mcc311-mnc180-in: Cannot utime: Operation not permitted
build	Cache Android SDK	2026-06-06T12:23:01.7647513Z /usr/bin/tar: ../../../../../usr/local/lib/android/sdk/platforms/android-37.0/data/res/values-mcc311-mnc180-in: Cannot change mode to rwxr-xr-x: Operation not permitted
build	Cache Android SDK	2026-06-06T12:23:01.7650124Z /usr/bin/tar: ../../../../../usr/local/lib/android/sdk/platforms/android-37.0/data/res/values-mcc310-mnc240-hy: Cannot utime: Operation not permitted
build	Cache Android SDK	2026-06-06T12:23:01.7651161Z /usr/bin/tar: ../../../../../usr/local/lib/android/sdk/platforms/android-37.0/data/res/values-mcc310-mnc240-hy: Cannot change mode to rwxr-xr-x: Operation not permitted
build	Cache Android SDK	2026-06-06T12:23:01.7653094Z /usr/bin/tar: ../../../../../usr/local/lib/android/sdk/platforms/android-37.0/data/res/values-lv-watch: Cannot utime: Operation not permitted
build	Cache Android SDK	2026-06-06T12:23:01.7654065Z /usr/bin/tar: ../../../../../usr/local/lib/android/sdk/platforms/android-37.0/data/res/values-lv-watch: Cannot change mode to rwxr-xr-x: Operation not permitted
build	Cache Android SDK	2026-06-06T12:23:01.7656349Z /usr/bin/tar: ../../../../../usr/local/lib/android/sdk/platforms/android-37.0/data/res/values-mcc302-mnc720-ta: Cannot utime: Operation not permitted
build	Cache Android SDK	2026-06-06T12:23:01.7657302Z /usr/bin/tar: ../../../../../usr/local/lib/android/sdk/platforms/android-37.0/data/res/values-mcc302-mnc720-ta: Cannot change mode to rwxr-xr-x: Operation not permitted
build	Cache Android SDK	2026-06-06T12:23:01.7660778Z /usr/bin/tar: ../../../../../usr/local/lib/android/sdk/platforms/android-37.0/data/res/values-mcc310-mnc200-th: Cannot utime: Operation not permitted
build	Cache Android SDK	2026-06-06T12:23:01.7662023Z /usr/bin/tar: ../../../../../usr/local/lib/android/sdk/platforms/android-37.0/data/res/values-mcc310-mnc200-th: Cannot change mode to rwxr-xr-x: Operation not permitted
build	Cache Android SDK	2026-06-06T12:23:01.7666118Z /usr/bin/tar: ../../../../../usr/local/lib/android/sdk/platforms/android-37.0/data/res/values-mcc310-mnc160-ta: Cannot utime: Operation not permitted
build	Cache Android SDK	2026-06-06T12:23:01.7667974Z /usr/bin/tar: ../../../../../usr/local/lib/android/sdk/platforms/android-37.0/data/res/values-mcc310-mnc160-ta: Cannot change mode to rwxr-xr-x: Operation not permitted
build	Cache Android SDK	2026-06-06T12:23:01.7669262Z /usr/bin/tar: ../../../../../usr/local/lib/android/sdk/platforms/android-37.0/data/res/values-et-rEE: Cannot utime: Operation not permitted
build	Cache Android SDK	2026-06-06T12:23:01.7670139Z /usr/bin/tar: ../../../../../usr/local/lib/android/sdk/platforms/android-37.0/data/res/values-et-rEE: Cannot change mode to rwxr-xr-x: Operation not permitted
build	Cache Android SDK	2026-06-06T12:23:01.7672210Z /usr/bin/tar: ../../../../../usr/local/lib/android/sdk/platforms/android-37.0/data/res/values-mcc310-mnc210-lt: Cannot utime: Operation not permitted
build	Cache Android SDK	2026-06-06T12:23:01.7672656Z /usr/bin/tar: ../../../../../usr/local/lib/android/sdk/platforms/android-37.0/data/res/values-mcc310-mnc210-lt: Cannot change mode to rwxr-xr-x: Operation not permitted
build	Cache Android SDK	2026-06-06T12:23:01.7675748Z /usr/bin/tar: ../../../../../usr/local/lib/android/sdk/platforms/android-37.0/data/res/values-mcc310-mnc490-my: Cannot utime: Operation not permitted
build	Cache Android SDK	2026-06-06T12:23:01.7676205Z /usr/bin/tar: ../../../../../usr/local/lib/android/sdk/platforms/android-37.0/data/res/values-mcc310-mnc490-my: Cannot change mode to rwxr-xr-x: Operation not permitted
build	Cache Android SDK	2026-06-06T12:23:01.7678813Z /usr/bin/tar: ../../../../../usr/local/lib/android/sdk/platforms/android-37.0/data/res/values-it-watch: Cannot utime: Operation not permitted
build	Cache Android SDK	2026-06-06T12:23:01.7679247Z /usr/bin/tar: ../../../../../usr/local/lib/android/sdk/platforms/android-37.0/data/res/values-it-watch: Cannot change mode to rwxr-xr-x: Operation not permitted
build	Cache Android SDK	2026-06-06T12:23:01.7682427Z /usr/bin/tar: ../../../../../usr/local/lib/android/sdk/platforms/android-37.0/data/res/values-mcc310-mnc240-ja: Cannot utime: Operation not permitted
build	Cache Android SDK	2026-06-06T12:23:01.7683091Z /usr/bin/tar: ../../../../../usr/local/lib/android/sdk/platforms/android-37.0/data/res/values-mcc310-mnc240-ja: Cannot change mode to rwxr-xr-x: Operation not permitted
build	Cache Android SDK	2026-06-06T12:23:01.7685392Z /usr/bin/tar: ../../../../../usr/local/lib/android/sdk/platforms/android-37.0/data/res/values-mcc310-mnc210-zu: Cannot utime: Operation not permitted
build	Cache Android SDK	2026-06-06T12:23:01.7685844Z /usr/bin/tar: ../../../../../usr/local/lib/android/sdk/platforms/android-37.0/data/res/values-mcc310-mnc210-zu: Cannot change mode to rwxr-xr-x: Operation not permitted
build	Cache Android SDK	2026-06-06T12:23:01.7688511Z /usr/bin/tar: ../../../../../usr/local/lib/android/sdk/platforms/android-37.0/data/res/values-mcc310-mnc250-pa: Cannot utime: Operation not permitted
build	Cache Android SDK	2026-06-06T12:23:01.7689037Z /usr/bin/tar: ../../../../../usr/local/lib/android/sdk/platforms/android-37.0/data/res/values-mcc310-mnc250-pa: Cannot change mode to rwxr-xr-x: Operation not permitted
build	Cache Android SDK	2026-06-06T12:23:01.7691744Z /usr/bin/tar: ../../../../../usr/local/lib/android/sdk/platforms/android-37.0/data/res/values-mcc310-mnc030-sr: Cannot utime: Operation not permitted
build	Cache Android SDK	2026-06-06T12:23:01.7692270Z /usr/bin/tar: ../../../../../usr/local/lib/android/sdk/platforms/android-37.0/data/res/values-mcc310-mnc030-sr: Cannot change mode to rwxr-xr-x: Operation not permitted
build	Cache Android SDK	2026-06-06T12:23:01.7694803Z /usr/bin/tar: ../../../../../usr/local/lib/android/sdk/platforms/android-37.0/data/res/values-mcc310-mnc950-pt: Cannot utime: Operation not permitted
build	Cache Android SDK	2026-06-06T12:23:01.7695251Z /usr/bin/tar: ../../../../../usr/local/lib/android/sdk/platforms/android-37.0/data/res/values-mcc310-mnc950-pt: Cannot change mode to rwxr-xr-x: Operation not permitted
build	Cache Android SDK	2026-06-06T12:23:01.7697833Z /usr/bin/tar: ../../../../../usr/local/lib/android/sdk/platforms/android-37.0/data/res/values-mcc310-mnc560-pa: Cannot utime: Operation not permitted
build	Cache Android SDK	2026-06-06T12:23:01.7698423Z /usr/bin/tar: ../../../../../usr/local/lib/android/sdk/platforms/android-37.0/data/res/values-mcc310-mnc560-pa: Cannot change mode to rwxr-xr-x: Operation not permitted
build	Cache Android SDK	2026-06-06T12:23:01.7700898Z /usr/bin/tar: ../../../../../usr/local/lib/android/sdk/platforms/android-37.0/data/res/values-mcc310-mnc220-es-rUS: Cannot utime: Operation not permitted
build	Cache Android SDK	2026-06-06T12:23:01.7701377Z /usr/bin/tar: ../../../../../usr/local/lib/android/sdk/platforms/android-37.0/data/res/values-mcc310-mnc220-es-rUS: Cannot change mode to rwxr-xr-x: Operation not permitted
build	Cache Android SDK	2026-06-06T12:23:01.7703989Z /usr/bin/tar: ../../../../../usr/local/lib/android/sdk/platforms/android-37.0/data/res/values-mcc310-mnc660-bg: Cannot utime: Operation not permitted
build	Cache Android SDK	2026-06-06T12:23:01.7704444Z /usr/bin/tar: ../../../../../usr/local/lib/android/sdk/platforms/android-37.0/data/res/values-mcc310-mnc660-bg: Cannot change mode to rwxr-xr-x: Operation not permitted
build	Cache Android SDK	2026-06-06T12:23:01.7707170Z /usr/bin/tar: ../../../../../usr/local/lib/android/sdk/platforms/android-37.0/data/res/values-mcc310-mnc380-fa: Cannot utime: Operation not permitted
build	Cache Android SDK	2026-06-06T12:23:01.7707814Z /usr/bin/tar: ../../../../../usr/local/lib/android/sdk/platforms/android-37.0/data/res/values-mcc310-mnc380-fa: Cannot change mode to rwxr-xr-x: Operation not permitted
build	Cache Android SDK	2026-06-06T12:23:01.7710108Z /usr/bin/tar: ../../../../../usr/local/lib/android/sdk/platforms/android-37.0/data/res/values-mcc001-mnc01-km: Cannot utime: Operation not permitted
build	Cache Android SDK	2026-06-06T12:23:01.7710561Z /usr/bin/tar: ../../../../../usr/local/lib/android/sdk/platforms/android-37.0/data/res/values-mcc001-mnc01-km: Cannot change mode to rwxr-xr-x: Operation not permitted
build	Cache Android SDK	2026-06-06T12:23:01.7713231Z /usr/bin/tar: ../../../../../usr/local/lib/android/sdk/platforms/android-37.0/data/res/values-mcc310-mnc030-el: Cannot utime: Operation not permitted
build	Cache Android SDK	2026-06-06T12:23:01.7713705Z /usr/bin/tar: ../../../../../usr/local/lib/android/sdk/platforms/android-37.0/data/res/values-mcc310-mnc030-el: Cannot change mode to rwxr-xr-x: Operation not permitted
build	Cache Android SDK	2026-06-06T12:23:01.7716282Z /usr/bin/tar: ../../../../../usr/local/lib/android/sdk/platforms/android-37.0/data/res/values-mcc310-mnc660-ky: Cannot utime: Operation not permitted
build	Cache Android SDK	2026-06-06T12:23:01.7716836Z /usr/bin/tar: ../../../../../usr/local/lib/android/sdk/platforms/android-37.0/data/res/values-mcc310-mnc660-ky: Cannot change mode to rwxr-xr-x: Operation not permitted
build	Cache Android SDK	2026-06-06T12:23:01.7719615Z /usr/bin/tar: ../../../../../usr/local/lib/android/sdk/platforms/android-37.0/data/res/values-mcc310-mnc210-uz: Cannot utime: Operation not permitted
build	Cache Android SDK	2026-06-06T12:23:01.7720069Z /usr/bin/tar: ../../../../../usr/local/lib/android/sdk/platforms/android-37.0/data/res/values-mcc310-mnc210-uz: Cannot change mode to rwxr-xr-x: Operation not permitted
build	Cache Android SDK	2026-06-06T12:23:01.7722665Z /usr/bin/tar: ../../../../../usr/local/lib/android/sdk/platforms/android-37.0/data/res/values-mcc310-mnc310-ur: Cannot utime: Operation not permitted
build	Cache Android SDK	2026-06-06T12:23:01.7723116Z /usr/bin/tar: ../../../../../usr/local/lib/android/sdk/platforms/android-37.0/data/res/values-mcc310-mnc310-ur: Cannot change mode to rwxr-xr-x: Operation not permitted
build	Cache Android SDK	2026-06-06T12:23:01.7725626Z /usr/bin/tar: ../../../../../usr/local/lib/android/sdk/platforms/android-37.0/data/res/values-mcc310-mnc270-kn: Cannot utime: Operation not permitted
build	Cache Android SDK	2026-06-06T12:23:01.7726154Z /usr/bin/tar: ../../../../../usr/local/lib/android/sdk/platforms/android-37.0/data/res/values-mcc310-mnc270-kn: Cannot change mode to rwxr-xr-x: Operation not permitted
build	Cache Android SDK	2026-06-06T12:23:01.7728956Z /usr/bin/tar: ../../../../../usr/local/lib/android/sdk/platforms/android-37.0/data/res/values-mcc302-mnc370-or: Cannot utime: Operation not permitted
build	Cache Android SDK	2026-06-06T12:23:01.7729465Z /usr/bin/tar: ../../../../../usr/local/lib/android/sdk/platforms/android-37.0/data/res/values-mcc302-mnc370-or: Cannot change mode to rwxr-xr-x: Operation not permitted
build	Cache Android SDK	2026-06-06T12:23:01.7732104Z /usr/bin/tar: ../../../../../usr/local/lib/android/sdk/platforms/android-37.0/data/res/values-mcc310-mnc150-hr: Cannot utime: Operation not permitted
build	Cache Android SDK	2026-06-06T12:23:01.7732556Z /usr/bin/tar: ../../../../../usr/local/lib/android/sdk/platforms/android-37.0/data/res/values-mcc310-mnc150-hr: Cannot change mode to rwxr-xr-x: Operation not permitted
build	Cache Android SDK	2026-06-06T12:23:01.7739875Z /usr/bin/tar: ../../../../../usr/local/lib/android/sdk/platforms/android-37.0/data/res/values-te: Cannot utime: Operation not permitted
build	Cache Android SDK	2026-06-06T12:23:01.7740335Z /usr/bin/tar: ../../../../../usr/local/lib/android/sdk/platforms/android-37.0/data/res/values-te: Cannot change mode to rwxr-xr-x: Operation not permitted
build	Cache Android SDK	2026-06-06T12:23:01.7742868Z /usr/bin/tar: ../../../../../usr/local/lib/android/sdk/platforms/android-37.0/data/res/values-fr-masculine: Cannot utime: Operation not permitted
build	Cache Android SDK	2026-06-06T12:23:01.7743344Z /usr/bin/tar: ../../../../../usr/local/lib/android/sdk/platforms/android-37.0/data/res/values-fr-masculine: Cannot change mode to rwxr-xr-x: Operation not permitted
build	Cache Android SDK	2026-06-06T12:23:01.7747116Z /usr/bin/tar: ../../../../../usr/local/lib/android/sdk/platforms/android-37.0/data/res/values-mcc310-mnc490-es-rUS: Cannot utime: Operation not permitted
build	Cache Android SDK	2026-06-06T12:23:01.7747789Z /usr/bin/tar: ../../../../../usr/local/lib/android/sdk/platforms/android-37.0/data/res/values-mcc310-mnc490-es-rUS: Cannot change mode to rwxr-xr-x: Operation not permitted
build	Cache Android SDK	2026-06-06T12:23:01.7750706Z /usr/bin/tar: ../../../../../usr/local/lib/android/sdk/platforms/android-37.0/data/res/values-mcc310-mnc310-pt: Cannot utime: Operation not permitted
build	Cache Android SDK	2026-06-06T12:23:01.7751186Z /usr/bin/tar: ../../../../../usr/local/lib/android/sdk/platforms/android-37.0/data/res/values-mcc310-mnc310-pt: Cannot change mode to rwxr-xr-x: Operation not permitted
build	Cache Android SDK	2026-06-06T12:23:01.7754928Z /usr/bin/tar: ../../../../../usr/local/lib/android/sdk/platforms/android-37.0/data/res/values-mcc310-mnc200-bg: Cannot utime: Operation not permitted
build	Cache Android SDK	2026-06-06T12:23:01.7755404Z /usr/bin/tar: ../../../../../usr/local/lib/android/sdk/platforms/android-37.0/data/res/values-mcc310-mnc200-bg: Cannot change mode to rwxr-xr-x: Operation not permitted
build	Cache Android SDK	2026-06-06T12:23:01.7760757Z /usr/bin/tar: ../../../../../usr/local/lib/android/sdk/platforms/android-37.0/data/res/values-mcc312-mnc670-fr: Cannot utime: Operation not permitted
build	Cache Android SDK	2026-06-06T12:23:01.7761343Z /usr/bin/tar: ../../../../../usr/local/lib/android/sdk/platforms/android-37.0/data/res/values-mcc312-mnc670-fr: Cannot change mode to rwxr-xr-x: Operation not permitted
build	Cache Android SDK	2026-06-06T12:23:01.7763941Z /usr/bin/tar: ../../../../../usr/local/lib/android/sdk/platforms/android-37.0/data/res/values-mcc310-mnc560-th: Cannot utime: Operation not permitted
build	Cache Android SDK	2026-06-06T12:23:01.7764397Z /usr/bin/tar: ../../../../../usr/local/lib/android/sdk/platforms/android-37.0/data/res/values-mcc310-mnc560-th: Cannot change mode to rwxr-xr-x: Operation not permitted
build	Cache Android SDK	2026-06-06T12:23:01.7768437Z /usr/bin/tar: ../../../../../usr/local/lib/android/sdk/platforms/android-37.0/data/res/values-mcc312-mnc670-ta: Cannot utime: Operation not permitted
build	Cache Android SDK	2026-06-06T12:23:01.7768893Z /usr/bin/tar: ../../../../../usr/local/lib/android/sdk/platforms/android-37.0/data/res/values-mcc312-mnc670-ta: Cannot change mode to rwxr-xr-x: Operation not permitted
build	Cache Android SDK	2026-06-06T12:23:01.7772386Z /usr/bin/tar: ../../../../../usr/local/lib/android/sdk/platforms/android-37.0/data/res/values-it-masculine: Cannot utime: Operation not permitted
build	Cache Android SDK	2026-06-06T12:23:01.7772900Z /usr/bin/tar: ../../../../../usr/local/lib/android/sdk/platforms/android-37.0/data/res/values-it-masculine: Cannot change mode to rwxr-xr-x: Operation not permitted
build	Cache Android SDK	2026-06-06T12:23:01.7776539Z /usr/bin/tar: ../../../../../usr/local/lib/android/sdk/platforms/android-37.0/data/res/values-mcc312-mnc670-tr: Cannot utime: Operation not permitted
build	Cache Android SDK	2026-06-06T12:23:01.7777055Z /usr/bin/tar: ../../../../../usr/local/lib/android/sdk/platforms/android-37.0/data/res/values-mcc312-mnc670-tr: Cannot change mode to rwxr-xr-x: Operation not permitted
build	Cache Android SDK	2026-06-06T12:23:01.7780711Z /usr/bin/tar: ../../../../../usr/local/lib/android/sdk/platforms/android-37.0/data/res/values-mcc310-mnc210-zh-rTW: Cannot utime: Operation not permitted
build	Cache Android SDK	2026-06-06T12:23:01.7781183Z /usr/bin/tar: ../../../../../usr/local/lib/android/sdk/platforms/android-37.0/data/res/values-mcc310-mnc210-zh-rTW: Cannot change mode to rwxr-xr-x: Operation not permitted
build	Cache Android SDK	2026-06-06T12:23:01.7785823Z /usr/bin/tar: ../../../../../usr/local/lib/android/sdk/platforms/android-37.0/data/res/raw-de: Cannot utime: Operation not permitted
build	Cache Android SDK	2026-06-06T12:23:01.7786226Z /usr/bin/tar: ../../../../../usr/local/lib/android/sdk/platforms/android-37.0/data/res/raw-de: Cannot change mode to rwxr-xr-x: Operation not permitted
build	Cache Android SDK	2026-06-06T12:23:01.7789751Z /usr/bin/tar: ../../../../../usr/local/lib/android/sdk/platforms/android-37.0/data/res/values-mcc312-mnc670-zh-rHK: Cannot utime: Operation not permitted
build	Cache Android SDK	2026-06-06T12:23:01.7790346Z /usr/bin/tar: ../../../../../usr/local/lib/android/sdk/platforms/android-37.0/data/res/values-mcc312-mnc670-zh-rHK: Cannot change mode to rwxr-xr-x: Operation not permitted
build	Cache Android SDK	2026-06-06T12:23:01.7794125Z /usr/bin/tar: ../../../../../usr/local/lib/android/sdk/platforms/android-37.0/data/res/values-mcc302-mnc370-ro: Cannot utime: Operation not permitted
build	Cache Android SDK	2026-06-06T12:23:01.7794578Z /usr/bin/tar: ../../../../../usr/local/lib/android/sdk/platforms/android-37.0/data/res/values-mcc302-mnc370-ro: Cannot change mode to rwxr-xr-x: Operation not permitted
build	Cache Android SDK	2026-06-06T12:23:01.7797708Z /usr/bin/tar: ../../../../../usr/local/lib/android/sdk/platforms/android-37.0/data/res/values-mcc310-mnc240-mn: Cannot utime: Operation not permitted
build	Cache Android SDK	2026-06-06T12:23:01.7798156Z /usr/bin/tar: ../../../../../usr/local/lib/android/sdk/platforms/android-37.0/data/res/values-mcc310-mnc240-mn: Cannot change mode to rwxr-xr-x: Operation not permitted
build	Cache Android SDK	2026-06-06T12:23:01.7800807Z /usr/bin/tar: ../../../../../usr/local/lib/android/sdk/platforms/android-37.0/data/res/values-mcc310-mnc240-bn: Cannot utime: Operation not permitted
build	Cache Android SDK	2026-06-06T12:23:01.7801261Z /usr/bin/tar: ../../../../../usr/local/lib/android/sdk/platforms/android-37.0/data/res/values-mcc310-mnc240-bn: Cannot change mode to rwxr-xr-x: Operation not permitted
build	Cache Android SDK	2026-06-06T12:23:01.7803568Z /usr/bin/tar: ../../../../../usr/local/lib/android/sdk/platforms/android-37.0/data/res/values-mcc310-mnc560-be: Cannot utime: Operation not permitted
build	Cache Android SDK	2026-06-06T12:23:01.7804119Z /usr/bin/tar: ../../../../../usr/local/lib/android/sdk/platforms/android-37.0/data/res/values-mcc310-mnc560-be: Cannot change mode to rwxr-xr-x: Operation not permitted
build	Cache Android SDK	2026-06-06T12:23:01.7806881Z /usr/bin/tar: ../../../../../usr/local/lib/android/sdk/platforms/android-37.0/data/res/values-mcc313-mnc100-th: Cannot utime: Operation not permitted
build	Cache Android SDK	2026-06-06T12:23:01.7807335Z /usr/bin/tar: ../../../../../usr/local/lib/android/sdk/platforms/android-37.0/data/res/values-mcc313-mnc100-th: Cannot change mode to rwxr-xr-x: Operation not permitted
build	Cache Android SDK	2026-06-06T12:23:01.7810029Z /usr/bin/tar: ../../../../../usr/local/lib/android/sdk/platforms/android-37.0/data/res/values-mcc310-mnc220-el: Cannot utime: Operation not permitted
build	Cache Android SDK	2026-06-06T12:23:01.7810479Z /usr/bin/tar: ../../../../../usr/local/lib/android/sdk/platforms/android-37.0/data/res/values-mcc310-mnc220-el: Cannot change mode to rwxr-xr-x: Operation not permitted
build	Cache Android SDK	2026-06-06T12:23:01.7813328Z /usr/bin/tar: ../../../../../usr/local/lib/android/sdk/platforms/android-37.0/data/res/values-mcc311-mnc180-si: Cannot utime: Operation not permitted
build	Cache Android SDK	2026-06-06T12:23:01.7813776Z /usr/bin/tar: ../../../../../usr/local/lib/android/sdk/platforms/android-37.0/data/res/values-mcc311-mnc180-si: Cannot change mode to rwxr-xr-x: Operation not permitted
build	Cache Android SDK	2026-06-06T12:23:01.7816451Z /usr/bin/tar: ../../../../../usr/local/lib/android/sdk/platforms/android-37.0/data/res/values-mcc310-mnc250-uk: Cannot utime: Operation not permitted
build	Cache Android SDK	2026-06-06T12:23:01.7816971Z /usr/bin/tar: ../../../../../usr/local/lib/android/sdk/platforms/android-37.0/data/res/values-mcc310-mnc250-uk: Cannot change mode to rwxr-xr-x: Operation not permitted
build	Cache Android SDK	2026-06-06T12:23:01.7819620Z /usr/bin/tar: ../../../../../usr/local/lib/android/sdk/platforms/android-37.0/data/res/values-mcc313-mnc100-en-rCA: Cannot utime: Operation not permitted
build	Cache Android SDK	2026-06-06T12:23:01.7820093Z /usr/bin/tar: ../../../../../usr/local/lib/android/sdk/platforms/android-37.0/data/res/values-mcc313-mnc100-en-rCA: Cannot change mode to rwxr-xr-x: Operation not permitted
build	Cache Android SDK	2026-06-06T12:23:01.7822963Z /usr/bin/tar: ../../../../../usr/local/lib/android/sdk/platforms/android-37.0/data/res/raw-ar: Cannot utime: Operation not permitted
build	Cache Android SDK	2026-06-06T12:23:01.7823365Z /usr/bin/tar: ../../../../../usr/local/lib/android/sdk/platforms/android-37.0/data/res/raw-ar: Cannot change mode to rwxr-xr-x: Operation not permitted
build	Cache Android SDK	2026-06-06T12:23:01.7826378Z /usr/bin/tar: ../../../../../usr/local/lib/android/sdk/platforms/android-37.0/data/res/values-mcc310-mnc660-ro: Cannot utime: Operation not permitted
build	Cache Android SDK	2026-06-06T12:23:01.7826834Z /usr/bin/tar: ../../../../../usr/local/lib/android/sdk/platforms/android-37.0/data/res/values-mcc310-mnc660-ro: Cannot change mode to rwxr-xr-x: Operation not permitted
build	Cache Android SDK	2026-06-06T12:23:01.7829711Z /usr/bin/tar: ../../../../../usr/local/lib/android/sdk/platforms/android-37.0/data/res/values-mcc312-mnc670-az: Cannot utime: Operation not permitted
build	Cache Android SDK	2026-06-06T12:23:01.7830285Z /usr/bin/tar: ../../../../../usr/local/lib/android/sdk/platforms/android-37.0/data/res/values-mcc312-mnc670-az: Cannot change mode to rwxr-xr-x: Operation not permitted
build	Cache Android SDK	2026-06-06T12:23:01.7832671Z /usr/bin/tar: ../../../../../usr/local/lib/android/sdk/platforms/android-37.0/data/res/values-mcc310-mnc250-in: Cannot utime: Operation not permitted
build	Cache Android SDK	2026-06-06T12:23:01.7833121Z /usr/bin/tar: ../../../../../usr/local/lib/android/sdk/platforms/android-37.0/data/res/values-mcc310-mnc250-in: Cannot change mode to rwxr-xr-x: Operation not permitted
build	Cache Android SDK	2026-06-06T12:23:01.7835794Z /usr/bin/tar: ../../../../../usr/local/lib/android/sdk/platforms/android-37.0/data/res/values-mcc313-mnc100-iw: Cannot utime: Operation not permitted
build	Cache Android SDK	2026-06-06T12:23:01.7836244Z /usr/bin/tar: ../../../../../usr/local/lib/android/sdk/platforms/android-37.0/data/res/values-mcc313-mnc100-iw: Cannot change mode to rwxr-xr-x: Operation not permitted
build	Cache Android SDK	2026-06-06T12:23:01.7838970Z /usr/bin/tar: ../../../../../usr/local/lib/android/sdk/platforms/android-37.0/data/res/values-w170dp-notround-watch: Cannot utime: Operation not permitted
build	Cache Android SDK	2026-06-06T12:23:01.7839565Z /usr/bin/tar: ../../../../../usr/local/lib/android/sdk/platforms/android-37.0/data/res/values-w170dp-notround-watch: Cannot change mode to rwxr-xr-x: Operation not permitted
build	Cache Android SDK	2026-06-06T12:23:01.7846717Z /usr/bin/tar: ../../../../../usr/local/lib/android/sdk/platforms/android-37.0/data/res/values-pa: Cannot utime: Operation not permitted
build	Cache Android SDK	2026-06-06T12:23:01.7847143Z /usr/bin/tar: ../../../../../usr/local/lib/android/sdk/platforms/android-37.0/data/res/values-pa: Cannot change mode to rwxr-xr-x: Operation not permitted
build	Cache Android SDK	2026-06-06T12:23:01.7849752Z /usr/bin/tar: ../../../../../usr/local/lib/android/sdk/platforms/android-37.0/data/res/values-mcc310-mnc240-sl: Cannot utime: Operation not permitted
build	Cache Android SDK	2026-06-06T12:23:01.7850295Z /usr/bin/tar: ../../../../../usr/local/lib/android/sdk/platforms/android-37.0/data/res/values-mcc310-mnc240-sl: Cannot change mode to rwxr-xr-x: Operation not permitted
build	Cache Android SDK	2026-06-06T12:23:01.7852752Z /usr/bin/tar: ../../../../../usr/local/lib/android/sdk/platforms/android-37.0/data/res/values-mcc310-mnc490-ky: Cannot utime: Operation not permitted
build	Cache Android SDK	2026-06-06T12:23:01.7853201Z /usr/bin/tar: ../../../../../usr/local/lib/android/sdk/platforms/android-37.0/data/res/values-mcc310-mnc490-ky: Cannot change mode to rwxr-xr-x: Operation not permitted
build	Cache Android SDK	2026-06-06T12:23:01.7856215Z /usr/bin/tar: ../../../../../usr/local/lib/android/sdk/platforms/android-37.0/data/res/values-mcc310-mnc170-pt-rPT: Cannot utime: Operation not permitted
build	Cache Android SDK	2026-06-06T12:23:01.7856861Z /usr/bin/tar: ../../../../../usr/local/lib/android/sdk/platforms/android-37.0/data/res/values-mcc310-mnc170-pt-rPT: Cannot change mode to rwxr-xr-x: Operation not permitted
build	Cache Android SDK	2026-06-06T12:23:01.7858900Z /usr/bin/tar: ../../../../../usr/local/lib/android/sdk/platforms/android-37.0/data/res/values-mcc310-mnc560-bg: Cannot utime: Operation not permitted
build	Cache Android SDK	2026-06-06T12:23:01.7859356Z /usr/bin/tar: ../../../../../usr/local/lib/android/sdk/platforms/android-37.0/data/res/values-mcc310-mnc560-bg: Cannot change mode to rwxr-xr-x: Operation not permitted
build	Cache Android SDK	2026-06-06T12:23:01.7863394Z /usr/bin/tar: ../../../../../usr/local/lib/android/sdk/platforms/android-37.0/data/res/values-mcc310-mnc150-en-rCA: Cannot utime: Operation not permitted
build	Cache Android SDK	2026-06-06T12:23:01.7863861Z /usr/bin/tar: ../../../../../usr/local/lib/android/sdk/platforms/android-37.0/data/res/values-mcc310-mnc150-en-rCA: Cannot change mode to rwxr-xr-x: Operation not permitted
build	Cache Android SDK	2026-06-06T12:23:01.7866499Z /usr/bin/tar: ../../../../../usr/local/lib/android/sdk/platforms/android-37.0/data/res/values-mcc310-mnc800-es: Cannot utime: Operation not permitted
build	Cache Android SDK	2026-06-06T12:23:01.7866946Z /usr/bin/tar: ../../../../../usr/local/lib/android/sdk/platforms/android-37.0/data/res/values-mcc310-mnc800-es: Cannot change mode to rwxr-xr-x: Operation not permitted
build	Cache Android SDK	2026-06-06T12:23:01.7870067Z /usr/bin/tar: ../../../../../usr/local/lib/android/sdk/platforms/android-37.0/data/res/values-mcc001-mnc01-cs: Cannot utime: Operation not permitted
build	Cache Android SDK	2026-06-06T12:23:01.7870536Z /usr/bin/tar: ../../../../../usr/local/lib/android/sdk/platforms/android-37.0/data/res/values-mcc001-mnc01-cs: Cannot change mode to rwxr-xr-x: Operation not permitted
build	Cache Android SDK	2026-06-06T12:23:01.7872997Z /usr/bin/tar: ../../../../../usr/local/lib/android/sdk/platforms/android-37.0/data/res/values-mcc311-mnc180-tr: Cannot utime: Operation not permitted
build	Cache Android SDK	2026-06-06T12:23:01.7873442Z /usr/bin/tar: ../../../../../usr/local/lib/android/sdk/platforms/android-37.0/data/res/values-mcc311-mnc180-tr: Cannot change mode to rwxr-xr-x: Operation not permitted
build	Cache Android SDK	2026-06-06T12:23:01.7875964Z /usr/bin/tar: ../../../../../usr/local/lib/android/sdk/platforms/android-37.0/data/res/values-mcc310-mnc030-vi: Cannot utime: Operation not permitted
build	Cache Android SDK	2026-06-06T12:23:01.7876416Z /usr/bin/tar: ../../../../../usr/local/lib/android/sdk/platforms/android-37.0/data/res/values-mcc310-mnc030-vi: Cannot change mode to rwxr-xr-x: Operation not permitted
build	Cache Android SDK	2026-06-06T12:23:01.7879418Z /usr/bin/tar: ../../../../../usr/local/lib/android/sdk/platforms/android-37.0/data/res/values-mcc310-mnc280-sw: Cannot utime: Operation not permitted
build	Cache Android SDK	2026-06-06T12:23:01.7879879Z /usr/bin/tar: ../../../../../usr/local/lib/android/sdk/platforms/android-37.0/data/res/values-mcc310-mnc280-sw: Cannot change mode to rwxr-xr-x: Operation not permitted
build	Cache Android SDK	2026-06-06T12:23:01.7882647Z /usr/bin/tar: ../../../../../usr/local/lib/android/sdk/platforms/android-37.0/data/res/values-mcc302-mnc720-hr: Cannot utime: Operation not permitted
build	Cache Android SDK	2026-06-06T12:23:01.7883091Z /usr/bin/tar: ../../../../../usr/local/lib/android/sdk/platforms/android-37.0/data/res/values-mcc302-mnc720-hr: Cannot change mode to rwxr-xr-x: Operation not permitted
build	Cache Android SDK	2026-06-06T12:23:01.7885687Z /usr/bin/tar: ../../../../../usr/local/lib/android/sdk/platforms/android-37.0/data/res/values-mcc310-mnc170-fi: Cannot utime: Operation not permitted
build	Cache Android SDK	2026-06-06T12:23:01.7886138Z /usr/bin/tar: ../../../../../usr/local/lib/android/sdk/platforms/android-37.0/data/res/values-mcc310-mnc170-fi: Cannot change mode to rwxr-xr-x: Operation not permitted
build	Cache Android SDK	2026-06-06T12:23:01.7889131Z /usr/bin/tar: ../../../../../usr/local/lib/android/sdk/platforms/android-37.0/data/res/values-mcc312-mnc670-es-rUS: Cannot utime: Operation not permitted
build	Cache Android SDK	2026-06-06T12:23:01.7889678Z /usr/bin/tar: ../../../../../usr/local/lib/android/sdk/platforms/android-37.0/data/res/values-mcc312-mnc670-es-rUS: Cannot change mode to rwxr-xr-x: Operation not permitted
build	Cache Android SDK	2026-06-06T12:23:01.7892007Z /usr/bin/tar: ../../../../../usr/local/lib/android/sdk/platforms/android-37.0/data/res/values-w198dp: Cannot utime: Operation not permitted
build	Cache Android SDK	2026-06-06T12:23:01.7892487Z /usr/bin/tar: ../../../../../usr/local/lib/android/sdk/platforms/android-37.0/data/res/values-w198dp: Cannot change mode to rwxr-xr-x: Operation not permitted
build	Cache Android SDK	2026-06-06T12:23:01.7895462Z /usr/bin/tar: ../../../../../usr/local/lib/android/sdk/platforms/android-37.0/data/res/values-mcc310-mnc280-ne: Cannot utime: Operation not permitted
build	Cache Android SDK	2026-06-06T12:23:01.7895913Z /usr/bin/tar: ../../../../../usr/local/lib/android/sdk/platforms/android-37.0/data/res/values-mcc310-mnc280-ne: Cannot change mode to rwxr-xr-x: Operation not permitted
build	Cache Android SDK	2026-06-06T12:23:01.7898478Z /usr/bin/tar: ../../../../../usr/local/lib/android/sdk/platforms/android-37.0/data/res/values-bs-watch: Cannot utime: Operation not permitted
build	Cache Android SDK	2026-06-06T12:23:01.7898918Z /usr/bin/tar: ../../../../../usr/local/lib/android/sdk/platforms/android-37.0/data/res/values-bs-watch: Cannot change mode to rwxr-xr-x: Operation not permitted
build	Cache Android SDK	2026-06-06T12:23:01.7902397Z /usr/bin/tar: ../../../../../usr/local/lib/android/sdk/platforms/android-37.0/data/res/values-mcc310-mnc160-ca: Cannot utime: Operation not permitted
build	Cache Android SDK	2026-06-06T12:23:01.7902847Z /usr/bin/tar: ../../../../../usr/local/lib/android/sdk/platforms/android-37.0/data/res/values-mcc310-mnc160-ca: Cannot change mode to rwxr-xr-x: Operation not permitted
build	Cache Android SDK	2026-06-06T12:23:01.7905744Z /usr/bin/tar: ../../../../../usr/local/lib/android/sdk/platforms/android-37.0/data/res/values-mcc310-mnc150-hu: Cannot utime: Operation not permitted
build	Cache Android SDK	2026-06-06T12:23:01.7906195Z /usr/bin/tar: ../../../../../usr/local/lib/android/sdk/platforms/android-37.0/data/res/values-mcc310-mnc150-hu: Cannot change mode to rwxr-xr-x: Operation not permitted
build	Cache Android SDK	2026-06-06T12:23:01.7913886Z /usr/bin/tar: ../../../../../usr/local/lib/android/sdk/platforms/android-37.0/data/res/transition: Cannot utime: Operation not permitted
build	Cache Android SDK	2026-06-06T12:23:01.7914409Z /usr/bin/tar: ../../../../../usr/local/lib/android/sdk/platforms/android-37.0/data/res/transition: Cannot change mode to rwxr-xr-x: Operation not permitted
build	Cache Android SDK	2026-06-06T12:23:01.7920002Z /usr/bin/tar: ../../../../../usr/local/lib/android/sdk/platforms/android-37.0/data/res/values-mcc310-mnc230-ko: Cannot utime: Operation not permitted
build	Cache Android SDK	2026-06-06T12:23:01.7920454Z /usr/bin/tar: ../../../../../usr/local/lib/android/sdk/platforms/android-37.0/data/res/values-mcc310-mnc230-ko: Cannot change mode to rwxr-xr-x: Operation not permitted
build	Cache Android SDK	2026-06-06T12:23:01.7923268Z /usr/bin/tar: ../../../../../usr/local/lib/android/sdk/platforms/android-37.0/data/res/values-mcc310-mnc270-am: Cannot utime: Operation not permitted
build	Cache Android SDK	2026-06-06T12:23:01.7923718Z /usr/bin/tar: ../../../../../usr/local/lib/android/sdk/platforms/android-37.0/data/res/values-mcc310-mnc270-am: Cannot change mode to rwxr-xr-x: Operation not permitted
build	Cache Android SDK	2026-06-06T12:23:01.7927151Z /usr/bin/tar: ../../../../../usr/local/lib/android/sdk/platforms/android-37.0/data/res/values-mcc312-mnc670-uk: Cannot utime: Operation not permitted
build	Cache Android SDK	2026-06-06T12:23:01.7927856Z /usr/bin/tar: ../../../../../usr/local/lib/android/sdk/platforms/android-37.0/data/res/values-mcc312-mnc670-uk: Cannot change mode to rwxr-xr-x: Operation not permitted
build	Cache Android SDK	2026-06-06T12:23:01.7930347Z /usr/bin/tar: ../../../../../usr/local/lib/android/sdk/platforms/android-37.0/data/res/values-mcc310-mnc210-zh-rCN: Cannot utime: Operation not permitted
build	Cache Android SDK	2026-06-06T12:23:01.7930803Z /usr/bin/tar: ../../../../../usr/local/lib/android/sdk/platforms/android-37.0/data/res/values-mcc310-mnc210-zh-rCN: Cannot change mode to rwxr-xr-x: Operation not permitted
build	Cache Android SDK	2026-06-06T12:23:01.7933225Z /usr/bin/tar: ../../../../../usr/local/lib/android/sdk/platforms/android-37.0/data/res/values-mcc302-mnc660: Cannot utime: Operation not permitted
build	Cache Android SDK	2026-06-06T12:23:01.7933671Z /usr/bin/tar: ../../../../../usr/local/lib/android/sdk/platforms/android-37.0/data/res/values-mcc302-mnc660: Cannot change mode to rwxr-xr-x: Operation not permitted
build	Cache Android SDK	2026-06-06T12:23:01.7936479Z /usr/bin/tar: ../../../../../usr/local/lib/android/sdk/platforms/android-37.0/data/res/values-mcc310-mnc950-gl: Cannot utime: Operation not permitted
build	Cache Android SDK	2026-06-06T12:23:01.7937000Z /usr/bin/tar: ../../../../../usr/local/lib/android/sdk/platforms/android-37.0/data/res/values-mcc310-mnc950-gl: Cannot change mode to rwxr-xr-x: Operation not permitted
build	Cache Android SDK	2026-06-06T12:23:01.7939727Z /usr/bin/tar: ../../../../../usr/local/lib/android/sdk/platforms/android-37.0/data/res/values-mcc302-mnc720-is: Cannot utime: Operation not permitted
build	Cache Android SDK	2026-06-06T12:23:01.7940173Z /usr/bin/tar: ../../../../../usr/local/lib/android/sdk/platforms/android-37.0/data/res/values-mcc302-mnc720-is: Cannot change mode to rwxr-xr-x: Operation not permitted
build	Cache Android SDK	2026-06-06T12:23:01.7943146Z /usr/bin/tar: ../../../../../usr/local/lib/android/sdk/platforms/android-37.0/data/res/values-mcc310-mnc240-ms: Cannot utime: Operation not permitted
build	Cache Android SDK	2026-06-06T12:23:01.7943669Z /usr/bin/tar: ../../../../../usr/local/lib/android/sdk/platforms/android-37.0/data/res/values-mcc310-mnc240-ms: Cannot change mode to rwxr-xr-x: Operation not permitted
build	Cache Android SDK	2026-06-06T12:23:01.7950880Z /usr/bin/tar: ../../../../../usr/local/lib/android/sdk/platforms/android-37.0/data/res/values-sk: Cannot utime: Operation not permitted
build	Cache Android SDK	2026-06-06T12:23:01.7951312Z /usr/bin/tar: ../../../../../usr/local/lib/android/sdk/platforms/android-37.0/data/res/values-sk: Cannot change mode to rwxr-xr-x: Operation not permitted
build	Cache Android SDK	2026-06-06T12:23:01.7953577Z /usr/bin/tar: ../../../../../usr/local/lib/android/sdk/platforms/android-37.0/data/res/values-mcc310-mnc160-eu: Cannot utime: Operation not permitted
build	Cache Android SDK	2026-06-06T12:23:01.7954034Z /usr/bin/tar: ../../../../../usr/local/lib/android/sdk/platforms/android-37.0/data/res/values-mcc310-mnc160-eu: Cannot change mode to rwxr-xr-x: Operation not permitted
build	Cache Android SDK	2026-06-06T12:23:01.7956598Z /usr/bin/tar: ../../../../../usr/local/lib/android/sdk/platforms/android-37.0/data/res/values-mcc310-mnc660-es-rUS: Cannot utime: Operation not permitted
build	Cache Android SDK	2026-06-06T12:23:01.7957073Z /usr/bin/tar: ../../../../../usr/local/lib/android/sdk/platforms/android-37.0/data/res/values-mcc310-mnc660-es-rUS: Cannot change mode to rwxr-xr-x: Operation not permitted
build	Cache Android SDK	2026-06-06T12:23:01.7960143Z /usr/bin/tar: ../../../../../usr/local/lib/android/sdk/platforms/android-37.0/data/res/values-mcc310-mnc210-az: Cannot utime: Operation not permitted
build	Cache Android SDK	2026-06-06T12:23:01.7960595Z /usr/bin/tar: ../../../../../usr/local/lib/android/sdk/platforms/android-37.0/data/res/values-mcc310-mnc210-az: Cannot change mode to rwxr-xr-x: Operation not permitted
build	Cache Android SDK	2026-06-06T12:23:01.7963298Z /usr/bin/tar: ../../../../../usr/local/lib/android/sdk/platforms/android-37.0/data/res/values-mcc312-mnc670-el: Cannot utime: Operation not permitted
build	Cache Android SDK	2026-06-06T12:23:01.7963745Z /usr/bin/tar: ../../../../../usr/local/lib/android/sdk/platforms/android-37.0/data/res/values-mcc312-mnc670-el: Cannot change mode to rwxr-xr-x: Operation not permitted
build	Cache Android SDK	2026-06-06T12:23:01.7966656Z /usr/bin/tar: ../../../../../usr/local/lib/android/sdk/platforms/android-37.0/data/res/values-mcc310-mnc310-en-rIN: Cannot utime: Operation not permitted
build	Cache Android SDK	2026-06-06T12:23:01.7967127Z /usr/bin/tar: ../../../../../usr/local/lib/android/sdk/platforms/android-37.0/data/res/values-mcc310-mnc310-en-rIN: Cannot change mode to rwxr-xr-x: Operation not permitted
build	Cache Android SDK	2026-06-06T12:23:01.7970013Z /usr/bin/tar: ../../../../../usr/local/lib/android/sdk/platforms/android-37.0/data/res/values-mcc310-mnc380-am: Cannot utime: Operation not permitted
build	Cache Android SDK	2026-06-06T12:23:01.7970465Z /usr/bin/tar: ../../../../../usr/local/lib/android/sdk/platforms/android-37.0/data/res/values-mcc310-mnc380-am: Cannot change mode to rwxr-xr-x: Operation not permitted
build	Cache Android SDK	2026-06-06T12:23:01.7973067Z /usr/bin/tar: ../../../../../usr/local/lib/android/sdk/platforms/android-37.0/data/res/values-mcc310-mnc280-fr-rCA: Cannot utime: Operation not permitted
build	Cache Android SDK	2026-06-06T12:23:01.7973537Z /usr/bin/tar: ../../../../../usr/local/lib/android/sdk/platforms/android-37.0/data/res/values-mcc310-mnc280-fr-rCA: Cannot change mode to rwxr-xr-x: Operation not permitted
build	Cache Android SDK	2026-06-06T12:23:01.7976252Z /usr/bin/tar: ../../../../../usr/local/lib/android/sdk/platforms/android-37.0/data/res/values-mcc311-mnc180-es-rUS: Cannot utime: Operation not permitted
build	Cache Android SDK	2026-06-06T12:23:01.7976780Z /usr/bin/tar: ../../../../../usr/local/lib/android/sdk/platforms/android-37.0/data/res/values-mcc311-mnc180-es-rUS: Cannot change mode to rwxr-xr-x: Operation not permitted
build	Cache Android SDK	2026-06-06T12:23:01.7979926Z /usr/bin/tar: ../../../../../usr/local/lib/android/sdk/platforms/android-37.0/data/res/raw-rm: Cannot utime: Operation not permitted
build	Cache Android SDK	2026-06-06T12:23:01.7980561Z /usr/bin/tar: ../../../../../usr/local/lib/android/sdk/platforms/android-37.0/data/res/raw-rm: Cannot change mode to rwxr-xr-x: Operation not permitted
build	Cache Android SDK	2026-06-06T12:23:01.7982696Z /usr/bin/tar: ../../../../../usr/local/lib/android/sdk/platforms/android-37.0/data/res/values-mcc310-mnc310-bs: Cannot utime: Operation not permitted
build	Cache Android SDK	2026-06-06T12:23:01.7983147Z /usr/bin/tar: ../../../../../usr/local/lib/android/sdk/platforms/android-37.0/data/res/values-mcc310-mnc310-bs: Cannot change mode to rwxr-xr-x: Operation not permitted
build	Cache Android SDK	2026-06-06T12:23:01.7985883Z /usr/bin/tar: ../../../../../usr/local/lib/android/sdk/platforms/android-37.0/data/res/values-lt-watch: Cannot utime: Operation not permitted
build	Cache Android SDK	2026-06-06T12:23:01.7986313Z /usr/bin/tar: ../../../../../usr/local/lib/android/sdk/platforms/android-37.0/data/res/values-lt-watch: Cannot change mode to rwxr-xr-x: Operation not permitted
build	Cache Android SDK	2026-06-06T12:23:01.7989308Z /usr/bin/tar: ../../../../../usr/local/lib/android/sdk/platforms/android-37.0/data/res/values-mcc302-mnc720-de: Cannot utime: Operation not permitted
build	Cache Android SDK	2026-06-06T12:23:01.7989762Z /usr/bin/tar: ../../../../../usr/local/lib/android/sdk/platforms/android-37.0/data/res/values-mcc302-mnc720-de: Cannot change mode to rwxr-xr-x: Operation not permitted
build	Cache Android SDK	2026-06-06T12:23:01.7992605Z /usr/bin/tar: ../../../../../usr/local/lib/android/sdk/platforms/android-37.0/data/res/values-mcc310-mnc660-vi: Cannot utime: Operation not permitted
build	Cache Android SDK	2026-06-06T12:23:01.7993135Z /usr/bin/tar: ../../../../../usr/local/lib/android/sdk/platforms/android-37.0/data/res/values-mcc310-mnc660-vi: Cannot change mode to rwxr-xr-x: Operation not permitted
build	Cache Android SDK	2026-06-06T12:23:01.7996121Z /usr/bin/tar: ../../../../../usr/local/lib/android/sdk/platforms/android-37.0/data/res/values-mcc310-mnc950-lt: Cannot utime: Operation not permitted
build	Cache Android SDK	2026-06-06T12:23:01.7996565Z /usr/bin/tar: ../../../../../usr/local/lib/android/sdk/platforms/android-37.0/data/res/values-mcc310-mnc950-lt: Cannot change mode to rwxr-xr-x: Operation not permitted
build	Cache Android SDK	2026-06-06T12:23:01.7999461Z /usr/bin/tar: ../../../../../usr/local/lib/android/sdk/platforms/android-37.0/data/res/values-mcc310-mnc280-sr: Cannot utime: Operation not permitted
build	Cache Android SDK	2026-06-06T12:23:01.7999918Z /usr/bin/tar: ../../../../../usr/local/lib/android/sdk/platforms/android-37.0/data/res/values-mcc310-mnc280-sr: Cannot change mode to rwxr-xr-x: Operation not permitted
build	Cache Android SDK	2026-06-06T12:23:01.8003234Z /usr/bin/tar: ../../../../../usr/local/lib/android/sdk/platforms/android-37.0/data/res/mipmap-xxxhdpi: Cannot utime: Operation not permitted
build	Cache Android SDK	2026-06-06T12:23:01.8003681Z /usr/bin/tar: ../../../../../usr/local/lib/android/sdk/platforms/android-37.0/data/res/mipmap-xxxhdpi: Cannot change mode to rwxr-xr-x: Operation not permitted
build	Cache Android SDK	2026-06-06T12:23:01.8006367Z /usr/bin/tar: ../../../../../usr/local/lib/android/sdk/platforms/android-37.0/data/res/values-notround-watch: Cannot utime: Operation not permitted
build	Cache Android SDK	2026-06-06T12:23:01.8006814Z /usr/bin/tar: ../../../../../usr/local/lib/android/sdk/platforms/android-37.0/data/res/values-notround-watch: Cannot change mode to rwxr-xr-x: Operation not permitted
build	Cache Android SDK	2026-06-06T12:23:01.8009464Z /usr/bin/tar: ../../../../../usr/local/lib/android/sdk/platforms/android-37.0/data/res/values-mcc310-mnc660-bn: Cannot utime: Operation not permitted
build	Cache Android SDK	2026-06-06T12:23:01.8009921Z /usr/bin/tar: ../../../../../usr/local/lib/android/sdk/platforms/android-37.0/data/res/values-mcc310-mnc660-bn: Cannot change mode to rwxr-xr-x: Operation not permitted
build	Cache Android SDK	2026-06-06T12:23:01.8013147Z /usr/bin/tar: ../../../../../usr/local/lib/android/sdk/platforms/android-37.0/data/res/values-mcc313-mnc100-as: Cannot utime: Operation not permitted
build	Cache Android SDK	2026-06-06T12:23:01.8013809Z /usr/bin/tar: ../../../../../usr/local/lib/android/sdk/platforms/android-37.0/data/res/values-mcc313-mnc100-as: Cannot change mode to rwxr-xr-x: Operation not permitted
build	Cache Android SDK	2026-06-06T12:23:01.8016320Z /usr/bin/tar: ../../../../../usr/local/lib/android/sdk/platforms/android-37.0/data/res/values-mcc310-mnc170-pt-rBR: Cannot utime: Operation not permitted
build	Cache Android SDK	2026-06-06T12:23:01.8016798Z /usr/bin/tar: ../../../../../usr/local/lib/android/sdk/platforms/android-37.0/data/res/values-mcc310-mnc170-pt-rBR: Cannot change mode to rwxr-xr-x: Operation not permitted
build	Cache Android SDK	2026-06-06T12:23:01.8019200Z /usr/bin/tar: ../../../../../usr/local/lib/android/sdk/platforms/android-37.0/data/res/values-mcc310-mnc200-nb: Cannot utime: Operation not permitted
build	Cache Android SDK	2026-06-06T12:23:01.8019651Z /usr/bin/tar: ../../../../../usr/local/lib/android/sdk/platforms/android-37.0/data/res/values-mcc310-mnc200-nb: Cannot change mode to rwxr-xr-x: Operation not permitted
build	Cache Android SDK	2026-06-06T12:23:01.8022497Z /usr/bin/tar: ../../../../../usr/local/lib/android/sdk/platforms/android-37.0/data/res/values-mcc313-mnc100-nl: Cannot utime: Operation not permitted
build	Cache Android SDK	2026-06-06T12:23:01.8022956Z /usr/bin/tar: ../../../../../usr/local/lib/android/sdk/platforms/android-37.0/data/res/values-mcc313-mnc100-nl: Cannot change mode to rwxr-xr-x: Operation not permitted
build	Cache Android SDK	2026-06-06T12:23:01.8025559Z /usr/bin/tar: ../../../../../usr/local/lib/android/sdk/platforms/android-37.0/data/res/values-mcc310-mnc380-ka: Cannot utime: Operation not permitted
build	Cache Android SDK	2026-06-06T12:23:01.8026015Z /usr/bin/tar: ../../../../../usr/local/lib/android/sdk/platforms/android-37.0/data/res/values-mcc310-mnc380-ka: Cannot change mode to rwxr-xr-x: Operation not permitted
build	Cache Android SDK	2026-06-06T12:23:01.8029093Z /usr/bin/tar: ../../../../../usr/local/lib/android/sdk/platforms/android-37.0/data/res/values-mcc310-mnc240-nl: Cannot utime: Operation not permitted
build	Cache Android SDK	2026-06-06T12:23:01.8029571Z /usr/bin/tar: ../../../../../usr/local/lib/android/sdk/platforms/android-37.0/data/res/values-mcc310-mnc240-nl: Cannot change mode to rwxr-xr-x: Operation not permitted
build	Cache Android SDK	2026-06-06T12:23:01.8031973Z /usr/bin/tar: ../../../../../usr/local/lib/android/sdk/platforms/android-37.0/data/res/values-mcc001-mnc01-uk: Cannot utime: Operation not permitted
build	Cache Android SDK	2026-06-06T12:23:01.8032434Z /usr/bin/tar: ../../../../../usr/local/lib/android/sdk/platforms/android-37.0/data/res/values-mcc001-mnc01-uk: Cannot change mode to rwxr-xr-x: Operation not permitted
build	Cache Android SDK	2026-06-06T12:23:01.8035081Z /usr/bin/tar: ../../../../../usr/local/lib/android/sdk/platforms/android-37.0/data/res/values-bg-television: Cannot utime: Operation not permitted
build	Cache Android SDK	2026-06-06T12:23:01.8035541Z /usr/bin/tar: ../../../../../usr/local/lib/android/sdk/platforms/android-37.0/data/res/values-bg-television: Cannot change mode to rwxr-xr-x: Operation not permitted
build	Cache Android SDK	2026-06-06T12:23:01.8041395Z /usr/bin/tar: ../../../../../usr/local/lib/android/sdk/platforms/android-37.0/data/res/values-mcc310-mnc800-ur: Cannot utime: Operation not permitted
build	Cache Android SDK	2026-06-06T12:23:01.8041956Z /usr/bin/tar: ../../../../../usr/local/lib/android/sdk/platforms/android-37.0/data/res/values-mcc310-mnc800-ur: Cannot change mode to rwxr-xr-x: Operation not permitted
build	Cache Android SDK	2026-06-06T12:23:01.8045863Z /usr/bin/tar: ../../../../../usr/local/lib/android/sdk/platforms/android-37.0/data/res/values-mcc310-mnc410-hy: Cannot utime: Operation not permitted
build	Cache Android SDK	2026-06-06T12:23:01.8046493Z /usr/bin/tar: ../../../../../usr/local/lib/android/sdk/platforms/android-37.0/data/res/values-mcc310-mnc410-hy: Cannot change mode to rwxr-xr-x: Operation not permitted
build	Cache Android SDK	2026-06-06T12:23:01.8049554Z /usr/bin/tar: ../../../../../usr/local/lib/android/sdk/platforms/android-37.0/data/res/values-w213dp: Cannot utime: Operation not permitted
build	Cache Android SDK	2026-06-06T12:23:01.8050001Z /usr/bin/tar: ../../../../../usr/local/lib/android/sdk/platforms/android-37.0/data/res/values-w213dp: Cannot change mode to rwxr-xr-x: Operation not permitted
build	Cache Android SDK	2026-06-06T12:23:01.8053296Z /usr/bin/tar: ../../../../../usr/local/lib/android/sdk/platforms/android-37.0/data/res/values-mcc310-mnc410-es-rUS: Cannot utime: Operation not permitted
build	Cache Android SDK	2026-06-06T12:23:01.8053800Z /usr/bin/tar: ../../../../../usr/local/lib/android/sdk/platforms/android-37.0/data/res/values-mcc310-mnc410-es-rUS: Cannot change mode to rwxr-xr-x: Operation not permitted
build	Cache Android SDK	2026-06-06T12:23:01.8056247Z /usr/bin/tar: ../../../../../usr/local/lib/android/sdk/platforms/android-37.0/data/res/values-mcc310-mnc660-tl: Cannot utime: Operation not permitted
build	Cache Android SDK	2026-06-06T12:23:01.8056728Z /usr/bin/tar: ../../../../../usr/local/lib/android/sdk/platforms/android-37.0/data/res/values-mcc310-mnc660-tl: Cannot change mode to rwxr-xr-x: Operation not permitted
build	Cache Android SDK	2026-06-06T12:23:01.8059868Z /usr/bin/tar: ../../../../../usr/local/lib/android/sdk/platforms/android-37.0/data/res/values-mcc310-mnc280-bn: Cannot utime: Operation not permitted
build	Cache Android SDK	2026-06-06T12:23:01.8060337Z /usr/bin/tar: ../../../../../usr/local/lib/android/sdk/platforms/android-37.0/data/res/values-mcc310-mnc280-bn: Cannot change mode to rwxr-xr-x: Operation not permitted
build	Cache Android SDK	2026-06-06T12:23:01.8063832Z /usr/bin/tar: ../../../../../usr/local/lib/android/sdk/platforms/android-37.0/data/res/values-mcc313-mnc100-b+sr+Latn: Cannot utime: Operation not permitted
build	Cache Android SDK	2026-06-06T12:23:01.8064320Z /usr/bin/tar: ../../../../../usr/local/lib/android/sdk/platforms/android-37.0/data/res/values-mcc313-mnc100-b+sr+Latn: Cannot change mode to rwxr-xr-x: Operation not permitted
build	Cache Android SDK	2026-06-06T12:23:01.8066738Z /usr/bin/tar: ../../../../../usr/local/lib/android/sdk/platforms/android-37.0/data/res/values-mcc466-mnc01: Cannot utime: Operation not permitted
build	Cache Android SDK	2026-06-06T12:23:01.8067199Z /usr/bin/tar: ../../../../../usr/local/lib/android/sdk/platforms/android-37.0/data/res/values-mcc466-mnc01: Cannot change mode to rwxr-xr-x: Operation not permitted
build	Cache Android SDK	2026-06-06T12:23:01.8070498Z /usr/bin/tar: ../../../../../usr/local/lib/android/sdk/platforms/android-37.0/data/res/raw-th: Cannot utime: Operation not permitted
build	Cache Android SDK	2026-06-06T12:23:01.8070927Z /usr/bin/tar: ../../../../../usr/local/lib/android/sdk/platforms/android-37.0/data/res/raw-th: Cannot change mode to rwxr-xr-x: Operation not permitted
build	Cache Android SDK	2026-06-06T12:23:01.8073581Z /usr/bin/tar: ../../../../../usr/local/lib/android/sdk/platforms/android-37.0/data/res/values-mcc302-mnc720-in: Cannot utime: Operation not permitted
build	Cache Android SDK	2026-06-06T12:23:01.8074045Z /usr/bin/tar: ../../../../../usr/local/lib/android/sdk/platforms/android-37.0/data/res/values-mcc302-mnc720-in: Cannot change mode to rwxr-xr-x: Operation not permitted
build	Cache Android SDK	2026-06-06T12:23:01.8076482Z /usr/bin/tar: ../../../../../usr/local/lib/android/sdk/platforms/android-37.0/data/res/values-mcc310-mnc210-gl: Cannot utime: Operation not permitted
build	Cache Android SDK	2026-06-06T12:23:01.8076947Z /usr/bin/tar: ../../../../../usr/local/lib/android/sdk/platforms/android-37.0/data/res/values-mcc310-mnc210-gl: Cannot change mode to rwxr-xr-x: Operation not permitted
build	Cache Android SDK	2026-06-06T12:23:01.8079399Z /usr/bin/tar: ../../../../../usr/local/lib/android/sdk/platforms/android-37.0/data/res/values-fr-rCH: Cannot utime: Operation not permitted
build	Cache Android SDK	2026-06-06T12:23:01.8079929Z /usr/bin/tar: ../../../../../usr/local/lib/android/sdk/platforms/android-37.0/data/res/values-fr-rCH: Cannot change mode to rwxr-xr-x: Operation not permitted
build	Cache Android SDK	2026-06-06T12:23:01.8082237Z /usr/bin/tar: ../../../../../usr/local/lib/android/sdk/platforms/android-37.0/data/res/values-hr-television: Cannot utime: Operation not permitted
build	Cache Android SDK	2026-06-06T12:23:01.8082715Z /usr/bin/tar: ../../../../../usr/local/lib/android/sdk/platforms/android-37.0/data/res/values-hr-television: Cannot change mode to rwxr-xr-x: Operation not permitted
build	Cache Android SDK	2026-06-06T12:23:01.8085400Z /usr/bin/tar: ../../../../../usr/local/lib/android/sdk/platforms/android-37.0/data/res/values-mcc313-mnc100-fr: Cannot utime: Operation not permitted
build	Cache Android SDK	2026-06-06T12:23:01.8085866Z /usr/bin/tar: ../../../../../usr/local/lib/android/sdk/platforms/android-37.0/data/res/values-mcc313-mnc100-fr: Cannot change mode to rwxr-xr-x: Operation not permitted
build	Cache Android SDK	2026-06-06T12:23:01.8088588Z /usr/bin/tar: ../../../../../usr/local/lib/android/sdk/platforms/android-37.0/data/res/values-km-television: Cannot utime: Operation not permitted
build	Cache Android SDK	2026-06-06T12:23:01.8089062Z /usr/bin/tar: ../../../../../usr/local/lib/android/sdk/platforms/android-37.0/data/res/values-km-television: Cannot change mode to rwxr-xr-x: Operation not permitted
build	Cache Android SDK	2026-06-06T12:23:01.8091901Z /usr/bin/tar: ../../../../../usr/local/lib/android/sdk/platforms/android-37.0/data/res/values-mcc310-mnc410-ar: Cannot utime: Operation not permitted
build	Cache Android SDK	2026-06-06T12:23:01.8092376Z /usr/bin/tar: ../../../../../usr/local/lib/android/sdk/platforms/android-37.0/data/res/values-mcc310-mnc410-ar: Cannot change mode to rwxr-xr-x: Operation not permitted
build	Cache Android SDK	2026-06-06T12:23:01.8094805Z /usr/bin/tar: ../../../../../usr/local/lib/android/sdk/platforms/android-37.0/data/res/values-mcc310-mnc660-fr: Cannot utime: Operation not permitted
build	Cache Android SDK	2026-06-06T12:23:01.8095268Z /usr/bin/tar: ../../../../../usr/local/lib/android/sdk/platforms/android-37.0/data/res/values-mcc310-mnc660-fr: Cannot change mode to rwxr-xr-x: Operation not permitted
build	Cache Android SDK	2026-06-06T12:23:01.8098871Z /usr/bin/tar: ../../../../../usr/local/lib/android/sdk/platforms/android-37.0/data/res/values-mcc310-mnc160-es-rUS: Cannot utime: Operation not permitted
build	Cache Android SDK	2026-06-06T12:23:01.8099360Z /usr/bin/tar: ../../../../../usr/local/lib/android/sdk/platforms/android-37.0/data/res/values-mcc310-mnc160-es-rUS: Cannot change mode to rwxr-xr-x: Operation not permitted
build	Cache Android SDK	2026-06-06T12:23:01.8101811Z /usr/bin/tar: ../../../../../usr/local/lib/android/sdk/platforms/android-37.0/data/res/values-mcc310-mnc200: Cannot utime: Operation not permitted
build	Cache Android SDK	2026-06-06T12:23:01.8102276Z /usr/bin/tar: ../../../../../usr/local/lib/android/sdk/platforms/android-37.0/data/res/values-mcc310-mnc200: Cannot change mode to rwxr-xr-x: Operation not permitted
build	Cache Android SDK	2026-06-06T12:23:01.8105360Z /usr/bin/tar: ../../../../../usr/local/lib/android/sdk/platforms/android-37.0/data/res/values-mcc310-mnc270-tl: Cannot utime: Operation not permitted
build	Cache Android SDK	2026-06-06T12:23:01.8105820Z /usr/bin/tar: ../../../../../usr/local/lib/android/sdk/platforms/android-37.0/data/res/values-mcc310-mnc270-tl: Cannot change mode to rwxr-xr-x: Operation not permitted
build	Cache Android SDK	2026-06-06T12:23:01.8109002Z /usr/bin/tar: ../../../../../usr/local/lib/android/sdk/platforms/android-37.0/data/res/values-mcc310-mnc950-sk: Cannot utime: Operation not permitted
build	Cache Android SDK	2026-06-06T12:23:01.8109459Z /usr/bin/tar: ../../../../../usr/local/lib/android/sdk/platforms/android-37.0/data/res/values-mcc310-mnc950-sk: Cannot change mode to rwxr-xr-x: Operation not permitted
build	Cache Android SDK	2026-06-06T12:23:01.8112298Z /usr/bin/tar: ../../../../../usr/local/lib/android/sdk/platforms/android-37.0/data/res/values-mcc310-mnc240-ky: Cannot utime: Operation not permitted
build	Cache Android SDK	2026-06-06T12:23:01.8112761Z /usr/bin/tar: ../../../../../usr/local/lib/android/sdk/platforms/android-37.0/data/res/values-mcc310-mnc240-ky: Cannot change mode to rwxr-xr-x: Operation not permitted
build	Cache Android SDK	2026-06-06T12:23:01.8115610Z /usr/bin/tar: ../../../../../usr/local/lib/android/sdk/platforms/android-37.0/data/res/values-mcc310-mnc310-ky: Cannot utime: Operation not permitted
build	Cache Android SDK	2026-06-06T12:23:01.8116132Z /usr/bin/tar: ../../../../../usr/local/lib/android/sdk/platforms/android-37.0/data/res/values-mcc310-mnc310-ky: Cannot change mode to rwxr-xr-x: Operation not permitted
build	Cache Android SDK	2026-06-06T12:23:01.8118719Z /usr/bin/tar: ../../../../../usr/local/lib/android/sdk/platforms/android-37.0/data/res/values-mcc310-mnc250-hu: Cannot utime: Operation not permitted
build	Cache Android SDK	2026-06-06T12:23:01.8119254Z /usr/bin/tar: ../../../../../usr/local/lib/android/sdk/platforms/android-37.0/data/res/values-mcc310-mnc250-hu: Cannot change mode to rwxr-xr-x: Operation not permitted
build	Cache Android SDK	2026-06-06T12:23:01.8122329Z /usr/bin/tar: ../../../../../usr/local/lib/android/sdk/platforms/android-37.0/data/res/values-mcc311-mnc490: Cannot utime: Operation not permitted
build	Cache Android SDK	2026-06-06T12:23:01.8122782Z /usr/bin/tar: ../../../../../usr/local/lib/android/sdk/platforms/android-37.0/data/res/values-mcc311-mnc490: Cannot change mode to rwxr-xr-x: Operation not permitted
build	Cache Android SDK	2026-06-06T12:23:01.8125590Z /usr/bin/tar: ../../../../../usr/local/lib/android/sdk/platforms/android-37.0/data/res/values-mcc310-mnc220-zu: Cannot utime: Operation not permitted
build	Cache Android SDK	2026-06-06T12:23:01.8126046Z /usr/bin/tar: ../../../../../usr/local/lib/android/sdk/platforms/android-37.0/data/res/values-mcc310-mnc220-zu: Cannot change mode to rwxr-xr-x: Operation not permitted
build	Cache Android SDK	2026-06-06T12:23:01.8128978Z /usr/bin/tar: ../../../../../usr/local/lib/android/sdk/platforms/android-37.0/data/res/values-mcc310-mnc150-gl: Cannot utime: Operation not permitted
build	Cache Android SDK	2026-06-06T12:23:01.8129449Z /usr/bin/tar: ../../../../../usr/local/lib/android/sdk/platforms/android-37.0/data/res/values-mcc310-mnc150-gl: Cannot change mode to rwxr-xr-x: Operation not permitted
build	Cache Android SDK	2026-06-06T12:23:01.8131918Z /usr/bin/tar: ../../../../../usr/local/lib/android/sdk/platforms/android-37.0/data/res/values-mcc302-mnc220: Cannot utime: Operation not permitted
build	Cache Android SDK	2026-06-06T12:23:01.8132369Z /usr/bin/tar: ../../../../../usr/local/lib/android/sdk/platforms/android-37.0/data/res/values-mcc302-mnc220: Cannot change mode to rwxr-xr-x: Operation not permitted
build	Cache Android SDK	2026-06-06T12:23:01.8135299Z /usr/bin/tar: ../../../../../usr/local/lib/android/sdk/platforms/android-37.0/data/res/values-mcc310-mnc560-sv: Cannot utime: Operation not permitted
build	Cache Android SDK	2026-06-06T12:23:01.8135826Z /usr/bin/tar: ../../../../../usr/local/lib/android/sdk/platforms/android-37.0/data/res/values-mcc310-mnc560-sv: Cannot change mode to rwxr-xr-x: Operation not permitted
build	Cache Android SDK	2026-06-06T12:23:01.8138873Z /usr/bin/tar: ../../../../../usr/local/lib/android/sdk/platforms/android-37.0/data/res/values-mcc310-mnc560-hy: Cannot utime: Operation not permitted
build	Cache Android SDK	2026-06-06T12:23:01.8139323Z /usr/bin/tar: ../../../../../usr/local/lib/android/sdk/platforms/android-37.0/data/res/values-mcc310-mnc560-hy: Cannot change mode to rwxr-xr-x: Operation not permitted
build	Cache Android SDK	2026-06-06T12:23:01.8142184Z /usr/bin/tar: ../../../../../usr/local/lib/android/sdk/platforms/android-37.0/data/res/values-mcc310-mnc170-en-rGB: Cannot utime: Operation not permitted
build	Cache Android SDK	2026-06-06T12:23:01.8142655Z /usr/bin/tar: ../../../../../usr/local/lib/android/sdk/platforms/android-37.0/data/res/values-mcc310-mnc170-en-rGB: Cannot change mode to rwxr-xr-x: Operation not permitted
build	Cache Android SDK	2026-06-06T12:23:01.8181078Z /usr/bin/tar: ../../../../../usr/local/lib/android/sdk/platforms/android-37.0/data/res/drawable-sw720dp-nodpi: Cannot utime: Operation not permitted
build	Cache Android SDK	2026-06-06T12:23:01.8181636Z /usr/bin/tar: ../../../../../usr/local/lib/android/sdk/platforms/android-37.0/data/res/drawable-sw720dp-nodpi: Cannot change mode to rwxr-xr-x: Operation not permitted
build	Cache Android SDK	2026-06-06T12:23:01.8185431Z /usr/bin/tar: ../../../../../usr/local/lib/android/sdk/platforms/android-37.0/data/res/values-mcc310-mnc410-ru: Cannot utime: Operation not permitted
build	Cache Android SDK	2026-06-06T12:23:01.8185955Z /usr/bin/tar: ../../../../../usr/local/lib/android/sdk/platforms/android-37.0/data/res/values-mcc310-mnc410-ru: Cannot change mode to rwxr-xr-x: Operation not permitted
build	Cache Android SDK	2026-06-06T12:23:01.8188815Z /usr/bin/tar: ../../../../../usr/local/lib/android/sdk/platforms/android-37.0/data/res/drawable-w192dp: Cannot utime: Operation not permitted
build	Cache Android SDK	2026-06-06T12:23:01.8189396Z /usr/bin/tar: ../../../../../usr/local/lib/android/sdk/platforms/android-37.0/data/res/drawable-w192dp: Cannot change mode to rwxr-xr-x: Operation not permitted
build	Cache Android SDK	2026-06-06T12:23:01.8193365Z /usr/bin/tar: ../../../../../usr/local/lib/android/sdk/platforms/android-37.0/data/res/values-mcc310-mnc380-ko: Cannot utime: Operation not permitted
build	Cache Android SDK	2026-06-06T12:23:01.8193926Z /usr/bin/tar: ../../../../../usr/local/lib/android/sdk/platforms/android-37.0/data/res/values-mcc310-mnc380-ko: Cannot change mode to rwxr-xr-x: Operation not permitted
build	Cache Android SDK	2026-06-06T12:23:01.8196453Z /usr/bin/tar: ../../../../../usr/local/lib/android/sdk/platforms/android-37.0/data/res/values-mcc302-mnc720-fr: Cannot utime: Operation not permitted
build	Cache Android SDK	2026-06-06T12:23:01.8196907Z /usr/bin/tar: ../../../../../usr/local/lib/android/sdk/platforms/android-37.0/data/res/values-mcc302-mnc720-fr: Cannot change mode to rwxr-xr-x: Operation not permitted
build	Cache Android SDK	2026-06-06T12:23:01.8210936Z /usr/bin/tar: ../../../../../usr/local/lib/android/sdk/platforms/android-37.0/data/res/drawable-land-hdpi: Cannot utime: Operation not permitted
build	Cache Android SDK	2026-06-06T12:23:01.8211462Z /usr/bin/tar: ../../../../../usr/local/lib/android/sdk/platforms/android-37.0/data/res/drawable-land-hdpi: Cannot change mode to rwxr-xr-x: Operation not permitted
build	Cache Android SDK	2026-06-06T12:23:01.8213453Z /usr/bin/tar: ../../../../../usr/local/lib/android/sdk/platforms/android-37.0/data/res/values-mcc310-mnc660-it: Cannot utime: Operation not permitted
build	Cache Android SDK	2026-06-06T12:23:01.8213941Z /usr/bin/tar: ../../../../../usr/local/lib/android/sdk/platforms/android-37.0/data/res/values-mcc310-mnc660-it: Cannot change mode to rwxr-xr-x: Operation not permitted
build	Cache Android SDK	2026-06-06T12:23:01.8216497Z /usr/bin/tar: ../../../../../usr/local/lib/android/sdk/platforms/android-37.0/data/res/values-mcc310-mnc250-ru: Cannot utime: Operation not permitted
build	Cache Android SDK	2026-06-06T12:23:01.8216970Z /usr/bin/tar: ../../../../../usr/local/lib/android/sdk/platforms/android-37.0/data/res/values-mcc310-mnc250-ru: Cannot change mode to rwxr-xr-x: Operation not permitted
build	Cache Android SDK	2026-06-06T12:23:01.8220592Z /usr/bin/tar: ../../../../../usr/local/lib/android/sdk/platforms/android-37.0/data/res/values-et-television: Cannot utime: Operation not permitted
build	Cache Android SDK	2026-06-06T12:23:01.8221066Z /usr/bin/tar: ../../../../../usr/local/lib/android/sdk/platforms/android-37.0/data/res/values-et-television: Cannot change mode to rwxr-xr-x: Operation not permitted
build	Cache Android SDK	2026-06-06T12:23:01.8231788Z /usr/bin/tar: ../../../../../usr/local/lib/android/sdk/platforms/android-37.0/data/res/values-mcc310-mnc280-si: Cannot utime: Operation not permitted
build	Cache Android SDK	2026-06-06T12:23:01.8232359Z /usr/bin/tar: ../../../../../usr/local/lib/android/sdk/platforms/android-37.0/data/res/values-mcc310-mnc280-si: Cannot change mode to rwxr-xr-x: Operation not permitted
build	Cache Android SDK	2026-06-06T12:23:01.8235735Z /usr/bin/tar: ../../../../../usr/local/lib/android/sdk/platforms/android-37.0/data/res/values-mcc311-mnc180-nl: Cannot utime: Operation not permitted
build	Cache Android SDK	2026-06-06T12:23:01.8236249Z /usr/bin/tar: ../../../../../usr/local/lib/android/sdk/platforms/android-37.0/data/res/values-mcc311-mnc180-nl: Cannot change mode to rwxr-xr-x: Operation not permitted
build	Cache Android SDK	2026-06-06T12:23:01.8245930Z /usr/bin/tar: ../../../../../usr/local/lib/android/sdk/platforms/android-37.0/data/res/drawable-sw600dp-hdpi: Cannot utime: Operation not permitted
build	Cache Android SDK	2026-06-06T12:23:01.8246739Z /usr/bin/tar: ../../../../../usr/local/lib/android/sdk/platforms/android-37.0/data/res/drawable-sw600dp-hdpi: Cannot change mode to rwxr-xr-x: Operation not permitted
build	Cache Android SDK	2026-06-06T12:23:01.8248511Z /usr/bin/tar: ../../../../../usr/local/lib/android/sdk/platforms/android-37.0/data/res/values-mcc302-mnc370-sr: Cannot utime: Operation not permitted
build	Cache Android SDK	2026-06-06T12:23:01.8248981Z /usr/bin/tar: ../../../../../usr/local/lib/android/sdk/platforms/android-37.0/data/res/values-mcc302-mnc370-sr: Cannot change mode to rwxr-xr-x: Operation not permitted
build	Cache Android SDK	2026-06-06T12:23:01.8253041Z /usr/bin/tar: ../../../../../usr/local/lib/android/sdk/platforms/android-37.0/data/res/values-mcc310-mnc310-is: Cannot utime: Operation not permitted
build	Cache Android SDK	2026-06-06T12:23:01.8253607Z /usr/bin/tar: ../../../../../usr/local/lib/android/sdk/platforms/android-37.0/data/res/values-mcc310-mnc310-is: Cannot change mode to rwxr-xr-x: Operation not permitted
build	Cache Android SDK	2026-06-06T12:23:01.8255912Z /usr/bin/tar: ../../../../../usr/local/lib/android/sdk/platforms/android-37.0/data/res/values-mcc310-mnc240-es-rUS: Cannot utime: Operation not permitted
build	Cache Android SDK	2026-06-06T12:23:01.8256479Z /usr/bin/tar: ../../../../../usr/local/lib/android/sdk/platforms/android-37.0/data/res/values-mcc310-mnc240-es-rUS: Cannot change mode to rwxr-xr-x: Operation not permitted
build	Cache Android SDK	2026-06-06T12:23:01.8259114Z /usr/bin/tar: ../../../../../usr/local/lib/android/sdk/platforms/android-37.0/data/res/values-mcc310-mnc170-gl: Cannot utime: Operation not permitted
build	Cache Android SDK	2026-06-06T12:23:01.8259637Z /usr/bin/tar: ../../../../../usr/local/lib/android/sdk/platforms/android-37.0/data/res/values-mcc310-mnc170-gl: Cannot change mode to rwxr-xr-x: Operation not permitted
build	Cache Android SDK	2026-06-06T12:23:01.8267146Z /usr/bin/tar: ../../../../../usr/local/lib/android/sdk/platforms/android-37.0/data/res/values-mcc310-mnc270-uk: Cannot utime: Operation not permitted
build	Cache Android SDK	2026-06-06T12:23:01.8267984Z /usr/bin/tar: ../../../../../usr/local/lib/android/sdk/platforms/android-37.0/data/res/values-mcc310-mnc270-uk: Cannot change mode to rwxr-xr-x: Operation not permitted
build	Cache Android SDK	2026-06-06T12:23:01.8270826Z /usr/bin/tar: ../../../../../usr/local/lib/android/sdk/platforms/android-37.0/data/res/values-mcc310-mnc800-fi: Cannot utime: Operation not permitted
build	Cache Android SDK	2026-06-06T12:23:01.8271323Z /usr/bin/tar: ../../../../../usr/local/lib/android/sdk/platforms/android-37.0/data/res/values-mcc310-mnc800-fi: Cannot change mode to rwxr-xr-x: Operation not permitted
build	Cache Android SDK	2026-06-06T12:23:01.8273845Z /usr/bin/tar: ../../../../../usr/local/lib/android/sdk/platforms/android-37.0/data/res/values-mcc450: Cannot utime: Operation not permitted
build	Cache Android SDK	2026-06-06T12:23:01.8274330Z /usr/bin/tar: ../../../../../usr/local/lib/android/sdk/platforms/android-37.0/data/res/values-mcc450: Cannot change mode to rwxr-xr-x: Operation not permitted
build	Cache Android SDK	2026-06-06T12:23:01.8276764Z /usr/bin/tar: ../../../../../usr/local/lib/android/sdk/platforms/android-37.0/data/res/values-or-television: Cannot utime: Operation not permitted
build	Cache Android SDK	2026-06-06T12:23:01.8277286Z /usr/bin/tar: ../../../../../usr/local/lib/android/sdk/platforms/android-37.0/data/res/values-or-television: Cannot change mode to rwxr-xr-x: Operation not permitted
build	Cache Android SDK	2026-06-06T12:23:01.8279515Z /usr/bin/tar: ../../../../../usr/local/lib/android/sdk/platforms/android-37.0/data/res/values-es-rES: Cannot utime: Operation not permitted
build	Cache Android SDK	2026-06-06T12:23:01.8279951Z /usr/bin/tar: ../../../../../usr/local/lib/android/sdk/platforms/android-37.0/data/res/values-es-rES: Cannot change mode to rwxr-xr-x: Operation not permitted
build	Cache Android SDK	2026-06-06T12:23:01.8282982Z /usr/bin/tar: ../../../../../usr/local/lib/android/sdk/platforms/android-37.0/data/res/values-mcc302-mnc370-nl: Cannot utime: Operation not permitted
build	Cache Android SDK	2026-06-06T12:23:01.8283456Z /usr/bin/tar: ../../../../../usr/local/lib/android/sdk/platforms/android-37.0/data/res/values-mcc302-mnc370-nl: Cannot change mode to rwxr-xr-x: Operation not permitted
build	Cache Android SDK	2026-06-06T12:23:01.8285934Z /usr/bin/tar: ../../../../../usr/local/lib/android/sdk/platforms/android-37.0/data/res/values-mcc310-mnc950-fr-rCA: Cannot utime: Operation not permitted
build	Cache Android SDK	2026-06-06T12:23:01.8286491Z /usr/bin/tar: ../../../../../usr/local/lib/android/sdk/platforms/android-37.0/data/res/values-mcc310-mnc950-fr-rCA: Cannot change mode to rwxr-xr-x: Operation not permitted
build	Cache Android SDK	2026-06-06T12:23:01.8289201Z /usr/bin/tar: ../../../../../usr/local/lib/android/sdk/platforms/android-37.0/data/res/values-mcc310-mnc210-ca: Cannot utime: Operation not permitted
build	Cache Android SDK	2026-06-06T12:23:01.8289666Z /usr/bin/tar: ../../../../../usr/local/lib/android/sdk/platforms/android-37.0/data/res/values-mcc310-mnc210-ca: Cannot change mode to rwxr-xr-x: Operation not permitted
build	Cache Android SDK	2026-06-06T12:23:01.8292069Z /usr/bin/tar: ../../../../../usr/local/lib/android/sdk/platforms/android-37.0/data/res/values-mcc310-mnc490-el: Cannot utime: Operation not permitted
build	Cache Android SDK	2026-06-06T12:23:01.8292612Z /usr/bin/tar: ../../../../../usr/local/lib/android/sdk/platforms/android-37.0/data/res/values-mcc310-mnc490-el: Cannot change mode to rwxr-xr-x: Operation not permitted
build	Cache Android SDK	2026-06-06T12:23:01.8295257Z /usr/bin/tar: ../../../../../usr/local/lib/android/sdk/platforms/android-37.0/data/res/values-mcc311-mnc180-uk: Cannot utime: Operation not permitted
build	Cache Android SDK	2026-06-06T12:23:01.8295791Z /usr/bin/tar: ../../../../../usr/local/lib/android/sdk/platforms/android-37.0/data/res/values-mcc311-mnc180-uk: Cannot change mode to rwxr-xr-x: Operation not permitted
build	Cache Android SDK	2026-06-06T12:23:01.8298011Z /usr/bin/tar: ../../../../../usr/local/lib/android/sdk/platforms/android-37.0/data/res/values-ms-watch: Cannot utime: Operation not permitted
build	Cache Android SDK	2026-06-06T12:23:01.8298469Z /usr/bin/tar: ../../../../../usr/local/lib/android/sdk/platforms/android-37.0/data/res/values-ms-watch: Cannot change mode to rwxr-xr-x: Operation not permitted
build	Cache Android SDK	2026-06-06T12:23:01.8313981Z /usr/bin/tar: ../../../../../usr/local/lib/android/sdk/platforms/android-37.0/data/res/values-mcc310-mnc220-mr: Cannot utime: Operation not permitted
build	Cache Android SDK	2026-06-06T12:23:01.8314505Z /usr/bin/tar: ../../../../../usr/local/lib/android/sdk/platforms/android-37.0/data/res/values-mcc310-mnc220-mr: Cannot change mode to rwxr-xr-x: Operation not permitted
build	Cache Android SDK	2026-06-06T12:23:01.8319973Z /usr/bin/tar: ../../../../../usr/local/lib/android/sdk/platforms/android-37.0/data/res/values-mcc310-mnc660-kn: Cannot utime: Operation not permitted
build	Cache Android SDK	2026-06-06T12:23:01.8320426Z /usr/bin/tar: ../../../../../usr/local/lib/android/sdk/platforms/android-37.0/data/res/values-mcc310-mnc660-kn: Cannot change mode to rwxr-xr-x: Operation not permitted
build	Cache Android SDK	2026-06-06T12:23:01.8323445Z /usr/bin/tar: ../../../../../usr/local/lib/android/sdk/platforms/android-37.0/data/res/values-mcc310-mnc210-b+sr+Latn: Cannot utime: Operation not permitted
build	Cache Android SDK	2026-06-06T12:23:01.8323957Z /usr/bin/tar: ../../../../../usr/local/lib/android/sdk/platforms/android-37.0/data/res/values-mcc310-mnc210-b+sr+Latn: Cannot change mode to rwxr-xr-x: Operation not permitted
build	Cache Android SDK	2026-06-06T12:23:01.8326439Z /usr/bin/tar: ../../../../../usr/local/lib/android/sdk/platforms/android-37.0/data/res/values-mcc310-mnc220-iw: Cannot utime: Operation not permitted
build	Cache Android SDK	2026-06-06T12:23:01.8326902Z /usr/bin/tar: ../../../../../usr/local/lib/android/sdk/platforms/android-37.0/data/res/values-mcc310-mnc220-iw: Cannot change mode to rwxr-xr-x: Operation not permitted
build	Cache Android SDK	2026-06-06T12:23:01.8329372Z /usr/bin/tar: ../../../../../usr/local/lib/android/sdk/platforms/android-37.0/data/res/values-mcc334-mnc020-uk: Cannot utime: Operation not permitted
build	Cache Android SDK	2026-06-06T12:23:01.8329840Z /usr/bin/tar: ../../../../../usr/local/lib/android/sdk/platforms/android-37.0/data/res/values-mcc334-mnc020-uk: Cannot change mode to rwxr-xr-x: Operation not permitted
build	Cache Android SDK	2026-06-06T12:23:01.8332877Z /usr/bin/tar: ../../../../../usr/local/lib/android/sdk/platforms/android-37.0/data/res/values-mcc313-mnc100-et: Cannot utime: Operation not permitted
build	Cache Android SDK	2026-06-06T12:23:01.8333365Z /usr/bin/tar: ../../../../../usr/local/lib/android/sdk/platforms/android-37.0/data/res/values-mcc313-mnc100-et: Cannot change mode to rwxr-xr-x: Operation not permitted
build	Cache Android SDK	2026-06-06T12:23:01.8335576Z /usr/bin/tar: ../../../../../usr/local/lib/android/sdk/platforms/android-37.0/data/res/values-nl-rBE: Cannot utime: Operation not permitted
build	Cache Android SDK	2026-06-06T12:23:01.8336097Z /usr/bin/tar: ../../../../../usr/local/lib/android/sdk/platforms/android-37.0/data/res/values-nl-rBE: Cannot change mode to rwxr-xr-x: Operation not permitted
build	Cache Android SDK	2026-06-06T12:23:01.8339182Z /usr/bin/tar: ../../../../../usr/local/lib/android/sdk/platforms/android-37.0/data/res/values-mcc310-mnc560-gu: Cannot utime: Operation not permitted
build	Cache Android SDK	2026-06-06T12:23:01.8339643Z /usr/bin/tar: ../../../../../usr/local/lib/android/sdk/platforms/android-37.0/data/res/values-mcc310-mnc560-gu: Cannot change mode to rwxr-xr-x: Operation not permitted
build	Cache Android SDK	2026-06-06T12:23:01.8341999Z /usr/bin/tar: ../../../../../usr/local/lib/android/sdk/platforms/android-37.0/data/res/values-mcc310-mnc800-lv: Cannot utime: Operation not permitted
build	Cache Android SDK	2026-06-06T12:23:01.8342539Z /usr/bin/tar: ../../../../../usr/local/lib/android/sdk/platforms/android-37.0/data/res/values-mcc310-mnc800-lv: Cannot change mode to rwxr-xr-x: Operation not permitted
build	Cache Android SDK	2026-06-06T12:23:01.8345687Z /usr/bin/tar: ../../../../../usr/local/lib/android/sdk/platforms/android-37.0/data/res/values-mcc302-mnc720-nb: Cannot utime: Operation not permitted
build	Cache Android SDK	2026-06-06T12:23:01.8346262Z /usr/bin/tar: ../../../../../usr/local/lib/android/sdk/platforms/android-37.0/data/res/values-mcc302-mnc720-nb: Cannot change mode to rwxr-xr-x: Operation not permitted
build	Cache Android SDK	2026-06-06T12:23:01.8351907Z /usr/bin/tar: ../../../../../usr/local/lib/android/sdk/platforms/android-37.0/data/res/values-mcc313-mnc100-ru: Cannot utime: Operation not permitted
build	Cache Android SDK	2026-06-06T12:23:01.8352376Z /usr/bin/tar: ../../../../../usr/local/lib/android/sdk/platforms/android-37.0/data/res/values-mcc313-mnc100-ru: Cannot change mode to rwxr-xr-x: Operation not permitted
build	Cache Android SDK	2026-06-06T12:23:01.8354545Z /usr/bin/tar: ../../../../../usr/local/lib/android/sdk/platforms/android-37.0/data/res/values-mcc310-mnc380-sk: Cannot utime: Operation not permitted
build	Cache Android SDK	2026-06-06T12:23:01.8355004Z /usr/bin/tar: ../../../../../usr/local/lib/android/sdk/platforms/android-37.0/data/res/values-mcc310-mnc380-sk: Cannot change mode to rwxr-xr-x: Operation not permitted
build	Cache Android SDK	2026-06-06T12:23:01.8359355Z /usr/bin/tar: ../../../../../usr/local/lib/android/sdk/platforms/android-37.0/data/res/xml-xlarge: Cannot utime: Operation not permitted
build	Cache Android SDK	2026-06-06T12:23:01.8359795Z /usr/bin/tar: ../../../../../usr/local/lib/android/sdk/platforms/android-37.0/data/res/xml-xlarge: Cannot change mode to rwxr-xr-x: Operation not permitted
build	Cache Android SDK	2026-06-06T12:23:01.8374369Z /usr/bin/tar: ../../../../../usr/local/lib/android/sdk/platforms/android-37.0/data/res/values-mcc310-mnc240-uk: Cannot utime: Operation not permitted
build	Cache Android SDK	2026-06-06T12:23:01.8374923Z /usr/bin/tar: ../../../../../usr/local/lib/android/sdk/platforms/android-37.0/data/res/values-mcc310-mnc240-uk: Cannot change mode to rwxr-xr-x: Operation not permitted
build	Cache Android SDK	2026-06-06T12:23:01.8377626Z /usr/bin/tar: ../../../../../usr/local/lib/android/sdk/platforms/android-37.0/data/res/values-sw372dp: Cannot utime: Operation not permitted
build	Cache Android SDK	2026-06-06T12:23:01.8378071Z /usr/bin/tar: ../../../../../usr/local/lib/android/sdk/platforms/android-37.0/data/res/values-sw372dp: Cannot change mode to rwxr-xr-x: Operation not permitted
build	Cache Android SDK	2026-06-06T12:23:01.8380334Z /usr/bin/tar: ../../../../../usr/local/lib/android/sdk/platforms/android-37.0/data/res/values-mcc310-mnc160-b+sr+Latn: Cannot utime: Operation not permitted
build	Cache Android SDK	2026-06-06T12:23:01.8380818Z /usr/bin/tar: ../../../../../usr/local/lib/android/sdk/platforms/android-37.0/data/res/values-mcc310-mnc160-b+sr+Latn: Cannot change mode to rwxr-xr-x: Operation not permitted
build	Cache Android SDK	2026-06-06T12:23:01.8383658Z /usr/bin/tar: ../../../../../usr/local/lib/android/sdk/platforms/android-37.0/data/res/values-mcc334-mnc020-az: Cannot utime: Operation not permitted
build	Cache Android SDK	2026-06-06T12:23:01.8384186Z /usr/bin/tar: ../../../../../usr/local/lib/android/sdk/platforms/android-37.0/data/res/values-mcc334-mnc020-az: Cannot change mode to rwxr-xr-x: Operation not permitted
build	Cache Android SDK	2026-06-06T12:23:01.8386692Z /usr/bin/tar: ../../../../../usr/local/lib/android/sdk/platforms/android-37.0/data/res/raw-ru: Cannot utime: Operation not permitted
build	Cache Android SDK	2026-06-06T12:23:01.8387188Z /usr/bin/tar: ../../../../../usr/local/lib/android/sdk/platforms/android-37.0/data/res/raw-ru: Cannot change mode to rwxr-xr-x: Operation not permitted
build	Cache Android SDK	2026-06-06T12:23:01.8389836Z /usr/bin/tar: ../../../../../usr/local/lib/android/sdk/platforms/android-37.0/data/res/values-mcc310-mnc280-en-rIN: Cannot utime: Operation not permitted
build	Cache Android SDK	2026-06-06T12:23:01.8390320Z /usr/bin/tar: ../../../../../usr/local/lib/android/sdk/platforms/android-37.0/data/res/values-mcc310-mnc280-en-rIN: Cannot change mode to rwxr-xr-x: Operation not permitted
build	Cache Android SDK	2026-06-06T12:23:01.8392648Z /usr/bin/tar: ../../../../../usr/local/lib/android/sdk/platforms/android-37.0/data/res/values-mcc310-mnc270-lv: Cannot utime: Operation not permitted
build	Cache Android SDK	2026-06-06T12:23:01.8393210Z /usr/bin/tar: ../../../../../usr/local/lib/android/sdk/platforms/android-37.0/data/res/values-mcc310-mnc270-lv: Cannot change mode to rwxr-xr-x: Operation not permitted
build	Cache Android SDK	2026-06-06T12:23:01.8396000Z /usr/bin/tar: ../../../../../usr/local/lib/android/sdk/platforms/android-37.0/data/res/values-mcc310-mnc380-hu: Cannot utime: Operation not permitted
build	Cache Android SDK	2026-06-06T12:23:01.8396546Z /usr/bin/tar: ../../../../../usr/local/lib/android/sdk/platforms/android-37.0/data/res/values-mcc310-mnc380-hu: Cannot change mode to rwxr-xr-x: Operation not permitted
build	Cache Android SDK	2026-06-06T12:23:01.8398832Z /usr/bin/tar: ../../../../../usr/local/lib/android/sdk/platforms/android-37.0/data/res/values-mcc310-mnc660-hr: Cannot utime: Operation not permitted
build	Cache Android SDK	2026-06-06T12:23:01.8399301Z /usr/bin/tar: ../../../../../usr/local/lib/android/sdk/platforms/android-37.0/data/res/values-mcc310-mnc660-hr: Cannot change mode to rwxr-xr-x: Operation not permitted
build	Cache Android SDK	2026-06-06T12:23:01.8401998Z /usr/bin/tar: ../../../../../usr/local/lib/android/sdk/platforms/android-37.0/data/res/values-mcc310-mnc200-da: Cannot utime: Operation not permitted
build	Cache Android SDK	2026-06-06T12:23:01.8402467Z /usr/bin/tar: ../../../../../usr/local/lib/android/sdk/platforms/android-37.0/data/res/values-mcc310-mnc200-da: Cannot change mode to rwxr-xr-x: Operation not permitted
build	Cache Android SDK	2026-06-06T12:23:01.8405030Z /usr/bin/tar: ../../../../../usr/local/lib/android/sdk/platforms/android-37.0/data/res/values-mcc310-mnc280-mk: Cannot utime: Operation not permitted
build	Cache Android SDK	2026-06-06T12:23:01.8405491Z /usr/bin/tar: ../../../../../usr/local/lib/android/sdk/platforms/android-37.0/data/res/values-mcc310-mnc280-mk: Cannot change mode to rwxr-xr-x: Operation not permitted
build	Cache Android SDK	2026-06-06T12:23:01.8408335Z /usr/bin/tar: ../../../../../usr/local/lib/android/sdk/platforms/android-37.0/data/res/values-az-watch: Cannot utime: Operation not permitted
build	Cache Android SDK	2026-06-06T12:23:01.8408793Z /usr/bin/tar: ../../../../../usr/local/lib/android/sdk/platforms/android-37.0/data/res/values-az-watch: Cannot change mode to rwxr-xr-x: Operation not permitted
build	Cache Android SDK	2026-06-06T12:23:01.8411535Z /usr/bin/tar: ../../../../../usr/local/lib/android/sdk/platforms/android-37.0/data/res/values-mcc310-mnc200-pt-rPT: Cannot utime: Operation not permitted
build	Cache Android SDK	2026-06-06T12:23:01.8412013Z /usr/bin/tar: ../../../../../usr/local/lib/android/sdk/platforms/android-37.0/data/res/values-mcc310-mnc200-pt-rPT: Cannot change mode to rwxr-xr-x: Operation not permitted
build	Cache Android SDK	2026-06-06T12:23:01.8414479Z /usr/bin/tar: ../../../../../usr/local/lib/android/sdk/platforms/android-37.0/data/res/values-mcc310-mnc800-uk: Cannot utime: Operation not permitted
build	Cache Android SDK	2026-06-06T12:23:01.8414945Z /usr/bin/tar: ../../../../../usr/local/lib/android/sdk/platforms/android-37.0/data/res/values-mcc310-mnc800-uk: Cannot change mode to rwxr-xr-x: Operation not permitted
build	Cache Android SDK	2026-06-06T12:23:01.8417570Z /usr/bin/tar: ../../../../../usr/local/lib/android/sdk/platforms/android-37.0/data/res/values-mcc310-mnc950-ur: Cannot utime: Operation not permitted
build	Cache Android SDK	2026-06-06T12:23:01.8418045Z /usr/bin/tar: ../../../../../usr/local/lib/android/sdk/platforms/android-37.0/data/res/values-mcc310-mnc950-ur: Cannot change mode to rwxr-xr-x: Operation not permitted
build	Cache Android SDK	2026-06-06T12:23:01.8425590Z /usr/bin/tar: ../../../../../usr/local/lib/android/sdk/platforms/android-37.0/data/res/values-bn: Cannot utime: Operation not permitted
build	Cache Android SDK	2026-06-06T12:23:01.8426124Z /usr/bin/tar: ../../../../../usr/local/lib/android/sdk/platforms/android-37.0/data/res/values-bn: Cannot change mode to rwxr-xr-x: Operation not permitted
build	Cache Android SDK	2026-06-06T12:23:01.8428632Z /usr/bin/tar: ../../../../../usr/local/lib/android/sdk/platforms/android-37.0/data/res/values-mcc302-mnc370: Cannot utime: Operation not permitted
build	Cache Android SDK	2026-06-06T12:23:01.8429441Z /usr/bin/tar: ../../../../../usr/local/lib/android/sdk/platforms/android-37.0/data/res/values-mcc302-mnc370: Cannot change mode to rwxr-xr-x: Operation not permitted
build	Cache Android SDK	2026-06-06T12:23:01.8431762Z /usr/bin/tar: ../../../../../usr/local/lib/android/sdk/platforms/android-37.0/data/res/values-mcc310-mnc560-sq: Cannot utime: Operation not permitted
build	Cache Android SDK	2026-06-06T12:23:01.8432299Z /usr/bin/tar: ../../../../../usr/local/lib/android/sdk/platforms/android-37.0/data/res/values-mcc310-mnc560-sq: Cannot change mode to rwxr-xr-x: Operation not permitted
build	Cache Android SDK	2026-06-06T12:23:01.8440626Z /usr/bin/tar: ../../../../../usr/local/lib/android/sdk/platforms/android-37.0/data/res/drawable-watch: Cannot utime: Operation not permitted
build	Cache Android SDK	2026-06-06T12:23:01.8441246Z /usr/bin/tar: ../../../../../usr/local/lib/android/sdk/platforms/android-37.0/data/res/drawable-watch: Cannot change mode to rwxr-xr-x: Operation not permitted
build	Cache Android SDK	2026-06-06T12:23:01.8444338Z /usr/bin/tar: ../../../../../usr/local/lib/android/sdk/platforms/android-37.0/data/res/values-mcc310-mnc150-as: Cannot utime: Operation not permitted
build	Cache Android SDK	2026-06-06T12:23:01.8445742Z /usr/bin/tar: ../../../../../usr/local/lib/android/sdk/platforms/android-37.0/data/res/values-mcc310-mnc150-as: Cannot change mode to rwxr-xr-x: Operation not permitted
build	Cache Android SDK	2026-06-06T12:23:01.8447618Z /usr/bin/tar: ../../../../../usr/local/lib/android/sdk/platforms/android-37.0/data/res/values-mcc310-mnc560-uk: Cannot utime: Operation not permitted
build	Cache Android SDK	2026-06-06T12:23:01.8448624Z /usr/bin/tar: ../../../../../usr/local/lib/android/sdk/platforms/android-37.0/data/res/values-mcc310-mnc560-uk: Cannot change mode to rwxr-xr-x: Operation not permitted
build	Cache Android SDK	2026-06-06T12:23:01.8450557Z /usr/bin/tar: ../../../../../usr/local/lib/android/sdk/platforms/android-37.0/data/res/values-mcc334-mnc020-hy: Cannot utime: Operation not permitted
build	Cache Android SDK	2026-06-06T12:23:01.8451600Z /usr/bin/tar: ../../../../../usr/local/lib/android/sdk/platforms/android-37.0/data/res/values-mcc334-mnc020-hy: Cannot change mode to rwxr-xr-x: Operation not permitted
build	Cache Android SDK	2026-06-06T12:23:01.8454127Z /usr/bin/tar: ../../../../../usr/local/lib/android/sdk/platforms/android-37.0/data/res/values-mcc310-mnc240-pa: Cannot utime: Operation not permitted
build	Cache Android SDK	2026-06-06T12:23:01.8455367Z /usr/bin/tar: ../../../../../usr/local/lib/android/sdk/platforms/android-37.0/data/res/values-mcc310-mnc240-pa: Cannot change mode to rwxr-xr-x: Operation not permitted
build	Cache Android SDK	2026-06-06T12:23:01.8457754Z /usr/bin/tar: ../../../../../usr/local/lib/android/sdk/platforms/android-37.0/data/res/values-mcc302-mnc370-ca: Cannot utime: Operation not permitted
build	Cache Android SDK	2026-06-06T12:23:01.8458722Z /usr/bin/tar: ../../../../../usr/local/lib/android/sdk/platforms/android-37.0/data/res/values-mcc302-mnc370-ca: Cannot change mode to rwxr-xr-x: Operation not permitted
build	Cache Android SDK	2026-06-06T12:23:01.8460805Z /usr/bin/tar: ../../../../../usr/local/lib/android/sdk/platforms/android-37.0/data/res/values-mcc310-mnc240-zh-rHK: Cannot utime: Operation not permitted
build	Cache Android SDK	2026-06-06T12:23:01.8461884Z /usr/bin/tar: ../../../../../usr/local/lib/android/sdk/platforms/android-37.0/data/res/values-mcc310-mnc240-zh-rHK: Cannot change mode to rwxr-xr-x: Operation not permitted
build	Cache Android SDK	2026-06-06T12:23:01.8464108Z /usr/bin/tar: ../../../../../usr/local/lib/android/sdk/platforms/android-37.0/data/res/values-mcc310-mnc950-lo: Cannot utime: Operation not permitted
build	Cache Android SDK	2026-06-06T12:23:01.8465164Z /usr/bin/tar: ../../../../../usr/local/lib/android/sdk/platforms/android-37.0/data/res/values-mcc310-mnc950-lo: Cannot change mode to rwxr-xr-x: Operation not permitted
build	Cache Android SDK	2026-06-06T12:23:01.8466918Z /usr/bin/tar: ../../../../../usr/local/lib/android/sdk/platforms/android-37.0/data/res/values-mcc310-mnc660-ta: Cannot utime: Operation not permitted
build	Cache Android SDK	2026-06-06T12:23:01.8468418Z /usr/bin/tar: ../../../../../usr/local/lib/android/sdk/platforms/android-37.0/data/res/values-mcc310-mnc660-ta: Cannot change mode to rwxr-xr-x: Operation not permitted
build	Cache Android SDK	2026-06-06T12:23:01.8470225Z /usr/bin/tar: ../../../../../usr/local/lib/android/sdk/platforms/android-37.0/data/res/values-mcc310-mnc270-ms: Cannot utime: Operation not permitted
build	Cache Android SDK	2026-06-06T12:23:01.8471160Z /usr/bin/tar: ../../../../../usr/local/lib/android/sdk/platforms/android-37.0/data/res/values-mcc310-mnc270-ms: Cannot change mode to rwxr-xr-x: Operation not permitted
build	Cache Android SDK	2026-06-06T12:23:01.8473122Z /usr/bin/tar: ../../../../../usr/local/lib/android/sdk/platforms/android-37.0/data/res/values-mcc310-mnc280-ca: Cannot utime: Operation not permitted
build	Cache Android SDK	2026-06-06T12:23:01.8474064Z /usr/bin/tar: ../../../../../usr/local/lib/android/sdk/platforms/android-37.0/data/res/values-mcc310-mnc280-ca: Cannot change mode to rwxr-xr-x: Operation not permitted
build	Cache Android SDK	2026-06-06T12:23:01.8476250Z /usr/bin/tar: ../../../../../usr/local/lib/android/sdk/platforms/android-37.0/data/res/values-mcc310-mnc280-az: Cannot utime: Operation not permitted
build	Cache Android SDK	2026-06-06T12:23:01.8477274Z /usr/bin/tar: ../../../../../usr/local/lib/android/sdk/platforms/android-37.0/data/res/values-mcc310-mnc280-az: Cannot change mode to rwxr-xr-x: Operation not permitted
build	Cache Android SDK	2026-06-06T12:23:01.8480075Z /usr/bin/tar: ../../../../../usr/local/lib/android/sdk/platforms/android-37.0/data/res/values-mcc310-mnc240-tr: Cannot utime: Operation not permitted
build	Cache Android SDK	2026-06-06T12:23:01.8481087Z /usr/bin/tar: ../../../../../usr/local/lib/android/sdk/platforms/android-37.0/data/res/values-mcc310-mnc240-tr: Cannot change mode to rwxr-xr-x: Operation not permitted
build	Cache Android SDK	2026-06-06T12:23:01.8483438Z /usr/bin/tar: ../../../../../usr/local/lib/android/sdk/platforms/android-37.0/data/res/values-mcc001-mnc01-sr: Cannot utime: Operation not permitted
build	Cache Android SDK	2026-06-06T12:23:01.8484364Z /usr/bin/tar: ../../../../../usr/local/lib/android/sdk/platforms/android-37.0/data/res/values-mcc001-mnc01-sr: Cannot change mode to rwxr-xr-x: Operation not permitted
build	Cache Android SDK	2026-06-06T12:23:01.8486899Z /usr/bin/tar: ../../../../../usr/local/lib/android/sdk/platforms/android-37.0/data/res/values-mcc312-mnc670-ja: Cannot utime: Operation not permitted
build	Cache Android SDK	2026-06-06T12:23:01.8488015Z /usr/bin/tar: ../../../../../usr/local/lib/android/sdk/platforms/android-37.0/data/res/values-mcc312-mnc670-ja: Cannot change mode to rwxr-xr-x: Operation not permitted
build	Cache Android SDK	2026-06-06T12:23:01.8489988Z /usr/bin/tar: ../../../../../usr/local/lib/android/sdk/platforms/android-37.0/data/res/values-mcc001-mnc01-gu: Cannot utime: Operation not permitted
build	Cache Android SDK	2026-06-06T12:23:01.8490933Z /usr/bin/tar: ../../../../../usr/local/lib/android/sdk/platforms/android-37.0/data/res/values-mcc001-mnc01-gu: Cannot change mode to rwxr-xr-x: Operation not permitted
build	Cache Android SDK	2026-06-06T12:23:01.8493382Z /usr/bin/tar: ../../../../../usr/local/lib/android/sdk/platforms/android-37.0/data/res/values-mcc334-mnc020-et: Cannot utime: Operation not permitted
build	Cache Android SDK	2026-06-06T12:23:01.8494324Z /usr/bin/tar: ../../../../../usr/local/lib/android/sdk/platforms/android-37.0/data/res/values-mcc334-mnc020-et: Cannot change mode to rwxr-xr-x: Operation not permitted
build	Cache Android SDK	2026-06-06T12:23:01.8496647Z /usr/bin/tar: ../../../../../usr/local/lib/android/sdk/platforms/android-37.0/data/res/values-mcc310-mnc560-am: Cannot utime: Operation not permitted
build	Cache Android SDK	2026-06-06T12:23:01.8497656Z /usr/bin/tar: ../../../../../usr/local/lib/android/sdk/platforms/android-37.0/data/res/values-mcc310-mnc560-am: Cannot change mode to rwxr-xr-x: Operation not permitted
build	Cache Android SDK	2026-06-06T12:23:01.8500475Z /usr/bin/tar: ../../../../../usr/local/lib/android/sdk/platforms/android-37.0/data/res/values-sw600dp-land: Cannot utime: Operation not permitted
build	Cache Android SDK	2026-06-06T12:23:01.8501394Z /usr/bin/tar: ../../../../../usr/local/lib/android/sdk/platforms/android-37.0/data/res/values-sw600dp-land: Cannot change mode to rwxr-xr-x: Operation not permitted
build	Cache Android SDK	2026-06-06T12:23:01.8503546Z /usr/bin/tar: ../../../../../usr/local/lib/android/sdk/platforms/android-37.0/data/res/values-mcc310-mnc950-ta: Cannot utime: Operation not permitted
build	Cache Android SDK	2026-06-06T12:23:01.8504559Z /usr/bin/tar: ../../../../../usr/local/lib/android/sdk/platforms/android-37.0/data/res/values-mcc310-mnc950-ta: Cannot change mode to rwxr-xr-x: Operation not permitted
build	Cache Android SDK	2026-06-06T12:23:01.8506732Z /usr/bin/tar: ../../../../../usr/local/lib/android/sdk/platforms/android-37.0/data/res/values-mcc310-mnc410-en-rGB: Cannot utime: Operation not permitted
build	Cache Android SDK	2026-06-06T12:23:01.8507881Z /usr/bin/tar: ../../../../../usr/local/lib/android/sdk/platforms/android-37.0/data/res/values-mcc310-mnc410-en-rGB: Cannot change mode to rwxr-xr-x: Operation not permitted
build	Cache Android SDK	2026-06-06T12:23:01.8509897Z /usr/bin/tar: ../../../../../usr/local/lib/android/sdk/platforms/android-37.0/data/res/values-mcc310-mnc230-es-rUS: Cannot utime: Operation not permitted
build	Cache Android SDK	2026-06-06T12:23:01.8510952Z /usr/bin/tar: ../../../../../usr/local/lib/android/sdk/platforms/android-37.0/data/res/values-mcc310-mnc230-es-rUS: Cannot change mode to rwxr-xr-x: Operation not permitted
build	Cache Android SDK	2026-06-06T12:23:01.8512492Z /usr/bin/tar: ../../../../../usr/local/lib/android/sdk/platforms/android-37.0/data/res/values-ar-television: Cannot utime: Operation not permitted
build	Cache Android SDK	2026-06-06T12:23:01.8513559Z /usr/bin/tar: ../../../../../usr/local/lib/android/sdk/platforms/android-37.0/data/res/values-ar-television: Cannot change mode to rwxr-xr-x: Operation not permitted
build	Cache Android SDK	2026-06-06T12:23:01.8515590Z /usr/bin/tar: ../../../../../usr/local/lib/android/sdk/platforms/android-37.0/data/res/values-mcc313-mnc100-bs: Cannot utime: Operation not permitted
build	Cache Android SDK	2026-06-06T12:23:01.8516629Z /usr/bin/tar: ../../../../../usr/local/lib/android/sdk/platforms/android-37.0/data/res/values-mcc313-mnc100-bs: Cannot change mode to rwxr-xr-x: Operation not permitted
build	Cache Android SDK	2026-06-06T12:23:01.8518779Z /usr/bin/tar: ../../../../../usr/local/lib/android/sdk/platforms/android-37.0/data/res/values-mcc310-mnc200-en-rGB: Cannot utime: Operation not permitted
build	Cache Android SDK	2026-06-06T12:23:01.8519730Z /usr/bin/tar: ../../../../../usr/local/lib/android/sdk/platforms/android-37.0/data/res/values-mcc310-mnc200-en-rGB: Cannot change mode to rwxr-xr-x: Operation not permitted
build	Cache Android SDK	2026-06-06T12:23:01.8522034Z /usr/bin/tar: ../../../../../usr/local/lib/android/sdk/platforms/android-37.0/data/res/values-mcc310-mnc950-ne: Cannot utime: Operation not permitted
build	Cache Android SDK	2026-06-06T12:23:01.8522992Z /usr/bin/tar: ../../../../../usr/local/lib/android/sdk/platforms/android-37.0/data/res/values-mcc310-mnc950-ne: Cannot change mode to rwxr-xr-x: Operation not permitted
build	Cache Android SDK	2026-06-06T12:23:01.8525319Z /usr/bin/tar: ../../../../../usr/local/lib/android/sdk/platforms/android-37.0/data/res/values-mcc310-mnc560-es: Cannot utime: Operation not permitted
build	Cache Android SDK	2026-06-06T12:23:01.8526277Z /usr/bin/tar: ../../../../../usr/local/lib/android/sdk/platforms/android-37.0/data/res/values-mcc310-mnc560-es: Cannot change mode to rwxr-xr-x: Operation not permitted
build	Cache Android SDK	2026-06-06T12:23:01.8528449Z /usr/bin/tar: ../../../../../usr/local/lib/android/sdk/platforms/android-37.0/data/res/values-mcc001-mnc01-b+sr+Latn: Cannot utime: Operation not permitted
build	Cache Android SDK	2026-06-06T12:23:01.8529454Z /usr/bin/tar: ../../../../../usr/local/lib/android/sdk/platforms/android-37.0/data/res/values-mcc001-mnc01-b+sr+Latn: Cannot change mode to rwxr-xr-x: Operation not permitted
build	Cache Android SDK	2026-06-06T12:23:01.8531721Z /usr/bin/tar: ../../../../../usr/local/lib/android/sdk/platforms/android-37.0/data/res/values-mcc310-mnc800-sk: Cannot utime: Operation not permitted
build	Cache Android SDK	2026-06-06T12:23:01.8532660Z /usr/bin/tar: ../../../../../usr/local/lib/android/sdk/platforms/android-37.0/data/res/values-mcc310-mnc800-sk: Cannot change mode to rwxr-xr-x: Operation not permitted
build	Cache Android SDK	2026-06-06T12:23:01.8534893Z /usr/bin/tar: ../../../../../usr/local/lib/android/sdk/platforms/android-37.0/data/res/values-mcc310-mnc410-ms: Cannot utime: Operation not permitted
build	Cache Android SDK	2026-06-06T12:23:01.8535833Z /usr/bin/tar: ../../../../../usr/local/lib/android/sdk/platforms/android-37.0/data/res/values-mcc310-mnc410-ms: Cannot change mode to rwxr-xr-x: Operation not permitted
build	Cache Android SDK	2026-06-06T12:23:01.8538356Z /usr/bin/tar: ../../../../../usr/local/lib/android/sdk/platforms/android-37.0/data/res/values-mcc313-mnc100-en-rIN: Cannot utime: Operation not permitted
build	Cache Android SDK	2026-06-06T12:23:01.8539325Z /usr/bin/tar: ../../../../../usr/local/lib/android/sdk/platforms/android-37.0/data/res/values-mcc313-mnc100-en-rIN: Cannot change mode to rwxr-xr-x: Operation not permitted
build	Cache Android SDK	2026-06-06T12:23:01.8541345Z /usr/bin/tar: ../../../../../usr/local/lib/android/sdk/platforms/android-37.0/data/res/values-mcc310-mnc160-mn: Cannot utime: Operation not permitted
build	Cache Android SDK	2026-06-06T12:23:01.8545221Z /usr/bin/tar: ../../../../../usr/local/lib/android/sdk/platforms/android-37.0/data/res/values-mcc310-mnc160-mn: Cannot change mode to rwxr-xr-x: Operation not permitted
build	Cache Android SDK	2026-06-06T12:23:01.8546218Z /usr/bin/tar: ../../../../../usr/local/lib/android/sdk/platforms/android-37.0/data/res/values-mcc310-mnc240-el: Cannot utime: Operation not permitted
build	Cache Android SDK	2026-06-06T12:23:01.8547135Z /usr/bin/tar: ../../../../../usr/local/lib/android/sdk/platforms/android-37.0/data/res/values-mcc310-mnc240-el: Cannot change mode to rwxr-xr-x: Operation not permitted
build	Cache Android SDK	2026-06-06T12:23:01.8548522Z /usr/bin/tar: ../../../../../usr/local/lib/android/sdk/platforms/android-37.0/data/res/values-mcc312-mnc670-ko: Cannot utime: Operation not permitted
build	Cache Android SDK	2026-06-06T12:23:01.8549434Z /usr/bin/tar: ../../../../../usr/local/lib/android/sdk/platforms/android-37.0/data/res/values-mcc312-mnc670-ko: Cannot change mode to rwxr-xr-x: Operation not permitted
build	Cache Android SDK	2026-06-06T12:23:01.8551737Z /usr/bin/tar: ../../../../../usr/local/lib/android/sdk/platforms/android-37.0/data/res/values-mcc001-mnc01-as: Cannot utime: Operation not permitted
build	Cache Android SDK	2026-06-06T12:23:01.8552735Z /usr/bin/tar: ../../../../../usr/local/lib/android/sdk/platforms/android-37.0/data/res/values-mcc001-mnc01-as: Cannot change mode to rwxr-xr-x: Operation not permitted
build	Cache Android SDK	2026-06-06T12:23:01.8555158Z /usr/bin/tar: ../../../../../usr/local/lib/android/sdk/platforms/android-37.0/data/res/values-mcc310-mnc950-en-rGB: Cannot utime: Operation not permitted
build	Cache Android SDK	2026-06-06T12:23:01.8556125Z /usr/bin/tar: ../../../../../usr/local/lib/android/sdk/platforms/android-37.0/data/res/values-mcc310-mnc950-en-rGB: Cannot change mode to rwxr-xr-x: Operation not permitted
build	Cache Android SDK	2026-06-06T12:23:01.8558600Z /usr/bin/tar: ../../../../../usr/local/lib/android/sdk/platforms/android-37.0/data/res/values-mcc310-mnc250-zh-rTW: Cannot utime: Operation not permitted
build	Cache Android SDK	2026-06-06T12:23:01.8559709Z /usr/bin/tar: ../../../../../usr/local/lib/android/sdk/platforms/android-37.0/data/res/values-mcc310-mnc250-zh-rTW: Cannot change mode to rwxr-xr-x: Operation not permitted
build	Cache Android SDK	2026-06-06T12:23:01.8562240Z /usr/bin/tar: ../../../../../usr/local/lib/android/sdk/platforms/android-37.0/data/res/values-mcc312-mnc670-bs: Cannot utime: Operation not permitted
build	Cache Android SDK	2026-06-06T12:23:01.8563429Z /usr/bin/tar: ../../../../../usr/local/lib/android/sdk/platforms/android-37.0/data/res/values-mcc312-mnc670-bs: Cannot change mode to rwxr-xr-x: Operation not permitted
build	Cache Android SDK	2026-06-06T12:23:01.8564917Z /usr/bin/tar: ../../../../../usr/local/lib/android/sdk/platforms/android-37.0/data/res/values-mcc302-mnc370-uz: Cannot utime: Operation not permitted
build	Cache Android SDK	2026-06-06T12:23:01.8565860Z /usr/bin/tar: ../../../../../usr/local/lib/android/sdk/platforms/android-37.0/data/res/values-mcc302-mnc370-uz: Cannot change mode to rwxr-xr-x: Operation not permitted
build	Cache Android SDK	2026-06-06T12:23:01.8568590Z /usr/bin/tar: ../../../../../usr/local/lib/android/sdk/platforms/android-37.0/data/res/values-mcc310-mnc220-nb: Cannot utime: Operation not permitted
build	Cache Android SDK	2026-06-06T12:23:01.8569534Z /usr/bin/tar: ../../../../../usr/local/lib/android/sdk/platforms/android-37.0/data/res/values-mcc310-mnc220-nb: Cannot change mode to rwxr-xr-x: Operation not permitted
build	Cache Android SDK	2026-06-06T12:23:01.8571884Z /usr/bin/tar: ../../../../../usr/local/lib/android/sdk/platforms/android-37.0/data/res/values-mcc310-mnc150-nb: Cannot utime: Operation not permitted
build	Cache Android SDK	2026-06-06T12:23:01.8572823Z /usr/bin/tar: ../../../../../usr/local/lib/android/sdk/platforms/android-37.0/data/res/values-mcc310-mnc150-nb: Cannot change mode to rwxr-xr-x: Operation not permitted
build	Cache Android SDK	2026-06-06T12:23:01.8575290Z /usr/bin/tar: ../../../../../usr/local/lib/android/sdk/platforms/android-37.0/data/res/values-mcc310-mnc030-et: Cannot utime: Operation not permitted
build	Cache Android SDK	2026-06-06T12:23:01.8576227Z /usr/bin/tar: ../../../../../usr/local/lib/android/sdk/platforms/android-37.0/data/res/values-mcc310-mnc030-et: Cannot change mode to rwxr-xr-x: Operation not permitted
build	Cache Android SDK	2026-06-06T12:23:01.8578418Z /usr/bin/tar: ../../../../../usr/local/lib/android/sdk/platforms/android-37.0/data/res/values-mcc310-mnc310-sr: Cannot utime: Operation not permitted
build	Cache Android SDK	2026-06-06T12:23:01.8579480Z /usr/bin/tar: ../../../../../usr/local/lib/android/sdk/platforms/android-37.0/data/res/values-mcc310-mnc310-sr: Cannot change mode to rwxr-xr-x: Operation not permitted
build	Cache Android SDK	2026-06-06T12:23:01.8581357Z /usr/bin/tar: ../../../../../usr/local/lib/android/sdk/platforms/android-37.0/data/res/values-mcc310-mnc250-ro: Cannot utime: Operation not permitted
build	Cache Android SDK	2026-06-06T12:23:01.8582317Z /usr/bin/tar: ../../../../../usr/local/lib/android/sdk/platforms/android-37.0/data/res/values-mcc310-mnc250-ro: Cannot change mode to rwxr-xr-x: Operation not permitted
build	Cache Android SDK	2026-06-06T12:23:01.8584690Z /usr/bin/tar: ../../../../../usr/local/lib/android/sdk/platforms/android-37.0/data/res/values-mcc302-mnc370-tr: Cannot utime: Operation not permitted
build	Cache Android SDK	2026-06-06T12:23:01.8585620Z /usr/bin/tar: ../../../../../usr/local/lib/android/sdk/platforms/android-37.0/data/res/values-mcc302-mnc370-tr: Cannot change mode to rwxr-xr-x: Operation not permitted
build	Cache Android SDK	2026-06-06T12:23:01.8588060Z /usr/bin/tar: ../../../../../usr/local/lib/android/sdk/platforms/android-37.0/data/res/values-mcc310-mnc200-nl: Cannot utime: Operation not permitted
build	Cache Android SDK	2026-06-06T12:23:01.8589009Z /usr/bin/tar: ../../../../../usr/local/lib/android/sdk/platforms/android-37.0/data/res/values-mcc310-mnc200-nl: Cannot change mode to rwxr-xr-x: Operation not permitted
build	Cache Android SDK	2026-06-06T12:23:01.8591340Z /usr/bin/tar: ../../../../../usr/local/lib/android/sdk/platforms/android-37.0/data/res/values-mcc310-mnc660-sw: Cannot utime: Operation not permitted
build	Cache Android SDK	2026-06-06T12:23:01.8592292Z /usr/bin/tar: ../../../../../usr/local/lib/android/sdk/platforms/android-37.0/data/res/values-mcc310-mnc660-sw: Cannot change mode to rwxr-xr-x: Operation not permitted
build	Cache Android SDK	2026-06-06T12:23:01.8594884Z /usr/bin/tar: ../../../../../usr/local/lib/android/sdk/platforms/android-37.0/data/res/values-mcc313-mnc100-sr: Cannot utime: Operation not permitted
build	Cache Android SDK	2026-06-06T12:23:01.8595962Z /usr/bin/tar: ../../../../../usr/local/lib/android/sdk/platforms/android-37.0/data/res/values-mcc313-mnc100-sr: Cannot change mode to rwxr-xr-x: Operation not permitted
build	Cache Android SDK	2026-06-06T12:23:01.8599899Z /usr/bin/tar: ../../../../../usr/local/lib/android/sdk/platforms/android-37.0/data/res/raw-da: Cannot utime: Operation not permitted
build	Cache Android SDK	2026-06-06T12:23:01.8600761Z /usr/bin/tar: ../../../../../usr/local/lib/android/sdk/platforms/android-37.0/data/res/raw-da: Cannot change mode to rwxr-xr-x: Operation not permitted
build	Cache Android SDK	2026-06-06T12:23:01.8602671Z /usr/bin/tar: ../../../../../usr/local/lib/android/sdk/platforms/android-37.0/data/res/values-mcc334-mnc020-fr-masculine: Cannot utime: Operation not permitted
build	Cache Android SDK	2026-06-06T12:23:01.8603681Z /usr/bin/tar: ../../../../../usr/local/lib/android/sdk/platforms/android-37.0/data/res/values-mcc334-mnc020-fr-masculine: Cannot change mode to rwxr-xr-x: Operation not permitted
build	Cache Android SDK	2026-06-06T12:23:01.8605951Z /usr/bin/tar: ../../../../../usr/local/lib/android/sdk/platforms/android-37.0/data/res/values-mcc260: Cannot utime: Operation not permitted
build	Cache Android SDK	2026-06-06T12:23:01.8606845Z /usr/bin/tar: ../../../../../usr/local/lib/android/sdk/platforms/android-37.0/data/res/values-mcc260: Cannot change mode to rwxr-xr-x: Operation not permitted
build	Cache Android SDK	2026-06-06T12:23:01.8609450Z /usr/bin/tar: ../../../../../usr/local/lib/android/sdk/platforms/android-37.0/data/res/values-mcc310-mnc220-ja: Cannot utime: Operation not permitted
build	Cache Android SDK	2026-06-06T12:23:01.8610372Z /usr/bin/tar: ../../../../../usr/local/lib/android/sdk/platforms/android-37.0/data/res/values-mcc310-mnc220-ja: Cannot change mode to rwxr-xr-x: Operation not permitted
build	Cache Android SDK	2026-06-06T12:23:01.8612592Z /usr/bin/tar: ../../../../../usr/local/lib/android/sdk/platforms/android-37.0/data/res/values-mcc310-mnc800-en-rIN: Cannot utime: Operation not permitted
build	Cache Android SDK	2026-06-06T12:23:01.8613556Z /usr/bin/tar: ../../../../../usr/local/lib/android/sdk/platforms/android-37.0/data/res/values-mcc310-mnc800-en-rIN: Cannot change mode to rwxr-xr-x: Operation not permitted
build	Cache Android SDK	2026-06-06T12:23:01.8615379Z /usr/bin/tar: ../../../../../usr/local/lib/android/sdk/platforms/android-37.0/data/res/values-mcc310-mnc250-pt-rPT: Cannot utime: Operation not permitted
build	Cache Android SDK	2026-06-06T12:23:01.8616458Z /usr/bin/tar: ../../../../../usr/local/lib/android/sdk/platforms/android-37.0/data/res/values-mcc310-mnc250-pt-rPT: Cannot change mode to rwxr-xr-x: Operation not permitted
build	Cache Android SDK	2026-06-06T12:23:01.8618602Z /usr/bin/tar: ../../../../../usr/local/lib/android/sdk/platforms/android-37.0/data/res/values-mcc310-mnc490-ka: Cannot utime: Operation not permitted
build	Cache Android SDK	2026-06-06T12:23:01.8619595Z /usr/bin/tar: ../../../../../usr/local/lib/android/sdk/platforms/android-37.0/data/res/values-mcc310-mnc490-ka: Cannot change mode to rwxr-xr-x: Operation not permitted
build	Cache Android SDK	2026-06-06T12:23:01.8621588Z /usr/bin/tar: ../../../../../usr/local/lib/android/sdk/platforms/android-37.0/data/res/values-mcc310-mnc490-be: Cannot utime: Operation not permitted
build	Cache Android SDK	2026-06-06T12:23:01.8622513Z /usr/bin/tar: ../../../../../usr/local/lib/android/sdk/platforms/android-37.0/data/res/values-mcc310-mnc490-be: Cannot change mode to rwxr-xr-x: Operation not permitted
build	Cache Android SDK	2026-06-06T12:23:01.8625202Z /usr/bin/tar: ../../../../../usr/local/lib/android/sdk/platforms/android-37.0/data/res/values-mcc204: Cannot utime: Operation not permitted
build	Cache Android SDK	2026-06-06T12:23:01.8626073Z /usr/bin/tar: ../../../../../usr/local/lib/android/sdk/platforms/android-37.0/data/res/values-mcc204: Cannot change mode to rwxr-xr-x: Operation not permitted
build	Cache Android SDK	2026-06-06T12:23:01.8628777Z /usr/bin/tar: ../../../../../usr/local/lib/android/sdk/platforms/android-37.0/data/res/values-mcc310-mnc660-sr: Cannot utime: Operation not permitted
build	Cache Android SDK	2026-06-06T12:23:01.8629723Z /usr/bin/tar: ../../../../../usr/local/lib/android/sdk/platforms/android-37.0/data/res/values-mcc310-mnc660-sr: Cannot change mode to rwxr-xr-x: Operation not permitted
build	Cache Android SDK	2026-06-06T12:23:01.8631581Z /usr/bin/tar: ../../../../../usr/local/lib/android/sdk/platforms/android-37.0/data/res/values-mcc310-mnc220-lv: Cannot utime: Operation not permitted
build	Cache Android SDK	2026-06-06T12:23:01.8632509Z /usr/bin/tar: ../../../../../usr/local/lib/android/sdk/platforms/android-37.0/data/res/values-mcc310-mnc220-lv: Cannot change mode to rwxr-xr-x: Operation not permitted
build	Cache Android SDK	2026-06-06T12:23:01.8634652Z /usr/bin/tar: ../../../../../usr/local/lib/android/sdk/platforms/android-37.0/data/res/values-mcc310-mnc200-gl: Cannot utime: Operation not permitted
build	Cache Android SDK	2026-06-06T12:23:01.8635587Z /usr/bin/tar: ../../../../../usr/local/lib/android/sdk/platforms/android-37.0/data/res/values-mcc310-mnc200-gl: Cannot change mode to rwxr-xr-x: Operation not permitted
build	Cache Android SDK	2026-06-06T12:23:01.8639108Z /usr/bin/tar: ../../../../../usr/local/lib/android/sdk/platforms/android-37.0/data/res/values-en-rUS: Cannot utime: Operation not permitted
build	Cache Android SDK	2026-06-06T12:23:01.8639985Z /usr/bin/tar: ../../../../../usr/local/lib/android/sdk/platforms/android-37.0/data/res/values-en-rUS: Cannot change mode to rwxr-xr-x: Operation not permitted
build	Cache Android SDK	2026-06-06T12:23:01.8643533Z /usr/bin/tar: ../../../../../usr/local/lib/android/sdk/platforms/android-37.0/data/res/values-mcc310-mnc240-gu: Cannot utime: Operation not permitted
build	Cache Android SDK	2026-06-06T12:23:01.8645221Z /usr/bin/tar: ../../../../../usr/local/lib/android/sdk/platforms/android-37.0/data/res/values-mcc310-mnc240-gu: Cannot change mode to rwxr-xr-x: Operation not permitted
build	Cache Android SDK	2026-06-06T12:23:01.8647023Z /usr/bin/tar: ../../../../../usr/local/lib/android/sdk/platforms/android-37.0/data/res/values-mcc310-mnc150-es-rUS: Cannot utime: Operation not permitted
build	Cache Android SDK	2026-06-06T12:23:01.8648505Z /usr/bin/tar: ../../../../../usr/local/lib/android/sdk/platforms/android-37.0/data/res/values-mcc310-mnc150-es-rUS: Cannot change mode to rwxr-xr-x: Operation not permitted
build	Cache Android SDK	2026-06-06T12:23:01.8661815Z /usr/bin/tar: ../../../../../usr/local/lib/android/sdk/platforms/android-37.0/data/res/values-ru: Cannot utime: Operation not permitted
build	Cache Android SDK	2026-06-06T12:23:01.8662861Z /usr/bin/tar: ../../../../../usr/local/lib/android/sdk/platforms/android-37.0/data/res/values-ru: Cannot change mode to rwxr-xr-x: Operation not permitted
build	Cache Android SDK	2026-06-06T12:23:01.8664305Z /usr/bin/tar: ../../../../../usr/local/lib/android/sdk/platforms/android-37.0/data/res/values-mcc310-mnc150-ar: Cannot utime: Operation not permitted
build	Cache Android SDK	2026-06-06T12:23:01.8665729Z /usr/bin/tar: ../../../../../usr/local/lib/android/sdk/platforms/android-37.0/data/res/values-mcc310-mnc150-ar: Cannot change mode to rwxr-xr-x: Operation not permitted
build	Cache Android SDK	2026-06-06T12:23:01.8666654Z /usr/bin/tar: ../../../../../usr/local/lib/android/sdk/platforms/android-37.0/data/res/values-mcc310-mnc310-bg: Cannot utime: Operation not permitted
build	Cache Android SDK	2026-06-06T12:23:01.8668571Z /usr/bin/tar: ../../../../../usr/local/lib/android/sdk/platforms/android-37.0/data/res/values-mcc310-mnc310-bg: Cannot change mode to rwxr-xr-x: Operation not permitted
build	Cache Android SDK	2026-06-06T12:23:01.8669533Z /usr/bin/tar: ../../../../../usr/local/lib/android/sdk/platforms/android-37.0/data/res/values-ro-rRO: Cannot utime: Operation not permitted
build	Cache Android SDK	2026-06-06T12:23:01.8670571Z /usr/bin/tar: ../../../../../usr/local/lib/android/sdk/platforms/android-37.0/data/res/values-ro-rRO: Cannot change mode to rwxr-xr-x: Operation not permitted
build	Cache Android SDK	2026-06-06T12:23:01.8671916Z /usr/bin/tar: ../../../../../usr/local/lib/android/sdk/platforms/android-37.0/data/res/values-mcc302-mnc370-az: Cannot utime: Operation not permitted
build	Cache Android SDK	2026-06-06T12:23:01.8672836Z /usr/bin/tar: ../../../../../usr/local/lib/android/sdk/platforms/android-37.0/data/res/values-mcc302-mnc370-az: Cannot change mode to rwxr-xr-x: Operation not permitted
build	Cache Android SDK	2026-06-06T12:23:01.8680953Z /usr/bin/tar: ../../../../../usr/local/lib/android/sdk/platforms/android-37.0/data/res/values-hr: Cannot utime: Operation not permitted
build	Cache Android SDK	2026-06-06T12:23:01.8682322Z /usr/bin/tar: ../../../../../usr/local/lib/android/sdk/platforms/android-37.0/data/res/values-hr: Cannot change mode to rwxr-xr-x: Operation not permitted
build	Cache Android SDK	2026-06-06T12:23:01.8683798Z /usr/bin/tar: ../../../../../usr/local/lib/android/sdk/platforms/android-37.0/data/res/values-mcc310-mnc280-zh-rTW: Cannot utime: Operation not permitted
build	Cache Android SDK	2026-06-06T12:23:01.8684749Z /usr/bin/tar: ../../../../../usr/local/lib/android/sdk/platforms/android-37.0/data/res/values-mcc310-mnc280-zh-rTW: Cannot change mode to rwxr-xr-x: Operation not permitted
build	Cache Android SDK	2026-06-06T12:23:01.8687540Z /usr/bin/tar: ../../../../../usr/local/lib/android/sdk/platforms/android-37.0/data/res/values-mcc310-mnc490-pa: Cannot utime: Operation not permitted
build	Cache Android SDK	2026-06-06T12:23:01.8688482Z /usr/bin/tar: ../../../../../usr/local/lib/android/sdk/platforms/android-37.0/data/res/values-mcc310-mnc490-pa: Cannot change mode to rwxr-xr-x: Operation not permitted
build	Cache Android SDK	2026-06-06T12:23:01.8690620Z /usr/bin/tar: ../../../../../usr/local/lib/android/sdk/platforms/android-37.0/data/res/values-mcc310-mnc030-kk: Cannot utime: Operation not permitted
build	Cache Android SDK	2026-06-06T12:23:01.8691554Z /usr/bin/tar: ../../../../../usr/local/lib/android/sdk/platforms/android-37.0/data/res/values-mcc310-mnc030-kk: Cannot change mode to rwxr-xr-x: Operation not permitted
build	Cache Android SDK	2026-06-06T12:23:01.8693909Z /usr/bin/tar: ../../../../../usr/local/lib/android/sdk/platforms/android-37.0/data/res/values-mcc302-mnc720-pt-rBR: Cannot utime: Operation not permitted
build	Cache Android SDK	2026-06-06T12:23:01.8694889Z /usr/bin/tar: ../../../../../usr/local/lib/android/sdk/platforms/android-37.0/data/res/values-mcc302-mnc720-pt-rBR: Cannot change mode to rwxr-xr-x: Operation not permitted
build	Cache Android SDK	2026-06-06T12:23:01.8697259Z /usr/bin/tar: ../../../../../usr/local/lib/android/sdk/platforms/android-37.0/data/res/values-mcc310-mnc160-ka: Cannot utime: Operation not permitted
build	Cache Android SDK	2026-06-06T12:23:01.8698474Z /usr/bin/tar: ../../../../../usr/local/lib/android/sdk/platforms/android-37.0/data/res/values-mcc310-mnc160-ka: Cannot change mode to rwxr-xr-x: Operation not permitted
build	Cache Android SDK	2026-06-06T12:23:01.8700572Z /usr/bin/tar: ../../../../../usr/local/lib/android/sdk/platforms/android-37.0/data/res/values-mcc310-mnc280-am: Cannot utime: Operation not permitted
build	Cache Android SDK	2026-06-06T12:23:01.8701545Z /usr/bin/tar: ../../../../../usr/local/lib/android/sdk/platforms/android-37.0/data/res/values-mcc310-mnc280-am: Cannot change mode to rwxr-xr-x: Operation not permitted
build	Cache Android SDK	2026-06-06T12:23:01.8704878Z /usr/bin/tar: ../../../../../usr/local/lib/android/sdk/platforms/android-37.0/data/res/values-mcc310-mnc410: Cannot utime: Operation not permitted
build	Cache Android SDK	2026-06-06T12:23:01.8706022Z /usr/bin/tar: ../../../../../usr/local/lib/android/sdk/platforms/android-37.0/data/res/values-mcc310-mnc410: Cannot change mode to rwxr-xr-x: Operation not permitted
build	Cache Android SDK	2026-06-06T12:23:01.8708883Z /usr/bin/tar: ../../../../../usr/local/lib/android/sdk/platforms/android-37.0/data/res/values-mcc310-mnc950-en-rIN: Cannot utime: Operation not permitted
build	Cache Android SDK	2026-06-06T12:23:01.8710086Z /usr/bin/tar: ../../../../../usr/local/lib/android/sdk/platforms/android-37.0/data/res/values-mcc310-mnc950-en-rIN: Cannot change mode to rwxr-xr-x: Operation not permitted
build	Cache Android SDK	2026-06-06T12:23:01.8712432Z /usr/bin/tar: ../../../../../usr/local/lib/android/sdk/platforms/android-37.0/data/res/values-mcc334-mnc020-fa: Cannot utime: Operation not permitted
build	Cache Android SDK	2026-06-06T12:23:01.8713484Z /usr/bin/tar: ../../../../../usr/local/lib/android/sdk/platforms/android-37.0/data/res/values-mcc334-mnc020-fa: Cannot change mode to rwxr-xr-x: Operation not permitted
build	Cache Android SDK	2026-06-06T12:23:01.8716046Z /usr/bin/tar: ../../../../../usr/local/lib/android/sdk/platforms/android-37.0/data/res/values-mcc310-mnc240-ko: Cannot utime: Operation not permitted
build	Cache Android SDK	2026-06-06T12:23:01.8717041Z /usr/bin/tar: ../../../../../usr/local/lib/android/sdk/platforms/android-37.0/data/res/values-mcc310-mnc240-ko: Cannot change mode to rwxr-xr-x: Operation not permitted
build	Cache Android SDK	2026-06-06T12:23:01.8719694Z /usr/bin/tar: ../../../../../usr/local/lib/android/sdk/platforms/android-37.0/data/res/values-mcc310-mnc410-en-rAU: Cannot utime: Operation not permitted
build	Cache Android SDK	2026-06-06T12:23:01.8720687Z /usr/bin/tar: ../../../../../usr/local/lib/android/sdk/platforms/android-37.0/data/res/values-mcc310-mnc410-en-rAU: Cannot change mode to rwxr-xr-x: Operation not permitted
build	Cache Android SDK	2026-06-06T12:23:01.8722578Z /usr/bin/tar: ../../../../../usr/local/lib/android/sdk/platforms/android-37.0/data/res/values-mcc302-mnc370-fr: Cannot utime: Operation not permitted
build	Cache Android SDK	2026-06-06T12:23:01.8723525Z /usr/bin/tar: ../../../../../usr/local/lib/android/sdk/platforms/android-37.0/data/res/values-mcc302-mnc370-fr: Cannot change mode to rwxr-xr-x: Operation not permitted
build	Cache Android SDK	2026-06-06T12:23:01.8726469Z /usr/bin/tar: ../../../../../usr/local/lib/android/sdk/platforms/android-37.0/data/res/values-mcc310-mnc410-fr: Cannot utime: Operation not permitted
build	Cache Android SDK	2026-06-06T12:23:01.8727567Z /usr/bin/tar: ../../../../../usr/local/lib/android/sdk/platforms/android-37.0/data/res/values-mcc310-mnc410-fr: Cannot change mode to rwxr-xr-x: Operation not permitted
build	Cache Android SDK	2026-06-06T12:23:01.8730118Z /usr/bin/tar: ../../../../../usr/local/lib/android/sdk/platforms/android-37.0/data/res/values-mcc310-mnc240-ur: Cannot utime: Operation not permitted
build	Cache Android SDK	2026-06-06T12:23:01.8731205Z /usr/bin/tar: ../../../../../usr/local/lib/android/sdk/platforms/android-37.0/data/res/values-mcc310-mnc240-ur: Cannot change mode to rwxr-xr-x: Operation not permitted
build	Cache Android SDK	2026-06-06T12:23:01.8732776Z /usr/bin/tar: ../../../../../usr/local/lib/android/sdk/platforms/android-37.0/data/res/values-mcc310-mnc220-de: Cannot utime: Operation not permitted
build	Cache Android SDK	2026-06-06T12:23:01.8733760Z /usr/bin/tar: ../../../../../usr/local/lib/android/sdk/platforms/android-37.0/data/res/values-mcc310-mnc220-de: Cannot change mode to rwxr-xr-x: Operation not permitted
build	Cache Android SDK	2026-06-06T12:23:01.8736200Z /usr/bin/tar: ../../../../../usr/local/lib/android/sdk/platforms/android-37.0/data/res/values-mcc310-mnc030-en-rXC: Cannot utime: Operation not permitted
build	Cache Android SDK	2026-06-06T12:23:01.8737479Z /usr/bin/tar: ../../../../../usr/local/lib/android/sdk/platforms/android-37.0/data/res/values-mcc310-mnc030-en-rXC: Cannot change mode to rwxr-xr-x: Operation not permitted
build	Cache Android SDK	2026-06-06T12:23:01.8739059Z /usr/bin/tar: ../../../../../usr/local/lib/android/sdk/platforms/android-37.0/data/res/values-mcc001-mnc01-ko: Cannot utime: Operation not permitted
build	Cache Android SDK	2026-06-06T12:23:01.8740018Z /usr/bin/tar: ../../../../../usr/local/lib/android/sdk/platforms/android-37.0/data/res/values-mcc001-mnc01-ko: Cannot change mode to rwxr-xr-x: Operation not permitted
build	Cache Android SDK	2026-06-06T12:23:01.8741730Z /usr/bin/tar: ../../../../../usr/local/lib/android/sdk/platforms/android-37.0/data/res/values-mcc334-mnc020-gu: Cannot utime: Operation not permitted
build	Cache Android SDK	2026-06-06T12:23:01.8742758Z /usr/bin/tar: ../../../../../usr/local/lib/android/sdk/platforms/android-37.0/data/res/values-mcc334-mnc020-gu: Cannot change mode to rwxr-xr-x: Operation not permitted
build	Cache Android SDK	2026-06-06T12:23:01.8744581Z /usr/bin/tar: ../../../../../usr/local/lib/android/sdk/platforms/android-37.0/data/res/values-mcc310-mnc560-zh-rTW: Cannot utime: Operation not permitted
build	Cache Android SDK	2026-06-06T12:23:01.8745613Z /usr/bin/tar: ../../../../../usr/local/lib/android/sdk/platforms/android-37.0/data/res/values-mcc310-mnc560-zh-rTW: Cannot change mode to rwxr-xr-x: Operation not permitted
build	Cache Android SDK	2026-06-06T12:23:01.8747642Z /usr/bin/tar: ../../../../../usr/local/lib/android/sdk/platforms/android-37.0/data/res/values-mcc310-mnc280-en-rAU: Cannot utime: Operation not permitted
build	Cache Android SDK	2026-06-06T12:23:01.8748598Z /usr/bin/tar: ../../../../../usr/local/lib/android/sdk/platforms/android-37.0/data/res/values-mcc310-mnc280-en-rAU: Cannot change mode to rwxr-xr-x: Operation not permitted
build	Cache Android SDK	2026-06-06T12:23:01.8751741Z /usr/bin/tar: ../../../../../usr/local/lib/android/sdk/platforms/android-37.0/data/res/values-mcc310-mnc210-fi: Cannot utime: Operation not permitted
build	Cache Android SDK	2026-06-06T12:23:01.8752680Z /usr/bin/tar: ../../../../../usr/local/lib/android/sdk/platforms/android-37.0/data/res/values-mcc310-mnc210-fi: Cannot change mode to rwxr-xr-x: Operation not permitted
build	Cache Android SDK	2026-06-06T12:23:01.8754804Z /usr/bin/tar: ../../../../../usr/local/lib/android/sdk/platforms/android-37.0/data/res/values-mcc310-mnc170-de: Cannot utime: Operation not permitted
build	Cache Android SDK	2026-06-06T12:23:01.8755728Z /usr/bin/tar: ../../../../../usr/local/lib/android/sdk/platforms/android-37.0/data/res/values-mcc310-mnc170-de: Cannot change mode to rwxr-xr-x: Operation not permitted
build	Cache Android SDK	2026-06-06T12:23:01.8757703Z /usr/bin/tar: ../../../../../usr/local/lib/android/sdk/platforms/android-37.0/data/res/values-mcc310-mnc210-gu: Cannot utime: Operation not permitted
build	Cache Android SDK	2026-06-06T12:23:01.8758640Z /usr/bin/tar: ../../../../../usr/local/lib/android/sdk/platforms/android-37.0/data/res/values-mcc310-mnc210-gu: Cannot change mode to rwxr-xr-x: Operation not permitted
build	Cache Android SDK	2026-06-06T12:23:01.8760439Z /usr/bin/tar: ../../../../../usr/local/lib/android/sdk/platforms/android-37.0/data/res/values-mcc310-mnc660-hi: Cannot utime: Operation not permitted
build	Cache Android SDK	2026-06-06T12:23:01.8761372Z /usr/bin/tar: ../../../../../usr/local/lib/android/sdk/platforms/android-37.0/data/res/values-mcc310-mnc660-hi: Cannot change mode to rwxr-xr-x: Operation not permitted
build	Cache Android SDK	2026-06-06T12:23:01.8764426Z /usr/bin/tar: ../../../../../usr/local/lib/android/sdk/platforms/android-37.0/data/res/values-mcc310-mnc210-nl: Cannot utime: Operation not permitted
build	Cache Android SDK	2026-06-06T12:23:01.8765374Z /usr/bin/tar: ../../../../../usr/local/lib/android/sdk/platforms/android-37.0/data/res/values-mcc310-mnc210-nl: Cannot change mode to rwxr-xr-x: Operation not permitted
build	Cache Android SDK	2026-06-06T12:23:01.8767737Z /usr/bin/tar: ../../../../../usr/local/lib/android/sdk/platforms/android-37.0/data/res/values-mcc334-mnc020-am: Cannot utime: Operation not permitted
build	Cache Android SDK	2026-06-06T12:23:01.8768695Z /usr/bin/tar: ../../../../../usr/local/lib/android/sdk/platforms/android-37.0/data/res/values-mcc334-mnc020-am: Cannot change mode to rwxr-xr-x: Operation not permitted
build	Cache Android SDK	2026-06-06T12:23:01.8771063Z /usr/bin/tar: ../../../../../usr/local/lib/android/sdk/platforms/android-37.0/data/res/values-mcc334-mnc020-my: Cannot utime: Operation not permitted
build	Cache Android SDK	2026-06-06T12:23:01.8772109Z /usr/bin/tar: ../../../../../usr/local/lib/android/sdk/platforms/android-37.0/data/res/values-mcc334-mnc020-my: Cannot change mode to rwxr-xr-x: Operation not permitted
build	Cache Android SDK	2026-06-06T12:23:01.8773779Z /usr/bin/tar: ../../../../../usr/local/lib/android/sdk/platforms/android-37.0/data/res/values-mcc740-mnc00: Cannot utime: Operation not permitted
build	Cache Android SDK	2026-06-06T12:23:01.8774751Z /usr/bin/tar: ../../../../../usr/local/lib/android/sdk/platforms/android-37.0/data/res/values-mcc740-mnc00: Cannot change mode to rwxr-xr-x: Operation not permitted
build	Cache Android SDK	2026-06-06T12:23:01.8776937Z /usr/bin/tar: ../../../../../usr/local/lib/android/sdk/platforms/android-37.0/data/res/values-mcc310-mnc200-ky: Cannot utime: Operation not permitted
build	Cache Android SDK	2026-06-06T12:23:01.8778899Z /usr/bin/tar: ../../../../../usr/local/lib/android/sdk/platforms/android-37.0/data/res/values-mcc310-mnc200-ky: Cannot change mode to rwxr-xr-x: Operation not permitted
build	Cache Android SDK	2026-06-06T12:23:01.8780508Z /usr/bin/tar: ../../../../../usr/local/lib/android/sdk/platforms/android-37.0/data/res/values-mcc302-mnc370-el: Cannot utime: Operation not permitted
build	Cache Android SDK	2026-06-06T12:23:01.8781771Z /usr/bin/tar: ../../../../../usr/local/lib/android/sdk/platforms/android-37.0/data/res/values-mcc302-mnc370-el: Cannot change mode to rwxr-xr-x: Operation not permitted
build	Cache Android SDK	2026-06-06T12:23:01.8782971Z /usr/bin/tar: ../../../../../usr/local/lib/android/sdk/platforms/android-37.0/data/res/values-mcc310-mnc560-ro: Cannot utime: Operation not permitted
build	Cache Android SDK	2026-06-06T12:23:01.8784103Z /usr/bin/tar: ../../../../../usr/local/lib/android/sdk/platforms/android-37.0/data/res/values-mcc310-mnc560-ro: Cannot change mode to rwxr-xr-x: Operation not permitted
build	Cache Android SDK	2026-06-06T12:23:01.8786306Z /usr/bin/tar: ../../../../../usr/local/lib/android/sdk/platforms/android-37.0/data/res/values-mcc310-mnc150-kk: Cannot utime: Operation not permitted
build	Cache Android SDK	2026-06-06T12:23:01.8787478Z /usr/bin/tar: ../../../../../usr/local/lib/android/sdk/platforms/android-37.0/data/res/values-mcc310-mnc150-kk: Cannot change mode to rwxr-xr-x: Operation not permitted
build	Cache Android SDK	2026-06-06T12:23:01.8789246Z /usr/bin/tar: ../../../../../usr/local/lib/android/sdk/platforms/android-37.0/data/res/values-mcc334-mnc020-pt: Cannot utime: Operation not permitted
build	Cache Android SDK	2026-06-06T12:23:01.8790184Z /usr/bin/tar: ../../../../../usr/local/lib/android/sdk/platforms/android-37.0/data/res/values-mcc334-mnc020-pt: Cannot change mode to rwxr-xr-x: Operation not permitted
build	Cache Android SDK	2026-06-06T12:23:01.8792559Z /usr/bin/tar: ../../../../../usr/local/lib/android/sdk/platforms/android-37.0/data/res/values-mcc310-mnc210-en-rGB: Cannot utime: Operation not permitted
build	Cache Android SDK	2026-06-06T12:23:01.8793539Z /usr/bin/tar: ../../../../../usr/local/lib/android/sdk/platforms/android-37.0/data/res/values-mcc310-mnc210-en-rGB: Cannot change mode to rwxr-xr-x: Operation not permitted
build	Cache Android SDK	2026-06-06T12:23:01.8795590Z /usr/bin/tar: ../../../../../usr/local/lib/android/sdk/platforms/android-37.0/data/res/values-de-neuter: Cannot utime: Operation not permitted
build	Cache Android SDK	2026-06-06T12:23:01.8796529Z /usr/bin/tar: ../../../../../usr/local/lib/android/sdk/platforms/android-37.0/data/res/values-de-neuter: Cannot change mode to rwxr-xr-x: Operation not permitted
build	Cache Android SDK	2026-06-06T12:23:01.8798803Z /usr/bin/tar: ../../../../../usr/local/lib/android/sdk/platforms/android-37.0/data/res/values-mcc302-mnc720-pt: Cannot utime: Operation not permitted
build	Cache Android SDK	2026-06-06T12:23:01.8799731Z /usr/bin/tar: ../../../../../usr/local/lib/android/sdk/platforms/android-37.0/data/res/values-mcc302-mnc720-pt: Cannot change mode to rwxr-xr-x: Operation not permitted
build	Cache Android SDK	2026-06-06T12:23:01.8801394Z /usr/bin/tar: ../../../../../usr/local/lib/android/sdk/platforms/android-37.0/data/res/values-mcc302-mnc720-zh-rCN: Cannot utime: Operation not permitted
build	Cache Android SDK	2026-06-06T12:23:01.8802352Z /usr/bin/tar: ../../../../../usr/local/lib/android/sdk/platforms/android-37.0/data/res/values-mcc302-mnc720-zh-rCN: Cannot change mode to rwxr-xr-x: Operation not permitted
build	Cache Android SDK	2026-06-06T12:23:01.8804685Z /usr/bin/tar: ../../../../../usr/local/lib/android/sdk/platforms/android-37.0/data/res/values-mcc310-mnc210-fr-rCA: Cannot utime: Operation not permitted
build	Cache Android SDK	2026-06-06T12:23:01.8805837Z /usr/bin/tar: ../../../../../usr/local/lib/android/sdk/platforms/android-37.0/data/res/values-mcc310-mnc210-fr-rCA: Cannot change mode to rwxr-xr-x: Operation not permitted
build	Cache Android SDK	2026-06-06T12:23:01.8807317Z /usr/bin/tar: ../../../../../usr/local/lib/android/sdk/platforms/android-37.0/data/res/values-mcc310-mnc270-nb: Cannot utime: Operation not permitted
build	Cache Android SDK	2026-06-06T12:23:01.8808366Z /usr/bin/tar: ../../../../../usr/local/lib/android/sdk/platforms/android-37.0/data/res/values-mcc310-mnc270-nb: Cannot change mode to rwxr-xr-x: Operation not permitted
build	Cache Android SDK	2026-06-06T12:23:01.8810570Z /usr/bin/tar: ../../../../../usr/local/lib/android/sdk/platforms/android-37.0/data/res/values-mcc334-mnc020-zu: Cannot utime: Operation not permitted
build	Cache Android SDK	2026-06-06T12:23:01.8811500Z /usr/bin/tar: ../../../../../usr/local/lib/android/sdk/platforms/android-37.0/data/res/values-mcc334-mnc020-zu: Cannot change mode to rwxr-xr-x: Operation not permitted
build	Cache Android SDK	2026-06-06T12:23:01.8813342Z /usr/bin/tar: ../../../../../usr/local/lib/android/sdk/platforms/android-37.0/data/res/values-port-mdpi: Cannot utime: Operation not permitted
build	Cache Android SDK	2026-06-06T12:23:01.8814234Z /usr/bin/tar: ../../../../../usr/local/lib/android/sdk/platforms/android-37.0/data/res/values-port-mdpi: Cannot change mode to rwxr-xr-x: Operation not permitted
build	Cache Android SDK	2026-06-06T12:23:01.8817029Z /usr/bin/tar: ../../../../../usr/local/lib/android/sdk/platforms/android-37.0/data/res/values-mcc302-mnc720-th: Cannot utime: Operation not permitted
build	Cache Android SDK	2026-06-06T12:23:01.8818218Z /usr/bin/tar: ../../../../../usr/local/lib/android/sdk/platforms/android-37.0/data/res/values-mcc302-mnc720-th: Cannot change mode to rwxr-xr-x: Operation not permitted
build	Cache Android SDK	2026-06-06T12:23:01.8820220Z /usr/bin/tar: ../../../../../usr/local/lib/android/sdk/platforms/android-37.0/data/res/values-mcc310-mnc950-ka: Cannot utime: Operation not permitted
build	Cache Android SDK	2026-06-06T12:23:01.8821180Z /usr/bin/tar: ../../../../../usr/local/lib/android/sdk/platforms/android-37.0/data/res/values-mcc310-mnc950-ka: Cannot change mode to rwxr-xr-x: Operation not permitted
build	Cache Android SDK	2026-06-06T12:23:01.8823482Z /usr/bin/tar: ../../../../../usr/local/lib/android/sdk/platforms/android-37.0/data/res/values-mcc302-mnc720-en-rGB: Cannot utime: Operation not permitted
build	Cache Android SDK	2026-06-06T12:23:01.8824461Z /usr/bin/tar: ../../../../../usr/local/lib/android/sdk/platforms/android-37.0/data/res/values-mcc302-mnc720-en-rGB: Cannot change mode to rwxr-xr-x: Operation not permitted
build	Cache Android SDK	2026-06-06T12:23:01.8827721Z /usr/bin/tar: ../../../../../usr/local/lib/android/sdk/platforms/android-37.0/data/res/values-mcc310-mnc250-az: Cannot utime: Operation not permitted
build	Cache Android SDK	2026-06-06T12:23:01.8829389Z /usr/bin/tar: ../../../../../usr/local/lib/android/sdk/platforms/android-37.0/data/res/values-mcc310-mnc250-az: Cannot change mode to rwxr-xr-x: Operation not permitted
build	Cache Android SDK	2026-06-06T12:23:01.8830647Z /usr/bin/tar: ../../../../../usr/local/lib/android/sdk/platforms/android-37.0/data/res/values-mcc310-mnc200-be: Cannot utime: Operation not permitted
build	Cache Android SDK	2026-06-06T12:23:01.8831586Z /usr/bin/tar: ../../../../../usr/local/lib/android/sdk/platforms/android-37.0/data/res/values-mcc310-mnc200-be: Cannot change mode to rwxr-xr-x: Operation not permitted
build	Cache Android SDK	2026-06-06T12:23:01.8833411Z /usr/bin/tar: ../../../../../usr/local/lib/android/sdk/platforms/android-37.0/data/res/values-zu-rZA: Cannot utime: Operation not permitted
build	Cache Android SDK	2026-06-06T12:23:01.8834285Z /usr/bin/tar: ../../../../../usr/local/lib/android/sdk/platforms/android-37.0/data/res/values-zu-rZA: Cannot change mode to rwxr-xr-x: Operation not permitted
build	Cache Android SDK	2026-06-06T12:23:01.8836893Z /usr/bin/tar: ../../../../../usr/local/lib/android/sdk/platforms/android-37.0/data/res/values-ka-watch: Cannot utime: Operation not permitted
build	Cache Android SDK	2026-06-06T12:23:01.8837968Z /usr/bin/tar: ../../../../../usr/local/lib/android/sdk/platforms/android-37.0/data/res/values-ka-watch: Cannot change mode to rwxr-xr-x: Operation not permitted
build	Cache Android SDK	2026-06-06T12:23:01.8840003Z /usr/bin/tar: ../../../../../usr/local/lib/android/sdk/platforms/android-37.0/data/res/values-mcc310-mnc490-ms: Cannot utime: Operation not permitted
build	Cache Android SDK	2026-06-06T12:23:01.8841026Z /usr/bin/tar: ../../../../../usr/local/lib/android/sdk/platforms/android-37.0/data/res/values-mcc310-mnc490-ms: Cannot change mode to rwxr-xr-x: Operation not permitted
build	Cache Android SDK	2026-06-06T12:23:01.8843797Z /usr/bin/tar: ../../../../../usr/local/lib/android/sdk/platforms/android-37.0/data/res/values-mcc310-mnc310-pl: Cannot utime: Operation not permitted
build	Cache Android SDK	2026-06-06T12:23:01.8845581Z /usr/bin/tar: ../../../../../usr/local/lib/android/sdk/platforms/android-37.0/data/res/values-mcc310-mnc310-pl: Cannot change mode to rwxr-xr-x: Operation not permitted
build	Cache Android SDK	2026-06-06T12:23:01.8853120Z /usr/bin/tar: ../../../../../usr/local/lib/android/sdk/platforms/android-37.0/data/res/values-hi: Cannot utime: Operation not permitted
build	Cache Android SDK	2026-06-06T12:23:01.8854001Z /usr/bin/tar: ../../../../../usr/local/lib/android/sdk/platforms/android-37.0/data/res/values-hi: Cannot change mode to rwxr-xr-x: Operation not permitted
build	Cache Android SDK	2026-06-06T12:23:01.8856538Z /usr/bin/tar: ../../../../../usr/local/lib/android/sdk/platforms/android-37.0/data/res/values-mcc310-mnc200-zu: Cannot utime: Operation not permitted
build	Cache Android SDK	2026-06-06T12:23:01.8857644Z /usr/bin/tar: ../../../../../usr/local/lib/android/sdk/platforms/android-37.0/data/res/values-mcc310-mnc200-zu: Cannot change mode to rwxr-xr-x: Operation not permitted
build	Cache Android SDK	2026-06-06T12:23:01.8860370Z /usr/bin/tar: ../../../../../usr/local/lib/android/sdk/platforms/android-37.0/data/res/values-mcc310-mnc410-mr: Cannot utime: Operation not permitted
build	Cache Android SDK	2026-06-06T12:23:01.8861413Z /usr/bin/tar: ../../../../../usr/local/lib/android/sdk/platforms/android-37.0/data/res/values-mcc310-mnc410-mr: Cannot change mode to rwxr-xr-x: Operation not permitted
build	Cache Android SDK	2026-06-06T12:23:01.8863871Z /usr/bin/tar: ../../../../../usr/local/lib/android/sdk/platforms/android-37.0/data/res/values-mcc310-mnc210-mr: Cannot utime: Operation not permitted
build	Cache Android SDK	2026-06-06T12:23:01.8864863Z /usr/bin/tar: ../../../../../usr/local/lib/android/sdk/platforms/android-37.0/data/res/values-mcc310-mnc210-mr: Cannot change mode to rwxr-xr-x: Operation not permitted
build	Cache Android SDK	2026-06-06T12:23:01.8866837Z /usr/bin/tar: ../../../../../usr/local/lib/android/sdk/platforms/android-37.0/data/res/values-mcc310-mnc150-si: Cannot utime: Operation not permitted
build	Cache Android SDK	2026-06-06T12:23:01.8867951Z /usr/bin/tar: ../../../../../usr/local/lib/android/sdk/platforms/android-37.0/data/res/values-mcc310-mnc150-si: Cannot change mode to rwxr-xr-x: Operation not permitted
build	Cache Android SDK	2026-06-06T12:23:01.8870278Z /usr/bin/tar: ../../../../../usr/local/lib/android/sdk/platforms/android-37.0/data/res/values-mcc310-mnc240-et: Cannot utime: Operation not permitted
build	Cache Android SDK	2026-06-06T12:23:01.8871220Z /usr/bin/tar: ../../../../../usr/local/lib/android/sdk/platforms/android-37.0/data/res/values-mcc310-mnc240-et: Cannot change mode to rwxr-xr-x: Operation not permitted
build	Cache Android SDK	2026-06-06T12:23:01.8873452Z /usr/bin/tar: ../../../../../usr/local/lib/android/sdk/platforms/android-37.0/data/res/values-mcc310-mnc380-kk: Cannot utime: Operation not permitted
build	Cache Android SDK	2026-06-06T12:23:01.8874389Z /usr/bin/tar: ../../../../../usr/local/lib/android/sdk/platforms/android-37.0/data/res/values-mcc310-mnc380-kk: Cannot change mode to rwxr-xr-x: Operation not permitted
build	Cache Android SDK	2026-06-06T12:23:01.8876824Z /usr/bin/tar: ../../../../../usr/local/lib/android/sdk/platforms/android-37.0/data/res/values-mcc310-mnc280-kk: Cannot utime: Operation not permitted
build	Cache Android SDK	2026-06-06T12:23:01.8877920Z /usr/bin/tar: ../../../../../usr/local/lib/android/sdk/platforms/android-37.0/data/res/values-mcc310-mnc280-kk: Cannot change mode to rwxr-xr-x: Operation not permitted
build	Cache Android SDK	2026-06-06T12:23:01.8880168Z /usr/bin/tar: ../../../../../usr/local/lib/android/sdk/platforms/android-37.0/data/res/values-mcc310-mnc160-sq: Cannot utime: Operation not permitted
build	Cache Android SDK	2026-06-06T12:23:01.8881114Z /usr/bin/tar: ../../../../../usr/local/lib/android/sdk/platforms/android-37.0/data/res/values-mcc310-mnc160-sq: Cannot change mode to rwxr-xr-x: Operation not permitted
build	Cache Android SDK	2026-06-06T12:23:01.8883944Z /usr/bin/tar: ../../../../../usr/local/lib/android/sdk/platforms/android-37.0/data/res/values-mcc334-mnc020-kn: Cannot utime: Operation not permitted
build	Cache Android SDK	2026-06-06T12:23:01.8884986Z /usr/bin/tar: ../../../../../usr/local/lib/android/sdk/platforms/android-37.0/data/res/values-mcc334-mnc020-kn: Cannot change mode to rwxr-xr-x: Operation not permitted
build	Cache Android SDK	2026-06-06T12:23:01.8887596Z /usr/bin/tar: ../../../../../usr/local/lib/android/sdk/platforms/android-37.0/data/res/values-mcc312-mnc530: Cannot utime: Operation not permitted
build	Cache Android SDK	2026-06-06T12:23:01.8888519Z /usr/bin/tar: ../../../../../usr/local/lib/android/sdk/platforms/android-37.0/data/res/values-mcc312-mnc530: Cannot change mode to rwxr-xr-x: Operation not permitted
build	Cache Android SDK	2026-06-06T12:23:01.8890630Z /usr/bin/tar: ../../../../../usr/local/lib/android/sdk/platforms/android-37.0/data/res/values-mcc310-mnc270-vi: Cannot utime: Operation not permitted
build	Cache Android SDK	2026-06-06T12:23:01.8891580Z /usr/bin/tar: ../../../../../usr/local/lib/android/sdk/platforms/android-37.0/data/res/values-mcc310-mnc270-vi: Cannot change mode to rwxr-xr-x: Operation not permitted
build	Cache Android SDK	2026-06-06T12:23:01.8902867Z /usr/bin/tar: ../../../../../usr/local/lib/android/sdk/platforms/android-37.0/data/res/values-ne: Cannot utime: Operation not permitted
build	Cache Android SDK	2026-06-06T12:23:01.8904448Z /usr/bin/tar: ../../../../../usr/local/lib/android/sdk/platforms/android-37.0/data/res/values-ne: Cannot change mode to rwxr-xr-x: Operation not permitted
build	Cache Android SDK	2026-06-06T12:23:01.8905336Z /usr/bin/tar: ../../../../../usr/local/lib/android/sdk/platforms/android-37.0/data/res/values-mcc310-mnc250-et: Cannot utime: Operation not permitted
build	Cache Android SDK	2026-06-06T12:23:01.8906775Z /usr/bin/tar: ../../../../../usr/local/lib/android/sdk/platforms/android-37.0/data/res/values-mcc310-mnc250-et: Cannot change mode to rwxr-xr-x: Operation not permitted
build	Cache Android SDK	2026-06-06T12:23:01.8908155Z /usr/bin/tar: ../../../../../usr/local/lib/android/sdk/platforms/android-37.0/data/res/values-es-rSV: Cannot utime: Operation not permitted
build	Cache Android SDK	2026-06-06T12:23:01.8909062Z /usr/bin/tar: ../../../../../usr/local/lib/android/sdk/platforms/android-37.0/data/res/values-es-rSV: Cannot change mode to rwxr-xr-x: Operation not permitted
build	Cache Android SDK	2026-06-06T12:23:01.8910722Z /usr/bin/tar: ../../../../../usr/local/lib/android/sdk/platforms/android-37.0/data/res/values-mcc310-mnc220-pl: Cannot utime: Operation not permitted
build	Cache Android SDK	2026-06-06T12:23:01.8911642Z /usr/bin/tar: ../../../../../usr/local/lib/android/sdk/platforms/android-37.0/data/res/values-mcc310-mnc220-pl: Cannot change mode to rwxr-xr-x: Operation not permitted
build	Cache Android SDK	2026-06-06T12:23:01.8912748Z /usr/bin/tar: ../../../../../usr/local/lib/android/sdk/platforms/android-37.0/data/res/values-mcc302-mnc720-az: Cannot utime: Operation not permitted
build	Cache Android SDK	2026-06-06T12:23:01.8914181Z /usr/bin/tar: ../../../../../usr/local/lib/android/sdk/platforms/android-37.0/data/res/values-mcc302-mnc720-az: Cannot change mode to rwxr-xr-x: Operation not permitted
build	Cache Android SDK	2026-06-06T12:23:01.8915103Z /usr/bin/tar: ../../../../../usr/local/lib/android/sdk/platforms/android-37.0/data/res/values-mcc415-mnc01: Cannot utime: Operation not permitted
build	Cache Android SDK	2026-06-06T12:23:01.8916364Z /usr/bin/tar: ../../../../../usr/local/lib/android/sdk/platforms/android-37.0/data/res/values-mcc415-mnc01: Cannot change mode to rwxr-xr-x: Operation not permitted
build	Cache Android SDK	2026-06-06T12:23:01.8917833Z /usr/bin/tar: ../../../../../usr/local/lib/android/sdk/platforms/android-37.0/data/res/values-mcc310-mnc250-de: Cannot utime: Operation not permitted
build	Cache Android SDK	2026-06-06T12:23:01.8918754Z /usr/bin/tar: ../../../../../usr/local/lib/android/sdk/platforms/android-37.0/data/res/values-mcc310-mnc250-de: Cannot change mode to rwxr-xr-x: Operation not permitted
build	Cache Android SDK	2026-06-06T12:23:01.8920689Z /usr/bin/tar: ../../../../../usr/local/lib/android/sdk/platforms/android-37.0/data/res/values-mcc310-mnc220-am: Cannot utime: Operation not permitted
build	Cache Android SDK	2026-06-06T12:23:01.8921627Z /usr/bin/tar: ../../../../../usr/local/lib/android/sdk/platforms/android-37.0/data/res/values-mcc310-mnc220-am: Cannot change mode to rwxr-xr-x: Operation not permitted
build	Cache Android SDK	2026-06-06T12:23:01.8924318Z /usr/bin/tar: ../../../../../usr/local/lib/android/sdk/platforms/android-37.0/data/res/values-mcc302-mnc370-tl: Cannot utime: Operation not permitted
build	Cache Android SDK	2026-06-06T12:23:01.8925642Z /usr/bin/tar: ../../../../../usr/local/lib/android/sdk/platforms/android-37.0/data/res/values-mcc302-mnc370-tl: Cannot change mode to rwxr-xr-x: Operation not permitted
build	Cache Android SDK	2026-06-06T12:23:01.8927271Z /usr/bin/tar: ../../../../../usr/local/lib/android/sdk/platforms/android-37.0/data/res/values-mcc310-mnc210-bg: Cannot utime: Operation not permitted
build	Cache Android SDK	2026-06-06T12:23:01.8928515Z /usr/bin/tar: ../../../../../usr/local/lib/android/sdk/platforms/android-37.0/data/res/values-mcc310-mnc210-bg: Cannot change mode to rwxr-xr-x: Operation not permitted
build	Cache Android SDK	2026-06-06T12:23:01.8930567Z /usr/bin/tar: ../../../../../usr/local/lib/android/sdk/platforms/android-37.0/data/res/values-mcc302-mnc370-zh-rHK: Cannot utime: Operation not permitted
build	Cache Android SDK	2026-06-06T12:23:01.8931553Z /usr/bin/tar: ../../../../../usr/local/lib/android/sdk/platforms/android-37.0/data/res/values-mcc302-mnc370-zh-rHK: Cannot change mode to rwxr-xr-x: Operation not permitted
build	Cache Android SDK	2026-06-06T12:23:01.8934008Z /usr/bin/tar: ../../../../../usr/local/lib/android/sdk/platforms/android-37.0/data/res/values-ar-rEG: Cannot utime: Operation not permitted
build	Cache Android SDK	2026-06-06T12:23:01.8934895Z /usr/bin/tar: ../../../../../usr/local/lib/android/sdk/platforms/android-37.0/data/res/values-ar-rEG: Cannot change mode to rwxr-xr-x: Operation not permitted
build	Cache Android SDK	2026-06-06T12:23:01.8940004Z /usr/bin/tar: ../../../../../usr/local/lib/android/sdk/platforms/android-37.0/data/res/values-mcc310-mnc310-uz: Cannot utime: Operation not permitted
build	Cache Android SDK	2026-06-06T12:23:01.8941278Z /usr/bin/tar: ../../../../../usr/local/lib/android/sdk/platforms/android-37.0/data/res/values-mcc310-mnc310-uz: Cannot change mode to rwxr-xr-x: Operation not permitted
build	Cache Android SDK	2026-06-06T12:23:01.8942819Z /usr/bin/tar: ../../../../../usr/local/lib/android/sdk/platforms/android-37.0/data/res/values-mcc310-mnc800-it: Cannot utime: Operation not permitted
build	Cache Android SDK	2026-06-06T12:23:01.8943736Z /usr/bin/tar: ../../../../../usr/local/lib/android/sdk/platforms/android-37.0/data/res/values-mcc310-mnc800-it: Cannot change mode to rwxr-xr-x: Operation not permitted
build	Cache Android SDK	2026-06-06T12:23:01.8946333Z /usr/bin/tar: ../../../../../usr/local/lib/android/sdk/platforms/android-37.0/data/res/values-mcc310-mnc410-kk: Cannot utime: Operation not permitted
build	Cache Android SDK	2026-06-06T12:23:01.8947260Z /usr/bin/tar: ../../../../../usr/local/lib/android/sdk/platforms/android-37.0/data/res/values-mcc310-mnc410-kk: Cannot change mode to rwxr-xr-x: Operation not permitted
build	Cache Android SDK	2026-06-06T12:23:01.8949493Z /usr/bin/tar: ../../../../../usr/local/lib/android/sdk/platforms/android-37.0/data/res/values-mcc310-mnc950-eu: Cannot utime: Operation not permitted
build	Cache Android SDK	2026-06-06T12:23:01.8950440Z /usr/bin/tar: ../../../../../usr/local/lib/android/sdk/platforms/android-37.0/data/res/values-mcc310-mnc950-eu: Cannot change mode to rwxr-xr-x: Operation not permitted
build	Cache Android SDK	2026-06-06T12:23:01.8952970Z /usr/bin/tar: ../../../../../usr/local/lib/android/sdk/platforms/android-37.0/data/res/values-mcc302-mnc720-af: Cannot utime: Operation not permitted
build	Cache Android SDK	2026-06-06T12:23:01.8953942Z /usr/bin/tar: ../../../../../usr/local/lib/android/sdk/platforms/android-37.0/data/res/values-mcc302-mnc720-af: Cannot change mode to rwxr-xr-x: Operation not permitted
build	Cache Android SDK	2026-06-06T12:23:01.8956719Z /usr/bin/tar: ../../../../../usr/local/lib/android/sdk/platforms/android-37.0/data/res/values-mcc334-mnc020-es: Cannot utime: Operation not permitted
build	Cache Android SDK	2026-06-06T12:23:01.8957970Z /usr/bin/tar: ../../../../../usr/local/lib/android/sdk/platforms/android-37.0/data/res/values-mcc334-mnc020-es: Cannot change mode to rwxr-xr-x: Operation not permitted
build	Cache Android SDK	2026-06-06T12:23:01.8960119Z /usr/bin/tar: ../../../../../usr/local/lib/android/sdk/platforms/android-37.0/data/res/values-mcc310-mnc410-be: Cannot utime: Operation not permitted
build	Cache Android SDK	2026-06-06T12:23:01.8961220Z /usr/bin/tar: ../../../../../usr/local/lib/android/sdk/platforms/android-37.0/data/res/values-mcc310-mnc410-be: Cannot change mode to rwxr-xr-x: Operation not permitted
build	Cache Android SDK	2026-06-06T12:23:01.8964020Z /usr/bin/tar: ../../../../../usr/local/lib/android/sdk/platforms/android-37.0/data/res/values-mcc310-mnc030-am: Cannot utime: Operation not permitted
build	Cache Android SDK	2026-06-06T12:23:01.8965022Z /usr/bin/tar: ../../../../../usr/local/lib/android/sdk/platforms/android-37.0/data/res/values-mcc310-mnc030-am: Cannot change mode to rwxr-xr-x: Operation not permitted
build	Cache Android SDK	2026-06-06T12:23:01.8971605Z /usr/bin/tar: ../../../../../usr/local/lib/android/sdk/platforms/android-37.0/data/res/values-sq: Cannot utime: Operation not permitted
build	Cache Android SDK	2026-06-06T12:23:01.8972508Z /usr/bin/tar: ../../../../../usr/local/lib/android/sdk/platforms/android-37.0/data/res/values-sq: Cannot change mode to rwxr-xr-x: Operation not permitted
build	Cache Android SDK	2026-06-06T12:23:01.8975300Z /usr/bin/tar: ../../../../../usr/local/lib/android/sdk/platforms/android-37.0/data/res/values-mcc310-mnc380-bs: Cannot utime: Operation not permitted
build	Cache Android SDK	2026-06-06T12:23:01.8976356Z /usr/bin/tar: ../../../../../usr/local/lib/android/sdk/platforms/android-37.0/data/res/values-mcc310-mnc380-bs: Cannot change mode to rwxr-xr-x: Operation not permitted
build	Cache Android SDK	2026-06-06T12:23:01.8978262Z /usr/bin/tar: ../../../../../usr/local/lib/android/sdk/platforms/android-37.0/data/res/values-mcc310-mnc660-te: Cannot utime: Operation not permitted
build	Cache Android SDK	2026-06-06T12:23:01.8979217Z /usr/bin/tar: ../../../../../usr/local/lib/android/sdk/platforms/android-37.0/data/res/values-mcc310-mnc660-te: Cannot change mode to rwxr-xr-x: Operation not permitted
build	Cache Android SDK	2026-06-06T12:23:01.8981883Z /usr/bin/tar: ../../../../../usr/local/lib/android/sdk/platforms/android-37.0/data/res/values-mcc310-mnc950-es: Cannot utime: Operation not permitted
build	Cache Android SDK	2026-06-06T12:23:01.8982898Z /usr/bin/tar: ../../../../../usr/local/lib/android/sdk/platforms/android-37.0/data/res/values-mcc310-mnc950-es: Cannot change mode to rwxr-xr-x: Operation not permitted
build	Cache Android SDK	2026-06-06T12:23:01.8985855Z /usr/bin/tar: ../../../../../usr/local/lib/android/sdk/platforms/android-37.0/data/res/xml-land: Cannot utime: Operation not permitted
build	Cache Android SDK	2026-06-06T12:23:01.8986708Z /usr/bin/tar: ../../../../../usr/local/lib/android/sdk/platforms/android-37.0/data/res/xml-land: Cannot change mode to rwxr-xr-x: Operation not permitted
build	Cache Android SDK	2026-06-06T12:23:01.8989469Z /usr/bin/tar: ../../../../../usr/local/lib/android/sdk/platforms/android-37.0/data/res/values-w225dp: Cannot utime: Operation not permitted
build	Cache Android SDK	2026-06-06T12:23:01.8990354Z /usr/bin/tar: ../../../../../usr/local/lib/android/sdk/platforms/android-37.0/data/res/values-w225dp: Cannot change mode to rwxr-xr-x: Operation not permitted
build	Cache Android SDK	2026-06-06T12:23:01.8992977Z /usr/bin/tar: ../../../../../usr/local/lib/android/sdk/platforms/android-37.0/data/res/values-mcc311-mnc180-pt-rPT: Cannot utime: Operation not permitted
build	Cache Android SDK	2026-06-06T12:23:01.8994060Z /usr/bin/tar: ../../../../../usr/local/lib/android/sdk/platforms/android-37.0/data/res/values-mcc311-mnc180-pt-rPT: Cannot change mode to rwxr-xr-x: Operation not permitted
build	Cache Android SDK	2026-06-06T12:23:01.8996071Z /usr/bin/tar: ../../../../../usr/local/lib/android/sdk/platforms/android-37.0/data/res/values-mcc310-mnc490-de: Cannot utime: Operation not permitted
build	Cache Android SDK	2026-06-06T12:23:01.8997105Z /usr/bin/tar: ../../../../../usr/local/lib/android/sdk/platforms/android-37.0/data/res/values-mcc310-mnc490-de: Cannot change mode to rwxr-xr-x: Operation not permitted
build	Cache Android SDK	2026-06-06T12:23:01.9004066Z /usr/bin/tar: ../../../../../usr/local/lib/android/sdk/platforms/android-37.0/data/res/values-mcc310-mnc150-sk: Cannot utime: Operation not permitted
build	Cache Android SDK	2026-06-06T12:23:01.9005797Z /usr/bin/tar: ../../../../../usr/local/lib/android/sdk/platforms/android-37.0/data/res/values-mcc310-mnc150-sk: Cannot change mode to rwxr-xr-x: Operation not permitted
build	Cache Android SDK	2026-06-06T12:23:01.9007607Z /usr/bin/tar: ../../../../../usr/local/lib/android/sdk/platforms/android-37.0/data/res/values-mcc310-mnc950-hy: Cannot utime: Operation not permitted
build	Cache Android SDK	2026-06-06T12:23:01.9009454Z /usr/bin/tar: ../../../../../usr/local/lib/android/sdk/platforms/android-37.0/data/res/values-mcc310-mnc950-hy: Cannot change mode to rwxr-xr-x: Operation not permitted
build	Cache Android SDK	2026-06-06T12:23:01.9010967Z /usr/bin/tar: ../../../../../usr/local/lib/android/sdk/platforms/android-37.0/data/res/values-am-rET: Cannot utime: Operation not permitted
build	Cache Android SDK	2026-06-06T12:23:01.9012571Z /usr/bin/tar: ../../../../../usr/local/lib/android/sdk/platforms/android-37.0/data/res/values-am-rET: Cannot change mode to rwxr-xr-x: Operation not permitted
build	Cache Android SDK	2026-06-06T12:23:01.9014137Z /usr/bin/tar: ../../../../../usr/local/lib/android/sdk/platforms/android-37.0/data/res/values-mcc310-mnc030-zh-rCN: Cannot utime: Operation not permitted
build	Cache Android SDK	2026-06-06T12:23:01.9015104Z /usr/bin/tar: ../../../../../usr/local/lib/android/sdk/platforms/android-37.0/data/res/values-mcc310-mnc030-zh-rCN: Cannot change mode to rwxr-xr-x: Operation not permitted
build	Cache Android SDK	2026-06-06T12:23:01.9016341Z /usr/bin/tar: ../../../../../usr/local/lib/android/sdk/platforms/android-37.0/data/res/raw-tr: Cannot utime: Operation not permitted
build	Cache Android SDK	2026-06-06T12:23:01.9017969Z /usr/bin/tar: ../../../../../usr/local/lib/android/sdk/platforms/android-37.0/data/res/raw-tr: Cannot change mode to rwxr-xr-x: Operation not permitted
build	Cache Android SDK	2026-06-06T12:23:01.9018960Z /usr/bin/tar: ../../../../../usr/local/lib/android/sdk/platforms/android-37.0/data/res/values-mcc310-mnc230-lo: Cannot utime: Operation not permitted
build	Cache Android SDK	2026-06-06T12:23:01.9019911Z /usr/bin/tar: ../../../../../usr/local/lib/android/sdk/platforms/android-37.0/data/res/values-mcc310-mnc230-lo: Cannot change mode to rwxr-xr-x: Operation not permitted
build	Cache Android SDK	2026-06-06T12:23:01.9023156Z /usr/bin/tar: ../../../../../usr/local/lib/android/sdk/platforms/android-37.0/data/res/values-mcc310-mnc240-kk: Cannot utime: Operation not permitted
build	Cache Android SDK	2026-06-06T12:23:01.9025268Z /usr/bin/tar: ../../../../../usr/local/lib/android/sdk/platforms/android-37.0/data/res/values-mcc310-mnc240-kk: Cannot change mode to rwxr-xr-x: Operation not permitted
build	Cache Android SDK	2026-06-06T12:23:01.9027290Z /usr/bin/tar: ../../../../../usr/local/lib/android/sdk/platforms/android-37.0/data/res/values-mcc312-mnc670-ru: Cannot utime: Operation not permitted
build	Cache Android SDK	2026-06-06T12:23:01.9029713Z /usr/bin/tar: ../../../../../usr/local/lib/android/sdk/platforms/android-37.0/data/res/values-mcc312-mnc670-ru: Cannot change mode to rwxr-xr-x: Operation not permitted
build	Cache Android SDK	2026-06-06T12:23:01.9031559Z /usr/bin/tar: ../../../../../usr/local/lib/android/sdk/platforms/android-37.0/data/res/values-mcc310-mnc210-ky: Cannot utime: Operation not permitted
build	Cache Android SDK	2026-06-06T12:23:01.9033221Z /usr/bin/tar: ../../../../../usr/local/lib/android/sdk/platforms/android-37.0/data/res/values-mcc310-mnc210-ky: Cannot change mode to rwxr-xr-x: Operation not permitted
build	Cache Android SDK	2026-06-06T12:23:01.9042727Z /usr/bin/tar: ../../../../../usr/local/lib/android/sdk/platforms/android-37.0/data/res/values-en-rAU: Cannot utime: Operation not permitted
build	Cache Android SDK	2026-06-06T12:23:01.9045876Z /usr/bin/tar: ../../../../../usr/local/lib/android/sdk/platforms/android-37.0/data/res/values-en-rAU: Cannot change mode to rwxr-xr-x: Operation not permitted
build	Cache Android SDK	2026-06-06T12:23:01.9048865Z /usr/bin/tar: ../../../../../usr/local/lib/android/sdk/platforms/android-37.0/data/res/values-mcc310-mnc230-hy: Cannot utime: Operation not permitted
build	Cache Android SDK	2026-06-06T12:23:01.9050939Z /usr/bin/tar: ../../../../../usr/local/lib/android/sdk/platforms/android-37.0/data/res/values-mcc310-mnc230-hy: Cannot change mode to rwxr-xr-x: Operation not permitted
build	Cache Android SDK	2026-06-06T12:23:01.9061942Z /usr/bin/tar: ../../../../../usr/local/lib/android/sdk/platforms/android-37.0/data/res/values-mcc310-mnc150-en-rXC: Cannot utime: Operation not permitted
build	Cache Android SDK	2026-06-06T12:23:01.9063183Z /usr/bin/tar: ../../../../../usr/local/lib/android/sdk/platforms/android-37.0/data/res/values-mcc310-mnc150-en-rXC: Cannot change mode to rwxr-xr-x: Operation not permitted
build	Cache Android SDK	2026-06-06T12:23:01.9064420Z /usr/bin/tar: ../../../../../usr/local/lib/android/sdk/platforms/android-37.0/data/res/values-zh-rHK: Cannot utime: Operation not permitted
build	Cache Android SDK	2026-06-06T12:23:01.9065286Z /usr/bin/tar: ../../../../../usr/local/lib/android/sdk/platforms/android-37.0/data/res/values-zh-rHK: Cannot change mode to rwxr-xr-x: Operation not permitted
build	Cache Android SDK	2026-06-06T12:23:01.9066173Z /usr/bin/tar: ../../../../../usr/local/lib/android/sdk/platforms/android-37.0/data/res/values-en-rIN-watch: Cannot utime: Operation not permitted
build	Cache Android SDK	2026-06-06T12:23:01.9067579Z /usr/bin/tar: ../../../../../usr/local/lib/android/sdk/platforms/android-37.0/data/res/values-en-rIN-watch: Cannot change mode to rwxr-xr-x: Operation not permitted
build	Cache Android SDK	2026-06-06T12:23:01.9068942Z /usr/bin/tar: ../../../../../usr/local/lib/android/sdk/platforms/android-37.0/data/res/values-mcc312-mnc670-am: Cannot utime: Operation not permitted
build	Cache Android SDK	2026-06-06T12:23:01.9069934Z /usr/bin/tar: ../../../../../usr/local/lib/android/sdk/platforms/android-37.0/data/res/values-mcc312-mnc670-am: Cannot change mode to rwxr-xr-x: Operation not permitted
build	Cache Android SDK	2026-06-06T12:23:01.9071459Z /usr/bin/tar: ../../../../../usr/local/lib/android/sdk/platforms/android-37.0/data/res/values-mcc310-mnc660-el: Cannot utime: Operation not permitted
build	Cache Android SDK	2026-06-06T12:23:01.9072451Z /usr/bin/tar: ../../../../../usr/local/lib/android/sdk/platforms/android-37.0/data/res/values-mcc310-mnc660-el: Cannot change mode to rwxr-xr-x: Operation not permitted
build	Cache Android SDK	2026-06-06T12:23:01.9073693Z /usr/bin/tar: ../../../../../usr/local/lib/android/sdk/platforms/android-37.0/data/res/values-mcc310-mnc310-vi: Cannot utime: Operation not permitted
build	Cache Android SDK	2026-06-06T12:23:01.9074883Z /usr/bin/tar: ../../../../../usr/local/lib/android/sdk/platforms/android-37.0/data/res/values-mcc310-mnc310-vi: Cannot change mode to rwxr-xr-x: Operation not permitted
build	Cache Android SDK	2026-06-06T12:23:01.9075861Z /usr/bin/tar: ../../../../../usr/local/lib/android/sdk/platforms/android-37.0/data/res/values-mcc310-mnc240-af: Cannot utime: Operation not permitted
build	Cache Android SDK	2026-06-06T12:23:01.9077529Z /usr/bin/tar: ../../../../../usr/local/lib/android/sdk/platforms/android-37.0/data/res/values-mcc310-mnc240-af: Cannot change mode to rwxr-xr-x: Operation not permitted
build	Cache Android SDK	2026-06-06T12:23:01.9078556Z /usr/bin/tar: ../../../../../usr/local/lib/android/sdk/platforms/android-37.0/data/res/values-mcc310-mnc490-uk: Cannot utime: Operation not permitted
build	Cache Android SDK	2026-06-06T12:23:01.9079757Z /usr/bin/tar: ../../../../../usr/local/lib/android/sdk/platforms/android-37.0/data/res/values-mcc310-mnc490-uk: Cannot change mode to rwxr-xr-x: Operation not permitted
build	Cache Android SDK	2026-06-06T12:23:01.9080943Z /usr/bin/tar: ../../../../../usr/local/lib/android/sdk/platforms/android-37.0/data/res/values-mcc310-mnc210-pa: Cannot utime: Operation not permitted
build	Cache Android SDK	2026-06-06T12:23:01.9081925Z /usr/bin/tar: ../../../../../usr/local/lib/android/sdk/platforms/android-37.0/data/res/values-mcc310-mnc210-pa: Cannot change mode to rwxr-xr-x: Operation not permitted
build	Cache Android SDK	2026-06-06T12:23:01.9082851Z /usr/bin/tar: ../../../../../usr/local/lib/android/sdk/platforms/android-37.0/data/res/values-mcc310-mnc380-ro: Cannot utime: Operation not permitted
build	Cache Android SDK	2026-06-06T12:23:01.9084281Z /usr/bin/tar: ../../../../../usr/local/lib/android/sdk/platforms/android-37.0/data/res/values-mcc310-mnc380-ro: Cannot change mode to rwxr-xr-x: Operation not permitted
build	Cache Android SDK	2026-06-06T12:23:01.9090753Z /usr/bin/tar: ../../../../../usr/local/lib/android/sdk/platforms/android-37.0/data/res/values-ta: Cannot utime: Operation not permitted
build	Cache Android SDK	2026-06-06T12:23:01.9091635Z /usr/bin/tar: ../../../../../usr/local/lib/android/sdk/platforms/android-37.0/data/res/values-ta: Cannot change mode to rwxr-xr-x: Operation not permitted
build	Cache Android SDK	2026-06-06T12:23:01.9098267Z /usr/bin/tar: ../../../../../usr/local/lib/android/sdk/platforms/android-37.0/data/res/values-mcc310-mnc800-ml: Cannot utime: Operation not permitted
build	Cache Android SDK	2026-06-06T12:23:01.9099284Z /usr/bin/tar: ../../../../../usr/local/lib/android/sdk/platforms/android-37.0/data/res/values-mcc310-mnc800-ml: Cannot change mode to rwxr-xr-x: Operation not permitted
build	Cache Android SDK	2026-06-06T12:23:01.9100321Z /usr/bin/tar: ../../../../../usr/local/lib/android/sdk/platforms/android-37.0/data/res/values-mcc313-mnc100-mr: Cannot utime: Operation not permitted
build	Cache Android SDK	2026-06-06T12:23:01.9101473Z /usr/bin/tar: ../../../../../usr/local/lib/android/sdk/platforms/android-37.0/data/res/values-mcc313-mnc100-mr: Cannot change mode to rwxr-xr-x: Operation not permitted
build	Cache Android SDK	2026-06-06T12:23:01.9102389Z /usr/bin/tar: ../../../../../usr/local/lib/android/sdk/platforms/android-37.0/data/res/values-mcc302-mnc370-sw: Cannot utime: Operation not permitted
build	Cache Android SDK	2026-06-06T12:23:01.9103614Z /usr/bin/tar: ../../../../../usr/local/lib/android/sdk/platforms/android-37.0/data/res/values-mcc302-mnc370-sw: Cannot change mode to rwxr-xr-x: Operation not permitted
build	Cache Android SDK	2026-06-06T12:23:01.9105073Z /usr/bin/tar: ../../../../../usr/local/lib/android/sdk/platforms/android-37.0/data/res/values-mcc302-mnc720-en-rAU: Cannot utime: Operation not permitted
build	Cache Android SDK	2026-06-06T12:23:01.9106099Z /usr/bin/tar: ../../../../../usr/local/lib/android/sdk/platforms/android-37.0/data/res/values-mcc302-mnc720-en-rAU: Cannot change mode to rwxr-xr-x: Operation not permitted
build	Cache Android SDK	2026-06-06T12:23:01.9112335Z /usr/bin/tar: ../../../../../usr/local/lib/android/sdk/platforms/android-37.0/data/res/values-pt: Cannot utime: Operation not permitted
build	Cache Android SDK	2026-06-06T12:23:01.9113308Z /usr/bin/tar: ../../../../../usr/local/lib/android/sdk/platforms/android-37.0/data/res/values-pt: Cannot change mode to rwxr-xr-x: Operation not permitted
build	Cache Android SDK	2026-06-06T12:23:01.9114659Z /usr/bin/tar: ../../../../../usr/local/lib/android/sdk/platforms/android-37.0/data/res/values-ur-watch: Cannot utime: Operation not permitted
build	Cache Android SDK	2026-06-06T12:23:01.9115683Z /usr/bin/tar: ../../../../../usr/local/lib/android/sdk/platforms/android-37.0/data/res/values-ur-watch: Cannot change mode to rwxr-xr-x: Operation not permitted
build	Cache Android SDK	2026-06-06T12:23:01.9118101Z /usr/bin/tar: ../../../../../usr/local/lib/android/sdk/platforms/android-37.0/data/res/values-mcc310-mnc310-lt: Cannot utime: Operation not permitted
build	Cache Android SDK	2026-06-06T12:23:01.9119157Z /usr/bin/tar: ../../../../../usr/local/lib/android/sdk/platforms/android-37.0/data/res/values-mcc310-mnc310-lt: Cannot change mode to rwxr-xr-x: Operation not permitted
build	Cache Android SDK	2026-06-06T12:23:01.9121559Z /usr/bin/tar: ../../../../../usr/local/lib/android/sdk/platforms/android-37.0/data/res/values-mcc310-mnc660-kk: Cannot utime: Operation not permitted
build	Cache Android SDK	2026-06-06T12:23:01.9122616Z /usr/bin/tar: ../../../../../usr/local/lib/android/sdk/platforms/android-37.0/data/res/values-mcc310-mnc660-kk: Cannot change mode to rwxr-xr-x: Operation not permitted
build	Cache Android SDK	2026-06-06T12:23:01.9125005Z /usr/bin/tar: ../../../../../usr/local/lib/android/sdk/platforms/android-37.0/data/res/values-cs-rCZ: Cannot utime: Operation not permitted
build	Cache Android SDK	2026-06-06T12:23:01.9125896Z /usr/bin/tar: ../../../../../usr/local/lib/android/sdk/platforms/android-37.0/data/res/values-cs-rCZ: Cannot change mode to rwxr-xr-x: Operation not permitted
build	Cache Android SDK	2026-06-06T12:23:01.9128256Z /usr/bin/tar: ../../../../../usr/local/lib/android/sdk/platforms/android-37.0/data/res/values-mcc450-mnc05: Cannot utime: Operation not permitted
build	Cache Android SDK	2026-06-06T12:23:01.9129197Z /usr/bin/tar: ../../../../../usr/local/lib/android/sdk/platforms/android-37.0/data/res/values-mcc450-mnc05: Cannot change mode to rwxr-xr-x: Operation not permitted
build	Cache Android SDK	2026-06-06T12:23:01.9132226Z /usr/bin/tar: ../../../../../usr/local/lib/android/sdk/platforms/android-37.0/data/res/values-mcc313-mnc100-vi: Cannot utime: Operation not permitted
build	Cache Android SDK	2026-06-06T12:23:01.9133684Z /usr/bin/tar: ../../../../../usr/local/lib/android/sdk/platforms/android-37.0/data/res/values-mcc313-mnc100-vi: Cannot change mode to rwxr-xr-x: Operation not permitted
build	Cache Android SDK	2026-06-06T12:23:01.9135052Z /usr/bin/tar: ../../../../../usr/local/lib/android/sdk/platforms/android-37.0/data/res/values-it-television: Cannot utime: Operation not permitted
build	Cache Android SDK	2026-06-06T12:23:01.9135977Z /usr/bin/tar: ../../../../../usr/local/lib/android/sdk/platforms/android-37.0/data/res/values-it-television: Cannot change mode to rwxr-xr-x: Operation not permitted
build	Cache Android SDK	2026-06-06T12:23:01.9138165Z /usr/bin/tar: ../../../../../usr/local/lib/android/sdk/platforms/android-37.0/data/res/values-mcc310-mnc950-as: Cannot utime: Operation not permitted
build	Cache Android SDK	2026-06-06T12:23:01.9139118Z /usr/bin/tar: ../../../../../usr/local/lib/android/sdk/platforms/android-37.0/data/res/values-mcc310-mnc950-as: Cannot change mode to rwxr-xr-x: Operation not permitted
build	Cache Android SDK	2026-06-06T12:23:01.9141840Z /usr/bin/tar: ../../../../../usr/local/lib/android/sdk/platforms/android-37.0/data/res/values-mcc302-mnc370-lt: Cannot utime: Operation not permitted
build	Cache Android SDK	2026-06-06T12:23:01.9143156Z /usr/bin/tar: ../../../../../usr/local/lib/android/sdk/platforms/android-37.0/data/res/values-mcc302-mnc370-lt: Cannot change mode to rwxr-xr-x: Operation not permitted
build	Cache Android SDK	2026-06-06T12:23:01.9144657Z /usr/bin/tar: ../../../../../usr/local/lib/android/sdk/platforms/android-37.0/data/res/values-mcc310-mnc230-ky: Cannot utime: Operation not permitted
build	Cache Android SDK	2026-06-06T12:23:01.9145583Z /usr/bin/tar: ../../../../../usr/local/lib/android/sdk/platforms/android-37.0/data/res/values-mcc310-mnc230-ky: Cannot change mode to rwxr-xr-x: Operation not permitted
build	Cache Android SDK	2026-06-06T12:23:01.9147781Z /usr/bin/tar: ../../../../../usr/local/lib/android/sdk/platforms/android-37.0/data/res/values-mcc310-mnc210-sw: Cannot utime: Operation not permitted
build	Cache Android SDK	2026-06-06T12:23:01.9148738Z /usr/bin/tar: ../../../../../usr/local/lib/android/sdk/platforms/android-37.0/data/res/values-mcc310-mnc210-sw: Cannot change mode to rwxr-xr-x: Operation not permitted
build	Cache Android SDK	2026-06-06T12:23:01.9151258Z /usr/bin/tar: ../../../../../usr/local/lib/android/sdk/platforms/android-37.0/data/res/values-mcc310-mnc490-hr: Cannot utime: Operation not permitted
build	Cache Android SDK	2026-06-06T12:23:01.9152345Z /usr/bin/tar: ../../../../../usr/local/lib/android/sdk/platforms/android-37.0/data/res/values-mcc310-mnc490-hr: Cannot change mode to rwxr-xr-x: Operation not permitted
build	Cache Android SDK	2026-06-06T12:23:01.9154953Z /usr/bin/tar: ../../../../../usr/local/lib/android/sdk/platforms/android-37.0/data/res/values-mcc310-mnc410-az: Cannot utime: Operation not permitted
build	Cache Android SDK	2026-06-06T12:23:01.9156355Z /usr/bin/tar: ../../../../../usr/local/lib/android/sdk/platforms/android-37.0/data/res/values-mcc310-mnc410-az: Cannot change mode to rwxr-xr-x: Operation not permitted
build	Cache Android SDK	2026-06-06T12:23:01.9157981Z /usr/bin/tar: ../../../../../usr/local/lib/android/sdk/platforms/android-37.0/data/res/values-mcc310-mnc380-kn: Cannot utime: Operation not permitted
build	Cache Android SDK	2026-06-06T12:23:01.9158929Z /usr/bin/tar: ../../../../../usr/local/lib/android/sdk/platforms/android-37.0/data/res/values-mcc310-mnc380-kn: Cannot change mode to rwxr-xr-x: Operation not permitted
build	Cache Android SDK	2026-06-06T12:23:01.9161788Z /usr/bin/tar: ../../../../../usr/local/lib/android/sdk/platforms/android-37.0/data/res/values-mcc310-mnc150-mn: Cannot utime: Operation not permitted
build	Cache Android SDK	2026-06-06T12:23:01.9163260Z /usr/bin/tar: ../../../../../usr/local/lib/android/sdk/platforms/android-37.0/data/res/values-mcc310-mnc150-mn: Cannot change mode to rwxr-xr-x: Operation not permitted
build	Cache Android SDK	2026-06-06T12:23:01.9164640Z /usr/bin/tar: ../../../../../usr/local/lib/android/sdk/platforms/android-37.0/data/res/values-mcc310-mnc150-mr: Cannot utime: Operation not permitted
build	Cache Android SDK	2026-06-06T12:23:01.9165597Z /usr/bin/tar: ../../../../../usr/local/lib/android/sdk/platforms/android-37.0/data/res/values-mcc310-mnc150-mr: Cannot change mode to rwxr-xr-x: Operation not permitted
build	Cache Android SDK	2026-06-06T12:23:01.9168275Z /usr/bin/tar: ../../../../../usr/local/lib/android/sdk/platforms/android-37.0/data/res/values-mcc310-mnc220-ca: Cannot utime: Operation not permitted
build	Cache Android SDK	2026-06-06T12:23:01.9169237Z /usr/bin/tar: ../../../../../usr/local/lib/android/sdk/platforms/android-37.0/data/res/values-mcc310-mnc220-ca: Cannot change mode to rwxr-xr-x: Operation not permitted
build	Cache Android SDK	2026-06-06T12:23:01.9172389Z /usr/bin/tar: ../../../../../usr/local/lib/android/sdk/platforms/android-37.0/data/res/values-mcc310-mnc490-hu: Cannot utime: Operation not permitted
build	Cache Android SDK	2026-06-06T12:23:01.9173373Z /usr/bin/tar: ../../../../../usr/local/lib/android/sdk/platforms/android-37.0/data/res/values-mcc310-mnc490-hu: Cannot change mode to rwxr-xr-x: Operation not permitted
build	Cache Android SDK	2026-06-06T12:23:01.9176197Z /usr/bin/tar: ../../../../../usr/local/lib/android/sdk/platforms/android-37.0/data/res/values-mcc310-mnc310-it: Cannot utime: Operation not permitted
build	Cache Android SDK	2026-06-06T12:23:01.9177141Z /usr/bin/tar: ../../../../../usr/local/lib/android/sdk/platforms/android-37.0/data/res/values-mcc310-mnc310-it: Cannot change mode to rwxr-xr-x: Operation not permitted
build	Cache Android SDK	2026-06-06T12:23:01.9185063Z /usr/bin/tar: ../../../../../usr/local/lib/android/sdk/platforms/android-37.0/data/res/values-mcc310-mnc220-zh-rCN: Cannot utime: Operation not permitted
build	Cache Android SDK	2026-06-06T12:23:01.9186160Z /usr/bin/tar: ../../../../../usr/local/lib/android/sdk/platforms/android-37.0/data/res/values-mcc310-mnc220-zh-rCN: Cannot change mode to rwxr-xr-x: Operation not permitted
build	Cache Android SDK	2026-06-06T12:23:01.9189558Z /usr/bin/tar: ../../../../../usr/local/lib/android/sdk/platforms/android-37.0/data/res/values-mcc311-mnc180-ro: Cannot utime: Operation not permitted
build	Cache Android SDK	2026-06-06T12:23:01.9190596Z /usr/bin/tar: ../../../../../usr/local/lib/android/sdk/platforms/android-37.0/data/res/values-mcc311-mnc180-ro: Cannot change mode to rwxr-xr-x: Operation not permitted
build	Cache Android SDK	2026-06-06T12:23:01.9199269Z /usr/bin/tar: ../../../../../usr/local/lib/android/sdk/platforms/android-37.0/data/res/values-es-rMX: Cannot utime: Operation not permitted
build	Cache Android SDK	2026-06-06T12:23:01.9200217Z /usr/bin/tar: ../../../../../usr/local/lib/android/sdk/platforms/android-37.0/data/res/values-es-rMX: Cannot change mode to rwxr-xr-x: Operation not permitted
build	Cache Android SDK	2026-06-06T12:23:01.9207713Z /usr/bin/tar: ../../../../../usr/local/lib/android/sdk/platforms/android-37.0/data/res/values-hy: Cannot utime: Operation not permitted
build	Cache Android SDK	2026-06-06T12:23:01.9208578Z /usr/bin/tar: ../../../../../usr/local/lib/android/sdk/platforms/android-37.0/data/res/values-hy: Cannot change mode to rwxr-xr-x: Operation not permitted
build	Cache Android SDK	2026-06-06T12:23:01.9211165Z /usr/bin/tar: ../../../../../usr/local/lib/android/sdk/platforms/android-37.0/data/res/values-mcc310-mnc950-en-rAU: Cannot utime: Operation not permitted
build	Cache Android SDK	2026-06-06T12:23:01.9212387Z /usr/bin/tar: ../../../../../usr/local/lib/android/sdk/platforms/android-37.0/data/res/values-mcc310-mnc950-en-rAU: Cannot change mode to rwxr-xr-x: Operation not permitted
build	Cache Android SDK	2026-06-06T12:23:01.9214644Z /usr/bin/tar: ../../../../../usr/local/lib/android/sdk/platforms/android-37.0/data/res/values-mcc302-mnc370-it: Cannot utime: Operation not permitted
build	Cache Android SDK	2026-06-06T12:23:01.9215596Z /usr/bin/tar: ../../../../../usr/local/lib/android/sdk/platforms/android-37.0/data/res/values-mcc302-mnc370-it: Cannot change mode to rwxr-xr-x: Operation not permitted
build	Cache Android SDK	2026-06-06T12:23:01.9219721Z /usr/bin/tar: ../../../../../usr/local/lib/android/sdk/platforms/android-37.0/data/res/values-sw720dp: Cannot utime: Operation not permitted
build	Cache Android SDK	2026-06-06T12:23:01.9220615Z /usr/bin/tar: ../../../../../usr/local/lib/android/sdk/platforms/android-37.0/data/res/values-sw720dp: Cannot change mode to rwxr-xr-x: Operation not permitted
build	Cache Android SDK	2026-06-06T12:23:01.9222800Z /usr/bin/tar: ../../../../../usr/local/lib/android/sdk/platforms/android-37.0/data/res/layout-notround-watch: Cannot utime: Operation not permitted
build	Cache Android SDK	2026-06-06T12:23:01.9223759Z /usr/bin/tar: ../../../../../usr/local/lib/android/sdk/platforms/android-37.0/data/res/layout-notround-watch: Cannot change mode to rwxr-xr-x: Operation not permitted
build	Cache Android SDK	2026-06-06T12:23:01.9226305Z /usr/bin/tar: ../../../../../usr/local/lib/android/sdk/platforms/android-37.0/data/res/values-mcc310-mnc220-af: Cannot utime: Operation not permitted
build	Cache Android SDK	2026-06-06T12:23:01.9227242Z /usr/bin/tar: ../../../../../usr/local/lib/android/sdk/platforms/android-37.0/data/res/values-mcc310-mnc220-af: Cannot change mode to rwxr-xr-x: Operation not permitted
build	Cache Android SDK	2026-06-06T12:23:01.9230629Z /usr/bin/tar: ../../../../../usr/local/lib/android/sdk/platforms/android-37.0/data/res/values-mcc310-mnc270-cs: Cannot utime: Operation not permitted
build	Cache Android SDK	2026-06-06T12:23:01.9231638Z /usr/bin/tar: ../../../../../usr/local/lib/android/sdk/platforms/android-37.0/data/res/values-mcc310-mnc270-cs: Cannot change mode to rwxr-xr-x: Operation not permitted
build	Cache Android SDK	2026-06-06T12:23:01.9234311Z /usr/bin/tar: ../../../../../usr/local/lib/android/sdk/platforms/android-37.0/data/res/values-mcc310-mnc490-kn: Cannot utime: Operation not permitted
build	Cache Android SDK	2026-06-06T12:23:01.9235448Z /usr/bin/tar: ../../../../../usr/local/lib/android/sdk/platforms/android-37.0/data/res/values-mcc310-mnc490-kn: Cannot change mode to rwxr-xr-x: Operation not permitted
build	Cache Android SDK	2026-06-06T12:23:01.9237025Z /usr/bin/tar: ../../../../../usr/local/lib/android/sdk/platforms/android-37.0/data/res/values-mcc310-mnc660-pl: Cannot utime: Operation not permitted
build	Cache Android SDK	2026-06-06T12:23:01.9238142Z /usr/bin/tar: ../../../../../usr/local/lib/android/sdk/platforms/android-37.0/data/res/values-mcc310-mnc660-pl: Cannot change mode to rwxr-xr-x: Operation not permitted
build	Cache Android SDK	2026-06-06T12:23:01.9239932Z /usr/bin/tar: ../../../../../usr/local/lib/android/sdk/platforms/android-37.0/data/res/values-mcc312-mnc670-te: Cannot utime: Operation not permitted
build	Cache Android SDK	2026-06-06T12:23:01.9240887Z /usr/bin/tar: ../../../../../usr/local/lib/android/sdk/platforms/android-37.0/data/res/values-mcc312-mnc670-te: Cannot change mode to rwxr-xr-x: Operation not permitted
build	Cache Android SDK	2026-06-06T12:23:01.9243162Z /usr/bin/tar: ../../../../../usr/local/lib/android/sdk/platforms/android-37.0/data/res/values-mcc310-mnc160-hr: Cannot utime: Operation not permitted
build	Cache Android SDK	2026-06-06T12:23:01.9244132Z /usr/bin/tar: ../../../../../usr/local/lib/android/sdk/platforms/android-37.0/data/res/values-mcc310-mnc160-hr: Cannot change mode to rwxr-xr-x: Operation not permitted
build	Cache Android SDK	2026-06-06T12:23:01.9246442Z /usr/bin/tar: ../../../../../usr/local/lib/android/sdk/platforms/android-37.0/data/res/values-mcc310-mnc800-af: Cannot utime: Operation not permitted
build	Cache Android SDK	2026-06-06T12:23:01.9247606Z /usr/bin/tar: ../../../../../usr/local/lib/android/sdk/platforms/android-37.0/data/res/values-mcc310-mnc800-af: Cannot change mode to rwxr-xr-x: Operation not permitted
build	Cache Android SDK	2026-06-06T12:23:01.9249368Z /usr/bin/tar: ../../../../../usr/local/lib/android/sdk/platforms/android-37.0/data/res/values-mcc310-mnc310-nl: Cannot utime: Operation not permitted
build	Cache Android SDK	2026-06-06T12:23:01.9250422Z /usr/bin/tar: ../../../../../usr/local/lib/android/sdk/platforms/android-37.0/data/res/values-mcc310-mnc310-nl: Cannot change mode to rwxr-xr-x: Operation not permitted
build	Cache Android SDK	2026-06-06T12:23:01.9252582Z /usr/bin/tar: ../../../../../usr/local/lib/android/sdk/platforms/android-37.0/data/res/values-sv-rSE: Cannot utime: Operation not permitted
build	Cache Android SDK	2026-06-06T12:23:01.9253492Z /usr/bin/tar: ../../../../../usr/local/lib/android/sdk/platforms/android-37.0/data/res/values-sv-rSE: Cannot change mode to rwxr-xr-x: Operation not permitted
build	Cache Android SDK	2026-06-06T12:23:01.9256770Z /usr/bin/tar: ../../../../../usr/local/lib/android/sdk/platforms/android-37.0/data/res/values-mcc310-mnc170-hu: Cannot utime: Operation not permitted
build	Cache Android SDK	2026-06-06T12:23:01.9258703Z /usr/bin/tar: ../../../../../usr/local/lib/android/sdk/platforms/android-37.0/data/res/values-mcc310-mnc170-hu: Cannot change mode to rwxr-xr-x: Operation not permitted
build	Cache Android SDK	2026-06-06T12:23:01.9259872Z /usr/bin/tar: ../../../../../usr/local/lib/android/sdk/platforms/android-37.0/data/res/values-mcc302-mnc720-tl: Cannot utime: Operation not permitted
build	Cache Android SDK	2026-06-06T12:23:01.9260869Z /usr/bin/tar: ../../../../../usr/local/lib/android/sdk/platforms/android-37.0/data/res/values-mcc302-mnc720-tl: Cannot change mode to rwxr-xr-x: Operation not permitted
build	Cache Android SDK	2026-06-06T12:23:01.9262231Z /usr/bin/tar: ../../../../../usr/local/lib/android/sdk/platforms/android-37.0/data/res/values-mcc001-mnc01-nb: Cannot utime: Operation not permitted
build	Cache Android SDK	2026-06-06T12:23:01.9263161Z /usr/bin/tar: ../../../../../usr/local/lib/android/sdk/platforms/android-37.0/data/res/values-mcc001-mnc01-nb: Cannot change mode to rwxr-xr-x: Operation not permitted
build	Cache Android SDK	2026-06-06T12:23:01.9265653Z /usr/bin/tar: ../../../../../usr/local/lib/android/sdk/platforms/android-37.0/data/res/values-mcc310-mnc150-tr: Cannot utime: Operation not permitted
build	Cache Android SDK	2026-06-06T12:23:01.9266586Z /usr/bin/tar: ../../../../../usr/local/lib/android/sdk/platforms/android-37.0/data/res/values-mcc310-mnc150-tr: Cannot change mode to rwxr-xr-x: Operation not permitted
build	Cache Android SDK	2026-06-06T12:23:01.9268964Z /usr/bin/tar: ../../../../../usr/local/lib/android/sdk/platforms/android-37.0/data/res/values-mcc310-mnc160-da: Cannot utime: Operation not permitted
build	Cache Android SDK	2026-06-06T12:23:01.9269890Z /usr/bin/tar: ../../../../../usr/local/lib/android/sdk/platforms/android-37.0/data/res/values-mcc310-mnc160-da: Cannot change mode to rwxr-xr-x: Operation not permitted
build	Cache Android SDK	2026-06-06T12:23:01.9283323Z /usr/bin/tar: ../../../../../usr/local/lib/android/sdk/platforms/android-37.0/data/res/values-mcc310-mnc240-lo: Cannot utime: Operation not permitted
build	Cache Android SDK	2026-06-06T12:23:01.9284427Z /usr/bin/tar: ../../../../../usr/local/lib/android/sdk/platforms/android-37.0/data/res/values-mcc310-mnc240-lo: Cannot change mode to rwxr-xr-x: Operation not permitted
build	Cache Android SDK	2026-06-06T12:23:01.9285838Z /usr/bin/tar: ../../../../../usr/local/lib/android/sdk/platforms/android-37.0/data/res/values-mcc310-mnc250-eu: Cannot utime: Operation not permitted
build	Cache Android SDK	2026-06-06T12:23:01.9286865Z /usr/bin/tar: ../../../../../usr/local/lib/android/sdk/platforms/android-37.0/data/res/values-mcc310-mnc250-eu: Cannot change mode to rwxr-xr-x: Operation not permitted
build	Cache Android SDK	2026-06-06T12:23:01.9288367Z /usr/bin/tar: ../../../../../usr/local/lib/android/sdk/platforms/android-37.0/data/res/raw-hu: Cannot utime: Operation not permitted
build	Cache Android SDK	2026-06-06T12:23:01.9289337Z /usr/bin/tar: ../../../../../usr/local/lib/android/sdk/platforms/android-37.0/data/res/raw-hu: Cannot change mode to rwxr-xr-x: Operation not permitted
build	Cache Android SDK	2026-06-06T12:23:01.9290344Z /usr/bin/tar: ../../../../../usr/local/lib/android/sdk/platforms/android-37.0/data/res/values-mcc302-mnc370-nb: Cannot utime: Operation not permitted
build	Cache Android SDK	2026-06-06T12:23:01.9291626Z /usr/bin/tar: ../../../../../usr/local/lib/android/sdk/platforms/android-37.0/data/res/values-mcc302-mnc370-nb: Cannot change mode to rwxr-xr-x: Operation not permitted
build	Cache Android SDK	2026-06-06T12:23:01.9292622Z /usr/bin/tar: ../../../../../usr/local/lib/android/sdk/platforms/android-37.0/data/res/values-pt-rBR-watch: Cannot utime: Operation not permitted
build	Cache Android SDK	2026-06-06T12:23:01.9293672Z /usr/bin/tar: ../../../../../usr/local/lib/android/sdk/platforms/android-37.0/data/res/values-pt-rBR-watch: Cannot change mode to rwxr-xr-x: Operation not permitted
build	Cache Android SDK	2026-06-06T12:23:01.9294765Z /usr/bin/tar: ../../../../../usr/local/lib/android/sdk/platforms/android-37.0/data/res/values-mcc310-mnc150-pt-rBR: Cannot utime: Operation not permitted
build	Cache Android SDK	2026-06-06T12:23:01.9295832Z /usr/bin/tar: ../../../../../usr/local/lib/android/sdk/platforms/android-37.0/data/res/values-mcc310-mnc150-pt-rBR: Cannot change mode to rwxr-xr-x: Operation not permitted
build	Cache Android SDK	2026-06-06T12:23:01.9296794Z /usr/bin/tar: ../../../../../usr/local/lib/android/sdk/platforms/android-37.0/data/res/values-mcc310-mnc660-b+sr+Latn: Cannot utime: Operation not permitted
build	Cache Android SDK	2026-06-06T12:23:01.9298022Z /usr/bin/tar: ../../../../../usr/local/lib/android/sdk/platforms/android-37.0/data/res/values-mcc310-mnc660-b+sr+Latn: Cannot change mode to rwxr-xr-x: Operation not permitted
build	Cache Android SDK	2026-06-06T12:23:01.9311583Z /usr/bin/tar: ../../../../../usr/local/lib/android/sdk/platforms/android-37.0/data/res/interpolator: Cannot utime: Operation not permitted
build	Cache Android SDK	2026-06-06T12:23:01.9312596Z /usr/bin/tar: ../../../../../usr/local/lib/android/sdk/platforms/android-37.0/data/res/interpolator: Cannot change mode to rwxr-xr-x: Operation not permitted
build	Cache Android SDK	2026-06-06T12:23:01.9314911Z /usr/bin/tar: ../../../../../usr/local/lib/android/sdk/platforms/android-37.0/data/res/values-mcc310-mnc030-ar: Cannot utime: Operation not permitted
build	Cache Android SDK	2026-06-06T12:23:01.9315879Z /usr/bin/tar: ../../../../../usr/local/lib/android/sdk/platforms/android-37.0/data/res/values-mcc310-mnc030-ar: Cannot change mode to rwxr-xr-x: Operation not permitted
build	Cache Android SDK	2026-06-06T12:23:01.9318451Z /usr/bin/tar: ../../../../../usr/local/lib/android/sdk/platforms/android-37.0/data/res/values-es-rUS-watch: Cannot utime: Operation not permitted
build	Cache Android SDK	2026-06-06T12:23:01.9319405Z /usr/bin/tar: ../../../../../usr/local/lib/android/sdk/platforms/android-37.0/data/res/values-es-rUS-watch: Cannot change mode to rwxr-xr-x: Operation not permitted
build	Cache Android SDK	2026-06-06T12:23:01.9321714Z /usr/bin/tar: ../../../../../usr/local/lib/android/sdk/platforms/android-37.0/data/res/values-gl-television: Cannot utime: Operation not permitted
build	Cache Android SDK	2026-06-06T12:23:01.9322679Z /usr/bin/tar: ../../../../../usr/local/lib/android/sdk/platforms/android-37.0/data/res/values-gl-television: Cannot change mode to rwxr-xr-x: Operation not permitted
build	Cache Android SDK	2026-06-06T12:23:01.9326674Z /usr/bin/tar: ../../../../../usr/local/lib/android/sdk/platforms/android-37.0/data/res/values-w227dp: Cannot utime: Operation not permitted
build	Cache Android SDK	2026-06-06T12:23:01.9327739Z /usr/bin/tar: ../../../../../usr/local/lib/android/sdk/platforms/android-37.0/data/res/values-w227dp: Cannot change mode to rwxr-xr-x: Operation not permitted
build	Cache Android SDK	2026-06-06T12:23:01.9330923Z /usr/bin/tar: ../../../../../usr/local/lib/android/sdk/platforms/android-37.0/data/res/values-mcc310-mnc160-in: Cannot utime: Operation not permitted
build	Cache Android SDK	2026-06-06T12:23:01.9331880Z /usr/bin/tar: ../../../../../usr/local/lib/android/sdk/platforms/android-37.0/data/res/values-mcc310-mnc160-in: Cannot change mode to rwxr-xr-x: Operation not permitted
build	Cache Android SDK	2026-06-06T12:23:01.9334600Z /usr/bin/tar: ../../../../../usr/local/lib/android/sdk/platforms/android-37.0/data/res/values-mcc310-mnc280-lt: Cannot utime: Operation not permitted
build	Cache Android SDK	2026-06-06T12:23:01.9335541Z /usr/bin/tar: ../../../../../usr/local/lib/android/sdk/platforms/android-37.0/data/res/values-mcc310-mnc280-lt: Cannot change mode to rwxr-xr-x: Operation not permitted
build	Cache Android SDK	2026-06-06T12:23:01.9337966Z /usr/bin/tar: ../../../../../usr/local/lib/android/sdk/platforms/android-37.0/data/res/values-mcc310-mnc230-fr-rCA: Cannot utime: Operation not permitted
build	Cache Android SDK	2026-06-06T12:23:01.9338960Z /usr/bin/tar: ../../../../../usr/local/lib/android/sdk/platforms/android-37.0/data/res/values-mcc310-mnc230-fr-rCA: Cannot change mode to rwxr-xr-x: Operation not permitted
build	Cache Android SDK	2026-06-06T12:23:01.9341482Z /usr/bin/tar: ../../../../../usr/local/lib/android/sdk/platforms/android-37.0/data/res/values-mcc310-mnc170-ar: Cannot utime: Operation not permitted
build	Cache Android SDK	2026-06-06T12:23:01.9342529Z /usr/bin/tar: ../../../../../usr/local/lib/android/sdk/platforms/android-37.0/data/res/values-mcc310-mnc170-ar: Cannot change mode to rwxr-xr-x: Operation not permitted
build	Cache Android SDK	2026-06-06T12:23:01.9352287Z /usr/bin/tar: ../../../../../usr/local/lib/android/sdk/platforms/android-37.0/data/res/values-sl: Cannot utime: Operation not permitted
build	Cache Android SDK	2026-06-06T12:23:01.9353917Z /usr/bin/tar: ../../../../../usr/local/lib/android/sdk/platforms/android-37.0/data/res/values-sl: Cannot change mode to rwxr-xr-x: Operation not permitted
build	Cache Android SDK	2026-06-06T12:23:01.9354885Z /usr/bin/tar: ../../../../../usr/local/lib/android/sdk/platforms/android-37.0/data/res/values-mcc310-mnc030-da: Cannot utime: Operation not permitted
build	Cache Android SDK	2026-06-06T12:23:01.9355814Z /usr/bin/tar: ../../../../../usr/local/lib/android/sdk/platforms/android-37.0/data/res/values-mcc310-mnc030-da: Cannot change mode to rwxr-xr-x: Operation not permitted
build	Cache Android SDK	2026-06-06T12:23:01.9357850Z /usr/bin/tar: ../../../../../usr/local/lib/android/sdk/platforms/android-37.0/data/res/values-mcc510-mnc08: Cannot utime: Operation not permitted
build	Cache Android SDK	2026-06-06T12:23:01.9358760Z /usr/bin/tar: ../../../../../usr/local/lib/android/sdk/platforms/android-37.0/data/res/values-mcc510-mnc08: Cannot change mode to rwxr-xr-x: Operation not permitted
build	Cache Android SDK	2026-06-06T12:23:01.9361528Z /usr/bin/tar: ../../../../../usr/local/lib/android/sdk/platforms/android-37.0/data/res/values-fa-rIR: Cannot utime: Operation not permitted
build	Cache Android SDK	2026-06-06T12:23:01.9362425Z /usr/bin/tar: ../../../../../usr/local/lib/android/sdk/platforms/android-37.0/data/res/values-fa-rIR: Cannot change mode to rwxr-xr-x: Operation not permitted
build	Cache Android SDK	2026-06-06T12:23:01.9364831Z /usr/bin/tar: ../../../../../usr/local/lib/android/sdk/platforms/android-37.0/data/res/values-en-rZA: Cannot utime: Operation not permitted
build	Cache Android SDK	2026-06-06T12:23:01.9365719Z /usr/bin/tar: ../../../../../usr/local/lib/android/sdk/platforms/android-37.0/data/res/values-en-rZA: Cannot change mode to rwxr-xr-x: Operation not permitted
build	Cache Android SDK	2026-06-06T12:23:01.9368248Z /usr/bin/tar: ../../../../../usr/local/lib/android/sdk/platforms/android-37.0/data/res/values-mcc310-mnc310-en-rGB: Cannot utime: Operation not permitted
build	Cache Android SDK	2026-06-06T12:23:01.9369226Z /usr/bin/tar: ../../../../../usr/local/lib/android/sdk/platforms/android-37.0/data/res/values-mcc310-mnc310-en-rGB: Cannot change mode to rwxr-xr-x: Operation not permitted
build	Cache Android SDK	2026-06-06T12:23:01.9371398Z /usr/bin/tar: ../../../../../usr/local/lib/android/sdk/platforms/android-37.0/data/res/values-mcc310-mnc270-tr: Cannot utime: Operation not permitted
build	Cache Android SDK	2026-06-06T12:23:01.9372338Z /usr/bin/tar: ../../../../../usr/local/lib/android/sdk/platforms/android-37.0/data/res/values-mcc310-mnc270-tr: Cannot change mode to rwxr-xr-x: Operation not permitted
build	Cache Android SDK	2026-06-06T12:23:01.9374670Z /usr/bin/tar: ../../../../../usr/local/lib/android/sdk/platforms/android-37.0/data/res/values-mcc312-mnc670-vi: Cannot utime: Operation not permitted
build	Cache Android SDK	2026-06-06T12:23:01.9375606Z /usr/bin/tar: ../../../../../usr/local/lib/android/sdk/platforms/android-37.0/data/res/values-mcc312-mnc670-vi: Cannot change mode to rwxr-xr-x: Operation not permitted
build	Cache Android SDK	2026-06-06T12:23:01.9378442Z /usr/bin/tar: ../../../../../usr/local/lib/android/sdk/platforms/android-37.0/data/res/values-mcc310-mnc200-tl: Cannot utime: Operation not permitted
build	Cache Android SDK	2026-06-06T12:23:01.9379472Z /usr/bin/tar: ../../../../../usr/local/lib/android/sdk/platforms/android-37.0/data/res/values-mcc310-mnc200-tl: Cannot change mode to rwxr-xr-x: Operation not permitted
build	Cache Android SDK	2026-06-06T12:23:01.9382284Z /usr/bin/tar: ../../../../../usr/local/lib/android/sdk/platforms/android-37.0/data/res/values-mcc311-mnc180-az: Cannot utime: Operation not permitted
build	Cache Android SDK	2026-06-06T12:23:01.9382743Z /usr/bin/tar: ../../../../../usr/local/lib/android/sdk/platforms/android-37.0/data/res/values-mcc311-mnc180-az: Cannot change mode to rwxr-xr-x: Operation not permitted
build	Cache Android SDK	2026-06-06T12:23:01.9385228Z /usr/bin/tar: ../../../../../usr/local/lib/android/sdk/platforms/android-37.0/data/res/values-mcc310-mnc800-ky: Cannot utime: Operation not permitted
build	Cache Android SDK	2026-06-06T12:23:01.9386188Z /usr/bin/tar: ../../../../../usr/local/lib/android/sdk/platforms/android-37.0/data/res/values-mcc310-mnc800-ky: Cannot change mode to rwxr-xr-x: Operation not permitted
build	Cache Android SDK	2026-06-06T12:23:01.9391364Z /usr/bin/tar: ../../../../../usr/local/lib/android/sdk/platforms/android-37.0/data/res/values-mcc310-mnc170-da: Cannot utime: Operation not permitted
build	Cache Android SDK	2026-06-06T12:23:01.9391841Z /usr/bin/tar: ../../../../../usr/local/lib/android/sdk/platforms/android-37.0/data/res/values-mcc310-mnc170-da: Cannot change mode to rwxr-xr-x: Operation not permitted
build	Cache Android SDK	2026-06-06T12:23:01.9394223Z /usr/bin/tar: ../../../../../usr/local/lib/android/sdk/platforms/android-37.0/data/res/values-mcc310-mnc280-hu: Cannot utime: Operation not permitted
build	Cache Android SDK	2026-06-06T12:23:01.9395077Z /usr/bin/tar: ../../../../../usr/local/lib/android/sdk/platforms/android-37.0/data/res/values-mcc310-mnc280-hu: Cannot change mode to rwxr-xr-x: Operation not permitted
build	Cache Android SDK	2026-06-06T12:23:01.9397994Z /usr/bin/tar: ../../../../../usr/local/lib/android/sdk/platforms/android-37.0/data/res/values-es-rHN: Cannot utime: Operation not permitted
build	Cache Android SDK	2026-06-06T12:23:01.9398442Z /usr/bin/tar: ../../../../../usr/local/lib/android/sdk/platforms/android-37.0/data/res/values-es-rHN: Cannot change mode to rwxr-xr-x: Operation not permitted
build	Cache Android SDK	2026-06-06T12:23:01.9400314Z /usr/bin/tar: ../../../../../usr/local/lib/android/sdk/platforms/android-37.0/data/res/values-mcc310-mnc200-en-rIN: Cannot utime: Operation not permitted
build	Cache Android SDK	2026-06-06T12:23:01.9400782Z /usr/bin/tar: ../../../../../usr/local/lib/android/sdk/platforms/android-37.0/data/res/values-mcc310-mnc200-en-rIN: Cannot change mode to rwxr-xr-x: Operation not permitted
build	Cache Android SDK	2026-06-06T12:23:01.9403650Z /usr/bin/tar: ../../../../../usr/local/lib/android/sdk/platforms/android-37.0/data/res/values-mcc310-mnc280-ko: Cannot utime: Operation not permitted
build	Cache Android SDK	2026-06-06T12:23:01.9404105Z /usr/bin/tar: ../../../../../usr/local/lib/android/sdk/platforms/android-37.0/data/res/values-mcc310-mnc280-ko: Cannot change mode to rwxr-xr-x: Operation not permitted
build	Cache Android SDK	2026-06-06T12:23:01.9407088Z /usr/bin/tar: ../../../../../usr/local/lib/android/sdk/platforms/android-37.0/data/res/values-mcc310-mnc490-en-rIN: Cannot utime: Operation not permitted
build	Cache Android SDK	2026-06-06T12:23:01.9407744Z /usr/bin/tar: ../../../../../usr/local/lib/android/sdk/platforms/android-37.0/data/res/values-mcc310-mnc490-en-rIN: Cannot change mode to rwxr-xr-x: Operation not permitted
build	Cache Android SDK	2026-06-06T12:23:01.9410239Z /usr/bin/tar: ../../../../../usr/local/lib/android/sdk/platforms/android-37.0/data/res/values-mcc310-mnc160-hy: Cannot utime: Operation not permitted
build	Cache Android SDK	2026-06-06T12:23:01.9410679Z /usr/bin/tar: ../../../../../usr/local/lib/android/sdk/platforms/android-37.0/data/res/values-mcc310-mnc160-hy: Cannot change mode to rwxr-xr-x: Operation not permitted
build	Cache Android SDK	2026-06-06T12:23:01.9413384Z /usr/bin/tar: ../../../../../usr/local/lib/android/sdk/platforms/android-37.0/data/res/values-mcc310-mnc200-af: Cannot utime: Operation not permitted
build	Cache Android SDK	2026-06-06T12:23:01.9413840Z /usr/bin/tar: ../../../../../usr/local/lib/android/sdk/platforms/android-37.0/data/res/values-mcc310-mnc200-af: Cannot change mode to rwxr-xr-x: Operation not permitted
build	Cache Android SDK	2026-06-06T12:23:01.9416557Z /usr/bin/tar: ../../../../../usr/local/lib/android/sdk/platforms/android-37.0/data/res/values-mcc313-mnc100-ms: Cannot utime: Operation not permitted
build	Cache Android SDK	2026-06-06T12:23:01.9417016Z /usr/bin/tar: ../../../../../usr/local/lib/android/sdk/platforms/android-37.0/data/res/values-mcc313-mnc100-ms: Cannot change mode to rwxr-xr-x: Operation not permitted
build	Cache Android SDK	2026-06-06T12:23:01.9419911Z /usr/bin/tar: ../../../../../usr/local/lib/android/sdk/platforms/android-37.0/data/res/values-mcc302-mnc370-pl: Cannot utime: Operation not permitted
build	Cache Android SDK	2026-06-06T12:23:01.9420359Z /usr/bin/tar: ../../../../../usr/local/lib/android/sdk/platforms/android-37.0/data/res/values-mcc302-mnc370-pl: Cannot change mode to rwxr-xr-x: Operation not permitted
build	Cache Android SDK	2026-06-06T12:23:01.9423145Z /usr/bin/tar: ../../../../../usr/local/lib/android/sdk/platforms/android-37.0/data/res/values-mcc310-mnc150-bn: Cannot utime: Operation not permitted
build	Cache Android SDK	2026-06-06T12:23:01.9423704Z /usr/bin/tar: ../../../../../usr/local/lib/android/sdk/platforms/android-37.0/data/res/values-mcc310-mnc150-bn: Cannot change mode to rwxr-xr-x: Operation not permitted
build	Cache Android SDK	2026-06-06T12:23:01.9426384Z /usr/bin/tar: ../../../../../usr/local/lib/android/sdk/platforms/android-37.0/data/res/values-mcc312-mnc670-iw: Cannot utime: Operation not permitted
build	Cache Android SDK	2026-06-06T12:23:01.9426839Z /usr/bin/tar: ../../../../../usr/local/lib/android/sdk/platforms/android-37.0/data/res/values-mcc312-mnc670-iw: Cannot change mode to rwxr-xr-x: Operation not permitted
build	Cache Android SDK	2026-06-06T12:23:01.9429495Z /usr/bin/tar: ../../../../../usr/local/lib/android/sdk/platforms/android-37.0/data/res/values-mcc310-mnc310-sw: Cannot utime: Operation not permitted
build	Cache Android SDK	2026-06-06T12:23:01.9429947Z /usr/bin/tar: ../../../../../usr/local/lib/android/sdk/platforms/android-37.0/data/res/values-mcc310-mnc310-sw: Cannot change mode to rwxr-xr-x: Operation not permitted
build	Cache Android SDK	2026-06-06T12:23:01.9433639Z /usr/bin/tar: ../../../../../usr/local/lib/android/sdk/platforms/android-37.0/data/res/values-mcc312-mnc670-zu: Cannot utime: Operation not permitted
build	Cache Android SDK	2026-06-06T12:23:01.9434085Z /usr/bin/tar: ../../../../../usr/local/lib/android/sdk/platforms/android-37.0/data/res/values-mcc312-mnc670-zu: Cannot change mode to rwxr-xr-x: Operation not permitted
build	Cache Android SDK	2026-06-06T12:23:01.9437200Z /usr/bin/tar: ../../../../../usr/local/lib/android/sdk/platforms/android-37.0/data/res/values-mcc310-mnc230-uz: Cannot utime: Operation not permitted
build	Cache Android SDK	2026-06-06T12:23:01.9437808Z /usr/bin/tar: ../../../../../usr/local/lib/android/sdk/platforms/android-37.0/data/res/values-mcc310-mnc230-uz: Cannot change mode to rwxr-xr-x: Operation not permitted
build	Cache Android SDK	2026-06-06T12:23:01.9440783Z /usr/bin/tar: ../../../../../usr/local/lib/android/sdk/platforms/android-37.0/data/res/values-mcc310-mnc410-b+sr+Latn: Cannot utime: Operation not permitted
build	Cache Android SDK	2026-06-06T12:23:01.9441278Z /usr/bin/tar: ../../../../../usr/local/lib/android/sdk/platforms/android-37.0/data/res/values-mcc310-mnc410-b+sr+Latn: Cannot change mode to rwxr-xr-x: Operation not permitted
build	Cache Android SDK	2026-06-06T12:23:01.9444055Z /usr/bin/tar: ../../../../../usr/local/lib/android/sdk/platforms/android-37.0/data/res/values-mcc312-mnc670-gu: Cannot utime: Operation not permitted
build	Cache Android SDK	2026-06-06T12:23:01.9444506Z /usr/bin/tar: ../../../../../usr/local/lib/android/sdk/platforms/android-37.0/data/res/values-mcc312-mnc670-gu: Cannot change mode to rwxr-xr-x: Operation not permitted
build	Cache Android SDK	2026-06-06T12:23:01.9447199Z /usr/bin/tar: ../../../../../usr/local/lib/android/sdk/platforms/android-37.0/data/res/values-mcc310-mnc410-gl: Cannot utime: Operation not permitted
build	Cache Android SDK	2026-06-06T12:23:01.9447890Z /usr/bin/tar: ../../../../../usr/local/lib/android/sdk/platforms/android-37.0/data/res/values-mcc310-mnc410-gl: Cannot change mode to rwxr-xr-x: Operation not permitted
build	Cache Android SDK	2026-06-06T12:23:01.9450430Z /usr/bin/tar: ../../../../../usr/local/lib/android/sdk/platforms/android-37.0/data/res/values-mk-television: Cannot utime: Operation not permitted
build	Cache Android SDK	2026-06-06T12:23:01.9450959Z /usr/bin/tar: ../../../../../usr/local/lib/android/sdk/platforms/android-37.0/data/res/values-mk-television: Cannot change mode to rwxr-xr-x: Operation not permitted
build	Cache Android SDK	2026-06-06T12:23:01.9453739Z /usr/bin/tar: ../../../../../usr/local/lib/android/sdk/platforms/android-37.0/data/res/values-mcc310-mnc030-ca: Cannot utime: Operation not permitted
build	Cache Android SDK	2026-06-06T12:23:01.9454187Z /usr/bin/tar: ../../../../../usr/local/lib/android/sdk/platforms/android-37.0/data/res/values-mcc310-mnc030-ca: Cannot change mode to rwxr-xr-x: Operation not permitted
build	Cache Android SDK	2026-06-06T12:23:01.9461372Z /usr/bin/tar: ../../../../../usr/local/lib/android/sdk/platforms/android-37.0/data/res/values-vi: Cannot utime: Operation not permitted
build	Cache Android SDK	2026-06-06T12:23:01.9461950Z /usr/bin/tar: ../../../../../usr/local/lib/android/sdk/platforms/android-37.0/data/res/values-vi: Cannot change mode to rwxr-xr-x: Operation not permitted
build	Cache Android SDK	2026-06-06T12:23:01.9464828Z /usr/bin/tar: ../../../../../usr/local/lib/android/sdk/platforms/android-37.0/data/res/values-mcc310-mnc280-cs: Cannot utime: Operation not permitted
build	Cache Android SDK	2026-06-06T12:23:01.9465535Z /usr/bin/tar: ../../../../../usr/local/lib/android/sdk/platforms/android-37.0/data/res/values-mcc310-mnc280-cs: Cannot change mode to rwxr-xr-x: Operation not permitted
build	Cache Android SDK	2026-06-06T12:23:01.9467688Z /usr/bin/tar: ../../../../../usr/local/lib/android/sdk/platforms/android-37.0/data/res/values-mcc310-mnc310-da: Cannot utime: Operation not permitted
build	Cache Android SDK	2026-06-06T12:23:01.9468167Z /usr/bin/tar: ../../../../../usr/local/lib/android/sdk/platforms/android-37.0/data/res/values-mcc310-mnc310-da: Cannot change mode to rwxr-xr-x: Operation not permitted
build	Cache Android SDK	2026-06-06T12:23:01.9470311Z /usr/bin/tar: ../../../../../usr/local/lib/android/sdk/platforms/android-37.0/data/res/values-mcc450-mnc08: Cannot utime: Operation not permitted
build	Cache Android SDK	2026-06-06T12:23:01.9470770Z /usr/bin/tar: ../../../../../usr/local/lib/android/sdk/platforms/android-37.0/data/res/values-mcc450-mnc08: Cannot change mode to rwxr-xr-x: Operation not permitted
build	Cache Android SDK	2026-06-06T12:23:01.9473615Z /usr/bin/tar: ../../../../../usr/local/lib/android/sdk/platforms/android-37.0/data/res/values-mcc302-mnc370-es: Cannot utime: Operation not permitted
build	Cache Android SDK	2026-06-06T12:23:01.9474093Z /usr/bin/tar: ../../../../../usr/local/lib/android/sdk/platforms/android-37.0/data/res/values-mcc302-mnc370-es: Cannot change mode to rwxr-xr-x: Operation not permitted
build	Cache Android SDK	2026-06-06T12:23:01.9477264Z /usr/bin/tar: ../../../../../usr/local/lib/android/sdk/platforms/android-37.0/data/res/values-mcc310-mnc490-nb: Cannot utime: Operation not permitted
build	Cache Android SDK	2026-06-06T12:23:01.9477993Z /usr/bin/tar: ../../../../../usr/local/lib/android/sdk/platforms/android-37.0/data/res/values-mcc310-mnc490-nb: Cannot change mode to rwxr-xr-x: Operation not permitted
build	Cache Android SDK	2026-06-06T12:23:01.9480650Z /usr/bin/tar: ../../../../../usr/local/lib/android/sdk/platforms/android-37.0/data/res/values-mcc310-mnc170-hy: Cannot utime: Operation not permitted
build	Cache Android SDK	2026-06-06T12:23:01.9481127Z /usr/bin/tar: ../../../../../usr/local/lib/android/sdk/platforms/android-37.0/data/res/values-mcc310-mnc170-hy: Cannot change mode to rwxr-xr-x: Operation not permitted
build	Cache Android SDK	2026-06-06T12:23:01.9484958Z /usr/bin/tar: ../../../../../usr/local/lib/android/sdk/platforms/android-37.0/data/res/values-mcc310-mnc230-km: Cannot utime: Operation not permitted
build	Cache Android SDK	2026-06-06T12:23:01.9485420Z /usr/bin/tar: ../../../../../usr/local/lib/android/sdk/platforms/android-37.0/data/res/values-mcc310-mnc230-km: Cannot change mode to rwxr-xr-x: Operation not permitted
build	Cache Android SDK	2026-06-06T12:23:01.9489011Z /usr/bin/tar: ../../../../../usr/local/lib/android/sdk/platforms/android-37.0/data/res/values-mcc310-mnc490-km: Cannot utime: Operation not permitted
build	Cache Android SDK	2026-06-06T12:23:01.9489873Z /usr/bin/tar: ../../../../../usr/local/lib/android/sdk/platforms/android-37.0/data/res/values-mcc310-mnc490-km: Cannot change mode to rwxr-xr-x: Operation not permitted
build	Cache Android SDK	2026-06-06T12:23:01.9492377Z /usr/bin/tar: ../../../../../usr/local/lib/android/sdk/platforms/android-37.0/data/res/values-mcc310-mnc280-sl: Cannot utime: Operation not permitted
build	Cache Android SDK	2026-06-06T12:23:01.9492921Z /usr/bin/tar: ../../../../../usr/local/lib/android/sdk/platforms/android-37.0/data/res/values-mcc310-mnc280-sl: Cannot change mode to rwxr-xr-x: Operation not permitted
build	Cache Android SDK	2026-06-06T12:23:01.9495734Z /usr/bin/tar: ../../../../../usr/local/lib/android/sdk/platforms/android-37.0/data/res/values-en-rGB-watch: Cannot utime: Operation not permitted
build	Cache Android SDK	2026-06-06T12:23:01.9496253Z /usr/bin/tar: ../../../../../usr/local/lib/android/sdk/platforms/android-37.0/data/res/values-en-rGB-watch: Cannot change mode to rwxr-xr-x: Operation not permitted
build	Cache Android SDK	2026-06-06T12:23:01.9499503Z /usr/bin/tar: ../../../../../usr/local/lib/android/sdk/platforms/android-37.0/data/res/values-mcc302-mnc720-ky: Cannot utime: Operation not permitted
build	Cache Android SDK	2026-06-06T12:23:01.9500017Z /usr/bin/tar: ../../../../../usr/local/lib/android/sdk/platforms/android-37.0/data/res/values-mcc302-mnc720-ky: Cannot change mode to rwxr-xr-x: Operation not permitted
build	Cache Android SDK	2026-06-06T12:23:01.9502654Z /usr/bin/tar: ../../../../../usr/local/lib/android/sdk/platforms/android-37.0/data/res/values-sv-watch: Cannot utime: Operation not permitted
build	Cache Android SDK	2026-06-06T12:23:01.9503111Z /usr/bin/tar: ../../../../../usr/local/lib/android/sdk/platforms/android-37.0/data/res/values-sv-watch: Cannot change mode to rwxr-xr-x: Operation not permitted
build	Cache Android SDK	2026-06-06T12:23:01.9505727Z /usr/bin/tar: ../../../../../usr/local/lib/android/sdk/platforms/android-37.0/data/res/values-mcc204-mnc04: Cannot utime: Operation not permitted
build	Cache Android SDK	2026-06-06T12:23:01.9506240Z /usr/bin/tar: ../../../../../usr/local/lib/android/sdk/platforms/android-37.0/data/res/values-mcc204-mnc04: Cannot change mode to rwxr-xr-x: Operation not permitted
build	Cache Android SDK	2026-06-06T12:23:01.9508510Z /usr/bin/tar: ../../../../../usr/local/lib/android/sdk/platforms/android-37.0/data/res/values-mcc310-mnc410-fi: Cannot utime: Operation not permitted
build	Cache Android SDK	2026-06-06T12:23:01.9508970Z /usr/bin/tar: ../../../../../usr/local/lib/android/sdk/platforms/android-37.0/data/res/values-mcc310-mnc410-fi: Cannot change mode to rwxr-xr-x: Operation not permitted
build	Cache Android SDK	2026-06-06T12:23:01.9511730Z /usr/bin/tar: ../../../../../usr/local/lib/android/sdk/platforms/android-37.0/data/res/values-mcc310-mnc800-be: Cannot utime: Operation not permitted
build	Cache Android SDK	2026-06-06T12:23:01.9512199Z /usr/bin/tar: ../../../../../usr/local/lib/android/sdk/platforms/android-37.0/data/res/values-mcc310-mnc800-be: Cannot change mode to rwxr-xr-x: Operation not permitted
build	Cache Android SDK	2026-06-06T12:23:01.9515677Z /usr/bin/tar: ../../../../../usr/local/lib/android/sdk/platforms/android-37.0/data/res/raw-iw: Cannot utime: Operation not permitted
build	Cache Android SDK	2026-06-06T12:23:01.9516211Z /usr/bin/tar: ../../../../../usr/local/lib/android/sdk/platforms/android-37.0/data/res/raw-iw: Cannot change mode to rwxr-xr-x: Operation not permitted
build	Cache Android SDK	2026-06-06T12:23:01.9518883Z /usr/bin/tar: ../../../../../usr/local/lib/android/sdk/platforms/android-37.0/data/res/values-mcc312-mnc670-mn: Cannot utime: Operation not permitted
build	Cache Android SDK	2026-06-06T12:23:01.9519743Z /usr/bin/tar: ../../../../../usr/local/lib/android/sdk/platforms/android-37.0/data/res/values-mcc312-mnc670-mn: Cannot change mode to rwxr-xr-x: Operation not permitted
build	Cache Android SDK	2026-06-06T12:23:01.9522293Z /usr/bin/tar: ../../../../../usr/local/lib/android/sdk/platforms/android-37.0/data/res/values-mcc310-mnc240-gl: Cannot utime: Operation not permitted
build	Cache Android SDK	2026-06-06T12:23:01.9522813Z /usr/bin/tar: ../../../../../usr/local/lib/android/sdk/platforms/android-37.0/data/res/values-mcc310-mnc240-gl: Cannot change mode to rwxr-xr-x: Operation not permitted
build	Cache Android SDK	2026-06-06T12:23:01.9525922Z /usr/bin/tar: ../../../../../usr/local/lib/android/sdk/platforms/android-37.0/data/res/values-mcc310-mnc270-gl: Cannot utime: Operation not permitted
build	Cache Android SDK	2026-06-06T12:23:01.9526393Z /usr/bin/tar: ../../../../../usr/local/lib/android/sdk/platforms/android-37.0/data/res/values-mcc310-mnc270-gl: Cannot change mode to rwxr-xr-x: Operation not permitted
build	Cache Android SDK	2026-06-06T12:23:01.9529325Z /usr/bin/tar: ../../../../../usr/local/lib/android/sdk/platforms/android-37.0/data/res/values-es-rUS-masculine: Cannot utime: Operation not permitted
build	Cache Android SDK	2026-06-06T12:23:01.9529858Z /usr/bin/tar: ../../../../../usr/local/lib/android/sdk/platforms/android-37.0/data/res/values-es-rUS-masculine: Cannot change mode to rwxr-xr-x: Operation not permitted
build	Cache Android SDK	2026-06-06T12:23:01.9532478Z /usr/bin/tar: ../../../../../usr/local/lib/android/sdk/platforms/android-37.0/data/res/values-mcc310-mnc380-ru: Cannot utime: Operation not permitted
build	Cache Android SDK	2026-06-06T12:23:01.9533072Z /usr/bin/tar: ../../../../../usr/local/lib/android/sdk/platforms/android-37.0/data/res/values-mcc310-mnc380-ru: Cannot change mode to rwxr-xr-x: Operation not permitted
build	Cache Android SDK	2026-06-06T12:23:01.9536022Z /usr/bin/tar: ../../../../../usr/local/lib/android/sdk/platforms/android-37.0/data/res/values-mcc001-mnc01-fr-rCA: Cannot utime: Operation not permitted
build	Cache Android SDK	2026-06-06T12:23:01.9536506Z /usr/bin/tar: ../../../../../usr/local/lib/android/sdk/platforms/android-37.0/data/res/values-mcc001-mnc01-fr-rCA: Cannot change mode to rwxr-xr-x: Operation not permitted
build	Cache Android SDK	2026-06-06T12:23:01.9539255Z /usr/bin/tar: ../../../../../usr/local/lib/android/sdk/platforms/android-37.0/data/res/values-zu-television: Cannot utime: Operation not permitted
build	Cache Android SDK	2026-06-06T12:23:01.9539719Z /usr/bin/tar: ../../../../../usr/local/lib/android/sdk/platforms/android-37.0/data/res/values-zu-television: Cannot change mode to rwxr-xr-x: Operation not permitted
build	Cache Android SDK	2026-06-06T12:23:01.9542365Z /usr/bin/tar: ../../../../../usr/local/lib/android/sdk/platforms/android-37.0/data/res/values-mcc310-mnc240-pl: Cannot utime: Operation not permitted
build	Cache Android SDK	2026-06-06T12:23:01.9542821Z /usr/bin/tar: ../../../../../usr/local/lib/android/sdk/platforms/android-37.0/data/res/values-mcc310-mnc240-pl: Cannot change mode to rwxr-xr-x: Operation not permitted
build	Cache Android SDK	2026-06-06T12:23:01.9545502Z /usr/bin/tar: ../../../../../usr/local/lib/android/sdk/platforms/android-37.0/data/res/values-mcc334-mnc020-lo: Cannot utime: Operation not permitted
build	Cache Android SDK	2026-06-06T12:23:01.9545958Z /usr/bin/tar: ../../../../../usr/local/lib/android/sdk/platforms/android-37.0/data/res/values-mcc334-mnc020-lo: Cannot change mode to rwxr-xr-x: Operation not permitted
build	Cache Android SDK	2026-06-06T12:23:01.9549013Z /usr/bin/tar: ../../../../../usr/local/lib/android/sdk/platforms/android-37.0/data/res/values-mcc310-mnc240-nb: Cannot utime: Operation not permitted
build	Cache Android SDK	2026-06-06T12:23:01.9549468Z /usr/bin/tar: ../../../../../usr/local/lib/android/sdk/platforms/android-37.0/data/res/values-mcc310-mnc240-nb: Cannot change mode to rwxr-xr-x: Operation not permitted
build	Cache Android SDK	2026-06-06T12:23:01.9552249Z /usr/bin/tar: ../../../../../usr/local/lib/android/sdk/platforms/android-37.0/data/res/values-mcc310-mnc240-fa: Cannot utime: Operation not permitted
build	Cache Android SDK	2026-06-06T12:23:01.9552695Z /usr/bin/tar: ../../../../../usr/local/lib/android/sdk/platforms/android-37.0/data/res/values-mcc310-mnc240-fa: Cannot change mode to rwxr-xr-x: Operation not permitted
build	Cache Android SDK	2026-06-06T12:23:01.9555089Z /usr/bin/tar: ../../../../../usr/local/lib/android/sdk/platforms/android-37.0/data/res/values-pl-rPL: Cannot utime: Operation not permitted
build	Cache Android SDK	2026-06-06T12:23:01.9555505Z /usr/bin/tar: ../../../../../usr/local/lib/android/sdk/platforms/android-37.0/data/res/values-pl-rPL: Cannot change mode to rwxr-xr-x: Operation not permitted
build	Cache Android SDK	2026-06-06T12:23:01.9558660Z /usr/bin/tar: ../../../../../usr/local/lib/android/sdk/platforms/android-37.0/data/res/values-mcc310-mnc660-mr: Cannot utime: Operation not permitted
build	Cache Android SDK	2026-06-06T12:23:01.9559109Z /usr/bin/tar: ../../../../../usr/local/lib/android/sdk/platforms/android-37.0/data/res/values-mcc310-mnc660-mr: Cannot change mode to rwxr-xr-x: Operation not permitted
build	Cache Android SDK	2026-06-06T12:23:01.9562219Z /usr/bin/tar: ../../../../../usr/local/lib/android/sdk/platforms/android-37.0/data/res/values-mcc310-mnc270-bn: Cannot utime: Operation not permitted
build	Cache Android SDK	2026-06-06T12:23:01.9562677Z /usr/bin/tar: ../../../../../usr/local/lib/android/sdk/platforms/android-37.0/data/res/values-mcc310-mnc270-bn: Cannot change mode to rwxr-xr-x: Operation not permitted
build	Cache Android SDK	2026-06-06T12:23:01.9565476Z /usr/bin/tar: ../../../../../usr/local/lib/android/sdk/platforms/android-37.0/data/res/values-mcc310-mnc660-mk: Cannot utime: Operation not permitted
build	Cache Android SDK	2026-06-06T12:23:01.9566031Z /usr/bin/tar: ../../../../../usr/local/lib/android/sdk/platforms/android-37.0/data/res/values-mcc310-mnc660-mk: Cannot change mode to rwxr-xr-x: Operation not permitted
build	Cache Android SDK	2026-06-06T12:23:01.9568806Z /usr/bin/tar: ../../../../../usr/local/lib/android/sdk/platforms/android-37.0/data/res/values-mcc310-mnc160-et: Cannot utime: Operation not permitted
build	Cache Android SDK	2026-06-06T12:23:01.9569333Z /usr/bin/tar: ../../../../../usr/local/lib/android/sdk/platforms/android-37.0/data/res/values-mcc310-mnc160-et: Cannot change mode to rwxr-xr-x: Operation not permitted
build	Cache Android SDK	2026-06-06T12:23:01.9572332Z /usr/bin/tar: ../../../../../usr/local/lib/android/sdk/platforms/android-37.0/data/res/values-fa-television: Cannot utime: Operation not permitted
build	Cache Android SDK	2026-06-06T12:23:01.9572784Z /usr/bin/tar: ../../../../../usr/local/lib/android/sdk/platforms/android-37.0/data/res/values-fa-television: Cannot change mode to rwxr-xr-x: Operation not permitted
build	Cache Android SDK	2026-06-06T12:23:01.9575613Z /usr/bin/tar: ../../../../../usr/local/lib/android/sdk/platforms/android-37.0/data/res/values-mcc310-mnc560-hi: Cannot utime: Operation not permitted
build	Cache Android SDK	2026-06-06T12:23:01.9576056Z /usr/bin/tar: ../../../../../usr/local/lib/android/sdk/platforms/android-37.0/data/res/values-mcc310-mnc560-hi: Cannot change mode to rwxr-xr-x: Operation not permitted
build	Cache Android SDK	2026-06-06T12:23:01.9579316Z /usr/bin/tar: ../../../../../usr/local/lib/android/sdk/platforms/android-37.0/data/res/raw-en-rGB: Cannot utime: Operation not permitted
build	Cache Android SDK	2026-06-06T12:23:01.9582730Z /usr/bin/tar: ../../../../../usr/local/lib/android/sdk/platforms/android-37.0/data/res/raw-en-rGB: Cannot change mode to rwxr-xr-x: Operation not permitted
build	Cache Android SDK	2026-06-06T12:23:01.9583111Z /usr/bin/tar: ../../../../../usr/local/lib/android/sdk/platforms/android-37.0/data/res/values-eu-watch: Cannot utime: Operation not permitted
build	Cache Android SDK	2026-06-06T12:23:01.9583548Z /usr/bin/tar: ../../../../../usr/local/lib/android/sdk/platforms/android-37.0/data/res/values-eu-watch: Cannot change mode to rwxr-xr-x: Operation not permitted
build	Cache Android SDK	2026-06-06T12:23:01.9585938Z /usr/bin/tar: ../../../../../usr/local/lib/android/sdk/platforms/android-37.0/data/res/values-mcc310-mnc660-ko: Cannot utime: Operation not permitted
build	Cache Android SDK	2026-06-06T12:23:01.9586380Z /usr/bin/tar: ../../../../../usr/local/lib/android/sdk/platforms/android-37.0/data/res/values-mcc310-mnc660-ko: Cannot change mode to rwxr-xr-x: Operation not permitted
build	Cache Android SDK	2026-06-06T12:23:01.9589625Z /usr/bin/tar: ../../../../../usr/local/lib/android/sdk/platforms/android-37.0/data/res/values-mcc311-mnc180-mn: Cannot utime: Operation not permitted
build	Cache Android SDK	2026-06-06T12:23:01.9590089Z /usr/bin/tar: ../../../../../usr/local/lib/android/sdk/platforms/android-37.0/data/res/values-mcc311-mnc180-mn: Cannot change mode to rwxr-xr-x: Operation not permitted
build	Cache Android SDK	2026-06-06T12:23:01.9594135Z /usr/bin/tar: ../../../../../usr/local/lib/android/sdk/platforms/android-37.0/data/res/values-mcc310-mnc240-ml: Cannot utime: Operation not permitted
build	Cache Android SDK	2026-06-06T12:23:01.9595002Z /usr/bin/tar: ../../../../../usr/local/lib/android/sdk/platforms/android-37.0/data/res/values-mcc310-mnc240-ml: Cannot change mode to rwxr-xr-x: Operation not permitted
build	Cache Android SDK	2026-06-06T12:23:01.9596993Z /usr/bin/tar: ../../../../../usr/local/lib/android/sdk/platforms/android-37.0/data/res/values-mcc310-mnc490-kk: Cannot utime: Operation not permitted
build	Cache Android SDK	2026-06-06T12:23:01.9598015Z /usr/bin/tar: ../../../../../usr/local/lib/android/sdk/platforms/android-37.0/data/res/values-mcc310-mnc490-kk: Cannot change mode to rwxr-xr-x: Operation not permitted
build	Cache Android SDK	2026-06-06T12:23:01.9600107Z /usr/bin/tar: ../../../../../usr/local/lib/android/sdk/platforms/android-37.0/data/res/values-mcc310-mnc240-bg: Cannot utime: Operation not permitted
build	Cache Android SDK	2026-06-06T12:23:01.9600580Z /usr/bin/tar: ../../../../../usr/local/lib/android/sdk/platforms/android-37.0/data/res/values-mcc310-mnc240-bg: Cannot change mode to rwxr-xr-x: Operation not permitted
build	Cache Android SDK	2026-06-06T12:23:01.9603827Z /usr/bin/tar: ../../../../../usr/local/lib/android/sdk/platforms/android-37.0/data/res/values-mcc310-mnc240-zu: Cannot utime: Operation not permitted
build	Cache Android SDK	2026-06-06T12:23:01.9604400Z /usr/bin/tar: ../../../../../usr/local/lib/android/sdk/platforms/android-37.0/data/res/values-mcc310-mnc240-zu: Cannot change mode to rwxr-xr-x: Operation not permitted
build	Cache Android SDK	2026-06-06T12:23:01.9607982Z /usr/bin/tar: ../../../../../usr/local/lib/android/sdk/platforms/android-37.0/data/res/values-mcc310-mnc410-tl: Cannot utime: Operation not permitted
build	Cache Android SDK	2026-06-06T12:23:01.9608533Z /usr/bin/tar: ../../../../../usr/local/lib/android/sdk/platforms/android-37.0/data/res/values-mcc310-mnc410-tl: Cannot change mode to rwxr-xr-x: Operation not permitted
build	Cache Android SDK	2026-06-06T12:23:01.9611238Z /usr/bin/tar: ../../../../../usr/local/lib/android/sdk/platforms/android-37.0/data/res/values-mcc310-mnc220-ky: Cannot utime: Operation not permitted
build	Cache Android SDK	2026-06-06T12:23:01.9611697Z /usr/bin/tar: ../../../../../usr/local/lib/android/sdk/platforms/android-37.0/data/res/values-mcc310-mnc220-ky: Cannot change mode to rwxr-xr-x: Operation not permitted
build	Cache Android SDK	2026-06-06T12:23:01.9614209Z /usr/bin/tar: ../../../../../usr/local/lib/android/sdk/platforms/android-37.0/data/res/values-mcc310-mnc560-or: Cannot utime: Operation not permitted
build	Cache Android SDK	2026-06-06T12:23:01.9614672Z /usr/bin/tar: ../../../../../usr/local/lib/android/sdk/platforms/android-37.0/data/res/values-mcc310-mnc560-or: Cannot change mode to rwxr-xr-x: Operation not permitted
build	Cache Android SDK	2026-06-06T12:23:01.9617892Z /usr/bin/tar: ../../../../../usr/local/lib/android/sdk/platforms/android-37.0/data/res/values-mcc302-mnc720-da: Cannot utime: Operation not permitted
build	Cache Android SDK	2026-06-06T12:23:01.9618348Z /usr/bin/tar: ../../../../../usr/local/lib/android/sdk/platforms/android-37.0/data/res/values-mcc302-mnc720-da: Cannot change mode to rwxr-xr-x: Operation not permitted
build	Cache Android SDK	2026-06-06T12:23:01.9621015Z /usr/bin/tar: ../../../../../usr/local/lib/android/sdk/platforms/android-37.0/data/res/values-mcc302-mnc720-pa: Cannot utime: Operation not permitted
build	Cache Android SDK	2026-06-06T12:23:01.9621480Z /usr/bin/tar: ../../../../../usr/local/lib/android/sdk/platforms/android-37.0/data/res/values-mcc302-mnc720-pa: Cannot change mode to rwxr-xr-x: Operation not permitted
build	Cache Android SDK	2026-06-06T12:23:01.9624544Z /usr/bin/tar: ../../../../../usr/local/lib/android/sdk/platforms/android-37.0/data/res/values-mcc334-mnc020-in: Cannot utime: Operation not permitted
build	Cache Android SDK	2026-06-06T12:23:01.9624997Z /usr/bin/tar: ../../../../../usr/local/lib/android/sdk/platforms/android-37.0/data/res/values-mcc334-mnc020-in: Cannot change mode to rwxr-xr-x: Operation not permitted
build	Cache Android SDK	2026-06-06T12:23:01.9629341Z /usr/bin/tar: ../../../../../usr/local/lib/android/sdk/platforms/android-37.0/data/res/values-mcc310-mnc490-fr-rCA: Cannot utime: Operation not permitted
build	Cache Android SDK	2026-06-06T12:23:01.9629815Z /usr/bin/tar: ../../../../../usr/local/lib/android/sdk/platforms/android-37.0/data/res/values-mcc310-mnc490-fr-rCA: Cannot change mode to rwxr-xr-x: Operation not permitted
build	Cache Android SDK	2026-06-06T12:23:01.9632438Z /usr/bin/tar: ../../../../../usr/local/lib/android/sdk/platforms/android-37.0/data/res/values-mcc312-mnc670-en-rAU: Cannot utime: Operation not permitted
build	Cache Android SDK	2026-06-06T12:23:01.9632916Z /usr/bin/tar: ../../../../../usr/local/lib/android/sdk/platforms/android-37.0/data/res/values-mcc312-mnc670-en-rAU: Cannot change mode to rwxr-xr-x: Operation not permitted
build	Cache Android SDK	2026-06-06T12:23:01.9636402Z /usr/bin/tar: ../../../../../usr/local/lib/android/sdk/platforms/android-37.0/data/res/values-mcc302-mnc370-et: Cannot utime: Operation not permitted
build	Cache Android SDK	2026-06-06T12:23:01.9636969Z /usr/bin/tar: ../../../../../usr/local/lib/android/sdk/platforms/android-37.0/data/res/values-mcc302-mnc370-et: Cannot change mode to rwxr-xr-x: Operation not permitted
build	Cache Android SDK	2026-06-06T12:23:01.9640043Z /usr/bin/tar: ../../../../../usr/local/lib/android/sdk/platforms/android-37.0/data/res/values-mcc313-mnc100-fr-rCA: Cannot utime: Operation not permitted
build	Cache Android SDK	2026-06-06T12:23:01.9640502Z /usr/bin/tar: ../../../../../usr/local/lib/android/sdk/platforms/android-37.0/data/res/values-mcc313-mnc100-fr-rCA: Cannot change mode to rwxr-xr-x: Operation not permitted
build	Cache Android SDK	2026-06-06T12:23:01.9643404Z /usr/bin/tar: ../../../../../usr/local/lib/android/sdk/platforms/android-37.0/data/res/values-mcc310-mnc150-en-rAU: Cannot utime: Operation not permitted
build	Cache Android SDK	2026-06-06T12:23:01.9643948Z /usr/bin/tar: ../../../../../usr/local/lib/android/sdk/platforms/android-37.0/data/res/values-mcc310-mnc150-en-rAU: Cannot change mode to rwxr-xr-x: Operation not permitted
build	Cache Android SDK	2026-06-06T12:23:01.9655666Z /usr/bin/tar: ../../../../../usr/local/lib/android/sdk/platforms/android-37.0/data/res/xml: Cannot utime: Operation not permitted
build	Cache Android SDK	2026-06-06T12:23:01.9656181Z /usr/bin/tar: ../../../../../usr/local/lib/android/sdk/platforms/android-37.0/data/res/xml: Cannot change mode to rwxr-xr-x: Operation not permitted
build	Cache Android SDK	2026-06-06T12:23:01.9658887Z /usr/bin/tar: ../../../../../usr/local/lib/android/sdk/platforms/android-37.0/data/res/values-mcc310-mnc800-sr: Cannot utime: Operation not permitted
build	Cache Android SDK	2026-06-06T12:23:01.9659329Z /usr/bin/tar: ../../../../../usr/local/lib/android/sdk/platforms/android-37.0/data/res/values-mcc310-mnc800-sr: Cannot change mode to rwxr-xr-x: Operation not permitted
build	Cache Android SDK	2026-06-06T12:23:01.9662289Z /usr/bin/tar: ../../../../../usr/local/lib/android/sdk/platforms/android-37.0/data/res/values-mcc310-mnc380-zh-rCN: Cannot utime: Operation not permitted
build	Cache Android SDK	2026-06-06T12:23:01.9662910Z /usr/bin/tar: ../../../../../usr/local/lib/android/sdk/platforms/android-37.0/data/res/values-mcc310-mnc380-zh-rCN: Cannot change mode to rwxr-xr-x: Operation not permitted
build	Cache Android SDK	2026-06-06T12:23:01.9665538Z /usr/bin/tar: ../../../../../usr/local/lib/android/sdk/platforms/android-37.0/data/res/values-mcc310-mnc950-ms: Cannot utime: Operation not permitted
build	Cache Android SDK	2026-06-06T12:23:01.9665992Z /usr/bin/tar: ../../../../../usr/local/lib/android/sdk/platforms/android-37.0/data/res/values-mcc310-mnc950-ms: Cannot change mode to rwxr-xr-x: Operation not permitted
build	Cache Android SDK	2026-06-06T12:23:01.9668831Z /usr/bin/tar: ../../../../../usr/local/lib/android/sdk/platforms/android-37.0/data/res/values-mcc310-mnc170-ms: Cannot utime: Operation not permitted
build	Cache Android SDK	2026-06-06T12:23:01.9669278Z /usr/bin/tar: ../../../../../usr/local/lib/android/sdk/platforms/android-37.0/data/res/values-mcc310-mnc170-ms: Cannot change mode to rwxr-xr-x: Operation not permitted
build	Cache Android SDK	2026-06-06T12:23:01.9672383Z /usr/bin/tar: ../../../../../usr/local/lib/android/sdk/platforms/android-37.0/data/res/values-mcc310-mnc230-sq: Cannot utime: Operation not permitted
build	Cache Android SDK	2026-06-06T12:23:01.9672838Z /usr/bin/tar: ../../../../../usr/local/lib/android/sdk/platforms/android-37.0/data/res/values-mcc310-mnc230-sq: Cannot change mode to rwxr-xr-x: Operation not permitted
build	Cache Android SDK	2026-06-06T12:23:01.9675323Z /usr/bin/tar: ../../../../../usr/local/lib/android/sdk/platforms/android-37.0/data/res/values-mcc334-mnc020-b+sr+Latn: Cannot utime: Operation not permitted
build	Cache Android SDK	2026-06-06T12:23:01.9675805Z /usr/bin/tar: ../../../../../usr/local/lib/android/sdk/platforms/android-37.0/data/res/values-mcc334-mnc020-b+sr+Latn: Cannot change mode to rwxr-xr-x: Operation not permitted
build	Cache Android SDK	2026-06-06T12:23:01.9678615Z /usr/bin/tar: ../../../../../usr/local/lib/android/sdk/platforms/android-37.0/data/res/values-mcc310-mnc800-pt: Cannot utime: Operation not permitted
build	Cache Android SDK	2026-06-06T12:23:01.9679062Z /usr/bin/tar: ../../../../../usr/local/lib/android/sdk/platforms/android-37.0/data/res/values-mcc310-mnc800-pt: Cannot change mode to rwxr-xr-x: Operation not permitted
build	Cache Android SDK	2026-06-06T12:23:01.9681748Z /usr/bin/tar: ../../../../../usr/local/lib/android/sdk/platforms/android-37.0/data/res/values-mcc310-mnc250-iw: Cannot utime: Operation not permitted
build	Cache Android SDK	2026-06-06T12:23:01.9682342Z /usr/bin/tar: ../../../../../usr/local/lib/android/sdk/platforms/android-37.0/data/res/values-mcc310-mnc250-iw: Cannot change mode to rwxr-xr-x: Operation not permitted
build	Cache Android SDK	2026-06-06T12:23:01.9685051Z /usr/bin/tar: ../../../../../usr/local/lib/android/sdk/platforms/android-37.0/data/res/mipmap-hdpi: Cannot utime: Operation not permitted
build	Cache Android SDK	2026-06-06T12:23:01.9685475Z /usr/bin/tar: ../../../../../usr/local/lib/android/sdk/platforms/android-37.0/data/res/mipmap-hdpi: Cannot change mode to rwxr-xr-x: Operation not permitted
build	Cache Android SDK	2026-06-06T12:23:01.9688421Z /usr/bin/tar: ../../../../../usr/local/lib/android/sdk/platforms/android-37.0/data/res/values-mcc310-mnc950-af: Cannot utime: Operation not permitted
build	Cache Android SDK	2026-06-06T12:23:01.9688953Z /usr/bin/tar: ../../../../../usr/local/lib/android/sdk/platforms/android-37.0/data/res/values-mcc310-mnc950-af: Cannot change mode to rwxr-xr-x: Operation not permitted
build	Cache Android SDK	2026-06-06T12:23:01.9691700Z /usr/bin/tar: ../../../../../usr/local/lib/android/sdk/platforms/android-37.0/data/res/values-mcc310-mnc210-kk: Cannot utime: Operation not permitted
build	Cache Android SDK	2026-06-06T12:23:01.9692212Z /usr/bin/tar: ../../../../../usr/local/lib/android/sdk/platforms/android-37.0/data/res/values-mcc310-mnc210-kk: Cannot change mode to rwxr-xr-x: Operation not permitted
build	Cache Android SDK	2026-06-06T12:23:01.9694798Z /usr/bin/tar: ../../../../../usr/local/lib/android/sdk/platforms/android-37.0/data/res/values-mcc302-mnc720-ne: Cannot utime: Operation not permitted
build	Cache Android SDK	2026-06-06T12:23:01.9695247Z /usr/bin/tar: ../../../../../usr/local/lib/android/sdk/platforms/android-37.0/data/res/values-mcc302-mnc720-ne: Cannot change mode to rwxr-xr-x: Operation not permitted
build	Cache Android SDK	2026-06-06T12:23:01.9698231Z /usr/bin/tar: ../../../../../usr/local/lib/android/sdk/platforms/android-37.0/data/res/values-mcc334-mnc020-th: Cannot utime: Operation not permitted
build	Cache Android SDK	2026-06-06T12:23:01.9698681Z /usr/bin/tar: ../../../../../usr/local/lib/android/sdk/platforms/android-37.0/data/res/values-mcc334-mnc020-th: Cannot change mode to rwxr-xr-x: Operation not permitted
build	Cache Android SDK	2026-06-06T12:23:01.9701876Z /usr/bin/tar: ../../../../../usr/local/lib/android/sdk/platforms/android-37.0/data/res/values-mcc310-mnc280-is: Cannot utime: Operation not permitted
build	Cache Android SDK	2026-06-06T12:23:01.9702328Z /usr/bin/tar: ../../../../../usr/local/lib/android/sdk/platforms/android-37.0/data/res/values-mcc310-mnc280-is: Cannot change mode to rwxr-xr-x: Operation not permitted
build	Cache Android SDK	2026-06-06T12:23:01.9704941Z /usr/bin/tar: ../../../../../usr/local/lib/android/sdk/platforms/android-37.0/data/res/values-mcc313-mnc100-be: Cannot utime: Operation not permitted
build	Cache Android SDK	2026-06-06T12:23:01.9705392Z /usr/bin/tar: ../../../../../usr/local/lib/android/sdk/platforms/android-37.0/data/res/values-mcc313-mnc100-be: Cannot change mode to rwxr-xr-x: Operation not permitted
build	Cache Android SDK	2026-06-06T12:23:01.9712323Z /usr/bin/tar: ../../../../../usr/local/lib/android/sdk/platforms/android-37.0/data/res/values-es-rUS: Cannot utime: Operation not permitted
build	Cache Android SDK	2026-06-06T12:23:01.9712863Z /usr/bin/tar: ../../../../../usr/local/lib/android/sdk/platforms/android-37.0/data/res/values-es-rUS: Cannot change mode to rwxr-xr-x: Operation not permitted
build	Cache Android SDK	2026-06-06T12:23:01.9715168Z /usr/bin/tar: ../../../../../usr/local/lib/android/sdk/platforms/android-37.0/data/res/values-mcc311-mnc180-te: Cannot utime: Operation not permitted
build	Cache Android SDK	2026-06-06T12:23:01.9715635Z /usr/bin/tar: ../../../../../usr/local/lib/android/sdk/platforms/android-37.0/data/res/values-mcc311-mnc180-te: Cannot change mode to rwxr-xr-x: Operation not permitted
build	Cache Android SDK	2026-06-06T12:23:01.9720932Z /usr/bin/tar: ../../../../../usr/local/lib/android/sdk/platforms/android-37.0/data/res/values-mcc310-mnc030-ko: Cannot utime: Operation not permitted
build	Cache Android SDK	2026-06-06T12:23:01.9721394Z /usr/bin/tar: ../../../../../usr/local/lib/android/sdk/platforms/android-37.0/data/res/values-mcc310-mnc030-ko: Cannot change mode to rwxr-xr-x: Operation not permitted
build	Cache Android SDK	2026-06-06T12:23:01.9723831Z /usr/bin/tar: ../../../../../usr/local/lib/android/sdk/platforms/android-37.0/data/res/values-da-television: Cannot utime: Operation not permitted
build	Cache Android SDK	2026-06-06T12:23:01.9724401Z /usr/bin/tar: ../../../../../usr/local/lib/android/sdk/platforms/android-37.0/data/res/values-da-television: Cannot change mode to rwxr-xr-x: Operation not permitted
build	Cache Android SDK	2026-06-06T12:23:01.9726936Z /usr/bin/tar: ../../../../../usr/local/lib/android/sdk/platforms/android-37.0/data/res/values-mcc310-mnc240-be: Cannot utime: Operation not permitted
build	Cache Android SDK	2026-06-06T12:23:01.9727521Z /usr/bin/tar: ../../../../../usr/local/lib/android/sdk/platforms/android-37.0/data/res/values-mcc310-mnc240-be: Cannot change mode to rwxr-xr-x: Operation not permitted
build	Cache Android SDK	2026-06-06T12:23:01.9730079Z /usr/bin/tar: ../../../../../usr/local/lib/android/sdk/platforms/android-37.0/data/res/values-mr-television: Cannot utime: Operation not permitted
build	Cache Android SDK	2026-06-06T12:23:01.9730537Z /usr/bin/tar: ../../../../../usr/local/lib/android/sdk/platforms/android-37.0/data/res/values-mr-television: Cannot change mode to rwxr-xr-x: Operation not permitted
build	Cache Android SDK	2026-06-06T12:23:01.9733113Z /usr/bin/tar: ../../../../../usr/local/lib/android/sdk/platforms/android-37.0/data/res/values-mcc310-mnc490-tl: Cannot utime: Operation not permitted
build	Cache Android SDK	2026-06-06T12:23:01.9733638Z /usr/bin/tar: ../../../../../usr/local/lib/android/sdk/platforms/android-37.0/data/res/values-mcc310-mnc490-tl: Cannot change mode to rwxr-xr-x: Operation not permitted
build	Cache Android SDK	2026-06-06T12:23:01.9736378Z /usr/bin/tar: ../../../../../usr/local/lib/android/sdk/platforms/android-37.0/data/res/values-mcc310-mnc240-cs: Cannot utime: Operation not permitted
build	Cache Android SDK	2026-06-06T12:23:01.9736829Z /usr/bin/tar: ../../../../../usr/local/lib/android/sdk/platforms/android-37.0/data/res/values-mcc310-mnc240-cs: Cannot change mode to rwxr-xr-x: Operation not permitted
build	Cache Android SDK	2026-06-06T12:23:01.9739968Z /usr/bin/tar: ../../../../../usr/local/lib/android/sdk/platforms/android-37.0/data/res/values-mcc310-mnc250-af: Cannot utime: Operation not permitted
build	Cache Android SDK	2026-06-06T12:23:01.9740465Z /usr/bin/tar: ../../../../../usr/local/lib/android/sdk/platforms/android-37.0/data/res/values-mcc310-mnc250-af: Cannot change mode to rwxr-xr-x: Operation not permitted
build	Cache Android SDK	2026-06-06T12:23:01.9742880Z /usr/bin/tar: ../../../../../usr/local/lib/android/sdk/platforms/android-37.0/data/res/values-xlarge: Cannot utime: Operation not permitted
build	Cache Android SDK	2026-06-06T12:23:01.9743315Z /usr/bin/tar: ../../../../../usr/local/lib/android/sdk/platforms/android-37.0/data/res/values-xlarge: Cannot change mode to rwxr-xr-x: Operation not permitted
build	Cache Android SDK	2026-06-06T12:23:01.9745723Z /usr/bin/tar: ../../../../../usr/local/lib/android/sdk/platforms/android-37.0/data/res/values-mcc302-mnc370-zh-rTW: Cannot utime: Operation not permitted
build	Cache Android SDK	2026-06-06T12:23:01.9746189Z /usr/bin/tar: ../../../../../usr/local/lib/android/sdk/platforms/android-37.0/data/res/values-mcc302-mnc370-zh-rTW: Cannot change mode to rwxr-xr-x: Operation not permitted
build	Cache Android SDK	2026-06-06T12:23:01.9752003Z /usr/bin/tar: ../../../../../usr/local/lib/android/sdk/platforms/android-37.0/data/res/values-mcc310-mnc410-ca: Cannot utime: Operation not permitted
build	Cache Android SDK	2026-06-06T12:23:01.9752467Z /usr/bin/tar: ../../../../../usr/local/lib/android/sdk/platforms/android-37.0/data/res/values-mcc310-mnc410-ca: Cannot change mode to rwxr-xr-x: Operation not permitted
build	Cache Android SDK	2026-06-06T12:23:01.9755112Z /usr/bin/tar: ../../../../../usr/local/lib/android/sdk/platforms/android-37.0/data/res/values-mcc310-mnc410-my: Cannot utime: Operation not permitted
build	Cache Android SDK	2026-06-06T12:23:01.9755582Z /usr/bin/tar: ../../../../../usr/local/lib/android/sdk/platforms/android-37.0/data/res/values-mcc310-mnc410-my: Cannot change mode to rwxr-xr-x: Operation not permitted
build	Cache Android SDK	2026-06-06T12:23:01.9758402Z /usr/bin/tar: ../../../../../usr/local/lib/android/sdk/platforms/android-37.0/data/res/values-mcc310-mnc160-lo: Cannot utime: Operation not permitted
build	Cache Android SDK	2026-06-06T12:23:01.9758857Z /usr/bin/tar: ../../../../../usr/local/lib/android/sdk/platforms/android-37.0/data/res/values-mcc310-mnc160-lo: Cannot change mode to rwxr-xr-x: Operation not permitted
build	Cache Android SDK	2026-06-06T12:23:01.9762319Z /usr/bin/tar: ../../../../../usr/local/lib/android/sdk/platforms/android-37.0/data/res/values-mcc310-mnc660-ka: Cannot utime: Operation not permitted
build	Cache Android SDK	2026-06-06T12:23:01.9762855Z /usr/bin/tar: ../../../../../usr/local/lib/android/sdk/platforms/android-37.0/data/res/values-mcc310-mnc660-ka: Cannot change mode to rwxr-xr-x: Operation not permitted
build	Cache Android SDK	2026-06-06T12:23:01.9765511Z /usr/bin/tar: ../../../../../usr/local/lib/android/sdk/platforms/android-37.0/data/res/values-mcc310-mnc170-lv: Cannot utime: Operation not permitted
build	Cache Android SDK	2026-06-06T12:23:01.9765963Z /usr/bin/tar: ../../../../../usr/local/lib/android/sdk/platforms/android-37.0/data/res/values-mcc310-mnc170-lv: Cannot change mode to rwxr-xr-x: Operation not permitted
build	Cache Android SDK	2026-06-06T12:23:01.9768605Z /usr/bin/tar: ../../../../../usr/local/lib/android/sdk/platforms/android-37.0/data/res/values-mcc505-mnc01: Cannot utime: Operation not permitted
build	Cache Android SDK	2026-06-06T12:23:01.9769044Z /usr/bin/tar: ../../../../../usr/local/lib/android/sdk/platforms/android-37.0/data/res/values-mcc505-mnc01: Cannot change mode to rwxr-xr-x: Operation not permitted
build	Cache Android SDK	2026-06-06T12:23:01.9772950Z /usr/bin/tar: ../../../../../usr/local/lib/android/sdk/platforms/android-37.0/data/res/values-mcc310-mnc560-ky: Cannot utime: Operation not permitted
build	Cache Android SDK	2026-06-06T12:23:01.9774035Z /usr/bin/tar: ../../../../../usr/local/lib/android/sdk/platforms/android-37.0/data/res/values-mcc310-mnc560-ky: Cannot change mode to rwxr-xr-x: Operation not permitted
build	Cache Android SDK	2026-06-06T12:23:01.9775528Z /usr/bin/tar: ../../../../../usr/local/lib/android/sdk/platforms/android-37.0/data/res/values-my-television: Cannot utime: Operation not permitted
build	Cache Android SDK	2026-06-06T12:23:01.9776067Z /usr/bin/tar: ../../../../../usr/local/lib/android/sdk/platforms/android-37.0/data/res/values-my-television: Cannot change mode to rwxr-xr-x: Operation not permitted
build	Cache Android SDK	2026-06-06T12:23:01.9779380Z /usr/bin/tar: ../../../../../usr/local/lib/android/sdk/platforms/android-37.0/data/res/values-mcc310-mnc160-km: Cannot utime: Operation not permitted
build	Cache Android SDK	2026-06-06T12:23:01.9779916Z /usr/bin/tar: ../../../../../usr/local/lib/android/sdk/platforms/android-37.0/data/res/values-mcc310-mnc160-km: Cannot change mode to rwxr-xr-x: Operation not permitted
build	Cache Android SDK	2026-06-06T12:23:01.9783157Z /usr/bin/tar: ../../../../../usr/local/lib/android/sdk/platforms/android-37.0/data/res/layout-port: Cannot utime: Operation not permitted
build	Cache Android SDK	2026-06-06T12:23:01.9783583Z /usr/bin/tar: ../../../../../usr/local/lib/android/sdk/platforms/android-37.0/data/res/layout-port: Cannot change mode to rwxr-xr-x: Operation not permitted
build	Cache Android SDK	2026-06-06T12:23:01.9786652Z /usr/bin/tar: ../../../../../usr/local/lib/android/sdk/platforms/android-37.0/data/res/values-mcc310-mnc030-gl: Cannot utime: Operation not permitted
build	Cache Android SDK	2026-06-06T12:23:01.9787282Z /usr/bin/tar: ../../../../../usr/local/lib/android/sdk/platforms/android-37.0/data/res/values-mcc310-mnc030-gl: Cannot change mode to rwxr-xr-x: Operation not permitted
build	Cache Android SDK	2026-06-06T12:23:01.9790005Z /usr/bin/tar: ../../../../../usr/local/lib/android/sdk/platforms/android-37.0/data/res/values-mcc310-mnc230-ar: Cannot utime: Operation not permitted
build	Cache Android SDK	2026-06-06T12:23:01.9790466Z /usr/bin/tar: ../../../../../usr/local/lib/android/sdk/platforms/android-37.0/data/res/values-mcc310-mnc230-ar: Cannot change mode to rwxr-xr-x: Operation not permitted
build	Cache Android SDK	2026-06-06T12:23:01.9793933Z /usr/bin/tar: ../../../../../usr/local/lib/android/sdk/platforms/android-37.0/data/res/values-mcc310-mnc230-kn: Cannot utime: Operation not permitted
build	Cache Android SDK	2026-06-06T12:23:01.9794419Z /usr/bin/tar: ../../../../../usr/local/lib/android/sdk/platforms/android-37.0/data/res/values-mcc310-mnc230-kn: Cannot change mode to rwxr-xr-x: Operation not permitted
build	Cache Android SDK	2026-06-06T12:23:01.9798707Z /usr/bin/tar: ../../../../../usr/local/lib/android/sdk/platforms/android-37.0/data/res/values-in-rID: Cannot utime: Operation not permitted
build	Cache Android SDK	2026-06-06T12:23:01.9799147Z /usr/bin/tar: ../../../../../usr/local/lib/android/sdk/platforms/android-37.0/data/res/values-in-rID: Cannot change mode to rwxr-xr-x: Operation not permitted
build	Cache Android SDK	2026-06-06T12:23:01.9802341Z /usr/bin/tar: ../../../../../usr/local/lib/android/sdk/platforms/android-37.0/data/res/values-mcc310-mnc210-si: Cannot utime: Operation not permitted
build	Cache Android SDK	2026-06-06T12:23:01.9802932Z /usr/bin/tar: ../../../../../usr/local/lib/android/sdk/platforms/android-37.0/data/res/values-mcc310-mnc210-si: Cannot change mode to rwxr-xr-x: Operation not permitted
build	Cache Android SDK	2026-06-06T12:23:01.9806742Z /usr/bin/tar: ../../../../../usr/local/lib/android/sdk/platforms/android-37.0/data/res/layout-large: Cannot utime: Operation not permitted
build	Cache Android SDK	2026-06-06T12:23:01.9807169Z /usr/bin/tar: ../../../../../usr/local/lib/android/sdk/platforms/android-37.0/data/res/layout-large: Cannot change mode to rwxr-xr-x: Operation not permitted
build	Cache Android SDK	2026-06-06T12:23:01.9811982Z /usr/bin/tar: ../../../../../usr/local/lib/android/sdk/platforms/android-37.0/data/res/values-mcc310-mnc150-or: Cannot utime: Operation not permitted
build	Cache Android SDK	2026-06-06T12:23:01.9812446Z /usr/bin/tar: ../../../../../usr/local/lib/android/sdk/platforms/android-37.0/data/res/values-mcc310-mnc150-or: Cannot change mode to rwxr-xr-x: Operation not permitted
build	Cache Android SDK	2026-06-06T12:23:01.9815975Z /usr/bin/tar: ../../../../../usr/local/lib/android/sdk/platforms/android-37.0/data/res/values-mcc310-mnc250-sv: Cannot utime: Operation not permitted
build	Cache Android SDK	2026-06-06T12:23:01.9816506Z /usr/bin/tar: ../../../../../usr/local/lib/android/sdk/platforms/android-37.0/data/res/values-mcc310-mnc250-sv: Cannot change mode to rwxr-xr-x: Operation not permitted
build	Cache Android SDK	2026-06-06T12:23:01.9820351Z /usr/bin/tar: ../../../../../usr/local/lib/android/sdk/platforms/android-37.0/data/res/values-mcc310-mnc270-pa: Cannot utime: Operation not permitted
build	Cache Android SDK	2026-06-06T12:23:01.9820883Z /usr/bin/tar: ../../../../../usr/local/lib/android/sdk/platforms/android-37.0/data/res/values-mcc310-mnc270-pa: Cannot change mode to rwxr-xr-x: Operation not permitted
build	Cache Android SDK	2026-06-06T12:23:01.9829919Z /usr/bin/tar: ../../../../../usr/local/lib/android/sdk/platforms/android-37.0/data/res/values-pl: Cannot utime: Operation not permitted
build	Cache Android SDK	2026-06-06T12:23:01.9830385Z /usr/bin/tar: ../../../../../usr/local/lib/android/sdk/platforms/android-37.0/data/res/values-pl: Cannot change mode to rwxr-xr-x: Operation not permitted
build	Cache Android SDK	2026-06-06T12:23:01.9833420Z /usr/bin/tar: ../../../../../usr/local/lib/android/sdk/platforms/android-37.0/data/res/values-mcc310-mnc490-ml: Cannot utime: Operation not permitted
build	Cache Android SDK	2026-06-06T12:23:01.9834003Z /usr/bin/tar: ../../../../../usr/local/lib/android/sdk/platforms/android-37.0/data/res/values-mcc310-mnc490-ml: Cannot change mode to rwxr-xr-x: Operation not permitted
build	Cache Android SDK	2026-06-06T12:23:01.9836742Z /usr/bin/tar: ../../../../../usr/local/lib/android/sdk/platforms/android-37.0/data/res/values-mcc310-mnc160-am: Cannot utime: Operation not permitted
build	Cache Android SDK	2026-06-06T12:23:01.9837312Z /usr/bin/tar: ../../../../../usr/local/lib/android/sdk/platforms/android-37.0/data/res/values-mcc310-mnc160-am: Cannot change mode to rwxr-xr-x: Operation not permitted
build	Cache Android SDK	2026-06-06T12:23:01.9840123Z /usr/bin/tar: ../../../../../usr/local/lib/android/sdk/platforms/android-37.0/data/res/values-mcc310-mnc170-es-rUS: Cannot utime: Operation not permitted
build	Cache Android SDK	2026-06-06T12:23:01.9840714Z /usr/bin/tar: ../../../../../usr/local/lib/android/sdk/platforms/android-37.0/data/res/values-mcc310-mnc170-es-rUS: Cannot change mode to rwxr-xr-x: Operation not permitted
build	Cache Android SDK	2026-06-06T12:23:01.9850179Z /usr/bin/tar: ../../../../../usr/local/lib/android/sdk/platforms/android-37.0/data/res/values-ca: Cannot utime: Operation not permitted
build	Cache Android SDK	2026-06-06T12:23:01.9850703Z /usr/bin/tar: ../../../../../usr/local/lib/android/sdk/platforms/android-37.0/data/res/values-ca: Cannot change mode to rwxr-xr-x: Operation not permitted
build	Cache Android SDK	2026-06-06T12:23:01.9851185Z /usr/bin/tar: ../../../../../usr/local/lib/android/sdk/platforms/android-37.0/data/res/values-mcc310-mnc210-am: Cannot utime: Operation not permitted
build	Cache Android SDK	2026-06-06T12:23:01.9851642Z /usr/bin/tar: ../../../../../usr/local/lib/android/sdk/platforms/android-37.0/data/res/values-mcc310-mnc210-am: Cannot change mode to rwxr-xr-x: Operation not permitted
build	Cache Android SDK	2026-06-06T12:23:01.9852509Z /usr/bin/tar: ../../../../../usr/local/lib/android/sdk/platforms/android-37.0/data/res/values-mcc310-mnc030-eu: Cannot utime: Operation not permitted
build	Cache Android SDK	2026-06-06T12:23:01.9853103Z /usr/bin/tar: ../../../../../usr/local/lib/android/sdk/platforms/android-37.0/data/res/values-mcc310-mnc030-eu: Cannot change mode to rwxr-xr-x: Operation not permitted
build	Cache Android SDK	2026-06-06T12:23:01.9855763Z /usr/bin/tar: ../../../../../usr/local/lib/android/sdk/platforms/android-37.0/data/res/values-mcc706-mnc04: Cannot utime: Operation not permitted
build	Cache Android SDK	2026-06-06T12:23:01.9856213Z /usr/bin/tar: ../../../../../usr/local/lib/android/sdk/platforms/android-37.0/data/res/values-mcc706-mnc04: Cannot change mode to rwxr-xr-x: Operation not permitted
build	Cache Android SDK	2026-06-06T12:23:01.9859083Z /usr/bin/tar: ../../../../../usr/local/lib/android/sdk/platforms/android-37.0/data/res/values-si-television: Cannot utime: Operation not permitted
build	Cache Android SDK	2026-06-06T12:23:01.9859602Z /usr/bin/tar: ../../../../../usr/local/lib/android/sdk/platforms/android-37.0/data/res/values-si-television: Cannot change mode to rwxr-xr-x: Operation not permitted
build	Cache Android SDK	2026-06-06T12:23:01.9862520Z /usr/bin/tar: ../../../../../usr/local/lib/android/sdk/platforms/android-37.0/data/res/values-mcc334-mnc020-sl: Cannot utime: Operation not permitted
build	Cache Android SDK	2026-06-06T12:23:01.9863037Z /usr/bin/tar: ../../../../../usr/local/lib/android/sdk/platforms/android-37.0/data/res/values-mcc334-mnc020-sl: Cannot change mode to rwxr-xr-x: Operation not permitted
build	Cache Android SDK	2026-06-06T12:23:01.9865809Z /usr/bin/tar: ../../../../../usr/local/lib/android/sdk/platforms/android-37.0/data/res/values-mcc310-mnc660-sv: Cannot utime: Operation not permitted
build	Cache Android SDK	2026-06-06T12:23:01.9866261Z /usr/bin/tar: ../../../../../usr/local/lib/android/sdk/platforms/android-37.0/data/res/values-mcc310-mnc660-sv: Cannot change mode to rwxr-xr-x: Operation not permitted
build	Cache Android SDK	2026-06-06T12:23:01.9869186Z /usr/bin/tar: ../../../../../usr/local/lib/android/sdk/platforms/android-37.0/data/res/values-mcc268-mnc03: Cannot utime: Operation not permitted
build	Cache Android SDK	2026-06-06T12:23:01.9869622Z /usr/bin/tar: ../../../../../usr/local/lib/android/sdk/platforms/android-37.0/data/res/values-mcc268-mnc03: Cannot change mode to rwxr-xr-x: Operation not permitted
build	Cache Android SDK	2026-06-06T12:23:01.9873135Z /usr/bin/tar: ../../../../../usr/local/lib/android/sdk/platforms/android-37.0/data/res/values-mcc310-mnc950-zh-rTW: Cannot utime: Operation not permitted
build	Cache Android SDK	2026-06-06T12:23:01.9873614Z /usr/bin/tar: ../../../../../usr/local/lib/android/sdk/platforms/android-37.0/data/res/values-mcc310-mnc950-zh-rTW: Cannot change mode to rwxr-xr-x: Operation not permitted
build	Cache Android SDK	2026-06-06T12:23:01.9876832Z /usr/bin/tar: ../../../../../usr/local/lib/android/sdk/platforms/android-37.0/data/res/values-mcc313-mnc100-sq: Cannot utime: Operation not permitted
build	Cache Android SDK	2026-06-06T12:23:01.9877294Z /usr/bin/tar: ../../../../../usr/local/lib/android/sdk/platforms/android-37.0/data/res/values-mcc313-mnc100-sq: Cannot change mode to rwxr-xr-x: Operation not permitted
build	Cache Android SDK	2026-06-06T12:23:01.9880010Z /usr/bin/tar: ../../../../../usr/local/lib/android/sdk/platforms/android-37.0/data/res/values-mcc334-mnc020-fr-feminine: Cannot utime: Operation not permitted
build	Cache Android SDK	2026-06-06T12:23:01.9880505Z /usr/bin/tar: ../../../../../usr/local/lib/android/sdk/platforms/android-37.0/data/res/values-mcc334-mnc020-fr-feminine: Cannot change mode to rwxr-xr-x: Operation not permitted
build	Cache Android SDK	2026-06-06T12:23:01.9883737Z /usr/bin/tar: ../../../../../usr/local/lib/android/sdk/platforms/android-37.0/data/res/values-mcc310-mnc280-tr: Cannot utime: Operation not permitted
build	Cache Android SDK	2026-06-06T12:23:01.9884191Z /usr/bin/tar: ../../../../../usr/local/lib/android/sdk/platforms/android-37.0/data/res/values-mcc310-mnc280-tr: Cannot change mode to rwxr-xr-x: Operation not permitted
build	Cache Android SDK	2026-06-06T12:23:01.9887110Z /usr/bin/tar: ../../../../../usr/local/lib/android/sdk/platforms/android-37.0/data/res/values-mcc302-mnc370-fi: Cannot utime: Operation not permitted
build	Cache Android SDK	2026-06-06T12:23:01.9887705Z /usr/bin/tar: ../../../../../usr/local/lib/android/sdk/platforms/android-37.0/data/res/values-mcc302-mnc370-fi: Cannot change mode to rwxr-xr-x: Operation not permitted
build	Cache Android SDK	2026-06-06T12:23:01.9890674Z /usr/bin/tar: ../../../../../usr/local/lib/android/sdk/platforms/android-37.0/data/res/values-mcc310-mnc230-hi: Cannot utime: Operation not permitted
build	Cache Android SDK	2026-06-06T12:23:01.9891226Z /usr/bin/tar: ../../../../../usr/local/lib/android/sdk/platforms/android-37.0/data/res/values-mcc310-mnc230-hi: Cannot change mode to rwxr-xr-x: Operation not permitted
build	Cache Android SDK	2026-06-06T12:23:01.9897812Z /usr/bin/tar: ../../../../../usr/local/lib/android/sdk/platforms/android-37.0/data/res/values-az: Cannot utime: Operation not permitted
build	Cache Android SDK	2026-06-06T12:23:01.9898226Z /usr/bin/tar: ../../../../../usr/local/lib/android/sdk/platforms/android-37.0/data/res/values-az: Cannot change mode to rwxr-xr-x: Operation not permitted
build	Cache Android SDK	2026-06-06T12:23:01.9901474Z /usr/bin/tar: ../../../../../usr/local/lib/android/sdk/platforms/android-37.0/data/res/values-mcc310-mnc160-sr: Cannot utime: Operation not permitted
build	Cache Android SDK	2026-06-06T12:23:01.9902132Z /usr/bin/tar: ../../../../../usr/local/lib/android/sdk/platforms/android-37.0/data/res/values-mcc310-mnc160-sr: Cannot change mode to rwxr-xr-x: Operation not permitted
build	Cache Android SDK	2026-06-06T12:23:01.9904432Z /usr/bin/tar: ../../../../../usr/local/lib/android/sdk/platforms/android-37.0/data/res/values-mcc310-mnc250-vi: Cannot utime: Operation not permitted
build	Cache Android SDK	2026-06-06T12:23:01.9905191Z /usr/bin/tar: ../../../../../usr/local/lib/android/sdk/platforms/android-37.0/data/res/values-mcc310-mnc250-vi: Cannot change mode to rwxr-xr-x: Operation not permitted
build	Cache Android SDK	2026-06-06T12:23:01.9907160Z /usr/bin/tar: ../../../../../usr/local/lib/android/sdk/platforms/android-37.0/data/res/values-mcc302-mnc720-zu: Cannot utime: Operation not permitted
build	Cache Android SDK	2026-06-06T12:23:01.9907937Z /usr/bin/tar: ../../../../../usr/local/lib/android/sdk/platforms/android-37.0/data/res/values-mcc302-mnc720-zu: Cannot change mode to rwxr-xr-x: Operation not permitted
build	Cache Android SDK	2026-06-06T12:23:01.9910259Z /usr/bin/tar: ../../../../../usr/local/lib/android/sdk/platforms/android-37.0/data/res/values-lt-television: Cannot utime: Operation not permitted
build	Cache Android SDK	2026-06-06T12:23:01.9910718Z /usr/bin/tar: ../../../../../usr/local/lib/android/sdk/platforms/android-37.0/data/res/values-lt-television: Cannot change mode to rwxr-xr-x: Operation not permitted
build	Cache Android SDK	2026-06-06T12:23:01.9913475Z /usr/bin/tar: ../../../../../usr/local/lib/android/sdk/platforms/android-37.0/data/res/values-mcc313-mnc100-pt: Cannot utime: Operation not permitted
build	Cache Android SDK	2026-06-06T12:23:01.9913932Z /usr/bin/tar: ../../../../../usr/local/lib/android/sdk/platforms/android-37.0/data/res/values-mcc313-mnc100-pt: Cannot change mode to rwxr-xr-x: Operation not permitted
build	Cache Android SDK	2026-06-06T12:23:01.9916700Z /usr/bin/tar: ../../../../../usr/local/lib/android/sdk/platforms/android-37.0/data/res/values-mcc310-mnc660-km: Cannot utime: Operation not permitted
build	Cache Android SDK	2026-06-06T12:23:01.9917294Z /usr/bin/tar: ../../../../../usr/local/lib/android/sdk/platforms/android-37.0/data/res/values-mcc310-mnc660-km: Cannot change mode to rwxr-xr-x: Operation not permitted
build	Cache Android SDK	2026-06-06T12:23:01.9919875Z /usr/bin/tar: ../../../../../usr/local/lib/android/sdk/platforms/android-37.0/data/res/values-en-rXC-watch: Cannot utime: Operation not permitted
build	Cache Android SDK	2026-06-06T12:23:01.9920403Z /usr/bin/tar: ../../../../../usr/local/lib/android/sdk/platforms/android-37.0/data/res/values-en-rXC-watch: Cannot change mode to rwxr-xr-x: Operation not permitted
build	Cache Android SDK	2026-06-06T12:23:01.9923241Z /usr/bin/tar: ../../../../../usr/local/lib/android/sdk/platforms/android-37.0/data/res/values-mcc310-mnc310-pa: Cannot utime: Operation not permitted
build	Cache Android SDK	2026-06-06T12:23:01.9923714Z /usr/bin/tar: ../../../../../usr/local/lib/android/sdk/platforms/android-37.0/data/res/values-mcc310-mnc310-pa: Cannot change mode to rwxr-xr-x: Operation not permitted
build	Cache Android SDK	2026-06-06T12:23:01.9927879Z /usr/bin/tar: ../../../../../usr/local/lib/android/sdk/platforms/android-37.0/data/res/values-mcc312-mnc670-hy: Cannot utime: Operation not permitted
build	Cache Android SDK	2026-06-06T12:23:01.9928590Z /usr/bin/tar: ../../../../../usr/local/lib/android/sdk/platforms/android-37.0/data/res/values-mcc312-mnc670-hy: Cannot change mode to rwxr-xr-x: Operation not permitted
build	Cache Android SDK	2026-06-06T12:23:01.9930269Z /usr/bin/tar: ../../../../../usr/local/lib/android/sdk/platforms/android-37.0/data/res/values-mcc310-mnc220-ms: Cannot utime: Operation not permitted
build	Cache Android SDK	2026-06-06T12:23:01.9930824Z /usr/bin/tar: ../../../../../usr/local/lib/android/sdk/platforms/android-37.0/data/res/values-mcc310-mnc220-ms: Cannot change mode to rwxr-xr-x: Operation not permitted
build	Cache Android SDK	2026-06-06T12:23:01.9933697Z /usr/bin/tar: ../../../../../usr/local/lib/android/sdk/platforms/android-37.0/data/res/values-mcc302-mnc370-ko: Cannot utime: Operation not permitted
build	Cache Android SDK	2026-06-06T12:23:01.9934160Z /usr/bin/tar: ../../../../../usr/local/lib/android/sdk/platforms/android-37.0/data/res/values-mcc302-mnc370-ko: Cannot change mode to rwxr-xr-x: Operation not permitted
build	Cache Android SDK	2026-06-06T12:23:01.9936348Z /usr/bin/tar: ../../../../../usr/local/lib/android/sdk/platforms/android-37.0/data/res/values-mcc302-mnc720-my: Cannot utime: Operation not permitted
build	Cache Android SDK	2026-06-06T12:23:01.9936812Z /usr/bin/tar: ../../../../../usr/local/lib/android/sdk/platforms/android-37.0/data/res/values-mcc302-mnc720-my: Cannot change mode to rwxr-xr-x: Operation not permitted
build	Cache Android SDK	2026-06-06T12:23:01.9944549Z /usr/bin/tar: ../../../../../usr/local/lib/android/sdk/platforms/android-37.0/data/res/values-gu: Cannot utime: Operation not permitted
build	Cache Android SDK	2026-06-06T12:23:01.9945071Z /usr/bin/tar: ../../../../../usr/local/lib/android/sdk/platforms/android-37.0/data/res/values-gu: Cannot change mode to rwxr-xr-x: Operation not permitted
build	Cache Android SDK	2026-06-06T12:23:01.9948053Z /usr/bin/tar: ../../../../../usr/local/lib/android/sdk/platforms/android-37.0/data/res/values-mcc310-mnc270-in: Cannot utime: Operation not permitted
build	Cache Android SDK	2026-06-06T12:23:01.9948647Z /usr/bin/tar: ../../../../../usr/local/lib/android/sdk/platforms/android-37.0/data/res/values-mcc310-mnc270-in: Cannot change mode to rwxr-xr-x: Operation not permitted
build	Cache Android SDK	2026-06-06T12:23:01.9950692Z /usr/bin/tar: ../../../../../usr/local/lib/android/sdk/platforms/android-37.0/data/res/values-pa-watch: Cannot utime: Operation not permitted
build	Cache Android SDK	2026-06-06T12:23:01.9951130Z /usr/bin/tar: ../../../../../usr/local/lib/android/sdk/platforms/android-37.0/data/res/values-pa-watch: Cannot change mode to rwxr-xr-x: Operation not permitted
build	Cache Android SDK	2026-06-06T12:23:01.9954113Z /usr/bin/tar: ../../../../../usr/local/lib/android/sdk/platforms/android-37.0/data/res/values-mcc310-mnc170-ca: Cannot utime: Operation not permitted
build	Cache Android SDK	2026-06-06T12:23:01.9954577Z /usr/bin/tar: ../../../../../usr/local/lib/android/sdk/platforms/android-37.0/data/res/values-mcc310-mnc170-ca: Cannot change mode to rwxr-xr-x: Operation not permitted
build	Cache Android SDK	2026-06-06T12:23:01.9957711Z /usr/bin/tar: ../../../../../usr/local/lib/android/sdk/platforms/android-37.0/data/res/values-mcc310-mnc280-el: Cannot utime: Operation not permitted
build	Cache Android SDK	2026-06-06T12:23:01.9958218Z /usr/bin/tar: ../../../../../usr/local/lib/android/sdk/platforms/android-37.0/data/res/values-mcc310-mnc280-el: Cannot change mode to rwxr-xr-x: Operation not permitted
build	Cache Android SDK	2026-06-06T12:23:01.9960978Z /usr/bin/tar: ../../../../../usr/local/lib/android/sdk/platforms/android-37.0/data/res/values-mcc310-mnc310-km: Cannot utime: Operation not permitted
build	Cache Android SDK	2026-06-06T12:23:01.9961864Z /usr/bin/tar: ../../../../../usr/local/lib/android/sdk/platforms/android-37.0/data/res/values-mcc310-mnc310-km: Cannot change mode to rwxr-xr-x: Operation not permitted
build	Cache Android SDK	2026-06-06T12:23:01.9963569Z /usr/bin/tar: ../../../../../usr/local/lib/android/sdk/platforms/android-37.0/data/res/values-mcc302-mnc720-lt: Cannot utime: Operation not permitted
build	Cache Android SDK	2026-06-06T12:23:01.9964043Z /usr/bin/tar: ../../../../../usr/local/lib/android/sdk/platforms/android-37.0/data/res/values-mcc302-mnc720-lt: Cannot change mode to rwxr-xr-x: Operation not permitted
build	Cache Android SDK	2026-06-06T12:23:01.9966288Z /usr/bin/tar: ../../../../../usr/local/lib/android/sdk/platforms/android-37.0/data/res/values-mcc310-mnc230-en-rGB: Cannot utime: Operation not permitted
build	Cache Android SDK	2026-06-06T12:23:01.9966775Z /usr/bin/tar: ../../../../../usr/local/lib/android/sdk/platforms/android-37.0/data/res/values-mcc310-mnc230-en-rGB: Cannot change mode to rwxr-xr-x: Operation not permitted
build	Cache Android SDK	2026-06-06T12:23:01.9970168Z /usr/bin/tar: ../../../../../usr/local/lib/android/sdk/platforms/android-37.0/data/res/values-mcc310-mnc150-sv: Cannot utime: Operation not permitted
build	Cache Android SDK	2026-06-06T12:23:01.9970751Z /usr/bin/tar: ../../../../../usr/local/lib/android/sdk/platforms/android-37.0/data/res/values-mcc310-mnc150-sv: Cannot change mode to rwxr-xr-x: Operation not permitted
build	Cache Android SDK	2026-06-06T12:23:01.9973632Z /usr/bin/tar: ../../../../../usr/local/lib/android/sdk/platforms/android-37.0/data/res/mipmap-xhdpi: Cannot utime: Operation not permitted
build	Cache Android SDK	2026-06-06T12:23:01.9974076Z /usr/bin/tar: ../../../../../usr/local/lib/android/sdk/platforms/android-37.0/data/res/mipmap-xhdpi: Cannot change mode to rwxr-xr-x: Operation not permitted
build	Cache Android SDK	2026-06-06T12:23:01.9976617Z /usr/bin/tar: ../../../../../usr/local/lib/android/sdk/platforms/android-37.0/data/res/values-mcc310-mnc310-in: Cannot utime: Operation not permitted
build	Cache Android SDK	2026-06-06T12:23:01.9977147Z /usr/bin/tar: ../../../../../usr/local/lib/android/sdk/platforms/android-37.0/data/res/values-mcc310-mnc310-in: Cannot change mode to rwxr-xr-x: Operation not permitted
build	Cache Android SDK	2026-06-06T12:23:01.9979475Z /usr/bin/tar: ../../../../../usr/local/lib/android/sdk/platforms/android-37.0/data/res/values-mcc310-mnc950-pt-rBR: Cannot utime: Operation not permitted
build	Cache Android SDK	2026-06-06T12:23:01.9979958Z /usr/bin/tar: ../../../../../usr/local/lib/android/sdk/platforms/android-37.0/data/res/values-mcc310-mnc950-pt-rBR: Cannot change mode to rwxr-xr-x: Operation not permitted
build	Cache Android SDK	2026-06-06T12:23:01.9982920Z /usr/bin/tar: ../../../../../usr/local/lib/android/sdk/platforms/android-37.0/data/res/values-mn-television: Cannot utime: Operation not permitted
build	Cache Android SDK	2026-06-06T12:23:01.9983618Z /usr/bin/tar: ../../../../../usr/local/lib/android/sdk/platforms/android-37.0/data/res/values-mn-television: Cannot change mode to rwxr-xr-x: Operation not permitted
build	Cache Android SDK	2026-06-06T12:23:01.9988640Z /usr/bin/tar: ../../../../../usr/local/lib/android/sdk/platforms/android-37.0/data/res/values-it: Cannot utime: Operation not permitted
build	Cache Android SDK	2026-06-06T12:23:01.9989073Z /usr/bin/tar: ../../../../../usr/local/lib/android/sdk/platforms/android-37.0/data/res/values-it: Cannot change mode to rwxr-xr-x: Operation not permitted
build	Cache Android SDK	2026-06-06T12:23:01.9992875Z /usr/bin/tar: ../../../../../usr/local/lib/android/sdk/platforms/android-37.0/data/res/values-mcc310-mnc200-km: Cannot utime: Operation not permitted
build	Cache Android SDK	2026-06-06T12:23:01.9993371Z /usr/bin/tar: ../../../../../usr/local/lib/android/sdk/platforms/android-37.0/data/res/values-mcc310-mnc200-km: Cannot change mode to rwxr-xr-x: Operation not permitted
build	Cache Android SDK	2026-06-06T12:23:01.9995779Z /usr/bin/tar: ../../../../../usr/local/lib/android/sdk/platforms/android-37.0/data/res/values-mcc311-mnc180-af: Cannot utime: Operation not permitted
build	Cache Android SDK	2026-06-06T12:23:01.9996244Z /usr/bin/tar: ../../../../../usr/local/lib/android/sdk/platforms/android-37.0/data/res/values-mcc311-mnc180-af: Cannot change mode to rwxr-xr-x: Operation not permitted
build	Cache Android SDK	2026-06-06T12:23:01.9999255Z /usr/bin/tar: ../../../../../usr/local/lib/android/sdk/platforms/android-37.0/data/res/values-mcc310-mnc210: Cannot utime: Operation not permitted
build	Cache Android SDK	2026-06-06T12:23:01.9999725Z /usr/bin/tar: ../../../../../usr/local/lib/android/sdk/platforms/android-37.0/data/res/values-mcc310-mnc210: Cannot change mode to rwxr-xr-x: Operation not permitted
build	Cache Android SDK	2026-06-06T12:23:02.0002542Z /usr/bin/tar: ../../../../../usr/local/lib/android/sdk/platforms/android-37.0/data/res/values-mcc310-mnc030-hu: Cannot utime: Operation not permitted
build	Cache Android SDK	2026-06-06T12:23:02.0002997Z /usr/bin/tar: ../../../../../usr/local/lib/android/sdk/platforms/android-37.0/data/res/values-mcc310-mnc030-hu: Cannot change mode to rwxr-xr-x: Operation not permitted
build	Cache Android SDK	2026-06-06T12:23:02.0009169Z /usr/bin/tar: ../../../../../usr/local/lib/android/sdk/platforms/android-37.0/data/res/values-tl: Cannot utime: Operation not permitted
build	Cache Android SDK	2026-06-06T12:23:02.0009592Z /usr/bin/tar: ../../../../../usr/local/lib/android/sdk/platforms/android-37.0/data/res/values-tl: Cannot change mode to rwxr-xr-x: Operation not permitted
build	Cache Android SDK	2026-06-06T12:23:02.0014411Z /usr/bin/tar: ../../../../../usr/local/lib/android/sdk/platforms/android-37.0/data/res/values-fr-watch: Cannot utime: Operation not permitted
build	Cache Android SDK	2026-06-06T12:23:02.0015086Z /usr/bin/tar: ../../../../../usr/local/lib/android/sdk/platforms/android-37.0/data/res/values-fr-watch: Cannot change mode to rwxr-xr-x: Operation not permitted
build	Cache Android SDK	2026-06-06T12:23:02.0017336Z /usr/bin/tar: ../../../../../usr/local/lib/android/sdk/platforms/android-37.0/data/res/values-mcc310-mnc030-en-rGB: Cannot utime: Operation not permitted
build	Cache Android SDK	2026-06-06T12:23:02.0017977Z /usr/bin/tar: ../../../../../usr/local/lib/android/sdk/platforms/android-37.0/data/res/values-mcc310-mnc030-en-rGB: Cannot change mode to rwxr-xr-x: Operation not permitted
build	Cache Android SDK	2026-06-06T12:23:02.0022403Z /usr/bin/tar: ../../../../../usr/local/lib/android/sdk/platforms/android-37.0/data/res/values-mcc302-mnc720-mk: Cannot utime: Operation not permitted
build	Cache Android SDK	2026-06-06T12:23:02.0022864Z /usr/bin/tar: ../../../../../usr/local/lib/android/sdk/platforms/android-37.0/data/res/values-mcc302-mnc720-mk: Cannot change mode to rwxr-xr-x: Operation not permitted
build	Cache Android SDK	2026-06-06T12:23:02.0025254Z /usr/bin/tar: ../../../../../usr/local/lib/android/sdk/platforms/android-37.0/data/res/values-mcc310-mnc800-hu: Cannot utime: Operation not permitted
build	Cache Android SDK	2026-06-06T12:23:02.0025712Z /usr/bin/tar: ../../../../../usr/local/lib/android/sdk/platforms/android-37.0/data/res/values-mcc310-mnc800-hu: Cannot change mode to rwxr-xr-x: Operation not permitted
build	Cache Android SDK	2026-06-06T12:23:02.0028452Z /usr/bin/tar: ../../../../../usr/local/lib/android/sdk/platforms/android-37.0/data/res/values-mcc310-mnc250-hi: Cannot utime: Operation not permitted
build	Cache Android SDK	2026-06-06T12:23:02.0029242Z /usr/bin/tar: ../../../../../usr/local/lib/android/sdk/platforms/android-37.0/data/res/values-mcc310-mnc250-hi: Cannot change mode to rwxr-xr-x: Operation not permitted
build	Cache Android SDK	2026-06-06T12:23:02.0031783Z /usr/bin/tar: ../../../../../usr/local/lib/android/sdk/platforms/android-37.0/data/res/values-mcc310-mnc160-my: Cannot utime: Operation not permitted
build	Cache Android SDK	2026-06-06T12:23:02.0032235Z /usr/bin/tar: ../../../../../usr/local/lib/android/sdk/platforms/android-37.0/data/res/values-mcc310-mnc160-my: Cannot change mode to rwxr-xr-x: Operation not permitted
build	Cache Android SDK	2026-06-06T12:23:02.0034646Z /usr/bin/tar: ../../../../../usr/local/lib/android/sdk/platforms/android-37.0/data/res/values-mcc310-mnc410-mn: Cannot utime: Operation not permitted
build	Cache Android SDK	2026-06-06T12:23:02.0035094Z /usr/bin/tar: ../../../../../usr/local/lib/android/sdk/platforms/android-37.0/data/res/values-mcc310-mnc410-mn: Cannot change mode to rwxr-xr-x: Operation not permitted
build	Cache Android SDK	2026-06-06T12:23:02.0038031Z /usr/bin/tar: ../../../../../usr/local/lib/android/sdk/platforms/android-37.0/data/res/values-mcc310-mnc380-ur: Cannot utime: Operation not permitted
build	Cache Android SDK	2026-06-06T12:23:02.0038489Z /usr/bin/tar: ../../../../../usr/local/lib/android/sdk/platforms/android-37.0/data/res/values-mcc310-mnc380-ur: Cannot change mode to rwxr-xr-x: Operation not permitted
build	Cache Android SDK	2026-06-06T12:23:02.0040954Z /usr/bin/tar: ../../../../../usr/local/lib/android/sdk/platforms/android-37.0/data/res/values-mcc310-mnc150-ja: Cannot utime: Operation not permitted
build	Cache Android SDK	2026-06-06T12:23:02.0041406Z /usr/bin/tar: ../../../../../usr/local/lib/android/sdk/platforms/android-37.0/data/res/values-mcc310-mnc150-ja: Cannot change mode to rwxr-xr-x: Operation not permitted
build	Cache Android SDK	2026-06-06T12:23:02.0044007Z /usr/bin/tar: ../../../../../usr/local/lib/android/sdk/platforms/android-37.0/data/res/values-mcc310-mnc030-nl: Cannot utime: Operation not permitted
build	Cache Android SDK	2026-06-06T12:23:02.0044462Z /usr/bin/tar: ../../../../../usr/local/lib/android/sdk/platforms/android-37.0/data/res/values-mcc310-mnc030-nl: Cannot change mode to rwxr-xr-x: Operation not permitted
build	Cache Android SDK	2026-06-06T12:23:02.0047139Z /usr/bin/tar: ../../../../../usr/local/lib/android/sdk/platforms/android-37.0/data/res/values-mcc334-mnc020-ur: Cannot utime: Operation not permitted
build	Cache Android SDK	2026-06-06T12:23:02.0047736Z /usr/bin/tar: ../../../../../usr/local/lib/android/sdk/platforms/android-37.0/data/res/values-mcc334-mnc020-ur: Cannot change mode to rwxr-xr-x: Operation not permitted
build	Cache Android SDK	2026-06-06T12:23:02.0050352Z /usr/bin/tar: ../../../../../usr/local/lib/android/sdk/platforms/android-37.0/data/res/values-mcc001-mnc01-ky: Cannot utime: Operation not permitted
build	Cache Android SDK	2026-06-06T12:23:02.0050942Z /usr/bin/tar: ../../../../../usr/local/lib/android/sdk/platforms/android-37.0/data/res/values-mcc001-mnc01-ky: Cannot change mode to rwxr-xr-x: Operation not permitted
build	Cache Android SDK	2026-06-06T12:23:02.0053730Z /usr/bin/tar: ../../../../../usr/local/lib/android/sdk/platforms/android-37.0/data/res/values-mcc310-mnc250-it: Cannot utime: Operation not permitted
build	Cache Android SDK	2026-06-06T12:23:02.0054218Z /usr/bin/tar: ../../../../../usr/local/lib/android/sdk/platforms/android-37.0/data/res/values-mcc310-mnc250-it: Cannot change mode to rwxr-xr-x: Operation not permitted
build	Cache Android SDK	2026-06-06T12:23:02.0056889Z /usr/bin/tar: ../../../../../usr/local/lib/android/sdk/platforms/android-37.0/data/res/values-mcc310-mnc800-en-rAU: Cannot utime: Operation not permitted
build	Cache Android SDK	2026-06-06T12:23:02.0057511Z /usr/bin/tar: ../../../../../usr/local/lib/android/sdk/platforms/android-37.0/data/res/values-mcc310-mnc800-en-rAU: Cannot change mode to rwxr-xr-x: Operation not permitted
build	Cache Android SDK	2026-06-06T12:23:02.0060119Z /usr/bin/tar: ../../../../../usr/local/lib/android/sdk/platforms/android-37.0/data/res/values-mcc001: Cannot utime: Operation not permitted
build	Cache Android SDK	2026-06-06T12:23:02.0060549Z /usr/bin/tar: ../../../../../usr/local/lib/android/sdk/platforms/android-37.0/data/res/values-mcc001: Cannot change mode to rwxr-xr-x: Operation not permitted
build	Cache Android SDK	2026-06-06T12:23:02.0063873Z /usr/bin/tar: ../../../../../usr/local/lib/android/sdk/platforms/android-37.0/data/res/values-mcc310-mnc270-bg: Cannot utime: Operation not permitted
build	Cache Android SDK	2026-06-06T12:23:02.0064408Z /usr/bin/tar: ../../../../../usr/local/lib/android/sdk/platforms/android-37.0/data/res/values-mcc310-mnc270-bg: Cannot change mode to rwxr-xr-x: Operation not permitted
build	Cache Android SDK	2026-06-06T12:23:02.0067011Z /usr/bin/tar: ../../../../../usr/local/lib/android/sdk/platforms/android-37.0/data/res/values-xlarge-land: Cannot utime: Operation not permitted
build	Cache Android SDK	2026-06-06T12:23:02.0067616Z /usr/bin/tar: ../../../../../usr/local/lib/android/sdk/platforms/android-37.0/data/res/values-xlarge-land: Cannot change mode to rwxr-xr-x: Operation not permitted
build	Cache Android SDK	2026-06-06T12:23:02.0070519Z /usr/bin/tar: ../../../../../usr/local/lib/android/sdk/platforms/android-37.0/data/res/values-uk-watch: Cannot utime: Operation not permitted
build	Cache Android SDK	2026-06-06T12:23:02.0071258Z /usr/bin/tar: ../../../../../usr/local/lib/android/sdk/platforms/android-37.0/data/res/values-uk-watch: Cannot change mode to rwxr-xr-x: Operation not permitted
build	Cache Android SDK	2026-06-06T12:23:02.0073712Z /usr/bin/tar: ../../../../../usr/local/lib/android/sdk/platforms/android-37.0/data/res/values-mcc302-mnc720-sk: Cannot utime: Operation not permitted
build	Cache Android SDK	2026-06-06T12:23:02.0074182Z /usr/bin/tar: ../../../../../usr/local/lib/android/sdk/platforms/android-37.0/data/res/values-mcc302-mnc720-sk: Cannot change mode to rwxr-xr-x: Operation not permitted
build	Cache Android SDK	2026-06-06T12:23:02.0077033Z /usr/bin/tar: ../../../../../usr/local/lib/android/sdk/platforms/android-37.0/data/res/values-mcc310-mnc200-zh-rTW: Cannot utime: Operation not permitted
build	Cache Android SDK	2026-06-06T12:23:02.0077781Z /usr/bin/tar: ../../../../../usr/local/lib/android/sdk/platforms/android-37.0/data/res/values-mcc310-mnc200-zh-rTW: Cannot change mode to rwxr-xr-x: Operation not permitted
build	Cache Android SDK	2026-06-06T12:23:02.0080140Z /usr/bin/tar: ../../../../../usr/local/lib/android/sdk/platforms/android-37.0/data/res/values-mcc310-mnc410-si: Cannot utime: Operation not permitted
build	Cache Android SDK	2026-06-06T12:23:02.0080599Z /usr/bin/tar: ../../../../../usr/local/lib/android/sdk/platforms/android-37.0/data/res/values-mcc310-mnc410-si: Cannot change mode to rwxr-xr-x: Operation not permitted
build	Cache Android SDK	2026-06-06T12:23:02.0083790Z /usr/bin/tar: ../../../../../usr/local/lib/android/sdk/platforms/android-37.0/data/res/values-mcc310-mnc270-hu: Cannot utime: Operation not permitted
build	Cache Android SDK	2026-06-06T12:23:02.0084242Z /usr/bin/tar: ../../../../../usr/local/lib/android/sdk/platforms/android-37.0/data/res/values-mcc310-mnc270-hu: Cannot change mode to rwxr-xr-x: Operation not permitted
build	Cache Android SDK	2026-06-06T12:23:02.0086971Z /usr/bin/tar: ../../../../../usr/local/lib/android/sdk/platforms/android-37.0/data/res/values-mcc310-mnc800-pa: Cannot utime: Operation not permitted
build	Cache Android SDK	2026-06-06T12:23:02.0087560Z /usr/bin/tar: ../../../../../usr/local/lib/android/sdk/platforms/android-37.0/data/res/values-mcc310-mnc800-pa: Cannot change mode to rwxr-xr-x: Operation not permitted
build	Cache Android SDK	2026-06-06T12:23:02.0093625Z /usr/bin/tar: ../../../../../usr/local/lib/android/sdk/platforms/android-37.0/data/res/values-mn: Cannot utime: Operation not permitted
build	Cache Android SDK	2026-06-06T12:23:02.0094077Z /usr/bin/tar: ../../../../../usr/local/lib/android/sdk/platforms/android-37.0/data/res/values-mn: Cannot change mode to rwxr-xr-x: Operation not permitted
build	Cache Android SDK	2026-06-06T12:23:02.0097074Z /usr/bin/tar: ../../../../../usr/local/lib/android/sdk/platforms/android-37.0/data/res/values-lv-rLV: Cannot utime: Operation not permitted
build	Cache Android SDK	2026-06-06T12:23:02.0097644Z /usr/bin/tar: ../../../../../usr/local/lib/android/sdk/platforms/android-37.0/data/res/values-lv-rLV: Cannot change mode to rwxr-xr-x: Operation not permitted
build	Cache Android SDK	2026-06-06T12:23:02.0099937Z /usr/bin/tar: ../../../../../usr/local/lib/android/sdk/platforms/android-37.0/data/res/values-mcc313-mnc100-lt: Cannot utime: Operation not permitted
build	Cache Android SDK	2026-06-06T12:23:02.0100394Z /usr/bin/tar: ../../../../../usr/local/lib/android/sdk/platforms/android-37.0/data/res/values-mcc313-mnc100-lt: Cannot change mode to rwxr-xr-x: Operation not permitted
build	Cache Android SDK	2026-06-06T12:23:02.0103163Z /usr/bin/tar: ../../../../../usr/local/lib/android/sdk/platforms/android-37.0/data/res/raw-it: Cannot utime: Operation not permitted
build	Cache Android SDK	2026-06-06T12:23:02.0103643Z /usr/bin/tar: ../../../../../usr/local/lib/android/sdk/platforms/android-37.0/data/res/raw-it: Cannot change mode to rwxr-xr-x: Operation not permitted
build	Cache Android SDK	2026-06-06T12:23:02.0106109Z /usr/bin/tar: ../../../../../usr/local/lib/android/sdk/platforms/android-37.0/data/res/values-mcc312-mnc670-my: Cannot utime: Operation not permitted
build	Cache Android SDK	2026-06-06T12:23:02.0106582Z /usr/bin/tar: ../../../../../usr/local/lib/android/sdk/platforms/android-37.0/data/res/values-mcc312-mnc670-my: Cannot change mode to rwxr-xr-x: Operation not permitted
build	Cache Android SDK	2026-06-06T12:23:02.0109427Z /usr/bin/tar: ../../../../../usr/local/lib/android/sdk/platforms/android-37.0/data/res/values-sr-watch: Cannot utime: Operation not permitted
build	Cache Android SDK	2026-06-06T12:23:02.0109880Z /usr/bin/tar: ../../../../../usr/local/lib/android/sdk/platforms/android-37.0/data/res/values-sr-watch: Cannot change mode to rwxr-xr-x: Operation not permitted
build	Cache Android SDK	2026-06-06T12:23:02.0114242Z /usr/bin/tar: ../../../../../usr/local/lib/android/sdk/platforms/android-37.0/data/res/values-mcc310-mnc660-lv: Cannot utime: Operation not permitted
build	Cache Android SDK	2026-06-06T12:23:02.0114802Z /usr/bin/tar: ../../../../../usr/local/lib/android/sdk/platforms/android-37.0/data/res/values-mcc310-mnc660-lv: Cannot change mode to rwxr-xr-x: Operation not permitted
build	Cache Android SDK	2026-06-06T12:23:02.0117925Z /usr/bin/tar: ../../../../../usr/local/lib/android/sdk/platforms/android-37.0/data/res/values-mcc001-mnc01-en-rAU: Cannot utime: Operation not permitted
build	Cache Android SDK	2026-06-06T12:23:02.0118411Z /usr/bin/tar: ../../../../../usr/local/lib/android/sdk/platforms/android-37.0/data/res/values-mcc001-mnc01-en-rAU: Cannot change mode to rwxr-xr-x: Operation not permitted
build	Cache Android SDK	2026-06-06T12:23:02.0120989Z /usr/bin/tar: ../../../../../usr/local/lib/android/sdk/platforms/android-37.0/data/res/values-mcc310-mnc660-mn: Cannot utime: Operation not permitted
build	Cache Android SDK	2026-06-06T12:23:02.0121450Z /usr/bin/tar: ../../../../../usr/local/lib/android/sdk/platforms/android-37.0/data/res/values-mcc310-mnc660-mn: Cannot change mode to rwxr-xr-x: Operation not permitted
build	Cache Android SDK	2026-06-06T12:23:02.0124073Z /usr/bin/tar: ../../../../../usr/local/lib/android/sdk/platforms/android-37.0/data/res/values-mcc313-mnc100-pt-rPT: Cannot utime: Operation not permitted
build	Cache Android SDK	2026-06-06T12:23:02.0124560Z /usr/bin/tar: ../../../../../usr/local/lib/android/sdk/platforms/android-37.0/data/res/values-mcc313-mnc100-pt-rPT: Cannot change mode to rwxr-xr-x: Operation not permitted
build	Cache Android SDK	2026-06-06T12:23:02.0129568Z /usr/bin/tar: ../../../../../usr/local/lib/android/sdk/platforms/android-37.0/data/res/values-mcc302-mnc720-et: Cannot utime: Operation not permitted
build	Cache Android SDK	2026-06-06T12:23:02.0130157Z /usr/bin/tar: ../../../../../usr/local/lib/android/sdk/platforms/android-37.0/data/res/values-mcc302-mnc720-et: Cannot change mode to rwxr-xr-x: Operation not permitted
build	Cache Android SDK	2026-06-06T12:23:02.0132624Z /usr/bin/tar: ../../../../../usr/local/lib/android/sdk/platforms/android-37.0/data/res/values-mcc310-mnc410-zu: Cannot utime: Operation not permitted
build	Cache Android SDK	2026-06-06T12:23:02.0133087Z /usr/bin/tar: ../../../../../usr/local/lib/android/sdk/platforms/android-37.0/data/res/values-mcc310-mnc410-zu: Cannot change mode to rwxr-xr-x: Operation not permitted
build	Cache Android SDK	2026-06-06T12:23:02.0139877Z /usr/bin/tar: ../../../../../usr/local/lib/android/sdk/platforms/android-37.0/data/res/values-zu: Cannot utime: Operation not permitted
build	Cache Android SDK	2026-06-06T12:23:02.0140301Z /usr/bin/tar: ../../../../../usr/local/lib/android/sdk/platforms/android-37.0/data/res/values-zu: Cannot change mode to rwxr-xr-x: Operation not permitted
build	Cache Android SDK	2026-06-06T12:23:02.0143071Z /usr/bin/tar: ../../../../../usr/local/lib/android/sdk/platforms/android-37.0/data/res/values-mcc310-mnc150-mk: Cannot utime: Operation not permitted
build	Cache Android SDK	2026-06-06T12:23:02.0143622Z /usr/bin/tar: ../../../../../usr/local/lib/android/sdk/platforms/android-37.0/data/res/values-mcc310-mnc150-mk: Cannot change mode to rwxr-xr-x: Operation not permitted
build	Cache Android SDK	2026-06-06T12:23:02.0145636Z /usr/bin/tar: ../../../../../usr/local/lib/android/sdk/platforms/android-37.0/data/res/values-mcc310-mnc410-zh-rHK: Cannot utime: Operation not permitted
build	Cache Android SDK	2026-06-06T12:23:02.0146229Z /usr/bin/tar: ../../../../../usr/local/lib/android/sdk/platforms/android-37.0/data/res/values-mcc310-mnc410-zh-rHK: Cannot change mode to rwxr-xr-x: Operation not permitted
build	Cache Android SDK	2026-06-06T12:23:02.0149407Z /usr/bin/tar: ../../../../../usr/local/lib/android/sdk/platforms/android-37.0/data/res/values-mcc310-mnc280-tl: Cannot utime: Operation not permitted
build	Cache Android SDK	2026-06-06T12:23:02.0149876Z /usr/bin/tar: ../../../../../usr/local/lib/android/sdk/platforms/android-37.0/data/res/values-mcc310-mnc280-tl: Cannot change mode to rwxr-xr-x: Operation not permitted
build	Cache Android SDK	2026-06-06T12:23:02.0154041Z /usr/bin/tar: ../../../../../usr/local/lib/android/sdk/platforms/android-37.0/data/res/values-mcc310-mnc200-pt-rBR: Cannot utime: Operation not permitted
build	Cache Android SDK	2026-06-06T12:23:02.0154526Z /usr/bin/tar: ../../../../../usr/local/lib/android/sdk/platforms/android-37.0/data/res/values-mcc310-mnc200-pt-rBR: Cannot change mode to rwxr-xr-x: Operation not permitted
build	Cache Android SDK	2026-06-06T12:23:02.0158247Z /usr/bin/tar: ../../../../../usr/local/lib/android/sdk/platforms/android-37.0/data/res/values-mcc310-mnc410-en-rCA: Cannot utime: Operation not permitted
build	Cache Android SDK	2026-06-06T12:23:02.0158856Z /usr/bin/tar: ../../../../../usr/local/lib/android/sdk/platforms/android-37.0/data/res/values-mcc310-mnc410-en-rCA: Cannot change mode to rwxr-xr-x: Operation not permitted
build	Cache Android SDK	2026-06-06T12:23:02.0161028Z /usr/bin/tar: ../../../../../usr/local/lib/android/sdk/platforms/android-37.0/data/res/values-mcc310-mnc030-ro: Cannot utime: Operation not permitted
build	Cache Android SDK	2026-06-06T12:23:02.0161603Z /usr/bin/tar: ../../../../../usr/local/lib/android/sdk/platforms/android-37.0/data/res/values-mcc310-mnc030-ro: Cannot change mode to rwxr-xr-x: Operation not permitted
build	Cache Android SDK	2026-06-06T12:23:02.0164162Z /usr/bin/tar: ../../../../../usr/local/lib/android/sdk/platforms/android-37.0/data/res/values-mcc310-mnc380-ky: Cannot utime: Operation not permitted
build	Cache Android SDK	2026-06-06T12:23:02.0164629Z /usr/bin/tar: ../../../../../usr/local/lib/android/sdk/platforms/android-37.0/data/res/values-mcc310-mnc380-ky: Cannot change mode to rwxr-xr-x: Operation not permitted
build	Cache Android SDK	2026-06-06T12:23:02.0167490Z /usr/bin/tar: ../../../../../usr/local/lib/android/sdk/platforms/android-37.0/data/res/values-mcc310-mnc800-et: Cannot utime: Operation not permitted
build	Cache Android SDK	2026-06-06T12:23:02.0168064Z /usr/bin/tar: ../../../../../usr/local/lib/android/sdk/platforms/android-37.0/data/res/values-mcc310-mnc800-et: Cannot change mode to rwxr-xr-x: Operation not permitted
build	Cache Android SDK	2026-06-06T12:23:02.0177278Z /usr/bin/tar: ../../../../../usr/local/lib/android/sdk/platforms/android-37.0/data/res/values-be: Cannot utime: Operation not permitted
build	Cache Android SDK	2026-06-06T12:23:02.0178125Z /usr/bin/tar: ../../../../../usr/local/lib/android/sdk/platforms/android-37.0/data/res/values-be: Cannot change mode to rwxr-xr-x: Operation not permitted
build	Cache Android SDK	2026-06-06T12:23:02.0178594Z /usr/bin/tar: ../../../../../usr/local/lib/android/sdk/platforms/android-37.0/data/res/values-mcc310-mnc310-el: Cannot utime: Operation not permitted
build	Cache Android SDK	2026-06-06T12:23:02.0179102Z /usr/bin/tar: ../../../../../usr/local/lib/android/sdk/platforms/android-37.0/data/res/values-mcc310-mnc310-el: Cannot change mode to rwxr-xr-x: Operation not permitted
build	Cache Android SDK	2026-06-06T12:23:02.0181670Z /usr/bin/tar: ../../../../../usr/local/lib/android/sdk/platforms/android-37.0/data/res/values-mcc310-mnc490-ta: Cannot utime: Operation not permitted
build	Cache Android SDK	2026-06-06T12:23:02.0182171Z /usr/bin/tar: ../../../../../usr/local/lib/android/sdk/platforms/android-37.0/data/res/values-mcc310-mnc490-ta: Cannot change mode to rwxr-xr-x: Operation not permitted
build	Cache Android SDK	2026-06-06T12:23:02.0184581Z /usr/bin/tar: ../../../../../usr/local/lib/android/sdk/platforms/android-37.0/data/res/values-mcc310-mnc310-hu: Cannot utime: Operation not permitted
build	Cache Android SDK	2026-06-06T12:23:02.0185046Z /usr/bin/tar: ../../../../../usr/local/lib/android/sdk/platforms/android-37.0/data/res/values-mcc310-mnc310-hu: Cannot change mode to rwxr-xr-x: Operation not permitted
build	Cache Android SDK	2026-06-06T12:23:02.0187503Z /usr/bin/tar: ../../../../../usr/local/lib/android/sdk/platforms/android-37.0/data/res/values-mcc310-mnc800-ko: Cannot utime: Operation not permitted
build	Cache Android SDK	2026-06-06T12:23:02.0188119Z /usr/bin/tar: ../../../../../usr/local/lib/android/sdk/platforms/android-37.0/data/res/values-mcc310-mnc800-ko: Cannot change mode to rwxr-xr-x: Operation not permitted
build	Cache Android SDK	2026-06-06T12:23:02.0190390Z /usr/bin/tar: ../../../../../usr/local/lib/android/sdk/platforms/android-37.0/data/res/values-mcc311-mnc180-km: Cannot utime: Operation not permitted
build	Cache Android SDK	2026-06-06T12:23:02.0190869Z /usr/bin/tar: ../../../../../usr/local/lib/android/sdk/platforms/android-37.0/data/res/values-mcc311-mnc180-km: Cannot change mode to rwxr-xr-x: Operation not permitted
build	Cache Android SDK	2026-06-06T12:23:02.0193730Z /usr/bin/tar: ../../../../../usr/local/lib/android/sdk/platforms/android-37.0/data/res/values-mcc310-mnc660-az: Cannot utime: Operation not permitted
build	Cache Android SDK	2026-06-06T12:23:02.0194276Z /usr/bin/tar: ../../../../../usr/local/lib/android/sdk/platforms/android-37.0/data/res/values-mcc310-mnc660-az: Cannot change mode to rwxr-xr-x: Operation not permitted
build	Cache Android SDK	2026-06-06T12:23:02.0196350Z /usr/bin/tar: ../../../../../usr/local/lib/android/sdk/platforms/android-37.0/data/res/values-mcc310-mnc210-zh-rHK: Cannot utime: Operation not permitted
build	Cache Android SDK	2026-06-06T12:23:02.0196846Z /usr/bin/tar: ../../../../../usr/local/lib/android/sdk/platforms/android-37.0/data/res/values-mcc310-mnc210-zh-rHK: Cannot change mode to rwxr-xr-x: Operation not permitted
build	Cache Android SDK	2026-06-06T12:23:02.0199456Z /usr/bin/tar: ../../../../../usr/local/lib/android/sdk/platforms/android-37.0/data/res/values-ja-watch: Cannot utime: Operation not permitted
build	Cache Android SDK	2026-06-06T12:23:02.0199919Z /usr/bin/tar: ../../../../../usr/local/lib/android/sdk/platforms/android-37.0/data/res/values-ja-watch: Cannot change mode to rwxr-xr-x: Operation not permitted
build	Cache Android SDK	2026-06-06T12:23:02.0202421Z /usr/bin/tar: ../../../../../usr/local/lib/android/sdk/platforms/android-37.0/data/res/values-mcc312-mnc670-zh-rCN: Cannot utime: Operation not permitted
build	Cache Android SDK	2026-06-06T12:23:02.0202891Z /usr/bin/tar: ../../../../../usr/local/lib/android/sdk/platforms/android-37.0/data/res/values-mcc312-mnc670-zh-rCN: Cannot change mode to rwxr-xr-x: Operation not permitted
build	Cache Android SDK	2026-06-06T12:23:02.0206127Z /usr/bin/tar: ../../../../../usr/local/lib/android/sdk/platforms/android-37.0/data/res/values-mcc302-mnc370-en-rXC: Cannot utime: Operation not permitted
build	Cache Android SDK	2026-06-06T12:23:02.0206685Z /usr/bin/tar: ../../../../../usr/local/lib/android/sdk/platforms/android-37.0/data/res/values-mcc302-mnc370-en-rXC: Cannot change mode to rwxr-xr-x: Operation not permitted
build	Cache Android SDK	2026-06-06T12:23:02.0208805Z /usr/bin/tar: ../../../../../usr/local/lib/android/sdk/platforms/android-37.0/data/res/values-mcc310-mnc160-kn: Cannot utime: Operation not permitted
build	Cache Android SDK	2026-06-06T12:23:02.0209274Z /usr/bin/tar: ../../../../../usr/local/lib/android/sdk/platforms/android-37.0/data/res/values-mcc310-mnc160-kn: Cannot change mode to rwxr-xr-x: Operation not permitted
build	Cache Android SDK	2026-06-06T12:23:02.0212007Z /usr/bin/tar: ../../../../../usr/local/lib/android/sdk/platforms/android-37.0/data/res/values-mcc310-mnc170-th: Cannot utime: Operation not permitted
build	Cache Android SDK	2026-06-06T12:23:02.0212488Z /usr/bin/tar: ../../../../../usr/local/lib/android/sdk/platforms/android-37.0/data/res/values-mcc310-mnc170-th: Cannot change mode to rwxr-xr-x: Operation not permitted
build	Cache Android SDK	2026-06-06T12:23:02.0219029Z /usr/bin/tar: ../../../../../usr/local/lib/android/sdk/platforms/android-37.0/data/res/values-en-rCA: Cannot utime: Operation not permitted
build	Cache Android SDK	2026-06-06T12:23:02.0219901Z /usr/bin/tar: ../../../../../usr/local/lib/android/sdk/platforms/android-37.0/data/res/values-en-rCA: Cannot change mode to rwxr-xr-x: Operation not permitted
build	Cache Android SDK	2026-06-06T12:23:02.0221639Z /usr/bin/tar: ../../../../../usr/local/lib/android/sdk/platforms/android-37.0/data/res/values-mcc310-mnc490-vi: Cannot utime: Operation not permitted
build	Cache Android SDK	2026-06-06T12:23:02.0222099Z /usr/bin/tar: ../../../../../usr/local/lib/android/sdk/platforms/android-37.0/data/res/values-mcc310-mnc490-vi: Cannot change mode to rwxr-xr-x: Operation not permitted
build	Cache Android SDK	2026-06-06T12:23:02.0224499Z /usr/bin/tar: ../../../../../usr/local/lib/android/sdk/platforms/android-37.0/data/res/values-mcc310-mnc210-eu: Cannot utime: Operation not permitted
build	Cache Android SDK	2026-06-06T12:23:02.0225081Z /usr/bin/tar: ../../../../../usr/local/lib/android/sdk/platforms/android-37.0/data/res/values-mcc310-mnc210-eu: Cannot change mode to rwxr-xr-x: Operation not permitted
build	Cache Android SDK	2026-06-06T12:23:02.0227473Z /usr/bin/tar: ../../../../../usr/local/lib/android/sdk/platforms/android-37.0/data/res/values-mcc312-mnc670-si: Cannot utime: Operation not permitted
build	Cache Android SDK	2026-06-06T12:23:02.0228003Z /usr/bin/tar: ../../../../../usr/local/lib/android/sdk/platforms/android-37.0/data/res/values-mcc312-mnc670-si: Cannot change mode to rwxr-xr-x: Operation not permitted
build	Cache Android SDK	2026-06-06T12:23:02.0230511Z /usr/bin/tar: ../../../../../usr/local/lib/android/sdk/platforms/android-37.0/data/res/mipmap-mdpi: Cannot utime: Operation not permitted
build	Cache Android SDK	2026-06-06T12:23:02.0230986Z /usr/bin/tar: ../../../../../usr/local/lib/android/sdk/platforms/android-37.0/data/res/mipmap-mdpi: Cannot change mode to rwxr-xr-x: Operation not permitted
build	Cache Android SDK	2026-06-06T12:23:02.0233482Z /usr/bin/tar: ../../../../../usr/local/lib/android/sdk/platforms/android-37.0/data/res/values-mcc310-mnc170-is: Cannot utime: Operation not permitted
build	Cache Android SDK	2026-06-06T12:23:02.0233958Z /usr/bin/tar: ../../../../../usr/local/lib/android/sdk/platforms/android-37.0/data/res/values-mcc310-mnc170-is: Cannot change mode to rwxr-xr-x: Operation not permitted
build	Cache Android SDK	2026-06-06T12:23:02.0236391Z /usr/bin/tar: ../../../../../usr/local/lib/android/sdk/platforms/android-37.0/data/res/values-mcc310-mnc950-et: Cannot utime: Operation not permitted
build	Cache Android SDK	2026-06-06T12:23:02.0236845Z /usr/bin/tar: ../../../../../usr/local/lib/android/sdk/platforms/android-37.0/data/res/values-mcc310-mnc950-et: Cannot change mode to rwxr-xr-x: Operation not permitted
build	Cache Android SDK	2026-06-06T12:23:02.0239684Z /usr/bin/tar: ../../../../../usr/local/lib/android/sdk/platforms/android-37.0/data/res/values-mcc310-mnc200-gu: Cannot utime: Operation not permitted
build	Cache Android SDK	2026-06-06T12:23:02.0240256Z /usr/bin/tar: ../../../../../usr/local/lib/android/sdk/platforms/android-37.0/data/res/values-mcc310-mnc200-gu: Cannot change mode to rwxr-xr-x: Operation not permitted
build	Cache Android SDK	2026-06-06T12:23:02.0242745Z /usr/bin/tar: ../../../../../usr/local/lib/android/sdk/platforms/android-37.0/data/res/values-mcc313-mnc100-ar: Cannot utime: Operation not permitted
build	Cache Android SDK	2026-06-06T12:23:02.0243260Z /usr/bin/tar: ../../../../../usr/local/lib/android/sdk/platforms/android-37.0/data/res/values-mcc313-mnc100-ar: Cannot change mode to rwxr-xr-x: Operation not permitted
build	Cache Android SDK	2026-06-06T12:23:02.0245714Z /usr/bin/tar: ../../../../../usr/local/lib/android/sdk/platforms/android-37.0/data/res/values-mcc001-mnc01-nl: Cannot utime: Operation not permitted
build	Cache Android SDK	2026-06-06T12:23:02.0246209Z /usr/bin/tar: ../../../../../usr/local/lib/android/sdk/platforms/android-37.0/data/res/values-mcc001-mnc01-nl: Cannot change mode to rwxr-xr-x: Operation not permitted
build	Cache Android SDK	2026-06-06T12:23:02.0248745Z /usr/bin/tar: ../../../../../usr/local/lib/android/sdk/platforms/android-37.0/data/res/values-mcc310-mnc270-pt-rBR: Cannot utime: Operation not permitted
build	Cache Android SDK	2026-06-06T12:23:02.0249242Z /usr/bin/tar: ../../../../../usr/local/lib/android/sdk/platforms/android-37.0/data/res/values-mcc310-mnc270-pt-rBR: Cannot change mode to rwxr-xr-x: Operation not permitted
build	Cache Android SDK	2026-06-06T12:23:02.0251785Z /usr/bin/tar: ../../../../../usr/local/lib/android/sdk/platforms/android-37.0/data/res/values-mcc310-mnc410-nb: Cannot utime: Operation not permitted
build	Cache Android SDK	2026-06-06T12:23:02.0252258Z /usr/bin/tar: ../../../../../usr/local/lib/android/sdk/platforms/android-37.0/data/res/values-mcc310-mnc410-nb: Cannot change mode to rwxr-xr-x: Operation not permitted
build	Cache Android SDK	2026-06-06T12:23:02.0254733Z /usr/bin/tar: ../../../../../usr/local/lib/android/sdk/platforms/android-37.0/data/res/values-iw-television: Cannot utime: Operation not permitted
build	Cache Android SDK	2026-06-06T12:23:02.0255194Z /usr/bin/tar: ../../../../../usr/local/lib/android/sdk/platforms/android-37.0/data/res/values-iw-television: Cannot change mode to rwxr-xr-x: Operation not permitted
build	Cache Android SDK	2026-06-06T12:23:02.0257897Z /usr/bin/tar: ../../../../../usr/local/lib/android/sdk/platforms/android-37.0/data/res/values-mcc334-mnc020-da: Cannot utime: Operation not permitted
build	Cache Android SDK	2026-06-06T12:23:02.0258445Z /usr/bin/tar: ../../../../../usr/local/lib/android/sdk/platforms/android-37.0/data/res/values-mcc334-mnc020-da: Cannot change mode to rwxr-xr-x: Operation not permitted
build	Cache Android SDK	2026-06-06T12:23:02.0261236Z /usr/bin/tar: ../../../../../usr/local/lib/android/sdk/platforms/android-37.0/data/res/values-mcc001-mnc01-zh-rHK: Cannot utime: Operation not permitted
build	Cache Android SDK	2026-06-06T12:23:02.0262171Z /usr/bin/tar: ../../../../../usr/local/lib/android/sdk/platforms/android-37.0/data/res/values-mcc001-mnc01-zh-rHK: Cannot change mode to rwxr-xr-x: Operation not permitted
build	Cache Android SDK	2026-06-06T12:23:02.0264127Z /usr/bin/tar: ../../../../../usr/local/lib/android/sdk/platforms/android-37.0/data/res/values-mcc310-mnc270-ar: Cannot utime: Operation not permitted
build	Cache Android SDK	2026-06-06T12:23:02.0264624Z /usr/bin/tar: ../../../../../usr/local/lib/android/sdk/platforms/android-37.0/data/res/values-mcc310-mnc270-ar: Cannot change mode to rwxr-xr-x: Operation not permitted
build	Cache Android SDK	2026-06-06T12:23:02.0266901Z /usr/bin/tar: ../../../../../usr/local/lib/android/sdk/platforms/android-37.0/data/res/values-mcc001-mnc01-tr: Cannot utime: Operation not permitted
build	Cache Android SDK	2026-06-06T12:23:02.0267547Z /usr/bin/tar: ../../../../../usr/local/lib/android/sdk/platforms/android-37.0/data/res/values-mcc001-mnc01-tr: Cannot change mode to rwxr-xr-x: Operation not permitted
build	Cache Android SDK	2026-06-06T12:23:02.0271745Z /usr/bin/tar: ../../../../../usr/local/lib/android/sdk/platforms/android-37.0/data/res/values-mcc310-mnc030-mn: Cannot utime: Operation not permitted
build	Cache Android SDK	2026-06-06T12:23:02.0272211Z /usr/bin/tar: ../../../../../usr/local/lib/android/sdk/platforms/android-37.0/data/res/values-mcc310-mnc030-mn: Cannot change mode to rwxr-xr-x: Operation not permitted
build	Cache Android SDK	2026-06-06T12:23:02.0275177Z /usr/bin/tar: ../../../../../usr/local/lib/android/sdk/platforms/android-37.0/data/res/values-mcc302-mnc720-en-rXC: Cannot utime: Operation not permitted
build	Cache Android SDK	2026-06-06T12:23:02.0275655Z /usr/bin/tar: ../../../../../usr/local/lib/android/sdk/platforms/android-37.0/data/res/values-mcc302-mnc720-en-rXC: Cannot change mode to rwxr-xr-x: Operation not permitted
build	Cache Android SDK	2026-06-06T12:23:02.0278288Z /usr/bin/tar: ../../../../../usr/local/lib/android/sdk/platforms/android-37.0/data/res/values-mcc310-mnc160-nb: Cannot utime: Operation not permitted
build	Cache Android SDK	2026-06-06T12:23:02.0278805Z /usr/bin/tar: ../../../../../usr/local/lib/android/sdk/platforms/android-37.0/data/res/values-mcc310-mnc160-nb: Cannot change mode to rwxr-xr-x: Operation not permitted
build	Cache Android SDK	2026-06-06T12:23:02.0281571Z /usr/bin/tar: ../../../../../usr/local/lib/android/sdk/platforms/android-37.0/data/res/values-mcc310-mnc150-da: Cannot utime: Operation not permitted
build	Cache Android SDK	2026-06-06T12:23:02.0282072Z /usr/bin/tar: ../../../../../usr/local/lib/android/sdk/platforms/android-37.0/data/res/values-mcc310-mnc150-da: Cannot change mode to rwxr-xr-x: Operation not permitted
build	Cache Android SDK	2026-06-06T12:23:02.0285130Z /usr/bin/tar: ../../../../../usr/local/lib/android/sdk/platforms/android-37.0/data/res/values-mcc310-mnc800-en-rGB: Cannot utime: Operation not permitted
build	Cache Android SDK	2026-06-06T12:23:02.0285740Z /usr/bin/tar: ../../../../../usr/local/lib/android/sdk/platforms/android-37.0/data/res/values-mcc310-mnc800-en-rGB: Cannot change mode to rwxr-xr-x: Operation not permitted
build	Cache Android SDK	2026-06-06T12:23:02.0288221Z /usr/bin/tar: ../../../../../usr/local/lib/android/sdk/platforms/android-37.0/data/res/values-mcc310-mnc170-bn: Cannot utime: Operation not permitted
build	Cache Android SDK	2026-06-06T12:23:02.0288742Z /usr/bin/tar: ../../../../../usr/local/lib/android/sdk/platforms/android-37.0/data/res/values-mcc310-mnc170-bn: Cannot change mode to rwxr-xr-x: Operation not permitted
build	Cache Android SDK	2026-06-06T12:23:02.0291656Z /usr/bin/tar: ../../../../../usr/local/lib/android/sdk/platforms/android-37.0/data/res/values-mcc310-mnc150-zh-rHK: Cannot utime: Operation not permitted
build	Cache Android SDK	2026-06-06T12:23:02.0292169Z /usr/bin/tar: ../../../../../usr/local/lib/android/sdk/platforms/android-37.0/data/res/values-mcc310-mnc150-zh-rHK: Cannot change mode to rwxr-xr-x: Operation not permitted
build	Cache Android SDK	2026-06-06T12:23:02.0294562Z /usr/bin/tar: ../../../../../usr/local/lib/android/sdk/platforms/android-37.0/data/res/values-de-television: Cannot utime: Operation not permitted
build	Cache Android SDK	2026-06-06T12:23:02.0295106Z /usr/bin/tar: ../../../../../usr/local/lib/android/sdk/platforms/android-37.0/data/res/values-de-television: Cannot change mode to rwxr-xr-x: Operation not permitted
build	Cache Android SDK	2026-06-06T12:23:02.0297606Z /usr/bin/tar: ../../../../../usr/local/lib/android/sdk/platforms/android-37.0/data/res/values-mcc310-mnc230-da: Cannot utime: Operation not permitted
build	Cache Android SDK	2026-06-06T12:23:02.0298073Z /usr/bin/tar: ../../../../../usr/local/lib/android/sdk/platforms/android-37.0/data/res/values-mcc310-mnc230-da: Cannot change mode to rwxr-xr-x: Operation not permitted
build	Cache Android SDK	2026-06-06T12:23:02.0300292Z /usr/bin/tar: ../../../../../usr/local/lib/android/sdk/platforms/android-37.0/data/res/values-mcc302-mnc370-af: Cannot utime: Operation not permitted
build	Cache Android SDK	2026-06-06T12:23:02.0300757Z /usr/bin/tar: ../../../../../usr/local/lib/android/sdk/platforms/android-37.0/data/res/values-mcc302-mnc370-af: Cannot change mode to rwxr-xr-x: Operation not permitted
build	Cache Android SDK	2026-06-06T12:23:02.0303125Z /usr/bin/tar: ../../../../../usr/local/lib/android/sdk/platforms/android-37.0/data/res/values-mcc310-mnc800-th: Cannot utime: Operation not permitted
build	Cache Android SDK	2026-06-06T12:23:02.0303584Z /usr/bin/tar: ../../../../../usr/local/lib/android/sdk/platforms/android-37.0/data/res/values-mcc310-mnc800-th: Cannot change mode to rwxr-xr-x: Operation not permitted
build	Cache Android SDK	2026-06-06T12:23:02.0306117Z /usr/bin/tar: ../../../../../usr/local/lib/android/sdk/platforms/android-37.0/data/res/values-mcc310-mnc490-lo: Cannot utime: Operation not permitted
build	Cache Android SDK	2026-06-06T12:23:02.0306621Z /usr/bin/tar: ../../../../../usr/local/lib/android/sdk/platforms/android-37.0/data/res/values-mcc310-mnc490-lo: Cannot change mode to rwxr-xr-x: Operation not permitted
build	Cache Android SDK	2026-06-06T12:23:02.0309276Z /usr/bin/tar: ../../../../../usr/local/lib/android/sdk/platforms/android-37.0/data/res/values-mcc310-mnc950-sq: Cannot utime: Operation not permitted
build	Cache Android SDK	2026-06-06T12:23:02.0309783Z /usr/bin/tar: ../../../../../usr/local/lib/android/sdk/platforms/android-37.0/data/res/values-mcc310-mnc950-sq: Cannot change mode to rwxr-xr-x: Operation not permitted
build	Cache Android SDK	2026-06-06T12:23:02.0312364Z /usr/bin/tar: ../../../../../usr/local/lib/android/sdk/platforms/android-37.0/data/res/values-fa-watch: Cannot utime: Operation not permitted
build	Cache Android SDK	2026-06-06T12:23:02.0312816Z /usr/bin/tar: ../../../../../usr/local/lib/android/sdk/platforms/android-37.0/data/res/values-fa-watch: Cannot change mode to rwxr-xr-x: Operation not permitted
build	Cache Android SDK	2026-06-06T12:23:02.0315205Z /usr/bin/tar: ../../../../../usr/local/lib/android/sdk/platforms/android-37.0/data/res/values-mcc310-mnc170-sw: Cannot utime: Operation not permitted
build	Cache Android SDK	2026-06-06T12:23:02.0315670Z /usr/bin/tar: ../../../../../usr/local/lib/android/sdk/platforms/android-37.0/data/res/values-mcc310-mnc170-sw: Cannot change mode to rwxr-xr-x: Operation not permitted
build	Cache Android SDK	2026-06-06T12:23:02.0318632Z /usr/bin/tar: ../../../../../usr/local/lib/android/sdk/platforms/android-37.0/data/res/values-mcc310-mnc250-sr: Cannot utime: Operation not permitted
build	Cache Android SDK	2026-06-06T12:23:02.0319279Z /usr/bin/tar: ../../../../../usr/local/lib/android/sdk/platforms/android-37.0/data/res/values-mcc310-mnc250-sr: Cannot change mode to rwxr-xr-x: Operation not permitted
build	Cache Android SDK	2026-06-06T12:23:02.0322091Z /usr/bin/tar: ../../../../../usr/local/lib/android/sdk/platforms/android-37.0/data/res/values-mcc311-mnc180-hr: Cannot utime: Operation not permitted
build	Cache Android SDK	2026-06-06T12:23:02.0322658Z /usr/bin/tar: ../../../../../usr/local/lib/android/sdk/platforms/android-37.0/data/res/values-mcc311-mnc180-hr: Cannot change mode to rwxr-xr-x: Operation not permitted
build	Cache Android SDK	2026-06-06T12:23:02.0325150Z /usr/bin/tar: ../../../../../usr/local/lib/android/sdk/platforms/android-37.0/data/res/values-mcc310-mnc560-da: Cannot utime: Operation not permitted
build	Cache Android SDK	2026-06-06T12:23:02.0326007Z /usr/bin/tar: ../../../../../usr/local/lib/android/sdk/platforms/android-37.0/data/res/values-mcc310-mnc560-da: Cannot change mode to rwxr-xr-x: Operation not permitted
build	Cache Android SDK	2026-06-06T12:23:02.0328833Z /usr/bin/tar: ../../../../../usr/local/lib/android/sdk/platforms/android-37.0/data/res/values-af-television: Cannot utime: Operation not permitted
build	Cache Android SDK	2026-06-06T12:23:02.0329595Z /usr/bin/tar: ../../../../../usr/local/lib/android/sdk/platforms/android-37.0/data/res/values-af-television: Cannot change mode to rwxr-xr-x: Operation not permitted
build	Cache Android SDK	2026-06-06T12:23:02.0339607Z /usr/bin/tar: ../../../../../usr/local/lib/android/sdk/platforms/android-37.0/data/res/values-tr: Cannot utime: Operation not permitted
build	Cache Android SDK	2026-06-06T12:23:02.0340568Z /usr/bin/tar: ../../../../../usr/local/lib/android/sdk/platforms/android-37.0/data/res/values-tr: Cannot change mode to rwxr-xr-x: Operation not permitted
build	Cache Android SDK	2026-06-06T12:23:02.0343353Z /usr/bin/tar: ../../../../../usr/local/lib/android/sdk/platforms/android-37.0/data/res/values-mcc232: Cannot utime: Operation not permitted
build	Cache Android SDK	2026-06-06T12:23:02.0344169Z /usr/bin/tar: ../../../../../usr/local/lib/android/sdk/platforms/android-37.0/data/res/values-mcc232: Cannot change mode to rwxr-xr-x: Operation not permitted
build	Cache Android SDK	2026-06-06T12:23:02.0346660Z /usr/bin/tar: ../../../../../usr/local/lib/android/sdk/platforms/android-37.0/data/res/values-mcc310-mnc950-ca: Cannot utime: Operation not permitted
build	Cache Android SDK	2026-06-06T12:23:02.0347137Z /usr/bin/tar: ../../../../../usr/local/lib/android/sdk/platforms/android-37.0/data/res/values-mcc310-mnc950-ca: Cannot change mode to rwxr-xr-x: Operation not permitted
build	Cache Android SDK	2026-06-06T12:23:02.0349706Z /usr/bin/tar: ../../../../../usr/local/lib/android/sdk/platforms/android-37.0/data/res/values-mcc001-mnc01-zh-rTW: Cannot utime: Operation not permitted
build	Cache Android SDK	2026-06-06T12:23:02.0350181Z /usr/bin/tar: ../../../../../usr/local/lib/android/sdk/platforms/android-37.0/data/res/values-mcc001-mnc01-zh-rTW: Cannot change mode to rwxr-xr-x: Operation not permitted
build	Cache Android SDK	2026-06-06T12:23:02.0353218Z /usr/bin/tar: ../../../../../usr/local/lib/android/sdk/platforms/android-37.0/data/res/values-mcc310-mnc410-bg: Cannot utime: Operation not permitted
build	Cache Android SDK	2026-06-06T12:23:02.0353691Z /usr/bin/tar: ../../../../../usr/local/lib/android/sdk/platforms/android-37.0/data/res/values-mcc310-mnc410-bg: Cannot change mode to rwxr-xr-x: Operation not permitted
build	Cache Android SDK	2026-06-06T12:23:02.0356507Z /usr/bin/tar: ../../../../../usr/local/lib/android/sdk/platforms/android-37.0/data/res/values-mcc310-mnc270-be: Cannot utime: Operation not permitted
build	Cache Android SDK	2026-06-06T12:23:02.0356965Z /usr/bin/tar: ../../../../../usr/local/lib/android/sdk/platforms/android-37.0/data/res/values-mcc310-mnc270-be: Cannot change mode to rwxr-xr-x: Operation not permitted
build	Cache Android SDK	2026-06-06T12:23:02.0359704Z /usr/bin/tar: ../../../../../usr/local/lib/android/sdk/platforms/android-37.0/data/res/values-mcc302-mnc370-ar: Cannot utime: Operation not permitted
build	Cache Android SDK	2026-06-06T12:23:02.0360149Z /usr/bin/tar: ../../../../../usr/local/lib/android/sdk/platforms/android-37.0/data/res/values-mcc302-mnc370-ar: Cannot change mode to rwxr-xr-x: Operation not permitted
build	Cache Android SDK	2026-06-06T12:23:02.0363516Z /usr/bin/tar: ../../../../../usr/local/lib/android/sdk/platforms/android-37.0/data/res/values-mcc310-mnc250-lv: Cannot utime: Operation not permitted
build	Cache Android SDK	2026-06-06T12:23:02.0364048Z /usr/bin/tar: ../../../../../usr/local/lib/android/sdk/platforms/android-37.0/data/res/values-mcc310-mnc250-lv: Cannot change mode to rwxr-xr-x: Operation not permitted
build	Cache Android SDK	2026-06-06T12:23:02.0367033Z /usr/bin/tar: ../../../../../usr/local/lib/android/sdk/platforms/android-37.0/data/res/values-mcc310-mnc230-th: Cannot utime: Operation not permitted
build	Cache Android SDK	2026-06-06T12:23:02.0367759Z /usr/bin/tar: ../../../../../usr/local/lib/android/sdk/platforms/android-37.0/data/res/values-mcc310-mnc230-th: Cannot change mode to rwxr-xr-x: Operation not permitted
build	Cache Android SDK	2026-06-06T12:23:02.0370482Z /usr/bin/tar: ../../../../../usr/local/lib/android/sdk/platforms/android-37.0/data/res/values-mcc286: Cannot utime: Operation not permitted
build	Cache Android SDK	2026-06-06T12:23:02.0370905Z /usr/bin/tar: ../../../../../usr/local/lib/android/sdk/platforms/android-37.0/data/res/values-mcc286: Cannot change mode to rwxr-xr-x: Operation not permitted
build	Cache Android SDK	2026-06-06T12:23:02.0374153Z /usr/bin/tar: ../../../../../usr/local/lib/android/sdk/platforms/android-37.0/data/res/values-mcc310-mnc250-uz: Cannot utime: Operation not permitted
build	Cache Android SDK	2026-06-06T12:23:02.0374621Z /usr/bin/tar: ../../../../../usr/local/lib/android/sdk/platforms/android-37.0/data/res/values-mcc310-mnc250-uz: Cannot change mode to rwxr-xr-x: Operation not permitted
build	Cache Android SDK	2026-06-06T12:23:02.0377978Z /usr/bin/tar: ../../../../../usr/local/lib/android/sdk/platforms/android-37.0/data/res/values-mcc310-mnc240-eu: Cannot utime: Operation not permitted
build	Cache Android SDK	2026-06-06T12:23:02.0379000Z /usr/bin/tar: ../../../../../usr/local/lib/android/sdk/platforms/android-37.0/data/res/values-mcc310-mnc240-eu: Cannot change mode to rwxr-xr-x: Operation not permitted
build	Cache Android SDK	2026-06-06T12:23:02.0381227Z /usr/bin/tar: ../../../../../usr/local/lib/android/sdk/platforms/android-37.0/data/res/values-mcc310-mnc280-km: Cannot utime: Operation not permitted
build	Cache Android SDK	2026-06-06T12:23:02.0381673Z /usr/bin/tar: ../../../../../usr/local/lib/android/sdk/platforms/android-37.0/data/res/values-mcc310-mnc280-km: Cannot change mode to rwxr-xr-x: Operation not permitted
build	Cache Android SDK	2026-06-06T12:23:02.0384345Z /usr/bin/tar: ../../../../../usr/local/lib/android/sdk/platforms/android-37.0/data/res/values-mcc310-mnc150-et: Cannot utime: Operation not permitted
build	Cache Android SDK	2026-06-06T12:23:02.0384811Z /usr/bin/tar: ../../../../../usr/local/lib/android/sdk/platforms/android-37.0/data/res/values-mcc310-mnc150-et: Cannot change mode to rwxr-xr-x: Operation not permitted
build	Cache Android SDK	2026-06-06T12:23:02.0387814Z /usr/bin/tar: ../../../../../usr/local/lib/android/sdk/platforms/android-37.0/data/res/values-mcc310-mnc800-tl: Cannot utime: Operation not permitted
build	Cache Android SDK	2026-06-06T12:23:02.0388279Z /usr/bin/tar: ../../../../../usr/local/lib/android/sdk/platforms/android-37.0/data/res/values-mcc310-mnc800-tl: Cannot change mode to rwxr-xr-x: Operation not permitted
build	Cache Android SDK	2026-06-06T12:23:02.0391056Z /usr/bin/tar: ../../../../../usr/local/lib/android/sdk/platforms/android-37.0/data/res/values-mcc312-mnc670-bn: Cannot utime: Operation not permitted
build	Cache Android SDK	2026-06-06T12:23:02.0391520Z /usr/bin/tar: ../../../../../usr/local/lib/android/sdk/platforms/android-37.0/data/res/values-mcc312-mnc670-bn: Cannot change mode to rwxr-xr-x: Operation not permitted
build	Cache Android SDK	2026-06-06T12:23:02.0396985Z /usr/bin/tar: ../../../../../usr/local/lib/android/sdk/platforms/android-37.0/data/res/values-mcc234-mnc91: Cannot utime: Operation not permitted
build	Cache Android SDK	2026-06-06T12:23:02.0397741Z /usr/bin/tar: ../../../../../usr/local/lib/android/sdk/platforms/android-37.0/data/res/values-mcc234-mnc91: Cannot change mode to rwxr-xr-x: Operation not permitted
build	Cache Android SDK	2026-06-06T12:23:02.0401438Z /usr/bin/tar: ../../../../../usr/local/lib/android/sdk/platforms/android-37.0/data/res/values-mcc310-mnc210-hu: Cannot utime: Operation not permitted
build	Cache Android SDK	2026-06-06T12:23:02.0401896Z /usr/bin/tar: ../../../../../usr/local/lib/android/sdk/platforms/android-37.0/data/res/values-mcc310-mnc210-hu: Cannot change mode to rwxr-xr-x: Operation not permitted
build	Cache Android SDK	2026-06-06T12:23:02.0405409Z /usr/bin/tar: ../../../../../usr/local/lib/android/sdk/platforms/android-37.0/data/res/values-mcc310-mnc200-ne: Cannot utime: Operation not permitted
build	Cache Android SDK	2026-06-06T12:23:02.0405941Z /usr/bin/tar: ../../../../../usr/local/lib/android/sdk/platforms/android-37.0/data/res/values-mcc310-mnc200-ne: Cannot change mode to rwxr-xr-x: Operation not permitted
build	Cache Android SDK	2026-06-06T12:23:02.0408950Z /usr/bin/tar: ../../../../../usr/local/lib/android/sdk/platforms/android-37.0/data/res/values-mcc240-mnc05: Cannot utime: Operation not permitted
build	Cache Android SDK	2026-06-06T12:23:02.0409470Z /usr/bin/tar: ../../../../../usr/local/lib/android/sdk/platforms/android-37.0/data/res/values-mcc240-mnc05: Cannot change mode to rwxr-xr-x: Operation not permitted
build	Cache Android SDK	2026-06-06T12:23:02.0412264Z /usr/bin/tar: ../../../../../usr/local/lib/android/sdk/platforms/android-37.0/data/res/values-mcc312-mnc670-et: Cannot utime: Operation not permitted
build	Cache Android SDK	2026-06-06T12:23:02.0412716Z /usr/bin/tar: ../../../../../usr/local/lib/android/sdk/platforms/android-37.0/data/res/values-mcc312-mnc670-et: Cannot change mode to rwxr-xr-x: Operation not permitted
build	Cache Android SDK	2026-06-06T12:23:02.0415861Z /usr/bin/tar: ../../../../../usr/local/lib/android/sdk/platforms/android-37.0/data/res/values-mcc334-mnc020-bn: Cannot utime: Operation not permitted
build	Cache Android SDK	2026-06-06T12:23:02.0416302Z /usr/bin/tar: ../../../../../usr/local/lib/android/sdk/platforms/android-37.0/data/res/values-mcc334-mnc020-bn: Cannot change mode to rwxr-xr-x: Operation not permitted
build	Cache Android SDK	2026-06-06T12:23:02.0419717Z /usr/bin/tar: ../../../../../usr/local/lib/android/sdk/platforms/android-37.0/data/res/values-sw600dp-w960dp: Cannot utime: Operation not permitted
build	Cache Android SDK	2026-06-06T12:23:02.0420178Z /usr/bin/tar: ../../../../../usr/local/lib/android/sdk/platforms/android-37.0/data/res/values-sw600dp-w960dp: Cannot change mode to rwxr-xr-x: Operation not permitted
build	Cache Android SDK	2026-06-06T12:23:02.0423083Z /usr/bin/tar: ../../../../../usr/local/lib/android/sdk/platforms/android-37.0/data/res/values-mcc310-mnc660-is: Cannot utime: Operation not permitted
build	Cache Android SDK	2026-06-06T12:23:02.0423548Z /usr/bin/tar: ../../../../../usr/local/lib/android/sdk/platforms/android-37.0/data/res/values-mcc310-mnc660-is: Cannot change mode to rwxr-xr-x: Operation not permitted
build	Cache Android SDK	2026-06-06T12:23:02.0426448Z /usr/bin/tar: ../../../../../usr/local/lib/android/sdk/platforms/android-37.0/data/res/values-fr-rBE: Cannot utime: Operation not permitted
build	Cache Android SDK	2026-06-06T12:23:02.0426869Z /usr/bin/tar: ../../../../../usr/local/lib/android/sdk/platforms/android-37.0/data/res/values-fr-rBE: Cannot change mode to rwxr-xr-x: Operation not permitted
build	Cache Android SDK	2026-06-06T12:23:02.0429943Z /usr/bin/tar: ../../../../../usr/local/lib/android/sdk/platforms/android-37.0/data/res/values-mcc312-mnc670-es: Cannot utime: Operation not permitted
build	Cache Android SDK	2026-06-06T12:23:02.0430400Z /usr/bin/tar: ../../../../../usr/local/lib/android/sdk/platforms/android-37.0/data/res/values-mcc312-mnc670-es: Cannot change mode to rwxr-xr-x: Operation not permitted
build	Cache Android SDK	2026-06-06T12:23:02.0434207Z /usr/bin/tar: ../../../../../usr/local/lib/android/sdk/platforms/android-37.0/data/res/values-mcc310-mnc380-gu: Cannot utime: Operation not permitted
build	Cache Android SDK	2026-06-06T12:23:02.0434662Z /usr/bin/tar: ../../../../../usr/local/lib/android/sdk/platforms/android-37.0/data/res/values-mcc310-mnc380-gu: Cannot change mode to rwxr-xr-x: Operation not permitted
build	Cache Android SDK	2026-06-06T12:23:02.0437672Z /usr/bin/tar: ../../../../../usr/local/lib/android/sdk/platforms/android-37.0/data/res/values-mcc334-mnc020-uz: Cannot utime: Operation not permitted
build	Cache Android SDK	2026-06-06T12:23:02.0438232Z /usr/bin/tar: ../../../../../usr/local/lib/android/sdk/platforms/android-37.0/data/res/values-mcc334-mnc020-uz: Cannot change mode to rwxr-xr-x: Operation not permitted
build	Cache Android SDK	2026-06-06T12:23:02.0440743Z /usr/bin/tar: ../../../../../usr/local/lib/android/sdk/platforms/android-37.0/data/res/values-mcc302-mnc720-b+sr+Latn: Cannot utime: Operation not permitted
build	Cache Android SDK	2026-06-06T12:23:02.0441226Z /usr/bin/tar: ../../../../../usr/local/lib/android/sdk/platforms/android-37.0/data/res/values-mcc302-mnc720-b+sr+Latn: Cannot change mode to rwxr-xr-x: Operation not permitted
build	Cache Android SDK	2026-06-06T12:23:02.0447119Z /usr/bin/tar: ../../../../../usr/local/lib/android/sdk/platforms/android-37.0/data/res/values-af: Cannot utime: Operation not permitted
build	Cache Android SDK	2026-06-06T12:23:02.0447942Z /usr/bin/tar: ../../../../../usr/local/lib/android/sdk/platforms/android-37.0/data/res/values-af: Cannot change mode to rwxr-xr-x: Operation not permitted
build	Cache Android SDK	2026-06-06T12:23:02.0449914Z /usr/bin/tar: ../../../../../usr/local/lib/android/sdk/platforms/android-37.0/data/res/values-mcc334-mnc020-sk: Cannot utime: Operation not permitted
build	Cache Android SDK	2026-06-06T12:23:02.0450444Z /usr/bin/tar: ../../../../../usr/local/lib/android/sdk/platforms/android-37.0/data/res/values-mcc334-mnc020-sk: Cannot change mode to rwxr-xr-x: Operation not permitted
build	Cache Android SDK	2026-06-06T12:23:02.0456252Z /usr/bin/tar: ../../../../../usr/local/lib/android/sdk/platforms/android-37.0/data/res/values-mcc312-mnc670-de: Cannot utime: Operation not permitted
build	Cache Android SDK	2026-06-06T12:23:02.0456932Z /usr/bin/tar: ../../../../../usr/local/lib/android/sdk/platforms/android-37.0/data/res/values-mcc312-mnc670-de: Cannot change mode to rwxr-xr-x: Operation not permitted
build	Cache Android SDK	2026-06-06T12:23:02.0457680Z /usr/bin/tar: ../../../../../usr/local/lib/android/sdk/platforms/android-37.0/data/res/values-mcc310-mnc950-iw: Cannot utime: Operation not permitted
build	Cache Android SDK	2026-06-06T12:23:02.0458224Z /usr/bin/tar: ../../../../../usr/local/lib/android/sdk/platforms/android-37.0/data/res/values-mcc310-mnc950-iw: Cannot change mode to rwxr-xr-x: Operation not permitted
build	Cache Android SDK	2026-06-06T12:23:02.0459996Z /usr/bin/tar: ../../../../../usr/local/lib/android/sdk/platforms/android-37.0/data/res/values-mcc302-mnc370-de: Cannot utime: Operation not permitted
build	Cache Android SDK	2026-06-06T12:23:02.0460449Z /usr/bin/tar: ../../../../../usr/local/lib/android/sdk/platforms/android-37.0/data/res/values-mcc302-mnc370-de: Cannot change mode to rwxr-xr-x: Operation not permitted
build	Cache Android SDK	2026-06-06T12:23:02.0462865Z /usr/bin/tar: ../../../../../usr/local/lib/android/sdk/platforms/android-37.0/data/res/values-mcc310-mnc310-be: Cannot utime: Operation not permitted
build	Cache Android SDK	2026-06-06T12:23:02.0463327Z /usr/bin/tar: ../../../../../usr/local/lib/android/sdk/platforms/android-37.0/data/res/values-mcc310-mnc310-be: Cannot change mode to rwxr-xr-x: Operation not permitted
build	Cache Android SDK	2026-06-06T12:23:02.0466319Z /usr/bin/tar: ../../../../../usr/local/lib/android/sdk/platforms/android-37.0/data/res/values-da-watch: Cannot utime: Operation not permitted
build	Cache Android SDK	2026-06-06T12:23:02.0466752Z /usr/bin/tar: ../../../../../usr/local/lib/android/sdk/platforms/android-37.0/data/res/values-da-watch: Cannot change mode to rwxr-xr-x: Operation not permitted
build	Cache Android SDK	2026-06-06T12:23:02.0469792Z /usr/bin/tar: ../../../../../usr/local/lib/android/sdk/platforms/android-37.0/data/res/values-mcc312-mnc670-fr-rCA: Cannot utime: Operation not permitted
build	Cache Android SDK	2026-06-06T12:23:02.0470268Z /usr/bin/tar: ../../../../../usr/local/lib/android/sdk/platforms/android-37.0/data/res/values-mcc312-mnc670-fr-rCA: Cannot change mode to rwxr-xr-x: Operation not permitted
build	Cache Android SDK	2026-06-06T12:23:02.0472864Z /usr/bin/tar: ../../../../../usr/local/lib/android/sdk/platforms/android-37.0/data/res/values-mcc310-mnc410-lt: Cannot utime: Operation not permitted
build	Cache Android SDK	2026-06-06T12:23:02.0473329Z /usr/bin/tar: ../../../../../usr/local/lib/android/sdk/platforms/android-37.0/data/res/values-mcc310-mnc410-lt: Cannot change mode to rwxr-xr-x: Operation not permitted
build	Cache Android SDK	2026-06-06T12:23:02.0476118Z /usr/bin/tar: ../../../../../usr/local/lib/android/sdk/platforms/android-37.0/data/res/values-mcc311-mnc180-am: Cannot utime: Operation not permitted
build	Cache Android SDK	2026-06-06T12:23:02.0476673Z /usr/bin/tar: ../../../../../usr/local/lib/android/sdk/platforms/android-37.0/data/res/values-mcc311-mnc180-am: Cannot change mode to rwxr-xr-x: Operation not permitted
build	Cache Android SDK	2026-06-06T12:23:02.0479144Z /usr/bin/tar: ../../../../../usr/local/lib/android/sdk/platforms/android-37.0/data/res/values-mcc310-mnc410-pt-rBR: Cannot utime: Operation not permitted
build	Cache Android SDK	2026-06-06T12:23:02.0479622Z /usr/bin/tar: ../../../../../usr/local/lib/android/sdk/platforms/android-37.0/data/res/values-mcc310-mnc410-pt-rBR: Cannot change mode to rwxr-xr-x: Operation not permitted
build	Cache Android SDK	2026-06-06T12:23:02.0482129Z /usr/bin/tar: ../../../../../usr/local/lib/android/sdk/platforms/android-37.0/data/res/layout-television: Cannot utime: Operation not permitted
build	Cache Android SDK	2026-06-06T12:23:02.0482630Z /usr/bin/tar: ../../../../../usr/local/lib/android/sdk/platforms/android-37.0/data/res/layout-television: Cannot change mode to rwxr-xr-x: Operation not permitted
build	Cache Android SDK	2026-06-06T12:23:02.0485146Z /usr/bin/tar: ../../../../../usr/local/lib/android/sdk/platforms/android-37.0/data/res/values-mcc001-mnc01-hy: Cannot utime: Operation not permitted
build	Cache Android SDK	2026-06-06T12:23:02.0485655Z /usr/bin/tar: ../../../../../usr/local/lib/android/sdk/platforms/android-37.0/data/res/values-mcc001-mnc01-hy: Cannot change mode to rwxr-xr-x: Operation not permitted
build	Cache Android SDK	2026-06-06T12:23:02.0488825Z /usr/bin/tar: ../../../../../usr/local/lib/android/sdk/platforms/android-37.0/data/res/values-mcc310-mnc800-fa: Cannot utime: Operation not permitted
build	Cache Android SDK	2026-06-06T12:23:02.0489269Z /usr/bin/tar: ../../../../../usr/local/lib/android/sdk/platforms/android-37.0/data/res/values-mcc310-mnc800-fa: Cannot change mode to rwxr-xr-x: Operation not permitted
build	Cache Android SDK	2026-06-06T12:23:02.0492002Z /usr/bin/tar: ../../../../../usr/local/lib/android/sdk/platforms/android-37.0/data/res/values-mcc310-mnc220-ru: Cannot utime: Operation not permitted
build	Cache Android SDK	2026-06-06T12:23:02.0492447Z /usr/bin/tar: ../../../../../usr/local/lib/android/sdk/platforms/android-37.0/data/res/values-mcc310-mnc220-ru: Cannot change mode to rwxr-xr-x: Operation not permitted
build	Cache Android SDK	2026-06-06T12:23:02.0495401Z /usr/bin/tar: ../../../../../usr/local/lib/android/sdk/platforms/android-37.0/data/res/values-mcc302-mnc370-as: Cannot utime: Operation not permitted
build	Cache Android SDK	2026-06-06T12:23:02.0495843Z /usr/bin/tar: ../../../../../usr/local/lib/android/sdk/platforms/android-37.0/data/res/values-mcc302-mnc370-as: Cannot change mode to rwxr-xr-x: Operation not permitted
build	Cache Android SDK	2026-06-06T12:23:02.0503171Z /usr/bin/tar: ../../../../../usr/local/lib/android/sdk/platforms/android-37.0/data/res/values-my: Cannot utime: Operation not permitted
build	Cache Android SDK	2026-06-06T12:23:02.0503641Z /usr/bin/tar: ../../../../../usr/local/lib/android/sdk/platforms/android-37.0/data/res/values-my: Cannot change mode to rwxr-xr-x: Operation not permitted
build	Cache Android SDK	2026-06-06T12:23:02.0506214Z /usr/bin/tar: ../../../../../usr/local/lib/android/sdk/platforms/android-37.0/data/res/values-h480dp: Cannot utime: Operation not permitted
build	Cache Android SDK	2026-06-06T12:23:02.0506651Z /usr/bin/tar: ../../../../../usr/local/lib/android/sdk/platforms/android-37.0/data/res/values-h480dp: Cannot change mode to rwxr-xr-x: Operation not permitted
build	Cache Android SDK	2026-06-06T12:23:02.0509915Z /usr/bin/tar: ../../../../../usr/local/lib/android/sdk/platforms/android-37.0/data/res/values-mcc310-mnc150-km: Cannot utime: Operation not permitted
build	Cache Android SDK	2026-06-06T12:23:02.0510380Z /usr/bin/tar: ../../../../../usr/local/lib/android/sdk/platforms/android-37.0/data/res/values-mcc310-mnc150-km: Cannot change mode to rwxr-xr-x: Operation not permitted
build	Cache Android SDK	2026-06-06T12:23:02.0513825Z /usr/bin/tar: ../../../../../usr/local/lib/android/sdk/platforms/android-37.0/data/res/values-mcc310-mnc410-in: Cannot utime: Operation not permitted
build	Cache Android SDK	2026-06-06T12:23:02.0514298Z /usr/bin/tar: ../../../../../usr/local/lib/android/sdk/platforms/android-37.0/data/res/values-mcc310-mnc410-in: Cannot change mode to rwxr-xr-x: Operation not permitted
build	Cache Android SDK	2026-06-06T12:23:02.0518321Z /usr/bin/tar: ../../../../../usr/local/lib/android/sdk/platforms/android-37.0/data/res/values-mcc310-mnc950: Cannot utime: Operation not permitted
build	Cache Android SDK	2026-06-06T12:23:02.0518956Z /usr/bin/tar: ../../../../../usr/local/lib/android/sdk/platforms/android-37.0/data/res/values-mcc310-mnc950: Cannot change mode to rwxr-xr-x: Operation not permitted
build	Cache Android SDK	2026-06-06T12:23:02.0520959Z /usr/bin/tar: ../../../../../usr/local/lib/android/sdk/platforms/android-37.0/data/res/values-mcc310-mnc220-mn: Cannot utime: Operation not permitted
build	Cache Android SDK	2026-06-06T12:23:02.0521432Z /usr/bin/tar: ../../../../../usr/local/lib/android/sdk/platforms/android-37.0/data/res/values-mcc310-mnc220-mn: Cannot change mode to rwxr-xr-x: Operation not permitted
build	Cache Android SDK	2026-06-06T12:23:02.0524307Z /usr/bin/tar: ../../../../../usr/local/lib/android/sdk/platforms/android-37.0/data/res/values-mcc310-mnc950-ml: Cannot utime: Operation not permitted
build	Cache Android SDK	2026-06-06T12:23:02.0524877Z /usr/bin/tar: ../../../../../usr/local/lib/android/sdk/platforms/android-37.0/data/res/values-mcc310-mnc950-ml: Cannot change mode to rwxr-xr-x: Operation not permitted
build	Cache Android SDK	2026-06-06T12:23:02.0529006Z /usr/bin/tar: ../../../../../usr/local/lib/android/sdk/platforms/android-37.0/data/res/interpolator-watch: Cannot utime: Operation not permitted
build	Cache Android SDK	2026-06-06T12:23:02.0529576Z /usr/bin/tar: ../../../../../usr/local/lib/android/sdk/platforms/android-37.0/data/res/interpolator-watch: Cannot change mode to rwxr-xr-x: Operation not permitted
build	Cache Android SDK	2026-06-06T12:23:02.0535881Z /usr/bin/tar: ../../../../../usr/local/lib/android/sdk/platforms/android-37.0/data/res/values-lt: Cannot utime: Operation not permitted
build	Cache Android SDK	2026-06-06T12:23:02.0536877Z /usr/bin/tar: ../../../../../usr/local/lib/android/sdk/platforms/android-37.0/data/res/values-lt: Cannot change mode to rwxr-xr-x: Operation not permitted
build	Cache Android SDK	2026-06-06T12:23:02.0539524Z /usr/bin/tar: ../../../../../usr/local/lib/android/sdk/platforms/android-37.0/data/res/values-mcc310-mnc270-zu: Cannot utime: Operation not permitted
build	Cache Android SDK	2026-06-06T12:23:02.0540092Z /usr/bin/tar: ../../../../../usr/local/lib/android/sdk/platforms/android-37.0/data/res/values-mcc310-mnc270-zu: Cannot change mode to rwxr-xr-x: Operation not permitted
build	Cache Android SDK	2026-06-06T12:23:02.0542915Z /usr/bin/tar: ../../../../../usr/local/lib/android/sdk/platforms/android-37.0/data/res/values-sr-television: Cannot utime: Operation not permitted
build	Cache Android SDK	2026-06-06T12:23:02.0543404Z /usr/bin/tar: ../../../../../usr/local/lib/android/sdk/platforms/android-37.0/data/res/values-sr-television: Cannot change mode to rwxr-xr-x: Operation not permitted
build	Cache Android SDK	2026-06-06T12:23:02.0546123Z /usr/bin/tar: ../../../../../usr/local/lib/android/sdk/platforms/android-37.0/data/res/values-mcc312-mnc670-pt-rPT: Cannot utime: Operation not permitted
build	Cache Android SDK	2026-06-06T12:23:02.0546598Z /usr/bin/tar: ../../../../../usr/local/lib/android/sdk/platforms/android-37.0/data/res/values-mcc312-mnc670-pt-rPT: Cannot change mode to rwxr-xr-x: Operation not permitted
build	Cache Android SDK	2026-06-06T12:23:02.0549213Z /usr/bin/tar: ../../../../../usr/local/lib/android/sdk/platforms/android-37.0/data/res/values-bg-rBG: Cannot utime: Operation not permitted
build	Cache Android SDK	2026-06-06T12:23:02.0549648Z /usr/bin/tar: ../../../../../usr/local/lib/android/sdk/platforms/android-37.0/data/res/values-bg-rBG: Cannot change mode to rwxr-xr-x: Operation not permitted
build	Cache Android SDK	2026-06-06T12:23:02.0552227Z /usr/bin/tar: ../../../../../usr/local/lib/android/sdk/platforms/android-37.0/data/res/values-mcc310-mnc270-ko: Cannot utime: Operation not permitted
build	Cache Android SDK	2026-06-06T12:23:02.0552690Z /usr/bin/tar: ../../../../../usr/local/lib/android/sdk/platforms/android-37.0/data/res/values-mcc310-mnc270-ko: Cannot change mode to rwxr-xr-x: Operation not permitted
build	Cache Android SDK	2026-06-06T12:23:02.0556086Z /usr/bin/tar: ../../../../../usr/local/lib/android/sdk/platforms/android-37.0/data/res/values-mcc334-mnc020-nb: Cannot utime: Operation not permitted
build	Cache Android SDK	2026-06-06T12:23:02.0556553Z /usr/bin/tar: ../../../../../usr/local/lib/android/sdk/platforms/android-37.0/data/res/values-mcc334-mnc020-nb: Cannot change mode to rwxr-xr-x: Operation not permitted
build	Cache Android SDK	2026-06-06T12:23:02.0559064Z /usr/bin/tar: ../../../../../usr/local/lib/android/sdk/platforms/android-37.0/data/res/values-mcc310-mnc150-en-rGB: Cannot utime: Operation not permitted
build	Cache Android SDK	2026-06-06T12:23:02.0559677Z /usr/bin/tar: ../../../../../usr/local/lib/android/sdk/platforms/android-37.0/data/res/values-mcc310-mnc150-en-rGB: Cannot change mode to rwxr-xr-x: Operation not permitted
build	Cache Android SDK	2026-06-06T12:23:02.0563222Z /usr/bin/tar: ../../../../../usr/local/lib/android/sdk/platforms/android-37.0/data/res/values-mcc310-mnc380-en-rIN: Cannot utime: Operation not permitted
build	Cache Android SDK	2026-06-06T12:23:02.0563929Z /usr/bin/tar: ../../../../../usr/local/lib/android/sdk/platforms/android-37.0/data/res/values-mcc310-mnc380-en-rIN: Cannot change mode to rwxr-xr-x: Operation not permitted
build	Cache Android SDK	2026-06-06T12:23:02.0566048Z /usr/bin/tar: ../../../../../usr/local/lib/android/sdk/platforms/android-37.0/data/res/values-mcc310-mnc490-en-rAU: Cannot utime: Operation not permitted
build	Cache Android SDK	2026-06-06T12:23:02.0566724Z /usr/bin/tar: ../../../../../usr/local/lib/android/sdk/platforms/android-37.0/data/res/values-mcc310-mnc490-en-rAU: Cannot change mode to rwxr-xr-x: Operation not permitted
build	Cache Android SDK	2026-06-06T12:23:02.0569539Z /usr/bin/tar: ../../../../../usr/local/lib/android/sdk/platforms/android-37.0/data/res/values-mcc310-mnc380-vi: Cannot utime: Operation not permitted
build	Cache Android SDK	2026-06-06T12:23:02.0570517Z /usr/bin/tar: ../../../../../usr/local/lib/android/sdk/platforms/android-37.0/data/res/values-mcc310-mnc380-vi: Cannot change mode to rwxr-xr-x: Operation not permitted
build	Cache Android SDK	2026-06-06T12:23:02.0572291Z /usr/bin/tar: ../../../../../usr/local/lib/android/sdk/platforms/android-37.0/data/res/values-mcc310-mnc220-km: Cannot utime: Operation not permitted
build	Cache Android SDK	2026-06-06T12:23:02.0572748Z /usr/bin/tar: ../../../../../usr/local/lib/android/sdk/platforms/android-37.0/data/res/values-mcc310-mnc220-km: Cannot change mode to rwxr-xr-x: Operation not permitted
build	Cache Android SDK	2026-06-06T12:23:02.0575412Z /usr/bin/tar: ../../../../../usr/local/lib/android/sdk/platforms/android-37.0/data/res/values-mcc311-mnc180-b+sr+Latn: Cannot utime: Operation not permitted
build	Cache Android SDK	2026-06-06T12:23:02.0575902Z /usr/bin/tar: ../../../../../usr/local/lib/android/sdk/platforms/android-37.0/data/res/values-mcc311-mnc180-b+sr+Latn: Cannot change mode to rwxr-xr-x: Operation not permitted
build	Cache Android SDK	2026-06-06T12:23:02.0578918Z /usr/bin/tar: ../../../../../usr/local/lib/android/sdk/platforms/android-37.0/data/res/values-mcc313-mnc100-tr: Cannot utime: Operation not permitted
build	Cache Android SDK	2026-06-06T12:23:02.0579372Z /usr/bin/tar: ../../../../../usr/local/lib/android/sdk/platforms/android-37.0/data/res/values-mcc313-mnc100-tr: Cannot change mode to rwxr-xr-x: Operation not permitted
build	Cache Android SDK	2026-06-06T12:23:02.0582327Z /usr/bin/tar: ../../../../../usr/local/lib/android/sdk/platforms/android-37.0/data/res/values-mcc234-mnc15: Cannot utime: Operation not permitted
build	Cache Android SDK	2026-06-06T12:23:02.0582791Z /usr/bin/tar: ../../../../../usr/local/lib/android/sdk/platforms/android-37.0/data/res/values-mcc234-mnc15: Cannot change mode to rwxr-xr-x: Operation not permitted
build	Cache Android SDK	2026-06-06T12:23:02.0586299Z /usr/bin/tar: ../../../../../usr/local/lib/android/sdk/platforms/android-37.0/data/res/values-or-watch: Cannot utime: Operation not permitted
build	Cache Android SDK	2026-06-06T12:23:02.0586731Z /usr/bin/tar: ../../../../../usr/local/lib/android/sdk/platforms/android-37.0/data/res/values-or-watch: Cannot change mode to rwxr-xr-x: Operation not permitted
build	Cache Android SDK	2026-06-06T12:23:02.0590406Z /usr/bin/tar: ../../../../../usr/local/lib/android/sdk/platforms/android-37.0/data/res/values-mcc262: Cannot utime: Operation not permitted
build	Cache Android SDK	2026-06-06T12:23:02.0590846Z /usr/bin/tar: ../../../../../usr/local/lib/android/sdk/platforms/android-37.0/data/res/values-mcc262: Cannot change mode to rwxr-xr-x: Operation not permitted
build	Cache Android SDK	2026-06-06T12:23:02.0593658Z /usr/bin/tar: ../../../../../usr/local/lib/android/sdk/platforms/android-37.0/data/res/values-mcc310-mnc160-lt: Cannot utime: Operation not permitted
build	Cache Android SDK	2026-06-06T12:23:02.0594130Z /usr/bin/tar: ../../../../../usr/local/lib/android/sdk/platforms/android-37.0/data/res/values-mcc310-mnc160-lt: Cannot change mode to rwxr-xr-x: Operation not permitted
build	Cache Android SDK	2026-06-06T12:23:02.0596759Z /usr/bin/tar: ../../../../../usr/local/lib/android/sdk/platforms/android-37.0/data/res/values-mcc310-mnc280-gu: Cannot utime: Operation not permitted
build	Cache Android SDK	2026-06-06T12:23:02.0597318Z /usr/bin/tar: ../../../../../usr/local/lib/android/sdk/platforms/android-37.0/data/res/values-mcc310-mnc280-gu: Cannot change mode to rwxr-xr-x: Operation not permitted
build	Cache Android SDK	2026-06-06T12:23:02.0600077Z /usr/bin/tar: ../../../../../usr/local/lib/android/sdk/platforms/android-37.0/data/res/values-mcc310-mnc030-sq: Cannot utime: Operation not permitted
build	Cache Android SDK	2026-06-06T12:23:02.0600542Z /usr/bin/tar: ../../../../../usr/local/lib/android/sdk/platforms/android-37.0/data/res/values-mcc310-mnc030-sq: Cannot change mode to rwxr-xr-x: Operation not permitted
build	Cache Android SDK	2026-06-06T12:23:02.0603051Z /usr/bin/tar: ../../../../../usr/local/lib/android/sdk/platforms/android-37.0/data/res/values-mcc310-mnc240-pt: Cannot utime: Operation not permitted
build	Cache Android SDK	2026-06-06T12:23:02.0603506Z /usr/bin/tar: ../../../../../usr/local/lib/android/sdk/platforms/android-37.0/data/res/values-mcc310-mnc240-pt: Cannot change mode to rwxr-xr-x: Operation not permitted
build	Cache Android SDK	2026-06-06T12:23:02.0606149Z /usr/bin/tar: ../../../../../usr/local/lib/android/sdk/platforms/android-37.0/data/res/values-mcc302-mnc370-es-rUS: Cannot utime: Operation not permitted
build	Cache Android SDK	2026-06-06T12:23:02.0606685Z /usr/bin/tar: ../../../../../usr/local/lib/android/sdk/platforms/android-37.0/data/res/values-mcc302-mnc370-es-rUS: Cannot change mode to rwxr-xr-x: Operation not permitted
build	Cache Android SDK	2026-06-06T12:23:02.0609027Z /usr/bin/tar: ../../../../../usr/local/lib/android/sdk/platforms/android-37.0/data/res/values-nl-watch: Cannot utime: Operation not permitted
build	Cache Android SDK	2026-06-06T12:23:02.0609543Z /usr/bin/tar: ../../../../../usr/local/lib/android/sdk/platforms/android-37.0/data/res/values-nl-watch: Cannot change mode to rwxr-xr-x: Operation not permitted
build	Cache Android SDK	2026-06-06T12:23:02.0615563Z /usr/bin/tar: ../../../../../usr/local/lib/android/sdk/platforms/android-37.0/data/res/values-cs: Cannot utime: Operation not permitted
build	Cache Android SDK	2026-06-06T12:23:02.0616148Z /usr/bin/tar: ../../../../../usr/local/lib/android/sdk/platforms/android-37.0/data/res/values-cs: Cannot change mode to rwxr-xr-x: Operation not permitted
build	Cache Android SDK	2026-06-06T12:23:02.0618320Z /usr/bin/tar: ../../../../../usr/local/lib/android/sdk/platforms/android-37.0/data/res/values-mcc311-mnc180-eu: Cannot utime: Operation not permitted
build	Cache Android SDK	2026-06-06T12:23:02.0618778Z /usr/bin/tar: ../../../../../usr/local/lib/android/sdk/platforms/android-37.0/data/res/values-mcc311-mnc180-eu: Cannot change mode to rwxr-xr-x: Operation not permitted
build	Cache Android SDK	2026-06-06T12:23:02.0621378Z /usr/bin/tar: ../../../../../usr/local/lib/android/sdk/platforms/android-37.0/data/res/values-mcc310-mnc210-km: Cannot utime: Operation not permitted
build	Cache Android SDK	2026-06-06T12:23:02.0621837Z /usr/bin/tar: ../../../../../usr/local/lib/android/sdk/platforms/android-37.0/data/res/values-mcc310-mnc210-km: Cannot change mode to rwxr-xr-x: Operation not permitted
build	Cache Android SDK	2026-06-06T12:23:02.0624233Z /usr/bin/tar: ../../../../../usr/local/lib/android/sdk/platforms/android-37.0/data/res/values-mcc313-mnc100-ja: Cannot utime: Operation not permitted
build	Cache Android SDK	2026-06-06T12:23:02.0624677Z /usr/bin/tar: ../../../../../usr/local/lib/android/sdk/platforms/android-37.0/data/res/values-mcc313-mnc100-ja: Cannot change mode to rwxr-xr-x: Operation not permitted
build	Cache Android SDK	2026-06-06T12:23:02.0627300Z /usr/bin/tar: ../../../../../usr/local/lib/android/sdk/platforms/android-37.0/data/res/values-mcc334-mnc020-sw: Cannot utime: Operation not permitted
build	Cache Android SDK	2026-06-06T12:23:02.0627910Z /usr/bin/tar: ../../../../../usr/local/lib/android/sdk/platforms/android-37.0/data/res/values-mcc334-mnc020-sw: Cannot change mode to rwxr-xr-x: Operation not permitted
build	Cache Android SDK	2026-06-06T12:23:02.0630583Z /usr/bin/tar: ../../../../../usr/local/lib/android/sdk/platforms/android-37.0/data/res/values-mcc310-mnc200-ta: Cannot utime: Operation not permitted
build	Cache Android SDK	2026-06-06T12:23:02.0631029Z /usr/bin/tar: ../../../../../usr/local/lib/android/sdk/platforms/android-37.0/data/res/values-mcc310-mnc200-ta: Cannot change mode to rwxr-xr-x: Operation not permitted
build	Cache Android SDK	2026-06-06T12:23:02.0633688Z /usr/bin/tar: ../../../../../usr/local/lib/android/sdk/platforms/android-37.0/data/res/values-mcc310-mnc800-kn: Cannot utime: Operation not permitted
build	Cache Android SDK	2026-06-06T12:23:02.0634271Z /usr/bin/tar: ../../../../../usr/local/lib/android/sdk/platforms/android-37.0/data/res/values-mcc310-mnc800-kn: Cannot change mode to rwxr-xr-x: Operation not permitted
build	Cache Android SDK	2026-06-06T12:23:02.0636693Z /usr/bin/tar: ../../../../../usr/local/lib/android/sdk/platforms/android-37.0/data/res/values-mcc310-mnc800: Cannot utime: Operation not permitted
build	Cache Android SDK	2026-06-06T12:23:02.0637140Z /usr/bin/tar: ../../../../../usr/local/lib/android/sdk/platforms/android-37.0/data/res/values-mcc310-mnc800: Cannot change mode to rwxr-xr-x: Operation not permitted
build	Cache Android SDK	2026-06-06T12:23:02.0639671Z /usr/bin/tar: ../../../../../usr/local/lib/android/sdk/platforms/android-37.0/data/res/values-mcc310-mnc410-en-rXC: Cannot utime: Operation not permitted
build	Cache Android SDK	2026-06-06T12:23:02.0640143Z /usr/bin/tar: ../../../../../usr/local/lib/android/sdk/platforms/android-37.0/data/res/values-mcc310-mnc410-en-rXC: Cannot change mode to rwxr-xr-x: Operation not permitted
build	Cache Android SDK	2026-06-06T12:23:02.0642725Z /usr/bin/tar: ../../../../../usr/local/lib/android/sdk/platforms/android-37.0/data/res/values-mcc310-mnc220-bn: Cannot utime: Operation not permitted
build	Cache Android SDK	2026-06-06T12:23:02.0643241Z /usr/bin/tar: ../../../../../usr/local/lib/android/sdk/platforms/android-37.0/data/res/values-mcc310-mnc220-bn: Cannot change mode to rwxr-xr-x: Operation not permitted
build	Cache Android SDK	2026-06-06T12:23:02.0645695Z /usr/bin/tar: ../../../../../usr/local/lib/android/sdk/platforms/android-37.0/data/res/values-mcc310-mnc490-ca: Cannot utime: Operation not permitted
build	Cache Android SDK	2026-06-06T12:23:02.0646212Z /usr/bin/tar: ../../../../../usr/local/lib/android/sdk/platforms/android-37.0/data/res/values-mcc310-mnc490-ca: Cannot change mode to rwxr-xr-x: Operation not permitted
build	Cache Android SDK	2026-06-06T12:23:02.0648840Z /usr/bin/tar: ../../../../../usr/local/lib/android/sdk/platforms/android-37.0/data/res/values-en-rAU-watch: Cannot utime: Operation not permitted
build	Cache Android SDK	2026-06-06T12:23:02.0649287Z /usr/bin/tar: ../../../../../usr/local/lib/android/sdk/platforms/android-37.0/data/res/values-en-rAU-watch: Cannot change mode to rwxr-xr-x: Operation not permitted
build	Cache Android SDK	2026-06-06T12:23:02.0651998Z /usr/bin/tar: ../../../../../usr/local/lib/android/sdk/platforms/android-37.0/data/res/values-mcc310-mnc220-et: Cannot utime: Operation not permitted
build	Cache Android SDK	2026-06-06T12:23:02.0652447Z /usr/bin/tar: ../../../../../usr/local/lib/android/sdk/platforms/android-37.0/data/res/values-mcc310-mnc220-et: Cannot change mode to rwxr-xr-x: Operation not permitted
build	Cache Android SDK	2026-06-06T12:23:02.0655064Z /usr/bin/tar: ../../../../../usr/local/lib/android/sdk/platforms/android-37.0/data/res/values-w195dp: Cannot utime: Operation not permitted
build	Cache Android SDK	2026-06-06T12:23:02.0655493Z /usr/bin/tar: ../../../../../usr/local/lib/android/sdk/platforms/android-37.0/data/res/values-w195dp: Cannot change mode to rwxr-xr-x: Operation not permitted
build	Cache Android SDK	2026-06-06T12:23:02.0658092Z /usr/bin/tar: ../../../../../usr/local/lib/android/sdk/platforms/android-37.0/data/res/values-mcc310-mnc410-is: Cannot utime: Operation not permitted
build	Cache Android SDK	2026-06-06T12:23:02.0658652Z /usr/bin/tar: ../../../../../usr/local/lib/android/sdk/platforms/android-37.0/data/res/values-mcc310-mnc410-is: Cannot change mode to rwxr-xr-x: Operation not permitted
build	Cache Android SDK	2026-06-06T12:23:02.0661203Z /usr/bin/tar: ../../../../../usr/local/lib/android/sdk/platforms/android-37.0/data/res/values-mcc302-mnc370-vi: Cannot utime: Operation not permitted
build	Cache Android SDK	2026-06-06T12:23:02.0661658Z /usr/bin/tar: ../../../../../usr/local/lib/android/sdk/platforms/android-37.0/data/res/values-mcc302-mnc370-vi: Cannot change mode to rwxr-xr-x: Operation not permitted
build	Cache Android SDK	2026-06-06T12:23:02.0664104Z /usr/bin/tar: ../../../../../usr/local/lib/android/sdk/platforms/android-37.0/data/res/values-w426dp-h320dp: Cannot utime: Operation not permitted
build	Cache Android SDK	2026-06-06T12:23:02.0664552Z /usr/bin/tar: ../../../../../usr/local/lib/android/sdk/platforms/android-37.0/data/res/values-w426dp-h320dp: Cannot change mode to rwxr-xr-x: Operation not permitted
build	Cache Android SDK	2026-06-06T12:23:02.0667256Z /usr/bin/tar: ../../../../../usr/local/lib/android/sdk/platforms/android-37.0/data/res/values-mcc310-mnc200-iw: Cannot utime: Operation not permitted
build	Cache Android SDK	2026-06-06T12:23:02.0667899Z /usr/bin/tar: ../../../../../usr/local/lib/android/sdk/platforms/android-37.0/data/res/values-mcc310-mnc200-iw: Cannot change mode to rwxr-xr-x: Operation not permitted
build	Cache Android SDK	2026-06-06T12:23:02.0670348Z /usr/bin/tar: ../../../../../usr/local/lib/android/sdk/platforms/android-37.0/data/res/values-mcc001-mnc01-sl: Cannot utime: Operation not permitted
build	Cache Android SDK	2026-06-06T12:23:02.0670808Z /usr/bin/tar: ../../../../../usr/local/lib/android/sdk/platforms/android-37.0/data/res/values-mcc001-mnc01-sl: Cannot change mode to rwxr-xr-x: Operation not permitted
build	Cache Android SDK	2026-06-06T12:23:02.0673828Z /usr/bin/tar: ../../../../../usr/local/lib/android/sdk/platforms/android-37.0/data/res/values-mcc313-mnc100-ro: Cannot utime: Operation not permitted
build	Cache Android SDK	2026-06-06T12:23:02.0674413Z /usr/bin/tar: ../../../../../usr/local/lib/android/sdk/platforms/android-37.0/data/res/values-mcc313-mnc100-ro: Cannot change mode to rwxr-xr-x: Operation not permitted
build	Cache Android SDK	2026-06-06T12:23:02.0677197Z /usr/bin/tar: ../../../../../usr/local/lib/android/sdk/platforms/android-37.0/data/res/values-mcc001-mnc01-en-rGB: Cannot utime: Operation not permitted
build	Cache Android SDK	2026-06-06T12:23:02.0677979Z /usr/bin/tar: ../../../../../usr/local/lib/android/sdk/platforms/android-37.0/data/res/values-mcc001-mnc01-en-rGB: Cannot change mode to rwxr-xr-x: Operation not permitted
build	Cache Android SDK	2026-06-06T12:23:02.0681985Z /usr/bin/tar: ../../../../../usr/local/lib/android/sdk/platforms/android-37.0/data/res/values-mcc310-mnc230-et: Cannot utime: Operation not permitted
build	Cache Android SDK	2026-06-06T12:23:02.0682595Z /usr/bin/tar: ../../../../../usr/local/lib/android/sdk/platforms/android-37.0/data/res/values-mcc310-mnc230-et: Cannot change mode to rwxr-xr-x: Operation not permitted
build	Cache Android SDK	2026-06-06T12:23:02.0684609Z /usr/bin/tar: ../../../../../usr/local/lib/android/sdk/platforms/android-37.0/data/res/values-mcc313-mnc100-ko: Cannot utime: Operation not permitted
build	Cache Android SDK	2026-06-06T12:23:02.0685077Z /usr/bin/tar: ../../../../../usr/local/lib/android/sdk/platforms/android-37.0/data/res/values-mcc313-mnc100-ko: Cannot change mode to rwxr-xr-x: Operation not permitted
build	Cache Android SDK	2026-06-06T12:23:02.0687850Z /usr/bin/tar: ../../../../../usr/local/lib/android/sdk/platforms/android-37.0/data/res/values-mcc310-mnc380-fr: Cannot utime: Operation not permitted
build	Cache Android SDK	2026-06-06T12:23:02.0688307Z /usr/bin/tar: ../../../../../usr/local/lib/android/sdk/platforms/android-37.0/data/res/values-mcc310-mnc380-fr: Cannot change mode to rwxr-xr-x: Operation not permitted
build	Cache Android SDK	2026-06-06T12:23:02.0690742Z /usr/bin/tar: ../../../../../usr/local/lib/android/sdk/platforms/android-37.0/data/res/values-mcc310-mnc250-bn: Cannot utime: Operation not permitted
build	Cache Android SDK	2026-06-06T12:23:02.0691233Z /usr/bin/tar: ../../../../../usr/local/lib/android/sdk/platforms/android-37.0/data/res/values-mcc310-mnc250-bn: Cannot change mode to rwxr-xr-x: Operation not permitted
build	Cache Android SDK	2026-06-06T12:23:02.0693898Z /usr/bin/tar: ../../../../../usr/local/lib/android/sdk/platforms/android-37.0/data/res/values-mcc302-mnc720-lo: Cannot utime: Operation not permitted
build	Cache Android SDK	2026-06-06T12:23:02.0694370Z /usr/bin/tar: ../../../../../usr/local/lib/android/sdk/platforms/android-37.0/data/res/values-mcc302-mnc720-lo: Cannot change mode to rwxr-xr-x: Operation not permitted
build	Cache Android SDK	2026-06-06T12:23:02.0697303Z /usr/bin/tar: ../../../../../usr/local/lib/android/sdk/platforms/android-37.0/data/res/values-mcc310-mnc210-mn: Cannot utime: Operation not permitted
build	Cache Android SDK	2026-06-06T12:23:02.0698014Z /usr/bin/tar: ../../../../../usr/local/lib/android/sdk/platforms/android-37.0/data/res/values-mcc310-mnc210-mn: Cannot change mode to rwxr-xr-x: Operation not permitted
build	Cache Android SDK	2026-06-06T12:23:02.0700639Z /usr/bin/tar: ../../../../../usr/local/lib/android/sdk/platforms/android-37.0/data/res/values-mcc310-mnc230-gl: Cannot utime: Operation not permitted
build	Cache Android SDK	2026-06-06T12:23:02.0701197Z /usr/bin/tar: ../../../../../usr/local/lib/android/sdk/platforms/android-37.0/data/res/values-mcc310-mnc230-gl: Cannot change mode to rwxr-xr-x: Operation not permitted
build	Cache Android SDK	2026-06-06T12:23:02.0703834Z /usr/bin/tar: ../../../../../usr/local/lib/android/sdk/platforms/android-37.0/data/res/values-mcc310-mnc230-bg: Cannot utime: Operation not permitted
build	Cache Android SDK	2026-06-06T12:23:02.0704434Z /usr/bin/tar: ../../../../../usr/local/lib/android/sdk/platforms/android-37.0/data/res/values-mcc310-mnc230-bg: Cannot change mode to rwxr-xr-x: Operation not permitted
build	Cache Android SDK	2026-06-06T12:23:02.0706475Z /usr/bin/tar: ../../../../../usr/local/lib/android/sdk/platforms/android-37.0/data/res/values-mcc310-mnc250-pt: Cannot utime: Operation not permitted
build	Cache Android SDK	2026-06-06T12:23:02.0706931Z /usr/bin/tar: ../../../../../usr/local/lib/android/sdk/platforms/android-37.0/data/res/values-mcc310-mnc250-pt: Cannot change mode to rwxr-xr-x: Operation not permitted
build	Cache Android SDK	2026-06-06T12:23:02.0709531Z /usr/bin/tar: ../../../../../usr/local/lib/android/sdk/platforms/android-37.0/data/res/values-mcc310-mnc160-ko: Cannot utime: Operation not permitted
build	Cache Android SDK	2026-06-06T12:23:02.0709986Z /usr/bin/tar: ../../../../../usr/local/lib/android/sdk/platforms/android-37.0/data/res/values-mcc310-mnc160-ko: Cannot change mode to rwxr-xr-x: Operation not permitted
build	Cache Android SDK	2026-06-06T12:23:02.0713249Z /usr/bin/tar: ../../../../../usr/local/lib/android/sdk/platforms/android-37.0/data/res/values-mcc310-mnc410-sq: Cannot utime: Operation not permitted
build	Cache Android SDK	2026-06-06T12:23:02.0713756Z /usr/bin/tar: ../../../../../usr/local/lib/android/sdk/platforms/android-37.0/data/res/values-mcc310-mnc410-sq: Cannot change mode to rwxr-xr-x: Operation not permitted
build	Cache Android SDK	2026-06-06T12:23:02.0715634Z /usr/bin/tar: ../../../../../usr/local/lib/android/sdk/platforms/android-37.0/data/res/values-w480dp: Cannot utime: Operation not permitted
build	Cache Android SDK	2026-06-06T12:23:02.0716147Z /usr/bin/tar: ../../../../../usr/local/lib/android/sdk/platforms/android-37.0/data/res/values-w480dp: Cannot change mode to rwxr-xr-x: Operation not permitted
build	Cache Android SDK	2026-06-06T12:23:02.0719620Z /usr/bin/tar: ../../../../../usr/local/lib/android/sdk/platforms/android-37.0/data/res/values-mcc310-mnc560-is: Cannot utime: Operation not permitted
build	Cache Android SDK	2026-06-06T12:23:02.0720125Z /usr/bin/tar: ../../../../../usr/local/lib/android/sdk/platforms/android-37.0/data/res/values-mcc310-mnc560-is: Cannot change mode to rwxr-xr-x: Operation not permitted
build	Cache Android SDK	2026-06-06T12:23:02.0722435Z /usr/bin/tar: ../../../../../usr/local/lib/android/sdk/platforms/android-37.0/data/res/values-mn-watch: Cannot utime: Operation not permitted
build	Cache Android SDK	2026-06-06T12:23:02.0723239Z /usr/bin/tar: ../../../../../usr/local/lib/android/sdk/platforms/android-37.0/data/res/values-mn-watch: Cannot change mode to rwxr-xr-x: Operation not permitted
build	Cache Android SDK	2026-06-06T12:23:02.0725933Z /usr/bin/tar: ../../../../../usr/local/lib/android/sdk/platforms/android-37.0/data/res/values-mcc302-mnc720-ru: Cannot utime: Operation not permitted
build	Cache Android SDK	2026-06-06T12:23:02.0726411Z /usr/bin/tar: ../../../../../usr/local/lib/android/sdk/platforms/android-37.0/data/res/values-mcc302-mnc720-ru: Cannot change mode to rwxr-xr-x: Operation not permitted
build	Cache Android SDK	2026-06-06T12:23:02.0729258Z /usr/bin/tar: ../../../../../usr/local/lib/android/sdk/platforms/android-37.0/data/res/values-mcc310-mnc950-zh-rCN: Cannot utime: Operation not permitted
build	Cache Android SDK	2026-06-06T12:23:02.0729775Z /usr/bin/tar: ../../../../../usr/local/lib/android/sdk/platforms/android-37.0/data/res/values-mcc310-mnc950-zh-rCN: Cannot change mode to rwxr-xr-x: Operation not permitted
build	Cache Android SDK	2026-06-06T12:23:02.0732672Z /usr/bin/tar: ../../../../../usr/local/lib/android/sdk/platforms/android-37.0/data/res/values-mcc310-mnc950-cs: Cannot utime: Operation not permitted
build	Cache Android SDK	2026-06-06T12:23:02.0733114Z /usr/bin/tar: ../../../../../usr/local/lib/android/sdk/platforms/android-37.0/data/res/values-mcc310-mnc950-cs: Cannot change mode to rwxr-xr-x: Operation not permitted
build	Cache Android SDK	2026-06-06T12:23:02.0738447Z /usr/bin/tar: ../../../../../usr/local/lib/android/sdk/platforms/android-37.0/data/res/values-mcc310-mnc200-pt: Cannot utime: Operation not permitted
build	Cache Android SDK	2026-06-06T12:23:02.0738900Z /usr/bin/tar: ../../../../../usr/local/lib/android/sdk/platforms/android-37.0/data/res/values-mcc310-mnc200-pt: Cannot change mode to rwxr-xr-x: Operation not permitted
build	Cache Android SDK	2026-06-06T12:23:02.0741960Z /usr/bin/tar: ../../../../../usr/local/lib/android/sdk/platforms/android-37.0/data/res/values-mcc310-mnc240-fr-rCA: Cannot utime: Operation not permitted
build	Cache Android SDK	2026-06-06T12:23:02.0742471Z /usr/bin/tar: ../../../../../usr/local/lib/android/sdk/platforms/android-37.0/data/res/values-mcc310-mnc240-fr-rCA: Cannot change mode to rwxr-xr-x: Operation not permitted
build	Cache Android SDK	2026-06-06T12:23:02.0745436Z /usr/bin/tar: ../../../../../usr/local/lib/android/sdk/platforms/android-37.0/data/res/values-mcc311-mnc180-pl: Cannot utime: Operation not permitted
build	Cache Android SDK	2026-06-06T12:23:02.0745887Z /usr/bin/tar: ../../../../../usr/local/lib/android/sdk/platforms/android-37.0/data/res/values-mcc311-mnc180-pl: Cannot change mode to rwxr-xr-x: Operation not permitted
build	Cache Android SDK	2026-06-06T12:23:02.0749493Z /usr/bin/tar: ../../../../../usr/local/lib/android/sdk/platforms/android-37.0/data/res/values-ka-television: Cannot utime: Operation not permitted
build	Cache Android SDK	2026-06-06T12:23:02.0749954Z /usr/bin/tar: ../../../../../usr/local/lib/android/sdk/platforms/android-37.0/data/res/values-ka-television: Cannot change mode to rwxr-xr-x: Operation not permitted
build	Cache Android SDK	2026-06-06T12:23:02.0752693Z /usr/bin/tar: ../../../../../usr/local/lib/android/sdk/platforms/android-37.0/data/res/values-mcc310-mnc310-hr: Cannot utime: Operation not permitted
build	Cache Android SDK	2026-06-06T12:23:02.0753152Z /usr/bin/tar: ../../../../../usr/local/lib/android/sdk/platforms/android-37.0/data/res/values-mcc310-mnc310-hr: Cannot change mode to rwxr-xr-x: Operation not permitted
build	Cache Android SDK	2026-06-06T12:23:02.0759080Z /usr/bin/tar: ../../../../../usr/local/lib/android/sdk/platforms/android-37.0/data/res/animator: Cannot utime: Operation not permitted
build	Cache Android SDK	2026-06-06T12:23:02.0760002Z /usr/bin/tar: ../../../../../usr/local/lib/android/sdk/platforms/android-37.0/data/res/animator: Cannot change mode to rwxr-xr-x: Operation not permitted
build	Cache Android SDK	2026-06-06T12:23:02.0762752Z /usr/bin/tar: ../../../../../usr/local/lib/android/sdk/platforms/android-37.0/data/res/values-az-television: Cannot utime: Operation not permitted
build	Cache Android SDK	2026-06-06T12:23:02.0763233Z /usr/bin/tar: ../../../../../usr/local/lib/android/sdk/platforms/android-37.0/data/res/values-az-television: Cannot change mode to rwxr-xr-x: Operation not permitted
build	Cache Android SDK	2026-06-06T12:23:02.0770713Z /usr/bin/tar: ../../../../../usr/local/lib/android/sdk/platforms/android-37.0/data/res/values-en-rGB: Cannot utime: Operation not permitted
build	Cache Android SDK	2026-06-06T12:23:02.0771337Z /usr/bin/tar: ../../../../../usr/local/lib/android/sdk/platforms/android-37.0/data/res/values-en-rGB: Cannot change mode to rwxr-xr-x: Operation not permitted
build	Cache Android SDK	2026-06-06T12:23:02.0773906Z /usr/bin/tar: ../../../../../usr/local/lib/android/sdk/platforms/android-37.0/data/res/values-mcc310-mnc230-pt: Cannot utime: Operation not permitted
build	Cache Android SDK	2026-06-06T12:23:02.0774433Z /usr/bin/tar: ../../../../../usr/local/lib/android/sdk/platforms/android-37.0/data/res/values-mcc310-mnc230-pt: Cannot change mode to rwxr-xr-x: Operation not permitted
build	Cache Android SDK	2026-06-06T12:23:02.0777262Z /usr/bin/tar: ../../../../../usr/local/lib/android/sdk/platforms/android-37.0/data/res/values-mcc302-mnc370-bn: Cannot utime: Operation not permitted
build	Cache Android SDK	2026-06-06T12:23:02.0777957Z /usr/bin/tar: ../../../../../usr/local/lib/android/sdk/platforms/android-37.0/data/res/values-mcc302-mnc370-bn: Cannot change mode to rwxr-xr-x: Operation not permitted
build	Cache Android SDK	2026-06-06T12:23:02.0780330Z /usr/bin/tar: ../../../../../usr/local/lib/android/sdk/platforms/android-37.0/data/res/values-mcc310-mnc410-ro: Cannot utime: Operation not permitted
build	Cache Android SDK	2026-06-06T12:23:02.0780901Z /usr/bin/tar: ../../../../../usr/local/lib/android/sdk/platforms/android-37.0/data/res/values-mcc310-mnc410-ro: Cannot change mode to rwxr-xr-x: Operation not permitted
build	Cache Android SDK	2026-06-06T12:23:02.0783642Z /usr/bin/tar: ../../../../../usr/local/lib/android/sdk/platforms/android-37.0/data/res/values-mcc310-mnc170-en-rXC: Cannot utime: Operation not permitted
build	Cache Android SDK	2026-06-06T12:23:02.0784525Z /usr/bin/tar: ../../../../../usr/local/lib/android/sdk/platforms/android-37.0/data/res/values-mcc310-mnc170-en-rXC: Cannot change mode to rwxr-xr-x: Operation not permitted
build	Cache Android SDK	2026-06-06T12:23:02.0793023Z /usr/bin/tar: ../../../../../usr/local/lib/android/sdk/platforms/android-37.0/data/res/values-ka: Cannot utime: Operation not permitted
build	Cache Android SDK	2026-06-06T12:23:02.0793717Z /usr/bin/tar: ../../../../../usr/local/lib/android/sdk/platforms/android-37.0/data/res/values-ka: Cannot change mode to rwxr-xr-x: Operation not permitted
build	Cache Android SDK	2026-06-06T12:23:02.0795323Z /usr/bin/tar: ../../../../../usr/local/lib/android/sdk/platforms/android-37.0/data/res/values-ky-watch: Cannot utime: Operation not permitted
build	Cache Android SDK	2026-06-06T12:23:02.0795765Z /usr/bin/tar: ../../../../../usr/local/lib/android/sdk/platforms/android-37.0/data/res/values-ky-watch: Cannot change mode to rwxr-xr-x: Operation not permitted
build	Cache Android SDK	2026-06-06T12:23:02.0798568Z /usr/bin/tar: ../../../../../usr/local/lib/android/sdk/platforms/android-37.0/data/res/values-am-watch: Cannot utime: Operation not permitted
build	Cache Android SDK	2026-06-06T12:23:02.0798998Z /usr/bin/tar: ../../../../../usr/local/lib/android/sdk/platforms/android-37.0/data/res/values-am-watch: Cannot change mode to rwxr-xr-x: Operation not permitted
build	Cache Android SDK	2026-06-06T12:23:02.0801913Z /usr/bin/tar: ../../../../../usr/local/lib/android/sdk/platforms/android-37.0/data/res/values-mcc310-mnc004: Cannot utime: Operation not permitted
build	Cache Android SDK	2026-06-06T12:23:02.0802359Z /usr/bin/tar: ../../../../../usr/local/lib/android/sdk/platforms/android-37.0/data/res/values-mcc310-mnc004: Cannot change mode to rwxr-xr-x: Operation not permitted
build	Cache Android SDK	2026-06-06T12:23:02.0805824Z /usr/bin/tar: ../../../../../usr/local/lib/android/sdk/platforms/android-37.0/data/res/values-mcc310-mnc230-hu: Cannot utime: Operation not permitted
build	Cache Android SDK	2026-06-06T12:23:02.0806354Z /usr/bin/tar: ../../../../../usr/local/lib/android/sdk/platforms/android-37.0/data/res/values-mcc310-mnc230-hu: Cannot change mode to rwxr-xr-x: Operation not permitted
build	Cache Android SDK	2026-06-06T12:23:02.0809000Z /usr/bin/tar: ../../../../../usr/local/lib/android/sdk/platforms/android-37.0/data/res/values-mcc310-mnc660-hu: Cannot utime: Operation not permitted
build	Cache Android SDK	2026-06-06T12:23:02.0809455Z /usr/bin/tar: ../../../../../usr/local/lib/android/sdk/platforms/android-37.0/data/res/values-mcc310-mnc660-hu: Cannot change mode to rwxr-xr-x: Operation not permitted
build	Cache Android SDK	2026-06-06T12:23:02.0812514Z /usr/bin/tar: ../../../../../usr/local/lib/android/sdk/platforms/android-37.0/data/res/raw-es: Cannot utime: Operation not permitted
build	Cache Android SDK	2026-06-06T12:23:02.0812915Z /usr/bin/tar: ../../../../../usr/local/lib/android/sdk/platforms/android-37.0/data/res/raw-es: Cannot change mode to rwxr-xr-x: Operation not permitted
build	Cache Android SDK	2026-06-06T12:23:02.0815764Z /usr/bin/tar: ../../../../../usr/local/lib/android/sdk/platforms/android-37.0/data/res/values-mcc310-mnc220-ta: Cannot utime: Operation not permitted
build	Cache Android SDK	2026-06-06T12:23:02.0816233Z /usr/bin/tar: ../../../../../usr/local/lib/android/sdk/platforms/android-37.0/data/res/values-mcc310-mnc220-ta: Cannot change mode to rwxr-xr-x: Operation not permitted
build	Cache Android SDK	2026-06-06T12:23:02.0819234Z /usr/bin/tar: ../../../../../usr/local/lib/android/sdk/platforms/android-37.0/data/res/values-fr-rCA-neuter: Cannot utime: Operation not permitted
build	Cache Android SDK	2026-06-06T12:23:02.0819700Z /usr/bin/tar: ../../../../../usr/local/lib/android/sdk/platforms/android-37.0/data/res/values-fr-rCA-neuter: Cannot change mode to rwxr-xr-x: Operation not permitted
build	Cache Android SDK	2026-06-06T12:23:02.0822514Z /usr/bin/tar: ../../../../../usr/local/lib/android/sdk/platforms/android-37.0/data/res/values-mcc302-mnc370-fa: Cannot utime: Operation not permitted
build	Cache Android SDK	2026-06-06T12:23:02.0822959Z /usr/bin/tar: ../../../../../usr/local/lib/android/sdk/platforms/android-37.0/data/res/values-mcc302-mnc370-fa: Cannot change mode to rwxr-xr-x: Operation not permitted
build	Cache Android SDK	2026-06-06T12:23:02.0825945Z /usr/bin/tar: ../../../../../usr/local/lib/android/sdk/platforms/android-37.0/data/res/values-mcc310-mnc270-en-rAU: Cannot utime: Operation not permitted
build	Cache Android SDK	2026-06-06T12:23:02.0826425Z /usr/bin/tar: ../../../../../usr/local/lib/android/sdk/platforms/android-37.0/data/res/values-mcc310-mnc270-en-rAU: Cannot change mode to rwxr-xr-x: Operation not permitted
build	Cache Android SDK	2026-06-06T12:23:02.0839865Z /usr/bin/tar: ../../../../../usr/local/lib/android/sdk/platforms/android-37.0/data/res/drawable-land-mdpi: Cannot utime: Operation not permitted
build	Cache Android SDK	2026-06-06T12:23:02.0840505Z /usr/bin/tar: ../../../../../usr/local/lib/android/sdk/platforms/android-37.0/data/res/drawable-land-mdpi: Cannot change mode to rwxr-xr-x: Operation not permitted
build	Cache Android SDK	2026-06-06T12:23:02.0842689Z /usr/bin/tar: ../../../../../usr/local/lib/android/sdk/platforms/android-37.0/data/res/values-mcc310-mnc210-ta: Cannot utime: Operation not permitted
build	Cache Android SDK	2026-06-06T12:23:02.0843134Z /usr/bin/tar: ../../../../../usr/local/lib/android/sdk/platforms/android-37.0/data/res/values-mcc310-mnc210-ta: Cannot change mode to rwxr-xr-x: Operation not permitted
build	Cache Android SDK	2026-06-06T12:23:02.0845929Z /usr/bin/tar: ../../../../../usr/local/lib/android/sdk/platforms/android-37.0/data/res/values-mcc310-mnc410-ko: Cannot utime: Operation not permitted
build	Cache Android SDK	2026-06-06T12:23:02.0846382Z /usr/bin/tar: ../../../../../usr/local/lib/android/sdk/platforms/android-37.0/data/res/values-mcc310-mnc410-ko: Cannot change mode to rwxr-xr-x: Operation not permitted
build	Cache Android SDK	2026-06-06T12:23:02.0849332Z /usr/bin/tar: ../../../../../usr/local/lib/android/sdk/platforms/android-37.0/data/res/values-mcc310-mnc030-ms: Cannot utime: Operation not permitted
build	Cache Android SDK	2026-06-06T12:23:02.0849785Z /usr/bin/tar: ../../../../../usr/local/lib/android/sdk/platforms/android-37.0/data/res/values-mcc310-mnc030-ms: Cannot change mode to rwxr-xr-x: Operation not permitted
build	Cache Android SDK	2026-06-06T12:23:02.0852432Z /usr/bin/tar: ../../../../../usr/local/lib/android/sdk/platforms/android-37.0/data/res/values-mcc310-mnc280-hi: Cannot utime: Operation not permitted
build	Cache Android SDK	2026-06-06T12:23:02.0853017Z /usr/bin/tar: ../../../../../usr/local/lib/android/sdk/platforms/android-37.0/data/res/values-mcc310-mnc280-hi: Cannot change mode to rwxr-xr-x: Operation not permitted
build	Cache Android SDK	2026-06-06T12:23:02.0857624Z /usr/bin/tar: ../../../../../usr/local/lib/android/sdk/platforms/android-37.0/data/res/values-mcc310-mnc310-ro: Cannot utime: Operation not permitted
build	Cache Android SDK	2026-06-06T12:23:02.0858325Z /usr/bin/tar: ../../../../../usr/local/lib/android/sdk/platforms/android-37.0/data/res/values-mcc310-mnc310-ro: Cannot change mode to rwxr-xr-x: Operation not permitted
build	Cache Android SDK	2026-06-06T12:23:02.0859159Z /usr/bin/tar: ../../../../../usr/local/lib/android/sdk/platforms/android-37.0/data/res/values-mcc310-mnc240-pt-rBR: Cannot utime: Operation not permitted
build	Cache Android SDK	2026-06-06T12:23:02.0859644Z /usr/bin/tar: ../../../../../usr/local/lib/android/sdk/platforms/android-37.0/data/res/values-mcc310-mnc240-pt-rBR: Cannot change mode to rwxr-xr-x: Operation not permitted
build	Cache Android SDK	2026-06-06T12:23:02.0861858Z /usr/bin/tar: ../../../../../usr/local/lib/android/sdk/platforms/android-37.0/data/res/values-mcc310-mnc490-fr: Cannot utime: Operation not permitted
build	Cache Android SDK	2026-06-06T12:23:02.0862324Z /usr/bin/tar: ../../../../../usr/local/lib/android/sdk/platforms/android-37.0/data/res/values-mcc310-mnc490-fr: Cannot change mode to rwxr-xr-x: Operation not permitted
build	Cache Android SDK	2026-06-06T12:23:02.0865713Z /usr/bin/tar: ../../../../../usr/local/lib/android/sdk/platforms/android-37.0/data/res/values-mcc310-mnc160-gu: Cannot utime: Operation not permitted
build	Cache Android SDK	2026-06-06T12:23:02.0866305Z /usr/bin/tar: ../../../../../usr/local/lib/android/sdk/platforms/android-37.0/data/res/values-mcc310-mnc160-gu: Cannot change mode to rwxr-xr-x: Operation not permitted
build	Cache Android SDK	2026-06-06T12:23:02.0868602Z /usr/bin/tar: ../../../../../usr/local/lib/android/sdk/platforms/android-37.0/data/res/values-mcc310-mnc150-es: Cannot utime: Operation not permitted
build	Cache Android SDK	2026-06-06T12:23:02.0869085Z /usr/bin/tar: ../../../../../usr/local/lib/android/sdk/platforms/android-37.0/data/res/values-mcc310-mnc150-es: Cannot change mode to rwxr-xr-x: Operation not permitted
build	Cache Android SDK	2026-06-06T12:23:02.0872002Z /usr/bin/tar: ../../../../../usr/local/lib/android/sdk/platforms/android-37.0/data/res/values-mcc310-mnc800-hi: Cannot utime: Operation not permitted
build	Cache Android SDK	2026-06-06T12:23:02.0872472Z /usr/bin/tar: ../../../../../usr/local/lib/android/sdk/platforms/android-37.0/data/res/values-mcc310-mnc800-hi: Cannot change mode to rwxr-xr-x: Operation not permitted
build	Cache Android SDK	2026-06-06T12:23:02.0874655Z /usr/bin/tar: ../../../../../usr/local/lib/android/sdk/platforms/android-37.0/data/res/values-mcc450-ko: Cannot utime: Operation not permitted
build	Cache Android SDK	2026-06-06T12:23:02.0875109Z /usr/bin/tar: ../../../../../usr/local/lib/android/sdk/platforms/android-37.0/data/res/values-mcc450-ko: Cannot change mode to rwxr-xr-x: Operation not permitted
build	Cache Android SDK	2026-06-06T12:23:02.0878322Z /usr/bin/tar: ../../../../../usr/local/lib/android/sdk/platforms/android-37.0/data/res/values-ml-television: Cannot utime: Operation not permitted
build	Cache Android SDK	2026-06-06T12:23:02.0878802Z /usr/bin/tar: ../../../../../usr/local/lib/android/sdk/platforms/android-37.0/data/res/values-ml-television: Cannot change mode to rwxr-xr-x: Operation not permitted
build	Cache Android SDK	2026-06-06T12:23:02.0881100Z /usr/bin/tar: ../../../../../usr/local/lib/android/sdk/platforms/android-37.0/data/res/values-mcc310-mnc240-vi: Cannot utime: Operation not permitted
build	Cache Android SDK	2026-06-06T12:23:02.0881565Z /usr/bin/tar: ../../../../../usr/local/lib/android/sdk/platforms/android-37.0/data/res/values-mcc310-mnc240-vi: Cannot change mode to rwxr-xr-x: Operation not permitted
build	Cache Android SDK	2026-06-06T12:23:02.0884422Z /usr/bin/tar: ../../../../../usr/local/lib/android/sdk/platforms/android-37.0/data/res/values-mcc311-mnc180-de: Cannot utime: Operation not permitted
build	Cache Android SDK	2026-06-06T12:23:02.0884873Z /usr/bin/tar: ../../../../../usr/local/lib/android/sdk/platforms/android-37.0/data/res/values-mcc311-mnc180-de: Cannot change mode to rwxr-xr-x: Operation not permitted
build	Cache Android SDK	2026-06-06T12:23:02.0887899Z /usr/bin/tar: ../../../../../usr/local/lib/android/sdk/platforms/android-37.0/data/res/values-mcc310-mnc210-pt-rBR: Cannot utime: Operation not permitted
build	Cache Android SDK	2026-06-06T12:23:02.0888633Z /usr/bin/tar: ../../../../../usr/local/lib/android/sdk/platforms/android-37.0/data/res/values-mcc310-mnc210-pt-rBR: Cannot change mode to rwxr-xr-x: Operation not permitted
build	Cache Android SDK	2026-06-06T12:23:02.0890246Z /usr/bin/tar: ../../../../../usr/local/lib/android/sdk/platforms/android-37.0/data/res/values-mcc732: Cannot utime: Operation not permitted
build	Cache Android SDK	2026-06-06T12:23:02.0890701Z /usr/bin/tar: ../../../../../usr/local/lib/android/sdk/platforms/android-37.0/data/res/values-mcc732: Cannot change mode to rwxr-xr-x: Operation not permitted
build	Cache Android SDK	2026-06-06T12:23:02.0893779Z /usr/bin/tar: ../../../../../usr/local/lib/android/sdk/platforms/android-37.0/data/res/values-mcc313-mnc100-zh-rHK: Cannot utime: Operation not permitted
build	Cache Android SDK	2026-06-06T12:23:02.0894262Z /usr/bin/tar: ../../../../../usr/local/lib/android/sdk/platforms/android-37.0/data/res/values-mcc313-mnc100-zh-rHK: Cannot change mode to rwxr-xr-x: Operation not permitted
build	Cache Android SDK	2026-06-06T12:23:02.0896709Z /usr/bin/tar: ../../../../../usr/local/lib/android/sdk/platforms/android-37.0/data/res/values-mcc334-mnc020-or: Cannot utime: Operation not permitted
build	Cache Android SDK	2026-06-06T12:23:02.0897246Z /usr/bin/tar: ../../../../../usr/local/lib/android/sdk/platforms/android-37.0/data/res/values-mcc334-mnc020-or: Cannot change mode to rwxr-xr-x: Operation not permitted
build	Cache Android SDK	2026-06-06T12:23:02.0900063Z /usr/bin/tar: ../../../../../usr/local/lib/android/sdk/platforms/android-37.0/data/res/values-mcc310-mnc150-in: Cannot utime: Operation not permitted
build	Cache Android SDK	2026-06-06T12:23:02.0900577Z /usr/bin/tar: ../../../../../usr/local/lib/android/sdk/platforms/android-37.0/data/res/values-mcc310-mnc150-in: Cannot change mode to rwxr-xr-x: Operation not permitted
build	Cache Android SDK	2026-06-06T12:23:02.0903573Z /usr/bin/tar: ../../../../../usr/local/lib/android/sdk/platforms/android-37.0/data/res/values-kn-television: Cannot utime: Operation not permitted
build	Cache Android SDK	2026-06-06T12:23:02.0904161Z /usr/bin/tar: ../../../../../usr/local/lib/android/sdk/platforms/android-37.0/data/res/values-kn-television: Cannot change mode to rwxr-xr-x: Operation not permitted
build	Cache Android SDK	2026-06-06T12:23:02.0906971Z /usr/bin/tar: ../../../../../usr/local/lib/android/sdk/platforms/android-37.0/data/res/values-mcc310-mnc410-cs: Cannot utime: Operation not permitted
build	Cache Android SDK	2026-06-06T12:23:02.0907613Z /usr/bin/tar: ../../../../../usr/local/lib/android/sdk/platforms/android-37.0/data/res/values-mcc310-mnc410-cs: Cannot change mode to rwxr-xr-x: Operation not permitted
build	Cache Android SDK	2026-06-06T12:23:02.0910436Z /usr/bin/tar: ../../../../../usr/local/lib/android/sdk/platforms/android-37.0/data/res/values-mcc310-mnc200-tr: Cannot utime: Operation not permitted
build	Cache Android SDK	2026-06-06T12:23:02.0911040Z /usr/bin/tar: ../../../../../usr/local/lib/android/sdk/platforms/android-37.0/data/res/values-mcc310-mnc200-tr: Cannot change mode to rwxr-xr-x: Operation not permitted
build	Cache Android SDK	2026-06-06T12:23:02.0913665Z /usr/bin/tar: ../../../../../usr/local/lib/android/sdk/platforms/android-37.0/data/res/values-mcc310-mnc030-sw: Cannot utime: Operation not permitted
build	Cache Android SDK	2026-06-06T12:23:02.0914137Z /usr/bin/tar: ../../../../../usr/local/lib/android/sdk/platforms/android-37.0/data/res/values-mcc310-mnc030-sw: Cannot change mode to rwxr-xr-x: Operation not permitted
build	Cache Android SDK	2026-06-06T12:23:02.0916916Z /usr/bin/tar: ../../../../../usr/local/lib/android/sdk/platforms/android-37.0/data/res/values-hi-rIN: Cannot utime: Operation not permitted
build	Cache Android SDK	2026-06-06T12:23:02.0917648Z /usr/bin/tar: ../../../../../usr/local/lib/android/sdk/platforms/android-37.0/data/res/values-hi-rIN: Cannot change mode to rwxr-xr-x: Operation not permitted
build	Cache Android SDK	2026-06-06T12:23:02.0919907Z /usr/bin/tar: ../../../../../usr/local/lib/android/sdk/platforms/android-37.0/data/res/values-mcc310-mnc170-sk: Cannot utime: Operation not permitted
build	Cache Android SDK	2026-06-06T12:23:02.0920366Z /usr/bin/tar: ../../../../../usr/local/lib/android/sdk/platforms/android-37.0/data/res/values-mcc310-mnc170-sk: Cannot change mode to rwxr-xr-x: Operation not permitted
build	Cache Android SDK	2026-06-06T12:23:02.0923056Z /usr/bin/tar: ../../../../../usr/local/lib/android/sdk/platforms/android-37.0/data/res/values-mcc310-mnc030-pt: Cannot utime: Operation not permitted
build	Cache Android SDK	2026-06-06T12:23:02.0923675Z /usr/bin/tar: ../../../../../usr/local/lib/android/sdk/platforms/android-37.0/data/res/values-mcc310-mnc030-pt: Cannot change mode to rwxr-xr-x: Operation not permitted
build	Cache Android SDK	2026-06-06T12:23:02.0925751Z /usr/bin/tar: ../../../../../usr/local/lib/android/sdk/platforms/android-37.0/data/res/values-mcc310-mnc150-b+sr+Latn: Cannot utime: Operation not permitted
build	Cache Android SDK	2026-06-06T12:23:02.0926264Z /usr/bin/tar: ../../../../../usr/local/lib/android/sdk/platforms/android-37.0/data/res/values-mcc310-mnc150-b+sr+Latn: Cannot change mode to rwxr-xr-x: Operation not permitted
build	Cache Android SDK	2026-06-06T12:23:02.0929474Z /usr/bin/tar: ../../../../../usr/local/lib/android/sdk/platforms/android-37.0/data/res/values-mcc310-mnc160-tl: Cannot utime: Operation not permitted
build	Cache Android SDK	2026-06-06T12:23:02.0929966Z /usr/bin/tar: ../../../../../usr/local/lib/android/sdk/platforms/android-37.0/data/res/values-mcc310-mnc160-tl: Cannot change mode to rwxr-xr-x: Operation not permitted
build	Cache Android SDK	2026-06-06T12:23:02.0932007Z /usr/bin/tar: ../../../../../usr/local/lib/android/sdk/platforms/android-37.0/data/res/values-mcc310-mnc310-am: Cannot utime: Operation not permitted
build	Cache Android SDK	2026-06-06T12:23:02.0932478Z /usr/bin/tar: ../../../../../usr/local/lib/android/sdk/platforms/android-37.0/data/res/values-mcc310-mnc310-am: Cannot change mode to rwxr-xr-x: Operation not permitted
build	Cache Android SDK	2026-06-06T12:23:02.0936120Z /usr/bin/tar: ../../../../../usr/local/lib/android/sdk/platforms/android-37.0/data/res/values-mcc310-mnc490-et: Cannot utime: Operation not permitted
build	Cache Android SDK	2026-06-06T12:23:02.0936597Z /usr/bin/tar: ../../../../../usr/local/lib/android/sdk/platforms/android-37.0/data/res/values-mcc310-mnc490-et: Cannot change mode to rwxr-xr-x: Operation not permitted
build	Cache Android SDK	2026-06-06T12:23:02.0938604Z /usr/bin/tar: ../../../../../usr/local/lib/android/sdk/platforms/android-37.0/data/res/values-mcc310-mnc280-en-rCA: Cannot utime: Operation not permitted
build	Cache Android SDK	2026-06-06T12:23:02.0939089Z /usr/bin/tar: ../../../../../usr/local/lib/android/sdk/platforms/android-37.0/data/res/values-mcc310-mnc280-en-rCA: Cannot change mode to rwxr-xr-x: Operation not permitted
build	Cache Android SDK	2026-06-06T12:23:02.0941839Z /usr/bin/tar: ../../../../../usr/local/lib/android/sdk/platforms/android-37.0/data/res/values-mcc310-mnc030-az: Cannot utime: Operation not permitted
build	Cache Android SDK	2026-06-06T12:23:02.0942283Z /usr/bin/tar: ../../../../../usr/local/lib/android/sdk/platforms/android-37.0/data/res/values-mcc310-mnc030-az: Cannot change mode to rwxr-xr-x: Operation not permitted
build	Cache Android SDK	2026-06-06T12:23:02.0958829Z /usr/bin/tar: ../../../../../usr/local/lib/android/sdk/platforms/android-37.0/data/res/values-mcc310-mnc280-mr: Cannot utime: Operation not permitted
build	Cache Android SDK	2026-06-06T12:23:02.0960363Z /usr/bin/tar: ../../../../../usr/local/lib/android/sdk/platforms/android-37.0/data/res/values-mcc310-mnc280-mr: Cannot change mode to rwxr-xr-x: Operation not permitted
build	Cache Android SDK	2026-06-06T12:23:02.0961673Z /usr/bin/tar: ../../../../../usr/local/lib/android/sdk/platforms/android-37.0/data/res/values-mcc310-mnc170-ko: Cannot utime: Operation not permitted
build	Cache Android SDK	2026-06-06T12:23:02.0963168Z /usr/bin/tar: ../../../../../usr/local/lib/android/sdk/platforms/android-37.0/data/res/values-mcc310-mnc170-ko: Cannot change mode to rwxr-xr-x: Operation not permitted
build	Cache Android SDK	2026-06-06T12:23:02.0964093Z /usr/bin/tar: ../../../../../usr/local/lib/android/sdk/platforms/android-37.0/data/res/values-mcc310-mnc250-kn: Cannot utime: Operation not permitted
build	Cache Android SDK	2026-06-06T12:23:02.0965026Z /usr/bin/tar: ../../../../../usr/local/lib/android/sdk/platforms/android-37.0/data/res/values-mcc310-mnc250-kn: Cannot change mode to rwxr-xr-x: Operation not permitted
build	Cache Android SDK	2026-06-06T12:23:02.0965970Z /usr/bin/tar: ../../../../../usr/local/lib/android/sdk/platforms/android-37.0/data/res/values-mcc440-mnc54: Cannot utime: Operation not permitted
build	Cache Android SDK	2026-06-06T12:23:02.0966881Z /usr/bin/tar: ../../../../../usr/local/lib/android/sdk/platforms/android-37.0/data/res/values-mcc440-mnc54: Cannot change mode to rwxr-xr-x: Operation not permitted
build	Cache Android SDK	2026-06-06T12:23:02.0969703Z /usr/bin/tar: ../../../../../usr/local/lib/android/sdk/platforms/android-37.0/data/res/values-mcc310-mnc660-en-rIN: Cannot utime: Operation not permitted
build	Cache Android SDK	2026-06-06T12:23:02.0971310Z /usr/bin/tar: ../../../../../usr/local/lib/android/sdk/platforms/android-37.0/data/res/values-mcc310-mnc660-en-rIN: Cannot change mode to rwxr-xr-x: Operation not permitted
build	Cache Android SDK	2026-06-06T12:23:02.0972348Z /usr/bin/tar: ../../../../../usr/local/lib/android/sdk/platforms/android-37.0/data/res/values-iw-rIL: Cannot utime: Operation not permitted
build	Cache Android SDK	2026-06-06T12:23:02.0973535Z /usr/bin/tar: ../../../../../usr/local/lib/android/sdk/platforms/android-37.0/data/res/values-iw-rIL: Cannot change mode to rwxr-xr-x: Operation not permitted
build	Cache Android SDK	2026-06-06T12:23:02.0974813Z /usr/bin/tar: ../../../../../usr/local/lib/android/sdk/platforms/android-37.0/data/res/values-mcc310-mnc220-az: Cannot utime: Operation not permitted
build	Cache Android SDK	2026-06-06T12:23:02.0975849Z /usr/bin/tar: ../../../../../usr/local/lib/android/sdk/platforms/android-37.0/data/res/values-mcc310-mnc220-az: Cannot change mode to rwxr-xr-x: Operation not permitted
build	Cache Android SDK	2026-06-06T12:23:02.0977262Z /usr/bin/tar: ../../../../../usr/local/lib/android/sdk/platforms/android-37.0/data/res/values-mcc310-mnc200-mk: Cannot utime: Operation not permitted
build	Cache Android SDK	2026-06-06T12:23:02.0978505Z /usr/bin/tar: ../../../../../usr/local/lib/android/sdk/platforms/android-37.0/data/res/values-mcc310-mnc200-mk: Cannot change mode to rwxr-xr-x: Operation not permitted
build	Cache Android SDK	2026-06-06T12:23:02.0979853Z /usr/bin/tar: ../../../../../usr/local/lib/android/sdk/platforms/android-37.0/data/res/values-mcc334-mnc020-iw: Cannot utime: Operation not permitted
build	Cache Android SDK	2026-06-06T12:23:02.0981058Z /usr/bin/tar: ../../../../../usr/local/lib/android/sdk/platforms/android-37.0/data/res/values-mcc334-mnc020-iw: Cannot change mode to rwxr-xr-x: Operation not permitted
build	Cache Android SDK	2026-06-06T12:23:02.0982002Z /usr/bin/tar: ../../../../../usr/local/lib/android/sdk/platforms/android-37.0/data/res/values-mcc310-mnc380-pt-rPT: Cannot utime: Operation not permitted
build	Cache Android SDK	2026-06-06T12:23:02.0982960Z /usr/bin/tar: ../../../../../usr/local/lib/android/sdk/platforms/android-37.0/data/res/values-mcc310-mnc380-pt-rPT: Cannot change mode to rwxr-xr-x: Operation not permitted
build	Cache Android SDK	2026-06-06T12:23:02.0984148Z /usr/bin/tar: ../../../../../usr/local/lib/android/sdk/platforms/android-37.0/data/res/values-mcc310-mnc210-sk: Cannot utime: Operation not permitted
build	Cache Android SDK	2026-06-06T12:23:02.0985480Z /usr/bin/tar: ../../../../../usr/local/lib/android/sdk/platforms/android-37.0/data/res/values-mcc310-mnc210-sk: Cannot change mode to rwxr-xr-x: Operation not permitted
build	Cache Android SDK	2026-06-06T12:23:02.0986845Z /usr/bin/tar: ../../../../../usr/local/lib/android/sdk/platforms/android-37.0/data/res/values-mcc310-mnc160-uz: Cannot utime: Operation not permitted
build	Cache Android SDK	2026-06-06T12:23:02.0988393Z /usr/bin/tar: ../../../../../usr/local/lib/android/sdk/platforms/android-37.0/data/res/values-mcc310-mnc160-uz: Cannot change mode to rwxr-xr-x: Operation not permitted
build	Cache Android SDK	2026-06-06T12:23:02.0989401Z /usr/bin/tar: ../../../../../usr/local/lib/android/sdk/platforms/android-37.0/data/res/values-mcc310-mnc250-bg: Cannot utime: Operation not permitted
build	Cache Android SDK	2026-06-06T12:23:02.0990857Z /usr/bin/tar: ../../../../../usr/local/lib/android/sdk/platforms/android-37.0/data/res/values-mcc310-mnc250-bg: Cannot change mode to rwxr-xr-x: Operation not permitted
build	Cache Android SDK	2026-06-06T12:23:02.0991824Z /usr/bin/tar: ../../../../../usr/local/lib/android/sdk/platforms/android-37.0/data/res/values-mcc310-mnc410-km: Cannot utime: Operation not permitted
build	Cache Android SDK	2026-06-06T12:23:02.0993079Z /usr/bin/tar: ../../../../../usr/local/lib/android/sdk/platforms/android-37.0/data/res/values-mcc310-mnc410-km: Cannot change mode to rwxr-xr-x: Operation not permitted
build	Cache Android SDK	2026-06-06T12:23:02.0998349Z /usr/bin/tar: ../../../../../usr/local/lib/android/sdk/platforms/android-37.0/data/res/values-lv: Cannot utime: Operation not permitted
build	Cache Android SDK	2026-06-06T12:23:02.0999411Z /usr/bin/tar: ../../../../../usr/local/lib/android/sdk/platforms/android-37.0/data/res/values-lv: Cannot change mode to rwxr-xr-x: Operation not permitted
build	Cache Android SDK	2026-06-06T12:23:02.1002494Z /usr/bin/tar: ../../../../../usr/local/lib/android/sdk/platforms/android-37.0/data/res/values-mcc334-mnc020-vi: Cannot utime: Operation not permitted
build	Cache Android SDK	2026-06-06T12:23:02.1003439Z /usr/bin/tar: ../../../../../usr/local/lib/android/sdk/platforms/android-37.0/data/res/values-mcc334-mnc020-vi: Cannot change mode to rwxr-xr-x: Operation not permitted
build	Cache Android SDK	2026-06-06T12:23:02.1005681Z /usr/bin/tar: ../../../../../usr/local/lib/android/sdk/platforms/android-37.0/data/res/values-mcc310-mnc210-en-rAU: Cannot utime: Operation not permitted
build	Cache Android SDK	2026-06-06T12:23:02.1006666Z /usr/bin/tar: ../../../../../usr/local/lib/android/sdk/platforms/android-37.0/data/res/values-mcc310-mnc210-en-rAU: Cannot change mode to rwxr-xr-x: Operation not permitted
build	Cache Android SDK	2026-06-06T12:23:02.1008664Z /usr/bin/tar: ../../../../../usr/local/lib/android/sdk/platforms/android-37.0/data/res/values-mcc310-mnc560-ka: Cannot utime: Operation not permitted
build	Cache Android SDK	2026-06-06T12:23:02.1009629Z /usr/bin/tar: ../../../../../usr/local/lib/android/sdk/platforms/android-37.0/data/res/values-mcc310-mnc560-ka: Cannot change mode to rwxr-xr-x: Operation not permitted
build	Cache Android SDK	2026-06-06T12:23:02.1016784Z /usr/bin/tar: ../../../../../usr/local/lib/android/sdk/platforms/android-37.0/data/res/values-mr: Cannot utime: Operation not permitted
build	Cache Android SDK	2026-06-06T12:23:02.1017975Z /usr/bin/tar: ../../../../../usr/local/lib/android/sdk/platforms/android-37.0/data/res/values-mr: Cannot change mode to rwxr-xr-x: Operation not permitted
build	Cache Android SDK	2026-06-06T12:23:02.1019736Z /usr/bin/tar: ../../../../../usr/local/lib/android/sdk/platforms/android-37.0/data/res/values-mcc310-mnc030-en-rAU: Cannot utime: Operation not permitted
build	Cache Android SDK	2026-06-06T12:23:02.1020785Z /usr/bin/tar: ../../../../../usr/local/lib/android/sdk/platforms/android-37.0/data/res/values-mcc310-mnc030-en-rAU: Cannot change mode to rwxr-xr-x: Operation not permitted
build	Cache Android SDK	2026-06-06T12:23:02.1023040Z /usr/bin/tar: ../../../../../usr/local/lib/android/sdk/platforms/android-37.0/data/res/values-sk-television: Cannot utime: Operation not permitted
build	Cache Android SDK	2026-06-06T12:23:02.1024167Z /usr/bin/tar: ../../../../../usr/local/lib/android/sdk/platforms/android-37.0/data/res/values-sk-television: Cannot change mode to rwxr-xr-x: Operation not permitted
build	Cache Android SDK	2026-06-06T12:23:02.1025660Z /usr/bin/tar: ../../../../../usr/local/lib/android/sdk/platforms/android-37.0/data/res/values-mcc310-mnc310-fr-rCA: Cannot utime: Operation not permitted
build	Cache Android SDK	2026-06-06T12:23:02.1026617Z /usr/bin/tar: ../../../../../usr/local/lib/android/sdk/platforms/android-37.0/data/res/values-mcc310-mnc310-fr-rCA: Cannot change mode to rwxr-xr-x: Operation not permitted
build	Cache Android SDK	2026-06-06T12:23:02.1028773Z /usr/bin/tar: ../../../../../usr/local/lib/android/sdk/platforms/android-37.0/data/res/values-mcc310-mnc230-fr: Cannot utime: Operation not permitted
build	Cache Android SDK	2026-06-06T12:23:02.1029748Z /usr/bin/tar: ../../../../../usr/local/lib/android/sdk/platforms/android-37.0/data/res/values-mcc310-mnc230-fr: Cannot change mode to rwxr-xr-x: Operation not permitted
build	Cache Android SDK	2026-06-06T12:23:02.1031899Z /usr/bin/tar: ../../../../../usr/local/lib/android/sdk/platforms/android-37.0/data/res/values-mcc313-mnc100-kk: Cannot utime: Operation not permitted
build	Cache Android SDK	2026-06-06T12:23:02.1033053Z /usr/bin/tar: ../../../../../usr/local/lib/android/sdk/platforms/android-37.0/data/res/values-mcc313-mnc100-kk: Cannot change mode to rwxr-xr-x: Operation not permitted
build	Cache Android SDK	2026-06-06T12:23:02.1034729Z /usr/bin/tar: ../../../../../usr/local/lib/android/sdk/platforms/android-37.0/data/res/values-mcc313-mnc100-zh-rCN: Cannot utime: Operation not permitted
build	Cache Android SDK	2026-06-06T12:23:02.1035705Z /usr/bin/tar: ../../../../../usr/local/lib/android/sdk/platforms/android-37.0/data/res/values-mcc313-mnc100-zh-rCN: Cannot change mode to rwxr-xr-x: Operation not permitted
build	Cache Android SDK	2026-06-06T12:23:02.1040559Z /usr/bin/tar: ../../../../../usr/local/lib/android/sdk/platforms/android-37.0/data/res/values-mcc310-mnc170-zh-rHK: Cannot utime: Operation not permitted
build	Cache Android SDK	2026-06-06T12:23:02.1042047Z /usr/bin/tar: ../../../../../usr/local/lib/android/sdk/platforms/android-37.0/data/res/values-mcc310-mnc170-zh-rHK: Cannot change mode to rwxr-xr-x: Operation not permitted
build	Cache Android SDK	2026-06-06T12:23:02.1043430Z /usr/bin/tar: ../../../../../usr/local/lib/android/sdk/platforms/android-37.0/data/res/values-mcc310-mnc270-ta: Cannot utime: Operation not permitted
build	Cache Android SDK	2026-06-06T12:23:02.1044386Z /usr/bin/tar: ../../../../../usr/local/lib/android/sdk/platforms/android-37.0/data/res/values-mcc310-mnc270-ta: Cannot change mode to rwxr-xr-x: Operation not permitted
build	Cache Android SDK	2026-06-06T12:23:02.1046614Z /usr/bin/tar: ../../../../../usr/local/lib/android/sdk/platforms/android-37.0/data/res/values-hy-television: Cannot utime: Operation not permitted
build	Cache Android SDK	2026-06-06T12:23:02.1048018Z /usr/bin/tar: ../../../../../usr/local/lib/android/sdk/platforms/android-37.0/data/res/values-hy-television: Cannot change mode to rwxr-xr-x: Operation not permitted
build	Cache Android SDK	2026-06-06T12:23:02.1049505Z /usr/bin/tar: ../../../../../usr/local/lib/android/sdk/platforms/android-37.0/data/res/values-mcc310-mnc150-pt: Cannot utime: Operation not permitted
build	Cache Android SDK	2026-06-06T12:23:02.1050492Z /usr/bin/tar: ../../../../../usr/local/lib/android/sdk/platforms/android-37.0/data/res/values-mcc310-mnc150-pt: Cannot change mode to rwxr-xr-x: Operation not permitted
build	Cache Android SDK	2026-06-06T12:23:02.1053250Z /usr/bin/tar: ../../../../../usr/local/lib/android/sdk/platforms/android-37.0/data/res/values-mcc310-mnc270-hr: Cannot utime: Operation not permitted
build	Cache Android SDK	2026-06-06T12:23:02.1054180Z /usr/bin/tar: ../../../../../usr/local/lib/android/sdk/platforms/android-37.0/data/res/values-mcc310-mnc270-hr: Cannot change mode to rwxr-xr-x: Operation not permitted
build	Cache Android SDK	2026-06-06T12:23:02.1056496Z /usr/bin/tar: ../../../../../usr/local/lib/android/sdk/platforms/android-37.0/data/res/values-mcc302-mnc720-fa: Cannot utime: Operation not permitted
build	Cache Android SDK	2026-06-06T12:23:02.1057764Z /usr/bin/tar: ../../../../../usr/local/lib/android/sdk/platforms/android-37.0/data/res/values-mcc302-mnc720-fa: Cannot change mode to rwxr-xr-x: Operation not permitted
build	Cache Android SDK	2026-06-06T12:23:02.1059877Z /usr/bin/tar: ../../../../../usr/local/lib/android/sdk/platforms/android-37.0/data/res/values-mcc310-mnc310-ml: Cannot utime: Operation not permitted
build	Cache Android SDK	2026-06-06T12:23:02.1060826Z /usr/bin/tar: ../../../../../usr/local/lib/android/sdk/platforms/android-37.0/data/res/values-mcc310-mnc310-ml: Cannot change mode to rwxr-xr-x: Operation not permitted
build	Cache Android SDK	2026-06-06T12:23:02.1063167Z /usr/bin/tar: ../../../../../usr/local/lib/android/sdk/platforms/android-37.0/data/res/values-mcc310-mnc380-hy: Cannot utime: Operation not permitted
build	Cache Android SDK	2026-06-06T12:23:02.1064256Z /usr/bin/tar: ../../../../../usr/local/lib/android/sdk/platforms/android-37.0/data/res/values-mcc310-mnc380-hy: Cannot change mode to rwxr-xr-x: Operation not permitted
build	Cache Android SDK	2026-06-06T12:23:02.1067068Z /usr/bin/tar: ../../../../../usr/local/lib/android/sdk/platforms/android-37.0/data/res/values-mcc001-mnc01-kk: Cannot utime: Operation not permitted
build	Cache Android SDK	2026-06-06T12:23:02.1068230Z /usr/bin/tar: ../../../../../usr/local/lib/android/sdk/platforms/android-37.0/data/res/values-mcc001-mnc01-kk: Cannot change mode to rwxr-xr-x: Operation not permitted
build	Cache Android SDK	2026-06-06T12:23:02.1076113Z /usr/bin/tar: ../../../../../usr/local/lib/android/sdk/platforms/android-37.0/data/res/values-ja: Cannot utime: Operation not permitted
build	Cache Android SDK	2026-06-06T12:23:02.1077334Z /usr/bin/tar: ../../../../../usr/local/lib/android/sdk/platforms/android-37.0/data/res/values-ja: Cannot change mode to rwxr-xr-x: Operation not permitted
build	Cache Android SDK	2026-06-06T12:23:02.1079930Z /usr/bin/tar: ../../../../../usr/local/lib/android/sdk/platforms/android-37.0/data/res/values-mcc310-mnc270-es: Cannot utime: Operation not permitted
build	Cache Android SDK	2026-06-06T12:23:02.1080891Z /usr/bin/tar: ../../../../../usr/local/lib/android/sdk/platforms/android-37.0/data/res/values-mcc310-mnc270-es: Cannot change mode to rwxr-xr-x: Operation not permitted
build	Cache Android SDK	2026-06-06T12:23:02.1083404Z /usr/bin/tar: ../../../../../usr/local/lib/android/sdk/platforms/android-37.0/data/res/values-mcc310-mnc230-az: Cannot utime: Operation not permitted
build	Cache Android SDK	2026-06-06T12:23:02.1084336Z /usr/bin/tar: ../../../../../usr/local/lib/android/sdk/platforms/android-37.0/data/res/values-mcc310-mnc230-az: Cannot change mode to rwxr-xr-x: Operation not permitted
build	Cache Android SDK	2026-06-06T12:23:02.1087154Z /usr/bin/tar: ../../../../../usr/local/lib/android/sdk/platforms/android-37.0/data/res/values-mcc313-mnc100-hi: Cannot utime: Operation not permitted
build	Cache Android SDK	2026-06-06T12:23:02.1088278Z /usr/bin/tar: ../../../../../usr/local/lib/android/sdk/platforms/android-37.0/data/res/values-mcc313-mnc100-hi: Cannot change mode to rwxr-xr-x: Operation not permitted
build	Cache Android SDK	2026-06-06T12:23:02.1090712Z /usr/bin/tar: ../../../../../usr/local/lib/android/sdk/platforms/android-37.0/data/res/values-mcc310-mnc240-zh-rTW: Cannot utime: Operation not permitted
build	Cache Android SDK	2026-06-06T12:23:02.1091679Z /usr/bin/tar: ../../../../../usr/local/lib/android/sdk/platforms/android-37.0/data/res/values-mcc310-mnc240-zh-rTW: Cannot change mode to rwxr-xr-x: Operation not permitted
build	Cache Android SDK	2026-06-06T12:23:02.1093885Z /usr/bin/tar: ../../../../../usr/local/lib/android/sdk/platforms/android-37.0/data/res/values-mcc310-mnc210-es: Cannot utime: Operation not permitted
build	Cache Android SDK	2026-06-06T12:23:02.1094820Z /usr/bin/tar: ../../../../../usr/local/lib/android/sdk/platforms/android-37.0/data/res/values-mcc310-mnc210-es: Cannot change mode to rwxr-xr-x: Operation not permitted
build	Cache Android SDK	2026-06-06T12:23:02.1097164Z /usr/bin/tar: ../../../../../usr/local/lib/android/sdk/platforms/android-37.0/data/res/values-mcc310-mnc150-ca: Cannot utime: Operation not permitted
build	Cache Android SDK	2026-06-06T12:23:02.1098183Z /usr/bin/tar: ../../../../../usr/local/lib/android/sdk/platforms/android-37.0/data/res/values-mcc310-mnc150-ca: Cannot change mode to rwxr-xr-x: Operation not permitted
build	Cache Android SDK	2026-06-06T12:23:02.1103235Z /usr/bin/tar: ../../../../../usr/local/lib/android/sdk/platforms/android-37.0/data/res/values-mcc310-mnc210-te: Cannot utime: Operation not permitted
build	Cache Android SDK	2026-06-06T12:23:02.1104171Z /usr/bin/tar: ../../../../../usr/local/lib/android/sdk/platforms/android-37.0/data/res/values-mcc310-mnc210-te: Cannot change mode to rwxr-xr-x: Operation not permitted
build	Cache Android SDK	2026-06-06T12:23:02.1107327Z /usr/bin/tar: ../../../../../usr/local/lib/android/sdk/platforms/android-37.0/data/res/values-mcc310-mnc210-hy: Cannot utime: Operation not permitted
build	Cache Android SDK	2026-06-06T12:23:02.1108338Z /usr/bin/tar: ../../../../../usr/local/lib/android/sdk/platforms/android-37.0/data/res/values-mcc310-mnc210-hy: Cannot change mode to rwxr-xr-x: Operation not permitted
build	Cache Android SDK	2026-06-06T12:23:02.1110533Z /usr/bin/tar: ../../../../../usr/local/lib/android/sdk/platforms/android-37.0/data/res/values-mcc334-mnc020-is: Cannot utime: Operation not permitted
build	Cache Android SDK	2026-06-06T12:23:02.1111571Z /usr/bin/tar: ../../../../../usr/local/lib/android/sdk/platforms/android-37.0/data/res/values-mcc334-mnc020-is: Cannot change mode to rwxr-xr-x: Operation not permitted
build	Cache Android SDK	2026-06-06T12:23:02.1113747Z /usr/bin/tar: ../../../../../usr/local/lib/android/sdk/platforms/android-37.0/data/res/values-mcc310-mnc220-b+sr+Latn: Cannot utime: Operation not permitted
build	Cache Android SDK	2026-06-06T12:23:02.1114732Z /usr/bin/tar: ../../../../../usr/local/lib/android/sdk/platforms/android-37.0/data/res/values-mcc310-mnc220-b+sr+Latn: Cannot change mode to rwxr-xr-x: Operation not permitted
build	Cache Android SDK	2026-06-06T12:23:02.1116967Z /usr/bin/tar: ../../../../../usr/local/lib/android/sdk/platforms/android-37.0/data/res/values-mcc310-mnc200-cs: Cannot utime: Operation not permitted
build	Cache Android SDK	2026-06-06T12:23:02.1118156Z /usr/bin/tar: ../../../../../usr/local/lib/android/sdk/platforms/android-37.0/data/res/values-mcc310-mnc200-cs: Cannot change mode to rwxr-xr-x: Operation not permitted
build	Cache Android SDK	2026-06-06T12:23:02.1120114Z /usr/bin/tar: ../../../../../usr/local/lib/android/sdk/platforms/android-37.0/data/res/values-it-rIT: Cannot utime: Operation not permitted
build	Cache Android SDK	2026-06-06T12:23:02.1121010Z /usr/bin/tar: ../../../../../usr/local/lib/android/sdk/platforms/android-37.0/data/res/values-it-rIT: Cannot change mode to rwxr-xr-x: Operation not permitted
build	Cache Android SDK	2026-06-06T12:23:02.1123525Z /usr/bin/tar: ../../../../../usr/local/lib/android/sdk/platforms/android-37.0/data/res/values-mcc310-mnc950-sv: Cannot utime: Operation not permitted
build	Cache Android SDK	2026-06-06T12:23:02.1124455Z /usr/bin/tar: ../../../../../usr/local/lib/android/sdk/platforms/android-37.0/data/res/values-mcc310-mnc950-sv: Cannot change mode to rwxr-xr-x: Operation not permitted
build	Cache Android SDK	2026-06-06T12:23:02.1126647Z /usr/bin/tar: ../../../../../usr/local/lib/android/sdk/platforms/android-37.0/data/res/values-mcc310-mnc030-pl: Cannot utime: Operation not permitted
build	Cache Android SDK	2026-06-06T12:23:02.1127743Z /usr/bin/tar: ../../../../../usr/local/lib/android/sdk/platforms/android-37.0/data/res/values-mcc310-mnc030-pl: Cannot change mode to rwxr-xr-x: Operation not permitted
build	Cache Android SDK	2026-06-06T12:23:02.1129671Z /usr/bin/tar: ../../../../../usr/local/lib/android/sdk/platforms/android-37.0/data/res/values-mcc404: Cannot utime: Operation not permitted
build	Cache Android SDK	2026-06-06T12:23:02.1130539Z /usr/bin/tar: ../../../../../usr/local/lib/android/sdk/platforms/android-37.0/data/res/values-mcc404: Cannot change mode to rwxr-xr-x: Operation not permitted
build	Cache Android SDK	2026-06-06T12:23:02.1133059Z /usr/bin/tar: ../../../../../usr/local/lib/android/sdk/platforms/android-37.0/data/res/values-mcc310-mnc490-zh-rHK: Cannot utime: Operation not permitted
build	Cache Android SDK	2026-06-06T12:23:02.1134023Z /usr/bin/tar: ../../../../../usr/local/lib/android/sdk/platforms/android-37.0/data/res/values-mcc310-mnc490-zh-rHK: Cannot change mode to rwxr-xr-x: Operation not permitted
build	Cache Android SDK	2026-06-06T12:23:02.1135986Z /usr/bin/tar: ../../../../../usr/local/lib/android/sdk/platforms/android-37.0/data/res/values-mcc334-mnc020-eu: Cannot utime: Operation not permitted
build	Cache Android SDK	2026-06-06T12:23:02.1136915Z /usr/bin/tar: ../../../../../usr/local/lib/android/sdk/platforms/android-37.0/data/res/values-mcc334-mnc020-eu: Cannot change mode to rwxr-xr-x: Operation not permitted
build	Cache Android SDK	2026-06-06T12:23:02.1139361Z /usr/bin/tar: ../../../../../usr/local/lib/android/sdk/platforms/android-37.0/data/res/values-mcc302-mnc370-gl: Cannot utime: Operation not permitted
build	Cache Android SDK	2026-06-06T12:23:02.1140290Z /usr/bin/tar: ../../../../../usr/local/lib/android/sdk/platforms/android-37.0/data/res/values-mcc302-mnc370-gl: Cannot change mode to rwxr-xr-x: Operation not permitted
build	Cache Android SDK	2026-06-06T12:23:02.1143381Z /usr/bin/tar: ../../../../../usr/local/lib/android/sdk/platforms/android-37.0/data/res/values-mcc310-mnc210-hr: Cannot utime: Operation not permitted
build	Cache Android SDK	2026-06-06T12:23:02.1144334Z /usr/bin/tar: ../../../../../usr/local/lib/android/sdk/platforms/android-37.0/data/res/values-mcc310-mnc210-hr: Cannot change mode to rwxr-xr-x: Operation not permitted
build	Cache Android SDK	2026-06-06T12:23:02.1145791Z /usr/bin/tar: ../../../../../usr/local/lib/android/sdk/platforms/android-37.0/data/res/values-mcc001-mnc01-mr: Cannot utime: Operation not permitted
build	Cache Android SDK	2026-06-06T12:23:02.1146856Z /usr/bin/tar: ../../../../../usr/local/lib/android/sdk/platforms/android-37.0/data/res/values-mcc001-mnc01-mr: Cannot change mode to rwxr-xr-x: Operation not permitted
build	Cache Android SDK	2026-06-06T12:23:02.1149871Z /usr/bin/tar: ../../../../../usr/local/lib/android/sdk/platforms/android-37.0/data/res/values-mcc310-mnc150-tl: Cannot utime: Operation not permitted
build	Cache Android SDK	2026-06-06T12:23:02.1151298Z /usr/bin/tar: ../../../../../usr/local/lib/android/sdk/platforms/android-37.0/data/res/values-mcc310-mnc150-tl: Cannot change mode to rwxr-xr-x: Operation not permitted
build	Cache Android SDK	2026-06-06T12:23:02.1157295Z /usr/bin/tar: ../../../../../usr/local/lib/android/sdk/platforms/android-37.0/data/res/values-km: Cannot utime: Operation not permitted
build	Cache Android SDK	2026-06-06T12:23:02.1158615Z /usr/bin/tar: ../../../../../usr/local/lib/android/sdk/platforms/android-37.0/data/res/values-km: Cannot change mode to rwxr-xr-x: Operation not permitted
build	Cache Android SDK	2026-06-06T12:23:02.1160578Z /usr/bin/tar: ../../../../../usr/local/lib/android/sdk/platforms/android-37.0/data/res/values-mcc302-mnc370-be: Cannot utime: Operation not permitted
build	Cache Android SDK	2026-06-06T12:23:02.1161568Z /usr/bin/tar: ../../../../../usr/local/lib/android/sdk/platforms/android-37.0/data/res/values-mcc302-mnc370-be: Cannot change mode to rwxr-xr-x: Operation not permitted
build	Cache Android SDK	2026-06-06T12:23:02.1163532Z /usr/bin/tar: ../../../../../usr/local/lib/android/sdk/platforms/android-37.0/data/res/values-mcc310-mnc380-uk: Cannot utime: Operation not permitted
build	Cache Android SDK	2026-06-06T12:23:02.1164458Z /usr/bin/tar: ../../../../../usr/local/lib/android/sdk/platforms/android-37.0/data/res/values-mcc310-mnc380-uk: Cannot change mode to rwxr-xr-x: Operation not permitted
build	Cache Android SDK	2026-06-06T12:23:02.1166788Z /usr/bin/tar: ../../../../../usr/local/lib/android/sdk/platforms/android-37.0/data/res/values-mcc302-mnc370-uk: Cannot utime: Operation not permitted
build	Cache Android SDK	2026-06-06T12:23:02.1167962Z /usr/bin/tar: ../../../../../usr/local/lib/android/sdk/platforms/android-37.0/data/res/values-mcc302-mnc370-uk: Cannot change mode to rwxr-xr-x: Operation not permitted
build	Cache Android SDK	2026-06-06T12:23:02.1170171Z /usr/bin/tar: ../../../../../usr/local/lib/android/sdk/platforms/android-37.0/data/res/values-mcc001-mnc01-lt: Cannot utime: Operation not permitted
build	Cache Android SDK	2026-06-06T12:23:02.1171120Z /usr/bin/tar: ../../../../../usr/local/lib/android/sdk/platforms/android-37.0/data/res/values-mcc001-mnc01-lt: Cannot change mode to rwxr-xr-x: Operation not permitted
build	Cache Android SDK	2026-06-06T12:23:02.1173824Z /usr/bin/tar: ../../../../../usr/local/lib/android/sdk/platforms/android-37.0/data/res/values-mcc310-mnc560-en-rCA: Cannot utime: Operation not permitted
build	Cache Android SDK	2026-06-06T12:23:02.1174996Z /usr/bin/tar: ../../../../../usr/local/lib/android/sdk/platforms/android-37.0/data/res/values-mcc310-mnc560-en-rCA: Cannot change mode to rwxr-xr-x: Operation not permitted
build	Cache Android SDK	2026-06-06T12:23:02.1176577Z /usr/bin/tar: ../../../../../usr/local/lib/android/sdk/platforms/android-37.0/data/res/values-mcc310-mnc310-uk: Cannot utime: Operation not permitted
build	Cache Android SDK	2026-06-06T12:23:02.1177780Z /usr/bin/tar: ../../../../../usr/local/lib/android/sdk/platforms/android-37.0/data/res/values-mcc310-mnc310-uk: Cannot change mode to rwxr-xr-x: Operation not permitted
build	Cache Android SDK	2026-06-06T12:23:02.1179559Z /usr/bin/tar: ../../../../../usr/local/lib/android/sdk/platforms/android-37.0/data/res/values-mcc302-mnc720-uk: Cannot utime: Operation not permitted
build	Cache Android SDK	2026-06-06T12:23:02.1180489Z /usr/bin/tar: ../../../../../usr/local/lib/android/sdk/platforms/android-37.0/data/res/values-mcc302-mnc720-uk: Cannot change mode to rwxr-xr-x: Operation not permitted
build	Cache Android SDK	2026-06-06T12:23:02.1183116Z /usr/bin/tar: ../../../../../usr/local/lib/android/sdk/platforms/android-37.0/data/res/values-mcc310-mnc240-ka: Cannot utime: Operation not permitted
build	Cache Android SDK	2026-06-06T12:23:02.1184127Z /usr/bin/tar: ../../../../../usr/local/lib/android/sdk/platforms/android-37.0/data/res/values-mcc310-mnc240-ka: Cannot change mode to rwxr-xr-x: Operation not permitted
build	Cache Android SDK	2026-06-06T12:23:02.1191488Z /usr/bin/tar: ../../../../../usr/local/lib/android/sdk/platforms/android-37.0/data/res/values-watch: Cannot utime: Operation not permitted
build	Cache Android SDK	2026-06-06T12:23:02.1192807Z /usr/bin/tar: ../../../../../usr/local/lib/android/sdk/platforms/android-37.0/data/res/values-watch: Cannot change mode to rwxr-xr-x: Operation not permitted
build	Cache Android SDK	2026-06-06T12:23:02.1194354Z /usr/bin/tar: ../../../../../usr/local/lib/android/sdk/platforms/android-37.0/data/res/values-mcc310-mnc800-bs: Cannot utime: Operation not permitted
build	Cache Android SDK	2026-06-06T12:23:02.1195286Z /usr/bin/tar: ../../../../../usr/local/lib/android/sdk/platforms/android-37.0/data/res/values-mcc310-mnc800-bs: Cannot change mode to rwxr-xr-x: Operation not permitted
build	Cache Android SDK	2026-06-06T12:23:02.1197935Z /usr/bin/tar: ../../../../../usr/local/lib/android/sdk/platforms/android-37.0/data/res/values-mcc310-mnc150-az: Cannot utime: Operation not permitted
build	Cache Android SDK	2026-06-06T12:23:02.1198870Z /usr/bin/tar: ../../../../../usr/local/lib/android/sdk/platforms/android-37.0/data/res/values-mcc310-mnc150-az: Cannot change mode to rwxr-xr-x: Operation not permitted
build	Cache Android SDK	2026-06-06T12:23:02.1205869Z /usr/bin/tar: ../../../../../usr/local/lib/android/sdk/platforms/android-37.0/data/res/values-kn: Cannot utime: Operation not permitted
build	Cache Android SDK	2026-06-06T12:23:02.1206739Z /usr/bin/tar: ../../../../../usr/local/lib/android/sdk/platforms/android-37.0/data/res/values-kn: Cannot change mode to rwxr-xr-x: Operation not permitted
build	Cache Android SDK	2026-06-06T12:23:02.1209259Z /usr/bin/tar: ../../../../../usr/local/lib/android/sdk/platforms/android-37.0/data/res/values-mcc310-mnc490-pt: Cannot utime: Operation not permitted
build	Cache Android SDK	2026-06-06T12:23:02.1210342Z /usr/bin/tar: ../../../../../usr/local/lib/android/sdk/platforms/android-37.0/data/res/values-mcc310-mnc490-pt: Cannot change mode to rwxr-xr-x: Operation not permitted
build	Cache Android SDK	2026-06-06T12:23:02.1213298Z /usr/bin/tar: ../../../../../usr/local/lib/android/sdk/platforms/android-37.0/data/res/values-mcc310-mnc280-or: Cannot utime: Operation not permitted
build	Cache Android SDK	2026-06-06T12:23:02.1214314Z /usr/bin/tar: ../../../../../usr/local/lib/android/sdk/platforms/android-37.0/data/res/values-mcc310-mnc280-or: Cannot change mode to rwxr-xr-x: Operation not permitted
build	Cache Android SDK	2026-06-06T12:23:02.1216734Z /usr/bin/tar: ../../../../../usr/local/lib/android/sdk/platforms/android-37.0/data/res/values-mcc311-mnc180-iw: Cannot utime: Operation not permitted
build	Cache Android SDK	2026-06-06T12:23:02.1217951Z /usr/bin/tar: ../../../../../usr/local/lib/android/sdk/platforms/android-37.0/data/res/values-mcc311-mnc180-iw: Cannot change mode to rwxr-xr-x: Operation not permitted
build	Cache Android SDK	2026-06-06T12:23:02.1220938Z /usr/bin/tar: ../../../../../usr/local/lib/android/sdk/platforms/android-37.0/data/res/values-ru-watch: Cannot utime: Operation not permitted
build	Cache Android SDK	2026-06-06T12:23:02.1221862Z /usr/bin/tar: ../../../../../usr/local/lib/android/sdk/platforms/android-37.0/data/res/values-ru-watch: Cannot change mode to rwxr-xr-x: Operation not permitted
build	Cache Android SDK	2026-06-06T12:23:02.1224398Z /usr/bin/tar: ../../../../../usr/local/lib/android/sdk/platforms/android-37.0/data/res/values-mcc310-mnc800-sl: Cannot utime: Operation not permitted
build	Cache Android SDK	﻿2026-06-06T12:23:02.1227842Z /usr/bin/tar: ../../../../../usr/local/lib/android/sdk/platforms/android-37.0/data/res/values-mcc310-mnc800-sl: Cannot change mode to rwxr-xr-x: Operation not permitted
build	Cache Android SDK	2026-06-06T12:23:02.1228775Z /usr/bin/tar: ../../../../../usr/local/lib/android/sdk/platforms/android-37.0/data/res/layout-round-watch: Cannot utime: Operation not permitted
build	Cache Android SDK	2026-06-06T12:23:02.1230049Z /usr/bin/tar: ../../../../../usr/local/lib/android/sdk/platforms/android-37.0/data/res/layout-round-watch: Cannot change mode to rwxr-xr-x: Operation not permitted
build	Cache Android SDK	2026-06-06T12:23:02.1231194Z /usr/bin/tar: ../../../../../usr/local/lib/android/sdk/platforms/android-37.0/data/res/values-w640dp: Cannot utime: Operation not permitted
build	Cache Android SDK	2026-06-06T12:23:02.1232069Z /usr/bin/tar: ../../../../../usr/local/lib/android/sdk/platforms/android-37.0/data/res/values-w640dp: Cannot change mode to rwxr-xr-x: Operation not permitted
build	Cache Android SDK	2026-06-06T12:23:02.1233489Z /usr/bin/tar: ../../../../../usr/local/lib/android/sdk/platforms/android-37.0/data/res/values-af-rZA: Cannot utime: Operation not permitted
build	Cache Android SDK	2026-06-06T12:23:02.1234395Z /usr/bin/tar: ../../../../../usr/local/lib/android/sdk/platforms/android-37.0/data/res/values-af-rZA: Cannot change mode to rwxr-xr-x: Operation not permitted
build	Cache Android SDK	2026-06-06T12:23:02.1236542Z /usr/bin/tar: ../../../../../usr/local/lib/android/sdk/platforms/android-37.0/data/res/values-mcc310-mnc410-hr: Cannot utime: Operation not permitted
build	Cache Android SDK	2026-06-06T12:23:02.1237625Z /usr/bin/tar: ../../../../../usr/local/lib/android/sdk/platforms/android-37.0/data/res/values-mcc310-mnc410-hr: Cannot change mode to rwxr-xr-x: Operation not permitted
build	Cache Android SDK	2026-06-06T12:23:02.1239465Z /usr/bin/tar: ../../../../../usr/local/lib/android/sdk/platforms/android-37.0/data/res/values-mcc312-mnc670-ka: Cannot utime: Operation not permitted
build	Cache Android SDK	2026-06-06T12:23:02.1240514Z /usr/bin/tar: ../../../../../usr/local/lib/android/sdk/platforms/android-37.0/data/res/values-mcc312-mnc670-ka: Cannot change mode to rwxr-xr-x: Operation not permitted
build	Cache Android SDK	2026-06-06T12:23:02.1242690Z /usr/bin/tar: ../../../../../usr/local/lib/android/sdk/platforms/android-37.0/data/res/values-mcc310-mnc950-am: Cannot utime: Operation not permitted
build	Cache Android SDK	2026-06-06T12:23:02.1243623Z /usr/bin/tar: ../../../../../usr/local/lib/android/sdk/platforms/android-37.0/data/res/values-mcc310-mnc950-am: Cannot change mode to rwxr-xr-x: Operation not permitted
build	Cache Android SDK	2026-06-06T12:23:02.1246040Z /usr/bin/tar: ../../../../../usr/local/lib/android/sdk/platforms/android-37.0/data/res/values-mcc313-mnc100-kn: Cannot utime: Operation not permitted
build	Cache Android SDK	2026-06-06T12:23:02.1246968Z /usr/bin/tar: ../../../../../usr/local/lib/android/sdk/platforms/android-37.0/data/res/values-mcc313-mnc100-kn: Cannot change mode to rwxr-xr-x: Operation not permitted
build	Cache Android SDK	2026-06-06T12:23:02.1249727Z /usr/bin/tar: ../../../../../usr/local/lib/android/sdk/platforms/android-37.0/data/res/values-mcc311-mnc180-pa: Cannot utime: Operation not permitted
build	Cache Android SDK	2026-06-06T12:23:02.1250650Z /usr/bin/tar: ../../../../../usr/local/lib/android/sdk/platforms/android-37.0/data/res/values-mcc311-mnc180-pa: Cannot change mode to rwxr-xr-x: Operation not permitted
build	Cache Android SDK	2026-06-06T12:23:02.1252940Z /usr/bin/tar: ../../../../../usr/local/lib/android/sdk/platforms/android-37.0/data/res/values-mcc334-mnc020-ko: Cannot utime: Operation not permitted
build	Cache Android SDK	2026-06-06T12:23:02.1253871Z /usr/bin/tar: ../../../../../usr/local/lib/android/sdk/platforms/android-37.0/data/res/values-mcc334-mnc020-ko: Cannot change mode to rwxr-xr-x: Operation not permitted
build	Cache Android SDK	2026-06-06T12:23:02.1256461Z /usr/bin/tar: ../../../../../usr/local/lib/android/sdk/platforms/android-37.0/data/res/values-sk-rSK: Cannot utime: Operation not permitted
build	Cache Android SDK	2026-06-06T12:23:02.1257340Z /usr/bin/tar: ../../../../../usr/local/lib/android/sdk/platforms/android-37.0/data/res/values-sk-rSK: Cannot change mode to rwxr-xr-x: Operation not permitted
build	Cache Android SDK	2026-06-06T12:23:02.1259699Z /usr/bin/tar: ../../../../../usr/local/lib/android/sdk/platforms/android-37.0/data/res/values-mcc302-mnc370-sk: Cannot utime: Operation not permitted
build	Cache Android SDK	2026-06-06T12:23:02.1260622Z /usr/bin/tar: ../../../../../usr/local/lib/android/sdk/platforms/android-37.0/data/res/values-mcc302-mnc370-sk: Cannot change mode to rwxr-xr-x: Operation not permitted
build	Cache Android SDK	2026-06-06T12:23:02.1262856Z /usr/bin/tar: ../../../../../usr/local/lib/android/sdk/platforms/android-37.0/data/res/values-mcc001-mnc01-iw: Cannot utime: Operation not permitted
build	Cache Android SDK	2026-06-06T12:23:02.1263790Z /usr/bin/tar: ../../../../../usr/local/lib/android/sdk/platforms/android-37.0/data/res/values-mcc001-mnc01-iw: Cannot change mode to rwxr-xr-x: Operation not permitted
build	Cache Android SDK	2026-06-06T12:23:02.1266011Z /usr/bin/tar: ../../../../../usr/local/lib/android/sdk/platforms/android-37.0/data/res/values-mcc310-mnc310-te: Cannot utime: Operation not permitted
build	Cache Android SDK	2026-06-06T12:23:02.1266952Z /usr/bin/tar: ../../../../../usr/local/lib/android/sdk/platforms/android-37.0/data/res/values-mcc310-mnc310-te: Cannot change mode to rwxr-xr-x: Operation not permitted
build	Cache Android SDK	2026-06-06T12:23:02.1269319Z /usr/bin/tar: ../../../../../usr/local/lib/android/sdk/platforms/android-37.0/data/res/values-mcc310-mnc200-fi: Cannot utime: Operation not permitted
build	Cache Android SDK	2026-06-06T12:23:02.1270246Z /usr/bin/tar: ../../../../../usr/local/lib/android/sdk/platforms/android-37.0/data/res/values-mcc310-mnc200-fi: Cannot change mode to rwxr-xr-x: Operation not permitted
build	Cache Android SDK	2026-06-06T12:23:02.1272871Z /usr/bin/tar: ../../../../../usr/local/lib/android/sdk/platforms/android-37.0/data/res/values-mcc310-mnc270-fr: Cannot utime: Operation not permitted
build	Cache Android SDK	2026-06-06T12:23:02.1273810Z /usr/bin/tar: ../../../../../usr/local/lib/android/sdk/platforms/android-37.0/data/res/values-mcc310-mnc270-fr: Cannot change mode to rwxr-xr-x: Operation not permitted
build	Cache Android SDK	2026-06-06T12:23:02.1279638Z /usr/bin/tar: ../../../../../usr/local/lib/android/sdk/platforms/android-37.0/data/res/values-sv: Cannot utime: Operation not permitted
build	Cache Android SDK	2026-06-06T12:23:02.1280709Z /usr/bin/tar: ../../../../../usr/local/lib/android/sdk/platforms/android-37.0/data/res/values-sv: Cannot change mode to rwxr-xr-x: Operation not permitted
build	Cache Android SDK	2026-06-06T12:23:02.1283448Z /usr/bin/tar: ../../../../../usr/local/lib/android/sdk/platforms/android-37.0/data/res/values-mcc310-mnc160-pa: Cannot utime: Operation not permitted
build	Cache Android SDK	2026-06-06T12:23:02.1284402Z /usr/bin/tar: ../../../../../usr/local/lib/android/sdk/platforms/android-37.0/data/res/values-mcc310-mnc160-pa: Cannot change mode to rwxr-xr-x: Operation not permitted
build	Cache Android SDK	2026-06-06T12:23:02.1286831Z /usr/bin/tar: ../../../../../usr/local/lib/android/sdk/platforms/android-37.0/data/res/values-mcc310-mnc270-ca: Cannot utime: Operation not permitted
build	Cache Android SDK	2026-06-06T12:23:02.1288070Z /usr/bin/tar: ../../../../../usr/local/lib/android/sdk/platforms/android-37.0/data/res/values-mcc310-mnc270-ca: Cannot change mode to rwxr-xr-x: Operation not permitted
build	Cache Android SDK	2026-06-06T12:23:02.1290129Z /usr/bin/tar: ../../../../../usr/local/lib/android/sdk/platforms/android-37.0/data/res/values-en-rCA-television: Cannot utime: Operation not permitted
build	Cache Android SDK	2026-06-06T12:23:02.1291340Z /usr/bin/tar: ../../../../../usr/local/lib/android/sdk/platforms/android-37.0/data/res/values-en-rCA-television: Cannot change mode to rwxr-xr-x: Operation not permitted
build	Cache Android SDK	2026-06-06T12:23:02.1293793Z /usr/bin/tar: ../../../../../usr/local/lib/android/sdk/platforms/android-37.0/data/res/values-mcc310-mnc150-zh-rCN: Cannot utime: Operation not permitted
build	Cache Android SDK	2026-06-06T12:23:02.1294805Z /usr/bin/tar: ../../../../../usr/local/lib/android/sdk/platforms/android-37.0/data/res/values-mcc310-mnc150-zh-rCN: Cannot change mode to rwxr-xr-x: Operation not permitted
build	Cache Android SDK	2026-06-06T12:23:02.1297733Z /usr/bin/tar: ../../../../../usr/local/lib/android/sdk/platforms/android-37.0/data/res/values-mcc310-mnc660-uz: Cannot utime: Operation not permitted
build	Cache Android SDK	2026-06-06T12:23:02.1299086Z /usr/bin/tar: ../../../../../usr/local/lib/android/sdk/platforms/android-37.0/data/res/values-mcc310-mnc660-uz: Cannot change mode to rwxr-xr-x: Operation not permitted
build	Cache Android SDK	2026-06-06T12:23:02.1300494Z /usr/bin/tar: ../../../../../usr/local/lib/android/sdk/platforms/android-37.0/data/res/values-mcc310-mnc560-bs: Cannot utime: Operation not permitted
build	Cache Android SDK	2026-06-06T12:23:02.1301512Z /usr/bin/tar: ../../../../../usr/local/lib/android/sdk/platforms/android-37.0/data/res/values-mcc310-mnc560-bs: Cannot change mode to rwxr-xr-x: Operation not permitted
build	Cache Android SDK	2026-06-06T12:23:02.1303765Z /usr/bin/tar: ../../../../../usr/local/lib/android/sdk/platforms/android-37.0/data/res/values-mcc302-mnc720-hy: Cannot utime: Operation not permitted
build	Cache Android SDK	2026-06-06T12:23:02.1304705Z /usr/bin/tar: ../../../../../usr/local/lib/android/sdk/platforms/android-37.0/data/res/values-mcc302-mnc720-hy: Cannot change mode to rwxr-xr-x: Operation not permitted
build	Cache Android SDK	2026-06-06T12:23:02.1307208Z /usr/bin/tar: ../../../../../usr/local/lib/android/sdk/platforms/android-37.0/data/res/values-mcc310-mnc210-mk: Cannot utime: Operation not permitted
build	Cache Android SDK	2026-06-06T12:23:02.1308380Z /usr/bin/tar: ../../../../../usr/local/lib/android/sdk/platforms/android-37.0/data/res/values-mcc310-mnc210-mk: Cannot change mode to rwxr-xr-x: Operation not permitted
build	Cache Android SDK	2026-06-06T12:23:02.1310725Z /usr/bin/tar: ../../../../../usr/local/lib/android/sdk/platforms/android-37.0/data/res/values-w216dp: Cannot utime: Operation not permitted
build	Cache Android SDK	2026-06-06T12:23:02.1311612Z /usr/bin/tar: ../../../../../usr/local/lib/android/sdk/platforms/android-37.0/data/res/values-w216dp: Cannot change mode to rwxr-xr-x: Operation not permitted
build	Cache Android SDK	2026-06-06T12:23:02.1314080Z /usr/bin/tar: ../../../../../usr/local/lib/android/sdk/platforms/android-37.0/data/res/values-mcc334-mnc020-ro: Cannot utime: Operation not permitted
build	Cache Android SDK	2026-06-06T12:23:02.1315031Z /usr/bin/tar: ../../../../../usr/local/lib/android/sdk/platforms/android-37.0/data/res/values-mcc334-mnc020-ro: Cannot change mode to rwxr-xr-x: Operation not permitted
build	Cache Android SDK	2026-06-06T12:23:02.1317717Z /usr/bin/tar: ../../../../../usr/local/lib/android/sdk/platforms/android-37.0/data/res/values-mcc310-mnc280-lo: Cannot utime: Operation not permitted
build	Cache Android SDK	2026-06-06T12:23:02.1318653Z /usr/bin/tar: ../../../../../usr/local/lib/android/sdk/platforms/android-37.0/data/res/values-mcc310-mnc280-lo: Cannot change mode to rwxr-xr-x: Operation not permitted
build	Cache Android SDK	2026-06-06T12:23:02.1321144Z /usr/bin/tar: ../../../../../usr/local/lib/android/sdk/platforms/android-37.0/data/res/values-mcc311-mnc180-ka: Cannot utime: Operation not permitted
build	Cache Android SDK	2026-06-06T12:23:02.1322091Z /usr/bin/tar: ../../../../../usr/local/lib/android/sdk/platforms/android-37.0/data/res/values-mcc311-mnc180-ka: Cannot change mode to rwxr-xr-x: Operation not permitted
build	Cache Android SDK	2026-06-06T12:23:02.1324962Z /usr/bin/tar: ../../../../../usr/local/lib/android/sdk/platforms/android-37.0/data/res/values-mcc310-mnc280-nl: Cannot utime: Operation not permitted
build	Cache Android SDK	2026-06-06T12:23:02.1326013Z /usr/bin/tar: ../../../../../usr/local/lib/android/sdk/platforms/android-37.0/data/res/values-mcc310-mnc280-nl: Cannot change mode to rwxr-xr-x: Operation not permitted
build	Cache Android SDK	2026-06-06T12:23:02.1328397Z /usr/bin/tar: ../../../../../usr/local/lib/android/sdk/platforms/android-37.0/data/res/values-mcc310-mnc160: Cannot utime: Operation not permitted
build	Cache Android SDK	2026-06-06T12:23:02.1329326Z /usr/bin/tar: ../../../../../usr/local/lib/android/sdk/platforms/android-37.0/data/res/values-mcc310-mnc160: Cannot change mode to rwxr-xr-x: Operation not permitted
build	Cache Android SDK	2026-06-06T12:23:02.1331970Z /usr/bin/tar: ../../../../../usr/local/lib/android/sdk/platforms/android-37.0/data/res/values-mcc310-mnc170-as: Cannot utime: Operation not permitted
build	Cache Android SDK	2026-06-06T12:23:02.1332912Z /usr/bin/tar: ../../../../../usr/local/lib/android/sdk/platforms/android-37.0/data/res/values-mcc310-mnc170-as: Cannot change mode to rwxr-xr-x: Operation not permitted
build	Cache Android SDK	2026-06-06T12:23:02.1334728Z /usr/bin/tar: ../../../../../usr/local/lib/android/sdk/platforms/android-37.0/data/res/values-mcc310-mnc230-uk: Cannot utime: Operation not permitted
build	Cache Android SDK	2026-06-06T12:23:02.1335663Z /usr/bin/tar: ../../../../../usr/local/lib/android/sdk/platforms/android-37.0/data/res/values-mcc310-mnc230-uk: Cannot change mode to rwxr-xr-x: Operation not permitted
build	Cache Android SDK	2026-06-06T12:23:02.1338258Z /usr/bin/tar: ../../../../../usr/local/lib/android/sdk/platforms/android-37.0/data/res/values-mcc302-mnc370-ky: Cannot utime: Operation not permitted
build	Cache Android SDK	2026-06-06T12:23:02.1339276Z /usr/bin/tar: ../../../../../usr/local/lib/android/sdk/platforms/android-37.0/data/res/values-mcc302-mnc370-ky: Cannot change mode to rwxr-xr-x: Operation not permitted
build	Cache Android SDK	2026-06-06T12:23:02.1342900Z /usr/bin/tar: ../../../../../usr/local/lib/android/sdk/platforms/android-37.0/data/res/values-mcc310-mnc950-ky: Cannot utime: Operation not permitted
build	Cache Android SDK	2026-06-06T12:23:02.1344354Z /usr/bin/tar: ../../../../../usr/local/lib/android/sdk/platforms/android-37.0/data/res/values-mcc310-mnc950-ky: Cannot change mode to rwxr-xr-x: Operation not permitted
build	Cache Android SDK	2026-06-06T12:23:02.1345695Z /usr/bin/tar: ../../../../../usr/local/lib/android/sdk/platforms/android-37.0/data/res/values-vi-watch: Cannot utime: Operation not permitted
build	Cache Android SDK	2026-06-06T12:23:02.1346601Z /usr/bin/tar: ../../../../../usr/local/lib/android/sdk/platforms/android-37.0/data/res/values-vi-watch: Cannot change mode to rwxr-xr-x: Operation not permitted
build	Cache Android SDK	2026-06-06T12:23:02.1350018Z /usr/bin/tar: ../../../../../usr/local/lib/android/sdk/platforms/android-37.0/data/res/values-mcc310-mnc410-ka: Cannot utime: Operation not permitted
build	Cache Android SDK	2026-06-06T12:23:02.1351089Z /usr/bin/tar: ../../../../../usr/local/lib/android/sdk/platforms/android-37.0/data/res/values-mcc310-mnc410-ka: Cannot change mode to rwxr-xr-x: Operation not permitted
build	Cache Android SDK	2026-06-06T12:23:02.1353326Z /usr/bin/tar: ../../../../../usr/local/lib/android/sdk/platforms/android-37.0/data/res/values-mcc310-mnc220-in: Cannot utime: Operation not permitted
build	Cache Android SDK	2026-06-06T12:23:02.1354262Z /usr/bin/tar: ../../../../../usr/local/lib/android/sdk/platforms/android-37.0/data/res/values-mcc310-mnc220-in: Cannot change mode to rwxr-xr-x: Operation not permitted
build	Cache Android SDK	2026-06-06T12:23:02.1359305Z /usr/bin/tar: ../../../../../usr/local/lib/android/sdk/platforms/android-37.0/data/res/values-lo-watch: Cannot utime: Operation not permitted
build	Cache Android SDK	2026-06-06T12:23:02.1360622Z /usr/bin/tar: ../../../../../usr/local/lib/android/sdk/platforms/android-37.0/data/res/values-lo-watch: Cannot change mode to rwxr-xr-x: Operation not permitted
build	Cache Android SDK	2026-06-06T12:23:02.1362059Z /usr/bin/tar: ../../../../../usr/local/lib/android/sdk/platforms/android-37.0/data/res/values-mcc310-mnc240-sw: Cannot utime: Operation not permitted
build	Cache Android SDK	2026-06-06T12:23:02.1363010Z /usr/bin/tar: ../../../../../usr/local/lib/android/sdk/platforms/android-37.0/data/res/values-mcc310-mnc240-sw: Cannot change mode to rwxr-xr-x: Operation not permitted
build	Cache Android SDK	2026-06-06T12:23:02.1365774Z /usr/bin/tar: ../../../../../usr/local/lib/android/sdk/platforms/android-37.0/data/res/values-mcc310-mnc200-vi: Cannot utime: Operation not permitted
build	Cache Android SDK	2026-06-06T12:23:02.1366862Z /usr/bin/tar: ../../../../../usr/local/lib/android/sdk/platforms/android-37.0/data/res/values-mcc310-mnc200-vi: Cannot change mode to rwxr-xr-x: Operation not permitted
build	Cache Android SDK	2026-06-06T12:23:02.1369041Z /usr/bin/tar: ../../../../../usr/local/lib/android/sdk/platforms/android-37.0/data/res/values-mcc310-mnc030-is: Cannot utime: Operation not permitted
build	Cache Android SDK	2026-06-06T12:23:02.1370163Z /usr/bin/tar: ../../../../../usr/local/lib/android/sdk/platforms/android-37.0/data/res/values-mcc310-mnc030-is: Cannot change mode to rwxr-xr-x: Operation not permitted
build	Cache Android SDK	2026-06-06T12:23:02.1372780Z /usr/bin/tar: ../../../../../usr/local/lib/android/sdk/platforms/android-37.0/data/res/values-mcc302-mnc720-it: Cannot utime: Operation not permitted
build	Cache Android SDK	2026-06-06T12:23:02.1373706Z /usr/bin/tar: ../../../../../usr/local/lib/android/sdk/platforms/android-37.0/data/res/values-mcc302-mnc720-it: Cannot change mode to rwxr-xr-x: Operation not permitted
build	Cache Android SDK	2026-06-06T12:23:02.1375948Z /usr/bin/tar: ../../../../../usr/local/lib/android/sdk/platforms/android-37.0/data/res/values-mcc310-mnc160-zh-rHK: Cannot utime: Operation not permitted
build	Cache Android SDK	2026-06-06T12:23:02.1377176Z /usr/bin/tar: ../../../../../usr/local/lib/android/sdk/platforms/android-37.0/data/res/values-mcc310-mnc160-zh-rHK: Cannot change mode to rwxr-xr-x: Operation not permitted
build	Cache Android SDK	2026-06-06T12:23:02.1382373Z /usr/bin/tar: ../../../../../usr/local/lib/android/sdk/platforms/android-37.0/data/res/values-mcc310-mnc410-vi: Cannot utime: Operation not permitted
build	Cache Android SDK	2026-06-06T12:23:02.1383727Z /usr/bin/tar: ../../../../../usr/local/lib/android/sdk/platforms/android-37.0/data/res/values-mcc310-mnc410-vi: Cannot change mode to rwxr-xr-x: Operation not permitted
build	Cache Android SDK	2026-06-06T12:23:02.1385678Z /usr/bin/tar: ../../../../../usr/local/lib/android/sdk/platforms/android-37.0/data/res/values-mcc311-mnc180-fa: Cannot utime: Operation not permitted
build	Cache Android SDK	2026-06-06T12:23:02.1386627Z /usr/bin/tar: ../../../../../usr/local/lib/android/sdk/platforms/android-37.0/data/res/values-mcc311-mnc180-fa: Cannot change mode to rwxr-xr-x: Operation not permitted
build	Cache Android SDK	2026-06-06T12:23:02.1389509Z /usr/bin/tar: ../../../../../usr/local/lib/android/sdk/platforms/android-37.0/data/res/values-mcc310-mnc150-th: Cannot utime: Operation not permitted
build	Cache Android SDK	2026-06-06T12:23:02.1390454Z /usr/bin/tar: ../../../../../usr/local/lib/android/sdk/platforms/android-37.0/data/res/values-mcc310-mnc150-th: Cannot change mode to rwxr-xr-x: Operation not permitted
build	Cache Android SDK	2026-06-06T12:23:02.1393017Z /usr/bin/tar: ../../../../../usr/local/lib/android/sdk/platforms/android-37.0/data/res/values-mcc001-mnc01-az: Cannot utime: Operation not permitted
build	Cache Android SDK	2026-06-06T12:23:02.1394066Z /usr/bin/tar: ../../../../../usr/local/lib/android/sdk/platforms/android-37.0/data/res/values-mcc001-mnc01-az: Cannot change mode to rwxr-xr-x: Operation not permitted
build	Cache Android SDK	2026-06-06T12:23:02.1396404Z /usr/bin/tar: ../../../../../usr/local/lib/android/sdk/platforms/android-37.0/data/res/values-mcc310-mnc660-lt: Cannot utime: Operation not permitted
build	Cache Android SDK	2026-06-06T12:23:02.1397338Z /usr/bin/tar: ../../../../../usr/local/lib/android/sdk/platforms/android-37.0/data/res/values-mcc310-mnc660-lt: Cannot change mode to rwxr-xr-x: Operation not permitted
build	Cache Android SDK	2026-06-06T12:23:02.1399445Z /usr/bin/tar: ../../../../../usr/local/lib/android/sdk/platforms/android-37.0/data/res/values-mcc310-mnc490-zh-rTW: Cannot utime: Operation not permitted
build	Cache Android SDK	2026-06-06T12:23:02.1400420Z /usr/bin/tar: ../../../../../usr/local/lib/android/sdk/platforms/android-37.0/data/res/values-mcc310-mnc490-zh-rTW: Cannot change mode to rwxr-xr-x: Operation not permitted
build	Cache Android SDK	2026-06-06T12:23:02.1402900Z /usr/bin/tar: ../../../../../usr/local/lib/android/sdk/platforms/android-37.0/data/res/values-mcc311-mnc180-hy: Cannot utime: Operation not permitted
build	Cache Android SDK	2026-06-06T12:23:02.1403856Z /usr/bin/tar: ../../../../../usr/local/lib/android/sdk/platforms/android-37.0/data/res/values-mcc311-mnc180-hy: Cannot change mode to rwxr-xr-x: Operation not permitted
build	Cache Android SDK	2026-06-06T12:23:02.1405934Z /usr/bin/tar: ../../../../../usr/local/lib/android/sdk/platforms/android-37.0/data/res/values-mcc310-mnc490-ja: Cannot utime: Operation not permitted
build	Cache Android SDK	2026-06-06T12:23:02.1406971Z /usr/bin/tar: ../../../../../usr/local/lib/android/sdk/platforms/android-37.0/data/res/values-mcc310-mnc490-ja: Cannot change mode to rwxr-xr-x: Operation not permitted
build	Cache Android SDK	2026-06-06T12:23:02.1409028Z /usr/bin/tar: ../../../../../usr/local/lib/android/sdk/platforms/android-37.0/data/res/values-mcc310-mnc560-te: Cannot utime: Operation not permitted
build	Cache Android SDK	2026-06-06T12:23:02.1409958Z /usr/bin/tar: ../../../../../usr/local/lib/android/sdk/platforms/android-37.0/data/res/values-mcc310-mnc560-te: Cannot change mode to rwxr-xr-x: Operation not permitted
build	Cache Android SDK	2026-06-06T12:23:02.1411893Z /usr/bin/tar: ../../../../../usr/local/lib/android/sdk/platforms/android-37.0/data/res/values-mcc310-mnc310-iw: Cannot utime: Operation not permitted
build	Cache Android SDK	2026-06-06T12:23:02.1412818Z /usr/bin/tar: ../../../../../usr/local/lib/android/sdk/platforms/android-37.0/data/res/values-mcc310-mnc310-iw: Cannot change mode to rwxr-xr-x: Operation not permitted
build	Cache Android SDK	2026-06-06T12:23:02.1414906Z /usr/bin/tar: ../../../../../usr/local/lib/android/sdk/platforms/android-37.0/data/res/values-sw-television: Cannot utime: Operation not permitted
build	Cache Android SDK	2026-06-06T12:23:02.1415829Z /usr/bin/tar: ../../../../../usr/local/lib/android/sdk/platforms/android-37.0/data/res/values-sw-television: Cannot change mode to rwxr-xr-x: Operation not permitted
build	Cache Android SDK	2026-06-06T12:23:02.1418611Z /usr/bin/tar: ../../../../../usr/local/lib/android/sdk/platforms/android-37.0/data/res/values-mcc310-mnc250-kk: Cannot utime: Operation not permitted
build	Cache Android SDK	2026-06-06T12:23:02.1419821Z /usr/bin/tar: ../../../../../usr/local/lib/android/sdk/platforms/android-37.0/data/res/values-mcc310-mnc250-kk: Cannot change mode to rwxr-xr-x: Operation not permitted
build	Cache Android SDK	2026-06-06T12:23:02.1421759Z /usr/bin/tar: ../../../../../usr/local/lib/android/sdk/platforms/android-37.0/data/res/values-mcc310-mnc030-th: Cannot utime: Operation not permitted
build	Cache Android SDK	2026-06-06T12:23:02.1422707Z /usr/bin/tar: ../../../../../usr/local/lib/android/sdk/platforms/android-37.0/data/res/values-mcc310-mnc030-th: Cannot change mode to rwxr-xr-x: Operation not permitted
build	Cache Android SDK	2026-06-06T12:23:02.1424931Z /usr/bin/tar: ../../../../../usr/local/lib/android/sdk/platforms/android-37.0/data/res/values-lt-rLT: Cannot utime: Operation not permitted
build	Cache Android SDK	2026-06-06T12:23:02.1425824Z /usr/bin/tar: ../../../../../usr/local/lib/android/sdk/platforms/android-37.0/data/res/values-lt-rLT: Cannot change mode to rwxr-xr-x: Operation not permitted
build	Cache Android SDK	2026-06-06T12:23:02.1428221Z /usr/bin/tar: ../../../../../usr/local/lib/android/sdk/platforms/android-37.0/data/res/values-mcc310-mnc800-ar: Cannot utime: Operation not permitted
build	Cache Android SDK	2026-06-06T12:23:02.1429254Z /usr/bin/tar: ../../../../../usr/local/lib/android/sdk/platforms/android-37.0/data/res/values-mcc310-mnc800-ar: Cannot change mode to rwxr-xr-x: Operation not permitted
build	Cache Android SDK	2026-06-06T12:23:02.1431936Z /usr/bin/tar: ../../../../../usr/local/lib/android/sdk/platforms/android-37.0/data/res/values-mcc310-mnc410-eu: Cannot utime: Operation not permitted
build	Cache Android SDK	2026-06-06T12:23:02.1433162Z /usr/bin/tar: ../../../../../usr/local/lib/android/sdk/platforms/android-37.0/data/res/values-mcc310-mnc410-eu: Cannot change mode to rwxr-xr-x: Operation not permitted
build	Cache Android SDK	2026-06-06T12:23:02.1435157Z /usr/bin/tar: ../../../../../usr/local/lib/android/sdk/platforms/android-37.0/data/res/values-mcc310-mnc560-hr: Cannot utime: Operation not permitted
build	Cache Android SDK	2026-06-06T12:23:02.1436137Z /usr/bin/tar: ../../../../../usr/local/lib/android/sdk/platforms/android-37.0/data/res/values-mcc310-mnc560-hr: Cannot change mode to rwxr-xr-x: Operation not permitted
build	Cache Android SDK	2026-06-06T12:23:02.1445614Z /usr/bin/tar: ../../../../../usr/local/lib/android/sdk/platforms/android-37.0/data/res/anim-ldrtl: Cannot utime: Operation not permitted
build	Cache Android SDK	2026-06-06T12:23:02.1447251Z /usr/bin/tar: ../../../../../usr/local/lib/android/sdk/platforms/android-37.0/data/res/anim-ldrtl: Cannot change mode to rwxr-xr-x: Operation not permitted
build	Cache Android SDK	2026-06-06T12:23:02.1454422Z /usr/bin/tar: ../../../../../usr/local/lib/android/sdk/platforms/android-37.0/data/res/values-mk: Cannot utime: Operation not permitted
build	Cache Android SDK	2026-06-06T12:23:02.1455546Z /usr/bin/tar: ../../../../../usr/local/lib/android/sdk/platforms/android-37.0/data/res/values-mk: Cannot change mode to rwxr-xr-x: Operation not permitted
build	Cache Android SDK	2026-06-06T12:23:02.1457872Z /usr/bin/tar: ../../../../../usr/local/lib/android/sdk/platforms/android-37.0/data/res/values-mcc310-mnc030-ja: Cannot utime: Operation not permitted
build	Cache Android SDK	2026-06-06T12:23:02.1459048Z /usr/bin/tar: ../../../../../usr/local/lib/android/sdk/platforms/android-37.0/data/res/values-mcc310-mnc030-ja: Cannot change mode to rwxr-xr-x: Operation not permitted
build	Cache Android SDK	2026-06-06T12:23:02.1460622Z /usr/bin/tar: ../../../../../usr/local/lib/android/sdk/platforms/android-37.0/data/res/values-mcc310-mnc160-ro: Cannot utime: Operation not permitted
build	Cache Android SDK	2026-06-06T12:23:02.1461710Z /usr/bin/tar: ../../../../../usr/local/lib/android/sdk/platforms/android-37.0/data/res/values-mcc310-mnc160-ro: Cannot change mode to rwxr-xr-x: Operation not permitted
build	Cache Android SDK	2026-06-06T12:23:02.1463359Z /usr/bin/tar: ../../../../../usr/local/lib/android/sdk/platforms/android-37.0/data/res/values-mcc310-mnc200-sk: Cannot utime: Operation not permitted
build	Cache Android SDK	2026-06-06T12:23:02.1464305Z /usr/bin/tar: ../../../../../usr/local/lib/android/sdk/platforms/android-37.0/data/res/values-mcc310-mnc200-sk: Cannot change mode to rwxr-xr-x: Operation not permitted
build	Cache Android SDK	2026-06-06T12:23:02.1466660Z /usr/bin/tar: ../../../../../usr/local/lib/android/sdk/platforms/android-37.0/data/res/values-mcc310-mnc660-sl: Cannot utime: Operation not permitted
build	Cache Android SDK	2026-06-06T12:23:02.1468023Z /usr/bin/tar: ../../../../../usr/local/lib/android/sdk/platforms/android-37.0/data/res/values-mcc310-mnc660-sl: Cannot change mode to rwxr-xr-x: Operation not permitted
build	Cache Android SDK	2026-06-06T12:23:02.1470320Z /usr/bin/tar: ../../../../../usr/local/lib/android/sdk/platforms/android-37.0/data/res/values-mcc310-mnc200-eu: Cannot utime: Operation not permitted
build	Cache Android SDK	2026-06-06T12:23:02.1472355Z /usr/bin/tar: ../../../../../usr/local/lib/android/sdk/platforms/android-37.0/data/res/values-mcc310-mnc200-eu: Cannot change mode to rwxr-xr-x: Operation not permitted
build	Cache Android SDK	2026-06-06T12:23:02.1474340Z /usr/bin/tar: ../../../../../usr/local/lib/android/sdk/platforms/android-37.0/data/res/values-mcc334-mnc020-sq: Cannot utime: Operation not permitted
build	Cache Android SDK	2026-06-06T12:23:02.1476214Z /usr/bin/tar: ../../../../../usr/local/lib/android/sdk/platforms/android-37.0/data/res/values-mcc334-mnc020-sq: Cannot change mode to rwxr-xr-x: Operation not permitted
build	Cache Android SDK	2026-06-06T12:23:02.1477725Z /usr/bin/tar: ../../../../../usr/local/lib/android/sdk/platforms/android-37.0/data/res/values-mcc310-mnc220-fa: Cannot utime: Operation not permitted
build	Cache Android SDK	2026-06-06T12:23:02.1479290Z /usr/bin/tar: ../../../../../usr/local/lib/android/sdk/platforms/android-37.0/data/res/values-mcc310-mnc220-fa: Cannot change mode to rwxr-xr-x: Operation not permitted
build	Cache Android SDK	2026-06-06T12:23:02.1480705Z /usr/bin/tar: ../../../../../usr/local/lib/android/sdk/platforms/android-37.0/data/res/values-mcc313-mnc100-ml: Cannot utime: Operation not permitted
build	Cache Android SDK	2026-06-06T12:23:02.1482118Z /usr/bin/tar: ../../../../../usr/local/lib/android/sdk/platforms/android-37.0/data/res/values-mcc313-mnc100-ml: Cannot change mode to rwxr-xr-x: Operation not permitted
build	Cache Android SDK	2026-06-06T12:23:02.1483584Z /usr/bin/tar: ../../../../../usr/local/lib/android/sdk/platforms/android-37.0/data/res/values-mcc310-mnc280-pa: Cannot utime: Operation not permitted
build	Cache Android SDK	2026-06-06T12:23:02.1484989Z /usr/bin/tar: ../../../../../usr/local/lib/android/sdk/platforms/android-37.0/data/res/values-mcc310-mnc280-pa: Cannot change mode to rwxr-xr-x: Operation not permitted
build	Cache Android SDK	2026-06-06T12:23:02.1486363Z /usr/bin/tar: ../../../../../usr/local/lib/android/sdk/platforms/android-37.0/data/res/values-mcc310-mnc160-sw: Cannot utime: Operation not permitted
build	Cache Android SDK	2026-06-06T12:23:02.1487566Z /usr/bin/tar: ../../../../../usr/local/lib/android/sdk/platforms/android-37.0/data/res/values-mcc310-mnc160-sw: Cannot change mode to rwxr-xr-x: Operation not permitted
build	Cache Android SDK	2026-06-06T12:23:02.1489535Z /usr/bin/tar: ../../../../../usr/local/lib/android/sdk/platforms/android-37.0/data/res/values-mcc310-mnc800-nl: Cannot utime: Operation not permitted
build	Cache Android SDK	2026-06-06T12:23:02.1490563Z /usr/bin/tar: ../../../../../usr/local/lib/android/sdk/platforms/android-37.0/data/res/values-mcc310-mnc800-nl: Cannot change mode to rwxr-xr-x: Operation not permitted
build	Cache Android SDK	2026-06-06T12:23:02.1493105Z /usr/bin/tar: ../../../../../usr/local/lib/android/sdk/platforms/android-37.0/data/res/raw-pl: Cannot utime: Operation not permitted
build	Cache Android SDK	2026-06-06T12:23:02.1494093Z /usr/bin/tar: ../../../../../usr/local/lib/android/sdk/platforms/android-37.0/data/res/raw-pl: Cannot change mode to rwxr-xr-x: Operation not permitted
build	Cache Android SDK	2026-06-06T12:23:02.1496906Z /usr/bin/tar: ../../../../../usr/local/lib/android/sdk/platforms/android-37.0/data/res/values-mcc310-mnc950-sw: Cannot utime: Operation not permitted
build	Cache Android SDK	2026-06-06T12:23:02.1498157Z /usr/bin/tar: ../../../../../usr/local/lib/android/sdk/platforms/android-37.0/data/res/values-mcc310-mnc950-sw: Cannot change mode to rwxr-xr-x: Operation not permitted
build	Cache Android SDK	2026-06-06T12:23:02.1500366Z /usr/bin/tar: ../../../../../usr/local/lib/android/sdk/platforms/android-37.0/data/res/values-mcc310-mnc170-en-rAU: Cannot utime: Operation not permitted
build	Cache Android SDK	2026-06-06T12:23:02.1501640Z /usr/bin/tar: ../../../../../usr/local/lib/android/sdk/platforms/android-37.0/data/res/values-mcc310-mnc170-en-rAU: Cannot change mode to rwxr-xr-x: Operation not permitted
build	Cache Android SDK	2026-06-06T12:23:02.1512645Z /usr/bin/tar: ../../../../../usr/local/lib/android/sdk/platforms/android-37.0/data/res/drawable-land-ldpi: Cannot utime: Operation not permitted
build	Cache Android SDK	2026-06-06T12:23:02.1513903Z /usr/bin/tar: ../../../../../usr/local/lib/android/sdk/platforms/android-37.0/data/res/drawable-land-ldpi: Cannot change mode to rwxr-xr-x: Operation not permitted
build	Cache Android SDK	2026-06-06T12:23:02.1515391Z /usr/bin/tar: ../../../../../usr/local/lib/android/sdk/platforms/android-37.0/data/res/values-mcc311-mnc180-cs: Cannot utime: Operation not permitted
build	Cache Android SDK	2026-06-06T12:23:02.1516471Z /usr/bin/tar: ../../../../../usr/local/lib/android/sdk/platforms/android-37.0/data/res/values-mcc311-mnc180-cs: Cannot change mode to rwxr-xr-x: Operation not permitted
build	Cache Android SDK	2026-06-06T12:23:02.1519382Z /usr/bin/tar: ../../../../../usr/local/lib/android/sdk/platforms/android-37.0/data/res/values-mcc312-mnc670-sk: Cannot utime: Operation not permitted
build	Cache Android SDK	2026-06-06T12:23:02.1520666Z /usr/bin/tar: ../../../../../usr/local/lib/android/sdk/platforms/android-37.0/data/res/values-mcc312-mnc670-sk: Cannot change mode to rwxr-xr-x: Operation not permitted
build	Cache Android SDK	2026-06-06T12:23:02.1522144Z /usr/bin/tar: ../../../../../usr/local/lib/android/sdk/platforms/android-37.0/data/res/values-mcc302-mnc720-pl: Cannot utime: Operation not permitted
build	Cache Android SDK	2026-06-06T12:23:02.1523177Z /usr/bin/tar: ../../../../../usr/local/lib/android/sdk/platforms/android-37.0/data/res/values-mcc302-mnc720-pl: Cannot change mode to rwxr-xr-x: Operation not permitted
build	Cache Android SDK	2026-06-06T12:23:02.1525758Z /usr/bin/tar: ../../../../../usr/local/lib/android/sdk/platforms/android-37.0/data/res/values-mcc310-mnc200-zh-rCN: Cannot utime: Operation not permitted
build	Cache Android SDK	2026-06-06T12:23:02.1526748Z /usr/bin/tar: ../../../../../usr/local/lib/android/sdk/platforms/android-37.0/data/res/values-mcc310-mnc200-zh-rCN: Cannot change mode to rwxr-xr-x: Operation not permitted
build	Cache Android SDK	2026-06-06T12:23:02.1529203Z /usr/bin/tar: ../../../../../usr/local/lib/android/sdk/platforms/android-37.0/data/res/values-mcc310-mnc220-sr: Cannot utime: Operation not permitted
build	Cache Android SDK	2026-06-06T12:23:02.1530154Z /usr/bin/tar: ../../../../../usr/local/lib/android/sdk/platforms/android-37.0/data/res/values-mcc310-mnc220-sr: Cannot change mode to rwxr-xr-x: Operation not permitted
build	Cache Android SDK	2026-06-06T12:23:02.1532720Z /usr/bin/tar: ../../../../../usr/local/lib/android/sdk/platforms/android-37.0/data/res/values-mcc310-mnc160-tr: Cannot utime: Operation not permitted
build	Cache Android SDK	2026-06-06T12:23:02.1546522Z /usr/bin/tar: ../../../../../usr/local/lib/android/sdk/platforms/android-37.0/data/res/values-mcc310-mnc160-tr: Cannot change mode to rwxr-xr-x: Operation not permitted
build	Cache Android SDK	2026-06-06T12:23:02.1547902Z /usr/bin/tar: ../../../../../usr/local/lib/android/sdk/platforms/android-37.0/data/res/values-pt-rPT-watch: Cannot utime: Operation not permitted
build	Cache Android SDK	2026-06-06T12:23:02.1549315Z /usr/bin/tar: ../../../../../usr/local/lib/android/sdk/platforms/android-37.0/data/res/values-pt-rPT-watch: Cannot change mode to rwxr-xr-x: Operation not permitted
build	Cache Android SDK	2026-06-06T12:23:02.1550274Z /usr/bin/tar: ../../../../../usr/local/lib/android/sdk/platforms/android-37.0/data/res/values-mcc310-mnc410-zh-rTW: Cannot utime: Operation not permitted
build	Cache Android SDK	2026-06-06T12:23:02.1551574Z /usr/bin/tar: ../../../../../usr/local/lib/android/sdk/platforms/android-37.0/data/res/values-mcc310-mnc410-zh-rTW: Cannot change mode to rwxr-xr-x: Operation not permitted
build	Cache Android SDK	2026-06-06T12:23:02.1552591Z /usr/bin/tar: ../../../../../usr/local/lib/android/sdk/platforms/android-37.0/data/res/values-mcc334-mnc020-sr: Cannot utime: Operation not permitted
build	Cache Android SDK	2026-06-06T12:23:02.1553521Z /usr/bin/tar: ../../../../../usr/local/lib/android/sdk/platforms/android-37.0/data/res/values-mcc334-mnc020-sr: Cannot change mode to rwxr-xr-x: Operation not permitted
build	Cache Android SDK	2026-06-06T12:23:02.1554801Z /usr/bin/tar: ../../../../../usr/local/lib/android/sdk/platforms/android-37.0/data/res/values-mcc310-mnc240-fi: Cannot utime: Operation not permitted
build	Cache Android SDK	2026-06-06T12:23:02.1555721Z /usr/bin/tar: ../../../../../usr/local/lib/android/sdk/platforms/android-37.0/data/res/values-mcc310-mnc240-fi: Cannot change mode to rwxr-xr-x: Operation not permitted
build	Cache Android SDK	2026-06-06T12:23:02.1556710Z /usr/bin/tar: ../../../../../usr/local/lib/android/sdk/platforms/android-37.0/data/res/values-mcc310-mnc560-sr: Cannot utime: Operation not permitted
build	Cache Android SDK	2026-06-06T12:23:02.1558243Z /usr/bin/tar: ../../../../../usr/local/lib/android/sdk/platforms/android-37.0/data/res/values-mcc310-mnc560-sr: Cannot change mode to rwxr-xr-x: Operation not permitted
build	Cache Android SDK	2026-06-06T12:23:02.1559141Z /usr/bin/tar: ../../../../../usr/local/lib/android/sdk/platforms/android-37.0/data/res/values-da-rDK: Cannot utime: Operation not permitted
build	Cache Android SDK	2026-06-06T12:23:02.1560046Z /usr/bin/tar: ../../../../../usr/local/lib/android/sdk/platforms/android-37.0/data/res/values-da-rDK: Cannot change mode to rwxr-xr-x: Operation not permitted
build	Cache Android SDK	2026-06-06T12:23:02.1561265Z /usr/bin/tar: ../../../../../usr/local/lib/android/sdk/platforms/android-37.0/data/res/values-mcc310-mnc410-gu: Cannot utime: Operation not permitted
build	Cache Android SDK	2026-06-06T12:23:02.1562174Z /usr/bin/tar: ../../../../../usr/local/lib/android/sdk/platforms/android-37.0/data/res/values-mcc310-mnc410-gu: Cannot change mode to rwxr-xr-x: Operation not permitted
build	Cache Android SDK	2026-06-06T12:23:02.1563173Z /usr/bin/tar: ../../../../../usr/local/lib/android/sdk/platforms/android-37.0/data/res/values-mcc334-mnc020-ka: Cannot utime: Operation not permitted
build	Cache Android SDK	2026-06-06T12:23:02.1564537Z /usr/bin/tar: ../../../../../usr/local/lib/android/sdk/platforms/android-37.0/data/res/values-mcc334-mnc020-ka: Cannot change mode to rwxr-xr-x: Operation not permitted
build	Cache Android SDK	2026-06-06T12:23:02.1565463Z /usr/bin/tar: ../../../../../usr/local/lib/android/sdk/platforms/android-37.0/data/res/values-mcc310-mnc560-nb: Cannot utime: Operation not permitted
build	Cache Android SDK	2026-06-06T12:23:02.1566371Z /usr/bin/tar: ../../../../../usr/local/lib/android/sdk/platforms/android-37.0/data/res/values-mcc310-mnc560-nb: Cannot change mode to rwxr-xr-x: Operation not permitted
build	Cache Android SDK	2026-06-06T12:23:02.1567873Z /usr/bin/tar: ../../../../../usr/local/lib/android/sdk/platforms/android-37.0/data/res/values-mcc310-mnc240-en-rGB: Cannot utime: Operation not permitted
build	Cache Android SDK	2026-06-06T12:23:02.1568819Z /usr/bin/tar: ../../../../../usr/local/lib/android/sdk/platforms/android-37.0/data/res/values-mcc310-mnc240-en-rGB: Cannot change mode to rwxr-xr-x: Operation not permitted
build	Cache Android SDK	2026-06-06T12:23:02.1570344Z /usr/bin/tar: ../../../../../usr/local/lib/android/sdk/platforms/android-37.0/data/res/values-mcc310-mnc380-zh-rTW: Cannot utime: Operation not permitted
build	Cache Android SDK	2026-06-06T12:23:02.1571377Z /usr/bin/tar: ../../../../../usr/local/lib/android/sdk/platforms/android-37.0/data/res/values-mcc310-mnc380-zh-rTW: Cannot change mode to rwxr-xr-x: Operation not permitted
build	Cache Android SDK	2026-06-06T12:23:02.1573077Z /usr/bin/tar: ../../../../../usr/local/lib/android/sdk/platforms/android-37.0/data/res/values-mcc310-mnc210-sr: Cannot utime: Operation not permitted
build	Cache Android SDK	2026-06-06T12:23:02.1574070Z /usr/bin/tar: ../../../../../usr/local/lib/android/sdk/platforms/android-37.0/data/res/values-mcc310-mnc210-sr: Cannot change mode to rwxr-xr-x: Operation not permitted
build	Cache Android SDK	2026-06-06T12:23:02.1576053Z /usr/bin/tar: ../../../../../usr/local/lib/android/sdk/platforms/android-37.0/data/res/values-mcc310-mnc380-as: Cannot utime: Operation not permitted
build	Cache Android SDK	2026-06-06T12:23:02.1576972Z /usr/bin/tar: ../../../../../usr/local/lib/android/sdk/platforms/android-37.0/data/res/values-mcc310-mnc380-as: Cannot change mode to rwxr-xr-x: Operation not permitted
build	Cache Android SDK	2026-06-06T12:23:02.1578997Z /usr/bin/tar: ../../../../../usr/local/lib/android/sdk/platforms/android-37.0/data/res/values-mcc312-mnc670-nb: Cannot utime: Operation not permitted
build	Cache Android SDK	2026-06-06T12:23:02.1579909Z /usr/bin/tar: ../../../../../usr/local/lib/android/sdk/platforms/android-37.0/data/res/values-mcc312-mnc670-nb: Cannot change mode to rwxr-xr-x: Operation not permitted
build	Cache Android SDK	2026-06-06T12:23:02.1581909Z /usr/bin/tar: ../../../../../usr/local/lib/android/sdk/platforms/android-37.0/data/res/values-mcc302-mnc370-bg: Cannot utime: Operation not permitted
build	Cache Android SDK	2026-06-06T12:23:02.1582830Z /usr/bin/tar: ../../../../../usr/local/lib/android/sdk/platforms/android-37.0/data/res/values-mcc302-mnc370-bg: Cannot change mode to rwxr-xr-x: Operation not permitted
build	Cache Android SDK	2026-06-06T12:23:02.1585029Z /usr/bin/tar: ../../../../../usr/local/lib/android/sdk/platforms/android-37.0/data/res/values-mcc310-mnc200-it: Cannot utime: Operation not permitted
build	Cache Android SDK	2026-06-06T12:23:02.1585949Z /usr/bin/tar: ../../../../../usr/local/lib/android/sdk/platforms/android-37.0/data/res/values-mcc310-mnc200-it: Cannot change mode to rwxr-xr-x: Operation not permitted
build	Cache Android SDK	2026-06-06T12:23:02.1588189Z /usr/bin/tar: ../../../../../usr/local/lib/android/sdk/platforms/android-37.0/data/res/values-w211dp: Cannot utime: Operation not permitted
build	Cache Android SDK	2026-06-06T12:23:02.1591294Z /usr/bin/tar: ../../../../../usr/local/lib/android/sdk/platforms/android-37.0/data/res/values-w211dp: Cannot change mode to rwxr-xr-x: Operation not permitted
build	Cache Android SDK	2026-06-06T12:23:02.1592184Z /usr/bin/tar: ../../../../../usr/local/lib/android/sdk/platforms/android-37.0/data/res/values-sk-watch: Cannot utime: Operation not permitted
build	Cache Android SDK	2026-06-06T12:23:02.1593061Z /usr/bin/tar: ../../../../../usr/local/lib/android/sdk/platforms/android-37.0/data/res/values-sk-watch: Cannot change mode to rwxr-xr-x: Operation not permitted
build	Cache Android SDK	2026-06-06T12:23:02.1594205Z /usr/bin/tar: ../../../../../usr/local/lib/android/sdk/platforms/android-37.0/data/res/values-mcc310-mnc030-te: Cannot utime: Operation not permitted
build	Cache Android SDK	2026-06-06T12:23:02.1595190Z /usr/bin/tar: ../../../../../usr/local/lib/android/sdk/platforms/android-37.0/data/res/values-mcc310-mnc030-te: Cannot change mode to rwxr-xr-x: Operation not permitted
build	Cache Android SDK	2026-06-06T12:23:02.1598245Z /usr/bin/tar: ../../../../../usr/local/lib/android/sdk/platforms/android-37.0/data/res/values-mcc310-mnc250-es: Cannot utime: Operation not permitted
build	Cache Android SDK	2026-06-06T12:23:02.1599376Z /usr/bin/tar: ../../../../../usr/local/lib/android/sdk/platforms/android-37.0/data/res/values-mcc310-mnc250-es: Cannot change mode to rwxr-xr-x: Operation not permitted
build	Cache Android SDK	2026-06-06T12:23:02.1601279Z /usr/bin/tar: ../../../../../usr/local/lib/android/sdk/platforms/android-37.0/data/res/values-th-television: Cannot utime: Operation not permitted
build	Cache Android SDK	2026-06-06T12:23:02.1602231Z /usr/bin/tar: ../../../../../usr/local/lib/android/sdk/platforms/android-37.0/data/res/values-th-television: Cannot change mode to rwxr-xr-x: Operation not permitted
build	Cache Android SDK	2026-06-06T12:23:02.1604261Z /usr/bin/tar: ../../../../../usr/local/lib/android/sdk/platforms/android-37.0/data/res/values-mcc310-mnc160-es: Cannot utime: Operation not permitted
build	Cache Android SDK	2026-06-06T12:23:02.1605196Z /usr/bin/tar: ../../../../../usr/local/lib/android/sdk/platforms/android-37.0/data/res/values-mcc310-mnc160-es: Cannot change mode to rwxr-xr-x: Operation not permitted
build	Cache Android SDK	2026-06-06T12:23:02.1607847Z /usr/bin/tar: ../../../../../usr/local/lib/android/sdk/platforms/android-37.0/data/res/values-ko-rKR: Cannot utime: Operation not permitted
build	Cache Android SDK	2026-06-06T12:23:02.1608724Z /usr/bin/tar: ../../../../../usr/local/lib/android/sdk/platforms/android-37.0/data/res/values-ko-rKR: Cannot change mode to rwxr-xr-x: Operation not permitted
build	Cache Android SDK	2026-06-06T12:23:02.1610438Z /usr/bin/tar: ../../../../../usr/local/lib/android/sdk/platforms/android-37.0/data/res/values-mcc310-mnc310-sl: Cannot utime: Operation not permitted
build	Cache Android SDK	2026-06-06T12:23:02.1611357Z /usr/bin/tar: ../../../../../usr/local/lib/android/sdk/platforms/android-37.0/data/res/values-mcc310-mnc310-sl: Cannot change mode to rwxr-xr-x: Operation not permitted
build	Cache Android SDK	2026-06-06T12:23:02.1613398Z /usr/bin/tar: ../../../../../usr/local/lib/android/sdk/platforms/android-37.0/data/res/values-mcc001-mnc01-zh-rCN: Cannot utime: Operation not permitted
build	Cache Android SDK	2026-06-06T12:23:02.1614356Z /usr/bin/tar: ../../../../../usr/local/lib/android/sdk/platforms/android-37.0/data/res/values-mcc001-mnc01-zh-rCN: Cannot change mode to rwxr-xr-x: Operation not permitted
build	Cache Android SDK	2026-06-06T12:23:02.1616470Z /usr/bin/tar: ../../../../../usr/local/lib/android/sdk/platforms/android-37.0/data/res/values-mcc310-mnc220: Cannot utime: Operation not permitted
build	Cache Android SDK	2026-06-06T12:23:02.1617514Z /usr/bin/tar: ../../../../../usr/local/lib/android/sdk/platforms/android-37.0/data/res/values-mcc310-mnc220: Cannot change mode to rwxr-xr-x: Operation not permitted
build	Cache Android SDK	2026-06-06T12:23:02.1619495Z /usr/bin/tar: ../../../../../usr/local/lib/android/sdk/platforms/android-37.0/data/res/values-mcc310-mnc220-hy: Cannot utime: Operation not permitted
build	Cache Android SDK	2026-06-06T12:23:02.1620425Z /usr/bin/tar: ../../../../../usr/local/lib/android/sdk/platforms/android-37.0/data/res/values-mcc310-mnc220-hy: Cannot change mode to rwxr-xr-x: Operation not permitted
build	Cache Android SDK	2026-06-06T12:23:02.1622710Z /usr/bin/tar: ../../../../../usr/local/lib/android/sdk/platforms/android-37.0/data/res/values-zu-watch: Cannot utime: Operation not permitted
build	Cache Android SDK	2026-06-06T12:23:02.1623585Z /usr/bin/tar: ../../../../../usr/local/lib/android/sdk/platforms/android-37.0/data/res/values-zu-watch: Cannot change mode to rwxr-xr-x: Operation not permitted
build	Cache Android SDK	2026-06-06T12:23:02.1625705Z /usr/bin/tar: ../../../../../usr/local/lib/android/sdk/platforms/android-37.0/data/res/values-mcc310-mnc560-b+sr+Latn: Cannot utime: Operation not permitted
build	Cache Android SDK	2026-06-06T12:23:02.1626675Z /usr/bin/tar: ../../../../../usr/local/lib/android/sdk/platforms/android-37.0/data/res/values-mcc310-mnc560-b+sr+Latn: Cannot change mode to rwxr-xr-x: Operation not permitted
build	Cache Android SDK	2026-06-06T12:23:02.1629342Z /usr/bin/tar: ../../../../../usr/local/lib/android/sdk/platforms/android-37.0/data/res/values-mcc310-mnc200-lo: Cannot utime: Operation not permitted
build	Cache Android SDK	2026-06-06T12:23:02.1630258Z /usr/bin/tar: ../../../../../usr/local/lib/android/sdk/platforms/android-37.0/data/res/values-mcc310-mnc200-lo: Cannot change mode to rwxr-xr-x: Operation not permitted
build	Cache Android SDK	2026-06-06T12:23:02.1632138Z /usr/bin/tar: ../../../../../usr/local/lib/android/sdk/platforms/android-37.0/data/res/values-mcc310-mnc150-it: Cannot utime: Operation not permitted
build	Cache Android SDK	2026-06-06T12:23:02.1633145Z /usr/bin/tar: ../../../../../usr/local/lib/android/sdk/platforms/android-37.0/data/res/values-mcc310-mnc150-it: Cannot change mode to rwxr-xr-x: Operation not permitted
build	Cache Android SDK	2026-06-06T12:23:02.1635340Z /usr/bin/tar: ../../../../../usr/local/lib/android/sdk/platforms/android-37.0/data/res/values-mcc310-mnc230-bs: Cannot utime: Operation not permitted
build	Cache Android SDK	2026-06-06T12:23:02.1636280Z /usr/bin/tar: ../../../../../usr/local/lib/android/sdk/platforms/android-37.0/data/res/values-mcc310-mnc230-bs: Cannot change mode to rwxr-xr-x: Operation not permitted
build	Cache Android SDK	2026-06-06T12:23:02.1639197Z /usr/bin/tar: ../../../../../usr/local/lib/android/sdk/platforms/android-37.0/data/res/values-mcc313-mnc100-az: Cannot utime: Operation not permitted
build	Cache Android SDK	2026-06-06T12:23:02.1640126Z /usr/bin/tar: ../../../../../usr/local/lib/android/sdk/platforms/android-37.0/data/res/values-mcc313-mnc100-az: Cannot change mode to rwxr-xr-x: Operation not permitted
build	Cache Android SDK	2026-06-06T12:23:02.1642994Z /usr/bin/tar: ../../../../../usr/local/lib/android/sdk/platforms/android-37.0/data/res/values-mcc310-mnc250-sl: Cannot utime: Operation not permitted
build	Cache Android SDK	2026-06-06T12:23:02.1643909Z /usr/bin/tar: ../../../../../usr/local/lib/android/sdk/platforms/android-37.0/data/res/values-mcc310-mnc250-sl: Cannot change mode to rwxr-xr-x: Operation not permitted
build	Cache Android SDK	2026-06-06T12:23:02.1646057Z /usr/bin/tar: ../../../../../usr/local/lib/android/sdk/platforms/android-37.0/data/res/values-mcc311-mnc180-ms: Cannot utime: Operation not permitted
build	Cache Android SDK	2026-06-06T12:23:02.1646982Z /usr/bin/tar: ../../../../../usr/local/lib/android/sdk/platforms/android-37.0/data/res/values-mcc311-mnc180-ms: Cannot change mode to rwxr-xr-x: Operation not permitted
build	Cache Android SDK	2026-06-06T12:23:02.1653455Z /usr/bin/tar: ../../../../../usr/local/lib/android/sdk/platforms/android-37.0/data/res/values-mcc310-mnc220-th: Cannot utime: Operation not permitted
build	Cache Android SDK	2026-06-06T12:23:02.1654392Z /usr/bin/tar: ../../../../../usr/local/lib/android/sdk/platforms/android-37.0/data/res/values-mcc310-mnc220-th: Cannot change mode to rwxr-xr-x: Operation not permitted
build	Cache Android SDK	2026-06-06T12:23:02.1656484Z /usr/bin/tar: ../../../../../usr/local/lib/android/sdk/platforms/android-37.0/data/res/values-mcc334-mnc020-ta: Cannot utime: Operation not permitted
build	Cache Android SDK	2026-06-06T12:23:02.1657571Z /usr/bin/tar: ../../../../../usr/local/lib/android/sdk/platforms/android-37.0/data/res/values-mcc334-mnc020-ta: Cannot change mode to rwxr-xr-x: Operation not permitted
build	Cache Android SDK	2026-06-06T12:23:02.1659780Z /usr/bin/tar: ../../../../../usr/local/lib/android/sdk/platforms/android-37.0/data/res/values-mcc302-mnc370-fr-rCA: Cannot utime: Operation not permitted
build	Cache Android SDK	2026-06-06T12:23:02.1660757Z /usr/bin/tar: ../../../../../usr/local/lib/android/sdk/platforms/android-37.0/data/res/values-mcc302-mnc370-fr-rCA: Cannot change mode to rwxr-xr-x: Operation not permitted
build	Cache Android SDK	2026-06-06T12:23:02.1662743Z /usr/bin/tar: ../../../../../usr/local/lib/android/sdk/platforms/android-37.0/data/res/values-mcc310-mnc660-in: Cannot utime: Operation not permitted
build	Cache Android SDK	2026-06-06T12:23:02.1663671Z /usr/bin/tar: ../../../../../usr/local/lib/android/sdk/platforms/android-37.0/data/res/values-mcc310-mnc660-in: Cannot change mode to rwxr-xr-x: Operation not permitted
build	Cache Android SDK	2026-06-06T12:23:02.1665984Z /usr/bin/tar: ../../../../../usr/local/lib/android/sdk/platforms/android-37.0/data/res/values-mcc001-mnc01-bs: Cannot utime: Operation not permitted
build	Cache Android SDK	2026-06-06T12:23:02.1666910Z /usr/bin/tar: ../../../../../usr/local/lib/android/sdk/platforms/android-37.0/data/res/values-mcc001-mnc01-bs: Cannot change mode to rwxr-xr-x: Operation not permitted
build	Cache Android SDK	2026-06-06T12:23:02.1669433Z /usr/bin/tar: ../../../../../usr/local/lib/android/sdk/platforms/android-37.0/data/res/values-mcc310-mnc280-de: Cannot utime: Operation not permitted
build	Cache Android SDK	2026-06-06T12:23:02.1670385Z /usr/bin/tar: ../../../../../usr/local/lib/android/sdk/platforms/android-37.0/data/res/values-mcc310-mnc280-de: Cannot change mode to rwxr-xr-x: Operation not permitted
build	Cache Android SDK	2026-06-06T12:23:02.1673584Z /usr/bin/tar: ../../../../../usr/local/lib/android/sdk/platforms/android-37.0/data/res/values-mcc416-mnc77: Cannot utime: Operation not permitted
build	Cache Android SDK	2026-06-06T12:23:02.1674590Z /usr/bin/tar: ../../../../../usr/local/lib/android/sdk/platforms/android-37.0/data/res/values-mcc416-mnc77: Cannot change mode to rwxr-xr-x: Operation not permitted
build	Cache Android SDK	2026-06-06T12:23:02.1676876Z /usr/bin/tar: ../../../../../usr/local/lib/android/sdk/platforms/android-37.0/data/res/values-pl-television: Cannot utime: Operation not permitted
build	Cache Android SDK	2026-06-06T12:23:02.1677914Z /usr/bin/tar: ../../../../../usr/local/lib/android/sdk/platforms/android-37.0/data/res/values-pl-television: Cannot change mode to rwxr-xr-x: Operation not permitted
build	Cache Android SDK	2026-06-06T12:23:02.1680322Z /usr/bin/tar: ../../../../../usr/local/lib/android/sdk/platforms/android-37.0/data/res/values-h720dp: Cannot utime: Operation not permitted
build	Cache Android SDK	2026-06-06T12:23:02.1681179Z /usr/bin/tar: ../../../../../usr/local/lib/android/sdk/platforms/android-37.0/data/res/values-h720dp: Cannot change mode to rwxr-xr-x: Operation not permitted
build	Cache Android SDK	2026-06-06T12:23:02.1683366Z /usr/bin/tar: ../../../../../usr/local/lib/android/sdk/platforms/android-37.0/data/res/values-mcc310-mnc310-b+sr+Latn: Cannot utime: Operation not permitted
build	Cache Android SDK	2026-06-06T12:23:02.1684341Z /usr/bin/tar: ../../../../../usr/local/lib/android/sdk/platforms/android-37.0/data/res/values-mcc310-mnc310-b+sr+Latn: Cannot change mode to rwxr-xr-x: Operation not permitted
build	Cache Android SDK	2026-06-06T12:23:02.1686756Z /usr/bin/tar: ../../../../../usr/local/lib/android/sdk/platforms/android-37.0/data/res/values-mcc001-mnc01-eu: Cannot utime: Operation not permitted
build	Cache Android SDK	2026-06-06T12:23:02.1687813Z /usr/bin/tar: ../../../../../usr/local/lib/android/sdk/platforms/android-37.0/data/res/values-mcc001-mnc01-eu: Cannot change mode to rwxr-xr-x: Operation not permitted
build	Cache Android SDK	2026-06-06T12:23:02.1689890Z /usr/bin/tar: ../../../../../usr/local/lib/android/sdk/platforms/android-37.0/data/res/values-mcc310-mnc170-mn: Cannot utime: Operation not permitted
build	Cache Android SDK	2026-06-06T12:23:02.1690816Z /usr/bin/tar: ../../../../../usr/local/lib/android/sdk/platforms/android-37.0/data/res/values-mcc310-mnc170-mn: Cannot change mode to rwxr-xr-x: Operation not permitted
build	Cache Android SDK	2026-06-06T12:23:02.1694390Z /usr/bin/tar: ../../../../../usr/local/lib/android/sdk/platforms/android-37.0/data/res/values-mcc234: Cannot utime: Operation not permitted
build	Cache Android SDK	2026-06-06T12:23:02.1695260Z /usr/bin/tar: ../../../../../usr/local/lib/android/sdk/platforms/android-37.0/data/res/values-mcc234: Cannot change mode to rwxr-xr-x: Operation not permitted
build	Cache Android SDK	2026-06-06T12:23:02.1704582Z /usr/bin/tar: ../../../../../usr/local/lib/android/sdk/platforms/android-37.0/data/res/values-th: Cannot utime: Operation not permitted
build	Cache Android SDK	2026-06-06T12:23:02.1705836Z /usr/bin/tar: ../../../../../usr/local/lib/android/sdk/platforms/android-37.0/data/res/values-th: Cannot change mode to rwxr-xr-x: Operation not permitted
build	Cache Android SDK	2026-06-06T12:23:02.1708000Z /usr/bin/tar: ../../../../../usr/local/lib/android/sdk/platforms/android-37.0/data/res/values-mcc310-mnc030-mr: Cannot utime: Operation not permitted
build	Cache Android SDK	2026-06-06T12:23:02.1709103Z /usr/bin/tar: ../../../../../usr/local/lib/android/sdk/platforms/android-37.0/data/res/values-mcc310-mnc030-mr: Cannot change mode to rwxr-xr-x: Operation not permitted
build	Cache Android SDK	2026-06-06T12:23:02.1711070Z /usr/bin/tar: ../../../../../usr/local/lib/android/sdk/platforms/android-37.0/data/res/values-mcc310-mnc310-ka: Cannot utime: Operation not permitted
build	Cache Android SDK	2026-06-06T12:23:02.1711983Z /usr/bin/tar: ../../../../../usr/local/lib/android/sdk/platforms/android-37.0/data/res/values-mcc310-mnc310-ka: Cannot change mode to rwxr-xr-x: Operation not permitted
build	Cache Android SDK	2026-06-06T12:23:02.1714493Z /usr/bin/tar: ../../../../../usr/local/lib/android/sdk/platforms/android-37.0/data/res/values-mcc310-mnc240-tl: Cannot utime: Operation not permitted
build	Cache Android SDK	2026-06-06T12:23:02.1715414Z /usr/bin/tar: ../../../../../usr/local/lib/android/sdk/platforms/android-37.0/data/res/values-mcc310-mnc240-tl: Cannot change mode to rwxr-xr-x: Operation not permitted
build	Cache Android SDK	2026-06-06T12:23:02.1717611Z /usr/bin/tar: ../../../../../usr/local/lib/android/sdk/platforms/android-37.0/data/res/values-el-television: Cannot utime: Operation not permitted
build	Cache Android SDK	2026-06-06T12:23:02.1718632Z /usr/bin/tar: ../../../../../usr/local/lib/android/sdk/platforms/android-37.0/data/res/values-el-television: Cannot change mode to rwxr-xr-x: Operation not permitted
build	Cache Android SDK	2026-06-06T12:23:02.1720535Z /usr/bin/tar: ../../../../../usr/local/lib/android/sdk/platforms/android-37.0/data/res/values-mcc312-mnc670-nl: Cannot utime: Operation not permitted
build	Cache Android SDK	2026-06-06T12:23:02.1721462Z /usr/bin/tar: ../../../../../usr/local/lib/android/sdk/platforms/android-37.0/data/res/values-mcc312-mnc670-nl: Cannot change mode to rwxr-xr-x: Operation not permitted
build	Cache Android SDK	2026-06-06T12:23:02.1725887Z /usr/bin/tar: ../../../../../usr/local/lib/android/sdk/platforms/android-37.0/data/res/values-mcc310-mnc310-hy: Cannot utime: Operation not permitted
build	Cache Android SDK	2026-06-06T12:23:02.1726800Z /usr/bin/tar: ../../../../../usr/local/lib/android/sdk/platforms/android-37.0/data/res/values-mcc310-mnc310-hy: Cannot change mode to rwxr-xr-x: Operation not permitted
build	Cache Android SDK	2026-06-06T12:23:02.1729185Z /usr/bin/tar: ../../../../../usr/local/lib/android/sdk/platforms/android-37.0/data/res/values-mcc310-mnc250-ur: Cannot utime: Operation not permitted
build	Cache Android SDK	2026-06-06T12:23:02.1730254Z /usr/bin/tar: ../../../../../usr/local/lib/android/sdk/platforms/android-37.0/data/res/values-mcc310-mnc250-ur: Cannot change mode to rwxr-xr-x: Operation not permitted
build	Cache Android SDK	2026-06-06T12:23:02.1732392Z /usr/bin/tar: ../../../../../usr/local/lib/android/sdk/platforms/android-37.0/data/res/values-mcc310-mnc490-si: Cannot utime: Operation not permitted
build	Cache Android SDK	2026-06-06T12:23:02.1733345Z /usr/bin/tar: ../../../../../usr/local/lib/android/sdk/platforms/android-37.0/data/res/values-mcc310-mnc490-si: Cannot change mode to rwxr-xr-x: Operation not permitted
build	Cache Android SDK	2026-06-06T12:23:02.1735630Z /usr/bin/tar: ../../../../../usr/local/lib/android/sdk/platforms/android-37.0/data/res/drawable-w216dp: Cannot utime: Operation not permitted
build	Cache Android SDK	2026-06-06T12:23:02.1736514Z /usr/bin/tar: ../../../../../usr/local/lib/android/sdk/platforms/android-37.0/data/res/drawable-w216dp: Cannot change mode to rwxr-xr-x: Operation not permitted
build	Cache Android SDK	2026-06-06T12:23:02.1739373Z /usr/bin/tar: ../../../../../usr/local/lib/android/sdk/platforms/android-37.0/data/res/values-mcc313-mnc100-am: Cannot utime: Operation not permitted
build	Cache Android SDK	2026-06-06T12:23:02.1740306Z /usr/bin/tar: ../../../../../usr/local/lib/android/sdk/platforms/android-37.0/data/res/values-mcc313-mnc100-am: Cannot change mode to rwxr-xr-x: Operation not permitted
build	Cache Android SDK	2026-06-06T12:23:02.1746201Z /usr/bin/tar: ../../../../../usr/local/lib/android/sdk/platforms/android-37.0/data/res/values-es-feminine: Cannot utime: Operation not permitted
build	Cache Android SDK	2026-06-06T12:23:02.1747177Z /usr/bin/tar: ../../../../../usr/local/lib/android/sdk/platforms/android-37.0/data/res/values-es-feminine: Cannot change mode to rwxr-xr-x: Operation not permitted
build	Cache Android SDK	2026-06-06T12:23:02.1748412Z /usr/bin/tar: ../../../../../usr/local/lib/android/sdk/platforms/android-37.0/data/res/values-mcc310-mnc660-gu: Cannot utime: Operation not permitted
build	Cache Android SDK	2026-06-06T12:23:02.1749365Z /usr/bin/tar: ../../../../../usr/local/lib/android/sdk/platforms/android-37.0/data/res/values-mcc310-mnc660-gu: Cannot change mode to rwxr-xr-x: Operation not permitted
build	Cache Android SDK	2026-06-06T12:23:02.1750307Z /usr/bin/tar: ../../../../../usr/local/lib/android/sdk/platforms/android-37.0/data/res/values-mcc310-mnc410-fr-rCA: Cannot utime: Operation not permitted
build	Cache Android SDK	2026-06-06T12:23:02.1751459Z /usr/bin/tar: ../../../../../usr/local/lib/android/sdk/platforms/android-37.0/data/res/values-mcc310-mnc410-fr-rCA: Cannot change mode to rwxr-xr-x: Operation not permitted
build	Cache Android SDK	2026-06-06T12:23:02.1752520Z /usr/bin/tar: ../../../../../usr/local/lib/android/sdk/platforms/android-37.0/data/res/values-mcc310-mnc220-te: Cannot utime: Operation not permitted
build	Cache Android SDK	2026-06-06T12:23:02.1753439Z /usr/bin/tar: ../../../../../usr/local/lib/android/sdk/platforms/android-37.0/data/res/values-mcc310-mnc220-te: Cannot change mode to rwxr-xr-x: Operation not permitted
build	Cache Android SDK	2026-06-06T12:23:02.1754491Z /usr/bin/tar: ../../../../../usr/local/lib/android/sdk/platforms/android-37.0/data/res/values-af-watch: Cannot utime: Operation not permitted
build	Cache Android SDK	2026-06-06T12:23:02.1758088Z /usr/bin/tar: ../../../../../usr/local/lib/android/sdk/platforms/android-37.0/data/res/values-af-watch: Cannot change mode to rwxr-xr-x: Operation not permitted
build	Cache Android SDK	2026-06-06T12:23:02.1758993Z /usr/bin/tar: ../../../../../usr/local/lib/android/sdk/platforms/android-37.0/data/res/values-mcc310-mnc410-el: Cannot utime: Operation not permitted
build	Cache Android SDK	2026-06-06T12:23:02.1759911Z /usr/bin/tar: ../../../../../usr/local/lib/android/sdk/platforms/android-37.0/data/res/values-mcc310-mnc410-el: Cannot change mode to rwxr-xr-x: Operation not permitted
build	Cache Android SDK	2026-06-06T12:23:02.1761439Z /usr/bin/tar: ../../../../../usr/local/lib/android/sdk/platforms/android-37.0/data/res/values-mcc310-mnc250-en-rAU: Cannot utime: Operation not permitted
build	Cache Android SDK	2026-06-06T12:23:02.1762393Z /usr/bin/tar: ../../../../../usr/local/lib/android/sdk/platforms/android-37.0/data/res/values-mcc310-mnc250-en-rAU: Cannot change mode to rwxr-xr-x: Operation not permitted
build	Cache Android SDK	2026-06-06T12:23:02.1765248Z /usr/bin/tar: ../../../../../usr/local/lib/android/sdk/platforms/android-37.0/data/res/values-mcc312-mnc670-mr: Cannot utime: Operation not permitted
build	Cache Android SDK	2026-06-06T12:23:02.1766167Z /usr/bin/tar: ../../../../../usr/local/lib/android/sdk/platforms/android-37.0/data/res/values-mcc312-mnc670-mr: Cannot change mode to rwxr-xr-x: Operation not permitted
build	Cache Android SDK	2026-06-06T12:23:02.1768860Z /usr/bin/tar: ../../../../../usr/local/lib/android/sdk/platforms/android-37.0/data/res/values-mcc310-mnc660-sk: Cannot utime: Operation not permitted
build	Cache Android SDK	2026-06-06T12:23:02.1769789Z /usr/bin/tar: ../../../../../usr/local/lib/android/sdk/platforms/android-37.0/data/res/values-mcc310-mnc660-sk: Cannot change mode to rwxr-xr-x: Operation not permitted
build	Cache Android SDK	2026-06-06T12:23:02.1771950Z /usr/bin/tar: ../../../../../usr/local/lib/android/sdk/platforms/android-37.0/data/res/values-mcc310-mnc800-pt-rBR: Cannot utime: Operation not permitted
build	Cache Android SDK	2026-06-06T12:23:02.1772906Z /usr/bin/tar: ../../../../../usr/local/lib/android/sdk/platforms/android-37.0/data/res/values-mcc310-mnc800-pt-rBR: Cannot change mode to rwxr-xr-x: Operation not permitted
build	Cache Android SDK	2026-06-06T12:23:02.1775018Z /usr/bin/tar: ../../../../../usr/local/lib/android/sdk/platforms/android-37.0/data/res/values-mcc310-mnc410-uz: Cannot utime: Operation not permitted
build	Cache Android SDK	2026-06-06T12:23:02.1775943Z /usr/bin/tar: ../../../../../usr/local/lib/android/sdk/platforms/android-37.0/data/res/values-mcc310-mnc410-uz: Cannot change mode to rwxr-xr-x: Operation not permitted
build	Cache Android SDK	2026-06-06T12:23:02.1778232Z /usr/bin/tar: ../../../../../usr/local/lib/android/sdk/platforms/android-37.0/data/res/values-mcc310-mnc230-ms: Cannot utime: Operation not permitted
build	Cache Android SDK	2026-06-06T12:23:02.1779286Z /usr/bin/tar: ../../../../../usr/local/lib/android/sdk/platforms/android-37.0/data/res/values-mcc310-mnc230-ms: Cannot change mode to rwxr-xr-x: Operation not permitted
build	Cache Android SDK	2026-06-06T12:23:02.1781196Z /usr/bin/tar: ../../../../../usr/local/lib/android/sdk/platforms/android-37.0/data/res/values-mcc302-mnc720-vi: Cannot utime: Operation not permitted
build	Cache Android SDK	2026-06-06T12:23:02.1782127Z /usr/bin/tar: ../../../../../usr/local/lib/android/sdk/platforms/android-37.0/data/res/values-mcc302-mnc720-vi: Cannot change mode to rwxr-xr-x: Operation not permitted
build	Cache Android SDK	2026-06-06T12:23:02.1784554Z /usr/bin/tar: ../../../../../usr/local/lib/android/sdk/platforms/android-37.0/data/res/values-tr-rTR: Cannot utime: Operation not permitted
build	Cache Android SDK	2026-06-06T12:23:02.1785421Z /usr/bin/tar: ../../../../../usr/local/lib/android/sdk/platforms/android-37.0/data/res/values-tr-rTR: Cannot change mode to rwxr-xr-x: Operation not permitted
build	Cache Android SDK	2026-06-06T12:23:02.1798309Z /usr/bin/tar: ../../../../../usr/local/lib/android/sdk/platforms/android-37.0/data/res/values-en-rXC: Cannot utime: Operation not permitted
build	Cache Android SDK	2026-06-06T12:23:02.1799937Z /usr/bin/tar: ../../../../../usr/local/lib/android/sdk/platforms/android-37.0/data/res/values-en-rXC: Cannot change mode to rwxr-xr-x: Operation not permitted
build	Cache Android SDK	2026-06-06T12:23:02.1801346Z /usr/bin/tar: ../../../../../usr/local/lib/android/sdk/platforms/android-37.0/data/res/values-mcc310-mnc560-pt-rPT: Cannot utime: Operation not permitted
build	Cache Android SDK	2026-06-06T12:23:02.1802442Z /usr/bin/tar: ../../../../../usr/local/lib/android/sdk/platforms/android-37.0/data/res/values-mcc310-mnc560-pt-rPT: Cannot change mode to rwxr-xr-x: Operation not permitted
build	Cache Android SDK	2026-06-06T12:23:02.1803412Z /usr/bin/tar: ../../../../../usr/local/lib/android/sdk/platforms/android-37.0/data/res/values-mcc310-mnc490-es: Cannot utime: Operation not permitted
build	Cache Android SDK	2026-06-06T12:23:02.1804820Z /usr/bin/tar: ../../../../../usr/local/lib/android/sdk/platforms/android-37.0/data/res/values-mcc310-mnc490-es: Cannot change mode to rwxr-xr-x: Operation not permitted
build	Cache Android SDK	2026-06-06T12:23:02.1805735Z /usr/bin/tar: ../../../../../usr/local/lib/android/sdk/platforms/android-37.0/data/res/values-mcc310-mnc310-th: Cannot utime: Operation not permitted
build	Cache Android SDK	2026-06-06T12:23:02.1806649Z /usr/bin/tar: ../../../../../usr/local/lib/android/sdk/platforms/android-37.0/data/res/values-mcc310-mnc310-th: Cannot change mode to rwxr-xr-x: Operation not permitted
build	Cache Android SDK	2026-06-06T12:23:02.1808204Z /usr/bin/tar: ../../../../../usr/local/lib/android/sdk/platforms/android-37.0/data/res/values-mcc310-mnc030-fa: Cannot utime: Operation not permitted
build	Cache Android SDK	2026-06-06T12:23:02.1809144Z /usr/bin/tar: ../../../../../usr/local/lib/android/sdk/platforms/android-37.0/data/res/values-mcc310-mnc030-fa: Cannot change mode to rwxr-xr-x: Operation not permitted
build	Cache Android SDK	2026-06-06T12:23:02.1811199Z /usr/bin/tar: ../../../../../usr/local/lib/android/sdk/platforms/android-37.0/data/res/values-mcc001-mnc01-be: Cannot utime: Operation not permitted
build	Cache Android SDK	2026-06-06T12:23:02.1812135Z /usr/bin/tar: ../../../../../usr/local/lib/android/sdk/platforms/android-37.0/data/res/values-mcc001-mnc01-be: Cannot change mode to rwxr-xr-x: Operation not permitted
build	Cache Android SDK	2026-06-06T12:23:02.1816246Z /usr/bin/tar: ../../../../../usr/local/lib/android/sdk/platforms/android-37.0/data/res/values-mcc310-mnc210-el: Cannot utime: Operation not permitted
build	Cache Android SDK	2026-06-06T12:23:02.1817172Z /usr/bin/tar: ../../../../../usr/local/lib/android/sdk/platforms/android-37.0/data/res/values-mcc310-mnc210-el: Cannot change mode to rwxr-xr-x: Operation not permitted
build	Cache Android SDK	2026-06-06T12:23:02.1822064Z /usr/bin/tar: ../../../../../usr/local/lib/android/sdk/platforms/android-37.0/data/res/values-mcc310-mnc200-ja: Cannot utime: Operation not permitted
build	Cache Android SDK	2026-06-06T12:23:02.1822983Z /usr/bin/tar: ../../../../../usr/local/lib/android/sdk/platforms/android-37.0/data/res/values-mcc310-mnc200-ja: Cannot change mode to rwxr-xr-x: Operation not permitted
build	Cache Android SDK	2026-06-06T12:23:02.1829417Z /usr/bin/tar: ../../../../../usr/local/lib/android/sdk/platforms/android-37.0/data/res/values-eu: Cannot utime: Operation not permitted
build	Cache Android SDK	2026-06-06T12:23:02.1830410Z /usr/bin/tar: ../../../../../usr/local/lib/android/sdk/platforms/android-37.0/data/res/values-eu: Cannot change mode to rwxr-xr-x: Operation not permitted
build	Cache Android SDK	2026-06-06T12:23:02.1833409Z /usr/bin/tar: ../../../../../usr/local/lib/android/sdk/platforms/android-37.0/data/res/values-mcc310-mnc160-ms: Cannot utime: Operation not permitted
build	Cache Android SDK	2026-06-06T12:23:02.1834498Z /usr/bin/tar: ../../../../../usr/local/lib/android/sdk/platforms/android-37.0/data/res/values-mcc310-mnc160-ms: Cannot change mode to rwxr-xr-x: Operation not permitted
build	Cache Android SDK	2026-06-06T12:23:02.1835996Z /usr/bin/tar: ../../../../../usr/local/lib/android/sdk/platforms/android-37.0/data/res/values-mcc310-mnc240-az: Cannot utime: Operation not permitted
build	Cache Android SDK	2026-06-06T12:23:02.1836934Z /usr/bin/tar: ../../../../../usr/local/lib/android/sdk/platforms/android-37.0/data/res/values-mcc310-mnc240-az: Cannot change mode to rwxr-xr-x: Operation not permitted
build	Cache Android SDK	2026-06-06T12:23:02.1839739Z /usr/bin/tar: ../../../../../usr/local/lib/android/sdk/platforms/android-37.0/data/res/values-mcc310-mnc220-kk: Cannot utime: Operation not permitted
build	Cache Android SDK	2026-06-06T12:23:02.1840666Z /usr/bin/tar: ../../../../../usr/local/lib/android/sdk/platforms/android-37.0/data/res/values-mcc310-mnc220-kk: Cannot change mode to rwxr-xr-x: Operation not permitted
build	Cache Android SDK	2026-06-06T12:23:02.1843010Z /usr/bin/tar: ../../../../../usr/local/lib/android/sdk/platforms/android-37.0/data/res/values-mcc310-mnc200-ru: Cannot utime: Operation not permitted
build	Cache Android SDK	2026-06-06T12:23:02.1844069Z /usr/bin/tar: ../../../../../usr/local/lib/android/sdk/platforms/android-37.0/data/res/values-mcc310-mnc200-ru: Cannot change mode to rwxr-xr-x: Operation not permitted
build	Cache Android SDK	2026-06-06T12:23:02.1846370Z /usr/bin/tar: ../../../../../usr/local/lib/android/sdk/platforms/android-37.0/data/res/values-mcc001-mnc01-da: Cannot utime: Operation not permitted
build	Cache Android SDK	2026-06-06T12:23:02.1847344Z /usr/bin/tar: ../../../../../usr/local/lib/android/sdk/platforms/android-37.0/data/res/values-mcc001-mnc01-da: Cannot change mode to rwxr-xr-x: Operation not permitted
build	Cache Android SDK	2026-06-06T12:23:02.1849849Z /usr/bin/tar: ../../../../../usr/local/lib/android/sdk/platforms/android-37.0/data/res/values-mcc310-mnc160-it: Cannot utime: Operation not permitted
build	Cache Android SDK	2026-06-06T12:23:02.1850804Z /usr/bin/tar: ../../../../../usr/local/lib/android/sdk/platforms/android-37.0/data/res/values-mcc310-mnc160-it: Cannot change mode to rwxr-xr-x: Operation not permitted
build	Cache Android SDK	2026-06-06T12:23:02.1853751Z /usr/bin/tar: ../../../../../usr/local/lib/android/sdk/platforms/android-37.0/data/res/values-mcc310-mnc200-sq: Cannot utime: Operation not permitted
build	Cache Android SDK	2026-06-06T12:23:02.1854739Z /usr/bin/tar: ../../../../../usr/local/lib/android/sdk/platforms/android-37.0/data/res/values-mcc310-mnc200-sq: Cannot change mode to rwxr-xr-x: Operation not permitted
build	Cache Android SDK	2026-06-06T12:23:02.1856724Z /usr/bin/tar: ../../../../../usr/local/lib/android/sdk/platforms/android-37.0/data/res/values-mcc302-mnc370-b+sr+Latn: Cannot utime: Operation not permitted
build	Cache Android SDK	2026-06-06T12:23:02.1857825Z /usr/bin/tar: ../../../../../usr/local/lib/android/sdk/platforms/android-37.0/data/res/values-mcc302-mnc370-b+sr+Latn: Cannot change mode to rwxr-xr-x: Operation not permitted
build	Cache Android SDK	2026-06-06T12:23:02.1859549Z /usr/bin/tar: ../../../../../usr/local/lib/android/sdk/platforms/android-37.0/data/res/values-mcc302-mnc720-am: Cannot utime: Operation not permitted
build	Cache Android SDK	2026-06-06T12:23:02.1860493Z /usr/bin/tar: ../../../../../usr/local/lib/android/sdk/platforms/android-37.0/data/res/values-mcc302-mnc720-am: Cannot change mode to rwxr-xr-x: Operation not permitted
build	Cache Android SDK	2026-06-06T12:23:02.1862620Z /usr/bin/tar: ../../../../../usr/local/lib/android/sdk/platforms/android-37.0/data/res/values-mcc310-mnc210-ru: Cannot utime: Operation not permitted
build	Cache Android SDK	2026-06-06T12:23:02.1864370Z /usr/bin/tar: ../../../../../usr/local/lib/android/sdk/platforms/android-37.0/data/res/values-mcc310-mnc210-ru: Cannot change mode to rwxr-xr-x: Operation not permitted
build	Cache Android SDK	2026-06-06T12:23:02.1865839Z /usr/bin/tar: ../../../../../usr/local/lib/android/sdk/platforms/android-37.0/data/res/values-mcc311-mnc180-sv: Cannot utime: Operation not permitted
build	Cache Android SDK	2026-06-06T12:23:02.1866772Z /usr/bin/tar: ../../../../../usr/local/lib/android/sdk/platforms/android-37.0/data/res/values-mcc311-mnc180-sv: Cannot change mode to rwxr-xr-x: Operation not permitted
build	Cache Android SDK	2026-06-06T12:23:02.1868521Z /usr/bin/tar: ../../../../../usr/local/lib/android/sdk/platforms/android-37.0/data/res/values-mcc312-mnc670-pt-rBR: Cannot utime: Operation not permitted
build	Cache Android SDK	2026-06-06T12:23:02.1869522Z /usr/bin/tar: ../../../../../usr/local/lib/android/sdk/platforms/android-37.0/data/res/values-mcc312-mnc670-pt-rBR: Cannot change mode to rwxr-xr-x: Operation not permitted
build	Cache Android SDK	2026-06-06T12:23:02.1871952Z /usr/bin/tar: ../../../../../usr/local/lib/android/sdk/platforms/android-37.0/data/res/values-mcc313-mnc100-km: Cannot utime: Operation not permitted
build	Cache Android SDK	2026-06-06T12:23:02.1872416Z /usr/bin/tar: ../../../../../usr/local/lib/android/sdk/platforms/android-37.0/data/res/values-mcc313-mnc100-km: Cannot change mode to rwxr-xr-x: Operation not permitted
build	Cache Android SDK	2026-06-06T12:23:02.1875871Z /usr/bin/tar: ../../../../../usr/local/lib/android/sdk/platforms/android-37.0/data/res/values-mcc310-mnc170-ur: Cannot utime: Operation not permitted
build	Cache Android SDK	2026-06-06T12:23:02.1876376Z /usr/bin/tar: ../../../../../usr/local/lib/android/sdk/platforms/android-37.0/data/res/values-mcc310-mnc170-ur: Cannot change mode to rwxr-xr-x: Operation not permitted
build	Cache Android SDK	2026-06-06T12:23:02.1879453Z /usr/bin/tar: ../../../../../usr/local/lib/android/sdk/platforms/android-37.0/data/res/values-mcc310-mnc380-bn: Cannot utime: Operation not permitted
build	Cache Android SDK	2026-06-06T12:23:02.1879944Z /usr/bin/tar: ../../../../../usr/local/lib/android/sdk/platforms/android-37.0/data/res/values-mcc310-mnc380-bn: Cannot change mode to rwxr-xr-x: Operation not permitted
build	Cache Android SDK	2026-06-06T12:23:02.1882630Z /usr/bin/tar: ../../../../../usr/local/lib/android/sdk/platforms/android-37.0/data/res/values-mcc310-mnc160-pt-rBR: Cannot utime: Operation not permitted
build	Cache Android SDK	2026-06-06T12:23:02.1883131Z /usr/bin/tar: ../../../../../usr/local/lib/android/sdk/platforms/android-37.0/data/res/values-mcc310-mnc160-pt-rBR: Cannot change mode to rwxr-xr-x: Operation not permitted
build	Cache Android SDK	2026-06-06T12:23:02.1885821Z /usr/bin/tar: ../../../../../usr/local/lib/android/sdk/platforms/android-37.0/data/res/values-mcc313-mnc100-ka: Cannot utime: Operation not permitted
build	Cache Android SDK	2026-06-06T12:23:02.1886431Z /usr/bin/tar: ../../../../../usr/local/lib/android/sdk/platforms/android-37.0/data/res/values-mcc313-mnc100-ka: Cannot change mode to rwxr-xr-x: Operation not permitted
build	Cache Android SDK	2026-06-06T12:23:02.1889016Z /usr/bin/tar: ../../../../../usr/local/lib/android/sdk/platforms/android-37.0/data/res/values-mcc001-mnc01-ar: Cannot utime: Operation not permitted
build	Cache Android SDK	2026-06-06T12:23:02.1889549Z /usr/bin/tar: ../../../../../usr/local/lib/android/sdk/platforms/android-37.0/data/res/values-mcc001-mnc01-ar: Cannot change mode to rwxr-xr-x: Operation not permitted
build	Cache Android SDK	2026-06-06T12:23:02.1892479Z /usr/bin/tar: ../../../../../usr/local/lib/android/sdk/platforms/android-37.0/data/res/values-mcc312-mnc670-da: Cannot utime: Operation not permitted
build	Cache Android SDK	2026-06-06T12:23:02.1893056Z /usr/bin/tar: ../../../../../usr/local/lib/android/sdk/platforms/android-37.0/data/res/values-mcc312-mnc670-da: Cannot change mode to rwxr-xr-x: Operation not permitted
build	Cache Android SDK	2026-06-06T12:23:02.1896408Z /usr/bin/tar: ../../../../../usr/local/lib/android/sdk/platforms/android-37.0/data/res/values-mcc001-mnc01-is: Cannot utime: Operation not permitted
build	Cache Android SDK	2026-06-06T12:23:02.1896897Z /usr/bin/tar: ../../../../../usr/local/lib/android/sdk/platforms/android-37.0/data/res/values-mcc001-mnc01-is: Cannot change mode to rwxr-xr-x: Operation not permitted
build	Cache Android SDK	2026-06-06T12:23:02.1899696Z /usr/bin/tar: ../../../../../usr/local/lib/android/sdk/platforms/android-37.0/data/res/values-mcc310-mnc280-mn: Cannot utime: Operation not permitted
build	Cache Android SDK	2026-06-06T12:23:02.1900304Z /usr/bin/tar: ../../../../../usr/local/lib/android/sdk/platforms/android-37.0/data/res/values-mcc310-mnc280-mn: Cannot change mode to rwxr-xr-x: Operation not permitted
build	Cache Android SDK	2026-06-06T12:23:02.1902465Z /usr/bin/tar: ../../../../../usr/local/lib/android/sdk/platforms/android-37.0/data/res/values-mcc311-mnc180-es: Cannot utime: Operation not permitted
build	Cache Android SDK	2026-06-06T12:23:02.1902936Z /usr/bin/tar: ../../../../../usr/local/lib/android/sdk/platforms/android-37.0/data/res/values-mcc311-mnc180-es: Cannot change mode to rwxr-xr-x: Operation not permitted
build	Cache Android SDK	2026-06-06T12:23:02.1905799Z /usr/bin/tar: ../../../../../usr/local/lib/android/sdk/platforms/android-37.0/data/res/values-mcc310-mnc270-uz: Cannot utime: Operation not permitted
build	Cache Android SDK	2026-06-06T12:23:02.1906278Z /usr/bin/tar: ../../../../../usr/local/lib/android/sdk/platforms/android-37.0/data/res/values-mcc310-mnc270-uz: Cannot change mode to rwxr-xr-x: Operation not permitted
build	Cache Android SDK	2026-06-06T12:23:02.1908578Z /usr/bin/tar: ../../../../../usr/local/lib/android/sdk/platforms/android-37.0/data/res/values-mcc310-mnc220-fr-rCA: Cannot utime: Operation not permitted
build	Cache Android SDK	2026-06-06T12:23:02.1909161Z /usr/bin/tar: ../../../../../usr/local/lib/android/sdk/platforms/android-37.0/data/res/values-mcc310-mnc220-fr-rCA: Cannot change mode to rwxr-xr-x: Operation not permitted
build	Cache Android SDK	2026-06-06T12:23:02.1912250Z /usr/bin/tar: ../../../../../usr/local/lib/android/sdk/platforms/android-37.0/data/res/values-mcc001-mnc01-af: Cannot utime: Operation not permitted
build	Cache Android SDK	2026-06-06T12:23:02.1912763Z /usr/bin/tar: ../../../../../usr/local/lib/android/sdk/platforms/android-37.0/data/res/values-mcc001-mnc01-af: Cannot change mode to rwxr-xr-x: Operation not permitted
build	Cache Android SDK	2026-06-06T12:23:02.1915138Z /usr/bin/tar: ../../../../../usr/local/lib/android/sdk/platforms/android-37.0/data/res/values-mcc310-mnc280-fi: Cannot utime: Operation not permitted
build	Cache Android SDK	2026-06-06T12:23:02.1915594Z /usr/bin/tar: ../../../../../usr/local/lib/android/sdk/platforms/android-37.0/data/res/values-mcc310-mnc280-fi: Cannot change mode to rwxr-xr-x: Operation not permitted
build	Cache Android SDK	2026-06-06T12:23:02.1918092Z /usr/bin/tar: ../../../../../usr/local/lib/android/sdk/platforms/android-37.0/data/res/values-fr-rFR: Cannot utime: Operation not permitted
build	Cache Android SDK	2026-06-06T12:23:02.1918531Z /usr/bin/tar: ../../../../../usr/local/lib/android/sdk/platforms/android-37.0/data/res/values-fr-rFR: Cannot change mode to rwxr-xr-x: Operation not permitted
build	Cache Android SDK	2026-06-06T12:23:02.1921111Z /usr/bin/tar: ../../../../../usr/local/lib/android/sdk/platforms/android-37.0/data/res/values-mcc310-mnc380-sw: Cannot utime: Operation not permitted
build	Cache Android SDK	2026-06-06T12:23:02.1921647Z /usr/bin/tar: ../../../../../usr/local/lib/android/sdk/platforms/android-37.0/data/res/values-mcc310-mnc380-sw: Cannot change mode to rwxr-xr-x: Operation not permitted
build	Cache Android SDK	2026-06-06T12:23:02.1924263Z /usr/bin/tar: ../../../../../usr/local/lib/android/sdk/platforms/android-37.0/data/res/values-mcc310-mnc270-de: Cannot utime: Operation not permitted
build	Cache Android SDK	2026-06-06T12:23:02.1924724Z /usr/bin/tar: ../../../../../usr/local/lib/android/sdk/platforms/android-37.0/data/res/values-mcc310-mnc270-de: Cannot change mode to rwxr-xr-x: Operation not permitted
build	Cache Android SDK	2026-06-06T12:23:02.1927765Z /usr/bin/tar: ../../../../../usr/local/lib/android/sdk/platforms/android-37.0/data/res/values-mcc310-mnc030-ta: Cannot utime: Operation not permitted
build	Cache Android SDK	2026-06-06T12:23:02.1928233Z /usr/bin/tar: ../../../../../usr/local/lib/android/sdk/platforms/android-37.0/data/res/values-mcc310-mnc030-ta: Cannot change mode to rwxr-xr-x: Operation not permitted
build	Cache Android SDK	2026-06-06T12:23:02.1930379Z /usr/bin/tar: ../../../../../usr/local/lib/android/sdk/platforms/android-37.0/data/res/values-mcc310-mnc800-si: Cannot utime: Operation not permitted
build	Cache Android SDK	2026-06-06T12:23:02.1930843Z /usr/bin/tar: ../../../../../usr/local/lib/android/sdk/platforms/android-37.0/data/res/values-mcc310-mnc800-si: Cannot change mode to rwxr-xr-x: Operation not permitted
build	Cache Android SDK	2026-06-06T12:23:02.1933778Z /usr/bin/tar: ../../../../../usr/local/lib/android/sdk/platforms/android-37.0/data/res/values-mcc310-mnc660-zu: Cannot utime: Operation not permitted
build	Cache Android SDK	2026-06-06T12:23:02.1934369Z /usr/bin/tar: ../../../../../usr/local/lib/android/sdk/platforms/android-37.0/data/res/values-mcc310-mnc660-zu: Cannot change mode to rwxr-xr-x: Operation not permitted
build	Cache Android SDK	2026-06-06T12:23:02.1936497Z /usr/bin/tar: ../../../../../usr/local/lib/android/sdk/platforms/android-37.0/data/res/values-mcc310-mnc310-es-rUS: Cannot utime: Operation not permitted
build	Cache Android SDK	2026-06-06T12:23:02.1936990Z /usr/bin/tar: ../../../../../usr/local/lib/android/sdk/platforms/android-37.0/data/res/values-mcc310-mnc310-es-rUS: Cannot change mode to rwxr-xr-x: Operation not permitted
build	Cache Android SDK	2026-06-06T12:23:02.1940198Z /usr/bin/tar: ../../../../../usr/local/lib/android/sdk/platforms/android-37.0/data/res/values-mcc311-mnc180-ky: Cannot utime: Operation not permitted
build	Cache Android SDK	2026-06-06T12:23:02.1940675Z /usr/bin/tar: ../../../../../usr/local/lib/android/sdk/platforms/android-37.0/data/res/values-mcc311-mnc180-ky: Cannot change mode to rwxr-xr-x: Operation not permitted
build	Cache Android SDK	2026-06-06T12:23:02.1942848Z /usr/bin/tar: ../../../../../usr/local/lib/android/sdk/platforms/android-37.0/data/res/values-mcc310-mnc490-fi: Cannot utime: Operation not permitted
build	Cache Android SDK	2026-06-06T12:23:02.1943391Z /usr/bin/tar: ../../../../../usr/local/lib/android/sdk/platforms/android-37.0/data/res/values-mcc310-mnc490-fi: Cannot change mode to rwxr-xr-x: Operation not permitted
build	Cache Android SDK	2026-06-06T12:23:02.1946103Z /usr/bin/tar: ../../../../../usr/local/lib/android/sdk/platforms/android-37.0/data/res/values-mcc310-mnc310-hi: Cannot utime: Operation not permitted
build	Cache Android SDK	2026-06-06T12:23:02.1946578Z /usr/bin/tar: ../../../../../usr/local/lib/android/sdk/platforms/android-37.0/data/res/values-mcc310-mnc310-hi: Cannot change mode to rwxr-xr-x: Operation not permitted
build	Cache Android SDK	2026-06-06T12:23:02.1949162Z /usr/bin/tar: ../../../../../usr/local/lib/android/sdk/platforms/android-37.0/data/res/values-mcc302-mnc720-nl: Cannot utime: Operation not permitted
build	Cache Android SDK	2026-06-06T12:23:02.1949621Z /usr/bin/tar: ../../../../../usr/local/lib/android/sdk/platforms/android-37.0/data/res/values-mcc302-mnc720-nl: Cannot change mode to rwxr-xr-x: Operation not permitted
build	Cache Android SDK	2026-06-06T12:23:02.1952625Z /usr/bin/tar: ../../../../../usr/local/lib/android/sdk/platforms/android-37.0/data/res/values-mcc310-mnc170-lo: Cannot utime: Operation not permitted
build	Cache Android SDK	2026-06-06T12:23:02.1953094Z /usr/bin/tar: ../../../../../usr/local/lib/android/sdk/platforms/android-37.0/data/res/values-mcc310-mnc170-lo: Cannot change mode to rwxr-xr-x: Operation not permitted
build	Cache Android SDK	2026-06-06T12:23:02.1955251Z /usr/bin/tar: ../../../../../usr/local/lib/android/sdk/platforms/android-37.0/data/res/values-mcc310-mnc380-fi: Cannot utime: Operation not permitted
build	Cache Android SDK	2026-06-06T12:23:02.1955791Z /usr/bin/tar: ../../../../../usr/local/lib/android/sdk/platforms/android-37.0/data/res/values-mcc310-mnc380-fi: Cannot change mode to rwxr-xr-x: Operation not permitted
build	Cache Android SDK	2026-06-06T12:23:02.1958630Z /usr/bin/tar: ../../../../../usr/local/lib/android/sdk/platforms/android-37.0/data/res/values-mcc310-mnc150-kn: Cannot utime: Operation not permitted
build	Cache Android SDK	2026-06-06T12:23:02.1959096Z /usr/bin/tar: ../../../../../usr/local/lib/android/sdk/platforms/android-37.0/data/res/values-mcc310-mnc150-kn: Cannot change mode to rwxr-xr-x: Operation not permitted
build	Cache Android SDK	2026-06-06T12:23:02.1961703Z /usr/bin/tar: ../../../../../usr/local/lib/android/sdk/platforms/android-37.0/data/res/values-mcc310-mnc170: Cannot utime: Operation not permitted
build	Cache Android SDK	2026-06-06T12:23:02.1962153Z /usr/bin/tar: ../../../../../usr/local/lib/android/sdk/platforms/android-37.0/data/res/values-mcc310-mnc170: Cannot change mode to rwxr-xr-x: Operation not permitted
build	Cache Android SDK	2026-06-06T12:23:02.1964717Z /usr/bin/tar: ../../../../../usr/local/lib/android/sdk/platforms/android-37.0/data/res/values-mcc310-mnc150-hy: Cannot utime: Operation not permitted
build	Cache Android SDK	2026-06-06T12:23:02.1965186Z /usr/bin/tar: ../../../../../usr/local/lib/android/sdk/platforms/android-37.0/data/res/values-mcc310-mnc150-hy: Cannot change mode to rwxr-xr-x: Operation not permitted
build	Cache Android SDK	2026-06-06T12:23:02.1968324Z /usr/bin/tar: ../../../../../usr/local/lib/android/sdk/platforms/android-37.0/data/res/values-mcc310-mnc560-en-rAU: Cannot utime: Operation not permitted
build	Cache Android SDK	2026-06-06T12:23:02.1968898Z /usr/bin/tar: ../../../../../usr/local/lib/android/sdk/platforms/android-37.0/data/res/values-mcc310-mnc560-en-rAU: Cannot change mode to rwxr-xr-x: Operation not permitted
build	Cache Android SDK	2026-06-06T12:23:02.1971073Z /usr/bin/tar: ../../../../../usr/local/lib/android/sdk/platforms/android-37.0/data/res/values-it-neuter: Cannot utime: Operation not permitted
build	Cache Android SDK	2026-06-06T12:23:02.1971525Z /usr/bin/tar: ../../../../../usr/local/lib/android/sdk/platforms/android-37.0/data/res/values-it-neuter: Cannot change mode to rwxr-xr-x: Operation not permitted
build	Cache Android SDK	2026-06-06T12:23:02.1974113Z /usr/bin/tar: ../../../../../usr/local/lib/android/sdk/platforms/android-37.0/data/res/values-mcc716-mnc17: Cannot utime: Operation not permitted
build	Cache Android SDK	2026-06-06T12:23:02.1974578Z /usr/bin/tar: ../../../../../usr/local/lib/android/sdk/platforms/android-37.0/data/res/values-mcc716-mnc17: Cannot change mode to rwxr-xr-x: Operation not permitted
build	Cache Android SDK	2026-06-06T12:23:02.1977168Z /usr/bin/tar: ../../../../../usr/local/lib/android/sdk/platforms/android-37.0/data/res/values-mcc310-mnc560-de: Cannot utime: Operation not permitted
build	Cache Android SDK	2026-06-06T12:23:02.1977883Z /usr/bin/tar: ../../../../../usr/local/lib/android/sdk/platforms/android-37.0/data/res/values-mcc310-mnc560-de: Cannot change mode to rwxr-xr-x: Operation not permitted
build	Cache Android SDK	2026-06-06T12:23:02.1980266Z /usr/bin/tar: ../../../../../usr/local/lib/android/sdk/platforms/android-37.0/data/res/values-mcc334-mnc020-tl: Cannot utime: Operation not permitted
build	Cache Android SDK	2026-06-06T12:23:02.1980734Z /usr/bin/tar: ../../../../../usr/local/lib/android/sdk/platforms/android-37.0/data/res/values-mcc334-mnc020-tl: Cannot change mode to rwxr-xr-x: Operation not permitted
build	Cache Android SDK	2026-06-06T12:23:02.1983431Z /usr/bin/tar: ../../../../../usr/local/lib/android/sdk/platforms/android-37.0/data/res/values-mcc310-mnc150-ur: Cannot utime: Operation not permitted
build	Cache Android SDK	2026-06-06T12:23:02.1983882Z /usr/bin/tar: ../../../../../usr/local/lib/android/sdk/platforms/android-37.0/data/res/values-mcc310-mnc150-ur: Cannot change mode to rwxr-xr-x: Operation not permitted
build	Cache Android SDK	2026-06-06T12:23:02.1986435Z /usr/bin/tar: ../../../../../usr/local/lib/android/sdk/platforms/android-37.0/data/res/values-mcc310-mnc250-fr: Cannot utime: Operation not permitted
build	Cache Android SDK	2026-06-06T12:23:02.1988221Z /usr/bin/tar: ../../../../../usr/local/lib/android/sdk/platforms/android-37.0/data/res/values-mcc310-mnc250-fr: Cannot change mode to rwxr-xr-x: Operation not permitted
build	Cache Android SDK	2026-06-06T12:23:02.1989560Z /usr/bin/tar: ../../../../../usr/local/lib/android/sdk/platforms/android-37.0/data/res/values-mcc310-mnc950-tl: Cannot utime: Operation not permitted
build	Cache Android SDK	2026-06-06T12:23:02.1990183Z /usr/bin/tar: ../../../../../usr/local/lib/android/sdk/platforms/android-37.0/data/res/values-mcc310-mnc950-tl: Cannot change mode to rwxr-xr-x: Operation not permitted
build	Cache Android SDK	2026-06-06T12:23:02.1992530Z /usr/bin/tar: ../../../../../usr/local/lib/android/sdk/platforms/android-37.0/data/res/values-mcc310-mnc160-fr: Cannot utime: Operation not permitted
build	Cache Android SDK	2026-06-06T12:23:02.1992995Z /usr/bin/tar: ../../../../../usr/local/lib/android/sdk/platforms/android-37.0/data/res/values-mcc310-mnc160-fr: Cannot change mode to rwxr-xr-x: Operation not permitted
build	Cache Android SDK	2026-06-06T12:23:02.1995789Z /usr/bin/tar: ../../../../../usr/local/lib/android/sdk/platforms/android-37.0/data/res/values-mcc313-mnc100-en-rGB: Cannot utime: Operation not permitted
build	Cache Android SDK	2026-06-06T12:23:02.1996245Z /usr/bin/tar: ../../../../../usr/local/lib/android/sdk/platforms/android-37.0/data/res/values-mcc313-mnc100-en-rGB: Cannot change mode to rwxr-xr-x: Operation not permitted
build	Cache Android SDK	2026-06-06T12:23:02.1999328Z /usr/bin/tar: ../../../../../usr/local/lib/android/sdk/platforms/android-37.0/data/res/values-mcc310-mnc560-gl: Cannot utime: Operation not permitted
build	Cache Android SDK	2026-06-06T12:23:02.1999779Z /usr/bin/tar: ../../../../../usr/local/lib/android/sdk/platforms/android-37.0/data/res/values-mcc310-mnc560-gl: Cannot change mode to rwxr-xr-x: Operation not permitted
build	Cache Android SDK	2026-06-06T12:23:02.2002696Z /usr/bin/tar: ../../../../../usr/local/lib/android/sdk/platforms/android-37.0/data/res/values-mcc310-mnc560-lo: Cannot utime: Operation not permitted
build	Cache Android SDK	2026-06-06T12:23:02.2003152Z /usr/bin/tar: ../../../../../usr/local/lib/android/sdk/platforms/android-37.0/data/res/values-mcc310-mnc560-lo: Cannot change mode to rwxr-xr-x: Operation not permitted
build	Cache Android SDK	2026-06-06T12:23:02.2005896Z /usr/bin/tar: ../../../../../usr/local/lib/android/sdk/platforms/android-37.0/data/res/values-mcc310-mnc160-pl: Cannot utime: Operation not permitted
build	Cache Android SDK	2026-06-06T12:23:02.2006342Z /usr/bin/tar: ../../../../../usr/local/lib/android/sdk/platforms/android-37.0/data/res/values-mcc310-mnc160-pl: Cannot change mode to rwxr-xr-x: Operation not permitted
build	Cache Android SDK	2026-06-06T12:23:02.2009218Z /usr/bin/tar: ../../../../../usr/local/lib/android/sdk/platforms/android-37.0/data/res/values-mcc310-mnc250-ca: Cannot utime: Operation not permitted
build	Cache Android SDK	2026-06-06T12:23:02.2009673Z /usr/bin/tar: ../../../../../usr/local/lib/android/sdk/platforms/android-37.0/data/res/values-mcc310-mnc250-ca: Cannot change mode to rwxr-xr-x: Operation not permitted
build	Cache Android SDK	2026-06-06T12:23:02.2012791Z /usr/bin/tar: ../../../../../usr/local/lib/android/sdk/platforms/android-37.0/data/res/values-mcc310-mnc240-pt-rPT: Cannot utime: Operation not permitted
build	Cache Android SDK	2026-06-06T12:23:02.2013374Z /usr/bin/tar: ../../../../../usr/local/lib/android/sdk/platforms/android-37.0/data/res/values-mcc310-mnc240-pt-rPT: Cannot change mode to rwxr-xr-x: Operation not permitted
build	Cache Android SDK	2026-06-06T12:23:02.2015940Z /usr/bin/tar: ../../../../../usr/local/lib/android/sdk/platforms/android-37.0/data/res/values-mcc310-mnc560-in: Cannot utime: Operation not permitted
build	Cache Android SDK	2026-06-06T12:23:02.2016460Z /usr/bin/tar: ../../../../../usr/local/lib/android/sdk/platforms/android-37.0/data/res/values-mcc310-mnc560-in: Cannot change mode to rwxr-xr-x: Operation not permitted
build	Cache Android SDK	2026-06-06T12:23:02.2019609Z /usr/bin/tar: ../../../../../usr/local/lib/android/sdk/platforms/android-37.0/data/res/values-mcc425-mnc07: Cannot utime: Operation not permitted
build	Cache Android SDK	2026-06-06T12:23:02.2020059Z /usr/bin/tar: ../../../../../usr/local/lib/android/sdk/platforms/android-37.0/data/res/values-mcc425-mnc07: Cannot change mode to rwxr-xr-x: Operation not permitted
build	Cache Android SDK	2026-06-06T12:23:02.2022784Z /usr/bin/tar: ../../../../../usr/local/lib/android/sdk/platforms/android-37.0/data/res/values-mcc311-mnc190: Cannot utime: Operation not permitted
build	Cache Android SDK	2026-06-06T12:23:02.2023235Z /usr/bin/tar: ../../../../../usr/local/lib/android/sdk/platforms/android-37.0/data/res/values-mcc311-mnc190: Cannot change mode to rwxr-xr-x: Operation not permitted
build	Cache Android SDK	2026-06-06T12:23:02.2026319Z /usr/bin/tar: ../../../../../usr/local/lib/android/sdk/platforms/android-37.0/data/res/values-mcc310-mnc030-cs: Cannot utime: Operation not permitted
build	Cache Android SDK	2026-06-06T12:23:02.2026767Z /usr/bin/tar: ../../../../../usr/local/lib/android/sdk/platforms/android-37.0/data/res/values-mcc310-mnc030-cs: Cannot change mode to rwxr-xr-x: Operation not permitted
build	Cache Android SDK	2026-06-06T12:23:02.2029859Z /usr/bin/tar: ../../../../../usr/local/lib/android/sdk/platforms/android-37.0/data/res/values-mcc310-mnc250-mr: Cannot utime: Operation not permitted
build	Cache Android SDK	2026-06-06T12:23:02.2030325Z /usr/bin/tar: ../../../../../usr/local/lib/android/sdk/platforms/android-37.0/data/res/values-mcc310-mnc250-mr: Cannot change mode to rwxr-xr-x: Operation not permitted
build	Cache Android SDK	2026-06-06T12:23:02.2032991Z /usr/bin/tar: ../../../../../usr/local/lib/android/sdk/platforms/android-37.0/data/res/values-mcc310-mnc270-pt-rPT: Cannot utime: Operation not permitted
build	Cache Android SDK	2026-06-06T12:23:02.2033459Z /usr/bin/tar: ../../../../../usr/local/lib/android/sdk/platforms/android-37.0/data/res/values-mcc310-mnc270-pt-rPT: Cannot change mode to rwxr-xr-x: Operation not permitted
build	Cache Android SDK	2026-06-06T12:23:02.2036293Z /usr/bin/tar: ../../../../../usr/local/lib/android/sdk/platforms/android-37.0/data/res/values-fr-television: Cannot utime: Operation not permitted
build	Cache Android SDK	2026-06-06T12:23:02.2036741Z /usr/bin/tar: ../../../../../usr/local/lib/android/sdk/platforms/android-37.0/data/res/values-fr-television: Cannot change mode to rwxr-xr-x: Operation not permitted
build	Cache Android SDK	2026-06-06T12:23:02.2040994Z /usr/bin/tar: ../../../../../usr/local/lib/android/sdk/platforms/android-37.0/data/res/values-ar-watch: Cannot utime: Operation not permitted
build	Cache Android SDK	2026-06-06T12:23:02.2041437Z /usr/bin/tar: ../../../../../usr/local/lib/android/sdk/platforms/android-37.0/data/res/values-ar-watch: Cannot change mode to rwxr-xr-x: Operation not permitted
build	Cache Android SDK	2026-06-06T12:23:02.2044147Z /usr/bin/tar: ../../../../../usr/local/lib/android/sdk/platforms/android-37.0/data/res/values-mcc310-mnc030-es-rUS: Cannot utime: Operation not permitted
build	Cache Android SDK	2026-06-06T12:23:02.2044624Z /usr/bin/tar: ../../../../../usr/local/lib/android/sdk/platforms/android-37.0/data/res/values-mcc310-mnc030-es-rUS: Cannot change mode to rwxr-xr-x: Operation not permitted
build	Cache Android SDK	2026-06-06T12:23:02.2047936Z /usr/bin/tar: ../../../../../usr/local/lib/android/sdk/platforms/android-37.0/data/res/values-mcc310-mnc030-zh-rTW: Cannot utime: Operation not permitted
build	Cache Android SDK	2026-06-06T12:23:02.2048407Z /usr/bin/tar: ../../../../../usr/local/lib/android/sdk/platforms/android-37.0/data/res/values-mcc310-mnc030-zh-rTW: Cannot change mode to rwxr-xr-x: Operation not permitted
build	Cache Android SDK	2026-06-06T12:23:02.2052339Z /usr/bin/tar: ../../../../../usr/local/lib/android/sdk/platforms/android-37.0/data/res/values-mcc001-mnc01-en-rIN: Cannot utime: Operation not permitted
build	Cache Android SDK	2026-06-06T12:23:02.2052815Z /usr/bin/tar: ../../../../../usr/local/lib/android/sdk/platforms/android-37.0/data/res/values-mcc001-mnc01-en-rIN: Cannot change mode to rwxr-xr-x: Operation not permitted
build	Cache Android SDK	2026-06-06T12:23:02.2055969Z /usr/bin/tar: ../../../../../usr/local/lib/android/sdk/platforms/android-37.0/data/res/values-mcc310-mnc310-mk: Cannot utime: Operation not permitted
build	Cache Android SDK	2026-06-06T12:23:02.2056597Z /usr/bin/tar: ../../../../../usr/local/lib/android/sdk/platforms/android-37.0/data/res/values-mcc310-mnc310-mk: Cannot change mode to rwxr-xr-x: Operation not permitted
build	Cache Android SDK	2026-06-06T12:23:02.2059778Z /usr/bin/tar: ../../../../../usr/local/lib/android/sdk/platforms/android-37.0/data/res/values-mcc302-mnc370-hi: Cannot utime: Operation not permitted
build	Cache Android SDK	2026-06-06T12:23:02.2060246Z /usr/bin/tar: ../../../../../usr/local/lib/android/sdk/platforms/android-37.0/data/res/values-mcc302-mnc370-hi: Cannot change mode to rwxr-xr-x: Operation not permitted
build	Cache Android SDK	2026-06-06T12:23:02.2062615Z /usr/bin/tar: ../../../../../usr/local/lib/android/sdk/platforms/android-37.0/data/res/values-mcc312-mnc670-uz: Cannot utime: Operation not permitted
build	Cache Android SDK	2026-06-06T12:23:02.2063081Z /usr/bin/tar: ../../../../../usr/local/lib/android/sdk/platforms/android-37.0/data/res/values-mcc312-mnc670-uz: Cannot change mode to rwxr-xr-x: Operation not permitted
build	Cache Android SDK	2026-06-06T12:23:02.2066223Z /usr/bin/tar: ../../../../../usr/local/lib/android/sdk/platforms/android-37.0/data/res/values-mcc311-mnc180-ml: Cannot utime: Operation not permitted
build	Cache Android SDK	2026-06-06T12:23:02.2066692Z /usr/bin/tar: ../../../../../usr/local/lib/android/sdk/platforms/android-37.0/data/res/values-mcc311-mnc180-ml: Cannot change mode to rwxr-xr-x: Operation not permitted
build	Cache Android SDK	2026-06-06T12:23:02.2069367Z /usr/bin/tar: ../../../../../usr/local/lib/android/sdk/platforms/android-37.0/data/res/values-zh-rCN-watch: Cannot utime: Operation not permitted
build	Cache Android SDK	2026-06-06T12:23:02.2069838Z /usr/bin/tar: ../../../../../usr/local/lib/android/sdk/platforms/android-37.0/data/res/values-zh-rCN-watch: Cannot change mode to rwxr-xr-x: Operation not permitted
build	Cache Android SDK	2026-06-06T12:23:02.2073101Z /usr/bin/tar: ../../../../../usr/local/lib/android/sdk/platforms/android-37.0/data/res/values-mcc310-mnc170-kk: Cannot utime: Operation not permitted
build	Cache Android SDK	2026-06-06T12:23:02.2073572Z /usr/bin/tar: ../../../../../usr/local/lib/android/sdk/platforms/android-37.0/data/res/values-mcc310-mnc170-kk: Cannot change mode to rwxr-xr-x: Operation not permitted
build	Cache Android SDK	2026-06-06T12:23:02.2076108Z /usr/bin/tar: ../../../../../usr/local/lib/android/sdk/platforms/android-37.0/data/res/values-mcc310-mnc660-fi: Cannot utime: Operation not permitted
build	Cache Android SDK	2026-06-06T12:23:02.2076570Z /usr/bin/tar: ../../../../../usr/local/lib/android/sdk/platforms/android-37.0/data/res/values-mcc310-mnc660-fi: Cannot change mode to rwxr-xr-x: Operation not permitted
build	Cache Android SDK	2026-06-06T12:23:02.2082354Z /usr/bin/tar: ../../../../../usr/local/lib/android/sdk/platforms/android-37.0/data/res/values-mcc310-mnc240-mk: Cannot utime: Operation not permitted
build	Cache Android SDK	2026-06-06T12:23:02.2082829Z /usr/bin/tar: ../../../../../usr/local/lib/android/sdk/platforms/android-37.0/data/res/values-mcc310-mnc240-mk: Cannot change mode to rwxr-xr-x: Operation not permitted
build	Cache Android SDK	2026-06-06T12:23:02.2087801Z /usr/bin/tar: ../../../../../usr/local/lib/android/sdk/platforms/android-37.0/data/res/values-tl-television: Cannot utime: Operation not permitted
build	Cache Android SDK	2026-06-06T12:23:02.2088274Z /usr/bin/tar: ../../../../../usr/local/lib/android/sdk/platforms/android-37.0/data/res/values-tl-television: Cannot change mode to rwxr-xr-x: Operation not permitted
build	Cache Android SDK	2026-06-06T12:23:02.2091000Z /usr/bin/tar: ../../../../../usr/local/lib/android/sdk/platforms/android-37.0/data/res/values-mcc310-mnc950-uz: Cannot utime: Operation not permitted
build	Cache Android SDK	2026-06-06T12:23:02.2091454Z /usr/bin/tar: ../../../../../usr/local/lib/android/sdk/platforms/android-37.0/data/res/values-mcc310-mnc950-uz: Cannot change mode to rwxr-xr-x: Operation not permitted
build	Cache Android SDK	2026-06-06T12:23:02.2094999Z /usr/bin/tar: ../../../../../usr/local/lib/android/sdk/platforms/android-37.0/data/res/color-car: Cannot utime: Operation not permitted
build	Cache Android SDK	2026-06-06T12:23:02.2095409Z /usr/bin/tar: ../../../../../usr/local/lib/android/sdk/platforms/android-37.0/data/res/color-car: Cannot change mode to rwxr-xr-x: Operation not permitted
build	Cache Android SDK	2026-06-06T12:23:02.2098775Z /usr/bin/tar: ../../../../../usr/local/lib/android/sdk/platforms/android-37.0/data/res/values-mcc310-mnc220-ml: Cannot utime: Operation not permitted
build	Cache Android SDK	2026-06-06T12:23:02.2099311Z /usr/bin/tar: ../../../../../usr/local/lib/android/sdk/platforms/android-37.0/data/res/values-mcc310-mnc220-ml: Cannot change mode to rwxr-xr-x: Operation not permitted
build	Cache Android SDK	2026-06-06T12:23:02.2102842Z /usr/bin/tar: ../../../../../usr/local/lib/android/sdk/platforms/android-37.0/data/res/values-mcc310-mnc160-zh-rCN: Cannot utime: Operation not permitted
build	Cache Android SDK	2026-06-06T12:23:02.2103308Z /usr/bin/tar: ../../../../../usr/local/lib/android/sdk/platforms/android-37.0/data/res/values-mcc310-mnc160-zh-rCN: Cannot change mode to rwxr-xr-x: Operation not permitted
build	Cache Android SDK	2026-06-06T12:23:02.2105978Z /usr/bin/tar: ../../../../../usr/local/lib/android/sdk/platforms/android-37.0/data/res/values-sw1500dp-110dpi: Cannot utime: Operation not permitted
build	Cache Android SDK	2026-06-06T12:23:02.2106442Z /usr/bin/tar: ../../../../../usr/local/lib/android/sdk/platforms/android-37.0/data/res/values-sw1500dp-110dpi: Cannot change mode to rwxr-xr-x: Operation not permitted
build	Cache Android SDK	2026-06-06T12:23:02.2109622Z /usr/bin/tar: ../../../../../usr/local/lib/android/sdk/platforms/android-37.0/data/res/values-mcc310-mnc160-sl: Cannot utime: Operation not permitted
build	Cache Android SDK	2026-06-06T12:23:02.2110072Z /usr/bin/tar: ../../../../../usr/local/lib/android/sdk/platforms/android-37.0/data/res/values-mcc310-mnc160-sl: Cannot change mode to rwxr-xr-x: Operation not permitted
build	Cache Android SDK	2026-06-06T12:23:02.2112878Z /usr/bin/tar: ../../../../../usr/local/lib/android/sdk/platforms/android-37.0/data/res/values-mcc310-mnc410-bn: Cannot utime: Operation not permitted
build	Cache Android SDK	2026-06-06T12:23:02.2113334Z /usr/bin/tar: ../../../../../usr/local/lib/android/sdk/platforms/android-37.0/data/res/values-mcc310-mnc410-bn: Cannot change mode to rwxr-xr-x: Operation not permitted
build	Cache Android SDK	2026-06-06T12:23:02.2116145Z /usr/bin/tar: ../../../../../usr/local/lib/android/sdk/platforms/android-37.0/data/res/values-mcc310-mnc380-da: Cannot utime: Operation not permitted
build	Cache Android SDK	2026-06-06T12:23:02.2116596Z /usr/bin/tar: ../../../../../usr/local/lib/android/sdk/platforms/android-37.0/data/res/values-mcc310-mnc380-da: Cannot change mode to rwxr-xr-x: Operation not permitted
build	Cache Android SDK	2026-06-06T12:23:02.2119925Z /usr/bin/tar: ../../../../../usr/local/lib/android/sdk/platforms/android-37.0/data/res/values-mcc310-mnc950-nb: Cannot utime: Operation not permitted
build	Cache Android SDK	2026-06-06T12:23:02.2120364Z /usr/bin/tar: ../../../../../usr/local/lib/android/sdk/platforms/android-37.0/data/res/values-mcc310-mnc950-nb: Cannot change mode to rwxr-xr-x: Operation not permitted
build	Cache Android SDK	2026-06-06T12:23:02.2122766Z /usr/bin/tar: ../../../../../usr/local/lib/android/sdk/platforms/android-37.0/data/res/values-mcc001-mnc01-hr: Cannot utime: Operation not permitted
build	Cache Android SDK	2026-06-06T12:23:02.2123214Z /usr/bin/tar: ../../../../../usr/local/lib/android/sdk/platforms/android-37.0/data/res/values-mcc001-mnc01-hr: Cannot change mode to rwxr-xr-x: Operation not permitted
build	Cache Android SDK	2026-06-06T12:23:02.2131272Z /usr/bin/tar: ../../../../../usr/local/lib/android/sdk/platforms/android-37.0/data/res/values-sr: Cannot utime: Operation not permitted
build	Cache Android SDK	2026-06-06T12:23:02.2131793Z /usr/bin/tar: ../../../../../usr/local/lib/android/sdk/platforms/android-37.0/data/res/values-sr: Cannot change mode to rwxr-xr-x: Operation not permitted
build	Cache Android SDK	2026-06-06T12:23:02.2134312Z /usr/bin/tar: ../../../../../usr/local/lib/android/sdk/platforms/android-37.0/data/res/values-mcc310-mnc660-ca: Cannot utime: Operation not permitted
build	Cache Android SDK	2026-06-06T12:23:02.2134791Z /usr/bin/tar: ../../../../../usr/local/lib/android/sdk/platforms/android-37.0/data/res/values-mcc310-mnc660-ca: Cannot change mode to rwxr-xr-x: Operation not permitted
build	Cache Android SDK	2026-06-06T12:23:02.2137940Z /usr/bin/tar: ../../../../../usr/local/lib/android/sdk/platforms/android-37.0/data/res/values-mcc310-mnc380-cs: Cannot utime: Operation not permitted
build	Cache Android SDK	2026-06-06T12:23:02.2138466Z /usr/bin/tar: ../../../../../usr/local/lib/android/sdk/platforms/android-37.0/data/res/values-mcc310-mnc380-cs: Cannot change mode to rwxr-xr-x: Operation not permitted
build	Cache Android SDK	2026-06-06T12:23:02.2140865Z /usr/bin/tar: ../../../../../usr/local/lib/android/sdk/platforms/android-37.0/data/res/values-mcc310-mnc280-gl: Cannot utime: Operation not permitted
build	Cache Android SDK	2026-06-06T12:23:02.2141489Z /usr/bin/tar: ../../../../../usr/local/lib/android/sdk/platforms/android-37.0/data/res/values-mcc310-mnc280-gl: Cannot change mode to rwxr-xr-x: Operation not permitted
build	Cache Android SDK	2026-06-06T12:23:02.2144046Z /usr/bin/tar: ../../../../../usr/local/lib/android/sdk/platforms/android-37.0/data/res/values-mcc310-mnc280-ml: Cannot utime: Operation not permitted
build	Cache Android SDK	2026-06-06T12:23:02.2144517Z /usr/bin/tar: ../../../../../usr/local/lib/android/sdk/platforms/android-37.0/data/res/values-mcc310-mnc280-ml: Cannot change mode to rwxr-xr-x: Operation not permitted
build	Cache Android SDK	2026-06-06T12:23:02.2147301Z /usr/bin/tar: ../../../../../usr/local/lib/android/sdk/platforms/android-37.0/data/res/values-mcc310-mnc950-be: Cannot utime: Operation not permitted
build	Cache Android SDK	2026-06-06T12:23:02.2147889Z /usr/bin/tar: ../../../../../usr/local/lib/android/sdk/platforms/android-37.0/data/res/values-mcc310-mnc950-be: Cannot change mode to rwxr-xr-x: Operation not permitted
build	Cache Android SDK	2026-06-06T12:23:02.2155733Z /usr/bin/tar: ../../../../../usr/local/lib/android/sdk/platforms/android-37.0/data/res/values-mcc334-mnc020-el: Cannot utime: Operation not permitted
build	Cache Android SDK	2026-06-06T12:23:02.2156304Z /usr/bin/tar: ../../../../../usr/local/lib/android/sdk/platforms/android-37.0/data/res/values-mcc334-mnc020-el: Cannot change mode to rwxr-xr-x: Operation not permitted
build	Cache Android SDK	2026-06-06T12:23:02.2159443Z /usr/bin/tar: ../../../../../usr/local/lib/android/sdk/platforms/android-37.0/data/res/values-mcc313-mnc100-tl: Cannot utime: Operation not permitted
build	Cache Android SDK	2026-06-06T12:23:02.2160000Z /usr/bin/tar: ../../../../../usr/local/lib/android/sdk/platforms/android-37.0/data/res/values-mcc313-mnc100-tl: Cannot change mode to rwxr-xr-x: Operation not permitted
build	Cache Android SDK	2026-06-06T12:23:02.2162124Z /usr/bin/tar: ../../../../../usr/local/lib/android/sdk/platforms/android-37.0/data/res/values-mcc310-mnc800-mr: Cannot utime: Operation not permitted
build	Cache Android SDK	2026-06-06T12:23:02.2162587Z /usr/bin/tar: ../../../../../usr/local/lib/android/sdk/platforms/android-37.0/data/res/values-mcc310-mnc800-mr: Cannot change mode to rwxr-xr-x: Operation not permitted
build	Cache Android SDK	2026-06-06T12:23:02.2165123Z /usr/bin/tar: ../../../../../usr/local/lib/android/sdk/platforms/android-37.0/data/res/values-mcc310-mnc150-pa: Cannot utime: Operation not permitted
build	Cache Android SDK	2026-06-06T12:23:02.2165586Z /usr/bin/tar: ../../../../../usr/local/lib/android/sdk/platforms/android-37.0/data/res/values-mcc310-mnc150-pa: Cannot change mode to rwxr-xr-x: Operation not permitted
build	Cache Android SDK	2026-06-06T12:23:02.2168941Z /usr/bin/tar: ../../../../../usr/local/lib/android/sdk/platforms/android-37.0/data/res/values-hr-rHR: Cannot utime: Operation not permitted
build	Cache Android SDK	2026-06-06T12:23:02.2169385Z /usr/bin/tar: ../../../../../usr/local/lib/android/sdk/platforms/android-37.0/data/res/values-hr-rHR: Cannot change mode to rwxr-xr-x: Operation not permitted
build	Cache Android SDK	2026-06-06T12:23:02.2172314Z /usr/bin/tar: ../../../../../usr/local/lib/android/sdk/platforms/android-37.0/data/res/values-mcc740: Cannot utime: Operation not permitted
build	Cache Android SDK	2026-06-06T12:23:02.2172764Z /usr/bin/tar: ../../../../../usr/local/lib/android/sdk/platforms/android-37.0/data/res/values-mcc740: Cannot change mode to rwxr-xr-x: Operation not permitted
build	Cache Android SDK	2026-06-06T12:23:02.2176136Z /usr/bin/tar: ../../../../../usr/local/lib/android/sdk/platforms/android-37.0/data/res/values-mcc310-mnc560-lt: Cannot utime: Operation not permitted
build	Cache Android SDK	2026-06-06T12:23:02.2176596Z /usr/bin/tar: ../../../../../usr/local/lib/android/sdk/platforms/android-37.0/data/res/values-mcc310-mnc560-lt: Cannot change mode to rwxr-xr-x: Operation not permitted
build	Cache Android SDK	2026-06-06T12:23:02.2179309Z /usr/bin/tar: ../../../../../usr/local/lib/android/sdk/platforms/android-37.0/data/res/values-mcc310-mnc150-ro: Cannot utime: Operation not permitted
build	Cache Android SDK	2026-06-06T12:23:02.2179754Z /usr/bin/tar: ../../../../../usr/local/lib/android/sdk/platforms/android-37.0/data/res/values-mcc310-mnc150-ro: Cannot change mode to rwxr-xr-x: Operation not permitted
build	Cache Android SDK	2026-06-06T12:23:02.2182487Z /usr/bin/tar: ../../../../../usr/local/lib/android/sdk/platforms/android-37.0/data/res/values-mcc310-mnc170-ta: Cannot utime: Operation not permitted
build	Cache Android SDK	2026-06-06T12:23:02.2183049Z /usr/bin/tar: ../../../../../usr/local/lib/android/sdk/platforms/android-37.0/data/res/values-mcc310-mnc170-ta: Cannot change mode to rwxr-xr-x: Operation not permitted
build	Cache Android SDK	2026-06-06T12:23:02.2185951Z /usr/bin/tar: ../../../../../usr/local/lib/android/sdk/platforms/android-37.0/data/res/values-mcc310-mnc950-fa: Cannot utime: Operation not permitted
build	Cache Android SDK	2026-06-06T12:23:02.2186408Z /usr/bin/tar: ../../../../../usr/local/lib/android/sdk/platforms/android-37.0/data/res/values-mcc310-mnc950-fa: Cannot change mode to rwxr-xr-x: Operation not permitted
build	Cache Android SDK	2026-06-06T12:23:02.2189205Z /usr/bin/tar: ../../../../../usr/local/lib/android/sdk/platforms/android-37.0/data/res/values-mcc310-mnc210-uk: Cannot utime: Operation not permitted
build	Cache Android SDK	2026-06-06T12:23:02.2189649Z /usr/bin/tar: ../../../../../usr/local/lib/android/sdk/platforms/android-37.0/data/res/values-mcc310-mnc210-uk: Cannot change mode to rwxr-xr-x: Operation not permitted
build	Cache Android SDK	2026-06-06T12:23:02.2192927Z /usr/bin/tar: ../../../../../usr/local/lib/android/sdk/platforms/android-37.0/data/res/values-mcc310-mnc410-as: Cannot utime: Operation not permitted
build	Cache Android SDK	2026-06-06T12:23:02.2193385Z /usr/bin/tar: ../../../../../usr/local/lib/android/sdk/platforms/android-37.0/data/res/values-mcc310-mnc410-as: Cannot change mode to rwxr-xr-x: Operation not permitted
build	Cache Android SDK	2026-06-06T12:23:02.2196043Z /usr/bin/tar: ../../../../../usr/local/lib/android/sdk/platforms/android-37.0/data/res/values-mcc310-mnc160-ja: Cannot utime: Operation not permitted
build	Cache Android SDK	2026-06-06T12:23:02.2196497Z /usr/bin/tar: ../../../../../usr/local/lib/android/sdk/platforms/android-37.0/data/res/values-mcc310-mnc160-ja: Cannot change mode to rwxr-xr-x: Operation not permitted
build	Cache Android SDK	2026-06-06T12:23:02.2199469Z /usr/bin/tar: ../../../../../usr/local/lib/android/sdk/platforms/android-37.0/data/res/values-mcc001-mnc01-si: Cannot utime: Operation not permitted
build	Cache Android SDK	2026-06-06T12:23:02.2199917Z /usr/bin/tar: ../../../../../usr/local/lib/android/sdk/platforms/android-37.0/data/res/values-mcc001-mnc01-si: Cannot change mode to rwxr-xr-x: Operation not permitted
build	Cache Android SDK	2026-06-06T12:23:02.2202637Z /usr/bin/tar: ../../../../../usr/local/lib/android/sdk/platforms/android-37.0/data/res/values-mcc001-mnc01-kn: Cannot utime: Operation not permitted
build	Cache Android SDK	2026-06-06T12:23:02.2203085Z /usr/bin/tar: ../../../../../usr/local/lib/android/sdk/platforms/android-37.0/data/res/values-mcc001-mnc01-kn: Cannot change mode to rwxr-xr-x: Operation not permitted
build	Cache Android SDK	2026-06-06T12:23:02.2205781Z /usr/bin/tar: ../../../../../usr/local/lib/android/sdk/platforms/android-37.0/data/res/values-mcc311-mnc180-ta: Cannot utime: Operation not permitted
build	Cache Android SDK	2026-06-06T12:23:02.2206236Z /usr/bin/tar: ../../../../../usr/local/lib/android/sdk/platforms/android-37.0/data/res/values-mcc311-mnc180-ta: Cannot change mode to rwxr-xr-x: Operation not permitted
build	Cache Android SDK	2026-06-06T12:23:02.2209029Z /usr/bin/tar: ../../../../../usr/local/lib/android/sdk/platforms/android-37.0/data/res/values-fr-rCA-television: Cannot utime: Operation not permitted
build	Cache Android SDK	2026-06-06T12:23:02.2209498Z /usr/bin/tar: ../../../../../usr/local/lib/android/sdk/platforms/android-37.0/data/res/values-fr-rCA-television: Cannot change mode to rwxr-xr-x: Operation not permitted
build	Cache Android SDK	2026-06-06T12:23:02.2212028Z /usr/bin/tar: ../../../../../usr/local/lib/android/sdk/platforms/android-37.0/data/res/values-mcc311-mnc180: Cannot utime: Operation not permitted
build	Cache Android SDK	2026-06-06T12:23:02.2212488Z /usr/bin/tar: ../../../../../usr/local/lib/android/sdk/platforms/android-37.0/data/res/values-mcc311-mnc180: Cannot change mode to rwxr-xr-x: Operation not permitted
build	Cache Android SDK	2026-06-06T12:23:02.2215444Z /usr/bin/tar: ../../../../../usr/local/lib/android/sdk/platforms/android-37.0/data/res/values-mcc310-mnc200-lv: Cannot utime: Operation not permitted
build	Cache Android SDK	2026-06-06T12:23:02.2215897Z /usr/bin/tar: ../../../../../usr/local/lib/android/sdk/platforms/android-37.0/data/res/values-mcc310-mnc200-lv: Cannot change mode to rwxr-xr-x: Operation not permitted
build	Cache Android SDK	2026-06-06T12:23:02.2218616Z /usr/bin/tar: ../../../../../usr/local/lib/android/sdk/platforms/android-37.0/data/res/values-mcc310-mnc310-ta: Cannot utime: Operation not permitted
build	Cache Android SDK	2026-06-06T12:23:02.2219145Z /usr/bin/tar: ../../../../../usr/local/lib/android/sdk/platforms/android-37.0/data/res/values-mcc310-mnc310-ta: Cannot change mode to rwxr-xr-x: Operation not permitted
build	Cache Android SDK	2026-06-06T12:23:02.2222928Z /usr/bin/tar: ../../../../../usr/local/lib/android/sdk/platforms/android-37.0/data/res/values-mcc310-mnc270-it: Cannot utime: Operation not permitted
build	Cache Android SDK	2026-06-06T12:23:02.2223401Z /usr/bin/tar: ../../../../../usr/local/lib/android/sdk/platforms/android-37.0/data/res/values-mcc310-mnc270-it: Cannot change mode to rwxr-xr-x: Operation not permitted
build	Cache Android SDK	2026-06-06T12:23:02.2226164Z /usr/bin/tar: ../../../../../usr/local/lib/android/sdk/platforms/android-37.0/data/res/values-mcc311-mnc180-hi: Cannot utime: Operation not permitted
build	Cache Android SDK	2026-06-06T12:23:02.2226624Z /usr/bin/tar: ../../../../../usr/local/lib/android/sdk/platforms/android-37.0/data/res/values-mcc311-mnc180-hi: Cannot change mode to rwxr-xr-x: Operation not permitted
build	Cache Android SDK	2026-06-06T12:23:02.2229451Z /usr/bin/tar: ../../../../../usr/local/lib/android/sdk/platforms/android-37.0/data/res/values-mcc310-mnc280-b+sr+Latn: Cannot utime: Operation not permitted
build	Cache Android SDK	2026-06-06T12:23:02.2229937Z /usr/bin/tar: ../../../../../usr/local/lib/android/sdk/platforms/android-37.0/data/res/values-mcc310-mnc280-b+sr+Latn: Cannot change mode to rwxr-xr-x: Operation not permitted
build	Cache Android SDK	2026-06-06T12:23:02.2232817Z /usr/bin/tar: ../../../../../usr/local/lib/android/sdk/platforms/android-37.0/data/res/values-en-rXC-television: Cannot utime: Operation not permitted
build	Cache Android SDK	2026-06-06T12:23:02.2233297Z /usr/bin/tar: ../../../../../usr/local/lib/android/sdk/platforms/android-37.0/data/res/values-en-rXC-television: Cannot change mode to rwxr-xr-x: Operation not permitted
build	Cache Android SDK	2026-06-06T12:23:02.2236070Z /usr/bin/tar: ../../../../../usr/local/lib/android/sdk/platforms/android-37.0/data/res/values-mcc310-mnc170-kn: Cannot utime: Operation not permitted
build	Cache Android SDK	2026-06-06T12:23:02.2236529Z /usr/bin/tar: ../../../../../usr/local/lib/android/sdk/platforms/android-37.0/data/res/values-mcc310-mnc170-kn: Cannot change mode to rwxr-xr-x: Operation not permitted
build	Cache Android SDK	2026-06-06T12:23:02.2239367Z /usr/bin/tar: ../../../../../usr/local/lib/android/sdk/platforms/android-37.0/data/res/values-mcc001-mnc01-ur: Cannot utime: Operation not permitted
build	Cache Android SDK	2026-06-06T12:23:02.2239949Z /usr/bin/tar: ../../../../../usr/local/lib/android/sdk/platforms/android-37.0/data/res/values-mcc001-mnc01-ur: Cannot change mode to rwxr-xr-x: Operation not permitted
build	Cache Android SDK	2026-06-06T12:23:02.2242314Z /usr/bin/tar: ../../../../../usr/local/lib/android/sdk/platforms/android-37.0/data/res/values-mcc310-mnc560-zu: Cannot utime: Operation not permitted
build	Cache Android SDK	2026-06-06T12:23:02.2242763Z /usr/bin/tar: ../../../../../usr/local/lib/android/sdk/platforms/android-37.0/data/res/values-mcc310-mnc560-zu: Cannot change mode to rwxr-xr-x: Operation not permitted
build	Cache Android SDK	2026-06-06T12:23:02.2246014Z /usr/bin/tar: ../../../../../usr/local/lib/android/sdk/platforms/android-37.0/data/res/values-mcc310-mnc200-uk: Cannot utime: Operation not permitted
build	Cache Android SDK	2026-06-06T12:23:02.2469394Z /usr/bin/tar: ../../../../../usr/local/lib/android/sdk/platforms/android-37.0/data/res/values-mcc310-mnc200-uk: Cannot change mode to rwxr-xr-x: Operation not permitted
build	Cache Android SDK	2026-06-06T12:23:02.2469815Z /usr/bin/tar: ../../../../../usr/local/lib/android/sdk/platforms/android-37.0/data/res/drawable-ldpi: Cannot utime: Operation not permitted
build	Cache Android SDK	2026-06-06T12:23:02.2470258Z /usr/bin/tar: ../../../../../usr/local/lib/android/sdk/platforms/android-37.0/data/res/drawable-ldpi: Cannot change mode to rwxr-xr-x: Operation not permitted
build	Cache Android SDK	2026-06-06T12:23:02.2472953Z /usr/bin/tar: ../../../../../usr/local/lib/android/sdk/platforms/android-37.0/data/res/values-mcc310-mnc220-ka: Cannot utime: Operation not permitted
build	Cache Android SDK	2026-06-06T12:23:02.2473408Z /usr/bin/tar: ../../../../../usr/local/lib/android/sdk/platforms/android-37.0/data/res/values-mcc310-mnc220-ka: Cannot change mode to rwxr-xr-x: Operation not permitted
build	Cache Android SDK	2026-06-06T12:23:02.2475999Z /usr/bin/tar: ../../../../../usr/local/lib/android/sdk/platforms/android-37.0/data/res/values-mcc310-mnc170-ml: Cannot utime: Operation not permitted
build	Cache Android SDK	2026-06-06T12:23:02.2476445Z /usr/bin/tar: ../../../../../usr/local/lib/android/sdk/platforms/android-37.0/data/res/values-mcc310-mnc170-ml: Cannot change mode to rwxr-xr-x: Operation not permitted
build	Cache Android SDK	2026-06-06T12:23:02.2480519Z /usr/bin/tar: ../../../../../usr/local/lib/android/sdk/platforms/android-37.0/data/res/values-mcc310-mnc380-ar: Cannot utime: Operation not permitted
build	Cache Android SDK	2026-06-06T12:23:02.2480968Z /usr/bin/tar: ../../../../../usr/local/lib/android/sdk/platforms/android-37.0/data/res/values-mcc310-mnc380-ar: Cannot change mode to rwxr-xr-x: Operation not permitted
build	Cache Android SDK	2026-06-06T12:23:02.2483903Z /usr/bin/tar: ../../../../../usr/local/lib/android/sdk/platforms/android-37.0/data/res/values-mcc310-mnc160-af: Cannot utime: Operation not permitted
build	Cache Android SDK	2026-06-06T12:23:02.2484436Z /usr/bin/tar: ../../../../../usr/local/lib/android/sdk/platforms/android-37.0/data/res/values-mcc310-mnc160-af: Cannot change mode to rwxr-xr-x: Operation not permitted
build	Cache Android SDK	2026-06-06T12:23:02.2487929Z /usr/bin/tar: ../../../../../usr/local/lib/android/sdk/platforms/android-37.0/data/res/values-mcc310-mnc660-bs: Cannot utime: Operation not permitted
build	Cache Android SDK	2026-06-06T12:23:02.2488376Z /usr/bin/tar: ../../../../../usr/local/lib/android/sdk/platforms/android-37.0/data/res/values-mcc310-mnc660-bs: Cannot change mode to rwxr-xr-x: Operation not permitted
build	Cache Android SDK	2026-06-06T12:23:02.2491255Z /usr/bin/tar: ../../../../../usr/local/lib/android/sdk/platforms/android-37.0/data/res/values-sv-television: Cannot utime: Operation not permitted
build	Cache Android SDK	2026-06-06T12:23:02.2491703Z /usr/bin/tar: ../../../../../usr/local/lib/android/sdk/platforms/android-37.0/data/res/values-sv-television: Cannot change mode to rwxr-xr-x: Operation not permitted
build	Cache Android SDK	2026-06-06T12:23:02.2494412Z /usr/bin/tar: ../../../../../usr/local/lib/android/sdk/platforms/android-37.0/data/res/values-mcc310-mnc150-nl: Cannot utime: Operation not permitted
build	Cache Android SDK	2026-06-06T12:23:02.2494853Z /usr/bin/tar: ../../../../../usr/local/lib/android/sdk/platforms/android-37.0/data/res/values-mcc310-mnc150-nl: Cannot change mode to rwxr-xr-x: Operation not permitted
build	Cache Android SDK	2026-06-06T12:23:02.2497798Z /usr/bin/tar: ../../../../../usr/local/lib/android/sdk/platforms/android-37.0/data/res/values-mcc310-mnc270-en-rGB: Cannot utime: Operation not permitted
build	Cache Android SDK	2026-06-06T12:23:02.2498368Z /usr/bin/tar: ../../../../../usr/local/lib/android/sdk/platforms/android-37.0/data/res/values-mcc310-mnc270-en-rGB: Cannot change mode to rwxr-xr-x: Operation not permitted
build	Cache Android SDK	2026-06-06T12:23:02.2500721Z /usr/bin/tar: ../../../../../usr/local/lib/android/sdk/platforms/android-37.0/data/res/values-mcc316: Cannot utime: Operation not permitted
build	Cache Android SDK	2026-06-06T12:23:02.2501142Z /usr/bin/tar: ../../../../../usr/local/lib/android/sdk/platforms/android-37.0/data/res/values-mcc316: Cannot change mode to rwxr-xr-x: Operation not permitted
build	Cache Android SDK	2026-06-06T12:23:02.2503841Z /usr/bin/tar: ../../../../../usr/local/lib/android/sdk/platforms/android-37.0/data/res/values-mcc001-mnc01-fa: Cannot utime: Operation not permitted
build	Cache Android SDK	2026-06-06T12:23:02.2504285Z /usr/bin/tar: ../../../../../usr/local/lib/android/sdk/platforms/android-37.0/data/res/values-mcc001-mnc01-fa: Cannot change mode to rwxr-xr-x: Operation not permitted
build	Cache Android SDK	2026-06-06T12:23:02.2507017Z /usr/bin/tar: ../../../../../usr/local/lib/android/sdk/platforms/android-37.0/data/res/values-mcc310-mnc220-eu: Cannot utime: Operation not permitted
build	Cache Android SDK	2026-06-06T12:23:02.2507749Z /usr/bin/tar: ../../../../../usr/local/lib/android/sdk/platforms/android-37.0/data/res/values-mcc310-mnc220-eu: Cannot change mode to rwxr-xr-x: Operation not permitted
build	Cache Android SDK	2026-06-06T12:23:02.2510504Z /usr/bin/tar: ../../../../../usr/local/lib/android/sdk/platforms/android-37.0/data/res/values-mcc310-mnc240: Cannot utime: Operation not permitted
build	Cache Android SDK	2026-06-06T12:23:02.2510941Z /usr/bin/tar: ../../../../../usr/local/lib/android/sdk/platforms/android-37.0/data/res/values-mcc310-mnc240: Cannot change mode to rwxr-xr-x: Operation not permitted
build	Cache Android SDK	2026-06-06T12:23:02.2513881Z /usr/bin/tar: ../../../../../usr/local/lib/android/sdk/platforms/android-37.0/data/res/values-mcc313-mnc100-sw: Cannot utime: Operation not permitted
build	Cache Android SDK	2026-06-06T12:23:02.2514320Z /usr/bin/tar: ../../../../../usr/local/lib/android/sdk/platforms/android-37.0/data/res/values-mcc313-mnc100-sw: Cannot change mode to rwxr-xr-x: Operation not permitted
build	Cache Android SDK	2026-06-06T12:23:02.2517313Z /usr/bin/tar: ../../../../../usr/local/lib/android/sdk/platforms/android-37.0/data/res/values-mcc310-mnc230-ro: Cannot utime: Operation not permitted
build	Cache Android SDK	2026-06-06T12:23:02.2517897Z /usr/bin/tar: ../../../../../usr/local/lib/android/sdk/platforms/android-37.0/data/res/values-mcc310-mnc230-ro: Cannot change mode to rwxr-xr-x: Operation not permitted
build	Cache Android SDK	2026-06-06T12:23:02.2520663Z /usr/bin/tar: ../../../../../usr/local/lib/android/sdk/platforms/android-37.0/data/res/values-mcc310-mnc660-zh-rCN: Cannot utime: Operation not permitted
build	Cache Android SDK	2026-06-06T12:23:02.2521216Z /usr/bin/tar: ../../../../../usr/local/lib/android/sdk/platforms/android-37.0/data/res/values-mcc310-mnc660-zh-rCN: Cannot change mode to rwxr-xr-x: Operation not permitted
build	Cache Android SDK	2026-06-06T12:23:02.2524525Z /usr/bin/tar: ../../../../../usr/local/lib/android/sdk/platforms/android-37.0/data/res/values-mcc310-mnc310-lv: Cannot utime: Operation not permitted
build	Cache Android SDK	2026-06-06T12:23:02.2525040Z /usr/bin/tar: ../../../../../usr/local/lib/android/sdk/platforms/android-37.0/data/res/values-mcc310-mnc310-lv: Cannot change mode to rwxr-xr-x: Operation not permitted
build	Cache Android SDK	2026-06-06T12:23:02.2527787Z /usr/bin/tar: ../../../../../usr/local/lib/android/sdk/platforms/android-37.0/data/res/values-mcc310-mnc950-km: Cannot utime: Operation not permitted
build	Cache Android SDK	2026-06-06T12:23:02.2528244Z /usr/bin/tar: ../../../../../usr/local/lib/android/sdk/platforms/android-37.0/data/res/values-mcc310-mnc950-km: Cannot change mode to rwxr-xr-x: Operation not permitted
build	Cache Android SDK	2026-06-06T12:23:02.2530902Z /usr/bin/tar: ../../../../../usr/local/lib/android/sdk/platforms/android-37.0/data/res/values-mcc310-mnc560-ar: Cannot utime: Operation not permitted
build	Cache Android SDK	2026-06-06T12:23:02.2531361Z /usr/bin/tar: ../../../../../usr/local/lib/android/sdk/platforms/android-37.0/data/res/values-mcc310-mnc560-ar: Cannot change mode to rwxr-xr-x: Operation not permitted
build	Cache Android SDK	2026-06-06T12:23:02.2534058Z /usr/bin/tar: ../../../../../usr/local/lib/android/sdk/platforms/android-37.0/data/res/values-mcc310-mnc230-mr: Cannot utime: Operation not permitted
build	Cache Android SDK	2026-06-06T12:23:02.2534600Z /usr/bin/tar: ../../../../../usr/local/lib/android/sdk/platforms/android-37.0/data/res/values-mcc310-mnc230-mr: Cannot change mode to rwxr-xr-x: Operation not permitted
build	Cache Android SDK	2026-06-06T12:23:02.2537162Z /usr/bin/tar: ../../../../../usr/local/lib/android/sdk/platforms/android-37.0/data/res/values-mcc310-mnc230-mk: Cannot utime: Operation not permitted
build	Cache Android SDK	2026-06-06T12:23:02.2537771Z /usr/bin/tar: ../../../../../usr/local/lib/android/sdk/platforms/android-37.0/data/res/values-mcc310-mnc230-mk: Cannot change mode to rwxr-xr-x: Operation not permitted
build	Cache Android SDK	2026-06-06T12:23:02.2540608Z /usr/bin/tar: ../../../../../usr/local/lib/android/sdk/platforms/android-37.0/data/res/values-mcc311-mnc180-ca: Cannot utime: Operation not permitted
build	Cache Android SDK	2026-06-06T12:23:02.2541160Z /usr/bin/tar: ../../../../../usr/local/lib/android/sdk/platforms/android-37.0/data/res/values-mcc311-mnc180-ca: Cannot change mode to rwxr-xr-x: Operation not permitted
build	Cache Android SDK	2026-06-06T12:23:02.2560202Z /usr/bin/tar: ../../../../../usr/local/lib/android/sdk/platforms/android-37.0/data/res/drawable-nodpi: Cannot utime: Operation not permitted
build	Cache Android SDK	2026-06-06T12:23:02.2560823Z /usr/bin/tar: ../../../../../usr/local/lib/android/sdk/platforms/android-37.0/data/res/drawable-nodpi: Cannot change mode to rwxr-xr-x: Operation not permitted
build	Cache Android SDK	2026-06-06T12:23:02.2562892Z /usr/bin/tar: ../../../../../usr/local/lib/android/sdk/platforms/android-37.0/data/res/values-fr-rCA-masculine: Cannot utime: Operation not permitted
build	Cache Android SDK	2026-06-06T12:23:02.2563370Z /usr/bin/tar: ../../../../../usr/local/lib/android/sdk/platforms/android-37.0/data/res/values-fr-rCA-masculine: Cannot change mode to rwxr-xr-x: Operation not permitted
build	Cache Android SDK	2026-06-06T12:23:02.2566401Z /usr/bin/tar: ../../../../../usr/local/lib/android/sdk/platforms/android-37.0/data/res/values-w208dp: Cannot utime: Operation not permitted
build	Cache Android SDK	2026-06-06T12:23:02.2566857Z /usr/bin/tar: ../../../../../usr/local/lib/android/sdk/platforms/android-37.0/data/res/values-w208dp: Cannot change mode to rwxr-xr-x: Operation not permitted
build	Cache Android SDK	2026-06-06T12:23:02.2569205Z /usr/bin/tar: ../../../../../usr/local/lib/android/sdk/platforms/android-37.0/data/res/values-mcc310-mnc030-lo: Cannot utime: Operation not permitted
build	Cache Android SDK	2026-06-06T12:23:02.2569664Z /usr/bin/tar: ../../../../../usr/local/lib/android/sdk/platforms/android-37.0/data/res/values-mcc310-mnc030-lo: Cannot change mode to rwxr-xr-x: Operation not permitted
build	Cache Android SDK	2026-06-06T12:23:02.2572802Z /usr/bin/tar: ../../../../../usr/local/lib/android/sdk/platforms/android-37.0/data/res/values-mcc310-mnc240-sv: Cannot utime: Operation not permitted
build	Cache Android SDK	2026-06-06T12:23:02.2573383Z /usr/bin/tar: ../../../../../usr/local/lib/android/sdk/platforms/android-37.0/data/res/values-mcc310-mnc240-sv: Cannot change mode to rwxr-xr-x: Operation not permitted
build	Cache Android SDK	2026-06-06T12:23:02.2575326Z /usr/bin/tar: ../../../../../usr/local/lib/android/sdk/platforms/android-37.0/data/res/values-mcc310-mnc240-am: Cannot utime: Operation not permitted
build	Cache Android SDK	2026-06-06T12:23:02.2575789Z /usr/bin/tar: ../../../../../usr/local/lib/android/sdk/platforms/android-37.0/data/res/values-mcc310-mnc240-am: Cannot change mode to rwxr-xr-x: Operation not permitted
build	Cache Android SDK	2026-06-06T12:23:02.2578894Z /usr/bin/tar: ../../../../../usr/local/lib/android/sdk/platforms/android-37.0/data/res/values-mcc234-mnc20: Cannot utime: Operation not permitted
build	Cache Android SDK	2026-06-06T12:23:02.2579357Z /usr/bin/tar: ../../../../../usr/local/lib/android/sdk/platforms/android-37.0/data/res/values-mcc234-mnc20: Cannot change mode to rwxr-xr-x: Operation not permitted
build	Cache Android SDK	2026-06-06T12:23:02.2581932Z /usr/bin/tar: ../../../../../usr/local/lib/android/sdk/platforms/android-37.0/data/res/values-mcc310-mnc380-ta: Cannot utime: Operation not permitted
build	Cache Android SDK	2026-06-06T12:23:02.2582401Z /usr/bin/tar: ../../../../../usr/local/lib/android/sdk/platforms/android-37.0/data/res/values-mcc310-mnc380-ta: Cannot change mode to rwxr-xr-x: Operation not permitted
build	Cache Android SDK	2026-06-06T12:23:02.2586568Z /usr/bin/tar: ../../../../../usr/local/lib/android/sdk/platforms/android-37.0/data/res/values-mcc310-mnc170-sq: Cannot utime: Operation not permitted
build	Cache Android SDK	2026-06-06T12:23:02.2587175Z /usr/bin/tar: ../../../../../usr/local/lib/android/sdk/platforms/android-37.0/data/res/values-mcc310-mnc170-sq: Cannot change mode to rwxr-xr-x: Operation not permitted
build	Cache Android SDK	2026-06-06T12:23:02.2589737Z /usr/bin/tar: ../../../../../usr/local/lib/android/sdk/platforms/android-37.0/data/res/values-mcc425: Cannot utime: Operation not permitted
build	Cache Android SDK	2026-06-06T12:23:02.2590276Z /usr/bin/tar: ../../../../../usr/local/lib/android/sdk/platforms/android-37.0/data/res/values-mcc425: Cannot change mode to rwxr-xr-x: Operation not permitted
build	Cache Android SDK	2026-06-06T12:23:02.2595190Z /usr/bin/tar: ../../../../../usr/local/lib/android/sdk/platforms/android-37.0/data/res/values-mcc310-mnc270-et: Cannot utime: Operation not permitted
build	Cache Android SDK	2026-06-06T12:23:02.2595659Z /usr/bin/tar: ../../../../../usr/local/lib/android/sdk/platforms/android-37.0/data/res/values-mcc310-mnc270-et: Cannot change mode to rwxr-xr-x: Operation not permitted
build	Cache Android SDK	2026-06-06T12:23:02.2599602Z /usr/bin/tar: ../../../../../usr/local/lib/android/sdk/platforms/android-37.0/data/res/values-mcc302-mnc720-as: Cannot utime: Operation not permitted
build	Cache Android SDK	2026-06-06T12:23:02.2600286Z /usr/bin/tar: ../../../../../usr/local/lib/android/sdk/platforms/android-37.0/data/res/values-mcc302-mnc720-as: Cannot change mode to rwxr-xr-x: Operation not permitted
build	Cache Android SDK	2026-06-06T12:23:02.2602277Z /usr/bin/tar: ../../../../../usr/local/lib/android/sdk/platforms/android-37.0/data/res/values-mcc310-mnc490-te: Cannot utime: Operation not permitted
build	Cache Android SDK	2026-06-06T12:23:02.2606109Z /usr/bin/tar: ../../../../../usr/local/lib/android/sdk/platforms/android-37.0/data/res/values-mcc310-mnc490-te: Cannot change mode to rwxr-xr-x: Operation not permitted
build	Cache Android SDK	2026-06-06T12:23:02.2606653Z /usr/bin/tar: ../../../../../usr/local/lib/android/sdk/platforms/android-37.0/data/res/values-mcc310-mnc160-th: Cannot utime: Operation not permitted
build	Cache Android SDK	2026-06-06T12:23:02.2607191Z /usr/bin/tar: ../../../../../usr/local/lib/android/sdk/platforms/android-37.0/data/res/values-mcc310-mnc160-th: Cannot change mode to rwxr-xr-x: Operation not permitted
build	Cache Android SDK	2026-06-06T12:23:02.2609252Z /usr/bin/tar: ../../../../../usr/local/lib/android/sdk/platforms/android-37.0/data/res/values-mcc310-mnc200-sr: Cannot utime: Operation not permitted
build	Cache Android SDK	2026-06-06T12:23:02.2609722Z /usr/bin/tar: ../../../../../usr/local/lib/android/sdk/platforms/android-37.0/data/res/values-mcc310-mnc200-sr: Cannot change mode to rwxr-xr-x: Operation not permitted
build	Cache Android SDK	2026-06-06T12:23:02.2616824Z /usr/bin/tar: ../../../../../usr/local/lib/android/sdk/platforms/android-37.0/data/res/values-da: Cannot utime: Operation not permitted
build	Cache Android SDK	2026-06-06T12:23:02.2620144Z /usr/bin/tar: ../../../../../usr/local/lib/android/sdk/platforms/android-37.0/data/res/values-da: Cannot change mode to rwxr-xr-x: Operation not permitted
build	Cache Android SDK	2026-06-06T12:23:02.2620656Z /usr/bin/tar: ../../../../../usr/local/lib/android/sdk/platforms/android-37.0/data/res/values-mcc310-mnc170-et: Cannot utime: Operation not permitted
build	Cache Android SDK	2026-06-06T12:23:02.2621273Z /usr/bin/tar: ../../../../../usr/local/lib/android/sdk/platforms/android-37.0/data/res/values-mcc310-mnc170-et: Cannot change mode to rwxr-xr-x: Operation not permitted
build	Cache Android SDK	2026-06-06T12:23:02.2622748Z /usr/bin/tar: ../../../../../usr/local/lib/android/sdk/platforms/android-37.0/data/res/values-mcc310-mnc160-en-rIN: Cannot utime: Operation not permitted
build	Cache Android SDK	2026-06-06T12:23:02.2623204Z /usr/bin/tar: ../../../../../usr/local/lib/android/sdk/platforms/android-37.0/data/res/values-mcc310-mnc160-en-rIN: Cannot change mode to rwxr-xr-x: Operation not permitted
build	Cache Android SDK	2026-06-06T12:23:02.2625784Z /usr/bin/tar: ../../../../../usr/local/lib/android/sdk/platforms/android-37.0/data/res/values-mcc302-mnc370-da: Cannot utime: Operation not permitted
build	Cache Android SDK	2026-06-06T12:23:02.2626242Z /usr/bin/tar: ../../../../../usr/local/lib/android/sdk/platforms/android-37.0/data/res/values-mcc302-mnc370-da: Cannot change mode to rwxr-xr-x: Operation not permitted
build	Cache Android SDK	2026-06-06T12:23:02.2629173Z /usr/bin/tar: ../../../../../usr/local/lib/android/sdk/platforms/android-37.0/data/res/values-mcc310-mnc490-sv: Cannot utime: Operation not permitted
build	Cache Android SDK	2026-06-06T12:23:02.2629751Z /usr/bin/tar: ../../../../../usr/local/lib/android/sdk/platforms/android-37.0/data/res/values-mcc310-mnc490-sv: Cannot change mode to rwxr-xr-x: Operation not permitted
build	Cache Android SDK	2026-06-06T12:23:02.2632663Z /usr/bin/tar: ../../../../../usr/local/lib/android/sdk/platforms/android-37.0/data/res/values-ru-television: Cannot utime: Operation not permitted
build	Cache Android SDK	2026-06-06T12:23:02.2633109Z /usr/bin/tar: ../../../../../usr/local/lib/android/sdk/platforms/android-37.0/data/res/values-ru-television: Cannot change mode to rwxr-xr-x: Operation not permitted
build	Cache Android SDK	2026-06-06T12:23:02.2635723Z /usr/bin/tar: ../../../../../usr/local/lib/android/sdk/platforms/android-37.0/data/res/values-mcc310-mnc380-it: Cannot utime: Operation not permitted
build	Cache Android SDK	2026-06-06T12:23:02.2636171Z /usr/bin/tar: ../../../../../usr/local/lib/android/sdk/platforms/android-37.0/data/res/values-mcc310-mnc380-it: Cannot change mode to rwxr-xr-x: Operation not permitted
build	Cache Android SDK	2026-06-06T12:23:02.2639050Z /usr/bin/tar: ../../../../../usr/local/lib/android/sdk/platforms/android-37.0/data/res/values-mcc001-mnc01-sw: Cannot utime: Operation not permitted
build	Cache Android SDK	2026-06-06T12:23:02.2639600Z /usr/bin/tar: ../../../../../usr/local/lib/android/sdk/platforms/android-37.0/data/res/values-mcc001-mnc01-sw: Cannot change mode to rwxr-xr-x: Operation not permitted
build	Cache Android SDK	2026-06-06T12:23:02.2643347Z /usr/bin/tar: ../../../../../usr/local/lib/android/sdk/platforms/android-37.0/data/res/values-kn-watch: Cannot utime: Operation not permitted
build	Cache Android SDK	2026-06-06T12:23:02.2643774Z /usr/bin/tar: ../../../../../usr/local/lib/android/sdk/platforms/android-37.0/data/res/values-kn-watch: Cannot change mode to rwxr-xr-x: Operation not permitted
build	Cache Android SDK	2026-06-06T12:23:02.2646758Z /usr/bin/tar: ../../../../../usr/local/lib/android/sdk/platforms/android-37.0/data/res/values-mcc310-mnc660-am: Cannot utime: Operation not permitted
build	Cache Android SDK	2026-06-06T12:23:02.2647214Z /usr/bin/tar: ../../../../../usr/local/lib/android/sdk/platforms/android-37.0/data/res/values-mcc310-mnc660-am: Cannot change mode to rwxr-xr-x: Operation not permitted
build	Cache Android SDK	2026-06-06T12:23:02.2650052Z /usr/bin/tar: ../../../../../usr/local/lib/android/sdk/platforms/android-37.0/data/res/values-mcc310-mnc240-b+sr+Latn: Cannot utime: Operation not permitted
build	Cache Android SDK	2026-06-06T12:23:02.2650547Z /usr/bin/tar: ../../../../../usr/local/lib/android/sdk/platforms/android-37.0/data/res/values-mcc310-mnc240-b+sr+Latn: Cannot change mode to rwxr-xr-x: Operation not permitted
build	Cache Android SDK	2026-06-06T12:23:02.2652686Z /usr/bin/tar: ../../../../../usr/local/lib/android/sdk/platforms/android-37.0/data/res/values-as-watch: Cannot utime: Operation not permitted
build	Cache Android SDK	2026-06-06T12:23:02.2653193Z /usr/bin/tar: ../../../../../usr/local/lib/android/sdk/platforms/android-37.0/data/res/values-as-watch: Cannot change mode to rwxr-xr-x: Operation not permitted
build	Cache Android SDK	2026-06-06T12:23:02.2656295Z /usr/bin/tar: ../../../../../usr/local/lib/android/sdk/platforms/android-37.0/data/res/values-mcc310-mnc270-fa: Cannot utime: Operation not permitted
build	Cache Android SDK	2026-06-06T12:23:02.2656750Z /usr/bin/tar: ../../../../../usr/local/lib/android/sdk/platforms/android-37.0/data/res/values-mcc310-mnc270-fa: Cannot change mode to rwxr-xr-x: Operation not permitted
build	Cache Android SDK	2026-06-06T12:23:02.2659998Z /usr/bin/tar: ../../../../../usr/local/lib/android/sdk/platforms/android-37.0/data/res/values-mcc310-mnc410-ky: Cannot utime: Operation not permitted
build	Cache Android SDK	2026-06-06T12:23:02.2660449Z /usr/bin/tar: ../../../../../usr/local/lib/android/sdk/platforms/android-37.0/data/res/values-mcc310-mnc410-ky: Cannot change mode to rwxr-xr-x: Operation not permitted
build	Cache Android SDK	2026-06-06T12:23:02.2663376Z /usr/bin/tar: ../../../../../usr/local/lib/android/sdk/platforms/android-37.0/data/res/values-mcc310-mnc030-lt: Cannot utime: Operation not permitted
build	Cache Android SDK	2026-06-06T12:23:02.2663821Z /usr/bin/tar: ../../../../../usr/local/lib/android/sdk/platforms/android-37.0/data/res/values-mcc310-mnc030-lt: Cannot change mode to rwxr-xr-x: Operation not permitted
build	Cache Android SDK	2026-06-06T12:23:02.2666330Z /usr/bin/tar: ../../../../../usr/local/lib/android/sdk/platforms/android-37.0/data/res/values-mcc310-mnc030-my: Cannot utime: Operation not permitted
build	Cache Android SDK	2026-06-06T12:23:02.2666853Z /usr/bin/tar: ../../../../../usr/local/lib/android/sdk/platforms/android-37.0/data/res/values-mcc310-mnc030-my: Cannot change mode to rwxr-xr-x: Operation not permitted
build	Cache Android SDK	2026-06-06T12:23:02.2669688Z /usr/bin/tar: ../../../../../usr/local/lib/android/sdk/platforms/android-37.0/data/res/values-mcc310-mnc270-my: Cannot utime: Operation not permitted
build	Cache Android SDK	2026-06-06T12:23:02.2670135Z /usr/bin/tar: ../../../../../usr/local/lib/android/sdk/platforms/android-37.0/data/res/values-mcc310-mnc270-my: Cannot change mode to rwxr-xr-x: Operation not permitted
build	Cache Android SDK	2026-06-06T12:23:02.2673185Z /usr/bin/tar: ../../../../../usr/local/lib/android/sdk/platforms/android-37.0/data/res/values-hi-television: Cannot utime: Operation not permitted
build	Cache Android SDK	2026-06-06T12:23:02.2673751Z /usr/bin/tar: ../../../../../usr/local/lib/android/sdk/platforms/android-37.0/data/res/values-hi-television: Cannot change mode to rwxr-xr-x: Operation not permitted
build	Cache Android SDK	2026-06-06T12:23:02.2676303Z /usr/bin/tar: ../../../../../usr/local/lib/android/sdk/platforms/android-37.0/data/res/values-mcc312-mnc670-sr: Cannot utime: Operation not permitted
build	Cache Android SDK	2026-06-06T12:23:02.2676851Z /usr/bin/tar: ../../../../../usr/local/lib/android/sdk/platforms/android-37.0/data/res/values-mcc312-mnc670-sr: Cannot change mode to rwxr-xr-x: Operation not permitted
build	Cache Android SDK	2026-06-06T12:23:02.2679307Z /usr/bin/tar: ../../../../../usr/local/lib/android/sdk/platforms/android-37.0/data/res/values-mcc310-mnc270-zh-rHK: Cannot utime: Operation not permitted
build	Cache Android SDK	2026-06-06T12:23:02.2679785Z /usr/bin/tar: ../../../../../usr/local/lib/android/sdk/platforms/android-37.0/data/res/values-mcc310-mnc270-zh-rHK: Cannot change mode to rwxr-xr-x: Operation not permitted
build	Cache Android SDK	2026-06-06T12:23:02.2682685Z /usr/bin/tar: ../../../../../usr/local/lib/android/sdk/platforms/android-37.0/data/res/values-mcc310-mnc560-pt: Cannot utime: Operation not permitted
build	Cache Android SDK	2026-06-06T12:23:02.2683370Z /usr/bin/tar: ../../../../../usr/local/lib/android/sdk/platforms/android-37.0/data/res/values-mcc310-mnc560-pt: Cannot change mode to rwxr-xr-x: Operation not permitted
build	Cache Android SDK	2026-06-06T12:23:02.2685805Z /usr/bin/tar: ../../../../../usr/local/lib/android/sdk/platforms/android-37.0/data/res/values-mcc310-mnc160-pt-rPT: Cannot utime: Operation not permitted
build	Cache Android SDK	2026-06-06T12:23:02.2686289Z /usr/bin/tar: ../../../../../usr/local/lib/android/sdk/platforms/android-37.0/data/res/values-mcc310-mnc160-pt-rPT: Cannot change mode to rwxr-xr-x: Operation not permitted
build	Cache Android SDK	2026-06-06T12:23:02.2689133Z /usr/bin/tar: ../../../../../usr/local/lib/android/sdk/platforms/android-37.0/data/res/values-mcc310-mnc490-fa: Cannot utime: Operation not permitted
build	Cache Android SDK	2026-06-06T12:23:02.2689710Z /usr/bin/tar: ../../../../../usr/local/lib/android/sdk/platforms/android-37.0/data/res/values-mcc310-mnc490-fa: Cannot change mode to rwxr-xr-x: Operation not permitted
build	Cache Android SDK	2026-06-06T12:23:02.2692324Z /usr/bin/tar: ../../../../../usr/local/lib/android/sdk/platforms/android-37.0/data/res/values-mcc302-mnc370-sq: Cannot utime: Operation not permitted
build	Cache Android SDK	2026-06-06T12:23:02.2692792Z /usr/bin/tar: ../../../../../usr/local/lib/android/sdk/platforms/android-37.0/data/res/values-mcc302-mnc370-sq: Cannot change mode to rwxr-xr-x: Operation not permitted
build	Cache Android SDK	2026-06-06T12:23:02.2695448Z /usr/bin/tar: ../../../../../usr/local/lib/android/sdk/platforms/android-37.0/data/res/values-mcc310-mnc210-fr: Cannot utime: Operation not permitted
build	Cache Android SDK	2026-06-06T12:23:02.2695895Z /usr/bin/tar: ../../../../../usr/local/lib/android/sdk/platforms/android-37.0/data/res/values-mcc310-mnc210-fr: Cannot change mode to rwxr-xr-x: Operation not permitted
build	Cache Android SDK	2026-06-06T12:23:02.2698777Z /usr/bin/tar: ../../../../../usr/local/lib/android/sdk/platforms/android-37.0/data/res/values-mcc310-mnc030-sl: Cannot utime: Operation not permitted
build	Cache Android SDK	2026-06-06T12:23:02.2699237Z /usr/bin/tar: ../../../../../usr/local/lib/android/sdk/platforms/android-37.0/data/res/values-mcc310-mnc030-sl: Cannot change mode to rwxr-xr-x: Operation not permitted
build	Cache Android SDK	2026-06-06T12:23:02.2703117Z /usr/bin/tar: ../../../../../usr/local/lib/android/sdk/platforms/android-37.0/data/res/values-mcc310-mnc410-tr: Cannot utime: Operation not permitted
build	Cache Android SDK	2026-06-06T12:23:02.2703582Z /usr/bin/tar: ../../../../../usr/local/lib/android/sdk/platforms/android-37.0/data/res/values-mcc310-mnc410-tr: Cannot change mode to rwxr-xr-x: Operation not permitted
build	Cache Android SDK	2026-06-06T12:23:02.2706743Z /usr/bin/tar: ../../../../../usr/local/lib/android/sdk/platforms/android-37.0/data/res/values-mcc302-mnc720-kn: Cannot utime: Operation not permitted
build	Cache Android SDK	2026-06-06T12:23:02.2707188Z /usr/bin/tar: ../../../../../usr/local/lib/android/sdk/platforms/android-37.0/data/res/values-mcc302-mnc720-kn: Cannot change mode to rwxr-xr-x: Operation not permitted
build	Cache Android SDK	2026-06-06T12:23:02.2710103Z /usr/bin/tar: ../../../../../usr/local/lib/android/sdk/platforms/android-37.0/data/res/values-mcc001-mnc01-fr: Cannot utime: Operation not permitted
build	Cache Android SDK	2026-06-06T12:23:02.2710553Z /usr/bin/tar: ../../../../../usr/local/lib/android/sdk/platforms/android-37.0/data/res/values-mcc001-mnc01-fr: Cannot change mode to rwxr-xr-x: Operation not permitted
build	Cache Android SDK	2026-06-06T12:23:02.2713407Z /usr/bin/tar: ../../../../../usr/local/lib/android/sdk/platforms/android-37.0/data/res/values-mcc310-mnc490-sq: Cannot utime: Operation not permitted
build	Cache Android SDK	2026-06-06T12:23:02.2713956Z /usr/bin/tar: ../../../../../usr/local/lib/android/sdk/platforms/android-37.0/data/res/values-mcc310-mnc490-sq: Cannot change mode to rwxr-xr-x: Operation not permitted
build	Cache Android SDK	2026-06-06T12:23:02.2716404Z /usr/bin/tar: ../../../../../usr/local/lib/android/sdk/platforms/android-37.0/data/res/values-mcc310-mnc170-el: Cannot utime: Operation not permitted
build	Cache Android SDK	2026-06-06T12:23:02.2716848Z /usr/bin/tar: ../../../../../usr/local/lib/android/sdk/platforms/android-37.0/data/res/values-mcc310-mnc170-el: Cannot change mode to rwxr-xr-x: Operation not permitted
build	Cache Android SDK	2026-06-06T12:23:02.2719964Z /usr/bin/tar: ../../../../../usr/local/lib/android/sdk/platforms/android-37.0/data/res/values-mcc310-mnc030-fi: Cannot utime: Operation not permitted
build	Cache Android SDK	2026-06-06T12:23:02.2720419Z /usr/bin/tar: ../../../../../usr/local/lib/android/sdk/platforms/android-37.0/data/res/values-mcc310-mnc030-fi: Cannot change mode to rwxr-xr-x: Operation not permitted
build	Cache Android SDK	2026-06-06T12:23:02.2722775Z /usr/bin/tar: ../../../../../usr/local/lib/android/sdk/platforms/android-37.0/data/res/values-mcc310-mnc560-pt-rBR: Cannot utime: Operation not permitted
build	Cache Android SDK	2026-06-06T12:23:02.2723247Z /usr/bin/tar: ../../../../../usr/local/lib/android/sdk/platforms/android-37.0/data/res/values-mcc310-mnc560-pt-rBR: Cannot change mode to rwxr-xr-x: Operation not permitted
build	Cache Android SDK	2026-06-06T12:23:02.2726702Z /usr/bin/tar: ../../../../../usr/local/lib/android/sdk/platforms/android-37.0/data/res/values-mcc310-mnc230-fi: Cannot utime: Operation not permitted
build	Cache Android SDK	2026-06-06T12:23:02.2727151Z /usr/bin/tar: ../../../../../usr/local/lib/android/sdk/platforms/android-37.0/data/res/values-mcc310-mnc230-fi: Cannot change mode to rwxr-xr-x: Operation not permitted
build	Cache Android SDK	2026-06-06T12:23:02.2730206Z /usr/bin/tar: ../../../../../usr/local/lib/android/sdk/platforms/android-37.0/data/res/drawable-w204dp: Cannot utime: Operation not permitted
build	Cache Android SDK	2026-06-06T12:23:02.2730644Z /usr/bin/tar: ../../../../../usr/local/lib/android/sdk/platforms/android-37.0/data/res/drawable-w204dp: Cannot change mode to rwxr-xr-x: Operation not permitted
build	Cache Android SDK	2026-06-06T12:23:02.2733245Z /usr/bin/tar: ../../../../../usr/local/lib/android/sdk/platforms/android-37.0/data/res/values-mcc310-mnc170-it: Cannot utime: Operation not permitted
build	Cache Android SDK	2026-06-06T12:23:02.2733692Z /usr/bin/tar: ../../../../../usr/local/lib/android/sdk/platforms/android-37.0/data/res/values-mcc310-mnc170-it: Cannot change mode to rwxr-xr-x: Operation not permitted
build	Cache Android SDK	2026-06-06T12:23:02.2740782Z /usr/bin/tar: ../../../../../usr/local/lib/android/sdk/platforms/android-37.0/data/res/values-as: Cannot utime: Operation not permitted
build	Cache Android SDK	2026-06-06T12:23:02.2741234Z /usr/bin/tar: ../../../../../usr/local/lib/android/sdk/platforms/android-37.0/data/res/values-as: Cannot change mode to rwxr-xr-x: Operation not permitted
build	Cache Android SDK	2026-06-06T12:23:02.2743690Z /usr/bin/tar: ../../../../../usr/local/lib/android/sdk/platforms/android-37.0/data/res/values-w320dp-h426dp: Cannot utime: Operation not permitted
build	Cache Android SDK	2026-06-06T12:23:02.2746788Z /usr/bin/tar: ../../../../../usr/local/lib/android/sdk/platforms/android-37.0/data/res/values-w320dp-h426dp: Cannot change mode to rwxr-xr-x: Operation not permitted
build	Cache Android SDK	2026-06-06T12:23:02.2747205Z /usr/bin/tar: ../../../../../usr/local/lib/android/sdk/platforms/android-37.0/data/res/values-mcc310-mnc270-bs: Cannot utime: Operation not permitted
build	Cache Android SDK	2026-06-06T12:23:02.2747827Z /usr/bin/tar: ../../../../../usr/local/lib/android/sdk/platforms/android-37.0/data/res/values-mcc310-mnc270-bs: Cannot change mode to rwxr-xr-x: Operation not permitted
build	Cache Android SDK	2026-06-06T12:23:02.2752414Z /usr/bin/tar: ../../../../../usr/local/lib/android/sdk/platforms/android-37.0/data/res/values-mcc310-mnc230-sr: Cannot utime: Operation not permitted
build	Cache Android SDK	2026-06-06T12:23:02.2752868Z /usr/bin/tar: ../../../../../usr/local/lib/android/sdk/platforms/android-37.0/data/res/values-mcc310-mnc230-sr: Cannot change mode to rwxr-xr-x: Operation not permitted
build	Cache Android SDK	2026-06-06T12:23:02.2756037Z /usr/bin/tar: ../../../../../usr/local/lib/android/sdk/platforms/android-37.0/data/res/values-mcc313-mnc100-si: Cannot utime: Operation not permitted
build	Cache Android SDK	2026-06-06T12:23:02.2756493Z /usr/bin/tar: ../../../../../usr/local/lib/android/sdk/platforms/android-37.0/data/res/values-mcc313-mnc100-si: Cannot change mode to rwxr-xr-x: Operation not permitted
build	Cache Android SDK	2026-06-06T12:23:02.2762935Z /usr/bin/tar: ../../../../../usr/local/lib/android/sdk/platforms/android-37.0/data/res/values-bs: Cannot utime: Operation not permitted
build	Cache Android SDK	2026-06-06T12:23:02.2764076Z /usr/bin/tar: ../../../../../usr/local/lib/android/sdk/platforms/android-37.0/data/res/values-bs: Cannot change mode to rwxr-xr-x: Operation not permitted
build	Cache Android SDK	2026-06-06T12:23:02.2767743Z /usr/bin/tar: ../../../../../usr/local/lib/android/sdk/platforms/android-37.0/data/res/values-mcc310-mnc230-pt-rPT: Cannot utime: Operation not permitted
build	Cache Android SDK	2026-06-06T12:23:02.2768268Z /usr/bin/tar: ../../../../../usr/local/lib/android/sdk/platforms/android-37.0/data/res/values-mcc310-mnc230-pt-rPT: Cannot change mode to rwxr-xr-x: Operation not permitted
build	Cache Android SDK	2026-06-06T12:23:02.2770600Z /usr/bin/tar: ../../../../../usr/local/lib/android/sdk/platforms/android-37.0/data/res/values-mcc310-mnc170-zh-rCN: Cannot utime: Operation not permitted
build	Cache Android SDK	2026-06-06T12:23:02.2771153Z /usr/bin/tar: ../../../../../usr/local/lib/android/sdk/platforms/android-37.0/data/res/values-mcc310-mnc170-zh-rCN: Cannot change mode to rwxr-xr-x: Operation not permitted
build	Cache Android SDK	2026-06-06T12:23:02.2773816Z /usr/bin/tar: ../../../../../usr/local/lib/android/sdk/platforms/android-37.0/data/res/values-mcc313-mnc100-lo: Cannot utime: Operation not permitted
build	Cache Android SDK	2026-06-06T12:23:02.2774390Z /usr/bin/tar: ../../../../../usr/local/lib/android/sdk/platforms/android-37.0/data/res/values-mcc313-mnc100-lo: Cannot change mode to rwxr-xr-x: Operation not permitted
build	Cache Android SDK	2026-06-06T12:23:02.2777156Z /usr/bin/tar: ../../../../../usr/local/lib/android/sdk/platforms/android-37.0/data/res/values-mcc302-mnc370-th: Cannot utime: Operation not permitted
build	Cache Android SDK	2026-06-06T12:23:02.2777887Z /usr/bin/tar: ../../../../../usr/local/lib/android/sdk/platforms/android-37.0/data/res/values-mcc302-mnc370-th: Cannot change mode to rwxr-xr-x: Operation not permitted
build	Cache Android SDK	2026-06-06T12:23:02.2783025Z /usr/bin/tar: ../../../../../usr/local/lib/android/sdk/platforms/android-37.0/data/res/values-mcc310-mnc160-si: Cannot utime: Operation not permitted
build	Cache Android SDK	2026-06-06T12:23:02.2783489Z /usr/bin/tar: ../../../../../usr/local/lib/android/sdk/platforms/android-37.0/data/res/values-mcc310-mnc160-si: Cannot change mode to rwxr-xr-x: Operation not permitted
build	Cache Android SDK	2026-06-06T12:23:02.2786684Z /usr/bin/tar: ../../../../../usr/local/lib/android/sdk/platforms/android-37.0/data/res/values-mcc311-mnc180-or: Cannot utime: Operation not permitted
build	Cache Android SDK	2026-06-06T12:23:02.2787287Z /usr/bin/tar: ../../../../../usr/local/lib/android/sdk/platforms/android-37.0/data/res/values-mcc311-mnc180-or: Cannot change mode to rwxr-xr-x: Operation not permitted
build	Cache Android SDK	2026-06-06T12:23:02.2789649Z /usr/bin/tar: ../../../../../usr/local/lib/android/sdk/platforms/android-37.0/data/res/values-mcc312-mnc670-hu: Cannot utime: Operation not permitted
build	Cache Android SDK	2026-06-06T12:23:02.2790226Z /usr/bin/tar: ../../../../../usr/local/lib/android/sdk/platforms/android-37.0/data/res/values-mcc312-mnc670-hu: Cannot change mode to rwxr-xr-x: Operation not permitted
build	Cache Android SDK	2026-06-06T12:23:02.2792830Z /usr/bin/tar: ../../../../../usr/local/lib/android/sdk/platforms/android-37.0/data/res/values-mcc302-mnc720-ml: Cannot utime: Operation not permitted
build	Cache Android SDK	2026-06-06T12:23:02.2793305Z /usr/bin/tar: ../../../../../usr/local/lib/android/sdk/platforms/android-37.0/data/res/values-mcc302-mnc720-ml: Cannot change mode to rwxr-xr-x: Operation not permitted
build	Cache Android SDK	2026-06-06T12:23:02.2795711Z /usr/bin/tar: ../../../../../usr/local/lib/android/sdk/platforms/android-37.0/data/res/values-mcc310-mnc410-pt: Cannot utime: Operation not permitted
build	Cache Android SDK	2026-06-06T12:23:02.2796176Z /usr/bin/tar: ../../../../../usr/local/lib/android/sdk/platforms/android-37.0/data/res/values-mcc310-mnc410-pt: Cannot change mode to rwxr-xr-x: Operation not permitted
build	Cache Android SDK	2026-06-06T12:23:02.2799268Z /usr/bin/tar: ../../../../../usr/local/lib/android/sdk/platforms/android-37.0/data/res/values-mcc313-mnc100-zu: Cannot utime: Operation not permitted
build	Cache Android SDK	2026-06-06T12:23:02.2800122Z /usr/bin/tar: ../../../../../usr/local/lib/android/sdk/platforms/android-37.0/data/res/values-mcc313-mnc100-zu: Cannot change mode to rwxr-xr-x: Operation not permitted
build	Cache Android SDK	2026-06-06T12:23:02.2803300Z /usr/bin/tar: ../../../../../usr/local/lib/android/sdk/platforms/android-37.0/data/res/values-mcc310-mnc560-ca: Cannot utime: Operation not permitted
build	Cache Android SDK	2026-06-06T12:23:02.2803854Z /usr/bin/tar: ../../../../../usr/local/lib/android/sdk/platforms/android-37.0/data/res/values-mcc310-mnc560-ca: Cannot change mode to rwxr-xr-x: Operation not permitted
build	Cache Android SDK	2026-06-06T12:23:02.2806466Z /usr/bin/tar: ../../../../../usr/local/lib/android/sdk/platforms/android-37.0/data/res/values-bg-watch: Cannot utime: Operation not permitted
build	Cache Android SDK	2026-06-06T12:23:02.2807059Z /usr/bin/tar: ../../../../../usr/local/lib/android/sdk/platforms/android-37.0/data/res/values-bg-watch: Cannot change mode to rwxr-xr-x: Operation not permitted
build	Cache Android SDK	2026-06-06T12:23:02.3171789Z /usr/bin/tar: ../../../../../usr/local/lib/android/sdk/platforms/android-37.0/data/res/drawable: Cannot utime: Operation not permitted
build	Cache Android SDK	2026-06-06T12:23:02.3172457Z /usr/bin/tar: ../../../../../usr/local/lib/android/sdk/platforms/android-37.0/data/res/drawable: Cannot change mode to rwxr-xr-x: Operation not permitted
build	Cache Android SDK	2026-06-06T12:23:02.3174467Z /usr/bin/tar: ../../../../../usr/local/lib/android/sdk/platforms/android-37.0/data/res/values-mcc310-mnc280-te: Cannot utime: Operation not permitted
build	Cache Android SDK	2026-06-06T12:23:02.3174958Z /usr/bin/tar: ../../../../../usr/local/lib/android/sdk/platforms/android-37.0/data/res/values-mcc310-mnc280-te: Cannot change mode to rwxr-xr-x: Operation not permitted
build	Cache Android SDK	2026-06-06T12:23:02.3178080Z /usr/bin/tar: ../../../../../usr/local/lib/android/sdk/platforms/android-37.0/data/res/values-mcc312-mnc670-lo: Cannot utime: Operation not permitted
build	Cache Android SDK	2026-06-06T12:23:02.3178613Z /usr/bin/tar: ../../../../../usr/local/lib/android/sdk/platforms/android-37.0/data/res/values-mcc312-mnc670-lo: Cannot change mode to rwxr-xr-x: Operation not permitted
build	Cache Android SDK	2026-06-06T12:23:02.3181102Z /usr/bin/tar: ../../../../../usr/local/lib/android/sdk/platforms/android-37.0/data/res/values-mcc310-mnc210-ro: Cannot utime: Operation not permitted
build	Cache Android SDK	2026-06-06T12:23:02.3181578Z /usr/bin/tar: ../../../../../usr/local/lib/android/sdk/platforms/android-37.0/data/res/values-mcc310-mnc210-ro: Cannot change mode to rwxr-xr-x: Operation not permitted
build	Cache Android SDK	2026-06-06T12:23:02.3184014Z /usr/bin/tar: ../../../../../usr/local/lib/android/sdk/platforms/android-37.0/data/res/values-mcc302-mnc720-be: Cannot utime: Operation not permitted
build	Cache Android SDK	2026-06-06T12:23:02.3184477Z /usr/bin/tar: ../../../../../usr/local/lib/android/sdk/platforms/android-37.0/data/res/values-mcc302-mnc720-be: Cannot change mode to rwxr-xr-x: Operation not permitted
build	Cache Android SDK	2026-06-06T12:23:02.3186955Z /usr/bin/tar: ../../../../../usr/local/lib/android/sdk/platforms/android-37.0/data/res/values-ne-television: Cannot utime: Operation not permitted
build	Cache Android SDK	2026-06-06T12:23:02.3187595Z /usr/bin/tar: ../../../../../usr/local/lib/android/sdk/platforms/android-37.0/data/res/values-ne-television: Cannot change mode to rwxr-xr-x: Operation not permitted
build	Cache Android SDK	2026-06-06T12:23:02.3190219Z /usr/bin/tar: ../../../../../usr/local/lib/android/sdk/platforms/android-37.0/data/res/values-mcc310-mnc660-ms: Cannot utime: Operation not permitted
build	Cache Android SDK	2026-06-06T12:23:02.3190700Z /usr/bin/tar: ../../../../../usr/local/lib/android/sdk/platforms/android-37.0/data/res/values-mcc310-mnc660-ms: Cannot change mode to rwxr-xr-x: Operation not permitted
build	Cache Android SDK	2026-06-06T12:23:02.3195305Z /usr/bin/tar: ../../../../../usr/local/lib/android/sdk/platforms/android-37.0/data/res/values-mcc310-mnc490-hy: Cannot utime: Operation not permitted
build	Cache Android SDK	2026-06-06T12:23:02.3195772Z /usr/bin/tar: ../../../../../usr/local/lib/android/sdk/platforms/android-37.0/data/res/values-mcc310-mnc490-hy: Cannot change mode to rwxr-xr-x: Operation not permitted
build	Cache Android SDK	2026-06-06T12:23:02.3198692Z /usr/bin/tar: ../../../../../usr/local/lib/android/sdk/platforms/android-37.0/data/res/values-mcc311-mnc180-as: Cannot utime: Operation not permitted
build	Cache Android SDK	2026-06-06T12:23:02.3199161Z /usr/bin/tar: ../../../../../usr/local/lib/android/sdk/platforms/android-37.0/data/res/values-mcc311-mnc180-as: Cannot change mode to rwxr-xr-x: Operation not permitted
build	Cache Android SDK	2026-06-06T12:23:02.3202863Z /usr/bin/tar: ../../../../../usr/local/lib/android/sdk/platforms/android-37.0/data/res/values-zh-rHK-watch: Cannot utime: Operation not permitted
build	Cache Android SDK	2026-06-06T12:23:02.3203439Z /usr/bin/tar: ../../../../../usr/local/lib/android/sdk/platforms/android-37.0/data/res/values-zh-rHK-watch: Cannot change mode to rwxr-xr-x: Operation not permitted
build	Cache Android SDK	2026-06-06T12:23:02.3206038Z /usr/bin/tar: ../../../../../usr/local/lib/android/sdk/platforms/android-37.0/data/res/values-mcc310-mnc560-tl: Cannot utime: Operation not permitted
build	Cache Android SDK	2026-06-06T12:23:02.3206512Z /usr/bin/tar: ../../../../../usr/local/lib/android/sdk/platforms/android-37.0/data/res/values-mcc310-mnc560-tl: Cannot change mode to rwxr-xr-x: Operation not permitted
build	Cache Android SDK	2026-06-06T12:23:02.3209363Z /usr/bin/tar: ../../../../../usr/local/lib/android/sdk/platforms/android-37.0/data/res/values-mcc310-mnc210-es-rUS: Cannot utime: Operation not permitted
build	Cache Android SDK	2026-06-06T12:23:02.3209846Z /usr/bin/tar: ../../../../../usr/local/lib/android/sdk/platforms/android-37.0/data/res/values-mcc310-mnc210-es-rUS: Cannot change mode to rwxr-xr-x: Operation not permitted
build	Cache Android SDK	2026-06-06T12:23:02.3213473Z /usr/bin/tar: ../../../../../usr/local/lib/android/sdk/platforms/android-37.0/data/res/values-mcc312-mnc670-b+sr+Latn: Cannot utime: Operation not permitted
build	Cache Android SDK	2026-06-06T12:23:02.3213971Z /usr/bin/tar: ../../../../../usr/local/lib/android/sdk/platforms/android-37.0/data/res/values-mcc312-mnc670-b+sr+Latn: Cannot change mode to rwxr-xr-x: Operation not permitted
build	Cache Android SDK	2026-06-06T12:23:02.3216703Z /usr/bin/tar: ../../../../../usr/local/lib/android/sdk/platforms/android-37.0/data/res/values-mcc310-mnc210-tr: Cannot utime: Operation not permitted
build	Cache Android SDK	2026-06-06T12:23:02.3217177Z /usr/bin/tar: ../../../../../usr/local/lib/android/sdk/platforms/android-37.0/data/res/values-mcc310-mnc210-tr: Cannot change mode to rwxr-xr-x: Operation not permitted
build	Cache Android SDK	2026-06-06T12:23:02.3219838Z /usr/bin/tar: ../../../../../usr/local/lib/android/sdk/platforms/android-37.0/data/res/values-mcc302-mnc720-iw: Cannot utime: Operation not permitted
build	Cache Android SDK	2026-06-06T12:23:02.3220298Z /usr/bin/tar: ../../../../../usr/local/lib/android/sdk/platforms/android-37.0/data/res/values-mcc302-mnc720-iw: Cannot change mode to rwxr-xr-x: Operation not permitted
build	Cache Android SDK	2026-06-06T12:23:02.3222938Z /usr/bin/tar: ../../../../../usr/local/lib/android/sdk/platforms/android-37.0/data/res/values-mcc310-mnc230-eu: Cannot utime: Operation not permitted
build	Cache Android SDK	2026-06-06T12:23:02.3223404Z /usr/bin/tar: ../../../../../usr/local/lib/android/sdk/platforms/android-37.0/data/res/values-mcc310-mnc230-eu: Cannot change mode to rwxr-xr-x: Operation not permitted
build	Cache Android SDK	2026-06-06T12:23:02.3225981Z /usr/bin/tar: ../../../../../usr/local/lib/android/sdk/platforms/android-37.0/data/res/values-mcc310-mnc160-ar: Cannot utime: Operation not permitted
build	Cache Android SDK	2026-06-06T12:23:02.3226454Z /usr/bin/tar: ../../../../../usr/local/lib/android/sdk/platforms/android-37.0/data/res/values-mcc310-mnc160-ar: Cannot change mode to rwxr-xr-x: Operation not permitted
build	Cache Android SDK	2026-06-06T12:23:02.3228825Z /usr/bin/tar: ../../../../../usr/local/lib/android/sdk/platforms/android-37.0/data/res/values-cs-watch: Cannot utime: Operation not permitted
build	Cache Android SDK	2026-06-06T12:23:02.3229287Z /usr/bin/tar: ../../../../../usr/local/lib/android/sdk/platforms/android-37.0/data/res/values-cs-watch: Cannot change mode to rwxr-xr-x: Operation not permitted
build	Cache Android SDK	2026-06-06T12:23:02.3232787Z /usr/bin/tar: ../../../../../usr/local/lib/android/sdk/platforms/android-37.0/data/res/values-mcc302-mnc720-en-rCA: Cannot utime: Operation not permitted
build	Cache Android SDK	2026-06-06T12:23:02.3233290Z /usr/bin/tar: ../../../../../usr/local/lib/android/sdk/platforms/android-37.0/data/res/values-mcc302-mnc720-en-rCA: Cannot change mode to rwxr-xr-x: Operation not permitted
build	Cache Android SDK	2026-06-06T12:23:02.3242789Z /usr/bin/tar: ../../../../../usr/local/lib/android/sdk/platforms/android-37.0/data/res/values-ml: Cannot utime: Operation not permitted
build	Cache Android SDK	2026-06-06T12:23:02.3243309Z /usr/bin/tar: ../../../../../usr/local/lib/android/sdk/platforms/android-37.0/data/res/values-ml: Cannot change mode to rwxr-xr-x: Operation not permitted
build	Cache Android SDK	2026-06-06T12:23:02.3246198Z /usr/bin/tar: ../../../../../usr/local/lib/android/sdk/platforms/android-37.0/data/res/values-mcc310-mnc150-my: Cannot utime: Operation not permitted
build	Cache Android SDK	2026-06-06T12:23:02.3246918Z /usr/bin/tar: ../../../../../usr/local/lib/android/sdk/platforms/android-37.0/data/res/values-mcc310-mnc150-my: Cannot change mode to rwxr-xr-x: Operation not permitted
build	Cache Android SDK	2026-06-06T12:23:02.3249068Z /usr/bin/tar: ../../../../../usr/local/lib/android/sdk/platforms/android-37.0/data/res/values-pt-rBR-television: Cannot utime: Operation not permitted
build	Cache Android SDK	2026-06-06T12:23:02.3249590Z /usr/bin/tar: ../../../../../usr/local/lib/android/sdk/platforms/android-37.0/data/res/values-pt-rBR-television: Cannot change mode to rwxr-xr-x: Operation not permitted
build	Cache Android SDK	2026-06-06T12:23:02.3254044Z /usr/bin/tar: ../../../../../usr/local/lib/android/sdk/platforms/android-37.0/data/res/values-mcc310-mnc030-af: Cannot utime: Operation not permitted
build	Cache Android SDK	2026-06-06T12:23:02.3254509Z /usr/bin/tar: ../../../../../usr/local/lib/android/sdk/platforms/android-37.0/data/res/values-mcc310-mnc030-af: Cannot change mode to rwxr-xr-x: Operation not permitted
build	Cache Android SDK	2026-06-06T12:23:02.3257316Z /usr/bin/tar: ../../../../../usr/local/lib/android/sdk/platforms/android-37.0/data/res/values-mcc310-mnc280-ar: Cannot utime: Operation not permitted
build	Cache Android SDK	2026-06-06T12:23:02.3258024Z /usr/bin/tar: ../../../../../usr/local/lib/android/sdk/platforms/android-37.0/data/res/values-mcc310-mnc280-ar: Cannot change mode to rwxr-xr-x: Operation not permitted
build	Cache Android SDK	2026-06-06T12:23:02.3260077Z /usr/bin/tar: ../../../../../usr/local/lib/android/sdk/platforms/android-37.0/data/res/values-mcc310-mnc160-bg: Cannot utime: Operation not permitted
build	Cache Android SDK	2026-06-06T12:23:02.3260601Z /usr/bin/tar: ../../../../../usr/local/lib/android/sdk/platforms/android-37.0/data/res/values-mcc310-mnc160-bg: Cannot change mode to rwxr-xr-x: Operation not permitted
build	Cache Android SDK	2026-06-06T12:23:02.3263157Z /usr/bin/tar: ../../../../../usr/local/lib/android/sdk/platforms/android-37.0/data/res/values-ml-watch: Cannot utime: Operation not permitted
build	Cache Android SDK	2026-06-06T12:23:02.3263626Z /usr/bin/tar: ../../../../../usr/local/lib/android/sdk/platforms/android-37.0/data/res/values-ml-watch: Cannot change mode to rwxr-xr-x: Operation not permitted
build	Cache Android SDK	2026-06-06T12:23:02.3266081Z /usr/bin/tar: ../../../../../usr/local/lib/android/sdk/platforms/android-37.0/data/res/values-mcc310-mnc210-ur: Cannot utime: Operation not permitted
build	Cache Android SDK	2026-06-06T12:23:02.3266607Z /usr/bin/tar: ../../../../../usr/local/lib/android/sdk/platforms/android-37.0/data/res/values-mcc310-mnc210-ur: Cannot change mode to rwxr-xr-x: Operation not permitted
build	Cache Android SDK	2026-06-06T12:23:02.3269415Z /usr/bin/tar: ../../../../../usr/local/lib/android/sdk/platforms/android-37.0/data/res/values-mcc310-mnc240-hr: Cannot utime: Operation not permitted
build	Cache Android SDK	2026-06-06T12:23:02.3269879Z /usr/bin/tar: ../../../../../usr/local/lib/android/sdk/platforms/android-37.0/data/res/values-mcc310-mnc240-hr: Cannot change mode to rwxr-xr-x: Operation not permitted
build	Cache Android SDK	2026-06-06T12:23:02.3272121Z /usr/bin/tar: ../../../../../usr/local/lib/android/sdk/platforms/android-37.0/data/res/values-mcc310-mnc160-en-rGB: Cannot utime: Operation not permitted
build	Cache Android SDK	2026-06-06T12:23:02.3272605Z /usr/bin/tar: ../../../../../usr/local/lib/android/sdk/platforms/android-37.0/data/res/values-mcc310-mnc160-en-rGB: Cannot change mode to rwxr-xr-x: Operation not permitted
build	Cache Android SDK	2026-06-06T12:23:02.3275258Z /usr/bin/tar: ../../../../../usr/local/lib/android/sdk/platforms/android-37.0/data/res/values-fr-rCA-watch: Cannot utime: Operation not permitted
build	Cache Android SDK	2026-06-06T12:23:02.3275762Z /usr/bin/tar: ../../../../../usr/local/lib/android/sdk/platforms/android-37.0/data/res/values-fr-rCA-watch: Cannot change mode to rwxr-xr-x: Operation not permitted
build	Cache Android SDK	2026-06-06T12:23:02.3278474Z /usr/bin/tar: ../../../../../usr/local/lib/android/sdk/platforms/android-37.0/data/res/values-mcc310-mnc560-es-rUS: Cannot utime: Operation not permitted
build	Cache Android SDK	2026-06-06T12:23:02.3279000Z /usr/bin/tar: ../../../../../usr/local/lib/android/sdk/platforms/android-37.0/data/res/values-mcc310-mnc560-es-rUS: Cannot change mode to rwxr-xr-x: Operation not permitted
build	Cache Android SDK	2026-06-06T12:23:02.3282577Z /usr/bin/tar: ../../../../../usr/local/lib/android/sdk/platforms/android-37.0/data/res/values-mcc310-mnc300: Cannot utime: Operation not permitted
build	Cache Android SDK	2026-06-06T12:23:02.3283177Z /usr/bin/tar: ../../../../../usr/local/lib/android/sdk/platforms/android-37.0/data/res/values-mcc310-mnc300: Cannot change mode to rwxr-xr-x: Operation not permitted
build	Cache Android SDK	2026-06-06T12:23:02.3285994Z /usr/bin/tar: ../../../../../usr/local/lib/android/sdk/platforms/android-37.0/data/res/values-mcc310-mnc310-gu: Cannot utime: Operation not permitted
build	Cache Android SDK	2026-06-06T12:23:02.3286466Z /usr/bin/tar: ../../../../../usr/local/lib/android/sdk/platforms/android-37.0/data/res/values-mcc310-mnc310-gu: Cannot change mode to rwxr-xr-x: Operation not permitted
build	Cache Android SDK	2026-06-06T12:23:02.3289282Z /usr/bin/tar: ../../../../../usr/local/lib/android/sdk/platforms/android-37.0/data/res/values-mcc310-mnc560-en-rIN: Cannot utime: Operation not permitted
build	Cache Android SDK	2026-06-06T12:23:02.3289766Z /usr/bin/tar: ../../../../../usr/local/lib/android/sdk/platforms/android-37.0/data/res/values-mcc310-mnc560-en-rIN: Cannot change mode to rwxr-xr-x: Operation not permitted
build	Cache Android SDK	2026-06-06T12:23:02.3292155Z /usr/bin/tar: ../../../../../usr/local/lib/android/sdk/platforms/android-37.0/data/res/values-mcc310-mnc280-da: Cannot utime: Operation not permitted
build	Cache Android SDK	2026-06-06T12:23:02.3292615Z /usr/bin/tar: ../../../../../usr/local/lib/android/sdk/platforms/android-37.0/data/res/values-mcc310-mnc280-da: Cannot change mode to rwxr-xr-x: Operation not permitted
build	Cache Android SDK	2026-06-06T12:23:02.3295112Z /usr/bin/tar: ../../../../../usr/local/lib/android/sdk/platforms/android-37.0/data/res/values-mcc311-mnc180-fr: Cannot utime: Operation not permitted
build	Cache Android SDK	2026-06-06T12:23:02.3295601Z /usr/bin/tar: ../../../../../usr/local/lib/android/sdk/platforms/android-37.0/data/res/values-mcc311-mnc180-fr: Cannot change mode to rwxr-xr-x: Operation not permitted
build	Cache Android SDK	2026-06-06T12:23:02.3298184Z /usr/bin/tar: ../../../../../usr/local/lib/android/sdk/platforms/android-37.0/data/res/values-mcc310-mnc310-ms: Cannot utime: Operation not permitted
build	Cache Android SDK	2026-06-06T12:23:02.3298682Z /usr/bin/tar: ../../../../../usr/local/lib/android/sdk/platforms/android-37.0/data/res/values-mcc310-mnc310-ms: Cannot change mode to rwxr-xr-x: Operation not permitted
build	Cache Android SDK	2026-06-06T12:23:02.3301728Z /usr/bin/tar: ../../../../../usr/local/lib/android/sdk/platforms/android-37.0/data/res/values-mcc310-mnc170-te: Cannot utime: Operation not permitted
build	Cache Android SDK	2026-06-06T12:23:02.3302292Z /usr/bin/tar: ../../../../../usr/local/lib/android/sdk/platforms/android-37.0/data/res/values-mcc310-mnc170-te: Cannot change mode to rwxr-xr-x: Operation not permitted
build	Cache Android SDK	2026-06-06T12:23:02.3304757Z /usr/bin/tar: ../../../../../usr/local/lib/android/sdk/platforms/android-37.0/data/res/values-mcc001-mnc01-te: Cannot utime: Operation not permitted
build	Cache Android SDK	2026-06-06T12:23:02.3305290Z /usr/bin/tar: ../../../../../usr/local/lib/android/sdk/platforms/android-37.0/data/res/values-mcc001-mnc01-te: Cannot change mode to rwxr-xr-x: Operation not permitted
build	Cache Android SDK	2026-06-06T12:23:02.3308021Z /usr/bin/tar: ../../../../../usr/local/lib/android/sdk/platforms/android-37.0/data/res/values-mcc310-mnc310-mr: Cannot utime: Operation not permitted
build	Cache Android SDK	2026-06-06T12:23:02.3308511Z /usr/bin/tar: ../../../../../usr/local/lib/android/sdk/platforms/android-37.0/data/res/values-mcc310-mnc310-mr: Cannot change mode to rwxr-xr-x: Operation not permitted
build	Cache Android SDK	2026-06-06T12:23:02.3310954Z /usr/bin/tar: ../../../../../usr/local/lib/android/sdk/platforms/android-37.0/data/res/values-mcc310-mnc660-tr: Cannot utime: Operation not permitted
build	Cache Android SDK	2026-06-06T12:23:02.3311461Z /usr/bin/tar: ../../../../../usr/local/lib/android/sdk/platforms/android-37.0/data/res/values-mcc310-mnc660-tr: Cannot change mode to rwxr-xr-x: Operation not permitted
build	Cache Android SDK	2026-06-06T12:23:02.3314041Z /usr/bin/tar: ../../../../../usr/local/lib/android/sdk/platforms/android-37.0/data/res/values-mcc302-mnc370-iw: Cannot utime: Operation not permitted
build	Cache Android SDK	2026-06-06T12:23:02.3314515Z /usr/bin/tar: ../../../../../usr/local/lib/android/sdk/platforms/android-37.0/data/res/values-mcc302-mnc370-iw: Cannot change mode to rwxr-xr-x: Operation not permitted
build	Cache Android SDK	2026-06-06T12:23:02.3316995Z /usr/bin/tar: ../../../../../usr/local/lib/android/sdk/platforms/android-37.0/data/res/values-mcc334-mnc020-tr: Cannot utime: Operation not permitted
build	Cache Android SDK	2026-06-06T12:23:02.3317880Z /usr/bin/tar: ../../../../../usr/local/lib/android/sdk/platforms/android-37.0/data/res/values-mcc334-mnc020-tr: Cannot change mode to rwxr-xr-x: Operation not permitted
build	Cache Android SDK	2026-06-06T12:23:02.3320221Z /usr/bin/tar: ../../../../../usr/local/lib/android/sdk/platforms/android-37.0/data/res/values-mcc310-mnc030-in: Cannot utime: Operation not permitted
build	Cache Android SDK	2026-06-06T12:23:02.3320771Z /usr/bin/tar: ../../../../../usr/local/lib/android/sdk/platforms/android-37.0/data/res/values-mcc310-mnc030-in: Cannot change mode to rwxr-xr-x: Operation not permitted
build	Cache Android SDK	2026-06-06T12:23:02.3323723Z /usr/bin/tar: ../../../../../usr/local/lib/android/sdk/platforms/android-37.0/data/res/values-mcc310-mnc310-ne: Cannot utime: Operation not permitted
build	Cache Android SDK	2026-06-06T12:23:02.3324329Z /usr/bin/tar: ../../../../../usr/local/lib/android/sdk/platforms/android-37.0/data/res/values-mcc310-mnc310-ne: Cannot change mode to rwxr-xr-x: Operation not permitted
build	Cache Android SDK	2026-06-06T12:23:02.3326827Z /usr/bin/tar: ../../../../../usr/local/lib/android/sdk/platforms/android-37.0/data/res/values-mcc310-mnc240-de: Cannot utime: Operation not permitted
build	Cache Android SDK	2026-06-06T12:23:02.3327590Z /usr/bin/tar: ../../../../../usr/local/lib/android/sdk/platforms/android-37.0/data/res/values-mcc310-mnc240-de: Cannot change mode to rwxr-xr-x: Operation not permitted
build	Cache Android SDK	2026-06-06T12:23:02.3330007Z /usr/bin/tar: ../../../../../usr/local/lib/android/sdk/platforms/android-37.0/data/res/values-mcc310-mnc490-bn: Cannot utime: Operation not permitted
build	Cache Android SDK	2026-06-06T12:23:02.3330469Z /usr/bin/tar: ../../../../../usr/local/lib/android/sdk/platforms/android-37.0/data/res/values-mcc310-mnc490-bn: Cannot change mode to rwxr-xr-x: Operation not permitted
build	Cache Android SDK	2026-06-06T12:23:02.3333814Z /usr/bin/tar: ../../../../../usr/local/lib/android/sdk/platforms/android-37.0/data/res/values-mcc310-mnc280-sq: Cannot utime: Operation not permitted
build	Cache Android SDK	2026-06-06T12:23:02.3334285Z /usr/bin/tar: ../../../../../usr/local/lib/android/sdk/platforms/android-37.0/data/res/values-mcc310-mnc280-sq: Cannot change mode to rwxr-xr-x: Operation not permitted
build	Cache Android SDK	2026-06-06T12:23:02.3337139Z /usr/bin/tar: ../../../../../usr/local/lib/android/sdk/platforms/android-37.0/data/res/values-mcc310-mnc380-si: Cannot utime: Operation not permitted
build	Cache Android SDK	2026-06-06T12:23:02.3337850Z /usr/bin/tar: ../../../../../usr/local/lib/android/sdk/platforms/android-37.0/data/res/values-mcc310-mnc380-si: Cannot change mode to rwxr-xr-x: Operation not permitted
build	Cache Android SDK	2026-06-06T12:23:02.3340879Z /usr/bin/tar: ../../../../../usr/local/lib/android/sdk/platforms/android-37.0/data/res/values-mcc313-mnc100-zh-rTW: Cannot utime: Operation not permitted
build	Cache Android SDK	2026-06-06T12:23:02.3341369Z /usr/bin/tar: ../../../../../usr/local/lib/android/sdk/platforms/android-37.0/data/res/values-mcc313-mnc100-zh-rTW: Cannot change mode to rwxr-xr-x: Operation not permitted
build	Cache Android SDK	2026-06-06T12:23:02.3344074Z /usr/bin/tar: ../../../../../usr/local/lib/android/sdk/platforms/android-37.0/data/res/values-mcc310-mnc250-pt-rBR: Cannot utime: Operation not permitted
build	Cache Android SDK	2026-06-06T12:23:02.3344639Z /usr/bin/tar: ../../../../../usr/local/lib/android/sdk/platforms/android-37.0/data/res/values-mcc310-mnc250-pt-rBR: Cannot change mode to rwxr-xr-x: Operation not permitted
build	Cache Android SDK	2026-06-06T12:23:02.3347162Z /usr/bin/tar: ../../../../../usr/local/lib/android/sdk/platforms/android-37.0/data/res/values-mcc310-mnc310-kn: Cannot utime: Operation not permitted
build	Cache Android SDK	2026-06-06T12:23:02.3347914Z /usr/bin/tar: ../../../../../usr/local/lib/android/sdk/platforms/android-37.0/data/res/values-mcc310-mnc310-kn: Cannot change mode to rwxr-xr-x: Operation not permitted
build	Cache Android SDK	2026-06-06T12:23:02.3350631Z /usr/bin/tar: ../../../../../usr/local/lib/android/sdk/platforms/android-37.0/data/res/values-mcc310-mnc230-sk: Cannot utime: Operation not permitted
build	Cache Android SDK	2026-06-06T12:23:02.3351103Z /usr/bin/tar: ../../../../../usr/local/lib/android/sdk/platforms/android-37.0/data/res/values-mcc310-mnc230-sk: Cannot change mode to rwxr-xr-x: Operation not permitted
build	Cache Android SDK	2026-06-06T12:23:02.3353663Z /usr/bin/tar: ../../../../../usr/local/lib/android/sdk/platforms/android-37.0/data/res/values-mcc310-mnc800-ne: Cannot utime: Operation not permitted
build	Cache Android SDK	2026-06-06T12:23:02.3354194Z /usr/bin/tar: ../../../../../usr/local/lib/android/sdk/platforms/android-37.0/data/res/values-mcc310-mnc800-ne: Cannot change mode to rwxr-xr-x: Operation not permitted
build	Cache Android SDK	2026-06-06T12:23:02.3356344Z /usr/bin/tar: ../../../../../usr/local/lib/android/sdk/platforms/android-37.0/data/res/values-mcc310-mnc220-mk: Cannot utime: Operation not permitted
build	Cache Android SDK	2026-06-06T12:23:02.3356900Z /usr/bin/tar: ../../../../../usr/local/lib/android/sdk/platforms/android-37.0/data/res/values-mcc310-mnc220-mk: Cannot change mode to rwxr-xr-x: Operation not permitted
build	Cache Android SDK	2026-06-06T12:23:02.3359204Z /usr/bin/tar: ../../../../../usr/local/lib/android/sdk/platforms/android-37.0/data/res/values-mcc312-mnc670-lt: Cannot utime: Operation not permitted
build	Cache Android SDK	2026-06-06T12:23:02.3359780Z /usr/bin/tar: ../../../../../usr/local/lib/android/sdk/platforms/android-37.0/data/res/values-mcc312-mnc670-lt: Cannot change mode to rwxr-xr-x: Operation not permitted
build	Cache Android SDK	2026-06-06T12:23:02.3362915Z /usr/bin/tar: ../../../../../usr/local/lib/android/sdk/platforms/android-37.0/data/res/values-mcc310-mnc950-fi: Cannot utime: Operation not permitted
build	Cache Android SDK	2026-06-06T12:23:02.3363381Z /usr/bin/tar: ../../../../../usr/local/lib/android/sdk/platforms/android-37.0/data/res/values-mcc310-mnc950-fi: Cannot change mode to rwxr-xr-x: Operation not permitted
build	Cache Android SDK	2026-06-06T12:23:02.3365586Z /usr/bin/tar: ../../../../../usr/local/lib/android/sdk/platforms/android-37.0/data/res/values-mcc302-mnc720-zh-rTW: Cannot utime: Operation not permitted
build	Cache Android SDK	2026-06-06T12:23:02.3366073Z /usr/bin/tar: ../../../../../usr/local/lib/android/sdk/platforms/android-37.0/data/res/values-mcc302-mnc720-zh-rTW: Cannot change mode to rwxr-xr-x: Operation not permitted
build	Cache Android SDK	2026-06-06T12:23:02.3368866Z /usr/bin/tar: ../../../../../usr/local/lib/android/sdk/platforms/android-37.0/data/res/values-mcc302-mnc370-te: Cannot utime: Operation not permitted
build	Cache Android SDK	2026-06-06T12:23:02.3369741Z /usr/bin/tar: ../../../../../usr/local/lib/android/sdk/platforms/android-37.0/data/res/values-mcc302-mnc370-te: Cannot change mode to rwxr-xr-x: Operation not permitted
build	Cache Android SDK	2026-06-06T12:23:02.3375594Z /usr/bin/tar: ../../../../../usr/local/lib/android/sdk/platforms/android-37.0/data/res/values-ms: Cannot utime: Operation not permitted
build	Cache Android SDK	2026-06-06T12:23:02.3376172Z /usr/bin/tar: ../../../../../usr/local/lib/android/sdk/platforms/android-37.0/data/res/values-ms: Cannot change mode to rwxr-xr-x: Operation not permitted
build	Cache Android SDK	2026-06-06T12:23:02.3379352Z /usr/bin/tar: ../../../../../usr/local/lib/android/sdk/platforms/android-37.0/data/res/values-mcc310-mnc270-pt: Cannot utime: Operation not permitted
build	Cache Android SDK	2026-06-06T12:23:02.3379886Z /usr/bin/tar: ../../../../../usr/local/lib/android/sdk/platforms/android-37.0/data/res/values-mcc310-mnc270-pt: Cannot change mode to rwxr-xr-x: Operation not permitted
build	Cache Android SDK	2026-06-06T12:23:02.3382461Z /usr/bin/tar: ../../../../../usr/local/lib/android/sdk/platforms/android-37.0/data/res/values-mcc310-mnc310-kk: Cannot utime: Operation not permitted
build	Cache Android SDK	2026-06-06T12:23:02.3382944Z /usr/bin/tar: ../../../../../usr/local/lib/android/sdk/platforms/android-37.0/data/res/values-mcc310-mnc310-kk: Cannot change mode to rwxr-xr-x: Operation not permitted
build	Cache Android SDK	2026-06-06T12:23:02.3385638Z /usr/bin/tar: ../../../../../usr/local/lib/android/sdk/platforms/android-37.0/data/res/raw-pt-rBR: Cannot utime: Operation not permitted
build	Cache Android SDK	2026-06-06T12:23:02.3386177Z /usr/bin/tar: ../../../../../usr/local/lib/android/sdk/platforms/android-37.0/data/res/raw-pt-rBR: Cannot change mode to rwxr-xr-x: Operation not permitted
build	Cache Android SDK	2026-06-06T12:23:02.3389101Z /usr/bin/tar: ../../../../../usr/local/lib/android/sdk/platforms/android-37.0/data/res/values-mcc310-mnc160-fi: Cannot utime: Operation not permitted
build	Cache Android SDK	2026-06-06T12:23:02.3389562Z /usr/bin/tar: ../../../../../usr/local/lib/android/sdk/platforms/android-37.0/data/res/values-mcc310-mnc160-fi: Cannot change mode to rwxr-xr-x: Operation not permitted
build	Cache Android SDK	2026-06-06T12:23:02.3392669Z /usr/bin/tar: ../../../../../usr/local/lib/android/sdk/platforms/android-37.0/data/res/values-mcc310-mnc950-da: Cannot utime: Operation not permitted
build	Cache Android SDK	2026-06-06T12:23:02.3393133Z /usr/bin/tar: ../../../../../usr/local/lib/android/sdk/platforms/android-37.0/data/res/values-mcc310-mnc950-da: Cannot change mode to rwxr-xr-x: Operation not permitted
build	Cache Android SDK	2026-06-06T12:23:02.3395769Z /usr/bin/tar: ../../../../../usr/local/lib/android/sdk/platforms/android-37.0/data/res/values-mcc310-mnc220-fi: Cannot utime: Operation not permitted
build	Cache Android SDK	2026-06-06T12:23:02.3396249Z /usr/bin/tar: ../../../../../usr/local/lib/android/sdk/platforms/android-37.0/data/res/values-mcc310-mnc220-fi: Cannot change mode to rwxr-xr-x: Operation not permitted
build	Cache Android SDK	2026-06-06T12:23:02.3399224Z /usr/bin/tar: ../../../../../usr/local/lib/android/sdk/platforms/android-37.0/data/res/values-mcc310-mnc210-it: Cannot utime: Operation not permitted
build	Cache Android SDK	2026-06-06T12:23:02.3399781Z /usr/bin/tar: ../../../../../usr/local/lib/android/sdk/platforms/android-37.0/data/res/values-mcc310-mnc210-it: Cannot change mode to rwxr-xr-x: Operation not permitted
build	Cache Android SDK	2026-06-06T12:23:02.3402755Z /usr/bin/tar: ../../../../../usr/local/lib/android/sdk/platforms/android-37.0/data/res/values-mcc310-mnc490-lt: Cannot utime: Operation not permitted
build	Cache Android SDK	2026-06-06T12:23:02.3403210Z /usr/bin/tar: ../../../../../usr/local/lib/android/sdk/platforms/android-37.0/data/res/values-mcc310-mnc490-lt: Cannot change mode to rwxr-xr-x: Operation not permitted
build	Cache Android SDK	2026-06-06T12:23:02.3406028Z /usr/bin/tar: ../../../../../usr/local/lib/android/sdk/platforms/android-37.0/data/res/values-mcc310-mnc220-bg: Cannot utime: Operation not permitted
build	Cache Android SDK	2026-06-06T12:23:02.3406506Z /usr/bin/tar: ../../../../../usr/local/lib/android/sdk/platforms/android-37.0/data/res/values-mcc310-mnc220-bg: Cannot change mode to rwxr-xr-x: Operation not permitted
build	Cache Android SDK	2026-06-06T12:23:02.3409214Z /usr/bin/tar: ../../../../../usr/local/lib/android/sdk/platforms/android-37.0/data/res/values-mcc334-mnc020-ms: Cannot utime: Operation not permitted
build	Cache Android SDK	2026-06-06T12:23:02.3409742Z /usr/bin/tar: ../../../../../usr/local/lib/android/sdk/platforms/android-37.0/data/res/values-mcc334-mnc020-ms: Cannot change mode to rwxr-xr-x: Operation not permitted
build	Cache Android SDK	2026-06-06T12:23:02.3413221Z /usr/bin/tar: ../../../../../usr/local/lib/android/sdk/platforms/android-37.0/data/res/values-mcc310-mnc950-or: Cannot utime: Operation not permitted
build	Cache Android SDK	2026-06-06T12:23:02.3413774Z /usr/bin/tar: ../../../../../usr/local/lib/android/sdk/platforms/android-37.0/data/res/values-mcc310-mnc950-or: Cannot change mode to rwxr-xr-x: Operation not permitted
build	Cache Android SDK	2026-06-06T12:23:02.3416164Z /usr/bin/tar: ../../../../../usr/local/lib/android/sdk/platforms/android-37.0/data/res/values-mcc310-mnc800-eu: Cannot utime: Operation not permitted
build	Cache Android SDK	2026-06-06T12:23:02.3416628Z /usr/bin/tar: ../../../../../usr/local/lib/android/sdk/platforms/android-37.0/data/res/values-mcc310-mnc800-eu: Cannot change mode to rwxr-xr-x: Operation not permitted
build	Cache Android SDK	2026-06-06T12:23:02.3419279Z /usr/bin/tar: ../../../../../usr/local/lib/android/sdk/platforms/android-37.0/data/res/values-mcc310-mnc030-lv: Cannot utime: Operation not permitted
build	Cache Android SDK	2026-06-06T12:23:02.3419739Z /usr/bin/tar: ../../../../../usr/local/lib/android/sdk/platforms/android-37.0/data/res/values-mcc310-mnc030-lv: Cannot change mode to rwxr-xr-x: Operation not permitted
build	Cache Android SDK	2026-06-06T12:23:02.3422181Z /usr/bin/tar: ../../../../../usr/local/lib/android/sdk/platforms/android-37.0/data/res/values-mcc311-mnc180-da: Cannot utime: Operation not permitted
build	Cache Android SDK	2026-06-06T12:23:02.3422729Z /usr/bin/tar: ../../../../../usr/local/lib/android/sdk/platforms/android-37.0/data/res/values-mcc311-mnc180-da: Cannot change mode to rwxr-xr-x: Operation not permitted
build	Cache Android SDK	2026-06-06T12:23:02.3425270Z /usr/bin/tar: ../../../../../usr/local/lib/android/sdk/platforms/android-37.0/data/res/values-mcc310-mnc210-my: Cannot utime: Operation not permitted
build	Cache Android SDK	2026-06-06T12:23:02.3425740Z /usr/bin/tar: ../../../../../usr/local/lib/android/sdk/platforms/android-37.0/data/res/values-mcc310-mnc210-my: Cannot change mode to rwxr-xr-x: Operation not permitted
build	Cache Android SDK	2026-06-06T12:23:02.3428805Z /usr/bin/tar: ../../../../../usr/local/lib/android/sdk/platforms/android-37.0/data/res/values-mcc310-mnc660: Cannot utime: Operation not permitted
build	Cache Android SDK	2026-06-06T12:23:02.3429263Z /usr/bin/tar: ../../../../../usr/local/lib/android/sdk/platforms/android-37.0/data/res/values-mcc310-mnc660: Cannot change mode to rwxr-xr-x: Operation not permitted
build	Cache Android SDK	2026-06-06T12:23:02.3433185Z /usr/bin/tar: ../../../../../usr/local/lib/android/sdk/platforms/android-37.0/data/res/values-mcc312-mnc670-eu: Cannot utime: Operation not permitted
build	Cache Android SDK	2026-06-06T12:23:02.3433645Z /usr/bin/tar: ../../../../../usr/local/lib/android/sdk/platforms/android-37.0/data/res/values-mcc312-mnc670-eu: Cannot change mode to rwxr-xr-x: Operation not permitted
build	Cache Android SDK	2026-06-06T12:23:02.3436509Z /usr/bin/tar: ../../../../../usr/local/lib/android/sdk/platforms/android-37.0/data/res/values-uk-television: Cannot utime: Operation not permitted
build	Cache Android SDK	2026-06-06T12:23:02.3437046Z /usr/bin/tar: ../../../../../usr/local/lib/android/sdk/platforms/android-37.0/data/res/values-uk-television: Cannot change mode to rwxr-xr-x: Operation not permitted
build	Cache Android SDK	2026-06-06T12:23:02.3439496Z /usr/bin/tar: ../../../../../usr/local/lib/android/sdk/platforms/android-37.0/data/res/values-mcc310-mnc950-en-rCA: Cannot utime: Operation not permitted
build	Cache Android SDK	2026-06-06T12:23:02.3439985Z /usr/bin/tar: ../../../../../usr/local/lib/android/sdk/platforms/android-37.0/data/res/values-mcc310-mnc950-en-rCA: Cannot change mode to rwxr-xr-x: Operation not permitted
build	Cache Android SDK	2026-06-06T12:23:02.3443077Z /usr/bin/tar: ../../../../../usr/local/lib/android/sdk/platforms/android-37.0/data/res/values-mcc310-mnc560-et: Cannot utime: Operation not permitted
build	Cache Android SDK	2026-06-06T12:23:02.3443535Z /usr/bin/tar: ../../../../../usr/local/lib/android/sdk/platforms/android-37.0/data/res/values-mcc310-mnc560-et: Cannot change mode to rwxr-xr-x: Operation not permitted
build	Cache Android SDK	2026-06-06T12:23:02.3446165Z /usr/bin/tar: ../../../../../usr/local/lib/android/sdk/platforms/android-37.0/data/res/values-mcc310-mnc560: Cannot utime: Operation not permitted
build	Cache Android SDK	2026-06-06T12:23:02.3446610Z /usr/bin/tar: ../../../../../usr/local/lib/android/sdk/platforms/android-37.0/data/res/values-mcc310-mnc560: Cannot change mode to rwxr-xr-x: Operation not permitted
build	Cache Android SDK	2026-06-06T12:23:02.3449525Z /usr/bin/tar: ../../../../../usr/local/lib/android/sdk/platforms/android-37.0/data/res/values-mcc310-mnc660-eu: Cannot utime: Operation not permitted
build	Cache Android SDK	2026-06-06T12:23:02.3450116Z /usr/bin/tar: ../../../../../usr/local/lib/android/sdk/platforms/android-37.0/data/res/values-mcc310-mnc660-eu: Cannot change mode to rwxr-xr-x: Operation not permitted
build	Cache Android SDK	2026-06-06T12:23:02.3453189Z /usr/bin/tar: ../../../../../usr/local/lib/android/sdk/platforms/android-37.0/data/res/values-mcc310-mnc150-uz: Cannot utime: Operation not permitted
build	Cache Android SDK	2026-06-06T12:23:02.3453649Z /usr/bin/tar: ../../../../../usr/local/lib/android/sdk/platforms/android-37.0/data/res/values-mcc310-mnc150-uz: Cannot change mode to rwxr-xr-x: Operation not permitted
build	Cache Android SDK	2026-06-06T12:23:02.3456569Z /usr/bin/tar: ../../../../../usr/local/lib/android/sdk/platforms/android-37.0/data/res/values-mcc302-mnc370-lo: Cannot utime: Operation not permitted
build	Cache Android SDK	2026-06-06T12:23:02.3457067Z /usr/bin/tar: ../../../../../usr/local/lib/android/sdk/platforms/android-37.0/data/res/values-mcc302-mnc370-lo: Cannot change mode to rwxr-xr-x: Operation not permitted
build	Cache Android SDK	2026-06-06T12:23:02.3459344Z /usr/bin/tar: ../../../../../usr/local/lib/android/sdk/platforms/android-37.0/data/res/values-mcc310-mnc380-tl: Cannot utime: Operation not permitted
build	Cache Android SDK	2026-06-06T12:23:02.3459890Z /usr/bin/tar: ../../../../../usr/local/lib/android/sdk/platforms/android-37.0/data/res/values-mcc310-mnc380-tl: Cannot change mode to rwxr-xr-x: Operation not permitted
build	Cache Android SDK	2026-06-06T12:23:02.3463008Z /usr/bin/tar: ../../../../../usr/local/lib/android/sdk/platforms/android-37.0/data/res/values-fi-rFI: Cannot utime: Operation not permitted
build	Cache Android SDK	2026-06-06T12:23:02.3463455Z /usr/bin/tar: ../../../../../usr/local/lib/android/sdk/platforms/android-37.0/data/res/values-fi-rFI: Cannot change mode to rwxr-xr-x: Operation not permitted
build	Cache Android SDK	2026-06-06T12:23:02.3465926Z /usr/bin/tar: ../../../../../usr/local/lib/android/sdk/platforms/android-37.0/data/res/values-mcc310-mnc280-vi: Cannot utime: Operation not permitted
build	Cache Android SDK	2026-06-06T12:23:02.3466377Z /usr/bin/tar: ../../../../../usr/local/lib/android/sdk/platforms/android-37.0/data/res/values-mcc310-mnc280-vi: Cannot change mode to rwxr-xr-x: Operation not permitted
build	Cache Android SDK	2026-06-06T12:23:02.3469342Z /usr/bin/tar: ../../../../../usr/local/lib/android/sdk/platforms/android-37.0/data/res/values-mcc310-mnc280-ru: Cannot utime: Operation not permitted
build	Cache Android SDK	2026-06-06T12:23:02.3469800Z /usr/bin/tar: ../../../../../usr/local/lib/android/sdk/platforms/android-37.0/data/res/values-mcc310-mnc280-ru: Cannot change mode to rwxr-xr-x: Operation not permitted
build	Cache Android SDK	2026-06-06T12:23:02.3472414Z /usr/bin/tar: ../../../../../usr/local/lib/android/sdk/platforms/android-37.0/data/res/values-mcc310-mnc800-in: Cannot utime: Operation not permitted
build	Cache Android SDK	2026-06-06T12:23:02.3473019Z /usr/bin/tar: ../../../../../usr/local/lib/android/sdk/platforms/android-37.0/data/res/values-mcc310-mnc800-in: Cannot change mode to rwxr-xr-x: Operation not permitted
build	Cache Android SDK	2026-06-06T12:23:02.3476163Z /usr/bin/tar: ../../../../../usr/local/lib/android/sdk/platforms/android-37.0/data/res/values-mcc310-mnc490-tr: Cannot utime: Operation not permitted
build	Cache Android SDK	2026-06-06T12:23:02.3477238Z /usr/bin/tar: ../../../../../usr/local/lib/android/sdk/platforms/android-37.0/data/res/values-mcc310-mnc490-tr: Cannot change mode to rwxr-xr-x: Operation not permitted
build	Cache Android SDK	2026-06-06T12:23:02.3479083Z /usr/bin/tar: ../../../../../usr/local/lib/android/sdk/platforms/android-37.0/data/res/values-mcc310-mnc380-bg: Cannot utime: Operation not permitted
build	Cache Android SDK	2026-06-06T12:23:02.3480083Z /usr/bin/tar: ../../../../../usr/local/lib/android/sdk/platforms/android-37.0/data/res/values-mcc310-mnc380-bg: Cannot change mode to rwxr-xr-x: Operation not permitted
build	Cache Android SDK	2026-06-06T12:23:02.3482228Z /usr/bin/tar: ../../../../../usr/local/lib/android/sdk/platforms/android-37.0/data/res/values-mcc302-mnc370-km: Cannot utime: Operation not permitted
build	Cache Android SDK	2026-06-06T12:23:02.3483169Z /usr/bin/tar: ../../../../../usr/local/lib/android/sdk/platforms/android-37.0/data/res/values-mcc302-mnc370-km: Cannot change mode to rwxr-xr-x: Operation not permitted
build	Cache Android SDK	2026-06-06T12:23:02.3485420Z /usr/bin/tar: ../../../../../usr/local/lib/android/sdk/platforms/android-37.0/data/res/values-mcc310-mnc170-si: Cannot utime: Operation not permitted
build	Cache Android SDK	2026-06-06T12:23:02.3486453Z /usr/bin/tar: ../../../../../usr/local/lib/android/sdk/platforms/android-37.0/data/res/values-mcc310-mnc170-si: Cannot change mode to rwxr-xr-x: Operation not permitted
build	Cache Android SDK	2026-06-06T12:23:02.3488571Z /usr/bin/tar: ../../../../../usr/local/lib/android/sdk/platforms/android-37.0/data/res/values-de-rLI: Cannot utime: Operation not permitted
build	Cache Android SDK	2026-06-06T12:23:02.3489438Z /usr/bin/tar: ../../../../../usr/local/lib/android/sdk/platforms/android-37.0/data/res/values-de-rLI: Cannot change mode to rwxr-xr-x: Operation not permitted
build	Cache Android SDK	2026-06-06T12:23:02.3491711Z /usr/bin/tar: ../../../../../usr/local/lib/android/sdk/platforms/android-37.0/data/res/values-mcc310-mnc200-pl: Cannot utime: Operation not permitted
build	Cache Android SDK	2026-06-06T12:23:02.3492741Z /usr/bin/tar: ../../../../../usr/local/lib/android/sdk/platforms/android-37.0/data/res/values-mcc310-mnc200-pl: Cannot change mode to rwxr-xr-x: Operation not permitted
build	Cache Android SDK	2026-06-06T12:23:02.3495025Z /usr/bin/tar: ../../../../../usr/local/lib/android/sdk/platforms/android-37.0/data/res/values-mcc001-mnc01-en-rCA: Cannot utime: Operation not permitted
build	Cache Android SDK	2026-06-06T12:23:02.3496144Z /usr/bin/tar: ../../../../../usr/local/lib/android/sdk/platforms/android-37.0/data/res/values-mcc001-mnc01-en-rCA: Cannot change mode to rwxr-xr-x: Operation not permitted
build	Cache Android SDK	2026-06-06T12:23:02.3498204Z /usr/bin/tar: ../../../../../usr/local/lib/android/sdk/platforms/android-37.0/data/res/values-mcc310-mnc170-tr: Cannot utime: Operation not permitted
build	Cache Android SDK	2026-06-06T12:23:02.3499242Z /usr/bin/tar: ../../../../../usr/local/lib/android/sdk/platforms/android-37.0/data/res/values-mcc310-mnc170-tr: Cannot change mode to rwxr-xr-x: Operation not permitted
build	Cache Android SDK	2026-06-06T12:23:02.3501718Z /usr/bin/tar: ../../../../../usr/local/lib/android/sdk/platforms/android-37.0/data/res/values-mcc310-mnc490-nl: Cannot utime: Operation not permitted
build	Cache Android SDK	2026-06-06T12:23:02.3502739Z /usr/bin/tar: ../../../../../usr/local/lib/android/sdk/platforms/android-37.0/data/res/values-mcc310-mnc490-nl: Cannot change mode to rwxr-xr-x: Operation not permitted
build	Cache Android SDK	2026-06-06T12:23:02.3504736Z /usr/bin/tar: ../../../../../usr/local/lib/android/sdk/platforms/android-37.0/data/res/values-mcc310-mnc030-ne: Cannot utime: Operation not permitted
build	Cache Android SDK	2026-06-06T12:23:02.3505753Z /usr/bin/tar: ../../../../../usr/local/lib/android/sdk/platforms/android-37.0/data/res/values-mcc310-mnc030-ne: Cannot change mode to rwxr-xr-x: Operation not permitted
build	Cache Android SDK	2026-06-06T12:23:02.3508057Z /usr/bin/tar: ../../../../../usr/local/lib/android/sdk/platforms/android-37.0/data/res/values-mcc310-mnc150-lo: Cannot utime: Operation not permitted
build	Cache Android SDK	2026-06-06T12:23:02.3509176Z /usr/bin/tar: ../../../../../usr/local/lib/android/sdk/platforms/android-37.0/data/res/values-mcc310-mnc150-lo: Cannot change mode to rwxr-xr-x: Operation not permitted
build	Cache Android SDK	2026-06-06T12:23:02.3511139Z /usr/bin/tar: ../../../../../usr/local/lib/android/sdk/platforms/android-37.0/data/res/values-mcc310-mnc800-iw: Cannot utime: Operation not permitted
build	Cache Android SDK	2026-06-06T12:23:02.3512173Z /usr/bin/tar: ../../../../../usr/local/lib/android/sdk/platforms/android-37.0/data/res/values-mcc310-mnc800-iw: Cannot change mode to rwxr-xr-x: Operation not permitted
build	Cache Android SDK	2026-06-06T12:23:02.3514632Z /usr/bin/tar: ../../../../../usr/local/lib/android/sdk/platforms/android-37.0/data/res/values-mcc310-mnc250-sq: Cannot utime: Operation not permitted
build	Cache Android SDK	2026-06-06T12:23:02.3515655Z /usr/bin/tar: ../../../../../usr/local/lib/android/sdk/platforms/android-37.0/data/res/values-mcc310-mnc250-sq: Cannot change mode to rwxr-xr-x: Operation not permitted
build	Cache Android SDK	2026-06-06T12:23:02.3517760Z /usr/bin/tar: ../../../../../usr/local/lib/android/sdk/platforms/android-37.0/data/res/values-mcc310-mnc150-ka: Cannot utime: Operation not permitted
build	Cache Android SDK	2026-06-06T12:23:02.3518792Z /usr/bin/tar: ../../../../../usr/local/lib/android/sdk/platforms/android-37.0/data/res/values-mcc310-mnc150-ka: Cannot change mode to rwxr-xr-x: Operation not permitted
build	Cache Android SDK	2026-06-06T12:23:02.3521069Z /usr/bin/tar: ../../../../../usr/local/lib/android/sdk/platforms/android-37.0/data/res/values-h320dp: Cannot utime: Operation not permitted
build	Cache Android SDK	2026-06-06T12:23:02.3522066Z /usr/bin/tar: ../../../../../usr/local/lib/android/sdk/platforms/android-37.0/data/res/values-h320dp: Cannot change mode to rwxr-xr-x: Operation not permitted
build	Cache Android SDK	2026-06-06T12:23:02.3526860Z /usr/bin/tar: ../../../../../usr/local/lib/android/sdk/platforms/android-37.0/data/res/values-television: Cannot utime: Operation not permitted
build	Cache Android SDK	2026-06-06T12:23:02.3528316Z /usr/bin/tar: ../../../../../usr/local/lib/android/sdk/platforms/android-37.0/data/res/values-television: Cannot change mode to rwxr-xr-x: Operation not permitted
build	Cache Android SDK	2026-06-06T12:23:02.3529996Z /usr/bin/tar: ../../../../../usr/local/lib/android/sdk/platforms/android-37.0/data/res/values-mcc310-mnc220-lt: Cannot utime: Operation not permitted
build	Cache Android SDK	2026-06-06T12:23:02.3531007Z /usr/bin/tar: ../../../../../usr/local/lib/android/sdk/platforms/android-37.0/data/res/values-mcc310-mnc220-lt: Cannot change mode to rwxr-xr-x: Operation not permitted
build	Cache Android SDK	2026-06-06T12:23:02.3533663Z /usr/bin/tar: ../../../../../usr/local/lib/android/sdk/platforms/android-37.0/data/res/values-mcc311-mnc180-en-rXC: Cannot utime: Operation not permitted
build	Cache Android SDK	2026-06-06T12:23:02.3534757Z /usr/bin/tar: ../../../../../usr/local/lib/android/sdk/platforms/android-37.0/data/res/values-mcc311-mnc180-en-rXC: Cannot change mode to rwxr-xr-x: Operation not permitted
build	Cache Android SDK	2026-06-06T12:23:02.3536410Z /usr/bin/tar: ../../../../../usr/local/lib/android/sdk/platforms/android-37.0/data/res/values-mcc310-mnc640: Cannot utime: Operation not permitted
build	Cache Android SDK	2026-06-06T12:23:02.3537335Z /usr/bin/tar: ../../../../../usr/local/lib/android/sdk/platforms/android-37.0/data/res/values-mcc310-mnc640: Cannot change mode to rwxr-xr-x: Operation not permitted
build	Cache Android SDK	2026-06-06T12:23:02.3539531Z /usr/bin/tar: ../../../../../usr/local/lib/android/sdk/platforms/android-37.0/data/res/values-mcc208-mnc10-fr: Cannot utime: Operation not permitted
build	Cache Android SDK	2026-06-06T12:23:02.3540471Z /usr/bin/tar: ../../../../../usr/local/lib/android/sdk/platforms/android-37.0/data/res/values-mcc208-mnc10-fr: Cannot change mode to rwxr-xr-x: Operation not permitted
build	Cache Android SDK	2026-06-06T12:23:02.3543472Z /usr/bin/tar: ../../../../../usr/local/lib/android/sdk/platforms/android-37.0/data/res/values-mcc310-mnc250-ne: Cannot utime: Operation not permitted
build	Cache Android SDK	2026-06-06T12:23:02.3544516Z /usr/bin/tar: ../../../../../usr/local/lib/android/sdk/platforms/android-37.0/data/res/values-mcc310-mnc250-ne: Cannot change mode to rwxr-xr-x: Operation not permitted
build	Cache Android SDK	2026-06-06T12:23:02.3546477Z /usr/bin/tar: ../../../../../usr/local/lib/android/sdk/platforms/android-37.0/data/res/values-mcc310-mnc310: Cannot utime: Operation not permitted
build	Cache Android SDK	2026-06-06T12:23:02.3547565Z /usr/bin/tar: ../../../../../usr/local/lib/android/sdk/platforms/android-37.0/data/res/values-mcc310-mnc310: Cannot change mode to rwxr-xr-x: Operation not permitted
build	Cache Android SDK	2026-06-06T12:23:02.3550182Z /usr/bin/tar: ../../../../../usr/local/lib/android/sdk/platforms/android-37.0/data/res/values-mcc310-mnc380-fr-rCA: Cannot utime: Operation not permitted
build	Cache Android SDK	2026-06-06T12:23:02.3551159Z /usr/bin/tar: ../../../../../usr/local/lib/android/sdk/platforms/android-37.0/data/res/values-mcc310-mnc380-fr-rCA: Cannot change mode to rwxr-xr-x: Operation not permitted
build	Cache Android SDK	2026-06-06T12:23:02.3554078Z /usr/bin/tar: ../../../../../usr/local/lib/android/sdk/platforms/android-37.0/data/res/mipmap-ldpi: Cannot utime: Operation not permitted
build	Cache Android SDK	2026-06-06T12:23:02.3554957Z /usr/bin/tar: ../../../../../usr/local/lib/android/sdk/platforms/android-37.0/data/res/mipmap-ldpi: Cannot change mode to rwxr-xr-x: Operation not permitted
build	Cache Android SDK	2026-06-06T12:23:02.3557147Z /usr/bin/tar: ../../../../../usr/local/lib/android/sdk/platforms/android-37.0/data/res/values-mcc310-mnc170-iw: Cannot utime: Operation not permitted
build	Cache Android SDK	2026-06-06T12:23:02.3558240Z /usr/bin/tar: ../../../../../usr/local/lib/android/sdk/platforms/android-37.0/data/res/values-mcc310-mnc170-iw: Cannot change mode to rwxr-xr-x: Operation not permitted
build	Cache Android SDK	2026-06-06T12:23:02.3566125Z /usr/bin/tar: ../../../../../usr/local/lib/android/sdk/platforms/android-37.0/data/res/layout-watch: Cannot utime: Operation not permitted
build	Cache Android SDK	2026-06-06T12:23:02.3567076Z /usr/bin/tar: ../../../../../usr/local/lib/android/sdk/platforms/android-37.0/data/res/layout-watch: Cannot change mode to rwxr-xr-x: Operation not permitted
build	Cache Android SDK	2026-06-06T12:23:02.3568980Z /usr/bin/tar: ../../../../../usr/local/lib/android/sdk/platforms/android-37.0/data/res/values-mcc311-mnc180-gl: Cannot utime: Operation not permitted
build	Cache Android SDK	2026-06-06T12:23:02.3569913Z /usr/bin/tar: ../../../../../usr/local/lib/android/sdk/platforms/android-37.0/data/res/values-mcc311-mnc180-gl: Cannot change mode to rwxr-xr-x: Operation not permitted
build	Cache Android SDK	2026-06-06T12:23:02.3572541Z /usr/bin/tar: ../../../../../usr/local/lib/android/sdk/platforms/android-37.0/data/res/values-mcc313-mnc100-pt-rBR: Cannot utime: Operation not permitted
build	Cache Android SDK	2026-06-06T12:23:02.3573581Z /usr/bin/tar: ../../../../../usr/local/lib/android/sdk/platforms/android-37.0/data/res/values-mcc313-mnc100-pt-rBR: Cannot change mode to rwxr-xr-x: Operation not permitted
build	Cache Android SDK	2026-06-06T12:23:02.3575498Z /usr/bin/tar: ../../../../../usr/local/lib/android/sdk/platforms/android-37.0/data/res/values-mcc310-mnc240-ru: Cannot utime: Operation not permitted
build	Cache Android SDK	2026-06-06T12:23:02.3576462Z /usr/bin/tar: ../../../../../usr/local/lib/android/sdk/platforms/android-37.0/data/res/values-mcc310-mnc240-ru: Cannot change mode to rwxr-xr-x: Operation not permitted
build	Cache Android SDK	2026-06-06T12:23:02.3578964Z /usr/bin/tar: ../../../../../usr/local/lib/android/sdk/platforms/android-37.0/data/res/values-mcc310-mnc950-ja: Cannot utime: Operation not permitted
build	Cache Android SDK	2026-06-06T12:23:02.3580183Z /usr/bin/tar: ../../../../../usr/local/lib/android/sdk/platforms/android-37.0/data/res/values-mcc310-mnc950-ja: Cannot change mode to rwxr-xr-x: Operation not permitted
build	Cache Android SDK	2026-06-06T12:23:02.3587023Z /usr/bin/tar: ../../../../../usr/local/lib/android/sdk/platforms/android-37.0/data/res/values-lo: Cannot utime: Operation not permitted
build	Cache Android SDK	2026-06-06T12:23:02.3588195Z /usr/bin/tar: ../../../../../usr/local/lib/android/sdk/platforms/android-37.0/data/res/values-lo: Cannot change mode to rwxr-xr-x: Operation not permitted
build	Cache Android SDK	2026-06-06T12:23:02.3589720Z /usr/bin/tar: ../../../../../usr/local/lib/android/sdk/platforms/android-37.0/data/res/values-mcc310-mnc170-ru: Cannot utime: Operation not permitted
build	Cache Android SDK	2026-06-06T12:23:02.3590731Z /usr/bin/tar: ../../../../../usr/local/lib/android/sdk/platforms/android-37.0/data/res/values-mcc310-mnc170-ru: Cannot change mode to rwxr-xr-x: Operation not permitted
build	Cache Android SDK	2026-06-06T12:23:02.3592465Z /usr/bin/tar: ../../../../../usr/local/lib/android/sdk/platforms/android-37.0/data/res/values-mcc310-mnc310-pt-rPT: Cannot utime: Operation not permitted
build	Cache Android SDK	2026-06-06T12:23:02.3593754Z /usr/bin/tar: ../../../../../usr/local/lib/android/sdk/platforms/android-37.0/data/res/values-mcc310-mnc310-pt-rPT: Cannot change mode to rwxr-xr-x: Operation not permitted
build	Cache Android SDK	2026-06-06T12:23:02.3597859Z /usr/bin/tar: ../../../../../usr/local/lib/android/sdk/platforms/android-37.0/data/res/values-mcc310-mnc150-fa: Cannot utime: Operation not permitted
build	Cache Android SDK	2026-06-06T12:23:02.3598821Z /usr/bin/tar: ../../../../../usr/local/lib/android/sdk/platforms/android-37.0/data/res/values-mcc310-mnc150-fa: Cannot change mode to rwxr-xr-x: Operation not permitted
build	Cache Android SDK	2026-06-06T12:23:02.3601345Z /usr/bin/tar: ../../../../../usr/local/lib/android/sdk/platforms/android-37.0/data/res/values-mcc310-mnc380-gl: Cannot utime: Operation not permitted
build	Cache Android SDK	2026-06-06T12:23:02.3602300Z /usr/bin/tar: ../../../../../usr/local/lib/android/sdk/platforms/android-37.0/data/res/values-mcc310-mnc380-gl: Cannot change mode to rwxr-xr-x: Operation not permitted
build	Cache Android SDK	2026-06-06T12:23:02.3604632Z /usr/bin/tar: ../../../../../usr/local/lib/android/sdk/platforms/android-37.0/data/res/values-mcc310-mnc210-de: Cannot utime: Operation not permitted
build	Cache Android SDK	2026-06-06T12:23:02.3605570Z /usr/bin/tar: ../../../../../usr/local/lib/android/sdk/platforms/android-37.0/data/res/values-mcc310-mnc210-de: Cannot change mode to rwxr-xr-x: Operation not permitted
build	Cache Android SDK	2026-06-06T12:23:02.3607574Z /usr/bin/tar: ../../../../../usr/local/lib/android/sdk/platforms/android-37.0/data/res/values-mcc310-mnc310-ko: Cannot utime: Operation not permitted
build	Cache Android SDK	2026-06-06T12:23:02.3608596Z /usr/bin/tar: ../../../../../usr/local/lib/android/sdk/platforms/android-37.0/data/res/values-mcc310-mnc310-ko: Cannot change mode to rwxr-xr-x: Operation not permitted
build	Cache Android SDK	2026-06-06T12:23:02.3611083Z /usr/bin/tar: ../../../../../usr/local/lib/android/sdk/platforms/android-37.0/data/res/values-mcc310-mnc220-sv: Cannot utime: Operation not permitted
build	Cache Android SDK	2026-06-06T12:23:02.3612167Z /usr/bin/tar: ../../../../../usr/local/lib/android/sdk/platforms/android-37.0/data/res/values-mcc310-mnc220-sv: Cannot change mode to rwxr-xr-x: Operation not permitted
build	Cache Android SDK	2026-06-06T12:23:02.3613795Z /usr/bin/tar: ../../../../../usr/local/lib/android/sdk/platforms/android-37.0/data/res/values-b+sr+Latn-television: Cannot utime: Operation not permitted
build	Cache Android SDK	2026-06-06T12:23:02.3614934Z /usr/bin/tar: ../../../../../usr/local/lib/android/sdk/platforms/android-37.0/data/res/values-b+sr+Latn-television: Cannot change mode to rwxr-xr-x: Operation not permitted
build	Cache Android SDK	2026-06-06T12:23:02.3616618Z /usr/bin/tar: ../../../../../usr/local/lib/android/sdk/platforms/android-37.0/data/res/values-mcc310-mnc660-fr-rCA: Cannot utime: Operation not permitted
build	Cache Android SDK	2026-06-06T12:23:02.3617836Z /usr/bin/tar: ../../../../../usr/local/lib/android/sdk/platforms/android-37.0/data/res/values-mcc310-mnc660-fr-rCA: Cannot change mode to rwxr-xr-x: Operation not permitted
build	Cache Android SDK	2026-06-06T12:23:02.3619584Z /usr/bin/tar: ../../../../../usr/local/lib/android/sdk/platforms/android-37.0/data/res/values-mcc310-mnc280-hy: Cannot utime: Operation not permitted
build	Cache Android SDK	2026-06-06T12:23:02.3620653Z /usr/bin/tar: ../../../../../usr/local/lib/android/sdk/platforms/android-37.0/data/res/values-mcc310-mnc280-hy: Cannot change mode to rwxr-xr-x: Operation not permitted
build	Cache Android SDK	2026-06-06T12:23:02.3622507Z /usr/bin/tar: ../../../../../usr/local/lib/android/sdk/platforms/android-37.0/data/res/values-mcc334-mnc020-zh-rTW: Cannot utime: Operation not permitted
build	Cache Android SDK	2026-06-06T12:23:02.3623568Z /usr/bin/tar: ../../../../../usr/local/lib/android/sdk/platforms/android-37.0/data/res/values-mcc334-mnc020-zh-rTW: Cannot change mode to rwxr-xr-x: Operation not permitted
build	Cache Android SDK	2026-06-06T12:23:02.3626133Z /usr/bin/tar: ../../../../../usr/local/lib/android/sdk/platforms/android-37.0/data/res/values-mcc310-mnc270-fr-rCA: Cannot utime: Operation not permitted
build	Cache Android SDK	2026-06-06T12:23:02.3627109Z /usr/bin/tar: ../../../../../usr/local/lib/android/sdk/platforms/android-37.0/data/res/values-mcc310-mnc270-fr-rCA: Cannot change mode to rwxr-xr-x: Operation not permitted
build	Cache Android SDK	2026-06-06T12:23:02.3629220Z /usr/bin/tar: ../../../../../usr/local/lib/android/sdk/platforms/android-37.0/data/res/values-mcc310-mnc410-de: Cannot utime: Operation not permitted
build	Cache Android SDK	2026-06-06T12:23:02.3630168Z /usr/bin/tar: ../../../../../usr/local/lib/android/sdk/platforms/android-37.0/data/res/values-mcc310-mnc410-de: Cannot change mode to rwxr-xr-x: Operation not permitted
build	Cache Android SDK	2026-06-06T12:23:02.3632491Z /usr/bin/tar: ../../../../../usr/local/lib/android/sdk/platforms/android-37.0/data/res/values-mcc310-mnc560-zh-rCN: Cannot utime: Operation not permitted
build	Cache Android SDK	2026-06-06T12:23:02.3633580Z /usr/bin/tar: ../../../../../usr/local/lib/android/sdk/platforms/android-37.0/data/res/values-mcc310-mnc560-zh-rCN: Cannot change mode to rwxr-xr-x: Operation not permitted
build	Cache Android SDK	2026-06-06T12:23:02.3635103Z /usr/bin/tar: ../../../../../usr/local/lib/android/sdk/platforms/android-37.0/data/res/values-mcc310-mnc240-th: Cannot utime: Operation not permitted
build	Cache Android SDK	2026-06-06T12:23:02.3636034Z /usr/bin/tar: ../../../../../usr/local/lib/android/sdk/platforms/android-37.0/data/res/values-mcc310-mnc240-th: Cannot change mode to rwxr-xr-x: Operation not permitted
build	Cache Android SDK	2026-06-06T12:23:02.3638666Z /usr/bin/tar: ../../../../../usr/local/lib/android/sdk/platforms/android-37.0/data/res/values-mcc310-mnc030-fr-rCA: Cannot utime: Operation not permitted
build	Cache Android SDK	2026-06-06T12:23:02.3639626Z /usr/bin/tar: ../../../../../usr/local/lib/android/sdk/platforms/android-37.0/data/res/values-mcc310-mnc030-fr-rCA: Cannot change mode to rwxr-xr-x: Operation not permitted
build	Cache Android SDK	2026-06-06T12:23:02.3641731Z /usr/bin/tar: ../../../../../usr/local/lib/android/sdk/platforms/android-37.0/data/res/values-mcc310-mnc380-en-rGB: Cannot utime: Operation not permitted
build	Cache Android SDK	2026-06-06T12:23:02.3642702Z /usr/bin/tar: ../../../../../usr/local/lib/android/sdk/platforms/android-37.0/data/res/values-mcc310-mnc380-en-rGB: Cannot change mode to rwxr-xr-x: Operation not permitted
build	Cache Android SDK	2026-06-06T12:23:02.3645155Z /usr/bin/tar: ../../../../../usr/local/lib/android/sdk/platforms/android-37.0/data/res/values-mcc310-mnc250-ms: Cannot utime: Operation not permitted
build	Cache Android SDK	2026-06-06T12:23:02.3646130Z /usr/bin/tar: ../../../../../usr/local/lib/android/sdk/platforms/android-37.0/data/res/values-mcc310-mnc250-ms: Cannot change mode to rwxr-xr-x: Operation not permitted
build	Cache Android SDK	2026-06-06T12:23:02.3648140Z /usr/bin/tar: ../../../../../usr/local/lib/android/sdk/platforms/android-37.0/data/res/values-zh-rCN-television: Cannot utime: Operation not permitted
build	Cache Android SDK	2026-06-06T12:23:02.3649119Z /usr/bin/tar: ../../../../../usr/local/lib/android/sdk/platforms/android-37.0/data/res/values-zh-rCN-television: Cannot change mode to rwxr-xr-x: Operation not permitted
build	Cache Android SDK	2026-06-06T12:23:02.3651294Z /usr/bin/tar: ../../../../../usr/local/lib/android/sdk/platforms/android-37.0/data/res/values-mcc310-mnc150-cs: Cannot utime: Operation not permitted
build	Cache Android SDK	2026-06-06T12:23:02.3652241Z /usr/bin/tar: ../../../../../usr/local/lib/android/sdk/platforms/android-37.0/data/res/values-mcc310-mnc150-cs: Cannot change mode to rwxr-xr-x: Operation not permitted
build	Cache Android SDK	2026-06-06T12:23:02.3654550Z /usr/bin/tar: ../../../../../usr/local/lib/android/sdk/platforms/android-37.0/data/res/values-mcc310-mnc200-lt: Cannot utime: Operation not permitted
build	Cache Android SDK	2026-06-06T12:23:02.3655585Z /usr/bin/tar: ../../../../../usr/local/lib/android/sdk/platforms/android-37.0/data/res/values-mcc310-mnc200-lt: Cannot change mode to rwxr-xr-x: Operation not permitted
build	Cache Android SDK	2026-06-06T12:23:02.3658936Z /usr/bin/tar: ../../../../../usr/local/lib/android/sdk/platforms/android-37.0/data/res/values-mcc310-mnc150-de: Cannot utime: Operation not permitted
build	Cache Android SDK	2026-06-06T12:23:02.3660240Z /usr/bin/tar: ../../../../../usr/local/lib/android/sdk/platforms/android-37.0/data/res/values-mcc310-mnc150-de: Cannot change mode to rwxr-xr-x: Operation not permitted
build	Cache Android SDK	2026-06-06T12:23:02.3661760Z /usr/bin/tar: ../../../../../usr/local/lib/android/sdk/platforms/android-37.0/data/res/values-mcc001-mnc01-ms: Cannot utime: Operation not permitted
build	Cache Android SDK	2026-06-06T12:23:02.3662694Z /usr/bin/tar: ../../../../../usr/local/lib/android/sdk/platforms/android-37.0/data/res/values-mcc001-mnc01-ms: Cannot change mode to rwxr-xr-x: Operation not permitted
build	Cache Android SDK	2026-06-06T12:23:02.3665898Z /usr/bin/tar: ../../../../../usr/local/lib/android/sdk/platforms/android-37.0/data/res/values-ta-watch: Cannot utime: Operation not permitted
build	Cache Android SDK	2026-06-06T12:23:02.3666846Z /usr/bin/tar: ../../../../../usr/local/lib/android/sdk/platforms/android-37.0/data/res/values-ta-watch: Cannot change mode to rwxr-xr-x: Operation not permitted
build	Cache Android SDK	2026-06-06T12:23:02.3669847Z /usr/bin/tar: ../../../../../usr/local/lib/android/sdk/platforms/android-37.0/data/res/values-mcc310-mnc160-is: Cannot utime: Operation not permitted
build	Cache Android SDK	2026-06-06T12:23:02.3670847Z /usr/bin/tar: ../../../../../usr/local/lib/android/sdk/platforms/android-37.0/data/res/values-mcc310-mnc160-is: Cannot change mode to rwxr-xr-x: Operation not permitted
build	Cache Android SDK	2026-06-06T12:23:02.3672641Z /usr/bin/tar: ../../../../../usr/local/lib/android/sdk/platforms/android-37.0/data/res/values-mcc310-mnc230-zu: Cannot utime: Operation not permitted
build	Cache Android SDK	2026-06-06T12:23:02.3673638Z /usr/bin/tar: ../../../../../usr/local/lib/android/sdk/platforms/android-37.0/data/res/values-mcc310-mnc230-zu: Cannot change mode to rwxr-xr-x: Operation not permitted
build	Cache Android SDK	2026-06-06T12:23:02.3676720Z /usr/bin/tar: ../../../../../usr/local/lib/android/sdk/platforms/android-37.0/data/res/values-mcc312-mnc670-ca: Cannot utime: Operation not permitted
build	Cache Android SDK	2026-06-06T12:23:02.3677854Z /usr/bin/tar: ../../../../../usr/local/lib/android/sdk/platforms/android-37.0/data/res/values-mcc312-mnc670-ca: Cannot change mode to rwxr-xr-x: Operation not permitted
build	Cache Android SDK	2026-06-06T12:23:02.3680146Z /usr/bin/tar: ../../../../../usr/local/lib/android/sdk/platforms/android-37.0/data/res/values-mcc302-mnc720-es: Cannot utime: Operation not permitted
build	Cache Android SDK	2026-06-06T12:23:02.3681088Z /usr/bin/tar: ../../../../../usr/local/lib/android/sdk/platforms/android-37.0/data/res/values-mcc302-mnc720-es: Cannot change mode to rwxr-xr-x: Operation not permitted
build	Cache Android SDK	2026-06-06T12:23:02.3683716Z /usr/bin/tar: ../../../../../usr/local/lib/android/sdk/platforms/android-37.0/data/res/values-mcc310-mnc280-zh-rHK: Cannot utime: Operation not permitted
build	Cache Android SDK	2026-06-06T12:23:02.3685203Z /usr/bin/tar: ../../../../../usr/local/lib/android/sdk/platforms/android-37.0/data/res/values-mcc310-mnc280-zh-rHK: Cannot change mode to rwxr-xr-x: Operation not permitted
build	Cache Android SDK	2026-06-06T12:23:02.3687337Z /usr/bin/tar: ../../../../../usr/local/lib/android/sdk/platforms/android-37.0/data/res/values-mcc334-mnc020-en-rIN: Cannot utime: Operation not permitted
build	Cache Android SDK	2026-06-06T12:23:02.3688631Z /usr/bin/tar: ../../../../../usr/local/lib/android/sdk/platforms/android-37.0/data/res/values-mcc334-mnc020-en-rIN: Cannot change mode to rwxr-xr-x: Operation not permitted
build	Cache Android SDK	2026-06-06T12:23:02.3690632Z /usr/bin/tar: ../../../../../usr/local/lib/android/sdk/platforms/android-37.0/data/res/values-mcc001-mnc01-bg: Cannot utime: Operation not permitted
build	Cache Android SDK	2026-06-06T12:23:02.3691658Z /usr/bin/tar: ../../../../../usr/local/lib/android/sdk/platforms/android-37.0/data/res/values-mcc001-mnc01-bg: Cannot change mode to rwxr-xr-x: Operation not permitted
build	Cache Android SDK	2026-06-06T12:23:02.3694773Z /usr/bin/tar: ../../../../../usr/local/lib/android/sdk/platforms/android-37.0/data/res/values-mcc312: Cannot utime: Operation not permitted
build	Cache Android SDK	2026-06-06T12:23:02.3695790Z /usr/bin/tar: ../../../../../usr/local/lib/android/sdk/platforms/android-37.0/data/res/values-mcc312: Cannot change mode to rwxr-xr-x: Operation not permitted
build	Cache Android SDK	2026-06-06T12:23:02.3698023Z /usr/bin/tar: ../../../../../usr/local/lib/android/sdk/platforms/android-37.0/data/res/raw-ko: Cannot utime: Operation not permitted
build	Cache Android SDK	2026-06-06T12:23:02.3699050Z /usr/bin/tar: ../../../../../usr/local/lib/android/sdk/platforms/android-37.0/data/res/raw-ko: Cannot change mode to rwxr-xr-x: Operation not permitted
build	Cache Android SDK	2026-06-06T12:23:02.3700651Z /usr/bin/tar: ../../../../../usr/local/lib/android/sdk/platforms/android-37.0/data/res/values-mcc466-mnc07: Cannot utime: Operation not permitted
build	Cache Android SDK	2026-06-06T12:23:02.3701627Z /usr/bin/tar: ../../../../../usr/local/lib/android/sdk/platforms/android-37.0/data/res/values-mcc466-mnc07: Cannot change mode to rwxr-xr-x: Operation not permitted
build	Cache Android SDK	2026-06-06T12:23:02.4199700Z /usr/bin/tar: ../../../../../usr/local/lib/android/sdk/platforms/android-37.0/data/res/drawable-mdpi: Cannot utime: Operation not permitted
build	Cache Android SDK	2026-06-06T12:23:02.4201088Z /usr/bin/tar: ../../../../../usr/local/lib/android/sdk/platforms/android-37.0/data/res/drawable-mdpi: Cannot change mode to rwxr-xr-x: Operation not permitted
build	Cache Android SDK	2026-06-06T12:23:02.4202255Z /usr/bin/tar: ../../../../../usr/local/lib/android/sdk/platforms/android-37.0/data/res/values-mcc310-mnc170-gu: Cannot utime: Operation not permitted
build	Cache Android SDK	2026-06-06T12:23:02.4203357Z /usr/bin/tar: ../../../../../usr/local/lib/android/sdk/platforms/android-37.0/data/res/values-mcc310-mnc170-gu: Cannot change mode to rwxr-xr-x: Operation not permitted
build	Cache Android SDK	2026-06-06T12:23:02.4204795Z /usr/bin/tar: ../../../../../usr/local/lib/android/sdk/platforms/android-37.0/data/res/values-mcc313-mnc100-bg: Cannot utime: Operation not permitted
build	Cache Android SDK	2026-06-06T12:23:02.4205724Z /usr/bin/tar: ../../../../../usr/local/lib/android/sdk/platforms/android-37.0/data/res/values-mcc313-mnc100-bg: Cannot change mode to rwxr-xr-x: Operation not permitted
build	Cache Android SDK	2026-06-06T12:23:02.4207776Z /usr/bin/tar: ../../../../../usr/local/lib/android/sdk/platforms/android-37.0/data/res/values-mcc312-mnc670-hr: Cannot utime: Operation not permitted
build	Cache Android SDK	2026-06-06T12:23:02.4208732Z /usr/bin/tar: ../../../../../usr/local/lib/android/sdk/platforms/android-37.0/data/res/values-mcc312-mnc670-hr: Cannot change mode to rwxr-xr-x: Operation not permitted
build	Cache Android SDK	2026-06-06T12:23:02.4210773Z /usr/bin/tar: ../../../../../usr/local/lib/android/sdk/platforms/android-37.0/data/res/values-mcc310-mnc170-bs: Cannot utime: Operation not permitted
build	Cache Android SDK	2026-06-06T12:23:02.4211740Z /usr/bin/tar: ../../../../../usr/local/lib/android/sdk/platforms/android-37.0/data/res/values-mcc310-mnc170-bs: Cannot change mode to rwxr-xr-x: Operation not permitted
build	Cache Android SDK	2026-06-06T12:23:02.4214451Z /usr/bin/tar: ../../../../../usr/local/lib/android/sdk/platforms/android-37.0/data/res/values-mcc310-mnc030-bn: Cannot utime: Operation not permitted
build	Cache Android SDK	2026-06-06T12:23:02.4215411Z /usr/bin/tar: ../../../../../usr/local/lib/android/sdk/platforms/android-37.0/data/res/values-mcc310-mnc030-bn: Cannot change mode to rwxr-xr-x: Operation not permitted
build	Cache Android SDK	2026-06-06T12:23:02.4217769Z /usr/bin/tar: ../../../../../usr/local/lib/android/sdk/platforms/android-37.0/data/res/values-mcc310-mnc230-lt: Cannot utime: Operation not permitted
build	Cache Android SDK	2026-06-06T12:23:02.4218799Z /usr/bin/tar: ../../../../../usr/local/lib/android/sdk/platforms/android-37.0/data/res/values-mcc310-mnc230-lt: Cannot change mode to rwxr-xr-x: Operation not permitted
build	Cache Android SDK	2026-06-06T12:23:02.4221227Z /usr/bin/tar: ../../../../../usr/local/lib/android/sdk/platforms/android-37.0/data/res/values-mcc310-mnc150-vi: Cannot utime: Operation not permitted
build	Cache Android SDK	2026-06-06T12:23:02.4222186Z /usr/bin/tar: ../../../../../usr/local/lib/android/sdk/platforms/android-37.0/data/res/values-mcc310-mnc150-vi: Cannot change mode to rwxr-xr-x: Operation not permitted
build	Cache Android SDK	2026-06-06T12:23:02.4224674Z /usr/bin/tar: ../../../../../usr/local/lib/android/sdk/platforms/android-37.0/data/res/values-mcc001-mnc01-el: Cannot utime: Operation not permitted
build	Cache Android SDK	2026-06-06T12:23:02.4225717Z /usr/bin/tar: ../../../../../usr/local/lib/android/sdk/platforms/android-37.0/data/res/values-mcc001-mnc01-el: Cannot change mode to rwxr-xr-x: Operation not permitted
build	Cache Android SDK	2026-06-06T12:23:02.4228079Z /usr/bin/tar: ../../../../../usr/local/lib/android/sdk/platforms/android-37.0/data/res/values-mcc310-mnc230-ca: Cannot utime: Operation not permitted
build	Cache Android SDK	2026-06-06T12:23:02.4229223Z /usr/bin/tar: ../../../../../usr/local/lib/android/sdk/platforms/android-37.0/data/res/values-mcc310-mnc230-ca: Cannot change mode to rwxr-xr-x: Operation not permitted
build	Cache Android SDK	2026-06-06T12:23:02.4230884Z /usr/bin/tar: ../../../../../usr/local/lib/android/sdk/platforms/android-37.0/data/res/values-mcc310-mnc200-el: Cannot utime: Operation not permitted
build	Cache Android SDK	2026-06-06T12:23:02.4231851Z /usr/bin/tar: ../../../../../usr/local/lib/android/sdk/platforms/android-37.0/data/res/values-mcc310-mnc200-el: Cannot change mode to rwxr-xr-x: Operation not permitted
build	Cache Android SDK	2026-06-06T12:23:02.4234109Z /usr/bin/tar: ../../../../../usr/local/lib/android/sdk/platforms/android-37.0/data/res/values-mcc310-mnc160-lv: Cannot utime: Operation not permitted
build	Cache Android SDK	2026-06-06T12:23:02.4235123Z /usr/bin/tar: ../../../../../usr/local/lib/android/sdk/platforms/android-37.0/data/res/values-mcc310-mnc160-lv: Cannot change mode to rwxr-xr-x: Operation not permitted
build	Cache Android SDK	2026-06-06T12:23:02.4237849Z /usr/bin/tar: ../../../../../usr/local/lib/android/sdk/platforms/android-37.0/data/res/values-mcc310-mnc220-ko: Cannot utime: Operation not permitted
build	Cache Android SDK	2026-06-06T12:23:02.4238827Z /usr/bin/tar: ../../../../../usr/local/lib/android/sdk/platforms/android-37.0/data/res/values-mcc310-mnc220-ko: Cannot change mode to rwxr-xr-x: Operation not permitted
build	Cache Android SDK	2026-06-06T12:23:02.4242117Z /usr/bin/tar: ../../../../../usr/local/lib/android/sdk/platforms/android-37.0/data/res/values-mcc310-mnc280-pl: Cannot utime: Operation not permitted
build	Cache Android SDK	2026-06-06T12:23:02.4243422Z /usr/bin/tar: ../../../../../usr/local/lib/android/sdk/platforms/android-37.0/data/res/values-mcc310-mnc280-pl: Cannot change mode to rwxr-xr-x: Operation not permitted
build	Cache Android SDK	2026-06-06T12:23:02.4244842Z /usr/bin/tar: ../../../../../usr/local/lib/android/sdk/platforms/android-37.0/data/res/values-nl-rNL: Cannot utime: Operation not permitted
build	Cache Android SDK	2026-06-06T12:23:02.4245810Z /usr/bin/tar: ../../../../../usr/local/lib/android/sdk/platforms/android-37.0/data/res/values-nl-rNL: Cannot change mode to rwxr-xr-x: Operation not permitted
build	Cache Android SDK	2026-06-06T12:23:02.4248678Z /usr/bin/tar: ../../../../../usr/local/lib/android/sdk/platforms/android-37.0/data/res/values-mcc001-mnc01-es-rUS: Cannot utime: Operation not permitted
build	Cache Android SDK	2026-06-06T12:23:02.4249659Z /usr/bin/tar: ../../../../../usr/local/lib/android/sdk/platforms/android-37.0/data/res/values-mcc001-mnc01-es-rUS: Cannot change mode to rwxr-xr-x: Operation not permitted
build	Cache Android SDK	2026-06-06T12:23:02.4251686Z /usr/bin/tar: ../../../../../usr/local/lib/android/sdk/platforms/android-37.0/data/res/values-mcc302-mnc370-gu: Cannot utime: Operation not permitted
build	Cache Android SDK	2026-06-06T12:23:02.4252648Z /usr/bin/tar: ../../../../../usr/local/lib/android/sdk/platforms/android-37.0/data/res/values-mcc302-mnc370-gu: Cannot change mode to rwxr-xr-x: Operation not permitted
build	Cache Android SDK	2026-06-06T12:23:02.4255450Z /usr/bin/tar: ../../../../../usr/local/lib/android/sdk/platforms/android-37.0/data/res/values-mcc310-mnc490-b+sr+Latn: Cannot utime: Operation not permitted
build	Cache Android SDK	2026-06-06T12:23:02.4256761Z /usr/bin/tar: ../../../../../usr/local/lib/android/sdk/platforms/android-37.0/data/res/values-mcc310-mnc490-b+sr+Latn: Cannot change mode to rwxr-xr-x: Operation not permitted
build	Cache Android SDK	2026-06-06T12:23:02.4258482Z /usr/bin/tar: ../../../../../usr/local/lib/android/sdk/platforms/android-37.0/data/res/values-mcc310-mnc950-uk: Cannot utime: Operation not permitted
build	Cache Android SDK	2026-06-06T12:23:02.4259454Z /usr/bin/tar: ../../../../../usr/local/lib/android/sdk/platforms/android-37.0/data/res/values-mcc310-mnc950-uk: Cannot change mode to rwxr-xr-x: Operation not permitted
build	Cache Android SDK	2026-06-06T12:23:02.4261942Z /usr/bin/tar: ../../../../../usr/local/lib/android/sdk/platforms/android-37.0/data/res/values-mcc310-mnc660-ml: Cannot utime: Operation not permitted
build	Cache Android SDK	2026-06-06T12:23:02.4262882Z /usr/bin/tar: ../../../../../usr/local/lib/android/sdk/platforms/android-37.0/data/res/values-mcc310-mnc660-ml: Cannot change mode to rwxr-xr-x: Operation not permitted
build	Cache Android SDK	2026-06-06T12:23:02.4265137Z /usr/bin/tar: ../../../../../usr/local/lib/android/sdk/platforms/android-37.0/data/res/values-mcc314: Cannot utime: Operation not permitted
build	Cache Android SDK	2026-06-06T12:23:02.4266016Z /usr/bin/tar: ../../../../../usr/local/lib/android/sdk/platforms/android-37.0/data/res/values-mcc314: Cannot change mode to rwxr-xr-x: Operation not permitted
build	Cache Android SDK	2026-06-06T12:23:02.4269008Z /usr/bin/tar: ../../../../../usr/local/lib/android/sdk/platforms/android-37.0/data/res/values-mcc310-mnc200-te: Cannot utime: Operation not permitted
build	Cache Android SDK	2026-06-06T12:23:02.4270054Z /usr/bin/tar: ../../../../../usr/local/lib/android/sdk/platforms/android-37.0/data/res/values-mcc310-mnc200-te: Cannot change mode to rwxr-xr-x: Operation not permitted
build	Cache Android SDK	2026-06-06T12:23:02.4272117Z /usr/bin/tar: ../../../../../usr/local/lib/android/sdk/platforms/android-37.0/data/res/values-es-rUS-feminine: Cannot utime: Operation not permitted
build	Cache Android SDK	2026-06-06T12:23:02.4273057Z /usr/bin/tar: ../../../../../usr/local/lib/android/sdk/platforms/android-37.0/data/res/values-es-rUS-feminine: Cannot change mode to rwxr-xr-x: Operation not permitted
build	Cache Android SDK	2026-06-06T12:23:02.4275866Z /usr/bin/tar: ../../../../../usr/local/lib/android/sdk/platforms/android-37.0/data/res/values-mcc311-mnc180-nb: Cannot utime: Operation not permitted
build	Cache Android SDK	2026-06-06T12:23:02.4276810Z /usr/bin/tar: ../../../../../usr/local/lib/android/sdk/platforms/android-37.0/data/res/values-mcc311-mnc180-nb: Cannot change mode to rwxr-xr-x: Operation not permitted
build	Cache Android SDK	2026-06-06T12:23:02.4279229Z /usr/bin/tar: ../../../../../usr/local/lib/android/sdk/platforms/android-37.0/data/res/values-mcc310-mnc250-zh-rHK: Cannot utime: Operation not permitted
build	Cache Android SDK	2026-06-06T12:23:02.4280202Z /usr/bin/tar: ../../../../../usr/local/lib/android/sdk/platforms/android-37.0/data/res/values-mcc310-mnc250-zh-rHK: Cannot change mode to rwxr-xr-x: Operation not permitted
build	Cache Android SDK	2026-06-06T12:23:02.4282849Z /usr/bin/tar: ../../../../../usr/local/lib/android/sdk/platforms/android-37.0/data/res/values-mcc310-mnc310-lo: Cannot utime: Operation not permitted
build	Cache Android SDK	2026-06-06T12:23:02.4283867Z /usr/bin/tar: ../../../../../usr/local/lib/android/sdk/platforms/android-37.0/data/res/values-mcc310-mnc310-lo: Cannot change mode to rwxr-xr-x: Operation not permitted
build	Cache Android SDK	2026-06-06T12:23:02.4285980Z /usr/bin/tar: ../../../../../usr/local/lib/android/sdk/platforms/android-37.0/data/res/values-mcc001-mnc01-pt-rBR: Cannot utime: Operation not permitted
build	Cache Android SDK	2026-06-06T12:23:02.4286948Z /usr/bin/tar: ../../../../../usr/local/lib/android/sdk/platforms/android-37.0/data/res/values-mcc001-mnc01-pt-rBR: Cannot change mode to rwxr-xr-x: Operation not permitted
build	Cache Android SDK	2026-06-06T12:23:02.4289523Z /usr/bin/tar: ../../../../../usr/local/lib/android/sdk/platforms/android-37.0/data/res/values-mcc310-mnc660-ja: Cannot utime: Operation not permitted
build	Cache Android SDK	2026-06-06T12:23:02.4290473Z /usr/bin/tar: ../../../../../usr/local/lib/android/sdk/platforms/android-37.0/data/res/values-mcc310-mnc660-ja: Cannot change mode to rwxr-xr-x: Operation not permitted
build	Cache Android SDK	2026-06-06T12:23:02.4292937Z /usr/bin/tar: ../../../../../usr/local/lib/android/sdk/platforms/android-37.0/data/res/values-mcc310-mnc280-bg: Cannot utime: Operation not permitted
build	Cache Android SDK	2026-06-06T12:23:02.4293967Z /usr/bin/tar: ../../../../../usr/local/lib/android/sdk/platforms/android-37.0/data/res/values-mcc310-mnc280-bg: Cannot change mode to rwxr-xr-x: Operation not permitted
build	Cache Android SDK	2026-06-06T12:23:02.4296113Z /usr/bin/tar: ../../../../../usr/local/lib/android/sdk/platforms/android-37.0/data/res/values-mcc310-mnc800-am: Cannot utime: Operation not permitted
build	Cache Android SDK	2026-06-06T12:23:02.4297044Z /usr/bin/tar: ../../../../../usr/local/lib/android/sdk/platforms/android-37.0/data/res/values-mcc310-mnc800-am: Cannot change mode to rwxr-xr-x: Operation not permitted
build	Cache Android SDK	2026-06-06T12:23:02.4299510Z /usr/bin/tar: ../../../../../usr/local/lib/android/sdk/platforms/android-37.0/data/res/values-mcc310-mnc170-vi: Cannot utime: Operation not permitted
build	Cache Android SDK	2026-06-06T12:23:02.4300442Z /usr/bin/tar: ../../../../../usr/local/lib/android/sdk/platforms/android-37.0/data/res/values-mcc310-mnc170-vi: Cannot change mode to rwxr-xr-x: Operation not permitted
build	Cache Android SDK	2026-06-06T12:23:02.4302947Z /usr/bin/tar: ../../../../../usr/local/lib/android/sdk/platforms/android-37.0/data/res/values-mcc310-mnc310-zu: Cannot utime: Operation not permitted
build	Cache Android SDK	2026-06-06T12:23:02.4303934Z /usr/bin/tar: ../../../../../usr/local/lib/android/sdk/platforms/android-37.0/data/res/values-mcc310-mnc310-zu: Cannot change mode to rwxr-xr-x: Operation not permitted
build	Cache Android SDK	2026-06-06T12:23:02.4306610Z /usr/bin/tar: ../../../../../usr/local/lib/android/sdk/platforms/android-37.0/data/res/values-mcc310-mnc160-bs: Cannot utime: Operation not permitted
build	Cache Android SDK	2026-06-06T12:23:02.4308253Z /usr/bin/tar: ../../../../../usr/local/lib/android/sdk/platforms/android-37.0/data/res/values-mcc310-mnc160-bs: Cannot change mode to rwxr-xr-x: Operation not permitted
build	Cache Android SDK	2026-06-06T12:23:02.4312369Z /usr/bin/tar: ../../../../../usr/local/lib/android/sdk/platforms/android-37.0/data/res/anim-watch: Cannot utime: Operation not permitted
build	Cache Android SDK	2026-06-06T12:23:02.4313239Z /usr/bin/tar: ../../../../../usr/local/lib/android/sdk/platforms/android-37.0/data/res/anim-watch: Cannot change mode to rwxr-xr-x: Operation not permitted
build	Cache Android SDK	2026-06-06T12:23:02.4316470Z /usr/bin/tar: ../../../../../usr/local/lib/android/sdk/platforms/android-37.0/data/res/values-mcc334-mnc020-en-rCA: Cannot utime: Operation not permitted
build	Cache Android SDK	2026-06-06T12:23:02.4317602Z /usr/bin/tar: ../../../../../usr/local/lib/android/sdk/platforms/android-37.0/data/res/values-mcc334-mnc020-en-rCA: Cannot change mode to rwxr-xr-x: Operation not permitted
build	Cache Android SDK	2026-06-06T12:23:02.4319961Z /usr/bin/tar: ../../../../../usr/local/lib/android/sdk/platforms/android-37.0/data/res/values-lv-television: Cannot utime: Operation not permitted
build	Cache Android SDK	2026-06-06T12:23:02.4320950Z /usr/bin/tar: ../../../../../usr/local/lib/android/sdk/platforms/android-37.0/data/res/values-lv-television: Cannot change mode to rwxr-xr-x: Operation not permitted
build	Cache Android SDK	2026-06-06T12:23:02.4323617Z /usr/bin/tar: ../../../../../usr/local/lib/android/sdk/platforms/android-37.0/data/res/values-mcc310-mnc210-ko: Cannot utime: Operation not permitted
build	Cache Android SDK	2026-06-06T12:23:02.4324719Z /usr/bin/tar: ../../../../../usr/local/lib/android/sdk/platforms/android-37.0/data/res/values-mcc310-mnc210-ko: Cannot change mode to rwxr-xr-x: Operation not permitted
build	Cache Android SDK	2026-06-06T12:23:02.4327098Z /usr/bin/tar: ../../../../../usr/local/lib/android/sdk/platforms/android-37.0/data/res/values-mcc310-mnc150-fr-rCA: Cannot utime: Operation not permitted
build	Cache Android SDK	2026-06-06T12:23:02.4328182Z /usr/bin/tar: ../../../../../usr/local/lib/android/sdk/platforms/android-37.0/data/res/values-mcc310-mnc150-fr-rCA: Cannot change mode to rwxr-xr-x: Operation not permitted
build	Cache Android SDK	2026-06-06T12:23:02.4330485Z /usr/bin/tar: ../../../../../usr/local/lib/android/sdk/platforms/android-37.0/data/res/values-mcc310-mnc030-pt-rBR: Cannot utime: Operation not permitted
build	Cache Android SDK	2026-06-06T12:23:02.4331434Z /usr/bin/tar: ../../../../../usr/local/lib/android/sdk/platforms/android-37.0/data/res/values-mcc310-mnc030-pt-rBR: Cannot change mode to rwxr-xr-x: Operation not permitted
build	Cache Android SDK	2026-06-06T12:23:02.4333850Z /usr/bin/tar: ../../../../../usr/local/lib/android/sdk/platforms/android-37.0/data/res/values-mcc334-mnc020-lv: Cannot utime: Operation not permitted
build	Cache Android SDK	2026-06-06T12:23:02.4334858Z /usr/bin/tar: ../../../../../usr/local/lib/android/sdk/platforms/android-37.0/data/res/values-mcc334-mnc020-lv: Cannot change mode to rwxr-xr-x: Operation not permitted
build	Cache Android SDK	2026-06-06T12:23:02.4337604Z /usr/bin/tar: ../../../../../usr/local/lib/android/sdk/platforms/android-37.0/data/res/values-hr-watch: Cannot utime: Operation not permitted
build	Cache Android SDK	2026-06-06T12:23:02.4338611Z /usr/bin/tar: ../../../../../usr/local/lib/android/sdk/platforms/android-37.0/data/res/values-hr-watch: Cannot change mode to rwxr-xr-x: Operation not permitted
build	Cache Android SDK	2026-06-06T12:23:02.4341090Z /usr/bin/tar: ../../../../../usr/local/lib/android/sdk/platforms/android-37.0/data/res/values-mcc310-mnc380-lo: Cannot utime: Operation not permitted
build	Cache Android SDK	2026-06-06T12:23:02.4342377Z /usr/bin/tar: ../../../../../usr/local/lib/android/sdk/platforms/android-37.0/data/res/values-mcc310-mnc380-lo: Cannot change mode to rwxr-xr-x: Operation not permitted
build	Cache Android SDK	2026-06-06T12:23:02.4345644Z /usr/bin/tar: ../../../../../usr/local/lib/android/sdk/platforms/android-37.0/data/res/values-mcc311-mnc180-mk: Cannot utime: Operation not permitted
build	Cache Android SDK	2026-06-06T12:23:02.4346634Z /usr/bin/tar: ../../../../../usr/local/lib/android/sdk/platforms/android-37.0/data/res/values-mcc311-mnc180-mk: Cannot change mode to rwxr-xr-x: Operation not permitted
build	Cache Android SDK	2026-06-06T12:23:02.4349441Z /usr/bin/tar: ../../../../../usr/local/lib/android/sdk/platforms/android-37.0/data/res/values-mcc310-mnc170-ro: Cannot utime: Operation not permitted
build	Cache Android SDK	2026-06-06T12:23:02.4350591Z /usr/bin/tar: ../../../../../usr/local/lib/android/sdk/platforms/android-37.0/data/res/values-mcc310-mnc170-ro: Cannot change mode to rwxr-xr-x: Operation not permitted
build	Cache Android SDK	2026-06-06T12:23:02.4352480Z /usr/bin/tar: ../../../../../usr/local/lib/android/sdk/platforms/android-37.0/data/res/values-mcc310-mnc200-bn: Cannot utime: Operation not permitted
build	Cache Android SDK	2026-06-06T12:23:02.4353417Z /usr/bin/tar: ../../../../../usr/local/lib/android/sdk/platforms/android-37.0/data/res/values-mcc310-mnc200-bn: Cannot change mode to rwxr-xr-x: Operation not permitted
build	Cache Android SDK	2026-06-06T12:23:02.4355992Z /usr/bin/tar: ../../../../../usr/local/lib/android/sdk/platforms/android-37.0/data/res/values-mcc310-mnc250: Cannot utime: Operation not permitted
build	Cache Android SDK	2026-06-06T12:23:02.4356920Z /usr/bin/tar: ../../../../../usr/local/lib/android/sdk/platforms/android-37.0/data/res/values-mcc310-mnc250: Cannot change mode to rwxr-xr-x: Operation not permitted
build	Cache Android SDK	2026-06-06T12:23:02.4359464Z /usr/bin/tar: ../../../../../usr/local/lib/android/sdk/platforms/android-37.0/data/res/values-mcc310-mnc660-ru: Cannot utime: Operation not permitted
build	Cache Android SDK	2026-06-06T12:23:02.4360427Z /usr/bin/tar: ../../../../../usr/local/lib/android/sdk/platforms/android-37.0/data/res/values-mcc310-mnc660-ru: Cannot change mode to rwxr-xr-x: Operation not permitted
build	Cache Android SDK	2026-06-06T12:23:02.4365998Z /usr/bin/tar: ../../../../../usr/local/lib/android/sdk/platforms/android-37.0/data/res/values-mcc310-mnc220-pa: Cannot utime: Operation not permitted
build	Cache Android SDK	2026-06-06T12:23:02.4367315Z /usr/bin/tar: ../../../../../usr/local/lib/android/sdk/platforms/android-37.0/data/res/values-mcc310-mnc220-pa: Cannot change mode to rwxr-xr-x: Operation not permitted
build	Cache Android SDK	2026-06-06T12:23:02.4371860Z /usr/bin/tar: ../../../../../usr/local/lib/android/sdk/platforms/android-37.0/data/res/values-w204dp-round-watch: Cannot utime: Operation not permitted
build	Cache Android SDK	2026-06-06T12:23:02.4372834Z /usr/bin/tar: ../../../../../usr/local/lib/android/sdk/platforms/android-37.0/data/res/values-w204dp-round-watch: Cannot change mode to rwxr-xr-x: Operation not permitted
build	Cache Android SDK	2026-06-06T12:23:02.4379664Z /usr/bin/tar: ../../../../../usr/local/lib/android/sdk/platforms/android-37.0/data/res/values-mcc310-mnc800-ja: Cannot utime: Operation not permitted
build	Cache Android SDK	2026-06-06T12:23:02.4380621Z /usr/bin/tar: ../../../../../usr/local/lib/android/sdk/platforms/android-37.0/data/res/values-mcc310-mnc800-ja: Cannot change mode to rwxr-xr-x: Operation not permitted
build	Cache Android SDK	2026-06-06T12:23:02.4382818Z /usr/bin/tar: ../../../../../usr/local/lib/android/sdk/platforms/android-37.0/data/res/values-mcc310-mnc490-is: Cannot utime: Operation not permitted
build	Cache Android SDK	2026-06-06T12:23:02.4383908Z /usr/bin/tar: ../../../../../usr/local/lib/android/sdk/platforms/android-37.0/data/res/values-mcc310-mnc490-is: Cannot change mode to rwxr-xr-x: Operation not permitted
build	Cache Android SDK	2026-06-06T12:23:02.4386025Z /usr/bin/tar: ../../../../../usr/local/lib/android/sdk/platforms/android-37.0/data/res/values-mcc302-mnc720-fi: Cannot utime: Operation not permitted
build	Cache Android SDK	2026-06-06T12:23:02.4386968Z /usr/bin/tar: ../../../../../usr/local/lib/android/sdk/platforms/android-37.0/data/res/values-mcc302-mnc720-fi: Cannot change mode to rwxr-xr-x: Operation not permitted
build	Cache Android SDK	2026-06-06T12:23:02.4389410Z /usr/bin/tar: ../../../../../usr/local/lib/android/sdk/platforms/android-37.0/data/res/values-mcc310-mnc270-mn: Cannot utime: Operation not permitted
build	Cache Android SDK	2026-06-06T12:23:02.4390341Z /usr/bin/tar: ../../../../../usr/local/lib/android/sdk/platforms/android-37.0/data/res/values-mcc310-mnc270-mn: Cannot change mode to rwxr-xr-x: Operation not permitted
build	Cache Android SDK	2026-06-06T12:23:02.4393145Z /usr/bin/tar: ../../../../../usr/local/lib/android/sdk/platforms/android-37.0/data/res/values-mcc312-mnc670-ar: Cannot utime: Operation not permitted
build	Cache Android SDK	2026-06-06T12:23:02.4394108Z /usr/bin/tar: ../../../../../usr/local/lib/android/sdk/platforms/android-37.0/data/res/values-mcc312-mnc670-ar: Cannot change mode to rwxr-xr-x: Operation not permitted
build	Cache Android SDK	2026-06-06T12:23:02.4396923Z /usr/bin/tar: ../../../../../usr/local/lib/android/sdk/platforms/android-37.0/data/res/values-mcc313-mnc100-hu: Cannot utime: Operation not permitted
build	Cache Android SDK	2026-06-06T12:23:02.4398110Z /usr/bin/tar: ../../../../../usr/local/lib/android/sdk/platforms/android-37.0/data/res/values-mcc313-mnc100-hu: Cannot change mode to rwxr-xr-x: Operation not permitted
build	Cache Android SDK	2026-06-06T12:23:02.4400197Z /usr/bin/tar: ../../../../../usr/local/lib/android/sdk/platforms/android-37.0/data/res/values-in-television: Cannot utime: Operation not permitted
build	Cache Android SDK	2026-06-06T12:23:02.4401142Z /usr/bin/tar: ../../../../../usr/local/lib/android/sdk/platforms/android-37.0/data/res/values-in-television: Cannot change mode to rwxr-xr-x: Operation not permitted
build	Cache Android SDK	2026-06-06T12:23:02.4408655Z /usr/bin/tar: ../../../../../usr/local/lib/android/sdk/platforms/android-37.0/data/res/values-or: Cannot utime: Operation not permitted
build	Cache Android SDK	2026-06-06T12:23:02.4409971Z /usr/bin/tar: ../../../../../usr/local/lib/android/sdk/platforms/android-37.0/data/res/values-or: Cannot change mode to rwxr-xr-x: Operation not permitted
build	Cache Android SDK	2026-06-06T12:23:02.4412252Z /usr/bin/tar: ../../../../../usr/local/lib/android/sdk/platforms/android-37.0/data/res/values-mcc310-mnc230-b+sr+Latn: Cannot utime: Operation not permitted
build	Cache Android SDK	2026-06-06T12:23:02.4413242Z /usr/bin/tar: ../../../../../usr/local/lib/android/sdk/platforms/android-37.0/data/res/values-mcc310-mnc230-b+sr+Latn: Cannot change mode to rwxr-xr-x: Operation not permitted
build	Cache Android SDK	2026-06-06T12:23:02.4414808Z /usr/bin/tar: ../../../../../usr/local/lib/android/sdk/platforms/android-37.0/data/res/values-mcc222-mnc10: Cannot utime: Operation not permitted
build	Cache Android SDK	2026-06-06T12:23:02.4415894Z /usr/bin/tar: ../../../../../usr/local/lib/android/sdk/platforms/android-37.0/data/res/values-mcc222-mnc10: Cannot change mode to rwxr-xr-x: Operation not permitted
build	Cache Android SDK	2026-06-06T12:23:02.4418100Z /usr/bin/tar: ../../../../../usr/local/lib/android/sdk/platforms/android-37.0/data/res/values-mcc310-mnc310-ru: Cannot utime: Operation not permitted
build	Cache Android SDK	2026-06-06T12:23:02.4419114Z /usr/bin/tar: ../../../../../usr/local/lib/android/sdk/platforms/android-37.0/data/res/values-mcc310-mnc310-ru: Cannot change mode to rwxr-xr-x: Operation not permitted
build	Cache Android SDK	2026-06-06T12:23:02.4420800Z /usr/bin/tar: ../../../../../usr/local/lib/android/sdk/platforms/android-37.0/data/res/values-mcc310-mnc240-sk: Cannot utime: Operation not permitted
build	Cache Android SDK	2026-06-06T12:23:02.4421801Z /usr/bin/tar: ../../../../../usr/local/lib/android/sdk/platforms/android-37.0/data/res/values-mcc310-mnc240-sk: Cannot change mode to rwxr-xr-x: Operation not permitted
build	Cache Android SDK	2026-06-06T12:23:02.4423461Z /usr/bin/tar: ../../../../../usr/local/lib/android/sdk/platforms/android-37.0/data/res/values-mcc310-mnc210-fa: Cannot utime: Operation not permitted
build	Cache Android SDK	2026-06-06T12:23:02.4424554Z /usr/bin/tar: ../../../../../usr/local/lib/android/sdk/platforms/android-37.0/data/res/values-mcc310-mnc210-fa: Cannot change mode to rwxr-xr-x: Operation not permitted
build	Cache Android SDK	2026-06-06T12:23:02.4428986Z /usr/bin/tar: ../../../../../usr/local/lib/android/sdk/platforms/android-37.0/data/res/values-mcc310-mnc200-et: Cannot utime: Operation not permitted
build	Cache Android SDK	2026-06-06T12:23:02.4429973Z /usr/bin/tar: ../../../../../usr/local/lib/android/sdk/platforms/android-37.0/data/res/values-mcc310-mnc200-et: Cannot change mode to rwxr-xr-x: Operation not permitted
build	Cache Android SDK	2026-06-06T12:23:02.4435882Z /usr/bin/tar: ../../../../../usr/local/lib/android/sdk/platforms/android-37.0/data/res/values-ko: Cannot utime: Operation not permitted
build	Cache Android SDK	2026-06-06T12:23:02.4436762Z /usr/bin/tar: ../../../../../usr/local/lib/android/sdk/platforms/android-37.0/data/res/values-ko: Cannot change mode to rwxr-xr-x: Operation not permitted
build	Cache Android SDK	2026-06-06T12:23:02.4439040Z /usr/bin/tar: ../../../../../usr/local/lib/android/sdk/platforms/android-37.0/data/res/values-en-rAU-television: Cannot utime: Operation not permitted
build	Cache Android SDK	2026-06-06T12:23:02.4439997Z /usr/bin/tar: ../../../../../usr/local/lib/android/sdk/platforms/android-37.0/data/res/values-en-rAU-television: Cannot change mode to rwxr-xr-x: Operation not permitted
build	Cache Android SDK	2026-06-06T12:23:02.4443239Z /usr/bin/tar: ../../../../../usr/local/lib/android/sdk/platforms/android-37.0/data/res/values-hy-watch: Cannot utime: Operation not permitted
build	Cache Android SDK	2026-06-06T12:23:02.4444245Z /usr/bin/tar: ../../../../../usr/local/lib/android/sdk/platforms/android-37.0/data/res/values-hy-watch: Cannot change mode to rwxr-xr-x: Operation not permitted
build	Cache Android SDK	2026-06-06T12:23:02.4446765Z /usr/bin/tar: ../../../../../usr/local/lib/android/sdk/platforms/android-37.0/data/res/values-mcc311-mnc180-kn: Cannot utime: Operation not permitted
build	Cache Android SDK	2026-06-06T12:23:02.4447774Z /usr/bin/tar: ../../../../../usr/local/lib/android/sdk/platforms/android-37.0/data/res/values-mcc311-mnc180-kn: Cannot change mode to rwxr-xr-x: Operation not permitted
build	Cache Android SDK	2026-06-06T12:23:02.4450509Z /usr/bin/tar: ../../../../../usr/local/lib/android/sdk/platforms/android-37.0/data/res/values-mcc310-mnc210-pl: Cannot utime: Operation not permitted
build	Cache Android SDK	2026-06-06T12:23:02.4451430Z /usr/bin/tar: ../../../../../usr/local/lib/android/sdk/platforms/android-37.0/data/res/values-mcc310-mnc210-pl: Cannot change mode to rwxr-xr-x: Operation not permitted
build	Cache Android SDK	2026-06-06T12:23:02.4454197Z /usr/bin/tar: ../../../../../usr/local/lib/android/sdk/platforms/android-37.0/data/res/values-mcc310-mnc230-is: Cannot utime: Operation not permitted
build	Cache Android SDK	2026-06-06T12:23:02.4455107Z /usr/bin/tar: ../../../../../usr/local/lib/android/sdk/platforms/android-37.0/data/res/values-mcc310-mnc230-is: Cannot change mode to rwxr-xr-x: Operation not permitted
build	Cache Android SDK	2026-06-06T12:23:02.4457328Z /usr/bin/tar: ../../../../../usr/local/lib/android/sdk/platforms/android-37.0/data/res/values-mcc712-mnc04: Cannot utime: Operation not permitted
build	Cache Android SDK	2026-06-06T12:23:02.4458512Z /usr/bin/tar: ../../../../../usr/local/lib/android/sdk/platforms/android-37.0/data/res/values-mcc712-mnc04: Cannot change mode to rwxr-xr-x: Operation not permitted
build	Cache Android SDK	2026-06-06T12:23:02.4460467Z /usr/bin/tar: ../../../../../usr/local/lib/android/sdk/platforms/android-37.0/data/res/values-mcc310-mnc490-ur: Cannot utime: Operation not permitted
build	Cache Android SDK	2026-06-06T12:23:02.4461387Z /usr/bin/tar: ../../../../../usr/local/lib/android/sdk/platforms/android-37.0/data/res/values-mcc310-mnc490-ur: Cannot change mode to rwxr-xr-x: Operation not permitted
build	Cache Android SDK	2026-06-06T12:23:02.4463609Z /usr/bin/tar: ../../../../../usr/local/lib/android/sdk/platforms/android-37.0/data/res/values-mcc311-mnc180-sl: Cannot utime: Operation not permitted
build	Cache Android SDK	2026-06-06T12:23:02.4464546Z /usr/bin/tar: ../../../../../usr/local/lib/android/sdk/platforms/android-37.0/data/res/values-mcc311-mnc180-sl: Cannot change mode to rwxr-xr-x: Operation not permitted
build	Cache Android SDK	2026-06-06T12:23:02.4466898Z /usr/bin/tar: ../../../../../usr/local/lib/android/sdk/platforms/android-37.0/data/res/values-mcc310-mnc170-mk: Cannot utime: Operation not permitted
build	Cache Android SDK	2026-06-06T12:23:02.4468172Z /usr/bin/tar: ../../../../../usr/local/lib/android/sdk/platforms/android-37.0/data/res/values-mcc310-mnc170-mk: Cannot change mode to rwxr-xr-x: Operation not permitted
build	Cache Android SDK	2026-06-06T12:23:02.4470140Z /usr/bin/tar: ../../../../../usr/local/lib/android/sdk/platforms/android-37.0/data/res/values-mcc310-mnc950-th: Cannot utime: Operation not permitted
build	Cache Android SDK	2026-06-06T12:23:02.4471074Z /usr/bin/tar: ../../../../../usr/local/lib/android/sdk/platforms/android-37.0/data/res/values-mcc310-mnc950-th: Cannot change mode to rwxr-xr-x: Operation not permitted
build	Cache Android SDK	2026-06-06T12:23:02.4474604Z /usr/bin/tar: ../../../../../usr/local/lib/android/sdk/platforms/android-37.0/data/res/values-mcc310-mnc660-nb: Cannot utime: Operation not permitted
build	Cache Android SDK	2026-06-06T12:23:02.4475536Z /usr/bin/tar: ../../../../../usr/local/lib/android/sdk/platforms/android-37.0/data/res/values-mcc310-mnc660-nb: Cannot change mode to rwxr-xr-x: Operation not permitted
build	Cache Android SDK	2026-06-06T12:23:02.4477100Z /usr/bin/tar: ../../../../../usr/local/lib/android/sdk/platforms/android-37.0/data/res/values-mcc310-mnc030-pa: Cannot utime: Operation not permitted
build	Cache Android SDK	2026-06-06T12:23:02.4478150Z /usr/bin/tar: ../../../../../usr/local/lib/android/sdk/platforms/android-37.0/data/res/values-mcc310-mnc030-pa: Cannot change mode to rwxr-xr-x: Operation not permitted
build	Cache Android SDK	2026-06-06T12:23:02.4480246Z /usr/bin/tar: ../../../../../usr/local/lib/android/sdk/platforms/android-37.0/data/res/values-gu-watch: Cannot utime: Operation not permitted
build	Cache Android SDK	2026-06-06T12:23:02.4481255Z /usr/bin/tar: ../../../../../usr/local/lib/android/sdk/platforms/android-37.0/data/res/values-gu-watch: Cannot change mode to rwxr-xr-x: Operation not permitted
build	Cache Android SDK	2026-06-06T12:23:02.4483453Z /usr/bin/tar: ../../../../../usr/local/lib/android/sdk/platforms/android-37.0/data/res/values-mcc310-mnc660-si: Cannot utime: Operation not permitted
build	Cache Android SDK	2026-06-06T12:23:02.4484371Z /usr/bin/tar: ../../../../../usr/local/lib/android/sdk/platforms/android-37.0/data/res/values-mcc310-mnc660-si: Cannot change mode to rwxr-xr-x: Operation not permitted
build	Cache Android SDK	2026-06-06T12:23:02.4486638Z /usr/bin/tar: ../../../../../usr/local/lib/android/sdk/platforms/android-37.0/data/res/values-mcc310-mnc380-eu: Cannot utime: Operation not permitted
build	Cache Android SDK	2026-06-06T12:23:02.4487640Z /usr/bin/tar: ../../../../../usr/local/lib/android/sdk/platforms/android-37.0/data/res/values-mcc310-mnc380-eu: Cannot change mode to rwxr-xr-x: Operation not permitted
build	Cache Android SDK	2026-06-06T12:23:02.4489794Z /usr/bin/tar: ../../../../../usr/local/lib/android/sdk/platforms/android-37.0/data/res/values-mcc334-mnc020-pa: Cannot utime: Operation not permitted
build	Cache Android SDK	2026-06-06T12:23:02.4490726Z /usr/bin/tar: ../../../../../usr/local/lib/android/sdk/platforms/android-37.0/data/res/values-mcc334-mnc020-pa: Cannot change mode to rwxr-xr-x: Operation not permitted
build	Cache Android SDK	2026-06-06T12:23:02.4493084Z /usr/bin/tar: ../../../../../usr/local/lib/android/sdk/platforms/android-37.0/data/res/values-mcc310-mnc560-fr: Cannot utime: Operation not permitted
build	Cache Android SDK	2026-06-06T12:23:02.4494011Z /usr/bin/tar: ../../../../../usr/local/lib/android/sdk/platforms/android-37.0/data/res/values-mcc310-mnc560-fr: Cannot change mode to rwxr-xr-x: Operation not permitted
build	Cache Android SDK	2026-06-06T12:23:02.4496196Z /usr/bin/tar: ../../../../../usr/local/lib/android/sdk/platforms/android-37.0/data/res/values-mcc334-mnc020-pt-rBR: Cannot utime: Operation not permitted
build	Cache Android SDK	2026-06-06T12:23:02.4497163Z /usr/bin/tar: ../../../../../usr/local/lib/android/sdk/platforms/android-37.0/data/res/values-mcc334-mnc020-pt-rBR: Cannot change mode to rwxr-xr-x: Operation not permitted
build	Cache Android SDK	2026-06-06T12:23:02.4499598Z /usr/bin/tar: ../../../../../usr/local/lib/android/sdk/platforms/android-37.0/data/res/values-mcc313-mnc100-ur: Cannot utime: Operation not permitted
build	Cache Android SDK	2026-06-06T12:23:02.4500517Z /usr/bin/tar: ../../../../../usr/local/lib/android/sdk/platforms/android-37.0/data/res/values-mcc313-mnc100-ur: Cannot change mode to rwxr-xr-x: Operation not permitted
build	Cache Android SDK	2026-06-06T12:23:02.4502835Z /usr/bin/tar: ../../../../../usr/local/lib/android/sdk/platforms/android-37.0/data/res/values-mcc310-mnc230-ml: Cannot utime: Operation not permitted
build	Cache Android SDK	2026-06-06T12:23:02.4503753Z /usr/bin/tar: ../../../../../usr/local/lib/android/sdk/platforms/android-37.0/data/res/values-mcc310-mnc230-ml: Cannot change mode to rwxr-xr-x: Operation not permitted
build	Cache Android SDK	2026-06-06T12:23:02.4506208Z /usr/bin/tar: ../../../../../usr/local/lib/android/sdk/platforms/android-37.0/data/res/values-sr-rRS: Cannot utime: Operation not permitted
build	Cache Android SDK	2026-06-06T12:23:02.4507145Z /usr/bin/tar: ../../../../../usr/local/lib/android/sdk/platforms/android-37.0/data/res/values-sr-rRS: Cannot change mode to rwxr-xr-x: Operation not permitted
build	Cache Android SDK	2026-06-06T12:23:02.4509642Z /usr/bin/tar: ../../../../../usr/local/lib/android/sdk/platforms/android-37.0/data/res/values-mcc310-mnc160-cs: Cannot utime: Operation not permitted
build	Cache Android SDK	2026-06-06T12:23:02.4510584Z /usr/bin/tar: ../../../../../usr/local/lib/android/sdk/platforms/android-37.0/data/res/values-mcc310-mnc160-cs: Cannot change mode to rwxr-xr-x: Operation not permitted
build	Cache Android SDK	2026-06-06T12:23:02.4512611Z /usr/bin/tar: ../../../../../usr/local/lib/android/sdk/platforms/android-37.0/data/res/values-mcc240-mnc01: Cannot utime: Operation not permitted
build	Cache Android SDK	2026-06-06T12:23:02.4513524Z /usr/bin/tar: ../../../../../usr/local/lib/android/sdk/platforms/android-37.0/data/res/values-mcc240-mnc01: Cannot change mode to rwxr-xr-x: Operation not permitted
build	Cache Android SDK	2026-06-06T12:23:02.4515728Z /usr/bin/tar: ../../../../../usr/local/lib/android/sdk/platforms/android-37.0/data/res/values-mcc310-mnc800-fr: Cannot utime: Operation not permitted
build	Cache Android SDK	2026-06-06T12:23:02.4516662Z /usr/bin/tar: ../../../../../usr/local/lib/android/sdk/platforms/android-37.0/data/res/values-mcc310-mnc800-fr: Cannot change mode to rwxr-xr-x: Operation not permitted
build	Cache Android SDK	2026-06-06T12:23:02.4519447Z /usr/bin/tar: ../../../../../usr/local/lib/android/sdk/platforms/android-37.0/data/res/values-mcc310-mnc490-pt-rPT: Cannot utime: Operation not permitted
build	Cache Android SDK	2026-06-06T12:23:02.4520440Z /usr/bin/tar: ../../../../../usr/local/lib/android/sdk/platforms/android-37.0/data/res/values-mcc310-mnc490-pt-rPT: Cannot change mode to rwxr-xr-x: Operation not permitted
build	Cache Android SDK	2026-06-06T12:23:02.4522330Z /usr/bin/tar: ../../../../../usr/local/lib/android/sdk/platforms/android-37.0/data/res/values-mcc310-mnc160-bn: Cannot utime: Operation not permitted
build	Cache Android SDK	2026-06-06T12:23:02.4523258Z /usr/bin/tar: ../../../../../usr/local/lib/android/sdk/platforms/android-37.0/data/res/values-mcc310-mnc160-bn: Cannot change mode to rwxr-xr-x: Operation not permitted
build	Cache Android SDK	2026-06-06T12:23:02.4528817Z /usr/bin/tar: ../../../../../usr/local/lib/android/sdk/platforms/android-37.0/data/res/values-in: Cannot utime: Operation not permitted
build	Cache Android SDK	2026-06-06T12:23:02.4529819Z /usr/bin/tar: ../../../../../usr/local/lib/android/sdk/platforms/android-37.0/data/res/values-in: Cannot change mode to rwxr-xr-x: Operation not permitted
build	Cache Android SDK	2026-06-06T12:23:02.4532021Z /usr/bin/tar: ../../../../../usr/local/lib/android/sdk/platforms/android-37.0/data/res/values-mcc310-mnc220-kn: Cannot utime: Operation not permitted
build	Cache Android SDK	2026-06-06T12:23:02.4533159Z /usr/bin/tar: ../../../../../usr/local/lib/android/sdk/platforms/android-37.0/data/res/values-mcc310-mnc220-kn: Cannot change mode to rwxr-xr-x: Operation not permitted
build	Cache Android SDK	2026-06-06T12:23:02.4534783Z /usr/bin/tar: ../../../../../usr/local/lib/android/sdk/platforms/android-37.0/data/res/values-mcc214: Cannot utime: Operation not permitted
build	Cache Android SDK	2026-06-06T12:23:02.4535912Z /usr/bin/tar: ../../../../../usr/local/lib/android/sdk/platforms/android-37.0/data/res/values-mcc214: Cannot change mode to rwxr-xr-x: Operation not permitted
build	Cache Android SDK	2026-06-06T12:23:02.4539806Z /usr/bin/tar: ../../../../../usr/local/lib/android/sdk/platforms/android-37.0/data/res/values-mcc310-mnc660-zh-rTW: Cannot utime: Operation not permitted
build	Cache Android SDK	2026-06-06T12:23:02.4540862Z /usr/bin/tar: ../../../../../usr/local/lib/android/sdk/platforms/android-37.0/data/res/values-mcc310-mnc660-zh-rTW: Cannot change mode to rwxr-xr-x: Operation not permitted
build	Cache Android SDK	2026-06-06T12:23:02.4542913Z /usr/bin/tar: ../../../../../usr/local/lib/android/sdk/platforms/android-37.0/data/res/values-is-television: Cannot utime: Operation not permitted
build	Cache Android SDK	2026-06-06T12:23:02.4543828Z /usr/bin/tar: ../../../../../usr/local/lib/android/sdk/platforms/android-37.0/data/res/values-is-television: Cannot change mode to rwxr-xr-x: Operation not permitted
build	Cache Android SDK	2026-06-06T12:23:02.4550299Z /usr/bin/tar: ../../../../../usr/local/lib/android/sdk/platforms/android-37.0/data/res/values-en-rIN: Cannot utime: Operation not permitted
build	Cache Android SDK	2026-06-06T12:23:02.4551433Z /usr/bin/tar: ../../../../../usr/local/lib/android/sdk/platforms/android-37.0/data/res/values-en-rIN: Cannot change mode to rwxr-xr-x: Operation not permitted
build	Cache Android SDK	2026-06-06T12:23:02.4553016Z /usr/bin/tar: ../../../../../usr/local/lib/android/sdk/platforms/android-37.0/data/res/values-sw-watch: Cannot utime: Operation not permitted
build	Cache Android SDK	2026-06-06T12:23:02.4554012Z /usr/bin/tar: ../../../../../usr/local/lib/android/sdk/platforms/android-37.0/data/res/values-sw-watch: Cannot change mode to rwxr-xr-x: Operation not permitted
build	Cache Android SDK	2026-06-06T12:23:02.4557274Z /usr/bin/tar: ../../../../../usr/local/lib/android/sdk/platforms/android-37.0/data/res/values-mcc310-mnc270-sv: Cannot utime: Operation not permitted
build	Cache Android SDK	2026-06-06T12:23:02.4558554Z /usr/bin/tar: ../../../../../usr/local/lib/android/sdk/platforms/android-37.0/data/res/values-mcc310-mnc270-sv: Cannot change mode to rwxr-xr-x: Operation not permitted
build	Cache Android SDK	2026-06-06T12:23:02.4573593Z /usr/bin/tar: ../../../../../usr/local/lib/android/sdk/platforms/android-37.0/data/res/values-mcc310-mnc490-bg: Cannot utime: Operation not permitted
build	Cache Android SDK	2026-06-06T12:23:02.4575683Z /usr/bin/tar: ../../../../../usr/local/lib/android/sdk/platforms/android-37.0/data/res/values-mcc310-mnc490-bg: Cannot change mode to rwxr-xr-x: Operation not permitted
build	Cache Android SDK	2026-06-06T12:23:02.4577627Z /usr/bin/tar: ../../../../../usr/local/lib/android/sdk/platforms/android-37.0/data/res/values-mcc466-mnc11: Cannot utime: Operation not permitted
build	Cache Android SDK	2026-06-06T12:23:02.4579389Z /usr/bin/tar: ../../../../../usr/local/lib/android/sdk/platforms/android-37.0/data/res/values-mcc466-mnc11: Cannot change mode to rwxr-xr-x: Operation not permitted
build	Cache Android SDK	2026-06-06T12:23:02.4581190Z /usr/bin/tar: ../../../../../usr/local/lib/android/sdk/platforms/android-37.0/data/res/values-mcc310-mnc200-my: Cannot utime: Operation not permitted
build	Cache Android SDK	2026-06-06T12:23:02.4583019Z /usr/bin/tar: ../../../../../usr/local/lib/android/sdk/platforms/android-37.0/data/res/values-mcc310-mnc200-my: Cannot change mode to rwxr-xr-x: Operation not permitted
build	Cache Android SDK	2026-06-06T12:23:02.4584863Z /usr/bin/tar: ../../../../../usr/local/lib/android/sdk/platforms/android-37.0/data/res/values-mcc310-mnc210-ka: Cannot utime: Operation not permitted
build	Cache Android SDK	2026-06-06T12:23:02.4586647Z /usr/bin/tar: ../../../../../usr/local/lib/android/sdk/platforms/android-37.0/data/res/values-mcc310-mnc210-ka: Cannot change mode to rwxr-xr-x: Operation not permitted
build	Cache Android SDK	2026-06-06T12:23:02.4648112Z /usr/bin/tar: ../../../../../usr/local/lib/android/sdk/platforms/android-37.0/data/res/anim: Cannot utime: Operation not permitted
build	Cache Android SDK	2026-06-06T12:23:02.4649670Z /usr/bin/tar: ../../../../../usr/local/lib/android/sdk/platforms/android-37.0/data/res/anim: Cannot change mode to rwxr-xr-x: Operation not permitted
build	Cache Android SDK	2026-06-06T12:23:02.4650957Z /usr/bin/tar: ../../../../../usr/local/lib/android/sdk/platforms/android-37.0/data/res/values-mcc310-mnc560-sw: Cannot utime: Operation not permitted
build	Cache Android SDK	2026-06-06T12:23:02.4651904Z /usr/bin/tar: ../../../../../usr/local/lib/android/sdk/platforms/android-37.0/data/res/values-mcc310-mnc560-sw: Cannot change mode to rwxr-xr-x: Operation not permitted
build	Cache Android SDK	2026-06-06T12:23:02.4654141Z /usr/bin/tar: ../../../../../usr/local/lib/android/sdk/platforms/android-37.0/data/res/values-mcc310-mnc270-ka: Cannot utime: Operation not permitted
build	Cache Android SDK	2026-06-06T12:23:02.4655086Z /usr/bin/tar: ../../../../../usr/local/lib/android/sdk/platforms/android-37.0/data/res/values-mcc310-mnc270-ka: Cannot change mode to rwxr-xr-x: Operation not permitted
build	Cache Android SDK	2026-06-06T12:23:02.4657917Z /usr/bin/tar: ../../../../../usr/local/lib/android/sdk/platforms/android-37.0/data/res/values-mcc334-mnc020-af: Cannot utime: Operation not permitted
build	Cache Android SDK	2026-06-06T12:23:02.4658996Z /usr/bin/tar: ../../../../../usr/local/lib/android/sdk/platforms/android-37.0/data/res/values-mcc334-mnc020-af: Cannot change mode to rwxr-xr-x: Operation not permitted
build	Cache Android SDK	2026-06-06T12:23:02.4661217Z /usr/bin/tar: ../../../../../usr/local/lib/android/sdk/platforms/android-37.0/data/res/values-mcc310-mnc560-el: Cannot utime: Operation not permitted
build	Cache Android SDK	2026-06-06T12:23:02.4662139Z /usr/bin/tar: ../../../../../usr/local/lib/android/sdk/platforms/android-37.0/data/res/values-mcc310-mnc560-el: Cannot change mode to rwxr-xr-x: Operation not permitted
build	Cache Android SDK	2026-06-06T12:23:02.4666260Z /usr/bin/tar: ../../../../../usr/local/lib/android/sdk/platforms/android-37.0/data/res/layout-xlarge: Cannot utime: Operation not permitted
build	Cache Android SDK	2026-06-06T12:23:02.4667135Z /usr/bin/tar: ../../../../../usr/local/lib/android/sdk/platforms/android-37.0/data/res/layout-xlarge: Cannot change mode to rwxr-xr-x: Operation not permitted
build	Cache Android SDK	2026-06-06T12:23:02.4670269Z /usr/bin/tar: ../../../../../usr/local/lib/android/sdk/platforms/android-37.0/data/res/values-mcc001-mnc01-bn: Cannot utime: Operation not permitted
build	Cache Android SDK	2026-06-06T12:23:02.4671211Z /usr/bin/tar: ../../../../../usr/local/lib/android/sdk/platforms/android-37.0/data/res/values-mcc001-mnc01-bn: Cannot change mode to rwxr-xr-x: Operation not permitted
build	Cache Android SDK	2026-06-06T12:23:02.4673946Z /usr/bin/tar: ../../../../../usr/local/lib/android/sdk/platforms/android-37.0/data/res/values-mcc310-mnc270-zh-rCN: Cannot utime: Operation not permitted
build	Cache Android SDK	2026-06-06T12:23:02.4675305Z /usr/bin/tar: ../../../../../usr/local/lib/android/sdk/platforms/android-37.0/data/res/values-mcc310-mnc270-zh-rCN: Cannot change mode to rwxr-xr-x: Operation not permitted
build	Cache Android SDK	2026-06-06T12:23:02.4677522Z /usr/bin/tar: ../../../../../usr/local/lib/android/sdk/platforms/android-37.0/data/res/values-mcc302-mnc370-zu: Cannot utime: Operation not permitted
build	Cache Android SDK	2026-06-06T12:23:02.4678474Z /usr/bin/tar: ../../../../../usr/local/lib/android/sdk/platforms/android-37.0/data/res/values-mcc302-mnc370-zu: Cannot change mode to rwxr-xr-x: Operation not permitted
build	Cache Android SDK	2026-06-06T12:23:02.4680726Z /usr/bin/tar: ../../../../../usr/local/lib/android/sdk/platforms/android-37.0/data/res/values-mcc310-mnc210-ne: Cannot utime: Operation not permitted
build	Cache Android SDK	2026-06-06T12:23:02.4681667Z /usr/bin/tar: ../../../../../usr/local/lib/android/sdk/platforms/android-37.0/data/res/values-mcc310-mnc210-ne: Cannot change mode to rwxr-xr-x: Operation not permitted
build	Cache Android SDK	2026-06-06T12:23:02.4684048Z /usr/bin/tar: ../../../../../usr/local/lib/android/sdk/platforms/android-37.0/data/res/values-mcc302-mnc370-en-rIN: Cannot utime: Operation not permitted
build	Cache Android SDK	2026-06-06T12:23:02.4685013Z /usr/bin/tar: ../../../../../usr/local/lib/android/sdk/platforms/android-37.0/data/res/values-mcc302-mnc370-en-rIN: Cannot change mode to rwxr-xr-x: Operation not permitted
build	Cache Android SDK	2026-06-06T12:23:02.4687082Z /usr/bin/tar: ../../../../../usr/local/lib/android/sdk/platforms/android-37.0/data/res/values-ky-television: Cannot utime: Operation not permitted
build	Cache Android SDK	2026-06-06T12:23:02.4688217Z /usr/bin/tar: ../../../../../usr/local/lib/android/sdk/platforms/android-37.0/data/res/values-ky-television: Cannot change mode to rwxr-xr-x: Operation not permitted
build	Cache Android SDK	2026-06-06T12:23:02.4690397Z /usr/bin/tar: ../../../../../usr/local/lib/android/sdk/platforms/android-37.0/data/res/values-mcc310-mnc210-ms: Cannot utime: Operation not permitted
build	Cache Android SDK	2026-06-06T12:23:02.4691335Z /usr/bin/tar: ../../../../../usr/local/lib/android/sdk/platforms/android-37.0/data/res/values-mcc310-mnc210-ms: Cannot change mode to rwxr-xr-x: Operation not permitted
build	Cache Android SDK	2026-06-06T12:23:02.4693489Z /usr/bin/tar: ../../../../../usr/local/lib/android/sdk/platforms/android-37.0/data/res/values-mcc310-mnc210-hi: Cannot utime: Operation not permitted
build	Cache Android SDK	2026-06-06T12:23:02.4694427Z /usr/bin/tar: ../../../../../usr/local/lib/android/sdk/platforms/android-37.0/data/res/values-mcc310-mnc210-hi: Cannot change mode to rwxr-xr-x: Operation not permitted
build	Cache Android SDK	2026-06-06T12:23:02.4697888Z /usr/bin/tar: ../../../../../usr/local/lib/android/sdk/platforms/android-37.0/data/res/values-mcc310-mnc210-is: Cannot utime: Operation not permitted
build	Cache Android SDK	2026-06-06T12:23:02.4698824Z /usr/bin/tar: ../../../../../usr/local/lib/android/sdk/platforms/android-37.0/data/res/values-mcc310-mnc210-is: Cannot change mode to rwxr-xr-x: Operation not permitted
build	Cache Android SDK	2026-06-06T12:23:02.4701153Z /usr/bin/tar: ../../../../../usr/local/lib/android/sdk/platforms/android-37.0/data/res/values-mcc312-mnc670-tl: Cannot utime: Operation not permitted
build	Cache Android SDK	2026-06-06T12:23:02.4702172Z /usr/bin/tar: ../../../../../usr/local/lib/android/sdk/platforms/android-37.0/data/res/values-mcc312-mnc670-tl: Cannot change mode to rwxr-xr-x: Operation not permitted
build	Cache Android SDK	2026-06-06T12:23:02.4704691Z /usr/bin/tar: ../../../../../usr/local/lib/android/sdk/platforms/android-37.0/data/res/values-mcc310-mnc950-pa: Cannot utime: Operation not permitted
build	Cache Android SDK	2026-06-06T12:23:02.4705621Z /usr/bin/tar: ../../../../../usr/local/lib/android/sdk/platforms/android-37.0/data/res/values-mcc310-mnc950-pa: Cannot change mode to rwxr-xr-x: Operation not permitted
build	Cache Android SDK	2026-06-06T12:23:02.4708059Z /usr/bin/tar: ../../../../../usr/local/lib/android/sdk/platforms/android-37.0/data/res/values-mcc310-mnc660-be: Cannot utime: Operation not permitted
build	Cache Android SDK	2026-06-06T12:23:02.4709110Z /usr/bin/tar: ../../../../../usr/local/lib/android/sdk/platforms/android-37.0/data/res/values-mcc310-mnc660-be: Cannot change mode to rwxr-xr-x: Operation not permitted
build	Cache Android SDK	2026-06-06T12:23:02.4711219Z /usr/bin/tar: ../../../../../usr/local/lib/android/sdk/platforms/android-37.0/data/res/values-de-masculine: Cannot utime: Operation not permitted
build	Cache Android SDK	2026-06-06T12:23:02.4712148Z /usr/bin/tar: ../../../../../usr/local/lib/android/sdk/platforms/android-37.0/data/res/values-de-masculine: Cannot change mode to rwxr-xr-x: Operation not permitted
build	Cache Android SDK	2026-06-06T12:23:02.4715226Z /usr/bin/tar: ../../../../../usr/local/lib/android/sdk/platforms/android-37.0/data/res/values-mcc310-mnc250-el: Cannot utime: Operation not permitted
build	Cache Android SDK	2026-06-06T12:23:02.4716161Z /usr/bin/tar: ../../../../../usr/local/lib/android/sdk/platforms/android-37.0/data/res/values-mcc310-mnc250-el: Cannot change mode to rwxr-xr-x: Operation not permitted
build	Cache Android SDK	2026-06-06T12:23:02.4718564Z /usr/bin/tar: ../../../../../usr/local/lib/android/sdk/platforms/android-37.0/data/res/values-mcc310-mnc160-az: Cannot utime: Operation not permitted
build	Cache Android SDK	2026-06-06T12:23:02.4719485Z /usr/bin/tar: ../../../../../usr/local/lib/android/sdk/platforms/android-37.0/data/res/values-mcc310-mnc160-az: Cannot change mode to rwxr-xr-x: Operation not permitted
build	Cache Android SDK	2026-06-06T12:23:02.4721704Z /usr/bin/tar: ../../../../../usr/local/lib/android/sdk/platforms/android-37.0/data/res/values-mcc312-mnc670-sl: Cannot utime: Operation not permitted
build	Cache Android SDK	2026-06-06T12:23:02.4722631Z /usr/bin/tar: ../../../../../usr/local/lib/android/sdk/platforms/android-37.0/data/res/values-mcc312-mnc670-sl: Cannot change mode to rwxr-xr-x: Operation not permitted
build	Cache Android SDK	2026-06-06T12:23:02.4728364Z /usr/bin/tar: ../../../../../usr/local/lib/android/sdk/platforms/android-37.0/data/res/values-mcc312-mnc670: Cannot utime: Operation not permitted
build	Cache Android SDK	2026-06-06T12:23:02.4729286Z /usr/bin/tar: ../../../../../usr/local/lib/android/sdk/platforms/android-37.0/data/res/values-mcc312-mnc670: Cannot change mode to rwxr-xr-x: Operation not permitted
build	Cache Android SDK	2026-06-06T12:23:02.4732700Z /usr/bin/tar: ../../../../../usr/local/lib/android/sdk/platforms/android-37.0/data/res/values-mcc310-mnc380-en-rAU: Cannot utime: Operation not permitted
build	Cache Android SDK	2026-06-06T12:23:02.4733802Z /usr/bin/tar: ../../../../../usr/local/lib/android/sdk/platforms/android-37.0/data/res/values-mcc310-mnc380-en-rAU: Cannot change mode to rwxr-xr-x: Operation not permitted
build	Cache Android SDK	2026-06-06T12:23:02.4736807Z /usr/bin/tar: ../../../../../usr/local/lib/android/sdk/platforms/android-37.0/data/res/values-mcc310-mnc200-sl: Cannot utime: Operation not permitted
build	Cache Android SDK	2026-06-06T12:23:02.4738043Z /usr/bin/tar: ../../../../../usr/local/lib/android/sdk/platforms/android-37.0/data/res/values-mcc310-mnc200-sl: Cannot change mode to rwxr-xr-x: Operation not permitted
build	Cache Android SDK	2026-06-06T12:23:02.4741577Z /usr/bin/tar: ../../../../../usr/local/lib/android/sdk/platforms/android-37.0/data/res/values-mcc310-mnc250-sk: Cannot utime: Operation not permitted
build	Cache Android SDK	2026-06-06T12:23:02.4742634Z /usr/bin/tar: ../../../../../usr/local/lib/android/sdk/platforms/android-37.0/data/res/values-mcc310-mnc250-sk: Cannot change mode to rwxr-xr-x: Operation not permitted
build	Cache Android SDK	2026-06-06T12:23:02.4744300Z /usr/bin/tar: ../../../../../usr/local/lib/android/sdk/platforms/android-37.0/data/res/values-mcc310-mnc280-en-rXC: Cannot utime: Operation not permitted
build	Cache Android SDK	2026-06-06T12:23:02.4745493Z /usr/bin/tar: ../../../../../usr/local/lib/android/sdk/platforms/android-37.0/data/res/values-mcc310-mnc280-en-rXC: Cannot change mode to rwxr-xr-x: Operation not permitted
build	Cache Android SDK	2026-06-06T12:23:02.4747067Z /usr/bin/tar: ../../../../../usr/local/lib/android/sdk/platforms/android-37.0/data/res/values-mcc310-mnc230-zh-rCN: Cannot utime: Operation not permitted
build	Cache Android SDK	2026-06-06T12:23:02.4748362Z /usr/bin/tar: ../../../../../usr/local/lib/android/sdk/platforms/android-37.0/data/res/values-mcc310-mnc230-zh-rCN: Cannot change mode to rwxr-xr-x: Operation not permitted
build	Cache Android SDK	2026-06-06T12:23:02.4750492Z /usr/bin/tar: ../../../../../usr/local/lib/android/sdk/platforms/android-37.0/data/res/values-mcc310-mnc220-sw: Cannot utime: Operation not permitted
build	Cache Android SDK	2026-06-06T12:23:02.4751560Z /usr/bin/tar: ../../../../../usr/local/lib/android/sdk/platforms/android-37.0/data/res/values-mcc310-mnc220-sw: Cannot change mode to rwxr-xr-x: Operation not permitted
build	Cache Android SDK	2026-06-06T12:23:02.4753507Z /usr/bin/tar: ../../../../../usr/local/lib/android/sdk/platforms/android-37.0/data/res/values-mcc310-mnc170-b+sr+Latn: Cannot utime: Operation not permitted
build	Cache Android SDK	2026-06-06T12:23:02.4754492Z /usr/bin/tar: ../../../../../usr/local/lib/android/sdk/platforms/android-37.0/data/res/values-mcc310-mnc170-b+sr+Latn: Cannot change mode to rwxr-xr-x: Operation not permitted
build	Cache Android SDK	2026-06-06T12:23:02.4759448Z /usr/bin/tar: ../../../../../usr/local/lib/android/sdk/platforms/android-37.0/data/res/values-sw720dp-port: Cannot utime: Operation not permitted
build	Cache Android SDK	2026-06-06T12:23:02.4760479Z /usr/bin/tar: ../../../../../usr/local/lib/android/sdk/platforms/android-37.0/data/res/values-sw720dp-port: Cannot change mode to rwxr-xr-x: Operation not permitted
build	Cache Android SDK	2026-06-06T12:23:02.4762264Z /usr/bin/tar: ../../../../../usr/local/lib/android/sdk/platforms/android-37.0/data/res/values-mcc310-mnc030-si: Cannot utime: Operation not permitted
build	Cache Android SDK	2026-06-06T12:23:02.4763207Z /usr/bin/tar: ../../../../../usr/local/lib/android/sdk/platforms/android-37.0/data/res/values-mcc310-mnc030-si: Cannot change mode to rwxr-xr-x: Operation not permitted
build	Cache Android SDK	2026-06-06T12:23:02.4765361Z /usr/bin/tar: ../../../../../usr/local/lib/android/sdk/platforms/android-37.0/data/res/values-mcc310-mnc150-is: Cannot utime: Operation not permitted
build	Cache Android SDK	2026-06-06T12:23:02.4766368Z /usr/bin/tar: ../../../../../usr/local/lib/android/sdk/platforms/android-37.0/data/res/values-mcc310-mnc150-is: Cannot change mode to rwxr-xr-x: Operation not permitted
build	Cache Android SDK	2026-06-06T12:23:02.4768090Z /usr/bin/tar: ../../../../../usr/local/lib/android/sdk/platforms/android-37.0/data/res/values-mcc310-mnc030-tl: Cannot utime: Operation not permitted
build	Cache Android SDK	2026-06-06T12:23:02.4769084Z /usr/bin/tar: ../../../../../usr/local/lib/android/sdk/platforms/android-37.0/data/res/values-mcc310-mnc030-tl: Cannot change mode to rwxr-xr-x: Operation not permitted
build	Cache Android SDK	2026-06-06T12:23:02.4771015Z /usr/bin/tar: ../../../../../usr/local/lib/android/sdk/platforms/android-37.0/data/res/values-mcc310-mnc490-af: Cannot utime: Operation not permitted
build	Cache Android SDK	2026-06-06T12:23:02.4771951Z /usr/bin/tar: ../../../../../usr/local/lib/android/sdk/platforms/android-37.0/data/res/values-mcc310-mnc490-af: Cannot change mode to rwxr-xr-x: Operation not permitted
build	Cache Android SDK	2026-06-06T12:23:02.4774043Z /usr/bin/tar: ../../../../../usr/local/lib/android/sdk/platforms/android-37.0/data/res/values-mcc313-mnc100-el: Cannot utime: Operation not permitted
build	Cache Android SDK	2026-06-06T12:23:02.4775040Z /usr/bin/tar: ../../../../../usr/local/lib/android/sdk/platforms/android-37.0/data/res/values-mcc313-mnc100-el: Cannot change mode to rwxr-xr-x: Operation not permitted
build	Cache Android SDK	2026-06-06T12:23:02.4776711Z /usr/bin/tar: ../../../../../usr/local/lib/android/sdk/platforms/android-37.0/data/res/values-mcc310-mnc220-pt-rBR: Cannot utime: Operation not permitted
build	Cache Android SDK	2026-06-06T12:23:02.4777901Z /usr/bin/tar: ../../../../../usr/local/lib/android/sdk/platforms/android-37.0/data/res/values-mcc310-mnc220-pt-rBR: Cannot change mode to rwxr-xr-x: Operation not permitted
build	Cache Android SDK	2026-06-06T12:23:02.4779882Z /usr/bin/tar: ../../../../../usr/local/lib/android/sdk/platforms/android-37.0/data/res/values-mcc310-mnc240-te: Cannot utime: Operation not permitted
build	Cache Android SDK	2026-06-06T12:23:02.4781397Z /usr/bin/tar: ../../../../../usr/local/lib/android/sdk/platforms/android-37.0/data/res/values-mcc310-mnc240-te: Cannot change mode to rwxr-xr-x: Operation not permitted
build	Cache Android SDK	2026-06-06T12:23:02.4782778Z /usr/bin/tar: ../../../../../usr/local/lib/android/sdk/platforms/android-37.0/data/res/values-mcc334-mnc020-es-rUS: Cannot utime: Operation not permitted
build	Cache Android SDK	2026-06-06T12:23:02.4783760Z /usr/bin/tar: ../../../../../usr/local/lib/android/sdk/platforms/android-37.0/data/res/values-mcc334-mnc020-es-rUS: Cannot change mode to rwxr-xr-x: Operation not permitted
build	Cache Android SDK	2026-06-06T12:23:02.4786136Z /usr/bin/tar: ../../../../../usr/local/lib/android/sdk/platforms/android-37.0/data/res/values-mcc302-mnc370-en-rCA: Cannot utime: Operation not permitted
build	Cache Android SDK	2026-06-06T12:23:02.4787158Z /usr/bin/tar: ../../../../../usr/local/lib/android/sdk/platforms/android-37.0/data/res/values-mcc302-mnc370-en-rCA: Cannot change mode to rwxr-xr-x: Operation not permitted
build	Cache Android SDK	2026-06-06T12:23:02.4789284Z /usr/bin/tar: ../../../../../usr/local/lib/android/sdk/platforms/android-37.0/data/res/values-mcc310-mnc170-pl: Cannot utime: Operation not permitted
build	Cache Android SDK	2026-06-06T12:23:02.4790214Z /usr/bin/tar: ../../../../../usr/local/lib/android/sdk/platforms/android-37.0/data/res/values-mcc310-mnc170-pl: Cannot change mode to rwxr-xr-x: Operation not permitted
build	Cache Android SDK	2026-06-06T12:23:02.4792290Z /usr/bin/tar: ../../../../../usr/local/lib/android/sdk/platforms/android-37.0/data/res/values-be-watch: Cannot utime: Operation not permitted
build	Cache Android SDK	2026-06-06T12:23:02.4793181Z /usr/bin/tar: ../../../../../usr/local/lib/android/sdk/platforms/android-37.0/data/res/values-be-watch: Cannot change mode to rwxr-xr-x: Operation not permitted
build	Cache Android SDK	2026-06-06T12:23:02.4795589Z /usr/bin/tar: ../../../../../usr/local/lib/android/sdk/platforms/android-37.0/data/res/values-fi-television: Cannot utime: Operation not permitted
build	Cache Android SDK	2026-06-06T12:23:02.4796518Z /usr/bin/tar: ../../../../../usr/local/lib/android/sdk/platforms/android-37.0/data/res/values-fi-television: Cannot change mode to rwxr-xr-x: Operation not permitted
build	Cache Android SDK	2026-06-06T12:23:02.4799052Z /usr/bin/tar: ../../../../../usr/local/lib/android/sdk/platforms/android-37.0/data/res/values-mcc310-mnc800-pt-rPT: Cannot utime: Operation not permitted
build	Cache Android SDK	2026-06-06T12:23:02.4800065Z /usr/bin/tar: ../../../../../usr/local/lib/android/sdk/platforms/android-37.0/data/res/values-mcc310-mnc800-pt-rPT: Cannot change mode to rwxr-xr-x: Operation not permitted
build	Cache Android SDK	2026-06-06T12:23:02.4802342Z /usr/bin/tar: ../../../../../usr/local/lib/android/sdk/platforms/android-37.0/data/res/values-mcc310-mnc490-hi: Cannot utime: Operation not permitted
build	Cache Android SDK	2026-06-06T12:23:02.4803293Z /usr/bin/tar: ../../../../../usr/local/lib/android/sdk/platforms/android-37.0/data/res/values-mcc310-mnc490-hi: Cannot change mode to rwxr-xr-x: Operation not permitted
build	Cache Android SDK	2026-06-06T12:23:02.4806030Z /usr/bin/tar: ../../../../../usr/local/lib/android/sdk/platforms/android-37.0/data/res/values-mcc001-mnc01-hu: Cannot utime: Operation not permitted
build	Cache Android SDK	2026-06-06T12:23:02.4806982Z /usr/bin/tar: ../../../../../usr/local/lib/android/sdk/platforms/android-37.0/data/res/values-mcc001-mnc01-hu: Cannot change mode to rwxr-xr-x: Operation not permitted
build	Cache Android SDK	2026-06-06T12:23:02.4809580Z /usr/bin/tar: ../../../../../usr/local/lib/android/sdk/platforms/android-37.0/data/res/values-mcc724: Cannot utime: Operation not permitted
build	Cache Android SDK	2026-06-06T12:23:02.4810456Z /usr/bin/tar: ../../../../../usr/local/lib/android/sdk/platforms/android-37.0/data/res/values-mcc724: Cannot change mode to rwxr-xr-x: Operation not permitted
build	Cache Android SDK	2026-06-06T12:23:02.4812735Z /usr/bin/tar: ../../../../../usr/local/lib/android/sdk/platforms/android-37.0/data/res/values-mcc310-mnc310-ar: Cannot utime: Operation not permitted
build	Cache Android SDK	2026-06-06T12:23:02.4813683Z /usr/bin/tar: ../../../../../usr/local/lib/android/sdk/platforms/android-37.0/data/res/values-mcc310-mnc310-ar: Cannot change mode to rwxr-xr-x: Operation not permitted
build	Cache Android SDK	2026-06-06T12:23:02.4816564Z /usr/bin/tar: ../../../../../usr/local/lib/android/sdk/platforms/android-37.0/data/res/values-mcc310-mnc310-tr: Cannot utime: Operation not permitted
build	Cache Android SDK	2026-06-06T12:23:02.4817782Z /usr/bin/tar: ../../../../../usr/local/lib/android/sdk/platforms/android-37.0/data/res/values-mcc310-mnc310-tr: Cannot change mode to rwxr-xr-x: Operation not permitted
build	Cache Android SDK	2026-06-06T12:23:02.4819718Z /usr/bin/tar: ../../../../../usr/local/lib/android/sdk/platforms/android-37.0/data/res/values-mcc310-mnc410-sr: Cannot utime: Operation not permitted
build	Cache Android SDK	2026-06-06T12:23:02.4820655Z /usr/bin/tar: ../../../../../usr/local/lib/android/sdk/platforms/android-37.0/data/res/values-mcc310-mnc410-sr: Cannot change mode to rwxr-xr-x: Operation not permitted
build	Cache Android SDK	2026-06-06T12:23:02.4823287Z /usr/bin/tar: ../../../../../usr/local/lib/android/sdk/platforms/android-37.0/data/res/values-mcc310-mnc250-fa: Cannot utime: Operation not permitted
build	Cache Android SDK	2026-06-06T12:23:02.4824202Z /usr/bin/tar: ../../../../../usr/local/lib/android/sdk/platforms/android-37.0/data/res/values-mcc310-mnc250-fa: Cannot change mode to rwxr-xr-x: Operation not permitted
build	Cache Android SDK	2026-06-06T12:23:02.4826513Z /usr/bin/tar: ../../../../../usr/local/lib/android/sdk/platforms/android-37.0/data/res/values-mcc310-mnc660-pt: Cannot utime: Operation not permitted
build	Cache Android SDK	2026-06-06T12:23:02.4827609Z /usr/bin/tar: ../../../../../usr/local/lib/android/sdk/platforms/android-37.0/data/res/values-mcc310-mnc660-pt: Cannot change mode to rwxr-xr-x: Operation not permitted
build	Cache Android SDK	2026-06-06T12:23:02.4834599Z /usr/bin/tar: ../../../../../usr/local/lib/android/sdk/platforms/android-37.0/data/res/values-am: Cannot utime: Operation not permitted
build	Cache Android SDK	2026-06-06T12:23:02.4835483Z /usr/bin/tar: ../../../../../usr/local/lib/android/sdk/platforms/android-37.0/data/res/values-am: Cannot change mode to rwxr-xr-x: Operation not permitted
build	Cache Android SDK	2026-06-06T12:23:02.4837535Z /usr/bin/tar: ../../../../../usr/local/lib/android/sdk/platforms/android-37.0/data/res/values-mcc310-mnc030-be: Cannot utime: Operation not permitted
build	Cache Android SDK	2026-06-06T12:23:02.4838554Z /usr/bin/tar: ../../../../../usr/local/lib/android/sdk/platforms/android-37.0/data/res/values-mcc310-mnc030-be: Cannot change mode to rwxr-xr-x: Operation not permitted
build	Cache Android SDK	2026-06-06T12:23:02.4840658Z /usr/bin/tar: ../../../../../usr/local/lib/android/sdk/platforms/android-37.0/data/res/values-mcc310-mnc950-si: Cannot utime: Operation not permitted
build	Cache Android SDK	2026-06-06T12:23:02.4841711Z /usr/bin/tar: ../../../../../usr/local/lib/android/sdk/platforms/android-37.0/data/res/values-mcc310-mnc950-si: Cannot change mode to rwxr-xr-x: Operation not permitted
build	Cache Android SDK	2026-06-06T12:23:02.4844261Z /usr/bin/tar: ../../../../../usr/local/lib/android/sdk/platforms/android-37.0/data/res/values-mcc310-mnc270-eu: Cannot utime: Operation not permitted
build	Cache Android SDK	2026-06-06T12:23:02.4845177Z /usr/bin/tar: ../../../../../usr/local/lib/android/sdk/platforms/android-37.0/data/res/values-mcc310-mnc270-eu: Cannot change mode to rwxr-xr-x: Operation not permitted
build	Cache Android SDK	2026-06-06T12:23:02.4848573Z /usr/bin/tar: ../../../../../usr/local/lib/android/sdk/platforms/android-37.0/data/res/values-mcc310-mnc220-si: Cannot utime: Operation not permitted
build	Cache Android SDK	2026-06-06T12:23:02.4849609Z /usr/bin/tar: ../../../../../usr/local/lib/android/sdk/platforms/android-37.0/data/res/values-mcc310-mnc220-si: Cannot change mode to rwxr-xr-x: Operation not permitted
build	Cache Android SDK	2026-06-06T12:23:02.4852700Z /usr/bin/tar: ../../../../../usr/local/lib/android/sdk/platforms/android-37.0/data/res/values-mcc313-mnc100-uk: Cannot utime: Operation not permitted
build	Cache Android SDK	2026-06-06T12:23:02.4853974Z /usr/bin/tar: ../../../../../usr/local/lib/android/sdk/platforms/android-37.0/data/res/values-mcc313-mnc100-uk: Cannot change mode to rwxr-xr-x: Operation not permitted
build	Cache Android SDK	2026-06-06T12:23:02.4855451Z /usr/bin/tar: ../../../../../usr/local/lib/android/sdk/platforms/android-37.0/data/res/values-mcc311-mnc180-bs: Cannot utime: Operation not permitted
build	Cache Android SDK	2026-06-06T12:23:02.4856400Z /usr/bin/tar: ../../../../../usr/local/lib/android/sdk/platforms/android-37.0/data/res/values-mcc311-mnc180-bs: Cannot change mode to rwxr-xr-x: Operation not permitted
build	Cache Android SDK	2026-06-06T12:23:02.4863138Z /usr/bin/tar: ../../../../../usr/local/lib/android/sdk/platforms/android-37.0/data/res/values-nb: Cannot utime: Operation not permitted
build	Cache Android SDK	2026-06-06T12:23:02.4864258Z /usr/bin/tar: ../../../../../usr/local/lib/android/sdk/platforms/android-37.0/data/res/values-nb: Cannot change mode to rwxr-xr-x: Operation not permitted
build	Cache Android SDK	2026-06-06T12:23:02.4865754Z /usr/bin/tar: ../../../../../usr/local/lib/android/sdk/platforms/android-37.0/data/res/values-mcc310-mnc250-gl: Cannot utime: Operation not permitted
build	Cache Android SDK	2026-06-06T12:23:02.4866701Z /usr/bin/tar: ../../../../../usr/local/lib/android/sdk/platforms/android-37.0/data/res/values-mcc310-mnc250-gl: Cannot change mode to rwxr-xr-x: Operation not permitted
build	Cache Android SDK	2026-06-06T12:23:02.4869539Z /usr/bin/tar: ../../../../../usr/local/lib/android/sdk/platforms/android-37.0/data/res/values-mcc310-mnc270-en-rIN: Cannot utime: Operation not permitted
build	Cache Android SDK	2026-06-06T12:23:02.4870517Z /usr/bin/tar: ../../../../../usr/local/lib/android/sdk/platforms/android-37.0/data/res/values-mcc310-mnc270-en-rIN: Cannot change mode to rwxr-xr-x: Operation not permitted
build	Cache Android SDK	2026-06-06T12:23:02.4873186Z /usr/bin/tar: ../../../../../usr/local/lib/android/sdk/platforms/android-37.0/data/res/raw-cs: Cannot utime: Operation not permitted
build	Cache Android SDK	2026-06-06T12:23:02.4874022Z /usr/bin/tar: ../../../../../usr/local/lib/android/sdk/platforms/android-37.0/data/res/raw-cs: Cannot change mode to rwxr-xr-x: Operation not permitted
build	Cache Android SDK	2026-06-06T12:23:02.4876495Z /usr/bin/tar: ../../../../../usr/local/lib/android/sdk/platforms/android-37.0/data/res/values-mcc310-mnc160-mr: Cannot utime: Operation not permitted
build	Cache Android SDK	2026-06-06T12:23:02.4877629Z /usr/bin/tar: ../../../../../usr/local/lib/android/sdk/platforms/android-37.0/data/res/values-mcc310-mnc160-mr: Cannot change mode to rwxr-xr-x: Operation not permitted
build	Cache Android SDK	2026-06-06T12:23:02.4879563Z /usr/bin/tar: ../../../../../usr/local/lib/android/sdk/platforms/android-37.0/data/res/values-mcc302-mnc370-en-rGB: Cannot utime: Operation not permitted
build	Cache Android SDK	2026-06-06T12:23:02.4880545Z /usr/bin/tar: ../../../../../usr/local/lib/android/sdk/platforms/android-37.0/data/res/values-mcc302-mnc370-en-rGB: Cannot change mode to rwxr-xr-x: Operation not permitted
build	Cache Android SDK	2026-06-06T12:23:02.4883253Z /usr/bin/tar: ../../../../../usr/local/lib/android/sdk/platforms/android-37.0/data/res/values-mcc310-mnc490-pt-rBR: Cannot utime: Operation not permitted
build	Cache Android SDK	2026-06-06T12:23:02.4884320Z /usr/bin/tar: ../../../../../usr/local/lib/android/sdk/platforms/android-37.0/data/res/values-mcc310-mnc490-pt-rBR: Cannot change mode to rwxr-xr-x: Operation not permitted
build	Cache Android SDK	2026-06-06T12:23:02.4886304Z /usr/bin/tar: ../../../../../usr/local/lib/android/sdk/platforms/android-37.0/data/res/values-mcc311-mnc180-ur: Cannot utime: Operation not permitted
build	Cache Android SDK	2026-06-06T12:23:02.4887242Z /usr/bin/tar: ../../../../../usr/local/lib/android/sdk/platforms/android-37.0/data/res/values-mcc311-mnc180-ur: Cannot change mode to rwxr-xr-x: Operation not permitted
build	Cache Android SDK	2026-06-06T12:23:02.4890013Z /usr/bin/tar: ../../../../../usr/local/lib/android/sdk/platforms/android-37.0/data/res/values-mcc334-mnc020-te: Cannot utime: Operation not permitted
build	Cache Android SDK	2026-06-06T12:23:02.4891142Z /usr/bin/tar: ../../../../../usr/local/lib/android/sdk/platforms/android-37.0/data/res/values-mcc334-mnc020-te: Cannot change mode to rwxr-xr-x: Operation not permitted
build	Cache Android SDK	2026-06-06T12:23:02.4892617Z /usr/bin/tar: ../../../../../usr/local/lib/android/sdk/platforms/android-37.0/data/res/values-mcc312-mnc670-ky: Cannot utime: Operation not permitted
build	Cache Android SDK	2026-06-06T12:23:02.4893621Z /usr/bin/tar: ../../../../../usr/local/lib/android/sdk/platforms/android-37.0/data/res/values-mcc312-mnc670-ky: Cannot change mode to rwxr-xr-x: Operation not permitted
build	Cache Android SDK	2026-06-06T12:23:02.4896756Z /usr/bin/tar: ../../../../../usr/local/lib/android/sdk/platforms/android-37.0/data/res/values-mcc310-mnc030-ml: Cannot utime: Operation not permitted
build	Cache Android SDK	2026-06-06T12:23:02.4898037Z /usr/bin/tar: ../../../../../usr/local/lib/android/sdk/platforms/android-37.0/data/res/values-mcc310-mnc030-ml: Cannot change mode to rwxr-xr-x: Operation not permitted
build	Cache Android SDK	2026-06-06T12:23:02.4902044Z /usr/bin/tar: ../../../../../usr/local/lib/android/sdk/platforms/android-37.0/data/res/values-mcc310-mnc380-sl: Cannot utime: Operation not permitted
build	Cache Android SDK	2026-06-06T12:23:02.4903414Z /usr/bin/tar: ../../../../../usr/local/lib/android/sdk/platforms/android-37.0/data/res/values-mcc310-mnc380-sl: Cannot change mode to rwxr-xr-x: Operation not permitted
build	Cache Android SDK	2026-06-06T12:23:02.4904880Z /usr/bin/tar: ../../../../../usr/local/lib/android/sdk/platforms/android-37.0/data/res/values-mcc310-mnc030-ka: Cannot utime: Operation not permitted
build	Cache Android SDK	2026-06-06T12:23:02.4905811Z /usr/bin/tar: ../../../../../usr/local/lib/android/sdk/platforms/android-37.0/data/res/values-mcc310-mnc030-ka: Cannot change mode to rwxr-xr-x: Operation not permitted
build	Cache Android SDK	2026-06-06T12:23:02.4908656Z /usr/bin/tar: ../../../../../usr/local/lib/android/sdk/platforms/android-37.0/data/res/values-mcc310-mnc950-nl: Cannot utime: Operation not permitted
build	Cache Android SDK	2026-06-06T12:23:02.4909702Z /usr/bin/tar: ../../../../../usr/local/lib/android/sdk/platforms/android-37.0/data/res/values-mcc310-mnc950-nl: Cannot change mode to rwxr-xr-x: Operation not permitted
build	Cache Android SDK	2026-06-06T12:23:02.4912059Z /usr/bin/tar: ../../../../../usr/local/lib/android/sdk/platforms/android-37.0/data/res/values-mcc312-mnc670-sq: Cannot utime: Operation not permitted
build	Cache Android SDK	2026-06-06T12:23:02.4913014Z /usr/bin/tar: ../../../../../usr/local/lib/android/sdk/platforms/android-37.0/data/res/values-mcc312-mnc670-sq: Cannot change mode to rwxr-xr-x: Operation not permitted
build	Cache Android SDK	2026-06-06T12:23:02.4918605Z /usr/bin/tar: ../../../../../usr/local/lib/android/sdk/platforms/android-37.0/data/res/values-ur: Cannot utime: Operation not permitted
build	Cache Android SDK	2026-06-06T12:23:02.4919492Z /usr/bin/tar: ../../../../../usr/local/lib/android/sdk/platforms/android-37.0/data/res/values-ur: Cannot change mode to rwxr-xr-x: Operation not permitted
build	Cache Android SDK	2026-06-06T12:23:02.4922089Z /usr/bin/tar: ../../../../../usr/local/lib/android/sdk/platforms/android-37.0/data/res/values-mcc310-mnc270-te: Cannot utime: Operation not permitted
build	Cache Android SDK	2026-06-06T12:23:02.4923040Z /usr/bin/tar: ../../../../../usr/local/lib/android/sdk/platforms/android-37.0/data/res/values-mcc310-mnc270-te: Cannot change mode to rwxr-xr-x: Operation not permitted
build	Cache Android SDK	2026-06-06T12:23:02.4925593Z /usr/bin/tar: ../../../../../usr/local/lib/android/sdk/platforms/android-37.0/data/res/values-mcc310-mnc160-nl: Cannot utime: Operation not permitted
build	Cache Android SDK	2026-06-06T12:23:02.4926628Z /usr/bin/tar: ../../../../../usr/local/lib/android/sdk/platforms/android-37.0/data/res/values-mcc310-mnc160-nl: Cannot change mode to rwxr-xr-x: Operation not permitted
build	Cache Android SDK	2026-06-06T12:23:02.4929051Z /usr/bin/tar: ../../../../../usr/local/lib/android/sdk/platforms/android-37.0/data/res/values-mcc302-mnc720-eu: Cannot utime: Operation not permitted
build	Cache Android SDK	2026-06-06T12:23:02.4929986Z /usr/bin/tar: ../../../../../usr/local/lib/android/sdk/platforms/android-37.0/data/res/values-mcc302-mnc720-eu: Cannot change mode to rwxr-xr-x: Operation not permitted
build	Cache Android SDK	2026-06-06T12:23:02.4932575Z /usr/bin/tar: ../../../../../usr/local/lib/android/sdk/platforms/android-37.0/data/res/values-mcc310-mnc250-am: Cannot utime: Operation not permitted
build	Cache Android SDK	2026-06-06T12:23:02.4933528Z /usr/bin/tar: ../../../../../usr/local/lib/android/sdk/platforms/android-37.0/data/res/values-mcc310-mnc250-am: Cannot change mode to rwxr-xr-x: Operation not permitted
build	Cache Android SDK	2026-06-06T12:23:02.4935721Z /usr/bin/tar: ../../../../../usr/local/lib/android/sdk/platforms/android-37.0/data/res/values-mcc310-mnc210-bn: Cannot utime: Operation not permitted
build	Cache Android SDK	2026-06-06T12:23:02.4936770Z /usr/bin/tar: ../../../../../usr/local/lib/android/sdk/platforms/android-37.0/data/res/values-mcc310-mnc210-bn: Cannot change mode to rwxr-xr-x: Operation not permitted
build	Cache Android SDK	2026-06-06T12:23:02.4939526Z /usr/bin/tar: ../../../../../usr/local/lib/android/sdk/platforms/android-37.0/data/res/values-sw640dp: Cannot utime: Operation not permitted
build	Cache Android SDK	2026-06-06T12:23:02.4940486Z /usr/bin/tar: ../../../../../usr/local/lib/android/sdk/platforms/android-37.0/data/res/values-sw640dp: Cannot change mode to rwxr-xr-x: Operation not permitted
build	Cache Android SDK	2026-06-06T12:23:02.4945702Z /usr/bin/tar: ../../../../../usr/local/lib/android/sdk/platforms/android-37.0/data/res/values-nl: Cannot utime: Operation not permitted
build	Cache Android SDK	2026-06-06T12:23:02.4946565Z /usr/bin/tar: ../../../../../usr/local/lib/android/sdk/platforms/android-37.0/data/res/values-nl: Cannot change mode to rwxr-xr-x: Operation not permitted
build	Cache Android SDK	2026-06-06T12:23:02.4949751Z /usr/bin/tar: ../../../../../usr/local/lib/android/sdk/platforms/android-37.0/data/res/values-tr-watch: Cannot utime: Operation not permitted
build	Cache Android SDK	2026-06-06T12:23:02.4950669Z /usr/bin/tar: ../../../../../usr/local/lib/android/sdk/platforms/android-37.0/data/res/values-tr-watch: Cannot change mode to rwxr-xr-x: Operation not permitted
build	Cache Android SDK	2026-06-06T12:23:02.4953629Z /usr/bin/tar: ../../../../../usr/local/lib/android/sdk/platforms/android-37.0/data/res/values-mcc310-mnc310-az: Cannot utime: Operation not permitted
build	Cache Android SDK	2026-06-06T12:23:02.4954125Z /usr/bin/tar: ../../../../../usr/local/lib/android/sdk/platforms/android-37.0/data/res/values-mcc310-mnc310-az: Cannot change mode to rwxr-xr-x: Operation not permitted
build	Cache Android SDK	2026-06-06T12:23:02.4957129Z /usr/bin/tar: ../../../../../usr/local/lib/android/sdk/platforms/android-37.0/data/res/values-mcc310-mnc240-es: Cannot utime: Operation not permitted
build	Cache Android SDK	2026-06-06T12:23:02.4957721Z /usr/bin/tar: ../../../../../usr/local/lib/android/sdk/platforms/android-37.0/data/res/values-mcc310-mnc240-es: Cannot change mode to rwxr-xr-x: Operation not permitted
build	Cache Android SDK	2026-06-06T12:23:02.4960289Z /usr/bin/tar: ../../../../../usr/local/lib/android/sdk/platforms/android-37.0/data/res/values-mcc310-mnc200-hi: Cannot utime: Operation not permitted
build	Cache Android SDK	2026-06-06T12:23:02.4960740Z /usr/bin/tar: ../../../../../usr/local/lib/android/sdk/platforms/android-37.0/data/res/values-mcc310-mnc200-hi: Cannot change mode to rwxr-xr-x: Operation not permitted
build	Cache Android SDK	2026-06-06T12:23:02.4963418Z /usr/bin/tar: ../../../../../usr/local/lib/android/sdk/platforms/android-37.0/data/res/values-gu-television: Cannot utime: Operation not permitted
build	Cache Android SDK	2026-06-06T12:23:02.4963883Z /usr/bin/tar: ../../../../../usr/local/lib/android/sdk/platforms/android-37.0/data/res/values-gu-television: Cannot change mode to rwxr-xr-x: Operation not permitted
build	Cache Android SDK	2026-06-06T12:23:02.4966863Z /usr/bin/tar: ../../../../../usr/local/lib/android/sdk/platforms/android-37.0/data/res/values-mcc310-mnc230-be: Cannot utime: Operation not permitted
build	Cache Android SDK	2026-06-06T12:23:02.4967555Z /usr/bin/tar: ../../../../../usr/local/lib/android/sdk/platforms/android-37.0/data/res/values-mcc310-mnc230-be: Cannot change mode to rwxr-xr-x: Operation not permitted
build	Cache Android SDK	2026-06-06T12:23:02.4970358Z /usr/bin/tar: ../../../../../usr/local/lib/android/sdk/platforms/android-37.0/data/res/values-mcc334-mnc020: Cannot utime: Operation not permitted
build	Cache Android SDK	2026-06-06T12:23:02.4970802Z /usr/bin/tar: ../../../../../usr/local/lib/android/sdk/platforms/android-37.0/data/res/values-mcc334-mnc020: Cannot change mode to rwxr-xr-x: Operation not permitted
build	Cache Android SDK	2026-06-06T12:23:02.4973310Z /usr/bin/tar: ../../../../../usr/local/lib/android/sdk/platforms/android-37.0/data/res/values-mcc310-mnc950-fr: Cannot utime: Operation not permitted
build	Cache Android SDK	2026-06-06T12:23:02.4973769Z /usr/bin/tar: ../../../../../usr/local/lib/android/sdk/platforms/android-37.0/data/res/values-mcc310-mnc950-fr: Cannot change mode to rwxr-xr-x: Operation not permitted
build	Cache Android SDK	2026-06-06T12:23:02.4976422Z /usr/bin/tar: ../../../../../usr/local/lib/android/sdk/platforms/android-37.0/data/res/values-mcc334-mnc020-mr: Cannot utime: Operation not permitted
build	Cache Android SDK	2026-06-06T12:23:02.4976998Z /usr/bin/tar: ../../../../../usr/local/lib/android/sdk/platforms/android-37.0/data/res/values-mcc334-mnc020-mr: Cannot change mode to rwxr-xr-x: Operation not permitted
build	Cache Android SDK	2026-06-06T12:23:02.4979983Z /usr/bin/tar: ../../../../../usr/local/lib/android/sdk/platforms/android-37.0/data/res/values-mcc310-mnc220-tl: Cannot utime: Operation not permitted
build	Cache Android SDK	2026-06-06T12:23:02.4980487Z /usr/bin/tar: ../../../../../usr/local/lib/android/sdk/platforms/android-37.0/data/res/values-mcc310-mnc220-tl: Cannot change mode to rwxr-xr-x: Operation not permitted
build	Cache Android SDK	2026-06-06T12:23:02.4984959Z /usr/bin/tar: ../../../../../usr/local/lib/android/sdk/platforms/android-37.0/data/res/values-night: Cannot utime: Operation not permitted
build	Cache Android SDK	2026-06-06T12:23:02.4985400Z /usr/bin/tar: ../../../../../usr/local/lib/android/sdk/platforms/android-37.0/data/res/values-night: Cannot change mode to rwxr-xr-x: Operation not permitted
build	Cache Android SDK	2026-06-06T12:23:02.4988340Z /usr/bin/tar: ../../../../../usr/local/lib/android/sdk/platforms/android-37.0/data/res/values-mcc310-mnc030-de: Cannot utime: Operation not permitted
build	Cache Android SDK	2026-06-06T12:23:02.4988807Z /usr/bin/tar: ../../../../../usr/local/lib/android/sdk/platforms/android-37.0/data/res/values-mcc310-mnc030-de: Cannot change mode to rwxr-xr-x: Operation not permitted
build	Cache Android SDK	2026-06-06T12:23:02.4991815Z /usr/bin/tar: ../../../../../usr/local/lib/android/sdk/platforms/android-37.0/data/res/values-tl-watch: Cannot utime: Operation not permitted
build	Cache Android SDK	2026-06-06T12:23:02.4992333Z /usr/bin/tar: ../../../../../usr/local/lib/android/sdk/platforms/android-37.0/data/res/values-tl-watch: Cannot change mode to rwxr-xr-x: Operation not permitted
build	Cache Android SDK	2026-06-06T12:23:02.4995392Z /usr/bin/tar: ../../../../../usr/local/lib/android/sdk/platforms/android-37.0/data/res/values-mcc313-mnc100-my: Cannot utime: Operation not permitted
build	Cache Android SDK	2026-06-06T12:23:02.4995849Z /usr/bin/tar: ../../../../../usr/local/lib/android/sdk/platforms/android-37.0/data/res/values-mcc313-mnc100-my: Cannot change mode to rwxr-xr-x: Operation not permitted
build	Cache Android SDK	2026-06-06T12:23:02.4998826Z /usr/bin/tar: ../../../../../usr/local/lib/android/sdk/platforms/android-37.0/data/res/values-mcc310-mnc160-ne: Cannot utime: Operation not permitted
build	Cache Android SDK	2026-06-06T12:23:02.4999279Z /usr/bin/tar: ../../../../../usr/local/lib/android/sdk/platforms/android-37.0/data/res/values-mcc310-mnc160-ne: Cannot change mode to rwxr-xr-x: Operation not permitted
build	Cache Android SDK	2026-06-06T12:23:02.5002152Z /usr/bin/tar: ../../../../../usr/local/lib/android/sdk/platforms/android-37.0/data/res/values-mcc311-mnc180-sw: Cannot utime: Operation not permitted
build	Cache Android SDK	2026-06-06T12:23:02.5002610Z /usr/bin/tar: ../../../../../usr/local/lib/android/sdk/platforms/android-37.0/data/res/values-mcc311-mnc180-sw: Cannot change mode to rwxr-xr-x: Operation not permitted
build	Cache Android SDK	2026-06-06T12:23:02.5005123Z /usr/bin/tar: ../../../../../usr/local/lib/android/sdk/platforms/android-37.0/data/res/values-mcc310-mnc660-iw: Cannot utime: Operation not permitted
build	Cache Android SDK	2026-06-06T12:23:02.5005668Z /usr/bin/tar: ../../../../../usr/local/lib/android/sdk/platforms/android-37.0/data/res/values-mcc310-mnc660-iw: Cannot change mode to rwxr-xr-x: Operation not permitted
build	Cache Android SDK	2026-06-06T12:23:02.5008415Z /usr/bin/tar: ../../../../../usr/local/lib/android/sdk/platforms/android-37.0/data/res/values-mcc310-mnc150-zu: Cannot utime: Operation not permitted
build	Cache Android SDK	2026-06-06T12:23:02.5008876Z /usr/bin/tar: ../../../../../usr/local/lib/android/sdk/platforms/android-37.0/data/res/values-mcc310-mnc150-zu: Cannot change mode to rwxr-xr-x: Operation not permitted
build	Cache Android SDK	2026-06-06T12:23:02.5011332Z /usr/bin/tar: ../../../../../usr/local/lib/android/sdk/platforms/android-37.0/data/res/values-mcc313-mnc100-in: Cannot utime: Operation not permitted
build	Cache Android SDK	2026-06-06T12:23:02.5011799Z /usr/bin/tar: ../../../../../usr/local/lib/android/sdk/platforms/android-37.0/data/res/values-mcc313-mnc100-in: Cannot change mode to rwxr-xr-x: Operation not permitted
build	Cache Android SDK	2026-06-06T12:23:02.5014547Z /usr/bin/tar: ../../../../../usr/local/lib/android/sdk/platforms/android-37.0/data/res/values-mcc310-mnc160-uk: Cannot utime: Operation not permitted
build	Cache Android SDK	2026-06-06T12:23:02.5015082Z /usr/bin/tar: ../../../../../usr/local/lib/android/sdk/platforms/android-37.0/data/res/values-mcc310-mnc160-uk: Cannot change mode to rwxr-xr-x: Operation not permitted
build	Cache Android SDK	2026-06-06T12:23:02.5018367Z /usr/bin/tar: ../../../../../usr/local/lib/android/sdk/platforms/android-37.0/data/res/values-uk-rUA: Cannot utime: Operation not permitted
build	Cache Android SDK	2026-06-06T12:23:02.5018796Z /usr/bin/tar: ../../../../../usr/local/lib/android/sdk/platforms/android-37.0/data/res/values-uk-rUA: Cannot change mode to rwxr-xr-x: Operation not permitted
build	Cache Android SDK	2026-06-06T12:23:02.5021424Z /usr/bin/tar: ../../../../../usr/local/lib/android/sdk/platforms/android-37.0/data/res/values-mcc310-mnc230-bn: Cannot utime: Operation not permitted
build	Cache Android SDK	2026-06-06T12:23:02.5021877Z /usr/bin/tar: ../../../../../usr/local/lib/android/sdk/platforms/android-37.0/data/res/values-mcc310-mnc230-bn: Cannot change mode to rwxr-xr-x: Operation not permitted
build	Cache Android SDK	2026-06-06T12:23:02.5024978Z /usr/bin/tar: ../../../../../usr/local/lib/android/sdk/platforms/android-37.0/data/res/values-tl-rPH: Cannot utime: Operation not permitted
build	Cache Android SDK	2026-06-06T12:23:02.5025409Z /usr/bin/tar: ../../../../../usr/local/lib/android/sdk/platforms/android-37.0/data/res/values-tl-rPH: Cannot change mode to rwxr-xr-x: Operation not permitted
build	Cache Android SDK	2026-06-06T12:23:02.5029098Z /usr/bin/tar: ../../../../../usr/local/lib/android/sdk/platforms/android-37.0/data/res/values-mcc310-mnc200-si: Cannot utime: Operation not permitted
build	Cache Android SDK	2026-06-06T12:23:02.5029626Z /usr/bin/tar: ../../../../../usr/local/lib/android/sdk/platforms/android-37.0/data/res/values-mcc310-mnc200-si: Cannot change mode to rwxr-xr-x: Operation not permitted
build	Cache Android SDK	2026-06-06T12:23:02.5033106Z /usr/bin/tar: ../../../../../usr/local/lib/android/sdk/platforms/android-37.0/data/res/values-mcc310-mnc310-af: Cannot utime: Operation not permitted
build	Cache Android SDK	2026-06-06T12:23:02.5033557Z /usr/bin/tar: ../../../../../usr/local/lib/android/sdk/platforms/android-37.0/data/res/values-mcc310-mnc310-af: Cannot change mode to rwxr-xr-x: Operation not permitted
build	Cache Android SDK	2026-06-06T12:23:02.5036495Z /usr/bin/tar: ../../../../../usr/local/lib/android/sdk/platforms/android-37.0/data/res/values-mcc310-mnc240-lt: Cannot utime: Operation not permitted
build	Cache Android SDK	2026-06-06T12:23:02.5036949Z /usr/bin/tar: ../../../../../usr/local/lib/android/sdk/platforms/android-37.0/data/res/values-mcc310-mnc240-lt: Cannot change mode to rwxr-xr-x: Operation not permitted
build	Cache Android SDK	2026-06-06T12:23:02.5039929Z /usr/bin/tar: ../../../../../usr/local/lib/android/sdk/platforms/android-37.0/data/res/values-mcc310-mnc660-pa: Cannot utime: Operation not permitted
build	Cache Android SDK	2026-06-06T12:23:02.5040398Z /usr/bin/tar: ../../../../../usr/local/lib/android/sdk/platforms/android-37.0/data/res/values-mcc310-mnc660-pa: Cannot change mode to rwxr-xr-x: Operation not permitted
build	Cache Android SDK	2026-06-06T12:23:02.5043016Z /usr/bin/tar: ../../../../../usr/local/lib/android/sdk/platforms/android-37.0/data/res/values-mcc310-mnc310-fa: Cannot utime: Operation not permitted
build	Cache Android SDK	2026-06-06T12:23:02.5043616Z /usr/bin/tar: ../../../../../usr/local/lib/android/sdk/platforms/android-37.0/data/res/values-mcc310-mnc310-fa: Cannot change mode to rwxr-xr-x: Operation not permitted
build	Cache Android SDK	2026-06-06T12:23:02.5046633Z /usr/bin/tar: ../../../../../usr/local/lib/android/sdk/platforms/android-37.0/data/res/values-mcc310-mnc230-in: Cannot utime: Operation not permitted
build	Cache Android SDK	2026-06-06T12:23:02.5047078Z /usr/bin/tar: ../../../../../usr/local/lib/android/sdk/platforms/android-37.0/data/res/values-mcc310-mnc230-in: Cannot change mode to rwxr-xr-x: Operation not permitted
build	Cache Android SDK	2026-06-06T12:23:02.5084703Z /usr/bin/tar: ../../../../../usr/local/lib/android/sdk/platforms/android-37.0/data/res/color: Cannot utime: Operation not permitted
build	Cache Android SDK	2026-06-06T12:23:02.5085190Z /usr/bin/tar: ../../../../../usr/local/lib/android/sdk/platforms/android-37.0/data/res/color: Cannot change mode to rwxr-xr-x: Operation not permitted
build	Cache Android SDK	2026-06-06T12:23:02.5087999Z /usr/bin/tar: ../../../../../usr/local/lib/android/sdk/platforms/android-37.0/data/res/values-mcc312-mnc670-be: Cannot utime: Operation not permitted
build	Cache Android SDK	2026-06-06T12:23:02.5088463Z /usr/bin/tar: ../../../../../usr/local/lib/android/sdk/platforms/android-37.0/data/res/values-mcc312-mnc670-be: Cannot change mode to rwxr-xr-x: Operation not permitted
build	Cache Android SDK	2026-06-06T12:23:02.6320913Z /usr/bin/tar: ../../../../../usr/local/lib/android/sdk/platforms/android-37.0/data/res/values-mcc310-mnc410-mk: Cannot utime: Operation not permitted
build	Cache Android SDK	2026-06-06T12:23:02.6321966Z /usr/bin/tar: ../../../../../usr/local/lib/android/sdk/platforms/android-37.0/data/res/values-mcc310-mnc410-mk: Cannot change mode to rwxr-xr-x: Operation not permitted
build	Cache Android SDK	2026-06-06T12:23:02.6326248Z /usr/bin/tar: ../../../../../usr/local/lib/android/sdk/platforms/android-37.0/data/res/values-mcc313-mnc100-sv: Cannot utime: Operation not permitted
build	Cache Android SDK	2026-06-06T12:23:02.6328033Z /usr/bin/tar: ../../../../../usr/local/lib/android/sdk/platforms/android-37.0/data/res/values-mcc313-mnc100-sv: Cannot change mode to rwxr-xr-x: Operation not permitted
build	Cache Android SDK	2026-06-06T12:23:02.6329721Z /usr/bin/tar: ../../../../../usr/local/lib/android/sdk/platforms/android-37.0/data/res/values-mcc310-mnc410-sl: Cannot utime: Operation not permitted
build	Cache Android SDK	2026-06-06T12:23:02.6331548Z /usr/bin/tar: ../../../../../usr/local/lib/android/sdk/platforms/android-37.0/data/res/values-mcc310-mnc410-sl: Cannot change mode to rwxr-xr-x: Operation not permitted
build	Cache Android SDK	2026-06-06T12:23:02.6333382Z /usr/bin/tar: ../../../../../usr/local/lib/android/sdk/platforms/android-37.0/data/res/values-mcc302-mnc370-en-rAU: Cannot utime: Operation not permitted
build	Cache Android SDK	2026-06-06T12:23:02.6335478Z /usr/bin/tar: ../../../../../usr/local/lib/android/sdk/platforms/android-37.0/data/res/values-mcc302-mnc370-en-rAU: Cannot change mode to rwxr-xr-x: Operation not permitted
build	Cache Android SDK	2026-06-06T12:23:02.6337157Z /usr/bin/tar: ../../../../../usr/local/lib/android/sdk/platforms/android-37.0/data/res/values-mcc310-mnc210-vi: Cannot utime: Operation not permitted
build	Cache Android SDK	2026-06-06T12:23:02.6338817Z /usr/bin/tar: ../../../../../usr/local/lib/android/sdk/platforms/android-37.0/data/res/values-mcc310-mnc210-vi: Cannot change mode to rwxr-xr-x: Operation not permitted
build	Cache Android SDK	2026-06-06T12:23:02.6340824Z /usr/bin/tar: ../../../../../usr/local/lib/android/sdk/platforms/android-37.0/data/res/values-mcc310-mnc030-ur: Cannot utime: Operation not permitted
build	Cache Android SDK	2026-06-06T12:23:02.6342400Z /usr/bin/tar: ../../../../../usr/local/lib/android/sdk/platforms/android-37.0/data/res/values-mcc310-mnc030-ur: Cannot change mode to rwxr-xr-x: Operation not permitted
build	Cache Android SDK	2026-06-06T12:23:02.6345365Z /usr/bin/tar: ../../../../../usr/local/lib/android/sdk/platforms/android-37.0/data/res/color-night: Cannot utime: Operation not permitted
build	Cache Android SDK	2026-06-06T12:23:02.6347661Z /usr/bin/tar: ../../../../../usr/local/lib/android/sdk/platforms/android-37.0/data/res/color-night: Cannot change mode to rwxr-xr-x: Operation not permitted
build	Cache Android SDK	2026-06-06T12:23:02.6349742Z /usr/bin/tar: ../../../../../usr/local/lib/android/sdk/platforms/android-37.0/data/res/values-mcc310-mnc240-ta: Cannot utime: Operation not permitted
build	Cache Android SDK	2026-06-06T12:23:02.6351823Z /usr/bin/tar: ../../../../../usr/local/lib/android/sdk/platforms/android-37.0/data/res/values-mcc310-mnc240-ta: Cannot change mode to rwxr-xr-x: Operation not permitted
build	Cache Android SDK	2026-06-06T12:23:02.6353678Z /usr/bin/tar: ../../../../../usr/local/lib/android/sdk/platforms/android-37.0/data/res/values-mcc313-mnc100-cs: Cannot utime: Operation not permitted
build	Cache Android SDK	2026-06-06T12:23:02.6355491Z /usr/bin/tar: ../../../../../usr/local/lib/android/sdk/platforms/android-37.0/data/res/values-mcc313-mnc100-cs: Cannot change mode to rwxr-xr-x: Operation not permitted
build	Cache Android SDK	2026-06-06T12:23:02.6357608Z /usr/bin/tar: ../../../../../usr/local/lib/android/sdk/platforms/android-37.0/data/res/values-mcc311-mnc180-uz: Cannot utime: Operation not permitted
build	Cache Android SDK	2026-06-06T12:23:02.6359496Z /usr/bin/tar: ../../../../../usr/local/lib/android/sdk/platforms/android-37.0/data/res/values-mcc311-mnc180-uz: Cannot change mode to rwxr-xr-x: Operation not permitted
build	Cache Android SDK	2026-06-06T12:23:02.6361519Z /usr/bin/tar: ../../../../../usr/local/lib/android/sdk/platforms/android-37.0/data/res/values-mcc312-mnc670-pt: Cannot utime: Operation not permitted
build	Cache Android SDK	2026-06-06T12:23:02.6363853Z /usr/bin/tar: ../../../../../usr/local/lib/android/sdk/platforms/android-37.0/data/res/values-mcc312-mnc670-pt: Cannot change mode to rwxr-xr-x: Operation not permitted
build	Cache Android SDK	2026-06-06T12:23:02.6365646Z /usr/bin/tar: ../../../../../usr/local/lib/android/sdk/platforms/android-37.0/data/res/values-mcc310-mnc250-tl: Cannot utime: Operation not permitted
build	Cache Android SDK	2026-06-06T12:23:02.6367510Z /usr/bin/tar: ../../../../../usr/local/lib/android/sdk/platforms/android-37.0/data/res/values-mcc310-mnc250-tl: Cannot change mode to rwxr-xr-x: Operation not permitted
build	Cache Android SDK	2026-06-06T12:23:02.6369453Z /usr/bin/tar: ../../../../../usr/local/lib/android/sdk/platforms/android-37.0/data/res/values-mcc310-mnc250-fr-rCA: Cannot utime: Operation not permitted
build	Cache Android SDK	2026-06-06T12:23:02.6371286Z /usr/bin/tar: ../../../../../usr/local/lib/android/sdk/platforms/android-37.0/data/res/values-mcc310-mnc250-fr-rCA: Cannot change mode to rwxr-xr-x: Operation not permitted
build	Cache Android SDK	2026-06-06T12:23:02.6373199Z /usr/bin/tar: ../../../../../usr/local/lib/android/sdk/platforms/android-37.0/data/res/values-mcc310-mnc150-bs: Cannot utime: Operation not permitted
build	Cache Android SDK	2026-06-06T12:23:02.6374980Z /usr/bin/tar: ../../../../../usr/local/lib/android/sdk/platforms/android-37.0/data/res/values-mcc310-mnc150-bs: Cannot change mode to rwxr-xr-x: Operation not permitted
build	Cache Android SDK	2026-06-06T12:23:02.6376669Z /usr/bin/tar: ../../../../../usr/local/lib/android/sdk/platforms/android-37.0/data/res/values-mcc310-mnc560-sk: Cannot utime: Operation not permitted
build	Cache Android SDK	2026-06-06T12:23:02.6378816Z /usr/bin/tar: ../../../../../usr/local/lib/android/sdk/platforms/android-37.0/data/res/values-mcc310-mnc560-sk: Cannot change mode to rwxr-xr-x: Operation not permitted
build	Cache Android SDK	2026-06-06T12:23:02.6380627Z /usr/bin/tar: ../../../../../usr/local/lib/android/sdk/platforms/android-37.0/data/res/values-mcc310-mnc030-zu: Cannot utime: Operation not permitted
build	Cache Android SDK	2026-06-06T12:23:02.6382447Z /usr/bin/tar: ../../../../../usr/local/lib/android/sdk/platforms/android-37.0/data/res/values-mcc310-mnc030-zu: Cannot change mode to rwxr-xr-x: Operation not permitted
build	Cache Android SDK	2026-06-06T12:23:02.6384248Z /usr/bin/tar: ../../../../../usr/local/lib/android/sdk/platforms/android-37.0/data/res/values-mcc450-mnc06: Cannot utime: Operation not permitted
build	Cache Android SDK	2026-06-06T12:23:02.6386034Z /usr/bin/tar: ../../../../../usr/local/lib/android/sdk/platforms/android-37.0/data/res/values-mcc450-mnc06: Cannot change mode to rwxr-xr-x: Operation not permitted
build	Cache Android SDK	2026-06-06T12:23:02.6387903Z /usr/bin/tar: ../../../../../usr/local/lib/android/sdk/platforms/android-37.0/data/res/values-mcc310-mnc800-es-rUS: Cannot utime: Operation not permitted
build	Cache Android SDK	2026-06-06T12:23:02.6389781Z /usr/bin/tar: ../../../../../usr/local/lib/android/sdk/platforms/android-37.0/data/res/values-mcc310-mnc800-es-rUS: Cannot change mode to rwxr-xr-x: Operation not permitted
build	Cache Android SDK	2026-06-06T12:23:02.6391663Z /usr/bin/tar: ../../../../../usr/local/lib/android/sdk/platforms/android-37.0/data/res/values-mcc310-mnc560-mn: Cannot utime: Operation not permitted
build	Cache Android SDK	2026-06-06T12:23:02.6393287Z /usr/bin/tar: ../../../../../usr/local/lib/android/sdk/platforms/android-37.0/data/res/values-mcc310-mnc560-mn: Cannot change mode to rwxr-xr-x: Operation not permitted
build	Cache Android SDK	2026-06-06T12:23:02.6394321Z /usr/bin/tar: ../../../../../usr/local/lib/android/sdk/platforms/android-37.0/data/res/values-mcc313-mnc100-bn: Cannot utime: Operation not permitted
build	Cache Android SDK	2026-06-06T12:23:02.6395341Z /usr/bin/tar: ../../../../../usr/local/lib/android/sdk/platforms/android-37.0/data/res/values-mcc313-mnc100-bn: Cannot change mode to rwxr-xr-x: Operation not permitted
build	Cache Android SDK	2026-06-06T12:23:02.6396379Z /usr/bin/tar: ../../../../../usr/local/lib/android/sdk/platforms/android-37.0/data/res/values-mcc310-mnc200-hr: Cannot utime: Operation not permitted
build	Cache Android SDK	2026-06-06T12:23:02.6397583Z /usr/bin/tar: ../../../../../usr/local/lib/android/sdk/platforms/android-37.0/data/res/values-mcc310-mnc200-hr: Cannot change mode to rwxr-xr-x: Operation not permitted
build	Cache Android SDK	2026-06-06T12:23:02.6399366Z /usr/bin/tar: ../../../../../usr/local/lib/android/sdk/platforms/android-37.0/data/res/values-mcc310-mnc200-am: Cannot utime: Operation not permitted
build	Cache Android SDK	2026-06-06T12:23:02.6400982Z /usr/bin/tar: ../../../../../usr/local/lib/android/sdk/platforms/android-37.0/data/res/values-mcc310-mnc200-am: Cannot change mode to rwxr-xr-x: Operation not permitted
build	Cache Android SDK	2026-06-06T12:23:02.6402374Z /usr/bin/tar: ../../../../../usr/local/lib/android/sdk/platforms/android-37.0/data/res/values-mcc310-mnc800-sw: Cannot utime: Operation not permitted
build	Cache Android SDK	2026-06-06T12:23:02.6403825Z /usr/bin/tar: ../../../../../usr/local/lib/android/sdk/platforms/android-37.0/data/res/values-mcc310-mnc800-sw: Cannot change mode to rwxr-xr-x: Operation not permitted
build	Cache Android SDK	2026-06-06T12:23:02.6405271Z /usr/bin/tar: ../../../../../usr/local/lib/android/sdk/platforms/android-37.0/data/res/values-mcc302-mnc370-ne: Cannot utime: Operation not permitted
build	Cache Android SDK	2026-06-06T12:23:02.6406700Z /usr/bin/tar: ../../../../../usr/local/lib/android/sdk/platforms/android-37.0/data/res/values-mcc302-mnc370-ne: Cannot change mode to rwxr-xr-x: Operation not permitted
build	Cache Android SDK	2026-06-06T12:23:02.6410390Z /usr/bin/tar: ../../../../../usr/local/lib/android/sdk/platforms/android-37.0/data/res/drawable-sw600dp-mdpi: Cannot utime: Operation not permitted
build	Cache Android SDK	2026-06-06T12:23:02.6411686Z /usr/bin/tar: ../../../../../usr/local/lib/android/sdk/platforms/android-37.0/data/res/drawable-sw600dp-mdpi: Cannot change mode to rwxr-xr-x: Operation not permitted
build	Cache Android SDK	2026-06-06T12:23:02.6413362Z /usr/bin/tar: ../../../../../usr/local/lib/android/sdk/platforms/android-37.0/data/res/values-mcc310-mnc560-af: Cannot utime: Operation not permitted
build	Cache Android SDK	2026-06-06T12:23:02.6414408Z /usr/bin/tar: ../../../../../usr/local/lib/android/sdk/platforms/android-37.0/data/res/values-mcc310-mnc560-af: Cannot change mode to rwxr-xr-x: Operation not permitted
build	Cache Android SDK	2026-06-06T12:23:02.6416836Z /usr/bin/tar: ../../../../../usr/local/lib/android/sdk/platforms/android-37.0/data/res/values-mcc310-mnc310-pt-rBR: Cannot utime: Operation not permitted
build	Cache Android SDK	2026-06-06T12:23:02.6418255Z /usr/bin/tar: ../../../../../usr/local/lib/android/sdk/platforms/android-37.0/data/res/values-mcc310-mnc310-pt-rBR: Cannot change mode to rwxr-xr-x: Operation not permitted
build	Cache Android SDK	2026-06-06T12:23:02.6420794Z /usr/bin/tar: ../../../../../usr/local/lib/android/sdk/platforms/android-37.0/data/res/values-mcc302-mnc720-es-rUS: Cannot utime: Operation not permitted
build	Cache Android SDK	2026-06-06T12:23:02.6421965Z /usr/bin/tar: ../../../../../usr/local/lib/android/sdk/platforms/android-37.0/data/res/values-mcc302-mnc720-es-rUS: Cannot change mode to rwxr-xr-x: Operation not permitted
build	Cache Android SDK	2026-06-06T12:23:02.6424668Z /usr/bin/tar: ../../../../../usr/local/lib/android/sdk/platforms/android-37.0/data/res/values-mcc310-mnc270-is: Cannot utime: Operation not permitted
build	Cache Android SDK	2026-06-06T12:23:02.6425635Z /usr/bin/tar: ../../../../../usr/local/lib/android/sdk/platforms/android-37.0/data/res/values-mcc310-mnc270-is: Cannot change mode to rwxr-xr-x: Operation not permitted
build	Cache Android SDK	2026-06-06T12:23:02.6429114Z /usr/bin/tar: ../../../../../usr/local/lib/android/sdk/platforms/android-37.0/data/res/values-mcc310-mnc250-ko: Cannot utime: Operation not permitted
build	Cache Android SDK	2026-06-06T12:23:02.6430208Z /usr/bin/tar: ../../../../../usr/local/lib/android/sdk/platforms/android-37.0/data/res/values-mcc310-mnc250-ko: Cannot change mode to rwxr-xr-x: Operation not permitted
build	Cache Android SDK	2026-06-06T12:23:02.6432371Z /usr/bin/tar: ../../../../../usr/local/lib/android/sdk/platforms/android-37.0/data/res/values-mcc310-mnc200-ro: Cannot utime: Operation not permitted
build	Cache Android SDK	2026-06-06T12:23:02.6433329Z /usr/bin/tar: ../../../../../usr/local/lib/android/sdk/platforms/android-37.0/data/res/values-mcc310-mnc200-ro: Cannot change mode to rwxr-xr-x: Operation not permitted
build	Cache Android SDK	2026-06-06T12:23:02.6436078Z /usr/bin/tar: ../../../../../usr/local/lib/android/sdk/platforms/android-37.0/data/res/values-mcc310-mnc310-zh-rTW: Cannot utime: Operation not permitted
build	Cache Android SDK	2026-06-06T12:23:02.6437726Z /usr/bin/tar: ../../../../../usr/local/lib/android/sdk/platforms/android-37.0/data/res/values-mcc310-mnc310-zh-rTW: Cannot change mode to rwxr-xr-x: Operation not permitted
build	Cache Android SDK	2026-06-06T12:23:02.6439676Z /usr/bin/tar: ../../../../../usr/local/lib/android/sdk/platforms/android-37.0/data/res/values-mcc310-mnc380-lt: Cannot utime: Operation not permitted
build	Cache Android SDK	2026-06-06T12:23:02.6440829Z /usr/bin/tar: ../../../../../usr/local/lib/android/sdk/platforms/android-37.0/data/res/values-mcc310-mnc380-lt: Cannot change mode to rwxr-xr-x: Operation not permitted
build	Cache Android SDK	2026-06-06T12:23:02.6443119Z /usr/bin/tar: ../../../../../usr/local/lib/android/sdk/platforms/android-37.0/data/res/values-mcc310-mnc410-it: Cannot utime: Operation not permitted
build	Cache Android SDK	2026-06-06T12:23:02.6444088Z /usr/bin/tar: ../../../../../usr/local/lib/android/sdk/platforms/android-37.0/data/res/values-mcc310-mnc410-it: Cannot change mode to rwxr-xr-x: Operation not permitted
build	Cache Android SDK	2026-06-06T12:23:02.6446760Z /usr/bin/tar: ../../../../../usr/local/lib/android/sdk/platforms/android-37.0/data/res/values-mcc311-mnc870: Cannot utime: Operation not permitted
build	Cache Android SDK	2026-06-06T12:23:02.6447905Z /usr/bin/tar: ../../../../../usr/local/lib/android/sdk/platforms/android-37.0/data/res/values-mcc311-mnc870: Cannot change mode to rwxr-xr-x: Operation not permitted
build	Cache Android SDK	2026-06-06T12:23:02.6450244Z /usr/bin/tar: ../../../../../usr/local/lib/android/sdk/platforms/android-37.0/data/res/values-mcc310-mnc280-kn: Cannot utime: Operation not permitted
build	Cache Android SDK	2026-06-06T12:23:02.6451191Z /usr/bin/tar: ../../../../../usr/local/lib/android/sdk/platforms/android-37.0/data/res/values-mcc310-mnc280-kn: Cannot change mode to rwxr-xr-x: Operation not permitted
build	Cache Android SDK	2026-06-06T12:23:02.6457637Z /usr/bin/tar: ../../../../../usr/local/lib/android/sdk/platforms/android-37.0/data/res/values-fr-rCA: Cannot utime: Operation not permitted
build	Cache Android SDK	2026-06-06T12:23:02.6458929Z /usr/bin/tar: ../../../../../usr/local/lib/android/sdk/platforms/android-37.0/data/res/values-fr-rCA: Cannot change mode to rwxr-xr-x: Operation not permitted
build	Cache Android SDK	2026-06-06T12:23:02.6460723Z /usr/bin/tar: ../../../../../usr/local/lib/android/sdk/platforms/android-37.0/data/res/values-ko-watch: Cannot utime: Operation not permitted
build	Cache Android SDK	2026-06-06T12:23:02.6462042Z /usr/bin/tar: ../../../../../usr/local/lib/android/sdk/platforms/android-37.0/data/res/values-ko-watch: Cannot change mode to rwxr-xr-x: Operation not permitted
build	Cache Android SDK	2026-06-06T12:23:02.6464667Z /usr/bin/tar: ../../../../../usr/local/lib/android/sdk/platforms/android-37.0/data/res/values-mcc310-mnc170-in: Cannot utime: Operation not permitted
build	Cache Android SDK	2026-06-06T12:23:02.6467789Z /usr/bin/tar: ../../../../../usr/local/lib/android/sdk/platforms/android-37.0/data/res/values-mcc310-mnc170-in: Cannot change mode to rwxr-xr-x: Operation not permitted
build	Cache Android SDK	2026-06-06T12:23:02.6468742Z /usr/bin/tar: ../../../../../usr/local/lib/android/sdk/platforms/android-37.0/data/res/values-mcc310-mnc170-pa: Cannot utime: Operation not permitted
build	Cache Android SDK	2026-06-06T12:23:02.6470443Z /usr/bin/tar: ../../../../../usr/local/lib/android/sdk/platforms/android-37.0/data/res/values-mcc310-mnc170-pa: Cannot change mode to rwxr-xr-x: Operation not permitted
build	Cache Android SDK	2026-06-06T12:23:02.6471478Z /usr/bin/tar: ../../../../../usr/local/lib/android/sdk/platforms/android-37.0/data/res/values-mcc310-mnc220-bs: Cannot utime: Operation not permitted
build	Cache Android SDK	2026-06-06T12:23:02.6472496Z /usr/bin/tar: ../../../../../usr/local/lib/android/sdk/platforms/android-37.0/data/res/values-mcc310-mnc220-bs: Cannot change mode to rwxr-xr-x: Operation not permitted
build	Cache Android SDK	2026-06-06T12:23:02.6474576Z /usr/bin/tar: ../../../../../usr/local/lib/android/sdk/platforms/android-37.0/data/res/values-mcc310-mnc280-pt-rPT: Cannot utime: Operation not permitted
build	Cache Android SDK	2026-06-06T12:23:02.6475568Z /usr/bin/tar: ../../../../../usr/local/lib/android/sdk/platforms/android-37.0/data/res/values-mcc310-mnc280-pt-rPT: Cannot change mode to rwxr-xr-x: Operation not permitted
build	Cache Android SDK	2026-06-06T12:23:02.6478252Z /usr/bin/tar: ../../../../../usr/local/lib/android/sdk/platforms/android-37.0/data/res/values-mcc310-mnc200-ur: Cannot utime: Operation not permitted
build	Cache Android SDK	2026-06-06T12:23:02.6479200Z /usr/bin/tar: ../../../../../usr/local/lib/android/sdk/platforms/android-37.0/data/res/values-mcc310-mnc200-ur: Cannot change mode to rwxr-xr-x: Operation not permitted
build	Cache Android SDK	2026-06-06T12:23:02.6481581Z /usr/bin/tar: ../../../../../usr/local/lib/android/sdk/platforms/android-37.0/data/res/values-mcc310-mnc490-lv: Cannot utime: Operation not permitted
build	Cache Android SDK	2026-06-06T12:23:02.6482712Z /usr/bin/tar: ../../../../../usr/local/lib/android/sdk/platforms/android-37.0/data/res/values-mcc310-mnc490-lv: Cannot change mode to rwxr-xr-x: Operation not permitted
build	Cache Android SDK	2026-06-06T12:23:02.6484582Z /usr/bin/tar: ../../../../../usr/local/lib/android/sdk/platforms/android-37.0/data/res/values-uz-watch: Cannot utime: Operation not permitted
build	Cache Android SDK	2026-06-06T12:23:02.6485495Z /usr/bin/tar: ../../../../../usr/local/lib/android/sdk/platforms/android-37.0/data/res/values-uz-watch: Cannot change mode to rwxr-xr-x: Operation not permitted
build	Cache Android SDK	2026-06-06T12:23:02.6487978Z /usr/bin/tar: ../../../../../usr/local/lib/android/sdk/platforms/android-37.0/data/res/values-mcc310-mnc660-da: Cannot utime: Operation not permitted
build	Cache Android SDK	2026-06-06T12:23:02.6488927Z /usr/bin/tar: ../../../../../usr/local/lib/android/sdk/platforms/android-37.0/data/res/values-mcc310-mnc660-da: Cannot change mode to rwxr-xr-x: Operation not permitted
build	Cache Android SDK	2026-06-06T12:23:02.6496339Z /usr/bin/tar: ../../../../../usr/local/lib/android/sdk/platforms/android-37.0/data/res/values-fi: Cannot utime: Operation not permitted
build	Cache Android SDK	2026-06-06T12:23:02.6497662Z /usr/bin/tar: ../../../../../usr/local/lib/android/sdk/platforms/android-37.0/data/res/values-fi: Cannot change mode to rwxr-xr-x: Operation not permitted
build	Cache Android SDK	2026-06-06T12:23:02.6499692Z /usr/bin/tar: ../../../../../usr/local/lib/android/sdk/platforms/android-37.0/data/res/values-mcc310-mnc800-cs: Cannot utime: Operation not permitted
build	Cache Android SDK	2026-06-06T12:23:02.6500789Z /usr/bin/tar: ../../../../../usr/local/lib/android/sdk/platforms/android-37.0/data/res/values-mcc310-mnc800-cs: Cannot change mode to rwxr-xr-x: Operation not permitted
build	Cache Android SDK	2026-06-06T12:23:02.6503086Z /usr/bin/tar: ../../../../../usr/local/lib/android/sdk/platforms/android-37.0/data/res/values-mcc310-mnc380-hi: Cannot utime: Operation not permitted
build	Cache Android SDK	2026-06-06T12:23:02.6504030Z /usr/bin/tar: ../../../../../usr/local/lib/android/sdk/platforms/android-37.0/data/res/values-mcc310-mnc380-hi: Cannot change mode to rwxr-xr-x: Operation not permitted
build	Cache Android SDK	2026-06-06T12:23:02.6506559Z /usr/bin/tar: ../../../../../usr/local/lib/android/sdk/platforms/android-37.0/data/res/values-mcc310-mnc410-af: Cannot utime: Operation not permitted
build	Cache Android SDK	2026-06-06T12:23:02.6508098Z /usr/bin/tar: ../../../../../usr/local/lib/android/sdk/platforms/android-37.0/data/res/values-mcc310-mnc410-af: Cannot change mode to rwxr-xr-x: Operation not permitted
build	Cache Android SDK	2026-06-06T12:23:02.6509902Z /usr/bin/tar: ../../../../../usr/local/lib/android/sdk/platforms/android-37.0/data/res/values-mcc310-mnc250-km: Cannot utime: Operation not permitted
build	Cache Android SDK	2026-06-06T12:23:02.6510886Z /usr/bin/tar: ../../../../../usr/local/lib/android/sdk/platforms/android-37.0/data/res/values-mcc310-mnc250-km: Cannot change mode to rwxr-xr-x: Operation not permitted
build	Cache Android SDK	2026-06-06T12:23:02.6512927Z /usr/bin/tar: ../../../../../usr/local/lib/android/sdk/platforms/android-37.0/data/res/values-mcc302-mnc370-pa: Cannot utime: Operation not permitted
build	Cache Android SDK	2026-06-06T12:23:02.6513887Z /usr/bin/tar: ../../../../../usr/local/lib/android/sdk/platforms/android-37.0/data/res/values-mcc302-mnc370-pa: Cannot change mode to rwxr-xr-x: Operation not permitted
build	Cache Android SDK	2026-06-06T12:23:02.6516367Z /usr/bin/tar: ../../../../../usr/local/lib/android/sdk/platforms/android-37.0/data/res/values-mcc310-mnc380-ca: Cannot utime: Operation not permitted
build	Cache Android SDK	2026-06-06T12:23:02.6517509Z /usr/bin/tar: ../../../../../usr/local/lib/android/sdk/platforms/android-37.0/data/res/values-mcc310-mnc380-ca: Cannot change mode to rwxr-xr-x: Operation not permitted
build	Cache Android SDK	2026-06-06T12:23:02.6519320Z /usr/bin/tar: ../../../../../usr/local/lib/android/sdk/platforms/android-37.0/data/res/values-mcc310-mnc950-gu: Cannot utime: Operation not permitted
build	Cache Android SDK	2026-06-06T12:23:02.6520265Z /usr/bin/tar: ../../../../../usr/local/lib/android/sdk/platforms/android-37.0/data/res/values-mcc310-mnc950-gu: Cannot change mode to rwxr-xr-x: Operation not permitted
build	Cache Android SDK	2026-06-06T12:23:02.6523275Z /usr/bin/tar: ../../../../../usr/local/lib/android/sdk/platforms/android-37.0/data/res/values-mcc302-mnc720-sq: Cannot utime: Operation not permitted
build	Cache Android SDK	2026-06-06T12:23:02.6524223Z /usr/bin/tar: ../../../../../usr/local/lib/android/sdk/platforms/android-37.0/data/res/values-mcc302-mnc720-sq: Cannot change mode to rwxr-xr-x: Operation not permitted
build	Cache Android SDK	2026-06-06T12:23:02.6526369Z /usr/bin/tar: ../../../../../usr/local/lib/android/sdk/platforms/android-37.0/data/res/values-sq-watch: Cannot utime: Operation not permitted
build	Cache Android SDK	2026-06-06T12:23:02.6527323Z /usr/bin/tar: ../../../../../usr/local/lib/android/sdk/platforms/android-37.0/data/res/values-sq-watch: Cannot change mode to rwxr-xr-x: Operation not permitted
build	Cache Android SDK	2026-06-06T12:23:02.6530003Z /usr/bin/tar: ../../../../../usr/local/lib/android/sdk/platforms/android-37.0/data/res/values-mcc311-mnc180-lv: Cannot utime: Operation not permitted
build	Cache Android SDK	2026-06-06T12:23:02.6531215Z /usr/bin/tar: ../../../../../usr/local/lib/android/sdk/platforms/android-37.0/data/res/values-mcc311-mnc180-lv: Cannot change mode to rwxr-xr-x: Operation not permitted
build	Cache Android SDK	2026-06-06T12:23:02.6532922Z /usr/bin/tar: ../../../../../usr/local/lib/android/sdk/platforms/android-37.0/data/res/values-mcc310-mnc280-it: Cannot utime: Operation not permitted
build	Cache Android SDK	2026-06-06T12:23:02.6533874Z /usr/bin/tar: ../../../../../usr/local/lib/android/sdk/platforms/android-37.0/data/res/values-mcc310-mnc280-it: Cannot change mode to rwxr-xr-x: Operation not permitted
build	Cache Android SDK	2026-06-06T12:23:02.6536399Z /usr/bin/tar: ../../../../../usr/local/lib/android/sdk/platforms/android-37.0/data/res/values-mcc302-mnc720-kk: Cannot utime: Operation not permitted
build	Cache Android SDK	2026-06-06T12:23:02.6537678Z /usr/bin/tar: ../../../../../usr/local/lib/android/sdk/platforms/android-37.0/data/res/values-mcc302-mnc720-kk: Cannot change mode to rwxr-xr-x: Operation not permitted
build	Cache Android SDK	2026-06-06T12:23:02.6539484Z /usr/bin/tar: ../../../../../usr/local/lib/android/sdk/platforms/android-37.0/data/res/values-mcc334-mnc020-fr-rCA-masculine: Cannot utime: Operation not permitted
build	Cache Android SDK	2026-06-06T12:23:02.6541354Z /usr/bin/tar: ../../../../../usr/local/lib/android/sdk/platforms/android-37.0/data/res/values-mcc334-mnc020-fr-rCA-masculine: Cannot change mode to rwxr-xr-x: Operation not permitted
build	Cache Android SDK	2026-06-06T12:23:02.6543075Z /usr/bin/tar: ../../../../../usr/local/lib/android/sdk/platforms/android-37.0/data/res: Cannot utime: Operation not permitted
build	Cache Android SDK	2026-06-06T12:23:02.6544472Z /usr/bin/tar: ../../../../../usr/local/lib/android/sdk/platforms/android-37.0/data/res: Cannot change mode to rwxr-xr-x: Operation not permitted
build	Cache Android SDK	2026-06-06T12:23:02.6613162Z /usr/bin/tar: ../../../../../usr/local/lib/android/sdk/platforms/android-37.0/data: Cannot utime: Operation not permitted
build	Cache Android SDK	2026-06-06T12:23:02.6614159Z /usr/bin/tar: ../../../../../usr/local/lib/android/sdk/platforms/android-37.0/data: Cannot change mode to rwxr-xr-x: Operation not permitted
build	Cache Android SDK	2026-06-06T12:23:02.6615538Z /usr/bin/tar: ../../../../../usr/local/lib/android/sdk/platforms/android-37.0: Cannot utime: Operation not permitted
build	Cache Android SDK	2026-06-06T12:23:02.6616558Z /usr/bin/tar: ../../../../../usr/local/lib/android/sdk/platforms/android-37.0: Cannot change mode to rwxr-xr-x: Operation not permitted
build	Cache Android SDK	2026-06-06T12:23:02.6631539Z /usr/bin/tar: ../../../../../usr/local/lib/android/sdk/platforms/android-35-ext15/optional/libbinder_ndk_cpp/android: Cannot utime: Operation not permitted
build	Cache Android SDK	2026-06-06T12:23:02.6633325Z /usr/bin/tar: ../../../../../usr/local/lib/android/sdk/platforms/android-35-ext15/optional/libbinder_ndk_cpp/android: Cannot change mode to rwxr-xr-x: Operation not permitted
build	Cache Android SDK	2026-06-06T12:23:02.6635206Z /usr/bin/tar: ../../../../../usr/local/lib/android/sdk/platforms/android-35-ext15/optional/libbinder_ndk_cpp: Cannot utime: Operation not permitted
build	Cache Android SDK	2026-06-06T12:23:02.6637103Z /usr/bin/tar: ../../../../../usr/local/lib/android/sdk/platforms/android-35-ext15/optional/libbinder_ndk_cpp: Cannot change mode to rwxr-xr-x: Operation not permitted
build	Cache Android SDK	2026-06-06T12:23:02.6638945Z /usr/bin/tar: ../../../../../usr/local/lib/android/sdk/platforms/android-35-ext15/optional: Cannot utime: Operation not permitted
build	Cache Android SDK	2026-06-06T12:23:02.6640674Z /usr/bin/tar: ../../../../../usr/local/lib/android/sdk/platforms/android-35-ext15/optional: Cannot change mode to rwxr-xr-x: Operation not permitted
build	Cache Android SDK	2026-06-06T12:23:02.6735835Z /usr/bin/tar: ../../../../../usr/local/lib/android/sdk/platforms/android-35-ext15/skins/WXGA800: Cannot utime: Operation not permitted
build	Cache Android SDK	2026-06-06T12:23:02.6737003Z /usr/bin/tar: ../../../../../usr/local/lib/android/sdk/platforms/android-35-ext15/skins/WXGA800: Cannot change mode to rwxr-xr-x: Operation not permitted
build	Cache Android SDK	2026-06-06T12:23:02.6742533Z /usr/bin/tar: ../../../../../usr/local/lib/android/sdk/platforms/android-35-ext15/skins/HVGA: Cannot utime: Operation not permitted
build	Cache Android SDK	2026-06-06T12:23:02.6744369Z /usr/bin/tar: ../../../../../usr/local/lib/android/sdk/platforms/android-35-ext15/skins/HVGA: Cannot change mode to rwxr-xr-x: Operation not permitted
build	Cache Android SDK	2026-06-06T12:23:02.6750384Z /usr/bin/tar: ../../../../../usr/local/lib/android/sdk/platforms/android-35-ext15/skins/WSVGA: Cannot utime: Operation not permitted
build	Cache Android SDK	2026-06-06T12:23:02.6751780Z /usr/bin/tar: ../../../../../usr/local/lib/android/sdk/platforms/android-35-ext15/skins/WSVGA: Cannot change mode to rwxr-xr-x: Operation not permitted
build	Cache Android SDK	2026-06-06T12:23:02.6757257Z /usr/bin/tar: ../../../../../usr/local/lib/android/sdk/platforms/android-35-ext15/skins/WQVGA432: Cannot utime: Operation not permitted
build	Cache Android SDK	2026-06-06T12:23:02.6758834Z /usr/bin/tar: ../../../../../usr/local/lib/android/sdk/platforms/android-35-ext15/skins/WQVGA432: Cannot change mode to rwxr-xr-x: Operation not permitted
build	Cache Android SDK	2026-06-06T12:23:02.6764475Z /usr/bin/tar: ../../../../../usr/local/lib/android/sdk/platforms/android-35-ext15/skins/WVGA854: Cannot utime: Operation not permitted
build	Cache Android SDK	2026-06-06T12:23:02.6765773Z /usr/bin/tar: ../../../../../usr/local/lib/android/sdk/platforms/android-35-ext15/skins/WVGA854: Cannot change mode to rwxr-xr-x: Operation not permitted
build	Cache Android SDK	2026-06-06T12:23:02.6771874Z /usr/bin/tar: ../../../../../usr/local/lib/android/sdk/platforms/android-35-ext15/skins/WXGA800-7in: Cannot utime: Operation not permitted
build	Cache Android SDK	2026-06-06T12:23:02.6778107Z /usr/bin/tar: ../../../../../usr/local/lib/android/sdk/platforms/android-35-ext15/skins/WXGA800-7in: Cannot change mode to rwxr-xr-x: Operation not permitted
build	Cache Android SDK	2026-06-06T12:23:02.6778987Z /usr/bin/tar: ../../../../../usr/local/lib/android/sdk/platforms/android-35-ext15/skins/QVGA: Cannot utime: Operation not permitted
build	Cache Android SDK	2026-06-06T12:23:02.6779820Z /usr/bin/tar: ../../../../../usr/local/lib/android/sdk/platforms/android-35-ext15/skins/QVGA: Cannot change mode to rwxr-xr-x: Operation not permitted
build	Cache Android SDK	2026-06-06T12:23:02.6786483Z /usr/bin/tar: ../../../../../usr/local/lib/android/sdk/platforms/android-35-ext15/skins/WQVGA400: Cannot utime: Operation not permitted
build	Cache Android SDK	2026-06-06T12:23:02.6788186Z /usr/bin/tar: ../../../../../usr/local/lib/android/sdk/platforms/android-35-ext15/skins/WQVGA400: Cannot change mode to rwxr-xr-x: Operation not permitted
build	Cache Android SDK	2026-06-06T12:23:02.6800091Z /usr/bin/tar: ../../../../../usr/local/lib/android/sdk/platforms/android-35-ext15/skins/WVGA800: Cannot utime: Operation not permitted
build	Cache Android SDK	2026-06-06T12:23:02.6801119Z /usr/bin/tar: ../../../../../usr/local/lib/android/sdk/platforms/android-35-ext15/skins/WVGA800: Cannot change mode to rwxr-xr-x: Operation not permitted
build	Cache Android SDK	2026-06-06T12:23:02.6807651Z /usr/bin/tar: ../../../../../usr/local/lib/android/sdk/platforms/android-35-ext15/skins/WXGA720: Cannot utime: Operation not permitted
build	Cache Android SDK	2026-06-06T12:23:02.6810305Z /usr/bin/tar: ../../../../../usr/local/lib/android/sdk/platforms/android-35-ext15/skins/WXGA720: Cannot change mode to rwxr-xr-x: Operation not permitted
build	Cache Android SDK	2026-06-06T12:23:02.6811831Z /usr/bin/tar: ../../../../../usr/local/lib/android/sdk/platforms/android-35-ext15/skins: Cannot utime: Operation not permitted
build	Cache Android SDK	2026-06-06T12:23:02.6813419Z /usr/bin/tar: ../../../../../usr/local/lib/android/sdk/platforms/android-35-ext15/skins: Cannot change mode to rwxr-xr-x: Operation not permitted
build	Cache Android SDK	2026-06-06T12:23:02.7085601Z /usr/bin/tar: ../../../../../usr/local/lib/android/sdk/platforms/android-35-ext15/templates: Cannot utime: Operation not permitted
build	Cache Android SDK	2026-06-06T12:23:02.7087025Z /usr/bin/tar: ../../../../../usr/local/lib/android/sdk/platforms/android-35-ext15/templates: Cannot change mode to rwxr-xr-x: Operation not permitted
build	Cache Android SDK	2026-06-06T12:23:02.7103081Z /usr/bin/tar: ../../../../../usr/local/lib/android/sdk/platforms/android-35-ext15/data/res/values-mcc310-mnc160-sk: Cannot utime: Operation not permitted
build	Cache Android SDK	2026-06-06T12:23:02.7104697Z /usr/bin/tar: ../../../../../usr/local/lib/android/sdk/platforms/android-35-ext15/data/res/values-mcc310-mnc160-sk: Cannot change mode to rwxr-xr-x: Operation not permitted
build	Cache Android SDK	2026-06-06T12:23:02.7108892Z /usr/bin/tar: ../../../../../usr/local/lib/android/sdk/platforms/android-35-ext15/data/res/values-mcc302-mnc370-hr: Cannot utime: Operation not permitted
build	Cache Android SDK	2026-06-06T12:23:02.7109892Z /usr/bin/tar: ../../../../../usr/local/lib/android/sdk/platforms/android-35-ext15/data/res/values-mcc302-mnc370-hr: Cannot change mode to rwxr-xr-x: Operation not permitted
build	Cache Android SDK	2026-06-06T12:23:02.7116989Z /usr/bin/tar: ../../../../../usr/local/lib/android/sdk/platforms/android-35-ext15/data/res/values-mcc310-mnc950-zh-rHK: Cannot utime: Operation not permitted
build	Cache Android SDK	2026-06-06T12:23:02.7118253Z /usr/bin/tar: ../../../../../usr/local/lib/android/sdk/platforms/android-35-ext15/data/res/values-mcc310-mnc950-zh-rHK: Cannot change mode to rwxr-xr-x: Operation not permitted
build	Cache Android SDK	2026-06-06T12:23:02.7124411Z /usr/bin/tar: ../../../../../usr/local/lib/android/sdk/platforms/android-35-ext15/data/res/values-mcc310-mnc210-et: Cannot utime: Operation not permitted
build	Cache Android SDK	2026-06-06T12:23:02.7125955Z /usr/bin/tar: ../../../../../usr/local/lib/android/sdk/platforms/android-35-ext15/data/res/values-mcc310-mnc210-et: Cannot change mode to rwxr-xr-x: Operation not permitted
build	Cache Android SDK	2026-06-06T12:23:02.7127846Z /usr/bin/tar: ../../../../../usr/local/lib/android/sdk/platforms/android-35-ext15/data/res/values-mcc310-mnc170-sl: Cannot utime: Operation not permitted
build	Cache Android SDK	2026-06-06T12:23:02.7129209Z /usr/bin/tar: ../../../../../usr/local/lib/android/sdk/platforms/android-35-ext15/data/res/values-mcc310-mnc170-sl: Cannot change mode to rwxr-xr-x: Operation not permitted
build	Cache Android SDK	2026-06-06T12:23:02.7130865Z /usr/bin/tar: ../../../../../usr/local/lib/android/sdk/platforms/android-35-ext15/data/res/values-mcc310-mnc150-eu: Cannot utime: Operation not permitted
build	Cache Android SDK	2026-06-06T12:23:02.7131834Z /usr/bin/tar: ../../../../../usr/local/lib/android/sdk/platforms/android-35-ext15/data/res/values-mcc310-mnc150-eu: Cannot change mode to rwxr-xr-x: Operation not permitted
build	Cache Android SDK	2026-06-06T12:23:02.7136941Z /usr/bin/tar: ../../../../../usr/local/lib/android/sdk/platforms/android-35-ext15/data/res/values-mcc334-mnc020-bs: Cannot utime: Operation not permitted
build	Cache Android SDK	2026-06-06T12:23:02.7138323Z /usr/bin/tar: ../../../../../usr/local/lib/android/sdk/platforms/android-35-ext15/data/res/values-mcc334-mnc020-bs: Cannot change mode to rwxr-xr-x: Operation not permitted
build	Cache Android SDK	2026-06-06T12:23:02.7143436Z /usr/bin/tar: ../../../../../usr/local/lib/android/sdk/platforms/android-35-ext15/data/res/values-mcc310-mnc310-en-rAU: Cannot utime: Operation not permitted
build	Cache Android SDK	2026-06-06T12:23:02.7144912Z /usr/bin/tar: ../../../../../usr/local/lib/android/sdk/platforms/android-35-ext15/data/res/values-mcc310-mnc310-en-rAU: Cannot change mode to rwxr-xr-x: Operation not permitted
build	Cache Android SDK	2026-06-06T12:23:02.7146436Z /usr/bin/tar: ../../../../../usr/local/lib/android/sdk/platforms/android-35-ext15/data/res/values-mcc334-mnc020-nl: Cannot utime: Operation not permitted
build	Cache Android SDK	2026-06-06T12:23:02.7147583Z /usr/bin/tar: ../../../../../usr/local/lib/android/sdk/platforms/android-35-ext15/data/res/values-mcc334-mnc020-nl: Cannot change mode to rwxr-xr-x: Operation not permitted
build	Cache Android SDK	2026-06-06T12:23:02.7153280Z /usr/bin/tar: ../../../../../usr/local/lib/android/sdk/platforms/android-35-ext15/data/res/raw-nl: Cannot utime: Operation not permitted
build	Cache Android SDK	2026-06-06T12:23:02.7154980Z /usr/bin/tar: ../../../../../usr/local/lib/android/sdk/platforms/android-35-ext15/data/res/raw-nl: Cannot change mode to rwxr-xr-x: Operation not permitted
build	Cache Android SDK	2026-06-06T12:23:02.7157045Z /usr/bin/tar: ../../../../../usr/local/lib/android/sdk/platforms/android-35-ext15/data/res/values-mcc310-mnc800-pl: Cannot utime: Operation not permitted
build	Cache Android SDK	2026-06-06T12:23:02.7158315Z /usr/bin/tar: ../../../../../usr/local/lib/android/sdk/platforms/android-35-ext15/data/res/values-mcc310-mnc800-pl: Cannot change mode to rwxr-xr-x: Operation not permitted
build	Cache Android SDK	2026-06-06T12:23:02.7163094Z /usr/bin/tar: ../../../../../usr/local/lib/android/sdk/platforms/android-35-ext15/data/res/values-mcc310-mnc490-sk: Cannot utime: Operation not permitted
build	Cache Android SDK	2026-06-06T12:23:02.7164164Z /usr/bin/tar: ../../../../../usr/local/lib/android/sdk/platforms/android-35-ext15/data/res/values-mcc310-mnc490-sk: Cannot change mode to rwxr-xr-x: Operation not permitted
build	Cache Android SDK	2026-06-06T12:23:02.7173506Z /usr/bin/tar: ../../../../../usr/local/lib/android/sdk/platforms/android-35-ext15/data/res/values-si: Cannot utime: Operation not permitted
build	Cache Android SDK	2026-06-06T12:23:02.7175067Z /usr/bin/tar: ../../../../../usr/local/lib/android/sdk/platforms/android-35-ext15/data/res/values-si: Cannot change mode to rwxr-xr-x: Operation not permitted
build	Cache Android SDK	2026-06-06T12:23:02.7176446Z /usr/bin/tar: ../../../../../usr/local/lib/android/sdk/platforms/android-35-ext15/data/res/values-mcc311-mnc180-bg: Cannot utime: Operation not permitted
build	Cache Android SDK	2026-06-06T12:23:02.7177740Z /usr/bin/tar: ../../../../../usr/local/lib/android/sdk/platforms/android-35-ext15/data/res/values-mcc311-mnc180-bg: Cannot change mode to rwxr-xr-x: Operation not permitted
build	Cache Android SDK	2026-06-06T12:23:02.7179132Z /usr/bin/tar: ../../../../../usr/local/lib/android/sdk/platforms/android-35-ext15/data/res/values-mcc310-mnc160-be: Cannot utime: Operation not permitted
build	Cache Android SDK	2026-06-06T12:23:02.7180215Z /usr/bin/tar: ../../../../../usr/local/lib/android/sdk/platforms/android-35-ext15/data/res/values-mcc310-mnc160-be: Cannot change mode to rwxr-xr-x: Operation not permitted
build	Cache Android SDK	2026-06-06T12:23:02.7181918Z /usr/bin/tar: ../../../../../usr/local/lib/android/sdk/platforms/android-35-ext15/data/res/values-mcc310-mnc280-pt: Cannot utime: Operation not permitted
build	Cache Android SDK	2026-06-06T12:23:02.7183008Z /usr/bin/tar: ../../../../../usr/local/lib/android/sdk/platforms/android-35-ext15/data/res/values-mcc310-mnc280-pt: Cannot change mode to rwxr-xr-x: Operation not permitted
build	Cache Android SDK	2026-06-06T12:23:02.7185694Z /usr/bin/tar: ../../../../../usr/local/lib/android/sdk/platforms/android-35-ext15/data/res/values-mcc302-mnc720-zh-rHK: Cannot utime: Operation not permitted
build	Cache Android SDK	2026-06-06T12:23:02.7186906Z /usr/bin/tar: ../../../../../usr/local/lib/android/sdk/platforms/android-35-ext15/data/res/values-mcc302-mnc720-zh-rHK: Cannot change mode to rwxr-xr-x: Operation not permitted
build	Cache Android SDK	2026-06-06T12:23:02.7188750Z /usr/bin/tar: ../../../../../usr/local/lib/android/sdk/platforms/android-35-ext15/data/res/values-mcc440-mnc50: Cannot utime: Operation not permitted
build	Cache Android SDK	2026-06-06T12:23:02.7189701Z /usr/bin/tar: ../../../../../usr/local/lib/android/sdk/platforms/android-35-ext15/data/res/values-mcc440-mnc50: Cannot change mode to rwxr-xr-x: Operation not permitted
build	Cache Android SDK	2026-06-06T12:23:02.7191709Z /usr/bin/tar: ../../../../../usr/local/lib/android/sdk/platforms/android-35-ext15/data/res/values-tr-television: Cannot utime: Operation not permitted
build	Cache Android SDK	2026-06-06T12:23:02.7192685Z /usr/bin/tar: ../../../../../usr/local/lib/android/sdk/platforms/android-35-ext15/data/res/values-tr-television: Cannot change mode to rwxr-xr-x: Operation not permitted
build	Cache Android SDK	2026-06-06T12:23:02.7195075Z /usr/bin/tar: ../../../../../usr/local/lib/android/sdk/platforms/android-35-ext15/data/res/values-mcc310-mnc490-th: Cannot utime: Operation not permitted
build	Cache Android SDK	2026-06-06T12:23:02.7196167Z /usr/bin/tar: ../../../../../usr/local/lib/android/sdk/platforms/android-35-ext15/data/res/values-mcc310-mnc490-th: Cannot change mode to rwxr-xr-x: Operation not permitted
build	Cache Android SDK	2026-06-06T12:23:02.7198419Z /usr/bin/tar: ../../../../../usr/local/lib/android/sdk/platforms/android-35-ext15/data/res/values-mcc311-mnc180-zh-rHK: Cannot utime: Operation not permitted
build	Cache Android SDK	2026-06-06T12:23:02.7199565Z /usr/bin/tar: ../../../../../usr/local/lib/android/sdk/platforms/android-35-ext15/data/res/values-mcc311-mnc180-zh-rHK: Cannot change mode to rwxr-xr-x: Operation not permitted
build	Cache Android SDK	2026-06-06T12:23:02.7202355Z /usr/bin/tar: ../../../../../usr/local/lib/android/sdk/platforms/android-35-ext15/data/res/values-mcc310-mnc310-fi: Cannot utime: Operation not permitted
build	Cache Android SDK	2026-06-06T12:23:02.7203351Z /usr/bin/tar: ../../../../../usr/local/lib/android/sdk/platforms/android-35-ext15/data/res/values-mcc310-mnc310-fi: Cannot change mode to rwxr-xr-x: Operation not permitted
build	Cache Android SDK	2026-06-06T12:23:02.7205290Z /usr/bin/tar: ../../../../../usr/local/lib/android/sdk/platforms/android-35-ext15/data/res/values-mcc313-mnc100-is: Cannot utime: Operation not permitted
build	Cache Android SDK	2026-06-06T12:23:02.7206351Z /usr/bin/tar: ../../../../../usr/local/lib/android/sdk/platforms/android-35-ext15/data/res/values-mcc313-mnc100-is: Cannot change mode to rwxr-xr-x: Operation not permitted
build	Cache Android SDK	2026-06-06T12:23:02.7208714Z /usr/bin/tar: ../../../../../usr/local/lib/android/sdk/platforms/android-35-ext15/data/res/values-mcc310-mnc280-as: Cannot utime: Operation not permitted
build	Cache Android SDK	2026-06-06T12:23:02.7209689Z /usr/bin/tar: ../../../../../usr/local/lib/android/sdk/platforms/android-35-ext15/data/res/values-mcc310-mnc280-as: Cannot change mode to rwxr-xr-x: Operation not permitted
build	Cache Android SDK	2026-06-06T12:23:02.7212488Z /usr/bin/tar: ../../../../../usr/local/lib/android/sdk/platforms/android-35-ext15/data/res/values-w180dp-notround-watch: Cannot utime: Operation not permitted
build	Cache Android SDK	2026-06-06T12:23:02.7213591Z /usr/bin/tar: ../../../../../usr/local/lib/android/sdk/platforms/android-35-ext15/data/res/values-w180dp-notround-watch: Cannot change mode to rwxr-xr-x: Operation not permitted
build	Cache Android SDK	2026-06-06T12:23:02.7215647Z /usr/bin/tar: ../../../../../usr/local/lib/android/sdk/platforms/android-35-ext15/data/res/values-mcc310-mnc030-gu: Cannot utime: Operation not permitted
build	Cache Android SDK	2026-06-06T12:23:02.7216740Z /usr/bin/tar: ../../../../../usr/local/lib/android/sdk/platforms/android-35-ext15/data/res/values-mcc310-mnc030-gu: Cannot change mode to rwxr-xr-x: Operation not permitted
build	Cache Android SDK	2026-06-06T12:23:02.7221193Z /usr/bin/tar: ../../../../../usr/local/lib/android/sdk/platforms/android-35-ext15/data/res/values-mcc310-mnc210-in: Cannot utime: Operation not permitted
build	Cache Android SDK	2026-06-06T12:23:02.7222554Z /usr/bin/tar: ../../../../../usr/local/lib/android/sdk/platforms/android-35-ext15/data/res/values-mcc310-mnc210-in: Cannot change mode to rwxr-xr-x: Operation not permitted
build	Cache Android SDK	2026-06-06T12:23:02.7225812Z /usr/bin/tar: ../../../../../usr/local/lib/android/sdk/platforms/android-35-ext15/data/res/values-mcc310-mnc410-nl: Cannot utime: Operation not permitted
build	Cache Android SDK	2026-06-06T12:23:02.7226906Z /usr/bin/tar: ../../../../../usr/local/lib/android/sdk/platforms/android-35-ext15/data/res/values-mcc310-mnc410-nl: Cannot change mode to rwxr-xr-x: Operation not permitted
build	Cache Android SDK	2026-06-06T12:23:02.7228724Z /usr/bin/tar: ../../../../../usr/local/lib/android/sdk/platforms/android-35-ext15/data/res/values-mcc310-mnc410-hi: Cannot utime: Operation not permitted
build	Cache Android SDK	2026-06-06T12:23:02.7229776Z /usr/bin/tar: ../../../../../usr/local/lib/android/sdk/platforms/android-35-ext15/data/res/values-mcc310-mnc410-hi: Cannot change mode to rwxr-xr-x: Operation not permitted
build	Cache Android SDK	2026-06-06T12:23:02.7232039Z /usr/bin/tar: ../../../../../usr/local/lib/android/sdk/platforms/android-35-ext15/data/res/values-mcc310-mnc210-iw: Cannot utime: Operation not permitted
build	Cache Android SDK	2026-06-06T12:23:02.7233012Z /usr/bin/tar: ../../../../../usr/local/lib/android/sdk/platforms/android-35-ext15/data/res/values-mcc310-mnc210-iw: Cannot change mode to rwxr-xr-x: Operation not permitted
build	Cache Android SDK	2026-06-06T12:23:02.7235181Z /usr/bin/tar: ../../../../../usr/local/lib/android/sdk/platforms/android-35-ext15/data/res/values-mcc001-mnc01-or: Cannot utime: Operation not permitted
build	Cache Android SDK	2026-06-06T12:23:02.7236280Z /usr/bin/tar: ../../../../../usr/local/lib/android/sdk/platforms/android-35-ext15/data/res/values-mcc001-mnc01-or: Cannot change mode to rwxr-xr-x: Operation not permitted
build	Cache Android SDK	2026-06-06T12:23:02.7241374Z /usr/bin/tar: ../../../../../usr/local/lib/android/sdk/platforms/android-35-ext15/data/res/values-mcc310-mnc230-pl: Cannot utime: Operation not permitted
build	Cache Android SDK	2026-06-06T12:23:02.7242702Z /usr/bin/tar: ../../../../../usr/local/lib/android/sdk/platforms/android-35-ext15/data/res/values-mcc310-mnc230-pl: Cannot change mode to rwxr-xr-x: Operation not permitted
build	Cache Android SDK	2026-06-06T12:23:02.7248967Z /usr/bin/tar: ../../../../../usr/local/lib/android/sdk/platforms/android-35-ext15/data/res/values-de-watch: Cannot utime: Operation not permitted
build	Cache Android SDK	2026-06-06T12:23:02.7250228Z /usr/bin/tar: ../../../../../usr/local/lib/android/sdk/platforms/android-35-ext15/data/res/values-de-watch: Cannot change mode to rwxr-xr-x: Operation not permitted
build	Cache Android SDK	2026-06-06T12:23:02.7254049Z /usr/bin/tar: ../../../../../usr/local/lib/android/sdk/platforms/android-35-ext15/data/res/raw: Cannot utime: Operation not permitted
build	Cache Android SDK	2026-06-06T12:23:02.7255590Z /usr/bin/tar: ../../../../../usr/local/lib/android/sdk/platforms/android-35-ext15/data/res/raw: Cannot change mode to rwxr-xr-x: Operation not permitted
build	Cache Android SDK	2026-06-06T12:23:02.7256839Z /usr/bin/tar: ../../../../../usr/local/lib/android/sdk/platforms/android-35-ext15/data/res/values-mcc310-mnc380-ml: Cannot utime: Operation not permitted
build	Cache Android SDK	2026-06-06T12:23:02.7258246Z /usr/bin/tar: ../../../../../usr/local/lib/android/sdk/platforms/android-35-ext15/data/res/values-mcc310-mnc380-ml: Cannot change mode to rwxr-xr-x: Operation not permitted
build	Cache Android SDK	2026-06-06T12:23:02.7272667Z /usr/bin/tar: ../../../../../usr/local/lib/android/sdk/platforms/android-35-ext15/data/res/values-mcc310-mnc660-pt-rPT: Cannot utime: Operation not permitted
build	Cache Android SDK	2026-06-06T12:23:02.7274959Z /usr/bin/tar: ../../../../../usr/local/lib/android/sdk/platforms/android-35-ext15/data/res/values-mcc310-mnc660-pt-rPT: Cannot change mode to rwxr-xr-x: Operation not permitted
build	Cache Android SDK	2026-06-06T12:23:02.7277033Z /usr/bin/tar: ../../../../../usr/local/lib/android/sdk/platforms/android-35-ext15/data/res/values-mcc310-mnc800-zh-rCN: Cannot utime: Operation not permitted
build	Cache Android SDK	2026-06-06T12:23:02.7279318Z /usr/bin/tar: ../../../../../usr/local/lib/android/sdk/platforms/android-35-ext15/data/res/values-mcc310-mnc800-zh-rCN: Cannot change mode to rwxr-xr-x: Operation not permitted
build	Cache Android SDK	2026-06-06T12:23:02.7290860Z /usr/bin/tar: ../../../../../usr/local/lib/android/sdk/platforms/android-35-ext15/data/res/values-ky: Cannot utime: Operation not permitted
build	Cache Android SDK	2026-06-06T12:23:02.7292116Z /usr/bin/tar: ../../../../../usr/local/lib/android/sdk/platforms/android-35-ext15/data/res/values-ky: Cannot change mode to rwxr-xr-x: Operation not permitted
build	Cache Android SDK	2026-06-06T12:23:02.7295157Z /usr/bin/tar: ../../../../../usr/local/lib/android/sdk/platforms/android-35-ext15/data/res/values-mcc311-mnc180-my: Cannot utime: Operation not permitted
build	Cache Android SDK	2026-06-06T12:23:02.7296724Z /usr/bin/tar: ../../../../../usr/local/lib/android/sdk/platforms/android-35-ext15/data/res/values-mcc311-mnc180-my: Cannot change mode to rwxr-xr-x: Operation not permitted
build	Cache Android SDK	2026-06-06T12:23:02.7298975Z /usr/bin/tar: ../../../../../usr/local/lib/android/sdk/platforms/android-35-ext15/data/res/values-mcc310-mnc240-da: Cannot utime: Operation not permitted
build	Cache Android SDK	2026-06-06T12:23:02.7300155Z /usr/bin/tar: ../../../../../usr/local/lib/android/sdk/platforms/android-35-ext15/data/res/values-mcc310-mnc240-da: Cannot change mode to rwxr-xr-x: Operation not permitted
build	Cache Android SDK	2026-06-06T12:23:02.7302607Z /usr/bin/tar: ../../../../../usr/local/lib/android/sdk/platforms/android-35-ext15/data/res/values-mcc310-mnc660-fa: Cannot utime: Operation not permitted
build	Cache Android SDK	2026-06-06T12:23:02.7303674Z /usr/bin/tar: ../../../../../usr/local/lib/android/sdk/platforms/android-35-ext15/data/res/values-mcc310-mnc660-fa: Cannot change mode to rwxr-xr-x: Operation not permitted
build	Cache Android SDK	2026-06-06T12:23:02.7306581Z /usr/bin/tar: ../../../../../usr/local/lib/android/sdk/platforms/android-35-ext15/data/res/values-mcc310-mnc270-sr: Cannot utime: Operation not permitted
build	Cache Android SDK	2026-06-06T12:23:02.7308061Z /usr/bin/tar: ../../../../../usr/local/lib/android/sdk/platforms/android-35-ext15/data/res/values-mcc310-mnc270-sr: Cannot change mode to rwxr-xr-x: Operation not permitted
build	Cache Android SDK	2026-06-06T12:23:02.7310177Z /usr/bin/tar: ../../../../../usr/local/lib/android/sdk/platforms/android-35-ext15/data/res/values-mcc310-mnc220-en-rIN: Cannot utime: Operation not permitted
build	Cache Android SDK	2026-06-06T12:23:02.7311304Z /usr/bin/tar: ../../../../../usr/local/lib/android/sdk/platforms/android-35-ext15/data/res/values-mcc310-mnc220-en-rIN: Cannot change mode to rwxr-xr-x: Operation not permitted
build	Cache Android SDK	2026-06-06T12:23:02.7320608Z /usr/bin/tar: ../../../../../usr/local/lib/android/sdk/platforms/android-35-ext15/data/res/values-bg: Cannot utime: Operation not permitted
build	Cache Android SDK	2026-06-06T12:23:02.7321744Z /usr/bin/tar: ../../../../../usr/local/lib/android/sdk/platforms/android-35-ext15/data/res/values-bg: Cannot change mode to rwxr-xr-x: Operation not permitted
build	Cache Android SDK	2026-06-06T12:23:02.7323615Z /usr/bin/tar: ../../../../../usr/local/lib/android/sdk/platforms/android-35-ext15/data/res/values-mcc310-mnc200-kn: Cannot utime: Operation not permitted
build	Cache Android SDK	2026-06-06T12:23:02.7324727Z /usr/bin/tar: ../../../../../usr/local/lib/android/sdk/platforms/android-35-ext15/data/res/values-mcc310-mnc200-kn: Cannot change mode to rwxr-xr-x: Operation not permitted
build	Cache Android SDK	2026-06-06T12:23:02.7327032Z /usr/bin/tar: ../../../../../usr/local/lib/android/sdk/platforms/android-35-ext15/data/res/values-mcc310-mnc230-nb: Cannot utime: Operation not permitted
build	Cache Android SDK	2026-06-06T12:23:02.7328298Z /usr/bin/tar: ../../../../../usr/local/lib/android/sdk/platforms/android-35-ext15/data/res/values-mcc310-mnc230-nb: Cannot change mode to rwxr-xr-x: Operation not permitted
build	Cache Android SDK	2026-06-06T12:23:02.7330808Z /usr/bin/tar: ../../../../../usr/local/lib/android/sdk/platforms/android-35-ext15/data/res/values-mcc310-mnc280-af: Cannot utime: Operation not permitted
build	Cache Android SDK	2026-06-06T12:23:02.7332509Z /usr/bin/tar: ../../../../../usr/local/lib/android/sdk/platforms/android-35-ext15/data/res/values-mcc310-mnc280-af: Cannot change mode to rwxr-xr-x: Operation not permitted
build	Cache Android SDK	2026-06-06T12:23:02.7334167Z /usr/bin/tar: ../../../../../usr/local/lib/android/sdk/platforms/android-35-ext15/data/res/values-mcc310-mnc800-te: Cannot utime: Operation not permitted
build	Cache Android SDK	2026-06-06T12:23:02.7335706Z /usr/bin/tar: ../../../../../usr/local/lib/android/sdk/platforms/android-35-ext15/data/res/values-mcc310-mnc800-te: Cannot change mode to rwxr-xr-x: Operation not permitted
build	Cache Android SDK	2026-06-06T12:23:02.7337668Z /usr/bin/tar: ../../../../../usr/local/lib/android/sdk/platforms/android-35-ext15/data/res/values-gl-watch: Cannot utime: Operation not permitted
build	Cache Android SDK	2026-06-06T12:23:02.7339133Z /usr/bin/tar: ../../../../../usr/local/lib/android/sdk/platforms/android-35-ext15/data/res/values-gl-watch: Cannot change mode to rwxr-xr-x: Operation not permitted
build	Cache Android SDK	2026-06-06T12:23:02.7341307Z /usr/bin/tar: ../../../../../usr/local/lib/android/sdk/platforms/android-35-ext15/data/res/values-mcc310-mnc240-hu: Cannot utime: Operation not permitted
build	Cache Android SDK	2026-06-06T12:23:02.7342782Z /usr/bin/tar: ../../../../../usr/local/lib/android/sdk/platforms/android-35-ext15/data/res/values-mcc310-mnc240-hu: Cannot change mode to rwxr-xr-x: Operation not permitted
build	Cache Android SDK	2026-06-06T12:23:02.7344822Z /usr/bin/tar: ../../../../../usr/local/lib/android/sdk/platforms/android-35-ext15/data/res/values-mcc310-mnc950-bs: Cannot utime: Operation not permitted
build	Cache Android SDK	2026-06-06T12:23:02.7346345Z /usr/bin/tar: ../../../../../usr/local/lib/android/sdk/platforms/android-35-ext15/data/res/values-mcc310-mnc950-bs: Cannot change mode to rwxr-xr-x: Operation not permitted
build	Cache Android SDK	2026-06-06T12:23:02.7348695Z /usr/bin/tar: ../../../../../usr/local/lib/android/sdk/platforms/android-35-ext15/data/res/values-bn-television: Cannot utime: Operation not permitted
build	Cache Android SDK	2026-06-06T12:23:02.7350292Z /usr/bin/tar: ../../../../../usr/local/lib/android/sdk/platforms/android-35-ext15/data/res/values-bn-television: Cannot change mode to rwxr-xr-x: Operation not permitted
build	Cache Android SDK	2026-06-06T12:23:02.7352035Z /usr/bin/tar: ../../../../../usr/local/lib/android/sdk/platforms/android-35-ext15/data/res/values-mcc310-mnc250-te: Cannot utime: Operation not permitted
build	Cache Android SDK	2026-06-06T12:23:02.7353528Z /usr/bin/tar: ../../../../../usr/local/lib/android/sdk/platforms/android-35-ext15/data/res/values-mcc310-mnc250-te: Cannot change mode to rwxr-xr-x: Operation not permitted
build	Cache Android SDK	2026-06-06T12:23:02.7355747Z /usr/bin/tar: ../../../../../usr/local/lib/android/sdk/platforms/android-35-ext15/data/res/values-mcc302-mnc720-cs: Cannot utime: Operation not permitted
build	Cache Android SDK	2026-06-06T12:23:02.7357293Z /usr/bin/tar: ../../../../../usr/local/lib/android/sdk/platforms/android-35-ext15/data/res/values-mcc302-mnc720-cs: Cannot change mode to rwxr-xr-x: Operation not permitted
build	Cache Android SDK	2026-06-06T12:23:02.7359500Z /usr/bin/tar: ../../../../../usr/local/lib/android/sdk/platforms/android-35-ext15/data/res/values-mcc310-mnc410-or: Cannot utime: Operation not permitted
build	Cache Android SDK	2026-06-06T12:23:02.7361053Z /usr/bin/tar: ../../../../../usr/local/lib/android/sdk/platforms/android-35-ext15/data/res/values-mcc310-mnc410-or: Cannot change mode to rwxr-xr-x: Operation not permitted
build	Cache Android SDK	2026-06-06T12:23:02.7363744Z /usr/bin/tar: ../../../../../usr/local/lib/android/sdk/platforms/android-35-ext15/data/res/values-mcc313-mnc100-af: Cannot utime: Operation not permitted
build	Cache Android SDK	2026-06-06T12:23:02.7365277Z /usr/bin/tar: ../../../../../usr/local/lib/android/sdk/platforms/android-35-ext15/data/res/values-mcc313-mnc100-af: Cannot change mode to rwxr-xr-x: Operation not permitted
build	Cache Android SDK	2026-06-06T12:23:02.7367649Z /usr/bin/tar: ../../../../../usr/local/lib/android/sdk/platforms/android-35-ext15/data/res/values-mcc310-mnc170-zu: Cannot utime: Operation not permitted
build	Cache Android SDK	2026-06-06T12:23:02.7369211Z /usr/bin/tar: ../../../../../usr/local/lib/android/sdk/platforms/android-35-ext15/data/res/values-mcc310-mnc170-zu: Cannot change mode to rwxr-xr-x: Operation not permitted
build	Cache Android SDK	2026-06-06T12:23:02.7371308Z /usr/bin/tar: ../../../../../usr/local/lib/android/sdk/platforms/android-35-ext15/data/res/values-mcc311-mnc180-vi: Cannot utime: Operation not permitted
build	Cache Android SDK	2026-06-06T12:23:02.7372828Z /usr/bin/tar: ../../../../../usr/local/lib/android/sdk/platforms/android-35-ext15/data/res/values-mcc311-mnc180-vi: Cannot change mode to rwxr-xr-x: Operation not permitted
build	Cache Android SDK	2026-06-06T12:23:02.7374936Z /usr/bin/tar: ../../../../../usr/local/lib/android/sdk/platforms/android-35-ext15/data/res/values-ca-television: Cannot utime: Operation not permitted
build	Cache Android SDK	2026-06-06T12:23:02.7376433Z /usr/bin/tar: ../../../../../usr/local/lib/android/sdk/platforms/android-35-ext15/data/res/values-ca-television: Cannot change mode to rwxr-xr-x: Operation not permitted
build	Cache Android SDK	2026-06-06T12:23:02.7379185Z /usr/bin/tar: ../../../../../usr/local/lib/android/sdk/platforms/android-35-ext15/data/res/values-mcc001-mnc01-pa: Cannot utime: Operation not permitted
build	Cache Android SDK	2026-06-06T12:23:02.7380741Z /usr/bin/tar: ../../../../../usr/local/lib/android/sdk/platforms/android-35-ext15/data/res/values-mcc001-mnc01-pa: Cannot change mode to rwxr-xr-x: Operation not permitted
build	Cache Android SDK	2026-06-06T12:23:02.7382748Z /usr/bin/tar: ../../../../../usr/local/lib/android/sdk/platforms/android-35-ext15/data/res/values-mcc302-mnc720-ar: Cannot utime: Operation not permitted
build	Cache Android SDK	2026-06-06T12:23:02.7383740Z /usr/bin/tar: ../../../../../usr/local/lib/android/sdk/platforms/android-35-ext15/data/res/values-mcc302-mnc720-ar: Cannot change mode to rwxr-xr-x: Operation not permitted
build	Cache Android SDK	2026-06-06T12:23:02.7386297Z /usr/bin/tar: ../../../../../usr/local/lib/android/sdk/platforms/android-35-ext15/data/res/values-mcc001-mnc01-ka: Cannot utime: Operation not permitted
build	Cache Android SDK	2026-06-06T12:23:02.7388376Z /usr/bin/tar: ../../../../../usr/local/lib/android/sdk/platforms/android-35-ext15/data/res/values-mcc001-mnc01-ka: Cannot change mode to rwxr-xr-x: Operation not permitted
build	Cache Android SDK	2026-06-06T12:23:02.7390275Z /usr/bin/tar: ../../../../../usr/local/lib/android/sdk/platforms/android-35-ext15/data/res/values-mcc310-mnc230-te: Cannot utime: Operation not permitted
build	Cache Android SDK	2026-06-06T12:23:02.7391796Z /usr/bin/tar: ../../../../../usr/local/lib/android/sdk/platforms/android-35-ext15/data/res/values-mcc310-mnc230-te: Cannot change mode to rwxr-xr-x: Operation not permitted
build	Cache Android SDK	2026-06-06T12:23:02.7393616Z /usr/bin/tar: ../../../../../usr/local/lib/android/sdk/platforms/android-35-ext15/data/res/values-mcc310-mnc030-or: Cannot utime: Operation not permitted
build	Cache Android SDK	2026-06-06T12:23:02.7395104Z /usr/bin/tar: ../../../../../usr/local/lib/android/sdk/platforms/android-35-ext15/data/res/values-mcc310-mnc030-or: Cannot change mode to rwxr-xr-x: Operation not permitted
build	Cache Android SDK	2026-06-06T12:23:02.7398091Z /usr/bin/tar: ../../../../../usr/local/lib/android/sdk/platforms/android-35-ext15/data/res/values-mcc310-mnc310-fr: Cannot utime: Operation not permitted
build	Cache Android SDK	2026-06-06T12:23:02.7399592Z /usr/bin/tar: ../../../../../usr/local/lib/android/sdk/platforms/android-35-ext15/data/res/values-mcc310-mnc310-fr: Cannot change mode to rwxr-xr-x: Operation not permitted
build	Cache Android SDK	2026-06-06T12:23:02.7401843Z /usr/bin/tar: ../../../../../usr/local/lib/android/sdk/platforms/android-35-ext15/data/res/values-mcc310-mnc210-ml: Cannot utime: Operation not permitted
build	Cache Android SDK	2026-06-06T12:23:02.7403340Z /usr/bin/tar: ../../../../../usr/local/lib/android/sdk/platforms/android-35-ext15/data/res/values-mcc310-mnc210-ml: Cannot change mode to rwxr-xr-x: Operation not permitted
build	Cache Android SDK	2026-06-06T12:23:02.7405625Z /usr/bin/tar: ../../../../../usr/local/lib/android/sdk/platforms/android-35-ext15/data/res/values-mcc310-mnc150-bg: Cannot utime: Operation not permitted
build	Cache Android SDK	2026-06-06T12:23:02.7407052Z /usr/bin/tar: ../../../../../usr/local/lib/android/sdk/platforms/android-35-ext15/data/res/values-mcc310-mnc150-bg: Cannot change mode to rwxr-xr-x: Operation not permitted
build	Cache Android SDK	2026-06-06T12:23:02.7410140Z /usr/bin/tar: ../../../../../usr/local/lib/android/sdk/platforms/android-35-ext15/data/res/values-mcc310-mnc230-ta: Cannot utime: Operation not permitted
build	Cache Android SDK	2026-06-06T12:23:02.7411910Z /usr/bin/tar: ../../../../../usr/local/lib/android/sdk/platforms/android-35-ext15/data/res/values-mcc310-mnc230-ta: Cannot change mode to rwxr-xr-x: Operation not permitted
build	Cache Android SDK	2026-06-06T12:23:02.7414521Z /usr/bin/tar: ../../../../../usr/local/lib/android/sdk/platforms/android-35-ext15/data/res/values-mcc310-mnc800-hr: Cannot utime: Operation not permitted
build	Cache Android SDK	2026-06-06T12:23:02.7416045Z /usr/bin/tar: ../../../../../usr/local/lib/android/sdk/platforms/android-35-ext15/data/res/values-mcc310-mnc800-hr: Cannot change mode to rwxr-xr-x: Operation not permitted
build	Cache Android SDK	2026-06-06T12:23:02.7418305Z /usr/bin/tar: ../../../../../usr/local/lib/android/sdk/platforms/android-35-ext15/data/res/values-mcc310-mnc240-sq: Cannot utime: Operation not permitted
build	Cache Android SDK	2026-06-06T12:23:02.7419778Z /usr/bin/tar: ../../../../../usr/local/lib/android/sdk/platforms/android-35-ext15/data/res/values-mcc310-mnc240-sq: Cannot change mode to rwxr-xr-x: Operation not permitted
build	Cache Android SDK	2026-06-06T12:23:02.7423928Z /usr/bin/tar: ../../../../../usr/local/lib/android/sdk/platforms/android-35-ext15/data/res/values-mcc311-mnc180-pt: Cannot utime: Operation not permitted
build	Cache Android SDK	2026-06-06T12:23:02.7425462Z /usr/bin/tar: ../../../../../usr/local/lib/android/sdk/platforms/android-35-ext15/data/res/values-mcc311-mnc180-pt: Cannot change mode to rwxr-xr-x: Operation not permitted
build	Cache Android SDK	2026-06-06T12:23:02.7428186Z /usr/bin/tar: ../../../../../usr/local/lib/android/sdk/platforms/android-35-ext15/data/res/values-mcc310-mnc660-hy: Cannot utime: Operation not permitted
build	Cache Android SDK	2026-06-06T12:23:02.7429781Z /usr/bin/tar: ../../../../../usr/local/lib/android/sdk/platforms/android-35-ext15/data/res/values-mcc310-mnc660-hy: Cannot change mode to rwxr-xr-x: Operation not permitted
build	Cache Android SDK	2026-06-06T12:23:02.7432106Z /usr/bin/tar: ../../../../../usr/local/lib/android/sdk/platforms/android-35-ext15/data/res/values-mcc001-mnc01: Cannot utime: Operation not permitted
build	Cache Android SDK	2026-06-06T12:23:02.7433643Z /usr/bin/tar: ../../../../../usr/local/lib/android/sdk/platforms/android-35-ext15/data/res/values-mcc001-mnc01: Cannot change mode to rwxr-xr-x: Operation not permitted
build	Cache Android SDK	2026-06-06T12:23:02.7436225Z /usr/bin/tar: ../../../../../usr/local/lib/android/sdk/platforms/android-35-ext15/data/res/values-mcc310-mnc220-sl: Cannot utime: Operation not permitted
build	Cache Android SDK	2026-06-06T12:23:02.7437895Z /usr/bin/tar: ../../../../../usr/local/lib/android/sdk/platforms/android-35-ext15/data/res/values-mcc310-mnc220-sl: Cannot change mode to rwxr-xr-x: Operation not permitted
build	Cache Android SDK	2026-06-06T12:23:02.7440848Z /usr/bin/tar: ../../../../../usr/local/lib/android/sdk/platforms/android-35-ext15/data/res/values-mcc310-mnc560-fi: Cannot utime: Operation not permitted
build	Cache Android SDK	2026-06-06T12:23:02.7441995Z /usr/bin/tar: ../../../../../usr/local/lib/android/sdk/platforms/android-35-ext15/data/res/values-mcc310-mnc560-fi: Cannot change mode to rwxr-xr-x: Operation not permitted
build	Cache Android SDK	2026-06-06T12:23:02.7444271Z /usr/bin/tar: ../../../../../usr/local/lib/android/sdk/platforms/android-35-ext15/data/res/values-mcc312-mnc670-en-rCA: Cannot utime: Operation not permitted
build	Cache Android SDK	2026-06-06T12:23:02.7445811Z /usr/bin/tar: ../../../../../usr/local/lib/android/sdk/platforms/android-35-ext15/data/res/values-mcc312-mnc670-en-rCA: Cannot change mode to rwxr-xr-x: Operation not permitted
build	Cache Android SDK	2026-06-06T12:23:02.7447800Z /usr/bin/tar: ../../../../../usr/local/lib/android/sdk/platforms/android-35-ext15/data/res/values-mcc312-mnc670-fa: Cannot utime: Operation not permitted
build	Cache Android SDK	2026-06-06T12:23:02.7449418Z /usr/bin/tar: ../../../../../usr/local/lib/android/sdk/platforms/android-35-ext15/data/res/values-mcc312-mnc670-fa: Cannot change mode to rwxr-xr-x: Operation not permitted
build	Cache Android SDK	2026-06-06T12:23:02.7452885Z /usr/bin/tar: ../../../../../usr/local/lib/android/sdk/platforms/android-35-ext15/data/res/values-mcc310-mnc230-ne: Cannot utime: Operation not permitted
build	Cache Android SDK	2026-06-06T12:23:02.7454755Z /usr/bin/tar: ../../../../../usr/local/lib/android/sdk/platforms/android-35-ext15/data/res/values-mcc310-mnc230-ne: Cannot change mode to rwxr-xr-x: Operation not permitted
build	Cache Android SDK	2026-06-06T12:23:02.7459508Z /usr/bin/tar: ../../../../../usr/local/lib/android/sdk/platforms/android-35-ext15/data/res/values-es-rCR: Cannot utime: Operation not permitted
build	Cache Android SDK	2026-06-06T12:23:02.7461328Z /usr/bin/tar: ../../../../../usr/local/lib/android/sdk/platforms/android-35-ext15/data/res/values-es-rCR: Cannot change mode to rwxr-xr-x: Operation not permitted
build	Cache Android SDK	2026-06-06T12:23:02.7463045Z /usr/bin/tar: ../../../../../usr/local/lib/android/sdk/platforms/android-35-ext15/data/res/values-mcc312-mnc670-en-rGB: Cannot utime: Operation not permitted
build	Cache Android SDK	2026-06-06T12:23:02.7464881Z /usr/bin/tar: ../../../../../usr/local/lib/android/sdk/platforms/android-35-ext15/data/res/values-mcc312-mnc670-en-rGB: Cannot change mode to rwxr-xr-x: Operation not permitted
build	Cache Android SDK	2026-06-06T12:23:02.7466558Z /usr/bin/tar: ../../../../../usr/local/lib/android/sdk/platforms/android-35-ext15/data/res/values-mcc310-mnc950-bg: Cannot utime: Operation not permitted
build	Cache Android SDK	2026-06-06T12:23:02.7468460Z /usr/bin/tar: ../../../../../usr/local/lib/android/sdk/platforms/android-35-ext15/data/res/values-mcc310-mnc950-bg: Cannot change mode to rwxr-xr-x: Operation not permitted
build	Cache Android SDK	2026-06-06T12:23:02.7472773Z /usr/bin/tar: ../../../../../usr/local/lib/android/sdk/platforms/android-35-ext15/data/res/values-mcc310-mnc210-be: Cannot utime: Operation not permitted
build	Cache Android SDK	2026-06-06T12:23:02.7474846Z /usr/bin/tar: ../../../../../usr/local/lib/android/sdk/platforms/android-35-ext15/data/res/values-mcc310-mnc210-be: Cannot change mode to rwxr-xr-x: Operation not permitted
build	Cache Android SDK	2026-06-06T12:23:02.7477070Z /usr/bin/tar: ../../../../../usr/local/lib/android/sdk/platforms/android-35-ext15/data/res/values-mcc302-mnc720-tr: Cannot utime: Operation not permitted
build	Cache Android SDK	2026-06-06T12:23:02.7479255Z /usr/bin/tar: ../../../../../usr/local/lib/android/sdk/platforms/android-35-ext15/data/res/values-mcc302-mnc720-tr: Cannot change mode to rwxr-xr-x: Operation not permitted
build	Cache Android SDK	2026-06-06T12:23:02.7481205Z /usr/bin/tar: ../../../../../usr/local/lib/android/sdk/platforms/android-35-ext15/data/res/values-mcc310-mnc240-ar: Cannot utime: Operation not permitted
build	Cache Android SDK	2026-06-06T12:23:02.7483195Z /usr/bin/tar: ../../../../../usr/local/lib/android/sdk/platforms/android-35-ext15/data/res/values-mcc310-mnc240-ar: Cannot change mode to rwxr-xr-x: Operation not permitted
build	Cache Android SDK	2026-06-06T12:23:02.7485221Z /usr/bin/tar: ../../../../../usr/local/lib/android/sdk/platforms/android-35-ext15/data/res/values-mcc310-mnc220-vi: Cannot utime: Operation not permitted
build	Cache Android SDK	2026-06-06T12:23:02.7487230Z /usr/bin/tar: ../../../../../usr/local/lib/android/sdk/platforms/android-35-ext15/data/res/values-mcc310-mnc220-vi: Cannot change mode to rwxr-xr-x: Operation not permitted
build	Cache Android SDK	2026-06-06T12:23:02.7489533Z /usr/bin/tar: ../../../../../usr/local/lib/android/sdk/platforms/android-35-ext15/data/res/values-mcc310-mnc310-ja: Cannot utime: Operation not permitted
build	Cache Android SDK	2026-06-06T12:23:02.7491467Z /usr/bin/tar: ../../../../../usr/local/lib/android/sdk/platforms/android-35-ext15/data/res/values-mcc310-mnc310-ja: Cannot change mode to rwxr-xr-x: Operation not permitted
build	Cache Android SDK	2026-06-06T12:23:02.7493418Z /usr/bin/tar: ../../../../../usr/local/lib/android/sdk/platforms/android-35-ext15/data/res/values-mcc310-mnc150-fr: Cannot utime: Operation not permitted
build	Cache Android SDK	2026-06-06T12:23:02.7495426Z /usr/bin/tar: ../../../../../usr/local/lib/android/sdk/platforms/android-35-ext15/data/res/values-mcc310-mnc150-fr: Cannot change mode to rwxr-xr-x: Operation not permitted
build	Cache Android SDK	2026-06-06T12:23:02.7496578Z /usr/bin/tar: ../../../../../usr/local/lib/android/sdk/platforms/android-35-ext15/data/res/values-mcc310-mnc280-iw: Cannot utime: Operation not permitted
build	Cache Android SDK	2026-06-06T12:23:02.7497775Z /usr/bin/tar: ../../../../../usr/local/lib/android/sdk/platforms/android-35-ext15/data/res/values-mcc310-mnc280-iw: Cannot change mode to rwxr-xr-x: Operation not permitted
build	Cache Android SDK	2026-06-06T12:23:02.7498835Z /usr/bin/tar: ../../../../../usr/local/lib/android/sdk/platforms/android-35-ext15/data/res/values-mcc310-mnc950-ar: Cannot utime: Operation not permitted
build	Cache Android SDK	2026-06-06T12:23:02.7499885Z /usr/bin/tar: ../../../../../usr/local/lib/android/sdk/platforms/android-35-ext15/data/res/values-mcc310-mnc950-ar: Cannot change mode to rwxr-xr-x: Operation not permitted
build	Cache Android SDK	2026-06-06T12:23:02.7501291Z /usr/bin/tar: ../../../../../usr/local/lib/android/sdk/platforms/android-35-ext15/data/res/values-mcc310-mnc160-gl: Cannot utime: Operation not permitted
build	Cache Android SDK	2026-06-06T12:23:02.7502339Z /usr/bin/tar: ../../../../../usr/local/lib/android/sdk/platforms/android-35-ext15/data/res/values-mcc310-mnc160-gl: Cannot change mode to rwxr-xr-x: Operation not permitted
build	Cache Android SDK	2026-06-06T12:23:02.7503388Z /usr/bin/tar: ../../../../../usr/local/lib/android/sdk/platforms/android-35-ext15/data/res/values-mcc310-mnc250-tr: Cannot utime: Operation not permitted
build	Cache Android SDK	2026-06-06T12:23:02.7504422Z /usr/bin/tar: ../../../../../usr/local/lib/android/sdk/platforms/android-35-ext15/data/res/values-mcc310-mnc250-tr: Cannot change mode to rwxr-xr-x: Operation not permitted
build	Cache Android SDK	2026-06-06T12:23:02.7505500Z /usr/bin/tar: ../../../../../usr/local/lib/android/sdk/platforms/android-35-ext15/data/res/values-mcc313-mnc100-es-rUS: Cannot utime: Operation not permitted
build	Cache Android SDK	2026-06-06T12:23:02.7506577Z /usr/bin/tar: ../../../../../usr/local/lib/android/sdk/platforms/android-35-ext15/data/res/values-mcc313-mnc100-es-rUS: Cannot change mode to rwxr-xr-x: Operation not permitted
build	Cache Android SDK	2026-06-06T12:23:02.7507855Z /usr/bin/tar: ../../../../../usr/local/lib/android/sdk/platforms/android-35-ext15/data/res/values-mcc310-mnc250-hy: Cannot utime: Operation not permitted
build	Cache Android SDK	2026-06-06T12:23:02.7509723Z /usr/bin/tar: ../../../../../usr/local/lib/android/sdk/platforms/android-35-ext15/data/res/values-mcc310-mnc250-hy: Cannot change mode to rwxr-xr-x: Operation not permitted
build	Cache Android SDK	2026-06-06T12:23:02.7510812Z /usr/bin/tar: ../../../../../usr/local/lib/android/sdk/platforms/android-35-ext15/data/res/values-mcc310-mnc950-in: Cannot utime: Operation not permitted
build	Cache Android SDK	2026-06-06T12:23:02.7511782Z /usr/bin/tar: ../../../../../usr/local/lib/android/sdk/platforms/android-35-ext15/data/res/values-mcc310-mnc950-in: Cannot change mode to rwxr-xr-x: Operation not permitted
build	Cache Android SDK	2026-06-06T12:23:02.7513141Z /usr/bin/tar: ../../../../../usr/local/lib/android/sdk/platforms/android-35-ext15/data/res/values-mcc310-mnc270-sk: Cannot utime: Operation not permitted
build	Cache Android SDK	2026-06-06T12:23:02.7514103Z /usr/bin/tar: ../../../../../usr/local/lib/android/sdk/platforms/android-35-ext15/data/res/values-mcc310-mnc270-sk: Cannot change mode to rwxr-xr-x: Operation not permitted
build	Cache Android SDK	2026-06-06T12:23:02.7516297Z /usr/bin/tar: ../../../../../usr/local/lib/android/sdk/platforms/android-35-ext15/data/res/values-mcc310-mnc230-iw: Cannot utime: Operation not permitted
build	Cache Android SDK	2026-06-06T12:23:02.7517485Z /usr/bin/tar: ../../../../../usr/local/lib/android/sdk/platforms/android-35-ext15/data/res/values-mcc310-mnc230-iw: Cannot change mode to rwxr-xr-x: Operation not permitted
build	Cache Android SDK	2026-06-06T12:23:02.7519464Z /usr/bin/tar: ../../../../../usr/local/lib/android/sdk/platforms/android-35-ext15/data/res/values-mcc310-mnc230-en-rAU: Cannot utime: Operation not permitted
build	Cache Android SDK	2026-06-06T12:23:02.7520472Z /usr/bin/tar: ../../../../../usr/local/lib/android/sdk/platforms/android-35-ext15/data/res/values-mcc310-mnc230-en-rAU: Cannot change mode to rwxr-xr-x: Operation not permitted
build	Cache Android SDK	2026-06-06T12:23:02.7522534Z /usr/bin/tar: ../../../../../usr/local/lib/android/sdk/platforms/android-35-ext15/data/res/values-ru-rRU: Cannot utime: Operation not permitted
build	Cache Android SDK	2026-06-06T12:23:02.7523455Z /usr/bin/tar: ../../../../../usr/local/lib/android/sdk/platforms/android-35-ext15/data/res/values-ru-rRU: Cannot change mode to rwxr-xr-x: Operation not permitted
build	Cache Android SDK	2026-06-06T12:23:02.7529834Z /usr/bin/tar: ../../../../../usr/local/lib/android/sdk/platforms/android-35-ext15/data/res/values-uk: Cannot utime: Operation not permitted
build	Cache Android SDK	2026-06-06T12:23:02.7530897Z /usr/bin/tar: ../../../../../usr/local/lib/android/sdk/platforms/android-35-ext15/data/res/values-uk: Cannot change mode to rwxr-xr-x: Operation not permitted
build	Cache Android SDK	2026-06-06T12:23:02.7533620Z /usr/bin/tar: ../../../../../usr/local/lib/android/sdk/platforms/android-35-ext15/data/res/values-mcc310-mnc310-sv: Cannot utime: Operation not permitted
build	Cache Android SDK	2026-06-06T12:23:02.7535396Z /usr/bin/tar: ../../../../../usr/local/lib/android/sdk/platforms/android-35-ext15/data/res/values-mcc310-mnc310-sv: Cannot change mode to rwxr-xr-x: Operation not permitted
build	Cache Android SDK	2026-06-06T12:23:02.7536856Z /usr/bin/tar: ../../../../../usr/local/lib/android/sdk/platforms/android-35-ext15/data/res/values-mcc310-mnc230-it: Cannot utime: Operation not permitted
build	Cache Android SDK	2026-06-06T12:23:02.7537994Z /usr/bin/tar: ../../../../../usr/local/lib/android/sdk/platforms/android-35-ext15/data/res/values-mcc310-mnc230-it: Cannot change mode to rwxr-xr-x: Operation not permitted
build	Cache Android SDK	2026-06-06T12:23:02.7540397Z /usr/bin/tar: ../../../../../usr/local/lib/android/sdk/platforms/android-35-ext15/data/res/values-eu-television: Cannot utime: Operation not permitted
build	Cache Android SDK	2026-06-06T12:23:02.7541362Z /usr/bin/tar: ../../../../../usr/local/lib/android/sdk/platforms/android-35-ext15/data/res/values-eu-television: Cannot change mode to rwxr-xr-x: Operation not permitted
build	Cache Android SDK	2026-06-06T12:23:02.7543465Z /usr/bin/tar: ../../../../../usr/local/lib/android/sdk/platforms/android-35-ext15/data/res/values-zh-rHK-television: Cannot utime: Operation not permitted
build	Cache Android SDK	2026-06-06T12:23:02.7544473Z /usr/bin/tar: ../../../../../usr/local/lib/android/sdk/platforms/android-35-ext15/data/res/values-zh-rHK-television: Cannot change mode to rwxr-xr-x: Operation not permitted
build	Cache Android SDK	2026-06-06T12:23:02.7546730Z /usr/bin/tar: ../../../../../usr/local/lib/android/sdk/platforms/android-35-ext15/data/res/values-mcc310-mnc490-cs: Cannot utime: Operation not permitted
build	Cache Android SDK	2026-06-06T12:23:02.7547967Z /usr/bin/tar: ../../../../../usr/local/lib/android/sdk/platforms/android-35-ext15/data/res/values-mcc310-mnc490-cs: Cannot change mode to rwxr-xr-x: Operation not permitted
build	Cache Android SDK	2026-06-06T12:23:02.7549775Z /usr/bin/tar: ../../../../../usr/local/lib/android/sdk/platforms/android-35-ext15/data/res/values-mcc310-mnc800-zh-rTW: Cannot utime: Operation not permitted
build	Cache Android SDK	2026-06-06T12:23:02.7550778Z /usr/bin/tar: ../../../../../usr/local/lib/android/sdk/platforms/android-35-ext15/data/res/values-mcc310-mnc800-zh-rTW: Cannot change mode to rwxr-xr-x: Operation not permitted
build	Cache Android SDK	2026-06-06T12:23:02.7552992Z /usr/bin/tar: ../../../../../usr/local/lib/android/sdk/platforms/android-35-ext15/data/res/values-es-rPA: Cannot utime: Operation not permitted
build	Cache Android SDK	2026-06-06T12:23:02.7553911Z /usr/bin/tar: ../../../../../usr/local/lib/android/sdk/platforms/android-35-ext15/data/res/values-es-rPA: Cannot change mode to rwxr-xr-x: Operation not permitted
build	Cache Android SDK	2026-06-06T12:23:02.7555977Z /usr/bin/tar: ../../../../../usr/local/lib/android/sdk/platforms/android-35-ext15/data/res/values-mcc001-mnc01-mk: Cannot utime: Operation not permitted
build	Cache Android SDK	2026-06-06T12:23:02.7557038Z /usr/bin/tar: ../../../../../usr/local/lib/android/sdk/platforms/android-35-ext15/data/res/values-mcc001-mnc01-mk: Cannot change mode to rwxr-xr-x: Operation not permitted
build	Cache Android SDK	2026-06-06T12:23:02.7559158Z /usr/bin/tar: ../../../../../usr/local/lib/android/sdk/platforms/android-35-ext15/data/res/values-mk-watch: Cannot utime: Operation not permitted
build	Cache Android SDK	2026-06-06T12:23:02.7560115Z /usr/bin/tar: ../../../../../usr/local/lib/android/sdk/platforms/android-35-ext15/data/res/values-mk-watch: Cannot change mode to rwxr-xr-x: Operation not permitted
build	Cache Android SDK	2026-06-06T12:23:02.7562484Z /usr/bin/tar: ../../../../../usr/local/lib/android/sdk/platforms/android-35-ext15/data/res/values-mcc310-mnc150-am: Cannot utime: Operation not permitted
build	Cache Android SDK	2026-06-06T12:23:02.7563478Z /usr/bin/tar: ../../../../../usr/local/lib/android/sdk/platforms/android-35-ext15/data/res/values-mcc310-mnc150-am: Cannot change mode to rwxr-xr-x: Operation not permitted
build	Cache Android SDK	2026-06-06T12:23:02.7566292Z /usr/bin/tar: ../../../../../usr/local/lib/android/sdk/platforms/android-35-ext15/data/res/values-mcc310-mnc250-hr: Cannot utime: Operation not permitted
build	Cache Android SDK	2026-06-06T12:23:02.7567254Z /usr/bin/tar: ../../../../../usr/local/lib/android/sdk/platforms/android-35-ext15/data/res/values-mcc310-mnc250-hr: Cannot change mode to rwxr-xr-x: Operation not permitted
build	Cache Android SDK	2026-06-06T12:23:02.7569490Z /usr/bin/tar: ../../../../../usr/local/lib/android/sdk/platforms/android-35-ext15/data/res/values-mcc334-mnc020-fr: Cannot utime: Operation not permitted
build	Cache Android SDK	2026-06-06T12:23:02.7570533Z /usr/bin/tar: ../../../../../usr/local/lib/android/sdk/platforms/android-35-ext15/data/res/values-mcc334-mnc020-fr: Cannot change mode to rwxr-xr-x: Operation not permitted
build	Cache Android SDK	2026-06-06T12:23:02.7573187Z /usr/bin/tar: ../../../../../usr/local/lib/android/sdk/platforms/android-35-ext15/data/res/values-mcc310-mnc220-uk: Cannot utime: Operation not permitted
build	Cache Android SDK	2026-06-06T12:23:02.7574159Z /usr/bin/tar: ../../../../../usr/local/lib/android/sdk/platforms/android-35-ext15/data/res/values-mcc310-mnc220-uk: Cannot change mode to rwxr-xr-x: Operation not permitted
build	Cache Android SDK	2026-06-06T12:23:02.7576338Z /usr/bin/tar: ../../../../../usr/local/lib/android/sdk/platforms/android-35-ext15/data/res/values-mcc313-mnc100-te: Cannot utime: Operation not permitted
build	Cache Android SDK	2026-06-06T12:23:02.7577308Z /usr/bin/tar: ../../../../../usr/local/lib/android/sdk/platforms/android-35-ext15/data/res/values-mcc313-mnc100-te: Cannot change mode to rwxr-xr-x: Operation not permitted
build	Cache Android SDK	2026-06-06T12:23:02.7579372Z /usr/bin/tar: ../../../../../usr/local/lib/android/sdk/platforms/android-35-ext15/data/res/values-si-watch: Cannot utime: Operation not permitted
build	Cache Android SDK	2026-06-06T12:23:02.7580304Z /usr/bin/tar: ../../../../../usr/local/lib/android/sdk/platforms/android-35-ext15/data/res/values-si-watch: Cannot change mode to rwxr-xr-x: Operation not permitted
build	Cache Android SDK	2026-06-06T12:23:02.7583076Z /usr/bin/tar: ../../../../../usr/local/lib/android/sdk/platforms/android-35-ext15/data/res/values-mcc310-mnc270-lo: Cannot utime: Operation not permitted
build	Cache Android SDK	2026-06-06T12:23:02.7584044Z /usr/bin/tar: ../../../../../usr/local/lib/android/sdk/platforms/android-35-ext15/data/res/values-mcc310-mnc270-lo: Cannot change mode to rwxr-xr-x: Operation not permitted
build	Cache Android SDK	2026-06-06T12:23:02.7586085Z /usr/bin/tar: ../../../../../usr/local/lib/android/sdk/platforms/android-35-ext15/data/res/values-mcc310-mnc170-km: Cannot utime: Operation not permitted
build	Cache Android SDK	2026-06-06T12:23:02.7587047Z /usr/bin/tar: ../../../../../usr/local/lib/android/sdk/platforms/android-35-ext15/data/res/values-mcc310-mnc170-km: Cannot change mode to rwxr-xr-x: Operation not permitted
build	Cache Android SDK	2026-06-06T12:23:02.7589386Z /usr/bin/tar: ../../../../../usr/local/lib/android/sdk/platforms/android-35-ext15/data/res/values-mcc310-mnc660-af: Cannot utime: Operation not permitted
build	Cache Android SDK	2026-06-06T12:23:02.7590361Z /usr/bin/tar: ../../../../../usr/local/lib/android/sdk/platforms/android-35-ext15/data/res/values-mcc310-mnc660-af: Cannot change mode to rwxr-xr-x: Operation not permitted
build	Cache Android SDK	2026-06-06T12:23:02.7592346Z /usr/bin/tar: ../../../../../usr/local/lib/android/sdk/platforms/android-35-ext15/data/res/values-mcc001-mnc01-it: Cannot utime: Operation not permitted
build	Cache Android SDK	2026-06-06T12:23:02.7593316Z /usr/bin/tar: ../../../../../usr/local/lib/android/sdk/platforms/android-35-ext15/data/res/values-mcc001-mnc01-it: Cannot change mode to rwxr-xr-x: Operation not permitted
build	Cache Android SDK	2026-06-06T12:23:02.7595743Z /usr/bin/tar: ../../../../../usr/local/lib/android/sdk/platforms/android-35-ext15/data/res/values-mcc310-mnc280-th: Cannot utime: Operation not permitted
build	Cache Android SDK	2026-06-06T12:23:02.7596807Z /usr/bin/tar: ../../../../../usr/local/lib/android/sdk/platforms/android-35-ext15/data/res/values-mcc310-mnc280-th: Cannot change mode to rwxr-xr-x: Operation not permitted
build	Cache Android SDK	2026-06-06T12:23:02.7599668Z /usr/bin/tar: ../../../../../usr/local/lib/android/sdk/platforms/android-35-ext15/data/res/values-mcc310-mnc380-mk: Cannot utime: Operation not permitted
build	Cache Android SDK	2026-06-06T12:23:02.7601004Z /usr/bin/tar: ../../../../../usr/local/lib/android/sdk/platforms/android-35-ext15/data/res/values-mcc310-mnc380-mk: Cannot change mode to rwxr-xr-x: Operation not permitted
build	Cache Android SDK	2026-06-06T12:23:02.7602432Z /usr/bin/tar: ../../../../../usr/local/lib/android/sdk/platforms/android-35-ext15/data/res/values-mcc310-mnc250-is: Cannot utime: Operation not permitted
build	Cache Android SDK	2026-06-06T12:23:02.7603383Z /usr/bin/tar: ../../../../../usr/local/lib/android/sdk/platforms/android-35-ext15/data/res/values-mcc310-mnc250-is: Cannot change mode to rwxr-xr-x: Operation not permitted
build	Cache Android SDK	2026-06-06T12:23:02.7606006Z /usr/bin/tar: ../../../../../usr/local/lib/android/sdk/platforms/android-35-ext15/data/res/values-th-rTH: Cannot utime: Operation not permitted
build	Cache Android SDK	2026-06-06T12:23:02.7606925Z /usr/bin/tar: ../../../../../usr/local/lib/android/sdk/platforms/android-35-ext15/data/res/values-th-rTH: Cannot change mode to rwxr-xr-x: Operation not permitted
build	Cache Android SDK	2026-06-06T12:23:02.7609505Z /usr/bin/tar: ../../../../../usr/local/lib/android/sdk/platforms/android-35-ext15/data/res/values-mcc310-mnc560-ml: Cannot utime: Operation not permitted
build	Cache Android SDK	2026-06-06T12:23:02.7610482Z /usr/bin/tar: ../../../../../usr/local/lib/android/sdk/platforms/android-35-ext15/data/res/values-mcc310-mnc560-ml: Cannot change mode to rwxr-xr-x: Operation not permitted
build	Cache Android SDK	2026-06-06T12:23:02.7612734Z /usr/bin/tar: ../../../../../usr/local/lib/android/sdk/platforms/android-35-ext15/data/res/values-mcc310-mnc210-th: Cannot utime: Operation not permitted
build	Cache Android SDK	2026-06-06T12:23:02.7613697Z /usr/bin/tar: ../../../../../usr/local/lib/android/sdk/platforms/android-35-ext15/data/res/values-mcc310-mnc210-th: Cannot change mode to rwxr-xr-x: Operation not permitted
build	Cache Android SDK	2026-06-06T12:23:02.7616324Z /usr/bin/tar: ../../../../../usr/local/lib/android/sdk/platforms/android-35-ext15/data/res/values-mcc310-mnc380-sr: Cannot utime: Operation not permitted
build	Cache Android SDK	2026-06-06T12:23:02.7617279Z /usr/bin/tar: ../../../../../usr/local/lib/android/sdk/platforms/android-35-ext15/data/res/values-mcc310-mnc380-sr: Cannot change mode to rwxr-xr-x: Operation not permitted
build	Cache Android SDK	2026-06-06T12:23:02.7619637Z /usr/bin/tar: ../../../../../usr/local/lib/android/sdk/platforms/android-35-ext15/data/res/values-mcc310-mnc410-et: Cannot utime: Operation not permitted
build	Cache Android SDK	2026-06-06T12:23:02.7620612Z /usr/bin/tar: ../../../../../usr/local/lib/android/sdk/platforms/android-35-ext15/data/res/values-mcc310-mnc410-et: Cannot change mode to rwxr-xr-x: Operation not permitted
build	Cache Android SDK	2026-06-06T12:23:02.7622983Z /usr/bin/tar: ../../../../../usr/local/lib/android/sdk/platforms/android-35-ext15/data/res/values-mcc310-mnc380-uz: Cannot utime: Operation not permitted
build	Cache Android SDK	2026-06-06T12:23:02.7623962Z /usr/bin/tar: ../../../../../usr/local/lib/android/sdk/platforms/android-35-ext15/data/res/values-mcc310-mnc380-uz: Cannot change mode to rwxr-xr-x: Operation not permitted
build	Cache Android SDK	2026-06-06T12:23:02.7626847Z /usr/bin/tar: ../../../../../usr/local/lib/android/sdk/platforms/android-35-ext15/data/res/values-mcc311-mnc180-gu: Cannot utime: Operation not permitted
build	Cache Android SDK	2026-06-06T12:23:02.7630367Z /usr/bin/tar: ../../../../../usr/local/lib/android/sdk/platforms/android-35-ext15/data/res/values-mcc311-mnc180-gu: Cannot change mode to rwxr-xr-x: Operation not permitted
build	Cache Android SDK	2026-06-06T12:23:02.7631445Z /usr/bin/tar: ../../../../../usr/local/lib/android/sdk/platforms/android-35-ext15/data/res/values-mcc311-mnc180-is: Cannot utime: Operation not permitted
build	Cache Android SDK	2026-06-06T12:23:02.7632479Z /usr/bin/tar: ../../../../../usr/local/lib/android/sdk/platforms/android-35-ext15/data/res/values-mcc311-mnc180-is: Cannot change mode to rwxr-xr-x: Operation not permitted
build	Cache Android SDK	2026-06-06T12:23:02.7633612Z /usr/bin/tar: ../../../../../usr/local/lib/android/sdk/platforms/android-35-ext15/data/res/values-mcc312-mnc670-ml: Cannot utime: Operation not permitted
build	Cache Android SDK	2026-06-06T12:23:02.7634628Z /usr/bin/tar: ../../../../../usr/local/lib/android/sdk/platforms/android-35-ext15/data/res/values-mcc312-mnc670-ml: Cannot change mode to rwxr-xr-x: Operation not permitted
build	Cache Android SDK	2026-06-06T12:23:02.7636750Z /usr/bin/tar: ../../../../../usr/local/lib/android/sdk/platforms/android-35-ext15/data/res/values-mcc310-mnc170-sr: Cannot utime: Operation not permitted
build	Cache Android SDK	2026-06-06T12:23:02.7637872Z /usr/bin/tar: ../../../../../usr/local/lib/android/sdk/platforms/android-35-ext15/data/res/values-mcc310-mnc170-sr: Cannot change mode to rwxr-xr-x: Operation not permitted
build	Cache Android SDK	2026-06-06T12:23:02.7640012Z /usr/bin/tar: ../../../../../usr/local/lib/android/sdk/platforms/android-35-ext15/data/res/values-mcc311: Cannot utime: Operation not permitted
build	Cache Android SDK	2026-06-06T12:23:02.7640923Z /usr/bin/tar: ../../../../../usr/local/lib/android/sdk/platforms/android-35-ext15/data/res/values-mcc311: Cannot change mode to rwxr-xr-x: Operation not permitted
build	Cache Android SDK	2026-06-06T12:23:02.7643238Z /usr/bin/tar: ../../../../../usr/local/lib/android/sdk/platforms/android-35-ext15/data/res/values-es-watch: Cannot utime: Operation not permitted
build	Cache Android SDK	2026-06-06T12:23:02.7644159Z /usr/bin/tar: ../../../../../usr/local/lib/android/sdk/platforms/android-35-ext15/data/res/values-es-watch: Cannot change mode to rwxr-xr-x: Operation not permitted
build	Cache Android SDK	2026-06-06T12:23:02.7770964Z /usr/bin/tar: ../../../../../usr/local/lib/android/sdk/platforms/android-35-ext15/data/res/layout: Cannot utime: Operation not permitted
build	Cache Android SDK	2026-06-06T12:23:02.7771961Z /usr/bin/tar: ../../../../../usr/local/lib/android/sdk/platforms/android-35-ext15/data/res/layout: Cannot change mode to rwxr-xr-x: Operation not permitted
build	Cache Android SDK	2026-06-06T12:23:02.7774147Z /usr/bin/tar: ../../../../../usr/local/lib/android/sdk/platforms/android-35-ext15/data/res/values-mcc311-mnc180-zh-rCN: Cannot utime: Operation not permitted
build	Cache Android SDK	2026-06-06T12:23:02.7775195Z /usr/bin/tar: ../../../../../usr/local/lib/android/sdk/platforms/android-35-ext15/data/res/values-mcc311-mnc180-zh-rCN: Cannot change mode to rwxr-xr-x: Operation not permitted
build	Cache Android SDK	2026-06-06T12:23:02.7778450Z /usr/bin/tar: ../../../../../usr/local/lib/android/sdk/platforms/android-35-ext15/data/res/values-mcc310-mnc150-hi: Cannot utime: Operation not permitted
build	Cache Android SDK	2026-06-06T12:23:02.7779460Z /usr/bin/tar: ../../../../../usr/local/lib/android/sdk/platforms/android-35-ext15/data/res/values-mcc310-mnc150-hi: Cannot change mode to rwxr-xr-x: Operation not permitted
build	Cache Android SDK	2026-06-06T12:23:02.7781685Z /usr/bin/tar: ../../../../../usr/local/lib/android/sdk/platforms/android-35-ext15/data/res/values-mcc310-mnc490-it: Cannot utime: Operation not permitted
build	Cache Android SDK	2026-06-06T12:23:02.7782645Z /usr/bin/tar: ../../../../../usr/local/lib/android/sdk/platforms/android-35-ext15/data/res/values-mcc310-mnc490-it: Cannot change mode to rwxr-xr-x: Operation not permitted
build	Cache Android SDK	2026-06-06T12:23:02.7785699Z /usr/bin/tar: ../../../../../usr/local/lib/android/sdk/platforms/android-35-ext15/data/res/values-mcc334-mnc020-ru: Cannot utime: Operation not permitted
build	Cache Android SDK	2026-06-06T12:23:02.7786671Z /usr/bin/tar: ../../../../../usr/local/lib/android/sdk/platforms/android-35-ext15/data/res/values-mcc334-mnc020-ru: Cannot change mode to rwxr-xr-x: Operation not permitted
build	Cache Android SDK	2026-06-06T12:23:02.7788963Z /usr/bin/tar: ../../../../../usr/local/lib/android/sdk/platforms/android-35-ext15/data/res/values-mcc310-mnc280-ta: Cannot utime: Operation not permitted
build	Cache Android SDK	2026-06-06T12:23:02.7790023Z /usr/bin/tar: ../../../../../usr/local/lib/android/sdk/platforms/android-35-ext15/data/res/values-mcc310-mnc280-ta: Cannot change mode to rwxr-xr-x: Operation not permitted
build	Cache Android SDK	2026-06-06T12:23:02.7792396Z /usr/bin/tar: ../../../../../usr/local/lib/android/sdk/platforms/android-35-ext15/data/res/values-ne-watch: Cannot utime: Operation not permitted
build	Cache Android SDK	2026-06-06T12:23:02.7793316Z /usr/bin/tar: ../../../../../usr/local/lib/android/sdk/platforms/android-35-ext15/data/res/values-ne-watch: Cannot change mode to rwxr-xr-x: Operation not permitted
build	Cache Android SDK	2026-06-06T12:23:02.7795726Z /usr/bin/tar: ../../../../../usr/local/lib/android/sdk/platforms/android-35-ext15/data/res/values-mcc310-mnc200-ml: Cannot utime: Operation not permitted
build	Cache Android SDK	2026-06-06T12:23:02.7796698Z /usr/bin/tar: ../../../../../usr/local/lib/android/sdk/platforms/android-35-ext15/data/res/values-mcc310-mnc200-ml: Cannot change mode to rwxr-xr-x: Operation not permitted
build	Cache Android SDK	2026-06-06T12:23:02.7799192Z /usr/bin/tar: ../../../../../usr/local/lib/android/sdk/platforms/android-35-ext15/data/res/values-mcc310-mnc280-nb: Cannot utime: Operation not permitted
build	Cache Android SDK	2026-06-06T12:23:02.7800169Z /usr/bin/tar: ../../../../../usr/local/lib/android/sdk/platforms/android-35-ext15/data/res/values-mcc310-mnc280-nb: Cannot change mode to rwxr-xr-x: Operation not permitted
build	Cache Android SDK	2026-06-06T12:23:02.7802503Z /usr/bin/tar: ../../../../../usr/local/lib/android/sdk/platforms/android-35-ext15/data/res/values-mcc302-mnc370-pt-rPT: Cannot utime: Operation not permitted
build	Cache Android SDK	2026-06-06T12:23:02.7803624Z /usr/bin/tar: ../../../../../usr/local/lib/android/sdk/platforms/android-35-ext15/data/res/values-mcc302-mnc370-pt-rPT: Cannot change mode to rwxr-xr-x: Operation not permitted
build	Cache Android SDK	2026-06-06T12:23:02.7833751Z /usr/bin/tar: ../../../../../usr/local/lib/android/sdk/platforms/android-35-ext15/data/res/drawable-sw600dp-nodpi: Cannot utime: Operation not permitted
build	Cache Android SDK	2026-06-06T12:23:02.7834892Z /usr/bin/tar: ../../../../../usr/local/lib/android/sdk/platforms/android-35-ext15/data/res/drawable-sw600dp-nodpi: Cannot change mode to rwxr-xr-x: Operation not permitted
build	Cache Android SDK	2026-06-06T12:23:02.7836499Z /usr/bin/tar: ../../../../../usr/local/lib/android/sdk/platforms/android-35-ext15/data/res/values-mcc310-mnc490-mr: Cannot utime: Operation not permitted
build	Cache Android SDK	2026-06-06T12:23:02.7837635Z /usr/bin/tar: ../../../../../usr/local/lib/android/sdk/platforms/android-35-ext15/data/res/values-mcc310-mnc490-mr: Cannot change mode to rwxr-xr-x: Operation not permitted
build	Cache Android SDK	2026-06-06T12:23:02.7840093Z /usr/bin/tar: ../../../../../usr/local/lib/android/sdk/platforms/android-35-ext15/data/res/values-mcc310-mnc200-ms: Cannot utime: Operation not permitted
build	Cache Android SDK	2026-06-06T12:23:02.7841083Z /usr/bin/tar: ../../../../../usr/local/lib/android/sdk/platforms/android-35-ext15/data/res/values-mcc310-mnc200-ms: Cannot change mode to rwxr-xr-x: Operation not permitted
build	Cache Android SDK	2026-06-06T12:23:02.7843112Z /usr/bin/tar: ../../../../../usr/local/lib/android/sdk/platforms/android-35-ext15/data/res/values-mcc313-mnc100-fa: Cannot utime: Operation not permitted
build	Cache Android SDK	2026-06-06T12:23:02.7844253Z /usr/bin/tar: ../../../../../usr/local/lib/android/sdk/platforms/android-35-ext15/data/res/values-mcc313-mnc100-fa: Cannot change mode to rwxr-xr-x: Operation not permitted
build	Cache Android SDK	2026-06-06T12:23:02.7846343Z /usr/bin/tar: ../../../../../usr/local/lib/android/sdk/platforms/android-35-ext15/data/res/values-mcc310-mnc490-bs: Cannot utime: Operation not permitted
build	Cache Android SDK	2026-06-06T12:23:02.7847494Z /usr/bin/tar: ../../../../../usr/local/lib/android/sdk/platforms/android-35-ext15/data/res/values-mcc310-mnc490-bs: Cannot change mode to rwxr-xr-x: Operation not permitted
build	Cache Android SDK	2026-06-06T12:23:02.7849142Z /usr/bin/tar: ../../../../../usr/local/lib/android/sdk/platforms/android-35-ext15/data/res/values-sw900dp: Cannot utime: Operation not permitted
build	Cache Android SDK	2026-06-06T12:23:02.7850064Z /usr/bin/tar: ../../../../../usr/local/lib/android/sdk/platforms/android-35-ext15/data/res/values-sw900dp: Cannot change mode to rwxr-xr-x: Operation not permitted
build	Cache Android SDK	2026-06-06T12:23:02.7852608Z /usr/bin/tar: ../../../../../usr/local/lib/android/sdk/platforms/android-35-ext15/data/res/values-mcc302-mnc720-mn: Cannot utime: Operation not permitted
build	Cache Android SDK	2026-06-06T12:23:02.7853681Z /usr/bin/tar: ../../../../../usr/local/lib/android/sdk/platforms/android-35-ext15/data/res/values-mcc302-mnc720-mn: Cannot change mode to rwxr-xr-x: Operation not permitted
build	Cache Android SDK	2026-06-06T12:23:02.7855701Z /usr/bin/tar: ../../../../../usr/local/lib/android/sdk/platforms/android-35-ext15/data/res/values-mcc302-mnc720-or: Cannot utime: Operation not permitted
build	Cache Android SDK	2026-06-06T12:23:02.7856743Z /usr/bin/tar: ../../../../../usr/local/lib/android/sdk/platforms/android-35-ext15/data/res/values-mcc302-mnc720-or: Cannot change mode to rwxr-xr-x: Operation not permitted
build	Cache Android SDK	2026-06-06T12:23:02.7858278Z /usr/bin/tar: ../../../../../usr/local/lib/android/sdk/platforms/android-35-ext15/data/res/values-mcc310-mnc220-es: Cannot utime: Operation not permitted
build	Cache Android SDK	2026-06-06T12:23:02.7859242Z /usr/bin/tar: ../../../../../usr/local/lib/android/sdk/platforms/android-35-ext15/data/res/values-mcc310-mnc220-es: Cannot change mode to rwxr-xr-x: Operation not permitted
build	Cache Android SDK	2026-06-06T12:23:02.7861462Z /usr/bin/tar: ../../../../../usr/local/lib/android/sdk/platforms/android-35-ext15/data/res/values-mcc310-mnc410-da: Cannot utime: Operation not permitted
build	Cache Android SDK	2026-06-06T12:23:02.7862416Z /usr/bin/tar: ../../../../../usr/local/lib/android/sdk/platforms/android-35-ext15/data/res/values-mcc310-mnc410-da: Cannot change mode to rwxr-xr-x: Operation not permitted
build	Cache Android SDK	2026-06-06T12:23:02.7864633Z /usr/bin/tar: ../../../../../usr/local/lib/android/sdk/platforms/android-35-ext15/data/res/values-mcc310-mnc030-iw: Cannot utime: Operation not permitted
build	Cache Android SDK	2026-06-06T12:23:02.7865685Z /usr/bin/tar: ../../../../../usr/local/lib/android/sdk/platforms/android-35-ext15/data/res/values-mcc310-mnc030-iw: Cannot change mode to rwxr-xr-x: Operation not permitted
build	Cache Android SDK	2026-06-06T12:23:02.7867890Z /usr/bin/tar: ../../../../../usr/local/lib/android/sdk/platforms/android-35-ext15/data/res/values-mcc312-mnc670-as: Cannot utime: Operation not permitted
build	Cache Android SDK	2026-06-06T12:23:02.7868927Z /usr/bin/tar: ../../../../../usr/local/lib/android/sdk/platforms/android-35-ext15/data/res/values-mcc312-mnc670-as: Cannot change mode to rwxr-xr-x: Operation not permitted
build	Cache Android SDK	2026-06-06T12:23:02.7870709Z /usr/bin/tar: ../../../../../usr/local/lib/android/sdk/platforms/android-35-ext15/data/res/values-mcc310-mnc150-ms: Cannot utime: Operation not permitted
build	Cache Android SDK	2026-06-06T12:23:02.7871676Z /usr/bin/tar: ../../../../../usr/local/lib/android/sdk/platforms/android-35-ext15/data/res/values-mcc310-mnc150-ms: Cannot change mode to rwxr-xr-x: Operation not permitted
build	Cache Android SDK	2026-06-06T12:23:02.7873697Z /usr/bin/tar: ../../../../../usr/local/lib/android/sdk/platforms/android-35-ext15/data/res/values-mcc214-mnc01: Cannot utime: Operation not permitted
build	Cache Android SDK	2026-06-06T12:23:02.7874638Z /usr/bin/tar: ../../../../../usr/local/lib/android/sdk/platforms/android-35-ext15/data/res/values-mcc214-mnc01: Cannot change mode to rwxr-xr-x: Operation not permitted
build	Cache Android SDK	2026-06-06T12:23:02.7877628Z /usr/bin/tar: ../../../../../usr/local/lib/android/sdk/platforms/android-35-ext15/data/res/values-ro-watch: Cannot utime: Operation not permitted
build	Cache Android SDK	2026-06-06T12:23:02.7878613Z /usr/bin/tar: ../../../../../usr/local/lib/android/sdk/platforms/android-35-ext15/data/res/values-ro-watch: Cannot change mode to rwxr-xr-x: Operation not permitted
build	Cache Android SDK	2026-06-06T12:23:02.7880617Z /usr/bin/tar: ../../../../../usr/local/lib/android/sdk/platforms/android-35-ext15/data/res/values-mcc334-mnc020-bg: Cannot utime: Operation not permitted
build	Cache Android SDK	2026-06-06T12:23:02.7881597Z /usr/bin/tar: ../../../../../usr/local/lib/android/sdk/platforms/android-35-ext15/data/res/values-mcc334-mnc020-bg: Cannot change mode to rwxr-xr-x: Operation not permitted
build	Cache Android SDK	2026-06-06T12:23:02.7884039Z /usr/bin/tar: ../../../../../usr/local/lib/android/sdk/platforms/android-35-ext15/data/res/values-mcc001-mnc01-pt: Cannot utime: Operation not permitted
build	Cache Android SDK	2026-06-06T12:23:02.7885009Z /usr/bin/tar: ../../../../../usr/local/lib/android/sdk/platforms/android-35-ext15/data/res/values-mcc001-mnc01-pt: Cannot change mode to rwxr-xr-x: Operation not permitted
build	Cache Android SDK	2026-06-06T12:23:02.7887238Z /usr/bin/tar: ../../../../../usr/local/lib/android/sdk/platforms/android-35-ext15/data/res/values-mcc310-mnc280-pt-rBR: Cannot utime: Operation not permitted
build	Cache Android SDK	2026-06-06T12:23:02.7888449Z /usr/bin/tar: ../../../../../usr/local/lib/android/sdk/platforms/android-35-ext15/data/res/values-mcc310-mnc280-pt-rBR: Cannot change mode to rwxr-xr-x: Operation not permitted
build	Cache Android SDK	2026-06-06T12:23:02.7890701Z /usr/bin/tar: ../../../../../usr/local/lib/android/sdk/platforms/android-35-ext15/data/res/values-mcc310-mnc170-uk: Cannot utime: Operation not permitted
build	Cache Android SDK	2026-06-06T12:23:02.7891764Z /usr/bin/tar: ../../../../../usr/local/lib/android/sdk/platforms/android-35-ext15/data/res/values-mcc310-mnc170-uk: Cannot change mode to rwxr-xr-x: Operation not permitted
build	Cache Android SDK	2026-06-06T12:23:02.7894531Z /usr/bin/tar: ../../../../../usr/local/lib/android/sdk/platforms/android-35-ext15/data/res/values-mcc302-mnc370-lv: Cannot utime: Operation not permitted
build	Cache Android SDK	2026-06-06T12:23:02.7895751Z /usr/bin/tar: ../../../../../usr/local/lib/android/sdk/platforms/android-35-ext15/data/res/values-mcc302-mnc370-lv: Cannot change mode to rwxr-xr-x: Operation not permitted
build	Cache Android SDK	2026-06-06T12:23:02.7898086Z /usr/bin/tar: ../../../../../usr/local/lib/android/sdk/platforms/android-35-ext15/data/res/values-mcc310-mnc160-vi: Cannot utime: Operation not permitted
build	Cache Android SDK	2026-06-06T12:23:02.7899381Z /usr/bin/tar: ../../../../../usr/local/lib/android/sdk/platforms/android-35-ext15/data/res/values-mcc310-mnc160-vi: Cannot change mode to rwxr-xr-x: Operation not permitted
build	Cache Android SDK	2026-06-06T12:23:02.7904652Z /usr/bin/tar: ../../../../../usr/local/lib/android/sdk/platforms/android-35-ext15/data/res/values-kk: Cannot utime: Operation not permitted
build	Cache Android SDK	2026-06-06T12:23:02.7908507Z /usr/bin/tar: ../../../../../usr/local/lib/android/sdk/platforms/android-35-ext15/data/res/values-kk: Cannot change mode to rwxr-xr-x: Operation not permitted
build	Cache Android SDK	2026-06-06T12:23:02.7909458Z /usr/bin/tar: ../../../../../usr/local/lib/android/sdk/platforms/android-35-ext15/data/res/values-mcc310-mnc560-sl: Cannot utime: Operation not permitted
build	Cache Android SDK	2026-06-06T12:23:02.7910458Z /usr/bin/tar: ../../../../../usr/local/lib/android/sdk/platforms/android-35-ext15/data/res/values-mcc310-mnc560-sl: Cannot change mode to rwxr-xr-x: Operation not permitted
build	Cache Android SDK	2026-06-06T12:23:02.7912029Z /usr/bin/tar: ../../../../../usr/local/lib/android/sdk/platforms/android-35-ext15/data/res/values-zh-rTW-watch: Cannot utime: Operation not permitted
build	Cache Android SDK	2026-06-06T12:23:02.7912979Z /usr/bin/tar: ../../../../../usr/local/lib/android/sdk/platforms/android-35-ext15/data/res/values-zh-rTW-watch: Cannot change mode to rwxr-xr-x: Operation not permitted
build	Cache Android SDK	2026-06-06T12:23:02.7917871Z /usr/bin/tar: ../../../../../usr/local/lib/android/sdk/platforms/android-35-ext15/data/res/values-mcc001-mnc01-ta: Cannot utime: Operation not permitted
build	Cache Android SDK	2026-06-06T12:23:02.7918873Z /usr/bin/tar: ../../../../../usr/local/lib/android/sdk/platforms/android-35-ext15/data/res/values-mcc001-mnc01-ta: Cannot change mode to rwxr-xr-x: Operation not permitted
build	Cache Android SDK	2026-06-06T12:23:02.7921902Z /usr/bin/tar: ../../../../../usr/local/lib/android/sdk/platforms/android-35-ext15/data/res/values-large: Cannot utime: Operation not permitted
build	Cache Android SDK	2026-06-06T12:23:02.7922837Z /usr/bin/tar: ../../../../../usr/local/lib/android/sdk/platforms/android-35-ext15/data/res/values-large: Cannot change mode to rwxr-xr-x: Operation not permitted
build	Cache Android SDK	2026-06-06T12:23:02.7925495Z /usr/bin/tar: ../../../../../usr/local/lib/android/sdk/platforms/android-35-ext15/data/res/values-es-television: Cannot utime: Operation not permitted
build	Cache Android SDK	2026-06-06T12:23:02.7926574Z /usr/bin/tar: ../../../../../usr/local/lib/android/sdk/platforms/android-35-ext15/data/res/values-es-television: Cannot change mode to rwxr-xr-x: Operation not permitted
build	Cache Android SDK	2026-06-06T12:23:02.7930159Z /usr/bin/tar: ../../../../../usr/local/lib/android/sdk/platforms/android-35-ext15/data/res/values-mcc310-mnc200-hy: Cannot utime: Operation not permitted
build	Cache Android SDK	2026-06-06T12:23:02.7932290Z /usr/bin/tar: ../../../../../usr/local/lib/android/sdk/platforms/android-35-ext15/data/res/values-mcc310-mnc200-hy: Cannot change mode to rwxr-xr-x: Operation not permitted
build	Cache Android SDK	2026-06-06T12:23:02.7933463Z /usr/bin/tar: ../../../../../usr/local/lib/android/sdk/platforms/android-35-ext15/data/res/values-mcc310-mnc800-sq: Cannot utime: Operation not permitted
build	Cache Android SDK	2026-06-06T12:23:02.7934922Z /usr/bin/tar: ../../../../../usr/local/lib/android/sdk/platforms/android-35-ext15/data/res/values-mcc310-mnc800-sq: Cannot change mode to rwxr-xr-x: Operation not permitted
build	Cache Android SDK	2026-06-06T12:23:02.7936300Z /usr/bin/tar: ../../../../../usr/local/lib/android/sdk/platforms/android-35-ext15/data/res/values-mcc302-mnc720-ko: Cannot utime: Operation not permitted
build	Cache Android SDK	2026-06-06T12:23:02.7937631Z /usr/bin/tar: ../../../../../usr/local/lib/android/sdk/platforms/android-35-ext15/data/res/values-mcc302-mnc720-ko: Cannot change mode to rwxr-xr-x: Operation not permitted
build	Cache Android SDK	2026-06-06T12:23:02.7939673Z /usr/bin/tar: ../../../../../usr/local/lib/android/sdk/platforms/android-35-ext15/data/res/values-mcc310-mnc240-ca: Cannot utime: Operation not permitted
build	Cache Android SDK	2026-06-06T12:23:02.7940156Z /usr/bin/tar: ../../../../../usr/local/lib/android/sdk/platforms/android-35-ext15/data/res/values-mcc310-mnc240-ca: Cannot change mode to rwxr-xr-x: Operation not permitted
build	Cache Android SDK	2026-06-06T12:23:02.7942803Z /usr/bin/tar: ../../../../../usr/local/lib/android/sdk/platforms/android-35-ext15/data/res/values-mcc310-mnc170-fr-rCA: Cannot utime: Operation not permitted
build	Cache Android SDK	2026-06-06T12:23:02.7943319Z /usr/bin/tar: ../../../../../usr/local/lib/android/sdk/platforms/android-35-ext15/data/res/values-mcc310-mnc170-fr-rCA: Cannot change mode to rwxr-xr-x: Operation not permitted
build	Cache Android SDK	2026-06-06T12:23:02.7945815Z /usr/bin/tar: ../../../../../usr/local/lib/android/sdk/platforms/android-35-ext15/data/res/values-mcc310-mnc230-el: Cannot utime: Operation not permitted
build	Cache Android SDK	2026-06-06T12:23:02.7946299Z /usr/bin/tar: ../../../../../usr/local/lib/android/sdk/platforms/android-35-ext15/data/res/values-mcc310-mnc230-el: Cannot change mode to rwxr-xr-x: Operation not permitted
build	Cache Android SDK	2026-06-06T12:23:02.7948807Z /usr/bin/tar: ../../../../../usr/local/lib/android/sdk/platforms/android-35-ext15/data/res/values-mcc310-mnc210-tl: Cannot utime: Operation not permitted
build	Cache Android SDK	2026-06-06T12:23:02.7949289Z /usr/bin/tar: ../../../../../usr/local/lib/android/sdk/platforms/android-35-ext15/data/res/values-mcc310-mnc210-tl: Cannot change mode to rwxr-xr-x: Operation not permitted
build	Cache Android SDK	2026-06-06T12:23:02.7952076Z /usr/bin/tar: ../../../../../usr/local/lib/android/sdk/platforms/android-35-ext15/data/res/values-mcc302-mnc720-fr-rCA: Cannot utime: Operation not permitted
build	Cache Android SDK	2026-06-06T12:23:02.7953096Z /usr/bin/tar: ../../../../../usr/local/lib/android/sdk/platforms/android-35-ext15/data/res/values-mcc302-mnc720-fr-rCA: Cannot change mode to rwxr-xr-x: Operation not permitted
build	Cache Android SDK	2026-06-06T12:23:02.7955226Z /usr/bin/tar: ../../../../../usr/local/lib/android/sdk/platforms/android-35-ext15/data/res/values-mcc310-mnc030-as: Cannot utime: Operation not permitted
build	Cache Android SDK	2026-06-06T12:23:02.7955810Z /usr/bin/tar: ../../../../../usr/local/lib/android/sdk/platforms/android-35-ext15/data/res/values-mcc310-mnc030-as: Cannot change mode to rwxr-xr-x: Operation not permitted
build	Cache Android SDK	2026-06-06T12:23:02.7958784Z /usr/bin/tar: ../../../../../usr/local/lib/android/sdk/platforms/android-35-ext15/data/res/values-mcc001-mnc01-ru: Cannot utime: Operation not permitted
build	Cache Android SDK	2026-06-06T12:23:02.7959261Z /usr/bin/tar: ../../../../../usr/local/lib/android/sdk/platforms/android-35-ext15/data/res/values-mcc001-mnc01-ru: Cannot change mode to rwxr-xr-x: Operation not permitted
build	Cache Android SDK	2026-06-06T12:23:02.7962962Z /usr/bin/tar: ../../../../../usr/local/lib/android/sdk/platforms/android-35-ext15/data/res/values-be-television: Cannot utime: Operation not permitted
build	Cache Android SDK	2026-06-06T12:23:02.7963448Z /usr/bin/tar: ../../../../../usr/local/lib/android/sdk/platforms/android-35-ext15/data/res/values-be-television: Cannot change mode to rwxr-xr-x: Operation not permitted
build	Cache Android SDK	2026-06-06T12:23:02.7966065Z /usr/bin/tar: ../../../../../usr/local/lib/android/sdk/platforms/android-35-ext15/data/res/values-mcc334-mnc020-si: Cannot utime: Operation not permitted
build	Cache Android SDK	2026-06-06T12:23:02.7966640Z /usr/bin/tar: ../../../../../usr/local/lib/android/sdk/platforms/android-35-ext15/data/res/values-mcc334-mnc020-si: Cannot change mode to rwxr-xr-x: Operation not permitted
build	Cache Android SDK	2026-06-06T12:23:02.7970383Z /usr/bin/tar: ../../../../../usr/local/lib/android/sdk/platforms/android-35-ext15/data/res/values-mcc302-mnc370-am: Cannot utime: Operation not permitted
build	Cache Android SDK	2026-06-06T12:23:02.7971299Z /usr/bin/tar: ../../../../../usr/local/lib/android/sdk/platforms/android-35-ext15/data/res/values-mcc302-mnc370-am: Cannot change mode to rwxr-xr-x: Operation not permitted
build	Cache Android SDK	2026-06-06T12:23:02.7973240Z /usr/bin/tar: ../../../../../usr/local/lib/android/sdk/platforms/android-35-ext15/data/res/values-mcc310-mnc240-ro: Cannot utime: Operation not permitted
build	Cache Android SDK	2026-06-06T12:23:02.7973711Z /usr/bin/tar: ../../../../../usr/local/lib/android/sdk/platforms/android-35-ext15/data/res/values-mcc310-mnc240-ro: Cannot change mode to rwxr-xr-x: Operation not permitted
build	Cache Android SDK	2026-06-06T12:23:02.7976272Z /usr/bin/tar: ../../../../../usr/local/lib/android/sdk/platforms/android-35-ext15/data/res/values-mcc334-mnc020-ar: Cannot utime: Operation not permitted
build	Cache Android SDK	2026-06-06T12:23:02.7976770Z /usr/bin/tar: ../../../../../usr/local/lib/android/sdk/platforms/android-35-ext15/data/res/values-mcc334-mnc020-ar: Cannot change mode to rwxr-xr-x: Operation not permitted
build	Cache Android SDK	2026-06-06T12:23:02.7979532Z /usr/bin/tar: ../../../../../usr/local/lib/android/sdk/platforms/android-35-ext15/data/res/values-mcc310-mnc560-az: Cannot utime: Operation not permitted
build	Cache Android SDK	2026-06-06T12:23:02.7980216Z /usr/bin/tar: ../../../../../usr/local/lib/android/sdk/platforms/android-35-ext15/data/res/values-mcc310-mnc560-az: Cannot change mode to rwxr-xr-x: Operation not permitted
build	Cache Android SDK	2026-06-06T12:23:02.7982986Z /usr/bin/tar: ../../../../../usr/local/lib/android/sdk/platforms/android-35-ext15/data/res/values-mcc310-mnc210-ja: Cannot utime: Operation not permitted
build	Cache Android SDK	2026-06-06T12:23:02.7983487Z /usr/bin/tar: ../../../../../usr/local/lib/android/sdk/platforms/android-35-ext15/data/res/values-mcc310-mnc210-ja: Cannot change mode to rwxr-xr-x: Operation not permitted
build	Cache Android SDK	2026-06-06T12:23:02.7986394Z /usr/bin/tar: ../../../../../usr/local/lib/android/sdk/platforms/android-35-ext15/data/res/values-mcc310-mnc280-ja: Cannot utime: Operation not permitted
build	Cache Android SDK	2026-06-06T12:23:02.7986876Z /usr/bin/tar: ../../../../../usr/local/lib/android/sdk/platforms/android-35-ext15/data/res/values-mcc310-mnc280-ja: Cannot change mode to rwxr-xr-x: Operation not permitted
build	Cache Android SDK	2026-06-06T12:23:02.7989623Z /usr/bin/tar: ../../../../../usr/local/lib/android/sdk/platforms/android-35-ext15/data/res/values-pl-watch: Cannot utime: Operation not permitted
build	Cache Android SDK	2026-06-06T12:23:02.7990091Z /usr/bin/tar: ../../../../../usr/local/lib/android/sdk/platforms/android-35-ext15/data/res/values-pl-watch: Cannot change mode to rwxr-xr-x: Operation not permitted
build	Cache Android SDK	2026-06-06T12:23:02.7993271Z /usr/bin/tar: ../../../../../usr/local/lib/android/sdk/platforms/android-35-ext15/data/res/values-mcc302-mnc370-sl: Cannot utime: Operation not permitted
build	Cache Android SDK	2026-06-06T12:23:02.7993762Z /usr/bin/tar: ../../../../../usr/local/lib/android/sdk/platforms/android-35-ext15/data/res/values-mcc302-mnc370-sl: Cannot change mode to rwxr-xr-x: Operation not permitted
build	Cache Android SDK	2026-06-06T12:23:02.7996134Z /usr/bin/tar: ../../../../../usr/local/lib/android/sdk/platforms/android-35-ext15/data/res/values-mcc310-mnc950-ru: Cannot utime: Operation not permitted
build	Cache Android SDK	2026-06-06T12:23:02.7996603Z /usr/bin/tar: ../../../../../usr/local/lib/android/sdk/platforms/android-35-ext15/data/res/values-mcc310-mnc950-ru: Cannot change mode to rwxr-xr-x: Operation not permitted
build	Cache Android SDK	2026-06-06T12:23:02.8002636Z /usr/bin/tar: ../../../../../usr/local/lib/android/sdk/platforms/android-35-ext15/data/res/values-mcc310-mnc220-my: Cannot utime: Operation not permitted
build	Cache Android SDK	2026-06-06T12:23:02.8003216Z /usr/bin/tar: ../../../../../usr/local/lib/android/sdk/platforms/android-35-ext15/data/res/values-mcc310-mnc220-my: Cannot change mode to rwxr-xr-x: Operation not permitted
build	Cache Android SDK	2026-06-06T12:23:02.8003835Z /usr/bin/tar: ../../../../../usr/local/lib/android/sdk/platforms/android-35-ext15/data/res/values-mcc310-mnc240-bs: Cannot utime: Operation not permitted
build	Cache Android SDK	2026-06-06T12:23:02.8004634Z /usr/bin/tar: ../../../../../usr/local/lib/android/sdk/platforms/android-35-ext15/data/res/values-mcc310-mnc240-bs: Cannot change mode to rwxr-xr-x: Operation not permitted
build	Cache Android SDK	2026-06-06T12:23:02.8010817Z /usr/bin/tar: ../../../../../usr/local/lib/android/sdk/platforms/android-35-ext15/data/res/values-el: Cannot utime: Operation not permitted
build	Cache Android SDK	2026-06-06T12:23:02.8011353Z /usr/bin/tar: ../../../../../usr/local/lib/android/sdk/platforms/android-35-ext15/data/res/values-el: Cannot change mode to rwxr-xr-x: Operation not permitted
build	Cache Android SDK	2026-06-06T12:23:02.8014122Z /usr/bin/tar: ../../../../../usr/local/lib/android/sdk/platforms/android-35-ext15/data/res/values-mcc310-mnc800-kk: Cannot utime: Operation not permitted
build	Cache Android SDK	2026-06-06T12:23:02.8014603Z /usr/bin/tar: ../../../../../usr/local/lib/android/sdk/platforms/android-35-ext15/data/res/values-mcc310-mnc800-kk: Cannot change mode to rwxr-xr-x: Operation not permitted
build	Cache Android SDK	2026-06-06T12:23:02.8017592Z /usr/bin/tar: ../../../../../usr/local/lib/android/sdk/platforms/android-35-ext15/data/res/values-mcc310-mnc160-hu: Cannot utime: Operation not permitted
build	Cache Android SDK	2026-06-06T12:23:02.8018089Z /usr/bin/tar: ../../../../../usr/local/lib/android/sdk/platforms/android-35-ext15/data/res/values-mcc310-mnc160-hu: Cannot change mode to rwxr-xr-x: Operation not permitted
build	Cache Android SDK	2026-06-06T12:23:02.8021051Z /usr/bin/tar: ../../../../../usr/local/lib/android/sdk/platforms/android-35-ext15/data/res/values-mcc310-mnc170-lt: Cannot utime: Operation not permitted
build	Cache Android SDK	2026-06-06T12:23:02.8021538Z /usr/bin/tar: ../../../../../usr/local/lib/android/sdk/platforms/android-35-ext15/data/res/values-mcc310-mnc170-lt: Cannot change mode to rwxr-xr-x: Operation not permitted
build	Cache Android SDK	2026-06-06T12:23:02.8024239Z /usr/bin/tar: ../../../../../usr/local/lib/android/sdk/platforms/android-35-ext15/data/res/values-ca-rES: Cannot utime: Operation not permitted
build	Cache Android SDK	2026-06-06T12:23:02.8024697Z /usr/bin/tar: ../../../../../usr/local/lib/android/sdk/platforms/android-35-ext15/data/res/values-ca-rES: Cannot change mode to rwxr-xr-x: Operation not permitted
build	Cache Android SDK	2026-06-06T12:23:02.8035906Z /usr/bin/tar: ../../../../../usr/local/lib/android/sdk/platforms/android-35-ext15/data/res/drawable-car: Cannot utime: Operation not permitted
build	Cache Android SDK	2026-06-06T12:23:02.8036908Z /usr/bin/tar: ../../../../../usr/local/lib/android/sdk/platforms/android-35-ext15/data/res/drawable-car: Cannot change mode to rwxr-xr-x: Operation not permitted
build	Cache Android SDK	2026-06-06T12:23:02.8040065Z /usr/bin/tar: ../../../../../usr/local/lib/android/sdk/platforms/android-35-ext15/data/res/values-mcc310-mnc310-et: Cannot utime: Operation not permitted
build	Cache Android SDK	2026-06-06T12:23:02.8040577Z /usr/bin/tar: ../../../../../usr/local/lib/android/sdk/platforms/android-35-ext15/data/res/values-mcc310-mnc310-et: Cannot change mode to rwxr-xr-x: Operation not permitted
build	Cache Android SDK	2026-06-06T12:23:02.8042946Z /usr/bin/tar: ../../../../../usr/local/lib/android/sdk/platforms/android-35-ext15/data/res/values-mcc310-mnc560-mr: Cannot utime: Operation not permitted
build	Cache Android SDK	2026-06-06T12:23:02.8043436Z /usr/bin/tar: ../../../../../usr/local/lib/android/sdk/platforms/android-35-ext15/data/res/values-mcc310-mnc560-mr: Cannot change mode to rwxr-xr-x: Operation not permitted
build	Cache Android SDK	2026-06-06T12:23:02.8046972Z /usr/bin/tar: ../../../../../usr/local/lib/android/sdk/platforms/android-35-ext15/data/res/values-mcc310-mnc150-pt-rPT: Cannot utime: Operation not permitted
build	Cache Android SDK	2026-06-06T12:23:02.8047620Z /usr/bin/tar: ../../../../../usr/local/lib/android/sdk/platforms/android-35-ext15/data/res/values-mcc310-mnc150-pt-rPT: Cannot change mode to rwxr-xr-x: Operation not permitted
build	Cache Android SDK	2026-06-06T12:23:02.8050384Z /usr/bin/tar: ../../../../../usr/local/lib/android/sdk/platforms/android-35-ext15/data/res/values-mcc310-mnc800-mn: Cannot utime: Operation not permitted
build	Cache Android SDK	2026-06-06T12:23:02.8050887Z /usr/bin/tar: ../../../../../usr/local/lib/android/sdk/platforms/android-35-ext15/data/res/values-mcc310-mnc800-mn: Cannot change mode to rwxr-xr-x: Operation not permitted
build	Cache Android SDK	2026-06-06T12:23:02.8053000Z /usr/bin/tar: ../../../../../usr/local/lib/android/sdk/platforms/android-35-ext15/data/res/values-km-watch: Cannot utime: Operation not permitted
build	Cache Android SDK	2026-06-06T12:23:02.8053461Z /usr/bin/tar: ../../../../../usr/local/lib/android/sdk/platforms/android-35-ext15/data/res/values-km-watch: Cannot change mode to rwxr-xr-x: Operation not permitted
build	Cache Android SDK	2026-06-06T12:23:02.8061120Z /usr/bin/tar: ../../../../../usr/local/lib/android/sdk/platforms/android-35-ext15/data/res/values-en-rGB-television: Cannot utime: Operation not permitted
build	Cache Android SDK	2026-06-06T12:23:02.8061806Z /usr/bin/tar: ../../../../../usr/local/lib/android/sdk/platforms/android-35-ext15/data/res/values-en-rGB-television: Cannot change mode to rwxr-xr-x: Operation not permitted
build	Cache Android SDK	2026-06-06T12:23:02.8064176Z /usr/bin/tar: ../../../../../usr/local/lib/android/sdk/platforms/android-35-ext15/data/res/values-mcc334-mnc020-mn: Cannot utime: Operation not permitted
build	Cache Android SDK	2026-06-06T12:23:02.8064795Z /usr/bin/tar: ../../../../../usr/local/lib/android/sdk/platforms/android-35-ext15/data/res/values-mcc334-mnc020-mn: Cannot change mode to rwxr-xr-x: Operation not permitted
build	Cache Android SDK	2026-06-06T12:23:02.8067187Z /usr/bin/tar: ../../../../../usr/local/lib/android/sdk/platforms/android-35-ext15/data/res/values-mcc001-mnc01-lv: Cannot utime: Operation not permitted
build	Cache Android SDK	2026-06-06T12:23:02.8067858Z /usr/bin/tar: ../../../../../usr/local/lib/android/sdk/platforms/android-35-ext15/data/res/values-mcc001-mnc01-lv: Cannot change mode to rwxr-xr-x: Operation not permitted
build	Cache Android SDK	2026-06-06T12:23:02.8070157Z /usr/bin/tar: ../../../../../usr/local/lib/android/sdk/platforms/android-35-ext15/data/res/values-mcc310-mnc170-hi: Cannot utime: Operation not permitted
build	Cache Android SDK	2026-06-06T12:23:02.8070774Z /usr/bin/tar: ../../../../../usr/local/lib/android/sdk/platforms/android-35-ext15/data/res/values-mcc310-mnc170-hi: Cannot change mode to rwxr-xr-x: Operation not permitted
build	Cache Android SDK	2026-06-06T12:23:02.8073557Z /usr/bin/tar: ../../../../../usr/local/lib/android/sdk/platforms/android-35-ext15/data/res/values-mcc310-mnc800-ro: Cannot utime: Operation not permitted
build	Cache Android SDK	2026-06-06T12:23:02.8074122Z /usr/bin/tar: ../../../../../usr/local/lib/android/sdk/platforms/android-35-ext15/data/res/values-mcc310-mnc800-ro: Cannot change mode to rwxr-xr-x: Operation not permitted
build	Cache Android SDK	2026-06-06T12:23:02.8076685Z /usr/bin/tar: ../../../../../usr/local/lib/android/sdk/platforms/android-35-ext15/data/res/values-mcc310-mnc270-km: Cannot utime: Operation not permitted
build	Cache Android SDK	2026-06-06T12:23:02.8077178Z /usr/bin/tar: ../../../../../usr/local/lib/android/sdk/platforms/android-35-ext15/data/res/values-mcc310-mnc270-km: Cannot change mode to rwxr-xr-x: Operation not permitted
build	Cache Android SDK	2026-06-06T12:23:02.8079626Z /usr/bin/tar: ../../../../../usr/local/lib/android/sdk/platforms/android-35-ext15/data/res/values-mcc310-mnc160-ml: Cannot utime: Operation not permitted
build	Cache Android SDK	2026-06-06T12:23:02.8080191Z /usr/bin/tar: ../../../../../usr/local/lib/android/sdk/platforms/android-35-ext15/data/res/values-mcc310-mnc160-ml: Cannot change mode to rwxr-xr-x: Operation not permitted
build	Cache Android SDK	2026-06-06T12:23:02.8082672Z /usr/bin/tar: ../../../../../usr/local/lib/android/sdk/platforms/android-35-ext15/data/res/values-mcc310-mnc270-es-rUS: Cannot utime: Operation not permitted
build	Cache Android SDK	2026-06-06T12:23:02.8083177Z /usr/bin/tar: ../../../../../usr/local/lib/android/sdk/platforms/android-35-ext15/data/res/values-mcc310-mnc270-es-rUS: Cannot change mode to rwxr-xr-x: Operation not permitted
build	Cache Android SDK	2026-06-06T12:23:02.8085308Z /usr/bin/tar: ../../../../../usr/local/lib/android/sdk/platforms/android-35-ext15/data/res/values-es-rEC: Cannot utime: Operation not permitted
build	Cache Android SDK	2026-06-06T12:23:02.8085777Z /usr/bin/tar: ../../../../../usr/local/lib/android/sdk/platforms/android-35-ext15/data/res/values-es-rEC: Cannot change mode to rwxr-xr-x: Operation not permitted
build	Cache Android SDK	2026-06-06T12:23:02.8088623Z /usr/bin/tar: ../../../../../usr/local/lib/android/sdk/platforms/android-35-ext15/data/res/values-mcc311-mnc180-zu: Cannot utime: Operation not permitted
build	Cache Android SDK	2026-06-06T12:23:02.8089203Z /usr/bin/tar: ../../../../../usr/local/lib/android/sdk/platforms/android-35-ext15/data/res/values-mcc311-mnc180-zu: Cannot change mode to rwxr-xr-x: Operation not permitted
build	Cache Android SDK	2026-06-06T12:23:02.8091727Z /usr/bin/tar: ../../../../../usr/local/lib/android/sdk/platforms/android-35-ext15/data/res/values-mcc310-mnc240-hi: Cannot utime: Operation not permitted
build	Cache Android SDK	2026-06-06T12:23:02.8092213Z /usr/bin/tar: ../../../../../usr/local/lib/android/sdk/platforms/android-35-ext15/data/res/values-mcc310-mnc240-hi: Cannot change mode to rwxr-xr-x: Operation not permitted
build	Cache Android SDK	2026-06-06T12:23:02.8095149Z /usr/bin/tar: ../../../../../usr/local/lib/android/sdk/platforms/android-35-ext15/data/res/values-mcc334-mnc020-kk: Cannot utime: Operation not permitted
build	Cache Android SDK	2026-06-06T12:23:02.8095636Z /usr/bin/tar: ../../../../../usr/local/lib/android/sdk/platforms/android-35-ext15/data/res/values-mcc334-mnc020-kk: Cannot change mode to rwxr-xr-x: Operation not permitted
build	Cache Android SDK	2026-06-06T12:23:02.8098105Z /usr/bin/tar: ../../../../../usr/local/lib/android/sdk/platforms/android-35-ext15/data/res/values-mcc310-mnc240-in: Cannot utime: Operation not permitted
build	Cache Android SDK	2026-06-06T12:23:02.8098596Z /usr/bin/tar: ../../../../../usr/local/lib/android/sdk/platforms/android-35-ext15/data/res/values-mcc310-mnc240-in: Cannot change mode to rwxr-xr-x: Operation not permitted
build	Cache Android SDK	2026-06-06T12:23:02.8104711Z /usr/bin/tar: ../../../../../usr/local/lib/android/sdk/platforms/android-35-ext15/data/res/values-et: Cannot utime: Operation not permitted
build	Cache Android SDK	2026-06-06T12:23:02.8105248Z /usr/bin/tar: ../../../../../usr/local/lib/android/sdk/platforms/android-35-ext15/data/res/values-et: Cannot change mode to rwxr-xr-x: Operation not permitted
build	Cache Android SDK	2026-06-06T12:23:02.8108037Z /usr/bin/tar: ../../../../../usr/local/lib/android/sdk/platforms/android-35-ext15/data/res/values-mcc310-mnc220-da: Cannot utime: Operation not permitted
build	Cache Android SDK	2026-06-06T12:23:02.8108510Z /usr/bin/tar: ../../../../../usr/local/lib/android/sdk/platforms/android-35-ext15/data/res/values-mcc310-mnc220-da: Cannot change mode to rwxr-xr-x: Operation not permitted
build	Cache Android SDK	2026-06-06T12:23:02.8111436Z /usr/bin/tar: ../../../../../usr/local/lib/android/sdk/platforms/android-35-ext15/data/res/values-mcc310-mnc280-en-rGB: Cannot utime: Operation not permitted
build	Cache Android SDK	2026-06-06T12:23:02.8111932Z /usr/bin/tar: ../../../../../usr/local/lib/android/sdk/platforms/android-35-ext15/data/res/values-mcc310-mnc280-en-rGB: Cannot change mode to rwxr-xr-x: Operation not permitted
build	Cache Android SDK	2026-06-06T12:23:02.8115715Z /usr/bin/tar: ../../../../../usr/local/lib/android/sdk/platforms/android-35-ext15/data/res/layout-land: Cannot utime: Operation not permitted
build	Cache Android SDK	2026-06-06T12:23:02.8116150Z /usr/bin/tar: ../../../../../usr/local/lib/android/sdk/platforms/android-35-ext15/data/res/layout-land: Cannot change mode to rwxr-xr-x: Operation not permitted
build	Cache Android SDK	2026-06-06T12:23:02.8118819Z /usr/bin/tar: ../../../../../usr/local/lib/android/sdk/platforms/android-35-ext15/data/res/values-mcc310-mnc380-km: Cannot utime: Operation not permitted
build	Cache Android SDK	2026-06-06T12:23:02.8119378Z /usr/bin/tar: ../../../../../usr/local/lib/android/sdk/platforms/android-35-ext15/data/res/values-mcc310-mnc380-km: Cannot change mode to rwxr-xr-x: Operation not permitted
build	Cache Android SDK	2026-06-06T12:23:02.8122007Z /usr/bin/tar: ../../../../../usr/local/lib/android/sdk/platforms/android-35-ext15/data/res/values-mcc310-mnc270-da: Cannot utime: Operation not permitted
build	Cache Android SDK	2026-06-06T12:23:02.8122476Z /usr/bin/tar: ../../../../../usr/local/lib/android/sdk/platforms/android-35-ext15/data/res/values-mcc310-mnc270-da: Cannot change mode to rwxr-xr-x: Operation not permitted
build	Cache Android SDK	2026-06-06T12:23:02.8125064Z /usr/bin/tar: ../../../../../usr/local/lib/android/sdk/platforms/android-35-ext15/data/res/values-mcc310-mnc660-my: Cannot utime: Operation not permitted
build	Cache Android SDK	2026-06-06T12:23:02.8125530Z /usr/bin/tar: ../../../../../usr/local/lib/android/sdk/platforms/android-35-ext15/data/res/values-mcc310-mnc660-my: Cannot change mode to rwxr-xr-x: Operation not permitted
build	Cache Android SDK	2026-06-06T12:23:02.8128161Z /usr/bin/tar: ../../../../../usr/local/lib/android/sdk/platforms/android-35-ext15/data/res/values-mcc310-mnc280-et: Cannot utime: Operation not permitted
build	Cache Android SDK	2026-06-06T12:23:02.8128716Z /usr/bin/tar: ../../../../../usr/local/lib/android/sdk/platforms/android-35-ext15/data/res/values-mcc310-mnc280-et: Cannot change mode to rwxr-xr-x: Operation not permitted
build	Cache Android SDK	2026-06-06T12:23:02.8131208Z /usr/bin/tar: ../../../../../usr/local/lib/android/sdk/platforms/android-35-ext15/data/res/values-mcc310-mnc380-sv: Cannot utime: Operation not permitted
build	Cache Android SDK	2026-06-06T12:23:02.8131677Z /usr/bin/tar: ../../../../../usr/local/lib/android/sdk/platforms/android-35-ext15/data/res/values-mcc310-mnc380-sv: Cannot change mode to rwxr-xr-x: Operation not permitted
build	Cache Android SDK	2026-06-06T12:23:02.8134326Z /usr/bin/tar: ../../../../../usr/local/lib/android/sdk/platforms/android-35-ext15/data/res/values-mcc310-mnc250-be: Cannot utime: Operation not permitted
build	Cache Android SDK	2026-06-06T12:23:02.8134781Z /usr/bin/tar: ../../../../../usr/local/lib/android/sdk/platforms/android-35-ext15/data/res/values-mcc310-mnc250-be: Cannot change mode to rwxr-xr-x: Operation not permitted
build	Cache Android SDK	2026-06-06T12:23:02.8137494Z /usr/bin/tar: ../../../../../usr/local/lib/android/sdk/platforms/android-35-ext15/data/res/values-mcc310-mnc270-sq: Cannot utime: Operation not permitted
build	Cache Android SDK	2026-06-06T12:23:02.8137964Z /usr/bin/tar: ../../../../../usr/local/lib/android/sdk/platforms/android-35-ext15/data/res/values-mcc310-mnc270-sq: Cannot change mode to rwxr-xr-x: Operation not permitted
build	Cache Android SDK	2026-06-06T12:23:02.8140818Z /usr/bin/tar: ../../../../../usr/local/lib/android/sdk/platforms/android-35-ext15/data/res/values-mcc312-mnc670-km: Cannot utime: Operation not permitted
build	Cache Android SDK	2026-06-06T12:23:02.8141371Z /usr/bin/tar: ../../../../../usr/local/lib/android/sdk/platforms/android-35-ext15/data/res/values-mcc312-mnc670-km: Cannot change mode to rwxr-xr-x: Operation not permitted
build	Cache Android SDK	2026-06-06T12:23:02.8144179Z /usr/bin/tar: ../../../../../usr/local/lib/android/sdk/platforms/android-35-ext15/data/res/values-mcc310-mnc230-ur: Cannot utime: Operation not permitted
build	Cache Android SDK	2026-06-06T12:23:02.8144648Z /usr/bin/tar: ../../../../../usr/local/lib/android/sdk/platforms/android-35-ext15/data/res/values-mcc310-mnc230-ur: Cannot change mode to rwxr-xr-x: Operation not permitted
build	Cache Android SDK	2026-06-06T12:23:02.8147599Z /usr/bin/tar: ../../../../../usr/local/lib/android/sdk/platforms/android-35-ext15/data/res/values-mcc310-mnc950-mk: Cannot utime: Operation not permitted
build	Cache Android SDK	2026-06-06T12:23:02.8148104Z /usr/bin/tar: ../../../../../usr/local/lib/android/sdk/platforms/android-35-ext15/data/res/values-mcc310-mnc950-mk: Cannot change mode to rwxr-xr-x: Operation not permitted
build	Cache Android SDK	2026-06-06T12:23:02.8150488Z /usr/bin/tar: ../../../../../usr/local/lib/android/sdk/platforms/android-35-ext15/data/res/values-mcc310-mnc030-fr: Cannot utime: Operation not permitted
build	Cache Android SDK	2026-06-06T12:23:02.8150962Z /usr/bin/tar: ../../../../../usr/local/lib/android/sdk/platforms/android-35-ext15/data/res/values-mcc310-mnc030-fr: Cannot change mode to rwxr-xr-x: Operation not permitted
build	Cache Android SDK	2026-06-06T12:23:02.8153847Z /usr/bin/tar: ../../../../../usr/local/lib/android/sdk/platforms/android-35-ext15/data/res/values-mcc310-mnc490-az: Cannot utime: Operation not permitted
build	Cache Android SDK	2026-06-06T12:23:02.8154335Z /usr/bin/tar: ../../../../../usr/local/lib/android/sdk/platforms/android-35-ext15/data/res/values-mcc310-mnc490-az: Cannot change mode to rwxr-xr-x: Operation not permitted
build	Cache Android SDK	2026-06-06T12:23:02.8157092Z /usr/bin/tar: ../../../../../usr/local/lib/android/sdk/platforms/android-35-ext15/data/res/values-mcc310-mnc200-es: Cannot utime: Operation not permitted
build	Cache Android SDK	2026-06-06T12:23:02.8157874Z /usr/bin/tar: ../../../../../usr/local/lib/android/sdk/platforms/android-35-ext15/data/res/values-mcc310-mnc200-es: Cannot change mode to rwxr-xr-x: Operation not permitted
build	Cache Android SDK	2026-06-06T12:23:02.8160378Z /usr/bin/tar: ../../../../../usr/local/lib/android/sdk/platforms/android-35-ext15/data/res/values-mcc310-mnc250-mk: Cannot utime: Operation not permitted
build	Cache Android SDK	2026-06-06T12:23:02.8160854Z /usr/bin/tar: ../../../../../usr/local/lib/android/sdk/platforms/android-35-ext15/data/res/values-mcc310-mnc250-mk: Cannot change mode to rwxr-xr-x: Operation not permitted
build	Cache Android SDK	2026-06-06T12:23:02.8163237Z /usr/bin/tar: ../../../../../usr/local/lib/android/sdk/platforms/android-35-ext15/data/res/values-nb-rNO: Cannot utime: Operation not permitted
build	Cache Android SDK	2026-06-06T12:23:02.8163709Z /usr/bin/tar: ../../../../../usr/local/lib/android/sdk/platforms/android-35-ext15/data/res/values-nb-rNO: Cannot change mode to rwxr-xr-x: Operation not permitted
build	Cache Android SDK	2026-06-06T12:23:02.8166243Z /usr/bin/tar: ../../../../../usr/local/lib/android/sdk/platforms/android-35-ext15/data/res/values-mcc310-mnc950-my: Cannot utime: Operation not permitted
build	Cache Android SDK	2026-06-06T12:23:02.8166792Z /usr/bin/tar: ../../../../../usr/local/lib/android/sdk/platforms/android-35-ext15/data/res/values-mcc310-mnc950-my: Cannot change mode to rwxr-xr-x: Operation not permitted
build	Cache Android SDK	2026-06-06T12:23:02.8169411Z /usr/bin/tar: ../../../../../usr/local/lib/android/sdk/platforms/android-35-ext15/data/res/values-mcc001-mnc01-lo: Cannot utime: Operation not permitted
build	Cache Android SDK	2026-06-06T12:23:02.8169899Z /usr/bin/tar: ../../../../../usr/local/lib/android/sdk/platforms/android-35-ext15/data/res/values-mcc001-mnc01-lo: Cannot change mode to rwxr-xr-x: Operation not permitted
build	Cache Android SDK	2026-06-06T12:23:02.8172567Z /usr/bin/tar: ../../../../../usr/local/lib/android/sdk/platforms/android-35-ext15/data/res/values-mcc302-mnc370-ta: Cannot utime: Operation not permitted
build	Cache Android SDK	2026-06-06T12:23:02.8173043Z /usr/bin/tar: ../../../../../usr/local/lib/android/sdk/platforms/android-35-ext15/data/res/values-mcc302-mnc370-ta: Cannot change mode to rwxr-xr-x: Operation not permitted
build	Cache Android SDK	2026-06-06T12:23:02.8176041Z /usr/bin/tar: ../../../../../usr/local/lib/android/sdk/platforms/android-35-ext15/data/res/values-mcc310-mnc220-pt: Cannot utime: Operation not permitted
build	Cache Android SDK	2026-06-06T12:23:02.8176595Z /usr/bin/tar: ../../../../../usr/local/lib/android/sdk/platforms/android-35-ext15/data/res/values-mcc310-mnc220-pt: Cannot change mode to rwxr-xr-x: Operation not permitted
build	Cache Android SDK	2026-06-06T12:23:02.8180752Z /usr/bin/tar: ../../../../../usr/local/lib/android/sdk/platforms/android-35-ext15/data/res/values-w213dp-round-watch: Cannot utime: Operation not permitted
build	Cache Android SDK	2026-06-06T12:23:02.8181276Z /usr/bin/tar: ../../../../../usr/local/lib/android/sdk/platforms/android-35-ext15/data/res/values-w213dp-round-watch: Cannot change mode to rwxr-xr-x: Operation not permitted
build	Cache Android SDK	2026-06-06T12:23:02.8183521Z /usr/bin/tar: ../../../../../usr/local/lib/android/sdk/platforms/android-35-ext15/data/res/values-mcc310-mnc800-bg: Cannot utime: Operation not permitted
build	Cache Android SDK	2026-06-06T12:23:02.8184018Z /usr/bin/tar: ../../../../../usr/local/lib/android/sdk/platforms/android-35-ext15/data/res/values-mcc310-mnc800-bg: Cannot change mode to rwxr-xr-x: Operation not permitted
build	Cache Android SDK	2026-06-06T12:23:02.8186470Z /usr/bin/tar: ../../../../../usr/local/lib/android/sdk/platforms/android-35-ext15/data/res/values-rm-rCH: Cannot utime: Operation not permitted
build	Cache Android SDK	2026-06-06T12:23:02.8186921Z /usr/bin/tar: ../../../../../usr/local/lib/android/sdk/platforms/android-35-ext15/data/res/values-rm-rCH: Cannot change mode to rwxr-xr-x: Operation not permitted
build	Cache Android SDK	2026-06-06T12:23:02.8192716Z /usr/bin/tar: ../../../../../usr/local/lib/android/sdk/platforms/android-35-ext15/data/res/values-mcc310-mnc270-af: Cannot utime: Operation not permitted
build	Cache Android SDK	2026-06-06T12:23:02.8193214Z /usr/bin/tar: ../../../../../usr/local/lib/android/sdk/platforms/android-35-ext15/data/res/values-mcc310-mnc270-af: Cannot change mode to rwxr-xr-x: Operation not permitted
build	Cache Android SDK	2026-06-06T12:23:02.8195991Z /usr/bin/tar: ../../../../../usr/local/lib/android/sdk/platforms/android-35-ext15/data/res/values-mcc310-mnc270-gu: Cannot utime: Operation not permitted
build	Cache Android SDK	2026-06-06T12:23:02.8196489Z /usr/bin/tar: ../../../../../usr/local/lib/android/sdk/platforms/android-35-ext15/data/res/values-mcc310-mnc270-gu: Cannot change mode to rwxr-xr-x: Operation not permitted
build	Cache Android SDK	2026-06-06T12:23:02.8199593Z /usr/bin/tar: ../../../../../usr/local/lib/android/sdk/platforms/android-35-ext15/data/res/values-mcc310-mnc380-en-rCA: Cannot utime: Operation not permitted
build	Cache Android SDK	2026-06-06T12:23:02.8200107Z /usr/bin/tar: ../../../../../usr/local/lib/android/sdk/platforms/android-35-ext15/data/res/values-mcc310-mnc380-en-rCA: Cannot change mode to rwxr-xr-x: Operation not permitted
build	Cache Android SDK	2026-06-06T12:23:02.8203012Z /usr/bin/tar: ../../../../../usr/local/lib/android/sdk/platforms/android-35-ext15/data/res/values-mcc310-mnc270: Cannot utime: Operation not permitted
build	Cache Android SDK	2026-06-06T12:23:02.8203492Z /usr/bin/tar: ../../../../../usr/local/lib/android/sdk/platforms/android-35-ext15/data/res/values-mcc310-mnc270: Cannot change mode to rwxr-xr-x: Operation not permitted
build	Cache Android SDK	2026-06-06T12:23:02.8206024Z /usr/bin/tar: ../../../../../usr/local/lib/android/sdk/platforms/android-35-ext15/data/res/mipmap-watch-anydpi: Cannot utime: Operation not permitted
build	Cache Android SDK	2026-06-06T12:23:02.8206593Z /usr/bin/tar: ../../../../../usr/local/lib/android/sdk/platforms/android-35-ext15/data/res/mipmap-watch-anydpi: Cannot change mode to rwxr-xr-x: Operation not permitted
build	Cache Android SDK	2026-06-06T12:23:02.8209280Z /usr/bin/tar: ../../../../../usr/local/lib/android/sdk/platforms/android-35-ext15/data/res/values-sq-television: Cannot utime: Operation not permitted
build	Cache Android SDK	2026-06-06T12:23:02.8209767Z /usr/bin/tar: ../../../../../usr/local/lib/android/sdk/platforms/android-35-ext15/data/res/values-sq-television: Cannot change mode to rwxr-xr-x: Operation not permitted
build	Cache Android SDK	2026-06-06T12:23:02.8212818Z /usr/bin/tar: ../../../../../usr/local/lib/android/sdk/platforms/android-35-ext15/data/res/values-mcc310-mnc030-en-rCA: Cannot utime: Operation not permitted
build	Cache Android SDK	2026-06-06T12:23:02.8213409Z /usr/bin/tar: ../../../../../usr/local/lib/android/sdk/platforms/android-35-ext15/data/res/values-mcc310-mnc030-en-rCA: Cannot change mode to rwxr-xr-x: Operation not permitted
build	Cache Android SDK	2026-06-06T12:23:02.8216030Z /usr/bin/tar: ../../../../../usr/local/lib/android/sdk/platforms/android-35-ext15/data/res/values-mcc001-mnc01-in: Cannot utime: Operation not permitted
build	Cache Android SDK	2026-06-06T12:23:02.8216503Z /usr/bin/tar: ../../../../../usr/local/lib/android/sdk/platforms/android-35-ext15/data/res/values-mcc001-mnc01-in: Cannot change mode to rwxr-xr-x: Operation not permitted
build	Cache Android SDK	2026-06-06T12:23:02.8219250Z /usr/bin/tar: ../../../../../usr/local/lib/android/sdk/platforms/android-35-ext15/data/res/values-mcc310-mnc800-zh-rHK: Cannot utime: Operation not permitted
build	Cache Android SDK	2026-06-06T12:23:02.8219751Z /usr/bin/tar: ../../../../../usr/local/lib/android/sdk/platforms/android-35-ext15/data/res/values-mcc310-mnc800-zh-rHK: Cannot change mode to rwxr-xr-x: Operation not permitted
build	Cache Android SDK	2026-06-06T12:23:02.8222612Z /usr/bin/tar: ../../../../../usr/local/lib/android/sdk/platforms/android-35-ext15/data/res/values-mcc310-mnc170-nb: Cannot utime: Operation not permitted
build	Cache Android SDK	2026-06-06T12:23:02.8223103Z /usr/bin/tar: ../../../../../usr/local/lib/android/sdk/platforms/android-35-ext15/data/res/values-mcc310-mnc170-nb: Cannot change mode to rwxr-xr-x: Operation not permitted
build	Cache Android SDK	2026-06-06T12:23:02.8225999Z /usr/bin/tar: ../../../../../usr/local/lib/android/sdk/platforms/android-35-ext15/data/res/values-mcc311-mnc180-hu: Cannot utime: Operation not permitted
build	Cache Android SDK	2026-06-06T12:23:02.8226581Z /usr/bin/tar: ../../../../../usr/local/lib/android/sdk/platforms/android-35-ext15/data/res/values-mcc311-mnc180-hu: Cannot change mode to rwxr-xr-x: Operation not permitted
build	Cache Android SDK	2026-06-06T12:23:02.8228907Z /usr/bin/tar: ../../../../../usr/local/lib/android/sdk/platforms/android-35-ext15/data/res/values-mcc310-mnc210-sv: Cannot utime: Operation not permitted
build	Cache Android SDK	2026-06-06T12:23:02.8229388Z /usr/bin/tar: ../../../../../usr/local/lib/android/sdk/platforms/android-35-ext15/data/res/values-mcc310-mnc210-sv: Cannot change mode to rwxr-xr-x: Operation not permitted
build	Cache Android SDK	2026-06-06T12:23:02.8232797Z /usr/bin/tar: ../../../../../usr/local/lib/android/sdk/platforms/android-35-ext15/data/res/values-mcc310-mnc280-be: Cannot utime: Operation not permitted
build	Cache Android SDK	2026-06-06T12:23:02.8233284Z /usr/bin/tar: ../../../../../usr/local/lib/android/sdk/platforms/android-35-ext15/data/res/values-mcc310-mnc280-be: Cannot change mode to rwxr-xr-x: Operation not permitted
build	Cache Android SDK	2026-06-06T12:23:02.8235862Z /usr/bin/tar: ../../../../../usr/local/lib/android/sdk/platforms/android-35-ext15/data/res/values-mcc310-mnc220-en-rGB: Cannot utime: Operation not permitted
build	Cache Android SDK	2026-06-06T12:23:02.8236507Z /usr/bin/tar: ../../../../../usr/local/lib/android/sdk/platforms/android-35-ext15/data/res/values-mcc310-mnc220-en-rGB: Cannot change mode to rwxr-xr-x: Operation not permitted
build	Cache Android SDK	2026-06-06T12:23:02.8239261Z /usr/bin/tar: ../../../../../usr/local/lib/android/sdk/platforms/android-35-ext15/data/res/values-mcc310-mnc950-el: Cannot utime: Operation not permitted
build	Cache Android SDK	2026-06-06T12:23:02.8239739Z /usr/bin/tar: ../../../../../usr/local/lib/android/sdk/platforms/android-35-ext15/data/res/values-mcc310-mnc950-el: Cannot change mode to rwxr-xr-x: Operation not permitted
build	Cache Android SDK	2026-06-06T12:23:02.8242801Z /usr/bin/tar: ../../../../../usr/local/lib/android/sdk/platforms/android-35-ext15/data/res/values-mcc310-mnc220-gu: Cannot utime: Operation not permitted
build	Cache Android SDK	2026-06-06T12:23:02.8243271Z /usr/bin/tar: ../../../../../usr/local/lib/android/sdk/platforms/android-35-ext15/data/res/values-mcc310-mnc220-gu: Cannot change mode to rwxr-xr-x: Operation not permitted
build	Cache Android SDK	2026-06-06T12:23:02.8246114Z /usr/bin/tar: ../../../../../usr/local/lib/android/sdk/platforms/android-35-ext15/data/res/values-mcc310-mnc590: Cannot utime: Operation not permitted
build	Cache Android SDK	2026-06-06T12:23:02.8246593Z /usr/bin/tar: ../../../../../usr/local/lib/android/sdk/platforms/android-35-ext15/data/res/values-mcc310-mnc590: Cannot change mode to rwxr-xr-x: Operation not permitted
build	Cache Android SDK	2026-06-06T12:23:02.8249640Z /usr/bin/tar: ../../../../../usr/local/lib/android/sdk/platforms/android-35-ext15/data/res/values-mcc310-mnc800-tr: Cannot utime: Operation not permitted
build	Cache Android SDK	2026-06-06T12:23:02.8250232Z /usr/bin/tar: ../../../../../usr/local/lib/android/sdk/platforms/android-35-ext15/data/res/values-mcc310-mnc800-tr: Cannot change mode to rwxr-xr-x: Operation not permitted
build	Cache Android SDK	2026-06-06T12:23:02.8252793Z /usr/bin/tar: ../../../../../usr/local/lib/android/sdk/platforms/android-35-ext15/data/res/values-mcc310-mnc800-fr-rCA: Cannot utime: Operation not permitted
build	Cache Android SDK	2026-06-06T12:23:02.8253296Z /usr/bin/tar: ../../../../../usr/local/lib/android/sdk/platforms/android-35-ext15/data/res/values-mcc310-mnc800-fr-rCA: Cannot change mode to rwxr-xr-x: Operation not permitted
build	Cache Android SDK	2026-06-06T12:23:02.8256070Z /usr/bin/tar: ../../../../../usr/local/lib/android/sdk/platforms/android-35-ext15/data/res/values-mcc310-mnc250-ml: Cannot utime: Operation not permitted
build	Cache Android SDK	2026-06-06T12:23:02.8256551Z /usr/bin/tar: ../../../../../usr/local/lib/android/sdk/platforms/android-35-ext15/data/res/values-mcc310-mnc250-ml: Cannot change mode to rwxr-xr-x: Operation not permitted
build	Cache Android SDK	2026-06-06T12:23:02.8259212Z /usr/bin/tar: ../../../../../usr/local/lib/android/sdk/platforms/android-35-ext15/data/res/values-mcc310-mnc220-ar: Cannot utime: Operation not permitted
build	Cache Android SDK	2026-06-06T12:23:02.8259683Z /usr/bin/tar: ../../../../../usr/local/lib/android/sdk/platforms/android-35-ext15/data/res/values-mcc310-mnc220-ar: Cannot change mode to rwxr-xr-x: Operation not permitted
build	Cache Android SDK	2026-06-06T12:23:02.8262147Z /usr/bin/tar: ../../../../../usr/local/lib/android/sdk/platforms/android-35-ext15/data/res/values-mcc334-mnc030: Cannot utime: Operation not permitted
build	Cache Android SDK	2026-06-06T12:23:02.8262630Z /usr/bin/tar: ../../../../../usr/local/lib/android/sdk/platforms/android-35-ext15/data/res/values-mcc334-mnc030: Cannot change mode to rwxr-xr-x: Operation not permitted
build	Cache Android SDK	2026-06-06T12:23:02.8265146Z /usr/bin/tar: ../../../../../usr/local/lib/android/sdk/platforms/android-35-ext15/data/res/values-mcc312-mnc670-lv: Cannot utime: Operation not permitted
build	Cache Android SDK	2026-06-06T12:23:02.8265627Z /usr/bin/tar: ../../../../../usr/local/lib/android/sdk/platforms/android-35-ext15/data/res/values-mcc312-mnc670-lv: Cannot change mode to rwxr-xr-x: Operation not permitted
build	Cache Android SDK	2026-06-06T12:23:02.8268267Z /usr/bin/tar: ../../../../../usr/local/lib/android/sdk/platforms/android-35-ext15/data/res/values-mcc310-mnc220-lo: Cannot utime: Operation not permitted
build	Cache Android SDK	2026-06-06T12:23:02.8268746Z /usr/bin/tar: ../../../../../usr/local/lib/android/sdk/platforms/android-35-ext15/data/res/values-mcc310-mnc220-lo: Cannot change mode to rwxr-xr-x: Operation not permitted
build	Cache Android SDK	2026-06-06T12:23:02.8271211Z /usr/bin/tar: ../../../../../usr/local/lib/android/sdk/platforms/android-35-ext15/data/res/values-mcc310-mnc230-pt-rBR: Cannot utime: Operation not permitted
build	Cache Android SDK	2026-06-06T12:23:02.8271711Z /usr/bin/tar: ../../../../../usr/local/lib/android/sdk/platforms/android-35-ext15/data/res/values-mcc310-mnc230-pt-rBR: Cannot change mode to rwxr-xr-x: Operation not permitted
build	Cache Android SDK	2026-06-06T12:23:02.8273991Z /usr/bin/tar: ../../../../../usr/local/lib/android/sdk/platforms/android-35-ext15/data/res/values-mcc310-mnc380: Cannot utime: Operation not permitted
build	Cache Android SDK	2026-06-06T12:23:02.8274666Z /usr/bin/tar: ../../../../../usr/local/lib/android/sdk/platforms/android-35-ext15/data/res/values-mcc310-mnc380: Cannot change mode to rwxr-xr-x: Operation not permitted
build	Cache Android SDK	2026-06-06T12:23:02.8277767Z /usr/bin/tar: ../../../../../usr/local/lib/android/sdk/platforms/android-35-ext15/data/res/values-mcc310-mnc170-pt: Cannot utime: Operation not permitted
build	Cache Android SDK	2026-06-06T12:23:02.8278278Z /usr/bin/tar: ../../../../../usr/local/lib/android/sdk/platforms/android-35-ext15/data/res/values-mcc310-mnc170-pt: Cannot change mode to rwxr-xr-x: Operation not permitted
build	Cache Android SDK	2026-06-06T12:23:02.8280294Z /usr/bin/tar: ../../../../../usr/local/lib/android/sdk/platforms/android-35-ext15/data/res/values-mcc311-mnc180-ne: Cannot utime: Operation not permitted
build	Cache Android SDK	2026-06-06T12:23:02.8280769Z /usr/bin/tar: ../../../../../usr/local/lib/android/sdk/platforms/android-35-ext15/data/res/values-mcc311-mnc180-ne: Cannot change mode to rwxr-xr-x: Operation not permitted
build	Cache Android SDK	2026-06-06T12:23:02.8283528Z /usr/bin/tar: ../../../../../usr/local/lib/android/sdk/platforms/android-35-ext15/data/res/values-bs-television: Cannot utime: Operation not permitted
build	Cache Android SDK	2026-06-06T12:23:02.8284007Z /usr/bin/tar: ../../../../../usr/local/lib/android/sdk/platforms/android-35-ext15/data/res/values-bs-television: Cannot change mode to rwxr-xr-x: Operation not permitted
build	Cache Android SDK	2026-06-06T12:23:02.8301333Z /usr/bin/tar: ../../../../../usr/local/lib/android/sdk/platforms/android-35-ext15/data/res/values-mcc310-mnc270-ru: Cannot utime: Operation not permitted
build	Cache Android SDK	2026-06-06T12:23:02.8302172Z /usr/bin/tar: ../../../../../usr/local/lib/android/sdk/platforms/android-35-ext15/data/res/values-mcc310-mnc270-ru: Cannot change mode to rwxr-xr-x: Operation not permitted
build	Cache Android SDK	2026-06-06T12:23:02.8302615Z /usr/bin/tar: ../../../../../usr/local/lib/android/sdk/platforms/android-35-ext15/data/res/values-mcc310-mnc220-sk: Cannot utime: Operation not permitted
build	Cache Android SDK	2026-06-06T12:23:02.8303098Z /usr/bin/tar: ../../../../../usr/local/lib/android/sdk/platforms/android-35-ext15/data/res/values-mcc310-mnc220-sk: Cannot change mode to rwxr-xr-x: Operation not permitted
build	Cache Android SDK	2026-06-06T12:23:02.8303514Z /usr/bin/tar: ../../../../../usr/local/lib/android/sdk/platforms/android-35-ext15/data/res/values-mcc310-mnc150: Cannot utime: Operation not permitted
build	Cache Android SDK	2026-06-06T12:23:02.8304242Z /usr/bin/tar: ../../../../../usr/local/lib/android/sdk/platforms/android-35-ext15/data/res/values-mcc310-mnc150: Cannot change mode to rwxr-xr-x: Operation not permitted
build	Cache Android SDK	2026-06-06T12:23:02.8305143Z /usr/bin/tar: ../../../../../usr/local/lib/android/sdk/platforms/android-35-ext15/data/res/values-mcc310-mnc410-sv: Cannot utime: Operation not permitted
build	Cache Android SDK	2026-06-06T12:23:02.8305698Z /usr/bin/tar: ../../../../../usr/local/lib/android/sdk/platforms/android-35-ext15/data/res/values-mcc310-mnc410-sv: Cannot change mode to rwxr-xr-x: Operation not permitted
build	Cache Android SDK	2026-06-06T12:23:02.8306110Z /usr/bin/tar: ../../../../../usr/local/lib/android/sdk/platforms/android-35-ext15/data/res/values-mcc310-mnc210-lv: Cannot utime: Operation not permitted
build	Cache Android SDK	2026-06-06T12:23:02.8306576Z /usr/bin/tar: ../../../../../usr/local/lib/android/sdk/platforms/android-35-ext15/data/res/values-mcc310-mnc210-lv: Cannot change mode to rwxr-xr-x: Operation not permitted
build	Cache Android SDK	2026-06-06T12:23:02.8306993Z /usr/bin/tar: ../../../../../usr/local/lib/android/sdk/platforms/android-35-ext15/data/res/values-mcc310-mnc280-sv: Cannot utime: Operation not permitted
build	Cache Android SDK	2026-06-06T12:23:02.8307806Z /usr/bin/tar: ../../../../../usr/local/lib/android/sdk/platforms/android-35-ext15/data/res/values-mcc310-mnc280-sv: Cannot change mode to rwxr-xr-x: Operation not permitted
build	Cache Android SDK	2026-06-06T12:23:02.8309167Z /usr/bin/tar: ../../../../../usr/local/lib/android/sdk/platforms/android-35-ext15/data/res/values-mcc310-mnc660-ar: Cannot utime: Operation not permitted
build	Cache Android SDK	2026-06-06T12:23:02.8309636Z /usr/bin/tar: ../../../../../usr/local/lib/android/sdk/platforms/android-35-ext15/data/res/values-mcc310-mnc660-ar: Cannot change mode to rwxr-xr-x: Operation not permitted
build	Cache Android SDK	2026-06-06T12:23:02.8317075Z /usr/bin/tar: ../../../../../usr/local/lib/android/sdk/platforms/android-35-ext15/data/res/values-sw: Cannot utime: Operation not permitted
build	Cache Android SDK	2026-06-06T12:23:02.8317883Z /usr/bin/tar: ../../../../../usr/local/lib/android/sdk/platforms/android-35-ext15/data/res/values-sw: Cannot change mode to rwxr-xr-x: Operation not permitted
build	Cache Android SDK	2026-06-06T12:23:02.8319897Z /usr/bin/tar: ../../../../../usr/local/lib/android/sdk/platforms/android-35-ext15/data/res/values-mcc313-mnc100-ne: Cannot utime: Operation not permitted
build	Cache Android SDK	2026-06-06T12:23:02.8320487Z /usr/bin/tar: ../../../../../usr/local/lib/android/sdk/platforms/android-35-ext15/data/res/values-mcc313-mnc100-ne: Cannot change mode to rwxr-xr-x: Operation not permitted
build	Cache Android SDK	2026-06-06T12:23:02.8322947Z /usr/bin/tar: ../../../../../usr/local/lib/android/sdk/platforms/android-35-ext15/data/res/values-mcc310-mnc200-zh-rHK: Cannot utime: Operation not permitted
build	Cache Android SDK	2026-06-06T12:23:02.8323660Z /usr/bin/tar: ../../../../../usr/local/lib/android/sdk/platforms/android-35-ext15/data/res/values-mcc310-mnc200-zh-rHK: Cannot change mode to rwxr-xr-x: Operation not permitted
build	Cache Android SDK	2026-06-06T12:23:02.8329751Z /usr/bin/tar: ../../../../../usr/local/lib/android/sdk/platforms/android-35-ext15/data/res/values-mcc310-mnc310-mn: Cannot utime: Operation not permitted
build	Cache Android SDK	2026-06-06T12:23:02.8330227Z /usr/bin/tar: ../../../../../usr/local/lib/android/sdk/platforms/android-35-ext15/data/res/values-mcc310-mnc310-mn: Cannot change mode to rwxr-xr-x: Operation not permitted
build	Cache Android SDK	2026-06-06T12:23:02.8333347Z /usr/bin/tar: ../../../../../usr/local/lib/android/sdk/platforms/android-35-ext15/data/res/values-mcc311-mnc180-th: Cannot utime: Operation not permitted
build	Cache Android SDK	2026-06-06T12:23:02.8333816Z /usr/bin/tar: ../../../../../usr/local/lib/android/sdk/platforms/android-35-ext15/data/res/values-mcc311-mnc180-th: Cannot change mode to rwxr-xr-x: Operation not permitted
build	Cache Android SDK	2026-06-06T12:23:02.8340138Z /usr/bin/tar: ../../../../../usr/local/lib/android/sdk/platforms/android-35-ext15/data/res/values-mcc311-mnc180-fr-rCA: Cannot utime: Operation not permitted
build	Cache Android SDK	2026-06-06T12:23:02.8341134Z /usr/bin/tar: ../../../../../usr/local/lib/android/sdk/platforms/android-35-ext15/data/res/values-mcc311-mnc180-fr-rCA: Cannot change mode to rwxr-xr-x: Operation not permitted
build	Cache Android SDK	2026-06-06T12:23:02.8344311Z /usr/bin/tar: ../../../../../usr/local/lib/android/sdk/platforms/android-35-ext15/data/res/values-sl-rSI: Cannot utime: Operation not permitted
build	Cache Android SDK	2026-06-06T12:23:02.8344914Z /usr/bin/tar: ../../../../../usr/local/lib/android/sdk/platforms/android-35-ext15/data/res/values-sl-rSI: Cannot change mode to rwxr-xr-x: Operation not permitted
build	Cache Android SDK	2026-06-06T12:23:02.8348446Z /usr/bin/tar: ../../../../../usr/local/lib/android/sdk/platforms/android-35-ext15/data/res/values-ja-rJP: Cannot utime: Operation not permitted
build	Cache Android SDK	2026-06-06T12:23:02.8348891Z /usr/bin/tar: ../../../../../usr/local/lib/android/sdk/platforms/android-35-ext15/data/res/values-ja-rJP: Cannot change mode to rwxr-xr-x: Operation not permitted
build	Cache Android SDK	2026-06-06T12:23:02.8353565Z /usr/bin/tar: ../../../../../usr/local/lib/android/sdk/platforms/android-35-ext15/data/res/values-mcc313-mnc100-uz: Cannot utime: Operation not permitted
build	Cache Android SDK	2026-06-06T12:23:02.8354077Z /usr/bin/tar: ../../../../../usr/local/lib/android/sdk/platforms/android-35-ext15/data/res/values-mcc313-mnc100-uz: Cannot change mode to rwxr-xr-x: Operation not permitted
build	Cache Android SDK	2026-06-06T12:23:02.8360996Z /usr/bin/tar: ../../../../../usr/local/lib/android/sdk/platforms/android-35-ext15/data/res/values-mcc310-mnc230-vi: Cannot utime: Operation not permitted
build	Cache Android SDK	2026-06-06T12:23:02.8361581Z /usr/bin/tar: ../../../../../usr/local/lib/android/sdk/platforms/android-35-ext15/data/res/values-mcc310-mnc230-vi: Cannot change mode to rwxr-xr-x: Operation not permitted
build	Cache Android SDK	2026-06-06T12:23:02.8364504Z /usr/bin/tar: ../../../../../usr/local/lib/android/sdk/platforms/android-35-ext15/data/res/values-mcc310-mnc560-iw: Cannot utime: Operation not permitted
build	Cache Android SDK	2026-06-06T12:23:02.8364977Z /usr/bin/tar: ../../../../../usr/local/lib/android/sdk/platforms/android-35-ext15/data/res/values-mcc310-mnc560-iw: Cannot change mode to rwxr-xr-x: Operation not permitted
build	Cache Android SDK	2026-06-06T12:23:02.8368049Z /usr/bin/tar: ../../../../../usr/local/lib/android/sdk/platforms/android-35-ext15/data/res/values-mcc310-mnc170-sv: Cannot utime: Operation not permitted
build	Cache Android SDK	2026-06-06T12:23:02.8368612Z /usr/bin/tar: ../../../../../usr/local/lib/android/sdk/platforms/android-35-ext15/data/res/values-mcc310-mnc170-sv: Cannot change mode to rwxr-xr-x: Operation not permitted
build	Cache Android SDK	2026-06-06T12:23:02.8371521Z /usr/bin/tar: ../../../../../usr/local/lib/android/sdk/platforms/android-35-ext15/data/res/values-mcc310-mnc260: Cannot utime: Operation not permitted
build	Cache Android SDK	2026-06-06T12:23:02.8372064Z /usr/bin/tar: ../../../../../usr/local/lib/android/sdk/platforms/android-35-ext15/data/res/values-mcc310-mnc260: Cannot change mode to rwxr-xr-x: Operation not permitted
build	Cache Android SDK	2026-06-06T12:23:02.8375388Z /usr/bin/tar: ../../../../../usr/local/lib/android/sdk/platforms/android-35-ext15/data/res/values-mcc302-mnc720-mr: Cannot utime: Operation not permitted
build	Cache Android SDK	2026-06-06T12:23:02.8375981Z /usr/bin/tar: ../../../../../usr/local/lib/android/sdk/platforms/android-35-ext15/data/res/values-mcc302-mnc720-mr: Cannot change mode to rwxr-xr-x: Operation not permitted
build	Cache Android SDK	2026-06-06T12:23:02.8379233Z /usr/bin/tar: ../../../../../usr/local/lib/android/sdk/platforms/android-35-ext15/data/res/values-mcc310-mnc210-lo: Cannot utime: Operation not permitted
build	Cache Android SDK	2026-06-06T12:23:02.8379751Z /usr/bin/tar: ../../../../../usr/local/lib/android/sdk/platforms/android-35-ext15/data/res/values-mcc310-mnc210-lo: Cannot change mode to rwxr-xr-x: Operation not permitted
build	Cache Android SDK	2026-06-06T12:23:02.8382300Z /usr/bin/tar: ../../../../../usr/local/lib/android/sdk/platforms/android-35-ext15/data/res/values-mcc310-mnc150-af: Cannot utime: Operation not permitted
build	Cache Android SDK	2026-06-06T12:23:02.8382865Z /usr/bin/tar: ../../../../../usr/local/lib/android/sdk/platforms/android-35-ext15/data/res/values-mcc310-mnc150-af: Cannot change mode to rwxr-xr-x: Operation not permitted
build	Cache Android SDK	2026-06-06T12:23:02.8387304Z /usr/bin/tar: ../../../../../usr/local/lib/android/sdk/platforms/android-35-ext15/data/res/layout-car: Cannot utime: Operation not permitted
build	Cache Android SDK	2026-06-06T12:23:02.8388081Z /usr/bin/tar: ../../../../../usr/local/lib/android/sdk/platforms/android-35-ext15/data/res/layout-car: Cannot change mode to rwxr-xr-x: Operation not permitted
build	Cache Android SDK	2026-06-06T12:23:02.8390687Z /usr/bin/tar: ../../../../../usr/local/lib/android/sdk/platforms/android-35-ext15/data/res/values-mcc310-mnc270-iw: Cannot utime: Operation not permitted
build	Cache Android SDK	2026-06-06T12:23:02.8391309Z /usr/bin/tar: ../../../../../usr/local/lib/android/sdk/platforms/android-35-ext15/data/res/values-mcc310-mnc270-iw: Cannot change mode to rwxr-xr-x: Operation not permitted
build	Cache Android SDK	2026-06-06T12:23:02.8393755Z /usr/bin/tar: ../../../../../usr/local/lib/android/sdk/platforms/android-35-ext15/data/res/values-mcc310-mnc660-ne: Cannot utime: Operation not permitted
build	Cache Android SDK	2026-06-06T12:23:02.8394223Z /usr/bin/tar: ../../../../../usr/local/lib/android/sdk/platforms/android-35-ext15/data/res/values-mcc310-mnc660-ne: Cannot change mode to rwxr-xr-x: Operation not permitted
build	Cache Android SDK	2026-06-06T12:23:02.8396634Z /usr/bin/tar: ../../../../../usr/local/lib/android/sdk/platforms/android-35-ext15/data/res/values-sw-rTZ: Cannot utime: Operation not permitted
build	Cache Android SDK	2026-06-06T12:23:02.8397096Z /usr/bin/tar: ../../../../../usr/local/lib/android/sdk/platforms/android-35-ext15/data/res/values-sw-rTZ: Cannot change mode to rwxr-xr-x: Operation not permitted
build	Cache Android SDK	2026-06-06T12:23:02.8399834Z /usr/bin/tar: ../../../../../usr/local/lib/android/sdk/platforms/android-35-ext15/data/res/values-mcc310-mnc160-zu: Cannot utime: Operation not permitted
build	Cache Android SDK	2026-06-06T12:23:02.8400411Z /usr/bin/tar: ../../../../../usr/local/lib/android/sdk/platforms/android-35-ext15/data/res/values-mcc310-mnc160-zu: Cannot change mode to rwxr-xr-x: Operation not permitted
build	Cache Android SDK	2026-06-06T12:23:02.8403741Z /usr/bin/tar: ../../../../../usr/local/lib/android/sdk/platforms/android-35-ext15/data/res/values-mcc334-mnc020-ne: Cannot utime: Operation not permitted
build	Cache Android SDK	2026-06-06T12:23:02.8404221Z /usr/bin/tar: ../../../../../usr/local/lib/android/sdk/platforms/android-35-ext15/data/res/values-mcc334-mnc020-ne: Cannot change mode to rwxr-xr-x: Operation not permitted
build	Cache Android SDK	2026-06-06T12:23:02.8407768Z /usr/bin/tar: ../../../../../usr/local/lib/android/sdk/platforms/android-35-ext15/data/res/values-mcc302-mnc720-ro: Cannot utime: Operation not permitted
build	Cache Android SDK	2026-06-06T12:23:02.8408297Z /usr/bin/tar: ../../../../../usr/local/lib/android/sdk/platforms/android-35-ext15/data/res/values-mcc302-mnc720-ro: Cannot change mode to rwxr-xr-x: Operation not permitted
build	Cache Android SDK	2026-06-06T12:23:02.8411984Z /usr/bin/tar: ../../../../../usr/local/lib/android/sdk/platforms/android-35-ext15/data/res/values-mcc310-mnc490-en-rGB: Cannot utime: Operation not permitted
build	Cache Android SDK	2026-06-06T12:23:02.8412531Z /usr/bin/tar: ../../../../../usr/local/lib/android/sdk/platforms/android-35-ext15/data/res/values-mcc310-mnc490-en-rGB: Cannot change mode to rwxr-xr-x: Operation not permitted
build	Cache Android SDK	2026-06-06T12:23:02.8416595Z /usr/bin/tar: ../../../../../usr/local/lib/android/sdk/platforms/android-35-ext15/data/res/values-de-rDE: Cannot utime: Operation not permitted
build	Cache Android SDK	2026-06-06T12:23:02.8417139Z /usr/bin/tar: ../../../../../usr/local/lib/android/sdk/platforms/android-35-ext15/data/res/values-de-rDE: Cannot change mode to rwxr-xr-x: Operation not permitted
build	Cache Android SDK	2026-06-06T12:23:02.8419733Z /usr/bin/tar: ../../../../../usr/local/lib/android/sdk/platforms/android-35-ext15/data/res/values-mcc334-mnc020-ml: Cannot utime: Operation not permitted
build	Cache Android SDK	2026-06-06T12:23:02.8420259Z /usr/bin/tar: ../../../../../usr/local/lib/android/sdk/platforms/android-35-ext15/data/res/values-mcc334-mnc020-ml: Cannot change mode to rwxr-xr-x: Operation not permitted
build	Cache Android SDK	2026-06-06T12:23:02.8423442Z /usr/bin/tar: ../../../../../usr/local/lib/android/sdk/platforms/android-35-ext15/data/res/values-mcc334-mnc020-zh-rCN: Cannot utime: Operation not permitted
build	Cache Android SDK	2026-06-06T12:23:02.8423926Z /usr/bin/tar: ../../../../../usr/local/lib/android/sdk/platforms/android-35-ext15/data/res/values-mcc334-mnc020-zh-rCN: Cannot change mode to rwxr-xr-x: Operation not permitted
build	Cache Android SDK	2026-06-06T12:23:02.8426317Z /usr/bin/tar: ../../../../../usr/local/lib/android/sdk/platforms/android-35-ext15/data/res/values-mcc310-mnc150-te: Cannot utime: Operation not permitted
build	Cache Android SDK	2026-06-06T12:23:02.8426777Z /usr/bin/tar: ../../../../../usr/local/lib/android/sdk/platforms/android-35-ext15/data/res/values-mcc310-mnc150-te: Cannot change mode to rwxr-xr-x: Operation not permitted
build	Cache Android SDK	2026-06-06T12:23:02.8430881Z /usr/bin/tar: ../../../../../usr/local/lib/android/sdk/platforms/android-35-ext15/data/res/values-mcc310-mnc200-b+sr+Latn: Cannot utime: Operation not permitted
build	Cache Android SDK	2026-06-06T12:23:02.8431372Z /usr/bin/tar: ../../../../../usr/local/lib/android/sdk/platforms/android-35-ext15/data/res/values-mcc310-mnc200-b+sr+Latn: Cannot change mode to rwxr-xr-x: Operation not permitted
build	Cache Android SDK	2026-06-06T12:23:02.8435287Z /usr/bin/tar: ../../../../../usr/local/lib/android/sdk/platforms/android-35-ext15/data/res/values-mcc310-mnc150-ml: Cannot utime: Operation not permitted
build	Cache Android SDK	2026-06-06T12:23:02.8435757Z /usr/bin/tar: ../../../../../usr/local/lib/android/sdk/platforms/android-35-ext15/data/res/values-mcc310-mnc150-ml: Cannot change mode to rwxr-xr-x: Operation not permitted
build	Cache Android SDK	2026-06-06T12:23:02.8438888Z /usr/bin/tar: ../../../../../usr/local/lib/android/sdk/platforms/android-35-ext15/data/res/values-mcc001-mnc01-ja: Cannot utime: Operation not permitted
build	Cache Android SDK	2026-06-06T12:23:02.8439356Z /usr/bin/tar: ../../../../../usr/local/lib/android/sdk/platforms/android-35-ext15/data/res/values-mcc001-mnc01-ja: Cannot change mode to rwxr-xr-x: Operation not permitted
build	Cache Android SDK	2026-06-06T12:23:02.8442877Z /usr/bin/tar: ../../../../../usr/local/lib/android/sdk/platforms/android-35-ext15/data/res/values-mcc310-mnc150-uk: Cannot utime: Operation not permitted
build	Cache Android SDK	2026-06-06T12:23:02.8443326Z /usr/bin/tar: ../../../../../usr/local/lib/android/sdk/platforms/android-35-ext15/data/res/values-mcc310-mnc150-uk: Cannot change mode to rwxr-xr-x: Operation not permitted
build	Cache Android SDK	2026-06-06T12:23:02.8446655Z /usr/bin/tar: ../../../../../usr/local/lib/android/sdk/platforms/android-35-ext15/data/res/values-mcc334-mnc020-de: Cannot utime: Operation not permitted
build	Cache Android SDK	2026-06-06T12:23:02.8447202Z /usr/bin/tar: ../../../../../usr/local/lib/android/sdk/platforms/android-35-ext15/data/res/values-mcc334-mnc020-de: Cannot change mode to rwxr-xr-x: Operation not permitted
build	Cache Android SDK	2026-06-06T12:23:02.8450594Z /usr/bin/tar: ../../../../../usr/local/lib/android/sdk/platforms/android-35-ext15/data/res/values-mcc310-mnc230-es: Cannot utime: Operation not permitted
build	Cache Android SDK	2026-06-06T12:23:02.8451066Z /usr/bin/tar: ../../../../../usr/local/lib/android/sdk/platforms/android-35-ext15/data/res/values-mcc310-mnc230-es: Cannot change mode to rwxr-xr-x: Operation not permitted
build	Cache Android SDK	2026-06-06T12:23:02.8453786Z /usr/bin/tar: ../../../../../usr/local/lib/android/sdk/platforms/android-35-ext15/data/res/values-mcc310-mnc280-fr: Cannot utime: Operation not permitted
build	Cache Android SDK	2026-06-06T12:23:02.8454244Z /usr/bin/tar: ../../../../../usr/local/lib/android/sdk/platforms/android-35-ext15/data/res/values-mcc310-mnc280-fr: Cannot change mode to rwxr-xr-x: Operation not permitted
build	Cache Android SDK	2026-06-06T12:23:02.8456746Z /usr/bin/tar: ../../../../../usr/local/lib/android/sdk/platforms/android-35-ext15/data/res/values-mcc302-mnc370-eu: Cannot utime: Operation not permitted
build	Cache Android SDK	2026-06-06T12:23:02.8457209Z /usr/bin/tar: ../../../../../usr/local/lib/android/sdk/platforms/android-35-ext15/data/res/values-mcc302-mnc370-eu: Cannot change mode to rwxr-xr-x: Operation not permitted
build	Cache Android SDK	2026-06-06T12:23:02.8460109Z /usr/bin/tar: ../../../../../usr/local/lib/android/sdk/platforms/android-35-ext15/data/res/values-mcc334-mnc020-ja: Cannot utime: Operation not permitted
build	Cache Android SDK	2026-06-06T12:23:02.8460576Z /usr/bin/tar: ../../../../../usr/local/lib/android/sdk/platforms/android-35-ext15/data/res/values-mcc334-mnc020-ja: Cannot change mode to rwxr-xr-x: Operation not permitted
build	Cache Android SDK	2026-06-06T12:23:02.8465679Z /usr/bin/tar: ../../../../../usr/local/lib/android/sdk/platforms/android-35-ext15/data/res/values-mcc310-mnc250-my: Cannot utime: Operation not permitted
build	Cache Android SDK	2026-06-06T12:23:02.8466147Z /usr/bin/tar: ../../../../../usr/local/lib/android/sdk/platforms/android-35-ext15/data/res/values-mcc310-mnc250-my: Cannot change mode to rwxr-xr-x: Operation not permitted
build	Cache Android SDK	2026-06-06T12:23:02.8469181Z /usr/bin/tar: ../../../../../usr/local/lib/android/sdk/platforms/android-35-ext15/data/res/values-mcc310-mnc380-b+sr+Latn: Cannot utime: Operation not permitted
build	Cache Android SDK	2026-06-06T12:23:02.8469751Z /usr/bin/tar: ../../../../../usr/local/lib/android/sdk/platforms/android-35-ext15/data/res/values-mcc310-mnc380-b+sr+Latn: Cannot change mode to rwxr-xr-x: Operation not permitted
build	Cache Android SDK	2026-06-06T12:23:02.8476505Z /usr/bin/tar: ../../../../../usr/local/lib/android/sdk/platforms/android-35-ext15/data/res/values-mcc405: Cannot utime: Operation not permitted
build	Cache Android SDK	2026-06-06T12:23:02.8476943Z /usr/bin/tar: ../../../../../usr/local/lib/android/sdk/platforms/android-35-ext15/data/res/values-mcc405: Cannot change mode to rwxr-xr-x: Operation not permitted
build	Cache Android SDK	2026-06-06T12:23:02.8480805Z /usr/bin/tar: ../../../../../usr/local/lib/android/sdk/platforms/android-35-ext15/data/res/values-mcc310-mnc560-km: Cannot utime: Operation not permitted
build	Cache Android SDK	2026-06-06T12:23:02.8481269Z /usr/bin/tar: ../../../../../usr/local/lib/android/sdk/platforms/android-35-ext15/data/res/values-mcc310-mnc560-km: Cannot change mode to rwxr-xr-x: Operation not permitted
build	Cache Android SDK	2026-06-06T12:23:02.8487634Z /usr/bin/tar: ../../../../../usr/local/lib/android/sdk/platforms/android-35-ext15/data/res/values-is: Cannot utime: Operation not permitted
build	Cache Android SDK	2026-06-06T12:23:02.8488250Z /usr/bin/tar: ../../../../../usr/local/lib/android/sdk/platforms/android-35-ext15/data/res/values-is: Cannot change mode to rwxr-xr-x: Operation not permitted
build	Cache Android SDK	2026-06-06T12:23:02.8491152Z /usr/bin/tar: ../../../../../usr/local/lib/android/sdk/platforms/android-35-ext15/data/res/values-mcc334-mnc020-it: Cannot utime: Operation not permitted
build	Cache Android SDK	2026-06-06T12:23:02.8491637Z /usr/bin/tar: ../../../../../usr/local/lib/android/sdk/platforms/android-35-ext15/data/res/values-mcc334-mnc020-it: Cannot change mode to rwxr-xr-x: Operation not permitted
build	Cache Android SDK	2026-06-06T12:23:02.8495642Z /usr/bin/tar: ../../../../../usr/local/lib/android/sdk/platforms/android-35-ext15/data/res/values-mcc310-mnc230-nl: Cannot utime: Operation not permitted
build	Cache Android SDK	2026-06-06T12:23:02.8496123Z /usr/bin/tar: ../../../../../usr/local/lib/android/sdk/platforms/android-35-ext15/data/res/values-mcc310-mnc230-nl: Cannot change mode to rwxr-xr-x: Operation not permitted
build	Cache Android SDK	2026-06-06T12:23:02.8498654Z /usr/bin/tar: ../../../../../usr/local/lib/android/sdk/platforms/android-35-ext15/data/res/values-mcc310-mnc800-vi: Cannot utime: Operation not permitted
build	Cache Android SDK	2026-06-06T12:23:02.8499128Z /usr/bin/tar: ../../../../../usr/local/lib/android/sdk/platforms/android-35-ext15/data/res/values-mcc310-mnc800-vi: Cannot change mode to rwxr-xr-x: Operation not permitted
build	Cache Android SDK	2026-06-06T12:23:02.8504218Z /usr/bin/tar: ../../../../../usr/local/lib/android/sdk/platforms/android-35-ext15/data/res/values-ta-television: Cannot utime: Operation not permitted
build	Cache Android SDK	2026-06-06T12:23:02.8504816Z /usr/bin/tar: ../../../../../usr/local/lib/android/sdk/platforms/android-35-ext15/data/res/values-ta-television: Cannot change mode to rwxr-xr-x: Operation not permitted
build	Cache Android SDK	2026-06-06T12:23:02.8511025Z /usr/bin/tar: ../../../../../usr/local/lib/android/sdk/platforms/android-35-ext15/data/res/values-mcc302-mnc370-bs: Cannot utime: Operation not permitted
build	Cache Android SDK	2026-06-06T12:23:02.8511506Z /usr/bin/tar: ../../../../../usr/local/lib/android/sdk/platforms/android-35-ext15/data/res/values-mcc302-mnc370-bs: Cannot change mode to rwxr-xr-x: Operation not permitted
build	Cache Android SDK	2026-06-06T12:23:02.8518181Z /usr/bin/tar: ../../../../../usr/local/lib/android/sdk/platforms/android-35-ext15/data/res/values-sw600dp: Cannot utime: Operation not permitted
build	Cache Android SDK	2026-06-06T12:23:02.8518621Z /usr/bin/tar: ../../../../../usr/local/lib/android/sdk/platforms/android-35-ext15/data/res/values-sw600dp: Cannot change mode to rwxr-xr-x: Operation not permitted
build	Cache Android SDK	2026-06-06T12:23:02.8521462Z /usr/bin/tar: ../../../../../usr/local/lib/android/sdk/platforms/android-35-ext15/data/res/values-mcc310-mnc490-pl: Cannot utime: Operation not permitted
build	Cache Android SDK	2026-06-06T12:23:02.8521935Z /usr/bin/tar: ../../../../../usr/local/lib/android/sdk/platforms/android-35-ext15/data/res/values-mcc310-mnc490-pl: Cannot change mode to rwxr-xr-x: Operation not permitted
build	Cache Android SDK	2026-06-06T12:23:02.8525116Z /usr/bin/tar: ../../../../../usr/local/lib/android/sdk/platforms/android-35-ext15/data/res/values-mcc313-mnc100-da: Cannot utime: Operation not permitted
build	Cache Android SDK	2026-06-06T12:23:02.8525755Z /usr/bin/tar: ../../../../../usr/local/lib/android/sdk/platforms/android-35-ext15/data/res/values-mcc313-mnc100-da: Cannot change mode to rwxr-xr-x: Operation not permitted
build	Cache Android SDK	2026-06-06T12:23:02.8529300Z /usr/bin/tar: ../../../../../usr/local/lib/android/sdk/platforms/android-35-ext15/data/res/values-mcc313-mnc100-ta: Cannot utime: Operation not permitted
build	Cache Android SDK	2026-06-06T12:23:02.8529764Z /usr/bin/tar: ../../../../../usr/local/lib/android/sdk/platforms/android-35-ext15/data/res/values-mcc313-mnc100-ta: Cannot change mode to rwxr-xr-x: Operation not permitted
build	Cache Android SDK	2026-06-06T12:23:02.8533768Z /usr/bin/tar: ../../../../../usr/local/lib/android/sdk/platforms/android-35-ext15/data/res/values-mcc310-mnc220-sq: Cannot utime: Operation not permitted
build	Cache Android SDK	2026-06-06T12:23:02.8534237Z /usr/bin/tar: ../../../../../usr/local/lib/android/sdk/platforms/android-35-ext15/data/res/values-mcc310-mnc220-sq: Cannot change mode to rwxr-xr-x: Operation not permitted
build	Cache Android SDK	2026-06-06T12:23:02.8537472Z /usr/bin/tar: ../../../../../usr/local/lib/android/sdk/platforms/android-35-ext15/data/res/values-mcc310-mnc250-zh-rCN: Cannot utime: Operation not permitted
build	Cache Android SDK	2026-06-06T12:23:02.8538099Z /usr/bin/tar: ../../../../../usr/local/lib/android/sdk/platforms/android-35-ext15/data/res/values-mcc310-mnc250-zh-rCN: Cannot change mode to rwxr-xr-x: Operation not permitted
build	Cache Android SDK	2026-06-06T12:23:02.8541397Z /usr/bin/tar: ../../../../../usr/local/lib/android/sdk/platforms/android-35-ext15/data/res/values-mcc310-mnc150-gu: Cannot utime: Operation not permitted
build	Cache Android SDK	2026-06-06T12:23:02.8541875Z /usr/bin/tar: ../../../../../usr/local/lib/android/sdk/platforms/android-35-ext15/data/res/values-mcc310-mnc150-gu: Cannot change mode to rwxr-xr-x: Operation not permitted
build	Cache Android SDK	2026-06-06T12:23:02.8544568Z /usr/bin/tar: ../../../../../usr/local/lib/android/sdk/platforms/android-35-ext15/data/res/values-mcc310-mnc230-si: Cannot utime: Operation not permitted
build	Cache Android SDK	2026-06-06T12:23:02.8545038Z /usr/bin/tar: ../../../../../usr/local/lib/android/sdk/platforms/android-35-ext15/data/res/values-mcc310-mnc230-si: Cannot change mode to rwxr-xr-x: Operation not permitted
build	Cache Android SDK	2026-06-06T12:23:02.8547862Z /usr/bin/tar: ../../../../../usr/local/lib/android/sdk/platforms/android-35-ext15/data/res/values-mcc311-mnc180-ar: Cannot utime: Operation not permitted
build	Cache Android SDK	2026-06-06T12:23:02.8548342Z /usr/bin/tar: ../../../../../usr/local/lib/android/sdk/platforms/android-35-ext15/data/res/values-mcc311-mnc180-ar: Cannot change mode to rwxr-xr-x: Operation not permitted
build	Cache Android SDK	2026-06-06T12:23:02.8551878Z /usr/bin/tar: ../../../../../usr/local/lib/android/sdk/platforms/android-35-ext15/data/res/values-mcc310-mnc800-ca: Cannot utime: Operation not permitted
build	Cache Android SDK	2026-06-06T12:23:02.8552478Z /usr/bin/tar: ../../../../../usr/local/lib/android/sdk/platforms/android-35-ext15/data/res/values-mcc310-mnc800-ca: Cannot change mode to rwxr-xr-x: Operation not permitted
build	Cache Android SDK	2026-06-06T12:23:02.8556165Z /usr/bin/tar: ../../../../../usr/local/lib/android/sdk/platforms/android-35-ext15/data/res/values-mcc310-mnc560-as: Cannot utime: Operation not permitted
build	Cache Android SDK	2026-06-06T12:23:02.8556739Z /usr/bin/tar: ../../../../../usr/local/lib/android/sdk/platforms/android-35-ext15/data/res/values-mcc310-mnc560-as: Cannot change mode to rwxr-xr-x: Operation not permitted
build	Cache Android SDK	2026-06-06T12:23:02.8560165Z /usr/bin/tar: ../../../../../usr/local/lib/android/sdk/platforms/android-35-ext15/data/res/values-mcc310-mnc310-zh-rCN: Cannot utime: Operation not permitted
build	Cache Android SDK	2026-06-06T12:23:02.8560701Z /usr/bin/tar: ../../../../../usr/local/lib/android/sdk/platforms/android-35-ext15/data/res/values-mcc310-mnc310-zh-rCN: Cannot change mode to rwxr-xr-x: Operation not permitted
build	Cache Android SDK	2026-06-06T12:23:02.8563289Z /usr/bin/tar: ../../../../../usr/local/lib/android/sdk/platforms/android-35-ext15/data/res/values-mcc310-mnc800-gl: Cannot utime: Operation not permitted
build	Cache Android SDK	2026-06-06T12:23:02.8563767Z /usr/bin/tar: ../../../../../usr/local/lib/android/sdk/platforms/android-35-ext15/data/res/values-mcc310-mnc800-gl: Cannot change mode to rwxr-xr-x: Operation not permitted
build	Cache Android SDK	2026-06-06T12:23:02.8568103Z /usr/bin/tar: ../../../../../usr/local/lib/android/sdk/platforms/android-35-ext15/data/res/values-mcc310-mnc240-si: Cannot utime: Operation not permitted
build	Cache Android SDK	2026-06-06T12:23:02.8568566Z /usr/bin/tar: ../../../../../usr/local/lib/android/sdk/platforms/android-35-ext15/data/res/values-mcc310-mnc240-si: Cannot change mode to rwxr-xr-x: Operation not permitted
build	Cache Android SDK	2026-06-06T12:23:02.8572925Z /usr/bin/tar: ../../../../../usr/local/lib/android/sdk/platforms/android-35-ext15/data/res/values-mcc313-mnc100-en-rAU: Cannot utime: Operation not permitted
build	Cache Android SDK	2026-06-06T12:23:02.8573425Z /usr/bin/tar: ../../../../../usr/local/lib/android/sdk/platforms/android-35-ext15/data/res/values-mcc313-mnc100-en-rAU: Cannot change mode to rwxr-xr-x: Operation not permitted
build	Cache Android SDK	2026-06-06T12:23:02.8578016Z /usr/bin/tar: ../../../../../usr/local/lib/android/sdk/platforms/android-35-ext15/data/res/values-mcc310-mnc280-sk: Cannot utime: Operation not permitted
build	Cache Android SDK	2026-06-06T12:23:02.8578487Z /usr/bin/tar: ../../../../../usr/local/lib/android/sdk/platforms/android-35-ext15/data/res/values-mcc310-mnc280-sk: Cannot change mode to rwxr-xr-x: Operation not permitted
build	Cache Android SDK	2026-06-06T12:23:02.8585256Z /usr/bin/tar: ../../../../../usr/local/lib/android/sdk/platforms/android-35-ext15/data/res/values-mcc310-mnc170-or: Cannot utime: Operation not permitted
build	Cache Android SDK	2026-06-06T12:23:02.8585717Z /usr/bin/tar: ../../../../../usr/local/lib/android/sdk/platforms/android-35-ext15/data/res/values-mcc310-mnc170-or: Cannot change mode to rwxr-xr-x: Operation not permitted
build	Cache Android SDK	2026-06-06T12:23:02.8589656Z /usr/bin/tar: ../../../../../usr/local/lib/android/sdk/platforms/android-35-ext15/data/res/values-mcc310-mnc200-ko: Cannot utime: Operation not permitted
build	Cache Android SDK	2026-06-06T12:23:02.8590217Z /usr/bin/tar: ../../../../../usr/local/lib/android/sdk/platforms/android-35-ext15/data/res/values-mcc310-mnc200-ko: Cannot change mode to rwxr-xr-x: Operation not permitted
build	Cache Android SDK	2026-06-06T12:23:02.8592820Z /usr/bin/tar: ../../../../../usr/local/lib/android/sdk/platforms/android-35-ext15/data/res/values-mcc310-mnc270-b+sr+Latn: Cannot utime: Operation not permitted
build	Cache Android SDK	2026-06-06T12:23:02.8593331Z /usr/bin/tar: ../../../../../usr/local/lib/android/sdk/platforms/android-35-ext15/data/res/values-mcc310-mnc270-b+sr+Latn: Cannot change mode to rwxr-xr-x: Operation not permitted
build	Cache Android SDK	2026-06-06T12:23:02.8597845Z /usr/bin/tar: ../../../../../usr/local/lib/android/sdk/platforms/android-35-ext15/data/res/values-uz-television: Cannot utime: Operation not permitted
build	Cache Android SDK	2026-06-06T12:23:02.8598429Z /usr/bin/tar: ../../../../../usr/local/lib/android/sdk/platforms/android-35-ext15/data/res/values-uz-television: Cannot change mode to rwxr-xr-x: Operation not permitted
build	Cache Android SDK	2026-06-06T12:23:02.8601586Z /usr/bin/tar: ../../../../../usr/local/lib/android/sdk/platforms/android-35-ext15/data/res/values-mcc310-mnc030-tr: Cannot utime: Operation not permitted
build	Cache Android SDK	2026-06-06T12:23:02.8602251Z /usr/bin/tar: ../../../../../usr/local/lib/android/sdk/platforms/android-35-ext15/data/res/values-mcc310-mnc030-tr: Cannot change mode to rwxr-xr-x: Operation not permitted
build	Cache Android SDK	2026-06-06T12:23:02.8605260Z /usr/bin/tar: ../../../../../usr/local/lib/android/sdk/platforms/android-35-ext15/data/res/values-vi-television: Cannot utime: Operation not permitted
build	Cache Android SDK	2026-06-06T12:23:02.8605738Z /usr/bin/tar: ../../../../../usr/local/lib/android/sdk/platforms/android-35-ext15/data/res/values-vi-television: Cannot change mode to rwxr-xr-x: Operation not permitted
build	Cache Android SDK	2026-06-06T12:23:02.8608814Z /usr/bin/tar: ../../../../../usr/local/lib/android/sdk/platforms/android-35-ext15/data/res/values-mcc310-mnc800-sv: Cannot utime: Operation not permitted
build	Cache Android SDK	2026-06-06T12:23:02.8609291Z /usr/bin/tar: ../../../../../usr/local/lib/android/sdk/platforms/android-35-ext15/data/res/values-mcc310-mnc800-sv: Cannot change mode to rwxr-xr-x: Operation not permitted
build	Cache Android SDK	2026-06-06T12:23:02.8613106Z /usr/bin/tar: ../../../../../usr/local/lib/android/sdk/platforms/android-35-ext15/data/res/values-mcc001-mnc01-mn: Cannot utime: Operation not permitted
build	Cache Android SDK	2026-06-06T12:23:02.8613695Z /usr/bin/tar: ../../../../../usr/local/lib/android/sdk/platforms/android-35-ext15/data/res/values-mcc001-mnc01-mn: Cannot change mode to rwxr-xr-x: Operation not permitted
build	Cache Android SDK	2026-06-06T12:23:02.8616430Z /usr/bin/tar: ../../../../../usr/local/lib/android/sdk/platforms/android-35-ext15/data/res/values-mcc001-mnc01-sk: Cannot utime: Operation not permitted
build	Cache Android SDK	2026-06-06T12:23:02.8616887Z /usr/bin/tar: ../../../../../usr/local/lib/android/sdk/platforms/android-35-ext15/data/res/values-mcc001-mnc01-sk: Cannot change mode to rwxr-xr-x: Operation not permitted
build	Cache Android SDK	2026-06-06T12:23:02.8620619Z /usr/bin/tar: ../../../../../usr/local/lib/android/sdk/platforms/android-35-ext15/data/res/values-mcc311-mnc180-ko: Cannot utime: Operation not permitted
build	Cache Android SDK	2026-06-06T12:23:02.8621086Z /usr/bin/tar: ../../../../../usr/local/lib/android/sdk/platforms/android-35-ext15/data/res/values-mcc311-mnc180-ko: Cannot change mode to rwxr-xr-x: Operation not permitted
build	Cache Android SDK	2026-06-06T12:23:02.8624103Z /usr/bin/tar: ../../../../../usr/local/lib/android/sdk/platforms/android-35-ext15/data/res/raw-fi: Cannot utime: Operation not permitted
build	Cache Android SDK	2026-06-06T12:23:02.8624595Z /usr/bin/tar: ../../../../../usr/local/lib/android/sdk/platforms/android-35-ext15/data/res/raw-fi: Cannot change mode to rwxr-xr-x: Operation not permitted
build	Cache Android SDK	2026-06-06T12:23:02.8627569Z /usr/bin/tar: ../../../../../usr/local/lib/android/sdk/platforms/android-35-ext15/data/res/values-mcc313-mnc100-gu: Cannot utime: Operation not permitted
build	Cache Android SDK	2026-06-06T12:23:02.8628031Z /usr/bin/tar: ../../../../../usr/local/lib/android/sdk/platforms/android-35-ext15/data/res/values-mcc313-mnc100-gu: Cannot change mode to rwxr-xr-x: Operation not permitted
build	Cache Android SDK	2026-06-06T12:23:02.8631650Z /usr/bin/tar: ../../../../../usr/local/lib/android/sdk/platforms/android-35-ext15/data/res/values-mcc310-mnc240-lv: Cannot utime: Operation not permitted
build	Cache Android SDK	2026-06-06T12:23:02.8632116Z /usr/bin/tar: ../../../../../usr/local/lib/android/sdk/platforms/android-35-ext15/data/res/values-mcc310-mnc240-lv: Cannot change mode to rwxr-xr-x: Operation not permitted
build	Cache Android SDK	2026-06-06T12:23:02.8635277Z /usr/bin/tar: ../../../../../usr/local/lib/android/sdk/platforms/android-35-ext15/data/res/values-mcc310-mnc280-zh-rCN: Cannot utime: Operation not permitted
build	Cache Android SDK	2026-06-06T12:23:02.8635763Z /usr/bin/tar: ../../../../../usr/local/lib/android/sdk/platforms/android-35-ext15/data/res/values-mcc310-mnc280-zh-rCN: Cannot change mode to rwxr-xr-x: Operation not permitted
build	Cache Android SDK	2026-06-06T12:23:02.8641425Z /usr/bin/tar: ../../../../../usr/local/lib/android/sdk/platforms/android-35-ext15/data/res/values-en-rNZ: Cannot utime: Operation not permitted
build	Cache Android SDK	2026-06-06T12:23:02.8641958Z /usr/bin/tar: ../../../../../usr/local/lib/android/sdk/platforms/android-35-ext15/data/res/values-en-rNZ: Cannot change mode to rwxr-xr-x: Operation not permitted
build	Cache Android SDK	2026-06-06T12:23:02.8645518Z /usr/bin/tar: ../../../../../usr/local/lib/android/sdk/platforms/android-35-ext15/data/res/values-mcc310-mnc240-fr: Cannot utime: Operation not permitted
build	Cache Android SDK	2026-06-06T12:23:02.8645982Z /usr/bin/tar: ../../../../../usr/local/lib/android/sdk/platforms/android-35-ext15/data/res/values-mcc310-mnc240-fr: Cannot change mode to rwxr-xr-x: Operation not permitted
build	Cache Android SDK	2026-06-06T12:23:02.8651011Z /usr/bin/tar: ../../../../../usr/local/lib/android/sdk/platforms/android-35-ext15/data/res/values-mcc310-mnc250-si: Cannot utime: Operation not permitted
build	Cache Android SDK	2026-06-06T12:23:02.8651476Z /usr/bin/tar: ../../../../../usr/local/lib/android/sdk/platforms/android-35-ext15/data/res/values-mcc310-mnc250-si: Cannot change mode to rwxr-xr-x: Operation not permitted
build	Cache Android SDK	2026-06-06T12:23:02.8654488Z /usr/bin/tar: ../../../../../usr/local/lib/android/sdk/platforms/android-35-ext15/data/res/values-mcc310-mnc170-ja: Cannot utime: Operation not permitted
build	Cache Android SDK	2026-06-06T12:23:02.8654951Z /usr/bin/tar: ../../../../../usr/local/lib/android/sdk/platforms/android-35-ext15/data/res/values-mcc310-mnc170-ja: Cannot change mode to rwxr-xr-x: Operation not permitted
build	Cache Android SDK	2026-06-06T12:23:02.8658899Z /usr/bin/tar: ../../../../../usr/local/lib/android/sdk/platforms/android-35-ext15/data/res/values-mcc302-mnc720-hu: Cannot utime: Operation not permitted
build	Cache Android SDK	2026-06-06T12:23:02.8659466Z /usr/bin/tar: ../../../../../usr/local/lib/android/sdk/platforms/android-35-ext15/data/res/values-mcc302-mnc720-hu: Cannot change mode to rwxr-xr-x: Operation not permitted
build	Cache Android SDK	2026-06-06T12:23:02.8662124Z /usr/bin/tar: ../../../../../usr/local/lib/android/sdk/platforms/android-35-ext15/data/res/values-mcc310-mnc160-zh-rTW: Cannot utime: Operation not permitted
build	Cache Android SDK	2026-06-06T12:23:02.8662605Z /usr/bin/tar: ../../../../../usr/local/lib/android/sdk/platforms/android-35-ext15/data/res/values-mcc310-mnc160-zh-rTW: Cannot change mode to rwxr-xr-x: Operation not permitted
build	Cache Android SDK	2026-06-06T12:23:02.8665685Z /usr/bin/tar: ../../../../../usr/local/lib/android/sdk/platforms/android-35-ext15/data/res/values-mcc310-mnc310-gl: Cannot utime: Operation not permitted
build	Cache Android SDK	2026-06-06T12:23:02.8666152Z /usr/bin/tar: ../../../../../usr/local/lib/android/sdk/platforms/android-35-ext15/data/res/values-mcc310-mnc310-gl: Cannot change mode to rwxr-xr-x: Operation not permitted
build	Cache Android SDK	2026-06-06T12:23:02.8669634Z /usr/bin/tar: ../../../../../usr/local/lib/android/sdk/platforms/android-35-ext15/data/res/values-mcc310-mnc030-hr: Cannot utime: Operation not permitted
build	Cache Android SDK	2026-06-06T12:23:02.8670297Z /usr/bin/tar: ../../../../../usr/local/lib/android/sdk/platforms/android-35-ext15/data/res/values-mcc310-mnc030-hr: Cannot change mode to rwxr-xr-x: Operation not permitted
build	Cache Android SDK	2026-06-06T12:23:02.8673555Z /usr/bin/tar: ../../../../../usr/local/lib/android/sdk/platforms/android-35-ext15/data/res/values-mcc310-mnc280-ka: Cannot utime: Operation not permitted
build	Cache Android SDK	2026-06-06T12:23:02.8674028Z /usr/bin/tar: ../../../../../usr/local/lib/android/sdk/platforms/android-35-ext15/data/res/values-mcc310-mnc280-ka: Cannot change mode to rwxr-xr-x: Operation not permitted
build	Cache Android SDK	2026-06-06T12:23:02.8677335Z /usr/bin/tar: ../../../../../usr/local/lib/android/sdk/platforms/android-35-ext15/data/res/values-mcc310-mnc950-te: Cannot utime: Operation not permitted
build	Cache Android SDK	2026-06-06T12:23:02.8677917Z /usr/bin/tar: ../../../../../usr/local/lib/android/sdk/platforms/android-35-ext15/data/res/values-mcc310-mnc950-te: Cannot change mode to rwxr-xr-x: Operation not permitted
build	Cache Android SDK	2026-06-06T12:23:02.8680779Z /usr/bin/tar: ../../../../../usr/local/lib/android/sdk/platforms/android-35-ext15/data/res/values-mcc302-mnc720-ka: Cannot utime: Operation not permitted
build	Cache Android SDK	2026-06-06T12:23:02.8681271Z /usr/bin/tar: ../../../../../usr/local/lib/android/sdk/platforms/android-35-ext15/data/res/values-mcc302-mnc720-ka: Cannot change mode to rwxr-xr-x: Operation not permitted
build	Cache Android SDK	2026-06-06T12:23:02.8684100Z /usr/bin/tar: ../../../../../usr/local/lib/android/sdk/platforms/android-35-ext15/data/res/values-mcc310-mnc210-pt: Cannot utime: Operation not permitted
build	Cache Android SDK	2026-06-06T12:23:02.8684570Z /usr/bin/tar: ../../../../../usr/local/lib/android/sdk/platforms/android-35-ext15/data/res/values-mcc310-mnc210-pt: Cannot change mode to rwxr-xr-x: Operation not permitted
build	Cache Android SDK	2026-06-06T12:23:02.8689878Z /usr/bin/tar: ../../../../../usr/local/lib/android/sdk/platforms/android-35-ext15/data/res/values-mcc310-mnc250-b+sr+Latn: Cannot utime: Operation not permitted
build	Cache Android SDK	2026-06-06T12:23:02.8690390Z /usr/bin/tar: ../../../../../usr/local/lib/android/sdk/platforms/android-35-ext15/data/res/values-mcc310-mnc250-b+sr+Latn: Cannot change mode to rwxr-xr-x: Operation not permitted
build	Cache Android SDK	2026-06-06T12:23:02.8693651Z /usr/bin/tar: ../../../../../usr/local/lib/android/sdk/platforms/android-35-ext15/data/res/values-mcc310-mnc380-iw: Cannot utime: Operation not permitted
build	Cache Android SDK	2026-06-06T12:23:02.8694122Z /usr/bin/tar: ../../../../../usr/local/lib/android/sdk/platforms/android-35-ext15/data/res/values-mcc310-mnc380-iw: Cannot change mode to rwxr-xr-x: Operation not permitted
build	Cache Android SDK	2026-06-06T12:23:02.8698839Z /usr/bin/tar: ../../../../../usr/local/lib/android/sdk/platforms/android-35-ext15/data/res/values-mcc732-mnc123: Cannot utime: Operation not permitted
build	Cache Android SDK	2026-06-06T12:23:02.8699309Z /usr/bin/tar: ../../../../../usr/local/lib/android/sdk/platforms/android-35-ext15/data/res/values-mcc732-mnc123: Cannot change mode to rwxr-xr-x: Operation not permitted
build	Cache Android SDK	2026-06-06T12:23:02.8702368Z /usr/bin/tar: ../../../../../usr/local/lib/android/sdk/platforms/android-35-ext15/data/res/values-mcc302-mnc370-cs: Cannot utime: Operation not permitted
build	Cache Android SDK	2026-06-06T12:23:02.8702844Z /usr/bin/tar: ../../../../../usr/local/lib/android/sdk/platforms/android-35-ext15/data/res/values-mcc302-mnc370-cs: Cannot change mode to rwxr-xr-x: Operation not permitted
build	Cache Android SDK	2026-06-06T12:23:02.8707036Z /usr/bin/tar: ../../../../../usr/local/lib/android/sdk/platforms/android-35-ext15/data/res/values-mcc311-mnc180-sr: Cannot utime: Operation not permitted
build	Cache Android SDK	2026-06-06T12:23:02.8707601Z /usr/bin/tar: ../../../../../usr/local/lib/android/sdk/platforms/android-35-ext15/data/res/values-mcc311-mnc180-sr: Cannot change mode to rwxr-xr-x: Operation not permitted
build	Cache Android SDK	2026-06-06T12:23:02.8712433Z /usr/bin/tar: ../../../../../usr/local/lib/android/sdk/platforms/android-35-ext15/data/res/values-mcc302-mnc370-ur: Cannot utime: Operation not permitted
build	Cache Android SDK	2026-06-06T12:23:02.8713060Z /usr/bin/tar: ../../../../../usr/local/lib/android/sdk/platforms/android-35-ext15/data/res/values-mcc302-mnc370-ur: Cannot change mode to rwxr-xr-x: Operation not permitted
build	Cache Android SDK	2026-06-06T12:23:02.8718103Z /usr/bin/tar: ../../../../../usr/local/lib/android/sdk/platforms/android-35-ext15/data/res/values-mcc310-mnc230-kk: Cannot utime: Operation not permitted
build	Cache Android SDK	2026-06-06T12:23:02.8718578Z /usr/bin/tar: ../../../../../usr/local/lib/android/sdk/platforms/android-35-ext15/data/res/values-mcc310-mnc230-kk: Cannot change mode to rwxr-xr-x: Operation not permitted
build	Cache Android SDK	2026-06-06T12:23:02.8722189Z /usr/bin/tar: ../../../../../usr/local/lib/android/sdk/platforms/android-35-ext15/data/res/values-mcc310-mnc490-eu: Cannot utime: Operation not permitted
build	Cache Android SDK	2026-06-06T12:23:02.8722755Z /usr/bin/tar: ../../../../../usr/local/lib/android/sdk/platforms/android-35-ext15/data/res/values-mcc310-mnc490-eu: Cannot change mode to rwxr-xr-x: Operation not permitted
build	Cache Android SDK	2026-06-06T12:23:02.8728949Z /usr/bin/tar: ../../../../../usr/local/lib/android/sdk/platforms/android-35-ext15/data/res/values-mcc310-mnc170-az: Cannot utime: Operation not permitted
build	Cache Android SDK	2026-06-06T12:23:02.8729413Z /usr/bin/tar: ../../../../../usr/local/lib/android/sdk/platforms/android-35-ext15/data/res/values-mcc310-mnc170-az: Cannot change mode to rwxr-xr-x: Operation not permitted
build	Cache Android SDK	2026-06-06T12:23:02.8732066Z /usr/bin/tar: ../../../../../usr/local/lib/android/sdk/platforms/android-35-ext15/data/res/values-mcc311-mnc480: Cannot utime: Operation not permitted
build	Cache Android SDK	2026-06-06T12:23:02.8732645Z /usr/bin/tar: ../../../../../usr/local/lib/android/sdk/platforms/android-35-ext15/data/res/values-mcc311-mnc480: Cannot change mode to rwxr-xr-x: Operation not permitted
build	Cache Android SDK	2026-06-06T12:23:02.8734844Z /usr/bin/tar: ../../../../../usr/local/lib/android/sdk/platforms/android-35-ext15/data/res/values-mcc310-mnc250-sw: Cannot utime: Operation not permitted
build	Cache Android SDK	2026-06-06T12:23:02.8735300Z /usr/bin/tar: ../../../../../usr/local/lib/android/sdk/platforms/android-35-ext15/data/res/values-mcc310-mnc250-sw: Cannot change mode to rwxr-xr-x: Operation not permitted
build	Cache Android SDK	2026-06-06T12:23:02.8742493Z /usr/bin/tar: ../../../../../usr/local/lib/android/sdk/platforms/android-35-ext15/data/res/values-gl: Cannot utime: Operation not permitted
build	Cache Android SDK	2026-06-06T12:23:02.8742971Z /usr/bin/tar: ../../../../../usr/local/lib/android/sdk/platforms/android-35-ext15/data/res/values-gl: Cannot change mode to rwxr-xr-x: Operation not permitted
build	Cache Android SDK	2026-06-06T12:23:02.8746096Z /usr/bin/tar: ../../../../../usr/local/lib/android/sdk/platforms/android-35-ext15/data/res/values-mcc001-mnc01-pt-rPT: Cannot utime: Operation not permitted
build	Cache Android SDK	2026-06-06T12:23:02.8746666Z /usr/bin/tar: ../../../../../usr/local/lib/android/sdk/platforms/android-35-ext15/data/res/values-mcc001-mnc01-pt-rPT: Cannot change mode to rwxr-xr-x: Operation not permitted
build	Cache Android SDK	2026-06-06T12:23:02.8749025Z /usr/bin/tar: ../../../../../usr/local/lib/android/sdk/platforms/android-35-ext15/data/res/values-mcc310-mnc250-ja: Cannot utime: Operation not permitted
build	Cache Android SDK	2026-06-06T12:23:02.8749625Z /usr/bin/tar: ../../../../../usr/local/lib/android/sdk/platforms/android-35-ext15/data/res/values-mcc310-mnc250-ja: Cannot change mode to rwxr-xr-x: Operation not permitted
build	Cache Android SDK	2026-06-06T12:23:02.8752628Z /usr/bin/tar: ../../../../../usr/local/lib/android/sdk/platforms/android-35-ext15/data/res/values-mcc311-mnc180-en-rGB: Cannot utime: Operation not permitted
build	Cache Android SDK	2026-06-06T12:23:02.8753290Z /usr/bin/tar: ../../../../../usr/local/lib/android/sdk/platforms/android-35-ext15/data/res/values-mcc311-mnc180-en-rGB: Cannot change mode to rwxr-xr-x: Operation not permitted
build	Cache Android SDK	2026-06-06T12:23:02.8757127Z /usr/bin/tar: ../../../../../usr/local/lib/android/sdk/platforms/android-35-ext15/data/res/values-mcc310-mnc220-tr: Cannot utime: Operation not permitted
build	Cache Android SDK	2026-06-06T12:23:02.8757949Z /usr/bin/tar: ../../../../../usr/local/lib/android/sdk/platforms/android-35-ext15/data/res/values-mcc310-mnc220-tr: Cannot change mode to rwxr-xr-x: Operation not permitted
build	Cache Android SDK	2026-06-06T12:23:02.8760790Z /usr/bin/tar: ../../../../../usr/local/lib/android/sdk/platforms/android-35-ext15/data/res/values-ms-television: Cannot utime: Operation not permitted
build	Cache Android SDK	2026-06-06T12:23:02.8761386Z /usr/bin/tar: ../../../../../usr/local/lib/android/sdk/platforms/android-35-ext15/data/res/values-ms-television: Cannot change mode to rwxr-xr-x: Operation not permitted
build	Cache Android SDK	2026-06-06T12:23:02.8765882Z /usr/bin/tar: ../../../../../usr/local/lib/android/sdk/platforms/android-35-ext15/data/res/values-mcc310-mnc380-hr: Cannot utime: Operation not permitted
build	Cache Android SDK	2026-06-06T12:23:02.8766370Z /usr/bin/tar: ../../../../../usr/local/lib/android/sdk/platforms/android-35-ext15/data/res/values-mcc310-mnc380-hr: Cannot change mode to rwxr-xr-x: Operation not permitted
build	Cache Android SDK	2026-06-06T12:23:02.8771284Z /usr/bin/tar: ../../../../../usr/local/lib/android/sdk/platforms/android-35-ext15/data/res/values-mcc313-mnc100-es: Cannot utime: Operation not permitted
build	Cache Android SDK	2026-06-06T12:23:02.8771774Z /usr/bin/tar: ../../../../../usr/local/lib/android/sdk/platforms/android-35-ext15/data/res/values-mcc313-mnc100-es: Cannot change mode to rwxr-xr-x: Operation not permitted
build	Cache Android SDK	2026-06-06T12:23:02.8775388Z /usr/bin/tar: ../../../../../usr/local/lib/android/sdk/platforms/android-35-ext15/data/res/values-mcc310-mnc410-uk: Cannot utime: Operation not permitted
build	Cache Android SDK	2026-06-06T12:23:02.8775873Z /usr/bin/tar: ../../../../../usr/local/lib/android/sdk/platforms/android-35-ext15/data/res/values-mcc310-mnc410-uk: Cannot change mode to rwxr-xr-x: Operation not permitted
build	Cache Android SDK	2026-06-06T12:23:02.8779843Z /usr/bin/tar: ../../../../../usr/local/lib/android/sdk/platforms/android-35-ext15/data/res/values-mcc310-mnc280-fa: Cannot utime: Operation not permitted
build	Cache Android SDK	2026-06-06T12:23:02.8780418Z /usr/bin/tar: ../../../../../usr/local/lib/android/sdk/platforms/android-35-ext15/data/res/values-mcc310-mnc280-fa: Cannot change mode to rwxr-xr-x: Operation not permitted
build	Cache Android SDK	2026-06-06T12:23:02.8785679Z /usr/bin/tar: ../../../../../usr/local/lib/android/sdk/platforms/android-35-ext15/data/res/values-mcc302-mnc720-bn: Cannot utime: Operation not permitted
build	Cache Android SDK	2026-06-06T12:23:02.8786222Z /usr/bin/tar: ../../../../../usr/local/lib/android/sdk/platforms/android-35-ext15/data/res/values-mcc302-mnc720-bn: Cannot change mode to rwxr-xr-x: Operation not permitted
build	Cache Android SDK	2026-06-06T12:23:02.8790141Z /usr/bin/tar: ../../../../../usr/local/lib/android/sdk/platforms/android-35-ext15/data/res/values-mcc262-mnc02: Cannot utime: Operation not permitted
build	Cache Android SDK	2026-06-06T12:23:02.8790611Z /usr/bin/tar: ../../../../../usr/local/lib/android/sdk/platforms/android-35-ext15/data/res/values-mcc262-mnc02: Cannot change mode to rwxr-xr-x: Operation not permitted
build	Cache Android SDK	2026-06-06T12:23:02.8793705Z /usr/bin/tar: ../../../../../usr/local/lib/android/sdk/platforms/android-35-ext15/data/res/values-mcc310-mnc230-cs: Cannot utime: Operation not permitted
build	Cache Android SDK	2026-06-06T12:23:02.8794183Z /usr/bin/tar: ../../../../../usr/local/lib/android/sdk/platforms/android-35-ext15/data/res/values-mcc310-mnc230-cs: Cannot change mode to rwxr-xr-x: Operation not permitted
build	Cache Android SDK	2026-06-06T12:23:02.8798009Z /usr/bin/tar: ../../../../../usr/local/lib/android/sdk/platforms/android-35-ext15/data/res/values-mcc310-mnc800-zu: Cannot utime: Operation not permitted
build	Cache Android SDK	2026-06-06T12:23:02.8798579Z /usr/bin/tar: ../../../../../usr/local/lib/android/sdk/platforms/android-35-ext15/data/res/values-mcc310-mnc800-zu: Cannot change mode to rwxr-xr-x: Operation not permitted
build	Cache Android SDK	2026-06-06T12:23:02.8805562Z /usr/bin/tar: ../../../../../usr/local/lib/android/sdk/platforms/android-35-ext15/data/res/values-fr: Cannot utime: Operation not permitted
build	Cache Android SDK	2026-06-06T12:23:02.8806003Z /usr/bin/tar: ../../../../../usr/local/lib/android/sdk/platforms/android-35-ext15/data/res/values-fr: Cannot change mode to rwxr-xr-x: Operation not permitted
build	Cache Android SDK	2026-06-06T12:23:02.8809246Z /usr/bin/tar: ../../../../../usr/local/lib/android/sdk/platforms/android-35-ext15/data/res/values-mcc310-mnc380-is: Cannot utime: Operation not permitted
build	Cache Android SDK	2026-06-06T12:23:02.8809767Z /usr/bin/tar: ../../../../../usr/local/lib/android/sdk/platforms/android-35-ext15/data/res/values-mcc310-mnc380-is: Cannot change mode to rwxr-xr-x: Operation not permitted
build	Cache Android SDK	2026-06-06T12:23:02.8812981Z /usr/bin/tar: ../../../../../usr/local/lib/android/sdk/platforms/android-35-ext15/data/res/values-mcc466-mnc06: Cannot utime: Operation not permitted
build	Cache Android SDK	2026-06-06T12:23:02.8813537Z /usr/bin/tar: ../../../../../usr/local/lib/android/sdk/platforms/android-35-ext15/data/res/values-mcc466-mnc06: Cannot change mode to rwxr-xr-x: Operation not permitted
build	Cache Android SDK	2026-06-06T12:23:02.8816166Z /usr/bin/tar: ../../../../../usr/local/lib/android/sdk/platforms/android-35-ext15/data/res/values-mcc310-mnc490-uz: Cannot utime: Operation not permitted
build	Cache Android SDK	2026-06-06T12:23:02.8816649Z /usr/bin/tar: ../../../../../usr/local/lib/android/sdk/platforms/android-35-ext15/data/res/values-mcc310-mnc490-uz: Cannot change mode to rwxr-xr-x: Operation not permitted
build	Cache Android SDK	2026-06-06T12:23:02.8819324Z /usr/bin/tar: ../../../../../usr/local/lib/android/sdk/platforms/android-35-ext15/data/res/values-mcc310-mnc270-ja: Cannot utime: Operation not permitted
build	Cache Android SDK	2026-06-06T12:23:02.8819798Z /usr/bin/tar: ../../../../../usr/local/lib/android/sdk/platforms/android-35-ext15/data/res/values-mcc310-mnc270-ja: Cannot change mode to rwxr-xr-x: Operation not permitted
build	Cache Android SDK	2026-06-06T12:23:02.8822668Z /usr/bin/tar: ../../../../../usr/local/lib/android/sdk/platforms/android-35-ext15/data/res/values-mcc302-mnc720-hi: Cannot utime: Operation not permitted
build	Cache Android SDK	2026-06-06T12:23:02.8824150Z /usr/bin/tar: ../../../../../usr/local/lib/android/sdk/platforms/android-35-ext15/data/res/values-mcc302-mnc720-hi: Cannot change mode to rwxr-xr-x: Operation not permitted
build	Cache Android SDK	2026-06-06T12:23:02.8826061Z /usr/bin/tar: ../../../../../usr/local/lib/android/sdk/platforms/android-35-ext15/data/res/values-mcc302-mnc720-bg: Cannot utime: Operation not permitted
build	Cache Android SDK	2026-06-06T12:23:02.8827297Z /usr/bin/tar: ../../../../../usr/local/lib/android/sdk/platforms/android-35-ext15/data/res/values-mcc302-mnc720-bg: Cannot change mode to rwxr-xr-x: Operation not permitted
build	Cache Android SDK	2026-06-06T12:23:02.8829494Z /usr/bin/tar: ../../../../../usr/local/lib/android/sdk/platforms/android-35-ext15/data/res/values-mcc310-mnc380-af: Cannot utime: Operation not permitted
build	Cache Android SDK	2026-06-06T12:23:02.8830520Z /usr/bin/tar: ../../../../../usr/local/lib/android/sdk/platforms/android-35-ext15/data/res/values-mcc310-mnc380-af: Cannot change mode to rwxr-xr-x: Operation not permitted
build	Cache Android SDK	2026-06-06T12:23:02.8833503Z /usr/bin/tar: ../../../../../usr/local/lib/android/sdk/platforms/android-35-ext15/data/res/values-mcc001-mnc01-fi: Cannot utime: Operation not permitted
build	Cache Android SDK	2026-06-06T12:23:02.8834572Z /usr/bin/tar: ../../../../../usr/local/lib/android/sdk/platforms/android-35-ext15/data/res/values-mcc001-mnc01-fi: Cannot change mode to rwxr-xr-x: Operation not permitted
build	Cache Android SDK	2026-06-06T12:23:02.8836721Z /usr/bin/tar: ../../../../../usr/local/lib/android/sdk/platforms/android-35-ext15/data/res/values-mcc310-mnc490-mn: Cannot utime: Operation not permitted
build	Cache Android SDK	2026-06-06T12:23:02.8837840Z /usr/bin/tar: ../../../../../usr/local/lib/android/sdk/platforms/android-35-ext15/data/res/values-mcc310-mnc490-mn: Cannot change mode to rwxr-xr-x: Operation not permitted
build	Cache Android SDK	2026-06-06T12:23:02.8839620Z /usr/bin/tar: ../../../../../usr/local/lib/android/sdk/platforms/android-35-ext15/data/res/values-mcc310-mnc410-fa: Cannot utime: Operation not permitted
build	Cache Android SDK	2026-06-06T12:23:02.8840588Z /usr/bin/tar: ../../../../../usr/local/lib/android/sdk/platforms/android-35-ext15/data/res/values-mcc310-mnc410-fa: Cannot change mode to rwxr-xr-x: Operation not permitted
build	Cache Android SDK	2026-06-06T12:23:02.8842947Z /usr/bin/tar: ../../../../../usr/local/lib/android/sdk/platforms/android-35-ext15/data/res/values-mcc310-mnc410-iw: Cannot utime: Operation not permitted
build	Cache Android SDK	2026-06-06T12:23:02.8843923Z /usr/bin/tar: ../../../../../usr/local/lib/android/sdk/platforms/android-35-ext15/data/res/values-mcc310-mnc410-iw: Cannot change mode to rwxr-xr-x: Operation not permitted
build	Cache Android SDK	2026-06-06T12:23:02.8849580Z /usr/bin/tar: ../../../../../usr/local/lib/android/sdk/platforms/android-35-ext15/data/res/values-mcc310-mnc380-zu: Cannot utime: Operation not permitted
build	Cache Android SDK	2026-06-06T12:23:02.8850567Z /usr/bin/tar: ../../../../../usr/local/lib/android/sdk/platforms/android-35-ext15/data/res/values-mcc310-mnc380-zu: Cannot change mode to rwxr-xr-x: Operation not permitted
build	Cache Android SDK	2026-06-06T12:23:02.8859957Z /usr/bin/tar: ../../../../../usr/local/lib/android/sdk/platforms/android-35-ext15/data/res/values-iw: Cannot utime: Operation not permitted
build	Cache Android SDK	2026-06-06T12:23:02.8861083Z /usr/bin/tar: ../../../../../usr/local/lib/android/sdk/platforms/android-35-ext15/data/res/values-iw: Cannot change mode to rwxr-xr-x: Operation not permitted
build	Cache Android SDK	2026-06-06T12:23:02.8863860Z /usr/bin/tar: ../../../../../usr/local/lib/android/sdk/platforms/android-35-ext15/data/res/values-mcc310-mnc150-en-rIN: Cannot utime: Operation not permitted
build	Cache Android SDK	2026-06-06T12:23:02.8865036Z /usr/bin/tar: ../../../../../usr/local/lib/android/sdk/platforms/android-35-ext15/data/res/values-mcc310-mnc150-en-rIN: Cannot change mode to rwxr-xr-x: Operation not permitted
build	Cache Android SDK	2026-06-06T12:23:02.8869167Z /usr/bin/tar: ../../../../../usr/local/lib/android/sdk/platforms/android-35-ext15/data/res/values-mcc311-mnc180-en-rIN: Cannot utime: Operation not permitted
build	Cache Android SDK	2026-06-06T12:23:02.8870172Z /usr/bin/tar: ../../../../../usr/local/lib/android/sdk/platforms/android-35-ext15/data/res/values-mcc311-mnc180-en-rIN: Cannot change mode to rwxr-xr-x: Operation not permitted
build	Cache Android SDK	2026-06-06T12:23:02.8873133Z /usr/bin/tar: ../../../../../usr/local/lib/android/sdk/platforms/android-35-ext15/data/res/values-mcc310-mnc800-is: Cannot utime: Operation not permitted
build	Cache Android SDK	2026-06-06T12:23:02.8874097Z /usr/bin/tar: ../../../../../usr/local/lib/android/sdk/platforms/android-35-ext15/data/res/values-mcc310-mnc800-is: Cannot change mode to rwxr-xr-x: Operation not permitted
build	Cache Android SDK	2026-06-06T12:23:02.8876280Z /usr/bin/tar: ../../../../../usr/local/lib/android/sdk/platforms/android-35-ext15/data/res/values-mcc302-mnc370-mr: Cannot utime: Operation not permitted
build	Cache Android SDK	2026-06-06T12:23:02.8877322Z /usr/bin/tar: ../../../../../usr/local/lib/android/sdk/platforms/android-35-ext15/data/res/values-mcc302-mnc370-mr: Cannot change mode to rwxr-xr-x: Operation not permitted
build	Cache Android SDK	2026-06-06T12:23:02.8879472Z /usr/bin/tar: ../../../../../usr/local/lib/android/sdk/platforms/android-35-ext15/data/res/values-mcc310-mnc800-ta: Cannot utime: Operation not permitted
build	Cache Android SDK	2026-06-06T12:23:02.8880443Z /usr/bin/tar: ../../../../../usr/local/lib/android/sdk/platforms/android-35-ext15/data/res/values-mcc310-mnc800-ta: Cannot change mode to rwxr-xr-x: Operation not permitted
build	Cache Android SDK	2026-06-06T12:23:02.8882655Z /usr/bin/tar: ../../../../../usr/local/lib/android/sdk/platforms/android-35-ext15/data/res/values-mcc310-mnc380-mn: Cannot utime: Operation not permitted
build	Cache Android SDK	2026-06-06T12:23:02.8883664Z /usr/bin/tar: ../../../../../usr/local/lib/android/sdk/platforms/android-35-ext15/data/res/values-mcc310-mnc380-mn: Cannot change mode to rwxr-xr-x: Operation not permitted
build	Cache Android SDK	2026-06-06T12:23:02.8885901Z /usr/bin/tar: ../../../../../usr/local/lib/android/sdk/platforms/android-35-ext15/data/res/values-mcc310-mnc560-ta: Cannot utime: Operation not permitted
build	Cache Android SDK	2026-06-06T12:23:02.8886912Z /usr/bin/tar: ../../../../../usr/local/lib/android/sdk/platforms/android-35-ext15/data/res/values-mcc310-mnc560-ta: Cannot change mode to rwxr-xr-x: Operation not permitted
build	Cache Android SDK	2026-06-06T12:23:02.8888884Z /usr/bin/tar: ../../../../../usr/local/lib/android/sdk/platforms/android-35-ext15/data/res/values-mcc310-mnc160-el: Cannot utime: Operation not permitted
build	Cache Android SDK	2026-06-06T12:23:02.8889845Z /usr/bin/tar: ../../../../../usr/local/lib/android/sdk/platforms/android-35-ext15/data/res/values-mcc310-mnc160-el: Cannot change mode to rwxr-xr-x: Operation not permitted
build	Cache Android SDK	2026-06-06T12:23:02.8892234Z /usr/bin/tar: ../../../../../usr/local/lib/android/sdk/platforms/android-35-ext15/data/res/values-mcc310-mnc240-en-rAU: Cannot utime: Operation not permitted
build	Cache Android SDK	2026-06-06T12:23:02.8893245Z /usr/bin/tar: ../../../../../usr/local/lib/android/sdk/platforms/android-35-ext15/data/res/values-mcc310-mnc240-en-rAU: Cannot change mode to rwxr-xr-x: Operation not permitted
build	Cache Android SDK	2026-06-06T12:23:02.8895973Z /usr/bin/tar: ../../../../../usr/local/lib/android/sdk/platforms/android-35-ext15/data/res/values-mcc310-mnc410-zh-rCN: Cannot utime: Operation not permitted
build	Cache Android SDK	2026-06-06T12:23:02.8897078Z /usr/bin/tar: ../../../../../usr/local/lib/android/sdk/platforms/android-35-ext15/data/res/values-mcc310-mnc410-zh-rCN: Cannot change mode to rwxr-xr-x: Operation not permitted
build	Cache Android SDK	2026-06-06T12:23:02.8899622Z /usr/bin/tar: ../../../../../usr/local/lib/android/sdk/platforms/android-35-ext15/data/res/values-mcc310-mnc250-lt: Cannot utime: Operation not permitted
build	Cache Android SDK	2026-06-06T12:23:02.8900585Z /usr/bin/tar: ../../../../../usr/local/lib/android/sdk/platforms/android-35-ext15/data/res/values-mcc310-mnc250-lt: Cannot change mode to rwxr-xr-x: Operation not permitted
build	Cache Android SDK	2026-06-06T12:23:02.8903077Z /usr/bin/tar: ../../../../../usr/local/lib/android/sdk/platforms/android-35-ext15/data/res/values-mcc310-mnc410-ta: Cannot utime: Operation not permitted
build	Cache Android SDK	2026-06-06T12:23:02.8904121Z /usr/bin/tar: ../../../../../usr/local/lib/android/sdk/platforms/android-35-ext15/data/res/values-mcc310-mnc410-ta: Cannot change mode to rwxr-xr-x: Operation not permitted
build	Cache Android SDK	2026-06-06T12:23:02.8906170Z /usr/bin/tar: ../../../../../usr/local/lib/android/sdk/platforms/android-35-ext15/data/res/values-pt-television: Cannot utime: Operation not permitted
build	Cache Android SDK	2026-06-06T12:23:02.8907146Z /usr/bin/tar: ../../../../../usr/local/lib/android/sdk/platforms/android-35-ext15/data/res/values-pt-television: Cannot change mode to rwxr-xr-x: Operation not permitted
build	Cache Android SDK	2026-06-06T12:23:02.8910831Z /usr/bin/tar: ../../../../../usr/local/lib/android/sdk/platforms/android-35-ext15/data/res/values-mcc310-mnc220-fr: Cannot utime: Operation not permitted
build	Cache Android SDK	2026-06-06T12:23:02.8911929Z /usr/bin/tar: ../../../../../usr/local/lib/android/sdk/platforms/android-35-ext15/data/res/values-mcc310-mnc220-fr: Cannot change mode to rwxr-xr-x: Operation not permitted
build	Cache Android SDK	2026-06-06T12:23:02.8916223Z /usr/bin/tar: ../../../../../usr/local/lib/android/sdk/platforms/android-35-ext15/data/res/values-mcc302-mnc370-mk: Cannot utime: Operation not permitted
build	Cache Android SDK	2026-06-06T12:23:02.8917266Z /usr/bin/tar: ../../../../../usr/local/lib/android/sdk/platforms/android-35-ext15/data/res/values-mcc302-mnc370-mk: Cannot change mode to rwxr-xr-x: Operation not permitted
build	Cache Android SDK	2026-06-06T12:23:02.8921952Z /usr/bin/tar: ../../../../../usr/local/lib/android/sdk/platforms/android-35-ext15/data/res/values-mcc310-mnc410-ne: Cannot utime: Operation not permitted
build	Cache Android SDK	2026-06-06T12:23:02.8922926Z /usr/bin/tar: ../../../../../usr/local/lib/android/sdk/platforms/android-35-ext15/data/res/values-mcc310-mnc410-ne: Cannot change mode to rwxr-xr-x: Operation not permitted
build	Cache Android SDK	2026-06-06T12:23:02.8924743Z /usr/bin/tar: ../../../../../usr/local/lib/android/sdk/platforms/android-35-ext15/data/res/values-mcc310-mnc200-pa: Cannot utime: Operation not permitted
build	Cache Android SDK	2026-06-06T12:23:02.8925720Z /usr/bin/tar: ../../../../../usr/local/lib/android/sdk/platforms/android-35-ext15/data/res/values-mcc310-mnc200-pa: Cannot change mode to rwxr-xr-x: Operation not permitted
build	Cache Android SDK	2026-06-06T12:23:02.8929093Z /usr/bin/tar: ../../../../../usr/local/lib/android/sdk/platforms/android-35-ext15/data/res/values-mcc302-mnc370-ms: Cannot utime: Operation not permitted
build	Cache Android SDK	2026-06-06T12:23:02.8930170Z /usr/bin/tar: ../../../../../usr/local/lib/android/sdk/platforms/android-35-ext15/data/res/values-mcc302-mnc370-ms: Cannot change mode to rwxr-xr-x: Operation not permitted
build	Cache Android SDK	2026-06-06T12:23:02.8932371Z /usr/bin/tar: ../../../../../usr/local/lib/android/sdk/platforms/android-35-ext15/data/res/values-mcc310-mnc220-ro: Cannot utime: Operation not permitted
build	Cache Android SDK	2026-06-06T12:23:02.8933332Z /usr/bin/tar: ../../../../../usr/local/lib/android/sdk/platforms/android-35-ext15/data/res/values-mcc310-mnc220-ro: Cannot change mode to rwxr-xr-x: Operation not permitted
build	Cache Android SDK	2026-06-06T12:23:02.8936111Z /usr/bin/tar: ../../../../../usr/local/lib/android/sdk/platforms/android-35-ext15/data/res/values-mcc310-mnc280-ms: Cannot utime: Operation not permitted
build	Cache Android SDK	2026-06-06T12:23:02.8937185Z /usr/bin/tar: ../../../../../usr/local/lib/android/sdk/platforms/android-35-ext15/data/res/values-mcc310-mnc280-ms: Cannot change mode to rwxr-xr-x: Operation not permitted
build	Cache Android SDK	2026-06-06T12:23:02.8939031Z /usr/bin/tar: ../../../../../usr/local/lib/android/sdk/platforms/android-35-ext15/data/res/values-mcc310-mnc170-hr: Cannot utime: Operation not permitted
build	Cache Android SDK	2026-06-06T12:23:02.8940092Z /usr/bin/tar: ../../../../../usr/local/lib/android/sdk/platforms/android-35-ext15/data/res/values-mcc310-mnc170-hr: Cannot change mode to rwxr-xr-x: Operation not permitted
build	Cache Android SDK	2026-06-06T12:23:02.8943519Z /usr/bin/tar: ../../../../../usr/local/lib/android/sdk/platforms/android-35-ext15/data/res/values-mcc310-mnc030-nb: Cannot utime: Operation not permitted
build	Cache Android SDK	2026-06-06T12:23:02.8944617Z /usr/bin/tar: ../../../../../usr/local/lib/android/sdk/platforms/android-35-ext15/data/res/values-mcc310-mnc030-nb: Cannot change mode to rwxr-xr-x: Operation not permitted
build	Cache Android SDK	2026-06-06T12:23:02.8946403Z /usr/bin/tar: ../../../../../usr/local/lib/android/sdk/platforms/android-35-ext15/data/res/values-mcc302-mnc780: Cannot utime: Operation not permitted
build	Cache Android SDK	2026-06-06T12:23:02.8947508Z /usr/bin/tar: ../../../../../usr/local/lib/android/sdk/platforms/android-35-ext15/data/res/values-mcc302-mnc780: Cannot change mode to rwxr-xr-x: Operation not permitted
build	Cache Android SDK	2026-06-06T12:23:02.8953967Z /usr/bin/tar: ../../../../../usr/local/lib/android/sdk/platforms/android-35-ext15/data/res/values-mcc310-mnc560-fr-rCA: Cannot utime: Operation not permitted
build	Cache Android SDK	2026-06-06T12:23:02.8955220Z /usr/bin/tar: ../../../../../usr/local/lib/android/sdk/platforms/android-35-ext15/data/res/values-mcc310-mnc560-fr-rCA: Cannot change mode to rwxr-xr-x: Operation not permitted
build	Cache Android SDK	2026-06-06T12:23:02.8957758Z /usr/bin/tar: ../../../../../usr/local/lib/android/sdk/platforms/android-35-ext15/data/res/values-mcc310-mnc560-ms: Cannot utime: Operation not permitted
build	Cache Android SDK	2026-06-06T12:23:02.8958742Z /usr/bin/tar: ../../../../../usr/local/lib/android/sdk/platforms/android-35-ext15/data/res/values-mcc310-mnc560-ms: Cannot change mode to rwxr-xr-x: Operation not permitted
build	Cache Android SDK	2026-06-06T12:23:02.8961625Z /usr/bin/tar: ../../../../../usr/local/lib/android/sdk/platforms/android-35-ext15/data/res/values-mcc311-mnc180-en-rCA: Cannot utime: Operation not permitted
build	Cache Android SDK	2026-06-06T12:23:02.8962905Z /usr/bin/tar: ../../../../../usr/local/lib/android/sdk/platforms/android-35-ext15/data/res/values-mcc311-mnc180-en-rCA: Cannot change mode to rwxr-xr-x: Operation not permitted
build	Cache Android SDK	2026-06-06T12:23:02.8964467Z /usr/bin/tar: ../../../../../usr/local/lib/android/sdk/platforms/android-35-ext15/data/res/values-hu-television: Cannot utime: Operation not permitted
build	Cache Android SDK	2026-06-06T12:23:02.8965416Z /usr/bin/tar: ../../../../../usr/local/lib/android/sdk/platforms/android-35-ext15/data/res/values-hu-television: Cannot change mode to rwxr-xr-x: Operation not permitted
build	Cache Android SDK	2026-06-06T12:23:02.8968115Z /usr/bin/tar: ../../../../../usr/local/lib/android/sdk/platforms/android-35-ext15/data/res/values-mcc310-mnc410-ur: Cannot utime: Operation not permitted
build	Cache Android SDK	2026-06-06T12:23:02.8969083Z /usr/bin/tar: ../../../../../usr/local/lib/android/sdk/platforms/android-35-ext15/data/res/values-mcc310-mnc410-ur: Cannot change mode to rwxr-xr-x: Operation not permitted
build	Cache Android SDK	2026-06-06T12:23:02.8971282Z /usr/bin/tar: ../../../../../usr/local/lib/android/sdk/platforms/android-35-ext15/data/res/values-mcc310-mnc560-si: Cannot utime: Operation not permitted
build	Cache Android SDK	2026-06-06T12:23:02.8972257Z /usr/bin/tar: ../../../../../usr/local/lib/android/sdk/platforms/android-35-ext15/data/res/values-mcc310-mnc560-si: Cannot change mode to rwxr-xr-x: Operation not permitted
build	Cache Android SDK	2026-06-06T12:23:02.8977197Z /usr/bin/tar: ../../../../../usr/local/lib/android/sdk/platforms/android-35-ext15/data/res/values-mcc001-mnc01-ml: Cannot utime: Operation not permitted
build	Cache Android SDK	2026-06-06T12:23:02.8978342Z /usr/bin/tar: ../../../../../usr/local/lib/android/sdk/platforms/android-35-ext15/data/res/values-mcc001-mnc01-ml: Cannot change mode to rwxr-xr-x: Operation not permitted
build	Cache Android SDK	2026-06-06T12:23:02.8981297Z /usr/bin/tar: ../../../../../usr/local/lib/android/sdk/platforms/android-35-ext15/data/res/values-mcc310-mnc950-lv: Cannot utime: Operation not permitted
build	Cache Android SDK	2026-06-06T12:23:02.8982338Z /usr/bin/tar: ../../../../../usr/local/lib/android/sdk/platforms/android-35-ext15/data/res/values-mcc310-mnc950-lv: Cannot change mode to rwxr-xr-x: Operation not permitted
build	Cache Android SDK	2026-06-06T12:23:02.8985249Z /usr/bin/tar: ../../../../../usr/local/lib/android/sdk/platforms/android-35-ext15/data/res/values-mcc310-mnc170-be: Cannot utime: Operation not permitted
build	Cache Android SDK	2026-06-06T12:23:02.8986202Z /usr/bin/tar: ../../../../../usr/local/lib/android/sdk/platforms/android-35-ext15/data/res/values-mcc310-mnc170-be: Cannot change mode to rwxr-xr-x: Operation not permitted
build	Cache Android SDK	2026-06-06T12:23:02.8988591Z /usr/bin/tar: ../../../../../usr/local/lib/android/sdk/platforms/android-35-ext15/data/res/values-mcc313-mnc100-hr: Cannot utime: Operation not permitted
build	Cache Android SDK	2026-06-06T12:23:02.8989629Z /usr/bin/tar: ../../../../../usr/local/lib/android/sdk/platforms/android-35-ext15/data/res/values-mcc313-mnc100-hr: Cannot change mode to rwxr-xr-x: Operation not permitted
build	Cache Android SDK	2026-06-06T12:23:02.8992023Z /usr/bin/tar: ../../../../../usr/local/lib/android/sdk/platforms/android-35-ext15/data/res/values-mcc310-mnc380-lv: Cannot utime: Operation not permitted
build	Cache Android SDK	2026-06-06T12:23:02.8993008Z /usr/bin/tar: ../../../../../usr/local/lib/android/sdk/platforms/android-35-ext15/data/res/values-mcc310-mnc380-lv: Cannot change mode to rwxr-xr-x: Operation not permitted
build	Cache Android SDK	2026-06-06T12:23:02.8995802Z /usr/bin/tar: ../../../../../usr/local/lib/android/sdk/platforms/android-35-ext15/data/res/values-mcc310-mnc030-hi: Cannot utime: Operation not permitted
build	Cache Android SDK	2026-06-06T12:23:02.8996778Z /usr/bin/tar: ../../../../../usr/local/lib/android/sdk/platforms/android-35-ext15/data/res/values-mcc310-mnc030-hi: Cannot change mode to rwxr-xr-x: Operation not permitted
build	Cache Android SDK	2026-06-06T12:23:02.8998937Z /usr/bin/tar: ../../../../../usr/local/lib/android/sdk/platforms/android-35-ext15/data/res/values-mcc310-mnc560-lv: Cannot utime: Operation not permitted
build	Cache Android SDK	2026-06-06T12:23:02.8999913Z /usr/bin/tar: ../../../../../usr/local/lib/android/sdk/platforms/android-35-ext15/data/res/values-mcc310-mnc560-lv: Cannot change mode to rwxr-xr-x: Operation not permitted
build	Cache Android SDK	2026-06-06T12:23:02.9002432Z /usr/bin/tar: ../../../../../usr/local/lib/android/sdk/platforms/android-35-ext15/data/res/values-mcc311-mnc180-zh-rTW: Cannot utime: Operation not permitted
build	Cache Android SDK	2026-06-06T12:23:02.9003441Z /usr/bin/tar: ../../../../../usr/local/lib/android/sdk/platforms/android-35-ext15/data/res/values-mcc311-mnc180-zh-rTW: Cannot change mode to rwxr-xr-x: Operation not permitted
build	Cache Android SDK	2026-06-06T12:23:02.9006543Z /usr/bin/tar: ../../../../../usr/local/lib/android/sdk/platforms/android-35-ext15/data/res/values-mcc310-mnc380-az: Cannot utime: Operation not permitted
build	Cache Android SDK	2026-06-06T12:23:02.9007701Z /usr/bin/tar: ../../../../../usr/local/lib/android/sdk/platforms/android-35-ext15/data/res/values-mcc310-mnc380-az: Cannot change mode to rwxr-xr-x: Operation not permitted
build	Cache Android SDK	2026-06-06T12:23:02.9009717Z /usr/bin/tar: ../../../../../usr/local/lib/android/sdk/platforms/android-35-ext15/data/res/values-mcc310-mnc030-b+sr+Latn: Cannot utime: Operation not permitted
build	Cache Android SDK	2026-06-06T12:23:02.9010822Z /usr/bin/tar: ../../../../../usr/local/lib/android/sdk/platforms/android-35-ext15/data/res/values-mcc310-mnc030-b+sr+Latn: Cannot change mode to rwxr-xr-x: Operation not permitted
build	Cache Android SDK	2026-06-06T12:23:02.9014113Z /usr/bin/tar: ../../../../../usr/local/lib/android/sdk/platforms/android-35-ext15/data/res/values-mcc310-mnc200-mn: Cannot utime: Operation not permitted
build	Cache Android SDK	2026-06-06T12:23:02.9015082Z /usr/bin/tar: ../../../../../usr/local/lib/android/sdk/platforms/android-35-ext15/data/res/values-mcc310-mnc200-mn: Cannot change mode to rwxr-xr-x: Operation not permitted
build	Cache Android SDK	2026-06-06T12:23:02.9018548Z /usr/bin/tar: ../../../../../usr/local/lib/android/sdk/platforms/android-35-ext15/data/res/values-mcc310-mnc230-fa: Cannot utime: Operation not permitted
build	Cache Android SDK	2026-06-06T12:23:02.9019521Z /usr/bin/tar: ../../../../../usr/local/lib/android/sdk/platforms/android-35-ext15/data/res/values-mcc310-mnc230-fa: Cannot change mode to rwxr-xr-x: Operation not permitted
build	Cache Android SDK	2026-06-06T12:23:02.9024193Z /usr/bin/tar: ../../../../../usr/local/lib/android/sdk/platforms/android-35-ext15/data/res/values-mcc311-mnc180-lo: Cannot utime: Operation not permitted
build	Cache Android SDK	2026-06-06T12:23:02.9025491Z /usr/bin/tar: ../../../../../usr/local/lib/android/sdk/platforms/android-35-ext15/data/res/values-mcc311-mnc180-lo: Cannot change mode to rwxr-xr-x: Operation not permitted
build	Cache Android SDK	2026-06-06T12:23:02.9027867Z /usr/bin/tar: ../../../../../usr/local/lib/android/sdk/platforms/android-35-ext15/data/res/values-in-watch: Cannot utime: Operation not permitted
build	Cache Android SDK	2026-06-06T12:23:02.9028815Z /usr/bin/tar: ../../../../../usr/local/lib/android/sdk/platforms/android-35-ext15/data/res/values-in-watch: Cannot change mode to rwxr-xr-x: Operation not permitted
build	Cache Android SDK	2026-06-06T12:23:02.9031118Z /usr/bin/tar: ../../../../../usr/local/lib/android/sdk/platforms/android-35-ext15/data/res/values-mcc001-mnc01-en-rXC: Cannot utime: Operation not permitted
build	Cache Android SDK	2026-06-06T12:23:02.9032300Z /usr/bin/tar: ../../../../../usr/local/lib/android/sdk/platforms/android-35-ext15/data/res/values-mcc001-mnc01-en-rXC: Cannot change mode to rwxr-xr-x: Operation not permitted
build	Cache Android SDK	2026-06-06T12:23:02.9035817Z /usr/bin/tar: ../../../../../usr/local/lib/android/sdk/platforms/android-35-ext15/data/res/values-mcc310-mnc270-sl: Cannot utime: Operation not permitted
build	Cache Android SDK	2026-06-06T12:23:02.9036803Z /usr/bin/tar: ../../../../../usr/local/lib/android/sdk/platforms/android-35-ext15/data/res/values-mcc310-mnc270-sl: Cannot change mode to rwxr-xr-x: Operation not permitted
build	Cache Android SDK	2026-06-06T12:23:02.9039107Z /usr/bin/tar: ../../../../../usr/local/lib/android/sdk/platforms/android-35-ext15/data/res/values-mcc312-mnc670-af: Cannot utime: Operation not permitted
build	Cache Android SDK	2026-06-06T12:23:02.9040177Z /usr/bin/tar: ../../../../../usr/local/lib/android/sdk/platforms/android-35-ext15/data/res/values-mcc312-mnc670-af: Cannot change mode to rwxr-xr-x: Operation not permitted
build	Cache Android SDK	2026-06-06T12:23:02.9043020Z /usr/bin/tar: ../../../../../usr/local/lib/android/sdk/platforms/android-35-ext15/data/res/values-mcc310-mnc950-bn: Cannot utime: Operation not permitted
build	Cache Android SDK	2026-06-06T12:23:02.9043999Z /usr/bin/tar: ../../../../../usr/local/lib/android/sdk/platforms/android-35-ext15/data/res/values-mcc310-mnc950-bn: Cannot change mode to rwxr-xr-x: Operation not permitted
build	Cache Android SDK	2026-06-06T12:23:02.9046757Z /usr/bin/tar: ../../../../../usr/local/lib/android/sdk/platforms/android-35-ext15/data/res/values-mcc310-mnc580: Cannot utime: Operation not permitted
build	Cache Android SDK	2026-06-06T12:23:02.9047980Z /usr/bin/tar: ../../../../../usr/local/lib/android/sdk/platforms/android-35-ext15/data/res/values-mcc310-mnc580: Cannot change mode to rwxr-xr-x: Operation not permitted
build	Cache Android SDK	2026-06-06T12:23:02.9050552Z /usr/bin/tar: ../../../../../usr/local/lib/android/sdk/platforms/android-35-ext15/data/res/values-mcc310-mnc200-es-rUS: Cannot utime: Operation not permitted
build	Cache Android SDK	2026-06-06T12:23:02.9051581Z /usr/bin/tar: ../../../../../usr/local/lib/android/sdk/platforms/android-35-ext15/data/res/values-mcc310-mnc200-es-rUS: Cannot change mode to rwxr-xr-x: Operation not permitted
build	Cache Android SDK	2026-06-06T12:23:02.9054602Z /usr/bin/tar: ../../../../../usr/local/lib/android/sdk/platforms/android-35-ext15/data/res/values-mcc310-mnc800-ms: Cannot utime: Operation not permitted
build	Cache Android SDK	2026-06-06T12:23:02.9055577Z /usr/bin/tar: ../../../../../usr/local/lib/android/sdk/platforms/android-35-ext15/data/res/values-mcc310-mnc800-ms: Cannot change mode to rwxr-xr-x: Operation not permitted
build	Cache Android SDK	2026-06-06T12:23:02.9059371Z /usr/bin/tar: ../../../../../usr/local/lib/android/sdk/platforms/android-35-ext15/data/res/values-mcc310-mnc200-bs: Cannot utime: Operation not permitted
build	Cache Android SDK	2026-06-06T12:23:02.9060368Z /usr/bin/tar: ../../../../../usr/local/lib/android/sdk/platforms/android-35-ext15/data/res/values-mcc310-mnc200-bs: Cannot change mode to rwxr-xr-x: Operation not permitted
build	Cache Android SDK	2026-06-06T12:23:02.9065451Z /usr/bin/tar: ../../../../../usr/local/lib/android/sdk/platforms/android-35-ext15/data/res/values-mcc310-mnc280-uz: Cannot utime: Operation not permitted
build	Cache Android SDK	2026-06-06T12:23:02.9066414Z /usr/bin/tar: ../../../../../usr/local/lib/android/sdk/platforms/android-35-ext15/data/res/values-mcc310-mnc280-uz: Cannot change mode to rwxr-xr-x: Operation not permitted
build	Cache Android SDK	2026-06-06T12:23:02.9071146Z /usr/bin/tar: ../../../../../usr/local/lib/android/sdk/platforms/android-35-ext15/data/res/values-mcc310-mnc230-hr: Cannot utime: Operation not permitted
build	Cache Android SDK	2026-06-06T12:23:02.9072104Z /usr/bin/tar: ../../../../../usr/local/lib/android/sdk/platforms/android-35-ext15/data/res/values-mcc310-mnc230-hr: Cannot change mode to rwxr-xr-x: Operation not permitted
build	Cache Android SDK	2026-06-06T12:23:02.9076552Z /usr/bin/tar: ../../../../../usr/local/lib/android/sdk/platforms/android-35-ext15/data/res/values-mcc310-mnc240-it: Cannot utime: Operation not permitted
build	Cache Android SDK	2026-06-06T12:23:02.9077721Z /usr/bin/tar: ../../../../../usr/local/lib/android/sdk/platforms/android-35-ext15/data/res/values-mcc310-mnc240-it: Cannot change mode to rwxr-xr-x: Operation not permitted
build	Cache Android SDK	2026-06-06T12:23:02.9080599Z /usr/bin/tar: ../../../../../usr/local/lib/android/sdk/platforms/android-35-ext15/data/res/values-mcc440: Cannot utime: Operation not permitted
build	Cache Android SDK	2026-06-06T12:23:02.9081516Z /usr/bin/tar: ../../../../../usr/local/lib/android/sdk/platforms/android-35-ext15/data/res/values-mcc440: Cannot change mode to rwxr-xr-x: Operation not permitted
build	Cache Android SDK	2026-06-06T12:23:02.9085900Z /usr/bin/tar: ../../../../../usr/local/lib/android/sdk/platforms/android-35-ext15/data/res/values-mcc310-mnc310-es: Cannot utime: Operation not permitted
build	Cache Android SDK	2026-06-06T12:23:02.9086867Z /usr/bin/tar: ../../../../../usr/local/lib/android/sdk/platforms/android-35-ext15/data/res/values-mcc310-mnc310-es: Cannot change mode to rwxr-xr-x: Operation not permitted
build	Cache Android SDK	2026-06-06T12:23:02.9089986Z /usr/bin/tar: ../../../../../usr/local/lib/android/sdk/platforms/android-35-ext15/data/res/values-mcc310-mnc560-cs: Cannot utime: Operation not permitted
build	Cache Android SDK	2026-06-06T12:23:02.9090968Z /usr/bin/tar: ../../../../../usr/local/lib/android/sdk/platforms/android-35-ext15/data/res/values-mcc310-mnc560-cs: Cannot change mode to rwxr-xr-x: Operation not permitted
build	Cache Android SDK	2026-06-06T12:23:02.9093586Z /usr/bin/tar: ../../../../../usr/local/lib/android/sdk/platforms/android-35-ext15/data/res/values-mcc310-mnc160-ky: Cannot utime: Operation not permitted
build	Cache Android SDK	2026-06-06T12:23:02.9094560Z /usr/bin/tar: ../../../../../usr/local/lib/android/sdk/platforms/android-35-ext15/data/res/values-mcc310-mnc160-ky: Cannot change mode to rwxr-xr-x: Operation not permitted
build	Cache Android SDK	2026-06-06T12:23:02.9100543Z /usr/bin/tar: ../../../../../usr/local/lib/android/sdk/platforms/android-35-ext15/data/res/values-mcc310-mnc270-mk: Cannot utime: Operation not permitted
build	Cache Android SDK	2026-06-06T12:23:02.9101513Z /usr/bin/tar: ../../../../../usr/local/lib/android/sdk/platforms/android-35-ext15/data/res/values-mcc310-mnc270-mk: Cannot change mode to rwxr-xr-x: Operation not permitted
build	Cache Android SDK	2026-06-06T12:23:02.9106577Z /usr/bin/tar: ../../../../../usr/local/lib/android/sdk/platforms/android-35-ext15/data/res/values-et-watch: Cannot utime: Operation not permitted
build	Cache Android SDK	2026-06-06T12:23:02.9107695Z /usr/bin/tar: ../../../../../usr/local/lib/android/sdk/platforms/android-35-ext15/data/res/values-et-watch: Cannot change mode to rwxr-xr-x: Operation not permitted
build	Cache Android SDK	2026-06-06T12:23:02.9109253Z /usr/bin/tar: ../../../../../usr/local/lib/android/sdk/platforms/android-35-ext15/data/res/values-mcc310-mnc800-da: Cannot utime: Operation not permitted
build	Cache Android SDK	2026-06-06T12:23:02.9110200Z /usr/bin/tar: ../../../../../usr/local/lib/android/sdk/platforms/android-35-ext15/data/res/values-mcc310-mnc800-da: Cannot change mode to rwxr-xr-x: Operation not permitted
build	Cache Android SDK	2026-06-06T12:23:02.9113052Z /usr/bin/tar: ../../../../../usr/local/lib/android/sdk/platforms/android-35-ext15/data/res/values-mcc310-mnc310-sq: Cannot utime: Operation not permitted
build	Cache Android SDK	2026-06-06T12:23:02.9114012Z /usr/bin/tar: ../../../../../usr/local/lib/android/sdk/platforms/android-35-ext15/data/res/values-mcc310-mnc310-sq: Cannot change mode to rwxr-xr-x: Operation not permitted
build	Cache Android SDK	2026-06-06T12:23:02.9116407Z /usr/bin/tar: ../../../../../usr/local/lib/android/sdk/platforms/android-35-ext15/data/res/values-mcc310-mnc310-my: Cannot utime: Operation not permitted
build	Cache Android SDK	2026-06-06T12:23:02.9117512Z /usr/bin/tar: ../../../../../usr/local/lib/android/sdk/platforms/android-35-ext15/data/res/values-mcc310-mnc310-my: Cannot change mode to rwxr-xr-x: Operation not permitted
build	Cache Android SDK	2026-06-06T12:23:02.9119871Z /usr/bin/tar: ../../../../../usr/local/lib/android/sdk/platforms/android-35-ext15/data/res/values-mcc311-mnc180-be: Cannot utime: Operation not permitted
build	Cache Android SDK	2026-06-06T12:23:02.9120829Z /usr/bin/tar: ../../../../../usr/local/lib/android/sdk/platforms/android-35-ext15/data/res/values-mcc311-mnc180-be: Cannot change mode to rwxr-xr-x: Operation not permitted
build	Cache Android SDK	2026-06-06T12:23:02.9123796Z /usr/bin/tar: ../../../../../usr/local/lib/android/sdk/platforms/android-35-ext15/data/res/values-fr-neuter: Cannot utime: Operation not permitted
build	Cache Android SDK	2026-06-06T12:23:02.9124790Z /usr/bin/tar: ../../../../../usr/local/lib/android/sdk/platforms/android-35-ext15/data/res/values-fr-neuter: Cannot change mode to rwxr-xr-x: Operation not permitted
build	Cache Android SDK	2026-06-06T12:23:02.9127182Z /usr/bin/tar: ../../../../../usr/local/lib/android/sdk/platforms/android-35-ext15/data/res/values-mcc310-mnc490-zu: Cannot utime: Operation not permitted
build	Cache Android SDK	2026-06-06T12:23:02.9128295Z /usr/bin/tar: ../../../../../usr/local/lib/android/sdk/platforms/android-35-ext15/data/res/values-mcc310-mnc490-zu: Cannot change mode to rwxr-xr-x: Operation not permitted
build	Cache Android SDK	2026-06-06T12:23:02.9132427Z /usr/bin/tar: ../../../../../usr/local/lib/android/sdk/platforms/android-35-ext15/data/res/values-mcc310-mnc410-am: Cannot utime: Operation not permitted
build	Cache Android SDK	2026-06-06T12:23:02.9133521Z /usr/bin/tar: ../../../../../usr/local/lib/android/sdk/platforms/android-35-ext15/data/res/values-mcc310-mnc410-am: Cannot change mode to rwxr-xr-x: Operation not permitted
build	Cache Android SDK	2026-06-06T12:23:02.9138043Z /usr/bin/tar: ../../../../../usr/local/lib/android/sdk/platforms/android-35-ext15/data/res/values-mcc310-mnc950-hr: Cannot utime: Operation not permitted
build	Cache Android SDK	2026-06-06T12:23:02.9139000Z /usr/bin/tar: ../../../../../usr/local/lib/android/sdk/platforms/android-35-ext15/data/res/values-mcc310-mnc950-hr: Cannot change mode to rwxr-xr-x: Operation not permitted
build	Cache Android SDK	2026-06-06T12:23:02.9141377Z /usr/bin/tar: ../../../../../usr/local/lib/android/sdk/platforms/android-35-ext15/data/res/values-mcc716-mnc10: Cannot utime: Operation not permitted
build	Cache Android SDK	2026-06-06T12:23:02.9142319Z /usr/bin/tar: ../../../../../usr/local/lib/android/sdk/platforms/android-35-ext15/data/res/values-mcc716-mnc10: Cannot change mode to rwxr-xr-x: Operation not permitted
build	Cache Android SDK	2026-06-06T12:23:02.9144945Z /usr/bin/tar: ../../../../../usr/local/lib/android/sdk/platforms/android-35-ext15/data/res/values-mcc310-mnc280-hr: Cannot utime: Operation not permitted
build	Cache Android SDK	2026-06-06T12:23:02.9145917Z /usr/bin/tar: ../../../../../usr/local/lib/android/sdk/platforms/android-35-ext15/data/res/values-mcc310-mnc280-hr: Cannot change mode to rwxr-xr-x: Operation not permitted
build	Cache Android SDK	2026-06-06T12:23:02.9148464Z /usr/bin/tar: ../../../../../usr/local/lib/android/sdk/platforms/android-35-ext15/data/res/values-mcc310-mnc490-zh-rCN: Cannot utime: Operation not permitted
build	Cache Android SDK	2026-06-06T12:23:02.9149552Z /usr/bin/tar: ../../../../../usr/local/lib/android/sdk/platforms/android-35-ext15/data/res/values-mcc310-mnc490-zh-rCN: Cannot change mode to rwxr-xr-x: Operation not permitted
build	Cache Android SDK	2026-06-06T12:23:02.9154089Z /usr/bin/tar: ../../../../../usr/local/lib/android/sdk/platforms/android-35-ext15/data/res/values-mcc001-mnc01-hi: Cannot utime: Operation not permitted
build	Cache Android SDK	2026-06-06T12:23:02.9155169Z /usr/bin/tar: ../../../../../usr/local/lib/android/sdk/platforms/android-35-ext15/data/res/values-mcc001-mnc01-hi: Cannot change mode to rwxr-xr-x: Operation not permitted
build	Cache Android SDK	2026-06-06T12:23:02.9158570Z /usr/bin/tar: ../../../../../usr/local/lib/android/sdk/platforms/android-35-ext15/data/res/values-mcc310-mnc220-ne: Cannot utime: Operation not permitted
build	Cache Android SDK	2026-06-06T12:23:02.9159539Z /usr/bin/tar: ../../../../../usr/local/lib/android/sdk/platforms/android-35-ext15/data/res/values-mcc310-mnc220-ne: Cannot change mode to rwxr-xr-x: Operation not permitted
build	Cache Android SDK	2026-06-06T12:23:02.9163128Z /usr/bin/tar: ../../../../../usr/local/lib/android/sdk/platforms/android-35-ext15/data/res/values-de-rAT: Cannot utime: Operation not permitted
build	Cache Android SDK	2026-06-06T12:23:02.9164153Z /usr/bin/tar: ../../../../../usr/local/lib/android/sdk/platforms/android-35-ext15/data/res/values-de-rAT: Cannot change mode to rwxr-xr-x: Operation not permitted
build	Cache Android SDK	2026-06-06T12:23:02.9167314Z /usr/bin/tar: ../../../../../usr/local/lib/android/sdk/platforms/android-35-ext15/data/res/values-mcc310-mnc030-es: Cannot utime: Operation not permitted
build	Cache Android SDK	2026-06-06T12:23:02.9168404Z /usr/bin/tar: ../../../../../usr/local/lib/android/sdk/platforms/android-35-ext15/data/res/values-mcc310-mnc030-es: Cannot change mode to rwxr-xr-x: Operation not permitted
build	Cache Android SDK	2026-06-06T12:23:02.9174428Z /usr/bin/tar: ../../../../../usr/local/lib/android/sdk/platforms/android-35-ext15/data/res/values-mcc001-mnc01-es: Cannot utime: Operation not permitted
build	Cache Android SDK	2026-06-06T12:23:02.9175390Z /usr/bin/tar: ../../../../../usr/local/lib/android/sdk/platforms/android-35-ext15/data/res/values-mcc001-mnc01-es: Cannot change mode to rwxr-xr-x: Operation not permitted
build	Cache Android SDK	2026-06-06T12:23:02.9178970Z /usr/bin/tar: ../../../../../usr/local/lib/android/sdk/platforms/android-35-ext15/data/res/values-mcc310-mnc270-el: Cannot utime: Operation not permitted
build	Cache Android SDK	2026-06-06T12:23:02.9179934Z /usr/bin/tar: ../../../../../usr/local/lib/android/sdk/platforms/android-35-ext15/data/res/values-mcc310-mnc270-el: Cannot change mode to rwxr-xr-x: Operation not permitted
build	Cache Android SDK	2026-06-06T12:23:02.9182721Z /usr/bin/tar: ../../../../../usr/local/lib/android/sdk/platforms/android-35-ext15/data/res/values-mcc310-mnc410-en-rIN: Cannot utime: Operation not permitted
build	Cache Android SDK	2026-06-06T12:23:02.9183824Z /usr/bin/tar: ../../../../../usr/local/lib/android/sdk/platforms/android-35-ext15/data/res/values-mcc310-mnc410-en-rIN: Cannot change mode to rwxr-xr-x: Operation not permitted
build	Cache Android SDK	2026-06-06T12:23:02.9185936Z /usr/bin/tar: ../../../../../usr/local/lib/android/sdk/platforms/android-35-ext15/data/res/values-mcc311-mnc180-tl: Cannot utime: Operation not permitted
build	Cache Android SDK	2026-06-06T12:23:02.9186935Z /usr/bin/tar: ../../../../../usr/local/lib/android/sdk/platforms/android-35-ext15/data/res/values-mcc311-mnc180-tl: Cannot change mode to rwxr-xr-x: Operation not permitted
build	Cache Android SDK	2026-06-06T12:23:02.9189298Z /usr/bin/tar: ../../../../../usr/local/lib/android/sdk/platforms/android-35-ext15/data/res/values-mcc310-mnc210-en-rIN: Cannot utime: Operation not permitted
build	Cache Android SDK	2026-06-06T12:23:02.9190300Z /usr/bin/tar: ../../../../../usr/local/lib/android/sdk/platforms/android-35-ext15/data/res/values-mcc310-mnc210-en-rIN: Cannot change mode to rwxr-xr-x: Operation not permitted
build	Cache Android SDK	2026-06-06T12:23:02.9192689Z /usr/bin/tar: ../../../../../usr/local/lib/android/sdk/platforms/android-35-ext15/data/res/values-mcc312-mnc670-kn: Cannot utime: Operation not permitted
build	Cache Android SDK	2026-06-06T12:23:02.9193651Z /usr/bin/tar: ../../../../../usr/local/lib/android/sdk/platforms/android-35-ext15/data/res/values-mcc312-mnc670-kn: Cannot change mode to rwxr-xr-x: Operation not permitted
build	Cache Android SDK	2026-06-06T12:23:02.9195753Z /usr/bin/tar: ../../../../../usr/local/lib/android/sdk/platforms/android-35-ext15/data/res/values-ro-television: Cannot utime: Operation not permitted
build	Cache Android SDK	2026-06-06T12:23:02.9196782Z /usr/bin/tar: ../../../../../usr/local/lib/android/sdk/platforms/android-35-ext15/data/res/values-ro-television: Cannot change mode to rwxr-xr-x: Operation not permitted
build	Cache Android SDK	2026-06-06T12:23:02.9199727Z /usr/bin/tar: ../../../../../usr/local/lib/android/sdk/platforms/android-35-ext15/data/res/values-mcc310-mnc210-pt-rPT: Cannot utime: Operation not permitted
build	Cache Android SDK	2026-06-06T12:23:02.9200708Z /usr/bin/tar: ../../../../../usr/local/lib/android/sdk/platforms/android-35-ext15/data/res/values-mcc310-mnc210-pt-rPT: Cannot change mode to rwxr-xr-x: Operation not permitted
build	Cache Android SDK	2026-06-06T12:23:02.9203884Z /usr/bin/tar: ../../../../../usr/local/lib/android/sdk/platforms/android-35-ext15/data/res/values-vi-rVN: Cannot utime: Operation not permitted
build	Cache Android SDK	2026-06-06T12:23:02.9204784Z /usr/bin/tar: ../../../../../usr/local/lib/android/sdk/platforms/android-35-ext15/data/res/values-vi-rVN: Cannot change mode to rwxr-xr-x: Operation not permitted
build	Cache Android SDK	2026-06-06T12:23:02.9208118Z /usr/bin/tar: ../../../../../usr/local/lib/android/sdk/platforms/android-35-ext15/data/res/values-mcc302-mnc720-el: Cannot utime: Operation not permitted
build	Cache Android SDK	2026-06-06T12:23:02.9209173Z /usr/bin/tar: ../../../../../usr/local/lib/android/sdk/platforms/android-35-ext15/data/res/values-mcc302-mnc720-el: Cannot change mode to rwxr-xr-x: Operation not permitted
build	Cache Android SDK	2026-06-06T12:23:02.9212399Z /usr/bin/tar: ../../../../../usr/local/lib/android/sdk/platforms/android-35-ext15/data/res/values-mcc310-mnc270-sw: Cannot utime: Operation not permitted
build	Cache Android SDK	2026-06-06T12:23:02.9213350Z /usr/bin/tar: ../../../../../usr/local/lib/android/sdk/platforms/android-35-ext15/data/res/values-mcc310-mnc270-sw: Cannot change mode to rwxr-xr-x: Operation not permitted
build	Cache Android SDK	2026-06-06T12:23:02.9222632Z /usr/bin/tar: ../../../../../usr/local/lib/android/sdk/platforms/android-35-ext15/data/res/values-pt-rPT: Cannot utime: Operation not permitted
build	Cache Android SDK	2026-06-06T12:23:02.9223767Z /usr/bin/tar: ../../../../../usr/local/lib/android/sdk/platforms/android-35-ext15/data/res/values-pt-rPT: Cannot change mode to rwxr-xr-x: Operation not permitted
build	Cache Android SDK	2026-06-06T12:23:02.9226897Z /usr/bin/tar: ../../../../../usr/local/lib/android/sdk/platforms/android-35-ext15/data/res/values-mcc334-mnc020-sv: Cannot utime: Operation not permitted
build	Cache Android SDK	2026-06-06T12:23:02.9228239Z /usr/bin/tar: ../../../../../usr/local/lib/android/sdk/platforms/android-35-ext15/data/res/values-mcc334-mnc020-sv: Cannot change mode to rwxr-xr-x: Operation not permitted
build	Cache Android SDK	2026-06-06T12:23:02.9233327Z /usr/bin/tar: ../../../../../usr/local/lib/android/sdk/platforms/android-35-ext15/data/res/values-mcc530-mnc05: Cannot utime: Operation not permitted
build	Cache Android SDK	2026-06-06T12:23:02.9234304Z /usr/bin/tar: ../../../../../usr/local/lib/android/sdk/platforms/android-35-ext15/data/res/values-mcc530-mnc05: Cannot change mode to rwxr-xr-x: Operation not permitted
build	Cache Android SDK	2026-06-06T12:23:02.9237717Z /usr/bin/tar: ../../../../../usr/local/lib/android/sdk/platforms/android-35-ext15/data/res/values-mcc310-mnc030-uk: Cannot utime: Operation not permitted
build	Cache Android SDK	2026-06-06T12:23:02.9238963Z /usr/bin/tar: ../../../../../usr/local/lib/android/sdk/platforms/android-35-ext15/data/res/values-mcc310-mnc030-uk: Cannot change mode to rwxr-xr-x: Operation not permitted
build	Cache Android SDK	2026-06-06T12:23:02.9241476Z /usr/bin/tar: ../../../../../usr/local/lib/android/sdk/platforms/android-35-ext15/data/res/values-mcc310-mnc030-hy: Cannot utime: Operation not permitted
build	Cache Android SDK	2026-06-06T12:23:02.9242438Z /usr/bin/tar: ../../../../../usr/local/lib/android/sdk/platforms/android-35-ext15/data/res/values-mcc310-mnc030-hy: Cannot change mode to rwxr-xr-x: Operation not permitted
build	Cache Android SDK	2026-06-06T12:23:02.9245559Z /usr/bin/tar: ../../../../../usr/local/lib/android/sdk/platforms/android-35-ext15/data/res/values-mcc310-mnc950-kk: Cannot utime: Operation not permitted
build	Cache Android SDK	2026-06-06T12:23:02.9246564Z /usr/bin/tar: ../../../../../usr/local/lib/android/sdk/platforms/android-35-ext15/data/res/values-mcc310-mnc950-kk: Cannot change mode to rwxr-xr-x: Operation not permitted
build	Cache Android SDK	2026-06-06T12:23:02.9248947Z /usr/bin/tar: ../../../../../usr/local/lib/android/sdk/platforms/android-35-ext15/data/res/values-mcc310-mnc170-ne: Cannot utime: Operation not permitted
build	Cache Android SDK	2026-06-06T12:23:02.9249926Z /usr/bin/tar: ../../../../../usr/local/lib/android/sdk/platforms/android-35-ext15/data/res/values-mcc310-mnc170-ne: Cannot change mode to rwxr-xr-x: Operation not permitted
build	Cache Android SDK	2026-06-06T12:23:02.9253314Z /usr/bin/tar: ../../../../../usr/local/lib/android/sdk/platforms/android-35-ext15/data/res/values-mcc310-mnc150-lt: Cannot utime: Operation not permitted
build	Cache Android SDK	2026-06-06T12:23:02.9254290Z /usr/bin/tar: ../../../../../usr/local/lib/android/sdk/platforms/android-35-ext15/data/res/values-mcc310-mnc150-lt: Cannot change mode to rwxr-xr-x: Operation not permitted
build	Cache Android SDK	2026-06-06T12:23:02.9256991Z /usr/bin/tar: ../../../../../usr/local/lib/android/sdk/platforms/android-35-ext15/data/res/values-mcc310-mnc240-iw: Cannot utime: Operation not permitted
build	Cache Android SDK	2026-06-06T12:23:02.9258136Z /usr/bin/tar: ../../../../../usr/local/lib/android/sdk/platforms/android-35-ext15/data/res/values-mcc310-mnc240-iw: Cannot change mode to rwxr-xr-x: Operation not permitted
build	Cache Android SDK	2026-06-06T12:23:02.9260751Z /usr/bin/tar: ../../../../../usr/local/lib/android/sdk/platforms/android-35-ext15/data/res/values-mcc310-mnc240-sr: Cannot utime: Operation not permitted
build	Cache Android SDK	2026-06-06T12:23:02.9261723Z /usr/bin/tar: ../../../../../usr/local/lib/android/sdk/platforms/android-35-ext15/data/res/values-mcc310-mnc240-sr: Cannot change mode to rwxr-xr-x: Operation not permitted
build	Cache Android SDK	2026-06-06T12:23:02.9264727Z /usr/bin/tar: ../../../../../usr/local/lib/android/sdk/platforms/android-35-ext15/data/res/values-w240dp: Cannot utime: Operation not permitted
build	Cache Android SDK	2026-06-06T12:23:02.9265744Z /usr/bin/tar: ../../../../../usr/local/lib/android/sdk/platforms/android-35-ext15/data/res/values-w240dp: Cannot change mode to rwxr-xr-x: Operation not permitted
build	Cache Android SDK	2026-06-06T12:23:02.9267774Z /usr/bin/tar: ../../../../../usr/local/lib/android/sdk/platforms/android-35-ext15/data/res/values-mcc310-mnc240-zh-rCN: Cannot utime: Operation not permitted
build	Cache Android SDK	2026-06-06T12:23:02.9268790Z /usr/bin/tar: ../../../../../usr/local/lib/android/sdk/platforms/android-35-ext15/data/res/values-mcc310-mnc240-zh-rCN: Cannot change mode to rwxr-xr-x: Operation not permitted
build	Cache Android SDK	2026-06-06T12:23:02.9272121Z /usr/bin/tar: ../../../../../usr/local/lib/android/sdk/platforms/android-35-ext15/data/res/values-mcc310-mnc380-tr: Cannot utime: Operation not permitted
build	Cache Android SDK	2026-06-06T12:23:02.9273085Z /usr/bin/tar: ../../../../../usr/local/lib/android/sdk/platforms/android-35-ext15/data/res/values-mcc310-mnc380-tr: Cannot change mode to rwxr-xr-x: Operation not permitted
build	Cache Android SDK	2026-06-06T12:23:02.9275761Z /usr/bin/tar: ../../../../../usr/local/lib/android/sdk/platforms/android-35-ext15/data/res/values-mcc310-mnc250-nb: Cannot utime: Operation not permitted
build	Cache Android SDK	2026-06-06T12:23:02.9276717Z /usr/bin/tar: ../../../../../usr/local/lib/android/sdk/platforms/android-35-ext15/data/res/values-mcc310-mnc250-nb: Cannot change mode to rwxr-xr-x: Operation not permitted
build	Cache Android SDK	2026-06-06T12:23:02.9279788Z /usr/bin/tar: ../../../../../usr/local/lib/android/sdk/platforms/android-35-ext15/data/res/drawable-en-ldpi: Cannot utime: Operation not permitted
build	Cache Android SDK	2026-06-06T12:23:02.9280908Z /usr/bin/tar: ../../../../../usr/local/lib/android/sdk/platforms/android-35-ext15/data/res/drawable-en-ldpi: Cannot change mode to rwxr-xr-x: Operation not permitted
build	Cache Android SDK	2026-06-06T12:23:02.9282394Z /usr/bin/tar: ../../../../../usr/local/lib/android/sdk/platforms/android-35-ext15/data/res/values-mcc334-mnc020-gl: Cannot utime: Operation not permitted
build	Cache Android SDK	2026-06-06T12:23:02.9283353Z /usr/bin/tar: ../../../../../usr/local/lib/android/sdk/platforms/android-35-ext15/data/res/values-mcc334-mnc020-gl: Cannot change mode to rwxr-xr-x: Operation not permitted
build	Cache Android SDK	2026-06-06T12:23:02.9286739Z /usr/bin/tar: ../../../../../usr/local/lib/android/sdk/platforms/android-35-ext15/data/res/values-mcc310-mnc170-fr: Cannot utime: Operation not permitted
build	Cache Android SDK	2026-06-06T12:23:02.9287955Z /usr/bin/tar: ../../../../../usr/local/lib/android/sdk/platforms/android-35-ext15/data/res/values-mcc310-mnc170-fr: Cannot change mode to rwxr-xr-x: Operation not permitted
build	Cache Android SDK	2026-06-06T12:23:02.9289975Z /usr/bin/tar: ../../../../../usr/local/lib/android/sdk/platforms/android-35-ext15/data/res/values-mcc310-mnc280-eu: Cannot utime: Operation not permitted
build	Cache Android SDK	2026-06-06T12:23:02.9290937Z /usr/bin/tar: ../../../../../usr/local/lib/android/sdk/platforms/android-35-ext15/data/res/values-mcc310-mnc280-eu: Cannot change mode to rwxr-xr-x: Operation not permitted
build	Cache Android SDK	2026-06-06T12:23:02.9294518Z /usr/bin/tar: ../../../../../usr/local/lib/android/sdk/platforms/android-35-ext15/data/res/values-mcc310-mnc270-si: Cannot utime: Operation not permitted
build	Cache Android SDK	2026-06-06T12:23:02.9295494Z /usr/bin/tar: ../../../../../usr/local/lib/android/sdk/platforms/android-35-ext15/data/res/values-mcc310-mnc270-si: Cannot change mode to rwxr-xr-x: Operation not permitted
build	Cache Android SDK	2026-06-06T12:23:02.9297331Z /usr/bin/tar: ../../../../../usr/local/lib/android/sdk/platforms/android-35-ext15/data/res/values-mcc310-mnc380-my: Cannot utime: Operation not permitted
build	Cache Android SDK	2026-06-06T12:23:02.9298443Z /usr/bin/tar: ../../../../../usr/local/lib/android/sdk/platforms/android-35-ext15/data/res/values-mcc310-mnc380-my: Cannot change mode to rwxr-xr-x: Operation not permitted
build	Cache Android SDK	2026-06-06T12:23:02.9301570Z /usr/bin/tar: ../../../../../usr/local/lib/android/sdk/platforms/android-35-ext15/data/res/values-mcc311-mnc180-fi: Cannot utime: Operation not permitted
build	Cache Android SDK	2026-06-06T12:23:02.9302563Z /usr/bin/tar: ../../../../../usr/local/lib/android/sdk/platforms/android-35-ext15/data/res/values-mcc311-mnc180-fi: Cannot change mode to rwxr-xr-x: Operation not permitted
build	Cache Android SDK	2026-06-06T12:23:02.9304312Z /usr/bin/tar: ../../../../../usr/local/lib/android/sdk/platforms/android-35-ext15/data/res/values-mcc310-mnc150-el: Cannot utime: Operation not permitted
build	Cache Android SDK	2026-06-06T12:23:02.9305273Z /usr/bin/tar: ../../../../../usr/local/lib/android/sdk/platforms/android-35-ext15/data/res/values-mcc310-mnc150-el: Cannot change mode to rwxr-xr-x: Operation not permitted
build	Cache Android SDK	2026-06-06T12:23:02.9308272Z /usr/bin/tar: ../../../../../usr/local/lib/android/sdk/platforms/android-35-ext15/data/res/values-ldrtl-television: Cannot utime: Operation not permitted
build	Cache Android SDK	2026-06-06T12:23:02.9309259Z /usr/bin/tar: ../../../../../usr/local/lib/android/sdk/platforms/android-35-ext15/data/res/values-ldrtl-television: Cannot change mode to rwxr-xr-x: Operation not permitted
build	Cache Android SDK	2026-06-06T12:23:02.9312275Z /usr/bin/tar: ../../../../../usr/local/lib/android/sdk/platforms/android-35-ext15/data/res/values-nb-watch: Cannot utime: Operation not permitted
build	Cache Android SDK	2026-06-06T12:23:02.9313286Z /usr/bin/tar: ../../../../../usr/local/lib/android/sdk/platforms/android-35-ext15/data/res/values-nb-watch: Cannot change mode to rwxr-xr-x: Operation not permitted
build	Cache Android SDK	2026-06-06T12:23:02.9316684Z /usr/bin/tar: ../../../../../usr/local/lib/android/sdk/platforms/android-35-ext15/data/res/values-mcc310-mnc490: Cannot utime: Operation not permitted
build	Cache Android SDK	2026-06-06T12:23:02.9317886Z /usr/bin/tar: ../../../../../usr/local/lib/android/sdk/platforms/android-35-ext15/data/res/values-mcc310-mnc490: Cannot change mode to rwxr-xr-x: Operation not permitted
build	Cache Android SDK	2026-06-06T12:23:02.9321520Z /usr/bin/tar: ../../../../../usr/local/lib/android/sdk/platforms/android-35-ext15/data/res/values-mcc310-mnc230-gu: Cannot utime: Operation not permitted
build	Cache Android SDK	2026-06-06T12:23:02.9322490Z /usr/bin/tar: ../../../../../usr/local/lib/android/sdk/platforms/android-35-ext15/data/res/values-mcc310-mnc230-gu: Cannot change mode to rwxr-xr-x: Operation not permitted
build	Cache Android SDK	2026-06-06T12:23:02.9325300Z /usr/bin/tar: ../../../../../usr/local/lib/android/sdk/platforms/android-35-ext15/data/res/values-mcc310-mnc230-lv: Cannot utime: Operation not permitted
build	Cache Android SDK	2026-06-06T12:23:02.9326282Z /usr/bin/tar: ../../../../../usr/local/lib/android/sdk/platforms/android-35-ext15/data/res/values-mcc310-mnc230-lv: Cannot change mode to rwxr-xr-x: Operation not permitted
build	Cache Android SDK	2026-06-06T12:23:02.9328832Z /usr/bin/tar: ../../../../../usr/local/lib/android/sdk/platforms/android-35-ext15/data/res/values-mcc310-mnc410-bs: Cannot utime: Operation not permitted
build	Cache Android SDK	2026-06-06T12:23:02.9329921Z /usr/bin/tar: ../../../../../usr/local/lib/android/sdk/platforms/android-35-ext15/data/res/values-mcc310-mnc410-bs: Cannot change mode to rwxr-xr-x: Operation not permitted
build	Cache Android SDK	2026-06-06T12:23:02.9331995Z /usr/bin/tar: ../../../../../usr/local/lib/android/sdk/platforms/android-35-ext15/data/res/values-mcc302-mnc370-pt: Cannot utime: Operation not permitted
build	Cache Android SDK	2026-06-06T12:23:02.9332971Z /usr/bin/tar: ../../../../../usr/local/lib/android/sdk/platforms/android-35-ext15/data/res/values-mcc302-mnc370-pt: Cannot change mode to rwxr-xr-x: Operation not permitted
build	Cache Android SDK	2026-06-06T12:23:02.9335656Z /usr/bin/tar: ../../../../../usr/local/lib/android/sdk/platforms/android-35-ext15/data/res/raw-ja: Cannot utime: Operation not permitted
build	Cache Android SDK	2026-06-06T12:23:02.9336572Z /usr/bin/tar: ../../../../../usr/local/lib/android/sdk/platforms/android-35-ext15/data/res/raw-ja: Cannot change mode to rwxr-xr-x: Operation not permitted
build	Cache Android SDK	2026-06-06T12:23:02.9339690Z /usr/bin/tar: ../../../../../usr/local/lib/android/sdk/platforms/android-35-ext15/data/res/values-mcc310-mnc270-ne: Cannot utime: Operation not permitted
build	Cache Android SDK	2026-06-06T12:23:02.9340867Z /usr/bin/tar: ../../../../../usr/local/lib/android/sdk/platforms/android-35-ext15/data/res/values-mcc310-mnc270-ne: Cannot change mode to rwxr-xr-x: Operation not permitted
build	Cache Android SDK	2026-06-06T12:23:02.9343341Z /usr/bin/tar: ../../../../../usr/local/lib/android/sdk/platforms/android-35-ext15/data/res/values-mcc310-mnc150-sl: Cannot utime: Operation not permitted
build	Cache Android SDK	2026-06-06T12:23:02.9344462Z /usr/bin/tar: ../../../../../usr/local/lib/android/sdk/platforms/android-35-ext15/data/res/values-mcc310-mnc150-sl: Cannot change mode to rwxr-xr-x: Operation not permitted
build	Cache Android SDK	2026-06-06T12:23:02.9346086Z /usr/bin/tar: ../../../../../usr/local/lib/android/sdk/platforms/android-35-ext15/data/res/values-mcc310-mnc380-de: Cannot utime: Operation not permitted
build	Cache Android SDK	2026-06-06T12:23:02.9347085Z /usr/bin/tar: ../../../../../usr/local/lib/android/sdk/platforms/android-35-ext15/data/res/values-mcc310-mnc380-de: Cannot change mode to rwxr-xr-x: Operation not permitted
build	Cache Android SDK	2026-06-06T12:23:02.9350113Z /usr/bin/tar: ../../../../../usr/local/lib/android/sdk/platforms/android-35-ext15/data/res/values-mcc310-mnc950-hu: Cannot utime: Operation not permitted
build	Cache Android SDK	2026-06-06T12:23:02.9351070Z /usr/bin/tar: ../../../../../usr/local/lib/android/sdk/platforms/android-35-ext15/data/res/values-mcc310-mnc950-hu: Cannot change mode to rwxr-xr-x: Operation not permitted
build	Cache Android SDK	2026-06-06T12:23:02.9353081Z /usr/bin/tar: ../../../../../usr/local/lib/android/sdk/platforms/android-35-ext15/data/res/values-mcc310-mnc230-pa: Cannot utime: Operation not permitted
build	Cache Android SDK	2026-06-06T12:23:02.9354131Z /usr/bin/tar: ../../../../../usr/local/lib/android/sdk/platforms/android-35-ext15/data/res/values-mcc310-mnc230-pa: Cannot change mode to rwxr-xr-x: Operation not permitted
build	Cache Android SDK	2026-06-06T12:23:02.9356550Z /usr/bin/tar: ../../../../../usr/local/lib/android/sdk/platforms/android-35-ext15/data/res/values-w320dp: Cannot utime: Operation not permitted
build	Cache Android SDK	2026-06-06T12:23:02.9357671Z /usr/bin/tar: ../../../../../usr/local/lib/android/sdk/platforms/android-35-ext15/data/res/values-w320dp: Cannot change mode to rwxr-xr-x: Operation not permitted
build	Cache Android SDK	2026-06-06T12:23:02.9359670Z /usr/bin/tar: ../../../../../usr/local/lib/android/sdk/platforms/android-35-ext15/data/res/values-mcc310-mnc270-kk: Cannot utime: Operation not permitted
build	Cache Android SDK	2026-06-06T12:23:02.9360645Z /usr/bin/tar: ../../../../../usr/local/lib/android/sdk/platforms/android-35-ext15/data/res/values-mcc310-mnc270-kk: Cannot change mode to rwxr-xr-x: Operation not permitted
build	Cache Android SDK	2026-06-06T12:23:02.9362864Z /usr/bin/tar: ../../../../../usr/local/lib/android/sdk/platforms/android-35-ext15/data/res/values-mcc313-mnc100-nb: Cannot utime: Operation not permitted
build	Cache Android SDK	2026-06-06T12:23:02.9363841Z /usr/bin/tar: ../../../../../usr/local/lib/android/sdk/platforms/android-35-ext15/data/res/values-mcc313-mnc100-nb: Cannot change mode to rwxr-xr-x: Operation not permitted
build	Cache Android SDK	2026-06-06T12:23:02.9365742Z /usr/bin/tar: ../../../../../usr/local/lib/android/sdk/platforms/android-35-ext15/data/res/values-mcc310-mnc250-ky: Cannot utime: Operation not permitted
build	Cache Android SDK	2026-06-06T12:23:02.9366710Z /usr/bin/tar: ../../../../../usr/local/lib/android/sdk/platforms/android-35-ext15/data/res/values-mcc310-mnc250-ky: Cannot change mode to rwxr-xr-x: Operation not permitted
build	Cache Android SDK	2026-06-06T12:23:02.9369196Z /usr/bin/tar: ../../../../../usr/local/lib/android/sdk/platforms/android-35-ext15/data/res/values-mcc310-mnc800-gu: Cannot utime: Operation not permitted
build	Cache Android SDK	2026-06-06T12:23:02.9370161Z /usr/bin/tar: ../../../../../usr/local/lib/android/sdk/platforms/android-35-ext15/data/res/values-mcc310-mnc800-gu: Cannot change mode to rwxr-xr-x: Operation not permitted
build	Cache Android SDK	2026-06-06T12:23:02.9372244Z /usr/bin/tar: ../../../../../usr/local/lib/android/sdk/platforms/android-35-ext15/data/res/values-mcc310-mnc200-sv: Cannot utime: Operation not permitted
build	Cache Android SDK	2026-06-06T12:23:02.9373341Z /usr/bin/tar: ../../../../../usr/local/lib/android/sdk/platforms/android-35-ext15/data/res/values-mcc310-mnc200-sv: Cannot change mode to rwxr-xr-x: Operation not permitted
build	Cache Android SDK	2026-06-06T12:23:02.9375831Z /usr/bin/tar: ../../../../../usr/local/lib/android/sdk/platforms/android-35-ext15/data/res/values-mcc334-mnc020-en-rGB: Cannot utime: Operation not permitted
build	Cache Android SDK	2026-06-06T12:23:02.9376857Z /usr/bin/tar: ../../../../../usr/local/lib/android/sdk/platforms/android-35-ext15/data/res/values-mcc334-mnc020-en-rGB: Cannot change mode to rwxr-xr-x: Operation not permitted
build	Cache Android SDK	2026-06-06T12:23:02.9379333Z /usr/bin/tar: ../../../../../usr/local/lib/android/sdk/platforms/android-35-ext15/data/res/values-mcc302-mnc720-en-rIN: Cannot utime: Operation not permitted
build	Cache Android SDK	2026-06-06T12:23:02.9380424Z /usr/bin/tar: ../../../../../usr/local/lib/android/sdk/platforms/android-35-ext15/data/res/values-mcc302-mnc720-en-rIN: Cannot change mode to rwxr-xr-x: Operation not permitted
build	Cache Android SDK	2026-06-06T12:23:02.9386058Z /usr/bin/tar: ../../../../../usr/local/lib/android/sdk/platforms/android-35-ext15/data/res/xml-en: Cannot utime: Operation not permitted
build	Cache Android SDK	2026-06-06T12:23:02.9386935Z /usr/bin/tar: ../../../../../usr/local/lib/android/sdk/platforms/android-35-ext15/data/res/xml-en: Cannot change mode to rwxr-xr-x: Operation not permitted
build	Cache Android SDK	2026-06-06T12:23:02.9388134Z /usr/bin/tar: ../../../../../usr/local/lib/android/sdk/platforms/android-35-ext15/data/res/values-mcc310-mnc950-es-rUS: Cannot utime: Operation not permitted
build	Cache Android SDK	2026-06-06T12:23:02.9389342Z /usr/bin/tar: ../../../../../usr/local/lib/android/sdk/platforms/android-35-ext15/data/res/values-mcc310-mnc950-es-rUS: Cannot change mode to rwxr-xr-x: Operation not permitted
build	Cache Android SDK	2026-06-06T12:23:02.9390437Z /usr/bin/tar: ../../../../../usr/local/lib/android/sdk/platforms/android-35-ext15/data/res/values-mcc310-mnc950-tr: Cannot utime: Operation not permitted
build	Cache Android SDK	2026-06-06T12:23:02.9391477Z /usr/bin/tar: ../../../../../usr/local/lib/android/sdk/platforms/android-35-ext15/data/res/values-mcc310-mnc950-tr: Cannot change mode to rwxr-xr-x: Operation not permitted
build	Cache Android SDK	2026-06-06T12:23:02.9392650Z /usr/bin/tar: ../../../../../usr/local/lib/android/sdk/platforms/android-35-ext15/data/res/values-mcc310-mnc200-de: Cannot utime: Operation not permitted
build	Cache Android SDK	2026-06-06T12:23:02.9393609Z /usr/bin/tar: ../../../../../usr/local/lib/android/sdk/platforms/android-35-ext15/data/res/values-mcc310-mnc200-de: Cannot change mode to rwxr-xr-x: Operation not permitted
build	Cache Android SDK	2026-06-06T12:23:02.9395928Z /usr/bin/tar: ../../../../../usr/local/lib/android/sdk/platforms/android-35-ext15/data/res/values-is-watch: Cannot utime: Operation not permitted
build	Cache Android SDK	2026-06-06T12:23:02.9396832Z /usr/bin/tar: ../../../../../usr/local/lib/android/sdk/platforms/android-35-ext15/data/res/values-is-watch: Cannot change mode to rwxr-xr-x: Operation not permitted
build	Cache Android SDK	2026-06-06T12:23:02.9399200Z /usr/bin/tar: ../../../../../usr/local/lib/android/sdk/platforms/android-35-ext15/data/res/values-mcc310-mnc660-lo: Cannot utime: Operation not permitted
build	Cache Android SDK	2026-06-06T12:23:02.9400143Z /usr/bin/tar: ../../../../../usr/local/lib/android/sdk/platforms/android-35-ext15/data/res/values-mcc310-mnc660-lo: Cannot change mode to rwxr-xr-x: Operation not permitted
build	Cache Android SDK	2026-06-06T12:23:02.9402434Z /usr/bin/tar: ../../../../../usr/local/lib/android/sdk/platforms/android-35-ext15/data/res/values-mcc310-mnc380-or: Cannot utime: Operation not permitted
build	Cache Android SDK	2026-06-06T12:23:02.9403389Z /usr/bin/tar: ../../../../../usr/local/lib/android/sdk/platforms/android-35-ext15/data/res/values-mcc310-mnc380-or: Cannot change mode to rwxr-xr-x: Operation not permitted
build	Cache Android SDK	2026-06-06T12:23:02.9405547Z /usr/bin/tar: ../../../../../usr/local/lib/android/sdk/platforms/android-35-ext15/data/res/values-mcc334-mnc020-ky: Cannot utime: Operation not permitted
build	Cache Android SDK	2026-06-06T12:23:02.9406497Z /usr/bin/tar: ../../../../../usr/local/lib/android/sdk/platforms/android-35-ext15/data/res/values-mcc334-mnc020-ky: Cannot change mode to rwxr-xr-x: Operation not permitted
build	Cache Android SDK	2026-06-06T12:23:02.9409519Z /usr/bin/tar: ../../../../../usr/local/lib/android/sdk/platforms/android-35-ext15/data/res/values-mcc334-mnc020-pt-rPT: Cannot utime: Operation not permitted
build	Cache Android SDK	2026-06-06T12:23:02.9410715Z /usr/bin/tar: ../../../../../usr/local/lib/android/sdk/platforms/android-35-ext15/data/res/values-mcc334-mnc020-pt-rPT: Cannot change mode to rwxr-xr-x: Operation not permitted
build	Cache Android SDK	2026-06-06T12:23:02.9412431Z /usr/bin/tar: ../../../../../usr/local/lib/android/sdk/platforms/android-35-ext15/data/res/values-mcc310-mnc250-en-rIN: Cannot utime: Operation not permitted
build	Cache Android SDK	2026-06-06T12:23:02.9413428Z /usr/bin/tar: ../../../../../usr/local/lib/android/sdk/platforms/android-35-ext15/data/res/values-mcc310-mnc250-en-rIN: Cannot change mode to rwxr-xr-x: Operation not permitted
build	Cache Android SDK	2026-06-06T12:23:02.9415838Z /usr/bin/tar: ../../../../../usr/local/lib/android/sdk/platforms/android-35-ext15/data/res/values-mcc466-mnc03: Cannot utime: Operation not permitted
build	Cache Android SDK	2026-06-06T12:23:02.9416864Z /usr/bin/tar: ../../../../../usr/local/lib/android/sdk/platforms/android-35-ext15/data/res/values-mcc466-mnc03: Cannot change mode to rwxr-xr-x: Operation not permitted
build	Cache Android SDK	2026-06-06T12:23:02.9419296Z /usr/bin/tar: ../../../../../usr/local/lib/android/sdk/platforms/android-35-ext15/data/res/values-mcc310-mnc200-fr-rCA: Cannot utime: Operation not permitted
build	Cache Android SDK	2026-06-06T12:23:02.9420319Z /usr/bin/tar: ../../../../../usr/local/lib/android/sdk/platforms/android-35-ext15/data/res/values-mcc310-mnc200-fr-rCA: Cannot change mode to rwxr-xr-x: Operation not permitted
build	Cache Android SDK	2026-06-06T12:23:02.9422224Z /usr/bin/tar: ../../../../../usr/local/lib/android/sdk/platforms/android-35-ext15/data/res/values-mcc340-mnc01: Cannot utime: Operation not permitted
build	Cache Android SDK	2026-06-06T12:23:02.9425735Z /usr/bin/tar: ../../../../../usr/local/lib/android/sdk/platforms/android-35-ext15/data/res/values-mcc340-mnc01: Cannot change mode to rwxr-xr-x: Operation not permitted
build	Cache Android SDK	2026-06-06T12:23:02.9426794Z /usr/bin/tar: ../../../../../usr/local/lib/android/sdk/platforms/android-35-ext15/data/res/values-mcc310-mnc240-kn: Cannot utime: Operation not permitted
build	Cache Android SDK	2026-06-06T12:23:02.9428030Z /usr/bin/tar: ../../../../../usr/local/lib/android/sdk/platforms/android-35-ext15/data/res/values-mcc310-mnc240-kn: Cannot change mode to rwxr-xr-x: Operation not permitted
build	Cache Android SDK	2026-06-06T12:23:02.9432574Z /usr/bin/tar: ../../../../../usr/local/lib/android/sdk/platforms/android-35-ext15/data/res/values-land: Cannot utime: Operation not permitted
build	Cache Android SDK	2026-06-06T12:23:02.9433482Z /usr/bin/tar: ../../../../../usr/local/lib/android/sdk/platforms/android-35-ext15/data/res/values-land: Cannot change mode to rwxr-xr-x: Operation not permitted
build	Cache Android SDK	2026-06-06T12:23:02.9435486Z /usr/bin/tar: ../../../../../usr/local/lib/android/sdk/platforms/android-35-ext15/data/res/values-mcc302-mnc370-ka: Cannot utime: Operation not permitted
build	Cache Android SDK	2026-06-06T12:23:02.9436471Z /usr/bin/tar: ../../../../../usr/local/lib/android/sdk/platforms/android-35-ext15/data/res/values-mcc302-mnc370-ka: Cannot change mode to rwxr-xr-x: Operation not permitted
build	Cache Android SDK	2026-06-06T12:23:02.9439876Z /usr/bin/tar: ../../../../../usr/local/lib/android/sdk/platforms/android-35-ext15/data/res/values-mcc302-mnc720-sl: Cannot utime: Operation not permitted
build	Cache Android SDK	2026-06-06T12:23:02.9440945Z /usr/bin/tar: ../../../../../usr/local/lib/android/sdk/platforms/android-35-ext15/data/res/values-mcc302-mnc720-sl: Cannot change mode to rwxr-xr-x: Operation not permitted
build	Cache Android SDK	2026-06-06T12:23:02.9442846Z /usr/bin/tar: ../../../../../usr/local/lib/android/sdk/platforms/android-35-ext15/data/res/values-mcc310-mnc240-mr: Cannot utime: Operation not permitted
build	Cache Android SDK	2026-06-06T12:23:02.9443812Z /usr/bin/tar: ../../../../../usr/local/lib/android/sdk/platforms/android-35-ext15/data/res/values-mcc310-mnc240-mr: Cannot change mode to rwxr-xr-x: Operation not permitted
build	Cache Android SDK	2026-06-06T12:23:02.9446837Z /usr/bin/tar: ../../../../../usr/local/lib/android/sdk/platforms/android-35-ext15/data/res/values-mcc334-mnc020-fr-neuter: Cannot utime: Operation not permitted
build	Cache Android SDK	2026-06-06T12:23:02.9448248Z /usr/bin/tar: ../../../../../usr/local/lib/android/sdk/platforms/android-35-ext15/data/res/values-mcc334-mnc020-fr-neuter: Cannot change mode to rwxr-xr-x: Operation not permitted
build	Cache Android SDK	2026-06-06T12:23:02.9449887Z /usr/bin/tar: ../../../../../usr/local/lib/android/sdk/platforms/android-35-ext15/data/res/values-mcc310-mnc560-fa: Cannot utime: Operation not permitted
build	Cache Android SDK	2026-06-06T12:23:02.9450933Z /usr/bin/tar: ../../../../../usr/local/lib/android/sdk/platforms/android-35-ext15/data/res/values-mcc310-mnc560-fa: Cannot change mode to rwxr-xr-x: Operation not permitted
build	Cache Android SDK	2026-06-06T12:23:02.9453500Z /usr/bin/tar: ../../../../../usr/local/lib/android/sdk/platforms/android-35-ext15/data/res/values-mcc312-mnc670-ro: Cannot utime: Operation not permitted
build	Cache Android SDK	2026-06-06T12:23:02.9454484Z /usr/bin/tar: ../../../../../usr/local/lib/android/sdk/platforms/android-35-ext15/data/res/values-mcc312-mnc670-ro: Cannot change mode to rwxr-xr-x: Operation not permitted
build	Cache Android SDK	2026-06-06T12:23:02.9456504Z /usr/bin/tar: ../../../../../usr/local/lib/android/sdk/platforms/android-35-ext15/data/res/values-mcc310-mnc250-cs: Cannot utime: Operation not permitted
build	Cache Android SDK	2026-06-06T12:23:02.9457662Z /usr/bin/tar: ../../../../../usr/local/lib/android/sdk/platforms/android-35-ext15/data/res/values-mcc310-mnc250-cs: Cannot change mode to rwxr-xr-x: Operation not permitted
build	Cache Android SDK	2026-06-06T12:23:02.9460611Z /usr/bin/tar: ../../../../../usr/local/lib/android/sdk/platforms/android-35-ext15/data/res/values-hu-rHU: Cannot utime: Operation not permitted
build	Cache Android SDK	2026-06-06T12:23:02.9461547Z /usr/bin/tar: ../../../../../usr/local/lib/android/sdk/platforms/android-35-ext15/data/res/values-hu-rHU: Cannot change mode to rwxr-xr-x: Operation not permitted
build	Cache Android SDK	2026-06-06T12:23:02.9464088Z /usr/bin/tar: ../../../../../usr/local/lib/android/sdk/platforms/android-35-ext15/data/res/values-mcc315: Cannot utime: Operation not permitted
build	Cache Android SDK	2026-06-06T12:23:02.9465087Z /usr/bin/tar: ../../../../../usr/local/lib/android/sdk/platforms/android-35-ext15/data/res/values-mcc315: Cannot change mode to rwxr-xr-x: Operation not permitted
build	Cache Android SDK	2026-06-06T12:23:02.9468104Z /usr/bin/tar: ../../../../../usr/local/lib/android/sdk/platforms/android-35-ext15/data/res/values-mcc310-mnc660-gl: Cannot utime: Operation not permitted
build	Cache Android SDK	2026-06-06T12:23:02.9469382Z /usr/bin/tar: ../../../../../usr/local/lib/android/sdk/platforms/android-35-ext15/data/res/values-mcc310-mnc660-gl: Cannot change mode to rwxr-xr-x: Operation not permitted
build	Cache Android SDK	2026-06-06T12:23:02.9470855Z /usr/bin/tar: ../../../../../usr/local/lib/android/sdk/platforms/android-35-ext15/data/res/values-mcc313-mnc100-de: Cannot utime: Operation not permitted
build	Cache Android SDK	2026-06-06T12:23:02.9471892Z /usr/bin/tar: ../../../../../usr/local/lib/android/sdk/platforms/android-35-ext15/data/res/values-mcc313-mnc100-de: Cannot change mode to rwxr-xr-x: Operation not permitted
build	Cache Android SDK	2026-06-06T12:23:02.9473579Z /usr/bin/tar: ../../../../../usr/local/lib/android/sdk/platforms/android-35-ext15/data/res/values-mcc311-mnc180-it: Cannot utime: Operation not permitted
build	Cache Android SDK	2026-06-06T12:23:02.9475261Z /usr/bin/tar: ../../../../../usr/local/lib/android/sdk/platforms/android-35-ext15/data/res/values-mcc311-mnc180-it: Cannot change mode to rwxr-xr-x: Operation not permitted
build	Cache Android SDK	2026-06-06T12:23:02.9476510Z /usr/bin/tar: ../../../../../usr/local/lib/android/sdk/platforms/android-35-ext15/data/res/values-mcc310-mnc150-ta: Cannot utime: Operation not permitted
build	Cache Android SDK	2026-06-06T12:23:02.9477862Z /usr/bin/tar: ../../../../../usr/local/lib/android/sdk/platforms/android-35-ext15/data/res/values-mcc310-mnc150-ta: Cannot change mode to rwxr-xr-x: Operation not permitted
build	Cache Android SDK	2026-06-06T12:23:02.9479044Z /usr/bin/tar: ../../../../../usr/local/lib/android/sdk/platforms/android-35-ext15/data/res/values-mcc334-mnc050: Cannot utime: Operation not permitted
build	Cache Android SDK	2026-06-06T12:23:02.9480005Z /usr/bin/tar: ../../../../../usr/local/lib/android/sdk/platforms/android-35-ext15/data/res/values-mcc334-mnc050: Cannot change mode to rwxr-xr-x: Operation not permitted
build	Cache Android SDK	2026-06-06T12:23:02.9482916Z /usr/bin/tar: ../../../../../usr/local/lib/android/sdk/platforms/android-35-ext15/data/res/values-mcc001-mnc01-gl: Cannot utime: Operation not permitted
build	Cache Android SDK	2026-06-06T12:23:02.9483885Z /usr/bin/tar: ../../../../../usr/local/lib/android/sdk/platforms/android-35-ext15/data/res/values-mcc001-mnc01-gl: Cannot change mode to rwxr-xr-x: Operation not permitted
build	Cache Android SDK	2026-06-06T12:23:02.9486470Z /usr/bin/tar: ../../../../../usr/local/lib/android/sdk/platforms/android-35-ext15/data/res/values-mcc310-mnc950-vi: Cannot utime: Operation not permitted
build	Cache Android SDK	2026-06-06T12:23:02.9487714Z /usr/bin/tar: ../../../../../usr/local/lib/android/sdk/platforms/android-35-ext15/data/res/values-mcc310-mnc950-vi: Cannot change mode to rwxr-xr-x: Operation not permitted
build	Cache Android SDK	2026-06-06T12:23:02.9490055Z /usr/bin/tar: ../../../../../usr/local/lib/android/sdk/platforms/android-35-ext15/data/res/values-mcc432-mnc20: Cannot utime: Operation not permitted
build	Cache Android SDK	2026-06-06T12:23:02.9491009Z /usr/bin/tar: ../../../../../usr/local/lib/android/sdk/platforms/android-35-ext15/data/res/values-mcc432-mnc20: Cannot change mode to rwxr-xr-x: Operation not permitted
build	Cache Android SDK	2026-06-06T12:23:02.9493201Z /usr/bin/tar: ../../../../../usr/local/lib/android/sdk/platforms/android-35-ext15/data/res/values-mcc310-mnc800-de: Cannot utime: Operation not permitted
build	Cache Android SDK	2026-06-06T12:23:02.9494171Z /usr/bin/tar: ../../../../../usr/local/lib/android/sdk/platforms/android-35-ext15/data/res/values-mcc310-mnc800-de: Cannot change mode to rwxr-xr-x: Operation not permitted
build	Cache Android SDK	2026-06-06T12:23:02.9496400Z /usr/bin/tar: ../../../../../usr/local/lib/android/sdk/platforms/android-35-ext15/data/res/values-mcc310-mnc660-sq: Cannot utime: Operation not permitted
build	Cache Android SDK	2026-06-06T12:23:02.9497481Z /usr/bin/tar: ../../../../../usr/local/lib/android/sdk/platforms/android-35-ext15/data/res/values-mcc310-mnc660-sq: Cannot change mode to rwxr-xr-x: Operation not permitted
build	Cache Android SDK	2026-06-06T12:23:02.9501877Z /usr/bin/tar: ../../../../../usr/local/lib/android/sdk/platforms/android-35-ext15/data/res/values-mcc302-mnc720-sv: Cannot utime: Operation not permitted
build	Cache Android SDK	2026-06-06T12:23:02.9502831Z /usr/bin/tar: ../../../../../usr/local/lib/android/sdk/platforms/android-35-ext15/data/res/values-mcc302-mnc720-sv: Cannot change mode to rwxr-xr-x: Operation not permitted
build	Cache Android SDK	2026-06-06T12:23:02.9504863Z /usr/bin/tar: ../../../../../usr/local/lib/android/sdk/platforms/android-35-ext15/data/res/values-mcc310-mnc560-nl: Cannot utime: Operation not permitted
build	Cache Android SDK	2026-06-06T12:23:02.9505839Z /usr/bin/tar: ../../../../../usr/local/lib/android/sdk/platforms/android-35-ext15/data/res/values-mcc310-mnc560-nl: Cannot change mode to rwxr-xr-x: Operation not permitted
build	Cache Android SDK	2026-06-06T12:23:02.9508275Z /usr/bin/tar: ../../../../../usr/local/lib/android/sdk/platforms/android-35-ext15/data/res/values-mcc334-mnc020-hr: Cannot utime: Operation not permitted
build	Cache Android SDK	2026-06-06T12:23:02.9509298Z /usr/bin/tar: ../../../../../usr/local/lib/android/sdk/platforms/android-35-ext15/data/res/values-mcc334-mnc020-hr: Cannot change mode to rwxr-xr-x: Operation not permitted
build	Cache Android SDK	2026-06-06T12:23:02.9511316Z /usr/bin/tar: ../../../../../usr/local/lib/android/sdk/platforms/android-35-ext15/data/res/values-mcc001-mnc01-am: Cannot utime: Operation not permitted
build	Cache Android SDK	2026-06-06T12:23:02.9512285Z /usr/bin/tar: ../../../../../usr/local/lib/android/sdk/platforms/android-35-ext15/data/res/values-mcc001-mnc01-am: Cannot change mode to rwxr-xr-x: Operation not permitted
build	Cache Android SDK	2026-06-06T12:23:02.9514599Z /usr/bin/tar: ../../../../../usr/local/lib/android/sdk/platforms/android-35-ext15/data/res/values-mcc310-mnc560-en-rXC: Cannot utime: Operation not permitted
build	Cache Android SDK	2026-06-06T12:23:02.9515603Z /usr/bin/tar: ../../../../../usr/local/lib/android/sdk/platforms/android-35-ext15/data/res/values-mcc310-mnc560-en-rXC: Cannot change mode to rwxr-xr-x: Operation not permitted
build	Cache Android SDK	2026-06-06T12:23:02.9518323Z /usr/bin/tar: ../../../../../usr/local/lib/android/sdk/platforms/android-35-ext15/data/res/values-mcc310-mnc240-ne: Cannot utime: Operation not permitted
build	Cache Android SDK	2026-06-06T12:23:02.9519276Z /usr/bin/tar: ../../../../../usr/local/lib/android/sdk/platforms/android-35-ext15/data/res/values-mcc310-mnc240-ne: Cannot change mode to rwxr-xr-x: Operation not permitted
build	Cache Android SDK	2026-06-06T12:23:02.9521552Z /usr/bin/tar: ../../../../../usr/local/lib/android/sdk/platforms/android-35-ext15/data/res/values-mcc310-mnc150-lv: Cannot utime: Operation not permitted
build	Cache Android SDK	2026-06-06T12:23:02.9522505Z /usr/bin/tar: ../../../../../usr/local/lib/android/sdk/platforms/android-35-ext15/data/res/values-mcc310-mnc150-lv: Cannot change mode to rwxr-xr-x: Operation not permitted
build	Cache Android SDK	2026-06-06T12:23:02.9524824Z /usr/bin/tar: ../../../../../usr/local/lib/android/sdk/platforms/android-35-ext15/data/res/values-mcc310-mnc490-ro: Cannot utime: Operation not permitted
build	Cache Android SDK	2026-06-06T12:23:02.9528406Z /usr/bin/tar: ../../../../../usr/local/lib/android/sdk/platforms/android-35-ext15/data/res/values-mcc310-mnc490-ro: Cannot change mode to rwxr-xr-x: Operation not permitted
build	Cache Android SDK	2026-06-06T12:23:02.9529495Z /usr/bin/tar: ../../../../../usr/local/lib/android/sdk/platforms/android-35-ext15/data/res/values-mcc310-mnc270-zh-rTW: Cannot utime: Operation not permitted
build	Cache Android SDK	2026-06-06T12:23:02.9531064Z /usr/bin/tar: ../../../../../usr/local/lib/android/sdk/platforms/android-35-ext15/data/res/values-mcc310-mnc270-zh-rTW: Cannot change mode to rwxr-xr-x: Operation not permitted
build	Cache Android SDK	2026-06-06T12:23:02.9532464Z /usr/bin/tar: ../../../../../usr/local/lib/android/sdk/platforms/android-35-ext15/data/res/values-mcc310-mnc380-nl: Cannot utime: Operation not permitted
build	Cache Android SDK	2026-06-06T12:23:02.9533561Z /usr/bin/tar: ../../../../../usr/local/lib/android/sdk/platforms/android-35-ext15/data/res/values-mcc310-mnc380-nl: Cannot change mode to rwxr-xr-x: Operation not permitted
build	Cache Android SDK	2026-06-06T12:23:02.9536369Z /usr/bin/tar: ../../../../../usr/local/lib/android/sdk/platforms/android-35-ext15/data/res/values-en-rSG: Cannot utime: Operation not permitted
build	Cache Android SDK	2026-06-06T12:23:02.9537639Z /usr/bin/tar: ../../../../../usr/local/lib/android/sdk/platforms/android-35-ext15/data/res/values-en-rSG: Cannot change mode to rwxr-xr-x: Operation not permitted
build	Cache Android SDK	2026-06-06T12:23:02.9539109Z /usr/bin/tar: ../../../../../usr/local/lib/android/sdk/platforms/android-35-ext15/data/res/drawable-en-mdpi: Cannot utime: Operation not permitted
build	Cache Android SDK	2026-06-06T12:23:02.9540016Z /usr/bin/tar: ../../../../../usr/local/lib/android/sdk/platforms/android-35-ext15/data/res/drawable-en-mdpi: Cannot change mode to rwxr-xr-x: Operation not permitted
build	Cache Android SDK	2026-06-06T12:23:02.9542237Z /usr/bin/tar: ../../../../../usr/local/lib/android/sdk/platforms/android-35-ext15/data/res/values-mcc302-mnc720-pt-rPT: Cannot utime: Operation not permitted
build	Cache Android SDK	2026-06-06T12:23:02.9543227Z /usr/bin/tar: ../../../../../usr/local/lib/android/sdk/platforms/android-35-ext15/data/res/values-mcc302-mnc720-pt-rPT: Cannot change mode to rwxr-xr-x: Operation not permitted
build	Cache Android SDK	2026-06-06T12:23:02.9545622Z /usr/bin/tar: ../../../../../usr/local/lib/android/sdk/platforms/android-35-ext15/data/res/raw-fr: Cannot utime: Operation not permitted
build	Cache Android SDK	2026-06-06T12:23:02.9546476Z /usr/bin/tar: ../../../../../usr/local/lib/android/sdk/platforms/android-35-ext15/data/res/raw-fr: Cannot change mode to rwxr-xr-x: Operation not permitted
build	Cache Android SDK	2026-06-06T12:23:02.9548904Z /usr/bin/tar: ../../../../../usr/local/lib/android/sdk/platforms/android-35-ext15/data/res/values-mcc310-mnc530: Cannot utime: Operation not permitted
build	Cache Android SDK	2026-06-06T12:23:02.9549835Z /usr/bin/tar: ../../../../../usr/local/lib/android/sdk/platforms/android-35-ext15/data/res/values-mcc310-mnc530: Cannot change mode to rwxr-xr-x: Operation not permitted
build	Cache Android SDK	2026-06-06T12:23:02.9552372Z /usr/bin/tar: ../../../../../usr/local/lib/android/sdk/platforms/android-35-ext15/data/res/values-mcc311-mnc180-ru: Cannot utime: Operation not permitted
build	Cache Android SDK	2026-06-06T12:23:02.9553416Z /usr/bin/tar: ../../../../../usr/local/lib/android/sdk/platforms/android-35-ext15/data/res/values-mcc311-mnc180-ru: Cannot change mode to rwxr-xr-x: Operation not permitted
build	Cache Android SDK	2026-06-06T12:23:02.9555454Z /usr/bin/tar: ../../../../../usr/local/lib/android/sdk/platforms/android-35-ext15/data/res/values-mcc302-mnc370-hu: Cannot utime: Operation not permitted
build	Cache Android SDK	2026-06-06T12:23:02.9556406Z /usr/bin/tar: ../../../../../usr/local/lib/android/sdk/platforms/android-35-ext15/data/res/values-mcc302-mnc370-hu: Cannot change mode to rwxr-xr-x: Operation not permitted
build	Cache Android SDK	2026-06-06T12:23:02.9558881Z /usr/bin/tar: ../../../../../usr/local/lib/android/sdk/platforms/android-35-ext15/data/res/values-mcc310-mnc210-cs: Cannot utime: Operation not permitted
build	Cache Android SDK	2026-06-06T12:23:02.9559868Z /usr/bin/tar: ../../../../../usr/local/lib/android/sdk/platforms/android-35-ext15/data/res/values-mcc310-mnc210-cs: Cannot change mode to rwxr-xr-x: Operation not permitted
build	Cache Android SDK	2026-06-06T12:23:02.9562110Z /usr/bin/tar: ../../../../../usr/local/lib/android/sdk/platforms/android-35-ext15/data/res/values-mcc312-mnc670-hi: Cannot utime: Operation not permitted
build	Cache Android SDK	2026-06-06T12:23:02.9563071Z /usr/bin/tar: ../../../../../usr/local/lib/android/sdk/platforms/android-35-ext15/data/res/values-mcc312-mnc670-hi: Cannot change mode to rwxr-xr-x: Operation not permitted
build	Cache Android SDK	2026-06-06T12:23:02.9565311Z /usr/bin/tar: ../../../../../usr/local/lib/android/sdk/platforms/android-35-ext15/data/res/values-mcc302-mnc720-km: Cannot utime: Operation not permitted
build	Cache Android SDK	2026-06-06T12:23:02.9566277Z /usr/bin/tar: ../../../../../usr/local/lib/android/sdk/platforms/android-35-ext15/data/res/values-mcc302-mnc720-km: Cannot change mode to rwxr-xr-x: Operation not permitted
build	Cache Android SDK	2026-06-06T12:23:02.9568681Z /usr/bin/tar: ../../../../../usr/local/lib/android/sdk/platforms/android-35-ext15/data/res/values-sl-television: Cannot utime: Operation not permitted
build	Cache Android SDK	2026-06-06T12:23:02.9569625Z /usr/bin/tar: ../../../../../usr/local/lib/android/sdk/platforms/android-35-ext15/data/res/values-sl-television: Cannot change mode to rwxr-xr-x: Operation not permitted
build	Cache Android SDK	2026-06-06T12:23:02.9572297Z /usr/bin/tar: ../../../../../usr/local/lib/android/sdk/platforms/android-35-ext15/data/res/values-fr-feminine: Cannot utime: Operation not permitted
build	Cache Android SDK	2026-06-06T12:23:02.9573498Z /usr/bin/tar: ../../../../../usr/local/lib/android/sdk/platforms/android-35-ext15/data/res/values-fr-feminine: Cannot change mode to rwxr-xr-x: Operation not permitted
build	Cache Android SDK	2026-06-06T12:23:02.9575586Z /usr/bin/tar: ../../../../../usr/local/lib/android/sdk/platforms/android-35-ext15/data/res/values-mcc310-mnc220-en-rAU: Cannot utime: Operation not permitted
build	Cache Android SDK	2026-06-06T12:23:02.9576606Z /usr/bin/tar: ../../../../../usr/local/lib/android/sdk/platforms/android-35-ext15/data/res/values-mcc310-mnc220-en-rAU: Cannot change mode to rwxr-xr-x: Operation not permitted
build	Cache Android SDK	2026-06-06T12:23:02.9578655Z /usr/bin/tar: ../../../../../usr/local/lib/android/sdk/platforms/android-35-ext15/data/res/values-mcc310-mnc490-ko: Cannot utime: Operation not permitted
build	Cache Android SDK	2026-06-06T12:23:02.9579627Z /usr/bin/tar: ../../../../../usr/local/lib/android/sdk/platforms/android-35-ext15/data/res/values-mcc310-mnc490-ko: Cannot change mode to rwxr-xr-x: Operation not permitted
build	Cache Android SDK	2026-06-06T12:23:02.9581984Z /usr/bin/tar: ../../../../../usr/local/lib/android/sdk/platforms/android-35-ext15/data/res/values-mcc302-mnc370-ml: Cannot utime: Operation not permitted
build	Cache Android SDK	2026-06-06T12:23:02.9582976Z /usr/bin/tar: ../../../../../usr/local/lib/android/sdk/platforms/android-35-ext15/data/res/values-mcc302-mnc370-ml: Cannot change mode to rwxr-xr-x: Operation not permitted
build	Cache Android SDK	2026-06-06T12:23:02.9584869Z /usr/bin/tar: ../../../../../usr/local/lib/android/sdk/platforms/android-35-ext15/data/res/values-mcc310-mnc170-ka: Cannot utime: Operation not permitted
build	Cache Android SDK	2026-06-06T12:23:02.9585916Z /usr/bin/tar: ../../../../../usr/local/lib/android/sdk/platforms/android-35-ext15/data/res/values-mcc310-mnc170-ka: Cannot change mode to rwxr-xr-x: Operation not permitted
build	Cache Android SDK	2026-06-06T12:23:02.9591383Z /usr/bin/tar: ../../../../../usr/local/lib/android/sdk/platforms/android-35-ext15/data/res/values-b+sr+Latn: Cannot utime: Operation not permitted
build	Cache Android SDK	2026-06-06T12:23:02.9592574Z /usr/bin/tar: ../../../../../usr/local/lib/android/sdk/platforms/android-35-ext15/data/res/values-b+sr+Latn: Cannot change mode to rwxr-xr-x: Operation not permitted
build	Cache Android SDK	2026-06-06T12:23:02.9594309Z /usr/bin/tar: ../../../../../usr/local/lib/android/sdk/platforms/android-35-ext15/data/res/values-mcc310-mnc280-uk: Cannot utime: Operation not permitted
build	Cache Android SDK	2026-06-06T12:23:02.9595540Z /usr/bin/tar: ../../../../../usr/local/lib/android/sdk/platforms/android-35-ext15/data/res/values-mcc310-mnc280-uk: Cannot change mode to rwxr-xr-x: Operation not permitted
build	Cache Android SDK	2026-06-06T12:23:02.9596922Z /usr/bin/tar: ../../../../../usr/local/lib/android/sdk/platforms/android-35-ext15/data/res/values-mcc310-mnc220-hu: Cannot utime: Operation not permitted
build	Cache Android SDK	2026-06-06T12:23:02.9598345Z /usr/bin/tar: ../../../../../usr/local/lib/android/sdk/platforms/android-35-ext15/data/res/values-mcc310-mnc220-hu: Cannot change mode to rwxr-xr-x: Operation not permitted
build	Cache Android SDK	2026-06-06T12:23:02.9600564Z /usr/bin/tar: ../../../../../usr/local/lib/android/sdk/platforms/android-35-ext15/data/res/values-mcc310-mnc230-tr: Cannot utime: Operation not permitted
build	Cache Android SDK	2026-06-06T12:23:02.9601627Z /usr/bin/tar: ../../../../../usr/local/lib/android/sdk/platforms/android-35-ext15/data/res/values-mcc310-mnc230-tr: Cannot change mode to rwxr-xr-x: Operation not permitted
build	Cache Android SDK	2026-06-06T12:23:02.9603265Z /usr/bin/tar: ../../../../../usr/local/lib/android/sdk/platforms/android-35-ext15/data/res/values-mcc310-mnc230-sv: Cannot utime: Operation not permitted
build	Cache Android SDK	2026-06-06T12:23:02.9604315Z /usr/bin/tar: ../../../../../usr/local/lib/android/sdk/platforms/android-35-ext15/data/res/values-mcc310-mnc230-sv: Cannot change mode to rwxr-xr-x: Operation not permitted
build	Cache Android SDK	2026-06-06T12:23:02.9605871Z /usr/bin/tar: ../../../../../usr/local/lib/android/sdk/platforms/android-35-ext15/data/res/values-ar-rIL: Cannot utime: Operation not permitted
build	Cache Android SDK	2026-06-06T12:23:02.9606809Z /usr/bin/tar: ../../../../../usr/local/lib/android/sdk/platforms/android-35-ext15/data/res/values-ar-rIL: Cannot change mode to rwxr-xr-x: Operation not permitted
build	Cache Android SDK	2026-06-06T12:23:02.9609262Z /usr/bin/tar: ../../../../../usr/local/lib/android/sdk/platforms/android-35-ext15/data/res/values-te-television: Cannot utime: Operation not permitted
build	Cache Android SDK	2026-06-06T12:23:02.9610407Z /usr/bin/tar: ../../../../../usr/local/lib/android/sdk/platforms/android-35-ext15/data/res/values-te-television: Cannot change mode to rwxr-xr-x: Operation not permitted
build	Cache Android SDK	2026-06-06T12:23:02.9612118Z /usr/bin/tar: ../../../../../usr/local/lib/android/sdk/platforms/android-35-ext15/data/res/values-mcc310-mnc160-pt: Cannot utime: Operation not permitted
build	Cache Android SDK	2026-06-06T12:23:02.9613094Z /usr/bin/tar: ../../../../../usr/local/lib/android/sdk/platforms/android-35-ext15/data/res/values-mcc310-mnc160-pt: Cannot change mode to rwxr-xr-x: Operation not permitted
build	Cache Android SDK	2026-06-06T12:23:02.9615233Z /usr/bin/tar: ../../../../../usr/local/lib/android/sdk/platforms/android-35-ext15/data/res/values-mcc310-mnc660-ur: Cannot utime: Operation not permitted
build	Cache Android SDK	2026-06-06T12:23:02.9616268Z /usr/bin/tar: ../../../../../usr/local/lib/android/sdk/platforms/android-35-ext15/data/res/values-mcc310-mnc660-ur: Cannot change mode to rwxr-xr-x: Operation not permitted
build	Cache Android SDK	2026-06-06T12:23:02.9617974Z /usr/bin/tar: ../../../../../usr/local/lib/android/sdk/platforms/android-35-ext15/data/res/values-mcc334-mnc020-cs: Cannot utime: Operation not permitted
build	Cache Android SDK	2026-06-06T12:23:02.9619034Z /usr/bin/tar: ../../../../../usr/local/lib/android/sdk/platforms/android-35-ext15/data/res/values-mcc334-mnc020-cs: Cannot change mode to rwxr-xr-x: Operation not permitted
build	Cache Android SDK	2026-06-06T12:23:02.9625084Z /usr/bin/tar: ../../../../../usr/local/lib/android/sdk/platforms/android-35-ext15/data/res/values-zh-rTW: Cannot utime: Operation not permitted
build	Cache Android SDK	2026-06-06T12:23:02.9626157Z /usr/bin/tar: ../../../../../usr/local/lib/android/sdk/platforms/android-35-ext15/data/res/values-zh-rTW: Cannot change mode to rwxr-xr-x: Operation not permitted
build	Cache Android SDK	2026-06-06T12:23:02.9628689Z /usr/bin/tar: ../../../../../usr/local/lib/android/sdk/platforms/android-35-ext15/data/res/values-mcc310-mnc200-uz: Cannot utime: Operation not permitted
build	Cache Android SDK	2026-06-06T12:23:02.9629661Z /usr/bin/tar: ../../../../../usr/local/lib/android/sdk/platforms/android-35-ext15/data/res/values-mcc310-mnc200-uz: Cannot change mode to rwxr-xr-x: Operation not permitted
build	Cache Android SDK	2026-06-06T12:23:02.9631933Z /usr/bin/tar: ../../../../../usr/local/lib/android/sdk/platforms/android-35-ext15/data/res/values-mcc310-mnc410-sw: Cannot utime: Operation not permitted
build	Cache Android SDK	2026-06-06T12:23:02.9632951Z /usr/bin/tar: ../../../../../usr/local/lib/android/sdk/platforms/android-35-ext15/data/res/values-mcc310-mnc410-sw: Cannot change mode to rwxr-xr-x: Operation not permitted
build	Cache Android SDK	2026-06-06T12:23:02.9635159Z /usr/bin/tar: ../../../../../usr/local/lib/android/sdk/platforms/android-35-ext15/data/res/values-el-rGR: Cannot utime: Operation not permitted
build	Cache Android SDK	2026-06-06T12:23:02.9636111Z /usr/bin/tar: ../../../../../usr/local/lib/android/sdk/platforms/android-35-ext15/data/res/values-el-rGR: Cannot change mode to rwxr-xr-x: Operation not permitted
build	Cache Android SDK	2026-06-06T12:23:02.9638266Z /usr/bin/tar: ../../../../../usr/local/lib/android/sdk/platforms/android-35-ext15/data/res/values-mcc310-mnc800-hy: Cannot utime: Operation not permitted
build	Cache Android SDK	2026-06-06T12:23:02.9639367Z /usr/bin/tar: ../../../../../usr/local/lib/android/sdk/platforms/android-35-ext15/data/res/values-mcc310-mnc800-hy: Cannot change mode to rwxr-xr-x: Operation not permitted
build	Cache Android SDK	2026-06-06T12:23:02.9640988Z /usr/bin/tar: ../../../../../usr/local/lib/android/sdk/platforms/android-35-ext15/data/res/values-mcc302-mnc720: Cannot utime: Operation not permitted
build	Cache Android SDK	2026-06-06T12:23:02.9642006Z /usr/bin/tar: ../../../../../usr/local/lib/android/sdk/platforms/android-35-ext15/data/res/values-mcc302-mnc720: Cannot change mode to rwxr-xr-x: Operation not permitted
build	Cache Android SDK	2026-06-06T12:23:02.9644711Z /usr/bin/tar: ../../../../../usr/local/lib/android/sdk/platforms/android-35-ext15/data/res/values-mcc313-mnc100-sl: Cannot utime: Operation not permitted
build	Cache Android SDK	2026-06-06T12:23:02.9646213Z /usr/bin/tar: ../../../../../usr/local/lib/android/sdk/platforms/android-35-ext15/data/res/values-mcc313-mnc100-sl: Cannot change mode to rwxr-xr-x: Operation not permitted
build	Cache Android SDK	2026-06-06T12:23:02.9649083Z /usr/bin/tar: ../../../../../usr/local/lib/android/sdk/platforms/android-35-ext15/data/res/values-mcc312-mnc670-zh-rTW: Cannot utime: Operation not permitted
build	Cache Android SDK	2026-06-06T12:23:02.9650499Z /usr/bin/tar: ../../../../../usr/local/lib/android/sdk/platforms/android-35-ext15/data/res/values-mcc312-mnc670-zh-rTW: Cannot change mode to rwxr-xr-x: Operation not permitted
build	Cache Android SDK	2026-06-06T12:23:02.9652055Z /usr/bin/tar: ../../../../../usr/local/lib/android/sdk/platforms/android-35-ext15/data/res/values-mcc310-mnc560-ur: Cannot utime: Operation not permitted
build	Cache Android SDK	2026-06-06T12:23:02.9653029Z /usr/bin/tar: ../../../../../usr/local/lib/android/sdk/platforms/android-35-ext15/data/res/values-mcc310-mnc560-ur: Cannot change mode to rwxr-xr-x: Operation not permitted
build	Cache Android SDK	2026-06-06T12:23:02.9655018Z /usr/bin/tar: ../../../../../usr/local/lib/android/sdk/platforms/android-35-ext15/data/res/values-mcc310-mnc170-am: Cannot utime: Operation not permitted
build	Cache Android SDK	2026-06-06T12:23:02.9655993Z /usr/bin/tar: ../../../../../usr/local/lib/android/sdk/platforms/android-35-ext15/data/res/values-mcc310-mnc170-am: Cannot change mode to rwxr-xr-x: Operation not permitted
build	Cache Android SDK	2026-06-06T12:23:02.9658810Z /usr/bin/tar: ../../../../../usr/local/lib/android/sdk/platforms/android-35-ext15/data/res/values-mcc310-mnc800-nb: Cannot utime: Operation not permitted
build	Cache Android SDK	2026-06-06T12:23:02.9659777Z /usr/bin/tar: ../../../../../usr/local/lib/android/sdk/platforms/android-35-ext15/data/res/values-mcc310-mnc800-nb: Cannot change mode to rwxr-xr-x: Operation not permitted
build	Cache Android SDK	2026-06-06T12:23:02.9661826Z /usr/bin/tar: ../../../../../usr/local/lib/android/sdk/platforms/android-35-ext15/data/res/values-mcc310-mnc800-b+sr+Latn: Cannot utime: Operation not permitted
build	Cache Android SDK	2026-06-06T12:23:02.9662848Z /usr/bin/tar: ../../../../../usr/local/lib/android/sdk/platforms/android-35-ext15/data/res/values-mcc310-mnc800-b+sr+Latn: Cannot change mode to rwxr-xr-x: Operation not permitted
build	Cache Android SDK	2026-06-06T12:23:02.9665503Z /usr/bin/tar: ../../../../../usr/local/lib/android/sdk/platforms/android-35-ext15/data/res/values-mcc310-mnc150-be: Cannot utime: Operation not permitted
build	Cache Android SDK	2026-06-06T12:23:02.9666471Z /usr/bin/tar: ../../../../../usr/local/lib/android/sdk/platforms/android-35-ext15/data/res/values-mcc310-mnc150-be: Cannot change mode to rwxr-xr-x: Operation not permitted
build	Cache Android SDK	2026-06-06T12:23:02.9668607Z /usr/bin/tar: ../../../../../usr/local/lib/android/sdk/platforms/android-35-ext15/data/res/values-mcc310-mnc560-ja: Cannot utime: Operation not permitted
build	Cache Android SDK	2026-06-06T12:23:02.9669578Z /usr/bin/tar: ../../../../../usr/local/lib/android/sdk/platforms/android-35-ext15/data/res/values-mcc310-mnc560-ja: Cannot change mode to rwxr-xr-x: Operation not permitted
build	Cache Android SDK	2026-06-06T12:23:02.9671607Z /usr/bin/tar: ../../../../../usr/local/lib/android/sdk/platforms/android-35-ext15/data/res/values-mcc310-mnc210-sq: Cannot utime: Operation not permitted
build	Cache Android SDK	2026-06-06T12:23:02.9672570Z /usr/bin/tar: ../../../../../usr/local/lib/android/sdk/platforms/android-35-ext15/data/res/values-mcc310-mnc210-sq: Cannot change mode to rwxr-xr-x: Operation not permitted
build	Cache Android SDK	2026-06-06T12:23:02.9675305Z /usr/bin/tar: ../../../../../usr/local/lib/android/sdk/platforms/android-35-ext15/data/res/values-w228dp: Cannot utime: Operation not permitted
build	Cache Android SDK	2026-06-06T12:23:02.9676358Z /usr/bin/tar: ../../../../../usr/local/lib/android/sdk/platforms/android-35-ext15/data/res/values-w228dp: Cannot change mode to rwxr-xr-x: Operation not permitted
build	Cache Android SDK	2026-06-06T12:23:02.9679133Z /usr/bin/tar: ../../../../../usr/local/lib/android/sdk/platforms/android-35-ext15/data/res/values-mcc312-mnc670-ms: Cannot utime: Operation not permitted
build	Cache Android SDK	2026-06-06T12:23:02.9680426Z /usr/bin/tar: ../../../../../usr/local/lib/android/sdk/platforms/android-35-ext15/data/res/values-mcc312-mnc670-ms: Cannot change mode to rwxr-xr-x: Operation not permitted
build	Cache Android SDK	2026-06-06T12:23:02.9681946Z /usr/bin/tar: ../../../../../usr/local/lib/android/sdk/platforms/android-35-ext15/data/res/values-mcc302-mnc720-sw: Cannot utime: Operation not permitted
build	Cache Android SDK	2026-06-06T12:23:02.9682940Z /usr/bin/tar: ../../../../../usr/local/lib/android/sdk/platforms/android-35-ext15/data/res/values-mcc302-mnc720-sw: Cannot change mode to rwxr-xr-x: Operation not permitted
build	Cache Android SDK	2026-06-06T12:23:02.9685228Z /usr/bin/tar: ../../../../../usr/local/lib/android/sdk/platforms/android-35-ext15/data/res/values-mcc310-mnc160-de: Cannot utime: Operation not permitted
build	Cache Android SDK	2026-06-06T12:23:02.9686194Z /usr/bin/tar: ../../../../../usr/local/lib/android/sdk/platforms/android-35-ext15/data/res/values-mcc310-mnc160-de: Cannot change mode to rwxr-xr-x: Operation not permitted
build	Cache Android SDK	2026-06-06T12:23:02.9688769Z /usr/bin/tar: ../../../../../usr/local/lib/android/sdk/platforms/android-35-ext15/data/res/values-mcc310-mnc230-ru: Cannot utime: Operation not permitted
build	Cache Android SDK	2026-06-06T12:23:02.9689746Z /usr/bin/tar: ../../../../../usr/local/lib/android/sdk/platforms/android-35-ext15/data/res/values-mcc310-mnc230-ru: Cannot change mode to rwxr-xr-x: Operation not permitted
build	Cache Android SDK	2026-06-06T12:23:02.9692408Z /usr/bin/tar: ../../../../../usr/local/lib/android/sdk/platforms/android-35-ext15/data/res/values-mcc310-mnc170-en-rCA: Cannot utime: Operation not permitted
build	Cache Android SDK	2026-06-06T12:23:02.9693409Z /usr/bin/tar: ../../../../../usr/local/lib/android/sdk/platforms/android-35-ext15/data/res/values-mcc310-mnc170-en-rCA: Cannot change mode to rwxr-xr-x: Operation not permitted
build	Cache Android SDK	2026-06-06T12:23:02.9695498Z /usr/bin/tar: ../../../../../usr/local/lib/android/sdk/platforms/android-35-ext15/data/res/values-mcc313-mnc100-or: Cannot utime: Operation not permitted
build	Cache Android SDK	2026-06-06T12:23:02.9696528Z /usr/bin/tar: ../../../../../usr/local/lib/android/sdk/platforms/android-35-ext15/data/res/values-mcc313-mnc100-or: Cannot change mode to rwxr-xr-x: Operation not permitted
build	Cache Android SDK	2026-06-06T12:23:02.9699025Z /usr/bin/tar: ../../../../../usr/local/lib/android/sdk/platforms/android-35-ext15/data/res/values-mcc312-mnc670-sv: Cannot utime: Operation not permitted
build	Cache Android SDK	2026-06-06T12:23:02.9700001Z /usr/bin/tar: ../../../../../usr/local/lib/android/sdk/platforms/android-35-ext15/data/res/values-mcc312-mnc670-sv: Cannot change mode to rwxr-xr-x: Operation not permitted
build	Cache Android SDK	2026-06-06T12:23:02.9702300Z /usr/bin/tar: ../../../../../usr/local/lib/android/sdk/platforms/android-35-ext15/data/res/values-mcc334-mnc020-ca: Cannot utime: Operation not permitted
build	Cache Android SDK	2026-06-06T12:23:02.9703276Z /usr/bin/tar: ../../../../../usr/local/lib/android/sdk/platforms/android-35-ext15/data/res/values-mcc334-mnc020-ca: Cannot change mode to rwxr-xr-x: Operation not permitted
build	Cache Android SDK	2026-06-06T12:23:02.9706807Z /usr/bin/tar: ../../../../../usr/local/lib/android/sdk/platforms/android-35-ext15/data/res/menu: Cannot utime: Operation not permitted
build	Cache Android SDK	2026-06-06T12:23:02.9708057Z /usr/bin/tar: ../../../../../usr/local/lib/android/sdk/platforms/android-35-ext15/data/res/menu: Cannot change mode to rwxr-xr-x: Operation not permitted
build	Cache Android SDK	2026-06-06T12:23:02.9709827Z /usr/bin/tar: ../../../../../usr/local/lib/android/sdk/platforms/android-35-ext15/data/res/values-mcc310-mnc560-bn: Cannot utime: Operation not permitted
build	Cache Android SDK	2026-06-06T12:23:02.9710786Z /usr/bin/tar: ../../../../../usr/local/lib/android/sdk/platforms/android-35-ext15/data/res/values-mcc310-mnc560-bn: Cannot change mode to rwxr-xr-x: Operation not permitted
build	Cache Android SDK	2026-06-06T12:23:02.9713478Z /usr/bin/tar: ../../../../../usr/local/lib/android/sdk/platforms/android-35-ext15/data/res/values-mcc310-mnc270-hy: Cannot utime: Operation not permitted
build	Cache Android SDK	2026-06-06T12:23:02.9714453Z /usr/bin/tar: ../../../../../usr/local/lib/android/sdk/platforms/android-35-ext15/data/res/values-mcc310-mnc270-hy: Cannot change mode to rwxr-xr-x: Operation not permitted
build	Cache Android SDK	2026-06-06T12:23:02.9716855Z /usr/bin/tar: ../../../../../usr/local/lib/android/sdk/platforms/android-35-ext15/data/res/values-mcc310-mnc200-az: Cannot utime: Operation not permitted
build	Cache Android SDK	2026-06-06T12:23:02.9718008Z /usr/bin/tar: ../../../../../usr/local/lib/android/sdk/platforms/android-35-ext15/data/res/values-mcc310-mnc200-az: Cannot change mode to rwxr-xr-x: Operation not permitted
build	Cache Android SDK	2026-06-06T12:23:02.9720014Z /usr/bin/tar: ../../../../../usr/local/lib/android/sdk/platforms/android-35-ext15/data/res/values-mcc310-mnc220-cs: Cannot utime: Operation not permitted
build	Cache Android SDK	2026-06-06T12:23:02.9721056Z /usr/bin/tar: ../../../../../usr/local/lib/android/sdk/platforms/android-35-ext15/data/res/values-mcc310-mnc220-cs: Cannot change mode to rwxr-xr-x: Operation not permitted
build	Cache Android SDK	2026-06-06T12:23:02.9722903Z /usr/bin/tar: ../../../../../usr/local/lib/android/sdk/platforms/android-35-ext15/data/res/values-w720dp: Cannot utime: Operation not permitted
build	Cache Android SDK	2026-06-06T12:23:02.9723825Z /usr/bin/tar: ../../../../../usr/local/lib/android/sdk/platforms/android-35-ext15/data/res/values-w720dp: Cannot change mode to rwxr-xr-x: Operation not permitted
build	Cache Android SDK	2026-06-06T12:23:02.9726158Z /usr/bin/tar: ../../../../../usr/local/lib/android/sdk/platforms/android-35-ext15/data/res/values-mcc310-mnc200-sw: Cannot utime: Operation not permitted
build	Cache Android SDK	2026-06-06T12:23:02.9727112Z /usr/bin/tar: ../../../../../usr/local/lib/android/sdk/platforms/android-35-ext15/data/res/values-mcc310-mnc200-sw: Cannot change mode to rwxr-xr-x: Operation not permitted
build	Cache Android SDK	2026-06-06T12:23:02.9729987Z /usr/bin/tar: ../../../../../usr/local/lib/android/sdk/platforms/android-35-ext15/data/res/values-mcc310-mnc950-it: Cannot utime: Operation not permitted
build	Cache Android SDK	2026-06-06T12:23:02.9731056Z /usr/bin/tar: ../../../../../usr/local/lib/android/sdk/platforms/android-35-ext15/data/res/values-mcc310-mnc950-it: Cannot change mode to rwxr-xr-x: Operation not permitted
build	Cache Android SDK	2026-06-06T12:23:02.9732939Z /usr/bin/tar: ../../../../../usr/local/lib/android/sdk/platforms/android-35-ext15/data/res/values-mcc312-mnc670-en-rXC: Cannot utime: Operation not permitted
build	Cache Android SDK	2026-06-06T12:23:02.9734024Z /usr/bin/tar: ../../../../../usr/local/lib/android/sdk/platforms/android-35-ext15/data/res/values-mcc312-mnc670-en-rXC: Cannot change mode to rwxr-xr-x: Operation not permitted
build	Cache Android SDK	2026-06-06T12:23:02.9736110Z /usr/bin/tar: ../../../../../usr/local/lib/android/sdk/platforms/android-35-ext15/data/res/values-mcc310-mnc030-ru: Cannot utime: Operation not permitted
build	Cache Android SDK	2026-06-06T12:23:02.9737063Z /usr/bin/tar: ../../../../../usr/local/lib/android/sdk/platforms/android-35-ext15/data/res/values-mcc310-mnc030-ru: Cannot change mode to rwxr-xr-x: Operation not permitted
build	Cache Android SDK	2026-06-06T12:23:02.9739439Z /usr/bin/tar: ../../../../../usr/local/lib/android/sdk/platforms/android-35-ext15/data/res/values-mcc310-mnc950-ko: Cannot utime: Operation not permitted
build	Cache Android SDK	2026-06-06T12:23:02.9740398Z /usr/bin/tar: ../../../../../usr/local/lib/android/sdk/platforms/android-35-ext15/data/res/values-mcc310-mnc950-ko: Cannot change mode to rwxr-xr-x: Operation not permitted
build	Cache Android SDK	2026-06-06T12:23:02.9742642Z /usr/bin/tar: ../../../../../usr/local/lib/android/sdk/platforms/android-35-ext15/data/res/values-mcc310-mnc490-iw: Cannot utime: Operation not permitted
build	Cache Android SDK	2026-06-06T12:23:02.9743699Z /usr/bin/tar: ../../../../../usr/local/lib/android/sdk/platforms/android-35-ext15/data/res/values-mcc310-mnc490-iw: Cannot change mode to rwxr-xr-x: Operation not permitted
build	Cache Android SDK	2026-06-06T12:23:02.9745645Z /usr/bin/tar: ../../../../../usr/local/lib/android/sdk/platforms/android-35-ext15/data/res/values-mcc310-mnc660-uk: Cannot utime: Operation not permitted
build	Cache Android SDK	2026-06-06T12:23:02.9746610Z /usr/bin/tar: ../../../../../usr/local/lib/android/sdk/platforms/android-35-ext15/data/res/values-mcc310-mnc660-uk: Cannot change mode to rwxr-xr-x: Operation not permitted
build	Cache Android SDK	2026-06-06T12:23:02.9748863Z /usr/bin/tar: ../../../../../usr/local/lib/android/sdk/platforms/android-35-ext15/data/res/values-mcc310-mnc030-sv: Cannot utime: Operation not permitted
build	Cache Android SDK	2026-06-06T12:23:02.9749842Z /usr/bin/tar: ../../../../../usr/local/lib/android/sdk/platforms/android-35-ext15/data/res/values-mcc310-mnc030-sv: Cannot change mode to rwxr-xr-x: Operation not permitted
build	Cache Android SDK	2026-06-06T12:23:02.9755071Z /usr/bin/tar: ../../../../../usr/local/lib/android/sdk/platforms/android-35-ext15/data/res/values-w205dp: Cannot utime: Operation not permitted
build	Cache Android SDK	2026-06-06T12:23:02.9756291Z /usr/bin/tar: ../../../../../usr/local/lib/android/sdk/platforms/android-35-ext15/data/res/values-w205dp: Cannot change mode to rwxr-xr-x: Operation not permitted
build	Cache Android SDK	2026-06-06T12:23:02.9758369Z /usr/bin/tar: ../../../../../usr/local/lib/android/sdk/platforms/android-35-ext15/data/res/values-mcc310-mnc490-in: Cannot utime: Operation not permitted
build	Cache Android SDK	2026-06-06T12:23:02.9759599Z /usr/bin/tar: ../../../../../usr/local/lib/android/sdk/platforms/android-35-ext15/data/res/values-mcc310-mnc490-in: Cannot change mode to rwxr-xr-x: Operation not permitted
build	Cache Android SDK	2026-06-06T12:23:02.9761439Z /usr/bin/tar: ../../../../../usr/local/lib/android/sdk/platforms/android-35-ext15/data/res/values-mcc310-mnc220-hi: Cannot utime: Operation not permitted
build	Cache Android SDK	2026-06-06T12:23:02.9762597Z /usr/bin/tar: ../../../../../usr/local/lib/android/sdk/platforms/android-35-ext15/data/res/values-mcc310-mnc220-hi: Cannot change mode to rwxr-xr-x: Operation not permitted
build	Cache Android SDK	2026-06-06T12:23:02.9767956Z /usr/bin/tar: ../../../../../usr/local/lib/android/sdk/platforms/android-35-ext15/data/res/values-de: Cannot utime: Operation not permitted
build	Cache Android SDK	2026-06-06T12:23:02.9769096Z /usr/bin/tar: ../../../../../usr/local/lib/android/sdk/platforms/android-35-ext15/data/res/values-de: Cannot change mode to rwxr-xr-x: Operation not permitted
build	Cache Android SDK	2026-06-06T12:23:02.9771723Z /usr/bin/tar: ../../../../../usr/local/lib/android/sdk/platforms/android-35-ext15/data/res/values-mcc310-mnc250-bs: Cannot utime: Operation not permitted
build	Cache Android SDK	2026-06-06T12:23:02.9773062Z /usr/bin/tar: ../../../../../usr/local/lib/android/sdk/platforms/android-35-ext15/data/res/values-mcc310-mnc250-bs: Cannot change mode to rwxr-xr-x: Operation not permitted
build	Cache Android SDK	2026-06-06T12:23:02.9775054Z /usr/bin/tar: ../../../../../usr/local/lib/android/sdk/platforms/android-35-ext15/data/res/values-mcc310-mnc170-cs: Cannot utime: Operation not permitted
build	Cache Android SDK	2026-06-06T12:23:02.9775584Z /usr/bin/tar: ../../../../../usr/local/lib/android/sdk/platforms/android-35-ext15/data/res/values-mcc310-mnc170-cs: Cannot change mode to rwxr-xr-x: Operation not permitted
build	Cache Android SDK	2026-06-06T12:23:02.9779388Z /usr/bin/tar: ../../../../../usr/local/lib/android/sdk/platforms/android-35-ext15/data/res/values-mcc310-mnc660-es: Cannot utime: Operation not permitted
build	Cache Android SDK	2026-06-06T12:23:02.9779989Z /usr/bin/tar: ../../../../../usr/local/lib/android/sdk/platforms/android-35-ext15/data/res/values-mcc310-mnc660-es: Cannot change mode to rwxr-xr-x: Operation not permitted
build	Cache Android SDK	2026-06-06T12:23:02.9782429Z /usr/bin/tar: ../../../../../usr/local/lib/android/sdk/platforms/android-35-ext15/data/res/values-mcc313-mnc100-sk: Cannot utime: Operation not permitted
build	Cache Android SDK	2026-06-06T12:23:02.9782886Z /usr/bin/tar: ../../../../../usr/local/lib/android/sdk/platforms/android-35-ext15/data/res/values-mcc313-mnc100-sk: Cannot change mode to rwxr-xr-x: Operation not permitted
build	Cache Android SDK	2026-06-06T12:23:02.9786238Z /usr/bin/tar: ../../../../../usr/local/lib/android/sdk/platforms/android-35-ext15/data/res/values-mcc310-mnc310-zh-rHK: Cannot utime: Operation not permitted
build	Cache Android SDK	2026-06-06T12:23:02.9786846Z /usr/bin/tar: ../../../../../usr/local/lib/android/sdk/platforms/android-35-ext15/data/res/values-mcc310-mnc310-zh-rHK: Cannot change mode to rwxr-xr-x: Operation not permitted
build	Cache Android SDK	2026-06-06T12:23:02.9790946Z /usr/bin/tar: ../../../../../usr/local/lib/android/sdk/platforms/android-35-ext15/data/res/values-mcc001-mnc01-pl: Cannot utime: Operation not permitted
build	Cache Android SDK	2026-06-06T12:23:02.9791563Z /usr/bin/tar: ../../../../../usr/local/lib/android/sdk/platforms/android-35-ext15/data/res/values-mcc001-mnc01-pl: Cannot change mode to rwxr-xr-x: Operation not permitted
build	Cache Android SDK	2026-06-06T12:23:02.9794001Z /usr/bin/tar: ../../../../../usr/local/lib/android/sdk/platforms/android-35-ext15/data/res/values-mcc310-mnc250-gu: Cannot utime: Operation not permitted
build	Cache Android SDK	2026-06-06T12:23:02.9794470Z /usr/bin/tar: ../../../../../usr/local/lib/android/sdk/platforms/android-35-ext15/data/res/values-mcc310-mnc250-gu: Cannot change mode to rwxr-xr-x: Operation not permitted
build	Cache Android SDK	2026-06-06T12:23:02.9798614Z /usr/bin/tar: ../../../../../usr/local/lib/android/sdk/platforms/android-35-ext15/data/res/values-mcc311-mnc180-sq: Cannot utime: Operation not permitted
build	Cache Android SDK	2026-06-06T12:23:02.9799243Z /usr/bin/tar: ../../../../../usr/local/lib/android/sdk/platforms/android-35-ext15/data/res/values-mcc311-mnc180-sq: Cannot change mode to rwxr-xr-x: Operation not permitted
build	Cache Android SDK	2026-06-06T12:23:02.9801903Z /usr/bin/tar: ../../../../../usr/local/lib/android/sdk/platforms/android-35-ext15/data/res/values-mcc310-mnc950-zu: Cannot utime: Operation not permitted
build	Cache Android SDK	2026-06-06T12:23:02.9802491Z /usr/bin/tar: ../../../../../usr/local/lib/android/sdk/platforms/android-35-ext15/data/res/values-mcc310-mnc950-zu: Cannot change mode to rwxr-xr-x: Operation not permitted
build	Cache Android SDK	2026-06-06T12:23:02.9805330Z /usr/bin/tar: ../../../../../usr/local/lib/android/sdk/platforms/android-35-ext15/data/res/values-mcc312-mnc670-gl: Cannot utime: Operation not permitted
build	Cache Android SDK	2026-06-06T12:23:02.9805833Z /usr/bin/tar: ../../../../../usr/local/lib/android/sdk/platforms/android-35-ext15/data/res/values-mcc312-mnc670-gl: Cannot change mode to rwxr-xr-x: Operation not permitted
build	Cache Android SDK	2026-06-06T12:23:02.9808321Z /usr/bin/tar: ../../../../../usr/local/lib/android/sdk/platforms/android-35-ext15/data/res/values-mcc313-mnc100-eu: Cannot utime: Operation not permitted
build	Cache Android SDK	2026-06-06T12:23:02.9808808Z /usr/bin/tar: ../../../../../usr/local/lib/android/sdk/platforms/android-35-ext15/data/res/values-mcc313-mnc100-eu: Cannot change mode to rwxr-xr-x: Operation not permitted
build	Cache Android SDK	2026-06-06T12:23:02.9811858Z /usr/bin/tar: ../../../../../usr/local/lib/android/sdk/platforms/android-35-ext15/data/res/values-mcc310-mnc410-pa: Cannot utime: Operation not permitted
build	Cache Android SDK	2026-06-06T12:23:02.9812472Z /usr/bin/tar: ../../../../../usr/local/lib/android/sdk/platforms/android-35-ext15/data/res/values-mcc310-mnc410-pa: Cannot change mode to rwxr-xr-x: Operation not permitted
build	Cache Android SDK	2026-06-06T12:23:02.9819022Z /usr/bin/tar: ../../../../../usr/local/lib/android/sdk/platforms/android-35-ext15/data/res/values-pt-rBR: Cannot utime: Operation not permitted
build	Cache Android SDK	2026-06-06T12:23:02.9819589Z /usr/bin/tar: ../../../../../usr/local/lib/android/sdk/platforms/android-35-ext15/data/res/values-pt-rBR: Cannot change mode to rwxr-xr-x: Operation not permitted
build	Cache Android SDK	2026-06-06T12:23:02.9822113Z /usr/bin/tar: ../../../../../usr/local/lib/android/sdk/platforms/android-35-ext15/data/res/values-mcc310-mnc410-pt-rPT: Cannot utime: Operation not permitted
build	Cache Android SDK	2026-06-06T12:23:02.9822650Z /usr/bin/tar: ../../../../../usr/local/lib/android/sdk/platforms/android-35-ext15/data/res/values-mcc310-mnc410-pt-rPT: Cannot change mode to rwxr-xr-x: Operation not permitted
build	Cache Android SDK	2026-06-06T12:23:02.9825060Z /usr/bin/tar: ../../../../../usr/local/lib/android/sdk/platforms/android-35-ext15/data/res/values-mcc310-mnc380-pt-rBR: Cannot utime: Operation not permitted
build	Cache Android SDK	2026-06-06T12:23:02.9825646Z /usr/bin/tar: ../../../../../usr/local/lib/android/sdk/platforms/android-35-ext15/data/res/values-mcc310-mnc380-pt-rBR: Cannot change mode to rwxr-xr-x: Operation not permitted
build	Cache Android SDK	2026-06-06T12:23:02.9829526Z /usr/bin/tar: ../../../../../usr/local/lib/android/sdk/platforms/android-35-ext15/data/res/values-mcc310-mnc560-pl: Cannot utime: Operation not permitted
build	Cache Android SDK	2026-06-06T12:23:02.9830412Z /usr/bin/tar: ../../../../../usr/local/lib/android/sdk/platforms/android-35-ext15/data/res/values-mcc310-mnc560-pl: Cannot change mode to rwxr-xr-x: Operation not permitted
build	Cache Android SDK	2026-06-06T12:23:02.9832894Z /usr/bin/tar: ../../../../../usr/local/lib/android/sdk/platforms/android-35-ext15/data/res/values-mcc310-mnc200-fa: Cannot utime: Operation not permitted
build	Cache Android SDK	2026-06-06T12:23:02.9833474Z /usr/bin/tar: ../../../../../usr/local/lib/android/sdk/platforms/android-35-ext15/data/res/values-mcc310-mnc200-fa: Cannot change mode to rwxr-xr-x: Operation not permitted
build	Cache Android SDK	2026-06-06T12:23:02.9836341Z /usr/bin/tar: ../../../../../usr/local/lib/android/sdk/platforms/android-35-ext15/data/res/values-mcc310-mnc280-my: Cannot utime: Operation not permitted
build	Cache Android SDK	2026-06-06T12:23:02.9836839Z /usr/bin/tar: ../../../../../usr/local/lib/android/sdk/platforms/android-35-ext15/data/res/values-mcc310-mnc280-my: Cannot change mode to rwxr-xr-x: Operation not permitted
build	Cache Android SDK	2026-06-06T12:23:02.9839575Z /usr/bin/tar: ../../../../../usr/local/lib/android/sdk/platforms/android-35-ext15/data/res/values-mcc313-mnc100-en-rXC: Cannot utime: Operation not permitted
build	Cache Android SDK	2026-06-06T12:23:02.9840138Z /usr/bin/tar: ../../../../../usr/local/lib/android/sdk/platforms/android-35-ext15/data/res/values-mcc313-mnc100-en-rXC: Cannot change mode to rwxr-xr-x: Operation not permitted
build	Cache Android SDK	2026-06-06T12:23:02.9842912Z /usr/bin/tar: ../../../../../usr/local/lib/android/sdk/platforms/android-35-ext15/data/res/values-mcc001-mnc01-zu: Cannot utime: Operation not permitted
build	Cache Android SDK	2026-06-06T12:23:02.9843380Z /usr/bin/tar: ../../../../../usr/local/lib/android/sdk/platforms/android-35-ext15/data/res/values-mcc001-mnc01-zu: Cannot change mode to rwxr-xr-x: Operation not permitted
build	Cache Android SDK	2026-06-06T12:23:02.9846130Z /usr/bin/tar: ../../../../../usr/local/lib/android/sdk/platforms/android-35-ext15/data/res/values-mcc310-mnc560-tr: Cannot utime: Operation not permitted
build	Cache Android SDK	2026-06-06T12:23:02.9846739Z /usr/bin/tar: ../../../../../usr/local/lib/android/sdk/platforms/android-35-ext15/data/res/values-mcc310-mnc560-tr: Cannot change mode to rwxr-xr-x: Operation not permitted
build	Cache Android SDK	2026-06-06T12:23:02.9849563Z /usr/bin/tar: ../../../../../usr/local/lib/android/sdk/platforms/android-35-ext15/data/res/values-kk-television: Cannot utime: Operation not permitted
build	Cache Android SDK	2026-06-06T12:23:02.9850062Z /usr/bin/tar: ../../../../../usr/local/lib/android/sdk/platforms/android-35-ext15/data/res/values-kk-television: Cannot change mode to rwxr-xr-x: Operation not permitted
build	Cache Android SDK	2026-06-06T12:23:02.9852621Z /usr/bin/tar: ../../../../../usr/local/lib/android/sdk/platforms/android-35-ext15/data/res/values-mcc310-mnc250-pl: Cannot utime: Operation not permitted
build	Cache Android SDK	2026-06-06T12:23:02.9853210Z /usr/bin/tar: ../../../../../usr/local/lib/android/sdk/platforms/android-35-ext15/data/res/values-mcc310-mnc250-pl: Cannot change mode to rwxr-xr-x: Operation not permitted
build	Cache Android SDK	2026-06-06T12:23:03.0380547Z /usr/bin/tar: ../../../../../usr/local/lib/android/sdk/platforms/android-35-ext15/data/res/drawable-xhdpi: Cannot utime: Operation not permitted
build	Cache Android SDK	2026-06-06T12:23:03.0381171Z /usr/bin/tar: ../../../../../usr/local/lib/android/sdk/platforms/android-35-ext15/data/res/drawable-xhdpi: Cannot change mode to rwxr-xr-x: Operation not permitted
build	Cache Android SDK	2026-06-06T12:23:03.0385655Z /usr/bin/tar: ../../../../../usr/local/lib/android/sdk/platforms/android-35-ext15/data/res/values-mcc310-mnc410-ml: Cannot utime: Operation not permitted
build	Cache Android SDK	2026-06-06T12:23:03.0386304Z /usr/bin/tar: ../../../../../usr/local/lib/android/sdk/platforms/android-35-ext15/data/res/values-mcc310-mnc410-ml: Cannot change mode to rwxr-xr-x: Operation not permitted
build	Cache Android SDK	2026-06-06T12:23:03.0388239Z /usr/bin/tar: ../../../../../usr/local/lib/android/sdk/platforms/android-35-ext15/data/res/values-mcc466-mnc92: Cannot utime: Operation not permitted
build	Cache Android SDK	2026-06-06T12:23:03.0388929Z /usr/bin/tar: ../../../../../usr/local/lib/android/sdk/platforms/android-35-ext15/data/res/values-mcc466-mnc92: Cannot change mode to rwxr-xr-x: Operation not permitted
build	Cache Android SDK	2026-06-06T12:23:03.0392045Z /usr/bin/tar: ../../../../../usr/local/lib/android/sdk/platforms/android-35-ext15/data/res/values-mcc310-mnc210-sl: Cannot utime: Operation not permitted
build	Cache Android SDK	2026-06-06T12:23:03.0393145Z /usr/bin/tar: ../../../../../usr/local/lib/android/sdk/platforms/android-35-ext15/data/res/values-mcc310-mnc210-sl: Cannot change mode to rwxr-xr-x: Operation not permitted
build	Cache Android SDK	2026-06-06T12:23:03.0395389Z /usr/bin/tar: ../../../../../usr/local/lib/android/sdk/platforms/android-35-ext15/data/res/values-as-television: Cannot utime: Operation not permitted
build	Cache Android SDK	2026-06-06T12:23:03.0396001Z /usr/bin/tar: ../../../../../usr/local/lib/android/sdk/platforms/android-35-ext15/data/res/values-as-television: Cannot change mode to rwxr-xr-x: Operation not permitted
build	Cache Android SDK	2026-06-06T12:23:03.0399098Z /usr/bin/tar: ../../../../../usr/local/lib/android/sdk/platforms/android-35-ext15/data/res/values-mcc310-mnc380-sq: Cannot utime: Operation not permitted
build	Cache Android SDK	2026-06-06T12:23:03.0399581Z /usr/bin/tar: ../../../../../usr/local/lib/android/sdk/platforms/android-35-ext15/data/res/values-mcc310-mnc380-sq: Cannot change mode to rwxr-xr-x: Operation not permitted
build	Cache Android SDK	2026-06-06T12:23:03.0402635Z /usr/bin/tar: ../../../../../usr/local/lib/android/sdk/platforms/android-35-ext15/data/res/values-en-rIE: Cannot utime: Operation not permitted
build	Cache Android SDK	2026-06-06T12:23:03.0403239Z /usr/bin/tar: ../../../../../usr/local/lib/android/sdk/platforms/android-35-ext15/data/res/values-en-rIE: Cannot change mode to rwxr-xr-x: Operation not permitted
build	Cache Android SDK	2026-06-06T12:23:03.0406916Z /usr/bin/tar: ../../../../../usr/local/lib/android/sdk/platforms/android-35-ext15/data/res/values-mcc310-mnc250-zu: Cannot utime: Operation not permitted
build	Cache Android SDK	2026-06-06T12:23:03.0407588Z /usr/bin/tar: ../../../../../usr/local/lib/android/sdk/platforms/android-35-ext15/data/res/values-mcc310-mnc250-zu: Cannot change mode to rwxr-xr-x: Operation not permitted
build	Cache Android SDK	2026-06-06T12:23:03.0411376Z /usr/bin/tar: ../../../../../usr/local/lib/android/sdk/platforms/android-35-ext15/data/res/values-mcc310-mnc410-lo: Cannot utime: Operation not permitted
build	Cache Android SDK	2026-06-06T12:23:03.0412019Z /usr/bin/tar: ../../../../../usr/local/lib/android/sdk/platforms/android-35-ext15/data/res/values-mcc310-mnc410-lo: Cannot change mode to rwxr-xr-x: Operation not permitted
build	Cache Android SDK	2026-06-06T12:23:03.0414745Z /usr/bin/tar: ../../../../../usr/local/lib/android/sdk/platforms/android-35-ext15/data/res/values-kk-watch: Cannot utime: Operation not permitted
build	Cache Android SDK	2026-06-06T12:23:03.0415253Z /usr/bin/tar: ../../../../../usr/local/lib/android/sdk/platforms/android-35-ext15/data/res/values-kk-watch: Cannot change mode to rwxr-xr-x: Operation not permitted
build	Cache Android SDK	2026-06-06T12:23:03.0418278Z /usr/bin/tar: ../../../../../usr/local/lib/android/sdk/platforms/android-35-ext15/data/res/values-mcc432: Cannot utime: Operation not permitted
build	Cache Android SDK	2026-06-06T12:23:03.0418875Z /usr/bin/tar: ../../../../../usr/local/lib/android/sdk/platforms/android-35-ext15/data/res/values-mcc432: Cannot change mode to rwxr-xr-x: Operation not permitted
build	Cache Android SDK	2026-06-06T12:23:03.0421459Z /usr/bin/tar: ../../../../../usr/local/lib/android/sdk/platforms/android-35-ext15/data/res/values-mcc310-mnc380-ne: Cannot utime: Operation not permitted
build	Cache Android SDK	2026-06-06T12:23:03.0422055Z /usr/bin/tar: ../../../../../usr/local/lib/android/sdk/platforms/android-35-ext15/data/res/values-mcc310-mnc380-ne: Cannot change mode to rwxr-xr-x: Operation not permitted
build	Cache Android SDK	2026-06-06T12:23:03.0424437Z /usr/bin/tar: ../../../../../usr/local/lib/android/sdk/platforms/android-35-ext15/data/res/values-mcc001-mnc01-uz: Cannot utime: Operation not permitted
build	Cache Android SDK	2026-06-06T12:23:03.0424911Z /usr/bin/tar: ../../../../../usr/local/lib/android/sdk/platforms/android-35-ext15/data/res/values-mcc001-mnc01-uz: Cannot change mode to rwxr-xr-x: Operation not permitted
build	Cache Android SDK	2026-06-06T12:23:03.0428736Z /usr/bin/tar: ../../../../../usr/local/lib/android/sdk/platforms/android-35-ext15/data/res/values-mcc312-mnc670-it: Cannot utime: Operation not permitted
build	Cache Android SDK	2026-06-06T12:23:03.0429374Z /usr/bin/tar: ../../../../../usr/local/lib/android/sdk/platforms/android-35-ext15/data/res/values-mcc312-mnc670-it: Cannot change mode to rwxr-xr-x: Operation not permitted
build	Cache Android SDK	2026-06-06T12:23:03.0432267Z /usr/bin/tar: ../../../../../usr/local/lib/android/sdk/platforms/android-35-ext15/data/res/values-mcc722-mnc07: Cannot utime: Operation not permitted
build	Cache Android SDK	2026-06-06T12:23:03.0433016Z /usr/bin/tar: ../../../../../usr/local/lib/android/sdk/platforms/android-35-ext15/data/res/values-mcc722-mnc07: Cannot change mode to rwxr-xr-x: Operation not permitted
build	Cache Android SDK	2026-06-06T12:23:03.0436336Z /usr/bin/tar: ../../../../../usr/local/lib/android/sdk/platforms/android-35-ext15/data/res/values-mcc310-mnc310-eu: Cannot utime: Operation not permitted
build	Cache Android SDK	2026-06-06T12:23:03.0436860Z /usr/bin/tar: ../../../../../usr/local/lib/android/sdk/platforms/android-35-ext15/data/res/values-mcc310-mnc310-eu: Cannot change mode to rwxr-xr-x: Operation not permitted
build	Cache Android SDK	2026-06-06T12:23:03.0439941Z /usr/bin/tar: ../../../../../usr/local/lib/android/sdk/platforms/android-35-ext15/data/res/values-mcc235-mnc94: Cannot utime: Operation not permitted
build	Cache Android SDK	2026-06-06T12:23:03.0440897Z /usr/bin/tar: ../../../../../usr/local/lib/android/sdk/platforms/android-35-ext15/data/res/values-mcc235-mnc94: Cannot change mode to rwxr-xr-x: Operation not permitted
build	Cache Android SDK	2026-06-06T12:23:03.0444767Z /usr/bin/tar: ../../../../../usr/local/lib/android/sdk/platforms/android-35-ext15/data/res/values-mcc311-mnc180-sk: Cannot utime: Operation not permitted
build	Cache Android SDK	2026-06-06T12:23:03.0445827Z /usr/bin/tar: ../../../../../usr/local/lib/android/sdk/platforms/android-35-ext15/data/res/values-mcc311-mnc180-sk: Cannot change mode to rwxr-xr-x: Operation not permitted
build	Cache Android SDK	2026-06-06T12:23:03.0447743Z /usr/bin/tar: ../../../../../usr/local/lib/android/sdk/platforms/android-35-ext15/data/res/values-mcc310-mnc170-es: Cannot utime: Operation not permitted
build	Cache Android SDK	2026-06-06T12:23:03.0448895Z /usr/bin/tar: ../../../../../usr/local/lib/android/sdk/platforms/android-35-ext15/data/res/values-mcc310-mnc170-es: Cannot change mode to rwxr-xr-x: Operation not permitted
build	Cache Android SDK	2026-06-06T12:23:03.0452247Z /usr/bin/tar: ../../../../../usr/local/lib/android/sdk/platforms/android-35-ext15/data/res/values-mcc310-mnc240-my: Cannot utime: Operation not permitted
build	Cache Android SDK	2026-06-06T12:23:03.0452973Z /usr/bin/tar: ../../../../../usr/local/lib/android/sdk/platforms/android-35-ext15/data/res/values-mcc310-mnc240-my: Cannot change mode to rwxr-xr-x: Operation not permitted
build	Cache Android SDK	2026-06-06T12:23:03.0455461Z /usr/bin/tar: ../../../../../usr/local/lib/android/sdk/platforms/android-35-ext15/data/res/values-am-television: Cannot utime: Operation not permitted
build	Cache Android SDK	2026-06-06T12:23:03.0456047Z /usr/bin/tar: ../../../../../usr/local/lib/android/sdk/platforms/android-35-ext15/data/res/values-am-television: Cannot change mode to rwxr-xr-x: Operation not permitted
build	Cache Android SDK	2026-06-06T12:23:03.0459175Z /usr/bin/tar: ../../../../../usr/local/lib/android/sdk/platforms/android-35-ext15/data/res/values-mcc302-mnc370-in: Cannot utime: Operation not permitted
build	Cache Android SDK	2026-06-06T12:23:03.0459697Z /usr/bin/tar: ../../../../../usr/local/lib/android/sdk/platforms/android-35-ext15/data/res/values-mcc302-mnc370-in: Cannot change mode to rwxr-xr-x: Operation not permitted
build	Cache Android SDK	2026-06-06T12:23:03.0462639Z /usr/bin/tar: ../../../../../usr/local/lib/android/sdk/platforms/android-35-ext15/data/res/values-mcc310-mnc270-ml: Cannot utime: Operation not permitted
build	Cache Android SDK	2026-06-06T12:23:03.0463272Z /usr/bin/tar: ../../../../../usr/local/lib/android/sdk/platforms/android-35-ext15/data/res/values-mcc310-mnc270-ml: Cannot change mode to rwxr-xr-x: Operation not permitted
build	Cache Android SDK	2026-06-06T12:23:03.0465518Z /usr/bin/tar: ../../../../../usr/local/lib/android/sdk/platforms/android-35-ext15/data/res/values-mcc302-mnc370-ru: Cannot utime: Operation not permitted
build	Cache Android SDK	2026-06-06T12:23:03.0466077Z /usr/bin/tar: ../../../../../usr/local/lib/android/sdk/platforms/android-35-ext15/data/res/values-mcc302-mnc370-ru: Cannot change mode to rwxr-xr-x: Operation not permitted
build	Cache Android SDK	2026-06-06T12:23:03.0468638Z /usr/bin/tar: ../../../../../usr/local/lib/android/sdk/platforms/android-35-ext15/data/res/values-mcc310-mnc950-ro: Cannot utime: Operation not permitted
build	Cache Android SDK	2026-06-06T12:23:03.0469199Z /usr/bin/tar: ../../../../../usr/local/lib/android/sdk/platforms/android-35-ext15/data/res/values-mcc310-mnc950-ro: Cannot change mode to rwxr-xr-x: Operation not permitted
build	Cache Android SDK	2026-06-06T12:23:03.0471324Z /usr/bin/tar: ../../../../../usr/local/lib/android/sdk/platforms/android-35-ext15/data/res/values-te-watch: Cannot utime: Operation not permitted
build	Cache Android SDK	2026-06-06T12:23:03.0471882Z /usr/bin/tar: ../../../../../usr/local/lib/android/sdk/platforms/android-35-ext15/data/res/values-te-watch: Cannot change mode to rwxr-xr-x: Operation not permitted
build	Cache Android SDK	2026-06-06T12:23:03.0474673Z /usr/bin/tar: ../../../../../usr/local/lib/android/sdk/platforms/android-35-ext15/data/res/values-mcc310-mnc410-pl: Cannot utime: Operation not permitted
build	Cache Android SDK	2026-06-06T12:23:03.0475158Z /usr/bin/tar: ../../../../../usr/local/lib/android/sdk/platforms/android-35-ext15/data/res/values-mcc310-mnc410-pl: Cannot change mode to rwxr-xr-x: Operation not permitted
build	Cache Android SDK	2026-06-06T12:23:03.0477953Z /usr/bin/tar: ../../../../../usr/local/lib/android/sdk/platforms/android-35-ext15/data/res/values-mcc310-mnc220-is: Cannot utime: Operation not permitted
build	Cache Android SDK	2026-06-06T12:23:03.0478427Z /usr/bin/tar: ../../../../../usr/local/lib/android/sdk/platforms/android-35-ext15/data/res/values-mcc310-mnc220-is: Cannot change mode to rwxr-xr-x: Operation not permitted
build	Cache Android SDK	2026-06-06T12:23:03.0481104Z /usr/bin/tar: ../../../../../usr/local/lib/android/sdk/platforms/android-35-ext15/data/res/values-mcc310-mnc170-nl: Cannot utime: Operation not permitted
build	Cache Android SDK	2026-06-06T12:23:03.0481580Z /usr/bin/tar: ../../../../../usr/local/lib/android/sdk/platforms/android-35-ext15/data/res/values-mcc310-mnc170-nl: Cannot change mode to rwxr-xr-x: Operation not permitted
build	Cache Android SDK	2026-06-06T12:23:03.0484038Z /usr/bin/tar: ../../../../../usr/local/lib/android/sdk/platforms/android-35-ext15/data/res/values-mcc310-mnc380-el: Cannot utime: Operation not permitted
build	Cache Android SDK	2026-06-06T12:23:03.0484518Z /usr/bin/tar: ../../../../../usr/local/lib/android/sdk/platforms/android-35-ext15/data/res/values-mcc310-mnc380-el: Cannot change mode to rwxr-xr-x: Operation not permitted
build	Cache Android SDK	2026-06-06T12:23:03.0487212Z /usr/bin/tar: ../../../../../usr/local/lib/android/sdk/platforms/android-35-ext15/data/res/values-mcc334-mnc020-lt: Cannot utime: Operation not permitted
build	Cache Android SDK	2026-06-06T12:23:03.0487902Z /usr/bin/tar: ../../../../../usr/local/lib/android/sdk/platforms/android-35-ext15/data/res/values-mcc334-mnc020-lt: Cannot change mode to rwxr-xr-x: Operation not permitted
build	Cache Android SDK	2026-06-06T12:23:03.0490459Z /usr/bin/tar: ../../../../../usr/local/lib/android/sdk/platforms/android-35-ext15/data/res/values-mcc302-mnc370-si: Cannot utime: Operation not permitted
build	Cache Android SDK	2026-06-06T12:23:03.0491057Z /usr/bin/tar: ../../../../../usr/local/lib/android/sdk/platforms/android-35-ext15/data/res/values-mcc302-mnc370-si: Cannot change mode to rwxr-xr-x: Operation not permitted
build	Cache Android SDK	2026-06-06T12:23:03.0496545Z /usr/bin/tar: ../../../../../usr/local/lib/android/sdk/platforms/android-35-ext15/data/res/drawable-land-xhdpi: Cannot utime: Operation not permitted
build	Cache Android SDK	2026-06-06T12:23:03.0497020Z /usr/bin/tar: ../../../../../usr/local/lib/android/sdk/platforms/android-35-ext15/data/res/drawable-land-xhdpi: Cannot change mode to rwxr-xr-x: Operation not permitted
build	Cache Android SDK	2026-06-06T12:23:03.0499519Z /usr/bin/tar: ../../../../../usr/local/lib/android/sdk/platforms/android-35-ext15/data/res/values-mcc310-mnc560-ko: Cannot utime: Operation not permitted
build	Cache Android SDK	2026-06-06T12:23:03.0500000Z /usr/bin/tar: ../../../../../usr/local/lib/android/sdk/platforms/android-35-ext15/data/res/values-mcc310-mnc560-ko: Cannot change mode to rwxr-xr-x: Operation not permitted
build	Cache Android SDK	2026-06-06T12:23:03.0502270Z /usr/bin/tar: ../../../../../usr/local/lib/android/sdk/platforms/android-35-ext15/data/res/values-ms-rMY: Cannot utime: Operation not permitted
build	Cache Android SDK	2026-06-06T12:23:03.0503315Z /usr/bin/tar: ../../../../../usr/local/lib/android/sdk/platforms/android-35-ext15/data/res/values-ms-rMY: Cannot change mode to rwxr-xr-x: Operation not permitted
build	Cache Android SDK	2026-06-06T12:23:03.0505254Z /usr/bin/tar: ../../../../../usr/local/lib/android/sdk/platforms/android-35-ext15/data/res/values-mcc310-mnc230-de: Cannot utime: Operation not permitted
build	Cache Android SDK	2026-06-06T12:23:03.0505733Z /usr/bin/tar: ../../../../../usr/local/lib/android/sdk/platforms/android-35-ext15/data/res/values-mcc310-mnc230-de: Cannot change mode to rwxr-xr-x: Operation not permitted
build	Cache Android SDK	2026-06-06T12:23:03.0508231Z /usr/bin/tar: ../../../../../usr/local/lib/android/sdk/platforms/android-35-ext15/data/res/values-mcc310-mnc280-zu: Cannot utime: Operation not permitted
build	Cache Android SDK	2026-06-06T12:23:03.0508708Z /usr/bin/tar: ../../../../../usr/local/lib/android/sdk/platforms/android-35-ext15/data/res/values-mcc310-mnc280-zu: Cannot change mode to rwxr-xr-x: Operation not permitted
build	Cache Android SDK	2026-06-06T12:23:03.0511564Z /usr/bin/tar: ../../../../../usr/local/lib/android/sdk/platforms/android-35-ext15/data/res/values-mcc310-mnc230-tl: Cannot utime: Operation not permitted
build	Cache Android SDK	2026-06-06T12:23:03.0512036Z /usr/bin/tar: ../../../../../usr/local/lib/android/sdk/platforms/android-35-ext15/data/res/values-mcc310-mnc230-tl: Cannot change mode to rwxr-xr-x: Operation not permitted
build	Cache Android SDK	2026-06-06T12:23:03.0514717Z /usr/bin/tar: ../../../../../usr/local/lib/android/sdk/platforms/android-35-ext15/data/res/values-mcc310-mnc280-bs: Cannot utime: Operation not permitted
build	Cache Android SDK	2026-06-06T12:23:03.0515286Z /usr/bin/tar: ../../../../../usr/local/lib/android/sdk/platforms/android-35-ext15/data/res/values-mcc310-mnc280-bs: Cannot change mode to rwxr-xr-x: Operation not permitted
build	Cache Android SDK	2026-06-06T12:23:03.0517865Z /usr/bin/tar: ../../../../../usr/local/lib/android/sdk/platforms/android-35-ext15/data/res/values-mcc310-mnc230-af: Cannot utime: Operation not permitted
build	Cache Android SDK	2026-06-06T12:23:03.0518340Z /usr/bin/tar: ../../../../../usr/local/lib/android/sdk/platforms/android-35-ext15/data/res/values-mcc310-mnc230-af: Cannot change mode to rwxr-xr-x: Operation not permitted
build	Cache Android SDK	2026-06-06T12:23:03.0520728Z /usr/bin/tar: ../../../../../usr/local/lib/android/sdk/platforms/android-35-ext15/data/res/values-mcc310-mnc160-mk: Cannot utime: Operation not permitted
build	Cache Android SDK	2026-06-06T12:23:03.0521197Z /usr/bin/tar: ../../../../../usr/local/lib/android/sdk/platforms/android-35-ext15/data/res/values-mcc310-mnc160-mk: Cannot change mode to rwxr-xr-x: Operation not permitted
build	Cache Android SDK	2026-06-06T12:23:03.0524023Z /usr/bin/tar: ../../../../../usr/local/lib/android/sdk/platforms/android-35-ext15/data/res/values-mcc312-mnc670-bg: Cannot utime: Operation not permitted
build	Cache Android SDK	2026-06-06T12:23:03.0524499Z /usr/bin/tar: ../../../../../usr/local/lib/android/sdk/platforms/android-35-ext15/data/res/values-mcc312-mnc670-bg: Cannot change mode to rwxr-xr-x: Operation not permitted
build	Cache Android SDK	2026-06-06T12:23:03.0527075Z /usr/bin/tar: ../../../../../usr/local/lib/android/sdk/platforms/android-35-ext15/data/res/values-mcc312-mnc670-pa: Cannot utime: Operation not permitted
build	Cache Android SDK	2026-06-06T12:23:03.0527802Z /usr/bin/tar: ../../../../../usr/local/lib/android/sdk/platforms/android-35-ext15/data/res/values-mcc312-mnc670-pa: Cannot change mode to rwxr-xr-x: Operation not permitted
build	Cache Android SDK	2026-06-06T12:23:03.0530384Z /usr/bin/tar: ../../../../../usr/local/lib/android/sdk/platforms/android-35-ext15/data/res/values-w192dp: Cannot utime: Operation not permitted
build	Cache Android SDK	2026-06-06T12:23:03.0530833Z /usr/bin/tar: ../../../../../usr/local/lib/android/sdk/platforms/android-35-ext15/data/res/values-w192dp: Cannot change mode to rwxr-xr-x: Operation not permitted
build	Cache Android SDK	2026-06-06T12:23:03.0533793Z /usr/bin/tar: ../../../../../usr/local/lib/android/sdk/platforms/android-35-ext15/data/res/values-mcc310-mnc170-my: Cannot utime: Operation not permitted
build	Cache Android SDK	2026-06-06T12:23:03.0534256Z /usr/bin/tar: ../../../../../usr/local/lib/android/sdk/platforms/android-35-ext15/data/res/values-mcc310-mnc170-my: Cannot change mode to rwxr-xr-x: Operation not permitted
build	Cache Android SDK	2026-06-06T12:23:03.0536386Z /usr/bin/tar: ../../../../../usr/local/lib/android/sdk/platforms/android-35-ext15/data/res/values-sw720dp-land: Cannot utime: Operation not permitted
build	Cache Android SDK	2026-06-06T12:23:03.0536930Z /usr/bin/tar: ../../../../../usr/local/lib/android/sdk/platforms/android-35-ext15/data/res/values-sw720dp-land: Cannot change mode to rwxr-xr-x: Operation not permitted
build	Cache Android SDK	2026-06-06T12:23:03.0540453Z /usr/bin/tar: ../../../../../usr/local/lib/android/sdk/platforms/android-35-ext15/data/res/values-mcc310-mnc200-en-rAU: Cannot utime: Operation not permitted
build	Cache Android SDK	2026-06-06T12:23:03.0540980Z /usr/bin/tar: ../../../../../usr/local/lib/android/sdk/platforms/android-35-ext15/data/res/values-mcc310-mnc200-en-rAU: Cannot change mode to rwxr-xr-x: Operation not permitted
build	Cache Android SDK	2026-06-06T12:23:03.0543145Z /usr/bin/tar: ../../../../../usr/local/lib/android/sdk/platforms/android-35-ext15/data/res/values-mcc312-mnc670-pl: Cannot utime: Operation not permitted
build	Cache Android SDK	2026-06-06T12:23:03.0543675Z /usr/bin/tar: ../../../../../usr/local/lib/android/sdk/platforms/android-35-ext15/data/res/values-mcc312-mnc670-pl: Cannot change mode to rwxr-xr-x: Operation not permitted
build	Cache Android SDK	2026-06-06T12:23:03.0546240Z /usr/bin/tar: ../../../../../usr/local/lib/android/sdk/platforms/android-35-ext15/data/res/values-mcc310-mnc120: Cannot utime: Operation not permitted
build	Cache Android SDK	2026-06-06T12:23:03.0546743Z /usr/bin/tar: ../../../../../usr/local/lib/android/sdk/platforms/android-35-ext15/data/res/values-mcc310-mnc120: Cannot change mode to rwxr-xr-x: Operation not permitted
build	Cache Android SDK	2026-06-06T12:23:03.0549066Z /usr/bin/tar: ../../../../../usr/local/lib/android/sdk/platforms/android-35-ext15/data/res/values-mcc310-mnc950-b+sr+Latn: Cannot utime: Operation not permitted
build	Cache Android SDK	2026-06-06T12:23:03.0549572Z /usr/bin/tar: ../../../../../usr/local/lib/android/sdk/platforms/android-35-ext15/data/res/values-mcc310-mnc950-b+sr+Latn: Cannot change mode to rwxr-xr-x: Operation not permitted
build	Cache Android SDK	2026-06-06T12:23:03.0552300Z /usr/bin/tar: ../../../../../usr/local/lib/android/sdk/platforms/android-35-ext15/data/res/values-mcc310-mnc490-ne: Cannot utime: Operation not permitted
build	Cache Android SDK	2026-06-06T12:23:03.0553026Z /usr/bin/tar: ../../../../../usr/local/lib/android/sdk/platforms/android-35-ext15/data/res/values-mcc310-mnc490-ne: Cannot change mode to rwxr-xr-x: Operation not permitted
build	Cache Android SDK	2026-06-06T12:23:03.0555088Z /usr/bin/tar: ../../../../../usr/local/lib/android/sdk/platforms/android-35-ext15/data/res/values-mcc310-mnc230: Cannot utime: Operation not permitted
build	Cache Android SDK	2026-06-06T12:23:03.0555648Z /usr/bin/tar: ../../../../../usr/local/lib/android/sdk/platforms/android-35-ext15/data/res/values-mcc310-mnc230: Cannot change mode to rwxr-xr-x: Operation not permitted
build	Cache Android SDK	2026-06-06T12:23:03.0558703Z /usr/bin/tar: ../../../../../usr/local/lib/android/sdk/platforms/android-35-ext15/data/res/values-mcc310-mnc230-am: Cannot utime: Operation not permitted
build	Cache Android SDK	2026-06-06T12:23:03.0559252Z /usr/bin/tar: ../../../../../usr/local/lib/android/sdk/platforms/android-35-ext15/data/res/values-mcc310-mnc230-am: Cannot change mode to rwxr-xr-x: Operation not permitted
build	Cache Android SDK	2026-06-06T12:23:03.0563347Z /usr/bin/tar: ../../../../../usr/local/lib/android/sdk/platforms/android-35-ext15/data/res/raw-zh-rTW: Cannot utime: Operation not permitted
build	Cache Android SDK	2026-06-06T12:23:03.0563810Z /usr/bin/tar: ../../../../../usr/local/lib/android/sdk/platforms/android-35-ext15/data/res/raw-zh-rTW: Cannot change mode to rwxr-xr-x: Operation not permitted
build	Cache Android SDK	2026-06-06T12:23:03.0568209Z /usr/bin/tar: ../../../../../usr/local/lib/android/sdk/platforms/android-35-ext15/data/res/values-mcc310-mnc160-sv: Cannot utime: Operation not permitted
build	Cache Android SDK	2026-06-06T12:23:03.0568707Z /usr/bin/tar: ../../../../../usr/local/lib/android/sdk/platforms/android-35-ext15/data/res/values-mcc310-mnc160-sv: Cannot change mode to rwxr-xr-x: Operation not permitted
build	Cache Android SDK	2026-06-06T12:23:03.0571502Z /usr/bin/tar: ../../../../../usr/local/lib/android/sdk/platforms/android-35-ext15/data/res/values-mcc001-mnc01-et: Cannot utime: Operation not permitted
build	Cache Android SDK	2026-06-06T12:23:03.0571983Z /usr/bin/tar: ../../../../../usr/local/lib/android/sdk/platforms/android-35-ext15/data/res/values-mcc001-mnc01-et: Cannot change mode to rwxr-xr-x: Operation not permitted
build	Cache Android SDK	2026-06-06T12:23:03.0574433Z /usr/bin/tar: ../../../../../usr/local/lib/android/sdk/platforms/android-35-ext15/data/res/values-es-rGT: Cannot utime: Operation not permitted
build	Cache Android SDK	2026-06-06T12:23:03.0574880Z /usr/bin/tar: ../../../../../usr/local/lib/android/sdk/platforms/android-35-ext15/data/res/values-es-rGT: Cannot change mode to rwxr-xr-x: Operation not permitted
build	Cache Android SDK	2026-06-06T12:23:03.0578494Z /usr/bin/tar: ../../../../../usr/local/lib/android/sdk/platforms/android-35-ext15/data/res/values-mcc310-mnc030-en-rIN: Cannot utime: Operation not permitted
build	Cache Android SDK	2026-06-06T12:23:03.0579089Z /usr/bin/tar: ../../../../../usr/local/lib/android/sdk/platforms/android-35-ext15/data/res/values-mcc310-mnc030-en-rIN: Cannot change mode to rwxr-xr-x: Operation not permitted
build	Cache Android SDK	2026-06-06T12:23:03.0584224Z /usr/bin/tar: ../../../../../usr/local/lib/android/sdk/platforms/android-35-ext15/data/res/values-mcc311-mnc180-el: Cannot utime: Operation not permitted
build	Cache Android SDK	2026-06-06T12:23:03.0584724Z /usr/bin/tar: ../../../../../usr/local/lib/android/sdk/platforms/android-35-ext15/data/res/values-mcc311-mnc180-el: Cannot change mode to rwxr-xr-x: Operation not permitted
build	Cache Android SDK	2026-06-06T12:23:03.0587239Z /usr/bin/tar: ../../../../../usr/local/lib/android/sdk/platforms/android-35-ext15/data/res/values-mcc310-mnc160-en-rAU: Cannot utime: Operation not permitted
build	Cache Android SDK	2026-06-06T12:23:03.0587945Z /usr/bin/tar: ../../../../../usr/local/lib/android/sdk/platforms/android-35-ext15/data/res/values-mcc310-mnc160-en-rAU: Cannot change mode to rwxr-xr-x: Operation not permitted
build	Cache Android SDK	2026-06-06T12:23:03.0590367Z /usr/bin/tar: ../../../../../usr/local/lib/android/sdk/platforms/android-35-ext15/data/res/values-mcc302-mnc370-mn: Cannot utime: Operation not permitted
build	Cache Android SDK	2026-06-06T12:23:03.0590849Z /usr/bin/tar: ../../../../../usr/local/lib/android/sdk/platforms/android-35-ext15/data/res/values-mcc302-mnc370-mn: Cannot change mode to rwxr-xr-x: Operation not permitted
build	Cache Android SDK	2026-06-06T12:23:03.0593850Z /usr/bin/tar: ../../../../../usr/local/lib/android/sdk/platforms/android-35-ext15/data/res/values-ja-television: Cannot utime: Operation not permitted
build	Cache Android SDK	2026-06-06T12:23:03.0594342Z /usr/bin/tar: ../../../../../usr/local/lib/android/sdk/platforms/android-35-ext15/data/res/values-ja-television: Cannot change mode to rwxr-xr-x: Operation not permitted
build	Cache Android SDK	2026-06-06T12:23:03.0597769Z /usr/bin/tar: ../../../../../usr/local/lib/android/sdk/platforms/android-35-ext15/data/res/values-mcc310-mnc250-lo: Cannot utime: Operation not permitted
build	Cache Android SDK	2026-06-06T12:23:03.0598259Z /usr/bin/tar: ../../../../../usr/local/lib/android/sdk/platforms/android-35-ext15/data/res/values-mcc310-mnc250-lo: Cannot change mode to rwxr-xr-x: Operation not permitted
build	Cache Android SDK	2026-06-06T12:23:03.0600922Z /usr/bin/tar: ../../../../../usr/local/lib/android/sdk/platforms/android-35-ext15/data/res/values-mcc310-mnc410-kn: Cannot utime: Operation not permitted
build	Cache Android SDK	2026-06-06T12:23:03.0601388Z /usr/bin/tar: ../../../../../usr/local/lib/android/sdk/platforms/android-35-ext15/data/res/values-mcc310-mnc410-kn: Cannot change mode to rwxr-xr-x: Operation not permitted
build	Cache Android SDK	2026-06-06T12:23:03.0604839Z /usr/bin/tar: ../../../../../usr/local/lib/android/sdk/platforms/android-35-ext15/data/res/values-mcc310-mnc380-es: Cannot utime: Operation not permitted
build	Cache Android SDK	2026-06-06T12:23:03.0605316Z /usr/bin/tar: ../../../../../usr/local/lib/android/sdk/platforms/android-35-ext15/data/res/values-mcc310-mnc380-es: Cannot change mode to rwxr-xr-x: Operation not permitted
build	Cache Android SDK	2026-06-06T12:23:03.0608000Z /usr/bin/tar: ../../../../../usr/local/lib/android/sdk/platforms/android-35-ext15/data/res/values-mcc310-mnc160-iw: Cannot utime: Operation not permitted
build	Cache Android SDK	2026-06-06T12:23:03.0609052Z /usr/bin/tar: ../../../../../usr/local/lib/android/sdk/platforms/android-35-ext15/data/res/values-mcc310-mnc160-iw: Cannot change mode to rwxr-xr-x: Operation not permitted
build	Cache Android SDK	2026-06-06T12:23:03.0610922Z /usr/bin/tar: ../../../../../usr/local/lib/android/sdk/platforms/android-35-ext15/data/res/values-mcc310-mnc380-zh-rHK: Cannot utime: Operation not permitted
build	Cache Android SDK	2026-06-06T12:23:03.0611521Z /usr/bin/tar: ../../../../../usr/local/lib/android/sdk/platforms/android-35-ext15/data/res/values-mcc310-mnc380-zh-rHK: Cannot change mode to rwxr-xr-x: Operation not permitted
build	Cache Android SDK	2026-06-06T12:23:03.0613687Z /usr/bin/tar: ../../../../../usr/local/lib/android/sdk/platforms/android-35-ext15/data/res/values-mcc310-mnc280-ur: Cannot utime: Operation not permitted
build	Cache Android SDK	2026-06-06T12:23:03.0614165Z /usr/bin/tar: ../../../../../usr/local/lib/android/sdk/platforms/android-35-ext15/data/res/values-mcc310-mnc280-ur: Cannot change mode to rwxr-xr-x: Operation not permitted
build	Cache Android SDK	2026-06-06T12:23:03.0617003Z /usr/bin/tar: ../../../../../usr/local/lib/android/sdk/platforms/android-35-ext15/data/res/values-mcc310-mnc200-kk: Cannot utime: Operation not permitted
build	Cache Android SDK	2026-06-06T12:23:03.0617680Z /usr/bin/tar: ../../../../../usr/local/lib/android/sdk/platforms/android-35-ext15/data/res/values-mcc310-mnc200-kk: Cannot change mode to rwxr-xr-x: Operation not permitted
build	Cache Android SDK	2026-06-06T12:23:03.0620445Z /usr/bin/tar: ../../../../../usr/local/lib/android/sdk/platforms/android-35-ext15/data/res/values-es-rNI: Cannot utime: Operation not permitted
build	Cache Android SDK	2026-06-06T12:23:03.0620900Z /usr/bin/tar: ../../../../../usr/local/lib/android/sdk/platforms/android-35-ext15/data/res/values-es-rNI: Cannot change mode to rwxr-xr-x: Operation not permitted
build	Cache Android SDK	2026-06-06T12:23:03.0623801Z /usr/bin/tar: ../../../../../usr/local/lib/android/sdk/platforms/android-35-ext15/data/res/values-mcc310-mnc170-bg: Cannot utime: Operation not permitted
build	Cache Android SDK	2026-06-06T12:23:03.0624355Z /usr/bin/tar: ../../../../../usr/local/lib/android/sdk/platforms/android-35-ext15/data/res/values-mcc310-mnc170-bg: Cannot change mode to rwxr-xr-x: Operation not permitted
build	Cache Android SDK	2026-06-06T12:23:03.0626522Z /usr/bin/tar: ../../../../../usr/local/lib/android/sdk/platforms/android-35-ext15/data/res/values-nb-television: Cannot utime: Operation not permitted
build	Cache Android SDK	2026-06-06T12:23:03.0626992Z /usr/bin/tar: ../../../../../usr/local/lib/android/sdk/platforms/android-35-ext15/data/res/values-nb-television: Cannot change mode to rwxr-xr-x: Operation not permitted
build	Cache Android SDK	2026-06-06T12:23:03.0629219Z /usr/bin/tar: ../../../../../usr/local/lib/android/sdk/platforms/android-35-ext15/data/res/values-mcc310-mnc380-in: Cannot utime: Operation not permitted
build	Cache Android SDK	2026-06-06T12:23:03.0629697Z /usr/bin/tar: ../../../../../usr/local/lib/android/sdk/platforms/android-35-ext15/data/res/values-mcc310-mnc380-in: Cannot change mode to rwxr-xr-x: Operation not permitted
build	Cache Android SDK	2026-06-06T12:23:03.0632919Z /usr/bin/tar: ../../../../../usr/local/lib/android/sdk/platforms/android-35-ext15/data/res/values-zh-rTW-television: Cannot utime: Operation not permitted
build	Cache Android SDK	2026-06-06T12:23:03.0633442Z /usr/bin/tar: ../../../../../usr/local/lib/android/sdk/platforms/android-35-ext15/data/res/values-zh-rTW-television: Cannot change mode to rwxr-xr-x: Operation not permitted
build	Cache Android SDK	2026-06-06T12:23:03.0635966Z /usr/bin/tar: ../../../../../usr/local/lib/android/sdk/platforms/android-35-ext15/data/res/values-mcc310-mnc380-pt: Cannot utime: Operation not permitted
build	Cache Android SDK	2026-06-06T12:23:03.0636540Z /usr/bin/tar: ../../../../../usr/local/lib/android/sdk/platforms/android-35-ext15/data/res/values-mcc310-mnc380-pt: Cannot change mode to rwxr-xr-x: Operation not permitted
build	Cache Android SDK	2026-06-06T12:23:03.0639434Z /usr/bin/tar: ../../../../../usr/local/lib/android/sdk/platforms/android-35-ext15/data/res/values-mcc310-mnc560-kn: Cannot utime: Operation not permitted
build	Cache Android SDK	2026-06-06T12:23:03.0639896Z /usr/bin/tar: ../../../../../usr/local/lib/android/sdk/platforms/android-35-ext15/data/res/values-mcc310-mnc560-kn: Cannot change mode to rwxr-xr-x: Operation not permitted
build	Cache Android SDK	2026-06-06T12:23:03.0642839Z /usr/bin/tar: ../../../../../usr/local/lib/android/sdk/platforms/android-35-ext15/data/res/values-mcc310-mnc490-am: Cannot utime: Operation not permitted
build	Cache Android SDK	2026-06-06T12:23:03.0643306Z /usr/bin/tar: ../../../../../usr/local/lib/android/sdk/platforms/android-35-ext15/data/res/values-mcc310-mnc490-am: Cannot change mode to rwxr-xr-x: Operation not permitted
build	Cache Android SDK	2026-06-06T12:23:03.0646222Z /usr/bin/tar: ../../../../../usr/local/lib/android/sdk/platforms/android-35-ext15/data/res/values-mcc310-mnc490-sl: Cannot utime: Operation not permitted
build	Cache Android SDK	2026-06-06T12:23:03.0646779Z /usr/bin/tar: ../../../../../usr/local/lib/android/sdk/platforms/android-35-ext15/data/res/values-mcc310-mnc490-sl: Cannot change mode to rwxr-xr-x: Operation not permitted
build	Cache Android SDK	2026-06-06T12:23:03.0650121Z /usr/bin/tar: ../../../../../usr/local/lib/android/sdk/platforms/android-35-ext15/data/res/values-mcc310-mnc160-ur: Cannot utime: Operation not permitted
build	Cache Android SDK	2026-06-06T12:23:03.0650596Z /usr/bin/tar: ../../../../../usr/local/lib/android/sdk/platforms/android-35-ext15/data/res/values-mcc310-mnc160-ur: Cannot change mode to rwxr-xr-x: Operation not permitted
build	Cache Android SDK	2026-06-06T12:23:03.0721322Z /usr/bin/tar: ../../../../../usr/local/lib/android/sdk/platforms/android-35-ext15/data/res/drawable-xxxhdpi: Cannot utime: Operation not permitted
build	Cache Android SDK	2026-06-06T12:23:03.0721829Z /usr/bin/tar: ../../../../../usr/local/lib/android/sdk/platforms/android-35-ext15/data/res/drawable-xxxhdpi: Cannot change mode to rwxr-xr-x: Operation not permitted
build	Cache Android SDK	2026-06-06T12:23:03.0724259Z /usr/bin/tar: ../../../../../usr/local/lib/android/sdk/platforms/android-35-ext15/data/res/values-mcc310-mnc210-af: Cannot utime: Operation not permitted
build	Cache Android SDK	2026-06-06T12:23:03.0724724Z /usr/bin/tar: ../../../../../usr/local/lib/android/sdk/platforms/android-35-ext15/data/res/values-mcc310-mnc210-af: Cannot change mode to rwxr-xr-x: Operation not permitted
build	Cache Android SDK	2026-06-06T12:23:03.0727950Z /usr/bin/tar: ../../../../../usr/local/lib/android/sdk/platforms/android-35-ext15/data/res/values-mcc310-mnc270-ky: Cannot utime: Operation not permitted
build	Cache Android SDK	2026-06-06T12:23:03.0728699Z /usr/bin/tar: ../../../../../usr/local/lib/android/sdk/platforms/android-35-ext15/data/res/values-mcc310-mnc270-ky: Cannot change mode to rwxr-xr-x: Operation not permitted
build	Cache Android SDK	2026-06-06T12:23:03.0730954Z /usr/bin/tar: ../../../../../usr/local/lib/android/sdk/platforms/android-35-ext15/data/res/values-mcc302-mnc720-te: Cannot utime: Operation not permitted
build	Cache Android SDK	2026-06-06T12:23:03.0731542Z /usr/bin/tar: ../../../../../usr/local/lib/android/sdk/platforms/android-35-ext15/data/res/values-mcc302-mnc720-te: Cannot change mode to rwxr-xr-x: Operation not permitted
build	Cache Android SDK	2026-06-06T12:23:03.0734394Z /usr/bin/tar: ../../../../../usr/local/lib/android/sdk/platforms/android-35-ext15/data/res/values-mcc312-mnc670-en-rIN: Cannot utime: Operation not permitted
build	Cache Android SDK	2026-06-06T12:23:03.0734881Z /usr/bin/tar: ../../../../../usr/local/lib/android/sdk/platforms/android-35-ext15/data/res/values-mcc312-mnc670-en-rIN: Cannot change mode to rwxr-xr-x: Operation not permitted
build	Cache Android SDK	2026-06-06T12:23:03.0736953Z /usr/bin/tar: ../../../../../usr/local/lib/android/sdk/platforms/android-35-ext15/data/res/values-mr-watch: Cannot utime: Operation not permitted
build	Cache Android SDK	2026-06-06T12:23:03.0737546Z /usr/bin/tar: ../../../../../usr/local/lib/android/sdk/platforms/android-35-ext15/data/res/values-mr-watch: Cannot change mode to rwxr-xr-x: Operation not permitted
build	Cache Android SDK	2026-06-06T12:23:03.0740335Z /usr/bin/tar: ../../../../../usr/local/lib/android/sdk/platforms/android-35-ext15/data/res/values-mcc310-mnc160-hi: Cannot utime: Operation not permitted
build	Cache Android SDK	2026-06-06T12:23:03.0740793Z /usr/bin/tar: ../../../../../usr/local/lib/android/sdk/platforms/android-35-ext15/data/res/values-mcc310-mnc160-hi: Cannot change mode to rwxr-xr-x: Operation not permitted
build	Cache Android SDK	2026-06-06T12:23:03.0743071Z /usr/bin/tar: ../../../../../usr/local/lib/android/sdk/platforms/android-35-ext15/data/res/values-mcc334-mnc020-fr-rCA: Cannot utime: Operation not permitted
build	Cache Android SDK	2026-06-06T12:23:03.0743553Z /usr/bin/tar: ../../../../../usr/local/lib/android/sdk/platforms/android-35-ext15/data/res/values-mcc334-mnc020-fr-rCA: Cannot change mode to rwxr-xr-x: Operation not permitted
build	Cache Android SDK	2026-06-06T12:23:03.0746820Z /usr/bin/tar: ../../../../../usr/local/lib/android/sdk/platforms/android-35-ext15/data/res/values-mcc302-mnc720-lv: Cannot utime: Operation not permitted
build	Cache Android SDK	2026-06-06T12:23:03.0747563Z /usr/bin/tar: ../../../../../usr/local/lib/android/sdk/platforms/android-35-ext15/data/res/values-mcc302-mnc720-lv: Cannot change mode to rwxr-xr-x: Operation not permitted
build	Cache Android SDK	2026-06-06T12:23:03.0750123Z /usr/bin/tar: ../../../../../usr/local/lib/android/sdk/platforms/android-35-ext15/data/res/values-mcc334-mnc020-pl: Cannot utime: Operation not permitted
build	Cache Android SDK	2026-06-06T12:23:03.0750590Z /usr/bin/tar: ../../../../../usr/local/lib/android/sdk/platforms/android-35-ext15/data/res/values-mcc334-mnc020-pl: Cannot change mode to rwxr-xr-x: Operation not permitted
build	Cache Android SDK	2026-06-06T12:23:03.0753807Z /usr/bin/tar: ../../../../../usr/local/lib/android/sdk/platforms/android-35-ext15/data/res/values-mcc310-mnc230-zh-rTW: Cannot utime: Operation not permitted
build	Cache Android SDK	2026-06-06T12:23:03.0754379Z /usr/bin/tar: ../../../../../usr/local/lib/android/sdk/platforms/android-35-ext15/data/res/values-mcc310-mnc230-zh-rTW: Cannot change mode to rwxr-xr-x: Operation not permitted
build	Cache Android SDK	2026-06-06T12:23:03.0757200Z /usr/bin/tar: ../../../../../usr/local/lib/android/sdk/platforms/android-35-ext15/data/res/values-mcc311-mnc180-pt-rBR: Cannot utime: Operation not permitted
build	Cache Android SDK	2026-06-06T12:23:03.0757788Z /usr/bin/tar: ../../../../../usr/local/lib/android/sdk/platforms/android-35-ext15/data/res/values-mcc311-mnc180-pt-rBR: Cannot change mode to rwxr-xr-x: Operation not permitted
build	Cache Android SDK	2026-06-06T12:23:03.0760105Z /usr/bin/tar: ../../../../../usr/local/lib/android/sdk/platforms/android-35-ext15/data/res/values-sw600dp-port: Cannot utime: Operation not permitted
build	Cache Android SDK	2026-06-06T12:23:03.0760671Z /usr/bin/tar: ../../../../../usr/local/lib/android/sdk/platforms/android-35-ext15/data/res/values-sw600dp-port: Cannot change mode to rwxr-xr-x: Operation not permitted
build	Cache Android SDK	2026-06-06T12:23:03.0763506Z /usr/bin/tar: ../../../../../usr/local/lib/android/sdk/platforms/android-35-ext15/data/res/values-mcc310-mnc380-be: Cannot utime: Operation not permitted
build	Cache Android SDK	2026-06-06T12:23:03.0763976Z /usr/bin/tar: ../../../../../usr/local/lib/android/sdk/platforms/android-35-ext15/data/res/values-mcc310-mnc380-be: Cannot change mode to rwxr-xr-x: Operation not permitted
build	Cache Android SDK	2026-06-06T12:23:03.0766292Z /usr/bin/tar: ../../../../../usr/local/lib/android/sdk/platforms/android-35-ext15/data/res/values-mcc310-mnc280-es-rUS: Cannot utime: Operation not permitted
build	Cache Android SDK	2026-06-06T12:23:03.0766775Z /usr/bin/tar: ../../../../../usr/local/lib/android/sdk/platforms/android-35-ext15/data/res/values-mcc310-mnc280-es-rUS: Cannot change mode to rwxr-xr-x: Operation not permitted
build	Cache Android SDK	2026-06-06T12:23:03.0769815Z /usr/bin/tar: ../../../../../usr/local/lib/android/sdk/platforms/android-35-ext15/data/res/values-mcc310-mnc410-hu: Cannot utime: Operation not permitted
build	Cache Android SDK	2026-06-06T12:23:03.0770273Z /usr/bin/tar: ../../../../../usr/local/lib/android/sdk/platforms/android-35-ext15/data/res/values-mcc310-mnc410-hu: Cannot change mode to rwxr-xr-x: Operation not permitted
build	Cache Android SDK	2026-06-06T12:23:03.0773187Z /usr/bin/tar: ../../../../../usr/local/lib/android/sdk/platforms/android-35-ext15/data/res/values-mcc310-mnc170-en-rIN: Cannot utime: Operation not permitted
build	Cache Android SDK	2026-06-06T12:23:03.0773771Z /usr/bin/tar: ../../../../../usr/local/lib/android/sdk/platforms/android-35-ext15/data/res/values-mcc310-mnc170-en-rIN: Cannot change mode to rwxr-xr-x: Operation not permitted
build	Cache Android SDK	2026-06-06T12:23:03.0776856Z /usr/bin/tar: ../../../../../usr/local/lib/android/sdk/platforms/android-35-ext15/data/res/values-mcc310-mnc030-bs: Cannot utime: Operation not permitted
build	Cache Android SDK	2026-06-06T12:23:03.0777318Z /usr/bin/tar: ../../../../../usr/local/lib/android/sdk/platforms/android-35-ext15/data/res/values-mcc310-mnc030-bs: Cannot change mode to rwxr-xr-x: Operation not permitted
build	Cache Android SDK	2026-06-06T12:23:03.0780339Z /usr/bin/tar: ../../../../../usr/local/lib/android/sdk/platforms/android-35-ext15/data/res/values-mcc310-mnc250-da: Cannot utime: Operation not permitted
build	Cache Android SDK	2026-06-06T12:23:03.0780793Z /usr/bin/tar: ../../../../../usr/local/lib/android/sdk/platforms/android-35-ext15/data/res/values-mcc310-mnc250-da: Cannot change mode to rwxr-xr-x: Operation not permitted
build	Cache Android SDK	2026-06-06T12:23:03.0784233Z /usr/bin/tar: ../../../../../usr/local/lib/android/sdk/platforms/android-35-ext15/data/res/values-mcc310-mnc560-en-rGB: Cannot utime: Operation not permitted
build	Cache Android SDK	2026-06-06T12:23:03.0785032Z /usr/bin/tar: ../../../../../usr/local/lib/android/sdk/platforms/android-35-ext15/data/res/values-mcc310-mnc560-en-rGB: Cannot change mode to rwxr-xr-x: Operation not permitted
build	Cache Android SDK	2026-06-06T12:23:03.0787518Z /usr/bin/tar: ../../../../../usr/local/lib/android/sdk/platforms/android-35-ext15/data/res/values-mcc310-mnc950-sr: Cannot utime: Operation not permitted
build	Cache Android SDK	2026-06-06T12:23:03.0788024Z /usr/bin/tar: ../../../../../usr/local/lib/android/sdk/platforms/android-35-ext15/data/res/values-mcc310-mnc950-sr: Cannot change mode to rwxr-xr-x: Operation not permitted
build	Cache Android SDK	2026-06-06T12:23:03.0790839Z /usr/bin/tar: ../../../../../usr/local/lib/android/sdk/platforms/android-35-ext15/data/res/values-mcc310-mnc030-mk: Cannot utime: Operation not permitted
build	Cache Android SDK	2026-06-06T12:23:03.0791329Z /usr/bin/tar: ../../../../../usr/local/lib/android/sdk/platforms/android-35-ext15/data/res/values-mcc310-mnc030-mk: Cannot change mode to rwxr-xr-x: Operation not permitted
build	Cache Android SDK	2026-06-06T12:23:03.0793677Z /usr/bin/tar: ../../../../../usr/local/lib/android/sdk/platforms/android-35-ext15/data/res/values-mcc310-mnc560-ru: Cannot utime: Operation not permitted
build	Cache Android SDK	2026-06-06T12:23:03.0794158Z /usr/bin/tar: ../../../../../usr/local/lib/android/sdk/platforms/android-35-ext15/data/res/values-mcc310-mnc560-ru: Cannot change mode to rwxr-xr-x: Operation not permitted
build	Cache Android SDK	2026-06-06T12:23:03.0796969Z /usr/bin/tar: ../../../../../usr/local/lib/android/sdk/platforms/android-35-ext15/data/res/values-mcc310-mnc380-nb: Cannot utime: Operation not permitted
build	Cache Android SDK	2026-06-06T12:23:03.0797722Z /usr/bin/tar: ../../../../../usr/local/lib/android/sdk/platforms/android-35-ext15/data/res/values-mcc310-mnc380-nb: Cannot change mode to rwxr-xr-x: Operation not permitted
build	Cache Android SDK	2026-06-06T12:23:03.0800694Z /usr/bin/tar: ../../../../../usr/local/lib/android/sdk/platforms/android-35-ext15/data/res/values-mcc310-mnc160-fa: Cannot utime: Operation not permitted
build	Cache Android SDK	2026-06-06T12:23:03.0801316Z /usr/bin/tar: ../../../../../usr/local/lib/android/sdk/platforms/android-35-ext15/data/res/values-mcc310-mnc160-fa: Cannot change mode to rwxr-xr-x: Operation not permitted
build	Cache Android SDK	2026-06-06T12:23:03.0804651Z /usr/bin/tar: ../../../../../usr/local/lib/android/sdk/platforms/android-35-ext15/data/res/layout-sw600dp: Cannot utime: Operation not permitted
build	Cache Android SDK	2026-06-06T12:23:03.0805113Z /usr/bin/tar: ../../../../../usr/local/lib/android/sdk/platforms/android-35-ext15/data/res/layout-sw600dp: Cannot change mode to rwxr-xr-x: Operation not permitted
build	Cache Android SDK	2026-06-06T12:23:03.0807762Z /usr/bin/tar: ../../../../../usr/local/lib/android/sdk/platforms/android-35-ext15/data/res/values-mcc302-mnc720-ms: Cannot utime: Operation not permitted
build	Cache Android SDK	2026-06-06T12:23:03.0808238Z /usr/bin/tar: ../../../../../usr/local/lib/android/sdk/platforms/android-35-ext15/data/res/values-mcc302-mnc720-ms: Cannot change mode to rwxr-xr-x: Operation not permitted
build	Cache Android SDK	2026-06-06T12:23:03.0811489Z /usr/bin/tar: ../../../../../usr/local/lib/android/sdk/platforms/android-35-ext15/data/res/values-el-watch: Cannot utime: Operation not permitted
build	Cache Android SDK	2026-06-06T12:23:03.0812049Z /usr/bin/tar: ../../../../../usr/local/lib/android/sdk/platforms/android-35-ext15/data/res/values-el-watch: Cannot change mode to rwxr-xr-x: Operation not permitted
build	Cache Android SDK	2026-06-06T12:23:03.0814505Z /usr/bin/tar: ../../../../../usr/local/lib/android/sdk/platforms/android-35-ext15/data/res/values-mcc310-mnc170-mr: Cannot utime: Operation not permitted
build	Cache Android SDK	2026-06-06T12:23:03.0814966Z /usr/bin/tar: ../../../../../usr/local/lib/android/sdk/platforms/android-35-ext15/data/res/values-mcc310-mnc170-mr: Cannot change mode to rwxr-xr-x: Operation not permitted
build	Cache Android SDK	2026-06-06T12:23:03.0817754Z /usr/bin/tar: ../../../../../usr/local/lib/android/sdk/platforms/android-35-ext15/data/res/values-mcc310-mnc250-nl: Cannot utime: Operation not permitted
build	Cache Android SDK	2026-06-06T12:23:03.0818225Z /usr/bin/tar: ../../../../../usr/local/lib/android/sdk/platforms/android-35-ext15/data/res/values-mcc310-mnc250-nl: Cannot change mode to rwxr-xr-x: Operation not permitted
build	Cache Android SDK	2026-06-06T12:23:03.0820661Z /usr/bin/tar: ../../../../../usr/local/lib/android/sdk/platforms/android-35-ext15/data/res/values-mcc310-mnc950-pl: Cannot utime: Operation not permitted
build	Cache Android SDK	2026-06-06T12:23:03.0821366Z /usr/bin/tar: ../../../../../usr/local/lib/android/sdk/platforms/android-35-ext15/data/res/values-mcc310-mnc950-pl: Cannot change mode to rwxr-xr-x: Operation not permitted
build	Cache Android SDK	2026-06-06T12:23:03.0823894Z /usr/bin/tar: ../../../../../usr/local/lib/android/sdk/platforms/android-35-ext15/data/res/values-mcc312-mnc670-mk: Cannot utime: Operation not permitted
build	Cache Android SDK	2026-06-06T12:23:03.0824378Z /usr/bin/tar: ../../../../../usr/local/lib/android/sdk/platforms/android-35-ext15/data/res/values-mcc312-mnc670-mk: Cannot change mode to rwxr-xr-x: Operation not permitted
build	Cache Android SDK	2026-06-06T12:23:03.0827159Z /usr/bin/tar: ../../../../../usr/local/lib/android/sdk/platforms/android-35-ext15/data/res/values-mcc313-mnc100-fi: Cannot utime: Operation not permitted
build	Cache Android SDK	2026-06-06T12:23:03.0827803Z /usr/bin/tar: ../../../../../usr/local/lib/android/sdk/platforms/android-35-ext15/data/res/values-mcc313-mnc100-fi: Cannot change mode to rwxr-xr-x: Operation not permitted
build	Cache Android SDK	2026-06-06T12:23:03.0830252Z /usr/bin/tar: ../../../../../usr/local/lib/android/sdk/platforms/android-35-ext15/data/res/values-mcc310-mnc200-is: Cannot utime: Operation not permitted
build	Cache Android SDK	2026-06-06T12:23:03.0830728Z /usr/bin/tar: ../../../../../usr/local/lib/android/sdk/platforms/android-35-ext15/data/res/values-mcc310-mnc200-is: Cannot change mode to rwxr-xr-x: Operation not permitted
build	Cache Android SDK	2026-06-06T12:23:03.0833242Z /usr/bin/tar: ../../../../../usr/local/lib/android/sdk/platforms/android-35-ext15/data/res/values-mcc312-mnc670-sw: Cannot utime: Operation not permitted
build	Cache Android SDK	2026-06-06T12:23:03.0833725Z /usr/bin/tar: ../../../../../usr/local/lib/android/sdk/platforms/android-35-ext15/data/res/values-mcc312-mnc670-sw: Cannot change mode to rwxr-xr-x: Operation not permitted
build	Cache Android SDK	2026-06-06T12:23:03.0835937Z /usr/bin/tar: ../../../../../usr/local/lib/android/sdk/platforms/android-35-ext15/data/res/values-mcc310-mnc220-ur: Cannot utime: Operation not permitted
build	Cache Android SDK	2026-06-06T12:23:03.0836424Z /usr/bin/tar: ../../../../../usr/local/lib/android/sdk/platforms/android-35-ext15/data/res/values-mcc310-mnc220-ur: Cannot change mode to rwxr-xr-x: Operation not permitted
build	Cache Android SDK	2026-06-06T12:23:03.0839502Z /usr/bin/tar: ../../../../../usr/local/lib/android/sdk/platforms/android-35-ext15/data/res/values-mcc302-mnc370-hy: Cannot utime: Operation not permitted
build	Cache Android SDK	2026-06-06T12:23:03.0839984Z /usr/bin/tar: ../../../../../usr/local/lib/android/sdk/platforms/android-35-ext15/data/res/values-mcc302-mnc370-hy: Cannot change mode to rwxr-xr-x: Operation not permitted
build	Cache Android SDK	2026-06-06T12:23:03.0842442Z /usr/bin/tar: ../../../../../usr/local/lib/android/sdk/platforms/android-35-ext15/data/res/values-mcc310-mnc250-mn: Cannot utime: Operation not permitted
build	Cache Android SDK	2026-06-06T12:23:03.0842914Z /usr/bin/tar: ../../../../../usr/local/lib/android/sdk/platforms/android-35-ext15/data/res/values-mcc310-mnc250-mn: Cannot change mode to rwxr-xr-x: Operation not permitted
build	Cache Android SDK	2026-06-06T12:23:03.0845466Z /usr/bin/tar: ../../../../../usr/local/lib/android/sdk/platforms/android-35-ext15/data/res/values-mcc310-mnc030-sk: Cannot utime: Operation not permitted
build	Cache Android SDK	2026-06-06T12:23:03.0845935Z /usr/bin/tar: ../../../../../usr/local/lib/android/sdk/platforms/android-35-ext15/data/res/values-mcc310-mnc030-sk: Cannot change mode to rwxr-xr-x: Operation not permitted
build	Cache Android SDK	2026-06-06T12:23:03.0848414Z /usr/bin/tar: ../../../../../usr/local/lib/android/sdk/platforms/android-35-ext15/data/res/values-mcc310-mnc660-cs: Cannot utime: Operation not permitted
build	Cache Android SDK	2026-06-06T12:23:03.0848897Z /usr/bin/tar: ../../../../../usr/local/lib/android/sdk/platforms/android-35-ext15/data/res/values-mcc310-mnc660-cs: Cannot change mode to rwxr-xr-x: Operation not permitted
build	Cache Android SDK	2026-06-06T12:23:03.0851944Z /usr/bin/tar: ../../../../../usr/local/lib/android/sdk/platforms/android-35-ext15/data/res/values-mcc313-mnc100-hy: Cannot utime: Operation not permitted
build	Cache Android SDK	2026-06-06T12:23:03.0852421Z /usr/bin/tar: ../../../../../usr/local/lib/android/sdk/platforms/android-35-ext15/data/res/values-mcc313-mnc100-hy: Cannot change mode to rwxr-xr-x: Operation not permitted
build	Cache Android SDK	2026-06-06T12:23:03.0854943Z /usr/bin/tar: ../../../../../usr/local/lib/android/sdk/platforms/android-35-ext15/data/res/values-mcc310-mnc220-pt-rPT: Cannot utime: Operation not permitted
build	Cache Android SDK	2026-06-06T12:23:03.0855445Z /usr/bin/tar: ../../../../../usr/local/lib/android/sdk/platforms/android-35-ext15/data/res/values-mcc310-mnc220-pt-rPT: Cannot change mode to rwxr-xr-x: Operation not permitted
build	Cache Android SDK	2026-06-06T12:23:03.0860252Z /usr/bin/tar: ../../../../../usr/local/lib/android/sdk/platforms/android-35-ext15/data/res/values-b+sr+Latn-watch: Cannot utime: Operation not permitted
build	Cache Android SDK	2026-06-06T12:23:03.0860828Z /usr/bin/tar: ../../../../../usr/local/lib/android/sdk/platforms/android-35-ext15/data/res/values-b+sr+Latn-watch: Cannot change mode to rwxr-xr-x: Operation not permitted
build	Cache Android SDK	2026-06-06T12:23:03.0863280Z /usr/bin/tar: ../../../../../usr/local/lib/android/sdk/platforms/android-35-ext15/data/res/values-mcc334-mnc020-km: Cannot utime: Operation not permitted
build	Cache Android SDK	2026-06-06T12:23:03.0863764Z /usr/bin/tar: ../../../../../usr/local/lib/android/sdk/platforms/android-35-ext15/data/res/values-mcc334-mnc020-km: Cannot change mode to rwxr-xr-x: Operation not permitted
build	Cache Android SDK	2026-06-06T12:23:03.0866291Z /usr/bin/tar: ../../../../../usr/local/lib/android/sdk/platforms/android-35-ext15/data/res/values-mcc311-mnc180-bn: Cannot utime: Operation not permitted
build	Cache Android SDK	2026-06-06T12:23:03.0866766Z /usr/bin/tar: ../../../../../usr/local/lib/android/sdk/platforms/android-35-ext15/data/res/values-mcc311-mnc180-bn: Cannot change mode to rwxr-xr-x: Operation not permitted
build	Cache Android SDK	2026-06-06T12:23:03.0869855Z /usr/bin/tar: ../../../../../usr/local/lib/android/sdk/platforms/android-35-ext15/data/res/values-mcc334-mnc020-en-rXC: Cannot utime: Operation not permitted
build	Cache Android SDK	2026-06-06T12:23:03.0870357Z /usr/bin/tar: ../../../../../usr/local/lib/android/sdk/platforms/android-35-ext15/data/res/values-mcc334-mnc020-en-rXC: Cannot change mode to rwxr-xr-x: Operation not permitted
build	Cache Android SDK	2026-06-06T12:23:03.0877177Z /usr/bin/tar: ../../../../../usr/local/lib/android/sdk/platforms/android-35-ext15/data/res/values-ro: Cannot utime: Operation not permitted
build	Cache Android SDK	2026-06-06T12:23:03.0878525Z /usr/bin/tar: ../../../../../usr/local/lib/android/sdk/platforms/android-35-ext15/data/res/values-ro: Cannot change mode to rwxr-xr-x: Operation not permitted
build	Cache Android SDK	2026-06-06T12:23:03.0880254Z /usr/bin/tar: ../../../../../usr/local/lib/android/sdk/platforms/android-35-ext15/data/res/values-mcc310-mnc310-cs: Cannot utime: Operation not permitted
build	Cache Android SDK	2026-06-06T12:23:03.0881108Z /usr/bin/tar: ../../../../../usr/local/lib/android/sdk/platforms/android-35-ext15/data/res/values-mcc310-mnc310-cs: Cannot change mode to rwxr-xr-x: Operation not permitted
build	Cache Android SDK	2026-06-06T12:23:03.0883226Z /usr/bin/tar: ../../../../../usr/local/lib/android/sdk/platforms/android-35-ext15/data/res/values-mcc310-mnc210-bs: Cannot utime: Operation not permitted
build	Cache Android SDK	2026-06-06T12:23:03.0883844Z /usr/bin/tar: ../../../../../usr/local/lib/android/sdk/platforms/android-35-ext15/data/res/values-mcc310-mnc210-bs: Cannot change mode to rwxr-xr-x: Operation not permitted
build	Cache Android SDK	2026-06-06T12:23:03.0886359Z /usr/bin/tar: ../../../../../usr/local/lib/android/sdk/platforms/android-35-ext15/data/res/values-mcc310-mnc220-hr: Cannot utime: Operation not permitted
build	Cache Android SDK	2026-06-06T12:23:03.0886823Z /usr/bin/tar: ../../../../../usr/local/lib/android/sdk/platforms/android-35-ext15/data/res/values-mcc310-mnc220-hr: Cannot change mode to rwxr-xr-x: Operation not permitted
build	Cache Android SDK	2026-06-06T12:23:03.0889851Z /usr/bin/tar: ../../../../../usr/local/lib/android/sdk/platforms/android-35-ext15/data/res/values-mcc310-mnc560-hu: Cannot utime: Operation not permitted
build	Cache Android SDK	2026-06-06T12:23:03.0890318Z /usr/bin/tar: ../../../../../usr/local/lib/android/sdk/platforms/android-35-ext15/data/res/values-mcc310-mnc560-hu: Cannot change mode to rwxr-xr-x: Operation not permitted
build	Cache Android SDK	2026-06-06T12:23:03.0893268Z /usr/bin/tar: ../../../../../usr/local/lib/android/sdk/platforms/android-35-ext15/data/res/values-mcc313: Cannot utime: Operation not permitted
build	Cache Android SDK	2026-06-06T12:23:03.0893788Z /usr/bin/tar: ../../../../../usr/local/lib/android/sdk/platforms/android-35-ext15/data/res/values-mcc313: Cannot change mode to rwxr-xr-x: Operation not permitted
build	Cache Android SDK	2026-06-06T12:23:03.0897045Z /usr/bin/tar: ../../../../../usr/local/lib/android/sdk/platforms/android-35-ext15/data/res/values-mcc302-mnc720-uz: Cannot utime: Operation not permitted
build	Cache Android SDK	2026-06-06T12:23:03.0897619Z /usr/bin/tar: ../../../../../usr/local/lib/android/sdk/platforms/android-35-ext15/data/res/values-mcc302-mnc720-uz: Cannot change mode to rwxr-xr-x: Operation not permitted
build	Cache Android SDK	2026-06-06T12:23:03.0900033Z /usr/bin/tar: ../../../../../usr/local/lib/android/sdk/platforms/android-35-ext15/data/res/values-mcc334-mnc020-hi: Cannot utime: Operation not permitted
build	Cache Android SDK	2026-06-06T12:23:03.0900507Z /usr/bin/tar: ../../../../../usr/local/lib/android/sdk/platforms/android-35-ext15/data/res/values-mcc334-mnc020-hi: Cannot change mode to rwxr-xr-x: Operation not permitted
build	Cache Android SDK	2026-06-06T12:23:03.0903048Z /usr/bin/tar: ../../../../../usr/local/lib/android/sdk/platforms/android-35-ext15/data/res/values-mcc310-mnc410-ja: Cannot utime: Operation not permitted
build	Cache Android SDK	2026-06-06T12:23:03.0903520Z /usr/bin/tar: ../../../../../usr/local/lib/android/sdk/platforms/android-35-ext15/data/res/values-mcc310-mnc410-ja: Cannot change mode to rwxr-xr-x: Operation not permitted
build	Cache Android SDK	2026-06-06T12:23:03.0906146Z /usr/bin/tar: ../../../../../usr/local/lib/android/sdk/platforms/android-35-ext15/data/res/values-mcc310-mnc490-gl: Cannot utime: Operation not permitted
build	Cache Android SDK	2026-06-06T12:23:03.0906690Z /usr/bin/tar: ../../../../../usr/local/lib/android/sdk/platforms/android-35-ext15/data/res/values-mcc310-mnc490-gl: Cannot change mode to rwxr-xr-x: Operation not permitted
build	Cache Android SDK	2026-06-06T12:23:03.0909308Z /usr/bin/tar: ../../../../../usr/local/lib/android/sdk/platforms/android-35-ext15/data/res/values-mcc310-mnc310-de: Cannot utime: Operation not permitted
build	Cache Android SDK	2026-06-06T12:23:03.0909780Z /usr/bin/tar: ../../../../../usr/local/lib/android/sdk/platforms/android-35-ext15/data/res/values-mcc310-mnc310-de: Cannot change mode to rwxr-xr-x: Operation not permitted
build	Cache Android SDK	2026-06-06T12:23:03.0914100Z /usr/bin/tar: ../../../../../usr/local/lib/android/sdk/platforms/android-35-ext15/data/res/values-cs-television: Cannot utime: Operation not permitted
build	Cache Android SDK	2026-06-06T12:23:03.0914577Z /usr/bin/tar: ../../../../../usr/local/lib/android/sdk/platforms/android-35-ext15/data/res/values-cs-television: Cannot change mode to rwxr-xr-x: Operation not permitted
build	Cache Android SDK	2026-06-06T12:23:03.0917786Z /usr/bin/tar: ../../../../../usr/local/lib/android/sdk/platforms/android-35-ext15/data/res/values-w192dp-round-watch: Cannot utime: Operation not permitted
build	Cache Android SDK	2026-06-06T12:23:03.0918287Z /usr/bin/tar: ../../../../../usr/local/lib/android/sdk/platforms/android-35-ext15/data/res/values-w192dp-round-watch: Cannot change mode to rwxr-xr-x: Operation not permitted
build	Cache Android SDK	2026-06-06T12:23:03.0920757Z /usr/bin/tar: ../../../../../usr/local/lib/android/sdk/platforms/android-35-ext15/data/res/values-mcc334-mnc03: Cannot utime: Operation not permitted
build	Cache Android SDK	2026-06-06T12:23:03.0921307Z /usr/bin/tar: ../../../../../usr/local/lib/android/sdk/platforms/android-35-ext15/data/res/values-mcc334-mnc03: Cannot change mode to rwxr-xr-x: Operation not permitted
build	Cache Android SDK	2026-06-06T12:23:03.0923927Z /usr/bin/tar: ../../../../../usr/local/lib/android/sdk/platforms/android-35-ext15/data/res/values-mcc312-mnc670-ne: Cannot utime: Operation not permitted
build	Cache Android SDK	2026-06-06T12:23:03.0924394Z /usr/bin/tar: ../../../../../usr/local/lib/android/sdk/platforms/android-35-ext15/data/res/values-mcc312-mnc670-ne: Cannot change mode to rwxr-xr-x: Operation not permitted
build	Cache Android SDK	2026-06-06T12:23:03.0927923Z /usr/bin/tar: ../../../../../usr/local/lib/android/sdk/platforms/android-35-ext15/data/res/values-mcc310-mnc230-en-rIN: Cannot utime: Operation not permitted
build	Cache Android SDK	2026-06-06T12:23:03.0928415Z /usr/bin/tar: ../../../../../usr/local/lib/android/sdk/platforms/android-35-ext15/data/res/values-mcc310-mnc230-en-rIN: Cannot change mode to rwxr-xr-x: Operation not permitted
build	Cache Android SDK	2026-06-06T12:23:03.0930634Z /usr/bin/tar: ../../../../../usr/local/lib/android/sdk/platforms/android-35-ext15/data/res/values-mcc310-mnc150-ne: Cannot utime: Operation not permitted
build	Cache Android SDK	2026-06-06T12:23:03.0931196Z /usr/bin/tar: ../../../../../usr/local/lib/android/sdk/platforms/android-35-ext15/data/res/values-mcc310-mnc150-ne: Cannot change mode to rwxr-xr-x: Operation not permitted
build	Cache Android SDK	2026-06-06T12:23:03.0933935Z /usr/bin/tar: ../../../../../usr/local/lib/android/sdk/platforms/android-35-ext15/data/res/values-mcc310-mnc200-ca: Cannot utime: Operation not permitted
build	Cache Android SDK	2026-06-06T12:23:03.0934410Z /usr/bin/tar: ../../../../../usr/local/lib/android/sdk/platforms/android-35-ext15/data/res/values-mcc310-mnc200-ca: Cannot change mode to rwxr-xr-x: Operation not permitted
build	Cache Android SDK	2026-06-06T12:23:03.0937003Z /usr/bin/tar: ../../../../../usr/local/lib/android/sdk/platforms/android-35-ext15/data/res/values-mcc310-mnc030-km: Cannot utime: Operation not permitted
build	Cache Android SDK	2026-06-06T12:23:03.0937559Z /usr/bin/tar: ../../../../../usr/local/lib/android/sdk/platforms/android-35-ext15/data/res/values-mcc310-mnc030-km: Cannot change mode to rwxr-xr-x: Operation not permitted
build	Cache Android SDK	2026-06-06T12:23:03.0940126Z /usr/bin/tar: ../../../../../usr/local/lib/android/sdk/platforms/android-35-ext15/data/res/values-mcc313-mnc100-pa: Cannot utime: Operation not permitted
build	Cache Android SDK	2026-06-06T12:23:03.0940592Z /usr/bin/tar: ../../../../../usr/local/lib/android/sdk/platforms/android-35-ext15/data/res/values-mcc313-mnc100-pa: Cannot change mode to rwxr-xr-x: Operation not permitted
build	Cache Android SDK	2026-06-06T12:23:03.0943615Z /usr/bin/tar: ../../../../../usr/local/lib/android/sdk/platforms/android-35-ext15/data/res/values-mcc310-mnc150-ru: Cannot utime: Operation not permitted
build	Cache Android SDK	2026-06-06T12:23:03.0944089Z /usr/bin/tar: ../../../../../usr/local/lib/android/sdk/platforms/android-35-ext15/data/res/values-mcc310-mnc150-ru: Cannot change mode to rwxr-xr-x: Operation not permitted
build	Cache Android SDK	2026-06-06T12:23:03.0947854Z /usr/bin/tar: ../../../../../usr/local/lib/android/sdk/platforms/android-35-ext15/data/res/values-mcc310-mnc560-eu: Cannot utime: Operation not permitted
build	Cache Android SDK	2026-06-06T12:23:03.0948323Z /usr/bin/tar: ../../../../../usr/local/lib/android/sdk/platforms/android-35-ext15/data/res/values-mcc310-mnc560-eu: Cannot change mode to rwxr-xr-x: Operation not permitted
build	Cache Android SDK	2026-06-06T12:23:03.0952150Z /usr/bin/tar: ../../../../../usr/local/lib/android/sdk/platforms/android-35-ext15/data/res/values-mcc310-mnc170-zh-rTW: Cannot utime: Operation not permitted
build	Cache Android SDK	2026-06-06T12:23:03.0952633Z /usr/bin/tar: ../../../../../usr/local/lib/android/sdk/platforms/android-35-ext15/data/res/values-mcc310-mnc170-zh-rTW: Cannot change mode to rwxr-xr-x: Operation not permitted
build	Cache Android SDK	2026-06-06T12:23:03.0955848Z /usr/bin/tar: ../../../../../usr/local/lib/android/sdk/platforms/android-35-ext15/data/res/values-lo-television: Cannot utime: Operation not permitted
build	Cache Android SDK	2026-06-06T12:23:03.0956310Z /usr/bin/tar: ../../../../../usr/local/lib/android/sdk/platforms/android-35-ext15/data/res/values-lo-television: Cannot change mode to rwxr-xr-x: Operation not permitted
build	Cache Android SDK	2026-06-06T12:23:03.0959166Z /usr/bin/tar: ../../../../../usr/local/lib/android/sdk/platforms/android-35-ext15/data/res/values-mcc311-mnc180-mr: Cannot utime: Operation not permitted
build	Cache Android SDK	2026-06-06T12:23:03.0959764Z /usr/bin/tar: ../../../../../usr/local/lib/android/sdk/platforms/android-35-ext15/data/res/values-mcc311-mnc180-mr: Cannot change mode to rwxr-xr-x: Operation not permitted
build	Cache Android SDK	2026-06-06T12:23:03.0962787Z /usr/bin/tar: ../../../../../usr/local/lib/android/sdk/platforms/android-35-ext15/data/res/values-mcc001-mnc01-ne: Cannot utime: Operation not permitted
build	Cache Android SDK	2026-06-06T12:23:03.0963500Z /usr/bin/tar: ../../../../../usr/local/lib/android/sdk/platforms/android-35-ext15/data/res/values-mcc001-mnc01-ne: Cannot change mode to rwxr-xr-x: Operation not permitted
build	Cache Android SDK	2026-06-06T12:23:03.0965416Z /usr/bin/tar: ../../../../../usr/local/lib/android/sdk/platforms/android-35-ext15/data/res/values-iw-watch: Cannot utime: Operation not permitted
build	Cache Android SDK	2026-06-06T12:23:03.0965896Z /usr/bin/tar: ../../../../../usr/local/lib/android/sdk/platforms/android-35-ext15/data/res/values-iw-watch: Cannot change mode to rwxr-xr-x: Operation not permitted
build	Cache Android SDK	2026-06-06T12:23:03.0969630Z /usr/bin/tar: ../../../../../usr/local/lib/android/sdk/platforms/android-35-ext15/data/res/values-mcc310-mnc560-it: Cannot utime: Operation not permitted
build	Cache Android SDK	2026-06-06T12:23:03.0970124Z /usr/bin/tar: ../../../../../usr/local/lib/android/sdk/platforms/android-35-ext15/data/res/values-mcc310-mnc560-it: Cannot change mode to rwxr-xr-x: Operation not permitted
build	Cache Android SDK	2026-06-06T12:23:03.0972578Z /usr/bin/tar: ../../../../../usr/local/lib/android/sdk/platforms/android-35-ext15/data/res/values-mcc313-mnc100-it: Cannot utime: Operation not permitted
build	Cache Android SDK	2026-06-06T12:23:03.0987289Z /usr/bin/tar: ../../../../../usr/local/lib/android/sdk/platforms/android-35-ext15/data/res/values-mcc313-mnc100-it: Cannot change mode to rwxr-xr-x: Operation not permitted
build	Cache Android SDK	2026-06-06T12:23:03.0988589Z /usr/bin/tar: ../../../../../usr/local/lib/android/sdk/platforms/android-35-ext15/data/res/values-mcc310-mnc270-pl: Cannot utime: Operation not permitted
build	Cache Android SDK	2026-06-06T12:23:03.0989583Z /usr/bin/tar: ../../../../../usr/local/lib/android/sdk/platforms/android-35-ext15/data/res/values-mcc310-mnc270-pl: Cannot change mode to rwxr-xr-x: Operation not permitted
build	Cache Android SDK	2026-06-06T12:23:03.0990321Z /usr/bin/tar: ../../../../../usr/local/lib/android/sdk/platforms/android-35-ext15/data/res/values-ca-watch: Cannot utime: Operation not permitted
build	Cache Android SDK	2026-06-06T12:23:03.0991167Z /usr/bin/tar: ../../../../../usr/local/lib/android/sdk/platforms/android-35-ext15/data/res/values-ca-watch: Cannot change mode to rwxr-xr-x: Operation not permitted
build	Cache Android SDK	2026-06-06T12:23:03.0992038Z /usr/bin/tar: ../../../../../usr/local/lib/android/sdk/platforms/android-35-ext15/data/res/values-mcc310-mnc380-ja: Cannot utime: Operation not permitted
build	Cache Android SDK	2026-06-06T12:23:03.0992924Z /usr/bin/tar: ../../../../../usr/local/lib/android/sdk/platforms/android-35-ext15/data/res/values-mcc310-mnc380-ja: Cannot change mode to rwxr-xr-x: Operation not permitted
build	Cache Android SDK	2026-06-06T12:23:03.1036097Z /usr/bin/tar: ../../../../../usr/local/lib/android/sdk/platforms/android-35-ext15/data/res/values: Cannot utime: Operation not permitted
build	Cache Android SDK	2026-06-06T12:23:03.1036624Z /usr/bin/tar: ../../../../../usr/local/lib/android/sdk/platforms/android-35-ext15/data/res/values: Cannot change mode to rwxr-xr-x: Operation not permitted
build	Cache Android SDK	2026-06-06T12:23:03.1039651Z /usr/bin/tar: ../../../../../usr/local/lib/android/sdk/platforms/android-35-ext15/data/res/raw-zh-rCN: Cannot utime: Operation not permitted
build	Cache Android SDK	2026-06-06T12:23:03.1040101Z /usr/bin/tar: ../../../../../usr/local/lib/android/sdk/platforms/android-35-ext15/data/res/raw-zh-rCN: Cannot change mode to rwxr-xr-x: Operation not permitted
build	Cache Android SDK	2026-06-06T12:23:03.1043135Z /usr/bin/tar: ../../../../../usr/local/lib/android/sdk/platforms/android-35-ext15/data/res/values-mcc310-mnc280-ro: Cannot utime: Operation not permitted
build	Cache Android SDK	2026-06-06T12:23:03.1043630Z /usr/bin/tar: ../../../../../usr/local/lib/android/sdk/platforms/android-35-ext15/data/res/values-mcc310-mnc280-ro: Cannot change mode to rwxr-xr-x: Operation not permitted
build	Cache Android SDK	2026-06-06T12:23:03.1046858Z /usr/bin/tar: ../../../../../usr/local/lib/android/sdk/platforms/android-35-ext15/data/res/values-mcc310-mnc250-en-rGB: Cannot utime: Operation not permitted
build	Cache Android SDK	2026-06-06T12:23:03.1047526Z /usr/bin/tar: ../../../../../usr/local/lib/android/sdk/platforms/android-35-ext15/data/res/values-mcc310-mnc250-en-rGB: Cannot change mode to rwxr-xr-x: Operation not permitted
build	Cache Android SDK	2026-06-06T12:23:03.1049925Z /usr/bin/tar: ../../../../../usr/local/lib/android/sdk/platforms/android-35-ext15/data/res/values-es-rCO: Cannot utime: Operation not permitted
build	Cache Android SDK	2026-06-06T12:23:03.1050397Z /usr/bin/tar: ../../../../../usr/local/lib/android/sdk/platforms/android-35-ext15/data/res/values-es-rCO: Cannot change mode to rwxr-xr-x: Operation not permitted
build	Cache Android SDK	2026-06-06T12:23:03.1053174Z /usr/bin/tar: ../../../../../usr/local/lib/android/sdk/platforms/android-35-ext15/data/res/values-mcc310-mnc170-uz: Cannot utime: Operation not permitted
build	Cache Android SDK	2026-06-06T12:23:03.1053657Z /usr/bin/tar: ../../../../../usr/local/lib/android/sdk/platforms/android-35-ext15/data/res/values-mcc310-mnc170-uz: Cannot change mode to rwxr-xr-x: Operation not permitted
build	Cache Android SDK	2026-06-06T12:23:03.1056412Z /usr/bin/tar: ../../../../../usr/local/lib/android/sdk/platforms/android-35-ext15/data/res/values-mcc310-mnc950-is: Cannot utime: Operation not permitted
build	Cache Android SDK	2026-06-06T12:23:03.1056940Z /usr/bin/tar: ../../../../../usr/local/lib/android/sdk/platforms/android-35-ext15/data/res/values-mcc310-mnc950-is: Cannot change mode to rwxr-xr-x: Operation not permitted
build	Cache Android SDK	2026-06-06T12:23:03.1059843Z /usr/bin/tar: ../../../../../usr/local/lib/android/sdk/platforms/android-35-ext15/data/res/values-pt-watch: Cannot utime: Operation not permitted
build	Cache Android SDK	2026-06-06T12:23:03.1060422Z /usr/bin/tar: ../../../../../usr/local/lib/android/sdk/platforms/android-35-ext15/data/res/values-pt-watch: Cannot change mode to rwxr-xr-x: Operation not permitted
build	Cache Android SDK	2026-06-06T12:23:03.1062519Z /usr/bin/tar: ../../../../../usr/local/lib/android/sdk/platforms/android-35-ext15/data/res/values-mcc313-mnc100-pl: Cannot utime: Operation not permitted
build	Cache Android SDK	2026-06-06T12:23:03.1063013Z /usr/bin/tar: ../../../../../usr/local/lib/android/sdk/platforms/android-35-ext15/data/res/values-mcc313-mnc100-pl: Cannot change mode to rwxr-xr-x: Operation not permitted
build	Cache Android SDK	2026-06-06T12:23:03.1065608Z /usr/bin/tar: ../../../../../usr/local/lib/android/sdk/platforms/android-35-ext15/data/res/values-mcc001-mnc01-vi: Cannot utime: Operation not permitted
build	Cache Android SDK	2026-06-06T12:23:03.1066088Z /usr/bin/tar: ../../../../../usr/local/lib/android/sdk/platforms/android-35-ext15/data/res/values-mcc001-mnc01-vi: Cannot change mode to rwxr-xr-x: Operation not permitted
build	Cache Android SDK	2026-06-06T12:23:03.1068453Z /usr/bin/tar: ../../../../../usr/local/lib/android/sdk/platforms/android-35-ext15/data/res/values-mcc313-mnc100-lv: Cannot utime: Operation not permitted
build	Cache Android SDK	2026-06-06T12:23:03.1068918Z /usr/bin/tar: ../../../../../usr/local/lib/android/sdk/platforms/android-35-ext15/data/res/values-mcc313-mnc100-lv: Cannot change mode to rwxr-xr-x: Operation not permitted
build	Cache Android SDK	2026-06-06T12:23:03.1071465Z /usr/bin/tar: ../../../../../usr/local/lib/android/sdk/platforms/android-35-ext15/data/res/values-mcc302-mnc720-gu: Cannot utime: Operation not permitted
build	Cache Android SDK	2026-06-06T12:23:03.1071958Z /usr/bin/tar: ../../../../../usr/local/lib/android/sdk/platforms/android-35-ext15/data/res/values-mcc302-mnc720-gu: Cannot change mode to rwxr-xr-x: Operation not permitted
build	Cache Android SDK	2026-06-06T12:23:03.1074697Z /usr/bin/tar: ../../../../../usr/local/lib/android/sdk/platforms/android-35-ext15/data/res/values-mcc302-mnc370-zh-rCN: Cannot utime: Operation not permitted
build	Cache Android SDK	2026-06-06T12:23:03.1075218Z /usr/bin/tar: ../../../../../usr/local/lib/android/sdk/platforms/android-35-ext15/data/res/values-mcc302-mnc370-zh-rCN: Cannot change mode to rwxr-xr-x: Operation not permitted
build	Cache Android SDK	2026-06-06T12:23:03.1077667Z /usr/bin/tar: ../../../../../usr/local/lib/android/sdk/platforms/android-35-ext15/data/res/values-th-watch: Cannot utime: Operation not permitted
build	Cache Android SDK	2026-06-06T12:23:03.1078215Z /usr/bin/tar: ../../../../../usr/local/lib/android/sdk/platforms/android-35-ext15/data/res/values-th-watch: Cannot change mode to rwxr-xr-x: Operation not permitted
build	Cache Android SDK	2026-06-06T12:23:03.1080334Z /usr/bin/tar: ../../../../../usr/local/lib/android/sdk/platforms/android-35-ext15/data/res/values-mcc310-mnc250-ta: Cannot utime: Operation not permitted
build	Cache Android SDK	2026-06-06T12:23:03.1080812Z /usr/bin/tar: ../../../../../usr/local/lib/android/sdk/platforms/android-35-ext15/data/res/values-mcc310-mnc250-ta: Cannot change mode to rwxr-xr-x: Operation not permitted
build	Cache Android SDK	2026-06-06T12:23:03.1083203Z /usr/bin/tar: ../../../../../usr/local/lib/android/sdk/platforms/android-35-ext15/data/res/values-mcc310-mnc560-mk: Cannot utime: Operation not permitted
build	Cache Android SDK	2026-06-06T12:23:03.1083684Z /usr/bin/tar: ../../../../../usr/local/lib/android/sdk/platforms/android-35-ext15/data/res/values-mcc310-mnc560-mk: Cannot change mode to rwxr-xr-x: Operation not permitted
build	Cache Android SDK	2026-06-06T12:23:03.1087064Z /usr/bin/tar: ../../../../../usr/local/lib/android/sdk/platforms/android-35-ext15/data/res/values-mcc466-mnc02: Cannot utime: Operation not permitted
build	Cache Android SDK	2026-06-06T12:23:03.1088633Z /usr/bin/tar: ../../../../../usr/local/lib/android/sdk/platforms/android-35-ext15/data/res/values-mcc466-mnc02: Cannot change mode to rwxr-xr-x: Operation not permitted
build	Cache Android SDK	2026-06-06T12:23:03.1090405Z /usr/bin/tar: ../../../../../usr/local/lib/android/sdk/platforms/android-35-ext15/data/res/values-mcc310-mnc030: Cannot utime: Operation not permitted
build	Cache Android SDK	2026-06-06T12:23:03.1090931Z /usr/bin/tar: ../../../../../usr/local/lib/android/sdk/platforms/android-35-ext15/data/res/values-mcc310-mnc030: Cannot change mode to rwxr-xr-x: Operation not permitted
build	Cache Android SDK	2026-06-06T12:23:03.1093249Z /usr/bin/tar: ../../../../../usr/local/lib/android/sdk/platforms/android-35-ext15/data/res/values-mcc310-mnc150-sq: Cannot utime: Operation not permitted
build	Cache Android SDK	2026-06-06T12:23:03.1093752Z /usr/bin/tar: ../../../../../usr/local/lib/android/sdk/platforms/android-35-ext15/data/res/values-mcc310-mnc150-sq: Cannot change mode to rwxr-xr-x: Operation not permitted
build	Cache Android SDK	2026-06-06T12:23:03.1096120Z /usr/bin/tar: ../../../../../usr/local/lib/android/sdk/platforms/android-35-ext15/data/res/values-mcc310-mnc220-uz: Cannot utime: Operation not permitted
build	Cache Android SDK	2026-06-06T12:23:03.1096610Z /usr/bin/tar: ../../../../../usr/local/lib/android/sdk/platforms/android-35-ext15/data/res/values-mcc310-mnc220-uz: Cannot change mode to rwxr-xr-x: Operation not permitted
build	Cache Android SDK	2026-06-06T12:23:03.1099450Z /usr/bin/tar: ../../../../../usr/local/lib/android/sdk/platforms/android-35-ext15/data/res/values-mcc310-mnc380-es-rUS: Cannot utime: Operation not permitted
build	Cache Android SDK	2026-06-06T12:23:03.1100593Z /usr/bin/tar: ../../../../../usr/local/lib/android/sdk/platforms/android-35-ext15/data/res/values-mcc310-mnc380-es-rUS: Cannot change mode to rwxr-xr-x: Operation not permitted
build	Cache Android SDK	2026-06-06T12:23:03.1102311Z /usr/bin/tar: ../../../../../usr/local/lib/android/sdk/platforms/android-35-ext15/data/res/values-hu-watch: Cannot utime: Operation not permitted
build	Cache Android SDK	2026-06-06T12:23:03.1102789Z /usr/bin/tar: ../../../../../usr/local/lib/android/sdk/platforms/android-35-ext15/data/res/values-hu-watch: Cannot change mode to rwxr-xr-x: Operation not permitted
build	Cache Android SDK	2026-06-06T12:23:03.1105521Z /usr/bin/tar: ../../../../../usr/local/lib/android/sdk/platforms/android-35-ext15/data/res/values-mcc311-mnc180-et: Cannot utime: Operation not permitted
build	Cache Android SDK	2026-06-06T12:23:03.1106001Z /usr/bin/tar: ../../../../../usr/local/lib/android/sdk/platforms/android-35-ext15/data/res/values-mcc311-mnc180-et: Cannot change mode to rwxr-xr-x: Operation not permitted
build	Cache Android SDK	2026-06-06T12:23:03.1109100Z /usr/bin/tar: ../../../../../usr/local/lib/android/sdk/platforms/android-35-ext15/data/res/values-mcc310-mnc800-my: Cannot utime: Operation not permitted
build	Cache Android SDK	2026-06-06T12:23:03.1109588Z /usr/bin/tar: ../../../../../usr/local/lib/android/sdk/platforms/android-35-ext15/data/res/values-mcc310-mnc800-my: Cannot change mode to rwxr-xr-x: Operation not permitted
build	Cache Android SDK	2026-06-06T12:23:03.1112337Z /usr/bin/tar: ../../../../../usr/local/lib/android/sdk/platforms/android-35-ext15/data/res/values-mcc310-mnc150-pl: Cannot utime: Operation not permitted
build	Cache Android SDK	2026-06-06T12:23:03.1112935Z /usr/bin/tar: ../../../../../usr/local/lib/android/sdk/platforms/android-35-ext15/data/res/values-mcc310-mnc150-pl: Cannot change mode to rwxr-xr-x: Operation not permitted
build	Cache Android SDK	2026-06-06T12:23:03.1115662Z /usr/bin/tar: ../../../../../usr/local/lib/android/sdk/platforms/android-35-ext15/data/res/values-mcc302-mnc370-ja: Cannot utime: Operation not permitted
build	Cache Android SDK	2026-06-06T12:23:03.1116138Z /usr/bin/tar: ../../../../../usr/local/lib/android/sdk/platforms/android-35-ext15/data/res/values-mcc302-mnc370-ja: Cannot change mode to rwxr-xr-x: Operation not permitted
build	Cache Android SDK	2026-06-06T12:23:03.1119323Z /usr/bin/tar: ../../../../../usr/local/lib/android/sdk/platforms/android-35-ext15/data/res/values-mcc302-mnc370-my: Cannot utime: Operation not permitted
build	Cache Android SDK	2026-06-06T12:23:03.1119798Z /usr/bin/tar: ../../../../../usr/local/lib/android/sdk/platforms/android-35-ext15/data/res/values-mcc302-mnc370-my: Cannot change mode to rwxr-xr-x: Operation not permitted
build	Cache Android SDK	2026-06-06T12:23:03.1127296Z /usr/bin/tar: ../../../../../usr/local/lib/android/sdk/platforms/android-35-ext15/data/res/drawable-sw600dp-xhdpi: Cannot utime: Operation not permitted
build	Cache Android SDK	2026-06-06T12:23:03.1128261Z /usr/bin/tar: ../../../../../usr/local/lib/android/sdk/platforms/android-35-ext15/data/res/drawable-sw600dp-xhdpi: Cannot change mode to rwxr-xr-x: Operation not permitted
build	Cache Android SDK	2026-06-06T12:23:03.1130408Z /usr/bin/tar: ../../../../../usr/local/lib/android/sdk/platforms/android-35-ext15/data/res/values-mcc510-mnc89: Cannot utime: Operation not permitted
build	Cache Android SDK	2026-06-06T12:23:03.1130928Z /usr/bin/tar: ../../../../../usr/local/lib/android/sdk/platforms/android-35-ext15/data/res/values-mcc510-mnc89: Cannot change mode to rwxr-xr-x: Operation not permitted
build	Cache Android SDK	2026-06-06T12:23:03.1133467Z /usr/bin/tar: ../../../../../usr/local/lib/android/sdk/platforms/android-35-ext15/data/res/values-mcc313-mnc100-gl: Cannot utime: Operation not permitted
build	Cache Android SDK	2026-06-06T12:23:03.1133947Z /usr/bin/tar: ../../../../../usr/local/lib/android/sdk/platforms/android-35-ext15/data/res/values-mcc313-mnc100-gl: Cannot change mode to rwxr-xr-x: Operation not permitted
build	Cache Android SDK	2026-06-06T12:23:03.1136562Z /usr/bin/tar: ../../../../../usr/local/lib/android/sdk/platforms/android-35-ext15/data/res/values-mcc310-mnc490-da: Cannot utime: Operation not permitted
build	Cache Android SDK	2026-06-06T12:23:03.1137683Z /usr/bin/tar: ../../../../../usr/local/lib/android/sdk/platforms/android-35-ext15/data/res/values-mcc310-mnc490-da: Cannot change mode to rwxr-xr-x: Operation not permitted
build	Cache Android SDK	2026-06-06T12:23:03.1139827Z /usr/bin/tar: ../../../../../usr/local/lib/android/sdk/platforms/android-35-ext15/data/res/values-mcc310-mnc240-uz: Cannot utime: Operation not permitted
build	Cache Android SDK	2026-06-06T12:23:03.1140319Z /usr/bin/tar: ../../../../../usr/local/lib/android/sdk/platforms/android-35-ext15/data/res/values-mcc310-mnc240-uz: Cannot change mode to rwxr-xr-x: Operation not permitted
build	Cache Android SDK	2026-06-06T12:23:03.1142738Z /usr/bin/tar: ../../../../../usr/local/lib/android/sdk/platforms/android-35-ext15/data/res/values-mcc310-mnc170-ky: Cannot utime: Operation not permitted
build	Cache Android SDK	2026-06-06T12:23:03.1143230Z /usr/bin/tar: ../../../../../usr/local/lib/android/sdk/platforms/android-35-ext15/data/res/values-mcc310-mnc170-ky: Cannot change mode to rwxr-xr-x: Operation not permitted
build	Cache Android SDK	2026-06-06T12:23:03.1145868Z /usr/bin/tar: ../../../../../usr/local/lib/android/sdk/platforms/android-35-ext15/data/res/values-mcc310-mnc950-az: Cannot utime: Operation not permitted
build	Cache Android SDK	2026-06-06T12:23:03.1146348Z /usr/bin/tar: ../../../../../usr/local/lib/android/sdk/platforms/android-35-ext15/data/res/values-mcc310-mnc950-az: Cannot change mode to rwxr-xr-x: Operation not permitted
build	Cache Android SDK	2026-06-06T12:23:03.1148838Z /usr/bin/tar: ../../../../../usr/local/lib/android/sdk/platforms/android-35-ext15/data/res/values-mcc310-mnc220-zh-rTW: Cannot utime: Operation not permitted
build	Cache Android SDK	2026-06-06T12:23:03.1149341Z /usr/bin/tar: ../../../../../usr/local/lib/android/sdk/platforms/android-35-ext15/data/res/values-mcc310-mnc220-zh-rTW: Cannot change mode to rwxr-xr-x: Operation not permitted
build	Cache Android SDK	2026-06-06T12:23:03.1151955Z /usr/bin/tar: ../../../../../usr/local/lib/android/sdk/platforms/android-35-ext15/data/res/values-mcc310-mnc150-ky: Cannot utime: Operation not permitted
build	Cache Android SDK	2026-06-06T12:23:03.1152436Z /usr/bin/tar: ../../../../../usr/local/lib/android/sdk/platforms/android-35-ext15/data/res/values-mcc310-mnc150-ky: Cannot change mode to rwxr-xr-x: Operation not permitted
build	Cache Android SDK	2026-06-06T12:23:03.1154911Z /usr/bin/tar: ../../../../../usr/local/lib/android/sdk/platforms/android-35-ext15/data/res/values-mcc310-mnc950-hi: Cannot utime: Operation not permitted
build	Cache Android SDK	2026-06-06T12:23:03.1155387Z /usr/bin/tar: ../../../../../usr/local/lib/android/sdk/platforms/android-35-ext15/data/res/values-mcc310-mnc950-hi: Cannot change mode to rwxr-xr-x: Operation not permitted
build	Cache Android SDK	2026-06-06T12:23:03.1159169Z /usr/bin/tar: ../../../../../usr/local/lib/android/sdk/platforms/android-35-ext15/data/res/values-mcc310-mnc250-th: Cannot utime: Operation not permitted
build	Cache Android SDK	2026-06-06T12:23:03.1159746Z /usr/bin/tar: ../../../../../usr/local/lib/android/sdk/platforms/android-35-ext15/data/res/values-mcc310-mnc250-th: Cannot change mode to rwxr-xr-x: Operation not permitted
build	Cache Android SDK	2026-06-06T12:23:03.1163322Z /usr/bin/tar: ../../../../../usr/local/lib/android/sdk/platforms/android-35-ext15/data/res/values-round-watch: Cannot utime: Operation not permitted
build	Cache Android SDK	2026-06-06T12:23:03.1163855Z /usr/bin/tar: ../../../../../usr/local/lib/android/sdk/platforms/android-35-ext15/data/res/values-round-watch: Cannot change mode to rwxr-xr-x: Operation not permitted
build	Cache Android SDK	2026-06-06T12:23:03.1166334Z /usr/bin/tar: ../../../../../usr/local/lib/android/sdk/platforms/android-35-ext15/data/res/values-mcc310-mnc160-te: Cannot utime: Operation not permitted
build	Cache Android SDK	2026-06-06T12:23:03.1166937Z /usr/bin/tar: ../../../../../usr/local/lib/android/sdk/platforms/android-35-ext15/data/res/values-mcc310-mnc160-te: Cannot change mode to rwxr-xr-x: Operation not permitted
build	Cache Android SDK	2026-06-06T12:23:03.1175485Z /usr/bin/tar: ../../../../../usr/local/lib/android/sdk/platforms/android-35-ext15/data/res/color-watch: Cannot utime: Operation not permitted
build	Cache Android SDK	2026-06-06T12:23:03.1176080Z /usr/bin/tar: ../../../../../usr/local/lib/android/sdk/platforms/android-35-ext15/data/res/color-watch: Cannot change mode to rwxr-xr-x: Operation not permitted
build	Cache Android SDK	2026-06-06T12:23:03.1178557Z /usr/bin/tar: ../../../../../usr/local/lib/android/sdk/platforms/android-35-ext15/data/res/values-mcc310-mnc950-mr: Cannot utime: Operation not permitted
build	Cache Android SDK	2026-06-06T12:23:03.1179076Z /usr/bin/tar: ../../../../../usr/local/lib/android/sdk/platforms/android-35-ext15/data/res/values-mcc310-mnc950-mr: Cannot change mode to rwxr-xr-x: Operation not permitted
build	Cache Android SDK	2026-06-06T12:23:03.1181841Z /usr/bin/tar: ../../../../../usr/local/lib/android/sdk/platforms/android-35-ext15/data/res/values-mcc312-mnc670-is: Cannot utime: Operation not permitted
build	Cache Android SDK	2026-06-06T12:23:03.1182346Z /usr/bin/tar: ../../../../../usr/local/lib/android/sdk/platforms/android-35-ext15/data/res/values-mcc312-mnc670-is: Cannot change mode to rwxr-xr-x: Operation not permitted
build	Cache Android SDK	2026-06-06T12:23:03.1185038Z /usr/bin/tar: ../../../../../usr/local/lib/android/sdk/platforms/android-35-ext15/data/res/values-mcc310-mnc030-it: Cannot utime: Operation not permitted
build	Cache Android SDK	2026-06-06T12:23:03.1185552Z /usr/bin/tar: ../../../../../usr/local/lib/android/sdk/platforms/android-35-ext15/data/res/values-mcc310-mnc030-it: Cannot change mode to rwxr-xr-x: Operation not permitted
build	Cache Android SDK	2026-06-06T12:23:03.1188382Z /usr/bin/tar: ../../../../../usr/local/lib/android/sdk/platforms/android-35-ext15/data/res/values-mcc313-mnc100-ky: Cannot utime: Operation not permitted
build	Cache Android SDK	2026-06-06T12:23:03.1188882Z /usr/bin/tar: ../../../../../usr/local/lib/android/sdk/platforms/android-35-ext15/data/res/values-mcc313-mnc100-ky: Cannot change mode to rwxr-xr-x: Operation not permitted
build	Cache Android SDK	2026-06-06T12:23:03.1191618Z /usr/bin/tar: ../../../../../usr/local/lib/android/sdk/platforms/android-35-ext15/data/res/values-mcc311-mnc180-en-rAU: Cannot utime: Operation not permitted
build	Cache Android SDK	2026-06-06T12:23:03.1192219Z /usr/bin/tar: ../../../../../usr/local/lib/android/sdk/platforms/android-35-ext15/data/res/values-mcc311-mnc180-en-rAU: Cannot change mode to rwxr-xr-x: Operation not permitted
build	Cache Android SDK	2026-06-06T12:23:03.1195262Z /usr/bin/tar: ../../../../../usr/local/lib/android/sdk/platforms/android-35-ext15/data/res/values-mcc310-mnc490-sr: Cannot utime: Operation not permitted
build	Cache Android SDK	2026-06-06T12:23:03.1195890Z /usr/bin/tar: ../../../../../usr/local/lib/android/sdk/platforms/android-35-ext15/data/res/values-mcc310-mnc490-sr: Cannot change mode to rwxr-xr-x: Operation not permitted
build	Cache Android SDK	2026-06-06T12:23:03.1198304Z /usr/bin/tar: ../../../../../usr/local/lib/android/sdk/platforms/android-35-ext15/data/res/values-mcc310-mnc560-uz: Cannot utime: Operation not permitted
build	Cache Android SDK	2026-06-06T12:23:03.1198836Z /usr/bin/tar: ../../../../../usr/local/lib/android/sdk/platforms/android-35-ext15/data/res/values-mcc310-mnc560-uz: Cannot change mode to rwxr-xr-x: Operation not permitted
build	Cache Android SDK	2026-06-06T12:23:03.1202718Z /usr/bin/tar: ../../../../../usr/local/lib/android/sdk/platforms/android-35-ext15/data/res/values-mcc310-mnc490-sw: Cannot utime: Operation not permitted
build	Cache Android SDK	2026-06-06T12:23:03.1203335Z /usr/bin/tar: ../../../../../usr/local/lib/android/sdk/platforms/android-35-ext15/data/res/values-mcc310-mnc490-sw: Cannot change mode to rwxr-xr-x: Operation not permitted
build	Cache Android SDK	2026-06-06T12:23:03.1205795Z /usr/bin/tar: ../../../../../usr/local/lib/android/sdk/platforms/android-35-ext15/data/res/values-mcc302-mnc370-is: Cannot utime: Operation not permitted
build	Cache Android SDK	2026-06-06T12:23:03.1206301Z /usr/bin/tar: ../../../../../usr/local/lib/android/sdk/platforms/android-35-ext15/data/res/values-mcc302-mnc370-is: Cannot change mode to rwxr-xr-x: Operation not permitted
build	Cache Android SDK	2026-06-06T12:23:03.1208730Z /usr/bin/tar: ../../../../../usr/local/lib/android/sdk/platforms/android-35-ext15/data/res/values-mcc302-mnc610: Cannot utime: Operation not permitted
build	Cache Android SDK	2026-06-06T12:23:03.1209188Z /usr/bin/tar: ../../../../../usr/local/lib/android/sdk/platforms/android-35-ext15/data/res/values-mcc302-mnc610: Cannot change mode to rwxr-xr-x: Operation not permitted
build	Cache Android SDK	2026-06-06T12:23:03.1211618Z /usr/bin/tar: ../../../../../usr/local/lib/android/sdk/platforms/android-35-ext15/data/res/values-mcc310-mnc800-el: Cannot utime: Operation not permitted
build	Cache Android SDK	2026-06-06T12:23:03.1212107Z /usr/bin/tar: ../../../../../usr/local/lib/android/sdk/platforms/android-35-ext15/data/res/values-mcc310-mnc800-el: Cannot change mode to rwxr-xr-x: Operation not permitted
build	Cache Android SDK	2026-06-06T12:23:03.1215123Z /usr/bin/tar: ../../../../../usr/local/lib/android/sdk/platforms/android-35-ext15/data/res/values-mcc302-mnc720-gl: Cannot utime: Operation not permitted
build	Cache Android SDK	2026-06-06T12:23:03.1216339Z /usr/bin/tar: ../../../../../usr/local/lib/android/sdk/platforms/android-35-ext15/data/res/values-mcc302-mnc720-gl: Cannot change mode to rwxr-xr-x: Operation not permitted
build	Cache Android SDK	2026-06-06T12:23:03.1218534Z /usr/bin/tar: ../../../../../usr/local/lib/android/sdk/platforms/android-35-ext15/data/res/values-nl-television: Cannot utime: Operation not permitted
build	Cache Android SDK	2026-06-06T12:23:03.1219113Z /usr/bin/tar: ../../../../../usr/local/lib/android/sdk/platforms/android-35-ext15/data/res/values-nl-television: Cannot change mode to rwxr-xr-x: Operation not permitted
build	Cache Android SDK	2026-06-06T12:23:03.1220842Z /usr/bin/tar: ../../../../../usr/local/lib/android/sdk/platforms/android-35-ext15/data/res/values-mcc334-mnc020-mk: Cannot utime: Operation not permitted
build	Cache Android SDK	2026-06-06T12:23:03.1221396Z /usr/bin/tar: ../../../../../usr/local/lib/android/sdk/platforms/android-35-ext15/data/res/values-mcc334-mnc020-mk: Cannot change mode to rwxr-xr-x: Operation not permitted
build	Cache Android SDK	2026-06-06T12:23:03.1224037Z /usr/bin/tar: ../../../../../usr/local/lib/android/sdk/platforms/android-35-ext15/data/res/values-mcc310-mnc950-de: Cannot utime: Operation not permitted
build	Cache Android SDK	2026-06-06T12:23:03.1224550Z /usr/bin/tar: ../../../../../usr/local/lib/android/sdk/platforms/android-35-ext15/data/res/values-mcc310-mnc950-de: Cannot change mode to rwxr-xr-x: Operation not permitted
build	Cache Android SDK	2026-06-06T12:23:03.1227096Z /usr/bin/tar: ../../../../../usr/local/lib/android/sdk/platforms/android-35-ext15/data/res/values-mcc310-mnc270-lt: Cannot utime: Operation not permitted
build	Cache Android SDK	2026-06-06T12:23:03.1228191Z /usr/bin/tar: ../../../../../usr/local/lib/android/sdk/platforms/android-35-ext15/data/res/values-mcc310-mnc270-lt: Cannot change mode to rwxr-xr-x: Operation not permitted
build	Cache Android SDK	2026-06-06T12:23:03.1232515Z /usr/bin/tar: ../../../../../usr/local/lib/android/sdk/platforms/android-35-ext15/data/res/values-mcc310-mnc410-sk: Cannot utime: Operation not permitted
build	Cache Android SDK	2026-06-06T12:23:03.1233040Z /usr/bin/tar: ../../../../../usr/local/lib/android/sdk/platforms/android-35-ext15/data/res/values-mcc310-mnc410-sk: Cannot change mode to rwxr-xr-x: Operation not permitted
build	Cache Android SDK	2026-06-06T12:23:03.1235428Z /usr/bin/tar: ../../../../../usr/local/lib/android/sdk/platforms/android-35-ext15/data/res/values-mcc001-mnc01-sq: Cannot utime: Operation not permitted
build	Cache Android SDK	2026-06-06T12:23:03.1235910Z /usr/bin/tar: ../../../../../usr/local/lib/android/sdk/platforms/android-35-ext15/data/res/values-mcc001-mnc01-sq: Cannot change mode to rwxr-xr-x: Operation not permitted
build	Cache Android SDK	2026-06-06T12:23:03.1238547Z /usr/bin/tar: ../../../../../usr/local/lib/android/sdk/platforms/android-35-ext15/data/res/values-mcc310-mnc230-sl: Cannot utime: Operation not permitted
build	Cache Android SDK	2026-06-06T12:23:03.1239138Z /usr/bin/tar: ../../../../../usr/local/lib/android/sdk/platforms/android-35-ext15/data/res/values-mcc310-mnc230-sl: Cannot change mode to rwxr-xr-x: Operation not permitted
build	Cache Android SDK	2026-06-06T12:23:03.1241986Z /usr/bin/tar: ../../../../../usr/local/lib/android/sdk/platforms/android-35-ext15/data/res/values-mcc310-mnc240-en-rIN: Cannot utime: Operation not permitted
build	Cache Android SDK	2026-06-06T12:23:03.1242484Z /usr/bin/tar: ../../../../../usr/local/lib/android/sdk/platforms/android-35-ext15/data/res/values-mcc310-mnc240-en-rIN: Cannot change mode to rwxr-xr-x: Operation not permitted
build	Cache Android SDK	2026-06-06T12:23:03.1244823Z /usr/bin/tar: ../../../../../usr/local/lib/android/sdk/platforms/android-35-ext15/data/res/values-mcc310-mnc560-my: Cannot utime: Operation not permitted
build	Cache Android SDK	2026-06-06T12:23:03.1245310Z /usr/bin/tar: ../../../../../usr/local/lib/android/sdk/platforms/android-35-ext15/data/res/values-mcc310-mnc560-my: Cannot change mode to rwxr-xr-x: Operation not permitted
build	Cache Android SDK	2026-06-06T12:23:03.1248175Z /usr/bin/tar: ../../../../../usr/local/lib/android/sdk/platforms/android-35-ext15/data/res/values-mcc001-mnc01-ca: Cannot utime: Operation not permitted
build	Cache Android SDK	2026-06-06T12:23:03.1248665Z /usr/bin/tar: ../../../../../usr/local/lib/android/sdk/platforms/android-35-ext15/data/res/values-mcc001-mnc01-ca: Cannot change mode to rwxr-xr-x: Operation not permitted
build	Cache Android SDK	2026-06-06T12:23:03.1250838Z /usr/bin/tar: ../../../../../usr/local/lib/android/sdk/platforms/android-35-ext15/data/res/values-mcc310-mnc220-be: Cannot utime: Operation not permitted
build	Cache Android SDK	2026-06-06T12:23:03.1251309Z /usr/bin/tar: ../../../../../usr/local/lib/android/sdk/platforms/android-35-ext15/data/res/values-mcc310-mnc220-be: Cannot change mode to rwxr-xr-x: Operation not permitted
build	Cache Android SDK	2026-06-06T12:23:03.1253865Z /usr/bin/tar: ../../../../../usr/local/lib/android/sdk/platforms/android-35-ext15/data/res/values-mcc334-mnc020-fi: Cannot utime: Operation not permitted
build	Cache Android SDK	2026-06-06T12:23:03.1254337Z /usr/bin/tar: ../../../../../usr/local/lib/android/sdk/platforms/android-35-ext15/data/res/values-mcc334-mnc020-fi: Cannot change mode to rwxr-xr-x: Operation not permitted
build	Cache Android SDK	2026-06-06T12:23:03.1257194Z /usr/bin/tar: ../../../../../usr/local/lib/android/sdk/platforms/android-35-ext15/data/res/values-mcc302-mnc370-kk: Cannot utime: Operation not permitted
build	Cache Android SDK	2026-06-06T12:23:03.1258053Z /usr/bin/tar: ../../../../../usr/local/lib/android/sdk/platforms/android-35-ext15/data/res/values-mcc302-mnc370-kk: Cannot change mode to rwxr-xr-x: Operation not permitted
build	Cache Android SDK	2026-06-06T12:23:03.1260674Z /usr/bin/tar: ../../../../../usr/local/lib/android/sdk/platforms/android-35-ext15/data/res/values-mcc311-mnc180-kk: Cannot utime: Operation not permitted
build	Cache Android SDK	2026-06-06T12:23:03.1261229Z /usr/bin/tar: ../../../../../usr/local/lib/android/sdk/platforms/android-35-ext15/data/res/values-mcc311-mnc180-kk: Cannot change mode to rwxr-xr-x: Operation not permitted
build	Cache Android SDK	2026-06-06T12:23:03.1264653Z /usr/bin/tar: ../../../../../usr/local/lib/android/sdk/platforms/android-35-ext15/data/res/drawable-round-watch: Cannot utime: Operation not permitted
build	Cache Android SDK	2026-06-06T12:23:03.1265144Z /usr/bin/tar: ../../../../../usr/local/lib/android/sdk/platforms/android-35-ext15/data/res/drawable-round-watch: Cannot change mode to rwxr-xr-x: Operation not permitted
build	Cache Android SDK	2026-06-06T12:23:03.1267189Z /usr/bin/tar: ../../../../../usr/local/lib/android/sdk/platforms/android-35-ext15/data/res/values-pt-rPT-television: Cannot utime: Operation not permitted
build	Cache Android SDK	2026-06-06T12:23:03.1267966Z /usr/bin/tar: ../../../../../usr/local/lib/android/sdk/platforms/android-35-ext15/data/res/values-pt-rPT-television: Cannot change mode to rwxr-xr-x: Operation not permitted
build	Cache Android SDK	2026-06-06T12:23:03.1270164Z /usr/bin/tar: ../../../../../usr/local/lib/android/sdk/platforms/android-35-ext15/data/res/values-mcc302-mnc720-ur: Cannot utime: Operation not permitted
build	Cache Android SDK	2026-06-06T12:23:03.1270640Z /usr/bin/tar: ../../../../../usr/local/lib/android/sdk/platforms/android-35-ext15/data/res/values-mcc302-mnc720-ur: Cannot change mode to rwxr-xr-x: Operation not permitted
build	Cache Android SDK	2026-06-06T12:23:03.1582504Z /usr/bin/tar: ../../../../../usr/local/lib/android/sdk/platforms/android-35-ext15/data/res/drawable-xxhdpi: Cannot utime: Operation not permitted
build	Cache Android SDK	2026-06-06T12:23:03.1583981Z /usr/bin/tar: ../../../../../usr/local/lib/android/sdk/platforms/android-35-ext15/data/res/drawable-xxhdpi: Cannot change mode to rwxr-xr-x: Operation not permitted
build	Cache Android SDK	2026-06-06T12:23:03.1585315Z /usr/bin/tar: ../../../../../usr/local/lib/android/sdk/platforms/android-35-ext15/data/res/values-mcc310-mnc380-th: Cannot utime: Operation not permitted
build	Cache Android SDK	2026-06-06T12:23:03.1586402Z /usr/bin/tar: ../../../../../usr/local/lib/android/sdk/platforms/android-35-ext15/data/res/values-mcc310-mnc380-th: Cannot change mode to rwxr-xr-x: Operation not permitted
build	Cache Android SDK	2026-06-06T12:23:03.1589344Z /usr/bin/tar: ../../../../../usr/local/lib/android/sdk/platforms/android-35-ext15/data/res/values-mcc310-mnc380-en-rXC: Cannot utime: Operation not permitted
build	Cache Android SDK	2026-06-06T12:23:03.1590365Z /usr/bin/tar: ../../../../../usr/local/lib/android/sdk/platforms/android-35-ext15/data/res/values-mcc310-mnc380-en-rXC: Cannot change mode to rwxr-xr-x: Operation not permitted
build	Cache Android SDK	2026-06-06T12:23:03.1592649Z /usr/bin/tar: ../../../../../usr/local/lib/android/sdk/platforms/android-35-ext15/data/res/values-mcc310-mnc410-es: Cannot utime: Operation not permitted
build	Cache Android SDK	2026-06-06T12:23:03.1593620Z /usr/bin/tar: ../../../../../usr/local/lib/android/sdk/platforms/android-35-ext15/data/res/values-mcc310-mnc410-es: Cannot change mode to rwxr-xr-x: Operation not permitted
build	Cache Android SDK	2026-06-06T12:23:03.1596136Z /usr/bin/tar: ../../../../../usr/local/lib/android/sdk/platforms/android-35-ext15/data/res/values-mcc310-mnc660-pt-rBR: Cannot utime: Operation not permitted
build	Cache Android SDK	2026-06-06T12:23:03.1597140Z /usr/bin/tar: ../../../../../usr/local/lib/android/sdk/platforms/android-35-ext15/data/res/values-mcc310-mnc660-pt-rBR: Cannot change mode to rwxr-xr-x: Operation not permitted
build	Cache Android SDK	2026-06-06T12:23:03.1599213Z /usr/bin/tar: ../../../../../usr/local/lib/android/sdk/platforms/android-35-ext15/data/res/values-mcc310-mnc250-ka: Cannot utime: Operation not permitted
build	Cache Android SDK	2026-06-06T12:23:03.1600177Z /usr/bin/tar: ../../../../../usr/local/lib/android/sdk/platforms/android-35-ext15/data/res/values-mcc310-mnc250-ka: Cannot change mode to rwxr-xr-x: Operation not permitted
build	Cache Android SDK	2026-06-06T12:23:03.1602692Z /usr/bin/tar: ../../../../../usr/local/lib/android/sdk/platforms/android-35-ext15/data/res/values-mcc310-mnc800-lt: Cannot utime: Operation not permitted
build	Cache Android SDK	2026-06-06T12:23:03.1603660Z /usr/bin/tar: ../../../../../usr/local/lib/android/sdk/platforms/android-35-ext15/data/res/values-mcc310-mnc800-lt: Cannot change mode to rwxr-xr-x: Operation not permitted
build	Cache Android SDK	2026-06-06T12:23:03.1606830Z /usr/bin/tar: ../../../../../usr/local/lib/android/sdk/platforms/android-35-ext15/data/res/values-my-watch: Cannot utime: Operation not permitted
build	Cache Android SDK	2026-06-06T12:23:03.1608100Z /usr/bin/tar: ../../../../../usr/local/lib/android/sdk/platforms/android-35-ext15/data/res/values-my-watch: Cannot change mode to rwxr-xr-x: Operation not permitted
build	Cache Android SDK	2026-06-06T12:23:03.1609705Z /usr/bin/tar: ../../../../../usr/local/lib/android/sdk/platforms/android-35-ext15/data/res/values-mcc310-mnc950-sl: Cannot utime: Operation not permitted
build	Cache Android SDK	2026-06-06T12:23:03.1610668Z /usr/bin/tar: ../../../../../usr/local/lib/android/sdk/platforms/android-35-ext15/data/res/values-mcc310-mnc950-sl: Cannot change mode to rwxr-xr-x: Operation not permitted
build	Cache Android SDK	2026-06-06T12:23:03.1616342Z /usr/bin/tar: ../../../../../usr/local/lib/android/sdk/platforms/android-35-ext15/data/res/values-uz: Cannot utime: Operation not permitted
build	Cache Android SDK	2026-06-06T12:23:03.1617554Z /usr/bin/tar: ../../../../../usr/local/lib/android/sdk/platforms/android-35-ext15/data/res/values-uz: Cannot change mode to rwxr-xr-x: Operation not permitted
build	Cache Android SDK	2026-06-06T12:23:03.1619035Z /usr/bin/tar: ../../../../../usr/local/lib/android/sdk/platforms/android-35-ext15/data/res/values-mcc310-mnc380-mr: Cannot utime: Operation not permitted
build	Cache Android SDK	2026-06-06T12:23:03.1620019Z /usr/bin/tar: ../../../../../usr/local/lib/android/sdk/platforms/android-35-ext15/data/res/values-mcc310-mnc380-mr: Cannot change mode to rwxr-xr-x: Operation not permitted
build	Cache Android SDK	2026-06-06T12:23:03.1622888Z /usr/bin/tar: ../../../../../usr/local/lib/android/sdk/platforms/android-35-ext15/data/res/values-mcc310-mnc160-kk: Cannot utime: Operation not permitted
build	Cache Android SDK	2026-06-06T12:23:03.1623878Z /usr/bin/tar: ../../../../../usr/local/lib/android/sdk/platforms/android-35-ext15/data/res/values-mcc310-mnc160-kk: Cannot change mode to rwxr-xr-x: Operation not permitted
build	Cache Android SDK	2026-06-06T12:23:03.1625620Z /usr/bin/tar: ../../../../../usr/local/lib/android/sdk/platforms/android-35-ext15/data/res/values-mcc310-mnc240-is: Cannot utime: Operation not permitted
build	Cache Android SDK	2026-06-06T12:23:03.1626593Z /usr/bin/tar: ../../../../../usr/local/lib/android/sdk/platforms/android-35-ext15/data/res/values-mcc310-mnc240-is: Cannot change mode to rwxr-xr-x: Operation not permitted
build	Cache Android SDK	2026-06-06T12:23:03.1629438Z /usr/bin/tar: ../../../../../usr/local/lib/android/sdk/platforms/android-35-ext15/data/res/values-mcc313-mnc100: Cannot utime: Operation not permitted
build	Cache Android SDK	2026-06-06T12:23:03.1630403Z /usr/bin/tar: ../../../../../usr/local/lib/android/sdk/platforms/android-35-ext15/data/res/values-mcc313-mnc100: Cannot change mode to rwxr-xr-x: Operation not permitted
build	Cache Android SDK	2026-06-06T12:23:03.1632178Z /usr/bin/tar: ../../../../../usr/local/lib/android/sdk/platforms/android-35-ext15/data/res/values-mcc313-mnc100-mk: Cannot utime: Operation not permitted
build	Cache Android SDK	2026-06-06T12:23:03.1633210Z /usr/bin/tar: ../../../../../usr/local/lib/android/sdk/platforms/android-35-ext15/data/res/values-mcc313-mnc100-mk: Cannot change mode to rwxr-xr-x: Operation not permitted
build	Cache Android SDK	2026-06-06T12:23:03.1635678Z /usr/bin/tar: ../../../../../usr/local/lib/android/sdk/platforms/android-35-ext15/data/res/values-mcc310-mnc030-bg: Cannot utime: Operation not permitted
build	Cache Android SDK	2026-06-06T12:23:03.1636635Z /usr/bin/tar: ../../../../../usr/local/lib/android/sdk/platforms/android-35-ext15/data/res/values-mcc310-mnc030-bg: Cannot change mode to rwxr-xr-x: Operation not permitted
build	Cache Android SDK	2026-06-06T12:23:03.1638545Z /usr/bin/tar: ../../../../../usr/local/lib/android/sdk/platforms/android-35-ext15/data/res/values-hi-watch: Cannot utime: Operation not permitted
build	Cache Android SDK	2026-06-06T12:23:03.1639460Z /usr/bin/tar: ../../../../../usr/local/lib/android/sdk/platforms/android-35-ext15/data/res/values-hi-watch: Cannot change mode to rwxr-xr-x: Operation not permitted
build	Cache Android SDK	2026-06-06T12:23:03.1642001Z /usr/bin/tar: ../../../../../usr/local/lib/android/sdk/platforms/android-35-ext15/data/res/values-mcc310-mnc160-ru: Cannot utime: Operation not permitted
build	Cache Android SDK	2026-06-06T12:23:03.1642974Z /usr/bin/tar: ../../../../../usr/local/lib/android/sdk/platforms/android-35-ext15/data/res/values-mcc310-mnc160-ru: Cannot change mode to rwxr-xr-x: Operation not permitted
build	Cache Android SDK	2026-06-06T12:23:03.1645127Z /usr/bin/tar: ../../../../../usr/local/lib/android/sdk/platforms/android-35-ext15/data/res/values-mcc310-mnc240-km: Cannot utime: Operation not permitted
build	Cache Android SDK	2026-06-06T12:23:03.1646160Z /usr/bin/tar: ../../../../../usr/local/lib/android/sdk/platforms/android-35-ext15/data/res/values-mcc310-mnc240-km: Cannot change mode to rwxr-xr-x: Operation not permitted
build	Cache Android SDK	2026-06-06T12:23:03.1648591Z /usr/bin/tar: ../../../../../usr/local/lib/android/sdk/platforms/android-35-ext15/data/res/values-mcc310-mnc270-ro: Cannot utime: Operation not permitted
build	Cache Android SDK	2026-06-06T12:23:03.1649552Z /usr/bin/tar: ../../../../../usr/local/lib/android/sdk/platforms/android-35-ext15/data/res/values-mcc310-mnc270-ro: Cannot change mode to rwxr-xr-x: Operation not permitted
build	Cache Android SDK	2026-06-06T12:23:03.1651730Z /usr/bin/tar: ../../../../../usr/local/lib/android/sdk/platforms/android-35-ext15/data/res/values-ko-television: Cannot utime: Operation not permitted
build	Cache Android SDK	2026-06-06T12:23:03.1652687Z /usr/bin/tar: ../../../../../usr/local/lib/android/sdk/platforms/android-35-ext15/data/res/values-ko-television: Cannot change mode to rwxr-xr-x: Operation not permitted
build	Cache Android SDK	2026-06-06T12:23:03.1654932Z /usr/bin/tar: ../../../../../usr/local/lib/android/sdk/platforms/android-35-ext15/data/res/values-mcc310-mnc230-ja: Cannot utime: Operation not permitted
build	Cache Android SDK	2026-06-06T12:23:03.1655980Z /usr/bin/tar: ../../../../../usr/local/lib/android/sdk/platforms/android-35-ext15/data/res/values-mcc310-mnc230-ja: Cannot change mode to rwxr-xr-x: Operation not permitted
build	Cache Android SDK	2026-06-06T12:23:03.1658980Z /usr/bin/tar: ../../../../../usr/local/lib/android/sdk/platforms/android-35-ext15/data/res/values-mcc312-mnc670-kk: Cannot utime: Operation not permitted
build	Cache Android SDK	2026-06-06T12:23:03.1660208Z /usr/bin/tar: ../../../../../usr/local/lib/android/sdk/platforms/android-35-ext15/data/res/values-mcc312-mnc670-kk: Cannot change mode to rwxr-xr-x: Operation not permitted
build	Cache Android SDK	2026-06-06T12:23:03.1661752Z /usr/bin/tar: ../../../../../usr/local/lib/android/sdk/platforms/android-35-ext15/data/res/values-sw360dp: Cannot utime: Operation not permitted
build	Cache Android SDK	2026-06-06T12:23:03.1662664Z /usr/bin/tar: ../../../../../usr/local/lib/android/sdk/platforms/android-35-ext15/data/res/values-sw360dp: Cannot change mode to rwxr-xr-x: Operation not permitted
build	Cache Android SDK	2026-06-06T12:23:03.1665890Z /usr/bin/tar: ../../../../../usr/local/lib/android/sdk/platforms/android-35-ext15/data/res/values-mcc310-mnc150-sw: Cannot utime: Operation not permitted
build	Cache Android SDK	2026-06-06T12:23:03.1666860Z /usr/bin/tar: ../../../../../usr/local/lib/android/sdk/platforms/android-35-ext15/data/res/values-mcc310-mnc150-sw: Cannot change mode to rwxr-xr-x: Operation not permitted
build	Cache Android SDK	2026-06-06T12:23:03.1674332Z /usr/bin/tar: ../../../../../usr/local/lib/android/sdk/platforms/android-35-ext15/data/res/values-ar: Cannot utime: Operation not permitted
build	Cache Android SDK	2026-06-06T12:23:03.1675504Z /usr/bin/tar: ../../../../../usr/local/lib/android/sdk/platforms/android-35-ext15/data/res/values-ar: Cannot change mode to rwxr-xr-x: Operation not permitted
build	Cache Android SDK	2026-06-06T12:23:03.1676976Z /usr/bin/tar: ../../../../../usr/local/lib/android/sdk/platforms/android-35-ext15/data/res/values-mcc310-mnc660-en-rAU: Cannot utime: Operation not permitted
build	Cache Android SDK	2026-06-06T12:23:03.1678161Z /usr/bin/tar: ../../../../../usr/local/lib/android/sdk/platforms/android-35-ext15/data/res/values-mcc310-mnc660-en-rAU: Cannot change mode to rwxr-xr-x: Operation not permitted
build	Cache Android SDK	2026-06-06T12:23:03.1680878Z /usr/bin/tar: ../../../../../usr/local/lib/android/sdk/platforms/android-35-ext15/data/res/values-mcc310-mnc230-sw: Cannot utime: Operation not permitted
build	Cache Android SDK	2026-06-06T12:23:03.1681851Z /usr/bin/tar: ../../../../../usr/local/lib/android/sdk/platforms/android-35-ext15/data/res/values-mcc310-mnc230-sw: Cannot change mode to rwxr-xr-x: Operation not permitted
build	Cache Android SDK	2026-06-06T12:23:03.1683891Z /usr/bin/tar: ../../../../../usr/local/lib/android/sdk/platforms/android-35-ext15/data/res/values-mcc310-mnc280-ky: Cannot utime: Operation not permitted
build	Cache Android SDK	2026-06-06T12:23:03.1684847Z /usr/bin/tar: ../../../../../usr/local/lib/android/sdk/platforms/android-35-ext15/data/res/values-mcc310-mnc280-ky: Cannot change mode to rwxr-xr-x: Operation not permitted
build	Cache Android SDK	2026-06-06T12:23:03.1687243Z /usr/bin/tar: ../../../../../usr/local/lib/android/sdk/platforms/android-35-ext15/data/res/values-mcc310-mnc490-mk: Cannot utime: Operation not permitted
build	Cache Android SDK	2026-06-06T12:23:03.1688377Z /usr/bin/tar: ../../../../../usr/local/lib/android/sdk/platforms/android-35-ext15/data/res/values-mcc310-mnc490-mk: Cannot change mode to rwxr-xr-x: Operation not permitted
build	Cache Android SDK	2026-06-06T12:23:03.1690570Z /usr/bin/tar: ../../../../../usr/local/lib/android/sdk/platforms/android-35-ext15/data/res/values-mcc310-mnc200-fr: Cannot utime: Operation not permitted
build	Cache Android SDK	2026-06-06T12:23:03.1691538Z /usr/bin/tar: ../../../../../usr/local/lib/android/sdk/platforms/android-35-ext15/data/res/values-mcc310-mnc200-fr: Cannot change mode to rwxr-xr-x: Operation not permitted
build	Cache Android SDK	2026-06-06T12:23:03.1694174Z /usr/bin/tar: ../../../../../usr/local/lib/android/sdk/platforms/android-35-ext15/data/res/values-mcc310-mnc150-fi: Cannot utime: Operation not permitted
build	Cache Android SDK	2026-06-06T12:23:03.1695216Z /usr/bin/tar: ../../../../../usr/local/lib/android/sdk/platforms/android-35-ext15/data/res/values-mcc310-mnc150-fi: Cannot change mode to rwxr-xr-x: Operation not permitted
build	Cache Android SDK	2026-06-06T12:23:03.1697281Z /usr/bin/tar: ../../../../../usr/local/lib/android/sdk/platforms/android-35-ext15/data/res/values-mcc310-mnc560-kk: Cannot utime: Operation not permitted
build	Cache Android SDK	2026-06-06T12:23:03.1698457Z /usr/bin/tar: ../../../../../usr/local/lib/android/sdk/platforms/android-35-ext15/data/res/values-mcc310-mnc560-kk: Cannot change mode to rwxr-xr-x: Operation not permitted
build	Cache Android SDK	2026-06-06T12:23:03.1701094Z /usr/bin/tar: ../../../../../usr/local/lib/android/sdk/platforms/android-35-ext15/data/res/values-mcc310-mnc220-nl: Cannot utime: Operation not permitted
build	Cache Android SDK	2026-06-06T12:23:03.1702170Z /usr/bin/tar: ../../../../../usr/local/lib/android/sdk/platforms/android-35-ext15/data/res/values-mcc310-mnc220-nl: Cannot change mode to rwxr-xr-x: Operation not permitted
build	Cache Android SDK	2026-06-06T12:23:03.1704374Z /usr/bin/tar: ../../../../../usr/local/lib/android/sdk/platforms/android-35-ext15/data/res/values-mcc310-mnc800-bn: Cannot utime: Operation not permitted
build	Cache Android SDK	2026-06-06T12:23:03.1705343Z /usr/bin/tar: ../../../../../usr/local/lib/android/sdk/platforms/android-35-ext15/data/res/values-mcc310-mnc800-bn: Cannot change mode to rwxr-xr-x: Operation not permitted
build	Cache Android SDK	2026-06-06T12:23:03.1707694Z /usr/bin/tar: ../../../../../usr/local/lib/android/sdk/platforms/android-35-ext15/data/res/values-mcc310-mnc950-pt-rPT: Cannot utime: Operation not permitted
build	Cache Android SDK	2026-06-06T12:23:03.1708709Z /usr/bin/tar: ../../../../../usr/local/lib/android/sdk/platforms/android-35-ext15/data/res/values-mcc310-mnc950-pt-rPT: Cannot change mode to rwxr-xr-x: Operation not permitted
build	Cache Android SDK	2026-06-06T12:23:03.1711093Z /usr/bin/tar: ../../../../../usr/local/lib/android/sdk/platforms/android-35-ext15/data/res/values-mcc001-mnc01-de: Cannot utime: Operation not permitted
build	Cache Android SDK	2026-06-06T12:23:03.1712074Z /usr/bin/tar: ../../../../../usr/local/lib/android/sdk/platforms/android-35-ext15/data/res/values-mcc001-mnc01-de: Cannot change mode to rwxr-xr-x: Operation not permitted
build	Cache Android SDK	2026-06-06T12:23:03.1714982Z /usr/bin/tar: ../../../../../usr/local/lib/android/sdk/platforms/android-35-ext15/data/res/values-mcc310-mnc210-nb: Cannot utime: Operation not permitted
build	Cache Android SDK	2026-06-06T12:23:03.1716002Z /usr/bin/tar: ../../../../../usr/local/lib/android/sdk/platforms/android-35-ext15/data/res/values-mcc310-mnc210-nb: Cannot change mode to rwxr-xr-x: Operation not permitted
build	Cache Android SDK	2026-06-06T12:23:03.1722257Z /usr/bin/tar: ../../../../../usr/local/lib/android/sdk/platforms/android-35-ext15/data/res/values-fa: Cannot utime: Operation not permitted
build	Cache Android SDK	2026-06-06T12:23:03.1723207Z /usr/bin/tar: ../../../../../usr/local/lib/android/sdk/platforms/android-35-ext15/data/res/values-fa: Cannot change mode to rwxr-xr-x: Operation not permitted
build	Cache Android SDK	2026-06-06T12:23:03.1725010Z /usr/bin/tar: ../../../../../usr/local/lib/android/sdk/platforms/android-35-ext15/data/res/values-mcc310-mnc380-ms: Cannot utime: Operation not permitted
build	Cache Android SDK	2026-06-06T12:23:03.1726085Z /usr/bin/tar: ../../../../../usr/local/lib/android/sdk/platforms/android-35-ext15/data/res/values-mcc310-mnc380-ms: Cannot change mode to rwxr-xr-x: Operation not permitted
build	Cache Android SDK	2026-06-06T12:23:03.1729831Z /usr/bin/tar: ../../../../../usr/local/lib/android/sdk/platforms/android-35-ext15/data/res/values-mcc310-mnc310-tl: Cannot utime: Operation not permitted
build	Cache Android SDK	2026-06-06T12:23:03.1730816Z /usr/bin/tar: ../../../../../usr/local/lib/android/sdk/platforms/android-35-ext15/data/res/values-mcc310-mnc310-tl: Cannot change mode to rwxr-xr-x: Operation not permitted
build	Cache Android SDK	2026-06-06T12:23:03.1735694Z /usr/bin/tar: ../../../../../usr/local/lib/android/sdk/platforms/android-35-ext15/data/res/xml-mdpi: Cannot utime: Operation not permitted
build	Cache Android SDK	2026-06-06T12:23:03.1736599Z /usr/bin/tar: ../../../../../usr/local/lib/android/sdk/platforms/android-35-ext15/data/res/xml-mdpi: Cannot change mode to rwxr-xr-x: Operation not permitted
build	Cache Android SDK	2026-06-06T12:23:03.1738661Z /usr/bin/tar: ../../../../../usr/local/lib/android/sdk/platforms/android-35-ext15/data/res/values-mcc310-mnc150-zh-rTW: Cannot utime: Operation not permitted
build	Cache Android SDK	2026-06-06T12:23:03.1739706Z /usr/bin/tar: ../../../../../usr/local/lib/android/sdk/platforms/android-35-ext15/data/res/values-mcc310-mnc150-zh-rTW: Cannot change mode to rwxr-xr-x: Operation not permitted
build	Cache Android SDK	2026-06-06T12:23:03.1743563Z /usr/bin/tar: ../../../../../usr/local/lib/android/sdk/platforms/android-35-ext15/data/res/values-mcc334-mnc020-zh-rHK: Cannot utime: Operation not permitted
build	Cache Android SDK	2026-06-06T12:23:03.1744697Z /usr/bin/tar: ../../../../../usr/local/lib/android/sdk/platforms/android-35-ext15/data/res/values-mcc334-mnc020-zh-rHK: Cannot change mode to rwxr-xr-x: Operation not permitted
build	Cache Android SDK	2026-06-06T12:23:03.1746267Z /usr/bin/tar: ../../../../../usr/local/lib/android/sdk/platforms/android-35-ext15/data/res/values-mcc310-mnc250-es-rUS: Cannot utime: Operation not permitted
build	Cache Android SDK	2026-06-06T12:23:03.1747342Z /usr/bin/tar: ../../../../../usr/local/lib/android/sdk/platforms/android-35-ext15/data/res/values-mcc310-mnc250-es-rUS: Cannot change mode to rwxr-xr-x: Operation not permitted
build	Cache Android SDK	2026-06-06T12:23:03.1750538Z /usr/bin/tar: ../../../../../usr/local/lib/android/sdk/platforms/android-35-ext15/data/res/values-mcc310-mnc800-uz: Cannot utime: Operation not permitted
build	Cache Android SDK	2026-06-06T12:23:03.1751701Z /usr/bin/tar: ../../../../../usr/local/lib/android/sdk/platforms/android-35-ext15/data/res/values-mcc310-mnc800-uz: Cannot change mode to rwxr-xr-x: Operation not permitted
build	Cache Android SDK	2026-06-06T12:23:03.1753212Z /usr/bin/tar: ../../../../../usr/local/lib/android/sdk/platforms/android-35-ext15/data/res/values-mcc310-mnc660-th: Cannot utime: Operation not permitted
build	Cache Android SDK	2026-06-06T12:23:03.1754183Z /usr/bin/tar: ../../../../../usr/local/lib/android/sdk/platforms/android-35-ext15/data/res/values-mcc310-mnc660-th: Cannot change mode to rwxr-xr-x: Operation not permitted
build	Cache Android SDK	2026-06-06T12:23:03.1758293Z /usr/bin/tar: ../../../../../usr/local/lib/android/sdk/platforms/android-35-ext15/data/res/values-mcc310-mnc490-ru: Cannot utime: Operation not permitted
build	Cache Android SDK	2026-06-06T12:23:03.1759290Z /usr/bin/tar: ../../../../../usr/local/lib/android/sdk/platforms/android-35-ext15/data/res/values-mcc310-mnc490-ru: Cannot change mode to rwxr-xr-x: Operation not permitted
build	Cache Android SDK	2026-06-06T12:23:03.1761280Z /usr/bin/tar: ../../../../../usr/local/lib/android/sdk/platforms/android-35-ext15/data/res/values-mcc312-mnc670-in: Cannot utime: Operation not permitted
build	Cache Android SDK	2026-06-06T12:23:03.1762274Z /usr/bin/tar: ../../../../../usr/local/lib/android/sdk/platforms/android-35-ext15/data/res/values-mcc312-mnc670-in: Cannot change mode to rwxr-xr-x: Operation not permitted
build	Cache Android SDK	2026-06-06T12:23:03.1765073Z /usr/bin/tar: ../../../../../usr/local/lib/android/sdk/platforms/android-35-ext15/data/res/values-mcc310-mnc310-bn: Cannot utime: Operation not permitted
build	Cache Android SDK	2026-06-06T12:23:03.1766106Z /usr/bin/tar: ../../../../../usr/local/lib/android/sdk/platforms/android-35-ext15/data/res/values-mcc310-mnc310-bn: Cannot change mode to rwxr-xr-x: Operation not permitted
build	Cache Android SDK	2026-06-06T12:23:03.1767978Z /usr/bin/tar: ../../../../../usr/local/lib/android/sdk/platforms/android-35-ext15/data/res/values-mcc310-mnc280: Cannot utime: Operation not permitted
build	Cache Android SDK	2026-06-06T12:23:03.1769034Z /usr/bin/tar: ../../../../../usr/local/lib/android/sdk/platforms/android-35-ext15/data/res/values-mcc310-mnc280: Cannot change mode to rwxr-xr-x: Operation not permitted
build	Cache Android SDK	2026-06-06T12:23:03.1771548Z /usr/bin/tar: ../../../../../usr/local/lib/android/sdk/platforms/android-35-ext15/data/res/values-mcc310-mnc310-ca: Cannot utime: Operation not permitted
build	Cache Android SDK	2026-06-06T12:23:03.1772707Z /usr/bin/tar: ../../../../../usr/local/lib/android/sdk/platforms/android-35-ext15/data/res/values-mcc310-mnc310-ca: Cannot change mode to rwxr-xr-x: Operation not permitted
build	Cache Android SDK	2026-06-06T12:23:03.1774577Z /usr/bin/tar: ../../../../../usr/local/lib/android/sdk/platforms/android-35-ext15/data/res/values-mcc310-mnc490-gu: Cannot utime: Operation not permitted
build	Cache Android SDK	2026-06-06T12:23:03.1775542Z /usr/bin/tar: ../../../../../usr/local/lib/android/sdk/platforms/android-35-ext15/data/res/values-mcc310-mnc490-gu: Cannot change mode to rwxr-xr-x: Operation not permitted
build	Cache Android SDK	2026-06-06T12:23:03.1777759Z /usr/bin/tar: ../../../../../usr/local/lib/android/sdk/platforms/android-35-ext15/data/res/values-mcc334-mnc020-as: Cannot utime: Operation not permitted
build	Cache Android SDK	2026-06-06T12:23:03.1778926Z /usr/bin/tar: ../../../../../usr/local/lib/android/sdk/platforms/android-35-ext15/data/res/values-mcc334-mnc020-as: Cannot change mode to rwxr-xr-x: Operation not permitted
build	Cache Android SDK	2026-06-06T12:23:03.1780931Z /usr/bin/tar: ../../../../../usr/local/lib/android/sdk/platforms/android-35-ext15/data/res/values-mcc001-mnc01-th: Cannot utime: Operation not permitted
build	Cache Android SDK	2026-06-06T12:23:03.1781890Z /usr/bin/tar: ../../../../../usr/local/lib/android/sdk/platforms/android-35-ext15/data/res/values-mcc001-mnc01-th: Cannot change mode to rwxr-xr-x: Operation not permitted
build	Cache Android SDK	2026-06-06T12:23:03.1784357Z /usr/bin/tar: ../../../../../usr/local/lib/android/sdk/platforms/android-35-ext15/data/res/values-mcc310-mnc150-iw: Cannot utime: Operation not permitted
build	Cache Android SDK	2026-06-06T12:23:03.1785339Z /usr/bin/tar: ../../../../../usr/local/lib/android/sdk/platforms/android-35-ext15/data/res/values-mcc310-mnc150-iw: Cannot change mode to rwxr-xr-x: Operation not permitted
build	Cache Android SDK	2026-06-06T12:23:03.1787820Z /usr/bin/tar: ../../../../../usr/local/lib/android/sdk/platforms/android-35-ext15/data/res/values-mcc440-mnc20: Cannot utime: Operation not permitted
build	Cache Android SDK	2026-06-06T12:23:03.1788765Z /usr/bin/tar: ../../../../../usr/local/lib/android/sdk/platforms/android-35-ext15/data/res/values-mcc440-mnc20: Cannot change mode to rwxr-xr-x: Operation not permitted
build	Cache Android SDK	2026-06-06T12:23:03.1790997Z /usr/bin/tar: ../../../../../usr/local/lib/android/sdk/platforms/android-35-ext15/data/res/values-mcc310-mnc030-ky: Cannot utime: Operation not permitted
build	Cache Android SDK	2026-06-06T12:23:03.1792058Z /usr/bin/tar: ../../../../../usr/local/lib/android/sdk/platforms/android-35-ext15/data/res/values-mcc310-mnc030-ky: Cannot change mode to rwxr-xr-x: Operation not permitted
build	Cache Android SDK	2026-06-06T12:23:03.1794495Z /usr/bin/tar: ../../../../../usr/local/lib/android/sdk/platforms/android-35-ext15/data/res/values-mcc230: Cannot utime: Operation not permitted
build	Cache Android SDK	2026-06-06T12:23:03.1795418Z /usr/bin/tar: ../../../../../usr/local/lib/android/sdk/platforms/android-35-ext15/data/res/values-mcc230: Cannot change mode to rwxr-xr-x: Operation not permitted
build	Cache Android SDK	2026-06-06T12:23:03.1798345Z /usr/bin/tar: ../../../../../usr/local/lib/android/sdk/platforms/android-35-ext15/data/res/values-mcc310-mnc800-mk: Cannot utime: Operation not permitted
build	Cache Android SDK	2026-06-06T12:23:03.1799620Z /usr/bin/tar: ../../../../../usr/local/lib/android/sdk/platforms/android-35-ext15/data/res/values-mcc310-mnc800-mk: Cannot change mode to rwxr-xr-x: Operation not permitted
build	Cache Android SDK	2026-06-06T12:23:03.1801073Z /usr/bin/tar: ../../../../../usr/local/lib/android/sdk/platforms/android-35-ext15/data/res/values-mcc310-mnc410-th: Cannot utime: Operation not permitted
build	Cache Android SDK	2026-06-06T12:23:03.1802020Z /usr/bin/tar: ../../../../../usr/local/lib/android/sdk/platforms/android-35-ext15/data/res/values-mcc310-mnc410-th: Cannot change mode to rwxr-xr-x: Operation not permitted
build	Cache Android SDK	2026-06-06T12:23:03.1804990Z /usr/bin/tar: ../../../../../usr/local/lib/android/sdk/platforms/android-35-ext15/data/res/values-mcc310-mnc200-mr: Cannot utime: Operation not permitted
build	Cache Android SDK	2026-06-06T12:23:03.1806378Z /usr/bin/tar: ../../../../../usr/local/lib/android/sdk/platforms/android-35-ext15/data/res/values-mcc310-mnc200-mr: Cannot change mode to rwxr-xr-x: Operation not permitted
build	Cache Android SDK	2026-06-06T12:23:03.2275442Z /usr/bin/tar: ../../../../../usr/local/lib/android/sdk/platforms/android-35-ext15/data/res/drawable-hdpi: Cannot utime: Operation not permitted
build	Cache Android SDK	2026-06-06T12:23:03.2277140Z /usr/bin/tar: ../../../../../usr/local/lib/android/sdk/platforms/android-35-ext15/data/res/drawable-hdpi: Cannot change mode to rwxr-xr-x: Operation not permitted
build	Cache Android SDK	2026-06-06T12:23:03.2278706Z /usr/bin/tar: ../../../../../usr/local/lib/android/sdk/platforms/android-35-ext15/data/res/values-mcc310-mnc380-pl: Cannot utime: Operation not permitted
build	Cache Android SDK	2026-06-06T12:23:03.2280084Z /usr/bin/tar: ../../../../../usr/local/lib/android/sdk/platforms/android-35-ext15/data/res/values-mcc310-mnc380-pl: Cannot change mode to rwxr-xr-x: Operation not permitted
build	Cache Android SDK	2026-06-06T12:23:03.2281385Z /usr/bin/tar: ../../../../../usr/local/lib/android/sdk/platforms/android-35-ext15/data/res/values-mcc312-mnc670-th: Cannot utime: Operation not permitted
build	Cache Android SDK	2026-06-06T12:23:03.2282530Z /usr/bin/tar: ../../../../../usr/local/lib/android/sdk/platforms/android-35-ext15/data/res/values-mcc312-mnc670-th: Cannot change mode to rwxr-xr-x: Operation not permitted
build	Cache Android SDK	2026-06-06T12:23:03.2284512Z /usr/bin/tar: ../../../../../usr/local/lib/android/sdk/platforms/android-35-ext15/data/res/values-pa-television: Cannot utime: Operation not permitted
build	Cache Android SDK	2026-06-06T12:23:03.2285476Z /usr/bin/tar: ../../../../../usr/local/lib/android/sdk/platforms/android-35-ext15/data/res/values-pa-television: Cannot change mode to rwxr-xr-x: Operation not permitted
build	Cache Android SDK	2026-06-06T12:23:03.2288344Z /usr/bin/tar: ../../../../../usr/local/lib/android/sdk/platforms/android-35-ext15/data/res/values-mcc310-mnc030-uz: Cannot utime: Operation not permitted
build	Cache Android SDK	2026-06-06T12:23:03.2289333Z /usr/bin/tar: ../../../../../usr/local/lib/android/sdk/platforms/android-35-ext15/data/res/values-mcc310-mnc030-uz: Cannot change mode to rwxr-xr-x: Operation not permitted
build	Cache Android SDK	2026-06-06T12:23:03.2292986Z /usr/bin/tar: ../../../../../usr/local/lib/android/sdk/platforms/android-35-ext15/data/res/values-mcc716-mnc06: Cannot utime: Operation not permitted
build	Cache Android SDK	2026-06-06T12:23:03.2294028Z /usr/bin/tar: ../../../../../usr/local/lib/android/sdk/platforms/android-35-ext15/data/res/values-mcc716-mnc06: Cannot change mode to rwxr-xr-x: Operation not permitted
build	Cache Android SDK	2026-06-06T12:23:03.2296906Z /usr/bin/tar: ../../../../../usr/local/lib/android/sdk/platforms/android-35-ext15/data/res/values-es-rPE: Cannot utime: Operation not permitted
build	Cache Android SDK	2026-06-06T12:23:03.2298048Z /usr/bin/tar: ../../../../../usr/local/lib/android/sdk/platforms/android-35-ext15/data/res/values-es-rPE: Cannot change mode to rwxr-xr-x: Operation not permitted
build	Cache Android SDK	2026-06-06T12:23:03.2300447Z /usr/bin/tar: ../../../../../usr/local/lib/android/sdk/platforms/android-35-ext15/data/res/values-mcc001-mnc01-my: Cannot utime: Operation not permitted
build	Cache Android SDK	2026-06-06T12:23:03.2301434Z /usr/bin/tar: ../../../../../usr/local/lib/android/sdk/platforms/android-35-ext15/data/res/values-mcc001-mnc01-my: Cannot change mode to rwxr-xr-x: Operation not permitted
build	Cache Android SDK	2026-06-06T12:23:03.2304255Z /usr/bin/tar: ../../../../../usr/local/lib/android/sdk/platforms/android-35-ext15/data/res/values-mcc302-mnc720-si: Cannot utime: Operation not permitted
build	Cache Android SDK	2026-06-06T12:23:03.2305254Z /usr/bin/tar: ../../../../../usr/local/lib/android/sdk/platforms/android-35-ext15/data/res/values-mcc302-mnc720-si: Cannot change mode to rwxr-xr-x: Operation not permitted
build	Cache Android SDK	2026-06-06T12:23:03.2307931Z /usr/bin/tar: ../../../../../usr/local/lib/android/sdk/platforms/android-35-ext15/data/res/values-mcc310-mnc170-eu: Cannot utime: Operation not permitted
build	Cache Android SDK	2026-06-06T12:23:03.2308922Z /usr/bin/tar: ../../../../../usr/local/lib/android/sdk/platforms/android-35-ext15/data/res/values-mcc310-mnc170-eu: Cannot change mode to rwxr-xr-x: Operation not permitted
build	Cache Android SDK	2026-06-06T12:23:03.2311131Z /usr/bin/tar: ../../../../../usr/local/lib/android/sdk/platforms/android-35-ext15/data/res/values-mcc310-mnc560-vi: Cannot utime: Operation not permitted
build	Cache Android SDK	2026-06-06T12:23:03.2312106Z /usr/bin/tar: ../../../../../usr/local/lib/android/sdk/platforms/android-35-ext15/data/res/values-mcc310-mnc560-vi: Cannot change mode to rwxr-xr-x: Operation not permitted
build	Cache Android SDK	2026-06-06T12:23:03.2314752Z /usr/bin/tar: ../../../../../usr/local/lib/android/sdk/platforms/android-35-ext15/data/res/values-mcc310-mnc380-et: Cannot utime: Operation not permitted
build	Cache Android SDK	2026-06-06T12:23:03.2315734Z /usr/bin/tar: ../../../../../usr/local/lib/android/sdk/platforms/android-35-ext15/data/res/values-mcc310-mnc380-et: Cannot change mode to rwxr-xr-x: Operation not permitted
build	Cache Android SDK	2026-06-06T12:23:03.2318247Z /usr/bin/tar: ../../../../../usr/local/lib/android/sdk/platforms/android-35-ext15/data/res/values-mcc310-mnc800-lo: Cannot utime: Operation not permitted
build	Cache Android SDK	2026-06-06T12:23:03.2319208Z /usr/bin/tar: ../../../../../usr/local/lib/android/sdk/platforms/android-35-ext15/data/res/values-mcc310-mnc800-lo: Cannot change mode to rwxr-xr-x: Operation not permitted
build	Cache Android SDK	2026-06-06T12:23:03.2321965Z /usr/bin/tar: ../../../../../usr/local/lib/android/sdk/platforms/android-35-ext15/data/res/values-mcc310-mnc200-ar: Cannot utime: Operation not permitted
build	Cache Android SDK	2026-06-06T12:23:03.2322931Z /usr/bin/tar: ../../../../../usr/local/lib/android/sdk/platforms/android-35-ext15/data/res/values-mcc310-mnc200-ar: Cannot change mode to rwxr-xr-x: Operation not permitted
build	Cache Android SDK	2026-06-06T12:23:03.2324803Z /usr/bin/tar: ../../../../../usr/local/lib/android/sdk/platforms/android-35-ext15/data/res/values-mcc310-mnc490-ar: Cannot utime: Operation not permitted
build	Cache Android SDK	2026-06-06T12:23:03.2325859Z /usr/bin/tar: ../../../../../usr/local/lib/android/sdk/platforms/android-35-ext15/data/res/values-mcc310-mnc490-ar: Cannot change mode to rwxr-xr-x: Operation not permitted
build	Cache Android SDK	2026-06-06T12:23:03.2328269Z /usr/bin/tar: ../../../../../usr/local/lib/android/sdk/platforms/android-35-ext15/data/res/values-mcc310-mnc310-si: Cannot utime: Operation not permitted
build	Cache Android SDK	2026-06-06T12:23:03.2329760Z /usr/bin/tar: ../../../../../usr/local/lib/android/sdk/platforms/android-35-ext15/data/res/values-mcc310-mnc310-si: Cannot change mode to rwxr-xr-x: Operation not permitted
build	Cache Android SDK	2026-06-06T12:23:03.2333311Z /usr/bin/tar: ../../../../../usr/local/lib/android/sdk/platforms/android-35-ext15/data/res/values-mcc310-mnc410-te: Cannot utime: Operation not permitted
build	Cache Android SDK	2026-06-06T12:23:03.2334312Z /usr/bin/tar: ../../../../../usr/local/lib/android/sdk/platforms/android-35-ext15/data/res/values-mcc310-mnc410-te: Cannot change mode to rwxr-xr-x: Operation not permitted
build	Cache Android SDK	2026-06-06T12:23:03.2336751Z /usr/bin/tar: ../../../../../usr/local/lib/android/sdk/platforms/android-35-ext15/data/res/values-mcc312-mnc670-cs: Cannot utime: Operation not permitted
build	Cache Android SDK	2026-06-06T12:23:03.2338020Z /usr/bin/tar: ../../../../../usr/local/lib/android/sdk/platforms/android-35-ext15/data/res/values-mcc312-mnc670-cs: Cannot change mode to rwxr-xr-x: Operation not permitted
build	Cache Android SDK	2026-06-06T12:23:03.2339625Z /usr/bin/tar: ../../../../../usr/local/lib/android/sdk/platforms/android-35-ext15/data/res/values-mcc310-mnc410-lv: Cannot utime: Operation not permitted
build	Cache Android SDK	2026-06-06T12:23:03.2340724Z /usr/bin/tar: ../../../../../usr/local/lib/android/sdk/platforms/android-35-ext15/data/res/values-mcc310-mnc410-lv: Cannot change mode to rwxr-xr-x: Operation not permitted
build	Cache Android SDK	2026-06-06T12:23:03.2342398Z /usr/bin/tar: ../../../../../usr/local/lib/android/sdk/platforms/android-35-ext15/data/res/values-mcc310-mnc660-en-rGB: Cannot utime: Operation not permitted
build	Cache Android SDK	2026-06-06T12:23:03.2343460Z /usr/bin/tar: ../../../../../usr/local/lib/android/sdk/platforms/android-35-ext15/data/res/values-mcc310-mnc660-en-rGB: Cannot change mode to rwxr-xr-x: Operation not permitted
build	Cache Android SDK	2026-06-06T12:23:03.2345374Z /usr/bin/tar: ../../../../../usr/local/lib/android/sdk/platforms/android-35-ext15/data/res/values-mcc310-mnc230-zh-rHK: Cannot utime: Operation not permitted
build	Cache Android SDK	2026-06-06T12:23:03.2346574Z /usr/bin/tar: ../../../../../usr/local/lib/android/sdk/platforms/android-35-ext15/data/res/values-mcc310-mnc230-zh-rHK: Cannot change mode to rwxr-xr-x: Operation not permitted
build	Cache Android SDK	2026-06-06T12:23:03.2350822Z /usr/bin/tar: ../../../../../usr/local/lib/android/sdk/platforms/android-35-ext15/data/res/values-mcc310-mnc280-in: Cannot utime: Operation not permitted
build	Cache Android SDK	2026-06-06T12:23:03.2352124Z /usr/bin/tar: ../../../../../usr/local/lib/android/sdk/platforms/android-35-ext15/data/res/values-mcc310-mnc280-in: Cannot change mode to rwxr-xr-x: Operation not permitted
build	Cache Android SDK	2026-06-06T12:23:03.2353190Z /usr/bin/tar: ../../../../../usr/local/lib/android/sdk/platforms/android-35-ext15/data/res/values-mcc313-mnc100-mn: Cannot utime: Operation not permitted
build	Cache Android SDK	2026-06-06T12:23:03.2354143Z /usr/bin/tar: ../../../../../usr/local/lib/android/sdk/platforms/android-35-ext15/data/res/values-mcc313-mnc100-mn: Cannot change mode to rwxr-xr-x: Operation not permitted
build	Cache Android SDK	2026-06-06T12:23:03.2358156Z /usr/bin/tar: ../../../../../usr/local/lib/android/sdk/platforms/android-35-ext15/data/res/values-zh-rCN: Cannot utime: Operation not permitted
build	Cache Android SDK	2026-06-06T12:23:03.2359421Z /usr/bin/tar: ../../../../../usr/local/lib/android/sdk/platforms/android-35-ext15/data/res/values-zh-rCN: Cannot change mode to rwxr-xr-x: Operation not permitted
build	Cache Android SDK	2026-06-06T12:23:03.2360930Z /usr/bin/tar: ../../../../../usr/local/lib/android/sdk/platforms/android-35-ext15/data/res/values-mcc310-mnc310-nb: Cannot utime: Operation not permitted
build	Cache Android SDK	2026-06-06T12:23:03.2361959Z /usr/bin/tar: ../../../../../usr/local/lib/android/sdk/platforms/android-35-ext15/data/res/values-mcc310-mnc310-nb: Cannot change mode to rwxr-xr-x: Operation not permitted
build	Cache Android SDK	2026-06-06T12:23:03.2363674Z /usr/bin/tar: ../../../../../usr/local/lib/android/sdk/platforms/android-35-ext15/data/res/values-mcc310-mnc230-my: Cannot utime: Operation not permitted
build	Cache Android SDK	2026-06-06T12:23:03.2364713Z /usr/bin/tar: ../../../../../usr/local/lib/android/sdk/platforms/android-35-ext15/data/res/values-mcc310-mnc230-my: Cannot change mode to rwxr-xr-x: Operation not permitted
build	Cache Android SDK	2026-06-06T12:23:03.2366533Z /usr/bin/tar: ../../../../../usr/local/lib/android/sdk/platforms/android-35-ext15/data/res/values-mcc302-mnc720-bs: Cannot utime: Operation not permitted
build	Cache Android SDK	2026-06-06T12:23:03.2367680Z /usr/bin/tar: ../../../../../usr/local/lib/android/sdk/platforms/android-35-ext15/data/res/values-mcc302-mnc720-bs: Cannot change mode to rwxr-xr-x: Operation not permitted
build	Cache Android SDK	2026-06-06T12:23:03.2369882Z /usr/bin/tar: ../../../../../usr/local/lib/android/sdk/platforms/android-35-ext15/data/res/values-fi-watch: Cannot utime: Operation not permitted
build	Cache Android SDK	2026-06-06T12:23:03.2371094Z /usr/bin/tar: ../../../../../usr/local/lib/android/sdk/platforms/android-35-ext15/data/res/values-fi-watch: Cannot change mode to rwxr-xr-x: Operation not permitted
build	Cache Android SDK	2026-06-06T12:23:03.2372819Z /usr/bin/tar: ../../../../../usr/local/lib/android/sdk/platforms/android-35-ext15/data/res/values-mcc310-mnc270-mr: Cannot utime: Operation not permitted
build	Cache Android SDK	2026-06-06T12:23:03.2373802Z /usr/bin/tar: ../../../../../usr/local/lib/android/sdk/platforms/android-35-ext15/data/res/values-mcc310-mnc270-mr: Cannot change mode to rwxr-xr-x: Operation not permitted
build	Cache Android SDK	2026-06-06T12:23:03.2376053Z /usr/bin/tar: ../../../../../usr/local/lib/android/sdk/platforms/android-35-ext15/data/res/values-mcc310-mnc280-lv: Cannot utime: Operation not permitted
build	Cache Android SDK	2026-06-06T12:23:03.2377256Z /usr/bin/tar: ../../../../../usr/local/lib/android/sdk/platforms/android-35-ext15/data/res/values-mcc310-mnc280-lv: Cannot change mode to rwxr-xr-x: Operation not permitted
build	Cache Android SDK	2026-06-06T12:23:03.2379045Z /usr/bin/tar: ../../../../../usr/local/lib/android/sdk/platforms/android-35-ext15/data/res/values-mcc310-mnc270-az: Cannot utime: Operation not permitted
build	Cache Android SDK	2026-06-06T12:23:03.2380086Z /usr/bin/tar: ../../../../../usr/local/lib/android/sdk/platforms/android-35-ext15/data/res/values-mcc310-mnc270-az: Cannot change mode to rwxr-xr-x: Operation not permitted
build	Cache Android SDK	2026-06-06T12:23:03.2382428Z /usr/bin/tar: ../../../../../usr/local/lib/android/sdk/platforms/android-35-ext15/data/res/values-mcc310-mnc560-ne: Cannot utime: Operation not permitted
build	Cache Android SDK	2026-06-06T12:23:03.2383691Z /usr/bin/tar: ../../../../../usr/local/lib/android/sdk/platforms/android-35-ext15/data/res/values-mcc310-mnc560-ne: Cannot change mode to rwxr-xr-x: Operation not permitted
build	Cache Android SDK	2026-06-06T12:23:03.2385404Z /usr/bin/tar: ../../../../../usr/local/lib/android/sdk/platforms/android-35-ext15/data/res/values-mcc312-mnc670-ur: Cannot utime: Operation not permitted
build	Cache Android SDK	2026-06-06T12:23:03.2386482Z /usr/bin/tar: ../../../../../usr/local/lib/android/sdk/platforms/android-35-ext15/data/res/values-mcc312-mnc670-ur: Cannot change mode to rwxr-xr-x: Operation not permitted
build	Cache Android SDK	2026-06-06T12:23:03.2388356Z /usr/bin/tar: ../../../../../usr/local/lib/android/sdk/platforms/android-35-ext15/data/res/values-mcc310-mnc380-te: Cannot utime: Operation not permitted
build	Cache Android SDK	2026-06-06T12:23:03.2389330Z /usr/bin/tar: ../../../../../usr/local/lib/android/sdk/platforms/android-35-ext15/data/res/values-mcc310-mnc380-te: Cannot change mode to rwxr-xr-x: Operation not permitted
build	Cache Android SDK	2026-06-06T12:23:03.2391819Z /usr/bin/tar: ../../../../../usr/local/lib/android/sdk/platforms/android-35-ext15/data/res/values-mcc310-mnc270-ur: Cannot utime: Operation not permitted
build	Cache Android SDK	2026-06-06T12:23:03.2393054Z /usr/bin/tar: ../../../../../usr/local/lib/android/sdk/platforms/android-35-ext15/data/res/values-mcc310-mnc270-ur: Cannot change mode to rwxr-xr-x: Operation not permitted
build	Cache Android SDK	2026-06-06T12:23:03.2394632Z /usr/bin/tar: ../../../../../usr/local/lib/android/sdk/platforms/android-35-ext15/data/res/values-mcc310-mnc800-ru: Cannot utime: Operation not permitted
build	Cache Android SDK	2026-06-06T12:23:03.2396615Z /usr/bin/tar: ../../../../../usr/local/lib/android/sdk/platforms/android-35-ext15/data/res/values-mcc310-mnc800-ru: Cannot change mode to rwxr-xr-x: Operation not permitted
build	Cache Android SDK	2026-06-06T12:23:03.2398823Z /usr/bin/tar: ../../../../../usr/local/lib/android/sdk/platforms/android-35-ext15/data/res/values-mcc310-mnc560-zh-rHK: Cannot utime: Operation not permitted
build	Cache Android SDK	2026-06-06T12:23:03.2400023Z /usr/bin/tar: ../../../../../usr/local/lib/android/sdk/platforms/android-35-ext15/data/res/values-mcc310-mnc560-zh-rHK: Cannot change mode to rwxr-xr-x: Operation not permitted
build	Cache Android SDK	2026-06-06T12:23:03.2401469Z /usr/bin/tar: ../../../../../usr/local/lib/android/sdk/platforms/android-35-ext15/data/res/values-mcc001-mnc01-ro: Cannot utime: Operation not permitted
build	Cache Android SDK	2026-06-06T12:23:03.2402484Z /usr/bin/tar: ../../../../../usr/local/lib/android/sdk/platforms/android-35-ext15/data/res/values-mcc001-mnc01-ro: Cannot change mode to rwxr-xr-x: Operation not permitted
build	Cache Android SDK	2026-06-06T12:23:03.2404008Z /usr/bin/tar: ../../../../../usr/local/lib/android/sdk/platforms/android-35-ext15/data/res/values-mcc310-mnc150-ko: Cannot utime: Operation not permitted
build	Cache Android SDK	2026-06-06T12:23:03.2405100Z /usr/bin/tar: ../../../../../usr/local/lib/android/sdk/platforms/android-35-ext15/data/res/values-mcc310-mnc150-ko: Cannot change mode to rwxr-xr-x: Operation not permitted
build	Cache Android SDK	2026-06-06T12:23:03.2406796Z /usr/bin/tar: ../../../../../usr/local/lib/android/sdk/platforms/android-35-ext15/data/res/values-mcc310-mnc150-sr: Cannot utime: Operation not permitted
build	Cache Android SDK	2026-06-06T12:23:03.2408022Z /usr/bin/tar: ../../../../../usr/local/lib/android/sdk/platforms/android-35-ext15/data/res/values-mcc310-mnc150-sr: Cannot change mode to rwxr-xr-x: Operation not permitted
build	Cache Android SDK	2026-06-06T12:23:03.2410667Z /usr/bin/tar: ../../../../../usr/local/lib/android/sdk/platforms/android-35-ext15/data/res/values-mcc704-mnc03: Cannot utime: Operation not permitted
build	Cache Android SDK	2026-06-06T12:23:03.2411621Z /usr/bin/tar: ../../../../../usr/local/lib/android/sdk/platforms/android-35-ext15/data/res/values-mcc704-mnc03: Cannot change mode to rwxr-xr-x: Operation not permitted
build	Cache Android SDK	2026-06-06T12:23:03.2413672Z /usr/bin/tar: ../../../../../usr/local/lib/android/sdk/platforms/android-35-ext15/data/res/values-mcc310-mnc220-it: Cannot utime: Operation not permitted
build	Cache Android SDK	2026-06-06T12:23:03.2414628Z /usr/bin/tar: ../../../../../usr/local/lib/android/sdk/platforms/android-35-ext15/data/res/values-mcc310-mnc220-it: Cannot change mode to rwxr-xr-x: Operation not permitted
build	Cache Android SDK	2026-06-06T12:23:03.2416721Z /usr/bin/tar: ../../../../../usr/local/lib/android/sdk/platforms/android-35-ext15/data/res/values-mcc310-mnc230-ka: Cannot utime: Operation not permitted
build	Cache Android SDK	2026-06-06T12:23:03.2417876Z /usr/bin/tar: ../../../../../usr/local/lib/android/sdk/platforms/android-35-ext15/data/res/values-mcc310-mnc230-ka: Cannot change mode to rwxr-xr-x: Operation not permitted
build	Cache Android SDK	2026-06-06T12:23:03.2419872Z /usr/bin/tar: ../../../../../usr/local/lib/android/sdk/platforms/android-35-ext15/data/res/values-bn-watch: Cannot utime: Operation not permitted
build	Cache Android SDK	2026-06-06T12:23:03.2420776Z /usr/bin/tar: ../../../../../usr/local/lib/android/sdk/platforms/android-35-ext15/data/res/values-bn-watch: Cannot change mode to rwxr-xr-x: Operation not permitted
build	Cache Android SDK	2026-06-06T12:23:03.2423172Z /usr/bin/tar: ../../../../../usr/local/lib/android/sdk/platforms/android-35-ext15/data/res/values-mcc302-mnc370-pt-rBR: Cannot utime: Operation not permitted
build	Cache Android SDK	2026-06-06T12:23:03.2424156Z /usr/bin/tar: ../../../../../usr/local/lib/android/sdk/platforms/android-35-ext15/data/res/values-mcc302-mnc370-pt-rBR: Cannot change mode to rwxr-xr-x: Operation not permitted
build	Cache Android SDK	2026-06-06T12:23:03.2426691Z /usr/bin/tar: ../../../../../usr/local/lib/android/sdk/platforms/android-35-ext15/data/res/mipmap-xxhdpi: Cannot utime: Operation not permitted
build	Cache Android SDK	2026-06-06T12:23:03.2427766Z /usr/bin/tar: ../../../../../usr/local/lib/android/sdk/platforms/android-35-ext15/data/res/mipmap-xxhdpi: Cannot change mode to rwxr-xr-x: Operation not permitted
build	Cache Android SDK	2026-06-06T12:23:03.2430035Z /usr/bin/tar: ../../../../../usr/local/lib/android/sdk/platforms/android-35-ext15/data/res/values-mcc311-mnc180-ja: Cannot utime: Operation not permitted
build	Cache Android SDK	2026-06-06T12:23:03.2431072Z /usr/bin/tar: ../../../../../usr/local/lib/android/sdk/platforms/android-35-ext15/data/res/values-mcc311-mnc180-ja: Cannot change mode to rwxr-xr-x: Operation not permitted
build	Cache Android SDK	2026-06-06T12:23:03.2433129Z /usr/bin/tar: ../../../../../usr/local/lib/android/sdk/platforms/android-35-ext15/data/res/values-sl-watch: Cannot utime: Operation not permitted
build	Cache Android SDK	2026-06-06T12:23:03.2434033Z /usr/bin/tar: ../../../../../usr/local/lib/android/sdk/platforms/android-35-ext15/data/res/values-sl-watch: Cannot change mode to rwxr-xr-x: Operation not permitted
build	Cache Android SDK	2026-06-06T12:23:03.2436109Z /usr/bin/tar: ../../../../../usr/local/lib/android/sdk/platforms/android-35-ext15/data/res/values-mcc310-mnc270-th: Cannot utime: Operation not permitted
build	Cache Android SDK	2026-06-06T12:23:03.2437063Z /usr/bin/tar: ../../../../../usr/local/lib/android/sdk/platforms/android-35-ext15/data/res/values-mcc310-mnc270-th: Cannot change mode to rwxr-xr-x: Operation not permitted
build	Cache Android SDK	2026-06-06T12:23:03.2439810Z /usr/bin/tar: ../../../../../usr/local/lib/android/sdk/platforms/android-35-ext15/data/res/values-mcc310-mnc660-zh-rHK: Cannot utime: Operation not permitted
build	Cache Android SDK	2026-06-06T12:23:03.2440902Z /usr/bin/tar: ../../../../../usr/local/lib/android/sdk/platforms/android-35-ext15/data/res/values-mcc310-mnc660-zh-rHK: Cannot change mode to rwxr-xr-x: Operation not permitted
build	Cache Android SDK	2026-06-06T12:23:03.2442571Z /usr/bin/tar: ../../../../../usr/local/lib/android/sdk/platforms/android-35-ext15/data/res/values-mcc334-mnc020-be: Cannot utime: Operation not permitted
build	Cache Android SDK	2026-06-06T12:23:03.2443538Z /usr/bin/tar: ../../../../../usr/local/lib/android/sdk/platforms/android-35-ext15/data/res/values-mcc334-mnc020-be: Cannot change mode to rwxr-xr-x: Operation not permitted
build	Cache Android SDK	2026-06-06T12:23:03.2446588Z /usr/bin/tar: ../../../../../usr/local/lib/android/sdk/platforms/android-35-ext15/data/res/values-mcc310-mnc270-fi: Cannot utime: Operation not permitted
build	Cache Android SDK	2026-06-06T12:23:03.2447754Z /usr/bin/tar: ../../../../../usr/local/lib/android/sdk/platforms/android-35-ext15/data/res/values-mcc310-mnc270-fi: Cannot change mode to rwxr-xr-x: Operation not permitted
build	Cache Android SDK	2026-06-06T12:23:03.2449641Z /usr/bin/tar: ../../../../../usr/local/lib/android/sdk/platforms/android-35-ext15/data/res/values-mcc334: Cannot utime: Operation not permitted
build	Cache Android SDK	2026-06-06T12:23:03.2450536Z /usr/bin/tar: ../../../../../usr/local/lib/android/sdk/platforms/android-35-ext15/data/res/values-mcc334: Cannot change mode to rwxr-xr-x: Operation not permitted
build	Cache Android SDK	2026-06-06T12:23:03.2452991Z /usr/bin/tar: ../../../../../usr/local/lib/android/sdk/platforms/android-35-ext15/data/res/values-mcc310-mnc800-az: Cannot utime: Operation not permitted
build	Cache Android SDK	2026-06-06T12:23:03.2453949Z /usr/bin/tar: ../../../../../usr/local/lib/android/sdk/platforms/android-35-ext15/data/res/values-mcc310-mnc800-az: Cannot change mode to rwxr-xr-x: Operation not permitted
build	Cache Android SDK	2026-06-06T12:23:03.2456004Z /usr/bin/tar: ../../../../../usr/local/lib/android/sdk/platforms/android-35-ext15/data/res/values-mcc310-mnc280-es: Cannot utime: Operation not permitted
build	Cache Android SDK	2026-06-06T12:23:03.2456976Z /usr/bin/tar: ../../../../../usr/local/lib/android/sdk/platforms/android-35-ext15/data/res/values-mcc310-mnc280-es: Cannot change mode to rwxr-xr-x: Operation not permitted
build	Cache Android SDK	2026-06-06T12:23:03.2458863Z /usr/bin/tar: ../../../../../usr/local/lib/android/sdk/platforms/android-35-ext15/data/res/values-mcc310-mnc200-hu: Cannot utime: Operation not permitted
build	Cache Android SDK	2026-06-06T12:23:03.2459953Z /usr/bin/tar: ../../../../../usr/local/lib/android/sdk/platforms/android-35-ext15/data/res/values-mcc310-mnc200-hu: Cannot change mode to rwxr-xr-x: Operation not permitted
build	Cache Android SDK	2026-06-06T12:23:03.2462138Z /usr/bin/tar: ../../../../../usr/local/lib/android/sdk/platforms/android-35-ext15/data/res/values-ur-television: Cannot utime: Operation not permitted
build	Cache Android SDK	2026-06-06T12:23:03.2463099Z /usr/bin/tar: ../../../../../usr/local/lib/android/sdk/platforms/android-35-ext15/data/res/values-ur-television: Cannot change mode to rwxr-xr-x: Operation not permitted
build	Cache Android SDK	2026-06-06T12:23:03.2465092Z /usr/bin/tar: ../../../../../usr/local/lib/android/sdk/platforms/android-35-ext15/data/res/values-mcc001-mnc01-sv: Cannot utime: Operation not permitted
build	Cache Android SDK	2026-06-06T12:23:03.2466124Z /usr/bin/tar: ../../../../../usr/local/lib/android/sdk/platforms/android-35-ext15/data/res/values-mcc001-mnc01-sv: Cannot change mode to rwxr-xr-x: Operation not permitted
build	Cache Android SDK	2026-06-06T12:23:03.2470186Z /usr/bin/tar: ../../../../../usr/local/lib/android/sdk/platforms/android-35-ext15/data/res/values-mcc302-mnc370-kn: Cannot utime: Operation not permitted
build	Cache Android SDK	2026-06-06T12:23:03.2471461Z /usr/bin/tar: ../../../../../usr/local/lib/android/sdk/platforms/android-35-ext15/data/res/values-mcc302-mnc370-kn: Cannot change mode to rwxr-xr-x: Operation not permitted
build	Cache Android SDK	2026-06-06T12:23:03.2472415Z /usr/bin/tar: ../../../../../usr/local/lib/android/sdk/platforms/android-35-ext15/data/res/values-en-rCA-watch: Cannot utime: Operation not permitted
build	Cache Android SDK	2026-06-06T12:23:03.2473547Z /usr/bin/tar: ../../../../../usr/local/lib/android/sdk/platforms/android-35-ext15/data/res/values-en-rCA-watch: Cannot change mode to rwxr-xr-x: Operation not permitted
build	Cache Android SDK	2026-06-06T12:23:03.2475097Z /usr/bin/tar: ../../../../../usr/local/lib/android/sdk/platforms/android-35-ext15/data/res/values-mcc310-mnc250-fi: Cannot utime: Operation not permitted
build	Cache Android SDK	2026-06-06T12:23:03.2476175Z /usr/bin/tar: ../../../../../usr/local/lib/android/sdk/platforms/android-35-ext15/data/res/values-mcc310-mnc250-fi: Cannot change mode to rwxr-xr-x: Operation not permitted
build	Cache Android SDK	2026-06-06T12:23:03.2477958Z /usr/bin/tar: ../../../../../usr/local/lib/android/sdk/platforms/android-35-ext15/data/res/values-mcc001-mnc01-tl: Cannot utime: Operation not permitted
build	Cache Android SDK	2026-06-06T12:23:03.2478978Z /usr/bin/tar: ../../../../../usr/local/lib/android/sdk/platforms/android-35-ext15/data/res/values-mcc001-mnc01-tl: Cannot change mode to rwxr-xr-x: Operation not permitted
build	Cache Android SDK	2026-06-06T12:23:03.2481094Z /usr/bin/tar: ../../../../../usr/local/lib/android/sdk/platforms/android-35-ext15/data/res/values-it-rCH: Cannot utime: Operation not permitted
build	Cache Android SDK	2026-06-06T12:23:03.2482046Z /usr/bin/tar: ../../../../../usr/local/lib/android/sdk/platforms/android-35-ext15/data/res/values-it-rCH: Cannot change mode to rwxr-xr-x: Operation not permitted
build	Cache Android SDK	2026-06-06T12:23:03.2484318Z /usr/bin/tar: ../../../../../usr/local/lib/android/sdk/platforms/android-35-ext15/data/res/values-mcc310-mnc950-kn: Cannot utime: Operation not permitted
build	Cache Android SDK	2026-06-06T12:23:03.2485461Z /usr/bin/tar: ../../../../../usr/local/lib/android/sdk/platforms/android-35-ext15/data/res/values-mcc310-mnc950-kn: Cannot change mode to rwxr-xr-x: Operation not permitted
build	Cache Android SDK	2026-06-06T12:23:03.2487012Z /usr/bin/tar: ../../../../../usr/local/lib/android/sdk/platforms/android-35-ext15/data/res/values-mcc302-mnc720-ja: Cannot utime: Operation not permitted
build	Cache Android SDK	2026-06-06T12:23:03.2488213Z /usr/bin/tar: ../../../../../usr/local/lib/android/sdk/platforms/android-35-ext15/data/res/values-mcc302-mnc720-ja: Cannot change mode to rwxr-xr-x: Operation not permitted
build	Cache Android SDK	2026-06-06T12:23:03.2489802Z /usr/bin/tar: ../../../../../usr/local/lib/android/sdk/platforms/android-35-ext15/data/res/values-mcc302-mnc720-ca: Cannot utime: Operation not permitted
build	Cache Android SDK	2026-06-06T12:23:03.2490870Z /usr/bin/tar: ../../../../../usr/local/lib/android/sdk/platforms/android-35-ext15/data/res/values-mcc302-mnc720-ca: Cannot change mode to rwxr-xr-x: Operation not permitted
build	Cache Android SDK	2026-06-06T12:23:03.2492605Z /usr/bin/tar: ../../../../../usr/local/lib/android/sdk/platforms/android-35-ext15/data/res/values-de-rCH: Cannot utime: Operation not permitted
build	Cache Android SDK	2026-06-06T12:23:03.2493655Z /usr/bin/tar: ../../../../../usr/local/lib/android/sdk/platforms/android-35-ext15/data/res/values-de-rCH: Cannot change mode to rwxr-xr-x: Operation not permitted
build	Cache Android SDK	2026-06-06T12:23:03.2496063Z /usr/bin/tar: ../../../../../usr/local/lib/android/sdk/platforms/android-35-ext15/data/res/values-mcc310-mnc210-kn: Cannot utime: Operation not permitted
build	Cache Android SDK	2026-06-06T12:23:03.2497129Z /usr/bin/tar: ../../../../../usr/local/lib/android/sdk/platforms/android-35-ext15/data/res/values-mcc310-mnc210-kn: Cannot change mode to rwxr-xr-x: Operation not permitted
build	Cache Android SDK	2026-06-06T12:23:03.2500627Z /usr/bin/tar: ../../../../../usr/local/lib/android/sdk/platforms/android-35-ext15/data/res/values-mcc310-mnc250-ar: Cannot utime: Operation not permitted
build	Cache Android SDK	2026-06-06T12:23:03.2501648Z /usr/bin/tar: ../../../../../usr/local/lib/android/sdk/platforms/android-35-ext15/data/res/values-mcc310-mnc250-ar: Cannot change mode to rwxr-xr-x: Operation not permitted
build	Cache Android SDK	2026-06-06T12:23:03.2503450Z /usr/bin/tar: ../../../../../usr/local/lib/android/sdk/platforms/android-35-ext15/data/res/values-mcc310-mnc030-kn: Cannot utime: Operation not permitted
build	Cache Android SDK	2026-06-06T12:23:03.2504444Z /usr/bin/tar: ../../../../../usr/local/lib/android/sdk/platforms/android-35-ext15/data/res/values-mcc310-mnc030-kn: Cannot change mode to rwxr-xr-x: Operation not permitted
build	Cache Android SDK	2026-06-06T12:23:03.2507122Z /usr/bin/tar: ../../../../../usr/local/lib/android/sdk/platforms/android-35-ext15/data/res/values-w210dp-round-watch: Cannot utime: Operation not permitted
build	Cache Android SDK	2026-06-06T12:23:03.2508536Z /usr/bin/tar: ../../../../../usr/local/lib/android/sdk/platforms/android-35-ext15/data/res/values-w210dp-round-watch: Cannot change mode to rwxr-xr-x: Operation not permitted
build	Cache Android SDK	2026-06-06T12:23:03.2510192Z /usr/bin/tar: ../../../../../usr/local/lib/android/sdk/platforms/android-35-ext15/data/res/values-mcc310-mnc200-ka: Cannot utime: Operation not permitted
build	Cache Android SDK	2026-06-06T12:23:03.2511176Z /usr/bin/tar: ../../../../../usr/local/lib/android/sdk/platforms/android-35-ext15/data/res/values-mcc310-mnc200-ka: Cannot change mode to rwxr-xr-x: Operation not permitted
build	Cache Android SDK	2026-06-06T12:23:03.2513392Z /usr/bin/tar: ../../../../../usr/local/lib/android/sdk/platforms/android-35-ext15/data/res/values-mcc310-mnc380-pa: Cannot utime: Operation not permitted
build	Cache Android SDK	2026-06-06T12:23:03.2514424Z /usr/bin/tar: ../../../../../usr/local/lib/android/sdk/platforms/android-35-ext15/data/res/values-mcc310-mnc380-pa: Cannot change mode to rwxr-xr-x: Operation not permitted
build	Cache Android SDK	2026-06-06T12:23:03.2516292Z /usr/bin/tar: ../../../../../usr/local/lib/android/sdk/platforms/android-35-ext15/data/res/values-mcc302-mnc720-sr: Cannot utime: Operation not permitted
build	Cache Android SDK	2026-06-06T12:23:03.2517468Z /usr/bin/tar: ../../../../../usr/local/lib/android/sdk/platforms/android-35-ext15/data/res/values-mcc302-mnc720-sr: Cannot change mode to rwxr-xr-x: Operation not permitted
build	Cache Android SDK	2026-06-06T12:23:03.2519468Z /usr/bin/tar: ../../../../../usr/local/lib/android/sdk/platforms/android-35-ext15/data/res/values-mcc310-mnc800-ka: Cannot utime: Operation not permitted
build	Cache Android SDK	2026-06-06T12:23:03.2520608Z /usr/bin/tar: ../../../../../usr/local/lib/android/sdk/platforms/android-35-ext15/data/res/values-mcc310-mnc800-ka: Cannot change mode to rwxr-xr-x: Operation not permitted
build	Cache Android SDK	2026-06-06T12:23:03.2522826Z /usr/bin/tar: ../../../../../usr/local/lib/android/sdk/platforms/android-35-ext15/data/res/values-mcc310-mnc660-nl: Cannot utime: Operation not permitted
build	Cache Android SDK	2026-06-06T12:23:03.2523941Z /usr/bin/tar: ../../../../../usr/local/lib/android/sdk/platforms/android-35-ext15/data/res/values-mcc310-mnc660-nl: Cannot change mode to rwxr-xr-x: Operation not permitted
build	Cache Android SDK	2026-06-06T12:23:03.2525480Z /usr/bin/tar: ../../../../../usr/local/lib/android/sdk/platforms/android-35-ext15/data/res/values-mcc310-mnc030-zh-rHK: Cannot utime: Operation not permitted
build	Cache Android SDK	2026-06-06T12:23:03.2526455Z /usr/bin/tar: ../../../../../usr/local/lib/android/sdk/platforms/android-35-ext15/data/res/values-mcc310-mnc030-zh-rHK: Cannot change mode to rwxr-xr-x: Operation not permitted
build	Cache Android SDK	2026-06-06T12:23:03.2528898Z /usr/bin/tar: ../../../../../usr/local/lib/android/sdk/platforms/android-35-ext15/data/res/values-mcc302-mnc370-sv: Cannot utime: Operation not permitted
build	Cache Android SDK	2026-06-06T12:23:03.2529931Z /usr/bin/tar: ../../../../../usr/local/lib/android/sdk/platforms/android-35-ext15/data/res/values-mcc302-mnc370-sv: Cannot change mode to rwxr-xr-x: Operation not permitted
build	Cache Android SDK	2026-06-06T12:23:03.2531615Z /usr/bin/tar: ../../../../../usr/local/lib/android/sdk/platforms/android-35-ext15/data/res/values-mcc310-mnc170-fa: Cannot utime: Operation not permitted
build	Cache Android SDK	2026-06-06T12:23:03.2532906Z /usr/bin/tar: ../../../../../usr/local/lib/android/sdk/platforms/android-35-ext15/data/res/values-mcc310-mnc170-fa: Cannot change mode to rwxr-xr-x: Operation not permitted
build	Cache Android SDK	2026-06-06T12:23:03.2534916Z /usr/bin/tar: ../../../../../usr/local/lib/android/sdk/platforms/android-35-ext15/data/res/values-port: Cannot utime: Operation not permitted
build	Cache Android SDK	2026-06-06T12:23:03.2535962Z /usr/bin/tar: ../../../../../usr/local/lib/android/sdk/platforms/android-35-ext15/data/res/values-port: Cannot change mode to rwxr-xr-x: Operation not permitted
build	Cache Android SDK	2026-06-06T12:23:03.2538877Z /usr/bin/tar: ../../../../../usr/local/lib/android/sdk/platforms/android-35-ext15/data/res/drawable-en-hdpi: Cannot utime: Operation not permitted
build	Cache Android SDK	2026-06-06T12:23:03.2540138Z /usr/bin/tar: ../../../../../usr/local/lib/android/sdk/platforms/android-35-ext15/data/res/drawable-en-hdpi: Cannot change mode to rwxr-xr-x: Operation not permitted
build	Cache Android SDK	2026-06-06T12:23:03.2542175Z /usr/bin/tar: ../../../../../usr/local/lib/android/sdk/platforms/android-35-ext15/data/res/values-mcc310-mnc230-mn: Cannot utime: Operation not permitted
build	Cache Android SDK	2026-06-06T12:23:03.2543976Z /usr/bin/tar: ../../../../../usr/local/lib/android/sdk/platforms/android-35-ext15/data/res/values-mcc310-mnc230-mn: Cannot change mode to rwxr-xr-x: Operation not permitted
build	Cache Android SDK	2026-06-06T12:23:03.2548090Z /usr/bin/tar: ../../../../../usr/local/lib/android/sdk/platforms/android-35-ext15/data/res/values-es: Cannot utime: Operation not permitted
build	Cache Android SDK	2026-06-06T12:23:03.2549274Z /usr/bin/tar: ../../../../../usr/local/lib/android/sdk/platforms/android-35-ext15/data/res/values-es: Cannot change mode to rwxr-xr-x: Operation not permitted
build	Cache Android SDK	2026-06-06T12:23:03.2551547Z /usr/bin/tar: ../../../../../usr/local/lib/android/sdk/platforms/android-35-ext15/data/res/values-mcc310-mnc800-km: Cannot utime: Operation not permitted
build	Cache Android SDK	2026-06-06T12:23:03.2552769Z /usr/bin/tar: ../../../../../usr/local/lib/android/sdk/platforms/android-35-ext15/data/res/values-mcc310-mnc800-km: Cannot change mode to rwxr-xr-x: Operation not permitted
build	Cache Android SDK	2026-06-06T12:23:03.2554535Z /usr/bin/tar: ../../../../../usr/local/lib/android/sdk/platforms/android-35-ext15/data/res/values-mcc334-mnc020-en-rAU: Cannot utime: Operation not permitted
build	Cache Android SDK	2026-06-06T12:23:03.2555584Z /usr/bin/tar: ../../../../../usr/local/lib/android/sdk/platforms/android-35-ext15/data/res/values-mcc334-mnc020-en-rAU: Cannot change mode to rwxr-xr-x: Operation not permitted
build	Cache Android SDK	2026-06-06T12:23:03.2557940Z /usr/bin/tar: ../../../../../usr/local/lib/android/sdk/platforms/android-35-ext15/data/res/values-mcc310-mnc170-tl: Cannot utime: Operation not permitted
build	Cache Android SDK	2026-06-06T12:23:03.2558941Z /usr/bin/tar: ../../../../../usr/local/lib/android/sdk/platforms/android-35-ext15/data/res/values-mcc310-mnc170-tl: Cannot change mode to rwxr-xr-x: Operation not permitted
build	Cache Android SDK	2026-06-06T12:23:03.2560452Z /usr/bin/tar: ../../../../../usr/local/lib/android/sdk/platforms/android-35-ext15/data/res/values-mcc311-mnc180-lt: Cannot utime: Operation not permitted
build	Cache Android SDK	2026-06-06T12:23:03.2561423Z /usr/bin/tar: ../../../../../usr/local/lib/android/sdk/platforms/android-35-ext15/data/res/values-mcc311-mnc180-lt: Cannot change mode to rwxr-xr-x: Operation not permitted
build	Cache Android SDK	2026-06-06T12:23:03.2563710Z /usr/bin/tar: ../../../../../usr/local/lib/android/sdk/platforms/android-35-ext15/data/res/values-en-rIN-television: Cannot utime: Operation not permitted
build	Cache Android SDK	2026-06-06T12:23:03.2564719Z /usr/bin/tar: ../../../../../usr/local/lib/android/sdk/platforms/android-35-ext15/data/res/values-en-rIN-television: Cannot change mode to rwxr-xr-x: Operation not permitted
build	Cache Android SDK	2026-06-06T12:23:03.2566706Z /usr/bin/tar: ../../../../../usr/local/lib/android/sdk/platforms/android-35-ext15/data/res/values-mcc310-mnc270-nl: Cannot utime: Operation not permitted
build	Cache Android SDK	2026-06-06T12:23:03.2568013Z /usr/bin/tar: ../../../../../usr/local/lib/android/sdk/platforms/android-35-ext15/data/res/values-mcc310-mnc270-nl: Cannot change mode to rwxr-xr-x: Operation not permitted
build	Cache Android SDK	2026-06-06T12:23:03.2569623Z /usr/bin/tar: ../../../../../usr/local/lib/android/sdk/platforms/android-35-ext15/data/res/values-mcc334-mnc020-hu: Cannot utime: Operation not permitted
build	Cache Android SDK	2026-06-06T12:23:03.2570721Z /usr/bin/tar: ../../../../../usr/local/lib/android/sdk/platforms/android-35-ext15/data/res/values-mcc334-mnc020-hu: Cannot change mode to rwxr-xr-x: Operation not permitted
build	Cache Android SDK	2026-06-06T12:23:03.2572254Z /usr/bin/tar: ../../../../../usr/local/lib/android/sdk/platforms/android-35-ext15/data/res/values-mcc310-mnc220-gl: Cannot utime: Operation not permitted
build	Cache Android SDK	2026-06-06T12:23:03.2573230Z /usr/bin/tar: ../../../../../usr/local/lib/android/sdk/platforms/android-35-ext15/data/res/values-mcc310-mnc220-gl: Cannot change mode to rwxr-xr-x: Operation not permitted
build	Cache Android SDK	2026-06-06T12:23:03.2574945Z /usr/bin/tar: ../../../../../usr/local/lib/android/sdk/platforms/android-35-ext15/data/res/values-mcc310-mnc220-zh-rHK: Cannot utime: Operation not permitted
build	Cache Android SDK	2026-06-06T12:23:03.2576002Z /usr/bin/tar: ../../../../../usr/local/lib/android/sdk/platforms/android-35-ext15/data/res/values-mcc310-mnc220-zh-rHK: Cannot change mode to rwxr-xr-x: Operation not permitted
build	Cache Android SDK	2026-06-06T12:23:03.2577787Z /usr/bin/tar: ../../../../../usr/local/lib/android/sdk/platforms/android-35-ext15/data/res/values-sw720dp-w1280dp: Cannot utime: Operation not permitted
build	Cache Android SDK	2026-06-06T12:23:03.2578859Z /usr/bin/tar: ../../../../../usr/local/lib/android/sdk/platforms/android-35-ext15/data/res/values-sw720dp-w1280dp: Cannot change mode to rwxr-xr-x: Operation not permitted
build	Cache Android SDK	2026-06-06T12:23:03.2580359Z /usr/bin/tar: ../../../../../usr/local/lib/android/sdk/platforms/android-35-ext15/data/res/values-mcc310-mnc030-pt-rPT: Cannot utime: Operation not permitted
build	Cache Android SDK	2026-06-06T12:23:03.2581382Z /usr/bin/tar: ../../../../../usr/local/lib/android/sdk/platforms/android-35-ext15/data/res/values-mcc310-mnc030-pt-rPT: Cannot change mode to rwxr-xr-x: Operation not permitted
build	Cache Android SDK	2026-06-06T12:23:03.2582886Z /usr/bin/tar: ../../../../../usr/local/lib/android/sdk/platforms/android-35-ext15/data/res/values-mcc313-mnc100-ca: Cannot utime: Operation not permitted
build	Cache Android SDK	2026-06-06T12:23:03.2583952Z /usr/bin/tar: ../../../../../usr/local/lib/android/sdk/platforms/android-35-ext15/data/res/values-mcc313-mnc100-ca: Cannot change mode to rwxr-xr-x: Operation not permitted
build	Cache Android SDK	2026-06-06T12:23:03.2585472Z /usr/bin/tar: ../../../../../usr/local/lib/android/sdk/platforms/android-35-ext15/data/res/values-mcc310-mnc660-de: Cannot utime: Operation not permitted
build	Cache Android SDK	2026-06-06T12:23:03.2586568Z /usr/bin/tar: ../../../../../usr/local/lib/android/sdk/platforms/android-35-ext15/data/res/values-mcc310-mnc660-de: Cannot change mode to rwxr-xr-x: Operation not permitted
build	Cache Android SDK	2026-06-06T12:23:03.2589145Z /usr/bin/tar: ../../../../../usr/local/lib/android/sdk/platforms/android-35-ext15/data/res/values-mcc310-mnc160-fr-rCA: Cannot utime: Operation not permitted
build	Cache Android SDK	2026-06-06T12:23:03.2590205Z /usr/bin/tar: ../../../../../usr/local/lib/android/sdk/platforms/android-35-ext15/data/res/values-mcc310-mnc160-fr-rCA: Cannot change mode to rwxr-xr-x: Operation not permitted
build	Cache Android SDK	2026-06-06T12:23:03.2591729Z /usr/bin/tar: ../../../../../usr/local/lib/android/sdk/platforms/android-35-ext15/data/res/values-mcc312-mnc670-or: Cannot utime: Operation not permitted
build	Cache Android SDK	2026-06-06T12:23:03.2592700Z /usr/bin/tar: ../../../../../usr/local/lib/android/sdk/platforms/android-35-ext15/data/res/values-mcc312-mnc670-or: Cannot change mode to rwxr-xr-x: Operation not permitted
build	Cache Android SDK	2026-06-06T12:23:03.2594848Z /usr/bin/tar: ../../../../../usr/local/lib/android/sdk/platforms/android-35-ext15/data/res/values-mcc310-mnc210-da: Cannot utime: Operation not permitted
build	Cache Android SDK	2026-06-06T12:23:03.2595922Z /usr/bin/tar: ../../../../../usr/local/lib/android/sdk/platforms/android-35-ext15/data/res/values-mcc310-mnc210-da: Cannot change mode to rwxr-xr-x: Operation not permitted
build	Cache Android SDK	2026-06-06T12:23:03.2597812Z /usr/bin/tar: ../../../../../usr/local/lib/android/sdk/platforms/android-35-ext15/data/res/values-mcc310-mnc310-sk: Cannot utime: Operation not permitted
build	Cache Android SDK	2026-06-06T12:23:03.2598802Z /usr/bin/tar: ../../../../../usr/local/lib/android/sdk/platforms/android-35-ext15/data/res/values-mcc310-mnc310-sk: Cannot change mode to rwxr-xr-x: Operation not permitted
build	Cache Android SDK	2026-06-06T12:23:03.2601028Z /usr/bin/tar: ../../../../../usr/local/lib/android/sdk/platforms/android-35-ext15/data/res/values-mcc310-mnc200-in: Cannot utime: Operation not permitted
build	Cache Android SDK	2026-06-06T12:23:03.2602026Z /usr/bin/tar: ../../../../../usr/local/lib/android/sdk/platforms/android-35-ext15/data/res/values-mcc310-mnc200-in: Cannot change mode to rwxr-xr-x: Operation not permitted
build	Cache Android SDK	2026-06-06T12:23:03.2603775Z /usr/bin/tar: ../../../../../usr/local/lib/android/sdk/platforms/android-35-ext15/data/res/values-mcc310-mnc170-af: Cannot utime: Operation not permitted
build	Cache Android SDK	2026-06-06T12:23:03.2604783Z /usr/bin/tar: ../../../../../usr/local/lib/android/sdk/platforms/android-35-ext15/data/res/values-mcc310-mnc170-af: Cannot change mode to rwxr-xr-x: Operation not permitted
build	Cache Android SDK	2026-06-06T12:23:03.2610641Z /usr/bin/tar: ../../../../../usr/local/lib/android/sdk/platforms/android-35-ext15/data/res/values-hu: Cannot utime: Operation not permitted
build	Cache Android SDK	2026-06-06T12:23:03.2611680Z /usr/bin/tar: ../../../../../usr/local/lib/android/sdk/platforms/android-35-ext15/data/res/values-hu: Cannot change mode to rwxr-xr-x: Operation not permitted
build	Cache Android SDK	2026-06-06T12:23:03.2613222Z /usr/bin/tar: ../../../../../usr/local/lib/android/sdk/platforms/android-35-ext15/data/res/values-mcc310-mnc950-en-rXC: Cannot utime: Operation not permitted
build	Cache Android SDK	2026-06-06T12:23:03.2614212Z /usr/bin/tar: ../../../../../usr/local/lib/android/sdk/platforms/android-35-ext15/data/res/values-mcc310-mnc950-en-rXC: Cannot change mode to rwxr-xr-x: Operation not permitted
build	Cache Android SDK	2026-06-06T12:23:03.2616369Z /usr/bin/tar: ../../../../../usr/local/lib/android/sdk/platforms/android-35-ext15/data/res/values-mcc310: Cannot utime: Operation not permitted
build	Cache Android SDK	2026-06-06T12:23:03.2617286Z /usr/bin/tar: ../../../../../usr/local/lib/android/sdk/platforms/android-35-ext15/data/res/values-mcc310: Cannot change mode to rwxr-xr-x: Operation not permitted
build	Cache Android SDK	2026-06-06T12:23:03.2619579Z /usr/bin/tar: ../../../../../usr/local/lib/android/sdk/platforms/android-35-ext15/data/res/values-mcc312-mnc670-fi: Cannot utime: Operation not permitted
build	Cache Android SDK	2026-06-06T12:23:03.2620554Z /usr/bin/tar: ../../../../../usr/local/lib/android/sdk/platforms/android-35-ext15/data/res/values-mcc312-mnc670-fi: Cannot change mode to rwxr-xr-x: Operation not permitted
build	Cache Android SDK	2026-06-06T12:23:03.2622754Z /usr/bin/tar: ../../../../../usr/local/lib/android/sdk/platforms/android-35-ext15/data/res/values-es-rUS-television: Cannot utime: Operation not permitted
build	Cache Android SDK	2026-06-06T12:23:03.2623816Z /usr/bin/tar: ../../../../../usr/local/lib/android/sdk/platforms/android-35-ext15/data/res/values-es-rUS-television: Cannot change mode to rwxr-xr-x: Operation not permitted
build	Cache Android SDK	2026-06-06T12:23:03.2626007Z /usr/bin/tar: ../../../../../usr/local/lib/android/sdk/platforms/android-35-ext15/data/res/values-mcc310-mnc950-mn: Cannot utime: Operation not permitted
build	Cache Android SDK	2026-06-06T12:23:03.2626971Z /usr/bin/tar: ../../../../../usr/local/lib/android/sdk/platforms/android-35-ext15/data/res/values-mcc310-mnc950-mn: Cannot change mode to rwxr-xr-x: Operation not permitted
build	Cache Android SDK	2026-06-06T12:23:03.2629042Z /usr/bin/tar: ../../../../../usr/local/lib/android/sdk/platforms/android-35-ext15/data/res/values-mcc310-mnc660-et: Cannot utime: Operation not permitted
build	Cache Android SDK	2026-06-06T12:23:03.2629995Z /usr/bin/tar: ../../../../../usr/local/lib/android/sdk/platforms/android-35-ext15/data/res/values-mcc310-mnc660-et: Cannot change mode to rwxr-xr-x: Operation not permitted
build	Cache Android SDK	2026-06-06T12:23:03.2632012Z /usr/bin/tar: ../../../../../usr/local/lib/android/sdk/platforms/android-35-ext15/data/res/values-mcc310-mnc210-ar: Cannot utime: Operation not permitted
build	Cache Android SDK	2026-06-06T12:23:03.2633059Z /usr/bin/tar: ../../../../../usr/local/lib/android/sdk/platforms/android-35-ext15/data/res/values-mcc310-mnc210-ar: Cannot change mode to rwxr-xr-x: Operation not permitted
build	Cache Android SDK	2026-06-06T12:23:03.2635162Z /usr/bin/tar: ../../../../../usr/local/lib/android/sdk/platforms/android-35-ext15/data/res/values-mcc310-mnc270-hi: Cannot utime: Operation not permitted
build	Cache Android SDK	2026-06-06T12:23:03.2636113Z /usr/bin/tar: ../../../../../usr/local/lib/android/sdk/platforms/android-35-ext15/data/res/values-mcc310-mnc270-hi: Cannot change mode to rwxr-xr-x: Operation not permitted
build	Cache Android SDK	2026-06-06T12:23:03.2638345Z /usr/bin/tar: ../../../../../usr/local/lib/android/sdk/platforms/android-35-ext15/data/res/values-mcc311-mnc180-in: Cannot utime: Operation not permitted
build	Cache Android SDK	2026-06-06T12:23:03.2639308Z /usr/bin/tar: ../../../../../usr/local/lib/android/sdk/platforms/android-35-ext15/data/res/values-mcc311-mnc180-in: Cannot change mode to rwxr-xr-x: Operation not permitted
build	Cache Android SDK	2026-06-06T12:23:03.2641469Z /usr/bin/tar: ../../../../../usr/local/lib/android/sdk/platforms/android-35-ext15/data/res/values-mcc310-mnc240-hy: Cannot utime: Operation not permitted
build	Cache Android SDK	2026-06-06T12:23:03.2642426Z /usr/bin/tar: ../../../../../usr/local/lib/android/sdk/platforms/android-35-ext15/data/res/values-mcc310-mnc240-hy: Cannot change mode to rwxr-xr-x: Operation not permitted
build	Cache Android SDK	2026-06-06T12:23:03.2646731Z /usr/bin/tar: ../../../../../usr/local/lib/android/sdk/platforms/android-35-ext15/data/res/values-lv-watch: Cannot utime: Operation not permitted
build	Cache Android SDK	2026-06-06T12:23:03.2648139Z /usr/bin/tar: ../../../../../usr/local/lib/android/sdk/platforms/android-35-ext15/data/res/values-lv-watch: Cannot change mode to rwxr-xr-x: Operation not permitted
build	Cache Android SDK	2026-06-06T12:23:03.2649078Z /usr/bin/tar: ../../../../../usr/local/lib/android/sdk/platforms/android-35-ext15/data/res/values-mcc302-mnc720-ta: Cannot utime: Operation not permitted
build	Cache Android SDK	2026-06-06T12:23:03.2650103Z /usr/bin/tar: ../../../../../usr/local/lib/android/sdk/platforms/android-35-ext15/data/res/values-mcc302-mnc720-ta: Cannot change mode to rwxr-xr-x: Operation not permitted
build	Cache Android SDK	2026-06-06T12:23:03.2651418Z /usr/bin/tar: ../../../../../usr/local/lib/android/sdk/platforms/android-35-ext15/data/res/values-mcc310-mnc200-th: Cannot utime: Operation not permitted
build	Cache Android SDK	2026-06-06T12:23:03.2652363Z /usr/bin/tar: ../../../../../usr/local/lib/android/sdk/platforms/android-35-ext15/data/res/values-mcc310-mnc200-th: Cannot change mode to rwxr-xr-x: Operation not permitted
build	Cache Android SDK	2026-06-06T12:23:03.2654219Z /usr/bin/tar: ../../../../../usr/local/lib/android/sdk/platforms/android-35-ext15/data/res/values-mcc310-mnc160-ta: Cannot utime: Operation not permitted
build	Cache Android SDK	2026-06-06T12:23:03.2655171Z /usr/bin/tar: ../../../../../usr/local/lib/android/sdk/platforms/android-35-ext15/data/res/values-mcc310-mnc160-ta: Cannot change mode to rwxr-xr-x: Operation not permitted
build	Cache Android SDK	2026-06-06T12:23:03.2657171Z /usr/bin/tar: ../../../../../usr/local/lib/android/sdk/platforms/android-35-ext15/data/res/values-mcc310-mnc210-lt: Cannot utime: Operation not permitted
build	Cache Android SDK	2026-06-06T12:23:03.2658337Z /usr/bin/tar: ../../../../../usr/local/lib/android/sdk/platforms/android-35-ext15/data/res/values-mcc310-mnc210-lt: Cannot change mode to rwxr-xr-x: Operation not permitted
build	Cache Android SDK	2026-06-06T12:23:03.2660181Z /usr/bin/tar: ../../../../../usr/local/lib/android/sdk/platforms/android-35-ext15/data/res/values-mcc310-mnc490-my: Cannot utime: Operation not permitted
build	Cache Android SDK	2026-06-06T12:23:03.2661136Z /usr/bin/tar: ../../../../../usr/local/lib/android/sdk/platforms/android-35-ext15/data/res/values-mcc310-mnc490-my: Cannot change mode to rwxr-xr-x: Operation not permitted
build	Cache Android SDK	2026-06-06T12:23:03.2663305Z /usr/bin/tar: ../../../../../usr/local/lib/android/sdk/platforms/android-35-ext15/data/res/values-it-watch: Cannot utime: Operation not permitted
build	Cache Android SDK	2026-06-06T12:23:03.2664216Z /usr/bin/tar: ../../../../../usr/local/lib/android/sdk/platforms/android-35-ext15/data/res/values-it-watch: Cannot change mode to rwxr-xr-x: Operation not permitted
build	Cache Android SDK	2026-06-06T12:23:03.2666595Z /usr/bin/tar: ../../../../../usr/local/lib/android/sdk/platforms/android-35-ext15/data/res/values-mcc310-mnc240-ja: Cannot utime: Operation not permitted
build	Cache Android SDK	2026-06-06T12:23:03.2667657Z /usr/bin/tar: ../../../../../usr/local/lib/android/sdk/platforms/android-35-ext15/data/res/values-mcc310-mnc240-ja: Cannot change mode to rwxr-xr-x: Operation not permitted
build	Cache Android SDK	2026-06-06T12:23:03.2669753Z /usr/bin/tar: ../../../../../usr/local/lib/android/sdk/platforms/android-35-ext15/data/res/values-mcc310-mnc210-zu: Cannot utime: Operation not permitted
build	Cache Android SDK	2026-06-06T12:23:03.2670802Z /usr/bin/tar: ../../../../../usr/local/lib/android/sdk/platforms/android-35-ext15/data/res/values-mcc310-mnc210-zu: Cannot change mode to rwxr-xr-x: Operation not permitted
build	Cache Android SDK	2026-06-06T12:23:03.2673154Z /usr/bin/tar: ../../../../../usr/local/lib/android/sdk/platforms/android-35-ext15/data/res/values-mcc310-mnc250-pa: Cannot utime: Operation not permitted
build	Cache Android SDK	2026-06-06T12:23:03.2674709Z /usr/bin/tar: ../../../../../usr/local/lib/android/sdk/platforms/android-35-ext15/data/res/values-mcc310-mnc250-pa: Cannot change mode to rwxr-xr-x: Operation not permitted
build	Cache Android SDK	2026-06-06T12:23:03.2675793Z /usr/bin/tar: ../../../../../usr/local/lib/android/sdk/platforms/android-35-ext15/data/res/values-mcc310-mnc030-sr: Cannot utime: Operation not permitted
build	Cache Android SDK	2026-06-06T12:23:03.2676874Z /usr/bin/tar: ../../../../../usr/local/lib/android/sdk/platforms/android-35-ext15/data/res/values-mcc310-mnc030-sr: Cannot change mode to rwxr-xr-x: Operation not permitted
build	Cache Android SDK	2026-06-06T12:23:03.2679339Z /usr/bin/tar: ../../../../../usr/local/lib/android/sdk/platforms/android-35-ext15/data/res/values-mcc310-mnc950-pt: Cannot utime: Operation not permitted
build	Cache Android SDK	2026-06-06T12:23:03.2680322Z /usr/bin/tar: ../../../../../usr/local/lib/android/sdk/platforms/android-35-ext15/data/res/values-mcc310-mnc950-pt: Cannot change mode to rwxr-xr-x: Operation not permitted
build	Cache Android SDK	2026-06-06T12:23:03.2682370Z /usr/bin/tar: ../../../../../usr/local/lib/android/sdk/platforms/android-35-ext15/data/res/values-mcc310-mnc560-pa: Cannot utime: Operation not permitted
build	Cache Android SDK	2026-06-06T12:23:03.2683324Z /usr/bin/tar: ../../../../../usr/local/lib/android/sdk/platforms/android-35-ext15/data/res/values-mcc310-mnc560-pa: Cannot change mode to rwxr-xr-x: Operation not permitted
build	Cache Android SDK	2026-06-06T12:23:03.2685905Z /usr/bin/tar: ../../../../../usr/local/lib/android/sdk/platforms/android-35-ext15/data/res/values-mcc310-mnc220-es-rUS: Cannot utime: Operation not permitted
build	Cache Android SDK	2026-06-06T12:23:03.2686892Z /usr/bin/tar: ../../../../../usr/local/lib/android/sdk/platforms/android-35-ext15/data/res/values-mcc310-mnc220-es-rUS: Cannot change mode to rwxr-xr-x: Operation not permitted
build	Cache Android SDK	2026-06-06T12:23:03.2689001Z /usr/bin/tar: ../../../../../usr/local/lib/android/sdk/platforms/android-35-ext15/data/res/values-mcc310-mnc660-bg: Cannot utime: Operation not permitted
build	Cache Android SDK	2026-06-06T12:23:03.2690105Z /usr/bin/tar: ../../../../../usr/local/lib/android/sdk/platforms/android-35-ext15/data/res/values-mcc310-mnc660-bg: Cannot change mode to rwxr-xr-x: Operation not permitted
build	Cache Android SDK	2026-06-06T12:23:03.2692082Z /usr/bin/tar: ../../../../../usr/local/lib/android/sdk/platforms/android-35-ext15/data/res/values-mcc310-mnc380-fa: Cannot utime: Operation not permitted
build	Cache Android SDK	2026-06-06T12:23:03.2693047Z /usr/bin/tar: ../../../../../usr/local/lib/android/sdk/platforms/android-35-ext15/data/res/values-mcc310-mnc380-fa: Cannot change mode to rwxr-xr-x: Operation not permitted
build	Cache Android SDK	2026-06-06T12:23:03.2695169Z /usr/bin/tar: ../../../../../usr/local/lib/android/sdk/platforms/android-35-ext15/data/res/values-mcc001-mnc01-km: Cannot utime: Operation not permitted
build	Cache Android SDK	2026-06-06T12:23:03.2696121Z /usr/bin/tar: ../../../../../usr/local/lib/android/sdk/platforms/android-35-ext15/data/res/values-mcc001-mnc01-km: Cannot change mode to rwxr-xr-x: Operation not permitted
build	Cache Android SDK	2026-06-06T12:23:03.2698413Z /usr/bin/tar: ../../../../../usr/local/lib/android/sdk/platforms/android-35-ext15/data/res/values-mcc310-mnc030-el: Cannot utime: Operation not permitted
build	Cache Android SDK	2026-06-06T12:23:03.2699453Z /usr/bin/tar: ../../../../../usr/local/lib/android/sdk/platforms/android-35-ext15/data/res/values-mcc310-mnc030-el: Cannot change mode to rwxr-xr-x: Operation not permitted
build	Cache Android SDK	2026-06-06T12:23:03.2701788Z /usr/bin/tar: ../../../../../usr/local/lib/android/sdk/platforms/android-35-ext15/data/res/values-mcc310-mnc660-ky: Cannot utime: Operation not permitted
build	Cache Android SDK	2026-06-06T12:23:03.2702761Z /usr/bin/tar: ../../../../../usr/local/lib/android/sdk/platforms/android-35-ext15/data/res/values-mcc310-mnc660-ky: Cannot change mode to rwxr-xr-x: Operation not permitted
build	Cache Android SDK	2026-06-06T12:23:03.2704781Z /usr/bin/tar: ../../../../../usr/local/lib/android/sdk/platforms/android-35-ext15/data/res/values-mcc310-mnc210-uz: Cannot utime: Operation not permitted
build	Cache Android SDK	2026-06-06T12:23:03.2705736Z /usr/bin/tar: ../../../../../usr/local/lib/android/sdk/platforms/android-35-ext15/data/res/values-mcc310-mnc210-uz: Cannot change mode to rwxr-xr-x: Operation not permitted
build	Cache Android SDK	2026-06-06T12:23:03.2708122Z /usr/bin/tar: ../../../../../usr/local/lib/android/sdk/platforms/android-35-ext15/data/res/values-mcc310-mnc310-ur: Cannot utime: Operation not permitted
build	Cache Android SDK	2026-06-06T12:23:03.2709088Z /usr/bin/tar: ../../../../../usr/local/lib/android/sdk/platforms/android-35-ext15/data/res/values-mcc310-mnc310-ur: Cannot change mode to rwxr-xr-x: Operation not permitted
build	Cache Android SDK	2026-06-06T12:23:03.2711260Z /usr/bin/tar: ../../../../../usr/local/lib/android/sdk/platforms/android-35-ext15/data/res/values-mcc310-mnc270-kn: Cannot utime: Operation not permitted
build	Cache Android SDK	2026-06-06T12:23:03.2712308Z /usr/bin/tar: ../../../../../usr/local/lib/android/sdk/platforms/android-35-ext15/data/res/values-mcc310-mnc270-kn: Cannot change mode to rwxr-xr-x: Operation not permitted
build	Cache Android SDK	2026-06-06T12:23:03.2714475Z /usr/bin/tar: ../../../../../usr/local/lib/android/sdk/platforms/android-35-ext15/data/res/values-mcc302-mnc370-or: Cannot utime: Operation not permitted
build	Cache Android SDK	2026-06-06T12:23:03.2715439Z /usr/bin/tar: ../../../../../usr/local/lib/android/sdk/platforms/android-35-ext15/data/res/values-mcc302-mnc370-or: Cannot change mode to rwxr-xr-x: Operation not permitted
build	Cache Android SDK	2026-06-06T12:23:03.2719497Z /usr/bin/tar: ../../../../../usr/local/lib/android/sdk/platforms/android-35-ext15/data/res/values-mcc310-mnc150-hr: Cannot utime: Operation not permitted
build	Cache Android SDK	2026-06-06T12:23:03.2720462Z /usr/bin/tar: ../../../../../usr/local/lib/android/sdk/platforms/android-35-ext15/data/res/values-mcc310-mnc150-hr: Cannot change mode to rwxr-xr-x: Operation not permitted
build	Cache Android SDK	2026-06-06T12:23:03.2726022Z /usr/bin/tar: ../../../../../usr/local/lib/android/sdk/platforms/android-35-ext15/data/res/values-te: Cannot utime: Operation not permitted
build	Cache Android SDK	2026-06-06T12:23:03.2726918Z /usr/bin/tar: ../../../../../usr/local/lib/android/sdk/platforms/android-35-ext15/data/res/values-te: Cannot change mode to rwxr-xr-x: Operation not permitted
build	Cache Android SDK	2026-06-06T12:23:03.2729412Z /usr/bin/tar: ../../../../../usr/local/lib/android/sdk/platforms/android-35-ext15/data/res/values-fr-masculine: Cannot utime: Operation not permitted
build	Cache Android SDK	2026-06-06T12:23:03.2730493Z /usr/bin/tar: ../../../../../usr/local/lib/android/sdk/platforms/android-35-ext15/data/res/values-fr-masculine: Cannot change mode to rwxr-xr-x: Operation not permitted
build	Cache Android SDK	2026-06-06T12:23:03.2732464Z /usr/bin/tar: ../../../../../usr/local/lib/android/sdk/platforms/android-35-ext15/data/res/values-mcc310-mnc490-es-rUS: Cannot utime: Operation not permitted
build	Cache Android SDK	2026-06-06T12:23:03.2733454Z /usr/bin/tar: ../../../../../usr/local/lib/android/sdk/platforms/android-35-ext15/data/res/values-mcc310-mnc490-es-rUS: Cannot change mode to rwxr-xr-x: Operation not permitted
build	Cache Android SDK	2026-06-06T12:23:03.2735707Z /usr/bin/tar: ../../../../../usr/local/lib/android/sdk/platforms/android-35-ext15/data/res/values-mcc310-mnc310-pt: Cannot utime: Operation not permitted
build	Cache Android SDK	2026-06-06T12:23:03.2736715Z /usr/bin/tar: ../../../../../usr/local/lib/android/sdk/platforms/android-35-ext15/data/res/values-mcc310-mnc310-pt: Cannot change mode to rwxr-xr-x: Operation not permitted
build	Cache Android SDK	2026-06-06T12:23:03.2739034Z /usr/bin/tar: ../../../../../usr/local/lib/android/sdk/platforms/android-35-ext15/data/res/values-mcc310-mnc200-bg: Cannot utime: Operation not permitted
build	Cache Android SDK	2026-06-06T12:23:03.2740095Z /usr/bin/tar: ../../../../../usr/local/lib/android/sdk/platforms/android-35-ext15/data/res/values-mcc310-mnc200-bg: Cannot change mode to rwxr-xr-x: Operation not permitted
build	Cache Android SDK	2026-06-06T12:23:03.2742102Z /usr/bin/tar: ../../../../../usr/local/lib/android/sdk/platforms/android-35-ext15/data/res/values-mcc312-mnc670-fr: Cannot utime: Operation not permitted
build	Cache Android SDK	2026-06-06T12:23:03.2743073Z /usr/bin/tar: ../../../../../usr/local/lib/android/sdk/platforms/android-35-ext15/data/res/values-mcc312-mnc670-fr: Cannot change mode to rwxr-xr-x: Operation not permitted
build	Cache Android SDK	2026-06-06T12:23:03.2745337Z /usr/bin/tar: ../../../../../usr/local/lib/android/sdk/platforms/android-35-ext15/data/res/values-mcc310-mnc560-th: Cannot utime: Operation not permitted
build	Cache Android SDK	2026-06-06T12:23:03.2746286Z /usr/bin/tar: ../../../../../usr/local/lib/android/sdk/platforms/android-35-ext15/data/res/values-mcc310-mnc560-th: Cannot change mode to rwxr-xr-x: Operation not permitted
build	Cache Android SDK	2026-06-06T12:23:03.2748610Z /usr/bin/tar: ../../../../../usr/local/lib/android/sdk/platforms/android-35-ext15/data/res/values-mcc312-mnc670-ta: Cannot utime: Operation not permitted
build	Cache Android SDK	2026-06-06T12:23:03.2749553Z /usr/bin/tar: ../../../../../usr/local/lib/android/sdk/platforms/android-35-ext15/data/res/values-mcc312-mnc670-ta: Cannot change mode to rwxr-xr-x: Operation not permitted
build	Cache Android SDK	2026-06-06T12:23:03.2751704Z /usr/bin/tar: ../../../../../usr/local/lib/android/sdk/platforms/android-35-ext15/data/res/values-mcc312-mnc670-tr: Cannot utime: Operation not permitted
build	Cache Android SDK	2026-06-06T12:23:03.2752665Z /usr/bin/tar: ../../../../../usr/local/lib/android/sdk/platforms/android-35-ext15/data/res/values-mcc312-mnc670-tr: Cannot change mode to rwxr-xr-x: Operation not permitted
build	Cache Android SDK	2026-06-06T12:23:03.2754727Z /usr/bin/tar: ../../../../../usr/local/lib/android/sdk/platforms/android-35-ext15/data/res/values-mcc310-mnc210-zh-rTW: Cannot utime: Operation not permitted
build	Cache Android SDK	2026-06-06T12:23:03.2755720Z /usr/bin/tar: ../../../../../usr/local/lib/android/sdk/platforms/android-35-ext15/data/res/values-mcc310-mnc210-zh-rTW: Cannot change mode to rwxr-xr-x: Operation not permitted
build	Cache Android SDK	2026-06-06T12:23:03.2758722Z /usr/bin/tar: ../../../../../usr/local/lib/android/sdk/platforms/android-35-ext15/data/res/raw-de: Cannot utime: Operation not permitted
build	Cache Android SDK	2026-06-06T12:23:03.2759591Z /usr/bin/tar: ../../../../../usr/local/lib/android/sdk/platforms/android-35-ext15/data/res/raw-de: Cannot change mode to rwxr-xr-x: Operation not permitted
build	Cache Android SDK	2026-06-06T12:23:03.2763627Z /usr/bin/tar: ../../../../../usr/local/lib/android/sdk/platforms/android-35-ext15/data/res/values-mcc312-mnc670-zh-rHK: Cannot utime: Operation not permitted
build	Cache Android SDK	2026-06-06T12:23:03.2764675Z /usr/bin/tar: ../../../../../usr/local/lib/android/sdk/platforms/android-35-ext15/data/res/values-mcc312-mnc670-zh-rHK: Cannot change mode to rwxr-xr-x: Operation not permitted
build	Cache Android SDK	2026-06-06T12:23:03.2769022Z /usr/bin/tar: ../../../../../usr/local/lib/android/sdk/platforms/android-35-ext15/data/res/values-mcc302-mnc370-ro: Cannot utime: Operation not permitted
build	Cache Android SDK	2026-06-06T12:23:03.2769978Z /usr/bin/tar: ../../../../../usr/local/lib/android/sdk/platforms/android-35-ext15/data/res/values-mcc302-mnc370-ro: Cannot change mode to rwxr-xr-x: Operation not permitted
build	Cache Android SDK	2026-06-06T12:23:03.2772712Z /usr/bin/tar: ../../../../../usr/local/lib/android/sdk/platforms/android-35-ext15/data/res/values-mcc310-mnc240-mn: Cannot utime: Operation not permitted
build	Cache Android SDK	2026-06-06T12:23:03.2773670Z /usr/bin/tar: ../../../../../usr/local/lib/android/sdk/platforms/android-35-ext15/data/res/values-mcc310-mnc240-mn: Cannot change mode to rwxr-xr-x: Operation not permitted
build	Cache Android SDK	2026-06-06T12:23:03.2776011Z /usr/bin/tar: ../../../../../usr/local/lib/android/sdk/platforms/android-35-ext15/data/res/values-mcc310-mnc240-bn: Cannot utime: Operation not permitted
build	Cache Android SDK	2026-06-06T12:23:03.2776968Z /usr/bin/tar: ../../../../../usr/local/lib/android/sdk/platforms/android-35-ext15/data/res/values-mcc310-mnc240-bn: Cannot change mode to rwxr-xr-x: Operation not permitted
build	Cache Android SDK	2026-06-06T12:23:03.2779451Z /usr/bin/tar: ../../../../../usr/local/lib/android/sdk/platforms/android-35-ext15/data/res/values-mcc310-mnc560-be: Cannot utime: Operation not permitted
build	Cache Android SDK	2026-06-06T12:23:03.2780407Z /usr/bin/tar: ../../../../../usr/local/lib/android/sdk/platforms/android-35-ext15/data/res/values-mcc310-mnc560-be: Cannot change mode to rwxr-xr-x: Operation not permitted
build	Cache Android SDK	2026-06-06T12:23:03.2782764Z /usr/bin/tar: ../../../../../usr/local/lib/android/sdk/platforms/android-35-ext15/data/res/values-mcc313-mnc100-th: Cannot utime: Operation not permitted
build	Cache Android SDK	2026-06-06T12:23:03.2783792Z /usr/bin/tar: ../../../../../usr/local/lib/android/sdk/platforms/android-35-ext15/data/res/values-mcc313-mnc100-th: Cannot change mode to rwxr-xr-x: Operation not permitted
build	Cache Android SDK	2026-06-06T12:23:03.2785950Z /usr/bin/tar: ../../../../../usr/local/lib/android/sdk/platforms/android-35-ext15/data/res/values-mcc310-mnc220-el: Cannot utime: Operation not permitted
build	Cache Android SDK	2026-06-06T12:23:03.2786920Z /usr/bin/tar: ../../../../../usr/local/lib/android/sdk/platforms/android-35-ext15/data/res/values-mcc310-mnc220-el: Cannot change mode to rwxr-xr-x: Operation not permitted
build	Cache Android SDK	2026-06-06T12:23:03.2789785Z /usr/bin/tar: ../../../../../usr/local/lib/android/sdk/platforms/android-35-ext15/data/res/values-mcc311-mnc180-si: Cannot utime: Operation not permitted
build	Cache Android SDK	2026-06-06T12:23:03.2790746Z /usr/bin/tar: ../../../../../usr/local/lib/android/sdk/platforms/android-35-ext15/data/res/values-mcc311-mnc180-si: Cannot change mode to rwxr-xr-x: Operation not permitted
build	Cache Android SDK	2026-06-06T12:23:03.2792681Z /usr/bin/tar: ../../../../../usr/local/lib/android/sdk/platforms/android-35-ext15/data/res/values-mcc310-mnc250-uk: Cannot utime: Operation not permitted
build	Cache Android SDK	2026-06-06T12:23:03.2793636Z /usr/bin/tar: ../../../../../usr/local/lib/android/sdk/platforms/android-35-ext15/data/res/values-mcc310-mnc250-uk: Cannot change mode to rwxr-xr-x: Operation not permitted
build	Cache Android SDK	2026-06-06T12:23:03.2795635Z /usr/bin/tar: ../../../../../usr/local/lib/android/sdk/platforms/android-35-ext15/data/res/values-mcc313-mnc100-en-rCA: Cannot utime: Operation not permitted
build	Cache Android SDK	2026-06-06T12:23:03.2796631Z /usr/bin/tar: ../../../../../usr/local/lib/android/sdk/platforms/android-35-ext15/data/res/values-mcc313-mnc100-en-rCA: Cannot change mode to rwxr-xr-x: Operation not permitted
build	Cache Android SDK	2026-06-06T12:23:03.2799528Z /usr/bin/tar: ../../../../../usr/local/lib/android/sdk/platforms/android-35-ext15/data/res/raw-ar: Cannot utime: Operation not permitted
build	Cache Android SDK	2026-06-06T12:23:03.2800955Z /usr/bin/tar: ../../../../../usr/local/lib/android/sdk/platforms/android-35-ext15/data/res/raw-ar: Cannot change mode to rwxr-xr-x: Operation not permitted
build	Cache Android SDK	2026-06-06T12:23:03.2812536Z /usr/bin/tar: ../../../../../usr/local/lib/android/sdk/platforms/android-35-ext15/data/res/values-mcc310-mnc660-ro: Cannot utime: Operation not permitted
build	Cache Android SDK	2026-06-06T12:23:03.2813977Z /usr/bin/tar: ../../../../../usr/local/lib/android/sdk/platforms/android-35-ext15/data/res/values-mcc310-mnc660-ro: Cannot change mode to rwxr-xr-x: Operation not permitted
build	Cache Android SDK	2026-06-06T12:23:03.2815643Z /usr/bin/tar: ../../../../../usr/local/lib/android/sdk/platforms/android-35-ext15/data/res/values-mcc312-mnc670-az: Cannot utime: Operation not permitted
build	Cache Android SDK	2026-06-06T12:23:03.2817028Z /usr/bin/tar: ../../../../../usr/local/lib/android/sdk/platforms/android-35-ext15/data/res/values-mcc312-mnc670-az: Cannot change mode to rwxr-xr-x: Operation not permitted
build	Cache Android SDK	2026-06-06T12:23:03.2818398Z /usr/bin/tar: ../../../../../usr/local/lib/android/sdk/platforms/android-35-ext15/data/res/values-mcc310-mnc250-in: Cannot utime: Operation not permitted
build	Cache Android SDK	2026-06-06T12:23:03.2819853Z /usr/bin/tar: ../../../../../usr/local/lib/android/sdk/platforms/android-35-ext15/data/res/values-mcc310-mnc250-in: Cannot change mode to rwxr-xr-x: Operation not permitted
build	Cache Android SDK	2026-06-06T12:23:03.2821644Z /usr/bin/tar: ../../../../../usr/local/lib/android/sdk/platforms/android-35-ext15/data/res/values-mcc313-mnc100-iw: Cannot utime: Operation not permitted
build	Cache Android SDK	2026-06-06T12:23:03.2823200Z /usr/bin/tar: ../../../../../usr/local/lib/android/sdk/platforms/android-35-ext15/data/res/values-mcc313-mnc100-iw: Cannot change mode to rwxr-xr-x: Operation not permitted
build	Cache Android SDK	2026-06-06T12:23:03.2824492Z /usr/bin/tar: ../../../../../usr/local/lib/android/sdk/platforms/android-35-ext15/data/res/values-w170dp-notround-watch: Cannot utime: Operation not permitted
build	Cache Android SDK	2026-06-06T12:23:03.2825489Z /usr/bin/tar: ../../../../../usr/local/lib/android/sdk/platforms/android-35-ext15/data/res/values-w170dp-notround-watch: Cannot change mode to rwxr-xr-x: Operation not permitted
build	Cache Android SDK	2026-06-06T12:23:03.2826601Z /usr/bin/tar: ../../../../../usr/local/lib/android/sdk/platforms/android-35-ext15/data/res/values-pa: Cannot utime: Operation not permitted
build	Cache Android SDK	2026-06-06T12:23:03.2827742Z /usr/bin/tar: ../../../../../usr/local/lib/android/sdk/platforms/android-35-ext15/data/res/values-pa: Cannot change mode to rwxr-xr-x: Operation not permitted
build	Cache Android SDK	2026-06-06T12:23:03.2828661Z /usr/bin/tar: ../../../../../usr/local/lib/android/sdk/platforms/android-35-ext15/data/res/values-mcc310-mnc240-sl: Cannot utime: Operation not permitted
build	Cache Android SDK	2026-06-06T12:23:03.2829790Z /usr/bin/tar: ../../../../../usr/local/lib/android/sdk/platforms/android-35-ext15/data/res/values-mcc310-mnc240-sl: Cannot change mode to rwxr-xr-x: Operation not permitted
build	Cache Android SDK	2026-06-06T12:23:03.2830915Z /usr/bin/tar: ../../../../../usr/local/lib/android/sdk/platforms/android-35-ext15/data/res/values-mcc310-mnc490-ky: Cannot utime: Operation not permitted
build	Cache Android SDK	2026-06-06T12:23:03.2831934Z /usr/bin/tar: ../../../../../usr/local/lib/android/sdk/platforms/android-35-ext15/data/res/values-mcc310-mnc490-ky: Cannot change mode to rwxr-xr-x: Operation not permitted
build	Cache Android SDK	2026-06-06T12:23:03.2834169Z /usr/bin/tar: ../../../../../usr/local/lib/android/sdk/platforms/android-35-ext15/data/res/values-mcc310-mnc170-pt-rPT: Cannot utime: Operation not permitted
build	Cache Android SDK	2026-06-06T12:23:03.2835159Z /usr/bin/tar: ../../../../../usr/local/lib/android/sdk/platforms/android-35-ext15/data/res/values-mcc310-mnc170-pt-rPT: Cannot change mode to rwxr-xr-x: Operation not permitted
build	Cache Android SDK	2026-06-06T12:23:03.2837235Z /usr/bin/tar: ../../../../../usr/local/lib/android/sdk/platforms/android-35-ext15/data/res/values-mcc310-mnc560-bg: Cannot utime: Operation not permitted
build	Cache Android SDK	2026-06-06T12:23:03.2838343Z /usr/bin/tar: ../../../../../usr/local/lib/android/sdk/platforms/android-35-ext15/data/res/values-mcc310-mnc560-bg: Cannot change mode to rwxr-xr-x: Operation not permitted
build	Cache Android SDK	2026-06-06T12:23:03.2840241Z /usr/bin/tar: ../../../../../usr/local/lib/android/sdk/platforms/android-35-ext15/data/res/values-mcc310-mnc150-en-rCA: Cannot utime: Operation not permitted
build	Cache Android SDK	2026-06-06T12:23:03.2841239Z /usr/bin/tar: ../../../../../usr/local/lib/android/sdk/platforms/android-35-ext15/data/res/values-mcc310-mnc150-en-rCA: Cannot change mode to rwxr-xr-x: Operation not permitted
build	Cache Android SDK	2026-06-06T12:23:03.2843200Z /usr/bin/tar: ../../../../../usr/local/lib/android/sdk/platforms/android-35-ext15/data/res/values-mcc310-mnc800-es: Cannot utime: Operation not permitted
build	Cache Android SDK	2026-06-06T12:23:03.2844234Z /usr/bin/tar: ../../../../../usr/local/lib/android/sdk/platforms/android-35-ext15/data/res/values-mcc310-mnc800-es: Cannot change mode to rwxr-xr-x: Operation not permitted
build	Cache Android SDK	2026-06-06T12:23:03.2846307Z /usr/bin/tar: ../../../../../usr/local/lib/android/sdk/platforms/android-35-ext15/data/res/values-mcc001-mnc01-cs: Cannot utime: Operation not permitted
build	Cache Android SDK	2026-06-06T12:23:03.2847272Z /usr/bin/tar: ../../../../../usr/local/lib/android/sdk/platforms/android-35-ext15/data/res/values-mcc001-mnc01-cs: Cannot change mode to rwxr-xr-x: Operation not permitted
build	Cache Android SDK	2026-06-06T12:23:03.2849746Z /usr/bin/tar: ../../../../../usr/local/lib/android/sdk/platforms/android-35-ext15/data/res/values-mcc311-mnc180-tr: Cannot utime: Operation not permitted
build	Cache Android SDK	2026-06-06T12:23:03.2850711Z /usr/bin/tar: ../../../../../usr/local/lib/android/sdk/platforms/android-35-ext15/data/res/values-mcc311-mnc180-tr: Cannot change mode to rwxr-xr-x: Operation not permitted
build	Cache Android SDK	2026-06-06T12:23:03.2852557Z /usr/bin/tar: ../../../../../usr/local/lib/android/sdk/platforms/android-35-ext15/data/res/values-mcc310-mnc030-vi: Cannot utime: Operation not permitted
build	Cache Android SDK	2026-06-06T12:23:03.2853615Z /usr/bin/tar: ../../../../../usr/local/lib/android/sdk/platforms/android-35-ext15/data/res/values-mcc310-mnc030-vi: Cannot change mode to rwxr-xr-x: Operation not permitted
build	Cache Android SDK	2026-06-06T12:23:03.2855379Z /usr/bin/tar: ../../../../../usr/local/lib/android/sdk/platforms/android-35-ext15/data/res/values-mcc310-mnc280-sw: Cannot utime: Operation not permitted
build	Cache Android SDK	2026-06-06T12:23:03.2856354Z /usr/bin/tar: ../../../../../usr/local/lib/android/sdk/platforms/android-35-ext15/data/res/values-mcc310-mnc280-sw: Cannot change mode to rwxr-xr-x: Operation not permitted
build	Cache Android SDK	2026-06-06T12:23:03.2858506Z /usr/bin/tar: ../../../../../usr/local/lib/android/sdk/platforms/android-35-ext15/data/res/values-mcc302-mnc720-hr: Cannot utime: Operation not permitted
build	Cache Android SDK	2026-06-06T12:23:03.2859470Z /usr/bin/tar: ../../../../../usr/local/lib/android/sdk/platforms/android-35-ext15/data/res/values-mcc302-mnc720-hr: Cannot change mode to rwxr-xr-x: Operation not permitted
build	Cache Android SDK	2026-06-06T12:23:03.2861543Z /usr/bin/tar: ../../../../../usr/local/lib/android/sdk/platforms/android-35-ext15/data/res/values-mcc310-mnc170-fi: Cannot utime: Operation not permitted
build	Cache Android SDK	2026-06-06T12:23:03.2862486Z /usr/bin/tar: ../../../../../usr/local/lib/android/sdk/platforms/android-35-ext15/data/res/values-mcc310-mnc170-fi: Cannot change mode to rwxr-xr-x: Operation not permitted
build	Cache Android SDK	2026-06-06T12:23:03.2865147Z /usr/bin/tar: ../../../../../usr/local/lib/android/sdk/platforms/android-35-ext15/data/res/values-mcc312-mnc670-es-rUS: Cannot utime: Operation not permitted
build	Cache Android SDK	2026-06-06T12:23:03.2866340Z /usr/bin/tar: ../../../../../usr/local/lib/android/sdk/platforms/android-35-ext15/data/res/values-mcc312-mnc670-es-rUS: Cannot change mode to rwxr-xr-x: Operation not permitted
build	Cache Android SDK	2026-06-06T12:23:03.2868575Z /usr/bin/tar: ../../../../../usr/local/lib/android/sdk/platforms/android-35-ext15/data/res/values-w198dp: Cannot utime: Operation not permitted
build	Cache Android SDK	2026-06-06T12:23:03.2869628Z /usr/bin/tar: ../../../../../usr/local/lib/android/sdk/platforms/android-35-ext15/data/res/values-w198dp: Cannot change mode to rwxr-xr-x: Operation not permitted
build	Cache Android SDK	2026-06-06T12:23:03.2871279Z /usr/bin/tar: ../../../../../usr/local/lib/android/sdk/platforms/android-35-ext15/data/res/values-mcc310-mnc280-ne: Cannot utime: Operation not permitted
build	Cache Android SDK	2026-06-06T12:23:03.2872234Z /usr/bin/tar: ../../../../../usr/local/lib/android/sdk/platforms/android-35-ext15/data/res/values-mcc310-mnc280-ne: Cannot change mode to rwxr-xr-x: Operation not permitted
build	Cache Android SDK	2026-06-06T12:23:03.2874315Z /usr/bin/tar: ../../../../../usr/local/lib/android/sdk/platforms/android-35-ext15/data/res/values-bs-watch: Cannot utime: Operation not permitted
build	Cache Android SDK	2026-06-06T12:23:03.2875341Z /usr/bin/tar: ../../../../../usr/local/lib/android/sdk/platforms/android-35-ext15/data/res/values-bs-watch: Cannot change mode to rwxr-xr-x: Operation not permitted
build	Cache Android SDK	2026-06-06T12:23:03.2877194Z /usr/bin/tar: ../../../../../usr/local/lib/android/sdk/platforms/android-35-ext15/data/res/values-mcc310-mnc160-ca: Cannot utime: Operation not permitted
build	Cache Android SDK	2026-06-06T12:23:03.2878539Z /usr/bin/tar: ../../../../../usr/local/lib/android/sdk/platforms/android-35-ext15/data/res/values-mcc310-mnc160-ca: Cannot change mode to rwxr-xr-x: Operation not permitted
build	Cache Android SDK	2026-06-06T12:23:03.2880119Z /usr/bin/tar: ../../../../../usr/local/lib/android/sdk/platforms/android-35-ext15/data/res/values-mcc310-mnc150-hu: Cannot utime: Operation not permitted
build	Cache Android SDK	2026-06-06T12:23:03.2881072Z /usr/bin/tar: ../../../../../usr/local/lib/android/sdk/platforms/android-35-ext15/data/res/values-mcc310-mnc150-hu: Cannot change mode to rwxr-xr-x: Operation not permitted
build	Cache Android SDK	2026-06-06T12:23:03.2885690Z /usr/bin/tar: ../../../../../usr/local/lib/android/sdk/platforms/android-35-ext15/data/res/transition: Cannot utime: Operation not permitted
build	Cache Android SDK	2026-06-06T12:23:03.2887055Z /usr/bin/tar: ../../../../../usr/local/lib/android/sdk/platforms/android-35-ext15/data/res/transition: Cannot change mode to rwxr-xr-x: Operation not permitted
build	Cache Android SDK	2026-06-06T12:23:03.2888858Z /usr/bin/tar: ../../../../../usr/local/lib/android/sdk/platforms/android-35-ext15/data/res/values-mcc310-mnc230-ko: Cannot utime: Operation not permitted
build	Cache Android SDK	2026-06-06T12:23:03.2890378Z /usr/bin/tar: ../../../../../usr/local/lib/android/sdk/platforms/android-35-ext15/data/res/values-mcc310-mnc230-ko: Cannot change mode to rwxr-xr-x: Operation not permitted
build	Cache Android SDK	2026-06-06T12:23:03.2891576Z /usr/bin/tar: ../../../../../usr/local/lib/android/sdk/platforms/android-35-ext15/data/res/values-mcc310-mnc270-am: Cannot utime: Operation not permitted
build	Cache Android SDK	2026-06-06T12:23:03.2892677Z /usr/bin/tar: ../../../../../usr/local/lib/android/sdk/platforms/android-35-ext15/data/res/values-mcc310-mnc270-am: Cannot change mode to rwxr-xr-x: Operation not permitted
build	Cache Android SDK	2026-06-06T12:23:03.2894465Z /usr/bin/tar: ../../../../../usr/local/lib/android/sdk/platforms/android-35-ext15/data/res/values-mcc312-mnc670-uk: Cannot utime: Operation not permitted
build	Cache Android SDK	2026-06-06T12:23:03.2895422Z /usr/bin/tar: ../../../../../usr/local/lib/android/sdk/platforms/android-35-ext15/data/res/values-mcc312-mnc670-uk: Cannot change mode to rwxr-xr-x: Operation not permitted
build	Cache Android SDK	2026-06-06T12:23:03.2897963Z /usr/bin/tar: ../../../../../usr/local/lib/android/sdk/platforms/android-35-ext15/data/res/values-mcc310-mnc210-zh-rCN: Cannot utime: Operation not permitted
build	Cache Android SDK	2026-06-06T12:23:03.2899025Z /usr/bin/tar: ../../../../../usr/local/lib/android/sdk/platforms/android-35-ext15/data/res/values-mcc310-mnc210-zh-rCN: Cannot change mode to rwxr-xr-x: Operation not permitted
build	Cache Android SDK	2026-06-06T12:23:03.2900739Z /usr/bin/tar: ../../../../../usr/local/lib/android/sdk/platforms/android-35-ext15/data/res/values-mcc302-mnc660: Cannot utime: Operation not permitted
build	Cache Android SDK	2026-06-06T12:23:03.2901779Z /usr/bin/tar: ../../../../../usr/local/lib/android/sdk/platforms/android-35-ext15/data/res/values-mcc302-mnc660: Cannot change mode to rwxr-xr-x: Operation not permitted
build	Cache Android SDK	2026-06-06T12:23:03.2903608Z /usr/bin/tar: ../../../../../usr/local/lib/android/sdk/platforms/android-35-ext15/data/res/values-mcc310-mnc950-gl: Cannot utime: Operation not permitted
build	Cache Android SDK	2026-06-06T12:23:03.2904082Z /usr/bin/tar: ../../../../../usr/local/lib/android/sdk/platforms/android-35-ext15/data/res/values-mcc310-mnc950-gl: Cannot change mode to rwxr-xr-x: Operation not permitted
build	Cache Android SDK	2026-06-06T12:23:03.2906846Z /usr/bin/tar: ../../../../../usr/local/lib/android/sdk/platforms/android-35-ext15/data/res/values-mcc302-mnc720-is: Cannot utime: Operation not permitted
build	Cache Android SDK	2026-06-06T12:23:03.2907317Z /usr/bin/tar: ../../../../../usr/local/lib/android/sdk/platforms/android-35-ext15/data/res/values-mcc302-mnc720-is: Cannot change mode to rwxr-xr-x: Operation not permitted
build	Cache Android SDK	2026-06-06T12:23:03.2910044Z /usr/bin/tar: ../../../../../usr/local/lib/android/sdk/platforms/android-35-ext15/data/res/values-mcc310-mnc240-ms: Cannot utime: Operation not permitted
build	Cache Android SDK	2026-06-06T12:23:03.2910512Z /usr/bin/tar: ../../../../../usr/local/lib/android/sdk/platforms/android-35-ext15/data/res/values-mcc310-mnc240-ms: Cannot change mode to rwxr-xr-x: Operation not permitted
build	Cache Android SDK	2026-06-06T12:23:03.2917883Z /usr/bin/tar: ../../../../../usr/local/lib/android/sdk/platforms/android-35-ext15/data/res/values-sk: Cannot utime: Operation not permitted
build	Cache Android SDK	2026-06-06T12:23:03.2918380Z /usr/bin/tar: ../../../../../usr/local/lib/android/sdk/platforms/android-35-ext15/data/res/values-sk: Cannot change mode to rwxr-xr-x: Operation not permitted
build	Cache Android SDK	2026-06-06T12:23:03.2920944Z /usr/bin/tar: ../../../../../usr/local/lib/android/sdk/platforms/android-35-ext15/data/res/values-mcc310-mnc160-eu: Cannot utime: Operation not permitted
build	Cache Android SDK	2026-06-06T12:23:03.2921463Z /usr/bin/tar: ../../../../../usr/local/lib/android/sdk/platforms/android-35-ext15/data/res/values-mcc310-mnc160-eu: Cannot change mode to rwxr-xr-x: Operation not permitted
build	Cache Android SDK	2026-06-06T12:23:03.2923721Z /usr/bin/tar: ../../../../../usr/local/lib/android/sdk/platforms/android-35-ext15/data/res/values-mcc310-mnc660-es-rUS: Cannot utime: Operation not permitted
build	Cache Android SDK	2026-06-06T12:23:03.2924240Z /usr/bin/tar: ../../../../../usr/local/lib/android/sdk/platforms/android-35-ext15/data/res/values-mcc310-mnc660-es-rUS: Cannot change mode to rwxr-xr-x: Operation not permitted
build	Cache Android SDK	2026-06-06T12:23:03.2926639Z /usr/bin/tar: ../../../../../usr/local/lib/android/sdk/platforms/android-35-ext15/data/res/values-mcc310-mnc210-az: Cannot utime: Operation not permitted
build	Cache Android SDK	2026-06-06T12:23:03.2927105Z /usr/bin/tar: ../../../../../usr/local/lib/android/sdk/platforms/android-35-ext15/data/res/values-mcc310-mnc210-az: Cannot change mode to rwxr-xr-x: Operation not permitted
build	Cache Android SDK	2026-06-06T12:23:03.2930169Z /usr/bin/tar: ../../../../../usr/local/lib/android/sdk/platforms/android-35-ext15/data/res/values-mcc312-mnc670-el: Cannot utime: Operation not permitted
build	Cache Android SDK	2026-06-06T12:23:03.2930825Z /usr/bin/tar: ../../../../../usr/local/lib/android/sdk/platforms/android-35-ext15/data/res/values-mcc312-mnc670-el: Cannot change mode to rwxr-xr-x: Operation not permitted
build	Cache Android SDK	2026-06-06T12:23:03.2934300Z /usr/bin/tar: ../../../../../usr/local/lib/android/sdk/platforms/android-35-ext15/data/res/values-mcc310-mnc310-en-rIN: Cannot utime: Operation not permitted
build	Cache Android SDK	2026-06-06T12:23:03.2934837Z /usr/bin/tar: ../../../../../usr/local/lib/android/sdk/platforms/android-35-ext15/data/res/values-mcc310-mnc310-en-rIN: Cannot change mode to rwxr-xr-x: Operation not permitted
build	Cache Android SDK	2026-06-06T12:23:03.2937007Z /usr/bin/tar: ../../../../../usr/local/lib/android/sdk/platforms/android-35-ext15/data/res/values-mcc310-mnc380-am: Cannot utime: Operation not permitted
build	Cache Android SDK	2026-06-06T12:23:03.2937802Z /usr/bin/tar: ../../../../../usr/local/lib/android/sdk/platforms/android-35-ext15/data/res/values-mcc310-mnc380-am: Cannot change mode to rwxr-xr-x: Operation not permitted
build	Cache Android SDK	2026-06-06T12:23:03.2941116Z /usr/bin/tar: ../../../../../usr/local/lib/android/sdk/platforms/android-35-ext15/data/res/values-mcc310-mnc280-fr-rCA: Cannot utime: Operation not permitted
build	Cache Android SDK	2026-06-06T12:23:03.2941624Z /usr/bin/tar: ../../../../../usr/local/lib/android/sdk/platforms/android-35-ext15/data/res/values-mcc310-mnc280-fr-rCA: Cannot change mode to rwxr-xr-x: Operation not permitted
build	Cache Android SDK	2026-06-06T12:23:03.2944696Z /usr/bin/tar: ../../../../../usr/local/lib/android/sdk/platforms/android-35-ext15/data/res/values-mcc311-mnc180-es-rUS: Cannot utime: Operation not permitted
build	Cache Android SDK	2026-06-06T12:23:03.2945186Z /usr/bin/tar: ../../../../../usr/local/lib/android/sdk/platforms/android-35-ext15/data/res/values-mcc311-mnc180-es-rUS: Cannot change mode to rwxr-xr-x: Operation not permitted
build	Cache Android SDK	2026-06-06T12:23:03.2947579Z /usr/bin/tar: ../../../../../usr/local/lib/android/sdk/platforms/android-35-ext15/data/res/raw-rm: Cannot utime: Operation not permitted
build	Cache Android SDK	2026-06-06T12:23:03.2948018Z /usr/bin/tar: ../../../../../usr/local/lib/android/sdk/platforms/android-35-ext15/data/res/raw-rm: Cannot change mode to rwxr-xr-x: Operation not permitted
build	Cache Android SDK	2026-06-06T12:23:03.2951207Z /usr/bin/tar: ../../../../../usr/local/lib/android/sdk/platforms/android-35-ext15/data/res/values-mcc310-mnc310-bs: Cannot utime: Operation not permitted
build	Cache Android SDK	2026-06-06T12:23:03.2951968Z /usr/bin/tar: ../../../../../usr/local/lib/android/sdk/platforms/android-35-ext15/data/res/values-mcc310-mnc310-bs: Cannot change mode to rwxr-xr-x: Operation not permitted
build	Cache Android SDK	2026-06-06T12:23:03.2953568Z /usr/bin/tar: ../../../../../usr/local/lib/android/sdk/platforms/android-35-ext15/data/res/values-lt-watch: Cannot utime: Operation not permitted
build	Cache Android SDK	2026-06-06T12:23:03.2954015Z /usr/bin/tar: ../../../../../usr/local/lib/android/sdk/platforms/android-35-ext15/data/res/values-lt-watch: Cannot change mode to rwxr-xr-x: Operation not permitted
build	Cache Android SDK	2026-06-06T12:23:03.2957596Z /usr/bin/tar: ../../../../../usr/local/lib/android/sdk/platforms/android-35-ext15/data/res/values-mcc302-mnc720-de: Cannot utime: Operation not permitted
build	Cache Android SDK	2026-06-06T12:23:03.2958110Z /usr/bin/tar: ../../../../../usr/local/lib/android/sdk/platforms/android-35-ext15/data/res/values-mcc302-mnc720-de: Cannot change mode to rwxr-xr-x: Operation not permitted
build	Cache Android SDK	2026-06-06T12:23:03.2960346Z /usr/bin/tar: ../../../../../usr/local/lib/android/sdk/platforms/android-35-ext15/data/res/values-mcc310-mnc660-vi: Cannot utime: Operation not permitted
build	Cache Android SDK	2026-06-06T12:23:03.2960921Z /usr/bin/tar: ../../../../../usr/local/lib/android/sdk/platforms/android-35-ext15/data/res/values-mcc310-mnc660-vi: Cannot change mode to rwxr-xr-x: Operation not permitted
build	Cache Android SDK	2026-06-06T12:23:03.2963424Z /usr/bin/tar: ../../../../../usr/local/lib/android/sdk/platforms/android-35-ext15/data/res/values-mcc310-mnc950-lt: Cannot utime: Operation not permitted
build	Cache Android SDK	2026-06-06T12:23:03.2963901Z /usr/bin/tar: ../../../../../usr/local/lib/android/sdk/platforms/android-35-ext15/data/res/values-mcc310-mnc950-lt: Cannot change mode to rwxr-xr-x: Operation not permitted
build	Cache Android SDK	2026-06-06T12:23:03.2966509Z /usr/bin/tar: ../../../../../usr/local/lib/android/sdk/platforms/android-35-ext15/data/res/values-mcc310-mnc280-sr: Cannot utime: Operation not permitted
build	Cache Android SDK	2026-06-06T12:23:03.2966990Z /usr/bin/tar: ../../../../../usr/local/lib/android/sdk/platforms/android-35-ext15/data/res/values-mcc310-mnc280-sr: Cannot change mode to rwxr-xr-x: Operation not permitted
build	Cache Android SDK	2026-06-06T12:23:03.2970558Z /usr/bin/tar: ../../../../../usr/local/lib/android/sdk/platforms/android-35-ext15/data/res/mipmap-xxxhdpi: Cannot utime: Operation not permitted
build	Cache Android SDK	2026-06-06T12:23:03.2971005Z /usr/bin/tar: ../../../../../usr/local/lib/android/sdk/platforms/android-35-ext15/data/res/mipmap-xxxhdpi: Cannot change mode to rwxr-xr-x: Operation not permitted
build	Cache Android SDK	2026-06-06T12:23:03.2973939Z /usr/bin/tar: ../../../../../usr/local/lib/android/sdk/platforms/android-35-ext15/data/res/values-notround-watch: Cannot utime: Operation not permitted
build	Cache Android SDK	2026-06-06T12:23:03.2974534Z /usr/bin/tar: ../../../../../usr/local/lib/android/sdk/platforms/android-35-ext15/data/res/values-notround-watch: Cannot change mode to rwxr-xr-x: Operation not permitted
build	Cache Android SDK	2026-06-06T12:23:03.2976946Z /usr/bin/tar: ../../../../../usr/local/lib/android/sdk/platforms/android-35-ext15/data/res/values-mcc310-mnc660-bn: Cannot utime: Operation not permitted
build	Cache Android SDK	2026-06-06T12:23:03.2977583Z /usr/bin/tar: ../../../../../usr/local/lib/android/sdk/platforms/android-35-ext15/data/res/values-mcc310-mnc660-bn: Cannot change mode to rwxr-xr-x: Operation not permitted
build	Cache Android SDK	2026-06-06T12:23:03.2980620Z /usr/bin/tar: ../../../../../usr/local/lib/android/sdk/platforms/android-35-ext15/data/res/values-mcc313-mnc100-as: Cannot utime: Operation not permitted
build	Cache Android SDK	2026-06-06T12:23:03.2981074Z /usr/bin/tar: ../../../../../usr/local/lib/android/sdk/platforms/android-35-ext15/data/res/values-mcc313-mnc100-as: Cannot change mode to rwxr-xr-x: Operation not permitted
build	Cache Android SDK	2026-06-06T12:23:03.2983800Z /usr/bin/tar: ../../../../../usr/local/lib/android/sdk/platforms/android-35-ext15/data/res/values-mcc310-mnc170-pt-rBR: Cannot utime: Operation not permitted
build	Cache Android SDK	2026-06-06T12:23:03.2984279Z /usr/bin/tar: ../../../../../usr/local/lib/android/sdk/platforms/android-35-ext15/data/res/values-mcc310-mnc170-pt-rBR: Cannot change mode to rwxr-xr-x: Operation not permitted
build	Cache Android SDK	2026-06-06T12:23:03.2986919Z /usr/bin/tar: ../../../../../usr/local/lib/android/sdk/platforms/android-35-ext15/data/res/values-mcc310-mnc200-nb: Cannot utime: Operation not permitted
build	Cache Android SDK	2026-06-06T12:23:03.2987603Z /usr/bin/tar: ../../../../../usr/local/lib/android/sdk/platforms/android-35-ext15/data/res/values-mcc310-mnc200-nb: Cannot change mode to rwxr-xr-x: Operation not permitted
build	Cache Android SDK	2026-06-06T12:23:03.2990083Z /usr/bin/tar: ../../../../../usr/local/lib/android/sdk/platforms/android-35-ext15/data/res/values-mcc313-mnc100-nl: Cannot utime: Operation not permitted
build	Cache Android SDK	2026-06-06T12:23:03.2990543Z /usr/bin/tar: ../../../../../usr/local/lib/android/sdk/platforms/android-35-ext15/data/res/values-mcc313-mnc100-nl: Cannot change mode to rwxr-xr-x: Operation not permitted
build	Cache Android SDK	2026-06-06T12:23:03.2992831Z /usr/bin/tar: ../../../../../usr/local/lib/android/sdk/platforms/android-35-ext15/data/res/values-mcc310-mnc380-ka: Cannot utime: Operation not permitted
build	Cache Android SDK	2026-06-06T12:23:03.2993295Z /usr/bin/tar: ../../../../../usr/local/lib/android/sdk/platforms/android-35-ext15/data/res/values-mcc310-mnc380-ka: Cannot change mode to rwxr-xr-x: Operation not permitted
build	Cache Android SDK	2026-06-06T12:23:03.2996107Z /usr/bin/tar: ../../../../../usr/local/lib/android/sdk/platforms/android-35-ext15/data/res/values-mcc310-mnc240-nl: Cannot utime: Operation not permitted
build	Cache Android SDK	2026-06-06T12:23:03.2996660Z /usr/bin/tar: ../../../../../usr/local/lib/android/sdk/platforms/android-35-ext15/data/res/values-mcc310-mnc240-nl: Cannot change mode to rwxr-xr-x: Operation not permitted
build	Cache Android SDK	2026-06-06T12:23:03.2999329Z /usr/bin/tar: ../../../../../usr/local/lib/android/sdk/platforms/android-35-ext15/data/res/values-mcc001-mnc01-uk: Cannot utime: Operation not permitted
build	Cache Android SDK	2026-06-06T12:23:03.2999873Z /usr/bin/tar: ../../../../../usr/local/lib/android/sdk/platforms/android-35-ext15/data/res/values-mcc001-mnc01-uk: Cannot change mode to rwxr-xr-x: Operation not permitted
build	Cache Android SDK	2026-06-06T12:23:03.3002455Z /usr/bin/tar: ../../../../../usr/local/lib/android/sdk/platforms/android-35-ext15/data/res/values-bg-television: Cannot utime: Operation not permitted
build	Cache Android SDK	2026-06-06T12:23:03.3002935Z /usr/bin/tar: ../../../../../usr/local/lib/android/sdk/platforms/android-35-ext15/data/res/values-bg-television: Cannot change mode to rwxr-xr-x: Operation not permitted
build	Cache Android SDK	2026-06-06T12:23:03.3005513Z /usr/bin/tar: ../../../../../usr/local/lib/android/sdk/platforms/android-35-ext15/data/res/values-mcc310-mnc800-ur: Cannot utime: Operation not permitted
build	Cache Android SDK	2026-06-06T12:23:03.3005978Z /usr/bin/tar: ../../../../../usr/local/lib/android/sdk/platforms/android-35-ext15/data/res/values-mcc310-mnc800-ur: Cannot change mode to rwxr-xr-x: Operation not permitted
build	Cache Android SDK	2026-06-06T12:23:03.3008967Z /usr/bin/tar: ../../../../../usr/local/lib/android/sdk/platforms/android-35-ext15/data/res/values-mcc310-mnc410-hy: Cannot utime: Operation not permitted
build	Cache Android SDK	2026-06-06T12:23:03.3009442Z /usr/bin/tar: ../../../../../usr/local/lib/android/sdk/platforms/android-35-ext15/data/res/values-mcc310-mnc410-hy: Cannot change mode to rwxr-xr-x: Operation not permitted
build	Cache Android SDK	2026-06-06T12:23:03.3012196Z /usr/bin/tar: ../../../../../usr/local/lib/android/sdk/platforms/android-35-ext15/data/res/values-w213dp: Cannot utime: Operation not permitted
build	Cache Android SDK	2026-06-06T12:23:03.3012646Z /usr/bin/tar: ../../../../../usr/local/lib/android/sdk/platforms/android-35-ext15/data/res/values-w213dp: Cannot change mode to rwxr-xr-x: Operation not permitted
build	Cache Android SDK	2026-06-06T12:23:03.3015373Z /usr/bin/tar: ../../../../../usr/local/lib/android/sdk/platforms/android-35-ext15/data/res/values-mcc310-mnc410-es-rUS: Cannot utime: Operation not permitted
build	Cache Android SDK	2026-06-06T12:23:03.3015859Z /usr/bin/tar: ../../../../../usr/local/lib/android/sdk/platforms/android-35-ext15/data/res/values-mcc310-mnc410-es-rUS: Cannot change mode to rwxr-xr-x: Operation not permitted
build	Cache Android SDK	2026-06-06T12:23:03.3018520Z /usr/bin/tar: ../../../../../usr/local/lib/android/sdk/platforms/android-35-ext15/data/res/values-mcc310-mnc660-tl: Cannot utime: Operation not permitted
build	Cache Android SDK	2026-06-06T12:23:03.3018994Z /usr/bin/tar: ../../../../../usr/local/lib/android/sdk/platforms/android-35-ext15/data/res/values-mcc310-mnc660-tl: Cannot change mode to rwxr-xr-x: Operation not permitted
build	Cache Android SDK	2026-06-06T12:23:03.3023469Z /usr/bin/tar: ../../../../../usr/local/lib/android/sdk/platforms/android-35-ext15/data/res/values-mcc310-mnc280-bn: Cannot utime: Operation not permitted
build	Cache Android SDK	2026-06-06T12:23:03.3023933Z /usr/bin/tar: ../../../../../usr/local/lib/android/sdk/platforms/android-35-ext15/data/res/values-mcc310-mnc280-bn: Cannot change mode to rwxr-xr-x: Operation not permitted
build	Cache Android SDK	2026-06-06T12:23:03.3026972Z /usr/bin/tar: ../../../../../usr/local/lib/android/sdk/platforms/android-35-ext15/data/res/values-mcc313-mnc100-b+sr+Latn: Cannot utime: Operation not permitted
build	Cache Android SDK	2026-06-06T12:23:03.3027668Z /usr/bin/tar: ../../../../../usr/local/lib/android/sdk/platforms/android-35-ext15/data/res/values-mcc313-mnc100-b+sr+Latn: Cannot change mode to rwxr-xr-x: Operation not permitted
build	Cache Android SDK	2026-06-06T12:23:03.3030114Z /usr/bin/tar: ../../../../../usr/local/lib/android/sdk/platforms/android-35-ext15/data/res/values-mcc466-mnc01: Cannot utime: Operation not permitted
build	Cache Android SDK	2026-06-06T12:23:03.3030581Z /usr/bin/tar: ../../../../../usr/local/lib/android/sdk/platforms/android-35-ext15/data/res/values-mcc466-mnc01: Cannot change mode to rwxr-xr-x: Operation not permitted
build	Cache Android SDK	2026-06-06T12:23:03.3033444Z /usr/bin/tar: ../../../../../usr/local/lib/android/sdk/platforms/android-35-ext15/data/res/raw-th: Cannot utime: Operation not permitted
build	Cache Android SDK	2026-06-06T12:23:03.3033853Z /usr/bin/tar: ../../../../../usr/local/lib/android/sdk/platforms/android-35-ext15/data/res/raw-th: Cannot change mode to rwxr-xr-x: Operation not permitted
build	Cache Android SDK	2026-06-06T12:23:03.3036496Z /usr/bin/tar: ../../../../../usr/local/lib/android/sdk/platforms/android-35-ext15/data/res/values-mcc302-mnc720-in: Cannot utime: Operation not permitted
build	Cache Android SDK	2026-06-06T12:23:03.3037050Z /usr/bin/tar: ../../../../../usr/local/lib/android/sdk/platforms/android-35-ext15/data/res/values-mcc302-mnc720-in: Cannot change mode to rwxr-xr-x: Operation not permitted
build	Cache Android SDK	2026-06-06T12:23:03.3039668Z /usr/bin/tar: ../../../../../usr/local/lib/android/sdk/platforms/android-35-ext15/data/res/values-mcc310-mnc210-gl: Cannot utime: Operation not permitted
build	Cache Android SDK	2026-06-06T12:23:03.3040145Z /usr/bin/tar: ../../../../../usr/local/lib/android/sdk/platforms/android-35-ext15/data/res/values-mcc310-mnc210-gl: Cannot change mode to rwxr-xr-x: Operation not permitted
build	Cache Android SDK	2026-06-06T12:23:03.3042742Z /usr/bin/tar: ../../../../../usr/local/lib/android/sdk/platforms/android-35-ext15/data/res/values-fr-rCH: Cannot utime: Operation not permitted
build	Cache Android SDK	2026-06-06T12:23:03.3043168Z /usr/bin/tar: ../../../../../usr/local/lib/android/sdk/platforms/android-35-ext15/data/res/values-fr-rCH: Cannot change mode to rwxr-xr-x: Operation not permitted
build	Cache Android SDK	2026-06-06T12:23:03.3045723Z /usr/bin/tar: ../../../../../usr/local/lib/android/sdk/platforms/android-35-ext15/data/res/values-hr-television: Cannot utime: Operation not permitted
build	Cache Android SDK	2026-06-06T12:23:03.3046177Z /usr/bin/tar: ../../../../../usr/local/lib/android/sdk/platforms/android-35-ext15/data/res/values-hr-television: Cannot change mode to rwxr-xr-x: Operation not permitted
build	Cache Android SDK	2026-06-06T12:23:03.3049313Z /usr/bin/tar: ../../../../../usr/local/lib/android/sdk/platforms/android-35-ext15/data/res/values-mcc313-mnc100-fr: Cannot utime: Operation not permitted
build	Cache Android SDK	2026-06-06T12:23:03.3049779Z /usr/bin/tar: ../../../../../usr/local/lib/android/sdk/platforms/android-35-ext15/data/res/values-mcc313-mnc100-fr: Cannot change mode to rwxr-xr-x: Operation not permitted
build	Cache Android SDK	2026-06-06T12:23:03.3052261Z /usr/bin/tar: ../../../../../usr/local/lib/android/sdk/platforms/android-35-ext15/data/res/values-km-television: Cannot utime: Operation not permitted
build	Cache Android SDK	2026-06-06T12:23:03.3052716Z /usr/bin/tar: ../../../../../usr/local/lib/android/sdk/platforms/android-35-ext15/data/res/values-km-television: Cannot change mode to rwxr-xr-x: Operation not permitted
build	Cache Android SDK	2026-06-06T12:23:03.3055548Z /usr/bin/tar: ../../../../../usr/local/lib/android/sdk/platforms/android-35-ext15/data/res/values-mcc310-mnc410-ar: Cannot utime: Operation not permitted
build	Cache Android SDK	2026-06-06T12:23:03.3056011Z /usr/bin/tar: ../../../../../usr/local/lib/android/sdk/platforms/android-35-ext15/data/res/values-mcc310-mnc410-ar: Cannot change mode to rwxr-xr-x: Operation not permitted
build	Cache Android SDK	2026-06-06T12:23:03.3058911Z /usr/bin/tar: ../../../../../usr/local/lib/android/sdk/platforms/android-35-ext15/data/res/values-mcc310-mnc660-fr: Cannot utime: Operation not permitted
build	Cache Android SDK	2026-06-06T12:23:03.3059371Z /usr/bin/tar: ../../../../../usr/local/lib/android/sdk/platforms/android-35-ext15/data/res/values-mcc310-mnc660-fr: Cannot change mode to rwxr-xr-x: Operation not permitted
build	Cache Android SDK	2026-06-06T12:23:03.3062641Z /usr/bin/tar: ../../../../../usr/local/lib/android/sdk/platforms/android-35-ext15/data/res/values-mcc310-mnc160-es-rUS: Cannot utime: Operation not permitted
build	Cache Android SDK	2026-06-06T12:23:03.3063141Z /usr/bin/tar: ../../../../../usr/local/lib/android/sdk/platforms/android-35-ext15/data/res/values-mcc310-mnc160-es-rUS: Cannot change mode to rwxr-xr-x: Operation not permitted
build	Cache Android SDK	2026-06-06T12:23:03.3065845Z /usr/bin/tar: ../../../../../usr/local/lib/android/sdk/platforms/android-35-ext15/data/res/values-mcc310-mnc200: Cannot utime: Operation not permitted
build	Cache Android SDK	2026-06-06T12:23:03.3066313Z /usr/bin/tar: ../../../../../usr/local/lib/android/sdk/platforms/android-35-ext15/data/res/values-mcc310-mnc200: Cannot change mode to rwxr-xr-x: Operation not permitted
build	Cache Android SDK	2026-06-06T12:23:03.3069064Z /usr/bin/tar: ../../../../../usr/local/lib/android/sdk/platforms/android-35-ext15/data/res/values-mcc310-mnc270-tl: Cannot utime: Operation not permitted
build	Cache Android SDK	2026-06-06T12:23:03.3069538Z /usr/bin/tar: ../../../../../usr/local/lib/android/sdk/platforms/android-35-ext15/data/res/values-mcc310-mnc270-tl: Cannot change mode to rwxr-xr-x: Operation not permitted
build	Cache Android SDK	2026-06-06T12:23:03.3072540Z /usr/bin/tar: ../../../../../usr/local/lib/android/sdk/platforms/android-35-ext15/data/res/values-mcc310-mnc950-sk: Cannot utime: Operation not permitted
build	Cache Android SDK	2026-06-06T12:23:03.3073093Z /usr/bin/tar: ../../../../../usr/local/lib/android/sdk/platforms/android-35-ext15/data/res/values-mcc310-mnc950-sk: Cannot change mode to rwxr-xr-x: Operation not permitted
build	Cache Android SDK	2026-06-06T12:23:03.3075486Z /usr/bin/tar: ../../../../../usr/local/lib/android/sdk/platforms/android-35-ext15/data/res/values-mcc310-mnc240-ky: Cannot utime: Operation not permitted
build	Cache Android SDK	2026-06-06T12:23:03.3076259Z /usr/bin/tar: ../../../../../usr/local/lib/android/sdk/platforms/android-35-ext15/data/res/values-mcc310-mnc240-ky: Cannot change mode to rwxr-xr-x: Operation not permitted
build	Cache Android SDK	2026-06-06T12:23:03.3078795Z /usr/bin/tar: ../../../../../usr/local/lib/android/sdk/platforms/android-35-ext15/data/res/values-mcc310-mnc310-ky: Cannot utime: Operation not permitted
build	Cache Android SDK	2026-06-06T12:23:03.3079381Z /usr/bin/tar: ../../../../../usr/local/lib/android/sdk/platforms/android-35-ext15/data/res/values-mcc310-mnc310-ky: Cannot change mode to rwxr-xr-x: Operation not permitted
build	Cache Android SDK	2026-06-06T12:23:03.3081836Z /usr/bin/tar: ../../../../../usr/local/lib/android/sdk/platforms/android-35-ext15/data/res/values-mcc310-mnc250-hu: Cannot utime: Operation not permitted
build	Cache Android SDK	2026-06-06T12:23:03.3082354Z /usr/bin/tar: ../../../../../usr/local/lib/android/sdk/platforms/android-35-ext15/data/res/values-mcc310-mnc250-hu: Cannot change mode to rwxr-xr-x: Operation not permitted
build	Cache Android SDK	2026-06-06T12:23:03.3084567Z /usr/bin/tar: ../../../../../usr/local/lib/android/sdk/platforms/android-35-ext15/data/res/values-mcc311-mnc490: Cannot utime: Operation not permitted
build	Cache Android SDK	2026-06-06T12:23:03.3085073Z /usr/bin/tar: ../../../../../usr/local/lib/android/sdk/platforms/android-35-ext15/data/res/values-mcc311-mnc490: Cannot change mode to rwxr-xr-x: Operation not permitted
build	Cache Android SDK	2026-06-06T12:23:03.3087962Z /usr/bin/tar: ../../../../../usr/local/lib/android/sdk/platforms/android-35-ext15/data/res/values-mcc310-mnc220-zu: Cannot utime: Operation not permitted
build	Cache Android SDK	2026-06-06T12:23:03.3088479Z /usr/bin/tar: ../../../../../usr/local/lib/android/sdk/platforms/android-35-ext15/data/res/values-mcc310-mnc220-zu: Cannot change mode to rwxr-xr-x: Operation not permitted
build	Cache Android SDK	2026-06-06T12:23:03.3090839Z /usr/bin/tar: ../../../../../usr/local/lib/android/sdk/platforms/android-35-ext15/data/res/values-mcc310-mnc150-gl: Cannot utime: Operation not permitted
build	Cache Android SDK	2026-06-06T12:23:03.3091418Z /usr/bin/tar: ../../../../../usr/local/lib/android/sdk/platforms/android-35-ext15/data/res/values-mcc310-mnc150-gl: Cannot change mode to rwxr-xr-x: Operation not permitted
build	Cache Android SDK	2026-06-06T12:23:03.3094138Z /usr/bin/tar: ../../../../../usr/local/lib/android/sdk/platforms/android-35-ext15/data/res/values-mcc302-mnc220: Cannot utime: Operation not permitted
build	Cache Android SDK	2026-06-06T12:23:03.3094590Z /usr/bin/tar: ../../../../../usr/local/lib/android/sdk/platforms/android-35-ext15/data/res/values-mcc302-mnc220: Cannot change mode to rwxr-xr-x: Operation not permitted
build	Cache Android SDK	2026-06-06T12:23:03.3097132Z /usr/bin/tar: ../../../../../usr/local/lib/android/sdk/platforms/android-35-ext15/data/res/values-mcc310-mnc560-sv: Cannot utime: Operation not permitted
build	Cache Android SDK	2026-06-06T12:23:03.3097753Z /usr/bin/tar: ../../../../../usr/local/lib/android/sdk/platforms/android-35-ext15/data/res/values-mcc310-mnc560-sv: Cannot change mode to rwxr-xr-x: Operation not permitted
build	Cache Android SDK	2026-06-06T12:23:03.3100022Z /usr/bin/tar: ../../../../../usr/local/lib/android/sdk/platforms/android-35-ext15/data/res/values-mcc310-mnc560-hy: Cannot utime: Operation not permitted
build	Cache Android SDK	2026-06-06T12:23:03.3100579Z /usr/bin/tar: ../../../../../usr/local/lib/android/sdk/platforms/android-35-ext15/data/res/values-mcc310-mnc560-hy: Cannot change mode to rwxr-xr-x: Operation not permitted
build	Cache Android SDK	2026-06-06T12:23:03.3103597Z /usr/bin/tar: ../../../../../usr/local/lib/android/sdk/platforms/android-35-ext15/data/res/values-mcc310-mnc170-en-rGB: Cannot utime: Operation not permitted
build	Cache Android SDK	2026-06-06T12:23:03.3104096Z /usr/bin/tar: ../../../../../usr/local/lib/android/sdk/platforms/android-35-ext15/data/res/values-mcc310-mnc170-en-rGB: Cannot change mode to rwxr-xr-x: Operation not permitted
build	Cache Android SDK	2026-06-06T12:23:03.3141849Z /usr/bin/tar: ../../../../../usr/local/lib/android/sdk/platforms/android-35-ext15/data/res/drawable-sw720dp-nodpi: Cannot utime: Operation not permitted
build	Cache Android SDK	2026-06-06T12:23:03.3142397Z /usr/bin/tar: ../../../../../usr/local/lib/android/sdk/platforms/android-35-ext15/data/res/drawable-sw720dp-nodpi: Cannot change mode to rwxr-xr-x: Operation not permitted
build	Cache Android SDK	2026-06-06T12:23:03.3145305Z /usr/bin/tar: ../../../../../usr/local/lib/android/sdk/platforms/android-35-ext15/data/res/values-mcc310-mnc410-ru: Cannot utime: Operation not permitted
build	Cache Android SDK	2026-06-06T12:23:03.3145839Z /usr/bin/tar: ../../../../../usr/local/lib/android/sdk/platforms/android-35-ext15/data/res/values-mcc310-mnc410-ru: Cannot change mode to rwxr-xr-x: Operation not permitted
build	Cache Android SDK	2026-06-06T12:23:03.3148133Z /usr/bin/tar: ../../../../../usr/local/lib/android/sdk/platforms/android-35-ext15/data/res/values-mcc310-mnc380-ko: Cannot utime: Operation not permitted
build	Cache Android SDK	2026-06-06T12:23:03.3148636Z /usr/bin/tar: ../../../../../usr/local/lib/android/sdk/platforms/android-35-ext15/data/res/values-mcc310-mnc380-ko: Cannot change mode to rwxr-xr-x: Operation not permitted
build	Cache Android SDK	2026-06-06T12:23:03.3151328Z /usr/bin/tar: ../../../../../usr/local/lib/android/sdk/platforms/android-35-ext15/data/res/values-mcc302-mnc720-fr: Cannot utime: Operation not permitted
build	Cache Android SDK	2026-06-06T12:23:03.3151825Z /usr/bin/tar: ../../../../../usr/local/lib/android/sdk/platforms/android-35-ext15/data/res/values-mcc302-mnc720-fr: Cannot change mode to rwxr-xr-x: Operation not permitted
build	Cache Android SDK	2026-06-06T12:23:03.3166603Z /usr/bin/tar: ../../../../../usr/local/lib/android/sdk/platforms/android-35-ext15/data/res/drawable-land-hdpi: Cannot utime: Operation not permitted
build	Cache Android SDK	2026-06-06T12:23:03.3167143Z /usr/bin/tar: ../../../../../usr/local/lib/android/sdk/platforms/android-35-ext15/data/res/drawable-land-hdpi: Cannot change mode to rwxr-xr-x: Operation not permitted
build	Cache Android SDK	2026-06-06T12:23:03.3170013Z /usr/bin/tar: ../../../../../usr/local/lib/android/sdk/platforms/android-35-ext15/data/res/values-mcc310-mnc660-it: Cannot utime: Operation not permitted
build	Cache Android SDK	2026-06-06T12:23:03.3170498Z /usr/bin/tar: ../../../../../usr/local/lib/android/sdk/platforms/android-35-ext15/data/res/values-mcc310-mnc660-it: Cannot change mode to rwxr-xr-x: Operation not permitted
build	Cache Android SDK	2026-06-06T12:23:03.3173457Z /usr/bin/tar: ../../../../../usr/local/lib/android/sdk/platforms/android-35-ext15/data/res/values-mcc310-mnc250-ru: Cannot utime: Operation not permitted
build	Cache Android SDK	2026-06-06T12:23:03.3173932Z /usr/bin/tar: ../../../../../usr/local/lib/android/sdk/platforms/android-35-ext15/data/res/values-mcc310-mnc250-ru: Cannot change mode to rwxr-xr-x: Operation not permitted
build	Cache Android SDK	2026-06-06T12:23:03.3177050Z /usr/bin/tar: ../../../../../usr/local/lib/android/sdk/platforms/android-35-ext15/data/res/values-et-television: Cannot utime: Operation not permitted
build	Cache Android SDK	2026-06-06T12:23:03.3177675Z /usr/bin/tar: ../../../../../usr/local/lib/android/sdk/platforms/android-35-ext15/data/res/values-et-television: Cannot change mode to rwxr-xr-x: Operation not permitted
build	Cache Android SDK	2026-06-06T12:23:03.3180429Z /usr/bin/tar: ../../../../../usr/local/lib/android/sdk/platforms/android-35-ext15/data/res/values-mcc310-mnc280-si: Cannot utime: Operation not permitted
build	Cache Android SDK	2026-06-06T12:23:03.3180959Z /usr/bin/tar: ../../../../../usr/local/lib/android/sdk/platforms/android-35-ext15/data/res/values-mcc310-mnc280-si: Cannot change mode to rwxr-xr-x: Operation not permitted
build	Cache Android SDK	2026-06-06T12:23:03.3183313Z /usr/bin/tar: ../../../../../usr/local/lib/android/sdk/platforms/android-35-ext15/data/res/values-mcc311-mnc180-nl: Cannot utime: Operation not permitted
build	Cache Android SDK	2026-06-06T12:23:03.3183790Z /usr/bin/tar: ../../../../../usr/local/lib/android/sdk/platforms/android-35-ext15/data/res/values-mcc311-mnc180-nl: Cannot change mode to rwxr-xr-x: Operation not permitted
build	Cache Android SDK	2026-06-06T12:23:03.3191044Z /usr/bin/tar: ../../../../../usr/local/lib/android/sdk/platforms/android-35-ext15/data/res/drawable-sw600dp-hdpi: Cannot utime: Operation not permitted
build	Cache Android SDK	2026-06-06T12:23:03.3192281Z /usr/bin/tar: ../../../../../usr/local/lib/android/sdk/platforms/android-35-ext15/data/res/drawable-sw600dp-hdpi: Cannot change mode to rwxr-xr-x: Operation not permitted
build	Cache Android SDK	2026-06-06T12:23:03.3193673Z /usr/bin/tar: ../../../../../usr/local/lib/android/sdk/platforms/android-35-ext15/data/res/values-mcc302-mnc370-sr: Cannot utime: Operation not permitted
build	Cache Android SDK	2026-06-06T12:23:03.3194268Z /usr/bin/tar: ../../../../../usr/local/lib/android/sdk/platforms/android-35-ext15/data/res/values-mcc302-mnc370-sr: Cannot change mode to rwxr-xr-x: Operation not permitted
build	Cache Android SDK	2026-06-06T12:23:03.3196271Z /usr/bin/tar: ../../../../../usr/local/lib/android/sdk/platforms/android-35-ext15/data/res/values-mcc310-mnc310-is: Cannot utime: Operation not permitted
build	Cache Android SDK	2026-06-06T12:23:03.3196737Z /usr/bin/tar: ../../../../../usr/local/lib/android/sdk/platforms/android-35-ext15/data/res/values-mcc310-mnc310-is: Cannot change mode to rwxr-xr-x: Operation not permitted
build	Cache Android SDK	2026-06-06T12:23:03.3199771Z /usr/bin/tar: ../../../../../usr/local/lib/android/sdk/platforms/android-35-ext15/data/res/values-mcc310-mnc240-es-rUS: Cannot utime: Operation not permitted
build	Cache Android SDK	2026-06-06T12:23:03.3200553Z /usr/bin/tar: ../../../../../usr/local/lib/android/sdk/platforms/android-35-ext15/data/res/values-mcc310-mnc240-es-rUS: Cannot change mode to rwxr-xr-x: Operation not permitted
build	Cache Android SDK	2026-06-06T12:23:03.3202699Z /usr/bin/tar: ../../../../../usr/local/lib/android/sdk/platforms/android-35-ext15/data/res/values-mcc310-mnc170-gl: Cannot utime: Operation not permitted
build	Cache Android SDK	2026-06-06T12:23:03.3203189Z /usr/bin/tar: ../../../../../usr/local/lib/android/sdk/platforms/android-35-ext15/data/res/values-mcc310-mnc170-gl: Cannot change mode to rwxr-xr-x: Operation not permitted
build	Cache Android SDK	2026-06-06T12:23:03.3205970Z /usr/bin/tar: ../../../../../usr/local/lib/android/sdk/platforms/android-35-ext15/data/res/values-mcc310-mnc270-uk: Cannot utime: Operation not permitted
build	Cache Android SDK	2026-06-06T12:23:03.3206438Z /usr/bin/tar: ../../../../../usr/local/lib/android/sdk/platforms/android-35-ext15/data/res/values-mcc310-mnc270-uk: Cannot change mode to rwxr-xr-x: Operation not permitted
build	Cache Android SDK	2026-06-06T12:23:03.3209201Z /usr/bin/tar: ../../../../../usr/local/lib/android/sdk/platforms/android-35-ext15/data/res/values-mcc310-mnc800-fi: Cannot utime: Operation not permitted
build	Cache Android SDK	2026-06-06T12:23:03.3209677Z /usr/bin/tar: ../../../../../usr/local/lib/android/sdk/platforms/android-35-ext15/data/res/values-mcc310-mnc800-fi: Cannot change mode to rwxr-xr-x: Operation not permitted
build	Cache Android SDK	2026-06-06T12:23:03.3212411Z /usr/bin/tar: ../../../../../usr/local/lib/android/sdk/platforms/android-35-ext15/data/res/values-mcc450: Cannot utime: Operation not permitted
build	Cache Android SDK	2026-06-06T12:23:03.3212857Z /usr/bin/tar: ../../../../../usr/local/lib/android/sdk/platforms/android-35-ext15/data/res/values-mcc450: Cannot change mode to rwxr-xr-x: Operation not permitted
build	Cache Android SDK	2026-06-06T12:23:03.3215697Z /usr/bin/tar: ../../../../../usr/local/lib/android/sdk/platforms/android-35-ext15/data/res/values-or-television: Cannot utime: Operation not permitted
build	Cache Android SDK	2026-06-06T12:23:03.3216182Z /usr/bin/tar: ../../../../../usr/local/lib/android/sdk/platforms/android-35-ext15/data/res/values-or-television: Cannot change mode to rwxr-xr-x: Operation not permitted
build	Cache Android SDK	2026-06-06T12:23:03.3218827Z /usr/bin/tar: ../../../../../usr/local/lib/android/sdk/platforms/android-35-ext15/data/res/values-es-rES: Cannot utime: Operation not permitted
build	Cache Android SDK	2026-06-06T12:23:03.3219268Z /usr/bin/tar: ../../../../../usr/local/lib/android/sdk/platforms/android-35-ext15/data/res/values-es-rES: Cannot change mode to rwxr-xr-x: Operation not permitted
build	Cache Android SDK	2026-06-06T12:23:03.3222419Z /usr/bin/tar: ../../../../../usr/local/lib/android/sdk/platforms/android-35-ext15/data/res/values-mcc302-mnc370-nl: Cannot utime: Operation not permitted
build	Cache Android SDK	2026-06-06T12:23:03.3222896Z /usr/bin/tar: ../../../../../usr/local/lib/android/sdk/platforms/android-35-ext15/data/res/values-mcc302-mnc370-nl: Cannot change mode to rwxr-xr-x: Operation not permitted
build	Cache Android SDK	2026-06-06T12:23:03.3225665Z /usr/bin/tar: ../../../../../usr/local/lib/android/sdk/platforms/android-35-ext15/data/res/values-mcc310-mnc950-fr-rCA: Cannot utime: Operation not permitted
build	Cache Android SDK	2026-06-06T12:23:03.3226228Z /usr/bin/tar: ../../../../../usr/local/lib/android/sdk/platforms/android-35-ext15/data/res/values-mcc310-mnc950-fr-rCA: Cannot change mode to rwxr-xr-x: Operation not permitted
build	Cache Android SDK	2026-06-06T12:23:03.3229114Z /usr/bin/tar: ../../../../../usr/local/lib/android/sdk/platforms/android-35-ext15/data/res/values-mcc310-mnc210-ca: Cannot utime: Operation not permitted
build	Cache Android SDK	2026-06-06T12:23:03.3229589Z /usr/bin/tar: ../../../../../usr/local/lib/android/sdk/platforms/android-35-ext15/data/res/values-mcc310-mnc210-ca: Cannot change mode to rwxr-xr-x: Operation not permitted
build	Cache Android SDK	2026-06-06T12:23:03.3232522Z /usr/bin/tar: ../../../../../usr/local/lib/android/sdk/platforms/android-35-ext15/data/res/values-mcc310-mnc490-el: Cannot utime: Operation not permitted
build	Cache Android SDK	2026-06-06T12:23:03.3233092Z /usr/bin/tar: ../../../../../usr/local/lib/android/sdk/platforms/android-35-ext15/data/res/values-mcc310-mnc490-el: Cannot change mode to rwxr-xr-x: Operation not permitted
build	Cache Android SDK	2026-06-06T12:23:03.3236923Z /usr/bin/tar: ../../../../../usr/local/lib/android/sdk/platforms/android-35-ext15/data/res/values-mcc311-mnc180-uk: Cannot utime: Operation not permitted
build	Cache Android SDK	2026-06-06T12:23:03.3237535Z /usr/bin/tar: ../../../../../usr/local/lib/android/sdk/platforms/android-35-ext15/data/res/values-mcc311-mnc180-uk: Cannot change mode to rwxr-xr-x: Operation not permitted
build	Cache Android SDK	2026-06-06T12:23:03.3240184Z /usr/bin/tar: ../../../../../usr/local/lib/android/sdk/platforms/android-35-ext15/data/res/values-ms-watch: Cannot utime: Operation not permitted
build	Cache Android SDK	2026-06-06T12:23:03.3240734Z /usr/bin/tar: ../../../../../usr/local/lib/android/sdk/platforms/android-35-ext15/data/res/values-ms-watch: Cannot change mode to rwxr-xr-x: Operation not permitted
build	Cache Android SDK	2026-06-06T12:23:03.3243171Z /usr/bin/tar: ../../../../../usr/local/lib/android/sdk/platforms/android-35-ext15/data/res/values-mcc310-mnc220-mr: Cannot utime: Operation not permitted
build	Cache Android SDK	2026-06-06T12:23:03.3243656Z /usr/bin/tar: ../../../../../usr/local/lib/android/sdk/platforms/android-35-ext15/data/res/values-mcc310-mnc220-mr: Cannot change mode to rwxr-xr-x: Operation not permitted
build	Cache Android SDK	2026-06-06T12:23:03.3246359Z /usr/bin/tar: ../../../../../usr/local/lib/android/sdk/platforms/android-35-ext15/data/res/values-mcc310-mnc660-kn: Cannot utime: Operation not permitted
build	Cache Android SDK	2026-06-06T12:23:03.3246935Z /usr/bin/tar: ../../../../../usr/local/lib/android/sdk/platforms/android-35-ext15/data/res/values-mcc310-mnc660-kn: Cannot change mode to rwxr-xr-x: Operation not permitted
build	Cache Android SDK	2026-06-06T12:23:03.3250395Z /usr/bin/tar: ../../../../../usr/local/lib/android/sdk/platforms/android-35-ext15/data/res/values-mcc310-mnc210-b+sr+Latn: Cannot utime: Operation not permitted
build	Cache Android SDK	2026-06-06T12:23:03.3250884Z /usr/bin/tar: ../../../../../usr/local/lib/android/sdk/platforms/android-35-ext15/data/res/values-mcc310-mnc210-b+sr+Latn: Cannot change mode to rwxr-xr-x: Operation not permitted
build	Cache Android SDK	2026-06-06T12:23:03.3255639Z /usr/bin/tar: ../../../../../usr/local/lib/android/sdk/platforms/android-35-ext15/data/res/values-mcc310-mnc220-iw: Cannot utime: Operation not permitted
build	Cache Android SDK	2026-06-06T12:23:03.3256104Z /usr/bin/tar: ../../../../../usr/local/lib/android/sdk/platforms/android-35-ext15/data/res/values-mcc310-mnc220-iw: Cannot change mode to rwxr-xr-x: Operation not permitted
build	Cache Android SDK	2026-06-06T12:23:03.3259461Z /usr/bin/tar: ../../../../../usr/local/lib/android/sdk/platforms/android-35-ext15/data/res/values-mcc334-mnc020-uk: Cannot utime: Operation not permitted
build	Cache Android SDK	2026-06-06T12:23:03.3260026Z /usr/bin/tar: ../../../../../usr/local/lib/android/sdk/platforms/android-35-ext15/data/res/values-mcc334-mnc020-uk: Cannot change mode to rwxr-xr-x: Operation not permitted
build	Cache Android SDK	2026-06-06T12:23:03.3263153Z /usr/bin/tar: ../../../../../usr/local/lib/android/sdk/platforms/android-35-ext15/data/res/values-mcc313-mnc100-et: Cannot utime: Operation not permitted
build	Cache Android SDK	2026-06-06T12:23:03.3263607Z /usr/bin/tar: ../../../../../usr/local/lib/android/sdk/platforms/android-35-ext15/data/res/values-mcc313-mnc100-et: Cannot change mode to rwxr-xr-x: Operation not permitted
build	Cache Android SDK	2026-06-06T12:23:03.3267228Z /usr/bin/tar: ../../../../../usr/local/lib/android/sdk/platforms/android-35-ext15/data/res/values-nl-rBE: Cannot utime: Operation not permitted
build	Cache Android SDK	2026-06-06T12:23:03.3267911Z /usr/bin/tar: ../../../../../usr/local/lib/android/sdk/platforms/android-35-ext15/data/res/values-nl-rBE: Cannot change mode to rwxr-xr-x: Operation not permitted
build	Cache Android SDK	2026-06-06T12:23:03.3270669Z /usr/bin/tar: ../../../../../usr/local/lib/android/sdk/platforms/android-35-ext15/data/res/values-mcc310-mnc560-gu: Cannot utime: Operation not permitted
build	Cache Android SDK	2026-06-06T12:23:03.3271132Z /usr/bin/tar: ../../../../../usr/local/lib/android/sdk/platforms/android-35-ext15/data/res/values-mcc310-mnc560-gu: Cannot change mode to rwxr-xr-x: Operation not permitted
build	Cache Android SDK	2026-06-06T12:23:03.3274745Z /usr/bin/tar: ../../../../../usr/local/lib/android/sdk/platforms/android-35-ext15/data/res/values-mcc310-mnc800-lv: Cannot utime: Operation not permitted
build	Cache Android SDK	2026-06-06T12:23:03.3275292Z /usr/bin/tar: ../../../../../usr/local/lib/android/sdk/platforms/android-35-ext15/data/res/values-mcc310-mnc800-lv: Cannot change mode to rwxr-xr-x: Operation not permitted
build	Cache Android SDK	2026-06-06T12:23:03.3277888Z /usr/bin/tar: ../../../../../usr/local/lib/android/sdk/platforms/android-35-ext15/data/res/values-mcc302-mnc720-nb: Cannot utime: Operation not permitted
build	Cache Android SDK	2026-06-06T12:23:03.3278357Z /usr/bin/tar: ../../../../../usr/local/lib/android/sdk/platforms/android-35-ext15/data/res/values-mcc302-mnc720-nb: Cannot change mode to rwxr-xr-x: Operation not permitted
build	Cache Android SDK	2026-06-06T12:23:03.3281830Z /usr/bin/tar: ../../../../../usr/local/lib/android/sdk/platforms/android-35-ext15/data/res/values-mcc313-mnc100-ru: Cannot utime: Operation not permitted
build	Cache Android SDK	2026-06-06T12:23:03.3282290Z /usr/bin/tar: ../../../../../usr/local/lib/android/sdk/platforms/android-35-ext15/data/res/values-mcc313-mnc100-ru: Cannot change mode to rwxr-xr-x: Operation not permitted
build	Cache Android SDK	2026-06-06T12:23:03.3285318Z /usr/bin/tar: ../../../../../usr/local/lib/android/sdk/platforms/android-35-ext15/data/res/values-mcc310-mnc380-sk: Cannot utime: Operation not permitted
build	Cache Android SDK	2026-06-06T12:23:03.3285772Z /usr/bin/tar: ../../../../../usr/local/lib/android/sdk/platforms/android-35-ext15/data/res/values-mcc310-mnc380-sk: Cannot change mode to rwxr-xr-x: Operation not permitted
build	Cache Android SDK	2026-06-06T12:23:03.3289903Z /usr/bin/tar: ../../../../../usr/local/lib/android/sdk/platforms/android-35-ext15/data/res/xml-xlarge: Cannot utime: Operation not permitted
build	Cache Android SDK	2026-06-06T12:23:03.3290883Z /usr/bin/tar: ../../../../../usr/local/lib/android/sdk/platforms/android-35-ext15/data/res/xml-xlarge: Cannot change mode to rwxr-xr-x: Operation not permitted
build	Cache Android SDK	2026-06-06T12:23:03.3292629Z /usr/bin/tar: ../../../../../usr/local/lib/android/sdk/platforms/android-35-ext15/data/res/values-mcc310-mnc240-uk: Cannot utime: Operation not permitted
build	Cache Android SDK	2026-06-06T12:23:03.3293481Z /usr/bin/tar: ../../../../../usr/local/lib/android/sdk/platforms/android-35-ext15/data/res/values-mcc310-mnc240-uk: Cannot change mode to rwxr-xr-x: Operation not permitted
build	Cache Android SDK	2026-06-06T12:23:03.3295885Z /usr/bin/tar: ../../../../../usr/local/lib/android/sdk/platforms/android-35-ext15/data/res/values-sw372dp: Cannot utime: Operation not permitted
build	Cache Android SDK	2026-06-06T12:23:03.3296345Z /usr/bin/tar: ../../../../../usr/local/lib/android/sdk/platforms/android-35-ext15/data/res/values-sw372dp: Cannot change mode to rwxr-xr-x: Operation not permitted
build	Cache Android SDK	2026-06-06T12:23:03.3299157Z /usr/bin/tar: ../../../../../usr/local/lib/android/sdk/platforms/android-35-ext15/data/res/values-mcc310-mnc160-b+sr+Latn: Cannot utime: Operation not permitted
build	Cache Android SDK	2026-06-06T12:23:03.3299673Z /usr/bin/tar: ../../../../../usr/local/lib/android/sdk/platforms/android-35-ext15/data/res/values-mcc310-mnc160-b+sr+Latn: Cannot change mode to rwxr-xr-x: Operation not permitted
build	Cache Android SDK	2026-06-06T12:23:03.3301950Z /usr/bin/tar: ../../../../../usr/local/lib/android/sdk/platforms/android-35-ext15/data/res/values-mcc334-mnc020-az: Cannot utime: Operation not permitted
build	Cache Android SDK	2026-06-06T12:23:03.3302524Z /usr/bin/tar: ../../../../../usr/local/lib/android/sdk/platforms/android-35-ext15/data/res/values-mcc334-mnc020-az: Cannot change mode to rwxr-xr-x: Operation not permitted
build	Cache Android SDK	2026-06-06T12:23:03.3305829Z /usr/bin/tar: ../../../../../usr/local/lib/android/sdk/platforms/android-35-ext15/data/res/raw-ru: Cannot utime: Operation not permitted
build	Cache Android SDK	2026-06-06T12:23:03.3306270Z /usr/bin/tar: ../../../../../usr/local/lib/android/sdk/platforms/android-35-ext15/data/res/raw-ru: Cannot change mode to rwxr-xr-x: Operation not permitted
build	Cache Android SDK	2026-06-06T12:23:03.3309063Z /usr/bin/tar: ../../../../../usr/local/lib/android/sdk/platforms/android-35-ext15/data/res/values-mcc310-mnc280-en-rIN: Cannot utime: Operation not permitted
build	Cache Android SDK	2026-06-06T12:23:03.3309576Z /usr/bin/tar: ../../../../../usr/local/lib/android/sdk/platforms/android-35-ext15/data/res/values-mcc310-mnc280-en-rIN: Cannot change mode to rwxr-xr-x: Operation not permitted
build	Cache Android SDK	2026-06-06T12:23:03.3312819Z /usr/bin/tar: ../../../../../usr/local/lib/android/sdk/platforms/android-35-ext15/data/res/values-mcc310-mnc270-lv: Cannot utime: Operation not permitted
build	Cache Android SDK	2026-06-06T12:23:03.3313381Z /usr/bin/tar: ../../../../../usr/local/lib/android/sdk/platforms/android-35-ext15/data/res/values-mcc310-mnc270-lv: Cannot change mode to rwxr-xr-x: Operation not permitted
build	Cache Android SDK	2026-06-06T12:23:03.3315709Z /usr/bin/tar: ../../../../../usr/local/lib/android/sdk/platforms/android-35-ext15/data/res/values-mcc310-mnc380-hu: Cannot utime: Operation not permitted
build	Cache Android SDK	2026-06-06T12:23:03.3316191Z /usr/bin/tar: ../../../../../usr/local/lib/android/sdk/platforms/android-35-ext15/data/res/values-mcc310-mnc380-hu: Cannot change mode to rwxr-xr-x: Operation not permitted
build	Cache Android SDK	2026-06-06T12:23:03.3319060Z /usr/bin/tar: ../../../../../usr/local/lib/android/sdk/platforms/android-35-ext15/data/res/values-mcc310-mnc660-hr: Cannot utime: Operation not permitted
build	Cache Android SDK	2026-06-06T12:23:03.3319529Z /usr/bin/tar: ../../../../../usr/local/lib/android/sdk/platforms/android-35-ext15/data/res/values-mcc310-mnc660-hr: Cannot change mode to rwxr-xr-x: Operation not permitted
build	Cache Android SDK	2026-06-06T12:23:03.3322449Z /usr/bin/tar: ../../../../../usr/local/lib/android/sdk/platforms/android-35-ext15/data/res/values-mcc310-mnc200-da: Cannot utime: Operation not permitted
build	Cache Android SDK	2026-06-06T12:23:03.3322916Z /usr/bin/tar: ../../../../../usr/local/lib/android/sdk/platforms/android-35-ext15/data/res/values-mcc310-mnc200-da: Cannot change mode to rwxr-xr-x: Operation not permitted
build	Cache Android SDK	2026-06-06T12:23:03.3326019Z /usr/bin/tar: ../../../../../usr/local/lib/android/sdk/platforms/android-35-ext15/data/res/values-mcc310-mnc280-mk: Cannot utime: Operation not permitted
build	Cache Android SDK	2026-06-06T12:23:03.3326491Z /usr/bin/tar: ../../../../../usr/local/lib/android/sdk/platforms/android-35-ext15/data/res/values-mcc310-mnc280-mk: Cannot change mode to rwxr-xr-x: Operation not permitted
build	Cache Android SDK	2026-06-06T12:23:03.3329554Z /usr/bin/tar: ../../../../../usr/local/lib/android/sdk/platforms/android-35-ext15/data/res/values-az-watch: Cannot utime: Operation not permitted
build	Cache Android SDK	2026-06-06T12:23:03.3330013Z /usr/bin/tar: ../../../../../usr/local/lib/android/sdk/platforms/android-35-ext15/data/res/values-az-watch: Cannot change mode to rwxr-xr-x: Operation not permitted
build	Cache Android SDK	2026-06-06T12:23:03.3332485Z /usr/bin/tar: ../../../../../usr/local/lib/android/sdk/platforms/android-35-ext15/data/res/values-mcc310-mnc200-pt-rPT: Cannot utime: Operation not permitted
build	Cache Android SDK	2026-06-06T12:23:03.3332984Z /usr/bin/tar: ../../../../../usr/local/lib/android/sdk/platforms/android-35-ext15/data/res/values-mcc310-mnc200-pt-rPT: Cannot change mode to rwxr-xr-x: Operation not permitted
build	Cache Android SDK	2026-06-06T12:23:03.3335555Z /usr/bin/tar: ../../../../../usr/local/lib/android/sdk/platforms/android-35-ext15/data/res/values-mcc310-mnc800-uk: Cannot utime: Operation not permitted
build	Cache Android SDK	2026-06-06T12:23:03.3336034Z /usr/bin/tar: ../../../../../usr/local/lib/android/sdk/platforms/android-35-ext15/data/res/values-mcc310-mnc800-uk: Cannot change mode to rwxr-xr-x: Operation not permitted
build	Cache Android SDK	2026-06-06T12:23:03.3339199Z /usr/bin/tar: ../../../../../usr/local/lib/android/sdk/platforms/android-35-ext15/data/res/values-mcc310-mnc950-ur: Cannot utime: Operation not permitted
build	Cache Android SDK	2026-06-06T12:23:03.3339757Z /usr/bin/tar: ../../../../../usr/local/lib/android/sdk/platforms/android-35-ext15/data/res/values-mcc310-mnc950-ur: Cannot change mode to rwxr-xr-x: Operation not permitted
build	Cache Android SDK	2026-06-06T12:23:03.3349161Z /usr/bin/tar: ../../../../../usr/local/lib/android/sdk/platforms/android-35-ext15/data/res/values-bn: Cannot utime: Operation not permitted
build	Cache Android SDK	2026-06-06T12:23:03.3349666Z /usr/bin/tar: ../../../../../usr/local/lib/android/sdk/platforms/android-35-ext15/data/res/values-bn: Cannot change mode to rwxr-xr-x: Operation not permitted
build	Cache Android SDK	2026-06-06T12:23:03.3350076Z /usr/bin/tar: ../../../../../usr/local/lib/android/sdk/platforms/android-35-ext15/data/res/values-mcc302-mnc370: Cannot utime: Operation not permitted
build	Cache Android SDK	2026-06-06T12:23:03.3350540Z /usr/bin/tar: ../../../../../usr/local/lib/android/sdk/platforms/android-35-ext15/data/res/values-mcc302-mnc370: Cannot change mode to rwxr-xr-x: Operation not permitted
build	Cache Android SDK	2026-06-06T12:23:03.3353141Z /usr/bin/tar: ../../../../../usr/local/lib/android/sdk/platforms/android-35-ext15/data/res/values-mcc310-mnc560-sq: Cannot utime: Operation not permitted
build	Cache Android SDK	2026-06-06T12:23:03.3353622Z /usr/bin/tar: ../../../../../usr/local/lib/android/sdk/platforms/android-35-ext15/data/res/values-mcc310-mnc560-sq: Cannot change mode to rwxr-xr-x: Operation not permitted
build	Cache Android SDK	2026-06-06T12:23:03.3366604Z /usr/bin/tar: ../../../../../usr/local/lib/android/sdk/platforms/android-35-ext15/data/res/drawable-watch: Cannot utime: Operation not permitted
build	Cache Android SDK	2026-06-06T12:23:03.3367068Z /usr/bin/tar: ../../../../../usr/local/lib/android/sdk/platforms/android-35-ext15/data/res/drawable-watch: Cannot change mode to rwxr-xr-x: Operation not permitted
build	Cache Android SDK	2026-06-06T12:23:03.3369462Z /usr/bin/tar: ../../../../../usr/local/lib/android/sdk/platforms/android-35-ext15/data/res/values-mcc310-mnc150-as: Cannot utime: Operation not permitted
build	Cache Android SDK	2026-06-06T12:23:03.3369933Z /usr/bin/tar: ../../../../../usr/local/lib/android/sdk/platforms/android-35-ext15/data/res/values-mcc310-mnc150-as: Cannot change mode to rwxr-xr-x: Operation not permitted
build	Cache Android SDK	2026-06-06T12:23:03.3372567Z /usr/bin/tar: ../../../../../usr/local/lib/android/sdk/platforms/android-35-ext15/data/res/values-mcc310-mnc560-uk: Cannot utime: Operation not permitted
build	Cache Android SDK	2026-06-06T12:23:03.3373058Z /usr/bin/tar: ../../../../../usr/local/lib/android/sdk/platforms/android-35-ext15/data/res/values-mcc310-mnc560-uk: Cannot change mode to rwxr-xr-x: Operation not permitted
build	Cache Android SDK	2026-06-06T12:23:03.3375481Z /usr/bin/tar: ../../../../../usr/local/lib/android/sdk/platforms/android-35-ext15/data/res/values-mcc334-mnc020-hy: Cannot utime: Operation not permitted
build	Cache Android SDK	2026-06-06T12:23:03.3375948Z /usr/bin/tar: ../../../../../usr/local/lib/android/sdk/platforms/android-35-ext15/data/res/values-mcc334-mnc020-hy: Cannot change mode to rwxr-xr-x: Operation not permitted
build	Cache Android SDK	2026-06-06T12:23:03.3378882Z /usr/bin/tar: ../../../../../usr/local/lib/android/sdk/platforms/android-35-ext15/data/res/values-mcc310-mnc240-pa: Cannot utime: Operation not permitted
build	Cache Android SDK	2026-06-06T12:23:03.3379359Z /usr/bin/tar: ../../../../../usr/local/lib/android/sdk/platforms/android-35-ext15/data/res/values-mcc310-mnc240-pa: Cannot change mode to rwxr-xr-x: Operation not permitted
build	Cache Android SDK	2026-06-06T12:23:03.3382322Z /usr/bin/tar: ../../../../../usr/local/lib/android/sdk/platforms/android-35-ext15/data/res/values-mcc302-mnc370-ca: Cannot utime: Operation not permitted
build	Cache Android SDK	2026-06-06T12:23:03.3382898Z /usr/bin/tar: ../../../../../usr/local/lib/android/sdk/platforms/android-35-ext15/data/res/values-mcc302-mnc370-ca: Cannot change mode to rwxr-xr-x: Operation not permitted
build	Cache Android SDK	2026-06-06T12:23:03.3385600Z /usr/bin/tar: ../../../../../usr/local/lib/android/sdk/platforms/android-35-ext15/data/res/values-mcc310-mnc240-zh-rHK: Cannot utime: Operation not permitted
build	Cache Android SDK	2026-06-06T12:23:03.3386087Z /usr/bin/tar: ../../../../../usr/local/lib/android/sdk/platforms/android-35-ext15/data/res/values-mcc310-mnc240-zh-rHK: Cannot change mode to rwxr-xr-x: Operation not permitted
build	Cache Android SDK	2026-06-06T12:23:03.3389457Z /usr/bin/tar: ../../../../../usr/local/lib/android/sdk/platforms/android-35-ext15/data/res/values-mcc310-mnc950-lo: Cannot utime: Operation not permitted
build	Cache Android SDK	2026-06-06T12:23:03.3389936Z /usr/bin/tar: ../../../../../usr/local/lib/android/sdk/platforms/android-35-ext15/data/res/values-mcc310-mnc950-lo: Cannot change mode to rwxr-xr-x: Operation not permitted
build	Cache Android SDK	2026-06-06T12:23:03.3392797Z /usr/bin/tar: ../../../../../usr/local/lib/android/sdk/platforms/android-35-ext15/data/res/values-mcc310-mnc660-ta: Cannot utime: Operation not permitted
build	Cache Android SDK	2026-06-06T12:23:03.3393257Z /usr/bin/tar: ../../../../../usr/local/lib/android/sdk/platforms/android-35-ext15/data/res/values-mcc310-mnc660-ta: Cannot change mode to rwxr-xr-x: Operation not permitted
build	Cache Android SDK	2026-06-06T12:23:03.3396396Z /usr/bin/tar: ../../../../../usr/local/lib/android/sdk/platforms/android-35-ext15/data/res/values-mcc310-mnc270-ms: Cannot utime: Operation not permitted
build	Cache Android SDK	2026-06-06T12:23:03.3397093Z /usr/bin/tar: ../../../../../usr/local/lib/android/sdk/platforms/android-35-ext15/data/res/values-mcc310-mnc270-ms: Cannot change mode to rwxr-xr-x: Operation not permitted
build	Cache Android SDK	2026-06-06T12:23:03.3399729Z /usr/bin/tar: ../../../../../usr/local/lib/android/sdk/platforms/android-35-ext15/data/res/values-mcc310-mnc280-ca: Cannot utime: Operation not permitted
build	Cache Android SDK	2026-06-06T12:23:03.3400212Z /usr/bin/tar: ../../../../../usr/local/lib/android/sdk/platforms/android-35-ext15/data/res/values-mcc310-mnc280-ca: Cannot change mode to rwxr-xr-x: Operation not permitted
build	Cache Android SDK	2026-06-06T12:23:03.3402629Z /usr/bin/tar: ../../../../../usr/local/lib/android/sdk/platforms/android-35-ext15/data/res/values-mcc310-mnc280-az: Cannot utime: Operation not permitted
build	Cache Android SDK	2026-06-06T12:23:03.3403084Z /usr/bin/tar: ../../../../../usr/local/lib/android/sdk/platforms/android-35-ext15/data/res/values-mcc310-mnc280-az: Cannot change mode to rwxr-xr-x: Operation not permitted
build	Cache Android SDK	2026-06-06T12:23:03.3405798Z /usr/bin/tar: ../../../../../usr/local/lib/android/sdk/platforms/android-35-ext15/data/res/values-mcc310-mnc240-tr: Cannot utime: Operation not permitted
build	Cache Android SDK	2026-06-06T12:23:03.3406288Z /usr/bin/tar: ../../../../../usr/local/lib/android/sdk/platforms/android-35-ext15/data/res/values-mcc310-mnc240-tr: Cannot change mode to rwxr-xr-x: Operation not permitted
build	Cache Android SDK	2026-06-06T12:23:03.3409432Z /usr/bin/tar: ../../../../../usr/local/lib/android/sdk/platforms/android-35-ext15/data/res/values-mcc001-mnc01-sr: Cannot utime: Operation not permitted
build	Cache Android SDK	2026-06-06T12:23:03.3410032Z /usr/bin/tar: ../../../../../usr/local/lib/android/sdk/platforms/android-35-ext15/data/res/values-mcc001-mnc01-sr: Cannot change mode to rwxr-xr-x: Operation not permitted
build	Cache Android SDK	2026-06-06T12:23:03.3412906Z /usr/bin/tar: ../../../../../usr/local/lib/android/sdk/platforms/android-35-ext15/data/res/values-mcc312-mnc670-ja: Cannot utime: Operation not permitted
build	Cache Android SDK	2026-06-06T12:23:03.3413386Z /usr/bin/tar: ../../../../../usr/local/lib/android/sdk/platforms/android-35-ext15/data/res/values-mcc312-mnc670-ja: Cannot change mode to rwxr-xr-x: Operation not permitted
build	Cache Android SDK	2026-06-06T12:23:03.3416533Z /usr/bin/tar: ../../../../../usr/local/lib/android/sdk/platforms/android-35-ext15/data/res/values-mcc001-mnc01-gu: Cannot utime: Operation not permitted
build	Cache Android SDK	2026-06-06T12:23:03.3417006Z /usr/bin/tar: ../../../../../usr/local/lib/android/sdk/platforms/android-35-ext15/data/res/values-mcc001-mnc01-gu: Cannot change mode to rwxr-xr-x: Operation not permitted
build	Cache Android SDK	2026-06-06T12:23:03.3419758Z /usr/bin/tar: ../../../../../usr/local/lib/android/sdk/platforms/android-35-ext15/data/res/values-mcc334-mnc020-et: Cannot utime: Operation not permitted
build	Cache Android SDK	2026-06-06T12:23:03.3420323Z /usr/bin/tar: ../../../../../usr/local/lib/android/sdk/platforms/android-35-ext15/data/res/values-mcc334-mnc020-et: Cannot change mode to rwxr-xr-x: Operation not permitted
build	Cache Android SDK	2026-06-06T12:23:03.3423018Z /usr/bin/tar: ../../../../../usr/local/lib/android/sdk/platforms/android-35-ext15/data/res/values-mcc310-mnc560-am: Cannot utime: Operation not permitted
build	Cache Android SDK	2026-06-06T12:23:03.3423491Z /usr/bin/tar: ../../../../../usr/local/lib/android/sdk/platforms/android-35-ext15/data/res/values-mcc310-mnc560-am: Cannot change mode to rwxr-xr-x: Operation not permitted
build	Cache Android SDK	2026-06-06T12:23:03.3426588Z /usr/bin/tar: ../../../../../usr/local/lib/android/sdk/platforms/android-35-ext15/data/res/values-sw600dp-land: Cannot utime: Operation not permitted
build	Cache Android SDK	2026-06-06T12:23:03.3427051Z /usr/bin/tar: ../../../../../usr/local/lib/android/sdk/platforms/android-35-ext15/data/res/values-sw600dp-land: Cannot change mode to rwxr-xr-x: Operation not permitted
build	Cache Android SDK	2026-06-06T12:23:03.3429804Z /usr/bin/tar: ../../../../../usr/local/lib/android/sdk/platforms/android-35-ext15/data/res/values-mcc310-mnc950-ta: Cannot utime: Operation not permitted
build	Cache Android SDK	2026-06-06T12:23:03.3430273Z /usr/bin/tar: ../../../../../usr/local/lib/android/sdk/platforms/android-35-ext15/data/res/values-mcc310-mnc950-ta: Cannot change mode to rwxr-xr-x: Operation not permitted
build	Cache Android SDK	2026-06-06T12:23:03.3432879Z /usr/bin/tar: ../../../../../usr/local/lib/android/sdk/platforms/android-35-ext15/data/res/values-mcc310-mnc410-en-rGB: Cannot utime: Operation not permitted
build	Cache Android SDK	2026-06-06T12:23:03.3433379Z /usr/bin/tar: ../../../../../usr/local/lib/android/sdk/platforms/android-35-ext15/data/res/values-mcc310-mnc410-en-rGB: Cannot change mode to rwxr-xr-x: Operation not permitted
build	Cache Android SDK	2026-06-06T12:23:03.3436003Z /usr/bin/tar: ../../../../../usr/local/lib/android/sdk/platforms/android-35-ext15/data/res/values-mcc310-mnc230-es-rUS: Cannot utime: Operation not permitted
build	Cache Android SDK	2026-06-06T12:23:03.3436485Z /usr/bin/tar: ../../../../../usr/local/lib/android/sdk/platforms/android-35-ext15/data/res/values-mcc310-mnc230-es-rUS: Cannot change mode to rwxr-xr-x: Operation not permitted
build	Cache Android SDK	2026-06-06T12:23:03.3439226Z /usr/bin/tar: ../../../../../usr/local/lib/android/sdk/platforms/android-35-ext15/data/res/values-ar-television: Cannot utime: Operation not permitted
build	Cache Android SDK	2026-06-06T12:23:03.3439709Z /usr/bin/tar: ../../../../../usr/local/lib/android/sdk/platforms/android-35-ext15/data/res/values-ar-television: Cannot change mode to rwxr-xr-x: Operation not permitted
build	Cache Android SDK	2026-06-06T12:23:03.3441998Z /usr/bin/tar: ../../../../../usr/local/lib/android/sdk/platforms/android-35-ext15/data/res/values-mcc313-mnc100-bs: Cannot utime: Operation not permitted
build	Cache Android SDK	2026-06-06T12:23:03.3442470Z /usr/bin/tar: ../../../../../usr/local/lib/android/sdk/platforms/android-35-ext15/data/res/values-mcc313-mnc100-bs: Cannot change mode to rwxr-xr-x: Operation not permitted
build	Cache Android SDK	2026-06-06T12:23:03.3445467Z /usr/bin/tar: ../../../../../usr/local/lib/android/sdk/platforms/android-35-ext15/data/res/values-mcc310-mnc200-en-rGB: Cannot utime: Operation not permitted
build	Cache Android SDK	2026-06-06T12:23:03.3445959Z /usr/bin/tar: ../../../../../usr/local/lib/android/sdk/platforms/android-35-ext15/data/res/values-mcc310-mnc200-en-rGB: Cannot change mode to rwxr-xr-x: Operation not permitted
build	Cache Android SDK	2026-06-06T12:23:03.3448791Z /usr/bin/tar: ../../../../../usr/local/lib/android/sdk/platforms/android-35-ext15/data/res/values-mcc310-mnc950-ne: Cannot utime: Operation not permitted
build	Cache Android SDK	2026-06-06T12:23:03.3449261Z /usr/bin/tar: ../../../../../usr/local/lib/android/sdk/platforms/android-35-ext15/data/res/values-mcc310-mnc950-ne: Cannot change mode to rwxr-xr-x: Operation not permitted
build	Cache Android SDK	2026-06-06T12:23:03.3451657Z /usr/bin/tar: ../../../../../usr/local/lib/android/sdk/platforms/android-35-ext15/data/res/values-mcc310-mnc560-es: Cannot utime: Operation not permitted
build	Cache Android SDK	2026-06-06T12:23:03.3452125Z /usr/bin/tar: ../../../../../usr/local/lib/android/sdk/platforms/android-35-ext15/data/res/values-mcc310-mnc560-es: Cannot change mode to rwxr-xr-x: Operation not permitted
build	Cache Android SDK	2026-06-06T12:23:03.3454859Z /usr/bin/tar: ../../../../../usr/local/lib/android/sdk/platforms/android-35-ext15/data/res/values-mcc001-mnc01-b+sr+Latn: Cannot utime: Operation not permitted
build	Cache Android SDK	2026-06-06T12:23:03.3455349Z /usr/bin/tar: ../../../../../usr/local/lib/android/sdk/platforms/android-35-ext15/data/res/values-mcc001-mnc01-b+sr+Latn: Cannot change mode to rwxr-xr-x: Operation not permitted
build	Cache Android SDK	2026-06-06T12:23:03.3458150Z /usr/bin/tar: ../../../../../usr/local/lib/android/sdk/platforms/android-35-ext15/data/res/values-mcc310-mnc800-sk: Cannot utime: Operation not permitted
build	Cache Android SDK	2026-06-06T12:23:03.3458679Z /usr/bin/tar: ../../../../../usr/local/lib/android/sdk/platforms/android-35-ext15/data/res/values-mcc310-mnc800-sk: Cannot change mode to rwxr-xr-x: Operation not permitted
build	Cache Android SDK	2026-06-06T12:23:03.3461265Z /usr/bin/tar: ../../../../../usr/local/lib/android/sdk/platforms/android-35-ext15/data/res/values-mcc310-mnc410-ms: Cannot utime: Operation not permitted
build	Cache Android SDK	2026-06-06T12:23:03.3461737Z /usr/bin/tar: ../../../../../usr/local/lib/android/sdk/platforms/android-35-ext15/data/res/values-mcc310-mnc410-ms: Cannot change mode to rwxr-xr-x: Operation not permitted
build	Cache Android SDK	2026-06-06T12:23:03.3464134Z /usr/bin/tar: ../../../../../usr/local/lib/android/sdk/platforms/android-35-ext15/data/res/values-mcc313-mnc100-en-rIN: Cannot utime: Operation not permitted
build	Cache Android SDK	2026-06-06T12:23:03.3464617Z /usr/bin/tar: ../../../../../usr/local/lib/android/sdk/platforms/android-35-ext15/data/res/values-mcc313-mnc100-en-rIN: Cannot change mode to rwxr-xr-x: Operation not permitted
build	Cache Android SDK	2026-06-06T12:23:03.3467031Z /usr/bin/tar: ../../../../../usr/local/lib/android/sdk/platforms/android-35-ext15/data/res/values-mcc310-mnc160-mn: Cannot utime: Operation not permitted
build	Cache Android SDK	2026-06-06T12:23:03.3467587Z /usr/bin/tar: ../../../../../usr/local/lib/android/sdk/platforms/android-35-ext15/data/res/values-mcc310-mnc160-mn: Cannot change mode to rwxr-xr-x: Operation not permitted
build	Cache Android SDK	2026-06-06T12:23:03.3470254Z /usr/bin/tar: ../../../../../usr/local/lib/android/sdk/platforms/android-35-ext15/data/res/values-mcc310-mnc240-el: Cannot utime: Operation not permitted
build	Cache Android SDK	2026-06-06T12:23:03.3470720Z /usr/bin/tar: ../../../../../usr/local/lib/android/sdk/platforms/android-35-ext15/data/res/values-mcc310-mnc240-el: Cannot change mode to rwxr-xr-x: Operation not permitted
build	Cache Android SDK	2026-06-06T12:23:03.3473457Z /usr/bin/tar: ../../../../../usr/local/lib/android/sdk/platforms/android-35-ext15/data/res/values-mcc312-mnc670-ko: Cannot utime: Operation not permitted
build	Cache Android SDK	2026-06-06T12:23:03.3473921Z /usr/bin/tar: ../../../../../usr/local/lib/android/sdk/platforms/android-35-ext15/data/res/values-mcc312-mnc670-ko: Cannot change mode to rwxr-xr-x: Operation not permitted
build	Cache Android SDK	2026-06-06T12:23:03.3476695Z /usr/bin/tar: ../../../../../usr/local/lib/android/sdk/platforms/android-35-ext15/data/res/values-mcc001-mnc01-as: Cannot utime: Operation not permitted
build	Cache Android SDK	2026-06-06T12:23:03.3477250Z /usr/bin/tar: ../../../../../usr/local/lib/android/sdk/platforms/android-35-ext15/data/res/values-mcc001-mnc01-as: Cannot change mode to rwxr-xr-x: Operation not permitted
build	Cache Android SDK	2026-06-06T12:23:03.3479773Z /usr/bin/tar: ../../../../../usr/local/lib/android/sdk/platforms/android-35-ext15/data/res/values-mcc310-mnc950-en-rGB: Cannot utime: Operation not permitted
build	Cache Android SDK	2026-06-06T12:23:03.3480252Z /usr/bin/tar: ../../../../../usr/local/lib/android/sdk/platforms/android-35-ext15/data/res/values-mcc310-mnc950-en-rGB: Cannot change mode to rwxr-xr-x: Operation not permitted
build	Cache Android SDK	2026-06-06T12:23:03.3482879Z /usr/bin/tar: ../../../../../usr/local/lib/android/sdk/platforms/android-35-ext15/data/res/values-mcc310-mnc250-zh-rTW: Cannot utime: Operation not permitted
build	Cache Android SDK	2026-06-06T12:23:03.3483361Z /usr/bin/tar: ../../../../../usr/local/lib/android/sdk/platforms/android-35-ext15/data/res/values-mcc310-mnc250-zh-rTW: Cannot change mode to rwxr-xr-x: Operation not permitted
build	Cache Android SDK	2026-06-06T12:23:03.3485912Z /usr/bin/tar: ../../../../../usr/local/lib/android/sdk/platforms/android-35-ext15/data/res/values-mcc312-mnc670-bs: Cannot utime: Operation not permitted
build	Cache Android SDK	2026-06-06T12:23:03.3486460Z /usr/bin/tar: ../../../../../usr/local/lib/android/sdk/platforms/android-35-ext15/data/res/values-mcc312-mnc670-bs: Cannot change mode to rwxr-xr-x: Operation not permitted
build	Cache Android SDK	2026-06-06T12:23:03.3489606Z /usr/bin/tar: ../../../../../usr/local/lib/android/sdk/platforms/android-35-ext15/data/res/values-mcc302-mnc370-uz: Cannot utime: Operation not permitted
build	Cache Android SDK	2026-06-06T12:23:03.3490683Z /usr/bin/tar: ../../../../../usr/local/lib/android/sdk/platforms/android-35-ext15/data/res/values-mcc302-mnc370-uz: Cannot change mode to rwxr-xr-x: Operation not permitted
build	Cache Android SDK	2026-06-06T12:23:03.3492451Z /usr/bin/tar: ../../../../../usr/local/lib/android/sdk/platforms/android-35-ext15/data/res/values-mcc310-mnc220-nb: Cannot utime: Operation not permitted
build	Cache Android SDK	2026-06-06T12:23:03.3492929Z /usr/bin/tar: ../../../../../usr/local/lib/android/sdk/platforms/android-35-ext15/data/res/values-mcc310-mnc220-nb: Cannot change mode to rwxr-xr-x: Operation not permitted
build	Cache Android SDK	2026-06-06T12:23:03.3495524Z /usr/bin/tar: ../../../../../usr/local/lib/android/sdk/platforms/android-35-ext15/data/res/values-mcc310-mnc150-nb: Cannot utime: Operation not permitted
build	Cache Android SDK	2026-06-06T12:23:03.3496039Z /usr/bin/tar: ../../../../../usr/local/lib/android/sdk/platforms/android-35-ext15/data/res/values-mcc310-mnc150-nb: Cannot change mode to rwxr-xr-x: Operation not permitted
build	Cache Android SDK	2026-06-06T12:23:03.3498541Z /usr/bin/tar: ../../../../../usr/local/lib/android/sdk/platforms/android-35-ext15/data/res/values-mcc310-mnc030-et: Cannot utime: Operation not permitted
build	Cache Android SDK	2026-06-06T12:23:03.3499111Z /usr/bin/tar: ../../../../../usr/local/lib/android/sdk/platforms/android-35-ext15/data/res/values-mcc310-mnc030-et: Cannot change mode to rwxr-xr-x: Operation not permitted
build	Cache Android SDK	2026-06-06T12:23:03.3502017Z /usr/bin/tar: ../../../../../usr/local/lib/android/sdk/platforms/android-35-ext15/data/res/values-mcc310-mnc310-sr: Cannot utime: Operation not permitted
build	Cache Android SDK	2026-06-06T12:23:03.3502489Z /usr/bin/tar: ../../../../../usr/local/lib/android/sdk/platforms/android-35-ext15/data/res/values-mcc310-mnc310-sr: Cannot change mode to rwxr-xr-x: Operation not permitted
build	Cache Android SDK	2026-06-06T12:23:03.3504884Z /usr/bin/tar: ../../../../../usr/local/lib/android/sdk/platforms/android-35-ext15/data/res/values-mcc310-mnc250-ro: Cannot utime: Operation not permitted
build	Cache Android SDK	2026-06-06T12:23:03.3505357Z /usr/bin/tar: ../../../../../usr/local/lib/android/sdk/platforms/android-35-ext15/data/res/values-mcc310-mnc250-ro: Cannot change mode to rwxr-xr-x: Operation not permitted
build	Cache Android SDK	2026-06-06T12:23:03.3508198Z /usr/bin/tar: ../../../../../usr/local/lib/android/sdk/platforms/android-35-ext15/data/res/values-mcc302-mnc370-tr: Cannot utime: Operation not permitted
build	Cache Android SDK	2026-06-06T12:23:03.3508675Z /usr/bin/tar: ../../../../../usr/local/lib/android/sdk/platforms/android-35-ext15/data/res/values-mcc302-mnc370-tr: Cannot change mode to rwxr-xr-x: Operation not permitted
build	Cache Android SDK	2026-06-06T12:23:03.3511548Z /usr/bin/tar: ../../../../../usr/local/lib/android/sdk/platforms/android-35-ext15/data/res/values-mcc310-mnc200-nl: Cannot utime: Operation not permitted
build	Cache Android SDK	2026-06-06T12:23:03.3512018Z /usr/bin/tar: ../../../../../usr/local/lib/android/sdk/platforms/android-35-ext15/data/res/values-mcc310-mnc200-nl: Cannot change mode to rwxr-xr-x: Operation not permitted
build	Cache Android SDK	2026-06-06T12:23:03.3514886Z /usr/bin/tar: ../../../../../usr/local/lib/android/sdk/platforms/android-35-ext15/data/res/values-mcc310-mnc660-sw: Cannot utime: Operation not permitted
build	Cache Android SDK	2026-06-06T12:23:03.3515354Z /usr/bin/tar: ../../../../../usr/local/lib/android/sdk/platforms/android-35-ext15/data/res/values-mcc310-mnc660-sw: Cannot change mode to rwxr-xr-x: Operation not permitted
build	Cache Android SDK	2026-06-06T12:23:03.3518333Z /usr/bin/tar: ../../../../../usr/local/lib/android/sdk/platforms/android-35-ext15/data/res/values-mcc313-mnc100-sr: Cannot utime: Operation not permitted
build	Cache Android SDK	2026-06-06T12:23:03.3518796Z /usr/bin/tar: ../../../../../usr/local/lib/android/sdk/platforms/android-35-ext15/data/res/values-mcc313-mnc100-sr: Cannot change mode to rwxr-xr-x: Operation not permitted
build	Cache Android SDK	2026-06-06T12:23:03.3521806Z /usr/bin/tar: ../../../../../usr/local/lib/android/sdk/platforms/android-35-ext15/data/res/raw-da: Cannot utime: Operation not permitted
build	Cache Android SDK	2026-06-06T12:23:03.3522229Z /usr/bin/tar: ../../../../../usr/local/lib/android/sdk/platforms/android-35-ext15/data/res/raw-da: Cannot change mode to rwxr-xr-x: Operation not permitted
build	Cache Android SDK	2026-06-06T12:23:03.3525358Z /usr/bin/tar: ../../../../../usr/local/lib/android/sdk/platforms/android-35-ext15/data/res/values-mcc334-mnc020-fr-masculine: Cannot utime: Operation not permitted
build	Cache Android SDK	2026-06-06T12:23:03.3525942Z /usr/bin/tar: ../../../../../usr/local/lib/android/sdk/platforms/android-35-ext15/data/res/values-mcc334-mnc020-fr-masculine: Cannot change mode to rwxr-xr-x: Operation not permitted
build	Cache Android SDK	2026-06-06T12:23:03.3529264Z /usr/bin/tar: ../../../../../usr/local/lib/android/sdk/platforms/android-35-ext15/data/res/values-mcc260: Cannot utime: Operation not permitted
build	Cache Android SDK	2026-06-06T12:23:03.3529715Z /usr/bin/tar: ../../../../../usr/local/lib/android/sdk/platforms/android-35-ext15/data/res/values-mcc260: Cannot change mode to rwxr-xr-x: Operation not permitted
build	Cache Android SDK	2026-06-06T12:23:03.3532226Z /usr/bin/tar: ../../../../../usr/local/lib/android/sdk/platforms/android-35-ext15/data/res/values-mcc310-mnc220-ja: Cannot utime: Operation not permitted
build	Cache Android SDK	2026-06-06T12:23:03.3532698Z /usr/bin/tar: ../../../../../usr/local/lib/android/sdk/platforms/android-35-ext15/data/res/values-mcc310-mnc220-ja: Cannot change mode to rwxr-xr-x: Operation not permitted
build	Cache Android SDK	2026-06-06T12:23:03.3535137Z /usr/bin/tar: ../../../../../usr/local/lib/android/sdk/platforms/android-35-ext15/data/res/values-mcc310-mnc800-en-rIN: Cannot utime: Operation not permitted
build	Cache Android SDK	2026-06-06T12:23:03.3535626Z /usr/bin/tar: ../../../../../usr/local/lib/android/sdk/platforms/android-35-ext15/data/res/values-mcc310-mnc800-en-rIN: Cannot change mode to rwxr-xr-x: Operation not permitted
build	Cache Android SDK	2026-06-06T12:23:03.3538428Z /usr/bin/tar: ../../../../../usr/local/lib/android/sdk/platforms/android-35-ext15/data/res/values-mcc310-mnc250-pt-rPT: Cannot utime: Operation not permitted
build	Cache Android SDK	2026-06-06T12:23:03.3538915Z /usr/bin/tar: ../../../../../usr/local/lib/android/sdk/platforms/android-35-ext15/data/res/values-mcc310-mnc250-pt-rPT: Cannot change mode to rwxr-xr-x: Operation not permitted
build	Cache Android SDK	2026-06-06T12:23:03.3541506Z /usr/bin/tar: ../../../../../usr/local/lib/android/sdk/platforms/android-35-ext15/data/res/values-mcc310-mnc490-ka: Cannot utime: Operation not permitted
build	Cache Android SDK	2026-06-06T12:23:03.3541970Z /usr/bin/tar: ../../../../../usr/local/lib/android/sdk/platforms/android-35-ext15/data/res/values-mcc310-mnc490-ka: Cannot change mode to rwxr-xr-x: Operation not permitted
build	Cache Android SDK	2026-06-06T12:23:03.3544463Z /usr/bin/tar: ../../../../../usr/local/lib/android/sdk/platforms/android-35-ext15/data/res/values-mcc310-mnc490-be: Cannot utime: Operation not permitted
build	Cache Android SDK	2026-06-06T12:23:03.3544928Z /usr/bin/tar: ../../../../../usr/local/lib/android/sdk/platforms/android-35-ext15/data/res/values-mcc310-mnc490-be: Cannot change mode to rwxr-xr-x: Operation not permitted
build	Cache Android SDK	2026-06-06T12:23:03.3547967Z /usr/bin/tar: ../../../../../usr/local/lib/android/sdk/platforms/android-35-ext15/data/res/values-mcc204: Cannot utime: Operation not permitted
build	Cache Android SDK	2026-06-06T12:23:03.3548422Z /usr/bin/tar: ../../../../../usr/local/lib/android/sdk/platforms/android-35-ext15/data/res/values-mcc204: Cannot change mode to rwxr-xr-x: Operation not permitted
build	Cache Android SDK	2026-06-06T12:23:03.3551548Z /usr/bin/tar: ../../../../../usr/local/lib/android/sdk/platforms/android-35-ext15/data/res/values-mcc310-mnc660-sr: Cannot utime: Operation not permitted
build	Cache Android SDK	2026-06-06T12:23:03.3552011Z /usr/bin/tar: ../../../../../usr/local/lib/android/sdk/platforms/android-35-ext15/data/res/values-mcc310-mnc660-sr: Cannot change mode to rwxr-xr-x: Operation not permitted
build	Cache Android SDK	2026-06-06T12:23:03.3554887Z /usr/bin/tar: ../../../../../usr/local/lib/android/sdk/platforms/android-35-ext15/data/res/values-mcc310-mnc220-lv: Cannot utime: Operation not permitted
build	Cache Android SDK	2026-06-06T12:23:03.3555374Z /usr/bin/tar: ../../../../../usr/local/lib/android/sdk/platforms/android-35-ext15/data/res/values-mcc310-mnc220-lv: Cannot change mode to rwxr-xr-x: Operation not permitted
build	Cache Android SDK	2026-06-06T12:23:03.3558023Z /usr/bin/tar: ../../../../../usr/local/lib/android/sdk/platforms/android-35-ext15/data/res/values-mcc310-mnc200-gl: Cannot utime: Operation not permitted
build	Cache Android SDK	2026-06-06T12:23:03.3558504Z /usr/bin/tar: ../../../../../usr/local/lib/android/sdk/platforms/android-35-ext15/data/res/values-mcc310-mnc200-gl: Cannot change mode to rwxr-xr-x: Operation not permitted
build	Cache Android SDK	2026-06-06T12:23:03.3562771Z /usr/bin/tar: ../../../../../usr/local/lib/android/sdk/platforms/android-35-ext15/data/res/values-en-rUS: Cannot utime: Operation not permitted
build	Cache Android SDK	2026-06-06T12:23:03.3563333Z /usr/bin/tar: ../../../../../usr/local/lib/android/sdk/platforms/android-35-ext15/data/res/values-en-rUS: Cannot change mode to rwxr-xr-x: Operation not permitted
build	Cache Android SDK	2026-06-06T12:23:03.3567953Z /usr/bin/tar: ../../../../../usr/local/lib/android/sdk/platforms/android-35-ext15/data/res/values-mcc310-mnc240-gu: Cannot utime: Operation not permitted
build	Cache Android SDK	2026-06-06T12:23:03.3568727Z /usr/bin/tar: ../../../../../usr/local/lib/android/sdk/platforms/android-35-ext15/data/res/values-mcc310-mnc240-gu: Cannot change mode to rwxr-xr-x: Operation not permitted
build	Cache Android SDK	2026-06-06T12:23:03.3569216Z /usr/bin/tar: ../../../../../usr/local/lib/android/sdk/platforms/android-35-ext15/data/res/values-mcc310-mnc150-es-rUS: Cannot utime: Operation not permitted
build	Cache Android SDK	2026-06-06T12:23:03.3569703Z /usr/bin/tar: ../../../../../usr/local/lib/android/sdk/platforms/android-35-ext15/data/res/values-mcc310-mnc150-es-rUS: Cannot change mode to rwxr-xr-x: Operation not permitted
build	Cache Android SDK	2026-06-06T12:23:03.3576349Z /usr/bin/tar: ../../../../../usr/local/lib/android/sdk/platforms/android-35-ext15/data/res/values-ru: Cannot utime: Operation not permitted
build	Cache Android SDK	2026-06-06T12:23:03.3577089Z /usr/bin/tar: ../../../../../usr/local/lib/android/sdk/platforms/android-35-ext15/data/res/values-ru: Cannot change mode to rwxr-xr-x: Operation not permitted
build	Cache Android SDK	2026-06-06T12:23:03.3579484Z /usr/bin/tar: ../../../../../usr/local/lib/android/sdk/platforms/android-35-ext15/data/res/values-mcc310-mnc150-ar: Cannot utime: Operation not permitted
build	Cache Android SDK	2026-06-06T12:23:03.3579983Z /usr/bin/tar: ../../../../../usr/local/lib/android/sdk/platforms/android-35-ext15/data/res/values-mcc310-mnc150-ar: Cannot change mode to rwxr-xr-x: Operation not permitted
build	Cache Android SDK	2026-06-06T12:23:03.3582158Z /usr/bin/tar: ../../../../../usr/local/lib/android/sdk/platforms/android-35-ext15/data/res/values-mcc310-mnc310-bg: Cannot utime: Operation not permitted
build	Cache Android SDK	2026-06-06T12:23:03.3582632Z /usr/bin/tar: ../../../../../usr/local/lib/android/sdk/platforms/android-35-ext15/data/res/values-mcc310-mnc310-bg: Cannot change mode to rwxr-xr-x: Operation not permitted
build	Cache Android SDK	2026-06-06T12:23:03.3585208Z /usr/bin/tar: ../../../../../usr/local/lib/android/sdk/platforms/android-35-ext15/data/res/values-ro-rRO: Cannot utime: Operation not permitted
build	Cache Android SDK	2026-06-06T12:23:03.3585765Z /usr/bin/tar: ../../../../../usr/local/lib/android/sdk/platforms/android-35-ext15/data/res/values-ro-rRO: Cannot change mode to rwxr-xr-x: Operation not permitted
build	Cache Android SDK	2026-06-06T12:23:03.3588297Z /usr/bin/tar: ../../../../../usr/local/lib/android/sdk/platforms/android-35-ext15/data/res/values-mcc302-mnc370-az: Cannot utime: Operation not permitted
build	Cache Android SDK	2026-06-06T12:23:03.3588761Z /usr/bin/tar: ../../../../../usr/local/lib/android/sdk/platforms/android-35-ext15/data/res/values-mcc302-mnc370-az: Cannot change mode to rwxr-xr-x: Operation not permitted
build	Cache Android SDK	2026-06-06T12:23:03.3594265Z /usr/bin/tar: ../../../../../usr/local/lib/android/sdk/platforms/android-35-ext15/data/res/values-hr: Cannot utime: Operation not permitted
build	Cache Android SDK	2026-06-06T12:23:03.3595320Z /usr/bin/tar: ../../../../../usr/local/lib/android/sdk/platforms/android-35-ext15/data/res/values-hr: Cannot change mode to rwxr-xr-x: Operation not permitted
build	Cache Android SDK	2026-06-06T12:23:03.3596998Z /usr/bin/tar: ../../../../../usr/local/lib/android/sdk/platforms/android-35-ext15/data/res/values-mcc310-mnc280-zh-rTW: Cannot utime: Operation not permitted
build	Cache Android SDK	2026-06-06T12:23:03.3597622Z /usr/bin/tar: ../../../../../usr/local/lib/android/sdk/platforms/android-35-ext15/data/res/values-mcc310-mnc280-zh-rTW: Cannot change mode to rwxr-xr-x: Operation not permitted
build	Cache Android SDK	2026-06-06T12:23:03.3600090Z /usr/bin/tar: ../../../../../usr/local/lib/android/sdk/platforms/android-35-ext15/data/res/values-mcc310-mnc490-pa: Cannot utime: Operation not permitted
build	Cache Android SDK	2026-06-06T12:23:03.3600562Z /usr/bin/tar: ../../../../../usr/local/lib/android/sdk/platforms/android-35-ext15/data/res/values-mcc310-mnc490-pa: Cannot change mode to rwxr-xr-x: Operation not permitted
build	Cache Android SDK	2026-06-06T12:23:03.3603265Z /usr/bin/tar: ../../../../../usr/local/lib/android/sdk/platforms/android-35-ext15/data/res/values-mcc310-mnc030-kk: Cannot utime: Operation not permitted
build	Cache Android SDK	2026-06-06T12:23:03.3603728Z /usr/bin/tar: ../../../../../usr/local/lib/android/sdk/platforms/android-35-ext15/data/res/values-mcc310-mnc030-kk: Cannot change mode to rwxr-xr-x: Operation not permitted
build	Cache Android SDK	2026-06-06T12:23:03.3606344Z /usr/bin/tar: ../../../../../usr/local/lib/android/sdk/platforms/android-35-ext15/data/res/values-mcc302-mnc720-pt-rBR: Cannot utime: Operation not permitted
build	Cache Android SDK	2026-06-06T12:23:03.3606829Z /usr/bin/tar: ../../../../../usr/local/lib/android/sdk/platforms/android-35-ext15/data/res/values-mcc302-mnc720-pt-rBR: Cannot change mode to rwxr-xr-x: Operation not permitted
build	Cache Android SDK	2026-06-06T12:23:03.3609509Z /usr/bin/tar: ../../../../../usr/local/lib/android/sdk/platforms/android-35-ext15/data/res/values-mcc310-mnc160-ka: Cannot utime: Operation not permitted
build	Cache Android SDK	2026-06-06T12:23:03.3610046Z /usr/bin/tar: ../../../../../usr/local/lib/android/sdk/platforms/android-35-ext15/data/res/values-mcc310-mnc160-ka: Cannot change mode to rwxr-xr-x: Operation not permitted
build	Cache Android SDK	2026-06-06T12:23:03.3612636Z /usr/bin/tar: ../../../../../usr/local/lib/android/sdk/platforms/android-35-ext15/data/res/values-mcc310-mnc280-am: Cannot utime: Operation not permitted
build	Cache Android SDK	2026-06-06T12:23:03.3613098Z /usr/bin/tar: ../../../../../usr/local/lib/android/sdk/platforms/android-35-ext15/data/res/values-mcc310-mnc280-am: Cannot change mode to rwxr-xr-x: Operation not permitted
build	Cache Android SDK	2026-06-06T12:23:03.3615922Z /usr/bin/tar: ../../../../../usr/local/lib/android/sdk/platforms/android-35-ext15/data/res/values-mcc310-mnc410: Cannot utime: Operation not permitted
build	Cache Android SDK	2026-06-06T12:23:03.3616384Z /usr/bin/tar: ../../../../../usr/local/lib/android/sdk/platforms/android-35-ext15/data/res/values-mcc310-mnc410: Cannot change mode to rwxr-xr-x: Operation not permitted
build	Cache Android SDK	2026-06-06T12:23:03.3620411Z /usr/bin/tar: ../../../../../usr/local/lib/android/sdk/platforms/android-35-ext15/data/res/values-mcc310-mnc950-en-rIN: Cannot utime: Operation not permitted
build	Cache Android SDK	2026-06-06T12:23:03.3621075Z /usr/bin/tar: ../../../../../usr/local/lib/android/sdk/platforms/android-35-ext15/data/res/values-mcc310-mnc950-en-rIN: Cannot change mode to rwxr-xr-x: Operation not permitted
build	Cache Android SDK	2026-06-06T12:23:03.3623677Z /usr/bin/tar: ../../../../../usr/local/lib/android/sdk/platforms/android-35-ext15/data/res/values-mcc334-mnc020-fa: Cannot utime: Operation not permitted
build	Cache Android SDK	2026-06-06T12:23:03.3624347Z /usr/bin/tar: ../../../../../usr/local/lib/android/sdk/platforms/android-35-ext15/data/res/values-mcc334-mnc020-fa: Cannot change mode to rwxr-xr-x: Operation not permitted
build	Cache Android SDK	2026-06-06T12:23:03.3626889Z /usr/bin/tar: ../../../../../usr/local/lib/android/sdk/platforms/android-35-ext15/data/res/values-mcc310-mnc240-ko: Cannot utime: Operation not permitted
build	Cache Android SDK	2026-06-06T12:23:03.3627613Z /usr/bin/tar: ../../../../../usr/local/lib/android/sdk/platforms/android-35-ext15/data/res/values-mcc310-mnc240-ko: Cannot change mode to rwxr-xr-x: Operation not permitted
build	Cache Android SDK	2026-06-06T12:23:03.3630427Z /usr/bin/tar: ../../../../../usr/local/lib/android/sdk/platforms/android-35-ext15/data/res/values-mcc310-mnc410-en-rAU: Cannot utime: Operation not permitted
build	Cache Android SDK	2026-06-06T12:23:03.3631002Z /usr/bin/tar: ../../../../../usr/local/lib/android/sdk/platforms/android-35-ext15/data/res/values-mcc310-mnc410-en-rAU: Cannot change mode to rwxr-xr-x: Operation not permitted
build	Cache Android SDK	2026-06-06T12:23:03.3633508Z /usr/bin/tar: ../../../../../usr/local/lib/android/sdk/platforms/android-35-ext15/data/res/values-mcc302-mnc370-fr: Cannot utime: Operation not permitted
build	Cache Android SDK	2026-06-06T12:23:03.3634154Z /usr/bin/tar: ../../../../../usr/local/lib/android/sdk/platforms/android-35-ext15/data/res/values-mcc302-mnc370-fr: Cannot change mode to rwxr-xr-x: Operation not permitted
build	Cache Android SDK	2026-06-06T12:23:03.3638802Z /usr/bin/tar: ../../../../../usr/local/lib/android/sdk/platforms/android-35-ext15/data/res/values-mcc310-mnc410-fr: Cannot utime: Operation not permitted
build	Cache Android SDK	2026-06-06T12:23:03.3640619Z /usr/bin/tar: ../../../../../usr/local/lib/android/sdk/platforms/android-35-ext15/data/res/values-mcc310-mnc410-fr: Cannot change mode to rwxr-xr-x: Operation not permitted
build	Cache Android SDK	2026-06-06T12:23:03.3641689Z /usr/bin/tar: ../../../../../usr/local/lib/android/sdk/platforms/android-35-ext15/data/res/values-mcc310-mnc240-ur: Cannot utime: Operation not permitted
build	Cache Android SDK	2026-06-06T12:23:03.3642600Z /usr/bin/tar: ../../../../../usr/local/lib/android/sdk/platforms/android-35-ext15/data/res/values-mcc310-mnc240-ur: Cannot change mode to rwxr-xr-x: Operation not permitted
build	Cache Android SDK	2026-06-06T12:23:03.3644809Z /usr/bin/tar: ../../../../../usr/local/lib/android/sdk/platforms/android-35-ext15/data/res/values-mcc310-mnc220-de: Cannot utime: Operation not permitted
build	Cache Android SDK	2026-06-06T12:23:03.3645820Z /usr/bin/tar: ../../../../../usr/local/lib/android/sdk/platforms/android-35-ext15/data/res/values-mcc310-mnc220-de: Cannot change mode to rwxr-xr-x: Operation not permitted
build	Cache Android SDK	2026-06-06T12:23:03.3648803Z /usr/bin/tar: ../../../../../usr/local/lib/android/sdk/platforms/android-35-ext15/data/res/values-mcc310-mnc030-en-rXC: Cannot utime: Operation not permitted
build	Cache Android SDK	2026-06-06T12:23:03.3649599Z /usr/bin/tar: ../../../../../usr/local/lib/android/sdk/platforms/android-35-ext15/data/res/values-mcc310-mnc030-en-rXC: Cannot change mode to rwxr-xr-x: Operation not permitted
build	Cache Android SDK	2026-06-06T12:23:03.3652966Z /usr/bin/tar: ../../../../../usr/local/lib/android/sdk/platforms/android-35-ext15/data/res/values-mcc001-mnc01-ko: Cannot utime: Operation not permitted
build	Cache Android SDK	2026-06-06T12:23:03.3653875Z /usr/bin/tar: ../../../../../usr/local/lib/android/sdk/platforms/android-35-ext15/data/res/values-mcc001-mnc01-ko: Cannot change mode to rwxr-xr-x: Operation not permitted
build	Cache Android SDK	2026-06-06T12:23:03.3656040Z /usr/bin/tar: ../../../../../usr/local/lib/android/sdk/platforms/android-35-ext15/data/res/values-mcc334-mnc020-gu: Cannot utime: Operation not permitted
build	Cache Android SDK	2026-06-06T12:23:03.3656689Z /usr/bin/tar: ../../../../../usr/local/lib/android/sdk/platforms/android-35-ext15/data/res/values-mcc334-mnc020-gu: Cannot change mode to rwxr-xr-x: Operation not permitted
build	Cache Android SDK	2026-06-06T12:23:03.3659321Z /usr/bin/tar: ../../../../../usr/local/lib/android/sdk/platforms/android-35-ext15/data/res/values-mcc310-mnc560-zh-rTW: Cannot utime: Operation not permitted
build	Cache Android SDK	2026-06-06T12:23:03.3660450Z /usr/bin/tar: ../../../../../usr/local/lib/android/sdk/platforms/android-35-ext15/data/res/values-mcc310-mnc560-zh-rTW: Cannot change mode to rwxr-xr-x: Operation not permitted
build	Cache Android SDK	2026-06-06T12:23:03.3662660Z /usr/bin/tar: ../../../../../usr/local/lib/android/sdk/platforms/android-35-ext15/data/res/values-mcc310-mnc280-en-rAU: Cannot utime: Operation not permitted
build	Cache Android SDK	2026-06-06T12:23:03.3663534Z /usr/bin/tar: ../../../../../usr/local/lib/android/sdk/platforms/android-35-ext15/data/res/values-mcc310-mnc280-en-rAU: Cannot change mode to rwxr-xr-x: Operation not permitted
build	Cache Android SDK	2026-06-06T12:23:03.3666171Z /usr/bin/tar: ../../../../../usr/local/lib/android/sdk/platforms/android-35-ext15/data/res/values-mcc310-mnc210-fi: Cannot utime: Operation not permitted
build	Cache Android SDK	2026-06-06T12:23:03.3666679Z /usr/bin/tar: ../../../../../usr/local/lib/android/sdk/platforms/android-35-ext15/data/res/values-mcc310-mnc210-fi: Cannot change mode to rwxr-xr-x: Operation not permitted
build	Cache Android SDK	2026-06-06T12:23:03.3669638Z /usr/bin/tar: ../../../../../usr/local/lib/android/sdk/platforms/android-35-ext15/data/res/values-mcc310-mnc170-de: Cannot utime: Operation not permitted
build	Cache Android SDK	2026-06-06T12:23:03.3670122Z /usr/bin/tar: ../../../../../usr/local/lib/android/sdk/platforms/android-35-ext15/data/res/values-mcc310-mnc170-de: Cannot change mode to rwxr-xr-x: Operation not permitted
build	Cache Android SDK	2026-06-06T12:23:03.3672519Z /usr/bin/tar: ../../../../../usr/local/lib/android/sdk/platforms/android-35-ext15/data/res/values-mcc310-mnc210-gu: Cannot utime: Operation not permitted
build	Cache Android SDK	2026-06-06T12:23:03.3673004Z /usr/bin/tar: ../../../../../usr/local/lib/android/sdk/platforms/android-35-ext15/data/res/values-mcc310-mnc210-gu: Cannot change mode to rwxr-xr-x: Operation not permitted
build	Cache Android SDK	2026-06-06T12:23:03.3676070Z /usr/bin/tar: ../../../../../usr/local/lib/android/sdk/platforms/android-35-ext15/data/res/values-mcc310-mnc660-hi: Cannot utime: Operation not permitted
build	Cache Android SDK	2026-06-06T12:23:03.3676670Z /usr/bin/tar: ../../../../../usr/local/lib/android/sdk/platforms/android-35-ext15/data/res/values-mcc310-mnc660-hi: Cannot change mode to rwxr-xr-x: Operation not permitted
build	Cache Android SDK	2026-06-06T12:23:03.3679473Z /usr/bin/tar: ../../../../../usr/local/lib/android/sdk/platforms/android-35-ext15/data/res/values-mcc310-mnc210-nl: Cannot utime: Operation not permitted
build	Cache Android SDK	2026-06-06T12:23:03.3679961Z /usr/bin/tar: ../../../../../usr/local/lib/android/sdk/platforms/android-35-ext15/data/res/values-mcc310-mnc210-nl: Cannot change mode to rwxr-xr-x: Operation not permitted
build	Cache Android SDK	2026-06-06T12:23:03.3682373Z /usr/bin/tar: ../../../../../usr/local/lib/android/sdk/platforms/android-35-ext15/data/res/values-mcc334-mnc020-am: Cannot utime: Operation not permitted
build	Cache Android SDK	2026-06-06T12:23:03.3682863Z /usr/bin/tar: ../../../../../usr/local/lib/android/sdk/platforms/android-35-ext15/data/res/values-mcc334-mnc020-am: Cannot change mode to rwxr-xr-x: Operation not permitted
build	Cache Android SDK	2026-06-06T12:23:03.3685697Z /usr/bin/tar: ../../../../../usr/local/lib/android/sdk/platforms/android-35-ext15/data/res/values-mcc334-mnc020-my: Cannot utime: Operation not permitted
build	Cache Android SDK	2026-06-06T12:23:03.3686618Z /usr/bin/tar: ../../../../../usr/local/lib/android/sdk/platforms/android-35-ext15/data/res/values-mcc334-mnc020-my: Cannot change mode to rwxr-xr-x: Operation not permitted
build	Cache Android SDK	2026-06-06T12:23:03.3694089Z /usr/bin/tar: ../../../../../usr/local/lib/android/sdk/platforms/android-35-ext15/data/res/values-mcc740-mnc00: Cannot utime: Operation not permitted
build	Cache Android SDK	2026-06-06T12:23:03.3694709Z /usr/bin/tar: ../../../../../usr/local/lib/android/sdk/platforms/android-35-ext15/data/res/values-mcc740-mnc00: Cannot change mode to rwxr-xr-x: Operation not permitted
build	Cache Android SDK	2026-06-06T12:23:03.3695132Z /usr/bin/tar: ../../../../../usr/local/lib/android/sdk/platforms/android-35-ext15/data/res/values-mcc310-mnc200-ky: Cannot utime: Operation not permitted
build	Cache Android SDK	2026-06-06T12:23:03.3695739Z /usr/bin/tar: ../../../../../usr/local/lib/android/sdk/platforms/android-35-ext15/data/res/values-mcc310-mnc200-ky: Cannot change mode to rwxr-xr-x: Operation not permitted
build	Cache Android SDK	2026-06-06T12:23:03.3697700Z /usr/bin/tar: ../../../../../usr/local/lib/android/sdk/platforms/android-35-ext15/data/res/values-mcc302-mnc370-el: Cannot utime: Operation not permitted
build	Cache Android SDK	2026-06-06T12:23:03.3698614Z /usr/bin/tar: ../../../../../usr/local/lib/android/sdk/platforms/android-35-ext15/data/res/values-mcc302-mnc370-el: Cannot change mode to rwxr-xr-x: Operation not permitted
build	Cache Android SDK	2026-06-06T12:23:03.3701710Z /usr/bin/tar: ../../../../../usr/local/lib/android/sdk/platforms/android-35-ext15/data/res/values-mcc310-mnc560-ro: Cannot utime: Operation not permitted
build	Cache Android SDK	2026-06-06T12:23:03.3702697Z /usr/bin/tar: ../../../../../usr/local/lib/android/sdk/platforms/android-35-ext15/data/res/values-mcc310-mnc560-ro: Cannot change mode to rwxr-xr-x: Operation not permitted
build	Cache Android SDK	2026-06-06T12:23:03.3705434Z /usr/bin/tar: ../../../../../usr/local/lib/android/sdk/platforms/android-35-ext15/data/res/values-mcc310-mnc150-kk: Cannot utime: Operation not permitted
build	Cache Android SDK	2026-06-06T12:23:03.3706345Z /usr/bin/tar: ../../../../../usr/local/lib/android/sdk/platforms/android-35-ext15/data/res/values-mcc310-mnc150-kk: Cannot change mode to rwxr-xr-x: Operation not permitted
build	Cache Android SDK	2026-06-06T12:23:03.3710115Z /usr/bin/tar: ../../../../../usr/local/lib/android/sdk/platforms/android-35-ext15/data/res/values-mcc334-mnc020-pt: Cannot utime: Operation not permitted
build	Cache Android SDK	2026-06-06T12:23:03.3711169Z /usr/bin/tar: ../../../../../usr/local/lib/android/sdk/platforms/android-35-ext15/data/res/values-mcc334-mnc020-pt: Cannot change mode to rwxr-xr-x: Operation not permitted
build	Cache Android SDK	2026-06-06T12:23:03.3714292Z /usr/bin/tar: ../../../../../usr/local/lib/android/sdk/platforms/android-35-ext15/data/res/values-mcc310-mnc210-en-rGB: Cannot utime: Operation not permitted
build	Cache Android SDK	2026-06-06T12:23:03.3715237Z /usr/bin/tar: ../../../../../usr/local/lib/android/sdk/platforms/android-35-ext15/data/res/values-mcc310-mnc210-en-rGB: Cannot change mode to rwxr-xr-x: Operation not permitted
build	Cache Android SDK	2026-06-06T12:23:03.3720109Z /usr/bin/tar: ../../../../../usr/local/lib/android/sdk/platforms/android-35-ext15/data/res/values-mcc302-mnc720-pt: Cannot utime: Operation not permitted
build	Cache Android SDK	2026-06-06T12:23:03.3733800Z /usr/bin/tar: ../../../../../usr/local/lib/android/sdk/platforms/android-35-ext15/data/res/values-mcc302-mnc720-pt: Cannot change mode to rwxr-xr-x: Operation not permitted
build	Cache Android SDK	2026-06-06T12:23:03.3734875Z /usr/bin/tar: ../../../../../usr/local/lib/android/sdk/platforms/android-35-ext15/data/res/values-mcc302-mnc720-zh-rCN: Cannot utime: Operation not permitted
build	Cache Android SDK	2026-06-06T12:23:03.3735723Z /usr/bin/tar: ../../../../../usr/local/lib/android/sdk/platforms/android-35-ext15/data/res/values-mcc302-mnc720-zh-rCN: Cannot change mode to rwxr-xr-x: Operation not permitted
build	Cache Android SDK	2026-06-06T12:23:03.3736500Z /usr/bin/tar: ../../../../../usr/local/lib/android/sdk/platforms/android-35-ext15/data/res/values-mcc310-mnc210-fr-rCA: Cannot utime: Operation not permitted
build	Cache Android SDK	2026-06-06T12:23:03.3737725Z /usr/bin/tar: ../../../../../usr/local/lib/android/sdk/platforms/android-35-ext15/data/res/values-mcc310-mnc210-fr-rCA: Cannot change mode to rwxr-xr-x: Operation not permitted
build	Cache Android SDK	2026-06-06T12:23:03.3738450Z /usr/bin/tar: ../../../../../usr/local/lib/android/sdk/platforms/android-35-ext15/data/res/values-mcc310-mnc270-nb: Cannot utime: Operation not permitted
build	Cache Android SDK	2026-06-06T12:23:03.3739231Z /usr/bin/tar: ../../../../../usr/local/lib/android/sdk/platforms/android-35-ext15/data/res/values-mcc310-mnc270-nb: Cannot change mode to rwxr-xr-x: Operation not permitted
build	Cache Android SDK	2026-06-06T12:23:03.3739905Z /usr/bin/tar: ../../../../../usr/local/lib/android/sdk/platforms/android-35-ext15/data/res/values-mcc334-mnc020-zu: Cannot utime: Operation not permitted
build	Cache Android SDK	2026-06-06T12:23:03.3740688Z /usr/bin/tar: ../../../../../usr/local/lib/android/sdk/platforms/android-35-ext15/data/res/values-mcc334-mnc020-zu: Cannot change mode to rwxr-xr-x: Operation not permitted
build	Cache Android SDK	2026-06-06T12:23:03.3741336Z /usr/bin/tar: ../../../../../usr/local/lib/android/sdk/platforms/android-35-ext15/data/res/values-port-mdpi: Cannot utime: Operation not permitted
build	Cache Android SDK	2026-06-06T12:23:03.3742154Z /usr/bin/tar: ../../../../../usr/local/lib/android/sdk/platforms/android-35-ext15/data/res/values-port-mdpi: Cannot change mode to rwxr-xr-x: Operation not permitted
build	Cache Android SDK	2026-06-06T12:23:03.3743061Z /usr/bin/tar: ../../../../../usr/local/lib/android/sdk/platforms/android-35-ext15/data/res/values-mcc302-mnc720-th: Cannot utime: Operation not permitted
build	Cache Android SDK	2026-06-06T12:23:03.3743951Z /usr/bin/tar: ../../../../../usr/local/lib/android/sdk/platforms/android-35-ext15/data/res/values-mcc302-mnc720-th: Cannot change mode to rwxr-xr-x: Operation not permitted
build	Cache Android SDK	2026-06-06T12:23:03.3746597Z /usr/bin/tar: ../../../../../usr/local/lib/android/sdk/platforms/android-35-ext15/data/res/values-mcc310-mnc950-ka: Cannot utime: Operation not permitted
build	Cache Android SDK	2026-06-06T12:23:03.3747095Z /usr/bin/tar: ../../../../../usr/local/lib/android/sdk/platforms/android-35-ext15/data/res/values-mcc310-mnc950-ka: Cannot change mode to rwxr-xr-x: Operation not permitted
build	Cache Android SDK	2026-06-06T12:23:03.3753093Z /usr/bin/tar: ../../../../../usr/local/lib/android/sdk/platforms/android-35-ext15/data/res/values-mcc302-mnc720-en-rGB: Cannot utime: Operation not permitted
build	Cache Android SDK	2026-06-06T12:23:03.3753765Z /usr/bin/tar: ../../../../../usr/local/lib/android/sdk/platforms/android-35-ext15/data/res/values-mcc302-mnc720-en-rGB: Cannot change mode to rwxr-xr-x: Operation not permitted
build	Cache Android SDK	2026-06-06T12:23:03.3754411Z /usr/bin/tar: ../../../../../usr/local/lib/android/sdk/platforms/android-35-ext15/data/res/values-mcc310-mnc250-az: Cannot utime: Operation not permitted
build	Cache Android SDK	2026-06-06T12:23:03.3754990Z /usr/bin/tar: ../../../../../usr/local/lib/android/sdk/platforms/android-35-ext15/data/res/values-mcc310-mnc250-az: Cannot change mode to rwxr-xr-x: Operation not permitted
build	Cache Android SDK	2026-06-06T12:23:03.3757592Z /usr/bin/tar: ../../../../../usr/local/lib/android/sdk/platforms/android-35-ext15/data/res/values-mcc310-mnc200-be: Cannot utime: Operation not permitted
build	Cache Android SDK	2026-06-06T12:23:03.3758258Z /usr/bin/tar: ../../../../../usr/local/lib/android/sdk/platforms/android-35-ext15/data/res/values-mcc310-mnc200-be: Cannot change mode to rwxr-xr-x: Operation not permitted
build	Cache Android SDK	2026-06-06T12:23:03.3760366Z /usr/bin/tar: ../../../../../usr/local/lib/android/sdk/platforms/android-35-ext15/data/res/values-zu-rZA: Cannot utime: Operation not permitted
build	Cache Android SDK	2026-06-06T12:23:03.3760849Z /usr/bin/tar: ../../../../../usr/local/lib/android/sdk/platforms/android-35-ext15/data/res/values-zu-rZA: Cannot change mode to rwxr-xr-x: Operation not permitted
build	Cache Android SDK	2026-06-06T12:23:03.3763822Z /usr/bin/tar: ../../../../../usr/local/lib/android/sdk/platforms/android-35-ext15/data/res/values-ka-watch: Cannot utime: Operation not permitted
build	Cache Android SDK	2026-06-06T12:23:03.3764278Z /usr/bin/tar: ../../../../../usr/local/lib/android/sdk/platforms/android-35-ext15/data/res/values-ka-watch: Cannot change mode to rwxr-xr-x: Operation not permitted
build	Cache Android SDK	2026-06-06T12:23:03.3766745Z /usr/bin/tar: ../../../../../usr/local/lib/android/sdk/platforms/android-35-ext15/data/res/values-mcc310-mnc490-ms: Cannot utime: Operation not permitted
build	Cache Android SDK	2026-06-06T12:23:03.3767230Z /usr/bin/tar: ../../../../../usr/local/lib/android/sdk/platforms/android-35-ext15/data/res/values-mcc310-mnc490-ms: Cannot change mode to rwxr-xr-x: Operation not permitted
build	Cache Android SDK	2026-06-06T12:23:03.3769680Z /usr/bin/tar: ../../../../../usr/local/lib/android/sdk/platforms/android-35-ext15/data/res/values-mcc310-mnc310-pl: Cannot utime: Operation not permitted
build	Cache Android SDK	2026-06-06T12:23:03.3770164Z /usr/bin/tar: ../../../../../usr/local/lib/android/sdk/platforms/android-35-ext15/data/res/values-mcc310-mnc310-pl: Cannot change mode to rwxr-xr-x: Operation not permitted
build	Cache Android SDK	2026-06-06T12:23:03.3776994Z /usr/bin/tar: ../../../../../usr/local/lib/android/sdk/platforms/android-35-ext15/data/res/values-hi: Cannot utime: Operation not permitted
build	Cache Android SDK	2026-06-06T12:23:03.3777986Z /usr/bin/tar: ../../../../../usr/local/lib/android/sdk/platforms/android-35-ext15/data/res/values-hi: Cannot change mode to rwxr-xr-x: Operation not permitted
build	Cache Android SDK	2026-06-06T12:23:03.3779717Z /usr/bin/tar: ../../../../../usr/local/lib/android/sdk/platforms/android-35-ext15/data/res/values-mcc310-mnc200-zu: Cannot utime: Operation not permitted
build	Cache Android SDK	2026-06-06T12:23:03.3780192Z /usr/bin/tar: ../../../../../usr/local/lib/android/sdk/platforms/android-35-ext15/data/res/values-mcc310-mnc200-zu: Cannot change mode to rwxr-xr-x: Operation not permitted
build	Cache Android SDK	2026-06-06T12:23:03.3782558Z /usr/bin/tar: ../../../../../usr/local/lib/android/sdk/platforms/android-35-ext15/data/res/values-mcc310-mnc410-mr: Cannot utime: Operation not permitted
build	Cache Android SDK	2026-06-06T12:23:03.3783017Z /usr/bin/tar: ../../../../../usr/local/lib/android/sdk/platforms/android-35-ext15/data/res/values-mcc310-mnc410-mr: Cannot change mode to rwxr-xr-x: Operation not permitted
build	Cache Android SDK	2026-06-06T12:23:03.3785768Z /usr/bin/tar: ../../../../../usr/local/lib/android/sdk/platforms/android-35-ext15/data/res/values-mcc310-mnc210-mr: Cannot utime: Operation not permitted
build	Cache Android SDK	2026-06-06T12:23:03.3786233Z /usr/bin/tar: ../../../../../usr/local/lib/android/sdk/platforms/android-35-ext15/data/res/values-mcc310-mnc210-mr: Cannot change mode to rwxr-xr-x: Operation not permitted
build	Cache Android SDK	2026-06-06T12:23:03.3789330Z /usr/bin/tar: ../../../../../usr/local/lib/android/sdk/platforms/android-35-ext15/data/res/values-mcc310-mnc150-si: Cannot utime: Operation not permitted
build	Cache Android SDK	2026-06-06T12:23:03.3789799Z /usr/bin/tar: ../../../../../usr/local/lib/android/sdk/platforms/android-35-ext15/data/res/values-mcc310-mnc150-si: Cannot change mode to rwxr-xr-x: Operation not permitted
build	Cache Android SDK	2026-06-06T12:23:03.3792937Z /usr/bin/tar: ../../../../../usr/local/lib/android/sdk/platforms/android-35-ext15/data/res/values-mcc310-mnc240-et: Cannot utime: Operation not permitted
build	Cache Android SDK	2026-06-06T12:23:03.3793390Z /usr/bin/tar: ../../../../../usr/local/lib/android/sdk/platforms/android-35-ext15/data/res/values-mcc310-mnc240-et: Cannot change mode to rwxr-xr-x: Operation not permitted
build	Cache Android SDK	2026-06-06T12:23:03.3796139Z /usr/bin/tar: ../../../../../usr/local/lib/android/sdk/platforms/android-35-ext15/data/res/values-mcc310-mnc380-kk: Cannot utime: Operation not permitted
build	Cache Android SDK	2026-06-06T12:23:03.3796684Z /usr/bin/tar: ../../../../../usr/local/lib/android/sdk/platforms/android-35-ext15/data/res/values-mcc310-mnc380-kk: Cannot change mode to rwxr-xr-x: Operation not permitted
build	Cache Android SDK	2026-06-06T12:23:03.3799169Z /usr/bin/tar: ../../../../../usr/local/lib/android/sdk/platforms/android-35-ext15/data/res/values-mcc310-mnc280-kk: Cannot utime: Operation not permitted
build	Cache Android SDK	2026-06-06T12:23:03.3799640Z /usr/bin/tar: ../../../../../usr/local/lib/android/sdk/platforms/android-35-ext15/data/res/values-mcc310-mnc280-kk: Cannot change mode to rwxr-xr-x: Operation not permitted
build	Cache Android SDK	2026-06-06T12:23:03.3802482Z /usr/bin/tar: ../../../../../usr/local/lib/android/sdk/platforms/android-35-ext15/data/res/values-mcc310-mnc160-sq: Cannot utime: Operation not permitted
build	Cache Android SDK	2026-06-06T12:23:03.3802936Z /usr/bin/tar: ../../../../../usr/local/lib/android/sdk/platforms/android-35-ext15/data/res/values-mcc310-mnc160-sq: Cannot change mode to rwxr-xr-x: Operation not permitted
build	Cache Android SDK	2026-06-06T12:23:03.3805884Z /usr/bin/tar: ../../../../../usr/local/lib/android/sdk/platforms/android-35-ext15/data/res/values-mcc334-mnc020-kn: Cannot utime: Operation not permitted
build	Cache Android SDK	2026-06-06T12:23:03.3806353Z /usr/bin/tar: ../../../../../usr/local/lib/android/sdk/platforms/android-35-ext15/data/res/values-mcc334-mnc020-kn: Cannot change mode to rwxr-xr-x: Operation not permitted
build	Cache Android SDK	2026-06-06T12:23:03.3809428Z /usr/bin/tar: ../../../../../usr/local/lib/android/sdk/platforms/android-35-ext15/data/res/values-mcc312-mnc530: Cannot utime: Operation not permitted
build	Cache Android SDK	2026-06-06T12:23:03.3809895Z /usr/bin/tar: ../../../../../usr/local/lib/android/sdk/platforms/android-35-ext15/data/res/values-mcc312-mnc530: Cannot change mode to rwxr-xr-x: Operation not permitted
build	Cache Android SDK	2026-06-06T12:23:03.3812930Z /usr/bin/tar: ../../../../../usr/local/lib/android/sdk/platforms/android-35-ext15/data/res/values-mcc310-mnc270-vi: Cannot utime: Operation not permitted
build	Cache Android SDK	2026-06-06T12:23:03.3813401Z /usr/bin/tar: ../../../../../usr/local/lib/android/sdk/platforms/android-35-ext15/data/res/values-mcc310-mnc270-vi: Cannot change mode to rwxr-xr-x: Operation not permitted
build	Cache Android SDK	2026-06-06T12:23:03.3820621Z /usr/bin/tar: ../../../../../usr/local/lib/android/sdk/platforms/android-35-ext15/data/res/values-ne: Cannot utime: Operation not permitted
build	Cache Android SDK	2026-06-06T12:23:03.3821199Z /usr/bin/tar: ../../../../../usr/local/lib/android/sdk/platforms/android-35-ext15/data/res/values-ne: Cannot change mode to rwxr-xr-x: Operation not permitted
build	Cache Android SDK	2026-06-06T12:23:03.3825655Z /usr/bin/tar: ../../../../../usr/local/lib/android/sdk/platforms/android-35-ext15/data/res/values-mcc310-mnc250-et: Cannot utime: Operation not permitted
build	Cache Android SDK	2026-06-06T12:23:03.3826235Z /usr/bin/tar: ../../../../../usr/local/lib/android/sdk/platforms/android-35-ext15/data/res/values-mcc310-mnc250-et: Cannot change mode to rwxr-xr-x: Operation not permitted
build	Cache Android SDK	2026-06-06T12:23:03.3828509Z /usr/bin/tar: ../../../../../usr/local/lib/android/sdk/platforms/android-35-ext15/data/res/values-es-rSV: Cannot utime: Operation not permitted
build	Cache Android SDK	2026-06-06T12:23:03.3828984Z /usr/bin/tar: ../../../../../usr/local/lib/android/sdk/platforms/android-35-ext15/data/res/values-es-rSV: Cannot change mode to rwxr-xr-x: Operation not permitted
build	Cache Android SDK	2026-06-06T12:23:03.3831701Z /usr/bin/tar: ../../../../../usr/local/lib/android/sdk/platforms/android-35-ext15/data/res/values-mcc310-mnc220-pl: Cannot utime: Operation not permitted
build	Cache Android SDK	2026-06-06T12:23:03.3832201Z /usr/bin/tar: ../../../../../usr/local/lib/android/sdk/platforms/android-35-ext15/data/res/values-mcc310-mnc220-pl: Cannot change mode to rwxr-xr-x: Operation not permitted
build	Cache Android SDK	2026-06-06T12:23:03.3834510Z /usr/bin/tar: ../../../../../usr/local/lib/android/sdk/platforms/android-35-ext15/data/res/values-mcc302-mnc720-az: Cannot utime: Operation not permitted
build	Cache Android SDK	2026-06-06T12:23:03.3834990Z /usr/bin/tar: ../../../../../usr/local/lib/android/sdk/platforms/android-35-ext15/data/res/values-mcc302-mnc720-az: Cannot change mode to rwxr-xr-x: Operation not permitted
build	Cache Android SDK	2026-06-06T12:23:03.3837567Z /usr/bin/tar: ../../../../../usr/local/lib/android/sdk/platforms/android-35-ext15/data/res/values-mcc415-mnc01: Cannot utime: Operation not permitted
build	Cache Android SDK	2026-06-06T12:23:03.3838049Z /usr/bin/tar: ../../../../../usr/local/lib/android/sdk/platforms/android-35-ext15/data/res/values-mcc415-mnc01: Cannot change mode to rwxr-xr-x: Operation not permitted
build	Cache Android SDK	2026-06-06T12:23:03.3840609Z /usr/bin/tar: ../../../../../usr/local/lib/android/sdk/platforms/android-35-ext15/data/res/values-mcc310-mnc250-de: Cannot utime: Operation not permitted
build	Cache Android SDK	2026-06-06T12:23:03.3841086Z /usr/bin/tar: ../../../../../usr/local/lib/android/sdk/platforms/android-35-ext15/data/res/values-mcc310-mnc250-de: Cannot change mode to rwxr-xr-x: Operation not permitted
build	Cache Android SDK	2026-06-06T12:23:03.3843609Z /usr/bin/tar: ../../../../../usr/local/lib/android/sdk/platforms/android-35-ext15/data/res/values-mcc310-mnc220-am: Cannot utime: Operation not permitted
build	Cache Android SDK	2026-06-06T12:23:03.3844184Z /usr/bin/tar: ../../../../../usr/local/lib/android/sdk/platforms/android-35-ext15/data/res/values-mcc310-mnc220-am: Cannot change mode to rwxr-xr-x: Operation not permitted
build	Cache Android SDK	2026-06-06T12:23:03.3846648Z /usr/bin/tar: ../../../../../usr/local/lib/android/sdk/platforms/android-35-ext15/data/res/values-mcc302-mnc370-tl: Cannot utime: Operation not permitted
build	Cache Android SDK	2026-06-06T12:23:03.3847120Z /usr/bin/tar: ../../../../../usr/local/lib/android/sdk/platforms/android-35-ext15/data/res/values-mcc302-mnc370-tl: Cannot change mode to rwxr-xr-x: Operation not permitted
build	Cache Android SDK	2026-06-06T12:23:03.3849929Z /usr/bin/tar: ../../../../../usr/local/lib/android/sdk/platforms/android-35-ext15/data/res/values-mcc310-mnc210-bg: Cannot utime: Operation not permitted
build	Cache Android SDK	2026-06-06T12:23:03.3850404Z /usr/bin/tar: ../../../../../usr/local/lib/android/sdk/platforms/android-35-ext15/data/res/values-mcc310-mnc210-bg: Cannot change mode to rwxr-xr-x: Operation not permitted
build	Cache Android SDK	2026-06-06T12:23:03.3852881Z /usr/bin/tar: ../../../../../usr/local/lib/android/sdk/platforms/android-35-ext15/data/res/values-mcc302-mnc370-zh-rHK: Cannot utime: Operation not permitted
build	Cache Android SDK	2026-06-06T12:23:03.3853689Z /usr/bin/tar: ../../../../../usr/local/lib/android/sdk/platforms/android-35-ext15/data/res/values-mcc302-mnc370-zh-rHK: Cannot change mode to rwxr-xr-x: Operation not permitted
build	Cache Android SDK	2026-06-06T12:23:03.3857592Z /usr/bin/tar: ../../../../../usr/local/lib/android/sdk/platforms/android-35-ext15/data/res/values-ar-rEG: Cannot utime: Operation not permitted
build	Cache Android SDK	2026-06-06T12:23:03.3859413Z /usr/bin/tar: ../../../../../usr/local/lib/android/sdk/platforms/android-35-ext15/data/res/values-ar-rEG: Cannot change mode to rwxr-xr-x: Operation not permitted
build	Cache Android SDK	2026-06-06T12:23:03.3877994Z /usr/bin/tar: ../../../../../usr/local/lib/android/sdk/platforms/android-35-ext15/data/res/values-mcc310-mnc310-uz: Cannot utime: Operation not permitted
build	Cache Android SDK	2026-06-06T12:23:03.3879194Z /usr/bin/tar: ../../../../../usr/local/lib/android/sdk/platforms/android-35-ext15/data/res/values-mcc310-mnc310-uz: Cannot change mode to rwxr-xr-x: Operation not permitted
build	Cache Android SDK	2026-06-06T12:23:03.3880791Z /usr/bin/tar: ../../../../../usr/local/lib/android/sdk/platforms/android-35-ext15/data/res/values-mcc310-mnc800-it: Cannot utime: Operation not permitted
build	Cache Android SDK	2026-06-06T12:23:03.3881917Z /usr/bin/tar: ../../../../../usr/local/lib/android/sdk/platforms/android-35-ext15/data/res/values-mcc310-mnc800-it: Cannot change mode to rwxr-xr-x: Operation not permitted
build	Cache Android SDK	2026-06-06T12:23:03.3883569Z /usr/bin/tar: ../../../../../usr/local/lib/android/sdk/platforms/android-35-ext15/data/res/values-mcc310-mnc410-kk: Cannot utime: Operation not permitted
build	Cache Android SDK	2026-06-06T12:23:03.3884756Z /usr/bin/tar: ../../../../../usr/local/lib/android/sdk/platforms/android-35-ext15/data/res/values-mcc310-mnc410-kk: Cannot change mode to rwxr-xr-x: Operation not permitted
build	Cache Android SDK	2026-06-06T12:23:03.3886538Z /usr/bin/tar: ../../../../../usr/local/lib/android/sdk/platforms/android-35-ext15/data/res/values-mcc310-mnc950-eu: Cannot utime: Operation not permitted
build	Cache Android SDK	2026-06-06T12:23:03.3887807Z /usr/bin/tar: ../../../../../usr/local/lib/android/sdk/platforms/android-35-ext15/data/res/values-mcc310-mnc950-eu: Cannot change mode to rwxr-xr-x: Operation not permitted
build	Cache Android SDK	2026-06-06T12:23:03.3889838Z /usr/bin/tar: ../../../../../usr/local/lib/android/sdk/platforms/android-35-ext15/data/res/values-mcc302-mnc720-af: Cannot utime: Operation not permitted
build	Cache Android SDK	2026-06-06T12:23:03.3890905Z /usr/bin/tar: ../../../../../usr/local/lib/android/sdk/platforms/android-35-ext15/data/res/values-mcc302-mnc720-af: Cannot change mode to rwxr-xr-x: Operation not permitted
build	Cache Android SDK	2026-06-06T12:23:03.3892583Z /usr/bin/tar: ../../../../../usr/local/lib/android/sdk/platforms/android-35-ext15/data/res/values-mcc334-mnc020-es: Cannot utime: Operation not permitted
build	Cache Android SDK	2026-06-06T12:23:03.3893596Z /usr/bin/tar: ../../../../../usr/local/lib/android/sdk/platforms/android-35-ext15/data/res/values-mcc334-mnc020-es: Cannot change mode to rwxr-xr-x: Operation not permitted
build	Cache Android SDK	2026-06-06T12:23:03.3895813Z /usr/bin/tar: ../../../../../usr/local/lib/android/sdk/platforms/android-35-ext15/data/res/values-mcc310-mnc410-be: Cannot utime: Operation not permitted
build	Cache Android SDK	2026-06-06T12:23:03.3896955Z /usr/bin/tar: ../../../../../usr/local/lib/android/sdk/platforms/android-35-ext15/data/res/values-mcc310-mnc410-be: Cannot change mode to rwxr-xr-x: Operation not permitted
build	Cache Android SDK	2026-06-06T12:23:03.3898957Z /usr/bin/tar: ../../../../../usr/local/lib/android/sdk/platforms/android-35-ext15/data/res/values-mcc310-mnc030-am: Cannot utime: Operation not permitted
build	Cache Android SDK	2026-06-06T12:23:03.3899927Z /usr/bin/tar: ../../../../../usr/local/lib/android/sdk/platforms/android-35-ext15/data/res/values-mcc310-mnc030-am: Cannot change mode to rwxr-xr-x: Operation not permitted
build	Cache Android SDK	2026-06-06T12:23:03.3905200Z /usr/bin/tar: ../../../../../usr/local/lib/android/sdk/platforms/android-35-ext15/data/res/values-sq: Cannot utime: Operation not permitted
build	Cache Android SDK	2026-06-06T12:23:03.3906137Z /usr/bin/tar: ../../../../../usr/local/lib/android/sdk/platforms/android-35-ext15/data/res/values-sq: Cannot change mode to rwxr-xr-x: Operation not permitted
build	Cache Android SDK	2026-06-06T12:23:03.3908447Z /usr/bin/tar: ../../../../../usr/local/lib/android/sdk/platforms/android-35-ext15/data/res/values-mcc310-mnc380-bs: Cannot utime: Operation not permitted
build	Cache Android SDK	2026-06-06T12:23:03.3909413Z /usr/bin/tar: ../../../../../usr/local/lib/android/sdk/platforms/android-35-ext15/data/res/values-mcc310-mnc380-bs: Cannot change mode to rwxr-xr-x: Operation not permitted
build	Cache Android SDK	2026-06-06T12:23:03.3911707Z /usr/bin/tar: ../../../../../usr/local/lib/android/sdk/platforms/android-35-ext15/data/res/values-mcc310-mnc660-te: Cannot utime: Operation not permitted
build	Cache Android SDK	2026-06-06T12:23:03.3912675Z /usr/bin/tar: ../../../../../usr/local/lib/android/sdk/platforms/android-35-ext15/data/res/values-mcc310-mnc660-te: Cannot change mode to rwxr-xr-x: Operation not permitted
build	Cache Android SDK	2026-06-06T12:23:03.3914848Z /usr/bin/tar: ../../../../../usr/local/lib/android/sdk/platforms/android-35-ext15/data/res/values-mcc310-mnc950-es: Cannot utime: Operation not permitted
build	Cache Android SDK	2026-06-06T12:23:03.3915812Z /usr/bin/tar: ../../../../../usr/local/lib/android/sdk/platforms/android-35-ext15/data/res/values-mcc310-mnc950-es: Cannot change mode to rwxr-xr-x: Operation not permitted
build	Cache Android SDK	2026-06-06T12:23:03.3918813Z /usr/bin/tar: ../../../../../usr/local/lib/android/sdk/platforms/android-35-ext15/data/res/xml-land: Cannot utime: Operation not permitted
build	Cache Android SDK	2026-06-06T12:23:03.3919707Z /usr/bin/tar: ../../../../../usr/local/lib/android/sdk/platforms/android-35-ext15/data/res/xml-land: Cannot change mode to rwxr-xr-x: Operation not permitted
build	Cache Android SDK	2026-06-06T12:23:03.3922247Z /usr/bin/tar: ../../../../../usr/local/lib/android/sdk/platforms/android-35-ext15/data/res/values-w225dp: Cannot utime: Operation not permitted
build	Cache Android SDK	2026-06-06T12:23:03.3923154Z /usr/bin/tar: ../../../../../usr/local/lib/android/sdk/platforms/android-35-ext15/data/res/values-w225dp: Cannot change mode to rwxr-xr-x: Operation not permitted
build	Cache Android SDK	2026-06-06T12:23:03.3926008Z /usr/bin/tar: ../../../../../usr/local/lib/android/sdk/platforms/android-35-ext15/data/res/values-mcc311-mnc180-pt-rPT: Cannot utime: Operation not permitted
build	Cache Android SDK	2026-06-06T12:23:03.3927079Z /usr/bin/tar: ../../../../../usr/local/lib/android/sdk/platforms/android-35-ext15/data/res/values-mcc311-mnc180-pt-rPT: Cannot change mode to rwxr-xr-x: Operation not permitted
build	Cache Android SDK	2026-06-06T12:23:03.3929448Z /usr/bin/tar: ../../../../../usr/local/lib/android/sdk/platforms/android-35-ext15/data/res/values-mcc310-mnc490-de: Cannot utime: Operation not permitted
build	Cache Android SDK	2026-06-06T12:23:03.3930410Z /usr/bin/tar: ../../../../../usr/local/lib/android/sdk/platforms/android-35-ext15/data/res/values-mcc310-mnc490-de: Cannot change mode to rwxr-xr-x: Operation not permitted
build	Cache Android SDK	2026-06-06T12:23:03.3932387Z /usr/bin/tar: ../../../../../usr/local/lib/android/sdk/platforms/android-35-ext15/data/res/values-mcc310-mnc150-sk: Cannot utime: Operation not permitted
build	Cache Android SDK	2026-06-06T12:23:03.3933351Z /usr/bin/tar: ../../../../../usr/local/lib/android/sdk/platforms/android-35-ext15/data/res/values-mcc310-mnc150-sk: Cannot change mode to rwxr-xr-x: Operation not permitted
build	Cache Android SDK	2026-06-06T12:23:03.3935527Z /usr/bin/tar: ../../../../../usr/local/lib/android/sdk/platforms/android-35-ext15/data/res/values-mcc310-mnc950-hy: Cannot utime: Operation not permitted
build	Cache Android SDK	2026-06-06T12:23:03.3936480Z /usr/bin/tar: ../../../../../usr/local/lib/android/sdk/platforms/android-35-ext15/data/res/values-mcc310-mnc950-hy: Cannot change mode to rwxr-xr-x: Operation not permitted
build	Cache Android SDK	2026-06-06T12:23:03.3938605Z /usr/bin/tar: ../../../../../usr/local/lib/android/sdk/platforms/android-35-ext15/data/res/values-am-rET: Cannot utime: Operation not permitted
build	Cache Android SDK	2026-06-06T12:23:03.3939499Z /usr/bin/tar: ../../../../../usr/local/lib/android/sdk/platforms/android-35-ext15/data/res/values-am-rET: Cannot change mode to rwxr-xr-x: Operation not permitted
build	Cache Android SDK	2026-06-06T12:23:03.3941452Z /usr/bin/tar: ../../../../../usr/local/lib/android/sdk/platforms/android-35-ext15/data/res/values-mcc310-mnc030-zh-rCN: Cannot utime: Operation not permitted
build	Cache Android SDK	2026-06-06T12:23:03.3942432Z /usr/bin/tar: ../../../../../usr/local/lib/android/sdk/platforms/android-35-ext15/data/res/values-mcc310-mnc030-zh-rCN: Cannot change mode to rwxr-xr-x: Operation not permitted
build	Cache Android SDK	2026-06-06T12:23:03.3944814Z /usr/bin/tar: ../../../../../usr/local/lib/android/sdk/platforms/android-35-ext15/data/res/raw-tr: Cannot utime: Operation not permitted
build	Cache Android SDK	2026-06-06T12:23:03.3945655Z /usr/bin/tar: ../../../../../usr/local/lib/android/sdk/platforms/android-35-ext15/data/res/raw-tr: Cannot change mode to rwxr-xr-x: Operation not permitted
build	Cache Android SDK	2026-06-06T12:23:03.3947904Z /usr/bin/tar: ../../../../../usr/local/lib/android/sdk/platforms/android-35-ext15/data/res/values-mcc310-mnc230-lo: Cannot utime: Operation not permitted
build	Cache Android SDK	2026-06-06T12:23:03.3948872Z /usr/bin/tar: ../../../../../usr/local/lib/android/sdk/platforms/android-35-ext15/data/res/values-mcc310-mnc230-lo: Cannot change mode to rwxr-xr-x: Operation not permitted
build	Cache Android SDK	2026-06-06T12:23:03.3951379Z /usr/bin/tar: ../../../../../usr/local/lib/android/sdk/platforms/android-35-ext15/data/res/values-mcc310-mnc240-kk: Cannot utime: Operation not permitted
build	Cache Android SDK	2026-06-06T12:23:03.3952335Z /usr/bin/tar: ../../../../../usr/local/lib/android/sdk/platforms/android-35-ext15/data/res/values-mcc310-mnc240-kk: Cannot change mode to rwxr-xr-x: Operation not permitted
build	Cache Android SDK	2026-06-06T12:23:03.3954524Z /usr/bin/tar: ../../../../../usr/local/lib/android/sdk/platforms/android-35-ext15/data/res/values-mcc312-mnc670-ru: Cannot utime: Operation not permitted
build	Cache Android SDK	2026-06-06T12:23:03.3955481Z /usr/bin/tar: ../../../../../usr/local/lib/android/sdk/platforms/android-35-ext15/data/res/values-mcc312-mnc670-ru: Cannot change mode to rwxr-xr-x: Operation not permitted
build	Cache Android SDK	2026-06-06T12:23:03.3958019Z /usr/bin/tar: ../../../../../usr/local/lib/android/sdk/platforms/android-35-ext15/data/res/values-mcc310-mnc210-ky: Cannot utime: Operation not permitted
build	Cache Android SDK	2026-06-06T12:23:03.3958972Z /usr/bin/tar: ../../../../../usr/local/lib/android/sdk/platforms/android-35-ext15/data/res/values-mcc310-mnc210-ky: Cannot change mode to rwxr-xr-x: Operation not permitted
build	Cache Android SDK	2026-06-06T12:23:03.3964623Z /usr/bin/tar: ../../../../../usr/local/lib/android/sdk/platforms/android-35-ext15/data/res/values-en-rAU: Cannot utime: Operation not permitted
build	Cache Android SDK	2026-06-06T12:23:03.3965890Z /usr/bin/tar: ../../../../../usr/local/lib/android/sdk/platforms/android-35-ext15/data/res/values-en-rAU: Cannot change mode to rwxr-xr-x: Operation not permitted
build	Cache Android SDK	2026-06-06T12:23:03.3968407Z /usr/bin/tar: ../../../../../usr/local/lib/android/sdk/platforms/android-35-ext15/data/res/values-mcc310-mnc230-hy: Cannot utime: Operation not permitted
build	Cache Android SDK	2026-06-06T12:23:03.3969385Z /usr/bin/tar: ../../../../../usr/local/lib/android/sdk/platforms/android-35-ext15/data/res/values-mcc310-mnc230-hy: Cannot change mode to rwxr-xr-x: Operation not permitted
build	Cache Android SDK	2026-06-06T12:23:03.3971727Z /usr/bin/tar: ../../../../../usr/local/lib/android/sdk/platforms/android-35-ext15/data/res/values-mcc310-mnc150-en-rXC: Cannot utime: Operation not permitted
build	Cache Android SDK	2026-06-06T12:23:03.3972746Z /usr/bin/tar: ../../../../../usr/local/lib/android/sdk/platforms/android-35-ext15/data/res/values-mcc310-mnc150-en-rXC: Cannot change mode to rwxr-xr-x: Operation not permitted
build	Cache Android SDK	2026-06-06T12:23:03.3978558Z /usr/bin/tar: ../../../../../usr/local/lib/android/sdk/platforms/android-35-ext15/data/res/values-zh-rHK: Cannot utime: Operation not permitted
build	Cache Android SDK	2026-06-06T12:23:03.3980110Z /usr/bin/tar: ../../../../../usr/local/lib/android/sdk/platforms/android-35-ext15/data/res/values-zh-rHK: Cannot change mode to rwxr-xr-x: Operation not permitted
build	Cache Android SDK	2026-06-06T12:23:03.3981190Z /usr/bin/tar: ../../../../../usr/local/lib/android/sdk/platforms/android-35-ext15/data/res/values-en-rIN-watch: Cannot utime: Operation not permitted
build	Cache Android SDK	2026-06-06T12:23:03.3982172Z /usr/bin/tar: ../../../../../usr/local/lib/android/sdk/platforms/android-35-ext15/data/res/values-en-rIN-watch: Cannot change mode to rwxr-xr-x: Operation not permitted
build	Cache Android SDK	2026-06-06T12:23:03.3984219Z /usr/bin/tar: ../../../../../usr/local/lib/android/sdk/platforms/android-35-ext15/data/res/values-mcc312-mnc670-am: Cannot utime: Operation not permitted
build	Cache Android SDK	2026-06-06T12:23:03.3985577Z /usr/bin/tar: ../../../../../usr/local/lib/android/sdk/platforms/android-35-ext15/data/res/values-mcc312-mnc670-am: Cannot change mode to rwxr-xr-x: Operation not permitted
build	Cache Android SDK	2026-06-06T12:23:03.3987032Z /usr/bin/tar: ../../../../../usr/local/lib/android/sdk/platforms/android-35-ext15/data/res/values-mcc310-mnc660-el: Cannot utime: Operation not permitted
build	Cache Android SDK	2026-06-06T12:23:03.3988298Z /usr/bin/tar: ../../../../../usr/local/lib/android/sdk/platforms/android-35-ext15/data/res/values-mcc310-mnc660-el: Cannot change mode to rwxr-xr-x: Operation not permitted
build	Cache Android SDK	2026-06-06T12:23:03.3989905Z /usr/bin/tar: ../../../../../usr/local/lib/android/sdk/platforms/android-35-ext15/data/res/values-mcc310-mnc310-vi: Cannot utime: Operation not permitted
build	Cache Android SDK	2026-06-06T12:23:03.3991146Z /usr/bin/tar: ../../../../../usr/local/lib/android/sdk/platforms/android-35-ext15/data/res/values-mcc310-mnc310-vi: Cannot change mode to rwxr-xr-x: Operation not permitted
build	Cache Android SDK	2026-06-06T12:23:03.3992916Z /usr/bin/tar: ../../../../../usr/local/lib/android/sdk/platforms/android-35-ext15/data/res/values-mcc310-mnc240-af: Cannot utime: Operation not permitted
build	Cache Android SDK	2026-06-06T12:23:03.3993887Z /usr/bin/tar: ../../../../../usr/local/lib/android/sdk/platforms/android-35-ext15/data/res/values-mcc310-mnc240-af: Cannot change mode to rwxr-xr-x: Operation not permitted
build	Cache Android SDK	2026-06-06T12:23:03.3996140Z /usr/bin/tar: ../../../../../usr/local/lib/android/sdk/platforms/android-35-ext15/data/res/values-mcc310-mnc490-uk: Cannot utime: Operation not permitted
build	Cache Android SDK	2026-06-06T12:23:03.3997194Z /usr/bin/tar: ../../../../../usr/local/lib/android/sdk/platforms/android-35-ext15/data/res/values-mcc310-mnc490-uk: Cannot change mode to rwxr-xr-x: Operation not permitted
build	Cache Android SDK	2026-06-06T12:23:03.3999016Z /usr/bin/tar: ../../../../../usr/local/lib/android/sdk/platforms/android-35-ext15/data/res/values-mcc310-mnc210-pa: Cannot utime: Operation not permitted
build	Cache Android SDK	2026-06-06T12:23:03.4000011Z /usr/bin/tar: ../../../../../usr/local/lib/android/sdk/platforms/android-35-ext15/data/res/values-mcc310-mnc210-pa: Cannot change mode to rwxr-xr-x: Operation not permitted
build	Cache Android SDK	2026-06-06T12:23:03.4002477Z /usr/bin/tar: ../../../../../usr/local/lib/android/sdk/platforms/android-35-ext15/data/res/values-mcc310-mnc380-ro: Cannot utime: Operation not permitted
build	Cache Android SDK	2026-06-06T12:23:03.4003527Z /usr/bin/tar: ../../../../../usr/local/lib/android/sdk/platforms/android-35-ext15/data/res/values-mcc310-mnc380-ro: Cannot change mode to rwxr-xr-x: Operation not permitted
build	Cache Android SDK	2026-06-06T12:23:03.4009899Z /usr/bin/tar: ../../../../../usr/local/lib/android/sdk/platforms/android-35-ext15/data/res/values-ta: Cannot utime: Operation not permitted
build	Cache Android SDK	2026-06-06T12:23:03.4011247Z /usr/bin/tar: ../../../../../usr/local/lib/android/sdk/platforms/android-35-ext15/data/res/values-ta: Cannot change mode to rwxr-xr-x: Operation not permitted
build	Cache Android SDK	2026-06-06T12:23:03.4013540Z /usr/bin/tar: ../../../../../usr/local/lib/android/sdk/platforms/android-35-ext15/data/res/values-mcc310-mnc800-ml: Cannot utime: Operation not permitted
build	Cache Android SDK	2026-06-06T12:23:03.4014731Z /usr/bin/tar: ../../../../../usr/local/lib/android/sdk/platforms/android-35-ext15/data/res/values-mcc310-mnc800-ml: Cannot change mode to rwxr-xr-x: Operation not permitted
build	Cache Android SDK	2026-06-06T12:23:03.4016220Z /usr/bin/tar: ../../../../../usr/local/lib/android/sdk/platforms/android-35-ext15/data/res/values-mcc313-mnc100-mr: Cannot utime: Operation not permitted
build	Cache Android SDK	2026-06-06T12:23:03.4017184Z /usr/bin/tar: ../../../../../usr/local/lib/android/sdk/platforms/android-35-ext15/data/res/values-mcc313-mnc100-mr: Cannot change mode to rwxr-xr-x: Operation not permitted
build	Cache Android SDK	2026-06-06T12:23:03.4019523Z /usr/bin/tar: ../../../../../usr/local/lib/android/sdk/platforms/android-35-ext15/data/res/values-mcc302-mnc370-sw: Cannot utime: Operation not permitted
build	Cache Android SDK	2026-06-06T12:23:03.4020500Z /usr/bin/tar: ../../../../../usr/local/lib/android/sdk/platforms/android-35-ext15/data/res/values-mcc302-mnc370-sw: Cannot change mode to rwxr-xr-x: Operation not permitted
build	Cache Android SDK	2026-06-06T12:23:03.4022751Z /usr/bin/tar: ../../../../../usr/local/lib/android/sdk/platforms/android-35-ext15/data/res/values-mcc302-mnc720-en-rAU: Cannot utime: Operation not permitted
build	Cache Android SDK	2026-06-06T12:23:03.4023774Z /usr/bin/tar: ../../../../../usr/local/lib/android/sdk/platforms/android-35-ext15/data/res/values-mcc302-mnc720-en-rAU: Cannot change mode to rwxr-xr-x: Operation not permitted
build	Cache Android SDK	2026-06-06T12:23:03.4029406Z /usr/bin/tar: ../../../../../usr/local/lib/android/sdk/platforms/android-35-ext15/data/res/values-pt: Cannot utime: Operation not permitted
build	Cache Android SDK	2026-06-06T12:23:03.4030952Z /usr/bin/tar: ../../../../../usr/local/lib/android/sdk/platforms/android-35-ext15/data/res/values-pt: Cannot change mode to rwxr-xr-x: Operation not permitted
build	Cache Android SDK	2026-06-06T12:23:03.4033094Z /usr/bin/tar: ../../../../../usr/local/lib/android/sdk/platforms/android-35-ext15/data/res/values-ur-watch: Cannot utime: Operation not permitted
build	Cache Android SDK	2026-06-06T12:23:03.4034125Z /usr/bin/tar: ../../../../../usr/local/lib/android/sdk/platforms/android-35-ext15/data/res/values-ur-watch: Cannot change mode to rwxr-xr-x: Operation not permitted
build	Cache Android SDK	2026-06-06T12:23:03.4035856Z /usr/bin/tar: ../../../../../usr/local/lib/android/sdk/platforms/android-35-ext15/data/res/values-mcc310-mnc310-lt: Cannot utime: Operation not permitted
build	Cache Android SDK	2026-06-06T12:23:03.4036833Z /usr/bin/tar: ../../../../../usr/local/lib/android/sdk/platforms/android-35-ext15/data/res/values-mcc310-mnc310-lt: Cannot change mode to rwxr-xr-x: Operation not permitted
build	Cache Android SDK	2026-06-06T12:23:03.4039420Z /usr/bin/tar: ../../../../../usr/local/lib/android/sdk/platforms/android-35-ext15/data/res/values-mcc310-mnc660-kk: Cannot utime: Operation not permitted
build	Cache Android SDK	2026-06-06T12:23:03.4040631Z /usr/bin/tar: ../../../../../usr/local/lib/android/sdk/platforms/android-35-ext15/data/res/values-mcc310-mnc660-kk: Cannot change mode to rwxr-xr-x: Operation not permitted
build	Cache Android SDK	2026-06-06T12:23:03.4042164Z /usr/bin/tar: ../../../../../usr/local/lib/android/sdk/platforms/android-35-ext15/data/res/values-cs-rCZ: Cannot utime: Operation not permitted
build	Cache Android SDK	2026-06-06T12:23:03.4043107Z /usr/bin/tar: ../../../../../usr/local/lib/android/sdk/platforms/android-35-ext15/data/res/values-cs-rCZ: Cannot change mode to rwxr-xr-x: Operation not permitted
build	Cache Android SDK	2026-06-06T12:23:03.4045094Z /usr/bin/tar: ../../../../../usr/local/lib/android/sdk/platforms/android-35-ext15/data/res/values-mcc450-mnc05: Cannot utime: Operation not permitted
build	Cache Android SDK	2026-06-06T12:23:03.4046124Z /usr/bin/tar: ../../../../../usr/local/lib/android/sdk/platforms/android-35-ext15/data/res/values-mcc450-mnc05: Cannot change mode to rwxr-xr-x: Operation not permitted
build	Cache Android SDK	2026-06-06T12:23:03.4048114Z /usr/bin/tar: ../../../../../usr/local/lib/android/sdk/platforms/android-35-ext15/data/res/values-mcc313-mnc100-vi: Cannot utime: Operation not permitted
build	Cache Android SDK	2026-06-06T12:23:03.4049169Z /usr/bin/tar: ../../../../../usr/local/lib/android/sdk/platforms/android-35-ext15/data/res/values-mcc313-mnc100-vi: Cannot change mode to rwxr-xr-x: Operation not permitted
build	Cache Android SDK	2026-06-06T12:23:03.4051531Z /usr/bin/tar: ../../../../../usr/local/lib/android/sdk/platforms/android-35-ext15/data/res/values-it-television: Cannot utime: Operation not permitted
build	Cache Android SDK	2026-06-06T12:23:03.4052586Z /usr/bin/tar: ../../../../../usr/local/lib/android/sdk/platforms/android-35-ext15/data/res/values-it-television: Cannot change mode to rwxr-xr-x: Operation not permitted
build	Cache Android SDK	2026-06-06T12:23:03.4055703Z /usr/bin/tar: ../../../../../usr/local/lib/android/sdk/platforms/android-35-ext15/data/res/values-mcc310-mnc950-as: Cannot utime: Operation not permitted
build	Cache Android SDK	2026-06-06T12:23:03.4056668Z /usr/bin/tar: ../../../../../usr/local/lib/android/sdk/platforms/android-35-ext15/data/res/values-mcc310-mnc950-as: Cannot change mode to rwxr-xr-x: Operation not permitted
build	Cache Android SDK	2026-06-06T12:23:03.4059547Z /usr/bin/tar: ../../../../../usr/local/lib/android/sdk/platforms/android-35-ext15/data/res/values-mcc302-mnc370-lt: Cannot utime: Operation not permitted
build	Cache Android SDK	2026-06-06T12:23:03.4060986Z /usr/bin/tar: ../../../../../usr/local/lib/android/sdk/platforms/android-35-ext15/data/res/values-mcc302-mnc370-lt: Cannot change mode to rwxr-xr-x: Operation not permitted
build	Cache Android SDK	2026-06-06T12:23:03.4062611Z /usr/bin/tar: ../../../../../usr/local/lib/android/sdk/platforms/android-35-ext15/data/res/values-mcc310-mnc230-ky: Cannot utime: Operation not permitted
build	Cache Android SDK	2026-06-06T12:23:03.4064085Z /usr/bin/tar: ../../../../../usr/local/lib/android/sdk/platforms/android-35-ext15/data/res/values-mcc310-mnc230-ky: Cannot change mode to rwxr-xr-x: Operation not permitted
build	Cache Android SDK	2026-06-06T12:23:03.4065645Z /usr/bin/tar: ../../../../../usr/local/lib/android/sdk/platforms/android-35-ext15/data/res/values-mcc310-mnc210-sw: Cannot utime: Operation not permitted
build	Cache Android SDK	2026-06-06T12:23:03.4067279Z /usr/bin/tar: ../../../../../usr/local/lib/android/sdk/platforms/android-35-ext15/data/res/values-mcc310-mnc210-sw: Cannot change mode to rwxr-xr-x: Operation not permitted
build	Cache Android SDK	2026-06-06T12:23:03.4068788Z /usr/bin/tar: ../../../../../usr/local/lib/android/sdk/platforms/android-35-ext15/data/res/values-mcc310-mnc490-hr: Cannot utime: Operation not permitted
build	Cache Android SDK	2026-06-06T12:23:03.4070345Z /usr/bin/tar: ../../../../../usr/local/lib/android/sdk/platforms/android-35-ext15/data/res/values-mcc310-mnc490-hr: Cannot change mode to rwxr-xr-x: Operation not permitted
build	Cache Android SDK	2026-06-06T12:23:03.4072097Z /usr/bin/tar: ../../../../../usr/local/lib/android/sdk/platforms/android-35-ext15/data/res/values-mcc310-mnc410-az: Cannot utime: Operation not permitted
build	Cache Android SDK	2026-06-06T12:23:03.4073063Z /usr/bin/tar: ../../../../../usr/local/lib/android/sdk/platforms/android-35-ext15/data/res/values-mcc310-mnc410-az: Cannot change mode to rwxr-xr-x: Operation not permitted
build	Cache Android SDK	2026-06-06T12:23:03.4075392Z /usr/bin/tar: ../../../../../usr/local/lib/android/sdk/platforms/android-35-ext15/data/res/values-mcc310-mnc380-kn: Cannot utime: Operation not permitted
build	Cache Android SDK	2026-06-06T12:23:03.4076435Z /usr/bin/tar: ../../../../../usr/local/lib/android/sdk/platforms/android-35-ext15/data/res/values-mcc310-mnc380-kn: Cannot change mode to rwxr-xr-x: Operation not permitted
build	Cache Android SDK	2026-06-06T12:23:03.4078551Z /usr/bin/tar: ../../../../../usr/local/lib/android/sdk/platforms/android-35-ext15/data/res/values-mcc310-mnc150-mn: Cannot utime: Operation not permitted
build	Cache Android SDK	2026-06-06T12:23:03.4079507Z /usr/bin/tar: ../../../../../usr/local/lib/android/sdk/platforms/android-35-ext15/data/res/values-mcc310-mnc150-mn: Cannot change mode to rwxr-xr-x: Operation not permitted
build	Cache Android SDK	2026-06-06T12:23:03.4081479Z /usr/bin/tar: ../../../../../usr/local/lib/android/sdk/platforms/android-35-ext15/data/res/values-mcc310-mnc150-mr: Cannot utime: Operation not permitted
build	Cache Android SDK	2026-06-06T12:23:03.4082451Z /usr/bin/tar: ../../../../../usr/local/lib/android/sdk/platforms/android-35-ext15/data/res/values-mcc310-mnc150-mr: Cannot change mode to rwxr-xr-x: Operation not permitted
build	Cache Android SDK	2026-06-06T12:23:03.4085082Z /usr/bin/tar: ../../../../../usr/local/lib/android/sdk/platforms/android-35-ext15/data/res/values-mcc310-mnc220-ca: Cannot utime: Operation not permitted
build	Cache Android SDK	2026-06-06T12:23:03.4086046Z /usr/bin/tar: ../../../../../usr/local/lib/android/sdk/platforms/android-35-ext15/data/res/values-mcc310-mnc220-ca: Cannot change mode to rwxr-xr-x: Operation not permitted
build	Cache Android SDK	2026-06-06T12:23:03.4088302Z /usr/bin/tar: ../../../../../usr/local/lib/android/sdk/platforms/android-35-ext15/data/res/values-mcc310-mnc490-hu: Cannot utime: Operation not permitted
build	Cache Android SDK	2026-06-06T12:23:03.4089281Z /usr/bin/tar: ../../../../../usr/local/lib/android/sdk/platforms/android-35-ext15/data/res/values-mcc310-mnc490-hu: Cannot change mode to rwxr-xr-x: Operation not permitted
build	Cache Android SDK	2026-06-06T12:23:03.4091691Z /usr/bin/tar: ../../../../../usr/local/lib/android/sdk/platforms/android-35-ext15/data/res/values-mcc310-mnc310-it: Cannot utime: Operation not permitted
build	Cache Android SDK	2026-06-06T12:23:03.4092658Z /usr/bin/tar: ../../../../../usr/local/lib/android/sdk/platforms/android-35-ext15/data/res/values-mcc310-mnc310-it: Cannot change mode to rwxr-xr-x: Operation not permitted
build	Cache Android SDK	2026-06-06T12:23:03.4094712Z /usr/bin/tar: ../../../../../usr/local/lib/android/sdk/platforms/android-35-ext15/data/res/values-mcc310-mnc220-zh-rCN: Cannot utime: Operation not permitted
build	Cache Android SDK	2026-06-06T12:23:03.4095726Z /usr/bin/tar: ../../../../../usr/local/lib/android/sdk/platforms/android-35-ext15/data/res/values-mcc310-mnc220-zh-rCN: Cannot change mode to rwxr-xr-x: Operation not permitted
build	Cache Android SDK	2026-06-06T12:23:03.4098374Z /usr/bin/tar: ../../../../../usr/local/lib/android/sdk/platforms/android-35-ext15/data/res/values-mcc311-mnc180-ro: Cannot utime: Operation not permitted
build	Cache Android SDK	2026-06-06T12:23:03.4099343Z /usr/bin/tar: ../../../../../usr/local/lib/android/sdk/platforms/android-35-ext15/data/res/values-mcc311-mnc180-ro: Cannot change mode to rwxr-xr-x: Operation not permitted
build	Cache Android SDK	2026-06-06T12:23:03.4101392Z /usr/bin/tar: ../../../../../usr/local/lib/android/sdk/platforms/android-35-ext15/data/res/values-es-rMX: Cannot utime: Operation not permitted
build	Cache Android SDK	2026-06-06T12:23:03.4102493Z /usr/bin/tar: ../../../../../usr/local/lib/android/sdk/platforms/android-35-ext15/data/res/values-es-rMX: Cannot change mode to rwxr-xr-x: Operation not permitted
build	Cache Android SDK	2026-06-06T12:23:03.4109880Z /usr/bin/tar: ../../../../../usr/local/lib/android/sdk/platforms/android-35-ext15/data/res/values-hy: Cannot utime: Operation not permitted
build	Cache Android SDK	2026-06-06T12:23:03.4111227Z /usr/bin/tar: ../../../../../usr/local/lib/android/sdk/platforms/android-35-ext15/data/res/values-hy: Cannot change mode to rwxr-xr-x: Operation not permitted
build	Cache Android SDK	2026-06-06T12:23:03.4112656Z /usr/bin/tar: ../../../../../usr/local/lib/android/sdk/platforms/android-35-ext15/data/res/values-mcc310-mnc950-en-rAU: Cannot utime: Operation not permitted
build	Cache Android SDK	2026-06-06T12:23:03.4113636Z /usr/bin/tar: ../../../../../usr/local/lib/android/sdk/platforms/android-35-ext15/data/res/values-mcc310-mnc950-en-rAU: Cannot change mode to rwxr-xr-x: Operation not permitted
build	Cache Android SDK	2026-06-06T12:23:03.4115600Z /usr/bin/tar: ../../../../../usr/local/lib/android/sdk/platforms/android-35-ext15/data/res/values-mcc302-mnc370-it: Cannot utime: Operation not permitted
build	Cache Android SDK	2026-06-06T12:23:03.4116554Z /usr/bin/tar: ../../../../../usr/local/lib/android/sdk/platforms/android-35-ext15/data/res/values-mcc302-mnc370-it: Cannot change mode to rwxr-xr-x: Operation not permitted
build	Cache Android SDK	2026-06-06T12:23:03.4120607Z /usr/bin/tar: ../../../../../usr/local/lib/android/sdk/platforms/android-35-ext15/data/res/values-sw720dp: Cannot utime: Operation not permitted
build	Cache Android SDK	2026-06-06T12:23:03.4122102Z /usr/bin/tar: ../../../../../usr/local/lib/android/sdk/platforms/android-35-ext15/data/res/values-sw720dp: Cannot change mode to rwxr-xr-x: Operation not permitted
build	Cache Android SDK	2026-06-06T12:23:03.4125782Z /usr/bin/tar: ../../../../../usr/local/lib/android/sdk/platforms/android-35-ext15/data/res/layout-notround-watch: Cannot utime: Operation not permitted
build	Cache Android SDK	2026-06-06T12:23:03.4126900Z /usr/bin/tar: ../../../../../usr/local/lib/android/sdk/platforms/android-35-ext15/data/res/layout-notround-watch: Cannot change mode to rwxr-xr-x: Operation not permitted
build	Cache Android SDK	2026-06-06T12:23:03.4128778Z /usr/bin/tar: ../../../../../usr/local/lib/android/sdk/platforms/android-35-ext15/data/res/values-mcc310-mnc220-af: Cannot utime: Operation not permitted
build	Cache Android SDK	2026-06-06T12:23:03.4129830Z /usr/bin/tar: ../../../../../usr/local/lib/android/sdk/platforms/android-35-ext15/data/res/values-mcc310-mnc220-af: Cannot change mode to rwxr-xr-x: Operation not permitted
build	Cache Android SDK	2026-06-06T12:23:03.4132050Z /usr/bin/tar: ../../../../../usr/local/lib/android/sdk/platforms/android-35-ext15/data/res/values-mcc310-mnc270-cs: Cannot utime: Operation not permitted
build	Cache Android SDK	2026-06-06T12:23:03.4133036Z /usr/bin/tar: ../../../../../usr/local/lib/android/sdk/platforms/android-35-ext15/data/res/values-mcc310-mnc270-cs: Cannot change mode to rwxr-xr-x: Operation not permitted
build	Cache Android SDK	2026-06-06T12:23:03.4134929Z /usr/bin/tar: ../../../../../usr/local/lib/android/sdk/platforms/android-35-ext15/data/res/values-mcc310-mnc490-kn: Cannot utime: Operation not permitted
build	Cache Android SDK	2026-06-06T12:23:03.4135900Z /usr/bin/tar: ../../../../../usr/local/lib/android/sdk/platforms/android-35-ext15/data/res/values-mcc310-mnc490-kn: Cannot change mode to rwxr-xr-x: Operation not permitted
build	Cache Android SDK	2026-06-06T12:23:03.4138252Z /usr/bin/tar: ../../../../../usr/local/lib/android/sdk/platforms/android-35-ext15/data/res/values-mcc310-mnc660-pl: Cannot utime: Operation not permitted
build	Cache Android SDK	2026-06-06T12:23:03.4139236Z /usr/bin/tar: ../../../../../usr/local/lib/android/sdk/platforms/android-35-ext15/data/res/values-mcc310-mnc660-pl: Cannot change mode to rwxr-xr-x: Operation not permitted
build	Cache Android SDK	2026-06-06T12:23:03.4141617Z /usr/bin/tar: ../../../../../usr/local/lib/android/sdk/platforms/android-35-ext15/data/res/values-mcc312-mnc670-te: Cannot utime: Operation not permitted
build	Cache Android SDK	2026-06-06T12:23:03.4142596Z /usr/bin/tar: ../../../../../usr/local/lib/android/sdk/platforms/android-35-ext15/data/res/values-mcc312-mnc670-te: Cannot change mode to rwxr-xr-x: Operation not permitted
build	Cache Android SDK	2026-06-06T12:23:03.4144791Z /usr/bin/tar: ../../../../../usr/local/lib/android/sdk/platforms/android-35-ext15/data/res/values-mcc310-mnc160-hr: Cannot utime: Operation not permitted
build	Cache Android SDK	2026-06-06T12:23:03.4145742Z /usr/bin/tar: ../../../../../usr/local/lib/android/sdk/platforms/android-35-ext15/data/res/values-mcc310-mnc160-hr: Cannot change mode to rwxr-xr-x: Operation not permitted
build	Cache Android SDK	2026-06-06T12:23:03.4148133Z /usr/bin/tar: ../../../../../usr/local/lib/android/sdk/platforms/android-35-ext15/data/res/values-mcc310-mnc800-af: Cannot utime: Operation not permitted
build	Cache Android SDK	2026-06-06T12:23:03.4149096Z /usr/bin/tar: ../../../../../usr/local/lib/android/sdk/platforms/android-35-ext15/data/res/values-mcc310-mnc800-af: Cannot change mode to rwxr-xr-x: Operation not permitted
build	Cache Android SDK	2026-06-06T12:23:03.4151075Z /usr/bin/tar: ../../../../../usr/local/lib/android/sdk/platforms/android-35-ext15/data/res/values-mcc310-mnc310-nl: Cannot utime: Operation not permitted
build	Cache Android SDK	2026-06-06T12:23:03.4152125Z /usr/bin/tar: ../../../../../usr/local/lib/android/sdk/platforms/android-35-ext15/data/res/values-mcc310-mnc310-nl: Cannot change mode to rwxr-xr-x: Operation not permitted
build	Cache Android SDK	2026-06-06T12:23:03.4154239Z /usr/bin/tar: ../../../../../usr/local/lib/android/sdk/platforms/android-35-ext15/data/res/values-sv-rSE: Cannot utime: Operation not permitted
build	Cache Android SDK	2026-06-06T12:23:03.4155156Z /usr/bin/tar: ../../../../../usr/local/lib/android/sdk/platforms/android-35-ext15/data/res/values-sv-rSE: Cannot change mode to rwxr-xr-x: Operation not permitted
build	Cache Android SDK	2026-06-06T12:23:03.4157575Z /usr/bin/tar: ../../../../../usr/local/lib/android/sdk/platforms/android-35-ext15/data/res/values-mcc310-mnc170-hu: Cannot utime: Operation not permitted
build	Cache Android SDK	2026-06-06T12:23:03.4158629Z /usr/bin/tar: ../../../../../usr/local/lib/android/sdk/platforms/android-35-ext15/data/res/values-mcc310-mnc170-hu: Cannot change mode to rwxr-xr-x: Operation not permitted
build	Cache Android SDK	2026-06-06T12:23:03.4160191Z /usr/bin/tar: ../../../../../usr/local/lib/android/sdk/platforms/android-35-ext15/data/res/values-mcc302-mnc720-tl: Cannot utime: Operation not permitted
build	Cache Android SDK	2026-06-06T12:23:03.4161250Z /usr/bin/tar: ../../../../../usr/local/lib/android/sdk/platforms/android-35-ext15/data/res/values-mcc302-mnc720-tl: Cannot change mode to rwxr-xr-x: Operation not permitted
build	Cache Android SDK	2026-06-06T12:23:03.4163360Z /usr/bin/tar: ../../../../../usr/local/lib/android/sdk/platforms/android-35-ext15/data/res/values-mcc001-mnc01-nb: Cannot utime: Operation not permitted
build	Cache Android SDK	2026-06-06T12:23:03.4164386Z /usr/bin/tar: ../../../../../usr/local/lib/android/sdk/platforms/android-35-ext15/data/res/values-mcc001-mnc01-nb: Cannot change mode to rwxr-xr-x: Operation not permitted
build	Cache Android SDK	2026-06-06T12:23:03.4166155Z /usr/bin/tar: ../../../../../usr/local/lib/android/sdk/platforms/android-35-ext15/data/res/values-mcc310-mnc150-tr: Cannot utime: Operation not permitted
build	Cache Android SDK	2026-06-06T12:23:03.4167133Z /usr/bin/tar: ../../../../../usr/local/lib/android/sdk/platforms/android-35-ext15/data/res/values-mcc310-mnc150-tr: Cannot change mode to rwxr-xr-x: Operation not permitted
build	Cache Android SDK	2026-06-06T12:23:03.4169570Z /usr/bin/tar: ../../../../../usr/local/lib/android/sdk/platforms/android-35-ext15/data/res/values-mcc310-mnc160-da: Cannot utime: Operation not permitted
build	Cache Android SDK	2026-06-06T12:23:03.4170530Z /usr/bin/tar: ../../../../../usr/local/lib/android/sdk/platforms/android-35-ext15/data/res/values-mcc310-mnc160-da: Cannot change mode to rwxr-xr-x: Operation not permitted
build	Cache Android SDK	2026-06-06T12:23:03.4172799Z /usr/bin/tar: ../../../../../usr/local/lib/android/sdk/platforms/android-35-ext15/data/res/values-mcc310-mnc240-lo: Cannot utime: Operation not permitted
build	Cache Android SDK	2026-06-06T12:23:03.4173740Z /usr/bin/tar: ../../../../../usr/local/lib/android/sdk/platforms/android-35-ext15/data/res/values-mcc310-mnc240-lo: Cannot change mode to rwxr-xr-x: Operation not permitted
build	Cache Android SDK	2026-06-06T12:23:03.4176291Z /usr/bin/tar: ../../../../../usr/local/lib/android/sdk/platforms/android-35-ext15/data/res/values-mcc310-mnc250-eu: Cannot utime: Operation not permitted
build	Cache Android SDK	2026-06-06T12:23:03.4177490Z /usr/bin/tar: ../../../../../usr/local/lib/android/sdk/platforms/android-35-ext15/data/res/values-mcc310-mnc250-eu: Cannot change mode to rwxr-xr-x: Operation not permitted
build	Cache Android SDK	2026-06-06T12:23:03.4179442Z /usr/bin/tar: ../../../../../usr/local/lib/android/sdk/platforms/android-35-ext15/data/res/raw-hu: Cannot utime: Operation not permitted
build	Cache Android SDK	2026-06-06T12:23:03.4180294Z /usr/bin/tar: ../../../../../usr/local/lib/android/sdk/platforms/android-35-ext15/data/res/raw-hu: Cannot change mode to rwxr-xr-x: Operation not permitted
build	Cache Android SDK	2026-06-06T12:23:03.4182654Z /usr/bin/tar: ../../../../../usr/local/lib/android/sdk/platforms/android-35-ext15/data/res/values-mcc302-mnc370-nb: Cannot utime: Operation not permitted
build	Cache Android SDK	2026-06-06T12:23:03.4183779Z /usr/bin/tar: ../../../../../usr/local/lib/android/sdk/platforms/android-35-ext15/data/res/values-mcc302-mnc370-nb: Cannot change mode to rwxr-xr-x: Operation not permitted
build	Cache Android SDK	2026-06-06T12:23:03.4185854Z /usr/bin/tar: ../../../../../usr/local/lib/android/sdk/platforms/android-35-ext15/data/res/values-pt-rBR-watch: Cannot utime: Operation not permitted
build	Cache Android SDK	2026-06-06T12:23:03.4186907Z /usr/bin/tar: ../../../../../usr/local/lib/android/sdk/platforms/android-35-ext15/data/res/values-pt-rBR-watch: Cannot change mode to rwxr-xr-x: Operation not permitted
build	Cache Android SDK	2026-06-06T12:23:03.4189571Z /usr/bin/tar: ../../../../../usr/local/lib/android/sdk/platforms/android-35-ext15/data/res/values-mcc310-mnc150-pt-rBR: Cannot utime: Operation not permitted
build	Cache Android SDK	2026-06-06T12:23:03.4190575Z /usr/bin/tar: ../../../../../usr/local/lib/android/sdk/platforms/android-35-ext15/data/res/values-mcc310-mnc150-pt-rBR: Cannot change mode to rwxr-xr-x: Operation not permitted
build	Cache Android SDK	2026-06-06T12:23:03.4193051Z /usr/bin/tar: ../../../../../usr/local/lib/android/sdk/platforms/android-35-ext15/data/res/values-mcc310-mnc660-b+sr+Latn: Cannot utime: Operation not permitted
build	Cache Android SDK	2026-06-06T12:23:03.4194063Z /usr/bin/tar: ../../../../../usr/local/lib/android/sdk/platforms/android-35-ext15/data/res/values-mcc310-mnc660-b+sr+Latn: Cannot change mode to rwxr-xr-x: Operation not permitted
build	Cache Android SDK	2026-06-06T12:23:03.4212946Z /usr/bin/tar: ../../../../../usr/local/lib/android/sdk/platforms/android-35-ext15/data/res/interpolator: Cannot utime: Operation not permitted
build	Cache Android SDK	2026-06-06T12:23:03.4213861Z /usr/bin/tar: ../../../../../usr/local/lib/android/sdk/platforms/android-35-ext15/data/res/interpolator: Cannot change mode to rwxr-xr-x: Operation not permitted
build	Cache Android SDK	2026-06-06T12:23:03.4215833Z /usr/bin/tar: ../../../../../usr/local/lib/android/sdk/platforms/android-35-ext15/data/res/values-mcc310-mnc030-ar: Cannot utime: Operation not permitted
build	Cache Android SDK	2026-06-06T12:23:03.4216961Z /usr/bin/tar: ../../../../../usr/local/lib/android/sdk/platforms/android-35-ext15/data/res/values-mcc310-mnc030-ar: Cannot change mode to rwxr-xr-x: Operation not permitted
build	Cache Android SDK	2026-06-06T12:23:03.4220298Z /usr/bin/tar: ../../../../../usr/local/lib/android/sdk/platforms/android-35-ext15/data/res/values-es-rUS-watch: Cannot utime: Operation not permitted
build	Cache Android SDK	2026-06-06T12:23:03.4222139Z /usr/bin/tar: ../../../../../usr/local/lib/android/sdk/platforms/android-35-ext15/data/res/values-es-rUS-watch: Cannot change mode to rwxr-xr-x: Operation not permitted
build	Cache Android SDK	2026-06-06T12:23:03.4223124Z /usr/bin/tar: ../../../../../usr/local/lib/android/sdk/platforms/android-35-ext15/data/res/values-gl-television: Cannot utime: Operation not permitted
build	Cache Android SDK	2026-06-06T12:23:03.4224232Z /usr/bin/tar: ../../../../../usr/local/lib/android/sdk/platforms/android-35-ext15/data/res/values-gl-television: Cannot change mode to rwxr-xr-x: Operation not permitted
build	Cache Android SDK	2026-06-06T12:23:03.4225954Z /usr/bin/tar: ../../../../../usr/local/lib/android/sdk/platforms/android-35-ext15/data/res/values-w227dp: Cannot utime: Operation not permitted
build	Cache Android SDK	2026-06-06T12:23:03.4226884Z /usr/bin/tar: ../../../../../usr/local/lib/android/sdk/platforms/android-35-ext15/data/res/values-w227dp: Cannot change mode to rwxr-xr-x: Operation not permitted
build	Cache Android SDK	2026-06-06T12:23:03.4229504Z /usr/bin/tar: ../../../../../usr/local/lib/android/sdk/platforms/android-35-ext15/data/res/values-mcc310-mnc160-in: Cannot utime: Operation not permitted
build	Cache Android SDK	2026-06-06T12:23:03.4230722Z /usr/bin/tar: ../../../../../usr/local/lib/android/sdk/platforms/android-35-ext15/data/res/values-mcc310-mnc160-in: Cannot change mode to rwxr-xr-x: Operation not permitted
build	Cache Android SDK	2026-06-06T12:23:03.4232606Z /usr/bin/tar: ../../../../../usr/local/lib/android/sdk/platforms/android-35-ext15/data/res/values-mcc310-mnc280-lt: Cannot utime: Operation not permitted
build	Cache Android SDK	2026-06-06T12:23:03.4233607Z /usr/bin/tar: ../../../../../usr/local/lib/android/sdk/platforms/android-35-ext15/data/res/values-mcc310-mnc280-lt: Cannot change mode to rwxr-xr-x: Operation not permitted
build	Cache Android SDK	2026-06-06T12:23:03.4235935Z /usr/bin/tar: ../../../../../usr/local/lib/android/sdk/platforms/android-35-ext15/data/res/values-mcc310-mnc230-fr-rCA: Cannot utime: Operation not permitted
build	Cache Android SDK	2026-06-06T12:23:03.4236960Z /usr/bin/tar: ../../../../../usr/local/lib/android/sdk/platforms/android-35-ext15/data/res/values-mcc310-mnc230-fr-rCA: Cannot change mode to rwxr-xr-x: Operation not permitted
build	Cache Android SDK	2026-06-06T12:23:03.4239106Z /usr/bin/tar: ../../../../../usr/local/lib/android/sdk/platforms/android-35-ext15/data/res/values-mcc310-mnc170-ar: Cannot utime: Operation not permitted
build	Cache Android SDK	2026-06-06T12:23:03.4240080Z /usr/bin/tar: ../../../../../usr/local/lib/android/sdk/platforms/android-35-ext15/data/res/values-mcc310-mnc170-ar: Cannot change mode to rwxr-xr-x: Operation not permitted
build	Cache Android SDK	2026-06-06T12:23:03.4246995Z /usr/bin/tar: ../../../../../usr/local/lib/android/sdk/platforms/android-35-ext15/data/res/values-sl: Cannot utime: Operation not permitted
build	Cache Android SDK	2026-06-06T12:23:03.4249441Z /usr/bin/tar: ../../../../../usr/local/lib/android/sdk/platforms/android-35-ext15/data/res/values-sl: Cannot change mode to rwxr-xr-x: Operation not permitted
build	Cache Android SDK	2026-06-06T12:23:03.4251612Z /usr/bin/tar: ../../../../../usr/local/lib/android/sdk/platforms/android-35-ext15/data/res/values-mcc310-mnc030-da: Cannot utime: Operation not permitted
build	Cache Android SDK	2026-06-06T12:23:03.4253147Z /usr/bin/tar: ../../../../../usr/local/lib/android/sdk/platforms/android-35-ext15/data/res/values-mcc310-mnc030-da: Cannot change mode to rwxr-xr-x: Operation not permitted
build	Cache Android SDK	2026-06-06T12:23:03.4254096Z /usr/bin/tar: ../../../../../usr/local/lib/android/sdk/platforms/android-35-ext15/data/res/values-mcc510-mnc08: Cannot utime: Operation not permitted
build	Cache Android SDK	2026-06-06T12:23:03.4255052Z /usr/bin/tar: ../../../../../usr/local/lib/android/sdk/platforms/android-35-ext15/data/res/values-mcc510-mnc08: Cannot change mode to rwxr-xr-x: Operation not permitted
build	Cache Android SDK	2026-06-06T12:23:03.4256689Z /usr/bin/tar: ../../../../../usr/local/lib/android/sdk/platforms/android-35-ext15/data/res/values-fa-rIR: Cannot utime: Operation not permitted
build	Cache Android SDK	2026-06-06T12:23:03.4257764Z /usr/bin/tar: ../../../../../usr/local/lib/android/sdk/platforms/android-35-ext15/data/res/values-fa-rIR: Cannot change mode to rwxr-xr-x: Operation not permitted
build	Cache Android SDK	2026-06-06T12:23:03.4260077Z /usr/bin/tar: ../../../../../usr/local/lib/android/sdk/platforms/android-35-ext15/data/res/values-en-rZA: Cannot utime: Operation not permitted
build	Cache Android SDK	2026-06-06T12:23:03.4261035Z /usr/bin/tar: ../../../../../usr/local/lib/android/sdk/platforms/android-35-ext15/data/res/values-en-rZA: Cannot change mode to rwxr-xr-x: Operation not permitted
build	Cache Android SDK	2026-06-06T12:23:03.4263774Z /usr/bin/tar: ../../../../../usr/local/lib/android/sdk/platforms/android-35-ext15/data/res/values-mcc310-mnc310-en-rGB: Cannot utime: Operation not permitted
build	Cache Android SDK	2026-06-06T12:23:03.4264766Z /usr/bin/tar: ../../../../../usr/local/lib/android/sdk/platforms/android-35-ext15/data/res/values-mcc310-mnc310-en-rGB: Cannot change mode to rwxr-xr-x: Operation not permitted
build	Cache Android SDK	2026-06-06T12:23:03.4266479Z /usr/bin/tar: ../../../../../usr/local/lib/android/sdk/platforms/android-35-ext15/data/res/values-mcc310-mnc270-tr: Cannot utime: Operation not permitted
build	Cache Android SDK	2026-06-06T12:23:03.4267662Z /usr/bin/tar: ../../../../../usr/local/lib/android/sdk/platforms/android-35-ext15/data/res/values-mcc310-mnc270-tr: Cannot change mode to rwxr-xr-x: Operation not permitted
build	Cache Android SDK	2026-06-06T12:23:03.4270136Z /usr/bin/tar: ../../../../../usr/local/lib/android/sdk/platforms/android-35-ext15/data/res/values-mcc312-mnc670-vi: Cannot utime: Operation not permitted
build	Cache Android SDK	2026-06-06T12:23:03.4271596Z /usr/bin/tar: ../../../../../usr/local/lib/android/sdk/platforms/android-35-ext15/data/res/values-mcc312-mnc670-vi: Cannot change mode to rwxr-xr-x: Operation not permitted
build	Cache Android SDK	2026-06-06T12:23:03.4273873Z /usr/bin/tar: ../../../../../usr/local/lib/android/sdk/platforms/android-35-ext15/data/res/values-mcc310-mnc200-tl: Cannot utime: Operation not permitted
build	Cache Android SDK	2026-06-06T12:23:03.4275318Z /usr/bin/tar: ../../../../../usr/local/lib/android/sdk/platforms/android-35-ext15/data/res/values-mcc310-mnc200-tl: Cannot change mode to rwxr-xr-x: Operation not permitted
build	Cache Android SDK	2026-06-06T12:23:03.4277277Z /usr/bin/tar: ../../../../../usr/local/lib/android/sdk/platforms/android-35-ext15/data/res/values-mcc311-mnc180-az: Cannot utime: Operation not permitted
build	Cache Android SDK	2026-06-06T12:23:03.4278889Z /usr/bin/tar: ../../../../../usr/local/lib/android/sdk/platforms/android-35-ext15/data/res/values-mcc311-mnc180-az: Cannot change mode to rwxr-xr-x: Operation not permitted
build	Cache Android SDK	2026-06-06T12:23:03.4280594Z /usr/bin/tar: ../../../../../usr/local/lib/android/sdk/platforms/android-35-ext15/data/res/values-mcc310-mnc800-ky: Cannot utime: Operation not permitted
build	Cache Android SDK	2026-06-06T12:23:03.4281558Z /usr/bin/tar: ../../../../../usr/local/lib/android/sdk/platforms/android-35-ext15/data/res/values-mcc310-mnc800-ky: Cannot change mode to rwxr-xr-x: Operation not permitted
build	Cache Android SDK	2026-06-06T12:23:03.4284285Z /usr/bin/tar: ../../../../../usr/local/lib/android/sdk/platforms/android-35-ext15/data/res/values-mcc310-mnc170-da: Cannot utime: Operation not permitted
build	Cache Android SDK	2026-06-06T12:23:03.4285360Z /usr/bin/tar: ../../../../../usr/local/lib/android/sdk/platforms/android-35-ext15/data/res/values-mcc310-mnc170-da: Cannot change mode to rwxr-xr-x: Operation not permitted
build	Cache Android SDK	2026-06-06T12:23:03.4287651Z /usr/bin/tar: ../../../../../usr/local/lib/android/sdk/platforms/android-35-ext15/data/res/values-mcc310-mnc280-hu: Cannot utime: Operation not permitted
build	Cache Android SDK	2026-06-06T12:23:03.4288645Z /usr/bin/tar: ../../../../../usr/local/lib/android/sdk/platforms/android-35-ext15/data/res/values-mcc310-mnc280-hu: Cannot change mode to rwxr-xr-x: Operation not permitted
build	Cache Android SDK	2026-06-06T12:23:03.4291001Z /usr/bin/tar: ../../../../../usr/local/lib/android/sdk/platforms/android-35-ext15/data/res/values-es-rHN: Cannot utime: Operation not permitted
build	Cache Android SDK	2026-06-06T12:23:03.4291982Z /usr/bin/tar: ../../../../../usr/local/lib/android/sdk/platforms/android-35-ext15/data/res/values-es-rHN: Cannot change mode to rwxr-xr-x: Operation not permitted
build	Cache Android SDK	2026-06-06T12:23:03.4294346Z /usr/bin/tar: ../../../../../usr/local/lib/android/sdk/platforms/android-35-ext15/data/res/values-mcc310-mnc200-en-rIN: Cannot utime: Operation not permitted
build	Cache Android SDK	2026-06-06T12:23:03.4295357Z /usr/bin/tar: ../../../../../usr/local/lib/android/sdk/platforms/android-35-ext15/data/res/values-mcc310-mnc200-en-rIN: Cannot change mode to rwxr-xr-x: Operation not permitted
build	Cache Android SDK	2026-06-06T12:23:03.4298476Z /usr/bin/tar: ../../../../../usr/local/lib/android/sdk/platforms/android-35-ext15/data/res/values-mcc310-mnc280-ko: Cannot utime: Operation not permitted
build	Cache Android SDK	2026-06-06T12:23:03.4300034Z /usr/bin/tar: ../../../../../usr/local/lib/android/sdk/platforms/android-35-ext15/data/res/values-mcc310-mnc280-ko: Cannot change mode to rwxr-xr-x: Operation not permitted
build	Cache Android SDK	2026-06-06T12:23:03.4301489Z /usr/bin/tar: ../../../../../usr/local/lib/android/sdk/platforms/android-35-ext15/data/res/values-mcc310-mnc490-en-rIN: Cannot utime: Operation not permitted
build	Cache Android SDK	2026-06-06T12:23:03.4302499Z /usr/bin/tar: ../../../../../usr/local/lib/android/sdk/platforms/android-35-ext15/data/res/values-mcc310-mnc490-en-rIN: Cannot change mode to rwxr-xr-x: Operation not permitted
build	Cache Android SDK	2026-06-06T12:23:03.4304557Z /usr/bin/tar: ../../../../../usr/local/lib/android/sdk/platforms/android-35-ext15/data/res/values-mcc310-mnc160-hy: Cannot utime: Operation not permitted
build	Cache Android SDK	2026-06-06T12:23:03.4305618Z /usr/bin/tar: ../../../../../usr/local/lib/android/sdk/platforms/android-35-ext15/data/res/values-mcc310-mnc160-hy: Cannot change mode to rwxr-xr-x: Operation not permitted
build	Cache Android SDK	2026-06-06T12:23:03.4308260Z /usr/bin/tar: ../../../../../usr/local/lib/android/sdk/platforms/android-35-ext15/data/res/values-mcc310-mnc200-af: Cannot utime: Operation not permitted
build	Cache Android SDK	2026-06-06T12:23:03.4309409Z /usr/bin/tar: ../../../../../usr/local/lib/android/sdk/platforms/android-35-ext15/data/res/values-mcc310-mnc200-af: Cannot change mode to rwxr-xr-x: Operation not permitted
build	Cache Android SDK	2026-06-06T12:23:03.4311433Z /usr/bin/tar: ../../../../../usr/local/lib/android/sdk/platforms/android-35-ext15/data/res/values-mcc313-mnc100-ms: Cannot utime: Operation not permitted
build	Cache Android SDK	2026-06-06T12:23:03.4312390Z /usr/bin/tar: ../../../../../usr/local/lib/android/sdk/platforms/android-35-ext15/data/res/values-mcc313-mnc100-ms: Cannot change mode to rwxr-xr-x: Operation not permitted
build	Cache Android SDK	2026-06-06T12:23:03.4314841Z /usr/bin/tar: ../../../../../usr/local/lib/android/sdk/platforms/android-35-ext15/data/res/values-mcc302-mnc370-pl: Cannot utime: Operation not permitted
build	Cache Android SDK	2026-06-06T12:23:03.4316019Z /usr/bin/tar: ../../../../../usr/local/lib/android/sdk/platforms/android-35-ext15/data/res/values-mcc302-mnc370-pl: Cannot change mode to rwxr-xr-x: Operation not permitted
build	Cache Android SDK	2026-06-06T12:23:03.4318088Z /usr/bin/tar: ../../../../../usr/local/lib/android/sdk/platforms/android-35-ext15/data/res/values-mcc310-mnc150-bn: Cannot utime: Operation not permitted
build	Cache Android SDK	2026-06-06T12:23:03.4319188Z /usr/bin/tar: ../../../../../usr/local/lib/android/sdk/platforms/android-35-ext15/data/res/values-mcc310-mnc150-bn: Cannot change mode to rwxr-xr-x: Operation not permitted
build	Cache Android SDK	2026-06-06T12:23:03.4322439Z /usr/bin/tar: ../../../../../usr/local/lib/android/sdk/platforms/android-35-ext15/data/res/values-mcc312-mnc670-iw: Cannot utime: Operation not permitted
build	Cache Android SDK	2026-06-06T12:23:03.4323845Z /usr/bin/tar: ../../../../../usr/local/lib/android/sdk/platforms/android-35-ext15/data/res/values-mcc312-mnc670-iw: Cannot change mode to rwxr-xr-x: Operation not permitted
build	Cache Android SDK	2026-06-06T12:23:03.4325402Z /usr/bin/tar: ../../../../../usr/local/lib/android/sdk/platforms/android-35-ext15/data/res/values-mcc310-mnc310-sw: Cannot utime: Operation not permitted
build	Cache Android SDK	2026-06-06T12:23:03.4326435Z /usr/bin/tar: ../../../../../usr/local/lib/android/sdk/platforms/android-35-ext15/data/res/values-mcc310-mnc310-sw: Cannot change mode to rwxr-xr-x: Operation not permitted
build	Cache Android SDK	2026-06-06T12:23:03.4329280Z /usr/bin/tar: ../../../../../usr/local/lib/android/sdk/platforms/android-35-ext15/data/res/values-mcc312-mnc670-zu: Cannot utime: Operation not permitted
build	Cache Android SDK	2026-06-06T12:23:03.4330397Z /usr/bin/tar: ../../../../../usr/local/lib/android/sdk/platforms/android-35-ext15/data/res/values-mcc312-mnc670-zu: Cannot change mode to rwxr-xr-x: Operation not permitted
build	Cache Android SDK	2026-06-06T12:23:03.4333385Z /usr/bin/tar: ../../../../../usr/local/lib/android/sdk/platforms/android-35-ext15/data/res/values-mcc310-mnc230-uz: Cannot utime: Operation not permitted
build	Cache Android SDK	2026-06-06T12:23:03.4334417Z /usr/bin/tar: ../../../../../usr/local/lib/android/sdk/platforms/android-35-ext15/data/res/values-mcc310-mnc230-uz: Cannot change mode to rwxr-xr-x: Operation not permitted
build	Cache Android SDK	2026-06-06T12:23:03.4336468Z /usr/bin/tar: ../../../../../usr/local/lib/android/sdk/platforms/android-35-ext15/data/res/values-mcc310-mnc410-b+sr+Latn: Cannot utime: Operation not permitted
build	Cache Android SDK	2026-06-06T12:23:03.4337690Z /usr/bin/tar: ../../../../../usr/local/lib/android/sdk/platforms/android-35-ext15/data/res/values-mcc310-mnc410-b+sr+Latn: Cannot change mode to rwxr-xr-x: Operation not permitted
build	Cache Android SDK	2026-06-06T12:23:03.4340054Z /usr/bin/tar: ../../../../../usr/local/lib/android/sdk/platforms/android-35-ext15/data/res/values-mcc312-mnc670-gu: Cannot utime: Operation not permitted
build	Cache Android SDK	2026-06-06T12:23:03.4341026Z /usr/bin/tar: ../../../../../usr/local/lib/android/sdk/platforms/android-35-ext15/data/res/values-mcc312-mnc670-gu: Cannot change mode to rwxr-xr-x: Operation not permitted
build	Cache Android SDK	2026-06-06T12:23:03.4347191Z /usr/bin/tar: ../../../../../usr/local/lib/android/sdk/platforms/android-35-ext15/data/res/values-mcc310-mnc410-gl: Cannot utime: Operation not permitted
build	Cache Android SDK	2026-06-06T12:23:03.4348958Z /usr/bin/tar: ../../../../../usr/local/lib/android/sdk/platforms/android-35-ext15/data/res/values-mcc310-mnc410-gl: Cannot change mode to rwxr-xr-x: Operation not permitted
build	Cache Android SDK	2026-06-06T12:23:03.4350916Z /usr/bin/tar: ../../../../../usr/local/lib/android/sdk/platforms/android-35-ext15/data/res/values-mk-television: Cannot utime: Operation not permitted
build	Cache Android SDK	2026-06-06T12:23:03.4351874Z /usr/bin/tar: ../../../../../usr/local/lib/android/sdk/platforms/android-35-ext15/data/res/values-mk-television: Cannot change mode to rwxr-xr-x: Operation not permitted
build	Cache Android SDK	2026-06-06T12:23:03.4353841Z /usr/bin/tar: ../../../../../usr/local/lib/android/sdk/platforms/android-35-ext15/data/res/values-mcc310-mnc030-ca: Cannot utime: Operation not permitted
build	Cache Android SDK	2026-06-06T12:23:03.4355595Z /usr/bin/tar: ../../../../../usr/local/lib/android/sdk/platforms/android-35-ext15/data/res/values-mcc310-mnc030-ca: Cannot change mode to rwxr-xr-x: Operation not permitted
build	Cache Android SDK	2026-06-06T12:23:03.4357917Z /usr/bin/tar: ../../../../../usr/local/lib/android/sdk/platforms/android-35-ext15/data/res/values-vi: Cannot utime: Operation not permitted
build	Cache Android SDK	2026-06-06T12:23:03.4359089Z /usr/bin/tar: ../../../../../usr/local/lib/android/sdk/platforms/android-35-ext15/data/res/values-vi: Cannot change mode to rwxr-xr-x: Operation not permitted
build	Cache Android SDK	2026-06-06T12:23:03.4361034Z /usr/bin/tar: ../../../../../usr/local/lib/android/sdk/platforms/android-35-ext15/data/res/values-mcc310-mnc280-cs: Cannot utime: Operation not permitted
build	Cache Android SDK	2026-06-06T12:23:03.4362075Z /usr/bin/tar: ../../../../../usr/local/lib/android/sdk/platforms/android-35-ext15/data/res/values-mcc310-mnc280-cs: Cannot change mode to rwxr-xr-x: Operation not permitted
build	Cache Android SDK	2026-06-06T12:23:03.4364442Z /usr/bin/tar: ../../../../../usr/local/lib/android/sdk/platforms/android-35-ext15/data/res/values-mcc310-mnc310-da: Cannot utime: Operation not permitted
build	Cache Android SDK	2026-06-06T12:23:03.4365476Z /usr/bin/tar: ../../../../../usr/local/lib/android/sdk/platforms/android-35-ext15/data/res/values-mcc310-mnc310-da: Cannot change mode to rwxr-xr-x: Operation not permitted
build	Cache Android SDK	2026-06-06T12:23:03.4367978Z /usr/bin/tar: ../../../../../usr/local/lib/android/sdk/platforms/android-35-ext15/data/res/values-mcc450-mnc08: Cannot utime: Operation not permitted
build	Cache Android SDK	2026-06-06T12:23:03.4368953Z /usr/bin/tar: ../../../../../usr/local/lib/android/sdk/platforms/android-35-ext15/data/res/values-mcc450-mnc08: Cannot change mode to rwxr-xr-x: Operation not permitted
build	Cache Android SDK	2026-06-06T12:23:03.4370965Z /usr/bin/tar: ../../../../../usr/local/lib/android/sdk/platforms/android-35-ext15/data/res/values-mcc302-mnc370-es: Cannot utime: Operation not permitted
build	Cache Android SDK	2026-06-06T12:23:03.4372039Z /usr/bin/tar: ../../../../../usr/local/lib/android/sdk/platforms/android-35-ext15/data/res/values-mcc302-mnc370-es: Cannot change mode to rwxr-xr-x: Operation not permitted
build	Cache Android SDK	2026-06-06T12:23:03.4373795Z /usr/bin/tar: ../../../../../usr/local/lib/android/sdk/platforms/android-35-ext15/data/res/values-mcc310-mnc490-nb: Cannot utime: Operation not permitted
build	Cache Android SDK	2026-06-06T12:23:03.4374805Z /usr/bin/tar: ../../../../../usr/local/lib/android/sdk/platforms/android-35-ext15/data/res/values-mcc310-mnc490-nb: Cannot change mode to rwxr-xr-x: Operation not permitted
build	Cache Android SDK	2026-06-06T12:23:03.4377098Z /usr/bin/tar: ../../../../../usr/local/lib/android/sdk/platforms/android-35-ext15/data/res/values-mcc310-mnc170-hy: Cannot utime: Operation not permitted
build	Cache Android SDK	2026-06-06T12:23:03.4378280Z /usr/bin/tar: ../../../../../usr/local/lib/android/sdk/platforms/android-35-ext15/data/res/values-mcc310-mnc170-hy: Cannot change mode to rwxr-xr-x: Operation not permitted
build	Cache Android SDK	2026-06-06T12:23:03.4380108Z /usr/bin/tar: ../../../../../usr/local/lib/android/sdk/platforms/android-35-ext15/data/res/values-mcc310-mnc230-km: Cannot utime: Operation not permitted
build	Cache Android SDK	2026-06-06T12:23:03.4381073Z /usr/bin/tar: ../../../../../usr/local/lib/android/sdk/platforms/android-35-ext15/data/res/values-mcc310-mnc230-km: Cannot change mode to rwxr-xr-x: Operation not permitted
build	Cache Android SDK	2026-06-06T12:23:03.4383062Z /usr/bin/tar: ../../../../../usr/local/lib/android/sdk/platforms/android-35-ext15/data/res/values-mcc310-mnc490-km: Cannot utime: Operation not permitted
build	Cache Android SDK	2026-06-06T12:23:03.4384030Z /usr/bin/tar: ../../../../../usr/local/lib/android/sdk/platforms/android-35-ext15/data/res/values-mcc310-mnc490-km: Cannot change mode to rwxr-xr-x: Operation not permitted
build	Cache Android SDK	2026-06-06T12:23:03.4386444Z /usr/bin/tar: ../../../../../usr/local/lib/android/sdk/platforms/android-35-ext15/data/res/values-mcc310-mnc280-sl: Cannot utime: Operation not permitted
build	Cache Android SDK	2026-06-06T12:23:03.4388238Z /usr/bin/tar: ../../../../../usr/local/lib/android/sdk/platforms/android-35-ext15/data/res/values-mcc310-mnc280-sl: Cannot change mode to rwxr-xr-x: Operation not permitted
build	Cache Android SDK	2026-06-06T12:23:03.4389700Z /usr/bin/tar: ../../../../../usr/local/lib/android/sdk/platforms/android-35-ext15/data/res/values-en-rGB-watch: Cannot utime: Operation not permitted
build	Cache Android SDK	2026-06-06T12:23:03.4390638Z /usr/bin/tar: ../../../../../usr/local/lib/android/sdk/platforms/android-35-ext15/data/res/values-en-rGB-watch: Cannot change mode to rwxr-xr-x: Operation not permitted
build	Cache Android SDK	2026-06-06T12:23:03.4392251Z /usr/bin/tar: ../../../../../usr/local/lib/android/sdk/platforms/android-35-ext15/data/res/values-mcc302-mnc720-ky: Cannot utime: Operation not permitted
build	Cache Android SDK	2026-06-06T12:23:03.4393212Z /usr/bin/tar: ../../../../../usr/local/lib/android/sdk/platforms/android-35-ext15/data/res/values-mcc302-mnc720-ky: Cannot change mode to rwxr-xr-x: Operation not permitted
build	Cache Android SDK	2026-06-06T12:23:03.4395890Z /usr/bin/tar: ../../../../../usr/local/lib/android/sdk/platforms/android-35-ext15/data/res/values-sv-watch: Cannot utime: Operation not permitted
build	Cache Android SDK	2026-06-06T12:23:03.4396897Z /usr/bin/tar: ../../../../../usr/local/lib/android/sdk/platforms/android-35-ext15/data/res/values-sv-watch: Cannot change mode to rwxr-xr-x: Operation not permitted
build	Cache Android SDK	2026-06-06T12:23:03.4399623Z /usr/bin/tar: ../../../../../usr/local/lib/android/sdk/platforms/android-35-ext15/data/res/values-mcc204-mnc04: Cannot utime: Operation not permitted
build	Cache Android SDK	2026-06-06T12:23:03.4400564Z /usr/bin/tar: ../../../../../usr/local/lib/android/sdk/platforms/android-35-ext15/data/res/values-mcc204-mnc04: Cannot change mode to rwxr-xr-x: Operation not permitted
build	Cache Android SDK	2026-06-06T12:23:03.4403283Z /usr/bin/tar: ../../../../../usr/local/lib/android/sdk/platforms/android-35-ext15/data/res/values-mcc310-mnc410-fi: Cannot utime: Operation not permitted
build	Cache Android SDK	2026-06-06T12:23:03.4404290Z /usr/bin/tar: ../../../../../usr/local/lib/android/sdk/platforms/android-35-ext15/data/res/values-mcc310-mnc410-fi: Cannot change mode to rwxr-xr-x: Operation not permitted
build	Cache Android SDK	2026-06-06T12:23:03.4406399Z /usr/bin/tar: ../../../../../usr/local/lib/android/sdk/platforms/android-35-ext15/data/res/values-mcc310-mnc800-be: Cannot utime: Operation not permitted
build	Cache Android SDK	2026-06-06T12:23:03.4407561Z /usr/bin/tar: ../../../../../usr/local/lib/android/sdk/platforms/android-35-ext15/data/res/values-mcc310-mnc800-be: Cannot change mode to rwxr-xr-x: Operation not permitted
build	Cache Android SDK	2026-06-06T12:23:03.4409970Z /usr/bin/tar: ../../../../../usr/local/lib/android/sdk/platforms/android-35-ext15/data/res/raw-iw: Cannot utime: Operation not permitted
build	Cache Android SDK	2026-06-06T12:23:03.4410826Z /usr/bin/tar: ../../../../../usr/local/lib/android/sdk/platforms/android-35-ext15/data/res/raw-iw: Cannot change mode to rwxr-xr-x: Operation not permitted
build	Cache Android SDK	2026-06-06T12:23:03.4412959Z /usr/bin/tar: ../../../../../usr/local/lib/android/sdk/platforms/android-35-ext15/data/res/values-mcc312-mnc670-mn: Cannot utime: Operation not permitted
build	Cache Android SDK	2026-06-06T12:23:03.4413924Z /usr/bin/tar: ../../../../../usr/local/lib/android/sdk/platforms/android-35-ext15/data/res/values-mcc312-mnc670-mn: Cannot change mode to rwxr-xr-x: Operation not permitted
build	Cache Android SDK	2026-06-06T12:23:03.4416396Z /usr/bin/tar: ../../../../../usr/local/lib/android/sdk/platforms/android-35-ext15/data/res/values-mcc310-mnc240-gl: Cannot utime: Operation not permitted
build	Cache Android SDK	2026-06-06T12:23:03.4417465Z /usr/bin/tar: ../../../../../usr/local/lib/android/sdk/platforms/android-35-ext15/data/res/values-mcc310-mnc240-gl: Cannot change mode to rwxr-xr-x: Operation not permitted
build	Cache Android SDK	2026-06-06T12:23:03.4419926Z /usr/bin/tar: ../../../../../usr/local/lib/android/sdk/platforms/android-35-ext15/data/res/values-mcc310-mnc270-gl: Cannot utime: Operation not permitted
build	Cache Android SDK	2026-06-06T12:23:03.4420899Z /usr/bin/tar: ../../../../../usr/local/lib/android/sdk/platforms/android-35-ext15/data/res/values-mcc310-mnc270-gl: Cannot change mode to rwxr-xr-x: Operation not permitted
build	Cache Android SDK	2026-06-06T12:23:03.4423490Z /usr/bin/tar: ../../../../../usr/local/lib/android/sdk/platforms/android-35-ext15/data/res/values-mcc310-mnc380-ru: Cannot utime: Operation not permitted
build	Cache Android SDK	2026-06-06T12:23:03.4424583Z /usr/bin/tar: ../../../../../usr/local/lib/android/sdk/platforms/android-35-ext15/data/res/values-mcc310-mnc380-ru: Cannot change mode to rwxr-xr-x: Operation not permitted
build	Cache Android SDK	2026-06-06T12:23:03.4426633Z /usr/bin/tar: ../../../../../usr/local/lib/android/sdk/platforms/android-35-ext15/data/res/values-mcc001-mnc01-fr-rCA: Cannot utime: Operation not permitted
build	Cache Android SDK	2026-06-06T12:23:03.4427842Z /usr/bin/tar: ../../../../../usr/local/lib/android/sdk/platforms/android-35-ext15/data/res/values-mcc001-mnc01-fr-rCA: Cannot change mode to rwxr-xr-x: Operation not permitted
build	Cache Android SDK	2026-06-06T12:23:03.4429485Z /usr/bin/tar: ../../../../../usr/local/lib/android/sdk/platforms/android-35-ext15/data/res/values-zu-television: Cannot utime: Operation not permitted
build	Cache Android SDK	2026-06-06T12:23:03.4430422Z /usr/bin/tar: ../../../../../usr/local/lib/android/sdk/platforms/android-35-ext15/data/res/values-zu-television: Cannot change mode to rwxr-xr-x: Operation not permitted
build	Cache Android SDK	2026-06-06T12:23:03.4432904Z /usr/bin/tar: ../../../../../usr/local/lib/android/sdk/platforms/android-35-ext15/data/res/values-mcc310-mnc240-pl: Cannot utime: Operation not permitted
build	Cache Android SDK	2026-06-06T12:23:03.4434036Z /usr/bin/tar: ../../../../../usr/local/lib/android/sdk/platforms/android-35-ext15/data/res/values-mcc310-mnc240-pl: Cannot change mode to rwxr-xr-x: Operation not permitted
build	Cache Android SDK	2026-06-06T12:23:03.4435853Z /usr/bin/tar: ../../../../../usr/local/lib/android/sdk/platforms/android-35-ext15/data/res/values-mcc334-mnc020-lo: Cannot utime: Operation not permitted
build	Cache Android SDK	2026-06-06T12:23:03.4436810Z /usr/bin/tar: ../../../../../usr/local/lib/android/sdk/platforms/android-35-ext15/data/res/values-mcc334-mnc020-lo: Cannot change mode to rwxr-xr-x: Operation not permitted
build	Cache Android SDK	2026-06-06T12:23:03.4439305Z /usr/bin/tar: ../../../../../usr/local/lib/android/sdk/platforms/android-35-ext15/data/res/values-mcc310-mnc240-nb: Cannot utime: Operation not permitted
build	Cache Android SDK	2026-06-06T12:23:03.4440361Z /usr/bin/tar: ../../../../../usr/local/lib/android/sdk/platforms/android-35-ext15/data/res/values-mcc310-mnc240-nb: Cannot change mode to rwxr-xr-x: Operation not permitted
build	Cache Android SDK	2026-06-06T12:23:03.4442622Z /usr/bin/tar: ../../../../../usr/local/lib/android/sdk/platforms/android-35-ext15/data/res/values-mcc310-mnc240-fa: Cannot utime: Operation not permitted
build	Cache Android SDK	2026-06-06T12:23:03.4443575Z /usr/bin/tar: ../../../../../usr/local/lib/android/sdk/platforms/android-35-ext15/data/res/values-mcc310-mnc240-fa: Cannot change mode to rwxr-xr-x: Operation not permitted
build	Cache Android SDK	2026-06-06T12:23:03.4446078Z /usr/bin/tar: ../../../../../usr/local/lib/android/sdk/platforms/android-35-ext15/data/res/values-pl-rPL: Cannot utime: Operation not permitted
build	Cache Android SDK	2026-06-06T12:23:03.4447111Z /usr/bin/tar: ../../../../../usr/local/lib/android/sdk/platforms/android-35-ext15/data/res/values-pl-rPL: Cannot change mode to rwxr-xr-x: Operation not permitted
build	Cache Android SDK	2026-06-06T12:23:03.4449306Z /usr/bin/tar: ../../../../../usr/local/lib/android/sdk/platforms/android-35-ext15/data/res/values-mcc310-mnc660-mr: Cannot utime: Operation not permitted
build	Cache Android SDK	2026-06-06T12:23:03.4450272Z /usr/bin/tar: ../../../../../usr/local/lib/android/sdk/platforms/android-35-ext15/data/res/values-mcc310-mnc660-mr: Cannot change mode to rwxr-xr-x: Operation not permitted
build	Cache Android SDK	2026-06-06T12:23:03.4454216Z /usr/bin/tar: ../../../../../usr/local/lib/android/sdk/platforms/android-35-ext15/data/res/values-mcc310-mnc270-bn: Cannot utime: Operation not permitted
build	Cache Android SDK	2026-06-06T12:23:03.4455267Z /usr/bin/tar: ../../../../../usr/local/lib/android/sdk/platforms/android-35-ext15/data/res/values-mcc310-mnc270-bn: Cannot change mode to rwxr-xr-x: Operation not permitted
build	Cache Android SDK	2026-06-06T12:23:03.4457291Z /usr/bin/tar: ../../../../../usr/local/lib/android/sdk/platforms/android-35-ext15/data/res/values-mcc310-mnc660-mk: Cannot utime: Operation not permitted
build	Cache Android SDK	2026-06-06T12:23:03.4458385Z /usr/bin/tar: ../../../../../usr/local/lib/android/sdk/platforms/android-35-ext15/data/res/values-mcc310-mnc660-mk: Cannot change mode to rwxr-xr-x: Operation not permitted
build	Cache Android SDK	2026-06-06T12:23:03.4460725Z /usr/bin/tar: ../../../../../usr/local/lib/android/sdk/platforms/android-35-ext15/data/res/values-mcc310-mnc160-et: Cannot utime: Operation not permitted
build	Cache Android SDK	2026-06-06T12:23:03.4461722Z /usr/bin/tar: ../../../../../usr/local/lib/android/sdk/platforms/android-35-ext15/data/res/values-mcc310-mnc160-et: Cannot change mode to rwxr-xr-x: Operation not permitted
build	Cache Android SDK	2026-06-06T12:23:03.4463787Z /usr/bin/tar: ../../../../../usr/local/lib/android/sdk/platforms/android-35-ext15/data/res/values-fa-television: Cannot utime: Operation not permitted
build	Cache Android SDK	2026-06-06T12:23:03.4464837Z /usr/bin/tar: ../../../../../usr/local/lib/android/sdk/platforms/android-35-ext15/data/res/values-fa-television: Cannot change mode to rwxr-xr-x: Operation not permitted
build	Cache Android SDK	2026-06-06T12:23:03.4466816Z /usr/bin/tar: ../../../../../usr/local/lib/android/sdk/platforms/android-35-ext15/data/res/values-mcc310-mnc560-hi: Cannot utime: Operation not permitted
build	Cache Android SDK	2026-06-06T12:23:03.4467966Z /usr/bin/tar: ../../../../../usr/local/lib/android/sdk/platforms/android-35-ext15/data/res/values-mcc310-mnc560-hi: Cannot change mode to rwxr-xr-x: Operation not permitted
build	Cache Android SDK	2026-06-06T12:23:03.4470078Z /usr/bin/tar: ../../../../../usr/local/lib/android/sdk/platforms/android-35-ext15/data/res/raw-en-rGB: Cannot utime: Operation not permitted
build	Cache Android SDK	2026-06-06T12:23:03.4470959Z /usr/bin/tar: ../../../../../usr/local/lib/android/sdk/platforms/android-35-ext15/data/res/raw-en-rGB: Cannot change mode to rwxr-xr-x: Operation not permitted
build	Cache Android SDK	2026-06-06T12:23:03.4473864Z /usr/bin/tar: ../../../../../usr/local/lib/android/sdk/platforms/android-35-ext15/data/res/values-eu-watch: Cannot utime: Operation not permitted
build	Cache Android SDK	2026-06-06T12:23:03.4475544Z /usr/bin/tar: ../../../../../usr/local/lib/android/sdk/platforms/android-35-ext15/data/res/values-eu-watch: Cannot change mode to rwxr-xr-x: Operation not permitted
build	Cache Android SDK	2026-06-06T12:23:03.4477089Z /usr/bin/tar: ../../../../../usr/local/lib/android/sdk/platforms/android-35-ext15/data/res/values-mcc310-mnc660-ko: Cannot utime: Operation not permitted
build	Cache Android SDK	2026-06-06T12:23:03.4478473Z /usr/bin/tar: ../../../../../usr/local/lib/android/sdk/platforms/android-35-ext15/data/res/values-mcc310-mnc660-ko: Cannot change mode to rwxr-xr-x: Operation not permitted
build	Cache Android SDK	2026-06-06T12:23:03.4480015Z /usr/bin/tar: ../../../../../usr/local/lib/android/sdk/platforms/android-35-ext15/data/res/values-mcc311-mnc180-mn: Cannot utime: Operation not permitted
build	Cache Android SDK	2026-06-06T12:23:03.4481067Z /usr/bin/tar: ../../../../../usr/local/lib/android/sdk/platforms/android-35-ext15/data/res/values-mcc311-mnc180-mn: Cannot change mode to rwxr-xr-x: Operation not permitted
build	Cache Android SDK	2026-06-06T12:23:03.4483279Z /usr/bin/tar: ../../../../../usr/local/lib/android/sdk/platforms/android-35-ext15/data/res/values-mcc310-mnc240-ml: Cannot utime: Operation not permitted
build	Cache Android SDK	2026-06-06T12:23:03.4484238Z /usr/bin/tar: ../../../../../usr/local/lib/android/sdk/platforms/android-35-ext15/data/res/values-mcc310-mnc240-ml: Cannot change mode to rwxr-xr-x: Operation not permitted
build	Cache Android SDK	2026-06-06T12:23:03.4486465Z /usr/bin/tar: ../../../../../usr/local/lib/android/sdk/platforms/android-35-ext15/data/res/values-mcc310-mnc490-kk: Cannot utime: Operation not permitted
build	Cache Android SDK	2026-06-06T12:23:03.4487534Z /usr/bin/tar: ../../../../../usr/local/lib/android/sdk/platforms/android-35-ext15/data/res/values-mcc310-mnc490-kk: Cannot change mode to rwxr-xr-x: Operation not permitted
build	Cache Android SDK	2026-06-06T12:23:03.4489970Z /usr/bin/tar: ../../../../../usr/local/lib/android/sdk/platforms/android-35-ext15/data/res/values-mcc310-mnc240-bg: Cannot utime: Operation not permitted
build	Cache Android SDK	2026-06-06T12:23:03.4491012Z /usr/bin/tar: ../../../../../usr/local/lib/android/sdk/platforms/android-35-ext15/data/res/values-mcc310-mnc240-bg: Cannot change mode to rwxr-xr-x: Operation not permitted
build	Cache Android SDK	2026-06-06T12:23:03.4493257Z /usr/bin/tar: ../../../../../usr/local/lib/android/sdk/platforms/android-35-ext15/data/res/values-mcc310-mnc240-zu: Cannot utime: Operation not permitted
build	Cache Android SDK	2026-06-06T12:23:03.4494193Z /usr/bin/tar: ../../../../../usr/local/lib/android/sdk/platforms/android-35-ext15/data/res/values-mcc310-mnc240-zu: Cannot change mode to rwxr-xr-x: Operation not permitted
build	Cache Android SDK	2026-06-06T12:23:03.4496255Z /usr/bin/tar: ../../../../../usr/local/lib/android/sdk/platforms/android-35-ext15/data/res/values-mcc310-mnc410-tl: Cannot utime: Operation not permitted
build	Cache Android SDK	2026-06-06T12:23:03.4497200Z /usr/bin/tar: ../../../../../usr/local/lib/android/sdk/platforms/android-35-ext15/data/res/values-mcc310-mnc410-tl: Cannot change mode to rwxr-xr-x: Operation not permitted
build	Cache Android SDK	2026-06-06T12:23:03.4499302Z /usr/bin/tar: ../../../../../usr/local/lib/android/sdk/platforms/android-35-ext15/data/res/values-mcc310-mnc220-ky: Cannot utime: Operation not permitted
build	Cache Android SDK	2026-06-06T12:23:03.4500340Z /usr/bin/tar: ../../../../../usr/local/lib/android/sdk/platforms/android-35-ext15/data/res/values-mcc310-mnc220-ky: Cannot change mode to rwxr-xr-x: Operation not permitted
build	Cache Android SDK	2026-06-06T12:23:03.4502517Z /usr/bin/tar: ../../../../../usr/local/lib/android/sdk/platforms/android-35-ext15/data/res/values-mcc310-mnc560-or: Cannot utime: Operation not permitted
build	Cache Android SDK	2026-06-06T12:23:03.4503473Z /usr/bin/tar: ../../../../../usr/local/lib/android/sdk/platforms/android-35-ext15/data/res/values-mcc310-mnc560-or: Cannot change mode to rwxr-xr-x: Operation not permitted
build	Cache Android SDK	2026-06-06T12:23:03.4505680Z /usr/bin/tar: ../../../../../usr/local/lib/android/sdk/platforms/android-35-ext15/data/res/values-mcc302-mnc720-da: Cannot utime: Operation not permitted
build	Cache Android SDK	2026-06-06T12:23:03.4506633Z /usr/bin/tar: ../../../../../usr/local/lib/android/sdk/platforms/android-35-ext15/data/res/values-mcc302-mnc720-da: Cannot change mode to rwxr-xr-x: Operation not permitted
build	Cache Android SDK	2026-06-06T12:23:03.4509376Z /usr/bin/tar: ../../../../../usr/local/lib/android/sdk/platforms/android-35-ext15/data/res/values-mcc302-mnc720-pa: Cannot utime: Operation not permitted
build	Cache Android SDK	2026-06-06T12:23:03.4510326Z /usr/bin/tar: ../../../../../usr/local/lib/android/sdk/platforms/android-35-ext15/data/res/values-mcc302-mnc720-pa: Cannot change mode to rwxr-xr-x: Operation not permitted
build	Cache Android SDK	2026-06-06T12:23:03.4512632Z /usr/bin/tar: ../../../../../usr/local/lib/android/sdk/platforms/android-35-ext15/data/res/values-mcc334-mnc020-in: Cannot utime: Operation not permitted
build	Cache Android SDK	2026-06-06T12:23:03.4513577Z /usr/bin/tar: ../../../../../usr/local/lib/android/sdk/platforms/android-35-ext15/data/res/values-mcc334-mnc020-in: Cannot change mode to rwxr-xr-x: Operation not permitted
build	Cache Android SDK	2026-06-06T12:23:03.4515980Z /usr/bin/tar: ../../../../../usr/local/lib/android/sdk/platforms/android-35-ext15/data/res/values-mcc310-mnc490-fr-rCA: Cannot utime: Operation not permitted
build	Cache Android SDK	2026-06-06T12:23:03.4516978Z /usr/bin/tar: ../../../../../usr/local/lib/android/sdk/platforms/android-35-ext15/data/res/values-mcc310-mnc490-fr-rCA: Cannot change mode to rwxr-xr-x: Operation not permitted
build	Cache Android SDK	2026-06-06T12:23:03.4519343Z /usr/bin/tar: ../../../../../usr/local/lib/android/sdk/platforms/android-35-ext15/data/res/values-mcc312-mnc670-en-rAU: Cannot utime: Operation not permitted
build	Cache Android SDK	2026-06-06T12:23:03.4520327Z /usr/bin/tar: ../../../../../usr/local/lib/android/sdk/platforms/android-35-ext15/data/res/values-mcc312-mnc670-en-rAU: Cannot change mode to rwxr-xr-x: Operation not permitted
build	Cache Android SDK	2026-06-06T12:23:03.4522584Z /usr/bin/tar: ../../../../../usr/local/lib/android/sdk/platforms/android-35-ext15/data/res/values-mcc302-mnc370-et: Cannot utime: Operation not permitted
build	Cache Android SDK	2026-06-06T12:23:03.4523546Z /usr/bin/tar: ../../../../../usr/local/lib/android/sdk/platforms/android-35-ext15/data/res/values-mcc302-mnc370-et: Cannot change mode to rwxr-xr-x: Operation not permitted
build	Cache Android SDK	2026-06-06T12:23:03.4525772Z /usr/bin/tar: ../../../../../usr/local/lib/android/sdk/platforms/android-35-ext15/data/res/values-mcc313-mnc100-fr-rCA: Cannot utime: Operation not permitted
build	Cache Android SDK	2026-06-06T12:23:03.4526750Z /usr/bin/tar: ../../../../../usr/local/lib/android/sdk/platforms/android-35-ext15/data/res/values-mcc313-mnc100-fr-rCA: Cannot change mode to rwxr-xr-x: Operation not permitted
build	Cache Android SDK	2026-06-06T12:23:03.4529139Z /usr/bin/tar: ../../../../../usr/local/lib/android/sdk/platforms/android-35-ext15/data/res/values-mcc310-mnc150-en-rAU: Cannot utime: Operation not permitted
build	Cache Android SDK	2026-06-06T12:23:03.4530122Z /usr/bin/tar: ../../../../../usr/local/lib/android/sdk/platforms/android-35-ext15/data/res/values-mcc310-mnc150-en-rAU: Cannot change mode to rwxr-xr-x: Operation not permitted
build	Cache Android SDK	2026-06-06T12:23:03.4539530Z /usr/bin/tar: ../../../../../usr/local/lib/android/sdk/platforms/android-35-ext15/data/res/xml: Cannot utime: Operation not permitted
build	Cache Android SDK	2026-06-06T12:23:03.4540601Z /usr/bin/tar: ../../../../../usr/local/lib/android/sdk/platforms/android-35-ext15/data/res/xml: Cannot change mode to rwxr-xr-x: Operation not permitted
build	Cache Android SDK	2026-06-06T12:23:03.4542302Z /usr/bin/tar: ../../../../../usr/local/lib/android/sdk/platforms/android-35-ext15/data/res/values-mcc310-mnc800-sr: Cannot utime: Operation not permitted
build	Cache Android SDK	2026-06-06T12:23:03.4543269Z /usr/bin/tar: ../../../../../usr/local/lib/android/sdk/platforms/android-35-ext15/data/res/values-mcc310-mnc800-sr: Cannot change mode to rwxr-xr-x: Operation not permitted
build	Cache Android SDK	2026-06-06T12:23:03.4546976Z /usr/bin/tar: ../../../../../usr/local/lib/android/sdk/platforms/android-35-ext15/data/res/values-mcc310-mnc380-zh-rCN: Cannot utime: Operation not permitted
build	Cache Android SDK	2026-06-06T12:23:03.4548562Z /usr/bin/tar: ../../../../../usr/local/lib/android/sdk/platforms/android-35-ext15/data/res/values-mcc310-mnc380-zh-rCN: Cannot change mode to rwxr-xr-x: Operation not permitted
build	Cache Android SDK	2026-06-06T12:23:03.4549800Z /usr/bin/tar: ../../../../../usr/local/lib/android/sdk/platforms/android-35-ext15/data/res/values-mcc310-mnc950-ms: Cannot utime: Operation not permitted
build	Cache Android SDK	2026-06-06T12:23:03.4550845Z /usr/bin/tar: ../../../../../usr/local/lib/android/sdk/platforms/android-35-ext15/data/res/values-mcc310-mnc950-ms: Cannot change mode to rwxr-xr-x: Operation not permitted
build	Cache Android SDK	2026-06-06T12:23:03.4552283Z /usr/bin/tar: ../../../../../usr/local/lib/android/sdk/platforms/android-35-ext15/data/res/values-mcc310-mnc170-ms: Cannot utime: Operation not permitted
build	Cache Android SDK	2026-06-06T12:23:03.4553222Z /usr/bin/tar: ../../../../../usr/local/lib/android/sdk/platforms/android-35-ext15/data/res/values-mcc310-mnc170-ms: Cannot change mode to rwxr-xr-x: Operation not permitted
build	Cache Android SDK	2026-06-06T12:23:03.4555363Z /usr/bin/tar: ../../../../../usr/local/lib/android/sdk/platforms/android-35-ext15/data/res/values-mcc310-mnc230-sq: Cannot utime: Operation not permitted
build	Cache Android SDK	2026-06-06T12:23:03.4557985Z /usr/bin/tar: ../../../../../usr/local/lib/android/sdk/platforms/android-35-ext15/data/res/values-mcc310-mnc230-sq: Cannot change mode to rwxr-xr-x: Operation not permitted
build	Cache Android SDK	2026-06-06T12:23:03.4558982Z /usr/bin/tar: ../../../../../usr/local/lib/android/sdk/platforms/android-35-ext15/data/res/values-mcc334-mnc020-b+sr+Latn: Cannot utime: Operation not permitted
build	Cache Android SDK	2026-06-06T12:23:03.4559993Z /usr/bin/tar: ../../../../../usr/local/lib/android/sdk/platforms/android-35-ext15/data/res/values-mcc334-mnc020-b+sr+Latn: Cannot change mode to rwxr-xr-x: Operation not permitted
build	Cache Android SDK	2026-06-06T12:23:03.4561416Z /usr/bin/tar: ../../../../../usr/local/lib/android/sdk/platforms/android-35-ext15/data/res/values-mcc310-mnc800-pt: Cannot utime: Operation not permitted
build	Cache Android SDK	2026-06-06T12:23:03.4562369Z /usr/bin/tar: ../../../../../usr/local/lib/android/sdk/platforms/android-35-ext15/data/res/values-mcc310-mnc800-pt: Cannot change mode to rwxr-xr-x: Operation not permitted
build	Cache Android SDK	2026-06-06T12:23:03.4564766Z /usr/bin/tar: ../../../../../usr/local/lib/android/sdk/platforms/android-35-ext15/data/res/values-mcc310-mnc250-iw: Cannot utime: Operation not permitted
build	Cache Android SDK	2026-06-06T12:23:03.4565809Z /usr/bin/tar: ../../../../../usr/local/lib/android/sdk/platforms/android-35-ext15/data/res/values-mcc310-mnc250-iw: Cannot change mode to rwxr-xr-x: Operation not permitted
build	Cache Android SDK	2026-06-06T12:23:03.4569377Z /usr/bin/tar: ../../../../../usr/local/lib/android/sdk/platforms/android-35-ext15/data/res/mipmap-hdpi: Cannot utime: Operation not permitted
build	Cache Android SDK	2026-06-06T12:23:03.4570252Z /usr/bin/tar: ../../../../../usr/local/lib/android/sdk/platforms/android-35-ext15/data/res/mipmap-hdpi: Cannot change mode to rwxr-xr-x: Operation not permitted
build	Cache Android SDK	2026-06-06T12:23:03.4572636Z /usr/bin/tar: ../../../../../usr/local/lib/android/sdk/platforms/android-35-ext15/data/res/values-mcc310-mnc950-af: Cannot utime: Operation not permitted
build	Cache Android SDK	2026-06-06T12:23:03.4573589Z /usr/bin/tar: ../../../../../usr/local/lib/android/sdk/platforms/android-35-ext15/data/res/values-mcc310-mnc950-af: Cannot change mode to rwxr-xr-x: Operation not permitted
build	Cache Android SDK	2026-06-06T12:23:03.4575853Z /usr/bin/tar: ../../../../../usr/local/lib/android/sdk/platforms/android-35-ext15/data/res/values-mcc310-mnc210-kk: Cannot utime: Operation not permitted
build	Cache Android SDK	2026-06-06T12:23:03.4576900Z /usr/bin/tar: ../../../../../usr/local/lib/android/sdk/platforms/android-35-ext15/data/res/values-mcc310-mnc210-kk: Cannot change mode to rwxr-xr-x: Operation not permitted
build	Cache Android SDK	2026-06-06T12:23:03.4579118Z /usr/bin/tar: ../../../../../usr/local/lib/android/sdk/platforms/android-35-ext15/data/res/values-mcc302-mnc720-ne: Cannot utime: Operation not permitted
build	Cache Android SDK	2026-06-06T12:23:03.4580079Z /usr/bin/tar: ../../../../../usr/local/lib/android/sdk/platforms/android-35-ext15/data/res/values-mcc302-mnc720-ne: Cannot change mode to rwxr-xr-x: Operation not permitted
build	Cache Android SDK	2026-06-06T12:23:03.4581911Z /usr/bin/tar: ../../../../../usr/local/lib/android/sdk/platforms/android-35-ext15/data/res/values-mcc334-mnc020-th: Cannot utime: Operation not permitted
build	Cache Android SDK	2026-06-06T12:23:03.4582847Z /usr/bin/tar: ../../../../../usr/local/lib/android/sdk/platforms/android-35-ext15/data/res/values-mcc334-mnc020-th: Cannot change mode to rwxr-xr-x: Operation not permitted
build	Cache Android SDK	2026-06-06T12:23:03.4584838Z /usr/bin/tar: ../../../../../usr/local/lib/android/sdk/platforms/android-35-ext15/data/res/values-mcc310-mnc280-is: Cannot utime: Operation not permitted
build	Cache Android SDK	2026-06-06T12:23:03.4585784Z /usr/bin/tar: ../../../../../usr/local/lib/android/sdk/platforms/android-35-ext15/data/res/values-mcc310-mnc280-is: Cannot change mode to rwxr-xr-x: Operation not permitted
build	Cache Android SDK	2026-06-06T12:23:03.4589128Z /usr/bin/tar: ../../../../../usr/local/lib/android/sdk/platforms/android-35-ext15/data/res/values-mcc313-mnc100-be: Cannot utime: Operation not permitted
build	Cache Android SDK	2026-06-06T12:23:03.4590171Z /usr/bin/tar: ../../../../../usr/local/lib/android/sdk/platforms/android-35-ext15/data/res/values-mcc313-mnc100-be: Cannot change mode to rwxr-xr-x: Operation not permitted
build	Cache Android SDK	2026-06-06T12:23:03.4595555Z /usr/bin/tar: ../../../../../usr/local/lib/android/sdk/platforms/android-35-ext15/data/res/values-es-rUS: Cannot utime: Operation not permitted
build	Cache Android SDK	2026-06-06T12:23:03.4596467Z /usr/bin/tar: ../../../../../usr/local/lib/android/sdk/platforms/android-35-ext15/data/res/values-es-rUS: Cannot change mode to rwxr-xr-x: Operation not permitted
build	Cache Android SDK	2026-06-06T12:23:03.4599792Z /usr/bin/tar: ../../../../../usr/local/lib/android/sdk/platforms/android-35-ext15/data/res/values-mcc311-mnc180-te: Cannot utime: Operation not permitted
build	Cache Android SDK	2026-06-06T12:23:03.4601250Z /usr/bin/tar: ../../../../../usr/local/lib/android/sdk/platforms/android-35-ext15/data/res/values-mcc311-mnc180-te: Cannot change mode to rwxr-xr-x: Operation not permitted
build	Cache Android SDK	2026-06-06T12:23:03.4602715Z /usr/bin/tar: ../../../../../usr/local/lib/android/sdk/platforms/android-35-ext15/data/res/values-mcc310-mnc030-ko: Cannot utime: Operation not permitted
build	Cache Android SDK	2026-06-06T12:23:03.4603690Z /usr/bin/tar: ../../../../../usr/local/lib/android/sdk/platforms/android-35-ext15/data/res/values-mcc310-mnc030-ko: Cannot change mode to rwxr-xr-x: Operation not permitted
build	Cache Android SDK	2026-06-06T12:23:03.4605973Z /usr/bin/tar: ../../../../../usr/local/lib/android/sdk/platforms/android-35-ext15/data/res/values-da-television: Cannot utime: Operation not permitted
build	Cache Android SDK	2026-06-06T12:23:03.4607047Z /usr/bin/tar: ../../../../../usr/local/lib/android/sdk/platforms/android-35-ext15/data/res/values-da-television: Cannot change mode to rwxr-xr-x: Operation not permitted
build	Cache Android SDK	2026-06-06T12:23:03.4609408Z /usr/bin/tar: ../../../../../usr/local/lib/android/sdk/platforms/android-35-ext15/data/res/values-mcc310-mnc240-be: Cannot utime: Operation not permitted
build	Cache Android SDK	2026-06-06T12:23:03.4610402Z /usr/bin/tar: ../../../../../usr/local/lib/android/sdk/platforms/android-35-ext15/data/res/values-mcc310-mnc240-be: Cannot change mode to rwxr-xr-x: Operation not permitted
build	Cache Android SDK	2026-06-06T12:23:03.4613175Z /usr/bin/tar: ../../../../../usr/local/lib/android/sdk/platforms/android-35-ext15/data/res/values-mr-television: Cannot utime: Operation not permitted
build	Cache Android SDK	2026-06-06T12:23:03.4614136Z /usr/bin/tar: ../../../../../usr/local/lib/android/sdk/platforms/android-35-ext15/data/res/values-mr-television: Cannot change mode to rwxr-xr-x: Operation not permitted
build	Cache Android SDK	2026-06-06T12:23:03.4615997Z /usr/bin/tar: ../../../../../usr/local/lib/android/sdk/platforms/android-35-ext15/data/res/values-mcc310-mnc490-tl: Cannot utime: Operation not permitted
build	Cache Android SDK	2026-06-06T12:23:03.4617044Z /usr/bin/tar: ../../../../../usr/local/lib/android/sdk/platforms/android-35-ext15/data/res/values-mcc310-mnc490-tl: Cannot change mode to rwxr-xr-x: Operation not permitted
build	Cache Android SDK	2026-06-06T12:23:03.4619560Z /usr/bin/tar: ../../../../../usr/local/lib/android/sdk/platforms/android-35-ext15/data/res/values-mcc310-mnc240-cs: Cannot utime: Operation not permitted
build	Cache Android SDK	2026-06-06T12:23:03.4620527Z /usr/bin/tar: ../../../../../usr/local/lib/android/sdk/platforms/android-35-ext15/data/res/values-mcc310-mnc240-cs: Cannot change mode to rwxr-xr-x: Operation not permitted
build	Cache Android SDK	2026-06-06T12:23:03.4622566Z /usr/bin/tar: ../../../../../usr/local/lib/android/sdk/platforms/android-35-ext15/data/res/values-mcc310-mnc250-af: Cannot utime: Operation not permitted
build	Cache Android SDK	2026-06-06T12:23:03.4623526Z /usr/bin/tar: ../../../../../usr/local/lib/android/sdk/platforms/android-35-ext15/data/res/values-mcc310-mnc250-af: Cannot change mode to rwxr-xr-x: Operation not permitted
build	Cache Android SDK	2026-06-06T12:23:03.4625675Z /usr/bin/tar: ../../../../../usr/local/lib/android/sdk/platforms/android-35-ext15/data/res/values-xlarge: Cannot utime: Operation not permitted
build	Cache Android SDK	2026-06-06T12:23:03.4626596Z /usr/bin/tar: ../../../../../usr/local/lib/android/sdk/platforms/android-35-ext15/data/res/values-xlarge: Cannot change mode to rwxr-xr-x: Operation not permitted
build	Cache Android SDK	2026-06-06T12:23:03.4629431Z /usr/bin/tar: ../../../../../usr/local/lib/android/sdk/platforms/android-35-ext15/data/res/values-mcc302-mnc370-zh-rTW: Cannot utime: Operation not permitted
build	Cache Android SDK	2026-06-06T12:23:03.4630451Z /usr/bin/tar: ../../../../../usr/local/lib/android/sdk/platforms/android-35-ext15/data/res/values-mcc302-mnc370-zh-rTW: Cannot change mode to rwxr-xr-x: Operation not permitted
build	Cache Android SDK	2026-06-06T12:23:03.4632394Z /usr/bin/tar: ../../../../../usr/local/lib/android/sdk/platforms/android-35-ext15/data/res/values-mcc310-mnc410-ca: Cannot utime: Operation not permitted
build	Cache Android SDK	2026-06-06T12:23:03.4633359Z /usr/bin/tar: ../../../../../usr/local/lib/android/sdk/platforms/android-35-ext15/data/res/values-mcc310-mnc410-ca: Cannot change mode to rwxr-xr-x: Operation not permitted
build	Cache Android SDK	2026-06-06T12:23:03.4635817Z /usr/bin/tar: ../../../../../usr/local/lib/android/sdk/platforms/android-35-ext15/data/res/values-mcc310-mnc410-my: Cannot utime: Operation not permitted
build	Cache Android SDK	2026-06-06T12:23:03.4636772Z /usr/bin/tar: ../../../../../usr/local/lib/android/sdk/platforms/android-35-ext15/data/res/values-mcc310-mnc410-my: Cannot change mode to rwxr-xr-x: Operation not permitted
build	Cache Android SDK	2026-06-06T12:23:03.4639000Z /usr/bin/tar: ../../../../../usr/local/lib/android/sdk/platforms/android-35-ext15/data/res/values-mcc310-mnc160-lo: Cannot utime: Operation not permitted
build	Cache Android SDK	2026-06-06T12:23:03.4639966Z /usr/bin/tar: ../../../../../usr/local/lib/android/sdk/platforms/android-35-ext15/data/res/values-mcc310-mnc160-lo: Cannot change mode to rwxr-xr-x: Operation not permitted
build	Cache Android SDK	2026-06-06T12:23:03.4642684Z /usr/bin/tar: ../../../../../usr/local/lib/android/sdk/platforms/android-35-ext15/data/res/values-mcc310-mnc660-ka: Cannot utime: Operation not permitted
build	Cache Android SDK	2026-06-06T12:23:03.4643652Z /usr/bin/tar: ../../../../../usr/local/lib/android/sdk/platforms/android-35-ext15/data/res/values-mcc310-mnc660-ka: Cannot change mode to rwxr-xr-x: Operation not permitted
build	Cache Android SDK	2026-06-06T12:23:03.4645942Z /usr/bin/tar: ../../../../../usr/local/lib/android/sdk/platforms/android-35-ext15/data/res/values-mcc310-mnc170-lv: Cannot utime: Operation not permitted
build	Cache Android SDK	2026-06-06T12:23:03.4646923Z /usr/bin/tar: ../../../../../usr/local/lib/android/sdk/platforms/android-35-ext15/data/res/values-mcc310-mnc170-lv: Cannot change mode to rwxr-xr-x: Operation not permitted
build	Cache Android SDK	2026-06-06T12:23:03.4649457Z /usr/bin/tar: ../../../../../usr/local/lib/android/sdk/platforms/android-35-ext15/data/res/values-mcc505-mnc01: Cannot utime: Operation not permitted
build	Cache Android SDK	2026-06-06T12:23:03.4650572Z /usr/bin/tar: ../../../../../usr/local/lib/android/sdk/platforms/android-35-ext15/data/res/values-mcc505-mnc01: Cannot change mode to rwxr-xr-x: Operation not permitted
build	Cache Android SDK	2026-06-06T12:23:03.4654512Z /usr/bin/tar: ../../../../../usr/local/lib/android/sdk/platforms/android-35-ext15/data/res/values-mcc310-mnc560-ky: Cannot utime: Operation not permitted
build	Cache Android SDK	2026-06-06T12:23:03.4656244Z /usr/bin/tar: ../../../../../usr/local/lib/android/sdk/platforms/android-35-ext15/data/res/values-mcc310-mnc560-ky: Cannot change mode to rwxr-xr-x: Operation not permitted
build	Cache Android SDK	2026-06-06T12:23:03.4658042Z /usr/bin/tar: ../../../../../usr/local/lib/android/sdk/platforms/android-35-ext15/data/res/values-my-television: Cannot utime: Operation not permitted
build	Cache Android SDK	2026-06-06T12:23:03.4659898Z /usr/bin/tar: ../../../../../usr/local/lib/android/sdk/platforms/android-35-ext15/data/res/values-my-television: Cannot change mode to rwxr-xr-x: Operation not permitted
build	Cache Android SDK	2026-06-06T12:23:03.4661687Z /usr/bin/tar: ../../../../../usr/local/lib/android/sdk/platforms/android-35-ext15/data/res/values-mcc310-mnc160-km: Cannot utime: Operation not permitted
build	Cache Android SDK	2026-06-06T12:23:03.4663383Z /usr/bin/tar: ../../../../../usr/local/lib/android/sdk/platforms/android-35-ext15/data/res/values-mcc310-mnc160-km: Cannot change mode to rwxr-xr-x: Operation not permitted
build	Cache Android SDK	2026-06-06T12:23:03.4664965Z /usr/bin/tar: ../../../../../usr/local/lib/android/sdk/platforms/android-35-ext15/data/res/layout-port: Cannot utime: Operation not permitted
build	Cache Android SDK	2026-06-06T12:23:03.4666519Z /usr/bin/tar: ../../../../../usr/local/lib/android/sdk/platforms/android-35-ext15/data/res/layout-port: Cannot change mode to rwxr-xr-x: Operation not permitted
build	Cache Android SDK	2026-06-06T12:23:03.4668648Z /usr/bin/tar: ../../../../../usr/local/lib/android/sdk/platforms/android-35-ext15/data/res/values-mcc310-mnc030-gl: Cannot utime: Operation not permitted
build	Cache Android SDK	2026-06-06T12:23:03.4670386Z /usr/bin/tar: ../../../../../usr/local/lib/android/sdk/platforms/android-35-ext15/data/res/values-mcc310-mnc030-gl: Cannot change mode to rwxr-xr-x: Operation not permitted
build	Cache Android SDK	2026-06-06T12:23:03.4679858Z /usr/bin/tar: ../../../../../usr/local/lib/android/sdk/platforms/android-35-ext15/data/res/values-mcc310-mnc230-ar: Cannot utime: Operation not permitted
build	Cache Android SDK	2026-06-06T12:23:03.4681881Z /usr/bin/tar: ../../../../../usr/local/lib/android/sdk/platforms/android-35-ext15/data/res/values-mcc310-mnc230-ar: Cannot change mode to rwxr-xr-x: Operation not permitted
build	Cache Android SDK	2026-06-06T12:23:03.4683951Z /usr/bin/tar: ../../../../../usr/local/lib/android/sdk/platforms/android-35-ext15/data/res/values-mcc310-mnc230-kn: Cannot utime: Operation not permitted
build	Cache Android SDK	2026-06-06T12:23:03.4686072Z /usr/bin/tar: ../../../../../usr/local/lib/android/sdk/platforms/android-35-ext15/data/res/values-mcc310-mnc230-kn: Cannot change mode to rwxr-xr-x: Operation not permitted
build	Cache Android SDK	2026-06-06T12:23:03.4688254Z /usr/bin/tar: ../../../../../usr/local/lib/android/sdk/platforms/android-35-ext15/data/res/values-in-rID: Cannot utime: Operation not permitted
build	Cache Android SDK	2026-06-06T12:23:03.4690147Z /usr/bin/tar: ../../../../../usr/local/lib/android/sdk/platforms/android-35-ext15/data/res/values-in-rID: Cannot change mode to rwxr-xr-x: Operation not permitted
build	Cache Android SDK	2026-06-06T12:23:03.4692251Z /usr/bin/tar: ../../../../../usr/local/lib/android/sdk/platforms/android-35-ext15/data/res/values-mcc310-mnc210-si: Cannot utime: Operation not permitted
build	Cache Android SDK	2026-06-06T12:23:03.4694363Z /usr/bin/tar: ../../../../../usr/local/lib/android/sdk/platforms/android-35-ext15/data/res/values-mcc310-mnc210-si: Cannot change mode to rwxr-xr-x: Operation not permitted
build	Cache Android SDK	2026-06-06T12:23:03.4696292Z /usr/bin/tar: ../../../../../usr/local/lib/android/sdk/platforms/android-35-ext15/data/res/layout-large: Cannot utime: Operation not permitted
build	Cache Android SDK	2026-06-06T12:23:03.4698526Z /usr/bin/tar: ../../../../../usr/local/lib/android/sdk/platforms/android-35-ext15/data/res/layout-large: Cannot change mode to rwxr-xr-x: Operation not permitted
build	Cache Android SDK	2026-06-06T12:23:03.4700600Z /usr/bin/tar: ../../../../../usr/local/lib/android/sdk/platforms/android-35-ext15/data/res/values-mcc310-mnc150-or: Cannot utime: Operation not permitted
build	Cache Android SDK	2026-06-06T12:23:03.4702768Z /usr/bin/tar: ../../../../../usr/local/lib/android/sdk/platforms/android-35-ext15/data/res/values-mcc310-mnc150-or: Cannot change mode to rwxr-xr-x: Operation not permitted
build	Cache Android SDK	2026-06-06T12:23:03.4704763Z /usr/bin/tar: ../../../../../usr/local/lib/android/sdk/platforms/android-35-ext15/data/res/values-mcc310-mnc250-sv: Cannot utime: Operation not permitted
build	Cache Android SDK	2026-06-06T12:23:03.4706567Z /usr/bin/tar: ../../../../../usr/local/lib/android/sdk/platforms/android-35-ext15/data/res/values-mcc310-mnc250-sv: Cannot change mode to rwxr-xr-x: Operation not permitted
build	Cache Android SDK	2026-06-06T12:23:03.4708901Z /usr/bin/tar: ../../../../../usr/local/lib/android/sdk/platforms/android-35-ext15/data/res/values-mcc310-mnc270-pa: Cannot utime: Operation not permitted
build	Cache Android SDK	2026-06-06T12:23:03.4710862Z /usr/bin/tar: ../../../../../usr/local/lib/android/sdk/platforms/android-35-ext15/data/res/values-mcc310-mnc270-pa: Cannot change mode to rwxr-xr-x: Operation not permitted
build	Cache Android SDK	2026-06-06T12:23:03.4712778Z /usr/bin/tar: ../../../../../usr/local/lib/android/sdk/platforms/android-35-ext15/data/res/values-pl: Cannot utime: Operation not permitted
build	Cache Android SDK	2026-06-06T12:23:03.4714440Z /usr/bin/tar: ../../../../../usr/local/lib/android/sdk/platforms/android-35-ext15/data/res/values-pl: Cannot change mode to rwxr-xr-x: Operation not permitted
build	Cache Android SDK	2026-06-06T12:23:03.4716341Z /usr/bin/tar: ../../../../../usr/local/lib/android/sdk/platforms/android-35-ext15/data/res/values-mcc310-mnc490-ml: Cannot utime: Operation not permitted
build	Cache Android SDK	2026-06-06T12:23:03.4718361Z /usr/bin/tar: ../../../../../usr/local/lib/android/sdk/platforms/android-35-ext15/data/res/values-mcc310-mnc490-ml: Cannot change mode to rwxr-xr-x: Operation not permitted
build	Cache Android SDK	2026-06-06T12:23:03.4720464Z /usr/bin/tar: ../../../../../usr/local/lib/android/sdk/platforms/android-35-ext15/data/res/values-mcc310-mnc160-am: Cannot utime: Operation not permitted
build	Cache Android SDK	2026-06-06T12:23:03.4722576Z /usr/bin/tar: ../../../../../usr/local/lib/android/sdk/platforms/android-35-ext15/data/res/values-mcc310-mnc160-am: Cannot change mode to rwxr-xr-x: Operation not permitted
build	Cache Android SDK	2026-06-06T12:23:03.4724574Z /usr/bin/tar: ../../../../../usr/local/lib/android/sdk/platforms/android-35-ext15/data/res/values-mcc310-mnc170-es-rUS: Cannot utime: Operation not permitted
build	Cache Android SDK	2026-06-06T12:23:03.4726713Z /usr/bin/tar: ../../../../../usr/local/lib/android/sdk/platforms/android-35-ext15/data/res/values-mcc310-mnc170-es-rUS: Cannot change mode to rwxr-xr-x: Operation not permitted
build	Cache Android SDK	2026-06-06T12:23:03.4728893Z /usr/bin/tar: ../../../../../usr/local/lib/android/sdk/platforms/android-35-ext15/data/res/values-ca: Cannot utime: Operation not permitted
build	Cache Android SDK	2026-06-06T12:23:03.4732658Z /usr/bin/tar: ../../../../../usr/local/lib/android/sdk/platforms/android-35-ext15/data/res/values-ca: Cannot change mode to rwxr-xr-x: Operation not permitted
build	Cache Android SDK	2026-06-06T12:23:03.4734070Z /usr/bin/tar: ../../../../../usr/local/lib/android/sdk/platforms/android-35-ext15/data/res/values-mcc310-mnc210-am: Cannot utime: Operation not permitted
build	Cache Android SDK	2026-06-06T12:23:03.4735846Z /usr/bin/tar: ../../../../../usr/local/lib/android/sdk/platforms/android-35-ext15/data/res/values-mcc310-mnc210-am: Cannot change mode to rwxr-xr-x: Operation not permitted
build	Cache Android SDK	2026-06-06T12:23:03.4736941Z /usr/bin/tar: ../../../../../usr/local/lib/android/sdk/platforms/android-35-ext15/data/res/values-mcc310-mnc030-eu: Cannot utime: Operation not permitted
build	Cache Android SDK	2026-06-06T12:23:03.4738866Z /usr/bin/tar: ../../../../../usr/local/lib/android/sdk/platforms/android-35-ext15/data/res/values-mcc310-mnc030-eu: Cannot change mode to rwxr-xr-x: Operation not permitted
build	Cache Android SDK	2026-06-06T12:23:03.4739848Z /usr/bin/tar: ../../../../../usr/local/lib/android/sdk/platforms/android-35-ext15/data/res/values-mcc706-mnc04: Cannot utime: Operation not permitted
build	Cache Android SDK	2026-06-06T12:23:03.4741169Z /usr/bin/tar: ../../../../../usr/local/lib/android/sdk/platforms/android-35-ext15/data/res/values-mcc706-mnc04: Cannot change mode to rwxr-xr-x: Operation not permitted
build	Cache Android SDK	2026-06-06T12:23:03.4742563Z /usr/bin/tar: ../../../../../usr/local/lib/android/sdk/platforms/android-35-ext15/data/res/values-si-television: Cannot utime: Operation not permitted
build	Cache Android SDK	2026-06-06T12:23:03.4743583Z /usr/bin/tar: ../../../../../usr/local/lib/android/sdk/platforms/android-35-ext15/data/res/values-si-television: Cannot change mode to rwxr-xr-x: Operation not permitted
build	Cache Android SDK	2026-06-06T12:23:03.4745521Z /usr/bin/tar: ../../../../../usr/local/lib/android/sdk/platforms/android-35-ext15/data/res/values-mcc334-mnc020-sl: Cannot utime: Operation not permitted
build	Cache Android SDK	2026-06-06T12:23:03.4746489Z /usr/bin/tar: ../../../../../usr/local/lib/android/sdk/platforms/android-35-ext15/data/res/values-mcc334-mnc020-sl: Cannot change mode to rwxr-xr-x: Operation not permitted
build	Cache Android SDK	2026-06-06T12:23:03.4749562Z /usr/bin/tar: ../../../../../usr/local/lib/android/sdk/platforms/android-35-ext15/data/res/values-mcc310-mnc660-sv: Cannot utime: Operation not permitted
build	Cache Android SDK	2026-06-06T12:23:03.4750670Z /usr/bin/tar: ../../../../../usr/local/lib/android/sdk/platforms/android-35-ext15/data/res/values-mcc310-mnc660-sv: Cannot change mode to rwxr-xr-x: Operation not permitted
build	Cache Android SDK	2026-06-06T12:23:03.4752375Z /usr/bin/tar: ../../../../../usr/local/lib/android/sdk/platforms/android-35-ext15/data/res/values-mcc268-mnc03: Cannot utime: Operation not permitted
build	Cache Android SDK	2026-06-06T12:23:03.4753318Z /usr/bin/tar: ../../../../../usr/local/lib/android/sdk/platforms/android-35-ext15/data/res/values-mcc268-mnc03: Cannot change mode to rwxr-xr-x: Operation not permitted
build	Cache Android SDK	2026-06-06T12:23:03.4755956Z /usr/bin/tar: ../../../../../usr/local/lib/android/sdk/platforms/android-35-ext15/data/res/values-mcc310-mnc950-zh-rTW: Cannot utime: Operation not permitted
build	Cache Android SDK	2026-06-06T12:23:03.4757055Z /usr/bin/tar: ../../../../../usr/local/lib/android/sdk/platforms/android-35-ext15/data/res/values-mcc310-mnc950-zh-rTW: Cannot change mode to rwxr-xr-x: Operation not permitted
build	Cache Android SDK	2026-06-06T12:23:03.4759071Z /usr/bin/tar: ../../../../../usr/local/lib/android/sdk/platforms/android-35-ext15/data/res/values-mcc313-mnc100-sq: Cannot utime: Operation not permitted
build	Cache Android SDK	2026-06-06T12:23:03.4760035Z /usr/bin/tar: ../../../../../usr/local/lib/android/sdk/platforms/android-35-ext15/data/res/values-mcc313-mnc100-sq: Cannot change mode to rwxr-xr-x: Operation not permitted
build	Cache Android SDK	2026-06-06T12:23:03.4762464Z /usr/bin/tar: ../../../../../usr/local/lib/android/sdk/platforms/android-35-ext15/data/res/values-mcc334-mnc020-fr-feminine: Cannot utime: Operation not permitted
build	Cache Android SDK	2026-06-06T12:23:03.4763605Z /usr/bin/tar: ../../../../../usr/local/lib/android/sdk/platforms/android-35-ext15/data/res/values-mcc334-mnc020-fr-feminine: Cannot change mode to rwxr-xr-x: Operation not permitted
build	Cache Android SDK	2026-06-06T12:23:03.4765319Z /usr/bin/tar: ../../../../../usr/local/lib/android/sdk/platforms/android-35-ext15/data/res/values-mcc310-mnc280-tr: Cannot utime: Operation not permitted
build	Cache Android SDK	2026-06-06T12:23:03.4766296Z /usr/bin/tar: ../../../../../usr/local/lib/android/sdk/platforms/android-35-ext15/data/res/values-mcc310-mnc280-tr: Cannot change mode to rwxr-xr-x: Operation not permitted
build	Cache Android SDK	2026-06-06T12:23:03.4768867Z /usr/bin/tar: ../../../../../usr/local/lib/android/sdk/platforms/android-35-ext15/data/res/values-mcc302-mnc370-fi: Cannot utime: Operation not permitted
build	Cache Android SDK	2026-06-06T12:23:03.4769913Z /usr/bin/tar: ../../../../../usr/local/lib/android/sdk/platforms/android-35-ext15/data/res/values-mcc302-mnc370-fi: Cannot change mode to rwxr-xr-x: Operation not permitted
build	Cache Android SDK	2026-06-06T12:23:03.4771864Z /usr/bin/tar: ../../../../../usr/local/lib/android/sdk/platforms/android-35-ext15/data/res/values-mcc310-mnc230-hi: Cannot utime: Operation not permitted
build	Cache Android SDK	2026-06-06T12:23:03.4772826Z /usr/bin/tar: ../../../../../usr/local/lib/android/sdk/platforms/android-35-ext15/data/res/values-mcc310-mnc230-hi: Cannot change mode to rwxr-xr-x: Operation not permitted
build	Cache Android SDK	2026-06-06T12:23:03.4779610Z /usr/bin/tar: ../../../../../usr/local/lib/android/sdk/platforms/android-35-ext15/data/res/values-az: Cannot utime: Operation not permitted
build	Cache Android SDK	2026-06-06T12:23:03.4780516Z /usr/bin/tar: ../../../../../usr/local/lib/android/sdk/platforms/android-35-ext15/data/res/values-az: Cannot change mode to rwxr-xr-x: Operation not permitted
build	Cache Android SDK	2026-06-06T12:23:03.4782546Z /usr/bin/tar: ../../../../../usr/local/lib/android/sdk/platforms/android-35-ext15/data/res/values-mcc310-mnc160-sr: Cannot utime: Operation not permitted
build	Cache Android SDK	2026-06-06T12:23:03.4783090Z /usr/bin/tar: ../../../../../usr/local/lib/android/sdk/platforms/android-35-ext15/data/res/values-mcc310-mnc160-sr: Cannot change mode to rwxr-xr-x: Operation not permitted
build	Cache Android SDK	2026-06-06T12:23:03.4786351Z /usr/bin/tar: ../../../../../usr/local/lib/android/sdk/platforms/android-35-ext15/data/res/values-mcc310-mnc250-vi: Cannot utime: Operation not permitted
build	Cache Android SDK	2026-06-06T12:23:03.4786836Z /usr/bin/tar: ../../../../../usr/local/lib/android/sdk/platforms/android-35-ext15/data/res/values-mcc310-mnc250-vi: Cannot change mode to rwxr-xr-x: Operation not permitted
build	Cache Android SDK	2026-06-06T12:23:03.4789643Z /usr/bin/tar: ../../../../../usr/local/lib/android/sdk/platforms/android-35-ext15/data/res/values-mcc302-mnc720-zu: Cannot utime: Operation not permitted
build	Cache Android SDK	2026-06-06T12:23:03.4790123Z /usr/bin/tar: ../../../../../usr/local/lib/android/sdk/platforms/android-35-ext15/data/res/values-mcc302-mnc720-zu: Cannot change mode to rwxr-xr-x: Operation not permitted
build	Cache Android SDK	2026-06-06T12:23:03.4793543Z /usr/bin/tar: ../../../../../usr/local/lib/android/sdk/platforms/android-35-ext15/data/res/values-lt-television: Cannot utime: Operation not permitted
build	Cache Android SDK	2026-06-06T12:23:03.4794024Z /usr/bin/tar: ../../../../../usr/local/lib/android/sdk/platforms/android-35-ext15/data/res/values-lt-television: Cannot change mode to rwxr-xr-x: Operation not permitted
build	Cache Android SDK	2026-06-06T12:23:03.4796431Z /usr/bin/tar: ../../../../../usr/local/lib/android/sdk/platforms/android-35-ext15/data/res/values-mcc313-mnc100-pt: Cannot utime: Operation not permitted
build	Cache Android SDK	2026-06-06T12:23:03.4796916Z /usr/bin/tar: ../../../../../usr/local/lib/android/sdk/platforms/android-35-ext15/data/res/values-mcc313-mnc100-pt: Cannot change mode to rwxr-xr-x: Operation not permitted
build	Cache Android SDK	2026-06-06T12:23:03.4799694Z /usr/bin/tar: ../../../../../usr/local/lib/android/sdk/platforms/android-35-ext15/data/res/values-mcc310-mnc660-km: Cannot utime: Operation not permitted
build	Cache Android SDK	2026-06-06T12:23:03.4800223Z /usr/bin/tar: ../../../../../usr/local/lib/android/sdk/platforms/android-35-ext15/data/res/values-mcc310-mnc660-km: Cannot change mode to rwxr-xr-x: Operation not permitted
build	Cache Android SDK	2026-06-06T12:23:03.4803645Z /usr/bin/tar: ../../../../../usr/local/lib/android/sdk/platforms/android-35-ext15/data/res/values-en-rXC-watch: Cannot utime: Operation not permitted
build	Cache Android SDK	2026-06-06T12:23:03.4804121Z /usr/bin/tar: ../../../../../usr/local/lib/android/sdk/platforms/android-35-ext15/data/res/values-en-rXC-watch: Cannot change mode to rwxr-xr-x: Operation not permitted
build	Cache Android SDK	2026-06-06T12:23:03.4806600Z /usr/bin/tar: ../../../../../usr/local/lib/android/sdk/platforms/android-35-ext15/data/res/values-mcc310-mnc310-pa: Cannot utime: Operation not permitted
build	Cache Android SDK	2026-06-06T12:23:03.4807081Z /usr/bin/tar: ../../../../../usr/local/lib/android/sdk/platforms/android-35-ext15/data/res/values-mcc310-mnc310-pa: Cannot change mode to rwxr-xr-x: Operation not permitted
build	Cache Android SDK	2026-06-06T12:23:03.4809577Z /usr/bin/tar: ../../../../../usr/local/lib/android/sdk/platforms/android-35-ext15/data/res/values-mcc312-mnc670-hy: Cannot utime: Operation not permitted
build	Cache Android SDK	2026-06-06T12:23:03.4810054Z /usr/bin/tar: ../../../../../usr/local/lib/android/sdk/platforms/android-35-ext15/data/res/values-mcc312-mnc670-hy: Cannot change mode to rwxr-xr-x: Operation not permitted
build	Cache Android SDK	2026-06-06T12:23:03.4812465Z /usr/bin/tar: ../../../../../usr/local/lib/android/sdk/platforms/android-35-ext15/data/res/values-mcc310-mnc220-ms: Cannot utime: Operation not permitted
build	Cache Android SDK	2026-06-06T12:23:03.4812953Z /usr/bin/tar: ../../../../../usr/local/lib/android/sdk/platforms/android-35-ext15/data/res/values-mcc310-mnc220-ms: Cannot change mode to rwxr-xr-x: Operation not permitted
build	Cache Android SDK	2026-06-06T12:23:03.4817752Z /usr/bin/tar: ../../../../../usr/local/lib/android/sdk/platforms/android-35-ext15/data/res/values-mcc302-mnc370-ko: Cannot utime: Operation not permitted
build	Cache Android SDK	2026-06-06T12:23:03.4818240Z /usr/bin/tar: ../../../../../usr/local/lib/android/sdk/platforms/android-35-ext15/data/res/values-mcc302-mnc370-ko: Cannot change mode to rwxr-xr-x: Operation not permitted
build	Cache Android SDK	2026-06-06T12:23:03.4820469Z /usr/bin/tar: ../../../../../usr/local/lib/android/sdk/platforms/android-35-ext15/data/res/values-mcc302-mnc720-my: Cannot utime: Operation not permitted
build	Cache Android SDK	2026-06-06T12:23:03.4820949Z /usr/bin/tar: ../../../../../usr/local/lib/android/sdk/platforms/android-35-ext15/data/res/values-mcc302-mnc720-my: Cannot change mode to rwxr-xr-x: Operation not permitted
build	Cache Android SDK	2026-06-06T12:23:03.4829745Z /usr/bin/tar: ../../../../../usr/local/lib/android/sdk/platforms/android-35-ext15/data/res/values-gu: Cannot utime: Operation not permitted
build	Cache Android SDK	2026-06-06T12:23:03.4830689Z /usr/bin/tar: ../../../../../usr/local/lib/android/sdk/platforms/android-35-ext15/data/res/values-gu: Cannot change mode to rwxr-xr-x: Operation not permitted
build	Cache Android SDK	2026-06-06T12:23:03.4831202Z /usr/bin/tar: ../../../../../usr/local/lib/android/sdk/platforms/android-35-ext15/data/res/values-mcc310-mnc270-in: Cannot utime: Operation not permitted
build	Cache Android SDK	2026-06-06T12:23:03.4831690Z /usr/bin/tar: ../../../../../usr/local/lib/android/sdk/platforms/android-35-ext15/data/res/values-mcc310-mnc270-in: Cannot change mode to rwxr-xr-x: Operation not permitted
build	Cache Android SDK	2026-06-06T12:23:03.4834540Z /usr/bin/tar: ../../../../../usr/local/lib/android/sdk/platforms/android-35-ext15/data/res/values-pa-watch: Cannot utime: Operation not permitted
build	Cache Android SDK	2026-06-06T12:23:03.4835058Z /usr/bin/tar: ../../../../../usr/local/lib/android/sdk/platforms/android-35-ext15/data/res/values-pa-watch: Cannot change mode to rwxr-xr-x: Operation not permitted
build	Cache Android SDK	2026-06-06T12:23:03.4837794Z /usr/bin/tar: ../../../../../usr/local/lib/android/sdk/platforms/android-35-ext15/data/res/values-mcc310-mnc170-ca: Cannot utime: Operation not permitted
build	Cache Android SDK	2026-06-06T12:23:03.4838281Z /usr/bin/tar: ../../../../../usr/local/lib/android/sdk/platforms/android-35-ext15/data/res/values-mcc310-mnc170-ca: Cannot change mode to rwxr-xr-x: Operation not permitted
build	Cache Android SDK	2026-06-06T12:23:03.4840375Z /usr/bin/tar: ../../../../../usr/local/lib/android/sdk/platforms/android-35-ext15/data/res/values-mcc310-mnc280-el: Cannot utime: Operation not permitted
build	Cache Android SDK	2026-06-06T12:23:03.4840854Z /usr/bin/tar: ../../../../../usr/local/lib/android/sdk/platforms/android-35-ext15/data/res/values-mcc310-mnc280-el: Cannot change mode to rwxr-xr-x: Operation not permitted
build	Cache Android SDK	2026-06-06T12:23:03.4843725Z /usr/bin/tar: ../../../../../usr/local/lib/android/sdk/platforms/android-35-ext15/data/res/values-mcc310-mnc310-km: Cannot utime: Operation not permitted
build	Cache Android SDK	2026-06-06T12:23:03.4844208Z /usr/bin/tar: ../../../../../usr/local/lib/android/sdk/platforms/android-35-ext15/data/res/values-mcc310-mnc310-km: Cannot change mode to rwxr-xr-x: Operation not permitted
build	Cache Android SDK	2026-06-06T12:23:03.4846712Z /usr/bin/tar: ../../../../../usr/local/lib/android/sdk/platforms/android-35-ext15/data/res/values-mcc302-mnc720-lt: Cannot utime: Operation not permitted
build	Cache Android SDK	2026-06-06T12:23:03.4847173Z /usr/bin/tar: ../../../../../usr/local/lib/android/sdk/platforms/android-35-ext15/data/res/values-mcc302-mnc720-lt: Cannot change mode to rwxr-xr-x: Operation not permitted
build	Cache Android SDK	2026-06-06T12:23:03.4849714Z /usr/bin/tar: ../../../../../usr/local/lib/android/sdk/platforms/android-35-ext15/data/res/values-mcc310-mnc230-en-rGB: Cannot utime: Operation not permitted
build	Cache Android SDK	2026-06-06T12:23:03.4850212Z /usr/bin/tar: ../../../../../usr/local/lib/android/sdk/platforms/android-35-ext15/data/res/values-mcc310-mnc230-en-rGB: Cannot change mode to rwxr-xr-x: Operation not permitted
build	Cache Android SDK	2026-06-06T12:23:03.4852309Z /usr/bin/tar: ../../../../../usr/local/lib/android/sdk/platforms/android-35-ext15/data/res/values-mcc310-mnc150-sv: Cannot utime: Operation not permitted
build	Cache Android SDK	2026-06-06T12:23:03.4852789Z /usr/bin/tar: ../../../../../usr/local/lib/android/sdk/platforms/android-35-ext15/data/res/values-mcc310-mnc150-sv: Cannot change mode to rwxr-xr-x: Operation not permitted
build	Cache Android SDK	2026-06-06T12:23:03.4855718Z /usr/bin/tar: ../../../../../usr/local/lib/android/sdk/platforms/android-35-ext15/data/res/mipmap-xhdpi: Cannot utime: Operation not permitted
build	Cache Android SDK	2026-06-06T12:23:03.4856217Z /usr/bin/tar: ../../../../../usr/local/lib/android/sdk/platforms/android-35-ext15/data/res/mipmap-xhdpi: Cannot change mode to rwxr-xr-x: Operation not permitted
build	Cache Android SDK	2026-06-06T12:23:03.4859129Z /usr/bin/tar: ../../../../../usr/local/lib/android/sdk/platforms/android-35-ext15/data/res/values-mcc310-mnc310-in: Cannot utime: Operation not permitted
build	Cache Android SDK	2026-06-06T12:23:03.4859599Z /usr/bin/tar: ../../../../../usr/local/lib/android/sdk/platforms/android-35-ext15/data/res/values-mcc310-mnc310-in: Cannot change mode to rwxr-xr-x: Operation not permitted
build	Cache Android SDK	2026-06-06T12:23:03.4862335Z /usr/bin/tar: ../../../../../usr/local/lib/android/sdk/platforms/android-35-ext15/data/res/values-mcc310-mnc950-pt-rBR: Cannot utime: Operation not permitted
build	Cache Android SDK	2026-06-06T12:23:03.4862845Z /usr/bin/tar: ../../../../../usr/local/lib/android/sdk/platforms/android-35-ext15/data/res/values-mcc310-mnc950-pt-rBR: Cannot change mode to rwxr-xr-x: Operation not permitted
build	Cache Android SDK	2026-06-06T12:23:03.4865466Z /usr/bin/tar: ../../../../../usr/local/lib/android/sdk/platforms/android-35-ext15/data/res/values-mn-television: Cannot utime: Operation not permitted
build	Cache Android SDK	2026-06-06T12:23:03.4865966Z /usr/bin/tar: ../../../../../usr/local/lib/android/sdk/platforms/android-35-ext15/data/res/values-mn-television: Cannot change mode to rwxr-xr-x: Operation not permitted
build	Cache Android SDK	2026-06-06T12:23:03.4872841Z /usr/bin/tar: ../../../../../usr/local/lib/android/sdk/platforms/android-35-ext15/data/res/values-it: Cannot utime: Operation not permitted
build	Cache Android SDK	2026-06-06T12:23:03.4873464Z /usr/bin/tar: ../../../../../usr/local/lib/android/sdk/platforms/android-35-ext15/data/res/values-it: Cannot change mode to rwxr-xr-x: Operation not permitted
build	Cache Android SDK	2026-06-06T12:23:03.4876506Z /usr/bin/tar: ../../../../../usr/local/lib/android/sdk/platforms/android-35-ext15/data/res/values-mcc310-mnc200-km: Cannot utime: Operation not permitted
build	Cache Android SDK	2026-06-06T12:23:03.4877023Z /usr/bin/tar: ../../../../../usr/local/lib/android/sdk/platforms/android-35-ext15/data/res/values-mcc310-mnc200-km: Cannot change mode to rwxr-xr-x: Operation not permitted
build	Cache Android SDK	2026-06-06T12:23:03.4879663Z /usr/bin/tar: ../../../../../usr/local/lib/android/sdk/platforms/android-35-ext15/data/res/values-mcc311-mnc180-af: Cannot utime: Operation not permitted
build	Cache Android SDK	2026-06-06T12:23:03.4880135Z /usr/bin/tar: ../../../../../usr/local/lib/android/sdk/platforms/android-35-ext15/data/res/values-mcc311-mnc180-af: Cannot change mode to rwxr-xr-x: Operation not permitted
build	Cache Android SDK	2026-06-06T12:23:03.4882600Z /usr/bin/tar: ../../../../../usr/local/lib/android/sdk/platforms/android-35-ext15/data/res/values-mcc310-mnc210: Cannot utime: Operation not permitted
build	Cache Android SDK	2026-06-06T12:23:03.4883079Z /usr/bin/tar: ../../../../../usr/local/lib/android/sdk/platforms/android-35-ext15/data/res/values-mcc310-mnc210: Cannot change mode to rwxr-xr-x: Operation not permitted
build	Cache Android SDK	2026-06-06T12:23:03.4885624Z /usr/bin/tar: ../../../../../usr/local/lib/android/sdk/platforms/android-35-ext15/data/res/values-mcc310-mnc030-hu: Cannot utime: Operation not permitted
build	Cache Android SDK	2026-06-06T12:23:03.4886208Z /usr/bin/tar: ../../../../../usr/local/lib/android/sdk/platforms/android-35-ext15/data/res/values-mcc310-mnc030-hu: Cannot change mode to rwxr-xr-x: Operation not permitted
build	Cache Android SDK	2026-06-06T12:23:03.4892173Z /usr/bin/tar: ../../../../../usr/local/lib/android/sdk/platforms/android-35-ext15/data/res/values-tl: Cannot utime: Operation not permitted
build	Cache Android SDK	2026-06-06T12:23:03.4892613Z /usr/bin/tar: ../../../../../usr/local/lib/android/sdk/platforms/android-35-ext15/data/res/values-tl: Cannot change mode to rwxr-xr-x: Operation not permitted
build	Cache Android SDK	2026-06-06T12:23:03.4894574Z /usr/bin/tar: ../../../../../usr/local/lib/android/sdk/platforms/android-35-ext15/data/res/values-fr-watch: Cannot utime: Operation not permitted
build	Cache Android SDK	2026-06-06T12:23:03.4895051Z /usr/bin/tar: ../../../../../usr/local/lib/android/sdk/platforms/android-35-ext15/data/res/values-fr-watch: Cannot change mode to rwxr-xr-x: Operation not permitted
build	Cache Android SDK	2026-06-06T12:23:03.4897623Z /usr/bin/tar: ../../../../../usr/local/lib/android/sdk/platforms/android-35-ext15/data/res/values-mcc310-mnc030-en-rGB: Cannot utime: Operation not permitted
build	Cache Android SDK	2026-06-06T12:23:03.4898240Z /usr/bin/tar: ../../../../../usr/local/lib/android/sdk/platforms/android-35-ext15/data/res/values-mcc310-mnc030-en-rGB: Cannot change mode to rwxr-xr-x: Operation not permitted
build	Cache Android SDK	2026-06-06T12:23:03.4900386Z /usr/bin/tar: ../../../../../usr/local/lib/android/sdk/platforms/android-35-ext15/data/res/values-mcc302-mnc720-mk: Cannot utime: Operation not permitted
build	Cache Android SDK	2026-06-06T12:23:03.4900873Z /usr/bin/tar: ../../../../../usr/local/lib/android/sdk/platforms/android-35-ext15/data/res/values-mcc302-mnc720-mk: Cannot change mode to rwxr-xr-x: Operation not permitted
build	Cache Android SDK	2026-06-06T12:23:03.4903347Z /usr/bin/tar: ../../../../../usr/local/lib/android/sdk/platforms/android-35-ext15/data/res/values-mcc310-mnc800-hu: Cannot utime: Operation not permitted
build	Cache Android SDK	2026-06-06T12:23:03.4903840Z /usr/bin/tar: ../../../../../usr/local/lib/android/sdk/platforms/android-35-ext15/data/res/values-mcc310-mnc800-hu: Cannot change mode to rwxr-xr-x: Operation not permitted
build	Cache Android SDK	2026-06-06T12:23:03.4906031Z /usr/bin/tar: ../../../../../usr/local/lib/android/sdk/platforms/android-35-ext15/data/res/values-mcc310-mnc250-hi: Cannot utime: Operation not permitted
build	Cache Android SDK	2026-06-06T12:23:03.4906490Z /usr/bin/tar: ../../../../../usr/local/lib/android/sdk/platforms/android-35-ext15/data/res/values-mcc310-mnc250-hi: Cannot change mode to rwxr-xr-x: Operation not permitted
build	Cache Android SDK	2026-06-06T12:23:03.4909055Z /usr/bin/tar: ../../../../../usr/local/lib/android/sdk/platforms/android-35-ext15/data/res/values-mcc310-mnc160-my: Cannot utime: Operation not permitted
build	Cache Android SDK	2026-06-06T12:23:03.4909657Z /usr/bin/tar: ../../../../../usr/local/lib/android/sdk/platforms/android-35-ext15/data/res/values-mcc310-mnc160-my: Cannot change mode to rwxr-xr-x: Operation not permitted
build	Cache Android SDK	2026-06-06T12:23:03.4911872Z /usr/bin/tar: ../../../../../usr/local/lib/android/sdk/platforms/android-35-ext15/data/res/values-mcc310-mnc410-mn: Cannot utime: Operation not permitted
build	Cache Android SDK	2026-06-06T12:23:03.4912346Z /usr/bin/tar: ../../../../../usr/local/lib/android/sdk/platforms/android-35-ext15/data/res/values-mcc310-mnc410-mn: Cannot change mode to rwxr-xr-x: Operation not permitted
build	Cache Android SDK	2026-06-06T12:23:03.4914911Z /usr/bin/tar: ../../../../../usr/local/lib/android/sdk/platforms/android-35-ext15/data/res/values-mcc310-mnc380-ur: Cannot utime: Operation not permitted
build	Cache Android SDK	2026-06-06T12:23:03.4915370Z /usr/bin/tar: ../../../../../usr/local/lib/android/sdk/platforms/android-35-ext15/data/res/values-mcc310-mnc380-ur: Cannot change mode to rwxr-xr-x: Operation not permitted
build	Cache Android SDK	2026-06-06T12:23:03.4918214Z /usr/bin/tar: ../../../../../usr/local/lib/android/sdk/platforms/android-35-ext15/data/res/values-mcc310-mnc150-ja: Cannot utime: Operation not permitted
build	Cache Android SDK	2026-06-06T12:23:03.4918711Z /usr/bin/tar: ../../../../../usr/local/lib/android/sdk/platforms/android-35-ext15/data/res/values-mcc310-mnc150-ja: Cannot change mode to rwxr-xr-x: Operation not permitted
build	Cache Android SDK	2026-06-06T12:23:03.4921546Z /usr/bin/tar: ../../../../../usr/local/lib/android/sdk/platforms/android-35-ext15/data/res/values-mcc310-mnc030-nl: Cannot utime: Operation not permitted
build	Cache Android SDK	2026-06-06T12:23:03.4922127Z /usr/bin/tar: ../../../../../usr/local/lib/android/sdk/platforms/android-35-ext15/data/res/values-mcc310-mnc030-nl: Cannot change mode to rwxr-xr-x: Operation not permitted
build	Cache Android SDK	2026-06-06T12:23:03.4924407Z /usr/bin/tar: ../../../../../usr/local/lib/android/sdk/platforms/android-35-ext15/data/res/values-mcc334-mnc020-ur: Cannot utime: Operation not permitted
build	Cache Android SDK	2026-06-06T12:23:03.4924868Z /usr/bin/tar: ../../../../../usr/local/lib/android/sdk/platforms/android-35-ext15/data/res/values-mcc334-mnc020-ur: Cannot change mode to rwxr-xr-x: Operation not permitted
build	Cache Android SDK	2026-06-06T12:23:03.4927216Z /usr/bin/tar: ../../../../../usr/local/lib/android/sdk/platforms/android-35-ext15/data/res/values-mcc001-mnc01-ky: Cannot utime: Operation not permitted
build	Cache Android SDK	2026-06-06T12:23:03.4927821Z /usr/bin/tar: ../../../../../usr/local/lib/android/sdk/platforms/android-35-ext15/data/res/values-mcc001-mnc01-ky: Cannot change mode to rwxr-xr-x: Operation not permitted
build	Cache Android SDK	2026-06-06T12:23:03.4930405Z /usr/bin/tar: ../../../../../usr/local/lib/android/sdk/platforms/android-35-ext15/data/res/values-mcc310-mnc250-it: Cannot utime: Operation not permitted
build	Cache Android SDK	2026-06-06T12:23:03.4930876Z /usr/bin/tar: ../../../../../usr/local/lib/android/sdk/platforms/android-35-ext15/data/res/values-mcc310-mnc250-it: Cannot change mode to rwxr-xr-x: Operation not permitted
build	Cache Android SDK	2026-06-06T12:23:03.4933353Z /usr/bin/tar: ../../../../../usr/local/lib/android/sdk/platforms/android-35-ext15/data/res/values-mcc310-mnc800-en-rAU: Cannot utime: Operation not permitted
build	Cache Android SDK	2026-06-06T12:23:03.4933926Z /usr/bin/tar: ../../../../../usr/local/lib/android/sdk/platforms/android-35-ext15/data/res/values-mcc310-mnc800-en-rAU: Cannot change mode to rwxr-xr-x: Operation not permitted
build	Cache Android SDK	2026-06-06T12:23:03.4936556Z /usr/bin/tar: ../../../../../usr/local/lib/android/sdk/platforms/android-35-ext15/data/res/values-mcc001: Cannot utime: Operation not permitted
build	Cache Android SDK	2026-06-06T12:23:03.4937030Z /usr/bin/tar: ../../../../../usr/local/lib/android/sdk/platforms/android-35-ext15/data/res/values-mcc001: Cannot change mode to rwxr-xr-x: Operation not permitted
build	Cache Android SDK	2026-06-06T12:23:03.4939798Z /usr/bin/tar: ../../../../../usr/local/lib/android/sdk/platforms/android-35-ext15/data/res/values-mcc310-mnc270-bg: Cannot utime: Operation not permitted
build	Cache Android SDK	2026-06-06T12:23:03.4940268Z /usr/bin/tar: ../../../../../usr/local/lib/android/sdk/platforms/android-35-ext15/data/res/values-mcc310-mnc270-bg: Cannot change mode to rwxr-xr-x: Operation not permitted
build	Cache Android SDK	2026-06-06T12:23:03.4942433Z /usr/bin/tar: ../../../../../usr/local/lib/android/sdk/platforms/android-35-ext15/data/res/values-xlarge-land: Cannot utime: Operation not permitted
build	Cache Android SDK	2026-06-06T12:23:03.4942892Z /usr/bin/tar: ../../../../../usr/local/lib/android/sdk/platforms/android-35-ext15/data/res/values-xlarge-land: Cannot change mode to rwxr-xr-x: Operation not permitted
build	Cache Android SDK	2026-06-06T12:23:03.4945347Z /usr/bin/tar: ../../../../../usr/local/lib/android/sdk/platforms/android-35-ext15/data/res/values-uk-watch: Cannot utime: Operation not permitted
build	Cache Android SDK	2026-06-06T12:23:03.4945822Z /usr/bin/tar: ../../../../../usr/local/lib/android/sdk/platforms/android-35-ext15/data/res/values-uk-watch: Cannot change mode to rwxr-xr-x: Operation not permitted
build	Cache Android SDK	2026-06-06T12:23:03.4948343Z /usr/bin/tar: ../../../../../usr/local/lib/android/sdk/platforms/android-35-ext15/data/res/values-mcc302-mnc720-sk: Cannot utime: Operation not permitted
build	Cache Android SDK	2026-06-06T12:23:03.4948811Z /usr/bin/tar: ../../../../../usr/local/lib/android/sdk/platforms/android-35-ext15/data/res/values-mcc302-mnc720-sk: Cannot change mode to rwxr-xr-x: Operation not permitted
build	Cache Android SDK	2026-06-06T12:23:03.4951485Z /usr/bin/tar: ../../../../../usr/local/lib/android/sdk/platforms/android-35-ext15/data/res/values-mcc310-mnc200-zh-rTW: Cannot utime: Operation not permitted
build	Cache Android SDK	2026-06-06T12:23:03.4951978Z /usr/bin/tar: ../../../../../usr/local/lib/android/sdk/platforms/android-35-ext15/data/res/values-mcc310-mnc200-zh-rTW: Cannot change mode to rwxr-xr-x: Operation not permitted
build	Cache Android SDK	2026-06-06T12:23:03.4954621Z /usr/bin/tar: ../../../../../usr/local/lib/android/sdk/platforms/android-35-ext15/data/res/values-mcc310-mnc410-si: Cannot utime: Operation not permitted
build	Cache Android SDK	2026-06-06T12:23:03.4955097Z /usr/bin/tar: ../../../../../usr/local/lib/android/sdk/platforms/android-35-ext15/data/res/values-mcc310-mnc410-si: Cannot change mode to rwxr-xr-x: Operation not permitted
build	Cache Android SDK	2026-06-06T12:23:03.4957813Z /usr/bin/tar: ../../../../../usr/local/lib/android/sdk/platforms/android-35-ext15/data/res/values-mcc310-mnc270-hu: Cannot utime: Operation not permitted
build	Cache Android SDK	2026-06-06T12:23:03.4958286Z /usr/bin/tar: ../../../../../usr/local/lib/android/sdk/platforms/android-35-ext15/data/res/values-mcc310-mnc270-hu: Cannot change mode to rwxr-xr-x: Operation not permitted
build	Cache Android SDK	2026-06-06T12:23:03.4960714Z /usr/bin/tar: ../../../../../usr/local/lib/android/sdk/platforms/android-35-ext15/data/res/values-mcc310-mnc800-pa: Cannot utime: Operation not permitted
build	Cache Android SDK	2026-06-06T12:23:03.4961188Z /usr/bin/tar: ../../../../../usr/local/lib/android/sdk/platforms/android-35-ext15/data/res/values-mcc310-mnc800-pa: Cannot change mode to rwxr-xr-x: Operation not permitted
build	Cache Android SDK	2026-06-06T12:23:03.4966634Z /usr/bin/tar: ../../../../../usr/local/lib/android/sdk/platforms/android-35-ext15/data/res/values-mn: Cannot utime: Operation not permitted
build	Cache Android SDK	2026-06-06T12:23:03.4967088Z /usr/bin/tar: ../../../../../usr/local/lib/android/sdk/platforms/android-35-ext15/data/res/values-mn: Cannot change mode to rwxr-xr-x: Operation not permitted
build	Cache Android SDK	2026-06-06T12:23:03.4969971Z /usr/bin/tar: ../../../../../usr/local/lib/android/sdk/platforms/android-35-ext15/data/res/values-lv-rLV: Cannot utime: Operation not permitted
build	Cache Android SDK	2026-06-06T12:23:03.4970557Z /usr/bin/tar: ../../../../../usr/local/lib/android/sdk/platforms/android-35-ext15/data/res/values-lv-rLV: Cannot change mode to rwxr-xr-x: Operation not permitted
build	Cache Android SDK	2026-06-06T12:23:03.4972731Z /usr/bin/tar: ../../../../../usr/local/lib/android/sdk/platforms/android-35-ext15/data/res/values-mcc313-mnc100-lt: Cannot utime: Operation not permitted
build	Cache Android SDK	2026-06-06T12:23:03.4973213Z /usr/bin/tar: ../../../../../usr/local/lib/android/sdk/platforms/android-35-ext15/data/res/values-mcc313-mnc100-lt: Cannot change mode to rwxr-xr-x: Operation not permitted
build	Cache Android SDK	2026-06-06T12:23:03.4975604Z /usr/bin/tar: ../../../../../usr/local/lib/android/sdk/platforms/android-35-ext15/data/res/raw-it: Cannot utime: Operation not permitted
build	Cache Android SDK	2026-06-06T12:23:03.4976021Z /usr/bin/tar: ../../../../../usr/local/lib/android/sdk/platforms/android-35-ext15/data/res/raw-it: Cannot change mode to rwxr-xr-x: Operation not permitted
build	Cache Android SDK	2026-06-06T12:23:03.4978608Z /usr/bin/tar: ../../../../../usr/local/lib/android/sdk/platforms/android-35-ext15/data/res/values-mcc312-mnc670-my: Cannot utime: Operation not permitted
build	Cache Android SDK	2026-06-06T12:23:03.4979091Z /usr/bin/tar: ../../../../../usr/local/lib/android/sdk/platforms/android-35-ext15/data/res/values-mcc312-mnc670-my: Cannot change mode to rwxr-xr-x: Operation not permitted
build	Cache Android SDK	2026-06-06T12:23:03.4982129Z /usr/bin/tar: ../../../../../usr/local/lib/android/sdk/platforms/android-35-ext15/data/res/values-sr-watch: Cannot utime: Operation not permitted
build	Cache Android SDK	2026-06-06T12:23:03.4982593Z /usr/bin/tar: ../../../../../usr/local/lib/android/sdk/platforms/android-35-ext15/data/res/values-sr-watch: Cannot change mode to rwxr-xr-x: Operation not permitted
build	Cache Android SDK	2026-06-06T12:23:03.4985471Z /usr/bin/tar: ../../../../../usr/local/lib/android/sdk/platforms/android-35-ext15/data/res/values-mcc310-mnc660-lv: Cannot utime: Operation not permitted
build	Cache Android SDK	2026-06-06T12:23:03.4986040Z /usr/bin/tar: ../../../../../usr/local/lib/android/sdk/platforms/android-35-ext15/data/res/values-mcc310-mnc660-lv: Cannot change mode to rwxr-xr-x: Operation not permitted
build	Cache Android SDK	2026-06-06T12:23:03.4988729Z /usr/bin/tar: ../../../../../usr/local/lib/android/sdk/platforms/android-35-ext15/data/res/values-mcc001-mnc01-en-rAU: Cannot utime: Operation not permitted
build	Cache Android SDK	2026-06-06T12:23:03.4989216Z /usr/bin/tar: ../../../../../usr/local/lib/android/sdk/platforms/android-35-ext15/data/res/values-mcc001-mnc01-en-rAU: Cannot change mode to rwxr-xr-x: Operation not permitted
build	Cache Android SDK	2026-06-06T12:23:03.4991970Z /usr/bin/tar: ../../../../../usr/local/lib/android/sdk/platforms/android-35-ext15/data/res/values-mcc310-mnc660-mn: Cannot utime: Operation not permitted
build	Cache Android SDK	2026-06-06T12:23:03.4992440Z /usr/bin/tar: ../../../../../usr/local/lib/android/sdk/platforms/android-35-ext15/data/res/values-mcc310-mnc660-mn: Cannot change mode to rwxr-xr-x: Operation not permitted
build	Cache Android SDK	2026-06-06T12:23:03.4994862Z /usr/bin/tar: ../../../../../usr/local/lib/android/sdk/platforms/android-35-ext15/data/res/values-mcc313-mnc100-pt-rPT: Cannot utime: Operation not permitted
build	Cache Android SDK	2026-06-06T12:23:03.4995358Z /usr/bin/tar: ../../../../../usr/local/lib/android/sdk/platforms/android-35-ext15/data/res/values-mcc313-mnc100-pt-rPT: Cannot change mode to rwxr-xr-x: Operation not permitted
build	Cache Android SDK	2026-06-06T12:23:03.4998173Z /usr/bin/tar: ../../../../../usr/local/lib/android/sdk/platforms/android-35-ext15/data/res/values-mcc302-mnc720-et: Cannot utime: Operation not permitted
build	Cache Android SDK	2026-06-06T12:23:03.4998654Z /usr/bin/tar: ../../../../../usr/local/lib/android/sdk/platforms/android-35-ext15/data/res/values-mcc302-mnc720-et: Cannot change mode to rwxr-xr-x: Operation not permitted
build	Cache Android SDK	2026-06-06T12:23:03.5001101Z /usr/bin/tar: ../../../../../usr/local/lib/android/sdk/platforms/android-35-ext15/data/res/values-mcc310-mnc410-zu: Cannot utime: Operation not permitted
build	Cache Android SDK	2026-06-06T12:23:03.5001568Z /usr/bin/tar: ../../../../../usr/local/lib/android/sdk/platforms/android-35-ext15/data/res/values-mcc310-mnc410-zu: Cannot change mode to rwxr-xr-x: Operation not permitted
build	Cache Android SDK	2026-06-06T12:23:03.5008449Z /usr/bin/tar: ../../../../../usr/local/lib/android/sdk/platforms/android-35-ext15/data/res/values-zu: Cannot utime: Operation not permitted
build	Cache Android SDK	2026-06-06T12:23:03.5009026Z /usr/bin/tar: ../../../../../usr/local/lib/android/sdk/platforms/android-35-ext15/data/res/values-zu: Cannot change mode to rwxr-xr-x: Operation not permitted
build	Cache Android SDK	2026-06-06T12:23:03.5010744Z /usr/bin/tar: ../../../../../usr/local/lib/android/sdk/platforms/android-35-ext15/data/res/values-mcc310-mnc150-mk: Cannot utime: Operation not permitted
build	Cache Android SDK	2026-06-06T12:23:03.5011237Z /usr/bin/tar: ../../../../../usr/local/lib/android/sdk/platforms/android-35-ext15/data/res/values-mcc310-mnc150-mk: Cannot change mode to rwxr-xr-x: Operation not permitted
build	Cache Android SDK	2026-06-06T12:23:03.5013378Z /usr/bin/tar: ../../../../../usr/local/lib/android/sdk/platforms/android-35-ext15/data/res/values-mcc310-mnc410-zh-rHK: Cannot utime: Operation not permitted
build	Cache Android SDK	2026-06-06T12:23:03.5013958Z /usr/bin/tar: ../../../../../usr/local/lib/android/sdk/platforms/android-35-ext15/data/res/values-mcc310-mnc410-zh-rHK: Cannot change mode to rwxr-xr-x: Operation not permitted
build	Cache Android SDK	2026-06-06T12:23:03.5016394Z /usr/bin/tar: ../../../../../usr/local/lib/android/sdk/platforms/android-35-ext15/data/res/values-mcc310-mnc280-tl: Cannot utime: Operation not permitted
build	Cache Android SDK	2026-06-06T12:23:03.5016867Z /usr/bin/tar: ../../../../../usr/local/lib/android/sdk/platforms/android-35-ext15/data/res/values-mcc310-mnc280-tl: Cannot change mode to rwxr-xr-x: Operation not permitted
build	Cache Android SDK	2026-06-06T12:23:03.5019493Z /usr/bin/tar: ../../../../../usr/local/lib/android/sdk/platforms/android-35-ext15/data/res/values-mcc310-mnc200-pt-rBR: Cannot utime: Operation not permitted
build	Cache Android SDK	2026-06-06T12:23:03.5019980Z /usr/bin/tar: ../../../../../usr/local/lib/android/sdk/platforms/android-35-ext15/data/res/values-mcc310-mnc200-pt-rBR: Cannot change mode to rwxr-xr-x: Operation not permitted
build	Cache Android SDK	2026-06-06T12:23:03.5022301Z /usr/bin/tar: ../../../../../usr/local/lib/android/sdk/platforms/android-35-ext15/data/res/values-mcc310-mnc410-en-rCA: Cannot utime: Operation not permitted
build	Cache Android SDK	2026-06-06T12:23:03.5022800Z /usr/bin/tar: ../../../../../usr/local/lib/android/sdk/platforms/android-35-ext15/data/res/values-mcc310-mnc410-en-rCA: Cannot change mode to rwxr-xr-x: Operation not permitted
build	Cache Android SDK	2026-06-06T12:23:03.5025204Z /usr/bin/tar: ../../../../../usr/local/lib/android/sdk/platforms/android-35-ext15/data/res/values-mcc310-mnc030-ro: Cannot utime: Operation not permitted
build	Cache Android SDK	2026-06-06T12:23:03.5025754Z /usr/bin/tar: ../../../../../usr/local/lib/android/sdk/platforms/android-35-ext15/data/res/values-mcc310-mnc030-ro: Cannot change mode to rwxr-xr-x: Operation not permitted
build	Cache Android SDK	2026-06-06T12:23:03.5028008Z /usr/bin/tar: ../../../../../usr/local/lib/android/sdk/platforms/android-35-ext15/data/res/values-mcc310-mnc380-ky: Cannot utime: Operation not permitted
build	Cache Android SDK	2026-06-06T12:23:03.5028478Z /usr/bin/tar: ../../../../../usr/local/lib/android/sdk/platforms/android-35-ext15/data/res/values-mcc310-mnc380-ky: Cannot change mode to rwxr-xr-x: Operation not permitted
build	Cache Android SDK	2026-06-06T12:23:03.5030834Z /usr/bin/tar: ../../../../../usr/local/lib/android/sdk/platforms/android-35-ext15/data/res/values-mcc310-mnc800-et: Cannot utime: Operation not permitted
build	Cache Android SDK	2026-06-06T12:23:03.5031304Z /usr/bin/tar: ../../../../../usr/local/lib/android/sdk/platforms/android-35-ext15/data/res/values-mcc310-mnc800-et: Cannot change mode to rwxr-xr-x: Operation not permitted
build	Cache Android SDK	2026-06-06T12:23:03.5038265Z /usr/bin/tar: ../../../../../usr/local/lib/android/sdk/platforms/android-35-ext15/data/res/values-be: Cannot utime: Operation not permitted
build	Cache Android SDK	2026-06-06T12:23:03.5038796Z /usr/bin/tar: ../../../../../usr/local/lib/android/sdk/platforms/android-35-ext15/data/res/values-be: Cannot change mode to rwxr-xr-x: Operation not permitted
build	Cache Android SDK	2026-06-06T12:23:03.5041009Z /usr/bin/tar: ../../../../../usr/local/lib/android/sdk/platforms/android-35-ext15/data/res/values-mcc310-mnc310-el: Cannot utime: Operation not permitted
build	Cache Android SDK	2026-06-06T12:23:03.5041489Z /usr/bin/tar: ../../../../../usr/local/lib/android/sdk/platforms/android-35-ext15/data/res/values-mcc310-mnc310-el: Cannot change mode to rwxr-xr-x: Operation not permitted
build	Cache Android SDK	2026-06-06T12:23:03.5044692Z /usr/bin/tar: ../../../../../usr/local/lib/android/sdk/platforms/android-35-ext15/data/res/values-mcc310-mnc490-ta: Cannot utime: Operation not permitted
build	Cache Android SDK	2026-06-06T12:23:03.5045158Z /usr/bin/tar: ../../../../../usr/local/lib/android/sdk/platforms/android-35-ext15/data/res/values-mcc310-mnc490-ta: Cannot change mode to rwxr-xr-x: Operation not permitted
build	Cache Android SDK	2026-06-06T12:23:03.5048139Z /usr/bin/tar: ../../../../../usr/local/lib/android/sdk/platforms/android-35-ext15/data/res/values-mcc310-mnc310-hu: Cannot utime: Operation not permitted
build	Cache Android SDK	2026-06-06T12:23:03.5048618Z /usr/bin/tar: ../../../../../usr/local/lib/android/sdk/platforms/android-35-ext15/data/res/values-mcc310-mnc310-hu: Cannot change mode to rwxr-xr-x: Operation not permitted
build	Cache Android SDK	2026-06-06T12:23:03.5051210Z /usr/bin/tar: ../../../../../usr/local/lib/android/sdk/platforms/android-35-ext15/data/res/values-mcc310-mnc800-ko: Cannot utime: Operation not permitted
build	Cache Android SDK	2026-06-06T12:23:03.5051785Z /usr/bin/tar: ../../../../../usr/local/lib/android/sdk/platforms/android-35-ext15/data/res/values-mcc310-mnc800-ko: Cannot change mode to rwxr-xr-x: Operation not permitted
build	Cache Android SDK	2026-06-06T12:23:03.5054334Z /usr/bin/tar: ../../../../../usr/local/lib/android/sdk/platforms/android-35-ext15/data/res/values-mcc311-mnc180-km: Cannot utime: Operation not permitted
build	Cache Android SDK	2026-06-06T12:23:03.5054814Z /usr/bin/tar: ../../../../../usr/local/lib/android/sdk/platforms/android-35-ext15/data/res/values-mcc311-mnc180-km: Cannot change mode to rwxr-xr-x: Operation not permitted
build	Cache Android SDK	2026-06-06T12:23:03.5058266Z /usr/bin/tar: ../../../../../usr/local/lib/android/sdk/platforms/android-35-ext15/data/res/values-mcc310-mnc660-az: Cannot utime: Operation not permitted
build	Cache Android SDK	2026-06-06T12:23:03.5058865Z /usr/bin/tar: ../../../../../usr/local/lib/android/sdk/platforms/android-35-ext15/data/res/values-mcc310-mnc660-az: Cannot change mode to rwxr-xr-x: Operation not permitted
build	Cache Android SDK	2026-06-06T12:23:03.5061071Z /usr/bin/tar: ../../../../../usr/local/lib/android/sdk/platforms/android-35-ext15/data/res/values-mcc310-mnc210-zh-rHK: Cannot utime: Operation not permitted
build	Cache Android SDK	2026-06-06T12:23:03.5061583Z /usr/bin/tar: ../../../../../usr/local/lib/android/sdk/platforms/android-35-ext15/data/res/values-mcc310-mnc210-zh-rHK: Cannot change mode to rwxr-xr-x: Operation not permitted
build	Cache Android SDK	2026-06-06T12:23:03.5063575Z /usr/bin/tar: ../../../../../usr/local/lib/android/sdk/platforms/android-35-ext15/data/res/values-ja-watch: Cannot utime: Operation not permitted
build	Cache Android SDK	2026-06-06T12:23:03.5064032Z /usr/bin/tar: ../../../../../usr/local/lib/android/sdk/platforms/android-35-ext15/data/res/values-ja-watch: Cannot change mode to rwxr-xr-x: Operation not permitted
build	Cache Android SDK	2026-06-06T12:23:03.5067090Z /usr/bin/tar: ../../../../../usr/local/lib/android/sdk/platforms/android-35-ext15/data/res/values-mcc312-mnc670-zh-rCN: Cannot utime: Operation not permitted
build	Cache Android SDK	2026-06-06T12:23:03.5067777Z /usr/bin/tar: ../../../../../usr/local/lib/android/sdk/platforms/android-35-ext15/data/res/values-mcc312-mnc670-zh-rCN: Cannot change mode to rwxr-xr-x: Operation not permitted
build	Cache Android SDK	2026-06-06T12:23:03.5069876Z /usr/bin/tar: ../../../../../usr/local/lib/android/sdk/platforms/android-35-ext15/data/res/values-mcc302-mnc370-en-rXC: Cannot utime: Operation not permitted
build	Cache Android SDK	2026-06-06T12:23:03.5070361Z /usr/bin/tar: ../../../../../usr/local/lib/android/sdk/platforms/android-35-ext15/data/res/values-mcc302-mnc370-en-rXC: Cannot change mode to rwxr-xr-x: Operation not permitted
build	Cache Android SDK	2026-06-06T12:23:03.5072889Z /usr/bin/tar: ../../../../../usr/local/lib/android/sdk/platforms/android-35-ext15/data/res/values-mcc310-mnc160-kn: Cannot utime: Operation not permitted
build	Cache Android SDK	2026-06-06T12:23:03.5073360Z /usr/bin/tar: ../../../../../usr/local/lib/android/sdk/platforms/android-35-ext15/data/res/values-mcc310-mnc160-kn: Cannot change mode to rwxr-xr-x: Operation not permitted
build	Cache Android SDK	2026-06-06T12:23:03.5076452Z /usr/bin/tar: ../../../../../usr/local/lib/android/sdk/platforms/android-35-ext15/data/res/values-mcc310-mnc170-th: Cannot utime: Operation not permitted
build	Cache Android SDK	2026-06-06T12:23:03.5077003Z /usr/bin/tar: ../../../../../usr/local/lib/android/sdk/platforms/android-35-ext15/data/res/values-mcc310-mnc170-th: Cannot change mode to rwxr-xr-x: Operation not permitted
build	Cache Android SDK	2026-06-06T12:23:03.5083771Z /usr/bin/tar: ../../../../../usr/local/lib/android/sdk/platforms/android-35-ext15/data/res/values-en-rCA: Cannot utime: Operation not permitted
build	Cache Android SDK	2026-06-06T12:23:03.5084235Z /usr/bin/tar: ../../../../../usr/local/lib/android/sdk/platforms/android-35-ext15/data/res/values-en-rCA: Cannot change mode to rwxr-xr-x: Operation not permitted
build	Cache Android SDK	2026-06-06T12:23:03.5086676Z /usr/bin/tar: ../../../../../usr/local/lib/android/sdk/platforms/android-35-ext15/data/res/values-mcc310-mnc490-vi: Cannot utime: Operation not permitted
build	Cache Android SDK	2026-06-06T12:23:03.5087151Z /usr/bin/tar: ../../../../../usr/local/lib/android/sdk/platforms/android-35-ext15/data/res/values-mcc310-mnc490-vi: Cannot change mode to rwxr-xr-x: Operation not permitted
build	Cache Android SDK	2026-06-06T12:23:03.5091579Z /usr/bin/tar: ../../../../../usr/local/lib/android/sdk/platforms/android-35-ext15/data/res/values-mcc310-mnc210-eu: Cannot utime: Operation not permitted
build	Cache Android SDK	2026-06-06T12:23:03.5092060Z /usr/bin/tar: ../../../../../usr/local/lib/android/sdk/platforms/android-35-ext15/data/res/values-mcc310-mnc210-eu: Cannot change mode to rwxr-xr-x: Operation not permitted
build	Cache Android SDK	2026-06-06T12:23:03.5094865Z /usr/bin/tar: ../../../../../usr/local/lib/android/sdk/platforms/android-35-ext15/data/res/values-mcc312-mnc670-si: Cannot utime: Operation not permitted
build	Cache Android SDK	2026-06-06T12:23:03.5095332Z /usr/bin/tar: ../../../../../usr/local/lib/android/sdk/platforms/android-35-ext15/data/res/values-mcc312-mnc670-si: Cannot change mode to rwxr-xr-x: Operation not permitted
build	Cache Android SDK	2026-06-06T12:23:03.5098446Z /usr/bin/tar: ../../../../../usr/local/lib/android/sdk/platforms/android-35-ext15/data/res/mipmap-mdpi: Cannot utime: Operation not permitted
build	Cache Android SDK	2026-06-06T12:23:03.5098889Z /usr/bin/tar: ../../../../../usr/local/lib/android/sdk/platforms/android-35-ext15/data/res/mipmap-mdpi: Cannot change mode to rwxr-xr-x: Operation not permitted
build	Cache Android SDK	2026-06-06T12:23:03.5101542Z /usr/bin/tar: ../../../../../usr/local/lib/android/sdk/platforms/android-35-ext15/data/res/values-mcc310-mnc170-is: Cannot utime: Operation not permitted
build	Cache Android SDK	2026-06-06T12:23:03.5102019Z /usr/bin/tar: ../../../../../usr/local/lib/android/sdk/platforms/android-35-ext15/data/res/values-mcc310-mnc170-is: Cannot change mode to rwxr-xr-x: Operation not permitted
build	Cache Android SDK	2026-06-06T12:23:03.5104579Z /usr/bin/tar: ../../../../../usr/local/lib/android/sdk/platforms/android-35-ext15/data/res/values-mcc310-mnc950-et: Cannot utime: Operation not permitted
build	Cache Android SDK	2026-06-06T12:23:03.5105043Z /usr/bin/tar: ../../../../../usr/local/lib/android/sdk/platforms/android-35-ext15/data/res/values-mcc310-mnc950-et: Cannot change mode to rwxr-xr-x: Operation not permitted
build	Cache Android SDK	2026-06-06T12:23:03.5107792Z /usr/bin/tar: ../../../../../usr/local/lib/android/sdk/platforms/android-35-ext15/data/res/values-mcc310-mnc200-gu: Cannot utime: Operation not permitted
build	Cache Android SDK	2026-06-06T12:23:03.5108279Z /usr/bin/tar: ../../../../../usr/local/lib/android/sdk/platforms/android-35-ext15/data/res/values-mcc310-mnc200-gu: Cannot change mode to rwxr-xr-x: Operation not permitted
build	Cache Android SDK	2026-06-06T12:23:03.5111277Z /usr/bin/tar: ../../../../../usr/local/lib/android/sdk/platforms/android-35-ext15/data/res/values-mcc313-mnc100-ar: Cannot utime: Operation not permitted
build	Cache Android SDK	2026-06-06T12:23:03.5111758Z /usr/bin/tar: ../../../../../usr/local/lib/android/sdk/platforms/android-35-ext15/data/res/values-mcc313-mnc100-ar: Cannot change mode to rwxr-xr-x: Operation not permitted
build	Cache Android SDK	2026-06-06T12:23:03.5114107Z /usr/bin/tar: ../../../../../usr/local/lib/android/sdk/platforms/android-35-ext15/data/res/values-mcc001-mnc01-nl: Cannot utime: Operation not permitted
build	Cache Android SDK	2026-06-06T12:23:03.5114575Z /usr/bin/tar: ../../../../../usr/local/lib/android/sdk/platforms/android-35-ext15/data/res/values-mcc001-mnc01-nl: Cannot change mode to rwxr-xr-x: Operation not permitted
build	Cache Android SDK	2026-06-06T12:23:03.5117105Z /usr/bin/tar: ../../../../../usr/local/lib/android/sdk/platforms/android-35-ext15/data/res/values-mcc310-mnc270-pt-rBR: Cannot utime: Operation not permitted
build	Cache Android SDK	2026-06-06T12:23:03.5117992Z /usr/bin/tar: ../../../../../usr/local/lib/android/sdk/platforms/android-35-ext15/data/res/values-mcc310-mnc270-pt-rBR: Cannot change mode to rwxr-xr-x: Operation not permitted
build	Cache Android SDK	2026-06-06T12:23:03.5119959Z /usr/bin/tar: ../../../../../usr/local/lib/android/sdk/platforms/android-35-ext15/data/res/values-mcc310-mnc410-nb: Cannot utime: Operation not permitted
build	Cache Android SDK	2026-06-06T12:23:03.5120449Z /usr/bin/tar: ../../../../../usr/local/lib/android/sdk/platforms/android-35-ext15/data/res/values-mcc310-mnc410-nb: Cannot change mode to rwxr-xr-x: Operation not permitted
build	Cache Android SDK	2026-06-06T12:23:03.5122554Z /usr/bin/tar: ../../../../../usr/local/lib/android/sdk/platforms/android-35-ext15/data/res/values-iw-television: Cannot utime: Operation not permitted
build	Cache Android SDK	2026-06-06T12:23:03.5123026Z /usr/bin/tar: ../../../../../usr/local/lib/android/sdk/platforms/android-35-ext15/data/res/values-iw-television: Cannot change mode to rwxr-xr-x: Operation not permitted
build	Cache Android SDK	2026-06-06T12:23:03.5126065Z /usr/bin/tar: ../../../../../usr/local/lib/android/sdk/platforms/android-35-ext15/data/res/values-mcc334-mnc020-da: Cannot utime: Operation not permitted
build	Cache Android SDK	2026-06-06T12:23:03.5126883Z /usr/bin/tar: ../../../../../usr/local/lib/android/sdk/platforms/android-35-ext15/data/res/values-mcc334-mnc020-da: Cannot change mode to rwxr-xr-x: Operation not permitted
build	Cache Android SDK	2026-06-06T12:23:03.5128873Z /usr/bin/tar: ../../../../../usr/local/lib/android/sdk/platforms/android-35-ext15/data/res/values-mcc001-mnc01-zh-rHK: Cannot utime: Operation not permitted
build	Cache Android SDK	2026-06-06T12:23:03.5129367Z /usr/bin/tar: ../../../../../usr/local/lib/android/sdk/platforms/android-35-ext15/data/res/values-mcc001-mnc01-zh-rHK: Cannot change mode to rwxr-xr-x: Operation not permitted
build	Cache Android SDK	2026-06-06T12:23:03.5132024Z /usr/bin/tar: ../../../../../usr/local/lib/android/sdk/platforms/android-35-ext15/data/res/values-mcc310-mnc270-ar: Cannot utime: Operation not permitted
build	Cache Android SDK	2026-06-06T12:23:03.5132522Z /usr/bin/tar: ../../../../../usr/local/lib/android/sdk/platforms/android-35-ext15/data/res/values-mcc310-mnc270-ar: Cannot change mode to rwxr-xr-x: Operation not permitted
build	Cache Android SDK	2026-06-06T12:23:03.5134864Z /usr/bin/tar: ../../../../../usr/local/lib/android/sdk/platforms/android-35-ext15/data/res/values-mcc001-mnc01-tr: Cannot utime: Operation not permitted
build	Cache Android SDK	2026-06-06T12:23:03.5135436Z /usr/bin/tar: ../../../../../usr/local/lib/android/sdk/platforms/android-35-ext15/data/res/values-mcc001-mnc01-tr: Cannot change mode to rwxr-xr-x: Operation not permitted
build	Cache Android SDK	2026-06-06T12:23:03.5137970Z /usr/bin/tar: ../../../../../usr/local/lib/android/sdk/platforms/android-35-ext15/data/res/values-mcc310-mnc030-mn: Cannot utime: Operation not permitted
build	Cache Android SDK	2026-06-06T12:23:03.5138443Z /usr/bin/tar: ../../../../../usr/local/lib/android/sdk/platforms/android-35-ext15/data/res/values-mcc310-mnc030-mn: Cannot change mode to rwxr-xr-x: Operation not permitted
build	Cache Android SDK	2026-06-06T12:23:03.5141819Z /usr/bin/tar: ../../../../../usr/local/lib/android/sdk/platforms/android-35-ext15/data/res/values-mcc302-mnc720-en-rXC: Cannot utime: Operation not permitted
build	Cache Android SDK	2026-06-06T12:23:03.5142323Z /usr/bin/tar: ../../../../../usr/local/lib/android/sdk/platforms/android-35-ext15/data/res/values-mcc302-mnc720-en-rXC: Cannot change mode to rwxr-xr-x: Operation not permitted
build	Cache Android SDK	2026-06-06T12:23:03.5144673Z /usr/bin/tar: ../../../../../usr/local/lib/android/sdk/platforms/android-35-ext15/data/res/values-mcc310-mnc160-nb: Cannot utime: Operation not permitted
build	Cache Android SDK	2026-06-06T12:23:03.5145310Z /usr/bin/tar: ../../../../../usr/local/lib/android/sdk/platforms/android-35-ext15/data/res/values-mcc310-mnc160-nb: Cannot change mode to rwxr-xr-x: Operation not permitted
build	Cache Android SDK	2026-06-06T12:23:03.5148302Z /usr/bin/tar: ../../../../../usr/local/lib/android/sdk/platforms/android-35-ext15/data/res/values-mcc310-mnc150-da: Cannot utime: Operation not permitted
build	Cache Android SDK	2026-06-06T12:23:03.5148787Z /usr/bin/tar: ../../../../../usr/local/lib/android/sdk/platforms/android-35-ext15/data/res/values-mcc310-mnc150-da: Cannot change mode to rwxr-xr-x: Operation not permitted
build	Cache Android SDK	2026-06-06T12:23:03.5151605Z /usr/bin/tar: ../../../../../usr/local/lib/android/sdk/platforms/android-35-ext15/data/res/values-mcc310-mnc800-en-rGB: Cannot utime: Operation not permitted
build	Cache Android SDK	2026-06-06T12:23:03.5152119Z /usr/bin/tar: ../../../../../usr/local/lib/android/sdk/platforms/android-35-ext15/data/res/values-mcc310-mnc800-en-rGB: Cannot change mode to rwxr-xr-x: Operation not permitted
build	Cache Android SDK	2026-06-06T12:23:03.5154968Z /usr/bin/tar: ../../../../../usr/local/lib/android/sdk/platforms/android-35-ext15/data/res/values-mcc310-mnc170-bn: Cannot utime: Operation not permitted
build	Cache Android SDK	2026-06-06T12:23:03.5155447Z /usr/bin/tar: ../../../../../usr/local/lib/android/sdk/platforms/android-35-ext15/data/res/values-mcc310-mnc170-bn: Cannot change mode to rwxr-xr-x: Operation not permitted
build	Cache Android SDK	2026-06-06T12:23:03.5158104Z /usr/bin/tar: ../../../../../usr/local/lib/android/sdk/platforms/android-35-ext15/data/res/values-mcc310-mnc150-zh-rHK: Cannot utime: Operation not permitted
build	Cache Android SDK	2026-06-06T12:23:03.5158703Z /usr/bin/tar: ../../../../../usr/local/lib/android/sdk/platforms/android-35-ext15/data/res/values-mcc310-mnc150-zh-rHK: Cannot change mode to rwxr-xr-x: Operation not permitted
build	Cache Android SDK	2026-06-06T12:23:03.5161112Z /usr/bin/tar: ../../../../../usr/local/lib/android/sdk/platforms/android-35-ext15/data/res/values-de-television: Cannot utime: Operation not permitted
build	Cache Android SDK	2026-06-06T12:23:03.5161595Z /usr/bin/tar: ../../../../../usr/local/lib/android/sdk/platforms/android-35-ext15/data/res/values-de-television: Cannot change mode to rwxr-xr-x: Operation not permitted
build	Cache Android SDK	2026-06-06T12:23:03.5164133Z /usr/bin/tar: ../../../../../usr/local/lib/android/sdk/platforms/android-35-ext15/data/res/values-mcc310-mnc230-da: Cannot utime: Operation not permitted
build	Cache Android SDK	2026-06-06T12:23:03.5164611Z /usr/bin/tar: ../../../../../usr/local/lib/android/sdk/platforms/android-35-ext15/data/res/values-mcc310-mnc230-da: Cannot change mode to rwxr-xr-x: Operation not permitted
build	Cache Android SDK	2026-06-06T12:23:03.5167181Z /usr/bin/tar: ../../../../../usr/local/lib/android/sdk/platforms/android-35-ext15/data/res/values-mcc302-mnc370-af: Cannot utime: Operation not permitted
build	Cache Android SDK	2026-06-06T12:23:03.5167986Z /usr/bin/tar: ../../../../../usr/local/lib/android/sdk/platforms/android-35-ext15/data/res/values-mcc302-mnc370-af: Cannot change mode to rwxr-xr-x: Operation not permitted
build	Cache Android SDK	2026-06-06T12:23:03.5170206Z /usr/bin/tar: ../../../../../usr/local/lib/android/sdk/platforms/android-35-ext15/data/res/values-mcc310-mnc800-th: Cannot utime: Operation not permitted
build	Cache Android SDK	2026-06-06T12:23:03.5170675Z /usr/bin/tar: ../../../../../usr/local/lib/android/sdk/platforms/android-35-ext15/data/res/values-mcc310-mnc800-th: Cannot change mode to rwxr-xr-x: Operation not permitted
build	Cache Android SDK	2026-06-06T12:23:03.5173164Z /usr/bin/tar: ../../../../../usr/local/lib/android/sdk/platforms/android-35-ext15/data/res/values-mcc310-mnc490-lo: Cannot utime: Operation not permitted
build	Cache Android SDK	2026-06-06T12:23:03.5173653Z /usr/bin/tar: ../../../../../usr/local/lib/android/sdk/platforms/android-35-ext15/data/res/values-mcc310-mnc490-lo: Cannot change mode to rwxr-xr-x: Operation not permitted
build	Cache Android SDK	2026-06-06T12:23:03.5176511Z /usr/bin/tar: ../../../../../usr/local/lib/android/sdk/platforms/android-35-ext15/data/res/values-mcc310-mnc950-sq: Cannot utime: Operation not permitted
build	Cache Android SDK	2026-06-06T12:23:03.5176990Z /usr/bin/tar: ../../../../../usr/local/lib/android/sdk/platforms/android-35-ext15/data/res/values-mcc310-mnc950-sq: Cannot change mode to rwxr-xr-x: Operation not permitted
build	Cache Android SDK	2026-06-06T12:23:03.5179458Z /usr/bin/tar: ../../../../../usr/local/lib/android/sdk/platforms/android-35-ext15/data/res/values-fa-watch: Cannot utime: Operation not permitted
build	Cache Android SDK	2026-06-06T12:23:03.5179902Z /usr/bin/tar: ../../../../../usr/local/lib/android/sdk/platforms/android-35-ext15/data/res/values-fa-watch: Cannot change mode to rwxr-xr-x: Operation not permitted
build	Cache Android SDK	2026-06-06T12:23:03.5182464Z /usr/bin/tar: ../../../../../usr/local/lib/android/sdk/platforms/android-35-ext15/data/res/values-mcc310-mnc170-sw: Cannot utime: Operation not permitted
build	Cache Android SDK	2026-06-06T12:23:03.5183014Z /usr/bin/tar: ../../../../../usr/local/lib/android/sdk/platforms/android-35-ext15/data/res/values-mcc310-mnc170-sw: Cannot change mode to rwxr-xr-x: Operation not permitted
build	Cache Android SDK	2026-06-06T12:23:03.5185029Z /usr/bin/tar: ../../../../../usr/local/lib/android/sdk/platforms/android-35-ext15/data/res/values-mcc310-mnc250-sr: Cannot utime: Operation not permitted
build	Cache Android SDK	2026-06-06T12:23:03.5185505Z /usr/bin/tar: ../../../../../usr/local/lib/android/sdk/platforms/android-35-ext15/data/res/values-mcc310-mnc250-sr: Cannot change mode to rwxr-xr-x: Operation not permitted
build	Cache Android SDK	2026-06-06T12:23:03.5188627Z /usr/bin/tar: ../../../../../usr/local/lib/android/sdk/platforms/android-35-ext15/data/res/values-mcc311-mnc180-hr: Cannot utime: Operation not permitted
build	Cache Android SDK	2026-06-06T12:23:03.5189104Z /usr/bin/tar: ../../../../../usr/local/lib/android/sdk/platforms/android-35-ext15/data/res/values-mcc311-mnc180-hr: Cannot change mode to rwxr-xr-x: Operation not permitted
build	Cache Android SDK	2026-06-06T12:23:03.5191509Z /usr/bin/tar: ../../../../../usr/local/lib/android/sdk/platforms/android-35-ext15/data/res/values-mcc310-mnc560-da: Cannot utime: Operation not permitted
build	Cache Android SDK	2026-06-06T12:23:03.5191986Z /usr/bin/tar: ../../../../../usr/local/lib/android/sdk/platforms/android-35-ext15/data/res/values-mcc310-mnc560-da: Cannot change mode to rwxr-xr-x: Operation not permitted
build	Cache Android SDK	2026-06-06T12:23:03.5194640Z /usr/bin/tar: ../../../../../usr/local/lib/android/sdk/platforms/android-35-ext15/data/res/values-af-television: Cannot utime: Operation not permitted
build	Cache Android SDK	2026-06-06T12:23:03.5195120Z /usr/bin/tar: ../../../../../usr/local/lib/android/sdk/platforms/android-35-ext15/data/res/values-af-television: Cannot change mode to rwxr-xr-x: Operation not permitted
build	Cache Android SDK	2026-06-06T12:23:03.5201362Z /usr/bin/tar: ../../../../../usr/local/lib/android/sdk/platforms/android-35-ext15/data/res/values-tr: Cannot utime: Operation not permitted
build	Cache Android SDK	2026-06-06T12:23:03.5201804Z /usr/bin/tar: ../../../../../usr/local/lib/android/sdk/platforms/android-35-ext15/data/res/values-tr: Cannot change mode to rwxr-xr-x: Operation not permitted
build	Cache Android SDK	2026-06-06T12:23:03.5204489Z /usr/bin/tar: ../../../../../usr/local/lib/android/sdk/platforms/android-35-ext15/data/res/values-mcc232: Cannot utime: Operation not permitted
build	Cache Android SDK	2026-06-06T12:23:03.5204930Z /usr/bin/tar: ../../../../../usr/local/lib/android/sdk/platforms/android-35-ext15/data/res/values-mcc232: Cannot change mode to rwxr-xr-x: Operation not permitted
build	Cache Android SDK	2026-06-06T12:23:03.5207330Z /usr/bin/tar: ../../../../../usr/local/lib/android/sdk/platforms/android-35-ext15/data/res/values-mcc310-mnc950-ca: Cannot utime: Operation not permitted
build	Cache Android SDK	2026-06-06T12:23:03.5207985Z /usr/bin/tar: ../../../../../usr/local/lib/android/sdk/platforms/android-35-ext15/data/res/values-mcc310-mnc950-ca: Cannot change mode to rwxr-xr-x: Operation not permitted
build	Cache Android SDK	2026-06-06T12:23:03.5210326Z /usr/bin/tar: ../../../../../usr/local/lib/android/sdk/platforms/android-35-ext15/data/res/values-mcc001-mnc01-zh-rTW: Cannot utime: Operation not permitted
build	Cache Android SDK	2026-06-06T12:23:03.5210835Z /usr/bin/tar: ../../../../../usr/local/lib/android/sdk/platforms/android-35-ext15/data/res/values-mcc001-mnc01-zh-rTW: Cannot change mode to rwxr-xr-x: Operation not permitted
build	Cache Android SDK	2026-06-06T12:23:03.5213352Z /usr/bin/tar: ../../../../../usr/local/lib/android/sdk/platforms/android-35-ext15/data/res/values-mcc310-mnc410-bg: Cannot utime: Operation not permitted
build	Cache Android SDK	2026-06-06T12:23:03.5213833Z /usr/bin/tar: ../../../../../usr/local/lib/android/sdk/platforms/android-35-ext15/data/res/values-mcc310-mnc410-bg: Cannot change mode to rwxr-xr-x: Operation not permitted
build	Cache Android SDK	2026-06-06T12:23:03.5216456Z /usr/bin/tar: ../../../../../usr/local/lib/android/sdk/platforms/android-35-ext15/data/res/values-mcc310-mnc270-be: Cannot utime: Operation not permitted
build	Cache Android SDK	2026-06-06T12:23:03.5216926Z /usr/bin/tar: ../../../../../usr/local/lib/android/sdk/platforms/android-35-ext15/data/res/values-mcc310-mnc270-be: Cannot change mode to rwxr-xr-x: Operation not permitted
build	Cache Android SDK	2026-06-06T12:23:03.5219408Z /usr/bin/tar: ../../../../../usr/local/lib/android/sdk/platforms/android-35-ext15/data/res/values-mcc302-mnc370-ar: Cannot utime: Operation not permitted
build	Cache Android SDK	2026-06-06T12:23:03.5219958Z /usr/bin/tar: ../../../../../usr/local/lib/android/sdk/platforms/android-35-ext15/data/res/values-mcc302-mnc370-ar: Cannot change mode to rwxr-xr-x: Operation not permitted
build	Cache Android SDK	2026-06-06T12:23:03.5222572Z /usr/bin/tar: ../../../../../usr/local/lib/android/sdk/platforms/android-35-ext15/data/res/values-mcc310-mnc250-lv: Cannot utime: Operation not permitted
build	Cache Android SDK	2026-06-06T12:23:03.5223053Z /usr/bin/tar: ../../../../../usr/local/lib/android/sdk/platforms/android-35-ext15/data/res/values-mcc310-mnc250-lv: Cannot change mode to rwxr-xr-x: Operation not permitted
build	Cache Android SDK	2026-06-06T12:23:03.5225711Z /usr/bin/tar: ../../../../../usr/local/lib/android/sdk/platforms/android-35-ext15/data/res/values-mcc310-mnc230-th: Cannot utime: Operation not permitted
build	Cache Android SDK	2026-06-06T12:23:03.5226177Z /usr/bin/tar: ../../../../../usr/local/lib/android/sdk/platforms/android-35-ext15/data/res/values-mcc310-mnc230-th: Cannot change mode to rwxr-xr-x: Operation not permitted
build	Cache Android SDK	2026-06-06T12:23:03.5229116Z /usr/bin/tar: ../../../../../usr/local/lib/android/sdk/platforms/android-35-ext15/data/res/values-mcc286: Cannot utime: Operation not permitted
build	Cache Android SDK	2026-06-06T12:23:03.5229559Z /usr/bin/tar: ../../../../../usr/local/lib/android/sdk/platforms/android-35-ext15/data/res/values-mcc286: Cannot change mode to rwxr-xr-x: Operation not permitted
build	Cache Android SDK	2026-06-06T12:23:03.5231939Z /usr/bin/tar: ../../../../../usr/local/lib/android/sdk/platforms/android-35-ext15/data/res/values-mcc310-mnc250-uz: Cannot utime: Operation not permitted
build	Cache Android SDK	2026-06-06T12:23:03.5232412Z /usr/bin/tar: ../../../../../usr/local/lib/android/sdk/platforms/android-35-ext15/data/res/values-mcc310-mnc250-uz: Cannot change mode to rwxr-xr-x: Operation not permitted
build	Cache Android SDK	2026-06-06T12:23:03.5235323Z /usr/bin/tar: ../../../../../usr/local/lib/android/sdk/platforms/android-35-ext15/data/res/values-mcc310-mnc240-eu: Cannot utime: Operation not permitted
build	Cache Android SDK	2026-06-06T12:23:03.5235800Z /usr/bin/tar: ../../../../../usr/local/lib/android/sdk/platforms/android-35-ext15/data/res/values-mcc310-mnc240-eu: Cannot change mode to rwxr-xr-x: Operation not permitted
build	Cache Android SDK	2026-06-06T12:23:03.5238453Z /usr/bin/tar: ../../../../../usr/local/lib/android/sdk/platforms/android-35-ext15/data/res/values-mcc310-mnc280-km: Cannot utime: Operation not permitted
build	Cache Android SDK	2026-06-06T12:23:03.5239011Z /usr/bin/tar: ../../../../../usr/local/lib/android/sdk/platforms/android-35-ext15/data/res/values-mcc310-mnc280-km: Cannot change mode to rwxr-xr-x: Operation not permitted
build	Cache Android SDK	2026-06-06T12:23:03.5244044Z /usr/bin/tar: ../../../../../usr/local/lib/android/sdk/platforms/android-35-ext15/data/res/values-mcc310-mnc150-et: Cannot utime: Operation not permitted
build	Cache Android SDK	2026-06-06T12:23:03.5244528Z /usr/bin/tar: ../../../../../usr/local/lib/android/sdk/platforms/android-35-ext15/data/res/values-mcc310-mnc150-et: Cannot change mode to rwxr-xr-x: Operation not permitted
build	Cache Android SDK	2026-06-06T12:23:03.5245519Z /usr/bin/tar: ../../../../../usr/local/lib/android/sdk/platforms/android-35-ext15/data/res/values-mcc310-mnc800-tl: Cannot utime: Operation not permitted
build	Cache Android SDK	2026-06-06T12:23:03.5245992Z /usr/bin/tar: ../../../../../usr/local/lib/android/sdk/platforms/android-35-ext15/data/res/values-mcc310-mnc800-tl: Cannot change mode to rwxr-xr-x: Operation not permitted
build	Cache Android SDK	2026-06-06T12:23:03.5249137Z /usr/bin/tar: ../../../../../usr/local/lib/android/sdk/platforms/android-35-ext15/data/res/values-mcc312-mnc670-bn: Cannot utime: Operation not permitted
build	Cache Android SDK	2026-06-06T12:23:03.5249769Z /usr/bin/tar: ../../../../../usr/local/lib/android/sdk/platforms/android-35-ext15/data/res/values-mcc312-mnc670-bn: Cannot change mode to rwxr-xr-x: Operation not permitted
build	Cache Android SDK	2026-06-06T12:23:03.5252442Z /usr/bin/tar: ../../../../../usr/local/lib/android/sdk/platforms/android-35-ext15/data/res/values-mcc234-mnc91: Cannot utime: Operation not permitted
build	Cache Android SDK	2026-06-06T12:23:03.5253059Z /usr/bin/tar: ../../../../../usr/local/lib/android/sdk/platforms/android-35-ext15/data/res/values-mcc234-mnc91: Cannot change mode to rwxr-xr-x: Operation not permitted
build	Cache Android SDK	2026-06-06T12:23:03.5256116Z /usr/bin/tar: ../../../../../usr/local/lib/android/sdk/platforms/android-35-ext15/data/res/values-mcc310-mnc210-hu: Cannot utime: Operation not permitted
build	Cache Android SDK	2026-06-06T12:23:03.5256636Z /usr/bin/tar: ../../../../../usr/local/lib/android/sdk/platforms/android-35-ext15/data/res/values-mcc310-mnc210-hu: Cannot change mode to rwxr-xr-x: Operation not permitted
build	Cache Android SDK	2026-06-06T12:23:03.5259356Z /usr/bin/tar: ../../../../../usr/local/lib/android/sdk/platforms/android-35-ext15/data/res/values-mcc310-mnc200-ne: Cannot utime: Operation not permitted
build	Cache Android SDK	2026-06-06T12:23:03.5259825Z /usr/bin/tar: ../../../../../usr/local/lib/android/sdk/platforms/android-35-ext15/data/res/values-mcc310-mnc200-ne: Cannot change mode to rwxr-xr-x: Operation not permitted
build	Cache Android SDK	2026-06-06T12:23:03.5262768Z /usr/bin/tar: ../../../../../usr/local/lib/android/sdk/platforms/android-35-ext15/data/res/values-mcc240-mnc05: Cannot utime: Operation not permitted
build	Cache Android SDK	2026-06-06T12:23:03.5263361Z /usr/bin/tar: ../../../../../usr/local/lib/android/sdk/platforms/android-35-ext15/data/res/values-mcc240-mnc05: Cannot change mode to rwxr-xr-x: Operation not permitted
build	Cache Android SDK	2026-06-06T12:23:03.5266136Z /usr/bin/tar: ../../../../../usr/local/lib/android/sdk/platforms/android-35-ext15/data/res/values-mcc312-mnc670-et: Cannot utime: Operation not permitted
build	Cache Android SDK	2026-06-06T12:23:03.5266603Z /usr/bin/tar: ../../../../../usr/local/lib/android/sdk/platforms/android-35-ext15/data/res/values-mcc312-mnc670-et: Cannot change mode to rwxr-xr-x: Operation not permitted
build	Cache Android SDK	2026-06-06T12:23:03.5269088Z /usr/bin/tar: ../../../../../usr/local/lib/android/sdk/platforms/android-35-ext15/data/res/values-mcc334-mnc020-bn: Cannot utime: Operation not permitted
build	Cache Android SDK	2026-06-06T12:23:03.5269592Z /usr/bin/tar: ../../../../../usr/local/lib/android/sdk/platforms/android-35-ext15/data/res/values-mcc334-mnc020-bn: Cannot change mode to rwxr-xr-x: Operation not permitted
build	Cache Android SDK	2026-06-06T12:23:03.5272004Z /usr/bin/tar: ../../../../../usr/local/lib/android/sdk/platforms/android-35-ext15/data/res/values-sw600dp-w960dp: Cannot utime: Operation not permitted
build	Cache Android SDK	2026-06-06T12:23:03.5272478Z /usr/bin/tar: ../../../../../usr/local/lib/android/sdk/platforms/android-35-ext15/data/res/values-sw600dp-w960dp: Cannot change mode to rwxr-xr-x: Operation not permitted
build	Cache Android SDK	2026-06-06T12:23:03.5275059Z /usr/bin/tar: ../../../../../usr/local/lib/android/sdk/platforms/android-35-ext15/data/res/values-mcc310-mnc660-is: Cannot utime: Operation not permitted
build	Cache Android SDK	2026-06-06T12:23:03.5275617Z /usr/bin/tar: ../../../../../usr/local/lib/android/sdk/platforms/android-35-ext15/data/res/values-mcc310-mnc660-is: Cannot change mode to rwxr-xr-x: Operation not permitted
build	Cache Android SDK	2026-06-06T12:23:03.5279012Z /usr/bin/tar: ../../../../../usr/local/lib/android/sdk/platforms/android-35-ext15/data/res/values-fr-rBE: Cannot utime: Operation not permitted
build	Cache Android SDK	2026-06-06T12:23:03.5279462Z /usr/bin/tar: ../../../../../usr/local/lib/android/sdk/platforms/android-35-ext15/data/res/values-fr-rBE: Cannot change mode to rwxr-xr-x: Operation not permitted
build	Cache Android SDK	2026-06-06T12:23:03.5282098Z /usr/bin/tar: ../../../../../usr/local/lib/android/sdk/platforms/android-35-ext15/data/res/values-mcc312-mnc670-es: Cannot utime: Operation not permitted
build	Cache Android SDK	2026-06-06T12:23:03.5282562Z /usr/bin/tar: ../../../../../usr/local/lib/android/sdk/platforms/android-35-ext15/data/res/values-mcc312-mnc670-es: Cannot change mode to rwxr-xr-x: Operation not permitted
build	Cache Android SDK	2026-06-06T12:23:03.5284958Z /usr/bin/tar: ../../../../../usr/local/lib/android/sdk/platforms/android-35-ext15/data/res/values-mcc310-mnc380-gu: Cannot utime: Operation not permitted
build	Cache Android SDK	2026-06-06T12:23:03.5285508Z /usr/bin/tar: ../../../../../usr/local/lib/android/sdk/platforms/android-35-ext15/data/res/values-mcc310-mnc380-gu: Cannot change mode to rwxr-xr-x: Operation not permitted
build	Cache Android SDK	2026-06-06T12:23:03.5288403Z /usr/bin/tar: ../../../../../usr/local/lib/android/sdk/platforms/android-35-ext15/data/res/values-mcc334-mnc020-uz: Cannot utime: Operation not permitted
build	Cache Android SDK	2026-06-06T12:23:03.5288912Z /usr/bin/tar: ../../../../../usr/local/lib/android/sdk/platforms/android-35-ext15/data/res/values-mcc334-mnc020-uz: Cannot change mode to rwxr-xr-x: Operation not permitted
build	Cache Android SDK	2026-06-06T12:23:03.5291141Z /usr/bin/tar: ../../../../../usr/local/lib/android/sdk/platforms/android-35-ext15/data/res/values-mcc302-mnc720-b+sr+Latn: Cannot utime: Operation not permitted
build	Cache Android SDK	2026-06-06T12:23:03.5291651Z /usr/bin/tar: ../../../../../usr/local/lib/android/sdk/platforms/android-35-ext15/data/res/values-mcc302-mnc720-b+sr+Latn: Cannot change mode to rwxr-xr-x: Operation not permitted
build	Cache Android SDK	2026-06-06T12:23:03.5297177Z /usr/bin/tar: ../../../../../usr/local/lib/android/sdk/platforms/android-35-ext15/data/res/values-af: Cannot utime: Operation not permitted
build	Cache Android SDK	2026-06-06T12:23:03.5298098Z /usr/bin/tar: ../../../../../usr/local/lib/android/sdk/platforms/android-35-ext15/data/res/values-af: Cannot change mode to rwxr-xr-x: Operation not permitted
build	Cache Android SDK	2026-06-06T12:23:03.5300184Z /usr/bin/tar: ../../../../../usr/local/lib/android/sdk/platforms/android-35-ext15/data/res/values-mcc334-mnc020-sk: Cannot utime: Operation not permitted
build	Cache Android SDK	2026-06-06T12:23:03.5300667Z /usr/bin/tar: ../../../../../usr/local/lib/android/sdk/platforms/android-35-ext15/data/res/values-mcc334-mnc020-sk: Cannot change mode to rwxr-xr-x: Operation not permitted
build	Cache Android SDK	2026-06-06T12:23:03.5304316Z /usr/bin/tar: ../../../../../usr/local/lib/android/sdk/platforms/android-35-ext15/data/res/values-mcc312-mnc670-de: Cannot utime: Operation not permitted
build	Cache Android SDK	2026-06-06T12:23:03.5304792Z /usr/bin/tar: ../../../../../usr/local/lib/android/sdk/platforms/android-35-ext15/data/res/values-mcc312-mnc670-de: Cannot change mode to rwxr-xr-x: Operation not permitted
build	Cache Android SDK	2026-06-06T12:23:03.5306179Z /usr/bin/tar: ../../../../../usr/local/lib/android/sdk/platforms/android-35-ext15/data/res/values-mcc310-mnc950-iw: Cannot utime: Operation not permitted
build	Cache Android SDK	2026-06-06T12:23:03.5306644Z /usr/bin/tar: ../../../../../usr/local/lib/android/sdk/platforms/android-35-ext15/data/res/values-mcc310-mnc950-iw: Cannot change mode to rwxr-xr-x: Operation not permitted
build	Cache Android SDK	2026-06-06T12:23:03.5309293Z /usr/bin/tar: ../../../../../usr/local/lib/android/sdk/platforms/android-35-ext15/data/res/values-mcc302-mnc370-de: Cannot utime: Operation not permitted
build	Cache Android SDK	2026-06-06T12:23:03.5309750Z /usr/bin/tar: ../../../../../usr/local/lib/android/sdk/platforms/android-35-ext15/data/res/values-mcc302-mnc370-de: Cannot change mode to rwxr-xr-x: Operation not permitted
build	Cache Android SDK	2026-06-06T12:23:03.5312501Z /usr/bin/tar: ../../../../../usr/local/lib/android/sdk/platforms/android-35-ext15/data/res/values-mcc310-mnc310-be: Cannot utime: Operation not permitted
build	Cache Android SDK	2026-06-06T12:23:03.5312966Z /usr/bin/tar: ../../../../../usr/local/lib/android/sdk/platforms/android-35-ext15/data/res/values-mcc310-mnc310-be: Cannot change mode to rwxr-xr-x: Operation not permitted
build	Cache Android SDK	2026-06-06T12:23:03.5315923Z /usr/bin/tar: ../../../../../usr/local/lib/android/sdk/platforms/android-35-ext15/data/res/values-da-watch: Cannot utime: Operation not permitted
build	Cache Android SDK	2026-06-06T12:23:03.5316427Z /usr/bin/tar: ../../../../../usr/local/lib/android/sdk/platforms/android-35-ext15/data/res/values-da-watch: Cannot change mode to rwxr-xr-x: Operation not permitted
build	Cache Android SDK	2026-06-06T12:23:03.5319303Z /usr/bin/tar: ../../../../../usr/local/lib/android/sdk/platforms/android-35-ext15/data/res/values-mcc312-mnc670-fr-rCA: Cannot utime: Operation not permitted
build	Cache Android SDK	2026-06-06T12:23:03.5319856Z /usr/bin/tar: ../../../../../usr/local/lib/android/sdk/platforms/android-35-ext15/data/res/values-mcc312-mnc670-fr-rCA: Cannot change mode to rwxr-xr-x: Operation not permitted
build	Cache Android SDK	2026-06-06T12:23:03.5322017Z /usr/bin/tar: ../../../../../usr/local/lib/android/sdk/platforms/android-35-ext15/data/res/values-mcc310-mnc410-lt: Cannot utime: Operation not permitted
build	Cache Android SDK	2026-06-06T12:23:03.5322490Z /usr/bin/tar: ../../../../../usr/local/lib/android/sdk/platforms/android-35-ext15/data/res/values-mcc310-mnc410-lt: Cannot change mode to rwxr-xr-x: Operation not permitted
build	Cache Android SDK	2026-06-06T12:23:03.5325544Z /usr/bin/tar: ../../../../../usr/local/lib/android/sdk/platforms/android-35-ext15/data/res/values-mcc311-mnc180-am: Cannot utime: Operation not permitted
build	Cache Android SDK	2026-06-06T12:23:03.5326152Z /usr/bin/tar: ../../../../../usr/local/lib/android/sdk/platforms/android-35-ext15/data/res/values-mcc311-mnc180-am: Cannot change mode to rwxr-xr-x: Operation not permitted
build	Cache Android SDK	2026-06-06T12:23:03.5328744Z /usr/bin/tar: ../../../../../usr/local/lib/android/sdk/platforms/android-35-ext15/data/res/values-mcc310-mnc410-pt-rBR: Cannot utime: Operation not permitted
build	Cache Android SDK	2026-06-06T12:23:03.5329237Z /usr/bin/tar: ../../../../../usr/local/lib/android/sdk/platforms/android-35-ext15/data/res/values-mcc310-mnc410-pt-rBR: Cannot change mode to rwxr-xr-x: Operation not permitted
build	Cache Android SDK	2026-06-06T12:23:03.5332301Z /usr/bin/tar: ../../../../../usr/local/lib/android/sdk/platforms/android-35-ext15/data/res/layout-television: Cannot utime: Operation not permitted
build	Cache Android SDK	2026-06-06T12:23:03.5332760Z /usr/bin/tar: ../../../../../usr/local/lib/android/sdk/platforms/android-35-ext15/data/res/layout-television: Cannot change mode to rwxr-xr-x: Operation not permitted
build	Cache Android SDK	2026-06-06T12:23:03.5335248Z /usr/bin/tar: ../../../../../usr/local/lib/android/sdk/platforms/android-35-ext15/data/res/values-mcc001-mnc01-hy: Cannot utime: Operation not permitted
build	Cache Android SDK	2026-06-06T12:23:03.5338444Z /usr/bin/tar: ../../../../../usr/local/lib/android/sdk/platforms/android-35-ext15/data/res/values-mcc001-mnc01-hy: Cannot change mode to rwxr-xr-x: Operation not permitted
build	Cache Android SDK	2026-06-06T12:23:03.5338863Z /usr/bin/tar: ../../../../../usr/local/lib/android/sdk/platforms/android-35-ext15/data/res/values-mcc310-mnc800-fa: Cannot utime: Operation not permitted
build	Cache Android SDK	2026-06-06T12:23:03.5339330Z /usr/bin/tar: ../../../../../usr/local/lib/android/sdk/platforms/android-35-ext15/data/res/values-mcc310-mnc800-fa: Cannot change mode to rwxr-xr-x: Operation not permitted
build	Cache Android SDK	2026-06-06T12:23:03.5341654Z /usr/bin/tar: ../../../../../usr/local/lib/android/sdk/platforms/android-35-ext15/data/res/values-mcc310-mnc220-ru: Cannot utime: Operation not permitted
build	Cache Android SDK	2026-06-06T12:23:03.5342224Z /usr/bin/tar: ../../../../../usr/local/lib/android/sdk/platforms/android-35-ext15/data/res/values-mcc310-mnc220-ru: Cannot change mode to rwxr-xr-x: Operation not permitted
build	Cache Android SDK	2026-06-06T12:23:03.5344762Z /usr/bin/tar: ../../../../../usr/local/lib/android/sdk/platforms/android-35-ext15/data/res/values-mcc302-mnc370-as: Cannot utime: Operation not permitted
build	Cache Android SDK	2026-06-06T12:23:03.5345229Z /usr/bin/tar: ../../../../../usr/local/lib/android/sdk/platforms/android-35-ext15/data/res/values-mcc302-mnc370-as: Cannot change mode to rwxr-xr-x: Operation not permitted
build	Cache Android SDK	2026-06-06T12:23:03.5352790Z /usr/bin/tar: ../../../../../usr/local/lib/android/sdk/platforms/android-35-ext15/data/res/values-my: Cannot utime: Operation not permitted
build	Cache Android SDK	2026-06-06T12:23:03.5353482Z /usr/bin/tar: ../../../../../usr/local/lib/android/sdk/platforms/android-35-ext15/data/res/values-my: Cannot change mode to rwxr-xr-x: Operation not permitted
build	Cache Android SDK	2026-06-06T12:23:03.5358149Z /usr/bin/tar: ../../../../../usr/local/lib/android/sdk/platforms/android-35-ext15/data/res/values-h480dp: Cannot utime: Operation not permitted
build	Cache Android SDK	2026-06-06T12:23:03.5358915Z /usr/bin/tar: ../../../../../usr/local/lib/android/sdk/platforms/android-35-ext15/data/res/values-h480dp: Cannot change mode to rwxr-xr-x: Operation not permitted
build	Cache Android SDK	2026-06-06T12:23:03.5360303Z /usr/bin/tar: ../../../../../usr/local/lib/android/sdk/platforms/android-35-ext15/data/res/values-mcc310-mnc150-km: Cannot utime: Operation not permitted
build	Cache Android SDK	2026-06-06T12:23:03.5360783Z /usr/bin/tar: ../../../../../usr/local/lib/android/sdk/platforms/android-35-ext15/data/res/values-mcc310-mnc150-km: Cannot change mode to rwxr-xr-x: Operation not permitted
build	Cache Android SDK	2026-06-06T12:23:03.5363422Z /usr/bin/tar: ../../../../../usr/local/lib/android/sdk/platforms/android-35-ext15/data/res/values-mcc310-mnc410-in: Cannot utime: Operation not permitted
build	Cache Android SDK	2026-06-06T12:23:03.5363902Z /usr/bin/tar: ../../../../../usr/local/lib/android/sdk/platforms/android-35-ext15/data/res/values-mcc310-mnc410-in: Cannot change mode to rwxr-xr-x: Operation not permitted
build	Cache Android SDK	2026-06-06T12:23:03.5366134Z /usr/bin/tar: ../../../../../usr/local/lib/android/sdk/platforms/android-35-ext15/data/res/values-mcc310-mnc950: Cannot utime: Operation not permitted
build	Cache Android SDK	2026-06-06T12:23:03.5366692Z /usr/bin/tar: ../../../../../usr/local/lib/android/sdk/platforms/android-35-ext15/data/res/values-mcc310-mnc950: Cannot change mode to rwxr-xr-x: Operation not permitted
build	Cache Android SDK	2026-06-06T12:23:03.5369222Z /usr/bin/tar: ../../../../../usr/local/lib/android/sdk/platforms/android-35-ext15/data/res/values-mcc310-mnc220-mn: Cannot utime: Operation not permitted
build	Cache Android SDK	2026-06-06T12:23:03.5369708Z /usr/bin/tar: ../../../../../usr/local/lib/android/sdk/platforms/android-35-ext15/data/res/values-mcc310-mnc220-mn: Cannot change mode to rwxr-xr-x: Operation not permitted
build	Cache Android SDK	2026-06-06T12:23:03.5372008Z /usr/bin/tar: ../../../../../usr/local/lib/android/sdk/platforms/android-35-ext15/data/res/values-mcc310-mnc950-ml: Cannot utime: Operation not permitted
build	Cache Android SDK	2026-06-06T12:23:03.5372582Z /usr/bin/tar: ../../../../../usr/local/lib/android/sdk/platforms/android-35-ext15/data/res/values-mcc310-mnc950-ml: Cannot change mode to rwxr-xr-x: Operation not permitted
build	Cache Android SDK	2026-06-06T12:23:03.5376149Z /usr/bin/tar: ../../../../../usr/local/lib/android/sdk/platforms/android-35-ext15/data/res/interpolator-watch: Cannot utime: Operation not permitted
build	Cache Android SDK	2026-06-06T12:23:03.5376639Z /usr/bin/tar: ../../../../../usr/local/lib/android/sdk/platforms/android-35-ext15/data/res/interpolator-watch: Cannot change mode to rwxr-xr-x: Operation not permitted
build	Cache Android SDK	2026-06-06T12:23:03.5383407Z /usr/bin/tar: ../../../../../usr/local/lib/android/sdk/platforms/android-35-ext15/data/res/values-lt: Cannot utime: Operation not permitted
build	Cache Android SDK	2026-06-06T12:23:03.5383930Z /usr/bin/tar: ../../../../../usr/local/lib/android/sdk/platforms/android-35-ext15/data/res/values-lt: Cannot change mode to rwxr-xr-x: Operation not permitted
build	Cache Android SDK	2026-06-06T12:23:03.5386743Z /usr/bin/tar: ../../../../../usr/local/lib/android/sdk/platforms/android-35-ext15/data/res/values-mcc310-mnc270-zu: Cannot utime: Operation not permitted
build	Cache Android SDK	2026-06-06T12:23:03.5387494Z /usr/bin/tar: ../../../../../usr/local/lib/android/sdk/platforms/android-35-ext15/data/res/values-mcc310-mnc270-zu: Cannot change mode to rwxr-xr-x: Operation not permitted
build	Cache Android SDK	2026-06-06T12:23:03.5389883Z /usr/bin/tar: ../../../../../usr/local/lib/android/sdk/platforms/android-35-ext15/data/res/values-sr-television: Cannot utime: Operation not permitted
build	Cache Android SDK	2026-06-06T12:23:03.5390628Z /usr/bin/tar: ../../../../../usr/local/lib/android/sdk/platforms/android-35-ext15/data/res/values-sr-television: Cannot change mode to rwxr-xr-x: Operation not permitted
build	Cache Android SDK	2026-06-06T12:23:03.5392887Z /usr/bin/tar: ../../../../../usr/local/lib/android/sdk/platforms/android-35-ext15/data/res/values-mcc312-mnc670-pt-rPT: Cannot utime: Operation not permitted
build	Cache Android SDK	2026-06-06T12:23:03.5393370Z /usr/bin/tar: ../../../../../usr/local/lib/android/sdk/platforms/android-35-ext15/data/res/values-mcc312-mnc670-pt-rPT: Cannot change mode to rwxr-xr-x: Operation not permitted
build	Cache Android SDK	2026-06-06T12:23:03.5395834Z /usr/bin/tar: ../../../../../usr/local/lib/android/sdk/platforms/android-35-ext15/data/res/values-bg-rBG: Cannot utime: Operation not permitted
build	Cache Android SDK	2026-06-06T12:23:03.5396332Z /usr/bin/tar: ../../../../../usr/local/lib/android/sdk/platforms/android-35-ext15/data/res/values-bg-rBG: Cannot change mode to rwxr-xr-x: Operation not permitted
build	Cache Android SDK	2026-06-06T12:23:03.5399499Z /usr/bin/tar: ../../../../../usr/local/lib/android/sdk/platforms/android-35-ext15/data/res/values-mcc310-mnc270-ko: Cannot utime: Operation not permitted
build	Cache Android SDK	2026-06-06T12:23:03.5400078Z /usr/bin/tar: ../../../../../usr/local/lib/android/sdk/platforms/android-35-ext15/data/res/values-mcc310-mnc270-ko: Cannot change mode to rwxr-xr-x: Operation not permitted
build	Cache Android SDK	2026-06-06T12:23:03.5402818Z /usr/bin/tar: ../../../../../usr/local/lib/android/sdk/platforms/android-35-ext15/data/res/values-mcc334-mnc020-nb: Cannot utime: Operation not permitted
build	Cache Android SDK	2026-06-06T12:23:03.5403348Z /usr/bin/tar: ../../../../../usr/local/lib/android/sdk/platforms/android-35-ext15/data/res/values-mcc334-mnc020-nb: Cannot change mode to rwxr-xr-x: Operation not permitted
build	Cache Android SDK	2026-06-06T12:23:03.5405724Z /usr/bin/tar: ../../../../../usr/local/lib/android/sdk/platforms/android-35-ext15/data/res/values-mcc310-mnc150-en-rGB: Cannot utime: Operation not permitted
build	Cache Android SDK	2026-06-06T12:23:03.5406234Z /usr/bin/tar: ../../../../../usr/local/lib/android/sdk/platforms/android-35-ext15/data/res/values-mcc310-mnc150-en-rGB: Cannot change mode to rwxr-xr-x: Operation not permitted
build	Cache Android SDK	2026-06-06T12:23:03.5408927Z /usr/bin/tar: ../../../../../usr/local/lib/android/sdk/platforms/android-35-ext15/data/res/values-mcc310-mnc380-en-rIN: Cannot utime: Operation not permitted
build	Cache Android SDK	2026-06-06T12:23:03.5409440Z /usr/bin/tar: ../../../../../usr/local/lib/android/sdk/platforms/android-35-ext15/data/res/values-mcc310-mnc380-en-rIN: Cannot change mode to rwxr-xr-x: Operation not permitted
build	Cache Android SDK	2026-06-06T12:23:03.5412857Z /usr/bin/tar: ../../../../../usr/local/lib/android/sdk/platforms/android-35-ext15/data/res/values-mcc310-mnc490-en-rAU: Cannot utime: Operation not permitted
build	Cache Android SDK	2026-06-06T12:23:03.5413470Z /usr/bin/tar: ../../../../../usr/local/lib/android/sdk/platforms/android-35-ext15/data/res/values-mcc310-mnc490-en-rAU: Cannot change mode to rwxr-xr-x: Operation not permitted
build	Cache Android SDK	2026-06-06T12:23:03.5415888Z /usr/bin/tar: ../../../../../usr/local/lib/android/sdk/platforms/android-35-ext15/data/res/values-mcc310-mnc380-vi: Cannot utime: Operation not permitted
build	Cache Android SDK	2026-06-06T12:23:03.5416357Z /usr/bin/tar: ../../../../../usr/local/lib/android/sdk/platforms/android-35-ext15/data/res/values-mcc310-mnc380-vi: Cannot change mode to rwxr-xr-x: Operation not permitted
build	Cache Android SDK	2026-06-06T12:23:03.5419644Z /usr/bin/tar: ../../../../../usr/local/lib/android/sdk/platforms/android-35-ext15/data/res/values-mcc310-mnc220-km: Cannot utime: Operation not permitted
build	Cache Android SDK	2026-06-06T12:23:03.5420111Z /usr/bin/tar: ../../../../../usr/local/lib/android/sdk/platforms/android-35-ext15/data/res/values-mcc310-mnc220-km: Cannot change mode to rwxr-xr-x: Operation not permitted
build	Cache Android SDK	2026-06-06T12:23:03.5422677Z /usr/bin/tar: ../../../../../usr/local/lib/android/sdk/platforms/android-35-ext15/data/res/values-mcc311-mnc180-b+sr+Latn: Cannot utime: Operation not permitted
build	Cache Android SDK	2026-06-06T12:23:03.5423177Z /usr/bin/tar: ../../../../../usr/local/lib/android/sdk/platforms/android-35-ext15/data/res/values-mcc311-mnc180-b+sr+Latn: Cannot change mode to rwxr-xr-x: Operation not permitted
build	Cache Android SDK	2026-06-06T12:23:03.5425632Z /usr/bin/tar: ../../../../../usr/local/lib/android/sdk/platforms/android-35-ext15/data/res/values-mcc313-mnc100-tr: Cannot utime: Operation not permitted
build	Cache Android SDK	2026-06-06T12:23:03.5426092Z /usr/bin/tar: ../../../../../usr/local/lib/android/sdk/platforms/android-35-ext15/data/res/values-mcc313-mnc100-tr: Cannot change mode to rwxr-xr-x: Operation not permitted
build	Cache Android SDK	2026-06-06T12:23:03.5428750Z /usr/bin/tar: ../../../../../usr/local/lib/android/sdk/platforms/android-35-ext15/data/res/values-mcc234-mnc15: Cannot utime: Operation not permitted
build	Cache Android SDK	2026-06-06T12:23:03.5429253Z /usr/bin/tar: ../../../../../usr/local/lib/android/sdk/platforms/android-35-ext15/data/res/values-mcc234-mnc15: Cannot change mode to rwxr-xr-x: Operation not permitted
build	Cache Android SDK	2026-06-06T12:23:03.5432009Z /usr/bin/tar: ../../../../../usr/local/lib/android/sdk/platforms/android-35-ext15/data/res/values-or-watch: Cannot utime: Operation not permitted
build	Cache Android SDK	2026-06-06T12:23:03.5432483Z /usr/bin/tar: ../../../../../usr/local/lib/android/sdk/platforms/android-35-ext15/data/res/values-or-watch: Cannot change mode to rwxr-xr-x: Operation not permitted
build	Cache Android SDK	2026-06-06T12:23:03.5435542Z /usr/bin/tar: ../../../../../usr/local/lib/android/sdk/platforms/android-35-ext15/data/res/values-mcc262: Cannot utime: Operation not permitted
build	Cache Android SDK	2026-06-06T12:23:03.5436006Z /usr/bin/tar: ../../../../../usr/local/lib/android/sdk/platforms/android-35-ext15/data/res/values-mcc262: Cannot change mode to rwxr-xr-x: Operation not permitted
build	Cache Android SDK	2026-06-06T12:23:03.5438283Z /usr/bin/tar: ../../../../../usr/local/lib/android/sdk/platforms/android-35-ext15/data/res/values-mcc310-mnc160-lt: Cannot utime: Operation not permitted
build	Cache Android SDK	2026-06-06T12:23:03.5438789Z /usr/bin/tar: ../../../../../usr/local/lib/android/sdk/platforms/android-35-ext15/data/res/values-mcc310-mnc160-lt: Cannot change mode to rwxr-xr-x: Operation not permitted
build	Cache Android SDK	2026-06-06T12:23:03.5441316Z /usr/bin/tar: ../../../../../usr/local/lib/android/sdk/platforms/android-35-ext15/data/res/values-mcc310-mnc280-gu: Cannot utime: Operation not permitted
build	Cache Android SDK	2026-06-06T12:23:03.5441855Z /usr/bin/tar: ../../../../../usr/local/lib/android/sdk/platforms/android-35-ext15/data/res/values-mcc310-mnc280-gu: Cannot change mode to rwxr-xr-x: Operation not permitted
build	Cache Android SDK	2026-06-06T12:23:03.5444022Z /usr/bin/tar: ../../../../../usr/local/lib/android/sdk/platforms/android-35-ext15/data/res/values-mcc310-mnc030-sq: Cannot utime: Operation not permitted
build	Cache Android SDK	2026-06-06T12:23:03.5444548Z /usr/bin/tar: ../../../../../usr/local/lib/android/sdk/platforms/android-35-ext15/data/res/values-mcc310-mnc030-sq: Cannot change mode to rwxr-xr-x: Operation not permitted
build	Cache Android SDK	2026-06-06T12:23:03.5446815Z /usr/bin/tar: ../../../../../usr/local/lib/android/sdk/platforms/android-35-ext15/data/res/values-mcc310-mnc240-pt: Cannot utime: Operation not permitted
build	Cache Android SDK	2026-06-06T12:23:03.5447291Z /usr/bin/tar: ../../../../../usr/local/lib/android/sdk/platforms/android-35-ext15/data/res/values-mcc310-mnc240-pt: Cannot change mode to rwxr-xr-x: Operation not permitted
build	Cache Android SDK	2026-06-06T12:23:03.5449723Z /usr/bin/tar: ../../../../../usr/local/lib/android/sdk/platforms/android-35-ext15/data/res/values-mcc302-mnc370-es-rUS: Cannot utime: Operation not permitted
build	Cache Android SDK	2026-06-06T12:23:03.5450247Z /usr/bin/tar: ../../../../../usr/local/lib/android/sdk/platforms/android-35-ext15/data/res/values-mcc302-mnc370-es-rUS: Cannot change mode to rwxr-xr-x: Operation not permitted
build	Cache Android SDK	2026-06-06T12:23:03.5452543Z /usr/bin/tar: ../../../../../usr/local/lib/android/sdk/platforms/android-35-ext15/data/res/values-nl-watch: Cannot utime: Operation not permitted
build	Cache Android SDK	2026-06-06T12:23:03.5453074Z /usr/bin/tar: ../../../../../usr/local/lib/android/sdk/platforms/android-35-ext15/data/res/values-nl-watch: Cannot change mode to rwxr-xr-x: Operation not permitted
build	Cache Android SDK	2026-06-06T12:23:03.5458986Z /usr/bin/tar: ../../../../../usr/local/lib/android/sdk/platforms/android-35-ext15/data/res/values-cs: Cannot utime: Operation not permitted
build	Cache Android SDK	2026-06-06T12:23:03.5459443Z /usr/bin/tar: ../../../../../usr/local/lib/android/sdk/platforms/android-35-ext15/data/res/values-cs: Cannot change mode to rwxr-xr-x: Operation not permitted
build	Cache Android SDK	2026-06-06T12:23:03.5462239Z /usr/bin/tar: ../../../../../usr/local/lib/android/sdk/platforms/android-35-ext15/data/res/values-mcc311-mnc180-eu: Cannot utime: Operation not permitted
build	Cache Android SDK	2026-06-06T12:23:03.5462725Z /usr/bin/tar: ../../../../../usr/local/lib/android/sdk/platforms/android-35-ext15/data/res/values-mcc311-mnc180-eu: Cannot change mode to rwxr-xr-x: Operation not permitted
build	Cache Android SDK	2026-06-06T12:23:03.5465420Z /usr/bin/tar: ../../../../../usr/local/lib/android/sdk/platforms/android-35-ext15/data/res/values-mcc310-mnc210-km: Cannot utime: Operation not permitted
build	Cache Android SDK	2026-06-06T12:23:03.5465892Z /usr/bin/tar: ../../../../../usr/local/lib/android/sdk/platforms/android-35-ext15/data/res/values-mcc310-mnc210-km: Cannot change mode to rwxr-xr-x: Operation not permitted
build	Cache Android SDK	2026-06-06T12:23:03.5468782Z /usr/bin/tar: ../../../../../usr/local/lib/android/sdk/platforms/android-35-ext15/data/res/values-mcc313-mnc100-ja: Cannot utime: Operation not permitted
build	Cache Android SDK	2026-06-06T12:23:03.5469250Z /usr/bin/tar: ../../../../../usr/local/lib/android/sdk/platforms/android-35-ext15/data/res/values-mcc313-mnc100-ja: Cannot change mode to rwxr-xr-x: Operation not permitted
build	Cache Android SDK	2026-06-06T12:23:03.5472172Z /usr/bin/tar: ../../../../../usr/local/lib/android/sdk/platforms/android-35-ext15/data/res/values-mcc334-mnc020-sw: Cannot utime: Operation not permitted
build	Cache Android SDK	2026-06-06T12:23:03.5472642Z /usr/bin/tar: ../../../../../usr/local/lib/android/sdk/platforms/android-35-ext15/data/res/values-mcc334-mnc020-sw: Cannot change mode to rwxr-xr-x: Operation not permitted
build	Cache Android SDK	2026-06-06T12:23:03.5475041Z /usr/bin/tar: ../../../../../usr/local/lib/android/sdk/platforms/android-35-ext15/data/res/values-mcc310-mnc200-ta: Cannot utime: Operation not permitted
build	Cache Android SDK	2026-06-06T12:23:03.5475613Z /usr/bin/tar: ../../../../../usr/local/lib/android/sdk/platforms/android-35-ext15/data/res/values-mcc310-mnc200-ta: Cannot change mode to rwxr-xr-x: Operation not permitted
build	Cache Android SDK	2026-06-06T12:23:03.5478240Z /usr/bin/tar: ../../../../../usr/local/lib/android/sdk/platforms/android-35-ext15/data/res/values-mcc310-mnc800-kn: Cannot utime: Operation not permitted
build	Cache Android SDK	2026-06-06T12:23:03.5478719Z /usr/bin/tar: ../../../../../usr/local/lib/android/sdk/platforms/android-35-ext15/data/res/values-mcc310-mnc800-kn: Cannot change mode to rwxr-xr-x: Operation not permitted
build	Cache Android SDK	2026-06-06T12:23:03.5481487Z /usr/bin/tar: ../../../../../usr/local/lib/android/sdk/platforms/android-35-ext15/data/res/values-mcc310-mnc800: Cannot utime: Operation not permitted
build	Cache Android SDK	2026-06-06T12:23:03.5481952Z /usr/bin/tar: ../../../../../usr/local/lib/android/sdk/platforms/android-35-ext15/data/res/values-mcc310-mnc800: Cannot change mode to rwxr-xr-x: Operation not permitted
build	Cache Android SDK	2026-06-06T12:23:03.5484985Z /usr/bin/tar: ../../../../../usr/local/lib/android/sdk/platforms/android-35-ext15/data/res/values-mcc310-mnc410-en-rXC: Cannot utime: Operation not permitted
build	Cache Android SDK	2026-06-06T12:23:03.5485505Z /usr/bin/tar: ../../../../../usr/local/lib/android/sdk/platforms/android-35-ext15/data/res/values-mcc310-mnc410-en-rXC: Cannot change mode to rwxr-xr-x: Operation not permitted
build	Cache Android SDK	2026-06-06T12:23:03.5488053Z /usr/bin/tar: ../../../../../usr/local/lib/android/sdk/platforms/android-35-ext15/data/res/values-mcc310-mnc220-bn: Cannot utime: Operation not permitted
build	Cache Android SDK	2026-06-06T12:23:03.5488572Z /usr/bin/tar: ../../../../../usr/local/lib/android/sdk/platforms/android-35-ext15/data/res/values-mcc310-mnc220-bn: Cannot change mode to rwxr-xr-x: Operation not permitted
build	Cache Android SDK	2026-06-06T12:23:03.5491187Z /usr/bin/tar: ../../../../../usr/local/lib/android/sdk/platforms/android-35-ext15/data/res/values-mcc310-mnc490-ca: Cannot utime: Operation not permitted
build	Cache Android SDK	2026-06-06T12:23:03.5491728Z /usr/bin/tar: ../../../../../usr/local/lib/android/sdk/platforms/android-35-ext15/data/res/values-mcc310-mnc490-ca: Cannot change mode to rwxr-xr-x: Operation not permitted
build	Cache Android SDK	2026-06-06T12:23:03.5494096Z /usr/bin/tar: ../../../../../usr/local/lib/android/sdk/platforms/android-35-ext15/data/res/values-en-rAU-watch: Cannot utime: Operation not permitted
build	Cache Android SDK	2026-06-06T12:23:03.5494670Z /usr/bin/tar: ../../../../../usr/local/lib/android/sdk/platforms/android-35-ext15/data/res/values-en-rAU-watch: Cannot change mode to rwxr-xr-x: Operation not permitted
build	Cache Android SDK	2026-06-06T12:23:03.5497648Z /usr/bin/tar: ../../../../../usr/local/lib/android/sdk/platforms/android-35-ext15/data/res/values-mcc310-mnc220-et: Cannot utime: Operation not permitted
build	Cache Android SDK	2026-06-06T12:23:03.5498129Z /usr/bin/tar: ../../../../../usr/local/lib/android/sdk/platforms/android-35-ext15/data/res/values-mcc310-mnc220-et: Cannot change mode to rwxr-xr-x: Operation not permitted
build	Cache Android SDK	2026-06-06T12:23:03.5500762Z /usr/bin/tar: ../../../../../usr/local/lib/android/sdk/platforms/android-35-ext15/data/res/values-w195dp: Cannot utime: Operation not permitted
build	Cache Android SDK	2026-06-06T12:23:03.5501245Z /usr/bin/tar: ../../../../../usr/local/lib/android/sdk/platforms/android-35-ext15/data/res/values-w195dp: Cannot change mode to rwxr-xr-x: Operation not permitted
build	Cache Android SDK	2026-06-06T12:23:03.5503950Z /usr/bin/tar: ../../../../../usr/local/lib/android/sdk/platforms/android-35-ext15/data/res/values-mcc310-mnc410-is: Cannot utime: Operation not permitted
build	Cache Android SDK	2026-06-06T12:23:03.5504544Z /usr/bin/tar: ../../../../../usr/local/lib/android/sdk/platforms/android-35-ext15/data/res/values-mcc310-mnc410-is: Cannot change mode to rwxr-xr-x: Operation not permitted
build	Cache Android SDK	2026-06-06T12:23:03.5507089Z /usr/bin/tar: ../../../../../usr/local/lib/android/sdk/platforms/android-35-ext15/data/res/values-mcc302-mnc370-vi: Cannot utime: Operation not permitted
build	Cache Android SDK	2026-06-06T12:23:03.5507710Z /usr/bin/tar: ../../../../../usr/local/lib/android/sdk/platforms/android-35-ext15/data/res/values-mcc302-mnc370-vi: Cannot change mode to rwxr-xr-x: Operation not permitted
build	Cache Android SDK	2026-06-06T12:23:03.5510148Z /usr/bin/tar: ../../../../../usr/local/lib/android/sdk/platforms/android-35-ext15/data/res/values-w426dp-h320dp: Cannot utime: Operation not permitted
build	Cache Android SDK	2026-06-06T12:23:03.5510628Z /usr/bin/tar: ../../../../../usr/local/lib/android/sdk/platforms/android-35-ext15/data/res/values-w426dp-h320dp: Cannot change mode to rwxr-xr-x: Operation not permitted
build	Cache Android SDK	2026-06-06T12:23:03.5512995Z /usr/bin/tar: ../../../../../usr/local/lib/android/sdk/platforms/android-35-ext15/data/res/values-mcc310-mnc200-iw: Cannot utime: Operation not permitted
build	Cache Android SDK	2026-06-06T12:23:03.5513514Z /usr/bin/tar: ../../../../../usr/local/lib/android/sdk/platforms/android-35-ext15/data/res/values-mcc310-mnc200-iw: Cannot change mode to rwxr-xr-x: Operation not permitted
build	Cache Android SDK	2026-06-06T12:23:03.5516025Z /usr/bin/tar: ../../../../../usr/local/lib/android/sdk/platforms/android-35-ext15/data/res/values-mcc001-mnc01-sl: Cannot utime: Operation not permitted
build	Cache Android SDK	2026-06-06T12:23:03.5516706Z /usr/bin/tar: ../../../../../usr/local/lib/android/sdk/platforms/android-35-ext15/data/res/values-mcc001-mnc01-sl: Cannot change mode to rwxr-xr-x: Operation not permitted
build	Cache Android SDK	2026-06-06T12:23:03.5520078Z /usr/bin/tar: ../../../../../usr/local/lib/android/sdk/platforms/android-35-ext15/data/res/values-mcc313-mnc100-ro: Cannot utime: Operation not permitted
build	Cache Android SDK	2026-06-06T12:23:03.5520972Z /usr/bin/tar: ../../../../../usr/local/lib/android/sdk/platforms/android-35-ext15/data/res/values-mcc313-mnc100-ro: Cannot change mode to rwxr-xr-x: Operation not permitted
build	Cache Android SDK	2026-06-06T12:23:03.5523448Z /usr/bin/tar: ../../../../../usr/local/lib/android/sdk/platforms/android-35-ext15/data/res/values-mcc001-mnc01-en-rGB: Cannot utime: Operation not permitted
build	Cache Android SDK	2026-06-06T12:23:03.5523945Z /usr/bin/tar: ../../../../../usr/local/lib/android/sdk/platforms/android-35-ext15/data/res/values-mcc001-mnc01-en-rGB: Cannot change mode to rwxr-xr-x: Operation not permitted
build	Cache Android SDK	2026-06-06T12:23:03.5526760Z /usr/bin/tar: ../../../../../usr/local/lib/android/sdk/platforms/android-35-ext15/data/res/values-mcc310-mnc230-et: Cannot utime: Operation not permitted
build	Cache Android SDK	2026-06-06T12:23:03.5527283Z /usr/bin/tar: ../../../../../usr/local/lib/android/sdk/platforms/android-35-ext15/data/res/values-mcc310-mnc230-et: Cannot change mode to rwxr-xr-x: Operation not permitted
build	Cache Android SDK	2026-06-06T12:23:03.5529742Z /usr/bin/tar: ../../../../../usr/local/lib/android/sdk/platforms/android-35-ext15/data/res/values-mcc313-mnc100-ko: Cannot utime: Operation not permitted
build	Cache Android SDK	2026-06-06T12:23:03.5530457Z /usr/bin/tar: ../../../../../usr/local/lib/android/sdk/platforms/android-35-ext15/data/res/values-mcc313-mnc100-ko: Cannot change mode to rwxr-xr-x: Operation not permitted
build	Cache Android SDK	2026-06-06T12:23:03.5532598Z /usr/bin/tar: ../../../../../usr/local/lib/android/sdk/platforms/android-35-ext15/data/res/values-mcc310-mnc380-fr: Cannot utime: Operation not permitted
build	Cache Android SDK	2026-06-06T12:23:03.5533072Z /usr/bin/tar: ../../../../../usr/local/lib/android/sdk/platforms/android-35-ext15/data/res/values-mcc310-mnc380-fr: Cannot change mode to rwxr-xr-x: Operation not permitted
build	Cache Android SDK	2026-06-06T12:23:03.5535990Z /usr/bin/tar: ../../../../../usr/local/lib/android/sdk/platforms/android-35-ext15/data/res/values-mcc310-mnc250-bn: Cannot utime: Operation not permitted
build	Cache Android SDK	2026-06-06T12:23:03.5536482Z /usr/bin/tar: ../../../../../usr/local/lib/android/sdk/platforms/android-35-ext15/data/res/values-mcc310-mnc250-bn: Cannot change mode to rwxr-xr-x: Operation not permitted
build	Cache Android SDK	2026-06-06T12:23:03.5539030Z /usr/bin/tar: ../../../../../usr/local/lib/android/sdk/platforms/android-35-ext15/data/res/values-mcc302-mnc720-lo: Cannot utime: Operation not permitted
build	Cache Android SDK	2026-06-06T12:23:03.5539605Z /usr/bin/tar: ../../../../../usr/local/lib/android/sdk/platforms/android-35-ext15/data/res/values-mcc302-mnc720-lo: Cannot change mode to rwxr-xr-x: Operation not permitted
build	Cache Android SDK	2026-06-06T12:23:03.5542312Z /usr/bin/tar: ../../../../../usr/local/lib/android/sdk/platforms/android-35-ext15/data/res/values-mcc310-mnc210-mn: Cannot utime: Operation not permitted
build	Cache Android SDK	2026-06-06T12:23:03.5542801Z /usr/bin/tar: ../../../../../usr/local/lib/android/sdk/platforms/android-35-ext15/data/res/values-mcc310-mnc210-mn: Cannot change mode to rwxr-xr-x: Operation not permitted
build	Cache Android SDK	2026-06-06T12:23:03.5545262Z /usr/bin/tar: ../../../../../usr/local/lib/android/sdk/platforms/android-35-ext15/data/res/values-mcc310-mnc230-gl: Cannot utime: Operation not permitted
build	Cache Android SDK	2026-06-06T12:23:03.5545746Z /usr/bin/tar: ../../../../../usr/local/lib/android/sdk/platforms/android-35-ext15/data/res/values-mcc310-mnc230-gl: Cannot change mode to rwxr-xr-x: Operation not permitted
build	Cache Android SDK	2026-06-06T12:23:03.5548674Z /usr/bin/tar: ../../../../../usr/local/lib/android/sdk/platforms/android-35-ext15/data/res/values-mcc310-mnc230-bg: Cannot utime: Operation not permitted
build	Cache Android SDK	2026-06-06T12:23:03.5549144Z /usr/bin/tar: ../../../../../usr/local/lib/android/sdk/platforms/android-35-ext15/data/res/values-mcc310-mnc230-bg: Cannot change mode to rwxr-xr-x: Operation not permitted
build	Cache Android SDK	2026-06-06T12:23:03.5551536Z /usr/bin/tar: ../../../../../usr/local/lib/android/sdk/platforms/android-35-ext15/data/res/values-mcc310-mnc250-pt: Cannot utime: Operation not permitted
build	Cache Android SDK	2026-06-06T12:23:03.5552006Z /usr/bin/tar: ../../../../../usr/local/lib/android/sdk/platforms/android-35-ext15/data/res/values-mcc310-mnc250-pt: Cannot change mode to rwxr-xr-x: Operation not permitted
build	Cache Android SDK	2026-06-06T12:23:03.5554575Z /usr/bin/tar: ../../../../../usr/local/lib/android/sdk/platforms/android-35-ext15/data/res/values-mcc310-mnc160-ko: Cannot utime: Operation not permitted
build	Cache Android SDK	2026-06-06T12:23:03.5555058Z /usr/bin/tar: ../../../../../usr/local/lib/android/sdk/platforms/android-35-ext15/data/res/values-mcc310-mnc160-ko: Cannot change mode to rwxr-xr-x: Operation not permitted
build	Cache Android SDK	2026-06-06T12:23:03.5557567Z /usr/bin/tar: ../../../../../usr/local/lib/android/sdk/platforms/android-35-ext15/data/res/values-mcc310-mnc410-sq: Cannot utime: Operation not permitted
build	Cache Android SDK	2026-06-06T12:23:03.5558052Z /usr/bin/tar: ../../../../../usr/local/lib/android/sdk/platforms/android-35-ext15/data/res/values-mcc310-mnc410-sq: Cannot change mode to rwxr-xr-x: Operation not permitted
build	Cache Android SDK	2026-06-06T12:23:03.5560388Z /usr/bin/tar: ../../../../../usr/local/lib/android/sdk/platforms/android-35-ext15/data/res/values-w480dp: Cannot utime: Operation not permitted
build	Cache Android SDK	2026-06-06T12:23:03.5560840Z /usr/bin/tar: ../../../../../usr/local/lib/android/sdk/platforms/android-35-ext15/data/res/values-w480dp: Cannot change mode to rwxr-xr-x: Operation not permitted
build	Cache Android SDK	2026-06-06T12:23:03.5563673Z /usr/bin/tar: ../../../../../usr/local/lib/android/sdk/platforms/android-35-ext15/data/res/values-mcc310-mnc560-is: Cannot utime: Operation not permitted
build	Cache Android SDK	2026-06-06T12:23:03.5564154Z /usr/bin/tar: ../../../../../usr/local/lib/android/sdk/platforms/android-35-ext15/data/res/values-mcc310-mnc560-is: Cannot change mode to rwxr-xr-x: Operation not permitted
build	Cache Android SDK	2026-06-06T12:23:03.5566600Z /usr/bin/tar: ../../../../../usr/local/lib/android/sdk/platforms/android-35-ext15/data/res/values-mn-watch: Cannot utime: Operation not permitted
build	Cache Android SDK	2026-06-06T12:23:03.5567061Z /usr/bin/tar: ../../../../../usr/local/lib/android/sdk/platforms/android-35-ext15/data/res/values-mn-watch: Cannot change mode to rwxr-xr-x: Operation not permitted
build	Cache Android SDK	2026-06-06T12:23:03.5569914Z /usr/bin/tar: ../../../../../usr/local/lib/android/sdk/platforms/android-35-ext15/data/res/values-mcc302-mnc720-ru: Cannot utime: Operation not permitted
build	Cache Android SDK	2026-06-06T12:23:03.5570377Z /usr/bin/tar: ../../../../../usr/local/lib/android/sdk/platforms/android-35-ext15/data/res/values-mcc302-mnc720-ru: Cannot change mode to rwxr-xr-x: Operation not permitted
build	Cache Android SDK	2026-06-06T12:23:03.5572948Z /usr/bin/tar: ../../../../../usr/local/lib/android/sdk/platforms/android-35-ext15/data/res/values-mcc310-mnc950-zh-rCN: Cannot utime: Operation not permitted
build	Cache Android SDK	2026-06-06T12:23:03.5573440Z /usr/bin/tar: ../../../../../usr/local/lib/android/sdk/platforms/android-35-ext15/data/res/values-mcc310-mnc950-zh-rCN: Cannot change mode to rwxr-xr-x: Operation not permitted
build	Cache Android SDK	2026-06-06T12:23:03.5576150Z /usr/bin/tar: ../../../../../usr/local/lib/android/sdk/platforms/android-35-ext15/data/res/values-mcc310-mnc950-cs: Cannot utime: Operation not permitted
build	Cache Android SDK	2026-06-06T12:23:03.5576761Z /usr/bin/tar: ../../../../../usr/local/lib/android/sdk/platforms/android-35-ext15/data/res/values-mcc310-mnc950-cs: Cannot change mode to rwxr-xr-x: Operation not permitted
build	Cache Android SDK	2026-06-06T12:23:03.5579416Z /usr/bin/tar: ../../../../../usr/local/lib/android/sdk/platforms/android-35-ext15/data/res/values-mcc310-mnc200-pt: Cannot utime: Operation not permitted
build	Cache Android SDK	2026-06-06T12:23:03.5579893Z /usr/bin/tar: ../../../../../usr/local/lib/android/sdk/platforms/android-35-ext15/data/res/values-mcc310-mnc200-pt: Cannot change mode to rwxr-xr-x: Operation not permitted
build	Cache Android SDK	2026-06-06T12:23:03.5582612Z /usr/bin/tar: ../../../../../usr/local/lib/android/sdk/platforms/android-35-ext15/data/res/values-mcc310-mnc240-fr-rCA: Cannot utime: Operation not permitted
build	Cache Android SDK	2026-06-06T12:23:03.5583105Z /usr/bin/tar: ../../../../../usr/local/lib/android/sdk/platforms/android-35-ext15/data/res/values-mcc310-mnc240-fr-rCA: Cannot change mode to rwxr-xr-x: Operation not permitted
build	Cache Android SDK	2026-06-06T12:23:03.5585678Z /usr/bin/tar: ../../../../../usr/local/lib/android/sdk/platforms/android-35-ext15/data/res/values-mcc311-mnc180-pl: Cannot utime: Operation not permitted
build	Cache Android SDK	2026-06-06T12:23:03.5586144Z /usr/bin/tar: ../../../../../usr/local/lib/android/sdk/platforms/android-35-ext15/data/res/values-mcc311-mnc180-pl: Cannot change mode to rwxr-xr-x: Operation not permitted
build	Cache Android SDK	2026-06-06T12:23:03.5588874Z /usr/bin/tar: ../../../../../usr/local/lib/android/sdk/platforms/android-35-ext15/data/res/values-ka-television: Cannot utime: Operation not permitted
build	Cache Android SDK	2026-06-06T12:23:03.5589357Z /usr/bin/tar: ../../../../../usr/local/lib/android/sdk/platforms/android-35-ext15/data/res/values-ka-television: Cannot change mode to rwxr-xr-x: Operation not permitted
build	Cache Android SDK	2026-06-06T12:23:03.5592129Z /usr/bin/tar: ../../../../../usr/local/lib/android/sdk/platforms/android-35-ext15/data/res/values-mcc310-mnc310-hr: Cannot utime: Operation not permitted
build	Cache Android SDK	2026-06-06T12:23:03.5592612Z /usr/bin/tar: ../../../../../usr/local/lib/android/sdk/platforms/android-35-ext15/data/res/values-mcc310-mnc310-hr: Cannot change mode to rwxr-xr-x: Operation not permitted
build	Cache Android SDK	2026-06-06T12:23:03.5598584Z /usr/bin/tar: ../../../../../usr/local/lib/android/sdk/platforms/android-35-ext15/data/res/animator: Cannot utime: Operation not permitted
build	Cache Android SDK	2026-06-06T12:23:03.5599165Z /usr/bin/tar: ../../../../../usr/local/lib/android/sdk/platforms/android-35-ext15/data/res/animator: Cannot change mode to rwxr-xr-x: Operation not permitted
build	Cache Android SDK	2026-06-06T12:23:03.5602125Z /usr/bin/tar: ../../../../../usr/local/lib/android/sdk/platforms/android-35-ext15/data/res/values-az-television: Cannot utime: Operation not permitted
build	Cache Android SDK	2026-06-06T12:23:03.5602817Z /usr/bin/tar: ../../../../../usr/local/lib/android/sdk/platforms/android-35-ext15/data/res/values-az-television: Cannot change mode to rwxr-xr-x: Operation not permitted
build	Cache Android SDK	2026-06-06T12:23:03.5608251Z /usr/bin/tar: ../../../../../usr/local/lib/android/sdk/platforms/android-35-ext15/data/res/values-en-rGB: Cannot utime: Operation not permitted
build	Cache Android SDK	2026-06-06T12:23:03.5608720Z /usr/bin/tar: ../../../../../usr/local/lib/android/sdk/platforms/android-35-ext15/data/res/values-en-rGB: Cannot change mode to rwxr-xr-x: Operation not permitted
build	Cache Android SDK	2026-06-06T12:23:03.5611021Z /usr/bin/tar: ../../../../../usr/local/lib/android/sdk/platforms/android-35-ext15/data/res/values-mcc310-mnc230-pt: Cannot utime: Operation not permitted
build	Cache Android SDK	2026-06-06T12:23:03.5611514Z /usr/bin/tar: ../../../../../usr/local/lib/android/sdk/platforms/android-35-ext15/data/res/values-mcc310-mnc230-pt: Cannot change mode to rwxr-xr-x: Operation not permitted
build	Cache Android SDK	2026-06-06T12:23:03.5614086Z /usr/bin/tar: ../../../../../usr/local/lib/android/sdk/platforms/android-35-ext15/data/res/values-mcc302-mnc370-bn: Cannot utime: Operation not permitted
build	Cache Android SDK	2026-06-06T12:23:03.5614558Z /usr/bin/tar: ../../../../../usr/local/lib/android/sdk/platforms/android-35-ext15/data/res/values-mcc302-mnc370-bn: Cannot change mode to rwxr-xr-x: Operation not permitted
build	Cache Android SDK	2026-06-06T12:23:03.5617070Z /usr/bin/tar: ../../../../../usr/local/lib/android/sdk/platforms/android-35-ext15/data/res/values-mcc310-mnc410-ro: Cannot utime: Operation not permitted
build	Cache Android SDK	2026-06-06T12:23:03.5617798Z /usr/bin/tar: ../../../../../usr/local/lib/android/sdk/platforms/android-35-ext15/data/res/values-mcc310-mnc410-ro: Cannot change mode to rwxr-xr-x: Operation not permitted
build	Cache Android SDK	2026-06-06T12:23:03.5620423Z /usr/bin/tar: ../../../../../usr/local/lib/android/sdk/platforms/android-35-ext15/data/res/values-mcc310-mnc170-en-rXC: Cannot utime: Operation not permitted
build	Cache Android SDK	2026-06-06T12:23:03.5620926Z /usr/bin/tar: ../../../../../usr/local/lib/android/sdk/platforms/android-35-ext15/data/res/values-mcc310-mnc170-en-rXC: Cannot change mode to rwxr-xr-x: Operation not permitted
build	Cache Android SDK	2026-06-06T12:23:03.5629597Z /usr/bin/tar: ../../../../../usr/local/lib/android/sdk/platforms/android-35-ext15/data/res/values-ka: Cannot utime: Operation not permitted
build	Cache Android SDK	2026-06-06T12:23:03.5630281Z /usr/bin/tar: ../../../../../usr/local/lib/android/sdk/platforms/android-35-ext15/data/res/values-ka: Cannot change mode to rwxr-xr-x: Operation not permitted
build	Cache Android SDK	2026-06-06T12:23:03.5633623Z /usr/bin/tar: ../../../../../usr/local/lib/android/sdk/platforms/android-35-ext15/data/res/values-ky-watch: Cannot utime: Operation not permitted
build	Cache Android SDK	2026-06-06T12:23:03.5634100Z /usr/bin/tar: ../../../../../usr/local/lib/android/sdk/platforms/android-35-ext15/data/res/values-ky-watch: Cannot change mode to rwxr-xr-x: Operation not permitted
build	Cache Android SDK	2026-06-06T12:23:03.5636250Z /usr/bin/tar: ../../../../../usr/local/lib/android/sdk/platforms/android-35-ext15/data/res/values-am-watch: Cannot utime: Operation not permitted
build	Cache Android SDK	2026-06-06T12:23:03.5636706Z /usr/bin/tar: ../../../../../usr/local/lib/android/sdk/platforms/android-35-ext15/data/res/values-am-watch: Cannot change mode to rwxr-xr-x: Operation not permitted
build	Cache Android SDK	2026-06-06T12:23:03.5639653Z /usr/bin/tar: ../../../../../usr/local/lib/android/sdk/platforms/android-35-ext15/data/res/values-mcc310-mnc004: Cannot utime: Operation not permitted
build	Cache Android SDK	2026-06-06T12:23:03.5640130Z /usr/bin/tar: ../../../../../usr/local/lib/android/sdk/platforms/android-35-ext15/data/res/values-mcc310-mnc004: Cannot change mode to rwxr-xr-x: Operation not permitted
build	Cache Android SDK	2026-06-06T12:23:03.5643189Z /usr/bin/tar: ../../../../../usr/local/lib/android/sdk/platforms/android-35-ext15/data/res/values-mcc310-mnc230-hu: Cannot utime: Operation not permitted
build	Cache Android SDK	2026-06-06T12:23:03.5643827Z /usr/bin/tar: ../../../../../usr/local/lib/android/sdk/platforms/android-35-ext15/data/res/values-mcc310-mnc230-hu: Cannot change mode to rwxr-xr-x: Operation not permitted
build	Cache Android SDK	2026-06-06T12:23:03.5646478Z /usr/bin/tar: ../../../../../usr/local/lib/android/sdk/platforms/android-35-ext15/data/res/values-mcc310-mnc660-hu: Cannot utime: Operation not permitted
build	Cache Android SDK	2026-06-06T12:23:03.5646937Z /usr/bin/tar: ../../../../../usr/local/lib/android/sdk/platforms/android-35-ext15/data/res/values-mcc310-mnc660-hu: Cannot change mode to rwxr-xr-x: Operation not permitted
build	Cache Android SDK	2026-06-06T12:23:03.5649709Z /usr/bin/tar: ../../../../../usr/local/lib/android/sdk/platforms/android-35-ext15/data/res/raw-es: Cannot utime: Operation not permitted
build	Cache Android SDK	2026-06-06T12:23:03.5650160Z /usr/bin/tar: ../../../../../usr/local/lib/android/sdk/platforms/android-35-ext15/data/res/raw-es: Cannot change mode to rwxr-xr-x: Operation not permitted
build	Cache Android SDK	2026-06-06T12:23:03.5652797Z /usr/bin/tar: ../../../../../usr/local/lib/android/sdk/platforms/android-35-ext15/data/res/values-mcc310-mnc220-ta: Cannot utime: Operation not permitted
build	Cache Android SDK	2026-06-06T12:23:03.5653274Z /usr/bin/tar: ../../../../../usr/local/lib/android/sdk/platforms/android-35-ext15/data/res/values-mcc310-mnc220-ta: Cannot change mode to rwxr-xr-x: Operation not permitted
build	Cache Android SDK	2026-06-06T12:23:03.5655817Z /usr/bin/tar: ../../../../../usr/local/lib/android/sdk/platforms/android-35-ext15/data/res/values-mcc302-mnc370-fa: Cannot utime: Operation not permitted
build	Cache Android SDK	2026-06-06T12:23:03.5656287Z /usr/bin/tar: ../../../../../usr/local/lib/android/sdk/platforms/android-35-ext15/data/res/values-mcc302-mnc370-fa: Cannot change mode to rwxr-xr-x: Operation not permitted
build	Cache Android SDK	2026-06-06T12:23:03.5659210Z /usr/bin/tar: ../../../../../usr/local/lib/android/sdk/platforms/android-35-ext15/data/res/values-mcc310-mnc270-en-rAU: Cannot utime: Operation not permitted
build	Cache Android SDK	2026-06-06T12:23:03.5659700Z /usr/bin/tar: ../../../../../usr/local/lib/android/sdk/platforms/android-35-ext15/data/res/values-mcc310-mnc270-en-rAU: Cannot change mode to rwxr-xr-x: Operation not permitted
build	Cache Android SDK	2026-06-06T12:23:03.5672277Z /usr/bin/tar: ../../../../../usr/local/lib/android/sdk/platforms/android-35-ext15/data/res/drawable-land-mdpi: Cannot utime: Operation not permitted
build	Cache Android SDK	2026-06-06T12:23:03.5672773Z /usr/bin/tar: ../../../../../usr/local/lib/android/sdk/platforms/android-35-ext15/data/res/drawable-land-mdpi: Cannot change mode to rwxr-xr-x: Operation not permitted
build	Cache Android SDK	2026-06-06T12:23:03.5675081Z /usr/bin/tar: ../../../../../usr/local/lib/android/sdk/platforms/android-35-ext15/data/res/values-mcc310-mnc210-ta: Cannot utime: Operation not permitted
build	Cache Android SDK	2026-06-06T12:23:03.5675750Z /usr/bin/tar: ../../../../../usr/local/lib/android/sdk/platforms/android-35-ext15/data/res/values-mcc310-mnc210-ta: Cannot change mode to rwxr-xr-x: Operation not permitted
build	Cache Android SDK	2026-06-06T12:23:03.5679855Z /usr/bin/tar: ../../../../../usr/local/lib/android/sdk/platforms/android-35-ext15/data/res/values-mcc310-mnc410-ko: Cannot utime: Operation not permitted
build	Cache Android SDK	2026-06-06T12:23:03.5680323Z /usr/bin/tar: ../../../../../usr/local/lib/android/sdk/platforms/android-35-ext15/data/res/values-mcc310-mnc410-ko: Cannot change mode to rwxr-xr-x: Operation not permitted
build	Cache Android SDK	2026-06-06T12:23:03.5682845Z /usr/bin/tar: ../../../../../usr/local/lib/android/sdk/platforms/android-35-ext15/data/res/values-mcc310-mnc030-ms: Cannot utime: Operation not permitted
build	Cache Android SDK	2026-06-06T12:23:03.5683894Z /usr/bin/tar: ../../../../../usr/local/lib/android/sdk/platforms/android-35-ext15/data/res/values-mcc310-mnc030-ms: Cannot change mode to rwxr-xr-x: Operation not permitted
build	Cache Android SDK	2026-06-06T12:23:03.5685756Z /usr/bin/tar: ../../../../../usr/local/lib/android/sdk/platforms/android-35-ext15/data/res/values-mcc310-mnc280-hi: Cannot utime: Operation not permitted
build	Cache Android SDK	2026-06-06T12:23:03.5686234Z /usr/bin/tar: ../../../../../usr/local/lib/android/sdk/platforms/android-35-ext15/data/res/values-mcc310-mnc280-hi: Cannot change mode to rwxr-xr-x: Operation not permitted
build	Cache Android SDK	2026-06-06T12:23:03.5688746Z /usr/bin/tar: ../../../../../usr/local/lib/android/sdk/platforms/android-35-ext15/data/res/values-mcc310-mnc310-ro: Cannot utime: Operation not permitted
build	Cache Android SDK	2026-06-06T12:23:03.5702183Z /usr/bin/tar: ../../../../../usr/local/lib/android/sdk/platforms/android-35-ext15/data/res/values-mcc310-mnc310-ro: Cannot change mode to rwxr-xr-x: Operation not permitted
build	Cache Android SDK	2026-06-06T12:23:03.5703078Z /usr/bin/tar: ../../../../../usr/local/lib/android/sdk/platforms/android-35-ext15/data/res/values-mcc310-mnc240-pt-rBR: Cannot utime: Operation not permitted
build	Cache Android SDK	2026-06-06T12:23:03.5703878Z /usr/bin/tar: ../../../../../usr/local/lib/android/sdk/platforms/android-35-ext15/data/res/values-mcc310-mnc240-pt-rBR: Cannot change mode to rwxr-xr-x: Operation not permitted
build	Cache Android SDK	2026-06-06T12:23:03.5704571Z /usr/bin/tar: ../../../../../usr/local/lib/android/sdk/platforms/android-35-ext15/data/res/values-mcc310-mnc490-fr: Cannot utime: Operation not permitted
build	Cache Android SDK	2026-06-06T12:23:03.5705401Z /usr/bin/tar: ../../../../../usr/local/lib/android/sdk/platforms/android-35-ext15/data/res/values-mcc310-mnc490-fr: Cannot change mode to rwxr-xr-x: Operation not permitted
build	Cache Android SDK	2026-06-06T12:23:03.5705924Z /usr/bin/tar: ../../../../../usr/local/lib/android/sdk/platforms/android-35-ext15/data/res/values-mcc310-mnc160-gu: Cannot utime: Operation not permitted
build	Cache Android SDK	2026-06-06T12:23:03.5706477Z /usr/bin/tar: ../../../../../usr/local/lib/android/sdk/platforms/android-35-ext15/data/res/values-mcc310-mnc160-gu: Cannot change mode to rwxr-xr-x: Operation not permitted
build	Cache Android SDK	2026-06-06T12:23:03.5706885Z /usr/bin/tar: ../../../../../usr/local/lib/android/sdk/platforms/android-35-ext15/data/res/values-mcc310-mnc150-es: Cannot utime: Operation not permitted
build	Cache Android SDK	2026-06-06T12:23:03.5707494Z /usr/bin/tar: ../../../../../usr/local/lib/android/sdk/platforms/android-35-ext15/data/res/values-mcc310-mnc150-es: Cannot change mode to rwxr-xr-x: Operation not permitted
build	Cache Android SDK	2026-06-06T12:23:03.5708401Z /usr/bin/tar: ../../../../../usr/local/lib/android/sdk/platforms/android-35-ext15/data/res/values-mcc310-mnc800-hi: Cannot utime: Operation not permitted
build	Cache Android SDK	2026-06-06T12:23:03.5709244Z /usr/bin/tar: ../../../../../usr/local/lib/android/sdk/platforms/android-35-ext15/data/res/values-mcc310-mnc800-hi: Cannot change mode to rwxr-xr-x: Operation not permitted
build	Cache Android SDK	2026-06-06T12:23:03.5709725Z /usr/bin/tar: ../../../../../usr/local/lib/android/sdk/platforms/android-35-ext15/data/res/values-mcc450-ko: Cannot utime: Operation not permitted
build	Cache Android SDK	2026-06-06T12:23:03.5710159Z /usr/bin/tar: ../../../../../usr/local/lib/android/sdk/platforms/android-35-ext15/data/res/values-mcc450-ko: Cannot change mode to rwxr-xr-x: Operation not permitted
build	Cache Android SDK	2026-06-06T12:23:03.5713312Z /usr/bin/tar: ../../../../../usr/local/lib/android/sdk/platforms/android-35-ext15/data/res/values-ml-television: Cannot utime: Operation not permitted
build	Cache Android SDK	2026-06-06T12:23:03.5713895Z /usr/bin/tar: ../../../../../usr/local/lib/android/sdk/platforms/android-35-ext15/data/res/values-ml-television: Cannot change mode to rwxr-xr-x: Operation not permitted
build	Cache Android SDK	2026-06-06T12:23:03.5716199Z /usr/bin/tar: ../../../../../usr/local/lib/android/sdk/platforms/android-35-ext15/data/res/values-mcc310-mnc240-vi: Cannot utime: Operation not permitted
build	Cache Android SDK	2026-06-06T12:23:03.5716687Z /usr/bin/tar: ../../../../../usr/local/lib/android/sdk/platforms/android-35-ext15/data/res/values-mcc310-mnc240-vi: Cannot change mode to rwxr-xr-x: Operation not permitted
build	Cache Android SDK	2026-06-06T12:23:03.5720550Z /usr/bin/tar: ../../../../../usr/local/lib/android/sdk/platforms/android-35-ext15/data/res/values-mcc311-mnc180-de: Cannot utime: Operation not permitted
build	Cache Android SDK	2026-06-06T12:23:03.5721038Z /usr/bin/tar: ../../../../../usr/local/lib/android/sdk/platforms/android-35-ext15/data/res/values-mcc311-mnc180-de: Cannot change mode to rwxr-xr-x: Operation not permitted
build	Cache Android SDK	2026-06-06T12:23:03.5723885Z /usr/bin/tar: ../../../../../usr/local/lib/android/sdk/platforms/android-35-ext15/data/res/values-mcc310-mnc210-pt-rBR: Cannot utime: Operation not permitted
build	Cache Android SDK	2026-06-06T12:23:03.5724385Z /usr/bin/tar: ../../../../../usr/local/lib/android/sdk/platforms/android-35-ext15/data/res/values-mcc310-mnc210-pt-rBR: Cannot change mode to rwxr-xr-x: Operation not permitted
build	Cache Android SDK	2026-06-06T12:23:03.5727845Z /usr/bin/tar: ../../../../../usr/local/lib/android/sdk/platforms/android-35-ext15/data/res/values-mcc732: Cannot utime: Operation not permitted
build	Cache Android SDK	2026-06-06T12:23:03.5728307Z /usr/bin/tar: ../../../../../usr/local/lib/android/sdk/platforms/android-35-ext15/data/res/values-mcc732: Cannot change mode to rwxr-xr-x: Operation not permitted
build	Cache Android SDK	2026-06-06T12:23:03.5730966Z /usr/bin/tar: ../../../../../usr/local/lib/android/sdk/platforms/android-35-ext15/data/res/values-mcc313-mnc100-zh-rHK: Cannot utime: Operation not permitted
build	Cache Android SDK	2026-06-06T12:23:03.5731469Z /usr/bin/tar: ../../../../../usr/local/lib/android/sdk/platforms/android-35-ext15/data/res/values-mcc313-mnc100-zh-rHK: Cannot change mode to rwxr-xr-x: Operation not permitted
build	Cache Android SDK	2026-06-06T12:23:03.5734517Z /usr/bin/tar: ../../../../../usr/local/lib/android/sdk/platforms/android-35-ext15/data/res/values-mcc334-mnc020-or: Cannot utime: Operation not permitted
build	Cache Android SDK	2026-06-06T12:23:03.5738087Z /usr/bin/tar: ../../../../../usr/local/lib/android/sdk/platforms/android-35-ext15/data/res/values-mcc334-mnc020-or: Cannot change mode to rwxr-xr-x: Operation not permitted
build	Cache Android SDK	2026-06-06T12:23:03.5738615Z /usr/bin/tar: ../../../../../usr/local/lib/android/sdk/platforms/android-35-ext15/data/res/values-mcc310-mnc150-in: Cannot utime: Operation not permitted
build	Cache Android SDK	2026-06-06T12:23:03.5739383Z /usr/bin/tar: ../../../../../usr/local/lib/android/sdk/platforms/android-35-ext15/data/res/values-mcc310-mnc150-in: Cannot change mode to rwxr-xr-x: Operation not permitted
build	Cache Android SDK	2026-06-06T12:23:03.5741129Z /usr/bin/tar: ../../../../../usr/local/lib/android/sdk/platforms/android-35-ext15/data/res/values-kn-television: Cannot utime: Operation not permitted
build	Cache Android SDK	2026-06-06T12:23:03.5741887Z /usr/bin/tar: ../../../../../usr/local/lib/android/sdk/platforms/android-35-ext15/data/res/values-kn-television: Cannot change mode to rwxr-xr-x: Operation not permitted
build	Cache Android SDK	2026-06-06T12:23:03.5744290Z /usr/bin/tar: ../../../../../usr/local/lib/android/sdk/platforms/android-35-ext15/data/res/values-mcc310-mnc410-cs: Cannot utime: Operation not permitted
build	Cache Android SDK	2026-06-06T12:23:03.5744761Z /usr/bin/tar: ../../../../../usr/local/lib/android/sdk/platforms/android-35-ext15/data/res/values-mcc310-mnc410-cs: Cannot change mode to rwxr-xr-x: Operation not permitted
build	Cache Android SDK	2026-06-06T12:23:03.5747120Z /usr/bin/tar: ../../../../../usr/local/lib/android/sdk/platforms/android-35-ext15/data/res/values-mcc310-mnc200-tr: Cannot utime: Operation not permitted
build	Cache Android SDK	2026-06-06T12:23:03.5747748Z /usr/bin/tar: ../../../../../usr/local/lib/android/sdk/platforms/android-35-ext15/data/res/values-mcc310-mnc200-tr: Cannot change mode to rwxr-xr-x: Operation not permitted
build	Cache Android SDK	2026-06-06T12:23:03.5750509Z /usr/bin/tar: ../../../../../usr/local/lib/android/sdk/platforms/android-35-ext15/data/res/values-mcc310-mnc030-sw: Cannot utime: Operation not permitted
build	Cache Android SDK	2026-06-06T12:23:03.5750985Z /usr/bin/tar: ../../../../../usr/local/lib/android/sdk/platforms/android-35-ext15/data/res/values-mcc310-mnc030-sw: Cannot change mode to rwxr-xr-x: Operation not permitted
build	Cache Android SDK	2026-06-06T12:23:03.5754524Z /usr/bin/tar: ../../../../../usr/local/lib/android/sdk/platforms/android-35-ext15/data/res/values-hi-rIN: Cannot utime: Operation not permitted
build	Cache Android SDK	2026-06-06T12:23:03.5754978Z /usr/bin/tar: ../../../../../usr/local/lib/android/sdk/platforms/android-35-ext15/data/res/values-hi-rIN: Cannot change mode to rwxr-xr-x: Operation not permitted
build	Cache Android SDK	2026-06-06T12:23:03.5757931Z /usr/bin/tar: ../../../../../usr/local/lib/android/sdk/platforms/android-35-ext15/data/res/values-mcc310-mnc170-sk: Cannot utime: Operation not permitted
build	Cache Android SDK	2026-06-06T12:23:03.5758426Z /usr/bin/tar: ../../../../../usr/local/lib/android/sdk/platforms/android-35-ext15/data/res/values-mcc310-mnc170-sk: Cannot change mode to rwxr-xr-x: Operation not permitted
build	Cache Android SDK	2026-06-06T12:23:03.5760766Z /usr/bin/tar: ../../../../../usr/local/lib/android/sdk/platforms/android-35-ext15/data/res/values-mcc310-mnc030-pt: Cannot utime: Operation not permitted
build	Cache Android SDK	2026-06-06T12:23:03.5761245Z /usr/bin/tar: ../../../../../usr/local/lib/android/sdk/platforms/android-35-ext15/data/res/values-mcc310-mnc030-pt: Cannot change mode to rwxr-xr-x: Operation not permitted
build	Cache Android SDK	2026-06-06T12:23:03.5763615Z /usr/bin/tar: ../../../../../usr/local/lib/android/sdk/platforms/android-35-ext15/data/res/values-mcc310-mnc150-b+sr+Latn: Cannot utime: Operation not permitted
build	Cache Android SDK	2026-06-06T12:23:03.5764127Z /usr/bin/tar: ../../../../../usr/local/lib/android/sdk/platforms/android-35-ext15/data/res/values-mcc310-mnc150-b+sr+Latn: Cannot change mode to rwxr-xr-x: Operation not permitted
build	Cache Android SDK	2026-06-06T12:23:03.5766783Z /usr/bin/tar: ../../../../../usr/local/lib/android/sdk/platforms/android-35-ext15/data/res/values-mcc310-mnc160-tl: Cannot utime: Operation not permitted
build	Cache Android SDK	2026-06-06T12:23:03.5767264Z /usr/bin/tar: ../../../../../usr/local/lib/android/sdk/platforms/android-35-ext15/data/res/values-mcc310-mnc160-tl: Cannot change mode to rwxr-xr-x: Operation not permitted
build	Cache Android SDK	2026-06-06T12:23:03.5769804Z /usr/bin/tar: ../../../../../usr/local/lib/android/sdk/platforms/android-35-ext15/data/res/values-mcc310-mnc310-am: Cannot utime: Operation not permitted
build	Cache Android SDK	2026-06-06T12:23:03.5770285Z /usr/bin/tar: ../../../../../usr/local/lib/android/sdk/platforms/android-35-ext15/data/res/values-mcc310-mnc310-am: Cannot change mode to rwxr-xr-x: Operation not permitted
build	Cache Android SDK	2026-06-06T12:23:03.5772824Z /usr/bin/tar: ../../../../../usr/local/lib/android/sdk/platforms/android-35-ext15/data/res/values-mcc310-mnc490-et: Cannot utime: Operation not permitted
build	Cache Android SDK	2026-06-06T12:23:03.5773287Z /usr/bin/tar: ../../../../../usr/local/lib/android/sdk/platforms/android-35-ext15/data/res/values-mcc310-mnc490-et: Cannot change mode to rwxr-xr-x: Operation not permitted
build	Cache Android SDK	2026-06-06T12:23:03.5775557Z /usr/bin/tar: ../../../../../usr/local/lib/android/sdk/platforms/android-35-ext15/data/res/values-mcc310-mnc280-en-rCA: Cannot utime: Operation not permitted
build	Cache Android SDK	2026-06-06T12:23:03.5776045Z /usr/bin/tar: ../../../../../usr/local/lib/android/sdk/platforms/android-35-ext15/data/res/values-mcc310-mnc280-en-rCA: Cannot change mode to rwxr-xr-x: Operation not permitted
build	Cache Android SDK	2026-06-06T12:23:03.5779501Z /usr/bin/tar: ../../../../../usr/local/lib/android/sdk/platforms/android-35-ext15/data/res/values-mcc310-mnc030-az: Cannot utime: Operation not permitted
build	Cache Android SDK	2026-06-06T12:23:03.5780403Z /usr/bin/tar: ../../../../../usr/local/lib/android/sdk/platforms/android-35-ext15/data/res/values-mcc310-mnc030-az: Cannot change mode to rwxr-xr-x: Operation not permitted
build	Cache Android SDK	2026-06-06T12:23:03.5782427Z /usr/bin/tar: ../../../../../usr/local/lib/android/sdk/platforms/android-35-ext15/data/res/values-mcc310-mnc280-mr: Cannot utime: Operation not permitted
build	Cache Android SDK	2026-06-06T12:23:03.5783084Z /usr/bin/tar: ../../../../../usr/local/lib/android/sdk/platforms/android-35-ext15/data/res/values-mcc310-mnc280-mr: Cannot change mode to rwxr-xr-x: Operation not permitted
build	Cache Android SDK	2026-06-06T12:23:03.5785185Z /usr/bin/tar: ../../../../../usr/local/lib/android/sdk/platforms/android-35-ext15/data/res/values-mcc310-mnc170-ko: Cannot utime: Operation not permitted
build	Cache Android SDK	2026-06-06T12:23:03.5785662Z /usr/bin/tar: ../../../../../usr/local/lib/android/sdk/platforms/android-35-ext15/data/res/values-mcc310-mnc170-ko: Cannot change mode to rwxr-xr-x: Operation not permitted
build	Cache Android SDK	2026-06-06T12:23:03.5788351Z /usr/bin/tar: ../../../../../usr/local/lib/android/sdk/platforms/android-35-ext15/data/res/values-mcc310-mnc250-kn: Cannot utime: Operation not permitted
build	Cache Android SDK	2026-06-06T12:23:03.5788901Z /usr/bin/tar: ../../../../../usr/local/lib/android/sdk/platforms/android-35-ext15/data/res/values-mcc310-mnc250-kn: Cannot change mode to rwxr-xr-x: Operation not permitted
build	Cache Android SDK	2026-06-06T12:23:03.5791261Z /usr/bin/tar: ../../../../../usr/local/lib/android/sdk/platforms/android-35-ext15/data/res/values-mcc440-mnc54: Cannot utime: Operation not permitted
build	Cache Android SDK	2026-06-06T12:23:03.5791735Z /usr/bin/tar: ../../../../../usr/local/lib/android/sdk/platforms/android-35-ext15/data/res/values-mcc440-mnc54: Cannot change mode to rwxr-xr-x: Operation not permitted
build	Cache Android SDK	2026-06-06T12:23:03.5793998Z /usr/bin/tar: ../../../../../usr/local/lib/android/sdk/platforms/android-35-ext15/data/res/values-mcc310-mnc660-en-rIN: Cannot utime: Operation not permitted
build	Cache Android SDK	2026-06-06T12:23:03.5794629Z /usr/bin/tar: ../../../../../usr/local/lib/android/sdk/platforms/android-35-ext15/data/res/values-mcc310-mnc660-en-rIN: Cannot change mode to rwxr-xr-x: Operation not permitted
build	Cache Android SDK	2026-06-06T12:23:03.5796774Z /usr/bin/tar: ../../../../../usr/local/lib/android/sdk/platforms/android-35-ext15/data/res/values-iw-rIL: Cannot utime: Operation not permitted
build	Cache Android SDK	2026-06-06T12:23:03.5797300Z /usr/bin/tar: ../../../../../usr/local/lib/android/sdk/platforms/android-35-ext15/data/res/values-iw-rIL: Cannot change mode to rwxr-xr-x: Operation not permitted
build	Cache Android SDK	2026-06-06T12:23:03.5800065Z /usr/bin/tar: ../../../../../usr/local/lib/android/sdk/platforms/android-35-ext15/data/res/values-mcc310-mnc220-az: Cannot utime: Operation not permitted
build	Cache Android SDK	2026-06-06T12:23:03.5800565Z /usr/bin/tar: ../../../../../usr/local/lib/android/sdk/platforms/android-35-ext15/data/res/values-mcc310-mnc220-az: Cannot change mode to rwxr-xr-x: Operation not permitted
build	Cache Android SDK	2026-06-06T12:23:03.5803591Z /usr/bin/tar: ../../../../../usr/local/lib/android/sdk/platforms/android-35-ext15/data/res/values-mcc310-mnc200-mk: Cannot utime: Operation not permitted
build	Cache Android SDK	2026-06-06T12:23:03.5804173Z /usr/bin/tar: ../../../../../usr/local/lib/android/sdk/platforms/android-35-ext15/data/res/values-mcc310-mnc200-mk: Cannot change mode to rwxr-xr-x: Operation not permitted
build	Cache Android SDK	2026-06-06T12:23:03.5806717Z /usr/bin/tar: ../../../../../usr/local/lib/android/sdk/platforms/android-35-ext15/data/res/values-mcc334-mnc020-iw: Cannot utime: Operation not permitted
build	Cache Android SDK	2026-06-06T12:23:03.5807196Z /usr/bin/tar: ../../../../../usr/local/lib/android/sdk/platforms/android-35-ext15/data/res/values-mcc334-mnc020-iw: Cannot change mode to rwxr-xr-x: Operation not permitted
build	Cache Android SDK	2026-06-06T12:23:03.5809864Z /usr/bin/tar: ../../../../../usr/local/lib/android/sdk/platforms/android-35-ext15/data/res/values-mcc310-mnc380-pt-rPT: Cannot utime: Operation not permitted
build	Cache Android SDK	2026-06-06T12:23:03.5810359Z /usr/bin/tar: ../../../../../usr/local/lib/android/sdk/platforms/android-35-ext15/data/res/values-mcc310-mnc380-pt-rPT: Cannot change mode to rwxr-xr-x: Operation not permitted
build	Cache Android SDK	2026-06-06T12:23:03.5812566Z /usr/bin/tar: ../../../../../usr/local/lib/android/sdk/platforms/android-35-ext15/data/res/values-mcc310-mnc210-sk: Cannot utime: Operation not permitted
build	Cache Android SDK	2026-06-06T12:23:03.5813107Z /usr/bin/tar: ../../../../../usr/local/lib/android/sdk/platforms/android-35-ext15/data/res/values-mcc310-mnc210-sk: Cannot change mode to rwxr-xr-x: Operation not permitted
build	Cache Android SDK	2026-06-06T12:23:03.5815572Z /usr/bin/tar: ../../../../../usr/local/lib/android/sdk/platforms/android-35-ext15/data/res/values-mcc310-mnc160-uz: Cannot utime: Operation not permitted
build	Cache Android SDK	2026-06-06T12:23:03.5816097Z /usr/bin/tar: ../../../../../usr/local/lib/android/sdk/platforms/android-35-ext15/data/res/values-mcc310-mnc160-uz: Cannot change mode to rwxr-xr-x: Operation not permitted
build	Cache Android SDK	2026-06-06T12:23:03.5818917Z /usr/bin/tar: ../../../../../usr/local/lib/android/sdk/platforms/android-35-ext15/data/res/values-mcc310-mnc250-bg: Cannot utime: Operation not permitted
build	Cache Android SDK	2026-06-06T12:23:03.5819401Z /usr/bin/tar: ../../../../../usr/local/lib/android/sdk/platforms/android-35-ext15/data/res/values-mcc310-mnc250-bg: Cannot change mode to rwxr-xr-x: Operation not permitted
build	Cache Android SDK	2026-06-06T12:23:03.5821833Z /usr/bin/tar: ../../../../../usr/local/lib/android/sdk/platforms/android-35-ext15/data/res/values-mcc310-mnc410-km: Cannot utime: Operation not permitted
build	Cache Android SDK	2026-06-06T12:23:03.5822303Z /usr/bin/tar: ../../../../../usr/local/lib/android/sdk/platforms/android-35-ext15/data/res/values-mcc310-mnc410-km: Cannot change mode to rwxr-xr-x: Operation not permitted
build	Cache Android SDK	2026-06-06T12:23:03.5828465Z /usr/bin/tar: ../../../../../usr/local/lib/android/sdk/platforms/android-35-ext15/data/res/values-lv: Cannot utime: Operation not permitted
build	Cache Android SDK	2026-06-06T12:23:03.5829343Z /usr/bin/tar: ../../../../../usr/local/lib/android/sdk/platforms/android-35-ext15/data/res/values-lv: Cannot change mode to rwxr-xr-x: Operation not permitted
build	Cache Android SDK	2026-06-06T12:23:03.5831518Z /usr/bin/tar: ../../../../../usr/local/lib/android/sdk/platforms/android-35-ext15/data/res/values-mcc334-mnc020-vi: Cannot utime: Operation not permitted
build	Cache Android SDK	2026-06-06T12:23:03.5832146Z /usr/bin/tar: ../../../../../usr/local/lib/android/sdk/platforms/android-35-ext15/data/res/values-mcc334-mnc020-vi: Cannot change mode to rwxr-xr-x: Operation not permitted
build	Cache Android SDK	2026-06-06T12:23:03.5834305Z /usr/bin/tar: ../../../../../usr/local/lib/android/sdk/platforms/android-35-ext15/data/res/values-mcc310-mnc210-en-rAU: Cannot utime: Operation not permitted
build	Cache Android SDK	2026-06-06T12:23:03.5834934Z /usr/bin/tar: ../../../../../usr/local/lib/android/sdk/platforms/android-35-ext15/data/res/values-mcc310-mnc210-en-rAU: Cannot change mode to rwxr-xr-x: Operation not permitted
build	Cache Android SDK	2026-06-06T12:23:03.5837678Z /usr/bin/tar: ../../../../../usr/local/lib/android/sdk/platforms/android-35-ext15/data/res/values-mcc310-mnc560-ka: Cannot utime: Operation not permitted
build	Cache Android SDK	2026-06-06T12:23:03.5838171Z /usr/bin/tar: ../../../../../usr/local/lib/android/sdk/platforms/android-35-ext15/data/res/values-mcc310-mnc560-ka: Cannot change mode to rwxr-xr-x: Operation not permitted
build	Cache Android SDK	2026-06-06T12:23:03.5848598Z /usr/bin/tar: ../../../../../usr/local/lib/android/sdk/platforms/android-35-ext15/data/res/values-mr: Cannot utime: Operation not permitted
build	Cache Android SDK	2026-06-06T12:23:03.5849135Z /usr/bin/tar: ../../../../../usr/local/lib/android/sdk/platforms/android-35-ext15/data/res/values-mr: Cannot change mode to rwxr-xr-x: Operation not permitted
build	Cache Android SDK	2026-06-06T12:23:03.5849822Z /usr/bin/tar: ../../../../../usr/local/lib/android/sdk/platforms/android-35-ext15/data/res/values-mcc310-mnc030-en-rAU: Cannot utime: Operation not permitted
build	Cache Android SDK	2026-06-06T12:23:03.5850787Z /usr/bin/tar: ../../../../../usr/local/lib/android/sdk/platforms/android-35-ext15/data/res/values-mcc310-mnc030-en-rAU: Cannot change mode to rwxr-xr-x: Operation not permitted
build	Cache Android SDK	2026-06-06T12:23:03.5851437Z /usr/bin/tar: ../../../../../usr/local/lib/android/sdk/platforms/android-35-ext15/data/res/values-sk-television: Cannot utime: Operation not permitted
build	Cache Android SDK	2026-06-06T12:23:03.5851906Z /usr/bin/tar: ../../../../../usr/local/lib/android/sdk/platforms/android-35-ext15/data/res/values-sk-television: Cannot change mode to rwxr-xr-x: Operation not permitted
build	Cache Android SDK	2026-06-06T12:23:03.5855383Z /usr/bin/tar: ../../../../../usr/local/lib/android/sdk/platforms/android-35-ext15/data/res/values-mcc310-mnc310-fr-rCA: Cannot utime: Operation not permitted
build	Cache Android SDK	2026-06-06T12:23:03.5855884Z /usr/bin/tar: ../../../../../usr/local/lib/android/sdk/platforms/android-35-ext15/data/res/values-mcc310-mnc310-fr-rCA: Cannot change mode to rwxr-xr-x: Operation not permitted
build	Cache Android SDK	2026-06-06T12:23:03.5859002Z /usr/bin/tar: ../../../../../usr/local/lib/android/sdk/platforms/android-35-ext15/data/res/values-mcc310-mnc230-fr: Cannot utime: Operation not permitted
build	Cache Android SDK	2026-06-06T12:23:03.5859486Z /usr/bin/tar: ../../../../../usr/local/lib/android/sdk/platforms/android-35-ext15/data/res/values-mcc310-mnc230-fr: Cannot change mode to rwxr-xr-x: Operation not permitted
build	Cache Android SDK	2026-06-06T12:23:03.5862056Z /usr/bin/tar: ../../../../../usr/local/lib/android/sdk/platforms/android-35-ext15/data/res/values-mcc313-mnc100-kk: Cannot utime: Operation not permitted
build	Cache Android SDK	2026-06-06T12:23:03.5862529Z /usr/bin/tar: ../../../../../usr/local/lib/android/sdk/platforms/android-35-ext15/data/res/values-mcc313-mnc100-kk: Cannot change mode to rwxr-xr-x: Operation not permitted
build	Cache Android SDK	2026-06-06T12:23:03.5865941Z /usr/bin/tar: ../../../../../usr/local/lib/android/sdk/platforms/android-35-ext15/data/res/values-mcc313-mnc100-zh-rCN: Cannot utime: Operation not permitted
build	Cache Android SDK	2026-06-06T12:23:03.5866465Z /usr/bin/tar: ../../../../../usr/local/lib/android/sdk/platforms/android-35-ext15/data/res/values-mcc313-mnc100-zh-rCN: Cannot change mode to rwxr-xr-x: Operation not permitted
build	Cache Android SDK	2026-06-06T12:23:03.5871741Z /usr/bin/tar: ../../../../../usr/local/lib/android/sdk/platforms/android-35-ext15/data/res/values-mcc310-mnc170-zh-rHK: Cannot utime: Operation not permitted
build	Cache Android SDK	2026-06-06T12:23:03.5872360Z /usr/bin/tar: ../../../../../usr/local/lib/android/sdk/platforms/android-35-ext15/data/res/values-mcc310-mnc170-zh-rHK: Cannot change mode to rwxr-xr-x: Operation not permitted
build	Cache Android SDK	2026-06-06T12:23:03.5875474Z /usr/bin/tar: ../../../../../usr/local/lib/android/sdk/platforms/android-35-ext15/data/res/values-mcc310-mnc270-ta: Cannot utime: Operation not permitted
build	Cache Android SDK	2026-06-06T12:23:03.5876063Z /usr/bin/tar: ../../../../../usr/local/lib/android/sdk/platforms/android-35-ext15/data/res/values-mcc310-mnc270-ta: Cannot change mode to rwxr-xr-x: Operation not permitted
build	Cache Android SDK	2026-06-06T12:23:03.5879655Z /usr/bin/tar: ../../../../../usr/local/lib/android/sdk/platforms/android-35-ext15/data/res/values-hy-television: Cannot utime: Operation not permitted
build	Cache Android SDK	2026-06-06T12:23:03.5880186Z /usr/bin/tar: ../../../../../usr/local/lib/android/sdk/platforms/android-35-ext15/data/res/values-hy-television: Cannot change mode to rwxr-xr-x: Operation not permitted
build	Cache Android SDK	2026-06-06T12:23:03.5883167Z /usr/bin/tar: ../../../../../usr/local/lib/android/sdk/platforms/android-35-ext15/data/res/values-mcc310-mnc150-pt: Cannot utime: Operation not permitted
build	Cache Android SDK	2026-06-06T12:23:03.5883663Z /usr/bin/tar: ../../../../../usr/local/lib/android/sdk/platforms/android-35-ext15/data/res/values-mcc310-mnc150-pt: Cannot change mode to rwxr-xr-x: Operation not permitted
build	Cache Android SDK	2026-06-06T12:23:03.5886207Z /usr/bin/tar: ../../../../../usr/local/lib/android/sdk/platforms/android-35-ext15/data/res/values-mcc310-mnc270-hr: Cannot utime: Operation not permitted
build	Cache Android SDK	2026-06-06T12:23:03.5886688Z /usr/bin/tar: ../../../../../usr/local/lib/android/sdk/platforms/android-35-ext15/data/res/values-mcc310-mnc270-hr: Cannot change mode to rwxr-xr-x: Operation not permitted
build	Cache Android SDK	2026-06-06T12:23:03.5889415Z /usr/bin/tar: ../../../../../usr/local/lib/android/sdk/platforms/android-35-ext15/data/res/values-mcc302-mnc720-fa: Cannot utime: Operation not permitted
build	Cache Android SDK	2026-06-06T12:23:03.5889884Z /usr/bin/tar: ../../../../../usr/local/lib/android/sdk/platforms/android-35-ext15/data/res/values-mcc302-mnc720-fa: Cannot change mode to rwxr-xr-x: Operation not permitted
build	Cache Android SDK	2026-06-06T12:23:03.5892440Z /usr/bin/tar: ../../../../../usr/local/lib/android/sdk/platforms/android-35-ext15/data/res/values-mcc310-mnc310-ml: Cannot utime: Operation not permitted
build	Cache Android SDK	2026-06-06T12:23:03.5892931Z /usr/bin/tar: ../../../../../usr/local/lib/android/sdk/platforms/android-35-ext15/data/res/values-mcc310-mnc310-ml: Cannot change mode to rwxr-xr-x: Operation not permitted
build	Cache Android SDK	2026-06-06T12:23:03.5895239Z /usr/bin/tar: ../../../../../usr/local/lib/android/sdk/platforms/android-35-ext15/data/res/values-mcc310-mnc380-hy: Cannot utime: Operation not permitted
build	Cache Android SDK	2026-06-06T12:23:03.5895801Z /usr/bin/tar: ../../../../../usr/local/lib/android/sdk/platforms/android-35-ext15/data/res/values-mcc310-mnc380-hy: Cannot change mode to rwxr-xr-x: Operation not permitted
build	Cache Android SDK	2026-06-06T12:23:03.5897928Z /usr/bin/tar: ../../../../../usr/local/lib/android/sdk/platforms/android-35-ext15/data/res/values-mcc001-mnc01-kk: Cannot utime: Operation not permitted
build	Cache Android SDK	2026-06-06T12:23:03.5898399Z /usr/bin/tar: ../../../../../usr/local/lib/android/sdk/platforms/android-35-ext15/data/res/values-mcc001-mnc01-kk: Cannot change mode to rwxr-xr-x: Operation not permitted
build	Cache Android SDK	2026-06-06T12:23:03.5905298Z /usr/bin/tar: ../../../../../usr/local/lib/android/sdk/platforms/android-35-ext15/data/res/values-ja: Cannot utime: Operation not permitted
build	Cache Android SDK	2026-06-06T12:23:03.5905883Z /usr/bin/tar: ../../../../../usr/local/lib/android/sdk/platforms/android-35-ext15/data/res/values-ja: Cannot change mode to rwxr-xr-x: Operation not permitted
build	Cache Android SDK	2026-06-06T12:23:03.5908638Z /usr/bin/tar: ../../../../../usr/local/lib/android/sdk/platforms/android-35-ext15/data/res/values-mcc310-mnc270-es: Cannot utime: Operation not permitted
build	Cache Android SDK	2026-06-06T12:23:03.5909234Z /usr/bin/tar: ../../../../../usr/local/lib/android/sdk/platforms/android-35-ext15/data/res/values-mcc310-mnc270-es: Cannot change mode to rwxr-xr-x: Operation not permitted
build	Cache Android SDK	2026-06-06T12:23:03.5911798Z /usr/bin/tar: ../../../../../usr/local/lib/android/sdk/platforms/android-35-ext15/data/res/values-mcc310-mnc230-az: Cannot utime: Operation not permitted
build	Cache Android SDK	2026-06-06T12:23:03.5912486Z /usr/bin/tar: ../../../../../usr/local/lib/android/sdk/platforms/android-35-ext15/data/res/values-mcc310-mnc230-az: Cannot change mode to rwxr-xr-x: Operation not permitted
build	Cache Android SDK	2026-06-06T12:23:03.5914904Z /usr/bin/tar: ../../../../../usr/local/lib/android/sdk/platforms/android-35-ext15/data/res/values-mcc313-mnc100-hi: Cannot utime: Operation not permitted
build	Cache Android SDK	2026-06-06T12:23:03.5915485Z /usr/bin/tar: ../../../../../usr/local/lib/android/sdk/platforms/android-35-ext15/data/res/values-mcc313-mnc100-hi: Cannot change mode to rwxr-xr-x: Operation not permitted
build	Cache Android SDK	2026-06-06T12:23:03.5918235Z /usr/bin/tar: ../../../../../usr/local/lib/android/sdk/platforms/android-35-ext15/data/res/values-mcc310-mnc240-zh-rTW: Cannot utime: Operation not permitted
build	Cache Android SDK	2026-06-06T12:23:03.5918836Z /usr/bin/tar: ../../../../../usr/local/lib/android/sdk/platforms/android-35-ext15/data/res/values-mcc310-mnc240-zh-rTW: Cannot change mode to rwxr-xr-x: Operation not permitted
build	Cache Android SDK	2026-06-06T12:23:03.5921727Z /usr/bin/tar: ../../../../../usr/local/lib/android/sdk/platforms/android-35-ext15/data/res/values-mcc310-mnc210-es: Cannot utime: Operation not permitted
build	Cache Android SDK	2026-06-06T12:23:03.5922389Z /usr/bin/tar: ../../../../../usr/local/lib/android/sdk/platforms/android-35-ext15/data/res/values-mcc310-mnc210-es: Cannot change mode to rwxr-xr-x: Operation not permitted
build	Cache Android SDK	2026-06-06T12:23:03.5925848Z /usr/bin/tar: ../../../../../usr/local/lib/android/sdk/platforms/android-35-ext15/data/res/values-mcc310-mnc150-ca: Cannot utime: Operation not permitted
build	Cache Android SDK	2026-06-06T12:23:03.5926424Z /usr/bin/tar: ../../../../../usr/local/lib/android/sdk/platforms/android-35-ext15/data/res/values-mcc310-mnc150-ca: Cannot change mode to rwxr-xr-x: Operation not permitted
build	Cache Android SDK	2026-06-06T12:23:03.5929457Z /usr/bin/tar: ../../../../../usr/local/lib/android/sdk/platforms/android-35-ext15/data/res/values-mcc310-mnc210-te: Cannot utime: Operation not permitted
build	Cache Android SDK	2026-06-06T12:23:03.5929918Z /usr/bin/tar: ../../../../../usr/local/lib/android/sdk/platforms/android-35-ext15/data/res/values-mcc310-mnc210-te: Cannot change mode to rwxr-xr-x: Operation not permitted
build	Cache Android SDK	2026-06-06T12:23:03.5933282Z /usr/bin/tar: ../../../../../usr/local/lib/android/sdk/platforms/android-35-ext15/data/res/values-mcc310-mnc210-hy: Cannot utime: Operation not permitted
build	Cache Android SDK	2026-06-06T12:23:03.5933756Z /usr/bin/tar: ../../../../../usr/local/lib/android/sdk/platforms/android-35-ext15/data/res/values-mcc310-mnc210-hy: Cannot change mode to rwxr-xr-x: Operation not permitted
build	Cache Android SDK	2026-06-06T12:23:03.5936245Z /usr/bin/tar: ../../../../../usr/local/lib/android/sdk/platforms/android-35-ext15/data/res/values-mcc334-mnc020-is: Cannot utime: Operation not permitted
build	Cache Android SDK	2026-06-06T12:23:03.5936803Z /usr/bin/tar: ../../../../../usr/local/lib/android/sdk/platforms/android-35-ext15/data/res/values-mcc334-mnc020-is: Cannot change mode to rwxr-xr-x: Operation not permitted
build	Cache Android SDK	2026-06-06T12:23:03.5939513Z /usr/bin/tar: ../../../../../usr/local/lib/android/sdk/platforms/android-35-ext15/data/res/values-mcc310-mnc220-b+sr+Latn: Cannot utime: Operation not permitted
build	Cache Android SDK	2026-06-06T12:23:03.5940008Z /usr/bin/tar: ../../../../../usr/local/lib/android/sdk/platforms/android-35-ext15/data/res/values-mcc310-mnc220-b+sr+Latn: Cannot change mode to rwxr-xr-x: Operation not permitted
build	Cache Android SDK	2026-06-06T12:23:03.5942759Z /usr/bin/tar: ../../../../../usr/local/lib/android/sdk/platforms/android-35-ext15/data/res/values-mcc310-mnc200-cs: Cannot utime: Operation not permitted
build	Cache Android SDK	2026-06-06T12:23:03.5943231Z /usr/bin/tar: ../../../../../usr/local/lib/android/sdk/platforms/android-35-ext15/data/res/values-mcc310-mnc200-cs: Cannot change mode to rwxr-xr-x: Operation not permitted
build	Cache Android SDK	2026-06-06T12:23:03.5946029Z /usr/bin/tar: ../../../../../usr/local/lib/android/sdk/platforms/android-35-ext15/data/res/values-it-rIT: Cannot utime: Operation not permitted
build	Cache Android SDK	2026-06-06T12:23:03.5946470Z /usr/bin/tar: ../../../../../usr/local/lib/android/sdk/platforms/android-35-ext15/data/res/values-it-rIT: Cannot change mode to rwxr-xr-x: Operation not permitted
build	Cache Android SDK	2026-06-06T12:23:03.5949475Z /usr/bin/tar: ../../../../../usr/local/lib/android/sdk/platforms/android-35-ext15/data/res/values-mcc310-mnc950-sv: Cannot utime: Operation not permitted
build	Cache Android SDK	2026-06-06T12:23:03.5949938Z /usr/bin/tar: ../../../../../usr/local/lib/android/sdk/platforms/android-35-ext15/data/res/values-mcc310-mnc950-sv: Cannot change mode to rwxr-xr-x: Operation not permitted
build	Cache Android SDK	2026-06-06T12:23:03.5952597Z /usr/bin/tar: ../../../../../usr/local/lib/android/sdk/platforms/android-35-ext15/data/res/values-mcc310-mnc030-pl: Cannot utime: Operation not permitted
build	Cache Android SDK	2026-06-06T12:23:03.5953069Z /usr/bin/tar: ../../../../../usr/local/lib/android/sdk/platforms/android-35-ext15/data/res/values-mcc310-mnc030-pl: Cannot change mode to rwxr-xr-x: Operation not permitted
build	Cache Android SDK	2026-06-06T12:23:03.5955488Z /usr/bin/tar: ../../../../../usr/local/lib/android/sdk/platforms/android-35-ext15/data/res/values-mcc404: Cannot utime: Operation not permitted
build	Cache Android SDK	2026-06-06T12:23:03.5955926Z /usr/bin/tar: ../../../../../usr/local/lib/android/sdk/platforms/android-35-ext15/data/res/values-mcc404: Cannot change mode to rwxr-xr-x: Operation not permitted
build	Cache Android SDK	2026-06-06T12:23:03.5959196Z /usr/bin/tar: ../../../../../usr/local/lib/android/sdk/platforms/android-35-ext15/data/res/values-mcc310-mnc490-zh-rHK: Cannot utime: Operation not permitted
build	Cache Android SDK	2026-06-06T12:23:03.5960261Z /usr/bin/tar: ../../../../../usr/local/lib/android/sdk/platforms/android-35-ext15/data/res/values-mcc310-mnc490-zh-rHK: Cannot change mode to rwxr-xr-x: Operation not permitted
build	Cache Android SDK	2026-06-06T12:23:03.5962134Z /usr/bin/tar: ../../../../../usr/local/lib/android/sdk/platforms/android-35-ext15/data/res/values-mcc334-mnc020-eu: Cannot utime: Operation not permitted
build	Cache Android SDK	2026-06-06T12:23:03.5962767Z /usr/bin/tar: ../../../../../usr/local/lib/android/sdk/platforms/android-35-ext15/data/res/values-mcc334-mnc020-eu: Cannot change mode to rwxr-xr-x: Operation not permitted
build	Cache Android SDK	2026-06-06T12:23:03.5965194Z /usr/bin/tar: ../../../../../usr/local/lib/android/sdk/platforms/android-35-ext15/data/res/values-mcc302-mnc370-gl: Cannot utime: Operation not permitted
build	Cache Android SDK	2026-06-06T12:23:03.5965669Z /usr/bin/tar: ../../../../../usr/local/lib/android/sdk/platforms/android-35-ext15/data/res/values-mcc302-mnc370-gl: Cannot change mode to rwxr-xr-x: Operation not permitted
build	Cache Android SDK	2026-06-06T12:23:03.5968763Z /usr/bin/tar: ../../../../../usr/local/lib/android/sdk/platforms/android-35-ext15/data/res/values-mcc310-mnc210-hr: Cannot utime: Operation not permitted
build	Cache Android SDK	2026-06-06T12:23:03.5969232Z /usr/bin/tar: ../../../../../usr/local/lib/android/sdk/platforms/android-35-ext15/data/res/values-mcc310-mnc210-hr: Cannot change mode to rwxr-xr-x: Operation not permitted
build	Cache Android SDK	2026-06-06T12:23:03.5971717Z /usr/bin/tar: ../../../../../usr/local/lib/android/sdk/platforms/android-35-ext15/data/res/values-mcc001-mnc01-mr: Cannot utime: Operation not permitted
build	Cache Android SDK	2026-06-06T12:23:03.5972187Z /usr/bin/tar: ../../../../../usr/local/lib/android/sdk/platforms/android-35-ext15/data/res/values-mcc001-mnc01-mr: Cannot change mode to rwxr-xr-x: Operation not permitted
build	Cache Android SDK	2026-06-06T12:23:03.5974636Z /usr/bin/tar: ../../../../../usr/local/lib/android/sdk/platforms/android-35-ext15/data/res/values-mcc310-mnc150-tl: Cannot utime: Operation not permitted
build	Cache Android SDK	2026-06-06T12:23:03.5975115Z /usr/bin/tar: ../../../../../usr/local/lib/android/sdk/platforms/android-35-ext15/data/res/values-mcc310-mnc150-tl: Cannot change mode to rwxr-xr-x: Operation not permitted
build	Cache Android SDK	2026-06-06T12:23:03.5983765Z /usr/bin/tar: ../../../../../usr/local/lib/android/sdk/platforms/android-35-ext15/data/res/values-km: Cannot utime: Operation not permitted
build	Cache Android SDK	2026-06-06T12:23:03.5984515Z /usr/bin/tar: ../../../../../usr/local/lib/android/sdk/platforms/android-35-ext15/data/res/values-km: Cannot change mode to rwxr-xr-x: Operation not permitted
build	Cache Android SDK	2026-06-06T12:23:03.5987742Z /usr/bin/tar: ../../../../../usr/local/lib/android/sdk/platforms/android-35-ext15/data/res/values-mcc302-mnc370-be: Cannot utime: Operation not permitted
build	Cache Android SDK	2026-06-06T12:23:03.5988295Z /usr/bin/tar: ../../../../../usr/local/lib/android/sdk/platforms/android-35-ext15/data/res/values-mcc302-mnc370-be: Cannot change mode to rwxr-xr-x: Operation not permitted
build	Cache Android SDK	2026-06-06T12:23:03.5991006Z /usr/bin/tar: ../../../../../usr/local/lib/android/sdk/platforms/android-35-ext15/data/res/values-mcc310-mnc380-uk: Cannot utime: Operation not permitted
build	Cache Android SDK	2026-06-06T12:23:03.5991485Z /usr/bin/tar: ../../../../../usr/local/lib/android/sdk/platforms/android-35-ext15/data/res/values-mcc310-mnc380-uk: Cannot change mode to rwxr-xr-x: Operation not permitted
build	Cache Android SDK	2026-06-06T12:23:03.5994260Z /usr/bin/tar: ../../../../../usr/local/lib/android/sdk/platforms/android-35-ext15/data/res/values-mcc302-mnc370-uk: Cannot utime: Operation not permitted
build	Cache Android SDK	2026-06-06T12:23:03.5994748Z /usr/bin/tar: ../../../../../usr/local/lib/android/sdk/platforms/android-35-ext15/data/res/values-mcc302-mnc370-uk: Cannot change mode to rwxr-xr-x: Operation not permitted
build	Cache Android SDK	2026-06-06T12:23:03.5996952Z /usr/bin/tar: ../../../../../usr/local/lib/android/sdk/platforms/android-35-ext15/data/res/values-mcc001-mnc01-lt: Cannot utime: Operation not permitted
build	Cache Android SDK	2026-06-06T12:23:03.5997593Z /usr/bin/tar: ../../../../../usr/local/lib/android/sdk/platforms/android-35-ext15/data/res/values-mcc001-mnc01-lt: Cannot change mode to rwxr-xr-x: Operation not permitted
build	Cache Android SDK	2026-06-06T12:23:03.5999930Z /usr/bin/tar: ../../../../../usr/local/lib/android/sdk/platforms/android-35-ext15/data/res/values-mcc310-mnc560-en-rCA: Cannot utime: Operation not permitted
build	Cache Android SDK	2026-06-06T12:23:03.6000421Z /usr/bin/tar: ../../../../../usr/local/lib/android/sdk/platforms/android-35-ext15/data/res/values-mcc310-mnc560-en-rCA: Cannot change mode to rwxr-xr-x: Operation not permitted
build	Cache Android SDK	2026-06-06T12:23:03.6002735Z /usr/bin/tar: ../../../../../usr/local/lib/android/sdk/platforms/android-35-ext15/data/res/values-mcc310-mnc310-uk: Cannot utime: Operation not permitted
build	Cache Android SDK	2026-06-06T12:23:03.6003301Z /usr/bin/tar: ../../../../../usr/local/lib/android/sdk/platforms/android-35-ext15/data/res/values-mcc310-mnc310-uk: Cannot change mode to rwxr-xr-x: Operation not permitted
build	Cache Android SDK	2026-06-06T12:23:03.6005697Z /usr/bin/tar: ../../../../../usr/local/lib/android/sdk/platforms/android-35-ext15/data/res/values-mcc302-mnc720-uk: Cannot utime: Operation not permitted
build	Cache Android SDK	2026-06-06T12:23:03.6006249Z /usr/bin/tar: ../../../../../usr/local/lib/android/sdk/platforms/android-35-ext15/data/res/values-mcc302-mnc720-uk: Cannot change mode to rwxr-xr-x: Operation not permitted
build	Cache Android SDK	2026-06-06T12:23:03.6008317Z /usr/bin/tar: ../../../../../usr/local/lib/android/sdk/platforms/android-35-ext15/data/res/values-mcc310-mnc240-ka: Cannot utime: Operation not permitted
build	Cache Android SDK	2026-06-06T12:23:03.6008945Z /usr/bin/tar: ../../../../../usr/local/lib/android/sdk/platforms/android-35-ext15/data/res/values-mcc310-mnc240-ka: Cannot change mode to rwxr-xr-x: Operation not permitted
build	Cache Android SDK	2026-06-06T12:23:03.6016041Z /usr/bin/tar: ../../../../../usr/local/lib/android/sdk/platforms/android-35-ext15/data/res/values-watch: Cannot utime: Operation not permitted
build	Cache Android SDK	2026-06-06T12:23:03.6017002Z /usr/bin/tar: ../../../../../usr/local/lib/android/sdk/platforms/android-35-ext15/data/res/values-watch: Cannot change mode to rwxr-xr-x: Operation not permitted
build	Cache Android SDK	2026-06-06T12:23:03.6019798Z /usr/bin/tar: ../../../../../usr/local/lib/android/sdk/platforms/android-35-ext15/data/res/values-mcc310-mnc800-bs: Cannot utime: Operation not permitted
build	Cache Android SDK	2026-06-06T12:23:03.6020427Z /usr/bin/tar: ../../../../../usr/local/lib/android/sdk/platforms/android-35-ext15/data/res/values-mcc310-mnc800-bs: Cannot change mode to rwxr-xr-x: Operation not permitted
build	Cache Android SDK	2026-06-06T12:23:03.6022701Z /usr/bin/tar: ../../../../../usr/local/lib/android/sdk/platforms/android-35-ext15/data/res/values-mcc310-mnc150-az: Cannot utime: Operation not permitted
build	Cache Android SDK	2026-06-06T12:23:03.6023325Z /usr/bin/tar: ../../../../../usr/local/lib/android/sdk/platforms/android-35-ext15/data/res/values-mcc310-mnc150-az: Cannot change mode to rwxr-xr-x: Operation not permitted
build	Cache Android SDK	2026-06-06T12:23:03.6031086Z /usr/bin/tar: ../../../../../usr/local/lib/android/sdk/platforms/android-35-ext15/data/res/values-kn: Cannot utime: Operation not permitted
build	Cache Android SDK	2026-06-06T12:23:03.6031760Z /usr/bin/tar: ../../../../../usr/local/lib/android/sdk/platforms/android-35-ext15/data/res/values-kn: Cannot change mode to rwxr-xr-x: Operation not permitted
build	Cache Android SDK	2026-06-06T12:23:03.6034275Z /usr/bin/tar: ../../../../../usr/local/lib/android/sdk/platforms/android-35-ext15/data/res/values-mcc310-mnc490-pt: Cannot utime: Operation not permitted
build	Cache Android SDK	2026-06-06T12:23:03.6034879Z /usr/bin/tar: ../../../../../usr/local/lib/android/sdk/platforms/android-35-ext15/data/res/values-mcc310-mnc490-pt: Cannot change mode to rwxr-xr-x: Operation not permitted
build	Cache Android SDK	2026-06-06T12:23:03.6037205Z /usr/bin/tar: ../../../../../usr/local/lib/android/sdk/platforms/android-35-ext15/data/res/values-mcc310-mnc280-or: Cannot utime: Operation not permitted
build	Cache Android SDK	2026-06-06T12:23:03.6038002Z /usr/bin/tar: ../../../../../usr/local/lib/android/sdk/platforms/android-35-ext15/data/res/values-mcc310-mnc280-or: Cannot change mode to rwxr-xr-x: Operation not permitted
build	Cache Android SDK	2026-06-06T12:23:03.6040670Z /usr/bin/tar: ../../../../../usr/local/lib/android/sdk/platforms/android-35-ext15/data/res/values-mcc311-mnc180-iw: Cannot utime: Operation not permitted
build	Cache Android SDK	2026-06-06T12:23:03.6041365Z /usr/bin/tar: ../../../../../usr/local/lib/android/sdk/platforms/android-35-ext15/data/res/values-mcc311-mnc180-iw: Cannot change mode to rwxr-xr-x: Operation not permitted
build	Cache Android SDK	2026-06-06T12:23:03.6043678Z /usr/bin/tar: ../../../../../usr/local/lib/android/sdk/platforms/android-35-ext15/data/res/values-ru-watch: Cannot utime: Operation not permitted
build	Cache Android SDK	2026-06-06T12:23:03.6044133Z /usr/bin/tar: ../../../../../usr/local/lib/android/sdk/platforms/android-35-ext15/data/res/values-ru-watch: Cannot change mode to rwxr-xr-x: Operation not permitted
build	Cache Android SDK	2026-06-06T12:23:03.6047103Z /usr/bin/tar: ../../../../../usr/local/lib/android/sdk/platforms/android-35-ext15/data/res/values-mcc310-mnc800-sl: Cannot utime: Operation not permitted
build	Cache Android SDK	2026-06-06T12:23:03.6047690Z /usr/bin/tar: ../../../../../usr/local/lib/android/sdk/platforms/android-35-ext15/data/res/values-mcc310-mnc800-sl: Cannot change mode to rwxr-xr-x: Operation not permitted
build	Cache Android SDK	2026-06-06T12:23:03.6050721Z /usr/bin/tar: ../../../../../usr/local/lib/android/sdk/platforms/android-35-ext15/data/res/layout-round-watch: Cannot utime: Operation not permitted
build	Cache Android SDK	2026-06-06T12:23:03.6051177Z /usr/bin/tar: ../../../../../usr/local/lib/android/sdk/platforms/android-35-ext15/data/res/layout-round-watch: Cannot change mode to rwxr-xr-x: Operation not permitted
build	Cache Android SDK	2026-06-06T12:23:03.6054030Z /usr/bin/tar: ../../../../../usr/local/lib/android/sdk/platforms/android-35-ext15/data/res/values-w640dp: Cannot utime: Operation not permitted
build	Cache Android SDK	2026-06-06T12:23:03.6054546Z /usr/bin/tar: ../../../../../usr/local/lib/android/sdk/platforms/android-35-ext15/data/res/values-w640dp: Cannot change mode to rwxr-xr-x: Operation not permitted
build	Cache Android SDK	2026-06-06T12:23:03.6057089Z /usr/bin/tar: ../../../../../usr/local/lib/android/sdk/platforms/android-35-ext15/data/res/values-af-rZA: Cannot utime: Operation not permitted
build	Cache Android SDK	2026-06-06T12:23:03.6057646Z /usr/bin/tar: ../../../../../usr/local/lib/android/sdk/platforms/android-35-ext15/data/res/values-af-rZA: Cannot change mode to rwxr-xr-x: Operation not permitted
build	Cache Android SDK	2026-06-06T12:23:03.6060393Z /usr/bin/tar: ../../../../../usr/local/lib/android/sdk/platforms/android-35-ext15/data/res/values-mcc310-mnc410-hr: Cannot utime: Operation not permitted
build	Cache Android SDK	2026-06-06T12:23:03.6060857Z /usr/bin/tar: ../../../../../usr/local/lib/android/sdk/platforms/android-35-ext15/data/res/values-mcc310-mnc410-hr: Cannot change mode to rwxr-xr-x: Operation not permitted
build	Cache Android SDK	2026-06-06T12:23:03.6063828Z /usr/bin/tar: ../../../../../usr/local/lib/android/sdk/platforms/android-35-ext15/data/res/values-mcc312-mnc670-ka: Cannot utime: Operation not permitted
build	Cache Android SDK	2026-06-06T12:23:03.6064295Z /usr/bin/tar: ../../../../../usr/local/lib/android/sdk/platforms/android-35-ext15/data/res/values-mcc312-mnc670-ka: Cannot change mode to rwxr-xr-x: Operation not permitted
build	Cache Android SDK	2026-06-06T12:23:03.6067277Z /usr/bin/tar: ../../../../../usr/local/lib/android/sdk/platforms/android-35-ext15/data/res/values-mcc310-mnc950-am: Cannot utime: Operation not permitted
build	Cache Android SDK	2026-06-06T12:23:03.6067960Z /usr/bin/tar: ../../../../../usr/local/lib/android/sdk/platforms/android-35-ext15/data/res/values-mcc310-mnc950-am: Cannot change mode to rwxr-xr-x: Operation not permitted
build	Cache Android SDK	2026-06-06T12:23:03.6070337Z /usr/bin/tar: ../../../../../usr/local/lib/android/sdk/platforms/android-35-ext15/data/res/values-mcc313-mnc100-kn: Cannot utime: Operation not permitted
build	Cache Android SDK	2026-06-06T12:23:03.6070803Z /usr/bin/tar: ../../../../../usr/local/lib/android/sdk/platforms/android-35-ext15/data/res/values-mcc313-mnc100-kn: Cannot change mode to rwxr-xr-x: Operation not permitted
build	Cache Android SDK	2026-06-06T12:23:03.6073502Z /usr/bin/tar: ../../../../../usr/local/lib/android/sdk/platforms/android-35-ext15/data/res/values-mcc311-mnc180-pa: Cannot utime: Operation not permitted
build	Cache Android SDK	2026-06-06T12:23:03.6073965Z /usr/bin/tar: ../../../../../usr/local/lib/android/sdk/platforms/android-35-ext15/data/res/values-mcc311-mnc180-pa: Cannot change mode to rwxr-xr-x: Operation not permitted
build	Cache Android SDK	2026-06-06T12:23:03.6076792Z /usr/bin/tar: ../../../../../usr/local/lib/android/sdk/platforms/android-35-ext15/data/res/values-mcc334-mnc020-ko: Cannot utime: Operation not permitted
build	Cache Android SDK	2026-06-06T12:23:03.6077345Z /usr/bin/tar: ../../../../../usr/local/lib/android/sdk/platforms/android-35-ext15/data/res/values-mcc334-mnc020-ko: Cannot change mode to rwxr-xr-x: Operation not permitted
build	Cache Android SDK	2026-06-06T12:23:03.6080973Z /usr/bin/tar: ../../../../../usr/local/lib/android/sdk/platforms/android-35-ext15/data/res/values-sk-rSK: Cannot utime: Operation not permitted
build	Cache Android SDK	2026-06-06T12:23:03.6081430Z /usr/bin/tar: ../../../../../usr/local/lib/android/sdk/platforms/android-35-ext15/data/res/values-sk-rSK: Cannot change mode to rwxr-xr-x: Operation not permitted
build	Cache Android SDK	2026-06-06T12:23:03.6084596Z /usr/bin/tar: ../../../../../usr/local/lib/android/sdk/platforms/android-35-ext15/data/res/values-mcc302-mnc370-sk: Cannot utime: Operation not permitted
build	Cache Android SDK	2026-06-06T12:23:03.6085083Z /usr/bin/tar: ../../../../../usr/local/lib/android/sdk/platforms/android-35-ext15/data/res/values-mcc302-mnc370-sk: Cannot change mode to rwxr-xr-x: Operation not permitted
build	Cache Android SDK	2026-06-06T12:23:03.6088134Z /usr/bin/tar: ../../../../../usr/local/lib/android/sdk/platforms/android-35-ext15/data/res/values-mcc001-mnc01-iw: Cannot utime: Operation not permitted
build	Cache Android SDK	2026-06-06T12:23:03.6088612Z /usr/bin/tar: ../../../../../usr/local/lib/android/sdk/platforms/android-35-ext15/data/res/values-mcc001-mnc01-iw: Cannot change mode to rwxr-xr-x: Operation not permitted
build	Cache Android SDK	2026-06-06T12:23:03.6091890Z /usr/bin/tar: ../../../../../usr/local/lib/android/sdk/platforms/android-35-ext15/data/res/values-mcc310-mnc310-te: Cannot utime: Operation not permitted
build	Cache Android SDK	2026-06-06T12:23:03.6092452Z /usr/bin/tar: ../../../../../usr/local/lib/android/sdk/platforms/android-35-ext15/data/res/values-mcc310-mnc310-te: Cannot change mode to rwxr-xr-x: Operation not permitted
build	Cache Android SDK	2026-06-06T12:23:03.6095394Z /usr/bin/tar: ../../../../../usr/local/lib/android/sdk/platforms/android-35-ext15/data/res/values-mcc310-mnc200-fi: Cannot utime: Operation not permitted
build	Cache Android SDK	2026-06-06T12:23:03.6095870Z /usr/bin/tar: ../../../../../usr/local/lib/android/sdk/platforms/android-35-ext15/data/res/values-mcc310-mnc200-fi: Cannot change mode to rwxr-xr-x: Operation not permitted
build	Cache Android SDK	2026-06-06T12:23:03.6098849Z /usr/bin/tar: ../../../../../usr/local/lib/android/sdk/platforms/android-35-ext15/data/res/values-mcc310-mnc270-fr: Cannot utime: Operation not permitted
build	Cache Android SDK	2026-06-06T12:23:03.6099433Z /usr/bin/tar: ../../../../../usr/local/lib/android/sdk/platforms/android-35-ext15/data/res/values-mcc310-mnc270-fr: Cannot change mode to rwxr-xr-x: Operation not permitted
build	Cache Android SDK	2026-06-06T12:23:03.6106539Z /usr/bin/tar: ../../../../../usr/local/lib/android/sdk/platforms/android-35-ext15/data/res/values-sv: Cannot utime: Operation not permitted
build	Cache Android SDK	2026-06-06T12:23:03.6106989Z /usr/bin/tar: ../../../../../usr/local/lib/android/sdk/platforms/android-35-ext15/data/res/values-sv: Cannot change mode to rwxr-xr-x: Operation not permitted
build	Cache Android SDK	2026-06-06T12:23:03.6110059Z /usr/bin/tar: ../../../../../usr/local/lib/android/sdk/platforms/android-35-ext15/data/res/values-mcc310-mnc160-pa: Cannot utime: Operation not permitted
build	Cache Android SDK	2026-06-06T12:23:03.6110784Z /usr/bin/tar: ../../../../../usr/local/lib/android/sdk/platforms/android-35-ext15/data/res/values-mcc310-mnc160-pa: Cannot change mode to rwxr-xr-x: Operation not permitted
build	Cache Android SDK	2026-06-06T12:23:03.6112408Z /usr/bin/tar: ../../../../../usr/local/lib/android/sdk/platforms/android-35-ext15/data/res/values-mcc310-mnc270-ca: Cannot utime: Operation not permitted
build	Cache Android SDK	2026-06-06T12:23:03.6112907Z /usr/bin/tar: ../../../../../usr/local/lib/android/sdk/platforms/android-35-ext15/data/res/values-mcc310-mnc270-ca: Cannot change mode to rwxr-xr-x: Operation not permitted
build	Cache Android SDK	2026-06-06T12:23:03.6115236Z /usr/bin/tar: ../../../../../usr/local/lib/android/sdk/platforms/android-35-ext15/data/res/values-en-rCA-television: Cannot utime: Operation not permitted
build	Cache Android SDK	2026-06-06T12:23:03.6115732Z /usr/bin/tar: ../../../../../usr/local/lib/android/sdk/platforms/android-35-ext15/data/res/values-en-rCA-television: Cannot change mode to rwxr-xr-x: Operation not permitted
build	Cache Android SDK	2026-06-06T12:23:03.6118301Z /usr/bin/tar: ../../../../../usr/local/lib/android/sdk/platforms/android-35-ext15/data/res/values-mcc310-mnc150-zh-rCN: Cannot utime: Operation not permitted
build	Cache Android SDK	2026-06-06T12:23:03.6118792Z /usr/bin/tar: ../../../../../usr/local/lib/android/sdk/platforms/android-35-ext15/data/res/values-mcc310-mnc150-zh-rCN: Cannot change mode to rwxr-xr-x: Operation not permitted
build	Cache Android SDK	2026-06-06T12:23:03.6121954Z /usr/bin/tar: ../../../../../usr/local/lib/android/sdk/platforms/android-35-ext15/data/res/values-mcc310-mnc660-uz: Cannot utime: Operation not permitted
build	Cache Android SDK	2026-06-06T12:23:03.6122656Z /usr/bin/tar: ../../../../../usr/local/lib/android/sdk/platforms/android-35-ext15/data/res/values-mcc310-mnc660-uz: Cannot change mode to rwxr-xr-x: Operation not permitted
build	Cache Android SDK	2026-06-06T12:23:03.6124937Z /usr/bin/tar: ../../../../../usr/local/lib/android/sdk/platforms/android-35-ext15/data/res/values-mcc310-mnc560-bs: Cannot utime: Operation not permitted
build	Cache Android SDK	2026-06-06T12:23:03.6125533Z /usr/bin/tar: ../../../../../usr/local/lib/android/sdk/platforms/android-35-ext15/data/res/values-mcc310-mnc560-bs: Cannot change mode to rwxr-xr-x: Operation not permitted
build	Cache Android SDK	2026-06-06T12:23:03.6128283Z /usr/bin/tar: ../../../../../usr/local/lib/android/sdk/platforms/android-35-ext15/data/res/values-mcc302-mnc720-hy: Cannot utime: Operation not permitted
build	Cache Android SDK	2026-06-06T12:23:03.6128877Z /usr/bin/tar: ../../../../../usr/local/lib/android/sdk/platforms/android-35-ext15/data/res/values-mcc302-mnc720-hy: Cannot change mode to rwxr-xr-x: Operation not permitted
build	Cache Android SDK	2026-06-06T12:23:03.6131635Z /usr/bin/tar: ../../../../../usr/local/lib/android/sdk/platforms/android-35-ext15/data/res/values-mcc310-mnc210-mk: Cannot utime: Operation not permitted
build	Cache Android SDK	2026-06-06T12:23:03.6132223Z /usr/bin/tar: ../../../../../usr/local/lib/android/sdk/platforms/android-35-ext15/data/res/values-mcc310-mnc210-mk: Cannot change mode to rwxr-xr-x: Operation not permitted
build	Cache Android SDK	2026-06-06T12:23:03.6134792Z /usr/bin/tar: ../../../../../usr/local/lib/android/sdk/platforms/android-35-ext15/data/res/values-mcc334-mnc020-ro: Cannot utime: Operation not permitted
build	Cache Android SDK	2026-06-06T12:23:03.6135309Z /usr/bin/tar: ../../../../../usr/local/lib/android/sdk/platforms/android-35-ext15/data/res/values-mcc334-mnc020-ro: Cannot change mode to rwxr-xr-x: Operation not permitted
build	Cache Android SDK	2026-06-06T12:23:03.6137729Z /usr/bin/tar: ../../../../../usr/local/lib/android/sdk/platforms/android-35-ext15/data/res/values-mcc310-mnc280-lo: Cannot utime: Operation not permitted
build	Cache Android SDK	2026-06-06T12:23:03.6138224Z /usr/bin/tar: ../../../../../usr/local/lib/android/sdk/platforms/android-35-ext15/data/res/values-mcc310-mnc280-lo: Cannot change mode to rwxr-xr-x: Operation not permitted
build	Cache Android SDK	2026-06-06T12:23:03.6140908Z /usr/bin/tar: ../../../../../usr/local/lib/android/sdk/platforms/android-35-ext15/data/res/values-mcc311-mnc180-ka: Cannot utime: Operation not permitted
build	Cache Android SDK	2026-06-06T12:23:03.6141381Z /usr/bin/tar: ../../../../../usr/local/lib/android/sdk/platforms/android-35-ext15/data/res/values-mcc311-mnc180-ka: Cannot change mode to rwxr-xr-x: Operation not permitted
build	Cache Android SDK	2026-06-06T12:23:03.6143920Z /usr/bin/tar: ../../../../../usr/local/lib/android/sdk/platforms/android-35-ext15/data/res/values-mcc310-mnc280-nl: Cannot utime: Operation not permitted
build	Cache Android SDK	2026-06-06T12:23:03.6144382Z /usr/bin/tar: ../../../../../usr/local/lib/android/sdk/platforms/android-35-ext15/data/res/values-mcc310-mnc280-nl: Cannot change mode to rwxr-xr-x: Operation not permitted
build	Cache Android SDK	2026-06-06T12:23:03.6146812Z /usr/bin/tar: ../../../../../usr/local/lib/android/sdk/platforms/android-35-ext15/data/res/values-mcc310-mnc160: Cannot utime: Operation not permitted
build	Cache Android SDK	2026-06-06T12:23:03.6147297Z /usr/bin/tar: ../../../../../usr/local/lib/android/sdk/platforms/android-35-ext15/data/res/values-mcc310-mnc160: Cannot change mode to rwxr-xr-x: Operation not permitted
build	Cache Android SDK	2026-06-06T12:23:03.6149885Z /usr/bin/tar: ../../../../../usr/local/lib/android/sdk/platforms/android-35-ext15/data/res/values-mcc310-mnc170-as: Cannot utime: Operation not permitted
build	Cache Android SDK	2026-06-06T12:23:03.6150369Z /usr/bin/tar: ../../../../../usr/local/lib/android/sdk/platforms/android-35-ext15/data/res/values-mcc310-mnc170-as: Cannot change mode to rwxr-xr-x: Operation not permitted
build	Cache Android SDK	2026-06-06T12:23:03.6152900Z /usr/bin/tar: ../../../../../usr/local/lib/android/sdk/platforms/android-35-ext15/data/res/values-mcc310-mnc230-uk: Cannot utime: Operation not permitted
build	Cache Android SDK	2026-06-06T12:23:03.6153375Z /usr/bin/tar: ../../../../../usr/local/lib/android/sdk/platforms/android-35-ext15/data/res/values-mcc310-mnc230-uk: Cannot change mode to rwxr-xr-x: Operation not permitted
build	Cache Android SDK	2026-06-06T12:23:03.6156419Z /usr/bin/tar: ../../../../../usr/local/lib/android/sdk/platforms/android-35-ext15/data/res/values-mcc302-mnc370-ky: Cannot utime: Operation not permitted
build	Cache Android SDK	2026-06-06T12:23:03.6156893Z /usr/bin/tar: ../../../../../usr/local/lib/android/sdk/platforms/android-35-ext15/data/res/values-mcc302-mnc370-ky: Cannot change mode to rwxr-xr-x: Operation not permitted
build	Cache Android SDK	2026-06-06T12:23:03.6159432Z /usr/bin/tar: ../../../../../usr/local/lib/android/sdk/platforms/android-35-ext15/data/res/values-mcc310-mnc950-ky: Cannot utime: Operation not permitted
build	Cache Android SDK	2026-06-06T12:23:03.6159911Z /usr/bin/tar: ../../../../../usr/local/lib/android/sdk/platforms/android-35-ext15/data/res/values-mcc310-mnc950-ky: Cannot change mode to rwxr-xr-x: Operation not permitted
build	Cache Android SDK	2026-06-06T12:23:03.6162565Z /usr/bin/tar: ../../../../../usr/local/lib/android/sdk/platforms/android-35-ext15/data/res/values-vi-watch: Cannot utime: Operation not permitted
build	Cache Android SDK	2026-06-06T12:23:03.6163110Z /usr/bin/tar: ../../../../../usr/local/lib/android/sdk/platforms/android-35-ext15/data/res/values-vi-watch: Cannot change mode to rwxr-xr-x: Operation not permitted
build	Cache Android SDK	2026-06-06T12:23:03.6165821Z /usr/bin/tar: ../../../../../usr/local/lib/android/sdk/platforms/android-35-ext15/data/res/values-mcc310-mnc410-ka: Cannot utime: Operation not permitted
build	Cache Android SDK	2026-06-06T12:23:03.6166289Z /usr/bin/tar: ../../../../../usr/local/lib/android/sdk/platforms/android-35-ext15/data/res/values-mcc310-mnc410-ka: Cannot change mode to rwxr-xr-x: Operation not permitted
build	Cache Android SDK	2026-06-06T12:23:03.6169159Z /usr/bin/tar: ../../../../../usr/local/lib/android/sdk/platforms/android-35-ext15/data/res/values-mcc310-mnc220-in: Cannot utime: Operation not permitted
build	Cache Android SDK	2026-06-06T12:23:03.6169631Z /usr/bin/tar: ../../../../../usr/local/lib/android/sdk/platforms/android-35-ext15/data/res/values-mcc310-mnc220-in: Cannot change mode to rwxr-xr-x: Operation not permitted
build	Cache Android SDK	2026-06-06T12:23:03.6172083Z /usr/bin/tar: ../../../../../usr/local/lib/android/sdk/platforms/android-35-ext15/data/res/values-lo-watch: Cannot utime: Operation not permitted
build	Cache Android SDK	2026-06-06T12:23:03.6172550Z /usr/bin/tar: ../../../../../usr/local/lib/android/sdk/platforms/android-35-ext15/data/res/values-lo-watch: Cannot change mode to rwxr-xr-x: Operation not permitted
build	Cache Android SDK	2026-06-06T12:23:03.6175559Z /usr/bin/tar: ../../../../../usr/local/lib/android/sdk/platforms/android-35-ext15/data/res/values-mcc310-mnc240-sw: Cannot utime: Operation not permitted
build	Cache Android SDK	2026-06-06T12:23:03.6176150Z /usr/bin/tar: ../../../../../usr/local/lib/android/sdk/platforms/android-35-ext15/data/res/values-mcc310-mnc240-sw: Cannot change mode to rwxr-xr-x: Operation not permitted
build	Cache Android SDK	2026-06-06T12:23:03.6178719Z /usr/bin/tar: ../../../../../usr/local/lib/android/sdk/platforms/android-35-ext15/data/res/values-mcc310-mnc200-vi: Cannot utime: Operation not permitted
build	Cache Android SDK	2026-06-06T12:23:03.6179210Z /usr/bin/tar: ../../../../../usr/local/lib/android/sdk/platforms/android-35-ext15/data/res/values-mcc310-mnc200-vi: Cannot change mode to rwxr-xr-x: Operation not permitted
build	Cache Android SDK	2026-06-06T12:23:03.6181554Z /usr/bin/tar: ../../../../../usr/local/lib/android/sdk/platforms/android-35-ext15/data/res/values-mcc310-mnc030-is: Cannot utime: Operation not permitted
build	Cache Android SDK	2026-06-06T12:23:03.6182045Z /usr/bin/tar: ../../../../../usr/local/lib/android/sdk/platforms/android-35-ext15/data/res/values-mcc310-mnc030-is: Cannot change mode to rwxr-xr-x: Operation not permitted
build	Cache Android SDK	2026-06-06T12:23:03.6184601Z /usr/bin/tar: ../../../../../usr/local/lib/android/sdk/platforms/android-35-ext15/data/res/values-mcc302-mnc720-it: Cannot utime: Operation not permitted
build	Cache Android SDK	2026-06-06T12:23:03.6185175Z /usr/bin/tar: ../../../../../usr/local/lib/android/sdk/platforms/android-35-ext15/data/res/values-mcc302-mnc720-it: Cannot change mode to rwxr-xr-x: Operation not permitted
build	Cache Android SDK	2026-06-06T12:23:03.6187702Z /usr/bin/tar: ../../../../../usr/local/lib/android/sdk/platforms/android-35-ext15/data/res/values-mcc310-mnc160-zh-rHK: Cannot utime: Operation not permitted
build	Cache Android SDK	2026-06-06T12:23:03.6188212Z /usr/bin/tar: ../../../../../usr/local/lib/android/sdk/platforms/android-35-ext15/data/res/values-mcc310-mnc160-zh-rHK: Cannot change mode to rwxr-xr-x: Operation not permitted
build	Cache Android SDK	2026-06-06T12:23:03.6190460Z /usr/bin/tar: ../../../../../usr/local/lib/android/sdk/platforms/android-35-ext15/data/res/values-mcc310-mnc410-vi: Cannot utime: Operation not permitted
build	Cache Android SDK	2026-06-06T12:23:03.6190936Z /usr/bin/tar: ../../../../../usr/local/lib/android/sdk/platforms/android-35-ext15/data/res/values-mcc310-mnc410-vi: Cannot change mode to rwxr-xr-x: Operation not permitted
build	Cache Android SDK	2026-06-06T12:23:03.6193772Z /usr/bin/tar: ../../../../../usr/local/lib/android/sdk/platforms/android-35-ext15/data/res/values-mcc311-mnc180-fa: Cannot utime: Operation not permitted
build	Cache Android SDK	2026-06-06T12:23:03.6194243Z /usr/bin/tar: ../../../../../usr/local/lib/android/sdk/platforms/android-35-ext15/data/res/values-mcc311-mnc180-fa: Cannot change mode to rwxr-xr-x: Operation not permitted
build	Cache Android SDK	2026-06-06T12:23:03.6196615Z /usr/bin/tar: ../../../../../usr/local/lib/android/sdk/platforms/android-35-ext15/data/res/values-mcc310-mnc150-th: Cannot utime: Operation not permitted
build	Cache Android SDK	2026-06-06T12:23:03.6197178Z /usr/bin/tar: ../../../../../usr/local/lib/android/sdk/platforms/android-35-ext15/data/res/values-mcc310-mnc150-th: Cannot change mode to rwxr-xr-x: Operation not permitted
build	Cache Android SDK	2026-06-06T12:23:03.6199775Z /usr/bin/tar: ../../../../../usr/local/lib/android/sdk/platforms/android-35-ext15/data/res/values-mcc001-mnc01-az: Cannot utime: Operation not permitted
build	Cache Android SDK	2026-06-06T12:23:03.6200262Z /usr/bin/tar: ../../../../../usr/local/lib/android/sdk/platforms/android-35-ext15/data/res/values-mcc001-mnc01-az: Cannot change mode to rwxr-xr-x: Operation not permitted
build	Cache Android SDK	2026-06-06T12:23:03.6202947Z /usr/bin/tar: ../../../../../usr/local/lib/android/sdk/platforms/android-35-ext15/data/res/values-mcc310-mnc660-lt: Cannot utime: Operation not permitted
build	Cache Android SDK	2026-06-06T12:23:03.6203428Z /usr/bin/tar: ../../../../../usr/local/lib/android/sdk/platforms/android-35-ext15/data/res/values-mcc310-mnc660-lt: Cannot change mode to rwxr-xr-x: Operation not permitted
build	Cache Android SDK	2026-06-06T12:23:03.6206653Z /usr/bin/tar: ../../../../../usr/local/lib/android/sdk/platforms/android-35-ext15/data/res/values-mcc310-mnc490-zh-rTW: Cannot utime: Operation not permitted
build	Cache Android SDK	2026-06-06T12:23:03.6207160Z /usr/bin/tar: ../../../../../usr/local/lib/android/sdk/platforms/android-35-ext15/data/res/values-mcc310-mnc490-zh-rTW: Cannot change mode to rwxr-xr-x: Operation not permitted
build	Cache Android SDK	2026-06-06T12:23:03.6209693Z /usr/bin/tar: ../../../../../usr/local/lib/android/sdk/platforms/android-35-ext15/data/res/values-mcc311-mnc180-hy: Cannot utime: Operation not permitted
build	Cache Android SDK	2026-06-06T12:23:03.6210165Z /usr/bin/tar: ../../../../../usr/local/lib/android/sdk/platforms/android-35-ext15/data/res/values-mcc311-mnc180-hy: Cannot change mode to rwxr-xr-x: Operation not permitted
build	Cache Android SDK	2026-06-06T12:23:03.6212893Z /usr/bin/tar: ../../../../../usr/local/lib/android/sdk/platforms/android-35-ext15/data/res/values-mcc310-mnc490-ja: Cannot utime: Operation not permitted
build	Cache Android SDK	2026-06-06T12:23:03.6213364Z /usr/bin/tar: ../../../../../usr/local/lib/android/sdk/platforms/android-35-ext15/data/res/values-mcc310-mnc490-ja: Cannot change mode to rwxr-xr-x: Operation not permitted
build	Cache Android SDK	2026-06-06T12:23:03.6219572Z /usr/bin/tar: ../../../../../usr/local/lib/android/sdk/platforms/android-35-ext15/data/res/values-mcc310-mnc560-te: Cannot utime: Operation not permitted
build	Cache Android SDK	2026-06-06T12:23:03.6220053Z /usr/bin/tar: ../../../../../usr/local/lib/android/sdk/platforms/android-35-ext15/data/res/values-mcc310-mnc560-te: Cannot change mode to rwxr-xr-x: Operation not permitted
build	Cache Android SDK	2026-06-06T12:23:03.6223486Z /usr/bin/tar: ../../../../../usr/local/lib/android/sdk/platforms/android-35-ext15/data/res/values-mcc310-mnc310-iw: Cannot utime: Operation not permitted
build	Cache Android SDK	2026-06-06T12:23:03.6223983Z /usr/bin/tar: ../../../../../usr/local/lib/android/sdk/platforms/android-35-ext15/data/res/values-mcc310-mnc310-iw: Cannot change mode to rwxr-xr-x: Operation not permitted
build	Cache Android SDK	2026-06-06T12:23:03.6229513Z /usr/bin/tar: ../../../../../usr/local/lib/android/sdk/platforms/android-35-ext15/data/res/values-sw-television: Cannot utime: Operation not permitted
build	Cache Android SDK	2026-06-06T12:23:03.6230076Z /usr/bin/tar: ../../../../../usr/local/lib/android/sdk/platforms/android-35-ext15/data/res/values-sw-television: Cannot change mode to rwxr-xr-x: Operation not permitted
build	Cache Android SDK	2026-06-06T12:23:03.6233676Z /usr/bin/tar: ../../../../../usr/local/lib/android/sdk/platforms/android-35-ext15/data/res/values-mcc310-mnc250-kk: Cannot utime: Operation not permitted
build	Cache Android SDK	2026-06-06T12:23:03.6234156Z /usr/bin/tar: ../../../../../usr/local/lib/android/sdk/platforms/android-35-ext15/data/res/values-mcc310-mnc250-kk: Cannot change mode to rwxr-xr-x: Operation not permitted
build	Cache Android SDK	2026-06-06T12:23:03.6237946Z /usr/bin/tar: ../../../../../usr/local/lib/android/sdk/platforms/android-35-ext15/data/res/values-mcc310-mnc030-th: Cannot utime: Operation not permitted
build	Cache Android SDK	2026-06-06T12:23:03.6238421Z /usr/bin/tar: ../../../../../usr/local/lib/android/sdk/platforms/android-35-ext15/data/res/values-mcc310-mnc030-th: Cannot change mode to rwxr-xr-x: Operation not permitted
build	Cache Android SDK	2026-06-06T12:23:03.6241475Z /usr/bin/tar: ../../../../../usr/local/lib/android/sdk/platforms/android-35-ext15/data/res/values-lt-rLT: Cannot utime: Operation not permitted
build	Cache Android SDK	2026-06-06T12:23:03.6241926Z /usr/bin/tar: ../../../../../usr/local/lib/android/sdk/platforms/android-35-ext15/data/res/values-lt-rLT: Cannot change mode to rwxr-xr-x: Operation not permitted
build	Cache Android SDK	2026-06-06T12:23:03.6244649Z /usr/bin/tar: ../../../../../usr/local/lib/android/sdk/platforms/android-35-ext15/data/res/values-mcc310-mnc800-ar: Cannot utime: Operation not permitted
build	Cache Android SDK	2026-06-06T12:23:03.6245121Z /usr/bin/tar: ../../../../../usr/local/lib/android/sdk/platforms/android-35-ext15/data/res/values-mcc310-mnc800-ar: Cannot change mode to rwxr-xr-x: Operation not permitted
build	Cache Android SDK	2026-06-06T12:23:03.6251286Z /usr/bin/tar: ../../../../../usr/local/lib/android/sdk/platforms/android-35-ext15/data/res/values-mcc310-mnc410-eu: Cannot utime: Operation not permitted
build	Cache Android SDK	2026-06-06T12:23:03.6252119Z /usr/bin/tar: ../../../../../usr/local/lib/android/sdk/platforms/android-35-ext15/data/res/values-mcc310-mnc410-eu: Cannot change mode to rwxr-xr-x: Operation not permitted
build	Cache Android SDK	2026-06-06T12:23:03.6255033Z /usr/bin/tar: ../../../../../usr/local/lib/android/sdk/platforms/android-35-ext15/data/res/values-mcc310-mnc560-hr: Cannot utime: Operation not permitted
build	Cache Android SDK	2026-06-06T12:23:03.6255512Z /usr/bin/tar: ../../../../../usr/local/lib/android/sdk/platforms/android-35-ext15/data/res/values-mcc310-mnc560-hr: Cannot change mode to rwxr-xr-x: Operation not permitted
build	Cache Android SDK	2026-06-06T12:23:03.6264314Z /usr/bin/tar: ../../../../../usr/local/lib/android/sdk/platforms/android-35-ext15/data/res/anim-ldrtl: Cannot utime: Operation not permitted
build	Cache Android SDK	2026-06-06T12:23:03.6264893Z /usr/bin/tar: ../../../../../usr/local/lib/android/sdk/platforms/android-35-ext15/data/res/anim-ldrtl: Cannot change mode to rwxr-xr-x: Operation not permitted
build	Cache Android SDK	2026-06-06T12:23:03.6275815Z /usr/bin/tar: ../../../../../usr/local/lib/android/sdk/platforms/android-35-ext15/data/res/values-mk: Cannot utime: Operation not permitted
build	Cache Android SDK	2026-06-06T12:23:03.6276328Z /usr/bin/tar: ../../../../../usr/local/lib/android/sdk/platforms/android-35-ext15/data/res/values-mk: Cannot change mode to rwxr-xr-x: Operation not permitted
build	Cache Android SDK	2026-06-06T12:23:03.6279980Z /usr/bin/tar: ../../../../../usr/local/lib/android/sdk/platforms/android-35-ext15/data/res/values-mcc310-mnc030-ja: Cannot utime: Operation not permitted
build	Cache Android SDK	2026-06-06T12:23:03.6280539Z /usr/bin/tar: ../../../../../usr/local/lib/android/sdk/platforms/android-35-ext15/data/res/values-mcc310-mnc030-ja: Cannot change mode to rwxr-xr-x: Operation not permitted
build	Cache Android SDK	2026-06-06T12:23:03.6286114Z /usr/bin/tar: ../../../../../usr/local/lib/android/sdk/platforms/android-35-ext15/data/res/values-mcc310-mnc160-ro: Cannot utime: Operation not permitted
build	Cache Android SDK	2026-06-06T12:23:03.6286720Z /usr/bin/tar: ../../../../../usr/local/lib/android/sdk/platforms/android-35-ext15/data/res/values-mcc310-mnc160-ro: Cannot change mode to rwxr-xr-x: Operation not permitted
build	Cache Android SDK	2026-06-06T12:23:03.6292436Z /usr/bin/tar: ../../../../../usr/local/lib/android/sdk/platforms/android-35-ext15/data/res/values-mcc310-mnc200-sk: Cannot utime: Operation not permitted
build	Cache Android SDK	2026-06-06T12:23:03.6293022Z /usr/bin/tar: ../../../../../usr/local/lib/android/sdk/platforms/android-35-ext15/data/res/values-mcc310-mnc200-sk: Cannot change mode to rwxr-xr-x: Operation not permitted
build	Cache Android SDK	2026-06-06T12:23:03.6296883Z /usr/bin/tar: ../../../../../usr/local/lib/android/sdk/platforms/android-35-ext15/data/res/values-mcc310-mnc660-sl: Cannot utime: Operation not permitted
build	Cache Android SDK	2026-06-06T12:23:03.6297533Z /usr/bin/tar: ../../../../../usr/local/lib/android/sdk/platforms/android-35-ext15/data/res/values-mcc310-mnc660-sl: Cannot change mode to rwxr-xr-x: Operation not permitted
build	Cache Android SDK	2026-06-06T12:23:03.6300865Z /usr/bin/tar: ../../../../../usr/local/lib/android/sdk/platforms/android-35-ext15/data/res/values-mcc310-mnc200-eu: Cannot utime: Operation not permitted
build	Cache Android SDK	2026-06-06T12:23:03.6301332Z /usr/bin/tar: ../../../../../usr/local/lib/android/sdk/platforms/android-35-ext15/data/res/values-mcc310-mnc200-eu: Cannot change mode to rwxr-xr-x: Operation not permitted
build	Cache Android SDK	2026-06-06T12:23:03.6307077Z /usr/bin/tar: ../../../../../usr/local/lib/android/sdk/platforms/android-35-ext15/data/res/values-mcc334-mnc020-sq: Cannot utime: Operation not permitted
build	Cache Android SDK	2026-06-06T12:23:03.6307703Z /usr/bin/tar: ../../../../../usr/local/lib/android/sdk/platforms/android-35-ext15/data/res/values-mcc334-mnc020-sq: Cannot change mode to rwxr-xr-x: Operation not permitted
build	Cache Android SDK	2026-06-06T12:23:03.6312504Z /usr/bin/tar: ../../../../../usr/local/lib/android/sdk/platforms/android-35-ext15/data/res/values-mcc310-mnc220-fa: Cannot utime: Operation not permitted
build	Cache Android SDK	2026-06-06T12:23:03.6312978Z /usr/bin/tar: ../../../../../usr/local/lib/android/sdk/platforms/android-35-ext15/data/res/values-mcc310-mnc220-fa: Cannot change mode to rwxr-xr-x: Operation not permitted
build	Cache Android SDK	2026-06-06T12:23:03.6316137Z /usr/bin/tar: ../../../../../usr/local/lib/android/sdk/platforms/android-35-ext15/data/res/values-mcc313-mnc100-ml: Cannot utime: Operation not permitted
build	Cache Android SDK	2026-06-06T12:23:03.6316620Z /usr/bin/tar: ../../../../../usr/local/lib/android/sdk/platforms/android-35-ext15/data/res/values-mcc313-mnc100-ml: Cannot change mode to rwxr-xr-x: Operation not permitted
build	Cache Android SDK	2026-06-06T12:23:03.6320973Z /usr/bin/tar: ../../../../../usr/local/lib/android/sdk/platforms/android-35-ext15/data/res/values-mcc310-mnc280-pa: Cannot utime: Operation not permitted
build	Cache Android SDK	2026-06-06T12:23:03.6321531Z /usr/bin/tar: ../../../../../usr/local/lib/android/sdk/platforms/android-35-ext15/data/res/values-mcc310-mnc280-pa: Cannot change mode to rwxr-xr-x: Operation not permitted
build	Cache Android SDK	2026-06-06T12:23:03.6325072Z /usr/bin/tar: ../../../../../usr/local/lib/android/sdk/platforms/android-35-ext15/data/res/values-mcc310-mnc160-sw: Cannot utime: Operation not permitted
build	Cache Android SDK	2026-06-06T12:23:03.6325565Z /usr/bin/tar: ../../../../../usr/local/lib/android/sdk/platforms/android-35-ext15/data/res/values-mcc310-mnc160-sw: Cannot change mode to rwxr-xr-x: Operation not permitted
build	Cache Android SDK	2026-06-06T12:23:03.6329650Z /usr/bin/tar: ../../../../../usr/local/lib/android/sdk/platforms/android-35-ext15/data/res/values-mcc310-mnc800-nl: Cannot utime: Operation not permitted
build	Cache Android SDK	2026-06-06T12:23:03.6330255Z /usr/bin/tar: ../../../../../usr/local/lib/android/sdk/platforms/android-35-ext15/data/res/values-mcc310-mnc800-nl: Cannot change mode to rwxr-xr-x: Operation not permitted
build	Cache Android SDK	2026-06-06T12:23:03.6336125Z /usr/bin/tar: ../../../../../usr/local/lib/android/sdk/platforms/android-35-ext15/data/res/raw-pl: Cannot utime: Operation not permitted
build	Cache Android SDK	2026-06-06T12:23:03.6336673Z /usr/bin/tar: ../../../../../usr/local/lib/android/sdk/platforms/android-35-ext15/data/res/raw-pl: Cannot change mode to rwxr-xr-x: Operation not permitted
build	Cache Android SDK	2026-06-06T12:23:03.6339760Z /usr/bin/tar: ../../../../../usr/local/lib/android/sdk/platforms/android-35-ext15/data/res/values-mcc310-mnc950-sw: Cannot utime: Operation not permitted
build	Cache Android SDK	2026-06-06T12:23:03.6340234Z /usr/bin/tar: ../../../../../usr/local/lib/android/sdk/platforms/android-35-ext15/data/res/values-mcc310-mnc950-sw: Cannot change mode to rwxr-xr-x: Operation not permitted
build	Cache Android SDK	2026-06-06T12:23:03.6344359Z /usr/bin/tar: ../../../../../usr/local/lib/android/sdk/platforms/android-35-ext15/data/res/values-mcc310-mnc170-en-rAU: Cannot utime: Operation not permitted
build	Cache Android SDK	2026-06-06T12:23:03.6344858Z /usr/bin/tar: ../../../../../usr/local/lib/android/sdk/platforms/android-35-ext15/data/res/values-mcc310-mnc170-en-rAU: Cannot change mode to rwxr-xr-x: Operation not permitted
build	Cache Android SDK	2026-06-06T12:23:03.6362470Z /usr/bin/tar: ../../../../../usr/local/lib/android/sdk/platforms/android-35-ext15/data/res/drawable-land-ldpi: Cannot utime: Operation not permitted
build	Cache Android SDK	2026-06-06T12:23:03.6364191Z /usr/bin/tar: ../../../../../usr/local/lib/android/sdk/platforms/android-35-ext15/data/res/drawable-land-ldpi: Cannot change mode to rwxr-xr-x: Operation not permitted
build	Cache Android SDK	2026-06-06T12:23:03.6368700Z /usr/bin/tar: ../../../../../usr/local/lib/android/sdk/platforms/android-35-ext15/data/res/values-mcc311-mnc180-cs: Cannot utime: Operation not permitted
build	Cache Android SDK	2026-06-06T12:23:03.6370803Z /usr/bin/tar: ../../../../../usr/local/lib/android/sdk/platforms/android-35-ext15/data/res/values-mcc311-mnc180-cs: Cannot change mode to rwxr-xr-x: Operation not permitted
build	Cache Android SDK	2026-06-06T12:23:03.6372771Z /usr/bin/tar: ../../../../../usr/local/lib/android/sdk/platforms/android-35-ext15/data/res/values-mcc312-mnc670-sk: Cannot utime: Operation not permitted
build	Cache Android SDK	2026-06-06T12:23:03.6374481Z /usr/bin/tar: ../../../../../usr/local/lib/android/sdk/platforms/android-35-ext15/data/res/values-mcc312-mnc670-sk: Cannot change mode to rwxr-xr-x: Operation not permitted
build	Cache Android SDK	2026-06-06T12:23:03.6378565Z /usr/bin/tar: ../../../../../usr/local/lib/android/sdk/platforms/android-35-ext15/data/res/values-mcc302-mnc720-pl: Cannot utime: Operation not permitted
build	Cache Android SDK	2026-06-06T12:23:03.6379583Z /usr/bin/tar: ../../../../../usr/local/lib/android/sdk/platforms/android-35-ext15/data/res/values-mcc302-mnc720-pl: Cannot change mode to rwxr-xr-x: Operation not permitted
build	Cache Android SDK	2026-06-06T12:23:03.6386239Z /usr/bin/tar: ../../../../../usr/local/lib/android/sdk/platforms/android-35-ext15/data/res/values-mcc310-mnc200-zh-rCN: Cannot utime: Operation not permitted
build	Cache Android SDK	2026-06-06T12:23:03.6387252Z /usr/bin/tar: ../../../../../usr/local/lib/android/sdk/platforms/android-35-ext15/data/res/values-mcc310-mnc200-zh-rCN: Cannot change mode to rwxr-xr-x: Operation not permitted
build	Cache Android SDK	2026-06-06T12:23:03.6393236Z /usr/bin/tar: ../../../../../usr/local/lib/android/sdk/platforms/android-35-ext15/data/res/values-mcc310-mnc220-sr: Cannot utime: Operation not permitted
build	Cache Android SDK	2026-06-06T12:23:03.6394334Z /usr/bin/tar: ../../../../../usr/local/lib/android/sdk/platforms/android-35-ext15/data/res/values-mcc310-mnc220-sr: Cannot change mode to rwxr-xr-x: Operation not permitted
build	Cache Android SDK	2026-06-06T12:23:03.6400029Z /usr/bin/tar: ../../../../../usr/local/lib/android/sdk/platforms/android-35-ext15/data/res/values-mcc310-mnc160-tr: Cannot utime: Operation not permitted
build	Cache Android SDK	2026-06-06T12:23:03.6401059Z /usr/bin/tar: ../../../../../usr/local/lib/android/sdk/platforms/android-35-ext15/data/res/values-mcc310-mnc160-tr: Cannot change mode to rwxr-xr-x: Operation not permitted
build	Cache Android SDK	2026-06-06T12:23:03.6404340Z /usr/bin/tar: ../../../../../usr/local/lib/android/sdk/platforms/android-35-ext15/data/res/values-pt-rPT-watch: Cannot utime: Operation not permitted
build	Cache Android SDK	2026-06-06T12:23:03.6405294Z /usr/bin/tar: ../../../../../usr/local/lib/android/sdk/platforms/android-35-ext15/data/res/values-pt-rPT-watch: Cannot change mode to rwxr-xr-x: Operation not permitted
build	Cache Android SDK	2026-06-06T12:23:03.6412284Z /usr/bin/tar: ../../../../../usr/local/lib/android/sdk/platforms/android-35-ext15/data/res/values-mcc310-mnc410-zh-rTW: Cannot utime: Operation not permitted
build	Cache Android SDK	2026-06-06T12:23:03.6413432Z /usr/bin/tar: ../../../../../usr/local/lib/android/sdk/platforms/android-35-ext15/data/res/values-mcc310-mnc410-zh-rTW: Cannot change mode to rwxr-xr-x: Operation not permitted
build	Cache Android SDK	2026-06-06T12:23:03.6417230Z /usr/bin/tar: ../../../../../usr/local/lib/android/sdk/platforms/android-35-ext15/data/res/values-mcc334-mnc020-sr: Cannot utime: Operation not permitted
build	Cache Android SDK	2026-06-06T12:23:03.6418390Z /usr/bin/tar: ../../../../../usr/local/lib/android/sdk/platforms/android-35-ext15/data/res/values-mcc334-mnc020-sr: Cannot change mode to rwxr-xr-x: Operation not permitted
build	Cache Android SDK	2026-06-06T12:23:03.6421448Z /usr/bin/tar: ../../../../../usr/local/lib/android/sdk/platforms/android-35-ext15/data/res/values-mcc310-mnc240-fi: Cannot utime: Operation not permitted
build	Cache Android SDK	2026-06-06T12:23:03.6422491Z /usr/bin/tar: ../../../../../usr/local/lib/android/sdk/platforms/android-35-ext15/data/res/values-mcc310-mnc240-fi: Cannot change mode to rwxr-xr-x: Operation not permitted
build	Cache Android SDK	2026-06-06T12:23:03.6427963Z /usr/bin/tar: ../../../../../usr/local/lib/android/sdk/platforms/android-35-ext15/data/res/values-mcc310-mnc560-sr: Cannot utime: Operation not permitted
build	Cache Android SDK	2026-06-06T12:23:03.6428925Z /usr/bin/tar: ../../../../../usr/local/lib/android/sdk/platforms/android-35-ext15/data/res/values-mcc310-mnc560-sr: Cannot change mode to rwxr-xr-x: Operation not permitted
build	Cache Android SDK	2026-06-06T12:23:03.6431799Z /usr/bin/tar: ../../../../../usr/local/lib/android/sdk/platforms/android-35-ext15/data/res/values-da-rDK: Cannot utime: Operation not permitted
build	Cache Android SDK	2026-06-06T12:23:03.6432705Z /usr/bin/tar: ../../../../../usr/local/lib/android/sdk/platforms/android-35-ext15/data/res/values-da-rDK: Cannot change mode to rwxr-xr-x: Operation not permitted
build	Cache Android SDK	2026-06-06T12:23:03.6438570Z /usr/bin/tar: ../../../../../usr/local/lib/android/sdk/platforms/android-35-ext15/data/res/values-mcc310-mnc410-gu: Cannot utime: Operation not permitted
build	Cache Android SDK	2026-06-06T12:23:03.6439547Z /usr/bin/tar: ../../../../../usr/local/lib/android/sdk/platforms/android-35-ext15/data/res/values-mcc310-mnc410-gu: Cannot change mode to rwxr-xr-x: Operation not permitted
build	Cache Android SDK	2026-06-06T12:23:03.6442596Z /usr/bin/tar: ../../../../../usr/local/lib/android/sdk/platforms/android-35-ext15/data/res/values-mcc334-mnc020-ka: Cannot utime: Operation not permitted
build	Cache Android SDK	2026-06-06T12:23:03.6443551Z /usr/bin/tar: ../../../../../usr/local/lib/android/sdk/platforms/android-35-ext15/data/res/values-mcc334-mnc020-ka: Cannot change mode to rwxr-xr-x: Operation not permitted
build	Cache Android SDK	2026-06-06T12:23:03.6446416Z /usr/bin/tar: ../../../../../usr/local/lib/android/sdk/platforms/android-35-ext15/data/res/values-mcc310-mnc560-nb: Cannot utime: Operation not permitted
build	Cache Android SDK	2026-06-06T12:23:03.6447513Z /usr/bin/tar: ../../../../../usr/local/lib/android/sdk/platforms/android-35-ext15/data/res/values-mcc310-mnc560-nb: Cannot change mode to rwxr-xr-x: Operation not permitted
build	Cache Android SDK	2026-06-06T12:23:03.6450077Z /usr/bin/tar: ../../../../../usr/local/lib/android/sdk/platforms/android-35-ext15/data/res/values-mcc310-mnc240-en-rGB: Cannot utime: Operation not permitted
build	Cache Android SDK	2026-06-06T12:23:03.6451107Z /usr/bin/tar: ../../../../../usr/local/lib/android/sdk/platforms/android-35-ext15/data/res/values-mcc310-mnc240-en-rGB: Cannot change mode to rwxr-xr-x: Operation not permitted
build	Cache Android SDK	2026-06-06T12:23:03.6453746Z /usr/bin/tar: ../../../../../usr/local/lib/android/sdk/platforms/android-35-ext15/data/res/values-mcc310-mnc380-zh-rTW: Cannot utime: Operation not permitted
build	Cache Android SDK	2026-06-06T12:23:03.6454735Z /usr/bin/tar: ../../../../../usr/local/lib/android/sdk/platforms/android-35-ext15/data/res/values-mcc310-mnc380-zh-rTW: Cannot change mode to rwxr-xr-x: Operation not permitted
build	Cache Android SDK	2026-06-06T12:23:03.6462073Z /usr/bin/tar: ../../../../../usr/local/lib/android/sdk/platforms/android-35-ext15/data/res/values-mcc310-mnc210-sr: Cannot utime: Operation not permitted
build	Cache Android SDK	2026-06-06T12:23:03.6463916Z /usr/bin/tar: ../../../../../usr/local/lib/android/sdk/platforms/android-35-ext15/data/res/values-mcc310-mnc210-sr: Cannot change mode to rwxr-xr-x: Operation not permitted
build	Cache Android SDK	2026-06-06T12:23:03.6465243Z /usr/bin/tar: ../../../../../usr/local/lib/android/sdk/platforms/android-35-ext15/data/res/values-mcc310-mnc380-as: Cannot utime: Operation not permitted
build	Cache Android SDK	2026-06-06T12:23:03.6466675Z /usr/bin/tar: ../../../../../usr/local/lib/android/sdk/platforms/android-35-ext15/data/res/values-mcc310-mnc380-as: Cannot change mode to rwxr-xr-x: Operation not permitted
build	Cache Android SDK	2026-06-06T12:23:03.6467773Z /usr/bin/tar: ../../../../../usr/local/lib/android/sdk/platforms/android-35-ext15/data/res/values-mcc312-mnc670-nb: Cannot utime: Operation not permitted
build	Cache Android SDK	2026-06-06T12:23:03.6469014Z /usr/bin/tar: ../../../../../usr/local/lib/android/sdk/platforms/android-35-ext15/data/res/values-mcc312-mnc670-nb: Cannot change mode to rwxr-xr-x: Operation not permitted
build	Cache Android SDK	2026-06-06T12:23:03.6470272Z /usr/bin/tar: ../../../../../usr/local/lib/android/sdk/platforms/android-35-ext15/data/res/values-mcc302-mnc370-bg: Cannot utime: Operation not permitted
build	Cache Android SDK	2026-06-06T12:23:03.6471212Z /usr/bin/tar: ../../../../../usr/local/lib/android/sdk/platforms/android-35-ext15/data/res/values-mcc302-mnc370-bg: Cannot change mode to rwxr-xr-x: Operation not permitted
build	Cache Android SDK	2026-06-06T12:23:03.6472659Z /usr/bin/tar: ../../../../../usr/local/lib/android/sdk/platforms/android-35-ext15/data/res/values-mcc310-mnc200-it: Cannot utime: Operation not permitted
build	Cache Android SDK	2026-06-06T12:23:03.6473627Z /usr/bin/tar: ../../../../../usr/local/lib/android/sdk/platforms/android-35-ext15/data/res/values-mcc310-mnc200-it: Cannot change mode to rwxr-xr-x: Operation not permitted
build	Cache Android SDK	2026-06-06T12:23:03.6476059Z /usr/bin/tar: ../../../../../usr/local/lib/android/sdk/platforms/android-35-ext15/data/res/values-w211dp: Cannot utime: Operation not permitted
build	Cache Android SDK	2026-06-06T12:23:03.6476962Z /usr/bin/tar: ../../../../../usr/local/lib/android/sdk/platforms/android-35-ext15/data/res/values-w211dp: Cannot change mode to rwxr-xr-x: Operation not permitted
build	Cache Android SDK	2026-06-06T12:23:03.6479171Z /usr/bin/tar: ../../../../../usr/local/lib/android/sdk/platforms/android-35-ext15/data/res/values-sk-watch: Cannot utime: Operation not permitted
build	Cache Android SDK	2026-06-06T12:23:03.6480081Z /usr/bin/tar: ../../../../../usr/local/lib/android/sdk/platforms/android-35-ext15/data/res/values-sk-watch: Cannot change mode to rwxr-xr-x: Operation not permitted
build	Cache Android SDK	2026-06-06T12:23:03.6482442Z /usr/bin/tar: ../../../../../usr/local/lib/android/sdk/platforms/android-35-ext15/data/res/values-mcc310-mnc030-te: Cannot utime: Operation not permitted
build	Cache Android SDK	2026-06-06T12:23:03.6483455Z /usr/bin/tar: ../../../../../usr/local/lib/android/sdk/platforms/android-35-ext15/data/res/values-mcc310-mnc030-te: Cannot change mode to rwxr-xr-x: Operation not permitted
build	Cache Android SDK	2026-06-06T12:23:03.6485982Z /usr/bin/tar: ../../../../../usr/local/lib/android/sdk/platforms/android-35-ext15/data/res/values-mcc310-mnc250-es: Cannot utime: Operation not permitted
build	Cache Android SDK	2026-06-06T12:23:03.6486937Z /usr/bin/tar: ../../../../../usr/local/lib/android/sdk/platforms/android-35-ext15/data/res/values-mcc310-mnc250-es: Cannot change mode to rwxr-xr-x: Operation not permitted
build	Cache Android SDK	2026-06-06T12:23:03.6491078Z /usr/bin/tar: ../../../../../usr/local/lib/android/sdk/platforms/android-35-ext15/data/res/values-th-television: Cannot utime: Operation not permitted
build	Cache Android SDK	2026-06-06T12:23:03.6492043Z /usr/bin/tar: ../../../../../usr/local/lib/android/sdk/platforms/android-35-ext15/data/res/values-th-television: Cannot change mode to rwxr-xr-x: Operation not permitted
build	Cache Android SDK	2026-06-06T12:23:03.6495016Z /usr/bin/tar: ../../../../../usr/local/lib/android/sdk/platforms/android-35-ext15/data/res/values-mcc310-mnc160-es: Cannot utime: Operation not permitted
build	Cache Android SDK	2026-06-06T12:23:03.6495977Z /usr/bin/tar: ../../../../../usr/local/lib/android/sdk/platforms/android-35-ext15/data/res/values-mcc310-mnc160-es: Cannot change mode to rwxr-xr-x: Operation not permitted
build	Cache Android SDK	2026-06-06T12:23:03.6499230Z /usr/bin/tar: ../../../../../usr/local/lib/android/sdk/platforms/android-35-ext15/data/res/values-ko-rKR: Cannot utime: Operation not permitted
build	Cache Android SDK	2026-06-06T12:23:03.6500129Z /usr/bin/tar: ../../../../../usr/local/lib/android/sdk/platforms/android-35-ext15/data/res/values-ko-rKR: Cannot change mode to rwxr-xr-x: Operation not permitted
build	Cache Android SDK	2026-06-06T12:23:03.6503321Z /usr/bin/tar: ../../../../../usr/local/lib/android/sdk/platforms/android-35-ext15/data/res/values-mcc310-mnc310-sl: Cannot utime: Operation not permitted
build	Cache Android SDK	2026-06-06T12:23:03.6504270Z /usr/bin/tar: ../../../../../usr/local/lib/android/sdk/platforms/android-35-ext15/data/res/values-mcc310-mnc310-sl: Cannot change mode to rwxr-xr-x: Operation not permitted
build	Cache Android SDK	2026-06-06T12:23:03.6507626Z /usr/bin/tar: ../../../../../usr/local/lib/android/sdk/platforms/android-35-ext15/data/res/values-mcc001-mnc01-zh-rCN: Cannot utime: Operation not permitted
build	Cache Android SDK	2026-06-06T12:23:03.6508600Z /usr/bin/tar: ../../../../../usr/local/lib/android/sdk/platforms/android-35-ext15/data/res/values-mcc001-mnc01-zh-rCN: Cannot change mode to rwxr-xr-x: Operation not permitted
build	Cache Android SDK	2026-06-06T12:23:03.6511835Z /usr/bin/tar: ../../../../../usr/local/lib/android/sdk/platforms/android-35-ext15/data/res/values-mcc310-mnc220: Cannot utime: Operation not permitted
build	Cache Android SDK	2026-06-06T12:23:03.6512774Z /usr/bin/tar: ../../../../../usr/local/lib/android/sdk/platforms/android-35-ext15/data/res/values-mcc310-mnc220: Cannot change mode to rwxr-xr-x: Operation not permitted
build	Cache Android SDK	2026-06-06T12:23:03.6516298Z /usr/bin/tar: ../../../../../usr/local/lib/android/sdk/platforms/android-35-ext15/data/res/values-mcc310-mnc220-hy: Cannot utime: Operation not permitted
build	Cache Android SDK	2026-06-06T12:23:03.6517444Z /usr/bin/tar: ../../../../../usr/local/lib/android/sdk/platforms/android-35-ext15/data/res/values-mcc310-mnc220-hy: Cannot change mode to rwxr-xr-x: Operation not permitted
build	Cache Android SDK	2026-06-06T12:23:03.6522857Z /usr/bin/tar: ../../../../../usr/local/lib/android/sdk/platforms/android-35-ext15/data/res/values-zu-watch: Cannot utime: Operation not permitted
build	Cache Android SDK	2026-06-06T12:23:03.6523770Z /usr/bin/tar: ../../../../../usr/local/lib/android/sdk/platforms/android-35-ext15/data/res/values-zu-watch: Cannot change mode to rwxr-xr-x: Operation not permitted
build	Cache Android SDK	2026-06-06T12:23:03.6529587Z /usr/bin/tar: ../../../../../usr/local/lib/android/sdk/platforms/android-35-ext15/data/res/values-mcc310-mnc560-b+sr+Latn: Cannot utime: Operation not permitted
build	Cache Android SDK	2026-06-06T12:23:03.6530592Z /usr/bin/tar: ../../../../../usr/local/lib/android/sdk/platforms/android-35-ext15/data/res/values-mcc310-mnc560-b+sr+Latn: Cannot change mode to rwxr-xr-x: Operation not permitted
build	Cache Android SDK	2026-06-06T12:23:03.6533313Z /usr/bin/tar: ../../../../../usr/local/lib/android/sdk/platforms/android-35-ext15/data/res/values-mcc310-mnc200-lo: Cannot utime: Operation not permitted
build	Cache Android SDK	2026-06-06T12:23:03.6534265Z /usr/bin/tar: ../../../../../usr/local/lib/android/sdk/platforms/android-35-ext15/data/res/values-mcc310-mnc200-lo: Cannot change mode to rwxr-xr-x: Operation not permitted
build	Cache Android SDK	2026-06-06T12:23:03.6537247Z /usr/bin/tar: ../../../../../usr/local/lib/android/sdk/platforms/android-35-ext15/data/res/values-mcc310-mnc150-it: Cannot utime: Operation not permitted
build	Cache Android SDK	2026-06-06T12:23:03.6538389Z /usr/bin/tar: ../../../../../usr/local/lib/android/sdk/platforms/android-35-ext15/data/res/values-mcc310-mnc150-it: Cannot change mode to rwxr-xr-x: Operation not permitted
build	Cache Android SDK	2026-06-06T12:23:03.6543590Z /usr/bin/tar: ../../../../../usr/local/lib/android/sdk/platforms/android-35-ext15/data/res/values-mcc310-mnc230-bs: Cannot utime: Operation not permitted
build	Cache Android SDK	2026-06-06T12:23:03.6544536Z /usr/bin/tar: ../../../../../usr/local/lib/android/sdk/platforms/android-35-ext15/data/res/values-mcc310-mnc230-bs: Cannot change mode to rwxr-xr-x: Operation not permitted
build	Cache Android SDK	2026-06-06T12:23:03.6548352Z /usr/bin/tar: ../../../../../usr/local/lib/android/sdk/platforms/android-35-ext15/data/res/values-mcc313-mnc100-az: Cannot utime: Operation not permitted
build	Cache Android SDK	2026-06-06T12:23:03.6549300Z /usr/bin/tar: ../../../../../usr/local/lib/android/sdk/platforms/android-35-ext15/data/res/values-mcc313-mnc100-az: Cannot change mode to rwxr-xr-x: Operation not permitted
build	Cache Android SDK	2026-06-06T12:23:03.6554404Z /usr/bin/tar: ../../../../../usr/local/lib/android/sdk/platforms/android-35-ext15/data/res/values-mcc310-mnc250-sl: Cannot utime: Operation not permitted
build	Cache Android SDK	2026-06-06T12:23:03.6555445Z /usr/bin/tar: ../../../../../usr/local/lib/android/sdk/platforms/android-35-ext15/data/res/values-mcc310-mnc250-sl: Cannot change mode to rwxr-xr-x: Operation not permitted
build	Cache Android SDK	2026-06-06T12:23:03.6558902Z /usr/bin/tar: ../../../../../usr/local/lib/android/sdk/platforms/android-35-ext15/data/res/values-mcc311-mnc180-ms: Cannot utime: Operation not permitted
build	Cache Android SDK	2026-06-06T12:23:03.6559853Z /usr/bin/tar: ../../../../../usr/local/lib/android/sdk/platforms/android-35-ext15/data/res/values-mcc311-mnc180-ms: Cannot change mode to rwxr-xr-x: Operation not permitted
build	Cache Android SDK	2026-06-06T12:23:03.6565711Z /usr/bin/tar: ../../../../../usr/local/lib/android/sdk/platforms/android-35-ext15/data/res/values-mcc310-mnc220-th: Cannot utime: Operation not permitted
build	Cache Android SDK	2026-06-06T12:23:03.6566671Z /usr/bin/tar: ../../../../../usr/local/lib/android/sdk/platforms/android-35-ext15/data/res/values-mcc310-mnc220-th: Cannot change mode to rwxr-xr-x: Operation not permitted
build	Cache Android SDK	2026-06-06T12:23:03.6569862Z /usr/bin/tar: ../../../../../usr/local/lib/android/sdk/platforms/android-35-ext15/data/res/values-mcc334-mnc020-ta: Cannot utime: Operation not permitted
build	Cache Android SDK	2026-06-06T12:23:03.6570902Z /usr/bin/tar: ../../../../../usr/local/lib/android/sdk/platforms/android-35-ext15/data/res/values-mcc334-mnc020-ta: Cannot change mode to rwxr-xr-x: Operation not permitted
build	Cache Android SDK	2026-06-06T12:23:03.6573951Z /usr/bin/tar: ../../../../../usr/local/lib/android/sdk/platforms/android-35-ext15/data/res/values-mcc302-mnc370-fr-rCA: Cannot utime: Operation not permitted
build	Cache Android SDK	2026-06-06T12:23:03.6575049Z /usr/bin/tar: ../../../../../usr/local/lib/android/sdk/platforms/android-35-ext15/data/res/values-mcc302-mnc370-fr-rCA: Cannot change mode to rwxr-xr-x: Operation not permitted
build	Cache Android SDK	2026-06-06T12:23:03.6581158Z /usr/bin/tar: ../../../../../usr/local/lib/android/sdk/platforms/android-35-ext15/data/res/values-mcc310-mnc660-in: Cannot utime: Operation not permitted
build	Cache Android SDK	2026-06-06T12:23:03.6582112Z /usr/bin/tar: ../../../../../usr/local/lib/android/sdk/platforms/android-35-ext15/data/res/values-mcc310-mnc660-in: Cannot change mode to rwxr-xr-x: Operation not permitted
build	Cache Android SDK	2026-06-06T12:23:03.6587836Z /usr/bin/tar: ../../../../../usr/local/lib/android/sdk/platforms/android-35-ext15/data/res/values-mcc001-mnc01-bs: Cannot utime: Operation not permitted
build	Cache Android SDK	2026-06-06T12:23:03.6588788Z /usr/bin/tar: ../../../../../usr/local/lib/android/sdk/platforms/android-35-ext15/data/res/values-mcc001-mnc01-bs: Cannot change mode to rwxr-xr-x: Operation not permitted
build	Cache Android SDK	2026-06-06T12:23:03.6591996Z /usr/bin/tar: ../../../../../usr/local/lib/android/sdk/platforms/android-35-ext15/data/res/values-mcc310-mnc280-de: Cannot utime: Operation not permitted
build	Cache Android SDK	2026-06-06T12:23:03.6593100Z /usr/bin/tar: ../../../../../usr/local/lib/android/sdk/platforms/android-35-ext15/data/res/values-mcc310-mnc280-de: Cannot change mode to rwxr-xr-x: Operation not permitted
build	Cache Android SDK	2026-06-06T12:23:03.6598933Z /usr/bin/tar: ../../../../../usr/local/lib/android/sdk/platforms/android-35-ext15/data/res/values-mcc416-mnc77: Cannot utime: Operation not permitted
build	Cache Android SDK	2026-06-06T12:23:03.6599869Z /usr/bin/tar: ../../../../../usr/local/lib/android/sdk/platforms/android-35-ext15/data/res/values-mcc416-mnc77: Cannot change mode to rwxr-xr-x: Operation not permitted
build	Cache Android SDK	2026-06-06T12:23:03.6604006Z /usr/bin/tar: ../../../../../usr/local/lib/android/sdk/platforms/android-35-ext15/data/res/values-pl-television: Cannot utime: Operation not permitted
build	Cache Android SDK	2026-06-06T12:23:03.6604954Z /usr/bin/tar: ../../../../../usr/local/lib/android/sdk/platforms/android-35-ext15/data/res/values-pl-television: Cannot change mode to rwxr-xr-x: Operation not permitted
build	Cache Android SDK	2026-06-06T12:23:03.6611097Z /usr/bin/tar: ../../../../../usr/local/lib/android/sdk/platforms/android-35-ext15/data/res/values-h720dp: Cannot utime: Operation not permitted
build	Cache Android SDK	2026-06-06T12:23:03.6611988Z /usr/bin/tar: ../../../../../usr/local/lib/android/sdk/platforms/android-35-ext15/data/res/values-h720dp: Cannot change mode to rwxr-xr-x: Operation not permitted
build	Cache Android SDK	2026-06-06T12:23:03.6614651Z /usr/bin/tar: ../../../../../usr/local/lib/android/sdk/platforms/android-35-ext15/data/res/values-mcc310-mnc310-b+sr+Latn: Cannot utime: Operation not permitted
build	Cache Android SDK	2026-06-06T12:23:03.6615699Z /usr/bin/tar: ../../../../../usr/local/lib/android/sdk/platforms/android-35-ext15/data/res/values-mcc310-mnc310-b+sr+Latn: Cannot change mode to rwxr-xr-x: Operation not permitted
build	Cache Android SDK	2026-06-06T12:23:03.6619384Z /usr/bin/tar: ../../../../../usr/local/lib/android/sdk/platforms/android-35-ext15/data/res/values-mcc001-mnc01-eu: Cannot utime: Operation not permitted
build	Cache Android SDK	2026-06-06T12:23:03.6620411Z /usr/bin/tar: ../../../../../usr/local/lib/android/sdk/platforms/android-35-ext15/data/res/values-mcc001-mnc01-eu: Cannot change mode to rwxr-xr-x: Operation not permitted
build	Cache Android SDK	2026-06-06T12:23:03.6624102Z /usr/bin/tar: ../../../../../usr/local/lib/android/sdk/platforms/android-35-ext15/data/res/values-mcc310-mnc170-mn: Cannot utime: Operation not permitted
build	Cache Android SDK	2026-06-06T12:23:03.6625052Z /usr/bin/tar: ../../../../../usr/local/lib/android/sdk/platforms/android-35-ext15/data/res/values-mcc310-mnc170-mn: Cannot change mode to rwxr-xr-x: Operation not permitted
build	Cache Android SDK	2026-06-06T12:23:03.6628222Z /usr/bin/tar: ../../../../../usr/local/lib/android/sdk/platforms/android-35-ext15/data/res/values-mcc234: Cannot utime: Operation not permitted
build	Cache Android SDK	2026-06-06T12:23:03.6629114Z /usr/bin/tar: ../../../../../usr/local/lib/android/sdk/platforms/android-35-ext15/data/res/values-mcc234: Cannot change mode to rwxr-xr-x: Operation not permitted
build	Cache Android SDK	2026-06-06T12:23:03.6639224Z /usr/bin/tar: ../../../../../usr/local/lib/android/sdk/platforms/android-35-ext15/data/res/values-th: Cannot utime: Operation not permitted
build	Cache Android SDK	2026-06-06T12:23:03.6640465Z /usr/bin/tar: ../../../../../usr/local/lib/android/sdk/platforms/android-35-ext15/data/res/values-th: Cannot change mode to rwxr-xr-x: Operation not permitted
build	Cache Android SDK	2026-06-06T12:23:03.6643832Z /usr/bin/tar: ../../../../../usr/local/lib/android/sdk/platforms/android-35-ext15/data/res/values-mcc310-mnc030-mr: Cannot utime: Operation not permitted
build	Cache Android SDK	2026-06-06T12:23:03.6644917Z /usr/bin/tar: ../../../../../usr/local/lib/android/sdk/platforms/android-35-ext15/data/res/values-mcc310-mnc030-mr: Cannot change mode to rwxr-xr-x: Operation not permitted
build	Cache Android SDK	2026-06-06T12:23:03.6648047Z /usr/bin/tar: ../../../../../usr/local/lib/android/sdk/platforms/android-35-ext15/data/res/values-mcc310-mnc310-ka: Cannot utime: Operation not permitted
build	Cache Android SDK	2026-06-06T12:23:03.6649041Z /usr/bin/tar: ../../../../../usr/local/lib/android/sdk/platforms/android-35-ext15/data/res/values-mcc310-mnc310-ka: Cannot change mode to rwxr-xr-x: Operation not permitted
build	Cache Android SDK	2026-06-06T12:23:03.6654226Z /usr/bin/tar: ../../../../../usr/local/lib/android/sdk/platforms/android-35-ext15/data/res/values-mcc310-mnc240-tl: Cannot utime: Operation not permitted
build	Cache Android SDK	2026-06-06T12:23:03.6655218Z /usr/bin/tar: ../../../../../usr/local/lib/android/sdk/platforms/android-35-ext15/data/res/values-mcc310-mnc240-tl: Cannot change mode to rwxr-xr-x: Operation not permitted
build	Cache Android SDK	2026-06-06T12:23:03.6658593Z /usr/bin/tar: ../../../../../usr/local/lib/android/sdk/platforms/android-35-ext15/data/res/values-el-television: Cannot utime: Operation not permitted
build	Cache Android SDK	2026-06-06T12:23:03.6659590Z /usr/bin/tar: ../../../../../usr/local/lib/android/sdk/platforms/android-35-ext15/data/res/values-el-television: Cannot change mode to rwxr-xr-x: Operation not permitted
build	Cache Android SDK	2026-06-06T12:23:03.6665954Z /usr/bin/tar: ../../../../../usr/local/lib/android/sdk/platforms/android-35-ext15/data/res/values-mcc312-mnc670-nl: Cannot utime: Operation not permitted
build	Cache Android SDK	2026-06-06T12:23:03.6666977Z /usr/bin/tar: ../../../../../usr/local/lib/android/sdk/platforms/android-35-ext15/data/res/values-mcc312-mnc670-nl: Cannot change mode to rwxr-xr-x: Operation not permitted
build	Cache Android SDK	2026-06-06T12:23:03.6672203Z /usr/bin/tar: ../../../../../usr/local/lib/android/sdk/platforms/android-35-ext15/data/res/values-mcc310-mnc310-hy: Cannot utime: Operation not permitted
build	Cache Android SDK	2026-06-06T12:23:03.6673188Z /usr/bin/tar: ../../../../../usr/local/lib/android/sdk/platforms/android-35-ext15/data/res/values-mcc310-mnc310-hy: Cannot change mode to rwxr-xr-x: Operation not permitted
build	Cache Android SDK	2026-06-06T12:23:03.6676252Z /usr/bin/tar: ../../../../../usr/local/lib/android/sdk/platforms/android-35-ext15/data/res/values-mcc310-mnc250-ur: Cannot utime: Operation not permitted
build	Cache Android SDK	2026-06-06T12:23:03.6677223Z /usr/bin/tar: ../../../../../usr/local/lib/android/sdk/platforms/android-35-ext15/data/res/values-mcc310-mnc250-ur: Cannot change mode to rwxr-xr-x: Operation not permitted
build	Cache Android SDK	2026-06-06T12:23:03.6681581Z /usr/bin/tar: ../../../../../usr/local/lib/android/sdk/platforms/android-35-ext15/data/res/values-mcc310-mnc490-si: Cannot utime: Operation not permitted
build	Cache Android SDK	2026-06-06T12:23:03.6682668Z /usr/bin/tar: ../../../../../usr/local/lib/android/sdk/platforms/android-35-ext15/data/res/values-mcc310-mnc490-si: Cannot change mode to rwxr-xr-x: Operation not permitted
build	Cache Android SDK	2026-06-06T12:23:03.6686418Z /usr/bin/tar: ../../../../../usr/local/lib/android/sdk/platforms/android-35-ext15/data/res/values-mcc313-mnc100-am: Cannot utime: Operation not permitted
build	Cache Android SDK	2026-06-06T12:23:03.6687550Z /usr/bin/tar: ../../../../../usr/local/lib/android/sdk/platforms/android-35-ext15/data/res/values-mcc313-mnc100-am: Cannot change mode to rwxr-xr-x: Operation not permitted
build	Cache Android SDK	2026-06-06T12:23:03.6692761Z /usr/bin/tar: ../../../../../usr/local/lib/android/sdk/platforms/android-35-ext15/data/res/values-mcc310-mnc660-gu: Cannot utime: Operation not permitted
build	Cache Android SDK	2026-06-06T12:23:03.6693821Z /usr/bin/tar: ../../../../../usr/local/lib/android/sdk/platforms/android-35-ext15/data/res/values-mcc310-mnc660-gu: Cannot change mode to rwxr-xr-x: Operation not permitted
build	Cache Android SDK	2026-06-06T12:23:03.6700407Z /usr/bin/tar: ../../../../../usr/local/lib/android/sdk/platforms/android-35-ext15/data/res/values-mcc310-mnc410-fr-rCA: Cannot utime: Operation not permitted
build	Cache Android SDK	2026-06-06T12:23:03.6701646Z /usr/bin/tar: ../../../../../usr/local/lib/android/sdk/platforms/android-35-ext15/data/res/values-mcc310-mnc410-fr-rCA: Cannot change mode to rwxr-xr-x: Operation not permitted
build	Cache Android SDK	2026-06-06T12:23:03.6704250Z /usr/bin/tar: ../../../../../usr/local/lib/android/sdk/platforms/android-35-ext15/data/res/values-mcc310-mnc220-te: Cannot utime: Operation not permitted
build	Cache Android SDK	2026-06-06T12:23:03.6705204Z /usr/bin/tar: ../../../../../usr/local/lib/android/sdk/platforms/android-35-ext15/data/res/values-mcc310-mnc220-te: Cannot change mode to rwxr-xr-x: Operation not permitted
build	Cache Android SDK	2026-06-06T12:23:03.6709502Z /usr/bin/tar: ../../../../../usr/local/lib/android/sdk/platforms/android-35-ext15/data/res/values-af-watch: Cannot utime: Operation not permitted
build	Cache Android SDK	2026-06-06T12:23:03.6710442Z /usr/bin/tar: ../../../../../usr/local/lib/android/sdk/platforms/android-35-ext15/data/res/values-af-watch: Cannot change mode to rwxr-xr-x: Operation not permitted
build	Cache Android SDK	2026-06-06T12:23:03.6714224Z /usr/bin/tar: ../../../../../usr/local/lib/android/sdk/platforms/android-35-ext15/data/res/values-mcc310-mnc410-el: Cannot utime: Operation not permitted
build	Cache Android SDK	2026-06-06T12:23:03.6715345Z /usr/bin/tar: ../../../../../usr/local/lib/android/sdk/platforms/android-35-ext15/data/res/values-mcc310-mnc410-el: Cannot change mode to rwxr-xr-x: Operation not permitted
build	Cache Android SDK	2026-06-06T12:23:03.6720159Z /usr/bin/tar: ../../../../../usr/local/lib/android/sdk/platforms/android-35-ext15/data/res/values-mcc310-mnc250-en-rAU: Cannot utime: Operation not permitted
build	Cache Android SDK	2026-06-06T12:23:03.6721151Z /usr/bin/tar: ../../../../../usr/local/lib/android/sdk/platforms/android-35-ext15/data/res/values-mcc310-mnc250-en-rAU: Cannot change mode to rwxr-xr-x: Operation not permitted
build	Cache Android SDK	2026-06-06T12:23:03.6726489Z /usr/bin/tar: ../../../../../usr/local/lib/android/sdk/platforms/android-35-ext15/data/res/values-mcc312-mnc670-mr: Cannot utime: Operation not permitted
build	Cache Android SDK	2026-06-06T12:23:03.6727700Z /usr/bin/tar: ../../../../../usr/local/lib/android/sdk/platforms/android-35-ext15/data/res/values-mcc312-mnc670-mr: Cannot change mode to rwxr-xr-x: Operation not permitted
build	Cache Android SDK	2026-06-06T12:23:03.6730665Z /usr/bin/tar: ../../../../../usr/local/lib/android/sdk/platforms/android-35-ext15/data/res/values-mcc310-mnc660-sk: Cannot utime: Operation not permitted
build	Cache Android SDK	2026-06-06T12:23:03.6731755Z /usr/bin/tar: ../../../../../usr/local/lib/android/sdk/platforms/android-35-ext15/data/res/values-mcc310-mnc660-sk: Cannot change mode to rwxr-xr-x: Operation not permitted
build	Cache Android SDK	2026-06-06T12:23:03.6735555Z /usr/bin/tar: ../../../../../usr/local/lib/android/sdk/platforms/android-35-ext15/data/res/values-mcc310-mnc800-pt-rBR: Cannot utime: Operation not permitted
build	Cache Android SDK	2026-06-06T12:23:03.6736553Z /usr/bin/tar: ../../../../../usr/local/lib/android/sdk/platforms/android-35-ext15/data/res/values-mcc310-mnc800-pt-rBR: Cannot change mode to rwxr-xr-x: Operation not permitted
build	Cache Android SDK	2026-06-06T12:23:03.6740415Z /usr/bin/tar: ../../../../../usr/local/lib/android/sdk/platforms/android-35-ext15/data/res/values-mcc310-mnc410-uz: Cannot utime: Operation not permitted
build	Cache Android SDK	2026-06-06T12:23:03.6741364Z /usr/bin/tar: ../../../../../usr/local/lib/android/sdk/platforms/android-35-ext15/data/res/values-mcc310-mnc410-uz: Cannot change mode to rwxr-xr-x: Operation not permitted
build	Cache Android SDK	2026-06-06T12:23:03.6744468Z /usr/bin/tar: ../../../../../usr/local/lib/android/sdk/platforms/android-35-ext15/data/res/values-mcc310-mnc230-ms: Cannot utime: Operation not permitted
build	Cache Android SDK	2026-06-06T12:23:03.6745420Z /usr/bin/tar: ../../../../../usr/local/lib/android/sdk/platforms/android-35-ext15/data/res/values-mcc310-mnc230-ms: Cannot change mode to rwxr-xr-x: Operation not permitted
build	Cache Android SDK	2026-06-06T12:23:03.6749119Z /usr/bin/tar: ../../../../../usr/local/lib/android/sdk/platforms/android-35-ext15/data/res/values-mcc302-mnc720-vi: Cannot utime: Operation not permitted
build	Cache Android SDK	2026-06-06T12:23:03.6750171Z /usr/bin/tar: ../../../../../usr/local/lib/android/sdk/platforms/android-35-ext15/data/res/values-mcc302-mnc720-vi: Cannot change mode to rwxr-xr-x: Operation not permitted
build	Cache Android SDK	2026-06-06T12:23:03.6753127Z /usr/bin/tar: ../../../../../usr/local/lib/android/sdk/platforms/android-35-ext15/data/res/values-tr-rTR: Cannot utime: Operation not permitted
build	Cache Android SDK	2026-06-06T12:23:03.6754038Z /usr/bin/tar: ../../../../../usr/local/lib/android/sdk/platforms/android-35-ext15/data/res/values-tr-rTR: Cannot change mode to rwxr-xr-x: Operation not permitted
build	Cache Android SDK	2026-06-06T12:23:03.6766732Z /usr/bin/tar: ../../../../../usr/local/lib/android/sdk/platforms/android-35-ext15/data/res/values-en-rXC: Cannot utime: Operation not permitted
build	Cache Android SDK	2026-06-06T12:23:03.6767978Z /usr/bin/tar: ../../../../../usr/local/lib/android/sdk/platforms/android-35-ext15/data/res/values-en-rXC: Cannot change mode to rwxr-xr-x: Operation not permitted
build	Cache Android SDK	2026-06-06T12:23:03.6772881Z /usr/bin/tar: ../../../../../usr/local/lib/android/sdk/platforms/android-35-ext15/data/res/values-mcc310-mnc560-pt-rPT: Cannot utime: Operation not permitted
build	Cache Android SDK	2026-06-06T12:23:03.6774132Z /usr/bin/tar: ../../../../../usr/local/lib/android/sdk/platforms/android-35-ext15/data/res/values-mcc310-mnc560-pt-rPT: Cannot change mode to rwxr-xr-x: Operation not permitted
build	Cache Android SDK	2026-06-06T12:23:03.6775867Z /usr/bin/tar: ../../../../../usr/local/lib/android/sdk/platforms/android-35-ext15/data/res/values-mcc310-mnc490-es: Cannot utime: Operation not permitted
build	Cache Android SDK	2026-06-06T12:23:03.6776844Z /usr/bin/tar: ../../../../../usr/local/lib/android/sdk/platforms/android-35-ext15/data/res/values-mcc310-mnc490-es: Cannot change mode to rwxr-xr-x: Operation not permitted
build	Cache Android SDK	2026-06-06T12:23:03.6781783Z /usr/bin/tar: ../../../../../usr/local/lib/android/sdk/platforms/android-35-ext15/data/res/values-mcc310-mnc310-th: Cannot utime: Operation not permitted
build	Cache Android SDK	2026-06-06T12:23:03.6782758Z /usr/bin/tar: ../../../../../usr/local/lib/android/sdk/platforms/android-35-ext15/data/res/values-mcc310-mnc310-th: Cannot change mode to rwxr-xr-x: Operation not permitted
build	Cache Android SDK	2026-06-06T12:23:03.6785860Z /usr/bin/tar: ../../../../../usr/local/lib/android/sdk/platforms/android-35-ext15/data/res/values-mcc310-mnc030-fa: Cannot utime: Operation not permitted
build	Cache Android SDK	2026-06-06T12:23:03.6786831Z /usr/bin/tar: ../../../../../usr/local/lib/android/sdk/platforms/android-35-ext15/data/res/values-mcc310-mnc030-fa: Cannot change mode to rwxr-xr-x: Operation not permitted
build	Cache Android SDK	2026-06-06T12:23:03.6789971Z /usr/bin/tar: ../../../../../usr/local/lib/android/sdk/platforms/android-35-ext15/data/res/values-mcc001-mnc01-be: Cannot utime: Operation not permitted
build	Cache Android SDK	2026-06-06T12:23:03.6790956Z /usr/bin/tar: ../../../../../usr/local/lib/android/sdk/platforms/android-35-ext15/data/res/values-mcc001-mnc01-be: Cannot change mode to rwxr-xr-x: Operation not permitted
build	Cache Android SDK	2026-06-06T12:23:03.6796517Z /usr/bin/tar: ../../../../../usr/local/lib/android/sdk/platforms/android-35-ext15/data/res/values-mcc310-mnc210-el: Cannot utime: Operation not permitted
build	Cache Android SDK	2026-06-06T12:23:03.6797771Z /usr/bin/tar: ../../../../../usr/local/lib/android/sdk/platforms/android-35-ext15/data/res/values-mcc310-mnc210-el: Cannot change mode to rwxr-xr-x: Operation not permitted
build	Cache Android SDK	2026-06-06T12:23:03.6800816Z /usr/bin/tar: ../../../../../usr/local/lib/android/sdk/platforms/android-35-ext15/data/res/values-mcc310-mnc200-ja: Cannot utime: Operation not permitted
build	Cache Android SDK	2026-06-06T12:23:03.6801802Z /usr/bin/tar: ../../../../../usr/local/lib/android/sdk/platforms/android-35-ext15/data/res/values-mcc310-mnc200-ja: Cannot change mode to rwxr-xr-x: Operation not permitted
build	Cache Android SDK	2026-06-06T12:23:03.6809376Z /usr/bin/tar: ../../../../../usr/local/lib/android/sdk/platforms/android-35-ext15/data/res/values-eu: Cannot utime: Operation not permitted
build	Cache Android SDK	2026-06-06T12:23:03.6810299Z /usr/bin/tar: ../../../../../usr/local/lib/android/sdk/platforms/android-35-ext15/data/res/values-eu: Cannot change mode to rwxr-xr-x: Operation not permitted
build	Cache Android SDK	2026-06-06T12:23:03.6813392Z /usr/bin/tar: ../../../../../usr/local/lib/android/sdk/platforms/android-35-ext15/data/res/values-mcc310-mnc160-ms: Cannot utime: Operation not permitted
build	Cache Android SDK	2026-06-06T12:23:03.6814377Z /usr/bin/tar: ../../../../../usr/local/lib/android/sdk/platforms/android-35-ext15/data/res/values-mcc310-mnc160-ms: Cannot change mode to rwxr-xr-x: Operation not permitted
build	Cache Android SDK	2026-06-06T12:23:03.6817201Z /usr/bin/tar: ../../../../../usr/local/lib/android/sdk/platforms/android-35-ext15/data/res/values-mcc310-mnc240-az: Cannot utime: Operation not permitted
build	Cache Android SDK	2026-06-06T12:23:03.6818617Z /usr/bin/tar: ../../../../../usr/local/lib/android/sdk/platforms/android-35-ext15/data/res/values-mcc310-mnc240-az: Cannot change mode to rwxr-xr-x: Operation not permitted
build	Cache Android SDK	2026-06-06T12:23:03.6820356Z /usr/bin/tar: ../../../../../usr/local/lib/android/sdk/platforms/android-35-ext15/data/res/values-mcc310-mnc220-kk: Cannot utime: Operation not permitted
build	Cache Android SDK	2026-06-06T12:23:03.6821313Z /usr/bin/tar: ../../../../../usr/local/lib/android/sdk/platforms/android-35-ext15/data/res/values-mcc310-mnc220-kk: Cannot change mode to rwxr-xr-x: Operation not permitted
build	Cache Android SDK	2026-06-06T12:23:03.6823379Z /usr/bin/tar: ../../../../../usr/local/lib/android/sdk/platforms/android-35-ext15/data/res/values-mcc310-mnc200-ru: Cannot utime: Operation not permitted
build	Cache Android SDK	2026-06-06T12:23:03.6824342Z /usr/bin/tar: ../../../../../usr/local/lib/android/sdk/platforms/android-35-ext15/data/res/values-mcc310-mnc200-ru: Cannot change mode to rwxr-xr-x: Operation not permitted
build	Cache Android SDK	2026-06-06T12:23:03.6830007Z /usr/bin/tar: ../../../../../usr/local/lib/android/sdk/platforms/android-35-ext15/data/res/values-mcc001-mnc01-da: Cannot utime: Operation not permitted
build	Cache Android SDK	2026-06-06T12:23:03.6830981Z /usr/bin/tar: ../../../../../usr/local/lib/android/sdk/platforms/android-35-ext15/data/res/values-mcc001-mnc01-da: Cannot change mode to rwxr-xr-x: Operation not permitted
build	Cache Android SDK	2026-06-06T12:23:03.6833834Z /usr/bin/tar: ../../../../../usr/local/lib/android/sdk/platforms/android-35-ext15/data/res/values-mcc310-mnc160-it: Cannot utime: Operation not permitted
build	Cache Android SDK	2026-06-06T12:23:03.6834819Z /usr/bin/tar: ../../../../../usr/local/lib/android/sdk/platforms/android-35-ext15/data/res/values-mcc310-mnc160-it: Cannot change mode to rwxr-xr-x: Operation not permitted
build	Cache Android SDK	2026-06-06T12:23:03.6837482Z /usr/bin/tar: ../../../../../usr/local/lib/android/sdk/platforms/android-35-ext15/data/res/values-mcc310-mnc200-sq: Cannot utime: Operation not permitted
build	Cache Android SDK	2026-06-06T12:23:03.6838625Z /usr/bin/tar: ../../../../../usr/local/lib/android/sdk/platforms/android-35-ext15/data/res/values-mcc310-mnc200-sq: Cannot change mode to rwxr-xr-x: Operation not permitted
build	Cache Android SDK	2026-06-06T12:23:03.6840412Z /usr/bin/tar: ../../../../../usr/local/lib/android/sdk/platforms/android-35-ext15/data/res/values-mcc302-mnc370-b+sr+Latn: Cannot utime: Operation not permitted
build	Cache Android SDK	2026-06-06T12:23:03.6841593Z /usr/bin/tar: ../../../../../usr/local/lib/android/sdk/platforms/android-35-ext15/data/res/values-mcc302-mnc370-b+sr+Latn: Cannot change mode to rwxr-xr-x: Operation not permitted
build	Cache Android SDK	2026-06-06T12:23:03.6845430Z /usr/bin/tar: ../../../../../usr/local/lib/android/sdk/platforms/android-35-ext15/data/res/values-mcc302-mnc720-am: Cannot utime: Operation not permitted
build	Cache Android SDK	2026-06-06T12:23:03.6846478Z /usr/bin/tar: ../../../../../usr/local/lib/android/sdk/platforms/android-35-ext15/data/res/values-mcc302-mnc720-am: Cannot change mode to rwxr-xr-x: Operation not permitted
build	Cache Android SDK	2026-06-06T12:23:03.6850418Z /usr/bin/tar: ../../../../../usr/local/lib/android/sdk/platforms/android-35-ext15/data/res/values-mcc310-mnc210-ru: Cannot utime: Operation not permitted
build	Cache Android SDK	2026-06-06T12:23:03.6851397Z /usr/bin/tar: ../../../../../usr/local/lib/android/sdk/platforms/android-35-ext15/data/res/values-mcc310-mnc210-ru: Cannot change mode to rwxr-xr-x: Operation not permitted
build	Cache Android SDK	2026-06-06T12:23:03.6854099Z /usr/bin/tar: ../../../../../usr/local/lib/android/sdk/platforms/android-35-ext15/data/res/values-mcc311-mnc180-sv: Cannot utime: Operation not permitted
build	Cache Android SDK	2026-06-06T12:23:03.6855074Z /usr/bin/tar: ../../../../../usr/local/lib/android/sdk/platforms/android-35-ext15/data/res/values-mcc311-mnc180-sv: Cannot change mode to rwxr-xr-x: Operation not permitted
build	Cache Android SDK	2026-06-06T12:23:03.6858318Z /usr/bin/tar: ../../../../../usr/local/lib/android/sdk/platforms/android-35-ext15/data/res/values-mcc312-mnc670-pt-rBR: Cannot utime: Operation not permitted
build	Cache Android SDK	2026-06-06T12:23:03.6859324Z /usr/bin/tar: ../../../../../usr/local/lib/android/sdk/platforms/android-35-ext15/data/res/values-mcc312-mnc670-pt-rBR: Cannot change mode to rwxr-xr-x: Operation not permitted
build	Cache Android SDK	2026-06-06T12:23:03.6862682Z /usr/bin/tar: ../../../../../usr/local/lib/android/sdk/platforms/android-35-ext15/data/res/values-mcc313-mnc100-km: Cannot utime: Operation not permitted
build	Cache Android SDK	2026-06-06T12:23:03.6863635Z /usr/bin/tar: ../../../../../usr/local/lib/android/sdk/platforms/android-35-ext15/data/res/values-mcc313-mnc100-km: Cannot change mode to rwxr-xr-x: Operation not permitted
build	Cache Android SDK	2026-06-06T12:23:03.6868924Z /usr/bin/tar: ../../../../../usr/local/lib/android/sdk/platforms/android-35-ext15/data/res/values-mcc310-mnc170-ur: Cannot utime: Operation not permitted
build	Cache Android SDK	2026-06-06T12:23:03.6869896Z /usr/bin/tar: ../../../../../usr/local/lib/android/sdk/platforms/android-35-ext15/data/res/values-mcc310-mnc170-ur: Cannot change mode to rwxr-xr-x: Operation not permitted
build	Cache Android SDK	2026-06-06T12:23:03.6873455Z /usr/bin/tar: ../../../../../usr/local/lib/android/sdk/platforms/android-35-ext15/data/res/values-mcc310-mnc380-bn: Cannot utime: Operation not permitted
build	Cache Android SDK	2026-06-06T12:23:03.6874503Z /usr/bin/tar: ../../../../../usr/local/lib/android/sdk/platforms/android-35-ext15/data/res/values-mcc310-mnc380-bn: Cannot change mode to rwxr-xr-x: Operation not permitted
build	Cache Android SDK	2026-06-06T12:23:03.6880839Z /usr/bin/tar: ../../../../../usr/local/lib/android/sdk/platforms/android-35-ext15/data/res/values-mcc310-mnc160-pt-rBR: Cannot utime: Operation not permitted
build	Cache Android SDK	2026-06-06T12:23:03.6881850Z /usr/bin/tar: ../../../../../usr/local/lib/android/sdk/platforms/android-35-ext15/data/res/values-mcc310-mnc160-pt-rBR: Cannot change mode to rwxr-xr-x: Operation not permitted
build	Cache Android SDK	2026-06-06T12:23:03.6885684Z /usr/bin/tar: ../../../../../usr/local/lib/android/sdk/platforms/android-35-ext15/data/res/values-mcc313-mnc100-ka: Cannot utime: Operation not permitted
build	Cache Android SDK	2026-06-06T12:23:03.6886652Z /usr/bin/tar: ../../../../../usr/local/lib/android/sdk/platforms/android-35-ext15/data/res/values-mcc313-mnc100-ka: Cannot change mode to rwxr-xr-x: Operation not permitted
build	Cache Android SDK	2026-06-06T12:23:03.6889804Z /usr/bin/tar: ../../../../../usr/local/lib/android/sdk/platforms/android-35-ext15/data/res/values-mcc001-mnc01-ar: Cannot utime: Operation not permitted
build	Cache Android SDK	2026-06-06T12:23:03.6890847Z /usr/bin/tar: ../../../../../usr/local/lib/android/sdk/platforms/android-35-ext15/data/res/values-mcc001-mnc01-ar: Cannot change mode to rwxr-xr-x: Operation not permitted
build	Cache Android SDK	2026-06-06T12:23:03.6894324Z /usr/bin/tar: ../../../../../usr/local/lib/android/sdk/platforms/android-35-ext15/data/res/values-mcc312-mnc670-da: Cannot utime: Operation not permitted
build	Cache Android SDK	2026-06-06T12:23:03.6895295Z /usr/bin/tar: ../../../../../usr/local/lib/android/sdk/platforms/android-35-ext15/data/res/values-mcc312-mnc670-da: Cannot change mode to rwxr-xr-x: Operation not permitted
build	Cache Android SDK	2026-06-06T12:23:03.6897737Z /usr/bin/tar: ../../../../../usr/local/lib/android/sdk/platforms/android-35-ext15/data/res/values-mcc001-mnc01-is: Cannot utime: Operation not permitted
build	Cache Android SDK	2026-06-06T12:23:03.6898708Z /usr/bin/tar: ../../../../../usr/local/lib/android/sdk/platforms/android-35-ext15/data/res/values-mcc001-mnc01-is: Cannot change mode to rwxr-xr-x: Operation not permitted
build	Cache Android SDK	2026-06-06T12:23:03.6902452Z /usr/bin/tar: ../../../../../usr/local/lib/android/sdk/platforms/android-35-ext15/data/res/values-mcc310-mnc280-mn: Cannot utime: Operation not permitted
build	Cache Android SDK	2026-06-06T12:23:03.6903452Z /usr/bin/tar: ../../../../../usr/local/lib/android/sdk/platforms/android-35-ext15/data/res/values-mcc310-mnc280-mn: Cannot change mode to rwxr-xr-x: Operation not permitted
build	Cache Android SDK	2026-06-06T12:23:03.6909662Z /usr/bin/tar: ../../../../../usr/local/lib/android/sdk/platforms/android-35-ext15/data/res/values-mcc311-mnc180-es: Cannot utime: Operation not permitted
build	Cache Android SDK	2026-06-06T12:23:03.6910763Z /usr/bin/tar: ../../../../../usr/local/lib/android/sdk/platforms/android-35-ext15/data/res/values-mcc311-mnc180-es: Cannot change mode to rwxr-xr-x: Operation not permitted
build	Cache Android SDK	2026-06-06T12:23:03.6916959Z /usr/bin/tar: ../../../../../usr/local/lib/android/sdk/platforms/android-35-ext15/data/res/values-mcc310-mnc270-uz: Cannot utime: Operation not permitted
build	Cache Android SDK	2026-06-06T12:23:03.6918136Z /usr/bin/tar: ../../../../../usr/local/lib/android/sdk/platforms/android-35-ext15/data/res/values-mcc310-mnc270-uz: Cannot change mode to rwxr-xr-x: Operation not permitted
build	Cache Android SDK	2026-06-06T12:23:03.6920221Z /usr/bin/tar: ../../../../../usr/local/lib/android/sdk/platforms/android-35-ext15/data/res/values-mcc310-mnc220-fr-rCA: Cannot utime: Operation not permitted
build	Cache Android SDK	2026-06-06T12:23:03.6921222Z /usr/bin/tar: ../../../../../usr/local/lib/android/sdk/platforms/android-35-ext15/data/res/values-mcc310-mnc220-fr-rCA: Cannot change mode to rwxr-xr-x: Operation not permitted
build	Cache Android SDK	2026-06-06T12:23:03.6925213Z /usr/bin/tar: ../../../../../usr/local/lib/android/sdk/platforms/android-35-ext15/data/res/values-mcc001-mnc01-af: Cannot utime: Operation not permitted
build	Cache Android SDK	2026-06-06T12:23:03.6926172Z /usr/bin/tar: ../../../../../usr/local/lib/android/sdk/platforms/android-35-ext15/data/res/values-mcc001-mnc01-af: Cannot change mode to rwxr-xr-x: Operation not permitted
build	Cache Android SDK	2026-06-06T12:23:03.6931780Z /usr/bin/tar: ../../../../../usr/local/lib/android/sdk/platforms/android-35-ext15/data/res/values-mcc310-mnc280-fi: Cannot utime: Operation not permitted
build	Cache Android SDK	2026-06-06T12:23:03.6932801Z /usr/bin/tar: ../../../../../usr/local/lib/android/sdk/platforms/android-35-ext15/data/res/values-mcc310-mnc280-fi: Cannot change mode to rwxr-xr-x: Operation not permitted
build	Cache Android SDK	2026-06-06T12:23:03.6941554Z /usr/bin/tar: ../../../../../usr/local/lib/android/sdk/platforms/android-35-ext15/data/res/values-fr-rFR: Cannot utime: Operation not permitted
build	Cache Android SDK	2026-06-06T12:23:03.6942687Z /usr/bin/tar: ../../../../../usr/local/lib/android/sdk/platforms/android-35-ext15/data/res/values-fr-rFR: Cannot change mode to rwxr-xr-x: Operation not permitted
build	Cache Android SDK	2026-06-06T12:23:03.6948601Z /usr/bin/tar: ../../../../../usr/local/lib/android/sdk/platforms/android-35-ext15/data/res/values-mcc310-mnc380-sw: Cannot utime: Operation not permitted
build	Cache Android SDK	2026-06-06T12:23:03.6953178Z /usr/bin/tar: ../../../../../usr/local/lib/android/sdk/platforms/android-35-ext15/data/res/values-mcc310-mnc380-sw: Cannot change mode to rwxr-xr-x: Operation not permitted
build	Cache Android SDK	2026-06-06T12:23:03.6954504Z /usr/bin/tar: ../../../../../usr/local/lib/android/sdk/platforms/android-35-ext15/data/res/values-mcc310-mnc270-de: Cannot utime: Operation not permitted
build	Cache Android SDK	2026-06-06T12:23:03.6955507Z /usr/bin/tar: ../../../../../usr/local/lib/android/sdk/platforms/android-35-ext15/data/res/values-mcc310-mnc270-de: Cannot change mode to rwxr-xr-x: Operation not permitted
build	Cache Android SDK	2026-06-06T12:23:03.6960447Z /usr/bin/tar: ../../../../../usr/local/lib/android/sdk/platforms/android-35-ext15/data/res/values-mcc310-mnc030-ta: Cannot utime: Operation not permitted
build	Cache Android SDK	2026-06-06T12:23:03.6961862Z /usr/bin/tar: ../../../../../usr/local/lib/android/sdk/platforms/android-35-ext15/data/res/values-mcc310-mnc030-ta: Cannot change mode to rwxr-xr-x: Operation not permitted
build	Cache Android SDK	2026-06-06T12:23:03.6964959Z /usr/bin/tar: ../../../../../usr/local/lib/android/sdk/platforms/android-35-ext15/data/res/values-mcc310-mnc800-si: Cannot utime: Operation not permitted
build	Cache Android SDK	2026-06-06T12:23:03.6966182Z /usr/bin/tar: ../../../../../usr/local/lib/android/sdk/platforms/android-35-ext15/data/res/values-mcc310-mnc800-si: Cannot change mode to rwxr-xr-x: Operation not permitted
build	Cache Android SDK	2026-06-06T12:23:03.6969136Z /usr/bin/tar: ../../../../../usr/local/lib/android/sdk/platforms/android-35-ext15/data/res/values-mcc310-mnc660-zu: Cannot utime: Operation not permitted
build	Cache Android SDK	2026-06-06T12:23:03.6970193Z /usr/bin/tar: ../../../../../usr/local/lib/android/sdk/platforms/android-35-ext15/data/res/values-mcc310-mnc660-zu: Cannot change mode to rwxr-xr-x: Operation not permitted
build	Cache Android SDK	2026-06-06T12:23:03.6977734Z /usr/bin/tar: ../../../../../usr/local/lib/android/sdk/platforms/android-35-ext15/data/res/values-mcc310-mnc310-es-rUS: Cannot utime: Operation not permitted
build	Cache Android SDK	2026-06-06T12:23:03.6978743Z /usr/bin/tar: ../../../../../usr/local/lib/android/sdk/platforms/android-35-ext15/data/res/values-mcc310-mnc310-es-rUS: Cannot change mode to rwxr-xr-x: Operation not permitted
build	Cache Android SDK	2026-06-06T12:23:03.6987187Z /usr/bin/tar: ../../../../../usr/local/lib/android/sdk/platforms/android-35-ext15/data/res/values-mcc311-mnc180-ky: Cannot utime: Operation not permitted
build	Cache Android SDK	2026-06-06T12:23:03.6988585Z /usr/bin/tar: ../../../../../usr/local/lib/android/sdk/platforms/android-35-ext15/data/res/values-mcc311-mnc180-ky: Cannot change mode to rwxr-xr-x: Operation not permitted
build	Cache Android SDK	2026-06-06T12:23:03.6990831Z /usr/bin/tar: ../../../../../usr/local/lib/android/sdk/platforms/android-35-ext15/data/res/values-mcc310-mnc490-fi: Cannot utime: Operation not permitted
build	Cache Android SDK	2026-06-06T12:23:03.6991793Z /usr/bin/tar: ../../../../../usr/local/lib/android/sdk/platforms/android-35-ext15/data/res/values-mcc310-mnc490-fi: Cannot change mode to rwxr-xr-x: Operation not permitted
build	Cache Android SDK	2026-06-06T12:23:03.6995148Z /usr/bin/tar: ../../../../../usr/local/lib/android/sdk/platforms/android-35-ext15/data/res/values-mcc310-mnc310-hi: Cannot utime: Operation not permitted
build	Cache Android SDK	2026-06-06T12:23:03.6996169Z /usr/bin/tar: ../../../../../usr/local/lib/android/sdk/platforms/android-35-ext15/data/res/values-mcc310-mnc310-hi: Cannot change mode to rwxr-xr-x: Operation not permitted
build	Cache Android SDK	2026-06-06T12:23:03.6998227Z /usr/bin/tar: ../../../../../usr/local/lib/android/sdk/platforms/android-35-ext15/data/res/values-mcc302-mnc720-nl: Cannot utime: Operation not permitted
build	Cache Android SDK	2026-06-06T12:23:03.6999515Z /usr/bin/tar: ../../../../../usr/local/lib/android/sdk/platforms/android-35-ext15/data/res/values-mcc302-mnc720-nl: Cannot change mode to rwxr-xr-x: Operation not permitted
build	Cache Android SDK	2026-06-06T12:23:03.7003182Z /usr/bin/tar: ../../../../../usr/local/lib/android/sdk/platforms/android-35-ext15/data/res/values-mcc310-mnc170-lo: Cannot utime: Operation not permitted
build	Cache Android SDK	2026-06-06T12:23:03.7004145Z /usr/bin/tar: ../../../../../usr/local/lib/android/sdk/platforms/android-35-ext15/data/res/values-mcc310-mnc170-lo: Cannot change mode to rwxr-xr-x: Operation not permitted
build	Cache Android SDK	2026-06-06T12:23:03.7010441Z /usr/bin/tar: ../../../../../usr/local/lib/android/sdk/platforms/android-35-ext15/data/res/values-mcc310-mnc380-fi: Cannot utime: Operation not permitted
build	Cache Android SDK	2026-06-06T12:23:03.7011544Z /usr/bin/tar: ../../../../../usr/local/lib/android/sdk/platforms/android-35-ext15/data/res/values-mcc310-mnc380-fi: Cannot change mode to rwxr-xr-x: Operation not permitted
build	Cache Android SDK	2026-06-06T12:23:03.7015072Z /usr/bin/tar: ../../../../../usr/local/lib/android/sdk/platforms/android-35-ext15/data/res/values-mcc310-mnc150-kn: Cannot utime: Operation not permitted
build	Cache Android SDK	2026-06-06T12:23:03.7016259Z /usr/bin/tar: ../../../../../usr/local/lib/android/sdk/platforms/android-35-ext15/data/res/values-mcc310-mnc150-kn: Cannot change mode to rwxr-xr-x: Operation not permitted
build	Cache Android SDK	2026-06-06T12:23:03.7019405Z /usr/bin/tar: ../../../../../usr/local/lib/android/sdk/platforms/android-35-ext15/data/res/values-mcc310-mnc170: Cannot utime: Operation not permitted
build	Cache Android SDK	2026-06-06T12:23:03.7020637Z /usr/bin/tar: ../../../../../usr/local/lib/android/sdk/platforms/android-35-ext15/data/res/values-mcc310-mnc170: Cannot change mode to rwxr-xr-x: Operation not permitted
build	Cache Android SDK	2026-06-06T12:23:03.7022362Z /usr/bin/tar: ../../../../../usr/local/lib/android/sdk/platforms/android-35-ext15/data/res/values-mcc310-mnc150-hy: Cannot utime: Operation not permitted
build	Cache Android SDK	2026-06-06T12:23:03.7023558Z /usr/bin/tar: ../../../../../usr/local/lib/android/sdk/platforms/android-35-ext15/data/res/values-mcc310-mnc150-hy: Cannot change mode to rwxr-xr-x: Operation not permitted
build	Cache Android SDK	2026-06-06T12:23:03.7026707Z /usr/bin/tar: ../../../../../usr/local/lib/android/sdk/platforms/android-35-ext15/data/res/values-mcc310-mnc560-en-rAU: Cannot utime: Operation not permitted
build	Cache Android SDK	2026-06-06T12:23:03.7028085Z /usr/bin/tar: ../../../../../usr/local/lib/android/sdk/platforms/android-35-ext15/data/res/values-mcc310-mnc560-en-rAU: Cannot change mode to rwxr-xr-x: Operation not permitted
build	Cache Android SDK	2026-06-06T12:23:03.7030595Z /usr/bin/tar: ../../../../../usr/local/lib/android/sdk/platforms/android-35-ext15/data/res/values-mcc716-mnc17: Cannot utime: Operation not permitted
build	Cache Android SDK	2026-06-06T12:23:03.7031539Z /usr/bin/tar: ../../../../../usr/local/lib/android/sdk/platforms/android-35-ext15/data/res/values-mcc716-mnc17: Cannot change mode to rwxr-xr-x: Operation not permitted
build	Cache Android SDK	2026-06-06T12:23:03.7034529Z /usr/bin/tar: ../../../../../usr/local/lib/android/sdk/platforms/android-35-ext15/data/res/values-mcc310-mnc560-de: Cannot utime: Operation not permitted
build	Cache Android SDK	2026-06-06T12:23:03.7035515Z /usr/bin/tar: ../../../../../usr/local/lib/android/sdk/platforms/android-35-ext15/data/res/values-mcc310-mnc560-de: Cannot change mode to rwxr-xr-x: Operation not permitted
build	Cache Android SDK	2026-06-06T12:23:03.7039408Z /usr/bin/tar: ../../../../../usr/local/lib/android/sdk/platforms/android-35-ext15/data/res/values-mcc334-mnc020-tl: Cannot utime: Operation not permitted
build	Cache Android SDK	2026-06-06T12:23:03.7040409Z /usr/bin/tar: ../../../../../usr/local/lib/android/sdk/platforms/android-35-ext15/data/res/values-mcc334-mnc020-tl: Cannot change mode to rwxr-xr-x: Operation not permitted
build	Cache Android SDK	2026-06-06T12:23:03.7043019Z /usr/bin/tar: ../../../../../usr/local/lib/android/sdk/platforms/android-35-ext15/data/res/values-mcc310-mnc150-ur: Cannot utime: Operation not permitted
build	Cache Android SDK	2026-06-06T12:23:03.7044129Z /usr/bin/tar: ../../../../../usr/local/lib/android/sdk/platforms/android-35-ext15/data/res/values-mcc310-mnc150-ur: Cannot change mode to rwxr-xr-x: Operation not permitted
build	Cache Android SDK	2026-06-06T12:23:03.7047951Z /usr/bin/tar: ../../../../../usr/local/lib/android/sdk/platforms/android-35-ext15/data/res/values-mcc310-mnc250-fr: Cannot utime: Operation not permitted
build	Cache Android SDK	2026-06-06T12:23:03.7048898Z /usr/bin/tar: ../../../../../usr/local/lib/android/sdk/platforms/android-35-ext15/data/res/values-mcc310-mnc250-fr: Cannot change mode to rwxr-xr-x: Operation not permitted
build	Cache Android SDK	2026-06-06T12:23:03.7052533Z /usr/bin/tar: ../../../../../usr/local/lib/android/sdk/platforms/android-35-ext15/data/res/values-mcc310-mnc950-tl: Cannot utime: Operation not permitted
build	Cache Android SDK	2026-06-06T12:23:03.7053559Z /usr/bin/tar: ../../../../../usr/local/lib/android/sdk/platforms/android-35-ext15/data/res/values-mcc310-mnc950-tl: Cannot change mode to rwxr-xr-x: Operation not permitted
build	Cache Android SDK	2026-06-06T12:23:03.7056866Z /usr/bin/tar: ../../../../../usr/local/lib/android/sdk/platforms/android-35-ext15/data/res/values-mcc310-mnc160-fr: Cannot utime: Operation not permitted
build	Cache Android SDK	2026-06-06T12:23:03.7058114Z /usr/bin/tar: ../../../../../usr/local/lib/android/sdk/platforms/android-35-ext15/data/res/values-mcc310-mnc160-fr: Cannot change mode to rwxr-xr-x: Operation not permitted
build	Cache Android SDK	2026-06-06T12:23:03.7060968Z /usr/bin/tar: ../../../../../usr/local/lib/android/sdk/platforms/android-35-ext15/data/res/values-mcc313-mnc100-en-rGB: Cannot utime: Operation not permitted
build	Cache Android SDK	2026-06-06T12:23:03.7061984Z /usr/bin/tar: ../../../../../usr/local/lib/android/sdk/platforms/android-35-ext15/data/res/values-mcc313-mnc100-en-rGB: Cannot change mode to rwxr-xr-x: Operation not permitted
build	Cache Android SDK	2026-06-06T12:23:03.7069562Z /usr/bin/tar: ../../../../../usr/local/lib/android/sdk/platforms/android-35-ext15/data/res/values-mcc310-mnc560-gl: Cannot utime: Operation not permitted
build	Cache Android SDK	2026-06-06T12:23:03.7070626Z /usr/bin/tar: ../../../../../usr/local/lib/android/sdk/platforms/android-35-ext15/data/res/values-mcc310-mnc560-gl: Cannot change mode to rwxr-xr-x: Operation not permitted
build	Cache Android SDK	2026-06-06T12:23:03.7073606Z /usr/bin/tar: ../../../../../usr/local/lib/android/sdk/platforms/android-35-ext15/data/res/values-mcc310-mnc560-lo: Cannot utime: Operation not permitted
build	Cache Android SDK	2026-06-06T12:23:03.7074578Z /usr/bin/tar: ../../../../../usr/local/lib/android/sdk/platforms/android-35-ext15/data/res/values-mcc310-mnc560-lo: Cannot change mode to rwxr-xr-x: Operation not permitted
build	Cache Android SDK	2026-06-06T12:23:03.7078634Z /usr/bin/tar: ../../../../../usr/local/lib/android/sdk/platforms/android-35-ext15/data/res/values-mcc310-mnc160-pl: Cannot utime: Operation not permitted
build	Cache Android SDK	2026-06-06T12:23:03.7079889Z /usr/bin/tar: ../../../../../usr/local/lib/android/sdk/platforms/android-35-ext15/data/res/values-mcc310-mnc160-pl: Cannot change mode to rwxr-xr-x: Operation not permitted
build	Cache Android SDK	2026-06-06T12:23:03.7082695Z /usr/bin/tar: ../../../../../usr/local/lib/android/sdk/platforms/android-35-ext15/data/res/values-mcc310-mnc250-ca: Cannot utime: Operation not permitted
build	Cache Android SDK	2026-06-06T12:23:03.7083669Z /usr/bin/tar: ../../../../../usr/local/lib/android/sdk/platforms/android-35-ext15/data/res/values-mcc310-mnc250-ca: Cannot change mode to rwxr-xr-x: Operation not permitted
build	Cache Android SDK	2026-06-06T12:23:03.7088305Z /usr/bin/tar: ../../../../../usr/local/lib/android/sdk/platforms/android-35-ext15/data/res/values-mcc310-mnc240-pt-rPT: Cannot utime: Operation not permitted
build	Cache Android SDK	2026-06-06T12:23:03.7089306Z /usr/bin/tar: ../../../../../usr/local/lib/android/sdk/platforms/android-35-ext15/data/res/values-mcc310-mnc240-pt-rPT: Cannot change mode to rwxr-xr-x: Operation not permitted
build	Cache Android SDK	2026-06-06T12:23:03.7092304Z /usr/bin/tar: ../../../../../usr/local/lib/android/sdk/platforms/android-35-ext15/data/res/values-mcc310-mnc560-in: Cannot utime: Operation not permitted
build	Cache Android SDK	2026-06-06T12:23:03.7093256Z /usr/bin/tar: ../../../../../usr/local/lib/android/sdk/platforms/android-35-ext15/data/res/values-mcc310-mnc560-in: Cannot change mode to rwxr-xr-x: Operation not permitted
build	Cache Android SDK	2026-06-06T12:23:03.7096946Z /usr/bin/tar: ../../../../../usr/local/lib/android/sdk/platforms/android-35-ext15/data/res/values-mcc425-mnc07: Cannot utime: Operation not permitted
build	Cache Android SDK	2026-06-06T12:23:03.7098161Z /usr/bin/tar: ../../../../../usr/local/lib/android/sdk/platforms/android-35-ext15/data/res/values-mcc425-mnc07: Cannot change mode to rwxr-xr-x: Operation not permitted
build	Cache Android SDK	2026-06-06T12:23:03.7100490Z /usr/bin/tar: ../../../../../usr/local/lib/android/sdk/platforms/android-35-ext15/data/res/values-mcc311-mnc190: Cannot utime: Operation not permitted
build	Cache Android SDK	2026-06-06T12:23:03.7101451Z /usr/bin/tar: ../../../../../usr/local/lib/android/sdk/platforms/android-35-ext15/data/res/values-mcc311-mnc190: Cannot change mode to rwxr-xr-x: Operation not permitted
build	Cache Android SDK	2026-06-06T12:23:03.7107978Z /usr/bin/tar: ../../../../../usr/local/lib/android/sdk/platforms/android-35-ext15/data/res/values-mcc310-mnc030-cs: Cannot utime: Operation not permitted
build	Cache Android SDK	2026-06-06T12:23:03.7108961Z /usr/bin/tar: ../../../../../usr/local/lib/android/sdk/platforms/android-35-ext15/data/res/values-mcc310-mnc030-cs: Cannot change mode to rwxr-xr-x: Operation not permitted
build	Cache Android SDK	2026-06-06T12:23:03.7111086Z /usr/bin/tar: ../../../../../usr/local/lib/android/sdk/platforms/android-35-ext15/data/res/values-mcc310-mnc250-mr: Cannot utime: Operation not permitted
build	Cache Android SDK	2026-06-06T12:23:03.7112037Z /usr/bin/tar: ../../../../../usr/local/lib/android/sdk/platforms/android-35-ext15/data/res/values-mcc310-mnc250-mr: Cannot change mode to rwxr-xr-x: Operation not permitted
build	Cache Android SDK	2026-06-06T12:23:03.7115923Z /usr/bin/tar: ../../../../../usr/local/lib/android/sdk/platforms/android-35-ext15/data/res/values-mcc310-mnc270-pt-rPT: Cannot utime: Operation not permitted
build	Cache Android SDK	2026-06-06T12:23:03.7117056Z /usr/bin/tar: ../../../../../usr/local/lib/android/sdk/platforms/android-35-ext15/data/res/values-mcc310-mnc270-pt-rPT: Cannot change mode to rwxr-xr-x: Operation not permitted
build	Cache Android SDK	2026-06-06T12:23:03.7119705Z /usr/bin/tar: ../../../../../usr/local/lib/android/sdk/platforms/android-35-ext15/data/res/values-fr-television: Cannot utime: Operation not permitted
build	Cache Android SDK	2026-06-06T12:23:03.7120676Z /usr/bin/tar: ../../../../../usr/local/lib/android/sdk/platforms/android-35-ext15/data/res/values-fr-television: Cannot change mode to rwxr-xr-x: Operation not permitted
build	Cache Android SDK	2026-06-06T12:23:03.7124303Z /usr/bin/tar: ../../../../../usr/local/lib/android/sdk/platforms/android-35-ext15/data/res/values-ar-watch: Cannot utime: Operation not permitted
build	Cache Android SDK	2026-06-06T12:23:03.7125252Z /usr/bin/tar: ../../../../../usr/local/lib/android/sdk/platforms/android-35-ext15/data/res/values-ar-watch: Cannot change mode to rwxr-xr-x: Operation not permitted
build	Cache Android SDK	2026-06-06T12:23:03.7129442Z /usr/bin/tar: ../../../../../usr/local/lib/android/sdk/platforms/android-35-ext15/data/res/values-mcc310-mnc030-es-rUS: Cannot utime: Operation not permitted
build	Cache Android SDK	2026-06-06T12:23:03.7130703Z /usr/bin/tar: ../../../../../usr/local/lib/android/sdk/platforms/android-35-ext15/data/res/values-mcc310-mnc030-es-rUS: Cannot change mode to rwxr-xr-x: Operation not permitted
build	Cache Android SDK	2026-06-06T12:23:03.7134900Z /usr/bin/tar: ../../../../../usr/local/lib/android/sdk/platforms/android-35-ext15/data/res/values-mcc310-mnc030-zh-rTW: Cannot utime: Operation not permitted
build	Cache Android SDK	2026-06-06T12:23:03.7135904Z /usr/bin/tar: ../../../../../usr/local/lib/android/sdk/platforms/android-35-ext15/data/res/values-mcc310-mnc030-zh-rTW: Cannot change mode to rwxr-xr-x: Operation not permitted
build	Cache Android SDK	2026-06-06T12:23:03.7139709Z /usr/bin/tar: ../../../../../usr/local/lib/android/sdk/platforms/android-35-ext15/data/res/values-mcc001-mnc01-en-rIN: Cannot utime: Operation not permitted
build	Cache Android SDK	2026-06-06T12:23:03.7140873Z /usr/bin/tar: ../../../../../usr/local/lib/android/sdk/platforms/android-35-ext15/data/res/values-mcc001-mnc01-en-rIN: Cannot change mode to rwxr-xr-x: Operation not permitted
build	Cache Android SDK	2026-06-06T12:23:03.7142642Z /usr/bin/tar: ../../../../../usr/local/lib/android/sdk/platforms/android-35-ext15/data/res/values-mcc310-mnc310-mk: Cannot utime: Operation not permitted
build	Cache Android SDK	2026-06-06T12:23:03.7143743Z /usr/bin/tar: ../../../../../usr/local/lib/android/sdk/platforms/android-35-ext15/data/res/values-mcc310-mnc310-mk: Cannot change mode to rwxr-xr-x: Operation not permitted
build	Cache Android SDK	2026-06-06T12:23:03.7149898Z /usr/bin/tar: ../../../../../usr/local/lib/android/sdk/platforms/android-35-ext15/data/res/values-mcc302-mnc370-hi: Cannot utime: Operation not permitted
build	Cache Android SDK	2026-06-06T12:23:03.7151710Z /usr/bin/tar: ../../../../../usr/local/lib/android/sdk/platforms/android-35-ext15/data/res/values-mcc302-mnc370-hi: Cannot change mode to rwxr-xr-x: Operation not permitted
build	Cache Android SDK	2026-06-06T12:23:03.7153707Z /usr/bin/tar: ../../../../../usr/local/lib/android/sdk/platforms/android-35-ext15/data/res/values-mcc312-mnc670-uz: Cannot utime: Operation not permitted
build	Cache Android SDK	2026-06-06T12:23:03.7154652Z /usr/bin/tar: ../../../../../usr/local/lib/android/sdk/platforms/android-35-ext15/data/res/values-mcc312-mnc670-uz: Cannot change mode to rwxr-xr-x: Operation not permitted
build	Cache Android SDK	2026-06-06T12:23:03.7159008Z /usr/bin/tar: ../../../../../usr/local/lib/android/sdk/platforms/android-35-ext15/data/res/values-mcc311-mnc180-ml: Cannot utime: Operation not permitted
build	Cache Android SDK	2026-06-06T12:23:03.7160048Z /usr/bin/tar: ../../../../../usr/local/lib/android/sdk/platforms/android-35-ext15/data/res/values-mcc311-mnc180-ml: Cannot change mode to rwxr-xr-x: Operation not permitted
build	Cache Android SDK	2026-06-06T12:23:03.7163927Z /usr/bin/tar: ../../../../../usr/local/lib/android/sdk/platforms/android-35-ext15/data/res/values-zh-rCN-watch: Cannot utime: Operation not permitted
build	Cache Android SDK	2026-06-06T12:23:03.7164859Z /usr/bin/tar: ../../../../../usr/local/lib/android/sdk/platforms/android-35-ext15/data/res/values-zh-rCN-watch: Cannot change mode to rwxr-xr-x: Operation not permitted
build	Cache Android SDK	2026-06-06T12:23:03.7168344Z /usr/bin/tar: ../../../../../usr/local/lib/android/sdk/platforms/android-35-ext15/data/res/values-mcc310-mnc170-kk: Cannot utime: Operation not permitted
build	Cache Android SDK	2026-06-06T12:23:03.7169309Z /usr/bin/tar: ../../../../../usr/local/lib/android/sdk/platforms/android-35-ext15/data/res/values-mcc310-mnc170-kk: Cannot change mode to rwxr-xr-x: Operation not permitted
build	Cache Android SDK	2026-06-06T12:23:03.7172140Z /usr/bin/tar: ../../../../../usr/local/lib/android/sdk/platforms/android-35-ext15/data/res/values-mcc310-mnc660-fi: Cannot utime: Operation not permitted
build	Cache Android SDK	2026-06-06T12:23:03.7173092Z /usr/bin/tar: ../../../../../usr/local/lib/android/sdk/platforms/android-35-ext15/data/res/values-mcc310-mnc660-fi: Cannot change mode to rwxr-xr-x: Operation not permitted
build	Cache Android SDK	2026-06-06T12:23:03.7175862Z /usr/bin/tar: ../../../../../usr/local/lib/android/sdk/platforms/android-35-ext15/data/res/values-mcc310-mnc240-mk: Cannot utime: Operation not permitted
build	Cache Android SDK	2026-06-06T12:23:03.7176908Z /usr/bin/tar: ../../../../../usr/local/lib/android/sdk/platforms/android-35-ext15/data/res/values-mcc310-mnc240-mk: Cannot change mode to rwxr-xr-x: Operation not permitted
build	Cache Android SDK	2026-06-06T12:23:03.7179480Z /usr/bin/tar: ../../../../../usr/local/lib/android/sdk/platforms/android-35-ext15/data/res/values-tl-television: Cannot utime: Operation not permitted
build	Cache Android SDK	2026-06-06T12:23:03.7180418Z /usr/bin/tar: ../../../../../usr/local/lib/android/sdk/platforms/android-35-ext15/data/res/values-tl-television: Cannot change mode to rwxr-xr-x: Operation not permitted
build	Cache Android SDK	2026-06-06T12:23:03.7184283Z /usr/bin/tar: ../../../../../usr/local/lib/android/sdk/platforms/android-35-ext15/data/res/values-mcc310-mnc950-uz: Cannot utime: Operation not permitted
build	Cache Android SDK	2026-06-06T12:23:03.7185243Z /usr/bin/tar: ../../../../../usr/local/lib/android/sdk/platforms/android-35-ext15/data/res/values-mcc310-mnc950-uz: Cannot change mode to rwxr-xr-x: Operation not permitted
build	Cache Android SDK	2026-06-06T12:23:03.7190314Z /usr/bin/tar: ../../../../../usr/local/lib/android/sdk/platforms/android-35-ext15/data/res/color-car: Cannot utime: Operation not permitted
build	Cache Android SDK	2026-06-06T12:23:03.7191212Z /usr/bin/tar: ../../../../../usr/local/lib/android/sdk/platforms/android-35-ext15/data/res/color-car: Cannot change mode to rwxr-xr-x: Operation not permitted
build	Cache Android SDK	2026-06-06T12:23:03.7195771Z /usr/bin/tar: ../../../../../usr/local/lib/android/sdk/platforms/android-35-ext15/data/res/values-mcc310-mnc220-ml: Cannot utime: Operation not permitted
build	Cache Android SDK	2026-06-06T12:23:03.7196859Z /usr/bin/tar: ../../../../../usr/local/lib/android/sdk/platforms/android-35-ext15/data/res/values-mcc310-mnc220-ml: Cannot change mode to rwxr-xr-x: Operation not permitted
build	Cache Android SDK	2026-06-06T12:23:03.7200483Z /usr/bin/tar: ../../../../../usr/local/lib/android/sdk/platforms/android-35-ext15/data/res/values-mcc310-mnc160-zh-rCN: Cannot utime: Operation not permitted
build	Cache Android SDK	2026-06-06T12:23:03.7201484Z /usr/bin/tar: ../../../../../usr/local/lib/android/sdk/platforms/android-35-ext15/data/res/values-mcc310-mnc160-zh-rCN: Cannot change mode to rwxr-xr-x: Operation not permitted
build	Cache Android SDK	2026-06-06T12:23:03.7206321Z /usr/bin/tar: ../../../../../usr/local/lib/android/sdk/platforms/android-35-ext15/data/res/values-mcc310-mnc160-sl: Cannot utime: Operation not permitted
build	Cache Android SDK	2026-06-06T12:23:03.7207278Z /usr/bin/tar: ../../../../../usr/local/lib/android/sdk/platforms/android-35-ext15/data/res/values-mcc310-mnc160-sl: Cannot change mode to rwxr-xr-x: Operation not permitted
build	Cache Android SDK	2026-06-06T12:23:03.7210428Z /usr/bin/tar: ../../../../../usr/local/lib/android/sdk/platforms/android-35-ext15/data/res/values-mcc310-mnc410-bn: Cannot utime: Operation not permitted
build	Cache Android SDK	2026-06-06T12:23:03.7211479Z /usr/bin/tar: ../../../../../usr/local/lib/android/sdk/platforms/android-35-ext15/data/res/values-mcc310-mnc410-bn: Cannot change mode to rwxr-xr-x: Operation not permitted
build	Cache Android SDK	2026-06-06T12:23:03.7214595Z /usr/bin/tar: ../../../../../usr/local/lib/android/sdk/platforms/android-35-ext15/data/res/values-mcc310-mnc380-da: Cannot utime: Operation not permitted
build	Cache Android SDK	2026-06-06T12:23:03.7215553Z /usr/bin/tar: ../../../../../usr/local/lib/android/sdk/platforms/android-35-ext15/data/res/values-mcc310-mnc380-da: Cannot change mode to rwxr-xr-x: Operation not permitted
build	Cache Android SDK	2026-06-06T12:23:03.7219851Z /usr/bin/tar: ../../../../../usr/local/lib/android/sdk/platforms/android-35-ext15/data/res/values-mcc310-mnc950-nb: Cannot utime: Operation not permitted
build	Cache Android SDK	2026-06-06T12:23:03.7220816Z /usr/bin/tar: ../../../../../usr/local/lib/android/sdk/platforms/android-35-ext15/data/res/values-mcc310-mnc950-nb: Cannot change mode to rwxr-xr-x: Operation not permitted
build	Cache Android SDK	2026-06-06T12:23:03.7226313Z /usr/bin/tar: ../../../../../usr/local/lib/android/sdk/platforms/android-35-ext15/data/res/values-mcc001-mnc01-hr: Cannot utime: Operation not permitted
build	Cache Android SDK	2026-06-06T12:23:03.7227558Z /usr/bin/tar: ../../../../../usr/local/lib/android/sdk/platforms/android-35-ext15/data/res/values-mcc001-mnc01-hr: Cannot change mode to rwxr-xr-x: Operation not permitted
build	Cache Android SDK	2026-06-06T12:23:03.7237042Z /usr/bin/tar: ../../../../../usr/local/lib/android/sdk/platforms/android-35-ext15/data/res/values-sr: Cannot utime: Operation not permitted
build	Cache Android SDK	2026-06-06T12:23:03.7238469Z /usr/bin/tar: ../../../../../usr/local/lib/android/sdk/platforms/android-35-ext15/data/res/values-sr: Cannot change mode to rwxr-xr-x: Operation not permitted
build	Cache Android SDK	2026-06-06T12:23:03.7241678Z /usr/bin/tar: ../../../../../usr/local/lib/android/sdk/platforms/android-35-ext15/data/res/values-mcc310-mnc660-ca: Cannot utime: Operation not permitted
build	Cache Android SDK	2026-06-06T12:23:03.7242912Z /usr/bin/tar: ../../../../../usr/local/lib/android/sdk/platforms/android-35-ext15/data/res/values-mcc310-mnc660-ca: Cannot change mode to rwxr-xr-x: Operation not permitted
build	Cache Android SDK	2026-06-06T12:23:03.7249721Z /usr/bin/tar: ../../../../../usr/local/lib/android/sdk/platforms/android-35-ext15/data/res/values-mcc310-mnc380-cs: Cannot utime: Operation not permitted
build	Cache Android SDK	2026-06-06T12:23:03.7250948Z /usr/bin/tar: ../../../../../usr/local/lib/android/sdk/platforms/android-35-ext15/data/res/values-mcc310-mnc380-cs: Cannot change mode to rwxr-xr-x: Operation not permitted
build	Cache Android SDK	2026-06-06T12:23:03.7254202Z /usr/bin/tar: ../../../../../usr/local/lib/android/sdk/platforms/android-35-ext15/data/res/values-mcc310-mnc280-gl: Cannot utime: Operation not permitted
build	Cache Android SDK	2026-06-06T12:23:03.7255264Z /usr/bin/tar: ../../../../../usr/local/lib/android/sdk/platforms/android-35-ext15/data/res/values-mcc310-mnc280-gl: Cannot change mode to rwxr-xr-x: Operation not permitted
build	Cache Android SDK	2026-06-06T12:23:03.7257528Z /usr/bin/tar: ../../../../../usr/local/lib/android/sdk/platforms/android-35-ext15/data/res/values-mcc310-mnc280-ml: Cannot utime: Operation not permitted
build	Cache Android SDK	2026-06-06T12:23:03.7258566Z /usr/bin/tar: ../../../../../usr/local/lib/android/sdk/platforms/android-35-ext15/data/res/values-mcc310-mnc280-ml: Cannot change mode to rwxr-xr-x: Operation not permitted
build	Cache Android SDK	2026-06-06T12:23:03.7261453Z /usr/bin/tar: ../../../../../usr/local/lib/android/sdk/platforms/android-35-ext15/data/res/values-mcc310-mnc950-be: Cannot utime: Operation not permitted
build	Cache Android SDK	2026-06-06T12:23:03.7262411Z /usr/bin/tar: ../../../../../usr/local/lib/android/sdk/platforms/android-35-ext15/data/res/values-mcc310-mnc950-be: Cannot change mode to rwxr-xr-x: Operation not permitted
build	Cache Android SDK	2026-06-06T12:23:03.7266161Z /usr/bin/tar: ../../../../../usr/local/lib/android/sdk/platforms/android-35-ext15/data/res/values-mcc334-mnc020-el: Cannot utime: Operation not permitted
build	Cache Android SDK	2026-06-06T12:23:03.7267110Z /usr/bin/tar: ../../../../../usr/local/lib/android/sdk/platforms/android-35-ext15/data/res/values-mcc334-mnc020-el: Cannot change mode to rwxr-xr-x: Operation not permitted
build	Cache Android SDK	2026-06-06T12:23:03.7270696Z /usr/bin/tar: ../../../../../usr/local/lib/android/sdk/platforms/android-35-ext15/data/res/values-mcc313-mnc100-tl: Cannot utime: Operation not permitted
build	Cache Android SDK	2026-06-06T12:23:03.7271665Z /usr/bin/tar: ../../../../../usr/local/lib/android/sdk/platforms/android-35-ext15/data/res/values-mcc313-mnc100-tl: Cannot change mode to rwxr-xr-x: Operation not permitted
build	Cache Android SDK	2026-06-06T12:23:03.7276111Z /usr/bin/tar: ../../../../../usr/local/lib/android/sdk/platforms/android-35-ext15/data/res/values-mcc310-mnc800-mr: Cannot utime: Operation not permitted
build	Cache Android SDK	2026-06-06T12:23:03.7277152Z /usr/bin/tar: ../../../../../usr/local/lib/android/sdk/platforms/android-35-ext15/data/res/values-mcc310-mnc800-mr: Cannot change mode to rwxr-xr-x: Operation not permitted
build	Cache Android SDK	2026-06-06T12:23:03.7279989Z /usr/bin/tar: ../../../../../usr/local/lib/android/sdk/platforms/android-35-ext15/data/res/values-mcc310-mnc150-pa: Cannot utime: Operation not permitted
build	Cache Android SDK	2026-06-06T12:23:03.7280959Z /usr/bin/tar: ../../../../../usr/local/lib/android/sdk/platforms/android-35-ext15/data/res/values-mcc310-mnc150-pa: Cannot change mode to rwxr-xr-x: Operation not permitted
build	Cache Android SDK	2026-06-06T12:23:03.7286882Z /usr/bin/tar: ../../../../../usr/local/lib/android/sdk/platforms/android-35-ext15/data/res/values-hr-rHR: Cannot utime: Operation not permitted
build	Cache Android SDK	2026-06-06T12:23:03.7288096Z /usr/bin/tar: ../../../../../usr/local/lib/android/sdk/platforms/android-35-ext15/data/res/values-hr-rHR: Cannot change mode to rwxr-xr-x: Operation not permitted
build	Cache Android SDK	2026-06-06T12:23:03.7290984Z /usr/bin/tar: ../../../../../usr/local/lib/android/sdk/platforms/android-35-ext15/data/res/values-mcc740: Cannot utime: Operation not permitted
build	Cache Android SDK	2026-06-06T12:23:03.7291882Z /usr/bin/tar: ../../../../../usr/local/lib/android/sdk/platforms/android-35-ext15/data/res/values-mcc740: Cannot change mode to rwxr-xr-x: Operation not permitted
build	Cache Android SDK	2026-06-06T12:23:03.7294757Z /usr/bin/tar: ../../../../../usr/local/lib/android/sdk/platforms/android-35-ext15/data/res/values-mcc310-mnc560-lt: Cannot utime: Operation not permitted
build	Cache Android SDK	2026-06-06T12:23:03.7295804Z /usr/bin/tar: ../../../../../usr/local/lib/android/sdk/platforms/android-35-ext15/data/res/values-mcc310-mnc560-lt: Cannot change mode to rwxr-xr-x: Operation not permitted
build	Cache Android SDK	2026-06-06T12:23:03.7299514Z /usr/bin/tar: ../../../../../usr/local/lib/android/sdk/platforms/android-35-ext15/data/res/values-mcc310-mnc150-ro: Cannot utime: Operation not permitted
build	Cache Android SDK	2026-06-06T12:23:03.7300515Z /usr/bin/tar: ../../../../../usr/local/lib/android/sdk/platforms/android-35-ext15/data/res/values-mcc310-mnc150-ro: Cannot change mode to rwxr-xr-x: Operation not permitted
build	Cache Android SDK	2026-06-06T12:23:03.7303577Z /usr/bin/tar: ../../../../../usr/local/lib/android/sdk/platforms/android-35-ext15/data/res/values-mcc310-mnc170-ta: Cannot utime: Operation not permitted
build	Cache Android SDK	2026-06-06T12:23:03.7304561Z /usr/bin/tar: ../../../../../usr/local/lib/android/sdk/platforms/android-35-ext15/data/res/values-mcc310-mnc170-ta: Cannot change mode to rwxr-xr-x: Operation not permitted
build	Cache Android SDK	2026-06-06T12:23:03.7306889Z /usr/bin/tar: ../../../../../usr/local/lib/android/sdk/platforms/android-35-ext15/data/res/values-mcc310-mnc950-fa: Cannot utime: Operation not permitted
build	Cache Android SDK	2026-06-06T12:23:03.7308164Z /usr/bin/tar: ../../../../../usr/local/lib/android/sdk/platforms/android-35-ext15/data/res/values-mcc310-mnc950-fa: Cannot change mode to rwxr-xr-x: Operation not permitted
build	Cache Android SDK	2026-06-06T12:23:03.7311954Z /usr/bin/tar: ../../../../../usr/local/lib/android/sdk/platforms/android-35-ext15/data/res/values-mcc310-mnc210-uk: Cannot utime: Operation not permitted
build	Cache Android SDK	2026-06-06T12:23:03.7312932Z /usr/bin/tar: ../../../../../usr/local/lib/android/sdk/platforms/android-35-ext15/data/res/values-mcc310-mnc210-uk: Cannot change mode to rwxr-xr-x: Operation not permitted
build	Cache Android SDK	2026-06-06T12:23:03.7315936Z /usr/bin/tar: ../../../../../usr/local/lib/android/sdk/platforms/android-35-ext15/data/res/values-mcc310-mnc410-as: Cannot utime: Operation not permitted
build	Cache Android SDK	2026-06-06T12:23:03.7316900Z /usr/bin/tar: ../../../../../usr/local/lib/android/sdk/platforms/android-35-ext15/data/res/values-mcc310-mnc410-as: Cannot change mode to rwxr-xr-x: Operation not permitted
build	Cache Android SDK	2026-06-06T12:23:03.7320043Z /usr/bin/tar: ../../../../../usr/local/lib/android/sdk/platforms/android-35-ext15/data/res/values-mcc310-mnc160-ja: Cannot utime: Operation not permitted
build	Cache Android SDK	2026-06-06T12:23:03.7321008Z /usr/bin/tar: ../../../../../usr/local/lib/android/sdk/platforms/android-35-ext15/data/res/values-mcc310-mnc160-ja: Cannot change mode to rwxr-xr-x: Operation not permitted
build	Cache Android SDK	2026-06-06T12:23:03.7325777Z /usr/bin/tar: ../../../../../usr/local/lib/android/sdk/platforms/android-35-ext15/data/res/values-mcc001-mnc01-si: Cannot utime: Operation not permitted
build	Cache Android SDK	2026-06-06T12:23:03.7329929Z /usr/bin/tar: ../../../../../usr/local/lib/android/sdk/platforms/android-35-ext15/data/res/values-mcc001-mnc01-si: Cannot change mode to rwxr-xr-x: Operation not permitted
build	Cache Android SDK	2026-06-06T12:23:03.7330899Z /usr/bin/tar: ../../../../../usr/local/lib/android/sdk/platforms/android-35-ext15/data/res/values-mcc001-mnc01-kn: Cannot utime: Operation not permitted
build	Cache Android SDK	2026-06-06T12:23:03.7331845Z /usr/bin/tar: ../../../../../usr/local/lib/android/sdk/platforms/android-35-ext15/data/res/values-mcc001-mnc01-kn: Cannot change mode to rwxr-xr-x: Operation not permitted
build	Cache Android SDK	2026-06-06T12:23:03.7334175Z /usr/bin/tar: ../../../../../usr/local/lib/android/sdk/platforms/android-35-ext15/data/res/values-mcc311-mnc180-ta: Cannot utime: Operation not permitted
build	Cache Android SDK	2026-06-06T12:23:03.7335141Z /usr/bin/tar: ../../../../../usr/local/lib/android/sdk/platforms/android-35-ext15/data/res/values-mcc311-mnc180-ta: Cannot change mode to rwxr-xr-x: Operation not permitted
build	Cache Android SDK	2026-06-06T12:23:03.7338490Z /usr/bin/tar: ../../../../../usr/local/lib/android/sdk/platforms/android-35-ext15/data/res/values-fr-rCA-television: Cannot utime: Operation not permitted
build	Cache Android SDK	2026-06-06T12:23:03.7339477Z /usr/bin/tar: ../../../../../usr/local/lib/android/sdk/platforms/android-35-ext15/data/res/values-fr-rCA-television: Cannot change mode to rwxr-xr-x: Operation not permitted
build	Cache Android SDK	2026-06-06T12:23:03.7343038Z /usr/bin/tar: ../../../../../usr/local/lib/android/sdk/platforms/android-35-ext15/data/res/values-mcc311-mnc180: Cannot utime: Operation not permitted
build	Cache Android SDK	2026-06-06T12:23:03.7343989Z /usr/bin/tar: ../../../../../usr/local/lib/android/sdk/platforms/android-35-ext15/data/res/values-mcc311-mnc180: Cannot change mode to rwxr-xr-x: Operation not permitted
build	Cache Android SDK	2026-06-06T12:23:03.7348787Z /usr/bin/tar: ../../../../../usr/local/lib/android/sdk/platforms/android-35-ext15/data/res/values-mcc310-mnc200-lv: Cannot utime: Operation not permitted
build	Cache Android SDK	2026-06-06T12:23:03.7349765Z /usr/bin/tar: ../../../../../usr/local/lib/android/sdk/platforms/android-35-ext15/data/res/values-mcc310-mnc200-lv: Cannot change mode to rwxr-xr-x: Operation not permitted
build	Cache Android SDK	2026-06-06T12:23:03.7355457Z /usr/bin/tar: ../../../../../usr/local/lib/android/sdk/platforms/android-35-ext15/data/res/values-mcc310-mnc310-ta: Cannot utime: Operation not permitted
build	Cache Android SDK	2026-06-06T12:23:03.7356539Z /usr/bin/tar: ../../../../../usr/local/lib/android/sdk/platforms/android-35-ext15/data/res/values-mcc310-mnc310-ta: Cannot change mode to rwxr-xr-x: Operation not permitted
build	Cache Android SDK	2026-06-06T12:23:03.7362524Z /usr/bin/tar: ../../../../../usr/local/lib/android/sdk/platforms/android-35-ext15/data/res/values-mcc310-mnc270-it: Cannot utime: Operation not permitted
build	Cache Android SDK	2026-06-06T12:23:03.7363478Z /usr/bin/tar: ../../../../../usr/local/lib/android/sdk/platforms/android-35-ext15/data/res/values-mcc310-mnc270-it: Cannot change mode to rwxr-xr-x: Operation not permitted
build	Cache Android SDK	2026-06-06T12:23:03.7367941Z /usr/bin/tar: ../../../../../usr/local/lib/android/sdk/platforms/android-35-ext15/data/res/values-mcc311-mnc180-hi: Cannot utime: Operation not permitted
build	Cache Android SDK	2026-06-06T12:23:03.7368903Z /usr/bin/tar: ../../../../../usr/local/lib/android/sdk/platforms/android-35-ext15/data/res/values-mcc311-mnc180-hi: Cannot change mode to rwxr-xr-x: Operation not permitted
build	Cache Android SDK	2026-06-06T12:23:03.7374902Z /usr/bin/tar: ../../../../../usr/local/lib/android/sdk/platforms/android-35-ext15/data/res/values-mcc310-mnc280-b+sr+Latn: Cannot utime: Operation not permitted
build	Cache Android SDK	2026-06-06T12:23:03.7376158Z /usr/bin/tar: ../../../../../usr/local/lib/android/sdk/platforms/android-35-ext15/data/res/values-mcc310-mnc280-b+sr+Latn: Cannot change mode to rwxr-xr-x: Operation not permitted
build	Cache Android SDK	2026-06-06T12:23:03.7380149Z /usr/bin/tar: ../../../../../usr/local/lib/android/sdk/platforms/android-35-ext15/data/res/values-en-rXC-television: Cannot utime: Operation not permitted
build	Cache Android SDK	2026-06-06T12:23:03.7381156Z /usr/bin/tar: ../../../../../usr/local/lib/android/sdk/platforms/android-35-ext15/data/res/values-en-rXC-television: Cannot change mode to rwxr-xr-x: Operation not permitted
build	Cache Android SDK	2026-06-06T12:23:03.7384160Z /usr/bin/tar: ../../../../../usr/local/lib/android/sdk/platforms/android-35-ext15/data/res/values-mcc310-mnc170-kn: Cannot utime: Operation not permitted
build	Cache Android SDK	2026-06-06T12:23:03.7385125Z /usr/bin/tar: ../../../../../usr/local/lib/android/sdk/platforms/android-35-ext15/data/res/values-mcc310-mnc170-kn: Cannot change mode to rwxr-xr-x: Operation not permitted
build	Cache Android SDK	2026-06-06T12:23:03.7389037Z /usr/bin/tar: ../../../../../usr/local/lib/android/sdk/platforms/android-35-ext15/data/res/values-mcc001-mnc01-ur: Cannot utime: Operation not permitted
build	Cache Android SDK	2026-06-06T12:23:03.7389998Z /usr/bin/tar: ../../../../../usr/local/lib/android/sdk/platforms/android-35-ext15/data/res/values-mcc001-mnc01-ur: Cannot change mode to rwxr-xr-x: Operation not permitted
build	Cache Android SDK	2026-06-06T12:23:03.7393406Z /usr/bin/tar: ../../../../../usr/local/lib/android/sdk/platforms/android-35-ext15/data/res/values-mcc310-mnc560-zu: Cannot utime: Operation not permitted
build	Cache Android SDK	2026-06-06T12:23:03.7394496Z /usr/bin/tar: ../../../../../usr/local/lib/android/sdk/platforms/android-35-ext15/data/res/values-mcc310-mnc560-zu: Cannot change mode to rwxr-xr-x: Operation not permitted
build	Cache Android SDK	2026-06-06T12:23:03.7399821Z /usr/bin/tar: ../../../../../usr/local/lib/android/sdk/platforms/android-35-ext15/data/res/values-mcc310-mnc200-uk: Cannot utime: Operation not permitted
build	Cache Android SDK	2026-06-06T12:23:03.7400799Z /usr/bin/tar: ../../../../../usr/local/lib/android/sdk/platforms/android-35-ext15/data/res/values-mcc310-mnc200-uk: Cannot change mode to rwxr-xr-x: Operation not permitted
build	Cache Android SDK	2026-06-06T12:23:03.7618595Z /usr/bin/tar: ../../../../../usr/local/lib/android/sdk/platforms/android-35-ext15/data/res/drawable-ldpi: Cannot utime: Operation not permitted
build	Cache Android SDK	2026-06-06T12:23:03.7619715Z /usr/bin/tar: ../../../../../usr/local/lib/android/sdk/platforms/android-35-ext15/data/res/drawable-ldpi: Cannot change mode to rwxr-xr-x: Operation not permitted
build	Cache Android SDK	2026-06-06T12:23:03.7620871Z /usr/bin/tar: ../../../../../usr/local/lib/android/sdk/platforms/android-35-ext15/data/res/values-mcc310-mnc220-ka: Cannot utime: Operation not permitted
build	Cache Android SDK	2026-06-06T12:23:03.7621826Z /usr/bin/tar: ../../../../../usr/local/lib/android/sdk/platforms/android-35-ext15/data/res/values-mcc310-mnc220-ka: Cannot change mode to rwxr-xr-x: Operation not permitted
build	Cache Android SDK	2026-06-06T12:23:03.7624088Z /usr/bin/tar: ../../../../../usr/local/lib/android/sdk/platforms/android-35-ext15/data/res/values-mcc310-mnc170-ml: Cannot utime: Operation not permitted
build	Cache Android SDK	2026-06-06T12:23:03.7625037Z /usr/bin/tar: ../../../../../usr/local/lib/android/sdk/platforms/android-35-ext15/data/res/values-mcc310-mnc170-ml: Cannot change mode to rwxr-xr-x: Operation not permitted
build	Cache Android SDK	2026-06-06T12:23:03.7630133Z /usr/bin/tar: ../../../../../usr/local/lib/android/sdk/platforms/android-35-ext15/data/res/values-mcc310-mnc380-ar: Cannot utime: Operation not permitted
build	Cache Android SDK	2026-06-06T12:23:03.7631320Z /usr/bin/tar: ../../../../../usr/local/lib/android/sdk/platforms/android-35-ext15/data/res/values-mcc310-mnc380-ar: Cannot change mode to rwxr-xr-x: Operation not permitted
build	Cache Android SDK	2026-06-06T12:23:03.7632283Z /usr/bin/tar: ../../../../../usr/local/lib/android/sdk/platforms/android-35-ext15/data/res/values-mcc310-mnc160-af: Cannot utime: Operation not permitted
build	Cache Android SDK	2026-06-06T12:23:03.7633311Z /usr/bin/tar: ../../../../../usr/local/lib/android/sdk/platforms/android-35-ext15/data/res/values-mcc310-mnc160-af: Cannot change mode to rwxr-xr-x: Operation not permitted
build	Cache Android SDK	2026-06-06T12:23:03.7634647Z /usr/bin/tar: ../../../../../usr/local/lib/android/sdk/platforms/android-35-ext15/data/res/values-mcc310-mnc660-bs: Cannot utime: Operation not permitted
build	Cache Android SDK	2026-06-06T12:23:03.7635590Z /usr/bin/tar: ../../../../../usr/local/lib/android/sdk/platforms/android-35-ext15/data/res/values-mcc310-mnc660-bs: Cannot change mode to rwxr-xr-x: Operation not permitted
build	Cache Android SDK	2026-06-06T12:23:03.7637873Z /usr/bin/tar: ../../../../../usr/local/lib/android/sdk/platforms/android-35-ext15/data/res/values-sv-television: Cannot utime: Operation not permitted
build	Cache Android SDK	2026-06-06T12:23:03.7638895Z /usr/bin/tar: ../../../../../usr/local/lib/android/sdk/platforms/android-35-ext15/data/res/values-sv-television: Cannot change mode to rwxr-xr-x: Operation not permitted
build	Cache Android SDK	2026-06-06T12:23:03.7641690Z /usr/bin/tar: ../../../../../usr/local/lib/android/sdk/platforms/android-35-ext15/data/res/values-mcc310-mnc150-nl: Cannot utime: Operation not permitted
build	Cache Android SDK	2026-06-06T12:23:03.7642945Z /usr/bin/tar: ../../../../../usr/local/lib/android/sdk/platforms/android-35-ext15/data/res/values-mcc310-mnc150-nl: Cannot change mode to rwxr-xr-x: Operation not permitted
build	Cache Android SDK	2026-06-06T12:23:03.7644655Z /usr/bin/tar: ../../../../../usr/local/lib/android/sdk/platforms/android-35-ext15/data/res/values-mcc310-mnc270-en-rGB: Cannot utime: Operation not permitted
build	Cache Android SDK	2026-06-06T12:23:03.7645707Z /usr/bin/tar: ../../../../../usr/local/lib/android/sdk/platforms/android-35-ext15/data/res/values-mcc310-mnc270-en-rGB: Cannot change mode to rwxr-xr-x: Operation not permitted
build	Cache Android SDK	2026-06-06T12:23:03.7647650Z /usr/bin/tar: ../../../../../usr/local/lib/android/sdk/platforms/android-35-ext15/data/res/values-mcc316: Cannot utime: Operation not permitted
build	Cache Android SDK	2026-06-06T12:23:03.7648742Z /usr/bin/tar: ../../../../../usr/local/lib/android/sdk/platforms/android-35-ext15/data/res/values-mcc316: Cannot change mode to rwxr-xr-x: Operation not permitted
build	Cache Android SDK	2026-06-06T12:23:03.7651104Z /usr/bin/tar: ../../../../../usr/local/lib/android/sdk/platforms/android-35-ext15/data/res/values-mcc001-mnc01-fa: Cannot utime: Operation not permitted
build	Cache Android SDK	2026-06-06T12:23:03.7652092Z /usr/bin/tar: ../../../../../usr/local/lib/android/sdk/platforms/android-35-ext15/data/res/values-mcc001-mnc01-fa: Cannot change mode to rwxr-xr-x: Operation not permitted
build	Cache Android SDK	2026-06-06T12:23:03.7654678Z /usr/bin/tar: ../../../../../usr/local/lib/android/sdk/platforms/android-35-ext15/data/res/values-mcc310-mnc220-eu: Cannot utime: Operation not permitted
build	Cache Android SDK	2026-06-06T12:23:03.7655649Z /usr/bin/tar: ../../../../../usr/local/lib/android/sdk/platforms/android-35-ext15/data/res/values-mcc310-mnc220-eu: Cannot change mode to rwxr-xr-x: Operation not permitted
build	Cache Android SDK	2026-06-06T12:23:03.7657811Z /usr/bin/tar: ../../../../../usr/local/lib/android/sdk/platforms/android-35-ext15/data/res/values-mcc310-mnc240: Cannot utime: Operation not permitted
build	Cache Android SDK	2026-06-06T12:23:03.7658782Z /usr/bin/tar: ../../../../../usr/local/lib/android/sdk/platforms/android-35-ext15/data/res/values-mcc310-mnc240: Cannot change mode to rwxr-xr-x: Operation not permitted
build	Cache Android SDK	2026-06-06T12:23:03.7662142Z /usr/bin/tar: ../../../../../usr/local/lib/android/sdk/platforms/android-35-ext15/data/res/values-mcc313-mnc100-sw: Cannot utime: Operation not permitted
build	Cache Android SDK	2026-06-06T12:23:03.7663131Z /usr/bin/tar: ../../../../../usr/local/lib/android/sdk/platforms/android-35-ext15/data/res/values-mcc313-mnc100-sw: Cannot change mode to rwxr-xr-x: Operation not permitted
build	Cache Android SDK	2026-06-06T12:23:03.7666059Z /usr/bin/tar: ../../../../../usr/local/lib/android/sdk/platforms/android-35-ext15/data/res/values-mcc310-mnc230-ro: Cannot utime: Operation not permitted
build	Cache Android SDK	2026-06-06T12:23:03.7667137Z /usr/bin/tar: ../../../../../usr/local/lib/android/sdk/platforms/android-35-ext15/data/res/values-mcc310-mnc230-ro: Cannot change mode to rwxr-xr-x: Operation not permitted
build	Cache Android SDK	2026-06-06T12:23:03.7669748Z /usr/bin/tar: ../../../../../usr/local/lib/android/sdk/platforms/android-35-ext15/data/res/values-mcc310-mnc660-zh-rCN: Cannot utime: Operation not permitted
build	Cache Android SDK	2026-06-06T12:23:03.7670752Z /usr/bin/tar: ../../../../../usr/local/lib/android/sdk/platforms/android-35-ext15/data/res/values-mcc310-mnc660-zh-rCN: Cannot change mode to rwxr-xr-x: Operation not permitted
build	Cache Android SDK	2026-06-06T12:23:03.7673975Z /usr/bin/tar: ../../../../../usr/local/lib/android/sdk/platforms/android-35-ext15/data/res/values-mcc310-mnc310-lv: Cannot utime: Operation not permitted
build	Cache Android SDK	2026-06-06T12:23:03.7674936Z /usr/bin/tar: ../../../../../usr/local/lib/android/sdk/platforms/android-35-ext15/data/res/values-mcc310-mnc310-lv: Cannot change mode to rwxr-xr-x: Operation not permitted
build	Cache Android SDK	2026-06-06T12:23:03.7677269Z /usr/bin/tar: ../../../../../usr/local/lib/android/sdk/platforms/android-35-ext15/data/res/values-mcc310-mnc950-km: Cannot utime: Operation not permitted
build	Cache Android SDK	2026-06-06T12:23:03.7678529Z /usr/bin/tar: ../../../../../usr/local/lib/android/sdk/platforms/android-35-ext15/data/res/values-mcc310-mnc950-km: Cannot change mode to rwxr-xr-x: Operation not permitted
build	Cache Android SDK	2026-06-06T12:23:03.7680581Z /usr/bin/tar: ../../../../../usr/local/lib/android/sdk/platforms/android-35-ext15/data/res/values-mcc310-mnc560-ar: Cannot utime: Operation not permitted
build	Cache Android SDK	2026-06-06T12:23:03.7681545Z /usr/bin/tar: ../../../../../usr/local/lib/android/sdk/platforms/android-35-ext15/data/res/values-mcc310-mnc560-ar: Cannot change mode to rwxr-xr-x: Operation not permitted
build	Cache Android SDK	2026-06-06T12:23:03.7683895Z /usr/bin/tar: ../../../../../usr/local/lib/android/sdk/platforms/android-35-ext15/data/res/values-mcc310-mnc230-mr: Cannot utime: Operation not permitted
build	Cache Android SDK	2026-06-06T12:23:03.7684856Z /usr/bin/tar: ../../../../../usr/local/lib/android/sdk/platforms/android-35-ext15/data/res/values-mcc310-mnc230-mr: Cannot change mode to rwxr-xr-x: Operation not permitted
build	Cache Android SDK	2026-06-06T12:23:03.7686856Z /usr/bin/tar: ../../../../../usr/local/lib/android/sdk/platforms/android-35-ext15/data/res/values-mcc310-mnc230-mk: Cannot utime: Operation not permitted
build	Cache Android SDK	2026-06-06T12:23:03.7688232Z /usr/bin/tar: ../../../../../usr/local/lib/android/sdk/platforms/android-35-ext15/data/res/values-mcc310-mnc230-mk: Cannot change mode to rwxr-xr-x: Operation not permitted
build	Cache Android SDK	2026-06-06T12:23:03.7690594Z /usr/bin/tar: ../../../../../usr/local/lib/android/sdk/platforms/android-35-ext15/data/res/values-mcc311-mnc180-ca: Cannot utime: Operation not permitted
build	Cache Android SDK	2026-06-06T12:23:03.7691548Z /usr/bin/tar: ../../../../../usr/local/lib/android/sdk/platforms/android-35-ext15/data/res/values-mcc311-mnc180-ca: Cannot change mode to rwxr-xr-x: Operation not permitted
build	Cache Android SDK	2026-06-06T12:23:03.7709847Z /usr/bin/tar: ../../../../../usr/local/lib/android/sdk/platforms/android-35-ext15/data/res/drawable-nodpi: Cannot utime: Operation not permitted
build	Cache Android SDK	2026-06-06T12:23:03.7710922Z /usr/bin/tar: ../../../../../usr/local/lib/android/sdk/platforms/android-35-ext15/data/res/drawable-nodpi: Cannot change mode to rwxr-xr-x: Operation not permitted
build	Cache Android SDK	2026-06-06T12:23:03.7712697Z /usr/bin/tar: ../../../../../usr/local/lib/android/sdk/platforms/android-35-ext15/data/res/values-w208dp: Cannot utime: Operation not permitted
build	Cache Android SDK	2026-06-06T12:23:03.7713698Z /usr/bin/tar: ../../../../../usr/local/lib/android/sdk/platforms/android-35-ext15/data/res/values-w208dp: Cannot change mode to rwxr-xr-x: Operation not permitted
build	Cache Android SDK	2026-06-06T12:23:03.7716091Z /usr/bin/tar: ../../../../../usr/local/lib/android/sdk/platforms/android-35-ext15/data/res/values-mcc310-mnc030-lo: Cannot utime: Operation not permitted
build	Cache Android SDK	2026-06-06T12:23:03.7717057Z /usr/bin/tar: ../../../../../usr/local/lib/android/sdk/platforms/android-35-ext15/data/res/values-mcc310-mnc030-lo: Cannot change mode to rwxr-xr-x: Operation not permitted
build	Cache Android SDK	2026-06-06T12:23:03.7719157Z /usr/bin/tar: ../../../../../usr/local/lib/android/sdk/platforms/android-35-ext15/data/res/values-mcc310-mnc240-sv: Cannot utime: Operation not permitted
build	Cache Android SDK	2026-06-06T12:23:03.7720124Z /usr/bin/tar: ../../../../../usr/local/lib/android/sdk/platforms/android-35-ext15/data/res/values-mcc310-mnc240-sv: Cannot change mode to rwxr-xr-x: Operation not permitted
build	Cache Android SDK	2026-06-06T12:23:03.7723223Z /usr/bin/tar: ../../../../../usr/local/lib/android/sdk/platforms/android-35-ext15/data/res/values-mcc310-mnc240-am: Cannot utime: Operation not permitted
build	Cache Android SDK	2026-06-06T12:23:03.7724340Z /usr/bin/tar: ../../../../../usr/local/lib/android/sdk/platforms/android-35-ext15/data/res/values-mcc310-mnc240-am: Cannot change mode to rwxr-xr-x: Operation not permitted
build	Cache Android SDK	2026-06-06T12:23:03.7726177Z /usr/bin/tar: ../../../../../usr/local/lib/android/sdk/platforms/android-35-ext15/data/res/values-mcc234-mnc20: Cannot utime: Operation not permitted
build	Cache Android SDK	2026-06-06T12:23:03.7727123Z /usr/bin/tar: ../../../../../usr/local/lib/android/sdk/platforms/android-35-ext15/data/res/values-mcc234-mnc20: Cannot change mode to rwxr-xr-x: Operation not permitted
build	Cache Android SDK	2026-06-06T12:23:03.7731171Z /usr/bin/tar: ../../../../../usr/local/lib/android/sdk/platforms/android-35-ext15/data/res/values-mcc310-mnc380-ta: Cannot utime: Operation not permitted
build	Cache Android SDK	2026-06-06T12:23:03.7732566Z /usr/bin/tar: ../../../../../usr/local/lib/android/sdk/platforms/android-35-ext15/data/res/values-mcc310-mnc380-ta: Cannot change mode to rwxr-xr-x: Operation not permitted
build	Cache Android SDK	2026-06-06T12:23:03.7733991Z /usr/bin/tar: ../../../../../usr/local/lib/android/sdk/platforms/android-35-ext15/data/res/values-mcc310-mnc170-sq: Cannot utime: Operation not permitted
build	Cache Android SDK	2026-06-06T12:23:03.7734947Z /usr/bin/tar: ../../../../../usr/local/lib/android/sdk/platforms/android-35-ext15/data/res/values-mcc310-mnc170-sq: Cannot change mode to rwxr-xr-x: Operation not permitted
build	Cache Android SDK	2026-06-06T12:23:03.7737938Z /usr/bin/tar: ../../../../../usr/local/lib/android/sdk/platforms/android-35-ext15/data/res/values-mcc425: Cannot utime: Operation not permitted
build	Cache Android SDK	2026-06-06T12:23:03.7739402Z /usr/bin/tar: ../../../../../usr/local/lib/android/sdk/platforms/android-35-ext15/data/res/values-mcc425: Cannot change mode to rwxr-xr-x: Operation not permitted
build	Cache Android SDK	2026-06-06T12:23:03.7740795Z /usr/bin/tar: ../../../../../usr/local/lib/android/sdk/platforms/android-35-ext15/data/res/values-mcc310-mnc270-et: Cannot utime: Operation not permitted
build	Cache Android SDK	2026-06-06T12:23:03.7741826Z /usr/bin/tar: ../../../../../usr/local/lib/android/sdk/platforms/android-35-ext15/data/res/values-mcc310-mnc270-et: Cannot change mode to rwxr-xr-x: Operation not permitted
build	Cache Android SDK	2026-06-06T12:23:03.7743481Z /usr/bin/tar: ../../../../../usr/local/lib/android/sdk/platforms/android-35-ext15/data/res/values-mcc302-mnc720-as: Cannot utime: Operation not permitted
build	Cache Android SDK	2026-06-06T12:23:03.7744435Z /usr/bin/tar: ../../../../../usr/local/lib/android/sdk/platforms/android-35-ext15/data/res/values-mcc302-mnc720-as: Cannot change mode to rwxr-xr-x: Operation not permitted
build	Cache Android SDK	2026-06-06T12:23:03.7747815Z /usr/bin/tar: ../../../../../usr/local/lib/android/sdk/platforms/android-35-ext15/data/res/values-mcc310-mnc490-te: Cannot utime: Operation not permitted
build	Cache Android SDK	2026-06-06T12:23:03.7749093Z /usr/bin/tar: ../../../../../usr/local/lib/android/sdk/platforms/android-35-ext15/data/res/values-mcc310-mnc490-te: Cannot change mode to rwxr-xr-x: Operation not permitted
build	Cache Android SDK	2026-06-06T12:23:03.7750588Z /usr/bin/tar: ../../../../../usr/local/lib/android/sdk/platforms/android-35-ext15/data/res/values-mcc310-mnc160-th: Cannot utime: Operation not permitted
build	Cache Android SDK	2026-06-06T12:23:03.7751615Z /usr/bin/tar: ../../../../../usr/local/lib/android/sdk/platforms/android-35-ext15/data/res/values-mcc310-mnc160-th: Cannot change mode to rwxr-xr-x: Operation not permitted
build	Cache Android SDK	2026-06-06T12:23:03.7753580Z /usr/bin/tar: ../../../../../usr/local/lib/android/sdk/platforms/android-35-ext15/data/res/values-mcc310-mnc200-sr: Cannot utime: Operation not permitted
build	Cache Android SDK	2026-06-06T12:23:03.7754531Z /usr/bin/tar: ../../../../../usr/local/lib/android/sdk/platforms/android-35-ext15/data/res/values-mcc310-mnc200-sr: Cannot change mode to rwxr-xr-x: Operation not permitted
build	Cache Android SDK	2026-06-06T12:23:03.7761098Z /usr/bin/tar: ../../../../../usr/local/lib/android/sdk/platforms/android-35-ext15/data/res/values-da: Cannot utime: Operation not permitted
build	Cache Android SDK	2026-06-06T12:23:03.7762412Z /usr/bin/tar: ../../../../../usr/local/lib/android/sdk/platforms/android-35-ext15/data/res/values-da: Cannot change mode to rwxr-xr-x: Operation not permitted
build	Cache Android SDK	2026-06-06T12:23:03.7763882Z /usr/bin/tar: ../../../../../usr/local/lib/android/sdk/platforms/android-35-ext15/data/res/values-mcc310-mnc170-et: Cannot utime: Operation not permitted
build	Cache Android SDK	2026-06-06T12:23:03.7764954Z /usr/bin/tar: ../../../../../usr/local/lib/android/sdk/platforms/android-35-ext15/data/res/values-mcc310-mnc170-et: Cannot change mode to rwxr-xr-x: Operation not permitted
build	Cache Android SDK	2026-06-06T12:23:03.7766963Z /usr/bin/tar: ../../../../../usr/local/lib/android/sdk/platforms/android-35-ext15/data/res/values-mcc310-mnc160-en-rIN: Cannot utime: Operation not permitted
build	Cache Android SDK	2026-06-06T12:23:03.7768144Z /usr/bin/tar: ../../../../../usr/local/lib/android/sdk/platforms/android-35-ext15/data/res/values-mcc310-mnc160-en-rIN: Cannot change mode to rwxr-xr-x: Operation not permitted
build	Cache Android SDK	2026-06-06T12:23:03.7770149Z /usr/bin/tar: ../../../../../usr/local/lib/android/sdk/platforms/android-35-ext15/data/res/values-mcc302-mnc370-da: Cannot utime: Operation not permitted
build	Cache Android SDK	2026-06-06T12:23:03.7771107Z /usr/bin/tar: ../../../../../usr/local/lib/android/sdk/platforms/android-35-ext15/data/res/values-mcc302-mnc370-da: Cannot change mode to rwxr-xr-x: Operation not permitted
build	Cache Android SDK	2026-06-06T12:23:03.7773994Z /usr/bin/tar: ../../../../../usr/local/lib/android/sdk/platforms/android-35-ext15/data/res/values-mcc310-mnc490-sv: Cannot utime: Operation not permitted
build	Cache Android SDK	2026-06-06T12:23:03.7775150Z /usr/bin/tar: ../../../../../usr/local/lib/android/sdk/platforms/android-35-ext15/data/res/values-mcc310-mnc490-sv: Cannot change mode to rwxr-xr-x: Operation not permitted
build	Cache Android SDK	2026-06-06T12:23:03.7776777Z /usr/bin/tar: ../../../../../usr/local/lib/android/sdk/platforms/android-35-ext15/data/res/values-ru-television: Cannot utime: Operation not permitted
build	Cache Android SDK	2026-06-06T12:23:03.7777918Z /usr/bin/tar: ../../../../../usr/local/lib/android/sdk/platforms/android-35-ext15/data/res/values-ru-television: Cannot change mode to rwxr-xr-x: Operation not permitted
build	Cache Android SDK	2026-06-06T12:23:03.7779769Z /usr/bin/tar: ../../../../../usr/local/lib/android/sdk/platforms/android-35-ext15/data/res/values-mcc310-mnc380-it: Cannot utime: Operation not permitted
build	Cache Android SDK	2026-06-06T12:23:03.7780746Z /usr/bin/tar: ../../../../../usr/local/lib/android/sdk/platforms/android-35-ext15/data/res/values-mcc310-mnc380-it: Cannot change mode to rwxr-xr-x: Operation not permitted
build	Cache Android SDK	2026-06-06T12:23:03.7783743Z /usr/bin/tar: ../../../../../usr/local/lib/android/sdk/platforms/android-35-ext15/data/res/values-mcc001-mnc01-sw: Cannot utime: Operation not permitted
build	Cache Android SDK	2026-06-06T12:23:03.7784846Z /usr/bin/tar: ../../../../../usr/local/lib/android/sdk/platforms/android-35-ext15/data/res/values-mcc001-mnc01-sw: Cannot change mode to rwxr-xr-x: Operation not permitted
build	Cache Android SDK	2026-06-06T12:23:03.7790397Z /usr/bin/tar: ../../../../../usr/local/lib/android/sdk/platforms/android-35-ext15/data/res/values-kn-watch: Cannot utime: Operation not permitted
build	Cache Android SDK	2026-06-06T12:23:03.7791318Z /usr/bin/tar: ../../../../../usr/local/lib/android/sdk/platforms/android-35-ext15/data/res/values-kn-watch: Cannot change mode to rwxr-xr-x: Operation not permitted
build	Cache Android SDK	2026-06-06T12:23:03.7793692Z /usr/bin/tar: ../../../../../usr/local/lib/android/sdk/platforms/android-35-ext15/data/res/values-mcc310-mnc660-am: Cannot utime: Operation not permitted
build	Cache Android SDK	2026-06-06T12:23:03.7794174Z /usr/bin/tar: ../../../../../usr/local/lib/android/sdk/platforms/android-35-ext15/data/res/values-mcc310-mnc660-am: Cannot change mode to rwxr-xr-x: Operation not permitted
build	Cache Android SDK	2026-06-06T12:23:03.7796918Z /usr/bin/tar: ../../../../../usr/local/lib/android/sdk/platforms/android-35-ext15/data/res/values-mcc310-mnc240-b+sr+Latn: Cannot utime: Operation not permitted
build	Cache Android SDK	2026-06-06T12:23:03.7797624Z /usr/bin/tar: ../../../../../usr/local/lib/android/sdk/platforms/android-35-ext15/data/res/values-mcc310-mnc240-b+sr+Latn: Cannot change mode to rwxr-xr-x: Operation not permitted
build	Cache Android SDK	2026-06-06T12:23:03.7799798Z /usr/bin/tar: ../../../../../usr/local/lib/android/sdk/platforms/android-35-ext15/data/res/values-as-watch: Cannot utime: Operation not permitted
build	Cache Android SDK	2026-06-06T12:23:03.7800315Z /usr/bin/tar: ../../../../../usr/local/lib/android/sdk/platforms/android-35-ext15/data/res/values-as-watch: Cannot change mode to rwxr-xr-x: Operation not permitted
build	Cache Android SDK	2026-06-06T12:23:03.7802533Z /usr/bin/tar: ../../../../../usr/local/lib/android/sdk/platforms/android-35-ext15/data/res/values-mcc310-mnc270-fa: Cannot utime: Operation not permitted
build	Cache Android SDK	2026-06-06T12:23:03.7803009Z /usr/bin/tar: ../../../../../usr/local/lib/android/sdk/platforms/android-35-ext15/data/res/values-mcc310-mnc270-fa: Cannot change mode to rwxr-xr-x: Operation not permitted
build	Cache Android SDK	2026-06-06T12:23:03.7805530Z /usr/bin/tar: ../../../../../usr/local/lib/android/sdk/platforms/android-35-ext15/data/res/values-mcc310-mnc410-ky: Cannot utime: Operation not permitted
build	Cache Android SDK	2026-06-06T12:23:03.7806088Z /usr/bin/tar: ../../../../../usr/local/lib/android/sdk/platforms/android-35-ext15/data/res/values-mcc310-mnc410-ky: Cannot change mode to rwxr-xr-x: Operation not permitted
build	Cache Android SDK	2026-06-06T12:23:03.7808736Z /usr/bin/tar: ../../../../../usr/local/lib/android/sdk/platforms/android-35-ext15/data/res/values-mcc310-mnc030-lt: Cannot utime: Operation not permitted
build	Cache Android SDK	2026-06-06T12:23:03.7809257Z /usr/bin/tar: ../../../../../usr/local/lib/android/sdk/platforms/android-35-ext15/data/res/values-mcc310-mnc030-lt: Cannot change mode to rwxr-xr-x: Operation not permitted
build	Cache Android SDK	2026-06-06T12:23:03.7811838Z /usr/bin/tar: ../../../../../usr/local/lib/android/sdk/platforms/android-35-ext15/data/res/values-mcc310-mnc030-my: Cannot utime: Operation not permitted
build	Cache Android SDK	2026-06-06T12:23:03.7812352Z /usr/bin/tar: ../../../../../usr/local/lib/android/sdk/platforms/android-35-ext15/data/res/values-mcc310-mnc030-my: Cannot change mode to rwxr-xr-x: Operation not permitted
build	Cache Android SDK	2026-06-06T12:23:03.7814791Z /usr/bin/tar: ../../../../../usr/local/lib/android/sdk/platforms/android-35-ext15/data/res/values-mcc310-mnc270-my: Cannot utime: Operation not permitted
build	Cache Android SDK	2026-06-06T12:23:03.7815310Z /usr/bin/tar: ../../../../../usr/local/lib/android/sdk/platforms/android-35-ext15/data/res/values-mcc310-mnc270-my: Cannot change mode to rwxr-xr-x: Operation not permitted
build	Cache Android SDK	2026-06-06T12:23:03.7818067Z /usr/bin/tar: ../../../../../usr/local/lib/android/sdk/platforms/android-35-ext15/data/res/values-hi-television: Cannot utime: Operation not permitted
build	Cache Android SDK	2026-06-06T12:23:03.7818536Z /usr/bin/tar: ../../../../../usr/local/lib/android/sdk/platforms/android-35-ext15/data/res/values-hi-television: Cannot change mode to rwxr-xr-x: Operation not permitted
build	Cache Android SDK	2026-06-06T12:23:03.7821118Z /usr/bin/tar: ../../../../../usr/local/lib/android/sdk/platforms/android-35-ext15/data/res/values-mcc312-mnc670-sr: Cannot utime: Operation not permitted
build	Cache Android SDK	2026-06-06T12:23:03.7821583Z /usr/bin/tar: ../../../../../usr/local/lib/android/sdk/platforms/android-35-ext15/data/res/values-mcc312-mnc670-sr: Cannot change mode to rwxr-xr-x: Operation not permitted
build	Cache Android SDK	2026-06-06T12:23:03.7824193Z /usr/bin/tar: ../../../../../usr/local/lib/android/sdk/platforms/android-35-ext15/data/res/values-mcc310-mnc270-zh-rHK: Cannot utime: Operation not permitted
build	Cache Android SDK	2026-06-06T12:23:03.7824755Z /usr/bin/tar: ../../../../../usr/local/lib/android/sdk/platforms/android-35-ext15/data/res/values-mcc310-mnc270-zh-rHK: Cannot change mode to rwxr-xr-x: Operation not permitted
build	Cache Android SDK	2026-06-06T12:23:03.7827223Z /usr/bin/tar: ../../../../../usr/local/lib/android/sdk/platforms/android-35-ext15/data/res/values-mcc310-mnc560-pt: Cannot utime: Operation not permitted
build	Cache Android SDK	2026-06-06T12:23:03.7827910Z /usr/bin/tar: ../../../../../usr/local/lib/android/sdk/platforms/android-35-ext15/data/res/values-mcc310-mnc560-pt: Cannot change mode to rwxr-xr-x: Operation not permitted
build	Cache Android SDK	2026-06-06T12:23:03.7830169Z /usr/bin/tar: ../../../../../usr/local/lib/android/sdk/platforms/android-35-ext15/data/res/values-mcc310-mnc160-pt-rPT: Cannot utime: Operation not permitted
build	Cache Android SDK	2026-06-06T12:23:03.7830652Z /usr/bin/tar: ../../../../../usr/local/lib/android/sdk/platforms/android-35-ext15/data/res/values-mcc310-mnc160-pt-rPT: Cannot change mode to rwxr-xr-x: Operation not permitted
build	Cache Android SDK	2026-06-06T12:23:03.7833222Z /usr/bin/tar: ../../../../../usr/local/lib/android/sdk/platforms/android-35-ext15/data/res/values-mcc310-mnc490-fa: Cannot utime: Operation not permitted
build	Cache Android SDK	2026-06-06T12:23:03.7833795Z /usr/bin/tar: ../../../../../usr/local/lib/android/sdk/platforms/android-35-ext15/data/res/values-mcc310-mnc490-fa: Cannot change mode to rwxr-xr-x: Operation not permitted
build	Cache Android SDK	2026-06-06T12:23:03.7836387Z /usr/bin/tar: ../../../../../usr/local/lib/android/sdk/platforms/android-35-ext15/data/res/values-mcc302-mnc370-sq: Cannot utime: Operation not permitted
build	Cache Android SDK	2026-06-06T12:23:03.7836849Z /usr/bin/tar: ../../../../../usr/local/lib/android/sdk/platforms/android-35-ext15/data/res/values-mcc302-mnc370-sq: Cannot change mode to rwxr-xr-x: Operation not permitted
build	Cache Android SDK	2026-06-06T12:23:03.7839408Z /usr/bin/tar: ../../../../../usr/local/lib/android/sdk/platforms/android-35-ext15/data/res/values-mcc310-mnc210-fr: Cannot utime: Operation not permitted
build	Cache Android SDK	2026-06-06T12:23:03.7839877Z /usr/bin/tar: ../../../../../usr/local/lib/android/sdk/platforms/android-35-ext15/data/res/values-mcc310-mnc210-fr: Cannot change mode to rwxr-xr-x: Operation not permitted
build	Cache Android SDK	2026-06-06T12:23:03.7842146Z /usr/bin/tar: ../../../../../usr/local/lib/android/sdk/platforms/android-35-ext15/data/res/values-mcc310-mnc030-sl: Cannot utime: Operation not permitted
build	Cache Android SDK	2026-06-06T12:23:03.7842618Z /usr/bin/tar: ../../../../../usr/local/lib/android/sdk/platforms/android-35-ext15/data/res/values-mcc310-mnc030-sl: Cannot change mode to rwxr-xr-x: Operation not permitted
build	Cache Android SDK	2026-06-06T12:23:03.7844971Z /usr/bin/tar: ../../../../../usr/local/lib/android/sdk/platforms/android-35-ext15/data/res/values-mcc310-mnc410-tr: Cannot utime: Operation not permitted
build	Cache Android SDK	2026-06-06T12:23:03.7845540Z /usr/bin/tar: ../../../../../usr/local/lib/android/sdk/platforms/android-35-ext15/data/res/values-mcc310-mnc410-tr: Cannot change mode to rwxr-xr-x: Operation not permitted
build	Cache Android SDK	2026-06-06T12:23:03.7848403Z /usr/bin/tar: ../../../../../usr/local/lib/android/sdk/platforms/android-35-ext15/data/res/values-mcc302-mnc720-kn: Cannot utime: Operation not permitted
build	Cache Android SDK	2026-06-06T12:23:03.7848873Z /usr/bin/tar: ../../../../../usr/local/lib/android/sdk/platforms/android-35-ext15/data/res/values-mcc302-mnc720-kn: Cannot change mode to rwxr-xr-x: Operation not permitted
build	Cache Android SDK	2026-06-06T12:23:03.7851992Z /usr/bin/tar: ../../../../../usr/local/lib/android/sdk/platforms/android-35-ext15/data/res/values-mcc001-mnc01-fr: Cannot utime: Operation not permitted
build	Cache Android SDK	2026-06-06T12:23:03.7852490Z /usr/bin/tar: ../../../../../usr/local/lib/android/sdk/platforms/android-35-ext15/data/res/values-mcc001-mnc01-fr: Cannot change mode to rwxr-xr-x: Operation not permitted
build	Cache Android SDK	2026-06-06T12:23:03.7854817Z /usr/bin/tar: ../../../../../usr/local/lib/android/sdk/platforms/android-35-ext15/data/res/values-mcc310-mnc490-sq: Cannot utime: Operation not permitted
build	Cache Android SDK	2026-06-06T12:23:03.7855324Z /usr/bin/tar: ../../../../../usr/local/lib/android/sdk/platforms/android-35-ext15/data/res/values-mcc310-mnc490-sq: Cannot change mode to rwxr-xr-x: Operation not permitted
build	Cache Android SDK	2026-06-06T12:23:03.7858032Z /usr/bin/tar: ../../../../../usr/local/lib/android/sdk/platforms/android-35-ext15/data/res/values-mcc310-mnc170-el: Cannot utime: Operation not permitted
build	Cache Android SDK	2026-06-06T12:23:03.7858605Z /usr/bin/tar: ../../../../../usr/local/lib/android/sdk/platforms/android-35-ext15/data/res/values-mcc310-mnc170-el: Cannot change mode to rwxr-xr-x: Operation not permitted
build	Cache Android SDK	2026-06-06T12:23:03.7861075Z /usr/bin/tar: ../../../../../usr/local/lib/android/sdk/platforms/android-35-ext15/data/res/values-mcc310-mnc030-fi: Cannot utime: Operation not permitted
build	Cache Android SDK	2026-06-06T12:23:03.7861543Z /usr/bin/tar: ../../../../../usr/local/lib/android/sdk/platforms/android-35-ext15/data/res/values-mcc310-mnc030-fi: Cannot change mode to rwxr-xr-x: Operation not permitted
build	Cache Android SDK	2026-06-06T12:23:03.7864067Z /usr/bin/tar: ../../../../../usr/local/lib/android/sdk/platforms/android-35-ext15/data/res/values-mcc310-mnc560-pt-rBR: Cannot utime: Operation not permitted
build	Cache Android SDK	2026-06-06T12:23:03.7864553Z /usr/bin/tar: ../../../../../usr/local/lib/android/sdk/platforms/android-35-ext15/data/res/values-mcc310-mnc560-pt-rBR: Cannot change mode to rwxr-xr-x: Operation not permitted
build	Cache Android SDK	2026-06-06T12:23:03.7866860Z /usr/bin/tar: ../../../../../usr/local/lib/android/sdk/platforms/android-35-ext15/data/res/values-mcc310-mnc230-fi: Cannot utime: Operation not permitted
build	Cache Android SDK	2026-06-06T12:23:03.7867573Z /usr/bin/tar: ../../../../../usr/local/lib/android/sdk/platforms/android-35-ext15/data/res/values-mcc310-mnc230-fi: Cannot change mode to rwxr-xr-x: Operation not permitted
build	Cache Android SDK	2026-06-06T12:23:03.7869755Z /usr/bin/tar: ../../../../../usr/local/lib/android/sdk/platforms/android-35-ext15/data/res/values-mcc310-mnc170-it: Cannot utime: Operation not permitted
build	Cache Android SDK	2026-06-06T12:23:03.7870255Z /usr/bin/tar: ../../../../../usr/local/lib/android/sdk/platforms/android-35-ext15/data/res/values-mcc310-mnc170-it: Cannot change mode to rwxr-xr-x: Operation not permitted
build	Cache Android SDK	2026-06-06T12:23:03.7877034Z /usr/bin/tar: ../../../../../usr/local/lib/android/sdk/platforms/android-35-ext15/data/res/values-as: Cannot utime: Operation not permitted
build	Cache Android SDK	2026-06-06T12:23:03.7878029Z /usr/bin/tar: ../../../../../usr/local/lib/android/sdk/platforms/android-35-ext15/data/res/values-as: Cannot change mode to rwxr-xr-x: Operation not permitted
build	Cache Android SDK	2026-06-06T12:23:03.7880598Z /usr/bin/tar: ../../../../../usr/local/lib/android/sdk/platforms/android-35-ext15/data/res/values-w320dp-h426dp: Cannot utime: Operation not permitted
build	Cache Android SDK	2026-06-06T12:23:03.7881232Z /usr/bin/tar: ../../../../../usr/local/lib/android/sdk/platforms/android-35-ext15/data/res/values-w320dp-h426dp: Cannot change mode to rwxr-xr-x: Operation not permitted
build	Cache Android SDK	2026-06-06T12:23:03.7883156Z /usr/bin/tar: ../../../../../usr/local/lib/android/sdk/platforms/android-35-ext15/data/res/values-mcc310-mnc270-bs: Cannot utime: Operation not permitted
build	Cache Android SDK	2026-06-06T12:23:03.7883774Z /usr/bin/tar: ../../../../../usr/local/lib/android/sdk/platforms/android-35-ext15/data/res/values-mcc310-mnc270-bs: Cannot change mode to rwxr-xr-x: Operation not permitted
build	Cache Android SDK	2026-06-06T12:23:03.7886593Z /usr/bin/tar: ../../../../../usr/local/lib/android/sdk/platforms/android-35-ext15/data/res/values-mcc310-mnc230-sr: Cannot utime: Operation not permitted
build	Cache Android SDK	2026-06-06T12:23:03.7887128Z /usr/bin/tar: ../../../../../usr/local/lib/android/sdk/platforms/android-35-ext15/data/res/values-mcc310-mnc230-sr: Cannot change mode to rwxr-xr-x: Operation not permitted
build	Cache Android SDK	2026-06-06T12:23:03.7889555Z /usr/bin/tar: ../../../../../usr/local/lib/android/sdk/platforms/android-35-ext15/data/res/values-mcc313-mnc100-si: Cannot utime: Operation not permitted
build	Cache Android SDK	2026-06-06T12:23:03.7890041Z /usr/bin/tar: ../../../../../usr/local/lib/android/sdk/platforms/android-35-ext15/data/res/values-mcc313-mnc100-si: Cannot change mode to rwxr-xr-x: Operation not permitted
build	Cache Android SDK	2026-06-06T12:23:03.7895323Z /usr/bin/tar: ../../../../../usr/local/lib/android/sdk/platforms/android-35-ext15/data/res/values-bs: Cannot utime: Operation not permitted
build	Cache Android SDK	2026-06-06T12:23:03.7895759Z /usr/bin/tar: ../../../../../usr/local/lib/android/sdk/platforms/android-35-ext15/data/res/values-bs: Cannot change mode to rwxr-xr-x: Operation not permitted
build	Cache Android SDK	2026-06-06T12:23:03.7899191Z /usr/bin/tar: ../../../../../usr/local/lib/android/sdk/platforms/android-35-ext15/data/res/values-mcc310-mnc230-pt-rPT: Cannot utime: Operation not permitted
build	Cache Android SDK	2026-06-06T12:23:03.7899829Z /usr/bin/tar: ../../../../../usr/local/lib/android/sdk/platforms/android-35-ext15/data/res/values-mcc310-mnc230-pt-rPT: Cannot change mode to rwxr-xr-x: Operation not permitted
build	Cache Android SDK	2026-06-06T12:23:03.7902326Z /usr/bin/tar: ../../../../../usr/local/lib/android/sdk/platforms/android-35-ext15/data/res/values-mcc310-mnc170-zh-rCN: Cannot utime: Operation not permitted
build	Cache Android SDK	2026-06-06T12:23:03.7902858Z /usr/bin/tar: ../../../../../usr/local/lib/android/sdk/platforms/android-35-ext15/data/res/values-mcc310-mnc170-zh-rCN: Cannot change mode to rwxr-xr-x: Operation not permitted
build	Cache Android SDK	2026-06-06T12:23:03.7905302Z /usr/bin/tar: ../../../../../usr/local/lib/android/sdk/platforms/android-35-ext15/data/res/values-mcc313-mnc100-lo: Cannot utime: Operation not permitted
build	Cache Android SDK	2026-06-06T12:23:03.7905776Z /usr/bin/tar: ../../../../../usr/local/lib/android/sdk/platforms/android-35-ext15/data/res/values-mcc313-mnc100-lo: Cannot change mode to rwxr-xr-x: Operation not permitted
build	Cache Android SDK	2026-06-06T12:23:03.7908377Z /usr/bin/tar: ../../../../../usr/local/lib/android/sdk/platforms/android-35-ext15/data/res/values-mcc302-mnc370-th: Cannot utime: Operation not permitted
build	Cache Android SDK	2026-06-06T12:23:03.7908860Z /usr/bin/tar: ../../../../../usr/local/lib/android/sdk/platforms/android-35-ext15/data/res/values-mcc302-mnc370-th: Cannot change mode to rwxr-xr-x: Operation not permitted
build	Cache Android SDK	2026-06-06T12:23:03.7911881Z /usr/bin/tar: ../../../../../usr/local/lib/android/sdk/platforms/android-35-ext15/data/res/values-mcc310-mnc160-si: Cannot utime: Operation not permitted
build	Cache Android SDK	2026-06-06T12:23:03.7912482Z /usr/bin/tar: ../../../../../usr/local/lib/android/sdk/platforms/android-35-ext15/data/res/values-mcc310-mnc160-si: Cannot change mode to rwxr-xr-x: Operation not permitted
build	Cache Android SDK	2026-06-06T12:23:03.7914496Z /usr/bin/tar: ../../../../../usr/local/lib/android/sdk/platforms/android-35-ext15/data/res/values-mcc311-mnc180-or: Cannot utime: Operation not permitted
build	Cache Android SDK	2026-06-06T12:23:03.7914977Z /usr/bin/tar: ../../../../../usr/local/lib/android/sdk/platforms/android-35-ext15/data/res/values-mcc311-mnc180-or: Cannot change mode to rwxr-xr-x: Operation not permitted
build	Cache Android SDK	2026-06-06T12:23:03.7918072Z /usr/bin/tar: ../../../../../usr/local/lib/android/sdk/platforms/android-35-ext15/data/res/values-mcc312-mnc670-hu: Cannot utime: Operation not permitted
build	Cache Android SDK	2026-06-06T12:23:03.7918550Z /usr/bin/tar: ../../../../../usr/local/lib/android/sdk/platforms/android-35-ext15/data/res/values-mcc312-mnc670-hu: Cannot change mode to rwxr-xr-x: Operation not permitted
build	Cache Android SDK	2026-06-06T12:23:03.7923324Z /usr/bin/tar: ../../../../../usr/local/lib/android/sdk/platforms/android-35-ext15/data/res/values-mcc302-mnc720-ml: Cannot utime: Operation not permitted
build	Cache Android SDK	2026-06-06T12:23:03.7923811Z /usr/bin/tar: ../../../../../usr/local/lib/android/sdk/platforms/android-35-ext15/data/res/values-mcc302-mnc720-ml: Cannot change mode to rwxr-xr-x: Operation not permitted
build	Cache Android SDK	2026-06-06T12:23:03.7926020Z /usr/bin/tar: ../../../../../usr/local/lib/android/sdk/platforms/android-35-ext15/data/res/values-mcc310-mnc410-pt: Cannot utime: Operation not permitted
build	Cache Android SDK	2026-06-06T12:23:03.7926494Z /usr/bin/tar: ../../../../../usr/local/lib/android/sdk/platforms/android-35-ext15/data/res/values-mcc310-mnc410-pt: Cannot change mode to rwxr-xr-x: Operation not permitted
build	Cache Android SDK	2026-06-06T12:23:03.7929613Z /usr/bin/tar: ../../../../../usr/local/lib/android/sdk/platforms/android-35-ext15/data/res/values-mcc313-mnc100-zu: Cannot utime: Operation not permitted
build	Cache Android SDK	2026-06-06T12:23:03.7930097Z /usr/bin/tar: ../../../../../usr/local/lib/android/sdk/platforms/android-35-ext15/data/res/values-mcc313-mnc100-zu: Cannot change mode to rwxr-xr-x: Operation not permitted
build	Cache Android SDK	2026-06-06T12:23:03.7932465Z /usr/bin/tar: ../../../../../usr/local/lib/android/sdk/platforms/android-35-ext15/data/res/values-mcc310-mnc560-ca: Cannot utime: Operation not permitted
build	Cache Android SDK	2026-06-06T12:23:03.7932936Z /usr/bin/tar: ../../../../../usr/local/lib/android/sdk/platforms/android-35-ext15/data/res/values-mcc310-mnc560-ca: Cannot change mode to rwxr-xr-x: Operation not permitted
build	Cache Android SDK	2026-06-06T12:23:03.7935545Z /usr/bin/tar: ../../../../../usr/local/lib/android/sdk/platforms/android-35-ext15/data/res/values-bg-watch: Cannot utime: Operation not permitted
build	Cache Android SDK	2026-06-06T12:23:03.7936003Z /usr/bin/tar: ../../../../../usr/local/lib/android/sdk/platforms/android-35-ext15/data/res/values-bg-watch: Cannot change mode to rwxr-xr-x: Operation not permitted
build	Cache Android SDK	2026-06-06T12:23:03.8216164Z /usr/bin/tar: ../../../../../usr/local/lib/android/sdk/platforms/android-35-ext15/data/res/drawable: Cannot utime: Operation not permitted
build	Cache Android SDK	2026-06-06T12:23:03.8216726Z /usr/bin/tar: ../../../../../usr/local/lib/android/sdk/platforms/android-35-ext15/data/res/drawable: Cannot change mode to rwxr-xr-x: Operation not permitted
build	Cache Android SDK	2026-06-06T12:23:03.8220869Z /usr/bin/tar: ../../../../../usr/local/lib/android/sdk/platforms/android-35-ext15/data/res/values-mcc310-mnc280-te: Cannot utime: Operation not permitted
build	Cache Android SDK	2026-06-06T12:23:03.8221377Z /usr/bin/tar: ../../../../../usr/local/lib/android/sdk/platforms/android-35-ext15/data/res/values-mcc310-mnc280-te: Cannot change mode to rwxr-xr-x: Operation not permitted
build	Cache Android SDK	2026-06-06T12:23:03.8224603Z /usr/bin/tar: ../../../../../usr/local/lib/android/sdk/platforms/android-35-ext15/data/res/values-mcc312-mnc670-lo: Cannot utime: Operation not permitted
build	Cache Android SDK	2026-06-06T12:23:03.8225091Z /usr/bin/tar: ../../../../../usr/local/lib/android/sdk/platforms/android-35-ext15/data/res/values-mcc312-mnc670-lo: Cannot change mode to rwxr-xr-x: Operation not permitted
build	Cache Android SDK	2026-06-06T12:23:03.8228426Z /usr/bin/tar: ../../../../../usr/local/lib/android/sdk/platforms/android-35-ext15/data/res/values-mcc310-mnc210-ro: Cannot utime: Operation not permitted
build	Cache Android SDK	2026-06-06T12:23:03.8229056Z /usr/bin/tar: ../../../../../usr/local/lib/android/sdk/platforms/android-35-ext15/data/res/values-mcc310-mnc210-ro: Cannot change mode to rwxr-xr-x: Operation not permitted
build	Cache Android SDK	2026-06-06T12:23:03.8237152Z /usr/bin/tar: ../../../../../usr/local/lib/android/sdk/platforms/android-35-ext15/data/res/values-mcc302-mnc720-be: Cannot utime: Operation not permitted
build	Cache Android SDK	2026-06-06T12:23:03.8238064Z /usr/bin/tar: ../../../../../usr/local/lib/android/sdk/platforms/android-35-ext15/data/res/values-mcc302-mnc720-be: Cannot change mode to rwxr-xr-x: Operation not permitted
build	Cache Android SDK	2026-06-06T12:23:03.8240968Z /usr/bin/tar: ../../../../../usr/local/lib/android/sdk/platforms/android-35-ext15/data/res/values-ne-television: Cannot utime: Operation not permitted
build	Cache Android SDK	2026-06-06T12:23:03.8241619Z /usr/bin/tar: ../../../../../usr/local/lib/android/sdk/platforms/android-35-ext15/data/res/values-ne-television: Cannot change mode to rwxr-xr-x: Operation not permitted
build	Cache Android SDK	2026-06-06T12:23:03.8246702Z /usr/bin/tar: ../../../../../usr/local/lib/android/sdk/platforms/android-35-ext15/data/res/values-mcc310-mnc660-ms: Cannot utime: Operation not permitted
build	Cache Android SDK	2026-06-06T12:23:03.8247160Z /usr/bin/tar: ../../../../../usr/local/lib/android/sdk/platforms/android-35-ext15/data/res/values-mcc310-mnc660-ms: Cannot change mode to rwxr-xr-x: Operation not permitted
build	Cache Android SDK	2026-06-06T12:23:03.8255168Z /usr/bin/tar: ../../../../../usr/local/lib/android/sdk/platforms/android-35-ext15/data/res/values-mcc310-mnc490-hy: Cannot utime: Operation not permitted
build	Cache Android SDK	2026-06-06T12:23:03.8255758Z /usr/bin/tar: ../../../../../usr/local/lib/android/sdk/platforms/android-35-ext15/data/res/values-mcc310-mnc490-hy: Cannot change mode to rwxr-xr-x: Operation not permitted
build	Cache Android SDK	2026-06-06T12:23:03.8259219Z /usr/bin/tar: ../../../../../usr/local/lib/android/sdk/platforms/android-35-ext15/data/res/values-mcc311-mnc180-as: Cannot utime: Operation not permitted
build	Cache Android SDK	2026-06-06T12:23:03.8259813Z /usr/bin/tar: ../../../../../usr/local/lib/android/sdk/platforms/android-35-ext15/data/res/values-mcc311-mnc180-as: Cannot change mode to rwxr-xr-x: Operation not permitted
build	Cache Android SDK	2026-06-06T12:23:03.8263541Z /usr/bin/tar: ../../../../../usr/local/lib/android/sdk/platforms/android-35-ext15/data/res/values-zh-rHK-watch: Cannot utime: Operation not permitted
build	Cache Android SDK	2026-06-06T12:23:03.8264252Z /usr/bin/tar: ../../../../../usr/local/lib/android/sdk/platforms/android-35-ext15/data/res/values-zh-rHK-watch: Cannot change mode to rwxr-xr-x: Operation not permitted
build	Cache Android SDK	2026-06-06T12:23:03.8270341Z /usr/bin/tar: ../../../../../usr/local/lib/android/sdk/platforms/android-35-ext15/data/res/values-mcc310-mnc560-tl: Cannot utime: Operation not permitted
build	Cache Android SDK	2026-06-06T12:23:03.8270921Z /usr/bin/tar: ../../../../../usr/local/lib/android/sdk/platforms/android-35-ext15/data/res/values-mcc310-mnc560-tl: Cannot change mode to rwxr-xr-x: Operation not permitted
build	Cache Android SDK	2026-06-06T12:23:03.8274555Z /usr/bin/tar: ../../../../../usr/local/lib/android/sdk/platforms/android-35-ext15/data/res/values-mcc310-mnc210-es-rUS: Cannot utime: Operation not permitted
build	Cache Android SDK	2026-06-06T12:23:03.8275159Z /usr/bin/tar: ../../../../../usr/local/lib/android/sdk/platforms/android-35-ext15/data/res/values-mcc310-mnc210-es-rUS: Cannot change mode to rwxr-xr-x: Operation not permitted
build	Cache Android SDK	2026-06-06T12:23:03.8278869Z /usr/bin/tar: ../../../../../usr/local/lib/android/sdk/platforms/android-35-ext15/data/res/values-mcc312-mnc670-b+sr+Latn: Cannot utime: Operation not permitted
build	Cache Android SDK	2026-06-06T12:23:03.8279462Z /usr/bin/tar: ../../../../../usr/local/lib/android/sdk/platforms/android-35-ext15/data/res/values-mcc312-mnc670-b+sr+Latn: Cannot change mode to rwxr-xr-x: Operation not permitted
build	Cache Android SDK	2026-06-06T12:23:03.8287271Z /usr/bin/tar: ../../../../../usr/local/lib/android/sdk/platforms/android-35-ext15/data/res/values-mcc310-mnc210-tr: Cannot utime: Operation not permitted
build	Cache Android SDK	2026-06-06T12:23:03.8288021Z /usr/bin/tar: ../../../../../usr/local/lib/android/sdk/platforms/android-35-ext15/data/res/values-mcc310-mnc210-tr: Cannot change mode to rwxr-xr-x: Operation not permitted
build	Cache Android SDK	2026-06-06T12:23:03.8291233Z /usr/bin/tar: ../../../../../usr/local/lib/android/sdk/platforms/android-35-ext15/data/res/values-mcc302-mnc720-iw: Cannot utime: Operation not permitted
build	Cache Android SDK	2026-06-06T12:23:03.8291696Z /usr/bin/tar: ../../../../../usr/local/lib/android/sdk/platforms/android-35-ext15/data/res/values-mcc302-mnc720-iw: Cannot change mode to rwxr-xr-x: Operation not permitted
build	Cache Android SDK	2026-06-06T12:23:03.8299841Z /usr/bin/tar: ../../../../../usr/local/lib/android/sdk/platforms/android-35-ext15/data/res/values-mcc310-mnc230-eu: Cannot utime: Operation not permitted
build	Cache Android SDK	2026-06-06T12:23:03.8300421Z /usr/bin/tar: ../../../../../usr/local/lib/android/sdk/platforms/android-35-ext15/data/res/values-mcc310-mnc230-eu: Cannot change mode to rwxr-xr-x: Operation not permitted
build	Cache Android SDK	2026-06-06T12:23:03.8304139Z /usr/bin/tar: ../../../../../usr/local/lib/android/sdk/platforms/android-35-ext15/data/res/values-mcc310-mnc160-ar: Cannot utime: Operation not permitted
build	Cache Android SDK	2026-06-06T12:23:03.8304813Z /usr/bin/tar: ../../../../../usr/local/lib/android/sdk/platforms/android-35-ext15/data/res/values-mcc310-mnc160-ar: Cannot change mode to rwxr-xr-x: Operation not permitted
build	Cache Android SDK	2026-06-06T12:23:03.8311069Z /usr/bin/tar: ../../../../../usr/local/lib/android/sdk/platforms/android-35-ext15/data/res/values-cs-watch: Cannot utime: Operation not permitted
build	Cache Android SDK	2026-06-06T12:23:03.8311630Z /usr/bin/tar: ../../../../../usr/local/lib/android/sdk/platforms/android-35-ext15/data/res/values-cs-watch: Cannot change mode to rwxr-xr-x: Operation not permitted
build	Cache Android SDK	2026-06-06T12:23:03.8315110Z /usr/bin/tar: ../../../../../usr/local/lib/android/sdk/platforms/android-35-ext15/data/res/values-mcc302-mnc720-en-rCA: Cannot utime: Operation not permitted
build	Cache Android SDK	2026-06-06T12:23:03.8315717Z /usr/bin/tar: ../../../../../usr/local/lib/android/sdk/platforms/android-35-ext15/data/res/values-mcc302-mnc720-en-rCA: Cannot change mode to rwxr-xr-x: Operation not permitted
build	Cache Android SDK	2026-06-06T12:23:03.8325638Z /usr/bin/tar: ../../../../../usr/local/lib/android/sdk/platforms/android-35-ext15/data/res/values-ml: Cannot utime: Operation not permitted
build	Cache Android SDK	2026-06-06T12:23:03.8326180Z /usr/bin/tar: ../../../../../usr/local/lib/android/sdk/platforms/android-35-ext15/data/res/values-ml: Cannot change mode to rwxr-xr-x: Operation not permitted
build	Cache Android SDK	2026-06-06T12:23:03.8326943Z /usr/bin/tar: ../../../../../usr/local/lib/android/sdk/platforms/android-35-ext15/data/res/values-mcc310-mnc150-my: Cannot utime: Operation not permitted
build	Cache Android SDK	2026-06-06T12:23:03.8327597Z /usr/bin/tar: ../../../../../usr/local/lib/android/sdk/platforms/android-35-ext15/data/res/values-mcc310-mnc150-my: Cannot change mode to rwxr-xr-x: Operation not permitted
build	Cache Android SDK	2026-06-06T12:23:03.8330938Z /usr/bin/tar: ../../../../../usr/local/lib/android/sdk/platforms/android-35-ext15/data/res/values-pt-rBR-television: Cannot utime: Operation not permitted
build	Cache Android SDK	2026-06-06T12:23:03.8331417Z /usr/bin/tar: ../../../../../usr/local/lib/android/sdk/platforms/android-35-ext15/data/res/values-pt-rBR-television: Cannot change mode to rwxr-xr-x: Operation not permitted
build	Cache Android SDK	2026-06-06T12:23:03.8334144Z /usr/bin/tar: ../../../../../usr/local/lib/android/sdk/platforms/android-35-ext15/data/res/values-mcc310-mnc030-af: Cannot utime: Operation not permitted
build	Cache Android SDK	2026-06-06T12:23:03.8334604Z /usr/bin/tar: ../../../../../usr/local/lib/android/sdk/platforms/android-35-ext15/data/res/values-mcc310-mnc030-af: Cannot change mode to rwxr-xr-x: Operation not permitted
build	Cache Android SDK	2026-06-06T12:23:03.8337825Z /usr/bin/tar: ../../../../../usr/local/lib/android/sdk/platforms/android-35-ext15/data/res/values-mcc310-mnc280-ar: Cannot utime: Operation not permitted
build	Cache Android SDK	2026-06-06T12:23:03.8338292Z /usr/bin/tar: ../../../../../usr/local/lib/android/sdk/platforms/android-35-ext15/data/res/values-mcc310-mnc280-ar: Cannot change mode to rwxr-xr-x: Operation not permitted
build	Cache Android SDK	2026-06-06T12:23:03.8341615Z /usr/bin/tar: ../../../../../usr/local/lib/android/sdk/platforms/android-35-ext15/data/res/values-mcc310-mnc160-bg: Cannot utime: Operation not permitted
build	Cache Android SDK	2026-06-06T12:23:03.8342146Z /usr/bin/tar: ../../../../../usr/local/lib/android/sdk/platforms/android-35-ext15/data/res/values-mcc310-mnc160-bg: Cannot change mode to rwxr-xr-x: Operation not permitted
build	Cache Android SDK	2026-06-06T12:23:03.8345588Z /usr/bin/tar: ../../../../../usr/local/lib/android/sdk/platforms/android-35-ext15/data/res/values-ml-watch: Cannot utime: Operation not permitted
build	Cache Android SDK	2026-06-06T12:23:03.8346029Z /usr/bin/tar: ../../../../../usr/local/lib/android/sdk/platforms/android-35-ext15/data/res/values-ml-watch: Cannot change mode to rwxr-xr-x: Operation not permitted
build	Cache Android SDK	2026-06-06T12:23:03.8348954Z /usr/bin/tar: ../../../../../usr/local/lib/android/sdk/platforms/android-35-ext15/data/res/values-mcc310-mnc210-ur: Cannot utime: Operation not permitted
build	Cache Android SDK	2026-06-06T12:23:03.8349413Z /usr/bin/tar: ../../../../../usr/local/lib/android/sdk/platforms/android-35-ext15/data/res/values-mcc310-mnc210-ur: Cannot change mode to rwxr-xr-x: Operation not permitted
build	Cache Android SDK	2026-06-06T12:23:03.8352050Z /usr/bin/tar: ../../../../../usr/local/lib/android/sdk/platforms/android-35-ext15/data/res/values-mcc310-mnc240-hr: Cannot utime: Operation not permitted
build	Cache Android SDK	2026-06-06T12:23:03.8352519Z /usr/bin/tar: ../../../../../usr/local/lib/android/sdk/platforms/android-35-ext15/data/res/values-mcc310-mnc240-hr: Cannot change mode to rwxr-xr-x: Operation not permitted
build	Cache Android SDK	2026-06-06T12:23:03.8355015Z /usr/bin/tar: ../../../../../usr/local/lib/android/sdk/platforms/android-35-ext15/data/res/values-mcc310-mnc160-en-rGB: Cannot utime: Operation not permitted
build	Cache Android SDK	2026-06-06T12:23:03.8355497Z /usr/bin/tar: ../../../../../usr/local/lib/android/sdk/platforms/android-35-ext15/data/res/values-mcc310-mnc160-en-rGB: Cannot change mode to rwxr-xr-x: Operation not permitted
build	Cache Android SDK	2026-06-06T12:23:03.8357875Z /usr/bin/tar: ../../../../../usr/local/lib/android/sdk/platforms/android-35-ext15/data/res/values-fr-rCA-watch: Cannot utime: Operation not permitted
build	Cache Android SDK	2026-06-06T12:23:03.8358333Z /usr/bin/tar: ../../../../../usr/local/lib/android/sdk/platforms/android-35-ext15/data/res/values-fr-rCA-watch: Cannot change mode to rwxr-xr-x: Operation not permitted
build	Cache Android SDK	2026-06-06T12:23:03.8360670Z /usr/bin/tar: ../../../../../usr/local/lib/android/sdk/platforms/android-35-ext15/data/res/values-mcc310-mnc560-es-rUS: Cannot utime: Operation not permitted
build	Cache Android SDK	2026-06-06T12:23:03.8361147Z /usr/bin/tar: ../../../../../usr/local/lib/android/sdk/platforms/android-35-ext15/data/res/values-mcc310-mnc560-es-rUS: Cannot change mode to rwxr-xr-x: Operation not permitted
build	Cache Android SDK	2026-06-06T12:23:03.8364166Z /usr/bin/tar: ../../../../../usr/local/lib/android/sdk/platforms/android-35-ext15/data/res/values-mcc310-mnc300: Cannot utime: Operation not permitted
build	Cache Android SDK	2026-06-06T12:23:03.8364622Z /usr/bin/tar: ../../../../../usr/local/lib/android/sdk/platforms/android-35-ext15/data/res/values-mcc310-mnc300: Cannot change mode to rwxr-xr-x: Operation not permitted
build	Cache Android SDK	2026-06-06T12:23:03.8368137Z /usr/bin/tar: ../../../../../usr/local/lib/android/sdk/platforms/android-35-ext15/data/res/values-mcc310-mnc310-gu: Cannot utime: Operation not permitted
build	Cache Android SDK	2026-06-06T12:23:03.8368605Z /usr/bin/tar: ../../../../../usr/local/lib/android/sdk/platforms/android-35-ext15/data/res/values-mcc310-mnc310-gu: Cannot change mode to rwxr-xr-x: Operation not permitted
build	Cache Android SDK	2026-06-06T12:23:03.8371238Z /usr/bin/tar: ../../../../../usr/local/lib/android/sdk/platforms/android-35-ext15/data/res/values-mcc310-mnc560-en-rIN: Cannot utime: Operation not permitted
build	Cache Android SDK	2026-06-06T12:23:03.8371709Z /usr/bin/tar: ../../../../../usr/local/lib/android/sdk/platforms/android-35-ext15/data/res/values-mcc310-mnc560-en-rIN: Cannot change mode to rwxr-xr-x: Operation not permitted
build	Cache Android SDK	2026-06-06T12:23:03.8375335Z /usr/bin/tar: ../../../../../usr/local/lib/android/sdk/platforms/android-35-ext15/data/res/values-mcc310-mnc280-da: Cannot utime: Operation not permitted
build	Cache Android SDK	2026-06-06T12:23:03.8375795Z /usr/bin/tar: ../../../../../usr/local/lib/android/sdk/platforms/android-35-ext15/data/res/values-mcc310-mnc280-da: Cannot change mode to rwxr-xr-x: Operation not permitted
build	Cache Android SDK	2026-06-06T12:23:03.8379342Z /usr/bin/tar: ../../../../../usr/local/lib/android/sdk/platforms/android-35-ext15/data/res/values-mcc311-mnc180-fr: Cannot utime: Operation not permitted
build	Cache Android SDK	2026-06-06T12:23:03.8379871Z /usr/bin/tar: ../../../../../usr/local/lib/android/sdk/platforms/android-35-ext15/data/res/values-mcc311-mnc180-fr: Cannot change mode to rwxr-xr-x: Operation not permitted
build	Cache Android SDK	2026-06-06T12:23:03.8383192Z /usr/bin/tar: ../../../../../usr/local/lib/android/sdk/platforms/android-35-ext15/data/res/values-mcc310-mnc310-ms: Cannot utime: Operation not permitted
build	Cache Android SDK	2026-06-06T12:23:03.8383649Z /usr/bin/tar: ../../../../../usr/local/lib/android/sdk/platforms/android-35-ext15/data/res/values-mcc310-mnc310-ms: Cannot change mode to rwxr-xr-x: Operation not permitted
build	Cache Android SDK	2026-06-06T12:23:03.8388206Z /usr/bin/tar: ../../../../../usr/local/lib/android/sdk/platforms/android-35-ext15/data/res/values-mcc310-mnc170-te: Cannot utime: Operation not permitted
build	Cache Android SDK	2026-06-06T12:23:03.8388949Z /usr/bin/tar: ../../../../../usr/local/lib/android/sdk/platforms/android-35-ext15/data/res/values-mcc310-mnc170-te: Cannot change mode to rwxr-xr-x: Operation not permitted
build	Cache Android SDK	2026-06-06T12:23:03.8391914Z /usr/bin/tar: ../../../../../usr/local/lib/android/sdk/platforms/android-35-ext15/data/res/values-mcc001-mnc01-te: Cannot utime: Operation not permitted
build	Cache Android SDK	2026-06-06T12:23:03.8392382Z /usr/bin/tar: ../../../../../usr/local/lib/android/sdk/platforms/android-35-ext15/data/res/values-mcc001-mnc01-te: Cannot change mode to rwxr-xr-x: Operation not permitted
build	Cache Android SDK	2026-06-06T12:23:03.8395401Z /usr/bin/tar: ../../../../../usr/local/lib/android/sdk/platforms/android-35-ext15/data/res/values-mcc310-mnc310-mr: Cannot utime: Operation not permitted
build	Cache Android SDK	2026-06-06T12:23:03.8395850Z /usr/bin/tar: ../../../../../usr/local/lib/android/sdk/platforms/android-35-ext15/data/res/values-mcc310-mnc310-mr: Cannot change mode to rwxr-xr-x: Operation not permitted
build	Cache Android SDK	2026-06-06T12:23:03.8398491Z /usr/bin/tar: ../../../../../usr/local/lib/android/sdk/platforms/android-35-ext15/data/res/values-mcc310-mnc660-tr: Cannot utime: Operation not permitted
build	Cache Android SDK	2026-06-06T12:23:03.8398953Z /usr/bin/tar: ../../../../../usr/local/lib/android/sdk/platforms/android-35-ext15/data/res/values-mcc310-mnc660-tr: Cannot change mode to rwxr-xr-x: Operation not permitted
build	Cache Android SDK	2026-06-06T12:23:03.8405765Z /usr/bin/tar: ../../../../../usr/local/lib/android/sdk/platforms/android-35-ext15/data/res/values-mcc302-mnc370-iw: Cannot utime: Operation not permitted
build	Cache Android SDK	2026-06-06T12:23:03.8406414Z /usr/bin/tar: ../../../../../usr/local/lib/android/sdk/platforms/android-35-ext15/data/res/values-mcc302-mnc370-iw: Cannot change mode to rwxr-xr-x: Operation not permitted
build	Cache Android SDK	2026-06-06T12:23:03.8413395Z /usr/bin/tar: ../../../../../usr/local/lib/android/sdk/platforms/android-35-ext15/data/res/values-mcc334-mnc020-tr: Cannot utime: Operation not permitted
build	Cache Android SDK	2026-06-06T12:23:03.8413986Z /usr/bin/tar: ../../../../../usr/local/lib/android/sdk/platforms/android-35-ext15/data/res/values-mcc334-mnc020-tr: Cannot change mode to rwxr-xr-x: Operation not permitted
build	Cache Android SDK	2026-06-06T12:23:03.8417735Z /usr/bin/tar: ../../../../../usr/local/lib/android/sdk/platforms/android-35-ext15/data/res/values-mcc310-mnc030-in: Cannot utime: Operation not permitted
build	Cache Android SDK	2026-06-06T12:23:03.8418300Z /usr/bin/tar: ../../../../../usr/local/lib/android/sdk/platforms/android-35-ext15/data/res/values-mcc310-mnc030-in: Cannot change mode to rwxr-xr-x: Operation not permitted
build	Cache Android SDK	2026-06-06T12:23:03.8422149Z /usr/bin/tar: ../../../../../usr/local/lib/android/sdk/platforms/android-35-ext15/data/res/values-mcc310-mnc310-ne: Cannot utime: Operation not permitted
build	Cache Android SDK	2026-06-06T12:23:03.8422760Z /usr/bin/tar: ../../../../../usr/local/lib/android/sdk/platforms/android-35-ext15/data/res/values-mcc310-mnc310-ne: Cannot change mode to rwxr-xr-x: Operation not permitted
build	Cache Android SDK	2026-06-06T12:23:03.8426249Z /usr/bin/tar: ../../../../../usr/local/lib/android/sdk/platforms/android-35-ext15/data/res/values-mcc310-mnc240-de: Cannot utime: Operation not permitted
build	Cache Android SDK	2026-06-06T12:23:03.8426726Z /usr/bin/tar: ../../../../../usr/local/lib/android/sdk/platforms/android-35-ext15/data/res/values-mcc310-mnc240-de: Cannot change mode to rwxr-xr-x: Operation not permitted
build	Cache Android SDK	2026-06-06T12:23:03.8430520Z /usr/bin/tar: ../../../../../usr/local/lib/android/sdk/platforms/android-35-ext15/data/res/values-mcc310-mnc490-bn: Cannot utime: Operation not permitted
build	Cache Android SDK	2026-06-06T12:23:03.8430990Z /usr/bin/tar: ../../../../../usr/local/lib/android/sdk/platforms/android-35-ext15/data/res/values-mcc310-mnc490-bn: Cannot change mode to rwxr-xr-x: Operation not permitted
build	Cache Android SDK	2026-06-06T12:23:03.8434165Z /usr/bin/tar: ../../../../../usr/local/lib/android/sdk/platforms/android-35-ext15/data/res/values-mcc310-mnc280-sq: Cannot utime: Operation not permitted
build	Cache Android SDK	2026-06-06T12:23:03.8434647Z /usr/bin/tar: ../../../../../usr/local/lib/android/sdk/platforms/android-35-ext15/data/res/values-mcc310-mnc280-sq: Cannot change mode to rwxr-xr-x: Operation not permitted
build	Cache Android SDK	2026-06-06T12:23:03.8438107Z /usr/bin/tar: ../../../../../usr/local/lib/android/sdk/platforms/android-35-ext15/data/res/values-mcc310-mnc380-si: Cannot utime: Operation not permitted
build	Cache Android SDK	2026-06-06T12:23:03.8438659Z /usr/bin/tar: ../../../../../usr/local/lib/android/sdk/platforms/android-35-ext15/data/res/values-mcc310-mnc380-si: Cannot change mode to rwxr-xr-x: Operation not permitted
build	Cache Android SDK	2026-06-06T12:23:03.8441832Z /usr/bin/tar: ../../../../../usr/local/lib/android/sdk/platforms/android-35-ext15/data/res/values-mcc313-mnc100-zh-rTW: Cannot utime: Operation not permitted
build	Cache Android SDK	2026-06-06T12:23:03.8442327Z /usr/bin/tar: ../../../../../usr/local/lib/android/sdk/platforms/android-35-ext15/data/res/values-mcc313-mnc100-zh-rTW: Cannot change mode to rwxr-xr-x: Operation not permitted
build	Cache Android SDK	2026-06-06T12:23:03.8445301Z /usr/bin/tar: ../../../../../usr/local/lib/android/sdk/platforms/android-35-ext15/data/res/values-mcc310-mnc250-pt-rBR: Cannot utime: Operation not permitted
build	Cache Android SDK	2026-06-06T12:23:03.8445786Z /usr/bin/tar: ../../../../../usr/local/lib/android/sdk/platforms/android-35-ext15/data/res/values-mcc310-mnc250-pt-rBR: Cannot change mode to rwxr-xr-x: Operation not permitted
build	Cache Android SDK	2026-06-06T12:23:03.8449297Z /usr/bin/tar: ../../../../../usr/local/lib/android/sdk/platforms/android-35-ext15/data/res/values-mcc310-mnc310-kn: Cannot utime: Operation not permitted
build	Cache Android SDK	2026-06-06T12:23:03.8449766Z /usr/bin/tar: ../../../../../usr/local/lib/android/sdk/platforms/android-35-ext15/data/res/values-mcc310-mnc310-kn: Cannot change mode to rwxr-xr-x: Operation not permitted
build	Cache Android SDK	2026-06-06T12:23:03.8453933Z /usr/bin/tar: ../../../../../usr/local/lib/android/sdk/platforms/android-35-ext15/data/res/values-mcc310-mnc230-sk: Cannot utime: Operation not permitted
build	Cache Android SDK	2026-06-06T12:23:03.8454495Z /usr/bin/tar: ../../../../../usr/local/lib/android/sdk/platforms/android-35-ext15/data/res/values-mcc310-mnc230-sk: Cannot change mode to rwxr-xr-x: Operation not permitted
build	Cache Android SDK	2026-06-06T12:23:03.8460191Z /usr/bin/tar: ../../../../../usr/local/lib/android/sdk/platforms/android-35-ext15/data/res/values-mcc310-mnc800-ne: Cannot utime: Operation not permitted
build	Cache Android SDK	2026-06-06T12:23:03.8460661Z /usr/bin/tar: ../../../../../usr/local/lib/android/sdk/platforms/android-35-ext15/data/res/values-mcc310-mnc800-ne: Cannot change mode to rwxr-xr-x: Operation not permitted
build	Cache Android SDK	2026-06-06T12:23:03.8463532Z /usr/bin/tar: ../../../../../usr/local/lib/android/sdk/platforms/android-35-ext15/data/res/values-mcc310-mnc220-mk: Cannot utime: Operation not permitted
build	Cache Android SDK	2026-06-06T12:23:03.8463995Z /usr/bin/tar: ../../../../../usr/local/lib/android/sdk/platforms/android-35-ext15/data/res/values-mcc310-mnc220-mk: Cannot change mode to rwxr-xr-x: Operation not permitted
build	Cache Android SDK	2026-06-06T12:23:03.8467115Z /usr/bin/tar: ../../../../../usr/local/lib/android/sdk/platforms/android-35-ext15/data/res/values-mcc312-mnc670-lt: Cannot utime: Operation not permitted
build	Cache Android SDK	2026-06-06T12:23:03.8467773Z /usr/bin/tar: ../../../../../usr/local/lib/android/sdk/platforms/android-35-ext15/data/res/values-mcc312-mnc670-lt: Cannot change mode to rwxr-xr-x: Operation not permitted
build	Cache Android SDK	2026-06-06T12:23:03.8470199Z /usr/bin/tar: ../../../../../usr/local/lib/android/sdk/platforms/android-35-ext15/data/res/values-mcc310-mnc950-fi: Cannot utime: Operation not permitted
build	Cache Android SDK	2026-06-06T12:23:03.8470742Z /usr/bin/tar: ../../../../../usr/local/lib/android/sdk/platforms/android-35-ext15/data/res/values-mcc310-mnc950-fi: Cannot change mode to rwxr-xr-x: Operation not permitted
build	Cache Android SDK	2026-06-06T12:23:03.8474000Z /usr/bin/tar: ../../../../../usr/local/lib/android/sdk/platforms/android-35-ext15/data/res/values-mcc302-mnc720-zh-rTW: Cannot utime: Operation not permitted
build	Cache Android SDK	2026-06-06T12:23:03.8474499Z /usr/bin/tar: ../../../../../usr/local/lib/android/sdk/platforms/android-35-ext15/data/res/values-mcc302-mnc720-zh-rTW: Cannot change mode to rwxr-xr-x: Operation not permitted
build	Cache Android SDK	2026-06-06T12:23:03.8477532Z /usr/bin/tar: ../../../../../usr/local/lib/android/sdk/platforms/android-35-ext15/data/res/values-mcc302-mnc370-te: Cannot utime: Operation not permitted
build	Cache Android SDK	2026-06-06T12:23:03.8478040Z /usr/bin/tar: ../../../../../usr/local/lib/android/sdk/platforms/android-35-ext15/data/res/values-mcc302-mnc370-te: Cannot change mode to rwxr-xr-x: Operation not permitted
build	Cache Android SDK	2026-06-06T12:23:03.8483879Z /usr/bin/tar: ../../../../../usr/local/lib/android/sdk/platforms/android-35-ext15/data/res/values-ms: Cannot utime: Operation not permitted
build	Cache Android SDK	2026-06-06T12:23:03.8484315Z /usr/bin/tar: ../../../../../usr/local/lib/android/sdk/platforms/android-35-ext15/data/res/values-ms: Cannot change mode to rwxr-xr-x: Operation not permitted
build	Cache Android SDK	2026-06-06T12:23:03.8488105Z /usr/bin/tar: ../../../../../usr/local/lib/android/sdk/platforms/android-35-ext15/data/res/values-mcc310-mnc270-pt: Cannot utime: Operation not permitted
build	Cache Android SDK	2026-06-06T12:23:03.8488591Z /usr/bin/tar: ../../../../../usr/local/lib/android/sdk/platforms/android-35-ext15/data/res/values-mcc310-mnc270-pt: Cannot change mode to rwxr-xr-x: Operation not permitted
build	Cache Android SDK	2026-06-06T12:23:03.8491170Z /usr/bin/tar: ../../../../../usr/local/lib/android/sdk/platforms/android-35-ext15/data/res/values-mcc310-mnc310-kk: Cannot utime: Operation not permitted
build	Cache Android SDK	2026-06-06T12:23:03.8491634Z /usr/bin/tar: ../../../../../usr/local/lib/android/sdk/platforms/android-35-ext15/data/res/values-mcc310-mnc310-kk: Cannot change mode to rwxr-xr-x: Operation not permitted
build	Cache Android SDK	2026-06-06T12:23:03.8494487Z /usr/bin/tar: ../../../../../usr/local/lib/android/sdk/platforms/android-35-ext15/data/res/raw-pt-rBR: Cannot utime: Operation not permitted
build	Cache Android SDK	2026-06-06T12:23:03.8494912Z /usr/bin/tar: ../../../../../usr/local/lib/android/sdk/platforms/android-35-ext15/data/res/raw-pt-rBR: Cannot change mode to rwxr-xr-x: Operation not permitted
build	Cache Android SDK	2026-06-06T12:23:03.8497886Z /usr/bin/tar: ../../../../../usr/local/lib/android/sdk/platforms/android-35-ext15/data/res/values-mcc310-mnc160-fi: Cannot utime: Operation not permitted
build	Cache Android SDK	2026-06-06T12:23:03.8498352Z /usr/bin/tar: ../../../../../usr/local/lib/android/sdk/platforms/android-35-ext15/data/res/values-mcc310-mnc160-fi: Cannot change mode to rwxr-xr-x: Operation not permitted
build	Cache Android SDK	2026-06-06T12:23:03.8501232Z /usr/bin/tar: ../../../../../usr/local/lib/android/sdk/platforms/android-35-ext15/data/res/values-mcc310-mnc950-da: Cannot utime: Operation not permitted
build	Cache Android SDK	2026-06-06T12:23:03.8501693Z /usr/bin/tar: ../../../../../usr/local/lib/android/sdk/platforms/android-35-ext15/data/res/values-mcc310-mnc950-da: Cannot change mode to rwxr-xr-x: Operation not permitted
build	Cache Android SDK	2026-06-06T12:23:03.8504735Z /usr/bin/tar: ../../../../../usr/local/lib/android/sdk/platforms/android-35-ext15/data/res/values-mcc310-mnc220-fi: Cannot utime: Operation not permitted
build	Cache Android SDK	2026-06-06T12:23:03.8505206Z /usr/bin/tar: ../../../../../usr/local/lib/android/sdk/platforms/android-35-ext15/data/res/values-mcc310-mnc220-fi: Cannot change mode to rwxr-xr-x: Operation not permitted
build	Cache Android SDK	2026-06-06T12:23:03.8508600Z /usr/bin/tar: ../../../../../usr/local/lib/android/sdk/platforms/android-35-ext15/data/res/values-mcc310-mnc210-it: Cannot utime: Operation not permitted
build	Cache Android SDK	2026-06-06T12:23:03.8509060Z /usr/bin/tar: ../../../../../usr/local/lib/android/sdk/platforms/android-35-ext15/data/res/values-mcc310-mnc210-it: Cannot change mode to rwxr-xr-x: Operation not permitted
build	Cache Android SDK	2026-06-06T12:23:03.8511932Z /usr/bin/tar: ../../../../../usr/local/lib/android/sdk/platforms/android-35-ext15/data/res/values-mcc310-mnc490-lt: Cannot utime: Operation not permitted
build	Cache Android SDK	2026-06-06T12:23:03.8512446Z /usr/bin/tar: ../../../../../usr/local/lib/android/sdk/platforms/android-35-ext15/data/res/values-mcc310-mnc490-lt: Cannot change mode to rwxr-xr-x: Operation not permitted
build	Cache Android SDK	2026-06-06T12:23:03.8515294Z /usr/bin/tar: ../../../../../usr/local/lib/android/sdk/platforms/android-35-ext15/data/res/values-mcc310-mnc220-bg: Cannot utime: Operation not permitted
build	Cache Android SDK	2026-06-06T12:23:03.8515758Z /usr/bin/tar: ../../../../../usr/local/lib/android/sdk/platforms/android-35-ext15/data/res/values-mcc310-mnc220-bg: Cannot change mode to rwxr-xr-x: Operation not permitted
build	Cache Android SDK	2026-06-06T12:23:03.8518679Z /usr/bin/tar: ../../../../../usr/local/lib/android/sdk/platforms/android-35-ext15/data/res/values-mcc334-mnc020-ms: Cannot utime: Operation not permitted
build	Cache Android SDK	2026-06-06T12:23:03.8519196Z /usr/bin/tar: ../../../../../usr/local/lib/android/sdk/platforms/android-35-ext15/data/res/values-mcc334-mnc020-ms: Cannot change mode to rwxr-xr-x: Operation not permitted
build	Cache Android SDK	2026-06-06T12:23:03.8521757Z /usr/bin/tar: ../../../../../usr/local/lib/android/sdk/platforms/android-35-ext15/data/res/values-mcc310-mnc950-or: Cannot utime: Operation not permitted
build	Cache Android SDK	2026-06-06T12:23:03.8522210Z /usr/bin/tar: ../../../../../usr/local/lib/android/sdk/platforms/android-35-ext15/data/res/values-mcc310-mnc950-or: Cannot change mode to rwxr-xr-x: Operation not permitted
build	Cache Android SDK	2026-06-06T12:23:03.8524785Z /usr/bin/tar: ../../../../../usr/local/lib/android/sdk/platforms/android-35-ext15/data/res/values-mcc310-mnc800-eu: Cannot utime: Operation not permitted
build	Cache Android SDK	2026-06-06T12:23:03.8525241Z /usr/bin/tar: ../../../../../usr/local/lib/android/sdk/platforms/android-35-ext15/data/res/values-mcc310-mnc800-eu: Cannot change mode to rwxr-xr-x: Operation not permitted
build	Cache Android SDK	2026-06-06T12:23:03.8528100Z /usr/bin/tar: ../../../../../usr/local/lib/android/sdk/platforms/android-35-ext15/data/res/values-mcc310-mnc030-lv: Cannot utime: Operation not permitted
build	Cache Android SDK	2026-06-06T12:23:03.8528568Z /usr/bin/tar: ../../../../../usr/local/lib/android/sdk/platforms/android-35-ext15/data/res/values-mcc310-mnc030-lv: Cannot change mode to rwxr-xr-x: Operation not permitted
build	Cache Android SDK	2026-06-06T12:23:03.8531506Z /usr/bin/tar: ../../../../../usr/local/lib/android/sdk/platforms/android-35-ext15/data/res/values-mcc311-mnc180-da: Cannot utime: Operation not permitted
build	Cache Android SDK	2026-06-06T12:23:03.8532052Z /usr/bin/tar: ../../../../../usr/local/lib/android/sdk/platforms/android-35-ext15/data/res/values-mcc311-mnc180-da: Cannot change mode to rwxr-xr-x: Operation not permitted
build	Cache Android SDK	2026-06-06T12:23:03.8534669Z /usr/bin/tar: ../../../../../usr/local/lib/android/sdk/platforms/android-35-ext15/data/res/values-mcc310-mnc210-my: Cannot utime: Operation not permitted
build	Cache Android SDK	2026-06-06T12:23:03.8535130Z /usr/bin/tar: ../../../../../usr/local/lib/android/sdk/platforms/android-35-ext15/data/res/values-mcc310-mnc210-my: Cannot change mode to rwxr-xr-x: Operation not permitted
build	Cache Android SDK	2026-06-06T12:23:03.8539258Z /usr/bin/tar: ../../../../../usr/local/lib/android/sdk/platforms/android-35-ext15/data/res/values-mcc310-mnc660: Cannot utime: Operation not permitted
build	Cache Android SDK	2026-06-06T12:23:03.8539715Z /usr/bin/tar: ../../../../../usr/local/lib/android/sdk/platforms/android-35-ext15/data/res/values-mcc310-mnc660: Cannot change mode to rwxr-xr-x: Operation not permitted
build	Cache Android SDK	2026-06-06T12:23:03.8542738Z /usr/bin/tar: ../../../../../usr/local/lib/android/sdk/platforms/android-35-ext15/data/res/values-mcc312-mnc670-eu: Cannot utime: Operation not permitted
build	Cache Android SDK	2026-06-06T12:23:03.8543279Z /usr/bin/tar: ../../../../../usr/local/lib/android/sdk/platforms/android-35-ext15/data/res/values-mcc312-mnc670-eu: Cannot change mode to rwxr-xr-x: Operation not permitted
build	Cache Android SDK	2026-06-06T12:23:03.8545776Z /usr/bin/tar: ../../../../../usr/local/lib/android/sdk/platforms/android-35-ext15/data/res/values-uk-television: Cannot utime: Operation not permitted
build	Cache Android SDK	2026-06-06T12:23:03.8546233Z /usr/bin/tar: ../../../../../usr/local/lib/android/sdk/platforms/android-35-ext15/data/res/values-uk-television: Cannot change mode to rwxr-xr-x: Operation not permitted
build	Cache Android SDK	2026-06-06T12:23:03.8549061Z /usr/bin/tar: ../../../../../usr/local/lib/android/sdk/platforms/android-35-ext15/data/res/values-mcc310-mnc950-en-rCA: Cannot utime: Operation not permitted
build	Cache Android SDK	2026-06-06T12:23:03.8549539Z /usr/bin/tar: ../../../../../usr/local/lib/android/sdk/platforms/android-35-ext15/data/res/values-mcc310-mnc950-en-rCA: Cannot change mode to rwxr-xr-x: Operation not permitted
build	Cache Android SDK	2026-06-06T12:23:03.8552349Z /usr/bin/tar: ../../../../../usr/local/lib/android/sdk/platforms/android-35-ext15/data/res/values-mcc310-mnc560-et: Cannot utime: Operation not permitted
build	Cache Android SDK	2026-06-06T12:23:03.8552817Z /usr/bin/tar: ../../../../../usr/local/lib/android/sdk/platforms/android-35-ext15/data/res/values-mcc310-mnc560-et: Cannot change mode to rwxr-xr-x: Operation not permitted
build	Cache Android SDK	2026-06-06T12:23:03.8555845Z /usr/bin/tar: ../../../../../usr/local/lib/android/sdk/platforms/android-35-ext15/data/res/values-mcc310-mnc560: Cannot utime: Operation not permitted
build	Cache Android SDK	2026-06-06T12:23:03.8556421Z /usr/bin/tar: ../../../../../usr/local/lib/android/sdk/platforms/android-35-ext15/data/res/values-mcc310-mnc560: Cannot change mode to rwxr-xr-x: Operation not permitted
build	Cache Android SDK	2026-06-06T12:23:03.8558753Z /usr/bin/tar: ../../../../../usr/local/lib/android/sdk/platforms/android-35-ext15/data/res/values-mcc310-mnc660-eu: Cannot utime: Operation not permitted
build	Cache Android SDK	2026-06-06T12:23:03.8570951Z /usr/bin/tar: ../../../../../usr/local/lib/android/sdk/platforms/android-35-ext15/data/res/values-mcc310-mnc660-eu: Cannot change mode to rwxr-xr-x: Operation not permitted
build	Cache Android SDK	2026-06-06T12:23:03.8571874Z /usr/bin/tar: ../../../../../usr/local/lib/android/sdk/platforms/android-35-ext15/data/res/values-mcc310-mnc150-uz: Cannot utime: Operation not permitted
build	Cache Android SDK	2026-06-06T12:23:03.8572561Z /usr/bin/tar: ../../../../../usr/local/lib/android/sdk/platforms/android-35-ext15/data/res/values-mcc310-mnc150-uz: Cannot change mode to rwxr-xr-x: Operation not permitted
build	Cache Android SDK	2026-06-06T12:23:03.8573177Z /usr/bin/tar: ../../../../../usr/local/lib/android/sdk/platforms/android-35-ext15/data/res/values-mcc302-mnc370-lo: Cannot utime: Operation not permitted
build	Cache Android SDK	2026-06-06T12:23:03.8573758Z /usr/bin/tar: ../../../../../usr/local/lib/android/sdk/platforms/android-35-ext15/data/res/values-mcc302-mnc370-lo: Cannot change mode to rwxr-xr-x: Operation not permitted
build	Cache Android SDK	2026-06-06T12:23:03.8574412Z /usr/bin/tar: ../../../../../usr/local/lib/android/sdk/platforms/android-35-ext15/data/res/values-mcc310-mnc380-tl: Cannot utime: Operation not permitted
build	Cache Android SDK	2026-06-06T12:23:03.8575076Z /usr/bin/tar: ../../../../../usr/local/lib/android/sdk/platforms/android-35-ext15/data/res/values-mcc310-mnc380-tl: Cannot change mode to rwxr-xr-x: Operation not permitted
build	Cache Android SDK	2026-06-06T12:23:03.8577232Z /usr/bin/tar: ../../../../../usr/local/lib/android/sdk/platforms/android-35-ext15/data/res/values-fi-rFI: Cannot utime: Operation not permitted
build	Cache Android SDK	2026-06-06T12:23:03.8578046Z /usr/bin/tar: ../../../../../usr/local/lib/android/sdk/platforms/android-35-ext15/data/res/values-fi-rFI: Cannot change mode to rwxr-xr-x: Operation not permitted
build	Cache Android SDK	2026-06-06T12:23:03.8581608Z /usr/bin/tar: ../../../../../usr/local/lib/android/sdk/platforms/android-35-ext15/data/res/values-mcc310-mnc280-vi: Cannot utime: Operation not permitted
build	Cache Android SDK	2026-06-06T12:23:03.8582174Z /usr/bin/tar: ../../../../../usr/local/lib/android/sdk/platforms/android-35-ext15/data/res/values-mcc310-mnc280-vi: Cannot change mode to rwxr-xr-x: Operation not permitted
build	Cache Android SDK	2026-06-06T12:23:03.8586487Z /usr/bin/tar: ../../../../../usr/local/lib/android/sdk/platforms/android-35-ext15/data/res/values-mcc310-mnc280-ru: Cannot utime: Operation not permitted
build	Cache Android SDK	2026-06-06T12:23:03.8586971Z /usr/bin/tar: ../../../../../usr/local/lib/android/sdk/platforms/android-35-ext15/data/res/values-mcc310-mnc280-ru: Cannot change mode to rwxr-xr-x: Operation not permitted
build	Cache Android SDK	2026-06-06T12:23:03.8590423Z /usr/bin/tar: ../../../../../usr/local/lib/android/sdk/platforms/android-35-ext15/data/res/values-mcc310-mnc800-in: Cannot utime: Operation not permitted
build	Cache Android SDK	2026-06-06T12:23:03.8590969Z /usr/bin/tar: ../../../../../usr/local/lib/android/sdk/platforms/android-35-ext15/data/res/values-mcc310-mnc800-in: Cannot change mode to rwxr-xr-x: Operation not permitted
build	Cache Android SDK	2026-06-06T12:23:03.8593635Z /usr/bin/tar: ../../../../../usr/local/lib/android/sdk/platforms/android-35-ext15/data/res/values-mcc310-mnc490-tr: Cannot utime: Operation not permitted
build	Cache Android SDK	2026-06-06T12:23:03.8594095Z /usr/bin/tar: ../../../../../usr/local/lib/android/sdk/platforms/android-35-ext15/data/res/values-mcc310-mnc490-tr: Cannot change mode to rwxr-xr-x: Operation not permitted
build	Cache Android SDK	2026-06-06T12:23:03.8596568Z /usr/bin/tar: ../../../../../usr/local/lib/android/sdk/platforms/android-35-ext15/data/res/values-mcc310-mnc380-bg: Cannot utime: Operation not permitted
build	Cache Android SDK	2026-06-06T12:23:03.8597027Z /usr/bin/tar: ../../../../../usr/local/lib/android/sdk/platforms/android-35-ext15/data/res/values-mcc310-mnc380-bg: Cannot change mode to rwxr-xr-x: Operation not permitted
build	Cache Android SDK	2026-06-06T12:23:03.8600485Z /usr/bin/tar: ../../../../../usr/local/lib/android/sdk/platforms/android-35-ext15/data/res/values-mcc302-mnc370-km: Cannot utime: Operation not permitted
build	Cache Android SDK	2026-06-06T12:23:03.8600952Z /usr/bin/tar: ../../../../../usr/local/lib/android/sdk/platforms/android-35-ext15/data/res/values-mcc302-mnc370-km: Cannot change mode to rwxr-xr-x: Operation not permitted
build	Cache Android SDK	2026-06-06T12:23:03.8604569Z /usr/bin/tar: ../../../../../usr/local/lib/android/sdk/platforms/android-35-ext15/data/res/values-mcc310-mnc170-si: Cannot utime: Operation not permitted
build	Cache Android SDK	2026-06-06T12:23:03.8605025Z /usr/bin/tar: ../../../../../usr/local/lib/android/sdk/platforms/android-35-ext15/data/res/values-mcc310-mnc170-si: Cannot change mode to rwxr-xr-x: Operation not permitted
build	Cache Android SDK	2026-06-06T12:23:03.8609046Z /usr/bin/tar: ../../../../../usr/local/lib/android/sdk/platforms/android-35-ext15/data/res/values-de-rLI: Cannot utime: Operation not permitted
build	Cache Android SDK	2026-06-06T12:23:03.8609491Z /usr/bin/tar: ../../../../../usr/local/lib/android/sdk/platforms/android-35-ext15/data/res/values-de-rLI: Cannot change mode to rwxr-xr-x: Operation not permitted
build	Cache Android SDK	2026-06-06T12:23:03.8613392Z /usr/bin/tar: ../../../../../usr/local/lib/android/sdk/platforms/android-35-ext15/data/res/values-mcc310-mnc200-pl: Cannot utime: Operation not permitted
build	Cache Android SDK	2026-06-06T12:23:03.8613857Z /usr/bin/tar: ../../../../../usr/local/lib/android/sdk/platforms/android-35-ext15/data/res/values-mcc310-mnc200-pl: Cannot change mode to rwxr-xr-x: Operation not permitted
build	Cache Android SDK	2026-06-06T12:23:03.8616651Z /usr/bin/tar: ../../../../../usr/local/lib/android/sdk/platforms/android-35-ext15/data/res/values-mcc001-mnc01-en-rCA: Cannot utime: Operation not permitted
build	Cache Android SDK	2026-06-06T12:23:03.8617140Z /usr/bin/tar: ../../../../../usr/local/lib/android/sdk/platforms/android-35-ext15/data/res/values-mcc001-mnc01-en-rCA: Cannot change mode to rwxr-xr-x: Operation not permitted
build	Cache Android SDK	2026-06-06T12:23:03.8620954Z /usr/bin/tar: ../../../../../usr/local/lib/android/sdk/platforms/android-35-ext15/data/res/values-mcc310-mnc170-tr: Cannot utime: Operation not permitted
build	Cache Android SDK	2026-06-06T12:23:03.8621427Z /usr/bin/tar: ../../../../../usr/local/lib/android/sdk/platforms/android-35-ext15/data/res/values-mcc310-mnc170-tr: Cannot change mode to rwxr-xr-x: Operation not permitted
build	Cache Android SDK	2026-06-06T12:23:03.8624842Z /usr/bin/tar: ../../../../../usr/local/lib/android/sdk/platforms/android-35-ext15/data/res/values-mcc310-mnc490-nl: Cannot utime: Operation not permitted
build	Cache Android SDK	2026-06-06T12:23:03.8625315Z /usr/bin/tar: ../../../../../usr/local/lib/android/sdk/platforms/android-35-ext15/data/res/values-mcc310-mnc490-nl: Cannot change mode to rwxr-xr-x: Operation not permitted
build	Cache Android SDK	2026-06-06T12:23:03.8628635Z /usr/bin/tar: ../../../../../usr/local/lib/android/sdk/platforms/android-35-ext15/data/res/values-mcc310-mnc030-ne: Cannot utime: Operation not permitted
build	Cache Android SDK	2026-06-06T12:23:03.8629095Z /usr/bin/tar: ../../../../../usr/local/lib/android/sdk/platforms/android-35-ext15/data/res/values-mcc310-mnc030-ne: Cannot change mode to rwxr-xr-x: Operation not permitted
build	Cache Android SDK	2026-06-06T12:23:03.8632441Z /usr/bin/tar: ../../../../../usr/local/lib/android/sdk/platforms/android-35-ext15/data/res/values-mcc310-mnc150-lo: Cannot utime: Operation not permitted
build	Cache Android SDK	2026-06-06T12:23:03.8632981Z /usr/bin/tar: ../../../../../usr/local/lib/android/sdk/platforms/android-35-ext15/data/res/values-mcc310-mnc150-lo: Cannot change mode to rwxr-xr-x: Operation not permitted
build	Cache Android SDK	2026-06-06T12:23:03.8636811Z /usr/bin/tar: ../../../../../usr/local/lib/android/sdk/platforms/android-35-ext15/data/res/values-mcc310-mnc800-iw: Cannot utime: Operation not permitted
build	Cache Android SDK	2026-06-06T12:23:03.8637278Z /usr/bin/tar: ../../../../../usr/local/lib/android/sdk/platforms/android-35-ext15/data/res/values-mcc310-mnc800-iw: Cannot change mode to rwxr-xr-x: Operation not permitted
build	Cache Android SDK	2026-06-06T12:23:03.8643995Z /usr/bin/tar: ../../../../../usr/local/lib/android/sdk/platforms/android-35-ext15/data/res/values-mcc310-mnc250-sq: Cannot utime: Operation not permitted
build	Cache Android SDK	2026-06-06T12:23:03.8644454Z /usr/bin/tar: ../../../../../usr/local/lib/android/sdk/platforms/android-35-ext15/data/res/values-mcc310-mnc250-sq: Cannot change mode to rwxr-xr-x: Operation not permitted
build	Cache Android SDK	2026-06-06T12:23:03.8646882Z /usr/bin/tar: ../../../../../usr/local/lib/android/sdk/platforms/android-35-ext15/data/res/values-mcc310-mnc150-ka: Cannot utime: Operation not permitted
build	Cache Android SDK	2026-06-06T12:23:03.8647462Z /usr/bin/tar: ../../../../../usr/local/lib/android/sdk/platforms/android-35-ext15/data/res/values-mcc310-mnc150-ka: Cannot change mode to rwxr-xr-x: Operation not permitted
build	Cache Android SDK	2026-06-06T12:23:03.8650528Z /usr/bin/tar: ../../../../../usr/local/lib/android/sdk/platforms/android-35-ext15/data/res/values-h320dp: Cannot utime: Operation not permitted
build	Cache Android SDK	2026-06-06T12:23:03.8651104Z /usr/bin/tar: ../../../../../usr/local/lib/android/sdk/platforms/android-35-ext15/data/res/values-h320dp: Cannot change mode to rwxr-xr-x: Operation not permitted
build	Cache Android SDK	2026-06-06T12:23:03.8656831Z /usr/bin/tar: ../../../../../usr/local/lib/android/sdk/platforms/android-35-ext15/data/res/values-television: Cannot utime: Operation not permitted
build	Cache Android SDK	2026-06-06T12:23:03.8657287Z /usr/bin/tar: ../../../../../usr/local/lib/android/sdk/platforms/android-35-ext15/data/res/values-television: Cannot change mode to rwxr-xr-x: Operation not permitted
build	Cache Android SDK	2026-06-06T12:23:03.8660567Z /usr/bin/tar: ../../../../../usr/local/lib/android/sdk/platforms/android-35-ext15/data/res/values-mcc310-mnc220-lt: Cannot utime: Operation not permitted
build	Cache Android SDK	2026-06-06T12:23:03.8661127Z /usr/bin/tar: ../../../../../usr/local/lib/android/sdk/platforms/android-35-ext15/data/res/values-mcc310-mnc220-lt: Cannot change mode to rwxr-xr-x: Operation not permitted
build	Cache Android SDK	2026-06-06T12:23:03.8667095Z /usr/bin/tar: ../../../../../usr/local/lib/android/sdk/platforms/android-35-ext15/data/res/values-mcc311-mnc180-en-rXC: Cannot utime: Operation not permitted
build	Cache Android SDK	2026-06-06T12:23:03.8667739Z /usr/bin/tar: ../../../../../usr/local/lib/android/sdk/platforms/android-35-ext15/data/res/values-mcc311-mnc180-en-rXC: Cannot change mode to rwxr-xr-x: Operation not permitted
build	Cache Android SDK	2026-06-06T12:23:03.8671946Z /usr/bin/tar: ../../../../../usr/local/lib/android/sdk/platforms/android-35-ext15/data/res/values-mcc310-mnc640: Cannot utime: Operation not permitted
build	Cache Android SDK	2026-06-06T12:23:03.8672411Z /usr/bin/tar: ../../../../../usr/local/lib/android/sdk/platforms/android-35-ext15/data/res/values-mcc310-mnc640: Cannot change mode to rwxr-xr-x: Operation not permitted
build	Cache Android SDK	2026-06-06T12:23:03.8676590Z /usr/bin/tar: ../../../../../usr/local/lib/android/sdk/platforms/android-35-ext15/data/res/values-mcc208-mnc10-fr: Cannot utime: Operation not permitted
build	Cache Android SDK	2026-06-06T12:23:03.8677137Z /usr/bin/tar: ../../../../../usr/local/lib/android/sdk/platforms/android-35-ext15/data/res/values-mcc208-mnc10-fr: Cannot change mode to rwxr-xr-x: Operation not permitted
build	Cache Android SDK	2026-06-06T12:23:03.8682076Z /usr/bin/tar: ../../../../../usr/local/lib/android/sdk/platforms/android-35-ext15/data/res/values-mcc310-mnc250-ne: Cannot utime: Operation not permitted
build	Cache Android SDK	2026-06-06T12:23:03.8682540Z /usr/bin/tar: ../../../../../usr/local/lib/android/sdk/platforms/android-35-ext15/data/res/values-mcc310-mnc250-ne: Cannot change mode to rwxr-xr-x: Operation not permitted
build	Cache Android SDK	2026-06-06T12:23:03.8688367Z /usr/bin/tar: ../../../../../usr/local/lib/android/sdk/platforms/android-35-ext15/data/res/values-mcc310-mnc310: Cannot utime: Operation not permitted
build	Cache Android SDK	2026-06-06T12:23:03.8688824Z /usr/bin/tar: ../../../../../usr/local/lib/android/sdk/platforms/android-35-ext15/data/res/values-mcc310-mnc310: Cannot change mode to rwxr-xr-x: Operation not permitted
build	Cache Android SDK	2026-06-06T12:23:03.8693546Z /usr/bin/tar: ../../../../../usr/local/lib/android/sdk/platforms/android-35-ext15/data/res/values-mcc310-mnc380-fr-rCA: Cannot utime: Operation not permitted
build	Cache Android SDK	2026-06-06T12:23:03.8694025Z /usr/bin/tar: ../../../../../usr/local/lib/android/sdk/platforms/android-35-ext15/data/res/values-mcc310-mnc380-fr-rCA: Cannot change mode to rwxr-xr-x: Operation not permitted
build	Cache Android SDK	2026-06-06T12:23:03.8697282Z /usr/bin/tar: ../../../../../usr/local/lib/android/sdk/platforms/android-35-ext15/data/res/mipmap-ldpi: Cannot utime: Operation not permitted
build	Cache Android SDK	2026-06-06T12:23:03.8698072Z /usr/bin/tar: ../../../../../usr/local/lib/android/sdk/platforms/android-35-ext15/data/res/mipmap-ldpi: Cannot change mode to rwxr-xr-x: Operation not permitted
build	Cache Android SDK	2026-06-06T12:23:03.8701186Z /usr/bin/tar: ../../../../../usr/local/lib/android/sdk/platforms/android-35-ext15/data/res/values-mcc310-mnc170-iw: Cannot utime: Operation not permitted
build	Cache Android SDK	2026-06-06T12:23:03.8701782Z /usr/bin/tar: ../../../../../usr/local/lib/android/sdk/platforms/android-35-ext15/data/res/values-mcc310-mnc170-iw: Cannot change mode to rwxr-xr-x: Operation not permitted
build	Cache Android SDK	2026-06-06T12:23:03.8711500Z /usr/bin/tar: ../../../../../usr/local/lib/android/sdk/platforms/android-35-ext15/data/res/layout-watch: Cannot utime: Operation not permitted
build	Cache Android SDK	2026-06-06T12:23:03.8712052Z /usr/bin/tar: ../../../../../usr/local/lib/android/sdk/platforms/android-35-ext15/data/res/layout-watch: Cannot change mode to rwxr-xr-x: Operation not permitted
build	Cache Android SDK	2026-06-06T12:23:03.8715035Z /usr/bin/tar: ../../../../../usr/local/lib/android/sdk/platforms/android-35-ext15/data/res/values-mcc311-mnc180-gl: Cannot utime: Operation not permitted
build	Cache Android SDK	2026-06-06T12:23:03.8715522Z /usr/bin/tar: ../../../../../usr/local/lib/android/sdk/platforms/android-35-ext15/data/res/values-mcc311-mnc180-gl: Cannot change mode to rwxr-xr-x: Operation not permitted
build	Cache Android SDK	2026-06-06T12:23:03.8718375Z /usr/bin/tar: ../../../../../usr/local/lib/android/sdk/platforms/android-35-ext15/data/res/values-mcc313-mnc100-pt-rBR: Cannot utime: Operation not permitted
build	Cache Android SDK	2026-06-06T12:23:03.8718970Z /usr/bin/tar: ../../../../../usr/local/lib/android/sdk/platforms/android-35-ext15/data/res/values-mcc313-mnc100-pt-rBR: Cannot change mode to rwxr-xr-x: Operation not permitted
build	Cache Android SDK	2026-06-06T12:23:03.8721516Z /usr/bin/tar: ../../../../../usr/local/lib/android/sdk/platforms/android-35-ext15/data/res/values-mcc310-mnc240-ru: Cannot utime: Operation not permitted
build	Cache Android SDK	2026-06-06T12:23:03.8721979Z /usr/bin/tar: ../../../../../usr/local/lib/android/sdk/platforms/android-35-ext15/data/res/values-mcc310-mnc240-ru: Cannot change mode to rwxr-xr-x: Operation not permitted
build	Cache Android SDK	2026-06-06T12:23:03.8724638Z /usr/bin/tar: ../../../../../usr/local/lib/android/sdk/platforms/android-35-ext15/data/res/values-mcc310-mnc950-ja: Cannot utime: Operation not permitted
build	Cache Android SDK	2026-06-06T12:23:03.8725113Z /usr/bin/tar: ../../../../../usr/local/lib/android/sdk/platforms/android-35-ext15/data/res/values-mcc310-mnc950-ja: Cannot change mode to rwxr-xr-x: Operation not permitted
build	Cache Android SDK	2026-06-06T12:23:03.8732907Z /usr/bin/tar: ../../../../../usr/local/lib/android/sdk/platforms/android-35-ext15/data/res/values-lo: Cannot utime: Operation not permitted
build	Cache Android SDK	2026-06-06T12:23:03.8733548Z /usr/bin/tar: ../../../../../usr/local/lib/android/sdk/platforms/android-35-ext15/data/res/values-lo: Cannot change mode to rwxr-xr-x: Operation not permitted
build	Cache Android SDK	2026-06-06T12:23:03.8735911Z /usr/bin/tar: ../../../../../usr/local/lib/android/sdk/platforms/android-35-ext15/data/res/values-mcc310-mnc170-ru: Cannot utime: Operation not permitted
build	Cache Android SDK	2026-06-06T12:23:03.8736387Z /usr/bin/tar: ../../../../../usr/local/lib/android/sdk/platforms/android-35-ext15/data/res/values-mcc310-mnc170-ru: Cannot change mode to rwxr-xr-x: Operation not permitted
build	Cache Android SDK	2026-06-06T12:23:03.8739165Z /usr/bin/tar: ../../../../../usr/local/lib/android/sdk/platforms/android-35-ext15/data/res/values-mcc310-mnc310-pt-rPT: Cannot utime: Operation not permitted
build	Cache Android SDK	2026-06-06T12:23:03.8739654Z /usr/bin/tar: ../../../../../usr/local/lib/android/sdk/platforms/android-35-ext15/data/res/values-mcc310-mnc310-pt-rPT: Cannot change mode to rwxr-xr-x: Operation not permitted
build	Cache Android SDK	2026-06-06T12:23:03.8742831Z /usr/bin/tar: ../../../../../usr/local/lib/android/sdk/platforms/android-35-ext15/data/res/values-mcc310-mnc150-fa: Cannot utime: Operation not permitted
build	Cache Android SDK	2026-06-06T12:23:03.8743570Z /usr/bin/tar: ../../../../../usr/local/lib/android/sdk/platforms/android-35-ext15/data/res/values-mcc310-mnc150-fa: Cannot change mode to rwxr-xr-x: Operation not permitted
build	Cache Android SDK	2026-06-06T12:23:03.8745902Z /usr/bin/tar: ../../../../../usr/local/lib/android/sdk/platforms/android-35-ext15/data/res/values-mcc310-mnc380-gl: Cannot utime: Operation not permitted
build	Cache Android SDK	2026-06-06T12:23:03.8746364Z /usr/bin/tar: ../../../../../usr/local/lib/android/sdk/platforms/android-35-ext15/data/res/values-mcc310-mnc380-gl: Cannot change mode to rwxr-xr-x: Operation not permitted
build	Cache Android SDK	2026-06-06T12:23:03.8749373Z /usr/bin/tar: ../../../../../usr/local/lib/android/sdk/platforms/android-35-ext15/data/res/values-mcc310-mnc210-de: Cannot utime: Operation not permitted
build	Cache Android SDK	2026-06-06T12:23:03.8749835Z /usr/bin/tar: ../../../../../usr/local/lib/android/sdk/platforms/android-35-ext15/data/res/values-mcc310-mnc210-de: Cannot change mode to rwxr-xr-x: Operation not permitted
build	Cache Android SDK	2026-06-06T12:23:03.8752507Z /usr/bin/tar: ../../../../../usr/local/lib/android/sdk/platforms/android-35-ext15/data/res/values-mcc310-mnc310-ko: Cannot utime: Operation not permitted
build	Cache Android SDK	2026-06-06T12:23:03.8752965Z /usr/bin/tar: ../../../../../usr/local/lib/android/sdk/platforms/android-35-ext15/data/res/values-mcc310-mnc310-ko: Cannot change mode to rwxr-xr-x: Operation not permitted
build	Cache Android SDK	2026-06-06T12:23:03.8755386Z /usr/bin/tar: ../../../../../usr/local/lib/android/sdk/platforms/android-35-ext15/data/res/values-mcc310-mnc220-sv: Cannot utime: Operation not permitted
build	Cache Android SDK	2026-06-06T12:23:03.8755850Z /usr/bin/tar: ../../../../../usr/local/lib/android/sdk/platforms/android-35-ext15/data/res/values-mcc310-mnc220-sv: Cannot change mode to rwxr-xr-x: Operation not permitted
build	Cache Android SDK	2026-06-06T12:23:03.8758690Z /usr/bin/tar: ../../../../../usr/local/lib/android/sdk/platforms/android-35-ext15/data/res/values-b+sr+Latn-television: Cannot utime: Operation not permitted
build	Cache Android SDK	2026-06-06T12:23:03.8759174Z /usr/bin/tar: ../../../../../usr/local/lib/android/sdk/platforms/android-35-ext15/data/res/values-b+sr+Latn-television: Cannot change mode to rwxr-xr-x: Operation not permitted
build	Cache Android SDK	2026-06-06T12:23:03.8761681Z /usr/bin/tar: ../../../../../usr/local/lib/android/sdk/platforms/android-35-ext15/data/res/values-mcc310-mnc660-fr-rCA: Cannot utime: Operation not permitted
build	Cache Android SDK	2026-06-06T12:23:03.8762162Z /usr/bin/tar: ../../../../../usr/local/lib/android/sdk/platforms/android-35-ext15/data/res/values-mcc310-mnc660-fr-rCA: Cannot change mode to rwxr-xr-x: Operation not permitted
build	Cache Android SDK	2026-06-06T12:23:03.8764715Z /usr/bin/tar: ../../../../../usr/local/lib/android/sdk/platforms/android-35-ext15/data/res/values-mcc310-mnc280-hy: Cannot utime: Operation not permitted
build	Cache Android SDK	2026-06-06T12:23:03.8765187Z /usr/bin/tar: ../../../../../usr/local/lib/android/sdk/platforms/android-35-ext15/data/res/values-mcc310-mnc280-hy: Cannot change mode to rwxr-xr-x: Operation not permitted
build	Cache Android SDK	2026-06-06T12:23:03.8768470Z /usr/bin/tar: ../../../../../usr/local/lib/android/sdk/platforms/android-35-ext15/data/res/values-mcc334-mnc020-zh-rTW: Cannot utime: Operation not permitted
build	Cache Android SDK	2026-06-06T12:23:03.8769105Z /usr/bin/tar: ../../../../../usr/local/lib/android/sdk/platforms/android-35-ext15/data/res/values-mcc334-mnc020-zh-rTW: Cannot change mode to rwxr-xr-x: Operation not permitted
build	Cache Android SDK	2026-06-06T12:23:03.8771004Z /usr/bin/tar: ../../../../../usr/local/lib/android/sdk/platforms/android-35-ext15/data/res/values-mcc310-mnc270-fr-rCA: Cannot utime: Operation not permitted
build	Cache Android SDK	2026-06-06T12:23:03.8771570Z /usr/bin/tar: ../../../../../usr/local/lib/android/sdk/platforms/android-35-ext15/data/res/values-mcc310-mnc270-fr-rCA: Cannot change mode to rwxr-xr-x: Operation not permitted
build	Cache Android SDK	2026-06-06T12:23:03.8774679Z /usr/bin/tar: ../../../../../usr/local/lib/android/sdk/platforms/android-35-ext15/data/res/values-mcc310-mnc410-de: Cannot utime: Operation not permitted
build	Cache Android SDK	2026-06-06T12:23:03.8775160Z /usr/bin/tar: ../../../../../usr/local/lib/android/sdk/platforms/android-35-ext15/data/res/values-mcc310-mnc410-de: Cannot change mode to rwxr-xr-x: Operation not permitted
build	Cache Android SDK	2026-06-06T12:23:03.8778151Z /usr/bin/tar: ../../../../../usr/local/lib/android/sdk/platforms/android-35-ext15/data/res/values-mcc310-mnc560-zh-rCN: Cannot utime: Operation not permitted
build	Cache Android SDK	2026-06-06T12:23:03.8778625Z /usr/bin/tar: ../../../../../usr/local/lib/android/sdk/platforms/android-35-ext15/data/res/values-mcc310-mnc560-zh-rCN: Cannot change mode to rwxr-xr-x: Operation not permitted
build	Cache Android SDK	2026-06-06T12:23:03.8781331Z /usr/bin/tar: ../../../../../usr/local/lib/android/sdk/platforms/android-35-ext15/data/res/values-mcc310-mnc240-th: Cannot utime: Operation not permitted
build	Cache Android SDK	2026-06-06T12:23:03.8781794Z /usr/bin/tar: ../../../../../usr/local/lib/android/sdk/platforms/android-35-ext15/data/res/values-mcc310-mnc240-th: Cannot change mode to rwxr-xr-x: Operation not permitted
build	Cache Android SDK	2026-06-06T12:23:03.8784322Z /usr/bin/tar: ../../../../../usr/local/lib/android/sdk/platforms/android-35-ext15/data/res/values-mcc310-mnc030-fr-rCA: Cannot utime: Operation not permitted
build	Cache Android SDK	2026-06-06T12:23:03.8784805Z /usr/bin/tar: ../../../../../usr/local/lib/android/sdk/platforms/android-35-ext15/data/res/values-mcc310-mnc030-fr-rCA: Cannot change mode to rwxr-xr-x: Operation not permitted
build	Cache Android SDK	2026-06-06T12:23:03.8787731Z /usr/bin/tar: ../../../../../usr/local/lib/android/sdk/platforms/android-35-ext15/data/res/values-mcc310-mnc380-en-rGB: Cannot utime: Operation not permitted
build	Cache Android SDK	2026-06-06T12:23:03.8788210Z /usr/bin/tar: ../../../../../usr/local/lib/android/sdk/platforms/android-35-ext15/data/res/values-mcc310-mnc380-en-rGB: Cannot change mode to rwxr-xr-x: Operation not permitted
build	Cache Android SDK	2026-06-06T12:23:03.8790526Z /usr/bin/tar: ../../../../../usr/local/lib/android/sdk/platforms/android-35-ext15/data/res/values-mcc310-mnc250-ms: Cannot utime: Operation not permitted
build	Cache Android SDK	2026-06-06T12:23:03.8791075Z /usr/bin/tar: ../../../../../usr/local/lib/android/sdk/platforms/android-35-ext15/data/res/values-mcc310-mnc250-ms: Cannot change mode to rwxr-xr-x: Operation not permitted
build	Cache Android SDK	2026-06-06T12:23:03.8793490Z /usr/bin/tar: ../../../../../usr/local/lib/android/sdk/platforms/android-35-ext15/data/res/values-zh-rCN-television: Cannot utime: Operation not permitted
build	Cache Android SDK	2026-06-06T12:23:03.8793968Z /usr/bin/tar: ../../../../../usr/local/lib/android/sdk/platforms/android-35-ext15/data/res/values-zh-rCN-television: Cannot change mode to rwxr-xr-x: Operation not permitted
build	Cache Android SDK	2026-06-06T12:23:03.8796595Z /usr/bin/tar: ../../../../../usr/local/lib/android/sdk/platforms/android-35-ext15/data/res/values-mcc310-mnc150-cs: Cannot utime: Operation not permitted
build	Cache Android SDK	2026-06-06T12:23:03.8797057Z /usr/bin/tar: ../../../../../usr/local/lib/android/sdk/platforms/android-35-ext15/data/res/values-mcc310-mnc150-cs: Cannot change mode to rwxr-xr-x: Operation not permitted
build	Cache Android SDK	2026-06-06T12:23:03.8800634Z /usr/bin/tar: ../../../../../usr/local/lib/android/sdk/platforms/android-35-ext15/data/res/values-mcc310-mnc200-lt: Cannot utime: Operation not permitted
build	Cache Android SDK	2026-06-06T12:23:03.8801337Z /usr/bin/tar: ../../../../../usr/local/lib/android/sdk/platforms/android-35-ext15/data/res/values-mcc310-mnc200-lt: Cannot change mode to rwxr-xr-x: Operation not permitted
build	Cache Android SDK	2026-06-06T12:23:03.8803571Z /usr/bin/tar: ../../../../../usr/local/lib/android/sdk/platforms/android-35-ext15/data/res/values-mcc310-mnc150-de: Cannot utime: Operation not permitted
build	Cache Android SDK	2026-06-06T12:23:03.8804051Z /usr/bin/tar: ../../../../../usr/local/lib/android/sdk/platforms/android-35-ext15/data/res/values-mcc310-mnc150-de: Cannot change mode to rwxr-xr-x: Operation not permitted
build	Cache Android SDK	2026-06-06T12:23:03.8807472Z /usr/bin/tar: ../../../../../usr/local/lib/android/sdk/platforms/android-35-ext15/data/res/values-mcc001-mnc01-ms: Cannot utime: Operation not permitted
build	Cache Android SDK	2026-06-06T12:23:03.8807956Z /usr/bin/tar: ../../../../../usr/local/lib/android/sdk/platforms/android-35-ext15/data/res/values-mcc001-mnc01-ms: Cannot change mode to rwxr-xr-x: Operation not permitted
build	Cache Android SDK	2026-06-06T12:23:03.8810286Z /usr/bin/tar: ../../../../../usr/local/lib/android/sdk/platforms/android-35-ext15/data/res/values-ta-watch: Cannot utime: Operation not permitted
build	Cache Android SDK	2026-06-06T12:23:03.8810732Z /usr/bin/tar: ../../../../../usr/local/lib/android/sdk/platforms/android-35-ext15/data/res/values-ta-watch: Cannot change mode to rwxr-xr-x: Operation not permitted
build	Cache Android SDK	2026-06-06T12:23:03.8813507Z /usr/bin/tar: ../../../../../usr/local/lib/android/sdk/platforms/android-35-ext15/data/res/values-mcc310-mnc160-is: Cannot utime: Operation not permitted
build	Cache Android SDK	2026-06-06T12:23:03.8814063Z /usr/bin/tar: ../../../../../usr/local/lib/android/sdk/platforms/android-35-ext15/data/res/values-mcc310-mnc160-is: Cannot change mode to rwxr-xr-x: Operation not permitted
build	Cache Android SDK	2026-06-06T12:23:03.8816892Z /usr/bin/tar: ../../../../../usr/local/lib/android/sdk/platforms/android-35-ext15/data/res/values-mcc310-mnc230-zu: Cannot utime: Operation not permitted
build	Cache Android SDK	2026-06-06T12:23:03.8817491Z /usr/bin/tar: ../../../../../usr/local/lib/android/sdk/platforms/android-35-ext15/data/res/values-mcc310-mnc230-zu: Cannot change mode to rwxr-xr-x: Operation not permitted
build	Cache Android SDK	2026-06-06T12:23:03.8820079Z /usr/bin/tar: ../../../../../usr/local/lib/android/sdk/platforms/android-35-ext15/data/res/values-mcc312-mnc670-ca: Cannot utime: Operation not permitted
build	Cache Android SDK	2026-06-06T12:23:03.8820532Z /usr/bin/tar: ../../../../../usr/local/lib/android/sdk/platforms/android-35-ext15/data/res/values-mcc312-mnc670-ca: Cannot change mode to rwxr-xr-x: Operation not permitted
build	Cache Android SDK	2026-06-06T12:23:03.8823307Z /usr/bin/tar: ../../../../../usr/local/lib/android/sdk/platforms/android-35-ext15/data/res/values-mcc302-mnc720-es: Cannot utime: Operation not permitted
build	Cache Android SDK	2026-06-06T12:23:03.8823782Z /usr/bin/tar: ../../../../../usr/local/lib/android/sdk/platforms/android-35-ext15/data/res/values-mcc302-mnc720-es: Cannot change mode to rwxr-xr-x: Operation not permitted
build	Cache Android SDK	2026-06-06T12:23:03.8826645Z /usr/bin/tar: ../../../../../usr/local/lib/android/sdk/platforms/android-35-ext15/data/res/values-mcc310-mnc280-zh-rHK: Cannot utime: Operation not permitted
build	Cache Android SDK	2026-06-06T12:23:03.8827154Z /usr/bin/tar: ../../../../../usr/local/lib/android/sdk/platforms/android-35-ext15/data/res/values-mcc310-mnc280-zh-rHK: Cannot change mode to rwxr-xr-x: Operation not permitted
build	Cache Android SDK	2026-06-06T12:23:03.8829682Z /usr/bin/tar: ../../../../../usr/local/lib/android/sdk/platforms/android-35-ext15/data/res/values-mcc334-mnc020-en-rIN: Cannot utime: Operation not permitted
build	Cache Android SDK	2026-06-06T12:23:03.8830169Z /usr/bin/tar: ../../../../../usr/local/lib/android/sdk/platforms/android-35-ext15/data/res/values-mcc334-mnc020-en-rIN: Cannot change mode to rwxr-xr-x: Operation not permitted
build	Cache Android SDK	2026-06-06T12:23:03.8833032Z /usr/bin/tar: ../../../../../usr/local/lib/android/sdk/platforms/android-35-ext15/data/res/values-mcc001-mnc01-bg: Cannot utime: Operation not permitted
build	Cache Android SDK	2026-06-06T12:23:03.8833495Z /usr/bin/tar: ../../../../../usr/local/lib/android/sdk/platforms/android-35-ext15/data/res/values-mcc001-mnc01-bg: Cannot change mode to rwxr-xr-x: Operation not permitted
build	Cache Android SDK	2026-06-06T12:23:03.8836099Z /usr/bin/tar: ../../../../../usr/local/lib/android/sdk/platforms/android-35-ext15/data/res/values-mcc312: Cannot utime: Operation not permitted
build	Cache Android SDK	2026-06-06T12:23:03.8836538Z /usr/bin/tar: ../../../../../usr/local/lib/android/sdk/platforms/android-35-ext15/data/res/values-mcc312: Cannot change mode to rwxr-xr-x: Operation not permitted
build	Cache Android SDK	2026-06-06T12:23:03.8839485Z /usr/bin/tar: ../../../../../usr/local/lib/android/sdk/platforms/android-35-ext15/data/res/raw-ko: Cannot utime: Operation not permitted
build	Cache Android SDK	2026-06-06T12:23:03.8839975Z /usr/bin/tar: ../../../../../usr/local/lib/android/sdk/platforms/android-35-ext15/data/res/raw-ko: Cannot change mode to rwxr-xr-x: Operation not permitted
build	Cache Android SDK	2026-06-06T12:23:03.8842607Z /usr/bin/tar: ../../../../../usr/local/lib/android/sdk/platforms/android-35-ext15/data/res/values-mcc466-mnc07: Cannot utime: Operation not permitted
build	Cache Android SDK	2026-06-06T12:23:03.8843069Z /usr/bin/tar: ../../../../../usr/local/lib/android/sdk/platforms/android-35-ext15/data/res/values-mcc466-mnc07: Cannot change mode to rwxr-xr-x: Operation not permitted
build	Cache Android SDK	2026-06-06T12:23:03.9384729Z /usr/bin/tar: ../../../../../usr/local/lib/android/sdk/platforms/android-35-ext15/data/res/drawable-mdpi: Cannot utime: Operation not permitted
build	Cache Android SDK	2026-06-06T12:23:03.9385827Z /usr/bin/tar: ../../../../../usr/local/lib/android/sdk/platforms/android-35-ext15/data/res/drawable-mdpi: Cannot change mode to rwxr-xr-x: Operation not permitted
build	Cache Android SDK	2026-06-06T12:23:03.9387299Z /usr/bin/tar: ../../../../../usr/local/lib/android/sdk/platforms/android-35-ext15/data/res/values-mcc310-mnc170-gu: Cannot utime: Operation not permitted
build	Cache Android SDK	2026-06-06T12:23:03.9388546Z /usr/bin/tar: ../../../../../usr/local/lib/android/sdk/platforms/android-35-ext15/data/res/values-mcc310-mnc170-gu: Cannot change mode to rwxr-xr-x: Operation not permitted
build	Cache Android SDK	2026-06-06T12:23:03.9390263Z /usr/bin/tar: ../../../../../usr/local/lib/android/sdk/platforms/android-35-ext15/data/res/values-mcc313-mnc100-bg: Cannot utime: Operation not permitted
build	Cache Android SDK	2026-06-06T12:23:03.9391234Z /usr/bin/tar: ../../../../../usr/local/lib/android/sdk/platforms/android-35-ext15/data/res/values-mcc313-mnc100-bg: Cannot change mode to rwxr-xr-x: Operation not permitted
build	Cache Android SDK	2026-06-06T12:23:03.9394010Z /usr/bin/tar: ../../../../../usr/local/lib/android/sdk/platforms/android-35-ext15/data/res/values-mcc312-mnc670-hr: Cannot utime: Operation not permitted
build	Cache Android SDK	2026-06-06T12:23:03.9395090Z /usr/bin/tar: ../../../../../usr/local/lib/android/sdk/platforms/android-35-ext15/data/res/values-mcc312-mnc670-hr: Cannot change mode to rwxr-xr-x: Operation not permitted
build	Cache Android SDK	2026-06-06T12:23:03.9397250Z /usr/bin/tar: ../../../../../usr/local/lib/android/sdk/platforms/android-35-ext15/data/res/values-mcc310-mnc170-bs: Cannot utime: Operation not permitted
build	Cache Android SDK	2026-06-06T12:23:03.9398400Z /usr/bin/tar: ../../../../../usr/local/lib/android/sdk/platforms/android-35-ext15/data/res/values-mcc310-mnc170-bs: Cannot change mode to rwxr-xr-x: Operation not permitted
build	Cache Android SDK	2026-06-06T12:23:03.9400357Z /usr/bin/tar: ../../../../../usr/local/lib/android/sdk/platforms/android-35-ext15/data/res/values-mcc310-mnc030-bn: Cannot utime: Operation not permitted
build	Cache Android SDK	2026-06-06T12:23:03.9401350Z /usr/bin/tar: ../../../../../usr/local/lib/android/sdk/platforms/android-35-ext15/data/res/values-mcc310-mnc030-bn: Cannot change mode to rwxr-xr-x: Operation not permitted
build	Cache Android SDK	2026-06-06T12:23:03.9403927Z /usr/bin/tar: ../../../../../usr/local/lib/android/sdk/platforms/android-35-ext15/data/res/values-mcc310-mnc230-lt: Cannot utime: Operation not permitted
build	Cache Android SDK	2026-06-06T12:23:03.9404971Z /usr/bin/tar: ../../../../../usr/local/lib/android/sdk/platforms/android-35-ext15/data/res/values-mcc310-mnc230-lt: Cannot change mode to rwxr-xr-x: Operation not permitted
build	Cache Android SDK	2026-06-06T12:23:03.9406949Z /usr/bin/tar: ../../../../../usr/local/lib/android/sdk/platforms/android-35-ext15/data/res/values-mcc310-mnc150-vi: Cannot utime: Operation not permitted
build	Cache Android SDK	2026-06-06T12:23:03.9408483Z /usr/bin/tar: ../../../../../usr/local/lib/android/sdk/platforms/android-35-ext15/data/res/values-mcc310-mnc150-vi: Cannot change mode to rwxr-xr-x: Operation not permitted
build	Cache Android SDK	2026-06-06T12:23:03.9410467Z /usr/bin/tar: ../../../../../usr/local/lib/android/sdk/platforms/android-35-ext15/data/res/values-mcc001-mnc01-el: Cannot utime: Operation not permitted
build	Cache Android SDK	2026-06-06T12:23:03.9411553Z /usr/bin/tar: ../../../../../usr/local/lib/android/sdk/platforms/android-35-ext15/data/res/values-mcc001-mnc01-el: Cannot change mode to rwxr-xr-x: Operation not permitted
build	Cache Android SDK	2026-06-06T12:23:03.9413743Z /usr/bin/tar: ../../../../../usr/local/lib/android/sdk/platforms/android-35-ext15/data/res/values-mcc310-mnc230-ca: Cannot utime: Operation not permitted
build	Cache Android SDK	2026-06-06T12:23:03.9414891Z /usr/bin/tar: ../../../../../usr/local/lib/android/sdk/platforms/android-35-ext15/data/res/values-mcc310-mnc230-ca: Cannot change mode to rwxr-xr-x: Operation not permitted
build	Cache Android SDK	2026-06-06T12:23:03.9417723Z /usr/bin/tar: ../../../../../usr/local/lib/android/sdk/platforms/android-35-ext15/data/res/values-mcc310-mnc200-el: Cannot utime: Operation not permitted
build	Cache Android SDK	2026-06-06T12:23:03.9418801Z /usr/bin/tar: ../../../../../usr/local/lib/android/sdk/platforms/android-35-ext15/data/res/values-mcc310-mnc200-el: Cannot change mode to rwxr-xr-x: Operation not permitted
build	Cache Android SDK	2026-06-06T12:23:03.9420687Z /usr/bin/tar: ../../../../../usr/local/lib/android/sdk/platforms/android-35-ext15/data/res/values-mcc310-mnc160-lv: Cannot utime: Operation not permitted
build	Cache Android SDK	2026-06-06T12:23:03.9421777Z /usr/bin/tar: ../../../../../usr/local/lib/android/sdk/platforms/android-35-ext15/data/res/values-mcc310-mnc160-lv: Cannot change mode to rwxr-xr-x: Operation not permitted
build	Cache Android SDK	2026-06-06T12:23:03.9424041Z /usr/bin/tar: ../../../../../usr/local/lib/android/sdk/platforms/android-35-ext15/data/res/values-mcc310-mnc220-ko: Cannot utime: Operation not permitted
build	Cache Android SDK	2026-06-06T12:23:03.9425292Z /usr/bin/tar: ../../../../../usr/local/lib/android/sdk/platforms/android-35-ext15/data/res/values-mcc310-mnc220-ko: Cannot change mode to rwxr-xr-x: Operation not permitted
build	Cache Android SDK	2026-06-06T12:23:03.9427906Z /usr/bin/tar: ../../../../../usr/local/lib/android/sdk/platforms/android-35-ext15/data/res/values-mcc310-mnc280-pl: Cannot utime: Operation not permitted
build	Cache Android SDK	2026-06-06T12:23:03.9429085Z /usr/bin/tar: ../../../../../usr/local/lib/android/sdk/platforms/android-35-ext15/data/res/values-mcc310-mnc280-pl: Cannot change mode to rwxr-xr-x: Operation not permitted
build	Cache Android SDK	2026-06-06T12:23:03.9430978Z /usr/bin/tar: ../../../../../usr/local/lib/android/sdk/platforms/android-35-ext15/data/res/values-nl-rNL: Cannot utime: Operation not permitted
build	Cache Android SDK	2026-06-06T12:23:03.9431917Z /usr/bin/tar: ../../../../../usr/local/lib/android/sdk/platforms/android-35-ext15/data/res/values-nl-rNL: Cannot change mode to rwxr-xr-x: Operation not permitted
build	Cache Android SDK	2026-06-06T12:23:03.9435356Z /usr/bin/tar: ../../../../../usr/local/lib/android/sdk/platforms/android-35-ext15/data/res/values-mcc001-mnc01-es-rUS: Cannot utime: Operation not permitted
build	Cache Android SDK	2026-06-06T12:23:03.9436359Z /usr/bin/tar: ../../../../../usr/local/lib/android/sdk/platforms/android-35-ext15/data/res/values-mcc001-mnc01-es-rUS: Cannot change mode to rwxr-xr-x: Operation not permitted
build	Cache Android SDK	2026-06-06T12:23:03.9439057Z /usr/bin/tar: ../../../../../usr/local/lib/android/sdk/platforms/android-35-ext15/data/res/values-mcc302-mnc370-gu: Cannot utime: Operation not permitted
build	Cache Android SDK	2026-06-06T12:23:03.9440023Z /usr/bin/tar: ../../../../../usr/local/lib/android/sdk/platforms/android-35-ext15/data/res/values-mcc302-mnc370-gu: Cannot change mode to rwxr-xr-x: Operation not permitted
build	Cache Android SDK	2026-06-06T12:23:03.9442468Z /usr/bin/tar: ../../../../../usr/local/lib/android/sdk/platforms/android-35-ext15/data/res/values-mcc310-mnc490-b+sr+Latn: Cannot utime: Operation not permitted
build	Cache Android SDK	2026-06-06T12:23:03.9443498Z /usr/bin/tar: ../../../../../usr/local/lib/android/sdk/platforms/android-35-ext15/data/res/values-mcc310-mnc490-b+sr+Latn: Cannot change mode to rwxr-xr-x: Operation not permitted
build	Cache Android SDK	2026-06-06T12:23:03.9446116Z /usr/bin/tar: ../../../../../usr/local/lib/android/sdk/platforms/android-35-ext15/data/res/values-mcc310-mnc950-uk: Cannot utime: Operation not permitted
build	Cache Android SDK	2026-06-06T12:23:03.9447182Z /usr/bin/tar: ../../../../../usr/local/lib/android/sdk/platforms/android-35-ext15/data/res/values-mcc310-mnc950-uk: Cannot change mode to rwxr-xr-x: Operation not permitted
build	Cache Android SDK	2026-06-06T12:23:03.9449272Z /usr/bin/tar: ../../../../../usr/local/lib/android/sdk/platforms/android-35-ext15/data/res/values-mcc310-mnc660-ml: Cannot utime: Operation not permitted
build	Cache Android SDK	2026-06-06T12:23:03.9450235Z /usr/bin/tar: ../../../../../usr/local/lib/android/sdk/platforms/android-35-ext15/data/res/values-mcc310-mnc660-ml: Cannot change mode to rwxr-xr-x: Operation not permitted
build	Cache Android SDK	2026-06-06T12:23:03.9452976Z /usr/bin/tar: ../../../../../usr/local/lib/android/sdk/platforms/android-35-ext15/data/res/values-mcc314: Cannot utime: Operation not permitted
build	Cache Android SDK	2026-06-06T12:23:03.9453887Z /usr/bin/tar: ../../../../../usr/local/lib/android/sdk/platforms/android-35-ext15/data/res/values-mcc314: Cannot change mode to rwxr-xr-x: Operation not permitted
build	Cache Android SDK	2026-06-06T12:23:03.9456223Z /usr/bin/tar: ../../../../../usr/local/lib/android/sdk/platforms/android-35-ext15/data/res/values-mcc310-mnc200-te: Cannot utime: Operation not permitted
build	Cache Android SDK	2026-06-06T12:23:03.9457198Z /usr/bin/tar: ../../../../../usr/local/lib/android/sdk/platforms/android-35-ext15/data/res/values-mcc310-mnc200-te: Cannot change mode to rwxr-xr-x: Operation not permitted
build	Cache Android SDK	2026-06-06T12:23:03.9459863Z /usr/bin/tar: ../../../../../usr/local/lib/android/sdk/platforms/android-35-ext15/data/res/values-mcc311-mnc180-nb: Cannot utime: Operation not permitted
build	Cache Android SDK	2026-06-06T12:23:03.9460920Z /usr/bin/tar: ../../../../../usr/local/lib/android/sdk/platforms/android-35-ext15/data/res/values-mcc311-mnc180-nb: Cannot change mode to rwxr-xr-x: Operation not permitted
build	Cache Android SDK	2026-06-06T12:23:03.9462885Z /usr/bin/tar: ../../../../../usr/local/lib/android/sdk/platforms/android-35-ext15/data/res/values-mcc310-mnc250-zh-rHK: Cannot utime: Operation not permitted
build	Cache Android SDK	2026-06-06T12:23:03.9463884Z /usr/bin/tar: ../../../../../usr/local/lib/android/sdk/platforms/android-35-ext15/data/res/values-mcc310-mnc250-zh-rHK: Cannot change mode to rwxr-xr-x: Operation not permitted
build	Cache Android SDK	2026-06-06T12:23:03.9466660Z /usr/bin/tar: ../../../../../usr/local/lib/android/sdk/platforms/android-35-ext15/data/res/values-mcc310-mnc310-lo: Cannot utime: Operation not permitted
build	Cache Android SDK	2026-06-06T12:23:03.9467773Z /usr/bin/tar: ../../../../../usr/local/lib/android/sdk/platforms/android-35-ext15/data/res/values-mcc310-mnc310-lo: Cannot change mode to rwxr-xr-x: Operation not permitted
build	Cache Android SDK	2026-06-06T12:23:03.9469719Z /usr/bin/tar: ../../../../../usr/local/lib/android/sdk/platforms/android-35-ext15/data/res/values-mcc001-mnc01-pt-rBR: Cannot utime: Operation not permitted
build	Cache Android SDK	2026-06-06T12:23:03.9470709Z /usr/bin/tar: ../../../../../usr/local/lib/android/sdk/platforms/android-35-ext15/data/res/values-mcc001-mnc01-pt-rBR: Cannot change mode to rwxr-xr-x: Operation not permitted
build	Cache Android SDK	2026-06-06T12:23:03.9473152Z /usr/bin/tar: ../../../../../usr/local/lib/android/sdk/platforms/android-35-ext15/data/res/values-mcc310-mnc660-ja: Cannot utime: Operation not permitted
build	Cache Android SDK	2026-06-06T12:23:03.9474197Z /usr/bin/tar: ../../../../../usr/local/lib/android/sdk/platforms/android-35-ext15/data/res/values-mcc310-mnc660-ja: Cannot change mode to rwxr-xr-x: Operation not permitted
build	Cache Android SDK	2026-06-06T12:23:03.9476979Z /usr/bin/tar: ../../../../../usr/local/lib/android/sdk/platforms/android-35-ext15/data/res/values-mcc310-mnc280-bg: Cannot utime: Operation not permitted
build	Cache Android SDK	2026-06-06T12:23:03.9478423Z /usr/bin/tar: ../../../../../usr/local/lib/android/sdk/platforms/android-35-ext15/data/res/values-mcc310-mnc280-bg: Cannot change mode to rwxr-xr-x: Operation not permitted
build	Cache Android SDK	2026-06-06T12:23:03.9480841Z /usr/bin/tar: ../../../../../usr/local/lib/android/sdk/platforms/android-35-ext15/data/res/values-mcc310-mnc800-am: Cannot utime: Operation not permitted
build	Cache Android SDK	2026-06-06T12:23:03.9481813Z /usr/bin/tar: ../../../../../usr/local/lib/android/sdk/platforms/android-35-ext15/data/res/values-mcc310-mnc800-am: Cannot change mode to rwxr-xr-x: Operation not permitted
build	Cache Android SDK	2026-06-06T12:23:03.9484353Z /usr/bin/tar: ../../../../../usr/local/lib/android/sdk/platforms/android-35-ext15/data/res/values-mcc310-mnc170-vi: Cannot utime: Operation not permitted
build	Cache Android SDK	2026-06-06T12:23:03.9485462Z /usr/bin/tar: ../../../../../usr/local/lib/android/sdk/platforms/android-35-ext15/data/res/values-mcc310-mnc170-vi: Cannot change mode to rwxr-xr-x: Operation not permitted
build	Cache Android SDK	2026-06-06T12:23:03.9487158Z /usr/bin/tar: ../../../../../usr/local/lib/android/sdk/platforms/android-35-ext15/data/res/values-mcc310-mnc310-zu: Cannot utime: Operation not permitted
build	Cache Android SDK	2026-06-06T12:23:03.9488440Z /usr/bin/tar: ../../../../../usr/local/lib/android/sdk/platforms/android-35-ext15/data/res/values-mcc310-mnc310-zu: Cannot change mode to rwxr-xr-x: Operation not permitted
build	Cache Android SDK	2026-06-06T12:23:03.9490275Z /usr/bin/tar: ../../../../../usr/local/lib/android/sdk/platforms/android-35-ext15/data/res/values-mcc310-mnc160-bs: Cannot utime: Operation not permitted
build	Cache Android SDK	2026-06-06T12:23:03.9491237Z /usr/bin/tar: ../../../../../usr/local/lib/android/sdk/platforms/android-35-ext15/data/res/values-mcc310-mnc160-bs: Cannot change mode to rwxr-xr-x: Operation not permitted
build	Cache Android SDK	2026-06-06T12:23:03.9494679Z /usr/bin/tar: ../../../../../usr/local/lib/android/sdk/platforms/android-35-ext15/data/res/anim-watch: Cannot utime: Operation not permitted
build	Cache Android SDK	2026-06-06T12:23:03.9495572Z /usr/bin/tar: ../../../../../usr/local/lib/android/sdk/platforms/android-35-ext15/data/res/anim-watch: Cannot change mode to rwxr-xr-x: Operation not permitted
build	Cache Android SDK	2026-06-06T12:23:03.9498157Z /usr/bin/tar: ../../../../../usr/local/lib/android/sdk/platforms/android-35-ext15/data/res/values-mcc334-mnc020-en-rCA: Cannot utime: Operation not permitted
build	Cache Android SDK	2026-06-06T12:23:03.9499205Z /usr/bin/tar: ../../../../../usr/local/lib/android/sdk/platforms/android-35-ext15/data/res/values-mcc334-mnc020-en-rCA: Cannot change mode to rwxr-xr-x: Operation not permitted
build	Cache Android SDK	2026-06-06T12:23:03.9501000Z /usr/bin/tar: ../../../../../usr/local/lib/android/sdk/platforms/android-35-ext15/data/res/values-lv-television: Cannot utime: Operation not permitted
build	Cache Android SDK	2026-06-06T12:23:03.9501955Z /usr/bin/tar: ../../../../../usr/local/lib/android/sdk/platforms/android-35-ext15/data/res/values-lv-television: Cannot change mode to rwxr-xr-x: Operation not permitted
build	Cache Android SDK	2026-06-06T12:23:03.9504772Z /usr/bin/tar: ../../../../../usr/local/lib/android/sdk/platforms/android-35-ext15/data/res/values-mcc310-mnc210-ko: Cannot utime: Operation not permitted
build	Cache Android SDK	2026-06-06T12:23:03.9505743Z /usr/bin/tar: ../../../../../usr/local/lib/android/sdk/platforms/android-35-ext15/data/res/values-mcc310-mnc210-ko: Cannot change mode to rwxr-xr-x: Operation not permitted
build	Cache Android SDK	2026-06-06T12:23:03.9507733Z /usr/bin/tar: ../../../../../usr/local/lib/android/sdk/platforms/android-35-ext15/data/res/values-mcc310-mnc150-fr-rCA: Cannot utime: Operation not permitted
build	Cache Android SDK	2026-06-06T12:23:03.9508730Z /usr/bin/tar: ../../../../../usr/local/lib/android/sdk/platforms/android-35-ext15/data/res/values-mcc310-mnc150-fr-rCA: Cannot change mode to rwxr-xr-x: Operation not permitted
build	Cache Android SDK	2026-06-06T12:23:03.9511594Z /usr/bin/tar: ../../../../../usr/local/lib/android/sdk/platforms/android-35-ext15/data/res/values-mcc310-mnc030-pt-rBR: Cannot utime: Operation not permitted
build	Cache Android SDK	2026-06-06T12:23:03.9512638Z /usr/bin/tar: ../../../../../usr/local/lib/android/sdk/platforms/android-35-ext15/data/res/values-mcc310-mnc030-pt-rBR: Cannot change mode to rwxr-xr-x: Operation not permitted
build	Cache Android SDK	2026-06-06T12:23:03.9514803Z /usr/bin/tar: ../../../../../usr/local/lib/android/sdk/platforms/android-35-ext15/data/res/values-mcc334-mnc020-lv: Cannot utime: Operation not permitted
build	Cache Android SDK	2026-06-06T12:23:03.9516353Z /usr/bin/tar: ../../../../../usr/local/lib/android/sdk/platforms/android-35-ext15/data/res/values-mcc334-mnc020-lv: Cannot change mode to rwxr-xr-x: Operation not permitted
build	Cache Android SDK	2026-06-06T12:23:03.9519949Z /usr/bin/tar: ../../../../../usr/local/lib/android/sdk/platforms/android-35-ext15/data/res/values-hr-watch: Cannot utime: Operation not permitted
build	Cache Android SDK	2026-06-06T12:23:03.9520894Z /usr/bin/tar: ../../../../../usr/local/lib/android/sdk/platforms/android-35-ext15/data/res/values-hr-watch: Cannot change mode to rwxr-xr-x: Operation not permitted
build	Cache Android SDK	2026-06-06T12:23:03.9523784Z /usr/bin/tar: ../../../../../usr/local/lib/android/sdk/platforms/android-35-ext15/data/res/values-mcc310-mnc380-lo: Cannot utime: Operation not permitted
build	Cache Android SDK	2026-06-06T12:23:03.9525077Z /usr/bin/tar: ../../../../../usr/local/lib/android/sdk/platforms/android-35-ext15/data/res/values-mcc310-mnc380-lo: Cannot change mode to rwxr-xr-x: Operation not permitted
build	Cache Android SDK	2026-06-06T12:23:03.9526674Z /usr/bin/tar: ../../../../../usr/local/lib/android/sdk/platforms/android-35-ext15/data/res/values-mcc311-mnc180-mk: Cannot utime: Operation not permitted
build	Cache Android SDK	2026-06-06T12:23:03.9527951Z /usr/bin/tar: ../../../../../usr/local/lib/android/sdk/platforms/android-35-ext15/data/res/values-mcc311-mnc180-mk: Cannot change mode to rwxr-xr-x: Operation not permitted
build	Cache Android SDK	2026-06-06T12:23:03.9530404Z /usr/bin/tar: ../../../../../usr/local/lib/android/sdk/platforms/android-35-ext15/data/res/values-mcc310-mnc170-ro: Cannot utime: Operation not permitted
build	Cache Android SDK	2026-06-06T12:23:03.9531375Z /usr/bin/tar: ../../../../../usr/local/lib/android/sdk/platforms/android-35-ext15/data/res/values-mcc310-mnc170-ro: Cannot change mode to rwxr-xr-x: Operation not permitted
build	Cache Android SDK	2026-06-06T12:23:03.9534035Z /usr/bin/tar: ../../../../../usr/local/lib/android/sdk/platforms/android-35-ext15/data/res/values-mcc310-mnc200-bn: Cannot utime: Operation not permitted
build	Cache Android SDK	2026-06-06T12:23:03.9535000Z /usr/bin/tar: ../../../../../usr/local/lib/android/sdk/platforms/android-35-ext15/data/res/values-mcc310-mnc200-bn: Cannot change mode to rwxr-xr-x: Operation not permitted
build	Cache Android SDK	2026-06-06T12:23:03.9537123Z /usr/bin/tar: ../../../../../usr/local/lib/android/sdk/platforms/android-35-ext15/data/res/values-mcc310-mnc250: Cannot utime: Operation not permitted
build	Cache Android SDK	2026-06-06T12:23:03.9538263Z /usr/bin/tar: ../../../../../usr/local/lib/android/sdk/platforms/android-35-ext15/data/res/values-mcc310-mnc250: Cannot change mode to rwxr-xr-x: Operation not permitted
build	Cache Android SDK	2026-06-06T12:23:03.9540468Z /usr/bin/tar: ../../../../../usr/local/lib/android/sdk/platforms/android-35-ext15/data/res/values-mcc310-mnc660-ru: Cannot utime: Operation not permitted
build	Cache Android SDK	2026-06-06T12:23:03.9541449Z /usr/bin/tar: ../../../../../usr/local/lib/android/sdk/platforms/android-35-ext15/data/res/values-mcc310-mnc660-ru: Cannot change mode to rwxr-xr-x: Operation not permitted
build	Cache Android SDK	2026-06-06T12:23:03.9543774Z /usr/bin/tar: ../../../../../usr/local/lib/android/sdk/platforms/android-35-ext15/data/res/values-mcc310-mnc220-pa: Cannot utime: Operation not permitted
build	Cache Android SDK	2026-06-06T12:23:03.9544751Z /usr/bin/tar: ../../../../../usr/local/lib/android/sdk/platforms/android-35-ext15/data/res/values-mcc310-mnc220-pa: Cannot change mode to rwxr-xr-x: Operation not permitted
build	Cache Android SDK	2026-06-06T12:23:03.9547520Z /usr/bin/tar: ../../../../../usr/local/lib/android/sdk/platforms/android-35-ext15/data/res/values-w204dp-round-watch: Cannot utime: Operation not permitted
build	Cache Android SDK	2026-06-06T12:23:03.9548946Z /usr/bin/tar: ../../../../../usr/local/lib/android/sdk/platforms/android-35-ext15/data/res/values-w204dp-round-watch: Cannot change mode to rwxr-xr-x: Operation not permitted
build	Cache Android SDK	2026-06-06T12:23:03.9550439Z /usr/bin/tar: ../../../../../usr/local/lib/android/sdk/platforms/android-35-ext15/data/res/values-mcc310-mnc800-ja: Cannot utime: Operation not permitted
build	Cache Android SDK	2026-06-06T12:23:03.9551392Z /usr/bin/tar: ../../../../../usr/local/lib/android/sdk/platforms/android-35-ext15/data/res/values-mcc310-mnc800-ja: Cannot change mode to rwxr-xr-x: Operation not permitted
build	Cache Android SDK	2026-06-06T12:23:03.9553821Z /usr/bin/tar: ../../../../../usr/local/lib/android/sdk/platforms/android-35-ext15/data/res/values-mcc310-mnc490-is: Cannot utime: Operation not permitted
build	Cache Android SDK	2026-06-06T12:23:03.9554796Z /usr/bin/tar: ../../../../../usr/local/lib/android/sdk/platforms/android-35-ext15/data/res/values-mcc310-mnc490-is: Cannot change mode to rwxr-xr-x: Operation not permitted
build	Cache Android SDK	2026-06-06T12:23:03.9557009Z /usr/bin/tar: ../../../../../usr/local/lib/android/sdk/platforms/android-35-ext15/data/res/values-mcc302-mnc720-fi: Cannot utime: Operation not permitted
build	Cache Android SDK	2026-06-06T12:23:03.9560543Z /usr/bin/tar: ../../../../../usr/local/lib/android/sdk/platforms/android-35-ext15/data/res/values-mcc302-mnc720-fi: Cannot change mode to rwxr-xr-x: Operation not permitted
build	Cache Android SDK	2026-06-06T12:23:03.9561513Z /usr/bin/tar: ../../../../../usr/local/lib/android/sdk/platforms/android-35-ext15/data/res/values-mcc310-mnc270-mn: Cannot utime: Operation not permitted
build	Cache Android SDK	2026-06-06T12:23:03.9563240Z /usr/bin/tar: ../../../../../usr/local/lib/android/sdk/platforms/android-35-ext15/data/res/values-mcc310-mnc270-mn: Cannot change mode to rwxr-xr-x: Operation not permitted
build	Cache Android SDK	2026-06-06T12:23:03.9564338Z /usr/bin/tar: ../../../../../usr/local/lib/android/sdk/platforms/android-35-ext15/data/res/values-mcc312-mnc670-ar: Cannot utime: Operation not permitted
build	Cache Android SDK	2026-06-06T12:23:03.9565281Z /usr/bin/tar: ../../../../../usr/local/lib/android/sdk/platforms/android-35-ext15/data/res/values-mcc312-mnc670-ar: Cannot change mode to rwxr-xr-x: Operation not permitted
build	Cache Android SDK	2026-06-06T12:23:03.9567253Z /usr/bin/tar: ../../../../../usr/local/lib/android/sdk/platforms/android-35-ext15/data/res/values-mcc313-mnc100-hu: Cannot utime: Operation not permitted
build	Cache Android SDK	2026-06-06T12:23:03.9568437Z /usr/bin/tar: ../../../../../usr/local/lib/android/sdk/platforms/android-35-ext15/data/res/values-mcc313-mnc100-hu: Cannot change mode to rwxr-xr-x: Operation not permitted
build	Cache Android SDK	2026-06-06T12:23:03.9571233Z /usr/bin/tar: ../../../../../usr/local/lib/android/sdk/platforms/android-35-ext15/data/res/values-in-television: Cannot utime: Operation not permitted
build	Cache Android SDK	2026-06-06T12:23:03.9572413Z /usr/bin/tar: ../../../../../usr/local/lib/android/sdk/platforms/android-35-ext15/data/res/values-in-television: Cannot change mode to rwxr-xr-x: Operation not permitted
build	Cache Android SDK	2026-06-06T12:23:03.9578387Z /usr/bin/tar: ../../../../../usr/local/lib/android/sdk/platforms/android-35-ext15/data/res/values-or: Cannot utime: Operation not permitted
build	Cache Android SDK	2026-06-06T12:23:03.9579627Z /usr/bin/tar: ../../../../../usr/local/lib/android/sdk/platforms/android-35-ext15/data/res/values-or: Cannot change mode to rwxr-xr-x: Operation not permitted
build	Cache Android SDK	2026-06-06T12:23:03.9581719Z /usr/bin/tar: ../../../../../usr/local/lib/android/sdk/platforms/android-35-ext15/data/res/values-mcc310-mnc230-b+sr+Latn: Cannot utime: Operation not permitted
build	Cache Android SDK	2026-06-06T12:23:03.9582970Z /usr/bin/tar: ../../../../../usr/local/lib/android/sdk/platforms/android-35-ext15/data/res/values-mcc310-mnc230-b+sr+Latn: Cannot change mode to rwxr-xr-x: Operation not permitted
build	Cache Android SDK	2026-06-06T12:23:03.9585120Z /usr/bin/tar: ../../../../../usr/local/lib/android/sdk/platforms/android-35-ext15/data/res/values-mcc222-mnc10: Cannot utime: Operation not permitted
build	Cache Android SDK	2026-06-06T12:23:03.9586129Z /usr/bin/tar: ../../../../../usr/local/lib/android/sdk/platforms/android-35-ext15/data/res/values-mcc222-mnc10: Cannot change mode to rwxr-xr-x: Operation not permitted
build	Cache Android SDK	2026-06-06T12:23:03.9588687Z /usr/bin/tar: ../../../../../usr/local/lib/android/sdk/platforms/android-35-ext15/data/res/values-mcc310-mnc310-ru: Cannot utime: Operation not permitted
build	Cache Android SDK	2026-06-06T12:23:03.9589763Z /usr/bin/tar: ../../../../../usr/local/lib/android/sdk/platforms/android-35-ext15/data/res/values-mcc310-mnc310-ru: Cannot change mode to rwxr-xr-x: Operation not permitted
build	Cache Android SDK	2026-06-06T12:23:03.9592276Z /usr/bin/tar: ../../../../../usr/local/lib/android/sdk/platforms/android-35-ext15/data/res/values-mcc310-mnc240-sk: Cannot utime: Operation not permitted
build	Cache Android SDK	2026-06-06T12:23:03.9593246Z /usr/bin/tar: ../../../../../usr/local/lib/android/sdk/platforms/android-35-ext15/data/res/values-mcc310-mnc240-sk: Cannot change mode to rwxr-xr-x: Operation not permitted
build	Cache Android SDK	2026-06-06T12:23:03.9595384Z /usr/bin/tar: ../../../../../usr/local/lib/android/sdk/platforms/android-35-ext15/data/res/values-mcc310-mnc210-fa: Cannot utime: Operation not permitted
build	Cache Android SDK	2026-06-06T12:23:03.9596348Z /usr/bin/tar: ../../../../../usr/local/lib/android/sdk/platforms/android-35-ext15/data/res/values-mcc310-mnc210-fa: Cannot change mode to rwxr-xr-x: Operation not permitted
build	Cache Android SDK	2026-06-06T12:23:03.9599293Z /usr/bin/tar: ../../../../../usr/local/lib/android/sdk/platforms/android-35-ext15/data/res/values-mcc310-mnc200-et: Cannot utime: Operation not permitted
build	Cache Android SDK	2026-06-06T12:23:03.9600336Z /usr/bin/tar: ../../../../../usr/local/lib/android/sdk/platforms/android-35-ext15/data/res/values-mcc310-mnc200-et: Cannot change mode to rwxr-xr-x: Operation not permitted
build	Cache Android SDK	2026-06-06T12:23:03.9605371Z /usr/bin/tar: ../../../../../usr/local/lib/android/sdk/platforms/android-35-ext15/data/res/values-ko: Cannot utime: Operation not permitted
build	Cache Android SDK	2026-06-06T12:23:03.9606635Z /usr/bin/tar: ../../../../../usr/local/lib/android/sdk/platforms/android-35-ext15/data/res/values-ko: Cannot change mode to rwxr-xr-x: Operation not permitted
build	Cache Android SDK	2026-06-06T12:23:03.9608248Z /usr/bin/tar: ../../../../../usr/local/lib/android/sdk/platforms/android-35-ext15/data/res/values-en-rAU-television: Cannot utime: Operation not permitted
build	Cache Android SDK	2026-06-06T12:23:03.9609236Z /usr/bin/tar: ../../../../../usr/local/lib/android/sdk/platforms/android-35-ext15/data/res/values-en-rAU-television: Cannot change mode to rwxr-xr-x: Operation not permitted
build	Cache Android SDK	2026-06-06T12:23:03.9611403Z /usr/bin/tar: ../../../../../usr/local/lib/android/sdk/platforms/android-35-ext15/data/res/values-hy-watch: Cannot utime: Operation not permitted
build	Cache Android SDK	2026-06-06T12:23:03.9612321Z /usr/bin/tar: ../../../../../usr/local/lib/android/sdk/platforms/android-35-ext15/data/res/values-hy-watch: Cannot change mode to rwxr-xr-x: Operation not permitted
build	Cache Android SDK	2026-06-06T12:23:03.9614349Z /usr/bin/tar: ../../../../../usr/local/lib/android/sdk/platforms/android-35-ext15/data/res/values-mcc311-mnc180-kn: Cannot utime: Operation not permitted
build	Cache Android SDK	2026-06-06T12:23:03.9615418Z /usr/bin/tar: ../../../../../usr/local/lib/android/sdk/platforms/android-35-ext15/data/res/values-mcc311-mnc180-kn: Cannot change mode to rwxr-xr-x: Operation not permitted
build	Cache Android SDK	2026-06-06T12:23:03.9617290Z /usr/bin/tar: ../../../../../usr/local/lib/android/sdk/platforms/android-35-ext15/data/res/values-mcc310-mnc210-pl: Cannot utime: Operation not permitted
build	Cache Android SDK	2026-06-06T12:23:03.9618431Z /usr/bin/tar: ../../../../../usr/local/lib/android/sdk/platforms/android-35-ext15/data/res/values-mcc310-mnc210-pl: Cannot change mode to rwxr-xr-x: Operation not permitted
build	Cache Android SDK	2026-06-06T12:23:03.9620347Z /usr/bin/tar: ../../../../../usr/local/lib/android/sdk/platforms/android-35-ext15/data/res/values-mcc310-mnc230-is: Cannot utime: Operation not permitted
build	Cache Android SDK	2026-06-06T12:23:03.9621304Z /usr/bin/tar: ../../../../../usr/local/lib/android/sdk/platforms/android-35-ext15/data/res/values-mcc310-mnc230-is: Cannot change mode to rwxr-xr-x: Operation not permitted
build	Cache Android SDK	2026-06-06T12:23:03.9623579Z /usr/bin/tar: ../../../../../usr/local/lib/android/sdk/platforms/android-35-ext15/data/res/values-mcc712-mnc04: Cannot utime: Operation not permitted
build	Cache Android SDK	2026-06-06T12:23:03.9624535Z /usr/bin/tar: ../../../../../usr/local/lib/android/sdk/platforms/android-35-ext15/data/res/values-mcc712-mnc04: Cannot change mode to rwxr-xr-x: Operation not permitted
build	Cache Android SDK	2026-06-06T12:23:03.9627040Z /usr/bin/tar: ../../../../../usr/local/lib/android/sdk/platforms/android-35-ext15/data/res/values-mcc310-mnc490-ur: Cannot utime: Operation not permitted
build	Cache Android SDK	2026-06-06T12:23:03.9628229Z /usr/bin/tar: ../../../../../usr/local/lib/android/sdk/platforms/android-35-ext15/data/res/values-mcc310-mnc490-ur: Cannot change mode to rwxr-xr-x: Operation not permitted
build	Cache Android SDK	2026-06-06T12:23:03.9630072Z /usr/bin/tar: ../../../../../usr/local/lib/android/sdk/platforms/android-35-ext15/data/res/values-mcc311-mnc180-sl: Cannot utime: Operation not permitted
build	Cache Android SDK	2026-06-06T12:23:03.9631027Z /usr/bin/tar: ../../../../../usr/local/lib/android/sdk/platforms/android-35-ext15/data/res/values-mcc311-mnc180-sl: Cannot change mode to rwxr-xr-x: Operation not permitted
build	Cache Android SDK	2026-06-06T12:23:03.9633594Z /usr/bin/tar: ../../../../../usr/local/lib/android/sdk/platforms/android-35-ext15/data/res/values-mcc310-mnc170-mk: Cannot utime: Operation not permitted
build	Cache Android SDK	2026-06-06T12:23:03.9634548Z /usr/bin/tar: ../../../../../usr/local/lib/android/sdk/platforms/android-35-ext15/data/res/values-mcc310-mnc170-mk: Cannot change mode to rwxr-xr-x: Operation not permitted
build	Cache Android SDK	2026-06-06T12:23:03.9636959Z /usr/bin/tar: ../../../../../usr/local/lib/android/sdk/platforms/android-35-ext15/data/res/values-mcc310-mnc950-th: Cannot utime: Operation not permitted
build	Cache Android SDK	2026-06-06T12:23:03.9638128Z /usr/bin/tar: ../../../../../usr/local/lib/android/sdk/platforms/android-35-ext15/data/res/values-mcc310-mnc950-th: Cannot change mode to rwxr-xr-x: Operation not permitted
build	Cache Android SDK	2026-06-06T12:23:03.9640819Z /usr/bin/tar: ../../../../../usr/local/lib/android/sdk/platforms/android-35-ext15/data/res/values-mcc310-mnc660-nb: Cannot utime: Operation not permitted
build	Cache Android SDK	2026-06-06T12:23:03.9641858Z /usr/bin/tar: ../../../../../usr/local/lib/android/sdk/platforms/android-35-ext15/data/res/values-mcc310-mnc660-nb: Cannot change mode to rwxr-xr-x: Operation not permitted
build	Cache Android SDK	2026-06-06T12:23:03.9644487Z /usr/bin/tar: ../../../../../usr/local/lib/android/sdk/platforms/android-35-ext15/data/res/values-mcc310-mnc030-pa: Cannot utime: Operation not permitted
build	Cache Android SDK	2026-06-06T12:23:03.9645554Z /usr/bin/tar: ../../../../../usr/local/lib/android/sdk/platforms/android-35-ext15/data/res/values-mcc310-mnc030-pa: Cannot change mode to rwxr-xr-x: Operation not permitted
build	Cache Android SDK	2026-06-06T12:23:03.9647672Z /usr/bin/tar: ../../../../../usr/local/lib/android/sdk/platforms/android-35-ext15/data/res/values-gu-watch: Cannot utime: Operation not permitted
build	Cache Android SDK	2026-06-06T12:23:03.9648603Z /usr/bin/tar: ../../../../../usr/local/lib/android/sdk/platforms/android-35-ext15/data/res/values-gu-watch: Cannot change mode to rwxr-xr-x: Operation not permitted
build	Cache Android SDK	2026-06-06T12:23:03.9650361Z /usr/bin/tar: ../../../../../usr/local/lib/android/sdk/platforms/android-35-ext15/data/res/values-mcc310-mnc660-si: Cannot utime: Operation not permitted
build	Cache Android SDK	2026-06-06T12:23:03.9652055Z /usr/bin/tar: ../../../../../usr/local/lib/android/sdk/platforms/android-35-ext15/data/res/values-mcc310-mnc660-si: Cannot change mode to rwxr-xr-x: Operation not permitted
build	Cache Android SDK	2026-06-06T12:23:03.9653798Z /usr/bin/tar: ../../../../../usr/local/lib/android/sdk/platforms/android-35-ext15/data/res/values-mcc310-mnc380-eu: Cannot utime: Operation not permitted
build	Cache Android SDK	2026-06-06T12:23:03.9655566Z /usr/bin/tar: ../../../../../usr/local/lib/android/sdk/platforms/android-35-ext15/data/res/values-mcc310-mnc380-eu: Cannot change mode to rwxr-xr-x: Operation not permitted
build	Cache Android SDK	2026-06-06T12:23:03.9657462Z /usr/bin/tar: ../../../../../usr/local/lib/android/sdk/platforms/android-35-ext15/data/res/values-mcc334-mnc020-pa: Cannot utime: Operation not permitted
build	Cache Android SDK	2026-06-06T12:23:03.9658895Z /usr/bin/tar: ../../../../../usr/local/lib/android/sdk/platforms/android-35-ext15/data/res/values-mcc334-mnc020-pa: Cannot change mode to rwxr-xr-x: Operation not permitted
build	Cache Android SDK	2026-06-06T12:23:03.9660310Z /usr/bin/tar: ../../../../../usr/local/lib/android/sdk/platforms/android-35-ext15/data/res/values-mcc310-mnc560-fr: Cannot utime: Operation not permitted
build	Cache Android SDK	2026-06-06T12:23:03.9661264Z /usr/bin/tar: ../../../../../usr/local/lib/android/sdk/platforms/android-35-ext15/data/res/values-mcc310-mnc560-fr: Cannot change mode to rwxr-xr-x: Operation not permitted
build	Cache Android SDK	2026-06-06T12:23:03.9662954Z /usr/bin/tar: ../../../../../usr/local/lib/android/sdk/platforms/android-35-ext15/data/res/values-mcc334-mnc020-pt-rBR: Cannot utime: Operation not permitted
build	Cache Android SDK	2026-06-06T12:23:03.9663952Z /usr/bin/tar: ../../../../../usr/local/lib/android/sdk/platforms/android-35-ext15/data/res/values-mcc334-mnc020-pt-rBR: Cannot change mode to rwxr-xr-x: Operation not permitted
build	Cache Android SDK	2026-06-06T12:23:03.9666568Z /usr/bin/tar: ../../../../../usr/local/lib/android/sdk/platforms/android-35-ext15/data/res/values-mcc313-mnc100-ur: Cannot utime: Operation not permitted
build	Cache Android SDK	2026-06-06T12:23:03.9667671Z /usr/bin/tar: ../../../../../usr/local/lib/android/sdk/platforms/android-35-ext15/data/res/values-mcc313-mnc100-ur: Cannot change mode to rwxr-xr-x: Operation not permitted
build	Cache Android SDK	2026-06-06T12:23:03.9669109Z /usr/bin/tar: ../../../../../usr/local/lib/android/sdk/platforms/android-35-ext15/data/res/values-mcc310-mnc230-ml: Cannot utime: Operation not permitted
build	Cache Android SDK	2026-06-06T12:23:03.9670138Z /usr/bin/tar: ../../../../../usr/local/lib/android/sdk/platforms/android-35-ext15/data/res/values-mcc310-mnc230-ml: Cannot change mode to rwxr-xr-x: Operation not permitted
build	Cache Android SDK	2026-06-06T12:23:03.9672361Z /usr/bin/tar: ../../../../../usr/local/lib/android/sdk/platforms/android-35-ext15/data/res/values-sr-rRS: Cannot utime: Operation not permitted
build	Cache Android SDK	2026-06-06T12:23:03.9673274Z /usr/bin/tar: ../../../../../usr/local/lib/android/sdk/platforms/android-35-ext15/data/res/values-sr-rRS: Cannot change mode to rwxr-xr-x: Operation not permitted
build	Cache Android SDK	2026-06-06T12:23:03.9675494Z /usr/bin/tar: ../../../../../usr/local/lib/android/sdk/platforms/android-35-ext15/data/res/values-mcc310-mnc160-cs: Cannot utime: Operation not permitted
build	Cache Android SDK	2026-06-06T12:23:03.9676511Z /usr/bin/tar: ../../../../../usr/local/lib/android/sdk/platforms/android-35-ext15/data/res/values-mcc310-mnc160-cs: Cannot change mode to rwxr-xr-x: Operation not permitted
build	Cache Android SDK	2026-06-06T12:23:03.9679191Z /usr/bin/tar: ../../../../../usr/local/lib/android/sdk/platforms/android-35-ext15/data/res/values-mcc240-mnc01: Cannot utime: Operation not permitted
build	Cache Android SDK	2026-06-06T12:23:03.9680128Z /usr/bin/tar: ../../../../../usr/local/lib/android/sdk/platforms/android-35-ext15/data/res/values-mcc240-mnc01: Cannot change mode to rwxr-xr-x: Operation not permitted
build	Cache Android SDK	2026-06-06T12:23:03.9682071Z /usr/bin/tar: ../../../../../usr/local/lib/android/sdk/platforms/android-35-ext15/data/res/values-mcc310-mnc800-fr: Cannot utime: Operation not permitted
build	Cache Android SDK	2026-06-06T12:23:03.9683018Z /usr/bin/tar: ../../../../../usr/local/lib/android/sdk/platforms/android-35-ext15/data/res/values-mcc310-mnc800-fr: Cannot change mode to rwxr-xr-x: Operation not permitted
build	Cache Android SDK	2026-06-06T12:23:03.9684985Z /usr/bin/tar: ../../../../../usr/local/lib/android/sdk/platforms/android-35-ext15/data/res/values-mcc310-mnc490-pt-rPT: Cannot utime: Operation not permitted
build	Cache Android SDK	2026-06-06T12:23:03.9685981Z /usr/bin/tar: ../../../../../usr/local/lib/android/sdk/platforms/android-35-ext15/data/res/values-mcc310-mnc490-pt-rPT: Cannot change mode to rwxr-xr-x: Operation not permitted
build	Cache Android SDK	2026-06-06T12:23:03.9688006Z /usr/bin/tar: ../../../../../usr/local/lib/android/sdk/platforms/android-35-ext15/data/res/values-mcc310-mnc160-bn: Cannot utime: Operation not permitted
build	Cache Android SDK	2026-06-06T12:23:03.9688971Z /usr/bin/tar: ../../../../../usr/local/lib/android/sdk/platforms/android-35-ext15/data/res/values-mcc310-mnc160-bn: Cannot change mode to rwxr-xr-x: Operation not permitted
build	Cache Android SDK	2026-06-06T12:23:03.9694052Z /usr/bin/tar: ../../../../../usr/local/lib/android/sdk/platforms/android-35-ext15/data/res/values-in: Cannot utime: Operation not permitted
build	Cache Android SDK	2026-06-06T12:23:03.9694950Z /usr/bin/tar: ../../../../../usr/local/lib/android/sdk/platforms/android-35-ext15/data/res/values-in: Cannot change mode to rwxr-xr-x: Operation not permitted
build	Cache Android SDK	2026-06-06T12:23:03.9696854Z /usr/bin/tar: ../../../../../usr/local/lib/android/sdk/platforms/android-35-ext15/data/res/values-mcc310-mnc220-kn: Cannot utime: Operation not permitted
build	Cache Android SDK	2026-06-06T12:23:03.9698024Z /usr/bin/tar: ../../../../../usr/local/lib/android/sdk/platforms/android-35-ext15/data/res/values-mcc310-mnc220-kn: Cannot change mode to rwxr-xr-x: Operation not permitted
build	Cache Android SDK	2026-06-06T12:23:03.9701036Z /usr/bin/tar: ../../../../../usr/local/lib/android/sdk/platforms/android-35-ext15/data/res/values-mcc214: Cannot utime: Operation not permitted
build	Cache Android SDK	2026-06-06T12:23:03.9701929Z /usr/bin/tar: ../../../../../usr/local/lib/android/sdk/platforms/android-35-ext15/data/res/values-mcc214: Cannot change mode to rwxr-xr-x: Operation not permitted
build	Cache Android SDK	2026-06-06T12:23:03.9703412Z /usr/bin/tar: ../../../../../usr/local/lib/android/sdk/platforms/android-35-ext15/data/res/values-mcc310-mnc660-zh-rTW: Cannot utime: Operation not permitted
build	Cache Android SDK	2026-06-06T12:23:03.9704397Z /usr/bin/tar: ../../../../../usr/local/lib/android/sdk/platforms/android-35-ext15/data/res/values-mcc310-mnc660-zh-rTW: Cannot change mode to rwxr-xr-x: Operation not permitted
build	Cache Android SDK	2026-06-06T12:23:03.9706096Z /usr/bin/tar: ../../../../../usr/local/lib/android/sdk/platforms/android-35-ext15/data/res/values-is-television: Cannot utime: Operation not permitted
build	Cache Android SDK	2026-06-06T12:23:03.9707164Z /usr/bin/tar: ../../../../../usr/local/lib/android/sdk/platforms/android-35-ext15/data/res/values-is-television: Cannot change mode to rwxr-xr-x: Operation not permitted
build	Cache Android SDK	2026-06-06T12:23:03.9713777Z /usr/bin/tar: ../../../../../usr/local/lib/android/sdk/platforms/android-35-ext15/data/res/values-en-rIN: Cannot utime: Operation not permitted
build	Cache Android SDK	2026-06-06T12:23:03.9714928Z /usr/bin/tar: ../../../../../usr/local/lib/android/sdk/platforms/android-35-ext15/data/res/values-en-rIN: Cannot change mode to rwxr-xr-x: Operation not permitted
build	Cache Android SDK	2026-06-06T12:23:03.9716421Z /usr/bin/tar: ../../../../../usr/local/lib/android/sdk/platforms/android-35-ext15/data/res/values-sw-watch: Cannot utime: Operation not permitted
build	Cache Android SDK	2026-06-06T12:23:03.9717644Z /usr/bin/tar: ../../../../../usr/local/lib/android/sdk/platforms/android-35-ext15/data/res/values-sw-watch: Cannot change mode to rwxr-xr-x: Operation not permitted
build	Cache Android SDK	2026-06-06T12:23:03.9719159Z /usr/bin/tar: ../../../../../usr/local/lib/android/sdk/platforms/android-35-ext15/data/res/values-mcc310-mnc270-sv: Cannot utime: Operation not permitted
build	Cache Android SDK	2026-06-06T12:23:03.9720135Z /usr/bin/tar: ../../../../../usr/local/lib/android/sdk/platforms/android-35-ext15/data/res/values-mcc310-mnc270-sv: Cannot change mode to rwxr-xr-x: Operation not permitted
build	Cache Android SDK	2026-06-06T12:23:03.9723142Z /usr/bin/tar: ../../../../../usr/local/lib/android/sdk/platforms/android-35-ext15/data/res/values-mcc310-mnc490-bg: Cannot utime: Operation not permitted
build	Cache Android SDK	2026-06-06T12:23:03.9724239Z /usr/bin/tar: ../../../../../usr/local/lib/android/sdk/platforms/android-35-ext15/data/res/values-mcc310-mnc490-bg: Cannot change mode to rwxr-xr-x: Operation not permitted
build	Cache Android SDK	2026-06-06T12:23:03.9726015Z /usr/bin/tar: ../../../../../usr/local/lib/android/sdk/platforms/android-35-ext15/data/res/values-mcc466-mnc11: Cannot utime: Operation not permitted
build	Cache Android SDK	2026-06-06T12:23:03.9726973Z /usr/bin/tar: ../../../../../usr/local/lib/android/sdk/platforms/android-35-ext15/data/res/values-mcc466-mnc11: Cannot change mode to rwxr-xr-x: Operation not permitted
build	Cache Android SDK	2026-06-06T12:23:03.9729593Z /usr/bin/tar: ../../../../../usr/local/lib/android/sdk/platforms/android-35-ext15/data/res/values-mcc310-mnc200-my: Cannot utime: Operation not permitted
build	Cache Android SDK	2026-06-06T12:23:03.9730572Z /usr/bin/tar: ../../../../../usr/local/lib/android/sdk/platforms/android-35-ext15/data/res/values-mcc310-mnc200-my: Cannot change mode to rwxr-xr-x: Operation not permitted
build	Cache Android SDK	2026-06-06T12:23:03.9732300Z /usr/bin/tar: ../../../../../usr/local/lib/android/sdk/platforms/android-35-ext15/data/res/values-mcc310-mnc210-ka: Cannot utime: Operation not permitted
build	Cache Android SDK	2026-06-06T12:23:03.9733264Z /usr/bin/tar: ../../../../../usr/local/lib/android/sdk/platforms/android-35-ext15/data/res/values-mcc310-mnc210-ka: Cannot change mode to rwxr-xr-x: Operation not permitted
build	Cache Android SDK	2026-06-06T12:23:03.9810463Z /usr/bin/tar: ../../../../../usr/local/lib/android/sdk/platforms/android-35-ext15/data/res/anim: Cannot utime: Operation not permitted
build	Cache Android SDK	2026-06-06T12:23:03.9811895Z /usr/bin/tar: ../../../../../usr/local/lib/android/sdk/platforms/android-35-ext15/data/res/anim: Cannot change mode to rwxr-xr-x: Operation not permitted
build	Cache Android SDK	2026-06-06T12:23:03.9813078Z /usr/bin/tar: ../../../../../usr/local/lib/android/sdk/platforms/android-35-ext15/data/res/values-mcc310-mnc560-sw: Cannot utime: Operation not permitted
build	Cache Android SDK	2026-06-06T12:23:03.9814029Z /usr/bin/tar: ../../../../../usr/local/lib/android/sdk/platforms/android-35-ext15/data/res/values-mcc310-mnc560-sw: Cannot change mode to rwxr-xr-x: Operation not permitted
build	Cache Android SDK	2026-06-06T12:23:03.9815541Z /usr/bin/tar: ../../../../../usr/local/lib/android/sdk/platforms/android-35-ext15/data/res/values-mcc310-mnc270-ka: Cannot utime: Operation not permitted
build	Cache Android SDK	2026-06-06T12:23:03.9816502Z /usr/bin/tar: ../../../../../usr/local/lib/android/sdk/platforms/android-35-ext15/data/res/values-mcc310-mnc270-ka: Cannot change mode to rwxr-xr-x: Operation not permitted
build	Cache Android SDK	2026-06-06T12:23:03.9818257Z /usr/bin/tar: ../../../../../usr/local/lib/android/sdk/platforms/android-35-ext15/data/res/values-mcc334-mnc020-af: Cannot utime: Operation not permitted
build	Cache Android SDK	2026-06-06T12:23:03.9819320Z /usr/bin/tar: ../../../../../usr/local/lib/android/sdk/platforms/android-35-ext15/data/res/values-mcc334-mnc020-af: Cannot change mode to rwxr-xr-x: Operation not permitted
build	Cache Android SDK	2026-06-06T12:23:03.9822399Z /usr/bin/tar: ../../../../../usr/local/lib/android/sdk/platforms/android-35-ext15/data/res/values-mcc310-mnc560-el: Cannot utime: Operation not permitted
build	Cache Android SDK	2026-06-06T12:23:03.9824115Z /usr/bin/tar: ../../../../../usr/local/lib/android/sdk/platforms/android-35-ext15/data/res/values-mcc310-mnc560-el: Cannot change mode to rwxr-xr-x: Operation not permitted
build	Cache Android SDK	2026-06-06T12:23:03.9827135Z /usr/bin/tar: ../../../../../usr/local/lib/android/sdk/platforms/android-35-ext15/data/res/layout-xlarge: Cannot utime: Operation not permitted
build	Cache Android SDK	2026-06-06T12:23:03.9828375Z /usr/bin/tar: ../../../../../usr/local/lib/android/sdk/platforms/android-35-ext15/data/res/layout-xlarge: Cannot change mode to rwxr-xr-x: Operation not permitted
build	Cache Android SDK	2026-06-06T12:23:03.9830251Z /usr/bin/tar: ../../../../../usr/local/lib/android/sdk/platforms/android-35-ext15/data/res/values-mcc001-mnc01-bn: Cannot utime: Operation not permitted
build	Cache Android SDK	2026-06-06T12:23:03.9832137Z /usr/bin/tar: ../../../../../usr/local/lib/android/sdk/platforms/android-35-ext15/data/res/values-mcc001-mnc01-bn: Cannot change mode to rwxr-xr-x: Operation not permitted
build	Cache Android SDK	2026-06-06T12:23:03.9833744Z /usr/bin/tar: ../../../../../usr/local/lib/android/sdk/platforms/android-35-ext15/data/res/values-mcc310-mnc270-zh-rCN: Cannot utime: Operation not permitted
build	Cache Android SDK	2026-06-06T12:23:03.9835016Z /usr/bin/tar: ../../../../../usr/local/lib/android/sdk/platforms/android-35-ext15/data/res/values-mcc310-mnc270-zh-rCN: Cannot change mode to rwxr-xr-x: Operation not permitted
build	Cache Android SDK	2026-06-06T12:23:03.9836792Z /usr/bin/tar: ../../../../../usr/local/lib/android/sdk/platforms/android-35-ext15/data/res/values-mcc302-mnc370-zu: Cannot utime: Operation not permitted
build	Cache Android SDK	2026-06-06T12:23:03.9838492Z /usr/bin/tar: ../../../../../usr/local/lib/android/sdk/platforms/android-35-ext15/data/res/values-mcc302-mnc370-zu: Cannot change mode to rwxr-xr-x: Operation not permitted
build	Cache Android SDK	2026-06-06T12:23:03.9840047Z /usr/bin/tar: ../../../../../usr/local/lib/android/sdk/platforms/android-35-ext15/data/res/values-mcc310-mnc210-ne: Cannot utime: Operation not permitted
build	Cache Android SDK	2026-06-06T12:23:03.9841073Z /usr/bin/tar: ../../../../../usr/local/lib/android/sdk/platforms/android-35-ext15/data/res/values-mcc310-mnc210-ne: Cannot change mode to rwxr-xr-x: Operation not permitted
build	Cache Android SDK	2026-06-06T12:23:03.9842782Z /usr/bin/tar: ../../../../../usr/local/lib/android/sdk/platforms/android-35-ext15/data/res/values-mcc302-mnc370-en-rIN: Cannot utime: Operation not permitted
build	Cache Android SDK	2026-06-06T12:23:03.9844635Z /usr/bin/tar: ../../../../../usr/local/lib/android/sdk/platforms/android-35-ext15/data/res/values-mcc302-mnc370-en-rIN: Cannot change mode to rwxr-xr-x: Operation not permitted
build	Cache Android SDK	2026-06-06T12:23:03.9846578Z /usr/bin/tar: ../../../../../usr/local/lib/android/sdk/platforms/android-35-ext15/data/res/values-ky-television: Cannot utime: Operation not permitted
build	Cache Android SDK	2026-06-06T12:23:03.9848421Z /usr/bin/tar: ../../../../../usr/local/lib/android/sdk/platforms/android-35-ext15/data/res/values-ky-television: Cannot change mode to rwxr-xr-x: Operation not permitted
build	Cache Android SDK	2026-06-06T12:23:03.9850280Z /usr/bin/tar: ../../../../../usr/local/lib/android/sdk/platforms/android-35-ext15/data/res/values-mcc310-mnc210-ms: Cannot utime: Operation not permitted
build	Cache Android SDK	2026-06-06T12:23:03.9851896Z /usr/bin/tar: ../../../../../usr/local/lib/android/sdk/platforms/android-35-ext15/data/res/values-mcc310-mnc210-ms: Cannot change mode to rwxr-xr-x: Operation not permitted
build	Cache Android SDK	2026-06-06T12:23:03.9853781Z /usr/bin/tar: ../../../../../usr/local/lib/android/sdk/platforms/android-35-ext15/data/res/values-mcc310-mnc210-hi: Cannot utime: Operation not permitted
build	Cache Android SDK	2026-06-06T12:23:03.9855423Z /usr/bin/tar: ../../../../../usr/local/lib/android/sdk/platforms/android-35-ext15/data/res/values-mcc310-mnc210-hi: Cannot change mode to rwxr-xr-x: Operation not permitted
build	Cache Android SDK	2026-06-06T12:23:03.9856527Z /usr/bin/tar: ../../../../../usr/local/lib/android/sdk/platforms/android-35-ext15/data/res/values-mcc310-mnc210-is: Cannot utime: Operation not permitted
build	Cache Android SDK	2026-06-06T12:23:03.9857791Z /usr/bin/tar: ../../../../../usr/local/lib/android/sdk/platforms/android-35-ext15/data/res/values-mcc310-mnc210-is: Cannot change mode to rwxr-xr-x: Operation not permitted
build	Cache Android SDK	2026-06-06T12:23:03.9859354Z /usr/bin/tar: ../../../../../usr/local/lib/android/sdk/platforms/android-35-ext15/data/res/values-mcc312-mnc670-tl: Cannot utime: Operation not permitted
build	Cache Android SDK	2026-06-06T12:23:03.9860504Z /usr/bin/tar: ../../../../../usr/local/lib/android/sdk/platforms/android-35-ext15/data/res/values-mcc312-mnc670-tl: Cannot change mode to rwxr-xr-x: Operation not permitted
build	Cache Android SDK	2026-06-06T12:23:03.9862818Z /usr/bin/tar: ../../../../../usr/local/lib/android/sdk/platforms/android-35-ext15/data/res/values-mcc310-mnc950-pa: Cannot utime: Operation not permitted
build	Cache Android SDK	2026-06-06T12:23:03.9864645Z /usr/bin/tar: ../../../../../usr/local/lib/android/sdk/platforms/android-35-ext15/data/res/values-mcc310-mnc950-pa: Cannot change mode to rwxr-xr-x: Operation not permitted
build	Cache Android SDK	2026-06-06T12:23:03.9866249Z /usr/bin/tar: ../../../../../usr/local/lib/android/sdk/platforms/android-35-ext15/data/res/values-mcc310-mnc660-be: Cannot utime: Operation not permitted
build	Cache Android SDK	2026-06-06T12:23:03.9867278Z /usr/bin/tar: ../../../../../usr/local/lib/android/sdk/platforms/android-35-ext15/data/res/values-mcc310-mnc660-be: Cannot change mode to rwxr-xr-x: Operation not permitted
build	Cache Android SDK	2026-06-06T12:23:03.9869226Z /usr/bin/tar: ../../../../../usr/local/lib/android/sdk/platforms/android-35-ext15/data/res/values-mcc310-mnc250-el: Cannot utime: Operation not permitted
build	Cache Android SDK	2026-06-06T12:23:03.9870227Z /usr/bin/tar: ../../../../../usr/local/lib/android/sdk/platforms/android-35-ext15/data/res/values-mcc310-mnc250-el: Cannot change mode to rwxr-xr-x: Operation not permitted
build	Cache Android SDK	2026-06-06T12:23:03.9872498Z /usr/bin/tar: ../../../../../usr/local/lib/android/sdk/platforms/android-35-ext15/data/res/values-mcc310-mnc160-az: Cannot utime: Operation not permitted
build	Cache Android SDK	2026-06-06T12:23:03.9873549Z /usr/bin/tar: ../../../../../usr/local/lib/android/sdk/platforms/android-35-ext15/data/res/values-mcc310-mnc160-az: Cannot change mode to rwxr-xr-x: Operation not permitted
build	Cache Android SDK	2026-06-06T12:23:03.9875113Z /usr/bin/tar: ../../../../../usr/local/lib/android/sdk/platforms/android-35-ext15/data/res/values-mcc312-mnc670-sl: Cannot utime: Operation not permitted
build	Cache Android SDK	2026-06-06T12:23:03.9876086Z /usr/bin/tar: ../../../../../usr/local/lib/android/sdk/platforms/android-35-ext15/data/res/values-mcc312-mnc670-sl: Cannot change mode to rwxr-xr-x: Operation not permitted
build	Cache Android SDK	2026-06-06T12:23:03.9878238Z /usr/bin/tar: ../../../../../usr/local/lib/android/sdk/platforms/android-35-ext15/data/res/values-mcc312-mnc670: Cannot utime: Operation not permitted
build	Cache Android SDK	2026-06-06T12:23:03.9879281Z /usr/bin/tar: ../../../../../usr/local/lib/android/sdk/platforms/android-35-ext15/data/res/values-mcc312-mnc670: Cannot change mode to rwxr-xr-x: Operation not permitted
build	Cache Android SDK	2026-06-06T12:23:03.9881769Z /usr/bin/tar: ../../../../../usr/local/lib/android/sdk/platforms/android-35-ext15/data/res/values-mcc310-mnc380-en-rAU: Cannot utime: Operation not permitted
build	Cache Android SDK	2026-06-06T12:23:03.9882843Z /usr/bin/tar: ../../../../../usr/local/lib/android/sdk/platforms/android-35-ext15/data/res/values-mcc310-mnc380-en-rAU: Cannot change mode to rwxr-xr-x: Operation not permitted
build	Cache Android SDK	2026-06-06T12:23:03.9884594Z /usr/bin/tar: ../../../../../usr/local/lib/android/sdk/platforms/android-35-ext15/data/res/values-mcc310-mnc200-sl: Cannot utime: Operation not permitted
build	Cache Android SDK	2026-06-06T12:23:03.9885635Z /usr/bin/tar: ../../../../../usr/local/lib/android/sdk/platforms/android-35-ext15/data/res/values-mcc310-mnc200-sl: Cannot change mode to rwxr-xr-x: Operation not permitted
build	Cache Android SDK	2026-06-06T12:23:03.9887135Z /usr/bin/tar: ../../../../../usr/local/lib/android/sdk/platforms/android-35-ext15/data/res/values-mcc310-mnc250-sk: Cannot utime: Operation not permitted
build	Cache Android SDK	2026-06-06T12:23:03.9889625Z /usr/bin/tar: ../../../../../usr/local/lib/android/sdk/platforms/android-35-ext15/data/res/values-mcc310-mnc250-sk: Cannot change mode to rwxr-xr-x: Operation not permitted
build	Cache Android SDK	2026-06-06T12:23:03.9891056Z /usr/bin/tar: ../../../../../usr/local/lib/android/sdk/platforms/android-35-ext15/data/res/values-mcc310-mnc280-en-rXC: Cannot utime: Operation not permitted
build	Cache Android SDK	2026-06-06T12:23:03.9892222Z /usr/bin/tar: ../../../../../usr/local/lib/android/sdk/platforms/android-35-ext15/data/res/values-mcc310-mnc280-en-rXC: Cannot change mode to rwxr-xr-x: Operation not permitted
build	Cache Android SDK	2026-06-06T12:23:03.9894232Z /usr/bin/tar: ../../../../../usr/local/lib/android/sdk/platforms/android-35-ext15/data/res/values-mcc310-mnc230-zh-rCN: Cannot utime: Operation not permitted
build	Cache Android SDK	2026-06-06T12:23:03.9896017Z /usr/bin/tar: ../../../../../usr/local/lib/android/sdk/platforms/android-35-ext15/data/res/values-mcc310-mnc230-zh-rCN: Cannot change mode to rwxr-xr-x: Operation not permitted
build	Cache Android SDK	2026-06-06T12:23:03.9897102Z /usr/bin/tar: ../../../../../usr/local/lib/android/sdk/platforms/android-35-ext15/data/res/values-mcc310-mnc220-sw: Cannot utime: Operation not permitted
build	Cache Android SDK	2026-06-06T12:23:03.9898644Z /usr/bin/tar: ../../../../../usr/local/lib/android/sdk/platforms/android-35-ext15/data/res/values-mcc310-mnc220-sw: Cannot change mode to rwxr-xr-x: Operation not permitted
build	Cache Android SDK	2026-06-06T12:23:03.9900285Z /usr/bin/tar: ../../../../../usr/local/lib/android/sdk/platforms/android-35-ext15/data/res/values-mcc310-mnc170-b+sr+Latn: Cannot utime: Operation not permitted
build	Cache Android SDK	2026-06-06T12:23:03.9901943Z /usr/bin/tar: ../../../../../usr/local/lib/android/sdk/platforms/android-35-ext15/data/res/values-mcc310-mnc170-b+sr+Latn: Cannot change mode to rwxr-xr-x: Operation not permitted
build	Cache Android SDK	2026-06-06T12:23:03.9903003Z /usr/bin/tar: ../../../../../usr/local/lib/android/sdk/platforms/android-35-ext15/data/res/values-sw720dp-port: Cannot utime: Operation not permitted
build	Cache Android SDK	2026-06-06T12:23:03.9904472Z /usr/bin/tar: ../../../../../usr/local/lib/android/sdk/platforms/android-35-ext15/data/res/values-sw720dp-port: Cannot change mode to rwxr-xr-x: Operation not permitted
build	Cache Android SDK	2026-06-06T12:23:03.9905645Z /usr/bin/tar: ../../../../../usr/local/lib/android/sdk/platforms/android-35-ext15/data/res/values-mcc310-mnc030-si: Cannot utime: Operation not permitted
build	Cache Android SDK	2026-06-06T12:23:03.9906839Z /usr/bin/tar: ../../../../../usr/local/lib/android/sdk/platforms/android-35-ext15/data/res/values-mcc310-mnc030-si: Cannot change mode to rwxr-xr-x: Operation not permitted
build	Cache Android SDK	2026-06-06T12:23:03.9908822Z /usr/bin/tar: ../../../../../usr/local/lib/android/sdk/platforms/android-35-ext15/data/res/values-mcc310-mnc150-is: Cannot utime: Operation not permitted
build	Cache Android SDK	2026-06-06T12:23:03.9910358Z /usr/bin/tar: ../../../../../usr/local/lib/android/sdk/platforms/android-35-ext15/data/res/values-mcc310-mnc150-is: Cannot change mode to rwxr-xr-x: Operation not permitted
build	Cache Android SDK	2026-06-06T12:23:03.9911618Z /usr/bin/tar: ../../../../../usr/local/lib/android/sdk/platforms/android-35-ext15/data/res/values-mcc310-mnc030-tl: Cannot utime: Operation not permitted
build	Cache Android SDK	2026-06-06T12:23:03.9912795Z /usr/bin/tar: ../../../../../usr/local/lib/android/sdk/platforms/android-35-ext15/data/res/values-mcc310-mnc030-tl: Cannot change mode to rwxr-xr-x: Operation not permitted
build	Cache Android SDK	2026-06-06T12:23:03.9914033Z /usr/bin/tar: ../../../../../usr/local/lib/android/sdk/platforms/android-35-ext15/data/res/values-mcc310-mnc490-af: Cannot utime: Operation not permitted
build	Cache Android SDK	2026-06-06T12:23:03.9915054Z /usr/bin/tar: ../../../../../usr/local/lib/android/sdk/platforms/android-35-ext15/data/res/values-mcc310-mnc490-af: Cannot change mode to rwxr-xr-x: Operation not permitted
build	Cache Android SDK	2026-06-06T12:23:03.9916402Z /usr/bin/tar: ../../../../../usr/local/lib/android/sdk/platforms/android-35-ext15/data/res/values-mcc313-mnc100-el: Cannot utime: Operation not permitted
build	Cache Android SDK	2026-06-06T12:23:03.9917339Z /usr/bin/tar: ../../../../../usr/local/lib/android/sdk/platforms/android-35-ext15/data/res/values-mcc313-mnc100-el: Cannot change mode to rwxr-xr-x: Operation not permitted
build	Cache Android SDK	2026-06-06T12:23:03.9919391Z /usr/bin/tar: ../../../../../usr/local/lib/android/sdk/platforms/android-35-ext15/data/res/values-mcc310-mnc220-pt-rBR: Cannot utime: Operation not permitted
build	Cache Android SDK	2026-06-06T12:23:03.9920453Z /usr/bin/tar: ../../../../../usr/local/lib/android/sdk/platforms/android-35-ext15/data/res/values-mcc310-mnc220-pt-rBR: Cannot change mode to rwxr-xr-x: Operation not permitted
build	Cache Android SDK	2026-06-06T12:23:03.9922598Z /usr/bin/tar: ../../../../../usr/local/lib/android/sdk/platforms/android-35-ext15/data/res/values-mcc310-mnc240-te: Cannot utime: Operation not permitted
build	Cache Android SDK	2026-06-06T12:23:03.9923561Z /usr/bin/tar: ../../../../../usr/local/lib/android/sdk/platforms/android-35-ext15/data/res/values-mcc310-mnc240-te: Cannot change mode to rwxr-xr-x: Operation not permitted
build	Cache Android SDK	2026-06-06T12:23:03.9925530Z /usr/bin/tar: ../../../../../usr/local/lib/android/sdk/platforms/android-35-ext15/data/res/values-mcc334-mnc020-es-rUS: Cannot utime: Operation not permitted
build	Cache Android SDK	2026-06-06T12:23:03.9926526Z /usr/bin/tar: ../../../../../usr/local/lib/android/sdk/platforms/android-35-ext15/data/res/values-mcc334-mnc020-es-rUS: Cannot change mode to rwxr-xr-x: Operation not permitted
build	Cache Android SDK	2026-06-06T12:23:03.9928710Z /usr/bin/tar: ../../../../../usr/local/lib/android/sdk/platforms/android-35-ext15/data/res/values-mcc302-mnc370-en-rCA: Cannot utime: Operation not permitted
build	Cache Android SDK	2026-06-06T12:23:03.9929692Z /usr/bin/tar: ../../../../../usr/local/lib/android/sdk/platforms/android-35-ext15/data/res/values-mcc302-mnc370-en-rCA: Cannot change mode to rwxr-xr-x: Operation not permitted
build	Cache Android SDK	2026-06-06T12:23:03.9932194Z /usr/bin/tar: ../../../../../usr/local/lib/android/sdk/platforms/android-35-ext15/data/res/values-mcc310-mnc170-pl: Cannot utime: Operation not permitted
build	Cache Android SDK	2026-06-06T12:23:03.9933253Z /usr/bin/tar: ../../../../../usr/local/lib/android/sdk/platforms/android-35-ext15/data/res/values-mcc310-mnc170-pl: Cannot change mode to rwxr-xr-x: Operation not permitted
build	Cache Android SDK	2026-06-06T12:23:03.9934742Z /usr/bin/tar: ../../../../../usr/local/lib/android/sdk/platforms/android-35-ext15/data/res/values-be-watch: Cannot utime: Operation not permitted
build	Cache Android SDK	2026-06-06T12:23:03.9935659Z /usr/bin/tar: ../../../../../usr/local/lib/android/sdk/platforms/android-35-ext15/data/res/values-be-watch: Cannot change mode to rwxr-xr-x: Operation not permitted
build	Cache Android SDK	2026-06-06T12:23:03.9942847Z /usr/bin/tar: ../../../../../usr/local/lib/android/sdk/platforms/android-35-ext15/data/res/values-fi-television: Cannot utime: Operation not permitted
build	Cache Android SDK	2026-06-06T12:23:03.9943962Z /usr/bin/tar: ../../../../../usr/local/lib/android/sdk/platforms/android-35-ext15/data/res/values-fi-television: Cannot change mode to rwxr-xr-x: Operation not permitted
build	Cache Android SDK	2026-06-06T12:23:03.9945034Z /usr/bin/tar: ../../../../../usr/local/lib/android/sdk/platforms/android-35-ext15/data/res/values-mcc310-mnc800-pt-rPT: Cannot utime: Operation not permitted
build	Cache Android SDK	2026-06-06T12:23:03.9946245Z /usr/bin/tar: ../../../../../usr/local/lib/android/sdk/platforms/android-35-ext15/data/res/values-mcc310-mnc800-pt-rPT: Cannot change mode to rwxr-xr-x: Operation not permitted
build	Cache Android SDK	2026-06-06T12:23:03.9947577Z /usr/bin/tar: ../../../../../usr/local/lib/android/sdk/platforms/android-35-ext15/data/res/values-mcc310-mnc490-hi: Cannot utime: Operation not permitted
build	Cache Android SDK	2026-06-06T12:23:03.9948726Z /usr/bin/tar: ../../../../../usr/local/lib/android/sdk/platforms/android-35-ext15/data/res/values-mcc310-mnc490-hi: Cannot change mode to rwxr-xr-x: Operation not permitted
build	Cache Android SDK	2026-06-06T12:23:03.9949780Z /usr/bin/tar: ../../../../../usr/local/lib/android/sdk/platforms/android-35-ext15/data/res/values-mcc001-mnc01-hu: Cannot utime: Operation not permitted
build	Cache Android SDK	2026-06-06T12:23:03.9950791Z /usr/bin/tar: ../../../../../usr/local/lib/android/sdk/platforms/android-35-ext15/data/res/values-mcc001-mnc01-hu: Cannot change mode to rwxr-xr-x: Operation not permitted
build	Cache Android SDK	2026-06-06T12:23:03.9952092Z /usr/bin/tar: ../../../../../usr/local/lib/android/sdk/platforms/android-35-ext15/data/res/values-mcc724: Cannot utime: Operation not permitted
build	Cache Android SDK	2026-06-06T12:23:03.9952985Z /usr/bin/tar: ../../../../../usr/local/lib/android/sdk/platforms/android-35-ext15/data/res/values-mcc724: Cannot change mode to rwxr-xr-x: Operation not permitted
build	Cache Android SDK	2026-06-06T12:23:03.9955068Z /usr/bin/tar: ../../../../../usr/local/lib/android/sdk/platforms/android-35-ext15/data/res/values-mcc310-mnc310-ar: Cannot utime: Operation not permitted
build	Cache Android SDK	2026-06-06T12:23:03.9956020Z /usr/bin/tar: ../../../../../usr/local/lib/android/sdk/platforms/android-35-ext15/data/res/values-mcc310-mnc310-ar: Cannot change mode to rwxr-xr-x: Operation not permitted
build	Cache Android SDK	2026-06-06T12:23:03.9958230Z /usr/bin/tar: ../../../../../usr/local/lib/android/sdk/platforms/android-35-ext15/data/res/values-mcc310-mnc310-tr: Cannot utime: Operation not permitted
build	Cache Android SDK	2026-06-06T12:23:03.9959272Z /usr/bin/tar: ../../../../../usr/local/lib/android/sdk/platforms/android-35-ext15/data/res/values-mcc310-mnc310-tr: Cannot change mode to rwxr-xr-x: Operation not permitted
build	Cache Android SDK	2026-06-06T12:23:03.9961315Z /usr/bin/tar: ../../../../../usr/local/lib/android/sdk/platforms/android-35-ext15/data/res/values-mcc310-mnc410-sr: Cannot utime: Operation not permitted
build	Cache Android SDK	2026-06-06T12:23:03.9962280Z /usr/bin/tar: ../../../../../usr/local/lib/android/sdk/platforms/android-35-ext15/data/res/values-mcc310-mnc410-sr: Cannot change mode to rwxr-xr-x: Operation not permitted
build	Cache Android SDK	2026-06-06T12:23:03.9966640Z /usr/bin/tar: ../../../../../usr/local/lib/android/sdk/platforms/android-35-ext15/data/res/values-mcc310-mnc250-fa: Cannot utime: Operation not permitted
build	Cache Android SDK	2026-06-06T12:23:03.9967787Z /usr/bin/tar: ../../../../../usr/local/lib/android/sdk/platforms/android-35-ext15/data/res/values-mcc310-mnc250-fa: Cannot change mode to rwxr-xr-x: Operation not permitted
build	Cache Android SDK	2026-06-06T12:23:03.9969901Z /usr/bin/tar: ../../../../../usr/local/lib/android/sdk/platforms/android-35-ext15/data/res/values-mcc310-mnc660-pt: Cannot utime: Operation not permitted
build	Cache Android SDK	2026-06-06T12:23:03.9971030Z /usr/bin/tar: ../../../../../usr/local/lib/android/sdk/platforms/android-35-ext15/data/res/values-mcc310-mnc660-pt: Cannot change mode to rwxr-xr-x: Operation not permitted
build	Cache Android SDK	2026-06-06T12:23:03.9976728Z /usr/bin/tar: ../../../../../usr/local/lib/android/sdk/platforms/android-35-ext15/data/res/values-am: Cannot utime: Operation not permitted
build	Cache Android SDK	2026-06-06T12:23:03.9978101Z /usr/bin/tar: ../../../../../usr/local/lib/android/sdk/platforms/android-35-ext15/data/res/values-am: Cannot change mode to rwxr-xr-x: Operation not permitted
build	Cache Android SDK	2026-06-06T12:23:03.9980064Z /usr/bin/tar: ../../../../../usr/local/lib/android/sdk/platforms/android-35-ext15/data/res/values-mcc310-mnc030-be: Cannot utime: Operation not permitted
build	Cache Android SDK	2026-06-06T12:23:03.9981040Z /usr/bin/tar: ../../../../../usr/local/lib/android/sdk/platforms/android-35-ext15/data/res/values-mcc310-mnc030-be: Cannot change mode to rwxr-xr-x: Operation not permitted
build	Cache Android SDK	2026-06-06T12:23:03.9983846Z /usr/bin/tar: ../../../../../usr/local/lib/android/sdk/platforms/android-35-ext15/data/res/values-mcc310-mnc950-si: Cannot utime: Operation not permitted
build	Cache Android SDK	2026-06-06T12:23:03.9985164Z /usr/bin/tar: ../../../../../usr/local/lib/android/sdk/platforms/android-35-ext15/data/res/values-mcc310-mnc950-si: Cannot change mode to rwxr-xr-x: Operation not permitted
build	Cache Android SDK	2026-06-06T12:23:03.9986606Z /usr/bin/tar: ../../../../../usr/local/lib/android/sdk/platforms/android-35-ext15/data/res/values-mcc310-mnc270-eu: Cannot utime: Operation not permitted
build	Cache Android SDK	2026-06-06T12:23:03.9987739Z /usr/bin/tar: ../../../../../usr/local/lib/android/sdk/platforms/android-35-ext15/data/res/values-mcc310-mnc270-eu: Cannot change mode to rwxr-xr-x: Operation not permitted
build	Cache Android SDK	2026-06-06T12:23:03.9989575Z /usr/bin/tar: ../../../../../usr/local/lib/android/sdk/platforms/android-35-ext15/data/res/values-mcc310-mnc220-si: Cannot utime: Operation not permitted
build	Cache Android SDK	2026-06-06T12:23:03.9990545Z /usr/bin/tar: ../../../../../usr/local/lib/android/sdk/platforms/android-35-ext15/data/res/values-mcc310-mnc220-si: Cannot change mode to rwxr-xr-x: Operation not permitted
build	Cache Android SDK	2026-06-06T12:23:03.9993024Z /usr/bin/tar: ../../../../../usr/local/lib/android/sdk/platforms/android-35-ext15/data/res/values-mcc313-mnc100-uk: Cannot utime: Operation not permitted
build	Cache Android SDK	2026-06-06T12:23:03.9994015Z /usr/bin/tar: ../../../../../usr/local/lib/android/sdk/platforms/android-35-ext15/data/res/values-mcc313-mnc100-uk: Cannot change mode to rwxr-xr-x: Operation not permitted
build	Cache Android SDK	2026-06-06T12:23:03.9995968Z /usr/bin/tar: ../../../../../usr/local/lib/android/sdk/platforms/android-35-ext15/data/res/values-mcc311-mnc180-bs: Cannot utime: Operation not permitted
build	Cache Android SDK	2026-06-06T12:23:03.9997009Z /usr/bin/tar: ../../../../../usr/local/lib/android/sdk/platforms/android-35-ext15/data/res/values-mcc311-mnc180-bs: Cannot change mode to rwxr-xr-x: Operation not permitted
build	Cache Android SDK	2026-06-06T12:23:04.0003115Z /usr/bin/tar: ../../../../../usr/local/lib/android/sdk/platforms/android-35-ext15/data/res/values-nb: Cannot utime: Operation not permitted
build	Cache Android SDK	2026-06-06T12:23:04.0004007Z /usr/bin/tar: ../../../../../usr/local/lib/android/sdk/platforms/android-35-ext15/data/res/values-nb: Cannot change mode to rwxr-xr-x: Operation not permitted
build	Cache Android SDK	2026-06-06T12:23:04.0006615Z /usr/bin/tar: ../../../../../usr/local/lib/android/sdk/platforms/android-35-ext15/data/res/values-mcc310-mnc250-gl: Cannot utime: Operation not permitted
build	Cache Android SDK	2026-06-06T12:23:04.0007862Z /usr/bin/tar: ../../../../../usr/local/lib/android/sdk/platforms/android-35-ext15/data/res/values-mcc310-mnc250-gl: Cannot change mode to rwxr-xr-x: Operation not permitted
build	Cache Android SDK	2026-06-06T12:23:04.0009488Z /usr/bin/tar: ../../../../../usr/local/lib/android/sdk/platforms/android-35-ext15/data/res/values-mcc310-mnc270-en-rIN: Cannot utime: Operation not permitted
build	Cache Android SDK	2026-06-06T12:23:04.0010592Z /usr/bin/tar: ../../../../../usr/local/lib/android/sdk/platforms/android-35-ext15/data/res/values-mcc310-mnc270-en-rIN: Cannot change mode to rwxr-xr-x: Operation not permitted
build	Cache Android SDK	2026-06-06T12:23:04.0013294Z /usr/bin/tar: ../../../../../usr/local/lib/android/sdk/platforms/android-35-ext15/data/res/raw-cs: Cannot utime: Operation not permitted
build	Cache Android SDK	2026-06-06T12:23:04.0014180Z /usr/bin/tar: ../../../../../usr/local/lib/android/sdk/platforms/android-35-ext15/data/res/raw-cs: Cannot change mode to rwxr-xr-x: Operation not permitted
build	Cache Android SDK	2026-06-06T12:23:04.0016317Z /usr/bin/tar: ../../../../../usr/local/lib/android/sdk/platforms/android-35-ext15/data/res/values-mcc310-mnc160-mr: Cannot utime: Operation not permitted
build	Cache Android SDK	2026-06-06T12:23:04.0017275Z /usr/bin/tar: ../../../../../usr/local/lib/android/sdk/platforms/android-35-ext15/data/res/values-mcc310-mnc160-mr: Cannot change mode to rwxr-xr-x: Operation not permitted
build	Cache Android SDK	2026-06-06T12:23:04.0019411Z /usr/bin/tar: ../../../../../usr/local/lib/android/sdk/platforms/android-35-ext15/data/res/values-mcc302-mnc370-en-rGB: Cannot utime: Operation not permitted
build	Cache Android SDK	2026-06-06T12:23:04.0020431Z /usr/bin/tar: ../../../../../usr/local/lib/android/sdk/platforms/android-35-ext15/data/res/values-mcc302-mnc370-en-rGB: Cannot change mode to rwxr-xr-x: Operation not permitted
build	Cache Android SDK	2026-06-06T12:23:04.0022657Z /usr/bin/tar: ../../../../../usr/local/lib/android/sdk/platforms/android-35-ext15/data/res/values-mcc310-mnc490-pt-rBR: Cannot utime: Operation not permitted
build	Cache Android SDK	2026-06-06T12:23:04.0023742Z /usr/bin/tar: ../../../../../usr/local/lib/android/sdk/platforms/android-35-ext15/data/res/values-mcc310-mnc490-pt-rBR: Cannot change mode to rwxr-xr-x: Operation not permitted
build	Cache Android SDK	2026-06-06T12:23:04.0025789Z /usr/bin/tar: ../../../../../usr/local/lib/android/sdk/platforms/android-35-ext15/data/res/values-mcc311-mnc180-ur: Cannot utime: Operation not permitted
build	Cache Android SDK	2026-06-06T12:23:04.0026764Z /usr/bin/tar: ../../../../../usr/local/lib/android/sdk/platforms/android-35-ext15/data/res/values-mcc311-mnc180-ur: Cannot change mode to rwxr-xr-x: Operation not permitted
build	Cache Android SDK	2026-06-06T12:23:04.0029366Z /usr/bin/tar: ../../../../../usr/local/lib/android/sdk/platforms/android-35-ext15/data/res/values-mcc334-mnc020-te: Cannot utime: Operation not permitted
build	Cache Android SDK	2026-06-06T12:23:04.0030329Z /usr/bin/tar: ../../../../../usr/local/lib/android/sdk/platforms/android-35-ext15/data/res/values-mcc334-mnc020-te: Cannot change mode to rwxr-xr-x: Operation not permitted
build	Cache Android SDK	2026-06-06T12:23:04.0032543Z /usr/bin/tar: ../../../../../usr/local/lib/android/sdk/platforms/android-35-ext15/data/res/values-mcc312-mnc670-ky: Cannot utime: Operation not permitted
build	Cache Android SDK	2026-06-06T12:23:04.0033606Z /usr/bin/tar: ../../../../../usr/local/lib/android/sdk/platforms/android-35-ext15/data/res/values-mcc312-mnc670-ky: Cannot change mode to rwxr-xr-x: Operation not permitted
build	Cache Android SDK	2026-06-06T12:23:04.0036342Z /usr/bin/tar: ../../../../../usr/local/lib/android/sdk/platforms/android-35-ext15/data/res/values-mcc310-mnc030-ml: Cannot utime: Operation not permitted
build	Cache Android SDK	2026-06-06T12:23:04.0037502Z /usr/bin/tar: ../../../../../usr/local/lib/android/sdk/platforms/android-35-ext15/data/res/values-mcc310-mnc030-ml: Cannot change mode to rwxr-xr-x: Operation not permitted
build	Cache Android SDK	2026-06-06T12:23:04.0040161Z /usr/bin/tar: ../../../../../usr/local/lib/android/sdk/platforms/android-35-ext15/data/res/values-mcc310-mnc380-sl: Cannot utime: Operation not permitted
build	Cache Android SDK	2026-06-06T12:23:04.0041177Z /usr/bin/tar: ../../../../../usr/local/lib/android/sdk/platforms/android-35-ext15/data/res/values-mcc310-mnc380-sl: Cannot change mode to rwxr-xr-x: Operation not permitted
build	Cache Android SDK	2026-06-06T12:23:04.0043023Z /usr/bin/tar: ../../../../../usr/local/lib/android/sdk/platforms/android-35-ext15/data/res/values-mcc310-mnc030-ka: Cannot utime: Operation not permitted
build	Cache Android SDK	2026-06-06T12:23:04.0043981Z /usr/bin/tar: ../../../../../usr/local/lib/android/sdk/platforms/android-35-ext15/data/res/values-mcc310-mnc030-ka: Cannot change mode to rwxr-xr-x: Operation not permitted
build	Cache Android SDK	2026-06-06T12:23:04.0046415Z /usr/bin/tar: ../../../../../usr/local/lib/android/sdk/platforms/android-35-ext15/data/res/values-mcc310-mnc950-nl: Cannot utime: Operation not permitted
build	Cache Android SDK	2026-06-06T12:23:04.0047658Z /usr/bin/tar: ../../../../../usr/local/lib/android/sdk/platforms/android-35-ext15/data/res/values-mcc310-mnc950-nl: Cannot change mode to rwxr-xr-x: Operation not permitted
build	Cache Android SDK	2026-06-06T12:23:04.0050689Z /usr/bin/tar: ../../../../../usr/local/lib/android/sdk/platforms/android-35-ext15/data/res/values-mcc312-mnc670-sq: Cannot utime: Operation not permitted
build	Cache Android SDK	2026-06-06T12:23:04.0051846Z /usr/bin/tar: ../../../../../usr/local/lib/android/sdk/platforms/android-35-ext15/data/res/values-mcc312-mnc670-sq: Cannot change mode to rwxr-xr-x: Operation not permitted
build	Cache Android SDK	2026-06-06T12:23:04.0056466Z /usr/bin/tar: ../../../../../usr/local/lib/android/sdk/platforms/android-35-ext15/data/res/values-ur: Cannot utime: Operation not permitted
build	Cache Android SDK	2026-06-06T12:23:04.0057644Z /usr/bin/tar: ../../../../../usr/local/lib/android/sdk/platforms/android-35-ext15/data/res/values-ur: Cannot change mode to rwxr-xr-x: Operation not permitted
build	Cache Android SDK	2026-06-06T12:23:04.0059851Z /usr/bin/tar: ../../../../../usr/local/lib/android/sdk/platforms/android-35-ext15/data/res/values-mcc310-mnc270-te: Cannot utime: Operation not permitted
build	Cache Android SDK	2026-06-06T12:23:04.0060830Z /usr/bin/tar: ../../../../../usr/local/lib/android/sdk/platforms/android-35-ext15/data/res/values-mcc310-mnc270-te: Cannot change mode to rwxr-xr-x: Operation not permitted
build	Cache Android SDK	2026-06-06T12:23:04.0062923Z /usr/bin/tar: ../../../../../usr/local/lib/android/sdk/platforms/android-35-ext15/data/res/values-mcc310-mnc160-nl: Cannot utime: Operation not permitted
build	Cache Android SDK	2026-06-06T12:23:04.0063888Z /usr/bin/tar: ../../../../../usr/local/lib/android/sdk/platforms/android-35-ext15/data/res/values-mcc310-mnc160-nl: Cannot change mode to rwxr-xr-x: Operation not permitted
build	Cache Android SDK	2026-06-06T12:23:04.0066880Z /usr/bin/tar: ../../../../../usr/local/lib/android/sdk/platforms/android-35-ext15/data/res/values-mcc302-mnc720-eu: Cannot utime: Operation not permitted
build	Cache Android SDK	2026-06-06T12:23:04.0068174Z /usr/bin/tar: ../../../../../usr/local/lib/android/sdk/platforms/android-35-ext15/data/res/values-mcc302-mnc720-eu: Cannot change mode to rwxr-xr-x: Operation not permitted
build	Cache Android SDK	2026-06-06T12:23:04.0069877Z /usr/bin/tar: ../../../../../usr/local/lib/android/sdk/platforms/android-35-ext15/data/res/values-mcc310-mnc250-am: Cannot utime: Operation not permitted
build	Cache Android SDK	2026-06-06T12:23:04.0070869Z /usr/bin/tar: ../../../../../usr/local/lib/android/sdk/platforms/android-35-ext15/data/res/values-mcc310-mnc250-am: Cannot change mode to rwxr-xr-x: Operation not permitted
build	Cache Android SDK	2026-06-06T12:23:04.0073251Z /usr/bin/tar: ../../../../../usr/local/lib/android/sdk/platforms/android-35-ext15/data/res/values-mcc310-mnc210-bn: Cannot utime: Operation not permitted
build	Cache Android SDK	2026-06-06T12:23:04.0074296Z /usr/bin/tar: ../../../../../usr/local/lib/android/sdk/platforms/android-35-ext15/data/res/values-mcc310-mnc210-bn: Cannot change mode to rwxr-xr-x: Operation not permitted
build	Cache Android SDK	2026-06-06T12:23:04.0075945Z /usr/bin/tar: ../../../../../usr/local/lib/android/sdk/platforms/android-35-ext15/data/res/values-sw640dp: Cannot utime: Operation not permitted
build	Cache Android SDK	2026-06-06T12:23:04.0077121Z /usr/bin/tar: ../../../../../usr/local/lib/android/sdk/platforms/android-35-ext15/data/res/values-sw640dp: Cannot change mode to rwxr-xr-x: Operation not permitted
build	Cache Android SDK	2026-06-06T12:23:04.0082241Z /usr/bin/tar: ../../../../../usr/local/lib/android/sdk/platforms/android-35-ext15/data/res/values-nl: Cannot utime: Operation not permitted
build	Cache Android SDK	2026-06-06T12:23:04.0083465Z /usr/bin/tar: ../../../../../usr/local/lib/android/sdk/platforms/android-35-ext15/data/res/values-nl: Cannot change mode to rwxr-xr-x: Operation not permitted
build	Cache Android SDK	2026-06-06T12:23:04.0085177Z /usr/bin/tar: ../../../../../usr/local/lib/android/sdk/platforms/android-35-ext15/data/res/values-tr-watch: Cannot utime: Operation not permitted
build	Cache Android SDK	2026-06-06T12:23:04.0086159Z /usr/bin/tar: ../../../../../usr/local/lib/android/sdk/platforms/android-35-ext15/data/res/values-tr-watch: Cannot change mode to rwxr-xr-x: Operation not permitted
build	Cache Android SDK	2026-06-06T12:23:04.0087876Z /usr/bin/tar: ../../../../../usr/local/lib/android/sdk/platforms/android-35-ext15/data/res/values-mcc310-mnc310-az: Cannot utime: Operation not permitted
build	Cache Android SDK	2026-06-06T12:23:04.0088906Z /usr/bin/tar: ../../../../../usr/local/lib/android/sdk/platforms/android-35-ext15/data/res/values-mcc310-mnc310-az: Cannot change mode to rwxr-xr-x: Operation not permitted
build	Cache Android SDK	2026-06-06T12:23:04.0091344Z /usr/bin/tar: ../../../../../usr/local/lib/android/sdk/platforms/android-35-ext15/data/res/values-mcc310-mnc240-es: Cannot utime: Operation not permitted
build	Cache Android SDK	2026-06-06T12:23:04.0092389Z /usr/bin/tar: ../../../../../usr/local/lib/android/sdk/platforms/android-35-ext15/data/res/values-mcc310-mnc240-es: Cannot change mode to rwxr-xr-x: Operation not permitted
build	Cache Android SDK	2026-06-06T12:23:04.0093973Z /usr/bin/tar: ../../../../../usr/local/lib/android/sdk/platforms/android-35-ext15/data/res/values-mcc310-mnc200-hi: Cannot utime: Operation not permitted
build	Cache Android SDK	2026-06-06T12:23:04.0095046Z /usr/bin/tar: ../../../../../usr/local/lib/android/sdk/platforms/android-35-ext15/data/res/values-mcc310-mnc200-hi: Cannot change mode to rwxr-xr-x: Operation not permitted
build	Cache Android SDK	2026-06-06T12:23:04.0097704Z /usr/bin/tar: ../../../../../usr/local/lib/android/sdk/platforms/android-35-ext15/data/res/values-gu-television: Cannot utime: Operation not permitted
build	Cache Android SDK	2026-06-06T12:23:04.0098825Z /usr/bin/tar: ../../../../../usr/local/lib/android/sdk/platforms/android-35-ext15/data/res/values-gu-television: Cannot change mode to rwxr-xr-x: Operation not permitted
build	Cache Android SDK	2026-06-06T12:23:04.0100544Z /usr/bin/tar: ../../../../../usr/local/lib/android/sdk/platforms/android-35-ext15/data/res/values-mcc310-mnc230-be: Cannot utime: Operation not permitted
build	Cache Android SDK	2026-06-06T12:23:04.0101629Z /usr/bin/tar: ../../../../../usr/local/lib/android/sdk/platforms/android-35-ext15/data/res/values-mcc310-mnc230-be: Cannot change mode to rwxr-xr-x: Operation not permitted
build	Cache Android SDK	2026-06-06T12:23:04.0103859Z /usr/bin/tar: ../../../../../usr/local/lib/android/sdk/platforms/android-35-ext15/data/res/values-mcc334-mnc020: Cannot utime: Operation not permitted
build	Cache Android SDK	2026-06-06T12:23:04.0105013Z /usr/bin/tar: ../../../../../usr/local/lib/android/sdk/platforms/android-35-ext15/data/res/values-mcc334-mnc020: Cannot change mode to rwxr-xr-x: Operation not permitted
build	Cache Android SDK	2026-06-06T12:23:04.0106574Z /usr/bin/tar: ../../../../../usr/local/lib/android/sdk/platforms/android-35-ext15/data/res/values-mcc310-mnc950-fr: Cannot utime: Operation not permitted
build	Cache Android SDK	2026-06-06T12:23:04.0107783Z /usr/bin/tar: ../../../../../usr/local/lib/android/sdk/platforms/android-35-ext15/data/res/values-mcc310-mnc950-fr: Cannot change mode to rwxr-xr-x: Operation not permitted
build	Cache Android SDK	2026-06-06T12:23:04.0109891Z /usr/bin/tar: ../../../../../usr/local/lib/android/sdk/platforms/android-35-ext15/data/res/values-mcc334-mnc020-mr: Cannot utime: Operation not permitted
build	Cache Android SDK	2026-06-06T12:23:04.0110975Z /usr/bin/tar: ../../../../../usr/local/lib/android/sdk/platforms/android-35-ext15/data/res/values-mcc334-mnc020-mr: Cannot change mode to rwxr-xr-x: Operation not permitted
build	Cache Android SDK	2026-06-06T12:23:04.0112489Z /usr/bin/tar: ../../../../../usr/local/lib/android/sdk/platforms/android-35-ext15/data/res/values-mcc310-mnc220-tl: Cannot utime: Operation not permitted
build	Cache Android SDK	2026-06-06T12:23:04.0113554Z /usr/bin/tar: ../../../../../usr/local/lib/android/sdk/platforms/android-35-ext15/data/res/values-mcc310-mnc220-tl: Cannot change mode to rwxr-xr-x: Operation not permitted
build	Cache Android SDK	2026-06-06T12:23:04.0116747Z /usr/bin/tar: ../../../../../usr/local/lib/android/sdk/platforms/android-35-ext15/data/res/values-night: Cannot utime: Operation not permitted
build	Cache Android SDK	2026-06-06T12:23:04.0117961Z /usr/bin/tar: ../../../../../usr/local/lib/android/sdk/platforms/android-35-ext15/data/res/values-night: Cannot change mode to rwxr-xr-x: Operation not permitted
build	Cache Android SDK	2026-06-06T12:23:04.0119634Z /usr/bin/tar: ../../../../../usr/local/lib/android/sdk/platforms/android-35-ext15/data/res/values-mcc310-mnc030-de: Cannot utime: Operation not permitted
build	Cache Android SDK	2026-06-06T12:23:04.0120732Z /usr/bin/tar: ../../../../../usr/local/lib/android/sdk/platforms/android-35-ext15/data/res/values-mcc310-mnc030-de: Cannot change mode to rwxr-xr-x: Operation not permitted
build	Cache Android SDK	2026-06-06T12:23:04.0122388Z /usr/bin/tar: ../../../../../usr/local/lib/android/sdk/platforms/android-35-ext15/data/res/values-tl-watch: Cannot utime: Operation not permitted
build	Cache Android SDK	2026-06-06T12:23:04.0123446Z /usr/bin/tar: ../../../../../usr/local/lib/android/sdk/platforms/android-35-ext15/data/res/values-tl-watch: Cannot change mode to rwxr-xr-x: Operation not permitted
build	Cache Android SDK	2026-06-06T12:23:04.0125273Z /usr/bin/tar: ../../../../../usr/local/lib/android/sdk/platforms/android-35-ext15/data/res/values-mcc313-mnc100-my: Cannot utime: Operation not permitted
build	Cache Android SDK	2026-06-06T12:23:04.0126308Z /usr/bin/tar: ../../../../../usr/local/lib/android/sdk/platforms/android-35-ext15/data/res/values-mcc313-mnc100-my: Cannot change mode to rwxr-xr-x: Operation not permitted
build	Cache Android SDK	2026-06-06T12:23:04.0127974Z /usr/bin/tar: ../../../../../usr/local/lib/android/sdk/platforms/android-35-ext15/data/res/values-mcc310-mnc160-ne: Cannot utime: Operation not permitted
build	Cache Android SDK	2026-06-06T12:23:04.0129033Z /usr/bin/tar: ../../../../../usr/local/lib/android/sdk/platforms/android-35-ext15/data/res/values-mcc310-mnc160-ne: Cannot change mode to rwxr-xr-x: Operation not permitted
build	Cache Android SDK	2026-06-06T12:23:04.0131264Z /usr/bin/tar: ../../../../../usr/local/lib/android/sdk/platforms/android-35-ext15/data/res/values-mcc311-mnc180-sw: Cannot utime: Operation not permitted
build	Cache Android SDK	2026-06-06T12:23:04.0132415Z /usr/bin/tar: ../../../../../usr/local/lib/android/sdk/platforms/android-35-ext15/data/res/values-mcc311-mnc180-sw: Cannot change mode to rwxr-xr-x: Operation not permitted
build	Cache Android SDK	2026-06-06T12:23:04.0134008Z /usr/bin/tar: ../../../../../usr/local/lib/android/sdk/platforms/android-35-ext15/data/res/values-mcc310-mnc660-iw: Cannot utime: Operation not permitted
build	Cache Android SDK	2026-06-06T12:23:04.0134995Z /usr/bin/tar: ../../../../../usr/local/lib/android/sdk/platforms/android-35-ext15/data/res/values-mcc310-mnc660-iw: Cannot change mode to rwxr-xr-x: Operation not permitted
build	Cache Android SDK	2026-06-06T12:23:04.0137000Z /usr/bin/tar: ../../../../../usr/local/lib/android/sdk/platforms/android-35-ext15/data/res/values-mcc310-mnc150-zu: Cannot utime: Operation not permitted
build	Cache Android SDK	2026-06-06T12:23:04.0138206Z /usr/bin/tar: ../../../../../usr/local/lib/android/sdk/platforms/android-35-ext15/data/res/values-mcc310-mnc150-zu: Cannot change mode to rwxr-xr-x: Operation not permitted
build	Cache Android SDK	2026-06-06T12:23:04.0139958Z /usr/bin/tar: ../../../../../usr/local/lib/android/sdk/platforms/android-35-ext15/data/res/values-mcc313-mnc100-in: Cannot utime: Operation not permitted
build	Cache Android SDK	2026-06-06T12:23:04.0141047Z /usr/bin/tar: ../../../../../usr/local/lib/android/sdk/platforms/android-35-ext15/data/res/values-mcc313-mnc100-in: Cannot change mode to rwxr-xr-x: Operation not permitted
build	Cache Android SDK	2026-06-06T12:23:04.0142802Z /usr/bin/tar: ../../../../../usr/local/lib/android/sdk/platforms/android-35-ext15/data/res/values-mcc310-mnc160-uk: Cannot utime: Operation not permitted
build	Cache Android SDK	2026-06-06T12:23:04.0143824Z /usr/bin/tar: ../../../../../usr/local/lib/android/sdk/platforms/android-35-ext15/data/res/values-mcc310-mnc160-uk: Cannot change mode to rwxr-xr-x: Operation not permitted
build	Cache Android SDK	2026-06-06T12:23:04.0146114Z /usr/bin/tar: ../../../../../usr/local/lib/android/sdk/platforms/android-35-ext15/data/res/values-uk-rUA: Cannot utime: Operation not permitted
build	Cache Android SDK	2026-06-06T12:23:04.0147123Z /usr/bin/tar: ../../../../../usr/local/lib/android/sdk/platforms/android-35-ext15/data/res/values-uk-rUA: Cannot change mode to rwxr-xr-x: Operation not permitted
build	Cache Android SDK	2026-06-06T12:23:04.0148961Z /usr/bin/tar: ../../../../../usr/local/lib/android/sdk/platforms/android-35-ext15/data/res/values-mcc310-mnc230-bn: Cannot utime: Operation not permitted
build	Cache Android SDK	2026-06-06T12:23:04.0150031Z /usr/bin/tar: ../../../../../usr/local/lib/android/sdk/platforms/android-35-ext15/data/res/values-mcc310-mnc230-bn: Cannot change mode to rwxr-xr-x: Operation not permitted
build	Cache Android SDK	2026-06-06T12:23:04.0151488Z /usr/bin/tar: ../../../../../usr/local/lib/android/sdk/platforms/android-35-ext15/data/res/values-tl-rPH: Cannot utime: Operation not permitted
build	Cache Android SDK	2026-06-06T12:23:04.0152511Z /usr/bin/tar: ../../../../../usr/local/lib/android/sdk/platforms/android-35-ext15/data/res/values-tl-rPH: Cannot change mode to rwxr-xr-x: Operation not permitted
build	Cache Android SDK	2026-06-06T12:23:04.0154790Z /usr/bin/tar: ../../../../../usr/local/lib/android/sdk/platforms/android-35-ext15/data/res/values-mcc310-mnc200-si: Cannot utime: Operation not permitted
build	Cache Android SDK	2026-06-06T12:23:04.0155834Z /usr/bin/tar: ../../../../../usr/local/lib/android/sdk/platforms/android-35-ext15/data/res/values-mcc310-mnc200-si: Cannot change mode to rwxr-xr-x: Operation not permitted
build	Cache Android SDK	2026-06-06T12:23:04.0158544Z /usr/bin/tar: ../../../../../usr/local/lib/android/sdk/platforms/android-35-ext15/data/res/values-mcc310-mnc310-af: Cannot utime: Operation not permitted
build	Cache Android SDK	2026-06-06T12:23:04.0160309Z /usr/bin/tar: ../../../../../usr/local/lib/android/sdk/platforms/android-35-ext15/data/res/values-mcc310-mnc310-af: Cannot change mode to rwxr-xr-x: Operation not permitted
build	Cache Android SDK	2026-06-06T12:23:04.0161501Z /usr/bin/tar: ../../../../../usr/local/lib/android/sdk/platforms/android-35-ext15/data/res/values-mcc310-mnc240-lt: Cannot utime: Operation not permitted
build	Cache Android SDK	2026-06-06T12:23:04.0162549Z /usr/bin/tar: ../../../../../usr/local/lib/android/sdk/platforms/android-35-ext15/data/res/values-mcc310-mnc240-lt: Cannot change mode to rwxr-xr-x: Operation not permitted
build	Cache Android SDK	2026-06-06T12:23:04.0164390Z /usr/bin/tar: ../../../../../usr/local/lib/android/sdk/platforms/android-35-ext15/data/res/values-mcc310-mnc660-pa: Cannot utime: Operation not permitted
build	Cache Android SDK	2026-06-06T12:23:04.0165451Z /usr/bin/tar: ../../../../../usr/local/lib/android/sdk/platforms/android-35-ext15/data/res/values-mcc310-mnc660-pa: Cannot change mode to rwxr-xr-x: Operation not permitted
build	Cache Android SDK	2026-06-06T12:23:04.0167907Z /usr/bin/tar: ../../../../../usr/local/lib/android/sdk/platforms/android-35-ext15/data/res/values-mcc310-mnc310-fa: Cannot utime: Operation not permitted
build	Cache Android SDK	2026-06-06T12:23:04.0168860Z /usr/bin/tar: ../../../../../usr/local/lib/android/sdk/platforms/android-35-ext15/data/res/values-mcc310-mnc310-fa: Cannot change mode to rwxr-xr-x: Operation not permitted
build	Cache Android SDK	2026-06-06T12:23:04.0171254Z /usr/bin/tar: ../../../../../usr/local/lib/android/sdk/platforms/android-35-ext15/data/res/values-mcc310-mnc230-in: Cannot utime: Operation not permitted
build	Cache Android SDK	2026-06-06T12:23:04.0172206Z /usr/bin/tar: ../../../../../usr/local/lib/android/sdk/platforms/android-35-ext15/data/res/values-mcc310-mnc230-in: Cannot change mode to rwxr-xr-x: Operation not permitted
build	Cache Android SDK	2026-06-06T12:23:04.0205938Z /usr/bin/tar: ../../../../../usr/local/lib/android/sdk/platforms/android-35-ext15/data/res/color: Cannot utime: Operation not permitted
build	Cache Android SDK	2026-06-06T12:23:04.0206937Z /usr/bin/tar: ../../../../../usr/local/lib/android/sdk/platforms/android-35-ext15/data/res/color: Cannot change mode to rwxr-xr-x: Operation not permitted
build	Cache Android SDK	2026-06-06T12:23:04.0209348Z /usr/bin/tar: ../../../../../usr/local/lib/android/sdk/platforms/android-35-ext15/data/res/values-mcc312-mnc670-be: Cannot utime: Operation not permitted
build	Cache Android SDK	2026-06-06T12:23:04.0210304Z /usr/bin/tar: ../../../../../usr/local/lib/android/sdk/platforms/android-35-ext15/data/res/values-mcc312-mnc670-be: Cannot change mode to rwxr-xr-x: Operation not permitted
build	Cache Android SDK	2026-06-06T12:23:04.0212272Z /usr/bin/tar: ../../../../../usr/local/lib/android/sdk/platforms/android-35-ext15/data/res/values-mcc310-mnc410-mk: Cannot utime: Operation not permitted
build	Cache Android SDK	2026-06-06T12:23:04.0213238Z /usr/bin/tar: ../../../../../usr/local/lib/android/sdk/platforms/android-35-ext15/data/res/values-mcc310-mnc410-mk: Cannot change mode to rwxr-xr-x: Operation not permitted
build	Cache Android SDK	2026-06-06T12:23:04.0215678Z /usr/bin/tar: ../../../../../usr/local/lib/android/sdk/platforms/android-35-ext15/data/res/values-mcc313-mnc100-sv: Cannot utime: Operation not permitted
build	Cache Android SDK	2026-06-06T12:23:04.0216619Z /usr/bin/tar: ../../../../../usr/local/lib/android/sdk/platforms/android-35-ext15/data/res/values-mcc313-mnc100-sv: Cannot change mode to rwxr-xr-x: Operation not permitted
build	Cache Android SDK	2026-06-06T12:23:04.0219252Z /usr/bin/tar: ../../../../../usr/local/lib/android/sdk/platforms/android-35-ext15/data/res/values-mcc310-mnc410-sl: Cannot utime: Operation not permitted
build	Cache Android SDK	2026-06-06T12:23:04.0220291Z /usr/bin/tar: ../../../../../usr/local/lib/android/sdk/platforms/android-35-ext15/data/res/values-mcc310-mnc410-sl: Cannot change mode to rwxr-xr-x: Operation not permitted
build	Cache Android SDK	2026-06-06T12:23:04.0222425Z /usr/bin/tar: ../../../../../usr/local/lib/android/sdk/platforms/android-35-ext15/data/res/values-mcc302-mnc370-en-rAU: Cannot utime: Operation not permitted
build	Cache Android SDK	2026-06-06T12:23:04.0223414Z /usr/bin/tar: ../../../../../usr/local/lib/android/sdk/platforms/android-35-ext15/data/res/values-mcc302-mnc370-en-rAU: Cannot change mode to rwxr-xr-x: Operation not permitted
build	Cache Android SDK	2026-06-06T12:23:04.0225469Z /usr/bin/tar: ../../../../../usr/local/lib/android/sdk/platforms/android-35-ext15/data/res/values-mcc310-mnc210-vi: Cannot utime: Operation not permitted
build	Cache Android SDK	2026-06-06T12:23:04.0226422Z /usr/bin/tar: ../../../../../usr/local/lib/android/sdk/platforms/android-35-ext15/data/res/values-mcc310-mnc210-vi: Cannot change mode to rwxr-xr-x: Operation not permitted
build	Cache Android SDK	2026-06-06T12:23:04.0228772Z /usr/bin/tar: ../../../../../usr/local/lib/android/sdk/platforms/android-35-ext15/data/res/values-mcc310-mnc030-ur: Cannot utime: Operation not permitted
build	Cache Android SDK	2026-06-06T12:23:04.0229754Z /usr/bin/tar: ../../../../../usr/local/lib/android/sdk/platforms/android-35-ext15/data/res/values-mcc310-mnc030-ur: Cannot change mode to rwxr-xr-x: Operation not permitted
build	Cache Android SDK	2026-06-06T12:23:04.0232642Z /usr/bin/tar: ../../../../../usr/local/lib/android/sdk/platforms/android-35-ext15/data/res/color-night: Cannot utime: Operation not permitted
build	Cache Android SDK	2026-06-06T12:23:04.0233529Z /usr/bin/tar: ../../../../../usr/local/lib/android/sdk/platforms/android-35-ext15/data/res/color-night: Cannot change mode to rwxr-xr-x: Operation not permitted
build	Cache Android SDK	2026-06-06T12:23:04.0235816Z /usr/bin/tar: ../../../../../usr/local/lib/android/sdk/platforms/android-35-ext15/data/res/values-mcc310-mnc240-ta: Cannot utime: Operation not permitted
build	Cache Android SDK	2026-06-06T12:23:04.0236782Z /usr/bin/tar: ../../../../../usr/local/lib/android/sdk/platforms/android-35-ext15/data/res/values-mcc310-mnc240-ta: Cannot change mode to rwxr-xr-x: Operation not permitted
build	Cache Android SDK	2026-06-06T12:23:04.0239047Z /usr/bin/tar: ../../../../../usr/local/lib/android/sdk/platforms/android-35-ext15/data/res/values-mcc313-mnc100-cs: Cannot utime: Operation not permitted
build	Cache Android SDK	2026-06-06T12:23:04.0240057Z /usr/bin/tar: ../../../../../usr/local/lib/android/sdk/platforms/android-35-ext15/data/res/values-mcc313-mnc100-cs: Cannot change mode to rwxr-xr-x: Operation not permitted
build	Cache Android SDK	2026-06-06T12:23:04.0242196Z /usr/bin/tar: ../../../../../usr/local/lib/android/sdk/platforms/android-35-ext15/data/res/values-mcc311-mnc180-uz: Cannot utime: Operation not permitted
build	Cache Android SDK	2026-06-06T12:23:04.0243252Z /usr/bin/tar: ../../../../../usr/local/lib/android/sdk/platforms/android-35-ext15/data/res/values-mcc311-mnc180-uz: Cannot change mode to rwxr-xr-x: Operation not permitted
build	Cache Android SDK	2026-06-06T12:23:04.0245632Z /usr/bin/tar: ../../../../../usr/local/lib/android/sdk/platforms/android-35-ext15/data/res/values-mcc312-mnc670-pt: Cannot utime: Operation not permitted
build	Cache Android SDK	2026-06-06T12:23:04.0246978Z /usr/bin/tar: ../../../../../usr/local/lib/android/sdk/platforms/android-35-ext15/data/res/values-mcc312-mnc670-pt: Cannot change mode to rwxr-xr-x: Operation not permitted
build	Cache Android SDK	2026-06-06T12:23:04.0248770Z /usr/bin/tar: ../../../../../usr/local/lib/android/sdk/platforms/android-35-ext15/data/res/values-mcc310-mnc250-tl: Cannot utime: Operation not permitted
build	Cache Android SDK	2026-06-06T12:23:04.0249745Z /usr/bin/tar: ../../../../../usr/local/lib/android/sdk/platforms/android-35-ext15/data/res/values-mcc310-mnc250-tl: Cannot change mode to rwxr-xr-x: Operation not permitted
build	Cache Android SDK	2026-06-06T12:23:04.0252426Z /usr/bin/tar: ../../../../../usr/local/lib/android/sdk/platforms/android-35-ext15/data/res/values-mcc310-mnc250-fr-rCA: Cannot utime: Operation not permitted
build	Cache Android SDK	2026-06-06T12:23:04.0253538Z /usr/bin/tar: ../../../../../usr/local/lib/android/sdk/platforms/android-35-ext15/data/res/values-mcc310-mnc250-fr-rCA: Cannot change mode to rwxr-xr-x: Operation not permitted
build	Cache Android SDK	2026-06-06T12:23:04.0255301Z /usr/bin/tar: ../../../../../usr/local/lib/android/sdk/platforms/android-35-ext15/data/res/values-mcc310-mnc150-bs: Cannot utime: Operation not permitted
build	Cache Android SDK	2026-06-06T12:23:04.0256278Z /usr/bin/tar: ../../../../../usr/local/lib/android/sdk/platforms/android-35-ext15/data/res/values-mcc310-mnc150-bs: Cannot change mode to rwxr-xr-x: Operation not permitted
build	Cache Android SDK	2026-06-06T12:23:04.0258844Z /usr/bin/tar: ../../../../../usr/local/lib/android/sdk/platforms/android-35-ext15/data/res/values-mcc310-mnc560-sk: Cannot utime: Operation not permitted
build	Cache Android SDK	2026-06-06T12:23:04.0259824Z /usr/bin/tar: ../../../../../usr/local/lib/android/sdk/platforms/android-35-ext15/data/res/values-mcc310-mnc560-sk: Cannot change mode to rwxr-xr-x: Operation not permitted
build	Cache Android SDK	2026-06-06T12:23:04.0262090Z /usr/bin/tar: ../../../../../usr/local/lib/android/sdk/platforms/android-35-ext15/data/res/values-mcc310-mnc030-zu: Cannot utime: Operation not permitted
build	Cache Android SDK	2026-06-06T12:23:04.0263082Z /usr/bin/tar: ../../../../../usr/local/lib/android/sdk/platforms/android-35-ext15/data/res/values-mcc310-mnc030-zu: Cannot change mode to rwxr-xr-x: Operation not permitted
build	Cache Android SDK	2026-06-06T12:23:04.0265484Z /usr/bin/tar: ../../../../../usr/local/lib/android/sdk/platforms/android-35-ext15/data/res/values-mcc450-mnc06: Cannot utime: Operation not permitted
build	Cache Android SDK	2026-06-06T12:23:04.0266468Z /usr/bin/tar: ../../../../../usr/local/lib/android/sdk/platforms/android-35-ext15/data/res/values-mcc450-mnc06: Cannot change mode to rwxr-xr-x: Operation not permitted
build	Cache Android SDK	2026-06-06T12:23:04.0269088Z /usr/bin/tar: ../../../../../usr/local/lib/android/sdk/platforms/android-35-ext15/data/res/values-mcc310-mnc800-es-rUS: Cannot utime: Operation not permitted
build	Cache Android SDK	2026-06-06T12:23:04.0270117Z /usr/bin/tar: ../../../../../usr/local/lib/android/sdk/platforms/android-35-ext15/data/res/values-mcc310-mnc800-es-rUS: Cannot change mode to rwxr-xr-x: Operation not permitted
build	Cache Android SDK	2026-06-06T12:23:04.0272875Z /usr/bin/tar: ../../../../../usr/local/lib/android/sdk/platforms/android-35-ext15/data/res/values-mcc310-mnc560-mn: Cannot utime: Operation not permitted
build	Cache Android SDK	2026-06-06T12:23:04.0273853Z /usr/bin/tar: ../../../../../usr/local/lib/android/sdk/platforms/android-35-ext15/data/res/values-mcc310-mnc560-mn: Cannot change mode to rwxr-xr-x: Operation not permitted
build	Cache Android SDK	2026-06-06T12:23:04.0276062Z /usr/bin/tar: ../../../../../usr/local/lib/android/sdk/platforms/android-35-ext15/data/res/values-mcc313-mnc100-bn: Cannot utime: Operation not permitted
build	Cache Android SDK	2026-06-06T12:23:04.0277046Z /usr/bin/tar: ../../../../../usr/local/lib/android/sdk/platforms/android-35-ext15/data/res/values-mcc313-mnc100-bn: Cannot change mode to rwxr-xr-x: Operation not permitted
build	Cache Android SDK	2026-06-06T12:23:04.0280392Z /usr/bin/tar: ../../../../../usr/local/lib/android/sdk/platforms/android-35-ext15/data/res/values-mcc310-mnc200-hr: Cannot utime: Operation not permitted
build	Cache Android SDK	2026-06-06T12:23:04.0281536Z /usr/bin/tar: ../../../../../usr/local/lib/android/sdk/platforms/android-35-ext15/data/res/values-mcc310-mnc200-hr: Cannot change mode to rwxr-xr-x: Operation not permitted
build	Cache Android SDK	2026-06-06T12:23:04.0284604Z /usr/bin/tar: ../../../../../usr/local/lib/android/sdk/platforms/android-35-ext15/data/res/values-mcc310-mnc200-am: Cannot utime: Operation not permitted
build	Cache Android SDK	2026-06-06T12:23:04.0285936Z /usr/bin/tar: ../../../../../usr/local/lib/android/sdk/platforms/android-35-ext15/data/res/values-mcc310-mnc200-am: Cannot change mode to rwxr-xr-x: Operation not permitted
build	Cache Android SDK	2026-06-06T12:23:04.0287529Z /usr/bin/tar: ../../../../../usr/local/lib/android/sdk/platforms/android-35-ext15/data/res/values-mcc310-mnc800-sw: Cannot utime: Operation not permitted
build	Cache Android SDK	2026-06-06T12:23:04.0288611Z /usr/bin/tar: ../../../../../usr/local/lib/android/sdk/platforms/android-35-ext15/data/res/values-mcc310-mnc800-sw: Cannot change mode to rwxr-xr-x: Operation not permitted
build	Cache Android SDK	2026-06-06T12:23:04.0290231Z /usr/bin/tar: ../../../../../usr/local/lib/android/sdk/platforms/android-35-ext15/data/res/values-mcc302-mnc370-ne: Cannot utime: Operation not permitted
build	Cache Android SDK	2026-06-06T12:23:04.0291222Z /usr/bin/tar: ../../../../../usr/local/lib/android/sdk/platforms/android-35-ext15/data/res/values-mcc302-mnc370-ne: Cannot change mode to rwxr-xr-x: Operation not permitted
build	Cache Android SDK	2026-06-06T12:23:04.0296394Z /usr/bin/tar: ../../../../../usr/local/lib/android/sdk/platforms/android-35-ext15/data/res/drawable-sw600dp-mdpi: Cannot utime: Operation not permitted
build	Cache Android SDK	2026-06-06T12:23:04.0297527Z /usr/bin/tar: ../../../../../usr/local/lib/android/sdk/platforms/android-35-ext15/data/res/drawable-sw600dp-mdpi: Cannot change mode to rwxr-xr-x: Operation not permitted
build	Cache Android SDK	2026-06-06T12:23:04.0299558Z /usr/bin/tar: ../../../../../usr/local/lib/android/sdk/platforms/android-35-ext15/data/res/values-mcc310-mnc560-af: Cannot utime: Operation not permitted
build	Cache Android SDK	2026-06-06T12:23:04.0300524Z /usr/bin/tar: ../../../../../usr/local/lib/android/sdk/platforms/android-35-ext15/data/res/values-mcc310-mnc560-af: Cannot change mode to rwxr-xr-x: Operation not permitted
build	Cache Android SDK	2026-06-06T12:23:04.0302973Z /usr/bin/tar: ../../../../../usr/local/lib/android/sdk/platforms/android-35-ext15/data/res/values-mcc310-mnc310-pt-rBR: Cannot utime: Operation not permitted
build	Cache Android SDK	2026-06-06T12:23:04.0304005Z /usr/bin/tar: ../../../../../usr/local/lib/android/sdk/platforms/android-35-ext15/data/res/values-mcc310-mnc310-pt-rBR: Cannot change mode to rwxr-xr-x: Operation not permitted
build	Cache Android SDK	2026-06-06T12:23:04.0306023Z /usr/bin/tar: ../../../../../usr/local/lib/android/sdk/platforms/android-35-ext15/data/res/values-mcc302-mnc720-es-rUS: Cannot utime: Operation not permitted
build	Cache Android SDK	2026-06-06T12:23:04.0307127Z /usr/bin/tar: ../../../../../usr/local/lib/android/sdk/platforms/android-35-ext15/data/res/values-mcc302-mnc720-es-rUS: Cannot change mode to rwxr-xr-x: Operation not permitted
build	Cache Android SDK	2026-06-06T12:23:04.0309582Z /usr/bin/tar: ../../../../../usr/local/lib/android/sdk/platforms/android-35-ext15/data/res/values-mcc310-mnc270-is: Cannot utime: Operation not permitted
build	Cache Android SDK	2026-06-06T12:23:04.0310931Z /usr/bin/tar: ../../../../../usr/local/lib/android/sdk/platforms/android-35-ext15/data/res/values-mcc310-mnc270-is: Cannot change mode to rwxr-xr-x: Operation not permitted
build	Cache Android SDK	2026-06-06T12:23:04.0312470Z /usr/bin/tar: ../../../../../usr/local/lib/android/sdk/platforms/android-35-ext15/data/res/values-mcc310-mnc250-ko: Cannot utime: Operation not permitted
build	Cache Android SDK	2026-06-06T12:23:04.0313424Z /usr/bin/tar: ../../../../../usr/local/lib/android/sdk/platforms/android-35-ext15/data/res/values-mcc310-mnc250-ko: Cannot change mode to rwxr-xr-x: Operation not permitted
build	Cache Android SDK	2026-06-06T12:23:04.0315499Z /usr/bin/tar: ../../../../../usr/local/lib/android/sdk/platforms/android-35-ext15/data/res/values-mcc310-mnc200-ro: Cannot utime: Operation not permitted
build	Cache Android SDK	2026-06-06T12:23:04.0316555Z /usr/bin/tar: ../../../../../usr/local/lib/android/sdk/platforms/android-35-ext15/data/res/values-mcc310-mnc200-ro: Cannot change mode to rwxr-xr-x: Operation not permitted
build	Cache Android SDK	2026-06-06T12:23:04.0319237Z /usr/bin/tar: ../../../../../usr/local/lib/android/sdk/platforms/android-35-ext15/data/res/values-mcc310-mnc310-zh-rTW: Cannot utime: Operation not permitted
build	Cache Android SDK	2026-06-06T12:23:04.0320250Z /usr/bin/tar: ../../../../../usr/local/lib/android/sdk/platforms/android-35-ext15/data/res/values-mcc310-mnc310-zh-rTW: Cannot change mode to rwxr-xr-x: Operation not permitted
build	Cache Android SDK	2026-06-06T12:23:04.0323134Z /usr/bin/tar: ../../../../../usr/local/lib/android/sdk/platforms/android-35-ext15/data/res/values-mcc310-mnc380-lt: Cannot utime: Operation not permitted
build	Cache Android SDK	2026-06-06T12:23:04.0324096Z /usr/bin/tar: ../../../../../usr/local/lib/android/sdk/platforms/android-35-ext15/data/res/values-mcc310-mnc380-lt: Cannot change mode to rwxr-xr-x: Operation not permitted
build	Cache Android SDK	2026-06-06T12:23:04.0326462Z /usr/bin/tar: ../../../../../usr/local/lib/android/sdk/platforms/android-35-ext15/data/res/values-mcc310-mnc410-it: Cannot utime: Operation not permitted
build	Cache Android SDK	2026-06-06T12:23:04.0327572Z /usr/bin/tar: ../../../../../usr/local/lib/android/sdk/platforms/android-35-ext15/data/res/values-mcc310-mnc410-it: Cannot change mode to rwxr-xr-x: Operation not permitted
build	Cache Android SDK	2026-06-06T12:23:04.0329478Z /usr/bin/tar: ../../../../../usr/local/lib/android/sdk/platforms/android-35-ext15/data/res/values-mcc311-mnc870: Cannot utime: Operation not permitted
build	Cache Android SDK	2026-06-06T12:23:04.0330507Z /usr/bin/tar: ../../../../../usr/local/lib/android/sdk/platforms/android-35-ext15/data/res/values-mcc311-mnc870: Cannot change mode to rwxr-xr-x: Operation not permitted
build	Cache Android SDK	2026-06-06T12:23:04.0332648Z /usr/bin/tar: ../../../../../usr/local/lib/android/sdk/platforms/android-35-ext15/data/res/values-mcc310-mnc280-kn: Cannot utime: Operation not permitted
build	Cache Android SDK	2026-06-06T12:23:04.0333608Z /usr/bin/tar: ../../../../../usr/local/lib/android/sdk/platforms/android-35-ext15/data/res/values-mcc310-mnc280-kn: Cannot change mode to rwxr-xr-x: Operation not permitted
build	Cache Android SDK	2026-06-06T12:23:04.0339708Z /usr/bin/tar: ../../../../../usr/local/lib/android/sdk/platforms/android-35-ext15/data/res/values-fr-rCA: Cannot utime: Operation not permitted
build	Cache Android SDK	2026-06-06T12:23:04.0341271Z /usr/bin/tar: ../../../../../usr/local/lib/android/sdk/platforms/android-35-ext15/data/res/values-fr-rCA: Cannot change mode to rwxr-xr-x: Operation not permitted
build	Cache Android SDK	2026-06-06T12:23:04.0342452Z /usr/bin/tar: ../../../../../usr/local/lib/android/sdk/platforms/android-35-ext15/data/res/values-ko-watch: Cannot utime: Operation not permitted
build	Cache Android SDK	2026-06-06T12:23:04.0343480Z /usr/bin/tar: ../../../../../usr/local/lib/android/sdk/platforms/android-35-ext15/data/res/values-ko-watch: Cannot change mode to rwxr-xr-x: Operation not permitted
build	Cache Android SDK	2026-06-06T12:23:04.0345884Z /usr/bin/tar: ../../../../../usr/local/lib/android/sdk/platforms/android-35-ext15/data/res/values-mcc310-mnc170-in: Cannot utime: Operation not permitted
build	Cache Android SDK	2026-06-06T12:23:04.0346470Z /usr/bin/tar: ../../../../../usr/local/lib/android/sdk/platforms/android-35-ext15/data/res/values-mcc310-mnc170-in: Cannot change mode to rwxr-xr-x: Operation not permitted
build	Cache Android SDK	2026-06-06T12:23:04.0349451Z /usr/bin/tar: ../../../../../usr/local/lib/android/sdk/platforms/android-35-ext15/data/res/values-mcc310-mnc170-pa: Cannot utime: Operation not permitted
build	Cache Android SDK	2026-06-06T12:23:04.0350045Z /usr/bin/tar: ../../../../../usr/local/lib/android/sdk/platforms/android-35-ext15/data/res/values-mcc310-mnc170-pa: Cannot change mode to rwxr-xr-x: Operation not permitted
build	Cache Android SDK	2026-06-06T12:23:04.0352999Z /usr/bin/tar: ../../../../../usr/local/lib/android/sdk/platforms/android-35-ext15/data/res/values-mcc310-mnc220-bs: Cannot utime: Operation not permitted
build	Cache Android SDK	2026-06-06T12:23:04.0353469Z /usr/bin/tar: ../../../../../usr/local/lib/android/sdk/platforms/android-35-ext15/data/res/values-mcc310-mnc220-bs: Cannot change mode to rwxr-xr-x: Operation not permitted
build	Cache Android SDK	2026-06-06T12:23:04.0356310Z /usr/bin/tar: ../../../../../usr/local/lib/android/sdk/platforms/android-35-ext15/data/res/values-mcc310-mnc280-pt-rPT: Cannot utime: Operation not permitted
build	Cache Android SDK	2026-06-06T12:23:04.0356793Z /usr/bin/tar: ../../../../../usr/local/lib/android/sdk/platforms/android-35-ext15/data/res/values-mcc310-mnc280-pt-rPT: Cannot change mode to rwxr-xr-x: Operation not permitted
build	Cache Android SDK	2026-06-06T12:23:04.0359473Z /usr/bin/tar: ../../../../../usr/local/lib/android/sdk/platforms/android-35-ext15/data/res/values-mcc310-mnc200-ur: Cannot utime: Operation not permitted
build	Cache Android SDK	2026-06-06T12:23:04.0360056Z /usr/bin/tar: ../../../../../usr/local/lib/android/sdk/platforms/android-35-ext15/data/res/values-mcc310-mnc200-ur: Cannot change mode to rwxr-xr-x: Operation not permitted
build	Cache Android SDK	2026-06-06T12:23:04.0362586Z /usr/bin/tar: ../../../../../usr/local/lib/android/sdk/platforms/android-35-ext15/data/res/values-mcc310-mnc490-lv: Cannot utime: Operation not permitted
build	Cache Android SDK	2026-06-06T12:23:04.0363054Z /usr/bin/tar: ../../../../../usr/local/lib/android/sdk/platforms/android-35-ext15/data/res/values-mcc310-mnc490-lv: Cannot change mode to rwxr-xr-x: Operation not permitted
build	Cache Android SDK	2026-06-06T12:23:04.0365579Z /usr/bin/tar: ../../../../../usr/local/lib/android/sdk/platforms/android-35-ext15/data/res/values-uz-watch: Cannot utime: Operation not permitted
build	Cache Android SDK	2026-06-06T12:23:04.0366024Z /usr/bin/tar: ../../../../../usr/local/lib/android/sdk/platforms/android-35-ext15/data/res/values-uz-watch: Cannot change mode to rwxr-xr-x: Operation not permitted
build	Cache Android SDK	2026-06-06T12:23:04.0368564Z /usr/bin/tar: ../../../../../usr/local/lib/android/sdk/platforms/android-35-ext15/data/res/values-mcc310-mnc660-da: Cannot utime: Operation not permitted
build	Cache Android SDK	2026-06-06T12:23:04.0369075Z /usr/bin/tar: ../../../../../usr/local/lib/android/sdk/platforms/android-35-ext15/data/res/values-mcc310-mnc660-da: Cannot change mode to rwxr-xr-x: Operation not permitted
build	Cache Android SDK	2026-06-06T12:23:04.0374957Z /usr/bin/tar: ../../../../../usr/local/lib/android/sdk/platforms/android-35-ext15/data/res/values-fi: Cannot utime: Operation not permitted
build	Cache Android SDK	2026-06-06T12:23:04.0375895Z /usr/bin/tar: ../../../../../usr/local/lib/android/sdk/platforms/android-35-ext15/data/res/values-fi: Cannot change mode to rwxr-xr-x: Operation not permitted
build	Cache Android SDK	2026-06-06T12:23:04.0377832Z /usr/bin/tar: ../../../../../usr/local/lib/android/sdk/platforms/android-35-ext15/data/res/values-mcc310-mnc800-cs: Cannot utime: Operation not permitted
build	Cache Android SDK	2026-06-06T12:23:04.0378313Z /usr/bin/tar: ../../../../../usr/local/lib/android/sdk/platforms/android-35-ext15/data/res/values-mcc310-mnc800-cs: Cannot change mode to rwxr-xr-x: Operation not permitted
build	Cache Android SDK	2026-06-06T12:23:04.0381925Z /usr/bin/tar: ../../../../../usr/local/lib/android/sdk/platforms/android-35-ext15/data/res/values-mcc310-mnc380-hi: Cannot utime: Operation not permitted
build	Cache Android SDK	2026-06-06T12:23:04.0382486Z /usr/bin/tar: ../../../../../usr/local/lib/android/sdk/platforms/android-35-ext15/data/res/values-mcc310-mnc380-hi: Cannot change mode to rwxr-xr-x: Operation not permitted
build	Cache Android SDK	2026-06-06T12:23:04.0383932Z /usr/bin/tar: ../../../../../usr/local/lib/android/sdk/platforms/android-35-ext15/data/res/values-mcc310-mnc410-af: Cannot utime: Operation not permitted
build	Cache Android SDK	2026-06-06T12:23:04.0384416Z /usr/bin/tar: ../../../../../usr/local/lib/android/sdk/platforms/android-35-ext15/data/res/values-mcc310-mnc410-af: Cannot change mode to rwxr-xr-x: Operation not permitted
build	Cache Android SDK	2026-06-06T12:23:04.0387852Z /usr/bin/tar: ../../../../../usr/local/lib/android/sdk/platforms/android-35-ext15/data/res/values-mcc310-mnc250-km: Cannot utime: Operation not permitted
build	Cache Android SDK	2026-06-06T12:23:04.0388329Z /usr/bin/tar: ../../../../../usr/local/lib/android/sdk/platforms/android-35-ext15/data/res/values-mcc310-mnc250-km: Cannot change mode to rwxr-xr-x: Operation not permitted
build	Cache Android SDK	2026-06-06T12:23:04.0391016Z /usr/bin/tar: ../../../../../usr/local/lib/android/sdk/platforms/android-35-ext15/data/res/values-mcc302-mnc370-pa: Cannot utime: Operation not permitted
build	Cache Android SDK	2026-06-06T12:23:04.0391475Z /usr/bin/tar: ../../../../../usr/local/lib/android/sdk/platforms/android-35-ext15/data/res/values-mcc302-mnc370-pa: Cannot change mode to rwxr-xr-x: Operation not permitted
build	Cache Android SDK	2026-06-06T12:23:04.0394457Z /usr/bin/tar: ../../../../../usr/local/lib/android/sdk/platforms/android-35-ext15/data/res/values-mcc310-mnc380-ca: Cannot utime: Operation not permitted
build	Cache Android SDK	2026-06-06T12:23:04.0394917Z /usr/bin/tar: ../../../../../usr/local/lib/android/sdk/platforms/android-35-ext15/data/res/values-mcc310-mnc380-ca: Cannot change mode to rwxr-xr-x: Operation not permitted
build	Cache Android SDK	2026-06-06T12:23:04.0397601Z /usr/bin/tar: ../../../../../usr/local/lib/android/sdk/platforms/android-35-ext15/data/res/values-mcc310-mnc950-gu: Cannot utime: Operation not permitted
build	Cache Android SDK	2026-06-06T12:23:04.0398131Z /usr/bin/tar: ../../../../../usr/local/lib/android/sdk/platforms/android-35-ext15/data/res/values-mcc310-mnc950-gu: Cannot change mode to rwxr-xr-x: Operation not permitted
build	Cache Android SDK	2026-06-06T12:23:04.0400621Z /usr/bin/tar: ../../../../../usr/local/lib/android/sdk/platforms/android-35-ext15/data/res/values-mcc302-mnc720-sq: Cannot utime: Operation not permitted
build	Cache Android SDK	2026-06-06T12:23:04.0401083Z /usr/bin/tar: ../../../../../usr/local/lib/android/sdk/platforms/android-35-ext15/data/res/values-mcc302-mnc720-sq: Cannot change mode to rwxr-xr-x: Operation not permitted
build	Cache Android SDK	2026-06-06T12:23:04.0403760Z /usr/bin/tar: ../../../../../usr/local/lib/android/sdk/platforms/android-35-ext15/data/res/values-sq-watch: Cannot utime: Operation not permitted
build	Cache Android SDK	2026-06-06T12:23:04.0404203Z /usr/bin/tar: ../../../../../usr/local/lib/android/sdk/platforms/android-35-ext15/data/res/values-sq-watch: Cannot change mode to rwxr-xr-x: Operation not permitted
build	Cache Android SDK	2026-06-06T12:23:04.0406608Z /usr/bin/tar: ../../../../../usr/local/lib/android/sdk/platforms/android-35-ext15/data/res/values-mcc311-mnc180-lv: Cannot utime: Operation not permitted
build	Cache Android SDK	2026-06-06T12:23:04.0407068Z /usr/bin/tar: ../../../../../usr/local/lib/android/sdk/platforms/android-35-ext15/data/res/values-mcc311-mnc180-lv: Cannot change mode to rwxr-xr-x: Operation not permitted
build	Cache Android SDK	2026-06-06T12:23:04.0409929Z /usr/bin/tar: ../../../../../usr/local/lib/android/sdk/platforms/android-35-ext15/data/res/values-mcc310-mnc280-it: Cannot utime: Operation not permitted
build	Cache Android SDK	2026-06-06T12:23:04.0410556Z /usr/bin/tar: ../../../../../usr/local/lib/android/sdk/platforms/android-35-ext15/data/res/values-mcc310-mnc280-it: Cannot change mode to rwxr-xr-x: Operation not permitted
build	Cache Android SDK	2026-06-06T12:23:04.0413103Z /usr/bin/tar: ../../../../../usr/local/lib/android/sdk/platforms/android-35-ext15/data/res/values-mcc302-mnc720-kk: Cannot utime: Operation not permitted
build	Cache Android SDK	2026-06-06T12:23:04.0413645Z /usr/bin/tar: ../../../../../usr/local/lib/android/sdk/platforms/android-35-ext15/data/res/values-mcc302-mnc720-kk: Cannot change mode to rwxr-xr-x: Operation not permitted
build	Cache Android SDK	2026-06-06T12:23:04.0413984Z /usr/bin/tar: ../../../../../usr/local/lib/android/sdk/platforms/android-35-ext15/data/res: Cannot utime: Operation not permitted
build	Cache Android SDK	2026-06-06T12:23:04.0414372Z /usr/bin/tar: ../../../../../usr/local/lib/android/sdk/platforms/android-35-ext15/data/res: Cannot change mode to rwxr-xr-x: Operation not permitted
build	Cache Android SDK	2026-06-06T12:23:04.0477689Z /usr/bin/tar: ../../../../../usr/local/lib/android/sdk/platforms/android-35-ext15/data: Cannot utime: Operation not permitted
build	Cache Android SDK	2026-06-06T12:23:04.0478735Z /usr/bin/tar: ../../../../../usr/local/lib/android/sdk/platforms/android-35-ext15/data: Cannot change mode to rwxr-xr-x: Operation not permitted
build	Cache Android SDK	2026-06-06T12:23:04.0479499Z /usr/bin/tar: ../../../../../usr/local/lib/android/sdk/platforms/android-35-ext15: Cannot utime: Operation not permitted
build	Cache Android SDK	2026-06-06T12:23:04.0480522Z /usr/bin/tar: ../../../../../usr/local/lib/android/sdk/platforms/android-35-ext15: Cannot change mode to rwxr-xr-x: Operation not permitted
build	Cache Android SDK	2026-06-06T12:23:04.0480887Z /usr/bin/tar: ../../../../../usr/local/lib/android/sdk/platforms: Cannot utime: Operation not permitted
build	Cache Android SDK	2026-06-06T12:23:04.0481217Z /usr/bin/tar: ../../../../../usr/local/lib/android/sdk/platforms: Cannot change mode to rwxr-xr-x: Operation not permitted
build	Cache Android SDK	2026-06-06T12:23:04.0579663Z /usr/bin/tar: ../../../../../usr/local/lib/android/sdk/platform-tools/lib64: Cannot utime: Operation not permitted
build	Cache Android SDK	2026-06-06T12:23:04.0581486Z /usr/bin/tar: ../../../../../usr/local/lib/android/sdk/platform-tools/lib64: Cannot change mode to rwxr-xr-x: Operation not permitted
build	Cache Android SDK	2026-06-06T12:23:04.0791446Z /usr/bin/tar: ../../../../../usr/local/lib/android/sdk/platform-tools: Cannot utime: Operation not permitted
build	Cache Android SDK	2026-06-06T12:23:04.0791846Z /usr/bin/tar: ../../../../../usr/local/lib/android/sdk/platform-tools: Cannot change mode to rwxr-xr-x: Operation not permitted
build	Cache Android SDK	2026-06-06T12:23:04.0792227Z /usr/bin/tar: Exiting with failure status due to previous errors
build	Cache Android SDK	2026-06-06T12:23:04.0832919Z ##[warning]Failed to restore: "/usr/bin/tar" failed with error: The process '/usr/bin/tar' failed with exit code 2
build	Cache Android SDK	2026-06-06T12:23:04.1163710Z Cache not found for input keys: android-sdk-Linux-a056138aeee43e5f4ee18c898bf60a207d72d8fb3329ec71697913bada7be020, android-sdk-Linux-
build	Pre-Push Guard	﻿2026-06-06T12:23:04.1276095Z ##[group]Run chmod +x pre-push-guard/scripts/pre_push_check.sh
build	Pre-Push Guard	2026-06-06T12:23:04.1276475Z ^[[36;1mchmod +x pre-push-guard/scripts/pre_push_check.sh^[[0m
build	Pre-Push Guard	2026-06-06T12:23:04.1276654Z ^[[36;1mbash pre-push-guard/scripts/pre_push_check.sh^[[0m
build	Pre-Push Guard	2026-06-06T12:23:04.1296838Z shell: /usr/bin/bash -e {0}
build	Pre-Push Guard	2026-06-06T12:23:04.1296960Z env:
build	Pre-Push Guard	2026-06-06T12:23:04.1297090Z   ANDROID_HOME: /usr/local/lib/android/sdk
build	Pre-Push Guard	2026-06-06T12:23:04.1315647Z   KEYSTORE: ***
build	Pre-Push Guard	2026-06-06T12:23:04.1315935Z   SENTRY_AUTH_TOKEN: ***
build	Pre-Push Guard	2026-06-06T12:23:04.1316469Z   SENTRY_DSN: ***
build	Pre-Push Guard	2026-06-06T12:23:04.1316572Z   IS_DEBUG: false
build	Pre-Push Guard	2026-06-06T12:23:04.1316668Z   IS_PRERELEASE: true
build	Pre-Push Guard	2026-06-06T12:23:04.1316798Z ##[endgroup]
build	Pre-Push Guard	2026-06-06T12:23:04.1400264Z ^[[0;33mRunning ShizukuX Pre-Push Guard...^[[0m
build	Pre-Push Guard	2026-06-06T12:23:04.1418624Z [1/6] Checking CMake version... ^[[0;32mPASS^[[0m
build	Pre-Push Guard	2026-06-06T12:23:04.1441110Z [2/6] Checking Java/Kotlin Interop (INSTANCE)... ^[[0;32mPASS^[[0m
build	Pre-Push Guard	2026-06-06T12:23:04.1499685Z [3/6] Checking for duplicate resource keys... ^[[0;32mPASS^[[0m
build	Pre-Push Guard	2026-06-06T12:23:04.1547760Z [4/6] Checking for missing R imports in Kotlin... ^[[0;32mPASS^[[0m
build	Pre-Push Guard	2026-06-06T12:23:04.1657868Z [5/6] Checking for ambiguous Bundle imports... ^[[0;32mPASS^[[0m
build	Pre-Push Guard	2026-06-06T12:23:04.1698477Z [6/9] Checking for missing Coroutine imports... ^[[0;32mPASS^[[0m
build	Pre-Push Guard	2026-06-06T12:23:04.1738081Z [7/9] Checking for missing lifecycleScope imports... ^[[0;32mPASS^[[0m
build	Pre-Push Guard	2026-06-06T12:23:04.1845522Z [8/9] Checking for misplaced imports in Kotlin... ^[[0;32mPASS^[[0m
build	Pre-Push Guard	2026-06-06T12:23:04.1846615Z [9/9] Checking submodule remote sync status... ^[[0;32mPASS^[[0m (Submodule directory exists)
build	Pre-Push Guard	2026-06-06T12:23:04.1889706Z [10/12] Checking for hardcoded package names in XML resources... ^[[0;32mPASS^[[0m
build	Pre-Push Guard	2026-06-06T12:23:04.1925231Z [11/12] Checking for unresolved colorPrimary... ^[[0;32mPASS^[[0m
build	Pre-Push Guard	2026-06-06T12:23:04.2011702Z [12/14] Checking for printStackTrace leftovers... ^[[0;33mWARN^[[0m (Use loge or Log.e instead)
build	Pre-Push Guard	2026-06-06T12:23:04.2012632Z ./app-process/src/main/java/com/rosan/app_process/AppProcess.java:242:                e.printStackTrace();
build	Pre-Push Guard	2026-06-06T12:23:04.2013341Z ./app-process/src/main/java/com/rosan/app_process/NewProcess.java:46:            e.printStackTrace();
build	Pre-Push Guard	2026-06-06T12:23:04.2014023Z ./app-process/src/main/java/com/rosan/app_process/RemoteProcessImpl.java:99:                e.printStackTrace();
build	Pre-Push Guard	2026-06-06T12:23:04.2014755Z ./app-process/src/main/java/com/rosan/app_process/RemoteProcessImpl.java:104:                    e.printStackTrace();
build	Pre-Push Guard	2026-06-06T12:23:04.2015482Z ./app-process/src/main/java/com/rosan/app_process/RemoteProcessImpl.java:109:                    e.printStackTrace();
build	Pre-Push Guard	2026-06-06T12:23:04.2016291Z ./api/server-shared/src/main/java/rikka/shizuku/server/util/ParcelFileDescriptorUtil.java:62:                    e.printStackTrace();
build	Pre-Push Guard	2026-06-06T12:23:04.2017147Z ./api/server-shared/src/main/java/rikka/shizuku/server/util/ParcelFileDescriptorUtil.java:67:                    e.printStackTrace();
build	Pre-Push Guard	2026-06-06T12:23:04.2018069Z ./api/demo/src/main/java/rikka/shizuku/demo/DemoActivity.java:198:            tr.printStackTrace();
build	Pre-Push Guard	2026-06-06T12:23:04.2018998Z ./api/demo/src/main/java/rikka/shizuku/demo/DemoActivity.java:269:                        e.printStackTrace();
build	Pre-Push Guard	2026-06-06T12:23:04.2019679Z ./api/demo/src/main/java/rikka/shizuku/demo/DemoActivity.java:274:                        e.printStackTrace();
build	Pre-Push Guard	2026-06-06T12:23:04.2020322Z ./api/demo/src/main/java/rikka/shizuku/demo/DemoActivity.java:303:            tr.printStackTrace();
build	Pre-Push Guard	2026-06-06T12:23:04.2020955Z ./api/demo/src/main/java/rikka/shizuku/demo/DemoActivity.java:342:            tr.printStackTrace();
build	Pre-Push Guard	2026-06-06T12:23:04.2021575Z ./api/demo/src/main/java/rikka/shizuku/demo/DemoActivity.java:359:            tr.printStackTrace();
build	Pre-Push Guard	2026-06-06T12:23:04.2022221Z ./api/demo/src/main/java/rikka/shizuku/demo/DemoActivity.java:375:                    e.printStackTrace();
build	Pre-Push Guard	2026-06-06T12:23:04.2022854Z ./api/demo/src/main/java/rikka/shizuku/demo/DemoActivity.java:406:            tr.printStackTrace();
build	Pre-Push Guard	2026-06-06T12:23:04.2023465Z ./api/demo/src/main/java/rikka/shizuku/demo/DemoActivity.java:421:            tr.printStackTrace();
build	Pre-Push Guard	2026-06-06T12:23:04.2024234Z ./api/demo/src/main/java/rikka/shizuku/demo/DemoActivity.java:441:            tr.printStackTrace();
build	Pre-Push Guard	2026-06-06T12:23:04.2024910Z ./manager/src/main/java/af/shizuku/manager/utils/CrashHandler.kt:50:        throwable.printStackTrace(pw)
build	Pre-Push Guard	2026-06-06T12:23:04.2025627Z ./manager/src/main/java/af/shizuku/manager/adb/FakeAdbPairingActivity.kt:31:                e.printStackTrace()
build	Pre-Push Guard	2026-06-06T12:23:04.2026365Z ./manager/src/main/java/af/shizuku/manager/settings/SettingsSearchEngine.kt:72:                e.printStackTrace()
build	Pre-Push Guard	2026-06-06T12:23:04.2027182Z ./manager/src/main/java/af/shizuku/manager/shell/PlusShell.java:32:                if (t != null) t.printStackTrace(System.err);
build	Pre-Push Guard	2026-06-06T12:23:04.2028464Z ./pre-push-guard/scripts/pre_push_check.sh:169:STACK_TRACE=$(grep -rn --exclude-dir={.ai,.git} "printStackTrace" . | grep ".kt:\|.java:")
build	Pre-Push Guard	2026-06-06T12:23:04.2029611Z [13/14] Checking for stale JNI class paths (moe/shizuku)... ^[[0;32mPASS^[[0m
build	Pre-Push Guard	2026-06-06T12:23:04.2030352Z [14/14] Checking JniSmokeTest exists... ^[[0;32mPASS^[[0m
build	Pre-Push Guard	2026-06-06T12:23:04.2030870Z [15/15] Checking layout XML well-formedness... ^[[0;33mSKIP^[[0m (xmllint not found)
build	Pre-Push Guard	2026-06-06T12:23:04.2031168Z 
build	Pre-Push Guard	2026-06-06T12:23:04.2031380Z ^[[0;33m----------------------------------------^[[0m
build	Pre-Push Guard	2026-06-06T12:23:04.2032397Z ^[[0;32mSuccess: Codebase looks stable for push.^[[0m
build	Setup Java	﻿2026-06-06T12:23:04.2145877Z ##[group]Run actions/setup-java@v4
build	Setup Java	2026-06-06T12:23:04.2146185Z with:
build	Setup Java	2026-06-06T12:23:04.2146408Z   distribution: temurin
build	Setup Java	2026-06-06T12:23:04.2146652Z   java-version: 21
build	Setup Java	2026-06-06T12:23:04.2146871Z   java-package: jdk
build	Setup Java	2026-06-06T12:23:04.2147100Z   check-latest: false
build	Setup Java	2026-06-06T12:23:04.2147322Z   server-id: github
build	Setup Java	2026-06-06T12:23:04.2147891Z   server-username: GITHUB_ACTOR
build	Setup Java	2026-06-06T12:23:04.2148155Z   server-password: GITHUB_TOKEN
build	Setup Java	2026-06-06T12:23:04.2148415Z   overwrite-settings: true
build	Setup Java	2026-06-06T12:23:04.2148660Z   job-status: success
build	Setup Java	2026-06-06T12:23:04.2151277Z   token: ***
build	Setup Java	2026-06-06T12:23:04.2151492Z env:
build	Setup Java	2026-06-06T12:23:04.2151716Z   ANDROID_HOME: /usr/local/lib/android/sdk
build	Setup Java	2026-06-06T12:23:04.2170403Z   KEYSTORE: ***
build	Setup Java	2026-06-06T12:23:04.2170817Z   SENTRY_AUTH_TOKEN: ***
build	Setup Java	2026-06-06T12:23:04.2171297Z   SENTRY_DSN: ***
build	Setup Java	2026-06-06T12:23:04.2171519Z   IS_DEBUG: false
build	Setup Java	2026-06-06T12:23:04.2171745Z   IS_PRERELEASE: true
build	Setup Java	2026-06-06T12:23:04.2171967Z ##[endgroup]
build	Setup Java	2026-06-06T12:23:04.4113620Z ##[group]Installed distributions
build	Setup Java	2026-06-06T12:23:04.4168189Z Resolved Java 21.0.11+10 from tool-cache
build	Setup Java	2026-06-06T12:23:04.4169194Z Setting Java 21.0.11+10 as the default
build	Setup Java	2026-06-06T12:23:04.4184851Z Creating toolchains.xml for JDK version 21 from temurin
build	Setup Java	2026-06-06T12:23:04.4253892Z Writing to /home/runner/.m2/toolchains.xml
build	Setup Java	2026-06-06T12:23:04.4254730Z 
build	Setup Java	2026-06-06T12:23:04.4255023Z Java configuration:
build	Setup Java	2026-06-06T12:23:04.4256088Z   Distribution: temurin
build	Setup Java	2026-06-06T12:23:04.4256624Z   Version: 21.0.11+10
build	Setup Java	2026-06-06T12:23:04.4257188Z   Path: /opt/hostedtoolcache/Java_Temurin-Hotspot_jdk/21.0.11-10/x64
build	Setup Java	2026-06-06T12:23:04.4257801Z 
build	Setup Java	2026-06-06T12:23:04.4258564Z ##[endgroup]
build	Setup Java	2026-06-06T12:23:04.4278471Z Creating settings.xml with server-id: github
build	Setup Java	2026-06-06T12:23:04.4291002Z Writing to /home/runner/.m2/settings.xml
build	Create signing.properties	﻿2026-06-06T12:23:04.4410091Z ##[group]Run echo KEYSTORE_PASSWORD=*** > signing.properties
build	Create signing.properties	2026-06-06T12:23:04.4410631Z ^[[36;1mecho KEYSTORE_PASSWORD=*** > signing.properties^[[0m
build	Create signing.properties	2026-06-06T12:23:04.4411029Z ^[[36;1mecho KEYSTORE_ALIAS=*** >> signing.properties^[[0m
build	Create signing.properties	2026-06-06T12:23:04.4411460Z ^[[36;1mecho KEYSTORE_ALIAS_PASSWORD='***' >> signing.properties^[[0m
build	Create signing.properties	2026-06-06T12:23:04.4412001Z ^[[36;1mecho KEYSTORE_FILE=/home/runner/work/ShizukuPlus/ShizukuPlus/key.jks >> signing.properties^[[0m
build	Create signing.properties	2026-06-06T12:23:04.4430383Z ^[[36;1mprintf "%s" "***" | base64 --decode > key.jks^[[0m
build	Create signing.properties	2026-06-06T12:23:04.4449062Z shell: /usr/bin/bash -e {0}
build	Create signing.properties	2026-06-06T12:23:04.4449352Z env:
build	Create signing.properties	2026-06-06T12:23:04.4449585Z   ANDROID_HOME: /usr/local/lib/android/sdk
build	Create signing.properties	2026-06-06T12:23:04.4466702Z   KEYSTORE: ***
build	Create signing.properties	2026-06-06T12:23:04.4467098Z   SENTRY_AUTH_TOKEN: ***
build	Create signing.properties	2026-06-06T12:23:04.4467749Z   SENTRY_DSN: ***
build	Create signing.properties	2026-06-06T12:23:04.4467971Z   IS_DEBUG: false
build	Create signing.properties	2026-06-06T12:23:04.4468190Z   IS_PRERELEASE: true
build	Create signing.properties	2026-06-06T12:23:04.4468511Z   JAVA_HOME: /opt/hostedtoolcache/Java_Temurin-Hotspot_jdk/21.0.11-10/x64
build	Create signing.properties	2026-06-06T12:23:04.4469051Z   JAVA_HOME_21_X64: /opt/hostedtoolcache/Java_Temurin-Hotspot_jdk/21.0.11-10/x64
build	Create signing.properties	2026-06-06T12:23:04.4469437Z ##[endgroup]
build	Setup Gradle	﻿2026-06-06T12:23:04.4646110Z ##[group]Run gradle/actions/setup-gradle@v4
build	Setup Gradle	2026-06-06T12:23:04.4646509Z with:
build	Setup Gradle	2026-06-06T12:23:04.4646722Z   build-scan-publish: true
build	Setup Gradle	2026-06-06T12:23:04.4647105Z   build-scan-terms-of-use-url: https://gradle.com/terms-of-service
build	Setup Gradle	2026-06-06T12:23:04.4647734Z   build-scan-terms-of-use-agree: yes
build	Setup Gradle	2026-06-06T12:23:04.4648026Z   cache-disabled: false
build	Setup Gradle	2026-06-06T12:23:04.4648268Z   cache-read-only: false
build	Setup Gradle	2026-06-06T12:23:04.4648530Z   cache-write-only: false
build	Setup Gradle	2026-06-06T12:23:04.4648789Z   cache-overwrite-existing: false
build	Setup Gradle	2026-06-06T12:23:04.4649060Z   cache-cleanup: on-success
build	Setup Gradle	2026-06-06T12:23:04.4649354Z   gradle-home-cache-includes: caches
build	Setup Gradle	notifications
build	Setup Gradle	
build	Setup Gradle	2026-06-06T12:23:04.4649680Z   add-job-summary: always
build	Setup Gradle	2026-06-06T12:23:04.4649934Z   add-job-summary-as-pr-comment: never
build	Setup Gradle	2026-06-06T12:23:04.4650223Z   dependency-graph: disabled
build	Setup Gradle	2026-06-06T12:23:04.4650529Z   dependency-graph-report-dir: dependency-graph-reports
build	Setup Gradle	2026-06-06T12:23:04.4650891Z   dependency-graph-continue-on-failure: true
build	Setup Gradle	2026-06-06T12:23:04.4651226Z   validate-wrappers: true
build	Setup Gradle	2026-06-06T12:23:04.4651473Z   allow-snapshot-wrappers: false
build	Setup Gradle	2026-06-06T12:23:04.4651751Z   gradle-home-cache-strict-match: false
build	Setup Gradle	2026-06-06T12:23:04.4652029Z   workflow-job-context: null
build	Setup Gradle	2026-06-06T12:23:04.4654779Z   github-token: ***
build	Setup Gradle	2026-06-06T12:23:04.4654996Z env:
build	Setup Gradle	2026-06-06T12:23:04.4655208Z   ANDROID_HOME: /usr/local/lib/android/sdk
build	Setup Gradle	2026-06-06T12:23:04.4673497Z   KEYSTORE: ***
build	Setup Gradle	2026-06-06T12:23:04.4673884Z   SENTRY_AUTH_TOKEN: ***
build	Setup Gradle	2026-06-06T12:23:04.4674352Z   SENTRY_DSN: ***
build	Setup Gradle	2026-06-06T12:23:04.4674560Z   IS_DEBUG: false
build	Setup Gradle	2026-06-06T12:23:04.4674784Z   IS_PRERELEASE: true
build	Setup Gradle	2026-06-06T12:23:04.4675105Z   JAVA_HOME: /opt/hostedtoolcache/Java_Temurin-Hotspot_jdk/21.0.11-10/x64
build	Setup Gradle	2026-06-06T12:23:04.4675587Z   JAVA_HOME_21_X64: /opt/hostedtoolcache/Java_Temurin-Hotspot_jdk/21.0.11-10/x64
build	Setup Gradle	2026-06-06T12:23:04.4675958Z ##[endgroup]
build	Setup Gradle	2026-06-06T12:23:05.1085253Z Merged default JDK locations into /home/runner/.m2/toolchains.xml
build	Setup Gradle	2026-06-06T12:23:05.1086413Z Preparing cache for cleanup.
build	Setup Gradle	2026-06-06T12:23:05.1091539Z ##[group]Restore Gradle state from cache
build	Setup Gradle	2026-06-06T12:23:05.3966406Z Cache hit for restore-key: gradle-home-v1|Linux-X64|build[8f1a35902c100c60bb9f5f2fa570f2c2]-4f31b9652d1a9dda697e2899a29d6cda3664b655
build	Setup Gradle	2026-06-06T12:23:06.6919209Z Received 0 of 83252597 (0.0%), 0.0 MBs/sec
build	Setup Gradle	2026-06-06T12:23:07.6779674Z Received 83252597 of 83252597 (100.0%), 40.0 MBs/sec
build	Setup Gradle	2026-06-06T12:23:07.6782389Z Cache Size: ~79 MB (83252597 B)
build	Setup Gradle	2026-06-06T12:23:07.6812696Z [command]/usr/bin/tar -xf /home/runner/work/_temp/5bc5961e-25a7-4142-959b-cb5254a85115/cache.tzst -P -C /home/runner/work/ShizukuPlus/ShizukuPlus --use-compress-program unzstd
build	Setup Gradle	2026-06-06T12:23:07.9283916Z Cache restored successfully
build	Setup Gradle	2026-06-06T12:23:07.9318431Z Restored cache entry with key gradle-home-v1|Linux-X64|build[8f1a35902c100c60bb9f5f2fa570f2c2]-ba784d260dfc93674d9f38e70b2aba67ad40e6d8 to /home/runner/.gradle/caches,/home/runner/.gradle/notifications,/home/runner/.gradle/.setup-gradle in 2821ms
build	Setup Gradle	2026-06-06T12:23:08.1907796Z Cache hit for: gradle-wrapper-zips-v1-b34fbf565c67c89c8aa34f8407b476ab
build	Setup Gradle	2026-06-06T12:23:08.1932525Z Cache hit for: gradle-transforms-v1-6d5c8f7b15f481cc63e2d98e75b0f177
build	Setup Gradle	2026-06-06T12:23:08.1937816Z Cache hit for: gradle-instrumented-jars-v1-e22638feb562dbe6e252e5aefda34421
build	Setup Gradle	2026-06-06T12:23:08.1944055Z Cache hit for: gradle-dependencies-v1-3bb466626fb534a574a27a3dbbed6efb
build	Setup Gradle	2026-06-06T12:23:08.1976555Z Cache hit for: gradle-groovy-dsl-v1-6728f4c491155d85a7a574f99eeab165
build	Setup Gradle	2026-06-06T12:23:09.1040804Z Received 218183 of 218183 (100.0%), 0.3 MBs/sec
build	Setup Gradle	2026-06-06T12:23:09.1042840Z Cache Size: ~0 MB (218183 B)
build	Setup Gradle	2026-06-06T12:23:09.1078927Z [command]/usr/bin/tar -xf /home/runner/work/_temp/d7f95fad-4f78-4432-8a8b-ae3c96c0a292/cache.tzst -P -C /home/runner/work/ShizukuPlus/ShizukuPlus --use-compress-program unzstd
build	Setup Gradle	2026-06-06T12:23:09.1286958Z Cache restored successfully
build	Setup Gradle	2026-06-06T12:23:09.1291251Z Restored cache entry with key gradle-instrumented-jars-v1-e22638feb562dbe6e252e5aefda34421 to /home/runner/.gradle/caches/jars-*/*/ in 1195ms
build	Setup Gradle	2026-06-06T12:23:09.2663881Z Received 104857600 of 158207403 (66.3%), 99.9 MBs/sec
build	Setup Gradle	2026-06-06T12:23:09.3418380Z Received 422684 of 422684 (100.0%), 0.5 MBs/sec
build	Setup Gradle	2026-06-06T12:23:09.3419036Z Cache Size: ~0 MB (422684 B)
build	Setup Gradle	2026-06-06T12:23:09.3489665Z [command]/usr/bin/tar -xf /home/runner/work/_temp/4de6e49f-f5b1-4eff-86c5-03fa9152a520/cache.tzst -P -C /home/runner/work/ShizukuPlus/ShizukuPlus --use-compress-program unzstd
build	Setup Gradle	2026-06-06T12:23:09.3942064Z Cache restored successfully
build	Setup Gradle	2026-06-06T12:23:09.3959024Z Restored cache entry with key gradle-groovy-dsl-v1-6728f4c491155d85a7a574f99eeab165 to /home/runner/.gradle/caches/*/groovy-dsl/*/ in 1461ms
build	Setup Gradle	2026-06-06T12:23:09.5076413Z Received 0 of 357996337 (0.0%), 0.0 MBs/sec
build	Setup Gradle	2026-06-06T12:23:09.5242485Z Received 0 of 136692061 (0.0%), 0.0 MBs/sec
build	Setup Gradle	2026-06-06T12:23:09.9471290Z Received 158207403 of 158207403 (100.0%), 89.8 MBs/sec
build	Setup Gradle	2026-06-06T12:23:09.9473811Z Cache Size: ~151 MB (158207403 B)
build	Setup Gradle	2026-06-06T12:23:09.9556264Z [command]/usr/bin/tar -xf /home/runner/work/_temp/e7a0a942-81ae-4009-8998-feaeffe25c54/cache.tzst -P -C /home/runner/work/ShizukuPlus/ShizukuPlus --use-compress-program unzstd
build	Setup Gradle	2026-06-06T12:23:10.5116733Z Received 83886080 of 357996337 (23.4%), 39.9 MBs/sec
build	Setup Gradle	2026-06-06T12:23:10.5269482Z Received 83886080 of 136692061 (61.4%), 40.0 MBs/sec
build	Setup Gradle	2026-06-06T12:23:11.2820494Z Received 136692061 of 136692061 (100.0%), 47.3 MBs/sec
build	Setup Gradle	2026-06-06T12:23:11.2821276Z Cache Size: ~130 MB (136692061 B)
build	Setup Gradle	2026-06-06T12:23:11.3531721Z [command]/usr/bin/tar -xf /home/runner/work/_temp/ebc5d6a9-4a97-445e-a7e4-248ab4606635/cache.tzst -P -C /home/runner/work/ShizukuPlus/ShizukuPlus --use-compress-program unzstd
build	Setup Gradle	2026-06-06T12:23:11.5124391Z Received 167772160 of 357996337 (46.9%), 53.3 MBs/sec
build	Setup Gradle	2026-06-06T12:23:11.6864917Z Cache restored successfully
build	Setup Gradle	2026-06-06T12:23:11.6931754Z Restored cache entry with key gradle-wrapper-zips-v1-b34fbf565c67c89c8aa34f8407b476ab to /home/runner/.gradle/wrapper/dists/gradle-8.14-bin/38aieal9i53h9rfe7vjup95b9 in 3760ms
build	Setup Gradle	2026-06-06T12:23:12.2481630Z Cache restored successfully
build	Setup Gradle	2026-06-06T12:23:12.2533065Z Restored cache entry with key gradle-transforms-v1-6d5c8f7b15f481cc63e2d98e75b0f177 to /home/runner/.gradle/caches/transforms-4/*/,/home/runner/.gradle/caches/*/transforms/*/ in 4320ms
build	Setup Gradle	2026-06-06T12:23:12.5132271Z Received 306184192 of 357996337 (85.5%), 72.9 MBs/sec
build	Setup Gradle	2026-06-06T12:23:12.8481789Z Received 357996337 of 357996337 (100.0%), 78.7 MBs/sec
build	Setup Gradle	2026-06-06T12:23:12.8484986Z Cache Size: ~341 MB (357996337 B)
build	Setup Gradle	2026-06-06T12:23:12.8615241Z [command]/usr/bin/tar -xf /home/runner/work/_temp/eeef6145-5fed-42ce-bfa0-1cc3553ac37e/cache.tzst -P -C /home/runner/work/ShizukuPlus/ShizukuPlus --use-compress-program unzstd
build	Setup Gradle	2026-06-06T12:23:13.2236261Z Cache restored successfully
build	Setup Gradle	2026-06-06T12:23:13.2351792Z Restored cache entry with key gradle-dependencies-v1-3bb466626fb534a574a27a3dbbed6efb to /home/runner/.gradle/caches/modules-*/files-*/*/*/*/* in 5302ms
build	Setup Gradle	2026-06-06T12:23:13.2880349Z ##[endgroup]
build	Setup Gradle	2026-06-06T12:23:13.3170074Z ##[group]All Gradle Wrapper jars are valid
build	Setup Gradle	2026-06-06T12:23:13.3171300Z ✓ Found known Gradle Wrapper JAR files:
build	Setup Gradle	2026-06-06T12:23:13.3172062Z   7d3a4ac4de1c32b59bc6a4eb8ecb8e612ccd0cf1ae1e99f66902da64df296172 api/gradle/wrapper/gradle-wrapper.jar
build	Setup Gradle	2026-06-06T12:23:13.3172815Z   7d3a4ac4de1c32b59bc6a4eb8ecb8e612ccd0cf1ae1e99f66902da64df296172 gradle/wrapper/gradle-wrapper.jar
build	Setup Gradle	2026-06-06T12:23:13.3173537Z ##[endgroup]
build	Build with Gradle	﻿2026-06-06T12:23:13.3421668Z ##[group]Run yes | $ANDROID_HOME/cmdline-tools/latest/bin/sdkmanager --licenses > /dev/null || true
build	Build with Gradle	2026-06-06T12:23:13.3422449Z ^[[36;1myes | $ANDROID_HOME/cmdline-tools/latest/bin/sdkmanager --licenses > /dev/null || true^[[0m
build	Build with Gradle	2026-06-06T12:23:13.3423092Z ^[[36;1m[ -n "$SENTRY_DSN" ] && echo "SENTRY_DSN=${SENTRY_DSN}" >> gradle.properties || true^[[0m
build	Build with Gradle	2026-06-06T12:23:13.3423533Z ^[[36;1m^[[0m
build	Build with Gradle	2026-06-06T12:23:13.3423809Z ^[[36;1m# Extract version from build.gradle^[[0m
build	Build with Gradle	2026-06-06T12:23:13.3424271Z ^[[36;1mBASE_VERSION=$(grep "baseVersionName =" build.gradle | cut -d'"' -f2)^[[0m
build	Build with Gradle	2026-06-06T12:23:13.3424735Z ^[[36;1mGIT_COUNT=$(git rev-list --count HEAD)^[[0m
build	Build with Gradle	2026-06-06T12:23:13.3425166Z ^[[36;1m^[[0m
build	Build with Gradle	2026-06-06T12:23:13.3425434Z ^[[36;1mif [ "$IS_PRERELEASE" = "true" ]; then^[[0m
build	Build with Gradle	2026-06-06T12:23:13.3425829Z ^[[36;1m  VERSION="ShizukuX ${BASE_VERSION}.r${GIT_COUNT}"^[[0m
build	Build with Gradle	2026-06-06T12:23:13.3426196Z ^[[36;1m  ARGS="-Pbeta"^[[0m
build	Build with Gradle	2026-06-06T12:23:13.3426478Z ^[[36;1melse^[[0m
build	Build with Gradle	2026-06-06T12:23:13.3426784Z ^[[36;1m  VERSION="ShizukuX ${BASE_VERSION}.r${GIT_COUNT}"^[[0m
build	Build with Gradle	2026-06-06T12:23:13.3427161Z ^[[36;1m  ARGS=""^[[0m
build	Build with Gradle	2026-06-06T12:23:13.3427690Z ^[[36;1mfi^[[0m
build	Build with Gradle	2026-06-06T12:23:13.3428039Z ^[[36;1m^[[0m
build	Build with Gradle	2026-06-06T12:23:13.3428317Z ^[[36;1mecho "$VERSION" > version.txt^[[0m
build	Build with Gradle	2026-06-06T12:23:13.3428702Z ^[[36;1mecho "versionName=${VERSION}" >> $GITHUB_OUTPUT^[[0m
build	Build with Gradle	2026-06-06T12:23:13.3429042Z ^[[36;1m^[[0m
build	Build with Gradle	2026-06-06T12:23:13.3429294Z ^[[36;1mif [ "$IS_DEBUG" = "true" ]; then^[[0m
build	Build with Gradle	2026-06-06T12:23:13.3429646Z ^[[36;1m  CMD="./gradlew :manager:assembleDebug"^[[0m
build	Build with Gradle	2026-06-06T12:23:13.3430023Z ^[[36;1m  APK_DIR="manager/build/outputs/apk/debug"^[[0m
build	Build with Gradle	2026-06-06T12:23:13.3430464Z ^[[36;1m  ARTIFACT_NAME="***-debug.apk"^[[0m
build	Build with Gradle	2026-06-06T12:23:13.3430778Z ^[[36;1melse^[[0m
build	Build with Gradle	2026-06-06T12:23:13.3431139Z ^[[36;1m  # Only exclude Sentry tasks if we aren't going to upload them later^[[0m
build	Build with Gradle	2026-06-06T12:23:13.3431598Z ^[[36;1m  CMD="./gradlew :manager:assembleRelease $ARGS"^[[0m
build	Build with Gradle	2026-06-06T12:23:13.3431995Z ^[[36;1m  APK_DIR="manager/build/outputs/apk/release"^[[0m
build	Build with Gradle	2026-06-06T12:23:13.3432392Z ^[[36;1m  ARTIFACT_NAME="***.apk"^[[0m
build	Build with Gradle	2026-06-06T12:23:13.3432681Z ^[[36;1mfi^[[0m
build	Build with Gradle	2026-06-06T12:23:13.3432903Z ^[[36;1m^[[0m
build	Build with Gradle	2026-06-06T12:23:13.3433329Z ^[[36;1mexport GRADLE_OPTS="-Xmx4g -XX:MaxMetaspaceSize=512m -XX:+HeapDumpOnOutOfMemoryError"^[[0m
build	Build with Gradle	2026-06-06T12:23:13.3434254Z ^[[36;1meval $CMD --stacktrace --info -x uploadSentryProguardMappingsRelease -x uploadSentryNativeSymbolsForRelease -x sentryUploadSourceBundleRelease -x :manager:lint^[[0m
build	Build with Gradle	2026-06-06T12:23:13.3435003Z ^[[36;1m^[[0m
build	Build with Gradle	2026-06-06T12:23:13.3435314Z ^[[36;1mFILE=$(find "$APK_DIR" -name "*.apk" -type f | head -1)^[[0m
build	Build with Gradle	2026-06-06T12:23:13.3435691Z ^[[36;1mif [ -z "$FILE" ]; then^[[0m
build	Build with Gradle	2026-06-06T12:23:13.3436031Z ^[[36;1m  echo "Error: No APK found in $APK_DIR"^[[0m
build	Build with Gradle	2026-06-06T12:23:13.3436363Z ^[[36;1m  exit 1^[[0m
build	Build with Gradle	2026-06-06T12:23:13.3436612Z ^[[36;1mfi^[[0m
build	Build with Gradle	2026-06-06T12:23:13.3436849Z ^[[36;1m^[[0m
build	Build with Gradle	2026-06-06T12:23:13.3437084Z ^[[36;1m# Verify if signed^[[0m
build	Build with Gradle	2026-06-06T12:23:13.3437522Z ^[[36;1mif [ "$IS_DEBUG" = "false" ]; then^[[0m
build	Build with Gradle	2026-06-06T12:23:13.3438198Z ^[[36;1m  if ! unzip -l "$FILE" | grep -q "META-INF/.*\.RSA"; then^[[0m
build	Build with Gradle	2026-06-06T12:23:13.3438923Z ^[[36;1m    echo "WARNING: Release APK appears to be UNSIGNED!"^[[0m
build	Build with Gradle	2026-06-06T12:23:13.3439686Z ^[[36;1m    # Attempt to sign if key.jks exists (failsafe using apksigner for v2+ support)^[[0m
build	Build with Gradle	2026-06-06T12:23:13.3440160Z ^[[36;1m    if [ -f "key.jks" ]; then^[[0m
build	Build with Gradle	2026-06-06T12:23:13.3440572Z ^[[36;1m      echo "Attempting manual signing failsafe with apksigner..."^[[0m
build	Build with Gradle	2026-06-06T12:23:13.3441121Z ^[[36;1m      BUILD_TOOLS_VERSION=$(ls $ANDROID_HOME/build-tools | sort -V | tail -n 1)^[[0m
build	Build with Gradle	2026-06-06T12:23:13.3441702Z ^[[36;1m      $ANDROID_HOME/build-tools/$BUILD_TOOLS_VERSION/apksigner sign --ks key.jks \^[[0m
build	Build with Gradle	2026-06-06T12:23:13.3442219Z ^[[36;1m        --ks-pass "pass:***" \^[[0m
build	Build with Gradle	2026-06-06T12:23:13.3442576Z ^[[36;1m        --ks-key-alias "***" \^[[0m
build	Build with Gradle	2026-06-06T12:23:13.3442926Z ^[[36;1m        --key-pass "pass:***" \^[[0m
build	Build with Gradle	2026-06-06T12:23:13.3443240Z ^[[36;1m        "$FILE"^[[0m
build	Build with Gradle	2026-06-06T12:23:13.3443507Z ^[[36;1m    fi^[[0m
build	Build with Gradle	2026-06-06T12:23:13.3443876Z ^[[36;1m  fi^[[0m
build	Build with Gradle	2026-06-06T12:23:13.3444116Z ^[[36;1mfi^[[0m
build	Build with Gradle	2026-06-06T12:23:13.3444348Z ^[[36;1m^[[0m
build	Build with Gradle	2026-06-06T12:23:13.3444632Z ^[[36;1mRENAMED="$(dirname "$FILE")/$ARTIFACT_NAME"^[[0m
build	Build with Gradle	2026-06-06T12:23:13.3444989Z ^[[36;1mmv "$FILE" "$RENAMED"^[[0m
build	Build with Gradle	2026-06-06T12:23:13.3445268Z ^[[36;1m^[[0m
build	Build with Gradle	2026-06-06T12:23:13.3445579Z ^[[36;1mecho "artifactName=${ARTIFACT_NAME}" >> $GITHUB_OUTPUT^[[0m
build	Build with Gradle	2026-06-06T12:23:13.3446006Z ^[[36;1mecho "filePath=${RENAMED}" >> $GITHUB_OUTPUT^[[0m
build	Build with Gradle	2026-06-06T12:23:13.3462457Z shell: /usr/bin/bash -e {0}
build	Build with Gradle	2026-06-06T12:23:13.3462765Z env:
build	Build with Gradle	2026-06-06T12:23:13.3463036Z   ANDROID_HOME: /usr/local/lib/android/sdk
build	Build with Gradle	2026-06-06T12:23:13.3481623Z   KEYSTORE: ***
build	Build with Gradle	2026-06-06T12:23:13.3482065Z   SENTRY_AUTH_TOKEN: ***
build	Build with Gradle	2026-06-06T12:23:13.3482578Z   SENTRY_DSN: ***
build	Build with Gradle	2026-06-06T12:23:13.3482832Z   IS_DEBUG: false
build	Build with Gradle	2026-06-06T12:23:13.3483089Z   IS_PRERELEASE: true
build	Build with Gradle	2026-06-06T12:23:13.3483459Z   JAVA_HOME: /opt/hostedtoolcache/Java_Temurin-Hotspot_jdk/21.0.11-10/x64
build	Build with Gradle	2026-06-06T12:23:13.3483996Z   JAVA_HOME_21_X64: /opt/hostedtoolcache/Java_Temurin-Hotspot_jdk/21.0.11-10/x64
build	Build with Gradle	2026-06-06T12:23:13.3484467Z   GRADLE_ACTION_ID: gradle/actions/setup-gradle
build	Build with Gradle	2026-06-06T12:23:13.3484821Z   GRADLE_USER_HOME: /home/runner/.gradle
build	Build with Gradle	2026-06-06T12:23:13.3485149Z   GRADLE_BUILD_ACTION_SETUP_COMPLETED: true
build	Build with Gradle	2026-06-06T12:23:13.3485491Z   GRADLE_BUILD_ACTION_CACHE_RESTORED: true
build	Build with Gradle	2026-06-06T12:23:13.3485961Z   DEVELOCITY_INJECTION_INIT_SCRIPT_NAME: gradle-actions.inject-develocity.init.gradle
build	Build with Gradle	2026-06-06T12:23:13.3486468Z   DEVELOCITY_INJECTION_CUSTOM_VALUE: gradle-actions
build	Build with Gradle	2026-06-06T12:23:13.3486825Z   DEVELOCITY_INJECTION_ENABLED: true
build	Build with Gradle	2026-06-06T12:23:13.3487186Z   DEVELOCITY_INJECTION_DEVELOCITY_PLUGIN_VERSION: 4.1.1
build	Build with Gradle	2026-06-06T12:23:13.3487836Z   DEVELOCITY_INJECTION_CCUD_PLUGIN_VERSION: 2.1
build	Build with Gradle	2026-06-06T12:23:13.3488292Z   DEVELOCITY_INJECTION_TERMS_OF_USE_URL: https://gradle.com/terms-of-service
build	Build with Gradle	2026-06-06T12:23:13.3488741Z   DEVELOCITY_INJECTION_TERMS_OF_USE_AGREE: yes
build	Build with Gradle	2026-06-06T12:23:13.3489097Z   GITHUB_DEPENDENCY_GRAPH_ENABLED: false
build	Build with Gradle	2026-06-06T12:23:13.3489406Z ##[endgroup]
build	Build with Gradle	2026-06-06T12:23:21.7096809Z yes: standard output: Broken pipe
build	Build with Gradle	2026-06-06T12:23:22.1376126Z Initialized native services in: /home/runner/.gradle/native
build	Build with Gradle	2026-06-06T12:23:22.1532314Z Initialized jansi services in: /home/runner/.gradle/native
build	Build with Gradle	2026-06-06T12:23:22.4764594Z Removing 0 daemon stop events from registry
build	Build with Gradle	2026-06-06T12:23:22.4805921Z Starting a Gradle Daemon (subsequent builds will be faster)
build	Build with Gradle	2026-06-06T12:23:22.4813685Z Starting process 'Gradle build daemon'. Working directory: /home/runner/.gradle/daemon/8.14 Command: /usr/lib/jvm/temurin-21-jdk-amd64/bin/java --add-opens=java.base/java.lang=ALL-UNNAMED --add-opens=java.base/java.lang.invoke=ALL-UNNAMED --add-opens=java.base/java.util=ALL-UNNAMED --add-opens=java.prefs/java.util.prefs=ALL-UNNAMED --add-exports=jdk.compiler/com.sun.tools.javac.api=ALL-UNNAMED --add-exports=jdk.compiler/com.sun.tools.javac.util=ALL-UNNAMED --add-opens=java.base/java.util=ALL-UNNAMED --add-opens=java.prefs/java.util.prefs=ALL-UNNAMED --add-opens=java.base/java.nio.charset=ALL-UNNAMED --add-opens=java.base/java.net=ALL-UNNAMED --add-opens=java.base/java.util.concurrent.atomic=ALL-UNNAMED --add-opens=java.xml/javax.xml.namespace=ALL-UNNAMED -Xmx2048m -Dfile.encoding=UTF-8 -Duser.country -Duser.language=en -Duser.variant -cp /home/runner/.gradle/wrapper/dists/gradle-8.14-bin/38aieal9i53h9rfe7vjup95b9/gradle-8.14/lib/gradle-daemon-main-8.14.jar -javaagent:/home/runner/.gradle/wrapper/dists/gradle-8.14-bin/38aieal9i53h9rfe7vjup95b9/gradle-8.14/lib/agents/gradle-instrumentation-agent-8.14.jar org.gradle.launcher.daemon.bootstrap.GradleDaemon 8.14
build	Build with Gradle	2026-06-06T12:23:22.4821463Z Successfully started process 'Gradle build daemon'
build	Build with Gradle	2026-06-06T12:23:23.4753092Z An attempt to start the daemon took 0.972 secs.
build	Build with Gradle	2026-06-06T12:23:23.5753079Z The client will now receive all logging from the daemon (pid: 2760). The daemon log file: /home/runner/.gradle/daemon/8.14/daemon-2760.out.log
build	Build with Gradle	2026-06-06T12:23:23.5754905Z Starting build in new daemon [memory: 2 GiB]
build	Build with Gradle	2026-06-06T12:23:23.8758801Z Using 4 worker leases.
build	Build with Gradle	2026-06-06T12:23:23.8759619Z Configuration on demand is an incubating feature.
build	Build with Gradle	2026-06-06T12:23:24.1781768Z Received JVM installation metadata from '/usr/lib/jvm/temurin-21-jdk-amd64': {JAVA_HOME=/usr/lib/jvm/temurin-21-jdk-amd64, JAVA_VERSION=21.0.11, JAVA_VENDOR=Eclipse Adoptium, RUNTIME_NAME=OpenJDK Runtime Environment, RUNTIME_VERSION=21.0.11+10-LTS, VM_NAME=OpenJDK 64-Bit Server VM, VM_VERSION=21.0.11+10-LTS, VM_VENDOR=Eclipse Adoptium, OS_ARCH=amd64}
build	Build with Gradle	2026-06-06T12:23:24.4768934Z Watching the file system is configured to be enabled if available
build	Build with Gradle	2026-06-06T12:23:24.4770592Z Now considering [/home/runner/work/ShizukuPlus/ShizukuPlus] as hierarchies to watch
build	Build with Gradle	2026-06-06T12:23:24.4771457Z File system watching is active
build	Build with Gradle	2026-06-06T12:23:25.8758683Z Develocity plugins resolution: https://plugins.gradle.org/m2
build	Build with Gradle	2026-06-06T12:23:26.8751526Z Starting Build
build	Build with Gradle	2026-06-06T12:23:26.9760052Z Settings evaluated using settings file '/home/runner/work/ShizukuPlus/ShizukuPlus/settings.gradle'.
build	Build with Gradle	2026-06-06T12:23:26.9762225Z Applying com.gradle.develocity.agent.gradle.DevelocityPlugin with version 4.1.1 via init script
build	Build with Gradle	2026-06-06T12:23:27.4758567Z Setting captureFileFingerprints: true
build	Build with Gradle	2026-06-06T12:23:27.4826470Z Accepting Gradle Terms of Use: https://gradle.com/terms-of-service
build	Build with Gradle	2026-06-06T12:23:27.4880967Z Setting uploadInBackground: false
build	Build with Gradle	2026-06-06T12:23:27.4918504Z Applying com.gradle.CommonCustomUserDataGradlePlugin with version 2.1 via init script
build	Build with Gradle	2026-06-06T12:23:27.5781420Z Using local directory build cache for the root build (location = /home/runner/.gradle/caches/build-cache-1, remove unused entries = after 7 days).
build	Build with Gradle	2026-06-06T12:23:27.8752254Z Projects loaded. Root project using build file '/home/runner/work/ShizukuPlus/ShizukuPlus/build.gradle'.
build	Build with Gradle	2026-06-06T12:23:27.8757660Z Included projects: [root project 'ShizukuPlus', project ':aidl', project ':api', project ':app-process', project ':common', project ':compat', project ':core', project ':database', project ':manager', project ':provider', project ':rish', project ':server', project ':server-shared', project ':shared', project ':shell', project ':starter', project ':core:ui']
build	Build with Gradle	2026-06-06T12:23:27.9754099Z Task path ':manager:lint' matched project ':manager'
build	Build with Gradle	2026-06-06T12:23:27.9755256Z Task path ':manager:assembleRelease' matched project ':manager'
build	Build with Gradle	2026-06-06T12:23:29.9751212Z 
build	Build with Gradle	2026-06-06T12:23:29.9758441Z > Configure project :
build	Build with Gradle	2026-06-06T12:23:29.9759489Z Evaluating root project 'ShizukuPlus' using build file '/home/runner/work/ShizukuPlus/ShizukuPlus/build.gradle'.
build	Build with Gradle	2026-06-06T12:23:29.9767709Z Caching disabled for Groovy DSL script compilation (cp_proj) because:
build	Build with Gradle	2026-06-06T12:23:29.9768950Z   Not worth caching.
build	Build with Gradle	2026-06-06T12:23:29.9769784Z Compiling build file '/home/runner/work/ShizukuPlus/ShizukuPlus/build.gradle' using SubsetScriptTransformer.
build	Build with Gradle	2026-06-06T12:23:29.9770573Z Resolved plugin [id: 'idea']
build	Build with Gradle	2026-06-06T12:23:29.9771486Z Resource missing. [HTTP HEAD: https://dl.google.com/dl/android/maven2/com/android/library/com.android.library.gradle.plugin/8.11.1/com.android.library.gradle.plugin-8.11.1.jar]
build	Build with Gradle	2026-06-06T12:23:29.9772497Z Resolved plugin [id: 'com.android.library', version: '8.11.1', apply: false]
build	Build with Gradle	2026-06-06T12:23:29.9773845Z Resource missing. [HTTP HEAD: https://repo.maven.apache.org/maven2/org/jetbrains/kotlin/android/org.jetbrains.kotlin.android.gradle.plugin/2.2.20/org.jetbrains.kotlin.android.gradle.plugin-2.2.20.jar]
build	Build with Gradle	2026-06-06T12:23:29.9774956Z Resolved plugin [id: 'org.jetbrains.kotlin.android', version: '2.2.20', apply: false]
build	Build with Gradle	2026-06-06T12:23:29.9776055Z Resource missing. [HTTP HEAD: https://repo.maven.apache.org/maven2/com/google/devtools/ksp/com.google.devtools.ksp.gradle.plugin/2.2.20-2.0.2/com.google.devtools.ksp.gradle.plugin-2.2.20-2.0.2.jar]
build	Build with Gradle	2026-06-06T12:23:29.9777137Z Resolved plugin [id: 'com.google.devtools.ksp', version: '2.2.20-2.0.2', apply: false]
build	Build with Gradle	2026-06-06T12:23:29.9778422Z Resource missing. [HTTP GET: https://dl.google.com/dl/android/maven2/io/gitlab/arturbosch/detekt/io.gitlab.arturbosch.detekt.gradle.plugin/1.23.6/io.gitlab.arturbosch.detekt.gradle.plugin-1.23.6.pom]
build	Build with Gradle	2026-06-06T12:23:29.9780163Z Downloading https://repo.maven.apache.org/maven2/io/gitlab/arturbosch/detekt/io.gitlab.arturbosch.detekt.gradle.plugin/1.23.6/io.gitlab.arturbosch.detekt.gradle.plugin-1.23.6.pom to /home/runner/.gradle/.tmp/gradle_download7659448147500690393bin
build	Build with Gradle	2026-06-06T12:23:29.9781804Z Resource missing. [HTTP HEAD: https://repo.maven.apache.org/maven2/io/gitlab/arturbosch/detekt/io.gitlab.arturbosch.detekt.gradle.plugin/1.23.6/io.gitlab.arturbosch.detekt.gradle.plugin-1.23.6.jar]
build	Build with Gradle	2026-06-06T12:23:29.9782932Z Resolved plugin [id: 'io.gitlab.arturbosch.detekt', version: '1.23.6', apply: false]
build	Build with Gradle	2026-06-06T12:23:30.0763020Z Resource missing. [HTTP GET: https://dl.google.com/dl/android/maven2/io/gitlab/arturbosch/detekt/detekt-gradle-plugin/1.23.6/detekt-gradle-plugin-1.23.6.pom]
build	Build with Gradle	2026-06-06T12:23:30.0815911Z Downloading https://repo.maven.apache.org/maven2/io/gitlab/arturbosch/detekt/detekt-gradle-plugin/1.23.6/detekt-gradle-plugin-1.23.6.pom to /home/runner/.gradle/.tmp/gradle_download16328968879727369981bin
build	Build with Gradle	2026-06-06T12:23:30.0841159Z Downloading https://repo.maven.apache.org/maven2/io/gitlab/arturbosch/detekt/detekt-gradle-plugin/1.23.6/detekt-gradle-plugin-1.23.6.module to /home/runner/.gradle/.tmp/gradle_download16399771130776911765bin
build	Build with Gradle	2026-06-06T12:23:30.2753275Z Downloading https://repo.maven.apache.org/maven2/io/gitlab/arturbosch/detekt/detekt-gradle-plugin/1.23.6/detekt-gradle-plugin-1.23.6.jar to /home/runner/.gradle/.tmp/gradle_download12196048004450922176bin
build	Build with Gradle	2026-06-06T12:23:30.3769195Z Caching disabled for InstrumentationAnalysisTransform: /home/runner/.gradle/caches/modules-2/files-2.1/io.gitlab.arturbosch.detekt/detekt-gradle-plugin/1.23.6/6550d0325c808b81a925e3b4ea4297914fd0a282/detekt-gradle-plugin-1.23.6.jar because:
build	Build with Gradle	2026-06-06T12:23:30.3788335Z   Caching not enabled.
build	Build with Gradle	2026-06-06T12:23:30.6766465Z Caching disabled for MergeInstrumentationAnalysisTransform: /home/runner/.gradle/caches/8.14/transforms/507dc73801f74ac7c1b7cc486cea19f9/transformed/.gradle-instrumented-classpath.marker because:
build	Build with Gradle	2026-06-06T12:23:30.6778388Z   Caching not enabled.
build	Build with Gradle	2026-06-06T12:23:30.6826670Z Caching disabled for MergeInstrumentationAnalysisTransform: /home/runner/.gradle/caches/8.14/transforms/507dc73801f74ac7c1b7cc486cea19f9/transformed/analysis/instrumentation-hierarchy.bin because:
build	Build with Gradle	2026-06-06T12:23:30.6828814Z   Caching not enabled.
build	Build with Gradle	2026-06-06T12:23:30.6861024Z Caching disabled for MergeInstrumentationAnalysisTransform: /home/runner/.gradle/caches/8.14/transforms/d293c5fb1a18075f83f0ef9b05800f3b/transformed/analysis/instrumentation-hierarchy.bin because:
build	Build with Gradle	2026-06-06T12:23:30.6888170Z   Caching not enabled.
build	Build with Gradle	2026-06-06T12:23:30.6919110Z Caching disabled for MergeInstrumentationAnalysisTransform: /home/runner/.gradle/caches/8.14/transforms/4b229c181d1ba6a2a0eb24fcc88596b8/transformed/analysis/instrumentation-hierarchy.bin because:
build	Build with Gradle	2026-06-06T12:23:30.6948288Z   Caching not enabled.
build	Build with Gradle	2026-06-06T12:23:30.6950149Z Caching disabled for MergeInstrumentationAnalysisTransform: /home/runner/.gradle/caches/8.14/transforms/4b229c181d1ba6a2a0eb24fcc88596b8/transformed/analysis/instrumentation-dependencies.bin because:
build	Build with Gradle	2026-06-06T12:23:30.6990262Z   Caching not enabled.
build	Build with Gradle	2026-06-06T12:23:30.6991671Z Caching disabled for MergeInstrumentationAnalysisTransform: /home/runner/.gradle/caches/8.14/transforms/507dc73801f74ac7c1b7cc486cea19f9/transformed/analysis/instrumentation-dependencies.bin because:
build	Build with Gradle	2026-06-06T12:23:30.6993095Z   Caching not enabled.
build	Build with Gradle	2026-06-06T12:23:30.6994400Z Caching disabled for MergeInstrumentationAnalysisTransform: /home/runner/.gradle/caches/8.14/transforms/d293c5fb1a18075f83f0ef9b05800f3b/transformed/analysis/instrumentation-dependencies.bin because:
build	Build with Gradle	2026-06-06T12:23:30.7028425Z   Caching not enabled.
build	Build with Gradle	2026-06-06T12:23:30.7779727Z Caching disabled for MergeInstrumentationAnalysisTransform: /home/runner/.gradle/caches/8.14/transforms/09b6200fb36dc48d5366c6b4ea1b3aec/transformed/analysis/instrumentation-hierarchy.bin because:
build	Build with Gradle	2026-06-06T12:23:30.7782470Z   Caching not enabled.
build	Build with Gradle	2026-06-06T12:23:30.7783959Z Caching disabled for MergeInstrumentationAnalysisTransform: /home/runner/.gradle/caches/8.14/transforms/09b6200fb36dc48d5366c6b4ea1b3aec/transformed/analysis/instrumentation-dependencies.bin because:
build	Build with Gradle	2026-06-06T12:23:30.7785364Z   Caching not enabled.
build	Build with Gradle	2026-06-06T12:23:30.9783672Z Caching disabled for MergeInstrumentationAnalysisTransform: /home/runner/.gradle/caches/modules-2/files-2.1/org.jetbrains.kotlin/kotlin-gradle-plugin-model/2.2.20/e0cf2274cb26387cdbf45e316e51a8d23cd8734c/kotlin-gradle-plugin-model-2.2.20.jar because:
build	Build with Gradle	2026-06-06T12:23:30.9787973Z   Caching not enabled.
build	Build with Gradle	2026-06-06T12:23:30.9825602Z Caching disabled for MergeInstrumentationAnalysisTransform: /home/runner/.gradle/caches/modules-2/files-2.1/org.jetbrains.kotlin/kotlin-gradle-plugin-api/2.2.20/60de320ba63943d1997d7f39f32cde9c2621806d/kotlin-gradle-plugin-api-2.2.20.jar because:
build	Build with Gradle	2026-06-06T12:23:30.9888609Z   Caching not enabled.
build	Build with Gradle	2026-06-06T12:23:30.9947571Z Caching disabled for MergeInstrumentationAnalysisTransform: /home/runner/.gradle/caches/modules-2/files-2.1/org.jetbrains.kotlin/fus-statistics-gradle-plugin/2.2.20/c2f0f2cb5585e92dffc18f12a8f1eeaa4e3728e/fus-statistics-gradle-plugin-2.2.20-gradle813.jar because:
build	Build with Gradle	2026-06-06T12:23:30.9963776Z   Caching not enabled.
build	Build with Gradle	2026-06-06T12:23:31.0001972Z Caching disabled for MergeInstrumentationAnalysisTransform: /home/runner/.gradle/caches/8.14/transforms/c07ecde6d669570286781b8534856f19/transformed/analysis/instrumentation-dependencies.bin because:
build	Build with Gradle	2026-06-06T12:23:31.0040706Z   Caching not enabled.
build	Build with Gradle	2026-06-06T12:23:31.0079650Z Caching disabled for MergeInstrumentationAnalysisTransform: /home/runner/.gradle/caches/8.14/transforms/a267ec511bdcc270e65765cde313a7bd/transformed/analysis/instrumentation-hierarchy.bin because:
build	Build with Gradle	2026-06-06T12:23:31.0081393Z   Caching not enabled.
build	Build with Gradle	2026-06-06T12:23:31.0082887Z Caching disabled for MergeInstrumentationAnalysisTransform: /home/runner/.gradle/caches/8.14/transforms/abd53a6e4a1b86b8ffe685ca3fc2ae4d/transformed/analysis/instrumentation-hierarchy.bin because:
build	Build with Gradle	2026-06-06T12:23:31.0084467Z   Caching not enabled.
build	Build with Gradle	2026-06-06T12:23:31.0085970Z Caching disabled for MergeInstrumentationAnalysisTransform: /home/runner/.gradle/caches/8.14/transforms/a267ec511bdcc270e65765cde313a7bd/transformed/analysis/instrumentation-dependencies.bin because:
build	Build with Gradle	2026-06-06T12:23:31.0087662Z   Caching not enabled.
build	Build with Gradle	2026-06-06T12:23:31.0089145Z Caching disabled for MergeInstrumentationAnalysisTransform: /home/runner/.gradle/caches/8.14/transforms/abd53a6e4a1b86b8ffe685ca3fc2ae4d/transformed/analysis/instrumentation-dependencies.bin because:
build	Build with Gradle	2026-06-06T12:23:31.0090648Z   Caching not enabled.
build	Build with Gradle	2026-06-06T12:23:31.0092360Z Caching disabled for MergeInstrumentationAnalysisTransform: /home/runner/.gradle/caches/modules-2/files-2.1/org.jetbrains.kotlin/kotlin-gradle-plugin-api/2.2.20/60de320ba63943d1997d7f39f32cde9c2621806d/kotlin-gradle-plugin-api-2.2.20-gradle813.jar because:
build	Build with Gradle	2026-06-06T12:23:31.0094274Z   Caching not enabled.
build	Build with Gradle	2026-06-06T12:23:31.0096200Z Caching disabled for MergeInstrumentationAnalysisTransform: /home/runner/.gradle/caches/modules-2/files-2.1/com.google.devtools.ksp/symbol-processing-gradle-plugin/2.2.20-2.0.2/bd93ec5f0fe6530591f7555cf20d9bce7ef7bb12/symbol-processing-gradle-plugin-2.2.20-2.0.2.jar because:
build	Build with Gradle	2026-06-06T12:23:31.0098786Z   Caching not enabled.
build	Build with Gradle	2026-06-06T12:23:31.0100268Z Caching disabled for MergeInstrumentationAnalysisTransform: /home/runner/.gradle/caches/8.14/transforms/da563a577fa17cbce746d63d7d1ce867/transformed/analysis/instrumentation-hierarchy.bin because:
build	Build with Gradle	2026-06-06T12:23:31.0101838Z   Caching not enabled.
build	Build with Gradle	2026-06-06T12:23:31.0761481Z Caching disabled for MergeInstrumentationAnalysisTransform: /home/runner/.gradle/caches/8.14/transforms/8e113e7657505402b70218164b1edeed/transformed/analysis/instrumentation-hierarchy.bin because:
build	Build with Gradle	2026-06-06T12:23:31.0802028Z   Caching not enabled.
build	Build with Gradle	2026-06-06T12:23:31.0821551Z Caching disabled for MergeInstrumentationAnalysisTransform: /home/runner/.gradle/caches/8.14/transforms/da563a577fa17cbce746d63d7d1ce867/transformed/analysis/instrumentation-dependencies.bin because:
build	Build with Gradle	2026-06-06T12:23:31.0826139Z   Caching not enabled.
build	Build with Gradle	2026-06-06T12:23:31.0829616Z Caching disabled for MergeInstrumentationAnalysisTransform: /home/runner/.gradle/caches/8.14/transforms/8e113e7657505402b70218164b1edeed/transformed/analysis/instrumentation-dependencies.bin because:
build	Build with Gradle	2026-06-06T12:23:31.0831372Z   Caching not enabled.
build	Build with Gradle	2026-06-06T12:23:31.0834457Z Caching disabled for MergeInstrumentationAnalysisTransform: /home/runner/.gradle/caches/modules-2/files-2.1/com.android.tools.build/gradle-settings-api/8.11.1/d611f1770d34795bf98a4ac6782d330a55f46343/gradle-settings-api-8.11.1.jar because:
build	Build with Gradle	2026-06-06T12:23:31.0839525Z   Caching not enabled.
build	Build with Gradle	2026-06-06T12:23:31.0841346Z Caching disabled for MergeInstrumentationAnalysisTransform: /home/runner/.gradle/caches/modules-2/files-2.1/io.gitlab.arturbosch.detekt/detekt-gradle-plugin/1.23.6/6550d0325c808b81a925e3b4ea4297914fd0a282/detekt-gradle-plugin-1.23.6.jar because:
build	Build with Gradle	2026-06-06T12:23:31.0873078Z   Caching not enabled.
build	Build with Gradle	2026-06-06T12:23:31.0999397Z Caching disabled for MergeInstrumentationAnalysisTransform: /home/runner/.gradle/caches/modules-2/files-2.1/com.android.tools.build/gradle/8.11.1/7861a99a64716fd75ce85a3c7e2fcb3a9e928857/gradle-8.11.1.jar because:
build	Build with Gradle	2026-06-06T12:23:31.1058475Z   Caching not enabled.
build	Build with Gradle	2026-06-06T12:23:31.1063866Z Caching disabled for ExternalDependencyInstrumentingArtifactTransform: /home/runner/.gradle/caches/8.14/transforms/42644473989c5a49cc26efbeae9e455b/transformed/merge/instrumentation-dependencies.bin because:
build	Build with Gradle	2026-06-06T12:23:31.1118224Z   Caching not enabled.
build	Build with Gradle	2026-06-06T12:23:31.1120330Z Caching disabled for MergeInstrumentationAnalysisTransform: /home/runner/.gradle/caches/8.14/transforms/c6e233cd56462827c0105db65f7e15b5/transformed/analysis/instrumentation-hierarchy.bin because:
build	Build with Gradle	2026-06-06T12:23:31.1148167Z   Caching not enabled.
build	Build with Gradle	2026-06-06T12:23:31.1154341Z Caching disabled for MergeInstrumentationAnalysisTransform: /home/runner/.gradle/caches/8.14/transforms/dcc1b57ca9e9ca179d8e48a07ffee1d1/transformed/analysis/instrumentation-hierarchy.bin because:
build	Build with Gradle	2026-06-06T12:23:31.1178162Z   Caching not enabled.
build	Build with Gradle	2026-06-06T12:23:31.1209337Z Caching disabled for MergeInstrumentationAnalysisTransform: /home/runner/.gradle/caches/8.14/transforms/c6e233cd56462827c0105db65f7e15b5/transformed/analysis/instrumentation-dependencies.bin because:
build	Build with Gradle	2026-06-06T12:23:31.1228266Z   Caching not enabled.
build	Build with Gradle	2026-06-06T12:23:31.1246920Z Caching disabled for MergeInstrumentationAnalysisTransform: /home/runner/.gradle/caches/8.14/transforms/dcc1b57ca9e9ca179d8e48a07ffee1d1/transformed/analysis/instrumentation-dependencies.bin because:
build	Build with Gradle	2026-06-06T12:23:31.1268450Z   Caching not enabled.
build	Build with Gradle	2026-06-06T12:23:31.1360210Z Caching disabled for MergeInstrumentationAnalysisTransform: /home/runner/.gradle/caches/modules-2/files-2.1/com.android.tools.lint/lint-model/31.11.1/71fcb4e666dc6658680083dcd0b326336c7848fe/lint-model-31.11.1.jar because:
build	Build with Gradle	2026-06-06T12:23:31.1381970Z   Caching not enabled.
build	Build with Gradle	2026-06-06T12:23:31.1809666Z Caching disabled for MergeInstrumentationAnalysisTransform: /home/runner/.gradle/caches/modules-2/files-2.1/org.jetbrains.kotlin/kotlin-gradle-plugin/2.2.20/9c5953786765b9373d172097da74efe77ac90481/kotlin-gradle-plugin-2.2.20-gradle813.jar because:
build	Build with Gradle	2026-06-06T12:23:31.1838290Z   Caching not enabled.
build	Build with Gradle	2026-06-06T12:23:31.1849529Z Caching disabled for MergeInstrumentationAnalysisTransform: /home/runner/.gradle/caches/8.14/transforms/8e7563c6c0ebb965c30b9bb19650fc33/transformed/analysis/instrumentation-hierarchy.bin because:
build	Build with Gradle	2026-06-06T12:23:31.1868234Z   Caching not enabled.
build	Build with Gradle	2026-06-06T12:23:31.1895314Z Caching disabled for MergeInstrumentationAnalysisTransform: /home/runner/.gradle/caches/8.14/transforms/8046db71f8b9a584db65f55d061e2609/transformed/analysis/instrumentation-hierarchy.bin because:
build	Build with Gradle	2026-06-06T12:23:31.1921565Z   Caching not enabled.
build	Build with Gradle	2026-06-06T12:23:31.1941671Z Caching disabled for MergeInstrumentationAnalysisTransform: /home/runner/.gradle/caches/8.14/transforms/8e7563c6c0ebb965c30b9bb19650fc33/transformed/analysis/instrumentation-dependencies.bin because:
build	Build with Gradle	2026-06-06T12:23:31.1968101Z   Caching not enabled.
build	Build with Gradle	2026-06-06T12:23:31.1989238Z Caching disabled for MergeInstrumentationAnalysisTransform: /home/runner/.gradle/caches/8.14/transforms/8046db71f8b9a584db65f55d061e2609/transformed/analysis/instrumentation-dependencies.bin because:
build	Build with Gradle	2026-06-06T12:23:31.2028785Z   Caching not enabled.
build	Build with Gradle	2026-06-06T12:23:31.2030791Z Caching disabled for MergeInstrumentationAnalysisTransform: /home/runner/.gradle/caches/modules-2/files-2.1/com.android.tools.build/manifest-merger/31.11.1/2eb20f98b2e71c3a1a2ebe675910e6958a7e1b78/manifest-merger-31.11.1.jar because:
build	Build with Gradle	2026-06-06T12:23:31.2042063Z   Caching not enabled.
build	Build with Gradle	2026-06-06T12:23:31.2044038Z Caching disabled for MergeInstrumentationAnalysisTransform: /home/runner/.gradle/caches/8.14/transforms/c1bc16dafe948f1d5124ab84a6405493/transformed/analysis/instrumentation-hierarchy.bin because:
build	Build with Gradle	2026-06-06T12:23:31.2045965Z   Caching not enabled.
build	Build with Gradle	2026-06-06T12:23:31.2048169Z Caching disabled for MergeInstrumentationAnalysisTransform: /home/runner/.gradle/caches/8.14/transforms/c1bc16dafe948f1d5124ab84a6405493/transformed/analysis/instrumentation-dependencies.bin because:
build	Build with Gradle	2026-06-06T12:23:31.2051121Z   Caching not enabled.
build	Build with Gradle	2026-06-06T12:23:31.2052658Z Caching disabled for MergeInstrumentationAnalysisTransform: /home/runner/.gradle/caches/modules-2/files-2.1/com.android.tools/sdk-common/31.11.1/762e94439c593e31ce15e9bcf9cc95509181553/sdk-common-31.11.1.jar because:
build	Build with Gradle	2026-06-06T12:23:31.2054249Z   Caching not enabled.
build	Build with Gradle	2026-06-06T12:23:31.2055559Z Caching disabled for MergeInstrumentationAnalysisTransform: /home/runner/.gradle/caches/modules-2/files-2.1/com.android.tools/sdklib/31.11.1/3b0db64c69b3803440efcc502f151abc0e4df9db/sdklib-31.11.1.jar because:
build	Build with Gradle	2026-06-06T12:23:31.2056890Z   Caching not enabled.
build	Build with Gradle	2026-06-06T12:23:31.2058398Z Caching disabled for MergeInstrumentationAnalysisTransform: /home/runner/.gradle/caches/modules-2/files-2.1/com.android.tools.build/builder/8.11.1/52ae05e99786bd491ad363825acbc2476c8b905/builder-8.11.1.jar because:
build	Build with Gradle	2026-06-06T12:23:31.2060010Z   Caching not enabled.
build	Build with Gradle	2026-06-06T12:23:31.2061472Z Caching disabled for MergeInstrumentationAnalysisTransform: /home/runner/.gradle/caches/8.14/transforms/4a81637aabf631737a22c8f847bfe584/transformed/analysis/instrumentation-hierarchy.bin because:
build	Build with Gradle	2026-06-06T12:23:31.2063059Z   Caching not enabled.
build	Build with Gradle	2026-06-06T12:23:31.2064292Z Caching disabled for MergeInstrumentationAnalysisTransform: /home/runner/.gradle/caches/8.14/transforms/cea42e766585fef43792a7628fe6c1bf/transformed/analysis/instrumentation-hierarchy.bin because:
build	Build with Gradle	2026-06-06T12:23:31.2065592Z   Caching not enabled.
build	Build with Gradle	2026-06-06T12:23:31.2066765Z Caching disabled for MergeInstrumentationAnalysisTransform: /home/runner/.gradle/caches/8.14/transforms/a1fb39a58c4276bff6988a10cee304a5/transformed/analysis/instrumentation-hierarchy.bin because:
build	Build with Gradle	2026-06-06T12:23:31.2068275Z   Caching not enabled.
build	Build with Gradle	2026-06-06T12:23:31.2070652Z Caching disabled for MergeInstrumentationAnalysisTransform: /home/runner/.gradle/caches/8.14/transforms/4a81637aabf631737a22c8f847bfe584/transformed/analysis/instrumentation-dependencies.bin because:
build	Build with Gradle	2026-06-06T12:23:31.2072218Z   Caching not enabled.
build	Build with Gradle	2026-06-06T12:23:31.2073481Z Caching disabled for MergeInstrumentationAnalysisTransform: /home/runner/.gradle/caches/8.14/transforms/cea42e766585fef43792a7628fe6c1bf/transformed/analysis/instrumentation-dependencies.bin because:
build	Build with Gradle	2026-06-06T12:23:31.2074909Z   Caching not enabled.
build	Build with Gradle	2026-06-06T12:23:31.2779485Z Caching disabled for MergeInstrumentationAnalysisTransform: /home/runner/.gradle/caches/8.14/transforms/a1fb39a58c4276bff6988a10cee304a5/transformed/analysis/instrumentation-dependencies.bin because:
build	Build with Gradle	2026-06-06T12:23:31.2781785Z   Caching not enabled.
build	Build with Gradle	2026-06-06T12:23:31.2789583Z Caching disabled for MergeInstrumentationAnalysisTransform: /home/runner/.gradle/caches/modules-2/files-2.1/com.android.tools/repository/31.11.1/9bd7df9af575ec521f4476cc17526332b1a32b39/repository-31.11.1.jar because:
build	Build with Gradle	2026-06-06T12:23:31.2818385Z   Caching not enabled.
build	Build with Gradle	2026-06-06T12:23:31.2862129Z Caching disabled for MergeInstrumentationAnalysisTransform: /home/runner/.gradle/caches/modules-2/files-2.1/com.android.tools.build/builder-test-api/8.11.1/9042ca92a855552799f999696db194fb0f9dadf/builder-test-api-8.11.1.jar because:
build	Build with Gradle	2026-06-06T12:23:31.2896558Z   Caching not enabled.
build	Build with Gradle	2026-06-06T12:23:31.2959570Z Caching disabled for MergeInstrumentationAnalysisTransform: /home/runner/.gradle/caches/modules-2/files-2.1/com.android.tools.build/gradle-api/8.11.1/e0ce2faa3fe7331e1e6855e5aa699c650f6d56c3/gradle-api-8.11.1.jar because:
build	Build with Gradle	2026-06-06T12:23:31.3018413Z   Caching not enabled.
build	Build with Gradle	2026-06-06T12:23:31.3079395Z Caching disabled for MergeInstrumentationAnalysisTransform: /home/runner/.gradle/caches/8.14/transforms/8f610dcff51a3e75ed55f7797bcff377/transformed/analysis/instrumentation-hierarchy.bin because:
build	Build with Gradle	2026-06-06T12:23:31.3108249Z   Caching not enabled.
build	Build with Gradle	2026-06-06T12:23:31.3139390Z Caching disabled for MergeInstrumentationAnalysisTransform: /home/runner/.gradle/caches/8.14/transforms/33c1e375a4cbe6726b00bc960dec82d6/transformed/analysis/instrumentation-hierarchy.bin because:
build	Build with Gradle	2026-06-06T12:23:31.3168400Z   Caching not enabled.
build	Build with Gradle	2026-06-06T12:23:31.3229316Z Caching disabled for MergeInstrumentationAnalysisTransform: /home/runner/.gradle/caches/8.14/transforms/9e6ae9d5de9725116f2aa12afd2d2af7/transformed/analysis/instrumentation-hierarchy.bin because:
build	Build with Gradle	2026-06-06T12:23:31.3278443Z   Caching not enabled.
build	Build with Gradle	2026-06-06T12:23:31.3319381Z Caching disabled for MergeInstrumentationAnalysisTransform: /home/runner/.gradle/caches/8.14/transforms/33c1e375a4cbe6726b00bc960dec82d6/transformed/analysis/instrumentation-dependencies.bin because:
build	Build with Gradle	2026-06-06T12:23:31.3378286Z   Caching not enabled.
build	Build with Gradle	2026-06-06T12:23:31.3409379Z Caching disabled for MergeInstrumentationAnalysisTransform: /home/runner/.gradle/caches/8.14/transforms/8f610dcff51a3e75ed55f7797bcff377/transformed/analysis/instrumentation-dependencies.bin because:
build	Build with Gradle	2026-06-06T12:23:31.3468310Z   Caching not enabled.
build	Build with Gradle	2026-06-06T12:23:31.3499296Z Caching disabled for MergeInstrumentationAnalysisTransform: /home/runner/.gradle/caches/8.14/transforms/9e6ae9d5de9725116f2aa12afd2d2af7/transformed/analysis/instrumentation-dependencies.bin because:
build	Build with Gradle	2026-06-06T12:23:31.3558290Z   Caching not enabled.
build	Build with Gradle	2026-06-06T12:23:31.3589841Z Caching disabled for MergeInstrumentationAnalysisTransform: /home/runner/.gradle/caches/modules-2/files-2.1/com.android.tools.build/aaptcompiler/8.11.1/61a83340abaef29eed77a2b4120e6c8861d40563/aaptcompiler-8.11.1.jar because:
build	Build with Gradle	2026-06-06T12:23:31.3648385Z   Caching not enabled.
build	Build with Gradle	2026-06-06T12:23:31.3679391Z Caching disabled for MergeInstrumentationAnalysisTransform: /home/runner/.gradle/caches/modules-2/files-2.1/com.android.tools.ddms/ddmlib/31.11.1/772f1af975b6cbb75b0e69727e1c2d3d58f89f3f/ddmlib-31.11.1.jar because:
build	Build with Gradle	2026-06-06T12:23:31.3738658Z   Caching not enabled.
build	Build with Gradle	2026-06-06T12:23:31.3769333Z Caching disabled for MergeInstrumentationAnalysisTransform: /home/runner/.gradle/caches/8.14/transforms/36d7b13e6b00bc6ad2b745c1ffd38ef2/transformed/analysis/instrumentation-hierarchy.bin because:
build	Build with Gradle	2026-06-06T12:23:31.3828469Z   Caching not enabled.
build	Build with Gradle	2026-06-06T12:23:31.3889493Z Caching disabled for MergeInstrumentationAnalysisTransform: /home/runner/.gradle/caches/8.14/transforms/36d7b13e6b00bc6ad2b745c1ffd38ef2/transformed/analysis/instrumentation-dependencies.bin because:
build	Build with Gradle	2026-06-06T12:23:31.3928369Z   Caching not enabled.
build	Build with Gradle	2026-06-06T12:23:31.3959309Z Caching disabled for MergeInstrumentationAnalysisTransform: /home/runner/.gradle/caches/8.14/transforms/5e8ee0685de070579064fd7e232212d2/transformed/analysis/instrumentation-hierarchy.bin because:
build	Build with Gradle	2026-06-06T12:23:31.3988295Z   Caching not enabled.
build	Build with Gradle	2026-06-06T12:23:31.4041335Z Caching disabled for MergeInstrumentationAnalysisTransform: /home/runner/.gradle/caches/8.14/transforms/5e8ee0685de070579064fd7e232212d2/transformed/analysis/instrumentation-dependencies.bin because:
build	Build with Gradle	2026-06-06T12:23:31.4098386Z   Caching not enabled.
build	Build with Gradle	2026-06-06T12:23:31.4109384Z Caching disabled for MergeInstrumentationAnalysisTransform: /home/runner/.gradle/caches/modules-2/files-2.1/com.android.tools.analytics-library/crash/31.11.1/80c9f1f06e8d48d60fa91f4db811cf863e13c67f/crash-31.11.1.jar because:
build	Build with Gradle	2026-06-06T12:23:31.4144234Z   Caching not enabled.
build	Build with Gradle	2026-06-06T12:23:31.4166478Z Caching disabled for MergeInstrumentationAnalysisTransform: /home/runner/.gradle/caches/modules-2/files-2.1/com.android.tools.build/aapt2-proto/8.11.1-12782657/9689dc5e6d2c44fc6cc261cdbe9aa49ed85426d3/aapt2-proto-8.11.1-12782657.jar because:
build	Build with Gradle	2026-06-06T12:23:31.4202108Z   Caching not enabled.
build	Build with Gradle	2026-06-06T12:23:31.4249490Z Caching disabled for MergeInstrumentationAnalysisTransform: /home/runner/.gradle/caches/8.14/transforms/fc0d83692ebe3ed2df7f251b6442a334/transformed/analysis/instrumentation-hierarchy.bin because:
build	Build with Gradle	2026-06-06T12:23:31.4277008Z   Caching not enabled.
build	Build with Gradle	2026-06-06T12:23:31.4287227Z Caching disabled for MergeInstrumentationAnalysisTransform: /home/runner/.gradle/caches/8.14/transforms/fc0d83692ebe3ed2df7f251b6442a334/transformed/analysis/instrumentation-dependencies.bin because:
build	Build with Gradle	2026-06-06T12:23:31.4301298Z   Caching not enabled.
build	Build with Gradle	2026-06-06T12:23:31.4303023Z Caching disabled for MergeInstrumentationAnalysisTransform: /home/runner/.gradle/caches/8.14/transforms/7733910508f12a42fe4a4a562bf01997/transformed/analysis/instrumentation-hierarchy.bin because:
build	Build with Gradle	2026-06-06T12:23:31.4313560Z   Caching not enabled.
build	Build with Gradle	2026-06-06T12:23:31.4315599Z Caching disabled for MergeInstrumentationAnalysisTransform: /home/runner/.gradle/caches/modules-2/files-2.1/com.android.tools.analytics-library/tracker/31.11.1/9c2c0e33148176901008ac5d81c93238413b5b46/tracker-31.11.1.jar because:
build	Build with Gradle	2026-06-06T12:23:31.4317906Z   Caching not enabled.
build	Build with Gradle	2026-06-06T12:23:31.4319734Z Caching disabled for MergeInstrumentationAnalysisTransform: /home/runner/.gradle/caches/modules-2/files-2.1/com.android.tools.build/bundletool/1.18.1/76bb1aa21a19495ca070bfb6abd194daf91dccd1/bundletool-1.18.1.jar because:
build	Build with Gradle	2026-06-06T12:23:31.4321527Z   Caching not enabled.
build	Build with Gradle	2026-06-06T12:23:31.4323156Z Caching disabled for MergeInstrumentationAnalysisTransform: /home/runner/.gradle/caches/8.14/transforms/7733910508f12a42fe4a4a562bf01997/transformed/analysis/instrumentation-dependencies.bin because:
build	Build with Gradle	2026-06-06T12:23:31.4324909Z   Caching not enabled.
build	Build with Gradle	2026-06-06T12:23:31.4326622Z Caching disabled for MergeInstrumentationAnalysisTransform: /home/runner/.gradle/caches/modules-2/files-2.1/com.android.tools.analytics-library/shared/31.11.1/c70cf1f0327c0f68d545157dcbf06d592a36d703/shared-31.11.1.jar because:
build	Build with Gradle	2026-06-06T12:23:31.4360072Z   Caching not enabled.
build	Build with Gradle	2026-06-06T12:23:31.4361852Z Caching disabled for MergeInstrumentationAnalysisTransform: /home/runner/.gradle/caches/8.14/transforms/133112d1195515ea1ac66f8ff761a960/transformed/analysis/instrumentation-hierarchy.bin because:
build	Build with Gradle	2026-06-06T12:23:31.4363530Z   Caching not enabled.
build	Build with Gradle	2026-06-06T12:23:31.4365159Z Caching disabled for MergeInstrumentationAnalysisTransform: /home/runner/.gradle/caches/8.14/transforms/3d6b331a3efc8ac28d9885e69cdb153e/transformed/analysis/instrumentation-hierarchy.bin because:
build	Build with Gradle	2026-06-06T12:23:31.4367020Z   Caching not enabled.
build	Build with Gradle	2026-06-06T12:23:31.4368823Z Caching disabled for MergeInstrumentationAnalysisTransform: /home/runner/.gradle/caches/8.14/transforms/133112d1195515ea1ac66f8ff761a960/transformed/analysis/instrumentation-dependencies.bin because:
build	Build with Gradle	2026-06-06T12:23:31.4370364Z   Caching not enabled.
build	Build with Gradle	2026-06-06T12:23:31.4371849Z Caching disabled for MergeInstrumentationAnalysisTransform: /home/runner/.gradle/caches/8.14/transforms/3d6b331a3efc8ac28d9885e69cdb153e/transformed/analysis/instrumentation-dependencies.bin because:
build	Build with Gradle	2026-06-06T12:23:31.4372971Z   Caching not enabled.
build	Build with Gradle	2026-06-06T12:23:31.4373746Z Caching disabled for MergeInstrumentationAnalysisTransform: /home/runner/.gradle/caches/8.14/transforms/fd50b7806c44e2376f06e05cb5593263/transformed/analysis/instrumentation-hierarchy.bin because:
build	Build with Gradle	2026-06-06T12:23:31.4374780Z   Caching not enabled.
build	Build with Gradle	2026-06-06T12:23:31.4375722Z Caching disabled for MergeInstrumentationAnalysisTransform: /home/runner/.gradle/caches/modules-2/files-2.1/com.android.tools.lint/lint-typedef-remover/31.11.1/bc9756d95080ee30b518adf2c02d70dea0930feb/lint-typedef-remover-31.11.1.jar because:
build	Build with Gradle	2026-06-06T12:23:31.4376719Z   Caching not enabled.
build	Build with Gradle	2026-06-06T12:23:31.4377841Z Caching disabled for MergeInstrumentationAnalysisTransform: /home/runner/.gradle/caches/8.14/transforms/fd50b7806c44e2376f06e05cb5593263/transformed/analysis/instrumentation-dependencies.bin because:
build	Build with Gradle	2026-06-06T12:23:31.4379368Z   Caching not enabled.
build	Build with Gradle	2026-06-06T12:23:31.4381337Z Caching disabled for MergeInstrumentationAnalysisTransform: /home/runner/.gradle/caches/modules-2/files-2.1/androidx.databinding/databinding-compiler-common/8.11.1/47c5f9f4acbde7e655fdf73623451a4022e0b4a0/databinding-compiler-common-8.11.1.jar because:
build	Build with Gradle	2026-06-06T12:23:31.4383241Z   Caching not enabled.
build	Build with Gradle	2026-06-06T12:23:31.4384918Z Caching disabled for MergeInstrumentationAnalysisTransform: /home/runner/.gradle/caches/modules-2/files-2.1/androidx.databinding/databinding-common/8.11.1/2be3530b78477835e69dce953b17adc1dbc5c6fa/databinding-common-8.11.1.jar because:
build	Build with Gradle	2026-06-06T12:23:31.4386581Z   Caching not enabled.
build	Build with Gradle	2026-06-06T12:23:31.4388147Z Caching disabled for MergeInstrumentationAnalysisTransform: /home/runner/.gradle/caches/8.14/transforms/369b3e597f276da50605553a8da55b0c/transformed/analysis/instrumentation-hierarchy.bin because:
build	Build with Gradle	2026-06-06T12:23:31.4389717Z   Caching not enabled.
build	Build with Gradle	2026-06-06T12:23:31.4391118Z Caching disabled for MergeInstrumentationAnalysisTransform: /home/runner/.gradle/caches/8.14/transforms/c881dd3bc73182199456ec5299612b5f/transformed/analysis/instrumentation-hierarchy.bin because:
build	Build with Gradle	2026-06-06T12:23:31.4392628Z   Caching not enabled.
build	Build with Gradle	2026-06-06T12:23:31.4394150Z Caching disabled for MergeInstrumentationAnalysisTransform: /home/runner/.gradle/caches/8.14/transforms/369b3e597f276da50605553a8da55b0c/transformed/analysis/instrumentation-dependencies.bin because:
build	Build with Gradle	2026-06-06T12:23:31.4395766Z   Caching not enabled.
build	Build with Gradle	2026-06-06T12:23:31.4397307Z Caching disabled for MergeInstrumentationAnalysisTransform: /home/runner/.gradle/caches/8.14/transforms/c881dd3bc73182199456ec5299612b5f/transformed/analysis/instrumentation-dependencies.bin because:
build	Build with Gradle	2026-06-06T12:23:31.4399008Z   Caching not enabled.
build	Build with Gradle	2026-06-06T12:23:31.4770064Z Caching disabled for MergeInstrumentationAnalysisTransform: /home/runner/.gradle/caches/modules-2/files-2.1/com.android.tools.layoutlib/layoutlib-api/31.11.1/3b7f1fe9c54d6fd684a3fd3b8feffeedfe546fd4/layoutlib-api-31.11.1.jar because:
build	Build with Gradle	2026-06-06T12:23:31.4818403Z   Caching not enabled.
build	Build with Gradle	2026-06-06T12:23:31.4869905Z Caching disabled for MergeInstrumentationAnalysisTransform: /home/runner/.gradle/caches/modules-2/files-2.1/com.android.tools.utp/android-device-provider-ddmlib-proto/31.11.1/9f96225642b573079e5544a619b18b815b3dc70f/android-device-provider-ddmlib-proto-31.11.1.jar because:
build	Build with Gradle	2026-06-06T12:23:31.4872476Z   Caching not enabled.
build	Build with Gradle	2026-06-06T12:23:31.4879200Z Caching disabled for MergeInstrumentationAnalysisTransform: /home/runner/.gradle/caches/8.14/transforms/1c77786c5b5722da9249f0d4f1e56f38/transformed/analysis/instrumentation-hierarchy.bin because:
build	Build with Gradle	2026-06-06T12:23:31.4881983Z   Caching not enabled.
build	Build with Gradle	2026-06-06T12:23:31.4916085Z Caching disabled for MergeInstrumentationAnalysisTransform: /home/runner/.gradle/caches/8.14/transforms/39c72f9ec385ef867e9a540a23d8293d/transformed/analysis/instrumentation-hierarchy.bin because:
build	Build with Gradle	2026-06-06T12:23:31.4938134Z   Caching not enabled.
build	Build with Gradle	2026-06-06T12:23:31.4969188Z Caching disabled for MergeInstrumentationAnalysisTransform: /home/runner/.gradle/caches/8.14/transforms/1c77786c5b5722da9249f0d4f1e56f38/transformed/analysis/instrumentation-dependencies.bin because:
build	Build with Gradle	2026-06-06T12:23:31.4978205Z   Caching not enabled.
build	Build with Gradle	2026-06-06T12:23:31.4999287Z Caching disabled for MergeInstrumentationAnalysisTransform: /home/runner/.gradle/caches/8.14/transforms/39c72f9ec385ef867e9a540a23d8293d/transformed/analysis/instrumentation-dependencies.bin because:
build	Build with Gradle	2026-06-06T12:23:31.5028318Z   Caching not enabled.
build	Build with Gradle	2026-06-06T12:23:31.5060376Z Caching disabled for MergeInstrumentationAnalysisTransform: /home/runner/.gradle/caches/modules-2/files-2.1/com.android.tools.utp/android-device-provider-gradle-proto/31.11.1/4df62b23d15680598277666a1a60676f1402397c/android-device-provider-gradle-proto-31.11.1.jar because:
build	Build with Gradle	2026-06-06T12:23:31.5086263Z   Caching not enabled.
build	Build with Gradle	2026-06-06T12:23:31.5107767Z Caching disabled for MergeInstrumentationAnalysisTransform: /home/runner/.gradle/caches/modules-2/files-2.1/com.android.tools.utp/android-device-provider-profile-proto/31.11.1/7823ffdbacbe3e46ce243d459f946467b7126135/android-device-provider-profile-proto-31.11.1.jar because:
build	Build with Gradle	2026-06-06T12:23:31.5146239Z   Caching not enabled.
build	Build with Gradle	2026-06-06T12:23:31.5159846Z Caching disabled for MergeInstrumentationAnalysisTransform: /home/runner/.gradle/caches/8.14/transforms/e20b1e3a50af8fc5238639b8a019ad17/transformed/analysis/instrumentation-hierarchy.bin because:
build	Build with Gradle	2026-06-06T12:23:31.5191094Z   Caching not enabled.
build	Build with Gradle	2026-06-06T12:23:31.5224148Z Caching disabled for MergeInstrumentationAnalysisTransform: /home/runner/.gradle/caches/8.14/transforms/e20b1e3a50af8fc5238639b8a019ad17/transformed/analysis/instrumentation-dependencies.bin because:
build	Build with Gradle	2026-06-06T12:23:31.5261432Z   Caching not enabled.
build	Build with Gradle	2026-06-06T12:23:31.5275483Z Caching disabled for MergeInstrumentationAnalysisTransform: /home/runner/.gradle/caches/8.14/transforms/0168bceaad6328c9a378eff075a8167b/transformed/analysis/instrumentation-hierarchy.bin because:
build	Build with Gradle	2026-06-06T12:23:31.5318319Z   Caching not enabled.
build	Build with Gradle	2026-06-06T12:23:31.5331004Z Caching disabled for ExternalDependencyInstrumentingArtifactTransform: /home/runner/.gradle/caches/modules-2/files-2.1/io.gitlab.arturbosch.detekt/detekt-gradle-plugin/1.23.6/6550d0325c808b81a925e3b4ea4297914fd0a282/detekt-gradle-plugin-1.23.6.jar because:
build	Build with Gradle	2026-06-06T12:23:31.5357546Z   Caching not enabled.
build	Build with Gradle	2026-06-06T12:23:31.5387185Z Caching disabled for MergeInstrumentationAnalysisTransform: /home/runner/.gradle/caches/modules-2/files-2.1/com.android.tools.utp/android-test-plugin-host-additional-test-output-proto/31.11.1/fe467239b47e0709ba9bf1e2e9fccaabc6cabc22/android-test-plugin-host-additional-test-output-proto-31.11.1.jar because:
build	Build with Gradle	2026-06-06T12:23:31.5424291Z   Caching not enabled.
build	Build with Gradle	2026-06-06T12:23:31.5452528Z Caching disabled for MergeInstrumentationAnalysisTransform: /home/runner/.gradle/caches/8.14/transforms/a6c7095b354ef9b1bf448b0789e6d116/transformed/analysis/instrumentation-hierarchy.bin because:
build	Build with Gradle	2026-06-06T12:23:31.5478069Z   Caching not enabled.
build	Build with Gradle	2026-06-06T12:23:31.5499755Z Caching disabled for MergeInstrumentationAnalysisTransform: /home/runner/.gradle/caches/8.14/transforms/ac79db24647268fada3f5ad02b0d5b1d/transformed/analysis/instrumentation-hierarchy.bin because:
build	Build with Gradle	2026-06-06T12:23:31.5517991Z   Caching not enabled.
build	Build with Gradle	2026-06-06T12:23:31.5542025Z Caching disabled for MergeInstrumentationAnalysisTransform: /home/runner/.gradle/caches/8.14/transforms/0168bceaad6328c9a378eff075a8167b/transformed/analysis/instrumentation-dependencies.bin because:
build	Build with Gradle	2026-06-06T12:23:31.5591778Z   Caching not enabled.
build	Build with Gradle	2026-06-06T12:23:31.5599235Z Caching disabled for MergeInstrumentationAnalysisTransform: /home/runner/.gradle/caches/8.14/transforms/ac79db24647268fada3f5ad02b0d5b1d/transformed/analysis/instrumentation-dependencies.bin because:
build	Build with Gradle	2026-06-06T12:23:31.5636956Z   Caching not enabled.
build	Build with Gradle	2026-06-06T12:23:31.5759425Z Caching disabled for MergeInstrumentationAnalysisTransform: /home/runner/.gradle/caches/8.14/transforms/a6c7095b354ef9b1bf448b0789e6d116/transformed/analysis/instrumentation-dependencies.bin because:
build	Build with Gradle	2026-06-06T12:23:31.5777789Z   Caching not enabled.
build	Build with Gradle	2026-06-06T12:23:31.5779974Z Caching disabled for MergeInstrumentationAnalysisTransform: /home/runner/.gradle/caches/modules-2/files-2.1/com.android.tools.utp/android-test-plugin-host-emulator-control-proto/31.11.1/9ad66b4b96af8d226c9d899030d9acdd101d03ed/android-test-plugin-host-emulator-control-proto-31.11.1.jar because:
build	Build with Gradle	2026-06-06T12:23:31.5798797Z   Caching not enabled.
build	Build with Gradle	2026-06-06T12:23:31.5800481Z Caching disabled for MergeInstrumentationAnalysisTransform: /home/runner/.gradle/caches/modules-2/files-2.1/com.android.databinding/baseLibrary/8.11.1/7e7399239e52d4069896277615e005add7ae8e5a/baseLibrary-8.11.1.jar because:
build	Build with Gradle	2026-06-06T12:23:31.5802003Z   Caching not enabled.
build	Build with Gradle	2026-06-06T12:23:31.5802839Z Caching disabled for MergeInstrumentationAnalysisTransform: /home/runner/.gradle/caches/8.14/transforms/c9b2618e80bce8c1d09059aebbfeba78/transformed/analysis/instrumentation-hierarchy.bin because:
build	Build with Gradle	2026-06-06T12:23:31.5803734Z   Caching not enabled.
build	Build with Gradle	2026-06-06T12:23:31.5805060Z Caching disabled for MergeInstrumentationAnalysisTransform: /home/runner/.gradle/caches/modules-2/files-2.1/com.android.tools.utp/android-test-plugin-host-coverage-proto/31.11.1/1ee63a78550acb6f922531668f4eb83dddf45e/android-test-plugin-host-coverage-proto-31.11.1.jar because:
build	Build with Gradle	2026-06-06T12:23:31.5806220Z   Caching not enabled.
build	Build with Gradle	2026-06-06T12:23:31.5807031Z Caching disabled for MergeInstrumentationAnalysisTransform: /home/runner/.gradle/caches/8.14/transforms/c9b2618e80bce8c1d09059aebbfeba78/transformed/analysis/instrumentation-dependencies.bin because:
build	Build with Gradle	2026-06-06T12:23:31.5808115Z   Caching not enabled.
build	Build with Gradle	2026-06-06T12:23:31.5809189Z Caching disabled for MergeInstrumentationAnalysisTransform: /home/runner/.gradle/caches/modules-2/files-2.1/com.android.tools.utp/android-test-plugin-host-logcat-proto/31.11.1/2b1de9f172f374f9d8a0f60d0d7d556df7c30d14/android-test-plugin-host-logcat-proto-31.11.1.jar because:
build	Build with Gradle	2026-06-06T12:23:31.5810288Z   Caching not enabled.
build	Build with Gradle	2026-06-06T12:23:31.5811080Z Caching disabled for MergeInstrumentationAnalysisTransform: /home/runner/.gradle/caches/8.14/transforms/b0535fc9808a67a842895a1857ec9327/transformed/analysis/instrumentation-hierarchy.bin because:
build	Build with Gradle	2026-06-06T12:23:31.5811908Z   Caching not enabled.
build	Build with Gradle	2026-06-06T12:23:31.5812680Z Caching disabled for MergeInstrumentationAnalysisTransform: /home/runner/.gradle/caches/8.14/transforms/8b15e33589345ddfad54076e1b1160a8/transformed/analysis/instrumentation-hierarchy.bin because:
build	Build with Gradle	2026-06-06T12:23:31.5813503Z   Caching not enabled.
build	Build with Gradle	2026-06-06T12:23:31.5814273Z Caching disabled for MergeInstrumentationAnalysisTransform: /home/runner/.gradle/caches/8.14/transforms/8fc5c3035a16d1db96c9d750b4008169/transformed/analysis/instrumentation-hierarchy.bin because:
build	Build with Gradle	2026-06-06T12:23:31.5815090Z   Caching not enabled.
build	Build with Gradle	2026-06-06T12:23:31.5815868Z Caching disabled for MergeInstrumentationAnalysisTransform: /home/runner/.gradle/caches/8.14/transforms/b0535fc9808a67a842895a1857ec9327/transformed/analysis/instrumentation-dependencies.bin because:
build	Build with Gradle	2026-06-06T12:23:31.5816690Z   Caching not enabled.
build	Build with Gradle	2026-06-06T12:23:31.5817663Z Caching disabled for MergeInstrumentationAnalysisTransform: /home/runner/.gradle/caches/8.14/transforms/8b15e33589345ddfad54076e1b1160a8/transformed/analysis/instrumentation-dependencies.bin because:
build	Build with Gradle	2026-06-06T12:23:31.5819059Z   Caching not enabled.
build	Build with Gradle	2026-06-06T12:23:31.5820480Z Caching disabled for MergeInstrumentationAnalysisTransform: /home/runner/.gradle/caches/8.14/transforms/8fc5c3035a16d1db96c9d750b4008169/transformed/analysis/instrumentation-dependencies.bin because:
build	Build with Gradle	2026-06-06T12:23:31.5822034Z   Caching not enabled.
build	Build with Gradle	2026-06-06T12:23:31.5823313Z Caching disabled for MergeInstrumentationAnalysisTransform: /home/runner/.gradle/caches/8.14/transforms/45f515a74421b5d14c88fcb72eeba950/transformed/analysis/instrumentation-hierarchy.bin because:
build	Build with Gradle	2026-06-06T12:23:31.5824672Z   Caching not enabled.
build	Build with Gradle	2026-06-06T12:23:31.5826541Z Caching disabled for MergeInstrumentationAnalysisTransform: /home/runner/.gradle/caches/modules-2/files-2.1/com.android.tools.utp/android-test-plugin-host-apk-installer-proto/31.11.1/26ca8c55cbdcb572ba3fa282b50286e6d84ec8d2/android-test-plugin-host-apk-installer-proto-31.11.1.jar because:
build	Build with Gradle	2026-06-06T12:23:31.5828642Z   Caching not enabled.
build	Build with Gradle	2026-06-06T12:23:31.5830671Z Caching disabled for MergeInstrumentationAnalysisTransform: /home/runner/.gradle/caches/modules-2/files-2.1/com.android.tools.utp/android-test-plugin-result-listener-gradle-proto/31.11.1/dbbef067ddf95379b587f6aa2baa93d3eb3342eb/android-test-plugin-result-listener-gradle-proto-31.11.1.jar because:
build	Build with Gradle	2026-06-06T12:23:31.5833099Z   Caching not enabled.
build	Build with Gradle	2026-06-06T12:23:31.5834559Z Caching disabled for MergeInstrumentationAnalysisTransform: /home/runner/.gradle/caches/8.14/transforms/45f515a74421b5d14c88fcb72eeba950/transformed/analysis/instrumentation-dependencies.bin because:
build	Build with Gradle	2026-06-06T12:23:31.5836176Z   Caching not enabled.
build	Build with Gradle	2026-06-06T12:23:31.5838235Z Caching disabled for MergeInstrumentationAnalysisTransform: /home/runner/.gradle/caches/modules-2/files-2.1/com.android.tools.build.jetifier/jetifier-processor/1.0.0-beta10/946c39eb0c052ff4f60a8939648a8b99af20d604/jetifier-processor-1.0.0-beta10.jar because:
build	Build with Gradle	2026-06-06T12:23:31.5840256Z   Caching not enabled.
build	Build with Gradle	2026-06-06T12:23:31.5841670Z Caching disabled for MergeInstrumentationAnalysisTransform: /home/runner/.gradle/caches/8.14/transforms/c1f9201b4ffbed64b986cd5895aab323/transformed/analysis/instrumentation-hierarchy.bin because:
build	Build with Gradle	2026-06-06T12:23:31.5843254Z   Caching not enabled.
build	Build with Gradle	2026-06-06T12:23:31.5845029Z Caching disabled for MergeInstrumentationAnalysisTransform: /home/runner/.gradle/caches/modules-2/files-2.1/com.android.tools.build.jetifier/jetifier-core/1.0.0-beta10/6e621022a9c95af12a7004d6b55805bbd1126837/jetifier-core-1.0.0-beta10.jar because:
build	Build with Gradle	2026-06-06T12:23:31.5846973Z   Caching not enabled.
build	Build with Gradle	2026-06-06T12:23:31.5848611Z Caching disabled for MergeInstrumentationAnalysisTransform: /home/runner/.gradle/caches/8.14/transforms/c1f9201b4ffbed64b986cd5895aab323/transformed/analysis/instrumentation-dependencies.bin because:
build	Build with Gradle	2026-06-06T12:23:31.5849996Z   Caching not enabled.
build	Build with Gradle	2026-06-06T12:23:31.5851337Z Caching disabled for MergeInstrumentationAnalysisTransform: /home/runner/.gradle/caches/8.14/transforms/69d1480ebee75777e0f3438436c4bbaf/transformed/analysis/instrumentation-hierarchy.bin because:
build	Build with Gradle	2026-06-06T12:23:31.5852828Z   Caching not enabled.
build	Build with Gradle	2026-06-06T12:23:31.5854420Z Caching disabled for MergeInstrumentationAnalysisTransform: /home/runner/.gradle/caches/modules-2/files-2.1/com.android.tools.build/builder-model/8.11.1/6888ed42b8bcc73e3a378048263d2cad36707494/builder-model-8.11.1.jar because:
build	Build with Gradle	2026-06-06T12:23:31.5856156Z   Caching not enabled.
build	Build with Gradle	2026-06-06T12:23:31.5857768Z Caching disabled for MergeInstrumentationAnalysisTransform: /home/runner/.gradle/caches/8.14/transforms/4ad3559794085241356f9a5d9d6f777f/transformed/analysis/instrumentation-hierarchy.bin because:
build	Build with Gradle	2026-06-06T12:23:31.5859040Z   Caching not enabled.
build	Build with Gradle	2026-06-06T12:23:31.5860375Z Caching disabled for MergeInstrumentationAnalysisTransform: /home/runner/.gradle/caches/8.14/transforms/69d1480ebee75777e0f3438436c4bbaf/transformed/analysis/instrumentation-dependencies.bin because:
build	Build with Gradle	2026-06-06T12:23:31.5861733Z   Caching not enabled.
build	Build with Gradle	2026-06-06T12:23:31.5863076Z Caching disabled for MergeInstrumentationAnalysisTransform: /home/runner/.gradle/caches/8.14/transforms/4ad3559794085241356f9a5d9d6f777f/transformed/analysis/instrumentation-dependencies.bin because:
build	Build with Gradle	2026-06-06T12:23:31.5864465Z   Caching not enabled.
build	Build with Gradle	2026-06-06T12:23:31.5865918Z Caching disabled for MergeInstrumentationAnalysisTransform: /home/runner/.gradle/caches/8.14/transforms/58bcf817d4642d801aec630214d0dbb4/transformed/analysis/instrumentation-hierarchy.bin because:
build	Build with Gradle	2026-06-06T12:23:31.5867665Z   Caching not enabled.
build	Build with Gradle	2026-06-06T12:23:31.5868945Z Caching disabled for MergeInstrumentationAnalysisTransform: /home/runner/.gradle/caches/8.14/transforms/d9e327f3dcb49edec1d1bbb03f9d0154/transformed/analysis/instrumentation-hierarchy.bin because:
build	Build with Gradle	2026-06-06T12:23:31.5870385Z   Caching not enabled.
build	Build with Gradle	2026-06-06T12:23:31.5871712Z Caching disabled for MergeInstrumentationAnalysisTransform: /home/runner/.gradle/caches/8.14/transforms/58bcf817d4642d801aec630214d0dbb4/transformed/analysis/instrumentation-dependencies.bin because:
build	Build with Gradle	2026-06-06T12:23:31.5873196Z   Caching not enabled.
build	Build with Gradle	2026-06-06T12:23:31.6779404Z Caching disabled for MergeInstrumentationAnalysisTransform: /home/runner/.gradle/caches/modules-2/files-2.1/com.google.devtools.ksp/symbol-processing-api/2.2.20-2.0.2/6a7c41da95b72d99ee1277c80951a9160db1f1a5/symbol-processing-api-2.2.20-2.0.2.jar because:
build	Build with Gradle	2026-06-06T12:23:31.6782052Z   Caching not enabled.
build	Build with Gradle	2026-06-06T12:23:31.6799116Z Caching disabled for MergeInstrumentationAnalysisTransform: /home/runner/.gradle/caches/modules-2/files-2.1/com.google.devtools.ksp/symbol-processing-common-deps/2.2.20-2.0.2/c15826465823bce080cc1693daef699366be0951/symbol-processing-common-deps-2.2.20-2.0.2.jar because:
build	Build with Gradle	2026-06-06T12:23:31.6804614Z   Caching not enabled.
build	Build with Gradle	2026-06-06T12:23:31.6832830Z Caching disabled for MergeInstrumentationAnalysisTransform: /home/runner/.gradle/caches/8.14/transforms/d9e327f3dcb49edec1d1bbb03f9d0154/transformed/analysis/instrumentation-dependencies.bin because:
build	Build with Gradle	2026-06-06T12:23:31.6841030Z   Caching not enabled.
build	Build with Gradle	2026-06-06T12:23:31.6842849Z Caching disabled for MergeInstrumentationAnalysisTransform: /home/runner/.gradle/caches/modules-2/files-2.1/com.android.tools/dvlib/31.11.1/6079cc9f2fa5f5104b20779ca98faa1c495bb7f1/dvlib-31.11.1.jar because:
build	Build with Gradle	2026-06-06T12:23:31.6844690Z   Caching not enabled.
build	Build with Gradle	2026-06-06T12:23:31.6846400Z Caching disabled for MergeInstrumentationAnalysisTransform: /home/runner/.gradle/caches/8.14/transforms/e8bae12bb8f0e08b87327bd10f1b3346/transformed/analysis/instrumentation-hierarchy.bin because:
build	Build with Gradle	2026-06-06T12:23:31.6848163Z   Caching not enabled.
build	Build with Gradle	2026-06-06T12:23:31.6849788Z Caching disabled for MergeInstrumentationAnalysisTransform: /home/runner/.gradle/caches/8.14/transforms/ae4dab1e6e6b548b4fc29763588058b9/transformed/analysis/instrumentation-dependencies.bin because:
build	Build with Gradle	2026-06-06T12:23:31.6851516Z   Caching not enabled.
build	Build with Gradle	2026-06-06T12:23:31.6853270Z Caching disabled for MergeInstrumentationAnalysisTransform: /home/runner/.gradle/caches/modules-2/files-2.1/org.jetbrains.kotlin/kotlin-reflect/2.1.20/3c1003045c4f2a72f987a147abac8e7058be1183/kotlin-reflect-2.1.20.jar because:
build	Build with Gradle	2026-06-06T12:23:31.6855155Z   Caching not enabled.
build	Build with Gradle	2026-06-06T12:23:31.6856815Z Caching disabled for MergeInstrumentationAnalysisTransform: /home/runner/.gradle/caches/8.14/transforms/e8bae12bb8f0e08b87327bd10f1b3346/transformed/analysis/instrumentation-dependencies.bin because:
build	Build with Gradle	2026-06-06T12:23:31.6884156Z   Caching not enabled.
build	Build with Gradle	2026-06-06T12:23:31.6886277Z Caching disabled for MergeInstrumentationAnalysisTransform: /home/runner/.gradle/caches/modules-2/files-2.1/org.jetbrains.kotlin/kotlin-stdlib-jdk8/2.1.20/1372ceab395defca310ff460dc219364d9df0a2e/kotlin-stdlib-jdk8-2.1.20.jar because:
build	Build with Gradle	2026-06-06T12:23:31.6888360Z   Caching not enabled.
build	Build with Gradle	2026-06-06T12:23:31.6889872Z Caching disabled for MergeInstrumentationAnalysisTransform: /home/runner/.gradle/caches/modules-2/files-2.1/com.android.tools/common/31.11.1/9c6a6caa5ba3672f6985ff4695d4e26c2f8b783d/common-31.11.1.jar because:
build	Build with Gradle	2026-06-06T12:23:31.6891558Z   Caching not enabled.
build	Build with Gradle	2026-06-06T12:23:31.6893134Z Caching disabled for MergeInstrumentationAnalysisTransform: /home/runner/.gradle/caches/8.14/transforms/b1d5fccad86bf3cda30f1553027d3ba1/transformed/analysis/instrumentation-hierarchy.bin because:
build	Build with Gradle	2026-06-06T12:23:31.6894909Z   Caching not enabled.
build	Build with Gradle	2026-06-06T12:23:31.6896595Z Caching disabled for MergeInstrumentationAnalysisTransform: /home/runner/.gradle/caches/8.14/transforms/59b12d9a0d87469da1ea867079696e46/transformed/analysis/instrumentation-dependencies.bin because:
build	Build with Gradle	2026-06-06T12:23:31.6898678Z   Caching not enabled.
build	Build with Gradle	2026-06-06T12:23:31.6900215Z Caching disabled for MergeInstrumentationAnalysisTransform: /home/runner/.gradle/caches/8.14/transforms/b1d5fccad86bf3cda30f1553027d3ba1/transformed/analysis/instrumentation-dependencies.bin because:
build	Build with Gradle	2026-06-06T12:23:31.6901988Z   Caching not enabled.
build	Build with Gradle	2026-06-06T12:23:31.6903628Z Caching disabled for MergeInstrumentationAnalysisTransform: /home/runner/.gradle/caches/8.14/transforms/6128a36d6c5d81f189d6adbffa731ac0/transformed/analysis/instrumentation-dependencies.bin because:
build	Build with Gradle	2026-06-06T12:23:31.6905451Z   Caching not enabled.
build	Build with Gradle	2026-06-06T12:23:31.6907336Z Caching disabled for MergeInstrumentationAnalysisTransform: /home/runner/.gradle/caches/8.14/transforms/8371811cf358d3aa8e15dfc29a0fb8e7/transformed/analysis/instrumentation-hierarchy.bin because:
build	Build with Gradle	2026-06-06T12:23:31.6909184Z   Caching not enabled.
build	Build with Gradle	2026-06-06T12:23:31.6911098Z Caching disabled for MergeInstrumentationAnalysisTransform: /home/runner/.gradle/caches/modules-2/files-2.1/org.jetbrains.kotlin/kotlin-stdlib-jdk7/2.1.20/72672df5e83231744c00550955b10acb71ed49d6/kotlin-stdlib-jdk7-2.1.20.jar because:
build	Build with Gradle	2026-06-06T12:23:31.6913085Z   Caching not enabled.
build	Build with Gradle	2026-06-06T12:23:31.6914827Z Caching disabled for MergeInstrumentationAnalysisTransform: /home/runner/.gradle/caches/8.14/transforms/8371811cf358d3aa8e15dfc29a0fb8e7/transformed/analysis/instrumentation-dependencies.bin because:
build	Build with Gradle	2026-06-06T12:23:31.6916815Z   Caching not enabled.
build	Build with Gradle	2026-06-06T12:23:31.6921351Z Caching disabled for MergeInstrumentationAnalysisTransform: /home/runner/.gradle/caches/modules-2/files-2.1/com.android.tools.build/transform-api/2.0.0-deprecated-use-gradle-api/47f6c56527c42425742fa9b56ffd3fd80763fe03/transform-api-2.0.0-deprecated-use-gradle-api.jar because:
build	Build with Gradle	2026-06-06T12:23:31.6923906Z   Caching not enabled.
build	Build with Gradle	2026-06-06T12:23:31.6925841Z Caching disabled for MergeInstrumentationAnalysisTransform: /home/runner/.gradle/caches/modules-2/files-2.1/org.apache.httpcomponents/httpmime/4.5.6/164343da11db817e81e24e0d9869527e069850c9/httpmime-4.5.6.jar because:
build	Build with Gradle	2026-06-06T12:23:31.6927884Z   Caching not enabled.
build	Build with Gradle	2026-06-06T12:23:31.6929704Z Caching disabled for MergeInstrumentationAnalysisTransform: /home/runner/.gradle/caches/modules-2/files-2.1/org.jetbrains.kotlin/kotlin-stdlib/2.1.20/aa8ca79cd50578314f6d1180c47cbe14c0fee567/kotlin-stdlib-2.1.20.jar because:
build	Build with Gradle	2026-06-06T12:23:31.6931602Z   Caching not enabled.
build	Build with Gradle	2026-06-06T12:23:31.6953967Z Caching disabled for MergeInstrumentationAnalysisTransform: /home/runner/.gradle/caches/8.14/transforms/b096fc7109c25d36431d39de75626a74/transformed/analysis/instrumentation-hierarchy.bin because:
build	Build with Gradle	2026-06-06T12:23:31.6973833Z   Caching not enabled.
build	Build with Gradle	2026-06-06T12:23:31.7011197Z Caching disabled for MergeInstrumentationAnalysisTransform: /home/runner/.gradle/caches/8.14/transforms/d54aae73957e8e3dcc42e41947ed5367/transformed/analysis/instrumentation-hierarchy.bin because:
build	Build with Gradle	2026-06-06T12:23:31.7034379Z   Caching not enabled.
build	Build with Gradle	2026-06-06T12:23:31.7118496Z Caching disabled for MergeInstrumentationAnalysisTransform: /home/runner/.gradle/caches/8.14/transforms/d54aae73957e8e3dcc42e41947ed5367/transformed/analysis/instrumentation-dependencies.bin because:
build	Build with Gradle	2026-06-06T12:23:31.7120148Z   Caching not enabled.
build	Build with Gradle	2026-06-06T12:23:31.7179729Z Caching disabled for MergeInstrumentationAnalysisTransform: /home/runner/.gradle/caches/8.14/transforms/b096fc7109c25d36431d39de75626a74/transformed/analysis/instrumentation-dependencies.bin because:
build	Build with Gradle	2026-06-06T12:23:31.7198199Z   Caching not enabled.
build	Build with Gradle	2026-06-06T12:23:31.7205482Z Caching disabled for MergeInstrumentationAnalysisTransform: /home/runner/.gradle/caches/modules-2/files-2.1/org.ow2.asm/asm-commons/9.7.1/406c6a2225cfe1819f102a161e54cc16a5c24f75/asm-commons-9.7.1.jar because:
build	Build with Gradle	2026-06-06T12:23:31.7225158Z   Caching not enabled.
build	Build with Gradle	2026-06-06T12:23:31.7226732Z Caching disabled for MergeInstrumentationAnalysisTransform: /home/runner/.gradle/caches/8.14/transforms/60e4c9332b5d4baa5c7ef1de04b0a385/transformed/analysis/instrumentation-hierarchy.bin because:
build	Build with Gradle	2026-06-06T12:23:31.7239799Z   Caching not enabled.
build	Build with Gradle	2026-06-06T12:23:31.7241323Z Caching disabled for MergeInstrumentationAnalysisTransform: /home/runner/.gradle/caches/8.14/transforms/60e14e6b6f94b7ce78b4051acd7ef277/transformed/analysis/instrumentation-hierarchy.bin because:
build	Build with Gradle	2026-06-06T12:23:31.7242734Z   Caching not enabled.
build	Build with Gradle	2026-06-06T12:23:31.7244145Z Caching disabled for MergeInstrumentationAnalysisTransform: /home/runner/.gradle/caches/modules-2/files-2.1/commons-io/commons-io/2.16.1/377d592e740dc77124e0901291dbfaa6810a200e/commons-io-2.16.1.jar because:
build	Build with Gradle	2026-06-06T12:23:31.7245698Z   Caching not enabled.
build	Build with Gradle	2026-06-06T12:23:31.7247606Z Caching disabled for MergeInstrumentationAnalysisTransform: /home/runner/.gradle/caches/8.14/transforms/60e14e6b6f94b7ce78b4051acd7ef277/transformed/analysis/instrumentation-dependencies.bin because:
build	Build with Gradle	2026-06-06T12:23:31.7248990Z   Caching not enabled.
build	Build with Gradle	2026-06-06T12:23:31.7769458Z Caching disabled for MergeInstrumentationAnalysisTransform: /home/runner/.gradle/caches/8.14/transforms/60e4c9332b5d4baa5c7ef1de04b0a385/transformed/analysis/instrumentation-dependencies.bin because:
build	Build with Gradle	2026-06-06T12:23:31.7798896Z   Caching not enabled.
build	Build with Gradle	2026-06-06T12:23:31.7800371Z Caching disabled for MergeInstrumentationAnalysisTransform: /home/runner/.gradle/caches/8.14/transforms/a332b93caa052e7c3810d26d589ffdd4/transformed/analysis/instrumentation-hierarchy.bin because:
build	Build with Gradle	2026-06-06T12:23:31.7802101Z   Caching not enabled.
build	Build with Gradle	2026-06-06T12:23:31.7803545Z Caching disabled for MergeInstrumentationAnalysisTransform: /home/runner/.gradle/caches/modules-2/files-2.1/org.ow2.asm/asm-analysis/9.7.1/f97a3b319f0ed6a8cd944dc79060d3912a28985f/asm-analysis-9.7.1.jar because:
build	Build with Gradle	2026-06-06T12:23:31.7804865Z   Caching not enabled.
build	Build with Gradle	2026-06-06T12:23:31.7806223Z Caching disabled for MergeInstrumentationAnalysisTransform: /home/runner/.gradle/caches/8.14/transforms/652e44a95df93df3ff56055ba2df941c/transformed/analysis/instrumentation-hierarchy.bin because:
build	Build with Gradle	2026-06-06T12:23:31.7807766Z   Caching not enabled.
build	Build with Gradle	2026-06-06T12:23:31.7808926Z Caching disabled for MergeInstrumentationAnalysisTransform: /home/runner/.gradle/caches/modules-2/files-2.1/org.ow2.asm/asm-util/9.7.1/9e23359b598ec6b74b23e53110dd5c577adf2243/asm-util-9.7.1.jar because:
build	Build with Gradle	2026-06-06T12:23:31.7810163Z   Caching not enabled.
build	Build with Gradle	2026-06-06T12:23:31.7811594Z Caching disabled for MergeInstrumentationAnalysisTransform: /home/runner/.gradle/caches/8.14/transforms/a332b93caa052e7c3810d26d589ffdd4/transformed/analysis/instrumentation-dependencies.bin because:
build	Build with Gradle	2026-06-06T12:23:31.7813077Z   Caching not enabled.
build	Build with Gradle	2026-06-06T12:23:31.7814472Z Caching disabled for MergeInstrumentationAnalysisTransform: /home/runner/.gradle/caches/8.14/transforms/daf2003c53c655397f78241951326b63/transformed/analysis/instrumentation-hierarchy.bin because:
build	Build with Gradle	2026-06-06T12:23:31.7815923Z   Caching not enabled.
build	Build with Gradle	2026-06-06T12:23:31.7817500Z Caching disabled for MergeInstrumentationAnalysisTransform: /home/runner/.gradle/caches/8.14/transforms/652e44a95df93df3ff56055ba2df941c/transformed/analysis/instrumentation-dependencies.bin because:
build	Build with Gradle	2026-06-06T12:23:31.7818946Z   Caching not enabled.
build	Build with Gradle	2026-06-06T12:23:31.7820201Z Caching disabled for MergeInstrumentationAnalysisTransform: /home/runner/.gradle/caches/8.14/transforms/daf2003c53c655397f78241951326b63/transformed/analysis/instrumentation-dependencies.bin because:
build	Build with Gradle	2026-06-06T12:23:31.7821553Z   Caching not enabled.
build	Build with Gradle	2026-06-06T12:23:31.7822908Z Caching disabled for MergeInstrumentationAnalysisTransform: /home/runner/.gradle/caches/modules-2/files-2.1/org.ow2.asm/asm-tree/9.7.1/3a53139787663b139de76b627fca0084ab60d32c/asm-tree-9.7.1.jar because:
build	Build with Gradle	2026-06-06T12:23:31.7824412Z   Caching not enabled.
build	Build with Gradle	2026-06-06T12:23:31.7825880Z Caching disabled for MergeInstrumentationAnalysisTransform: /home/runner/.gradle/caches/8.14/transforms/95af8942e3b7b715993b1dddfb5c6b74/transformed/analysis/instrumentation-hierarchy.bin because:
build	Build with Gradle	2026-06-06T12:23:31.7858031Z   Caching not enabled.
build	Build with Gradle	2026-06-06T12:23:31.7859596Z Caching disabled for MergeInstrumentationAnalysisTransform: /home/runner/.gradle/caches/8.14/transforms/7d0b495da3e94b9513f7899aa4fc052a/transformed/analysis/instrumentation-hierarchy.bin because:
build	Build with Gradle	2026-06-06T12:23:31.7861090Z   Caching not enabled.
build	Build with Gradle	2026-06-06T12:23:31.7862514Z Caching disabled for MergeInstrumentationAnalysisTransform: /home/runner/.gradle/caches/8.14/transforms/95af8942e3b7b715993b1dddfb5c6b74/transformed/analysis/instrumentation-dependencies.bin because:
build	Build with Gradle	2026-06-06T12:23:31.7864076Z   Caching not enabled.
build	Build with Gradle	2026-06-06T12:23:31.7865537Z Caching disabled for MergeInstrumentationAnalysisTransform: /home/runner/.gradle/caches/8.14/transforms/7d0b495da3e94b9513f7899aa4fc052a/transformed/analysis/instrumentation-dependencies.bin because:
build	Build with Gradle	2026-06-06T12:23:31.7867525Z   Caching not enabled.
build	Build with Gradle	2026-06-06T12:23:31.7869093Z Caching disabled for MergeInstrumentationAnalysisTransform: /home/runner/.gradle/caches/modules-2/files-2.1/com.android.tools.build/apkzlib/8.11.1/ea2327cd7a67c0fc9a4d26f035b922dff11c7219/apkzlib-8.11.1.jar because:
build	Build with Gradle	2026-06-06T12:23:31.7870718Z   Caching not enabled.
build	Build with Gradle	2026-06-06T12:23:31.7872085Z Caching disabled for MergeInstrumentationAnalysisTransform: /home/runner/.gradle/caches/modules-2/files-2.1/org.ow2.asm/asm/9.7.1/f0ed132a49244b042cd0e15702ab9f2ce3cc8436/asm-9.7.1.jar because:
build	Build with Gradle	2026-06-06T12:23:31.7873545Z   Caching not enabled.
build	Build with Gradle	2026-06-06T12:23:31.7875246Z Caching disabled for MergeInstrumentationAnalysisTransform: /home/runner/.gradle/caches/modules-2/files-2.1/org.bouncycastle/bcpkix-jdk18on/1.79/7693cec3b8779b74b35466dcaeeaac7409872954/bcpkix-jdk18on-1.79.jar because:
build	Build with Gradle	2026-06-06T12:23:31.7876904Z   Caching not enabled.
build	Build with Gradle	2026-06-06T12:23:31.7878577Z Caching disabled for MergeInstrumentationAnalysisTransform: /home/runner/.gradle/caches/modules-2/files-2.1/org.glassfish.jaxb/jaxb-runtime/2.3.2/5528bc882ea499a09d720b42af11785c4fc6be2a/jaxb-runtime-2.3.2.jar because:
build	Build with Gradle	2026-06-06T12:23:31.7880231Z   Caching not enabled.
build	Build with Gradle	2026-06-06T12:23:31.7881673Z Caching disabled for MergeInstrumentationAnalysisTransform: /home/runner/.gradle/caches/8.14/transforms/38718154af92971d236fd5af51511df9/transformed/analysis/instrumentation-hierarchy.bin because:
build	Build with Gradle	2026-06-06T12:23:31.7883185Z   Caching not enabled.
build	Build with Gradle	2026-06-06T12:23:31.7884538Z Caching disabled for MergeInstrumentationAnalysisTransform: /home/runner/.gradle/caches/8.14/transforms/214e8f2365bd43e4a8ccb1573a478784/transformed/analysis/instrumentation-hierarchy.bin because:
build	Build with Gradle	2026-06-06T12:23:31.7886124Z   Caching not enabled.
build	Build with Gradle	2026-06-06T12:23:31.7917915Z Caching disabled for MergeInstrumentationAnalysisTransform: /home/runner/.gradle/caches/8.14/transforms/38718154af92971d236fd5af51511df9/transformed/analysis/instrumentation-dependencies.bin because:
build	Build with Gradle	2026-06-06T12:23:31.7919681Z   Caching not enabled.
build	Build with Gradle	2026-06-06T12:23:31.7921238Z Caching disabled for MergeInstrumentationAnalysisTransform: /home/runner/.gradle/caches/8.14/transforms/a8013ca544e4357839c5918e8813c817/transformed/analysis/instrumentation-hierarchy.bin because:
build	Build with Gradle	2026-06-06T12:23:31.7922869Z   Caching not enabled.
build	Build with Gradle	2026-06-06T12:23:31.7924422Z Caching disabled for MergeInstrumentationAnalysisTransform: /home/runner/.gradle/caches/8.14/transforms/e47308a1c31576f483bab1a9b244d512/transformed/analysis/instrumentation-hierarchy.bin because:
build	Build with Gradle	2026-06-06T12:23:31.7926060Z   Caching not enabled.
build	Build with Gradle	2026-06-06T12:23:31.7927727Z Caching disabled for MergeInstrumentationAnalysisTransform: /home/runner/.gradle/caches/8.14/transforms/214e8f2365bd43e4a8ccb1573a478784/transformed/analysis/instrumentation-dependencies.bin because:
build	Build with Gradle	2026-06-06T12:23:31.7929366Z   Caching not enabled.
build	Build with Gradle	2026-06-06T12:23:31.7930953Z Caching disabled for MergeInstrumentationAnalysisTransform: /home/runner/.gradle/caches/modules-2/files-2.1/net.sf.jopt-simple/jopt-simple/4.9/ee9e9eaa0a35360dcfeac129ff4923215fd65904/jopt-simple-4.9.jar because:
build	Build with Gradle	2026-06-06T12:23:31.7932619Z   Caching not enabled.
build	Build with Gradle	2026-06-06T12:23:31.7934333Z Caching disabled for MergeInstrumentationAnalysisTransform: /home/runner/.gradle/caches/8.14/transforms/a8013ca544e4357839c5918e8813c817/transformed/analysis/instrumentation-dependencies.bin because:
build	Build with Gradle	2026-06-06T12:23:31.7935787Z   Caching not enabled.
build	Build with Gradle	2026-06-06T12:23:31.7937221Z Caching disabled for MergeInstrumentationAnalysisTransform: /home/runner/.gradle/caches/8.14/transforms/e47308a1c31576f483bab1a9b244d512/transformed/analysis/instrumentation-dependencies.bin because:
build	Build with Gradle	2026-06-06T12:23:31.7938931Z   Caching not enabled.
build	Build with Gradle	2026-06-06T12:23:31.7940395Z Caching disabled for MergeInstrumentationAnalysisTransform: /home/runner/.gradle/caches/modules-2/files-2.1/com.squareup/javapoet/1.10.0/712c178d35185d8261295913c9f2a7d6867a6007/javapoet-1.10.0.jar because:
build	Build with Gradle	2026-06-06T12:23:31.7941978Z   Caching not enabled.
build	Build with Gradle	2026-06-06T12:23:31.7943832Z Caching disabled for MergeInstrumentationAnalysisTransform: /home/runner/.gradle/caches/modules-2/files-2.1/io.grpc/grpc-protobuf/1.69.1/433b61f31e1dce6adf6c43ea3ca510f8d8d7ea70/grpc-protobuf-1.69.1.jar because:
build	Build with Gradle	2026-06-06T12:23:31.7945523Z   Caching not enabled.
build	Build with Gradle	2026-06-06T12:23:31.7947280Z Caching disabled for MergeInstrumentationAnalysisTransform: /home/runner/.gradle/caches/modules-2/files-2.1/com.google.protobuf/protobuf-java-util/3.25.5/38cc5ce479603e36466feda2a9f1dfdb2210ef00/protobuf-java-util-3.25.5.jar because:
build	Build with Gradle	2026-06-06T12:23:31.7979534Z   Caching not enabled.
build	Build with Gradle	2026-06-06T12:23:31.7980996Z Caching disabled for MergeInstrumentationAnalysisTransform: /home/runner/.gradle/caches/8.14/transforms/8f3c72fc33a299bf4168ea60a7d6dcbd/transformed/analysis/instrumentation-hierarchy.bin because:
build	Build with Gradle	2026-06-06T12:23:31.7982673Z   Caching not enabled.
build	Build with Gradle	2026-06-06T12:23:31.8810138Z Caching disabled for MergeInstrumentationAnalysisTransform: /home/runner/.gradle/caches/8.14/transforms/8f3c72fc33a299bf4168ea60a7d6dcbd/transformed/analysis/instrumentation-dependencies.bin because:
build	Build with Gradle	2026-06-06T12:23:31.8838338Z   Caching not enabled.
build	Build with Gradle	2026-06-06T12:23:31.8854662Z Caching disabled for MergeInstrumentationAnalysisTransform: /home/runner/.gradle/caches/8.14/transforms/448b77bc82599dc70acf59b64287ae6d/transformed/analysis/instrumentation-hierarchy.bin because:
build	Build with Gradle	2026-06-06T12:23:31.8866287Z   Caching not enabled.
build	Build with Gradle	2026-06-06T12:23:31.8899324Z Caching disabled for MergeInstrumentationAnalysisTransform: /home/runner/.gradle/caches/8.14/transforms/1915e62c4bd78f12308c7cc7e102fdac/transformed/analysis/instrumentation-hierarchy.bin because:
build	Build with Gradle	2026-06-06T12:23:31.8908167Z   Caching not enabled.
build	Build with Gradle	2026-06-06T12:23:31.8932247Z Caching disabled for MergeInstrumentationAnalysisTransform: /home/runner/.gradle/caches/8.14/transforms/03b12a1713674e47c4a3c04cb44acb39/transformed/analysis/instrumentation-hierarchy.bin because:
build	Build with Gradle	2026-06-06T12:23:31.8958183Z   Caching not enabled.
build	Build with Gradle	2026-06-06T12:23:31.8989258Z Caching disabled for MergeInstrumentationAnalysisTransform: /home/runner/.gradle/caches/modules-2/files-2.1/com.google.crypto.tink/tink/1.7.0/668b57f109d32349b2870448f06ae6f202713edc/tink-1.7.0.jar because:
build	Build with Gradle	2026-06-06T12:23:31.8992220Z   Caching not enabled.
build	Build with Gradle	2026-06-06T12:23:31.9040665Z Caching disabled for MergeInstrumentationAnalysisTransform: /home/runner/.gradle/caches/8.14/transforms/1915e62c4bd78f12308c7cc7e102fdac/transformed/analysis/instrumentation-dependencies.bin because:
build	Build with Gradle	2026-06-06T12:23:31.9050532Z   Caching not enabled.
build	Build with Gradle	2026-06-06T12:23:31.9079475Z Caching disabled for MergeInstrumentationAnalysisTransform: /home/runner/.gradle/caches/8.14/transforms/03b12a1713674e47c4a3c04cb44acb39/transformed/analysis/instrumentation-dependencies.bin because:
build	Build with Gradle	2026-06-06T12:23:31.9102429Z   Caching not enabled.
build	Build with Gradle	2026-06-06T12:23:31.9129163Z Caching disabled for MergeInstrumentationAnalysisTransform: /home/runner/.gradle/caches/8.14/transforms/448b77bc82599dc70acf59b64287ae6d/transformed/analysis/instrumentation-dependencies.bin because:
build	Build with Gradle	2026-06-06T12:23:31.9138215Z   Caching not enabled.
build	Build with Gradle	2026-06-06T12:23:31.9169138Z Caching disabled for MergeInstrumentationAnalysisTransform: /home/runner/.gradle/caches/8.14/transforms/d26e4d12fc87d908d377ac641f35005f/transformed/analysis/instrumentation-hierarchy.bin because:
build	Build with Gradle	2026-06-06T12:23:31.9198138Z   Caching not enabled.
build	Build with Gradle	2026-06-06T12:23:31.9219445Z Caching disabled for MergeInstrumentationAnalysisTransform: /home/runner/.gradle/caches/modules-2/files-2.1/com.google.api.grpc/proto-google-common-protos/2.48.0/86b550469172d830d174d7434c318d7dff179910/proto-google-common-protos-2.48.0.jar because:
build	Build with Gradle	2026-06-06T12:23:31.9253376Z   Caching not enabled.
build	Build with Gradle	2026-06-06T12:23:31.9259242Z Caching disabled for MergeInstrumentationAnalysisTransform: /home/runner/.gradle/caches/8.14/transforms/d26e4d12fc87d908d377ac641f35005f/transformed/analysis/instrumentation-dependencies.bin because:
build	Build with Gradle	2026-06-06T12:23:31.9282441Z   Caching not enabled.
build	Build with Gradle	2026-06-06T12:23:31.9308876Z Caching disabled for MergeInstrumentationAnalysisTransform: /home/runner/.gradle/caches/modules-2/files-2.1/com.google.testing.platform/core-proto/0.0.9-alpha03/a0de640d69d847081f087c45dda7e9b3754fe350/core-proto-0.0.9-alpha03.jar because:
build	Build with Gradle	2026-06-06T12:23:31.9311051Z   Caching not enabled.
build	Build with Gradle	2026-06-06T12:23:31.9312529Z Caching disabled for MergeInstrumentationAnalysisTransform: /home/runner/.gradle/caches/8.14/transforms/8d803f74bc08620adbcf3659e0dd8afb/transformed/analysis/instrumentation-hierarchy.bin because:
build	Build with Gradle	2026-06-06T12:23:31.9314097Z   Caching not enabled.
build	Build with Gradle	2026-06-06T12:23:31.9315725Z Caching disabled for MergeInstrumentationAnalysisTransform: /home/runner/.gradle/caches/modules-2/files-2.1/com.android.tools.analytics-library/protos/31.11.1/6c1fe59ed1ddd9d793d5cf57e43acf74ad40cc14/protos-31.11.1.jar because:
build	Build with Gradle	2026-06-06T12:23:31.9317794Z   Caching not enabled.
build	Build with Gradle	2026-06-06T12:23:31.9319436Z Caching disabled for MergeInstrumentationAnalysisTransform: /home/runner/.gradle/caches/modules-2/files-2.1/com.google.protobuf/protobuf-java/3.25.5/5ae5c9ec39930ae9b5a61b32b93288818ec05ec1/protobuf-java-3.25.5.jar because:
build	Build with Gradle	2026-06-06T12:23:31.9321149Z   Caching not enabled.
build	Build with Gradle	2026-06-06T12:23:31.9784931Z Caching disabled for MergeInstrumentationAnalysisTransform: /home/runner/.gradle/caches/8.14/transforms/8d803f74bc08620adbcf3659e0dd8afb/transformed/analysis/instrumentation-dependencies.bin because:
build	Build with Gradle	2026-06-06T12:23:31.9790517Z   Caching not enabled.
build	Build with Gradle	2026-06-06T12:23:31.9821382Z Caching disabled for MergeInstrumentationAnalysisTransform: /home/runner/.gradle/caches/8.14/transforms/d3a1e58d1ec253efcd6e817eb23c0040/transformed/analysis/instrumentation-hierarchy.bin because:
build	Build with Gradle	2026-06-06T12:23:31.9848196Z   Caching not enabled.
build	Build with Gradle	2026-06-06T12:23:31.9873135Z Caching disabled for MergeInstrumentationAnalysisTransform: /home/runner/.gradle/caches/modules-2/files-2.1/io.grpc/grpc-netty/1.69.1/9235ab343b80acd957b4bb8bd740b8272735ddb8/grpc-netty-1.69.1.jar because:
build	Build with Gradle	2026-06-06T12:23:31.9898185Z   Caching not enabled.
build	Build with Gradle	2026-06-06T12:23:31.9909413Z Caching disabled for MergeInstrumentationAnalysisTransform: /home/runner/.gradle/caches/8.14/transforms/d3a1e58d1ec253efcd6e817eb23c0040/transformed/analysis/instrumentation-dependencies.bin because:
build	Build with Gradle	2026-06-06T12:23:31.9938110Z   Caching not enabled.
build	Build with Gradle	2026-06-06T12:23:31.9973455Z Caching disabled for MergeInstrumentationAnalysisTransform: /home/runner/.gradle/caches/8.14/transforms/40ce7926dfa4287e169508f69c0cf81a/transformed/analysis/instrumentation-hierarchy.bin because:
build	Build with Gradle	2026-06-06T12:23:31.9975429Z   Caching not enabled.
build	Build with Gradle	2026-06-06T12:23:31.9999275Z Caching disabled for MergeInstrumentationAnalysisTransform: /home/runner/.gradle/caches/8.14/transforms/05c2ff59c0b7a34a09b0cbf4f09b6e8a/transformed/analysis/instrumentation-hierarchy.bin because:
build	Build with Gradle	2026-06-06T12:23:32.0027570Z   Caching not enabled.
build	Build with Gradle	2026-06-06T12:23:32.0059322Z Caching disabled for MergeInstrumentationAnalysisTransform: /home/runner/.gradle/caches/8.14/transforms/40ce7926dfa4287e169508f69c0cf81a/transformed/analysis/instrumentation-dependencies.bin because:
build	Build with Gradle	2026-06-06T12:23:32.0079423Z   Caching not enabled.
build	Build with Gradle	2026-06-06T12:23:32.0110853Z Caching disabled for MergeInstrumentationAnalysisTransform: /home/runner/.gradle/caches/8.14/transforms/05c2ff59c0b7a34a09b0cbf4f09b6e8a/transformed/analysis/instrumentation-dependencies.bin because:
build	Build with Gradle	2026-06-06T12:23:32.0118155Z   Caching not enabled.
build	Build with Gradle	2026-06-06T12:23:32.0141187Z Caching disabled for MergeInstrumentationAnalysisTransform: /home/runner/.gradle/caches/modules-2/files-2.1/io.grpc/grpc-inprocess/1.69.1/8999d859ebf25f00e5a968b5e36e1294b109cb9e/grpc-inprocess-1.69.1.jar because:
build	Build with Gradle	2026-06-06T12:23:32.0168296Z   Caching not enabled.
build	Build with Gradle	2026-06-06T12:23:32.0192632Z Caching disabled for MergeInstrumentationAnalysisTransform: /home/runner/.gradle/caches/8.14/transforms/a953a9ec747499507e979f28c3d9b610/transformed/analysis/instrumentation-hierarchy.bin because:
build	Build with Gradle	2026-06-06T12:23:32.0216609Z   Caching not enabled.
build	Build with Gradle	2026-06-06T12:23:32.0244265Z Caching disabled for MergeInstrumentationAnalysisTransform: /home/runner/.gradle/caches/modules-2/files-2.1/io.grpc/grpc-util/1.69.1/8c3a9d835a78be9653e9ba92ceab430547924937/grpc-util-1.69.1.jar because:
build	Build with Gradle	2026-06-06T12:23:32.0268121Z   Caching not enabled.
build	Build with Gradle	2026-06-06T12:23:32.0289684Z Caching disabled for MergeInstrumentationAnalysisTransform: /home/runner/.gradle/caches/8.14/transforms/a953a9ec747499507e979f28c3d9b610/transformed/analysis/instrumentation-dependencies.bin because:
build	Build with Gradle	2026-06-06T12:23:32.0318429Z   Caching not enabled.
build	Build with Gradle	2026-06-06T12:23:32.0329385Z Caching disabled for MergeInstrumentationAnalysisTransform: /home/runner/.gradle/caches/modules-2/files-2.1/io.grpc/grpc-core/1.69.1/d9f6383e1903af6e9502e7c1c8e4fbe28a236321/grpc-core-1.69.1.jar because:
build	Build with Gradle	2026-06-06T12:23:32.0358045Z   Caching not enabled.
build	Build with Gradle	2026-06-06T12:23:32.0379508Z Caching disabled for MergeInstrumentationAnalysisTransform: /home/runner/.gradle/caches/modules-2/files-2.1/org.jetbrains.kotlin/kotlin-build-statistics/2.2.20/6cd7e2985af2647576bfc6bd1ba450000acbde4a/kotlin-build-statistics-2.2.20.jar because:
build	Build with Gradle	2026-06-06T12:23:32.0408014Z   Caching not enabled.
build	Build with Gradle	2026-06-06T12:23:32.0419225Z Caching disabled for MergeInstrumentationAnalysisTransform: /home/runner/.gradle/caches/8.14/transforms/24499ab9d12730a9faeafb1a60c2ccab/transformed/analysis/instrumentation-hierarchy.bin because:
build	Build with Gradle	2026-06-06T12:23:32.0448163Z   Caching not enabled.
build	Build with Gradle	2026-06-06T12:23:32.0479207Z Caching disabled for MergeInstrumentationAnalysisTransform: /home/runner/.gradle/caches/8.14/transforms/79a18a78701ab821785a6d5a90cfa143/transformed/analysis/instrumentation-hierarchy.bin because:
build	Build with Gradle	2026-06-06T12:23:32.0480667Z   Caching not enabled.
build	Build with Gradle	2026-06-06T12:23:32.0509345Z Caching disabled for MergeInstrumentationAnalysisTransform: /home/runner/.gradle/caches/8.14/transforms/24499ab9d12730a9faeafb1a60c2ccab/transformed/analysis/instrumentation-dependencies.bin because:
build	Build with Gradle	2026-06-06T12:23:32.0535782Z   Caching not enabled.
build	Build with Gradle	2026-06-06T12:23:32.0569305Z Caching disabled for MergeInstrumentationAnalysisTransform: /home/runner/.gradle/caches/modules-2/files-2.1/com.google.code.gson/gson/2.11.0/527175ca6d81050b53bdd4c457a6d6e017626b0e/gson-2.11.0.jar because:
build	Build with Gradle	2026-06-06T12:23:32.0571213Z   Caching not enabled.
build	Build with Gradle	2026-06-06T12:23:32.0580038Z Caching disabled for MergeInstrumentationAnalysisTransform: /home/runner/.gradle/caches/8.14/transforms/34d6463aef3309917188f109b16e68a3/transformed/analysis/instrumentation-hierarchy.bin because:
build	Build with Gradle	2026-06-06T12:23:32.0609546Z   Caching not enabled.
build	Build with Gradle	2026-06-06T12:23:32.0639330Z Caching disabled for MergeInstrumentationAnalysisTransform: /home/runner/.gradle/caches/8.14/transforms/79a18a78701ab821785a6d5a90cfa143/transformed/analysis/instrumentation-dependencies.bin because:
build	Build with Gradle	2026-06-06T12:23:32.0661250Z   Caching not enabled.
build	Build with Gradle	2026-06-06T12:23:32.0689234Z Caching disabled for MergeInstrumentationAnalysisTransform: /home/runner/.gradle/caches/8.14/transforms/e1af31b6f6841aeef4f866f19498c6b7/transformed/analysis/instrumentation-hierarchy.bin because:
build	Build with Gradle	2026-06-06T12:23:32.0698281Z   Caching not enabled.
build	Build with Gradle	2026-06-06T12:23:32.0729209Z Caching disabled for MergeInstrumentationAnalysisTransform: /home/runner/.gradle/caches/8.14/transforms/34d6463aef3309917188f109b16e68a3/transformed/analysis/instrumentation-dependencies.bin because:
build	Build with Gradle	2026-06-06T12:23:32.0758120Z   Caching not enabled.
build	Build with Gradle	2026-06-06T12:23:32.0769257Z Caching disabled for MergeInstrumentationAnalysisTransform: /home/runner/.gradle/caches/modules-2/files-2.1/io.grpc/grpc-stub/1.69.1/685c974e6717e6c1bcadd1b7461167d27f64c524/grpc-stub-1.69.1.jar because:
build	Build with Gradle	2026-06-06T12:23:32.0789654Z   Caching not enabled.
build	Build with Gradle	2026-06-06T12:23:32.0819137Z Caching disabled for MergeInstrumentationAnalysisTransform: /home/runner/.gradle/caches/8.14/transforms/689aba87ca9ddc0bc7ac2f4a65b84b94/transformed/analysis/instrumentation-hierarchy.bin because:
build	Build with Gradle	2026-06-06T12:23:32.0848052Z   Caching not enabled.
build	Build with Gradle	2026-06-06T12:23:32.0879422Z Caching disabled for MergeInstrumentationAnalysisTransform: /home/runner/.gradle/caches/8.14/transforms/e1af31b6f6841aeef4f866f19498c6b7/transformed/analysis/instrumentation-dependencies.bin because:
build	Build with Gradle	2026-06-06T12:23:32.0888070Z   Caching not enabled.
build	Build with Gradle	2026-06-06T12:23:32.0909355Z Caching disabled for MergeInstrumentationAnalysisTransform: /home/runner/.gradle/caches/8.14/transforms/689aba87ca9ddc0bc7ac2f4a65b84b94/transformed/analysis/instrumentation-dependencies.bin because:
build	Build with Gradle	2026-06-06T12:23:32.0938138Z   Caching not enabled.
build	Build with Gradle	2026-06-06T12:23:32.0969533Z Caching disabled for MergeInstrumentationAnalysisTransform: /home/runner/.gradle/caches/modules-2/files-2.1/org.tensorflow/tensorflow-lite-metadata/0.2.0/7dbe8f75ae5c0ef7093c43c3ac8b560bbc7ea4b6/tensorflow-lite-metadata-0.2.0.jar because:
build	Build with Gradle	2026-06-06T12:23:32.0987933Z   Caching not enabled.
build	Build with Gradle	2026-06-06T12:23:32.1019286Z Caching disabled for MergeInstrumentationAnalysisTransform: /home/runner/.gradle/caches/modules-2/files-2.1/com.google.flatbuffers/flatbuffers-java/1.12.0/8201cc7b511177a37071249e891f2f2fea4b32e9/flatbuffers-java-1.12.0.jar because:
build	Build with Gradle	2026-06-06T12:23:32.1021603Z   Caching not enabled.
build	Build with Gradle	2026-06-06T12:23:32.1049498Z Caching disabled for MergeInstrumentationAnalysisTransform: /home/runner/.gradle/caches/8.14/transforms/6b07c848d762d1d34f6ac98a7bb32e88/transformed/analysis/instrumentation-hierarchy.bin because:
build	Build with Gradle	2026-06-06T12:23:32.1078164Z   Caching not enabled.
build	Build with Gradle	2026-06-06T12:23:32.1101642Z Caching disabled for MergeInstrumentationAnalysisTransform: /home/runner/.gradle/caches/8.14/transforms/2403837e6853d35504f88c80613a330e/transformed/analysis/instrumentation-hierarchy.bin because:
build	Build with Gradle	2026-06-06T12:23:32.1138032Z   Caching not enabled.
build	Build with Gradle	2026-06-06T12:23:32.1139698Z Caching disabled for MergeInstrumentationAnalysisTransform: /home/runner/.gradle/caches/8.14/transforms/0f6c4831aee8af63180a748e247a1b45/transformed/analysis/instrumentation-hierarchy.bin because:
build	Build with Gradle	2026-06-06T12:23:32.1168007Z   Caching not enabled.
build	Build with Gradle	2026-06-06T12:23:32.1179134Z Caching disabled for MergeInstrumentationAnalysisTransform: /home/runner/.gradle/caches/8.14/transforms/6b07c848d762d1d34f6ac98a7bb32e88/transformed/analysis/instrumentation-dependencies.bin because:
build	Build with Gradle	2026-06-06T12:23:32.1180036Z   Caching not enabled.
build	Build with Gradle	2026-06-06T12:23:32.1181115Z Caching disabled for MergeInstrumentationAnalysisTransform: /home/runner/.gradle/caches/modules-2/files-2.1/org.jetbrains.kotlin/kotlin-gradle-plugin-idea-proto/2.2.20/ccea68faf3074b47b2d1549d971d5438aae0adba/kotlin-gradle-plugin-idea-proto-2.2.20.jar because:
build	Build with Gradle	2026-06-06T12:23:32.1182200Z   Caching not enabled.
build	Build with Gradle	2026-06-06T12:23:32.1183213Z Caching disabled for MergeInstrumentationAnalysisTransform: /home/runner/.gradle/caches/modules-2/files-2.1/org.jetbrains.kotlin/kotlin-gradle-plugin-idea/2.2.20/a07b350797aa4fe6d4bc6e1be2feecb638e94b13/kotlin-gradle-plugin-idea-2.2.20.jar because:
build	Build with Gradle	2026-06-06T12:23:32.1184216Z   Caching not enabled.
build	Build with Gradle	2026-06-06T12:23:32.1185004Z Caching disabled for MergeInstrumentationAnalysisTransform: /home/runner/.gradle/caches/8.14/transforms/2403837e6853d35504f88c80613a330e/transformed/analysis/instrumentation-dependencies.bin because:
build	Build with Gradle	2026-06-06T12:23:32.1185838Z   Caching not enabled.
build	Build with Gradle	2026-06-06T12:23:32.1186619Z Caching disabled for MergeInstrumentationAnalysisTransform: /home/runner/.gradle/caches/8.14/transforms/0f6c4831aee8af63180a748e247a1b45/transformed/analysis/instrumentation-dependencies.bin because:
build	Build with Gradle	2026-06-06T12:23:32.1187625Z   Caching not enabled.
build	Build with Gradle	2026-06-06T12:23:32.1195199Z Caching disabled for MergeInstrumentationAnalysisTransform: /home/runner/.gradle/caches/modules-2/files-2.1/org.jetbrains.kotlin/kotlin-klib-commonizer-api/2.2.20/bedd0bf6302d0bccc2b65535a0cb74b520b67858/kotlin-klib-commonizer-api-2.2.20.jar because:
build	Build with Gradle	2026-06-06T12:23:32.1197338Z   Caching not enabled.
build	Build with Gradle	2026-06-06T12:23:32.1198840Z Caching disabled for MergeInstrumentationAnalysisTransform: /home/runner/.gradle/caches/8.14/transforms/ea0925ef377e488530de61878df80de4/transformed/analysis/instrumentation-hierarchy.bin because:
build	Build with Gradle	2026-06-06T12:23:32.1200240Z   Caching not enabled.
build	Build with Gradle	2026-06-06T12:23:32.1201780Z Caching disabled for MergeInstrumentationAnalysisTransform: /home/runner/.gradle/caches/modules-2/files-2.1/org.jetbrains.kotlin/kotlin-util-klib-metadata/2.2.20/8a0c47f26e47702792fe0bbefbee6e8be12b3463/kotlin-util-klib-metadata-2.2.20.jar because:
build	Build with Gradle	2026-06-06T12:23:32.1203648Z   Caching not enabled.
build	Build with Gradle	2026-06-06T12:23:32.1204907Z Caching disabled for MergeInstrumentationAnalysisTransform: /home/runner/.gradle/caches/8.14/transforms/4fe8cb2596e73cc329874e1fdf87b22c/transformed/analysis/instrumentation-hierarchy.bin because:
build	Build with Gradle	2026-06-06T12:23:32.1206250Z   Caching not enabled.
build	Build with Gradle	2026-06-06T12:23:32.1207712Z Caching disabled for MergeInstrumentationAnalysisTransform: /home/runner/.gradle/caches/8.14/transforms/ea0925ef377e488530de61878df80de4/transformed/analysis/instrumentation-dependencies.bin because:
build	Build with Gradle	2026-06-06T12:23:32.1218512Z   Caching not enabled.
build	Build with Gradle	2026-06-06T12:23:32.1220492Z Caching disabled for MergeInstrumentationAnalysisTransform: /home/runner/.gradle/caches/8.14/transforms/4fe8cb2596e73cc329874e1fdf87b22c/transformed/analysis/instrumentation-dependencies.bin because:
build	Build with Gradle	2026-06-06T12:23:32.1222382Z   Caching not enabled.
build	Build with Gradle	2026-06-06T12:23:32.1224021Z Caching disabled for MergeInstrumentationAnalysisTransform: /home/runner/.gradle/caches/8.14/transforms/3ae60b3840f76fbc495a453c70c97bf0/transformed/analysis/instrumentation-hierarchy.bin because:
build	Build with Gradle	2026-06-06T12:23:32.1225710Z   Caching not enabled.
build	Build with Gradle	2026-06-06T12:23:32.1227309Z Caching disabled for MergeInstrumentationAnalysisTransform: /home/runner/.gradle/caches/8.14/transforms/601b51fa272b735ecc675e1b376e1482/transformed/analysis/instrumentation-dependencies.bin because:
build	Build with Gradle	2026-06-06T12:23:32.1229211Z   Caching not enabled.
build	Build with Gradle	2026-06-06T12:23:32.1231040Z Caching disabled for MergeInstrumentationAnalysisTransform: /home/runner/.gradle/caches/modules-2/files-2.1/org.jetbrains.kotlin/abi-tools-api/2.2.20/15daea957a282df212a7bc3189dbbf442b38dec8/abi-tools-api-2.2.20.jar because:
build	Build with Gradle	2026-06-06T12:23:32.1232945Z   Caching not enabled.
build	Build with Gradle	2026-06-06T12:23:32.1234637Z Caching disabled for MergeInstrumentationAnalysisTransform: /home/runner/.gradle/caches/modules-2/files-2.1/io.grpc/grpc-context/1.69.1/acec56668f9e67775cfe43fdb9edd046e9426a2d/grpc-context-1.69.1.jar because:
build	Build with Gradle	2026-06-06T12:23:32.1236434Z   Caching not enabled.
build	Build with Gradle	2026-06-06T12:23:32.1238530Z Caching disabled for MergeInstrumentationAnalysisTransform: /home/runner/.gradle/caches/modules-2/files-2.1/org.jetbrains.kotlin/kotlin-compiler-runner/2.2.20/72475464f90c5f5aae5072edc60c2b29a8353f63/kotlin-compiler-runner-2.2.20.jar because:
build	Build with Gradle	2026-06-06T12:23:32.1240580Z   Caching not enabled.
build	Build with Gradle	2026-06-06T12:23:32.1242248Z Caching disabled for MergeInstrumentationAnalysisTransform: /home/runner/.gradle/caches/8.14/transforms/3ae60b3840f76fbc495a453c70c97bf0/transformed/analysis/instrumentation-dependencies.bin because:
build	Build with Gradle	2026-06-06T12:23:32.1244028Z   Caching not enabled.
build	Build with Gradle	2026-06-06T12:23:32.1245633Z Caching disabled for MergeInstrumentationAnalysisTransform: /home/runner/.gradle/caches/8.14/transforms/59d4469867e677d91f281a1e27259851/transformed/analysis/instrumentation-hierarchy.bin because:
build	Build with Gradle	2026-06-06T12:23:32.1247338Z   Caching not enabled.
build	Build with Gradle	2026-06-06T12:23:32.1249109Z Caching disabled for MergeInstrumentationAnalysisTransform: /home/runner/.gradle/caches/8.14/transforms/0bab9ab604962ffad0d5c31fde221fcb/transformed/analysis/instrumentation-hierarchy.bin because:
build	Build with Gradle	2026-06-06T12:23:32.1250899Z   Caching not enabled.
build	Build with Gradle	2026-06-06T12:23:32.1252700Z Caching disabled for MergeInstrumentationAnalysisTransform: /home/runner/.gradle/caches/8.14/transforms/0c8e03626dc28f5f9dc8448d5c34665e/transformed/analysis/instrumentation-hierarchy.bin because:
build	Build with Gradle	2026-06-06T12:23:32.1254487Z   Caching not enabled.
build	Build with Gradle	2026-06-06T12:23:32.1256141Z Caching disabled for MergeInstrumentationAnalysisTransform: /home/runner/.gradle/caches/modules-2/files-2.1/com.google.jimfs/jimfs/1.1/8fbd0579dc68aba6186935cc1bee21d2f3e7ec1c/jimfs-1.1.jar because:
build	Build with Gradle	2026-06-06T12:23:32.1258031Z   Caching not enabled.
build	Build with Gradle	2026-06-06T12:23:32.1259756Z Caching disabled for MergeInstrumentationAnalysisTransform: /home/runner/.gradle/caches/8.14/transforms/59d4469867e677d91f281a1e27259851/transformed/analysis/instrumentation-dependencies.bin because:
build	Build with Gradle	2026-06-06T12:23:32.1261875Z   Caching not enabled.
build	Build with Gradle	2026-06-06T12:23:32.1263709Z Caching disabled for MergeInstrumentationAnalysisTransform: /home/runner/.gradle/caches/8.14/transforms/0bab9ab604962ffad0d5c31fde221fcb/transformed/analysis/instrumentation-dependencies.bin because:
build	Build with Gradle	2026-06-06T12:23:32.1265601Z   Caching not enabled.
build	Build with Gradle	2026-06-06T12:23:32.1267482Z Caching disabled for MergeInstrumentationAnalysisTransform: /home/runner/.gradle/caches/8.14/transforms/0c8e03626dc28f5f9dc8448d5c34665e/transformed/analysis/instrumentation-dependencies.bin because:
build	Build with Gradle	2026-06-06T12:23:32.1269424Z   Caching not enabled.
build	Build with Gradle	2026-06-06T12:23:32.1271249Z Caching disabled for MergeInstrumentationAnalysisTransform: /home/runner/.gradle/caches/modules-2/files-2.1/io.grpc/grpc-protobuf-lite/1.69.1/40cc0d2c62b22c7c22056e17c1141cb714993ea9/grpc-protobuf-lite-1.69.1.jar because:
build	Build with Gradle	2026-06-06T12:23:32.1273312Z   Caching not enabled.
build	Build with Gradle	2026-06-06T12:23:32.1274980Z Caching disabled for MergeInstrumentationAnalysisTransform: /home/runner/.gradle/caches/modules-2/files-2.1/io.grpc/grpc-api/1.69.1/e95c782de0217180c9b25c99e605c4513f3272f1/grpc-api-1.69.1.jar because:
build	Build with Gradle	2026-06-06T12:23:32.1276750Z   Caching not enabled.
build	Build with Gradle	2026-06-06T12:23:32.1278601Z Caching disabled for MergeInstrumentationAnalysisTransform: /home/runner/.gradle/caches/8.14/transforms/ba603a8e5cd50a7c88cc1c83cedbafe1/transformed/analysis/instrumentation-hierarchy.bin because:
build	Build with Gradle	2026-06-06T12:23:32.1280381Z   Caching not enabled.
build	Build with Gradle	2026-06-06T12:23:32.1779539Z Caching disabled for MergeInstrumentationAnalysisTransform: /home/runner/.gradle/caches/8.14/transforms/ba603a8e5cd50a7c88cc1c83cedbafe1/transformed/analysis/instrumentation-dependencies.bin because:
build	Build with Gradle	2026-06-06T12:23:32.1781217Z   Caching not enabled.
build	Build with Gradle	2026-06-06T12:23:32.1840401Z Caching disabled for MergeInstrumentationAnalysisTransform: /home/runner/.gradle/caches/8.14/transforms/1f33ebe59883eca7cf0b19e5fe8de863/transformed/analysis/instrumentation-dependencies.bin because:
build	Build with Gradle	2026-06-06T12:23:32.1858233Z   Caching not enabled.
build	Build with Gradle	2026-06-06T12:23:32.1878998Z Caching disabled for MergeInstrumentationAnalysisTransform: /home/runner/.gradle/caches/8.14/transforms/9b0e98629bc06f5b01cc526ebfdfc3c3/transformed/analysis/instrumentation-hierarchy.bin because:
build	Build with Gradle	2026-06-06T12:23:32.1894584Z   Caching not enabled.
build	Build with Gradle	2026-06-06T12:23:32.1919303Z Caching disabled for MergeInstrumentationAnalysisTransform: /home/runner/.gradle/caches/modules-2/files-2.1/com.google.dagger/dagger/2.28.3/10d83810ef9e19714116ed518896c90c6606d633/dagger-2.28.3.jar because:
build	Build with Gradle	2026-06-06T12:23:32.1948049Z   Caching not enabled.
build	Build with Gradle	2026-06-06T12:23:32.1977589Z Caching disabled for MergeInstrumentationAnalysisTransform: /home/runner/.gradle/caches/8.14/transforms/9b0e98629bc06f5b01cc526ebfdfc3c3/transformed/analysis/instrumentation-dependencies.bin because:
build	Build with Gradle	2026-06-06T12:23:32.2002577Z   Caching not enabled.
build	Build with Gradle	2026-06-06T12:23:32.2030055Z Caching disabled for MergeInstrumentationAnalysisTransform: /home/runner/.gradle/caches/modules-2/files-2.1/javax.inject/javax.inject/1/6975da39a7040257bd51d21a231b76c915872d38/javax.inject-1.jar because:
build	Build with Gradle	2026-06-06T12:23:32.2051138Z   Caching not enabled.
build	Build with Gradle	2026-06-06T12:23:32.2089038Z Caching disabled for MergeInstrumentationAnalysisTransform: /home/runner/.gradle/caches/modules-2/files-2.1/com.google.guava/guava/33.3.1-jre/852f8b363da0111e819460021ca693cacca3e8db/guava-33.3.1-jre.jar because:
build	Build with Gradle	2026-06-06T12:23:32.2091997Z   Caching not enabled.
build	Build with Gradle	2026-06-06T12:23:32.2126536Z Caching disabled for MergeInstrumentationAnalysisTransform: /home/runner/.gradle/caches/modules-2/files-2.1/net.sf.kxml/kxml2/2.3.0/ccbc77a5fd907ef863c29f3596c6f54ffa4e9442/kxml2-2.3.0.jar because:
build	Build with Gradle	2026-06-06T12:23:32.2156505Z   Caching not enabled.
build	Build with Gradle	2026-06-06T12:23:32.2189152Z Caching disabled for MergeInstrumentationAnalysisTransform: /home/runner/.gradle/caches/8.14/transforms/9d04d315a102c441141d3be66524f20d/transformed/analysis/instrumentation-hierarchy.bin because:
build	Build with Gradle	2026-06-06T12:23:32.2206602Z   Caching not enabled.
build	Build with Gradle	2026-06-06T12:23:32.2219090Z Caching disabled for MergeInstrumentationAnalysisTransform: /home/runner/.gradle/caches/8.14/transforms/9d04d315a102c441141d3be66524f20d/transformed/analysis/instrumentation-dependencies.bin because:
build	Build with Gradle	2026-06-06T12:23:32.2248057Z   Caching not enabled.
build	Build with Gradle	2026-06-06T12:23:32.2280473Z Caching disabled for MergeInstrumentationAnalysisTransform: /home/runner/.gradle/caches/8.14/transforms/8454090a5b20928e6b4b38efeaa490fe/transformed/analysis/instrumentation-hierarchy.bin because:
build	Build with Gradle	2026-06-06T12:23:32.2308029Z   Caching not enabled.
build	Build with Gradle	2026-06-06T12:23:32.2331269Z Caching disabled for MergeInstrumentationAnalysisTransform: /home/runner/.gradle/caches/8.14/transforms/b90d3ccdd27a09aadabddbd33719551c/transformed/analysis/instrumentation-hierarchy.bin because:
build	Build with Gradle	2026-06-06T12:23:32.2352567Z   Caching not enabled.
build	Build with Gradle	2026-06-06T12:23:32.2368998Z Caching disabled for MergeInstrumentationAnalysisTransform: /home/runner/.gradle/caches/8.14/transforms/410b73183f139835f68024b4a9e6d4c0/transformed/analysis/instrumentation-hierarchy.bin because:
build	Build with Gradle	2026-06-06T12:23:32.2398780Z   Caching not enabled.
build	Build with Gradle	2026-06-06T12:23:32.2429859Z Caching disabled for MergeInstrumentationAnalysisTransform: /home/runner/.gradle/caches/8.14/transforms/8454090a5b20928e6b4b38efeaa490fe/transformed/analysis/instrumentation-dependencies.bin because:
build	Build with Gradle	2026-06-06T12:23:32.2458184Z   Caching not enabled.
build	Build with Gradle	2026-06-06T12:23:32.2478642Z Caching disabled for MergeInstrumentationAnalysisTransform: /home/runner/.gradle/caches/8.14/transforms/b90d3ccdd27a09aadabddbd33719551c/transformed/analysis/instrumentation-dependencies.bin because:
build	Build with Gradle	2026-06-06T12:23:32.2503213Z   Caching not enabled.
build	Build with Gradle	2026-06-06T12:23:32.2504934Z Caching disabled for MergeInstrumentationAnalysisTransform: /home/runner/.gradle/caches/8.14/transforms/410b73183f139835f68024b4a9e6d4c0/transformed/analysis/instrumentation-dependencies.bin because:
build	Build with Gradle	2026-06-06T12:23:32.2506798Z   Caching not enabled.
build	Build with Gradle	2026-06-06T12:23:32.2508731Z Caching disabled for MergeInstrumentationAnalysisTransform: /home/runner/.gradle/caches/modules-2/files-2.1/org.bouncycastle/bcutil-jdk18on/1.79/ecfc5aef97cc7676ea0de5c53c407b9f533f0ad5/bcutil-jdk18on-1.79.jar because:
build	Build with Gradle	2026-06-06T12:23:32.2510516Z   Caching not enabled.
build	Build with Gradle	2026-06-06T12:23:32.2512159Z Caching disabled for MergeInstrumentationAnalysisTransform: /home/runner/.gradle/caches/modules-2/files-2.1/org.apache.commons/commons-compress/1.21/4ec95b60d4e86b5c95a0e919cb172a0af98011ef/commons-compress-1.21.jar because:
build	Build with Gradle	2026-06-06T12:23:32.2513828Z   Caching not enabled.
build	Build with Gradle	2026-06-06T12:23:32.2781677Z Caching disabled for MergeInstrumentationAnalysisTransform: /home/runner/.gradle/caches/modules-2/files-2.1/org.apache.httpcomponents/httpclient/4.5.14/1194890e6f56ec29177673f2f12d0b8e627dec98/httpclient-4.5.14.jar because:
build	Build with Gradle	2026-06-06T12:23:32.2783963Z   Caching not enabled.
build	Build with Gradle	2026-06-06T12:23:32.2785684Z Caching disabled for MergeInstrumentationAnalysisTransform: /home/runner/.gradle/caches/8.14/transforms/4bb2857926d6bbf63c2a8489c429fa99/transformed/analysis/instrumentation-hierarchy.bin because:
build	Build with Gradle	2026-06-06T12:23:32.2802328Z   Caching not enabled.
build	Build with Gradle	2026-06-06T12:23:32.2804289Z Caching disabled for MergeInstrumentationAnalysisTransform: /home/runner/.gradle/caches/8.14/transforms/4bb2857926d6bbf63c2a8489c429fa99/transformed/analysis/instrumentation-dependencies.bin because:
build	Build with Gradle	2026-06-06T12:23:32.2808075Z   Caching not enabled.
build	Build with Gradle	2026-06-06T12:23:32.2809820Z Caching disabled for MergeInstrumentationAnalysisTransform: /home/runner/.gradle/caches/8.14/transforms/f3a6428d10373325c1383925ba5e9024/transformed/analysis/instrumentation-dependencies.bin because:
build	Build with Gradle	2026-06-06T12:23:32.2811801Z   Caching not enabled.
build	Build with Gradle	2026-06-06T12:23:32.2813605Z Caching disabled for MergeInstrumentationAnalysisTransform: /home/runner/.gradle/caches/8.14/transforms/1a1d3b61d5a868318f8594a976389b2b/transformed/analysis/instrumentation-hierarchy.bin because:
build	Build with Gradle	2026-06-06T12:23:32.2815378Z   Caching not enabled.
build	Build with Gradle	2026-06-06T12:23:32.2817164Z Caching disabled for MergeInstrumentationAnalysisTransform: /home/runner/.gradle/caches/modules-2/files-2.1/org.apache.httpcomponents/httpcore/4.4.16/51cf043c87253c9f58b539c9f7e44c8894223850/httpcore-4.4.16.jar because:
build	Build with Gradle	2026-06-06T12:23:32.2820914Z   Caching not enabled.
build	Build with Gradle	2026-06-06T12:23:32.2822700Z Caching disabled for MergeInstrumentationAnalysisTransform: /home/runner/.gradle/caches/modules-2/files-2.1/org.bouncycastle/bcprov-jdk18on/1.79/4d8e2732bcee15f1db93df266c3f5b70ce5cac21/bcprov-jdk18on-1.79.jar because:
build	Build with Gradle	2026-06-06T12:23:32.2824524Z   Caching not enabled.
build	Build with Gradle	2026-06-06T12:23:32.2826252Z Caching disabled for MergeInstrumentationAnalysisTransform: /home/runner/.gradle/caches/8.14/transforms/1a1d3b61d5a868318f8594a976389b2b/transformed/analysis/instrumentation-dependencies.bin because:
build	Build with Gradle	2026-06-06T12:23:32.2828407Z   Caching not enabled.
build	Build with Gradle	2026-06-06T12:23:32.2830139Z Caching disabled for MergeInstrumentationAnalysisTransform: /home/runner/.gradle/caches/modules-2/files-2.1/org.jetbrains/annotations/23.0.0/8cc20c07506ec18e0834947b84a864bfc094484e/annotations-23.0.0.jar because:
build	Build with Gradle	2026-06-06T12:23:32.2831979Z   Caching not enabled.
build	Build with Gradle	2026-06-06T12:23:32.2833713Z Caching disabled for MergeInstrumentationAnalysisTransform: /home/runner/.gradle/caches/8.14/transforms/f6049f164ffac467b75ef5b04648323d/transformed/analysis/instrumentation-hierarchy.bin because:
build	Build with Gradle	2026-06-06T12:23:32.2835546Z   Caching not enabled.
build	Build with Gradle	2026-06-06T12:23:32.2837260Z Caching disabled for MergeInstrumentationAnalysisTransform: /home/runner/.gradle/caches/8.14/transforms/51a414c4c9c4b32a924c8e4a23cbb69a/transformed/analysis/instrumentation-hierarchy.bin because:
build	Build with Gradle	2026-06-06T12:23:32.2839124Z   Caching not enabled.
build	Build with Gradle	2026-06-06T12:23:32.2840820Z Caching disabled for MergeInstrumentationAnalysisTransform: /home/runner/.gradle/caches/modules-2/files-2.1/com.sun.activation/javax.activation/1.2.0/bf744c1e2776ed1de3c55c8dac1057ec331ef744/javax.activation-1.2.0.jar because:
build	Build with Gradle	2026-06-06T12:23:32.2842722Z   Caching not enabled.
build	Build with Gradle	2026-06-06T12:23:32.2844319Z Caching disabled for MergeInstrumentationAnalysisTransform: /home/runner/.gradle/caches/8.14/transforms/f6049f164ffac467b75ef5b04648323d/transformed/analysis/instrumentation-dependencies.bin because:
build	Build with Gradle	2026-06-06T12:23:32.2846103Z   Caching not enabled.
build	Build with Gradle	2026-06-06T12:23:32.2847863Z Caching disabled for MergeInstrumentationAnalysisTransform: /home/runner/.gradle/caches/8.14/transforms/51a414c4c9c4b32a924c8e4a23cbb69a/transformed/analysis/instrumentation-dependencies.bin because:
build	Build with Gradle	2026-06-06T12:23:32.2849542Z   Caching not enabled.
build	Build with Gradle	2026-06-06T12:23:32.2850922Z Caching disabled for MergeInstrumentationAnalysisTransform: /home/runner/.gradle/caches/modules-2/files-2.1/com.android/signflinger/8.11.1/13f035dd8e7e470ff8f3216a0b46333187f26df5/signflinger-8.11.1.jar because:
build	Build with Gradle	2026-06-06T12:23:32.2852531Z   Caching not enabled.
build	Build with Gradle	2026-06-06T12:23:32.2854057Z Caching disabled for MergeInstrumentationAnalysisTransform: /home/runner/.gradle/caches/8.14/transforms/047d1f8bd23fbbe23c6b5946a4d9ac0b/transformed/analysis/instrumentation-dependencies.bin because:
build	Build with Gradle	2026-06-06T12:23:32.2855753Z   Caching not enabled.
build	Build with Gradle	2026-06-06T12:23:32.2857241Z Caching disabled for MergeInstrumentationAnalysisTransform: /home/runner/.gradle/caches/8.14/transforms/f62290c4265fae9fb0cf357d49462801/transformed/analysis/instrumentation-hierarchy.bin because:
build	Build with Gradle	2026-06-06T12:23:32.2859099Z   Caching not enabled.
build	Build with Gradle	2026-06-06T12:23:32.2866427Z Caching disabled for MergeInstrumentationAnalysisTransform: /home/runner/.gradle/caches/modules-2/files-2.1/com.android/zipflinger/8.11.1/3a3b1786c331db72b9610eb1f68f0ec1ec9a1f/zipflinger-8.11.1.jar because:
build	Build with Gradle	2026-06-06T12:23:32.2877950Z   Caching not enabled.
build	Build with Gradle	2026-06-06T12:23:32.2885841Z Caching disabled for MergeInstrumentationAnalysisTransform: /home/runner/.gradle/caches/8.14/transforms/f62290c4265fae9fb0cf357d49462801/transformed/analysis/instrumentation-dependencies.bin because:
build	Build with Gradle	2026-06-06T12:23:32.2887948Z   Caching not enabled.
build	Build with Gradle	2026-06-06T12:23:32.2889614Z Caching disabled for MergeInstrumentationAnalysisTransform: /home/runner/.gradle/caches/modules-2/files-2.1/com.android.tools/annotations/31.11.1/a9a04a78f42fdb0276a0fc7fd538890f856a9753/annotations-31.11.1.jar because:
build	Build with Gradle	2026-06-06T12:23:32.2891689Z   Caching not enabled.
build	Build with Gradle	2026-06-06T12:23:32.2893255Z Caching disabled for MergeInstrumentationAnalysisTransform: /home/runner/.gradle/caches/8.14/transforms/63e0a1f75d91cde9ecfd6e29ce3f4dc8/transformed/analysis/instrumentation-hierarchy.bin because:
build	Build with Gradle	2026-06-06T12:23:32.2896526Z   Caching not enabled.
build	Build with Gradle	2026-06-06T12:23:32.2898284Z Caching disabled for MergeInstrumentationAnalysisTransform: /home/runner/.gradle/caches/8.14/transforms/e0226a994236d7bf90152c665abe60df/transformed/analysis/instrumentation-dependencies.bin because:
build	Build with Gradle	2026-06-06T12:23:32.2899971Z   Caching not enabled.
build	Build with Gradle	2026-06-06T12:23:32.2901560Z Caching disabled for MergeInstrumentationAnalysisTransform: /home/runner/.gradle/caches/8.14/transforms/8c12647086c0a3ca5d593c8e6e97b7eb/transformed/analysis/instrumentation-hierarchy.bin because:
build	Build with Gradle	2026-06-06T12:23:32.2903398Z   Caching not enabled.
build	Build with Gradle	2026-06-06T12:23:32.2905002Z Caching disabled for MergeInstrumentationAnalysisTransform: /home/runner/.gradle/caches/8.14/transforms/63e0a1f75d91cde9ecfd6e29ce3f4dc8/transformed/analysis/instrumentation-dependencies.bin because:
build	Build with Gradle	2026-06-06T12:23:32.2906788Z   Caching not enabled.
build	Build with Gradle	2026-06-06T12:23:32.2908628Z Caching disabled for MergeInstrumentationAnalysisTransform: /home/runner/.gradle/caches/modules-2/files-2.1/net.java.dev.jna/jna-platform/5.6.0/d18424ffb8bbfd036d71bcaab9b546858f2ef986/jna-platform-5.6.0.jar because:
build	Build with Gradle	2026-06-06T12:23:32.2910464Z   Caching not enabled.
build	Build with Gradle	2026-06-06T12:23:32.2912118Z Caching disabled for MergeInstrumentationAnalysisTransform: /home/runner/.gradle/caches/8.14/transforms/8c12647086c0a3ca5d593c8e6e97b7eb/transformed/analysis/instrumentation-dependencies.bin because:
build	Build with Gradle	2026-06-06T12:23:32.2913817Z   Caching not enabled.
build	Build with Gradle	2026-06-06T12:23:32.2915588Z Caching disabled for MergeInstrumentationAnalysisTransform: /home/runner/.gradle/caches/modules-2/files-2.1/javax.annotation/javax.annotation-api/1.3.2/934c04d3cfef185a8008e7bf34331b79730a9d43/javax.annotation-api-1.3.2.jar because:
build	Build with Gradle	2026-06-06T12:23:32.2917656Z   Caching not enabled.
build	Build with Gradle	2026-06-06T12:23:32.2920930Z Caching disabled for MergeInstrumentationAnalysisTransform: /home/runner/.gradle/caches/modules-2/files-2.1/com.googlecode.juniversalchardet/juniversalchardet/1.0.3/cd49678784c46aa8789c060538e0154013bb421b/juniversalchardet-1.0.3.jar because:
build	Build with Gradle	2026-06-06T12:23:32.2923725Z   Caching not enabled.
build	Build with Gradle	2026-06-06T12:23:32.2925382Z Caching disabled for MergeInstrumentationAnalysisTransform: /home/runner/.gradle/caches/modules-2/files-2.1/org.jvnet.staxex/stax-ex/1.8.1/78011e483a21102fb4858f3e8f269a677e50aa23/stax-ex-1.8.1.jar because:
build	Build with Gradle	2026-06-06T12:23:32.2974188Z   Caching not enabled.
build	Build with Gradle	2026-06-06T12:23:32.3012278Z Caching disabled for MergeInstrumentationAnalysisTransform: /home/runner/.gradle/caches/8.14/transforms/a9bb419057f2ec78198df5a5329559ea/transformed/analysis/instrumentation-hierarchy.bin because:
build	Build with Gradle	2026-06-06T12:23:32.3031224Z   Caching not enabled.
build	Build with Gradle	2026-06-06T12:23:32.3035644Z Caching disabled for MergeInstrumentationAnalysisTransform: /home/runner/.gradle/caches/8.14/transforms/9a9891476629ac44014c62adfce6452d/transformed/analysis/instrumentation-hierarchy.bin because:
build	Build with Gradle	2026-06-06T12:23:32.3037719Z   Caching not enabled.
build	Build with Gradle	2026-06-06T12:23:32.3760054Z Caching disabled for MergeInstrumentationAnalysisTransform: /home/runner/.gradle/caches/8.14/transforms/a9bb419057f2ec78198df5a5329559ea/transformed/analysis/instrumentation-dependencies.bin because:
build	Build with Gradle	2026-06-06T12:23:32.3781079Z   Caching not enabled.
build	Build with Gradle	2026-06-06T12:23:32.3829544Z Caching disabled for MergeInstrumentationAnalysisTransform: /home/runner/.gradle/caches/8.14/transforms/9a9891476629ac44014c62adfce6452d/transformed/analysis/instrumentation-dependencies.bin because:
build	Build with Gradle	2026-06-06T12:23:32.3858381Z   Caching not enabled.
build	Build with Gradle	2026-06-06T12:23:32.3889350Z Caching disabled for MergeInstrumentationAnalysisTransform: /home/runner/.gradle/caches/8.14/transforms/0e4888efffc5b1de0f2cc5286369299e/transformed/analysis/instrumentation-hierarchy.bin because:
build	Build with Gradle	2026-06-06T12:23:32.3918152Z   Caching not enabled.
build	Build with Gradle	2026-06-06T12:23:32.3949364Z Caching disabled for MergeInstrumentationAnalysisTransform: /home/runner/.gradle/caches/modules-2/files-2.1/jakarta.xml.bind/jakarta.xml.bind-api/2.3.2/8d49996a4338670764d7ca4b85a1c4ccf7fe665d/jakarta.xml.bind-api-2.3.2.jar because:
build	Build with Gradle	2026-06-06T12:23:32.3978055Z   Caching not enabled.
build	Build with Gradle	2026-06-06T12:23:32.4019042Z Caching disabled for MergeInstrumentationAnalysisTransform: /home/runner/.gradle/caches/8.14/transforms/0e4888efffc5b1de0f2cc5286369299e/transformed/analysis/instrumentation-dependencies.bin because:
build	Build with Gradle	2026-06-06T12:23:32.4048048Z   Caching not enabled.
build	Build with Gradle	2026-06-06T12:23:32.4079162Z Caching disabled for MergeInstrumentationAnalysisTransform: /home/runner/.gradle/caches/modules-2/files-2.1/org.glassfish.jaxb/txw2/2.3.2/ce5be7da2e442c25ec14c766cb60cb802741727b/txw2-2.3.2.jar because:
build	Build with Gradle	2026-06-06T12:23:32.4107891Z   Caching not enabled.
build	Build with Gradle	2026-06-06T12:23:32.4139280Z Caching disabled for MergeInstrumentationAnalysisTransform: /home/runner/.gradle/caches/8.14/transforms/fefff9ef1ad0af2b4d20e97600842cb4/transformed/analysis/instrumentation-hierarchy.bin because:
build	Build with Gradle	2026-06-06T12:23:32.4140794Z   Caching not enabled.
build	Build with Gradle	2026-06-06T12:23:32.4169415Z Caching disabled for MergeInstrumentationAnalysisTransform: /home/runner/.gradle/caches/modules-2/files-2.1/com.sun.istack/istack-commons-runtime/3.0.8/d6a97364045aa6b99bf2d3c566a3f98599c2d296/istack-commons-runtime-3.0.8.jar because:
build	Build with Gradle	2026-06-06T12:23:32.4198252Z   Caching not enabled.
build	Build with Gradle	2026-06-06T12:23:32.4219323Z Caching disabled for MergeInstrumentationAnalysisTransform: /home/runner/.gradle/caches/8.14/transforms/fefff9ef1ad0af2b4d20e97600842cb4/transformed/analysis/instrumentation-dependencies.bin because:
build	Build with Gradle	2026-06-06T12:23:32.4248314Z   Caching not enabled.
build	Build with Gradle	2026-06-06T12:23:32.4279516Z Caching disabled for MergeInstrumentationAnalysisTransform: /home/runner/.gradle/caches/8.14/transforms/c491d8608f57b6bb06428abd12a909c3/transformed/analysis/instrumentation-hierarchy.bin because:
build	Build with Gradle	2026-06-06T12:23:32.4298206Z   Caching not enabled.
build	Build with Gradle	2026-06-06T12:23:32.4327570Z Caching disabled for MergeInstrumentationAnalysisTransform: /home/runner/.gradle/caches/8.14/transforms/9f7bf5a533b6fa8b7c91c970eaa2b8a2/transformed/analysis/instrumentation-dependencies.bin because:
build	Build with Gradle	2026-06-06T12:23:32.4349655Z   Caching not enabled.
build	Build with Gradle	2026-06-06T12:23:32.4408234Z Caching disabled for MergeInstrumentationAnalysisTransform: /home/runner/.gradle/caches/8.14/transforms/cf0bc295990994c9b29b9073cba028df/transformed/analysis/instrumentation-dependencies.bin because:
build	Build with Gradle	2026-06-06T12:23:32.4459945Z   Caching not enabled.
build	Build with Gradle	2026-06-06T12:23:32.4495539Z Caching disabled for MergeInstrumentationAnalysisTransform: /home/runner/.gradle/caches/modules-2/files-2.1/com.sun.xml.fastinfoset/FastInfoset/1.2.16/4eb6a0adad553bf759ffe86927df6f3b848c8bea/FastInfoset-1.2.16.jar because:
build	Build with Gradle	2026-06-06T12:23:32.4556605Z   Caching not enabled.
build	Build with Gradle	2026-06-06T12:23:32.4573295Z Caching disabled for MergeInstrumentationAnalysisTransform: /home/runner/.gradle/caches/8.14/transforms/c491d8608f57b6bb06428abd12a909c3/transformed/analysis/instrumentation-dependencies.bin because:
build	Build with Gradle	2026-06-06T12:23:32.4597322Z   Caching not enabled.
build	Build with Gradle	2026-06-06T12:23:32.4629803Z Caching disabled for MergeInstrumentationAnalysisTransform: /home/runner/.gradle/caches/modules-2/files-2.1/com.google.auto.value/auto-value-annotations/1.6.2/ed193d86e0af90cc2342aedbe73c5d86b03fa09b/auto-value-annotations-1.6.2.jar because:
build	Build with Gradle	2026-06-06T12:23:32.4638844Z   Caching not enabled.
build	Build with Gradle	2026-06-06T12:23:32.4685616Z Caching disabled for MergeInstrumentationAnalysisTransform: /home/runner/.gradle/caches/modules-2/files-2.1/com.google.errorprone/error_prone_annotations/2.30.0/ff171acb7fb9cbe2b9f50b391e1d52459d30ee62/error_prone_annotations-2.30.0.jar because:
build	Build with Gradle	2026-06-06T12:23:32.4687941Z   Caching not enabled.
build	Build with Gradle	2026-06-06T12:23:32.4689360Z Caching disabled for MergeInstrumentationAnalysisTransform: /home/runner/.gradle/caches/8.14/transforms/b964b2a10de25da1ef0fd6f921058bc2/transformed/analysis/instrumentation-hierarchy.bin because:
build	Build with Gradle	2026-06-06T12:23:32.4718297Z   Caching not enabled.
build	Build with Gradle	2026-06-06T12:23:32.4722199Z Caching disabled for MergeInstrumentationAnalysisTransform: /home/runner/.gradle/caches/modules-2/files-2.1/jakarta.activation/jakarta.activation-api/1.2.1/562a587face36ec7eff2db7f2fc95425c6602bc1/jakarta.activation-api-1.2.1.jar because:
build	Build with Gradle	2026-06-06T12:23:32.4739609Z   Caching not enabled.
build	Build with Gradle	2026-06-06T12:23:32.4741519Z Caching disabled for MergeInstrumentationAnalysisTransform: /home/runner/.gradle/caches/8.14/transforms/b964b2a10de25da1ef0fd6f921058bc2/transformed/analysis/instrumentation-dependencies.bin because:
build	Build with Gradle	2026-06-06T12:23:32.4744727Z   Caching not enabled.
build	Build with Gradle	2026-06-06T12:23:32.4769178Z Caching disabled for MergeInstrumentationAnalysisTransform: /home/runner/.gradle/caches/8.14/transforms/6f8bdd5d75a2382fcea921634ccf18cb/transformed/analysis/instrumentation-hierarchy.bin because:
build	Build with Gradle	2026-06-06T12:23:32.4798201Z   Caching not enabled.
build	Build with Gradle	2026-06-06T12:23:32.4829125Z Caching disabled for MergeInstrumentationAnalysisTransform: /home/runner/.gradle/caches/modules-2/files-2.1/org.bitbucket.b_c/jose4j/0.9.5/e4ca26802488e6f16e24558d74ac8775a955fdd3/jose4j-0.9.5.jar because:
build	Build with Gradle	2026-06-06T12:23:32.4858142Z   Caching not enabled.
build	Build with Gradle	2026-06-06T12:23:32.4859896Z Caching disabled for MergeInstrumentationAnalysisTransform: /home/runner/.gradle/caches/8.14/transforms/58004fb02668d400301539bc7fd0023b/transformed/analysis/instrumentation-hierarchy.bin because:
build	Build with Gradle	2026-06-06T12:23:32.4890118Z   Caching not enabled.
build	Build with Gradle	2026-06-06T12:23:32.4919374Z Caching disabled for MergeInstrumentationAnalysisTransform: /home/runner/.gradle/caches/8.14/transforms/d8695b060e50975c4594c2fcb6098560/transformed/analysis/instrumentation-hierarchy.bin because:
build	Build with Gradle	2026-06-06T12:23:32.4942088Z   Caching not enabled.
build	Build with Gradle	2026-06-06T12:23:32.4979152Z Caching disabled for MergeInstrumentationAnalysisTransform: /home/runner/.gradle/caches/8.14/transforms/d8695b060e50975c4594c2fcb6098560/transformed/analysis/instrumentation-dependencies.bin because:
build	Build with Gradle	2026-06-06T12:23:32.4980916Z   Caching not enabled.
build	Build with Gradle	2026-06-06T12:23:32.5009272Z Caching disabled for MergeInstrumentationAnalysisTransform: /home/runner/.gradle/caches/8.14/transforms/58004fb02668d400301539bc7fd0023b/transformed/analysis/instrumentation-dependencies.bin because:
build	Build with Gradle	2026-06-06T12:23:32.5038196Z   Caching not enabled.
build	Build with Gradle	2026-06-06T12:23:32.5065849Z Caching disabled for MergeInstrumentationAnalysisTransform: /home/runner/.gradle/caches/8.14/transforms/6f8bdd5d75a2382fcea921634ccf18cb/transformed/analysis/instrumentation-dependencies.bin because:
build	Build with Gradle	2026-06-06T12:23:32.5068057Z   Caching not enabled.
build	Build with Gradle	2026-06-06T12:23:32.5069664Z Caching disabled for MergeInstrumentationAnalysisTransform: /home/runner/.gradle/caches/8.14/transforms/4cd17ccd69a423c77b4cc921baa79a8e/transformed/analysis/instrumentation-dependencies.bin because:
build	Build with Gradle	2026-06-06T12:23:32.5071486Z   Caching not enabled.
build	Build with Gradle	2026-06-06T12:23:32.5073163Z Caching disabled for MergeInstrumentationAnalysisTransform: /home/runner/.gradle/caches/modules-2/files-2.1/org.slf4j/slf4j-api/1.7.30/b5a4b6d16ab13e34a88fae84c35cd5d68cac922c/slf4j-api-1.7.30.jar because:
build	Build with Gradle	2026-06-06T12:23:32.5075012Z   Caching not enabled.
build	Build with Gradle	2026-06-06T12:23:32.5076671Z Caching disabled for MergeInstrumentationAnalysisTransform: /home/runner/.gradle/caches/modules-2/files-2.1/com.google.j2objc/j2objc-annotations/3.0.0/7399e65dd7e9ff3404f4535b2f017093bdb134c7/j2objc-annotations-3.0.0.jar because:
build	Build with Gradle	2026-06-06T12:23:32.5080439Z   Caching not enabled.
build	Build with Gradle	2026-06-06T12:23:32.5082471Z Caching disabled for MergeInstrumentationAnalysisTransform: /home/runner/.gradle/caches/modules-2/files-2.1/com.google.code.findbugs/jsr305/3.0.2/25ea2e8b0c338a877313bd4672d3fe056ea78f0d/jsr305-3.0.2.jar because:
build	Build with Gradle	2026-06-06T12:23:32.5084218Z   Caching not enabled.
build	Build with Gradle	2026-06-06T12:23:32.5085574Z Caching disabled for MergeInstrumentationAnalysisTransform: /home/runner/.gradle/caches/modules-2/files-2.1/org.jdom/jdom2/2.0.6/6f14738ec2e9dd0011e343717fa624a10f8aab64/jdom2-2.0.6.jar because:
build	Build with Gradle	2026-06-06T12:23:32.5088548Z   Caching not enabled.
build	Build with Gradle	2026-06-06T12:23:32.5090187Z Caching disabled for MergeInstrumentationAnalysisTransform: /home/runner/.gradle/caches/8.14/transforms/3871849f067229dac404822e0cc10652/transformed/analysis/instrumentation-dependencies.bin because:
build	Build with Gradle	2026-06-06T12:23:32.5092362Z   Caching not enabled.
build	Build with Gradle	2026-06-06T12:23:32.5093850Z Caching disabled for MergeInstrumentationAnalysisTransform: /home/runner/.gradle/caches/8.14/transforms/085ab5d22c0c73b805b5ceab6a9ea7ff/transformed/analysis/instrumentation-dependencies.bin because:
build	Build with Gradle	2026-06-06T12:23:32.5095498Z   Caching not enabled.
build	Build with Gradle	2026-06-06T12:23:32.5097146Z Caching disabled for MergeInstrumentationAnalysisTransform: /home/runner/.gradle/caches/8.14/transforms/83c733493e2ffb6ca81f2223bd181a35/transformed/analysis/instrumentation-hierarchy.bin because:
build	Build with Gradle	2026-06-06T12:23:32.5099932Z   Caching not enabled.
build	Build with Gradle	2026-06-06T12:23:32.5102388Z Caching disabled for MergeInstrumentationAnalysisTransform: /home/runner/.gradle/caches/8.14/transforms/ccd4d5146633deeb32e056fb256bbedb/transformed/analysis/instrumentation-hierarchy.bin because:
build	Build with Gradle	2026-06-06T12:23:32.5104132Z   Caching not enabled.
build	Build with Gradle	2026-06-06T12:23:32.5105650Z Caching disabled for MergeInstrumentationAnalysisTransform: /home/runner/.gradle/caches/8.14/transforms/83c733493e2ffb6ca81f2223bd181a35/transformed/analysis/instrumentation-dependencies.bin because:
build	Build with Gradle	2026-06-06T12:23:32.5107592Z   Caching not enabled.
build	Build with Gradle	2026-06-06T12:23:32.5111277Z Caching disabled for MergeInstrumentationAnalysisTransform: /home/runner/.gradle/caches/modules-2/files-2.1/org.codehaus.mojo/animal-sniffer-annotations/1.24/aa9ba58d30e0aad7f1808fce9c541ea3760678d8/animal-sniffer-annotations-1.24.jar because:
build	Build with Gradle	2026-06-06T12:23:32.5113749Z   Caching not enabled.
build	Build with Gradle	2026-06-06T12:23:32.5115370Z Caching disabled for MergeInstrumentationAnalysisTransform: /home/runner/.gradle/caches/modules-2/files-2.1/com.google.android/annotations/4.1.1.4/a1678ba907bf92691d879fef34e1a187038f9259/annotations-4.1.1.4.jar because:
build	Build with Gradle	2026-06-06T12:23:32.5117020Z   Caching not enabled.
build	Build with Gradle	2026-06-06T12:23:32.5119926Z Caching disabled for MergeInstrumentationAnalysisTransform: /home/runner/.gradle/caches/8.14/transforms/ccd4d5146633deeb32e056fb256bbedb/transformed/analysis/instrumentation-dependencies.bin because:
build	Build with Gradle	2026-06-06T12:23:32.5121716Z   Caching not enabled.
build	Build with Gradle	2026-06-06T12:23:32.5123312Z Caching disabled for MergeInstrumentationAnalysisTransform: /home/runner/.gradle/caches/8.14/transforms/617ef37ad16b012eb8c48e988c6f42af/transformed/analysis/instrumentation-hierarchy.bin because:
build	Build with Gradle	2026-06-06T12:23:32.5124885Z   Caching not enabled.
build	Build with Gradle	2026-06-06T12:23:32.5126424Z Caching disabled for MergeInstrumentationAnalysisTransform: /home/runner/.gradle/caches/modules-2/files-2.1/io.perfmark/perfmark-api/0.27.0/f86f575a41b091786a4b027cd9c0c1d2e3fc1c01/perfmark-api-0.27.0.jar because:
build	Build with Gradle	2026-06-06T12:23:32.5128215Z   Caching not enabled.
build	Build with Gradle	2026-06-06T12:23:32.5130421Z Caching disabled for MergeInstrumentationAnalysisTransform: /home/runner/.gradle/caches/8.14/transforms/f51ccf8076d57690ada9d88dd133c67d/transformed/analysis/instrumentation-hierarchy.bin because:
build	Build with Gradle	2026-06-06T12:23:32.5133785Z   Caching not enabled.
build	Build with Gradle	2026-06-06T12:23:32.5135390Z Caching disabled for MergeInstrumentationAnalysisTransform: /home/runner/.gradle/caches/8.14/transforms/617ef37ad16b012eb8c48e988c6f42af/transformed/analysis/instrumentation-dependencies.bin because:
build	Build with Gradle	2026-06-06T12:23:32.5137214Z   Caching not enabled.
build	Build with Gradle	2026-06-06T12:23:32.5140788Z Caching disabled for MergeInstrumentationAnalysisTransform: /home/runner/.gradle/caches/modules-2/files-2.1/io.netty/netty-codec-http2/4.1.110.Final/e0849843eb5b1c036b12551baca98a9f7ff847a0/netty-codec-http2-4.1.110.Final.jar because:
build	Build with Gradle	2026-06-06T12:23:32.5142941Z   Caching not enabled.
build	Build with Gradle	2026-06-06T12:23:32.5144955Z Caching disabled for MergeInstrumentationAnalysisTransform: /home/runner/.gradle/caches/8.14/transforms/f51ccf8076d57690ada9d88dd133c67d/transformed/analysis/instrumentation-dependencies.bin because:
build	Build with Gradle	2026-06-06T12:23:32.5148685Z   Caching not enabled.
build	Build with Gradle	2026-06-06T12:23:32.5150473Z Caching disabled for MergeInstrumentationAnalysisTransform: /home/runner/.gradle/caches/modules-2/files-2.1/io.netty/netty-handler-proxy/4.1.110.Final/b7fb401dd47c79e6b99f2319ac3b561c50c31c30/netty-handler-proxy-4.1.110.Final.jar because:
build	Build with Gradle	2026-06-06T12:23:32.5153663Z   Caching not enabled.
build	Build with Gradle	2026-06-06T12:23:32.5155346Z Caching disabled for MergeInstrumentationAnalysisTransform: /home/runner/.gradle/caches/8.14/transforms/0539fa9ce4a552e6547543e3cb637c3a/transformed/analysis/instrumentation-hierarchy.bin because:
build	Build with Gradle	2026-06-06T12:23:32.5156975Z   Caching not enabled.
build	Build with Gradle	2026-06-06T12:23:32.5158793Z Caching disabled for MergeInstrumentationAnalysisTransform: /home/runner/.gradle/caches/modules-2/files-2.1/io.netty/netty-codec-http/4.1.110.Final/9d05cd927209ea25bbf342962c00b8e5a828c2a4/netty-codec-http-4.1.110.Final.jar because:
build	Build with Gradle	2026-06-06T12:23:32.5166340Z   Caching not enabled.
build	Build with Gradle	2026-06-06T12:23:32.5168206Z Caching disabled for MergeInstrumentationAnalysisTransform: /home/runner/.gradle/caches/8.14/transforms/0539fa9ce4a552e6547543e3cb637c3a/transformed/analysis/instrumentation-dependencies.bin because:
build	Build with Gradle	2026-06-06T12:23:32.5169890Z   Caching not enabled.
build	Build with Gradle	2026-06-06T12:23:32.5171401Z Caching disabled for MergeInstrumentationAnalysisTransform: /home/runner/.gradle/caches/8.14/transforms/78583f17d4edeeba34d50f9204b52fbe/transformed/analysis/instrumentation-hierarchy.bin because:
build	Build with Gradle	2026-06-06T12:23:32.5173502Z   Caching not enabled.
build	Build with Gradle	2026-06-06T12:23:32.5175899Z Caching disabled for MergeInstrumentationAnalysisTransform: /home/runner/.gradle/caches/8.14/transforms/6133e5f6d0c97db3ac5bdf0126bb4bfe/transformed/analysis/instrumentation-dependencies.bin because:
build	Build with Gradle	2026-06-06T12:23:32.5178252Z   Caching not enabled.
build	Build with Gradle	2026-06-06T12:23:32.5180805Z Caching disabled for MergeInstrumentationAnalysisTransform: /home/runner/.gradle/caches/8.14/transforms/78583f17d4edeeba34d50f9204b52fbe/transformed/analysis/instrumentation-dependencies.bin because:
build	Build with Gradle	2026-06-06T12:23:32.5182496Z   Caching not enabled.
build	Build with Gradle	2026-06-06T12:23:32.5184059Z Caching disabled for MergeInstrumentationAnalysisTransform: /home/runner/.gradle/caches/8.14/transforms/5823a3e56b0d1281b618f8c4187c5d71/transformed/analysis/instrumentation-hierarchy.bin because:
build	Build with Gradle	2026-06-06T12:23:32.5185785Z   Caching not enabled.
build	Build with Gradle	2026-06-06T12:23:32.5187575Z Caching disabled for MergeInstrumentationAnalysisTransform: /home/runner/.gradle/caches/8.14/transforms/5823a3e56b0d1281b618f8c4187c5d71/transformed/analysis/instrumentation-dependencies.bin because:
build	Build with Gradle	2026-06-06T12:23:32.5189317Z   Caching not enabled.
build	Build with Gradle	2026-06-06T12:23:32.5191027Z Caching disabled for MergeInstrumentationAnalysisTransform: /home/runner/.gradle/caches/modules-2/files-2.1/io.netty/netty-handler/4.1.110.Final/168db749c22652ee7fed1ebf7ec46ce856d75e51/netty-handler-4.1.110.Final.jar because:
build	Build with Gradle	2026-06-06T12:23:32.5194822Z   Caching not enabled.
build	Build with Gradle	2026-06-06T12:23:32.5196597Z Caching disabled for MergeInstrumentationAnalysisTransform: /home/runner/.gradle/caches/modules-2/files-2.1/org.checkerframework/checker-qual/3.43.0/9425eee39e56b116d2b998b7c2cebcbd11a3c98b/checker-qual-3.43.0.jar because:
build	Build with Gradle	2026-06-06T12:23:32.5198528Z   Caching not enabled.
build	Build with Gradle	2026-06-06T12:23:32.5200256Z Caching disabled for MergeInstrumentationAnalysisTransform: /home/runner/.gradle/caches/modules-2/files-2.1/io.netty/netty-transport-native-unix-common/4.1.110.Final/a7096e7c0a25a983647909d7513f5d4943d589c0/netty-transport-native-unix-common-4.1.110.Final.jar because:
build	Build with Gradle	2026-06-06T12:23:32.5202526Z   Caching not enabled.
build	Build with Gradle	2026-06-06T12:23:32.5204150Z Caching disabled for MergeInstrumentationAnalysisTransform: /home/runner/.gradle/caches/modules-2/files-2.1/com.android.tools.build/apksig/8.11.1/f005788487574c7d6ba23dea63bf8cb3a4f164a6/apksig-8.11.1.jar because:
build	Build with Gradle	2026-06-06T12:23:32.5205831Z   Caching not enabled.
build	Build with Gradle	2026-06-06T12:23:32.5207526Z Caching disabled for MergeInstrumentationAnalysisTransform: /home/runner/.gradle/caches/8.14/transforms/2d6ad7057afe351af184d49f5efa7fa0/transformed/analysis/instrumentation-hierarchy.bin because:
build	Build with Gradle	2026-06-06T12:23:32.5208995Z   Caching not enabled.
build	Build with Gradle	2026-06-06T12:23:32.5210401Z Caching disabled for MergeInstrumentationAnalysisTransform: /home/runner/.gradle/caches/8.14/transforms/aefc368a93e52b1bac93920cb90c8b48/transformed/analysis/instrumentation-dependencies.bin because:
build	Build with Gradle	2026-06-06T12:23:32.5212039Z   Caching not enabled.
build	Build with Gradle	2026-06-06T12:23:32.5213477Z Caching disabled for MergeInstrumentationAnalysisTransform: /home/runner/.gradle/caches/8.14/transforms/9af7bbfb241ddadd833cac2fd6839dcf/transformed/analysis/instrumentation-hierarchy.bin because:
build	Build with Gradle	2026-06-06T12:23:32.5216592Z   Caching not enabled.
build	Build with Gradle	2026-06-06T12:23:32.5218238Z Caching disabled for MergeInstrumentationAnalysisTransform: /home/runner/.gradle/caches/8.14/transforms/9a9c0feccb1bcc97fcabb45bf188537f/transformed/analysis/instrumentation-hierarchy.bin because:
build	Build with Gradle	2026-06-06T12:23:32.5219983Z   Caching not enabled.
build	Build with Gradle	2026-06-06T12:23:32.5221778Z Caching disabled for MergeInstrumentationAnalysisTransform: /home/runner/.gradle/caches/8.14/transforms/2d6ad7057afe351af184d49f5efa7fa0/transformed/analysis/instrumentation-dependencies.bin because:
build	Build with Gradle	2026-06-06T12:23:32.5225006Z   Caching not enabled.
build	Build with Gradle	2026-06-06T12:23:32.5226772Z Caching disabled for MergeInstrumentationAnalysisTransform: /home/runner/.gradle/caches/8.14/transforms/9af7bbfb241ddadd833cac2fd6839dcf/transformed/analysis/instrumentation-dependencies.bin because:
build	Build with Gradle	2026-06-06T12:23:32.5228630Z   Caching not enabled.
build	Build with Gradle	2026-06-06T12:23:32.5230427Z Caching disabled for MergeInstrumentationAnalysisTransform: /home/runner/.gradle/caches/modules-2/files-2.1/org.jetbrains.kotlin/kotlin-gradle-plugin-annotations/2.2.20/cb3940a092ab27344aa290973ebb6c14fb344ac9/kotlin-gradle-plugin-annotations-2.2.20.jar because:
build	Build with Gradle	2026-06-06T12:23:32.5232566Z   Caching not enabled.
build	Build with Gradle	2026-06-06T12:23:32.5234193Z Caching disabled for MergeInstrumentationAnalysisTransform: /home/runner/.gradle/caches/8.14/transforms/9a9c0feccb1bcc97fcabb45bf188537f/transformed/analysis/instrumentation-dependencies.bin because:
build	Build with Gradle	2026-06-06T12:23:32.5235649Z   Caching not enabled.
build	Build with Gradle	2026-06-06T12:23:32.5237046Z Caching disabled for MergeInstrumentationAnalysisTransform: /home/runner/.gradle/caches/modules-2/files-2.1/com.squareup/javawriter/2.5.0/81241ff7078ef14f42ea2a8995fa09c096256e6b/javawriter-2.5.0.jar because:
build	Build with Gradle	2026-06-06T12:23:32.5238894Z   Caching not enabled.
build	Build with Gradle	2026-06-06T12:23:32.5241879Z Caching disabled for MergeInstrumentationAnalysisTransform: /home/runner/.gradle/caches/modules-2/files-2.1/org.jetbrains.kotlin/kotlin-native-utils/2.2.20/d0758b001901331bdc5e3860dcc72dc889a1c632/kotlin-native-utils-2.2.20.jar because:
build	Build with Gradle	2026-06-06T12:23:32.5243804Z   Caching not enabled.
build	Build with Gradle	2026-06-06T12:23:32.5245258Z Caching disabled for MergeInstrumentationAnalysisTransform: /home/runner/.gradle/caches/8.14/transforms/580e65b52f76f0c7b6f7c7b8c21a3700/transformed/analysis/instrumentation-hierarchy.bin because:
build	Build with Gradle	2026-06-06T12:23:32.5246906Z   Caching not enabled.
build	Build with Gradle	2026-06-06T12:23:32.5248611Z Caching disabled for MergeInstrumentationAnalysisTransform: /home/runner/.gradle/caches/8.14/transforms/9dad9b5fb77ecff9fde40c92e6a29219/transformed/analysis/instrumentation-hierarchy.bin because:
build	Build with Gradle	2026-06-06T12:23:32.5250311Z   Caching not enabled.
build	Build with Gradle	2026-06-06T12:23:32.5252025Z Caching disabled for MergeInstrumentationAnalysisTransform: /home/runner/.gradle/caches/modules-2/files-2.1/org.jetbrains.kotlin/kotlin-tooling-core/2.2.20/685151c03e638207a3b5045002411fbef78fdeb/kotlin-tooling-core-2.2.20.jar because:
build	Build with Gradle	2026-06-06T12:23:32.5254014Z   Caching not enabled.
build	Build with Gradle	2026-06-06T12:23:32.5255682Z Caching disabled for MergeInstrumentationAnalysisTransform: /home/runner/.gradle/caches/8.14/transforms/a44c5e075807c9b3926df6dec7cdca61/transformed/analysis/instrumentation-hierarchy.bin because:
build	Build with Gradle	2026-06-06T12:23:32.5257723Z   Caching not enabled.
build	Build with Gradle	2026-06-06T12:23:32.5259202Z Caching disabled for MergeInstrumentationAnalysisTransform: /home/runner/.gradle/caches/8.14/transforms/9dad9b5fb77ecff9fde40c92e6a29219/transformed/analysis/instrumentation-dependencies.bin because:
build	Build with Gradle	2026-06-06T12:23:32.5260941Z   Caching not enabled.
build	Build with Gradle	2026-06-06T12:23:32.5262567Z Caching disabled for MergeInstrumentationAnalysisTransform: /home/runner/.gradle/caches/8.14/transforms/580e65b52f76f0c7b6f7c7b8c21a3700/transformed/analysis/instrumentation-dependencies.bin because:
build	Build with Gradle	2026-06-06T12:23:32.5269262Z   Caching not enabled.
build	Build with Gradle	2026-06-06T12:23:32.5272522Z Caching disabled for MergeInstrumentationAnalysisTransform: /home/runner/.gradle/caches/modules-2/files-2.1/org.jetbrains.kotlin/kotlin-build-tools-api/2.2.20/d5517ea764cf72042e5fadbcd48152998d151082/kotlin-build-tools-api-2.2.20.jar because:
build	Build with Gradle	2026-06-06T12:23:32.5274721Z   Caching not enabled.
build	Build with Gradle	2026-06-06T12:23:32.5276111Z Caching disabled for MergeInstrumentationAnalysisTransform: /home/runner/.gradle/caches/8.14/transforms/a44c5e075807c9b3926df6dec7cdca61/transformed/analysis/instrumentation-dependencies.bin because:
build	Build with Gradle	2026-06-06T12:23:32.5279351Z   Caching not enabled.
build	Build with Gradle	2026-06-06T12:23:32.5281041Z Caching disabled for MergeInstrumentationAnalysisTransform: /home/runner/.gradle/caches/8.14/transforms/9959672e80692bcb4c4f8705bde2440a/transformed/analysis/instrumentation-hierarchy.bin because:
build	Build with Gradle	2026-06-06T12:23:32.5282847Z   Caching not enabled.
build	Build with Gradle	2026-06-06T12:23:32.5289328Z Caching disabled for MergeInstrumentationAnalysisTransform: /home/runner/.gradle/caches/modules-2/files-2.1/org.jetbrains.kotlin/kotlin-util-io/2.2.20/6c10468e852a6bceb4fbdeadf607ed92ad9f2d8e/kotlin-util-io-2.2.20.jar because:
build	Build with Gradle	2026-06-06T12:23:32.5291753Z   Caching not enabled.
build	Build with Gradle	2026-06-06T12:23:32.5293678Z Caching disabled for MergeInstrumentationAnalysisTransform: /home/runner/.gradle/caches/modules-2/files-2.1/org.jetbrains.kotlin/kotlin-util-klib/2.2.20/d2530c797582f1f3b4c22d4b8a3ee134b16489ee/kotlin-util-klib-2.2.20.jar because:
build	Build with Gradle	2026-06-06T12:23:32.5295729Z   Caching not enabled.
build	Build with Gradle	2026-06-06T12:23:32.5297568Z Caching disabled for MergeInstrumentationAnalysisTransform: /home/runner/.gradle/caches/8.14/transforms/9959672e80692bcb4c4f8705bde2440a/transformed/analysis/instrumentation-dependencies.bin because:
build	Build with Gradle	2026-06-06T12:23:32.5299483Z   Caching not enabled.
build	Build with Gradle	2026-06-06T12:23:32.5300987Z Caching disabled for MergeInstrumentationAnalysisTransform: /home/runner/.gradle/caches/8.14/transforms/2d8d35d1bad59becb3d269f4fab6ba87/transformed/analysis/instrumentation-hierarchy.bin because:
build	Build with Gradle	2026-06-06T12:23:32.5302651Z   Caching not enabled.
build	Build with Gradle	2026-06-06T12:23:32.5769660Z Caching disabled for MergeInstrumentationAnalysisTransform: /home/runner/.gradle/caches/8.14/transforms/2d8d35d1bad59becb3d269f4fab6ba87/transformed/analysis/instrumentation-dependencies.bin because:
build	Build with Gradle	2026-06-06T12:23:32.5789095Z   Caching not enabled.
build	Build with Gradle	2026-06-06T12:23:32.5801380Z Caching disabled for MergeInstrumentationAnalysisTransform: /home/runner/.gradle/caches/8.14/transforms/686bf4cfe7f84bbadfff8cfc881e76ad/transformed/analysis/instrumentation-dependencies.bin because:
build	Build with Gradle	2026-06-06T12:23:32.5803138Z   Caching not enabled.
build	Build with Gradle	2026-06-06T12:23:32.5804914Z Caching disabled for MergeInstrumentationAnalysisTransform: /home/runner/.gradle/caches/modules-2/files-2.1/org.jetbrains.kotlin/kotlin-daemon-client/2.2.20/1a5198f177c695bba2473b60d08f86471f4542cf/kotlin-daemon-client-2.2.20.jar because:
build	Build with Gradle	2026-06-06T12:23:32.5806735Z   Caching not enabled.
build	Build with Gradle	2026-06-06T12:23:32.5808399Z Caching disabled for MergeInstrumentationAnalysisTransform: /home/runner/.gradle/caches/8.14/transforms/b4e207aa96e8d470c5c1c936134d8f4c/transformed/analysis/instrumentation-dependencies.bin because:
build	Build with Gradle	2026-06-06T12:23:32.5810429Z   Caching not enabled.
build	Build with Gradle	2026-06-06T12:23:32.5811990Z Caching disabled for MergeInstrumentationAnalysisTransform: /home/runner/.gradle/caches/modules-2/files-2.1/com.google.guava/failureaccess/1.0.2/c4a06a64e650562f30b7bf9aaec1bfed43aca12b/failureaccess-1.0.2.jar because:
build	Build with Gradle	2026-06-06T12:23:32.5813600Z   Caching not enabled.
build	Build with Gradle	2026-06-06T12:23:32.5815448Z Caching disabled for MergeInstrumentationAnalysisTransform: /home/runner/.gradle/caches/modules-2/files-2.1/com.google.guava/listenablefuture/9999.0-empty-to-avoid-conflict-with-guava/b421526c5f297295adef1c886e5246c39d4ac629/listenablefuture-9999.0-empty-to-avoid-conflict-with-guava.jar because:
build	Build with Gradle	2026-06-06T12:23:32.5817620Z   Caching not enabled.
build	Build with Gradle	2026-06-06T12:23:32.5819013Z Caching disabled for MergeInstrumentationAnalysisTransform: /home/runner/.gradle/caches/8.14/transforms/8e362c5f3c362fbc630f6643bca41639/transformed/analysis/instrumentation-hierarchy.bin because:
build	Build with Gradle	2026-06-06T12:23:32.5820759Z   Caching not enabled.
build	Build with Gradle	2026-06-06T12:23:32.5822413Z Caching disabled for MergeInstrumentationAnalysisTransform: /home/runner/.gradle/caches/modules-2/files-2.1/org.jetbrains.kotlinx/kotlinx-coroutines-core-jvm/1.8.0/ac1dc37a30a93150b704022f8d895ee1bd3a36b3/kotlinx-coroutines-core-jvm-1.8.0.jar because:
build	Build with Gradle	2026-06-06T12:23:32.5824357Z   Caching not enabled.
build	Build with Gradle	2026-06-06T12:23:32.5825809Z Caching disabled for MergeInstrumentationAnalysisTransform: /home/runner/.gradle/caches/8.14/transforms/059495c8615bae36d0fc93a846ab4920/transformed/analysis/instrumentation-hierarchy.bin because:
build	Build with Gradle	2026-06-06T12:23:32.5827676Z   Caching not enabled.
build	Build with Gradle	2026-06-06T12:23:32.5829112Z Caching disabled for MergeInstrumentationAnalysisTransform: /home/runner/.gradle/caches/8.14/transforms/8e362c5f3c362fbc630f6643bca41639/transformed/analysis/instrumentation-dependencies.bin because:
build	Build with Gradle	2026-06-06T12:23:32.5830648Z   Caching not enabled.
build	Build with Gradle	2026-06-06T12:23:32.5832161Z Caching disabled for MergeInstrumentationAnalysisTransform: /home/runner/.gradle/caches/8.14/transforms/b61fb44fc1d8321fadf92de7a61bc6d5/transformed/analysis/instrumentation-hierarchy.bin because:
build	Build with Gradle	2026-06-06T12:23:32.5838306Z   Caching not enabled.
build	Build with Gradle	2026-06-06T12:23:32.5839933Z Caching disabled for MergeInstrumentationAnalysisTransform: /home/runner/.gradle/caches/8.14/transforms/059495c8615bae36d0fc93a846ab4920/transformed/analysis/instrumentation-dependencies.bin because:
build	Build with Gradle	2026-06-06T12:23:32.5841554Z   Caching not enabled.
build	Build with Gradle	2026-06-06T12:23:32.5843009Z Caching disabled for MergeInstrumentationAnalysisTransform: /home/runner/.gradle/caches/8.14/transforms/dd8a2aee7e449ddba7026d5522c99b95/transformed/analysis/instrumentation-hierarchy.bin because:
build	Build with Gradle	2026-06-06T12:23:32.5850715Z   Caching not enabled.
build	Build with Gradle	2026-06-06T12:23:32.5856463Z Caching disabled for MergeInstrumentationAnalysisTransform: /home/runner/.gradle/caches/modules-2/files-2.1/commons-codec/commons-codec/1.11/3acb4705652e16236558f0f4f2192cc33c3bd189/commons-codec-1.11.jar because:
build	Build with Gradle	2026-06-06T12:23:32.5858365Z   Caching not enabled.
build	Build with Gradle	2026-06-06T12:23:32.5859933Z Caching disabled for MergeInstrumentationAnalysisTransform: /home/runner/.gradle/caches/modules-2/files-2.1/commons-logging/commons-logging/1.2/4bfc12adfe4842bf07b657f0369c4cb522955686/commons-logging-1.2.jar because:
build	Build with Gradle	2026-06-06T12:23:32.5861656Z   Caching not enabled.
build	Build with Gradle	2026-06-06T12:23:32.5863128Z Caching disabled for MergeInstrumentationAnalysisTransform: /home/runner/.gradle/caches/8.14/transforms/b61fb44fc1d8321fadf92de7a61bc6d5/transformed/analysis/instrumentation-dependencies.bin because:
build	Build with Gradle	2026-06-06T12:23:32.5864702Z   Caching not enabled.
build	Build with Gradle	2026-06-06T12:23:32.5866206Z Caching disabled for MergeInstrumentationAnalysisTransform: /home/runner/.gradle/caches/8.14/transforms/dd8a2aee7e449ddba7026d5522c99b95/transformed/analysis/instrumentation-dependencies.bin because:
build	Build with Gradle	2026-06-06T12:23:32.5868010Z   Caching not enabled.
build	Build with Gradle	2026-06-06T12:23:32.5869587Z Caching disabled for MergeInstrumentationAnalysisTransform: /home/runner/.gradle/caches/modules-2/files-2.1/net.java.dev.jna/jna/5.6.0/330f2244e9030119ab3030fc3fededc86713d9cc/jna-5.6.0.jar because:
build	Build with Gradle	2026-06-06T12:23:32.5871377Z   Caching not enabled.
build	Build with Gradle	2026-06-06T12:23:32.5873082Z Caching disabled for MergeInstrumentationAnalysisTransform: /home/runner/.gradle/caches/modules-2/files-2.1/io.netty/netty-codec-socks/4.1.110.Final/4d54c8d5b95b14756043efb59b8c3e62ec67aa43/netty-codec-socks-4.1.110.Final.jar because:
build	Build with Gradle	2026-06-06T12:23:32.5874831Z   Caching not enabled.
build	Build with Gradle	2026-06-06T12:23:32.5876473Z Caching disabled for MergeInstrumentationAnalysisTransform: /home/runner/.gradle/caches/8.14/transforms/cc26bb6f1faed16f0f96d3d35df77724/transformed/analysis/instrumentation-hierarchy.bin because:
build	Build with Gradle	2026-06-06T12:23:32.5890409Z   Caching not enabled.
build	Build with Gradle	2026-06-06T12:23:32.5892007Z Caching disabled for MergeInstrumentationAnalysisTransform: /home/runner/.gradle/caches/8.14/transforms/0351b43ad8fd7f1c9e3d26f252940e1b/transformed/analysis/instrumentation-hierarchy.bin because:
build	Build with Gradle	2026-06-06T12:23:32.5894007Z   Caching not enabled.
build	Build with Gradle	2026-06-06T12:23:32.5895459Z Caching disabled for MergeInstrumentationAnalysisTransform: /home/runner/.gradle/caches/8.14/transforms/0351b43ad8fd7f1c9e3d26f252940e1b/transformed/analysis/instrumentation-dependencies.bin because:
build	Build with Gradle	2026-06-06T12:23:32.5897211Z   Caching not enabled.
build	Build with Gradle	2026-06-06T12:23:32.5898836Z Caching disabled for MergeInstrumentationAnalysisTransform: /home/runner/.gradle/caches/8.14/transforms/cc26bb6f1faed16f0f96d3d35df77724/transformed/analysis/instrumentation-dependencies.bin because:
build	Build with Gradle	2026-06-06T12:23:32.5902530Z   Caching not enabled.
build	Build with Gradle	2026-06-06T12:23:32.5904292Z Caching disabled for MergeInstrumentationAnalysisTransform: /home/runner/.gradle/caches/modules-2/files-2.1/io.netty/netty-transport/4.1.110.Final/b91f04c39ac14d6a29d07184ef305953ee6e0348/netty-transport-4.1.110.Final.jar because:
build	Build with Gradle	2026-06-06T12:23:32.5906430Z   Caching not enabled.
build	Build with Gradle	2026-06-06T12:23:32.5908198Z Caching disabled for MergeInstrumentationAnalysisTransform: /home/runner/.gradle/caches/8.14/transforms/ec41b8f9404b13e8f716ddadd79bd47c/transformed/analysis/instrumentation-hierarchy.bin because:
build	Build with Gradle	2026-06-06T12:23:32.5909912Z   Caching not enabled.
build	Build with Gradle	2026-06-06T12:23:32.5911557Z Caching disabled for MergeInstrumentationAnalysisTransform: /home/runner/.gradle/caches/modules-2/files-2.1/io.netty/netty-codec/4.1.110.Final/f1fa43b03e93ab88e805b6a4e3e83780c80b47d2/netty-codec-4.1.110.Final.jar because:
build	Build with Gradle	2026-06-06T12:23:32.5913267Z   Caching not enabled.
build	Build with Gradle	2026-06-06T12:23:32.5914777Z Caching disabled for MergeInstrumentationAnalysisTransform: /home/runner/.gradle/caches/8.14/transforms/677a1829d77c1f5248ce88c9e300d627/transformed/analysis/instrumentation-hierarchy.bin because:
build	Build with Gradle	2026-06-06T12:23:32.5916396Z   Caching not enabled.
build	Build with Gradle	2026-06-06T12:23:32.5918004Z Caching disabled for MergeInstrumentationAnalysisTransform: /home/runner/.gradle/caches/8.14/transforms/ec41b8f9404b13e8f716ddadd79bd47c/transformed/analysis/instrumentation-dependencies.bin because:
build	Build with Gradle	2026-06-06T12:23:32.5919651Z   Caching not enabled.
build	Build with Gradle	2026-06-06T12:23:32.5920976Z Caching disabled for MergeInstrumentationAnalysisTransform: /home/runner/.gradle/caches/8.14/transforms/677a1829d77c1f5248ce88c9e300d627/transformed/analysis/instrumentation-dependencies.bin because:
build	Build with Gradle	2026-06-06T12:23:32.5922500Z   Caching not enabled.
build	Build with Gradle	2026-06-06T12:23:32.5923879Z Caching disabled for MergeInstrumentationAnalysisTransform: /home/runner/.gradle/caches/8.14/transforms/4eda740bb6ccf2909ae408fcc443d9fd/transformed/analysis/instrumentation-hierarchy.bin because:
build	Build with Gradle	2026-06-06T12:23:32.5925352Z   Caching not enabled.
build	Build with Gradle	2026-06-06T12:23:32.5926819Z Caching disabled for MergeInstrumentationAnalysisTransform: /home/runner/.gradle/caches/modules-2/files-2.1/io.netty/netty-buffer/4.1.110.Final/3d918a9ee057d995c362902b54634fc307132aac/netty-buffer-4.1.110.Final.jar because:
build	Build with Gradle	2026-06-06T12:23:32.5928675Z   Caching not enabled.
build	Build with Gradle	2026-06-06T12:23:32.5930191Z Caching disabled for MergeInstrumentationAnalysisTransform: /home/runner/.gradle/caches/8.14/transforms/4eda740bb6ccf2909ae408fcc443d9fd/transformed/analysis/instrumentation-dependencies.bin because:
build	Build with Gradle	2026-06-06T12:23:32.5935206Z   Caching not enabled.
build	Build with Gradle	2026-06-06T12:23:32.5936997Z Caching disabled for MergeInstrumentationAnalysisTransform: /home/runner/.gradle/caches/modules-2/files-2.1/io.netty/netty-resolver/4.1.110.Final/66c15921104cda0159b34e316541bc765dfaf3c0/netty-resolver-4.1.110.Final.jar because:
build	Build with Gradle	2026-06-06T12:23:32.5938832Z   Caching not enabled.
build	Build with Gradle	2026-06-06T12:23:32.5940348Z Caching disabled for MergeInstrumentationAnalysisTransform: /home/runner/.gradle/caches/modules-2/files-2.1/io.netty/netty-common/4.1.110.Final/ec361e7e025c029be50c55c8480080cabcbc01e7/netty-common-4.1.110.Final.jar because:
build	Build with Gradle	2026-06-06T12:23:32.5942059Z   Caching not enabled.
build	Build with Gradle	2026-06-06T12:23:32.6750363Z Caching disabled for Groovy DSL script compilation (proj) because:
build	Build with Gradle	2026-06-06T12:23:32.6811729Z   Not worth caching.
build	Build with Gradle	2026-06-06T12:23:32.6890635Z Compiling build file '/home/runner/work/ShizukuPlus/ShizukuPlus/build.gradle' using BuildScriptTransformer.
build	Build with Gradle	2026-06-06T12:23:35.0756487Z 
build	Build with Gradle	2026-06-06T12:23:35.0760970Z > Configure project :manager
build	Build with Gradle	2026-06-06T12:23:35.0762251Z Evaluating project ':manager' using build file '/home/runner/work/ShizukuPlus/ShizukuPlus/manager/build.gradle'.
build	Build with Gradle	2026-06-06T12:23:35.0763594Z Resolved plugin [id: 'com.android.application', version: '8.11.1']
build	Build with Gradle	2026-06-06T12:23:35.0764622Z Resolved plugin [id: 'org.jetbrains.kotlin.android', version: '2.2.20']
build	Build with Gradle	2026-06-06T12:23:35.0766773Z Resource missing. [HTTP HEAD: https://repo.maven.apache.org/maven2/org/jetbrains/kotlin/plugin/compose/org.jetbrains.kotlin.plugin.compose.gradle.plugin/2.2.20/org.jetbrains.kotlin.plugin.compose.gradle.plugin-2.2.20.jar]
build	Build with Gradle	2026-06-06T12:23:35.0769522Z Resolved plugin [id: 'org.jetbrains.kotlin.plugin.compose', version: '2.2.20']
build	Build with Gradle	2026-06-06T12:23:35.0771356Z Resource missing. [HTTP HEAD: https://repo.maven.apache.org/maven2/dev/rikka/tools/refine/dev.rikka.tools.refine.gradle.plugin/4.4.0/dev.rikka.tools.refine.gradle.plugin-4.4.0.jar]
build	Build with Gradle	2026-06-06T12:23:35.0773513Z Resolved plugin [id: 'dev.rikka.tools.refine', version: '4.4.0']
build	Build with Gradle	2026-06-06T12:23:35.0775382Z Resource missing. [HTTP HEAD: https://repo.maven.apache.org/maven2/dev/rikka/tools/autoresconfig/dev.rikka.tools.autoresconfig.gradle.plugin/1.2.2/dev.rikka.tools.autoresconfig.gradle.plugin-1.2.2.jar]
build	Build with Gradle	2026-06-06T12:23:35.0778862Z Resolved plugin [id: 'dev.rikka.tools.autoresconfig', version: '1.2.2']
build	Build with Gradle	2026-06-06T12:23:35.0781029Z Resource missing. [HTTP HEAD: https://repo.maven.apache.org/maven2/dev/rikka/tools/materialthemebuilder/dev.rikka.tools.materialthemebuilder.gradle.plugin/1.5.1/dev.rikka.tools.materialthemebuilder.gradle.plugin-1.5.1.jar]
build	Build with Gradle	2026-06-06T12:23:35.0783101Z Resolved plugin [id: 'dev.rikka.tools.materialthemebuilder', version: '1.5.1']
build	Build with Gradle	2026-06-06T12:23:35.0785001Z Resource missing. [HTTP HEAD: https://repo.maven.apache.org/maven2/io/sentry/android/gradle/io.sentry.android.gradle.gradle.plugin/6.2.0/io.sentry.android.gradle.gradle.plugin-6.2.0.jar]
build	Build with Gradle	2026-06-06T12:23:35.0786830Z Resolved plugin [id: 'io.sentry.android.gradle', version: '6.2.0']
build	Build with Gradle	2026-06-06T12:23:35.0791005Z Resource missing. [HTTP HEAD: https://repo.maven.apache.org/maven2/org/jetbrains/kotlin/plugin/serialization/org.jetbrains.kotlin.plugin.serialization.gradle.plugin/2.2.20/org.jetbrains.kotlin.plugin.serialization.gradle.plugin-2.2.20.jar]
build	Build with Gradle	2026-06-06T12:23:35.0793496Z Resolved plugin [id: 'org.jetbrains.kotlin.plugin.serialization', version: '2.2.20']
build	Build with Gradle	2026-06-06T12:23:35.0795352Z Resource missing. [HTTP HEAD: https://plugins.gradle.org/m2/com/diffplug/spotless/com.diffplug.spotless.gradle.plugin/6.25.0/com.diffplug.spotless.gradle.plugin-6.25.0.jar]
build	Build with Gradle	2026-06-06T12:23:35.0797109Z Resolved plugin [id: 'com.diffplug.spotless', version: '6.25.0']
build	Build with Gradle	2026-06-06T12:23:35.0799349Z Resource missing. [HTTP HEAD: https://plugins.gradle.org/m2/com/mikepenz/aboutlibraries/plugin/com.mikepenz.aboutlibraries.plugin.gradle.plugin/11.6.3/com.mikepenz.aboutlibraries.plugin.gradle.plugin-11.6.3.jar]
build	Build with Gradle	2026-06-06T12:23:35.0801470Z Resolved plugin [id: 'com.mikepenz.aboutlibraries.plugin', version: '11.6.3']
build	Build with Gradle	2026-06-06T12:23:35.2752137Z Using default execution profile
build	Build with Gradle	2026-06-06T12:23:35.9750480Z Using Kotlin Gradle Plugin gradle813 variant
build	Build with Gradle	2026-06-06T12:23:36.3750476Z AutoResConfig: Collect locale modifiers for androidTest
build	Build with Gradle	2026-06-06T12:23:36.3758976Z AutoResConfig: Collect locale modifiers for androidTestDebug
build	Build with Gradle	2026-06-06T12:23:36.3760203Z AutoResConfig: Collect locale modifiers for androidTestRelease
build	Build with Gradle	2026-06-06T12:23:36.3761292Z AutoResConfig: Collect locale modifiers for debug
build	Build with Gradle	2026-06-06T12:23:36.3762150Z AutoResConfig: Collect locale modifiers for main
build	Build with Gradle	2026-06-06T12:23:36.3770515Z AutoResConfig: Update default resConfig [zh-rCN, de, no, ru, fi, pt, fil, fr, hu, hy, uk, ka, sl, id, sr, sv, ko, af, ms, el, zh-rTW, en, it, ta, pt-rBR, es, cs, ar, vi, th, ja, az, fa, pl, ro, tr, nl]
build	Build with Gradle	2026-06-06T12:23:36.3787110Z AutoResConfig: Collect locale modifiers for release
build	Build with Gradle	2026-06-06T12:23:36.3788609Z AutoResConfig: Collect locale modifiers for test
build	Build with Gradle	2026-06-06T12:23:36.3789536Z AutoResConfig: Collect locale modifiers for testDebug
build	Build with Gradle	2026-06-06T12:23:36.3796068Z AutoResConfig: Collect locale modifiers for testFixtures
build	Build with Gradle	2026-06-06T12:23:36.3797134Z AutoResConfig: Collect locale modifiers for testFixturesDebug
build	Build with Gradle	2026-06-06T12:23:36.3798328Z AutoResConfig: Collect locale modifiers for testFixturesRelease
build	Build with Gradle	2026-06-06T12:23:36.3799305Z AutoResConfig: Collect locale modifiers for testRelease
build	Build with Gradle	2026-06-06T12:23:36.6779922Z Caching disabled for Groovy DSL script compilation (proj) because:
build	Build with Gradle	2026-06-06T12:23:36.6808000Z   Not worth caching.
build	Build with Gradle	2026-06-06T12:23:36.6846821Z Compiling build file '/home/runner/work/ShizukuPlus/ShizukuPlus/manager/build.gradle' using BuildScriptTransformer.
build	Build with Gradle	2026-06-06T12:23:38.6758320Z C/C++: android.ndkVersion from module build.gradle is [27.0.12077973]
build	Build with Gradle	2026-06-06T12:23:38.6808518Z C/C++: android.ndkPath from module build.gradle is not set
build	Build with Gradle	2026-06-06T12:23:38.6809542Z C/C++: ndk.dir in local.properties is not set
build	Build with Gradle	2026-06-06T12:23:38.6838799Z C/C++: Not considering ANDROID_NDK_HOME because support was removed after deprecation period.
build	Build with Gradle	2026-06-06T12:23:38.6844866Z C/C++: sdkFolder is /usr/local/lib/android/sdk
build	Build with Gradle	2026-06-06T12:23:38.6845952Z C/C++: Folder /usr/local/lib/android/sdk/ndk/27.0.12077973 does not exist. Ignoring.
build	Build with Gradle	2026-06-06T12:23:38.6847202Z C/C++: Folder /usr/local/lib/android/sdk/ndk-bundle does not exist. Ignoring.
build	Build with Gradle	2026-06-06T12:23:38.6848599Z C/C++: No NDK was found. Trying to download it now.
build	Build with Gradle	2026-06-06T12:23:38.9756001Z Parsing legacy package: /usr/local/lib/android/sdk/cmdline-tools/latest
build	Build with Gradle	2026-06-06T12:23:39.0754340Z SDK Manager found the following installed packages: build-tools;34.0.0 build-tools;35.0.0 build-tools;35.0.1 build-tools;36.0.0 build-tools;36.1.0 build-tools;37.0.0 cmake;3.31.5 cmake;4.1.2 extras;android;m2repository extras;google;google_play_services extras;google;m2repository ndk;27.3.13750724 ndk;28.2.13676358 ndk;29.0.14206865 platform-tools platforms;android-34 platforms;android-34-ext10 platforms;android-34-ext11 platforms;android-34-ext12 platforms;android-34-ext8 platforms;android-35 platforms;android-35-ext14 platforms;android-35-ext15 platforms;android-36 platforms;android-36-ext18 platforms;android-36-ext19 platforms;android-36.1 platforms;android-37.0
build	Build with Gradle	2026-06-06T12:23:40.0752283Z Checking the license for package NDK (Side by side) 27.0.12077973 in /usr/local/lib/android/sdk/licenses
build	Build with Gradle	2026-06-06T12:23:40.0754462Z License for package NDK (Side by side) 27.0.12077973 accepted.
build	Build with Gradle	2026-06-06T12:23:40.0755249Z Preparing "Install NDK (Side by side) 27.0.12077973 v.27.0.12077973".
build	Build with Gradle	2026-06-06T12:23:51.8750737Z "Install NDK (Side by side) 27.0.12077973 v.27.0.12077973" ready.
build	Build with Gradle	2026-06-06T12:23:51.8751953Z Installing NDK (Side by side) 27.0.12077973 in /usr/local/lib/android/sdk/ndk/27.0.12077973
build	Build with Gradle	2026-06-06T12:23:51.8752976Z "Install NDK (Side by side) 27.0.12077973 v.27.0.12077973" complete.
build	Build with Gradle	2026-06-06T12:23:52.6750866Z "Install NDK (Side by side) 27.0.12077973 v.27.0.12077973" finished.
build	Build with Gradle	2026-06-06T12:23:52.7750467Z C/C++: NDK 27.0.12077973 was downloaded to /usr/local/lib/android/sdk/ndk/27.0.12077973. Using that.
build	Build with Gradle	2026-06-06T12:23:52.7781612Z C/C++: android.ndkVersion from module build.gradle is [27.0.12077973]
build	Build with Gradle	2026-06-06T12:23:52.7808465Z C/C++: android.ndkPath from module build.gradle is not set
build	Build with Gradle	2026-06-06T12:23:52.7834228Z C/C++: ndk.dir in local.properties is not set
build	Build with Gradle	2026-06-06T12:23:52.7835887Z C/C++: Not considering ANDROID_NDK_HOME because support was removed after deprecation period.
build	Build with Gradle	2026-06-06T12:23:52.7857940Z C/C++: sdkFolder is /usr/local/lib/android/sdk
build	Build with Gradle	2026-06-06T12:23:52.7887154Z C/C++: android.ndkVersion from module build.gradle is [27.0.12077973]
build	Build with Gradle	2026-06-06T12:23:52.7918408Z C/C++: android.ndkPath from module build.gradle is not set
build	Build with Gradle	2026-06-06T12:23:52.7937769Z C/C++: ndk.dir in local.properties is not set
build	Build with Gradle	2026-06-06T12:23:52.7946740Z C/C++: Not considering ANDROID_NDK_HOME because support was removed after deprecation period.
build	Build with Gradle	2026-06-06T12:23:52.7977201Z C/C++: sdkFolder is /usr/local/lib/android/sdk
build	Build with Gradle	2026-06-06T12:23:52.7978420Z C/C++: android.ndkVersion from module build.gradle is [27.0.12077973]
build	Build with Gradle	2026-06-06T12:23:52.7979405Z C/C++: android.ndkPath from module build.gradle is not set
build	Build with Gradle	2026-06-06T12:23:52.7980292Z C/C++: ndk.dir in local.properties is not set
build	Build with Gradle	2026-06-06T12:23:52.7981331Z C/C++: Not considering ANDROID_NDK_HOME because support was removed after deprecation period.
build	Build with Gradle	2026-06-06T12:23:52.7982409Z C/C++: sdkFolder is /usr/local/lib/android/sdk
build	Build with Gradle	2026-06-06T12:23:52.8757041Z C/C++: android.ndkVersion from module build.gradle is [27.0.12077973]
build	Build with Gradle	2026-06-06T12:23:52.8758237Z C/C++: android.ndkPath from module build.gradle is not set
build	Build with Gradle	2026-06-06T12:23:52.8759319Z C/C++: ndk.dir in local.properties is not set
build	Build with Gradle	2026-06-06T12:23:52.8760104Z C/C++: Not considering ANDROID_NDK_HOME because support was removed after deprecation period.
build	Build with Gradle	2026-06-06T12:23:52.8760725Z C/C++: sdkFolder is /usr/local/lib/android/sdk
build	Build with Gradle	2026-06-06T12:23:52.8761260Z C/C++: android.ndkVersion from module build.gradle is [27.0.12077973]
build	Build with Gradle	2026-06-06T12:23:52.8761811Z C/C++: android.ndkPath from module build.gradle is not set
build	Build with Gradle	2026-06-06T12:23:52.8762198Z C/C++: ndk.dir in local.properties is not set
build	Build with Gradle	2026-06-06T12:23:52.8762684Z C/C++: Not considering ANDROID_NDK_HOME because support was removed after deprecation period.
build	Build with Gradle	2026-06-06T12:23:52.8763178Z C/C++: sdkFolder is /usr/local/lib/android/sdk
build	Build with Gradle	2026-06-06T12:23:52.8763587Z C/C++: android.ndkVersion from module build.gradle is [27.0.12077973]
build	Build with Gradle	2026-06-06T12:23:52.8764027Z C/C++: android.ndkPath from module build.gradle is not set
build	Build with Gradle	2026-06-06T12:23:52.8764409Z C/C++: ndk.dir in local.properties is not set
build	Build with Gradle	2026-06-06T12:23:52.8764885Z C/C++: Not considering ANDROID_NDK_HOME because support was removed after deprecation period.
build	Build with Gradle	2026-06-06T12:23:52.8765365Z C/C++: sdkFolder is /usr/local/lib/android/sdk
build	Build with Gradle	2026-06-06T12:23:52.8765775Z C/C++: android.ndkVersion from module build.gradle is [27.0.12077973]
build	Build with Gradle	2026-06-06T12:23:52.8766212Z C/C++: android.ndkPath from module build.gradle is not set
build	Build with Gradle	2026-06-06T12:23:52.8766587Z C/C++: ndk.dir in local.properties is not set
build	Build with Gradle	2026-06-06T12:23:52.8767058Z C/C++: Not considering ANDROID_NDK_HOME because support was removed after deprecation period.
build	Build with Gradle	2026-06-06T12:23:52.8767659Z C/C++: sdkFolder is /usr/local/lib/android/sdk
build	Build with Gradle	2026-06-06T12:23:52.8768069Z C/C++: android.ndkVersion from module build.gradle is [27.0.12077973]
build	Build with Gradle	2026-06-06T12:23:52.8768520Z C/C++: android.ndkPath from module build.gradle is not set
build	Build with Gradle	2026-06-06T12:23:52.8768899Z C/C++: ndk.dir in local.properties is not set
build	Build with Gradle	2026-06-06T12:23:52.8769377Z C/C++: Not considering ANDROID_NDK_HOME because support was removed after deprecation period.
build	Build with Gradle	2026-06-06T12:23:52.8769869Z C/C++: sdkFolder is /usr/local/lib/android/sdk
build	Build with Gradle	2026-06-06T12:23:52.8770271Z C/C++: android.ndkVersion from module build.gradle is [27.0.12077973]
build	Build with Gradle	2026-06-06T12:23:52.8770726Z C/C++: android.ndkPath from module build.gradle is not set
build	Build with Gradle	2026-06-06T12:23:52.8771097Z C/C++: ndk.dir in local.properties is not set
build	Build with Gradle	2026-06-06T12:23:52.8771586Z C/C++: Not considering ANDROID_NDK_HOME because support was removed after deprecation period.
build	Build with Gradle	2026-06-06T12:23:52.8772069Z C/C++: sdkFolder is /usr/local/lib/android/sdk
build	Build with Gradle	2026-06-06T12:23:52.8772623Z C/C++: android.ndkVersion from module build.gradle is [27.0.12077973]
build	Build with Gradle	2026-06-06T12:23:52.8773068Z C/C++: android.ndkPath from module build.gradle is not set
build	Build with Gradle	2026-06-06T12:23:52.8773443Z C/C++: ndk.dir in local.properties is not set
build	Build with Gradle	2026-06-06T12:23:52.8773921Z C/C++: Not considering ANDROID_NDK_HOME because support was removed after deprecation period.
build	Build with Gradle	2026-06-06T12:23:52.8774411Z C/C++: sdkFolder is /usr/local/lib/android/sdk
build	Build with Gradle	2026-06-06T12:23:52.8774818Z C/C++: android.ndkVersion from module build.gradle is [27.0.12077973]
build	Build with Gradle	2026-06-06T12:23:52.8775252Z C/C++: android.ndkPath from module build.gradle is not set
build	Build with Gradle	2026-06-06T12:23:52.8775627Z C/C++: ndk.dir in local.properties is not set
build	Build with Gradle	2026-06-06T12:23:52.8776102Z C/C++: Not considering ANDROID_NDK_HOME because support was removed after deprecation period.
build	Build with Gradle	2026-06-06T12:23:52.8776680Z C/C++: sdkFolder is /usr/local/lib/android/sdk
build	Build with Gradle	2026-06-06T12:23:52.8777090Z C/C++: android.ndkVersion from module build.gradle is [27.0.12077973]
build	Build with Gradle	2026-06-06T12:23:52.8778032Z C/C++: android.ndkPath from module build.gradle is not set
build	Build with Gradle	2026-06-06T12:23:52.8778626Z C/C++: ndk.dir in local.properties is not set
build	Build with Gradle	2026-06-06T12:23:52.8779377Z C/C++: Not considering ANDROID_NDK_HOME because support was removed after deprecation period.
build	Build with Gradle	2026-06-06T12:23:52.8780203Z C/C++: sdkFolder is /usr/local/lib/android/sdk
build	Build with Gradle	2026-06-06T12:23:53.1760134Z AutoResConfig: Variant debug
build	Build with Gradle	2026-06-06T12:23:53.1767624Z AutoResConfig: AutoResConfigExtension{generateClass=true, generatedClassFullName=af.shizuku.manager.ShizukuLocales, generateRes=false, generatedResPrefix=(null), generatedArrayFirstItem=SYSTEM, generateLocaleConfig=true}
build	Build with Gradle	2026-06-06T12:23:53.1771808Z AutoResConfig: Update resConfig [af, ar, az, cs, de, el, en, es, fa, fi, fil, fr, hu, hy, id, it, ja, ka, ko, ms, nl, no, pl, pt, pt-rBR, ro, ru, sl, sr, sv, ta, th, tr, uk, vi, zh-rCN, zh-rTW]
build	Build with Gradle	2026-06-06T12:23:53.1773884Z AutoResConfig: Locales [af, ar, az, cs, de, el, en, es, fa, fi, fil, fr, hu, hy, id, it, ja, ka, ko, ms, nl, no, pl, pt, pt-BR, ro, ru, sl, sr, sv, ta, th, tr, uk, vi, zh-CN, zh-TW]
build	Build with Gradle	2026-06-06T12:23:53.1775958Z AutoResConfig: Display locales [af, ar, az, cs, de, el, en, es, fa, fi, fil, fr, hu, hy, id, it, ja, ka, ko, ms, nl, no, pl, pt, pt-BR, ro, ru, sl, sr, sv, ta, th, tr, uk, vi, zh-Hans, zh-Hant]
build	Build with Gradle	2026-06-06T12:23:53.1778390Z AutoResConfig: register generateDebugAutoResConfigSource /home/runner/work/ShizukuPlus/ShizukuPlus/manager/build/generated/auto_res_config/debug/java
build	Build with Gradle	2026-06-06T12:23:53.1780909Z AutoResConfig: register generateDebugAutoResConfigLocaleConfigRes /home/runner/work/ShizukuPlus/ShizukuPlus/manager/build/generated/auto_res_config/debug/res_locale_config
build	Build with Gradle	2026-06-06T12:23:53.1782611Z AutoResConfig: Variant release
build	Build with Gradle	2026-06-06T12:23:53.1784422Z AutoResConfig: AutoResConfigExtension{generateClass=true, generatedClassFullName=af.shizuku.manager.ShizukuLocales, generateRes=false, generatedResPrefix=(null), generatedArrayFirstItem=SYSTEM, generateLocaleConfig=true}
build	Build with Gradle	2026-06-06T12:23:53.1786956Z AutoResConfig: Update resConfig [af, ar, az, cs, de, el, en, es, fa, fi, fil, fr, hu, hy, id, it, ja, ka, ko, ms, nl, no, pl, pt, pt-rBR, ro, ru, sl, sr, sv, ta, th, tr, uk, vi, zh-rCN, zh-rTW]
build	Build with Gradle	2026-06-06T12:23:53.1788982Z AutoResConfig: Locales [af, ar, az, cs, de, el, en, es, fa, fi, fil, fr, hu, hy, id, it, ja, ka, ko, ms, nl, no, pl, pt, pt-BR, ro, ru, sl, sr, sv, ta, th, tr, uk, vi, zh-CN, zh-TW]
build	Build with Gradle	2026-06-06T12:23:53.1790912Z AutoResConfig: Display locales [af, ar, az, cs, de, el, en, es, fa, fi, fil, fr, hu, hy, id, it, ja, ka, ko, ms, nl, no, pl, pt, pt-BR, ro, ru, sl, sr, sv, ta, th, tr, uk, vi, zh-Hans, zh-Hant]
build	Build with Gradle	2026-06-06T12:23:53.1793287Z AutoResConfig: register generateReleaseAutoResConfigSource /home/runner/work/ShizukuPlus/ShizukuPlus/manager/build/generated/auto_res_config/release/java
build	Build with Gradle	2026-06-06T12:23:53.1796138Z AutoResConfig: register generateReleaseAutoResConfigLocaleConfigRes /home/runner/work/ShizukuPlus/ShizukuPlus/manager/build/generated/auto_res_config/release/res_locale_config
build	Build with Gradle	2026-06-06T12:23:53.2751473Z Detected Android Gradle Plugin compose compiler configuration
build	Build with Gradle	2026-06-06T12:23:53.2778632Z Detected Android Gradle Plugin compose compiler configuration
build	Build with Gradle	2026-06-06T12:23:53.2808989Z Detected Android Gradle Plugin compose compiler configuration
build	Build with Gradle	2026-06-06T12:23:53.2810113Z Detected Android Gradle Plugin compose compiler configuration
build	Build with Gradle	2026-06-06T12:23:53.2811142Z Detected Android Gradle Plugin compose compiler configuration
build	Build with Gradle	2026-06-06T12:23:53.3758599Z [sentry] bundleTask is bundleRelease
build	Build with Gradle	2026-06-06T12:23:53.3759279Z [sentry] bundleTask is bundleRelease
build	Build with Gradle	2026-06-06T12:23:53.3759850Z [sentry] bundleTask is bundleRelease
build	Build with Gradle	2026-06-06T12:23:53.3760440Z Task name matched 'assembleRelease'
build	Build with Gradle	2026-06-06T12:23:53.3761152Z Selected primary task 'assembleRelease' from project :manager
build	Build with Gradle	2026-06-06T12:23:53.3762057Z Task name matched 'lint'
build	Build with Gradle	2026-06-06T12:23:53.4750829Z [sentry] sentry-android won't be installed because it was already installed directly
build	Build with Gradle	2026-06-06T12:23:53.5752947Z 
build	Build with Gradle	2026-06-06T12:23:53.5778343Z > Configure project :core
build	Build with Gradle	2026-06-06T12:23:53.5803467Z Evaluating project ':core' using build file '/home/runner/work/ShizukuPlus/ShizukuPlus/core/build.gradle'.
build	Build with Gradle	2026-06-06T12:23:53.8750965Z 
build	Build with Gradle	2026-06-06T12:23:53.8758676Z > Configure project :core:ui
build	Build with Gradle	2026-06-06T12:23:53.8760333Z Evaluating project ':core:ui' using build file '/home/runner/work/ShizukuPlus/ShizukuPlus/core/ui/build.gradle'.
build	Build with Gradle	2026-06-06T12:23:53.8761958Z Resolved plugin [id: 'com.android.library', version: '8.11.1']
build	Build with Gradle	2026-06-06T12:23:53.8763294Z Resolved plugin [id: 'org.jetbrains.kotlin.android', version: '2.2.20']
build	Build with Gradle	2026-06-06T12:23:53.8764182Z Using default execution profile
build	Build with Gradle	2026-06-06T12:23:53.8764844Z Using Kotlin Gradle Plugin gradle813 variant
build	Build with Gradle	2026-06-06T12:23:53.8765703Z Caching disabled for Groovy DSL script compilation (proj) because:
build	Build with Gradle	2026-06-06T12:23:53.8766537Z   Not worth caching.
build	Build with Gradle	2026-06-06T12:23:53.8767781Z Compiling build file '/home/runner/work/ShizukuPlus/ShizukuPlus/core/ui/build.gradle' using BuildScriptTransformer.
build	Build with Gradle	2026-06-06T12:23:54.0749671Z 
build	Build with Gradle	2026-06-06T12:23:54.0752218Z > Configure project :server
build	Build with Gradle	2026-06-06T12:23:54.0753498Z Evaluating project ':server' using build file '/home/runner/work/ShizukuPlus/ShizukuPlus/server/build.gradle'.
build	Build with Gradle	2026-06-06T12:23:54.0754981Z Resolved plugin [id: 'com.android.library', version: '8.11.1']
build	Build with Gradle	2026-06-06T12:23:54.0756046Z Resolved plugin [id: 'org.jetbrains.kotlin.android', version: '2.2.20']
build	Build with Gradle	2026-06-06T12:23:54.0757081Z Resolved plugin [id: 'dev.rikka.tools.refine', version: '4.4.0']
build	Build with Gradle	2026-06-06T12:23:54.0777063Z Using default execution profile
build	Build with Gradle	2026-06-06T12:23:54.0778167Z Using Kotlin Gradle Plugin gradle813 variant
build	Build with Gradle	2026-06-06T12:23:54.0787342Z Caching disabled for Groovy DSL script compilation (proj) because:
build	Build with Gradle	2026-06-06T12:23:54.0788770Z   Not worth caching.
build	Build with Gradle	2026-06-06T12:23:54.0789879Z Compiling build file '/home/runner/work/ShizukuPlus/ShizukuPlus/server/build.gradle' using BuildScriptTransformer.
build	Build with Gradle	2026-06-06T12:23:54.3749721Z 
build	Build with Gradle	2026-06-06T12:23:54.3788991Z > Configure project :rish
build	Build with Gradle	2026-06-06T12:23:54.3808992Z Evaluating project ':rish' using build file '/home/runner/work/ShizukuPlus/ShizukuPlus/api/rish/build.gradle'.
build	Build with Gradle	2026-06-06T12:23:54.3810220Z Resolved plugin [id: 'com.android.library', version: '8.11.1']
build	Build with Gradle	2026-06-06T12:23:54.3810923Z Using default execution profile
build	Build with Gradle	2026-06-06T12:23:54.3811622Z Caching disabled for Groovy DSL script compilation (proj) because:
build	Build with Gradle	2026-06-06T12:23:54.3812338Z   Not worth caching.
build	Build with Gradle	2026-06-06T12:23:54.3813423Z Compiling build file '/home/runner/work/ShizukuPlus/ShizukuPlus/api/rish/build.gradle' using BuildScriptTransformer.
build	Build with Gradle	2026-06-06T12:23:54.3814638Z C/C++: android.ndkVersion from module build.gradle is [27.0.12077973]
build	Build with Gradle	2026-06-06T12:23:54.3815433Z C/C++: android.ndkPath from module build.gradle is not set
build	Build with Gradle	2026-06-06T12:23:54.3816251Z C/C++: ndk.dir in local.properties is not set
build	Build with Gradle	2026-06-06T12:23:54.3817173Z C/C++: Not considering ANDROID_NDK_HOME because support was removed after deprecation period.
build	Build with Gradle	2026-06-06T12:23:54.3818439Z C/C++: sdkFolder is /usr/local/lib/android/sdk
build	Build with Gradle	2026-06-06T12:23:54.3819447Z C/C++: android.ndkVersion from module build.gradle is [27.0.12077973]
build	Build with Gradle	2026-06-06T12:23:54.3820465Z C/C++: android.ndkPath from module build.gradle is not set
build	Build with Gradle	2026-06-06T12:23:54.3821438Z C/C++: ndk.dir in local.properties is not set
build	Build with Gradle	2026-06-06T12:23:54.3822570Z C/C++: Not considering ANDROID_NDK_HOME because support was removed after deprecation period.
build	Build with Gradle	2026-06-06T12:23:54.3823573Z C/C++: sdkFolder is /usr/local/lib/android/sdk
build	Build with Gradle	2026-06-06T12:23:54.3824491Z C/C++: android.ndkVersion from module build.gradle is [27.0.12077973]
build	Build with Gradle	2026-06-06T12:23:54.3825440Z C/C++: android.ndkPath from module build.gradle is not set
build	Build with Gradle	2026-06-06T12:23:54.3826273Z C/C++: ndk.dir in local.properties is not set
build	Build with Gradle	2026-06-06T12:23:54.3827290Z C/C++: Not considering ANDROID_NDK_HOME because support was removed after deprecation period.
build	Build with Gradle	2026-06-06T12:23:54.3828772Z C/C++: sdkFolder is /usr/local/lib/android/sdk
build	Build with Gradle	2026-06-06T12:23:54.3829661Z C/C++: android.ndkVersion from module build.gradle is [27.0.12077973]
build	Build with Gradle	2026-06-06T12:23:54.3830627Z C/C++: android.ndkPath from module build.gradle is not set
build	Build with Gradle	2026-06-06T12:23:54.3831430Z C/C++: ndk.dir in local.properties is not set
build	Build with Gradle	2026-06-06T12:23:54.3832445Z C/C++: Not considering ANDROID_NDK_HOME because support was removed after deprecation period.
build	Build with Gradle	2026-06-06T12:23:54.3833481Z C/C++: sdkFolder is /usr/local/lib/android/sdk
build	Build with Gradle	2026-06-06T12:23:54.3834967Z C/C++: android.ndkVersion from module build.gradle is [27.0.12077973]
build	Build with Gradle	2026-06-06T12:23:54.3836065Z C/C++: android.ndkPath from module build.gradle is not set
build	Build with Gradle	2026-06-06T12:23:54.3836895Z C/C++: ndk.dir in local.properties is not set
build	Build with Gradle	2026-06-06T12:23:54.3838042Z C/C++: Not considering ANDROID_NDK_HOME because support was removed after deprecation period.
build	Build with Gradle	2026-06-06T12:23:54.3839045Z C/C++: sdkFolder is /usr/local/lib/android/sdk
build	Build with Gradle	2026-06-06T12:23:54.3839935Z C/C++: android.ndkVersion from module build.gradle is [27.0.12077973]
build	Build with Gradle	2026-06-06T12:23:54.3840835Z C/C++: android.ndkPath from module build.gradle is not set
build	Build with Gradle	2026-06-06T12:23:54.3841654Z C/C++: ndk.dir in local.properties is not set
build	Build with Gradle	2026-06-06T12:23:54.3842680Z C/C++: Not considering ANDROID_NDK_HOME because support was removed after deprecation period.
build	Build with Gradle	2026-06-06T12:23:54.3843609Z C/C++: sdkFolder is /usr/local/lib/android/sdk
build	Build with Gradle	2026-06-06T12:23:54.3844458Z C/C++: android.ndkVersion from module build.gradle is [27.0.12077973]
build	Build with Gradle	2026-06-06T12:23:54.3845325Z C/C++: android.ndkPath from module build.gradle is not set
build	Build with Gradle	2026-06-06T12:23:54.3846145Z C/C++: ndk.dir in local.properties is not set
build	Build with Gradle	2026-06-06T12:23:54.3847132Z C/C++: Not considering ANDROID_NDK_HOME because support was removed after deprecation period.
build	Build with Gradle	2026-06-06T12:23:54.3848370Z C/C++: sdkFolder is /usr/local/lib/android/sdk
build	Build with Gradle	2026-06-06T12:23:54.3849221Z C/C++: android.ndkVersion from module build.gradle is [27.0.12077973]
build	Build with Gradle	2026-06-06T12:23:54.3850587Z C/C++: android.ndkPath from module build.gradle is not set
build	Build with Gradle	2026-06-06T12:23:54.3851364Z C/C++: ndk.dir in local.properties is not set
build	Build with Gradle	2026-06-06T12:23:54.3852278Z C/C++: Not considering ANDROID_NDK_HOME because support was removed after deprecation period.
build	Build with Gradle	2026-06-06T12:23:54.3853185Z C/C++: sdkFolder is /usr/local/lib/android/sdk
build	Build with Gradle	2026-06-06T12:23:54.3853911Z C/C++: android.ndkVersion from module build.gradle is [27.0.12077973]
build	Build with Gradle	2026-06-06T12:23:54.3854741Z C/C++: android.ndkPath from module build.gradle is not set
build	Build with Gradle	2026-06-06T12:23:54.3855417Z C/C++: ndk.dir in local.properties is not set
build	Build with Gradle	2026-06-06T12:23:54.3856289Z C/C++: Not considering ANDROID_NDK_HOME because support was removed after deprecation period.
build	Build with Gradle	2026-06-06T12:23:54.3857184Z C/C++: sdkFolder is /usr/local/lib/android/sdk
build	Build with Gradle	2026-06-06T12:23:54.3858134Z C/C++: android.ndkVersion from module build.gradle is [27.0.12077973]
build	Build with Gradle	2026-06-06T12:23:54.3860191Z C/C++: android.ndkPath from module build.gradle is not set
build	Build with Gradle	2026-06-06T12:23:54.3862081Z C/C++: ndk.dir in local.properties is not set
build	Build with Gradle	2026-06-06T12:23:54.3862996Z C/C++: Not considering ANDROID_NDK_HOME because support was removed after deprecation period.
build	Build with Gradle	2026-06-06T12:23:54.3864083Z C/C++: sdkFolder is /usr/local/lib/android/sdk
build	Build with Gradle	2026-06-06T12:23:54.3864821Z C/C++: android.ndkVersion from module build.gradle is [27.0.12077973]
build	Build with Gradle	2026-06-06T12:23:54.3865621Z C/C++: android.ndkPath from module build.gradle is not set
build	Build with Gradle	2026-06-06T12:23:54.3866312Z C/C++: ndk.dir in local.properties is not set
build	Build with Gradle	2026-06-06T12:23:54.3867222Z C/C++: Not considering ANDROID_NDK_HOME because support was removed after deprecation period.
build	Build with Gradle	2026-06-06T12:23:54.3868413Z C/C++: sdkFolder is /usr/local/lib/android/sdk
build	Build with Gradle	2026-06-06T12:23:54.3869158Z C/C++: android.ndkVersion from module build.gradle is [27.0.12077973]
build	Build with Gradle	2026-06-06T12:23:54.3869992Z C/C++: android.ndkPath from module build.gradle is not set
build	Build with Gradle	2026-06-06T12:23:54.3870654Z C/C++: ndk.dir in local.properties is not set
build	Build with Gradle	2026-06-06T12:23:54.3871708Z C/C++: Not considering ANDROID_NDK_HOME because support was removed after deprecation period.
build	Build with Gradle	2026-06-06T12:23:54.3872854Z C/C++: sdkFolder is /usr/local/lib/android/sdk
build	Build with Gradle	2026-06-06T12:23:54.3873574Z C/C++: android.ndkVersion from module build.gradle is [27.0.12077973]
build	Build with Gradle	2026-06-06T12:23:54.3874377Z C/C++: android.ndkPath from module build.gradle is not set
build	Build with Gradle	2026-06-06T12:23:54.3875039Z C/C++: ndk.dir in local.properties is not set
build	Build with Gradle	2026-06-06T12:23:54.3875946Z C/C++: Not considering ANDROID_NDK_HOME because support was removed after deprecation period.
build	Build with Gradle	2026-06-06T12:23:54.3876819Z C/C++: sdkFolder is /usr/local/lib/android/sdk
build	Build with Gradle	2026-06-06T12:23:54.5749852Z 
build	Build with Gradle	2026-06-06T12:23:54.5752530Z > Configure project :starter
build	Build with Gradle	2026-06-06T12:23:54.5753694Z Evaluating project ':starter' using build file '/home/runner/work/ShizukuPlus/ShizukuPlus/starter/build.gradle'.
build	Build with Gradle	2026-06-06T12:23:54.5754961Z Resolved plugin [id: 'com.android.library', version: '8.11.1']
build	Build with Gradle	2026-06-06T12:23:54.5755947Z Resolved plugin [id: 'org.jetbrains.kotlin.android', version: '2.2.20']
build	Build with Gradle	2026-06-06T12:23:54.5767983Z Resolved plugin [id: 'dev.rikka.tools.refine', version: '4.4.0']
build	Build with Gradle	2026-06-06T12:23:54.5768880Z Using default execution profile
build	Build with Gradle	2026-06-06T12:23:54.5769578Z Using Kotlin Gradle Plugin gradle813 variant
build	Build with Gradle	2026-06-06T12:23:54.5770423Z Caching disabled for Groovy DSL script compilation (proj) because:
build	Build with Gradle	2026-06-06T12:23:54.5771222Z   Not worth caching.
build	Build with Gradle	2026-06-06T12:23:54.5772282Z Compiling build file '/home/runner/work/ShizukuPlus/ShizukuPlus/starter/build.gradle' using BuildScriptTransformer.
build	Build with Gradle	2026-06-06T12:23:54.6750918Z 
build	Build with Gradle	2026-06-06T12:23:54.6753184Z > Configure project :api
build	Build with Gradle	2026-06-06T12:23:54.6754326Z Evaluating project ':api' using build file '/home/runner/work/ShizukuPlus/ShizukuPlus/api/api/build.gradle'.
build	Build with Gradle	2026-06-06T12:23:54.6755794Z Resolved plugin [id: 'com.android.library', version: '8.11.1']
build	Build with Gradle	2026-06-06T12:23:54.6756760Z Using default execution profile
build	Build with Gradle	2026-06-06T12:23:54.6758057Z Caching disabled for Groovy DSL script compilation (proj) because:
build	Build with Gradle	2026-06-06T12:23:54.6759134Z   Not worth caching.
build	Build with Gradle	2026-06-06T12:23:54.6760511Z Compiling build file '/home/runner/work/ShizukuPlus/ShizukuPlus/api/api/build.gradle' using BuildScriptTransformer.
build	Build with Gradle	2026-06-06T12:23:54.7750983Z 
build	Build with Gradle	2026-06-06T12:23:54.7752933Z > Configure project :provider
build	Build with Gradle	2026-06-06T12:23:54.7754494Z Evaluating project ':provider' using build file '/home/runner/work/ShizukuPlus/ShizukuPlus/api/provider/build.gradle'.
build	Build with Gradle	2026-06-06T12:23:54.7755905Z Resolved plugin [id: 'com.android.library', version: '8.11.1']
build	Build with Gradle	2026-06-06T12:23:54.7756890Z Using default execution profile
build	Build with Gradle	2026-06-06T12:23:54.7757908Z Caching disabled for Groovy DSL script compilation (proj) because:
build	Build with Gradle	2026-06-06T12:23:54.7758800Z   Not worth caching.
build	Build with Gradle	2026-06-06T12:23:54.7759872Z Compiling build file '/home/runner/work/ShizukuPlus/ShizukuPlus/api/provider/build.gradle' using BuildScriptTransformer.
build	Build with Gradle	2026-06-06T12:23:54.9750721Z 
build	Build with Gradle	2026-06-06T12:23:54.9768859Z > Configure project :database
build	Build with Gradle	2026-06-06T12:23:54.9774857Z Evaluating project ':database' using build file '/home/runner/work/ShizukuPlus/ShizukuPlus/database/build.gradle'.
build	Build with Gradle	2026-06-06T12:23:54.9776228Z Resolved plugin [id: 'com.android.library', version: '8.11.1']
build	Build with Gradle	2026-06-06T12:23:54.9777652Z Resolved plugin [id: 'org.jetbrains.kotlin.android', version: '2.2.20']
build	Build with Gradle	2026-06-06T12:23:54.9778675Z Resolved plugin [id: 'com.google.devtools.ksp', version: '2.2.20-2.0.2']
build	Build with Gradle	2026-06-06T12:23:54.9779808Z Resolved plugin [id: 'org.jetbrains.kotlin.plugin.serialization', version: '2.2.20']
build	Build with Gradle	2026-06-06T12:23:54.9780727Z Using default execution profile
build	Build with Gradle	2026-06-06T12:23:54.9781402Z Using Kotlin Gradle Plugin gradle813 variant
build	Build with Gradle	2026-06-06T12:23:54.9782308Z Caching disabled for Groovy DSL script compilation (proj) because:
build	Build with Gradle	2026-06-06T12:23:54.9786016Z   Not worth caching.
build	Build with Gradle	2026-06-06T12:23:54.9787189Z Compiling build file '/home/runner/work/ShizukuPlus/ShizukuPlus/database/build.gradle' using BuildScriptTransformer.
build	Build with Gradle	2026-06-06T12:23:55.0749592Z 
build	Build with Gradle	2026-06-06T12:23:55.0764770Z > Configure project :common
build	Build with Gradle	2026-06-06T12:23:55.0766510Z Evaluating project ':common' using build file '/home/runner/work/ShizukuPlus/ShizukuPlus/common/build.gradle'.
build	Build with Gradle	2026-06-06T12:23:55.0792399Z Resolved plugin [id: 'com.android.library', version: '8.11.1']
build	Build with Gradle	2026-06-06T12:23:55.0819383Z Using default execution profile
build	Build with Gradle	2026-06-06T12:23:55.0843002Z Caching disabled for Groovy DSL script compilation (proj) because:
build	Build with Gradle	2026-06-06T12:23:55.0843946Z   Not worth caching.
build	Build with Gradle	2026-06-06T12:23:55.0845255Z Compiling build file '/home/runner/work/ShizukuPlus/ShizukuPlus/common/build.gradle' using BuildScriptTransformer.
build	Build with Gradle	2026-06-06T12:23:55.2758245Z 
build	Build with Gradle	2026-06-06T12:23:55.2767015Z > Configure project :aidl
build	Build with Gradle	2026-06-06T12:23:55.2798949Z Evaluating project ':aidl' using build file '/home/runner/work/ShizukuPlus/ShizukuPlus/api/aidl/build.gradle'.
build	Build with Gradle	2026-06-06T12:23:55.2828412Z Resolved plugin [id: 'com.android.library', version: '8.11.1']
build	Build with Gradle	2026-06-06T12:23:55.2829218Z Using default execution profile
build	Build with Gradle	2026-06-06T12:23:55.2871772Z Caching disabled for Groovy DSL script compilation (proj) because:
build	Build with Gradle	2026-06-06T12:23:55.2872774Z   Not worth caching.
build	Build with Gradle	2026-06-06T12:23:55.2874102Z Compiling build file '/home/runner/work/ShizukuPlus/ShizukuPlus/api/aidl/build.gradle' using BuildScriptTransformer.
build	Build with Gradle	2026-06-06T12:23:55.2898408Z 
build	Build with Gradle	2026-06-06T12:23:55.2905618Z > Configure project :shared
build	Build with Gradle	2026-06-06T12:23:55.2907004Z Evaluating project ':shared' using build file '/home/runner/work/ShizukuPlus/ShizukuPlus/api/shared/build.gradle'.
build	Build with Gradle	2026-06-06T12:23:55.2908542Z Resolved plugin [id: 'com.android.library', version: '8.11.1']
build	Build with Gradle	2026-06-06T12:23:55.2909355Z Using default execution profile
build	Build with Gradle	2026-06-06T12:23:55.2910152Z Caching disabled for Groovy DSL script compilation (proj) because:
build	Build with Gradle	2026-06-06T12:23:55.2910983Z   Not worth caching.
build	Build with Gradle	2026-06-06T12:23:55.2912085Z Compiling build file '/home/runner/work/ShizukuPlus/ShizukuPlus/api/shared/build.gradle' using BuildScriptTransformer.
build	Build with Gradle	2026-06-06T12:23:55.3750059Z 
build	Build with Gradle	2026-06-06T12:23:55.3752598Z > Configure project :server-shared
build	Build with Gradle	2026-06-06T12:23:55.3753937Z Evaluating project ':server-shared' using build file '/home/runner/work/ShizukuPlus/ShizukuPlus/api/server-shared/build.gradle'.
build	Build with Gradle	2026-06-06T12:23:55.3755356Z Resolved plugin [id: 'com.android.library', version: '8.11.1']
build	Build with Gradle	2026-06-06T12:23:55.3756365Z Resolved plugin [id: 'dev.rikka.tools.refine', version: '4.4.0']
build	Build with Gradle	2026-06-06T12:23:55.3757237Z Using default execution profile
build	Build with Gradle	2026-06-06T12:23:55.3758281Z Caching disabled for Groovy DSL script compilation (proj) because:
build	Build with Gradle	2026-06-06T12:23:55.3759158Z   Not worth caching.
build	Build with Gradle	2026-06-06T12:23:55.3760362Z Compiling build file '/home/runner/work/ShizukuPlus/ShizukuPlus/api/server-shared/build.gradle' using BuildScriptTransformer.
build	Build with Gradle	2026-06-06T12:23:56.0751339Z 
build	Build with Gradle	2026-06-06T12:23:56.0768662Z > Configure project :shell
build	Build with Gradle	2026-06-06T12:23:56.0780371Z Evaluating project ':shell' using build file '/home/runner/work/ShizukuPlus/ShizukuPlus/shell/build.gradle'.
build	Build with Gradle	2026-06-06T12:23:56.0782233Z Resolved plugin [id: 'com.android.application', version: '8.11.1']
build	Build with Gradle	2026-06-06T12:23:56.0783505Z Resolved plugin [id: 'dev.rikka.tools.refine', version: '4.4.0']
build	Build with Gradle	2026-06-06T12:23:56.0784459Z Using default execution profile
build	Build with Gradle	2026-06-06T12:23:56.0785279Z Caching disabled for Groovy DSL script compilation (proj) because:
build	Build with Gradle	2026-06-06T12:23:56.0786510Z   Not worth caching.
build	Build with Gradle	2026-06-06T12:23:56.0787758Z Compiling build file '/home/runner/work/ShizukuPlus/ShizukuPlus/shell/build.gradle' using BuildScriptTransformer.
build	Build with Gradle	2026-06-06T12:23:57.0750464Z All projects evaluated.
build	Build with Gradle	2026-06-06T12:23:57.1968132Z Tasks to be executed: [task ':aidl:preBuild', task ':aidl:preReleaseBuild', task ':aidl:mergeReleaseJniLibFolders', task ':aidl:mergeReleaseNativeLibs', task ':aidl:copyReleaseJniLibsProjectOnly', task ':api:preBuild', task ':api:preReleaseBuild', task ':api:mergeReleaseJniLibFolders', task ':api:mergeReleaseNativeLibs', task ':api:copyReleaseJniLibsProjectOnly', task ':common:preBuild', task ':common:preReleaseBuild', task ':common:mergeReleaseJniLibFolders', task ':common:mergeReleaseNativeLibs', task ':common:copyReleaseJniLibsProjectOnly', task ':database:preBuild', task ':database:preReleaseBuild', task ':database:mergeReleaseJniLibFolders', task ':database:mergeReleaseNativeLibs', task ':database:copyReleaseJniLibsProjectOnly', task ':manager:preBuild', task ':shell:preBuild', task ':shell:preReleaseBuild', task ':shell:mergeReleaseJniLibFolders', task ':shell:mergeReleaseNativeLibs', task ':shell:stripReleaseDebugSymbols', task ':shell:extractReleaseNativeSymbolTables', task ':shell:mergeReleaseNativeDebugMetadata', task ':shell:checkReleaseDuplicateClasses', task ':shell:mergeReleaseArtProfile', task ':shell:generateReleaseBuildConfig', task ':shell:javaPreCompileRelease', task ':shell:checkReleaseAarMetadata', task ':shell:generateReleaseResValues', task ':shell:mapReleaseSourceSetPaths', task ':shell:generateReleaseResources', task ':shell:mergeReleaseResources', task ':shell:createReleaseCompatibleScreenManifests', task ':shell:extractDeepLinksRelease', task ':shell:processReleaseMainManifest', task ':shell:processReleaseManifest', task ':shell:processReleaseManifestForPackage', task ':shell:processReleaseResources', task ':shell:compileReleaseJavaWithJavac', task ':shell:transformReleaseClassesWithAsm', task ':shell:expandReleaseArtProfileWildcards', task ':shell:extractProguardFiles', task ':shell:mergeReleaseGeneratedProguardFiles', task ':shell:processReleaseJavaRes', task ':shell:mergeReleaseJavaResource', task ':shell:mergeReleaseStartupProfile', task ':shell:minifyReleaseWithR8', task ':shell:compileReleaseArtProfile', task ':shell:mergeReleaseShaders', task ':shell:compileReleaseShaders', task ':shell:generateReleaseAssets', task ':shell:mergeReleaseAssets', task ':shell:compressReleaseAssets', task ':shell:extractReleaseVersionControlInfo', task ':shell:optimizeReleaseResources', task ':shell:writeReleaseAppMetadata', task ':shell:writeReleaseSigningConfigVersions', task ':shell:packageRelease', task ':shell:createReleaseApkListingFileRedirect', task ':shell:assembleRelease', task ':manager:preReleaseBuild', task ':manager:configureCMakeRelWithDebInfo[arm64-v8a]', task ':manager:buildCMakeRelWithDebInfo[arm64-v8a]', task ':manager:configureCMakeRelWithDebInfo[armeabi-v7a]', task ':manager:buildCMakeRelWithDebInfo[armeabi-v7a]', task ':manager:configureCMakeRelWithDebInfo[x86]', task ':manager:buildCMakeRelWithDebInfo[x86]', task ':manager:configureCMakeRelWithDebInfo[x86_64]', task ':manager:buildCMakeRelWithDebInfo[x86_64]', task ':manager:mergeReleaseJniLibFolders', task ':provider:preBuild', task ':provider:preReleaseBuild', task ':provider:mergeReleaseJniLibFolders', task ':provider:mergeReleaseNativeLibs', task ':provider:copyReleaseJniLibsProjectOnly', task ':rish:preBuild', task ':rish:preReleaseBuild', task ':rish:configureCMakeRelWithDebInfo[arm64-v8a]', task ':rish:buildCMakeRelWithDebInfo[arm64-v8a]', task ':rish:configureCMakeRelWithDebInfo[armeabi-v7a]', task ':rish:buildCMakeRelWithDebInfo[armeabi-v7a]', task ':rish:configureCMakeRelWithDebInfo[x86]', task ':rish:buildCMakeRelWithDebInfo[x86]', task ':rish:configureCMakeRelWithDebInfo[x86_64]', task ':rish:buildCMakeRelWithDebInfo[x86_64]', task ':rish:mergeReleaseJniLibFolders', task ':rish:mergeReleaseNativeLibs', task ':rish:copyReleaseJniLibsProjectOnly', task ':server:preBuild', task ':server:preReleaseBuild', task ':server:mergeReleaseJniLibFolders', task ':server:mergeReleaseNativeLibs', task ':server:copyReleaseJniLibsProjectOnly', task ':server-shared:preBuild', task ':server-shared:preReleaseBuild', task ':server-shared:mergeReleaseJniLibFolders', task ':server-shared:mergeReleaseNativeLibs', task ':server-shared:copyReleaseJniLibsProjectOnly', task ':shared:preBuild', task ':shared:preReleaseBuild', task ':shared:mergeReleaseJniLibFolders', task ':shared:mergeReleaseNativeLibs', task ':shared:copyReleaseJniLibsProjectOnly', task ':starter:preBuild', task ':starter:preReleaseBuild', task ':starter:mergeReleaseJniLibFolders', task ':starter:mergeReleaseNativeLibs', task ':starter:copyReleaseJniLibsProjectOnly', task ':core:ui:preBuild', task ':core:ui:preReleaseBuild', task ':core:ui:mergeReleaseJniLibFolders', task ':core:ui:mergeReleaseNativeLibs', task ':core:ui:copyReleaseJniLibsProjectOnly', task ':manager:mergeReleaseNativeLibs', task ':manager:stripReleaseDebugSymbols', task ':manager:extractReleaseNativeSymbolTables', task ':manager:mergeReleaseNativeDebugMetadata', task ':common:generateReleaseResValues', task ':common:generateReleaseResources', task ':common:packageReleaseResources', task ':common:parseReleaseLocalResources', task ':common:generateReleaseRFile', task ':common:javaPreCompileRelease', task ':common:compileReleaseJavaWithJavac', task ':common:bundleLibCompileToJarRelease', task ':core:ui:checkKotlinGradlePluginConfigurationErrors', task ':core:ui:dataBindingMergeDependencyArtifactsRelease', task ':core:ui:generateReleaseResValues', task ':core:ui:generateReleaseResources', task ':core:ui:packageReleaseResources', task ':core:ui:dataBindingGenBaseClassesRelease', task ':core:ui:parseReleaseLocalResources', task ':core:ui:generateReleaseRFile', task ':core:ui:compileReleaseKotlin', task ':core:ui:javaPreCompileRelease', task ':core:ui:compileReleaseJavaWithJavac', task ':core:ui:mergeReleaseGeneratedProguardFiles', task ':core:ui:exportReleaseConsumerProguardFiles', task ':aidl:compileReleaseAidl', task ':aidl:generateReleaseResValues', task ':aidl:generateReleaseResources', task ':aidl:packageReleaseResources', task ':aidl:parseReleaseLocalResources', task ':aidl:generateReleaseRFile', task ':aidl:javaPreCompileRelease', task ':aidl:compileReleaseJavaWithJavac', task ':aidl:bundleLibCompileToJarRelease', task ':aidl:bundleLibRuntimeToJarRelease', task ':api:generateReleaseResValues', task ':api:generateReleaseResources', task ':api:packageReleaseResources', task ':api:parseReleaseLocalResources', task ':shared:generateReleaseResValues', task ':shared:generateReleaseResources', task ':shared:packageReleaseResources', task ':shared:parseReleaseLocalResources', task ':shared:generateReleaseRFile', task ':api:generateReleaseRFile', task ':api:javaPreCompileRelease', task ':shared:javaPreCompileRelease', task ':shared:compileReleaseJavaWithJavac', task ':shared:bundleLibCompileToJarRelease', task ':api:compileReleaseJavaWithJavac', task ':api:bundleLibRuntimeToJarRelease', task ':common:bundleLibRuntimeToJarRelease', task ':api:bundleLibCompileToJarRelease', task ':provider:generateReleaseResValues', task ':provider:generateReleaseResources', task ':provider:packageReleaseResources', task ':provider:parseReleaseLocalResources', task ':provider:generateReleaseRFile', task ':provider:javaPreCompileRelease', task ':provider:compileReleaseJavaWithJavac', task ':provider:bundleLibCompileToJarRelease', task ':rish:generateReleaseResValues', task ':rish:generateReleaseResources', task ':rish:packageReleaseResources', task ':rish:parseReleaseLocalResources', task ':rish:generateReleaseRFile', task ':rish:javaPreCompileRelease', task ':rish:compileReleaseJavaWithJavac', task ':rish:bundleLibCompileToJarRelease', task ':rish:bundleLibRuntimeToJarRelease', task ':server:checkKotlinGradlePluginConfigurationErrors', task ':server:generateReleaseResValues', task ':server:generateReleaseResources', task ':server:packageReleaseResources', task ':server:parseReleaseLocalResources', task ':server-shared:generateReleaseResValues', task ':server-shared:generateReleaseResources', task ':server-shared:packageReleaseResources', task ':server-shared:parseReleaseLocalResources', task ':server-shared:generateReleaseRFile', task ':starter:generateReleaseResValues', task ':starter:generateReleaseResources', task ':starter:packageReleaseResources', task ':starter:parseReleaseLocalResources', task ':starter:generateReleaseRFile', task ':server:generateReleaseRFile', task ':server-shared:javaPreCompileRelease', task ':server-shared:compileReleaseJavaWithJavac', task ':shared:bundleLibRuntimeToJarRelease', task ':server-shared:transformReleaseClassesWithAsm', task ':server-shared:bundleLibCompileToJarRelease', task ':server-shared:bundleLibRuntimeToJarRelease', task ':starter:checkKotlinGradlePluginConfigurationErrors', task ':starter:compileReleaseKotlin', task ':starter:javaPreCompileRelease', task ':starter:compileReleaseJavaWithJavac', task ':starter:transformReleaseClassesWithAsm', task ':starter:bundleLibCompileToJarRelease', task ':server:compileReleaseKotlin', task ':server:javaPreCompileRelease', task ':server:compileReleaseJavaWithJavac', task ':starter:bundleLibRuntimeToJarRelease', task ':server:transformReleaseClassesWithAsm', task ':server:mergeReleaseGeneratedProguardFiles', task ':server:exportReleaseConsumerProguardFiles', task ':starter:mergeReleaseGeneratedProguardFiles', task ':starter:exportReleaseConsumerProguardFiles', task ':server-shared:mergeReleaseGeneratedProguardFiles', task ':server-shared:exportReleaseConsumerProguardFiles', task ':rish:mergeReleaseGeneratedProguardFiles', task ':rish:exportReleaseConsumerProguardFiles', task ':provider:mergeReleaseGeneratedProguardFiles', task ':provider:exportReleaseConsumerProguardFiles', task ':database:checkKotlinGradlePluginConfigurationErrors', task ':database:generateReleaseResValues', task ':database:generateReleaseResources', task ':database:packageReleaseResources', task ':database:parseReleaseLocalResources', task ':database:generateReleaseRFile', task ':database:kspReleaseKotlin', task ':database:compileReleaseKotlin', task ':database:javaPreCompileRelease', task ':database:compileReleaseJavaWithJavac', task ':database:mergeReleaseGeneratedProguardFiles', task ':database:exportReleaseConsumerProguardFiles', task ':api:mergeReleaseGeneratedProguardFiles', task ':api:exportReleaseConsumerProguardFiles', task ':common:mergeReleaseGeneratedProguardFiles', task ':common:exportReleaseConsumerProguardFiles', task ':shared:mergeReleaseGeneratedProguardFiles', task ':shared:exportReleaseConsumerProguardFiles', task ':aidl:mergeReleaseGeneratedProguardFiles', task ':aidl:exportReleaseConsumerProguardFiles', task ':core:ui:bundleLibRuntimeToJarRelease', task ':server:bundleLibRuntimeToJarRelease', task ':provider:bundleLibRuntimeToJarRelease', task ':database:bundleLibRuntimeToJarRelease', task ':database:bundleLibCompileToJarRelease', task ':manager:checkReleaseDuplicateClasses', task ':aidl:prepareReleaseArtProfile', task ':api:prepareReleaseArtProfile', task ':common:prepareReleaseArtProfile', task ':database:prepareReleaseArtProfile', task ':provider:prepareReleaseArtProfile', task ':rish:prepareReleaseArtProfile', task ':server:prepareReleaseArtProfile', task ':server-shared:prepareReleaseArtProfile', task ':shared:prepareReleaseArtProfile', task ':starter:prepareReleaseArtProfile', task ':core:ui:prepareReleaseArtProfile', task ':manager:mergeReleaseArtProfile', task ':manager:buildKotlinToolingMetadata', task ':manager:compileReleaseAidl', task ':manager:checkKotlinGradlePluginConfigurationErrors', task ':manager:dataBindingMergeDependencyArtifactsRelease', task ':manager:generateReleaseAutoResConfigLocaleConfigRes', task ':manager:generateReleaseMaterialThemeBuilderRes', task ':manager:generateReleaseResValues', task ':manager:generateReleaseResources', task ':manager:collectDependenciesRelease', task ':manager:prepareLibraryDefinitionsRelease', task ':manager:mergeReleaseResources', task ':manager:dataBindingGenBaseClassesRelease', task ':manager:generateReleaseAutoResConfigSource', task ':manager:generateReleaseBuildConfig', task ':manager:generateReleaseMaterialThemeBuilderSource', task ':aidl:writeReleaseAarMetadata', task ':api:writeReleaseAarMetadata', task ':common:writeReleaseAarMetadata', task ':database:writeReleaseAarMetadata', task ':provider:writeReleaseAarMetadata', task ':rish:writeReleaseAarMetadata', task ':server:writeReleaseAarMetadata', task ':server-shared:writeReleaseAarMetadata', task ':shared:writeReleaseAarMetadata', task ':starter:writeReleaseAarMetadata', task ':core:ui:writeReleaseAarMetadata', task ':manager:checkReleaseAarMetadata', task ':manager:mapReleaseSourceSetPaths', task ':manager:createReleaseCompatibleScreenManifests', task ':aidl:extractDeepLinksRelease', task ':aidl:processReleaseManifest', task ':api:extractDeepLinksRelease', task ':api:processReleaseManifest', task ':common:extractDeepLinksRelease', task ':common:processReleaseManifest', task ':database:extractDeepLinksRelease', task ':database:processReleaseManifest', task ':manager:extractDeepLinksRelease', task ':provider:extractDeepLinksRelease', task ':provider:processReleaseManifest', task ':rish:extractDeepLinksRelease', task ':rish:processReleaseManifest', task ':server:extractDeepLinksRelease', task ':server:processReleaseManifest', task ':server-shared:extractDeepLinksRelease', task ':server-shared:processReleaseManifest', task ':shared:extractDeepLinksRelease', task ':shared:processReleaseManifest', task ':starter:extractDeepLinksRelease', task ':starter:processReleaseManifest', task ':core:ui:extractDeepLinksRelease', task ':core:ui:processReleaseManifest', task ':manager:processReleaseMainManifest', task ':manager:processReleaseManifest', task ':manager:processReleaseManifestForPackage', task ':manager:processReleaseResources', task ':server:bundleLibCompileToJarRelease', task ':core:ui:bundleLibCompileToJarRelease', task ':manager:compileReleaseKotlin', task ':manager:javaPreCompileRelease', task ':manager:compileReleaseJavaWithJavac', task ':manager:transformReleaseClassesWithAsm', task ':manager:expandReleaseArtProfileWildcards', task ':manager:extractProguardFiles', task ':manager:mergeReleaseGeneratedProguardFiles', task ':aidl:processReleaseJavaRes', task ':api:processReleaseJavaRes', task ':common:processReleaseJavaRes', task ':database:processReleaseJavaRes', task ':manager:processReleaseJavaRes', task ':provider:processReleaseJavaRes', task ':rish:processReleaseJavaRes', task ':server:processReleaseJavaRes', task ':server-shared:processReleaseJavaRes', task ':shared:processReleaseJavaRes', task ':starter:processReleaseJavaRes', task ':core:ui:processReleaseJavaRes', task ':manager:mergeReleaseJavaResource', task ':manager:mergeReleaseStartupProfile', task ':manager:minifyReleaseWithR8', task ':manager:compileReleaseArtProfile', task ':manager:generateSentryBundleIdRelease', task ':manager:generateSentryProguardUuidRelease', task ':aidl:mergeReleaseShaders', task ':aidl:compileReleaseShaders', task ':aidl:generateReleaseAssets', task ':aidl:mergeReleaseAssets', task ':api:mergeReleaseShaders', task ':api:compileReleaseShaders', task ':api:generateReleaseAssets', task ':api:mergeReleaseAssets', task ':common:mergeReleaseShaders', task ':common:compileReleaseShaders', task ':common:generateReleaseAssets', task ':common:mergeReleaseAssets', task ':database:mergeReleaseShaders', task ':database:compileReleaseShaders', task ':database:generateReleaseAssets', task ':database:mergeReleaseAssets', task ':manager:collectExternalReleaseDependenciesForSentry', task ':manager:mergeReleaseShaders', task ':manager:compileReleaseShaders', task ':manager:generateReleaseAssets', task ':provider:mergeReleaseShaders', task ':provider:compileReleaseShaders', task ':provider:generateReleaseAssets', task ':provider:mergeReleaseAssets', task ':rish:mergeReleaseShaders', task ':rish:compileReleaseShaders', task ':rish:generateReleaseAssets', task ':rish:mergeReleaseAssets', task ':server:mergeReleaseShaders', task ':server:compileReleaseShaders', task ':server:generateReleaseAssets', task ':server:mergeReleaseAssets', task ':server-shared:mergeReleaseShaders', task ':server-shared:compileReleaseShaders', task ':server-shared:generateReleaseAssets', task ':server-shared:mergeReleaseAssets', task ':shared:mergeReleaseShaders', task ':shared:compileReleaseShaders', task ':shared:generateReleaseAssets', task ':shared:mergeReleaseAssets', task ':starter:mergeReleaseShaders', task ':starter:compileReleaseShaders', task ':starter:generateReleaseAssets', task ':starter:mergeReleaseAssets', task ':core:ui:mergeReleaseShaders', task ':core:ui:compileReleaseShaders', task ':core:ui:generateReleaseAssets', task ':core:ui:mergeReleaseAssets', task ':manager:mergeReleaseAssets', task ':manager:injectSentryDebugMetaPropertiesIntoAssetsRelease', task ':manager:compressReleaseAssets', task ':manager:convertShrunkResourcesToBinaryRelease', task ':manager:optimizeReleaseResources', task ':manager:collapseReleaseResourceNames', task ':manager:validateSigningRelease', task ':manager:writeReleaseAppMetadata', task ':manager:writeReleaseSigningConfigVersions', task ':manager:packageRelease', task ':manager:createReleaseApkListingFileRedirect', task ':manager:assembleRelease']
build	Build with Gradle	2026-06-06T12:23:57.2106265Z Tasks that were excluded: [task ':manager:uploadSentryProguardMappingsRelease', task ':manager:sentryUploadSourceBundleRelease', task ':manager:uploadSentryNativeSymbolsForRelease']
build	Build with Gradle	2026-06-06T12:23:57.2108185Z [sentry] Searching cli from sentry.properties file...
build	Build with Gradle	2026-06-06T12:23:57.2109316Z [sentry] sentry-cli not found in sentry.properties file
build	Build with Gradle	2026-06-06T12:23:57.2110029Z [sentry] cliSuffix is Linux-x86_64
build	Build with Gradle	2026-06-06T12:23:57.2110808Z [sentry] Searching for /bin/sentry-cli-Linux-x86_64 in resources folder...
build	Build with Gradle	2026-06-06T12:23:57.2112931Z [sentry] cli found in resources: jar:file:/home/runner/.gradle/caches/modules-2/files-2.1/io.sentry/sentry-android-gradle-plugin/6.2.0/c0fea93b67a49696a7e6c44491d40d80c7427091/sentry-android-gradle-plugin-6.2.0.jar!/bin/sentry-cli-Linux-x86_64
build	Build with Gradle	2026-06-06T12:23:57.2115104Z [sentry] cli present in resources: /bin/sentry-cli-Linux-x86_64
build	Build with Gradle	2026-06-06T12:23:57.2750954Z [sentry] cliSuffix is Linux-x86_64
build	Build with Gradle	2026-06-06T12:23:57.2776093Z [sentry] Searching for /bin/sentry-cli-Linux-x86_64 in resources folder...
build	Build with Gradle	2026-06-06T12:23:57.2809952Z [sentry] cli found in resources: jar:file:/home/runner/.gradle/caches/modules-2/files-2.1/io.sentry/sentry-android-gradle-plugin/6.2.0/c0fea93b67a49696a7e6c44491d40d80c7427091/sentry-android-gradle-plugin-6.2.0.jar!/bin/sentry-cli-Linux-x86_64
build	Build with Gradle	2026-06-06T12:23:57.2812717Z [sentry] sentry-cli base folder: /home/runner/work/ShizukuPlus/ShizukuPlus/manager/build/tmp
build	Build with Gradle	2026-06-06T12:23:57.3751978Z Starting process 'command '/home/runner/work/ShizukuPlus/ShizukuPlus/manager/build/tmp/sentry-cli-3.3.3.exe''. Working directory: /home/runner/work/ShizukuPlus/ShizukuPlus Command: /home/runner/work/ShizukuPlus/ShizukuPlus/manager/build/tmp/sentry-cli-3.3.3.exe --log-level=error info
build	Build with Gradle	2026-06-06T12:23:57.3755391Z Successfully started process 'command '/home/runner/work/ShizukuPlus/ShizukuPlus/manager/build/tmp/sentry-cli-3.3.3.exe''
build	Build with Gradle	2026-06-06T12:23:57.6769799Z Starting process 'command '/home/runner/work/ShizukuPlus/ShizukuPlus/manager/build/tmp/sentry-cli-3.3.3.exe''. Working directory: /home/runner/work/ShizukuPlus/ShizukuPlus Command: /home/runner/work/ShizukuPlus/ShizukuPlus/manager/build/tmp/sentry-cli-3.3.3.exe --log-level=error --version
build	Build with Gradle	2026-06-06T12:23:57.6771720Z Successfully started process 'command '/home/runner/work/ShizukuPlus/ShizukuPlus/manager/build/tmp/sentry-cli-3.3.3.exe''
build	Build with Gradle	2026-06-06T12:23:57.6772761Z [sentry] Sentry telemetry is enabled. To disable set `telemetry=false` in the sentry config block.
build	Build with Gradle	2026-06-06T12:23:57.7759683Z Resolve mutations for :aidl:preBuild (Thread[#162,Execution worker Thread 3,5,main]) started.
build	Build with Gradle	2026-06-06T12:23:57.7761693Z work action Parameters of FilterShrinkerRulesTransform (Thread[#160,Execution worker,5,main]) started.
build	Build with Gradle	2026-06-06T12:23:57.7763229Z Resolve mutations for :api:preBuild (Thread[#161,Execution worker Thread 2,5,main]) started.
build	Build with Gradle	2026-06-06T12:23:57.7764860Z Resolve mutations for :common:preBuild (Thread[#159,included builds,5,main]) started.
build	Build with Gradle	2026-06-06T12:23:57.7765853Z :api:preBuild (Thread[#161,Execution worker Thread 2,5,main]) started.
build	Build with Gradle	2026-06-06T12:23:57.7766815Z :aidl:preBuild (Thread[#162,Execution worker Thread 3,5,main]) started.
build	Build with Gradle	2026-06-06T12:23:57.7769857Z :common:preBuild (Thread[#159,included builds,5,main]) started.
build	Build with Gradle	2026-06-06T12:23:57.7777161Z work action Parameters of AsmClassesTransform (Thread[#160,Execution worker,5,main]) started.
build	Build with Gradle	2026-06-06T12:23:57.7778292Z 
build	Build with Gradle	2026-06-06T12:23:57.7778708Z > Task :common:preBuild UP-TO-DATE
build	Build with Gradle	2026-06-06T12:23:57.7785567Z Skipping task ':common:preBuild' as it has no actions.
build	Build with Gradle	2026-06-06T12:23:57.7786682Z Resolve mutations for :common:preReleaseBuild (Thread[#159,included builds,5,main]) started.
build	Build with Gradle	2026-06-06T12:23:57.7788388Z :common:preReleaseBuild (Thread[#159,included builds,5,main]) started.
build	Build with Gradle	2026-06-06T12:23:57.7789340Z 
build	Build with Gradle	2026-06-06T12:23:57.7789694Z > Task :aidl:preBuild UP-TO-DATE
build	Build with Gradle	2026-06-06T12:23:57.7790441Z Skipping task ':aidl:preBuild' as it has no actions.
build	Build with Gradle	2026-06-06T12:23:57.7791566Z Resolve mutations for :aidl:preReleaseBuild (Thread[#162,Execution worker Thread 3,5,main]) started.
build	Build with Gradle	2026-06-06T12:23:57.7818578Z :aidl:preReleaseBuild (Thread[#162,Execution worker Thread 3,5,main]) started.
build	Build with Gradle	2026-06-06T12:23:57.7830370Z 
build	Build with Gradle	2026-06-06T12:23:57.7830905Z > Task :common:preReleaseBuild UP-TO-DATE
build	Build with Gradle	2026-06-06T12:23:57.7832103Z Skipping task ':common:preReleaseBuild' as it has no actions.
build	Build with Gradle	2026-06-06T12:23:57.7832783Z 
build	Build with Gradle	2026-06-06T12:23:57.7833152Z > Task :aidl:preReleaseBuild UP-TO-DATE
build	Build with Gradle	2026-06-06T12:23:57.7834015Z Skipping task ':aidl:preReleaseBuild' as it has no actions.
build	Build with Gradle	2026-06-06T12:23:57.7835233Z Resolve mutations for :common:mergeReleaseJniLibFolders (Thread[#159,included builds,5,main]) started.
build	Build with Gradle	2026-06-06T12:23:57.7836774Z Resolve mutations for :aidl:mergeReleaseJniLibFolders (Thread[#162,Execution worker Thread 3,5,main]) started.
build	Build with Gradle	2026-06-06T12:23:57.7837880Z 
build	Build with Gradle	2026-06-06T12:23:57.7838273Z > Task :api:preBuild UP-TO-DATE
build	Build with Gradle	2026-06-06T12:23:57.7849076Z Skipping task ':api:preBuild' as it has no actions.
build	Build with Gradle	2026-06-06T12:23:57.7877621Z Resolve mutations for :api:preReleaseBuild (Thread[#161,Execution worker Thread 2,5,main]) started.
build	Build with Gradle	2026-06-06T12:23:57.7883812Z :api:preReleaseBuild (Thread[#161,Execution worker Thread 2,5,main]) started.
build	Build with Gradle	2026-06-06T12:23:57.7887571Z 
build	Build with Gradle	2026-06-06T12:23:57.7888040Z > Task :api:preReleaseBuild UP-TO-DATE
build	Build with Gradle	2026-06-06T12:23:57.7888856Z Skipping task ':api:preReleaseBuild' as it has no actions.
build	Build with Gradle	2026-06-06T12:23:57.7890151Z Resolve mutations for :api:mergeReleaseJniLibFolders (Thread[#161,Execution worker Thread 2,5,main]) started.
build	Build with Gradle	2026-06-06T12:23:57.7891524Z :aidl:mergeReleaseJniLibFolders (Thread[#162,Execution worker Thread 3,5,main]) started.
build	Build with Gradle	2026-06-06T12:23:57.7892684Z :api:mergeReleaseJniLibFolders (Thread[#161,Execution worker Thread 2,5,main]) started.
build	Build with Gradle	2026-06-06T12:23:57.7893785Z :common:mergeReleaseJniLibFolders (Thread[#159,included builds,5,main]) started.
build	Build with Gradle	2026-06-06T12:23:58.0764661Z 
build	Build with Gradle	2026-06-06T12:23:58.0788586Z > Task :aidl:mergeReleaseJniLibFolders
build	Build with Gradle	2026-06-06T12:23:58.0798865Z Caching disabled for task ':aidl:mergeReleaseJniLibFolders' because:
build	Build with Gradle	2026-06-06T12:23:58.0837948Z   Simple merging task
build	Build with Gradle	2026-06-06T12:23:58.0839000Z Task ':aidl:mergeReleaseJniLibFolders' is not up-to-date because:
build	Build with Gradle	2026-06-06T12:23:58.0839905Z   No history is available.
build	Build with Gradle	2026-06-06T12:23:58.0840753Z The input changes require a full rebuild for incremental task ':aidl:mergeReleaseJniLibFolders'.
build	Build with Gradle	2026-06-06T12:23:58.0841516Z 
build	Build with Gradle	2026-06-06T12:23:58.0841826Z > Task :api:mergeReleaseJniLibFolders
build	Build with Gradle	2026-06-06T12:23:58.0842873Z Caching disabled for task ':api:mergeReleaseJniLibFolders' because:
build	Build with Gradle	2026-06-06T12:23:58.0843773Z   Simple merging task
build	Build with Gradle	2026-06-06T12:23:58.0844462Z Task ':api:mergeReleaseJniLibFolders' is not up-to-date because:
build	Build with Gradle	2026-06-06T12:23:58.0845215Z   No history is available.
build	Build with Gradle	2026-06-06T12:23:58.0848853Z The input changes require a full rebuild for incremental task ':api:mergeReleaseJniLibFolders'.
build	Build with Gradle	2026-06-06T12:23:58.0853347Z Resolve mutations for :api:mergeReleaseNativeLibs (Thread[#161,Execution worker Thread 2,5,main]) started.
build	Build with Gradle	2026-06-06T12:23:58.0854729Z Resolve mutations for :aidl:mergeReleaseNativeLibs (Thread[#162,Execution worker Thread 3,5,main]) started.
build	Build with Gradle	2026-06-06T12:23:58.0855558Z 
build	Build with Gradle	2026-06-06T12:23:58.0855916Z > Task :common:mergeReleaseJniLibFolders
build	Build with Gradle	2026-06-06T12:23:58.0856738Z Caching disabled for task ':common:mergeReleaseJniLibFolders' because:
build	Build with Gradle	2026-06-06T12:23:58.0861797Z   Simple merging task
build	Build with Gradle	2026-06-06T12:23:58.0869719Z Task ':common:mergeReleaseJniLibFolders' is not up-to-date because:
build	Build with Gradle	2026-06-06T12:23:58.0870785Z   No history is available.
build	Build with Gradle	2026-06-06T12:23:58.0871781Z The input changes require a full rebuild for incremental task ':common:mergeReleaseJniLibFolders'.
build	Build with Gradle	2026-06-06T12:23:58.0873678Z Resolve mutations for :common:mergeReleaseNativeLibs (Thread[#159,included builds,5,main]) started.
build	Build with Gradle	2026-06-06T12:23:58.0875016Z :api:mergeReleaseNativeLibs (Thread[#161,Execution worker Thread 2,5,main]) started.
build	Build with Gradle	2026-06-06T12:23:58.0876191Z :common:mergeReleaseNativeLibs (Thread[#159,included builds,5,main]) started.
build	Build with Gradle	2026-06-06T12:23:58.0877327Z :aidl:mergeReleaseNativeLibs (Thread[#162,Execution worker Thread 3,5,main]) started.
build	Build with Gradle	2026-06-06T12:23:58.0878183Z 
build	Build with Gradle	2026-06-06T12:23:58.0878532Z > Task :aidl:mergeReleaseNativeLibs NO-SOURCE
build	Build with Gradle	2026-06-06T12:23:58.0881314Z Skipping task ':aidl:mergeReleaseNativeLibs' as it has no source files and no previous output files.
build	Build with Gradle	2026-06-06T12:23:58.0882043Z 
build	Build with Gradle	2026-06-06T12:23:58.0882389Z > Task :api:mergeReleaseNativeLibs NO-SOURCE
build	Build with Gradle	2026-06-06T12:23:58.0883295Z Skipping task ':api:mergeReleaseNativeLibs' as it has no source files and no previous output files.
build	Build with Gradle	2026-06-06T12:23:58.0884556Z Resolve mutations for :aidl:copyReleaseJniLibsProjectOnly (Thread[#162,Execution worker Thread 3,5,main]) started.
build	Build with Gradle	2026-06-06T12:23:58.0888328Z Resolve mutations for :api:copyReleaseJniLibsProjectOnly (Thread[#161,Execution worker Thread 2,5,main]) started.
build	Build with Gradle	2026-06-06T12:23:58.0889335Z 
build	Build with Gradle	2026-06-06T12:23:58.0889717Z > Task :common:mergeReleaseNativeLibs NO-SOURCE
build	Build with Gradle	2026-06-06T12:23:58.0894272Z Skipping task ':common:mergeReleaseNativeLibs' as it has no source files and no previous output files.
build	Build with Gradle	2026-06-06T12:23:58.0895985Z Resolve mutations for :common:copyReleaseJniLibsProjectOnly (Thread[#159,included builds,5,main]) started.
build	Build with Gradle	2026-06-06T12:23:58.0897528Z :aidl:copyReleaseJniLibsProjectOnly (Thread[#162,Execution worker Thread 3,5,main]) started.
build	Build with Gradle	2026-06-06T12:23:58.0898672Z :api:copyReleaseJniLibsProjectOnly (Thread[#161,Execution worker Thread 2,5,main]) started.
build	Build with Gradle	2026-06-06T12:23:58.0899962Z :common:copyReleaseJniLibsProjectOnly (Thread[#159,included builds,5,main]) started.
build	Build with Gradle	2026-06-06T12:23:58.0906945Z 
build	Build with Gradle	2026-06-06T12:23:58.0909827Z > Task :aidl:copyReleaseJniLibsProjectOnly
build	Build with Gradle	2026-06-06T12:23:58.0910768Z Caching disabled for task ':aidl:copyReleaseJniLibsProjectOnly' because:
build	Build with Gradle	2026-06-06T12:23:58.0911913Z   Caching has been disabled for the task
build	Build with Gradle	2026-06-06T12:23:58.0912871Z Task ':aidl:copyReleaseJniLibsProjectOnly' is not up-to-date because:
build	Build with Gradle	2026-06-06T12:23:58.0916795Z   No history is available.
build	Build with Gradle	2026-06-06T12:23:58.0918005Z work action resolve jni (project :aidl) (Thread[#162,Execution worker Thread 3,5,main]) started.
build	Build with Gradle	2026-06-06T12:23:58.0919170Z Resolve mutations for :database:preBuild (Thread[#162,Execution worker Thread 3,5,main]) started.
build	Build with Gradle	2026-06-06T12:23:58.0919929Z 
build	Build with Gradle	2026-06-06T12:23:58.0920274Z > Task :api:copyReleaseJniLibsProjectOnly
build	Build with Gradle	2026-06-06T12:23:58.0921087Z Caching disabled for task ':api:copyReleaseJniLibsProjectOnly' because:
build	Build with Gradle	2026-06-06T12:23:58.0921897Z   Caching has been disabled for the task
build	Build with Gradle	2026-06-06T12:23:58.0922719Z Task ':api:copyReleaseJniLibsProjectOnly' is not up-to-date because:
build	Build with Gradle	2026-06-06T12:23:58.0923759Z   No history is available.
build	Build with Gradle	2026-06-06T12:23:58.0924108Z 
build	Build with Gradle	2026-06-06T12:23:58.0924442Z > Task :common:copyReleaseJniLibsProjectOnly
build	Build with Gradle	2026-06-06T12:23:58.0925226Z Caching disabled for task ':common:copyReleaseJniLibsProjectOnly' because:
build	Build with Gradle	2026-06-06T12:23:58.0933227Z   Caching has been disabled for the task
build	Build with Gradle	2026-06-06T12:23:58.0934232Z Task ':common:copyReleaseJniLibsProjectOnly' is not up-to-date because:
build	Build with Gradle	2026-06-06T12:23:58.0935194Z   No history is available.
build	Build with Gradle	2026-06-06T12:23:58.0936180Z work action resolve jni (project :common) (Thread[#159,included builds,5,main]) started.
build	Build with Gradle	2026-06-06T12:23:58.0937614Z work action resolve jni (project :api) (Thread[#161,Execution worker Thread 2,5,main]) started.
build	Build with Gradle	2026-06-06T12:23:58.0940200Z Resolve mutations for :shell:preBuild (Thread[#159,included builds,5,main]) started.
build	Build with Gradle	2026-06-06T12:23:58.0981399Z :database:preBuild (Thread[#161,Execution worker Thread 2,5,main]) started.
build	Build with Gradle	2026-06-06T12:23:58.0982479Z :shell:preBuild (Thread[#159,included builds,5,main]) started.
build	Build with Gradle	2026-06-06T12:23:58.0983325Z 
build	Build with Gradle	2026-06-06T12:23:58.0983861Z > Task :database:preBuild UP-TO-DATE
build	Build with Gradle	2026-06-06T12:23:58.0984590Z Skipping task ':database:preBuild' as it has no actions.
build	Build with Gradle	2026-06-06T12:23:58.0985129Z 
build	Build with Gradle	2026-06-06T12:23:58.0985426Z > Task :shell:preBuild UP-TO-DATE
build	Build with Gradle	2026-06-06T12:23:58.0986433Z Skipping task ':shell:preBuild' as it has no actions.
build	Build with Gradle	2026-06-06T12:23:58.0987537Z Resolve mutations for :provider:preBuild (Thread[#162,Execution worker Thread 3,5,main]) started.
build	Build with Gradle	2026-06-06T12:23:58.1014726Z :provider:preBuild (Thread[#162,Execution worker Thread 3,5,main]) started.
build	Build with Gradle	2026-06-06T12:23:58.1015590Z 
build	Build with Gradle	2026-06-06T12:23:58.1016144Z > Task :provider:preBuild UP-TO-DATE
build	Build with Gradle	2026-06-06T12:23:58.1028805Z Skipping task ':provider:preBuild' as it has no actions.
build	Build with Gradle	2026-06-06T12:23:58.1030480Z Resolve mutations for :database:preReleaseBuild (Thread[#161,Execution worker Thread 2,5,main]) started.
build	Build with Gradle	2026-06-06T12:23:58.1031772Z :database:preReleaseBuild (Thread[#161,Execution worker Thread 2,5,main]) started.
build	Build with Gradle	2026-06-06T12:23:58.1032499Z 
build	Build with Gradle	2026-06-06T12:23:58.1032841Z > Task :database:preReleaseBuild UP-TO-DATE
build	Build with Gradle	2026-06-06T12:23:58.1033636Z Skipping task ':database:preReleaseBuild' as it has no actions.
build	Build with Gradle	2026-06-06T12:23:58.1034798Z Resolve mutations for :provider:preReleaseBuild (Thread[#162,Execution worker Thread 3,5,main]) started.
build	Build with Gradle	2026-06-06T12:23:58.1036280Z Resolve mutations for :database:mergeReleaseJniLibFolders (Thread[#161,Execution worker Thread 2,5,main]) started.
build	Build with Gradle	2026-06-06T12:23:58.1037690Z :provider:preReleaseBuild (Thread[#162,Execution worker Thread 3,5,main]) started.
build	Build with Gradle	2026-06-06T12:23:58.1038337Z 
build	Build with Gradle	2026-06-06T12:23:58.1038643Z > Task :provider:preReleaseBuild UP-TO-DATE
build	Build with Gradle	2026-06-06T12:23:58.1039379Z Skipping task ':provider:preReleaseBuild' as it has no actions.
build	Build with Gradle	2026-06-06T12:23:58.1040449Z Resolve mutations for :provider:mergeReleaseJniLibFolders (Thread[#162,Execution worker Thread 3,5,main]) started.
build	Build with Gradle	2026-06-06T12:23:58.1041669Z :database:mergeReleaseJniLibFolders (Thread[#161,Execution worker Thread 2,5,main]) started.
build	Build with Gradle	2026-06-06T12:23:58.1042795Z Resolve mutations for :shell:preReleaseBuild (Thread[#159,included builds,5,main]) started.
build	Build with Gradle	2026-06-06T12:23:58.1043946Z :shell:preReleaseBuild (Thread[#159,included builds,5,main]) started.
build	Build with Gradle	2026-06-06T12:23:58.1044562Z 
build	Build with Gradle	2026-06-06T12:23:58.1044881Z > Task :shell:preReleaseBuild UP-TO-DATE
build	Build with Gradle	2026-06-06T12:23:58.1045670Z Skipping task ':shell:preReleaseBuild' as it has no actions.
build	Build with Gradle	2026-06-06T12:23:58.1046628Z :provider:mergeReleaseJniLibFolders (Thread[#162,Execution worker Thread 3,5,main]) started.
build	Build with Gradle	2026-06-06T12:23:58.1047935Z Resolve mutations for :shell:mergeReleaseJniLibFolders (Thread[#159,included builds,5,main]) started.
build	Build with Gradle	2026-06-06T12:23:58.1049145Z :shell:mergeReleaseJniLibFolders (Thread[#159,included builds,5,main]) started.
build	Build with Gradle	2026-06-06T12:23:58.1798160Z 
build	Build with Gradle	2026-06-06T12:23:58.1799059Z > Task :provider:mergeReleaseJniLibFolders
build	Build with Gradle	2026-06-06T12:23:58.1799916Z Caching disabled for task ':provider:mergeReleaseJniLibFolders' because:
build	Build with Gradle	2026-06-06T12:23:58.1800656Z   Simple merging task
build	Build with Gradle	2026-06-06T12:23:58.1801322Z Task ':provider:mergeReleaseJniLibFolders' is not up-to-date because:
build	Build with Gradle	2026-06-06T12:23:58.1802053Z   No history is available.
build	Build with Gradle	2026-06-06T12:23:58.1803174Z The input changes require a full rebuild for incremental task ':provider:mergeReleaseJniLibFolders'.
build	Build with Gradle	2026-06-06T12:23:58.1803960Z 
build	Build with Gradle	2026-06-06T12:23:58.1804198Z > Task :database:mergeReleaseJniLibFolders
build	Build with Gradle	2026-06-06T12:23:58.1804987Z Caching disabled for task ':database:mergeReleaseJniLibFolders' because:
build	Build with Gradle	2026-06-06T12:23:58.1805724Z   Simple merging task
build	Build with Gradle	2026-06-06T12:23:58.1806371Z Task ':database:mergeReleaseJniLibFolders' is not up-to-date because:
build	Build with Gradle	2026-06-06T12:23:58.1807117Z   No history is available.
build	Build with Gradle	2026-06-06T12:23:58.1808321Z The input changes require a full rebuild for incremental task ':database:mergeReleaseJniLibFolders'.
build	Build with Gradle	2026-06-06T12:23:58.1839084Z Resolve mutations for :database:mergeReleaseNativeLibs (Thread[#161,Execution worker Thread 2,5,main]) started.
build	Build with Gradle	2026-06-06T12:23:58.1868627Z Resolve mutations for :provider:mergeReleaseNativeLibs (Thread[#162,Execution worker Thread 3,5,main]) started.
build	Build with Gradle	2026-06-06T12:23:58.1928612Z :database:mergeReleaseNativeLibs (Thread[#161,Execution worker Thread 2,5,main]) started.
build	Build with Gradle	2026-06-06T12:23:58.1988858Z :provider:mergeReleaseNativeLibs (Thread[#162,Execution worker Thread 3,5,main]) started.
build	Build with Gradle	2026-06-06T12:23:58.2007902Z 
build	Build with Gradle	2026-06-06T12:23:58.2038260Z > Task :shell:mergeReleaseJniLibFolders
build	Build with Gradle	2026-06-06T12:23:58.2058592Z Caching disabled for task ':shell:mergeReleaseJniLibFolders' because:
build	Build with Gradle	2026-06-06T12:23:58.2059552Z   Simple merging task
build	Build with Gradle	2026-06-06T12:23:58.2089259Z Task ':shell:mergeReleaseJniLibFolders' is not up-to-date because:
build	Build with Gradle	2026-06-06T12:23:58.2128131Z   No history is available.
build	Build with Gradle	2026-06-06T12:23:58.2129013Z The input changes require a full rebuild for incremental task ':shell:mergeReleaseJniLibFolders'.
build	Build with Gradle	2026-06-06T12:23:58.2158466Z Resolve mutations for :shell:mergeReleaseNativeLibs (Thread[#159,included builds,5,main]) started.
build	Build with Gradle	2026-06-06T12:23:58.2188346Z :shell:mergeReleaseNativeLibs (Thread[#159,included builds,5,main]) started.
build	Build with Gradle	2026-06-06T12:23:58.2211009Z 
build	Build with Gradle	2026-06-06T12:23:58.2230970Z > Task :provider:mergeReleaseNativeLibs NO-SOURCE
build	Build with Gradle	2026-06-06T12:23:58.2238513Z Skipping task ':provider:mergeReleaseNativeLibs' as it has no source files and no previous output files.
build	Build with Gradle	2026-06-06T12:23:58.2291294Z Resolve mutations for :provider:copyReleaseJniLibsProjectOnly (Thread[#162,Execution worker Thread 3,5,main]) started.
build	Build with Gradle	2026-06-06T12:23:58.2348680Z :provider:copyReleaseJniLibsProjectOnly (Thread[#162,Execution worker Thread 3,5,main]) started.
build	Build with Gradle	2026-06-06T12:23:58.2377786Z 
build	Build with Gradle	2026-06-06T12:23:58.2438520Z > Task :database:mergeReleaseNativeLibs NO-SOURCE
build	Build with Gradle	2026-06-06T12:23:58.2457036Z Skipping task ':database:mergeReleaseNativeLibs' as it has no source files and no previous output files.
build	Build with Gradle	2026-06-06T12:23:58.2514223Z Resolve mutations for :database:copyReleaseJniLibsProjectOnly (Thread[#161,Execution worker Thread 2,5,main]) started.
build	Build with Gradle	2026-06-06T12:23:58.2547833Z :database:copyReleaseJniLibsProjectOnly (Thread[#161,Execution worker Thread 2,5,main]) started.
build	Build with Gradle	2026-06-06T12:23:58.2592677Z 
build	Build with Gradle	2026-06-06T12:23:58.2638560Z > Task :database:copyReleaseJniLibsProjectOnly
build	Build with Gradle	2026-06-06T12:23:58.2694312Z Caching disabled for task ':database:copyReleaseJniLibsProjectOnly' because:
build	Build with Gradle	2026-06-06T12:23:58.2718384Z   Caching has been disabled for the task
build	Build with Gradle	2026-06-06T12:23:58.2778560Z Task ':database:copyReleaseJniLibsProjectOnly' is not up-to-date because:
build	Build with Gradle	2026-06-06T12:23:58.2808291Z   No history is available.
build	Build with Gradle	2026-06-06T12:23:58.2838762Z work action resolve jni (project :database) (Thread[#161,Execution worker Thread 2,5,main]) started.
build	Build with Gradle	2026-06-06T12:23:58.2840240Z Resolve mutations for :rish:preBuild (Thread[#161,Execution worker Thread 2,5,main]) started.
build	Build with Gradle	2026-06-06T12:23:58.2868405Z :rish:preBuild (Thread[#161,Execution worker Thread 2,5,main]) started.
build	Build with Gradle	2026-06-06T12:23:58.2895221Z 
build	Build with Gradle	2026-06-06T12:23:58.2895948Z > Task :rish:preBuild UP-TO-DATE
build	Build with Gradle	2026-06-06T12:23:58.2896794Z Skipping task ':rish:preBuild' as it has no actions.
build	Build with Gradle	2026-06-06T12:23:58.2898027Z Resolve mutations for :rish:preReleaseBuild (Thread[#161,Execution worker Thread 2,5,main]) started.
build	Build with Gradle	2026-06-06T12:23:58.2899449Z :rish:preReleaseBuild (Thread[#161,Execution worker Thread 2,5,main]) started.
build	Build with Gradle	2026-06-06T12:23:58.2928009Z 
build	Build with Gradle	2026-06-06T12:23:58.2948495Z > Task :rish:preReleaseBuild UP-TO-DATE
build	Build with Gradle	2026-06-06T12:23:58.2976553Z Skipping task ':rish:preReleaseBuild' as it has no actions.
build	Build with Gradle	2026-06-06T12:23:58.3030621Z Resolve mutations for :rish:configureCMakeRelWithDebInfo[arm64-v8a] (Thread[#161,Execution worker Thread 2,5,main]) started.
build	Build with Gradle	2026-06-06T12:23:58.3067756Z 
build	Build with Gradle	2026-06-06T12:23:58.3097468Z > Task :provider:copyReleaseJniLibsProjectOnly
build	Build with Gradle	2026-06-06T12:23:58.3138626Z Caching disabled for task ':provider:copyReleaseJniLibsProjectOnly' because:
build	Build with Gradle	2026-06-06T12:23:58.3188502Z   Caching has been disabled for the task
build	Build with Gradle	2026-06-06T12:23:58.3198440Z Task ':provider:copyReleaseJniLibsProjectOnly' is not up-to-date because:
build	Build with Gradle	2026-06-06T12:23:58.3218426Z   No history is available.
build	Build with Gradle	2026-06-06T12:23:58.3248777Z work action resolve jni (project :provider) (Thread[#162,Execution worker Thread 3,5,main]) started.
build	Build with Gradle	2026-06-06T12:23:58.3258521Z Resolve mutations for :server:preBuild (Thread[#162,Execution worker Thread 3,5,main]) started.
build	Build with Gradle	2026-06-06T12:23:58.3286798Z :server:preBuild (Thread[#162,Execution worker Thread 3,5,main]) started.
build	Build with Gradle	2026-06-06T12:23:58.3308650Z :rish:configureCMakeRelWithDebInfo[arm64-v8a] (Thread[#161,Execution worker Thread 2,5,main]) started.
build	Build with Gradle	2026-06-06T12:23:58.3337840Z 
build	Build with Gradle	2026-06-06T12:23:58.3357770Z > Task :server:preBuild UP-TO-DATE
build	Build with Gradle	2026-06-06T12:23:58.3378324Z Skipping task ':server:preBuild' as it has no actions.
build	Build with Gradle	2026-06-06T12:23:58.3399098Z Resolve mutations for :server:preReleaseBuild (Thread[#162,Execution worker Thread 3,5,main]) started.
build	Build with Gradle	2026-06-06T12:23:58.3428400Z :server:preReleaseBuild (Thread[#162,Execution worker Thread 3,5,main]) started.
build	Build with Gradle	2026-06-06T12:23:58.3441835Z 
build	Build with Gradle	2026-06-06T12:23:58.3468269Z > Task :server:preReleaseBuild UP-TO-DATE
build	Build with Gradle	2026-06-06T12:23:58.3488725Z Skipping task ':server:preReleaseBuild' as it has no actions.
build	Build with Gradle	2026-06-06T12:23:58.3493297Z Resolve mutations for :server:mergeReleaseJniLibFolders (Thread[#162,Execution worker Thread 3,5,main]) started.
build	Build with Gradle	2026-06-06T12:23:58.3528562Z :server:mergeReleaseJniLibFolders (Thread[#162,Execution worker Thread 3,5,main]) started.
build	Build with Gradle	2026-06-06T12:23:58.3555733Z 
build	Build with Gradle	2026-06-06T12:23:58.3568348Z > Task :server:mergeReleaseJniLibFolders
build	Build with Gradle	2026-06-06T12:23:58.3598444Z Caching disabled for task ':server:mergeReleaseJniLibFolders' because:
build	Build with Gradle	2026-06-06T12:23:58.3615581Z   Simple merging task
build	Build with Gradle	2026-06-06T12:23:58.3616573Z Task ':server:mergeReleaseJniLibFolders' is not up-to-date because:
build	Build with Gradle	2026-06-06T12:23:58.3618274Z   No history is available.
build	Build with Gradle	2026-06-06T12:23:58.3620161Z The input changes require a full rebuild for incremental task ':server:mergeReleaseJniLibFolders'.
build	Build with Gradle	2026-06-06T12:23:58.3624947Z Resolve mutations for :server:mergeReleaseNativeLibs (Thread[#162,Execution worker Thread 3,5,main]) started.
build	Build with Gradle	2026-06-06T12:23:58.3664316Z :server:mergeReleaseNativeLibs (Thread[#162,Execution worker Thread 3,5,main]) started.
build	Build with Gradle	2026-06-06T12:23:58.3677752Z 
build	Build with Gradle	2026-06-06T12:23:58.3708292Z > Task :server:mergeReleaseNativeLibs NO-SOURCE
build	Build with Gradle	2026-06-06T12:23:58.3718467Z Skipping task ':server:mergeReleaseNativeLibs' as it has no source files and no previous output files.
build	Build with Gradle	2026-06-06T12:23:58.3748520Z Resolve mutations for :server:copyReleaseJniLibsProjectOnly (Thread[#162,Execution worker Thread 3,5,main]) started.
build	Build with Gradle	2026-06-06T12:23:58.3768449Z :server:copyReleaseJniLibsProjectOnly (Thread[#162,Execution worker Thread 3,5,main]) started.
build	Build with Gradle	2026-06-06T12:23:58.3777559Z 
build	Build with Gradle	2026-06-06T12:23:58.3808059Z > Task :server:copyReleaseJniLibsProjectOnly
build	Build with Gradle	2026-06-06T12:23:58.3828318Z Caching disabled for task ':server:copyReleaseJniLibsProjectOnly' because:
build	Build with Gradle	2026-06-06T12:23:58.3858070Z   Caching has been disabled for the task
build	Build with Gradle	2026-06-06T12:23:58.3868193Z Task ':server:copyReleaseJniLibsProjectOnly' is not up-to-date because:
build	Build with Gradle	2026-06-06T12:23:58.3897950Z   No history is available.
build	Build with Gradle	2026-06-06T12:23:58.3918382Z work action resolve jni (project :server) (Thread[#162,Execution worker Thread 3,5,main]) started.
build	Build with Gradle	2026-06-06T12:23:58.3948375Z Resolve mutations for :server-shared:preBuild (Thread[#162,Execution worker Thread 3,5,main]) started.
build	Build with Gradle	2026-06-06T12:23:58.3958197Z :server-shared:preBuild (Thread[#162,Execution worker Thread 3,5,main]) started.
build	Build with Gradle	2026-06-06T12:23:58.3987563Z 
build	Build with Gradle	2026-06-06T12:23:58.4008184Z > Task :server-shared:preBuild UP-TO-DATE
build	Build with Gradle	2026-06-06T12:23:58.4018110Z Skipping task ':server-shared:preBuild' as it has no actions.
build	Build with Gradle	2026-06-06T12:23:58.4048489Z Resolve mutations for :server-shared:preReleaseBuild (Thread[#162,Execution worker Thread 3,5,main]) started.
build	Build with Gradle	2026-06-06T12:23:58.4076885Z :server-shared:preReleaseBuild (Thread[#162,Execution worker Thread 3,5,main]) started.
build	Build with Gradle	2026-06-06T12:23:58.4102697Z 
build	Build with Gradle	2026-06-06T12:23:58.4103506Z > Task :server-shared:preReleaseBuild UP-TO-DATE
build	Build with Gradle	2026-06-06T12:23:58.4104202Z Skipping task ':server-shared:preReleaseBuild' as it has no actions.
build	Build with Gradle	2026-06-06T12:23:58.4105543Z Resolve mutations for :server-shared:mergeReleaseJniLibFolders (Thread[#162,Execution worker Thread 3,5,main]) started.
build	Build with Gradle	2026-06-06T12:23:58.4106722Z :server-shared:mergeReleaseJniLibFolders (Thread[#162,Execution worker Thread 3,5,main]) started.
build	Build with Gradle	2026-06-06T12:23:58.4108643Z 
build	Build with Gradle	2026-06-06T12:23:58.4108850Z > Task :server-shared:mergeReleaseJniLibFolders
build	Build with Gradle	2026-06-06T12:23:58.4109333Z Caching disabled for task ':server-shared:mergeReleaseJniLibFolders' because:
build	Build with Gradle	2026-06-06T12:23:58.4109787Z   Simple merging task
build	Build with Gradle	2026-06-06T12:23:58.4110182Z Task ':server-shared:mergeReleaseJniLibFolders' is not up-to-date because:
build	Build with Gradle	2026-06-06T12:23:58.4110695Z   No history is available.
build	Build with Gradle	2026-06-06T12:23:58.4111190Z The input changes require a full rebuild for incremental task ':server-shared:mergeReleaseJniLibFolders'.
build	Build with Gradle	2026-06-06T12:23:58.4111945Z Resolve mutations for :server-shared:mergeReleaseNativeLibs (Thread[#162,Execution worker Thread 3,5,main]) started.
build	Build with Gradle	2026-06-06T12:23:58.4112676Z :server-shared:mergeReleaseNativeLibs (Thread[#162,Execution worker Thread 3,5,main]) started.
build	Build with Gradle	2026-06-06T12:23:58.4113056Z 
build	Build with Gradle	2026-06-06T12:23:58.4113235Z > Task :server-shared:mergeReleaseNativeLibs NO-SOURCE
build	Build with Gradle	2026-06-06T12:23:58.4113815Z Skipping task ':server-shared:mergeReleaseNativeLibs' as it has no source files and no previous output files.
build	Build with Gradle	2026-06-06T12:23:58.4114605Z Resolve mutations for :server-shared:copyReleaseJniLibsProjectOnly (Thread[#162,Execution worker Thread 3,5,main]) started.
build	Build with Gradle	2026-06-06T12:23:58.4115387Z :server-shared:copyReleaseJniLibsProjectOnly (Thread[#162,Execution worker Thread 3,5,main]) started.
build	Build with Gradle	2026-06-06T12:23:58.4777919Z 
build	Build with Gradle	2026-06-06T12:23:58.4808656Z > Task :server-shared:copyReleaseJniLibsProjectOnly
build	Build with Gradle	2026-06-06T12:23:58.4838880Z Caching disabled for task ':server-shared:copyReleaseJniLibsProjectOnly' because:
build	Build with Gradle	2026-06-06T12:23:58.4868352Z   Caching has been disabled for the task
build	Build with Gradle	2026-06-06T12:23:58.4928778Z Task ':server-shared:copyReleaseJniLibsProjectOnly' is not up-to-date because:
build	Build with Gradle	2026-06-06T12:23:58.4955512Z   No history is available.
build	Build with Gradle	2026-06-06T12:23:58.5002744Z work action resolve jni (project :server-shared) (Thread[#162,Execution worker Thread 3,5,main]) started.
build	Build with Gradle	2026-06-06T12:23:58.5056877Z Resolve mutations for :shared:preBuild (Thread[#162,Execution worker Thread 3,5,main]) started.
build	Build with Gradle	2026-06-06T12:23:58.5088740Z :shared:preBuild (Thread[#162,Execution worker Thread 3,5,main]) started.
build	Build with Gradle	2026-06-06T12:23:58.5147841Z 
build	Build with Gradle	2026-06-06T12:23:58.5169435Z > Task :shared:preBuild UP-TO-DATE
build	Build with Gradle	2026-06-06T12:23:58.5208509Z Skipping task ':shared:preBuild' as it has no actions.
build	Build with Gradle	2026-06-06T12:23:58.5238832Z Resolve mutations for :shared:preReleaseBuild (Thread[#162,Execution worker Thread 3,5,main]) started.
build	Build with Gradle	2026-06-06T12:23:58.5240371Z :shared:preReleaseBuild (Thread[#162,Execution worker Thread 3,5,main]) started.
build	Build with Gradle	2026-06-06T12:23:58.5267843Z 
build	Build with Gradle	2026-06-06T12:23:58.5298456Z > Task :shared:preReleaseBuild UP-TO-DATE
build	Build with Gradle	2026-06-06T12:23:58.5328646Z Skipping task ':shared:preReleaseBuild' as it has no actions.
build	Build with Gradle	2026-06-06T12:23:58.5330176Z Resolve mutations for :shared:mergeReleaseJniLibFolders (Thread[#162,Execution worker Thread 3,5,main]) started.
build	Build with Gradle	2026-06-06T12:23:58.5359003Z :shared:mergeReleaseJniLibFolders (Thread[#162,Execution worker Thread 3,5,main]) started.
build	Build with Gradle	2026-06-06T12:23:58.5769652Z 
build	Build with Gradle	2026-06-06T12:23:58.5798592Z > Task :shared:mergeReleaseJniLibFolders
build	Build with Gradle	2026-06-06T12:23:58.5818607Z Caching disabled for task ':shared:mergeReleaseJniLibFolders' because:
build	Build with Gradle	2026-06-06T12:23:58.5828304Z   Simple merging task
build	Build with Gradle	2026-06-06T12:23:58.5858525Z Task ':shared:mergeReleaseJniLibFolders' is not up-to-date because:
build	Build with Gradle	2026-06-06T12:23:58.5888570Z   No history is available.
build	Build with Gradle	2026-06-06T12:23:58.5900314Z The input changes require a full rebuild for incremental task ':shared:mergeReleaseJniLibFolders'.
build	Build with Gradle	2026-06-06T12:23:58.5918840Z Resolve mutations for :shared:mergeReleaseNativeLibs (Thread[#162,Execution worker Thread 3,5,main]) started.
build	Build with Gradle	2026-06-06T12:23:58.5948636Z :shared:mergeReleaseNativeLibs (Thread[#162,Execution worker Thread 3,5,main]) started.
build	Build with Gradle	2026-06-06T12:23:58.5977745Z 
build	Build with Gradle	2026-06-06T12:23:58.5979751Z > Task :shared:mergeReleaseNativeLibs NO-SOURCE
build	Build with Gradle	2026-06-06T12:23:58.6008730Z Skipping task ':shared:mergeReleaseNativeLibs' as it has no source files and no previous output files.
build	Build with Gradle	2026-06-06T12:23:58.6038830Z Resolve mutations for :shared:copyReleaseJniLibsProjectOnly (Thread[#162,Execution worker Thread 3,5,main]) started.
build	Build with Gradle	2026-06-06T12:23:58.6068697Z :shared:copyReleaseJniLibsProjectOnly (Thread[#162,Execution worker Thread 3,5,main]) started.
build	Build with Gradle	2026-06-06T12:23:58.6081650Z 
build	Build with Gradle	2026-06-06T12:23:58.6098341Z > Task :shared:copyReleaseJniLibsProjectOnly
build	Build with Gradle	2026-06-06T12:23:58.6128564Z Caching disabled for task ':shared:copyReleaseJniLibsProjectOnly' because:
build	Build with Gradle	2026-06-06T12:23:58.6158340Z   Caching has been disabled for the task
build	Build with Gradle	2026-06-06T12:23:58.6165483Z Task ':shared:copyReleaseJniLibsProjectOnly' is not up-to-date because:
build	Build with Gradle	2026-06-06T12:23:58.6188234Z   No history is available.
build	Build with Gradle	2026-06-06T12:23:58.6218830Z work action resolve jni (project :shared) (Thread[#162,Execution worker Thread 3,5,main]) started.
build	Build with Gradle	2026-06-06T12:23:58.6248664Z Resolve mutations for :starter:preBuild (Thread[#162,Execution worker Thread 3,5,main]) started.
build	Build with Gradle	2026-06-06T12:23:58.6252785Z :starter:preBuild (Thread[#162,Execution worker Thread 3,5,main]) started.
build	Build with Gradle	2026-06-06T12:23:58.6277928Z 
build	Build with Gradle	2026-06-06T12:23:58.6308493Z > Task :starter:preBuild UP-TO-DATE
build	Build with Gradle	2026-06-06T12:23:58.6338454Z Skipping task ':starter:preBuild' as it has no actions.
build	Build with Gradle	2026-06-06T12:23:58.6339779Z Resolve mutations for :starter:preReleaseBuild (Thread[#162,Execution worker Thread 3,5,main]) started.
build	Build with Gradle	2026-06-06T12:23:58.6368606Z :starter:preReleaseBuild (Thread[#162,Execution worker Thread 3,5,main]) started.
build	Build with Gradle	2026-06-06T12:23:58.6397758Z 
build	Build with Gradle	2026-06-06T12:23:58.6420005Z > Task :starter:preReleaseBuild UP-TO-DATE
build	Build with Gradle	2026-06-06T12:23:58.6433149Z Skipping task ':starter:preReleaseBuild' as it has no actions.
build	Build with Gradle	2026-06-06T12:23:58.6458713Z Resolve mutations for :starter:mergeReleaseJniLibFolders (Thread[#162,Execution worker Thread 3,5,main]) started.
build	Build with Gradle	2026-06-06T12:23:58.6480203Z :starter:mergeReleaseJniLibFolders (Thread[#162,Execution worker Thread 3,5,main]) started.
build	Build with Gradle	2026-06-06T12:23:58.6481104Z 
build	Build with Gradle	2026-06-06T12:23:58.6481471Z > Task :starter:mergeReleaseJniLibFolders
build	Build with Gradle	2026-06-06T12:23:58.6482344Z Caching disabled for task ':starter:mergeReleaseJniLibFolders' because:
build	Build with Gradle	2026-06-06T12:23:58.6483214Z   Simple merging task
build	Build with Gradle	2026-06-06T12:23:58.6483985Z Task ':starter:mergeReleaseJniLibFolders' is not up-to-date because:
build	Build with Gradle	2026-06-06T12:23:58.6484797Z   No history is available.
build	Build with Gradle	2026-06-06T12:23:58.6485696Z The input changes require a full rebuild for incremental task ':starter:mergeReleaseJniLibFolders'.
build	Build with Gradle	2026-06-06T12:23:58.6487011Z Resolve mutations for :starter:mergeReleaseNativeLibs (Thread[#162,Execution worker Thread 3,5,main]) started.
build	Build with Gradle	2026-06-06T12:23:58.6488591Z :starter:mergeReleaseNativeLibs (Thread[#162,Execution worker Thread 3,5,main]) started.
build	Build with Gradle	2026-06-06T12:23:58.6517822Z 
build	Build with Gradle	2026-06-06T12:23:58.6542172Z > Task :starter:mergeReleaseNativeLibs NO-SOURCE
build	Build with Gradle	2026-06-06T12:23:58.6568743Z Skipping task ':starter:mergeReleaseNativeLibs' as it has no source files and no previous output files.
build	Build with Gradle	2026-06-06T12:23:58.6584051Z Resolve mutations for :starter:copyReleaseJniLibsProjectOnly (Thread[#162,Execution worker Thread 3,5,main]) started.
build	Build with Gradle	2026-06-06T12:23:58.6598644Z :starter:copyReleaseJniLibsProjectOnly (Thread[#162,Execution worker Thread 3,5,main]) started.
build	Build with Gradle	2026-06-06T12:23:58.6621083Z 
build	Build with Gradle	2026-06-06T12:23:58.6648369Z > Task :starter:copyReleaseJniLibsProjectOnly
build	Build with Gradle	2026-06-06T12:23:58.6678605Z Caching disabled for task ':starter:copyReleaseJniLibsProjectOnly' because:
build	Build with Gradle	2026-06-06T12:23:58.6708225Z   Caching has been disabled for the task
build	Build with Gradle	2026-06-06T12:23:58.6738366Z Task ':starter:copyReleaseJniLibsProjectOnly' is not up-to-date because:
build	Build with Gradle	2026-06-06T12:23:58.6758879Z   No history is available.
build	Build with Gradle	2026-06-06T12:23:58.6778531Z work action resolve jni (project :starter) (Thread[#162,Execution worker Thread 3,5,main]) started.
build	Build with Gradle	2026-06-06T12:23:58.6828815Z Resolve mutations for :core:ui:preBuild (Thread[#162,Execution worker Thread 3,5,main]) started.
build	Build with Gradle	2026-06-06T12:23:58.6879032Z :core:ui:preBuild (Thread[#162,Execution worker Thread 3,5,main]) started.
build	Build with Gradle	2026-06-06T12:23:58.6912487Z 
build	Build with Gradle	2026-06-06T12:23:58.6953515Z > Task :core:ui:preBuild UP-TO-DATE
build	Build with Gradle	2026-06-06T12:23:58.6956940Z Skipping task ':core:ui:preBuild' as it has no actions.
build	Build with Gradle	2026-06-06T12:23:58.6958098Z Resolve mutations for :core:ui:preReleaseBuild (Thread[#162,Execution worker Thread 3,5,main]) started.
build	Build with Gradle	2026-06-06T12:23:58.6958968Z :core:ui:preReleaseBuild (Thread[#162,Execution worker Thread 3,5,main]) started.
build	Build with Gradle	2026-06-06T12:23:58.6988847Z 
build	Build with Gradle	2026-06-06T12:23:58.6989122Z > Task :core:ui:preReleaseBuild UP-TO-DATE
build	Build with Gradle	2026-06-06T12:23:58.6989744Z Skipping task ':core:ui:preReleaseBuild' as it has no actions.
build	Build with Gradle	2026-06-06T12:23:58.6990383Z Resolve mutations for :core:ui:mergeReleaseJniLibFolders (Thread[#162,Execution worker Thread 3,5,main]) started.
build	Build with Gradle	2026-06-06T12:23:58.6991124Z :core:ui:mergeReleaseJniLibFolders (Thread[#162,Execution worker Thread 3,5,main]) started.
build	Build with Gradle	2026-06-06T12:23:58.6991495Z 
build	Build with Gradle	2026-06-06T12:23:58.6991645Z > Task :core:ui:mergeReleaseJniLibFolders
build	Build with Gradle	2026-06-06T12:23:58.6992084Z Caching disabled for task ':core:ui:mergeReleaseJniLibFolders' because:
build	Build with Gradle	2026-06-06T12:23:58.6992493Z   Simple merging task
build	Build with Gradle	2026-06-06T12:23:58.6992862Z Task ':core:ui:mergeReleaseJniLibFolders' is not up-to-date because:
build	Build with Gradle	2026-06-06T12:23:58.6993271Z   No history is available.
build	Build with Gradle	2026-06-06T12:23:58.6993738Z The input changes require a full rebuild for incremental task ':core:ui:mergeReleaseJniLibFolders'.
build	Build with Gradle	2026-06-06T12:23:58.6994457Z Resolve mutations for :core:ui:mergeReleaseNativeLibs (Thread[#162,Execution worker Thread 3,5,main]) started.
build	Build with Gradle	2026-06-06T12:23:58.6995129Z :core:ui:mergeReleaseNativeLibs (Thread[#162,Execution worker Thread 3,5,main]) started.
build	Build with Gradle	2026-06-06T12:23:58.6995478Z 
build	Build with Gradle	2026-06-06T12:23:58.6995635Z > Task :core:ui:mergeReleaseNativeLibs NO-SOURCE
build	Build with Gradle	2026-06-06T12:23:58.6996182Z Skipping task ':core:ui:mergeReleaseNativeLibs' as it has no source files and no previous output files.
build	Build with Gradle	2026-06-06T12:23:58.6996924Z Resolve mutations for :core:ui:copyReleaseJniLibsProjectOnly (Thread[#162,Execution worker Thread 3,5,main]) started.
build	Build with Gradle	2026-06-06T12:23:58.6997897Z :core:ui:copyReleaseJniLibsProjectOnly (Thread[#162,Execution worker Thread 3,5,main]) started.
build	Build with Gradle	2026-06-06T12:23:58.6998287Z 
build	Build with Gradle	2026-06-06T12:23:58.6998440Z > Task :core:ui:copyReleaseJniLibsProjectOnly
build	Build with Gradle	2026-06-06T12:23:58.6998899Z Caching disabled for task ':core:ui:copyReleaseJniLibsProjectOnly' because:
build	Build with Gradle	2026-06-06T12:23:58.6999354Z   Caching has been disabled for the task
build	Build with Gradle	2026-06-06T12:23:58.6999779Z Task ':core:ui:copyReleaseJniLibsProjectOnly' is not up-to-date because:
build	Build with Gradle	2026-06-06T12:23:58.7000191Z   No history is available.
build	Build with Gradle	2026-06-06T12:23:58.7000642Z work action resolve jni (project :core:ui) (Thread[#162,Execution worker Thread 3,5,main]) started.
build	Build with Gradle	2026-06-06T12:23:58.7001334Z Resolve mutations for :common:generateReleaseResValues (Thread[#162,Execution worker Thread 3,5,main]) started.
build	Build with Gradle	2026-06-06T12:23:58.7002019Z :common:generateReleaseResValues (Thread[#162,Execution worker Thread 3,5,main]) started.
build	Build with Gradle	2026-06-06T12:23:58.7002565Z 
build	Build with Gradle	2026-06-06T12:23:58.7002714Z > Task :shell:mergeReleaseNativeLibs NO-SOURCE
build	Build with Gradle	2026-06-06T12:23:58.7003668Z Build cache key for ExtractJniTransform: /home/runner/.gradle/caches/modules-2/files-2.1/dev.rikka.tools.refine/annotation/4.4.0/3be57ff62362c5dea538dc7613a07f98ff8b1824/annotation-4.4.0.jar is 34399e01d0bc4de2d51e7d72d9f3b670
build	Build with Gradle	2026-06-06T12:23:58.7005093Z Caching disabled for ExtractAarTransform: /home/runner/.gradle/caches/modules-2/files-2.1/dev.rikka.hidden/compat/4.4.0/7f3cc1861cad2da4e242271272b5f8c9f38fe9f8/compat-4.4.0.aar because:
build	Build with Gradle	2026-06-06T12:23:58.7005863Z   Caching not enabled.
build	Build with Gradle	2026-06-06T12:23:58.7006469Z Caching disabled for AarTransform: /home/runner/.gradle/caches/8.14/transforms/93e5dd5bd02503c2c463051d8428f6c3/transformed/compat-4.4.0 because:
build	Build with Gradle	2026-06-06T12:23:58.7007224Z   Caching not enabled.
build	Build with Gradle	2026-06-06T12:23:58.7016346Z Caching disabled for ExtractAarTransform: /home/runner/.gradle/caches/modules-2/files-2.1/dev.rikka.rikkax.buildcompat/buildcompat/34.0.1/8120427df772001492815ffb55504ccbb72fdc3f/buildcompat-34.0.1.aar because:
build	Build with Gradle	2026-06-06T12:23:58.7019131Z   Caching not enabled.
build	Build with Gradle	2026-06-06T12:23:58.7020960Z Stored cache entry for ExtractJniTransform: /home/runner/.gradle/caches/modules-2/files-2.1/dev.rikka.tools.refine/annotation/4.4.0/3be57ff62362c5dea538dc7613a07f98ff8b1824/annotation-4.4.0.jar with cache key 34399e01d0bc4de2d51e7d72d9f3b670
build	Build with Gradle	2026-06-06T12:23:58.7023603Z Caching disabled for AarTransform: /home/runner/.gradle/caches/8.14/transforms/d90402c4b85ec72d1d4a6e1bb45ac913/transformed/buildcompat-34.0.1 because:
build	Build with Gradle	2026-06-06T12:23:58.7024765Z   Caching not enabled.
build	Build with Gradle	2026-06-06T12:23:58.7026431Z Caching disabled for ExtractAarTransform: /home/runner/.gradle/caches/modules-2/files-2.1/dev.rikka.rikkax.parcelablelist/parcelablelist/2.0.1/10cab4d15e7c8d7b2405da8510779de6d6e0d00a/parcelablelist-2.0.1-release.aar because:
build	Build with Gradle	2026-06-06T12:23:58.7028317Z   Caching not enabled.
build	Build with Gradle	2026-06-06T12:23:58.7029615Z Caching disabled for ExtractAarTransform: /home/runner/.gradle/caches/modules-2/files-2.1/androidx.interpolator/interpolator/1.0.0/8a01fa254a23b9388571eb6334b03707c7d122d7/interpolator-1.0.0.aar because:
build	Build with Gradle	2026-06-06T12:23:58.7031152Z   Caching not enabled.
build	Build with Gradle	2026-06-06T12:23:58.7032305Z Caching disabled for AarTransform: /home/runner/.gradle/caches/8.14/transforms/15a46fdad85d2cb7e7c637ba2a744a05/transformed/interpolator-1.0.0 because:
build	Build with Gradle	2026-06-06T12:23:58.7033540Z   Caching not enabled.
build	Build with Gradle	2026-06-06T12:23:58.7034760Z Caching disabled for AarTransform: /home/runner/.gradle/caches/8.14/transforms/4b91b30cdde5ec990d4144c4990f3981/transformed/parcelablelist-2.0.1-release because:
build	Build with Gradle	2026-06-06T12:23:58.7036036Z   Caching not enabled.
build	Build with Gradle	2026-06-06T12:23:58.7037653Z Caching disabled for ExtractAarTransform: /home/runner/.gradle/caches/modules-2/files-2.1/androidx.lifecycle/lifecycle-runtime/2.6.2/f0ef27053faa89b3ec06c4f118cea0a15edde35b/lifecycle-runtime-2.6.2.aar because:
build	Build with Gradle	2026-06-06T12:23:58.7039068Z   Caching not enabled.
build	Build with Gradle	2026-06-06T12:23:58.7040653Z Build cache key for ExtractJniTransform: /home/runner/.gradle/caches/modules-2/files-2.1/androidx.lifecycle/lifecycle-common/2.6.2/10f354fdb64868baecd67128560c5a0d6312c495/lifecycle-common-2.6.2.jar is 554751c3cd18e876b9f9823eecbef8f6
build	Build with Gradle	2026-06-06T12:23:58.7043547Z Stored cache entry for ExtractJniTransform: /home/runner/.gradle/caches/modules-2/files-2.1/androidx.lifecycle/lifecycle-common/2.6.2/10f354fdb64868baecd67128560c5a0d6312c495/lifecycle-common-2.6.2.jar with cache key 554751c3cd18e876b9f9823eecbef8f6
build	Build with Gradle	2026-06-06T12:23:58.7046532Z Caching disabled for ExtractAarTransform: /home/runner/.gradle/caches/modules-2/files-2.1/androidx.profileinstaller/profileinstaller/1.3.0/624641814089cd7bebf427aafa68ac089fb38261/profileinstaller-1.3.0.aar because:
build	Build with Gradle	2026-06-06T12:23:58.7048309Z   Caching not enabled.
build	Build with Gradle	2026-06-06T12:23:58.7099112Z Caching disabled for AarTransform: /home/runner/.gradle/caches/8.14/transforms/0187bb9b76f6cb89cb6648998d3bb365/transformed/lifecycle-runtime-2.6.2 because:
build	Build with Gradle	2026-06-06T12:23:58.7100679Z   Caching not enabled.
build	Build with Gradle	2026-06-06T12:23:58.7102244Z Caching disabled for ExtractAarTransform: /home/runner/.gradle/caches/modules-2/files-2.1/androidx.startup/startup-runtime/1.1.1/9d4ba67056aff98b69eadc1477c19a1e67cb9470/startup-runtime-1.1.1.aar because:
build	Build with Gradle	2026-06-06T12:23:58.7103752Z   Caching not enabled.
build	Build with Gradle	2026-06-06T12:23:58.7104970Z Caching disabled for AarTransform: /home/runner/.gradle/caches/8.14/transforms/c3f1fba07658b0b59e408933ad000cab/transformed/startup-runtime-1.1.1 because:
build	Build with Gradle	2026-06-06T12:23:58.7106290Z   Caching not enabled.
build	Build with Gradle	2026-06-06T12:23:58.7107691Z Caching disabled for AarTransform: /home/runner/.gradle/caches/8.14/transforms/fc7c287dc22d61ab46eb288863ba67f7/transformed/profileinstaller-1.3.0 because:
build	Build with Gradle	2026-06-06T12:23:58.7108901Z   Caching not enabled.
build	Build with Gradle	2026-06-06T12:23:58.7110240Z Caching disabled for ExtractAarTransform: /home/runner/.gradle/caches/modules-2/files-2.1/androidx.tracing/tracing/1.2.0/a6ac2cc501278fdc99c56b428548e0cd1e9300f7/tracing-1.2.0.aar because:
build	Build with Gradle	2026-06-06T12:23:58.7112053Z   Caching not enabled.
build	Build with Gradle	2026-06-06T12:23:58.7113748Z Caching disabled for ExtractAarTransform: /home/runner/.gradle/caches/modules-2/files-2.1/androidx.versionedparcelable/versionedparcelable/1.1.1/18e18071e7715679e0593c570217edeb5ca48b9e/versionedparcelable-1.1.1.aar because:
build	Build with Gradle	2026-06-06T12:23:58.7115550Z   Caching not enabled.
build	Build with Gradle	2026-06-06T12:23:58.7116685Z Caching disabled for AarTransform: /home/runner/.gradle/caches/8.14/transforms/ac9c2613db74d91f76d389a55de09aeb/transformed/tracing-1.2.0 because:
build	Build with Gradle	2026-06-06T12:23:58.7146829Z   Caching not enabled.
build	Build with Gradle	2026-06-06T12:23:58.7148755Z Build cache key for ExtractJniTransform: /home/runner/.gradle/caches/modules-2/files-2.1/androidx.collection/collection-jvm/1.4.2/bc60b5568a66d765a9fe8e266fd0c6c727e0b50b/collection-jvm-1.4.2.jar is 912475e2d6cbcdd2a38abeba2cb26c90
build	Build with Gradle	2026-06-06T12:23:58.7151376Z Caching disabled for AarTransform: /home/runner/.gradle/caches/8.14/transforms/eec55b2add6457c8fb902795cbf8eedc/transformed/versionedparcelable-1.1.1 because:
build	Build with Gradle	2026-06-06T12:23:58.7152688Z   Caching not enabled.
build	Build with Gradle	2026-06-06T12:23:58.7154531Z Stored cache entry for ExtractJniTransform: /home/runner/.gradle/caches/modules-2/files-2.1/androidx.collection/collection-jvm/1.4.2/bc60b5568a66d765a9fe8e266fd0c6c727e0b50b/collection-jvm-1.4.2.jar with cache key 912475e2d6cbcdd2a38abeba2cb26c90
build	Build with Gradle	2026-06-06T12:23:58.7157229Z Caching disabled for ExtractAarTransform: /home/runner/.gradle/caches/modules-2/files-2.1/androidx.arch.core/core-runtime/2.2.0/39705982680d78556b679ef9d5400d4f17509b0b/core-runtime-2.2.0.aar because:
build	Build with Gradle	2026-06-06T12:23:58.7158895Z   Caching not enabled.
build	Build with Gradle	2026-06-06T12:23:58.7160509Z Build cache key for ExtractJniTransform: /home/runner/.gradle/caches/modules-2/files-2.1/androidx.arch.core/core-common/2.2.0/5e1b8b81dfd5f52c56a8d53b18ca759c19a301f3/core-common-2.2.0.jar is fdc89ec50e9210903711474b62cf3a85
build	Build with Gradle	2026-06-06T12:23:58.7163341Z Stored cache entry for ExtractJniTransform: /home/runner/.gradle/caches/modules-2/files-2.1/androidx.arch.core/core-common/2.2.0/5e1b8b81dfd5f52c56a8d53b18ca759c19a301f3/core-common-2.2.0.jar with cache key fdc89ec50e9210903711474b62cf3a85
build	Build with Gradle	2026-06-06T12:23:58.7166260Z Build cache key for ExtractJniTransform: /home/runner/.gradle/caches/modules-2/files-2.1/androidx.concurrent/concurrent-futures/1.1.0/50b7fb98350d5f42a4e49704b03278542293ba48/concurrent-futures-1.1.0.jar is 2e5839d5d3ac601955b9e12ae1a48f95
build	Build with Gradle	2026-06-06T12:23:58.7239672Z Caching disabled for AarTransform: /home/runner/.gradle/caches/8.14/transforms/9a0af10b7d6a004c0dde0da7908916e8/transformed/core-runtime-2.2.0 because:
build	Build with Gradle	2026-06-06T12:23:58.7241050Z   Caching not enabled.
build	Build with Gradle	2026-06-06T12:23:58.7242868Z Stored cache entry for ExtractJniTransform: /home/runner/.gradle/caches/modules-2/files-2.1/androidx.concurrent/concurrent-futures/1.1.0/50b7fb98350d5f42a4e49704b03278542293ba48/concurrent-futures-1.1.0.jar with cache key 2e5839d5d3ac601955b9e12ae1a48f95
build	Build with Gradle	2026-06-06T12:23:58.7246129Z Caching disabled for ExtractAarTransform: /home/runner/.gradle/caches/modules-2/files-2.1/androidx.annotation/annotation-experimental/1.4.1/7851235e2a16ce50270a74b555edaf9209b42864/annotation-experimental-1.4.1.aar because:
build	Build with Gradle	2026-06-06T12:23:58.7248355Z   Caching not enabled.
build	Build with Gradle	2026-06-06T12:23:58.7249877Z Caching disabled for ExtractAarTransform: /home/runner/.gradle/caches/modules-2/files-2.1/androidx.core/core-viewtree/1.0.0/449ba4f495b4d10d18edd01f32f9328be40d5749/core-viewtree-1.0.0.aar because:
build	Build with Gradle	2026-06-06T12:23:58.7251387Z   Caching not enabled.
build	Build with Gradle	2026-06-06T12:23:58.7252638Z Caching disabled for AarTransform: /home/runner/.gradle/caches/8.14/transforms/b63ec3c1af75a7e3e11e00b71c5d2f13/transformed/annotation-experimental-1.4.1 because:
build	Build with Gradle	2026-06-06T12:23:58.7253951Z   Caching not enabled.
build	Build with Gradle	2026-06-06T12:23:58.7255140Z Caching disabled for AarTransform: /home/runner/.gradle/caches/8.14/transforms/a203a862f516367cac65cc0033ada510/transformed/core-viewtree-1.0.0 because:
build	Build with Gradle	2026-06-06T12:23:58.7256623Z   Caching not enabled.
build	Build with Gradle	2026-06-06T12:23:58.7258646Z Build cache key for ExtractJniTransform: /home/runner/.gradle/caches/modules-2/files-2.1/androidx.annotation/annotation-jvm/1.8.1/b8a16fe526014b7941c1debaccaf9c5153692dbb/annotation-jvm-1.8.1.jar is a31c9b2000fc956ff47ad79fc874bb77
build	Build with Gradle	2026-06-06T12:23:58.7261529Z Build cache key for ExtractJniTransform: /home/runner/.gradle/caches/modules-2/files-2.1/org.jetbrains.kotlin/kotlin-stdlib/1.8.22/636bf8b320e7627482771bbac9ed7246773c02bd/kotlin-stdlib-1.8.22.jar is 79ce8abb2ad01081f3faa483b325e7db
build	Build with Gradle	2026-06-06T12:23:58.7264661Z Stored cache entry for ExtractJniTransform: /home/runner/.gradle/caches/modules-2/files-2.1/androidx.annotation/annotation-jvm/1.8.1/b8a16fe526014b7941c1debaccaf9c5153692dbb/annotation-jvm-1.8.1.jar with cache key a31c9b2000fc956ff47ad79fc874bb77
build	Build with Gradle	2026-06-06T12:23:58.7316874Z Stored cache entry for ExtractJniTransform: /home/runner/.gradle/caches/modules-2/files-2.1/org.jetbrains.kotlin/kotlin-stdlib/1.8.22/636bf8b320e7627482771bbac9ed7246773c02bd/kotlin-stdlib-1.8.22.jar with cache key 79ce8abb2ad01081f3faa483b325e7db
build	Build with Gradle	2026-06-06T12:23:58.7320470Z Build cache key for ExtractJniTransform: /home/runner/.gradle/caches/modules-2/files-2.1/org.jspecify/jspecify/1.0.0/7425a601c1c7ec76645a78d22b8c6a627edee507/jspecify-1.0.0.jar is 6265908366f40d1714d18b62b8373e9a
build	Build with Gradle	2026-06-06T12:23:58.7323404Z Build cache key for ExtractJniTransform: /home/runner/.gradle/caches/modules-2/files-2.1/com.google.guava/listenablefuture/1.0/c949a840a6acbc5268d088e47b04177bf90b3cad/listenablefuture-1.0.jar is c2dd96008199e3f1e00db4ea45b8f0ba
build	Build with Gradle	2026-06-06T12:23:58.7326370Z Stored cache entry for ExtractJniTransform: /home/runner/.gradle/caches/modules-2/files-2.1/org.jspecify/jspecify/1.0.0/7425a601c1c7ec76645a78d22b8c6a627edee507/jspecify-1.0.0.jar with cache key 6265908366f40d1714d18b62b8373e9a
build	Build with Gradle	2026-06-06T12:23:58.7329531Z Stored cache entry for ExtractJniTransform: /home/runner/.gradle/caches/modules-2/files-2.1/com.google.guava/listenablefuture/1.0/c949a840a6acbc5268d088e47b04177bf90b3cad/listenablefuture-1.0.jar with cache key c2dd96008199e3f1e00db4ea45b8f0ba
build	Build with Gradle	2026-06-06T12:23:58.7332825Z Build cache key for ExtractJniTransform: /home/runner/.gradle/caches/modules-2/files-2.1/org.jetbrains.kotlinx/kotlinx-coroutines-android/1.6.4/f955fc8b2ad196e2f4429598440e15f7492eeb2b/kotlinx-coroutines-android-1.6.4.jar is e93d98be87584bd654e143f714db228e
build	Build with Gradle	2026-06-06T12:23:58.7336260Z Build cache key for ExtractJniTransform: /home/runner/.gradle/caches/modules-2/files-2.1/org.jetbrains.kotlinx/kotlinx-coroutines-core-jvm/1.6.4/2c997cd1c0ef33f3e751d3831929aeff1390cb30/kotlinx-coroutines-core-jvm-1.6.4.jar is aa77359c95993017c1c532549ab9d436
build	Build with Gradle	2026-06-06T12:23:58.7351179Z Stored cache entry for ExtractJniTransform: /home/runner/.gradle/caches/modules-2/files-2.1/org.jetbrains.kotlinx/kotlinx-coroutines-android/1.6.4/f955fc8b2ad196e2f4429598440e15f7492eeb2b/kotlinx-coroutines-android-1.6.4.jar with cache key e93d98be87584bd654e143f714db228e
build	Build with Gradle	2026-06-06T12:23:58.7355086Z Stored cache entry for ExtractJniTransform: /home/runner/.gradle/caches/modules-2/files-2.1/org.jetbrains.kotlinx/kotlinx-coroutines-core-jvm/1.6.4/2c997cd1c0ef33f3e751d3831929aeff1390cb30/kotlinx-coroutines-core-jvm-1.6.4.jar with cache key aa77359c95993017c1c532549ab9d436
build	Build with Gradle	2026-06-06T12:23:58.7358799Z Build cache key for ExtractJniTransform: /home/runner/.gradle/caches/modules-2/files-2.1/org.jetbrains/annotations/13.0/919f0dfe192fb4e063e7dacadee7f8bb9a2672a9/annotations-13.0.jar is 6cb88e52c542abe887e22af13a1f3dfb
build	Build with Gradle	2026-06-06T12:23:58.7398573Z Build cache key for ExtractJniTransform: /home/runner/.gradle/caches/modules-2/files-2.1/org.jetbrains.kotlin/kotlin-stdlib-common/1.8.22/1a8e3601703ae14bb58757ea6b2d8e8e5935a586/kotlin-stdlib-common-1.8.22.jar is f0b8eaa20983065047886eeb1deb3c58
build	Build with Gradle	2026-06-06T12:23:58.7401774Z Stored cache entry for ExtractJniTransform: /home/runner/.gradle/caches/modules-2/files-2.1/org.jetbrains/annotations/13.0/919f0dfe192fb4e063e7dacadee7f8bb9a2672a9/annotations-13.0.jar with cache key 6cb88e52c542abe887e22af13a1f3dfb
build	Build with Gradle	2026-06-06T12:23:58.7405428Z Stored cache entry for ExtractJniTransform: /home/runner/.gradle/caches/modules-2/files-2.1/org.jetbrains.kotlin/kotlin-stdlib-common/1.8.22/1a8e3601703ae14bb58757ea6b2d8e8e5935a586/kotlin-stdlib-common-1.8.22.jar with cache key f0b8eaa20983065047886eeb1deb3c58
build	Build with Gradle	2026-06-06T12:23:58.7428971Z Build cache key for ExtractJniTransform: /home/runner/.gradle/caches/modules-2/files-2.1/dev.rikka.tools.refine/runtime/4.4.0/b110a65eb42cbabcd5070b302271a811fb4cf620/runtime-4.4.0.jar is 2de9855857bc7e2cb4b2f498fff4440a
build	Build with Gradle	2026-06-06T12:23:58.7431795Z Stored cache entry for ExtractJniTransform: /home/runner/.gradle/caches/modules-2/files-2.1/dev.rikka.tools.refine/runtime/4.4.0/b110a65eb42cbabcd5070b302271a811fb4cf620/runtime-4.4.0.jar with cache key 2de9855857bc7e2cb4b2f498fff4440a
build	Build with Gradle	2026-06-06T12:23:58.7434608Z Caching disabled for ExtractAarTransform: /home/runner/.gradle/caches/modules-2/files-2.1/androidx.core/core/1.16.0/3a0b0bf75b4649cad42a39b6356fec1eea63cfc8/core-1.16.0.aar because:
build	Build with Gradle	2026-06-06T12:23:58.7436022Z   Caching not enabled.
build	Build with Gradle	2026-06-06T12:23:58.7437154Z Caching disabled for AarTransform: /home/runner/.gradle/caches/8.14/transforms/a18f3e8414f2ba4eb382dd01375ab089/transformed/core-1.16.0 because:
build	Build with Gradle	2026-06-06T12:23:58.7438548Z   Caching not enabled.
build	Build with Gradle	2026-06-06T12:23:58.7439402Z Skipping task ':shell:mergeReleaseNativeLibs' as it has no source files and no previous output files.
build	Build with Gradle	2026-06-06T12:23:58.7440158Z 
build	Build with Gradle	2026-06-06T12:23:58.7440415Z > Task :common:generateReleaseResValues
build	Build with Gradle	2026-06-06T12:23:58.7441312Z Build cache key for task ':common:generateReleaseResValues' is 648a246192ab07cc66fd461588eaf850
build	Build with Gradle	2026-06-06T12:23:58.7442386Z Task ':common:generateReleaseResValues' is not up-to-date because:
build	Build with Gradle	2026-06-06T12:23:58.7443126Z   No history is available.
build	Build with Gradle	2026-06-06T12:23:58.7444056Z Stored cache entry for task ':common:generateReleaseResValues' with cache key 648a246192ab07cc66fd461588eaf850
build	Build with Gradle	2026-06-06T12:23:58.7445478Z Resolve mutations for :common:generateReleaseResources (Thread[#162,Execution worker Thread 3,5,main]) started.
build	Build with Gradle	2026-06-06T12:23:58.7446891Z Resolve mutations for :shell:stripReleaseDebugSymbols (Thread[#159,included builds,5,main]) started.
build	Build with Gradle	2026-06-06T12:23:58.7448281Z :common:generateReleaseResources (Thread[#162,Execution worker Thread 3,5,main]) started.
build	Build with Gradle	2026-06-06T12:23:58.7449437Z :shell:stripReleaseDebugSymbols (Thread[#159,included builds,5,main]) started.
build	Build with Gradle	2026-06-06T12:23:58.7450108Z 
build	Build with Gradle	2026-06-06T12:23:58.7450397Z > Task :shell:stripReleaseDebugSymbols NO-SOURCE
build	Build with Gradle	2026-06-06T12:23:58.7451432Z Skipping task ':shell:stripReleaseDebugSymbols' as it has no source files and no previous output files.
build	Build with Gradle	2026-06-06T12:23:58.7452727Z Resolve mutations for :shell:extractReleaseNativeSymbolTables (Thread[#159,included builds,5,main]) started.
build	Build with Gradle	2026-06-06T12:23:58.7453956Z :shell:extractReleaseNativeSymbolTables (Thread[#159,included builds,5,main]) started.
build	Build with Gradle	2026-06-06T12:23:58.7454494Z 
build	Build with Gradle	2026-06-06T12:23:58.7454814Z > Task :shell:extractReleaseNativeSymbolTables NO-SOURCE
build	Build with Gradle	2026-06-06T12:23:58.7455769Z Skipping task ':shell:extractReleaseNativeSymbolTables' as it has no source files and no previous output files.
build	Build with Gradle	2026-06-06T12:23:58.7517766Z Resolve mutations for :shell:mergeReleaseNativeDebugMetadata (Thread[#159,included builds,5,main]) started.
build	Build with Gradle	2026-06-06T12:23:58.7519501Z :shell:mergeReleaseNativeDebugMetadata (Thread[#159,included builds,5,main]) started.
build	Build with Gradle	2026-06-06T12:23:58.7520116Z 
build	Build with Gradle	2026-06-06T12:23:58.7520351Z > Task :common:generateReleaseResources
build	Build with Gradle	2026-06-06T12:23:58.7521239Z Build cache key for task ':common:generateReleaseResources' is d4edfd48e9c19bf95cf1077eff77e471
build	Build with Gradle	2026-06-06T12:23:58.7522343Z Task ':common:generateReleaseResources' is not up-to-date because:
build	Build with Gradle	2026-06-06T12:23:58.7523086Z   No history is available.
build	Build with Gradle	2026-06-06T12:23:58.7524005Z Stored cache entry for task ':common:generateReleaseResources' with cache key d4edfd48e9c19bf95cf1077eff77e471
build	Build with Gradle	2026-06-06T12:23:58.7525406Z Resolve mutations for :common:packageReleaseResources (Thread[#162,Execution worker Thread 3,5,main]) started.
build	Build with Gradle	2026-06-06T12:23:58.7526506Z 
build	Build with Gradle	2026-06-06T12:23:58.7526816Z > Task :shell:mergeReleaseNativeDebugMetadata NO-SOURCE
build	Build with Gradle	2026-06-06T12:23:58.7528026Z Skipping task ':shell:mergeReleaseNativeDebugMetadata' as it has no source files and no previous output files.
build	Build with Gradle	2026-06-06T12:23:58.7529358Z Resolve mutations for :shell:checkReleaseDuplicateClasses (Thread[#159,included builds,5,main]) started.
build	Build with Gradle	2026-06-06T12:23:58.7530580Z :common:packageReleaseResources (Thread[#162,Execution worker Thread 3,5,main]) started.
build	Build with Gradle	2026-06-06T12:23:58.7531730Z :shell:checkReleaseDuplicateClasses (Thread[#159,included builds,5,main]) started.
build	Build with Gradle	2026-06-06T12:23:58.7802591Z 
build	Build with Gradle	2026-06-06T12:23:58.7829539Z > Task :common:packageReleaseResources
build	Build with Gradle	2026-06-06T12:23:58.7882024Z Build cache key for task ':common:packageReleaseResources' is 0b0ad0cbfcaafe9b9ce660a8ecffaf72
build	Build with Gradle	2026-06-06T12:23:58.7950431Z Task ':common:packageReleaseResources' is not up-to-date because:
build	Build with Gradle	2026-06-06T12:23:58.8003239Z   No history is available.
build	Build with Gradle	2026-06-06T12:23:58.8048453Z The input changes require a full rebuild for incremental task ':common:packageReleaseResources'.
build	Build with Gradle	2026-06-06T12:23:58.8100266Z [MergeResources] Inputs are non-incremental full task action.
build	Build with Gradle	2026-06-06T12:23:58.8134099Z Stored cache entry for task ':common:packageReleaseResources' with cache key 0b0ad0cbfcaafe9b9ce660a8ecffaf72
build	Build with Gradle	2026-06-06T12:23:58.8160546Z work action resolve packageReleaseResources (project :common) (Thread[#162,Execution worker Thread 3,5,main]) started.
build	Build with Gradle	2026-06-06T12:23:58.8210755Z Resolve mutations for :common:parseReleaseLocalResources (Thread[#162,Execution worker Thread 3,5,main]) started.
build	Build with Gradle	2026-06-06T12:23:58.8238746Z :common:parseReleaseLocalResources (Thread[#162,Execution worker Thread 3,5,main]) started.
build	Build with Gradle	2026-06-06T12:23:58.8241532Z work action org.gradle.api.internal.artifacts.transform.DefaultTransformUpstreamDependenciesResolver$FinalizeTransformDependenciesFromSelectedArtifacts$CalculateFinalDependencies@49229725 (Thread[#160,Execution worker,5,main]) started.
build	Build with Gradle	2026-06-06T12:23:58.8750815Z [sentry] sentry-kotlin-extensions was successfully installed with version: 8.40.0
build	Build with Gradle	2026-06-06T12:23:58.9750585Z [sentry] sentry-android-timber was successfully installed with version: 8.40.0
build	Build with Gradle	2026-06-06T12:23:58.9769340Z Cached resource https://repo.maven.apache.org/maven2/org/bouncycastle/bcutil-jdk18on/maven-metadata.xml is up-to-date (lastModified: Fri May 15 08:09:33 UTC 2026).
build	Build with Gradle	2026-06-06T12:23:59.0750603Z [sentry] sentry-android-fragment was successfully installed with version: 8.40.0
build	Build with Gradle	2026-06-06T12:23:59.0768736Z [sentry] sentry-compose-android was successfully installed with version: 8.40.0
build	Build with Gradle	2026-06-06T12:23:59.0798639Z [sentry] sentry-android-sqlite was successfully installed with version: 8.40.0
build	Build with Gradle	2026-06-06T12:23:59.1750578Z [sentry] sentry-compose-android was successfully installed with version: 8.40.0
build	Build with Gradle	2026-06-06T12:23:59.1757065Z [sentry] sentry-okhttp was successfully installed with version: 8.40.0
build	Build with Gradle	2026-06-06T12:23:59.1759021Z work action Dependencies for project :common {artifactType=android-classes-jar, asm-transformed-variant=release} (Thread[#160,Execution worker,5,main]) started.
build	Build with Gradle	2026-06-06T12:23:59.1761559Z Caching disabled for AarToClassTransform: /home/runner/.gradle/caches/modules-2/files-2.1/com.jakewharton.timber/timber/5.0.1/661f0d6dd1c4152b26c01322bf6273a1eb206e26/timber-5.0.1.aar because:
build	Build with Gradle	2026-06-06T12:23:59.1763167Z   Caching not enabled.
build	Build with Gradle	2026-06-06T12:23:59.1764889Z Caching disabled for IdentityTransform: /home/runner/.gradle/caches/modules-2/files-2.1/org.jetbrains.kotlin/kotlin-stdlib-jdk7/1.9.24/46b6e1099acabc71feca1c0013deee78e6793d07/kotlin-stdlib-jdk7-1.9.24.jar because:
build	Build with Gradle	2026-06-06T12:23:59.1766719Z   Caching not enabled.
build	Build with Gradle	2026-06-06T12:23:59.1768476Z Caching disabled for IdentityTransform: /home/runner/.gradle/caches/modules-2/files-2.1/org.jetbrains.kotlin/kotlin-stdlib/2.3.10/8b80e2f80a3b7daa99c16017f91d4c72cd8b31a6/kotlin-stdlib-2.3.10.jar because:
build	Build with Gradle	2026-06-06T12:23:59.1770235Z   Caching not enabled.
build	Build with Gradle	2026-06-06T12:23:59.1772077Z Caching disabled for IdentityTransform: /home/runner/.gradle/caches/modules-2/files-2.1/org.jetbrains/annotations/23.0.0/8cc20c07506ec18e0834947b84a864bfc094484e/annotations-23.0.0.jar because:
build	Build with Gradle	2026-06-06T12:23:59.1773767Z   Caching not enabled.
build	Build with Gradle	2026-06-06T12:23:59.1775119Z Caching disabled for IdentityTransform: /home/runner/.gradle/caches/modules-2/files-2.1/io.sentry/sentry/8.40.0/7db6df2f041bf87e8cc9b8d67f92dca8d4b5e38d/sentry-8.40.0.jar because:
build	Build with Gradle	2026-06-06T12:23:59.1776633Z   Caching not enabled.
build	Build with Gradle	2026-06-06T12:23:59.2759657Z Caching disabled for IdentityTransform: /home/runner/.gradle/caches/modules-2/files-2.1/androidx.annotation/annotation-jvm/1.9.1/b17951747e38bf3986a24431b9ba0d039958aa5f/annotation-jvm-1.9.1.jar because:
build	Build with Gradle	2026-06-06T12:23:59.2798295Z   Caching not enabled.
build	Build with Gradle	2026-06-06T12:23:59.3751312Z Caching disabled for AarToClassTransform: /home/runner/.gradle/caches/modules-2/files-2.1/io.sentry/sentry-android-timber/8.40.0/29253940b4f8225a8c06640a9465232907d33911/sentry-android-timber-8.40.0.aar because:
build	Build with Gradle	2026-06-06T12:23:59.3788811Z   Caching not enabled.
build	Build with Gradle	2026-06-06T12:23:59.3849891Z Caching disabled for IdentityTransform: /home/runner/.gradle/caches/modules-2/files-2.1/org.jetbrains.kotlin/kotlin-stdlib-jdk8/1.9.24/a2f6d82081a54b52ceb120c5a18f87402ccab0c/kotlin-stdlib-jdk8-1.9.24.jar because:
build	Build with Gradle	2026-06-06T12:23:59.3880724Z   Caching not enabled.
build	Build with Gradle	2026-06-06T12:23:59.3919731Z work action org.gradle.api.internal.artifacts.transform.DefaultTransformUpstreamDependenciesResolver$FinalizeTransformDependenciesFromSelectedArtifacts$CalculateFinalDependencies@159ad939 (Thread[#160,Execution worker,5,main]) started.
build	Build with Gradle	2026-06-06T12:23:59.3969482Z work action Dependencies for project :aidl {artifactType=android-classes-jar, asm-transformed-variant=release} (Thread[#160,Execution worker,5,main]) started.
build	Build with Gradle	2026-06-06T12:23:59.4013686Z Resolve mutations for :manager:preBuild (Thread[#160,Execution worker,5,main]) started.
build	Build with Gradle	2026-06-06T12:23:59.4070652Z :manager:preBuild (Thread[#160,Execution worker,5,main]) started.
build	Build with Gradle	2026-06-06T12:23:59.4107869Z 
build	Build with Gradle	2026-06-06T12:23:59.4138392Z > Task :manager:preBuild UP-TO-DATE
build	Build with Gradle	2026-06-06T12:23:59.4180542Z Skipping task ':manager:preBuild' as it has no actions.
build	Build with Gradle	2026-06-06T12:23:59.4237939Z Resolve mutations for :core:ui:checkKotlinGradlePluginConfigurationErrors (Thread[#160,Execution worker,5,main]) started.
build	Build with Gradle	2026-06-06T12:23:59.4301444Z :core:ui:checkKotlinGradlePluginConfigurationErrors (Thread[#160,Execution worker,5,main]) started.
build	Build with Gradle	2026-06-06T12:23:59.4358647Z 
build	Build with Gradle	2026-06-06T12:23:59.4432855Z > Task :core:ui:checkKotlinGradlePluginConfigurationErrors SKIPPED
build	Build with Gradle	2026-06-06T12:23:59.4489706Z Skipping task ':core:ui:checkKotlinGradlePluginConfigurationErrors' as task onlyIf 'errorDiagnostics are present' is false.
build	Build with Gradle	2026-06-06T12:23:59.4540331Z Resolve mutations for :core:ui:dataBindingMergeDependencyArtifactsRelease (Thread[#160,Execution worker,5,main]) started.
build	Build with Gradle	2026-06-06T12:23:59.4571197Z :core:ui:dataBindingMergeDependencyArtifactsRelease (Thread[#160,Execution worker,5,main]) started.
build	Build with Gradle	2026-06-06T12:23:59.4767811Z 
build	Build with Gradle	2026-06-06T12:23:59.4826065Z > Task :shell:checkReleaseDuplicateClasses
build	Build with Gradle	2026-06-06T12:23:59.4859463Z Caching disabled for IdentityTransform: /home/runner/.gradle/caches/modules-2/files-2.1/dev.rikka.tools.refine/annotation/4.4.0/3be57ff62362c5dea538dc7613a07f98ff8b1824/annotation-4.4.0.jar because:
build	Build with Gradle	2026-06-06T12:23:59.4861273Z   Caching not enabled.
build	Build with Gradle	2026-06-06T12:23:59.4862874Z Build cache key for EnumerateClassesTransform: /home/runner/.gradle/caches/modules-2/files-2.1/dev.rikka.tools.refine/annotation/4.4.0/3be57ff62362c5dea538dc7613a07f98ff8b1824/annotation-4.4.0.jar is 8ecd488ce8f9f8a78b42cf5976c4e25b
build	Build with Gradle	2026-06-06T12:23:59.4939615Z Stored cache entry for EnumerateClassesTransform: /home/runner/.gradle/caches/modules-2/files-2.1/dev.rikka.tools.refine/annotation/4.4.0/3be57ff62362c5dea538dc7613a07f98ff8b1824/annotation-4.4.0.jar with cache key 8ecd488ce8f9f8a78b42cf5976c4e25b
build	Build with Gradle	2026-06-06T12:23:59.4969583Z Caching disabled for AarToClassTransform: /home/runner/.gradle/caches/modules-2/files-2.1/dev.rikka.rikkax.buildcompat/buildcompat/34.0.1/8120427df772001492815ffb55504ccbb72fdc3f/buildcompat-34.0.1.aar because:
build	Build with Gradle	2026-06-06T12:23:59.4988103Z   Caching not enabled.
build	Build with Gradle	2026-06-06T12:23:59.5019453Z Build cache key for EnumerateClassesTransform: /home/runner/.gradle/caches/8.14/transforms/a56aef3914b0a3a48a28c8ced0fc3deb/transformed/buildcompat-34.0.1-runtime.jar is c2f28b456c80e08b9fdd1a365da6677a
build	Build with Gradle	2026-06-06T12:23:59.5059248Z Stored cache entry for EnumerateClassesTransform: /home/runner/.gradle/caches/8.14/transforms/a56aef3914b0a3a48a28c8ced0fc3deb/transformed/buildcompat-34.0.1-runtime.jar with cache key c2f28b456c80e08b9fdd1a365da6677a
build	Build with Gradle	2026-06-06T12:23:59.5156323Z Caching disabled for AarToClassTransform: /home/runner/.gradle/caches/modules-2/files-2.1/dev.rikka.rikkax.parcelablelist/parcelablelist/2.0.1/10cab4d15e7c8d7b2405da8510779de6d6e0d00a/parcelablelist-2.0.1-release.aar because:
build	Build with Gradle	2026-06-06T12:23:59.5208464Z   Caching not enabled.
build	Build with Gradle	2026-06-06T12:23:59.5239472Z Build cache key for EnumerateClassesTransform: /home/runner/.gradle/caches/8.14/transforms/4217f50680711f7b29cce0a6c62df9d8/transformed/parcelablelist-2.0.1-release-runtime.jar is 3d699a0c46fe3fac27f4f0ba5270d2e4
build	Build with Gradle	2026-06-06T12:23:59.5271885Z Stored cache entry for EnumerateClassesTransform: /home/runner/.gradle/caches/8.14/transforms/4217f50680711f7b29cce0a6c62df9d8/transformed/parcelablelist-2.0.1-release-runtime.jar with cache key 3d699a0c46fe3fac27f4f0ba5270d2e4
build	Build with Gradle	2026-06-06T12:23:59.5298841Z Caching disabled for AarToClassTransform: /home/runner/.gradle/caches/modules-2/files-2.1/androidx.interpolator/interpolator/1.0.0/8a01fa254a23b9388571eb6334b03707c7d122d7/interpolator-1.0.0.aar because:
build	Build with Gradle	2026-06-06T12:23:59.5338907Z   Caching not enabled.
build	Build with Gradle	2026-06-06T12:23:59.5356782Z Build cache key for EnumerateClassesTransform: /home/runner/.gradle/caches/8.14/transforms/ac678f9711c8cd187a0b00d857954018/transformed/interpolator-1.0.0-runtime.jar is 010c413849f268a9ebc902dca42a7b0c
build	Build with Gradle	2026-06-06T12:23:59.5359984Z Stored cache entry for EnumerateClassesTransform: /home/runner/.gradle/caches/8.14/transforms/ac678f9711c8cd187a0b00d857954018/transformed/interpolator-1.0.0-runtime.jar with cache key 010c413849f268a9ebc902dca42a7b0c
build	Build with Gradle	2026-06-06T12:23:59.5362898Z Caching disabled for IdentityTransform: /home/runner/.gradle/caches/modules-2/files-2.1/androidx.lifecycle/lifecycle-common/2.6.2/10f354fdb64868baecd67128560c5a0d6312c495/lifecycle-common-2.6.2.jar because:
build	Build with Gradle	2026-06-06T12:23:59.5364629Z   Caching not enabled.
build	Build with Gradle	2026-06-06T12:23:59.5366484Z Build cache key for EnumerateClassesTransform: /home/runner/.gradle/caches/modules-2/files-2.1/androidx.lifecycle/lifecycle-common/2.6.2/10f354fdb64868baecd67128560c5a0d6312c495/lifecycle-common-2.6.2.jar is 0442a5ad99ed71b6d3bc5cc4c493bf1d
build	Build with Gradle	2026-06-06T12:23:59.5369964Z Stored cache entry for EnumerateClassesTransform: /home/runner/.gradle/caches/modules-2/files-2.1/androidx.lifecycle/lifecycle-common/2.6.2/10f354fdb64868baecd67128560c5a0d6312c495/lifecycle-common-2.6.2.jar with cache key 0442a5ad99ed71b6d3bc5cc4c493bf1d
build	Build with Gradle	2026-06-06T12:23:59.5373788Z Caching disabled for AarToClassTransform: /home/runner/.gradle/caches/modules-2/files-2.1/androidx.lifecycle/lifecycle-runtime/2.6.2/f0ef27053faa89b3ec06c4f118cea0a15edde35b/lifecycle-runtime-2.6.2.aar because:
build	Build with Gradle	2026-06-06T12:23:59.5375937Z   Caching not enabled.
build	Build with Gradle	2026-06-06T12:23:59.5377798Z Build cache key for EnumerateClassesTransform: /home/runner/.gradle/caches/8.14/transforms/d50860e39e360de684507c2c4f30be3d/transformed/lifecycle-runtime-2.6.2-runtime.jar is 91f2405fa35b0bc433f5c9b507ebfc5c
build	Build with Gradle	2026-06-06T12:23:59.5381132Z Stored cache entry for EnumerateClassesTransform: /home/runner/.gradle/caches/8.14/transforms/d50860e39e360de684507c2c4f30be3d/transformed/lifecycle-runtime-2.6.2-runtime.jar with cache key 91f2405fa35b0bc433f5c9b507ebfc5c
build	Build with Gradle	2026-06-06T12:23:59.5384179Z Caching disabled for AarToClassTransform: /home/runner/.gradle/caches/modules-2/files-2.1/androidx.profileinstaller/profileinstaller/1.3.0/624641814089cd7bebf427aafa68ac089fb38261/profileinstaller-1.3.0.aar because:
build	Build with Gradle	2026-06-06T12:23:59.5386172Z   Caching not enabled.
build	Build with Gradle	2026-06-06T12:23:59.5387999Z Build cache key for EnumerateClassesTransform: /home/runner/.gradle/caches/8.14/transforms/9fd1c0c061f772584826cf0fa6f5cd4f/transformed/profileinstaller-1.3.0-runtime.jar is 6be27fb13230dfae37c69faf0a70adfe
build	Build with Gradle	2026-06-06T12:23:59.5391005Z Stored cache entry for EnumerateClassesTransform: /home/runner/.gradle/caches/8.14/transforms/9fd1c0c061f772584826cf0fa6f5cd4f/transformed/profileinstaller-1.3.0-runtime.jar with cache key 6be27fb13230dfae37c69faf0a70adfe
build	Build with Gradle	2026-06-06T12:23:59.5393766Z Caching disabled for AarToClassTransform: /home/runner/.gradle/caches/modules-2/files-2.1/androidx.startup/startup-runtime/1.1.1/9d4ba67056aff98b69eadc1477c19a1e67cb9470/startup-runtime-1.1.1.aar because:
build	Build with Gradle	2026-06-06T12:23:59.5396944Z   Caching not enabled.
build	Build with Gradle	2026-06-06T12:23:59.5398616Z Build cache key for EnumerateClassesTransform: /home/runner/.gradle/caches/8.14/transforms/113205671444e553841c03e0de9cf770/transformed/startup-runtime-1.1.1-runtime.jar is 02f3fd9db2d6b0484080fb08778fe3e1
build	Build with Gradle	2026-06-06T12:23:59.5429978Z Stored cache entry for EnumerateClassesTransform: /home/runner/.gradle/caches/8.14/transforms/113205671444e553841c03e0de9cf770/transformed/startup-runtime-1.1.1-runtime.jar with cache key 02f3fd9db2d6b0484080fb08778fe3e1
build	Build with Gradle	2026-06-06T12:23:59.5433989Z Caching disabled for AarToClassTransform: /home/runner/.gradle/caches/modules-2/files-2.1/androidx.tracing/tracing/1.2.0/a6ac2cc501278fdc99c56b428548e0cd1e9300f7/tracing-1.2.0.aar because:
build	Build with Gradle	2026-06-06T12:23:59.5435575Z   Caching not enabled.
build	Build with Gradle	2026-06-06T12:23:59.5437071Z Build cache key for EnumerateClassesTransform: /home/runner/.gradle/caches/8.14/transforms/b408424d97a39d323d8b8d15e162fc14/transformed/tracing-1.2.0-runtime.jar is cbfc11a96a9ed46f9954c92d1e99fbb4
build	Build with Gradle	2026-06-06T12:23:59.5440046Z Stored cache entry for EnumerateClassesTransform: /home/runner/.gradle/caches/8.14/transforms/b408424d97a39d323d8b8d15e162fc14/transformed/tracing-1.2.0-runtime.jar with cache key cbfc11a96a9ed46f9954c92d1e99fbb4
build	Build with Gradle	2026-06-06T12:23:59.5442922Z Caching disabled for AarToClassTransform: /home/runner/.gradle/caches/modules-2/files-2.1/androidx.versionedparcelable/versionedparcelable/1.1.1/18e18071e7715679e0593c570217edeb5ca48b9e/versionedparcelable-1.1.1.aar because:
build	Build with Gradle	2026-06-06T12:23:59.5444728Z   Caching not enabled.
build	Build with Gradle	2026-06-06T12:23:59.5446488Z Build cache key for EnumerateClassesTransform: /home/runner/.gradle/caches/8.14/transforms/f788bc607db2e9fdf0d0f80e4200f998/transformed/versionedparcelable-1.1.1-runtime.jar is 60edb9605a05dd6417038dfd0c310efe
build	Build with Gradle	2026-06-06T12:23:59.5449454Z Stored cache entry for EnumerateClassesTransform: /home/runner/.gradle/caches/8.14/transforms/f788bc607db2e9fdf0d0f80e4200f998/transformed/versionedparcelable-1.1.1-runtime.jar with cache key 60edb9605a05dd6417038dfd0c310efe
build	Build with Gradle	2026-06-06T12:23:59.5452249Z Caching disabled for IdentityTransform: /home/runner/.gradle/caches/modules-2/files-2.1/androidx.collection/collection-jvm/1.4.2/bc60b5568a66d765a9fe8e266fd0c6c727e0b50b/collection-jvm-1.4.2.jar because:
build	Build with Gradle	2026-06-06T12:23:59.5453915Z   Caching not enabled.
build	Build with Gradle	2026-06-06T12:23:59.5455809Z Build cache key for EnumerateClassesTransform: /home/runner/.gradle/caches/modules-2/files-2.1/androidx.collection/collection-jvm/1.4.2/bc60b5568a66d765a9fe8e266fd0c6c727e0b50b/collection-jvm-1.4.2.jar is cc3e0befabebd4e24f48250773810b45
build	Build with Gradle	2026-06-06T12:23:59.5458998Z Stored cache entry for EnumerateClassesTransform: /home/runner/.gradle/caches/modules-2/files-2.1/androidx.collection/collection-jvm/1.4.2/bc60b5568a66d765a9fe8e266fd0c6c727e0b50b/collection-jvm-1.4.2.jar with cache key cc3e0befabebd4e24f48250773810b45
build	Build with Gradle	2026-06-06T12:23:59.5461638Z Caching disabled for AarToClassTransform: /home/runner/.gradle/caches/modules-2/files-2.1/androidx.arch.core/core-runtime/2.2.0/39705982680d78556b679ef9d5400d4f17509b0b/core-runtime-2.2.0.aar because:
build	Build with Gradle	2026-06-06T12:23:59.5472056Z   Caching not enabled.
build	Build with Gradle	2026-06-06T12:23:59.5474154Z Build cache key for EnumerateClassesTransform: /home/runner/.gradle/caches/8.14/transforms/179fc7856d5d0a2e7d57e667c9af6b6b/transformed/core-runtime-2.2.0-runtime.jar is ea1c2a3c4ec09696bf7cec730d3e5de7
build	Build with Gradle	2026-06-06T12:23:59.5476936Z Stored cache entry for EnumerateClassesTransform: /home/runner/.gradle/caches/8.14/transforms/179fc7856d5d0a2e7d57e667c9af6b6b/transformed/core-runtime-2.2.0-runtime.jar with cache key ea1c2a3c4ec09696bf7cec730d3e5de7
build	Build with Gradle	2026-06-06T12:23:59.5480145Z Caching disabled for IdentityTransform: /home/runner/.gradle/caches/modules-2/files-2.1/androidx.arch.core/core-common/2.2.0/5e1b8b81dfd5f52c56a8d53b18ca759c19a301f3/core-common-2.2.0.jar because:
build	Build with Gradle	2026-06-06T12:23:59.5481792Z   Caching not enabled.
build	Build with Gradle	2026-06-06T12:23:59.5483731Z Build cache key for EnumerateClassesTransform: /home/runner/.gradle/caches/modules-2/files-2.1/androidx.arch.core/core-common/2.2.0/5e1b8b81dfd5f52c56a8d53b18ca759c19a301f3/core-common-2.2.0.jar is 7d2a9a0de6d2b67359654e6906cd4c14
build	Build with Gradle	2026-06-06T12:23:59.5486699Z Stored cache entry for EnumerateClassesTransform: /home/runner/.gradle/caches/modules-2/files-2.1/androidx.arch.core/core-common/2.2.0/5e1b8b81dfd5f52c56a8d53b18ca759c19a301f3/core-common-2.2.0.jar with cache key 7d2a9a0de6d2b67359654e6906cd4c14
build	Build with Gradle	2026-06-06T12:23:59.5489784Z Caching disabled for IdentityTransform: /home/runner/.gradle/caches/modules-2/files-2.1/androidx.concurrent/concurrent-futures/1.1.0/50b7fb98350d5f42a4e49704b03278542293ba48/concurrent-futures-1.1.0.jar because:
build	Build with Gradle	2026-06-06T12:23:59.5491469Z   Caching not enabled.
build	Build with Gradle	2026-06-06T12:23:59.5493288Z Build cache key for EnumerateClassesTransform: /home/runner/.gradle/caches/modules-2/files-2.1/androidx.concurrent/concurrent-futures/1.1.0/50b7fb98350d5f42a4e49704b03278542293ba48/concurrent-futures-1.1.0.jar is ea6efc75b5f2050d86a47a7670e0b668
build	Build with Gradle	2026-06-06T12:23:59.5496537Z Stored cache entry for EnumerateClassesTransform: /home/runner/.gradle/caches/modules-2/files-2.1/androidx.concurrent/concurrent-futures/1.1.0/50b7fb98350d5f42a4e49704b03278542293ba48/concurrent-futures-1.1.0.jar with cache key ea6efc75b5f2050d86a47a7670e0b668
build	Build with Gradle	2026-06-06T12:23:59.5499432Z Caching disabled for AarToClassTransform: /home/runner/.gradle/caches/modules-2/files-2.1/androidx.annotation/annotation-experimental/1.4.1/7851235e2a16ce50270a74b555edaf9209b42864/annotation-experimental-1.4.1.aar because:
build	Build with Gradle	2026-06-06T12:23:59.5501030Z   Caching not enabled.
build	Build with Gradle	2026-06-06T12:23:59.5502613Z Build cache key for EnumerateClassesTransform: /home/runner/.gradle/caches/8.14/transforms/3d291c8489bf0c757b1df6349aaf994f/transformed/annotation-experimental-1.4.1-runtime.jar is ec6e89f32bd9c126a46a1b410b9f921d
build	Build with Gradle	2026-06-06T12:23:59.5505336Z Stored cache entry for EnumerateClassesTransform: /home/runner/.gradle/caches/8.14/transforms/3d291c8489bf0c757b1df6349aaf994f/transformed/annotation-experimental-1.4.1-runtime.jar with cache key ec6e89f32bd9c126a46a1b410b9f921d
build	Build with Gradle	2026-06-06T12:23:59.5508421Z Caching disabled for AarToClassTransform: /home/runner/.gradle/caches/modules-2/files-2.1/androidx.core/core-viewtree/1.0.0/449ba4f495b4d10d18edd01f32f9328be40d5749/core-viewtree-1.0.0.aar because:
build	Build with Gradle	2026-06-06T12:23:59.5510650Z   Caching not enabled.
build	Build with Gradle	2026-06-06T12:23:59.5512222Z Build cache key for EnumerateClassesTransform: /home/runner/.gradle/caches/8.14/transforms/0d0b3e54186489f8d51907e6a8129a11/transformed/core-viewtree-1.0.0-runtime.jar is d617ac322ef2b9dfa664ef34331b14f8
build	Build with Gradle	2026-06-06T12:23:59.5515185Z Stored cache entry for EnumerateClassesTransform: /home/runner/.gradle/caches/8.14/transforms/0d0b3e54186489f8d51907e6a8129a11/transformed/core-viewtree-1.0.0-runtime.jar with cache key d617ac322ef2b9dfa664ef34331b14f8
build	Build with Gradle	2026-06-06T12:23:59.5518184Z Caching disabled for IdentityTransform: /home/runner/.gradle/caches/modules-2/files-2.1/androidx.annotation/annotation-jvm/1.8.1/b8a16fe526014b7941c1debaccaf9c5153692dbb/annotation-jvm-1.8.1.jar because:
build	Build with Gradle	2026-06-06T12:23:59.5519979Z   Caching not enabled.
build	Build with Gradle	2026-06-06T12:23:59.5521956Z Build cache key for EnumerateClassesTransform: /home/runner/.gradle/caches/modules-2/files-2.1/androidx.annotation/annotation-jvm/1.8.1/b8a16fe526014b7941c1debaccaf9c5153692dbb/annotation-jvm-1.8.1.jar is d33151fa02547e58308a9d4d7f31986e
build	Build with Gradle	2026-06-06T12:23:59.5533413Z Stored cache entry for EnumerateClassesTransform: /home/runner/.gradle/caches/modules-2/files-2.1/androidx.annotation/annotation-jvm/1.8.1/b8a16fe526014b7941c1debaccaf9c5153692dbb/annotation-jvm-1.8.1.jar with cache key d33151fa02547e58308a9d4d7f31986e
build	Build with Gradle	2026-06-06T12:23:59.5536653Z Caching disabled for IdentityTransform: /home/runner/.gradle/caches/modules-2/files-2.1/org.jetbrains.kotlin/kotlin-stdlib/1.8.22/636bf8b320e7627482771bbac9ed7246773c02bd/kotlin-stdlib-1.8.22.jar because:
build	Build with Gradle	2026-06-06T12:23:59.5538545Z   Caching not enabled.
build	Build with Gradle	2026-06-06T12:23:59.5540523Z Build cache key for EnumerateClassesTransform: /home/runner/.gradle/caches/modules-2/files-2.1/org.jetbrains.kotlin/kotlin-stdlib/1.8.22/636bf8b320e7627482771bbac9ed7246773c02bd/kotlin-stdlib-1.8.22.jar is fa064cd1c4032dd37f4e1af4efc3de52
build	Build with Gradle	2026-06-06T12:23:59.5543855Z Stored cache entry for EnumerateClassesTransform: /home/runner/.gradle/caches/modules-2/files-2.1/org.jetbrains.kotlin/kotlin-stdlib/1.8.22/636bf8b320e7627482771bbac9ed7246773c02bd/kotlin-stdlib-1.8.22.jar with cache key fa064cd1c4032dd37f4e1af4efc3de52
build	Build with Gradle	2026-06-06T12:23:59.5546741Z Caching disabled for IdentityTransform: /home/runner/.gradle/caches/modules-2/files-2.1/org.jspecify/jspecify/1.0.0/7425a601c1c7ec76645a78d22b8c6a627edee507/jspecify-1.0.0.jar because:
build	Build with Gradle	2026-06-06T12:23:59.5548540Z   Caching not enabled.
build	Build with Gradle	2026-06-06T12:23:59.5550293Z Build cache key for EnumerateClassesTransform: /home/runner/.gradle/caches/modules-2/files-2.1/org.jspecify/jspecify/1.0.0/7425a601c1c7ec76645a78d22b8c6a627edee507/jspecify-1.0.0.jar is a08f01c794263c206bfb1834e759624d
build	Build with Gradle	2026-06-06T12:23:59.5553384Z Stored cache entry for EnumerateClassesTransform: /home/runner/.gradle/caches/modules-2/files-2.1/org.jspecify/jspecify/1.0.0/7425a601c1c7ec76645a78d22b8c6a627edee507/jspecify-1.0.0.jar with cache key a08f01c794263c206bfb1834e759624d
build	Build with Gradle	2026-06-06T12:23:59.5556438Z Caching disabled for IdentityTransform: /home/runner/.gradle/caches/modules-2/files-2.1/com.google.guava/listenablefuture/1.0/c949a840a6acbc5268d088e47b04177bf90b3cad/listenablefuture-1.0.jar because:
build	Build with Gradle	2026-06-06T12:23:59.5558186Z   Caching not enabled.
build	Build with Gradle	2026-06-06T12:23:59.5560012Z Build cache key for EnumerateClassesTransform: /home/runner/.gradle/caches/modules-2/files-2.1/com.google.guava/listenablefuture/1.0/c949a840a6acbc5268d088e47b04177bf90b3cad/listenablefuture-1.0.jar is 2cd49cb05163d60a896f280fa99eede3
build	Build with Gradle	2026-06-06T12:23:59.5563789Z Stored cache entry for EnumerateClassesTransform: /home/runner/.gradle/caches/modules-2/files-2.1/com.google.guava/listenablefuture/1.0/c949a840a6acbc5268d088e47b04177bf90b3cad/listenablefuture-1.0.jar with cache key 2cd49cb05163d60a896f280fa99eede3
build	Build with Gradle	2026-06-06T12:23:59.5567065Z Caching disabled for IdentityTransform: /home/runner/.gradle/caches/modules-2/files-2.1/org.jetbrains.kotlinx/kotlinx-coroutines-android/1.6.4/f955fc8b2ad196e2f4429598440e15f7492eeb2b/kotlinx-coroutines-android-1.6.4.jar because:
build	Build with Gradle	2026-06-06T12:23:59.5569135Z   Caching not enabled.
build	Build with Gradle	2026-06-06T12:23:59.5571347Z Build cache key for EnumerateClassesTransform: /home/runner/.gradle/caches/modules-2/files-2.1/org.jetbrains.kotlinx/kotlinx-coroutines-android/1.6.4/f955fc8b2ad196e2f4429598440e15f7492eeb2b/kotlinx-coroutines-android-1.6.4.jar is 46a9a6c54fce0bb50e26690aece6a617
build	Build with Gradle	2026-06-06T12:23:59.5575696Z Stored cache entry for EnumerateClassesTransform: /home/runner/.gradle/caches/modules-2/files-2.1/org.jetbrains.kotlinx/kotlinx-coroutines-android/1.6.4/f955fc8b2ad196e2f4429598440e15f7492eeb2b/kotlinx-coroutines-android-1.6.4.jar with cache key 46a9a6c54fce0bb50e26690aece6a617
build	Build with Gradle	2026-06-06T12:23:59.5580898Z Caching disabled for IdentityTransform: /home/runner/.gradle/caches/modules-2/files-2.1/org.jetbrains.kotlinx/kotlinx-coroutines-core-jvm/1.6.4/2c997cd1c0ef33f3e751d3831929aeff1390cb30/kotlinx-coroutines-core-jvm-1.6.4.jar because:
build	Build with Gradle	2026-06-06T12:23:59.5585756Z   Caching not enabled.
build	Build with Gradle	2026-06-06T12:23:59.5587896Z Build cache key for EnumerateClassesTransform: /home/runner/.gradle/caches/modules-2/files-2.1/org.jetbrains.kotlinx/kotlinx-coroutines-core-jvm/1.6.4/2c997cd1c0ef33f3e751d3831929aeff1390cb30/kotlinx-coroutines-core-jvm-1.6.4.jar is 7e13e3f4327219f04b3b089c21b2ed4c
build	Build with Gradle	2026-06-06T12:23:59.5591254Z Stored cache entry for EnumerateClassesTransform: /home/runner/.gradle/caches/modules-2/files-2.1/org.jetbrains.kotlinx/kotlinx-coroutines-core-jvm/1.6.4/2c997cd1c0ef33f3e751d3831929aeff1390cb30/kotlinx-coroutines-core-jvm-1.6.4.jar with cache key 7e13e3f4327219f04b3b089c21b2ed4c
build	Build with Gradle	2026-06-06T12:23:59.5594341Z Caching disabled for IdentityTransform: /home/runner/.gradle/caches/modules-2/files-2.1/org.jetbrains.kotlin/kotlin-stdlib-common/1.8.22/1a8e3601703ae14bb58757ea6b2d8e8e5935a586/kotlin-stdlib-common-1.8.22.jar because:
build	Build with Gradle	2026-06-06T12:23:59.5596540Z   Caching not enabled.
build	Build with Gradle	2026-06-06T12:23:59.5598528Z Build cache key for EnumerateClassesTransform: /home/runner/.gradle/caches/modules-2/files-2.1/org.jetbrains.kotlin/kotlin-stdlib-common/1.8.22/1a8e3601703ae14bb58757ea6b2d8e8e5935a586/kotlin-stdlib-common-1.8.22.jar is 7cddd3fa9a380b05c6cc1ff00ac42e76
build	Build with Gradle	2026-06-06T12:23:59.5602015Z Stored cache entry for EnumerateClassesTransform: /home/runner/.gradle/caches/modules-2/files-2.1/org.jetbrains.kotlin/kotlin-stdlib-common/1.8.22/1a8e3601703ae14bb58757ea6b2d8e8e5935a586/kotlin-stdlib-common-1.8.22.jar with cache key 7cddd3fa9a380b05c6cc1ff00ac42e76
build	Build with Gradle	2026-06-06T12:23:59.5605009Z Caching disabled for IdentityTransform: /home/runner/.gradle/caches/modules-2/files-2.1/org.jetbrains/annotations/13.0/919f0dfe192fb4e063e7dacadee7f8bb9a2672a9/annotations-13.0.jar because:
build	Build with Gradle	2026-06-06T12:23:59.5606584Z   Caching not enabled.
build	Build with Gradle	2026-06-06T12:23:59.5608415Z Build cache key for EnumerateClassesTransform: /home/runner/.gradle/caches/modules-2/files-2.1/org.jetbrains/annotations/13.0/919f0dfe192fb4e063e7dacadee7f8bb9a2672a9/annotations-13.0.jar is 24531216a05e91a327ebe6d823e5cb22
build	Build with Gradle	2026-06-06T12:23:59.5611290Z Stored cache entry for EnumerateClassesTransform: /home/runner/.gradle/caches/modules-2/files-2.1/org.jetbrains/annotations/13.0/919f0dfe192fb4e063e7dacadee7f8bb9a2672a9/annotations-13.0.jar with cache key 24531216a05e91a327ebe6d823e5cb22
build	Build with Gradle	2026-06-06T12:23:59.5614056Z Caching disabled for AarToClassTransform: /home/runner/.gradle/caches/modules-2/files-2.1/dev.rikka.hidden/compat/4.4.0/7f3cc1861cad2da4e242271272b5f8c9f38fe9f8/compat-4.4.0.aar because:
build	Build with Gradle	2026-06-06T12:23:59.5617112Z   Caching not enabled.
build	Build with Gradle	2026-06-06T12:23:59.5618929Z Build cache key for EnumerateClassesTransform: /home/runner/.gradle/caches/8.14/transforms/61f76aaec8645fe28d9169a7e0a36bc9/transformed/compat-4.4.0-runtime.jar is 6777e0765d476c71838f33fff19c9627
build	Build with Gradle	2026-06-06T12:23:59.5621561Z Stored cache entry for EnumerateClassesTransform: /home/runner/.gradle/caches/8.14/transforms/61f76aaec8645fe28d9169a7e0a36bc9/transformed/compat-4.4.0-runtime.jar with cache key 6777e0765d476c71838f33fff19c9627
build	Build with Gradle	2026-06-06T12:23:59.5624385Z Caching disabled for IdentityTransform: /home/runner/.gradle/caches/modules-2/files-2.1/dev.rikka.tools.refine/runtime/4.4.0/b110a65eb42cbabcd5070b302271a811fb4cf620/runtime-4.4.0.jar because:
build	Build with Gradle	2026-06-06T12:23:59.5626080Z   Caching not enabled.
build	Build with Gradle	2026-06-06T12:23:59.5627979Z Build cache key for EnumerateClassesTransform: /home/runner/.gradle/caches/modules-2/files-2.1/dev.rikka.tools.refine/runtime/4.4.0/b110a65eb42cbabcd5070b302271a811fb4cf620/runtime-4.4.0.jar is 2470f985d4b2761ccb563101910cca5a
build	Build with Gradle	2026-06-06T12:23:59.5631268Z Stored cache entry for EnumerateClassesTransform: /home/runner/.gradle/caches/modules-2/files-2.1/dev.rikka.tools.refine/runtime/4.4.0/b110a65eb42cbabcd5070b302271a811fb4cf620/runtime-4.4.0.jar with cache key 2470f985d4b2761ccb563101910cca5a
build	Build with Gradle	2026-06-06T12:23:59.5633986Z Caching disabled for AarToClassTransform: /home/runner/.gradle/caches/modules-2/files-2.1/androidx.core/core/1.16.0/3a0b0bf75b4649cad42a39b6356fec1eea63cfc8/core-1.16.0.aar because:
build	Build with Gradle	2026-06-06T12:23:59.5635516Z   Caching not enabled.
build	Build with Gradle	2026-06-06T12:23:59.5639625Z Build cache key for EnumerateClassesTransform: /home/runner/.gradle/caches/8.14/transforms/272970774af8beefd8052fa3280d84a3/transformed/core-1.16.0-runtime.jar is 9c6aecd2bc988c7ec4fbb97be696f0b1
build	Build with Gradle	2026-06-06T12:23:59.5642515Z Stored cache entry for EnumerateClassesTransform: /home/runner/.gradle/caches/8.14/transforms/272970774af8beefd8052fa3280d84a3/transformed/core-1.16.0-runtime.jar with cache key 9c6aecd2bc988c7ec4fbb97be696f0b1
build	Build with Gradle	2026-06-06T12:23:59.5644524Z Caching disabled for task ':shell:checkReleaseDuplicateClasses' because:
build	Build with Gradle	2026-06-06T12:23:59.5645411Z   Caching has been disabled for the task
build	Build with Gradle	2026-06-06T12:23:59.5646276Z Task ':shell:checkReleaseDuplicateClasses' is not up-to-date because:
build	Build with Gradle	2026-06-06T12:23:59.5647528Z   No history is available.
build	Build with Gradle	2026-06-06T12:23:59.5648404Z Resolve mutations for :shell:mergeReleaseArtProfile (Thread[#159,included builds,5,main]) started.
build	Build with Gradle	2026-06-06T12:23:59.5649630Z :shell:mergeReleaseArtProfile (Thread[#159,included builds,5,main]) started.
build	Build with Gradle	2026-06-06T12:24:00.1778061Z 
build	Build with Gradle	2026-06-06T12:24:00.1808502Z > Task :rish:configureCMakeRelWithDebInfo[arm64-v8a]
build	Build with Gradle	2026-06-06T12:24:00.1843150Z Caching disabled for task ':rish:configureCMakeRelWithDebInfo[arm64-v8a]' because:
build	Build with Gradle	2026-06-06T12:24:00.1858491Z   Caching has been disabled for the task
build	Build with Gradle	2026-06-06T12:24:00.1860182Z Task ':rish:configureCMakeRelWithDebInfo[arm64-v8a]' is not up-to-date because:
build	Build with Gradle	2026-06-06T12:24:00.1861347Z   Task.upToDateWhen is false.
build	Build with Gradle	2026-06-06T12:24:00.1862767Z Starting process 'command '/usr/local/bin/cmake''. Working directory: /home/runner/work/ShizukuPlus/ShizukuPlus Command: /usr/local/bin/cmake --version
build	Build with Gradle	2026-06-06T12:24:00.1864262Z Successfully started process 'command '/usr/local/bin/cmake''
build	Build with Gradle	2026-06-06T12:24:00.2751906Z Checking the license for package CMake 3.22.1 in /usr/local/lib/android/sdk/licenses
build	Build with Gradle	2026-06-06T12:24:00.2768418Z License for package CMake 3.22.1 accepted.
build	Build with Gradle	2026-06-06T12:24:00.2791749Z Preparing "Install CMake 3.22.1 v.3.22.1".
build	Build with Gradle	2026-06-06T12:24:00.3750628Z 
build	Build with Gradle	2026-06-06T12:24:00.3779566Z > Task :common:parseReleaseLocalResources
build	Build with Gradle	2026-06-06T12:24:00.3792749Z Build cache key for PlatformAttrTransform: /usr/local/lib/android/sdk/platforms/android-35/android.jar is 76ab8922df5c09dbaddba03109baca4b
build	Build with Gradle	2026-06-06T12:24:00.3814387Z Stored cache entry for PlatformAttrTransform: /usr/local/lib/android/sdk/platforms/android-35/android.jar with cache key 76ab8922df5c09dbaddba03109baca4b
build	Build with Gradle	2026-06-06T12:24:00.3844716Z Build cache key for task ':common:parseReleaseLocalResources' is df4b5dc4dbbcf6350ba300270c5ecd9d
build	Build with Gradle	2026-06-06T12:24:00.3864406Z Task ':common:parseReleaseLocalResources' is not up-to-date because:
build	Build with Gradle	2026-06-06T12:24:00.3908203Z   No history is available.
build	Build with Gradle	2026-06-06T12:24:00.3939187Z The input changes require a full rebuild for incremental task ':common:parseReleaseLocalResources'.
build	Build with Gradle	2026-06-06T12:24:00.3940915Z Stored cache entry for task ':common:parseReleaseLocalResources' with cache key df4b5dc4dbbcf6350ba300270c5ecd9d
build	Build with Gradle	2026-06-06T12:24:00.3942488Z Resolve mutations for :common:generateReleaseRFile (Thread[#162,Execution worker Thread 3,5,main]) started.
build	Build with Gradle	2026-06-06T12:24:00.3943914Z :common:generateReleaseRFile (Thread[#162,Execution worker Thread 3,5,main]) started.
build	Build with Gradle	2026-06-06T12:24:00.4828062Z 
build	Build with Gradle	2026-06-06T12:24:00.4858412Z > Task :shell:mergeReleaseArtProfile
build	Build with Gradle	2026-06-06T12:24:00.4889178Z Caching disabled for AarTransform: /home/runner/.gradle/caches/8.14/transforms/93e5dd5bd02503c2c463051d8428f6c3/transformed/compat-4.4.0 because:
build	Build with Gradle	2026-06-06T12:24:00.4928693Z   Caching not enabled.
build	Build with Gradle	2026-06-06T12:24:00.4940553Z Caching disabled for AarTransform: /home/runner/.gradle/caches/8.14/transforms/15a46fdad85d2cb7e7c637ba2a744a05/transformed/interpolator-1.0.0 because:
build	Build with Gradle	2026-06-06T12:24:00.4985767Z   Caching not enabled.
build	Build with Gradle	2026-06-06T12:24:00.5027842Z Caching disabled for AarTransform: /home/runner/.gradle/caches/8.14/transforms/a18f3e8414f2ba4eb382dd01375ab089/transformed/core-1.16.0 because:
build	Build with Gradle	2026-06-06T12:24:00.5029301Z   Caching not enabled.
build	Build with Gradle	2026-06-06T12:24:00.5059222Z Caching disabled for AarTransform: /home/runner/.gradle/caches/8.14/transforms/0187bb9b76f6cb89cb6648998d3bb365/transformed/lifecycle-runtime-2.6.2 because:
build	Build with Gradle	2026-06-06T12:24:00.5061047Z   Caching not enabled.
build	Build with Gradle	2026-06-06T12:24:00.5062213Z Caching disabled for AarTransform: /home/runner/.gradle/caches/8.14/transforms/fc7c287dc22d61ab46eb288863ba67f7/transformed/profileinstaller-1.3.0 because:
build	Build with Gradle	2026-06-06T12:24:00.5063399Z   Caching not enabled.
build	Build with Gradle	2026-06-06T12:24:00.5064505Z Caching disabled for AarTransform: /home/runner/.gradle/caches/8.14/transforms/c3f1fba07658b0b59e408933ad000cab/transformed/startup-runtime-1.1.1 because:
build	Build with Gradle	2026-06-06T12:24:00.5065668Z   Caching not enabled.
build	Build with Gradle	2026-06-06T12:24:00.5067113Z Caching disabled for AarTransform: /home/runner/.gradle/caches/8.14/transforms/ac9c2613db74d91f76d389a55de09aeb/transformed/tracing-1.2.0 because:
build	Build with Gradle	2026-06-06T12:24:00.5068711Z   Caching not enabled.
build	Build with Gradle	2026-06-06T12:24:00.5069983Z Caching disabled for AarTransform: /home/runner/.gradle/caches/8.14/transforms/eec55b2add6457c8fb902795cbf8eedc/transformed/versionedparcelable-1.1.1 because:
build	Build with Gradle	2026-06-06T12:24:00.5138255Z   Caching not enabled.
build	Build with Gradle	2026-06-06T12:24:00.5153541Z Caching disabled for AarTransform: /home/runner/.gradle/caches/8.14/transforms/9a0af10b7d6a004c0dde0da7908916e8/transformed/core-runtime-2.2.0 because:
build	Build with Gradle	2026-06-06T12:24:00.5182308Z   Caching not enabled.
build	Build with Gradle	2026-06-06T12:24:00.5183845Z Caching disabled for AarTransform: /home/runner/.gradle/caches/8.14/transforms/b63ec3c1af75a7e3e11e00b71c5d2f13/transformed/annotation-experimental-1.4.1 because:
build	Build with Gradle	2026-06-06T12:24:00.5208289Z   Caching not enabled.
build	Build with Gradle	2026-06-06T12:24:00.5241535Z Caching disabled for AarTransform: /home/runner/.gradle/caches/8.14/transforms/a203a862f516367cac65cc0033ada510/transformed/core-viewtree-1.0.0 because:
build	Build with Gradle	2026-06-06T12:24:00.5268370Z   Caching not enabled.
build	Build with Gradle	2026-06-06T12:24:00.5299004Z Caching disabled for AarTransform: /home/runner/.gradle/caches/8.14/transforms/4b91b30cdde5ec990d4144c4990f3981/transformed/parcelablelist-2.0.1-release because:
build	Build with Gradle	2026-06-06T12:24:00.5300543Z   Caching not enabled.
build	Build with Gradle	2026-06-06T12:24:00.5328893Z Caching disabled for AarTransform: /home/runner/.gradle/caches/8.14/transforms/d90402c4b85ec72d1d4a6e1bb45ac913/transformed/buildcompat-34.0.1 because:
build	Build with Gradle	2026-06-06T12:24:00.5358189Z   Caching not enabled.
build	Build with Gradle	2026-06-06T12:24:00.5373979Z Caching disabled for task ':shell:mergeReleaseArtProfile' because:
build	Build with Gradle	2026-06-06T12:24:00.5418218Z   Simple merging task
build	Build with Gradle	2026-06-06T12:24:00.5419098Z Task ':shell:mergeReleaseArtProfile' is not up-to-date because:
build	Build with Gradle	2026-06-06T12:24:00.5448217Z   No history is available.
build	Build with Gradle	2026-06-06T12:24:00.5474919Z file or directory '/home/runner/work/ShizukuPlus/ShizukuPlus/shell/src/main/baselineProfiles', not found
build	Build with Gradle	2026-06-06T12:24:00.5498581Z file or directory '/home/runner/work/ShizukuPlus/ShizukuPlus/shell/src/release/baselineProfiles', not found
build	Build with Gradle	2026-06-06T12:24:00.5528577Z Resolve mutations for :shell:generateReleaseBuildConfig (Thread[#159,included builds,5,main]) started.
build	Build with Gradle	2026-06-06T12:24:00.5529913Z :shell:generateReleaseBuildConfig (Thread[#159,included builds,5,main]) started.
build	Build with Gradle	2026-06-06T12:24:00.5775119Z 
build	Build with Gradle	2026-06-06T12:24:00.5788571Z > Task :shell:generateReleaseBuildConfig
build	Build with Gradle	2026-06-06T12:24:00.5818718Z Build cache key for task ':shell:generateReleaseBuildConfig' is 509a9f8fd1b6c73eba62d37b8e4af8cf
build	Build with Gradle	2026-06-06T12:24:00.5848474Z Task ':shell:generateReleaseBuildConfig' is not up-to-date because:
build	Build with Gradle	2026-06-06T12:24:00.5849816Z   No history is available.
build	Build with Gradle	2026-06-06T12:24:00.5878438Z Stored cache entry for task ':shell:generateReleaseBuildConfig' with cache key 509a9f8fd1b6c73eba62d37b8e4af8cf
build	Build with Gradle	2026-06-06T12:24:00.5908642Z Resolve mutations for :shell:javaPreCompileRelease (Thread[#159,included builds,5,main]) started.
build	Build with Gradle	2026-06-06T12:24:00.5918384Z :shell:javaPreCompileRelease (Thread[#159,included builds,5,main]) started.
build	Build with Gradle	2026-06-06T12:24:00.5928079Z 
build	Build with Gradle	2026-06-06T12:24:00.5928826Z > Task :core:ui:dataBindingMergeDependencyArtifactsRelease
build	Build with Gradle	2026-06-06T12:24:00.5931311Z Caching disabled for ExtractAarTransform: /home/runner/.gradle/caches/modules-2/files-2.1/dev.rikka.rikkax.layoutinflater/layoutinflater/1.3.0/6ea9aa6d30319958c33418292d1a26ad4eadb01d/layoutinflater-1.3.0.aar because:
build	Build with Gradle	2026-06-06T12:24:00.5933256Z   Caching not enabled.
build	Build with Gradle	2026-06-06T12:24:00.5934350Z Caching disabled for AarTransform: /home/runner/.gradle/caches/8.14/transforms/6a51a01fd16264a83e0f0feeab00d6ea/transformed/layoutinflater-1.3.0 because:
build	Build with Gradle	2026-06-06T12:24:00.5935524Z   Caching not enabled.
build	Build with Gradle	2026-06-06T12:24:00.5936839Z Caching disabled for ExtractAarTransform: /home/runner/.gradle/caches/modules-2/files-2.1/dev.rikka.rikkax.compatibility/compatibility/2.0.0/43196bfea60ce7a444ed17767ff42ac872a0f3d4/compatibility-2.0.0.aar because:
build	Build with Gradle	2026-06-06T12:24:00.5938556Z   Caching not enabled.
build	Build with Gradle	2026-06-06T12:24:00.5940185Z Caching disabled for ExtractAarTransform: /home/runner/.gradle/caches/modules-2/files-2.1/dev.rikka.rikkax.appcompat/appcompat/1.6.1/fd42974809047738db3a8f821bad454e9f3206d5/appcompat-1.6.1.aar because:
build	Build with Gradle	2026-06-06T12:24:00.5941603Z   Caching not enabled.
build	Build with Gradle	2026-06-06T12:24:00.5942761Z Caching disabled for AarTransform: /home/runner/.gradle/caches/8.14/transforms/5d7fa8ac1f6ab741b32c1fc4bc71bdf6/transformed/compatibility-2.0.0 because:
build	Build with Gradle	2026-06-06T12:24:00.5943969Z   Caching not enabled.
build	Build with Gradle	2026-06-06T12:24:00.5945199Z Caching disabled for ExtractAarTransform: /home/runner/.gradle/caches/modules-2/files-2.1/dev.rikka.rikkax.material/material/2.7.2/6ce595e59849ed6bd4625ff209a1c3ea0b5963df/material-2.7.2.aar because:
build	Build with Gradle	2026-06-06T12:24:00.5946608Z   Caching not enabled.
build	Build with Gradle	2026-06-06T12:24:00.5948136Z Caching disabled for ExtractAarTransform: /home/runner/.gradle/caches/modules-2/files-2.1/androidx.databinding/viewbinding/8.11.1/ac6f44341b1809eb28fb59df4e19918cff189ddb/viewbinding-8.11.1.aar because:
build	Build with Gradle	2026-06-06T12:24:00.5949710Z   Caching not enabled.
build	Build with Gradle	2026-06-06T12:24:00.5950786Z Caching disabled for AarTransform: /home/runner/.gradle/caches/8.14/transforms/693c054b9b80dbf8007dadbf97a7b615/transformed/viewbinding-8.11.1 because:
build	Build with Gradle	2026-06-06T12:24:00.5951965Z   Caching not enabled.
build	Build with Gradle	2026-06-06T12:24:00.5953432Z Caching disabled for ExtractAarTransform: /home/runner/.gradle/caches/modules-2/files-2.1/com.google.android.material/material/1.14.0-beta01/f7a291ba538cd66770e33fcfb934c4b1bb9832a1/material-1.14.0-beta01.aar because:
build	Build with Gradle	2026-06-06T12:24:00.5955001Z   Caching not enabled.
build	Build with Gradle	2026-06-06T12:24:00.5956060Z Caching disabled for AarTransform: /home/runner/.gradle/caches/8.14/transforms/f85a8706e3d3bf4df310b1b8ed66a067/transformed/material-2.7.2 because:
build	Build with Gradle	2026-06-06T12:24:00.5957247Z   Caching not enabled.
build	Build with Gradle	2026-06-06T12:24:00.5958861Z Caching disabled for ExtractAarTransform: /home/runner/.gradle/caches/modules-2/files-2.1/androidx.appcompat/appcompat-resources/1.7.0/2a42c0283578a8a40fc83b45b5cd06924bd1a385/appcompat-resources-1.7.0.aar because:
build	Build with Gradle	2026-06-06T12:24:00.5984016Z   Caching not enabled.
build	Build with Gradle	2026-06-06T12:24:00.6000930Z Caching disabled for AarTransform: /home/runner/.gradle/caches/8.14/transforms/65454cf7d9888af3078a04881c706907/transformed/appcompat-resources-1.7.0 because:
build	Build with Gradle	2026-06-06T12:24:00.6028011Z   Caching not enabled.
build	Build with Gradle	2026-06-06T12:24:00.6049124Z Caching disabled for ExtractAarTransform: /home/runner/.gradle/caches/modules-2/files-2.1/androidx.appcompat/appcompat/1.7.0/d44656e67ab2123393e5f3e957ecc3641a600c7b/appcompat-1.7.0.aar because:
build	Build with Gradle	2026-06-06T12:24:00.6078028Z   Caching not enabled.
build	Build with Gradle	2026-06-06T12:24:00.6080279Z Caching disabled for AarTransform: /home/runner/.gradle/caches/8.14/transforms/efa565396efa7c69fa280f54041abb1e/transformed/appcompat-1.6.1 because:
build	Build with Gradle	2026-06-06T12:24:00.6109116Z   Caching not enabled.
build	Build with Gradle	2026-06-06T12:24:00.6139280Z Caching disabled for ExtractAarTransform: /home/runner/.gradle/caches/modules-2/files-2.1/androidx.viewpager2/viewpager2/1.0.0/91c378a09ddff66e1bb73e90edeac53487d2832b/viewpager2-1.0.0.aar because:
build	Build with Gradle	2026-06-06T12:24:00.6168336Z   Caching not enabled.
build	Build with Gradle	2026-06-06T12:24:00.6181495Z Caching disabled for AarTransform: /home/runner/.gradle/caches/8.14/transforms/e94b2a0234ee0fc856dd3903ab85b2e1/transformed/viewpager2-1.0.0 because:
build	Build with Gradle	2026-06-06T12:24:00.6198202Z   Caching not enabled.
build	Build with Gradle	2026-06-06T12:24:00.6229247Z Caching disabled for ExtractAarTransform: /home/runner/.gradle/caches/modules-2/files-2.1/androidx.fragment/fragment/1.8.7/561e3e40ef452b26d6f00056c503f7efbe6d9c39/fragment-1.8.7.aar because:
build	Build with Gradle	2026-06-06T12:24:00.6236588Z   Caching not enabled.
build	Build with Gradle	2026-06-06T12:24:00.6277934Z Caching disabled for AarTransform: /home/runner/.gradle/caches/8.14/transforms/6f3aedd40656040f59ef8f054d3927d7/transformed/appcompat-1.7.0 because:
build	Build with Gradle	2026-06-06T12:24:00.6287080Z   Caching not enabled.
build	Build with Gradle	2026-06-06T12:24:00.6308974Z Caching disabled for AarTransform: /home/runner/.gradle/caches/8.14/transforms/3496351281a372f59379614fd15c5436/transformed/fragment-1.8.7 because:
build	Build with Gradle	2026-06-06T12:24:00.6338229Z   Caching not enabled.
build	Build with Gradle	2026-06-06T12:24:00.6369367Z Caching disabled for ExtractAarTransform: /home/runner/.gradle/caches/modules-2/files-2.1/androidx.fragment/fragment-ktx/1.8.7/a2e731e5e0cb499e715beb62b3e06bd3f080f47d/fragment-ktx-1.8.7.aar because:
build	Build with Gradle	2026-06-06T12:24:00.6375204Z   Caching not enabled.
build	Build with Gradle	2026-06-06T12:24:00.6429197Z Caching disabled for ExtractAarTransform: /home/runner/.gradle/caches/modules-2/files-2.1/androidx.activity/activity/1.8.1/144ff894c8c32584ca9e99ebae0a2a28b294d371/activity-1.8.1.aar because:
build	Build with Gradle	2026-06-06T12:24:00.6431015Z   Caching not enabled.
build	Build with Gradle	2026-06-06T12:24:00.6458822Z Caching disabled for AarTransform: /home/runner/.gradle/caches/8.14/transforms/aab493d2bbab5d087a023e9183eede9c/transformed/fragment-ktx-1.8.7 because:
build	Build with Gradle	2026-06-06T12:24:00.6482330Z   Caching not enabled.
build	Build with Gradle	2026-06-06T12:24:00.6489166Z Caching disabled for AarTransform: /home/runner/.gradle/caches/8.14/transforms/c4ba88001386a85ee85f090f578a195e/transformed/activity-1.8.1 because:
build	Build with Gradle	2026-06-06T12:24:00.6516122Z   Caching not enabled.
build	Build with Gradle	2026-06-06T12:24:00.6520952Z Caching disabled for ExtractAarTransform: /home/runner/.gradle/caches/modules-2/files-2.1/androidx.activity/activity-ktx/1.8.1/2367fda01826526e5948ebb9fd5faae9213ac7bc/activity-ktx-1.8.1.aar because:
build	Build with Gradle	2026-06-06T12:24:00.6548124Z   Caching not enabled.
build	Build with Gradle	2026-06-06T12:24:00.6579805Z Caching disabled for ExtractAarTransform: /home/runner/.gradle/caches/modules-2/files-2.1/androidx.recyclerview/recyclerview/1.2.1/7f5235de0ec08c31d4f6cccdd0dcaa58b7f9ef6b/recyclerview-1.2.1.aar because:
build	Build with Gradle	2026-06-06T12:24:00.6591451Z   Caching not enabled.
build	Build with Gradle	2026-06-06T12:24:00.6592912Z Caching disabled for AarTransform: /home/runner/.gradle/caches/8.14/transforms/a6084efd8e6c9ff951c8e72453f81ad6/transformed/material-1.14.0-beta01 because:
build	Build with Gradle	2026-06-06T12:24:00.6594115Z   Caching not enabled.
build	Build with Gradle	2026-06-06T12:24:00.6595250Z Caching disabled for AarTransform: /home/runner/.gradle/caches/8.14/transforms/e130a89052a8b4d95c427db310d4db3d/transformed/activity-ktx-1.8.1 because:
build	Build with Gradle	2026-06-06T12:24:00.6596455Z   Caching not enabled.
build	Build with Gradle	2026-06-06T12:24:00.6598099Z Caching disabled for ExtractAarTransform: /home/runner/.gradle/caches/modules-2/files-2.1/androidx.swiperefreshlayout/swiperefreshlayout/1.1.0/2aeac64056fe6cc0420afad0b699a7f9257b8ebe/swiperefreshlayout-1.1.0.aar because:
build	Build with Gradle	2026-06-06T12:24:00.6599814Z   Caching not enabled.
build	Build with Gradle	2026-06-06T12:24:00.6600901Z Caching disabled for AarTransform: /home/runner/.gradle/caches/8.14/transforms/bcf44e27a39512bc2c5ebe0776c55bf9/transformed/recyclerview-1.2.1 because:
build	Build with Gradle	2026-06-06T12:24:00.6602408Z   Caching not enabled.
build	Build with Gradle	2026-06-06T12:24:00.6622451Z Caching disabled for AarTransform: /home/runner/.gradle/caches/8.14/transforms/f44317b6b582e3df5afb18620edd3775/transformed/swiperefreshlayout-1.1.0 because:
build	Build with Gradle	2026-06-06T12:24:00.6623970Z   Caching not enabled.
build	Build with Gradle	2026-06-06T12:24:00.6645787Z Caching disabled for ExtractAarTransform: /home/runner/.gradle/caches/modules-2/files-2.1/androidx.drawerlayout/drawerlayout/1.1.1/1b2b049e1e88589510ddd4d93f2699b46ecd73dd/drawerlayout-1.1.1.aar because:
build	Build with Gradle	2026-06-06T12:24:00.6647725Z   Caching not enabled.
build	Build with Gradle	2026-06-06T12:24:00.6649363Z Caching disabled for ExtractAarTransform: /home/runner/.gradle/caches/modules-2/files-2.1/androidx.coordinatorlayout/coordinatorlayout/1.1.0/8eeb7baf75b9595d017642a460df5af3bb9fa4e1/coordinatorlayout-1.1.0.aar because:
build	Build with Gradle	2026-06-06T12:24:00.6651048Z   Caching not enabled.
build	Build with Gradle	2026-06-06T12:24:00.6652674Z Caching disabled for ExtractAarTransform: /home/runner/.gradle/caches/modules-2/files-2.1/androidx.viewpager/viewpager/1.0.0/1f90e13820f96c2fb868f9674079a551678d68b2/viewpager-1.0.0.aar because:
build	Build with Gradle	2026-06-06T12:24:00.6654162Z   Caching not enabled.
build	Build with Gradle	2026-06-06T12:24:00.6655320Z Caching disabled for AarTransform: /home/runner/.gradle/caches/8.14/transforms/9a6f8cbb6346f3bbb1b98d5903fb48b2/transformed/drawerlayout-1.1.1 because:
build	Build with Gradle	2026-06-06T12:24:00.6684581Z   Caching not enabled.
build	Build with Gradle	2026-06-06T12:24:00.6685808Z Caching disabled for AarTransform: /home/runner/.gradle/caches/8.14/transforms/f32932b768c1c383327c110c6e2f2a04/transformed/viewpager-1.0.0 because:
build	Build with Gradle	2026-06-06T12:24:00.6687220Z   Caching not enabled.
build	Build with Gradle	2026-06-06T12:24:00.6688561Z Caching disabled for AarTransform: /home/runner/.gradle/caches/8.14/transforms/33de77d114239838176c165bd9600680/transformed/coordinatorlayout-1.1.0 because:
build	Build with Gradle	2026-06-06T12:24:00.6689827Z   Caching not enabled.
build	Build with Gradle	2026-06-06T12:24:00.6691270Z Caching disabled for ExtractAarTransform: /home/runner/.gradle/caches/modules-2/files-2.1/androidx.customview/customview/1.2.0/2cc4c923ced9c6545b9251d2e3c02c5ad42a25f0/customview-1.2.0.aar because:
build	Build with Gradle	2026-06-06T12:24:00.6692791Z   Caching not enabled.
build	Build with Gradle	2026-06-06T12:24:00.6693926Z Caching disabled for AarTransform: /home/runner/.gradle/caches/8.14/transforms/2a1f64bb05593b70cb9126021244d174/transformed/customview-1.2.0 because:
build	Build with Gradle	2026-06-06T12:24:00.6695109Z   Caching not enabled.
build	Build with Gradle	2026-06-06T12:24:00.6696544Z Caching disabled for ExtractAarTransform: /home/runner/.gradle/caches/modules-2/files-2.1/androidx.transition/transition/1.5.0/747173f40c7d98cdb6890a25aa60edcbefeb9c95/transition-1.5.0.aar because:
build	Build with Gradle	2026-06-06T12:24:00.6713232Z   Caching not enabled.
build	Build with Gradle	2026-06-06T12:24:00.6722645Z Caching disabled for ExtractAarTransform: /home/runner/.gradle/caches/modules-2/files-2.1/androidx.dynamicanimation/dynamicanimation/1.1.0/fafa4d2b35188c1fc4bfbc7b9f474e25793041b7/dynamicanimation-1.1.0.aar because:
build	Build with Gradle	2026-06-06T12:24:00.6724548Z   Caching not enabled.
build	Build with Gradle	2026-06-06T12:24:00.6726249Z Caching disabled for ExtractAarTransform: /home/runner/.gradle/caches/modules-2/files-2.1/androidx.vectordrawable/vectordrawable-animated/1.1.0/fcda1161354501471c30a4e077af6b5c4d4eddc6/vectordrawable-animated-1.1.0.aar because:
build	Build with Gradle	2026-06-06T12:24:00.6728148Z   Caching not enabled.
build	Build with Gradle	2026-06-06T12:24:00.6750416Z Caching disabled for AarTransform: /home/runner/.gradle/caches/8.14/transforms/d697b5d8b45978ec3a98ef1655ea06c8/transformed/vectordrawable-animated-1.1.0 because:
build	Build with Gradle	2026-06-06T12:24:00.6751874Z   Caching not enabled.
build	Build with Gradle	2026-06-06T12:24:00.6753075Z Caching disabled for AarTransform: /home/runner/.gradle/caches/8.14/transforms/38973380b257061575958cac22670390/transformed/dynamicanimation-1.1.0 because:
build	Build with Gradle	2026-06-06T12:24:00.6754367Z   Caching not enabled.
build	Build with Gradle	2026-06-06T12:24:00.6755910Z Caching disabled for ExtractAarTransform: /home/runner/.gradle/caches/modules-2/files-2.1/androidx.vectordrawable/vectordrawable/1.1.0/eac7a364fff534035a2a6cb17770a1288315f69f/vectordrawable-1.1.0.aar because:
build	Build with Gradle	2026-06-06T12:24:00.6757693Z   Caching not enabled.
build	Build with Gradle	2026-06-06T12:24:00.6758837Z Caching disabled for AarTransform: /home/runner/.gradle/caches/8.14/transforms/871eef536661b7022d994ed4489cf28d/transformed/transition-1.5.0 because:
build	Build with Gradle	2026-06-06T12:24:00.6760197Z   Caching not enabled.
build	Build with Gradle	2026-06-06T12:24:00.6761380Z Caching disabled for AarTransform: /home/runner/.gradle/caches/8.14/transforms/dc0275561321685487c64fd075a63c35/transformed/vectordrawable-1.1.0 because:
build	Build with Gradle	2026-06-06T12:24:00.6762355Z   Caching not enabled.
build	Build with Gradle	2026-06-06T12:24:00.6763418Z Caching disabled for ExtractAarTransform: /home/runner/.gradle/caches/modules-2/files-2.1/androidx.loader/loader/1.0.0/8af8b6cec0da85c207d03e15840e0722cbc71e70/loader-1.0.0.aar because:
build	Build with Gradle	2026-06-06T12:24:00.6764550Z   Caching not enabled.
build	Build with Gradle	2026-06-06T12:24:00.6765404Z Caching disabled for AarTransform: /home/runner/.gradle/caches/8.14/transforms/a18f3e8414f2ba4eb382dd01375ab089/transformed/core-1.16.0 because:
build	Build with Gradle	2026-06-06T12:24:00.6766374Z   Caching not enabled.
build	Build with Gradle	2026-06-06T12:24:00.6790132Z Caching disabled for AarTransform: /home/runner/.gradle/caches/8.14/transforms/d39b45e93aa24a0297878e1eb336ea9a/transformed/loader-1.0.0 because:
build	Build with Gradle	2026-06-06T12:24:00.6791447Z   Caching not enabled.
build	Build with Gradle	2026-06-06T12:24:00.6792935Z Caching disabled for ExtractAarTransform: /home/runner/.gradle/caches/modules-2/files-2.1/androidx.lifecycle/lifecycle-livedata/2.6.2/e7f6d9e232bf035af69c030917c1ccda8e840b57/lifecycle-livedata-2.6.2.aar because:
build	Build with Gradle	2026-06-06T12:24:00.6794549Z   Caching not enabled.
build	Build with Gradle	2026-06-06T12:24:00.6796159Z Caching disabled for ExtractAarTransform: /home/runner/.gradle/caches/modules-2/files-2.1/androidx.lifecycle/lifecycle-runtime-ktx/2.6.2/33decb94ec41360796e2160159bdca7dde688d0f/lifecycle-runtime-ktx-2.6.2.aar because:
build	Build with Gradle	2026-06-06T12:24:00.6798052Z   Caching not enabled.
build	Build with Gradle	2026-06-06T12:24:00.6818265Z Caching disabled for ExtractAarTransform: /home/runner/.gradle/caches/modules-2/files-2.1/androidx.lifecycle/lifecycle-livedata-core/2.6.2/23f66885a260f0a2cd6540927ea8795484afd2da/lifecycle-livedata-core-2.6.2.aar because:
build	Build with Gradle	2026-06-06T12:24:00.6820196Z   Caching not enabled.
build	Build with Gradle	2026-06-06T12:24:00.6821431Z Caching disabled for AarTransform: /home/runner/.gradle/caches/8.14/transforms/dccf0fa98be1aa325c3a1ea827f00c26/transformed/lifecycle-livedata-2.6.2 because:
build	Build with Gradle	2026-06-06T12:24:00.6822732Z   Caching not enabled.
build	Build with Gradle	2026-06-06T12:24:00.6823945Z Caching disabled for AarTransform: /home/runner/.gradle/caches/8.14/transforms/4e8f83356a3c10e4828fa34b7f68439e/transformed/lifecycle-runtime-ktx-2.6.2 because:
build	Build with Gradle	2026-06-06T12:24:00.6825064Z   Caching not enabled.
build	Build with Gradle	2026-06-06T12:24:00.6826125Z Caching disabled for AarTransform: /home/runner/.gradle/caches/8.14/transforms/ee87d23f63dcca5d7d450baf9e277f60/transformed/lifecycle-livedata-core-2.6.2 because:
build	Build with Gradle	2026-06-06T12:24:00.6827200Z   Caching not enabled.
build	Build with Gradle	2026-06-06T12:24:00.6840077Z Caching disabled for ExtractAarTransform: /home/runner/.gradle/caches/modules-2/files-2.1/androidx.lifecycle/lifecycle-viewmodel/2.6.2/fa35bfdbbe0e7df1573e377cbdd15de35176141d/lifecycle-viewmodel-2.6.2.aar because:
build	Build with Gradle	2026-06-06T12:24:00.6841810Z   Caching not enabled.
build	Build with Gradle	2026-06-06T12:24:00.6843012Z Caching disabled for AarTransform: /home/runner/.gradle/caches/8.14/transforms/0187bb9b76f6cb89cb6648998d3bb365/transformed/lifecycle-runtime-2.6.2 because:
build	Build with Gradle	2026-06-06T12:24:00.6844283Z   Caching not enabled.
build	Build with Gradle	2026-06-06T12:24:00.6845891Z Caching disabled for ExtractAarTransform: /home/runner/.gradle/caches/modules-2/files-2.1/androidx.lifecycle/lifecycle-viewmodel-ktx/2.6.2/a6214896fba4ed16b44b0c051e6ceea24be554/lifecycle-viewmodel-ktx-2.6.2.aar because:
build	Build with Gradle	2026-06-06T12:24:00.6863309Z   Caching not enabled.
build	Build with Gradle	2026-06-06T12:24:00.6864328Z Caching disabled for AarTransform: /home/runner/.gradle/caches/8.14/transforms/14a2286e0098463f0a92170156a92cd9/transformed/lifecycle-viewmodel-2.6.2 because:
build	Build with Gradle	2026-06-06T12:24:00.6865301Z   Caching not enabled.
build	Build with Gradle	2026-06-06T12:24:00.6967212Z Caching disabled for ExtractAarTransform: /home/runner/.gradle/caches/modules-2/files-2.1/androidx.lifecycle/lifecycle-livedata-core-ktx/2.6.2/58c13cf1fa21b6516e58a8d291b11da864caffbf/lifecycle-livedata-core-ktx-2.6.2.aar because:
build	Build with Gradle	2026-06-06T12:24:00.6969644Z   Caching not enabled.
build	Build with Gradle	2026-06-06T12:24:00.6970937Z Caching disabled for AarTransform: /home/runner/.gradle/caches/8.14/transforms/5c293b8b47e63d9af063591faa3f19e8/transformed/lifecycle-viewmodel-ktx-2.6.2 because:
build	Build with Gradle	2026-06-06T12:24:00.6972389Z   Caching not enabled.
build	Build with Gradle	2026-06-06T12:24:00.6974147Z Caching disabled for ExtractAarTransform: /home/runner/.gradle/caches/modules-2/files-2.1/androidx.lifecycle/lifecycle-viewmodel-savedstate/2.6.2/483115c35b2926c3780dfdaf3f5d0342855e73b1/lifecycle-viewmodel-savedstate-2.6.2.aar because:
build	Build with Gradle	2026-06-06T12:24:00.6975976Z   Caching not enabled.
build	Build with Gradle	2026-06-06T12:24:00.6977234Z Caching disabled for AarTransform: /home/runner/.gradle/caches/8.14/transforms/810829894a4687e11eead72cf29eed78/transformed/lifecycle-livedata-core-ktx-2.6.2 because:
build	Build with Gradle	2026-06-06T12:24:00.6990370Z   Caching not enabled.
build	Build with Gradle	2026-06-06T12:24:00.6991862Z Caching disabled for ExtractAarTransform: /home/runner/.gradle/caches/modules-2/files-2.1/androidx.core/core-ktx/1.16.0/fb0ea209ea2411dc5106cd1c95b513c81ce8aedb/core-ktx-1.16.0.aar because:
build	Build with Gradle	2026-06-06T12:24:00.6993560Z   Caching not enabled.
build	Build with Gradle	2026-06-06T12:24:00.6994972Z Caching disabled for ExtractAarTransform: /home/runner/.gradle/caches/modules-2/files-2.1/com.jakewharton.timber/timber/5.0.1/661f0d6dd1c4152b26c01322bf6273a1eb206e26/timber-5.0.1.aar because:
build	Build with Gradle	2026-06-06T12:24:00.6996449Z   Caching not enabled.
build	Build with Gradle	2026-06-06T12:24:00.6997858Z Caching disabled for AarTransform: /home/runner/.gradle/caches/8.14/transforms/b5405f3dee1d83f36ed1ef719d830b3f/transformed/lifecycle-viewmodel-savedstate-2.6.2 because:
build	Build with Gradle	2026-06-06T12:24:00.6999341Z   Caching not enabled.
build	Build with Gradle	2026-06-06T12:24:00.7000462Z Caching disabled for AarTransform: /home/runner/.gradle/caches/8.14/transforms/ab00c267663707e20a9c28832bd574a2/transformed/timber-5.0.1 because:
build	Build with Gradle	2026-06-06T12:24:00.7001644Z   Caching not enabled.
build	Build with Gradle	2026-06-06T12:24:00.7003114Z Caching disabled for ExtractAarTransform: /home/runner/.gradle/caches/modules-2/files-2.1/dev.rikka.rikkax.insets/insets/1.3.0/4c4ba2e936a3619d0bb7c8e73d50e0cc6be22022/insets-1.3.0-release.aar because:
build	Build with Gradle	2026-06-06T12:24:00.7004652Z   Caching not enabled.
build	Build with Gradle	2026-06-06T12:24:00.7006161Z Caching disabled for ExtractAarTransform: /home/runner/.gradle/caches/modules-2/files-2.1/androidx.savedstate/savedstate-ktx/1.2.1/b86d338d91b1c26193a42b1d87be9bb02123fa16/savedstate-ktx-1.2.1.aar because:
build	Build with Gradle	2026-06-06T12:24:00.7078016Z   Caching not enabled.
build	Build with Gradle	2026-06-06T12:24:00.7079570Z Caching disabled for AarTransform: /home/runner/.gradle/caches/8.14/transforms/029a61c97118f0c834c270c0dd5c56c8/transformed/core-ktx-1.16.0 because:
build	Build with Gradle	2026-06-06T12:24:00.7080885Z   Caching not enabled.
build	Build with Gradle	2026-06-06T12:24:00.7082042Z Caching disabled for AarTransform: /home/runner/.gradle/caches/8.14/transforms/30676eef3dc22ac269337397d20f7f25/transformed/insets-1.3.0-release because:
build	Build with Gradle	2026-06-06T12:24:00.7083318Z   Caching not enabled.
build	Build with Gradle	2026-06-06T12:24:00.7084823Z Caching disabled for ExtractAarTransform: /home/runner/.gradle/caches/modules-2/files-2.1/androidx.savedstate/savedstate/1.2.1/e364fc9dec32aa569d855f85864e50250318a093/savedstate-1.2.1.aar because:
build	Build with Gradle	2026-06-06T12:24:00.7086426Z   Caching not enabled.
build	Build with Gradle	2026-06-06T12:24:00.7207952Z Caching disabled for AarTransform: /home/runner/.gradle/caches/8.14/transforms/b63ec3c1af75a7e3e11e00b71c5d2f13/transformed/annotation-experimental-1.4.1 because:
build	Build with Gradle	2026-06-06T12:24:00.7209579Z   Caching not enabled.
build	Build with Gradle	2026-06-06T12:24:00.7211134Z Caching disabled for ExtractAarTransform: /home/runner/.gradle/caches/modules-2/files-2.1/androidx.cursoradapter/cursoradapter/1.0.0/74014983a86b83cbce534dec4e7aa9312f5f5d82/cursoradapter-1.0.0.aar because:
build	Build with Gradle	2026-06-06T12:24:00.7212811Z   Caching not enabled.
build	Build with Gradle	2026-06-06T12:24:00.7214045Z Caching disabled for AarTransform: /home/runner/.gradle/caches/8.14/transforms/ea2fd54e049d735d230bdfacf1751aed/transformed/savedstate-ktx-1.2.1 because:
build	Build with Gradle	2026-06-06T12:24:00.7215361Z   Caching not enabled.
build	Build with Gradle	2026-06-06T12:24:00.7216534Z Caching disabled for AarTransform: /home/runner/.gradle/caches/8.14/transforms/14f0e8b7a0c461618e8e5383c1bd88bc/transformed/savedstate-1.2.1 because:
build	Build with Gradle	2026-06-06T12:24:00.7217973Z   Caching not enabled.
build	Build with Gradle	2026-06-06T12:24:00.7219426Z Caching disabled for AarTransform: /home/runner/.gradle/caches/8.14/transforms/af1849ac59ea9b10c0df81a67570c855/transformed/cursoradapter-1.0.0 because:
build	Build with Gradle	2026-06-06T12:24:00.7220701Z   Caching not enabled.
build	Build with Gradle	2026-06-06T12:24:00.7222146Z Caching disabled for ExtractAarTransform: /home/runner/.gradle/caches/modules-2/files-2.1/androidx.cardview/cardview/1.0.0/158dbc2e2bc502815821191b04446b8f663c1874/cardview-1.0.0.aar because:
build	Build with Gradle	2026-06-06T12:24:00.7223683Z   Caching not enabled.
build	Build with Gradle	2026-06-06T12:24:00.7224850Z Caching disabled for AarTransform: /home/runner/.gradle/caches/8.14/transforms/15a46fdad85d2cb7e7c637ba2a744a05/transformed/interpolator-1.0.0 because:
build	Build with Gradle	2026-06-06T12:24:00.7226161Z   Caching not enabled.
build	Build with Gradle	2026-06-06T12:24:00.7227479Z Caching disabled for AarTransform: /home/runner/.gradle/caches/8.14/transforms/b2e7fb1ff7f260dce39e55cb27088efd/transformed/cardview-1.0.0 because:
build	Build with Gradle	2026-06-06T12:24:00.7228995Z   Caching not enabled.
build	Build with Gradle	2026-06-06T12:24:00.7230205Z Caching disabled for AarTransform: /home/runner/.gradle/caches/8.14/transforms/eec55b2add6457c8fb902795cbf8eedc/transformed/versionedparcelable-1.1.1 because:
build	Build with Gradle	2026-06-06T12:24:00.7231589Z   Caching not enabled.
build	Build with Gradle	2026-06-06T12:24:00.7232750Z Caching disabled for AarTransform: /home/runner/.gradle/caches/8.14/transforms/a203a862f516367cac65cc0033ada510/transformed/core-viewtree-1.0.0 because:
build	Build with Gradle	2026-06-06T12:24:00.7234033Z   Caching not enabled.
build	Build with Gradle	2026-06-06T12:24:00.7235383Z Caching disabled for AarTransform: /home/runner/.gradle/caches/8.14/transforms/9a0af10b7d6a004c0dde0da7908916e8/transformed/core-runtime-2.2.0 because:
build	Build with Gradle	2026-06-06T12:24:00.7236634Z   Caching not enabled.
build	Build with Gradle	2026-06-06T12:24:00.7238552Z Caching disabled for ExtractAarTransform: /home/runner/.gradle/caches/modules-2/files-2.1/dev.rikka.rikkax.core/core/1.4.1/2ab32b8003c5b2b5c0fa889997a31b377dcaed96/core-1.4.1-release.aar because:
build	Build with Gradle	2026-06-06T12:24:00.7240098Z   Caching not enabled.
build	Build with Gradle	2026-06-06T12:24:00.7243703Z Caching disabled for ExtractAarTransform: /home/runner/.gradle/caches/modules-2/files-2.1/androidx.constraintlayout/constraintlayout/2.2.1/63546b93c403153de9a59991a28445baf41376db/constraintlayout-2.2.1.aar because:
build	Build with Gradle	2026-06-06T12:24:00.7245467Z   Caching not enabled.
build	Build with Gradle	2026-06-06T12:24:00.7247105Z Caching disabled for ExtractAarTransform: /home/runner/.gradle/caches/modules-2/files-2.1/androidx.graphics/graphics-shapes-android/1.0.1/ded3e866d7abfae45cf454b31522b374b838ef11/graphics-shapes-release.aar because:
build	Build with Gradle	2026-06-06T12:24:00.7248933Z   Caching not enabled.
build	Build with Gradle	2026-06-06T12:24:00.7250144Z Caching disabled for AarTransform: /home/runner/.gradle/caches/8.14/transforms/c4288f6412f7c6bdcfe961d2f0efb4d2/transformed/graphics-shapes-release because:
build	Build with Gradle	2026-06-06T12:24:00.7251498Z   Caching not enabled.
build	Build with Gradle	2026-06-06T12:24:00.7252749Z Caching disabled for AarTransform: /home/runner/.gradle/caches/8.14/transforms/6e4c683cb074c37b2a51c2ee5db07733/transformed/constraintlayout-2.2.1 because:
build	Build with Gradle	2026-06-06T12:24:00.7254110Z   Caching not enabled.
build	Build with Gradle	2026-06-06T12:24:00.7255280Z Caching disabled for AarTransform: /home/runner/.gradle/caches/8.14/transforms/ee981983fc55a7699435ecebe45f87ef/transformed/core-1.4.1-release because:
build	Build with Gradle	2026-06-06T12:24:00.7256546Z   Caching not enabled.
build	Build with Gradle	2026-06-06T12:24:00.7258190Z Caching disabled for ExtractAarTransform: /home/runner/.gradle/caches/modules-2/files-2.1/dev.rikka.rikkax.core/core-ktx/1.4.1/1b327f6768674d824fe33025ae86460a999873a/core-ktx-1.4.1-release.aar because:
build	Build with Gradle	2026-06-06T12:24:00.7259785Z   Caching not enabled.
build	Build with Gradle	2026-06-06T12:24:00.7261015Z Caching disabled for AarTransform: /home/runner/.gradle/caches/8.14/transforms/6589a5b496d2f82dfc01f076eae8bbc4/transformed/core-ktx-1.4.1-release because:
build	Build with Gradle	2026-06-06T12:24:00.7262356Z   Caching not enabled.
build	Build with Gradle	2026-06-06T12:24:00.7264025Z Caching disabled for ExtractAarTransform: /home/runner/.gradle/caches/modules-2/files-2.1/androidx.lifecycle/lifecycle-process/2.6.2/1cda99630dfe13ea65f63d05821187bfe87a5967/lifecycle-process-2.6.2.aar because:
build	Build with Gradle	2026-06-06T12:24:00.7265719Z   Caching not enabled.
build	Build with Gradle	2026-06-06T12:24:00.7297820Z Caching disabled for ExtractAarTransform: /home/runner/.gradle/caches/modules-2/files-2.1/dev.rikka.rikkax.widget/switchbar/1.0.2/fd3c8721b5eb0a0ba22180c3ce0f36aaecf7454/switchbar-1.0.2.aar because:
build	Build with Gradle	2026-06-06T12:24:00.7299688Z   Caching not enabled.
build	Build with Gradle	2026-06-06T12:24:00.7300977Z Caching disabled for AarTransform: /home/runner/.gradle/caches/8.14/transforms/e8ec225120abf371e7233344a13db387/transformed/lifecycle-process-2.6.2 because:
build	Build with Gradle	2026-06-06T12:24:00.7302279Z   Caching not enabled.
build	Build with Gradle	2026-06-06T12:24:00.7303714Z Caching disabled for ExtractAarTransform: /home/runner/.gradle/caches/modules-2/files-2.1/dev.rikka.rikkax.lazy/lazy/2.0.0/47e0cb42d8a68a0ccb26717d2d231b0c7425d6a0/lazy-2.0.0.aar because:
build	Build with Gradle	2026-06-06T12:24:00.7305221Z   Caching not enabled.
build	Build with Gradle	2026-06-06T12:24:00.7306331Z Caching disabled for AarTransform: /home/runner/.gradle/caches/8.14/transforms/b7fdebfd9343bbc576a29ab8d68fb354/transformed/lazy-2.0.0 because:
build	Build with Gradle	2026-06-06T12:24:00.7308106Z   Caching not enabled.
build	Build with Gradle	2026-06-06T12:24:00.7309931Z Caching disabled for ExtractAarTransform: /home/runner/.gradle/caches/modules-2/files-2.1/androidx.profileinstaller/profileinstaller/1.4.0/6b6262e9ca50d1f75a496f3b64ebeb092a9d42eb/profileinstaller-1.4.0.aar because:
build	Build with Gradle	2026-06-06T12:24:00.7311709Z   Caching not enabled.
build	Build with Gradle	2026-06-06T12:24:00.7312903Z Caching disabled for AarTransform: /home/runner/.gradle/caches/8.14/transforms/04951a97475aebf6b800f98cdc845e28/transformed/switchbar-1.0.2 because:
build	Build with Gradle	2026-06-06T12:24:00.7314200Z   Caching not enabled.
build	Build with Gradle	2026-06-06T12:24:00.7315358Z Caching disabled for AarTransform: /home/runner/.gradle/caches/8.14/transforms/c3f1fba07658b0b59e408933ad000cab/transformed/startup-runtime-1.1.1 because:
build	Build with Gradle	2026-06-06T12:24:00.7316619Z   Caching not enabled.
build	Build with Gradle	2026-06-06T12:24:00.7317898Z Caching disabled for AarTransform: /home/runner/.gradle/caches/8.14/transforms/c24f7bf4978cd47b4bd0f64038607753/transformed/profileinstaller-1.4.0 because:
build	Build with Gradle	2026-06-06T12:24:00.7319198Z   Caching not enabled.
build	Build with Gradle	2026-06-06T12:24:00.7320368Z Caching disabled for AarTransform: /home/runner/.gradle/caches/8.14/transforms/ac9c2613db74d91f76d389a55de09aeb/transformed/tracing-1.2.0 because:
build	Build with Gradle	2026-06-06T12:24:00.7321591Z   Caching not enabled.
build	Build with Gradle	2026-06-06T12:24:00.7323029Z Caching disabled for ExtractAarTransform: /home/runner/.gradle/caches/modules-2/files-2.1/androidx.emoji2/emoji2/1.3.0/37ed42991ddf77924510472dba632314aab1c9d9/emoji2-1.3.0.aar because:
build	Build with Gradle	2026-06-06T12:24:00.7324522Z   Caching not enabled.
build	Build with Gradle	2026-06-06T12:24:00.7326124Z Caching disabled for ExtractAarTransform: /home/runner/.gradle/caches/modules-2/files-2.1/androidx.emoji2/emoji2-views-helper/1.3.0/7bef7c1117bb40ef41ee0641cd1d2d605e2d607c/emoji2-views-helper-1.3.0.aar because:
build	Build with Gradle	2026-06-06T12:24:00.7358347Z   Caching not enabled.
build	Build with Gradle	2026-06-06T12:24:00.7359663Z Caching disabled for AarTransform: /home/runner/.gradle/caches/8.14/transforms/7839d297b6531111b20db762f9a194b5/transformed/emoji2-views-helper-1.3.0 because:
build	Build with Gradle	2026-06-06T12:24:00.7361028Z   Caching not enabled.
build	Build with Gradle	2026-06-06T12:24:00.7362211Z Caching disabled for AarTransform: /home/runner/.gradle/caches/8.14/transforms/0ae882932e57b4f33f10954e0bd56692/transformed/emoji2-1.3.0 because:
build	Build with Gradle	2026-06-06T12:24:00.7363522Z   Caching not enabled.
build	Build with Gradle	2026-06-06T12:24:00.7364352Z Caching disabled for task ':core:ui:dataBindingMergeDependencyArtifactsRelease' because:
build	Build with Gradle	2026-06-06T12:24:00.7365315Z   Caching has been disabled for the task
build	Build with Gradle	2026-06-06T12:24:00.7366223Z Task ':core:ui:dataBindingMergeDependencyArtifactsRelease' is not up-to-date because:
build	Build with Gradle	2026-06-06T12:24:00.7367150Z   No history is available.
build	Build with Gradle	2026-06-06T12:24:00.7368192Z Resolve mutations for :common:javaPreCompileRelease (Thread[#160,Execution worker,5,main]) started.
build	Build with Gradle	2026-06-06T12:24:00.7369422Z :common:javaPreCompileRelease (Thread[#160,Execution worker,5,main]) started.
build	Build with Gradle	2026-06-06T12:24:00.7370069Z 
build	Build with Gradle	2026-06-06T12:24:00.7370324Z > Task :common:javaPreCompileRelease
build	Build with Gradle	2026-06-06T12:24:00.7371228Z Build cache key for task ':common:javaPreCompileRelease' is 4ad30ac62fa27a5591fcdb6f39013312
build	Build with Gradle	2026-06-06T12:24:00.7372569Z Task ':common:javaPreCompileRelease' is not up-to-date because:
build	Build with Gradle	2026-06-06T12:24:00.7373309Z   No history is available.
build	Build with Gradle	2026-06-06T12:24:00.7374262Z Stored cache entry for task ':common:javaPreCompileRelease' with cache key 4ad30ac62fa27a5591fcdb6f39013312
build	Build with Gradle	2026-06-06T12:24:00.7375649Z Resolve mutations for :shell:checkReleaseAarMetadata (Thread[#160,Execution worker,5,main]) started.
build	Build with Gradle	2026-06-06T12:24:00.7376985Z :shell:checkReleaseAarMetadata (Thread[#160,Execution worker,5,main]) started.
build	Build with Gradle	2026-06-06T12:24:00.7377763Z 
build	Build with Gradle	2026-06-06T12:24:00.7378008Z > Task :shell:javaPreCompileRelease
build	Build with Gradle	2026-06-06T12:24:00.7378912Z Build cache key for task ':shell:javaPreCompileRelease' is 4ad30ac62fa27a5591fcdb6f39013312
build	Build with Gradle	2026-06-06T12:24:00.7379975Z Task ':shell:javaPreCompileRelease' is not up-to-date because:
build	Build with Gradle	2026-06-06T12:24:00.7380946Z   No history is available.
build	Build with Gradle	2026-06-06T12:24:00.7381883Z Stored cache entry for task ':shell:javaPreCompileRelease' with cache key 4ad30ac62fa27a5591fcdb6f39013312
build	Build with Gradle	2026-06-06T12:24:00.7383253Z Resolve mutations for :core:ui:generateReleaseResValues (Thread[#159,included builds,5,main]) started.
build	Build with Gradle	2026-06-06T12:24:00.7384554Z :core:ui:generateReleaseResValues (Thread[#159,included builds,5,main]) started.
build	Build with Gradle	2026-06-06T12:24:00.7385231Z 
build	Build with Gradle	2026-06-06T12:24:00.7385569Z > Task :core:ui:generateReleaseResValues FROM-CACHE
build	Build with Gradle	2026-06-06T12:24:00.7386567Z Build cache key for task ':core:ui:generateReleaseResValues' is 648a246192ab07cc66fd461588eaf850
build	Build with Gradle	2026-06-06T12:24:00.7408636Z Task ':core:ui:generateReleaseResValues' is not up-to-date because:
build	Build with Gradle	2026-06-06T12:24:00.7409432Z   No history is available.
build	Build with Gradle	2026-06-06T12:24:00.7410351Z Loaded cache entry for task ':core:ui:generateReleaseResValues' with cache key 648a246192ab07cc66fd461588eaf850
build	Build with Gradle	2026-06-06T12:24:00.7411707Z Resolve mutations for :core:ui:generateReleaseResources (Thread[#159,included builds,5,main]) started.
build	Build with Gradle	2026-06-06T12:24:00.7412903Z :core:ui:generateReleaseResources (Thread[#159,included builds,5,main]) started.
build	Build with Gradle	2026-06-06T12:24:00.7413514Z 
build	Build with Gradle	2026-06-06T12:24:00.7413745Z > Task :common:generateReleaseRFile
build	Build with Gradle	2026-06-06T12:24:00.7415046Z Caching disabled for LibrarySymbolTableTransform: /home/runner/.gradle/caches/8.14/transforms/ab00c267663707e20a9c28832bd574a2/transformed/timber-5.0.1 because:
build	Build with Gradle	2026-06-06T12:24:00.7416377Z   Caching not enabled.
build	Build with Gradle	2026-06-06T12:24:00.7417781Z Caching disabled for ExtractAarTransform: /home/runner/.gradle/caches/modules-2/files-2.1/dev.rikka.hidden/stub/4.4.0/df912c6e28a5f3bdb70b92f3a2ed0f62d3e7595c/stub-4.4.0.aar because:
build	Build with Gradle	2026-06-06T12:24:00.7419279Z   Caching not enabled.
build	Build with Gradle	2026-06-06T12:24:00.7420615Z Caching disabled for LibrarySymbolTableTransform: /home/runner/.gradle/caches/8.14/transforms/978962270e5cad713dc7d4c9033320a2/transformed/stub-4.4.0 because:
build	Build with Gradle	2026-06-06T12:24:00.7422069Z   Caching not enabled.
build	Build with Gradle	2026-06-06T12:24:00.7422906Z Build cache key for task ':common:generateReleaseRFile' is 6c17c279475a314d9ac2cc997d5f617d
build	Build with Gradle	2026-06-06T12:24:00.7423997Z Task ':common:generateReleaseRFile' is not up-to-date because:
build	Build with Gradle	2026-06-06T12:24:00.7424761Z   No history is available.
build	Build with Gradle	2026-06-06T12:24:00.7425633Z The input changes require a full rebuild for incremental task ':common:generateReleaseRFile'.
build	Build with Gradle	2026-06-06T12:24:00.7427019Z Stored cache entry for task ':common:generateReleaseRFile' with cache key 6c17c279475a314d9ac2cc997d5f617d
build	Build with Gradle	2026-06-06T12:24:00.7428641Z work action resolve package-aware-r.txt (project :common) (Thread[#162,Execution worker Thread 3,5,main]) started.
build	Build with Gradle	2026-06-06T12:24:00.7430204Z work action resolve package-aware-r.txt (project :common) (Thread[#162,Execution worker Thread 3,5,main]) started.
build	Build with Gradle	2026-06-06T12:24:00.7431696Z Resolve mutations for :common:compileReleaseJavaWithJavac (Thread[#162,Execution worker Thread 3,5,main]) started.
build	Build with Gradle	2026-06-06T12:24:00.7432953Z :common:compileReleaseJavaWithJavac (Thread[#162,Execution worker Thread 3,5,main]) started.
build	Build with Gradle	2026-06-06T12:24:00.7433644Z 
build	Build with Gradle	2026-06-06T12:24:00.7433883Z > Task :core:ui:generateReleaseResources
build	Build with Gradle	2026-06-06T12:24:00.7434797Z Build cache key for task ':core:ui:generateReleaseResources' is a370a7da3056db95fd86532b9e5baa56
build	Build with Gradle	2026-06-06T12:24:00.7436226Z Task ':core:ui:generateReleaseResources' is not up-to-date because:
build	Build with Gradle	2026-06-06T12:24:00.7436969Z   No history is available.
build	Build with Gradle	2026-06-06T12:24:00.7438022Z Stored cache entry for task ':core:ui:generateReleaseResources' with cache key a370a7da3056db95fd86532b9e5baa56
build	Build with Gradle	2026-06-06T12:24:00.7439424Z Resolve mutations for :core:ui:packageReleaseResources (Thread[#159,included builds,5,main]) started.
build	Build with Gradle	2026-06-06T12:24:00.7440628Z :core:ui:packageReleaseResources (Thread[#159,included builds,5,main]) started.
build	Build with Gradle	2026-06-06T12:24:00.7441318Z 
build	Build with Gradle	2026-06-06T12:24:00.7441547Z > Task :shell:checkReleaseAarMetadata
build	Build with Gradle	2026-06-06T12:24:00.7442781Z Caching disabled for AarTransform: /home/runner/.gradle/caches/8.14/transforms/a18f3e8414f2ba4eb382dd01375ab089/transformed/core-1.16.0 because:
build	Build with Gradle	2026-06-06T12:24:00.7444258Z   Caching not enabled.
build	Build with Gradle	2026-06-06T12:24:00.7445491Z Caching disabled for AarTransform: /home/runner/.gradle/caches/8.14/transforms/15a46fdad85d2cb7e7c637ba2a744a05/transformed/interpolator-1.0.0 because:
build	Build with Gradle	2026-06-06T12:24:00.7446797Z   Caching not enabled.
build	Build with Gradle	2026-06-06T12:24:00.7448173Z Caching disabled for AarTransform: /home/runner/.gradle/caches/8.14/transforms/0187bb9b76f6cb89cb6648998d3bb365/transformed/lifecycle-runtime-2.6.2 because:
build	Build with Gradle	2026-06-06T12:24:00.7449512Z   Caching not enabled.
build	Build with Gradle	2026-06-06T12:24:00.7450785Z Caching disabled for AarTransform: /home/runner/.gradle/caches/8.14/transforms/fc7c287dc22d61ab46eb288863ba67f7/transformed/profileinstaller-1.3.0 because:
build	Build with Gradle	2026-06-06T12:24:00.7452242Z   Caching not enabled.
build	Build with Gradle	2026-06-06T12:24:00.7453475Z Caching disabled for AarTransform: /home/runner/.gradle/caches/8.14/transforms/c3f1fba07658b0b59e408933ad000cab/transformed/startup-runtime-1.1.1 because:
build	Build with Gradle	2026-06-06T12:24:00.7454801Z   Caching not enabled.
build	Build with Gradle	2026-06-06T12:24:00.7455971Z Caching disabled for AarTransform: /home/runner/.gradle/caches/8.14/transforms/ac9c2613db74d91f76d389a55de09aeb/transformed/tracing-1.2.0 because:
build	Build with Gradle	2026-06-06T12:24:00.7457247Z   Caching not enabled.
build	Build with Gradle	2026-06-06T12:24:00.7458635Z Caching disabled for AarTransform: /home/runner/.gradle/caches/8.14/transforms/eec55b2add6457c8fb902795cbf8eedc/transformed/versionedparcelable-1.1.1 because:
build	Build with Gradle	2026-06-06T12:24:00.7460002Z   Caching not enabled.
build	Build with Gradle	2026-06-06T12:24:00.7461200Z Caching disabled for AarTransform: /home/runner/.gradle/caches/8.14/transforms/9a0af10b7d6a004c0dde0da7908916e8/transformed/core-runtime-2.2.0 because:
build	Build with Gradle	2026-06-06T12:24:00.7462517Z   Caching not enabled.
build	Build with Gradle	2026-06-06T12:24:00.7463799Z Caching disabled for AarTransform: /home/runner/.gradle/caches/8.14/transforms/b63ec3c1af75a7e3e11e00b71c5d2f13/transformed/annotation-experimental-1.4.1 because:
build	Build with Gradle	2026-06-06T12:24:00.7465184Z   Caching not enabled.
build	Build with Gradle	2026-06-06T12:24:00.7466385Z Caching disabled for AarTransform: /home/runner/.gradle/caches/8.14/transforms/a203a862f516367cac65cc0033ada510/transformed/core-viewtree-1.0.0 because:
build	Build with Gradle	2026-06-06T12:24:00.7467811Z   Caching not enabled.
build	Build with Gradle	2026-06-06T12:24:00.7468987Z Caching disabled for AarTransform: /home/runner/.gradle/caches/8.14/transforms/93e5dd5bd02503c2c463051d8428f6c3/transformed/compat-4.4.0 because:
build	Build with Gradle	2026-06-06T12:24:00.7470206Z   Caching not enabled.
build	Build with Gradle	2026-06-06T12:24:00.7471383Z Caching disabled for AarTransform: /home/runner/.gradle/caches/8.14/transforms/d90402c4b85ec72d1d4a6e1bb45ac913/transformed/buildcompat-34.0.1 because:
build	Build with Gradle	2026-06-06T12:24:00.7472670Z   Caching not enabled.
build	Build with Gradle	2026-06-06T12:24:00.7473929Z Caching disabled for AarTransform: /home/runner/.gradle/caches/8.14/transforms/4b91b30cdde5ec990d4144c4990f3981/transformed/parcelablelist-2.0.1-release because:
build	Build with Gradle	2026-06-06T12:24:00.7475280Z   Caching not enabled.
build	Build with Gradle	2026-06-06T12:24:00.7475987Z Caching disabled for task ':shell:checkReleaseAarMetadata' because:
build	Build with Gradle	2026-06-06T12:24:00.7476769Z   Caching has been disabled for the task
build	Build with Gradle	2026-06-06T12:24:00.7477603Z Task ':shell:checkReleaseAarMetadata' is not up-to-date because:
build	Build with Gradle	2026-06-06T12:24:00.7478327Z   No history is available.
build	Build with Gradle	2026-06-06T12:24:00.7479387Z Resolve mutations for :shell:generateReleaseResValues (Thread[#160,Execution worker,5,main]) started.
build	Build with Gradle	2026-06-06T12:24:00.7480560Z :shell:generateReleaseResValues (Thread[#160,Execution worker,5,main]) started.
build	Build with Gradle	2026-06-06T12:24:00.7481144Z 
build	Build with Gradle	2026-06-06T12:24:00.7481391Z > Task :shell:generateReleaseResValues FROM-CACHE
build	Build with Gradle	2026-06-06T12:24:00.7482295Z Build cache key for task ':shell:generateReleaseResValues' is 648a246192ab07cc66fd461588eaf850
build	Build with Gradle	2026-06-06T12:24:00.7483347Z Task ':shell:generateReleaseResValues' is not up-to-date because:
build	Build with Gradle	2026-06-06T12:24:00.7484058Z   No history is available.
build	Build with Gradle	2026-06-06T12:24:00.7484959Z Loaded cache entry for task ':shell:generateReleaseResValues' with cache key 648a246192ab07cc66fd461588eaf850
build	Build with Gradle	2026-06-06T12:24:00.7486333Z Resolve mutations for :shell:mapReleaseSourceSetPaths (Thread[#160,Execution worker,5,main]) started.
build	Build with Gradle	2026-06-06T12:24:00.7487830Z :shell:mapReleaseSourceSetPaths (Thread[#160,Execution worker,5,main]) started.
build	Build with Gradle	2026-06-06T12:24:00.8808034Z 
build	Build with Gradle	2026-06-06T12:24:00.8838530Z > Task :shell:mapReleaseSourceSetPaths
build	Build with Gradle	2026-06-06T12:24:00.8858953Z Caching disabled for AarTransform: /home/runner/.gradle/caches/8.14/transforms/d90402c4b85ec72d1d4a6e1bb45ac913/transformed/buildcompat-34.0.1 because:
build	Build with Gradle	2026-06-06T12:24:00.8891487Z   Caching not enabled.
build	Build with Gradle	2026-06-06T12:24:00.8918874Z Caching disabled for AarTransform: /home/runner/.gradle/caches/8.14/transforms/15a46fdad85d2cb7e7c637ba2a744a05/transformed/interpolator-1.0.0 because:
build	Build with Gradle	2026-06-06T12:24:00.8979238Z   Caching not enabled.
build	Build with Gradle	2026-06-06T12:24:00.8983464Z Caching disabled for AarTransform: /home/runner/.gradle/caches/8.14/transforms/0187bb9b76f6cb89cb6648998d3bb365/transformed/lifecycle-runtime-2.6.2 because:
build	Build with Gradle	2026-06-06T12:24:00.9019290Z   Caching not enabled.
build	Build with Gradle	2026-06-06T12:24:00.9038837Z Caching disabled for AarTransform: /home/runner/.gradle/caches/8.14/transforms/fc7c287dc22d61ab46eb288863ba67f7/transformed/profileinstaller-1.3.0 because:
build	Build with Gradle	2026-06-06T12:24:00.9040252Z   Caching not enabled.
build	Build with Gradle	2026-06-06T12:24:00.9041474Z Caching disabled for AarTransform: /home/runner/.gradle/caches/8.14/transforms/c3f1fba07658b0b59e408933ad000cab/transformed/startup-runtime-1.1.1 because:
build	Build with Gradle	2026-06-06T12:24:00.9042689Z   Caching not enabled.
build	Build with Gradle	2026-06-06T12:24:00.9043801Z Caching disabled for AarTransform: /home/runner/.gradle/caches/8.14/transforms/ac9c2613db74d91f76d389a55de09aeb/transformed/tracing-1.2.0 because:
build	Build with Gradle	2026-06-06T12:24:00.9044912Z   Caching not enabled.
build	Build with Gradle	2026-06-06T12:24:00.9046104Z Caching disabled for AarTransform: /home/runner/.gradle/caches/8.14/transforms/eec55b2add6457c8fb902795cbf8eedc/transformed/versionedparcelable-1.1.1 because:
build	Build with Gradle	2026-06-06T12:24:00.9047517Z   Caching not enabled.
build	Build with Gradle	2026-06-06T12:24:00.9048655Z Caching disabled for AarTransform: /home/runner/.gradle/caches/8.14/transforms/9a0af10b7d6a004c0dde0da7908916e8/transformed/core-runtime-2.2.0 because:
build	Build with Gradle	2026-06-06T12:24:00.9049889Z   Caching not enabled.
build	Build with Gradle	2026-06-06T12:24:00.9051109Z Caching disabled for AarTransform: /home/runner/.gradle/caches/8.14/transforms/b63ec3c1af75a7e3e11e00b71c5d2f13/transformed/annotation-experimental-1.4.1 because:
build	Build with Gradle	2026-06-06T12:24:00.9052475Z   Caching not enabled.
build	Build with Gradle	2026-06-06T12:24:00.9053652Z Caching disabled for AarTransform: /home/runner/.gradle/caches/8.14/transforms/a203a862f516367cac65cc0033ada510/transformed/core-viewtree-1.0.0 because:
build	Build with Gradle	2026-06-06T12:24:00.9054933Z   Caching not enabled.
build	Build with Gradle	2026-06-06T12:24:00.9056043Z Caching disabled for AarTransform: /home/runner/.gradle/caches/8.14/transforms/93e5dd5bd02503c2c463051d8428f6c3/transformed/compat-4.4.0 because:
build	Build with Gradle	2026-06-06T12:24:00.9057256Z   Caching not enabled.
build	Build with Gradle	2026-06-06T12:24:00.9058662Z Caching disabled for AarTransform: /home/runner/.gradle/caches/8.14/transforms/4b91b30cdde5ec990d4144c4990f3981/transformed/parcelablelist-2.0.1-release because:
build	Build with Gradle	2026-06-06T12:24:00.9060018Z   Caching not enabled.
build	Build with Gradle	2026-06-06T12:24:00.9061151Z Caching disabled for AarTransform: /home/runner/.gradle/caches/8.14/transforms/a18f3e8414f2ba4eb382dd01375ab089/transformed/core-1.16.0 because:
build	Build with Gradle	2026-06-06T12:24:00.9062587Z   Caching not enabled.
build	Build with Gradle	2026-06-06T12:24:00.9063289Z Caching disabled for task ':shell:mapReleaseSourceSetPaths' because:
build	Build with Gradle	2026-06-06T12:24:00.9064068Z   Caching has been disabled for the task
build	Build with Gradle	2026-06-06T12:24:00.9064815Z Task ':shell:mapReleaseSourceSetPaths' is not up-to-date because:
build	Build with Gradle	2026-06-06T12:24:00.9065592Z   No history is available.
build	Build with Gradle	2026-06-06T12:24:00.9066638Z Resolve mutations for :shell:generateReleaseResources (Thread[#160,Execution worker,5,main]) started.
build	Build with Gradle	2026-06-06T12:24:00.9101103Z :shell:generateReleaseResources (Thread[#160,Execution worker,5,main]) started.
build	Build with Gradle	2026-06-06T12:24:00.9101960Z 
build	Build with Gradle	2026-06-06T12:24:00.9102309Z > Task :shell:generateReleaseResources FROM-CACHE
build	Build with Gradle	2026-06-06T12:24:00.9103434Z Build cache key for task ':shell:generateReleaseResources' is d4edfd48e9c19bf95cf1077eff77e471
build	Build with Gradle	2026-06-06T12:24:00.9104778Z Task ':shell:generateReleaseResources' is not up-to-date because:
build	Build with Gradle	2026-06-06T12:24:00.9105448Z   No history is available.
build	Build with Gradle	2026-06-06T12:24:00.9106339Z Loaded cache entry for task ':shell:generateReleaseResources' with cache key d4edfd48e9c19bf95cf1077eff77e471
build	Build with Gradle	2026-06-06T12:24:00.9107807Z Resolve mutations for :shell:mergeReleaseResources (Thread[#160,Execution worker,5,main]) started.
build	Build with Gradle	2026-06-06T12:24:00.9109057Z :shell:mergeReleaseResources (Thread[#160,Execution worker,5,main]) started.
build	Build with Gradle	2026-06-06T12:24:01.4788073Z 
build	Build with Gradle	2026-06-06T12:24:01.4803200Z > Task :core:ui:packageReleaseResources
build	Build with Gradle	2026-06-06T12:24:01.4838982Z Build cache key for task ':core:ui:packageReleaseResources' is c3166ddec5689cdb6821a10c707b355b
build	Build with Gradle	2026-06-06T12:24:01.4857025Z Task ':core:ui:packageReleaseResources' is not up-to-date because:
build	Build with Gradle	2026-06-06T12:24:01.4888853Z   No history is available.
build	Build with Gradle	2026-06-06T12:24:01.4891007Z The input changes require a full rebuild for incremental task ':core:ui:packageReleaseResources'.
build	Build with Gradle	2026-06-06T12:24:01.4925065Z [MergeResources] Inputs are non-incremental full task action.
build	Build with Gradle	2026-06-06T12:24:01.4948651Z Stored cache entry for task ':core:ui:packageReleaseResources' with cache key c3166ddec5689cdb6821a10c707b355b
build	Build with Gradle	2026-06-06T12:24:01.4972798Z work action resolve packageReleaseResources (project :core:ui) (Thread[#159,included builds,5,main]) started.
build	Build with Gradle	2026-06-06T12:24:01.4999242Z Resolve mutations for :shell:createReleaseCompatibleScreenManifests (Thread[#159,included builds,5,main]) started.
build	Build with Gradle	2026-06-06T12:24:01.5034062Z :shell:createReleaseCompatibleScreenManifests (Thread[#159,included builds,5,main]) started.
build	Build with Gradle	2026-06-06T12:24:01.5034680Z 
build	Build with Gradle	2026-06-06T12:24:01.5035026Z > Task :shell:createReleaseCompatibleScreenManifests
build	Build with Gradle	2026-06-06T12:24:01.5035616Z Caching disabled for task ':shell:createReleaseCompatibleScreenManifests' because:
build	Build with Gradle	2026-06-06T12:24:01.5036146Z   Caching has been disabled for the task
build	Build with Gradle	2026-06-06T12:24:01.5036900Z Task ':shell:createReleaseCompatibleScreenManifests' is not up-to-date because:
build	Build with Gradle	2026-06-06T12:24:01.5038105Z   No history is available.
build	Build with Gradle	2026-06-06T12:24:01.5038963Z Resolve mutations for :shell:extractDeepLinksRelease (Thread[#159,included builds,5,main]) started.
build	Build with Gradle	2026-06-06T12:24:01.5044191Z :shell:extractDeepLinksRelease (Thread[#159,included builds,5,main]) started.
build	Build with Gradle	2026-06-06T12:24:01.5044884Z 
build	Build with Gradle	2026-06-06T12:24:01.5045415Z > Task :shell:extractDeepLinksRelease
build	Build with Gradle	2026-06-06T12:24:01.5046440Z Build cache key for task ':shell:extractDeepLinksRelease' is 10eac05407a2cd02ac17412968089c0c
build	Build with Gradle	2026-06-06T12:24:01.5047826Z Task ':shell:extractDeepLinksRelease' is not up-to-date because:
build	Build with Gradle	2026-06-06T12:24:01.5048601Z   No history is available.
build	Build with Gradle	2026-06-06T12:24:01.5049734Z Stored cache entry for task ':shell:extractDeepLinksRelease' with cache key 10eac05407a2cd02ac17412968089c0c
build	Build with Gradle	2026-06-06T12:24:01.5051277Z Resolve mutations for :shell:processReleaseMainManifest (Thread[#159,included builds,5,main]) started.
build	Build with Gradle	2026-06-06T12:24:01.5052587Z :shell:processReleaseMainManifest (Thread[#159,included builds,5,main]) started.
build	Build with Gradle	2026-06-06T12:24:01.8827977Z 
build	Build with Gradle	2026-06-06T12:24:01.8858380Z > Task :shell:processReleaseMainManifest
build	Build with Gradle	2026-06-06T12:24:01.8879790Z Caching disabled for AarTransform: /home/runner/.gradle/caches/8.14/transforms/93e5dd5bd02503c2c463051d8428f6c3/transformed/compat-4.4.0 because:
build	Build with Gradle	2026-06-06T12:24:01.8932883Z   Caching not enabled.
build	Build with Gradle	2026-06-06T12:24:01.8969837Z Caching disabled for AarTransform: /home/runner/.gradle/caches/8.14/transforms/15a46fdad85d2cb7e7c637ba2a744a05/transformed/interpolator-1.0.0 because:
build	Build with Gradle	2026-06-06T12:24:01.9018808Z   Caching not enabled.
build	Build with Gradle	2026-06-06T12:24:01.9069856Z Caching disabled for AarTransform: /home/runner/.gradle/caches/8.14/transforms/0187bb9b76f6cb89cb6648998d3bb365/transformed/lifecycle-runtime-2.6.2 because:
build	Build with Gradle	2026-06-06T12:24:01.9088022Z   Caching not enabled.
build	Build with Gradle	2026-06-06T12:24:01.9149713Z Caching disabled for AarTransform: /home/runner/.gradle/caches/8.14/transforms/fc7c287dc22d61ab46eb288863ba67f7/transformed/profileinstaller-1.3.0 because:
build	Build with Gradle	2026-06-06T12:24:01.9191078Z   Caching not enabled.
build	Build with Gradle	2026-06-06T12:24:01.9256127Z Caching disabled for AarTransform: /home/runner/.gradle/caches/8.14/transforms/c3f1fba07658b0b59e408933ad000cab/transformed/startup-runtime-1.1.1 because:
build	Build with Gradle	2026-06-06T12:24:01.9329622Z   Caching not enabled.
build	Build with Gradle	2026-06-06T12:24:01.9419203Z Caching disabled for AarTransform: /home/runner/.gradle/caches/8.14/transforms/ac9c2613db74d91f76d389a55de09aeb/transformed/tracing-1.2.0 because:
build	Build with Gradle	2026-06-06T12:24:01.9478286Z   Caching not enabled.
build	Build with Gradle	2026-06-06T12:24:01.9559156Z Caching disabled for AarTransform: /home/runner/.gradle/caches/8.14/transforms/eec55b2add6457c8fb902795cbf8eedc/transformed/versionedparcelable-1.1.1 because:
build	Build with Gradle	2026-06-06T12:24:01.9628288Z   Caching not enabled.
build	Build with Gradle	2026-06-06T12:24:01.9690544Z Caching disabled for AarTransform: /home/runner/.gradle/caches/8.14/transforms/9a0af10b7d6a004c0dde0da7908916e8/transformed/core-runtime-2.2.0 because:
build	Build with Gradle	2026-06-06T12:24:01.9748475Z   Caching not enabled.
build	Build with Gradle	2026-06-06T12:24:01.9799213Z Caching disabled for AarTransform: /home/runner/.gradle/caches/8.14/transforms/b63ec3c1af75a7e3e11e00b71c5d2f13/transformed/annotation-experimental-1.4.1 because:
build	Build with Gradle	2026-06-06T12:24:01.9808133Z   Caching not enabled.
build	Build with Gradle	2026-06-06T12:24:01.9819621Z Caching disabled for AarTransform: /home/runner/.gradle/caches/8.14/transforms/a203a862f516367cac65cc0033ada510/transformed/core-viewtree-1.0.0 because:
build	Build with Gradle	2026-06-06T12:24:01.9868183Z   Caching not enabled.
build	Build with Gradle	2026-06-06T12:24:01.9879079Z Caching disabled for AarTransform: /home/runner/.gradle/caches/8.14/transforms/a18f3e8414f2ba4eb382dd01375ab089/transformed/core-1.16.0 because:
build	Build with Gradle	2026-06-06T12:24:01.9898170Z   Caching not enabled.
build	Build with Gradle	2026-06-06T12:24:01.9899445Z Caching disabled for AarTransform: /home/runner/.gradle/caches/8.14/transforms/4b91b30cdde5ec990d4144c4990f3981/transformed/parcelablelist-2.0.1-release because:
build	Build with Gradle	2026-06-06T12:24:01.9928069Z   Caching not enabled.
build	Build with Gradle	2026-06-06T12:24:01.9938819Z Caching disabled for AarTransform: /home/runner/.gradle/caches/8.14/transforms/d90402c4b85ec72d1d4a6e1bb45ac913/transformed/buildcompat-34.0.1 because:
build	Build with Gradle	2026-06-06T12:24:01.9968022Z   Caching not enabled.
build	Build with Gradle	2026-06-06T12:24:01.9988796Z Caching disabled for AarTransform: /home/runner/.gradle/caches/8.14/transforms/a18f3e8414f2ba4eb382dd01375ab089/transformed/core-1.16.0 because:
build	Build with Gradle	2026-06-06T12:24:02.0018054Z   Caching not enabled.
build	Build with Gradle	2026-06-06T12:24:02.0028897Z Caching disabled for AarTransform: /home/runner/.gradle/caches/8.14/transforms/15a46fdad85d2cb7e7c637ba2a744a05/transformed/interpolator-1.0.0 because:
build	Build with Gradle	2026-06-06T12:24:02.0058211Z   Caching not enabled.
build	Build with Gradle	2026-06-06T12:24:02.0078976Z Caching disabled for AarTransform: /home/runner/.gradle/caches/8.14/transforms/0187bb9b76f6cb89cb6648998d3bb365/transformed/lifecycle-runtime-2.6.2 because:
build	Build with Gradle	2026-06-06T12:24:02.0108514Z   Caching not enabled.
build	Build with Gradle	2026-06-06T12:24:02.0114556Z Caching disabled for AarTransform: /home/runner/.gradle/caches/8.14/transforms/fc7c287dc22d61ab46eb288863ba67f7/transformed/profileinstaller-1.3.0 because:
build	Build with Gradle	2026-06-06T12:24:02.0160911Z   Caching not enabled.
build	Build with Gradle	2026-06-06T12:24:02.0168855Z Caching disabled for AarTransform: /home/runner/.gradle/caches/8.14/transforms/c3f1fba07658b0b59e408933ad000cab/transformed/startup-runtime-1.1.1 because:
build	Build with Gradle	2026-06-06T12:24:02.0188223Z   Caching not enabled.
build	Build with Gradle	2026-06-06T12:24:02.0199034Z Caching disabled for AarTransform: /home/runner/.gradle/caches/8.14/transforms/ac9c2613db74d91f76d389a55de09aeb/transformed/tracing-1.2.0 because:
build	Build with Gradle	2026-06-06T12:24:02.0228182Z   Caching not enabled.
build	Build with Gradle	2026-06-06T12:24:02.0258935Z Caching disabled for AarTransform: /home/runner/.gradle/caches/8.14/transforms/eec55b2add6457c8fb902795cbf8eedc/transformed/versionedparcelable-1.1.1 because:
build	Build with Gradle	2026-06-06T12:24:02.0260544Z   Caching not enabled.
build	Build with Gradle	2026-06-06T12:24:02.0288826Z Caching disabled for AarTransform: /home/runner/.gradle/caches/8.14/transforms/9a0af10b7d6a004c0dde0da7908916e8/transformed/core-runtime-2.2.0 because:
build	Build with Gradle	2026-06-06T12:24:02.0318262Z   Caching not enabled.
build	Build with Gradle	2026-06-06T12:24:02.0349019Z Caching disabled for AarTransform: /home/runner/.gradle/caches/8.14/transforms/b63ec3c1af75a7e3e11e00b71c5d2f13/transformed/annotation-experimental-1.4.1 because:
build	Build with Gradle	2026-06-06T12:24:02.0351009Z   Caching not enabled.
build	Build with Gradle	2026-06-06T12:24:02.0379230Z Caching disabled for AarTransform: /home/runner/.gradle/caches/8.14/transforms/a203a862f516367cac65cc0033ada510/transformed/core-viewtree-1.0.0 because:
build	Build with Gradle	2026-06-06T12:24:02.0408271Z   Caching not enabled.
build	Build with Gradle	2026-06-06T12:24:02.0439116Z Caching disabled for AarTransform: /home/runner/.gradle/caches/8.14/transforms/93e5dd5bd02503c2c463051d8428f6c3/transformed/compat-4.4.0 because:
build	Build with Gradle	2026-06-06T12:24:02.0468167Z   Caching not enabled.
build	Build with Gradle	2026-06-06T12:24:02.0469921Z Caching disabled for AarTransform: /home/runner/.gradle/caches/8.14/transforms/4b91b30cdde5ec990d4144c4990f3981/transformed/parcelablelist-2.0.1-release because:
build	Build with Gradle	2026-06-06T12:24:02.0498211Z   Caching not enabled.
build	Build with Gradle	2026-06-06T12:24:02.0529152Z Caching disabled for AarTransform: /home/runner/.gradle/caches/8.14/transforms/d90402c4b85ec72d1d4a6e1bb45ac913/transformed/buildcompat-34.0.1 because:
build	Build with Gradle	2026-06-06T12:24:02.0558349Z   Caching not enabled.
build	Build with Gradle	2026-06-06T12:24:02.0559518Z Build cache key for task ':shell:processReleaseMainManifest' is bb1e1a950d9ccccb9d3d236928ad461a
build	Build with Gradle	2026-06-06T12:24:02.0588572Z Task ':shell:processReleaseMainManifest' is not up-to-date because:
build	Build with Gradle	2026-06-06T12:24:02.0618312Z   No history is available.
build	Build with Gradle	2026-06-06T12:24:02.0640724Z Loading library manifest /home/runner/.gradle/caches/8.14/transforms/93e5dd5bd02503c2c463051d8428f6c3/transformed/compat-4.4.0/AndroidManifest.xml
build	Build with Gradle	2026-06-06T12:24:02.0679050Z Loading library manifest /home/runner/.gradle/caches/8.14/transforms/a18f3e8414f2ba4eb382dd01375ab089/transformed/core-1.16.0/AndroidManifest.xml
build	Build with Gradle	2026-06-06T12:24:02.0681334Z Loading library manifest /home/runner/.gradle/caches/8.14/transforms/d90402c4b85ec72d1d4a6e1bb45ac913/transformed/buildcompat-34.0.1/AndroidManifest.xml
build	Build with Gradle	2026-06-06T12:24:02.0709142Z Loading library manifest /home/runner/.gradle/caches/8.14/transforms/4b91b30cdde5ec990d4144c4990f3981/transformed/parcelablelist-2.0.1-release/AndroidManifest.xml
build	Build with Gradle	2026-06-06T12:24:02.0738952Z Loading library manifest /home/runner/.gradle/caches/8.14/transforms/15a46fdad85d2cb7e7c637ba2a744a05/transformed/interpolator-1.0.0/AndroidManifest.xml
build	Build with Gradle	2026-06-06T12:24:02.0768915Z Loading library manifest /home/runner/.gradle/caches/8.14/transforms/0187bb9b76f6cb89cb6648998d3bb365/transformed/lifecycle-runtime-2.6.2/AndroidManifest.xml
build	Build with Gradle	2026-06-06T12:24:02.0771179Z Loading library manifest /home/runner/.gradle/caches/8.14/transforms/fc7c287dc22d61ab46eb288863ba67f7/transformed/profileinstaller-1.3.0/AndroidManifest.xml
build	Build with Gradle	2026-06-06T12:24:02.0793844Z Loading library manifest /home/runner/.gradle/caches/8.14/transforms/c3f1fba07658b0b59e408933ad000cab/transformed/startup-runtime-1.1.1/AndroidManifest.xml
build	Build with Gradle	2026-06-06T12:24:02.0819061Z Loading library manifest /home/runner/.gradle/caches/8.14/transforms/ac9c2613db74d91f76d389a55de09aeb/transformed/tracing-1.2.0/AndroidManifest.xml
build	Build with Gradle	2026-06-06T12:24:02.0842690Z Loading library manifest /home/runner/.gradle/caches/8.14/transforms/eec55b2add6457c8fb902795cbf8eedc/transformed/versionedparcelable-1.1.1/AndroidManifest.xml
build	Build with Gradle	2026-06-06T12:24:02.0878968Z Loading library manifest /home/runner/.gradle/caches/8.14/transforms/9a0af10b7d6a004c0dde0da7908916e8/transformed/core-runtime-2.2.0/AndroidManifest.xml
build	Build with Gradle	2026-06-06T12:24:02.0881634Z Loading library manifest /home/runner/.gradle/caches/8.14/transforms/b63ec3c1af75a7e3e11e00b71c5d2f13/transformed/annotation-experimental-1.4.1/AndroidManifest.xml
build	Build with Gradle	2026-06-06T12:24:02.0908967Z Loading library manifest /home/runner/.gradle/caches/8.14/transforms/a203a862f516367cac65cc0033ada510/transformed/core-viewtree-1.0.0/AndroidManifest.xml
build	Build with Gradle	2026-06-06T12:24:02.0938612Z Merging main manifest /home/runner/work/ShizukuPlus/ShizukuPlus/shell/src/main/AndroidManifest.xml
build	Build with Gradle	2026-06-06T12:24:02.0967778Z 
build	Build with Gradle	2026-06-06T12:24:02.0999145Z Merging library manifest /home/runner/.gradle/caches/8.14/transforms/93e5dd5bd02503c2c463051d8428f6c3/transformed/compat-4.4.0/AndroidManifest.xml
build	Build with Gradle	2026-06-06T12:24:02.1001365Z Merging manifest with lower [dev.rikka.hidden:compat:4.4.0] AndroidManifest.xml:2:1-7:12
build	Build with Gradle	2026-06-06T12:24:02.1028267Z uses-sdk defined in both files...
build	Build with Gradle	2026-06-06T12:24:02.1058567Z Merging uses-sdk with lower [dev.rikka.hidden:compat:4.4.0] AndroidManifest.xml:5:5-44
build	Build with Gradle	2026-06-06T12:24:02.1089074Z Merging library manifest /home/runner/.gradle/caches/8.14/transforms/a18f3e8414f2ba4eb382dd01375ab089/transformed/core-1.16.0/AndroidManifest.xml
build	Build with Gradle	2026-06-06T12:24:02.1090919Z Merging manifest with lower [androidx.core:core:1.16.0] AndroidManifest.xml:17:1-30:12
build	Build with Gradle	2026-06-06T12:24:02.1118224Z uses-sdk defined in both files...
build	Build with Gradle	2026-06-06T12:24:02.1148541Z Merging uses-sdk with lower [androidx.core:core:1.16.0] AndroidManifest.xml:20:5-44
build	Build with Gradle	2026-06-06T12:24:02.1178325Z Adopted [permission: null]
build	Build with Gradle	2026-06-06T12:24:02.1179257Z Adopted [uses-permission: null]
build	Build with Gradle	2026-06-06T12:24:02.1208379Z application defined in both files...
build	Build with Gradle	2026-06-06T12:24:02.1228774Z Merging application with lower [androidx.core:core:1.16.0] AndroidManifest.xml:28:5-89
build	Build with Gradle	2026-06-06T12:24:02.1269028Z Merging library manifest /home/runner/.gradle/caches/8.14/transforms/d90402c4b85ec72d1d4a6e1bb45ac913/transformed/buildcompat-34.0.1/AndroidManifest.xml
build	Build with Gradle	2026-06-06T12:24:02.1270906Z Merging manifest with lower [dev.rikka.rikkax.buildcompat:buildcompat:34.0.1] AndroidManifest.xml:2:1-7:12
build	Build with Gradle	2026-06-06T12:24:02.1298253Z uses-sdk defined in both files...
build	Build with Gradle	2026-06-06T12:24:02.1328688Z Merging uses-sdk with lower [dev.rikka.rikkax.buildcompat:buildcompat:34.0.1] AndroidManifest.xml:5:5-44
build	Build with Gradle	2026-06-06T12:24:02.1359061Z Merging library manifest /home/runner/.gradle/caches/8.14/transforms/4b91b30cdde5ec990d4144c4990f3981/transformed/parcelablelist-2.0.1-release/AndroidManifest.xml
build	Build with Gradle	2026-06-06T12:24:02.1361970Z Merging manifest with lower [dev.rikka.rikkax.parcelablelist:parcelablelist:2.0.1] AndroidManifest.xml:2:1-9:12
build	Build with Gradle	2026-06-06T12:24:02.1448473Z uses-sdk defined in both files...
build	Build with Gradle	2026-06-06T12:24:02.1509423Z Merging uses-sdk with lower [dev.rikka.rikkax.parcelablelist:parcelablelist:2.0.1] AndroidManifest.xml:5:5-7:41
build	Build with Gradle	2026-06-06T12:24:02.1511666Z Merging library manifest /home/runner/.gradle/caches/8.14/transforms/15a46fdad85d2cb7e7c637ba2a744a05/transformed/interpolator-1.0.0/AndroidManifest.xml
build	Build with Gradle	2026-06-06T12:24:02.1513555Z Merging manifest with lower [androidx.interpolator:interpolator:1.0.0] AndroidManifest.xml:17:1-22:12
build	Build with Gradle	2026-06-06T12:24:02.1514675Z uses-sdk defined in both files...
build	Build with Gradle	2026-06-06T12:24:02.1515709Z Merging uses-sdk with lower [androidx.interpolator:interpolator:1.0.0] AndroidManifest.xml:20:5-44
build	Build with Gradle	2026-06-06T12:24:02.1517612Z Merging library manifest /home/runner/.gradle/caches/8.14/transforms/0187bb9b76f6cb89cb6648998d3bb365/transformed/lifecycle-runtime-2.6.2/AndroidManifest.xml
build	Build with Gradle	2026-06-06T12:24:02.1519494Z Merging manifest with lower [androidx.lifecycle:lifecycle-runtime:2.6.2] AndroidManifest.xml:2:1-7:12
build	Build with Gradle	2026-06-06T12:24:02.1520585Z uses-sdk defined in both files...
build	Build with Gradle	2026-06-06T12:24:02.1521608Z Merging uses-sdk with lower [androidx.lifecycle:lifecycle-runtime:2.6.2] AndroidManifest.xml:5:5-44
build	Build with Gradle	2026-06-06T12:24:02.1523327Z Merging library manifest /home/runner/.gradle/caches/8.14/transforms/fc7c287dc22d61ab46eb288863ba67f7/transformed/profileinstaller-1.3.0/AndroidManifest.xml
build	Build with Gradle	2026-06-06T12:24:02.1525662Z Merging manifest with lower [androidx.profileinstaller:profileinstaller:1.3.0] AndroidManifest.xml:17:1-55:12
build	Build with Gradle	2026-06-06T12:24:02.1526825Z uses-sdk defined in both files...
build	Build with Gradle	2026-06-06T12:24:02.1528005Z Merging uses-sdk with lower [androidx.profileinstaller:profileinstaller:1.3.0] AndroidManifest.xml:21:5-44
build	Build with Gradle	2026-06-06T12:24:02.1529132Z application defined in both files...
build	Build with Gradle	2026-06-06T12:24:02.1530249Z Merging application with lower [androidx.profileinstaller:profileinstaller:1.3.0] AndroidManifest.xml:23:5-53:19
build	Build with Gradle	2026-06-06T12:24:02.1531413Z Adopted [provider: null]
build	Build with Gradle	2026-06-06T12:24:02.1532033Z Adopted [receiver: null]
build	Build with Gradle	2026-06-06T12:24:02.1533371Z Merging library manifest /home/runner/.gradle/caches/8.14/transforms/c3f1fba07658b0b59e408933ad000cab/transformed/startup-runtime-1.1.1/AndroidManifest.xml
build	Build with Gradle	2026-06-06T12:24:02.1535513Z Merging manifest with lower [androidx.startup:startup-runtime:1.1.1] AndroidManifest.xml:17:1-33:12
build	Build with Gradle	2026-06-06T12:24:02.1536529Z uses-sdk defined in both files...
build	Build with Gradle	2026-06-06T12:24:02.1537623Z Merging uses-sdk with lower [androidx.startup:startup-runtime:1.1.1] AndroidManifest.xml:21:5-23:41
build	Build with Gradle	2026-06-06T12:24:02.1538709Z application defined in both files...
build	Build with Gradle	2026-06-06T12:24:02.1539745Z Merging application with lower [androidx.startup:startup-runtime:1.1.1] AndroidManifest.xml:25:5-31:19
build	Build with Gradle	2026-06-06T12:24:02.1541094Z provider#androidx.startup.InitializationProvider defined in both files...
build	Build with Gradle	2026-06-06T12:24:02.1542745Z Merging provider#androidx.startup.InitializationProvider with lower [androidx.startup:startup-runtime:1.1.1] AndroidManifest.xml:26:9-30:34
build	Build with Gradle	2026-06-06T12:24:02.1544521Z Merging library manifest /home/runner/.gradle/caches/8.14/transforms/ac9c2613db74d91f76d389a55de09aeb/transformed/tracing-1.2.0/AndroidManifest.xml
build	Build with Gradle	2026-06-06T12:24:02.1545996Z Merging manifest with lower [androidx.tracing:tracing:1.2.0] AndroidManifest.xml:17:1-22:12
build	Build with Gradle	2026-06-06T12:24:02.1546912Z uses-sdk defined in both files...
build	Build with Gradle	2026-06-06T12:24:02.1548012Z Merging uses-sdk with lower [androidx.tracing:tracing:1.2.0] AndroidManifest.xml:20:5-44
build	Build with Gradle	2026-06-06T12:24:02.1549510Z Merging library manifest /home/runner/.gradle/caches/8.14/transforms/eec55b2add6457c8fb902795cbf8eedc/transformed/versionedparcelable-1.1.1/AndroidManifest.xml
build	Build with Gradle	2026-06-06T12:24:02.1551393Z Merging manifest with lower [androidx.versionedparcelable:versionedparcelable:1.1.1] AndroidManifest.xml:17:1-27:12
build	Build with Gradle	2026-06-06T12:24:02.1552592Z uses-sdk defined in both files...
build	Build with Gradle	2026-06-06T12:24:02.1553656Z Merging uses-sdk with lower [androidx.versionedparcelable:versionedparcelable:1.1.1] AndroidManifest.xml:20:5-22:41
build	Build with Gradle	2026-06-06T12:24:02.1554835Z application defined in both files...
build	Build with Gradle	2026-06-06T12:24:02.1555963Z Merging application with lower [androidx.versionedparcelable:versionedparcelable:1.1.1] AndroidManifest.xml:24:5-25:19
build	Build with Gradle	2026-06-06T12:24:02.1557960Z Merging library manifest /home/runner/.gradle/caches/8.14/transforms/9a0af10b7d6a004c0dde0da7908916e8/transformed/core-runtime-2.2.0/AndroidManifest.xml
build	Build with Gradle	2026-06-06T12:24:02.1559626Z Merging manifest with lower [androidx.arch.core:core-runtime:2.2.0] AndroidManifest.xml:17:1-22:12
build	Build with Gradle	2026-06-06T12:24:02.1560620Z uses-sdk defined in both files...
build	Build with Gradle	2026-06-06T12:24:02.1561556Z Merging uses-sdk with lower [androidx.arch.core:core-runtime:2.2.0] AndroidManifest.xml:20:5-44
build	Build with Gradle	2026-06-06T12:24:02.1563354Z Merging library manifest /home/runner/.gradle/caches/8.14/transforms/b63ec3c1af75a7e3e11e00b71c5d2f13/transformed/annotation-experimental-1.4.1/AndroidManifest.xml
build	Build with Gradle	2026-06-06T12:24:02.1565388Z Merging manifest with lower [androidx.annotation:annotation-experimental:1.4.1] AndroidManifest.xml:2:1-7:12
build	Build with Gradle	2026-06-06T12:24:02.1566499Z uses-sdk defined in both files...
build	Build with Gradle	2026-06-06T12:24:02.1567714Z Merging uses-sdk with lower [androidx.annotation:annotation-experimental:1.4.1] AndroidManifest.xml:5:5-44
build	Build with Gradle	2026-06-06T12:24:02.1569527Z Merging library manifest /home/runner/.gradle/caches/8.14/transforms/a203a862f516367cac65cc0033ada510/transformed/core-viewtree-1.0.0/AndroidManifest.xml
build	Build with Gradle	2026-06-06T12:24:02.1571415Z Merging manifest with lower [androidx.core:core-viewtree:1.0.0] AndroidManifest.xml:2:1-7:12
build	Build with Gradle	2026-06-06T12:24:02.1572400Z uses-sdk defined in both files...
build	Build with Gradle	2026-06-06T12:24:02.1573245Z Merging uses-sdk with lower [androidx.core:core-viewtree:1.0.0] AndroidManifest.xml:5:5-44
build	Build with Gradle	2026-06-06T12:24:02.1574222Z Merging result: SUCCESS
build	Build with Gradle	2026-06-06T12:24:02.1574832Z 1<?xml version="1.0" encoding="utf-8"?>
build	Build with Gradle	2026-06-06T12:24:02.1575920Z 2<manifest xmlns:android="http://schemas.android.com/apk/res/android"
build	Build with Gradle	2026-06-06T12:24:02.1576791Z 3    package="rikka.shizuku.shell"
build	Build with Gradle	2026-06-06T12:24:02.1577570Z 4    android:versionCode="1911"
build	Build with Gradle	2026-06-06T12:24:02.1578195Z 5    android:versionName="ShizukuX 13.6.0.r1911" >
build	Build with Gradle	2026-06-06T12:24:02.1578852Z 6
build	Build with Gradle	2026-06-06T12:24:02.1579576Z 7    <uses-sdk
build	Build with Gradle	2026-06-06T12:24:02.1580112Z 8        android:minSdkVersion="24"
build	Build with Gradle	2026-06-06T12:24:02.1580769Z 9        android:targetSdkVersion="35" />
build	Build with Gradle	2026-06-06T12:24:02.1581379Z 10
build	Build with Gradle	2026-06-06T12:24:02.1581866Z 11    <permission
build	Build with Gradle	2026-06-06T12:24:02.1583060Z 11-->[androidx.core:core:1.16.0] /home/runner/.gradle/caches/8.14/transforms/a18f3e8414f2ba4eb382dd01375ab089/transformed/core-1.16.0/AndroidManifest.xml:22:5-24:47
build	Build with Gradle	2026-06-06T12:24:02.1584559Z 12        android:name="rikka.shizuku.shell.DYNAMIC_RECEIVER_NOT_EXPORTED_PERMISSION"
build	Build with Gradle	2026-06-06T12:24:02.1586150Z 12-->[androidx.core:core:1.16.0] /home/runner/.gradle/caches/8.14/transforms/a18f3e8414f2ba4eb382dd01375ab089/transformed/core-1.16.0/AndroidManifest.xml:23:9-81
build	Build with Gradle	2026-06-06T12:24:02.1587986Z 13        android:protectionLevel="signature" />
build	Build with Gradle	2026-06-06T12:24:02.1589433Z 13-->[androidx.core:core:1.16.0] /home/runner/.gradle/caches/8.14/transforms/a18f3e8414f2ba4eb382dd01375ab089/transformed/core-1.16.0/AndroidManifest.xml:24:9-44
build	Build with Gradle	2026-06-06T12:24:02.1590794Z 14
build	Build with Gradle	2026-06-06T12:24:02.1591695Z 15    <uses-permission android:name="rikka.shizuku.shell.DYNAMIC_RECEIVER_NOT_EXPORTED_PERMISSION" />
build	Build with Gradle	2026-06-06T12:24:02.1593654Z 15-->[androidx.core:core:1.16.0] /home/runner/.gradle/caches/8.14/transforms/a18f3e8414f2ba4eb382dd01375ab089/transformed/core-1.16.0/AndroidManifest.xml:26:5-97
build	Build with Gradle	2026-06-06T12:24:02.1595750Z 15-->[androidx.core:core:1.16.0] /home/runner/.gradle/caches/8.14/transforms/a18f3e8414f2ba4eb382dd01375ab089/transformed/core-1.16.0/AndroidManifest.xml:26:22-94
build	Build with Gradle	2026-06-06T12:24:02.1597078Z 16
build	Build with Gradle	2026-06-06T12:24:02.1597759Z 17    <application
build	Build with Gradle	2026-06-06T12:24:02.1598569Z 18        android:appComponentFactory="androidx.core.app.CoreComponentFactory"
build	Build with Gradle	2026-06-06T12:24:02.1600250Z 18-->[androidx.core:core:1.16.0] /home/runner/.gradle/caches/8.14/transforms/a18f3e8414f2ba4eb382dd01375ab089/transformed/core-1.16.0/AndroidManifest.xml:28:18-86
build	Build with Gradle	2026-06-06T12:24:02.1601678Z 19        android:extractNativeLibs="false" >
build	Build with Gradle	2026-06-06T12:24:02.1602389Z 20        <provider
build	Build with Gradle	2026-06-06T12:24:02.1603986Z 20-->[androidx.profileinstaller:profileinstaller:1.3.0] /home/runner/.gradle/caches/8.14/transforms/fc7c287dc22d61ab46eb288863ba67f7/transformed/profileinstaller-1.3.0/AndroidManifest.xml:24:9-32:20
build	Build with Gradle	2026-06-06T12:24:02.1605857Z 21            android:name="androidx.startup.InitializationProvider"
build	Build with Gradle	2026-06-06T12:24:02.1607751Z 21-->[androidx.profileinstaller:profileinstaller:1.3.0] /home/runner/.gradle/caches/8.14/transforms/fc7c287dc22d61ab46eb288863ba67f7/transformed/profileinstaller-1.3.0/AndroidManifest.xml:25:13-67
build	Build with Gradle	2026-06-06T12:24:02.1609461Z 22            android:authorities="rikka.shizuku.shell.androidx-startup"
build	Build with Gradle	2026-06-06T12:24:02.1611075Z 22-->[androidx.profileinstaller:profileinstaller:1.3.0] /home/runner/.gradle/caches/8.14/transforms/fc7c287dc22d61ab46eb288863ba67f7/transformed/profileinstaller-1.3.0/AndroidManifest.xml:26:13-68
build	Build with Gradle	2026-06-06T12:24:02.1612624Z 23            android:exported="false" >
build	Build with Gradle	2026-06-06T12:24:02.1614125Z 23-->[androidx.profileinstaller:profileinstaller:1.3.0] /home/runner/.gradle/caches/8.14/transforms/fc7c287dc22d61ab46eb288863ba67f7/transformed/profileinstaller-1.3.0/AndroidManifest.xml:27:13-37
build	Build with Gradle	2026-06-06T12:24:02.1615692Z 24            <meta-data
build	Build with Gradle	2026-06-06T12:24:02.1617550Z 24-->[androidx.profileinstaller:profileinstaller:1.3.0] /home/runner/.gradle/caches/8.14/transforms/fc7c287dc22d61ab46eb288863ba67f7/transformed/profileinstaller-1.3.0/AndroidManifest.xml:29:13-31:52
build	Build with Gradle	2026-06-06T12:24:02.1619363Z 25                android:name="androidx.profileinstaller.ProfileInstallerInitializer"
build	Build with Gradle	2026-06-06T12:24:02.1621115Z 25-->[androidx.profileinstaller:profileinstaller:1.3.0] /home/runner/.gradle/caches/8.14/transforms/fc7c287dc22d61ab46eb288863ba67f7/transformed/profileinstaller-1.3.0/AndroidManifest.xml:30:17-85
build	Build with Gradle	2026-06-06T12:24:02.1622827Z 26                android:value="androidx.startup" />
build	Build with Gradle	2026-06-06T12:24:02.1624583Z 26-->[androidx.profileinstaller:profileinstaller:1.3.0] /home/runner/.gradle/caches/8.14/transforms/fc7c287dc22d61ab46eb288863ba67f7/transformed/profileinstaller-1.3.0/AndroidManifest.xml:31:17-49
build	Build with Gradle	2026-06-06T12:24:02.1626579Z 27        </provider>
build	Build with Gradle	2026-06-06T12:24:02.1627128Z 28
build	Build with Gradle	2026-06-06T12:24:02.1627814Z 29        <receiver
build	Build with Gradle	2026-06-06T12:24:02.1629089Z 29-->[androidx.profileinstaller:profileinstaller:1.3.0] /home/runner/.gradle/caches/8.14/transforms/fc7c287dc22d61ab46eb288863ba67f7/transformed/profileinstaller-1.3.0/AndroidManifest.xml:34:9-52:20
build	Build with Gradle	2026-06-06T12:24:02.1630721Z 30            android:name="androidx.profileinstaller.ProfileInstallReceiver"
build	Build with Gradle	2026-06-06T12:24:02.1632429Z 30-->[androidx.profileinstaller:profileinstaller:1.3.0] /home/runner/.gradle/caches/8.14/transforms/fc7c287dc22d61ab46eb288863ba67f7/transformed/profileinstaller-1.3.0/AndroidManifest.xml:35:13-76
build	Build with Gradle	2026-06-06T12:24:02.1634282Z 31            android:directBootAware="false"
build	Build with Gradle	2026-06-06T12:24:02.1635801Z 31-->[androidx.profileinstaller:profileinstaller:1.3.0] /home/runner/.gradle/caches/8.14/transforms/fc7c287dc22d61ab46eb288863ba67f7/transformed/profileinstaller-1.3.0/AndroidManifest.xml:36:13-44
build	Build with Gradle	2026-06-06T12:24:02.1637599Z 32            android:enabled="true"
build	Build with Gradle	2026-06-06T12:24:02.1639231Z 32-->[androidx.profileinstaller:profileinstaller:1.3.0] /home/runner/.gradle/caches/8.14/transforms/fc7c287dc22d61ab46eb288863ba67f7/transformed/profileinstaller-1.3.0/AndroidManifest.xml:37:13-35
build	Build with Gradle	2026-06-06T12:24:02.1640967Z 33            android:exported="true"
build	Build with Gradle	2026-06-06T12:24:02.1642573Z 33-->[androidx.profileinstaller:profileinstaller:1.3.0] /home/runner/.gradle/caches/8.14/transforms/fc7c287dc22d61ab46eb288863ba67f7/transformed/profileinstaller-1.3.0/AndroidManifest.xml:38:13-36
build	Build with Gradle	2026-06-06T12:24:02.1644197Z 34            android:permission="android.permission.DUMP" >
build	Build with Gradle	2026-06-06T12:24:02.1645861Z 34-->[androidx.profileinstaller:profileinstaller:1.3.0] /home/runner/.gradle/caches/8.14/transforms/fc7c287dc22d61ab46eb288863ba67f7/transformed/profileinstaller-1.3.0/AndroidManifest.xml:39:13-57
build	Build with Gradle	2026-06-06T12:24:02.1647698Z 35            <intent-filter>
build	Build with Gradle	2026-06-06T12:24:02.1649398Z 35-->[androidx.profileinstaller:profileinstaller:1.3.0] /home/runner/.gradle/caches/8.14/transforms/fc7c287dc22d61ab46eb288863ba67f7/transformed/profileinstaller-1.3.0/AndroidManifest.xml:40:13-42:29
build	Build with Gradle	2026-06-06T12:24:02.1651351Z 36                <action android:name="androidx.profileinstaller.action.INSTALL_PROFILE" />
build	Build with Gradle	2026-06-06T12:24:02.1653140Z 36-->[androidx.profileinstaller:profileinstaller:1.3.0] /home/runner/.gradle/caches/8.14/transforms/fc7c287dc22d61ab46eb288863ba67f7/transformed/profileinstaller-1.3.0/AndroidManifest.xml:41:17-91
build	Build with Gradle	2026-06-06T12:24:02.1655796Z 36-->[androidx.profileinstaller:profileinstaller:1.3.0] /home/runner/.gradle/caches/8.14/transforms/fc7c287dc22d61ab46eb288863ba67f7/transformed/profileinstaller-1.3.0/AndroidManifest.xml:41:25-88
build	Build with Gradle	2026-06-06T12:24:02.1657670Z 37            </intent-filter>
build	Build with Gradle	2026-06-06T12:24:02.1658292Z 38            <intent-filter>
build	Build with Gradle	2026-06-06T12:24:02.1659871Z 38-->[androidx.profileinstaller:profileinstaller:1.3.0] /home/runner/.gradle/caches/8.14/transforms/fc7c287dc22d61ab46eb288863ba67f7/transformed/profileinstaller-1.3.0/AndroidManifest.xml:43:13-45:29
build	Build with Gradle	2026-06-06T12:24:02.1661800Z 39                <action android:name="androidx.profileinstaller.action.SKIP_FILE" />
build	Build with Gradle	2026-06-06T12:24:02.1663957Z 39-->[androidx.profileinstaller:profileinstaller:1.3.0] /home/runner/.gradle/caches/8.14/transforms/fc7c287dc22d61ab46eb288863ba67f7/transformed/profileinstaller-1.3.0/AndroidManifest.xml:44:17-85
build	Build with Gradle	2026-06-06T12:24:02.1666632Z 39-->[androidx.profileinstaller:profileinstaller:1.3.0] /home/runner/.gradle/caches/8.14/transforms/fc7c287dc22d61ab46eb288863ba67f7/transformed/profileinstaller-1.3.0/AndroidManifest.xml:44:25-82
build	Build with Gradle	2026-06-06T12:24:02.1668404Z 40            </intent-filter>
build	Build with Gradle	2026-06-06T12:24:02.1669061Z 41            <intent-filter>
build	Build with Gradle	2026-06-06T12:24:02.1670708Z 41-->[androidx.profileinstaller:profileinstaller:1.3.0] /home/runner/.gradle/caches/8.14/transforms/fc7c287dc22d61ab46eb288863ba67f7/transformed/profileinstaller-1.3.0/AndroidManifest.xml:46:13-48:29
build	Build with Gradle	2026-06-06T12:24:02.1672869Z 42                <action android:name="androidx.profileinstaller.action.SAVE_PROFILE" />
build	Build with Gradle	2026-06-06T12:24:02.1674830Z 42-->[androidx.profileinstaller:profileinstaller:1.3.0] /home/runner/.gradle/caches/8.14/transforms/fc7c287dc22d61ab46eb288863ba67f7/transformed/profileinstaller-1.3.0/AndroidManifest.xml:47:17-88
build	Build with Gradle	2026-06-06T12:24:02.1677643Z 42-->[androidx.profileinstaller:profileinstaller:1.3.0] /home/runner/.gradle/caches/8.14/transforms/fc7c287dc22d61ab46eb288863ba67f7/transformed/profileinstaller-1.3.0/AndroidManifest.xml:47:25-85
build	Build with Gradle	2026-06-06T12:24:02.1679330Z 43            </intent-filter>
build	Build with Gradle	2026-06-06T12:24:02.1679971Z 44            <intent-filter>
build	Build with Gradle	2026-06-06T12:24:02.1681733Z 44-->[androidx.profileinstaller:profileinstaller:1.3.0] /home/runner/.gradle/caches/8.14/transforms/fc7c287dc22d61ab46eb288863ba67f7/transformed/profileinstaller-1.3.0/AndroidManifest.xml:49:13-51:29
build	Build with Gradle	2026-06-06T12:24:02.1683687Z 45                <action android:name="androidx.profileinstaller.action.BENCHMARK_OPERATION" />
build	Build with Gradle	2026-06-06T12:24:02.1685894Z 45-->[androidx.profileinstaller:profileinstaller:1.3.0] /home/runner/.gradle/caches/8.14/transforms/fc7c287dc22d61ab46eb288863ba67f7/transformed/profileinstaller-1.3.0/AndroidManifest.xml:50:17-95
build	Build with Gradle	2026-06-06T12:24:02.1688354Z 45-->[androidx.profileinstaller:profileinstaller:1.3.0] /home/runner/.gradle/caches/8.14/transforms/fc7c287dc22d61ab46eb288863ba67f7/transformed/profileinstaller-1.3.0/AndroidManifest.xml:50:25-92
build	Build with Gradle	2026-06-06T12:24:02.1689878Z 46            </intent-filter>
build	Build with Gradle	2026-06-06T12:24:02.1690454Z 47        </receiver>
build	Build with Gradle	2026-06-06T12:24:02.1690961Z 48    </application>
build	Build with Gradle	2026-06-06T12:24:02.1691480Z 49
build	Build with Gradle	2026-06-06T12:24:02.1691962Z 50</manifest>
build	Build with Gradle	2026-06-06T12:24:02.1692304Z 
build	Build with Gradle	2026-06-06T12:24:02.1693340Z Merged manifest saved to /home/runner/work/ShizukuPlus/ShizukuPlus/shell/build/intermediates/merged_manifest/release/processReleaseMainManifest/AndroidManifest.xml
build	Build with Gradle	2026-06-06T12:24:02.1695265Z Stored cache entry for task ':shell:processReleaseMainManifest' with cache key bb1e1a950d9ccccb9d3d236928ad461a
build	Build with Gradle	2026-06-06T12:24:02.1696685Z Resolve mutations for :shell:processReleaseManifest (Thread[#159,included builds,5,main]) started.
build	Build with Gradle	2026-06-06T12:24:02.1698081Z :shell:processReleaseManifest (Thread[#159,included builds,5,main]) started.
build	Build with Gradle	2026-06-06T12:24:02.1698810Z 
build	Build with Gradle	2026-06-06T12:24:02.1699141Z > Task :shell:mergeReleaseResources
build	Build with Gradle	2026-06-06T12:24:02.1700002Z Build cache key for task ':shell:mergeReleaseResources' is 421ff91cd54bd593a88ce9efea2bf7f8
build	Build with Gradle	2026-06-06T12:24:02.1701020Z Task ':shell:mergeReleaseResources' is not up-to-date because:
build	Build with Gradle	2026-06-06T12:24:02.1701762Z   No history is available.
build	Build with Gradle	2026-06-06T12:24:02.1702661Z The input changes require a full rebuild for incremental task ':shell:mergeReleaseResources'.
build	Build with Gradle	2026-06-06T12:24:02.1703773Z [MergeResources] Inputs are non-incremental full task action.
build	Build with Gradle	2026-06-06T12:24:02.1705934Z Compiling XML table /home/runner/work/ShizukuPlus/ShizukuPlus/shell/build/intermediates/incremental/release/mergeReleaseResources/merged.dir/values/values.xml to /home/runner/work/ShizukuPlus/ShizukuPlus/shell/build/intermediates/merged_res/release/mergeReleaseResources/values_values.arsc.flat
build	Build with Gradle	2026-06-06T12:24:02.1709761Z Compiling XML table /home/runner/work/ShizukuPlus/ShizukuPlus/shell/build/intermediates/incremental/release/mergeReleaseResources/merged.dir/values-lo/values-lo.xml to /home/runner/work/ShizukuPlus/ShizukuPlus/shell/build/intermediates/merged_res/release/mergeReleaseResources/values-lo_values-lo.arsc.flat
build	Build with Gradle	2026-06-06T12:24:02.1713698Z Compiling XML table /home/runner/work/ShizukuPlus/ShizukuPlus/shell/build/intermediates/incremental/release/mergeReleaseResources/merged.dir/values-lv/values-lv.xml to /home/runner/work/ShizukuPlus/ShizukuPlus/shell/build/intermediates/merged_res/release/mergeReleaseResources/values-lv_values-lv.arsc.flat
build	Build with Gradle	2026-06-06T12:24:02.1717910Z Compiling XML table /home/runner/work/ShizukuPlus/ShizukuPlus/shell/build/intermediates/incremental/release/mergeReleaseResources/merged.dir/values-uk/values-uk.xml to /home/runner/work/ShizukuPlus/ShizukuPlus/shell/build/intermediates/merged_res/release/mergeReleaseResources/values-uk_values-uk.arsc.flat
build	Build with Gradle	2026-06-06T12:24:02.1722286Z Compiling XML table /home/runner/work/ShizukuPlus/ShizukuPlus/shell/build/intermediates/incremental/release/mergeReleaseResources/merged.dir/values-mn/values-mn.xml to /home/runner/work/ShizukuPlus/ShizukuPlus/shell/build/intermediates/merged_res/release/mergeReleaseResources/values-mn_values-mn.arsc.flat
build	Build with Gradle	2026-06-06T12:24:02.1726169Z Compiling XML table /home/runner/work/ShizukuPlus/ShizukuPlus/shell/build/intermediates/incremental/release/mergeReleaseResources/merged.dir/values-in/values-in.xml to /home/runner/work/ShizukuPlus/ShizukuPlus/shell/build/intermediates/merged_res/release/mergeReleaseResources/values-in_values-in.arsc.flat
build	Build with Gradle	2026-06-06T12:24:02.1730286Z Compiling XML table /home/runner/work/ShizukuPlus/ShizukuPlus/shell/build/intermediates/incremental/release/mergeReleaseResources/merged.dir/values-pt/values-pt.xml to /home/runner/work/ShizukuPlus/ShizukuPlus/shell/build/intermediates/merged_res/release/mergeReleaseResources/values-pt_values-pt.arsc.flat
build	Build with Gradle	2026-06-06T12:24:02.1734196Z Compiling XML table /home/runner/work/ShizukuPlus/ShizukuPlus/shell/build/intermediates/incremental/release/mergeReleaseResources/merged.dir/values-zh-rTW/values-zh-rTW.xml to /home/runner/work/ShizukuPlus/ShizukuPlus/shell/build/intermediates/merged_res/release/mergeReleaseResources/values-zh-rTW_values-zh-rTW.arsc.flat
build	Build with Gradle	2026-06-06T12:24:02.1738533Z Compiling XML table /home/runner/work/ShizukuPlus/ShizukuPlus/shell/build/intermediates/incremental/release/mergeReleaseResources/merged.dir/values-hu/values-hu.xml to /home/runner/work/ShizukuPlus/ShizukuPlus/shell/build/intermediates/merged_res/release/mergeReleaseResources/values-hu_values-hu.arsc.flat
build	Build with Gradle	2026-06-06T12:24:02.1742386Z Compiling XML table /home/runner/work/ShizukuPlus/ShizukuPlus/shell/build/intermediates/incremental/release/mergeReleaseResources/merged.dir/values-ur/values-ur.xml to /home/runner/work/ShizukuPlus/ShizukuPlus/shell/build/intermediates/merged_res/release/mergeReleaseResources/values-ur_values-ur.arsc.flat
build	Build with Gradle	2026-06-06T12:24:02.1745673Z Compiling XML table /home/runner/work/ShizukuPlus/ShizukuPlus/shell/build/intermediates/incremental/release/mergeReleaseResources/merged.dir/values-my/values-my.xml to /home/runner/work/ShizukuPlus/ShizukuPlus/shell/build/intermediates/merged_res/release/mergeReleaseResources/values-my_values-my.arsc.flat
build	Build with Gradle	2026-06-06T12:24:02.1749054Z Compiling XML table /home/runner/work/ShizukuPlus/ShizukuPlus/shell/build/intermediates/incremental/release/mergeReleaseResources/merged.dir/values-uz/values-uz.xml to /home/runner/work/ShizukuPlus/ShizukuPlus/shell/build/intermediates/merged_res/release/mergeReleaseResources/values-uz_values-uz.arsc.flat
build	Build with Gradle	2026-06-06T12:24:02.1752177Z Compiling XML table /home/runner/work/ShizukuPlus/ShizukuPlus/shell/build/intermediates/incremental/release/mergeReleaseResources/merged.dir/values-mr/values-mr.xml to /home/runner/work/ShizukuPlus/ShizukuPlus/shell/build/intermediates/merged_res/release/mergeReleaseResources/values-mr_values-mr.arsc.flat
build	Build with Gradle	2026-06-06T12:24:02.1755334Z Compiling XML table /home/runner/work/ShizukuPlus/ShizukuPlus/shell/build/intermediates/incremental/release/mergeReleaseResources/merged.dir/values-es/values-es.xml to /home/runner/work/ShizukuPlus/ShizukuPlus/shell/build/intermediates/merged_res/release/mergeReleaseResources/values-es_values-es.arsc.flat
build	Build with Gradle	2026-06-06T12:24:02.1759509Z Compiling XML table /home/runner/work/ShizukuPlus/ShizukuPlus/shell/build/intermediates/incremental/release/mergeReleaseResources/merged.dir/values-zh-rHK/values-zh-rHK.xml to /home/runner/work/ShizukuPlus/ShizukuPlus/shell/build/intermediates/merged_res/release/mergeReleaseResources/values-zh-rHK_values-zh-rHK.arsc.flat
build	Build with Gradle	2026-06-06T12:24:02.1762970Z Compiling XML table /home/runner/work/ShizukuPlus/ShizukuPlus/shell/build/intermediates/incremental/release/mergeReleaseResources/merged.dir/values-as/values-as.xml to /home/runner/work/ShizukuPlus/ShizukuPlus/shell/build/intermediates/merged_res/release/mergeReleaseResources/values-as_values-as.arsc.flat
build	Build with Gradle	2026-06-06T12:24:02.1766910Z Compiling XML table /home/runner/work/ShizukuPlus/ShizukuPlus/shell/build/intermediates/incremental/release/mergeReleaseResources/merged.dir/values-es-rUS/values-es-rUS.xml to /home/runner/work/ShizukuPlus/ShizukuPlus/shell/build/intermediates/merged_res/release/mergeReleaseResources/values-es-rUS_values-es-rUS.arsc.flat
build	Build with Gradle	2026-06-06T12:24:02.1770648Z Compiling XML table /home/runner/work/ShizukuPlus/ShizukuPlus/shell/build/intermediates/incremental/release/mergeReleaseResources/merged.dir/values-am/values-am.xml to /home/runner/work/ShizukuPlus/ShizukuPlus/shell/build/intermediates/merged_res/release/mergeReleaseResources/values-am_values-am.arsc.flat
build	Build with Gradle	2026-06-06T12:24:02.1774554Z Compiling XML table /home/runner/work/ShizukuPlus/ShizukuPlus/shell/build/intermediates/incremental/release/mergeReleaseResources/merged.dir/values-pt-rPT/values-pt-rPT.xml to /home/runner/work/ShizukuPlus/ShizukuPlus/shell/build/intermediates/merged_res/release/mergeReleaseResources/values-pt-rPT_values-pt-rPT.arsc.flat
build	Build with Gradle	2026-06-06T12:24:02.1778408Z Compiling XML table /home/runner/work/ShizukuPlus/ShizukuPlus/shell/build/intermediates/incremental/release/mergeReleaseResources/merged.dir/values-et/values-et.xml to /home/runner/work/ShizukuPlus/ShizukuPlus/shell/build/intermediates/merged_res/release/mergeReleaseResources/values-et_values-et.arsc.flat
build	Build with Gradle	2026-06-06T12:24:02.1781997Z Compiling XML table /home/runner/work/ShizukuPlus/ShizukuPlus/shell/build/intermediates/incremental/release/mergeReleaseResources/merged.dir/values-nl/values-nl.xml to /home/runner/work/ShizukuPlus/ShizukuPlus/shell/build/intermediates/merged_res/release/mergeReleaseResources/values-nl_values-nl.arsc.flat
build	Build with Gradle	2026-06-06T12:24:02.1785701Z Compiling XML table /home/runner/work/ShizukuPlus/ShizukuPlus/shell/build/intermediates/incremental/release/mergeReleaseResources/merged.dir/values-ru/values-ru.xml to /home/runner/work/ShizukuPlus/ShizukuPlus/shell/build/intermediates/merged_res/release/mergeReleaseResources/values-ru_values-ru.arsc.flat
build	Build with Gradle	2026-06-06T12:24:02.1789785Z Compiling XML table /home/runner/work/ShizukuPlus/ShizukuPlus/shell/build/intermediates/incremental/release/mergeReleaseResources/merged.dir/values-bn/values-bn.xml to /home/runner/work/ShizukuPlus/ShizukuPlus/shell/build/intermediates/merged_res/release/mergeReleaseResources/values-bn_values-bn.arsc.flat
build	Build with Gradle	2026-06-06T12:24:02.1793863Z Compiling XML table /home/runner/work/ShizukuPlus/ShizukuPlus/shell/build/intermediates/incremental/release/mergeReleaseResources/merged.dir/values-ka/values-ka.xml to /home/runner/work/ShizukuPlus/ShizukuPlus/shell/build/intermediates/merged_res/release/mergeReleaseResources/values-ka_values-ka.arsc.flat
build	Build with Gradle	2026-06-06T12:24:02.1798106Z Compiling XML table /home/runner/work/ShizukuPlus/ShizukuPlus/shell/build/intermediates/incremental/release/mergeReleaseResources/merged.dir/values-vi/values-vi.xml to /home/runner/work/ShizukuPlus/ShizukuPlus/shell/build/intermediates/merged_res/release/mergeReleaseResources/values-vi_values-vi.arsc.flat
build	Build with Gradle	2026-06-06T12:24:02.1802175Z Compiling XML table /home/runner/work/ShizukuPlus/ShizukuPlus/shell/build/intermediates/incremental/release/mergeReleaseResources/merged.dir/values-ne/values-ne.xml to /home/runner/work/ShizukuPlus/ShizukuPlus/shell/build/intermediates/merged_res/release/mergeReleaseResources/values-ne_values-ne.arsc.flat
build	Build with Gradle	2026-06-06T12:24:02.1806432Z Compiling XML table /home/runner/work/ShizukuPlus/ShizukuPlus/shell/build/intermediates/incremental/release/mergeReleaseResources/merged.dir/values-sq/values-sq.xml to /home/runner/work/ShizukuPlus/ShizukuPlus/shell/build/intermediates/merged_res/release/mergeReleaseResources/values-sq_values-sq.arsc.flat
build	Build with Gradle	2026-06-06T12:24:02.1810616Z Compiling XML table /home/runner/work/ShizukuPlus/ShizukuPlus/shell/build/intermediates/incremental/release/mergeReleaseResources/merged.dir/values-zu/values-zu.xml to /home/runner/work/ShizukuPlus/ShizukuPlus/shell/build/intermediates/merged_res/release/mergeReleaseResources/values-zu_values-zu.arsc.flat
build	Build with Gradle	2026-06-06T12:24:02.1814371Z Compiling XML table /home/runner/work/ShizukuPlus/ShizukuPlus/shell/build/intermediates/incremental/release/mergeReleaseResources/merged.dir/values-km/values-km.xml to /home/runner/work/ShizukuPlus/ShizukuPlus/shell/build/intermediates/merged_res/release/mergeReleaseResources/values-km_values-km.arsc.flat
build	Build with Gradle	2026-06-06T12:24:02.1818721Z Compiling XML table /home/runner/work/ShizukuPlus/ShizukuPlus/shell/build/intermediates/incremental/release/mergeReleaseResources/merged.dir/values-zh-rCN/values-zh-rCN.xml to /home/runner/work/ShizukuPlus/ShizukuPlus/shell/build/intermediates/merged_res/release/mergeReleaseResources/values-zh-rCN_values-zh-rCN.arsc.flat
build	Build with Gradle	2026-06-06T12:24:02.1822482Z Compiling XML table /home/runner/work/ShizukuPlus/ShizukuPlus/shell/build/intermediates/incremental/release/mergeReleaseResources/merged.dir/values-sw/values-sw.xml to /home/runner/work/ShizukuPlus/ShizukuPlus/shell/build/intermediates/merged_res/release/mergeReleaseResources/values-sw_values-sw.arsc.flat
build	Build with Gradle	2026-06-06T12:24:02.1826523Z Compiling XML table /home/runner/work/ShizukuPlus/ShizukuPlus/shell/build/intermediates/incremental/release/mergeReleaseResources/merged.dir/values-en-rXC/values-en-rXC.xml to /home/runner/work/ShizukuPlus/ShizukuPlus/shell/build/intermediates/merged_res/release/mergeReleaseResources/values-en-rXC_values-en-rXC.arsc.flat
build	Build with Gradle	2026-06-06T12:24:02.1831061Z Compiling XML table /home/runner/work/ShizukuPlus/ShizukuPlus/shell/build/intermediates/incremental/release/mergeReleaseResources/merged.dir/values-ky/values-ky.xml to /home/runner/work/ShizukuPlus/ShizukuPlus/shell/build/intermediates/merged_res/release/mergeReleaseResources/values-ky_values-ky.arsc.flat
build	Build with Gradle	2026-06-06T12:24:02.1834934Z Compiling XML table /home/runner/work/ShizukuPlus/ShizukuPlus/shell/build/intermediates/incremental/release/mergeReleaseResources/merged.dir/values-bs/values-bs.xml to /home/runner/work/ShizukuPlus/ShizukuPlus/shell/build/intermediates/merged_res/release/mergeReleaseResources/values-bs_values-bs.arsc.flat
build	Build with Gradle	2026-06-06T12:24:02.1838668Z Compiling XML table /home/runner/work/ShizukuPlus/ShizukuPlus/shell/build/intermediates/incremental/release/mergeReleaseResources/merged.dir/values-si/values-si.xml to /home/runner/work/ShizukuPlus/ShizukuPlus/shell/build/intermediates/merged_res/release/mergeReleaseResources/values-si_values-si.arsc.flat
build	Build with Gradle	2026-06-06T12:24:02.1842509Z Compiling XML table /home/runner/work/ShizukuPlus/ShizukuPlus/shell/build/intermediates/incremental/release/mergeReleaseResources/merged.dir/values-ca/values-ca.xml to /home/runner/work/ShizukuPlus/ShizukuPlus/shell/build/intermediates/merged_res/release/mergeReleaseResources/values-ca_values-ca.arsc.flat
build	Build with Gradle	2026-06-06T12:24:02.1846888Z Compiling XML table /home/runner/work/ShizukuPlus/ShizukuPlus/shell/build/intermediates/incremental/release/mergeReleaseResources/merged.dir/values-te/values-te.xml to /home/runner/work/ShizukuPlus/ShizukuPlus/shell/build/intermediates/merged_res/release/mergeReleaseResources/values-te_values-te.arsc.flat
build	Build with Gradle	2026-06-06T12:24:02.1851296Z Compiling XML table /home/runner/work/ShizukuPlus/ShizukuPlus/shell/build/intermediates/incremental/release/mergeReleaseResources/merged.dir/values-kn/values-kn.xml to /home/runner/work/ShizukuPlus/ShizukuPlus/shell/build/intermediates/merged_res/release/mergeReleaseResources/values-kn_values-kn.arsc.flat
build	Build with Gradle	2026-06-06T12:24:02.1855322Z Compiling XML table /home/runner/work/ShizukuPlus/ShizukuPlus/shell/build/intermediates/incremental/release/mergeReleaseResources/merged.dir/values-pl/values-pl.xml to /home/runner/work/ShizukuPlus/ShizukuPlus/shell/build/intermediates/merged_res/release/mergeReleaseResources/values-pl_values-pl.arsc.flat
build	Build with Gradle	2026-06-06T12:24:02.1859235Z Compiling XML table /home/runner/work/ShizukuPlus/ShizukuPlus/shell/build/intermediates/incremental/release/mergeReleaseResources/merged.dir/values-ko/values-ko.xml to /home/runner/work/ShizukuPlus/ShizukuPlus/shell/build/intermediates/merged_res/release/mergeReleaseResources/values-ko_values-ko.arsc.flat
build	Build with Gradle	2026-06-06T12:24:02.1863073Z Compiling XML table /home/runner/work/ShizukuPlus/ShizukuPlus/shell/build/intermediates/incremental/release/mergeReleaseResources/merged.dir/values-gu/values-gu.xml to /home/runner/work/ShizukuPlus/ShizukuPlus/shell/build/intermediates/merged_res/release/mergeReleaseResources/values-gu_values-gu.arsc.flat
build	Build with Gradle	2026-06-06T12:24:02.1866544Z Compiling XML table /home/runner/work/ShizukuPlus/ShizukuPlus/shell/build/intermediates/incremental/release/mergeReleaseResources/merged.dir/values-pa/values-pa.xml to /home/runner/work/ShizukuPlus/ShizukuPlus/shell/build/intermediates/merged_res/release/mergeReleaseResources/values-pa_values-pa.arsc.flat
build	Build with Gradle	2026-06-06T12:24:02.1870726Z Compiling XML table /home/runner/work/ShizukuPlus/ShizukuPlus/shell/build/intermediates/incremental/release/mergeReleaseResources/merged.dir/values-da/values-da.xml to /home/runner/work/ShizukuPlus/ShizukuPlus/shell/build/intermediates/merged_res/release/mergeReleaseResources/values-da_values-da.arsc.flat
build	Build with Gradle	2026-06-06T12:24:02.1875458Z Compiling XML table /home/runner/work/ShizukuPlus/ShizukuPlus/shell/build/intermediates/incremental/release/mergeReleaseResources/merged.dir/values-de/values-de.xml to /home/runner/work/ShizukuPlus/ShizukuPlus/shell/build/intermediates/merged_res/release/mergeReleaseResources/values-de_values-de.arsc.flat
build	Build with Gradle	2026-06-06T12:24:02.1880010Z Compiling XML table /home/runner/work/ShizukuPlus/ShizukuPlus/shell/build/intermediates/incremental/release/mergeReleaseResources/merged.dir/values-lt/values-lt.xml to /home/runner/work/ShizukuPlus/ShizukuPlus/shell/build/intermediates/merged_res/release/mergeReleaseResources/values-lt_values-lt.arsc.flat
build	Build with Gradle	2026-06-06T12:24:02.1883215Z Compiling XML table /home/runner/work/ShizukuPlus/ShizukuPlus/shell/build/intermediates/incremental/release/mergeReleaseResources/merged.dir/values-hi/values-hi.xml to /home/runner/work/ShizukuPlus/ShizukuPlus/shell/build/intermediates/merged_res/release/mergeReleaseResources/values-hi_values-hi.arsc.flat
build	Build with Gradle	2026-06-06T12:24:02.1886558Z Compiling XML table /home/runner/work/ShizukuPlus/ShizukuPlus/shell/build/intermediates/incremental/release/mergeReleaseResources/merged.dir/values-en-rIN/values-en-rIN.xml to /home/runner/work/ShizukuPlus/ShizukuPlus/shell/build/intermediates/merged_res/release/mergeReleaseResources/values-en-rIN_values-en-rIN.arsc.flat
build	Build with Gradle	2026-06-06T12:24:02.1890296Z Compiling XML table /home/runner/work/ShizukuPlus/ShizukuPlus/shell/build/intermediates/incremental/release/mergeReleaseResources/merged.dir/values-mk/values-mk.xml to /home/runner/work/ShizukuPlus/ShizukuPlus/shell/build/intermediates/merged_res/release/mergeReleaseResources/values-mk_values-mk.arsc.flat
build	Build with Gradle	2026-06-06T12:24:02.1894319Z Compiling XML table /home/runner/work/ShizukuPlus/ShizukuPlus/shell/build/intermediates/incremental/release/mergeReleaseResources/merged.dir/values-fr-rCA/values-fr-rCA.xml to /home/runner/work/ShizukuPlus/ShizukuPlus/shell/build/intermediates/merged_res/release/mergeReleaseResources/values-fr-rCA_values-fr-rCA.arsc.flat
build	Build with Gradle	2026-06-06T12:24:02.1898782Z Compiling XML table /home/runner/work/ShizukuPlus/ShizukuPlus/shell/build/intermediates/incremental/release/mergeReleaseResources/merged.dir/values-hr/values-hr.xml to /home/runner/work/ShizukuPlus/ShizukuPlus/shell/build/intermediates/merged_res/release/mergeReleaseResources/values-hr_values-hr.arsc.flat
build	Build with Gradle	2026-06-06T12:24:02.1940361Z Compiling XML table /home/runner/work/ShizukuPlus/ShizukuPlus/shell/build/intermediates/incremental/release/mergeReleaseResources/merged.dir/values-ms/values-ms.xml to /home/runner/work/ShizukuPlus/ShizukuPlus/shell/build/intermediates/merged_res/release/mergeReleaseResources/values-ms_values-ms.arsc.flat
build	Build with Gradle	2026-06-06T12:24:02.1948891Z Compiling XML table /home/runner/work/ShizukuPlus/ShizukuPlus/shell/build/intermediates/incremental/release/mergeReleaseResources/merged.dir/values-hy/values-hy.xml to /home/runner/work/ShizukuPlus/ShizukuPlus/shell/build/intermediates/merged_res/release/mergeReleaseResources/values-hy_values-hy.arsc.flat
build	Build with Gradle	2026-06-06T12:24:02.1980223Z Compiling XML table /home/runner/work/ShizukuPlus/ShizukuPlus/shell/build/intermediates/incremental/release/mergeReleaseResources/merged.dir/values-is/values-is.xml to /home/runner/work/ShizukuPlus/ShizukuPlus/shell/build/intermediates/merged_res/release/mergeReleaseResources/values-is_values-is.arsc.flat
build	Build with Gradle	2026-06-06T12:24:02.2009710Z Compiling XML table /home/runner/work/ShizukuPlus/ShizukuPlus/shell/build/intermediates/incremental/release/mergeReleaseResources/merged.dir/values-iw/values-iw.xml to /home/runner/work/ShizukuPlus/ShizukuPlus/shell/build/intermediates/merged_res/release/mergeReleaseResources/values-iw_values-iw.arsc.flat
build	Build with Gradle	2026-06-06T12:24:02.2040272Z Compiling XML table /home/runner/work/ShizukuPlus/ShizukuPlus/shell/build/intermediates/incremental/release/mergeReleaseResources/merged.dir/values-eu/values-eu.xml to /home/runner/work/ShizukuPlus/ShizukuPlus/shell/build/intermediates/merged_res/release/mergeReleaseResources/values-eu_values-eu.arsc.flat
build	Build with Gradle	2026-06-06T12:24:02.2069328Z Compiling XML table /home/runner/work/ShizukuPlus/ShizukuPlus/shell/build/intermediates/incremental/release/mergeReleaseResources/merged.dir/values-nb/values-nb.xml to /home/runner/work/ShizukuPlus/ShizukuPlus/shell/build/intermediates/merged_res/release/mergeReleaseResources/values-nb_values-nb.arsc.flat
build	Build with Gradle	2026-06-06T12:24:02.2078596Z Compiling XML table /home/runner/work/ShizukuPlus/ShizukuPlus/shell/build/intermediates/incremental/release/mergeReleaseResources/merged.dir/values-ja/values-ja.xml to /home/runner/work/ShizukuPlus/ShizukuPlus/shell/build/intermediates/merged_res/release/mergeReleaseResources/values-ja_values-ja.arsc.flat
build	Build with Gradle	2026-06-06T12:24:02.2083628Z Compiling XML table /home/runner/work/ShizukuPlus/ShizukuPlus/shell/build/intermediates/incremental/release/mergeReleaseResources/merged.dir/values-fa/values-fa.xml to /home/runner/work/ShizukuPlus/ShizukuPlus/shell/build/intermediates/merged_res/release/mergeReleaseResources/values-fa_values-fa.arsc.flat
build	Build with Gradle	2026-06-06T12:24:02.2087769Z Compiling XML table /home/runner/work/ShizukuPlus/ShizukuPlus/shell/build/intermediates/incremental/release/mergeReleaseResources/merged.dir/values-be/values-be.xml to /home/runner/work/ShizukuPlus/ShizukuPlus/shell/build/intermediates/merged_res/release/mergeReleaseResources/values-be_values-be.arsc.flat
build	Build with Gradle	2026-06-06T12:24:02.2092391Z Compiling XML table /home/runner/work/ShizukuPlus/ShizukuPlus/shell/build/intermediates/incremental/release/mergeReleaseResources/merged.dir/values-ml/values-ml.xml to /home/runner/work/ShizukuPlus/ShizukuPlus/shell/build/intermediates/merged_res/release/mergeReleaseResources/values-ml_values-ml.arsc.flat
build	Build with Gradle	2026-06-06T12:24:02.2097271Z Compiling XML table /home/runner/work/ShizukuPlus/ShizukuPlus/shell/build/intermediates/incremental/release/mergeReleaseResources/merged.dir/values-bg/values-bg.xml to /home/runner/work/ShizukuPlus/ShizukuPlus/shell/build/intermediates/merged_res/release/mergeReleaseResources/values-bg_values-bg.arsc.flat
build	Build with Gradle	2026-06-06T12:24:02.2102198Z Compiling XML table /home/runner/work/ShizukuPlus/ShizukuPlus/shell/build/intermediates/incremental/release/mergeReleaseResources/merged.dir/values-af/values-af.xml to /home/runner/work/ShizukuPlus/ShizukuPlus/shell/build/intermediates/merged_res/release/mergeReleaseResources/values-af_values-af.arsc.flat
build	Build with Gradle	2026-06-06T12:24:02.2106975Z Compiling XML table /home/runner/work/ShizukuPlus/ShizukuPlus/shell/build/intermediates/incremental/release/mergeReleaseResources/merged.dir/values-en-rCA/values-en-rCA.xml to /home/runner/work/ShizukuPlus/ShizukuPlus/shell/build/intermediates/merged_res/release/mergeReleaseResources/values-en-rCA_values-en-rCA.arsc.flat
build	Build with Gradle	2026-06-06T12:24:02.2122439Z Compiling XML table /home/runner/work/ShizukuPlus/ShizukuPlus/shell/build/intermediates/incremental/release/mergeReleaseResources/merged.dir/values-sk/values-sk.xml to /home/runner/work/ShizukuPlus/ShizukuPlus/shell/build/intermediates/merged_res/release/mergeReleaseResources/values-sk_values-sk.arsc.flat
build	Build with Gradle	2026-06-06T12:24:02.2133669Z Compiling XML table /home/runner/work/ShizukuPlus/ShizukuPlus/shell/build/intermediates/incremental/release/mergeReleaseResources/merged.dir/values-sr/values-sr.xml to /home/runner/work/ShizukuPlus/ShizukuPlus/shell/build/intermediates/merged_res/release/mergeReleaseResources/values-sr_values-sr.arsc.flat
build	Build with Gradle	2026-06-06T12:24:02.2150763Z Compiling XML table /home/runner/work/ShizukuPlus/ShizukuPlus/shell/build/intermediates/incremental/release/mergeReleaseResources/merged.dir/values-or/values-or.xml to /home/runner/work/ShizukuPlus/ShizukuPlus/shell/build/intermediates/merged_res/release/mergeReleaseResources/values-or_values-or.arsc.flat
build	Build with Gradle	2026-06-06T12:24:02.2156188Z Compiling XML table /home/runner/work/ShizukuPlus/ShizukuPlus/shell/build/intermediates/incremental/release/mergeReleaseResources/merged.dir/values-gl/values-gl.xml to /home/runner/work/ShizukuPlus/ShizukuPlus/shell/build/intermediates/merged_res/release/mergeReleaseResources/values-gl_values-gl.arsc.flat
build	Build with Gradle	2026-06-06T12:24:02.2161730Z Compiling XML table /home/runner/work/ShizukuPlus/ShizukuPlus/shell/build/intermediates/incremental/release/mergeReleaseResources/merged.dir/values-el/values-el.xml to /home/runner/work/ShizukuPlus/ShizukuPlus/shell/build/intermediates/merged_res/release/mergeReleaseResources/values-el_values-el.arsc.flat
build	Build with Gradle	2026-06-06T12:24:02.2220048Z Compiling XML table /home/runner/work/ShizukuPlus/ShizukuPlus/shell/build/intermediates/incremental/release/mergeReleaseResources/merged.dir/values-pt-rBR/values-pt-rBR.xml to /home/runner/work/ShizukuPlus/ShizukuPlus/shell/build/intermediates/merged_res/release/mergeReleaseResources/values-pt-rBR_values-pt-rBR.arsc.flat
build	Build with Gradle	2026-06-06T12:24:02.2225038Z Compiling XML table /home/runner/work/ShizukuPlus/ShizukuPlus/shell/build/intermediates/incremental/release/mergeReleaseResources/merged.dir/values-it/values-it.xml to /home/runner/work/ShizukuPlus/ShizukuPlus/shell/build/intermediates/merged_res/release/mergeReleaseResources/values-it_values-it.arsc.flat
build	Build with Gradle	2026-06-06T12:24:02.2260525Z Compiling XML table /home/runner/work/ShizukuPlus/ShizukuPlus/shell/build/intermediates/incremental/release/mergeReleaseResources/merged.dir/values-th/values-th.xml to /home/runner/work/ShizukuPlus/ShizukuPlus/shell/build/intermediates/merged_res/release/mergeReleaseResources/values-th_values-th.arsc.flat
build	Build with Gradle	2026-06-06T12:24:02.2293242Z Compiling XML table /home/runner/work/ShizukuPlus/ShizukuPlus/shell/build/intermediates/incremental/release/mergeReleaseResources/merged.dir/values-tr/values-tr.xml to /home/runner/work/ShizukuPlus/ShizukuPlus/shell/build/intermediates/merged_res/release/mergeReleaseResources/values-tr_values-tr.arsc.flat
build	Build with Gradle	2026-06-06T12:24:02.2330241Z Compiling XML table /home/runner/work/ShizukuPlus/ShizukuPlus/shell/build/intermediates/incremental/release/mergeReleaseResources/merged.dir/values-b+sr+Latn/values-b+sr+Latn.xml to /home/runner/work/ShizukuPlus/ShizukuPlus/shell/build/intermediates/merged_res/release/mergeReleaseResources/values-b+sr+Latn_values-b+sr+Latn.arsc.flat
build	Build with Gradle	2026-06-06T12:24:02.2371507Z Compiling XML table /home/runner/work/ShizukuPlus/ShizukuPlus/shell/build/intermediates/incremental/release/mergeReleaseResources/merged.dir/values-ar/values-ar.xml to /home/runner/work/ShizukuPlus/ShizukuPlus/shell/build/intermediates/merged_res/release/mergeReleaseResources/values-ar_values-ar.arsc.flat
build	Build with Gradle	2026-06-06T12:24:02.2393237Z Compiling XML table /home/runner/work/ShizukuPlus/ShizukuPlus/shell/build/intermediates/incremental/release/mergeReleaseResources/merged.dir/values-v21/values-v21.xml to /home/runner/work/ShizukuPlus/ShizukuPlus/shell/build/intermediates/merged_res/release/mergeReleaseResources/values-v21_values-v21.arsc.flat
build	Build with Gradle	2026-06-06T12:24:02.2422184Z Compiling XML table /home/runner/work/ShizukuPlus/ShizukuPlus/shell/build/intermediates/incremental/release/mergeReleaseResources/merged.dir/values-az/values-az.xml to /home/runner/work/ShizukuPlus/ShizukuPlus/shell/build/intermediates/merged_res/release/mergeReleaseResources/values-az_values-az.arsc.flat
build	Build with Gradle	2026-06-06T12:24:02.2443824Z Compiling XML table /home/runner/work/ShizukuPlus/ShizukuPlus/shell/build/intermediates/incremental/release/mergeReleaseResources/merged.dir/values-ro/values-ro.xml to /home/runner/work/ShizukuPlus/ShizukuPlus/shell/build/intermediates/merged_res/release/mergeReleaseResources/values-ro_values-ro.arsc.flat
build	Build with Gradle	2026-06-06T12:24:02.2468295Z Compiling XML table /home/runner/work/ShizukuPlus/ShizukuPlus/shell/build/intermediates/incremental/release/mergeReleaseResources/merged.dir/values-fi/values-fi.xml to /home/runner/work/ShizukuPlus/ShizukuPlus/shell/build/intermediates/merged_res/release/mergeReleaseResources/values-fi_values-fi.arsc.flat
build	Build with Gradle	2026-06-06T12:24:02.2513130Z Compiling XML table /home/runner/work/ShizukuPlus/ShizukuPlus/shell/build/intermediates/incremental/release/mergeReleaseResources/merged.dir/values-fr/values-fr.xml to /home/runner/work/ShizukuPlus/ShizukuPlus/shell/build/intermediates/merged_res/release/mergeReleaseResources/values-fr_values-fr.arsc.flat
build	Build with Gradle	2026-06-06T12:24:02.2543866Z Compiling XML table /home/runner/work/ShizukuPlus/ShizukuPlus/shell/build/intermediates/incremental/release/mergeReleaseResources/merged.dir/values-en-rGB/values-en-rGB.xml to /home/runner/work/ShizukuPlus/ShizukuPlus/shell/build/intermediates/merged_res/release/mergeReleaseResources/values-en-rGB_values-en-rGB.arsc.flat
build	Build with Gradle	2026-06-06T12:24:02.2568481Z Compiling XML table /home/runner/work/ShizukuPlus/ShizukuPlus/shell/build/intermediates/incremental/release/mergeReleaseResources/merged.dir/values-sl/values-sl.xml to /home/runner/work/ShizukuPlus/ShizukuPlus/shell/build/intermediates/merged_res/release/mergeReleaseResources/values-sl_values-sl.arsc.flat
build	Build with Gradle	2026-06-06T12:24:02.2590934Z Compiling XML table /home/runner/work/ShizukuPlus/ShizukuPlus/shell/build/intermediates/incremental/release/mergeReleaseResources/merged.dir/values-kk/values-kk.xml to /home/runner/work/ShizukuPlus/ShizukuPlus/shell/build/intermediates/merged_res/release/mergeReleaseResources/values-kk_values-kk.arsc.flat
build	Build with Gradle	2026-06-06T12:24:02.2594544Z Compiling XML table /home/runner/work/ShizukuPlus/ShizukuPlus/shell/build/intermediates/incremental/release/mergeReleaseResources/merged.dir/values-sv/values-sv.xml to /home/runner/work/ShizukuPlus/ShizukuPlus/shell/build/intermediates/merged_res/release/mergeReleaseResources/values-sv_values-sv.arsc.flat
build	Build with Gradle	2026-06-06T12:24:02.2598653Z Compiling XML table /home/runner/work/ShizukuPlus/ShizukuPlus/shell/build/intermediates/incremental/release/mergeReleaseResources/merged.dir/values-ta/values-ta.xml to /home/runner/work/ShizukuPlus/ShizukuPlus/shell/build/intermediates/merged_res/release/mergeReleaseResources/values-ta_values-ta.arsc.flat
build	Build with Gradle	2026-06-06T12:24:02.2602571Z Compiling XML table /home/runner/work/ShizukuPlus/ShizukuPlus/shell/build/intermediates/incremental/release/mergeReleaseResources/merged.dir/values-cs/values-cs.xml to /home/runner/work/ShizukuPlus/ShizukuPlus/shell/build/intermediates/merged_res/release/mergeReleaseResources/values-cs_values-cs.arsc.flat
build	Build with Gradle	2026-06-06T12:24:02.2607734Z Compiling XML table /home/runner/work/ShizukuPlus/ShizukuPlus/shell/build/intermediates/incremental/release/mergeReleaseResources/merged.dir/values-tl/values-tl.xml to /home/runner/work/ShizukuPlus/ShizukuPlus/shell/build/intermediates/merged_res/release/mergeReleaseResources/values-tl_values-tl.arsc.flat
build	Build with Gradle	2026-06-06T12:24:02.2612034Z Compiling XML table /home/runner/work/ShizukuPlus/ShizukuPlus/shell/build/intermediates/incremental/release/mergeReleaseResources/merged.dir/values-en-rAU/values-en-rAU.xml to /home/runner/work/ShizukuPlus/ShizukuPlus/shell/build/intermediates/merged_res/release/mergeReleaseResources/values-en-rAU_values-en-rAU.arsc.flat
build	Build with Gradle	2026-06-06T12:24:02.2614832Z Stored cache entry for task ':shell:mergeReleaseResources' with cache key 421ff91cd54bd593a88ce9efea2bf7f8
build	Build with Gradle	2026-06-06T12:24:02.2616183Z Resolve mutations for :core:ui:dataBindingGenBaseClassesRelease (Thread[#160,Execution worker,5,main]) started.
build	Build with Gradle	2026-06-06T12:24:02.2617590Z :core:ui:dataBindingGenBaseClassesRelease (Thread[#160,Execution worker,5,main]) started.
build	Build with Gradle	2026-06-06T12:24:02.2749240Z 
build	Build with Gradle	2026-06-06T12:24:02.2750111Z > Task :shell:processReleaseManifest
build	Build with Gradle	2026-06-06T12:24:02.2751365Z Build cache key for task ':shell:processReleaseManifest' is 027b698923328d51424424ca36f1f6e8
build	Build with Gradle	2026-06-06T12:24:02.2753775Z Task ':shell:processReleaseManifest' is not up-to-date because:
build	Build with Gradle	2026-06-06T12:24:02.2754665Z   No history is available.
build	Build with Gradle	2026-06-06T12:24:02.2755625Z Stored cache entry for task ':shell:processReleaseManifest' with cache key 027b698923328d51424424ca36f1f6e8
build	Build with Gradle	2026-06-06T12:24:02.2757057Z Resolve mutations for :shell:processReleaseManifestForPackage (Thread[#159,included builds,5,main]) started.
build	Build with Gradle	2026-06-06T12:24:02.2758915Z :shell:processReleaseManifestForPackage (Thread[#159,included builds,5,main]) started.
build	Build with Gradle	2026-06-06T12:24:02.2759953Z 
build	Build with Gradle	2026-06-06T12:24:02.2760330Z > Task :rish:configureCMakeRelWithDebInfo[arm64-v8a]
build	Build with Gradle	2026-06-06T12:24:02.2761110Z "Install CMake 3.22.1 v.3.22.1" ready.
build	Build with Gradle	2026-06-06T12:24:02.2761820Z Installing CMake 3.22.1 in /usr/local/lib/android/sdk/cmake/3.22.1
build	Build with Gradle	2026-06-06T12:24:02.2762789Z "Install CMake 3.22.1 v.3.22.1" complete.
build	Build with Gradle	2026-06-06T12:24:02.2763452Z "Install CMake 3.22.1 v.3.22.1" finished.
build	Build with Gradle	2026-06-06T12:24:02.3759555Z Caching disabled for ExtractAarTransform: /home/runner/.gradle/caches/modules-2/files-2.1/org.lsposed.libcxx/libcxx/27.0.12077973/e3fc896e571505616fed71241993605ca693f476/libcxx-27.0.12077973.aar because:
build	Build with Gradle	2026-06-06T12:24:02.3779211Z   Caching not enabled.
build	Build with Gradle	2026-06-06T12:24:02.3817789Z 
build	Build with Gradle	2026-06-06T12:24:02.3818419Z > Task :shell:processReleaseManifestForPackage
build	Build with Gradle	2026-06-06T12:24:02.3819362Z Custom actions are attached to task ':shell:processReleaseManifestForPackage'.
build	Build with Gradle	2026-06-06T12:24:02.3820622Z Build cache key for task ':shell:processReleaseManifestForPackage' is 1510da8f44e605484a7d4af69a678d24
build	Build with Gradle	2026-06-06T12:24:02.3821996Z Task ':shell:processReleaseManifestForPackage' is not up-to-date because:
build	Build with Gradle	2026-06-06T12:24:02.3822873Z   No history is available.
build	Build with Gradle	2026-06-06T12:24:02.3823948Z Stored cache entry for task ':shell:processReleaseManifestForPackage' with cache key 1510da8f44e605484a7d4af69a678d24
build	Build with Gradle	2026-06-06T12:24:02.3825359Z Resolve mutations for :shell:processReleaseResources (Thread[#159,included builds,5,main]) started.
build	Build with Gradle	2026-06-06T12:24:02.3826524Z :shell:processReleaseResources (Thread[#159,included builds,5,main]) started.
build	Build with Gradle	2026-06-06T12:24:02.5773384Z 
build	Build with Gradle	2026-06-06T12:24:02.5828831Z > Task :common:compileReleaseJavaWithJavac
build	Build with Gradle	2026-06-06T12:24:02.5859328Z Caching disabled for AarToClassTransform: /home/runner/.gradle/caches/modules-2/files-2.1/com.jakewharton.timber/timber/5.0.1/661f0d6dd1c4152b26c01322bf6273a1eb206e26/timber-5.0.1.aar because:
build	Build with Gradle	2026-06-06T12:24:02.5861085Z   Caching not enabled.
build	Build with Gradle	2026-06-06T12:24:02.5909283Z Caching disabled for AarToClassTransform: /home/runner/.gradle/caches/modules-2/files-2.1/dev.rikka.hidden/stub/4.4.0/df912c6e28a5f3bdb70b92f3a2ed0f62d3e7595c/stub-4.4.0.aar because:
build	Build with Gradle	2026-06-06T12:24:02.5918335Z   Caching not enabled.
build	Build with Gradle	2026-06-06T12:24:02.5939229Z Caching disabled for IdentityTransform: /home/runner/.gradle/caches/modules-2/files-2.1/org.jetbrains.kotlin/kotlin-stdlib/1.9.24/9928532f12c66ad816a625b3f9984f8368ca6d2b/kotlin-stdlib-1.9.24.jar because:
build	Build with Gradle	2026-06-06T12:24:02.5968141Z   Caching not enabled.
build	Build with Gradle	2026-06-06T12:24:02.5999220Z Caching disabled for IdentityTransform: /home/runner/.gradle/caches/modules-2/files-2.1/org.jetbrains/annotations/20.1.0/2fcd1f3225bca0c4a7bc931142076f8c1e80993f/annotations-20.1.0.jar because:
build	Build with Gradle	2026-06-06T12:24:02.6001015Z   Caching not enabled.
build	Build with Gradle	2026-06-06T12:24:02.6028914Z Build cache key for JdkImageTransform: /usr/local/lib/android/sdk/platforms/android-35/core-for-system-modules.jar is b66fc8202fa82e7e89ad355d3fab2df4
build	Build with Gradle	2026-06-06T12:24:02.6059208Z Starting process 'command '/usr/lib/jvm/temurin-21-jdk-amd64/bin/jlink''. Working directory: /home/runner/work/ShizukuPlus/ShizukuPlus/common Command: /usr/lib/jvm/temurin-21-jdk-amd64/bin/jlink --version
build	Build with Gradle	2026-06-06T12:24:02.6088555Z Successfully started process 'command '/usr/lib/jvm/temurin-21-jdk-amd64/bin/jlink''
build	Build with Gradle	2026-06-06T12:24:02.6121761Z Starting process 'command '/usr/lib/jvm/temurin-21-jdk-amd64/bin/javac''. Working directory: /home/runner/work/ShizukuPlus/ShizukuPlus/common Command: /usr/lib/jvm/temurin-21-jdk-amd64/bin/javac --system=none --patch-module=java.base=/usr/local/lib/android/sdk/platforms/android-35/core-for-system-modules.jar -d /home/runner/.gradle/caches/8.14/transforms/9536f002a0232ef2570e6afe2c5408c0-711251d5-778c-48a6-b691-6722f9fbdabd/transformed/output/temp /home/runner/.gradle/caches/8.14/transforms/9536f002a0232ef2570e6afe2c5408c0-711251d5-778c-48a6-b691-6722f9fbdabd/transformed/output/temp/module-info.java
build	Build with Gradle	2026-06-06T12:24:02.6126503Z Successfully started process 'command '/usr/lib/jvm/temurin-21-jdk-amd64/bin/javac''
build	Build with Gradle	2026-06-06T12:24:02.8755781Z Starting process 'command '/usr/lib/jvm/temurin-21-jdk-amd64/bin/jmod''. Working directory: /home/runner/work/ShizukuPlus/ShizukuPlus/common Command: /usr/lib/jvm/temurin-21-jdk-amd64/bin/jmod create --module-version 21 --target-platform LINUX-OTHER --class-path /home/runner/.gradle/caches/8.14/transforms/9536f002a0232ef2570e6afe2c5408c0-711251d5-778c-48a6-b691-6722f9fbdabd/transformed/output/temp/module.jar /home/runner/.gradle/caches/8.14/transforms/9536f002a0232ef2570e6afe2c5408c0-711251d5-778c-48a6-b691-6722f9fbdabd/transformed/output/temp/jmod/java.base.jmod
build	Build with Gradle	2026-06-06T12:24:02.9750332Z Successfully started process 'command '/usr/lib/jvm/temurin-21-jdk-amd64/bin/jmod''
build	Build with Gradle	2026-06-06T12:24:03.2758021Z 
build	Build with Gradle	2026-06-06T12:24:03.2788453Z > Task :shell:processReleaseResources
build	Build with Gradle	2026-06-06T12:24:03.2790511Z Caching disabled for Aapt2Extractor: /home/runner/.gradle/caches/modules-2/files-2.1/com.android.tools.build/aapt2/8.11.1-12782657/475b43546b17fc0cbb9d0bedea1cc79d8a9be17b/aapt2-8.11.1-12782657-linux.jar because:
build	Build with Gradle	2026-06-06T12:24:03.2818442Z   Caching not enabled.
build	Build with Gradle	2026-06-06T12:24:03.2849502Z Build cache key for AarResourcesCompilerTransform: /home/runner/.gradle/caches/8.14/transforms/4b91b30cdde5ec990d4144c4990f3981/transformed/parcelablelist-2.0.1-release is 5c26a6958f08e60120c7bff8bc4b80ab
build	Build with Gradle	2026-06-06T12:24:03.2879656Z Stored cache entry for AarResourcesCompilerTransform: /home/runner/.gradle/caches/8.14/transforms/4b91b30cdde5ec990d4144c4990f3981/transformed/parcelablelist-2.0.1-release with cache key 5c26a6958f08e60120c7bff8bc4b80ab
build	Build with Gradle	2026-06-06T12:24:03.2899423Z Build cache key for AarResourcesCompilerTransform: /home/runner/.gradle/caches/8.14/transforms/15a46fdad85d2cb7e7c637ba2a744a05/transformed/interpolator-1.0.0 is d9ffa026a2ff106171a66b0dfeca006f
build	Build with Gradle	2026-06-06T12:24:03.2909645Z Stored cache entry for AarResourcesCompilerTransform: /home/runner/.gradle/caches/8.14/transforms/15a46fdad85d2cb7e7c637ba2a744a05/transformed/interpolator-1.0.0 with cache key d9ffa026a2ff106171a66b0dfeca006f
build	Build with Gradle	2026-06-06T12:24:03.2939589Z Build cache key for AarResourcesCompilerTransform: /home/runner/.gradle/caches/8.14/transforms/0187bb9b76f6cb89cb6648998d3bb365/transformed/lifecycle-runtime-2.6.2 is b58deead1ecaa5dab81612b553673d14
build	Build with Gradle	2026-06-06T12:24:03.2968771Z Stored cache entry for AarResourcesCompilerTransform: /home/runner/.gradle/caches/8.14/transforms/0187bb9b76f6cb89cb6648998d3bb365/transformed/lifecycle-runtime-2.6.2 with cache key b58deead1ecaa5dab81612b553673d14
build	Build with Gradle	2026-06-06T12:24:03.2971520Z Build cache key for AarResourcesCompilerTransform: /home/runner/.gradle/caches/8.14/transforms/fc7c287dc22d61ab46eb288863ba67f7/transformed/profileinstaller-1.3.0 is af06c172c9cb742b4b30e05e03cedc80
build	Build with Gradle	2026-06-06T12:24:03.2974285Z Stored cache entry for AarResourcesCompilerTransform: /home/runner/.gradle/caches/8.14/transforms/fc7c287dc22d61ab46eb288863ba67f7/transformed/profileinstaller-1.3.0 with cache key af06c172c9cb742b4b30e05e03cedc80
build	Build with Gradle	2026-06-06T12:24:03.2976799Z Build cache key for AarResourcesCompilerTransform: /home/runner/.gradle/caches/8.14/transforms/c3f1fba07658b0b59e408933ad000cab/transformed/startup-runtime-1.1.1 is dfdf33dea94a75b9737ea843d5799df6
build	Build with Gradle	2026-06-06T12:24:03.2979371Z Stored cache entry for AarResourcesCompilerTransform: /home/runner/.gradle/caches/8.14/transforms/c3f1fba07658b0b59e408933ad000cab/transformed/startup-runtime-1.1.1 with cache key dfdf33dea94a75b9737ea843d5799df6
build	Build with Gradle	2026-06-06T12:24:03.2981876Z Build cache key for AarResourcesCompilerTransform: /home/runner/.gradle/caches/8.14/transforms/ac9c2613db74d91f76d389a55de09aeb/transformed/tracing-1.2.0 is 53c5d28bd724e5bda62735826472b418
build	Build with Gradle	2026-06-06T12:24:03.2984671Z Stored cache entry for AarResourcesCompilerTransform: /home/runner/.gradle/caches/8.14/transforms/ac9c2613db74d91f76d389a55de09aeb/transformed/tracing-1.2.0 with cache key 53c5d28bd724e5bda62735826472b418
build	Build with Gradle	2026-06-06T12:24:03.2987218Z Build cache key for AarResourcesCompilerTransform: /home/runner/.gradle/caches/8.14/transforms/eec55b2add6457c8fb902795cbf8eedc/transformed/versionedparcelable-1.1.1 is 13bd5a3324049f2c547389e2f6e5c68a
build	Build with Gradle	2026-06-06T12:24:03.2998948Z Stored cache entry for AarResourcesCompilerTransform: /home/runner/.gradle/caches/8.14/transforms/eec55b2add6457c8fb902795cbf8eedc/transformed/versionedparcelable-1.1.1 with cache key 13bd5a3324049f2c547389e2f6e5c68a
build	Build with Gradle	2026-06-06T12:24:03.3001856Z Build cache key for AarResourcesCompilerTransform: /home/runner/.gradle/caches/8.14/transforms/9a0af10b7d6a004c0dde0da7908916e8/transformed/core-runtime-2.2.0 is a677b80ca186a4a7dce34f53ef0d1b23
build	Build with Gradle	2026-06-06T12:24:03.3004456Z Stored cache entry for AarResourcesCompilerTransform: /home/runner/.gradle/caches/8.14/transforms/9a0af10b7d6a004c0dde0da7908916e8/transformed/core-runtime-2.2.0 with cache key a677b80ca186a4a7dce34f53ef0d1b23
build	Build with Gradle	2026-06-06T12:24:03.3006999Z Build cache key for AarResourcesCompilerTransform: /home/runner/.gradle/caches/8.14/transforms/b63ec3c1af75a7e3e11e00b71c5d2f13/transformed/annotation-experimental-1.4.1 is 04c655178dea320c36c5f78d21738f77
build	Build with Gradle	2026-06-06T12:24:03.3009864Z Stored cache entry for AarResourcesCompilerTransform: /home/runner/.gradle/caches/8.14/transforms/b63ec3c1af75a7e3e11e00b71c5d2f13/transformed/annotation-experimental-1.4.1 with cache key 04c655178dea320c36c5f78d21738f77
build	Build with Gradle	2026-06-06T12:24:03.3012352Z Build cache key for AarResourcesCompilerTransform: /home/runner/.gradle/caches/8.14/transforms/a203a862f516367cac65cc0033ada510/transformed/core-viewtree-1.0.0 is a1ad0402f8580e495c8db7af80104182
build	Build with Gradle	2026-06-06T12:24:03.3014665Z Stored cache entry for AarResourcesCompilerTransform: /home/runner/.gradle/caches/8.14/transforms/a203a862f516367cac65cc0033ada510/transformed/core-viewtree-1.0.0 with cache key a1ad0402f8580e495c8db7af80104182
build	Build with Gradle	2026-06-06T12:24:03.3016741Z Build cache key for AarResourcesCompilerTransform: /home/runner/.gradle/caches/8.14/transforms/93e5dd5bd02503c2c463051d8428f6c3/transformed/compat-4.4.0 is 3cb851f3f313b15756d495719beab3bd
build	Build with Gradle	2026-06-06T12:24:03.3019242Z Stored cache entry for AarResourcesCompilerTransform: /home/runner/.gradle/caches/8.14/transforms/93e5dd5bd02503c2c463051d8428f6c3/transformed/compat-4.4.0 with cache key 3cb851f3f313b15756d495719beab3bd
build	Build with Gradle	2026-06-06T12:24:03.3021864Z Build cache key for AarResourcesCompilerTransform: /home/runner/.gradle/caches/8.14/transforms/d90402c4b85ec72d1d4a6e1bb45ac913/transformed/buildcompat-34.0.1 is a458b57b00feea4673cd6ea29186ffbe
build	Build with Gradle	2026-06-06T12:24:03.3024447Z Stored cache entry for AarResourcesCompilerTransform: /home/runner/.gradle/caches/8.14/transforms/d90402c4b85ec72d1d4a6e1bb45ac913/transformed/buildcompat-34.0.1 with cache key a458b57b00feea4673cd6ea29186ffbe
build	Build with Gradle	2026-06-06T12:24:03.3027326Z Build cache key for AarResourcesCompilerTransform: /home/runner/.gradle/caches/8.14/transforms/a18f3e8414f2ba4eb382dd01375ab089/transformed/core-1.16.0 is 6396979601b603bdd89c96310ffd8847
build	Build with Gradle	2026-06-06T12:24:03.3031003Z Compiling xml file /home/runner/.gradle/caches/8.14/transforms/a18f3e8414f2ba4eb382dd01375ab089/transformed/core-1.16.0/res/layout/notification_template_part_time.xml to /home/runner/.gradle/caches/8.14/transforms/fbd082ffaa1ecbd5c57c4527c32dfe5d-b93441dd-72da-4cf1-959e-e8e69651ae8e/transformed/androidx.core/layout_notification_template_part_time.xml.flat
build	Build with Gradle	2026-06-06T12:24:03.3035727Z Compiling xml file /home/runner/.gradle/caches/8.14/transforms/a18f3e8414f2ba4eb382dd01375ab089/transformed/core-1.16.0/res/layout/notification_template_part_chronometer.xml to /home/runner/.gradle/caches/8.14/transforms/fbd082ffaa1ecbd5c57c4527c32dfe5d-b93441dd-72da-4cf1-959e-e8e69651ae8e/transformed/androidx.core/layout_notification_template_part_chronometer.xml.flat
build	Build with Gradle	2026-06-06T12:24:03.3040208Z Compiling xml file /home/runner/.gradle/caches/8.14/transforms/a18f3e8414f2ba4eb382dd01375ab089/transformed/core-1.16.0/res/layout/custom_dialog.xml to /home/runner/.gradle/caches/8.14/transforms/fbd082ffaa1ecbd5c57c4527c32dfe5d-b93441dd-72da-4cf1-959e-e8e69651ae8e/transformed/androidx.core/layout_custom_dialog.xml.flat
build	Build with Gradle	2026-06-06T12:24:03.3044148Z Compiling xml file /home/runner/.gradle/caches/8.14/transforms/a18f3e8414f2ba4eb382dd01375ab089/transformed/core-1.16.0/res/layout/ime_base_split_test_activity.xml to /home/runner/.gradle/caches/8.14/transforms/fbd082ffaa1ecbd5c57c4527c32dfe5d-b93441dd-72da-4cf1-959e-e8e69651ae8e/transformed/androidx.core/layout_ime_base_split_test_activity.xml.flat
build	Build with Gradle	2026-06-06T12:24:03.3048934Z Compiling xml file /home/runner/.gradle/caches/8.14/transforms/a18f3e8414f2ba4eb382dd01375ab089/transformed/core-1.16.0/res/layout/ime_secondary_split_test_activity.xml to /home/runner/.gradle/caches/8.14/transforms/fbd082ffaa1ecbd5c57c4527c32dfe5d-b93441dd-72da-4cf1-959e-e8e69651ae8e/transformed/androidx.core/layout_ime_secondary_split_test_activity.xml.flat
build	Build with Gradle	2026-06-06T12:24:03.3053458Z Compiling xml file /home/runner/.gradle/caches/8.14/transforms/a18f3e8414f2ba4eb382dd01375ab089/transformed/core-1.16.0/res/drawable-v21/notification_action_background.xml to /home/runner/.gradle/caches/8.14/transforms/fbd082ffaa1ecbd5c57c4527c32dfe5d-b93441dd-72da-4cf1-959e-e8e69651ae8e/transformed/androidx.core/drawable-v21_notification_action_background.xml.flat
build	Build with Gradle	2026-06-06T12:24:03.3057865Z Compiling xml file /home/runner/.gradle/caches/8.14/transforms/a18f3e8414f2ba4eb382dd01375ab089/transformed/core-1.16.0/res/layout-v21/notification_template_custom_big.xml to /home/runner/.gradle/caches/8.14/transforms/fbd082ffaa1ecbd5c57c4527c32dfe5d-b93441dd-72da-4cf1-959e-e8e69651ae8e/transformed/androidx.core/layout-v21_notification_template_custom_big.xml.flat
build	Build with Gradle	2026-06-06T12:24:03.3062346Z Compiling xml file /home/runner/.gradle/caches/8.14/transforms/a18f3e8414f2ba4eb382dd01375ab089/transformed/core-1.16.0/res/layout-v21/notification_action.xml to /home/runner/.gradle/caches/8.14/transforms/fbd082ffaa1ecbd5c57c4527c32dfe5d-b93441dd-72da-4cf1-959e-e8e69651ae8e/transformed/androidx.core/layout-v21_notification_action.xml.flat
build	Build with Gradle	2026-06-06T12:24:03.3066332Z Compiling xml file /home/runner/.gradle/caches/8.14/transforms/a18f3e8414f2ba4eb382dd01375ab089/transformed/core-1.16.0/res/layout-v21/notification_action_tombstone.xml to /home/runner/.gradle/caches/8.14/transforms/fbd082ffaa1ecbd5c57c4527c32dfe5d-b93441dd-72da-4cf1-959e-e8e69651ae8e/transformed/androidx.core/layout-v21_notification_action_tombstone.xml.flat
build	Build with Gradle	2026-06-06T12:24:03.3071214Z Compiling xml file /home/runner/.gradle/caches/8.14/transforms/a18f3e8414f2ba4eb382dd01375ab089/transformed/core-1.16.0/res/layout-v21/notification_template_icon_group.xml to /home/runner/.gradle/caches/8.14/transforms/fbd082ffaa1ecbd5c57c4527c32dfe5d-b93441dd-72da-4cf1-959e-e8e69651ae8e/transformed/androidx.core/layout-v21_notification_template_icon_group.xml.flat
build	Build with Gradle	2026-06-06T12:24:03.3073852Z AAPT2 aapt2-8.11.1-12782657-linux Daemon #0: starting
build	Build with Gradle	2026-06-06T12:24:03.3076322Z Compiling xml file /home/runner/.gradle/caches/8.14/transforms/a18f3e8414f2ba4eb382dd01375ab089/transformed/core-1.16.0/res/drawable/ic_call_answer_video_low.xml to /home/runner/.gradle/caches/8.14/transforms/fbd082ffaa1ecbd5c57c4527c32dfe5d-b93441dd-72da-4cf1-959e-e8e69651ae8e/transformed/androidx.core/drawable_ic_call_answer_video_low.xml.flat
build	Build with Gradle	2026-06-06T12:24:03.3081259Z Compiling xml file /home/runner/.gradle/caches/8.14/transforms/a18f3e8414f2ba4eb382dd01375ab089/transformed/core-1.16.0/res/drawable/notification_bg.xml to /home/runner/.gradle/caches/8.14/transforms/fbd082ffaa1ecbd5c57c4527c32dfe5d-b93441dd-72da-4cf1-959e-e8e69651ae8e/transformed/androidx.core/drawable_notification_bg.xml.flat
build	Build with Gradle	2026-06-06T12:24:03.3085927Z Compiling xml file /home/runner/.gradle/caches/8.14/transforms/a18f3e8414f2ba4eb382dd01375ab089/transformed/core-1.16.0/res/drawable/ic_call_answer_video.xml to /home/runner/.gradle/caches/8.14/transforms/fbd082ffaa1ecbd5c57c4527c32dfe5d-b93441dd-72da-4cf1-959e-e8e69651ae8e/transformed/androidx.core/drawable_ic_call_answer_video.xml.flat
build	Build with Gradle	2026-06-06T12:24:03.3090679Z Compiling xml file /home/runner/.gradle/caches/8.14/transforms/a18f3e8414f2ba4eb382dd01375ab089/transformed/core-1.16.0/res/drawable/ic_call_answer.xml to /home/runner/.gradle/caches/8.14/transforms/fbd082ffaa1ecbd5c57c4527c32dfe5d-b93441dd-72da-4cf1-959e-e8e69651ae8e/transformed/androidx.core/drawable_ic_call_answer.xml.flat
build	Build with Gradle	2026-06-06T12:24:03.3094936Z Compiling xml file /home/runner/.gradle/caches/8.14/transforms/a18f3e8414f2ba4eb382dd01375ab089/transformed/core-1.16.0/res/drawable/ic_call_decline_low.xml to /home/runner/.gradle/caches/8.14/transforms/fbd082ffaa1ecbd5c57c4527c32dfe5d-b93441dd-72da-4cf1-959e-e8e69651ae8e/transformed/androidx.core/drawable_ic_call_decline_low.xml.flat
build	Build with Gradle	2026-06-06T12:24:03.3099704Z Compiling xml file /home/runner/.gradle/caches/8.14/transforms/a18f3e8414f2ba4eb382dd01375ab089/transformed/core-1.16.0/res/drawable/notification_icon_background.xml to /home/runner/.gradle/caches/8.14/transforms/fbd082ffaa1ecbd5c57c4527c32dfe5d-b93441dd-72da-4cf1-959e-e8e69651ae8e/transformed/androidx.core/drawable_notification_icon_background.xml.flat
build	Build with Gradle	2026-06-06T12:24:03.3104073Z Compiling xml file /home/runner/.gradle/caches/8.14/transforms/a18f3e8414f2ba4eb382dd01375ab089/transformed/core-1.16.0/res/drawable/notification_tile_bg.xml to /home/runner/.gradle/caches/8.14/transforms/fbd082ffaa1ecbd5c57c4527c32dfe5d-b93441dd-72da-4cf1-959e-e8e69651ae8e/transformed/androidx.core/drawable_notification_tile_bg.xml.flat
build	Build with Gradle	2026-06-06T12:24:03.3108329Z Compiling xml file /home/runner/.gradle/caches/8.14/transforms/a18f3e8414f2ba4eb382dd01375ab089/transformed/core-1.16.0/res/drawable/ic_call_decline.xml to /home/runner/.gradle/caches/8.14/transforms/fbd082ffaa1ecbd5c57c4527c32dfe5d-b93441dd-72da-4cf1-959e-e8e69651ae8e/transformed/androidx.core/drawable_ic_call_decline.xml.flat
build	Build with Gradle	2026-06-06T12:24:03.3112498Z Compiling xml file /home/runner/.gradle/caches/8.14/transforms/a18f3e8414f2ba4eb382dd01375ab089/transformed/core-1.16.0/res/drawable/notification_bg_low.xml to /home/runner/.gradle/caches/8.14/transforms/fbd082ffaa1ecbd5c57c4527c32dfe5d-b93441dd-72da-4cf1-959e-e8e69651ae8e/transformed/androidx.core/drawable_notification_bg_low.xml.flat
build	Build with Gradle	2026-06-06T12:24:03.3116472Z Compiling xml file /home/runner/.gradle/caches/8.14/transforms/a18f3e8414f2ba4eb382dd01375ab089/transformed/core-1.16.0/res/drawable/ic_call_answer_low.xml to /home/runner/.gradle/caches/8.14/transforms/fbd082ffaa1ecbd5c57c4527c32dfe5d-b93441dd-72da-4cf1-959e-e8e69651ae8e/transformed/androidx.core/drawable_ic_call_answer_low.xml.flat
build	Build with Gradle	2026-06-06T12:24:03.3119792Z Stored cache entry for AarResourcesCompilerTransform: /home/runner/.gradle/caches/8.14/transforms/a18f3e8414f2ba4eb382dd01375ab089/transformed/core-1.16.0 with cache key 6396979601b603bdd89c96310ffd8847
build	Build with Gradle	2026-06-06T12:24:03.3122108Z Caching disabled for LibrarySymbolTableTransform: /home/runner/.gradle/caches/8.14/transforms/4b91b30cdde5ec990d4144c4990f3981/transformed/parcelablelist-2.0.1-release because:
build	Build with Gradle	2026-06-06T12:24:03.3123676Z   Caching not enabled.
build	Build with Gradle	2026-06-06T12:24:03.3124800Z Caching disabled for LibrarySymbolTableTransform: /home/runner/.gradle/caches/8.14/transforms/15a46fdad85d2cb7e7c637ba2a744a05/transformed/interpolator-1.0.0 because:
build	Build with Gradle	2026-06-06T12:24:03.3125897Z   Caching not enabled.
build	Build with Gradle	2026-06-06T12:24:03.3127173Z Caching disabled for LibrarySymbolTableTransform: /home/runner/.gradle/caches/8.14/transforms/0187bb9b76f6cb89cb6648998d3bb365/transformed/lifecycle-runtime-2.6.2 because:
build	Build with Gradle	2026-06-06T12:24:03.3128757Z   Caching not enabled.
build	Build with Gradle	2026-06-06T12:24:03.3129965Z Caching disabled for LibrarySymbolTableTransform: /home/runner/.gradle/caches/8.14/transforms/fc7c287dc22d61ab46eb288863ba67f7/transformed/profileinstaller-1.3.0 because:
build	Build with Gradle	2026-06-06T12:24:03.3131483Z   Caching not enabled.
build	Build with Gradle	2026-06-06T12:24:03.3132764Z Caching disabled for LibrarySymbolTableTransform: /home/runner/.gradle/caches/8.14/transforms/c3f1fba07658b0b59e408933ad000cab/transformed/startup-runtime-1.1.1 because:
build	Build with Gradle	2026-06-06T12:24:03.3134141Z   Caching not enabled.
build	Build with Gradle	2026-06-06T12:24:03.3147031Z Caching disabled for LibrarySymbolTableTransform: /home/runner/.gradle/caches/8.14/transforms/ac9c2613db74d91f76d389a55de09aeb/transformed/tracing-1.2.0 because:
build	Build with Gradle	2026-06-06T12:24:03.3148967Z   Caching not enabled.
build	Build with Gradle	2026-06-06T12:24:03.3150369Z Caching disabled for LibrarySymbolTableTransform: /home/runner/.gradle/caches/8.14/transforms/eec55b2add6457c8fb902795cbf8eedc/transformed/versionedparcelable-1.1.1 because:
build	Build with Gradle	2026-06-06T12:24:03.3151984Z   Caching not enabled.
build	Build with Gradle	2026-06-06T12:24:03.3153287Z Caching disabled for LibrarySymbolTableTransform: /home/runner/.gradle/caches/8.14/transforms/9a0af10b7d6a004c0dde0da7908916e8/transformed/core-runtime-2.2.0 because:
build	Build with Gradle	2026-06-06T12:24:03.3154565Z   Caching not enabled.
build	Build with Gradle	2026-06-06T12:24:03.3155903Z Caching disabled for LibrarySymbolTableTransform: /home/runner/.gradle/caches/8.14/transforms/b63ec3c1af75a7e3e11e00b71c5d2f13/transformed/annotation-experimental-1.4.1 because:
build	Build with Gradle	2026-06-06T12:24:03.3157256Z   Caching not enabled.
build	Build with Gradle	2026-06-06T12:24:03.3158649Z Caching disabled for LibrarySymbolTableTransform: /home/runner/.gradle/caches/8.14/transforms/a203a862f516367cac65cc0033ada510/transformed/core-viewtree-1.0.0 because:
build	Build with Gradle	2026-06-06T12:24:03.3159941Z   Caching not enabled.
build	Build with Gradle	2026-06-06T12:24:03.3161070Z Caching disabled for LibrarySymbolTableTransform: /home/runner/.gradle/caches/8.14/transforms/93e5dd5bd02503c2c463051d8428f6c3/transformed/compat-4.4.0 because:
build	Build with Gradle	2026-06-06T12:24:03.3162487Z   Caching not enabled.
build	Build with Gradle	2026-06-06T12:24:03.3163790Z Caching disabled for LibrarySymbolTableTransform: /home/runner/.gradle/caches/8.14/transforms/d90402c4b85ec72d1d4a6e1bb45ac913/transformed/buildcompat-34.0.1 because:
build	Build with Gradle	2026-06-06T12:24:03.3164915Z   Caching not enabled.
build	Build with Gradle	2026-06-06T12:24:03.3165905Z Caching disabled for LibrarySymbolTableTransform: /home/runner/.gradle/caches/8.14/transforms/a18f3e8414f2ba4eb382dd01375ab089/transformed/core-1.16.0 because:
build	Build with Gradle	2026-06-06T12:24:03.3167032Z   Caching not enabled.
build	Build with Gradle	2026-06-06T12:24:03.3168071Z Build cache key for task ':shell:processReleaseResources' is c6ffd18e0deca2aec3dc523f046bbfbb
build	Build with Gradle	2026-06-06T12:24:03.3169193Z Task ':shell:processReleaseResources' is not up-to-date because:
build	Build with Gradle	2026-06-06T12:24:03.3169930Z   No history is available.
build	Build with Gradle	2026-06-06T12:24:03.3170796Z The input changes require a full rebuild for incremental task ':shell:processReleaseResources'.
build	Build with Gradle	2026-06-06T12:24:03.3172731Z Aapt output file /home/runner/work/ShizukuPlus/ShizukuPlus/shell/build/intermediates/linked_resources_binary_format/release/processReleaseResources/linked-resources-binary-format-release.ap_
build	Build with Gradle	2026-06-06T12:24:03.3174796Z Stored cache entry for task ':shell:processReleaseResources' with cache key c6ffd18e0deca2aec3dc523f046bbfbb
build	Build with Gradle	2026-06-06T12:24:03.3176177Z Resolve mutations for :shell:compileReleaseJavaWithJavac (Thread[#159,included builds,5,main]) started.
build	Build with Gradle	2026-06-06T12:24:03.3177821Z :shell:compileReleaseJavaWithJavac (Thread[#159,included builds,5,main]) started.
build	Build with Gradle	2026-06-06T12:24:03.7827899Z 
build	Build with Gradle	2026-06-06T12:24:03.7858824Z > Task :rish:configureCMakeRelWithDebInfo[arm64-v8a]
build	Build with Gradle	2026-06-06T12:24:03.7877815Z Caching disabled for AarTransform: /home/runner/.gradle/caches/8.14/transforms/0229dbc9f57fa8133a9f500f70fe76a8/transformed/libcxx-27.0.12077973 because:
build	Build with Gradle	2026-06-06T12:24:03.7879515Z   Caching not enabled.
build	Build with Gradle	2026-06-06T12:24:03.7881007Z C/C++: /home/runner/work/ShizukuPlus/ShizukuPlus/api/rish/src/main/cpp/CMakeLists.txt release|arm64-v8a : Start JSON generation. Platform version: 24 min SDK version: arm64-v8a
build	Build with Gradle	2026-06-06T12:24:03.7883626Z C/C++: /home/runner/work/ShizukuPlus/ShizukuPlus/api/rish/src/main/cpp/CMakeLists.txt release|arm64-v8a : rebuilding JSON /home/runner/work/ShizukuPlus/ShizukuPlus/api/rish/.cxx/RelWithDebInfo/6yo4f216/arm64-v8a/android_gradle_build.json due to:
build	Build with Gradle	2026-06-06T12:24:03.7886677Z C/C++: /home/runner/work/ShizukuPlus/ShizukuPlus/api/rish/src/main/cpp/CMakeLists.txt release|arm64-v8a : - no fingerprint file, will remove stale configuration folder
build	Build with Gradle	2026-06-06T12:24:03.7888830Z C/C++: /home/runner/work/ShizukuPlus/ShizukuPlus/api/rish/src/main/cpp/CMakeLists.txt release|arm64-v8a : /usr/lib/jvm/temurin-21-jdk-amd64/bin/java \
build	Build with Gradle	2026-06-06T12:24:03.7890179Z   --class-path \
build	Build with Gradle	2026-06-06T12:24:03.7891264Z   /home/runner/.gradle/caches/modules-2/files-2.1/com.google.prefab/cli/2.1.0/aa32fec809c44fa531f01dcfb739b5b3304d3050/cli-2.1.0-all.jar \
build	Build with Gradle	2026-06-06T12:24:03.7892813Z   com.google.prefab.cli.AppKt \
build	Build with Gradle	2026-06-06T12:24:03.7893485Z   --build-system \
build	Build with Gradle	2026-06-06T12:24:03.7894076Z   cmake \
build	Build with Gradle	2026-06-06T12:24:03.7894564Z   --platform \
build	Build with Gradle	2026-06-06T12:24:03.7895108Z   android \
build	Build with Gradle	2026-06-06T12:24:03.7895626Z   --abi \
build	Build with Gradle	2026-06-06T12:24:03.7896138Z   arm64-v8a \
build	Build with Gradle	2026-06-06T12:24:03.7896676Z   --os-version \
build	Build with Gradle	2026-06-06T12:24:03.7897243Z   24 \
build	Build with Gradle	2026-06-06T12:24:03.7897869Z   --stl \
build	Build with Gradle	2026-06-06T12:24:03.7898367Z   none \
build	Build with Gradle	2026-06-06T12:24:03.7898907Z   --ndk-version \
build	Build with Gradle	2026-06-06T12:24:03.7899462Z   27 \
build	Build with Gradle	2026-06-06T12:24:03.7899943Z   --output \
build	Build with Gradle	2026-06-06T12:24:03.7900710Z   /tmp/agp-prefab-staging11326237840975785712/staged-cli-output \
build	Build with Gradle	2026-06-06T12:24:03.7902042Z   /home/runner/.gradle/caches/8.14/transforms/0229dbc9f57fa8133a9f500f70fe76a8/transformed/libcxx-27.0.12077973/prefab
build	Build with Gradle	2026-06-06T12:24:03.7902989Z 
build	Build with Gradle	2026-06-06T12:24:03.7905168Z Starting process 'command '/home/runner/work/ShizukuPlus/ShizukuPlus/api/rish/build/intermediates/cxx/RelWithDebInfo/6yo4f216/logs/arm64-v8a/prefab_command''. Working directory: /home/runner/work/ShizukuPlus/ShizukuPlus/api/rish Command: /home/runner/work/ShizukuPlus/ShizukuPlus/api/rish/build/intermediates/cxx/RelWithDebInfo/6yo4f216/logs/arm64-v8a/prefab_command 
build	Build with Gradle	2026-06-06T12:24:03.7909021Z Successfully started process 'command '/home/runner/work/ShizukuPlus/ShizukuPlus/api/rish/build/intermediates/cxx/RelWithDebInfo/6yo4f216/logs/arm64-v8a/prefab_command''
build	Build with Gradle	2026-06-06T12:24:03.7911179Z C/C++: /home/runner/work/ShizukuPlus/ShizukuPlus/api/rish/src/main/cpp/CMakeLists.txt release|arm64-v8a : Received process result: 0
build	Build with Gradle	2026-06-06T12:24:03.7913717Z C/C++: /home/runner/work/ShizukuPlus/ShizukuPlus/api/rish/src/main/cpp/CMakeLists.txt release|arm64-v8a : removing stale contents from '/home/runner/work/ShizukuPlus/ShizukuPlus/api/rish/.cxx/RelWithDebInfo/6yo4f216/arm64-v8a'
build	Build with Gradle	2026-06-06T12:24:03.7916512Z C/C++: /home/runner/work/ShizukuPlus/ShizukuPlus/api/rish/src/main/cpp/CMakeLists.txt release|arm64-v8a : created folder '/home/runner/work/ShizukuPlus/ShizukuPlus/api/rish/.cxx/RelWithDebInfo/6yo4f216/arm64-v8a'
build	Build with Gradle	2026-06-06T12:24:03.7919323Z C/C++: /home/runner/work/ShizukuPlus/ShizukuPlus/api/rish/src/main/cpp/CMakeLists.txt release|arm64-v8a : executing cmake /usr/local/lib/android/sdk/cmake/3.22.1/bin/cmake \
build	Build with Gradle	2026-06-06T12:24:03.7920944Z   -H/home/runner/work/ShizukuPlus/ShizukuPlus/api/rish/src/main/cpp \
build	Build with Gradle	2026-06-06T12:24:03.7921834Z   -DCMAKE_SYSTEM_NAME=Android \
build	Build with Gradle	2026-06-06T12:24:03.7922501Z   -DCMAKE_EXPORT_COMPILE_COMMANDS=ON \
build	Build with Gradle	2026-06-06T12:24:03.7923455Z   -DCMAKE_SYSTEM_VERSION=24 \
build	Build with Gradle	2026-06-06T12:24:03.7924127Z   -DANDROID_PLATFORM=android-24 \
build	Build with Gradle	2026-06-06T12:24:03.7924751Z   -DANDROID_ABI=arm64-v8a \
build	Build with Gradle	2026-06-06T12:24:03.7925392Z   -DCMAKE_ANDROID_ARCH_ABI=arm64-v8a \
build	Build with Gradle	2026-06-06T12:24:03.7926200Z   -DANDROID_NDK=/usr/local/lib/android/sdk/ndk/27.0.12077973 \
build	Build with Gradle	2026-06-06T12:24:03.7927103Z   -DCMAKE_ANDROID_NDK=/usr/local/lib/android/sdk/ndk/27.0.12077973 \
build	Build with Gradle	2026-06-06T12:24:03.7928438Z   -DCMAKE_TOOLCHAIN_FILE=/usr/local/lib/android/sdk/ndk/27.0.12077973/build/cmake/android.toolchain.cmake \
build	Build with Gradle	2026-06-06T12:24:03.7929626Z   -DCMAKE_MAKE_PROGRAM=/usr/local/lib/android/sdk/cmake/3.22.1/bin/ninja \
build	Build with Gradle	2026-06-06T12:24:03.7931310Z   -DCMAKE_LIBRARY_OUTPUT_DIRECTORY=/home/runner/work/ShizukuPlus/ShizukuPlus/api/rish/build/intermediates/cxx/RelWithDebInfo/6yo4f216/obj/arm64-v8a \
build	Build with Gradle	2026-06-06T12:24:03.7933475Z   -DCMAKE_RUNTIME_OUTPUT_DIRECTORY=/home/runner/work/ShizukuPlus/ShizukuPlus/api/rish/build/intermediates/cxx/RelWithDebInfo/6yo4f216/obj/arm64-v8a \
build	Build with Gradle	2026-06-06T12:24:03.7934963Z   -DCMAKE_BUILD_TYPE=RelWithDebInfo \
build	Build with Gradle	2026-06-06T12:24:03.7936087Z   -DCMAKE_FIND_ROOT_PATH=/home/runner/work/ShizukuPlus/ShizukuPlus/api/rish/.cxx/RelWithDebInfo/6yo4f216/prefab/arm64-v8a/prefab \
build	Build with Gradle	2026-06-06T12:24:03.7937753Z   -B/home/runner/work/ShizukuPlus/ShizukuPlus/api/rish/.cxx/RelWithDebInfo/6yo4f216/arm64-v8a \
build	Build with Gradle	2026-06-06T12:24:03.7938765Z   -GNinja \
build	Build with Gradle	2026-06-06T12:24:03.7939308Z   -DANDROID_STL=none
build	Build with Gradle	2026-06-06T12:24:03.7939728Z 
build	Build with Gradle	2026-06-06T12:24:03.7940931Z C/C++: /home/runner/work/ShizukuPlus/ShizukuPlus/api/rish/src/main/cpp/CMakeLists.txt release|arm64-v8a : /usr/local/lib/android/sdk/cmake/3.22.1/bin/cmake \
build	Build with Gradle	2026-06-06T12:24:03.7942525Z   -H/home/runner/work/ShizukuPlus/ShizukuPlus/api/rish/src/main/cpp \
build	Build with Gradle	2026-06-06T12:24:03.7943375Z   -DCMAKE_SYSTEM_NAME=Android \
build	Build with Gradle	2026-06-06T12:24:03.7944010Z   -DCMAKE_EXPORT_COMPILE_COMMANDS=ON \
build	Build with Gradle	2026-06-06T12:24:03.7944676Z   -DCMAKE_SYSTEM_VERSION=24 \
build	Build with Gradle	2026-06-06T12:24:03.7945280Z   -DANDROID_PLATFORM=android-24 \
build	Build with Gradle	2026-06-06T12:24:03.7945954Z   -DANDROID_ABI=arm64-v8a \
build	Build with Gradle	2026-06-06T12:24:03.7946614Z   -DCMAKE_ANDROID_ARCH_ABI=arm64-v8a \
build	Build with Gradle	2026-06-06T12:24:03.7947717Z   -DANDROID_NDK=/usr/local/lib/android/sdk/ndk/27.0.12077973 \
build	Build with Gradle	2026-06-06T12:24:03.7948685Z   -DCMAKE_ANDROID_NDK=/usr/local/lib/android/sdk/ndk/27.0.12077973 \
build	Build with Gradle	2026-06-06T12:24:03.7950012Z   -DCMAKE_TOOLCHAIN_FILE=/usr/local/lib/android/sdk/ndk/27.0.12077973/build/cmake/android.toolchain.cmake \
build	Build with Gradle	2026-06-06T12:24:03.7951566Z   -DCMAKE_MAKE_PROGRAM=/usr/local/lib/android/sdk/cmake/3.22.1/bin/ninja \
build	Build with Gradle	2026-06-06T12:24:03.7953173Z   -DCMAKE_LIBRARY_OUTPUT_DIRECTORY=/home/runner/work/ShizukuPlus/ShizukuPlus/api/rish/build/intermediates/cxx/RelWithDebInfo/6yo4f216/obj/arm64-v8a \
build	Build with Gradle	2026-06-06T12:24:03.7955218Z   -DCMAKE_RUNTIME_OUTPUT_DIRECTORY=/home/runner/work/ShizukuPlus/ShizukuPlus/api/rish/build/intermediates/cxx/RelWithDebInfo/6yo4f216/obj/arm64-v8a \
build	Build with Gradle	2026-06-06T12:24:03.7956746Z   -DCMAKE_BUILD_TYPE=RelWithDebInfo \
build	Build with Gradle	2026-06-06T12:24:03.7958117Z   -DCMAKE_FIND_ROOT_PATH=/home/runner/work/ShizukuPlus/ShizukuPlus/api/rish/.cxx/RelWithDebInfo/6yo4f216/prefab/arm64-v8a/prefab \
build	Build with Gradle	2026-06-06T12:24:03.7959597Z   -B/home/runner/work/ShizukuPlus/ShizukuPlus/api/rish/.cxx/RelWithDebInfo/6yo4f216/arm64-v8a \
build	Build with Gradle	2026-06-06T12:24:03.7960533Z   -GNinja \
build	Build with Gradle	2026-06-06T12:24:03.7961041Z   -DANDROID_STL=none
build	Build with Gradle	2026-06-06T12:24:03.7961322Z 
build	Build with Gradle	2026-06-06T12:24:03.7968490Z Starting process 'command '/usr/local/lib/android/sdk/cmake/3.22.1/bin/cmake''. Working directory: /home/runner/work/ShizukuPlus/ShizukuPlus/api/rish Command: /usr/local/lib/android/sdk/cmake/3.22.1/bin/cmake -H/home/runner/work/ShizukuPlus/ShizukuPlus/api/rish/src/main/cpp -DCMAKE_SYSTEM_NAME=Android -DCMAKE_EXPORT_COMPILE_COMMANDS=ON -DCMAKE_SYSTEM_VERSION=24 -DANDROID_PLATFORM=android-24 -DANDROID_ABI=arm64-v8a -DCMAKE_ANDROID_ARCH_ABI=arm64-v8a -DANDROID_NDK=/usr/local/lib/android/sdk/ndk/27.0.12077973 -DCMAKE_ANDROID_NDK=/usr/local/lib/android/sdk/ndk/27.0.12077973 -DCMAKE_TOOLCHAIN_FILE=/usr/local/lib/android/sdk/ndk/27.0.12077973/build/cmake/android.toolchain.cmake -DCMAKE_MAKE_PROGRAM=/usr/local/lib/android/sdk/cmake/3.22.1/bin/ninja -DCMAKE_LIBRARY_OUTPUT_DIRECTORY=/home/runner/work/ShizukuPlus/ShizukuPlus/api/rish/build/intermediates/cxx/RelWithDebInfo/6yo4f216/obj/arm64-v8a -DCMAKE_RUNTIME_OUTPUT_DIRECTORY=/home/runner/work/ShizukuPlus/ShizukuPlus/api/rish/build/intermediates/cxx/RelWithDebInfo/6yo4f216/obj/arm64-v8a -DCMAKE_BUILD_TYPE=RelWithDebInfo -DCMAKE_FIND_ROOT_PATH=/home/runner/work/ShizukuPlus/ShizukuPlus/api/rish/.cxx/RelWithDebInfo/6yo4f216/prefab/arm64-v8a/prefab -B/home/runner/work/ShizukuPlus/ShizukuPlus/api/rish/.cxx/RelWithDebInfo/6yo4f216/arm64-v8a -GNinja -DANDROID_STL=none
build	Build with Gradle	2026-06-06T12:24:03.7975541Z Successfully started process 'command '/usr/local/lib/android/sdk/cmake/3.22.1/bin/cmake''
build	Build with Gradle	2026-06-06T12:24:03.7976041Z C/C++: Builing Release...
build	Build with Gradle	2026-06-06T12:24:03.7976786Z C/C++: /home/runner/work/ShizukuPlus/ShizukuPlus/api/rish/src/main/cpp/CMakeLists.txt release|arm64-v8a : Received process result: 0
build	Build with Gradle	2026-06-06T12:24:03.7978686Z C/C++: /home/runner/work/ShizukuPlus/ShizukuPlus/api/rish/src/main/cpp/CMakeLists.txt release|arm64-v8a : Exiting generation of /home/runner/work/ShizukuPlus/ShizukuPlus/api/rish/.cxx/RelWithDebInfo/6yo4f216/arm64-v8a/compile_commands.json.bin normally
build	Build with Gradle	2026-06-06T12:24:03.7981071Z C/C++: /home/runner/work/ShizukuPlus/ShizukuPlus/api/rish/src/main/cpp/CMakeLists.txt release|arm64-v8a : done executing cmake
build	Build with Gradle	2026-06-06T12:24:03.7984009Z C/C++: /home/runner/work/ShizukuPlus/ShizukuPlus/api/rish/src/main/cpp/CMakeLists.txt release|arm64-v8a : hard linked /home/runner/work/ShizukuPlus/ShizukuPlus/api/rish/.cxx/RelWithDebInfo/6yo4f216/arm64-v8a/compile_commands.json to /home/runner/work/ShizukuPlus/ShizukuPlus/api/rish/.cxx/tools/release/arm64-v8a/compile_commands.json
build	Build with Gradle	2026-06-06T12:24:03.7987080Z C/C++: /home/runner/work/ShizukuPlus/ShizukuPlus/api/rish/src/main/cpp/CMakeLists.txt release|arm64-v8a : JSON generation completed without problems
build	Build with Gradle	2026-06-06T12:24:03.7989646Z C/C++: /home/runner/work/ShizukuPlus/ShizukuPlus/api/rish/src/main/cpp/CMakeLists.txt release|arm64-v8a : Writing build model to /home/runner/work/ShizukuPlus/ShizukuPlus/api/rish/build/intermediates/cxx/RelWithDebInfo/6yo4f216/logs/arm64-v8a/build_model.json
build	Build with Gradle	2026-06-06T12:24:03.7991825Z Resolve mutations for :rish:buildCMakeRelWithDebInfo[arm64-v8a] (Thread[#161,Execution worker Thread 2,5,main]) started.
build	Build with Gradle	2026-06-06T12:24:03.7993208Z :rish:buildCMakeRelWithDebInfo[arm64-v8a] (Thread[#161,Execution worker Thread 2,5,main]) started.
build	Build with Gradle	2026-06-06T12:24:03.9757910Z 
build	Build with Gradle	2026-06-06T12:24:03.9788472Z > Task :core:ui:dataBindingGenBaseClassesRelease
build	Build with Gradle	2026-06-06T12:24:03.9809302Z Caching disabled for AarTransform: /home/runner/.gradle/caches/8.14/transforms/6a51a01fd16264a83e0f0feeab00d6ea/transformed/layoutinflater-1.3.0 because:
build	Build with Gradle	2026-06-06T12:24:03.9810767Z   Caching not enabled.
build	Build with Gradle	2026-06-06T12:24:03.9848867Z Caching disabled for AarTransform: /home/runner/.gradle/caches/8.14/transforms/5d7fa8ac1f6ab741b32c1fc4bc71bdf6/transformed/compatibility-2.0.0 because:
build	Build with Gradle	2026-06-06T12:24:03.9908261Z   Caching not enabled.
build	Build with Gradle	2026-06-06T12:24:03.9932393Z Caching disabled for AarTransform: /home/runner/.gradle/caches/8.14/transforms/693c054b9b80dbf8007dadbf97a7b615/transformed/viewbinding-8.11.1 because:
build	Build with Gradle	2026-06-06T12:24:03.9943465Z   Caching not enabled.
build	Build with Gradle	2026-06-06T12:24:03.9958886Z Caching disabled for AarTransform: /home/runner/.gradle/caches/8.14/transforms/a6084efd8e6c9ff951c8e72453f81ad6/transformed/material-1.14.0-beta01 because:
build	Build with Gradle	2026-06-06T12:24:03.9988034Z   Caching not enabled.
build	Build with Gradle	2026-06-06T12:24:04.0018894Z Caching disabled for AarTransform: /home/runner/.gradle/caches/8.14/transforms/65454cf7d9888af3078a04881c706907/transformed/appcompat-resources-1.7.0 because:
build	Build with Gradle	2026-06-06T12:24:04.0028128Z   Caching not enabled.
build	Build with Gradle	2026-06-06T12:24:04.0048740Z Caching disabled for AarTransform: /home/runner/.gradle/caches/8.14/transforms/6f3aedd40656040f59ef8f054d3927d7/transformed/appcompat-1.7.0 because:
build	Build with Gradle	2026-06-06T12:24:04.0077992Z   Caching not enabled.
build	Build with Gradle	2026-06-06T12:24:04.0094524Z Caching disabled for AarTransform: /home/runner/.gradle/caches/8.14/transforms/e94b2a0234ee0fc856dd3903ab85b2e1/transformed/viewpager2-1.0.0 because:
build	Build with Gradle	2026-06-06T12:24:04.0107951Z   Caching not enabled.
build	Build with Gradle	2026-06-06T12:24:04.0138675Z Caching disabled for AarTransform: /home/runner/.gradle/caches/8.14/transforms/3496351281a372f59379614fd15c5436/transformed/fragment-1.8.7 because:
build	Build with Gradle	2026-06-06T12:24:04.0168152Z   Caching not enabled.
build	Build with Gradle	2026-06-06T12:24:04.0179161Z Caching disabled for AarTransform: /home/runner/.gradle/caches/8.14/transforms/aab493d2bbab5d087a023e9183eede9c/transformed/fragment-ktx-1.8.7 because:
build	Build with Gradle	2026-06-06T12:24:04.0218273Z   Caching not enabled.
build	Build with Gradle	2026-06-06T12:24:04.0228927Z Caching disabled for AarTransform: /home/runner/.gradle/caches/8.14/transforms/c4ba88001386a85ee85f090f578a195e/transformed/activity-1.8.1 because:
build	Build with Gradle	2026-06-06T12:24:04.0238116Z   Caching not enabled.
build	Build with Gradle	2026-06-06T12:24:04.0268739Z Caching disabled for AarTransform: /home/runner/.gradle/caches/8.14/transforms/e130a89052a8b4d95c427db310d4db3d/transformed/activity-ktx-1.8.1 because:
build	Build with Gradle	2026-06-06T12:24:04.0308145Z   Caching not enabled.
build	Build with Gradle	2026-06-06T12:24:04.0309567Z Caching disabled for AarTransform: /home/runner/.gradle/caches/8.14/transforms/bcf44e27a39512bc2c5ebe0776c55bf9/transformed/recyclerview-1.2.1 because:
build	Build with Gradle	2026-06-06T12:24:04.0310802Z   Caching not enabled.
build	Build with Gradle	2026-06-06T12:24:04.0312013Z Caching disabled for AarTransform: /home/runner/.gradle/caches/8.14/transforms/f44317b6b582e3df5afb18620edd3775/transformed/swiperefreshlayout-1.1.0 because:
build	Build with Gradle	2026-06-06T12:24:04.0313437Z   Caching not enabled.
build	Build with Gradle	2026-06-06T12:24:04.0314506Z Caching disabled for AarTransform: /home/runner/.gradle/caches/8.14/transforms/9a6f8cbb6346f3bbb1b98d5903fb48b2/transformed/drawerlayout-1.1.1 because:
build	Build with Gradle	2026-06-06T12:24:04.0329011Z   Caching not enabled.
build	Build with Gradle	2026-06-06T12:24:04.0358709Z Caching disabled for AarTransform: /home/runner/.gradle/caches/8.14/transforms/33de77d114239838176c165bd9600680/transformed/coordinatorlayout-1.1.0 because:
build	Build with Gradle	2026-06-06T12:24:04.0368097Z   Caching not enabled.
build	Build with Gradle	2026-06-06T12:24:04.0398921Z Caching disabled for AarTransform: /home/runner/.gradle/caches/8.14/transforms/f32932b768c1c383327c110c6e2f2a04/transformed/viewpager-1.0.0 because:
build	Build with Gradle	2026-06-06T12:24:04.0428184Z   Caching not enabled.
build	Build with Gradle	2026-06-06T12:24:04.0429870Z Caching disabled for AarTransform: /home/runner/.gradle/caches/8.14/transforms/2a1f64bb05593b70cb9126021244d174/transformed/customview-1.2.0 because:
build	Build with Gradle	2026-06-06T12:24:04.0488277Z   Caching not enabled.
build	Build with Gradle	2026-06-06T12:24:04.0489545Z Caching disabled for AarTransform: /home/runner/.gradle/caches/8.14/transforms/38973380b257061575958cac22670390/transformed/dynamicanimation-1.1.0 because:
build	Build with Gradle	2026-06-06T12:24:04.0490742Z   Caching not enabled.
build	Build with Gradle	2026-06-06T12:24:04.0491761Z Caching disabled for AarTransform: /home/runner/.gradle/caches/8.14/transforms/871eef536661b7022d994ed4489cf28d/transformed/transition-1.5.0 because:
build	Build with Gradle	2026-06-06T12:24:04.0493032Z   Caching not enabled.
build	Build with Gradle	2026-06-06T12:24:04.0494300Z Caching disabled for AarTransform: /home/runner/.gradle/caches/8.14/transforms/d697b5d8b45978ec3a98ef1655ea06c8/transformed/vectordrawable-animated-1.1.0 because:
build	Build with Gradle	2026-06-06T12:24:04.0495643Z   Caching not enabled.
build	Build with Gradle	2026-06-06T12:24:04.0496816Z Caching disabled for AarTransform: /home/runner/.gradle/caches/8.14/transforms/dc0275561321685487c64fd075a63c35/transformed/vectordrawable-1.1.0 because:
build	Build with Gradle	2026-06-06T12:24:04.0498325Z   Caching not enabled.
build	Build with Gradle	2026-06-06T12:24:04.0499431Z Caching disabled for AarTransform: /home/runner/.gradle/caches/8.14/transforms/d39b45e93aa24a0297878e1eb336ea9a/transformed/loader-1.0.0 because:
build	Build with Gradle	2026-06-06T12:24:04.0500600Z   Caching not enabled.
build	Build with Gradle	2026-06-06T12:24:04.0501673Z Caching disabled for AarTransform: /home/runner/.gradle/caches/8.14/transforms/a18f3e8414f2ba4eb382dd01375ab089/transformed/core-1.16.0 because:
build	Build with Gradle	2026-06-06T12:24:04.0502833Z   Caching not enabled.
build	Build with Gradle	2026-06-06T12:24:04.0504083Z Caching disabled for AarTransform: /home/runner/.gradle/caches/8.14/transforms/dccf0fa98be1aa325c3a1ea827f00c26/transformed/lifecycle-livedata-2.6.2 because:
build	Build with Gradle	2026-06-06T12:24:04.0505691Z   Caching not enabled.
build	Build with Gradle	2026-06-06T12:24:04.0506787Z Caching disabled for AarTransform: /home/runner/.gradle/caches/8.14/transforms/f85a8706e3d3bf4df310b1b8ed66a067/transformed/material-2.7.2 because:
build	Build with Gradle	2026-06-06T12:24:04.0508125Z   Caching not enabled.
build	Build with Gradle	2026-06-06T12:24:04.0509368Z Caching disabled for AarTransform: /home/runner/.gradle/caches/8.14/transforms/4e8f83356a3c10e4828fa34b7f68439e/transformed/lifecycle-runtime-ktx-2.6.2 because:
build	Build with Gradle	2026-06-06T12:24:04.0510663Z   Caching not enabled.
build	Build with Gradle	2026-06-06T12:24:04.0511920Z Caching disabled for AarTransform: /home/runner/.gradle/caches/8.14/transforms/ee87d23f63dcca5d7d450baf9e277f60/transformed/lifecycle-livedata-core-2.6.2 because:
build	Build with Gradle	2026-06-06T12:24:04.0513239Z   Caching not enabled.
build	Build with Gradle	2026-06-06T12:24:04.0514414Z Caching disabled for AarTransform: /home/runner/.gradle/caches/8.14/transforms/14a2286e0098463f0a92170156a92cd9/transformed/lifecycle-viewmodel-2.6.2 because:
build	Build with Gradle	2026-06-06T12:24:04.0515953Z   Caching not enabled.
build	Build with Gradle	2026-06-06T12:24:04.0517127Z Caching disabled for AarTransform: /home/runner/.gradle/caches/8.14/transforms/0187bb9b76f6cb89cb6648998d3bb365/transformed/lifecycle-runtime-2.6.2 because:
build	Build with Gradle	2026-06-06T12:24:04.0549010Z   Caching not enabled.
build	Build with Gradle	2026-06-06T12:24:04.0550355Z Caching disabled for AarTransform: /home/runner/.gradle/caches/8.14/transforms/5c293b8b47e63d9af063591faa3f19e8/transformed/lifecycle-viewmodel-ktx-2.6.2 because:
build	Build with Gradle	2026-06-06T12:24:04.0551927Z   Caching not enabled.
build	Build with Gradle	2026-06-06T12:24:04.0553278Z Caching disabled for AarTransform: /home/runner/.gradle/caches/8.14/transforms/810829894a4687e11eead72cf29eed78/transformed/lifecycle-livedata-core-ktx-2.6.2 because:
build	Build with Gradle	2026-06-06T12:24:04.0554729Z   Caching not enabled.
build	Build with Gradle	2026-06-06T12:24:04.0556063Z Caching disabled for AarTransform: /home/runner/.gradle/caches/8.14/transforms/b5405f3dee1d83f36ed1ef719d830b3f/transformed/lifecycle-viewmodel-savedstate-2.6.2 because:
build	Build with Gradle	2026-06-06T12:24:04.0557606Z   Caching not enabled.
build	Build with Gradle	2026-06-06T12:24:04.0558727Z Caching disabled for AarTransform: /home/runner/.gradle/caches/8.14/transforms/029a61c97118f0c834c270c0dd5c56c8/transformed/core-ktx-1.16.0 because:
build	Build with Gradle	2026-06-06T12:24:04.0559928Z   Caching not enabled.
build	Build with Gradle	2026-06-06T12:24:04.0561025Z Caching disabled for AarTransform: /home/runner/.gradle/caches/8.14/transforms/ab00c267663707e20a9c28832bd574a2/transformed/timber-5.0.1 because:
build	Build with Gradle	2026-06-06T12:24:04.0562206Z   Caching not enabled.
build	Build with Gradle	2026-06-06T12:24:04.0563386Z Caching disabled for AarTransform: /home/runner/.gradle/caches/8.14/transforms/30676eef3dc22ac269337397d20f7f25/transformed/insets-1.3.0-release because:
build	Build with Gradle	2026-06-06T12:24:04.0564655Z   Caching not enabled.
build	Build with Gradle	2026-06-06T12:24:04.0565840Z Caching disabled for AarTransform: /home/runner/.gradle/caches/8.14/transforms/ea2fd54e049d735d230bdfacf1751aed/transformed/savedstate-ktx-1.2.1 because:
build	Build with Gradle	2026-06-06T12:24:04.0567169Z   Caching not enabled.
build	Build with Gradle	2026-06-06T12:24:04.0568374Z Caching disabled for AarTransform: /home/runner/.gradle/caches/8.14/transforms/14f0e8b7a0c461618e8e5383c1bd88bc/transformed/savedstate-1.2.1 because:
build	Build with Gradle	2026-06-06T12:24:04.0569413Z   Caching not enabled.
build	Build with Gradle	2026-06-06T12:24:04.0570677Z Caching disabled for AarTransform: /home/runner/.gradle/caches/8.14/transforms/b63ec3c1af75a7e3e11e00b71c5d2f13/transformed/annotation-experimental-1.4.1 because:
build	Build with Gradle	2026-06-06T12:24:04.0572021Z   Caching not enabled.
build	Build with Gradle	2026-06-06T12:24:04.0573192Z Caching disabled for AarTransform: /home/runner/.gradle/caches/8.14/transforms/af1849ac59ea9b10c0df81a67570c855/transformed/cursoradapter-1.0.0 because:
build	Build with Gradle	2026-06-06T12:24:04.0574478Z   Caching not enabled.
build	Build with Gradle	2026-06-06T12:24:04.0575564Z Caching disabled for AarTransform: /home/runner/.gradle/caches/8.14/transforms/b2e7fb1ff7f260dce39e55cb27088efd/transformed/cardview-1.0.0 because:
build	Build with Gradle	2026-06-06T12:24:04.0576782Z   Caching not enabled.
build	Build with Gradle	2026-06-06T12:24:04.0608562Z Caching disabled for AarTransform: /home/runner/.gradle/caches/8.14/transforms/15a46fdad85d2cb7e7c637ba2a744a05/transformed/interpolator-1.0.0 because:
build	Build with Gradle	2026-06-06T12:24:04.0610033Z   Caching not enabled.
build	Build with Gradle	2026-06-06T12:24:04.0611429Z Caching disabled for AarTransform: /home/runner/.gradle/caches/8.14/transforms/eec55b2add6457c8fb902795cbf8eedc/transformed/versionedparcelable-1.1.1 because:
build	Build with Gradle	2026-06-06T12:24:04.0612727Z   Caching not enabled.
build	Build with Gradle	2026-06-06T12:24:04.0613908Z Caching disabled for AarTransform: /home/runner/.gradle/caches/8.14/transforms/9a0af10b7d6a004c0dde0da7908916e8/transformed/core-runtime-2.2.0 because:
build	Build with Gradle	2026-06-06T12:24:04.0615174Z   Caching not enabled.
build	Build with Gradle	2026-06-06T12:24:04.0616372Z Caching disabled for AarTransform: /home/runner/.gradle/caches/8.14/transforms/a203a862f516367cac65cc0033ada510/transformed/core-viewtree-1.0.0 because:
build	Build with Gradle	2026-06-06T12:24:04.0617798Z   Caching not enabled.
build	Build with Gradle	2026-06-06T12:24:04.0618968Z Caching disabled for AarTransform: /home/runner/.gradle/caches/8.14/transforms/ee981983fc55a7699435ecebe45f87ef/transformed/core-1.4.1-release because:
build	Build with Gradle	2026-06-06T12:24:04.0620384Z   Caching not enabled.
build	Build with Gradle	2026-06-06T12:24:04.0621568Z Caching disabled for AarTransform: /home/runner/.gradle/caches/8.14/transforms/6e4c683cb074c37b2a51c2ee5db07733/transformed/constraintlayout-2.2.1 because:
build	Build with Gradle	2026-06-06T12:24:04.0622860Z   Caching not enabled.
build	Build with Gradle	2026-06-06T12:24:04.0624047Z Caching disabled for AarTransform: /home/runner/.gradle/caches/8.14/transforms/c4288f6412f7c6bdcfe961d2f0efb4d2/transformed/graphics-shapes-release because:
build	Build with Gradle	2026-06-06T12:24:04.0625314Z   Caching not enabled.
build	Build with Gradle	2026-06-06T12:24:04.0626444Z Caching disabled for AarTransform: /home/runner/.gradle/caches/8.14/transforms/efa565396efa7c69fa280f54041abb1e/transformed/appcompat-1.6.1 because:
build	Build with Gradle	2026-06-06T12:24:04.0627748Z   Caching not enabled.
build	Build with Gradle	2026-06-06T12:24:04.0628681Z Caching disabled for AarTransform: /home/runner/.gradle/caches/8.14/transforms/6589a5b496d2f82dfc01f076eae8bbc4/transformed/core-ktx-1.4.1-release because:
build	Build with Gradle	2026-06-06T12:24:04.0629752Z   Caching not enabled.
build	Build with Gradle	2026-06-06T12:24:04.9766273Z 
build	Build with Gradle	2026-06-06T12:24:04.9829098Z > Task :rish:buildCMakeRelWithDebInfo[arm64-v8a]
build	Build with Gradle	2026-06-06T12:24:04.9860030Z Deleting stale output file: /home/runner/work/ShizukuPlus/ShizukuPlus/api/rish/build/intermediates/cxx/RelWithDebInfo/6yo4f216/obj/arm64-v8a
build	Build with Gradle	2026-06-06T12:24:04.9948709Z Caching disabled for task ':rish:buildCMakeRelWithDebInfo[arm64-v8a]' because:
build	Build with Gradle	2026-06-06T12:24:04.9998618Z   Caching has been disabled for the task
build	Build with Gradle	2026-06-06T12:24:04.9999635Z Task ':rish:buildCMakeRelWithDebInfo[arm64-v8a]' is not up-to-date because:
build	Build with Gradle	2026-06-06T12:24:05.0036138Z   Task.upToDateWhen is false.
build	Build with Gradle	2026-06-06T12:24:05.0037151Z C/C++: starting build
build	Build with Gradle	2026-06-06T12:24:05.0038996Z C/C++: reading expected JSONs
build	Build with Gradle	2026-06-06T12:24:05.0039692Z C/C++: done reading expected JSONs
build	Build with Gradle	2026-06-06T12:24:05.0040547Z C/C++: executing build commands for targets that produce .so files or executables
build	Build with Gradle	2026-06-06T12:24:05.0041381Z C/C++: evaluate miniconfig
build	Build with Gradle	2026-06-06T12:24:05.0041956Z C/C++: evaluate library rish (arm64-v8a)
build	Build with Gradle	2026-06-06T12:24:05.0042753Z C/C++: building target library rish because no targets are specified.
build	Build with Gradle	2026-06-06T12:24:05.0043534Z C/C++: about to build targets rish
build	Build with Gradle	2026-06-06T12:24:05.0044104Z C/C++: Build rish
build	Build with Gradle	2026-06-06T12:24:05.0044587Z C/C++: /usr/local/lib/android/sdk/cmake/3.22.1/bin/ninja \
build	Build with Gradle	2026-06-06T12:24:05.0045214Z   -C \
build	Build with Gradle	2026-06-06T12:24:05.0045951Z   /home/runner/work/ShizukuPlus/ShizukuPlus/api/rish/.cxx/RelWithDebInfo/6yo4f216/arm64-v8a \
build	Build with Gradle	2026-06-06T12:24:05.0046752Z   rish
build	Build with Gradle	2026-06-06T12:24:05.0046997Z 
build	Build with Gradle	2026-06-06T12:24:05.0049169Z Starting process 'command '/usr/local/lib/android/sdk/cmake/3.22.1/bin/ninja''. Working directory: /home/runner/work/ShizukuPlus/ShizukuPlus/api/rish Command: /usr/local/lib/android/sdk/cmake/3.22.1/bin/ninja -C /home/runner/work/ShizukuPlus/ShizukuPlus/api/rish/.cxx/RelWithDebInfo/6yo4f216/arm64-v8a rish
build	Build with Gradle	2026-06-06T12:24:05.0052753Z Successfully started process 'command '/usr/local/lib/android/sdk/cmake/3.22.1/bin/ninja''
build	Build with Gradle	2026-06-06T12:24:05.0054085Z C/C++: Received process result: 0
build	Build with Gradle	2026-06-06T12:24:05.0054886Z C/C++: check expected build outputs
build	Build with Gradle	2026-06-06T12:24:05.0055667Z C/C++: build complete
build	Build with Gradle	2026-06-06T12:24:05.0057548Z Resolve mutations for :rish:configureCMakeRelWithDebInfo[armeabi-v7a] (Thread[#161,Execution worker Thread 2,5,main]) started.
build	Build with Gradle	2026-06-06T12:24:05.0089936Z :rish:configureCMakeRelWithDebInfo[armeabi-v7a] (Thread[#161,Execution worker Thread 2,5,main]) started.
build	Build with Gradle	2026-06-06T12:24:05.0090768Z 
build	Build with Gradle	2026-06-06T12:24:05.0091022Z > Task :common:compileReleaseJavaWithJavac
build	Build with Gradle	2026-06-06T12:24:05.0095005Z Starting process 'command '/usr/lib/jvm/temurin-21-jdk-amd64/bin/jlink''. Working directory: /home/runner/work/ShizukuPlus/ShizukuPlus/common Command: /usr/lib/jvm/temurin-21-jdk-amd64/bin/jlink --module-path /home/runner/.gradle/caches/8.14/transforms/9536f002a0232ef2570e6afe2c5408c0-711251d5-778c-48a6-b691-6722f9fbdabd/transformed/output/temp/jmod --add-modules java.base --output /home/runner/.gradle/caches/8.14/transforms/9536f002a0232ef2570e6afe2c5408c0-711251d5-778c-48a6-b691-6722f9fbdabd/transformed/output/jdkImage --disable-plugin system-modules
build	Build with Gradle	2026-06-06T12:24:05.0130282Z Successfully started process 'command '/usr/lib/jvm/temurin-21-jdk-amd64/bin/jlink''
build	Build with Gradle	2026-06-06T12:24:05.4750918Z Stored cache entry for JdkImageTransform: /usr/local/lib/android/sdk/platforms/android-35/core-for-system-modules.jar with cache key b66fc8202fa82e7e89ad355d3fab2df4
build	Build with Gradle	2026-06-06T12:24:05.4778746Z Custom actions are attached to task ':common:compileReleaseJavaWithJavac'.
build	Build with Gradle	2026-06-06T12:24:05.4809024Z Build cache key for task ':common:compileReleaseJavaWithJavac' is a9bbef6b869b130525e1c31f245da2d8
build	Build with Gradle	2026-06-06T12:24:05.4832917Z Task ':common:compileReleaseJavaWithJavac' is not up-to-date because:
build	Build with Gradle	2026-06-06T12:24:05.4834018Z   No history is available.
build	Build with Gradle	2026-06-06T12:24:05.4835672Z The input changes require a full rebuild for incremental task ':common:compileReleaseJavaWithJavac'.
build	Build with Gradle	2026-06-06T12:24:05.4836871Z Compilation mode: in-process compilation
build	Build with Gradle	2026-06-06T12:24:05.4839910Z Full recompilation is required because no incremental change information is available. This is usually caused by clean builds or changing compiler arguments.
build	Build with Gradle	2026-06-06T12:24:05.4840786Z Compiling with toolchain '/usr/lib/jvm/temurin-21-jdk-amd64'.
build	Build with Gradle	2026-06-06T12:24:05.4841450Z file or directory '/home/runner/work/ShizukuPlus/ShizukuPlus/common/src/release/java', not found
build	Build with Gradle	2026-06-06T12:24:05.4842032Z Compiling with JDK Java compiler API.
build	Build with Gradle	2026-06-06T12:24:05.6762212Z 
build	Build with Gradle	2026-06-06T12:24:05.6796226Z > Task :core:ui:dataBindingGenBaseClassesRelease
build	Build with Gradle	2026-06-06T12:24:05.6804238Z Build cache key for task ':core:ui:dataBindingGenBaseClassesRelease' is 022392af67e5f2e664e59154b1a5df93
build	Build with Gradle	2026-06-06T12:24:05.6805495Z Task ':core:ui:dataBindingGenBaseClassesRelease' is not up-to-date because:
build	Build with Gradle	2026-06-06T12:24:05.6806360Z   No history is available.
build	Build with Gradle	2026-06-06T12:24:05.6807195Z The input changes require a full rebuild for incremental task ':core:ui:dataBindingGenBaseClassesRelease'.
build	Build with Gradle	2026-06-06T12:24:05.6808740Z Stored cache entry for task ':core:ui:dataBindingGenBaseClassesRelease' with cache key 022392af67e5f2e664e59154b1a5df93
build	Build with Gradle	2026-06-06T12:24:05.6810179Z work action resolve out (project :core:ui) (Thread[#160,Execution worker,5,main]) started.
build	Build with Gradle	2026-06-06T12:24:05.6811350Z Resolve mutations for :core:ui:parseReleaseLocalResources (Thread[#160,Execution worker,5,main]) started.
build	Build with Gradle	2026-06-06T12:24:05.6812522Z :core:ui:parseReleaseLocalResources (Thread[#160,Execution worker,5,main]) started.
build	Build with Gradle	2026-06-06T12:24:05.6813109Z 
build	Build with Gradle	2026-06-06T12:24:05.6813393Z > Task :shell:compileReleaseJavaWithJavac
build	Build with Gradle	2026-06-06T12:24:05.6814723Z Caching disabled for AarToClassTransform: /home/runner/.gradle/caches/modules-2/files-2.1/dev.rikka.hidden/compat/4.4.0/7f3cc1861cad2da4e242271272b5f8c9f38fe9f8/compat-4.4.0.aar because:
build	Build with Gradle	2026-06-06T12:24:05.6816002Z   Caching not enabled.
build	Build with Gradle	2026-06-06T12:24:05.6816637Z Custom actions are attached to task ':shell:compileReleaseJavaWithJavac'.
build	Build with Gradle	2026-06-06T12:24:05.6817973Z Build cache key for task ':shell:compileReleaseJavaWithJavac' is d5026017a674fae45f6e64dd3c2d7444
build	Build with Gradle	2026-06-06T12:24:05.6819020Z Task ':shell:compileReleaseJavaWithJavac' is not up-to-date because:
build	Build with Gradle	2026-06-06T12:24:05.6820361Z   No history is available.
build	Build with Gradle	2026-06-06T12:24:05.6829833Z The input changes require a full rebuild for incremental task ':shell:compileReleaseJavaWithJavac'.
build	Build with Gradle	2026-06-06T12:24:05.6896695Z Compilation mode: in-process compilation
build	Build with Gradle	2026-06-06T12:24:05.6898716Z Full recompilation is required because no incremental change information is available. This is usually caused by clean builds or changing compiler arguments.
build	Build with Gradle	2026-06-06T12:24:05.6900344Z Compiling with toolchain '/usr/lib/jvm/temurin-21-jdk-amd64'.
build	Build with Gradle	2026-06-06T12:24:05.6901589Z file or directory '/home/runner/work/ShizukuPlus/ShizukuPlus/shell/src/release/java', not found
build	Build with Gradle	2026-06-06T12:24:05.6902656Z Compiling with JDK Java compiler API.
build	Build with Gradle	2026-06-06T12:24:05.8766113Z 
build	Build with Gradle	2026-06-06T12:24:05.8798643Z > Task :core:ui:parseReleaseLocalResources
build	Build with Gradle	2026-06-06T12:24:05.8828628Z Build cache key for task ':core:ui:parseReleaseLocalResources' is c80fe7a3ffb113bae8f2c46485da171c
build	Build with Gradle	2026-06-06T12:24:05.8829929Z Task ':core:ui:parseReleaseLocalResources' is not up-to-date because:
build	Build with Gradle	2026-06-06T12:24:05.8858221Z   No history is available.
build	Build with Gradle	2026-06-06T12:24:05.8878462Z The input changes require a full rebuild for incremental task ':core:ui:parseReleaseLocalResources'.
build	Build with Gradle	2026-06-06T12:24:05.8915630Z Stored cache entry for task ':core:ui:parseReleaseLocalResources' with cache key c80fe7a3ffb113bae8f2c46485da171c
build	Build with Gradle	2026-06-06T12:24:05.8942248Z Resolve mutations for :core:ui:generateReleaseRFile (Thread[#160,Execution worker,5,main]) started.
build	Build with Gradle	2026-06-06T12:24:05.8986252Z :core:ui:generateReleaseRFile (Thread[#160,Execution worker,5,main]) started.
build	Build with Gradle	2026-06-06T12:24:05.8993947Z 
build	Build with Gradle	2026-06-06T12:24:05.8994723Z > Task :rish:configureCMakeRelWithDebInfo[armeabi-v7a]
build	Build with Gradle	2026-06-06T12:24:05.8995718Z Caching disabled for task ':rish:configureCMakeRelWithDebInfo[armeabi-v7a]' because:
build	Build with Gradle	2026-06-06T12:24:05.8996667Z   Caching has been disabled for the task
build	Build with Gradle	2026-06-06T12:24:05.8997875Z Task ':rish:configureCMakeRelWithDebInfo[armeabi-v7a]' is not up-to-date because:
build	Build with Gradle	2026-06-06T12:24:05.8998832Z   Task.upToDateWhen is false.
build	Build with Gradle	2026-06-06T12:24:05.9000055Z C/C++: /home/runner/work/ShizukuPlus/ShizukuPlus/api/rish/src/main/cpp/CMakeLists.txt release|armeabi-v7a : Start JSON generation. Platform version: 24 min SDK version: armeabi-v7a
build	Build with Gradle	2026-06-06T12:24:05.9002436Z C/C++: /home/runner/work/ShizukuPlus/ShizukuPlus/api/rish/src/main/cpp/CMakeLists.txt release|armeabi-v7a : rebuilding JSON /home/runner/work/ShizukuPlus/ShizukuPlus/api/rish/.cxx/RelWithDebInfo/6yo4f216/armeabi-v7a/android_gradle_build.json due to:
build	Build with Gradle	2026-06-06T12:24:05.9004728Z C/C++: /home/runner/work/ShizukuPlus/ShizukuPlus/api/rish/src/main/cpp/CMakeLists.txt release|armeabi-v7a : - no fingerprint file, will remove stale configuration folder
build	Build with Gradle	2026-06-06T12:24:05.9006618Z C/C++: /home/runner/work/ShizukuPlus/ShizukuPlus/api/rish/src/main/cpp/CMakeLists.txt release|armeabi-v7a : /usr/lib/jvm/temurin-21-jdk-amd64/bin/java \
build	Build with Gradle	2026-06-06T12:24:05.9008038Z   --class-path \
build	Build with Gradle	2026-06-06T12:24:05.9009081Z   /home/runner/.gradle/caches/modules-2/files-2.1/com.google.prefab/cli/2.1.0/aa32fec809c44fa531f01dcfb739b5b3304d3050/cli-2.1.0-all.jar \
build	Build with Gradle	2026-06-06T12:24:05.9010210Z   com.google.prefab.cli.AppKt \
build	Build with Gradle	2026-06-06T12:24:05.9010848Z   --build-system \
build	Build with Gradle	2026-06-06T12:24:05.9011346Z   cmake \
build	Build with Gradle	2026-06-06T12:24:05.9011811Z   --platform \
build	Build with Gradle	2026-06-06T12:24:05.9012301Z   android \
build	Build with Gradle	2026-06-06T12:24:05.9012757Z   --abi \
build	Build with Gradle	2026-06-06T12:24:05.9013237Z   armeabi-v7a \
build	Build with Gradle	2026-06-06T12:24:05.9013759Z   --os-version \
build	Build with Gradle	2026-06-06T12:24:05.9014321Z   24 \
build	Build with Gradle	2026-06-06T12:24:05.9014770Z   --stl \
build	Build with Gradle	2026-06-06T12:24:05.9015194Z   none \
build	Build with Gradle	2026-06-06T12:24:05.9015627Z   --ndk-version \
build	Build with Gradle	2026-06-06T12:24:05.9016089Z   27 \
build	Build with Gradle	2026-06-06T12:24:05.9016529Z   --output \
build	Build with Gradle	2026-06-06T12:24:05.9017183Z   /tmp/agp-prefab-staging3924759276089728062/staged-cli-output \
build	Build with Gradle	2026-06-06T12:24:05.9018547Z   /home/runner/.gradle/caches/8.14/transforms/0229dbc9f57fa8133a9f500f70fe76a8/transformed/libcxx-27.0.12077973/prefab
build	Build with Gradle	2026-06-06T12:24:05.9019525Z 
build	Build with Gradle	2026-06-06T12:24:05.9021832Z Starting process 'command '/home/runner/work/ShizukuPlus/ShizukuPlus/api/rish/build/intermediates/cxx/RelWithDebInfo/6yo4f216/logs/armeabi-v7a/prefab_command''. Working directory: /home/runner/work/ShizukuPlus/ShizukuPlus/api/rish Command: /home/runner/work/ShizukuPlus/ShizukuPlus/api/rish/build/intermediates/cxx/RelWithDebInfo/6yo4f216/logs/armeabi-v7a/prefab_command 
build	Build with Gradle	2026-06-06T12:24:05.9025196Z Successfully started process 'command '/home/runner/work/ShizukuPlus/ShizukuPlus/api/rish/build/intermediates/cxx/RelWithDebInfo/6yo4f216/logs/armeabi-v7a/prefab_command''
build	Build with Gradle	2026-06-06T12:24:05.9026994Z C/C++: /home/runner/work/ShizukuPlus/ShizukuPlus/api/rish/src/main/cpp/CMakeLists.txt release|armeabi-v7a : Received process result: 0
build	Build with Gradle	2026-06-06T12:24:05.9029306Z C/C++: /home/runner/work/ShizukuPlus/ShizukuPlus/api/rish/src/main/cpp/CMakeLists.txt release|armeabi-v7a : removing stale contents from '/home/runner/work/ShizukuPlus/ShizukuPlus/api/rish/.cxx/RelWithDebInfo/6yo4f216/armeabi-v7a'
build	Build with Gradle	2026-06-06T12:24:05.9032073Z C/C++: /home/runner/work/ShizukuPlus/ShizukuPlus/api/rish/src/main/cpp/CMakeLists.txt release|armeabi-v7a : created folder '/home/runner/work/ShizukuPlus/ShizukuPlus/api/rish/.cxx/RelWithDebInfo/6yo4f216/armeabi-v7a'
build	Build with Gradle	2026-06-06T12:24:05.9034382Z C/C++: /home/runner/work/ShizukuPlus/ShizukuPlus/api/rish/src/main/cpp/CMakeLists.txt release|armeabi-v7a : executing cmake /usr/local/lib/android/sdk/cmake/3.22.1/bin/cmake \
build	Build with Gradle	2026-06-06T12:24:05.9039618Z   -H/home/runner/work/ShizukuPlus/ShizukuPlus/api/rish/src/main/cpp \
build	Build with Gradle	2026-06-06T12:24:05.9040628Z   -DCMAKE_SYSTEM_NAME=Android \
build	Build with Gradle	2026-06-06T12:24:05.9041204Z   -DCMAKE_EXPORT_COMPILE_COMMANDS=ON \
build	Build with Gradle	2026-06-06T12:24:05.9041812Z   -DCMAKE_SYSTEM_VERSION=24 \
build	Build with Gradle	2026-06-06T12:24:05.9045672Z   -DANDROID_PLATFORM=android-24 \
build	Build with Gradle	2026-06-06T12:24:05.9046403Z   -DANDROID_ABI=armeabi-v7a \
build	Build with Gradle	2026-06-06T12:24:05.9047128Z   -DCMAKE_ANDROID_ARCH_ABI=armeabi-v7a \
build	Build with Gradle	2026-06-06T12:24:05.9048056Z   -DANDROID_NDK=/usr/local/lib/android/sdk/ndk/27.0.12077973 \
build	Build with Gradle	2026-06-06T12:24:05.9048931Z   -DCMAKE_ANDROID_NDK=/usr/local/lib/android/sdk/ndk/27.0.12077973 \
build	Build with Gradle	2026-06-06T12:24:05.9050016Z   -DCMAKE_TOOLCHAIN_FILE=/usr/local/lib/android/sdk/ndk/27.0.12077973/build/cmake/android.toolchain.cmake \
build	Build with Gradle	2026-06-06T12:24:05.9051228Z   -DCMAKE_MAKE_PROGRAM=/usr/local/lib/android/sdk/cmake/3.22.1/bin/ninja \
build	Build with Gradle	2026-06-06T12:24:05.9052638Z   -DCMAKE_LIBRARY_OUTPUT_DIRECTORY=/home/runner/work/ShizukuPlus/ShizukuPlus/api/rish/build/intermediates/cxx/RelWithDebInfo/6yo4f216/obj/armeabi-v7a \
build	Build with Gradle	2026-06-06T12:24:05.9054367Z   -DCMAKE_RUNTIME_OUTPUT_DIRECTORY=/home/runner/work/ShizukuPlus/ShizukuPlus/api/rish/build/intermediates/cxx/RelWithDebInfo/6yo4f216/obj/armeabi-v7a \
build	Build with Gradle	2026-06-06T12:24:05.9055630Z   -DCMAKE_BUILD_TYPE=RelWithDebInfo \
build	Build with Gradle	2026-06-06T12:24:05.9056698Z   -DCMAKE_FIND_ROOT_PATH=/home/runner/work/ShizukuPlus/ShizukuPlus/api/rish/.cxx/RelWithDebInfo/6yo4f216/prefab/armeabi-v7a/prefab \
build	Build with Gradle	2026-06-06T12:24:05.9058240Z   -B/home/runner/work/ShizukuPlus/ShizukuPlus/api/rish/.cxx/RelWithDebInfo/6yo4f216/armeabi-v7a \
build	Build with Gradle	2026-06-06T12:24:05.9059197Z   -GNinja \
build	Build with Gradle	2026-06-06T12:24:05.9059747Z   -DANDROID_STL=none
build	Build with Gradle	2026-06-06T12:24:05.9060040Z 
build	Build with Gradle	2026-06-06T12:24:05.9060937Z C/C++: /home/runner/work/ShizukuPlus/ShizukuPlus/api/rish/src/main/cpp/CMakeLists.txt release|armeabi-v7a : /usr/local/lib/android/sdk/cmake/3.22.1/bin/cmake \
build	Build with Gradle	2026-06-06T12:24:05.9062222Z   -H/home/runner/work/ShizukuPlus/ShizukuPlus/api/rish/src/main/cpp \
build	Build with Gradle	2026-06-06T12:24:05.9062641Z   -DCMAKE_SYSTEM_NAME=Android \
build	Build with Gradle	2026-06-06T12:24:05.9062965Z   -DCMAKE_EXPORT_COMPILE_COMMANDS=ON \
build	Build with Gradle	2026-06-06T12:24:05.9063305Z   -DCMAKE_SYSTEM_VERSION=24 \
build	Build with Gradle	2026-06-06T12:24:05.9063698Z   -DANDROID_PLATFORM=android-24 \
build	Build with Gradle	2026-06-06T12:24:05.9064124Z   -DANDROID_ABI=armeabi-v7a \
build	Build with Gradle	2026-06-06T12:24:05.9064545Z   -DCMAKE_ANDROID_ARCH_ABI=armeabi-v7a \
build	Build with Gradle	2026-06-06T12:24:05.9065087Z   -DANDROID_NDK=/usr/local/lib/android/sdk/ndk/27.0.12077973 \
build	Build with Gradle	2026-06-06T12:24:05.9065745Z   -DCMAKE_ANDROID_NDK=/usr/local/lib/android/sdk/ndk/27.0.12077973 \
build	Build with Gradle	2026-06-06T12:24:05.9066652Z   -DCMAKE_TOOLCHAIN_FILE=/usr/local/lib/android/sdk/ndk/27.0.12077973/build/cmake/android.toolchain.cmake \
build	Build with Gradle	2026-06-06T12:24:05.9067879Z   -DCMAKE_MAKE_PROGRAM=/usr/local/lib/android/sdk/cmake/3.22.1/bin/ninja \
build	Build with Gradle	2026-06-06T12:24:05.9069149Z   -DCMAKE_LIBRARY_OUTPUT_DIRECTORY=/home/runner/work/ShizukuPlus/ShizukuPlus/api/rish/build/intermediates/cxx/RelWithDebInfo/6yo4f216/obj/armeabi-v7a \
build	Build with Gradle	2026-06-06T12:24:05.9070961Z   -DCMAKE_RUNTIME_OUTPUT_DIRECTORY=/home/runner/work/ShizukuPlus/ShizukuPlus/api/rish/build/intermediates/cxx/RelWithDebInfo/6yo4f216/obj/armeabi-v7a \
build	Build with Gradle	2026-06-06T12:24:05.9072164Z   -DCMAKE_BUILD_TYPE=RelWithDebInfo \
build	Build with Gradle	2026-06-06T12:24:05.9073168Z   -DCMAKE_FIND_ROOT_PATH=/home/runner/work/ShizukuPlus/ShizukuPlus/api/rish/.cxx/RelWithDebInfo/6yo4f216/prefab/armeabi-v7a/prefab \
build	Build with Gradle	2026-06-06T12:24:05.9074500Z   -B/home/runner/work/ShizukuPlus/ShizukuPlus/api/rish/.cxx/RelWithDebInfo/6yo4f216/armeabi-v7a \
build	Build with Gradle	2026-06-06T12:24:05.9075577Z   -GNinja \
build	Build with Gradle	2026-06-06T12:24:05.9075993Z   -DANDROID_STL=none
build	Build with Gradle	2026-06-06T12:24:05.9076212Z 
build	Build with Gradle	2026-06-06T12:24:05.9082747Z Starting process 'command '/usr/local/lib/android/sdk/cmake/3.22.1/bin/cmake''. Working directory: /home/runner/work/ShizukuPlus/ShizukuPlus/api/rish Command: /usr/local/lib/android/sdk/cmake/3.22.1/bin/cmake -H/home/runner/work/ShizukuPlus/ShizukuPlus/api/rish/src/main/cpp -DCMAKE_SYSTEM_NAME=Android -DCMAKE_EXPORT_COMPILE_COMMANDS=ON -DCMAKE_SYSTEM_VERSION=24 -DANDROID_PLATFORM=android-24 -DANDROID_ABI=armeabi-v7a -DCMAKE_ANDROID_ARCH_ABI=armeabi-v7a -DANDROID_NDK=/usr/local/lib/android/sdk/ndk/27.0.12077973 -DCMAKE_ANDROID_NDK=/usr/local/lib/android/sdk/ndk/27.0.12077973 -DCMAKE_TOOLCHAIN_FILE=/usr/local/lib/android/sdk/ndk/27.0.12077973/build/cmake/android.toolchain.cmake -DCMAKE_MAKE_PROGRAM=/usr/local/lib/android/sdk/cmake/3.22.1/bin/ninja -DCMAKE_LIBRARY_OUTPUT_DIRECTORY=/home/runner/work/ShizukuPlus/ShizukuPlus/api/rish/build/intermediates/cxx/RelWithDebInfo/6yo4f216/obj/armeabi-v7a -DCMAKE_RUNTIME_OUTPUT_DIRECTORY=/home/runner/work/ShizukuPlus/ShizukuPlus/api/rish/build/intermediates/cxx/RelWithDebInfo/6yo4f216/obj/armeabi-v7a -DCMAKE_BUILD_TYPE=RelWithDebInfo -DCMAKE_FIND_ROOT_PATH=/home/runner/work/ShizukuPlus/ShizukuPlus/api/rish/.cxx/RelWithDebInfo/6yo4f216/prefab/armeabi-v7a/prefab -B/home/runner/work/ShizukuPlus/ShizukuPlus/api/rish/.cxx/RelWithDebInfo/6yo4f216/armeabi-v7a -GNinja -DANDROID_STL=none
build	Build with Gradle	2026-06-06T12:24:05.9088329Z Successfully started process 'command '/usr/local/lib/android/sdk/cmake/3.22.1/bin/cmake''
build	Build with Gradle	2026-06-06T12:24:05.9088820Z C/C++: Builing Release...
build	Build with Gradle	2026-06-06T12:24:05.9089404Z C/C++: /home/runner/work/ShizukuPlus/ShizukuPlus/api/rish/src/main/cpp/CMakeLists.txt release|armeabi-v7a : Received process result: 0
build	Build with Gradle	2026-06-06T12:24:05.9090708Z C/C++: /home/runner/work/ShizukuPlus/ShizukuPlus/api/rish/src/main/cpp/CMakeLists.txt release|armeabi-v7a : Exiting generation of /home/runner/work/ShizukuPlus/ShizukuPlus/api/rish/.cxx/RelWithDebInfo/6yo4f216/armeabi-v7a/compile_commands.json.bin normally
build	Build with Gradle	2026-06-06T12:24:05.9091982Z C/C++: /home/runner/work/ShizukuPlus/ShizukuPlus/api/rish/src/main/cpp/CMakeLists.txt release|armeabi-v7a : done executing cmake
build	Build with Gradle	2026-06-06T12:24:05.9093515Z C/C++: /home/runner/work/ShizukuPlus/ShizukuPlus/api/rish/src/main/cpp/CMakeLists.txt release|armeabi-v7a : hard linked /home/runner/work/ShizukuPlus/ShizukuPlus/api/rish/.cxx/RelWithDebInfo/6yo4f216/armeabi-v7a/compile_commands.json to /home/runner/work/ShizukuPlus/ShizukuPlus/api/rish/.cxx/tools/release/armeabi-v7a/compile_commands.json
build	Build with Gradle	2026-06-06T12:24:05.9095113Z C/C++: /home/runner/work/ShizukuPlus/ShizukuPlus/api/rish/src/main/cpp/CMakeLists.txt release|armeabi-v7a : JSON generation completed without problems
build	Build with Gradle	2026-06-06T12:24:05.9096478Z C/C++: /home/runner/work/ShizukuPlus/ShizukuPlus/api/rish/src/main/cpp/CMakeLists.txt release|armeabi-v7a : Writing build model to /home/runner/work/ShizukuPlus/ShizukuPlus/api/rish/build/intermediates/cxx/RelWithDebInfo/6yo4f216/logs/armeabi-v7a/build_model.json
build	Build with Gradle	2026-06-06T12:24:05.9862608Z Resolve mutations for :rish:buildCMakeRelWithDebInfo[armeabi-v7a] (Thread[#161,Execution worker Thread 2,5,main]) started.
build	Build with Gradle	2026-06-06T12:24:05.9936929Z :rish:buildCMakeRelWithDebInfo[armeabi-v7a] (Thread[#161,Execution worker Thread 2,5,main]) started.
build	Build with Gradle	2026-06-06T12:24:06.5778238Z 
build	Build with Gradle	2026-06-06T12:24:06.5819972Z > Task :core:ui:generateReleaseRFile
build	Build with Gradle	2026-06-06T12:24:06.5849179Z Caching disabled for LibrarySymbolTableTransform: /home/runner/.gradle/caches/8.14/transforms/6a51a01fd16264a83e0f0feeab00d6ea/transformed/layoutinflater-1.3.0 because:
build	Build with Gradle	2026-06-06T12:24:06.5908434Z   Caching not enabled.
build	Build with Gradle	2026-06-06T12:24:06.5910030Z Caching disabled for LibrarySymbolTableTransform: /home/runner/.gradle/caches/8.14/transforms/5d7fa8ac1f6ab741b32c1fc4bc71bdf6/transformed/compatibility-2.0.0 because:
build	Build with Gradle	2026-06-06T12:24:06.5958426Z   Caching not enabled.
build	Build with Gradle	2026-06-06T12:24:06.6019159Z Caching disabled for LibrarySymbolTableTransform: /home/runner/.gradle/caches/8.14/transforms/693c054b9b80dbf8007dadbf97a7b615/transformed/viewbinding-8.11.1 because:
build	Build with Gradle	2026-06-06T12:24:06.6078471Z   Caching not enabled.
build	Build with Gradle	2026-06-06T12:24:06.6109297Z Caching disabled for LibrarySymbolTableTransform: /home/runner/.gradle/caches/8.14/transforms/a6084efd8e6c9ff951c8e72453f81ad6/transformed/material-1.14.0-beta01 because:
build	Build with Gradle	2026-06-06T12:24:06.6138563Z   Caching not enabled.
build	Build with Gradle	2026-06-06T12:24:06.6209284Z Caching disabled for LibrarySymbolTableTransform: /home/runner/.gradle/caches/8.14/transforms/65454cf7d9888af3078a04881c706907/transformed/appcompat-resources-1.7.0 because:
build	Build with Gradle	2026-06-06T12:24:06.6238356Z   Caching not enabled.
build	Build with Gradle	2026-06-06T12:24:06.6299227Z Caching disabled for LibrarySymbolTableTransform: /home/runner/.gradle/caches/8.14/transforms/6f3aedd40656040f59ef8f054d3927d7/transformed/appcompat-1.7.0 because:
build	Build with Gradle	2026-06-06T12:24:06.6328536Z   Caching not enabled.
build	Build with Gradle	2026-06-06T12:24:06.6389332Z Caching disabled for LibrarySymbolTableTransform: /home/runner/.gradle/caches/8.14/transforms/e94b2a0234ee0fc856dd3903ab85b2e1/transformed/viewpager2-1.0.0 because:
build	Build with Gradle	2026-06-06T12:24:06.6428465Z   Caching not enabled.
build	Build with Gradle	2026-06-06T12:24:06.6479133Z Caching disabled for LibrarySymbolTableTransform: /home/runner/.gradle/caches/8.14/transforms/3496351281a372f59379614fd15c5436/transformed/fragment-1.8.7 because:
build	Build with Gradle	2026-06-06T12:24:06.6508407Z   Caching not enabled.
build	Build with Gradle	2026-06-06T12:24:06.6569203Z Caching disabled for LibrarySymbolTableTransform: /home/runner/.gradle/caches/8.14/transforms/aab493d2bbab5d087a023e9183eede9c/transformed/fragment-ktx-1.8.7 because:
build	Build with Gradle	2026-06-06T12:24:06.6598339Z   Caching not enabled.
build	Build with Gradle	2026-06-06T12:24:06.6639258Z Caching disabled for LibrarySymbolTableTransform: /home/runner/.gradle/caches/8.14/transforms/c4ba88001386a85ee85f090f578a195e/transformed/activity-1.8.1 because:
build	Build with Gradle	2026-06-06T12:24:06.6688499Z   Caching not enabled.
build	Build with Gradle	2026-06-06T12:24:06.6739213Z Caching disabled for LibrarySymbolTableTransform: /home/runner/.gradle/caches/8.14/transforms/e130a89052a8b4d95c427db310d4db3d/transformed/activity-ktx-1.8.1 because:
build	Build with Gradle	2026-06-06T12:24:06.6768341Z   Caching not enabled.
build	Build with Gradle	2026-06-06T12:24:06.6829030Z Caching disabled for LibrarySymbolTableTransform: /home/runner/.gradle/caches/8.14/transforms/bcf44e27a39512bc2c5ebe0776c55bf9/transformed/recyclerview-1.2.1 because:
build	Build with Gradle	2026-06-06T12:24:06.6858356Z   Caching not enabled.
build	Build with Gradle	2026-06-06T12:24:06.6919196Z Caching disabled for LibrarySymbolTableTransform: /home/runner/.gradle/caches/8.14/transforms/f44317b6b582e3df5afb18620edd3775/transformed/swiperefreshlayout-1.1.0 because:
build	Build with Gradle	2026-06-06T12:24:06.6938137Z   Caching not enabled.
build	Build with Gradle	2026-06-06T12:24:06.7046466Z Caching disabled for LibrarySymbolTableTransform: /home/runner/.gradle/caches/8.14/transforms/9a6f8cbb6346f3bbb1b98d5903fb48b2/transformed/drawerlayout-1.1.1 because:
build	Build with Gradle	2026-06-06T12:24:06.7078221Z   Caching not enabled.
build	Build with Gradle	2026-06-06T12:24:06.7144348Z Caching disabled for LibrarySymbolTableTransform: /home/runner/.gradle/caches/8.14/transforms/33de77d114239838176c165bd9600680/transformed/coordinatorlayout-1.1.0 because:
build	Build with Gradle	2026-06-06T12:24:06.7198166Z   Caching not enabled.
build	Build with Gradle	2026-06-06T12:24:06.7229163Z Caching disabled for LibrarySymbolTableTransform: /home/runner/.gradle/caches/8.14/transforms/f32932b768c1c383327c110c6e2f2a04/transformed/viewpager-1.0.0 because:
build	Build with Gradle	2026-06-06T12:24:06.7306446Z   Caching not enabled.
build	Build with Gradle	2026-06-06T12:24:06.7357148Z Caching disabled for LibrarySymbolTableTransform: /home/runner/.gradle/caches/8.14/transforms/2a1f64bb05593b70cb9126021244d174/transformed/customview-1.2.0 because:
build	Build with Gradle	2026-06-06T12:24:06.7408151Z   Caching not enabled.
build	Build with Gradle	2026-06-06T12:24:06.7479044Z Caching disabled for LibrarySymbolTableTransform: /home/runner/.gradle/caches/8.14/transforms/38973380b257061575958cac22670390/transformed/dynamicanimation-1.1.0 because:
build	Build with Gradle	2026-06-06T12:24:06.7499697Z   Caching not enabled.
build	Build with Gradle	2026-06-06T12:24:06.7569606Z Caching disabled for LibrarySymbolTableTransform: /home/runner/.gradle/caches/8.14/transforms/871eef536661b7022d994ed4489cf28d/transformed/transition-1.5.0 because:
build	Build with Gradle	2026-06-06T12:24:06.7618333Z   Caching not enabled.
build	Build with Gradle	2026-06-06T12:24:06.7659202Z Caching disabled for LibrarySymbolTableTransform: /home/runner/.gradle/caches/8.14/transforms/d697b5d8b45978ec3a98ef1655ea06c8/transformed/vectordrawable-animated-1.1.0 because:
build	Build with Gradle	2026-06-06T12:24:06.7688154Z   Caching not enabled.
build	Build with Gradle	2026-06-06T12:24:06.7712650Z Caching disabled for LibrarySymbolTableTransform: /home/runner/.gradle/caches/8.14/transforms/dc0275561321685487c64fd075a63c35/transformed/vectordrawable-1.1.0 because:
build	Build with Gradle	2026-06-06T12:24:06.7738123Z   Caching not enabled.
build	Build with Gradle	2026-06-06T12:24:06.7753573Z Caching disabled for LibrarySymbolTableTransform: /home/runner/.gradle/caches/8.14/transforms/d39b45e93aa24a0297878e1eb336ea9a/transformed/loader-1.0.0 because:
build	Build with Gradle	2026-06-06T12:24:06.7768178Z   Caching not enabled.
build	Build with Gradle	2026-06-06T12:24:06.7793720Z Caching disabled for LibrarySymbolTableTransform: /home/runner/.gradle/caches/8.14/transforms/dccf0fa98be1aa325c3a1ea827f00c26/transformed/lifecycle-livedata-2.6.2 because:
build	Build with Gradle	2026-06-06T12:24:06.7818047Z   Caching not enabled.
build	Build with Gradle	2026-06-06T12:24:06.7844734Z Caching disabled for LibrarySymbolTableTransform: /home/runner/.gradle/caches/8.14/transforms/4e8f83356a3c10e4828fa34b7f68439e/transformed/lifecycle-runtime-ktx-2.6.2 because:
build	Build with Gradle	2026-06-06T12:24:06.7868027Z   Caching not enabled.
build	Build with Gradle	2026-06-06T12:24:06.7888974Z Caching disabled for LibrarySymbolTableTransform: /home/runner/.gradle/caches/8.14/transforms/ee87d23f63dcca5d7d450baf9e277f60/transformed/lifecycle-livedata-core-2.6.2 because:
build	Build with Gradle	2026-06-06T12:24:06.7898400Z   Caching not enabled.
build	Build with Gradle	2026-06-06T12:24:06.7946387Z Caching disabled for LibrarySymbolTableTransform: /home/runner/.gradle/caches/8.14/transforms/14a2286e0098463f0a92170156a92cd9/transformed/lifecycle-viewmodel-2.6.2 because:
build	Build with Gradle	2026-06-06T12:24:06.7978110Z   Caching not enabled.
build	Build with Gradle	2026-06-06T12:24:06.7979717Z Caching disabled for LibrarySymbolTableTransform: /home/runner/.gradle/caches/8.14/transforms/5c293b8b47e63d9af063591faa3f19e8/transformed/lifecycle-viewmodel-ktx-2.6.2 because:
build	Build with Gradle	2026-06-06T12:24:06.7999395Z   Caching not enabled.
build	Build with Gradle	2026-06-06T12:24:06.8038938Z Caching disabled for LibrarySymbolTableTransform: /home/runner/.gradle/caches/8.14/transforms/810829894a4687e11eead72cf29eed78/transformed/lifecycle-livedata-core-ktx-2.6.2 because:
build	Build with Gradle	2026-06-06T12:24:06.8040615Z   Caching not enabled.
build	Build with Gradle	2026-06-06T12:24:06.8069351Z Caching disabled for LibrarySymbolTableTransform: /home/runner/.gradle/caches/8.14/transforms/b5405f3dee1d83f36ed1ef719d830b3f/transformed/lifecycle-viewmodel-savedstate-2.6.2 because:
build	Build with Gradle	2026-06-06T12:24:06.8098036Z   Caching not enabled.
build	Build with Gradle	2026-06-06T12:24:06.8116680Z Caching disabled for LibrarySymbolTableTransform: /home/runner/.gradle/caches/8.14/transforms/029a61c97118f0c834c270c0dd5c56c8/transformed/core-ktx-1.16.0 because:
build	Build with Gradle	2026-06-06T12:24:06.8148093Z   Caching not enabled.
build	Build with Gradle	2026-06-06T12:24:06.8159092Z Caching disabled for LibrarySymbolTableTransform: /home/runner/.gradle/caches/8.14/transforms/30676eef3dc22ac269337397d20f7f25/transformed/insets-1.3.0-release because:
build	Build with Gradle	2026-06-06T12:24:06.8188230Z   Caching not enabled.
build	Build with Gradle	2026-06-06T12:24:06.8249321Z Caching disabled for LibrarySymbolTableTransform: /home/runner/.gradle/caches/8.14/transforms/ea2fd54e049d735d230bdfacf1751aed/transformed/savedstate-ktx-1.2.1 because:
build	Build with Gradle	2026-06-06T12:24:06.8302647Z   Caching not enabled.
build	Build with Gradle	2026-06-06T12:24:06.8304444Z Caching disabled for LibrarySymbolTableTransform: /home/runner/.gradle/caches/8.14/transforms/14f0e8b7a0c461618e8e5383c1bd88bc/transformed/savedstate-1.2.1 because:
build	Build with Gradle	2026-06-06T12:24:06.8353519Z   Caching not enabled.
build	Build with Gradle	2026-06-06T12:24:06.8404959Z Caching disabled for LibrarySymbolTableTransform: /home/runner/.gradle/caches/8.14/transforms/af1849ac59ea9b10c0df81a67570c855/transformed/cursoradapter-1.0.0 because:
build	Build with Gradle	2026-06-06T12:24:06.8455116Z   Caching not enabled.
build	Build with Gradle	2026-06-06T12:24:06.8489759Z Caching disabled for LibrarySymbolTableTransform: /home/runner/.gradle/caches/8.14/transforms/b2e7fb1ff7f260dce39e55cb27088efd/transformed/cardview-1.0.0 because:
build	Build with Gradle	2026-06-06T12:24:06.8528343Z   Caching not enabled.
build	Build with Gradle	2026-06-06T12:24:06.8596835Z Caching disabled for LibrarySymbolTableTransform: /home/runner/.gradle/caches/8.14/transforms/ee981983fc55a7699435ecebe45f87ef/transformed/core-1.4.1-release because:
build	Build with Gradle	2026-06-06T12:24:06.8628352Z   Caching not enabled.
build	Build with Gradle	2026-06-06T12:24:06.8659339Z Caching disabled for LibrarySymbolTableTransform: /home/runner/.gradle/caches/8.14/transforms/6e4c683cb074c37b2a51c2ee5db07733/transformed/constraintlayout-2.2.1 because:
build	Build with Gradle	2026-06-06T12:24:06.8708314Z   Caching not enabled.
build	Build with Gradle	2026-06-06T12:24:06.8749240Z Caching disabled for LibrarySymbolTableTransform: /home/runner/.gradle/caches/8.14/transforms/c4288f6412f7c6bdcfe961d2f0efb4d2/transformed/graphics-shapes-release because:
build	Build with Gradle	2026-06-06T12:24:06.8808315Z   Caching not enabled.
build	Build with Gradle	2026-06-06T12:24:06.8889454Z Caching disabled for LibrarySymbolTableTransform: /home/runner/.gradle/caches/8.14/transforms/efa565396efa7c69fa280f54041abb1e/transformed/appcompat-1.6.1 because:
build	Build with Gradle	2026-06-06T12:24:06.8938240Z   Caching not enabled.
build	Build with Gradle	2026-06-06T12:24:06.8962809Z Caching disabled for LibrarySymbolTableTransform: /home/runner/.gradle/caches/8.14/transforms/f85a8706e3d3bf4df310b1b8ed66a067/transformed/material-2.7.2 because:
build	Build with Gradle	2026-06-06T12:24:06.9018322Z   Caching not enabled.
build	Build with Gradle	2026-06-06T12:24:06.9059288Z Caching disabled for LibrarySymbolTableTransform: /home/runner/.gradle/caches/8.14/transforms/6589a5b496d2f82dfc01f076eae8bbc4/transformed/core-ktx-1.4.1-release because:
build	Build with Gradle	2026-06-06T12:24:06.9138417Z   Caching not enabled.
build	Build with Gradle	2026-06-06T12:24:06.9228682Z Build cache key for task ':core:ui:generateReleaseRFile' is e636fd1893a2509488f317d4a094a95a
build	Build with Gradle	2026-06-06T12:24:06.9268755Z Task ':core:ui:generateReleaseRFile' is not up-to-date because:
build	Build with Gradle	2026-06-06T12:24:06.9318769Z   No history is available.
build	Build with Gradle	2026-06-06T12:24:06.9421406Z The input changes require a full rebuild for incremental task ':core:ui:generateReleaseRFile'.
build	Build with Gradle	2026-06-06T12:24:06.9498861Z Stored cache entry for task ':core:ui:generateReleaseRFile' with cache key e636fd1893a2509488f317d4a094a95a
build	Build with Gradle	2026-06-06T12:24:06.9540651Z work action resolve package-aware-r.txt (project :core:ui) (Thread[#160,Execution worker,5,main]) started.
build	Build with Gradle	2026-06-06T12:24:06.9598740Z Resolve mutations for :core:ui:javaPreCompileRelease (Thread[#160,Execution worker,5,main]) started.
build	Build with Gradle	2026-06-06T12:24:06.9641045Z :core:ui:javaPreCompileRelease (Thread[#160,Execution worker,5,main]) started.
build	Build with Gradle	2026-06-06T12:24:06.9730348Z 
build	Build with Gradle	2026-06-06T12:24:06.9848503Z > Task :core:ui:javaPreCompileRelease FROM-CACHE
build	Build with Gradle	2026-06-06T12:24:06.9915304Z Build cache key for task ':core:ui:javaPreCompileRelease' is 4ad30ac62fa27a5591fcdb6f39013312
build	Build with Gradle	2026-06-06T12:24:06.9980610Z Task ':core:ui:javaPreCompileRelease' is not up-to-date because:
build	Build with Gradle	2026-06-06T12:24:07.0038434Z   No history is available.
build	Build with Gradle	2026-06-06T12:24:07.0098874Z Loaded cache entry for task ':core:ui:javaPreCompileRelease' with cache key 4ad30ac62fa27a5591fcdb6f39013312
build	Build with Gradle	2026-06-06T12:24:07.0158775Z Resolve mutations for :aidl:compileReleaseAidl (Thread[#160,Execution worker,5,main]) started.
build	Build with Gradle	2026-06-06T12:24:07.0211062Z :aidl:compileReleaseAidl (Thread[#160,Execution worker,5,main]) started.
build	Build with Gradle	2026-06-06T12:24:07.2766429Z Note: /home/runner/work/ShizukuPlus/ShizukuPlus/shell/src/main/java/rikka/shizuku/shell/ShizukuShellLoader.java uses or overrides a deprecated API.
build	Build with Gradle	2026-06-06T12:24:07.2768082Z 
build	Build with Gradle	2026-06-06T12:24:07.2768495Z Note: Recompile with -Xlint:deprecation for details.
build	Build with Gradle	2026-06-06T12:24:07.2858462Z > Task :shell:compileReleaseJavaWithJavac
build	Build with Gradle	2026-06-06T12:24:07.2888658Z Class dependency analysis for incremental compilation took 0.032 secs.
build	Build with Gradle	2026-06-06T12:24:07.2968802Z Created classpath snapshot for incremental compilation in 0.133 secs.
build	Build with Gradle	2026-06-06T12:24:07.3008851Z Stored cache entry for task ':shell:compileReleaseJavaWithJavac' with cache key d5026017a674fae45f6e64dd3c2d7444
build	Build with Gradle	2026-06-06T12:24:07.3068806Z Resolve mutations for :shell:transformReleaseClassesWithAsm (Thread[#159,included builds,5,main]) started.
build	Build with Gradle	2026-06-06T12:24:07.3149529Z :shell:transformReleaseClassesWithAsm (Thread[#159,included builds,5,main]) started.
build	Build with Gradle	2026-06-06T12:24:07.3211362Z 
build	Build with Gradle	2026-06-06T12:24:07.3298602Z > Task :common:compileReleaseJavaWithJavac
build	Build with Gradle	2026-06-06T12:24:07.3345717Z Class dependency analysis for incremental compilation took 0.029 secs.
build	Build with Gradle	2026-06-06T12:24:07.3408712Z Created classpath snapshot for incremental compilation in 0.131 secs.
build	Build with Gradle	2026-06-06T12:24:07.3473015Z Stored cache entry for task ':common:compileReleaseJavaWithJavac' with cache key a9bbef6b869b130525e1c31f245da2d8
build	Build with Gradle	2026-06-06T12:24:07.3552168Z Resolve mutations for :common:bundleLibCompileToJarRelease (Thread[#162,Execution worker Thread 3,5,main]) started.
build	Build with Gradle	2026-06-06T12:24:07.3604687Z :common:bundleLibCompileToJarRelease (Thread[#162,Execution worker Thread 3,5,main]) started.
build	Build with Gradle	2026-06-06T12:24:07.3787307Z 
build	Build with Gradle	2026-06-06T12:24:07.3848464Z > Task :common:bundleLibCompileToJarRelease
build	Build with Gradle	2026-06-06T12:24:07.3849355Z Caching disabled for task ':common:bundleLibCompileToJarRelease' because:
build	Build with Gradle	2026-06-06T12:24:07.3874744Z   Simple merging task
build	Build with Gradle	2026-06-06T12:24:07.3898522Z Task ':common:bundleLibCompileToJarRelease' is not up-to-date because:
build	Build with Gradle	2026-06-06T12:24:07.3930262Z   No history is available.
build	Build with Gradle	2026-06-06T12:24:07.3934152Z work action resolve classes.jar (project :common) (Thread[#162,Execution worker Thread 3,5,main]) started.
build	Build with Gradle	2026-06-06T12:24:07.3980982Z Resolve mutations for :shell:extractProguardFiles (Thread[#162,Execution worker Thread 3,5,main]) started.
build	Build with Gradle	2026-06-06T12:24:07.3989713Z :shell:extractProguardFiles (Thread[#162,Execution worker Thread 3,5,main]) started.
build	Build with Gradle	2026-06-06T12:24:07.4036495Z 
build	Build with Gradle	2026-06-06T12:24:07.4038419Z > Task :shell:extractProguardFiles
build	Build with Gradle	2026-06-06T12:24:07.4068431Z Caching disabled for task ':shell:extractProguardFiles' because:
build	Build with Gradle	2026-06-06T12:24:07.4078040Z   Fast task
build	Build with Gradle	2026-06-06T12:24:07.4108195Z Task ':shell:extractProguardFiles' is not up-to-date because:
build	Build with Gradle	2026-06-06T12:24:07.4128063Z   No history is available.
build	Build with Gradle	2026-06-06T12:24:07.4160381Z Resolve mutations for :shell:processReleaseJavaRes (Thread[#162,Execution worker Thread 3,5,main]) started.
build	Build with Gradle	2026-06-06T12:24:07.4188557Z :shell:processReleaseJavaRes (Thread[#162,Execution worker Thread 3,5,main]) started.
build	Build with Gradle	2026-06-06T12:24:07.4207728Z 
build	Build with Gradle	2026-06-06T12:24:07.4222459Z > Task :shell:processReleaseJavaRes NO-SOURCE
build	Build with Gradle	2026-06-06T12:24:07.4248443Z file or directory '/home/runner/work/ShizukuPlus/ShizukuPlus/shell/src/main/resources', not found
build	Build with Gradle	2026-06-06T12:24:07.4276498Z file or directory '/home/runner/work/ShizukuPlus/ShizukuPlus/shell/src/release/resources', not found
build	Build with Gradle	2026-06-06T12:24:07.4308601Z Skipping task ':shell:processReleaseJavaRes' as it has no source files and no previous output files.
build	Build with Gradle	2026-06-06T12:24:07.4324163Z Resolve mutations for :shell:mergeReleaseJavaResource (Thread[#162,Execution worker Thread 3,5,main]) started.
build	Build with Gradle	2026-06-06T12:24:07.4344236Z :shell:mergeReleaseJavaResource (Thread[#162,Execution worker Thread 3,5,main]) started.
build	Build with Gradle	2026-06-06T12:24:07.5750940Z 
build	Build with Gradle	2026-06-06T12:24:07.5798729Z > Task :shell:transformReleaseClassesWithAsm
build	Build with Gradle	2026-06-06T12:24:07.5808630Z Build cache key for task ':shell:transformReleaseClassesWithAsm' is e068d583934fea903acd11ea52df7937
build	Build with Gradle	2026-06-06T12:24:07.5838592Z Task ':shell:transformReleaseClassesWithAsm' is not up-to-date because:
build	Build with Gradle	2026-06-06T12:24:07.5868229Z   No history is available.
build	Build with Gradle	2026-06-06T12:24:07.5888658Z The input changes require a full rebuild for incremental task ':shell:transformReleaseClassesWithAsm'.
build	Build with Gradle	2026-06-06T12:24:07.5898895Z Stored cache entry for task ':shell:transformReleaseClassesWithAsm' with cache key e068d583934fea903acd11ea52df7937
build	Build with Gradle	2026-06-06T12:24:07.5928886Z Resolve mutations for :shell:expandReleaseArtProfileWildcards (Thread[#159,included builds,5,main]) started.
build	Build with Gradle	2026-06-06T12:24:07.5978701Z :shell:expandReleaseArtProfileWildcards (Thread[#159,included builds,5,main]) started.
build	Build with Gradle	2026-06-06T12:24:07.8750860Z 
build	Build with Gradle	2026-06-06T12:24:07.8798459Z > Task :rish:buildCMakeRelWithDebInfo[armeabi-v7a]
build	Build with Gradle	2026-06-06T12:24:07.8839054Z Deleting stale output file: /home/runner/work/ShizukuPlus/ShizukuPlus/api/rish/build/intermediates/cxx/RelWithDebInfo/6yo4f216/obj/armeabi-v7a
build	Build with Gradle	2026-06-06T12:24:07.8898677Z Caching disabled for task ':rish:buildCMakeRelWithDebInfo[armeabi-v7a]' because:
build	Build with Gradle	2026-06-06T12:24:07.8928209Z   Caching has been disabled for the task
build	Build with Gradle	2026-06-06T12:24:07.8952592Z Task ':rish:buildCMakeRelWithDebInfo[armeabi-v7a]' is not up-to-date because:
build	Build with Gradle	2026-06-06T12:24:07.9008292Z   Task.upToDateWhen is false.
build	Build with Gradle	2026-06-06T12:24:07.9028207Z C/C++: starting build
build	Build with Gradle	2026-06-06T12:24:07.9028888Z C/C++: reading expected JSONs
build	Build with Gradle	2026-06-06T12:24:07.9058073Z C/C++: done reading expected JSONs
build	Build with Gradle	2026-06-06T12:24:07.9088380Z C/C++: executing build commands for targets that produce .so files or executables
build	Build with Gradle	2026-06-06T12:24:07.9117983Z C/C++: evaluate miniconfig
build	Build with Gradle	2026-06-06T12:24:07.9118598Z C/C++: evaluate library rish (armeabi-v7a)
build	Build with Gradle	2026-06-06T12:24:07.9148264Z C/C++: building target library rish because no targets are specified.
build	Build with Gradle	2026-06-06T12:24:07.9177954Z C/C++: about to build targets rish
build	Build with Gradle	2026-06-06T12:24:07.9198854Z C/C++: Build rish
build	Build with Gradle	2026-06-06T12:24:07.9208043Z C/C++: /usr/local/lib/android/sdk/cmake/3.22.1/bin/ninja \
build	Build with Gradle	2026-06-06T12:24:07.9238019Z   -C \
build	Build with Gradle	2026-06-06T12:24:07.9248563Z   /home/runner/work/ShizukuPlus/ShizukuPlus/api/rish/.cxx/RelWithDebInfo/6yo4f216/armeabi-v7a \
build	Build with Gradle	2026-06-06T12:24:07.9249384Z   rish
build	Build with Gradle	2026-06-06T12:24:07.9249737Z 
build	Build with Gradle	2026-06-06T12:24:07.9251731Z Starting process 'command '/usr/local/lib/android/sdk/cmake/3.22.1/bin/ninja''. Working directory: /home/runner/work/ShizukuPlus/ShizukuPlus/api/rish Command: /usr/local/lib/android/sdk/cmake/3.22.1/bin/ninja -C /home/runner/work/ShizukuPlus/ShizukuPlus/api/rish/.cxx/RelWithDebInfo/6yo4f216/armeabi-v7a rish
build	Build with Gradle	2026-06-06T12:24:07.9253279Z Successfully started process 'command '/usr/local/lib/android/sdk/cmake/3.22.1/bin/ninja''
build	Build with Gradle	2026-06-06T12:24:08.4758838Z C/C++: Received process result: 0
build	Build with Gradle	2026-06-06T12:24:08.4788379Z C/C++: check expected build outputs
build	Build with Gradle	2026-06-06T12:24:08.4818491Z C/C++: build complete
build	Build with Gradle	2026-06-06T12:24:08.4843881Z Resolve mutations for :rish:configureCMakeRelWithDebInfo[x86] (Thread[#161,Execution worker Thread 2,5,main]) started.
build	Build with Gradle	2026-06-06T12:24:08.4901742Z :rish:configureCMakeRelWithDebInfo[x86] (Thread[#161,Execution worker Thread 2,5,main]) started.
build	Build with Gradle	2026-06-06T12:24:08.5752505Z 
build	Build with Gradle	2026-06-06T12:24:08.5818565Z > Task :aidl:compileReleaseAidl
build	Build with Gradle	2026-06-06T12:24:08.5830928Z Build cache key for task ':aidl:compileReleaseAidl' is ddcbc540e598af5ceb5fa56202372665
build	Build with Gradle	2026-06-06T12:24:08.5868444Z Task ':aidl:compileReleaseAidl' is not up-to-date because:
build	Build with Gradle	2026-06-06T12:24:08.5903905Z   No history is available.
build	Build with Gradle	2026-06-06T12:24:08.5952582Z Starting process 'command '/usr/local/lib/android/sdk/build-tools/35.0.0/aidl''. Working directory: /home/runner/work/ShizukuPlus/ShizukuPlus/api/aidl Command: /usr/local/lib/android/sdk/build-tools/35.0.0/aidl -p/usr/local/lib/android/sdk/platforms/android-35/framework.aidl -o/home/runner/work/ShizukuPlus/ShizukuPlus/api/aidl/build/generated/aidl_source_output_dir/release/out -I/home/runner/work/ShizukuPlus/ShizukuPlus/api/aidl/src/main/aidl -I/home/runner/work/ShizukuPlus/ShizukuPlus/api/aidl/src/release/aidl -d/tmp/aidl12695622434627563576.d /home/runner/work/ShizukuPlus/ShizukuPlus/api/aidl/src/main/aidl/af/shizuku/server/IRemoteProcess.aidl
build	Build with Gradle	2026-06-06T12:24:08.5978568Z Successfully started process 'command '/usr/local/lib/android/sdk/build-tools/35.0.0/aidl''
build	Build with Gradle	2026-06-06T12:24:08.5994037Z Starting process 'command '/usr/local/lib/android/sdk/build-tools/35.0.0/aidl''. Working directory: /home/runner/work/ShizukuPlus/ShizukuPlus/api/aidl Command: /usr/local/lib/android/sdk/build-tools/35.0.0/aidl -p/usr/local/lib/android/sdk/platforms/android-35/framework.aidl -o/home/runner/work/ShizukuPlus/ShizukuPlus/api/aidl/build/generated/aidl_source_output_dir/release/out -I/home/runner/work/ShizukuPlus/ShizukuPlus/api/aidl/src/main/aidl -I/home/runner/work/ShizukuPlus/ShizukuPlus/api/aidl/src/release/aidl -d/tmp/aidl10515681947389459505.d /home/runner/work/ShizukuPlus/ShizukuPlus/api/aidl/src/main/aidl/af/shizuku/server/IAIAutomationBridge.aidl
build	Build with Gradle	2026-06-06T12:24:08.5998894Z Successfully started process 'command '/usr/local/lib/android/sdk/build-tools/35.0.0/aidl''
build	Build with Gradle	2026-06-06T12:24:08.6004136Z Starting process 'command '/usr/local/lib/android/sdk/build-tools/35.0.0/aidl''. Working directory: /home/runner/work/ShizukuPlus/ShizukuPlus/api/aidl Command: /usr/local/lib/android/sdk/build-tools/35.0.0/aidl -p/usr/local/lib/android/sdk/platforms/android-35/framework.aidl -o/home/runner/work/ShizukuPlus/ShizukuPlus/api/aidl/build/generated/aidl_source_output_dir/release/out -I/home/runner/work/ShizukuPlus/ShizukuPlus/api/aidl/src/main/aidl -I/home/runner/work/ShizukuPlus/ShizukuPlus/api/aidl/src/release/aidl -d/tmp/aidl6985031262129407943.d /home/runner/work/ShizukuPlus/ShizukuPlus/api/aidl/src/main/aidl/af/shizuku/server/IShizukuService.aidl
build	Build with Gradle	2026-06-06T12:24:08.6009318Z Successfully started process 'command '/usr/local/lib/android/sdk/build-tools/35.0.0/aidl''
build	Build with Gradle	2026-06-06T12:24:08.6014481Z Starting process 'command '/usr/local/lib/android/sdk/build-tools/35.0.0/aidl''. Working directory: /home/runner/work/ShizukuPlus/ShizukuPlus/api/aidl Command: /usr/local/lib/android/sdk/build-tools/35.0.0/aidl -p/usr/local/lib/android/sdk/platforms/android-35/framework.aidl -o/home/runner/work/ShizukuPlus/ShizukuPlus/api/aidl/build/generated/aidl_source_output_dir/release/out -I/home/runner/work/ShizukuPlus/ShizukuPlus/api/aidl/src/main/aidl -I/home/runner/work/ShizukuPlus/ShizukuPlus/api/aidl/src/release/aidl -d/tmp/aidl14223542092782178034.d /home/runner/work/ShizukuPlus/ShizukuPlus/api/aidl/src/main/aidl/af/shizuku/server/IShizukuServiceConnection.aidl
build	Build with Gradle	2026-06-06T12:24:08.6019570Z Successfully started process 'command '/usr/local/lib/android/sdk/build-tools/35.0.0/aidl''
build	Build with Gradle	2026-06-06T12:24:08.6024562Z Starting process 'command '/usr/local/lib/android/sdk/build-tools/35.0.0/aidl''. Working directory: /home/runner/work/ShizukuPlus/ShizukuPlus/api/aidl Command: /usr/local/lib/android/sdk/build-tools/35.0.0/aidl -p/usr/local/lib/android/sdk/platforms/android-35/framework.aidl -o/home/runner/work/ShizukuPlus/ShizukuPlus/api/aidl/build/generated/aidl_source_output_dir/release/out -I/home/runner/work/ShizukuPlus/ShizukuPlus/api/aidl/src/main/aidl -I/home/runner/work/ShizukuPlus/ShizukuPlus/api/aidl/src/release/aidl -d/tmp/aidl1387459361390185405.d /home/runner/work/ShizukuPlus/ShizukuPlus/api/aidl/src/main/aidl/af/shizuku/server/IActivityManagerPlus.aidl
build	Build with Gradle	2026-06-06T12:24:08.6029611Z Successfully started process 'command '/usr/local/lib/android/sdk/build-tools/35.0.0/aidl''
build	Build with Gradle	2026-06-06T12:24:08.6034567Z Starting process 'command '/usr/local/lib/android/sdk/build-tools/35.0.0/aidl''. Working directory: /home/runner/work/ShizukuPlus/ShizukuPlus/api/aidl Command: /usr/local/lib/android/sdk/build-tools/35.0.0/aidl -p/usr/local/lib/android/sdk/platforms/android-35/framework.aidl -o/home/runner/work/ShizukuPlus/ShizukuPlus/api/aidl/build/generated/aidl_source_output_dir/release/out -I/home/runner/work/ShizukuPlus/ShizukuPlus/api/aidl/src/main/aidl -I/home/runner/work/ShizukuPlus/ShizukuPlus/api/aidl/src/release/aidl -d/tmp/aidl3861179437491825436.d /home/runner/work/ShizukuPlus/ShizukuPlus/api/aidl/src/main/aidl/af/shizuku/server/IOverlayManagerPlus.aidl
build	Build with Gradle	2026-06-06T12:24:08.6039177Z Successfully started process 'command '/usr/local/lib/android/sdk/build-tools/35.0.0/aidl''
build	Build with Gradle	2026-06-06T12:24:08.6044247Z Starting process 'command '/usr/local/lib/android/sdk/build-tools/35.0.0/aidl''. Working directory: /home/runner/work/ShizukuPlus/ShizukuPlus/api/aidl Command: /usr/local/lib/android/sdk/build-tools/35.0.0/aidl -p/usr/local/lib/android/sdk/platforms/android-35/framework.aidl -o/home/runner/work/ShizukuPlus/ShizukuPlus/api/aidl/build/generated/aidl_source_output_dir/release/out -I/home/runner/work/ShizukuPlus/ShizukuPlus/api/aidl/src/main/aidl -I/home/runner/work/ShizukuPlus/ShizukuPlus/api/aidl/src/release/aidl -d/tmp/aidl9306600826061848791.d /home/runner/work/ShizukuPlus/ShizukuPlus/api/aidl/src/main/aidl/af/shizuku/server/IVirtualMachineManager.aidl
build	Build with Gradle	2026-06-06T12:24:08.6049395Z Successfully started process 'command '/usr/local/lib/android/sdk/build-tools/35.0.0/aidl''
build	Build with Gradle	2026-06-06T12:24:08.6054456Z Starting process 'command '/usr/local/lib/android/sdk/build-tools/35.0.0/aidl''. Working directory: /home/runner/work/ShizukuPlus/ShizukuPlus/api/aidl Command: /usr/local/lib/android/sdk/build-tools/35.0.0/aidl -p/usr/local/lib/android/sdk/platforms/android-35/framework.aidl -o/home/runner/work/ShizukuPlus/ShizukuPlus/api/aidl/build/generated/aidl_source_output_dir/release/out -I/home/runner/work/ShizukuPlus/ShizukuPlus/api/aidl/src/main/aidl -I/home/runner/work/ShizukuPlus/ShizukuPlus/api/aidl/src/release/aidl -d/tmp/aidl3943949177787787225.d /home/runner/work/ShizukuPlus/ShizukuPlus/api/aidl/src/main/aidl/af/shizuku/server/IContinuityBridge.aidl
build	Build with Gradle	2026-06-06T12:24:08.6059773Z Successfully started process 'command '/usr/local/lib/android/sdk/build-tools/35.0.0/aidl''
build	Build with Gradle	2026-06-06T12:24:08.6064735Z Starting process 'command '/usr/local/lib/android/sdk/build-tools/35.0.0/aidl''. Working directory: /home/runner/work/ShizukuPlus/ShizukuPlus/api/aidl Command: /usr/local/lib/android/sdk/build-tools/35.0.0/aidl -p/usr/local/lib/android/sdk/platforms/android-35/framework.aidl -o/home/runner/work/ShizukuPlus/ShizukuPlus/api/aidl/build/generated/aidl_source_output_dir/release/out -I/home/runner/work/ShizukuPlus/ShizukuPlus/api/aidl/src/main/aidl -I/home/runner/work/ShizukuPlus/ShizukuPlus/api/aidl/src/release/aidl -d/tmp/aidl6496593325375483069.d /home/runner/work/ShizukuPlus/ShizukuPlus/api/aidl/src/main/aidl/af/shizuku/server/IStorageProxy.aidl
build	Build with Gradle	2026-06-06T12:24:08.6069700Z Successfully started process 'command '/usr/local/lib/android/sdk/build-tools/35.0.0/aidl''
build	Build with Gradle	2026-06-06T12:24:08.6074513Z Starting process 'command '/usr/local/lib/android/sdk/build-tools/35.0.0/aidl''. Working directory: /home/runner/work/ShizukuPlus/ShizukuPlus/api/aidl Command: /usr/local/lib/android/sdk/build-tools/35.0.0/aidl -p/usr/local/lib/android/sdk/platforms/android-35/framework.aidl -o/home/runner/work/ShizukuPlus/ShizukuPlus/api/aidl/build/generated/aidl_source_output_dir/release/out -I/home/runner/work/ShizukuPlus/ShizukuPlus/api/aidl/src/main/aidl -I/home/runner/work/ShizukuPlus/ShizukuPlus/api/aidl/src/release/aidl -d/tmp/aidl16337591108731304640.d /home/runner/work/ShizukuPlus/ShizukuPlus/api/aidl/src/main/aidl/af/shizuku/server/IWindowManagerPlus.aidl
build	Build with Gradle	2026-06-06T12:24:08.6079150Z Successfully started process 'command '/usr/local/lib/android/sdk/build-tools/35.0.0/aidl''
build	Build with Gradle	2026-06-06T12:24:08.6083751Z Starting process 'command '/usr/local/lib/android/sdk/build-tools/35.0.0/aidl''. Working directory: /home/runner/work/ShizukuPlus/ShizukuPlus/api/aidl Command: /usr/local/lib/android/sdk/build-tools/35.0.0/aidl -p/usr/local/lib/android/sdk/platforms/android-35/framework.aidl -o/home/runner/work/ShizukuPlus/ShizukuPlus/api/aidl/build/generated/aidl_source_output_dir/release/out -I/home/runner/work/ShizukuPlus/ShizukuPlus/api/aidl/src/main/aidl -I/home/runner/work/ShizukuPlus/ShizukuPlus/api/aidl/src/release/aidl -d/tmp/aidl10885363435638497346.d /home/runner/work/ShizukuPlus/ShizukuPlus/api/aidl/src/main/aidl/af/shizuku/server/INetworkGovernorPlus.aidl
build	Build with Gradle	2026-06-06T12:24:08.6088653Z Successfully started process 'command '/usr/local/lib/android/sdk/build-tools/35.0.0/aidl''
build	Build with Gradle	2026-06-06T12:24:08.6093530Z Starting process 'command '/usr/local/lib/android/sdk/build-tools/35.0.0/aidl''. Working directory: /home/runner/work/ShizukuPlus/ShizukuPlus/api/aidl Command: /usr/local/lib/android/sdk/build-tools/35.0.0/aidl -p/usr/local/lib/android/sdk/platforms/android-35/framework.aidl -o/home/runner/work/ShizukuPlus/ShizukuPlus/api/aidl/build/generated/aidl_source_output_dir/release/out -I/home/runner/work/ShizukuPlus/ShizukuPlus/api/aidl/src/main/aidl -I/home/runner/work/ShizukuPlus/ShizukuPlus/api/aidl/src/release/aidl -d/tmp/aidl13642861978518549071.d /home/runner/work/ShizukuPlus/ShizukuPlus/api/aidl/src/main/aidl/af/shizuku/server/IShizukuApplication.aidl
build	Build with Gradle	2026-06-06T12:24:08.6098689Z Successfully started process 'command '/usr/local/lib/android/sdk/build-tools/35.0.0/aidl''
build	Build with Gradle	2026-06-06T12:24:08.6103819Z Starting process 'command '/usr/local/lib/android/sdk/build-tools/35.0.0/aidl''. Working directory: /home/runner/work/ShizukuPlus/ShizukuPlus/api/aidl Command: /usr/local/lib/android/sdk/build-tools/35.0.0/aidl -p/usr/local/lib/android/sdk/platforms/android-35/framework.aidl -o/home/runner/work/ShizukuPlus/ShizukuPlus/api/aidl/build/generated/aidl_source_output_dir/release/out -I/home/runner/work/ShizukuPlus/ShizukuPlus/api/aidl/src/main/aidl -I/home/runner/work/ShizukuPlus/ShizukuPlus/api/aidl/src/release/aidl -d/tmp/aidl3047160985075027085.d /home/runner/work/ShizukuPlus/ShizukuPlus/api/aidl/src/main/aidl/af/shizuku/server/IAICorePlus.aidl
build	Build with Gradle	2026-06-06T12:24:08.6108905Z Successfully started process 'command '/usr/local/lib/android/sdk/build-tools/35.0.0/aidl''
build	Build with Gradle	2026-06-06T12:24:09.8797977Z 
build	Build with Gradle	2026-06-06T12:24:09.8824166Z > Task :rish:configureCMakeRelWithDebInfo[x86]
build	Build with Gradle	2026-06-06T12:24:09.8868803Z Caching disabled for task ':rish:configureCMakeRelWithDebInfo[x86]' because:
build	Build with Gradle	2026-06-06T12:24:09.8928412Z   Caching has been disabled for the task
build	Build with Gradle	2026-06-06T12:24:09.8934144Z Task ':rish:configureCMakeRelWithDebInfo[x86]' is not up-to-date because:
build	Build with Gradle	2026-06-06T12:24:09.8988432Z   Task.upToDateWhen is false.
build	Build with Gradle	2026-06-06T12:24:09.9049187Z C/C++: /home/runner/work/ShizukuPlus/ShizukuPlus/api/rish/src/main/cpp/CMakeLists.txt release|x86 : Start JSON generation. Platform version: 24 min SDK version: x86
build	Build with Gradle	2026-06-06T12:24:09.9079357Z C/C++: /home/runner/work/ShizukuPlus/ShizukuPlus/api/rish/src/main/cpp/CMakeLists.txt release|x86 : rebuilding JSON /home/runner/work/ShizukuPlus/ShizukuPlus/api/rish/.cxx/RelWithDebInfo/6yo4f216/x86/android_gradle_build.json due to:
build	Build with Gradle	2026-06-06T12:24:09.9139040Z C/C++: /home/runner/work/ShizukuPlus/ShizukuPlus/api/rish/src/main/cpp/CMakeLists.txt release|x86 : - no fingerprint file, will remove stale configuration folder
build	Build with Gradle	2026-06-06T12:24:09.9189116Z C/C++: /home/runner/work/ShizukuPlus/ShizukuPlus/api/rish/src/main/cpp/CMakeLists.txt release|x86 : /usr/lib/jvm/temurin-21-jdk-amd64/bin/java \
build	Build with Gradle	2026-06-06T12:24:09.9228286Z   --class-path \
build	Build with Gradle	2026-06-06T12:24:09.9249023Z   /home/runner/.gradle/caches/modules-2/files-2.1/com.google.prefab/cli/2.1.0/aa32fec809c44fa531f01dcfb739b5b3304d3050/cli-2.1.0-all.jar \
build	Build with Gradle	2026-06-06T12:24:09.9308319Z   com.google.prefab.cli.AppKt \
build	Build with Gradle	2026-06-06T12:24:09.9338211Z   --build-system \
build	Build with Gradle	2026-06-06T12:24:09.9388375Z   cmake \
build	Build with Gradle	2026-06-06T12:24:09.9428277Z   --platform \
build	Build with Gradle	2026-06-06T12:24:09.9488533Z   android \
build	Build with Gradle	2026-06-06T12:24:09.9518291Z   --abi \
build	Build with Gradle	2026-06-06T12:24:09.9548199Z   x86 \
build	Build with Gradle	2026-06-06T12:24:09.9618389Z   --os-version \
build	Build with Gradle	2026-06-06T12:24:09.9638231Z   24 \
build	Build with Gradle	2026-06-06T12:24:09.9662871Z   --stl \
build	Build with Gradle	2026-06-06T12:24:09.9758331Z   none \
build	Build with Gradle	2026-06-06T12:24:09.9848351Z   --ndk-version \
build	Build with Gradle	2026-06-06T12:24:09.9908335Z   27 \
build	Build with Gradle	2026-06-06T12:24:09.9938466Z   --output \
build	Build with Gradle	2026-06-06T12:24:10.0018897Z   /tmp/agp-prefab-staging6821762059904182836/staged-cli-output \
build	Build with Gradle	2026-06-06T12:24:10.0048855Z   /home/runner/.gradle/caches/8.14/transforms/0229dbc9f57fa8133a9f500f70fe76a8/transformed/libcxx-27.0.12077973/prefab
build	Build with Gradle	2026-06-06T12:24:10.0051353Z 
build	Build with Gradle	2026-06-06T12:24:10.0109794Z Starting process 'command '/home/runner/work/ShizukuPlus/ShizukuPlus/api/rish/build/intermediates/cxx/RelWithDebInfo/6yo4f216/logs/x86/prefab_command''. Working directory: /home/runner/work/ShizukuPlus/ShizukuPlus/api/rish Command: /home/runner/work/ShizukuPlus/ShizukuPlus/api/rish/build/intermediates/cxx/RelWithDebInfo/6yo4f216/logs/x86/prefab_command 
build	Build with Gradle	2026-06-06T12:24:10.0119275Z Successfully started process 'command '/home/runner/work/ShizukuPlus/ShizukuPlus/api/rish/build/intermediates/cxx/RelWithDebInfo/6yo4f216/logs/x86/prefab_command''
build	Build with Gradle	2026-06-06T12:24:10.0148763Z C/C++: /home/runner/work/ShizukuPlus/ShizukuPlus/api/rish/src/main/cpp/CMakeLists.txt release|x86 : Received process result: 0
build	Build with Gradle	2026-06-06T12:24:10.0179003Z C/C++: /home/runner/work/ShizukuPlus/ShizukuPlus/api/rish/src/main/cpp/CMakeLists.txt release|x86 : removing stale contents from '/home/runner/work/ShizukuPlus/ShizukuPlus/api/rish/.cxx/RelWithDebInfo/6yo4f216/x86'
build	Build with Gradle	2026-06-06T12:24:10.0204231Z C/C++: /home/runner/work/ShizukuPlus/ShizukuPlus/api/rish/src/main/cpp/CMakeLists.txt release|x86 : created folder '/home/runner/work/ShizukuPlus/ShizukuPlus/api/rish/.cxx/RelWithDebInfo/6yo4f216/x86'
build	Build with Gradle	2026-06-06T12:24:10.0249097Z C/C++: /home/runner/work/ShizukuPlus/ShizukuPlus/api/rish/src/main/cpp/CMakeLists.txt release|x86 : executing cmake /usr/local/lib/android/sdk/cmake/3.22.1/bin/cmake \
build	Build with Gradle	2026-06-06T12:24:10.0298457Z   -H/home/runner/work/ShizukuPlus/ShizukuPlus/api/rish/src/main/cpp \
build	Build with Gradle	2026-06-06T12:24:10.0328432Z   -DCMAKE_SYSTEM_NAME=Android \
build	Build with Gradle	2026-06-06T12:24:10.0378455Z   -DCMAKE_EXPORT_COMPILE_COMMANDS=ON \
build	Build with Gradle	2026-06-06T12:24:10.0408199Z   -DCMAKE_SYSTEM_VERSION=24 \
build	Build with Gradle	2026-06-06T12:24:10.0488542Z   -DANDROID_PLATFORM=android-24 \
build	Build with Gradle	2026-06-06T12:24:10.0548447Z   -DANDROID_ABI=x86 \
build	Build with Gradle	2026-06-06T12:24:10.0638372Z   -DCMAKE_ANDROID_ARCH_ABI=x86 \
build	Build with Gradle	2026-06-06T12:24:10.0656206Z   -DANDROID_NDK=/usr/local/lib/android/sdk/ndk/27.0.12077973 \
build	Build with Gradle	2026-06-06T12:24:10.0709277Z   -DCMAKE_ANDROID_NDK=/usr/local/lib/android/sdk/ndk/27.0.12077973 \
build	Build with Gradle	2026-06-06T12:24:10.0718643Z   -DCMAKE_TOOLCHAIN_FILE=/usr/local/lib/android/sdk/ndk/27.0.12077973/build/cmake/android.toolchain.cmake \
build	Build with Gradle	2026-06-06T12:24:10.0756777Z   -DCMAKE_MAKE_PROGRAM=/usr/local/lib/android/sdk/cmake/3.22.1/bin/ninja \
build	Build with Gradle	2026-06-06T12:24:10.0778990Z   -DCMAKE_LIBRARY_OUTPUT_DIRECTORY=/home/runner/work/ShizukuPlus/ShizukuPlus/api/rish/build/intermediates/cxx/RelWithDebInfo/6yo4f216/obj/x86 \
build	Build with Gradle	2026-06-06T12:24:10.0809210Z   -DCMAKE_RUNTIME_OUTPUT_DIRECTORY=/home/runner/work/ShizukuPlus/ShizukuPlus/api/rish/build/intermediates/cxx/RelWithDebInfo/6yo4f216/obj/x86 \
build	Build with Gradle	2026-06-06T12:24:10.0810468Z   -DCMAKE_BUILD_TYPE=RelWithDebInfo \
build	Build with Gradle	2026-06-06T12:24:10.0811523Z   -DCMAKE_FIND_ROOT_PATH=/home/runner/work/ShizukuPlus/ShizukuPlus/api/rish/.cxx/RelWithDebInfo/6yo4f216/prefab/x86/prefab \
build	Build with Gradle	2026-06-06T12:24:10.0812798Z   -B/home/runner/work/ShizukuPlus/ShizukuPlus/api/rish/.cxx/RelWithDebInfo/6yo4f216/x86 \
build	Build with Gradle	2026-06-06T12:24:10.0813580Z   -GNinja \
build	Build with Gradle	2026-06-06T12:24:10.0813998Z   -DANDROID_STL=none
build	Build with Gradle	2026-06-06T12:24:10.0814255Z 
build	Build with Gradle	2026-06-06T12:24:10.0815082Z C/C++: /home/runner/work/ShizukuPlus/ShizukuPlus/api/rish/src/main/cpp/CMakeLists.txt release|x86 : /usr/local/lib/android/sdk/cmake/3.22.1/bin/cmake \
build	Build with Gradle	2026-06-06T12:24:10.0816428Z   -H/home/runner/work/ShizukuPlus/ShizukuPlus/api/rish/src/main/cpp \
build	Build with Gradle	2026-06-06T12:24:10.0838485Z   -DCMAKE_SYSTEM_NAME=Android \
build	Build with Gradle	2026-06-06T12:24:10.0868439Z   -DCMAKE_EXPORT_COMPILE_COMMANDS=ON \
build	Build with Gradle	2026-06-06T12:24:10.0898304Z   -DCMAKE_SYSTEM_VERSION=24 \
build	Build with Gradle	2026-06-06T12:24:10.0907999Z   -DANDROID_PLATFORM=android-24 \
build	Build with Gradle	2026-06-06T12:24:10.0938215Z   -DANDROID_ABI=x86 \
build	Build with Gradle	2026-06-06T12:24:10.0958307Z   -DCMAKE_ANDROID_ARCH_ABI=x86 \
build	Build with Gradle	2026-06-06T12:24:10.0968077Z   -DANDROID_NDK=/usr/local/lib/android/sdk/ndk/27.0.12077973 \
build	Build with Gradle	2026-06-06T12:24:10.0998087Z   -DCMAKE_ANDROID_NDK=/usr/local/lib/android/sdk/ndk/27.0.12077973 \
build	Build with Gradle	2026-06-06T12:24:10.1018612Z   -DCMAKE_TOOLCHAIN_FILE=/usr/local/lib/android/sdk/ndk/27.0.12077973/build/cmake/android.toolchain.cmake \
build	Build with Gradle	2026-06-06T12:24:10.1048360Z   -DCMAKE_MAKE_PROGRAM=/usr/local/lib/android/sdk/cmake/3.22.1/bin/ninja \
build	Build with Gradle	2026-06-06T12:24:10.1058480Z   -DCMAKE_LIBRARY_OUTPUT_DIRECTORY=/home/runner/work/ShizukuPlus/ShizukuPlus/api/rish/build/intermediates/cxx/RelWithDebInfo/6yo4f216/obj/x86 \
build	Build with Gradle	2026-06-06T12:24:10.1088636Z   -DCMAKE_RUNTIME_OUTPUT_DIRECTORY=/home/runner/work/ShizukuPlus/ShizukuPlus/api/rish/build/intermediates/cxx/RelWithDebInfo/6yo4f216/obj/x86 \
build	Build with Gradle	2026-06-06T12:24:10.1108115Z   -DCMAKE_BUILD_TYPE=RelWithDebInfo \
build	Build with Gradle	2026-06-06T12:24:10.1138631Z   -DCMAKE_FIND_ROOT_PATH=/home/runner/work/ShizukuPlus/ShizukuPlus/api/rish/.cxx/RelWithDebInfo/6yo4f216/prefab/x86/prefab \
build	Build with Gradle	2026-06-06T12:24:10.1152637Z   -B/home/runner/work/ShizukuPlus/ShizukuPlus/api/rish/.cxx/RelWithDebInfo/6yo4f216/x86 \
build	Build with Gradle	2026-06-06T12:24:10.1178017Z   -GNinja \
build	Build with Gradle	2026-06-06T12:24:10.1198138Z   -DANDROID_STL=none
build	Build with Gradle	2026-06-06T12:24:10.1216348Z 
build	Build with Gradle	2026-06-06T12:24:10.1316557Z Starting process 'command '/usr/local/lib/android/sdk/cmake/3.22.1/bin/cmake''. Working directory: /home/runner/work/ShizukuPlus/ShizukuPlus/api/rish Command: /usr/local/lib/android/sdk/cmake/3.22.1/bin/cmake -H/home/runner/work/ShizukuPlus/ShizukuPlus/api/rish/src/main/cpp -DCMAKE_SYSTEM_NAME=Android -DCMAKE_EXPORT_COMPILE_COMMANDS=ON -DCMAKE_SYSTEM_VERSION=24 -DANDROID_PLATFORM=android-24 -DANDROID_ABI=x86 -DCMAKE_ANDROID_ARCH_ABI=x86 -DANDROID_NDK=/usr/local/lib/android/sdk/ndk/27.0.12077973 -DCMAKE_ANDROID_NDK=/usr/local/lib/android/sdk/ndk/27.0.12077973 -DCMAKE_TOOLCHAIN_FILE=/usr/local/lib/android/sdk/ndk/27.0.12077973/build/cmake/android.toolchain.cmake -DCMAKE_MAKE_PROGRAM=/usr/local/lib/android/sdk/cmake/3.22.1/bin/ninja -DCMAKE_LIBRARY_OUTPUT_DIRECTORY=/home/runner/work/ShizukuPlus/ShizukuPlus/api/rish/build/intermediates/cxx/RelWithDebInfo/6yo4f216/obj/x86 -DCMAKE_RUNTIME_OUTPUT_DIRECTORY=/home/runner/work/ShizukuPlus/ShizukuPlus/api/rish/build/intermediates/cxx/RelWithDebInfo/6yo4f216/obj/x86 -DCMAKE_BUILD_TYPE=RelWithDebInfo -DCMAKE_FIND_ROOT_PATH=/home/runner/work/ShizukuPlus/ShizukuPlus/api/rish/.cxx/RelWithDebInfo/6yo4f216/prefab/x86/prefab -B/home/runner/work/ShizukuPlus/ShizukuPlus/api/rish/.cxx/RelWithDebInfo/6yo4f216/x86 -GNinja -DANDROID_STL=none
build	Build with Gradle	2026-06-06T12:24:10.1326531Z Successfully started process 'command '/usr/local/lib/android/sdk/cmake/3.22.1/bin/cmake''
build	Build with Gradle	2026-06-06T12:24:10.1386536Z C/C++: Builing Release...
build	Build with Gradle	2026-06-06T12:24:10.1448933Z C/C++: /home/runner/work/ShizukuPlus/ShizukuPlus/api/rish/src/main/cpp/CMakeLists.txt release|x86 : Received process result: 0
build	Build with Gradle	2026-06-06T12:24:10.1479649Z C/C++: /home/runner/work/ShizukuPlus/ShizukuPlus/api/rish/src/main/cpp/CMakeLists.txt release|x86 : Exiting generation of /home/runner/work/ShizukuPlus/ShizukuPlus/api/rish/.cxx/RelWithDebInfo/6yo4f216/x86/compile_commands.json.bin normally
build	Build with Gradle	2026-06-06T12:24:10.1518898Z C/C++: /home/runner/work/ShizukuPlus/ShizukuPlus/api/rish/src/main/cpp/CMakeLists.txt release|x86 : done executing cmake
build	Build with Gradle	2026-06-06T12:24:10.1540073Z C/C++: /home/runner/work/ShizukuPlus/ShizukuPlus/api/rish/src/main/cpp/CMakeLists.txt release|x86 : hard linked /home/runner/work/ShizukuPlus/ShizukuPlus/api/rish/.cxx/RelWithDebInfo/6yo4f216/x86/compile_commands.json to /home/runner/work/ShizukuPlus/ShizukuPlus/api/rish/.cxx/tools/release/x86/compile_commands.json
build	Build with Gradle	2026-06-06T12:24:10.1568683Z C/C++: /home/runner/work/ShizukuPlus/ShizukuPlus/api/rish/src/main/cpp/CMakeLists.txt release|x86 : JSON generation completed without problems
build	Build with Gradle	2026-06-06T12:24:10.1570731Z C/C++: /home/runner/work/ShizukuPlus/ShizukuPlus/api/rish/src/main/cpp/CMakeLists.txt release|x86 : Writing build model to /home/runner/work/ShizukuPlus/ShizukuPlus/api/rish/build/intermediates/cxx/RelWithDebInfo/6yo4f216/logs/x86/build_model.json
build	Build with Gradle	2026-06-06T12:24:10.1610315Z Resolve mutations for :rish:buildCMakeRelWithDebInfo[x86] (Thread[#161,Execution worker Thread 2,5,main]) started.
build	Build with Gradle	2026-06-06T12:24:10.1628523Z :rish:buildCMakeRelWithDebInfo[x86] (Thread[#161,Execution worker Thread 2,5,main]) started.
build	Build with Gradle	2026-06-06T12:24:10.1657876Z 
build	Build with Gradle	2026-06-06T12:24:10.1658379Z > Task :shell:mergeReleaseJavaResource
build	Build with Gradle	2026-06-06T12:24:10.1660002Z Caching disabled for AarTransform: /home/runner/.gradle/caches/8.14/transforms/d90402c4b85ec72d1d4a6e1bb45ac913/transformed/buildcompat-34.0.1 because:
build	Build with Gradle	2026-06-06T12:24:10.1661653Z   Caching not enabled.
build	Build with Gradle	2026-06-06T12:24:10.1718956Z Caching disabled for AarTransform: /home/runner/.gradle/caches/8.14/transforms/15a46fdad85d2cb7e7c637ba2a744a05/transformed/interpolator-1.0.0 because:
build	Build with Gradle	2026-06-06T12:24:10.1769062Z   Caching not enabled.
build	Build with Gradle	2026-06-06T12:24:10.1824463Z Caching disabled for AarTransform: /home/runner/.gradle/caches/8.14/transforms/0187bb9b76f6cb89cb6648998d3bb365/transformed/lifecycle-runtime-2.6.2 because:
build	Build with Gradle	2026-06-06T12:24:10.1868455Z   Caching not enabled.
build	Build with Gradle	2026-06-06T12:24:10.1911096Z Caching disabled for AarTransform: /home/runner/.gradle/caches/8.14/transforms/fc7c287dc22d61ab46eb288863ba67f7/transformed/profileinstaller-1.3.0 because:
build	Build with Gradle	2026-06-06T12:24:10.1950269Z   Caching not enabled.
build	Build with Gradle	2026-06-06T12:24:10.1968971Z Caching disabled for AarTransform: /home/runner/.gradle/caches/8.14/transforms/c3f1fba07658b0b59e408933ad000cab/transformed/startup-runtime-1.1.1 because:
build	Build with Gradle	2026-06-06T12:24:10.2028413Z   Caching not enabled.
build	Build with Gradle	2026-06-06T12:24:10.2038651Z Caching disabled for AarTransform: /home/runner/.gradle/caches/8.14/transforms/ac9c2613db74d91f76d389a55de09aeb/transformed/tracing-1.2.0 because:
build	Build with Gradle	2026-06-06T12:24:10.2088928Z   Caching not enabled.
build	Build with Gradle	2026-06-06T12:24:10.2159313Z Caching disabled for AarTransform: /home/runner/.gradle/caches/8.14/transforms/eec55b2add6457c8fb902795cbf8eedc/transformed/versionedparcelable-1.1.1 because:
build	Build with Gradle	2026-06-06T12:24:10.2188228Z   Caching not enabled.
build	Build with Gradle	2026-06-06T12:24:10.2228449Z Caching disabled for AarTransform: /home/runner/.gradle/caches/8.14/transforms/9a0af10b7d6a004c0dde0da7908916e8/transformed/core-runtime-2.2.0 because:
build	Build with Gradle	2026-06-06T12:24:10.2288518Z   Caching not enabled.
build	Build with Gradle	2026-06-06T12:24:10.2361314Z Caching disabled for AarTransform: /home/runner/.gradle/caches/8.14/transforms/b63ec3c1af75a7e3e11e00b71c5d2f13/transformed/annotation-experimental-1.4.1 because:
build	Build with Gradle	2026-06-06T12:24:10.2428413Z   Caching not enabled.
build	Build with Gradle	2026-06-06T12:24:10.2438806Z Caching disabled for AarTransform: /home/runner/.gradle/caches/8.14/transforms/a203a862f516367cac65cc0033ada510/transformed/core-viewtree-1.0.0 because:
build	Build with Gradle	2026-06-06T12:24:10.2498228Z   Caching not enabled.
build	Build with Gradle	2026-06-06T12:24:10.2518915Z Caching disabled for AarTransform: /home/runner/.gradle/caches/8.14/transforms/93e5dd5bd02503c2c463051d8428f6c3/transformed/compat-4.4.0 because:
build	Build with Gradle	2026-06-06T12:24:10.2568870Z   Caching not enabled.
build	Build with Gradle	2026-06-06T12:24:10.2628984Z Caching disabled for AarTransform: /home/runner/.gradle/caches/8.14/transforms/4b91b30cdde5ec990d4144c4990f3981/transformed/parcelablelist-2.0.1-release because:
build	Build with Gradle	2026-06-06T12:24:10.2688250Z   Caching not enabled.
build	Build with Gradle	2026-06-06T12:24:10.2739192Z Caching disabled for AarTransform: /home/runner/.gradle/caches/8.14/transforms/a18f3e8414f2ba4eb382dd01375ab089/transformed/core-1.16.0 because:
build	Build with Gradle	2026-06-06T12:24:10.2753695Z   Caching not enabled.
build	Build with Gradle	2026-06-06T12:24:10.2808349Z Caching disabled for task ':shell:mergeReleaseJavaResource' because:
build	Build with Gradle	2026-06-06T12:24:10.2868190Z   Caching has been disabled for the task
build	Build with Gradle	2026-06-06T12:24:10.2893452Z Task ':shell:mergeReleaseJavaResource' is not up-to-date because:
build	Build with Gradle	2026-06-06T12:24:10.2926971Z   No history is available.
build	Build with Gradle	2026-06-06T12:24:10.2998636Z The input changes require a full rebuild for incremental task ':shell:mergeReleaseJavaResource'.
build	Build with Gradle	2026-06-06T12:24:10.3040828Z Resolve mutations for :core:ui:compileReleaseKotlin (Thread[#162,Execution worker Thread 3,5,main]) started.
build	Build with Gradle	2026-06-06T12:24:10.3078636Z :core:ui:compileReleaseKotlin (Thread[#162,Execution worker Thread 3,5,main]) started.
build	Build with Gradle	2026-06-06T12:24:10.3125742Z 
build	Build with Gradle	2026-06-06T12:24:10.3193597Z > Task :shell:expandReleaseArtProfileWildcards
build	Build with Gradle	2026-06-06T12:24:10.3239246Z Build cache key for AsmClassesTransform: /home/runner/.gradle/caches/8.14/transforms/272970774af8beefd8052fa3280d84a3/transformed/core-1.16.0-runtime.jar is 240485fd5e185f047b2f88f3fda5d865
build	Build with Gradle	2026-06-06T12:24:10.3295450Z Build cache key for AsmClassesTransform: /home/runner/.gradle/caches/8.14/transforms/61f76aaec8645fe28d9169a7e0a36bc9/transformed/compat-4.4.0-runtime.jar is 177c0224780705665692043ad95b83d8
build	Build with Gradle	2026-06-06T12:24:10.3346032Z Stored cache entry for AsmClassesTransform: /home/runner/.gradle/caches/8.14/transforms/61f76aaec8645fe28d9169a7e0a36bc9/transformed/compat-4.4.0-runtime.jar with cache key 177c0224780705665692043ad95b83d8
build	Build with Gradle	2026-06-06T12:24:10.3389220Z Build cache key for AsmClassesTransform: /home/runner/.gradle/caches/8.14/transforms/a56aef3914b0a3a48a28c8ced0fc3deb/transformed/buildcompat-34.0.1-runtime.jar is 39963fe36e8d373d906665b5cc2e4858
build	Build with Gradle	2026-06-06T12:24:10.3419444Z Stored cache entry for AsmClassesTransform: /home/runner/.gradle/caches/8.14/transforms/a56aef3914b0a3a48a28c8ced0fc3deb/transformed/buildcompat-34.0.1-runtime.jar with cache key 39963fe36e8d373d906665b5cc2e4858
build	Build with Gradle	2026-06-06T12:24:10.3449070Z Build cache key for AsmClassesTransform: /home/runner/.gradle/caches/8.14/transforms/4217f50680711f7b29cce0a6c62df9d8/transformed/parcelablelist-2.0.1-release-runtime.jar is 96816a281679cc8d4a2497a52b6e7a15
build	Build with Gradle	2026-06-06T12:24:10.3510703Z Stored cache entry for AsmClassesTransform: /home/runner/.gradle/caches/8.14/transforms/4217f50680711f7b29cce0a6c62df9d8/transformed/parcelablelist-2.0.1-release-runtime.jar with cache key 96816a281679cc8d4a2497a52b6e7a15
build	Build with Gradle	2026-06-06T12:24:10.3539449Z Build cache key for AsmClassesTransform: /home/runner/.gradle/caches/8.14/transforms/ac678f9711c8cd187a0b00d857954018/transformed/interpolator-1.0.0-runtime.jar is ebe1944e5948e99c503ebef05192a650
build	Build with Gradle	2026-06-06T12:24:10.3569263Z Stored cache entry for AsmClassesTransform: /home/runner/.gradle/caches/8.14/transforms/ac678f9711c8cd187a0b00d857954018/transformed/interpolator-1.0.0-runtime.jar with cache key ebe1944e5948e99c503ebef05192a650
build	Build with Gradle	2026-06-06T12:24:10.3639499Z Build cache key for AsmClassesTransform: /home/runner/.gradle/caches/modules-2/files-2.1/androidx.lifecycle/lifecycle-common/2.6.2/10f354fdb64868baecd67128560c5a0d6312c495/lifecycle-common-2.6.2.jar is 9d718c370f46ccf34f9bd37a687aaa2d
build	Build with Gradle	2026-06-06T12:24:10.3659496Z Stored cache entry for AsmClassesTransform: /home/runner/.gradle/caches/modules-2/files-2.1/androidx.lifecycle/lifecycle-common/2.6.2/10f354fdb64868baecd67128560c5a0d6312c495/lifecycle-common-2.6.2.jar with cache key 9d718c370f46ccf34f9bd37a687aaa2d
build	Build with Gradle	2026-06-06T12:24:10.3739387Z Build cache key for AsmClassesTransform: /home/runner/.gradle/caches/8.14/transforms/d50860e39e360de684507c2c4f30be3d/transformed/lifecycle-runtime-2.6.2-runtime.jar is e459ad7dfdc113aabcf11a70c7a44510
build	Build with Gradle	2026-06-06T12:24:10.3742142Z Stored cache entry for AsmClassesTransform: /home/runner/.gradle/caches/8.14/transforms/d50860e39e360de684507c2c4f30be3d/transformed/lifecycle-runtime-2.6.2-runtime.jar with cache key e459ad7dfdc113aabcf11a70c7a44510
build	Build with Gradle	2026-06-06T12:24:10.3809509Z Build cache key for AsmClassesTransform: /home/runner/.gradle/caches/8.14/transforms/9fd1c0c061f772584826cf0fa6f5cd4f/transformed/profileinstaller-1.3.0-runtime.jar is 2c3ffbea778cfc00a6d3eb2329f5a402
build	Build with Gradle	2026-06-06T12:24:10.3829375Z Stored cache entry for AsmClassesTransform: /home/runner/.gradle/caches/8.14/transforms/9fd1c0c061f772584826cf0fa6f5cd4f/transformed/profileinstaller-1.3.0-runtime.jar with cache key 2c3ffbea778cfc00a6d3eb2329f5a402
build	Build with Gradle	2026-06-06T12:24:10.3913455Z Build cache key for AsmClassesTransform: /home/runner/.gradle/caches/modules-2/files-2.1/dev.rikka.tools.refine/runtime/4.4.0/b110a65eb42cbabcd5070b302271a811fb4cf620/runtime-4.4.0.jar is 268a6c940ff62cb554806e5223c772fb
build	Build with Gradle	2026-06-06T12:24:10.3939269Z Build cache key for AsmClassesTransform: /home/runner/.gradle/caches/8.14/transforms/113205671444e553841c03e0de9cf770/transformed/startup-runtime-1.1.1-runtime.jar is 388026cb79a991cbc6ea0d8154187f89
build	Build with Gradle	2026-06-06T12:24:10.3969138Z Stored cache entry for AsmClassesTransform: /home/runner/.gradle/caches/modules-2/files-2.1/dev.rikka.tools.refine/runtime/4.4.0/b110a65eb42cbabcd5070b302271a811fb4cf620/runtime-4.4.0.jar with cache key 268a6c940ff62cb554806e5223c772fb
build	Build with Gradle	2026-06-06T12:24:10.4039248Z Build cache key for AsmClassesTransform: /home/runner/.gradle/caches/8.14/transforms/b408424d97a39d323d8b8d15e162fc14/transformed/tracing-1.2.0-runtime.jar is e2d5c102edfb5983274dc556647a7289
build	Build with Gradle	2026-06-06T12:24:10.4046029Z Stored cache entry for AsmClassesTransform: /home/runner/.gradle/caches/8.14/transforms/113205671444e553841c03e0de9cf770/transformed/startup-runtime-1.1.1-runtime.jar with cache key 388026cb79a991cbc6ea0d8154187f89
build	Build with Gradle	2026-06-06T12:24:10.4119192Z Build cache key for AsmClassesTransform: /home/runner/.gradle/caches/8.14/transforms/f788bc607db2e9fdf0d0f80e4200f998/transformed/versionedparcelable-1.1.1-runtime.jar is 0c4fa22f8acebcd8920f90b71474cc5a
build	Build with Gradle	2026-06-06T12:24:10.4138930Z Stored cache entry for AsmClassesTransform: /home/runner/.gradle/caches/8.14/transforms/b408424d97a39d323d8b8d15e162fc14/transformed/tracing-1.2.0-runtime.jar with cache key e2d5c102edfb5983274dc556647a7289
build	Build with Gradle	2026-06-06T12:24:10.4200233Z Build cache key for AsmClassesTransform: /home/runner/.gradle/caches/modules-2/files-2.1/androidx.collection/collection-jvm/1.4.2/bc60b5568a66d765a9fe8e266fd0c6c727e0b50b/collection-jvm-1.4.2.jar is 9b70f7c5ccea8959c2ded16a56d7645c
build	Build with Gradle	2026-06-06T12:24:10.4249715Z Stored cache entry for AsmClassesTransform: /home/runner/.gradle/caches/8.14/transforms/f788bc607db2e9fdf0d0f80e4200f998/transformed/versionedparcelable-1.1.1-runtime.jar with cache key 0c4fa22f8acebcd8920f90b71474cc5a
build	Build with Gradle	2026-06-06T12:24:10.4359495Z Build cache key for AsmClassesTransform: /home/runner/.gradle/caches/8.14/transforms/179fc7856d5d0a2e7d57e667c9af6b6b/transformed/core-runtime-2.2.0-runtime.jar is 06355952337cd4da843dd001d32defd7
build	Build with Gradle	2026-06-06T12:24:10.4389394Z Stored cache entry for AsmClassesTransform: /home/runner/.gradle/caches/8.14/transforms/179fc7856d5d0a2e7d57e667c9af6b6b/transformed/core-runtime-2.2.0-runtime.jar with cache key 06355952337cd4da843dd001d32defd7
build	Build with Gradle	2026-06-06T12:24:10.4449445Z Build cache key for AsmClassesTransform: /home/runner/.gradle/caches/modules-2/files-2.1/androidx.arch.core/core-common/2.2.0/5e1b8b81dfd5f52c56a8d53b18ca759c19a301f3/core-common-2.2.0.jar is 1d88361cf93c543dccc102187132afbb
build	Build with Gradle	2026-06-06T12:24:10.4503927Z Stored cache entry for AsmClassesTransform: /home/runner/.gradle/caches/modules-2/files-2.1/androidx.arch.core/core-common/2.2.0/5e1b8b81dfd5f52c56a8d53b18ca759c19a301f3/core-common-2.2.0.jar with cache key 1d88361cf93c543dccc102187132afbb
build	Build with Gradle	2026-06-06T12:24:10.4589683Z Build cache key for AsmClassesTransform: /home/runner/.gradle/caches/modules-2/files-2.1/androidx.concurrent/concurrent-futures/1.1.0/50b7fb98350d5f42a4e49704b03278542293ba48/concurrent-futures-1.1.0.jar is c2f61864020a2f6ba3a1f316f0a331c3
build	Build with Gradle	2026-06-06T12:24:10.4649651Z Stored cache entry for AsmClassesTransform: /home/runner/.gradle/caches/modules-2/files-2.1/androidx.concurrent/concurrent-futures/1.1.0/50b7fb98350d5f42a4e49704b03278542293ba48/concurrent-futures-1.1.0.jar with cache key c2f61864020a2f6ba3a1f316f0a331c3
build	Build with Gradle	2026-06-06T12:24:10.4709345Z Build cache key for AsmClassesTransform: /home/runner/.gradle/caches/8.14/transforms/3d291c8489bf0c757b1df6349aaf994f/transformed/annotation-experimental-1.4.1-runtime.jar is 744e2a853f6851f1b6a2dde8d05edd1e
build	Build with Gradle	2026-06-06T12:24:10.4789603Z Stored cache entry for AsmClassesTransform: /home/runner/.gradle/caches/8.14/transforms/3d291c8489bf0c757b1df6349aaf994f/transformed/annotation-experimental-1.4.1-runtime.jar with cache key 744e2a853f6851f1b6a2dde8d05edd1e
build	Build with Gradle	2026-06-06T12:24:10.4819301Z Build cache key for AsmClassesTransform: /home/runner/.gradle/caches/8.14/transforms/0d0b3e54186489f8d51907e6a8129a11/transformed/core-viewtree-1.0.0-runtime.jar is cf70c450a01a592fc53d74baef456054
build	Build with Gradle	2026-06-06T12:24:10.4859278Z Stored cache entry for AsmClassesTransform: /home/runner/.gradle/caches/8.14/transforms/0d0b3e54186489f8d51907e6a8129a11/transformed/core-viewtree-1.0.0-runtime.jar with cache key cf70c450a01a592fc53d74baef456054
build	Build with Gradle	2026-06-06T12:24:10.4909376Z Build cache key for AsmClassesTransform: /home/runner/.gradle/caches/modules-2/files-2.1/androidx.annotation/annotation-jvm/1.8.1/b8a16fe526014b7941c1debaccaf9c5153692dbb/annotation-jvm-1.8.1.jar is 6cebb4ca3e33291fd99b247e21f03f9f
build	Build with Gradle	2026-06-06T12:24:10.4952779Z Stored cache entry for AsmClassesTransform: /home/runner/.gradle/caches/modules-2/files-2.1/androidx.annotation/annotation-jvm/1.8.1/b8a16fe526014b7941c1debaccaf9c5153692dbb/annotation-jvm-1.8.1.jar with cache key 6cebb4ca3e33291fd99b247e21f03f9f
build	Build with Gradle	2026-06-06T12:24:10.5011731Z Build cache key for AsmClassesTransform: /home/runner/.gradle/caches/modules-2/files-2.1/org.jetbrains.kotlin/kotlin-stdlib/1.8.22/636bf8b320e7627482771bbac9ed7246773c02bd/kotlin-stdlib-1.8.22.jar is 785ebb4deb92022317985b7f37c57088
build	Build with Gradle	2026-06-06T12:24:10.5059666Z Stored cache entry for AsmClassesTransform: /home/runner/.gradle/caches/modules-2/files-2.1/androidx.collection/collection-jvm/1.4.2/bc60b5568a66d765a9fe8e266fd0c6c727e0b50b/collection-jvm-1.4.2.jar with cache key 9b70f7c5ccea8959c2ded16a56d7645c
build	Build with Gradle	2026-06-06T12:24:10.5119243Z Build cache key for AsmClassesTransform: /home/runner/.gradle/caches/modules-2/files-2.1/org.jspecify/jspecify/1.0.0/7425a601c1c7ec76645a78d22b8c6a627edee507/jspecify-1.0.0.jar is 0551aa17e1e03de064767ecded1968f4
build	Build with Gradle	2026-06-06T12:24:10.5159210Z Stored cache entry for AsmClassesTransform: /home/runner/.gradle/caches/modules-2/files-2.1/org.jspecify/jspecify/1.0.0/7425a601c1c7ec76645a78d22b8c6a627edee507/jspecify-1.0.0.jar with cache key 0551aa17e1e03de064767ecded1968f4
build	Build with Gradle	2026-06-06T12:24:10.5209718Z Build cache key for AsmClassesTransform: /home/runner/.gradle/caches/modules-2/files-2.1/com.google.guava/listenablefuture/1.0/c949a840a6acbc5268d088e47b04177bf90b3cad/listenablefuture-1.0.jar is 2d226ab8a7abde26371cea8293e32339
build	Build with Gradle	2026-06-06T12:24:10.5269688Z Stored cache entry for AsmClassesTransform: /home/runner/.gradle/caches/modules-2/files-2.1/com.google.guava/listenablefuture/1.0/c949a840a6acbc5268d088e47b04177bf90b3cad/listenablefuture-1.0.jar with cache key 2d226ab8a7abde26371cea8293e32339
build	Build with Gradle	2026-06-06T12:24:10.5273086Z Build cache key for AsmClassesTransform: /home/runner/.gradle/caches/modules-2/files-2.1/org.jetbrains.kotlinx/kotlinx-coroutines-android/1.6.4/f955fc8b2ad196e2f4429598440e15f7492eeb2b/kotlinx-coroutines-android-1.6.4.jar is de5ad8468e6574f19c97239b05621456
build	Build with Gradle	2026-06-06T12:24:10.5276560Z Stored cache entry for AsmClassesTransform: /home/runner/.gradle/caches/modules-2/files-2.1/org.jetbrains.kotlinx/kotlinx-coroutines-android/1.6.4/f955fc8b2ad196e2f4429598440e15f7492eeb2b/kotlinx-coroutines-android-1.6.4.jar with cache key de5ad8468e6574f19c97239b05621456
build	Build with Gradle	2026-06-06T12:24:10.5279920Z Build cache key for AsmClassesTransform: /home/runner/.gradle/caches/modules-2/files-2.1/org.jetbrains.kotlinx/kotlinx-coroutines-core-jvm/1.6.4/2c997cd1c0ef33f3e751d3831929aeff1390cb30/kotlinx-coroutines-core-jvm-1.6.4.jar is db3d5c68ba03dd06d549519341ee03e9
build	Build with Gradle	2026-06-06T12:24:10.5282967Z Stored cache entry for AsmClassesTransform: /home/runner/.gradle/caches/8.14/transforms/272970774af8beefd8052fa3280d84a3/transformed/core-1.16.0-runtime.jar with cache key 240485fd5e185f047b2f88f3fda5d865
build	Build with Gradle	2026-06-06T12:24:10.5285809Z Build cache key for AsmClassesTransform: /home/runner/.gradle/caches/modules-2/files-2.1/org.jetbrains.kotlin/kotlin-stdlib-common/1.8.22/1a8e3601703ae14bb58757ea6b2d8e8e5935a586/kotlin-stdlib-common-1.8.22.jar is f88ca255bdddb7d2e05ceda59daad2cc
build	Build with Gradle	2026-06-06T12:24:10.5289239Z Stored cache entry for AsmClassesTransform: /home/runner/.gradle/caches/modules-2/files-2.1/org.jetbrains.kotlin/kotlin-stdlib-common/1.8.22/1a8e3601703ae14bb58757ea6b2d8e8e5935a586/kotlin-stdlib-common-1.8.22.jar with cache key f88ca255bdddb7d2e05ceda59daad2cc
build	Build with Gradle	2026-06-06T12:24:10.5292202Z Build cache key for AsmClassesTransform: /home/runner/.gradle/caches/modules-2/files-2.1/org.jetbrains/annotations/13.0/919f0dfe192fb4e063e7dacadee7f8bb9a2672a9/annotations-13.0.jar is 88f3f0dd64d42cf6da6c00095250ffdd
build	Build with Gradle	2026-06-06T12:24:10.5295141Z Stored cache entry for AsmClassesTransform: /home/runner/.gradle/caches/modules-2/files-2.1/org.jetbrains/annotations/13.0/919f0dfe192fb4e063e7dacadee7f8bb9a2672a9/annotations-13.0.jar with cache key 88f3f0dd64d42cf6da6c00095250ffdd
build	Build with Gradle	2026-06-06T12:24:10.6780111Z Stored cache entry for AsmClassesTransform: /home/runner/.gradle/caches/modules-2/files-2.1/org.jetbrains.kotlin/kotlin-stdlib/1.8.22/636bf8b320e7627482771bbac9ed7246773c02bd/kotlin-stdlib-1.8.22.jar with cache key 785ebb4deb92022317985b7f37c57088
build	Build with Gradle	2026-06-06T12:24:10.6830721Z 
build	Build with Gradle	2026-06-06T12:24:10.6873693Z > Task :aidl:compileReleaseAidl
build	Build with Gradle	2026-06-06T12:24:10.6918699Z Stored cache entry for task ':aidl:compileReleaseAidl' with cache key ddcbc540e598af5ceb5fa56202372665
build	Build with Gradle	2026-06-06T12:24:10.6981280Z work action resolve out (project :aidl) (Thread[#160,Execution worker,5,main]) started.
build	Build with Gradle	2026-06-06T12:24:10.7066522Z Resolve mutations for :aidl:generateReleaseResValues (Thread[#160,Execution worker,5,main]) started.
build	Build with Gradle	2026-06-06T12:24:10.7108573Z :aidl:generateReleaseResValues (Thread[#160,Execution worker,5,main]) started.
build	Build with Gradle	2026-06-06T12:24:10.7164030Z 
build	Build with Gradle	2026-06-06T12:24:10.7228785Z > Task :aidl:generateReleaseResValues FROM-CACHE
build	Build with Gradle	2026-06-06T12:24:10.7319008Z Build cache key for task ':aidl:generateReleaseResValues' is 648a246192ab07cc66fd461588eaf850
build	Build with Gradle	2026-06-06T12:24:10.7320182Z Task ':aidl:generateReleaseResValues' is not up-to-date because:
build	Build with Gradle	2026-06-06T12:24:10.7320854Z   No history is available.
build	Build with Gradle	2026-06-06T12:24:10.7321759Z Loaded cache entry for task ':aidl:generateReleaseResValues' with cache key 648a246192ab07cc66fd461588eaf850
build	Build with Gradle	2026-06-06T12:24:10.7323101Z Resolve mutations for :aidl:generateReleaseResources (Thread[#160,Execution worker,5,main]) started.
build	Build with Gradle	2026-06-06T12:24:10.7324216Z :aidl:generateReleaseResources (Thread[#160,Execution worker,5,main]) started.
build	Build with Gradle	2026-06-06T12:24:10.7325025Z 
build	Build with Gradle	2026-06-06T12:24:10.7325287Z > Task :aidl:generateReleaseResources FROM-CACHE
build	Build with Gradle	2026-06-06T12:24:10.7326243Z Build cache key for task ':aidl:generateReleaseResources' is d4edfd48e9c19bf95cf1077eff77e471
build	Build with Gradle	2026-06-06T12:24:10.7327286Z Task ':aidl:generateReleaseResources' is not up-to-date because:
build	Build with Gradle	2026-06-06T12:24:10.7328256Z   No history is available.
build	Build with Gradle	2026-06-06T12:24:10.7329102Z Loaded cache entry for task ':aidl:generateReleaseResources' with cache key d4edfd48e9c19bf95cf1077eff77e471
build	Build with Gradle	2026-06-06T12:24:10.7330422Z Resolve mutations for :aidl:packageReleaseResources (Thread[#160,Execution worker,5,main]) started.
build	Build with Gradle	2026-06-06T12:24:10.7331582Z :aidl:packageReleaseResources (Thread[#160,Execution worker,5,main]) started.
build	Build with Gradle	2026-06-06T12:24:10.7778093Z 
build	Build with Gradle	2026-06-06T12:24:10.7808560Z > Task :aidl:packageReleaseResources
build	Build with Gradle	2026-06-06T12:24:10.7838749Z Build cache key for task ':aidl:packageReleaseResources' is 1588a12aa84775cdca5421e0833e34b4
build	Build with Gradle	2026-06-06T12:24:10.7870963Z Task ':aidl:packageReleaseResources' is not up-to-date because:
build	Build with Gradle	2026-06-06T12:24:10.7928438Z   No history is available.
build	Build with Gradle	2026-06-06T12:24:10.7991402Z The input changes require a full rebuild for incremental task ':aidl:packageReleaseResources'.
build	Build with Gradle	2026-06-06T12:24:10.8018302Z [MergeResources] Inputs are non-incremental full task action.
build	Build with Gradle	2026-06-06T12:24:10.8083242Z Stored cache entry for task ':aidl:packageReleaseResources' with cache key 1588a12aa84775cdca5421e0833e34b4
build	Build with Gradle	2026-06-06T12:24:10.8110547Z work action resolve packageReleaseResources (project :aidl) (Thread[#160,Execution worker,5,main]) started.
build	Build with Gradle	2026-06-06T12:24:10.8168971Z Resolve mutations for :aidl:parseReleaseLocalResources (Thread[#160,Execution worker,5,main]) started.
build	Build with Gradle	2026-06-06T12:24:10.8198444Z :aidl:parseReleaseLocalResources (Thread[#160,Execution worker,5,main]) started.
build	Build with Gradle	2026-06-06T12:24:10.8237742Z 
build	Build with Gradle	2026-06-06T12:24:10.8298376Z > Task :aidl:parseReleaseLocalResources FROM-CACHE
build	Build with Gradle	2026-06-06T12:24:10.8358896Z Build cache key for task ':aidl:parseReleaseLocalResources' is df4b5dc4dbbcf6350ba300270c5ecd9d
build	Build with Gradle	2026-06-06T12:24:10.8388597Z Task ':aidl:parseReleaseLocalResources' is not up-to-date because:
build	Build with Gradle	2026-06-06T12:24:10.8445244Z   No history is available.
build	Build with Gradle	2026-06-06T12:24:10.8468757Z Loaded cache entry for task ':aidl:parseReleaseLocalResources' with cache key df4b5dc4dbbcf6350ba300270c5ecd9d
build	Build with Gradle	2026-06-06T12:24:10.8498506Z Resolve mutations for :aidl:generateReleaseRFile (Thread[#160,Execution worker,5,main]) started.
build	Build with Gradle	2026-06-06T12:24:10.8518665Z :aidl:generateReleaseRFile (Thread[#160,Execution worker,5,main]) started.
build	Build with Gradle	2026-06-06T12:24:11.2798049Z 
build	Build with Gradle	2026-06-06T12:24:11.2864723Z > Task :aidl:generateReleaseRFile
build	Build with Gradle	2026-06-06T12:24:11.2935375Z Build cache key for task ':aidl:generateReleaseRFile' is 8e3d11ec72f15ce02230ce1749acc332
build	Build with Gradle	2026-06-06T12:24:11.3000210Z Task ':aidl:generateReleaseRFile' is not up-to-date because:
build	Build with Gradle	2026-06-06T12:24:11.3048455Z   No history is available.
build	Build with Gradle	2026-06-06T12:24:11.3109879Z The input changes require a full rebuild for incremental task ':aidl:generateReleaseRFile'.
build	Build with Gradle	2026-06-06T12:24:11.3141921Z Stored cache entry for task ':aidl:generateReleaseRFile' with cache key 8e3d11ec72f15ce02230ce1749acc332
build	Build with Gradle	2026-06-06T12:24:11.3195690Z work action resolve package-aware-r.txt (project :aidl) (Thread[#160,Execution worker,5,main]) started.
build	Build with Gradle	2026-06-06T12:24:11.3238758Z work action resolve package-aware-r.txt (project :aidl) (Thread[#160,Execution worker,5,main]) started.
build	Build with Gradle	2026-06-06T12:24:11.3328906Z Resolve mutations for :aidl:javaPreCompileRelease (Thread[#160,Execution worker,5,main]) started.
build	Build with Gradle	2026-06-06T12:24:11.3348025Z :aidl:javaPreCompileRelease (Thread[#160,Execution worker,5,main]) started.
build	Build with Gradle	2026-06-06T12:24:11.3427955Z 
build	Build with Gradle	2026-06-06T12:24:11.3448377Z > Task :aidl:javaPreCompileRelease FROM-CACHE
build	Build with Gradle	2026-06-06T12:24:11.3491749Z Build cache key for task ':aidl:javaPreCompileRelease' is 4ad30ac62fa27a5591fcdb6f39013312
build	Build with Gradle	2026-06-06T12:24:11.3546649Z Task ':aidl:javaPreCompileRelease' is not up-to-date because:
build	Build with Gradle	2026-06-06T12:24:11.3598594Z   No history is available.
build	Build with Gradle	2026-06-06T12:24:11.3656516Z Loaded cache entry for task ':aidl:javaPreCompileRelease' with cache key 4ad30ac62fa27a5591fcdb6f39013312
build	Build with Gradle	2026-06-06T12:24:11.3708771Z Resolve mutations for :aidl:compileReleaseJavaWithJavac (Thread[#160,Execution worker,5,main]) started.
build	Build with Gradle	2026-06-06T12:24:11.3739737Z :aidl:compileReleaseJavaWithJavac (Thread[#160,Execution worker,5,main]) started.
build	Build with Gradle	2026-06-06T12:24:11.8778170Z 
build	Build with Gradle	2026-06-06T12:24:11.8858627Z > Task :rish:buildCMakeRelWithDebInfo[x86]
build	Build with Gradle	2026-06-06T12:24:11.8919476Z Deleting stale output file: /home/runner/work/ShizukuPlus/ShizukuPlus/api/rish/build/intermediates/cxx/RelWithDebInfo/6yo4f216/obj/x86
build	Build with Gradle	2026-06-06T12:24:11.8948354Z Caching disabled for task ':rish:buildCMakeRelWithDebInfo[x86]' because:
build	Build with Gradle	2026-06-06T12:24:11.8978519Z   Caching has been disabled for the task
build	Build with Gradle	2026-06-06T12:24:11.9028797Z Task ':rish:buildCMakeRelWithDebInfo[x86]' is not up-to-date because:
build	Build with Gradle	2026-06-06T12:24:11.9029878Z   Task.upToDateWhen is false.
build	Build with Gradle	2026-06-06T12:24:11.9030559Z C/C++: starting build
build	Build with Gradle	2026-06-06T12:24:11.9031150Z C/C++: reading expected JSONs
build	Build with Gradle	2026-06-06T12:24:11.9031731Z C/C++: done reading expected JSONs
build	Build with Gradle	2026-06-06T12:24:11.9032615Z C/C++: executing build commands for targets that produce .so files or executables
build	Build with Gradle	2026-06-06T12:24:11.9033531Z C/C++: evaluate miniconfig
build	Build with Gradle	2026-06-06T12:24:11.9034169Z C/C++: evaluate library rish (x86)
build	Build with Gradle	2026-06-06T12:24:11.9034996Z C/C++: building target library rish because no targets are specified.
build	Build with Gradle	2026-06-06T12:24:11.9035838Z C/C++: about to build targets rish
build	Build with Gradle	2026-06-06T12:24:11.9036486Z C/C++: Build rish
build	Build with Gradle	2026-06-06T12:24:11.9037137Z C/C++: /usr/local/lib/android/sdk/cmake/3.22.1/bin/ninja \
build	Build with Gradle	2026-06-06T12:24:11.9037985Z   -C \
build	Build with Gradle	2026-06-06T12:24:11.9038739Z   /home/runner/work/ShizukuPlus/ShizukuPlus/api/rish/.cxx/RelWithDebInfo/6yo4f216/x86 \
build	Build with Gradle	2026-06-06T12:24:11.9039636Z   rish
build	Build with Gradle	2026-06-06T12:24:11.9039967Z 
build	Build with Gradle	2026-06-06T12:24:11.9041745Z Starting process 'command '/usr/local/lib/android/sdk/cmake/3.22.1/bin/ninja''. Working directory: /home/runner/work/ShizukuPlus/ShizukuPlus/api/rish Command: /usr/local/lib/android/sdk/cmake/3.22.1/bin/ninja -C /home/runner/work/ShizukuPlus/ShizukuPlus/api/rish/.cxx/RelWithDebInfo/6yo4f216/x86 rish
build	Build with Gradle	2026-06-06T12:24:11.9043896Z Successfully started process 'command '/usr/local/lib/android/sdk/cmake/3.22.1/bin/ninja''
build	Build with Gradle	2026-06-06T12:24:11.9044876Z C/C++: Received process result: 0
build	Build with Gradle	2026-06-06T12:24:11.9045536Z C/C++: check expected build outputs
build	Build with Gradle	2026-06-06T12:24:11.9046162Z C/C++: build complete
build	Build with Gradle	2026-06-06T12:24:11.9047252Z Resolve mutations for :shell:mergeReleaseGeneratedProguardFiles (Thread[#161,Execution worker Thread 2,5,main]) started.
build	Build with Gradle	2026-06-06T12:24:11.9049352Z :shell:mergeReleaseGeneratedProguardFiles (Thread[#161,Execution worker Thread 2,5,main]) started.
build	Build with Gradle	2026-06-06T12:24:11.9050190Z 
build	Build with Gradle	2026-06-06T12:24:11.9050608Z > Task :shell:mergeReleaseGeneratedProguardFiles
build	Build with Gradle	2026-06-06T12:24:11.9051605Z Caching disabled for task ':shell:mergeReleaseGeneratedProguardFiles' because:
build	Build with Gradle	2026-06-06T12:24:11.9052441Z   Simple merging task
build	Build with Gradle	2026-06-06T12:24:11.9053237Z Task ':shell:mergeReleaseGeneratedProguardFiles' is not up-to-date because:
build	Build with Gradle	2026-06-06T12:24:11.9054485Z   No history is available.
build	Build with Gradle	2026-06-06T12:24:11.9055599Z Resolve mutations for :shell:mergeReleaseStartupProfile (Thread[#161,Execution worker Thread 2,5,main]) started.
build	Build with Gradle	2026-06-06T12:24:11.9057185Z :shell:mergeReleaseStartupProfile (Thread[#161,Execution worker Thread 2,5,main]) started.
build	Build with Gradle	2026-06-06T12:24:11.9058403Z 
build	Build with Gradle	2026-06-06T12:24:11.9087904Z > Task :shell:mergeReleaseStartupProfile
build	Build with Gradle	2026-06-06T12:24:11.9103713Z Caching disabled for task ':shell:mergeReleaseStartupProfile' because:
build	Build with Gradle	2026-06-06T12:24:11.9118592Z   Simple merging task
build	Build with Gradle	2026-06-06T12:24:11.9120621Z Task ':shell:mergeReleaseStartupProfile' is not up-to-date because:
build	Build with Gradle	2026-06-06T12:24:11.9149450Z   No history is available.
build	Build with Gradle	2026-06-06T12:24:11.9199924Z Dex optimization based on startup profile is enabled, but there are no input baseline profiles found in the baselineProfiles sources. You should add /home/runner/work/ShizukuPlus/ShizukuPlus/shell/src/main/baselineProfiles/startup-prof.txt, for instance.
build	Build with Gradle	2026-06-06T12:24:11.9208305Z Resolve mutations for :shell:mergeReleaseShaders (Thread[#161,Execution worker Thread 2,5,main]) started.
build	Build with Gradle	2026-06-06T12:24:11.9210093Z :shell:mergeReleaseShaders (Thread[#161,Execution worker Thread 2,5,main]) started.
build	Build with Gradle	2026-06-06T12:24:11.9241069Z 
build	Build with Gradle	2026-06-06T12:24:11.9241689Z > Task :shell:expandReleaseArtProfileWildcards
build	Build with Gradle	2026-06-06T12:24:11.9243762Z Stored cache entry for AsmClassesTransform: /home/runner/.gradle/caches/modules-2/files-2.1/org.jetbrains.kotlinx/kotlinx-coroutines-core-jvm/1.6.4/2c997cd1c0ef33f3e751d3831929aeff1390cb30/kotlinx-coroutines-core-jvm-1.6.4.jar with cache key db3d5c68ba03dd06d549519341ee03e9
build	Build with Gradle	2026-06-06T12:24:11.9246783Z Build cache key for AsmClassesTransform: /home/runner/.gradle/caches/modules-2/files-2.1/dev.rikka.tools.refine/annotation/4.4.0/3be57ff62362c5dea538dc7613a07f98ff8b1824/annotation-4.4.0.jar is 70d24c397d044a4da9fefdd5d3566d50
build	Build with Gradle	2026-06-06T12:24:11.9249677Z Stored cache entry for AsmClassesTransform: /home/runner/.gradle/caches/modules-2/files-2.1/dev.rikka.tools.refine/annotation/4.4.0/3be57ff62362c5dea538dc7613a07f98ff8b1824/annotation-4.4.0.jar with cache key 70d24c397d044a4da9fefdd5d3566d50
build	Build with Gradle	2026-06-06T12:24:11.9251792Z Build cache key for task ':shell:expandReleaseArtProfileWildcards' is c2aa60db11e8137d9db37b66e7f6b3e3
build	Build with Gradle	2026-06-06T12:24:11.9253063Z Task ':shell:expandReleaseArtProfileWildcards' is not up-to-date because:
build	Build with Gradle	2026-06-06T12:24:11.9253917Z   No history is available.
build	Build with Gradle	2026-06-06T12:24:11.9254953Z Stored cache entry for task ':shell:expandReleaseArtProfileWildcards' with cache key c2aa60db11e8137d9db37b66e7f6b3e3
build	Build with Gradle	2026-06-06T12:24:11.9256853Z Resolve mutations for :rish:configureCMakeRelWithDebInfo[x86_64] (Thread[#159,included builds,5,main]) started.
build	Build with Gradle	2026-06-06T12:24:11.9258457Z :rish:configureCMakeRelWithDebInfo[x86_64] (Thread[#159,included builds,5,main]) started.
build	Build with Gradle	2026-06-06T12:24:12.2760952Z 
build	Build with Gradle	2026-06-06T12:24:12.2786886Z > Task :core:ui:compileReleaseKotlin
build	Build with Gradle	2026-06-06T12:24:12.2809308Z Caching disabled for AarToClassTransform: /home/runner/.gradle/caches/modules-2/files-2.1/dev.rikka.rikkax.layoutinflater/layoutinflater/1.3.0/6ea9aa6d30319958c33418292d1a26ad4eadb01d/layoutinflater-1.3.0.aar because:
build	Build with Gradle	2026-06-06T12:24:12.2810876Z   Caching not enabled.
build	Build with Gradle	2026-06-06T12:24:12.2812449Z Caching disabled for AarToClassTransform: /home/runner/.gradle/caches/modules-2/files-2.1/dev.rikka.rikkax.compatibility/compatibility/2.0.0/43196bfea60ce7a444ed17767ff42ac872a0f3d4/compatibility-2.0.0.aar because:
build	Build with Gradle	2026-06-06T12:24:12.2814394Z   Caching not enabled.
build	Build with Gradle	2026-06-06T12:24:12.2815437Z Caching disabled for AarToClassTransform: /home/runner/.gradle/caches/modules-2/files-2.1/androidx.databinding/viewbinding/8.11.1/ac6f44341b1809eb28fb59df4e19918cff189ddb/viewbinding-8.11.1.aar because:
build	Build with Gradle	2026-06-06T12:24:12.2816368Z   Caching not enabled.
build	Build with Gradle	2026-06-06T12:24:12.2817537Z Caching disabled for AarToClassTransform: /home/runner/.gradle/caches/modules-2/files-2.1/com.google.android.material/material/1.14.0-beta01/f7a291ba538cd66770e33fcfb934c4b1bb9832a1/material-1.14.0-beta01.aar because:
build	Build with Gradle	2026-06-06T12:24:12.2818913Z   Caching not enabled.
build	Build with Gradle	2026-06-06T12:24:12.2820242Z Caching disabled for AarToClassTransform: /home/runner/.gradle/caches/modules-2/files-2.1/androidx.appcompat/appcompat-resources/1.7.0/2a42c0283578a8a40fc83b45b5cd06924bd1a385/appcompat-resources-1.7.0.aar because:
build	Build with Gradle	2026-06-06T12:24:12.2821996Z   Caching not enabled.
build	Build with Gradle	2026-06-06T12:24:12.2823333Z Caching disabled for AarToClassTransform: /home/runner/.gradle/caches/modules-2/files-2.1/androidx.appcompat/appcompat/1.7.0/d44656e67ab2123393e5f3e957ecc3641a600c7b/appcompat-1.7.0.aar because:
build	Build with Gradle	2026-06-06T12:24:12.2824737Z   Caching not enabled.
build	Build with Gradle	2026-06-06T12:24:12.2826036Z Caching disabled for AarToClassTransform: /home/runner/.gradle/caches/modules-2/files-2.1/androidx.viewpager2/viewpager2/1.0.0/91c378a09ddff66e1bb73e90edeac53487d2832b/viewpager2-1.0.0.aar because:
build	Build with Gradle	2026-06-06T12:24:12.2827761Z   Caching not enabled.
build	Build with Gradle	2026-06-06T12:24:12.2828963Z Caching disabled for AarToClassTransform: /home/runner/.gradle/caches/modules-2/files-2.1/androidx.fragment/fragment/1.8.7/561e3e40ef452b26d6f00056c503f7efbe6d9c39/fragment-1.8.7.aar because:
build	Build with Gradle	2026-06-06T12:24:12.2830286Z   Caching not enabled.
build	Build with Gradle	2026-06-06T12:24:12.2831637Z Caching disabled for AarToClassTransform: /home/runner/.gradle/caches/modules-2/files-2.1/dev.rikka.rikkax.material/material/2.7.2/6ce595e59849ed6bd4625ff209a1c3ea0b5963df/material-2.7.2.aar because:
build	Build with Gradle	2026-06-06T12:24:12.2833002Z   Caching not enabled.
build	Build with Gradle	2026-06-06T12:24:12.2834327Z Caching disabled for AarToClassTransform: /home/runner/.gradle/caches/modules-2/files-2.1/dev.rikka.rikkax.core/core-ktx/1.4.1/1b327f6768674d824fe33025ae86460a999873a/core-ktx-1.4.1-release.aar because:
build	Build with Gradle	2026-06-06T12:24:12.2835796Z   Caching not enabled.
build	Build with Gradle	2026-06-06T12:24:12.2837015Z Caching disabled for AarToClassTransform: /home/runner/.gradle/caches/modules-2/files-2.1/androidx.fragment/fragment-ktx/1.8.7/a2e731e5e0cb499e715beb62b3e06bd3f080f47d/fragment-ktx-1.8.7.aar because:
build	Build with Gradle	2026-06-06T12:24:12.2838837Z   Caching not enabled.
build	Build with Gradle	2026-06-06T12:24:12.2867784Z Caching disabled for AarToClassTransform: /home/runner/.gradle/caches/modules-2/files-2.1/androidx.activity/activity/1.8.1/144ff894c8c32584ca9e99ebae0a2a28b294d371/activity-1.8.1.aar because:
build	Build with Gradle	2026-06-06T12:24:12.2869402Z   Caching not enabled.
build	Build with Gradle	2026-06-06T12:24:12.2870744Z Caching disabled for AarToClassTransform: /home/runner/.gradle/caches/modules-2/files-2.1/androidx.activity/activity-ktx/1.8.1/2367fda01826526e5948ebb9fd5faae9213ac7bc/activity-ktx-1.8.1.aar because:
build	Build with Gradle	2026-06-06T12:24:12.2872238Z   Caching not enabled.
build	Build with Gradle	2026-06-06T12:24:12.2873784Z Caching disabled for AarToClassTransform: /home/runner/.gradle/caches/modules-2/files-2.1/androidx.recyclerview/recyclerview/1.2.1/7f5235de0ec08c31d4f6cccdd0dcaa58b7f9ef6b/recyclerview-1.2.1.aar because:
build	Build with Gradle	2026-06-06T12:24:12.2875314Z   Caching not enabled.
build	Build with Gradle	2026-06-06T12:24:12.2876746Z Caching disabled for AarToClassTransform: /home/runner/.gradle/caches/modules-2/files-2.1/androidx.swiperefreshlayout/swiperefreshlayout/1.1.0/2aeac64056fe6cc0420afad0b699a7f9257b8ebe/swiperefreshlayout-1.1.0.aar because:
build	Build with Gradle	2026-06-06T12:24:12.2878328Z   Caching not enabled.
build	Build with Gradle	2026-06-06T12:24:12.2879594Z Caching disabled for AarToClassTransform: /home/runner/.gradle/caches/modules-2/files-2.1/androidx.drawerlayout/drawerlayout/1.1.1/1b2b049e1e88589510ddd4d93f2699b46ecd73dd/drawerlayout-1.1.1.aar because:
build	Build with Gradle	2026-06-06T12:24:12.2881034Z   Caching not enabled.
build	Build with Gradle	2026-06-06T12:24:12.2882681Z Caching disabled for AarToClassTransform: /home/runner/.gradle/caches/modules-2/files-2.1/androidx.coordinatorlayout/coordinatorlayout/1.1.0/8eeb7baf75b9595d017642a460df5af3bb9fa4e1/coordinatorlayout-1.1.0.aar because:
build	Build with Gradle	2026-06-06T12:24:12.2884127Z   Caching not enabled.
build	Build with Gradle	2026-06-06T12:24:12.2885282Z Caching disabled for AarToClassTransform: /home/runner/.gradle/caches/modules-2/files-2.1/androidx.viewpager/viewpager/1.0.0/1f90e13820f96c2fb868f9674079a551678d68b2/viewpager-1.0.0.aar because:
build	Build with Gradle	2026-06-06T12:24:12.2886616Z   Caching not enabled.
build	Build with Gradle	2026-06-06T12:24:12.2918462Z Caching disabled for AarToClassTransform: /home/runner/.gradle/caches/modules-2/files-2.1/androidx.customview/customview/1.2.0/2cc4c923ced9c6545b9251d2e3c02c5ad42a25f0/customview-1.2.0.aar because:
build	Build with Gradle	2026-06-06T12:24:12.2920046Z   Caching not enabled.
build	Build with Gradle	2026-06-06T12:24:12.2921829Z Caching disabled for AarToClassTransform: /home/runner/.gradle/caches/modules-2/files-2.1/androidx.transition/transition/1.5.0/747173f40c7d98cdb6890a25aa60edcbefeb9c95/transition-1.5.0.aar because:
build	Build with Gradle	2026-06-06T12:24:12.2923367Z   Caching not enabled.
build	Build with Gradle	2026-06-06T12:24:12.2924855Z Caching disabled for AarToClassTransform: /home/runner/.gradle/caches/modules-2/files-2.1/androidx.dynamicanimation/dynamicanimation/1.1.0/fafa4d2b35188c1fc4bfbc7b9f474e25793041b7/dynamicanimation-1.1.0.aar because:
build	Build with Gradle	2026-06-06T12:24:12.2926436Z   Caching not enabled.
build	Build with Gradle	2026-06-06T12:24:12.2928301Z Caching disabled for AarToClassTransform: /home/runner/.gradle/caches/modules-2/files-2.1/androidx.vectordrawable/vectordrawable-animated/1.1.0/fcda1161354501471c30a4e077af6b5c4d4eddc6/vectordrawable-animated-1.1.0.aar because:
build	Build with Gradle	2026-06-06T12:24:12.2930077Z   Caching not enabled.
build	Build with Gradle	2026-06-06T12:24:12.2931582Z Caching disabled for AarToClassTransform: /home/runner/.gradle/caches/modules-2/files-2.1/androidx.vectordrawable/vectordrawable/1.1.0/eac7a364fff534035a2a6cb17770a1288315f69f/vectordrawable-1.1.0.aar because:
build	Build with Gradle	2026-06-06T12:24:12.2933160Z   Caching not enabled.
build	Build with Gradle	2026-06-06T12:24:12.2934464Z Caching disabled for AarToClassTransform: /home/runner/.gradle/caches/modules-2/files-2.1/androidx.loader/loader/1.0.0/8af8b6cec0da85c207d03e15840e0722cbc71e70/loader-1.0.0.aar because:
build	Build with Gradle	2026-06-06T12:24:12.2935793Z   Caching not enabled.
build	Build with Gradle	2026-06-06T12:24:12.2937056Z Caching disabled for AarToClassTransform: /home/runner/.gradle/caches/modules-2/files-2.1/androidx.core/core/1.16.0/3a0b0bf75b4649cad42a39b6356fec1eea63cfc8/core-1.16.0.aar because:
build	Build with Gradle	2026-06-06T12:24:12.2938560Z   Caching not enabled.
build	Build with Gradle	2026-06-06T12:24:12.2939911Z Caching disabled for AarToClassTransform: /home/runner/.gradle/caches/modules-2/files-2.1/androidx.lifecycle/lifecycle-livedata/2.6.2/e7f6d9e232bf035af69c030917c1ccda8e840b57/lifecycle-livedata-2.6.2.aar because:
build	Build with Gradle	2026-06-06T12:24:12.2941339Z   Caching not enabled.
build	Build with Gradle	2026-06-06T12:24:12.2942762Z Caching disabled for AarToClassTransform: /home/runner/.gradle/caches/modules-2/files-2.1/androidx.lifecycle/lifecycle-livedata-core/2.6.2/23f66885a260f0a2cd6540927ea8795484afd2da/lifecycle-livedata-core-2.6.2.aar because:
build	Build with Gradle	2026-06-06T12:24:12.2944367Z   Caching not enabled.
build	Build with Gradle	2026-06-06T12:24:12.2945879Z Caching disabled for AarToClassTransform: /home/runner/.gradle/caches/modules-2/files-2.1/androidx.lifecycle/lifecycle-runtime-ktx/2.6.2/33decb94ec41360796e2160159bdca7dde688d0f/lifecycle-runtime-ktx-2.6.2.aar because:
build	Build with Gradle	2026-06-06T12:24:12.2947334Z   Caching not enabled.
build	Build with Gradle	2026-06-06T12:24:12.2979467Z Caching disabled for AarToClassTransform: /home/runner/.gradle/caches/modules-2/files-2.1/androidx.lifecycle/lifecycle-viewmodel/2.6.2/fa35bfdbbe0e7df1573e377cbdd15de35176141d/lifecycle-viewmodel-2.6.2.aar because:
build	Build with Gradle	2026-06-06T12:24:12.2981086Z   Caching not enabled.
build	Build with Gradle	2026-06-06T12:24:12.2982634Z Caching disabled for AarToClassTransform: /home/runner/.gradle/caches/modules-2/files-2.1/androidx.lifecycle/lifecycle-runtime/2.6.2/f0ef27053faa89b3ec06c4f118cea0a15edde35b/lifecycle-runtime-2.6.2.aar because:
build	Build with Gradle	2026-06-06T12:24:12.2984509Z   Caching not enabled.
build	Build with Gradle	2026-06-06T12:24:12.2986145Z Caching disabled for AarToClassTransform: /home/runner/.gradle/caches/modules-2/files-2.1/androidx.lifecycle/lifecycle-livedata-core-ktx/2.6.2/58c13cf1fa21b6516e58a8d291b11da864caffbf/lifecycle-livedata-core-ktx-2.6.2.aar because:
build	Build with Gradle	2026-06-06T12:24:12.2988132Z   Caching not enabled.
build	Build with Gradle	2026-06-06T12:24:12.2989674Z Caching disabled for AarToClassTransform: /home/runner/.gradle/caches/modules-2/files-2.1/androidx.lifecycle/lifecycle-viewmodel-ktx/2.6.2/a6214896fba4ed16b44b0c051e6ceea24be554/lifecycle-viewmodel-ktx-2.6.2.aar because:
build	Build with Gradle	2026-06-06T12:24:12.2991229Z   Caching not enabled.
build	Build with Gradle	2026-06-06T12:24:12.2992781Z Caching disabled for AarToClassTransform: /home/runner/.gradle/caches/modules-2/files-2.1/androidx.lifecycle/lifecycle-viewmodel-savedstate/2.6.2/483115c35b2926c3780dfdaf3f5d0342855e73b1/lifecycle-viewmodel-savedstate-2.6.2.aar because:
build	Build with Gradle	2026-06-06T12:24:12.2994700Z   Caching not enabled.
build	Build with Gradle	2026-06-06T12:24:12.2995937Z Caching disabled for AarToClassTransform: /home/runner/.gradle/caches/modules-2/files-2.1/androidx.core/core-ktx/1.16.0/fb0ea209ea2411dc5106cd1c95b513c81ce8aedb/core-ktx-1.16.0.aar because:
build	Build with Gradle	2026-06-06T12:24:12.2997309Z   Caching not enabled.
build	Build with Gradle	2026-06-06T12:24:12.2998774Z Caching disabled for AarToClassTransform: /home/runner/.gradle/caches/modules-2/files-2.1/dev.rikka.rikkax.insets/insets/1.3.0/4c4ba2e936a3619d0bb7c8e73d50e0cc6be22022/insets-1.3.0-release.aar because:
build	Build with Gradle	2026-06-06T12:24:12.3000189Z   Caching not enabled.
build	Build with Gradle	2026-06-06T12:24:12.3001655Z Caching disabled for IdentityTransform: /home/runner/.gradle/caches/modules-2/files-2.1/org.jetbrains.kotlin/kotlin-stdlib-jdk8/1.8.22/b25c86d47d6b962b9cf0f8c3f320c8a10eea3dd1/kotlin-stdlib-jdk8-1.8.22.jar because:
build	Build with Gradle	2026-06-06T12:24:12.3003390Z   Caching not enabled.
build	Build with Gradle	2026-06-06T12:24:12.3004867Z Caching disabled for AarToClassTransform: /home/runner/.gradle/caches/modules-2/files-2.1/androidx.savedstate/savedstate-ktx/1.2.1/b86d338d91b1c26193a42b1d87be9bb02123fa16/savedstate-ktx-1.2.1.aar because:
build	Build with Gradle	2026-06-06T12:24:12.3006417Z   Caching not enabled.
build	Build with Gradle	2026-06-06T12:24:12.3038395Z Caching disabled for AarToClassTransform: /home/runner/.gradle/caches/modules-2/files-2.1/androidx.savedstate/savedstate/1.2.1/e364fc9dec32aa569d855f85864e50250318a093/savedstate-1.2.1.aar because:
build	Build with Gradle	2026-06-06T12:24:12.3040140Z   Caching not enabled.
build	Build with Gradle	2026-06-06T12:24:12.3041934Z Caching disabled for AarToClassTransform: /home/runner/.gradle/caches/modules-2/files-2.1/androidx.annotation/annotation-experimental/1.4.1/7851235e2a16ce50270a74b555edaf9209b42864/annotation-experimental-1.4.1.aar because:
build	Build with Gradle	2026-06-06T12:24:12.3043550Z   Caching not enabled.
build	Build with Gradle	2026-06-06T12:24:12.3044902Z Caching disabled for AarToClassTransform: /home/runner/.gradle/caches/modules-2/files-2.1/androidx.cursoradapter/cursoradapter/1.0.0/74014983a86b83cbce534dec4e7aa9312f5f5d82/cursoradapter-1.0.0.aar because:
build	Build with Gradle	2026-06-06T12:24:12.3046395Z   Caching not enabled.
build	Build with Gradle	2026-06-06T12:24:12.3048071Z Caching disabled for IdentityTransform: /home/runner/.gradle/caches/modules-2/files-2.1/org.jetbrains.kotlin/kotlin-stdlib-jdk7/1.8.22/4dabb8248310d833bb6a8b516024a91fd3d275c/kotlin-stdlib-jdk7-1.8.22.jar because:
build	Build with Gradle	2026-06-06T12:24:12.3049658Z   Caching not enabled.
build	Build with Gradle	2026-06-06T12:24:12.3051026Z Caching disabled for AarToClassTransform: /home/runner/.gradle/caches/modules-2/files-2.1/androidx.cardview/cardview/1.0.0/158dbc2e2bc502815821191b04446b8f663c1874/cardview-1.0.0.aar because:
build	Build with Gradle	2026-06-06T12:24:12.3052496Z   Caching not enabled.
build	Build with Gradle	2026-06-06T12:24:12.3053982Z Caching disabled for AarToClassTransform: /home/runner/.gradle/caches/modules-2/files-2.1/androidx.interpolator/interpolator/1.0.0/8a01fa254a23b9388571eb6334b03707c7d122d7/interpolator-1.0.0.aar because:
build	Build with Gradle	2026-06-06T12:24:12.3055574Z   Caching not enabled.
build	Build with Gradle	2026-06-06T12:24:12.3057274Z Caching disabled for AarToClassTransform: /home/runner/.gradle/caches/modules-2/files-2.1/androidx.versionedparcelable/versionedparcelable/1.1.1/18e18071e7715679e0593c570217edeb5ca48b9e/versionedparcelable-1.1.1.aar because:
build	Build with Gradle	2026-06-06T12:24:12.3059228Z   Caching not enabled.
build	Build with Gradle	2026-06-06T12:24:12.3060699Z Caching disabled for AarToClassTransform: /home/runner/.gradle/caches/modules-2/files-2.1/androidx.arch.core/core-runtime/2.2.0/39705982680d78556b679ef9d5400d4f17509b0b/core-runtime-2.2.0.aar because:
build	Build with Gradle	2026-06-06T12:24:12.3062379Z   Caching not enabled.
build	Build with Gradle	2026-06-06T12:24:12.3063748Z Caching disabled for IdentityTransform: /home/runner/.gradle/caches/modules-2/files-2.1/androidx.collection/collection-ktx/1.4.2/2ad14aed781c4a73ed4dbb421966d408a0a06686/collection-ktx-1.4.2.jar because:
build	Build with Gradle	2026-06-06T12:24:12.3065255Z   Caching not enabled.
build	Build with Gradle	2026-06-06T12:24:12.3066671Z Caching disabled for AarToClassTransform: /home/runner/.gradle/caches/modules-2/files-2.1/androidx.core/core-viewtree/1.0.0/449ba4f495b4d10d18edd01f32f9328be40d5749/core-viewtree-1.0.0.aar because:
build	Build with Gradle	2026-06-06T12:24:12.3098844Z   Caching not enabled.
build	Build with Gradle	2026-06-06T12:24:12.3100201Z Caching disabled for IdentityTransform: /home/runner/.gradle/caches/modules-2/files-2.1/org.jetbrains.kotlin/kotlin-stdlib/2.2.20/5380b19fa1924399b62ce3a1faffebb2b4f82272/kotlin-stdlib-2.2.20.jar because:
build	Build with Gradle	2026-06-06T12:24:12.3102117Z   Caching not enabled.
build	Build with Gradle	2026-06-06T12:24:12.3103420Z Caching disabled for AarToClassTransform: /home/runner/.gradle/caches/modules-2/files-2.1/dev.rikka.rikkax.core/core/1.4.1/2ab32b8003c5b2b5c0fa889997a31b377dcaed96/core-1.4.1-release.aar because:
build	Build with Gradle	2026-06-06T12:24:12.3104887Z   Caching not enabled.
build	Build with Gradle	2026-06-06T12:24:12.3106557Z Caching disabled for IdentityTransform: /home/runner/.gradle/caches/modules-2/files-2.1/androidx.resourceinspection/resourceinspection-annotation/1.0.1/8c21f8ff5d96d5d52c948707f7e4d6ca6773feef/resourceinspection-annotation-1.0.1.jar because:
build	Build with Gradle	2026-06-06T12:24:12.3108735Z   Caching not enabled.
build	Build with Gradle	2026-06-06T12:24:12.3110191Z Caching disabled for AarToClassTransform: /home/runner/.gradle/caches/modules-2/files-2.1/androidx.constraintlayout/constraintlayout/2.2.1/63546b93c403153de9a59991a28445baf41376db/constraintlayout-2.2.1.aar because:
build	Build with Gradle	2026-06-06T12:24:12.3111849Z   Caching not enabled.
build	Build with Gradle	2026-06-06T12:24:12.3113282Z Caching disabled for AarToClassTransform: /home/runner/.gradle/caches/modules-2/files-2.1/androidx.graphics/graphics-shapes-android/1.0.1/ded3e866d7abfae45cf454b31522b374b838ef11/graphics-shapes-release.aar because:
build	Build with Gradle	2026-06-06T12:24:12.3114779Z   Caching not enabled.
build	Build with Gradle	2026-06-06T12:24:12.3116054Z Caching disabled for AarToClassTransform: /home/runner/.gradle/caches/modules-2/files-2.1/dev.rikka.rikkax.appcompat/appcompat/1.6.1/fd42974809047738db3a8f821bad454e9f3206d5/appcompat-1.6.1.aar because:
build	Build with Gradle	2026-06-06T12:24:12.3117597Z   Caching not enabled.
build	Build with Gradle	2026-06-06T12:24:12.3118400Z Adding -Xuse-inline-scopes-numbers Kotlin compiler flag for task :core:ui:compileDebugAndroidTestKotlin
build	Build with Gradle	2026-06-06T12:24:12.3119878Z Build cache key for BuildToolsApiClasspathEntrySnapshotTransform: /usr/local/lib/android/sdk/platforms/android-35/android.jar is 70f9bf92c8e9ced5b1fdcb3bcb7ecafa
build	Build with Gradle	2026-06-06T12:24:12.3122233Z Build cache key for BuildToolsApiClasspathEntrySnapshotTransform: /home/runner/work/ShizukuPlus/ShizukuPlus/core/ui/build/intermediates/compile_r_class_jar/release/generateReleaseRFile/R.jar is 757605b6cc78325d9f1a7c5b4ccbfbf4
build	Build with Gradle	2026-06-06T12:24:12.3124876Z Stored cache entry for BuildToolsApiClasspathEntrySnapshotTransform: /home/runner/work/ShizukuPlus/ShizukuPlus/core/ui/build/intermediates/compile_r_class_jar/release/generateReleaseRFile/R.jar with cache key 757605b6cc78325d9f1a7c5b4ccbfbf4
build	Build with Gradle	2026-06-06T12:24:12.3158179Z Build cache key for BuildToolsApiClasspathEntrySnapshotTransform: /home/runner/.gradle/caches/8.14/transforms/1da51ccc3659c29f41667d24e1fe14b0/transformed/core-ktx-1.4.1-release-api.jar is 1e9d6ce7765b1346159e378243a6057a
build	Build with Gradle	2026-06-06T12:24:12.3161233Z Stored cache entry for BuildToolsApiClasspathEntrySnapshotTransform: /home/runner/.gradle/caches/8.14/transforms/1da51ccc3659c29f41667d24e1fe14b0/transformed/core-ktx-1.4.1-release-api.jar with cache key 1e9d6ce7765b1346159e378243a6057a
build	Build with Gradle	2026-06-06T12:24:12.3164064Z Build cache key for BuildToolsApiClasspathEntrySnapshotTransform: /home/runner/.gradle/caches/8.14/transforms/3fe609fcefb1f3e3c3664b579e3818b4/transformed/appcompat-1.6.1-api.jar is 534f74d52b99eb19b555bea1497085d5
build	Build with Gradle	2026-06-06T12:24:12.3751078Z Stored cache entry for BuildToolsApiClasspathEntrySnapshotTransform: /home/runner/.gradle/caches/8.14/transforms/3fe609fcefb1f3e3c3664b579e3818b4/transformed/appcompat-1.6.1-api.jar with cache key 534f74d52b99eb19b555bea1497085d5
build	Build with Gradle	2026-06-06T12:24:12.3790895Z Build cache key for BuildToolsApiClasspathEntrySnapshotTransform: /home/runner/.gradle/caches/8.14/transforms/a9e6f5f9e763df8f67171a18e73c4b53/transformed/layoutinflater-1.3.0-api.jar is 613874c1e450f1d5264355c178955d97
build	Build with Gradle	2026-06-06T12:24:12.3817727Z Stored cache entry for BuildToolsApiClasspathEntrySnapshotTransform: /home/runner/.gradle/caches/8.14/transforms/a9e6f5f9e763df8f67171a18e73c4b53/transformed/layoutinflater-1.3.0-api.jar with cache key 613874c1e450f1d5264355c178955d97
build	Build with Gradle	2026-06-06T12:24:12.3839255Z Build cache key for BuildToolsApiClasspathEntrySnapshotTransform: /home/runner/.gradle/caches/8.14/transforms/328f98e59b650569149b8b72a4ce2a11/transformed/compatibility-2.0.0-api.jar is bfc8eb83a9fb08db1425a015a1eedbeb
build	Build with Gradle	2026-06-06T12:24:12.3879189Z Stored cache entry for BuildToolsApiClasspathEntrySnapshotTransform: /home/runner/.gradle/caches/8.14/transforms/328f98e59b650569149b8b72a4ce2a11/transformed/compatibility-2.0.0-api.jar with cache key bfc8eb83a9fb08db1425a015a1eedbeb
build	Build with Gradle	2026-06-06T12:24:12.3909190Z Build cache key for BuildToolsApiClasspathEntrySnapshotTransform: /home/runner/.gradle/caches/8.14/transforms/19987bea375a96355092c314a98ebe2c/transformed/viewbinding-8.11.1-api.jar is e6f7078c7abb228a4aa27298f0a19411
build	Build with Gradle	2026-06-06T12:24:12.4779788Z Stored cache entry for BuildToolsApiClasspathEntrySnapshotTransform: /home/runner/.gradle/caches/8.14/transforms/19987bea375a96355092c314a98ebe2c/transformed/viewbinding-8.11.1-api.jar with cache key e6f7078c7abb228a4aa27298f0a19411
build	Build with Gradle	2026-06-06T12:24:12.4809432Z Build cache key for BuildToolsApiClasspathEntrySnapshotTransform: /home/runner/.gradle/caches/8.14/transforms/64c3e213a05634abfb602919da5c721d/transformed/material-1.14.0-beta01-api.jar is 3b736dcf5bde30a6f53532e8af7f33e4
build	Build with Gradle	2026-06-06T12:24:12.6751527Z Stored cache entry for BuildToolsApiClasspathEntrySnapshotTransform: /home/runner/.gradle/caches/8.14/transforms/64c3e213a05634abfb602919da5c721d/transformed/material-1.14.0-beta01-api.jar with cache key 3b736dcf5bde30a6f53532e8af7f33e4
build	Build with Gradle	2026-06-06T12:24:12.6799863Z Build cache key for BuildToolsApiClasspathEntrySnapshotTransform: /home/runner/.gradle/caches/8.14/transforms/5d3cccc146d7d103429c69a336c70f22/transformed/appcompat-resources-1.7.0-api.jar is 556bd42c4a59303f7cdf033d42be558b
build	Build with Gradle	2026-06-06T12:24:12.6836647Z Stored cache entry for BuildToolsApiClasspathEntrySnapshotTransform: /home/runner/.gradle/caches/8.14/transforms/5d3cccc146d7d103429c69a336c70f22/transformed/appcompat-resources-1.7.0-api.jar with cache key 556bd42c4a59303f7cdf033d42be558b
build	Build with Gradle	2026-06-06T12:24:12.6899558Z Build cache key for BuildToolsApiClasspathEntrySnapshotTransform: /home/runner/.gradle/caches/8.14/transforms/08d28eb4654a251061c99a63d0107b60/transformed/appcompat-1.7.0-api.jar is f4040b1427a7ee371e56b1d8c2f40826
build	Build with Gradle	2026-06-06T12:24:12.7781359Z Stored cache entry for BuildToolsApiClasspathEntrySnapshotTransform: /home/runner/.gradle/caches/8.14/transforms/08d28eb4654a251061c99a63d0107b60/transformed/appcompat-1.7.0-api.jar with cache key f4040b1427a7ee371e56b1d8c2f40826
build	Build with Gradle	2026-06-06T12:24:12.7839799Z Build cache key for BuildToolsApiClasspathEntrySnapshotTransform: /home/runner/.gradle/caches/8.14/transforms/d2d8e4d3153075cab274a7ab84fa4e8d/transformed/viewpager2-1.0.0-api.jar is 21b51940631de27be207cb86f0819f7f
build	Build with Gradle	2026-06-06T12:24:12.7860805Z Stored cache entry for BuildToolsApiClasspathEntrySnapshotTransform: /home/runner/.gradle/caches/8.14/transforms/d2d8e4d3153075cab274a7ab84fa4e8d/transformed/viewpager2-1.0.0-api.jar with cache key 21b51940631de27be207cb86f0819f7f
build	Build with Gradle	2026-06-06T12:24:12.7929781Z Build cache key for BuildToolsApiClasspathEntrySnapshotTransform: /home/runner/.gradle/caches/8.14/transforms/0397f6d0a5d5f1be4a48e5e1d79e99d4/transformed/fragment-1.8.7-api.jar is 820652f50617716bf547ca37d4067704
build	Build with Gradle	2026-06-06T12:24:12.8768984Z Stored cache entry for BuildToolsApiClasspathEntrySnapshotTransform: /home/runner/.gradle/caches/8.14/transforms/0397f6d0a5d5f1be4a48e5e1d79e99d4/transformed/fragment-1.8.7-api.jar with cache key 820652f50617716bf547ca37d4067704
build	Build with Gradle	2026-06-06T12:24:12.8771913Z Build cache key for BuildToolsApiClasspathEntrySnapshotTransform: /home/runner/.gradle/caches/8.14/transforms/8265dbbae46ccf48fddbcffbb9e6b85d/transformed/fragment-ktx-1.8.7-api.jar is 789c0389483b638c4d7df19526e81b1b
build	Build with Gradle	2026-06-06T12:24:12.9889943Z Stored cache entry for BuildToolsApiClasspathEntrySnapshotTransform: /home/runner/.gradle/caches/8.14/transforms/8265dbbae46ccf48fddbcffbb9e6b85d/transformed/fragment-ktx-1.8.7-api.jar with cache key 789c0389483b638c4d7df19526e81b1b
build	Build with Gradle	2026-06-06T12:24:12.9929428Z Build cache key for BuildToolsApiClasspathEntrySnapshotTransform: /home/runner/.gradle/caches/8.14/transforms/ccc32be117391d12b559e3457a08a45d/transformed/activity-1.8.1-api.jar is f02950f250713bdd38cc37f078b4a01b
build	Build with Gradle	2026-06-06T12:24:12.9981576Z 
build	Build with Gradle	2026-06-06T12:24:13.0028446Z > Task :rish:configureCMakeRelWithDebInfo[x86_64]
build	Build with Gradle	2026-06-06T12:24:13.0081374Z Caching disabled for task ':rish:configureCMakeRelWithDebInfo[x86_64]' because:
build	Build with Gradle	2026-06-06T12:24:13.0140097Z   Caching has been disabled for the task
build	Build with Gradle	2026-06-06T12:24:13.0168664Z Task ':rish:configureCMakeRelWithDebInfo[x86_64]' is not up-to-date because:
build	Build with Gradle	2026-06-06T12:24:13.0190492Z   Task.upToDateWhen is false.
build	Build with Gradle	2026-06-06T12:24:13.0269301Z C/C++: /home/runner/work/ShizukuPlus/ShizukuPlus/api/rish/src/main/cpp/CMakeLists.txt release|x86_64 : Start JSON generation. Platform version: 24 min SDK version: x86_64
build	Build with Gradle	2026-06-06T12:24:13.0311485Z C/C++: /home/runner/work/ShizukuPlus/ShizukuPlus/api/rish/src/main/cpp/CMakeLists.txt release|x86_64 : rebuilding JSON /home/runner/work/ShizukuPlus/ShizukuPlus/api/rish/.cxx/RelWithDebInfo/6yo4f216/x86_64/android_gradle_build.json due to:
build	Build with Gradle	2026-06-06T12:24:13.0359061Z C/C++: /home/runner/work/ShizukuPlus/ShizukuPlus/api/rish/src/main/cpp/CMakeLists.txt release|x86_64 : - no fingerprint file, will remove stale configuration folder
build	Build with Gradle	2026-06-06T12:24:13.0409247Z C/C++: /home/runner/work/ShizukuPlus/ShizukuPlus/api/rish/src/main/cpp/CMakeLists.txt release|x86_64 : /usr/lib/jvm/temurin-21-jdk-amd64/bin/java \
build	Build with Gradle	2026-06-06T12:24:13.0439670Z   --class-path \
build	Build with Gradle	2026-06-06T12:24:13.0489196Z   /home/runner/.gradle/caches/modules-2/files-2.1/com.google.prefab/cli/2.1.0/aa32fec809c44fa531f01dcfb739b5b3304d3050/cli-2.1.0-all.jar \
build	Build with Gradle	2026-06-06T12:24:13.0537639Z   com.google.prefab.cli.AppKt \
build	Build with Gradle	2026-06-06T12:24:13.0604543Z   --build-system \
build	Build with Gradle	2026-06-06T12:24:13.0648467Z   cmake \
build	Build with Gradle	2026-06-06T12:24:13.0668217Z   --platform \
build	Build with Gradle	2026-06-06T12:24:13.0728390Z   android \
build	Build with Gradle	2026-06-06T12:24:13.0780528Z   --abi \
build	Build with Gradle	2026-06-06T12:24:13.0808269Z   x86_64 \
build	Build with Gradle	2026-06-06T12:24:13.0828102Z   --os-version \
build	Build with Gradle	2026-06-06T12:24:13.0888432Z   24 \
build	Build with Gradle	2026-06-06T12:24:13.0918333Z   --stl \
build	Build with Gradle	2026-06-06T12:24:13.0958358Z   none \
build	Build with Gradle	2026-06-06T12:24:13.1009107Z   --ndk-version \
build	Build with Gradle	2026-06-06T12:24:13.1038225Z   27 \
build	Build with Gradle	2026-06-06T12:24:13.1078354Z   --output \
build	Build with Gradle	2026-06-06T12:24:13.1128633Z   /tmp/agp-prefab-staging17643341319755469269/staged-cli-output \
build	Build with Gradle	2026-06-06T12:24:13.1178817Z   /home/runner/.gradle/caches/8.14/transforms/0229dbc9f57fa8133a9f500f70fe76a8/transformed/libcxx-27.0.12077973/prefab
build	Build with Gradle	2026-06-06T12:24:13.1227793Z 
build	Build with Gradle	2026-06-06T12:24:13.1238651Z Starting process 'command '/home/runner/work/ShizukuPlus/ShizukuPlus/api/rish/build/intermediates/cxx/RelWithDebInfo/6yo4f216/logs/x86_64/prefab_command''. Working directory: /home/runner/work/ShizukuPlus/ShizukuPlus/api/rish Command: /home/runner/work/ShizukuPlus/ShizukuPlus/api/rish/build/intermediates/cxx/RelWithDebInfo/6yo4f216/logs/x86_64/prefab_command 
build	Build with Gradle	2026-06-06T12:24:13.1262539Z Successfully started process 'command '/home/runner/work/ShizukuPlus/ShizukuPlus/api/rish/build/intermediates/cxx/RelWithDebInfo/6yo4f216/logs/x86_64/prefab_command''
build	Build with Gradle	2026-06-06T12:24:13.1319593Z C/C++: /home/runner/work/ShizukuPlus/ShizukuPlus/api/rish/src/main/cpp/CMakeLists.txt release|x86_64 : Received process result: 0
build	Build with Gradle	2026-06-06T12:24:13.1380297Z C/C++: /home/runner/work/ShizukuPlus/ShizukuPlus/api/rish/src/main/cpp/CMakeLists.txt release|x86_64 : removing stale contents from '/home/runner/work/ShizukuPlus/ShizukuPlus/api/rish/.cxx/RelWithDebInfo/6yo4f216/x86_64'
build	Build with Gradle	2026-06-06T12:24:13.1382919Z C/C++: /home/runner/work/ShizukuPlus/ShizukuPlus/api/rish/src/main/cpp/CMakeLists.txt release|x86_64 : created folder '/home/runner/work/ShizukuPlus/ShizukuPlus/api/rish/.cxx/RelWithDebInfo/6yo4f216/x86_64'
build	Build with Gradle	2026-06-06T12:24:13.1384896Z C/C++: /home/runner/work/ShizukuPlus/ShizukuPlus/api/rish/src/main/cpp/CMakeLists.txt release|x86_64 : executing cmake /usr/local/lib/android/sdk/cmake/3.22.1/bin/cmake \
build	Build with Gradle	2026-06-06T12:24:13.1397565Z   -H/home/runner/work/ShizukuPlus/ShizukuPlus/api/rish/src/main/cpp \
build	Build with Gradle	2026-06-06T12:24:13.1398588Z   -DCMAKE_SYSTEM_NAME=Android \
build	Build with Gradle	2026-06-06T12:24:13.1399105Z   -DCMAKE_EXPORT_COMPILE_COMMANDS=ON \
build	Build with Gradle	2026-06-06T12:24:13.1399704Z   -DCMAKE_SYSTEM_VERSION=24 \
build	Build with Gradle	2026-06-06T12:24:13.1400217Z   -DANDROID_PLATFORM=android-24 \
build	Build with Gradle	2026-06-06T12:24:13.1400710Z   -DANDROID_ABI=x86_64 \
build	Build with Gradle	2026-06-06T12:24:13.1401244Z   -DCMAKE_ANDROID_ARCH_ABI=x86_64 \
build	Build with Gradle	2026-06-06T12:24:13.1401919Z   -DANDROID_NDK=/usr/local/lib/android/sdk/ndk/27.0.12077973 \
build	Build with Gradle	2026-06-06T12:24:13.1402723Z   -DCMAKE_ANDROID_NDK=/usr/local/lib/android/sdk/ndk/27.0.12077973 \
build	Build with Gradle	2026-06-06T12:24:13.1403783Z   -DCMAKE_TOOLCHAIN_FILE=/usr/local/lib/android/sdk/ndk/27.0.12077973/build/cmake/android.toolchain.cmake \
build	Build with Gradle	2026-06-06T12:24:13.1405112Z   -DCMAKE_MAKE_PROGRAM=/usr/local/lib/android/sdk/cmake/3.22.1/bin/ninja \
build	Build with Gradle	2026-06-06T12:24:13.1406539Z   -DCMAKE_LIBRARY_OUTPUT_DIRECTORY=/home/runner/work/ShizukuPlus/ShizukuPlus/api/rish/build/intermediates/cxx/RelWithDebInfo/6yo4f216/obj/x86_64 \
build	Build with Gradle	2026-06-06T12:24:13.1408616Z   -DCMAKE_RUNTIME_OUTPUT_DIRECTORY=/home/runner/work/ShizukuPlus/ShizukuPlus/api/rish/build/intermediates/cxx/RelWithDebInfo/6yo4f216/obj/x86_64 \
build	Build with Gradle	2026-06-06T12:24:13.1409838Z   -DCMAKE_BUILD_TYPE=RelWithDebInfo \
build	Build with Gradle	2026-06-06T12:24:13.1410960Z   -DCMAKE_FIND_ROOT_PATH=/home/runner/work/ShizukuPlus/ShizukuPlus/api/rish/.cxx/RelWithDebInfo/6yo4f216/prefab/x86_64/prefab \
build	Build with Gradle	2026-06-06T12:24:13.1412347Z   -B/home/runner/work/ShizukuPlus/ShizukuPlus/api/rish/.cxx/RelWithDebInfo/6yo4f216/x86_64 \
build	Build with Gradle	2026-06-06T12:24:13.1413210Z   -GNinja \
build	Build with Gradle	2026-06-06T12:24:13.1413633Z   -DANDROID_STL=none
build	Build with Gradle	2026-06-06T12:24:13.1413898Z 
build	Build with Gradle	2026-06-06T12:24:13.1414805Z C/C++: /home/runner/work/ShizukuPlus/ShizukuPlus/api/rish/src/main/cpp/CMakeLists.txt release|x86_64 : /usr/local/lib/android/sdk/cmake/3.22.1/bin/cmake \
build	Build with Gradle	2026-06-06T12:24:13.1416187Z   -H/home/runner/work/ShizukuPlus/ShizukuPlus/api/rish/src/main/cpp \
build	Build with Gradle	2026-06-06T12:24:13.1416826Z   -DCMAKE_SYSTEM_NAME=Android \
build	Build with Gradle	2026-06-06T12:24:13.1417302Z   -DCMAKE_EXPORT_COMPILE_COMMANDS=ON \
build	Build with Gradle	2026-06-06T12:24:13.1510637Z   -DCMAKE_SYSTEM_VERSION=24 \
build	Build with Gradle	2026-06-06T12:24:13.1511161Z   -DANDROID_PLATFORM=android-24 \
build	Build with Gradle	2026-06-06T12:24:13.1511654Z   -DANDROID_ABI=x86_64 \
build	Build with Gradle	2026-06-06T12:24:13.1512119Z   -DCMAKE_ANDROID_ARCH_ABI=x86_64 \
build	Build with Gradle	2026-06-06T12:24:13.1512705Z   -DANDROID_NDK=/usr/local/lib/android/sdk/ndk/27.0.12077973 \
build	Build with Gradle	2026-06-06T12:24:13.1513436Z   -DCMAKE_ANDROID_NDK=/usr/local/lib/android/sdk/ndk/27.0.12077973 \
build	Build with Gradle	2026-06-06T12:24:13.1514355Z   -DCMAKE_TOOLCHAIN_FILE=/usr/local/lib/android/sdk/ndk/27.0.12077973/build/cmake/android.toolchain.cmake \
build	Build with Gradle	2026-06-06T12:24:13.1515379Z   -DCMAKE_MAKE_PROGRAM=/usr/local/lib/android/sdk/cmake/3.22.1/bin/ninja \
build	Build with Gradle	2026-06-06T12:24:13.1516756Z   -DCMAKE_LIBRARY_OUTPUT_DIRECTORY=/home/runner/work/ShizukuPlus/ShizukuPlus/api/rish/build/intermediates/cxx/RelWithDebInfo/6yo4f216/obj/x86_64 \
build	Build with Gradle	2026-06-06T12:24:13.1518836Z   -DCMAKE_RUNTIME_OUTPUT_DIRECTORY=/home/runner/work/ShizukuPlus/ShizukuPlus/api/rish/build/intermediates/cxx/RelWithDebInfo/6yo4f216/obj/x86_64 \
build	Build with Gradle	2026-06-06T12:24:13.1568308Z   -DCMAKE_BUILD_TYPE=RelWithDebInfo \
build	Build with Gradle	2026-06-06T12:24:13.1569391Z   -DCMAKE_FIND_ROOT_PATH=/home/runner/work/ShizukuPlus/ShizukuPlus/api/rish/.cxx/RelWithDebInfo/6yo4f216/prefab/x86_64/prefab \
build	Build with Gradle	2026-06-06T12:24:13.1570880Z   -B/home/runner/work/ShizukuPlus/ShizukuPlus/api/rish/.cxx/RelWithDebInfo/6yo4f216/x86_64 \
build	Build with Gradle	2026-06-06T12:24:13.1571680Z   -GNinja \
build	Build with Gradle	2026-06-06T12:24:13.1572034Z   -DANDROID_STL=none
build	Build with Gradle	2026-06-06T12:24:13.1572283Z 
build	Build with Gradle	2026-06-06T12:24:13.1579646Z Starting process 'command '/usr/local/lib/android/sdk/cmake/3.22.1/bin/cmake''. Working directory: /home/runner/work/ShizukuPlus/ShizukuPlus/api/rish Command: /usr/local/lib/android/sdk/cmake/3.22.1/bin/cmake -H/home/runner/work/ShizukuPlus/ShizukuPlus/api/rish/src/main/cpp -DCMAKE_SYSTEM_NAME=Android -DCMAKE_EXPORT_COMPILE_COMMANDS=ON -DCMAKE_SYSTEM_VERSION=24 -DANDROID_PLATFORM=android-24 -DANDROID_ABI=x86_64 -DCMAKE_ANDROID_ARCH_ABI=x86_64 -DANDROID_NDK=/usr/local/lib/android/sdk/ndk/27.0.12077973 -DCMAKE_ANDROID_NDK=/usr/local/lib/android/sdk/ndk/27.0.12077973 -DCMAKE_TOOLCHAIN_FILE=/usr/local/lib/android/sdk/ndk/27.0.12077973/build/cmake/android.toolchain.cmake -DCMAKE_MAKE_PROGRAM=/usr/local/lib/android/sdk/cmake/3.22.1/bin/ninja -DCMAKE_LIBRARY_OUTPUT_DIRECTORY=/home/runner/work/ShizukuPlus/ShizukuPlus/api/rish/build/intermediates/cxx/RelWithDebInfo/6yo4f216/obj/x86_64 -DCMAKE_RUNTIME_OUTPUT_DIRECTORY=/home/runner/work/ShizukuPlus/ShizukuPlus/api/rish/build/intermediates/cxx/RelWithDebInfo/6yo4f216/obj/x86_64 -DCMAKE_BUILD_TYPE=RelWithDebInfo -DCMAKE_FIND_ROOT_PATH=/home/runner/work/ShizukuPlus/ShizukuPlus/api/rish/.cxx/RelWithDebInfo/6yo4f216/prefab/x86_64/prefab -B/home/runner/work/ShizukuPlus/ShizukuPlus/api/rish/.cxx/RelWithDebInfo/6yo4f216/x86_64 -GNinja -DANDROID_STL=none
build	Build with Gradle	2026-06-06T12:24:13.1662648Z Successfully started process 'command '/usr/local/lib/android/sdk/cmake/3.22.1/bin/cmake''
build	Build with Gradle	2026-06-06T12:24:13.1663600Z C/C++: Builing Release...
build	Build with Gradle	2026-06-06T12:24:13.1664649Z C/C++: /home/runner/work/ShizukuPlus/ShizukuPlus/api/rish/src/main/cpp/CMakeLists.txt release|x86_64 : Received process result: 0
build	Build with Gradle	2026-06-06T12:24:13.1667073Z C/C++: /home/runner/work/ShizukuPlus/ShizukuPlus/api/rish/src/main/cpp/CMakeLists.txt release|x86_64 : Exiting generation of /home/runner/work/ShizukuPlus/ShizukuPlus/api/rish/.cxx/RelWithDebInfo/6yo4f216/x86_64/compile_commands.json.bin normally
build	Build with Gradle	2026-06-06T12:24:13.1669527Z C/C++: /home/runner/work/ShizukuPlus/ShizukuPlus/api/rish/src/main/cpp/CMakeLists.txt release|x86_64 : done executing cmake
build	Build with Gradle	2026-06-06T12:24:13.1672287Z C/C++: /home/runner/work/ShizukuPlus/ShizukuPlus/api/rish/src/main/cpp/CMakeLists.txt release|x86_64 : hard linked /home/runner/work/ShizukuPlus/ShizukuPlus/api/rish/.cxx/RelWithDebInfo/6yo4f216/x86_64/compile_commands.json to /home/runner/work/ShizukuPlus/ShizukuPlus/api/rish/.cxx/tools/release/x86_64/compile_commands.json
build	Build with Gradle	2026-06-06T12:24:13.1675057Z C/C++: /home/runner/work/ShizukuPlus/ShizukuPlus/api/rish/src/main/cpp/CMakeLists.txt release|x86_64 : JSON generation completed without problems
build	Build with Gradle	2026-06-06T12:24:13.1677556Z C/C++: /home/runner/work/ShizukuPlus/ShizukuPlus/api/rish/src/main/cpp/CMakeLists.txt release|x86_64 : Writing build model to /home/runner/work/ShizukuPlus/ShizukuPlus/api/rish/build/intermediates/cxx/RelWithDebInfo/6yo4f216/logs/x86_64/build_model.json
build	Build with Gradle	2026-06-06T12:24:13.1679796Z Resolve mutations for :rish:buildCMakeRelWithDebInfo[x86_64] (Thread[#159,included builds,5,main]) started.
build	Build with Gradle	2026-06-06T12:24:13.1680929Z :rish:buildCMakeRelWithDebInfo[x86_64] (Thread[#159,included builds,5,main]) started.
build	Build with Gradle	2026-06-06T12:24:13.2760233Z 
build	Build with Gradle	2026-06-06T12:24:13.2776354Z > Task :aidl:compileReleaseJavaWithJavac
build	Build with Gradle	2026-06-06T12:24:13.2838860Z Custom actions are attached to task ':aidl:compileReleaseJavaWithJavac'.
build	Build with Gradle	2026-06-06T12:24:13.2878811Z Build cache key for task ':aidl:compileReleaseJavaWithJavac' is 86f53a1d53756edbfdb84a7071dae0cd
build	Build with Gradle	2026-06-06T12:24:13.2928700Z Task ':aidl:compileReleaseJavaWithJavac' is not up-to-date because:
build	Build with Gradle	2026-06-06T12:24:13.2984889Z   No history is available.
build	Build with Gradle	2026-06-06T12:24:13.3033416Z The input changes require a full rebuild for incremental task ':aidl:compileReleaseJavaWithJavac'.
build	Build with Gradle	2026-06-06T12:24:13.3070234Z Compilation mode: in-process compilation
build	Build with Gradle	2026-06-06T12:24:13.3129145Z Full recompilation is required because no incremental change information is available. This is usually caused by clean builds or changing compiler arguments.
build	Build with Gradle	2026-06-06T12:24:13.3160119Z Compiling with toolchain '/usr/lib/jvm/temurin-21-jdk-amd64'.
build	Build with Gradle	2026-06-06T12:24:13.3218932Z file or directory '/home/runner/work/ShizukuPlus/ShizukuPlus/api/aidl/src/main/java', not found
build	Build with Gradle	2026-06-06T12:24:13.3268883Z file or directory '/home/runner/work/ShizukuPlus/ShizukuPlus/api/aidl/src/release/java', not found
build	Build with Gradle	2026-06-06T12:24:13.3328514Z Compiling with JDK Java compiler API.
build	Build with Gradle	2026-06-06T12:24:13.3389000Z Class dependency analysis for incremental compilation took 0.047 secs.
build	Build with Gradle	2026-06-06T12:24:13.3408651Z Created classpath snapshot for incremental compilation in 0.007 secs.
build	Build with Gradle	2026-06-06T12:24:13.3788896Z Stored cache entry for task ':aidl:compileReleaseJavaWithJavac' with cache key 86f53a1d53756edbfdb84a7071dae0cd
build	Build with Gradle	2026-06-06T12:24:13.3808774Z Resolve mutations for :aidl:bundleLibCompileToJarRelease (Thread[#160,Execution worker,5,main]) started.
build	Build with Gradle	2026-06-06T12:24:13.3848686Z :aidl:bundleLibCompileToJarRelease (Thread[#160,Execution worker,5,main]) started.
build	Build with Gradle	2026-06-06T12:24:13.3887753Z 
build	Build with Gradle	2026-06-06T12:24:13.3918262Z > Task :shell:mergeReleaseShaders
build	Build with Gradle	2026-06-06T12:24:13.3968550Z Caching disabled for task ':shell:mergeReleaseShaders' because:
build	Build with Gradle	2026-06-06T12:24:13.4018525Z   Simple merging task
build	Build with Gradle	2026-06-06T12:24:13.4078583Z Task ':shell:mergeReleaseShaders' is not up-to-date because:
build	Build with Gradle	2026-06-06T12:24:13.4086086Z   No history is available.
build	Build with Gradle	2026-06-06T12:24:13.4165209Z The input changes require a full rebuild for incremental task ':shell:mergeReleaseShaders'.
build	Build with Gradle	2026-06-06T12:24:13.4198840Z Resolve mutations for :shell:minifyReleaseWithR8 (Thread[#161,Execution worker Thread 2,5,main]) started.
build	Build with Gradle	2026-06-06T12:24:13.4240036Z :shell:minifyReleaseWithR8 (Thread[#161,Execution worker Thread 2,5,main]) started.
build	Build with Gradle	2026-06-06T12:24:14.7808318Z 
build	Build with Gradle	2026-06-06T12:24:14.7838452Z > Task :aidl:bundleLibCompileToJarRelease
build	Build with Gradle	2026-06-06T12:24:14.7908549Z Caching disabled for task ':aidl:bundleLibCompileToJarRelease' because:
build	Build with Gradle	2026-06-06T12:24:14.7968322Z   Simple merging task
build	Build with Gradle	2026-06-06T12:24:14.8024730Z Task ':aidl:bundleLibCompileToJarRelease' is not up-to-date because:
build	Build with Gradle	2026-06-06T12:24:14.8088188Z   No history is available.
build	Build with Gradle	2026-06-06T12:24:14.8118474Z work action resolve classes.jar (project :aidl) (Thread[#160,Execution worker,5,main]) started.
build	Build with Gradle	2026-06-06T12:24:14.8119900Z Resolve mutations for :aidl:bundleLibRuntimeToJarRelease (Thread[#160,Execution worker,5,main]) started.
build	Build with Gradle	2026-06-06T12:24:14.8121205Z :aidl:bundleLibRuntimeToJarRelease (Thread[#160,Execution worker,5,main]) started.
build	Build with Gradle	2026-06-06T12:24:14.8778006Z 
build	Build with Gradle	2026-06-06T12:24:14.8848572Z > Task :core:ui:compileReleaseKotlin
build	Build with Gradle	2026-06-06T12:24:14.8879691Z Stored cache entry for BuildToolsApiClasspathEntrySnapshotTransform: /home/runner/.gradle/caches/8.14/transforms/ccc32be117391d12b559e3457a08a45d/transformed/activity-1.8.1-api.jar with cache key f02950f250713bdd38cc37f078b4a01b
build	Build with Gradle	2026-06-06T12:24:14.8939674Z Build cache key for BuildToolsApiClasspathEntrySnapshotTransform: /home/runner/.gradle/caches/8.14/transforms/97fe6bbb382147fbb9218c5e6a691258/transformed/activity-ktx-1.8.1-api.jar is a7243dc06d8d40893d320f46233dcaaf
build	Build with Gradle	2026-06-06T12:24:14.8969400Z Stored cache entry for BuildToolsApiClasspathEntrySnapshotTransform: /home/runner/.gradle/caches/8.14/transforms/97fe6bbb382147fbb9218c5e6a691258/transformed/activity-ktx-1.8.1-api.jar with cache key a7243dc06d8d40893d320f46233dcaaf
build	Build with Gradle	2026-06-06T12:24:14.8972641Z Build cache key for BuildToolsApiClasspathEntrySnapshotTransform: /home/runner/.gradle/caches/8.14/transforms/a4077d4c6c02bbe78981f24083378d15/transformed/recyclerview-1.2.1-api.jar is 7a528a2ee2a60fcc3f6788c60f7707c6
build	Build with Gradle	2026-06-06T12:24:14.8975762Z Stored cache entry for BuildToolsApiClasspathEntrySnapshotTransform: /home/runner/.gradle/caches/8.14/transforms/a4077d4c6c02bbe78981f24083378d15/transformed/recyclerview-1.2.1-api.jar with cache key 7a528a2ee2a60fcc3f6788c60f7707c6
build	Build with Gradle	2026-06-06T12:24:14.8979429Z Build cache key for BuildToolsApiClasspathEntrySnapshotTransform: /home/runner/.gradle/caches/8.14/transforms/79bd48a3b995c91d05581f91e6c67bb3/transformed/swiperefreshlayout-1.1.0-api.jar is a6389ad7c15a4e41a64c57f11359b3bd
build	Build with Gradle	2026-06-06T12:24:14.8982807Z Stored cache entry for BuildToolsApiClasspathEntrySnapshotTransform: /home/runner/.gradle/caches/8.14/transforms/79bd48a3b995c91d05581f91e6c67bb3/transformed/swiperefreshlayout-1.1.0-api.jar with cache key a6389ad7c15a4e41a64c57f11359b3bd
build	Build with Gradle	2026-06-06T12:24:14.8986156Z Build cache key for BuildToolsApiClasspathEntrySnapshotTransform: /home/runner/.gradle/caches/8.14/transforms/2d23b8a3eb84afa3ea2b5ec8742afcb6/transformed/drawerlayout-1.1.1-api.jar is 43bae7bb94b0ae5be485caec6d881a50
build	Build with Gradle	2026-06-06T12:24:14.8989597Z Stored cache entry for BuildToolsApiClasspathEntrySnapshotTransform: /home/runner/.gradle/caches/8.14/transforms/2d23b8a3eb84afa3ea2b5ec8742afcb6/transformed/drawerlayout-1.1.1-api.jar with cache key 43bae7bb94b0ae5be485caec6d881a50
build	Build with Gradle	2026-06-06T12:24:14.8993244Z Build cache key for BuildToolsApiClasspathEntrySnapshotTransform: /home/runner/.gradle/caches/8.14/transforms/99d23d1733016400405703e7b78b0b01/transformed/coordinatorlayout-1.1.0-api.jar is cd181ee0f898e373d4c46c7ba80ebc17
build	Build with Gradle	2026-06-06T12:24:14.8996564Z Stored cache entry for BuildToolsApiClasspathEntrySnapshotTransform: /home/runner/.gradle/caches/8.14/transforms/99d23d1733016400405703e7b78b0b01/transformed/coordinatorlayout-1.1.0-api.jar with cache key cd181ee0f898e373d4c46c7ba80ebc17
build	Build with Gradle	2026-06-06T12:24:14.9080594Z Build cache key for BuildToolsApiClasspathEntrySnapshotTransform: /home/runner/.gradle/caches/8.14/transforms/be30ec6d6047428d3b0d057d2d3821c6/transformed/viewpager-1.0.0-api.jar is b669ce95f7e16888e7e4c9679c8cecf7
build	Build with Gradle	2026-06-06T12:24:14.9083595Z Stored cache entry for BuildToolsApiClasspathEntrySnapshotTransform: /home/runner/.gradle/caches/8.14/transforms/be30ec6d6047428d3b0d057d2d3821c6/transformed/viewpager-1.0.0-api.jar with cache key b669ce95f7e16888e7e4c9679c8cecf7
build	Build with Gradle	2026-06-06T12:24:14.9086529Z Build cache key for BuildToolsApiClasspathEntrySnapshotTransform: /home/runner/.gradle/caches/8.14/transforms/2f3a070f2976d37e33cd4d22d41717d8/transformed/customview-1.2.0-api.jar is eb5df6710b9115cb3e32ae4e7e8fcd93
build	Build with Gradle	2026-06-06T12:24:14.9089502Z Stored cache entry for BuildToolsApiClasspathEntrySnapshotTransform: /home/runner/.gradle/caches/8.14/transforms/2f3a070f2976d37e33cd4d22d41717d8/transformed/customview-1.2.0-api.jar with cache key eb5df6710b9115cb3e32ae4e7e8fcd93
build	Build with Gradle	2026-06-06T12:24:14.9091938Z Build cache key for BuildToolsApiClasspathEntrySnapshotTransform: /home/runner/.gradle/caches/8.14/transforms/5444f07f1582632797ff69b23a3f8eca/transformed/dynamicanimation-1.1.0-api.jar is 398040d046ec7d9f0c9fc508943842ac
build	Build with Gradle	2026-06-06T12:24:14.9094442Z Stored cache entry for BuildToolsApiClasspathEntrySnapshotTransform: /home/runner/.gradle/caches/8.14/transforms/5444f07f1582632797ff69b23a3f8eca/transformed/dynamicanimation-1.1.0-api.jar with cache key 398040d046ec7d9f0c9fc508943842ac
build	Build with Gradle	2026-06-06T12:24:14.9096877Z Build cache key for BuildToolsApiClasspathEntrySnapshotTransform: /home/runner/.gradle/caches/8.14/transforms/7dfa4522e31bb2e403f0a2453c1fa87f/transformed/transition-1.5.0-api.jar is 7234bbc7e5b80be879dd036aba612e54
build	Build with Gradle	2026-06-06T12:24:14.9099823Z Stored cache entry for BuildToolsApiClasspathEntrySnapshotTransform: /home/runner/.gradle/caches/8.14/transforms/7dfa4522e31bb2e403f0a2453c1fa87f/transformed/transition-1.5.0-api.jar with cache key 7234bbc7e5b80be879dd036aba612e54
build	Build with Gradle	2026-06-06T12:24:14.9102929Z Build cache key for BuildToolsApiClasspathEntrySnapshotTransform: /home/runner/.gradle/caches/8.14/transforms/2e5f5a0bb115031e84cda8cc0c7ed271/transformed/vectordrawable-animated-1.1.0-api.jar is 793ff969e15bd5c82fc41f606bc2ed0b
build	Build with Gradle	2026-06-06T12:24:14.9106022Z Stored cache entry for BuildToolsApiClasspathEntrySnapshotTransform: /home/runner/.gradle/caches/8.14/transforms/2e5f5a0bb115031e84cda8cc0c7ed271/transformed/vectordrawable-animated-1.1.0-api.jar with cache key 793ff969e15bd5c82fc41f606bc2ed0b
build	Build with Gradle	2026-06-06T12:24:14.9170293Z Build cache key for BuildToolsApiClasspathEntrySnapshotTransform: /home/runner/.gradle/caches/8.14/transforms/78e5c282e61ca5de848a12c69e67012a/transformed/vectordrawable-1.1.0-api.jar is 68f29afbc1d596ddb71350ab9e1e8643
build	Build with Gradle	2026-06-06T12:24:14.9173450Z Stored cache entry for BuildToolsApiClasspathEntrySnapshotTransform: /home/runner/.gradle/caches/8.14/transforms/78e5c282e61ca5de848a12c69e67012a/transformed/vectordrawable-1.1.0-api.jar with cache key 68f29afbc1d596ddb71350ab9e1e8643
build	Build with Gradle	2026-06-06T12:24:14.9176535Z Build cache key for BuildToolsApiClasspathEntrySnapshotTransform: /home/runner/.gradle/caches/8.14/transforms/13776c5fe8a1029ceb19ca51b6ac0278/transformed/loader-1.0.0-api.jar is 079f9d42c79eecb9b4d71b95332c672c
build	Build with Gradle	2026-06-06T12:24:14.9179584Z Stored cache entry for BuildToolsApiClasspathEntrySnapshotTransform: /home/runner/.gradle/caches/8.14/transforms/13776c5fe8a1029ceb19ca51b6ac0278/transformed/loader-1.0.0-api.jar with cache key 079f9d42c79eecb9b4d71b95332c672c
build	Build with Gradle	2026-06-06T12:24:14.9182847Z Build cache key for BuildToolsApiClasspathEntrySnapshotTransform: /home/runner/.gradle/caches/8.14/transforms/9461a864e813687ca7395a7cb318735b/transformed/core-1.16.0-api.jar is a65411dfc118c37d13c3875a1cb292f9
build	Build with Gradle	2026-06-06T12:24:14.9185519Z Stored cache entry for BuildToolsApiClasspathEntrySnapshotTransform: /usr/local/lib/android/sdk/platforms/android-35/android.jar with cache key 70f9bf92c8e9ced5b1fdcb3bcb7ecafa
build	Build with Gradle	2026-06-06T12:24:14.9188332Z Build cache key for BuildToolsApiClasspathEntrySnapshotTransform: /home/runner/.gradle/caches/8.14/transforms/83ba3b601f828569b825543bde8533fc/transformed/lifecycle-livedata-2.6.2-api.jar is 374d49f42ffbc43db6934248f3d14afa
build	Build with Gradle	2026-06-06T12:24:14.9190760Z Stored cache entry for BuildToolsApiClasspathEntrySnapshotTransform: /home/runner/.gradle/caches/8.14/transforms/9461a864e813687ca7395a7cb318735b/transformed/core-1.16.0-api.jar with cache key a65411dfc118c37d13c3875a1cb292f9
build	Build with Gradle	2026-06-06T12:24:14.9193622Z Build cache key for BuildToolsApiClasspathEntrySnapshotTransform: /home/runner/.gradle/caches/modules-2/files-2.1/androidx.lifecycle/lifecycle-common/2.6.2/10f354fdb64868baecd67128560c5a0d6312c495/lifecycle-common-2.6.2.jar is 1f9d71bae49387e96c578a356d828f95
build	Build with Gradle	2026-06-06T12:24:14.9196549Z Stored cache entry for BuildToolsApiClasspathEntrySnapshotTransform: /home/runner/.gradle/caches/8.14/transforms/83ba3b601f828569b825543bde8533fc/transformed/lifecycle-livedata-2.6.2-api.jar with cache key 374d49f42ffbc43db6934248f3d14afa
build	Build with Gradle	2026-06-06T12:24:14.9250135Z Build cache key for BuildToolsApiClasspathEntrySnapshotTransform: /home/runner/.gradle/caches/8.14/transforms/7d139c44c1316fadee9067ae4e15fe04/transformed/lifecycle-runtime-ktx-2.6.2-api.jar is 61155bfade727ec405bfac72b7782f60
build	Build with Gradle	2026-06-06T12:24:14.9253546Z Stored cache entry for BuildToolsApiClasspathEntrySnapshotTransform: /home/runner/.gradle/caches/modules-2/files-2.1/androidx.lifecycle/lifecycle-common/2.6.2/10f354fdb64868baecd67128560c5a0d6312c495/lifecycle-common-2.6.2.jar with cache key 1f9d71bae49387e96c578a356d828f95
build	Build with Gradle	2026-06-06T12:24:14.9256915Z Stored cache entry for BuildToolsApiClasspathEntrySnapshotTransform: /home/runner/.gradle/caches/8.14/transforms/7d139c44c1316fadee9067ae4e15fe04/transformed/lifecycle-runtime-ktx-2.6.2-api.jar with cache key 61155bfade727ec405bfac72b7782f60
build	Build with Gradle	2026-06-06T12:24:14.9259681Z Build cache key for BuildToolsApiClasspathEntrySnapshotTransform: /home/runner/.gradle/caches/8.14/transforms/d0bff82a8069efa24882ec5649483f73/transformed/lifecycle-viewmodel-2.6.2-api.jar is faa70e0ea98247b0f9e973d26382a98c
build	Build with Gradle	2026-06-06T12:24:14.9262159Z Build cache key for BuildToolsApiClasspathEntrySnapshotTransform: /home/runner/.gradle/caches/8.14/transforms/106ab85f285c5cb47188ef7081c6cb47/transformed/lifecycle-livedata-core-2.6.2-api.jar is f44ca698ef9436e5621765986484563f
build	Build with Gradle	2026-06-06T12:24:14.9264740Z Stored cache entry for BuildToolsApiClasspathEntrySnapshotTransform: /home/runner/.gradle/caches/8.14/transforms/106ab85f285c5cb47188ef7081c6cb47/transformed/lifecycle-livedata-core-2.6.2-api.jar with cache key f44ca698ef9436e5621765986484563f
build	Build with Gradle	2026-06-06T12:24:14.9267837Z Build cache key for BuildToolsApiClasspathEntrySnapshotTransform: /home/runner/.gradle/caches/8.14/transforms/62bab263d4dbc8ef089dd16ce9a54e09/transformed/lifecycle-runtime-2.6.2-api.jar is eca9db25abdc375870619bb1a5245e18
build	Build with Gradle	2026-06-06T12:24:14.9270618Z Stored cache entry for BuildToolsApiClasspathEntrySnapshotTransform: /home/runner/.gradle/caches/8.14/transforms/62bab263d4dbc8ef089dd16ce9a54e09/transformed/lifecycle-runtime-2.6.2-api.jar with cache key eca9db25abdc375870619bb1a5245e18
build	Build with Gradle	2026-06-06T12:24:14.9273821Z Stored cache entry for BuildToolsApiClasspathEntrySnapshotTransform: /home/runner/.gradle/caches/8.14/transforms/d0bff82a8069efa24882ec5649483f73/transformed/lifecycle-viewmodel-2.6.2-api.jar with cache key faa70e0ea98247b0f9e973d26382a98c
build	Build with Gradle	2026-06-06T12:24:14.9277239Z Build cache key for BuildToolsApiClasspathEntrySnapshotTransform: /home/runner/.gradle/caches/8.14/transforms/ec6a6bc419673960eb3a8e18540abfb5/transformed/lifecycle-livedata-core-ktx-2.6.2-api.jar is 98782f2bb0dbbd72ce9c964b0db27fcf
build	Build with Gradle	2026-06-06T12:24:14.9344165Z Build cache key for BuildToolsApiClasspathEntrySnapshotTransform: /home/runner/.gradle/caches/8.14/transforms/8e5dda6d9e608ab4c5339ac3c541443c/transformed/lifecycle-viewmodel-ktx-2.6.2-api.jar is 0b8d7eb244674e50912110a107bdaf34
build	Build with Gradle	2026-06-06T12:24:14.9347156Z Stored cache entry for BuildToolsApiClasspathEntrySnapshotTransform: /home/runner/.gradle/caches/8.14/transforms/8e5dda6d9e608ab4c5339ac3c541443c/transformed/lifecycle-viewmodel-ktx-2.6.2-api.jar with cache key 0b8d7eb244674e50912110a107bdaf34
build	Build with Gradle	2026-06-06T12:24:14.9350322Z Stored cache entry for BuildToolsApiClasspathEntrySnapshotTransform: /home/runner/.gradle/caches/8.14/transforms/ec6a6bc419673960eb3a8e18540abfb5/transformed/lifecycle-livedata-core-ktx-2.6.2-api.jar with cache key 98782f2bb0dbbd72ce9c964b0db27fcf
build	Build with Gradle	2026-06-06T12:24:14.9353276Z Build cache key for BuildToolsApiClasspathEntrySnapshotTransform: /home/runner/.gradle/caches/8.14/transforms/6d9ff7f167d8d5db2981a523f7edb7de/transformed/lifecycle-viewmodel-savedstate-2.6.2-api.jar is 0bc6864858853472cb73de5f4bb265a4
build	Build with Gradle	2026-06-06T12:24:14.9355870Z Build cache key for BuildToolsApiClasspathEntrySnapshotTransform: /home/runner/.gradle/caches/8.14/transforms/eaafc07fc9facc8d4db6f564f6e9061e/transformed/core-ktx-1.16.0-api.jar is 8eb3f17ee49cc39d32dd1b0ae9a92eb0
build	Build with Gradle	2026-06-06T12:24:14.9358629Z Stored cache entry for BuildToolsApiClasspathEntrySnapshotTransform: /home/runner/.gradle/caches/8.14/transforms/6d9ff7f167d8d5db2981a523f7edb7de/transformed/lifecycle-viewmodel-savedstate-2.6.2-api.jar with cache key 0bc6864858853472cb73de5f4bb265a4
build	Build with Gradle	2026-06-06T12:24:14.9361522Z Build cache key for BuildToolsApiClasspathEntrySnapshotTransform: /home/runner/.gradle/caches/8.14/transforms/aa5bc52dadecc31f5d5eec4c7230eba6/transformed/timber-5.0.1-api.jar is 1cd888c13d2fe97a104f833591119942
build	Build with Gradle	2026-06-06T12:24:14.9364191Z Stored cache entry for BuildToolsApiClasspathEntrySnapshotTransform: /home/runner/.gradle/caches/8.14/transforms/aa5bc52dadecc31f5d5eec4c7230eba6/transformed/timber-5.0.1-api.jar with cache key 1cd888c13d2fe97a104f833591119942
build	Build with Gradle	2026-06-06T12:24:14.9367050Z Build cache key for BuildToolsApiClasspathEntrySnapshotTransform: /home/runner/.gradle/caches/8.14/transforms/cb9191afc7bceb5a9b119f196551be92/transformed/insets-1.3.0-release-api.jar is c6cae9012e6c2a33ff72479086ccf83f
build	Build with Gradle	2026-06-06T12:24:14.9430811Z Stored cache entry for BuildToolsApiClasspathEntrySnapshotTransform: /home/runner/.gradle/caches/8.14/transforms/cb9191afc7bceb5a9b119f196551be92/transformed/insets-1.3.0-release-api.jar with cache key c6cae9012e6c2a33ff72479086ccf83f
build	Build with Gradle	2026-06-06T12:24:14.9434383Z Build cache key for BuildToolsApiClasspathEntrySnapshotTransform: /home/runner/.gradle/caches/modules-2/files-2.1/org.jetbrains.kotlinx/kotlinx-coroutines-core-jvm/1.6.4/2c997cd1c0ef33f3e751d3831929aeff1390cb30/kotlinx-coroutines-core-jvm-1.6.4.jar is 115826f0b0a5f2c40b6ed94eacc04897
build	Build with Gradle	2026-06-06T12:24:14.9437245Z Stored cache entry for BuildToolsApiClasspathEntrySnapshotTransform: /home/runner/.gradle/caches/8.14/transforms/eaafc07fc9facc8d4db6f564f6e9061e/transformed/core-ktx-1.16.0-api.jar with cache key 8eb3f17ee49cc39d32dd1b0ae9a92eb0
build	Build with Gradle	2026-06-06T12:24:14.9440682Z Build cache key for BuildToolsApiClasspathEntrySnapshotTransform: /home/runner/.gradle/caches/modules-2/files-2.1/org.jetbrains.kotlinx/kotlinx-coroutines-android/1.6.4/f955fc8b2ad196e2f4429598440e15f7492eeb2b/kotlinx-coroutines-android-1.6.4.jar is 8f722c2346a75280aa943a2ec82741fc
build	Build with Gradle	2026-06-06T12:24:14.9444729Z Stored cache entry for BuildToolsApiClasspathEntrySnapshotTransform: /home/runner/.gradle/caches/modules-2/files-2.1/org.jetbrains.kotlinx/kotlinx-coroutines-android/1.6.4/f955fc8b2ad196e2f4429598440e15f7492eeb2b/kotlinx-coroutines-android-1.6.4.jar with cache key 8f722c2346a75280aa943a2ec82741fc
build	Build with Gradle	2026-06-06T12:24:14.9449137Z Build cache key for BuildToolsApiClasspathEntrySnapshotTransform: /home/runner/.gradle/caches/modules-2/files-2.1/org.jetbrains.kotlin/kotlin-stdlib-jdk8/1.8.22/b25c86d47d6b962b9cf0f8c3f320c8a10eea3dd1/kotlin-stdlib-jdk8-1.8.22.jar is d7b62b03c46a8017f9cfeb2941501401
build	Build with Gradle	2026-06-06T12:24:14.9453040Z Stored cache entry for BuildToolsApiClasspathEntrySnapshotTransform: /home/runner/.gradle/caches/modules-2/files-2.1/org.jetbrains.kotlin/kotlin-stdlib-jdk8/1.8.22/b25c86d47d6b962b9cf0f8c3f320c8a10eea3dd1/kotlin-stdlib-jdk8-1.8.22.jar with cache key d7b62b03c46a8017f9cfeb2941501401
build	Build with Gradle	2026-06-06T12:24:14.9456637Z Build cache key for BuildToolsApiClasspathEntrySnapshotTransform: /home/runner/.gradle/caches/8.14/transforms/9b648673d9da74520734862c3994c462/transformed/savedstate-ktx-1.2.1-api.jar is 1896e374f18303a7937afbc47c155226
build	Build with Gradle	2026-06-06T12:24:14.9520328Z Stored cache entry for BuildToolsApiClasspathEntrySnapshotTransform: /home/runner/.gradle/caches/8.14/transforms/9b648673d9da74520734862c3994c462/transformed/savedstate-ktx-1.2.1-api.jar with cache key 1896e374f18303a7937afbc47c155226
build	Build with Gradle	2026-06-06T12:24:14.9523218Z Build cache key for BuildToolsApiClasspathEntrySnapshotTransform: /home/runner/.gradle/caches/8.14/transforms/71ed52ec4be86d6db4b83d39a086c89b/transformed/savedstate-1.2.1-api.jar is ad68d1cb6f4b0211fdaed09b30e5614e
build	Build with Gradle	2026-06-06T12:24:14.9525812Z Stored cache entry for BuildToolsApiClasspathEntrySnapshotTransform: /home/runner/.gradle/caches/8.14/transforms/71ed52ec4be86d6db4b83d39a086c89b/transformed/savedstate-1.2.1-api.jar with cache key ad68d1cb6f4b0211fdaed09b30e5614e
build	Build with Gradle	2026-06-06T12:24:14.9528475Z Build cache key for BuildToolsApiClasspathEntrySnapshotTransform: /home/runner/.gradle/caches/8.14/transforms/bc3b67668acf814c6ee05e4ab055cf2f/transformed/annotation-experimental-1.4.1-api.jar is 3a8e4bed89e26d6349f00b58934c45c4
build	Build with Gradle	2026-06-06T12:24:14.9530975Z Stored cache entry for BuildToolsApiClasspathEntrySnapshotTransform: /home/runner/.gradle/caches/8.14/transforms/bc3b67668acf814c6ee05e4ab055cf2f/transformed/annotation-experimental-1.4.1-api.jar with cache key 3a8e4bed89e26d6349f00b58934c45c4
build	Build with Gradle	2026-06-06T12:24:14.9534075Z Build cache key for BuildToolsApiClasspathEntrySnapshotTransform: /home/runner/.gradle/caches/modules-2/files-2.1/org.jetbrains.kotlin/kotlin-stdlib-jdk7/1.8.22/4dabb8248310d833bb6a8b516024a91fd3d275c/kotlin-stdlib-jdk7-1.8.22.jar is a6f975d732119c0cf99808526cc0cbb2
build	Build with Gradle	2026-06-06T12:24:14.9537555Z Stored cache entry for BuildToolsApiClasspathEntrySnapshotTransform: /home/runner/.gradle/caches/modules-2/files-2.1/org.jetbrains.kotlin/kotlin-stdlib-jdk7/1.8.22/4dabb8248310d833bb6a8b516024a91fd3d275c/kotlin-stdlib-jdk7-1.8.22.jar with cache key a6f975d732119c0cf99808526cc0cbb2
build	Build with Gradle	2026-06-06T12:24:14.9540671Z Build cache key for BuildToolsApiClasspathEntrySnapshotTransform: /home/runner/.gradle/caches/8.14/transforms/0da9f40dda9217dea7df7d67f5ffaf82/transformed/cursoradapter-1.0.0-api.jar is e779b941c28d2ef79291365a920a2c10
build	Build with Gradle	2026-06-06T12:24:14.9543100Z Stored cache entry for BuildToolsApiClasspathEntrySnapshotTransform: /home/runner/.gradle/caches/8.14/transforms/0da9f40dda9217dea7df7d67f5ffaf82/transformed/cursoradapter-1.0.0-api.jar with cache key e779b941c28d2ef79291365a920a2c10
build	Build with Gradle	2026-06-06T12:24:14.9546016Z Build cache key for BuildToolsApiClasspathEntrySnapshotTransform: /home/runner/.gradle/caches/8.14/transforms/d67dce2d75224ffbd975ee62072a51a9/transformed/cardview-1.0.0-api.jar is 8f30475197fe1352973c995af5354e67
build	Build with Gradle	2026-06-06T12:24:14.9610022Z Stored cache entry for BuildToolsApiClasspathEntrySnapshotTransform: /home/runner/.gradle/caches/8.14/transforms/d67dce2d75224ffbd975ee62072a51a9/transformed/cardview-1.0.0-api.jar with cache key 8f30475197fe1352973c995af5354e67
build	Build with Gradle	2026-06-06T12:24:14.9612858Z Build cache key for BuildToolsApiClasspathEntrySnapshotTransform: /home/runner/.gradle/caches/8.14/transforms/927bd8456038441307852c84d237ac9f/transformed/interpolator-1.0.0-api.jar is d7a142f9811b9bcbc04009a620a4e187
build	Build with Gradle	2026-06-06T12:24:14.9615615Z Stored cache entry for BuildToolsApiClasspathEntrySnapshotTransform: /home/runner/.gradle/caches/8.14/transforms/927bd8456038441307852c84d237ac9f/transformed/interpolator-1.0.0-api.jar with cache key d7a142f9811b9bcbc04009a620a4e187
build	Build with Gradle	2026-06-06T12:24:14.9618684Z Build cache key for BuildToolsApiClasspathEntrySnapshotTransform: /home/runner/.gradle/caches/8.14/transforms/029fda08cedd4569f2ffaf4980b989ee/transformed/versionedparcelable-1.1.1-api.jar is 0f2cd610c565b6d3074fd7c1f9cf6b7a
build	Build with Gradle	2026-06-06T12:24:14.9621253Z Stored cache entry for BuildToolsApiClasspathEntrySnapshotTransform: /home/runner/.gradle/caches/8.14/transforms/029fda08cedd4569f2ffaf4980b989ee/transformed/versionedparcelable-1.1.1-api.jar with cache key 0f2cd610c565b6d3074fd7c1f9cf6b7a
build	Build with Gradle	2026-06-06T12:24:14.9624097Z Build cache key for BuildToolsApiClasspathEntrySnapshotTransform: /home/runner/.gradle/caches/8.14/transforms/66b41f2fe6d5537c912db2b5e379ed8c/transformed/core-runtime-2.2.0-api.jar is 6c6f062ccaf8b560a09f3bf55bb05f06
build	Build with Gradle	2026-06-06T12:24:14.9626817Z Stored cache entry for BuildToolsApiClasspathEntrySnapshotTransform: /home/runner/.gradle/caches/8.14/transforms/66b41f2fe6d5537c912db2b5e379ed8c/transformed/core-runtime-2.2.0-api.jar with cache key 6c6f062ccaf8b560a09f3bf55bb05f06
build	Build with Gradle	2026-06-06T12:24:14.9629950Z Build cache key for BuildToolsApiClasspathEntrySnapshotTransform: /home/runner/.gradle/caches/modules-2/files-2.1/androidx.arch.core/core-common/2.2.0/5e1b8b81dfd5f52c56a8d53b18ca759c19a301f3/core-common-2.2.0.jar is 634b2dfcb77b70527319316122193b41
build	Build with Gradle	2026-06-06T12:24:14.9633047Z Stored cache entry for BuildToolsApiClasspathEntrySnapshotTransform: /home/runner/.gradle/caches/modules-2/files-2.1/androidx.arch.core/core-common/2.2.0/5e1b8b81dfd5f52c56a8d53b18ca759c19a301f3/core-common-2.2.0.jar with cache key 634b2dfcb77b70527319316122193b41
build	Build with Gradle	2026-06-06T12:24:14.9635803Z Build cache key for BuildToolsApiClasspathEntrySnapshotTransform: /home/runner/.gradle/caches/modules-2/files-2.1/androidx.collection/collection-ktx/1.4.2/2ad14aed781c4a73ed4dbb421966d408a0a06686/collection-ktx-1.4.2.jar is 81705aeb688ff19bcd2ccac0c1a94d01
build	Build with Gradle	2026-06-06T12:24:14.9701082Z Stored cache entry for BuildToolsApiClasspathEntrySnapshotTransform: /home/runner/.gradle/caches/modules-2/files-2.1/androidx.collection/collection-ktx/1.4.2/2ad14aed781c4a73ed4dbb421966d408a0a06686/collection-ktx-1.4.2.jar with cache key 81705aeb688ff19bcd2ccac0c1a94d01
build	Build with Gradle	2026-06-06T12:24:14.9704410Z Build cache key for BuildToolsApiClasspathEntrySnapshotTransform: /home/runner/.gradle/caches/modules-2/files-2.1/androidx.collection/collection-jvm/1.4.2/bc60b5568a66d765a9fe8e266fd0c6c727e0b50b/collection-jvm-1.4.2.jar is 3b17ab4f84289ad4a2ccbf665f87e4dd
build	Build with Gradle	2026-06-06T12:24:14.9707961Z Stored cache entry for BuildToolsApiClasspathEntrySnapshotTransform: /home/runner/.gradle/caches/modules-2/files-2.1/org.jetbrains.kotlinx/kotlinx-coroutines-core-jvm/1.6.4/2c997cd1c0ef33f3e751d3831929aeff1390cb30/kotlinx-coroutines-core-jvm-1.6.4.jar with cache key 115826f0b0a5f2c40b6ed94eacc04897
build	Build with Gradle	2026-06-06T12:24:14.9710891Z Build cache key for BuildToolsApiClasspathEntrySnapshotTransform: /home/runner/.gradle/caches/modules-2/files-2.1/androidx.annotation/annotation-jvm/1.9.1/b17951747e38bf3986a24431b9ba0d039958aa5f/annotation-jvm-1.9.1.jar is 25d15cafdadde8bc69eca917d2a9b66a
build	Build with Gradle	2026-06-06T12:24:14.9713942Z Stored cache entry for BuildToolsApiClasspathEntrySnapshotTransform: /home/runner/.gradle/caches/modules-2/files-2.1/androidx.annotation/annotation-jvm/1.9.1/b17951747e38bf3986a24431b9ba0d039958aa5f/annotation-jvm-1.9.1.jar with cache key 25d15cafdadde8bc69eca917d2a9b66a
build	Build with Gradle	2026-06-06T12:24:14.9716736Z Build cache key for BuildToolsApiClasspathEntrySnapshotTransform: /home/runner/.gradle/caches/8.14/transforms/60c39058e046ceee70fa5e8b259302d2/transformed/core-viewtree-1.0.0-api.jar is e8c78a674263d55011d2f6489b8d5862
build	Build with Gradle	2026-06-06T12:24:14.9719381Z Stored cache entry for BuildToolsApiClasspathEntrySnapshotTransform: /home/runner/.gradle/caches/8.14/transforms/60c39058e046ceee70fa5e8b259302d2/transformed/core-viewtree-1.0.0-api.jar with cache key e8c78a674263d55011d2f6489b8d5862
build	Build with Gradle	2026-06-06T12:24:14.9722347Z Build cache key for BuildToolsApiClasspathEntrySnapshotTransform: /home/runner/.gradle/caches/modules-2/files-2.1/org.jetbrains.kotlin/kotlin-stdlib/2.2.20/5380b19fa1924399b62ce3a1faffebb2b4f82272/kotlin-stdlib-2.2.20.jar is 2e0db684c2712859cb79be8dd7b87015
build	Build with Gradle	2026-06-06T12:24:14.9725420Z Stored cache entry for BuildToolsApiClasspathEntrySnapshotTransform: /home/runner/.gradle/caches/modules-2/files-2.1/androidx.collection/collection-jvm/1.4.2/bc60b5568a66d765a9fe8e266fd0c6c727e0b50b/collection-jvm-1.4.2.jar with cache key 3b17ab4f84289ad4a2ccbf665f87e4dd
build	Build with Gradle	2026-06-06T12:24:14.9794885Z Build cache key for BuildToolsApiClasspathEntrySnapshotTransform: /home/runner/work/ShizukuPlus/ShizukuPlus/common/build/intermediates/compile_library_classes_jar/release/bundleLibCompileToJarRelease/classes.jar is 02fc7823a47382f985965af769588fb9
build	Build with Gradle	2026-06-06T12:24:14.9798800Z Stored cache entry for BuildToolsApiClasspathEntrySnapshotTransform: /home/runner/work/ShizukuPlus/ShizukuPlus/common/build/intermediates/compile_library_classes_jar/release/bundleLibCompileToJarRelease/classes.jar with cache key 02fc7823a47382f985965af769588fb9
build	Build with Gradle	2026-06-06T12:24:14.9801697Z Build cache key for BuildToolsApiClasspathEntrySnapshotTransform: /home/runner/.gradle/caches/8.14/transforms/67ece183b9d087e04e8db627b6cc3c2f/transformed/core-1.4.1-release-api.jar is a124b5e9b4e9849f3219d10a394005f5
build	Build with Gradle	2026-06-06T12:24:14.9809373Z Stored cache entry for BuildToolsApiClasspathEntrySnapshotTransform: /home/runner/.gradle/caches/8.14/transforms/67ece183b9d087e04e8db627b6cc3c2f/transformed/core-1.4.1-release-api.jar with cache key a124b5e9b4e9849f3219d10a394005f5
build	Build with Gradle	2026-06-06T12:24:14.9812070Z Build cache key for BuildToolsApiClasspathEntrySnapshotTransform: /home/runner/.gradle/caches/modules-2/files-2.1/org.jetbrains/annotations/20.1.0/2fcd1f3225bca0c4a7bc931142076f8c1e80993f/annotations-20.1.0.jar is f11cf2bc93a27e537fa3945d3b677369
build	Build with Gradle	2026-06-06T12:24:14.9814935Z Stored cache entry for BuildToolsApiClasspathEntrySnapshotTransform: /home/runner/.gradle/caches/modules-2/files-2.1/org.jetbrains/annotations/20.1.0/2fcd1f3225bca0c4a7bc931142076f8c1e80993f/annotations-20.1.0.jar with cache key f11cf2bc93a27e537fa3945d3b677369
build	Build with Gradle	2026-06-06T12:24:14.9818109Z Build cache key for BuildToolsApiClasspathEntrySnapshotTransform: /home/runner/.gradle/caches/modules-2/files-2.1/org.jspecify/jspecify/1.0.0/7425a601c1c7ec76645a78d22b8c6a627edee507/jspecify-1.0.0.jar is 62dea6e8e81f63d27f91255170dc2da3
build	Build with Gradle	2026-06-06T12:24:14.9820631Z Build cache key for BuildToolsApiClasspathEntrySnapshotTransform: /home/runner/.gradle/caches/8.14/transforms/56067f54483f538cacff2c19b7ac4faa/transformed/material-2.7.2-api.jar is e6619357119d47a1188f488bb4c38580
build	Build with Gradle	2026-06-06T12:24:14.9823115Z Stored cache entry for BuildToolsApiClasspathEntrySnapshotTransform: /home/runner/.gradle/caches/modules-2/files-2.1/org.jspecify/jspecify/1.0.0/7425a601c1c7ec76645a78d22b8c6a627edee507/jspecify-1.0.0.jar with cache key 62dea6e8e81f63d27f91255170dc2da3
build	Build with Gradle	2026-06-06T12:24:14.9826305Z Build cache key for BuildToolsApiClasspathEntrySnapshotTransform: /home/runner/.gradle/caches/modules-2/files-2.1/androidx.resourceinspection/resourceinspection-annotation/1.0.1/8c21f8ff5d96d5d52c948707f7e4d6ca6773feef/resourceinspection-annotation-1.0.1.jar is 5beec7b5c4e816fdb325eb748d2ece53
build	Build with Gradle	2026-06-06T12:24:14.9881128Z Stored cache entry for BuildToolsApiClasspathEntrySnapshotTransform: /home/runner/.gradle/caches/modules-2/files-2.1/androidx.resourceinspection/resourceinspection-annotation/1.0.1/8c21f8ff5d96d5d52c948707f7e4d6ca6773feef/resourceinspection-annotation-1.0.1.jar with cache key 5beec7b5c4e816fdb325eb748d2ece53
build	Build with Gradle	2026-06-06T12:24:14.9884670Z Stored cache entry for BuildToolsApiClasspathEntrySnapshotTransform: /home/runner/.gradle/caches/8.14/transforms/56067f54483f538cacff2c19b7ac4faa/transformed/material-2.7.2-api.jar with cache key e6619357119d47a1188f488bb4c38580
build	Build with Gradle	2026-06-06T12:24:14.9887794Z Build cache key for BuildToolsApiClasspathEntrySnapshotTransform: /home/runner/.gradle/caches/8.14/transforms/b23d0c7e8222a9520982bf6430e53ef6/transformed/constraintlayout-2.2.1-api.jar is 8b3b57101f772dff6676298608def875
build	Build with Gradle	2026-06-06T12:24:14.9890606Z Build cache key for BuildToolsApiClasspathEntrySnapshotTransform: /home/runner/.gradle/caches/8.14/transforms/4ddf891fefae76bb05b072e8c4c2e57a/transformed/graphics-shapes-release-api.jar is 78998f915b3723b3ea08a0d4e6348e7a
build	Build with Gradle	2026-06-06T12:24:14.9893263Z Stored cache entry for BuildToolsApiClasspathEntrySnapshotTransform: /home/runner/.gradle/caches/8.14/transforms/4ddf891fefae76bb05b072e8c4c2e57a/transformed/graphics-shapes-release-api.jar with cache key 78998f915b3723b3ea08a0d4e6348e7a
build	Build with Gradle	2026-06-06T12:24:14.9927644Z Stored cache entry for BuildToolsApiClasspathEntrySnapshotTransform: /home/runner/.gradle/caches/8.14/transforms/b23d0c7e8222a9520982bf6430e53ef6/transformed/constraintlayout-2.2.1-api.jar with cache key 8b3b57101f772dff6676298608def875
build	Build with Gradle	2026-06-06T12:24:14.9930466Z Build cache key for BuildToolsApiClasspathEntrySnapshotTransform: /usr/local/lib/android/sdk/build-tools/35.0.0/core-lambda-stubs.jar is 150e61cc0613a9691103a91d76bbeaa8
build	Build with Gradle	2026-06-06T12:24:14.9960157Z 
build	Build with Gradle	2026-06-06T12:24:14.9960481Z > Task :aidl:bundleLibRuntimeToJarRelease
build	Build with Gradle	2026-06-06T12:24:14.9961243Z Caching disabled for task ':aidl:bundleLibRuntimeToJarRelease' because:
build	Build with Gradle	2026-06-06T12:24:14.9961874Z   Simple merging task
build	Build with Gradle	2026-06-06T12:24:14.9962496Z Task ':aidl:bundleLibRuntimeToJarRelease' is not up-to-date because:
build	Build with Gradle	2026-06-06T12:24:14.9963192Z   No history is available.
build	Build with Gradle	2026-06-06T12:24:14.9963929Z work action resolve classes.jar (project :aidl) (Thread[#160,Execution worker,5,main]) started.
build	Build with Gradle	2026-06-06T12:24:14.9966048Z work action org.gradle.api.internal.artifacts.transform.DefaultTransformUpstreamDependenciesResolver$FinalizeTransformDependenciesFromSelectedArtifacts$CalculateFinalDependencies@1daf8594 (Thread[#160,Execution worker,5,main]) started.
build	Build with Gradle	2026-06-06T12:24:14.9968634Z work action Dependencies for project :shared {artifactType=android-classes-jar, asm-transformed-variant=release} (Thread[#160,Execution worker,5,main]) started.
build	Build with Gradle	2026-06-06T12:24:14.9970096Z Resolve mutations for :api:generateReleaseResValues (Thread[#160,Execution worker,5,main]) started.
build	Build with Gradle	2026-06-06T12:24:14.9971070Z :api:generateReleaseResValues (Thread[#160,Execution worker,5,main]) started.
build	Build with Gradle	2026-06-06T12:24:14.9971618Z 
build	Build with Gradle	2026-06-06T12:24:14.9971858Z > Task :api:generateReleaseResValues FROM-CACHE
build	Build with Gradle	2026-06-06T12:24:14.9972670Z Build cache key for task ':api:generateReleaseResValues' is 648a246192ab07cc66fd461588eaf850
build	Build with Gradle	2026-06-06T12:24:14.9973565Z Task ':api:generateReleaseResValues' is not up-to-date because:
build	Build with Gradle	2026-06-06T12:24:14.9974187Z   No history is available.
build	Build with Gradle	2026-06-06T12:24:14.9974987Z Loaded cache entry for task ':api:generateReleaseResValues' with cache key 648a246192ab07cc66fd461588eaf850
build	Build with Gradle	2026-06-06T12:24:14.9976150Z Resolve mutations for :api:generateReleaseResources (Thread[#160,Execution worker,5,main]) started.
build	Build with Gradle	2026-06-06T12:24:14.9977144Z :api:generateReleaseResources (Thread[#160,Execution worker,5,main]) started.
build	Build with Gradle	2026-06-06T12:24:14.9977879Z 
build	Build with Gradle	2026-06-06T12:24:14.9978114Z > Task :rish:buildCMakeRelWithDebInfo[x86_64]
build	Build with Gradle	2026-06-06T12:24:14.9979219Z Deleting stale output file: /home/runner/work/ShizukuPlus/ShizukuPlus/api/rish/build/intermediates/cxx/RelWithDebInfo/6yo4f216/obj/x86_64
build	Build with Gradle	2026-06-06T12:24:14.9980759Z Caching disabled for task ':rish:buildCMakeRelWithDebInfo[x86_64]' because:
build	Build with Gradle	2026-06-06T12:24:14.9981443Z   Caching has been disabled for the task
build	Build with Gradle	2026-06-06T12:24:14.9982161Z Task ':rish:buildCMakeRelWithDebInfo[x86_64]' is not up-to-date because:
build	Build with Gradle	2026-06-06T12:24:14.9982803Z   Task.upToDateWhen is false.
build	Build with Gradle	2026-06-06T12:24:14.9983251Z C/C++: starting build
build	Build with Gradle	2026-06-06T12:24:14.9983668Z C/C++: reading expected JSONs
build	Build with Gradle	2026-06-06T12:24:14.9984104Z C/C++: done reading expected JSONs
build	Build with Gradle	2026-06-06T12:24:14.9984799Z C/C++: executing build commands for targets that produce .so files or executables
build	Build with Gradle	2026-06-06T12:24:14.9985481Z C/C++: evaluate miniconfig
build	Build with Gradle	2026-06-06T12:24:14.9985954Z C/C++: evaluate library rish (x86_64)
build	Build with Gradle	2026-06-06T12:24:14.9986883Z C/C++: building target library rish because no targets are specified.
build	Build with Gradle	2026-06-06T12:24:15.0038172Z C/C++: about to build targets rish
build	Build with Gradle	2026-06-06T12:24:15.0038804Z C/C++: Build rish
build	Build with Gradle	2026-06-06T12:24:15.0039343Z C/C++: /usr/local/lib/android/sdk/cmake/3.22.1/bin/ninja \
build	Build with Gradle	2026-06-06T12:24:15.0039953Z   -C \
build	Build with Gradle	2026-06-06T12:24:15.0040683Z   /home/runner/work/ShizukuPlus/ShizukuPlus/api/rish/.cxx/RelWithDebInfo/6yo4f216/x86_64 \
build	Build with Gradle	2026-06-06T12:24:15.0041553Z   rish
build	Build with Gradle	2026-06-06T12:24:15.0041761Z 
build	Build with Gradle	2026-06-06T12:24:15.0043605Z Starting process 'command '/usr/local/lib/android/sdk/cmake/3.22.1/bin/ninja''. Working directory: /home/runner/work/ShizukuPlus/ShizukuPlus/api/rish Command: /usr/local/lib/android/sdk/cmake/3.22.1/bin/ninja -C /home/runner/work/ShizukuPlus/ShizukuPlus/api/rish/.cxx/RelWithDebInfo/6yo4f216/x86_64 rish
build	Build with Gradle	2026-06-06T12:24:15.0046433Z Successfully started process 'command '/usr/local/lib/android/sdk/cmake/3.22.1/bin/ninja''
build	Build with Gradle	2026-06-06T12:24:15.0809525Z 
build	Build with Gradle	2026-06-06T12:24:15.0810597Z > Task :api:generateReleaseResources FROM-CACHE
build	Build with Gradle	2026-06-06T12:24:15.0811708Z Build cache key for task ':api:generateReleaseResources' is d4edfd48e9c19bf95cf1077eff77e471
build	Build with Gradle	2026-06-06T12:24:15.0812731Z Task ':api:generateReleaseResources' is not up-to-date because:
build	Build with Gradle	2026-06-06T12:24:15.0813460Z   No history is available.
build	Build with Gradle	2026-06-06T12:24:15.0814389Z Loaded cache entry for task ':api:generateReleaseResources' with cache key d4edfd48e9c19bf95cf1077eff77e471
build	Build with Gradle	2026-06-06T12:24:15.0815777Z Resolve mutations for :api:packageReleaseResources (Thread[#160,Execution worker,5,main]) started.
build	Build with Gradle	2026-06-06T12:24:15.0816972Z :api:packageReleaseResources (Thread[#160,Execution worker,5,main]) started.
build	Build with Gradle	2026-06-06T12:24:15.0817910Z 
build	Build with Gradle	2026-06-06T12:24:15.0818206Z > Task :api:packageReleaseResources
build	Build with Gradle	2026-06-06T12:24:15.0819064Z Build cache key for task ':api:packageReleaseResources' is 1c31b61db57b7cd1d5ccd01b6c7a6c3b
build	Build with Gradle	2026-06-06T12:24:15.0820076Z Task ':api:packageReleaseResources' is not up-to-date because:
build	Build with Gradle	2026-06-06T12:24:15.0820788Z   No history is available.
build	Build with Gradle	2026-06-06T12:24:15.0821590Z The input changes require a full rebuild for incremental task ':api:packageReleaseResources'.
build	Build with Gradle	2026-06-06T12:24:15.0822737Z [MergeResources] Inputs are non-incremental full task action.
build	Build with Gradle	2026-06-06T12:24:15.0849848Z Stored cache entry for task ':api:packageReleaseResources' with cache key 1c31b61db57b7cd1d5ccd01b6c7a6c3b
build	Build with Gradle	2026-06-06T12:24:15.0894524Z work action resolve packageReleaseResources (project :api) (Thread[#160,Execution worker,5,main]) started.
build	Build with Gradle	2026-06-06T12:24:15.0922733Z Resolve mutations for :shell:compileReleaseShaders (Thread[#160,Execution worker,5,main]) started.
build	Build with Gradle	2026-06-06T12:24:15.0938928Z :shell:compileReleaseShaders (Thread[#160,Execution worker,5,main]) started.
build	Build with Gradle	2026-06-06T12:24:15.0957729Z 
build	Build with Gradle	2026-06-06T12:24:15.1005311Z > Task :shell:compileReleaseShaders NO-SOURCE
build	Build with Gradle	2026-06-06T12:24:15.1012850Z Skipping task ':shell:compileReleaseShaders' as it has no source files and no previous output files.
build	Build with Gradle	2026-06-06T12:24:15.1014496Z Resolve mutations for :shell:generateReleaseAssets (Thread[#160,Execution worker,5,main]) started.
build	Build with Gradle	2026-06-06T12:24:15.1015883Z :shell:generateReleaseAssets (Thread[#160,Execution worker,5,main]) started.
build	Build with Gradle	2026-06-06T12:24:15.1016802Z 
build	Build with Gradle	2026-06-06T12:24:15.1017176Z > Task :shell:generateReleaseAssets UP-TO-DATE
build	Build with Gradle	2026-06-06T12:24:15.1018162Z Skipping task ':shell:generateReleaseAssets' as it has no actions.
build	Build with Gradle	2026-06-06T12:24:15.1019251Z Resolve mutations for :shell:mergeReleaseAssets (Thread[#160,Execution worker,5,main]) started.
build	Build with Gradle	2026-06-06T12:24:15.1020405Z :shell:mergeReleaseAssets (Thread[#160,Execution worker,5,main]) started.
build	Build with Gradle	2026-06-06T12:24:15.1768135Z 
build	Build with Gradle	2026-06-06T12:24:15.1830256Z > Task :shell:mergeReleaseAssets
build	Build with Gradle	2026-06-06T12:24:15.1849056Z Caching disabled for AarTransform: /home/runner/.gradle/caches/8.14/transforms/93e5dd5bd02503c2c463051d8428f6c3/transformed/compat-4.4.0 because:
build	Build with Gradle	2026-06-06T12:24:15.1878276Z   Caching not enabled.
build	Build with Gradle	2026-06-06T12:24:15.1879616Z Caching disabled for AarTransform: /home/runner/.gradle/caches/8.14/transforms/15a46fdad85d2cb7e7c637ba2a744a05/transformed/interpolator-1.0.0 because:
build	Build with Gradle	2026-06-06T12:24:15.1958375Z   Caching not enabled.
build	Build with Gradle	2026-06-06T12:24:15.2029092Z Caching disabled for AarTransform: /home/runner/.gradle/caches/8.14/transforms/0187bb9b76f6cb89cb6648998d3bb365/transformed/lifecycle-runtime-2.6.2 because:
build	Build with Gradle	2026-06-06T12:24:15.2088385Z   Caching not enabled.
build	Build with Gradle	2026-06-06T12:24:15.2118877Z Caching disabled for AarTransform: /home/runner/.gradle/caches/8.14/transforms/fc7c287dc22d61ab46eb288863ba67f7/transformed/profileinstaller-1.3.0 because:
build	Build with Gradle	2026-06-06T12:24:15.2178324Z   Caching not enabled.
build	Build with Gradle	2026-06-06T12:24:15.2183579Z Caching disabled for AarTransform: /home/runner/.gradle/caches/8.14/transforms/c3f1fba07658b0b59e408933ad000cab/transformed/startup-runtime-1.1.1 because:
build	Build with Gradle	2026-06-06T12:24:15.2238327Z   Caching not enabled.
build	Build with Gradle	2026-06-06T12:24:15.2289244Z Caching disabled for AarTransform: /home/runner/.gradle/caches/8.14/transforms/ac9c2613db74d91f76d389a55de09aeb/transformed/tracing-1.2.0 because:
build	Build with Gradle	2026-06-06T12:24:15.2348463Z   Caching not enabled.
build	Build with Gradle	2026-06-06T12:24:15.2350131Z Caching disabled for AarTransform: /home/runner/.gradle/caches/8.14/transforms/eec55b2add6457c8fb902795cbf8eedc/transformed/versionedparcelable-1.1.1 because:
build	Build with Gradle	2026-06-06T12:24:15.2418670Z   Caching not enabled.
build	Build with Gradle	2026-06-06T12:24:15.2446295Z Caching disabled for AarTransform: /home/runner/.gradle/caches/8.14/transforms/9a0af10b7d6a004c0dde0da7908916e8/transformed/core-runtime-2.2.0 because:
build	Build with Gradle	2026-06-06T12:24:15.2498386Z   Caching not enabled.
build	Build with Gradle	2026-06-06T12:24:15.2543067Z Caching disabled for AarTransform: /home/runner/.gradle/caches/8.14/transforms/b63ec3c1af75a7e3e11e00b71c5d2f13/transformed/annotation-experimental-1.4.1 because:
build	Build with Gradle	2026-06-06T12:24:15.2568884Z   Caching not enabled.
build	Build with Gradle	2026-06-06T12:24:15.2616616Z Caching disabled for AarTransform: /home/runner/.gradle/caches/8.14/transforms/a203a862f516367cac65cc0033ada510/transformed/core-viewtree-1.0.0 because:
build	Build with Gradle	2026-06-06T12:24:15.2635324Z   Caching not enabled.
build	Build with Gradle	2026-06-06T12:24:15.2688994Z Caching disabled for AarTransform: /home/runner/.gradle/caches/8.14/transforms/a18f3e8414f2ba4eb382dd01375ab089/transformed/core-1.16.0 because:
build	Build with Gradle	2026-06-06T12:24:15.2713094Z   Caching not enabled.
build	Build with Gradle	2026-06-06T12:24:15.2723445Z Caching disabled for AarTransform: /home/runner/.gradle/caches/8.14/transforms/4b91b30cdde5ec990d4144c4990f3981/transformed/parcelablelist-2.0.1-release because:
build	Build with Gradle	2026-06-06T12:24:15.2725256Z   Caching not enabled.
build	Build with Gradle	2026-06-06T12:24:15.2726764Z Caching disabled for AarTransform: /home/runner/.gradle/caches/8.14/transforms/d90402c4b85ec72d1d4a6e1bb45ac913/transformed/buildcompat-34.0.1 because:
build	Build with Gradle	2026-06-06T12:24:15.2728356Z   Caching not enabled.
build	Build with Gradle	2026-06-06T12:24:15.2729016Z Caching disabled for task ':shell:mergeReleaseAssets' because:
build	Build with Gradle	2026-06-06T12:24:15.2729780Z   Simple merging task
build	Build with Gradle	2026-06-06T12:24:15.2730411Z Task ':shell:mergeReleaseAssets' is not up-to-date because:
build	Build with Gradle	2026-06-06T12:24:15.2731188Z   No history is available.
build	Build with Gradle	2026-06-06T12:24:15.2732059Z The input changes require a full rebuild for incremental task ':shell:mergeReleaseAssets'.
build	Build with Gradle	2026-06-06T12:24:15.2733384Z Resolve mutations for :shell:compressReleaseAssets (Thread[#160,Execution worker,5,main]) started.
build	Build with Gradle	2026-06-06T12:24:15.2734895Z :shell:compressReleaseAssets (Thread[#160,Execution worker,5,main]) started.
build	Build with Gradle	2026-06-06T12:24:15.2735600Z 
build	Build with Gradle	2026-06-06T12:24:15.2735951Z > Task :shell:compressReleaseAssets
build	Build with Gradle	2026-06-06T12:24:15.2736897Z Build cache key for task ':shell:compressReleaseAssets' is d954cf99c7c1f3f91d0584c42c29395f
build	Build with Gradle	2026-06-06T12:24:15.2739678Z Task ':shell:compressReleaseAssets' is not up-to-date because:
build	Build with Gradle	2026-06-06T12:24:15.2740522Z   No history is available.
build	Build with Gradle	2026-06-06T12:24:15.2741426Z The input changes require a full rebuild for incremental task ':shell:compressReleaseAssets'.
build	Build with Gradle	2026-06-06T12:24:15.2742663Z Stored cache entry for task ':shell:compressReleaseAssets' with cache key d954cf99c7c1f3f91d0584c42c29395f
build	Build with Gradle	2026-06-06T12:24:15.2744104Z Resolve mutations for :shell:extractReleaseVersionControlInfo (Thread[#160,Execution worker,5,main]) started.
build	Build with Gradle	2026-06-06T12:24:15.2745768Z :shell:extractReleaseVersionControlInfo (Thread[#160,Execution worker,5,main]) started.
build	Build with Gradle	2026-06-06T12:24:15.3758006Z 
build	Build with Gradle	2026-06-06T12:24:15.3791908Z > Task :shell:minifyReleaseWithR8
build	Build with Gradle	2026-06-06T12:24:15.3819104Z Caching disabled for AarTransform: /home/runner/.gradle/caches/8.14/transforms/93e5dd5bd02503c2c463051d8428f6c3/transformed/compat-4.4.0 because:
build	Build with Gradle	2026-06-06T12:24:15.3848173Z   Caching not enabled.
build	Build with Gradle	2026-06-06T12:24:15.3861637Z Caching disabled for AarTransform: /home/runner/.gradle/caches/8.14/transforms/d90402c4b85ec72d1d4a6e1bb45ac913/transformed/buildcompat-34.0.1 because:
build	Build with Gradle	2026-06-06T12:24:15.3888219Z   Caching not enabled.
build	Build with Gradle	2026-06-06T12:24:15.3921597Z Caching disabled for AarTransform: /home/runner/.gradle/caches/8.14/transforms/4b91b30cdde5ec990d4144c4990f3981/transformed/parcelablelist-2.0.1-release because:
build	Build with Gradle	2026-06-06T12:24:15.3947214Z   Caching not enabled.
build	Build with Gradle	2026-06-06T12:24:15.3986300Z Caching disabled for FilterShrinkerRulesTransform: /home/runner/.gradle/caches/8.14/transforms/4b91b30cdde5ec990d4144c4990f3981/transformed/parcelablelist-2.0.1-release/proguard.txt because:
build	Build with Gradle	2026-06-06T12:24:15.4028161Z   Caching not enabled.
build	Build with Gradle	2026-06-06T12:24:15.4063911Z Caching disabled for AarTransform: /home/runner/.gradle/caches/8.14/transforms/15a46fdad85d2cb7e7c637ba2a744a05/transformed/interpolator-1.0.0 because:
build	Build with Gradle	2026-06-06T12:24:15.4099106Z   Caching not enabled.
build	Build with Gradle	2026-06-06T12:24:15.4129282Z Build cache key for ExtractProGuardRulesTransform: /home/runner/.gradle/caches/modules-2/files-2.1/androidx.lifecycle/lifecycle-common/2.6.2/10f354fdb64868baecd67128560c5a0d6312c495/lifecycle-common-2.6.2.jar is 8e6af504bc11496eccfa1cd27a68024d
build	Build with Gradle	2026-06-06T12:24:15.4179486Z Stored cache entry for ExtractProGuardRulesTransform: /home/runner/.gradle/caches/modules-2/files-2.1/androidx.lifecycle/lifecycle-common/2.6.2/10f354fdb64868baecd67128560c5a0d6312c495/lifecycle-common-2.6.2.jar with cache key 8e6af504bc11496eccfa1cd27a68024d
build	Build with Gradle	2026-06-06T12:24:15.4239184Z Caching disabled for AarTransform: /home/runner/.gradle/caches/8.14/transforms/0187bb9b76f6cb89cb6648998d3bb365/transformed/lifecycle-runtime-2.6.2 because:
build	Build with Gradle	2026-06-06T12:24:15.4248249Z   Caching not enabled.
build	Build with Gradle	2026-06-06T12:24:15.4269479Z Caching disabled for FilterShrinkerRulesTransform: /home/runner/.gradle/caches/8.14/transforms/0187bb9b76f6cb89cb6648998d3bb365/transformed/lifecycle-runtime-2.6.2/proguard.txt because:
build	Build with Gradle	2026-06-06T12:24:15.4291737Z   Caching not enabled.
build	Build with Gradle	2026-06-06T12:24:15.4329797Z Caching disabled for AarTransform: /home/runner/.gradle/caches/8.14/transforms/fc7c287dc22d61ab46eb288863ba67f7/transformed/profileinstaller-1.3.0 because:
build	Build with Gradle	2026-06-06T12:24:15.4358142Z   Caching not enabled.
build	Build with Gradle	2026-06-06T12:24:15.4388751Z Caching disabled for AarTransform: /home/runner/.gradle/caches/8.14/transforms/c3f1fba07658b0b59e408933ad000cab/transformed/startup-runtime-1.1.1 because:
build	Build with Gradle	2026-06-06T12:24:15.4398064Z   Caching not enabled.
build	Build with Gradle	2026-06-06T12:24:15.4419287Z Caching disabled for FilterShrinkerRulesTransform: /home/runner/.gradle/caches/8.14/transforms/c3f1fba07658b0b59e408933ad000cab/transformed/startup-runtime-1.1.1/proguard.txt because:
build	Build with Gradle	2026-06-06T12:24:15.4448102Z   Caching not enabled.
build	Build with Gradle	2026-06-06T12:24:15.4478596Z Caching disabled for AarTransform: /home/runner/.gradle/caches/8.14/transforms/ac9c2613db74d91f76d389a55de09aeb/transformed/tracing-1.2.0 because:
build	Build with Gradle	2026-06-06T12:24:15.4508171Z   Caching not enabled.
build	Build with Gradle	2026-06-06T12:24:15.4509536Z Caching disabled for AarTransform: /home/runner/.gradle/caches/8.14/transforms/eec55b2add6457c8fb902795cbf8eedc/transformed/versionedparcelable-1.1.1 because:
build	Build with Gradle	2026-06-06T12:24:15.4538162Z   Caching not enabled.
build	Build with Gradle	2026-06-06T12:24:15.4566772Z Caching disabled for FilterShrinkerRulesTransform: /home/runner/.gradle/caches/8.14/transforms/eec55b2add6457c8fb902795cbf8eedc/transformed/versionedparcelable-1.1.1/proguard.txt because:
build	Build with Gradle	2026-06-06T12:24:15.4585511Z   Caching not enabled.
build	Build with Gradle	2026-06-06T12:24:15.4629405Z Build cache key for ExtractProGuardRulesTransform: /home/runner/.gradle/caches/modules-2/files-2.1/androidx.collection/collection-jvm/1.4.2/bc60b5568a66d765a9fe8e266fd0c6c727e0b50b/collection-jvm-1.4.2.jar is 7a45db620c4e373c4e88ff304169dbb3
build	Build with Gradle	2026-06-06T12:24:15.4638984Z Stored cache entry for ExtractProGuardRulesTransform: /home/runner/.gradle/caches/modules-2/files-2.1/androidx.collection/collection-jvm/1.4.2/bc60b5568a66d765a9fe8e266fd0c6c727e0b50b/collection-jvm-1.4.2.jar with cache key 7a45db620c4e373c4e88ff304169dbb3
build	Build with Gradle	2026-06-06T12:24:15.4658953Z Caching disabled for AarTransform: /home/runner/.gradle/caches/8.14/transforms/9a0af10b7d6a004c0dde0da7908916e8/transformed/core-runtime-2.2.0 because:
build	Build with Gradle	2026-06-06T12:24:15.4688098Z   Caching not enabled.
build	Build with Gradle	2026-06-06T12:24:15.4710905Z Build cache key for ExtractProGuardRulesTransform: /home/runner/.gradle/caches/modules-2/files-2.1/androidx.arch.core/core-common/2.2.0/5e1b8b81dfd5f52c56a8d53b18ca759c19a301f3/core-common-2.2.0.jar is b5cbc02c376a1f2c75849aad904039d0
build	Build with Gradle	2026-06-06T12:24:15.4739895Z Stored cache entry for ExtractProGuardRulesTransform: /home/runner/.gradle/caches/modules-2/files-2.1/androidx.arch.core/core-common/2.2.0/5e1b8b81dfd5f52c56a8d53b18ca759c19a301f3/core-common-2.2.0.jar with cache key b5cbc02c376a1f2c75849aad904039d0
build	Build with Gradle	2026-06-06T12:24:15.4769153Z Build cache key for ExtractProGuardRulesTransform: /home/runner/.gradle/caches/modules-2/files-2.1/androidx.concurrent/concurrent-futures/1.1.0/50b7fb98350d5f42a4e49704b03278542293ba48/concurrent-futures-1.1.0.jar is 6c56b0882f96426b57f06000be4d3fad
build	Build with Gradle	2026-06-06T12:24:15.4772515Z Stored cache entry for ExtractProGuardRulesTransform: /home/runner/.gradle/caches/modules-2/files-2.1/androidx.concurrent/concurrent-futures/1.1.0/50b7fb98350d5f42a4e49704b03278542293ba48/concurrent-futures-1.1.0.jar with cache key 6c56b0882f96426b57f06000be4d3fad
build	Build with Gradle	2026-06-06T12:24:15.4795802Z Caching disabled for AarTransform: /home/runner/.gradle/caches/8.14/transforms/b63ec3c1af75a7e3e11e00b71c5d2f13/transformed/annotation-experimental-1.4.1 because:
build	Build with Gradle	2026-06-06T12:24:15.4838118Z   Caching not enabled.
build	Build with Gradle	2026-06-06T12:24:15.4844126Z Caching disabled for AarTransform: /home/runner/.gradle/caches/8.14/transforms/a203a862f516367cac65cc0033ada510/transformed/core-viewtree-1.0.0 because:
build	Build with Gradle	2026-06-06T12:24:15.4881178Z   Caching not enabled.
build	Build with Gradle	2026-06-06T12:24:15.4919732Z Caching disabled for FilterShrinkerRulesTransform: /home/runner/.gradle/caches/8.14/transforms/a203a862f516367cac65cc0033ada510/transformed/core-viewtree-1.0.0/proguard.txt because:
build	Build with Gradle	2026-06-06T12:24:15.4921260Z   Caching not enabled.
build	Build with Gradle	2026-06-06T12:24:15.4939447Z Build cache key for ExtractProGuardRulesTransform: /home/runner/.gradle/caches/modules-2/files-2.1/androidx.annotation/annotation-jvm/1.8.1/b8a16fe526014b7941c1debaccaf9c5153692dbb/annotation-jvm-1.8.1.jar is 57b4fcce237fb02bb82446d3f4db2190
build	Build with Gradle	2026-06-06T12:24:15.4969626Z Stored cache entry for ExtractProGuardRulesTransform: /home/runner/.gradle/caches/modules-2/files-2.1/androidx.annotation/annotation-jvm/1.8.1/b8a16fe526014b7941c1debaccaf9c5153692dbb/annotation-jvm-1.8.1.jar with cache key 57b4fcce237fb02bb82446d3f4db2190
build	Build with Gradle	2026-06-06T12:24:15.4998985Z Caching disabled for FilterShrinkerRulesTransform: /home/runner/.gradle/caches/8.14/transforms/970e558869c767040015770d918924eb/transformed/rules because:
build	Build with Gradle	2026-06-06T12:24:15.5018001Z   Caching not enabled.
build	Build with Gradle	2026-06-06T12:24:15.5059408Z Build cache key for ExtractProGuardRulesTransform: /home/runner/.gradle/caches/modules-2/files-2.1/org.jetbrains.kotlin/kotlin-stdlib/1.8.22/636bf8b320e7627482771bbac9ed7246773c02bd/kotlin-stdlib-1.8.22.jar is cc89ac9d3a686f0c4fd3af68fad3c12b
build	Build with Gradle	2026-06-06T12:24:15.5069226Z Stored cache entry for ExtractProGuardRulesTransform: /home/runner/.gradle/caches/modules-2/files-2.1/org.jetbrains.kotlin/kotlin-stdlib/1.8.22/636bf8b320e7627482771bbac9ed7246773c02bd/kotlin-stdlib-1.8.22.jar with cache key cc89ac9d3a686f0c4fd3af68fad3c12b
build	Build with Gradle	2026-06-06T12:24:15.5073662Z Build cache key for ExtractProGuardRulesTransform: /home/runner/.gradle/caches/modules-2/files-2.1/org.jspecify/jspecify/1.0.0/7425a601c1c7ec76645a78d22b8c6a627edee507/jspecify-1.0.0.jar is e0873caf5086c8952ee43d3fadc9c9ab
build	Build with Gradle	2026-06-06T12:24:15.5098113Z Stored cache entry for ExtractProGuardRulesTransform: /home/runner/.gradle/caches/modules-2/files-2.1/org.jspecify/jspecify/1.0.0/7425a601c1c7ec76645a78d22b8c6a627edee507/jspecify-1.0.0.jar with cache key e0873caf5086c8952ee43d3fadc9c9ab
build	Build with Gradle	2026-06-06T12:24:15.5104980Z Build cache key for ExtractProGuardRulesTransform: /home/runner/.gradle/caches/modules-2/files-2.1/com.google.guava/listenablefuture/1.0/c949a840a6acbc5268d088e47b04177bf90b3cad/listenablefuture-1.0.jar is 3ce2d10555954c92ad9279d2bad59148
build	Build with Gradle	2026-06-06T12:24:15.5129440Z Stored cache entry for ExtractProGuardRulesTransform: /home/runner/.gradle/caches/modules-2/files-2.1/com.google.guava/listenablefuture/1.0/c949a840a6acbc5268d088e47b04177bf90b3cad/listenablefuture-1.0.jar with cache key 3ce2d10555954c92ad9279d2bad59148
build	Build with Gradle	2026-06-06T12:24:15.5149634Z Build cache key for ExtractProGuardRulesTransform: /home/runner/.gradle/caches/modules-2/files-2.1/org.jetbrains.kotlinx/kotlinx-coroutines-android/1.6.4/f955fc8b2ad196e2f4429598440e15f7492eeb2b/kotlinx-coroutines-android-1.6.4.jar is 4c6285a26ab85eaf9924a0cde9324b43
build	Build with Gradle	2026-06-06T12:24:15.5179946Z Stored cache entry for ExtractProGuardRulesTransform: /home/runner/.gradle/caches/modules-2/files-2.1/org.jetbrains.kotlinx/kotlinx-coroutines-android/1.6.4/f955fc8b2ad196e2f4429598440e15f7492eeb2b/kotlinx-coroutines-android-1.6.4.jar with cache key 4c6285a26ab85eaf9924a0cde9324b43
build	Build with Gradle	2026-06-06T12:24:15.5195811Z Caching disabled for FilterShrinkerRulesTransform: /home/runner/.gradle/caches/8.14/transforms/df98c73ef3a945b584f16fa1601d7dff/transformed/rules because:
build	Build with Gradle	2026-06-06T12:24:15.5233868Z   Caching not enabled.
build	Build with Gradle	2026-06-06T12:24:15.5259540Z Build cache key for ExtractProGuardRulesTransform: /home/runner/.gradle/caches/modules-2/files-2.1/org.jetbrains.kotlinx/kotlinx-coroutines-core-jvm/1.6.4/2c997cd1c0ef33f3e751d3831929aeff1390cb30/kotlinx-coroutines-core-jvm-1.6.4.jar is 53bc07ebde3d382ba8775f77d5e15fb9
build	Build with Gradle	2026-06-06T12:24:15.5286033Z Stored cache entry for ExtractProGuardRulesTransform: /home/runner/.gradle/caches/modules-2/files-2.1/org.jetbrains.kotlinx/kotlinx-coroutines-core-jvm/1.6.4/2c997cd1c0ef33f3e751d3831929aeff1390cb30/kotlinx-coroutines-core-jvm-1.6.4.jar with cache key 53bc07ebde3d382ba8775f77d5e15fb9
build	Build with Gradle	2026-06-06T12:24:15.5313150Z Caching disabled for FilterShrinkerRulesTransform: /home/runner/.gradle/caches/8.14/transforms/b6b73a2c15c33f1b986aeffb36671ea4/transformed/rules because:
build	Build with Gradle	2026-06-06T12:24:15.5328078Z   Caching not enabled.
build	Build with Gradle	2026-06-06T12:24:15.5358175Z Build cache key for ExtractProGuardRulesTransform: /home/runner/.gradle/caches/modules-2/files-2.1/org.jetbrains.kotlin/kotlin-stdlib-common/1.8.22/1a8e3601703ae14bb58757ea6b2d8e8e5935a586/kotlin-stdlib-common-1.8.22.jar is c025c0c7e58d8a0bfeafb470abdf030d
build	Build with Gradle	2026-06-06T12:24:15.5379812Z Stored cache entry for ExtractProGuardRulesTransform: /home/runner/.gradle/caches/modules-2/files-2.1/org.jetbrains.kotlin/kotlin-stdlib-common/1.8.22/1a8e3601703ae14bb58757ea6b2d8e8e5935a586/kotlin-stdlib-common-1.8.22.jar with cache key c025c0c7e58d8a0bfeafb470abdf030d
build	Build with Gradle	2026-06-06T12:24:15.5395033Z Build cache key for ExtractProGuardRulesTransform: /home/runner/.gradle/caches/modules-2/files-2.1/org.jetbrains/annotations/13.0/919f0dfe192fb4e063e7dacadee7f8bb9a2672a9/annotations-13.0.jar is 36be5742522ff230e09f55f260b1b099
build	Build with Gradle	2026-06-06T12:24:15.5434062Z Stored cache entry for ExtractProGuardRulesTransform: /home/runner/.gradle/caches/modules-2/files-2.1/org.jetbrains/annotations/13.0/919f0dfe192fb4e063e7dacadee7f8bb9a2672a9/annotations-13.0.jar with cache key 36be5742522ff230e09f55f260b1b099
build	Build with Gradle	2026-06-06T12:24:15.5448661Z Caching disabled for AarTransform: /home/runner/.gradle/caches/8.14/transforms/a18f3e8414f2ba4eb382dd01375ab089/transformed/core-1.16.0 because:
build	Build with Gradle	2026-06-06T12:24:15.5476264Z   Caching not enabled.
build	Build with Gradle	2026-06-06T12:24:15.5509020Z Caching disabled for FilterShrinkerRulesTransform: /home/runner/.gradle/caches/8.14/transforms/a18f3e8414f2ba4eb382dd01375ab089/transformed/core-1.16.0/proguard.txt because:
build	Build with Gradle	2026-06-06T12:24:15.5510809Z   Caching not enabled.
build	Build with Gradle	2026-06-06T12:24:15.5512460Z Build cache key for ExtractProGuardRulesTransform: /home/runner/.gradle/caches/modules-2/files-2.1/dev.rikka.tools.refine/runtime/4.4.0/b110a65eb42cbabcd5070b302271a811fb4cf620/runtime-4.4.0.jar is 2d272f130d81ed3a3bd3134fcf63ce68
build	Build with Gradle	2026-06-06T12:24:15.5515160Z Stored cache entry for ExtractProGuardRulesTransform: /home/runner/.gradle/caches/modules-2/files-2.1/dev.rikka.tools.refine/runtime/4.4.0/b110a65eb42cbabcd5070b302271a811fb4cf620/runtime-4.4.0.jar with cache key 2d272f130d81ed3a3bd3134fcf63ce68
build	Build with Gradle	2026-06-06T12:24:15.5548186Z Build cache key for ExtractProGuardRulesTransform: /home/runner/.gradle/caches/modules-2/files-2.1/dev.rikka.tools.refine/annotation/4.4.0/3be57ff62362c5dea538dc7613a07f98ff8b1824/annotation-4.4.0.jar is d6db540178bae1544b72fa8084d846ef
build	Build with Gradle	2026-06-06T12:24:15.5551397Z Stored cache entry for ExtractProGuardRulesTransform: /home/runner/.gradle/caches/modules-2/files-2.1/dev.rikka.tools.refine/annotation/4.4.0/3be57ff62362c5dea538dc7613a07f98ff8b1824/annotation-4.4.0.jar with cache key d6db540178bae1544b72fa8084d846ef
build	Build with Gradle	2026-06-06T12:24:15.5553549Z Build cache key for task ':shell:minifyReleaseWithR8' is 41fdf66837afcae28436cc122253cf55
build	Build with Gradle	2026-06-06T12:24:15.5554547Z Task ':shell:minifyReleaseWithR8' is not up-to-date because:
build	Build with Gradle	2026-06-06T12:24:15.5555227Z   No history is available.
build	Build with Gradle	2026-06-06T12:24:15.5555967Z R8 is a new Android code shrinker. If you experience any issues, please file a bug at
build	Build with Gradle	2026-06-06T12:24:15.5557042Z https://issuetracker.google.com, using 'Shrinker (R8)' as component name.
build	Build with Gradle	2026-06-06T12:24:15.5558015Z Current version is: 8.11.18.
build	Build with Gradle	2026-06-06T12:24:15.5558347Z 
build	Build with Gradle	2026-06-06T12:24:15.5559443Z file or directory '/home/runner/work/ShizukuPlus/ShizukuPlus/shell/build/intermediates/generated_proguard_file/release/mergeReleaseGeneratedProguardFiles/proguard.txt', not found
build	Build with Gradle	2026-06-06T12:24:15.5560744Z 
build	Build with Gradle	2026-06-06T12:24:15.5561017Z > Task :shell:extractReleaseVersionControlInfo
build	Build with Gradle	2026-06-06T12:24:15.5561835Z Caching disabled for task ':shell:extractReleaseVersionControlInfo' because:
build	Build with Gradle	2026-06-06T12:24:15.5562603Z   Caching has been disabled for the task
build	Build with Gradle	2026-06-06T12:24:15.5563392Z Task ':shell:extractReleaseVersionControlInfo' is not up-to-date because:
build	Build with Gradle	2026-06-06T12:24:15.5564184Z   No history is available.
build	Build with Gradle	2026-06-06T12:24:15.5565043Z Resolve mutations for :shell:optimizeReleaseResources (Thread[#160,Execution worker,5,main]) started.
build	Build with Gradle	2026-06-06T12:24:15.5566196Z :shell:optimizeReleaseResources (Thread[#160,Execution worker,5,main]) started.
build	Build with Gradle	2026-06-06T12:24:15.5566801Z 
build	Build with Gradle	2026-06-06T12:24:15.5567028Z > Task :shell:optimizeReleaseResources
build	Build with Gradle	2026-06-06T12:24:15.5570625Z Custom actions are attached to task ':shell:optimizeReleaseResources'.
build	Build with Gradle	2026-06-06T12:24:15.5571746Z Build cache key for task ':shell:optimizeReleaseResources' is 19839238f1a5038e611c7ef33b99eebf
build	Build with Gradle	2026-06-06T12:24:15.5572793Z Task ':shell:optimizeReleaseResources' is not up-to-date because:
build	Build with Gradle	2026-06-06T12:24:15.5573505Z   No history is available.
build	Build with Gradle	2026-06-06T12:24:15.5574337Z Stored cache entry for task ':shell:optimizeReleaseResources' with cache key 19839238f1a5038e611c7ef33b99eebf
build	Build with Gradle	2026-06-06T12:24:15.5777979Z Resolve mutations for :shell:writeReleaseAppMetadata (Thread[#160,Execution worker,5,main]) started.
build	Build with Gradle	2026-06-06T12:24:15.5802672Z :shell:writeReleaseAppMetadata (Thread[#160,Execution worker,5,main]) started.
build	Build with Gradle	2026-06-06T12:24:15.5812365Z 
build	Build with Gradle	2026-06-06T12:24:15.5838513Z > Task :shell:writeReleaseAppMetadata
build	Build with Gradle	2026-06-06T12:24:15.5877235Z Caching disabled for task ':shell:writeReleaseAppMetadata' because:
build	Build with Gradle	2026-06-06T12:24:15.5878354Z   Caching has been disabled for the task
build	Build with Gradle	2026-06-06T12:24:15.5879159Z Task ':shell:writeReleaseAppMetadata' is not up-to-date because:
build	Build with Gradle	2026-06-06T12:24:15.5925332Z   No history is available.
build	Build with Gradle	2026-06-06T12:24:15.5926736Z Resolve mutations for :shell:writeReleaseSigningConfigVersions (Thread[#160,Execution worker,5,main]) started.
build	Build with Gradle	2026-06-06T12:24:15.5928330Z :shell:writeReleaseSigningConfigVersions (Thread[#160,Execution worker,5,main]) started.
build	Build with Gradle	2026-06-06T12:24:15.5929498Z 
build	Build with Gradle	2026-06-06T12:24:15.5929901Z > Task :shell:writeReleaseSigningConfigVersions
build	Build with Gradle	2026-06-06T12:24:15.5930903Z Caching disabled for task ':shell:writeReleaseSigningConfigVersions' because:
build	Build with Gradle	2026-06-06T12:24:15.5931838Z   Caching has been disabled for the task
build	Build with Gradle	2026-06-06T12:24:15.5932766Z Task ':shell:writeReleaseSigningConfigVersions' is not up-to-date because:
build	Build with Gradle	2026-06-06T12:24:15.5933699Z   No history is available.
build	Build with Gradle	2026-06-06T12:24:15.5934750Z Resolve mutations for :api:parseReleaseLocalResources (Thread[#160,Execution worker,5,main]) started.
build	Build with Gradle	2026-06-06T12:24:15.5936073Z :api:parseReleaseLocalResources (Thread[#160,Execution worker,5,main]) started.
build	Build with Gradle	2026-06-06T12:24:15.5936698Z 
build	Build with Gradle	2026-06-06T12:24:15.5937028Z > Task :api:parseReleaseLocalResources FROM-CACHE
build	Build with Gradle	2026-06-06T12:24:15.5938184Z Build cache key for task ':api:parseReleaseLocalResources' is df4b5dc4dbbcf6350ba300270c5ecd9d
build	Build with Gradle	2026-06-06T12:24:15.5939351Z Task ':api:parseReleaseLocalResources' is not up-to-date because:
build	Build with Gradle	2026-06-06T12:24:15.5940184Z   No history is available.
build	Build with Gradle	2026-06-06T12:24:15.5941205Z Loaded cache entry for task ':api:parseReleaseLocalResources' with cache key df4b5dc4dbbcf6350ba300270c5ecd9d
build	Build with Gradle	2026-06-06T12:24:15.5942681Z Resolve mutations for :shared:generateReleaseResValues (Thread[#160,Execution worker,5,main]) started.
build	Build with Gradle	2026-06-06T12:24:15.5944067Z :shared:generateReleaseResValues (Thread[#160,Execution worker,5,main]) started.
build	Build with Gradle	2026-06-06T12:24:15.5944793Z 
build	Build with Gradle	2026-06-06T12:24:15.5945211Z > Task :shared:generateReleaseResValues FROM-CACHE
build	Build with Gradle	2026-06-06T12:24:15.5946280Z Build cache key for task ':shared:generateReleaseResValues' is 648a246192ab07cc66fd461588eaf850
build	Build with Gradle	2026-06-06T12:24:15.5947642Z Task ':shared:generateReleaseResValues' is not up-to-date because:
build	Build with Gradle	2026-06-06T12:24:15.5948864Z   No history is available.
build	Build with Gradle	2026-06-06T12:24:15.5949868Z Loaded cache entry for task ':shared:generateReleaseResValues' with cache key 648a246192ab07cc66fd461588eaf850
build	Build with Gradle	2026-06-06T12:24:15.5952054Z Resolve mutations for :shared:generateReleaseResources (Thread[#160,Execution worker,5,main]) started.
build	Build with Gradle	2026-06-06T12:24:15.5953330Z :shared:generateReleaseResources (Thread[#160,Execution worker,5,main]) started.
build	Build with Gradle	2026-06-06T12:24:15.5954100Z 
build	Build with Gradle	2026-06-06T12:24:15.5954510Z > Task :shared:generateReleaseResources FROM-CACHE
build	Build with Gradle	2026-06-06T12:24:15.5955591Z Build cache key for task ':shared:generateReleaseResources' is d4edfd48e9c19bf95cf1077eff77e471
build	Build with Gradle	2026-06-06T12:24:15.5956817Z Task ':shared:generateReleaseResources' is not up-to-date because:
build	Build with Gradle	2026-06-06T12:24:15.5957840Z   No history is available.
build	Build with Gradle	2026-06-06T12:24:15.5958945Z Loaded cache entry for task ':shared:generateReleaseResources' with cache key d4edfd48e9c19bf95cf1077eff77e471
build	Build with Gradle	2026-06-06T12:24:15.5960326Z Resolve mutations for :shared:packageReleaseResources (Thread[#160,Execution worker,5,main]) started.
build	Build with Gradle	2026-06-06T12:24:15.5961379Z :shared:packageReleaseResources (Thread[#160,Execution worker,5,main]) started.
build	Build with Gradle	2026-06-06T12:24:15.5962121Z 
build	Build with Gradle	2026-06-06T12:24:15.5962381Z > Task :shared:packageReleaseResources
build	Build with Gradle	2026-06-06T12:24:15.5963268Z Build cache key for task ':shared:packageReleaseResources' is 0fecec0aaed443460e4bfd0ac0f0aa3f
build	Build with Gradle	2026-06-06T12:24:15.5964436Z Task ':shared:packageReleaseResources' is not up-to-date because:
build	Build with Gradle	2026-06-06T12:24:15.5964882Z   No history is available.
build	Build with Gradle	2026-06-06T12:24:15.5965337Z The input changes require a full rebuild for incremental task ':shared:packageReleaseResources'.
build	Build with Gradle	2026-06-06T12:24:15.5965895Z [MergeResources] Inputs are non-incremental full task action.
build	Build with Gradle	2026-06-06T12:24:15.5966669Z Stored cache entry for task ':shared:packageReleaseResources' with cache key 0fecec0aaed443460e4bfd0ac0f0aa3f
build	Build with Gradle	2026-06-06T12:24:15.5968091Z work action resolve packageReleaseResources (project :shared) (Thread[#160,Execution worker,5,main]) started.
build	Build with Gradle	2026-06-06T12:24:15.5969458Z Resolve mutations for :shared:parseReleaseLocalResources (Thread[#160,Execution worker,5,main]) started.
build	Build with Gradle	2026-06-06T12:24:15.5970792Z :shared:parseReleaseLocalResources (Thread[#160,Execution worker,5,main]) started.
build	Build with Gradle	2026-06-06T12:24:15.6768039Z 
build	Build with Gradle	2026-06-06T12:24:15.6854503Z > Task :rish:buildCMakeRelWithDebInfo[x86_64]
build	Build with Gradle	2026-06-06T12:24:15.6907616Z C/C++: Received process result: 0
build	Build with Gradle	2026-06-06T12:24:15.7008308Z C/C++: check expected build outputs
build	Build with Gradle	2026-06-06T12:24:15.7029680Z C/C++: build complete
build	Build with Gradle	2026-06-06T12:24:15.7128797Z Resolve mutations for :rish:mergeReleaseJniLibFolders (Thread[#159,included builds,5,main]) started.
build	Build with Gradle	2026-06-06T12:24:15.7188566Z :rish:mergeReleaseJniLibFolders (Thread[#159,included builds,5,main]) started.
build	Build with Gradle	2026-06-06T12:24:15.7268226Z 
build	Build with Gradle	2026-06-06T12:24:15.7325300Z > Task :shared:parseReleaseLocalResources FROM-CACHE
build	Build with Gradle	2026-06-06T12:24:15.7388756Z Build cache key for task ':shared:parseReleaseLocalResources' is df4b5dc4dbbcf6350ba300270c5ecd9d
build	Build with Gradle	2026-06-06T12:24:15.7448621Z Task ':shared:parseReleaseLocalResources' is not up-to-date because:
build	Build with Gradle	2026-06-06T12:24:15.7506002Z   No history is available.
build	Build with Gradle	2026-06-06T12:24:15.7557651Z Loaded cache entry for task ':shared:parseReleaseLocalResources' with cache key df4b5dc4dbbcf6350ba300270c5ecd9d
build	Build with Gradle	2026-06-06T12:24:15.7643220Z Resolve mutations for :shared:generateReleaseRFile (Thread[#160,Execution worker,5,main]) started.
build	Build with Gradle	2026-06-06T12:24:15.7698892Z :shared:generateReleaseRFile (Thread[#160,Execution worker,5,main]) started.
build	Build with Gradle	2026-06-06T12:24:15.7758102Z 
build	Build with Gradle	2026-06-06T12:24:15.7766764Z > Task :rish:mergeReleaseJniLibFolders
build	Build with Gradle	2026-06-06T12:24:15.7808918Z Caching disabled for task ':rish:mergeReleaseJniLibFolders' because:
build	Build with Gradle	2026-06-06T12:24:15.7863228Z   Simple merging task
build	Build with Gradle	2026-06-06T12:24:15.7948503Z Task ':rish:mergeReleaseJniLibFolders' is not up-to-date because:
build	Build with Gradle	2026-06-06T12:24:15.8024875Z   No history is available.
build	Build with Gradle	2026-06-06T12:24:15.8088694Z The input changes require a full rebuild for incremental task ':rish:mergeReleaseJniLibFolders'.
build	Build with Gradle	2026-06-06T12:24:15.8148879Z Resolve mutations for :rish:mergeReleaseNativeLibs (Thread[#159,included builds,5,main]) started.
build	Build with Gradle	2026-06-06T12:24:15.8168422Z :rish:mergeReleaseNativeLibs (Thread[#159,included builds,5,main]) started.
build	Build with Gradle	2026-06-06T12:24:15.8193248Z 
build	Build with Gradle	2026-06-06T12:24:15.8234247Z > Task :shared:generateReleaseRFile
build	Build with Gradle	2026-06-06T12:24:15.8235347Z Build cache key for task ':shared:generateReleaseRFile' is d33082c8f67ea8e1974b0d1ff5e67ba4
build	Build with Gradle	2026-06-06T12:24:15.8268949Z Task ':shared:generateReleaseRFile' is not up-to-date because:
build	Build with Gradle	2026-06-06T12:24:15.8288220Z   No history is available.
build	Build with Gradle	2026-06-06T12:24:15.8298442Z The input changes require a full rebuild for incremental task ':shared:generateReleaseRFile'.
build	Build with Gradle	2026-06-06T12:24:15.8340289Z Stored cache entry for task ':shared:generateReleaseRFile' with cache key d33082c8f67ea8e1974b0d1ff5e67ba4
build	Build with Gradle	2026-06-06T12:24:15.8348313Z work action resolve package-aware-r.txt (project :shared) (Thread[#160,Execution worker,5,main]) started.
build	Build with Gradle	2026-06-06T12:24:15.8368624Z work action resolve package-aware-r.txt (project :shared) (Thread[#160,Execution worker,5,main]) started.
build	Build with Gradle	2026-06-06T12:24:15.8418504Z Resolve mutations for :api:generateReleaseRFile (Thread[#160,Execution worker,5,main]) started.
build	Build with Gradle	2026-06-06T12:24:15.8419950Z :api:generateReleaseRFile (Thread[#160,Execution worker,5,main]) started.
build	Build with Gradle	2026-06-06T12:24:15.8423413Z 
build	Build with Gradle	2026-06-06T12:24:15.8448643Z > Task :rish:mergeReleaseNativeLibs
build	Build with Gradle	2026-06-06T12:24:15.8488456Z Caching disabled for task ':rish:mergeReleaseNativeLibs' because:
build	Build with Gradle	2026-06-06T12:24:15.8508108Z   Caching has been disabled for the task
build	Build with Gradle	2026-06-06T12:24:15.8528530Z Task ':rish:mergeReleaseNativeLibs' is not up-to-date because:
build	Build with Gradle	2026-06-06T12:24:15.8532660Z   No history is available.
build	Build with Gradle	2026-06-06T12:24:15.8533565Z Resolve mutations for :rish:copyReleaseJniLibsProjectOnly (Thread[#159,included builds,5,main]) started.
build	Build with Gradle	2026-06-06T12:24:15.8534766Z :rish:copyReleaseJniLibsProjectOnly (Thread[#159,included builds,5,main]) started.
build	Build with Gradle	2026-06-06T12:24:15.8535383Z 
build	Build with Gradle	2026-06-06T12:24:15.8535584Z > Task :api:generateReleaseRFile
build	Build with Gradle	2026-06-06T12:24:15.8536307Z Build cache key for task ':api:generateReleaseRFile' is 495430ff388b2e79c2378309c67f434e
build	Build with Gradle	2026-06-06T12:24:15.8537481Z Task ':api:generateReleaseRFile' is not up-to-date because:
build	Build with Gradle	2026-06-06T12:24:15.8538109Z   No history is available.
build	Build with Gradle	2026-06-06T12:24:15.8538863Z The input changes require a full rebuild for incremental task ':api:generateReleaseRFile'.
build	Build with Gradle	2026-06-06T12:24:15.8539970Z Stored cache entry for task ':api:generateReleaseRFile' with cache key 495430ff388b2e79c2378309c67f434e
build	Build with Gradle	2026-06-06T12:24:15.8541162Z work action resolve package-aware-r.txt (project :api) (Thread[#160,Execution worker,5,main]) started.
build	Build with Gradle	2026-06-06T12:24:15.8542335Z work action resolve package-aware-r.txt (project :api) (Thread[#160,Execution worker,5,main]) started.
build	Build with Gradle	2026-06-06T12:24:15.8543671Z Resolve mutations for :api:javaPreCompileRelease (Thread[#160,Execution worker,5,main]) started.
build	Build with Gradle	2026-06-06T12:24:15.8544546Z :api:javaPreCompileRelease (Thread[#160,Execution worker,5,main]) started.
build	Build with Gradle	2026-06-06T12:24:15.8545011Z 
build	Build with Gradle	2026-06-06T12:24:15.8545238Z > Task :rish:copyReleaseJniLibsProjectOnly
build	Build with Gradle	2026-06-06T12:24:15.8545902Z Caching disabled for task ':rish:copyReleaseJniLibsProjectOnly' because:
build	Build with Gradle	2026-06-06T12:24:15.8546571Z   Caching has been disabled for the task
build	Build with Gradle	2026-06-06T12:24:15.8547228Z Task ':rish:copyReleaseJniLibsProjectOnly' is not up-to-date because:
build	Build with Gradle	2026-06-06T12:24:15.8548113Z   No history is available.
build	Build with Gradle	2026-06-06T12:24:15.8548771Z work action resolve jni (project :rish) (Thread[#159,included builds,5,main]) started.
build	Build with Gradle	2026-06-06T12:24:15.8549861Z Resolve mutations for :shared:javaPreCompileRelease (Thread[#159,included builds,5,main]) started.
build	Build with Gradle	2026-06-06T12:24:15.8550883Z :shared:javaPreCompileRelease (Thread[#159,included builds,5,main]) started.
build	Build with Gradle	2026-06-06T12:24:15.8551428Z 
build	Build with Gradle	2026-06-06T12:24:15.8551653Z > Task :api:javaPreCompileRelease FROM-CACHE
build	Build with Gradle	2026-06-06T12:24:15.8552464Z Build cache key for task ':api:javaPreCompileRelease' is 4ad30ac62fa27a5591fcdb6f39013312
build	Build with Gradle	2026-06-06T12:24:15.8553317Z Task ':api:javaPreCompileRelease' is not up-to-date because:
build	Build with Gradle	2026-06-06T12:24:15.8553940Z   No history is available.
build	Build with Gradle	2026-06-06T12:24:15.8554717Z Loaded cache entry for task ':api:javaPreCompileRelease' with cache key 4ad30ac62fa27a5591fcdb6f39013312
build	Build with Gradle	2026-06-06T12:24:15.8555957Z Resolve mutations for :common:bundleLibRuntimeToJarRelease (Thread[#160,Execution worker,5,main]) started.
build	Build with Gradle	2026-06-06T12:24:15.8557222Z :common:bundleLibRuntimeToJarRelease (Thread[#160,Execution worker,5,main]) started.
build	Build with Gradle	2026-06-06T12:24:15.8561941Z 
build	Build with Gradle	2026-06-06T12:24:15.8562261Z > Task :shared:javaPreCompileRelease FROM-CACHE
build	Build with Gradle	2026-06-06T12:24:15.8563221Z Build cache key for task ':shared:javaPreCompileRelease' is 4ad30ac62fa27a5591fcdb6f39013312
build	Build with Gradle	2026-06-06T12:24:15.8564241Z Task ':shared:javaPreCompileRelease' is not up-to-date because:
build	Build with Gradle	2026-06-06T12:24:15.8565002Z   No history is available.
build	Build with Gradle	2026-06-06T12:24:15.8565975Z Loaded cache entry for task ':shared:javaPreCompileRelease' with cache key 4ad30ac62fa27a5591fcdb6f39013312
build	Build with Gradle	2026-06-06T12:24:15.8567859Z Resolve mutations for :shared:compileReleaseJavaWithJavac (Thread[#159,included builds,5,main]) started.
build	Build with Gradle	2026-06-06T12:24:15.8569163Z :shared:compileReleaseJavaWithJavac (Thread[#159,included builds,5,main]) started.
build	Build with Gradle	2026-06-06T12:24:15.8569861Z 
build	Build with Gradle	2026-06-06T12:24:15.8570137Z > Task :common:bundleLibRuntimeToJarRelease
build	Build with Gradle	2026-06-06T12:24:15.8571174Z Caching disabled for task ':common:bundleLibRuntimeToJarRelease' because:
build	Build with Gradle	2026-06-06T12:24:15.8571999Z   Simple merging task
build	Build with Gradle	2026-06-06T12:24:15.8572742Z Task ':common:bundleLibRuntimeToJarRelease' is not up-to-date because:
build	Build with Gradle	2026-06-06T12:24:15.8573574Z   No history is available.
build	Build with Gradle	2026-06-06T12:24:15.8574443Z work action resolve classes.jar (project :common) (Thread[#160,Execution worker,5,main]) started.
build	Build with Gradle	2026-06-06T12:24:15.8576994Z work action org.gradle.api.internal.artifacts.transform.DefaultTransformUpstreamDependenciesResolver$FinalizeTransformDependenciesFromSelectedArtifacts$CalculateFinalDependencies@5291dcb1 (Thread[#160,Execution worker,5,main]) started.
build	Build with Gradle	2026-06-06T12:24:15.8580108Z work action Dependencies for project :core:ui {artifactType=android-classes-jar, asm-transformed-variant=release} (Thread[#160,Execution worker,5,main]) started.
build	Build with Gradle	2026-06-06T12:24:15.8582715Z Caching disabled for AarToClassTransform: /home/runner/.gradle/caches/modules-2/files-2.1/dev.rikka.rikkax.core/core-ktx/1.4.1/1b327f6768674d824fe33025ae86460a999873a/core-ktx-1.4.1-release.aar because:
build	Build with Gradle	2026-06-06T12:24:15.8584324Z   Caching not enabled.
build	Build with Gradle	2026-06-06T12:24:15.8585922Z Caching disabled for AarToClassTransform: /home/runner/.gradle/caches/modules-2/files-2.1/dev.rikka.rikkax.appcompat/appcompat/1.6.1/fd42974809047738db3a8f821bad454e9f3206d5/appcompat-1.6.1.aar because:
build	Build with Gradle	2026-06-06T12:24:15.8618038Z   Caching not enabled.
build	Build with Gradle	2026-06-06T12:24:15.8759371Z Caching disabled for AarToClassTransform: /home/runner/.gradle/caches/modules-2/files-2.1/androidx.recyclerview/recyclerview/1.4.0/764103dfd078c2bba394ce0ae1c3a52ace27dc3/recyclerview-1.4.0.aar because:
build	Build with Gradle	2026-06-06T12:24:15.8868347Z   Caching not enabled.
build	Build with Gradle	2026-06-06T12:24:15.8959379Z Caching disabled for AarToClassTransform: /home/runner/.gradle/caches/modules-2/files-2.1/androidx.viewpager2/viewpager2/1.1.0-beta02/8382bf0f6d375711dfb5ae019e77960c22f8f893/viewpager2-1.1.0-beta02.aar because:
build	Build with Gradle	2026-06-06T12:24:15.9018480Z   Caching not enabled.
build	Build with Gradle	2026-06-06T12:24:15.9020050Z Caching disabled for AarToClassTransform: /home/runner/.gradle/caches/modules-2/files-2.1/dev.rikka.rikkax.core/core/1.4.1/2ab32b8003c5b2b5c0fa889997a31b377dcaed96/core-1.4.1-release.aar because:
build	Build with Gradle	2026-06-06T12:24:15.9138822Z   Caching not enabled.
build	Build with Gradle	2026-06-06T12:24:15.9190604Z Caching disabled for AarToClassTransform: /home/runner/.gradle/caches/modules-2/files-2.1/androidx.fragment/fragment/1.8.7/561e3e40ef452b26d6f00056c503f7efbe6d9c39/fragment-1.8.7.aar because:
build	Build with Gradle	2026-06-06T12:24:15.9240748Z   Caching not enabled.
build	Build with Gradle	2026-06-06T12:24:15.9832363Z Caching disabled for AarToClassTransform: /home/runner/.gradle/caches/modules-2/files-2.1/androidx.fragment/fragment-ktx/1.8.7/a2e731e5e0cb499e715beb62b3e06bd3f080f47d/fragment-ktx-1.8.7.aar because:
build	Build with Gradle	2026-06-06T12:24:15.9858322Z   Caching not enabled.
build	Build with Gradle	2026-06-06T12:24:15.9905467Z Caching disabled for AarToClassTransform: /home/runner/.gradle/caches/modules-2/files-2.1/androidx.databinding/viewbinding/8.11.1/ac6f44341b1809eb28fb59df4e19918cff189ddb/viewbinding-8.11.1.aar because:
build	Build with Gradle	2026-06-06T12:24:15.9907078Z   Caching not enabled.
build	Build with Gradle	2026-06-06T12:24:15.9908737Z Caching disabled for AarToClassTransform: /home/runner/.gradle/caches/modules-2/files-2.1/androidx.activity/activity/1.10.0/e495f9c2b905131b13875329883b54cff2cc063c/activity-1.10.0.aar because:
build	Build with Gradle	2026-06-06T12:24:15.9910187Z   Caching not enabled.
build	Build with Gradle	2026-06-06T12:24:15.9911696Z Caching disabled for AarToClassTransform: /home/runner/.gradle/caches/modules-2/files-2.1/androidx.activity/activity-ktx/1.10.0/b477903ea33ca1c5f1069e0628a2f4a8d8b9326d/activity-ktx-1.10.0.aar because:
build	Build with Gradle	2026-06-06T12:24:15.9913265Z   Caching not enabled.
build	Build with Gradle	2026-06-06T12:24:15.9914806Z Caching disabled for AarToClassTransform: /home/runner/.gradle/caches/modules-2/files-2.1/androidx.emoji2/emoji2-views-helper/1.2.0/4a22802fc9e88ad232522f04a35d1fdc3e5b4df0/emoji2-views-helper-1.2.0.aar because:
build	Build with Gradle	2026-06-06T12:24:15.9916459Z   Caching not enabled.
build	Build with Gradle	2026-06-06T12:24:15.9917955Z Caching disabled for AarToClassTransform: /home/runner/.gradle/caches/modules-2/files-2.1/androidx.loader/loader/1.0.0/8af8b6cec0da85c207d03e15840e0722cbc71e70/loader-1.0.0.aar because:
build	Build with Gradle	2026-06-06T12:24:15.9950614Z   Caching not enabled.
build	Build with Gradle	2026-06-06T12:24:15.9963153Z Caching disabled for AarToClassTransform: /home/runner/.gradle/caches/modules-2/files-2.1/androidx.emoji2/emoji2/1.2.0/2c95c9aa87788e4d9ce692ecfc961db004e57480/emoji2-1.2.0.aar because:
build	Build with Gradle	2026-06-06T12:24:15.9998136Z   Caching not enabled.
build	Build with Gradle	2026-06-06T12:24:16.0029192Z Caching disabled for AarToClassTransform: /home/runner/.gradle/caches/modules-2/files-2.1/androidx.transition/transition/1.5.1/5b28f8fcde1745137d7ede1cb056ddda6bac7be1/transition-1.5.1.aar because:
build	Build with Gradle	2026-06-06T12:24:16.0030867Z   Caching not enabled.
build	Build with Gradle	2026-06-06T12:24:16.0061013Z Caching disabled for AarToClassTransform: /home/runner/.gradle/caches/modules-2/files-2.1/androidx.coordinatorlayout/coordinatorlayout/1.1.0/8eeb7baf75b9595d017642a460df5af3bb9fa4e1/coordinatorlayout-1.1.0.aar because:
build	Build with Gradle	2026-06-06T12:24:16.0064086Z   Caching not enabled.
build	Build with Gradle	2026-06-06T12:24:16.0779488Z Caching disabled for AarToClassTransform: /home/runner/.gradle/caches/modules-2/files-2.1/androidx.drawerlayout/drawerlayout/1.1.1/1b2b049e1e88589510ddd4d93f2699b46ecd73dd/drawerlayout-1.1.1.aar because:
build	Build with Gradle	2026-06-06T12:24:16.0830430Z   Caching not enabled.
build	Build with Gradle	2026-06-06T12:24:16.0869264Z Caching disabled for AarToClassTransform: /home/runner/.gradle/caches/modules-2/files-2.1/androidx.viewpager/viewpager/1.0.0/1f90e13820f96c2fb868f9674079a551678d68b2/viewpager-1.0.0.aar because:
build	Build with Gradle	2026-06-06T12:24:16.0871534Z   Caching not enabled.
build	Build with Gradle	2026-06-06T12:24:16.0899444Z Caching disabled for AarToClassTransform: /home/runner/.gradle/caches/modules-2/files-2.1/androidx.customview/customview/1.2.0/2cc4c923ced9c6545b9251d2e3c02c5ad42a25f0/customview-1.2.0.aar because:
build	Build with Gradle	2026-06-06T12:24:16.0924683Z   Caching not enabled.
build	Build with Gradle	2026-06-06T12:24:16.0949384Z Caching disabled for AarToClassTransform: /home/runner/.gradle/caches/modules-2/files-2.1/androidx.constraintlayout/constraintlayout/2.2.1/63546b93c403153de9a59991a28445baf41376db/constraintlayout-2.2.1.aar because:
build	Build with Gradle	2026-06-06T12:24:16.0998144Z   Caching not enabled.
build	Build with Gradle	2026-06-06T12:24:16.1039533Z Caching disabled for AarToClassTransform: /home/runner/.gradle/caches/modules-2/files-2.1/androidx.dynamicanimation/dynamicanimation/1.1.0/fafa4d2b35188c1fc4bfbc7b9f474e25793041b7/dynamicanimation-1.1.0.aar because:
build	Build with Gradle	2026-06-06T12:24:16.1066867Z   Caching not enabled.
build	Build with Gradle	2026-06-06T12:24:16.1079359Z Caching disabled for AarToClassTransform: /home/runner/.gradle/caches/modules-2/files-2.1/androidx.appcompat/appcompat-resources/1.7.1/a0696fa573503263c7d5570ecd5e6032d397a287/appcompat-resources-1.7.1.aar because:
build	Build with Gradle	2026-06-06T12:24:16.1108208Z   Caching not enabled.
build	Build with Gradle	2026-06-06T12:24:16.1128699Z Caching disabled for AarToClassTransform: /home/runner/.gradle/caches/modules-2/files-2.1/androidx.vectordrawable/vectordrawable-animated/1.1.0/fcda1161354501471c30a4e077af6b5c4d4eddc6/vectordrawable-animated-1.1.0.aar because:
build	Build with Gradle	2026-06-06T12:24:16.1140674Z   Caching not enabled.
build	Build with Gradle	2026-06-06T12:24:16.1169975Z Caching disabled for AarToClassTransform: /home/runner/.gradle/caches/modules-2/files-2.1/androidx.vectordrawable/vectordrawable/1.1.0/eac7a364fff534035a2a6cb17770a1288315f69f/vectordrawable-1.1.0.aar because:
build	Build with Gradle	2026-06-06T12:24:16.1198098Z   Caching not enabled.
build	Build with Gradle	2026-06-06T12:24:16.1803739Z Caching disabled for AarToClassTransform: /home/runner/.gradle/caches/modules-2/files-2.1/androidx.swiperefreshlayout/swiperefreshlayout/1.1.0/2aeac64056fe6cc0420afad0b699a7f9257b8ebe/swiperefreshlayout-1.1.0.aar because:
build	Build with Gradle	2026-06-06T12:24:16.1878417Z   Caching not enabled.
build	Build with Gradle	2026-06-06T12:24:16.1880068Z Caching disabled for AarToClassTransform: /home/runner/.gradle/caches/modules-2/files-2.1/dev.rikka.rikkax.widget/switchbar/1.0.2/fd3c8721b5eb0a0ba22180c3ce0f36aaecf7454/switchbar-1.0.2.aar because:
build	Build with Gradle	2026-06-06T12:24:16.1908558Z   Caching not enabled.
build	Build with Gradle	2026-06-06T12:24:16.1943354Z Caching disabled for AarToClassTransform: /home/runner/.gradle/caches/modules-2/files-2.1/dev.rikka.rikkax.insets/insets/1.3.0/4c4ba2e936a3619d0bb7c8e73d50e0cc6be22022/insets-1.3.0-release.aar because:
build	Build with Gradle	2026-06-06T12:24:16.1978281Z   Caching not enabled.
build	Build with Gradle	2026-06-06T12:24:16.2002584Z Caching disabled for AarToClassTransform: /home/runner/.gradle/caches/modules-2/files-2.1/androidx.customview/customview-poolingcontainer/1.0.0/579fc832cf0e5be08d8d9571850b50d22d9de3c/customview-poolingcontainer-1.0.0.aar because:
build	Build with Gradle	2026-06-06T12:24:16.2018176Z   Caching not enabled.
build	Build with Gradle	2026-06-06T12:24:16.2065930Z Caching disabled for AarToClassTransform: /home/runner/.gradle/caches/modules-2/files-2.1/androidx.graphics/graphics-shapes-android/1.0.1/ded3e866d7abfae45cf454b31522b374b838ef11/graphics-shapes-release.aar because:
build	Build with Gradle	2026-06-06T12:24:16.2100713Z   Caching not enabled.
build	Build with Gradle	2026-06-06T12:24:16.2129477Z Caching disabled for AarToClassTransform: /home/runner/.gradle/caches/modules-2/files-2.1/androidx.savedstate/savedstate-ktx/1.3.1/6a7369e15f63e373ad51e7a993cb79f34e310018/savedstate-ktx-1.3.1.aar because:
build	Build with Gradle	2026-06-06T12:24:16.2132149Z   Caching not enabled.
build	Build with Gradle	2026-06-06T12:24:16.2161469Z Caching disabled for AarToClassTransform: /home/runner/.gradle/caches/modules-2/files-2.1/androidx.savedstate/savedstate-android/1.3.1/4b078014537a69f58fe81145946768b086e21517/savedstate-release.aar because:
build	Build with Gradle	2026-06-06T12:24:16.2188233Z   Caching not enabled.
build	Build with Gradle	2026-06-06T12:24:16.2234808Z Caching disabled for AarToClassTransform: /home/runner/.gradle/caches/modules-2/files-2.1/androidx.core/core-ktx/1.16.0/fb0ea209ea2411dc5106cd1c95b513c81ce8aedb/core-ktx-1.16.0.aar because:
build	Build with Gradle	2026-06-06T12:24:16.2259928Z   Caching not enabled.
build	Build with Gradle	2026-06-06T12:24:16.2289484Z Caching disabled for IdentityTransform: /home/runner/.gradle/caches/modules-2/files-2.1/androidx.lifecycle/lifecycle-common-jvm/2.9.4/ab739bccdb3541983385af169565c7c035d897e7/lifecycle-common-jvm-2.9.4.jar because:
build	Build with Gradle	2026-06-06T12:24:16.2318123Z   Caching not enabled.
build	Build with Gradle	2026-06-06T12:24:16.2349276Z Caching disabled for AarToClassTransform: /home/runner/.gradle/caches/modules-2/files-2.1/androidx.lifecycle/lifecycle-runtime-android/2.9.4/fd218d3a91d46511975ef11165ffba7d696c04a/lifecycle-runtime-release.aar because:
build	Build with Gradle	2026-06-06T12:24:16.2351247Z   Caching not enabled.
build	Build with Gradle	2026-06-06T12:24:16.2802216Z Caching disabled for AarToClassTransform: /home/runner/.gradle/caches/modules-2/files-2.1/androidx.lifecycle/lifecycle-viewmodel/2.9.4/8f4ec32b47aad807accb172e851839dca2502de4/lifecycle-viewmodel-2.9.4.aar because:
build	Build with Gradle	2026-06-06T12:24:16.2832293Z   Caching not enabled.
build	Build with Gradle	2026-06-06T12:24:16.2862363Z Caching disabled for AarToClassTransform: /home/runner/.gradle/caches/modules-2/files-2.1/androidx.lifecycle/lifecycle-viewmodel-savedstate-android/2.9.4/5ec9278f5df344e931a5e57d91f91f181a165055/lifecycle-viewmodel-savedstate-release.aar because:
build	Build with Gradle	2026-06-06T12:24:16.2938638Z   Caching not enabled.
build	Build with Gradle	2026-06-06T12:24:16.2949133Z Caching disabled for AarToClassTransform: /home/runner/.gradle/caches/modules-2/files-2.1/androidx.lifecycle/lifecycle-viewmodel-android/2.9.4/d7f04dd2b3815ea592642340dabc73352c3786a3/lifecycle-viewmodel-release.aar because:
build	Build with Gradle	2026-06-06T12:24:16.2950938Z   Caching not enabled.
build	Build with Gradle	2026-06-06T12:24:16.3003774Z Caching disabled for AarToClassTransform: /home/runner/.gradle/caches/modules-2/files-2.1/androidx.lifecycle/lifecycle-livedata-core/2.9.4/8ffb4401079c231b0a85014cf2e4df02c804d53b/lifecycle-livedata-core-2.9.4.aar because:
build	Build with Gradle	2026-06-06T12:24:16.3029912Z   Caching not enabled.
build	Build with Gradle	2026-06-06T12:24:16.3115417Z Caching disabled for AarToClassTransform: /home/runner/.gradle/caches/modules-2/files-2.1/androidx.lifecycle/lifecycle-process/2.9.4/6b51ead80ff00bb23d5801f08e67aa6b628e07b5/lifecycle-process-2.9.4.aar because:
build	Build with Gradle	2026-06-06T12:24:16.3138996Z   Caching not enabled.
build	Build with Gradle	2026-06-06T12:24:16.3171329Z Caching disabled for AarToClassTransform: /home/runner/.gradle/caches/modules-2/files-2.1/androidx.lifecycle/lifecycle-runtime-ktx-android/2.9.4/58b7a78b98c61ac487551aa60cd17e1a4d01af96/lifecycle-runtime-ktx.aar because:
build	Build with Gradle	2026-06-06T12:24:16.3188091Z   Caching not enabled.
build	Build with Gradle	2026-06-06T12:24:16.3219119Z Caching disabled for AarToClassTransform: /home/runner/.gradle/caches/modules-2/files-2.1/androidx.lifecycle/lifecycle-livedata/2.9.4/a445cc747a3b97b2c716a41456edd6b88db8b325/lifecycle-livedata-2.9.4.aar because:
build	Build with Gradle	2026-06-06T12:24:16.3258060Z   Caching not enabled.
build	Build with Gradle	2026-06-06T12:24:16.3279381Z Caching disabled for AarToClassTransform: /home/runner/.gradle/caches/modules-2/files-2.1/androidx.lifecycle/lifecycle-livedata-core-ktx/2.9.4/68b88348bde12d53ab420ce6b5ac3cb9a8c45a11/lifecycle-livedata-core-ktx-2.9.4.aar because:
build	Build with Gradle	2026-06-06T12:24:16.3337081Z   Caching not enabled.
build	Build with Gradle	2026-06-06T12:24:16.3369751Z Caching disabled for AarToClassTransform: /home/runner/.gradle/caches/modules-2/files-2.1/androidx.lifecycle/lifecycle-viewmodel-ktx/2.9.4/83844a139f46cf3d195148d78f1820ecebf61294/lifecycle-viewmodel-ktx-2.9.4.aar because:
build	Build with Gradle	2026-06-06T12:24:16.3400952Z   Caching not enabled.
build	Build with Gradle	2026-06-06T12:24:16.3489554Z Caching disabled for IdentityTransform: /home/runner/.gradle/caches/modules-2/files-2.1/org.jetbrains.kotlinx/kotlinx-coroutines-core-jvm/1.10.2/4a9f78ef49483748e2c129f3d124b8fa249dafbf/kotlinx-coroutines-core-jvm-1.10.2.jar because:
build	Build with Gradle	2026-06-06T12:24:16.3505753Z   Caching not enabled.
build	Build with Gradle	2026-06-06T12:24:16.3529535Z Caching disabled for IdentityTransform: /home/runner/.gradle/caches/modules-2/files-2.1/org.jetbrains.kotlinx/kotlinx-coroutines-android/1.10.2/c8705d275d81f19e8afaf3ff9b5bf7a4b6b6c19b/kotlinx-coroutines-android-1.10.2.jar because:
build	Build with Gradle	2026-06-06T12:24:16.3534119Z   Caching not enabled.
build	Build with Gradle	2026-06-06T12:24:16.3536347Z Caching disabled for IdentityTransform: /home/runner/.gradle/caches/modules-2/files-2.1/org.jetbrains.kotlinx/kotlinx-serialization-core-jvm/1.8.0/fe5bb37ab4a3771f14c63e0c333c98bdfeb1d7cc/kotlinx-serialization-core-jvm-1.8.0.jar because:
build	Build with Gradle	2026-06-06T12:24:16.3538394Z   Caching not enabled.
build	Build with Gradle	2026-06-06T12:24:16.3827246Z Caching disabled for AarToClassTransform: /home/runner/.gradle/caches/modules-2/files-2.1/dev.rikka.rikkax.compatibility/compatibility/2.0.0/43196bfea60ce7a444ed17767ff42ac872a0f3d4/compatibility-2.0.0.aar because:
build	Build with Gradle	2026-06-06T12:24:16.3838306Z   Caching not enabled.
build	Build with Gradle	2026-06-06T12:24:16.3889752Z Caching disabled for AarToClassTransform: /home/runner/.gradle/caches/modules-2/files-2.1/dev.rikka.rikkax.layoutinflater/layoutinflater/1.3.0/6ea9aa6d30319958c33418292d1a26ad4eadb01d/layoutinflater-1.3.0.aar because:
build	Build with Gradle	2026-06-06T12:24:16.3939758Z   Caching not enabled.
build	Build with Gradle	2026-06-06T12:24:16.3972551Z Caching disabled for AarToClassTransform: /home/runner/.gradle/caches/modules-2/files-2.1/androidx.cardview/cardview/1.0.0/158dbc2e2bc502815821191b04446b8f663c1874/cardview-1.0.0.aar because:
build	Build with Gradle	2026-06-06T12:24:16.4008229Z   Caching not enabled.
build	Build with Gradle	2026-06-06T12:24:16.4069334Z Caching disabled for AarToClassTransform: /home/runner/.gradle/caches/modules-2/files-2.1/androidx.cursoradapter/cursoradapter/1.0.0/74014983a86b83cbce534dec4e7aa9312f5f5d82/cursoradapter-1.0.0.aar because:
build	Build with Gradle	2026-06-06T12:24:16.4126628Z   Caching not enabled.
build	Build with Gradle	2026-06-06T12:24:16.4159198Z Caching disabled for AarToClassTransform: /home/runner/.gradle/caches/modules-2/files-2.1/dev.rikka.rikkax.lazy/lazy/2.0.0/47e0cb42d8a68a0ccb26717d2d231b0c7425d6a0/lazy-2.0.0.aar because:
build	Build with Gradle	2026-06-06T12:24:16.4218645Z   Caching not enabled.
build	Build with Gradle	2026-06-06T12:24:16.4249641Z Caching disabled for IdentityTransform: /home/runner/.gradle/caches/modules-2/files-2.1/androidx.constraintlayout/constraintlayout-core/1.1.1/f7ab6170b99b9421bd4942846426ff820b552f7d/constraintlayout-core-1.1.1.jar because:
build	Build with Gradle	2026-06-06T12:24:16.4294869Z   Caching not enabled.
build	Build with Gradle	2026-06-06T12:24:16.4340895Z Caching disabled for AarToClassTransform: /home/runner/.gradle/caches/modules-2/files-2.1/io.sentry/sentry-android-fragment/8.40.0/2cc7438fa9dd253e4435fe23636b0bbd4e990ead/sentry-android-fragment-8.40.0.aar because:
build	Build with Gradle	2026-06-06T12:24:16.4399524Z   Caching not enabled.
build	Build with Gradle	2026-06-06T12:24:16.4450264Z Caching disabled for IdentityTransform: /home/runner/.gradle/caches/modules-2/files-2.1/io.sentry/sentry-kotlin-extensions/8.40.0/b5269033016867082c0a08c486ead10aadc94a9e/sentry-kotlin-extensions-8.40.0.jar because:
build	Build with Gradle	2026-06-06T12:24:16.4478456Z   Caching not enabled.
build	Build with Gradle	2026-06-06T12:24:16.4493436Z Caching disabled for IdentityTransform: /home/runner/.gradle/caches/modules-2/files-2.1/com.google.errorprone/error_prone_annotations/2.38.0/fc0ae991433e8590ba51cd558421478318a74c8c/error_prone_annotations-2.38.0.jar because:
build	Build with Gradle	2026-06-06T12:24:16.4495502Z   Caching not enabled.
build	Build with Gradle	2026-06-06T12:24:16.4497263Z Caching disabled for AarToClassTransform: /home/runner/.gradle/caches/modules-2/files-2.1/dev.rikka.rikkax.material/material/2.7.2/6ce595e59849ed6bd4625ff209a1c3ea0b5963df/material-2.7.2.aar because:
build	Build with Gradle	2026-06-06T12:24:16.4499142Z   Caching not enabled.
build	Build with Gradle	2026-06-06T12:24:16.4501275Z Caching disabled for AarToClassTransform: /home/runner/.gradle/caches/modules-2/files-2.1/com.google.android.material/material/1.14.0-beta01/f7a291ba538cd66770e33fcfb934c4b1bb9832a1/material-1.14.0-beta01.aar because:
build	Build with Gradle	2026-06-06T12:24:16.4503476Z   Caching not enabled.
build	Build with Gradle	2026-06-06T12:24:16.4878001Z 
build	Build with Gradle	2026-06-06T12:24:16.4908581Z > Task :shared:compileReleaseJavaWithJavac
build	Build with Gradle	2026-06-06T12:24:16.4939384Z Caching disabled for IdentityTransform: /home/runner/.gradle/caches/modules-2/files-2.1/androidx.annotation/annotation/1.3.0/21f49f5f9b85fc49de712539f79123119740595/annotation-1.3.0.jar because:
build	Build with Gradle	2026-06-06T12:24:16.4998430Z   Caching not enabled.
build	Build with Gradle	2026-06-06T12:24:16.5006524Z Custom actions are attached to task ':shared:compileReleaseJavaWithJavac'.
build	Build with Gradle	2026-06-06T12:24:16.5010619Z Build cache key for task ':shared:compileReleaseJavaWithJavac' is 849937f50c552d0df12a303753aac588
build	Build with Gradle	2026-06-06T12:24:16.5012135Z Task ':shared:compileReleaseJavaWithJavac' is not up-to-date because:
build	Build with Gradle	2026-06-06T12:24:16.5013007Z   No history is available.
build	Build with Gradle	2026-06-06T12:24:16.5013918Z The input changes require a full rebuild for incremental task ':shared:compileReleaseJavaWithJavac'.
build	Build with Gradle	2026-06-06T12:24:16.5014912Z Compilation mode: in-process compilation
build	Build with Gradle	2026-06-06T12:24:16.5016219Z Full recompilation is required because no incremental change information is available. This is usually caused by clean builds or changing compiler arguments.
build	Build with Gradle	2026-06-06T12:24:16.5017751Z Compiling with toolchain '/usr/lib/jvm/temurin-21-jdk-amd64'.
build	Build with Gradle	2026-06-06T12:24:16.5018827Z file or directory '/home/runner/work/ShizukuPlus/ShizukuPlus/api/shared/src/release/java', not found
build	Build with Gradle	2026-06-06T12:24:16.5019827Z Compiling with JDK Java compiler API.
build	Build with Gradle	2026-06-06T12:24:16.5020668Z Class dependency analysis for incremental compilation took 0.006 secs.
build	Build with Gradle	2026-06-06T12:24:16.5021684Z Created classpath snapshot for incremental compilation in 0.465 secs.
build	Build with Gradle	2026-06-06T12:24:16.5022950Z Stored cache entry for task ':shared:compileReleaseJavaWithJavac' with cache key 849937f50c552d0df12a303753aac588
build	Build with Gradle	2026-06-06T12:24:16.5024486Z Resolve mutations for :shared:bundleLibCompileToJarRelease (Thread[#159,included builds,5,main]) started.
build	Build with Gradle	2026-06-06T12:24:16.5025858Z :shared:bundleLibCompileToJarRelease (Thread[#159,included builds,5,main]) started.
build	Build with Gradle	2026-06-06T12:24:16.5026693Z 
build	Build with Gradle	2026-06-06T12:24:16.5027155Z > Task :shared:bundleLibCompileToJarRelease
build	Build with Gradle	2026-06-06T12:24:16.5088616Z Caching disabled for task ':shared:bundleLibCompileToJarRelease' because:
build	Build with Gradle	2026-06-06T12:24:16.5138322Z   Simple merging task
build	Build with Gradle	2026-06-06T12:24:16.5179868Z Task ':shared:bundleLibCompileToJarRelease' is not up-to-date because:
build	Build with Gradle	2026-06-06T12:24:16.5185164Z   No history is available.
build	Build with Gradle	2026-06-06T12:24:16.5186330Z work action resolve classes.jar (project :shared) (Thread[#159,included builds,5,main]) started.
build	Build with Gradle	2026-06-06T12:24:16.5188039Z Resolve mutations for :api:compileReleaseJavaWithJavac (Thread[#159,included builds,5,main]) started.
build	Build with Gradle	2026-06-06T12:24:16.5189479Z :api:compileReleaseJavaWithJavac (Thread[#159,included builds,5,main]) started.
build	Build with Gradle	2026-06-06T12:24:16.7789150Z Resolve mutations for :provider:generateReleaseResValues (Thread[#160,Execution worker,5,main]) started.
build	Build with Gradle	2026-06-06T12:24:16.7818761Z :provider:generateReleaseResValues (Thread[#160,Execution worker,5,main]) started.
build	Build with Gradle	2026-06-06T12:24:16.7877991Z 
build	Build with Gradle	2026-06-06T12:24:16.7904888Z > Task :provider:generateReleaseResValues FROM-CACHE
build	Build with Gradle	2026-06-06T12:24:16.7926768Z Build cache key for task ':provider:generateReleaseResValues' is 648a246192ab07cc66fd461588eaf850
build	Build with Gradle	2026-06-06T12:24:16.7977335Z Task ':provider:generateReleaseResValues' is not up-to-date because:
build	Build with Gradle	2026-06-06T12:24:16.8026599Z   No history is available.
build	Build with Gradle	2026-06-06T12:24:16.8062317Z Loaded cache entry for task ':provider:generateReleaseResValues' with cache key 648a246192ab07cc66fd461588eaf850
build	Build with Gradle	2026-06-06T12:24:16.8074245Z Resolve mutations for :provider:generateReleaseResources (Thread[#160,Execution worker,5,main]) started.
build	Build with Gradle	2026-06-06T12:24:16.8119375Z :provider:generateReleaseResources (Thread[#160,Execution worker,5,main]) started.
build	Build with Gradle	2026-06-06T12:24:16.8152123Z 
build	Build with Gradle	2026-06-06T12:24:16.8155109Z > Task :provider:generateReleaseResources FROM-CACHE
build	Build with Gradle	2026-06-06T12:24:16.8156682Z Build cache key for task ':provider:generateReleaseResources' is d4edfd48e9c19bf95cf1077eff77e471
build	Build with Gradle	2026-06-06T12:24:16.8158569Z Task ':provider:generateReleaseResources' is not up-to-date because:
build	Build with Gradle	2026-06-06T12:24:16.8159467Z   No history is available.
build	Build with Gradle	2026-06-06T12:24:16.8182350Z Loaded cache entry for task ':provider:generateReleaseResources' with cache key d4edfd48e9c19bf95cf1077eff77e471
build	Build with Gradle	2026-06-06T12:24:16.8218702Z Resolve mutations for :provider:packageReleaseResources (Thread[#160,Execution worker,5,main]) started.
build	Build with Gradle	2026-06-06T12:24:16.8240580Z :provider:packageReleaseResources (Thread[#160,Execution worker,5,main]) started.
build	Build with Gradle	2026-06-06T12:24:16.8241268Z 
build	Build with Gradle	2026-06-06T12:24:16.8241773Z > Task :provider:packageReleaseResources
build	Build with Gradle	2026-06-06T12:24:16.8249165Z Build cache key for task ':provider:packageReleaseResources' is a3de873be78c7a984cb1cb38b8858f8d
build	Build with Gradle	2026-06-06T12:24:16.8250361Z Task ':provider:packageReleaseResources' is not up-to-date because:
build	Build with Gradle	2026-06-06T12:24:16.8251057Z   No history is available.
build	Build with Gradle	2026-06-06T12:24:16.8251864Z The input changes require a full rebuild for incremental task ':provider:packageReleaseResources'.
build	Build with Gradle	2026-06-06T12:24:16.8252908Z [MergeResources] Inputs are non-incremental full task action.
build	Build with Gradle	2026-06-06T12:24:16.8253931Z Stored cache entry for task ':provider:packageReleaseResources' with cache key a3de873be78c7a984cb1cb38b8858f8d
build	Build with Gradle	2026-06-06T12:24:16.8255262Z work action resolve packageReleaseResources (project :provider) (Thread[#160,Execution worker,5,main]) started.
build	Build with Gradle	2026-06-06T12:24:16.8256479Z Resolve mutations for :provider:parseReleaseLocalResources (Thread[#160,Execution worker,5,main]) started.
build	Build with Gradle	2026-06-06T12:24:16.8257835Z :provider:parseReleaseLocalResources (Thread[#160,Execution worker,5,main]) started.
build	Build with Gradle	2026-06-06T12:24:16.8258473Z 
build	Build with Gradle	2026-06-06T12:24:16.8258791Z > Task :provider:parseReleaseLocalResources FROM-CACHE
build	Build with Gradle	2026-06-06T12:24:16.8259740Z Build cache key for task ':provider:parseReleaseLocalResources' is df4b5dc4dbbcf6350ba300270c5ecd9d
build	Build with Gradle	2026-06-06T12:24:16.8260726Z Task ':provider:parseReleaseLocalResources' is not up-to-date because:
build	Build with Gradle	2026-06-06T12:24:16.8261371Z   No history is available.
build	Build with Gradle	2026-06-06T12:24:16.8262204Z Loaded cache entry for task ':provider:parseReleaseLocalResources' with cache key df4b5dc4dbbcf6350ba300270c5ecd9d
build	Build with Gradle	2026-06-06T12:24:16.8263452Z Resolve mutations for :provider:generateReleaseRFile (Thread[#160,Execution worker,5,main]) started.
build	Build with Gradle	2026-06-06T12:24:16.8264642Z :provider:generateReleaseRFile (Thread[#160,Execution worker,5,main]) started.
build	Build with Gradle	2026-06-06T12:24:16.8751750Z 
build	Build with Gradle	2026-06-06T12:24:16.8780996Z > Task :provider:generateReleaseRFile
build	Build with Gradle	2026-06-06T12:24:16.8805010Z Build cache key for task ':provider:generateReleaseRFile' is dff57ecf1a61744bfddade822a0842dd
build	Build with Gradle	2026-06-06T12:24:16.8829458Z Task ':provider:generateReleaseRFile' is not up-to-date because:
build	Build with Gradle	2026-06-06T12:24:16.8857516Z   No history is available.
build	Build with Gradle	2026-06-06T12:24:16.8883258Z The input changes require a full rebuild for incremental task ':provider:generateReleaseRFile'.
build	Build with Gradle	2026-06-06T12:24:16.8900446Z Stored cache entry for task ':provider:generateReleaseRFile' with cache key dff57ecf1a61744bfddade822a0842dd
build	Build with Gradle	2026-06-06T12:24:16.8930745Z work action resolve package-aware-r.txt (project :provider) (Thread[#160,Execution worker,5,main]) started.
build	Build with Gradle	2026-06-06T12:24:16.8957174Z work action resolve package-aware-r.txt (project :provider) (Thread[#160,Execution worker,5,main]) started.
build	Build with Gradle	2026-06-06T12:24:16.8963520Z Resolve mutations for :provider:javaPreCompileRelease (Thread[#160,Execution worker,5,main]) started.
build	Build with Gradle	2026-06-06T12:24:16.8964951Z :provider:javaPreCompileRelease (Thread[#160,Execution worker,5,main]) started.
build	Build with Gradle	2026-06-06T12:24:16.8965729Z 
build	Build with Gradle	2026-06-06T12:24:16.8966238Z > Task :provider:javaPreCompileRelease FROM-CACHE
build	Build with Gradle	2026-06-06T12:24:16.8967521Z Build cache key for task ':provider:javaPreCompileRelease' is 4ad30ac62fa27a5591fcdb6f39013312
build	Build with Gradle	2026-06-06T12:24:16.8968655Z Task ':provider:javaPreCompileRelease' is not up-to-date because:
build	Build with Gradle	2026-06-06T12:24:16.8973974Z   No history is available.
build	Build with Gradle	2026-06-06T12:24:16.9018703Z Loaded cache entry for task ':provider:javaPreCompileRelease' with cache key 4ad30ac62fa27a5591fcdb6f39013312
build	Build with Gradle	2026-06-06T12:24:16.9035308Z Resolve mutations for :rish:generateReleaseResValues (Thread[#160,Execution worker,5,main]) started.
build	Build with Gradle	2026-06-06T12:24:16.9056126Z :rish:generateReleaseResValues (Thread[#160,Execution worker,5,main]) started.
build	Build with Gradle	2026-06-06T12:24:16.9077884Z 
build	Build with Gradle	2026-06-06T12:24:16.9100715Z > Task :rish:generateReleaseResValues FROM-CACHE
build	Build with Gradle	2026-06-06T12:24:16.9118769Z Build cache key for task ':rish:generateReleaseResValues' is 648a246192ab07cc66fd461588eaf850
build	Build with Gradle	2026-06-06T12:24:16.9148237Z Task ':rish:generateReleaseResValues' is not up-to-date because:
build	Build with Gradle	2026-06-06T12:24:16.9169556Z   No history is available.
build	Build with Gradle	2026-06-06T12:24:16.9199018Z Loaded cache entry for task ':rish:generateReleaseResValues' with cache key 648a246192ab07cc66fd461588eaf850
build	Build with Gradle	2026-06-06T12:24:16.9208464Z Resolve mutations for :rish:generateReleaseResources (Thread[#160,Execution worker,5,main]) started.
build	Build with Gradle	2026-06-06T12:24:16.9238425Z :rish:generateReleaseResources (Thread[#160,Execution worker,5,main]) started.
build	Build with Gradle	2026-06-06T12:24:16.9267708Z 
build	Build with Gradle	2026-06-06T12:24:16.9284971Z > Task :rish:generateReleaseResources FROM-CACHE
build	Build with Gradle	2026-06-06T12:24:16.9298505Z Build cache key for task ':rish:generateReleaseResources' is d4edfd48e9c19bf95cf1077eff77e471
build	Build with Gradle	2026-06-06T12:24:16.9329674Z Task ':rish:generateReleaseResources' is not up-to-date because:
build	Build with Gradle	2026-06-06T12:24:16.9358056Z   No history is available.
build	Build with Gradle	2026-06-06T12:24:16.9372362Z Loaded cache entry for task ':rish:generateReleaseResources' with cache key d4edfd48e9c19bf95cf1077eff77e471
build	Build with Gradle	2026-06-06T12:24:16.9420902Z Resolve mutations for :rish:packageReleaseResources (Thread[#160,Execution worker,5,main]) started.
build	Build with Gradle	2026-06-06T12:24:16.9434564Z :rish:packageReleaseResources (Thread[#160,Execution worker,5,main]) started.
build	Build with Gradle	2026-06-06T12:24:16.9798168Z 
build	Build with Gradle	2026-06-06T12:24:16.9848445Z > Task :rish:packageReleaseResources
build	Build with Gradle	2026-06-06T12:24:16.9898929Z Build cache key for task ':rish:packageReleaseResources' is ea9c560f5557277f8c1b728b3b374169
build	Build with Gradle	2026-06-06T12:24:16.9928512Z Task ':rish:packageReleaseResources' is not up-to-date because:
build	Build with Gradle	2026-06-06T12:24:16.9929295Z   No history is available.
build	Build with Gradle	2026-06-06T12:24:16.9930094Z The input changes require a full rebuild for incremental task ':rish:packageReleaseResources'.
build	Build with Gradle	2026-06-06T12:24:16.9958636Z [MergeResources] Inputs are non-incremental full task action.
build	Build with Gradle	2026-06-06T12:24:16.9994028Z Stored cache entry for task ':rish:packageReleaseResources' with cache key ea9c560f5557277f8c1b728b3b374169
build	Build with Gradle	2026-06-06T12:24:17.0023380Z work action resolve packageReleaseResources (project :rish) (Thread[#160,Execution worker,5,main]) started.
build	Build with Gradle	2026-06-06T12:24:17.0024873Z Resolve mutations for :rish:parseReleaseLocalResources (Thread[#160,Execution worker,5,main]) started.
build	Build with Gradle	2026-06-06T12:24:17.0026037Z :rish:parseReleaseLocalResources (Thread[#160,Execution worker,5,main]) started.
build	Build with Gradle	2026-06-06T12:24:17.0026660Z 
build	Build with Gradle	2026-06-06T12:24:17.0026949Z > Task :rish:parseReleaseLocalResources FROM-CACHE
build	Build with Gradle	2026-06-06T12:24:17.0029420Z Build cache key for task ':rish:parseReleaseLocalResources' is df4b5dc4dbbcf6350ba300270c5ecd9d
build	Build with Gradle	2026-06-06T12:24:17.0051508Z Task ':rish:parseReleaseLocalResources' is not up-to-date because:
build	Build with Gradle	2026-06-06T12:24:17.0052378Z   No history is available.
build	Build with Gradle	2026-06-06T12:24:17.0053267Z Loaded cache entry for task ':rish:parseReleaseLocalResources' with cache key df4b5dc4dbbcf6350ba300270c5ecd9d
build	Build with Gradle	2026-06-06T12:24:17.0054508Z Resolve mutations for :rish:generateReleaseRFile (Thread[#160,Execution worker,5,main]) started.
build	Build with Gradle	2026-06-06T12:24:17.0055519Z :rish:generateReleaseRFile (Thread[#160,Execution worker,5,main]) started.
build	Build with Gradle	2026-06-06T12:24:17.0055979Z 
build	Build with Gradle	2026-06-06T12:24:17.0056181Z > Task :rish:generateReleaseRFile
build	Build with Gradle	2026-06-06T12:24:17.0057317Z Caching disabled for LibrarySymbolTableTransform: /home/runner/.gradle/caches/8.14/transforms/0229dbc9f57fa8133a9f500f70fe76a8/transformed/libcxx-27.0.12077973 because:
build	Build with Gradle	2026-06-06T12:24:17.0058621Z   Caching not enabled.
build	Build with Gradle	2026-06-06T12:24:17.0059347Z Build cache key for task ':rish:generateReleaseRFile' is 4a7888dfdad316fdd7af3a3e40cae925
build	Build with Gradle	2026-06-06T12:24:17.0060469Z Task ':rish:generateReleaseRFile' is not up-to-date because:
build	Build with Gradle	2026-06-06T12:24:17.0061009Z   No history is available.
build	Build with Gradle	2026-06-06T12:24:17.0061715Z The input changes require a full rebuild for incremental task ':rish:generateReleaseRFile'.
build	Build with Gradle	2026-06-06T12:24:17.0062817Z Stored cache entry for task ':rish:generateReleaseRFile' with cache key 4a7888dfdad316fdd7af3a3e40cae925
build	Build with Gradle	2026-06-06T12:24:17.0064054Z work action resolve package-aware-r.txt (project :rish) (Thread[#160,Execution worker,5,main]) started.
build	Build with Gradle	2026-06-06T12:24:17.0065249Z work action resolve package-aware-r.txt (project :rish) (Thread[#160,Execution worker,5,main]) started.
build	Build with Gradle	2026-06-06T12:24:17.0066605Z Resolve mutations for :rish:javaPreCompileRelease (Thread[#160,Execution worker,5,main]) started.
build	Build with Gradle	2026-06-06T12:24:17.0067869Z :rish:javaPreCompileRelease (Thread[#160,Execution worker,5,main]) started.
build	Build with Gradle	2026-06-06T12:24:17.0068442Z 
build	Build with Gradle	2026-06-06T12:24:17.0068686Z > Task :rish:javaPreCompileRelease FROM-CACHE
build	Build with Gradle	2026-06-06T12:24:17.0069538Z Build cache key for task ':rish:javaPreCompileRelease' is 4ad30ac62fa27a5591fcdb6f39013312
build	Build with Gradle	2026-06-06T12:24:17.0070457Z Task ':rish:javaPreCompileRelease' is not up-to-date because:
build	Build with Gradle	2026-06-06T12:24:17.0071115Z   No history is available.
build	Build with Gradle	2026-06-06T12:24:17.0071950Z Loaded cache entry for task ':rish:javaPreCompileRelease' with cache key 4ad30ac62fa27a5591fcdb6f39013312
build	Build with Gradle	2026-06-06T12:24:17.0072682Z 
build	Build with Gradle	2026-06-06T12:24:17.0072904Z > Task :core:ui:compileReleaseKotlin
build	Build with Gradle	2026-06-06T12:24:17.0074300Z Stored cache entry for BuildToolsApiClasspathEntrySnapshotTransform: /usr/local/lib/android/sdk/build-tools/35.0.0/core-lambda-stubs.jar with cache key 150e61cc0613a9691103a91d76bbeaa8
build	Build with Gradle	2026-06-06T12:24:17.0077196Z Stored cache entry for BuildToolsApiClasspathEntrySnapshotTransform: /home/runner/.gradle/caches/modules-2/files-2.1/org.jetbrains.kotlin/kotlin-stdlib/2.2.20/5380b19fa1924399b62ce3a1faffebb2b4f82272/kotlin-stdlib-2.2.20.jar with cache key 2e0db684c2712859cb79be8dd7b87015
build	Build with Gradle	2026-06-06T12:24:17.0094032Z Build cache key for task ':core:ui:compileReleaseKotlin' is cb1037c1f07fb5b16a53d19114d9356f
build	Build with Gradle	2026-06-06T12:24:17.0095353Z Task ':core:ui:compileReleaseKotlin' is not up-to-date because:
build	Build with Gradle	2026-06-06T12:24:17.0096113Z   No history is available.
build	Build with Gradle	2026-06-06T12:24:17.0096935Z The input changes require a full rebuild for incremental task ':core:ui:compileReleaseKotlin'.
build	Build with Gradle	2026-06-06T12:24:17.0098355Z file or directory '/home/runner/work/ShizukuPlus/ShizukuPlus/core/ui/src/release/kotlin', not found
build	Build with Gradle	2026-06-06T12:24:17.0099550Z file or directory '/home/runner/work/ShizukuPlus/ShizukuPlus/core/ui/src/release/java', not found
build	Build with Gradle	2026-06-06T12:24:17.0100743Z file or directory '/home/runner/work/ShizukuPlus/ShizukuPlus/core/ui/src/release/kotlin', not found
build	Build with Gradle	2026-06-06T12:24:17.0127986Z file or directory '/home/runner/work/ShizukuPlus/ShizukuPlus/core/ui/src/release/kotlin', not found
build	Build with Gradle	2026-06-06T12:24:17.0129358Z file or directory '/home/runner/work/ShizukuPlus/ShizukuPlus/core/ui/src/release/java', not found
build	Build with Gradle	2026-06-06T12:24:17.0130588Z file or directory '/home/runner/work/ShizukuPlus/ShizukuPlus/core/ui/src/main/kotlin', not found
build	Build with Gradle	2026-06-06T12:24:17.0131732Z file or directory '/home/runner/work/ShizukuPlus/ShizukuPlus/core/ui/src/main/kotlin', not found
build	Build with Gradle	2026-06-06T12:24:17.0133100Z file or directory '/home/runner/work/ShizukuPlus/ShizukuPlus/core/ui/src/main/kotlin', not found
build	Build with Gradle	2026-06-06T12:24:17.0134271Z file or directory '/home/runner/work/ShizukuPlus/ShizukuPlus/core/ui/src/release/java', not found
build	Build with Gradle	2026-06-06T12:24:17.0135453Z file or directory '/home/runner/work/ShizukuPlus/ShizukuPlus/core/ui/src/release/kotlin', not found
build	Build with Gradle	2026-06-06T12:24:17.0136649Z file or directory '/home/runner/work/ShizukuPlus/ShizukuPlus/core/ui/src/release/java', not found
build	Build with Gradle	2026-06-06T12:24:17.0138015Z file or directory '/home/runner/work/ShizukuPlus/ShizukuPlus/core/ui/src/release/kotlin', not found
build	Build with Gradle	2026-06-06T12:24:17.0139226Z file or directory '/home/runner/work/ShizukuPlus/ShizukuPlus/core/ui/src/release/kotlin', not found
build	Build with Gradle	2026-06-06T12:24:17.0140445Z file or directory '/home/runner/work/ShizukuPlus/ShizukuPlus/core/ui/src/release/java', not found
build	Build with Gradle	2026-06-06T12:24:17.0141489Z file or directory '/home/runner/work/ShizukuPlus/ShizukuPlus/core/ui/src/main/kotlin', not found
build	Build with Gradle	2026-06-06T12:24:17.0142642Z file or directory '/home/runner/work/ShizukuPlus/ShizukuPlus/core/ui/src/release/kotlin', not found
build	Build with Gradle	2026-06-06T12:24:17.0143828Z file or directory '/home/runner/work/ShizukuPlus/ShizukuPlus/core/ui/src/release/java', not found
build	Build with Gradle	2026-06-06T12:24:17.0144977Z file or directory '/home/runner/work/ShizukuPlus/ShizukuPlus/core/ui/src/release/kotlin', not found
build	Build with Gradle	2026-06-06T12:24:17.0146289Z file or directory '/home/runner/work/ShizukuPlus/ShizukuPlus/core/ui/src/release/kotlin', not found
build	Build with Gradle	2026-06-06T12:24:17.0147344Z file or directory '/home/runner/work/ShizukuPlus/ShizukuPlus/core/ui/src/release/java', not found
build	Build with Gradle	2026-06-06T12:24:17.0148470Z file or directory '/home/runner/work/ShizukuPlus/ShizukuPlus/core/ui/src/main/kotlin', not found
build	Build with Gradle	2026-06-06T12:24:17.0149441Z file or directory '/home/runner/work/ShizukuPlus/ShizukuPlus/core/ui/src/main/kotlin', not found
build	Build with Gradle	2026-06-06T12:24:17.0150406Z file or directory '/home/runner/work/ShizukuPlus/ShizukuPlus/core/ui/src/main/kotlin', not found
build	Build with Gradle	2026-06-06T12:24:17.0151375Z file or directory '/home/runner/work/ShizukuPlus/ShizukuPlus/core/ui/src/release/java', not found
build	Build with Gradle	2026-06-06T12:24:17.0152350Z file or directory '/home/runner/work/ShizukuPlus/ShizukuPlus/core/ui/src/release/kotlin', not found
build	Build with Gradle	2026-06-06T12:24:17.0153334Z file or directory '/home/runner/work/ShizukuPlus/ShizukuPlus/core/ui/src/release/java', not found
build	Build with Gradle	2026-06-06T12:24:17.0154326Z file or directory '/home/runner/work/ShizukuPlus/ShizukuPlus/core/ui/src/release/kotlin', not found
build	Build with Gradle	2026-06-06T12:24:17.0155613Z file or directory '/home/runner/work/ShizukuPlus/ShizukuPlus/core/ui/src/release/kotlin', not found
build	Build with Gradle	2026-06-06T12:24:17.0156766Z file or directory '/home/runner/work/ShizukuPlus/ShizukuPlus/core/ui/src/release/java', not found
build	Build with Gradle	2026-06-06T12:24:17.0184126Z file or directory '/home/runner/work/ShizukuPlus/ShizukuPlus/core/ui/src/main/kotlin', not found
build	Build with Gradle	2026-06-06T12:24:17.0185360Z file or directory '/home/runner/work/ShizukuPlus/ShizukuPlus/core/ui/src/main/kotlin', not found
build	Build with Gradle	2026-06-06T12:24:17.0186534Z file or directory '/home/runner/work/ShizukuPlus/ShizukuPlus/core/ui/src/main/kotlin', not found
build	Build with Gradle	2026-06-06T12:24:17.0187876Z file or directory '/home/runner/work/ShizukuPlus/ShizukuPlus/core/ui/src/release/java', not found
build	Build with Gradle	2026-06-06T12:24:17.0189085Z file or directory '/home/runner/work/ShizukuPlus/ShizukuPlus/core/ui/src/release/kotlin', not found
build	Build with Gradle	2026-06-06T12:24:17.0190292Z file or directory '/home/runner/work/ShizukuPlus/ShizukuPlus/core/ui/src/release/java', not found
build	Build with Gradle	2026-06-06T12:24:17.0191494Z file or directory '/home/runner/work/ShizukuPlus/ShizukuPlus/core/ui/src/release/kotlin', not found
build	Build with Gradle	2026-06-06T12:24:17.0192656Z file or directory '/home/runner/work/ShizukuPlus/ShizukuPlus/core/ui/src/release/kotlin', not found
build	Build with Gradle	2026-06-06T12:24:17.0193858Z file or directory '/home/runner/work/ShizukuPlus/ShizukuPlus/core/ui/src/release/java', not found
build	Build with Gradle	2026-06-06T12:24:17.0195033Z file or directory '/home/runner/work/ShizukuPlus/ShizukuPlus/core/ui/src/main/kotlin', not found
build	Build with Gradle	2026-06-06T12:24:17.0196448Z file or directory '/home/runner/work/ShizukuPlus/ShizukuPlus/core/ui/src/main/kotlin', not found
build	Build with Gradle	2026-06-06T12:24:17.0197935Z file or directory '/home/runner/work/ShizukuPlus/ShizukuPlus/core/ui/src/main/kotlin', not found
build	Build with Gradle	2026-06-06T12:24:17.0199157Z file or directory '/home/runner/work/ShizukuPlus/ShizukuPlus/core/ui/src/release/java', not found
build	Build with Gradle	2026-06-06T12:24:17.0211657Z Kotlin source files: /home/runner/work/ShizukuPlus/ShizukuPlus/core/ui/src/main/java/af/shizuku/core/ui/AppActivity.kt, /home/runner/work/ShizukuPlus/ShizukuPlus/core/ui/src/main/java/af/shizuku/core/ui/EmptyStateView.kt, /home/runner/work/ShizukuPlus/ShizukuPlus/core/ui/src/main/java/af/shizuku/core/ui/AppBarActivity.kt, /home/runner/work/ShizukuPlus/ShizukuPlus/core/ui/src/main/java/af/shizuku/core/ui/ThemeDelegate.kt
build	Build with Gradle	2026-06-06T12:24:17.0220173Z Java source files: /home/runner/work/ShizukuPlus/ShizukuPlus/core/ui/build/generated/data_binding_base_class_source_out/release/out/af/shizuku/core/ui/databinding/AppbarFragmentActivityBinding.java, /home/runner/work/ShizukuPlus/ShizukuPlus/core/ui/build/generated/data_binding_base_class_source_out/release/out/af/shizuku/core/ui/databinding/AppbarBinding.java, /home/runner/work/ShizukuPlus/ShizukuPlus/core/ui/build/generated/data_binding_base_class_source_out/release/out/af/shizuku/core/ui/databinding/AppsActivityBinding.java, /home/runner/work/ShizukuPlus/ShizukuPlus/core/ui/build/generated/data_binding_base_class_source_out/release/out/af/shizuku/core/ui/databinding/AppbarActivityBinding.java, /home/runner/work/ShizukuPlus/ShizukuPlus/core/ui/build/generated/data_binding_base_class_source_out/release/out/af/shizuku/core/ui/databinding/EmptyStateViewBinding.java
build	Build with Gradle	2026-06-06T12:24:17.0225937Z Script source files: 
build	Build with Gradle	2026-06-06T12:24:17.0226427Z Script file extensions: 
build	Build with Gradle	2026-06-06T12:24:17.0226937Z Using Kotlin/JVM incremental compilation
build	Build with Gradle	2026-06-06T12:24:17.0227676Z [KOTLIN] Kotlin compilation 'jdkHome' argument: null
build	Build with Gradle	2026-06-06T12:24:17.0787853Z 
build	Build with Gradle	2026-06-06T12:24:17.0793211Z Resolve mutations for :server:checkKotlinGradlePluginConfigurationErrors (Thread[#160,Execution worker,5,main]) started.
build	Build with Gradle	2026-06-06T12:24:17.0836673Z :server:checkKotlinGradlePluginConfigurationErrors (Thread[#160,Execution worker,5,main]) started.
build	Build with Gradle	2026-06-06T12:24:17.0848117Z 
build	Build with Gradle	2026-06-06T12:24:17.0849617Z > Task :server:checkKotlinGradlePluginConfigurationErrors SKIPPED
build	Build with Gradle	2026-06-06T12:24:17.0853035Z Skipping task ':server:checkKotlinGradlePluginConfigurationErrors' as task onlyIf 'errorDiagnostics are present' is false.
build	Build with Gradle	2026-06-06T12:24:17.0855007Z Resolve mutations for :server:generateReleaseResValues (Thread[#160,Execution worker,5,main]) started.
build	Build with Gradle	2026-06-06T12:24:17.0889806Z :server:generateReleaseResValues (Thread[#160,Execution worker,5,main]) started.
build	Build with Gradle	2026-06-06T12:24:17.0917815Z 
build	Build with Gradle	2026-06-06T12:24:17.0948366Z > Task :server:generateReleaseResValues FROM-CACHE
build	Build with Gradle	2026-06-06T12:24:17.0978647Z Build cache key for task ':server:generateReleaseResValues' is 648a246192ab07cc66fd461588eaf850
build	Build with Gradle	2026-06-06T12:24:17.0988300Z Task ':server:generateReleaseResValues' is not up-to-date because:
build	Build with Gradle	2026-06-06T12:24:17.1008193Z   No history is available.
build	Build with Gradle	2026-06-06T12:24:17.1009183Z Loaded cache entry for task ':server:generateReleaseResValues' with cache key 648a246192ab07cc66fd461588eaf850
build	Build with Gradle	2026-06-06T12:24:17.1010449Z Resolve mutations for :server:generateReleaseResources (Thread[#160,Execution worker,5,main]) started.
build	Build with Gradle	2026-06-06T12:24:17.1011539Z :server:generateReleaseResources (Thread[#160,Execution worker,5,main]) started.
build	Build with Gradle	2026-06-06T12:24:17.1012077Z 
build	Build with Gradle	2026-06-06T12:24:17.1012350Z > Task :server:generateReleaseResources FROM-CACHE
build	Build with Gradle	2026-06-06T12:24:17.1013278Z Build cache key for task ':server:generateReleaseResources' is d4edfd48e9c19bf95cf1077eff77e471
build	Build with Gradle	2026-06-06T12:24:17.1014393Z Task ':server:generateReleaseResources' is not up-to-date because:
build	Build with Gradle	2026-06-06T12:24:17.1014866Z   No history is available.
build	Build with Gradle	2026-06-06T12:24:17.1015361Z Loaded cache entry for task ':server:generateReleaseResources' with cache key d4edfd48e9c19bf95cf1077eff77e471
build	Build with Gradle	2026-06-06T12:24:17.1016315Z Resolve mutations for :server:packageReleaseResources (Thread[#160,Execution worker,5,main]) started.
build	Build with Gradle	2026-06-06T12:24:17.1016953Z :server:packageReleaseResources (Thread[#160,Execution worker,5,main]) started.
build	Build with Gradle	2026-06-06T12:24:17.1017286Z 
build	Build with Gradle	2026-06-06T12:24:17.1017654Z > Task :server:packageReleaseResources
build	Build with Gradle	2026-06-06T12:24:17.1018155Z Build cache key for task ':server:packageReleaseResources' is eae171173d5d8fd13534aa9e35510fbb
build	Build with Gradle	2026-06-06T12:24:17.1018721Z Task ':server:packageReleaseResources' is not up-to-date because:
build	Build with Gradle	2026-06-06T12:24:17.1019110Z   No history is available.
build	Build with Gradle	2026-06-06T12:24:17.1019578Z The input changes require a full rebuild for incremental task ':server:packageReleaseResources'.
build	Build with Gradle	2026-06-06T12:24:17.1020258Z [MergeResources] Inputs are non-incremental full task action.
build	Build with Gradle	2026-06-06T12:24:17.1020857Z Stored cache entry for task ':server:packageReleaseResources' with cache key eae171173d5d8fd13534aa9e35510fbb
build	Build with Gradle	2026-06-06T12:24:17.1021596Z work action resolve packageReleaseResources (project :server) (Thread[#160,Execution worker,5,main]) started.
build	Build with Gradle	2026-06-06T12:24:17.1022325Z Resolve mutations for :server:parseReleaseLocalResources (Thread[#160,Execution worker,5,main]) started.
build	Build with Gradle	2026-06-06T12:24:17.1023012Z :server:parseReleaseLocalResources (Thread[#160,Execution worker,5,main]) started.
build	Build with Gradle	2026-06-06T12:24:17.1023346Z 
build	Build with Gradle	2026-06-06T12:24:17.1023565Z > Task :server:parseReleaseLocalResources FROM-CACHE
build	Build with Gradle	2026-06-06T12:24:17.1024107Z Build cache key for task ':server:parseReleaseLocalResources' is df4b5dc4dbbcf6350ba300270c5ecd9d
build	Build with Gradle	2026-06-06T12:24:17.1024687Z Task ':server:parseReleaseLocalResources' is not up-to-date because:
build	Build with Gradle	2026-06-06T12:24:17.1025092Z   No history is available.
build	Build with Gradle	2026-06-06T12:24:17.1025609Z Loaded cache entry for task ':server:parseReleaseLocalResources' with cache key df4b5dc4dbbcf6350ba300270c5ecd9d
build	Build with Gradle	2026-06-06T12:24:17.1026364Z Resolve mutations for :server-shared:generateReleaseResValues (Thread[#160,Execution worker,5,main]) started.
build	Build with Gradle	2026-06-06T12:24:17.1027054Z :server-shared:generateReleaseResValues (Thread[#160,Execution worker,5,main]) started.
build	Build with Gradle	2026-06-06T12:24:17.1027574Z 
build	Build with Gradle	2026-06-06T12:24:17.1027831Z > Task :server-shared:generateReleaseResValues FROM-CACHE
build	Build with Gradle	2026-06-06T12:24:17.1028697Z Build cache key for task ':server-shared:generateReleaseResValues' is 648a246192ab07cc66fd461588eaf850
build	Build with Gradle	2026-06-06T12:24:17.1029712Z Task ':server-shared:generateReleaseResValues' is not up-to-date because:
build	Build with Gradle	2026-06-06T12:24:17.1030411Z   No history is available.
build	Build with Gradle	2026-06-06T12:24:17.1031308Z Loaded cache entry for task ':server-shared:generateReleaseResValues' with cache key 648a246192ab07cc66fd461588eaf850
build	Build with Gradle	2026-06-06T12:24:17.1032665Z Resolve mutations for :server-shared:generateReleaseResources (Thread[#160,Execution worker,5,main]) started.
build	Build with Gradle	2026-06-06T12:24:17.1033841Z :server-shared:generateReleaseResources (Thread[#160,Execution worker,5,main]) started.
build	Build with Gradle	2026-06-06T12:24:17.1034463Z 
build	Build with Gradle	2026-06-06T12:24:17.1034753Z > Task :server-shared:generateReleaseResources FROM-CACHE
build	Build with Gradle	2026-06-06T12:24:17.1035683Z Build cache key for task ':server-shared:generateReleaseResources' is d4edfd48e9c19bf95cf1077eff77e471
build	Build with Gradle	2026-06-06T12:24:17.1036738Z Task ':server-shared:generateReleaseResources' is not up-to-date because:
build	Build with Gradle	2026-06-06T12:24:17.1037838Z   No history is available.
build	Build with Gradle	2026-06-06T12:24:17.1038746Z Loaded cache entry for task ':server-shared:generateReleaseResources' with cache key d4edfd48e9c19bf95cf1077eff77e471
build	Build with Gradle	2026-06-06T12:24:17.1040118Z Resolve mutations for :server-shared:packageReleaseResources (Thread[#160,Execution worker,5,main]) started.
build	Build with Gradle	2026-06-06T12:24:17.1041329Z :server-shared:packageReleaseResources (Thread[#160,Execution worker,5,main]) started.
build	Build with Gradle	2026-06-06T12:24:17.1041970Z 
build	Build with Gradle	2026-06-06T12:24:17.1042240Z > Task :server-shared:packageReleaseResources
build	Build with Gradle	2026-06-06T12:24:17.1043126Z Build cache key for task ':server-shared:packageReleaseResources' is 3db508d98fe5056b4f6eb98201014715
build	Build with Gradle	2026-06-06T12:24:17.1044367Z Task ':server-shared:packageReleaseResources' is not up-to-date because:
build	Build with Gradle	2026-06-06T12:24:17.1045115Z   No history is available.
build	Build with Gradle	2026-06-06T12:24:17.1045961Z The input changes require a full rebuild for incremental task ':server-shared:packageReleaseResources'.
build	Build with Gradle	2026-06-06T12:24:17.1047040Z [MergeResources] Inputs are non-incremental full task action.
build	Build with Gradle	2026-06-06T12:24:17.1048433Z Stored cache entry for task ':server-shared:packageReleaseResources' with cache key 3db508d98fe5056b4f6eb98201014715
build	Build with Gradle	2026-06-06T12:24:17.1049820Z work action resolve packageReleaseResources (project :server-shared) (Thread[#160,Execution worker,5,main]) started.
build	Build with Gradle	2026-06-06T12:24:17.1051240Z Resolve mutations for :server-shared:parseReleaseLocalResources (Thread[#160,Execution worker,5,main]) started.
build	Build with Gradle	2026-06-06T12:24:17.1052696Z :server-shared:parseReleaseLocalResources (Thread[#160,Execution worker,5,main]) started.
build	Build with Gradle	2026-06-06T12:24:17.1788002Z 
build	Build with Gradle	2026-06-06T12:24:17.1818668Z > Task :server-shared:parseReleaseLocalResources FROM-CACHE
build	Build with Gradle	2026-06-06T12:24:17.1858969Z Build cache key for task ':server-shared:parseReleaseLocalResources' is df4b5dc4dbbcf6350ba300270c5ecd9d
build	Build with Gradle	2026-06-06T12:24:17.1886645Z Task ':server-shared:parseReleaseLocalResources' is not up-to-date because:
build	Build with Gradle	2026-06-06T12:24:17.1887842Z   No history is available.
build	Build with Gradle	2026-06-06T12:24:17.1900629Z Loaded cache entry for task ':server-shared:parseReleaseLocalResources' with cache key df4b5dc4dbbcf6350ba300270c5ecd9d
build	Build with Gradle	2026-06-06T12:24:17.1902161Z Resolve mutations for :server-shared:generateReleaseRFile (Thread[#160,Execution worker,5,main]) started.
build	Build with Gradle	2026-06-06T12:24:17.1903142Z :server-shared:generateReleaseRFile (Thread[#160,Execution worker,5,main]) started.
build	Build with Gradle	2026-06-06T12:24:17.1903663Z 
build	Build with Gradle	2026-06-06T12:24:17.1903860Z > Task :server-shared:generateReleaseRFile
build	Build with Gradle	2026-06-06T12:24:17.1904608Z Build cache key for task ':server-shared:generateReleaseRFile' is 0c2f785c02fdfa62ae601cc90cfcf4de
build	Build with Gradle	2026-06-06T12:24:17.1905545Z Task ':server-shared:generateReleaseRFile' is not up-to-date because:
build	Build with Gradle	2026-06-06T12:24:17.1906134Z   No history is available.
build	Build with Gradle	2026-06-06T12:24:17.1906819Z The input changes require a full rebuild for incremental task ':server-shared:generateReleaseRFile'.
build	Build with Gradle	2026-06-06T12:24:17.1908020Z Stored cache entry for task ':server-shared:generateReleaseRFile' with cache key 0c2f785c02fdfa62ae601cc90cfcf4de
build	Build with Gradle	2026-06-06T12:24:17.1909137Z work action resolve package-aware-r.txt (project :server-shared) (Thread[#160,Execution worker,5,main]) started.
build	Build with Gradle	2026-06-06T12:24:17.1910248Z work action resolve package-aware-r.txt (project :server-shared) (Thread[#160,Execution worker,5,main]) started.
build	Build with Gradle	2026-06-06T12:24:17.1919604Z Resolve mutations for :starter:generateReleaseResValues (Thread[#160,Execution worker,5,main]) started.
build	Build with Gradle	2026-06-06T12:24:17.1948420Z :starter:generateReleaseResValues (Thread[#160,Execution worker,5,main]) started.
build	Build with Gradle	2026-06-06T12:24:17.1977876Z 
build	Build with Gradle	2026-06-06T12:24:17.1989049Z > Task :starter:generateReleaseResValues FROM-CACHE
build	Build with Gradle	2026-06-06T12:24:17.2008522Z Build cache key for task ':starter:generateReleaseResValues' is 648a246192ab07cc66fd461588eaf850
build	Build with Gradle	2026-06-06T12:24:17.2038393Z Task ':starter:generateReleaseResValues' is not up-to-date because:
build	Build with Gradle	2026-06-06T12:24:17.2052697Z   No history is available.
build	Build with Gradle	2026-06-06T12:24:17.2072659Z Loaded cache entry for task ':starter:generateReleaseResValues' with cache key 648a246192ab07cc66fd461588eaf850
build	Build with Gradle	2026-06-06T12:24:17.2098583Z Resolve mutations for :starter:generateReleaseResources (Thread[#160,Execution worker,5,main]) started.
build	Build with Gradle	2026-06-06T12:24:17.2128387Z :starter:generateReleaseResources (Thread[#160,Execution worker,5,main]) started.
build	Build with Gradle	2026-06-06T12:24:17.2135582Z 
build	Build with Gradle	2026-06-06T12:24:17.2136198Z > Task :starter:generateReleaseResources FROM-CACHE
build	Build with Gradle	2026-06-06T12:24:17.2168506Z Build cache key for task ':starter:generateReleaseResources' is d4edfd48e9c19bf95cf1077eff77e471
build	Build with Gradle	2026-06-06T12:24:17.2198387Z Task ':starter:generateReleaseResources' is not up-to-date because:
build	Build with Gradle	2026-06-06T12:24:17.2238081Z   No history is available.
build	Build with Gradle	2026-06-06T12:24:17.2239590Z Loaded cache entry for task ':starter:generateReleaseResources' with cache key d4edfd48e9c19bf95cf1077eff77e471
build	Build with Gradle	2026-06-06T12:24:17.2272386Z Resolve mutations for :starter:packageReleaseResources (Thread[#160,Execution worker,5,main]) started.
build	Build with Gradle	2026-06-06T12:24:17.2298636Z :starter:packageReleaseResources (Thread[#160,Execution worker,5,main]) started.
build	Build with Gradle	2026-06-06T12:24:17.2321899Z 
build	Build with Gradle	2026-06-06T12:24:17.2348402Z > Task :starter:packageReleaseResources
build	Build with Gradle	2026-06-06T12:24:17.2398562Z Build cache key for task ':starter:packageReleaseResources' is a6a7678704cfd37c704c9027a94619a8
build	Build with Gradle	2026-06-06T12:24:17.2408925Z Task ':starter:packageReleaseResources' is not up-to-date because:
build	Build with Gradle	2026-06-06T12:24:17.2423121Z   No history is available.
build	Build with Gradle	2026-06-06T12:24:17.2448486Z The input changes require a full rebuild for incremental task ':starter:packageReleaseResources'.
build	Build with Gradle	2026-06-06T12:24:17.2472597Z [MergeResources] Inputs are non-incremental full task action.
build	Build with Gradle	2026-06-06T12:24:17.2486032Z Stored cache entry for task ':starter:packageReleaseResources' with cache key a6a7678704cfd37c704c9027a94619a8
build	Build with Gradle	2026-06-06T12:24:17.2549244Z work action resolve packageReleaseResources (project :starter) (Thread[#160,Execution worker,5,main]) started.
build	Build with Gradle	2026-06-06T12:24:17.2588650Z Resolve mutations for :starter:parseReleaseLocalResources (Thread[#160,Execution worker,5,main]) started.
build	Build with Gradle	2026-06-06T12:24:17.2636419Z :starter:parseReleaseLocalResources (Thread[#160,Execution worker,5,main]) started.
build	Build with Gradle	2026-06-06T12:24:17.2750055Z 
build	Build with Gradle	2026-06-06T12:24:17.2778559Z > Task :starter:parseReleaseLocalResources FROM-CACHE
build	Build with Gradle	2026-06-06T12:24:17.2779685Z Build cache key for task ':starter:parseReleaseLocalResources' is df4b5dc4dbbcf6350ba300270c5ecd9d
build	Build with Gradle	2026-06-06T12:24:17.2848561Z Task ':starter:parseReleaseLocalResources' is not up-to-date because:
build	Build with Gradle	2026-06-06T12:24:17.2898297Z   No history is available.
build	Build with Gradle	2026-06-06T12:24:17.2928805Z Loaded cache entry for task ':starter:parseReleaseLocalResources' with cache key df4b5dc4dbbcf6350ba300270c5ecd9d
build	Build with Gradle	2026-06-06T12:24:17.2958618Z Resolve mutations for :starter:generateReleaseRFile (Thread[#160,Execution worker,5,main]) started.
build	Build with Gradle	2026-06-06T12:24:17.2976442Z :starter:generateReleaseRFile (Thread[#160,Execution worker,5,main]) started.
build	Build with Gradle	2026-06-06T12:24:17.3763339Z 
build	Build with Gradle	2026-06-06T12:24:17.3868427Z > Task :starter:generateReleaseRFile
build	Build with Gradle	2026-06-06T12:24:17.3958725Z Build cache key for task ':starter:generateReleaseRFile' is 144719102206499408a0c1a0206d52a0
build	Build with Gradle	2026-06-06T12:24:17.4084942Z Task ':starter:generateReleaseRFile' is not up-to-date because:
build	Build with Gradle	2026-06-06T12:24:17.4128315Z   No history is available.
build	Build with Gradle	2026-06-06T12:24:17.4173760Z The input changes require a full rebuild for incremental task ':starter:generateReleaseRFile'.
build	Build with Gradle	2026-06-06T12:24:17.4300653Z Stored cache entry for task ':starter:generateReleaseRFile' with cache key 144719102206499408a0c1a0206d52a0
build	Build with Gradle	2026-06-06T12:24:17.4368838Z work action resolve package-aware-r.txt (project :starter) (Thread[#160,Execution worker,5,main]) started.
build	Build with Gradle	2026-06-06T12:24:17.4458869Z work action resolve package-aware-r.txt (project :starter) (Thread[#160,Execution worker,5,main]) started.
build	Build with Gradle	2026-06-06T12:24:17.4488951Z Resolve mutations for :server:generateReleaseRFile (Thread[#160,Execution worker,5,main]) started.
build	Build with Gradle	2026-06-06T12:24:17.4578030Z :server:generateReleaseRFile (Thread[#160,Execution worker,5,main]) started.
build	Build with Gradle	2026-06-06T12:24:17.4771155Z 
build	Build with Gradle	2026-06-06T12:24:17.4798289Z > Task :server:generateReleaseRFile
build	Build with Gradle	2026-06-06T12:24:17.4828751Z Build cache key for task ':server:generateReleaseRFile' is a3dcd99f5fe0aad3db8b736995f0a14e
build	Build with Gradle	2026-06-06T12:24:17.4858303Z Task ':server:generateReleaseRFile' is not up-to-date because:
build	Build with Gradle	2026-06-06T12:24:17.4859363Z   No history is available.
build	Build with Gradle	2026-06-06T12:24:17.4888650Z The input changes require a full rebuild for incremental task ':server:generateReleaseRFile'.
build	Build with Gradle	2026-06-06T12:24:17.4915702Z Stored cache entry for task ':server:generateReleaseRFile' with cache key a3dcd99f5fe0aad3db8b736995f0a14e
build	Build with Gradle	2026-06-06T12:24:17.4944933Z work action resolve package-aware-r.txt (project :server) (Thread[#160,Execution worker,5,main]) started.
build	Build with Gradle	2026-06-06T12:24:17.4968471Z Resolve mutations for :server-shared:javaPreCompileRelease (Thread[#160,Execution worker,5,main]) started.
build	Build with Gradle	2026-06-06T12:24:17.4987184Z :server-shared:javaPreCompileRelease (Thread[#160,Execution worker,5,main]) started.
build	Build with Gradle	2026-06-06T12:24:17.4997637Z 
build	Build with Gradle	2026-06-06T12:24:17.5028609Z > Task :server-shared:javaPreCompileRelease FROM-CACHE
build	Build with Gradle	2026-06-06T12:24:17.5058624Z Build cache key for task ':server-shared:javaPreCompileRelease' is 4ad30ac62fa27a5591fcdb6f39013312
build	Build with Gradle	2026-06-06T12:24:17.5082227Z Task ':server-shared:javaPreCompileRelease' is not up-to-date because:
build	Build with Gradle	2026-06-06T12:24:17.5108009Z   No history is available.
build	Build with Gradle	2026-06-06T12:24:17.5158562Z Loaded cache entry for task ':server-shared:javaPreCompileRelease' with cache key 4ad30ac62fa27a5591fcdb6f39013312
build	Build with Gradle	2026-06-06T12:24:17.5168707Z Resolve mutations for :shared:bundleLibRuntimeToJarRelease (Thread[#160,Execution worker,5,main]) started.
build	Build with Gradle	2026-06-06T12:24:17.5228571Z :shared:bundleLibRuntimeToJarRelease (Thread[#160,Execution worker,5,main]) started.
build	Build with Gradle	2026-06-06T12:24:17.5287797Z 
build	Build with Gradle	2026-06-06T12:24:17.5318291Z > Task :shared:bundleLibRuntimeToJarRelease
build	Build with Gradle	2026-06-06T12:24:17.5348681Z Caching disabled for task ':shared:bundleLibRuntimeToJarRelease' because:
build	Build with Gradle	2026-06-06T12:24:17.5408194Z   Simple merging task
build	Build with Gradle	2026-06-06T12:24:17.5458420Z Task ':shared:bundleLibRuntimeToJarRelease' is not up-to-date because:
build	Build with Gradle	2026-06-06T12:24:17.5478172Z   No history is available.
build	Build with Gradle	2026-06-06T12:24:17.5528494Z work action resolve classes.jar (project :shared) (Thread[#160,Execution worker,5,main]) started.
build	Build with Gradle	2026-06-06T12:24:17.5589521Z work action org.gradle.api.internal.artifacts.transform.DefaultTransformUpstreamDependenciesResolver$FinalizeTransformDependenciesFromSelectedArtifacts$CalculateFinalDependencies@a45abee (Thread[#160,Execution worker,5,main]) started.
build	Build with Gradle	2026-06-06T12:24:17.5618981Z work action Dependencies for project :api {artifactType=android-classes-jar, asm-transformed-variant=release} (Thread[#160,Execution worker,5,main]) started.
build	Build with Gradle	2026-06-06T12:24:17.5628681Z Resolve mutations for :starter:checkKotlinGradlePluginConfigurationErrors (Thread[#160,Execution worker,5,main]) started.
build	Build with Gradle	2026-06-06T12:24:17.5648414Z :starter:checkKotlinGradlePluginConfigurationErrors (Thread[#160,Execution worker,5,main]) started.
build	Build with Gradle	2026-06-06T12:24:17.5677688Z 
build	Build with Gradle	2026-06-06T12:24:17.5708267Z > Task :starter:checkKotlinGradlePluginConfigurationErrors SKIPPED
build	Build with Gradle	2026-06-06T12:24:17.5709690Z Skipping task ':starter:checkKotlinGradlePluginConfigurationErrors' as task onlyIf 'errorDiagnostics are present' is false.
build	Build with Gradle	2026-06-06T12:24:17.5735584Z Resolve mutations for :starter:javaPreCompileRelease (Thread[#160,Execution worker,5,main]) started.
build	Build with Gradle	2026-06-06T12:24:17.5738085Z :starter:javaPreCompileRelease (Thread[#160,Execution worker,5,main]) started.
build	Build with Gradle	2026-06-06T12:24:17.5738843Z 
build	Build with Gradle	2026-06-06T12:24:17.5739206Z > Task :starter:javaPreCompileRelease FROM-CACHE
build	Build with Gradle	2026-06-06T12:24:17.5740361Z Build cache key for task ':starter:javaPreCompileRelease' is 4ad30ac62fa27a5591fcdb6f39013312
build	Build with Gradle	2026-06-06T12:24:17.5741658Z Task ':starter:javaPreCompileRelease' is not up-to-date because:
build	Build with Gradle	2026-06-06T12:24:17.5742391Z   No history is available.
build	Build with Gradle	2026-06-06T12:24:17.5743375Z Loaded cache entry for task ':starter:javaPreCompileRelease' with cache key 4ad30ac62fa27a5591fcdb6f39013312
build	Build with Gradle	2026-06-06T12:24:17.5744833Z Resolve mutations for :server:javaPreCompileRelease (Thread[#160,Execution worker,5,main]) started.
build	Build with Gradle	2026-06-06T12:24:17.5746036Z :server:javaPreCompileRelease (Thread[#160,Execution worker,5,main]) started.
build	Build with Gradle	2026-06-06T12:24:17.5746742Z 
build	Build with Gradle	2026-06-06T12:24:17.5747110Z > Task :server:javaPreCompileRelease FROM-CACHE
build	Build with Gradle	2026-06-06T12:24:17.5750466Z Build cache key for task ':server:javaPreCompileRelease' is 4ad30ac62fa27a5591fcdb6f39013312
build	Build with Gradle	2026-06-06T12:24:17.5751615Z Task ':server:javaPreCompileRelease' is not up-to-date because:
build	Build with Gradle	2026-06-06T12:24:17.5752424Z   No history is available.
build	Build with Gradle	2026-06-06T12:24:17.5753416Z Loaded cache entry for task ':server:javaPreCompileRelease' with cache key 4ad30ac62fa27a5591fcdb6f39013312
build	Build with Gradle	2026-06-06T12:24:17.5755240Z Resolve mutations for :database:checkKotlinGradlePluginConfigurationErrors (Thread[#160,Execution worker,5,main]) started.
build	Build with Gradle	2026-06-06T12:24:17.5756903Z :database:checkKotlinGradlePluginConfigurationErrors (Thread[#160,Execution worker,5,main]) started.
build	Build with Gradle	2026-06-06T12:24:17.5762608Z 
build	Build with Gradle	2026-06-06T12:24:17.5763060Z > Task :database:checkKotlinGradlePluginConfigurationErrors SKIPPED
build	Build with Gradle	2026-06-06T12:24:17.5764484Z Skipping task ':database:checkKotlinGradlePluginConfigurationErrors' as task onlyIf 'errorDiagnostics are present' is false.
build	Build with Gradle	2026-06-06T12:24:17.5766132Z Resolve mutations for :database:generateReleaseResValues (Thread[#160,Execution worker,5,main]) started.
build	Build with Gradle	2026-06-06T12:24:17.5767242Z :database:generateReleaseResValues (Thread[#160,Execution worker,5,main]) started.
build	Build with Gradle	2026-06-06T12:24:17.5768205Z 
build	Build with Gradle	2026-06-06T12:24:17.5768467Z > Task :database:generateReleaseResValues FROM-CACHE
build	Build with Gradle	2026-06-06T12:24:17.5769512Z Build cache key for task ':database:generateReleaseResValues' is 648a246192ab07cc66fd461588eaf850
build	Build with Gradle	2026-06-06T12:24:17.5770677Z Task ':database:generateReleaseResValues' is not up-to-date because:
build	Build with Gradle	2026-06-06T12:24:17.5771475Z   No history is available.
build	Build with Gradle	2026-06-06T12:24:17.5772472Z Loaded cache entry for task ':database:generateReleaseResValues' with cache key 648a246192ab07cc66fd461588eaf850
build	Build with Gradle	2026-06-06T12:24:17.5774003Z Resolve mutations for :database:generateReleaseResources (Thread[#160,Execution worker,5,main]) started.
build	Build with Gradle	2026-06-06T12:24:17.5775418Z :database:generateReleaseResources (Thread[#160,Execution worker,5,main]) started.
build	Build with Gradle	2026-06-06T12:24:17.5776116Z 
build	Build with Gradle	2026-06-06T12:24:17.5776419Z > Task :database:generateReleaseResources FROM-CACHE
build	Build with Gradle	2026-06-06T12:24:17.5777553Z Build cache key for task ':database:generateReleaseResources' is d4edfd48e9c19bf95cf1077eff77e471
build	Build with Gradle	2026-06-06T12:24:17.5778479Z Task ':database:generateReleaseResources' is not up-to-date because:
build	Build with Gradle	2026-06-06T12:24:17.5779181Z   No history is available.
build	Build with Gradle	2026-06-06T12:24:17.5780063Z Loaded cache entry for task ':database:generateReleaseResources' with cache key d4edfd48e9c19bf95cf1077eff77e471
build	Build with Gradle	2026-06-06T12:24:17.5781406Z Resolve mutations for :database:packageReleaseResources (Thread[#160,Execution worker,5,main]) started.
build	Build with Gradle	2026-06-06T12:24:17.5782555Z :database:packageReleaseResources (Thread[#160,Execution worker,5,main]) started.
build	Build with Gradle	2026-06-06T12:24:17.6752190Z 
build	Build with Gradle	2026-06-06T12:24:17.6765820Z /home/runner/work/ShizukuPlus/ShizukuPlus/api/api/src/main/java/rikka/shizuku/Shizuku.java:568: warning: [dep-ann] deprecated item is not annotated with @Deprecated
build	Build with Gradle	2026-06-06T12:24:17.6767181Z > Task :database:packageReleaseResources
build	Build with Gradle	2026-06-06T12:24:17.6787268Z     public static ShizukuRemoteProcess newProcess(@NonNull String[] cmd, @Nullable String[] env, @Nullable String dir) {
build	Build with Gradle	2026-06-06T12:24:17.6798491Z Build cache key for task ':database:packageReleaseResources' is 3969f98d5ee4d934e35193efeb53df33
build	Build with Gradle	2026-06-06T12:24:17.6833803Z Task ':database:packageReleaseResources' is not up-to-date because:
build	Build with Gradle	2026-06-06T12:24:17.6838094Z   No history is available.
build	Build with Gradle	2026-06-06T12:24:17.6858233Z                                        ^
build	Build with Gradle	2026-06-06T12:24:17.6859571Z Note: /home/runner/work/ShizukuPlus/ShizukuPlus/api/api/src/main/java/rikka/shizuku/ShizukuPlusAPI.java uses unchecked or unsafe operations.
build	Build with Gradle	2026-06-06T12:24:17.6860797Z Note: Recompile with -Xlint:unchecked for details.
build	Build with Gradle	2026-06-06T12:24:17.6861421Z 1 warning
build	Build with Gradle	2026-06-06T12:24:17.6878622Z The input changes require a full rebuild for incremental task ':database:packageReleaseResources'.
build	Build with Gradle	2026-06-06T12:24:17.6892284Z [MergeResources] Inputs are non-incremental full task action.
build	Build with Gradle	2026-06-06T12:24:17.6922378Z Stored cache entry for task ':database:packageReleaseResources' with cache key 3969f98d5ee4d934e35193efeb53df33
build	Build with Gradle	2026-06-06T12:24:17.6947748Z 
build	Build with Gradle	2026-06-06T12:24:17.6990055Z > Task :api:compileReleaseJavaWithJavac
build	Build with Gradle	2026-06-06T12:24:17.7018327Z Custom actions are attached to task ':api:compileReleaseJavaWithJavac'.
build	Build with Gradle	2026-06-06T12:24:17.7073890Z Build cache key for task ':api:compileReleaseJavaWithJavac' is be3e2cf2023bcdd66b65245b9d7a271b
build	Build with Gradle	2026-06-06T12:24:17.7080814Z Task ':api:compileReleaseJavaWithJavac' is not up-to-date because:
build	Build with Gradle	2026-06-06T12:24:17.7148997Z   No history is available.
build	Build with Gradle	2026-06-06T12:24:17.7186031Z The input changes require a full rebuild for incremental task ':api:compileReleaseJavaWithJavac'.
build	Build with Gradle	2026-06-06T12:24:17.7188135Z Compilation mode: in-process compilation
build	Build with Gradle	2026-06-06T12:24:17.7233218Z Full recompilation is required because no incremental change information is available. This is usually caused by clean builds or changing compiler arguments.
build	Build with Gradle	2026-06-06T12:24:17.7236508Z Compiling with toolchain '/usr/lib/jvm/temurin-21-jdk-amd64'.
build	Build with Gradle	2026-06-06T12:24:17.7237888Z file or directory '/home/runner/work/ShizukuPlus/ShizukuPlus/api/api/src/release/java', not found
build	Build with Gradle	2026-06-06T12:24:17.7251580Z Compiling with JDK Java compiler API.
build	Build with Gradle	2026-06-06T12:24:17.7253004Z Class dependency analysis for incremental compilation took 0.059 secs.
build	Build with Gradle	2026-06-06T12:24:17.7254185Z Created classpath snapshot for incremental compilation in 0.014 secs.
build	Build with Gradle	2026-06-06T12:24:17.7255459Z Stored cache entry for task ':api:compileReleaseJavaWithJavac' with cache key be3e2cf2023bcdd66b65245b9d7a271b
build	Build with Gradle	2026-06-06T12:24:17.7256995Z Resolve mutations for :api:bundleLibRuntimeToJarRelease (Thread[#159,included builds,5,main]) started.
build	Build with Gradle	2026-06-06T12:24:17.7258449Z :api:bundleLibRuntimeToJarRelease (Thread[#159,included builds,5,main]) started.
build	Build with Gradle	2026-06-06T12:24:17.7259875Z work action resolve packageReleaseResources (project :database) (Thread[#160,Execution worker,5,main]) started.
build	Build with Gradle	2026-06-06T12:24:17.7261217Z Resolve mutations for :database:parseReleaseLocalResources (Thread[#160,Execution worker,5,main]) started.
build	Build with Gradle	2026-06-06T12:24:17.7262407Z :database:parseReleaseLocalResources (Thread[#160,Execution worker,5,main]) started.
build	Build with Gradle	2026-06-06T12:24:17.7263182Z 
build	Build with Gradle	2026-06-06T12:24:17.7263627Z > Task :database:parseReleaseLocalResources FROM-CACHE
build	Build with Gradle	2026-06-06T12:24:17.7264734Z Build cache key for task ':database:parseReleaseLocalResources' is df4b5dc4dbbcf6350ba300270c5ecd9d
build	Build with Gradle	2026-06-06T12:24:17.7266011Z Task ':database:parseReleaseLocalResources' is not up-to-date because:
build	Build with Gradle	2026-06-06T12:24:17.7266910Z   No history is available.
build	Build with Gradle	2026-06-06T12:24:17.7268140Z Loaded cache entry for task ':database:parseReleaseLocalResources' with cache key df4b5dc4dbbcf6350ba300270c5ecd9d
build	Build with Gradle	2026-06-06T12:24:17.7269725Z Resolve mutations for :api:bundleLibCompileToJarRelease (Thread[#160,Execution worker,5,main]) started.
build	Build with Gradle	2026-06-06T12:24:17.7271070Z :api:bundleLibCompileToJarRelease (Thread[#160,Execution worker,5,main]) started.
build	Build with Gradle	2026-06-06T12:24:17.7271856Z 
build	Build with Gradle	2026-06-06T12:24:17.7272214Z > Task :api:bundleLibRuntimeToJarRelease
build	Build with Gradle	2026-06-06T12:24:17.7273149Z Caching disabled for task ':api:bundleLibRuntimeToJarRelease' because:
build	Build with Gradle	2026-06-06T12:24:17.7274043Z   Simple merging task
build	Build with Gradle	2026-06-06T12:24:17.7274862Z Task ':api:bundleLibRuntimeToJarRelease' is not up-to-date because:
build	Build with Gradle	2026-06-06T12:24:17.7275746Z   No history is available.
build	Build with Gradle	2026-06-06T12:24:17.7276597Z Resolve mutations for :database:generateReleaseRFile (Thread[#159,included builds,5,main]) started.
build	Build with Gradle	2026-06-06T12:24:17.7277845Z :database:generateReleaseRFile (Thread[#159,included builds,5,main]) started.
build	Build with Gradle	2026-06-06T12:24:17.7278513Z 
build	Build with Gradle	2026-06-06T12:24:17.7278864Z > Task :api:bundleLibCompileToJarRelease
build	Build with Gradle	2026-06-06T12:24:17.7279761Z Caching disabled for task ':api:bundleLibCompileToJarRelease' because:
build	Build with Gradle	2026-06-06T12:24:17.7280637Z   Simple merging task
build	Build with Gradle	2026-06-06T12:24:17.7281417Z Task ':api:bundleLibCompileToJarRelease' is not up-to-date because:
build	Build with Gradle	2026-06-06T12:24:17.7282296Z   No history is available.
build	Build with Gradle	2026-06-06T12:24:17.7283218Z work action resolve classes.jar (project :api) (Thread[#160,Execution worker,5,main]) started.
build	Build with Gradle	2026-06-06T12:24:17.7284480Z work action resolve classes.jar (project :api) (Thread[#160,Execution worker,5,main]) started.
build	Build with Gradle	2026-06-06T12:24:17.7286950Z work action org.gradle.api.internal.artifacts.transform.DefaultTransformUpstreamDependenciesResolver$FinalizeTransformDependenciesFromSelectedArtifacts$CalculateFinalDependencies@5f6b177f (Thread[#160,Execution worker,5,main]) started.
build	Build with Gradle	2026-06-06T12:24:17.7289725Z work action Dependencies for project :rish {artifactType=android-classes-jar, asm-transformed-variant=release} (Thread[#160,Execution worker,5,main]) started.
build	Build with Gradle	2026-06-06T12:24:17.7291967Z Caching disabled for AarToClassTransform: /home/runner/.gradle/caches/modules-2/files-2.1/org.lsposed.libcxx/libcxx/27.0.12077973/e3fc896e571505616fed71241993605ca693f476/libcxx-27.0.12077973.aar because:
build	Build with Gradle	2026-06-06T12:24:17.7293761Z   Caching not enabled.
build	Build with Gradle	2026-06-06T12:24:17.7295811Z work action org.gradle.api.internal.artifacts.transform.DefaultTransformUpstreamDependenciesResolver$FinalizeTransformDependenciesFromSelectedArtifacts$CalculateFinalDependencies@3da21629 (Thread[#160,Execution worker,5,main]) started.
build	Build with Gradle	2026-06-06T12:24:17.7298949Z work action Dependencies for project :provider {artifactType=android-classes-jar, asm-transformed-variant=release} (Thread[#160,Execution worker,5,main]) started.
build	Build with Gradle	2026-06-06T12:24:17.7301780Z work action org.gradle.api.internal.artifacts.transform.DefaultTransformUpstreamDependenciesResolver$FinalizeTransformDependenciesFromSelectedArtifacts$CalculateFinalDependencies@51ff0656 (Thread[#160,Execution worker,5,main]) started.
build	Build with Gradle	2026-06-06T12:24:17.7751594Z work action Dependencies for project :database {artifactType=android-classes-jar, asm-transformed-variant=release} (Thread[#160,Execution worker,5,main]) started.
build	Build with Gradle	2026-06-06T12:24:17.7765303Z Caching disabled for AarToClassTransform: /home/runner/.gradle/caches/modules-2/files-2.1/androidx.room/room-ktx/2.6.1/1f353808ec8a8b2d0a554d2a3f43f0829982df60/room-ktx-2.6.1.aar because:
build	Build with Gradle	2026-06-06T12:24:17.7791066Z   Caching not enabled.
build	Build with Gradle	2026-06-06T12:24:17.7829763Z Caching disabled for AarToClassTransform: /home/runner/.gradle/caches/modules-2/files-2.1/androidx.sqlite/sqlite-framework/2.4.0/532d56a4f312d78767534ff1cc2f8084baec6c26/sqlite-framework-2.4.0.aar because:
build	Build with Gradle	2026-06-06T12:24:17.7870792Z   Caching not enabled.
build	Build with Gradle	2026-06-06T12:24:17.7939373Z Caching disabled for AarToClassTransform: /home/runner/.gradle/caches/modules-2/files-2.1/androidx.sqlite/sqlite/2.4.0/cc553e5621c8ad4e233059a724100afa9e2fd1f4/sqlite-2.4.0.aar because:
build	Build with Gradle	2026-06-06T12:24:17.7991909Z   Caching not enabled.
build	Build with Gradle	2026-06-06T12:24:17.8036451Z Caching disabled for AarToClassTransform: /home/runner/.gradle/caches/modules-2/files-2.1/io.sentry/sentry-android-sqlite/8.40.0/39e6b59f22c3723634c39a59c483e929b58900a4/sentry-android-sqlite-8.40.0.aar because:
build	Build with Gradle	2026-06-06T12:24:17.8083846Z   Caching not enabled.
build	Build with Gradle	2026-06-06T12:24:17.8108582Z Caching disabled for IdentityTransform: /home/runner/.gradle/caches/modules-2/files-2.1/androidx.room/room-common/2.6.1/ff1b9580850a9b7eef56554e356628d225785265/room-common-2.6.1.jar because:
build	Build with Gradle	2026-06-06T12:24:17.8153443Z   Caching not enabled.
build	Build with Gradle	2026-06-06T12:24:17.8769383Z Caching disabled for AarToClassTransform: /home/runner/.gradle/caches/modules-2/files-2.1/androidx.room/room-runtime/2.6.1/3ebcd7683411c298dd8aeee635f452c96eaf319/room-runtime-2.6.1.aar because:
build	Build with Gradle	2026-06-06T12:24:17.8782565Z   Caching not enabled.
build	Build with Gradle	2026-06-06T12:24:17.8799890Z Caching disabled for IdentityTransform: /home/runner/.gradle/caches/modules-2/files-2.1/org.jetbrains.kotlinx/kotlinx-serialization-json-jvm/1.8.0/8253bf6e8c713a3dace54493a838e0f8fd3e08fa/kotlinx-serialization-json-jvm-1.8.0.jar because:
build	Build with Gradle	2026-06-06T12:24:17.8801986Z   Caching not enabled.
build	Build with Gradle	2026-06-06T12:24:17.8803015Z Resolve mutations for :provider:compileReleaseJavaWithJavac (Thread[#160,Execution worker,5,main]) started.
build	Build with Gradle	2026-06-06T12:24:17.8804375Z :provider:compileReleaseJavaWithJavac (Thread[#160,Execution worker,5,main]) started.
build	Build with Gradle	2026-06-06T12:24:17.9748678Z 
build	Build with Gradle	2026-06-06T12:24:17.9749531Z > Task :database:generateReleaseRFile
build	Build with Gradle	2026-06-06T12:24:17.9769310Z Caching disabled for ExtractAarTransform: /home/runner/.gradle/caches/modules-2/files-2.1/androidx.core/core/1.15.0/e8d4c7eeed12403fdd2d5ef29a00ebe946d530d6/core-1.15.0.aar because:
build	Build with Gradle	2026-06-06T12:24:17.9772097Z   Caching not enabled.
build	Build with Gradle	2026-06-06T12:24:17.9773890Z Caching disabled for LibrarySymbolTableTransform: /home/runner/.gradle/caches/8.14/transforms/1579267fa5a37e96d30c9c5f50df1bfa/transformed/core-1.15.0 because:
build	Build with Gradle	2026-06-06T12:24:17.9775210Z   Caching not enabled.
build	Build with Gradle	2026-06-06T12:24:17.9781999Z Caching disabled for ExtractAarTransform: /home/runner/.gradle/caches/modules-2/files-2.1/androidx.core/core-ktx/1.15.0/b45c3596eb3875fcb756552706aed117caf90208/core-ktx-1.15.0.aar because:
build	Build with Gradle	2026-06-06T12:24:17.9817970Z   Caching not enabled.
build	Build with Gradle	2026-06-06T12:24:17.9834351Z Caching disabled for ExtractAarTransform: /home/runner/.gradle/caches/modules-2/files-2.1/androidx.sqlite/sqlite-framework/2.4.0/532d56a4f312d78767534ff1cc2f8084baec6c26/sqlite-framework-2.4.0.aar because:
build	Build with Gradle	2026-06-06T12:24:17.9858075Z   Caching not enabled.
build	Build with Gradle	2026-06-06T12:24:17.9888887Z Caching disabled for LibrarySymbolTableTransform: /home/runner/.gradle/caches/8.14/transforms/30462666d3d0a0a6c02c236bd5e7b19f/transformed/core-ktx-1.15.0 because:
build	Build with Gradle	2026-06-06T12:24:17.9900543Z   Caching not enabled.
build	Build with Gradle	2026-06-06T12:24:17.9935717Z Caching disabled for LibrarySymbolTableTransform: /home/runner/.gradle/caches/8.14/transforms/82c33335d6daf0ba2c2d3106c603ebc3/transformed/sqlite-framework-2.4.0 because:
build	Build with Gradle	2026-06-06T12:24:17.9948362Z   Caching not enabled.
build	Build with Gradle	2026-06-06T12:24:17.9968743Z Caching disabled for ExtractAarTransform: /home/runner/.gradle/caches/modules-2/files-2.1/androidx.sqlite/sqlite/2.4.0/cc553e5621c8ad4e233059a724100afa9e2fd1f4/sqlite-2.4.0.aar because:
build	Build with Gradle	2026-06-06T12:24:18.0007992Z   Caching not enabled.
build	Build with Gradle	2026-06-06T12:24:18.0009405Z Caching disabled for LibrarySymbolTableTransform: /home/runner/.gradle/caches/8.14/transforms/f5dc25b733d8c7664560d889ae0ff956/transformed/sqlite-2.4.0 because:
build	Build with Gradle	2026-06-06T12:24:18.0010890Z   Caching not enabled.
build	Build with Gradle	2026-06-06T12:24:18.0012457Z Caching disabled for ExtractAarTransform: /home/runner/.gradle/caches/modules-2/files-2.1/androidx.room/room-runtime/2.6.1/3ebcd7683411c298dd8aeee635f452c96eaf319/room-runtime-2.6.1.aar because:
build	Build with Gradle	2026-06-06T12:24:18.0014011Z   Caching not enabled.
build	Build with Gradle	2026-06-06T12:24:18.0015371Z Caching disabled for LibrarySymbolTableTransform: /home/runner/.gradle/caches/8.14/transforms/a0f2f8571a731d673f1339b181103682/transformed/room-runtime-2.6.1 because:
build	Build with Gradle	2026-06-06T12:24:18.0016752Z   Caching not enabled.
build	Build with Gradle	2026-06-06T12:24:18.0018315Z Caching disabled for ExtractAarTransform: /home/runner/.gradle/caches/modules-2/files-2.1/androidx.room/room-ktx/2.6.1/1f353808ec8a8b2d0a554d2a3f43f0829982df60/room-ktx-2.6.1.aar because:
build	Build with Gradle	2026-06-06T12:24:18.0019840Z   Caching not enabled.
build	Build with Gradle	2026-06-06T12:24:18.0021144Z Caching disabled for LibrarySymbolTableTransform: /home/runner/.gradle/caches/8.14/transforms/b7f54caf5fd601a6753bed9729e1530e/transformed/room-ktx-2.6.1 because:
build	Build with Gradle	2026-06-06T12:24:18.0022538Z   Caching not enabled.
build	Build with Gradle	2026-06-06T12:24:18.0023388Z Build cache key for task ':database:generateReleaseRFile' is 90c26b62cd0036e4177046589bc9a8a4
build	Build with Gradle	2026-06-06T12:24:18.0024496Z Task ':database:generateReleaseRFile' is not up-to-date because:
build	Build with Gradle	2026-06-06T12:24:18.0025291Z   No history is available.
build	Build with Gradle	2026-06-06T12:24:18.0026181Z The input changes require a full rebuild for incremental task ':database:generateReleaseRFile'.
build	Build with Gradle	2026-06-06T12:24:18.0027696Z Stored cache entry for task ':database:generateReleaseRFile' with cache key 90c26b62cd0036e4177046589bc9a8a4
build	Build with Gradle	2026-06-06T12:24:18.0029156Z work action resolve package-aware-r.txt (project :database) (Thread[#159,included builds,5,main]) started.
build	Build with Gradle	2026-06-06T12:24:18.0030527Z Resolve mutations for :rish:compileReleaseJavaWithJavac (Thread[#159,included builds,5,main]) started.
build	Build with Gradle	2026-06-06T12:24:18.0031715Z :rish:compileReleaseJavaWithJavac (Thread[#159,included builds,5,main]) started.
build	Build with Gradle	2026-06-06T12:24:18.4769296Z Note: /home/runner/work/ShizukuPlus/ShizukuPlus/api/provider/src/main/java/rikka/shizuku/ShizukuProvider.java uses or overrides a deprecated API.
build	Build with Gradle	2026-06-06T12:24:18.4770408Z 
build	Build with Gradle	2026-06-06T12:24:18.4820493Z Note: Recompile with -Xlint:deprecation for details.
build	Build with Gradle	2026-06-06T12:24:18.4821370Z > Task :provider:compileReleaseJavaWithJavac
build	Build with Gradle	2026-06-06T12:24:18.4822157Z Custom actions are attached to task ':provider:compileReleaseJavaWithJavac'.
build	Build with Gradle	2026-06-06T12:24:18.4898840Z Build cache key for task ':provider:compileReleaseJavaWithJavac' is 962ee20896759c824c3aede1713a40ef
build	Build with Gradle	2026-06-06T12:24:18.4958855Z Task ':provider:compileReleaseJavaWithJavac' is not up-to-date because:
build	Build with Gradle	2026-06-06T12:24:18.4988707Z   No history is available.
build	Build with Gradle	2026-06-06T12:24:18.4995223Z The input changes require a full rebuild for incremental task ':provider:compileReleaseJavaWithJavac'.
build	Build with Gradle	2026-06-06T12:24:18.5018340Z Compilation mode: in-process compilation
build	Build with Gradle	2026-06-06T12:24:18.5049035Z Full recompilation is required because no incremental change information is available. This is usually caused by clean builds or changing compiler arguments.
build	Build with Gradle	2026-06-06T12:24:18.5078406Z Compiling with toolchain '/usr/lib/jvm/temurin-21-jdk-amd64'.
build	Build with Gradle	2026-06-06T12:24:18.5108578Z file or directory '/home/runner/work/ShizukuPlus/ShizukuPlus/api/provider/src/release/java', not found
build	Build with Gradle	2026-06-06T12:24:18.5138363Z Compiling with JDK Java compiler API.
build	Build with Gradle	2026-06-06T12:24:18.5169182Z Class dependency analysis for incremental compilation took 0.012 secs.
build	Build with Gradle	2026-06-06T12:24:18.5208723Z Created classpath snapshot for incremental compilation in 0.009 secs.
build	Build with Gradle	2026-06-06T12:24:18.5210161Z Stored cache entry for task ':provider:compileReleaseJavaWithJavac' with cache key 962ee20896759c824c3aede1713a40ef
build	Build with Gradle	2026-06-06T12:24:18.5213841Z Resolve mutations for :provider:bundleLibCompileToJarRelease (Thread[#160,Execution worker,5,main]) started.
build	Build with Gradle	2026-06-06T12:24:18.5215143Z :provider:bundleLibCompileToJarRelease (Thread[#160,Execution worker,5,main]) started.
build	Build with Gradle	2026-06-06T12:24:18.5215872Z 
build	Build with Gradle	2026-06-06T12:24:18.5216250Z > Task :provider:bundleLibCompileToJarRelease
build	Build with Gradle	2026-06-06T12:24:18.5217197Z Caching disabled for task ':provider:bundleLibCompileToJarRelease' because:
build	Build with Gradle	2026-06-06T12:24:18.5222709Z   Simple merging task
build	Build with Gradle	2026-06-06T12:24:18.5223526Z Task ':provider:bundleLibCompileToJarRelease' is not up-to-date because:
build	Build with Gradle	2026-06-06T12:24:18.5224408Z   No history is available.
build	Build with Gradle	2026-06-06T12:24:18.5225300Z work action resolve classes.jar (project :provider) (Thread[#160,Execution worker,5,main]) started.
build	Build with Gradle	2026-06-06T12:24:18.5226780Z Resolve mutations for :provider:mergeReleaseGeneratedProguardFiles (Thread[#160,Execution worker,5,main]) started.
build	Build with Gradle	2026-06-06T12:24:18.5228470Z :provider:mergeReleaseGeneratedProguardFiles (Thread[#160,Execution worker,5,main]) started.
build	Build with Gradle	2026-06-06T12:24:18.5230276Z 
build	Build with Gradle	2026-06-06T12:24:18.5231299Z > Task :provider:mergeReleaseGeneratedProguardFiles
build	Build with Gradle	2026-06-06T12:24:18.5232245Z Caching disabled for task ':provider:mergeReleaseGeneratedProguardFiles' because:
build	Build with Gradle	2026-06-06T12:24:18.5233671Z   Simple merging task
build	Build with Gradle	2026-06-06T12:24:18.5234510Z Task ':provider:mergeReleaseGeneratedProguardFiles' is not up-to-date because:
build	Build with Gradle	2026-06-06T12:24:18.5235443Z   No history is available.
build	Build with Gradle	2026-06-06T12:24:18.5236529Z Resolve mutations for :provider:exportReleaseConsumerProguardFiles (Thread[#160,Execution worker,5,main]) started.
build	Build with Gradle	2026-06-06T12:24:18.5238189Z :provider:exportReleaseConsumerProguardFiles (Thread[#160,Execution worker,5,main]) started.
build	Build with Gradle	2026-06-06T12:24:18.5239008Z 
build	Build with Gradle	2026-06-06T12:24:18.5239392Z > Task :provider:exportReleaseConsumerProguardFiles
build	Build with Gradle	2026-06-06T12:24:18.5240393Z Caching disabled for task ':provider:exportReleaseConsumerProguardFiles' because:
build	Build with Gradle	2026-06-06T12:24:18.5241357Z   Caching has been disabled for the task
build	Build with Gradle	2026-06-06T12:24:18.5242246Z Task ':provider:exportReleaseConsumerProguardFiles' is not up-to-date because:
build	Build with Gradle	2026-06-06T12:24:18.5243151Z   No history is available.
build	Build with Gradle	2026-06-06T12:24:18.5244288Z work action resolve exportReleaseConsumerProguardFiles (project :provider) (Thread[#160,Execution worker,5,main]) started.
build	Build with Gradle	2026-06-06T12:24:18.5245726Z FilterShrinkerRulesTransform (Thread[#160,Execution worker,5,main]) started.
build	Build with Gradle	2026-06-06T12:24:18.5246444Z 
build	Build with Gradle	2026-06-06T12:24:18.5247148Z > Transform exportReleaseConsumerProguardFiles (project :provider) with FilterShrinkerRulesTransform
build	Build with Gradle	2026-06-06T12:24:18.5249394Z Caching disabled for FilterShrinkerRulesTransform: /home/runner/work/ShizukuPlus/ShizukuPlus/api/provider/build/intermediates/consumer_proguard_dir/release/exportReleaseConsumerProguardFiles because:
build	Build with Gradle	2026-06-06T12:24:18.5251145Z   Caching not enabled.
build	Build with Gradle	2026-06-06T12:24:18.5252067Z Resolve mutations for :database:kspReleaseKotlin (Thread[#160,Execution worker,5,main]) started.
build	Build with Gradle	2026-06-06T12:24:18.5805899Z :database:kspReleaseKotlin (Thread[#160,Execution worker,5,main]) started.
build	Build with Gradle	2026-06-06T12:24:18.5808445Z 
build	Build with Gradle	2026-06-06T12:24:18.5808715Z > Task :rish:compileReleaseJavaWithJavac
build	Build with Gradle	2026-06-06T12:24:18.5810017Z Caching disabled for AarToClassTransform: /home/runner/.gradle/caches/modules-2/files-2.1/org.lsposed.libcxx/libcxx/27.0.12077973/e3fc896e571505616fed71241993605ca693f476/libcxx-27.0.12077973.aar because:
build	Build with Gradle	2026-06-06T12:24:18.5811717Z   Caching not enabled.
build	Build with Gradle	2026-06-06T12:24:18.5812399Z Custom actions are attached to task ':rish:compileReleaseJavaWithJavac'.
build	Build with Gradle	2026-06-06T12:24:18.5813414Z Build cache key for task ':rish:compileReleaseJavaWithJavac' is a95a9f2f7d61a13eb2750ccaa416b741
build	Build with Gradle	2026-06-06T12:24:18.5814398Z Task ':rish:compileReleaseJavaWithJavac' is not up-to-date because:
build	Build with Gradle	2026-06-06T12:24:18.5815085Z   No history is available.
build	Build with Gradle	2026-06-06T12:24:18.5815932Z The input changes require a full rebuild for incremental task ':rish:compileReleaseJavaWithJavac'.
build	Build with Gradle	2026-06-06T12:24:18.5816790Z Compilation mode: in-process compilation
build	Build with Gradle	2026-06-06T12:24:18.5818393Z Full recompilation is required because no incremental change information is available. This is usually caused by clean builds or changing compiler arguments.
build	Build with Gradle	2026-06-06T12:24:18.5819763Z Compiling with toolchain '/usr/lib/jvm/temurin-21-jdk-amd64'.
build	Build with Gradle	2026-06-06T12:24:18.5820793Z file or directory '/home/runner/work/ShizukuPlus/ShizukuPlus/api/rish/src/release/java', not found
build	Build with Gradle	2026-06-06T12:24:18.5821769Z Compiling with JDK Java compiler API.
build	Build with Gradle	2026-06-06T12:24:18.5822535Z Class dependency analysis for incremental compilation took 0.008 secs.
build	Build with Gradle	2026-06-06T12:24:18.5823486Z Created classpath snapshot for incremental compilation in 0.005 secs.
build	Build with Gradle	2026-06-06T12:24:18.5824682Z Stored cache entry for task ':rish:compileReleaseJavaWithJavac' with cache key a95a9f2f7d61a13eb2750ccaa416b741
build	Build with Gradle	2026-06-06T12:24:18.5826141Z Resolve mutations for :rish:bundleLibCompileToJarRelease (Thread[#159,included builds,5,main]) started.
build	Build with Gradle	2026-06-06T12:24:18.5828631Z :rish:bundleLibCompileToJarRelease (Thread[#159,included builds,5,main]) started.
build	Build with Gradle	2026-06-06T12:24:18.6767921Z 
build	Build with Gradle	2026-06-06T12:24:18.6798580Z > Task :rish:bundleLibCompileToJarRelease
build	Build with Gradle	2026-06-06T12:24:18.6824597Z Caching disabled for task ':rish:bundleLibCompileToJarRelease' because:
build	Build with Gradle	2026-06-06T12:24:18.6838530Z   Simple merging task
build	Build with Gradle	2026-06-06T12:24:18.6851996Z Task ':rish:bundleLibCompileToJarRelease' is not up-to-date because:
build	Build with Gradle	2026-06-06T12:24:18.6878064Z   No history is available.
build	Build with Gradle	2026-06-06T12:24:18.6908426Z work action resolve classes.jar (project :rish) (Thread[#159,included builds,5,main]) started.
build	Build with Gradle	2026-06-06T12:24:18.6927855Z Resolve mutations for :rish:bundleLibRuntimeToJarRelease (Thread[#159,included builds,5,main]) started.
build	Build with Gradle	2026-06-06T12:24:18.6968315Z :rish:bundleLibRuntimeToJarRelease (Thread[#159,included builds,5,main]) started.
build	Build with Gradle	2026-06-06T12:24:18.7756618Z 
build	Build with Gradle	2026-06-06T12:24:18.7788689Z > Task :rish:bundleLibRuntimeToJarRelease
build	Build with Gradle	2026-06-06T12:24:18.7789918Z Caching disabled for task ':rish:bundleLibRuntimeToJarRelease' because:
build	Build with Gradle	2026-06-06T12:24:18.7818308Z   Simple merging task
build	Build with Gradle	2026-06-06T12:24:18.7844620Z Task ':rish:bundleLibRuntimeToJarRelease' is not up-to-date because:
build	Build with Gradle	2026-06-06T12:24:18.7868188Z   No history is available.
build	Build with Gradle	2026-06-06T12:24:18.7898631Z work action resolve classes.jar (project :rish) (Thread[#159,included builds,5,main]) started.
build	Build with Gradle	2026-06-06T12:24:18.7929303Z work action org.gradle.api.internal.artifacts.transform.DefaultTransformUpstreamDependenciesResolver$FinalizeTransformDependenciesFromSelectedArtifacts$CalculateFinalDependencies@588f8854 (Thread[#159,included builds,5,main]) started.
build	Build with Gradle	2026-06-06T12:24:18.7932409Z work action Dependencies for project :server-shared {artifactType=android-classes-jar, asm-transformed-variant=release} (Thread[#159,included builds,5,main]) started.
build	Build with Gradle	2026-06-06T12:24:18.7968682Z Resolve mutations for :server-shared:compileReleaseJavaWithJavac (Thread[#159,included builds,5,main]) started.
build	Build with Gradle	2026-06-06T12:24:18.7998648Z :server-shared:compileReleaseJavaWithJavac (Thread[#159,included builds,5,main]) started.
build	Build with Gradle	2026-06-06T12:24:18.9785803Z 
build	Build with Gradle	2026-06-06T12:24:18.9828606Z > Task :core:ui:compileReleaseKotlin
build	Build with Gradle	2026-06-06T12:24:18.9918352Z i: starting the daemon as: /usr/lib/jvm/temurin-21-jdk-amd64/bin/java -cp /home/runner/.gradle/caches/modules-2/files-2.1/org.jetbrains.kotlin/kotlin-compiler-embeddable/2.2.20/bb8331b7585e36ea311825b01a1c06860c055fd1/kotlin-compiler-embeddable-2.2.20.jar:/home/runner/.gradle/caches/modules-2/files-2.1/org.jetbrains.kotlin/kotlin-stdlib/2.2.20/5380b19fa1924399b62ce3a1faffebb2b4f82272/kotlin-stdlib-2.2.20.jar:/home/runner/.gradle/caches/modules-2/files-2.1/org.jetbrains.kotlin/kotlin-script-runtime/2.2.20/4c679cbeac0bb583b75c3a080013da8eaf240807/kotlin-script-runtime-2.2.20.jar:/home/runner/.gradle/caches/modules-2/files-2.1/org.jetbrains.kotlin/kotlin-reflect/1.6.10/1cbe9c92c12a94eea200d23c2bbaedaf3daf5132/kotlin-reflect-1.6.10.jar:/home/runner/.gradle/caches/modules-2/files-2.1/org.jetbrains.kotlin/kotlin-daemon-embeddable/2.2.20/feff12d48d7f1eb628742b0a721395e16f8755bf/kotlin-daemon-embeddable-2.2.20.jar:/home/runner/.gradle/caches/modules-2/files-2.1/org.jetbrains.kotlinx/kotlinx-coroutines-core-jvm/1.8.0/ac1dc37a30a93150b704022f8d895ee1bd3a36b3/kotlinx-coroutines-core-jvm-1.8.0.jar:/home/runner/.gradle/caches/modules-2/files-2.1/org.jetbrains/annotations/13.0/919f0dfe192fb4e063e7dacadee7f8bb9a2672a9/annotations-13.0.jar -Djava.awt.headless=true -Djava.rmi.server.hostname=127.0.0.1 -Xmx2048m -XX:ReservedCodeCacheSize=320m -Dkotlin.environment.keepalive -ea -XX:+UseCodeCacheFlushing -XX:+UseParallelGC -Dkotlin.daemon.initiator.marker.file=/tmp/kotlin-compiler-in-hizukulus-4363213138844117257.alive --add-exports java.base/sun.nio.ch=ALL-UNNAMED org.jetbrains.kotlin.daemon.KotlinCompileDaemon --daemon-runFilesPath /home/runner/.kotlin/daemon --daemon-autoshutdownIdleSeconds=7200 --daemon-compilerClasspath /home/runner/.gradle/caches/modules-2/files-2.1/org.jetbrains.kotlin/kotlin-compiler-embeddable/2.2.20/bb8331b7585e36ea311825b01a1c06860c055fd1/kotlin-compiler-embeddable-2.2.20.jar:/home/runner/.gradle/caches/modules-2/files-2.1/org.jetbrains.kotlin/kotlin-stdlib/2.2.20/5380b19fa1924399b62ce3a1faffebb2b4f82272/kotlin-stdlib-2.2.20.jar:/home/runner/.gradle/caches/modules-2/files-2.1/org.jetbrains.kotlin/kotlin-script-runtime/2.2.20/4c679cbeac0bb583b75c3a080013da8eaf240807/kotlin-script-runtime-2.2.20.jar:/home/runner/.gradle/caches/modules-2/files-2.1/org.jetbrains.kotlin/kotlin-reflect/1.6.10/1cbe9c92c12a94eea200d23c2bbaedaf3daf5132/kotlin-reflect-1.6.10.jar:/home/runner/.gradle/caches/modules-2/files-2.1/org.jetbrains.kotlin/kotlin-daemon-embeddable/2.2.20/feff12d48d7f1eb628742b0a721395e16f8755bf/kotlin-daemon-embeddable-2.2.20.jar:/home/runner/.gradle/caches/modules-2/files-2.1/org.jetbrains.kotlinx/kotlinx-coroutines-core-jvm/1.8.0/ac1dc37a30a93150b704022f8d895ee1bd3a36b3/kotlinx-coroutines-core-jvm-1.8.0.jar:/home/runner/.gradle/caches/modules-2/files-2.1/org.jetbrains/annotations/13.0/919f0dfe192fb4e063e7dacadee7f8bb9a2672a9/annotations-13.0.jar
build	Build with Gradle	2026-06-06T12:24:18.9964830Z i: #1 retrying connecting to the daemon 
build	Build with Gradle	2026-06-06T12:24:19.0007812Z Options for KOTLIN DAEMON: IncrementalCompilationOptions(super=CompilationOptions(compilerMode=INCREMENTAL_COMPILER, targetPlatform=JVM, reportCategories=[0, 3], reportSeverity=2, requestedCompilationResults=[0], kotlinScriptExtensions=[]), sourceChanges=org.jetbrains.kotlin.buildtools.api.SourcesChanges$Unknown@4b96ea8e, classpathChanges=NotAvailableForNonIncrementalRun, workingDir=/home/runner/work/ShizukuPlus/ShizukuPlus/core/ui/build/kotlin/compileReleaseKotlin/cacheable, multiModuleICSettings=MultiModuleICSettings(buildHistoryFile=/home/runner/work/ShizukuPlus/ShizukuPlus/core/ui/build/kotlin/compileReleaseKotlin/local-state/build-history.bin, useModuleDetection=true), icFeatures=IncrementalCompilationFeatures(usePreciseJavaTracking=true, withAbiSnapshot=false, preciseCompilationResultsBackup=true, keepIncrementalCompilationCachesInMemory=true, enableUnsafeIncrementalCompilationForMultiplatform=false, enableMonotonousIncrementalCompileSetExpansion=true), outputFiles=[/home/runner/work/ShizukuPlus/ShizukuPlus/core/ui/build/tmp/kotlin-classes/release, /home/runner/work/ShizukuPlus/ShizukuPlus/core/ui/build/kotlin/compileReleaseKotlin/cacheable, /home/runner/work/ShizukuPlus/ShizukuPlus/core/ui/build/kotlin/compileReleaseKotlin/local-state])
build	Build with Gradle	2026-06-06T12:24:20.0770076Z 
build	Build with Gradle	2026-06-06T12:24:20.0798508Z Note: Some input files use or override a deprecated API.
build	Build with Gradle	2026-06-06T12:24:20.0858455Z Note: Recompile with -Xlint:deprecation for details.
build	Build with Gradle	2026-06-06T12:24:20.0888582Z > Task :server-shared:compileReleaseJavaWithJavac
build	Build with Gradle	2026-06-06T12:24:20.0980328Z Caching disabled for AarToClassTransform: /home/runner/.gradle/caches/modules-2/files-2.1/dev.rikka.rikkax.parcelablelist/parcelablelist/2.0.1/10cab4d15e7c8d7b2405da8510779de6d6e0d00a/parcelablelist-2.0.1-release.aar because:
build	Build with Gradle	2026-06-06T12:24:20.1100079Z   Caching not enabled.
build	Build with Gradle	2026-06-06T12:24:20.1128608Z Custom actions are attached to task ':server-shared:compileReleaseJavaWithJavac'.
build	Build with Gradle	2026-06-06T12:24:20.1220161Z Build cache key for task ':server-shared:compileReleaseJavaWithJavac' is c3b19568d642f04582101023c12510fb
build	Build with Gradle	2026-06-06T12:24:20.1295572Z Task ':server-shared:compileReleaseJavaWithJavac' is not up-to-date because:
build	Build with Gradle	2026-06-06T12:24:20.1428455Z   No history is available.
build	Build with Gradle	2026-06-06T12:24:20.1518976Z The input changes require a full rebuild for incremental task ':server-shared:compileReleaseJavaWithJavac'.
build	Build with Gradle	2026-06-06T12:24:20.1550610Z Compilation mode: in-process compilation
build	Build with Gradle	2026-06-06T12:24:20.1579184Z Full recompilation is required because no incremental change information is available. This is usually caused by clean builds or changing compiler arguments.
build	Build with Gradle	2026-06-06T12:24:20.1608442Z Compiling with toolchain '/usr/lib/jvm/temurin-21-jdk-amd64'.
build	Build with Gradle	2026-06-06T12:24:20.1615803Z file or directory '/home/runner/work/ShizukuPlus/ShizukuPlus/api/server-shared/src/release/java', not found
build	Build with Gradle	2026-06-06T12:24:20.1640259Z Compiling with JDK Java compiler API.
build	Build with Gradle	2026-06-06T12:24:20.1690259Z Class dependency analysis for incremental compilation took 0.037 secs.
build	Build with Gradle	2026-06-06T12:24:20.1748782Z Created classpath snapshot for incremental compilation in 0.216 secs.
build	Build with Gradle	2026-06-06T12:24:20.1750414Z Stored cache entry for task ':server-shared:compileReleaseJavaWithJavac' with cache key c3b19568d642f04582101023c12510fb
build	Build with Gradle	2026-06-06T12:24:20.1778862Z Resolve mutations for :server-shared:transformReleaseClassesWithAsm (Thread[#159,included builds,5,main]) started.
build	Build with Gradle	2026-06-06T12:24:20.1808648Z :server-shared:transformReleaseClassesWithAsm (Thread[#159,included builds,5,main]) started.
build	Build with Gradle	2026-06-06T12:24:20.5764935Z 
build	Build with Gradle	2026-06-06T12:24:20.5818778Z > Task :database:kspReleaseKotlin
build	Build with Gradle	2026-06-06T12:24:20.5849727Z file or directory '/home/runner/work/ShizukuPlus/ShizukuPlus/database/src/release/kotlin', not found
build	Build with Gradle	2026-06-06T12:24:20.5905079Z file or directory '/home/runner/work/ShizukuPlus/ShizukuPlus/database/src/release/java', not found
build	Build with Gradle	2026-06-06T12:24:20.5957824Z file or directory '/home/runner/work/ShizukuPlus/ShizukuPlus/database/src/main/kotlin', not found
build	Build with Gradle	2026-06-06T12:24:20.5988805Z file or directory '/home/runner/work/ShizukuPlus/ShizukuPlus/database/src/release/java', not found
build	Build with Gradle	2026-06-06T12:24:20.6049715Z Caching disabled for AarToClassTransform: /home/runner/.gradle/caches/modules-2/files-2.1/androidx.core/core-ktx/1.15.0/b45c3596eb3875fcb756552706aed117caf90208/core-ktx-1.15.0.aar because:
build	Build with Gradle	2026-06-06T12:24:20.6108438Z   Caching not enabled.
build	Build with Gradle	2026-06-06T12:24:20.6139282Z Caching disabled for AarToClassTransform: /home/runner/.gradle/caches/modules-2/files-2.1/androidx.core/core/1.15.0/e8d4c7eeed12403fdd2d5ef29a00ebe946d530d6/core-1.15.0.aar because:
build	Build with Gradle	2026-06-06T12:24:20.6152515Z   Caching not enabled.
build	Build with Gradle	2026-06-06T12:24:20.6167024Z Caching disabled for AarToClassTransform: /home/runner/.gradle/caches/modules-2/files-2.1/androidx.sqlite/sqlite-framework/2.4.0/532d56a4f312d78767534ff1cc2f8084baec6c26/sqlite-framework-2.4.0.aar because:
build	Build with Gradle	2026-06-06T12:24:20.6169087Z   Caching not enabled.
build	Build with Gradle	2026-06-06T12:24:20.6170544Z Caching disabled for AarToClassTransform: /home/runner/.gradle/caches/modules-2/files-2.1/androidx.sqlite/sqlite/2.4.0/cc553e5621c8ad4e233059a724100afa9e2fd1f4/sqlite-2.4.0.aar because:
build	Build with Gradle	2026-06-06T12:24:20.6172054Z   Caching not enabled.
build	Build with Gradle	2026-06-06T12:24:20.6173465Z Caching disabled for AarToClassTransform: /home/runner/.gradle/caches/modules-2/files-2.1/androidx.room/room-ktx/2.6.1/1f353808ec8a8b2d0a554d2a3f43f0829982df60/room-ktx-2.6.1.aar because:
build	Build with Gradle	2026-06-06T12:24:20.6175107Z   Caching not enabled.
build	Build with Gradle	2026-06-06T12:24:20.6176584Z Caching disabled for AarToClassTransform: /home/runner/.gradle/caches/modules-2/files-2.1/androidx.room/room-runtime/2.6.1/3ebcd7683411c298dd8aeee635f452c96eaf319/room-runtime-2.6.1.aar because:
build	Build with Gradle	2026-06-06T12:24:20.6208095Z   Caching not enabled.
build	Build with Gradle	2026-06-06T12:24:20.6229520Z Adding -Xuse-inline-scopes-numbers Kotlin compiler flag for task :database:compileDebugAndroidTestKotlin
build	Build with Gradle	2026-06-06T12:24:20.6251009Z Build cache key for BuildToolsApiClasspathEntrySnapshotTransform: /home/runner/work/ShizukuPlus/ShizukuPlus/database/build/intermediates/compile_r_class_jar/release/generateReleaseRFile/R.jar is 621d5d2397dcff6f0d45e358bcf82b77
build	Build with Gradle	2026-06-06T12:24:20.6269059Z Stored cache entry for BuildToolsApiClasspathEntrySnapshotTransform: /home/runner/work/ShizukuPlus/ShizukuPlus/database/build/intermediates/compile_r_class_jar/release/generateReleaseRFile/R.jar with cache key 621d5d2397dcff6f0d45e358bcf82b77
build	Build with Gradle	2026-06-06T12:24:20.6295717Z Build cache key for BuildToolsApiClasspathEntrySnapshotTransform: /home/runner/.gradle/caches/8.14/transforms/40161baedd1e84aebf665e1d04aac08b/transformed/core-ktx-1.15.0-api.jar is 27b16a252e19691dad56d8d32abcdb5f
build	Build with Gradle	2026-06-06T12:24:20.6329450Z Stored cache entry for BuildToolsApiClasspathEntrySnapshotTransform: /home/runner/.gradle/caches/8.14/transforms/40161baedd1e84aebf665e1d04aac08b/transformed/core-ktx-1.15.0-api.jar with cache key 27b16a252e19691dad56d8d32abcdb5f
build	Build with Gradle	2026-06-06T12:24:20.6348394Z Build cache key for BuildToolsApiClasspathEntrySnapshotTransform: /home/runner/.gradle/caches/modules-2/files-2.1/org.jetbrains.kotlinx/kotlinx-coroutines-core-jvm/1.10.2/4a9f78ef49483748e2c129f3d124b8fa249dafbf/kotlinx-coroutines-core-jvm-1.10.2.jar is 7821b70898cc004e93d39c12e856888f
build	Build with Gradle	2026-06-06T12:24:20.6386558Z Stored cache entry for BuildToolsApiClasspathEntrySnapshotTransform: /home/runner/.gradle/caches/modules-2/files-2.1/org.jetbrains.kotlinx/kotlinx-coroutines-core-jvm/1.10.2/4a9f78ef49483748e2c129f3d124b8fa249dafbf/kotlinx-coroutines-core-jvm-1.10.2.jar with cache key 7821b70898cc004e93d39c12e856888f
build	Build with Gradle	2026-06-06T12:24:20.6389898Z Build cache key for BuildToolsApiClasspathEntrySnapshotTransform: /home/runner/.gradle/caches/8.14/transforms/006dccf15ecafaeec775acdf4331ca4d/transformed/core-1.15.0-api.jar is c9818d0670f558c735ca395a35ae076a
build	Build with Gradle	2026-06-06T12:24:20.6419369Z Stored cache entry for BuildToolsApiClasspathEntrySnapshotTransform: /home/runner/.gradle/caches/8.14/transforms/006dccf15ecafaeec775acdf4331ca4d/transformed/core-1.15.0-api.jar with cache key c9818d0670f558c735ca395a35ae076a
build	Build with Gradle	2026-06-06T12:24:20.6449754Z Build cache key for BuildToolsApiClasspathEntrySnapshotTransform: /home/runner/.gradle/caches/modules-2/files-2.1/org.jetbrains.kotlinx/kotlinx-coroutines-android/1.10.2/c8705d275d81f19e8afaf3ff9b5bf7a4b6b6c19b/kotlinx-coroutines-android-1.10.2.jar is 4d05536e3ce9d79b236d05347ec66750
build	Build with Gradle	2026-06-06T12:24:20.6479959Z Stored cache entry for BuildToolsApiClasspathEntrySnapshotTransform: /home/runner/.gradle/caches/modules-2/files-2.1/org.jetbrains.kotlinx/kotlinx-coroutines-android/1.10.2/c8705d275d81f19e8afaf3ff9b5bf7a4b6b6c19b/kotlinx-coroutines-android-1.10.2.jar with cache key 4d05536e3ce9d79b236d05347ec66750
build	Build with Gradle	2026-06-06T12:24:20.6485499Z Build cache key for BuildToolsApiClasspathEntrySnapshotTransform: /home/runner/.gradle/caches/modules-2/files-2.1/org.jetbrains.kotlinx/kotlinx-serialization-core-jvm/1.8.0/fe5bb37ab4a3771f14c63e0c333c98bdfeb1d7cc/kotlinx-serialization-core-jvm-1.8.0.jar is 30f39da2994c6232c3cd728b3c33902b
build	Build with Gradle	2026-06-06T12:24:20.6539876Z Stored cache entry for BuildToolsApiClasspathEntrySnapshotTransform: /home/runner/.gradle/caches/modules-2/files-2.1/org.jetbrains.kotlinx/kotlinx-serialization-core-jvm/1.8.0/fe5bb37ab4a3771f14c63e0c333c98bdfeb1d7cc/kotlinx-serialization-core-jvm-1.8.0.jar with cache key 30f39da2994c6232c3cd728b3c33902b
build	Build with Gradle	2026-06-06T12:24:20.6544320Z Build cache key for BuildToolsApiClasspathEntrySnapshotTransform: /home/runner/.gradle/caches/modules-2/files-2.1/org.jetbrains.kotlinx/kotlinx-serialization-json-jvm/1.8.0/8253bf6e8c713a3dace54493a838e0f8fd3e08fa/kotlinx-serialization-json-jvm-1.8.0.jar is 3eef9235870098bada1fe208f140e368
build	Build with Gradle	2026-06-06T12:24:20.6579649Z Build cache key for BuildToolsApiClasspathEntrySnapshotTransform: /home/runner/.gradle/caches/modules-2/files-2.1/androidx.room/room-common/2.6.1/ff1b9580850a9b7eef56554e356628d225785265/room-common-2.6.1.jar is 5eb1f543153e9cd83ec785275bff88ea
build	Build with Gradle	2026-06-06T12:24:20.6606454Z Stored cache entry for BuildToolsApiClasspathEntrySnapshotTransform: /home/runner/.gradle/caches/modules-2/files-2.1/androidx.room/room-common/2.6.1/ff1b9580850a9b7eef56554e356628d225785265/room-common-2.6.1.jar with cache key 5eb1f543153e9cd83ec785275bff88ea
build	Build with Gradle	2026-06-06T12:24:20.6610148Z Build cache key for BuildToolsApiClasspathEntrySnapshotTransform: /home/runner/.gradle/caches/8.14/transforms/0ff9062776bd144ffe9cf70141418494/transformed/sqlite-framework-2.4.0-api.jar is 28fa11b336fc4720a34ee2b6fd9e65e1
build	Build with Gradle	2026-06-06T12:24:20.6640162Z Stored cache entry for BuildToolsApiClasspathEntrySnapshotTransform: /home/runner/.gradle/caches/modules-2/files-2.1/org.jetbrains.kotlinx/kotlinx-serialization-json-jvm/1.8.0/8253bf6e8c713a3dace54493a838e0f8fd3e08fa/kotlinx-serialization-json-jvm-1.8.0.jar with cache key 3eef9235870098bada1fe208f140e368
build	Build with Gradle	2026-06-06T12:24:20.6669346Z Build cache key for BuildToolsApiClasspathEntrySnapshotTransform: /home/runner/.gradle/caches/8.14/transforms/04ef5605bbb26f936076da1488a661e6/transformed/sqlite-2.4.0-api.jar is 09ee3f9d560f8f436de5a01e61d8dca4
build	Build with Gradle	2026-06-06T12:24:20.6699682Z Stored cache entry for BuildToolsApiClasspathEntrySnapshotTransform: /home/runner/.gradle/caches/8.14/transforms/0ff9062776bd144ffe9cf70141418494/transformed/sqlite-framework-2.4.0-api.jar with cache key 28fa11b336fc4720a34ee2b6fd9e65e1
build	Build with Gradle	2026-06-06T12:24:20.6710988Z Build cache key for BuildToolsApiClasspathEntrySnapshotTransform: /home/runner/work/ShizukuPlus/ShizukuPlus/api/api/build/intermediates/compile_library_classes_jar/release/bundleLibCompileToJarRelease/classes.jar is 22e73b5de011626bb95488bce27a0874
build	Build with Gradle	2026-06-06T12:24:20.6759301Z Stored cache entry for BuildToolsApiClasspathEntrySnapshotTransform: /home/runner/.gradle/caches/8.14/transforms/04ef5605bbb26f936076da1488a661e6/transformed/sqlite-2.4.0-api.jar with cache key 09ee3f9d560f8f436de5a01e61d8dca4
build	Build with Gradle	2026-06-06T12:24:20.6762438Z Stored cache entry for BuildToolsApiClasspathEntrySnapshotTransform: /home/runner/work/ShizukuPlus/ShizukuPlus/api/api/build/intermediates/compile_library_classes_jar/release/bundleLibCompileToJarRelease/classes.jar with cache key 22e73b5de011626bb95488bce27a0874
build	Build with Gradle	2026-06-06T12:24:20.6789618Z Build cache key for BuildToolsApiClasspathEntrySnapshotTransform: /home/runner/.gradle/caches/modules-2/files-2.1/org.jetbrains/annotations/23.0.0/8cc20c07506ec18e0834947b84a864bfc094484e/annotations-23.0.0.jar is 1e9057ce0cea78e7f31b3f6228af8d75
build	Build with Gradle	2026-06-06T12:24:20.6815535Z Build cache key for BuildToolsApiClasspathEntrySnapshotTransform: /home/runner/work/ShizukuPlus/ShizukuPlus/api/aidl/build/intermediates/compile_library_classes_jar/release/bundleLibCompileToJarRelease/classes.jar is e099e216378bb43e940345340c64ab19
build	Build with Gradle	2026-06-06T12:24:20.6828419Z Stored cache entry for BuildToolsApiClasspathEntrySnapshotTransform: /home/runner/.gradle/caches/modules-2/files-2.1/org.jetbrains/annotations/23.0.0/8cc20c07506ec18e0834947b84a864bfc094484e/annotations-23.0.0.jar with cache key 1e9057ce0cea78e7f31b3f6228af8d75
build	Build with Gradle	2026-06-06T12:24:20.6849696Z Build cache key for BuildToolsApiClasspathEntrySnapshotTransform: /home/runner/work/ShizukuPlus/ShizukuPlus/api/shared/build/intermediates/compile_library_classes_jar/release/bundleLibCompileToJarRelease/classes.jar is 492672a0876311a110352c5bb26244e3
build	Build with Gradle	2026-06-06T12:24:20.6879799Z Stored cache entry for BuildToolsApiClasspathEntrySnapshotTransform: /home/runner/work/ShizukuPlus/ShizukuPlus/api/shared/build/intermediates/compile_library_classes_jar/release/bundleLibCompileToJarRelease/classes.jar with cache key 492672a0876311a110352c5bb26244e3
build	Build with Gradle	2026-06-06T12:24:20.6909921Z Stored cache entry for BuildToolsApiClasspathEntrySnapshotTransform: /home/runner/work/ShizukuPlus/ShizukuPlus/api/aidl/build/intermediates/compile_library_classes_jar/release/bundleLibCompileToJarRelease/classes.jar with cache key e099e216378bb43e940345340c64ab19
build	Build with Gradle	2026-06-06T12:24:20.6939145Z Build cache key for BuildToolsApiClasspathEntrySnapshotTransform: /home/runner/.gradle/caches/8.14/transforms/6a02708fa92b95e5b6543533e87700a5/transformed/room-runtime-2.6.1-api.jar is 48f89a2695868106b7c0db43535b1e89
build	Build with Gradle	2026-06-06T12:24:20.6969273Z Build cache key for BuildToolsApiClasspathEntrySnapshotTransform: /home/runner/.gradle/caches/8.14/transforms/d7ca1ca994ae35a721f3fe27b29baebd/transformed/room-ktx-2.6.1-api.jar is b85db05b321573ebc4fbd4ab07f45c53
build	Build with Gradle	2026-06-06T12:24:20.6999372Z Stored cache entry for BuildToolsApiClasspathEntrySnapshotTransform: /home/runner/.gradle/caches/8.14/transforms/d7ca1ca994ae35a721f3fe27b29baebd/transformed/room-ktx-2.6.1-api.jar with cache key b85db05b321573ebc4fbd4ab07f45c53
build	Build with Gradle	2026-06-06T12:24:20.7002391Z Stored cache entry for BuildToolsApiClasspathEntrySnapshotTransform: /home/runner/.gradle/caches/8.14/transforms/6a02708fa92b95e5b6543533e87700a5/transformed/room-runtime-2.6.1-api.jar with cache key 48f89a2695868106b7c0db43535b1e89
build	Build with Gradle	2026-06-06T12:24:20.7028868Z Build cache key for StructureTransformAction: /usr/local/lib/android/sdk/platforms/android-35/android.jar is ee9e08f7fe3ef9e425e79bec9ca8d4ef
build	Build with Gradle	2026-06-06T12:24:20.7064941Z Build cache key for StructureTransformAction: /usr/local/lib/android/sdk/build-tools/35.0.0/core-lambda-stubs.jar is 7d5b91c483079803c628a71ed38334ec
build	Build with Gradle	2026-06-06T12:24:20.7088857Z Stored cache entry for StructureTransformAction: /usr/local/lib/android/sdk/build-tools/35.0.0/core-lambda-stubs.jar with cache key 7d5b91c483079803c628a71ed38334ec
build	Build with Gradle	2026-06-06T12:24:20.7119235Z Build cache key for StructureTransformAction: /home/runner/.gradle/caches/8.14/transforms/d7ca1ca994ae35a721f3fe27b29baebd/transformed/room-ktx-2.6.1-api.jar is 13def0b92adf9f964b0c103d19b5ac2b
build	Build with Gradle	2026-06-06T12:24:20.7149203Z Stored cache entry for StructureTransformAction: /home/runner/.gradle/caches/8.14/transforms/d7ca1ca994ae35a721f3fe27b29baebd/transformed/room-ktx-2.6.1-api.jar with cache key 13def0b92adf9f964b0c103d19b5ac2b
build	Build with Gradle	2026-06-06T12:24:20.7152203Z Build cache key for StructureTransformAction: /home/runner/.gradle/caches/8.14/transforms/6a02708fa92b95e5b6543533e87700a5/transformed/room-runtime-2.6.1-api.jar is 71242273b556295cd763a367a46ca302
build	Build with Gradle	2026-06-06T12:24:20.7179221Z Stored cache entry for StructureTransformAction: /home/runner/.gradle/caches/8.14/transforms/6a02708fa92b95e5b6543533e87700a5/transformed/room-runtime-2.6.1-api.jar with cache key 71242273b556295cd763a367a46ca302
build	Build with Gradle	2026-06-06T12:24:20.7209279Z Build cache key for StructureTransformAction: /home/runner/.gradle/caches/8.14/transforms/40161baedd1e84aebf665e1d04aac08b/transformed/core-ktx-1.15.0-api.jar is 4f24377dd4f9cf8fbedddd7f35254a5d
build	Build with Gradle	2026-06-06T12:24:20.7239071Z Stored cache entry for StructureTransformAction: /home/runner/.gradle/caches/8.14/transforms/40161baedd1e84aebf665e1d04aac08b/transformed/core-ktx-1.15.0-api.jar with cache key 4f24377dd4f9cf8fbedddd7f35254a5d
build	Build with Gradle	2026-06-06T12:24:20.7257772Z Build cache key for StructureTransformAction: /home/runner/.gradle/caches/8.14/transforms/aa5bc52dadecc31f5d5eec4c7230eba6/transformed/timber-5.0.1-api.jar is 6dac46dd53c0dfdcdc9ecd9f943c4800
build	Build with Gradle	2026-06-06T12:24:20.7289020Z Stored cache entry for StructureTransformAction: /home/runner/.gradle/caches/8.14/transforms/aa5bc52dadecc31f5d5eec4c7230eba6/transformed/timber-5.0.1-api.jar with cache key 6dac46dd53c0dfdcdc9ecd9f943c4800
build	Build with Gradle	2026-06-06T12:24:20.7309435Z Build cache key for StructureTransformAction: /home/runner/.gradle/caches/modules-2/files-2.1/org.jetbrains.kotlinx/kotlinx-coroutines-core-jvm/1.10.2/4a9f78ef49483748e2c129f3d124b8fa249dafbf/kotlinx-coroutines-core-jvm-1.10.2.jar is 716a1450bd39bbe439bd9f7495e4c0fa
build	Build with Gradle	2026-06-06T12:24:20.7319611Z Stored cache entry for StructureTransformAction: /home/runner/.gradle/caches/modules-2/files-2.1/org.jetbrains.kotlinx/kotlinx-coroutines-core-jvm/1.10.2/4a9f78ef49483748e2c129f3d124b8fa249dafbf/kotlinx-coroutines-core-jvm-1.10.2.jar with cache key 716a1450bd39bbe439bd9f7495e4c0fa
build	Build with Gradle	2026-06-06T12:24:20.7348989Z Build cache key for StructureTransformAction: /home/runner/.gradle/caches/8.14/transforms/006dccf15ecafaeec775acdf4331ca4d/transformed/core-1.15.0-api.jar is e04cd337908c9b91d008d4046a93ac0d
build	Build with Gradle	2026-06-06T12:24:20.8769358Z Stored cache entry for StructureTransformAction: /home/runner/.gradle/caches/8.14/transforms/006dccf15ecafaeec775acdf4331ca4d/transformed/core-1.15.0-api.jar with cache key e04cd337908c9b91d008d4046a93ac0d
build	Build with Gradle	2026-06-06T12:24:20.8799305Z Build cache key for StructureTransformAction: /home/runner/.gradle/caches/8.14/transforms/62bab263d4dbc8ef089dd16ce9a54e09/transformed/lifecycle-runtime-2.6.2-api.jar is 651df41d91cbab3bf1c4cf30f9d8899a
build	Build with Gradle	2026-06-06T12:24:20.8825732Z Stored cache entry for StructureTransformAction: /home/runner/.gradle/caches/8.14/transforms/62bab263d4dbc8ef089dd16ce9a54e09/transformed/lifecycle-runtime-2.6.2-api.jar with cache key 651df41d91cbab3bf1c4cf30f9d8899a
build	Build with Gradle	2026-06-06T12:24:20.8839736Z Build cache key for StructureTransformAction: /home/runner/.gradle/caches/modules-2/files-2.1/androidx.lifecycle/lifecycle-common/2.6.2/10f354fdb64868baecd67128560c5a0d6312c495/lifecycle-common-2.6.2.jar is e857328994d76319bebed40995d56b5d
build	Build with Gradle	2026-06-06T12:24:20.8859488Z Stored cache entry for StructureTransformAction: /home/runner/.gradle/caches/modules-2/files-2.1/androidx.lifecycle/lifecycle-common/2.6.2/10f354fdb64868baecd67128560c5a0d6312c495/lifecycle-common-2.6.2.jar with cache key e857328994d76319bebed40995d56b5d
build	Build with Gradle	2026-06-06T12:24:20.8869747Z Build cache key for StructureTransformAction: /home/runner/.gradle/caches/modules-2/files-2.1/org.jetbrains.kotlinx/kotlinx-coroutines-android/1.10.2/c8705d275d81f19e8afaf3ff9b5bf7a4b6b6c19b/kotlinx-coroutines-android-1.10.2.jar is 923bd9a54fcfda55b65763a88d050dc8
build	Build with Gradle	2026-06-06T12:24:20.8899923Z Stored cache entry for StructureTransformAction: /home/runner/.gradle/caches/modules-2/files-2.1/org.jetbrains.kotlinx/kotlinx-coroutines-android/1.10.2/c8705d275d81f19e8afaf3ff9b5bf7a4b6b6c19b/kotlinx-coroutines-android-1.10.2.jar with cache key 923bd9a54fcfda55b65763a88d050dc8
build	Build with Gradle	2026-06-06T12:24:20.8929359Z Build cache key for StructureTransformAction: /home/runner/.gradle/caches/modules-2/files-2.1/org.jetbrains.kotlinx/kotlinx-serialization-core-jvm/1.8.0/fe5bb37ab4a3771f14c63e0c333c98bdfeb1d7cc/kotlinx-serialization-core-jvm-1.8.0.jar is 98a933422b69360915beff91f6ab0aaf
build	Build with Gradle	2026-06-06T12:24:20.9770174Z Stored cache entry for StructureTransformAction: /home/runner/.gradle/caches/modules-2/files-2.1/org.jetbrains.kotlinx/kotlinx-serialization-core-jvm/1.8.0/fe5bb37ab4a3771f14c63e0c333c98bdfeb1d7cc/kotlinx-serialization-core-jvm-1.8.0.jar with cache key 98a933422b69360915beff91f6ab0aaf
build	Build with Gradle	2026-06-06T12:24:20.9830008Z Build cache key for StructureTransformAction: /home/runner/.gradle/caches/modules-2/files-2.1/org.jetbrains.kotlinx/kotlinx-serialization-json-jvm/1.8.0/8253bf6e8c713a3dace54493a838e0f8fd3e08fa/kotlinx-serialization-json-jvm-1.8.0.jar is 0cd10078e2a0b46e5cc569ce93d87526
build	Build with Gradle	2026-06-06T12:24:20.9889917Z Stored cache entry for StructureTransformAction: /home/runner/.gradle/caches/modules-2/files-2.1/org.jetbrains.kotlinx/kotlinx-serialization-json-jvm/1.8.0/8253bf6e8c713a3dace54493a838e0f8fd3e08fa/kotlinx-serialization-json-jvm-1.8.0.jar with cache key 0cd10078e2a0b46e5cc569ce93d87526
build	Build with Gradle	2026-06-06T12:24:20.9909591Z Build cache key for StructureTransformAction: /home/runner/.gradle/caches/modules-2/files-2.1/org.jetbrains.kotlin/kotlin-stdlib-jdk8/1.8.22/b25c86d47d6b962b9cf0f8c3f320c8a10eea3dd1/kotlin-stdlib-jdk8-1.8.22.jar is ee01468472d75b354507334bff02399d
build	Build with Gradle	2026-06-06T12:24:20.9929495Z Stored cache entry for StructureTransformAction: /home/runner/.gradle/caches/modules-2/files-2.1/org.jetbrains.kotlin/kotlin-stdlib-jdk8/1.8.22/b25c86d47d6b962b9cf0f8c3f320c8a10eea3dd1/kotlin-stdlib-jdk8-1.8.22.jar with cache key ee01468472d75b354507334bff02399d
build	Build with Gradle	2026-06-06T12:24:21.0799494Z Build cache key for StructureTransformAction: /home/runner/.gradle/caches/8.14/transforms/0ff9062776bd144ffe9cf70141418494/transformed/sqlite-framework-2.4.0-api.jar is fc247ad36fa8f9ccc350b95112580574
build	Build with Gradle	2026-06-06T12:24:21.0829503Z Stored cache entry for StructureTransformAction: /home/runner/.gradle/caches/8.14/transforms/0ff9062776bd144ffe9cf70141418494/transformed/sqlite-framework-2.4.0-api.jar with cache key fc247ad36fa8f9ccc350b95112580574
build	Build with Gradle	2026-06-06T12:24:21.0859223Z Build cache key for StructureTransformAction: /home/runner/.gradle/caches/8.14/transforms/04ef5605bbb26f936076da1488a661e6/transformed/sqlite-2.4.0-api.jar is 44482f87b4f3c5acf1e2ebd58d9b1f3b
build	Build with Gradle	2026-06-06T12:24:21.0880288Z Stored cache entry for StructureTransformAction: /home/runner/.gradle/caches/8.14/transforms/04ef5605bbb26f936076da1488a661e6/transformed/sqlite-2.4.0-api.jar with cache key 44482f87b4f3c5acf1e2ebd58d9b1f3b
build	Build with Gradle	2026-06-06T12:24:21.0909171Z Build cache key for StructureTransformAction: /home/runner/.gradle/caches/8.14/transforms/029fda08cedd4569f2ffaf4980b989ee/transformed/versionedparcelable-1.1.1-api.jar is 83637a04a088c5bf512fbcda13af2a10
build	Build with Gradle	2026-06-06T12:24:21.0939256Z Stored cache entry for StructureTransformAction: /home/runner/.gradle/caches/8.14/transforms/029fda08cedd4569f2ffaf4980b989ee/transformed/versionedparcelable-1.1.1-api.jar with cache key 83637a04a088c5bf512fbcda13af2a10
build	Build with Gradle	2026-06-06T12:24:21.0949297Z Build cache key for StructureTransformAction: /home/runner/.gradle/caches/modules-2/files-2.1/androidx.arch.core/core-common/2.2.0/5e1b8b81dfd5f52c56a8d53b18ca759c19a301f3/core-common-2.2.0.jar is 8be4cb9c5c59f776c5ce83555b82e7ab
build	Build with Gradle	2026-06-06T12:24:21.0961394Z Stored cache entry for StructureTransformAction: /home/runner/.gradle/caches/modules-2/files-2.1/androidx.arch.core/core-common/2.2.0/5e1b8b81dfd5f52c56a8d53b18ca759c19a301f3/core-common-2.2.0.jar with cache key 8be4cb9c5c59f776c5ce83555b82e7ab
build	Build with Gradle	2026-06-06T12:24:21.0986102Z Build cache key for StructureTransformAction: /home/runner/.gradle/caches/modules-2/files-2.1/androidx.collection/collection-jvm/1.4.2/bc60b5568a66d765a9fe8e266fd0c6c727e0b50b/collection-jvm-1.4.2.jar is ad123b07b374170310283927cb26514a
build	Build with Gradle	2026-06-06T12:24:21.1759788Z Stored cache entry for StructureTransformAction: /home/runner/.gradle/caches/modules-2/files-2.1/androidx.collection/collection-jvm/1.4.2/bc60b5568a66d765a9fe8e266fd0c6c727e0b50b/collection-jvm-1.4.2.jar with cache key ad123b07b374170310283927cb26514a
build	Build with Gradle	2026-06-06T12:24:21.1789910Z Build cache key for StructureTransformAction: /home/runner/.gradle/caches/modules-2/files-2.1/androidx.annotation/annotation-jvm/1.9.1/b17951747e38bf3986a24431b9ba0d039958aa5f/annotation-jvm-1.9.1.jar is eaa98a97f2ec14815428c267f7a02924
build	Build with Gradle	2026-06-06T12:24:21.1816860Z Stored cache entry for StructureTransformAction: /home/runner/.gradle/caches/modules-2/files-2.1/androidx.annotation/annotation-jvm/1.9.1/b17951747e38bf3986a24431b9ba0d039958aa5f/annotation-jvm-1.9.1.jar with cache key eaa98a97f2ec14815428c267f7a02924
build	Build with Gradle	2026-06-06T12:24:21.1826491Z Build cache key for StructureTransformAction: /home/runner/.gradle/caches/8.14/transforms/bc3b67668acf814c6ee05e4ab055cf2f/transformed/annotation-experimental-1.4.1-api.jar is 2448e9c467379621d87a2165738738df
build	Build with Gradle	2026-06-06T12:24:21.2789913Z Stored cache entry for StructureTransformAction: /home/runner/.gradle/caches/8.14/transforms/bc3b67668acf814c6ee05e4ab055cf2f/transformed/annotation-experimental-1.4.1-api.jar with cache key 2448e9c467379621d87a2165738738df
build	Build with Gradle	2026-06-06T12:24:21.2799512Z Build cache key for StructureTransformAction: /home/runner/.gradle/caches/modules-2/files-2.1/org.jetbrains.kotlin/kotlin-stdlib-jdk7/1.8.22/4dabb8248310d833bb6a8b516024a91fd3d275c/kotlin-stdlib-jdk7-1.8.22.jar is 96183b8bc9be842afcdce0cfe5ee2c68
build	Build with Gradle	2026-06-06T12:24:21.2900120Z Stored cache entry for StructureTransformAction: /home/runner/.gradle/caches/modules-2/files-2.1/org.jetbrains.kotlin/kotlin-stdlib-jdk7/1.8.22/4dabb8248310d833bb6a8b516024a91fd3d275c/kotlin-stdlib-jdk7-1.8.22.jar with cache key 96183b8bc9be842afcdce0cfe5ee2c68
build	Build with Gradle	2026-06-06T12:24:21.2939889Z Build cache key for StructureTransformAction: /home/runner/.gradle/caches/modules-2/files-2.1/org.jetbrains.kotlin/kotlin-stdlib/2.2.20/5380b19fa1924399b62ce3a1faffebb2b4f82272/kotlin-stdlib-2.2.20.jar is bb0bee92c3d5f2dd923909b1cd7033e7
build	Build with Gradle	2026-06-06T12:24:21.6751755Z Stored cache entry for StructureTransformAction: /usr/local/lib/android/sdk/platforms/android-35/android.jar with cache key ee9e08f7fe3ef9e425e79bec9ca8d4ef
build	Build with Gradle	2026-06-06T12:24:21.6819859Z Build cache key for StructureTransformAction: /home/runner/work/ShizukuPlus/ShizukuPlus/common/build/intermediates/compile_library_classes_jar/release/bundleLibCompileToJarRelease/classes.jar is c785d1ab73821090a72760f850d97266
build	Build with Gradle	2026-06-06T12:24:21.6859634Z Stored cache entry for StructureTransformAction: /home/runner/work/ShizukuPlus/ShizukuPlus/common/build/intermediates/compile_library_classes_jar/release/bundleLibCompileToJarRelease/classes.jar with cache key c785d1ab73821090a72760f850d97266
build	Build with Gradle	2026-06-06T12:24:21.6863118Z Build cache key for StructureTransformAction: /home/runner/work/ShizukuPlus/ShizukuPlus/api/api/build/intermediates/compile_library_classes_jar/release/bundleLibCompileToJarRelease/classes.jar is a8f7aec767e5ff7377d79c68a7415e49
build	Build with Gradle	2026-06-06T12:24:21.6889621Z Stored cache entry for StructureTransformAction: /home/runner/.gradle/caches/modules-2/files-2.1/org.jetbrains.kotlin/kotlin-stdlib/2.2.20/5380b19fa1924399b62ce3a1faffebb2b4f82272/kotlin-stdlib-2.2.20.jar with cache key bb0bee92c3d5f2dd923909b1cd7033e7
build	Build with Gradle	2026-06-06T12:24:21.6919334Z Build cache key for StructureTransformAction: /home/runner/.gradle/caches/modules-2/files-2.1/org.jetbrains/annotations/23.0.0/8cc20c07506ec18e0834947b84a864bfc094484e/annotations-23.0.0.jar is 6ad053e6b45b1f9db4c3ac089b9adcad
build	Build with Gradle	2026-06-06T12:24:21.6949301Z Stored cache entry for StructureTransformAction: /home/runner/work/ShizukuPlus/ShizukuPlus/api/api/build/intermediates/compile_library_classes_jar/release/bundleLibCompileToJarRelease/classes.jar with cache key a8f7aec767e5ff7377d79c68a7415e49
build	Build with Gradle	2026-06-06T12:24:21.6979425Z Build cache key for StructureTransformAction: /home/runner/work/ShizukuPlus/ShizukuPlus/api/aidl/build/intermediates/compile_library_classes_jar/release/bundleLibCompileToJarRelease/classes.jar is 099a03275778e55cebfb9d324f9d832f
build	Build with Gradle	2026-06-06T12:24:21.6982776Z Stored cache entry for StructureTransformAction: /home/runner/.gradle/caches/modules-2/files-2.1/org.jetbrains/annotations/23.0.0/8cc20c07506ec18e0834947b84a864bfc094484e/annotations-23.0.0.jar with cache key 6ad053e6b45b1f9db4c3ac089b9adcad
build	Build with Gradle	2026-06-06T12:24:21.7009451Z Stored cache entry for StructureTransformAction: /home/runner/work/ShizukuPlus/ShizukuPlus/api/aidl/build/intermediates/compile_library_classes_jar/release/bundleLibCompileToJarRelease/classes.jar with cache key 099a03275778e55cebfb9d324f9d832f
build	Build with Gradle	2026-06-06T12:24:21.7779812Z Build cache key for StructureTransformAction: /home/runner/work/ShizukuPlus/ShizukuPlus/api/shared/build/intermediates/compile_library_classes_jar/release/bundleLibCompileToJarRelease/classes.jar is cf93fa05f735845abbcb6ac3c0ab0b57
build	Build with Gradle	2026-06-06T12:24:21.7839309Z Build cache key for StructureTransformAction: /home/runner/.gradle/caches/modules-2/files-2.1/androidx.room/room-common/2.6.1/ff1b9580850a9b7eef56554e356628d225785265/room-common-2.6.1.jar is b7da6c079a25f2328ff2931b9dac3e3d
build	Build with Gradle	2026-06-06T12:24:21.7899400Z Stored cache entry for StructureTransformAction: /home/runner/work/ShizukuPlus/ShizukuPlus/api/shared/build/intermediates/compile_library_classes_jar/release/bundleLibCompileToJarRelease/classes.jar with cache key cf93fa05f735845abbcb6ac3c0ab0b57
build	Build with Gradle	2026-06-06T12:24:21.7902681Z Stored cache entry for StructureTransformAction: /home/runner/.gradle/caches/modules-2/files-2.1/androidx.room/room-common/2.6.1/ff1b9580850a9b7eef56554e356628d225785265/room-common-2.6.1.jar with cache key b7da6c079a25f2328ff2931b9dac3e3d
build	Build with Gradle	2026-06-06T12:24:21.7989265Z Build cache key for StructureTransformAction: /home/runner/work/ShizukuPlus/ShizukuPlus/database/build/intermediates/compile_r_class_jar/release/generateReleaseRFile/R.jar is 27da427e273afa9101fece7965f9c1a3
build	Build with Gradle	2026-06-06T12:24:21.8019328Z Stored cache entry for StructureTransformAction: /home/runner/work/ShizukuPlus/ShizukuPlus/database/build/intermediates/compile_r_class_jar/release/generateReleaseRFile/R.jar with cache key 27da427e273afa9101fece7965f9c1a3
build	Build with Gradle	2026-06-06T12:24:21.8751764Z file or directory '/home/runner/work/ShizukuPlus/ShizukuPlus/database/src/release/kotlin', not found
build	Build with Gradle	2026-06-06T12:24:21.8793395Z file or directory '/home/runner/work/ShizukuPlus/ShizukuPlus/database/src/release/java', not found
build	Build with Gradle	2026-06-06T12:24:21.8856567Z file or directory '/home/runner/work/ShizukuPlus/ShizukuPlus/database/src/main/kotlin', not found
build	Build with Gradle	2026-06-06T12:24:21.8888775Z file or directory '/home/runner/work/ShizukuPlus/ShizukuPlus/database/src/release/java', not found
build	Build with Gradle	2026-06-06T12:24:21.8937081Z Build cache key for task ':database:kspReleaseKotlin' is 9ea365b662992114f8adb42646e1c623
build	Build with Gradle	2026-06-06T12:24:21.8998431Z Task ':database:kspReleaseKotlin' is not up-to-date because:
build	Build with Gradle	2026-06-06T12:24:21.9018723Z   No history is available.
build	Build with Gradle	2026-06-06T12:24:21.9078660Z The input changes require a full rebuild for incremental task ':database:kspReleaseKotlin'.
build	Build with Gradle	2026-06-06T12:24:21.9109043Z file or directory '/home/runner/work/ShizukuPlus/ShizukuPlus/database/src/release/kotlin', not found
build	Build with Gradle	2026-06-06T12:24:21.9168753Z file or directory '/home/runner/work/ShizukuPlus/ShizukuPlus/database/src/release/java', not found
build	Build with Gradle	2026-06-06T12:24:21.9171208Z file or directory '/home/runner/work/ShizukuPlus/ShizukuPlus/database/src/main/kotlin', not found
build	Build with Gradle	2026-06-06T12:24:21.9228936Z file or directory '/home/runner/work/ShizukuPlus/ShizukuPlus/database/src/release/java', not found
build	Build with Gradle	2026-06-06T12:24:21.9288892Z file or directory '/home/runner/work/ShizukuPlus/ShizukuPlus/database/src/release/kotlin', not found
build	Build with Gradle	2026-06-06T12:24:21.9338895Z file or directory '/home/runner/work/ShizukuPlus/ShizukuPlus/database/src/release/java', not found
build	Build with Gradle	2026-06-06T12:24:21.9381120Z file or directory '/home/runner/work/ShizukuPlus/ShizukuPlus/database/src/main/kotlin', not found
build	Build with Gradle	2026-06-06T12:24:21.9438768Z file or directory '/home/runner/work/ShizukuPlus/ShizukuPlus/database/src/release/kotlin', not found
build	Build with Gradle	2026-06-06T12:24:21.9468743Z file or directory '/home/runner/work/ShizukuPlus/ShizukuPlus/database/src/release/java', not found
build	Build with Gradle	2026-06-06T12:24:21.9493525Z file or directory '/home/runner/work/ShizukuPlus/ShizukuPlus/database/src/main/kotlin', not found
build	Build with Gradle	2026-06-06T12:24:21.9568783Z file or directory '/home/runner/work/ShizukuPlus/ShizukuPlus/database/src/release/java', not found
build	Build with Gradle	2026-06-06T12:24:21.9595182Z file or directory '/home/runner/work/ShizukuPlus/ShizukuPlus/database/src/release/kotlin', not found
build	Build with Gradle	2026-06-06T12:24:21.9655653Z file or directory '/home/runner/work/ShizukuPlus/ShizukuPlus/database/src/release/java', not found
build	Build with Gradle	2026-06-06T12:24:21.9688669Z file or directory '/home/runner/work/ShizukuPlus/ShizukuPlus/database/src/main/kotlin', not found
build	Build with Gradle	2026-06-06T12:24:21.9748671Z file or directory '/home/runner/work/ShizukuPlus/ShizukuPlus/database/src/release/java', not found
build	Build with Gradle	2026-06-06T12:24:21.9786518Z file or directory '/home/runner/work/ShizukuPlus/ShizukuPlus/database/src/release/kotlin', not found
build	Build with Gradle	2026-06-06T12:24:21.9838765Z file or directory '/home/runner/work/ShizukuPlus/ShizukuPlus/database/src/release/java', not found
build	Build with Gradle	2026-06-06T12:24:21.9840377Z file or directory '/home/runner/work/ShizukuPlus/ShizukuPlus/database/src/main/kotlin', not found
build	Build with Gradle	2026-06-06T12:24:21.9841825Z file or directory '/home/runner/work/ShizukuPlus/ShizukuPlus/database/src/release/java', not found
build	Build with Gradle	2026-06-06T12:24:21.9882623Z Kotlin source files: /home/runner/work/ShizukuPlus/ShizukuPlus/database/src/main/java/af/shizuku/manager/database/ActivityLogManager.kt, /home/runner/work/ShizukuPlus/ShizukuPlus/database/src/main/java/af/shizuku/manager/database/RootCompatHelper.kt, /home/runner/work/ShizukuPlus/ShizukuPlus/database/src/main/java/af/shizuku/manager/database/ActivityLogRoom.kt, /home/runner/work/ShizukuPlus/ShizukuPlus/database/src/main/java/af/shizuku/manager/database/ActivityLogDatabase.kt, /home/runner/work/ShizukuPlus/ShizukuPlus/database/src/main/java/af/shizuku/manager/database/AppContextManager.kt, /home/runner/work/ShizukuPlus/ShizukuPlus/database/src/main/java/af/shizuku/manager/database/ActivityLogDao.kt
build	Build with Gradle	2026-06-06T12:24:21.9898049Z Java source files: 
build	Build with Gradle	2026-06-06T12:24:21.9948576Z Script source files: 
build	Build with Gradle	2026-06-06T12:24:21.9986986Z Script file extensions: 
build	Build with Gradle	2026-06-06T12:24:22.0015848Z 
build	Build with Gradle	2026-06-06T12:24:22.0068384Z > Task :server-shared:transformReleaseClassesWithAsm
build	Build with Gradle	2026-06-06T12:24:22.0098601Z Build cache key for task ':server-shared:transformReleaseClassesWithAsm' is 29c945fc046e72fd9ac320f27adabad0
build	Build with Gradle	2026-06-06T12:24:22.0132892Z Task ':server-shared:transformReleaseClassesWithAsm' is not up-to-date because:
build	Build with Gradle	2026-06-06T12:24:22.0197793Z   No history is available.
build	Build with Gradle	2026-06-06T12:24:22.0228829Z The input changes require a full rebuild for incremental task ':server-shared:transformReleaseClassesWithAsm'.
build	Build with Gradle	2026-06-06T12:24:22.0270130Z Stored cache entry for task ':server-shared:transformReleaseClassesWithAsm' with cache key 29c945fc046e72fd9ac320f27adabad0
build	Build with Gradle	2026-06-06T12:24:22.0273378Z Resolve mutations for :server-shared:bundleLibCompileToJarRelease (Thread[#159,included builds,5,main]) started.
build	Build with Gradle	2026-06-06T12:24:22.0275906Z :server-shared:bundleLibCompileToJarRelease (Thread[#159,included builds,5,main]) started.
build	Build with Gradle	2026-06-06T12:24:22.0337838Z 
build	Build with Gradle	2026-06-06T12:24:22.0378409Z > Task :server-shared:bundleLibCompileToJarRelease
build	Build with Gradle	2026-06-06T12:24:22.0398739Z Caching disabled for task ':server-shared:bundleLibCompileToJarRelease' because:
build	Build with Gradle	2026-06-06T12:24:22.0420039Z   Simple merging task
build	Build with Gradle	2026-06-06T12:24:22.0470984Z Task ':server-shared:bundleLibCompileToJarRelease' is not up-to-date because:
build	Build with Gradle	2026-06-06T12:24:22.0528744Z   No history is available.
build	Build with Gradle	2026-06-06T12:24:22.0571578Z work action resolve classes.jar (project :server-shared) (Thread[#159,included builds,5,main]) started.
build	Build with Gradle	2026-06-06T12:24:22.0613725Z Resolve mutations for :server-shared:bundleLibRuntimeToJarRelease (Thread[#159,included builds,5,main]) started.
build	Build with Gradle	2026-06-06T12:24:22.0648700Z :server-shared:bundleLibRuntimeToJarRelease (Thread[#159,included builds,5,main]) started.
build	Build with Gradle	2026-06-06T12:24:22.0649869Z 
build	Build with Gradle	2026-06-06T12:24:22.0678729Z > Task :server-shared:bundleLibRuntimeToJarRelease
build	Build with Gradle	2026-06-06T12:24:22.0708720Z Caching disabled for task ':server-shared:bundleLibRuntimeToJarRelease' because:
build	Build with Gradle	2026-06-06T12:24:22.0746964Z   Simple merging task
build	Build with Gradle	2026-06-06T12:24:22.0748288Z Task ':server-shared:bundleLibRuntimeToJarRelease' is not up-to-date because:
build	Build with Gradle	2026-06-06T12:24:22.0773886Z   No history is available.
build	Build with Gradle	2026-06-06T12:24:22.0798813Z work action resolve classes.jar (project :server-shared) (Thread[#159,included builds,5,main]) started.
build	Build with Gradle	2026-06-06T12:24:22.0829864Z work action org.gradle.api.internal.artifacts.transform.DefaultTransformUpstreamDependenciesResolver$FinalizeTransformDependenciesFromSelectedArtifacts$CalculateFinalDependencies@7d343154 (Thread[#159,included builds,5,main]) started.
build	Build with Gradle	2026-06-06T12:24:22.0858987Z work action Dependencies for project :starter {artifactType=android-classes-jar, asm-transformed-variant=release} (Thread[#159,included builds,5,main]) started.
build	Build with Gradle	2026-06-06T12:24:22.0885313Z Resolve mutations for :starter:compileReleaseKotlin (Thread[#159,included builds,5,main]) started.
build	Build with Gradle	2026-06-06T12:24:22.0890175Z :starter:compileReleaseKotlin (Thread[#159,included builds,5,main]) started.
build	Build with Gradle	2026-06-06T12:24:22.0891034Z 
build	Build with Gradle	2026-06-06T12:24:22.0892950Z > Task :shell:minifyReleaseWithR8
build	Build with Gradle	2026-06-06T12:24:22.0895583Z INFO: /home/runner/.gradle/caches/8.14/transforms/0187bb9b76f6cb89cb6648998d3bb365/transformed/lifecycle-runtime-2.6.2/proguard.txt:13:1-15:2: R8: Proguard configuration rule does not match anything: `-keep class * implements androidx.lifecycle.GeneratedAdapter {
build	Build with Gradle	2026-06-06T12:24:22.0897955Z   <init>(...);
build	Build with Gradle	2026-06-06T12:24:22.0898568Z }`
build	Build with Gradle	2026-06-06T12:24:22.0900322Z INFO: /home/runner/.gradle/caches/8.14/transforms/0187bb9b76f6cb89cb6648998d3bb365/transformed/lifecycle-runtime-2.6.2/proguard.txt:17:1-19:2: R8: Proguard configuration rule does not match anything: `-keepclassmembers class ** {
build	Build with Gradle	2026-06-06T12:24:22.0902582Z   @androidx.lifecycle.OnLifecycleEvent *;
build	Build with Gradle	2026-06-06T12:24:22.0903339Z }`
build	Build with Gradle	2026-06-06T12:24:22.0905097Z INFO: /home/runner/.gradle/caches/8.14/transforms/970e558869c767040015770d918924eb/transformed/rules/lib/META-INF/proguard/androidx-annotations.pro:2:1-45: R8: Proguard configuration rule does not match anything: `-keep @androidx.annotation.Keep class * {
build	Build with Gradle	2026-06-06T12:24:22.0906775Z   *;
build	Build with Gradle	2026-06-06T12:24:22.0907242Z }`
build	Build with Gradle	2026-06-06T12:24:22.0910471Z INFO: /home/runner/.gradle/caches/8.14/transforms/970e558869c767040015770d918924eb/transformed/rules/lib/META-INF/proguard/androidx-annotations.pro:4:1-6:2: R8: Proguard configuration rule does not match anything: `-keepclasseswithmembers class * {
build	Build with Gradle	2026-06-06T12:24:22.0912646Z   @androidx.annotation.Keep <methods>;
build	Build with Gradle	2026-06-06T12:24:22.0913353Z }`
build	Build with Gradle	2026-06-06T12:24:22.0915238Z INFO: /home/runner/.gradle/caches/8.14/transforms/970e558869c767040015770d918924eb/transformed/rules/lib/META-INF/proguard/androidx-annotations.pro:8:1-10:2: R8: Proguard configuration rule does not match anything: `-keepclasseswithmembers class * {
build	Build with Gradle	2026-06-06T12:24:22.0917279Z   @androidx.annotation.Keep <fields>;
build	Build with Gradle	2026-06-06T12:24:22.0918138Z }`
build	Build with Gradle	2026-06-06T12:24:22.0919978Z INFO: /home/runner/.gradle/caches/8.14/transforms/970e558869c767040015770d918924eb/transformed/rules/lib/META-INF/proguard/androidx-annotations.pro:12:1-14:2: R8: Proguard configuration rule does not match anything: `-keepclasseswithmembers class * {
build	Build with Gradle	2026-06-06T12:24:22.0921989Z   @androidx.annotation.Keep <init>(...);
build	Build with Gradle	2026-06-06T12:24:22.0922676Z }`
build	Build with Gradle	2026-06-06T12:24:31.5758870Z Stored cache entry for task ':shell:minifyReleaseWithR8' with cache key 41fdf66837afcae28436cc122253cf55
build	Build with Gradle	2026-06-06T12:24:31.5838868Z Resolve mutations for :shell:compileReleaseArtProfile (Thread[#161,Execution worker Thread 2,5,main]) started.
build	Build with Gradle	2026-06-06T12:24:31.5898898Z :shell:compileReleaseArtProfile (Thread[#161,Execution worker Thread 2,5,main]) started.
build	Build with Gradle	2026-06-06T12:24:31.5957938Z 
build	Build with Gradle	2026-06-06T12:24:31.6048784Z > Task :database:kspReleaseKotlin
build	Build with Gradle	2026-06-06T12:24:31.6098430Z [KOTLIN] Kotlin compilation 'jdkHome' argument: null
build	Build with Gradle	2026-06-06T12:24:31.8797992Z 
build	Build with Gradle	2026-06-06T12:24:31.8861191Z > Task :shell:compileReleaseArtProfile
build	Build with Gradle	2026-06-06T12:24:31.8938784Z Build cache key for task ':shell:compileReleaseArtProfile' is 91b345cbee513d193f190c9d93f17d2e
build	Build with Gradle	2026-06-06T12:24:31.8951279Z Task ':shell:compileReleaseArtProfile' is not up-to-date because:
build	Build with Gradle	2026-06-06T12:24:31.9048590Z   No history is available.
build	Build with Gradle	2026-06-06T12:24:31.9088775Z Stored cache entry for task ':shell:compileReleaseArtProfile' with cache key 91b345cbee513d193f190c9d93f17d2e
build	Build with Gradle	2026-06-06T12:24:31.9138842Z Resolve mutations for :shell:packageRelease (Thread[#161,Execution worker Thread 2,5,main]) started.
build	Build with Gradle	2026-06-06T12:24:31.9232561Z :shell:packageRelease (Thread[#161,Execution worker Thread 2,5,main]) started.
build	Build with Gradle	2026-06-06T12:24:31.9257906Z 
build	Build with Gradle	2026-06-06T12:24:31.9333110Z > Task :starter:compileReleaseKotlin
build	Build with Gradle	2026-06-06T12:24:31.9348766Z Adding -Xuse-inline-scopes-numbers Kotlin compiler flag for task :starter:compileDebugAndroidTestKotlin
build	Build with Gradle	2026-06-06T12:24:31.9409500Z Build cache key for BuildToolsApiClasspathEntrySnapshotTransform: /home/runner/work/ShizukuPlus/ShizukuPlus/starter/build/intermediates/compile_r_class_jar/release/generateReleaseRFile/R.jar is 8b5ddb304470342b36de9ff58920f4bc
build	Build with Gradle	2026-06-06T12:24:31.9439786Z Build cache key for BuildToolsApiClasspathEntrySnapshotTransform: /home/runner/work/ShizukuPlus/ShizukuPlus/api/provider/build/intermediates/compile_library_classes_jar/release/bundleLibCompileToJarRelease/classes.jar is b2eb26a3e486c528af4043bad507b3a9
build	Build with Gradle	2026-06-06T12:24:31.9499553Z Stored cache entry for BuildToolsApiClasspathEntrySnapshotTransform: /home/runner/work/ShizukuPlus/ShizukuPlus/starter/build/intermediates/compile_r_class_jar/release/generateReleaseRFile/R.jar with cache key 8b5ddb304470342b36de9ff58920f4bc
build	Build with Gradle	2026-06-06T12:24:31.9529777Z Stored cache entry for BuildToolsApiClasspathEntrySnapshotTransform: /home/runner/work/ShizukuPlus/ShizukuPlus/api/provider/build/intermediates/compile_library_classes_jar/release/bundleLibCompileToJarRelease/classes.jar with cache key b2eb26a3e486c528af4043bad507b3a9
build	Build with Gradle	2026-06-06T12:24:31.9559357Z Build cache key for BuildToolsApiClasspathEntrySnapshotTransform: /home/runner/.gradle/caches/8.14/transforms/c44e980c156f0413c383be78d73180b4/transformed/compat-4.4.0-api.jar is 118e8832778d832201f01f3882c99735
build	Build with Gradle	2026-06-06T12:24:31.9589503Z Build cache key for BuildToolsApiClasspathEntrySnapshotTransform: /home/runner/.gradle/caches/modules-2/files-2.1/dev.rikka.tools.refine/runtime/4.4.0/b110a65eb42cbabcd5070b302271a811fb4cf620/runtime-4.4.0.jar is b38c6c259faf3093650c51c155e1f707
build	Build with Gradle	2026-06-06T12:24:31.9639156Z Stored cache entry for BuildToolsApiClasspathEntrySnapshotTransform: /home/runner/.gradle/caches/8.14/transforms/c44e980c156f0413c383be78d73180b4/transformed/compat-4.4.0-api.jar with cache key 118e8832778d832201f01f3882c99735
build	Build with Gradle	2026-06-06T12:24:31.9691090Z Stored cache entry for BuildToolsApiClasspathEntrySnapshotTransform: /home/runner/.gradle/caches/modules-2/files-2.1/dev.rikka.tools.refine/runtime/4.4.0/b110a65eb42cbabcd5070b302271a811fb4cf620/runtime-4.4.0.jar with cache key b38c6c259faf3093650c51c155e1f707
build	Build with Gradle	2026-06-06T12:24:31.9741852Z Build cache key for BuildToolsApiClasspathEntrySnapshotTransform: /home/runner/work/ShizukuPlus/ShizukuPlus/api/rish/build/intermediates/compile_library_classes_jar/release/bundleLibCompileToJarRelease/classes.jar is 34dfd32cfe39bbaa81f718dba20ff2ef
build	Build with Gradle	2026-06-06T12:24:31.9771491Z Build cache key for BuildToolsApiClasspathEntrySnapshotTransform: /home/runner/work/ShizukuPlus/ShizukuPlus/api/server-shared/build/intermediates/compile_library_classes_jar/release/bundleLibCompileToJarRelease/classes.jar is b44f1765759d29d7ad5ce475860c9bfe
build	Build with Gradle	2026-06-06T12:24:31.9799736Z Stored cache entry for BuildToolsApiClasspathEntrySnapshotTransform: /home/runner/work/ShizukuPlus/ShizukuPlus/api/rish/build/intermediates/compile_library_classes_jar/release/bundleLibCompileToJarRelease/classes.jar with cache key 34dfd32cfe39bbaa81f718dba20ff2ef
build	Build with Gradle	2026-06-06T12:24:31.9829731Z Stored cache entry for BuildToolsApiClasspathEntrySnapshotTransform: /home/runner/work/ShizukuPlus/ShizukuPlus/api/server-shared/build/intermediates/compile_library_classes_jar/release/bundleLibCompileToJarRelease/classes.jar with cache key b44f1765759d29d7ad5ce475860c9bfe
build	Build with Gradle	2026-06-06T12:24:31.9859282Z Build cache key for BuildToolsApiClasspathEntrySnapshotTransform: /home/runner/.gradle/caches/8.14/transforms/2fc5048ab45b45f252399e9f5fcd62b2/transformed/stub-4.4.0-api.jar is 4240b14533872d1a4c3e4d847aa2744f
build	Build with Gradle	2026-06-06T12:24:31.9869259Z Stored cache entry for BuildToolsApiClasspathEntrySnapshotTransform: /home/runner/.gradle/caches/8.14/transforms/2fc5048ab45b45f252399e9f5fcd62b2/transformed/stub-4.4.0-api.jar with cache key 4240b14533872d1a4c3e4d847aa2744f
build	Build with Gradle	2026-06-06T12:24:31.9898605Z Build cache key for task ':starter:compileReleaseKotlin' is 336d40507518149bc7b1c63c7555c9b8
build	Build with Gradle	2026-06-06T12:24:31.9925205Z Task ':starter:compileReleaseKotlin' is not up-to-date because:
build	Build with Gradle	2026-06-06T12:24:31.9948077Z   No history is available.
build	Build with Gradle	2026-06-06T12:24:31.9970731Z The input changes require a full rebuild for incremental task ':starter:compileReleaseKotlin'.
build	Build with Gradle	2026-06-06T12:24:31.9983292Z file or directory '/home/runner/work/ShizukuPlus/ShizukuPlus/starter/src/release/kotlin', not found
build	Build with Gradle	2026-06-06T12:24:31.9984707Z file or directory '/home/runner/work/ShizukuPlus/ShizukuPlus/starter/src/release/java', not found
build	Build with Gradle	2026-06-06T12:24:31.9986539Z file or directory '/home/runner/work/ShizukuPlus/ShizukuPlus/starter/src/release/kotlin', not found
build	Build with Gradle	2026-06-06T12:24:31.9987902Z file or directory '/home/runner/work/ShizukuPlus/ShizukuPlus/starter/src/release/kotlin', not found
build	Build with Gradle	2026-06-06T12:24:31.9989268Z file or directory '/home/runner/work/ShizukuPlus/ShizukuPlus/starter/src/release/java', not found
build	Build with Gradle	2026-06-06T12:24:31.9991078Z file or directory '/home/runner/work/ShizukuPlus/ShizukuPlus/starter/src/main/kotlin', not found
build	Build with Gradle	2026-06-06T12:24:31.9992424Z file or directory '/home/runner/work/ShizukuPlus/ShizukuPlus/starter/src/main/kotlin', not found
build	Build with Gradle	2026-06-06T12:24:31.9993610Z file or directory '/home/runner/work/ShizukuPlus/ShizukuPlus/starter/src/main/kotlin', not found
build	Build with Gradle	2026-06-06T12:24:32.0070144Z file or directory '/home/runner/work/ShizukuPlus/ShizukuPlus/starter/src/release/java', not found
build	Build with Gradle	2026-06-06T12:24:32.0071502Z file or directory '/home/runner/work/ShizukuPlus/ShizukuPlus/starter/src/release/kotlin', not found
build	Build with Gradle	2026-06-06T12:24:32.0073229Z file or directory '/home/runner/work/ShizukuPlus/ShizukuPlus/starter/src/release/java', not found
build	Build with Gradle	2026-06-06T12:24:32.0074629Z file or directory '/home/runner/work/ShizukuPlus/ShizukuPlus/starter/src/release/kotlin', not found
build	Build with Gradle	2026-06-06T12:24:32.0075864Z file or directory '/home/runner/work/ShizukuPlus/ShizukuPlus/starter/src/release/kotlin', not found
build	Build with Gradle	2026-06-06T12:24:32.0077156Z file or directory '/home/runner/work/ShizukuPlus/ShizukuPlus/starter/src/release/java', not found
build	Build with Gradle	2026-06-06T12:24:32.0078473Z file or directory '/home/runner/work/ShizukuPlus/ShizukuPlus/starter/src/main/kotlin', not found
build	Build with Gradle	2026-06-06T12:24:32.0079689Z file or directory '/home/runner/work/ShizukuPlus/ShizukuPlus/starter/src/release/kotlin', not found
build	Build with Gradle	2026-06-06T12:24:32.0080898Z file or directory '/home/runner/work/ShizukuPlus/ShizukuPlus/starter/src/release/java', not found
build	Build with Gradle	2026-06-06T12:24:32.0082091Z file or directory '/home/runner/work/ShizukuPlus/ShizukuPlus/starter/src/release/kotlin', not found
build	Build with Gradle	2026-06-06T12:24:32.0083330Z file or directory '/home/runner/work/ShizukuPlus/ShizukuPlus/starter/src/release/kotlin', not found
build	Build with Gradle	2026-06-06T12:24:32.0084535Z file or directory '/home/runner/work/ShizukuPlus/ShizukuPlus/starter/src/release/java', not found
build	Build with Gradle	2026-06-06T12:24:32.0085740Z file or directory '/home/runner/work/ShizukuPlus/ShizukuPlus/starter/src/main/kotlin', not found
build	Build with Gradle	2026-06-06T12:24:32.0086912Z file or directory '/home/runner/work/ShizukuPlus/ShizukuPlus/starter/src/main/kotlin', not found
build	Build with Gradle	2026-06-06T12:24:32.0139244Z file or directory '/home/runner/work/ShizukuPlus/ShizukuPlus/starter/src/main/kotlin', not found
build	Build with Gradle	2026-06-06T12:24:32.0140560Z file or directory '/home/runner/work/ShizukuPlus/ShizukuPlus/starter/src/release/java', not found
build	Build with Gradle	2026-06-06T12:24:32.0141730Z file or directory '/home/runner/work/ShizukuPlus/ShizukuPlus/starter/src/release/kotlin', not found
build	Build with Gradle	2026-06-06T12:24:32.0142908Z file or directory '/home/runner/work/ShizukuPlus/ShizukuPlus/starter/src/release/java', not found
build	Build with Gradle	2026-06-06T12:24:32.0144071Z file or directory '/home/runner/work/ShizukuPlus/ShizukuPlus/starter/src/release/kotlin', not found
build	Build with Gradle	2026-06-06T12:24:32.0145230Z file or directory '/home/runner/work/ShizukuPlus/ShizukuPlus/starter/src/release/kotlin', not found
build	Build with Gradle	2026-06-06T12:24:32.0146870Z file or directory '/home/runner/work/ShizukuPlus/ShizukuPlus/starter/src/release/java', not found
build	Build with Gradle	2026-06-06T12:24:32.0148185Z file or directory '/home/runner/work/ShizukuPlus/ShizukuPlus/starter/src/main/kotlin', not found
build	Build with Gradle	2026-06-06T12:24:32.0149353Z file or directory '/home/runner/work/ShizukuPlus/ShizukuPlus/starter/src/main/kotlin', not found
build	Build with Gradle	2026-06-06T12:24:32.0150473Z file or directory '/home/runner/work/ShizukuPlus/ShizukuPlus/starter/src/main/kotlin', not found
build	Build with Gradle	2026-06-06T12:24:32.0151590Z file or directory '/home/runner/work/ShizukuPlus/ShizukuPlus/starter/src/release/java', not found
build	Build with Gradle	2026-06-06T12:24:32.0152735Z file or directory '/home/runner/work/ShizukuPlus/ShizukuPlus/starter/src/release/kotlin', not found
build	Build with Gradle	2026-06-06T12:24:32.0154225Z file or directory '/home/runner/work/ShizukuPlus/ShizukuPlus/starter/src/release/java', not found
build	Build with Gradle	2026-06-06T12:24:32.0155385Z file or directory '/home/runner/work/ShizukuPlus/ShizukuPlus/starter/src/release/kotlin', not found
build	Build with Gradle	2026-06-06T12:24:32.0156555Z file or directory '/home/runner/work/ShizukuPlus/ShizukuPlus/starter/src/release/kotlin', not found
build	Build with Gradle	2026-06-06T12:24:32.0157306Z file or directory '/home/runner/work/ShizukuPlus/ShizukuPlus/starter/src/release/java', not found
build	Build with Gradle	2026-06-06T12:24:32.0177751Z file or directory '/home/runner/work/ShizukuPlus/ShizukuPlus/starter/src/main/kotlin', not found
build	Build with Gradle	2026-06-06T12:24:32.0179253Z file or directory '/home/runner/work/ShizukuPlus/ShizukuPlus/starter/src/main/kotlin', not found
build	Build with Gradle	2026-06-06T12:24:32.0180492Z file or directory '/home/runner/work/ShizukuPlus/ShizukuPlus/starter/src/main/kotlin', not found
build	Build with Gradle	2026-06-06T12:24:32.0181717Z file or directory '/home/runner/work/ShizukuPlus/ShizukuPlus/starter/src/release/java', not found
build	Build with Gradle	2026-06-06T12:24:32.0183126Z Kotlin source files: /home/runner/work/ShizukuPlus/ShizukuPlus/starter/src/main/java/af/shizuku/starter/ServiceStarter.kt
build	Build with Gradle	2026-06-06T12:24:32.0184988Z Java source files: /home/runner/work/ShizukuPlus/ShizukuPlus/starter/src/main/java/af/shizuku/starter/util/IContentProviderCompat.java
build	Build with Gradle	2026-06-06T12:24:32.0186163Z Script source files: 
build	Build with Gradle	2026-06-06T12:24:32.0186632Z Script file extensions: 
build	Build with Gradle	2026-06-06T12:24:32.0187142Z Using Kotlin/JVM incremental compilation
build	Build with Gradle	2026-06-06T12:24:32.0188051Z [KOTLIN] Kotlin compilation 'jdkHome' argument: null
build	Build with Gradle	2026-06-06T12:24:32.0197520Z Options for KOTLIN DAEMON: IncrementalCompilationOptions(super=CompilationOptions(compilerMode=INCREMENTAL_COMPILER, targetPlatform=JVM, reportCategories=[0, 3], reportSeverity=2, requestedCompilationResults=[0], kotlinScriptExtensions=[]), sourceChanges=org.jetbrains.kotlin.buildtools.api.SourcesChanges$Unknown@4b96ea8e, classpathChanges=NotAvailableForNonIncrementalRun, workingDir=/home/runner/work/ShizukuPlus/ShizukuPlus/starter/build/kotlin/compileReleaseKotlin/cacheable, multiModuleICSettings=MultiModuleICSettings(buildHistoryFile=/home/runner/work/ShizukuPlus/ShizukuPlus/starter/build/kotlin/compileReleaseKotlin/local-state/build-history.bin, useModuleDetection=true), icFeatures=IncrementalCompilationFeatures(usePreciseJavaTracking=true, withAbiSnapshot=false, preciseCompilationResultsBackup=true, keepIncrementalCompilationCachesInMemory=true, enableUnsafeIncrementalCompilationForMultiplatform=false, enableMonotonousIncrementalCompileSetExpansion=true), outputFiles=[/home/runner/work/ShizukuPlus/ShizukuPlus/starter/build/tmp/kotlin-classes/release, /home/runner/work/ShizukuPlus/ShizukuPlus/starter/build/kotlin/compileReleaseKotlin/cacheable, /home/runner/work/ShizukuPlus/ShizukuPlus/starter/build/kotlin/compileReleaseKotlin/local-state])
build	Build with Gradle	2026-06-06T12:24:32.1770001Z 
build	Build with Gradle	2026-06-06T12:24:32.1828642Z > Task :shell:packageRelease
build	Build with Gradle	2026-06-06T12:24:32.1878743Z Custom actions are attached to task ':shell:packageRelease'.
build	Build with Gradle	2026-06-06T12:24:32.1928836Z Caching disabled for task ':shell:packageRelease' because:
build	Build with Gradle	2026-06-06T12:24:32.1938249Z   Caching has been disabled for the task
build	Build with Gradle	2026-06-06T12:24:32.1998437Z Task ':shell:packageRelease' is not up-to-date because:
build	Build with Gradle	2026-06-06T12:24:32.2048566Z   No history is available.
build	Build with Gradle	2026-06-06T12:24:32.2077981Z The input changes require a full rebuild for incremental task ':shell:packageRelease'.
build	Build with Gradle	2026-06-06T12:24:32.2119732Z Resolve mutations for :shell:createReleaseApkListingFileRedirect (Thread[#161,Execution worker Thread 2,5,main]) started.
build	Build with Gradle	2026-06-06T12:24:32.2158927Z :shell:createReleaseApkListingFileRedirect (Thread[#161,Execution worker Thread 2,5,main]) started.
build	Build with Gradle	2026-06-06T12:24:32.2207961Z 
build	Build with Gradle	2026-06-06T12:24:32.2248474Z > Task :shell:createReleaseApkListingFileRedirect
build	Build with Gradle	2026-06-06T12:24:32.2313586Z Caching disabled for task ':shell:createReleaseApkListingFileRedirect' because:
build	Build with Gradle	2026-06-06T12:24:32.2334472Z   Caching has been disabled for the task
build	Build with Gradle	2026-06-06T12:24:32.2356165Z Task ':shell:createReleaseApkListingFileRedirect' is not up-to-date because:
build	Build with Gradle	2026-06-06T12:24:32.2456806Z   No history is available.
build	Build with Gradle	2026-06-06T12:24:32.2538760Z Resolve mutations for :shell:assembleRelease (Thread[#161,Execution worker Thread 2,5,main]) started.
build	Build with Gradle	2026-06-06T12:24:32.2598889Z :shell:assembleRelease (Thread[#161,Execution worker Thread 2,5,main]) started.
build	Build with Gradle	2026-06-06T12:24:32.3768294Z 
build	Build with Gradle	2026-06-06T12:24:32.3848495Z > Task :shell:assembleRelease
build	Build with Gradle	2026-06-06T12:24:32.3898549Z Custom actions are attached to task ':shell:assembleRelease'.
build	Build with Gradle	2026-06-06T12:24:32.3950616Z Caching disabled for task ':shell:assembleRelease' because:
build	Build with Gradle	2026-06-06T12:24:32.4048505Z   Gradle would require more information to cache this task
build	Build with Gradle	2026-06-06T12:24:32.4080686Z Task ':shell:assembleRelease' is not up-to-date because:
build	Build with Gradle	2026-06-06T12:24:32.4128771Z   Task has not declared any outputs despite executing actions.
build	Build with Gradle	2026-06-06T12:24:32.4241391Z Resolve mutations for :manager:preReleaseBuild (Thread[#161,Execution worker Thread 2,5,main]) started.
build	Build with Gradle	2026-06-06T12:24:32.4328808Z :manager:preReleaseBuild (Thread[#161,Execution worker Thread 2,5,main]) started.
build	Build with Gradle	2026-06-06T12:24:32.4407911Z 
build	Build with Gradle	2026-06-06T12:24:32.4480859Z > Task :manager:preReleaseBuild
build	Build with Gradle	2026-06-06T12:24:32.4537311Z Skipping task ':manager:preReleaseBuild' as it has no actions.
build	Build with Gradle	2026-06-06T12:24:32.4589152Z Resolve mutations for :manager:configureCMakeRelWithDebInfo[arm64-v8a] (Thread[#161,Execution worker Thread 2,5,main]) started.
build	Build with Gradle	2026-06-06T12:24:32.4680534Z :manager:configureCMakeRelWithDebInfo[arm64-v8a] (Thread[#161,Execution worker Thread 2,5,main]) started.
build	Build with Gradle	2026-06-06T12:24:33.9787730Z 
build	Build with Gradle	2026-06-06T12:24:33.9828540Z > Task :starter:compileReleaseKotlin
build	Build with Gradle	2026-06-06T12:24:33.9892711Z w: file:///home/runner/work/ShizukuPlus/ShizukuPlus/starter/src/main/java/af/shizuku/starter/ServiceStarter.kt:64:20 'static fun prepareMainLooper(): Unit' is deprecated. Deprecated in Java.
build	Build with Gradle	2026-06-06T12:24:33.9969287Z w: file:///home/runner/work/ShizukuPlus/ShizukuPlus/starter/src/main/java/af/shizuku/starter/ServiceStarter.kt:129:39 'fun <T : Parcelable!> getParcelable(p0: String?): T?' is deprecated. Deprecated in Java.
build	Build with Gradle	2026-06-06T12:24:34.0018416Z Finished executing kotlin compiler using DAEMON strategy
build	Build with Gradle	2026-06-06T12:24:34.1795931Z 
build	Build with Gradle	2026-06-06T12:24:34.1831861Z > Task :database:kspReleaseKotlin
build	Build with Gradle	2026-06-06T12:24:34.1879864Z i: [ksp] loaded provider(s): [androidx.room.RoomKspProcessor$Provider]
build	Build with Gradle	2026-06-06T12:24:34.1928684Z Finished executing kotlin compiler using DAEMON strategy
build	Build with Gradle	2026-06-06T12:24:34.1988939Z Stored cache entry for task ':database:kspReleaseKotlin' with cache key 9ea365b662992114f8adb42646e1c623
build	Build with Gradle	2026-06-06T12:24:34.2011916Z Resolve mutations for :server-shared:mergeReleaseGeneratedProguardFiles (Thread[#160,Execution worker,5,main]) started.
build	Build with Gradle	2026-06-06T12:24:34.2068697Z :server-shared:mergeReleaseGeneratedProguardFiles (Thread[#160,Execution worker,5,main]) started.
build	Build with Gradle	2026-06-06T12:24:34.2107971Z 
build	Build with Gradle	2026-06-06T12:24:34.2168508Z > Task :server-shared:mergeReleaseGeneratedProguardFiles
build	Build with Gradle	2026-06-06T12:24:34.2209855Z Caching disabled for task ':server-shared:mergeReleaseGeneratedProguardFiles' because:
build	Build with Gradle	2026-06-06T12:24:34.2303383Z   Simple merging task
build	Build with Gradle	2026-06-06T12:24:34.2348728Z Task ':server-shared:mergeReleaseGeneratedProguardFiles' is not up-to-date because:
build	Build with Gradle	2026-06-06T12:24:34.2419918Z   No history is available.
build	Build with Gradle	2026-06-06T12:24:34.2486360Z Resolve mutations for :server-shared:exportReleaseConsumerProguardFiles (Thread[#160,Execution worker,5,main]) started.
build	Build with Gradle	2026-06-06T12:24:34.2568762Z :server-shared:exportReleaseConsumerProguardFiles (Thread[#160,Execution worker,5,main]) started.
build	Build with Gradle	2026-06-06T12:24:34.2752154Z 
build	Build with Gradle	2026-06-06T12:24:34.2796432Z > Task :starter:compileReleaseKotlin
build	Build with Gradle	2026-06-06T12:24:34.2845114Z Stored cache entry for task ':starter:compileReleaseKotlin' with cache key 336d40507518149bc7b1c63c7555c9b8
build	Build with Gradle	2026-06-06T12:24:34.2875754Z Resolve mutations for :starter:compileReleaseJavaWithJavac (Thread[#159,included builds,5,main]) started.
build	Build with Gradle	2026-06-06T12:24:34.2970054Z :starter:compileReleaseJavaWithJavac (Thread[#159,included builds,5,main]) started.
build	Build with Gradle	2026-06-06T12:24:34.3837895Z 
build	Build with Gradle	2026-06-06T12:24:34.3888969Z > Task :manager:configureCMakeRelWithDebInfo[arm64-v8a]
build	Build with Gradle	2026-06-06T12:24:34.3968658Z Caching disabled for task ':manager:configureCMakeRelWithDebInfo[arm64-v8a]' because:
build	Build with Gradle	2026-06-06T12:24:34.4024265Z   Caching has been disabled for the task
build	Build with Gradle	2026-06-06T12:24:34.4062763Z Task ':manager:configureCMakeRelWithDebInfo[arm64-v8a]' is not up-to-date because:
build	Build with Gradle	2026-06-06T12:24:34.4098314Z   Task.upToDateWhen is false.
build	Build with Gradle	2026-06-06T12:24:34.4148768Z [sentry] sentry-kotlin-extensions was successfully installed with version: 8.40.0
build	Build with Gradle	2026-06-06T12:24:34.4198844Z [sentry] sentry-android-timber was successfully installed with version: 8.40.0
build	Build with Gradle	2026-06-06T12:24:34.4248717Z [sentry] sentry-android-fragment was successfully installed with version: 8.40.0
build	Build with Gradle	2026-06-06T12:24:34.4270301Z [sentry] sentry-compose-android was successfully installed with version: 8.40.0
build	Build with Gradle	2026-06-06T12:24:34.4300560Z [sentry] sentry-android-sqlite was successfully installed with version: 8.40.0
build	Build with Gradle	2026-06-06T12:24:34.4378672Z [sentry] sentry-okhttp was successfully installed with version: 8.40.0
build	Build with Gradle	2026-06-06T12:24:34.4391917Z Caching disabled for ExtractAarTransform: /home/runner/.gradle/caches/modules-2/files-2.1/androidx.preference/preference-ktx/1.2.1/6e9c6ae7537ca0fb93f08ef411530c9809686ba3/preference-ktx-1.2.1.aar because:
build	Build with Gradle	2026-06-06T12:24:34.4441697Z   Caching not enabled.
build	Build with Gradle	2026-06-06T12:24:34.4480407Z Caching disabled for AarTransform: /home/runner/.gradle/caches/8.14/transforms/71aa5bf0c4580977b2f3abf550a82d0e/transformed/preference-ktx-1.2.1 because:
build	Build with Gradle	2026-06-06T12:24:34.4520996Z   Caching not enabled.
build	Build with Gradle	2026-06-06T12:24:34.4569119Z Caching disabled for AarTransform: /home/runner/.gradle/caches/8.14/transforms/f85a8706e3d3bf4df310b1b8ed66a067/transformed/material-2.7.2 because:
build	Build with Gradle	2026-06-06T12:24:34.4655191Z   Caching not enabled.
build	Build with Gradle	2026-06-06T12:24:34.4697569Z Caching disabled for AarTransform: /home/runner/.gradle/caches/8.14/transforms/a6084efd8e6c9ff951c8e72453f81ad6/transformed/material-1.14.0-beta01 because:
build	Build with Gradle	2026-06-06T12:24:34.4788333Z   Caching not enabled.
build	Build with Gradle	2026-06-06T12:24:34.4813268Z Caching disabled for AarTransform: /home/runner/.gradle/caches/8.14/transforms/efa565396efa7c69fa280f54041abb1e/transformed/appcompat-1.6.1 because:
build	Build with Gradle	2026-06-06T12:24:34.4848264Z   Caching not enabled.
build	Build with Gradle	2026-06-06T12:24:34.4907131Z Caching disabled for ExtractAarTransform: /home/runner/.gradle/caches/modules-2/files-2.1/androidx.biometric/biometric-ktx/1.2.0-alpha05/27f99495a3ff081ba6f7d7d9e981734bbe8bb920/biometric-ktx-1.2.0-alpha05.aar because:
build	Build with Gradle	2026-06-06T12:24:34.4949174Z   Caching not enabled.
build	Build with Gradle	2026-06-06T12:24:34.5019045Z Caching disabled for AarTransform: /home/runner/.gradle/caches/8.14/transforms/8187c6742a7c5d0b27744cebd6b9554f/transformed/biometric-ktx-1.2.0-alpha05 because:
build	Build with Gradle	2026-06-06T12:24:34.5061541Z   Caching not enabled.
build	Build with Gradle	2026-06-06T12:24:34.5189524Z Caching disabled for ExtractAarTransform: /home/runner/.gradle/caches/modules-2/files-2.1/androidx.biometric/biometric/1.2.0-alpha05/a925edde5ba60408d09418b2839efbbfa720ae4b/biometric-1.2.0-alpha05.aar because:
build	Build with Gradle	2026-06-06T12:24:34.5210476Z   Caching not enabled.
build	Build with Gradle	2026-06-06T12:24:34.5269163Z Caching disabled for AarTransform: /home/runner/.gradle/caches/8.14/transforms/d898ed95f395a2f368d4bc758e4d1887/transformed/biometric-1.2.0-alpha05 because:
build	Build with Gradle	2026-06-06T12:24:34.5328291Z   Caching not enabled.
build	Build with Gradle	2026-06-06T12:24:34.5398304Z Caching disabled for ExtractAarTransform: /home/runner/.gradle/caches/modules-2/files-2.1/androidx.viewpager2/viewpager2/1.1.0-beta02/8382bf0f6d375711dfb5ae019e77960c22f8f893/viewpager2-1.1.0-beta02.aar because:
build	Build with Gradle	2026-06-06T12:24:34.5438335Z   Caching not enabled.
build	Build with Gradle	2026-06-06T12:24:34.5479343Z Caching disabled for AarTransform: /home/runner/.gradle/caches/8.14/transforms/59fa63435223e05f0b1b82e5b0b01ed7/transformed/viewpager2-1.1.0-beta02 because:
build	Build with Gradle	2026-06-06T12:24:34.5518278Z   Caching not enabled.
build	Build with Gradle	2026-06-06T12:24:34.5611565Z Caching disabled for AarTransform: /home/runner/.gradle/caches/8.14/transforms/3496351281a372f59379614fd15c5436/transformed/fragment-1.8.7 because:
build	Build with Gradle	2026-06-06T12:24:34.5661593Z   Caching not enabled.
build	Build with Gradle	2026-06-06T12:24:34.5726079Z Caching disabled for ExtractAarTransform: /home/runner/.gradle/caches/modules-2/files-2.1/androidx.preference/preference/1.2.1/f85542e0d2335b3cd4910ab29a942ebaeb0d5b39/preference-1.2.1.aar because:
build	Build with Gradle	2026-06-06T12:24:34.5776940Z   Caching not enabled.
build	Build with Gradle	2026-06-06T12:24:34.5831232Z Caching disabled for AarTransform: /home/runner/.gradle/caches/8.14/transforms/a8ffae57e8eb844c745e6c38f24a5dc3/transformed/preference-1.2.1 because:
build	Build with Gradle	2026-06-06T12:24:34.5864554Z   Caching not enabled.
build	Build with Gradle	2026-06-06T12:24:34.5889272Z Caching disabled for AarTransform: /home/runner/.gradle/caches/8.14/transforms/aab493d2bbab5d087a023e9183eede9c/transformed/fragment-ktx-1.8.7 because:
build	Build with Gradle	2026-06-06T12:24:34.5963955Z   Caching not enabled.
build	Build with Gradle	2026-06-06T12:24:34.5999337Z Caching disabled for ExtractAarTransform: /home/runner/.gradle/caches/modules-2/files-2.1/com.airbnb.android/mavericks/3.0.9/9cd710ab784a201b06c883baa29c1ce115ded7b2/mavericks-3.0.9.aar because:
build	Build with Gradle	2026-06-06T12:24:34.6058729Z   Caching not enabled.
build	Build with Gradle	2026-06-06T12:24:34.6115849Z Caching disabled for AarTransform: /home/runner/.gradle/caches/8.14/transforms/2c8372c00787b5e2af17c392510a0378/transformed/mavericks-3.0.9 because:
build	Build with Gradle	2026-06-06T12:24:34.6172749Z   Caching not enabled.
build	Build with Gradle	2026-06-06T12:24:34.6222243Z Caching disabled for ExtractAarTransform: /home/runner/.gradle/caches/modules-2/files-2.1/androidx.activity/activity/1.10.0/e495f9c2b905131b13875329883b54cff2cc063c/activity-1.10.0.aar because:
build	Build with Gradle	2026-06-06T12:24:34.6250924Z   Caching not enabled.
build	Build with Gradle	2026-06-06T12:24:34.6288637Z Caching disabled for AarTransform: /home/runner/.gradle/caches/8.14/transforms/62937f105bc4a976ca99fc29e59f8d0f/transformed/activity-1.10.0 because:
build	Build with Gradle	2026-06-06T12:24:34.6348468Z   Caching not enabled.
build	Build with Gradle	2026-06-06T12:24:34.6396430Z Caching disabled for ExtractAarTransform: /home/runner/.gradle/caches/modules-2/files-2.1/androidx.activity/activity-ktx/1.10.0/b477903ea33ca1c5f1069e0628a2f4a8d8b9326d/activity-ktx-1.10.0.aar because:
build	Build with Gradle	2026-06-06T12:24:34.6454957Z   Caching not enabled.
build	Build with Gradle	2026-06-06T12:24:34.6489029Z Caching disabled for AarTransform: /home/runner/.gradle/caches/8.14/transforms/b7a112fda39b8abfdc2cbb450e5f2f1a/transformed/activity-ktx-1.10.0 because:
build	Build with Gradle	2026-06-06T12:24:34.6531932Z   Caching not enabled.
build	Build with Gradle	2026-06-06T12:24:34.6600626Z Caching disabled for AarTransform: /home/runner/.gradle/caches/8.14/transforms/d39b45e93aa24a0297878e1eb336ea9a/transformed/loader-1.0.0 because:
build	Build with Gradle	2026-06-06T12:24:34.6628396Z   Caching not enabled.
build	Build with Gradle	2026-06-06T12:24:34.6688585Z Caching disabled for ExtractAarTransform: /home/runner/.gradle/caches/modules-2/files-2.1/androidx.browser/browser/1.8.0/ba4defb5ed7790335783a908f93dd08d7715d148/browser-1.8.0.aar because:
build	Build with Gradle	2026-06-06T12:24:34.6721179Z   Caching not enabled.
build	Build with Gradle	2026-06-06T12:24:34.6782352Z Caching disabled for AarTransform: /home/runner/.gradle/caches/8.14/transforms/2b232f7e90ed539739f2c0f2684a06f8/transformed/browser-1.8.0 because:
build	Build with Gradle	2026-06-06T12:24:34.6818299Z   Caching not enabled.
build	Build with Gradle	2026-06-06T12:24:34.6878369Z Caching disabled for ExtractAarTransform: /home/runner/.gradle/caches/modules-2/files-2.1/androidx.lifecycle/lifecycle-viewmodel-savedstate-android/2.9.4/5ec9278f5df344e931a5e57d91f91f181a165055/lifecycle-viewmodel-savedstate-release.aar because:
build	Build with Gradle	2026-06-06T12:24:34.6918168Z   Caching not enabled.
build	Build with Gradle	2026-06-06T12:24:34.6941555Z Caching disabled for AarTransform: /home/runner/.gradle/caches/8.14/transforms/06bc399dfe425f0f5114ba44e76c1318/transformed/lifecycle-viewmodel-savedstate-release because:
build	Build with Gradle	2026-06-06T12:24:34.6993527Z   Caching not enabled.
build	Build with Gradle	2026-06-06T12:24:34.7062927Z Caching disabled for ExtractAarTransform: /home/runner/.gradle/caches/modules-2/files-2.1/org.jetbrains.androidx.core/core-bundle-android/1.0.1/f51cfa56410ac18c6a03788a9973696f1ca0dcc6/core-bundle-release.aar because:
build	Build with Gradle	2026-06-06T12:24:34.7111730Z   Caching not enabled.
build	Build with Gradle	2026-06-06T12:24:34.7159012Z Caching disabled for AarTransform: /home/runner/.gradle/caches/8.14/transforms/d4dcb12619daf48292cb973faf4c0937/transformed/core-bundle-release because:
build	Build with Gradle	2026-06-06T12:24:34.7191389Z   Caching not enabled.
build	Build with Gradle	2026-06-06T12:24:34.7244831Z Caching disabled for AarTransform: /home/runner/.gradle/caches/8.14/transforms/029a61c97118f0c834c270c0dd5c56c8/transformed/core-ktx-1.16.0 because:
build	Build with Gradle	2026-06-06T12:24:34.7293400Z   Caching not enabled.
build	Build with Gradle	2026-06-06T12:24:34.7339261Z Caching disabled for ExtractAarTransform: /home/runner/.gradle/caches/modules-2/files-2.1/androidx.recyclerview/recyclerview/1.4.0/764103dfd078c2bba394ce0ae1c3a52ace27dc3/recyclerview-1.4.0.aar because:
build	Build with Gradle	2026-06-06T12:24:34.7365177Z   Caching not enabled.
build	Build with Gradle	2026-06-06T12:24:34.7418957Z Caching disabled for AarTransform: /home/runner/.gradle/caches/8.14/transforms/91cba946f7f9db0abb582361d2b98175/transformed/recyclerview-1.4.0 because:
build	Build with Gradle	2026-06-06T12:24:34.7464556Z   Caching not enabled.
build	Build with Gradle	2026-06-06T12:24:34.7533882Z Caching disabled for AarTransform: /home/runner/.gradle/caches/8.14/transforms/38973380b257061575958cac22670390/transformed/dynamicanimation-1.1.0 because:
build	Build with Gradle	2026-06-06T12:24:34.7547251Z   Caching not enabled.
build	Build with Gradle	2026-06-06T12:24:34.7629074Z Caching disabled for AarTransform: /home/runner/.gradle/caches/8.14/transforms/33de77d114239838176c165bd9600680/transformed/coordinatorlayout-1.1.0 because:
build	Build with Gradle	2026-06-06T12:24:34.7678436Z   Caching not enabled.
build	Build with Gradle	2026-06-06T12:24:34.7688988Z Caching disabled for AarTransform: /home/runner/.gradle/caches/8.14/transforms/9a6f8cbb6346f3bbb1b98d5903fb48b2/transformed/drawerlayout-1.1.1 because:
build	Build with Gradle	2026-06-06T12:24:34.7745195Z   Caching not enabled.
build	Build with Gradle	2026-06-06T12:24:34.7799031Z Caching disabled for AarTransform: /home/runner/.gradle/caches/8.14/transforms/f32932b768c1c383327c110c6e2f2a04/transformed/viewpager-1.0.0 because:
build	Build with Gradle	2026-06-06T12:24:34.7848688Z   Caching not enabled.
build	Build with Gradle	2026-06-06T12:24:34.7925141Z Caching disabled for ExtractAarTransform: /home/runner/.gradle/caches/modules-2/files-2.1/androidx.slidingpanelayout/slidingpanelayout/1.2.0/5374897c7fd146ecadae4eeb96fb66c7795db0a7/slidingpanelayout-1.2.0.aar because:
build	Build with Gradle	2026-06-06T12:24:34.7992940Z   Caching not enabled.
build	Build with Gradle	2026-06-06T12:24:34.8029107Z Caching disabled for AarTransform: /home/runner/.gradle/caches/8.14/transforms/87467c3c8cd81c6f0e30cc7811d9c0e9/transformed/slidingpanelayout-1.2.0 because:
build	Build with Gradle	2026-06-06T12:24:34.8119899Z   Caching not enabled.
build	Build with Gradle	2026-06-06T12:24:34.8211109Z Caching disabled for AarTransform: /home/runner/.gradle/caches/8.14/transforms/2a1f64bb05593b70cb9126021244d174/transformed/customview-1.2.0 because:
build	Build with Gradle	2026-06-06T12:24:34.8276100Z   Caching not enabled.
build	Build with Gradle	2026-06-06T12:24:34.8359514Z Caching disabled for ExtractAarTransform: /home/runner/.gradle/caches/modules-2/files-2.1/androidx.work/work-runtime-ktx/2.10.4/91760301fc8255346a60e0dc335e0f12e3254da4/work-runtime-ktx-2.10.4.aar because:
build	Build with Gradle	2026-06-06T12:24:34.8391272Z   Caching not enabled.
build	Build with Gradle	2026-06-06T12:24:34.8428819Z Caching disabled for AarTransform: /home/runner/.gradle/caches/8.14/transforms/47fd96da264051fc240ce38134bdde10/transformed/work-runtime-ktx-2.10.4 because:
build	Build with Gradle	2026-06-06T12:24:34.8480669Z   Caching not enabled.
build	Build with Gradle	2026-06-06T12:24:34.8482416Z Caching disabled for ExtractAarTransform: /home/runner/.gradle/caches/modules-2/files-2.1/androidx.work/work-runtime/2.10.4/8f8cd22eed2c8146846ccfe265b550725c91d5d7/work-runtime-2.10.4.aar because:
build	Build with Gradle	2026-06-06T12:24:34.8538662Z   Caching not enabled.
build	Build with Gradle	2026-06-06T12:24:34.8599087Z Caching disabled for AarTransform: /home/runner/.gradle/caches/8.14/transforms/ff46523a05730a3410b3d43ab7271bd0/transformed/work-runtime-2.10.4 because:
build	Build with Gradle	2026-06-06T12:24:34.8645502Z   Caching not enabled.
build	Build with Gradle	2026-06-06T12:24:34.8671276Z Caching disabled for ExtractAarTransform: /home/runner/.gradle/caches/modules-2/files-2.1/androidx.transition/transition-ktx/1.5.1/90f0d68d7b1a083280f93d4f17b3a22f2e09165d/transition-ktx-1.5.1.aar because:
build	Build with Gradle	2026-06-06T12:24:34.8738359Z   Caching not enabled.
build	Build with Gradle	2026-06-06T12:24:34.8768947Z Caching disabled for AarTransform: /home/runner/.gradle/caches/8.14/transforms/9269236a44d4e397a31d652dc8841c2d/transformed/transition-ktx-1.5.1 because:
build	Build with Gradle	2026-06-06T12:24:34.8818240Z   Caching not enabled.
build	Build with Gradle	2026-06-06T12:24:34.8850746Z Caching disabled for ExtractAarTransform: /home/runner/.gradle/caches/modules-2/files-2.1/androidx.transition/transition/1.5.1/5b28f8fcde1745137d7ede1cb056ddda6bac7be1/transition-1.5.1.aar because:
build	Build with Gradle	2026-06-06T12:24:34.8878703Z   Caching not enabled.
build	Build with Gradle	2026-06-06T12:24:34.8908931Z Caching disabled for AarTransform: /home/runner/.gradle/caches/8.14/transforms/9459b44028168fbe53c4da77adee3cad/transformed/transition-1.5.1 because:
build	Build with Gradle	2026-06-06T12:24:34.8910598Z   Caching not enabled.
build	Build with Gradle	2026-06-06T12:24:34.8949337Z Caching disabled for ExtractAarTransform: /home/runner/.gradle/caches/modules-2/files-2.1/androidx.appcompat/appcompat-resources/1.7.1/a0696fa573503263c7d5570ecd5e6032d397a287/appcompat-resources-1.7.1.aar because:
build	Build with Gradle	2026-06-06T12:24:34.8975492Z   Caching not enabled.
build	Build with Gradle	2026-06-06T12:24:34.8998974Z Caching disabled for AarTransform: /home/runner/.gradle/caches/8.14/transforms/f7a09b5d37e172440771a3c367250518/transformed/appcompat-resources-1.7.1 because:
build	Build with Gradle	2026-06-06T12:24:34.9038451Z   Caching not enabled.
build	Build with Gradle	2026-06-06T12:24:34.9059596Z Caching disabled for AarTransform: /home/runner/.gradle/caches/8.14/transforms/d697b5d8b45978ec3a98ef1655ea06c8/transformed/vectordrawable-animated-1.1.0 because:
build	Build with Gradle	2026-06-06T12:24:34.9088645Z   Caching not enabled.
build	Build with Gradle	2026-06-06T12:24:34.9119278Z Caching disabled for AarTransform: /home/runner/.gradle/caches/8.14/transforms/dc0275561321685487c64fd075a63c35/transformed/vectordrawable-1.1.0 because:
build	Build with Gradle	2026-06-06T12:24:34.9136539Z   Caching not enabled.
build	Build with Gradle	2026-06-06T12:24:34.9178829Z Caching disabled for AarTransform: /home/runner/.gradle/caches/8.14/transforms/f44317b6b582e3df5afb18620edd3775/transformed/swiperefreshlayout-1.1.0 because:
build	Build with Gradle	2026-06-06T12:24:34.9180118Z   Caching not enabled.
build	Build with Gradle	2026-06-06T12:24:34.9220718Z Caching disabled for AarTransform: /home/runner/.gradle/caches/8.14/transforms/a18f3e8414f2ba4eb382dd01375ab089/transformed/core-1.16.0 because:
build	Build with Gradle	2026-06-06T12:24:34.9238610Z   Caching not enabled.
build	Build with Gradle	2026-06-06T12:24:34.9240145Z Caching disabled for ExtractAarTransform: /home/runner/.gradle/caches/modules-2/files-2.1/io.coil-kt.coil3/coil-android/3.4.0/d7cbf41e75d28bdf30b1537b3c4961cf1e8b0059/coil.aar because:
build	Build with Gradle	2026-06-06T12:24:34.9241737Z   Caching not enabled.
build	Build with Gradle	2026-06-06T12:24:34.9242804Z Caching disabled for AarTransform: /home/runner/.gradle/caches/8.14/transforms/33b1fc6b3ef6a3214537aeecc8df60ab/transformed/coil because:
build	Build with Gradle	2026-06-06T12:24:34.9243897Z   Caching not enabled.
build	Build with Gradle	2026-06-06T12:24:34.9245423Z Caching disabled for ExtractAarTransform: /home/runner/.gradle/caches/modules-2/files-2.1/io.coil-kt.coil3/coil-network-okhttp-android/3.4.0/726c9a91436b8f2a338507ffe0e5ba27906ac912/coil-network-okhttp.aar because:
build	Build with Gradle	2026-06-06T12:24:34.9247023Z   Caching not enabled.
build	Build with Gradle	2026-06-06T12:24:34.9248136Z Caching disabled for AarTransform: /home/runner/.gradle/caches/8.14/transforms/c62f2b60b2174dbc2c05823d7d6abfaa/transformed/coil-network-okhttp because:
build	Build with Gradle	2026-06-06T12:24:34.9249379Z   Caching not enabled.
build	Build with Gradle	2026-06-06T12:24:34.9251049Z Caching disabled for ExtractAarTransform: /home/runner/.gradle/caches/modules-2/files-2.1/io.coil-kt.coil3/coil-network-core-android/3.4.0/34c33c1d2d8709d004069555045d252d0f14bab1/coil-network-core.aar because:
build	Build with Gradle	2026-06-06T12:24:34.9252807Z   Caching not enabled.
build	Build with Gradle	2026-06-06T12:24:34.9254156Z Caching disabled for AarTransform: /home/runner/.gradle/caches/8.14/transforms/693c054b9b80dbf8007dadbf97a7b615/transformed/viewbinding-8.11.1 because:
build	Build with Gradle	2026-06-06T12:24:34.9255557Z   Caching not enabled.
build	Build with Gradle	2026-06-06T12:24:34.9256829Z Caching disabled for AarTransform: /home/runner/.gradle/caches/8.14/transforms/d49708ff39937cf2dc8a5d58ef34d065/transformed/coil-network-core because:
build	Build with Gradle	2026-06-06T12:24:34.9258415Z   Caching not enabled.
build	Build with Gradle	2026-06-06T12:24:34.9260014Z Caching disabled for ExtractAarTransform: /home/runner/.gradle/caches/modules-2/files-2.1/io.coil-kt.coil3/coil-core-android/3.4.0/5732710cbf3f7d8d5544eb37c438fcc1f27151a0/coil-core.aar because:
build	Build with Gradle	2026-06-06T12:24:34.9261651Z   Caching not enabled.
build	Build with Gradle	2026-06-06T12:24:34.9263631Z Caching disabled for ExtractAarTransform: /home/runner/.gradle/caches/modules-2/files-2.1/androidx.lifecycle/lifecycle-runtime-android/2.9.4/fd218d3a91d46511975ef11165ffba7d696c04a/lifecycle-runtime-release.aar because:
build	Build with Gradle	2026-06-06T12:24:34.9265469Z   Caching not enabled.
build	Build with Gradle	2026-06-06T12:24:34.9266849Z Caching disabled for AarTransform: /home/runner/.gradle/caches/8.14/transforms/5cdb323f179a5400d9eac68baef40b22/transformed/lifecycle-runtime-release because:
build	Build with Gradle	2026-06-06T12:24:34.9290951Z   Caching not enabled.
build	Build with Gradle	2026-06-06T12:24:34.9292412Z Caching disabled for AarTransform: /home/runner/.gradle/caches/8.14/transforms/d8facd787edaf28a58d8c622a9331078/transformed/coil-core because:
build	Build with Gradle	2026-06-06T12:24:34.9293749Z   Caching not enabled.
build	Build with Gradle	2026-06-06T12:24:34.9295548Z Caching disabled for ExtractAarTransform: /home/runner/.gradle/caches/modules-2/files-2.1/androidx.lifecycle/lifecycle-viewmodel-android/2.9.4/d7f04dd2b3815ea592642340dabc73352c3786a3/lifecycle-viewmodel-release.aar because:
build	Build with Gradle	2026-06-06T12:24:34.9297549Z   Caching not enabled.
build	Build with Gradle	2026-06-06T12:24:34.9299501Z Caching disabled for ExtractAarTransform: /home/runner/.gradle/caches/modules-2/files-2.1/androidx.lifecycle/lifecycle-viewmodel/2.9.4/8f4ec32b47aad807accb172e851839dca2502de4/lifecycle-viewmodel-2.9.4.aar because:
build	Build with Gradle	2026-06-06T12:24:34.9301317Z   Caching not enabled.
build	Build with Gradle	2026-06-06T12:24:34.9302699Z Caching disabled for AarTransform: /home/runner/.gradle/caches/8.14/transforms/20f00e5ccb0364701481c3adff0c0022/transformed/lifecycle-viewmodel-release because:
build	Build with Gradle	2026-06-06T12:24:34.9304187Z   Caching not enabled.
build	Build with Gradle	2026-06-06T12:24:34.9305894Z Caching disabled for ExtractAarTransform: /home/runner/.gradle/caches/modules-2/files-2.1/androidx.lifecycle/lifecycle-livedata-core/2.9.4/8ffb4401079c231b0a85014cf2e4df02c804d53b/lifecycle-livedata-core-2.9.4.aar because:
build	Build with Gradle	2026-06-06T12:24:34.9307881Z   Caching not enabled.
build	Build with Gradle	2026-06-06T12:24:34.9309247Z Caching disabled for AarTransform: /home/runner/.gradle/caches/8.14/transforms/0c66718d94e4554cab2f7d8334723d4c/transformed/lifecycle-viewmodel-2.9.4 because:
build	Build with Gradle	2026-06-06T12:24:34.9310690Z   Caching not enabled.
build	Build with Gradle	2026-06-06T12:24:34.9312407Z Caching disabled for ExtractAarTransform: /home/runner/.gradle/caches/modules-2/files-2.1/androidx.lifecycle/lifecycle-runtime-ktx-android/2.9.4/58b7a78b98c61ac487551aa60cd17e1a4d01af96/lifecycle-runtime-ktx.aar because:
build	Build with Gradle	2026-06-06T12:24:34.9314531Z   Caching not enabled.
build	Build with Gradle	2026-06-06T12:24:34.9315944Z Caching disabled for AarTransform: /home/runner/.gradle/caches/8.14/transforms/6fe02a9c6bc1a8d677661f17a75652df/transformed/lifecycle-livedata-core-2.9.4 because:
build	Build with Gradle	2026-06-06T12:24:34.9317530Z   Caching not enabled.
build	Build with Gradle	2026-06-06T12:24:34.9319276Z Caching disabled for ExtractAarTransform: /home/runner/.gradle/caches/modules-2/files-2.1/androidx.lifecycle/lifecycle-livedata/2.9.4/a445cc747a3b97b2c716a41456edd6b88db8b325/lifecycle-livedata-2.9.4.aar because:
build	Build with Gradle	2026-06-06T12:24:34.9321069Z   Caching not enabled.
build	Build with Gradle	2026-06-06T12:24:34.9322379Z Caching disabled for AarTransform: /home/runner/.gradle/caches/8.14/transforms/045e1f63699bdc1710b726e46c8c703d/transformed/lifecycle-runtime-ktx because:
build	Build with Gradle	2026-06-06T12:24:34.9323823Z   Caching not enabled.
build	Build with Gradle	2026-06-06T12:24:34.9325132Z Caching disabled for AarTransform: /home/runner/.gradle/caches/8.14/transforms/0bbb0e176c4adaced1da8fc8c45f5f69/transformed/lifecycle-livedata-2.9.4 because:
build	Build with Gradle	2026-06-06T12:24:34.9326528Z   Caching not enabled.
build	Build with Gradle	2026-06-06T12:24:34.9328487Z Caching disabled for ExtractAarTransform: /home/runner/.gradle/caches/modules-2/files-2.1/androidx.lifecycle/lifecycle-livedata-core-ktx/2.9.4/68b88348bde12d53ab420ce6b5ac3cb9a8c45a11/lifecycle-livedata-core-ktx-2.9.4.aar because:
build	Build with Gradle	2026-06-06T12:24:34.9330443Z   Caching not enabled.
build	Build with Gradle	2026-06-06T12:24:34.9332202Z Caching disabled for ExtractAarTransform: /home/runner/.gradle/caches/modules-2/files-2.1/androidx.lifecycle/lifecycle-livedata-ktx/2.9.4/66792975f809f779d8dc81f8a939044ce511e403/lifecycle-livedata-ktx-2.9.4.aar because:
build	Build with Gradle	2026-06-06T12:24:34.9334022Z   Caching not enabled.
build	Build with Gradle	2026-06-06T12:24:34.9335651Z Caching disabled for AarTransform: /home/runner/.gradle/caches/8.14/transforms/dc0568acb601ada223da268dc89d9a1a/transformed/lifecycle-livedata-ktx-2.9.4 because:
build	Build with Gradle	2026-06-06T12:24:34.9337162Z   Caching not enabled.
build	Build with Gradle	2026-06-06T12:24:34.9338823Z Caching disabled for AarTransform: /home/runner/.gradle/caches/8.14/transforms/86daf15fa6531778dc0ccc1fef270dd4/transformed/lifecycle-livedata-core-ktx-2.9.4 because:
build	Build with Gradle	2026-06-06T12:24:34.9340592Z   Caching not enabled.
build	Build with Gradle	2026-06-06T12:24:34.9342427Z Caching disabled for ExtractAarTransform: /home/runner/.gradle/caches/modules-2/files-2.1/androidx.lifecycle/lifecycle-viewmodel-ktx/2.9.4/83844a139f46cf3d195148d78f1820ecebf61294/lifecycle-viewmodel-ktx-2.9.4.aar because:
build	Build with Gradle	2026-06-06T12:24:34.9344303Z   Caching not enabled.
build	Build with Gradle	2026-06-06T12:24:34.9346056Z Caching disabled for ExtractAarTransform: /home/runner/.gradle/caches/modules-2/files-2.1/androidx.glance/glance-appwidget/1.1.1/8f61d47d1c86ad056a32f758722ee13325b25ae7/glance-appwidget-1.1.1.aar because:
build	Build with Gradle	2026-06-06T12:24:34.9348003Z   Caching not enabled.
build	Build with Gradle	2026-06-06T12:24:34.9349578Z Caching disabled for AarTransform: /home/runner/.gradle/caches/8.14/transforms/ef0d0ada300b662b4bc2dcd561c4ab70/transformed/lifecycle-viewmodel-ktx-2.9.4 because:
build	Build with Gradle	2026-06-06T12:24:34.9351025Z   Caching not enabled.
build	Build with Gradle	2026-06-06T12:24:34.9352547Z Caching disabled for ExtractAarTransform: /home/runner/.gradle/caches/modules-2/files-2.1/androidx.glance/glance/1.1.1/70123f8e0deab43dad272887d501261bbda1013e/glance-1.1.1.aar because:
build	Build with Gradle	2026-06-06T12:24:34.9354178Z   Caching not enabled.
build	Build with Gradle	2026-06-06T12:24:34.9355472Z Caching disabled for AarTransform: /home/runner/.gradle/caches/8.14/transforms/5c7bf891ae70d7d08b7f06ccb140fad8/transformed/glance-1.1.1 because:
build	Build with Gradle	2026-06-06T12:24:34.9356861Z   Caching not enabled.
build	Build with Gradle	2026-06-06T12:24:34.9358750Z Caching disabled for ExtractAarTransform: /home/runner/.gradle/caches/modules-2/files-2.1/androidx.datastore/datastore-preferences/1.0.0/246d3fe6a8fad89cb125347cd3e66c25c09b791d/datastore-preferences-1.0.0.aar because:
build	Build with Gradle	2026-06-06T12:24:34.9360733Z   Caching not enabled.
build	Build with Gradle	2026-06-06T12:24:34.9362207Z Caching disabled for AarTransform: /home/runner/.gradle/caches/8.14/transforms/8c7c9a78376cd260d7272a1fac1507a0/transformed/datastore-preferences-1.0.0 because:
build	Build with Gradle	2026-06-06T12:24:34.9363773Z   Caching not enabled.
build	Build with Gradle	2026-06-06T12:24:34.9365270Z Caching disabled for ExtractAarTransform: /home/runner/.gradle/caches/modules-2/files-2.1/androidx.datastore/datastore/1.0.0/3de4862f268c702e0f09e1bc26fa347da3ae33be/datastore-1.0.0.aar because:
build	Build with Gradle	2026-06-06T12:24:34.9366884Z   Caching not enabled.
build	Build with Gradle	2026-06-06T12:24:34.9368421Z Caching disabled for AarTransform: /home/runner/.gradle/caches/8.14/transforms/615878ae3b772c18093f4d9e3e195a20/transformed/datastore-1.0.0 because:
build	Build with Gradle	2026-06-06T12:24:34.9369837Z   Caching not enabled.
build	Build with Gradle	2026-06-06T12:24:34.9371241Z Caching disabled for ExtractAarTransform: /home/runner/.gradle/caches/modules-2/files-2.1/androidx.savedstate/savedstate-ktx/1.3.1/6a7369e15f63e373ad51e7a993cb79f34e310018/savedstate-ktx-1.3.1.aar because:
build	Build with Gradle	2026-06-06T12:24:34.9375727Z   Caching not enabled.
build	Build with Gradle	2026-06-06T12:24:34.9377053Z Caching disabled for AarTransform: /home/runner/.gradle/caches/8.14/transforms/0f268d830baf1b2adb315c1349db4113/transformed/savedstate-ktx-1.3.1 because:
build	Build with Gradle	2026-06-06T12:24:34.9378701Z   Caching not enabled.
build	Build with Gradle	2026-06-06T12:24:34.9380328Z Caching disabled for ExtractAarTransform: /home/runner/.gradle/caches/modules-2/files-2.1/androidx.savedstate/savedstate-android/1.3.1/4b078014537a69f58fe81145946768b086e21517/savedstate-release.aar because:
build	Build with Gradle	2026-06-06T12:24:34.9382534Z   Caching not enabled.
build	Build with Gradle	2026-06-06T12:24:34.9383785Z Caching disabled for AarTransform: /home/runner/.gradle/caches/8.14/transforms/f85fca100dc1cfb9faf4b8055f4a62e9/transformed/savedstate-release because:
build	Build with Gradle	2026-06-06T12:24:34.9385419Z   Caching not enabled.
build	Build with Gradle	2026-06-06T12:24:34.9386707Z Caching disabled for AarTransform: /home/runner/.gradle/caches/8.14/transforms/a0f2f8571a731d673f1339b181103682/transformed/room-runtime-2.6.1 because:
build	Build with Gradle	2026-06-06T12:24:34.9388621Z   Caching not enabled.
build	Build with Gradle	2026-06-06T12:24:34.9389893Z Caching disabled for AarTransform: /home/runner/.gradle/caches/8.14/transforms/b7f54caf5fd601a6753bed9729e1530e/transformed/room-ktx-2.6.1 because:
build	Build with Gradle	2026-06-06T12:24:34.9394979Z   Caching not enabled.
build	Build with Gradle	2026-06-06T12:24:34.9396635Z Caching disabled for ExtractAarTransform: /home/runner/.gradle/caches/modules-2/files-2.1/androidx.compose.runtime/runtime/1.2.1/c58ea3086812ae34ea5eedda4feaabf227adb8b0/runtime-1.2.1.aar because:
build	Build with Gradle	2026-06-06T12:24:34.9398751Z   Caching not enabled.
build	Build with Gradle	2026-06-06T12:24:34.9399977Z Caching disabled for AarTransform: /home/runner/.gradle/caches/8.14/transforms/f9239a1ba9edcb911ae9670e7877c906/transformed/runtime-1.2.1 because:
build	Build with Gradle	2026-06-06T12:24:34.9401307Z   Caching not enabled.
build	Build with Gradle	2026-06-06T12:24:34.9402929Z Caching disabled for ExtractAarTransform: /home/runner/.gradle/caches/modules-2/files-2.1/androidx.core/core-splashscreen/1.0.1/fadbb3c79d38f185997886b932b93278a4d8c2c1/core-splashscreen-1.0.1.aar because:
build	Build with Gradle	2026-06-06T12:24:34.9404631Z   Caching not enabled.
build	Build with Gradle	2026-06-06T12:24:34.9406007Z Caching disabled for AarTransform: /home/runner/.gradle/caches/8.14/transforms/b1caf7903885e6dfd466268b50bb28e5/transformed/core-splashscreen-1.0.1 because:
build	Build with Gradle	2026-06-06T12:24:34.9407933Z   Caching not enabled.
build	Build with Gradle	2026-06-06T12:24:34.9409445Z Caching disabled for ExtractAarTransform: /home/runner/.gradle/caches/modules-2/files-2.1/androidx.core/core-remoteviews/1.1.0/eed9f50972899dc2e51001c79c0094de7ff85d53/core-remoteviews-1.1.0.aar because:
build	Build with Gradle	2026-06-06T12:24:34.9411137Z   Caching not enabled.
build	Build with Gradle	2026-06-06T12:24:34.9412280Z Caching disabled for AarTransform: /home/runner/.gradle/caches/8.14/transforms/c2631671ecbd3d95bfc540fb5557d230/transformed/core-remoteviews-1.1.0 because:
build	Build with Gradle	2026-06-06T12:24:34.9413529Z   Caching not enabled.
build	Build with Gradle	2026-06-06T12:24:34.9414684Z Caching disabled for AarTransform: /home/runner/.gradle/caches/8.14/transforms/ab00c267663707e20a9c28832bd574a2/transformed/timber-5.0.1 because:
build	Build with Gradle	2026-06-06T12:24:34.9416152Z   Caching not enabled.
build	Build with Gradle	2026-06-06T12:24:34.9417823Z Caching disabled for ExtractAarTransform: /home/runner/.gradle/caches/modules-2/files-2.1/dev.rikka.rikkax.html/html-ktx/1.1.2/93f816bee61ae1ad8c5d2c441b47a3c3ae97e505/html-ktx-1.1.2.aar because:
build	Build with Gradle	2026-06-06T12:24:34.9419308Z   Caching not enabled.
build	Build with Gradle	2026-06-06T12:24:34.9420648Z Caching disabled for AarTransform: /home/runner/.gradle/caches/8.14/transforms/f59af9a0eace077f0e9ad35c903edb0e/transformed/html-ktx-1.1.2 because:
build	Build with Gradle	2026-06-06T12:24:34.9421813Z   Caching not enabled.
build	Build with Gradle	2026-06-06T12:24:34.9422874Z Caching disabled for AarTransform: /home/runner/.gradle/caches/8.14/transforms/6589a5b496d2f82dfc01f076eae8bbc4/transformed/core-ktx-1.4.1-release because:
build	Build with Gradle	2026-06-06T12:24:34.9424139Z   Caching not enabled.
build	Build with Gradle	2026-06-06T12:24:34.9425716Z Caching disabled for ExtractAarTransform: /home/runner/.gradle/caches/modules-2/files-2.1/dev.rikka.rikkax.recyclerview/recyclerview-ktx/1.3.2/b4ae36cccac5abb5099f07f20972af94fb2172/recyclerview-ktx-1.3.2.aar because:
build	Build with Gradle	2026-06-06T12:24:34.9427649Z   Caching not enabled.
build	Build with Gradle	2026-06-06T12:24:34.9428992Z Caching disabled for AarTransform: /home/runner/.gradle/caches/8.14/transforms/338cbb5a6afddf9796ee1bfc02c64c98/transformed/recyclerview-ktx-1.3.2 because:
build	Build with Gradle	2026-06-06T12:24:34.9430437Z   Caching not enabled.
build	Build with Gradle	2026-06-06T12:24:34.9431792Z Caching disabled for AarTransform: /home/runner/.gradle/caches/8.14/transforms/0a9f0b23f2ae3b3d671937d923da2cba/transformed/glance-appwidget-1.1.1 because:
build	Build with Gradle	2026-06-06T12:24:34.9433243Z   Caching not enabled.
build	Build with Gradle	2026-06-06T12:24:34.9434568Z Caching disabled for AarTransform: /home/runner/.gradle/caches/8.14/transforms/30676eef3dc22ac269337397d20f7f25/transformed/insets-1.3.0-release because:
build	Build with Gradle	2026-06-06T12:24:34.9435945Z   Caching not enabled.
build	Build with Gradle	2026-06-06T12:24:34.9437467Z Caching disabled for AarTransform: /home/runner/.gradle/caches/8.14/transforms/b63ec3c1af75a7e3e11e00b71c5d2f13/transformed/annotation-experimental-1.4.1 because:
build	Build with Gradle	2026-06-06T12:24:34.9438968Z   Caching not enabled.
build	Build with Gradle	2026-06-06T12:24:34.9441030Z Caching disabled for ExtractAarTransform: /home/runner/.gradle/caches/modules-2/files-2.1/dev.rikka.rikkax.lifecycle/lifecycle-resource-livedata/1.0.1/fa715ddab5c4d13e207e3d714923cd6cd0f012fa/lifecycle-resource-livedata-1.0.1-release.aar because:
build	Build with Gradle	2026-06-06T12:24:34.9443291Z   Caching not enabled.
build	Build with Gradle	2026-06-06T12:24:34.9445063Z Caching disabled for ExtractAarTransform: /home/runner/.gradle/caches/modules-2/files-2.1/com.mikepenz/aboutlibraries-core-android/11.6.3/37b8fb4c8df5741b8bf5be4d94a99c304b567cf0/aboutlibraries-core-release.aar because:
build	Build with Gradle	2026-06-06T12:24:34.9447038Z   Caching not enabled.
build	Build with Gradle	2026-06-06T12:24:34.9448450Z Caching disabled for AarTransform: /home/runner/.gradle/caches/8.14/transforms/0380dce5195f95e6e343462acaffc231/transformed/lifecycle-resource-livedata-1.0.1-release because:
build	Build with Gradle	2026-06-06T12:24:34.9450105Z   Caching not enabled.
build	Build with Gradle	2026-06-06T12:24:34.9451355Z Caching disabled for AarTransform: /home/runner/.gradle/caches/8.14/transforms/5e76c393bb448bcfa0655c68ec471020/transformed/aboutlibraries-core-release because:
build	Build with Gradle	2026-06-06T12:24:34.9452769Z   Caching not enabled.
build	Build with Gradle	2026-06-06T12:24:34.9454077Z Caching disabled for AarTransform: /home/runner/.gradle/caches/8.14/transforms/15a46fdad85d2cb7e7c637ba2a744a05/transformed/interpolator-1.0.0 because:
build	Build with Gradle	2026-06-06T12:24:34.9455186Z   Caching not enabled.
build	Build with Gradle	2026-06-06T12:24:34.9456427Z Caching disabled for ExtractAarTransform: /home/runner/.gradle/caches/modules-2/files-2.1/androidx.compose.ui/ui-graphics/1.1.1/2b97a98935503ef58692ad860852b26838307deb/ui-graphics-1.1.1.aar because:
build	Build with Gradle	2026-06-06T12:24:34.9457985Z   Caching not enabled.
build	Build with Gradle	2026-06-06T12:24:34.9459547Z Caching disabled for ExtractAarTransform: /home/runner/.gradle/caches/modules-2/files-2.1/androidx.compose.ui/ui-unit/1.1.1/bc1108e8e9e70482f9610d9b6ef18ef4fc919758/ui-unit-1.1.1.aar because:
build	Build with Gradle	2026-06-06T12:24:34.9461109Z   Caching not enabled.
build	Build with Gradle	2026-06-06T12:24:34.9462319Z Caching disabled for AarTransform: /home/runner/.gradle/caches/8.14/transforms/eb0c0593968df75a68be86f7d6f56e03/transformed/ui-unit-1.1.1 because:
build	Build with Gradle	2026-06-06T12:24:34.9463597Z   Caching not enabled.
build	Build with Gradle	2026-06-06T12:24:34.9464747Z Caching disabled for AarTransform: /home/runner/.gradle/caches/8.14/transforms/b2e7fb1ff7f260dce39e55cb27088efd/transformed/cardview-1.0.0 because:
build	Build with Gradle	2026-06-06T12:24:34.9466062Z   Caching not enabled.
build	Build with Gradle	2026-06-06T12:24:34.9467332Z Caching disabled for AarTransform: /home/runner/.gradle/caches/8.14/transforms/af1849ac59ea9b10c0df81a67570c855/transformed/cursoradapter-1.0.0 because:
build	Build with Gradle	2026-06-06T12:24:34.9468904Z   Caching not enabled.
build	Build with Gradle	2026-06-06T12:24:34.9470159Z Caching disabled for AarTransform: /home/runner/.gradle/caches/8.14/transforms/82c33335d6daf0ba2c2d3106c603ebc3/transformed/sqlite-framework-2.4.0 because:
build	Build with Gradle	2026-06-06T12:24:34.9471560Z   Caching not enabled.
build	Build with Gradle	2026-06-06T12:24:34.9473529Z Caching disabled for ExtractAarTransform: /home/runner/.gradle/caches/modules-2/files-2.1/dev.rikka.rikkax.material/material-preference/2.0.0/ec70c30b7473ee957ddd8c36712e1bfe7704c6aa/material-preference-2.0.0-release.aar because:
build	Build with Gradle	2026-06-06T12:24:34.9475462Z   Caching not enabled.
build	Build with Gradle	2026-06-06T12:24:34.9476789Z Caching disabled for AarTransform: /home/runner/.gradle/caches/8.14/transforms/f5dc25b733d8c7664560d889ae0ff956/transformed/sqlite-2.4.0 because:
build	Build with Gradle	2026-06-06T12:24:34.9478286Z   Caching not enabled.
build	Build with Gradle	2026-06-06T12:24:34.9479634Z Caching disabled for AarTransform: /home/runner/.gradle/caches/8.14/transforms/eec55b2add6457c8fb902795cbf8eedc/transformed/versionedparcelable-1.1.1 because:
build	Build with Gradle	2026-06-06T12:24:34.9481063Z   Caching not enabled.
build	Build with Gradle	2026-06-06T12:24:34.9482410Z Caching disabled for AarTransform: /home/runner/.gradle/caches/8.14/transforms/9a0af10b7d6a004c0dde0da7908916e8/transformed/core-runtime-2.2.0 because:
build	Build with Gradle	2026-06-06T12:24:34.9483783Z   Caching not enabled.
build	Build with Gradle	2026-06-06T12:24:34.9484999Z Caching disabled for AarTransform: /home/runner/.gradle/caches/8.14/transforms/6afc1b2f65d907779fd871415079443b/transformed/ui-graphics-1.1.1 because:
build	Build with Gradle	2026-06-06T12:24:34.9486342Z   Caching not enabled.
build	Build with Gradle	2026-06-06T12:24:34.9487855Z Caching disabled for AarTransform: /home/runner/.gradle/caches/8.14/transforms/373e825be4973449db84049594b600ab/transformed/material-preference-2.0.0-release because:
build	Build with Gradle	2026-06-06T12:24:34.9489544Z   Caching not enabled.
build	Build with Gradle	2026-06-06T12:24:34.9490764Z Caching disabled for AarTransform: /home/runner/.gradle/caches/8.14/transforms/978962270e5cad713dc7d4c9033320a2/transformed/stub-4.4.0 because:
build	Build with Gradle	2026-06-06T12:24:34.9492030Z   Caching not enabled.
build	Build with Gradle	2026-06-06T12:24:34.9493316Z Caching disabled for AarTransform: /home/runner/.gradle/caches/8.14/transforms/a203a862f516367cac65cc0033ada510/transformed/core-viewtree-1.0.0 because:
build	Build with Gradle	2026-06-06T12:24:34.9494925Z   Caching not enabled.
build	Build with Gradle	2026-06-06T12:24:34.9496490Z Caching disabled for ExtractAarTransform: /home/runner/.gradle/caches/modules-2/files-2.1/androidx.compose.ui/ui-geometry/1.1.1/9a83922b7f4359964641df49840240250a19de3f/ui-geometry-1.1.1.aar because:
build	Build with Gradle	2026-06-06T12:24:34.9498341Z   Caching not enabled.
build	Build with Gradle	2026-06-06T12:24:34.9499602Z Caching disabled for AarTransform: /home/runner/.gradle/caches/8.14/transforms/93e5dd5bd02503c2c463051d8428f6c3/transformed/compat-4.4.0 because:
build	Build with Gradle	2026-06-06T12:24:34.9500914Z   Caching not enabled.
build	Build with Gradle	2026-06-06T12:24:34.9502230Z Caching disabled for ExtractAarTransform: /home/runner/.gradle/caches/modules-2/files-2.1/com.airbnb.android/lottie/6.6.2/8aed70cce2e1735a0b68e080a50cb22b0a4c9d54/lottie-6.6.2.aar because:
build	Build with Gradle	2026-06-06T12:24:34.9503590Z   Caching not enabled.
build	Build with Gradle	2026-06-06T12:24:34.9504862Z Caching disabled for ExtractAarTransform: /home/runner/.gradle/caches/modules-2/files-2.1/com.github.topjohnwu.libsu/core/6.0.0/30219460d3ef68871a2f556ce16bb14ff8d51f7/core-6.0.0.aar because:
build	Build with Gradle	2026-06-06T12:24:34.9506270Z   Caching not enabled.
build	Build with Gradle	2026-06-06T12:24:34.9507642Z Caching disabled for AarTransform: /home/runner/.gradle/caches/8.14/transforms/e243041e7dbb74197d5bc00e0943bf6a/transformed/ui-geometry-1.1.1 because:
build	Build with Gradle	2026-06-06T12:24:34.9508825Z   Caching not enabled.
build	Build with Gradle	2026-06-06T12:24:34.9509964Z Caching disabled for AarTransform: /home/runner/.gradle/caches/8.14/transforms/5d7fa8ac1f6ab741b32c1fc4bc71bdf6/transformed/compatibility-2.0.0 because:
build	Build with Gradle	2026-06-06T12:24:34.9511207Z   Caching not enabled.
build	Build with Gradle	2026-06-06T12:24:34.9512397Z Caching disabled for AarTransform: /home/runner/.gradle/caches/8.14/transforms/f16a35ef33f3a5860c0cc8532fe5dc8c/transformed/core-6.0.0 because:
build	Build with Gradle	2026-06-06T12:24:34.9513708Z   Caching not enabled.
build	Build with Gradle	2026-06-06T12:24:34.9515375Z Caching disabled for ExtractAarTransform: /home/runner/.gradle/caches/modules-2/files-2.1/dev.rikka.rikkax.recyclerview/recyclerview-adapter/1.3.0/a197a2796db8961d40d3246d9c1ded88cee6852f/recyclerview-adapter-1.3.0.aar because:
build	Build with Gradle	2026-06-06T12:24:34.9517069Z   Caching not enabled.
build	Build with Gradle	2026-06-06T12:24:34.9518297Z Caching disabled for AarTransform: /home/runner/.gradle/caches/8.14/transforms/6a51a01fd16264a83e0f0feeab00d6ea/transformed/layoutinflater-1.3.0 because:
build	Build with Gradle	2026-06-06T12:24:34.9519505Z   Caching not enabled.
build	Build with Gradle	2026-06-06T12:24:34.9520696Z Caching disabled for AarTransform: /home/runner/.gradle/caches/8.14/transforms/2c263715c01736e27b196a80ad5b1fdb/transformed/recyclerview-adapter-1.3.0 because:
build	Build with Gradle	2026-06-06T12:24:34.9522208Z   Caching not enabled.
build	Build with Gradle	2026-06-06T12:24:34.9523837Z Caching disabled for ExtractAarTransform: /home/runner/.gradle/caches/modules-2/files-2.1/dev.rikka.rikkax.preference/simplemenu-preference/1.0.3/f2ed781522ce026af4df88d016304c2dbee8ec02/simplemenu-preference-1.0.3.aar because:
build	Build with Gradle	2026-06-06T12:24:34.9525642Z   Caching not enabled.
build	Build with Gradle	2026-06-06T12:24:34.9526781Z Caching disabled for AarTransform: /home/runner/.gradle/caches/8.14/transforms/fdd7a2f71d98268b12d6291e62912d0b/transformed/lottie-6.6.2 because:
build	Build with Gradle	2026-06-06T12:24:34.9528077Z   Caching not enabled.
build	Build with Gradle	2026-06-06T12:24:34.9529614Z Caching disabled for ExtractAarTransform: /home/runner/.gradle/caches/modules-2/files-2.1/org.lsposed.hiddenapibypass/hiddenapibypass/6.1/18d7213e2447fe9734b2a78f232bca1e02d782e5/hiddenapibypass-6.1.aar because:
build	Build with Gradle	2026-06-06T12:24:34.9531255Z   Caching not enabled.
build	Build with Gradle	2026-06-06T12:24:34.9532658Z Caching disabled for ExtractAarTransform: /home/runner/.gradle/caches/modules-2/files-2.1/io.github.vvb2060.ndk/boringssl/20250114/d609ea0eaf251895ffb821e0ac5258ed9715d6b2/boringssl-20250114.aar because:
build	Build with Gradle	2026-06-06T12:24:34.9534413Z   Caching not enabled.
build	Build with Gradle	2026-06-06T12:24:34.9535591Z Caching disabled for AarTransform: /home/runner/.gradle/caches/8.14/transforms/b966c438ee1e24a5a0e1926959b61a2d/transformed/hiddenapibypass-6.1 because:
build	Build with Gradle	2026-06-06T12:24:34.9536840Z   Caching not enabled.
build	Build with Gradle	2026-06-06T12:24:34.9538407Z Caching disabled for AarTransform: /home/runner/.gradle/caches/8.14/transforms/4d1f2d6f8fcd4d0456ade74253b328dd/transformed/simplemenu-preference-1.0.3 because:
build	Build with Gradle	2026-06-06T12:24:34.9540074Z   Caching not enabled.
build	Build with Gradle	2026-06-06T12:24:34.9541940Z Caching disabled for ExtractAarTransform: /home/runner/.gradle/caches/modules-2/files-2.1/me.zhanghai.android.appiconloader/appiconloader/1.5.0/a17f40e75eedc7cffaa08115d20aaaf209a33f2d/appiconloader-1.5.0.aar because:
build	Build with Gradle	2026-06-06T12:24:34.9544192Z   Caching not enabled.
build	Build with Gradle	2026-06-06T12:24:34.9545906Z Caching disabled for ExtractAarTransform: /home/runner/.gradle/caches/modules-2/files-2.1/io.sentry/sentry-android-core/8.40.0/6af4b6c447850edade5191560bd3c5f76c4936fd/sentry-android-core-8.40.0.aar because:
build	Build with Gradle	2026-06-06T12:24:34.9548056Z   Caching not enabled.
build	Build with Gradle	2026-06-06T12:24:34.9549411Z Caching disabled for AarTransform: /home/runner/.gradle/caches/8.14/transforms/7cb87b818b30498bcde5bf59509b305b/transformed/appiconloader-1.5.0 because:
build	Build with Gradle	2026-06-06T12:24:34.9550833Z   Caching not enabled.
build	Build with Gradle	2026-06-06T12:24:34.9552605Z Caching disabled for ExtractAarTransform: /home/runner/.gradle/caches/modules-2/files-2.1/io.sentry/sentry-android-fragment/8.40.0/2cc7438fa9dd253e4435fe23636b0bbd4e990ead/sentry-android-fragment-8.40.0.aar because:
build	Build with Gradle	2026-06-06T12:24:34.9554443Z   Caching not enabled.
build	Build with Gradle	2026-06-06T12:24:34.9555917Z Caching disabled for AarTransform: /home/runner/.gradle/caches/8.14/transforms/966464b5816c63aee25736b13ab38709/transformed/sentry-android-fragment-8.40.0 because:
build	Build with Gradle	2026-06-06T12:24:34.9557227Z   Caching not enabled.
build	Build with Gradle	2026-06-06T12:24:34.9559214Z Caching disabled for ExtractAarTransform: /home/runner/.gradle/caches/modules-2/files-2.1/io.sentry/sentry-android-timber/8.40.0/29253940b4f8225a8c06640a9465232907d33911/sentry-android-timber-8.40.0.aar because:
build	Build with Gradle	2026-06-06T12:24:34.9560845Z   Caching not enabled.
build	Build with Gradle	2026-06-06T12:24:34.9562192Z Caching disabled for AarTransform: /home/runner/.gradle/caches/8.14/transforms/f3104eb4796c3cb96709ee2563cfb750/transformed/sentry-android-core-8.40.0 because:
build	Build with Gradle	2026-06-06T12:24:34.9563657Z   Caching not enabled.
build	Build with Gradle	2026-06-06T12:24:34.9565001Z Caching disabled for AarTransform: /home/runner/.gradle/caches/8.14/transforms/bd37fa4ac9a923d774be35a04b675e9d/transformed/sentry-android-timber-8.40.0 because:
build	Build with Gradle	2026-06-06T12:24:34.9566491Z   Caching not enabled.
build	Build with Gradle	2026-06-06T12:24:34.9567922Z Caching disabled for AarTransform: /home/runner/.gradle/caches/8.14/transforms/ee981983fc55a7699435ecebe45f87ef/transformed/core-1.4.1-release because:
build	Build with Gradle	2026-06-06T12:24:34.9569542Z   Caching not enabled.
build	Build with Gradle	2026-06-06T12:24:34.9571254Z Caching disabled for ExtractAarTransform: /home/runner/.gradle/caches/modules-2/files-2.1/io.sentry/sentry-android-sqlite/8.40.0/39e6b59f22c3723634c39a59c483e929b58900a4/sentry-android-sqlite-8.40.0.aar because:
build	Build with Gradle	2026-06-06T12:24:34.9573017Z   Caching not enabled.
build	Build with Gradle	2026-06-06T12:24:34.9574692Z Caching disabled for ExtractAarTransform: /home/runner/.gradle/caches/modules-2/files-2.1/io.sentry/sentry-compose-android/8.40.0/9d9c271d75a3646a6360c6099b9cd15224c8cafc/sentry-compose-release.aar because:
build	Build with Gradle	2026-06-06T12:24:34.9576452Z   Caching not enabled.
build	Build with Gradle	2026-06-06T12:24:34.9577818Z Caching disabled for AarTransform: /home/runner/.gradle/caches/8.14/transforms/a6341a3e8d2c382078fb8f297369ac51/transformed/sentry-android-sqlite-8.40.0 because:
build	Build with Gradle	2026-06-06T12:24:34.9578968Z   Caching not enabled.
build	Build with Gradle	2026-06-06T12:24:34.9580472Z Caching disabled for ExtractAarTransform: /home/runner/.gradle/caches/modules-2/files-2.1/io.sentry/sentry-android-navigation/8.40.0/cb8ccf9b3d1ff2c0ae323e24205140d0edebc002/sentry-android-navigation-8.40.0.aar because:
build	Build with Gradle	2026-06-06T12:24:34.9582412Z   Caching not enabled.
build	Build with Gradle	2026-06-06T12:24:34.9583747Z Caching disabled for AarTransform: /home/runner/.gradle/caches/8.14/transforms/a8b524143b57d8c2908f9c01f30efac2/transformed/sentry-compose-release because:
build	Build with Gradle	2026-06-06T12:24:34.9585053Z   Caching not enabled.
build	Build with Gradle	2026-06-06T12:24:34.9586107Z Caching disabled for AarTransform: /home/runner/.gradle/caches/8.14/transforms/c3f1fba07658b0b59e408933ad000cab/transformed/startup-runtime-1.1.1 because:
build	Build with Gradle	2026-06-06T12:24:34.9587675Z   Caching not enabled.
build	Build with Gradle	2026-06-06T12:24:34.9588834Z Caching disabled for AarTransform: /home/runner/.gradle/caches/8.14/transforms/966144f595f2139b76140bbf274142f6/transformed/sentry-android-navigation-8.40.0 because:
build	Build with Gradle	2026-06-06T12:24:34.9590171Z   Caching not enabled.
build	Build with Gradle	2026-06-06T12:24:34.9591383Z Caching disabled for AarTransform: /home/runner/.gradle/caches/8.14/transforms/6e4c683cb074c37b2a51c2ee5db07733/transformed/constraintlayout-2.2.1 because:
build	Build with Gradle	2026-06-06T12:24:34.9592605Z   Caching not enabled.
build	Build with Gradle	2026-06-06T12:24:34.9593899Z Caching disabled for AarTransform: /home/runner/.gradle/caches/8.14/transforms/c4288f6412f7c6bdcfe961d2f0efb4d2/transformed/graphics-shapes-release because:
build	Build with Gradle	2026-06-06T12:24:34.9595267Z   Caching not enabled.
build	Build with Gradle	2026-06-06T12:24:34.9596370Z Caching disabled for AarTransform: /home/runner/.gradle/caches/8.14/transforms/4b91b30cdde5ec990d4144c4990f3981/transformed/parcelablelist-2.0.1-release because:
build	Build with Gradle	2026-06-06T12:24:34.9597840Z   Caching not enabled.
build	Build with Gradle	2026-06-06T12:24:34.9599310Z Caching disabled for ExtractAarTransform: /home/runner/.gradle/caches/modules-2/files-2.1/dev.rikka.rikkax.html/html/1.1.2/536a26f8416cea96650b315528bd9c08598f5886/html-1.1.2.aar because:
build	Build with Gradle	2026-06-06T12:24:34.9600810Z   Caching not enabled.
build	Build with Gradle	2026-06-06T12:24:34.9601939Z Caching disabled for AarTransform: /home/runner/.gradle/caches/8.14/transforms/e5742399012525e0edda6cc8d9ad7262/transformed/html-1.1.2 because:
build	Build with Gradle	2026-06-06T12:24:34.9603160Z   Caching not enabled.
build	Build with Gradle	2026-06-06T12:24:34.9604601Z Caching disabled for ExtractAarTransform: /home/runner/.gradle/caches/modules-2/files-2.1/io.insert-koin/koin-android/4.0.2/1258bf0bebbfd5f61b7c2a6c9543063e3e0c4a02/koin-android-4.0.2.aar because:
build	Build with Gradle	2026-06-06T12:24:34.9606231Z   Caching not enabled.
build	Build with Gradle	2026-06-06T12:24:34.9606623Z 
build	Build with Gradle	2026-06-06T12:24:34.9607086Z > Task :server-shared:exportReleaseConsumerProguardFiles
build	Build with Gradle	2026-06-06T12:24:34.9608351Z Caching disabled for task ':server-shared:exportReleaseConsumerProguardFiles' because:
build	Build with Gradle	2026-06-06T12:24:34.9609374Z   Caching has been disabled for the task
build	Build with Gradle	2026-06-06T12:24:34.9610329Z Task ':server-shared:exportReleaseConsumerProguardFiles' is not up-to-date because:
build	Build with Gradle	2026-06-06T12:24:34.9611217Z   No history is available.
build	Build with Gradle	2026-06-06T12:24:34.9612329Z work action resolve exportReleaseConsumerProguardFiles (project :server-shared) (Thread[#160,Execution worker,5,main]) started.
build	Build with Gradle	2026-06-06T12:24:34.9613724Z FilterShrinkerRulesTransform (Thread[#160,Execution worker,5,main]) started.
build	Build with Gradle	2026-06-06T12:24:34.9614430Z 
build	Build with Gradle	2026-06-06T12:24:34.9615183Z > Transform exportReleaseConsumerProguardFiles (project :server-shared) with FilterShrinkerRulesTransform
build	Build with Gradle	2026-06-06T12:24:34.9617329Z Caching disabled for FilterShrinkerRulesTransform: /home/runner/work/ShizukuPlus/ShizukuPlus/api/server-shared/build/intermediates/consumer_proguard_dir/release/exportReleaseConsumerProguardFiles because:
build	Build with Gradle	2026-06-06T12:24:34.9619122Z   Caching not enabled.
build	Build with Gradle	2026-06-06T12:24:34.9620116Z Resolve mutations for :rish:mergeReleaseGeneratedProguardFiles (Thread[#160,Execution worker,5,main]) started.
build	Build with Gradle	2026-06-06T12:24:34.9621469Z :rish:mergeReleaseGeneratedProguardFiles (Thread[#160,Execution worker,5,main]) started.
build	Build with Gradle	2026-06-06T12:24:34.9788798Z 
build	Build with Gradle	2026-06-06T12:24:34.9815982Z > Task :rish:mergeReleaseGeneratedProguardFiles
build	Build with Gradle	2026-06-06T12:24:34.9848594Z Caching disabled for task ':rish:mergeReleaseGeneratedProguardFiles' because:
build	Build with Gradle	2026-06-06T12:24:34.9849808Z   Simple merging task
build	Build with Gradle	2026-06-06T12:24:34.9878600Z Task ':rish:mergeReleaseGeneratedProguardFiles' is not up-to-date because:
build	Build with Gradle	2026-06-06T12:24:34.9896793Z   No history is available.
build	Build with Gradle	2026-06-06T12:24:34.9899198Z Resolve mutations for :rish:exportReleaseConsumerProguardFiles (Thread[#160,Execution worker,5,main]) started.
build	Build with Gradle	2026-06-06T12:24:34.9900722Z :rish:exportReleaseConsumerProguardFiles (Thread[#160,Execution worker,5,main]) started.
build	Build with Gradle	2026-06-06T12:24:34.9901470Z 
build	Build with Gradle	2026-06-06T12:24:34.9901856Z > Task :rish:exportReleaseConsumerProguardFiles
build	Build with Gradle	2026-06-06T12:24:34.9903034Z Caching disabled for task ':rish:exportReleaseConsumerProguardFiles' because:
build	Build with Gradle	2026-06-06T12:24:34.9903916Z   Caching has been disabled for the task
build	Build with Gradle	2026-06-06T12:24:34.9904781Z Task ':rish:exportReleaseConsumerProguardFiles' is not up-to-date because:
build	Build with Gradle	2026-06-06T12:24:34.9905634Z   No history is available.
build	Build with Gradle	2026-06-06T12:24:34.9906661Z work action resolve exportReleaseConsumerProguardFiles (project :rish) (Thread[#160,Execution worker,5,main]) started.
build	Build with Gradle	2026-06-06T12:24:34.9908072Z FilterShrinkerRulesTransform (Thread[#160,Execution worker,5,main]) started.
build	Build with Gradle	2026-06-06T12:24:34.9909169Z Resolve mutations for :database:compileReleaseKotlin (Thread[#160,Execution worker,5,main]) started.
build	Build with Gradle	2026-06-06T12:24:34.9910439Z :database:compileReleaseKotlin (Thread[#160,Execution worker,5,main]) started.
build	Build with Gradle	2026-06-06T12:24:34.9911091Z 
build	Build with Gradle	2026-06-06T12:24:34.9911436Z > Task :starter:compileReleaseJavaWithJavac
build	Build with Gradle	2026-06-06T12:24:34.9912209Z Custom actions are attached to task ':starter:compileReleaseJavaWithJavac'.
build	Build with Gradle	2026-06-06T12:24:34.9913198Z Build cache key for task ':starter:compileReleaseJavaWithJavac' is 6759cf87f6cd4a9668d62133d0e3c20c
build	Build with Gradle	2026-06-06T12:24:34.9914311Z Task ':starter:compileReleaseJavaWithJavac' is not up-to-date because:
build	Build with Gradle	2026-06-06T12:24:34.9915057Z   No history is available.
build	Build with Gradle	2026-06-06T12:24:34.9915958Z The input changes require a full rebuild for incremental task ':starter:compileReleaseJavaWithJavac'.
build	Build with Gradle	2026-06-06T12:24:34.9916930Z Compilation mode: in-process compilation
build	Build with Gradle	2026-06-06T12:24:34.9918223Z Full recompilation is required because no incremental change information is available. This is usually caused by clean builds or changing compiler arguments.
build	Build with Gradle	2026-06-06T12:24:34.9919559Z Compiling with toolchain '/usr/lib/jvm/temurin-21-jdk-amd64'.
build	Build with Gradle	2026-06-06T12:24:34.9920866Z file or directory '/home/runner/work/ShizukuPlus/ShizukuPlus/starter/src/release/java', not found
build	Build with Gradle	2026-06-06T12:24:34.9921837Z Compiling with JDK Java compiler API.
build	Build with Gradle	2026-06-06T12:24:34.9922635Z Class dependency analysis for incremental compilation took 0.003 secs.
build	Build with Gradle	2026-06-06T12:24:34.9923600Z Created classpath snapshot for incremental compilation in 0.303 secs.
build	Build with Gradle	2026-06-06T12:24:34.9924794Z Stored cache entry for task ':starter:compileReleaseJavaWithJavac' with cache key 6759cf87f6cd4a9668d62133d0e3c20c
build	Build with Gradle	2026-06-06T12:24:34.9926340Z Resolve mutations for :starter:transformReleaseClassesWithAsm (Thread[#159,included builds,5,main]) started.
build	Build with Gradle	2026-06-06T12:24:34.9927847Z :starter:transformReleaseClassesWithAsm (Thread[#159,included builds,5,main]) started.
build	Build with Gradle	2026-06-06T12:24:35.0750541Z 
build	Build with Gradle	2026-06-06T12:24:35.0788424Z > Task :starter:transformReleaseClassesWithAsm
build	Build with Gradle	2026-06-06T12:24:35.0789858Z Build cache key for task ':starter:transformReleaseClassesWithAsm' is 93958101f34c89f5e5a4a03bebf9a735
build	Build with Gradle	2026-06-06T12:24:35.0817743Z Task ':starter:transformReleaseClassesWithAsm' is not up-to-date because:
build	Build with Gradle	2026-06-06T12:24:35.0848417Z   No history is available.
build	Build with Gradle	2026-06-06T12:24:35.0849672Z The input changes require a full rebuild for incremental task ':starter:transformReleaseClassesWithAsm'.
build	Build with Gradle	2026-06-06T12:24:35.0879019Z Stored cache entry for task ':starter:transformReleaseClassesWithAsm' with cache key 93958101f34c89f5e5a4a03bebf9a735
build	Build with Gradle	2026-06-06T12:24:35.0938745Z Resolve mutations for :starter:bundleLibCompileToJarRelease (Thread[#159,included builds,5,main]) started.
build	Build with Gradle	2026-06-06T12:24:35.0968748Z :starter:bundleLibCompileToJarRelease (Thread[#159,included builds,5,main]) started.
build	Build with Gradle	2026-06-06T12:24:35.0997890Z 
build	Build with Gradle	2026-06-06T12:24:35.1040366Z > Task :starter:bundleLibCompileToJarRelease
build	Build with Gradle	2026-06-06T12:24:35.1076456Z Caching disabled for task ':starter:bundleLibCompileToJarRelease' because:
build	Build with Gradle	2026-06-06T12:24:35.1108882Z   Simple merging task
build	Build with Gradle	2026-06-06T12:24:35.1109962Z Task ':starter:bundleLibCompileToJarRelease' is not up-to-date because:
build	Build with Gradle	2026-06-06T12:24:35.1140365Z   No history is available.
build	Build with Gradle	2026-06-06T12:24:35.1164315Z work action resolve classes.jar (project :starter) (Thread[#159,included builds,5,main]) started.
build	Build with Gradle	2026-06-06T12:24:35.1190390Z Resolve mutations for :server:compileReleaseKotlin (Thread[#159,included builds,5,main]) started.
build	Build with Gradle	2026-06-06T12:24:35.1216422Z :server:compileReleaseKotlin (Thread[#159,included builds,5,main]) started.
build	Build with Gradle	2026-06-06T12:24:36.5768076Z 
build	Build with Gradle	2026-06-06T12:24:36.5828516Z > Task :core:ui:compileReleaseKotlin
build	Build with Gradle	2026-06-06T12:24:36.5878654Z Finished executing kotlin compiler using DAEMON strategy
build	Build with Gradle	2026-06-06T12:24:36.7797815Z Stored cache entry for task ':core:ui:compileReleaseKotlin' with cache key cb1037c1f07fb5b16a53d19114d9356f
build	Build with Gradle	2026-06-06T12:24:36.7799619Z Resolve mutations for :core:ui:compileReleaseJavaWithJavac (Thread[#162,Execution worker Thread 3,5,main]) started.
build	Build with Gradle	2026-06-06T12:24:36.7859028Z :core:ui:compileReleaseJavaWithJavac (Thread[#162,Execution worker Thread 3,5,main]) started.
build	Build with Gradle	2026-06-06T12:24:36.8788235Z 
build	Build with Gradle	2026-06-06T12:24:36.8868638Z > Task :manager:configureCMakeRelWithDebInfo[arm64-v8a]
build	Build with Gradle	2026-06-06T12:24:36.8919111Z Caching disabled for AarTransform: /home/runner/.gradle/caches/8.14/transforms/438de03543f1a14021d179b045f7057a/transformed/koin-android-4.0.2 because:
build	Build with Gradle	2026-06-06T12:24:36.8968630Z   Caching not enabled.
build	Build with Gradle	2026-06-06T12:24:36.9039085Z Caching disabled for AarTransform: /home/runner/.gradle/caches/8.14/transforms/c0673a6896f886d42be301918536c345/transformed/boringssl-20250114 because:
build	Build with Gradle	2026-06-06T12:24:36.9068485Z   Caching not enabled.
build	Build with Gradle	2026-06-06T12:24:36.9089131Z C/C++: /home/runner/work/ShizukuPlus/ShizukuPlus/manager/src/main/jni/CMakeLists.txt release|arm64-v8a : Start JSON generation. Platform version: 24 min SDK version: arm64-v8a
build	Build with Gradle	2026-06-06T12:24:36.9159614Z C/C++: /home/runner/work/ShizukuPlus/ShizukuPlus/manager/src/main/jni/CMakeLists.txt release|arm64-v8a : rebuilding JSON /home/runner/work/ShizukuPlus/ShizukuPlus/manager/.cxx/RelWithDebInfo/686s3g6d/arm64-v8a/android_gradle_build.json due to:
build	Build with Gradle	2026-06-06T12:24:36.9209356Z C/C++: /home/runner/work/ShizukuPlus/ShizukuPlus/manager/src/main/jni/CMakeLists.txt release|arm64-v8a : - no fingerprint file, will remove stale configuration folder
build	Build with Gradle	2026-06-06T12:24:36.9269196Z C/C++: /home/runner/work/ShizukuPlus/ShizukuPlus/manager/src/main/jni/CMakeLists.txt release|arm64-v8a : /usr/lib/jvm/temurin-21-jdk-amd64/bin/java \
build	Build with Gradle	2026-06-06T12:24:36.9338666Z   --class-path \
build	Build with Gradle	2026-06-06T12:24:36.9373940Z   /home/runner/.gradle/caches/modules-2/files-2.1/com.google.prefab/cli/2.1.0/aa32fec809c44fa531f01dcfb739b5b3304d3050/cli-2.1.0-all.jar \
build	Build with Gradle	2026-06-06T12:24:36.9448862Z   com.google.prefab.cli.AppKt \
build	Build with Gradle	2026-06-06T12:24:36.9458267Z   --build-system \
build	Build with Gradle	2026-06-06T12:24:36.9508330Z   cmake \
build	Build with Gradle	2026-06-06T12:24:36.9547097Z   --platform \
build	Build with Gradle	2026-06-06T12:24:36.9598248Z   android \
build	Build with Gradle	2026-06-06T12:24:36.9613547Z   --abi \
build	Build with Gradle	2026-06-06T12:24:36.9664094Z   arm64-v8a \
build	Build with Gradle	2026-06-06T12:24:36.9747828Z   --os-version \
build	Build with Gradle	2026-06-06T12:24:36.9779854Z   24 \
build	Build with Gradle	2026-06-06T12:24:36.9848415Z   --stl \
build	Build with Gradle	2026-06-06T12:24:36.9917995Z   none \
build	Build with Gradle	2026-06-06T12:24:36.9974729Z   --ndk-version \
build	Build with Gradle	2026-06-06T12:24:37.0060293Z   27 \
build	Build with Gradle	2026-06-06T12:24:37.0125076Z   --output \
build	Build with Gradle	2026-06-06T12:24:37.0168723Z   /tmp/agp-prefab-staging12882097370614689633/staged-cli-output \
build	Build with Gradle	2026-06-06T12:24:37.0238857Z   /home/runner/.gradle/caches/8.14/transforms/c0673a6896f886d42be301918536c345/transformed/boringssl-20250114/prefab \
build	Build with Gradle	2026-06-06T12:24:37.0319989Z   /home/runner/.gradle/caches/8.14/transforms/0229dbc9f57fa8133a9f500f70fe76a8/transformed/libcxx-27.0.12077973/prefab
build	Build with Gradle	2026-06-06T12:24:37.0377834Z 
build	Build with Gradle	2026-06-06T12:24:37.0429346Z Starting process 'command '/home/runner/work/ShizukuPlus/ShizukuPlus/manager/build/intermediates/cxx/RelWithDebInfo/686s3g6d/logs/arm64-v8a/prefab_command''. Working directory: /home/runner/work/ShizukuPlus/ShizukuPlus/manager Command: /home/runner/work/ShizukuPlus/ShizukuPlus/manager/build/intermediates/cxx/RelWithDebInfo/686s3g6d/logs/arm64-v8a/prefab_command 
build	Build with Gradle	2026-06-06T12:24:37.0493217Z Successfully started process 'command '/home/runner/work/ShizukuPlus/ShizukuPlus/manager/build/intermediates/cxx/RelWithDebInfo/686s3g6d/logs/arm64-v8a/prefab_command''
build	Build with Gradle	2026-06-06T12:24:37.0549242Z C/C++: /home/runner/work/ShizukuPlus/ShizukuPlus/manager/src/main/jni/CMakeLists.txt release|arm64-v8a : Received process result: 0
build	Build with Gradle	2026-06-06T12:24:37.0819572Z C/C++: /home/runner/work/ShizukuPlus/ShizukuPlus/manager/src/main/jni/CMakeLists.txt release|arm64-v8a : removing stale contents from '/home/runner/work/ShizukuPlus/ShizukuPlus/manager/.cxx/RelWithDebInfo/686s3g6d/arm64-v8a'
build	Build with Gradle	2026-06-06T12:24:37.0949544Z C/C++: /home/runner/work/ShizukuPlus/ShizukuPlus/manager/src/main/jni/CMakeLists.txt release|arm64-v8a : created folder '/home/runner/work/ShizukuPlus/ShizukuPlus/manager/.cxx/RelWithDebInfo/686s3g6d/arm64-v8a'
build	Build with Gradle	2026-06-06T12:24:37.1000442Z C/C++: /home/runner/work/ShizukuPlus/ShizukuPlus/manager/src/main/jni/CMakeLists.txt release|arm64-v8a : executing cmake /usr/local/lib/android/sdk/cmake/3.22.1/bin/cmake \
build	Build with Gradle	2026-06-06T12:24:37.1090281Z   -H/home/runner/work/ShizukuPlus/ShizukuPlus/manager/src/main/jni \
build	Build with Gradle	2026-06-06T12:24:37.1119414Z   -DCMAKE_SYSTEM_NAME=Android \
build	Build with Gradle	2026-06-06T12:24:37.1147526Z   -DCMAKE_EXPORT_COMPILE_COMMANDS=ON \
build	Build with Gradle	2026-06-06T12:24:37.1238513Z   -DCMAKE_SYSTEM_VERSION=24 \
build	Build with Gradle	2026-06-06T12:24:37.1358391Z   -DANDROID_PLATFORM=android-24 \
build	Build with Gradle	2026-06-06T12:24:37.1383888Z   -DANDROID_ABI=arm64-v8a \
build	Build with Gradle	2026-06-06T12:24:37.1438426Z   -DCMAKE_ANDROID_ARCH_ABI=arm64-v8a \
build	Build with Gradle	2026-06-06T12:24:37.1518713Z   -DANDROID_NDK=/usr/local/lib/android/sdk/ndk/27.0.12077973 \
build	Build with Gradle	2026-06-06T12:24:37.1609805Z   -DCMAKE_ANDROID_NDK=/usr/local/lib/android/sdk/ndk/27.0.12077973 \
build	Build with Gradle	2026-06-06T12:24:37.1680625Z   -DCMAKE_TOOLCHAIN_FILE=/usr/local/lib/android/sdk/ndk/27.0.12077973/build/cmake/android.toolchain.cmake \
build	Build with Gradle	2026-06-06T12:24:37.1847671Z   -DCMAKE_MAKE_PROGRAM=/usr/local/lib/android/sdk/cmake/3.22.1/bin/ninja \
build	Build with Gradle	2026-06-06T12:24:37.1849210Z   -DCMAKE_LIBRARY_OUTPUT_DIRECTORY=/home/runner/work/ShizukuPlus/ShizukuPlus/manager/build/intermediates/cxx/RelWithDebInfo/686s3g6d/obj/arm64-v8a \
build	Build with Gradle	2026-06-06T12:24:37.1937285Z   -DCMAKE_RUNTIME_OUTPUT_DIRECTORY=/home/runner/work/ShizukuPlus/ShizukuPlus/manager/build/intermediates/cxx/RelWithDebInfo/686s3g6d/obj/arm64-v8a \
build	Build with Gradle	2026-06-06T12:24:37.1998459Z   -DCMAKE_BUILD_TYPE=RelWithDebInfo \
build	Build with Gradle	2026-06-06T12:24:37.2109160Z   -DCMAKE_FIND_ROOT_PATH=/home/runner/work/ShizukuPlus/ShizukuPlus/manager/.cxx/RelWithDebInfo/686s3g6d/prefab/arm64-v8a/prefab \
build	Build with Gradle	2026-06-06T12:24:37.2178854Z   -B/home/runner/work/ShizukuPlus/ShizukuPlus/manager/.cxx/RelWithDebInfo/686s3g6d/arm64-v8a \
build	Build with Gradle	2026-06-06T12:24:37.2290176Z   -GNinja \
build	Build with Gradle	2026-06-06T12:24:37.2358782Z   -DANDROID_STL=none \
build	Build with Gradle	2026-06-06T12:24:37.2498453Z   -DANDROID_LD=lld \
build	Build with Gradle	2026-06-06T12:24:37.2529814Z   -Wl,-z,max-page-size=16384
build	Build with Gradle	2026-06-06T12:24:37.2597900Z 
build	Build with Gradle	2026-06-06T12:24:37.2649263Z C/C++: /home/runner/work/ShizukuPlus/ShizukuPlus/manager/src/main/jni/CMakeLists.txt release|arm64-v8a : /usr/local/lib/android/sdk/cmake/3.22.1/bin/cmake \
build	Build with Gradle	2026-06-06T12:24:37.2745977Z   -H/home/runner/work/ShizukuPlus/ShizukuPlus/manager/src/main/jni \
build	Build with Gradle	2026-06-06T12:24:37.2770473Z   -DCMAKE_SYSTEM_NAME=Android \
build	Build with Gradle	2026-06-06T12:24:37.2821386Z   -DCMAKE_EXPORT_COMPILE_COMMANDS=ON \
build	Build with Gradle	2026-06-06T12:24:37.2898234Z   -DCMAKE_SYSTEM_VERSION=24 \
build	Build with Gradle	2026-06-06T12:24:37.2950836Z   -DANDROID_PLATFORM=android-24 \
build	Build with Gradle	2026-06-06T12:24:37.2989486Z   -DANDROID_ABI=arm64-v8a \
build	Build with Gradle	2026-06-06T12:24:37.3108478Z   -DCMAKE_ANDROID_ARCH_ABI=arm64-v8a \
build	Build with Gradle	2026-06-06T12:24:37.3148570Z   -DANDROID_NDK=/usr/local/lib/android/sdk/ndk/27.0.12077973 \
build	Build with Gradle	2026-06-06T12:24:37.3198570Z   -DCMAKE_ANDROID_NDK=/usr/local/lib/android/sdk/ndk/27.0.12077973 \
build	Build with Gradle	2026-06-06T12:24:37.3258881Z   -DCMAKE_TOOLCHAIN_FILE=/usr/local/lib/android/sdk/ndk/27.0.12077973/build/cmake/android.toolchain.cmake \
build	Build with Gradle	2026-06-06T12:24:37.3338698Z   -DCMAKE_MAKE_PROGRAM=/usr/local/lib/android/sdk/cmake/3.22.1/bin/ninja \
build	Build with Gradle	2026-06-06T12:24:37.3374712Z   -DCMAKE_LIBRARY_OUTPUT_DIRECTORY=/home/runner/work/ShizukuPlus/ShizukuPlus/manager/build/intermediates/cxx/RelWithDebInfo/686s3g6d/obj/arm64-v8a \
build	Build with Gradle	2026-06-06T12:24:37.3479136Z   -DCMAKE_RUNTIME_OUTPUT_DIRECTORY=/home/runner/work/ShizukuPlus/ShizukuPlus/manager/build/intermediates/cxx/RelWithDebInfo/686s3g6d/obj/arm64-v8a \
build	Build with Gradle	2026-06-06T12:24:37.3551668Z   -DCMAKE_BUILD_TYPE=RelWithDebInfo \
build	Build with Gradle	2026-06-06T12:24:37.3578953Z   -DCMAKE_FIND_ROOT_PATH=/home/runner/work/ShizukuPlus/ShizukuPlus/manager/.cxx/RelWithDebInfo/686s3g6d/prefab/arm64-v8a/prefab \
build	Build with Gradle	2026-06-06T12:24:37.3658751Z   -B/home/runner/work/ShizukuPlus/ShizukuPlus/manager/.cxx/RelWithDebInfo/686s3g6d/arm64-v8a \
build	Build with Gradle	2026-06-06T12:24:37.3729932Z   -GNinja \
build	Build with Gradle	2026-06-06T12:24:37.3818606Z   -DANDROID_STL=none \
build	Build with Gradle	2026-06-06T12:24:37.3918403Z   -DANDROID_LD=lld \
build	Build with Gradle	2026-06-06T12:24:37.3968575Z   -Wl,-z,max-page-size=16384
build	Build with Gradle	2026-06-06T12:24:37.4007849Z 
build	Build with Gradle	2026-06-06T12:24:37.4115393Z Starting process 'command '/usr/local/lib/android/sdk/cmake/3.22.1/bin/cmake''. Working directory: /home/runner/work/ShizukuPlus/ShizukuPlus/manager Command: /usr/local/lib/android/sdk/cmake/3.22.1/bin/cmake -H/home/runner/work/ShizukuPlus/ShizukuPlus/manager/src/main/jni -DCMAKE_SYSTEM_NAME=Android -DCMAKE_EXPORT_COMPILE_COMMANDS=ON -DCMAKE_SYSTEM_VERSION=24 -DANDROID_PLATFORM=android-24 -DANDROID_ABI=arm64-v8a -DCMAKE_ANDROID_ARCH_ABI=arm64-v8a -DANDROID_NDK=/usr/local/lib/android/sdk/ndk/27.0.12077973 -DCMAKE_ANDROID_NDK=/usr/local/lib/android/sdk/ndk/27.0.12077973 -DCMAKE_TOOLCHAIN_FILE=/usr/local/lib/android/sdk/ndk/27.0.12077973/build/cmake/android.toolchain.cmake -DCMAKE_MAKE_PROGRAM=/usr/local/lib/android/sdk/cmake/3.22.1/bin/ninja -DCMAKE_LIBRARY_OUTPUT_DIRECTORY=/home/runner/work/ShizukuPlus/ShizukuPlus/manager/build/intermediates/cxx/RelWithDebInfo/686s3g6d/obj/arm64-v8a -DCMAKE_RUNTIME_OUTPUT_DIRECTORY=/home/runner/work/ShizukuPlus/ShizukuPlus/manager/build/intermediates/cxx/RelWithDebInfo/686s3g6d/obj/arm64-v8a -DCMAKE_BUILD_TYPE=RelWithDebInfo -DCMAKE_FIND_ROOT_PATH=/home/runner/work/ShizukuPlus/ShizukuPlus/manager/.cxx/RelWithDebInfo/686s3g6d/prefab/arm64-v8a/prefab -B/home/runner/work/ShizukuPlus/ShizukuPlus/manager/.cxx/RelWithDebInfo/686s3g6d/arm64-v8a -GNinja -DANDROID_STL=none -DANDROID_LD=lld -Wl,-z,max-page-size=16384
build	Build with Gradle	2026-06-06T12:24:37.4168629Z Successfully started process 'command '/usr/local/lib/android/sdk/cmake/3.22.1/bin/cmake''
build	Build with Gradle	2026-06-06T12:24:37.4188225Z C/C++: Builing Release...
build	Build with Gradle	2026-06-06T12:24:37.4288394Z C/C++: CMake Warning:
build	Build with Gradle	2026-06-06T12:24:37.4338602Z C/C++:   Manually-specified variables were not used by the project:
build	Build with Gradle	2026-06-06T12:24:37.4408334Z C/C++:     ANDROID_LD
build	Build with Gradle	2026-06-06T12:24:37.4497887Z C/C++: /home/runner/work/ShizukuPlus/ShizukuPlus/manager/src/main/jni/CMakeLists.txt release|arm64-v8a : Received process result: 0
build	Build with Gradle	2026-06-06T12:24:37.4529559Z C/C++: /home/runner/work/ShizukuPlus/ShizukuPlus/manager/src/main/jni/CMakeLists.txt release|arm64-v8a : Exiting generation of /home/runner/work/ShizukuPlus/ShizukuPlus/manager/.cxx/RelWithDebInfo/686s3g6d/arm64-v8a/compile_commands.json.bin normally
build	Build with Gradle	2026-06-06T12:24:37.4579329Z C/C++: /home/runner/work/ShizukuPlus/ShizukuPlus/manager/src/main/jni/CMakeLists.txt release|arm64-v8a : done executing cmake
build	Build with Gradle	2026-06-06T12:24:37.4650682Z C/C++: /home/runner/work/ShizukuPlus/ShizukuPlus/manager/src/main/jni/CMakeLists.txt release|arm64-v8a : hard linked /home/runner/work/ShizukuPlus/ShizukuPlus/manager/.cxx/RelWithDebInfo/686s3g6d/arm64-v8a/compile_commands.json to /home/runner/work/ShizukuPlus/ShizukuPlus/manager/.cxx/tools/release/arm64-v8a/compile_commands.json
build	Build with Gradle	2026-06-06T12:24:37.4708965Z C/C++: /home/runner/work/ShizukuPlus/ShizukuPlus/manager/src/main/jni/CMakeLists.txt release|arm64-v8a : JSON generation completed without problems
build	Build with Gradle	2026-06-06T12:24:37.4739386Z C/C++: /home/runner/work/ShizukuPlus/ShizukuPlus/manager/src/main/jni/CMakeLists.txt release|arm64-v8a : Writing build model to /home/runner/work/ShizukuPlus/ShizukuPlus/manager/build/intermediates/cxx/RelWithDebInfo/686s3g6d/logs/arm64-v8a/build_model.json
build	Build with Gradle	2026-06-06T12:24:37.4768763Z Resolve mutations for :manager:buildCMakeRelWithDebInfo[arm64-v8a] (Thread[#161,Execution worker Thread 2,5,main]) started.
build	Build with Gradle	2026-06-06T12:24:37.4828884Z :manager:buildCMakeRelWithDebInfo[arm64-v8a] (Thread[#161,Execution worker Thread 2,5,main]) started.
build	Build with Gradle	2026-06-06T12:24:37.4879585Z 
build	Build with Gradle	2026-06-06T12:24:37.4918391Z > Task :database:compileReleaseKotlin
build	Build with Gradle	2026-06-06T12:24:37.4979128Z Build cache key for task ':database:compileReleaseKotlin' is 3ce8bcb6836cb7bdcee8262b6e50ea67
build	Build with Gradle	2026-06-06T12:24:37.4999564Z Task ':database:compileReleaseKotlin' is not up-to-date because:
build	Build with Gradle	2026-06-06T12:24:37.5068404Z   No history is available.
build	Build with Gradle	2026-06-06T12:24:37.5084518Z The input changes require a full rebuild for incremental task ':database:compileReleaseKotlin'.
build	Build with Gradle	2026-06-06T12:24:37.5168813Z file or directory '/home/runner/work/ShizukuPlus/ShizukuPlus/database/src/release/kotlin', not found
build	Build with Gradle	2026-06-06T12:24:37.5178984Z file or directory '/home/runner/work/ShizukuPlus/ShizukuPlus/database/src/release/java', not found
build	Build with Gradle	2026-06-06T12:24:37.5228766Z file or directory '/home/runner/work/ShizukuPlus/ShizukuPlus/database/src/release/kotlin', not found
build	Build with Gradle	2026-06-06T12:24:37.5288925Z file or directory '/home/runner/work/ShizukuPlus/ShizukuPlus/database/src/release/kotlin', not found
build	Build with Gradle	2026-06-06T12:24:37.5324492Z file or directory '/home/runner/work/ShizukuPlus/ShizukuPlus/database/src/release/java', not found
build	Build with Gradle	2026-06-06T12:24:37.5378728Z file or directory '/home/runner/work/ShizukuPlus/ShizukuPlus/database/src/main/kotlin', not found
build	Build with Gradle	2026-06-06T12:24:37.5398576Z file or directory '/home/runner/work/ShizukuPlus/ShizukuPlus/database/src/main/kotlin', not found
build	Build with Gradle	2026-06-06T12:24:37.5468808Z file or directory '/home/runner/work/ShizukuPlus/ShizukuPlus/database/src/main/kotlin', not found
build	Build with Gradle	2026-06-06T12:24:37.5498674Z file or directory '/home/runner/work/ShizukuPlus/ShizukuPlus/database/src/release/java', not found
build	Build with Gradle	2026-06-06T12:24:37.5549212Z file or directory '/home/runner/work/ShizukuPlus/ShizukuPlus/database/src/release/kotlin', not found
build	Build with Gradle	2026-06-06T12:24:37.5598793Z file or directory '/home/runner/work/ShizukuPlus/ShizukuPlus/database/src/release/java', not found
build	Build with Gradle	2026-06-06T12:24:37.5668686Z file or directory '/home/runner/work/ShizukuPlus/ShizukuPlus/database/src/release/kotlin', not found
build	Build with Gradle	2026-06-06T12:24:37.5714375Z file or directory '/home/runner/work/ShizukuPlus/ShizukuPlus/database/src/release/kotlin', not found
build	Build with Gradle	2026-06-06T12:24:37.5838826Z file or directory '/home/runner/work/ShizukuPlus/ShizukuPlus/database/src/release/java', not found
build	Build with Gradle	2026-06-06T12:24:37.5858746Z file or directory '/home/runner/work/ShizukuPlus/ShizukuPlus/database/src/main/kotlin', not found
build	Build with Gradle	2026-06-06T12:24:37.5916312Z file or directory '/home/runner/work/ShizukuPlus/ShizukuPlus/database/src/release/kotlin', not found
build	Build with Gradle	2026-06-06T12:24:37.6048835Z file or directory '/home/runner/work/ShizukuPlus/ShizukuPlus/database/src/release/java', not found
build	Build with Gradle	2026-06-06T12:24:37.6050388Z file or directory '/home/runner/work/ShizukuPlus/ShizukuPlus/database/src/release/kotlin', not found
build	Build with Gradle	2026-06-06T12:24:37.6078751Z file or directory '/home/runner/work/ShizukuPlus/ShizukuPlus/database/src/release/kotlin', not found
build	Build with Gradle	2026-06-06T12:24:37.6108715Z file or directory '/home/runner/work/ShizukuPlus/ShizukuPlus/database/src/release/java', not found
build	Build with Gradle	2026-06-06T12:24:37.6138566Z file or directory '/home/runner/work/ShizukuPlus/ShizukuPlus/database/src/main/kotlin', not found
build	Build with Gradle	2026-06-06T12:24:37.6168458Z file or directory '/home/runner/work/ShizukuPlus/ShizukuPlus/database/src/main/kotlin', not found
build	Build with Gradle	2026-06-06T12:24:37.6198496Z file or directory '/home/runner/work/ShizukuPlus/ShizukuPlus/database/src/main/kotlin', not found
build	Build with Gradle	2026-06-06T12:24:37.6228442Z file or directory '/home/runner/work/ShizukuPlus/ShizukuPlus/database/src/release/java', not found
build	Build with Gradle	2026-06-06T12:24:37.6273534Z file or directory '/home/runner/work/ShizukuPlus/ShizukuPlus/database/src/release/kotlin', not found
build	Build with Gradle	2026-06-06T12:24:37.6379079Z file or directory '/home/runner/work/ShizukuPlus/ShizukuPlus/database/src/release/java', not found
build	Build with Gradle	2026-06-06T12:24:37.6528924Z file or directory '/home/runner/work/ShizukuPlus/ShizukuPlus/database/src/release/kotlin', not found
build	Build with Gradle	2026-06-06T12:24:37.6568800Z file or directory '/home/runner/work/ShizukuPlus/ShizukuPlus/database/src/release/kotlin', not found
build	Build with Gradle	2026-06-06T12:24:37.6648836Z file or directory '/home/runner/work/ShizukuPlus/ShizukuPlus/database/src/release/java', not found
build	Build with Gradle	2026-06-06T12:24:37.6708753Z file or directory '/home/runner/work/ShizukuPlus/ShizukuPlus/database/src/main/kotlin', not found
build	Build with Gradle	2026-06-06T12:24:37.6768156Z file or directory '/home/runner/work/ShizukuPlus/ShizukuPlus/database/src/main/kotlin', not found
build	Build with Gradle	2026-06-06T12:24:37.6793436Z file or directory '/home/runner/work/ShizukuPlus/ShizukuPlus/database/src/main/kotlin', not found
build	Build with Gradle	2026-06-06T12:24:37.6829059Z file or directory '/home/runner/work/ShizukuPlus/ShizukuPlus/database/src/release/java', not found
build	Build with Gradle	2026-06-06T12:24:37.6878806Z file or directory '/home/runner/work/ShizukuPlus/ShizukuPlus/database/src/release/kotlin', not found
build	Build with Gradle	2026-06-06T12:24:37.6931470Z file or directory '/home/runner/work/ShizukuPlus/ShizukuPlus/database/src/release/java', not found
build	Build with Gradle	2026-06-06T12:24:37.6942797Z file or directory '/home/runner/work/ShizukuPlus/ShizukuPlus/database/src/release/kotlin', not found
build	Build with Gradle	2026-06-06T12:24:37.6968709Z file or directory '/home/runner/work/ShizukuPlus/ShizukuPlus/database/src/release/kotlin', not found
build	Build with Gradle	2026-06-06T12:24:37.7038627Z file or directory '/home/runner/work/ShizukuPlus/ShizukuPlus/database/src/release/java', not found
build	Build with Gradle	2026-06-06T12:24:37.7089425Z file or directory '/home/runner/work/ShizukuPlus/ShizukuPlus/database/src/main/kotlin', not found
build	Build with Gradle	2026-06-06T12:24:37.7128929Z file or directory '/home/runner/work/ShizukuPlus/ShizukuPlus/database/src/main/kotlin', not found
build	Build with Gradle	2026-06-06T12:24:37.7138504Z file or directory '/home/runner/work/ShizukuPlus/ShizukuPlus/database/src/main/kotlin', not found
build	Build with Gradle	2026-06-06T12:24:37.7169137Z file or directory '/home/runner/work/ShizukuPlus/ShizukuPlus/database/src/release/java', not found
build	Build with Gradle	2026-06-06T12:24:37.7204313Z Kotlin source files: /home/runner/work/ShizukuPlus/ShizukuPlus/database/src/main/java/af/shizuku/manager/database/ActivityLogManager.kt, /home/runner/work/ShizukuPlus/ShizukuPlus/database/src/main/java/af/shizuku/manager/database/RootCompatHelper.kt, /home/runner/work/ShizukuPlus/ShizukuPlus/database/src/main/java/af/shizuku/manager/database/ActivityLogRoom.kt, /home/runner/work/ShizukuPlus/ShizukuPlus/database/src/main/java/af/shizuku/manager/database/ActivityLogDatabase.kt, /home/runner/work/ShizukuPlus/ShizukuPlus/database/src/main/java/af/shizuku/manager/database/AppContextManager.kt, /home/runner/work/ShizukuPlus/ShizukuPlus/database/src/main/java/af/shizuku/manager/database/ActivityLogDao.kt
build	Build with Gradle	2026-06-06T12:24:37.7210803Z Java source files: /home/runner/work/ShizukuPlus/ShizukuPlus/database/build/generated/ksp/release/java/af/shizuku/manager/database/ActivityLogDatabase_Impl.java, /home/runner/work/ShizukuPlus/ShizukuPlus/database/build/generated/ksp/release/java/af/shizuku/manager/database/ActivityLogDao_Impl.java
build	Build with Gradle	2026-06-06T12:24:37.7248079Z Script source files: 
build	Build with Gradle	2026-06-06T12:24:37.7258216Z Script file extensions: 
build	Build with Gradle	2026-06-06T12:24:37.7278126Z Using Kotlin/JVM incremental compilation
build	Build with Gradle	2026-06-06T12:24:37.7306264Z [KOTLIN] Kotlin compilation 'jdkHome' argument: null
build	Build with Gradle	2026-06-06T12:24:37.7394315Z Options for KOTLIN DAEMON: IncrementalCompilationOptions(super=CompilationOptions(compilerMode=INCREMENTAL_COMPILER, targetPlatform=JVM, reportCategories=[0, 3], reportSeverity=2, requestedCompilationResults=[0], kotlinScriptExtensions=[]), sourceChanges=org.jetbrains.kotlin.buildtools.api.SourcesChanges$Unknown@4b96ea8e, classpathChanges=NotAvailableForNonIncrementalRun, workingDir=/home/runner/work/ShizukuPlus/ShizukuPlus/database/build/kotlin/compileReleaseKotlin/cacheable, multiModuleICSettings=MultiModuleICSettings(buildHistoryFile=/home/runner/work/ShizukuPlus/ShizukuPlus/database/build/kotlin/compileReleaseKotlin/local-state/build-history.bin, useModuleDetection=true), icFeatures=IncrementalCompilationFeatures(usePreciseJavaTracking=true, withAbiSnapshot=false, preciseCompilationResultsBackup=true, keepIncrementalCompilationCachesInMemory=true, enableUnsafeIncrementalCompilationForMultiplatform=false, enableMonotonousIncrementalCompileSetExpansion=true), outputFiles=[/home/runner/work/ShizukuPlus/ShizukuPlus/database/build/tmp/kotlin-classes/release, /home/runner/work/ShizukuPlus/ShizukuPlus/database/build/kotlin/compileReleaseKotlin/cacheable, /home/runner/work/ShizukuPlus/ShizukuPlus/database/build/kotlin/compileReleaseKotlin/local-state])
build	Build with Gradle	2026-06-06T12:24:37.7403578Z 
build	Build with Gradle	2026-06-06T12:24:37.7450232Z > Task :core:ui:compileReleaseJavaWithJavac
build	Build with Gradle	2026-06-06T12:24:37.7468513Z Custom actions are attached to task ':core:ui:compileReleaseJavaWithJavac'.
build	Build with Gradle	2026-06-06T12:24:37.7469720Z Build cache key for task ':core:ui:compileReleaseJavaWithJavac' is fac6510a46388c41342322b18c36d98f
build	Build with Gradle	2026-06-06T12:24:37.7470721Z Task ':core:ui:compileReleaseJavaWithJavac' is not up-to-date because:
build	Build with Gradle	2026-06-06T12:24:37.7471916Z   No history is available.
build	Build with Gradle	2026-06-06T12:24:37.7472758Z The input changes require a full rebuild for incremental task ':core:ui:compileReleaseJavaWithJavac'.
build	Build with Gradle	2026-06-06T12:24:37.7473678Z Compilation mode: in-process compilation
build	Build with Gradle	2026-06-06T12:24:37.7474844Z Full recompilation is required because no incremental change information is available. This is usually caused by clean builds or changing compiler arguments.
build	Build with Gradle	2026-06-06T12:24:37.7476087Z Compiling with toolchain '/usr/lib/jvm/temurin-21-jdk-amd64'.
build	Build with Gradle	2026-06-06T12:24:37.7477077Z file or directory '/home/runner/work/ShizukuPlus/ShizukuPlus/core/ui/src/release/java', not found
build	Build with Gradle	2026-06-06T12:24:37.7498142Z Compiling with JDK Java compiler API.
build	Build with Gradle	2026-06-06T12:24:37.7544030Z Class dependency analysis for incremental compilation took 0.016 secs.
build	Build with Gradle	2026-06-06T12:24:37.7599429Z Created classpath snapshot for incremental compilation in 0.192 secs.
build	Build with Gradle	2026-06-06T12:24:37.7678887Z Stored cache entry for task ':core:ui:compileReleaseJavaWithJavac' with cache key fac6510a46388c41342322b18c36d98f
build	Build with Gradle	2026-06-06T12:24:37.7698832Z Resolve mutations for :core:ui:mergeReleaseGeneratedProguardFiles (Thread[#162,Execution worker Thread 3,5,main]) started.
build	Build with Gradle	2026-06-06T12:24:37.7758753Z :core:ui:mergeReleaseGeneratedProguardFiles (Thread[#162,Execution worker Thread 3,5,main]) started.
build	Build with Gradle	2026-06-06T12:24:37.7780932Z 
build	Build with Gradle	2026-06-06T12:24:37.7848927Z > Task :server:compileReleaseKotlin
build	Build with Gradle	2026-06-06T12:24:37.7879177Z Caching disabled for IdentityTransform: /home/runner/.gradle/caches/modules-2/files-2.1/org.jetbrains.kotlin/kotlin-stdlib-jdk8/1.8.0/ed04f49e186a116753ad70d34f0ac2925d1d8020/kotlin-stdlib-jdk8-1.8.0.jar because:
build	Build with Gradle	2026-06-06T12:24:37.7898112Z   Caching not enabled.
build	Build with Gradle	2026-06-06T12:24:37.7949273Z Caching disabled for IdentityTransform: /home/runner/.gradle/caches/modules-2/files-2.1/org.jetbrains.kotlin/kotlin-stdlib-jdk7/1.8.0/3c91271347f678c239607abb676d4032a7898427/kotlin-stdlib-jdk7-1.8.0.jar because:
build	Build with Gradle	2026-06-06T12:24:37.8008209Z   Caching not enabled.
build	Build with Gradle	2026-06-06T12:24:37.8049043Z Caching disabled for IdentityTransform: /home/runner/.gradle/caches/modules-2/files-2.1/com.google.code.gson/gson/2.13.1/853ce06c11316b33a8eae5e9095da096a9528b8f/gson-2.13.1.jar because:
build	Build with Gradle	2026-06-06T12:24:37.8098234Z   Caching not enabled.
build	Build with Gradle	2026-06-06T12:24:37.8158751Z Adding -Xuse-inline-scopes-numbers Kotlin compiler flag for task :server:compileDebugAndroidTestKotlin
build	Build with Gradle	2026-06-06T12:24:37.8189741Z Build cache key for BuildToolsApiClasspathEntrySnapshotTransform: /home/runner/work/ShizukuPlus/ShizukuPlus/server/build/intermediates/compile_r_class_jar/release/generateReleaseRFile/R.jar is 092a85ed47a8789d19658bcd92fb996d
build	Build with Gradle	2026-06-06T12:24:37.8229620Z Stored cache entry for BuildToolsApiClasspathEntrySnapshotTransform: /home/runner/work/ShizukuPlus/ShizukuPlus/server/build/intermediates/compile_r_class_jar/release/generateReleaseRFile/R.jar with cache key 092a85ed47a8789d19658bcd92fb996d
build	Build with Gradle	2026-06-06T12:24:37.8279693Z Build cache key for BuildToolsApiClasspathEntrySnapshotTransform: /home/runner/.gradle/caches/modules-2/files-2.1/org.jetbrains.kotlin/kotlin-stdlib-jdk7/1.8.0/3c91271347f678c239607abb676d4032a7898427/kotlin-stdlib-jdk7-1.8.0.jar is 98fd3ef076fbf584cd6d7fda6236fe23
build	Build with Gradle	2026-06-06T12:24:37.8322145Z Stored cache entry for BuildToolsApiClasspathEntrySnapshotTransform: /home/runner/.gradle/caches/modules-2/files-2.1/org.jetbrains.kotlin/kotlin-stdlib-jdk7/1.8.0/3c91271347f678c239607abb676d4032a7898427/kotlin-stdlib-jdk7-1.8.0.jar with cache key 98fd3ef076fbf584cd6d7fda6236fe23
build	Build with Gradle	2026-06-06T12:24:37.8372879Z Build cache key for BuildToolsApiClasspathEntrySnapshotTransform: /home/runner/.gradle/caches/modules-2/files-2.1/com.google.code.gson/gson/2.13.1/853ce06c11316b33a8eae5e9095da096a9528b8f/gson-2.13.1.jar is 35bf7c3896be1961125447d86719aa53
build	Build with Gradle	2026-06-06T12:24:37.8379363Z Stored cache entry for BuildToolsApiClasspathEntrySnapshotTransform: /home/runner/.gradle/caches/modules-2/files-2.1/com.google.code.gson/gson/2.13.1/853ce06c11316b33a8eae5e9095da096a9528b8f/gson-2.13.1.jar with cache key 35bf7c3896be1961125447d86719aa53
build	Build with Gradle	2026-06-06T12:24:37.8429938Z Build cache key for BuildToolsApiClasspathEntrySnapshotTransform: /home/runner/.gradle/caches/modules-2/files-2.1/com.google.errorprone/error_prone_annotations/2.38.0/fc0ae991433e8590ba51cd558421478318a74c8c/error_prone_annotations-2.38.0.jar is 4325bc88d11c2552a8915d78cb2ecf62
build	Build with Gradle	2026-06-06T12:24:37.8499551Z Stored cache entry for BuildToolsApiClasspathEntrySnapshotTransform: /home/runner/.gradle/caches/modules-2/files-2.1/com.google.errorprone/error_prone_annotations/2.38.0/fc0ae991433e8590ba51cd558421478318a74c8c/error_prone_annotations-2.38.0.jar with cache key 4325bc88d11c2552a8915d78cb2ecf62
build	Build with Gradle	2026-06-06T12:24:37.8529457Z Build cache key for BuildToolsApiClasspathEntrySnapshotTransform: /home/runner/.gradle/caches/8.14/transforms/c809a0284437c54c2c31e1135fb95d7e/transformed/parcelablelist-2.0.1-release-api.jar is 173c58f2c1e1950d120d23afab35fe12
build	Build with Gradle	2026-06-06T12:24:37.8589635Z Stored cache entry for BuildToolsApiClasspathEntrySnapshotTransform: /home/runner/.gradle/caches/8.14/transforms/c809a0284437c54c2c31e1135fb95d7e/transformed/parcelablelist-2.0.1-release-api.jar with cache key 173c58f2c1e1950d120d23afab35fe12
build	Build with Gradle	2026-06-06T12:24:37.8627125Z Build cache key for BuildToolsApiClasspathEntrySnapshotTransform: /home/runner/.gradle/caches/modules-2/files-2.1/org.jetbrains.kotlin/kotlin-stdlib-jdk8/1.8.0/ed04f49e186a116753ad70d34f0ac2925d1d8020/kotlin-stdlib-jdk8-1.8.0.jar is 686c5f537579fb3d1ef4edd605ad2374
build	Build with Gradle	2026-06-06T12:24:37.8678715Z Stored cache entry for BuildToolsApiClasspathEntrySnapshotTransform: /home/runner/.gradle/caches/modules-2/files-2.1/org.jetbrains.kotlin/kotlin-stdlib-jdk8/1.8.0/ed04f49e186a116753ad70d34f0ac2925d1d8020/kotlin-stdlib-jdk8-1.8.0.jar with cache key 686c5f537579fb3d1ef4edd605ad2374
build	Build with Gradle	2026-06-06T12:24:37.8709774Z Build cache key for BuildToolsApiClasspathEntrySnapshotTransform: /home/runner/work/ShizukuPlus/ShizukuPlus/starter/build/intermediates/compile_library_classes_jar/release/bundleLibCompileToJarRelease/classes.jar is 4de0a6866cb37cb4bc9eb9f826448106
build	Build with Gradle	2026-06-06T12:24:37.8756056Z Stored cache entry for BuildToolsApiClasspathEntrySnapshotTransform: /home/runner/work/ShizukuPlus/ShizukuPlus/starter/build/intermediates/compile_library_classes_jar/release/bundleLibCompileToJarRelease/classes.jar with cache key 4de0a6866cb37cb4bc9eb9f826448106
build	Build with Gradle	2026-06-06T12:24:37.8802978Z Build cache key for task ':server:compileReleaseKotlin' is a472b0bb84507a35f7219e8109049853
build	Build with Gradle	2026-06-06T12:24:37.8858604Z Task ':server:compileReleaseKotlin' is not up-to-date because:
build	Build with Gradle	2026-06-06T12:24:37.8868143Z   No history is available.
build	Build with Gradle	2026-06-06T12:24:37.8938951Z The input changes require a full rebuild for incremental task ':server:compileReleaseKotlin'.
build	Build with Gradle	2026-06-06T12:24:37.8978733Z file or directory '/home/runner/work/ShizukuPlus/ShizukuPlus/server/src/release/kotlin', not found
build	Build with Gradle	2026-06-06T12:24:37.9038961Z file or directory '/home/runner/work/ShizukuPlus/ShizukuPlus/server/src/release/java', not found
build	Build with Gradle	2026-06-06T12:24:37.9045284Z file or directory '/home/runner/work/ShizukuPlus/ShizukuPlus/server/src/release/kotlin', not found
build	Build with Gradle	2026-06-06T12:24:37.9098982Z file or directory '/home/runner/work/ShizukuPlus/ShizukuPlus/server/src/release/kotlin', not found
build	Build with Gradle	2026-06-06T12:24:37.9158711Z file or directory '/home/runner/work/ShizukuPlus/ShizukuPlus/server/src/release/java', not found
build	Build with Gradle	2026-06-06T12:24:37.9198554Z file or directory '/home/runner/work/ShizukuPlus/ShizukuPlus/server/src/main/kotlin', not found
build	Build with Gradle	2026-06-06T12:24:37.9238588Z file or directory '/home/runner/work/ShizukuPlus/ShizukuPlus/server/src/main/kotlin', not found
build	Build with Gradle	2026-06-06T12:24:37.9288771Z file or directory '/home/runner/work/ShizukuPlus/ShizukuPlus/server/src/main/kotlin', not found
build	Build with Gradle	2026-06-06T12:24:37.9328704Z file or directory '/home/runner/work/ShizukuPlus/ShizukuPlus/server/src/release/java', not found
build	Build with Gradle	2026-06-06T12:24:37.9358777Z file or directory '/home/runner/work/ShizukuPlus/ShizukuPlus/server/src/release/kotlin', not found
build	Build with Gradle	2026-06-06T12:24:37.9410545Z file or directory '/home/runner/work/ShizukuPlus/ShizukuPlus/server/src/release/java', not found
build	Build with Gradle	2026-06-06T12:24:37.9449967Z file or directory '/home/runner/work/ShizukuPlus/ShizukuPlus/server/src/release/kotlin', not found
build	Build with Gradle	2026-06-06T12:24:37.9502680Z file or directory '/home/runner/work/ShizukuPlus/ShizukuPlus/server/src/release/kotlin', not found
build	Build with Gradle	2026-06-06T12:24:37.9533161Z file or directory '/home/runner/work/ShizukuPlus/ShizukuPlus/server/src/release/java', not found
build	Build with Gradle	2026-06-06T12:24:37.9560074Z file or directory '/home/runner/work/ShizukuPlus/ShizukuPlus/server/src/main/kotlin', not found
build	Build with Gradle	2026-06-06T12:24:37.9618777Z file or directory '/home/runner/work/ShizukuPlus/ShizukuPlus/server/src/release/kotlin', not found
build	Build with Gradle	2026-06-06T12:24:37.9665152Z file or directory '/home/runner/work/ShizukuPlus/ShizukuPlus/server/src/release/java', not found
build	Build with Gradle	2026-06-06T12:24:37.9708853Z file or directory '/home/runner/work/ShizukuPlus/ShizukuPlus/server/src/release/kotlin', not found
build	Build with Gradle	2026-06-06T12:24:37.9738756Z file or directory '/home/runner/work/ShizukuPlus/ShizukuPlus/server/src/release/kotlin', not found
build	Build with Gradle	2026-06-06T12:24:37.9765892Z file or directory '/home/runner/work/ShizukuPlus/ShizukuPlus/server/src/release/java', not found
build	Build with Gradle	2026-06-06T12:24:37.9798738Z file or directory '/home/runner/work/ShizukuPlus/ShizukuPlus/server/src/main/kotlin', not found
build	Build with Gradle	2026-06-06T12:24:37.9848579Z file or directory '/home/runner/work/ShizukuPlus/ShizukuPlus/server/src/main/kotlin', not found
build	Build with Gradle	2026-06-06T12:24:37.9896289Z file or directory '/home/runner/work/ShizukuPlus/ShizukuPlus/server/src/main/kotlin', not found
build	Build with Gradle	2026-06-06T12:24:37.9948887Z file or directory '/home/runner/work/ShizukuPlus/ShizukuPlus/server/src/release/java', not found
build	Build with Gradle	2026-06-06T12:24:37.9988605Z file or directory '/home/runner/work/ShizukuPlus/ShizukuPlus/server/src/release/kotlin', not found
build	Build with Gradle	2026-06-06T12:24:38.0018668Z file or directory '/home/runner/work/ShizukuPlus/ShizukuPlus/server/src/release/java', not found
build	Build with Gradle	2026-06-06T12:24:38.0078742Z file or directory '/home/runner/work/ShizukuPlus/ShizukuPlus/server/src/release/kotlin', not found
build	Build with Gradle	2026-06-06T12:24:38.0120554Z file or directory '/home/runner/work/ShizukuPlus/ShizukuPlus/server/src/release/kotlin', not found
build	Build with Gradle	2026-06-06T12:24:38.0171267Z file or directory '/home/runner/work/ShizukuPlus/ShizukuPlus/server/src/release/java', not found
build	Build with Gradle	2026-06-06T12:24:38.0198712Z file or directory '/home/runner/work/ShizukuPlus/ShizukuPlus/server/src/main/kotlin', not found
build	Build with Gradle	2026-06-06T12:24:38.0228623Z file or directory '/home/runner/work/ShizukuPlus/ShizukuPlus/server/src/main/kotlin', not found
build	Build with Gradle	2026-06-06T12:24:38.0288664Z file or directory '/home/runner/work/ShizukuPlus/ShizukuPlus/server/src/main/kotlin', not found
build	Build with Gradle	2026-06-06T12:24:38.0328883Z file or directory '/home/runner/work/ShizukuPlus/ShizukuPlus/server/src/release/java', not found
build	Build with Gradle	2026-06-06T12:24:38.0374594Z file or directory '/home/runner/work/ShizukuPlus/ShizukuPlus/server/src/release/kotlin', not found
build	Build with Gradle	2026-06-06T12:24:38.0398706Z file or directory '/home/runner/work/ShizukuPlus/ShizukuPlus/server/src/release/java', not found
build	Build with Gradle	2026-06-06T12:24:38.0425180Z file or directory '/home/runner/work/ShizukuPlus/ShizukuPlus/server/src/release/kotlin', not found
build	Build with Gradle	2026-06-06T12:24:38.0448760Z file or directory '/home/runner/work/ShizukuPlus/ShizukuPlus/server/src/release/kotlin', not found
build	Build with Gradle	2026-06-06T12:24:38.0468809Z file or directory '/home/runner/work/ShizukuPlus/ShizukuPlus/server/src/release/java', not found
build	Build with Gradle	2026-06-06T12:24:38.0488496Z file or directory '/home/runner/work/ShizukuPlus/ShizukuPlus/server/src/main/kotlin', not found
build	Build with Gradle	2026-06-06T12:24:38.0526763Z file or directory '/home/runner/work/ShizukuPlus/ShizukuPlus/server/src/main/kotlin', not found
build	Build with Gradle	2026-06-06T12:24:38.0540015Z file or directory '/home/runner/work/ShizukuPlus/ShizukuPlus/server/src/main/kotlin', not found
build	Build with Gradle	2026-06-06T12:24:38.0577724Z file or directory '/home/runner/work/ShizukuPlus/ShizukuPlus/server/src/release/java', not found
build	Build with Gradle	2026-06-06T12:24:38.0585809Z Kotlin source files: /home/runner/work/ShizukuPlus/ShizukuPlus/server/src/main/java/rikka/shizuku/server/VirtualMachineManagerImpl.kt, /home/runner/work/ShizukuPlus/ShizukuPlus/server/src/main/java/rikka/shizuku/server/AICorePlusImpl.kt, /home/runner/work/ShizukuPlus/ShizukuPlus/server/src/main/java/rikka/shizuku/server/ApkChangedObservers.kt, /home/runner/work/ShizukuPlus/ShizukuPlus/server/src/main/java/rikka/shizuku/server/WindowManagerPlusImpl.kt, /home/runner/work/ShizukuPlus/ShizukuPlus/server/src/main/java/rikka/shizuku/server/NetworkGovernorPlusImpl.kt, /home/runner/work/ShizukuPlus/ShizukuPlus/server/src/main/java/rikka/shizuku/server/util/InputValidationUtils.kt, /home/runner/work/ShizukuPlus/ShizukuPlus/server/src/main/java/rikka/shizuku/server/ContinuityBridgeImpl.kt, /home/runner/work/ShizukuPlus/ShizukuPlus/server/src/main/java/rikka/shizuku/server/ActivityManagerPlusImpl.kt, /home/runner/work/ShizukuPlus/ShizukuPlus/server/src/main/java/rikka/shizuku/server/OverlayManagerPlusImpl.kt, /home/runner/work/ShizukuPlus/ShizukuPlus/server/src/main/java/rikka/shizuku/server/ktx/Handler.kt, /home/runner/work/ShizukuPlus/ShizukuPlus/server/src/main/java/rikka/shizuku/server/StorageProxyImpl.kt
build	Build with Gradle	2026-06-06T12:24:38.0623467Z Java source files: /home/runner/work/ShizukuPlus/ShizukuPlus/server/src/main/java/rikka/shizuku/server/ShizukuClientManager.java, /home/runner/work/ShizukuPlus/ShizukuPlus/server/src/main/java/rikka/shizuku/server/api/IContentProviderUtils.java, /home/runner/work/ShizukuPlus/ShizukuPlus/server/src/main/java/rikka/shizuku/server/ShizukuUserServiceManager.java, /home/runner/work/ShizukuPlus/ShizukuPlus/server/src/main/java/rikka/shizuku/server/ServerConstants.java, /home/runner/work/ShizukuPlus/ShizukuPlus/server/src/main/java/rikka/shizuku/server/BinderSender.java, /home/runner/work/ShizukuPlus/ShizukuPlus/server/src/main/java/rikka/shizuku/server/ProxyRemoteProcess.java, /home/runner/work/ShizukuPlus/ShizukuPlus/server/src/main/java/rikka/shizuku/server/ShizukuConfigManager.java, /home/runner/work/ShizukuPlus/ShizukuPlus/server/src/main/java/rikka/shizuku/server/ShizukuConfig.java, /home/runner/work/ShizukuPlus/ShizukuPlus/server/src/main/java/rikka/shizuku/server/ShizukuService.java
build	Build with Gradle	2026-06-06T12:24:38.0658085Z Script source files: 
build	Build with Gradle	2026-06-06T12:24:38.0672801Z Script file extensions: 
build	Build with Gradle	2026-06-06T12:24:38.0673580Z Using Kotlin/JVM incremental compilation
build	Build with Gradle	2026-06-06T12:24:38.0719517Z [KOTLIN] Kotlin compilation 'jdkHome' argument: null
build	Build with Gradle	2026-06-06T12:24:38.0756071Z Options for KOTLIN DAEMON: IncrementalCompilationOptions(super=CompilationOptions(compilerMode=INCREMENTAL_COMPILER, targetPlatform=JVM, reportCategories=[0, 3], reportSeverity=2, requestedCompilationResults=[0], kotlinScriptExtensions=[]), sourceChanges=org.jetbrains.kotlin.buildtools.api.SourcesChanges$Unknown@4b96ea8e, classpathChanges=NotAvailableForNonIncrementalRun, workingDir=/home/runner/work/ShizukuPlus/ShizukuPlus/server/build/kotlin/compileReleaseKotlin/cacheable, multiModuleICSettings=MultiModuleICSettings(buildHistoryFile=/home/runner/work/ShizukuPlus/ShizukuPlus/server/build/kotlin/compileReleaseKotlin/local-state/build-history.bin, useModuleDetection=true), icFeatures=IncrementalCompilationFeatures(usePreciseJavaTracking=true, withAbiSnapshot=false, preciseCompilationResultsBackup=true, keepIncrementalCompilationCachesInMemory=true, enableUnsafeIncrementalCompilationForMultiplatform=false, enableMonotonousIncrementalCompileSetExpansion=true), outputFiles=[/home/runner/work/ShizukuPlus/ShizukuPlus/server/build/tmp/kotlin-classes/release, /home/runner/work/ShizukuPlus/ShizukuPlus/server/build/kotlin/compileReleaseKotlin/cacheable, /home/runner/work/ShizukuPlus/ShizukuPlus/server/build/kotlin/compileReleaseKotlin/local-state])
build	Build with Gradle	2026-06-06T12:24:38.0767330Z 
build	Build with Gradle	2026-06-06T12:24:38.0791729Z > Task :core:ui:mergeReleaseGeneratedProguardFiles
build	Build with Gradle	2026-06-06T12:24:38.0792900Z Caching disabled for task ':core:ui:mergeReleaseGeneratedProguardFiles' because:
build	Build with Gradle	2026-06-06T12:24:38.0793854Z   Simple merging task
build	Build with Gradle	2026-06-06T12:24:38.0794629Z Task ':core:ui:mergeReleaseGeneratedProguardFiles' is not up-to-date because:
build	Build with Gradle	2026-06-06T12:24:38.0795816Z   No history is available.
build	Build with Gradle	2026-06-06T12:24:38.0796963Z Resolve mutations for :core:ui:exportReleaseConsumerProguardFiles (Thread[#162,Execution worker Thread 3,5,main]) started.
build	Build with Gradle	2026-06-06T12:24:38.0798584Z :core:ui:exportReleaseConsumerProguardFiles (Thread[#162,Execution worker Thread 3,5,main]) started.
build	Build with Gradle	2026-06-06T12:24:38.0799348Z 
build	Build with Gradle	2026-06-06T12:24:38.0799731Z > Task :core:ui:exportReleaseConsumerProguardFiles
build	Build with Gradle	2026-06-06T12:24:38.0800673Z Caching disabled for task ':core:ui:exportReleaseConsumerProguardFiles' because:
build	Build with Gradle	2026-06-06T12:24:38.0801553Z   Caching has been disabled for the task
build	Build with Gradle	2026-06-06T12:24:38.0802411Z Task ':core:ui:exportReleaseConsumerProguardFiles' is not up-to-date because:
build	Build with Gradle	2026-06-06T12:24:38.0803327Z   No history is available.
build	Build with Gradle	2026-06-06T12:24:38.0804464Z work action resolve exportReleaseConsumerProguardFiles (project :core:ui) (Thread[#162,Execution worker Thread 3,5,main]) started.
build	Build with Gradle	2026-06-06T12:24:38.0805931Z FilterShrinkerRulesTransform (Thread[#162,Execution worker Thread 3,5,main]) started.
build	Build with Gradle	2026-06-06T12:24:38.0807337Z Resolve mutations for :starter:bundleLibRuntimeToJarRelease (Thread[#162,Execution worker Thread 3,5,main]) started.
build	Build with Gradle	2026-06-06T12:24:38.0808968Z :starter:bundleLibRuntimeToJarRelease (Thread[#162,Execution worker Thread 3,5,main]) started.
build	Build with Gradle	2026-06-06T12:24:38.0809796Z 
build	Build with Gradle	2026-06-06T12:24:38.0810171Z > Task :starter:bundleLibRuntimeToJarRelease
build	Build with Gradle	2026-06-06T12:24:38.0811076Z Caching disabled for task ':starter:bundleLibRuntimeToJarRelease' because:
build	Build with Gradle	2026-06-06T12:24:38.0811962Z   Simple merging task
build	Build with Gradle	2026-06-06T12:24:38.0812615Z Task ':starter:bundleLibRuntimeToJarRelease' is not up-to-date because:
build	Build with Gradle	2026-06-06T12:24:38.0813399Z   No history is available.
build	Build with Gradle	2026-06-06T12:24:38.0814323Z work action resolve classes.jar (project :starter) (Thread[#162,Execution worker Thread 3,5,main]) started.
build	Build with Gradle	2026-06-06T12:24:38.0815657Z Resolve mutations for :starter:mergeReleaseGeneratedProguardFiles (Thread[#162,Execution worker Thread 3,5,main]) started.
build	Build with Gradle	2026-06-06T12:24:38.0817059Z :starter:mergeReleaseGeneratedProguardFiles (Thread[#162,Execution worker Thread 3,5,main]) started.
build	Build with Gradle	2026-06-06T12:24:38.0818120Z 
build	Build with Gradle	2026-06-06T12:24:38.0818499Z > Task :starter:mergeReleaseGeneratedProguardFiles
build	Build with Gradle	2026-06-06T12:24:38.0819273Z Caching disabled for task ':starter:mergeReleaseGeneratedProguardFiles' because:
build	Build with Gradle	2026-06-06T12:24:38.0820429Z   Simple merging task
build	Build with Gradle	2026-06-06T12:24:38.0821236Z Task ':starter:mergeReleaseGeneratedProguardFiles' is not up-to-date because:
build	Build with Gradle	2026-06-06T12:24:38.0822094Z   No history is available.
build	Build with Gradle	2026-06-06T12:24:38.0823163Z Resolve mutations for :starter:exportReleaseConsumerProguardFiles (Thread[#162,Execution worker Thread 3,5,main]) started.
build	Build with Gradle	2026-06-06T12:24:38.0824683Z :starter:exportReleaseConsumerProguardFiles (Thread[#162,Execution worker Thread 3,5,main]) started.
build	Build with Gradle	2026-06-06T12:24:38.0825514Z 
build	Build with Gradle	2026-06-06T12:24:38.0825906Z > Task :starter:exportReleaseConsumerProguardFiles
build	Build with Gradle	2026-06-06T12:24:38.0827139Z Caching disabled for task ':starter:exportReleaseConsumerProguardFiles' because:
build	Build with Gradle	2026-06-06T12:24:38.0828296Z   Caching has been disabled for the task
build	Build with Gradle	2026-06-06T12:24:38.0829263Z Task ':starter:exportReleaseConsumerProguardFiles' is not up-to-date because:
build	Build with Gradle	2026-06-06T12:24:38.0830554Z   No history is available.
build	Build with Gradle	2026-06-06T12:24:38.0831710Z work action resolve exportReleaseConsumerProguardFiles (project :starter) (Thread[#162,Execution worker Thread 3,5,main]) started.
build	Build with Gradle	2026-06-06T12:24:38.0833478Z FilterShrinkerRulesTransform (Thread[#162,Execution worker Thread 3,5,main]) started.
build	Build with Gradle	2026-06-06T12:24:38.0834832Z Resolve mutations for :database:javaPreCompileRelease (Thread[#162,Execution worker Thread 3,5,main]) started.
build	Build with Gradle	2026-06-06T12:24:38.0836193Z :database:javaPreCompileRelease (Thread[#162,Execution worker Thread 3,5,main]) started.
build	Build with Gradle	2026-06-06T12:24:38.0836975Z 
build	Build with Gradle	2026-06-06T12:24:38.0837319Z > Task :database:javaPreCompileRelease
build	Build with Gradle	2026-06-06T12:24:38.0838327Z Build cache key for task ':database:javaPreCompileRelease' is 5d64ef64664eec54924bf317e45af22b
build	Build with Gradle	2026-06-06T12:24:38.0839551Z Task ':database:javaPreCompileRelease' is not up-to-date because:
build	Build with Gradle	2026-06-06T12:24:38.0840323Z   No history is available.
build	Build with Gradle	2026-06-06T12:24:38.0841254Z Stored cache entry for task ':database:javaPreCompileRelease' with cache key 5d64ef64664eec54924bf317e45af22b
build	Build with Gradle	2026-06-06T12:24:38.0842895Z Resolve mutations for :api:mergeReleaseGeneratedProguardFiles (Thread[#162,Execution worker Thread 3,5,main]) started.
build	Build with Gradle	2026-06-06T12:24:38.0844372Z :api:mergeReleaseGeneratedProguardFiles (Thread[#162,Execution worker Thread 3,5,main]) started.
build	Build with Gradle	2026-06-06T12:24:38.0845218Z 
build	Build with Gradle	2026-06-06T12:24:38.0845580Z > Task :api:mergeReleaseGeneratedProguardFiles
build	Build with Gradle	2026-06-06T12:24:38.0846517Z Caching disabled for task ':api:mergeReleaseGeneratedProguardFiles' because:
build	Build with Gradle	2026-06-06T12:24:38.0847575Z   Simple merging task
build	Build with Gradle	2026-06-06T12:24:38.0848392Z Task ':api:mergeReleaseGeneratedProguardFiles' is not up-to-date because:
build	Build with Gradle	2026-06-06T12:24:38.0849218Z   No history is available.
build	Build with Gradle	2026-06-06T12:24:38.0850238Z Resolve mutations for :api:exportReleaseConsumerProguardFiles (Thread[#162,Execution worker Thread 3,5,main]) started.
build	Build with Gradle	2026-06-06T12:24:38.0851811Z :api:exportReleaseConsumerProguardFiles (Thread[#162,Execution worker Thread 3,5,main]) started.
build	Build with Gradle	2026-06-06T12:24:38.0852633Z 
build	Build with Gradle	2026-06-06T12:24:38.0852999Z > Task :api:exportReleaseConsumerProguardFiles
build	Build with Gradle	2026-06-06T12:24:38.0853975Z Caching disabled for task ':api:exportReleaseConsumerProguardFiles' because:
build	Build with Gradle	2026-06-06T12:24:38.0854921Z   Caching has been disabled for the task
build	Build with Gradle	2026-06-06T12:24:38.0855847Z Task ':api:exportReleaseConsumerProguardFiles' is not up-to-date because:
build	Build with Gradle	2026-06-06T12:24:38.0856756Z   No history is available.
build	Build with Gradle	2026-06-06T12:24:38.0858138Z work action resolve exportReleaseConsumerProguardFiles (project :api) (Thread[#162,Execution worker Thread 3,5,main]) started.
build	Build with Gradle	2026-06-06T12:24:38.0859663Z FilterShrinkerRulesTransform (Thread[#162,Execution worker Thread 3,5,main]) started.
build	Build with Gradle	2026-06-06T12:24:38.0861126Z Resolve mutations for :common:mergeReleaseGeneratedProguardFiles (Thread[#162,Execution worker Thread 3,5,main]) started.
build	Build with Gradle	2026-06-06T12:24:38.0862653Z :common:mergeReleaseGeneratedProguardFiles (Thread[#162,Execution worker Thread 3,5,main]) started.
build	Build with Gradle	2026-06-06T12:24:38.0863516Z 
build	Build with Gradle	2026-06-06T12:24:38.0863915Z > Task :common:mergeReleaseGeneratedProguardFiles
build	Build with Gradle	2026-06-06T12:24:38.0864896Z Caching disabled for task ':common:mergeReleaseGeneratedProguardFiles' because:
build	Build with Gradle	2026-06-06T12:24:38.0865814Z   Simple merging task
build	Build with Gradle	2026-06-06T12:24:38.0866649Z Task ':common:mergeReleaseGeneratedProguardFiles' is not up-to-date because:
build	Build with Gradle	2026-06-06T12:24:38.0867668Z   No history is available.
build	Build with Gradle	2026-06-06T12:24:38.0868574Z Resolve mutations for :common:exportReleaseConsumerProguardFiles (Thread[#162,Execution worker Thread 3,5,main]) started.
build	Build with Gradle	2026-06-06T12:24:38.0869934Z :common:exportReleaseConsumerProguardFiles (Thread[#162,Execution worker Thread 3,5,main]) started.
build	Build with Gradle	2026-06-06T12:24:38.0870656Z 
build	Build with Gradle	2026-06-06T12:24:38.0871329Z > Task :common:exportReleaseConsumerProguardFiles
build	Build with Gradle	2026-06-06T12:24:38.0872235Z Caching disabled for task ':common:exportReleaseConsumerProguardFiles' because:
build	Build with Gradle	2026-06-06T12:24:38.0873208Z   Caching has been disabled for the task
build	Build with Gradle	2026-06-06T12:24:38.0874078Z Task ':common:exportReleaseConsumerProguardFiles' is not up-to-date because:
build	Build with Gradle	2026-06-06T12:24:38.0874872Z   No history is available.
build	Build with Gradle	2026-06-06T12:24:38.0875891Z work action resolve exportReleaseConsumerProguardFiles (project :common) (Thread[#162,Execution worker Thread 3,5,main]) started.
build	Build with Gradle	2026-06-06T12:24:38.0877750Z FilterShrinkerRulesTransform (Thread[#162,Execution worker Thread 3,5,main]) started.
build	Build with Gradle	2026-06-06T12:24:38.0879130Z Resolve mutations for :shared:mergeReleaseGeneratedProguardFiles (Thread[#162,Execution worker Thread 3,5,main]) started.
build	Build with Gradle	2026-06-06T12:24:38.0880884Z :shared:mergeReleaseGeneratedProguardFiles (Thread[#162,Execution worker Thread 3,5,main]) started.
build	Build with Gradle	2026-06-06T12:24:38.0881664Z 
build	Build with Gradle	2026-06-06T12:24:38.0882037Z > Task :shared:mergeReleaseGeneratedProguardFiles
build	Build with Gradle	2026-06-06T12:24:38.0883096Z Caching disabled for task ':shared:mergeReleaseGeneratedProguardFiles' because:
build	Build with Gradle	2026-06-06T12:24:38.0883996Z   Simple merging task
build	Build with Gradle	2026-06-06T12:24:38.0884767Z Task ':shared:mergeReleaseGeneratedProguardFiles' is not up-to-date because:
build	Build with Gradle	2026-06-06T12:24:38.0885618Z   No history is available.
build	Build with Gradle	2026-06-06T12:24:38.0886635Z Resolve mutations for :shared:exportReleaseConsumerProguardFiles (Thread[#162,Execution worker Thread 3,5,main]) started.
build	Build with Gradle	2026-06-06T12:24:38.0888439Z :shared:exportReleaseConsumerProguardFiles (Thread[#162,Execution worker Thread 3,5,main]) started.
build	Build with Gradle	2026-06-06T12:24:38.0889289Z 
build	Build with Gradle	2026-06-06T12:24:38.0889649Z > Task :shared:exportReleaseConsumerProguardFiles
build	Build with Gradle	2026-06-06T12:24:38.0890596Z Caching disabled for task ':shared:exportReleaseConsumerProguardFiles' because:
build	Build with Gradle	2026-06-06T12:24:38.0891524Z   Caching has been disabled for the task
build	Build with Gradle	2026-06-06T12:24:38.0892407Z Task ':shared:exportReleaseConsumerProguardFiles' is not up-to-date because:
build	Build with Gradle	2026-06-06T12:24:38.0893303Z   No history is available.
build	Build with Gradle	2026-06-06T12:24:38.0894472Z work action resolve exportReleaseConsumerProguardFiles (project :shared) (Thread[#162,Execution worker Thread 3,5,main]) started.
build	Build with Gradle	2026-06-06T12:24:38.0896055Z FilterShrinkerRulesTransform (Thread[#162,Execution worker Thread 3,5,main]) started.
build	Build with Gradle	2026-06-06T12:24:38.0897659Z Resolve mutations for :aidl:mergeReleaseGeneratedProguardFiles (Thread[#162,Execution worker Thread 3,5,main]) started.
build	Build with Gradle	2026-06-06T12:24:38.0899277Z :aidl:mergeReleaseGeneratedProguardFiles (Thread[#162,Execution worker Thread 3,5,main]) started.
build	Build with Gradle	2026-06-06T12:24:38.0900122Z 
build	Build with Gradle	2026-06-06T12:24:38.0900469Z > Task :aidl:mergeReleaseGeneratedProguardFiles
build	Build with Gradle	2026-06-06T12:24:38.0901312Z Caching disabled for task ':aidl:mergeReleaseGeneratedProguardFiles' because:
build	Build with Gradle	2026-06-06T12:24:38.0902118Z   Simple merging task
build	Build with Gradle	2026-06-06T12:24:38.0902854Z Task ':aidl:mergeReleaseGeneratedProguardFiles' is not up-to-date because:
build	Build with Gradle	2026-06-06T12:24:38.0903672Z   No history is available.
build	Build with Gradle	2026-06-06T12:24:38.0904703Z Resolve mutations for :aidl:exportReleaseConsumerProguardFiles (Thread[#162,Execution worker Thread 3,5,main]) started.
build	Build with Gradle	2026-06-06T12:24:38.0906175Z :aidl:exportReleaseConsumerProguardFiles (Thread[#162,Execution worker Thread 3,5,main]) started.
build	Build with Gradle	2026-06-06T12:24:38.0906961Z 
build	Build with Gradle	2026-06-06T12:24:38.0907321Z > Task :aidl:exportReleaseConsumerProguardFiles
build	Build with Gradle	2026-06-06T12:24:38.0908369Z Caching disabled for task ':aidl:exportReleaseConsumerProguardFiles' because:
build	Build with Gradle	2026-06-06T12:24:38.0909249Z   Caching has been disabled for the task
build	Build with Gradle	2026-06-06T12:24:38.0910098Z Task ':aidl:exportReleaseConsumerProguardFiles' is not up-to-date because:
build	Build with Gradle	2026-06-06T12:24:38.0910917Z   No history is available.
build	Build with Gradle	2026-06-06T12:24:38.0912063Z work action resolve exportReleaseConsumerProguardFiles (project :aidl) (Thread[#162,Execution worker Thread 3,5,main]) started.
build	Build with Gradle	2026-06-06T12:24:38.0913433Z FilterShrinkerRulesTransform (Thread[#162,Execution worker Thread 3,5,main]) started.
build	Build with Gradle	2026-06-06T12:24:38.0914936Z Resolve mutations for :core:ui:bundleLibRuntimeToJarRelease (Thread[#162,Execution worker Thread 3,5,main]) started.
build	Build with Gradle	2026-06-06T12:24:38.0916285Z :core:ui:bundleLibRuntimeToJarRelease (Thread[#162,Execution worker Thread 3,5,main]) started.
build	Build with Gradle	2026-06-06T12:24:38.0917024Z 
build	Build with Gradle	2026-06-06T12:24:38.0917534Z > Task :core:ui:bundleLibRuntimeToJarRelease
build	Build with Gradle	2026-06-06T12:24:38.0918338Z Caching disabled for task ':core:ui:bundleLibRuntimeToJarRelease' because:
build	Build with Gradle	2026-06-06T12:24:38.0919298Z   Simple merging task
build	Build with Gradle	2026-06-06T12:24:38.0920004Z Task ':core:ui:bundleLibRuntimeToJarRelease' is not up-to-date because:
build	Build with Gradle	2026-06-06T12:24:38.0920786Z   No history is available.
build	Build with Gradle	2026-06-06T12:24:38.0921704Z work action resolve classes.jar (project :core:ui) (Thread[#162,Execution worker Thread 3,5,main]) started.
build	Build with Gradle	2026-06-06T12:24:38.0922912Z AsmClassesTransform (Thread[#162,Execution worker Thread 3,5,main]) started.
build	Build with Gradle	2026-06-06T12:24:38.0923590Z 
build	Build with Gradle	2026-06-06T12:24:38.0924017Z > Transform classes.jar (project :core:ui) with AsmClassesTransform
build	Build with Gradle	2026-06-06T12:24:38.0925809Z Build cache key for AsmClassesTransform: /home/runner/work/ShizukuPlus/ShizukuPlus/core/ui/build/intermediates/runtime_library_classes_jar/release/bundleLibRuntimeToJarRelease/classes.jar is ef7ecf33f7dc7a543c0bda7515bece18
build	Build with Gradle	2026-06-06T12:24:38.0929139Z Stored cache entry for AsmClassesTransform: /home/runner/work/ShizukuPlus/ShizukuPlus/core/ui/build/intermediates/runtime_library_classes_jar/release/bundleLibRuntimeToJarRelease/classes.jar with cache key ef7ecf33f7dc7a543c0bda7515bece18
build	Build with Gradle	2026-06-06T12:24:38.0930653Z AsmClassesTransform (Thread[#162,Execution worker Thread 3,5,main]) started.
build	Build with Gradle	2026-06-06T12:24:38.0930977Z 
build	Build with Gradle	2026-06-06T12:24:38.0931188Z > Transform classes.jar (project :starter) with AsmClassesTransform
build	Build with Gradle	2026-06-06T12:24:38.0932348Z Build cache key for AsmClassesTransform: /home/runner/work/ShizukuPlus/ShizukuPlus/starter/build/intermediates/runtime_library_classes_jar/release/bundleLibRuntimeToJarRelease/classes.jar is 180870e3fafa43f7213349a300eec9be
build	Build with Gradle	2026-06-06T12:24:38.0933923Z Stored cache entry for AsmClassesTransform: /home/runner/work/ShizukuPlus/ShizukuPlus/starter/build/intermediates/runtime_library_classes_jar/release/bundleLibRuntimeToJarRelease/classes.jar with cache key 180870e3fafa43f7213349a300eec9be
build	Build with Gradle	2026-06-06T12:24:38.0934994Z AsmClassesTransform (Thread[#162,Execution worker Thread 3,5,main]) started.
build	Build with Gradle	2026-06-06T12:24:38.2759342Z 
build	Build with Gradle	2026-06-06T12:24:38.2774067Z > Transform classes.jar (project :server-shared) with AsmClassesTransform
build	Build with Gradle	2026-06-06T12:24:38.2799715Z Build cache key for AsmClassesTransform: /home/runner/work/ShizukuPlus/ShizukuPlus/api/server-shared/build/intermediates/runtime_library_classes_jar/release/bundleLibRuntimeToJarRelease/classes.jar is 4966e7902442e58ae2a8c0488420877c
build	Build with Gradle	2026-06-06T12:24:38.2802838Z Stored cache entry for AsmClassesTransform: /home/runner/work/ShizukuPlus/ShizukuPlus/api/server-shared/build/intermediates/runtime_library_classes_jar/release/bundleLibRuntimeToJarRelease/classes.jar with cache key 4966e7902442e58ae2a8c0488420877c
build	Build with Gradle	2026-06-06T12:24:38.2848446Z AsmClassesTransform (Thread[#162,Execution worker Thread 3,5,main]) started.
build	Build with Gradle	2026-06-06T12:24:38.2866007Z 
build	Build with Gradle	2026-06-06T12:24:38.2888637Z > Transform classes.jar (project :rish) with AsmClassesTransform
build	Build with Gradle	2026-06-06T12:24:38.2919596Z Build cache key for AsmClassesTransform: /home/runner/work/ShizukuPlus/ShizukuPlus/api/rish/build/intermediates/runtime_library_classes_jar/release/bundleLibRuntimeToJarRelease/classes.jar is 4ada99040973cf78e030bf891b151765
build	Build with Gradle	2026-06-06T12:24:38.2941003Z Stored cache entry for AsmClassesTransform: /home/runner/work/ShizukuPlus/ShizukuPlus/api/rish/build/intermediates/runtime_library_classes_jar/release/bundleLibRuntimeToJarRelease/classes.jar with cache key 4ada99040973cf78e030bf891b151765
build	Build with Gradle	2026-06-06T12:24:38.2944696Z Resolve mutations for :provider:bundleLibRuntimeToJarRelease (Thread[#162,Execution worker Thread 3,5,main]) started.
build	Build with Gradle	2026-06-06T12:24:38.2969562Z :provider:bundleLibRuntimeToJarRelease (Thread[#162,Execution worker Thread 3,5,main]) started.
build	Build with Gradle	2026-06-06T12:24:38.3030113Z 
build	Build with Gradle	2026-06-06T12:24:38.3056350Z > Task :provider:bundleLibRuntimeToJarRelease
build	Build with Gradle	2026-06-06T12:24:38.3071851Z Caching disabled for task ':provider:bundleLibRuntimeToJarRelease' because:
build	Build with Gradle	2026-06-06T12:24:38.3108132Z   Simple merging task
build	Build with Gradle	2026-06-06T12:24:38.3120239Z Task ':provider:bundleLibRuntimeToJarRelease' is not up-to-date because:
build	Build with Gradle	2026-06-06T12:24:38.3121137Z   No history is available.
build	Build with Gradle	2026-06-06T12:24:38.3122384Z work action resolve classes.jar (project :provider) (Thread[#162,Execution worker Thread 3,5,main]) started.
build	Build with Gradle	2026-06-06T12:24:38.3123595Z AsmClassesTransform (Thread[#162,Execution worker Thread 3,5,main]) started.
build	Build with Gradle	2026-06-06T12:24:38.3124263Z 
build	Build with Gradle	2026-06-06T12:24:38.3124721Z > Transform classes.jar (project :provider) with AsmClassesTransform
build	Build with Gradle	2026-06-06T12:24:38.3126645Z Build cache key for AsmClassesTransform: /home/runner/work/ShizukuPlus/ShizukuPlus/api/provider/build/intermediates/runtime_library_classes_jar/release/bundleLibRuntimeToJarRelease/classes.jar is ad0e1e530624cebe8afffb1168d374ed
build	Build with Gradle	2026-06-06T12:24:38.3130273Z Stored cache entry for AsmClassesTransform: /home/runner/work/ShizukuPlus/ShizukuPlus/api/provider/build/intermediates/runtime_library_classes_jar/release/bundleLibRuntimeToJarRelease/classes.jar with cache key ad0e1e530624cebe8afffb1168d374ed
build	Build with Gradle	2026-06-06T12:24:38.3132507Z AsmClassesTransform (Thread[#162,Execution worker Thread 3,5,main]) started.
build	Build with Gradle	2026-06-06T12:24:38.3750126Z 
build	Build with Gradle	2026-06-06T12:24:38.3785300Z > Transform classes.jar (project :api) with AsmClassesTransform
build	Build with Gradle	2026-06-06T12:24:38.3841760Z Build cache key for AsmClassesTransform: /home/runner/work/ShizukuPlus/ShizukuPlus/api/api/build/intermediates/runtime_library_classes_jar/release/bundleLibRuntimeToJarRelease/classes.jar is 7971f5221be7cc0fc4363648d03e0cd3
build	Build with Gradle	2026-06-06T12:24:38.3899555Z Stored cache entry for AsmClassesTransform: /home/runner/work/ShizukuPlus/ShizukuPlus/api/api/build/intermediates/runtime_library_classes_jar/release/bundleLibRuntimeToJarRelease/classes.jar with cache key 7971f5221be7cc0fc4363648d03e0cd3
build	Build with Gradle	2026-06-06T12:24:38.3948980Z AsmClassesTransform (Thread[#162,Execution worker Thread 3,5,main]) started.
build	Build with Gradle	2026-06-06T12:24:38.3987808Z 
build	Build with Gradle	2026-06-06T12:24:38.4048633Z > Transform classes.jar (project :common) with AsmClassesTransform
build	Build with Gradle	2026-06-06T12:24:38.4069645Z Build cache key for AsmClassesTransform: /home/runner/work/ShizukuPlus/ShizukuPlus/common/build/intermediates/runtime_library_classes_jar/release/bundleLibRuntimeToJarRelease/classes.jar is d6ffd5722c55c3075f723bd9e1acfa30
build	Build with Gradle	2026-06-06T12:24:38.4100654Z Stored cache entry for AsmClassesTransform: /home/runner/work/ShizukuPlus/ShizukuPlus/common/build/intermediates/runtime_library_classes_jar/release/bundleLibRuntimeToJarRelease/classes.jar with cache key d6ffd5722c55c3075f723bd9e1acfa30
build	Build with Gradle	2026-06-06T12:24:38.4189060Z AsmClassesTransform (Thread[#162,Execution worker Thread 3,5,main]) started.
build	Build with Gradle	2026-06-06T12:24:38.4195571Z 
build	Build with Gradle	2026-06-06T12:24:38.4224005Z > Transform classes.jar (project :shared) with AsmClassesTransform
build	Build with Gradle	2026-06-06T12:24:38.4249324Z Build cache key for AsmClassesTransform: /home/runner/work/ShizukuPlus/ShizukuPlus/api/shared/build/intermediates/runtime_library_classes_jar/release/bundleLibRuntimeToJarRelease/classes.jar is 33bf1068a8561e4f3296e6823a40fd31
build	Build with Gradle	2026-06-06T12:24:38.4310283Z Stored cache entry for AsmClassesTransform: /home/runner/work/ShizukuPlus/ShizukuPlus/api/shared/build/intermediates/runtime_library_classes_jar/release/bundleLibRuntimeToJarRelease/classes.jar with cache key 33bf1068a8561e4f3296e6823a40fd31
build	Build with Gradle	2026-06-06T12:24:38.4315990Z AsmClassesTransform (Thread[#162,Execution worker Thread 3,5,main]) started.
build	Build with Gradle	2026-06-06T12:24:38.4757868Z 
build	Build with Gradle	2026-06-06T12:24:38.4810688Z > Transform classes.jar (project :aidl) with AsmClassesTransform
build	Build with Gradle	2026-06-06T12:24:38.4889571Z Build cache key for AsmClassesTransform: /home/runner/work/ShizukuPlus/ShizukuPlus/api/aidl/build/intermediates/runtime_library_classes_jar/release/bundleLibRuntimeToJarRelease/classes.jar is 1d617e5236a17396d43f1047aafaf72c
build	Build with Gradle	2026-06-06T12:24:38.4909578Z Stored cache entry for AsmClassesTransform: /home/runner/work/ShizukuPlus/ShizukuPlus/api/aidl/build/intermediates/runtime_library_classes_jar/release/bundleLibRuntimeToJarRelease/classes.jar with cache key 1d617e5236a17396d43f1047aafaf72c
build	Build with Gradle	2026-06-06T12:24:38.4959937Z Resolve mutations for :aidl:prepareReleaseArtProfile (Thread[#162,Execution worker Thread 3,5,main]) started.
build	Build with Gradle	2026-06-06T12:24:38.4987151Z :aidl:prepareReleaseArtProfile (Thread[#162,Execution worker Thread 3,5,main]) started.
build	Build with Gradle	2026-06-06T12:24:38.5028258Z 
build	Build with Gradle	2026-06-06T12:24:38.5088690Z > Task :aidl:prepareReleaseArtProfile
build	Build with Gradle	2026-06-06T12:24:38.5145177Z Caching disabled for task ':aidl:prepareReleaseArtProfile' because:
build	Build with Gradle	2026-06-06T12:24:38.5168370Z   Caching has been disabled for the task
build	Build with Gradle	2026-06-06T12:24:38.5248601Z Task ':aidl:prepareReleaseArtProfile' is not up-to-date because:
build	Build with Gradle	2026-06-06T12:24:38.5277671Z   No history is available.
build	Build with Gradle	2026-06-06T12:24:38.5338769Z work action resolve baseline-prof.txt (project :aidl) (Thread[#162,Execution worker Thread 3,5,main]) started.
build	Build with Gradle	2026-06-06T12:24:38.5361509Z Resolve mutations for :api:prepareReleaseArtProfile (Thread[#162,Execution worker Thread 3,5,main]) started.
build	Build with Gradle	2026-06-06T12:24:38.5414733Z :api:prepareReleaseArtProfile (Thread[#162,Execution worker Thread 3,5,main]) started.
build	Build with Gradle	2026-06-06T12:24:38.5477822Z 
build	Build with Gradle	2026-06-06T12:24:38.5538298Z > Task :manager:buildCMakeRelWithDebInfo[arm64-v8a]
build	Build with Gradle	2026-06-06T12:24:38.5569264Z Deleting stale output file: /home/runner/work/ShizukuPlus/ShizukuPlus/manager/build/intermediates/cxx/RelWithDebInfo/686s3g6d/obj/arm64-v8a
build	Build with Gradle	2026-06-06T12:24:38.5648919Z Caching disabled for task ':manager:buildCMakeRelWithDebInfo[arm64-v8a]' because:
build	Build with Gradle	2026-06-06T12:24:38.5678425Z   Caching has been disabled for the task
build	Build with Gradle	2026-06-06T12:24:38.5679402Z Task ':manager:buildCMakeRelWithDebInfo[arm64-v8a]' is not up-to-date because:
build	Build with Gradle	2026-06-06T12:24:38.5680235Z   Task.upToDateWhen is false.
build	Build with Gradle	2026-06-06T12:24:38.5680779Z C/C++: starting build
build	Build with Gradle	2026-06-06T12:24:38.5681247Z C/C++: reading expected JSONs
build	Build with Gradle	2026-06-06T12:24:38.5681797Z C/C++: done reading expected JSONs
build	Build with Gradle	2026-06-06T12:24:38.5682600Z C/C++: executing build commands for targets that produce .so files or executables
build	Build with Gradle	2026-06-06T12:24:38.5683438Z C/C++: evaluate miniconfig
build	Build with Gradle	2026-06-06T12:24:38.5683980Z C/C++: evaluate library adb (arm64-v8a)
build	Build with Gradle	2026-06-06T12:24:38.5684818Z C/C++: building target library adb because no targets are specified.
build	Build with Gradle	2026-06-06T12:24:38.5685641Z C/C++: evaluate library libshizuku.so (arm64-v8a)
build	Build with Gradle	2026-06-06T12:24:38.5686441Z C/C++: building target library libshizuku.so because no targets are specified.
build	Build with Gradle	2026-06-06T12:24:38.5687310Z C/C++: about to build targets adb, libshizuku.so
build	Build with Gradle	2026-06-06T12:24:38.5688083Z C/C++: Build multiple targets adb_arm64-v8a libshizuku.so_arm64-v8a
build	Build with Gradle	2026-06-06T12:24:38.5688704Z C/C++: /usr/local/lib/android/sdk/cmake/3.22.1/bin/ninja \
build	Build with Gradle	2026-06-06T12:24:38.5689196Z   -C \
build	Build with Gradle	2026-06-06T12:24:38.5689864Z   /home/runner/work/ShizukuPlus/ShizukuPlus/manager/.cxx/RelWithDebInfo/686s3g6d/arm64-v8a \
build	Build with Gradle	2026-06-06T12:24:38.5690635Z   adb \
build	Build with Gradle	2026-06-06T12:24:38.5690990Z   libshizuku.so
build	Build with Gradle	2026-06-06T12:24:38.5691216Z 
build	Build with Gradle	2026-06-06T12:24:38.5692847Z Starting process 'command '/usr/local/lib/android/sdk/cmake/3.22.1/bin/ninja''. Working directory: /home/runner/work/ShizukuPlus/ShizukuPlus/manager Command: /usr/local/lib/android/sdk/cmake/3.22.1/bin/ninja -C /home/runner/work/ShizukuPlus/ShizukuPlus/manager/.cxx/RelWithDebInfo/686s3g6d/arm64-v8a adb libshizuku.so
build	Build with Gradle	2026-06-06T12:24:38.5695088Z Successfully started process 'command '/usr/local/lib/android/sdk/cmake/3.22.1/bin/ninja''
build	Build with Gradle	2026-06-06T12:24:38.5695813Z C/C++: Received process result: 0
build	Build with Gradle	2026-06-06T12:24:38.5696309Z C/C++: check expected build outputs
build	Build with Gradle	2026-06-06T12:24:38.5696811Z C/C++: build complete
build	Build with Gradle	2026-06-06T12:24:38.5698965Z work action org.gradle.api.internal.artifacts.transform.DefaultTransformUpstreamDependenciesResolver$FinalizeTransformDependenciesFromSelectedArtifacts$CalculateFinalDependencies@53bf4bbb (Thread[#161,Execution worker Thread 2,5,main]) started.
build	Build with Gradle	2026-06-06T12:24:38.5739271Z work action Dependencies for project :server {artifactType=android-classes-jar, asm-transformed-variant=release} (Thread[#161,Execution worker Thread 2,5,main]) started.
build	Build with Gradle	2026-06-06T12:24:38.5778298Z 
build	Build with Gradle	2026-06-06T12:24:38.5814078Z > Task :api:prepareReleaseArtProfile
build	Build with Gradle	2026-06-06T12:24:38.5888528Z Caching disabled for task ':api:prepareReleaseArtProfile' because:
build	Build with Gradle	2026-06-06T12:24:38.5889472Z   Caching has been disabled for the task
build	Build with Gradle	2026-06-06T12:24:38.5948516Z Task ':api:prepareReleaseArtProfile' is not up-to-date because:
build	Build with Gradle	2026-06-06T12:24:38.5973931Z   No history is available.
build	Build with Gradle	2026-06-06T12:24:38.6064332Z work action resolve baseline-prof.txt (project :api) (Thread[#162,Execution worker Thread 3,5,main]) started.
build	Build with Gradle	2026-06-06T12:24:38.6076175Z Resolve mutations for :common:prepareReleaseArtProfile (Thread[#162,Execution worker Thread 3,5,main]) started.
build	Build with Gradle	2026-06-06T12:24:38.6129840Z Resolve mutations for :manager:configureCMakeRelWithDebInfo[armeabi-v7a] (Thread[#161,Execution worker Thread 2,5,main]) started.
build	Build with Gradle	2026-06-06T12:24:38.6181979Z :manager:configureCMakeRelWithDebInfo[armeabi-v7a] (Thread[#161,Execution worker Thread 2,5,main]) started.
build	Build with Gradle	2026-06-06T12:24:38.6249840Z :common:prepareReleaseArtProfile (Thread[#162,Execution worker Thread 3,5,main]) started.
build	Build with Gradle	2026-06-06T12:24:38.6297779Z 
build	Build with Gradle	2026-06-06T12:24:38.6408548Z > Task :common:prepareReleaseArtProfile
build	Build with Gradle	2026-06-06T12:24:38.6409305Z Caching disabled for task ':common:prepareReleaseArtProfile' because:
build	Build with Gradle	2026-06-06T12:24:38.6410024Z   Caching has been disabled for the task
build	Build with Gradle	2026-06-06T12:24:38.6410684Z Task ':common:prepareReleaseArtProfile' is not up-to-date because:
build	Build with Gradle	2026-06-06T12:24:38.6411298Z   No history is available.
build	Build with Gradle	2026-06-06T12:24:38.6412017Z work action resolve baseline-prof.txt (project :common) (Thread[#162,Execution worker Thread 3,5,main]) started.
build	Build with Gradle	2026-06-06T12:24:38.6413230Z Resolve mutations for :database:prepareReleaseArtProfile (Thread[#162,Execution worker Thread 3,5,main]) started.
build	Build with Gradle	2026-06-06T12:24:38.6414339Z :database:prepareReleaseArtProfile (Thread[#162,Execution worker Thread 3,5,main]) started.
build	Build with Gradle	2026-06-06T12:24:38.6414896Z 
build	Build with Gradle	2026-06-06T12:24:38.6415109Z > Task :database:prepareReleaseArtProfile
build	Build with Gradle	2026-06-06T12:24:38.6415747Z Caching disabled for task ':database:prepareReleaseArtProfile' because:
build	Build with Gradle	2026-06-06T12:24:38.6416562Z   Caching has been disabled for the task
build	Build with Gradle	2026-06-06T12:24:38.6417180Z Task ':database:prepareReleaseArtProfile' is not up-to-date because:
build	Build with Gradle	2026-06-06T12:24:38.6417963Z   No history is available.
build	Build with Gradle	2026-06-06T12:24:38.6418727Z work action resolve baseline-prof.txt (project :database) (Thread[#162,Execution worker Thread 3,5,main]) started.
build	Build with Gradle	2026-06-06T12:24:38.6419933Z Resolve mutations for :provider:prepareReleaseArtProfile (Thread[#162,Execution worker Thread 3,5,main]) started.
build	Build with Gradle	2026-06-06T12:24:38.6421691Z :provider:prepareReleaseArtProfile (Thread[#162,Execution worker Thread 3,5,main]) started.
build	Build with Gradle	2026-06-06T12:24:38.6422369Z 
build	Build with Gradle	2026-06-06T12:24:38.6422633Z > Task :provider:prepareReleaseArtProfile
build	Build with Gradle	2026-06-06T12:24:38.6423487Z Caching disabled for task ':provider:prepareReleaseArtProfile' because:
build	Build with Gradle	2026-06-06T12:24:38.6424345Z   Caching has been disabled for the task
build	Build with Gradle	2026-06-06T12:24:38.6514729Z Task ':provider:prepareReleaseArtProfile' is not up-to-date because:
build	Build with Gradle	2026-06-06T12:24:38.6577932Z   No history is available.
build	Build with Gradle	2026-06-06T12:24:38.6679378Z work action resolve baseline-prof.txt (project :provider) (Thread[#162,Execution worker Thread 3,5,main]) started.
build	Build with Gradle	2026-06-06T12:24:38.6741994Z Resolve mutations for :rish:prepareReleaseArtProfile (Thread[#162,Execution worker Thread 3,5,main]) started.
build	Build with Gradle	2026-06-06T12:24:38.6856749Z :rish:prepareReleaseArtProfile (Thread[#162,Execution worker Thread 3,5,main]) started.
build	Build with Gradle	2026-06-06T12:24:38.6897997Z 
build	Build with Gradle	2026-06-06T12:24:38.6988605Z > Task :rish:prepareReleaseArtProfile
build	Build with Gradle	2026-06-06T12:24:38.7018936Z Caching disabled for task ':rish:prepareReleaseArtProfile' because:
build	Build with Gradle	2026-06-06T12:24:38.7036603Z   Caching has been disabled for the task
build	Build with Gradle	2026-06-06T12:24:38.7058553Z Task ':rish:prepareReleaseArtProfile' is not up-to-date because:
build	Build with Gradle	2026-06-06T12:24:38.7098913Z   No history is available.
build	Build with Gradle	2026-06-06T12:24:38.7123739Z work action resolve baseline-prof.txt (project :rish) (Thread[#162,Execution worker Thread 3,5,main]) started.
build	Build with Gradle	2026-06-06T12:24:38.7162548Z Resolve mutations for :server:prepareReleaseArtProfile (Thread[#162,Execution worker Thread 3,5,main]) started.
build	Build with Gradle	2026-06-06T12:24:38.7167146Z :server:prepareReleaseArtProfile (Thread[#162,Execution worker Thread 3,5,main]) started.
build	Build with Gradle	2026-06-06T12:24:38.7197923Z 
build	Build with Gradle	2026-06-06T12:24:38.7242677Z > Task :server:prepareReleaseArtProfile
build	Build with Gradle	2026-06-06T12:24:38.7258549Z Caching disabled for task ':server:prepareReleaseArtProfile' because:
build	Build with Gradle	2026-06-06T12:24:38.7292598Z   Caching has been disabled for the task
build	Build with Gradle	2026-06-06T12:24:38.7298482Z Task ':server:prepareReleaseArtProfile' is not up-to-date because:
build	Build with Gradle	2026-06-06T12:24:38.7328271Z   No history is available.
build	Build with Gradle	2026-06-06T12:24:38.7358636Z work action resolve baseline-prof.txt (project :server) (Thread[#162,Execution worker Thread 3,5,main]) started.
build	Build with Gradle	2026-06-06T12:24:38.7368569Z Resolve mutations for :server-shared:prepareReleaseArtProfile (Thread[#162,Execution worker Thread 3,5,main]) started.
build	Build with Gradle	2026-06-06T12:24:38.7392241Z :server-shared:prepareReleaseArtProfile (Thread[#162,Execution worker Thread 3,5,main]) started.
build	Build with Gradle	2026-06-06T12:24:38.7417895Z 
build	Build with Gradle	2026-06-06T12:24:38.7448528Z > Task :server-shared:prepareReleaseArtProfile
build	Build with Gradle	2026-06-06T12:24:38.7478504Z Caching disabled for task ':server-shared:prepareReleaseArtProfile' because:
build	Build with Gradle	2026-06-06T12:24:38.7479413Z   Caching has been disabled for the task
build	Build with Gradle	2026-06-06T12:24:38.7480179Z Task ':server-shared:prepareReleaseArtProfile' is not up-to-date because:
build	Build with Gradle	2026-06-06T12:24:38.7480847Z   No history is available.
build	Build with Gradle	2026-06-06T12:24:38.7481727Z work action resolve baseline-prof.txt (project :server-shared) (Thread[#162,Execution worker Thread 3,5,main]) started.
build	Build with Gradle	2026-06-06T12:24:38.7483042Z Resolve mutations for :shared:prepareReleaseArtProfile (Thread[#162,Execution worker Thread 3,5,main]) started.
build	Build with Gradle	2026-06-06T12:24:38.7484334Z :shared:prepareReleaseArtProfile (Thread[#162,Execution worker Thread 3,5,main]) started.
build	Build with Gradle	2026-06-06T12:24:38.7484954Z 
build	Build with Gradle	2026-06-06T12:24:38.7485190Z > Task :shared:prepareReleaseArtProfile
build	Build with Gradle	2026-06-06T12:24:38.7485908Z Caching disabled for task ':shared:prepareReleaseArtProfile' because:
build	Build with Gradle	2026-06-06T12:24:38.7486674Z   Caching has been disabled for the task
build	Build with Gradle	2026-06-06T12:24:38.7487653Z Task ':shared:prepareReleaseArtProfile' is not up-to-date because:
build	Build with Gradle	2026-06-06T12:24:38.7488393Z   No history is available.
build	Build with Gradle	2026-06-06T12:24:38.7489313Z work action resolve baseline-prof.txt (project :shared) (Thread[#162,Execution worker Thread 3,5,main]) started.
build	Build with Gradle	2026-06-06T12:24:38.7490795Z Resolve mutations for :starter:prepareReleaseArtProfile (Thread[#162,Execution worker Thread 3,5,main]) started.
build	Build with Gradle	2026-06-06T12:24:38.7492106Z :starter:prepareReleaseArtProfile (Thread[#162,Execution worker Thread 3,5,main]) started.
build	Build with Gradle	2026-06-06T12:24:38.7492727Z 
build	Build with Gradle	2026-06-06T12:24:38.7492973Z > Task :starter:prepareReleaseArtProfile
build	Build with Gradle	2026-06-06T12:24:38.7493751Z Caching disabled for task ':starter:prepareReleaseArtProfile' because:
build	Build with Gradle	2026-06-06T12:24:38.7494455Z   Caching has been disabled for the task
build	Build with Gradle	2026-06-06T12:24:38.7495133Z Task ':starter:prepareReleaseArtProfile' is not up-to-date because:
build	Build with Gradle	2026-06-06T12:24:38.7495741Z   No history is available.
build	Build with Gradle	2026-06-06T12:24:38.7496544Z work action resolve baseline-prof.txt (project :starter) (Thread[#162,Execution worker Thread 3,5,main]) started.
build	Build with Gradle	2026-06-06T12:24:38.7497949Z Resolve mutations for :core:ui:prepareReleaseArtProfile (Thread[#162,Execution worker Thread 3,5,main]) started.
build	Build with Gradle	2026-06-06T12:24:38.7499257Z :core:ui:prepareReleaseArtProfile (Thread[#162,Execution worker Thread 3,5,main]) started.
build	Build with Gradle	2026-06-06T12:24:38.7499958Z 
build	Build with Gradle	2026-06-06T12:24:38.7500200Z > Task :core:ui:prepareReleaseArtProfile
build	Build with Gradle	2026-06-06T12:24:38.7500996Z Caching disabled for task ':core:ui:prepareReleaseArtProfile' because:
build	Build with Gradle	2026-06-06T12:24:38.7501803Z   Caching has been disabled for the task
build	Build with Gradle	2026-06-06T12:24:38.7502845Z Task ':core:ui:prepareReleaseArtProfile' is not up-to-date because:
build	Build with Gradle	2026-06-06T12:24:38.7503604Z   No history is available.
build	Build with Gradle	2026-06-06T12:24:38.7504512Z work action resolve baseline-prof.txt (project :core:ui) (Thread[#162,Execution worker Thread 3,5,main]) started.
build	Build with Gradle	2026-06-06T12:24:38.7505940Z Resolve mutations for :aidl:writeReleaseAarMetadata (Thread[#162,Execution worker Thread 3,5,main]) started.
build	Build with Gradle	2026-06-06T12:24:38.7507274Z :aidl:writeReleaseAarMetadata (Thread[#162,Execution worker Thread 3,5,main]) started.
build	Build with Gradle	2026-06-06T12:24:38.7568738Z 
build	Build with Gradle	2026-06-06T12:24:38.7569060Z > Task :aidl:writeReleaseAarMetadata
build	Build with Gradle	2026-06-06T12:24:38.7569774Z Caching disabled for task ':aidl:writeReleaseAarMetadata' because:
build	Build with Gradle	2026-06-06T12:24:38.7570430Z   Caching has been disabled for the task
build	Build with Gradle	2026-06-06T12:24:38.7571073Z Task ':aidl:writeReleaseAarMetadata' is not up-to-date because:
build	Build with Gradle	2026-06-06T12:24:38.7571694Z   No history is available.
build	Build with Gradle	2026-06-06T12:24:38.7572622Z work action resolve aar-metadata.properties (project :aidl) (Thread[#162,Execution worker Thread 3,5,main]) started.
build	Build with Gradle	2026-06-06T12:24:38.7574288Z Resolve mutations for :api:writeReleaseAarMetadata (Thread[#162,Execution worker Thread 3,5,main]) started.
build	Build with Gradle	2026-06-06T12:24:38.7575537Z :api:writeReleaseAarMetadata (Thread[#162,Execution worker Thread 3,5,main]) started.
build	Build with Gradle	2026-06-06T12:24:38.7576153Z 
build	Build with Gradle	2026-06-06T12:24:38.7576381Z > Task :api:writeReleaseAarMetadata
build	Build with Gradle	2026-06-06T12:24:38.7577126Z Caching disabled for task ':api:writeReleaseAarMetadata' because:
build	Build with Gradle	2026-06-06T12:24:38.7577988Z   Caching has been disabled for the task
build	Build with Gradle	2026-06-06T12:24:38.7578735Z Task ':api:writeReleaseAarMetadata' is not up-to-date because:
build	Build with Gradle	2026-06-06T12:24:38.7579355Z   No history is available.
build	Build with Gradle	2026-06-06T12:24:38.7580136Z work action resolve aar-metadata.properties (project :api) (Thread[#162,Execution worker Thread 3,5,main]) started.
build	Build with Gradle	2026-06-06T12:24:38.7581511Z Resolve mutations for :common:writeReleaseAarMetadata (Thread[#162,Execution worker Thread 3,5,main]) started.
build	Build with Gradle	2026-06-06T12:24:38.7582769Z :common:writeReleaseAarMetadata (Thread[#162,Execution worker Thread 3,5,main]) started.
build	Build with Gradle	2026-06-06T12:24:38.7583409Z 
build	Build with Gradle	2026-06-06T12:24:38.7583623Z > Task :common:writeReleaseAarMetadata
build	Build with Gradle	2026-06-06T12:24:38.7647934Z Caching disabled for task ':common:writeReleaseAarMetadata' because:
build	Build with Gradle	2026-06-06T12:24:38.7648933Z   Caching has been disabled for the task
build	Build with Gradle	2026-06-06T12:24:38.7649600Z Task ':common:writeReleaseAarMetadata' is not up-to-date because:
build	Build with Gradle	2026-06-06T12:24:38.7650173Z   No history is available.
build	Build with Gradle	2026-06-06T12:24:38.7650939Z work action resolve aar-metadata.properties (project :common) (Thread[#162,Execution worker Thread 3,5,main]) started.
build	Build with Gradle	2026-06-06T12:24:38.7652037Z Resolve mutations for :database:writeReleaseAarMetadata (Thread[#162,Execution worker Thread 3,5,main]) started.
build	Build with Gradle	2026-06-06T12:24:38.7653109Z :database:writeReleaseAarMetadata (Thread[#162,Execution worker Thread 3,5,main]) started.
build	Build with Gradle	2026-06-06T12:24:38.7653685Z 
build	Build with Gradle	2026-06-06T12:24:38.7653914Z > Task :database:writeReleaseAarMetadata
build	Build with Gradle	2026-06-06T12:24:38.7654523Z Caching disabled for task ':database:writeReleaseAarMetadata' because:
build	Build with Gradle	2026-06-06T12:24:38.7655098Z   Caching has been disabled for the task
build	Build with Gradle	2026-06-06T12:24:38.7655699Z Task ':database:writeReleaseAarMetadata' is not up-to-date because:
build	Build with Gradle	2026-06-06T12:24:38.7656293Z   No history is available.
build	Build with Gradle	2026-06-06T12:24:38.7657119Z work action resolve aar-metadata.properties (project :database) (Thread[#162,Execution worker Thread 3,5,main]) started.
build	Build with Gradle	2026-06-06T12:24:38.7739357Z Resolve mutations for :provider:writeReleaseAarMetadata (Thread[#162,Execution worker Thread 3,5,main]) started.
build	Build with Gradle	2026-06-06T12:24:38.7740748Z :provider:writeReleaseAarMetadata (Thread[#162,Execution worker Thread 3,5,main]) started.
build	Build with Gradle	2026-06-06T12:24:38.7741433Z 
build	Build with Gradle	2026-06-06T12:24:38.7741670Z > Task :provider:writeReleaseAarMetadata
build	Build with Gradle	2026-06-06T12:24:38.7742433Z Caching disabled for task ':provider:writeReleaseAarMetadata' because:
build	Build with Gradle	2026-06-06T12:24:38.7743552Z   Caching has been disabled for the task
build	Build with Gradle	2026-06-06T12:24:38.7744236Z Task ':provider:writeReleaseAarMetadata' is not up-to-date because:
build	Build with Gradle	2026-06-06T12:24:38.7744957Z   No history is available.
build	Build with Gradle	2026-06-06T12:24:38.7745949Z work action resolve aar-metadata.properties (project :provider) (Thread[#162,Execution worker Thread 3,5,main]) started.
build	Build with Gradle	2026-06-06T12:24:38.7747593Z Resolve mutations for :rish:writeReleaseAarMetadata (Thread[#162,Execution worker Thread 3,5,main]) started.
build	Build with Gradle	2026-06-06T12:24:38.7749103Z :rish:writeReleaseAarMetadata (Thread[#162,Execution worker Thread 3,5,main]) started.
build	Build with Gradle	2026-06-06T12:24:38.7749772Z 
build	Build with Gradle	2026-06-06T12:24:38.7750000Z > Task :rish:writeReleaseAarMetadata
build	Build with Gradle	2026-06-06T12:24:38.7750728Z Caching disabled for task ':rish:writeReleaseAarMetadata' because:
build	Build with Gradle	2026-06-06T12:24:38.7751387Z   Caching has been disabled for the task
build	Build with Gradle	2026-06-06T12:24:38.7752005Z Task ':rish:writeReleaseAarMetadata' is not up-to-date because:
build	Build with Gradle	2026-06-06T12:24:38.7752585Z   No history is available.
build	Build with Gradle	2026-06-06T12:24:38.7753352Z work action resolve aar-metadata.properties (project :rish) (Thread[#162,Execution worker Thread 3,5,main]) started.
build	Build with Gradle	2026-06-06T12:24:38.7754877Z Resolve mutations for :server:writeReleaseAarMetadata (Thread[#162,Execution worker Thread 3,5,main]) started.
build	Build with Gradle	2026-06-06T12:24:38.7756100Z :server:writeReleaseAarMetadata (Thread[#162,Execution worker Thread 3,5,main]) started.
build	Build with Gradle	2026-06-06T12:24:38.7756744Z 
build	Build with Gradle	2026-06-06T12:24:38.7756980Z > Task :server:writeReleaseAarMetadata
build	Build with Gradle	2026-06-06T12:24:38.7757892Z Caching disabled for task ':server:writeReleaseAarMetadata' because:
build	Build with Gradle	2026-06-06T12:24:38.7758580Z   Caching has been disabled for the task
build	Build with Gradle	2026-06-06T12:24:38.7759252Z Task ':server:writeReleaseAarMetadata' is not up-to-date because:
build	Build with Gradle	2026-06-06T12:24:38.7759940Z   No history is available.
build	Build with Gradle	2026-06-06T12:24:38.7760821Z work action resolve aar-metadata.properties (project :server) (Thread[#162,Execution worker Thread 3,5,main]) started.
build	Build with Gradle	2026-06-06T12:24:38.7762224Z Resolve mutations for :server-shared:writeReleaseAarMetadata (Thread[#162,Execution worker Thread 3,5,main]) started.
build	Build with Gradle	2026-06-06T12:24:38.7763538Z :server-shared:writeReleaseAarMetadata (Thread[#162,Execution worker Thread 3,5,main]) started.
build	Build with Gradle	2026-06-06T12:24:38.7813987Z 
build	Build with Gradle	2026-06-06T12:24:38.7814916Z > Task :server-shared:writeReleaseAarMetadata
build	Build with Gradle	2026-06-06T12:24:38.7855430Z Caching disabled for task ':server-shared:writeReleaseAarMetadata' because:
build	Build with Gradle	2026-06-06T12:24:38.7859119Z   Caching has been disabled for the task
build	Build with Gradle	2026-06-06T12:24:38.7860173Z Task ':server-shared:writeReleaseAarMetadata' is not up-to-date because:
build	Build with Gradle	2026-06-06T12:24:38.7861048Z   No history is available.
build	Build with Gradle	2026-06-06T12:24:38.7862066Z work action resolve aar-metadata.properties (project :server-shared) (Thread[#162,Execution worker Thread 3,5,main]) started.
build	Build with Gradle	2026-06-06T12:24:38.7863442Z Resolve mutations for :shared:writeReleaseAarMetadata (Thread[#162,Execution worker Thread 3,5,main]) started.
build	Build with Gradle	2026-06-06T12:24:38.7864591Z :shared:writeReleaseAarMetadata (Thread[#162,Execution worker Thread 3,5,main]) started.
build	Build with Gradle	2026-06-06T12:24:38.7865267Z 
build	Build with Gradle	2026-06-06T12:24:38.7865615Z > Task :shared:writeReleaseAarMetadata
build	Build with Gradle	2026-06-06T12:24:38.7866389Z Caching disabled for task ':shared:writeReleaseAarMetadata' because:
build	Build with Gradle	2026-06-06T12:24:38.7867184Z   Caching has been disabled for the task
build	Build with Gradle	2026-06-06T12:24:38.7868326Z Task ':shared:writeReleaseAarMetadata' is not up-to-date because:
build	Build with Gradle	2026-06-06T12:24:38.7869161Z   No history is available.
build	Build with Gradle	2026-06-06T12:24:38.7870140Z work action resolve aar-metadata.properties (project :shared) (Thread[#162,Execution worker Thread 3,5,main]) started.
build	Build with Gradle	2026-06-06T12:24:38.7898822Z Resolve mutations for :starter:writeReleaseAarMetadata (Thread[#162,Execution worker Thread 3,5,main]) started.
build	Build with Gradle	2026-06-06T12:24:38.7928658Z :starter:writeReleaseAarMetadata (Thread[#162,Execution worker Thread 3,5,main]) started.
build	Build with Gradle	2026-06-06T12:24:38.7961050Z 
build	Build with Gradle	2026-06-06T12:24:38.8018310Z > Task :starter:writeReleaseAarMetadata
build	Build with Gradle	2026-06-06T12:24:38.8068991Z Caching disabled for task ':starter:writeReleaseAarMetadata' because:
build	Build with Gradle	2026-06-06T12:24:38.8178369Z   Caching has been disabled for the task
build	Build with Gradle	2026-06-06T12:24:38.8298636Z Task ':starter:writeReleaseAarMetadata' is not up-to-date because:
build	Build with Gradle	2026-06-06T12:24:38.8328353Z   No history is available.
build	Build with Gradle	2026-06-06T12:24:38.8409276Z work action resolve aar-metadata.properties (project :starter) (Thread[#162,Execution worker Thread 3,5,main]) started.
build	Build with Gradle	2026-06-06T12:24:38.8448846Z Resolve mutations for :core:ui:writeReleaseAarMetadata (Thread[#162,Execution worker Thread 3,5,main]) started.
build	Build with Gradle	2026-06-06T12:24:38.8508599Z :core:ui:writeReleaseAarMetadata (Thread[#162,Execution worker Thread 3,5,main]) started.
build	Build with Gradle	2026-06-06T12:24:38.8558186Z 
build	Build with Gradle	2026-06-06T12:24:38.8620033Z > Task :core:ui:writeReleaseAarMetadata
build	Build with Gradle	2026-06-06T12:24:38.8648485Z Caching disabled for task ':core:ui:writeReleaseAarMetadata' because:
build	Build with Gradle	2026-06-06T12:24:38.8708700Z   Caching has been disabled for the task
build	Build with Gradle	2026-06-06T12:24:38.8709563Z Task ':core:ui:writeReleaseAarMetadata' is not up-to-date because:
build	Build with Gradle	2026-06-06T12:24:38.8783851Z   No history is available.
build	Build with Gradle	2026-06-06T12:24:38.8836850Z work action resolve aar-metadata.properties (project :core:ui) (Thread[#162,Execution worker Thread 3,5,main]) started.
build	Build with Gradle	2026-06-06T12:24:38.8902587Z Resolve mutations for :aidl:extractDeepLinksRelease (Thread[#162,Execution worker Thread 3,5,main]) started.
build	Build with Gradle	2026-06-06T12:24:38.8975225Z :aidl:extractDeepLinksRelease (Thread[#162,Execution worker Thread 3,5,main]) started.
build	Build with Gradle	2026-06-06T12:24:38.9023213Z 
build	Build with Gradle	2026-06-06T12:24:38.9078532Z > Task :aidl:extractDeepLinksRelease FROM-CACHE
build	Build with Gradle	2026-06-06T12:24:38.9122533Z Build cache key for task ':aidl:extractDeepLinksRelease' is 10eac05407a2cd02ac17412968089c0c
build	Build with Gradle	2026-06-06T12:24:38.9128205Z Task ':aidl:extractDeepLinksRelease' is not up-to-date because:
build	Build with Gradle	2026-06-06T12:24:38.9218462Z   No history is available.
build	Build with Gradle	2026-06-06T12:24:38.9308932Z Loaded cache entry for task ':aidl:extractDeepLinksRelease' with cache key 10eac05407a2cd02ac17412968089c0c
build	Build with Gradle	2026-06-06T12:24:38.9338653Z work action resolve navigation.json (project :aidl) (Thread[#162,Execution worker Thread 3,5,main]) started.
build	Build with Gradle	2026-06-06T12:24:38.9461723Z Resolve mutations for :aidl:processReleaseManifest (Thread[#162,Execution worker Thread 3,5,main]) started.
build	Build with Gradle	2026-06-06T12:24:38.9540353Z :aidl:processReleaseManifest (Thread[#162,Execution worker Thread 3,5,main]) started.
build	Build with Gradle	2026-06-06T12:24:38.9631973Z 
build	Build with Gradle	2026-06-06T12:24:38.9668421Z > Task :aidl:processReleaseManifest
build	Build with Gradle	2026-06-06T12:24:38.9748865Z Build cache key for task ':aidl:processReleaseManifest' is 5c603bfb2f6d7dcc9b68ecaab568138f
build	Build with Gradle	2026-06-06T12:24:38.9788480Z Task ':aidl:processReleaseManifest' is not up-to-date because:
build	Build with Gradle	2026-06-06T12:24:38.9818625Z   No history is available.
build	Build with Gradle	2026-06-06T12:24:38.9905246Z Merging main manifest /home/runner/work/ShizukuPlus/ShizukuPlus/api/aidl/src/main/AndroidManifest.xml
build	Build with Gradle	2026-06-06T12:24:38.9985926Z 
build	Build with Gradle	2026-06-06T12:24:39.0028355Z Merging result: SUCCESS
build	Build with Gradle	2026-06-06T12:24:39.0107252Z 1<?xml version="1.0" encoding="utf-8"?>
build	Build with Gradle	2026-06-06T12:24:39.0148677Z 2<manifest xmlns:android="http://schemas.android.com/apk/res/android"
build	Build with Gradle	2026-06-06T12:24:39.0270785Z 3    package="rikka.shizuku.aidl" >
build	Build with Gradle	2026-06-06T12:24:39.0325309Z 4
build	Build with Gradle	2026-06-06T12:24:39.0408441Z 5    <uses-sdk android:minSdkVersion="24" />
build	Build with Gradle	2026-06-06T12:24:39.0483476Z 6
build	Build with Gradle	2026-06-06T12:24:39.0568396Z 7</manifest>
build	Build with Gradle	2026-06-06T12:24:39.0647845Z 
build	Build with Gradle	2026-06-06T12:24:39.0679246Z Merged manifest saved to /home/runner/work/ShizukuPlus/ShizukuPlus/api/aidl/build/intermediates/merged_manifest/release/processReleaseManifest/AndroidManifest.xml
build	Build with Gradle	2026-06-06T12:24:39.0738888Z Stored cache entry for task ':aidl:processReleaseManifest' with cache key 5c603bfb2f6d7dcc9b68ecaab568138f
build	Build with Gradle	2026-06-06T12:24:39.0828926Z work action resolve AndroidManifest.xml (project :aidl) (Thread[#162,Execution worker Thread 3,5,main]) started.
build	Build with Gradle	2026-06-06T12:24:39.0854017Z Resolve mutations for :api:extractDeepLinksRelease (Thread[#162,Execution worker Thread 3,5,main]) started.
build	Build with Gradle	2026-06-06T12:24:39.0970381Z :api:extractDeepLinksRelease (Thread[#162,Execution worker Thread 3,5,main]) started.
build	Build with Gradle	2026-06-06T12:24:39.1037862Z 
build	Build with Gradle	2026-06-06T12:24:39.1139028Z > Task :api:extractDeepLinksRelease FROM-CACHE
build	Build with Gradle	2026-06-06T12:24:39.1232108Z Build cache key for task ':api:extractDeepLinksRelease' is 10eac05407a2cd02ac17412968089c0c
build	Build with Gradle	2026-06-06T12:24:39.1316439Z Task ':api:extractDeepLinksRelease' is not up-to-date because:
build	Build with Gradle	2026-06-06T12:24:39.1379967Z   No history is available.
build	Build with Gradle	2026-06-06T12:24:39.1428873Z Loaded cache entry for task ':api:extractDeepLinksRelease' with cache key 10eac05407a2cd02ac17412968089c0c
build	Build with Gradle	2026-06-06T12:24:39.1532710Z work action resolve navigation.json (project :api) (Thread[#162,Execution worker Thread 3,5,main]) started.
build	Build with Gradle	2026-06-06T12:24:39.1573038Z Resolve mutations for :api:processReleaseManifest (Thread[#162,Execution worker Thread 3,5,main]) started.
build	Build with Gradle	2026-06-06T12:24:39.1642676Z :api:processReleaseManifest (Thread[#162,Execution worker Thread 3,5,main]) started.
build	Build with Gradle	2026-06-06T12:24:39.1727811Z 
build	Build with Gradle	2026-06-06T12:24:39.1758338Z > Task :api:processReleaseManifest
build	Build with Gradle	2026-06-06T12:24:39.1828788Z Build cache key for task ':api:processReleaseManifest' is 9f1a1772e86306aea5ea9a2affafd6e3
build	Build with Gradle	2026-06-06T12:24:39.1879443Z Task ':api:processReleaseManifest' is not up-to-date because:
build	Build with Gradle	2026-06-06T12:24:39.1938801Z   No history is available.
build	Build with Gradle	2026-06-06T12:24:39.1999027Z Merging main manifest /home/runner/work/ShizukuPlus/ShizukuPlus/api/api/src/main/AndroidManifest.xml
build	Build with Gradle	2026-06-06T12:24:39.2067100Z 
build	Build with Gradle	2026-06-06T12:24:39.2068337Z Merging result: SUCCESS
build	Build with Gradle	2026-06-06T12:24:39.2128438Z 1<?xml version="1.0" encoding="utf-8"?>
build	Build with Gradle	2026-06-06T12:24:39.2181887Z 2<manifest xmlns:android="http://schemas.android.com/apk/res/android"
build	Build with Gradle	2026-06-06T12:24:39.2238661Z 3    package="rikka.shizuku.api" >
build	Build with Gradle	2026-06-06T12:24:39.2260451Z 4
build	Build with Gradle	2026-06-06T12:24:39.2318895Z 5    <uses-sdk android:minSdkVersion="24" />
build	Build with Gradle	2026-06-06T12:24:39.2349172Z 6
build	Build with Gradle	2026-06-06T12:24:39.2418665Z 7</manifest>
build	Build with Gradle	2026-06-06T12:24:39.2437930Z 
build	Build with Gradle	2026-06-06T12:24:39.2465889Z Merged manifest saved to /home/runner/work/ShizukuPlus/ShizukuPlus/api/api/build/intermediates/merged_manifest/release/processReleaseManifest/AndroidManifest.xml
build	Build with Gradle	2026-06-06T12:24:39.2500216Z Stored cache entry for task ':api:processReleaseManifest' with cache key 9f1a1772e86306aea5ea9a2affafd6e3
build	Build with Gradle	2026-06-06T12:24:39.2520178Z work action resolve AndroidManifest.xml (project :api) (Thread[#162,Execution worker Thread 3,5,main]) started.
build	Build with Gradle	2026-06-06T12:24:39.2550416Z Resolve mutations for :common:extractDeepLinksRelease (Thread[#162,Execution worker Thread 3,5,main]) started.
build	Build with Gradle	2026-06-06T12:24:39.2558331Z :common:extractDeepLinksRelease (Thread[#162,Execution worker Thread 3,5,main]) started.
build	Build with Gradle	2026-06-06T12:24:39.2587885Z 
build	Build with Gradle	2026-06-06T12:24:39.2618306Z > Task :common:extractDeepLinksRelease FROM-CACHE
build	Build with Gradle	2026-06-06T12:24:39.2648464Z Build cache key for task ':common:extractDeepLinksRelease' is 10eac05407a2cd02ac17412968089c0c
build	Build with Gradle	2026-06-06T12:24:39.2649967Z Task ':common:extractDeepLinksRelease' is not up-to-date because:
build	Build with Gradle	2026-06-06T12:24:39.2678259Z   No history is available.
build	Build with Gradle	2026-06-06T12:24:39.2708596Z Loaded cache entry for task ':common:extractDeepLinksRelease' with cache key 10eac05407a2cd02ac17412968089c0c
build	Build with Gradle	2026-06-06T12:24:39.2738507Z work action resolve navigation.json (project :common) (Thread[#162,Execution worker Thread 3,5,main]) started.
build	Build with Gradle	2026-06-06T12:24:39.2739946Z Resolve mutations for :common:processReleaseManifest (Thread[#162,Execution worker Thread 3,5,main]) started.
build	Build with Gradle	2026-06-06T12:24:39.2768524Z :common:processReleaseManifest (Thread[#162,Execution worker Thread 3,5,main]) started.
build	Build with Gradle	2026-06-06T12:24:39.2797858Z 
build	Build with Gradle	2026-06-06T12:24:39.2828299Z > Task :common:processReleaseManifest
build	Build with Gradle	2026-06-06T12:24:39.2829350Z Build cache key for task ':common:processReleaseManifest' is 73a6d776eeac300c5788f762ff6be0ec
build	Build with Gradle	2026-06-06T12:24:39.2858365Z Task ':common:processReleaseManifest' is not up-to-date because:
build	Build with Gradle	2026-06-06T12:24:39.2888077Z   No history is available.
build	Build with Gradle	2026-06-06T12:24:39.2918596Z Merging main manifest /home/runner/work/ShizukuPlus/ShizukuPlus/common/src/main/AndroidManifest.xml
build	Build with Gradle	2026-06-06T12:24:39.2919957Z 
build	Build with Gradle	2026-06-06T12:24:39.2948222Z Merging result: SUCCESS
build	Build with Gradle	2026-06-06T12:24:39.2978151Z 1<?xml version="1.0" encoding="utf-8"?>
build	Build with Gradle	2026-06-06T12:24:39.3008448Z 2<manifest xmlns:android="http://schemas.android.com/apk/res/android"
build	Build with Gradle	2026-06-06T12:24:39.3009442Z 3    package="af.shizuku.common" >
build	Build with Gradle	2026-06-06T12:24:39.3038173Z 4
build	Build with Gradle	2026-06-06T12:24:39.3068203Z 5    <uses-sdk android:minSdkVersion="24" />
build	Build with Gradle	2026-06-06T12:24:39.3095402Z 6
build	Build with Gradle	2026-06-06T12:24:39.3098151Z 7</manifest>
build	Build with Gradle	2026-06-06T12:24:39.3127810Z 
build	Build with Gradle	2026-06-06T12:24:39.3159076Z Merged manifest saved to /home/runner/work/ShizukuPlus/ShizukuPlus/common/build/intermediates/merged_manifest/release/processReleaseManifest/AndroidManifest.xml
build	Build with Gradle	2026-06-06T12:24:39.3178654Z Stored cache entry for task ':common:processReleaseManifest' with cache key 73a6d776eeac300c5788f762ff6be0ec
build	Build with Gradle	2026-06-06T12:24:39.3188539Z work action resolve AndroidManifest.xml (project :common) (Thread[#162,Execution worker Thread 3,5,main]) started.
build	Build with Gradle	2026-06-06T12:24:39.3218616Z Resolve mutations for :database:extractDeepLinksRelease (Thread[#162,Execution worker Thread 3,5,main]) started.
build	Build with Gradle	2026-06-06T12:24:39.3248610Z :database:extractDeepLinksRelease (Thread[#162,Execution worker Thread 3,5,main]) started.
build	Build with Gradle	2026-06-06T12:24:39.3277707Z 
build	Build with Gradle	2026-06-06T12:24:39.3278420Z > Task :database:extractDeepLinksRelease FROM-CACHE
build	Build with Gradle	2026-06-06T12:24:39.3308526Z Build cache key for task ':database:extractDeepLinksRelease' is 10eac05407a2cd02ac17412968089c0c
build	Build with Gradle	2026-06-06T12:24:39.3338272Z Task ':database:extractDeepLinksRelease' is not up-to-date because:
build	Build with Gradle	2026-06-06T12:24:39.3347252Z   No history is available.
build	Build with Gradle	2026-06-06T12:24:39.3368614Z Loaded cache entry for task ':database:extractDeepLinksRelease' with cache key 10eac05407a2cd02ac17412968089c0c
build	Build with Gradle	2026-06-06T12:24:39.3392194Z work action resolve navigation.json (project :database) (Thread[#162,Execution worker Thread 3,5,main]) started.
build	Build with Gradle	2026-06-06T12:24:39.3418508Z Resolve mutations for :database:processReleaseManifest (Thread[#162,Execution worker Thread 3,5,main]) started.
build	Build with Gradle	2026-06-06T12:24:39.3448428Z :database:processReleaseManifest (Thread[#162,Execution worker Thread 3,5,main]) started.
build	Build with Gradle	2026-06-06T12:24:39.3468515Z 
build	Build with Gradle	2026-06-06T12:24:39.3478229Z > Task :database:processReleaseManifest
build	Build with Gradle	2026-06-06T12:24:39.3508470Z Build cache key for task ':database:processReleaseManifest' is eb4e4aaa5403c1cd7d06a8fe6a5c5eb5
build	Build with Gradle	2026-06-06T12:24:39.3538255Z Task ':database:processReleaseManifest' is not up-to-date because:
build	Build with Gradle	2026-06-06T12:24:39.3568084Z   No history is available.
build	Build with Gradle	2026-06-06T12:24:39.3569625Z Merging main manifest /home/runner/work/ShizukuPlus/ShizukuPlus/database/build/intermediates/tmp/ProcessLibraryManifest/release/tempAndroidManifest4874901870429960622.xml
build	Build with Gradle	2026-06-06T12:24:39.3598029Z 
build	Build with Gradle	2026-06-06T12:24:39.3628105Z Merging result: SUCCESS
build	Build with Gradle	2026-06-06T12:24:39.3658251Z 1<?xml version="1.0" encoding="utf-8"?>
build	Build with Gradle	2026-06-06T12:24:39.3659262Z 2<manifest xmlns:android="http://schemas.android.com/apk/res/android"
build	Build with Gradle	2026-06-06T12:24:39.3688247Z 3    package="af.shizuku.manager.database" >
build	Build with Gradle	2026-06-06T12:24:39.3718194Z 4
build	Build with Gradle	2026-06-06T12:24:39.3748345Z 5    <uses-sdk android:minSdkVersion="24" />
build	Build with Gradle	2026-06-06T12:24:39.3749225Z 6
build	Build with Gradle	2026-06-06T12:24:39.3778145Z 7</manifest>
build	Build with Gradle	2026-06-06T12:24:39.3813126Z 
build	Build with Gradle	2026-06-06T12:24:39.3828986Z Merged manifest saved to /home/runner/work/ShizukuPlus/ShizukuPlus/database/build/intermediates/merged_manifest/release/processReleaseManifest/AndroidManifest.xml
build	Build with Gradle	2026-06-06T12:24:39.3848638Z Stored cache entry for task ':database:processReleaseManifest' with cache key eb4e4aaa5403c1cd7d06a8fe6a5c5eb5
build	Build with Gradle	2026-06-06T12:24:39.3868683Z work action resolve AndroidManifest.xml (project :database) (Thread[#162,Execution worker Thread 3,5,main]) started.
build	Build with Gradle	2026-06-06T12:24:39.3899019Z Resolve mutations for :provider:extractDeepLinksRelease (Thread[#162,Execution worker Thread 3,5,main]) started.
build	Build with Gradle	2026-06-06T12:24:39.3919308Z :provider:extractDeepLinksRelease (Thread[#162,Execution worker Thread 3,5,main]) started.
build	Build with Gradle	2026-06-06T12:24:39.3957825Z 
build	Build with Gradle	2026-06-06T12:24:39.3958552Z > Task :provider:extractDeepLinksRelease FROM-CACHE
build	Build with Gradle	2026-06-06T12:24:39.3988937Z Build cache key for task ':provider:extractDeepLinksRelease' is 10eac05407a2cd02ac17412968089c0c
build	Build with Gradle	2026-06-06T12:24:39.4018376Z Task ':provider:extractDeepLinksRelease' is not up-to-date because:
build	Build with Gradle	2026-06-06T12:24:39.4048151Z   No history is available.
build	Build with Gradle	2026-06-06T12:24:39.4049389Z Loaded cache entry for task ':provider:extractDeepLinksRelease' with cache key 10eac05407a2cd02ac17412968089c0c
build	Build with Gradle	2026-06-06T12:24:39.4078590Z work action resolve navigation.json (project :provider) (Thread[#162,Execution worker Thread 3,5,main]) started.
build	Build with Gradle	2026-06-06T12:24:39.4103449Z Resolve mutations for :provider:processReleaseManifest (Thread[#162,Execution worker Thread 3,5,main]) started.
build	Build with Gradle	2026-06-06T12:24:39.4128444Z :provider:processReleaseManifest (Thread[#162,Execution worker Thread 3,5,main]) started.
build	Build with Gradle	2026-06-06T12:24:39.4144517Z 
build	Build with Gradle	2026-06-06T12:24:39.4188263Z > Task :provider:processReleaseManifest
build	Build with Gradle	2026-06-06T12:24:39.4189436Z Build cache key for task ':provider:processReleaseManifest' is 40d04333b43d58ac01c66b77c63b6f6f
build	Build with Gradle	2026-06-06T12:24:39.4218471Z Task ':provider:processReleaseManifest' is not up-to-date because:
build	Build with Gradle	2026-06-06T12:24:39.4248336Z   No history is available.
build	Build with Gradle	2026-06-06T12:24:39.4278573Z Merging main manifest /home/runner/work/ShizukuPlus/ShizukuPlus/api/provider/src/main/AndroidManifest.xml
build	Build with Gradle	2026-06-06T12:24:39.4279588Z 
build	Build with Gradle	2026-06-06T12:24:39.4308216Z Merging result: SUCCESS
build	Build with Gradle	2026-06-06T12:24:39.4338329Z 1<?xml version="1.0" encoding="utf-8"?>
build	Build with Gradle	2026-06-06T12:24:39.4339231Z 2<manifest xmlns:android="http://schemas.android.com/apk/res/android"
build	Build with Gradle	2026-06-06T12:24:39.4368322Z 3    xmlns:tools="http://schemas.android.com/tools"
build	Build with Gradle	2026-06-06T12:24:39.4398274Z 4    package="rikka.shizuku.provider" >
build	Build with Gradle	2026-06-06T12:24:39.4418202Z 5
build	Build with Gradle	2026-06-06T12:24:39.4428714Z 6    <uses-sdk android:minSdkVersion="24" />
build	Build with Gradle	2026-06-06T12:24:39.4458197Z 7
build	Build with Gradle	2026-06-06T12:24:39.4488341Z 8    <uses-permission android:name="af.shizuku.plus.permission.API_V23" />
build	Build with Gradle	2026-06-06T12:24:39.4518608Z 8-->/home/runner/work/ShizukuPlus/ShizukuPlus/api/provider/src/main/AndroidManifest.xml:5:5-74
build	Build with Gradle	2026-06-06T12:24:39.4520007Z 8-->/home/runner/work/ShizukuPlus/ShizukuPlus/api/provider/src/main/AndroidManifest.xml:5:22-71
build	Build with Gradle	2026-06-06T12:24:39.4548155Z 9
build	Build with Gradle	2026-06-06T12:24:39.4578326Z 10    <application tools:ignore="AllowBackup,GoogleAppIndexingWarning" >
build	Build with Gradle	2026-06-06T12:24:39.4604071Z 10-->/home/runner/work/ShizukuPlus/ShizukuPlus/api/provider/src/main/AndroidManifest.xml:7:5-11:19
build	Build with Gradle	2026-06-06T12:24:39.4643574Z 10-->/home/runner/work/ShizukuPlus/ShizukuPlus/api/provider/src/main/AndroidManifest.xml:7:18-69
build	Build with Gradle	2026-06-06T12:24:39.4644553Z 11        <meta-data
build	Build with Gradle	2026-06-06T12:24:39.4668698Z 11-->/home/runner/work/ShizukuPlus/ShizukuPlus/api/provider/src/main/AndroidManifest.xml:8:9-10:36
build	Build with Gradle	2026-06-06T12:24:39.4698259Z 12            android:name="af.shizuku.client.V3_SUPPORT"
build	Build with Gradle	2026-06-06T12:24:39.4728568Z 12-->/home/runner/work/ShizukuPlus/ShizukuPlus/api/provider/src/main/AndroidManifest.xml:9:13-56
build	Build with Gradle	2026-06-06T12:24:39.4758068Z 13            android:value="true" />
build	Build with Gradle	2026-06-06T12:24:39.4759280Z 13-->/home/runner/work/ShizukuPlus/ShizukuPlus/api/provider/src/main/AndroidManifest.xml:10:13-33
build	Build with Gradle	2026-06-06T12:24:39.4788102Z 14    </application>
build	Build with Gradle	2026-06-06T12:24:39.4818090Z 15
build	Build with Gradle	2026-06-06T12:24:39.4848048Z 16</manifest>
build	Build with Gradle	2026-06-06T12:24:39.4848557Z 
build	Build with Gradle	2026-06-06T12:24:39.4878982Z Merged manifest saved to /home/runner/work/ShizukuPlus/ShizukuPlus/api/provider/build/intermediates/merged_manifest/release/processReleaseManifest/AndroidManifest.xml
build	Build with Gradle	2026-06-06T12:24:39.4908676Z Stored cache entry for task ':provider:processReleaseManifest' with cache key 40d04333b43d58ac01c66b77c63b6f6f
build	Build with Gradle	2026-06-06T12:24:39.4920656Z work action resolve AndroidManifest.xml (project :provider) (Thread[#162,Execution worker Thread 3,5,main]) started.
build	Build with Gradle	2026-06-06T12:24:39.4938565Z Resolve mutations for :rish:extractDeepLinksRelease (Thread[#162,Execution worker Thread 3,5,main]) started.
build	Build with Gradle	2026-06-06T12:24:39.4968348Z :rish:extractDeepLinksRelease (Thread[#162,Execution worker Thread 3,5,main]) started.
build	Build with Gradle	2026-06-06T12:24:39.4997811Z 
build	Build with Gradle	2026-06-06T12:24:39.5028182Z > Task :rish:extractDeepLinksRelease FROM-CACHE
build	Build with Gradle	2026-06-06T12:24:39.5029371Z Build cache key for task ':rish:extractDeepLinksRelease' is 10eac05407a2cd02ac17412968089c0c
build	Build with Gradle	2026-06-06T12:24:39.5058379Z Task ':rish:extractDeepLinksRelease' is not up-to-date because:
build	Build with Gradle	2026-06-06T12:24:39.5088267Z   No history is available.
build	Build with Gradle	2026-06-06T12:24:39.5118556Z Loaded cache entry for task ':rish:extractDeepLinksRelease' with cache key 10eac05407a2cd02ac17412968089c0c
build	Build with Gradle	2026-06-06T12:24:39.5120084Z work action resolve navigation.json (project :rish) (Thread[#162,Execution worker Thread 3,5,main]) started.
build	Build with Gradle	2026-06-06T12:24:39.5148540Z Resolve mutations for :rish:processReleaseManifest (Thread[#162,Execution worker Thread 3,5,main]) started.
build	Build with Gradle	2026-06-06T12:24:39.5178531Z :rish:processReleaseManifest (Thread[#162,Execution worker Thread 3,5,main]) started.
build	Build with Gradle	2026-06-06T12:24:39.5207718Z 
build	Build with Gradle	2026-06-06T12:24:39.5208406Z > Task :rish:processReleaseManifest
build	Build with Gradle	2026-06-06T12:24:39.5238492Z Build cache key for task ':rish:processReleaseManifest' is b579f0075fe16040cb1f308e77975d2e
build	Build with Gradle	2026-06-06T12:24:39.5268294Z Task ':rish:processReleaseManifest' is not up-to-date because:
build	Build with Gradle	2026-06-06T12:24:39.5298050Z   No history is available.
build	Build with Gradle	2026-06-06T12:24:39.5299229Z Merging main manifest /home/runner/work/ShizukuPlus/ShizukuPlus/api/rish/src/main/AndroidManifest.xml
build	Build with Gradle	2026-06-06T12:24:39.5327884Z 
build	Build with Gradle	2026-06-06T12:24:39.5358239Z Merging result: SUCCESS
build	Build with Gradle	2026-06-06T12:24:39.5371111Z 1<?xml version="1.0" encoding="utf-8"?>
build	Build with Gradle	2026-06-06T12:24:39.5388384Z 2<manifest xmlns:android="http://schemas.android.com/apk/res/android"
build	Build with Gradle	2026-06-06T12:24:39.5418186Z 3    package="rikka.rish" >
build	Build with Gradle	2026-06-06T12:24:39.5448022Z 4
build	Build with Gradle	2026-06-06T12:24:39.5448777Z 5    <uses-sdk android:minSdkVersion="24" />
build	Build with Gradle	2026-06-06T12:24:39.5478169Z 6
build	Build with Gradle	2026-06-06T12:24:39.5508304Z 7</manifest>
build	Build with Gradle	2026-06-06T12:24:39.5537784Z 
build	Build with Gradle	2026-06-06T12:24:39.5539092Z Merged manifest saved to /home/runner/work/ShizukuPlus/ShizukuPlus/api/rish/build/intermediates/merged_manifest/release/processReleaseManifest/AndroidManifest.xml
build	Build with Gradle	2026-06-06T12:24:39.5568566Z Stored cache entry for task ':rish:processReleaseManifest' with cache key b579f0075fe16040cb1f308e77975d2e
build	Build with Gradle	2026-06-06T12:24:39.5598652Z work action resolve AndroidManifest.xml (project :rish) (Thread[#162,Execution worker Thread 3,5,main]) started.
build	Build with Gradle	2026-06-06T12:24:39.5628659Z Resolve mutations for :server:extractDeepLinksRelease (Thread[#162,Execution worker Thread 3,5,main]) started.
build	Build with Gradle	2026-06-06T12:24:39.5630251Z :server:extractDeepLinksRelease (Thread[#162,Execution worker Thread 3,5,main]) started.
build	Build with Gradle	2026-06-06T12:24:39.5657917Z 
build	Build with Gradle	2026-06-06T12:24:39.5688461Z > Task :server:extractDeepLinksRelease FROM-CACHE
build	Build with Gradle	2026-06-06T12:24:39.5718814Z Build cache key for task ':server:extractDeepLinksRelease' is 10eac05407a2cd02ac17412968089c0c
build	Build with Gradle	2026-06-06T12:24:39.5720392Z Task ':server:extractDeepLinksRelease' is not up-to-date because:
build	Build with Gradle	2026-06-06T12:24:39.5748317Z   No history is available.
build	Build with Gradle	2026-06-06T12:24:39.5778665Z Loaded cache entry for task ':server:extractDeepLinksRelease' with cache key 10eac05407a2cd02ac17412968089c0c
build	Build with Gradle	2026-06-06T12:24:39.5808652Z work action resolve navigation.json (project :server) (Thread[#162,Execution worker Thread 3,5,main]) started.
build	Build with Gradle	2026-06-06T12:24:39.5810333Z Resolve mutations for :server:processReleaseManifest (Thread[#162,Execution worker Thread 3,5,main]) started.
build	Build with Gradle	2026-06-06T12:24:39.5838620Z :server:processReleaseManifest (Thread[#162,Execution worker Thread 3,5,main]) started.
build	Build with Gradle	2026-06-06T12:24:39.5867827Z 
build	Build with Gradle	2026-06-06T12:24:39.5892705Z > Task :server:processReleaseManifest
build	Build with Gradle	2026-06-06T12:24:39.5918602Z Build cache key for task ':server:processReleaseManifest' is 3afb6d4e2f3e149874b3a7713c2c0925
build	Build with Gradle	2026-06-06T12:24:39.5931597Z Task ':server:processReleaseManifest' is not up-to-date because:
build	Build with Gradle	2026-06-06T12:24:39.5948102Z   No history is available.
build	Build with Gradle	2026-06-06T12:24:39.5978498Z Merging main manifest /home/runner/work/ShizukuPlus/ShizukuPlus/server/src/main/AndroidManifest.xml
build	Build with Gradle	2026-06-06T12:24:39.6007755Z 
build	Build with Gradle	2026-06-06T12:24:39.6028224Z Merging result: SUCCESS
build	Build with Gradle	2026-06-06T12:24:39.6038408Z 1<?xml version="1.0" encoding="utf-8"?>
build	Build with Gradle	2026-06-06T12:24:39.6068455Z 2<manifest xmlns:android="http://schemas.android.com/apk/res/android"
build	Build with Gradle	2026-06-06T12:24:39.6081844Z 3    package="af.shizuku.server" >
build	Build with Gradle	2026-06-06T12:24:39.6152350Z 4
build	Build with Gradle	2026-06-06T12:24:39.6188406Z 5    <uses-sdk android:minSdkVersion="24" />
build	Build with Gradle	2026-06-06T12:24:39.6241233Z 6
build	Build with Gradle	2026-06-06T12:24:39.6268334Z 7</manifest>
build	Build with Gradle	2026-06-06T12:24:39.6317809Z 
build	Build with Gradle	2026-06-06T12:24:39.6349120Z Merged manifest saved to /home/runner/work/ShizukuPlus/ShizukuPlus/server/build/intermediates/merged_manifest/release/processReleaseManifest/AndroidManifest.xml
build	Build with Gradle	2026-06-06T12:24:39.6397633Z Stored cache entry for task ':server:processReleaseManifest' with cache key 3afb6d4e2f3e149874b3a7713c2c0925
build	Build with Gradle	2026-06-06T12:24:39.6438789Z work action resolve AndroidManifest.xml (project :server) (Thread[#162,Execution worker Thread 3,5,main]) started.
build	Build with Gradle	2026-06-06T12:24:39.6488848Z Resolve mutations for :server-shared:extractDeepLinksRelease (Thread[#162,Execution worker Thread 3,5,main]) started.
build	Build with Gradle	2026-06-06T12:24:39.6540574Z :server-shared:extractDeepLinksRelease (Thread[#162,Execution worker Thread 3,5,main]) started.
build	Build with Gradle	2026-06-06T12:24:39.6567909Z 
build	Build with Gradle	2026-06-06T12:24:39.6598406Z > Task :server-shared:extractDeepLinksRelease FROM-CACHE
build	Build with Gradle	2026-06-06T12:24:39.6621033Z Build cache key for task ':server-shared:extractDeepLinksRelease' is 10eac05407a2cd02ac17412968089c0c
build	Build with Gradle	2026-06-06T12:24:39.6678633Z Task ':server-shared:extractDeepLinksRelease' is not up-to-date because:
build	Build with Gradle	2026-06-06T12:24:39.6738414Z   No history is available.
build	Build with Gradle	2026-06-06T12:24:39.6768918Z Loaded cache entry for task ':server-shared:extractDeepLinksRelease' with cache key 10eac05407a2cd02ac17412968089c0c
build	Build with Gradle	2026-06-06T12:24:39.6792206Z work action resolve navigation.json (project :server-shared) (Thread[#162,Execution worker Thread 3,5,main]) started.
build	Build with Gradle	2026-06-06T12:24:39.6839983Z Resolve mutations for :server-shared:processReleaseManifest (Thread[#162,Execution worker Thread 3,5,main]) started.
build	Build with Gradle	2026-06-06T12:24:39.6891133Z :server-shared:processReleaseManifest (Thread[#162,Execution worker Thread 3,5,main]) started.
build	Build with Gradle	2026-06-06T12:24:39.6936738Z 
build	Build with Gradle	2026-06-06T12:24:39.7018361Z > Task :server-shared:processReleaseManifest
build	Build with Gradle	2026-06-06T12:24:39.7028597Z Build cache key for task ':server-shared:processReleaseManifest' is bb48507dcbb35b9d076d58142ac7ce11
build	Build with Gradle	2026-06-06T12:24:39.7029761Z Task ':server-shared:processReleaseManifest' is not up-to-date because:
build	Build with Gradle	2026-06-06T12:24:39.7030475Z   No history is available.
build	Build with Gradle	2026-06-06T12:24:39.7031435Z Merging main manifest /home/runner/work/ShizukuPlus/ShizukuPlus/api/server-shared/src/main/AndroidManifest.xml
build	Build with Gradle	2026-06-06T12:24:39.7032274Z 
build	Build with Gradle	2026-06-06T12:24:39.7032482Z Merging result: SUCCESS
build	Build with Gradle	2026-06-06T12:24:39.7032968Z 1<?xml version="1.0" encoding="utf-8"?>
build	Build with Gradle	2026-06-06T12:24:39.7033743Z 2<manifest xmlns:android="http://schemas.android.com/apk/res/android"
build	Build with Gradle	2026-06-06T12:24:39.7034523Z 3    package="rikka.shizuku.server" >
build	Build with Gradle	2026-06-06T12:24:39.7035082Z 4
build	Build with Gradle	2026-06-06T12:24:39.7035547Z 5    <uses-sdk android:minSdkVersion="24" />
build	Build with Gradle	2026-06-06T12:24:39.7036134Z 6
build	Build with Gradle	2026-06-06T12:24:39.7036513Z 7</manifest>
build	Build with Gradle	2026-06-06T12:24:39.7036755Z 
build	Build with Gradle	2026-06-06T12:24:39.7038025Z Merged manifest saved to /home/runner/work/ShizukuPlus/ShizukuPlus/api/server-shared/build/intermediates/merged_manifest/release/processReleaseManifest/AndroidManifest.xml
build	Build with Gradle	2026-06-06T12:24:39.7039871Z Stored cache entry for task ':server-shared:processReleaseManifest' with cache key bb48507dcbb35b9d076d58142ac7ce11
build	Build with Gradle	2026-06-06T12:24:39.7041358Z work action resolve AndroidManifest.xml (project :server-shared) (Thread[#162,Execution worker Thread 3,5,main]) started.
build	Build with Gradle	2026-06-06T12:24:39.7042830Z Resolve mutations for :shared:extractDeepLinksRelease (Thread[#162,Execution worker Thread 3,5,main]) started.
build	Build with Gradle	2026-06-06T12:24:39.7044013Z :shared:extractDeepLinksRelease (Thread[#162,Execution worker Thread 3,5,main]) started.
build	Build with Gradle	2026-06-06T12:24:39.7044624Z 
build	Build with Gradle	2026-06-06T12:24:39.7045175Z > Task :shared:extractDeepLinksRelease FROM-CACHE
build	Build with Gradle	2026-06-06T12:24:39.7046088Z Build cache key for task ':shared:extractDeepLinksRelease' is 10eac05407a2cd02ac17412968089c0c
build	Build with Gradle	2026-06-06T12:24:39.7047084Z Task ':shared:extractDeepLinksRelease' is not up-to-date because:
build	Build with Gradle	2026-06-06T12:24:39.7047954Z   No history is available.
build	Build with Gradle	2026-06-06T12:24:39.7048792Z Loaded cache entry for task ':shared:extractDeepLinksRelease' with cache key 10eac05407a2cd02ac17412968089c0c
build	Build with Gradle	2026-06-06T12:24:39.7050331Z work action resolve navigation.json (project :shared) (Thread[#162,Execution worker Thread 3,5,main]) started.
build	Build with Gradle	2026-06-06T12:24:39.7051702Z Resolve mutations for :shared:processReleaseManifest (Thread[#162,Execution worker Thread 3,5,main]) started.
build	Build with Gradle	2026-06-06T12:24:39.7052984Z :shared:processReleaseManifest (Thread[#162,Execution worker Thread 3,5,main]) started.
build	Build with Gradle	2026-06-06T12:24:39.7053685Z 
build	Build with Gradle	2026-06-06T12:24:39.7053928Z > Task :shared:processReleaseManifest
build	Build with Gradle	2026-06-06T12:24:39.7054811Z Build cache key for task ':shared:processReleaseManifest' is 25ee1fb51964245d3f8a12d8a4fb061e
build	Build with Gradle	2026-06-06T12:24:39.7055984Z Task ':shared:processReleaseManifest' is not up-to-date because:
build	Build with Gradle	2026-06-06T12:24:39.7056861Z   No history is available.
build	Build with Gradle	2026-06-06T12:24:39.7058770Z Merging main manifest /home/runner/work/ShizukuPlus/ShizukuPlus/api/shared/src/main/AndroidManifest.xml
build	Build with Gradle	2026-06-06T12:24:39.7117962Z 
build	Build with Gradle	2026-06-06T12:24:39.7197295Z Merging result: SUCCESS
build	Build with Gradle	2026-06-06T12:24:39.7285823Z 1<?xml version="1.0" encoding="utf-8"?>
build	Build with Gradle	2026-06-06T12:24:39.7368608Z 2<manifest xmlns:android="http://schemas.android.com/apk/res/android"
build	Build with Gradle	2026-06-06T12:24:39.7460725Z 3    package="rikka.shizuku.shared" >
build	Build with Gradle	2026-06-06T12:24:39.7506005Z 4
build	Build with Gradle	2026-06-06T12:24:39.7541033Z 5    <uses-sdk android:minSdkVersion="24" />
build	Build with Gradle	2026-06-06T12:24:39.7648768Z 6
build	Build with Gradle	2026-06-06T12:24:39.7711042Z 7</manifest>
build	Build with Gradle	2026-06-06T12:24:39.7750165Z 
build	Build with Gradle	2026-06-06T12:24:39.7859762Z Merged manifest saved to /home/runner/work/ShizukuPlus/ShizukuPlus/api/shared/build/intermediates/merged_manifest/release/processReleaseManifest/AndroidManifest.xml
build	Build with Gradle	2026-06-06T12:24:39.7978848Z Stored cache entry for task ':shared:processReleaseManifest' with cache key 25ee1fb51964245d3f8a12d8a4fb061e
build	Build with Gradle	2026-06-06T12:24:39.8008930Z work action resolve AndroidManifest.xml (project :shared) (Thread[#162,Execution worker Thread 3,5,main]) started.
build	Build with Gradle	2026-06-06T12:24:39.8103852Z Resolve mutations for :starter:extractDeepLinksRelease (Thread[#162,Execution worker Thread 3,5,main]) started.
build	Build with Gradle	2026-06-06T12:24:39.8210632Z :starter:extractDeepLinksRelease (Thread[#162,Execution worker Thread 3,5,main]) started.
build	Build with Gradle	2026-06-06T12:24:39.8312158Z 
build	Build with Gradle	2026-06-06T12:24:39.8378588Z > Task :starter:extractDeepLinksRelease FROM-CACHE
build	Build with Gradle	2026-06-06T12:24:39.8421067Z Build cache key for task ':starter:extractDeepLinksRelease' is 10eac05407a2cd02ac17412968089c0c
build	Build with Gradle	2026-06-06T12:24:39.8468672Z Task ':starter:extractDeepLinksRelease' is not up-to-date because:
build	Build with Gradle	2026-06-06T12:24:39.8544349Z   No history is available.
build	Build with Gradle	2026-06-06T12:24:39.8545633Z Loaded cache entry for task ':starter:extractDeepLinksRelease' with cache key 10eac05407a2cd02ac17412968089c0c
build	Build with Gradle	2026-06-06T12:24:39.8598749Z work action resolve navigation.json (project :starter) (Thread[#162,Execution worker Thread 3,5,main]) started.
build	Build with Gradle	2026-06-06T12:24:39.8603249Z Resolve mutations for :starter:processReleaseManifest (Thread[#162,Execution worker Thread 3,5,main]) started.
build	Build with Gradle	2026-06-06T12:24:39.8628354Z :starter:processReleaseManifest (Thread[#162,Execution worker Thread 3,5,main]) started.
build	Build with Gradle	2026-06-06T12:24:39.8660273Z 
build	Build with Gradle	2026-06-06T12:24:39.8661008Z > Task :starter:processReleaseManifest
build	Build with Gradle	2026-06-06T12:24:39.8662157Z Build cache key for task ':starter:processReleaseManifest' is 5a694c2a9088ac923f7d98ea7c797301
build	Build with Gradle	2026-06-06T12:24:39.8663450Z Task ':starter:processReleaseManifest' is not up-to-date because:
build	Build with Gradle	2026-06-06T12:24:39.8664286Z   No history is available.
build	Build with Gradle	2026-06-06T12:24:39.8665248Z Merging main manifest /home/runner/work/ShizukuPlus/ShizukuPlus/starter/src/main/AndroidManifest.xml
build	Build with Gradle	2026-06-06T12:24:39.8666073Z 
build	Build with Gradle	2026-06-06T12:24:39.8666789Z Merging result: SUCCESS
build	Build with Gradle	2026-06-06T12:24:39.8667657Z 1<?xml version="1.0" encoding="utf-8"?>
build	Build with Gradle	2026-06-06T12:24:39.8668460Z 2<manifest xmlns:android="http://schemas.android.com/apk/res/android"
build	Build with Gradle	2026-06-06T12:24:39.8669257Z 3    package="rikka.shizuku.starter" >
build	Build with Gradle	2026-06-06T12:24:39.8669835Z 4
build	Build with Gradle	2026-06-06T12:24:39.8670355Z 5    <uses-sdk android:minSdkVersion="24" />
build	Build with Gradle	2026-06-06T12:24:39.8670994Z 6
build	Build with Gradle	2026-06-06T12:24:39.8671735Z 7</manifest>
build	Build with Gradle	2026-06-06T12:24:39.8672102Z 
build	Build with Gradle	2026-06-06T12:24:39.8673079Z Merged manifest saved to /home/runner/work/ShizukuPlus/ShizukuPlus/starter/build/intermediates/merged_manifest/release/processReleaseManifest/AndroidManifest.xml
build	Build with Gradle	2026-06-06T12:24:39.8674598Z Stored cache entry for task ':starter:processReleaseManifest' with cache key 5a694c2a9088ac923f7d98ea7c797301
build	Build with Gradle	2026-06-06T12:24:39.8675940Z work action resolve AndroidManifest.xml (project :starter) (Thread[#162,Execution worker Thread 3,5,main]) started.
build	Build with Gradle	2026-06-06T12:24:39.8677258Z Resolve mutations for :core:ui:extractDeepLinksRelease (Thread[#162,Execution worker Thread 3,5,main]) started.
build	Build with Gradle	2026-06-06T12:24:39.8678816Z :core:ui:extractDeepLinksRelease (Thread[#162,Execution worker Thread 3,5,main]) started.
build	Build with Gradle	2026-06-06T12:24:39.8683979Z 
build	Build with Gradle	2026-06-06T12:24:39.8684641Z > Task :core:ui:extractDeepLinksRelease FROM-CACHE
build	Build with Gradle	2026-06-06T12:24:39.8685755Z Build cache key for task ':core:ui:extractDeepLinksRelease' is 10eac05407a2cd02ac17412968089c0c
build	Build with Gradle	2026-06-06T12:24:39.8686855Z Task ':core:ui:extractDeepLinksRelease' is not up-to-date because:
build	Build with Gradle	2026-06-06T12:24:39.8687762Z   No history is available.
build	Build with Gradle	2026-06-06T12:24:39.8688687Z Loaded cache entry for task ':core:ui:extractDeepLinksRelease' with cache key 10eac05407a2cd02ac17412968089c0c
build	Build with Gradle	2026-06-06T12:24:39.8689998Z work action resolve navigation.json (project :core:ui) (Thread[#162,Execution worker Thread 3,5,main]) started.
build	Build with Gradle	2026-06-06T12:24:39.8691577Z Resolve mutations for :core:ui:processReleaseManifest (Thread[#162,Execution worker Thread 3,5,main]) started.
build	Build with Gradle	2026-06-06T12:24:39.8692981Z :core:ui:processReleaseManifest (Thread[#162,Execution worker Thread 3,5,main]) started.
build	Build with Gradle	2026-06-06T12:24:39.8693768Z 
build	Build with Gradle	2026-06-06T12:24:39.8694079Z > Task :core:ui:processReleaseManifest
build	Build with Gradle	2026-06-06T12:24:39.8694918Z Build cache key for task ':core:ui:processReleaseManifest' is 2e3d911a9ac9e108423a0042fb5e657e
build	Build with Gradle	2026-06-06T12:24:39.8695934Z Task ':core:ui:processReleaseManifest' is not up-to-date because:
build	Build with Gradle	2026-06-06T12:24:39.8696733Z   No history is available.
build	Build with Gradle	2026-06-06T12:24:39.8705676Z Merging main manifest /home/runner/work/ShizukuPlus/ShizukuPlus/core/ui/build/intermediates/tmp/ProcessLibraryManifest/release/tempAndroidManifest14034412926369280827.xml
build	Build with Gradle	2026-06-06T12:24:39.8707503Z 
build	Build with Gradle	2026-06-06T12:24:39.8707899Z Merging result: SUCCESS
build	Build with Gradle	2026-06-06T12:24:39.8708498Z 1<?xml version="1.0" encoding="utf-8"?>
build	Build with Gradle	2026-06-06T12:24:39.8709425Z 2<manifest xmlns:android="http://schemas.android.com/apk/res/android"
build	Build with Gradle	2026-06-06T12:24:39.8710323Z 3    package="af.shizuku.core.ui" >
build	Build with Gradle	2026-06-06T12:24:39.8710925Z 4
build	Build with Gradle	2026-06-06T12:24:39.8711450Z 5    <uses-sdk android:minSdkVersion="24" />
build	Build with Gradle	2026-06-06T12:24:39.8712139Z 6
build	Build with Gradle	2026-06-06T12:24:39.8712573Z 7</manifest>
build	Build with Gradle	2026-06-06T12:24:39.8712886Z 
build	Build with Gradle	2026-06-06T12:24:39.8713886Z Merged manifest saved to /home/runner/work/ShizukuPlus/ShizukuPlus/core/ui/build/intermediates/merged_manifest/release/processReleaseManifest/AndroidManifest.xml
build	Build with Gradle	2026-06-06T12:24:39.8715517Z Stored cache entry for task ':core:ui:processReleaseManifest' with cache key 2e3d911a9ac9e108423a0042fb5e657e
build	Build with Gradle	2026-06-06T12:24:39.8716877Z work action resolve AndroidManifest.xml (project :core:ui) (Thread[#162,Execution worker Thread 3,5,main]) started.
build	Build with Gradle	2026-06-06T12:24:39.8789673Z Resolve mutations for :core:ui:bundleLibCompileToJarRelease (Thread[#162,Execution worker Thread 3,5,main]) started.
build	Build with Gradle	2026-06-06T12:24:39.8791293Z :core:ui:bundleLibCompileToJarRelease (Thread[#162,Execution worker Thread 3,5,main]) started.
build	Build with Gradle	2026-06-06T12:24:39.8807904Z 
build	Build with Gradle	2026-06-06T12:24:39.8874671Z > Task :core:ui:bundleLibCompileToJarRelease
build	Build with Gradle	2026-06-06T12:24:39.8896686Z Caching disabled for task ':core:ui:bundleLibCompileToJarRelease' because:
build	Build with Gradle	2026-06-06T12:24:39.8928242Z   Simple merging task
build	Build with Gradle	2026-06-06T12:24:39.8950013Z Task ':core:ui:bundleLibCompileToJarRelease' is not up-to-date because:
build	Build with Gradle	2026-06-06T12:24:39.8978143Z   No history is available.
build	Build with Gradle	2026-06-06T12:24:39.9029080Z work action resolve classes.jar (project :core:ui) (Thread[#162,Execution worker Thread 3,5,main]) started.
build	Build with Gradle	2026-06-06T12:24:39.9043599Z Resolve mutations for :aidl:processReleaseJavaRes (Thread[#162,Execution worker Thread 3,5,main]) started.
build	Build with Gradle	2026-06-06T12:24:39.9048286Z :aidl:processReleaseJavaRes (Thread[#162,Execution worker Thread 3,5,main]) started.
build	Build with Gradle	2026-06-06T12:24:39.9077765Z 
build	Build with Gradle	2026-06-06T12:24:39.9108248Z > Task :aidl:processReleaseJavaRes NO-SOURCE
build	Build with Gradle	2026-06-06T12:24:39.9128458Z file or directory '/home/runner/work/ShizukuPlus/ShizukuPlus/api/aidl/src/main/resources', not found
build	Build with Gradle	2026-06-06T12:24:39.9146761Z file or directory '/home/runner/work/ShizukuPlus/ShizukuPlus/api/aidl/src/release/resources', not found
build	Build with Gradle	2026-06-06T12:24:39.9160358Z Skipping task ':aidl:processReleaseJavaRes' as it has no source files and no previous output files.
build	Build with Gradle	2026-06-06T12:24:39.9161589Z work action resolve out (project :aidl) (Thread[#162,Execution worker Thread 3,5,main]) started.
build	Build with Gradle	2026-06-06T12:24:39.9162756Z Resolve mutations for :api:processReleaseJavaRes (Thread[#162,Execution worker Thread 3,5,main]) started.
build	Build with Gradle	2026-06-06T12:24:39.9164013Z :api:processReleaseJavaRes (Thread[#162,Execution worker Thread 3,5,main]) started.
build	Build with Gradle	2026-06-06T12:24:39.9164646Z 
build	Build with Gradle	2026-06-06T12:24:39.9164947Z > Task :api:processReleaseJavaRes NO-SOURCE
build	Build with Gradle	2026-06-06T12:24:39.9165841Z file or directory '/home/runner/work/ShizukuPlus/ShizukuPlus/api/api/src/main/resources', not found
build	Build with Gradle	2026-06-06T12:24:39.9167038Z file or directory '/home/runner/work/ShizukuPlus/ShizukuPlus/api/api/src/release/resources', not found
build	Build with Gradle	2026-06-06T12:24:39.9168398Z Skipping task ':api:processReleaseJavaRes' as it has no source files and no previous output files.
build	Build with Gradle	2026-06-06T12:24:39.9169583Z work action resolve out (project :api) (Thread[#162,Execution worker Thread 3,5,main]) started.
build	Build with Gradle	2026-06-06T12:24:39.9170795Z Resolve mutations for :common:processReleaseJavaRes (Thread[#162,Execution worker Thread 3,5,main]) started.
build	Build with Gradle	2026-06-06T12:24:39.9172038Z :common:processReleaseJavaRes (Thread[#162,Execution worker Thread 3,5,main]) started.
build	Build with Gradle	2026-06-06T12:24:39.9172702Z 
build	Build with Gradle	2026-06-06T12:24:39.9173073Z > Task :common:processReleaseJavaRes NO-SOURCE
build	Build with Gradle	2026-06-06T12:24:39.9174070Z file or directory '/home/runner/work/ShizukuPlus/ShizukuPlus/common/src/main/resources', not found
build	Build with Gradle	2026-06-06T12:24:39.9175324Z file or directory '/home/runner/work/ShizukuPlus/ShizukuPlus/common/src/release/resources', not found
build	Build with Gradle	2026-06-06T12:24:39.9176682Z Skipping task ':common:processReleaseJavaRes' as it has no source files and no previous output files.
build	Build with Gradle	2026-06-06T12:24:39.9178131Z work action resolve out (project :common) (Thread[#162,Execution worker Thread 3,5,main]) started.
build	Build with Gradle	2026-06-06T12:24:39.9179449Z Resolve mutations for :provider:processReleaseJavaRes (Thread[#162,Execution worker Thread 3,5,main]) started.
build	Build with Gradle	2026-06-06T12:24:39.9180733Z :provider:processReleaseJavaRes (Thread[#162,Execution worker Thread 3,5,main]) started.
build	Build with Gradle	2026-06-06T12:24:39.9181461Z 
build	Build with Gradle	2026-06-06T12:24:39.9181801Z > Task :provider:processReleaseJavaRes NO-SOURCE
build	Build with Gradle	2026-06-06T12:24:39.9182815Z file or directory '/home/runner/work/ShizukuPlus/ShizukuPlus/api/provider/src/main/resources', not found
build	Build with Gradle	2026-06-06T12:24:39.9184192Z file or directory '/home/runner/work/ShizukuPlus/ShizukuPlus/api/provider/src/release/resources', not found
build	Build with Gradle	2026-06-06T12:24:39.9185574Z Skipping task ':provider:processReleaseJavaRes' as it has no source files and no previous output files.
build	Build with Gradle	2026-06-06T12:24:39.9186944Z work action resolve out (project :provider) (Thread[#162,Execution worker Thread 3,5,main]) started.
build	Build with Gradle	2026-06-06T12:24:39.9218513Z Resolve mutations for :rish:processReleaseJavaRes (Thread[#162,Execution worker Thread 3,5,main]) started.
build	Build with Gradle	2026-06-06T12:24:39.9244972Z :rish:processReleaseJavaRes (Thread[#162,Execution worker Thread 3,5,main]) started.
build	Build with Gradle	2026-06-06T12:24:39.9267782Z 
build	Build with Gradle	2026-06-06T12:24:39.9298242Z > Task :rish:processReleaseJavaRes NO-SOURCE
build	Build with Gradle	2026-06-06T12:24:39.9299339Z file or directory '/home/runner/work/ShizukuPlus/ShizukuPlus/api/rish/src/main/resources', not found
build	Build with Gradle	2026-06-06T12:24:39.9328625Z file or directory '/home/runner/work/ShizukuPlus/ShizukuPlus/api/rish/src/release/resources', not found
build	Build with Gradle	2026-06-06T12:24:39.9349265Z Skipping task ':rish:processReleaseJavaRes' as it has no source files and no previous output files.
build	Build with Gradle	2026-06-06T12:24:39.9388506Z work action resolve out (project :rish) (Thread[#162,Execution worker Thread 3,5,main]) started.
build	Build with Gradle	2026-06-06T12:24:39.9389934Z Resolve mutations for :server-shared:processReleaseJavaRes (Thread[#162,Execution worker Thread 3,5,main]) started.
build	Build with Gradle	2026-06-06T12:24:39.9418484Z :server-shared:processReleaseJavaRes (Thread[#162,Execution worker Thread 3,5,main]) started.
build	Build with Gradle	2026-06-06T12:24:39.9447636Z 
build	Build with Gradle	2026-06-06T12:24:39.9478558Z > Task :server-shared:processReleaseJavaRes NO-SOURCE
build	Build with Gradle	2026-06-06T12:24:39.9480096Z file or directory '/home/runner/work/ShizukuPlus/ShizukuPlus/api/server-shared/src/main/resources', not found
build	Build with Gradle	2026-06-06T12:24:39.9508777Z file or directory '/home/runner/work/ShizukuPlus/ShizukuPlus/api/server-shared/src/release/resources', not found
build	Build with Gradle	2026-06-06T12:24:39.9538788Z Skipping task ':server-shared:processReleaseJavaRes' as it has no source files and no previous output files.
build	Build with Gradle	2026-06-06T12:24:39.9568888Z work action resolve out (project :server-shared) (Thread[#162,Execution worker Thread 3,5,main]) started.
build	Build with Gradle	2026-06-06T12:24:39.9598528Z Resolve mutations for :shared:processReleaseJavaRes (Thread[#162,Execution worker Thread 3,5,main]) started.
build	Build with Gradle	2026-06-06T12:24:39.9599813Z :shared:processReleaseJavaRes (Thread[#162,Execution worker Thread 3,5,main]) started.
build	Build with Gradle	2026-06-06T12:24:39.9627835Z 
build	Build with Gradle	2026-06-06T12:24:39.9658393Z > Task :shared:processReleaseJavaRes NO-SOURCE
build	Build with Gradle	2026-06-06T12:24:39.9673191Z file or directory '/home/runner/work/ShizukuPlus/ShizukuPlus/api/shared/src/main/resources', not found
build	Build with Gradle	2026-06-06T12:24:39.9708657Z file or directory '/home/runner/work/ShizukuPlus/ShizukuPlus/api/shared/src/release/resources', not found
build	Build with Gradle	2026-06-06T12:24:39.9718522Z Skipping task ':shared:processReleaseJavaRes' as it has no source files and no previous output files.
build	Build with Gradle	2026-06-06T12:24:39.9761719Z work action resolve out (project :shared) (Thread[#162,Execution worker Thread 3,5,main]) started.
build	Build with Gradle	2026-06-06T12:24:39.9788739Z Resolve mutations for :starter:processReleaseJavaRes (Thread[#162,Execution worker Thread 3,5,main]) started.
build	Build with Gradle	2026-06-06T12:24:39.9818528Z :starter:processReleaseJavaRes (Thread[#162,Execution worker Thread 3,5,main]) started.
build	Build with Gradle	2026-06-06T12:24:39.9819365Z 
build	Build with Gradle	2026-06-06T12:24:39.9848260Z > Task :starter:processReleaseJavaRes
build	Build with Gradle	2026-06-06T12:24:39.9878548Z file or directory '/home/runner/work/ShizukuPlus/ShizukuPlus/starter/src/main/resources', not found
build	Build with Gradle	2026-06-06T12:24:39.9908646Z file or directory '/home/runner/work/ShizukuPlus/ShizukuPlus/starter/src/release/resources', not found
build	Build with Gradle	2026-06-06T12:24:39.9910008Z file or directory '/home/runner/work/ShizukuPlus/ShizukuPlus/starter/src/main/resources', not found
build	Build with Gradle	2026-06-06T12:24:39.9938622Z file or directory '/home/runner/work/ShizukuPlus/ShizukuPlus/starter/src/release/resources', not found
build	Build with Gradle	2026-06-06T12:24:39.9965998Z Caching disabled for task ':starter:processReleaseJavaRes' because:
build	Build with Gradle	2026-06-06T12:24:39.9998312Z   Caching has been disabled for the task
build	Build with Gradle	2026-06-06T12:24:39.9999197Z Task ':starter:processReleaseJavaRes' is not up-to-date because:
build	Build with Gradle	2026-06-06T12:24:40.0028269Z   No history is available.
build	Build with Gradle	2026-06-06T12:24:40.0055571Z file or directory '/home/runner/work/ShizukuPlus/ShizukuPlus/starter/src/main/resources', not found
build	Build with Gradle	2026-06-06T12:24:40.0088740Z file or directory '/home/runner/work/ShizukuPlus/ShizukuPlus/starter/src/release/resources', not found
build	Build with Gradle	2026-06-06T12:24:40.0090434Z file or directory '/home/runner/work/ShizukuPlus/ShizukuPlus/starter/src/main/resources', not found
build	Build with Gradle	2026-06-06T12:24:40.0118851Z file or directory '/home/runner/work/ShizukuPlus/ShizukuPlus/starter/src/release/resources', not found
build	Build with Gradle	2026-06-06T12:24:40.0148501Z work action resolve out (project :starter) (Thread[#162,Execution worker Thread 3,5,main]) started.
build	Build with Gradle	2026-06-06T12:24:40.0169637Z Resolve mutations for :core:ui:processReleaseJavaRes (Thread[#162,Execution worker Thread 3,5,main]) started.
build	Build with Gradle	2026-06-06T12:24:40.0188330Z :core:ui:processReleaseJavaRes (Thread[#162,Execution worker Thread 3,5,main]) started.
build	Build with Gradle	2026-06-06T12:24:40.0188934Z 
build	Build with Gradle	2026-06-06T12:24:40.0246367Z > Task :core:ui:processReleaseJavaRes
build	Build with Gradle	2026-06-06T12:24:40.0358536Z file or directory '/home/runner/work/ShizukuPlus/ShizukuPlus/core/ui/src/main/resources', not found
build	Build with Gradle	2026-06-06T12:24:40.0359697Z file or directory '/home/runner/work/ShizukuPlus/ShizukuPlus/core/ui/src/release/resources', not found
build	Build with Gradle	2026-06-06T12:24:40.0360694Z file or directory '/home/runner/work/ShizukuPlus/ShizukuPlus/core/ui/src/main/resources', not found
build	Build with Gradle	2026-06-06T12:24:40.0361883Z file or directory '/home/runner/work/ShizukuPlus/ShizukuPlus/core/ui/src/release/resources', not found
build	Build with Gradle	2026-06-06T12:24:40.0408595Z Caching disabled for task ':core:ui:processReleaseJavaRes' because:
build	Build with Gradle	2026-06-06T12:24:40.0419827Z   Caching has been disabled for the task
build	Build with Gradle	2026-06-06T12:24:40.0463005Z Task ':core:ui:processReleaseJavaRes' is not up-to-date because:
build	Build with Gradle	2026-06-06T12:24:40.0488413Z   No history is available.
build	Build with Gradle	2026-06-06T12:24:40.0489674Z file or directory '/home/runner/work/ShizukuPlus/ShizukuPlus/core/ui/src/main/resources', not found
build	Build with Gradle	2026-06-06T12:24:40.0491071Z file or directory '/home/runner/work/ShizukuPlus/ShizukuPlus/core/ui/src/release/resources', not found
build	Build with Gradle	2026-06-06T12:24:40.0492354Z file or directory '/home/runner/work/ShizukuPlus/ShizukuPlus/core/ui/src/main/resources', not found
build	Build with Gradle	2026-06-06T12:24:40.0493663Z file or directory '/home/runner/work/ShizukuPlus/ShizukuPlus/core/ui/src/release/resources', not found
build	Build with Gradle	2026-06-06T12:24:40.0495046Z work action resolve out (project :core:ui) (Thread[#162,Execution worker Thread 3,5,main]) started.
build	Build with Gradle	2026-06-06T12:24:40.0496268Z Resolve mutations for :aidl:mergeReleaseShaders (Thread[#162,Execution worker Thread 3,5,main]) started.
build	Build with Gradle	2026-06-06T12:24:40.0497544Z :aidl:mergeReleaseShaders (Thread[#162,Execution worker Thread 3,5,main]) started.
build	Build with Gradle	2026-06-06T12:24:40.0498194Z 
build	Build with Gradle	2026-06-06T12:24:40.0498470Z > Task :aidl:mergeReleaseShaders
build	Build with Gradle	2026-06-06T12:24:40.0499142Z Caching disabled for task ':aidl:mergeReleaseShaders' because:
build	Build with Gradle	2026-06-06T12:24:40.0499829Z   Simple merging task
build	Build with Gradle	2026-06-06T12:24:40.0500435Z Task ':aidl:mergeReleaseShaders' is not up-to-date because:
build	Build with Gradle	2026-06-06T12:24:40.0501144Z   No history is available.
build	Build with Gradle	2026-06-06T12:24:40.0501841Z The input changes require a full rebuild for incremental task ':aidl:mergeReleaseShaders'.
build	Build with Gradle	2026-06-06T12:24:40.0503047Z Resolve mutations for :aidl:compileReleaseShaders (Thread[#162,Execution worker Thread 3,5,main]) started.
build	Build with Gradle	2026-06-06T12:24:40.0504106Z :aidl:compileReleaseShaders (Thread[#162,Execution worker Thread 3,5,main]) started.
build	Build with Gradle	2026-06-06T12:24:40.0504843Z 
build	Build with Gradle	2026-06-06T12:24:40.0505149Z > Task :aidl:compileReleaseShaders NO-SOURCE
build	Build with Gradle	2026-06-06T12:24:40.0506103Z Skipping task ':aidl:compileReleaseShaders' as it has no source files and no previous output files.
build	Build with Gradle	2026-06-06T12:24:40.0507546Z Resolve mutations for :aidl:generateReleaseAssets (Thread[#162,Execution worker Thread 3,5,main]) started.
build	Build with Gradle	2026-06-06T12:24:40.0508841Z :aidl:generateReleaseAssets (Thread[#162,Execution worker Thread 3,5,main]) started.
build	Build with Gradle	2026-06-06T12:24:40.0509557Z 
build	Build with Gradle	2026-06-06T12:24:40.0509864Z > Task :aidl:generateReleaseAssets UP-TO-DATE
build	Build with Gradle	2026-06-06T12:24:40.0510635Z Skipping task ':aidl:generateReleaseAssets' as it has no actions.
build	Build with Gradle	2026-06-06T12:24:40.0511715Z Resolve mutations for :aidl:mergeReleaseAssets (Thread[#162,Execution worker Thread 3,5,main]) started.
build	Build with Gradle	2026-06-06T12:24:40.0512889Z :aidl:mergeReleaseAssets (Thread[#162,Execution worker Thread 3,5,main]) started.
build	Build with Gradle	2026-06-06T12:24:40.0513757Z 
build	Build with Gradle	2026-06-06T12:24:40.0514026Z > Task :aidl:mergeReleaseAssets
build	Build with Gradle	2026-06-06T12:24:40.0514675Z Caching disabled for task ':aidl:mergeReleaseAssets' because:
build	Build with Gradle	2026-06-06T12:24:40.0515361Z   Simple merging task
build	Build with Gradle	2026-06-06T12:24:40.0516004Z Task ':aidl:mergeReleaseAssets' is not up-to-date because:
build	Build with Gradle	2026-06-06T12:24:40.0516710Z   No history is available.
build	Build with Gradle	2026-06-06T12:24:40.0517650Z The input changes require a full rebuild for incremental task ':aidl:mergeReleaseAssets'.
build	Build with Gradle	2026-06-06T12:24:40.0608997Z work action resolve mergeReleaseAssets (project :aidl) (Thread[#162,Execution worker Thread 3,5,main]) started.
build	Build with Gradle	2026-06-06T12:24:40.0664963Z Resolve mutations for :api:mergeReleaseShaders (Thread[#162,Execution worker Thread 3,5,main]) started.
build	Build with Gradle	2026-06-06T12:24:40.0688568Z :api:mergeReleaseShaders (Thread[#162,Execution worker Thread 3,5,main]) started.
build	Build with Gradle	2026-06-06T12:24:40.0717804Z 
build	Build with Gradle	2026-06-06T12:24:40.0758484Z > Task :api:mergeReleaseShaders
build	Build with Gradle	2026-06-06T12:24:40.0808538Z Caching disabled for task ':api:mergeReleaseShaders' because:
build	Build with Gradle	2026-06-06T12:24:40.0832854Z   Simple merging task
build	Build with Gradle	2026-06-06T12:24:40.0858515Z Task ':api:mergeReleaseShaders' is not up-to-date because:
build	Build with Gradle	2026-06-06T12:24:40.0938518Z   No history is available.
build	Build with Gradle	2026-06-06T12:24:40.0978625Z The input changes require a full rebuild for incremental task ':api:mergeReleaseShaders'.
build	Build with Gradle	2026-06-06T12:24:40.1008812Z Resolve mutations for :api:compileReleaseShaders (Thread[#162,Execution worker Thread 3,5,main]) started.
build	Build with Gradle	2026-06-06T12:24:40.1058691Z :api:compileReleaseShaders (Thread[#162,Execution worker Thread 3,5,main]) started.
build	Build with Gradle	2026-06-06T12:24:40.1097977Z 
build	Build with Gradle	2026-06-06T12:24:40.1123698Z > Task :api:compileReleaseShaders NO-SOURCE
build	Build with Gradle	2026-06-06T12:24:40.1125295Z Skipping task ':api:compileReleaseShaders' as it has no source files and no previous output files.
build	Build with Gradle	2026-06-06T12:24:40.1126905Z Resolve mutations for :api:generateReleaseAssets (Thread[#162,Execution worker Thread 3,5,main]) started.
build	Build with Gradle	2026-06-06T12:24:40.1128472Z :api:generateReleaseAssets (Thread[#162,Execution worker Thread 3,5,main]) started.
build	Build with Gradle	2026-06-06T12:24:40.1129201Z 
build	Build with Gradle	2026-06-06T12:24:40.1129638Z > Task :api:generateReleaseAssets UP-TO-DATE
build	Build with Gradle	2026-06-06T12:24:40.1130460Z Skipping task ':api:generateReleaseAssets' as it has no actions.
build	Build with Gradle	2026-06-06T12:24:40.1131670Z Resolve mutations for :api:mergeReleaseAssets (Thread[#162,Execution worker Thread 3,5,main]) started.
build	Build with Gradle	2026-06-06T12:24:40.1132875Z :api:mergeReleaseAssets (Thread[#162,Execution worker Thread 3,5,main]) started.
build	Build with Gradle	2026-06-06T12:24:40.1133524Z 
build	Build with Gradle	2026-06-06T12:24:40.1133745Z > Task :api:mergeReleaseAssets
build	Build with Gradle	2026-06-06T12:24:40.1134319Z Caching disabled for task ':api:mergeReleaseAssets' because:
build	Build with Gradle	2026-06-06T12:24:40.1135091Z   Simple merging task
build	Build with Gradle	2026-06-06T12:24:40.1135726Z Task ':api:mergeReleaseAssets' is not up-to-date because:
build	Build with Gradle	2026-06-06T12:24:40.1136493Z   No history is available.
build	Build with Gradle	2026-06-06T12:24:40.1137323Z The input changes require a full rebuild for incremental task ':api:mergeReleaseAssets'.
build	Build with Gradle	2026-06-06T12:24:40.1138790Z work action resolve mergeReleaseAssets (project :api) (Thread[#162,Execution worker Thread 3,5,main]) started.
build	Build with Gradle	2026-06-06T12:24:40.1140208Z Resolve mutations for :common:mergeReleaseShaders (Thread[#162,Execution worker Thread 3,5,main]) started.
build	Build with Gradle	2026-06-06T12:24:40.1141555Z :common:mergeReleaseShaders (Thread[#162,Execution worker Thread 3,5,main]) started.
build	Build with Gradle	2026-06-06T12:24:40.1142207Z 
build	Build with Gradle	2026-06-06T12:24:40.1142499Z > Task :common:mergeReleaseShaders
build	Build with Gradle	2026-06-06T12:24:40.1143221Z Caching disabled for task ':common:mergeReleaseShaders' because:
build	Build with Gradle	2026-06-06T12:24:40.1248382Z   Simple merging task
build	Build with Gradle	2026-06-06T12:24:40.1301949Z Task ':common:mergeReleaseShaders' is not up-to-date because:
build	Build with Gradle	2026-06-06T12:24:40.1339127Z   No history is available.
build	Build with Gradle	2026-06-06T12:24:40.1389486Z The input changes require a full rebuild for incremental task ':common:mergeReleaseShaders'.
build	Build with Gradle	2026-06-06T12:24:40.1438931Z Resolve mutations for :common:compileReleaseShaders (Thread[#162,Execution worker Thread 3,5,main]) started.
build	Build with Gradle	2026-06-06T12:24:40.1468666Z :common:compileReleaseShaders (Thread[#162,Execution worker Thread 3,5,main]) started.
build	Build with Gradle	2026-06-06T12:24:40.1527861Z 
build	Build with Gradle	2026-06-06T12:24:40.1528542Z > Task :common:compileReleaseShaders NO-SOURCE
build	Build with Gradle	2026-06-06T12:24:40.1529618Z Skipping task ':common:compileReleaseShaders' as it has no source files and no previous output files.
build	Build with Gradle	2026-06-06T12:24:40.1531010Z Resolve mutations for :common:generateReleaseAssets (Thread[#162,Execution worker Thread 3,5,main]) started.
build	Build with Gradle	2026-06-06T12:24:40.1532692Z :common:generateReleaseAssets (Thread[#162,Execution worker Thread 3,5,main]) started.
build	Build with Gradle	2026-06-06T12:24:40.1533362Z 
build	Build with Gradle	2026-06-06T12:24:40.1533639Z > Task :common:generateReleaseAssets UP-TO-DATE
build	Build with Gradle	2026-06-06T12:24:40.1534467Z Skipping task ':common:generateReleaseAssets' as it has no actions.
build	Build with Gradle	2026-06-06T12:24:40.1535589Z Resolve mutations for :common:mergeReleaseAssets (Thread[#162,Execution worker Thread 3,5,main]) started.
build	Build with Gradle	2026-06-06T12:24:40.1536788Z :common:mergeReleaseAssets (Thread[#162,Execution worker Thread 3,5,main]) started.
build	Build with Gradle	2026-06-06T12:24:40.1537724Z 
build	Build with Gradle	2026-06-06T12:24:40.1537927Z > Task :common:mergeReleaseAssets
build	Build with Gradle	2026-06-06T12:24:40.1538760Z Caching disabled for task ':common:mergeReleaseAssets' because:
build	Build with Gradle	2026-06-06T12:24:40.1539455Z   Simple merging task
build	Build with Gradle	2026-06-06T12:24:40.1540024Z Task ':common:mergeReleaseAssets' is not up-to-date because:
build	Build with Gradle	2026-06-06T12:24:40.1540963Z   No history is available.
build	Build with Gradle	2026-06-06T12:24:40.1541684Z The input changes require a full rebuild for incremental task ':common:mergeReleaseAssets'.
build	Build with Gradle	2026-06-06T12:24:40.1542990Z work action resolve mergeReleaseAssets (project :common) (Thread[#162,Execution worker Thread 3,5,main]) started.
build	Build with Gradle	2026-06-06T12:24:40.1544394Z Resolve mutations for :database:mergeReleaseShaders (Thread[#162,Execution worker Thread 3,5,main]) started.
build	Build with Gradle	2026-06-06T12:24:40.1545595Z :database:mergeReleaseShaders (Thread[#162,Execution worker Thread 3,5,main]) started.
build	Build with Gradle	2026-06-06T12:24:40.1546257Z 
build	Build with Gradle	2026-06-06T12:24:40.1546486Z > Task :database:mergeReleaseShaders
build	Build with Gradle	2026-06-06T12:24:40.1547212Z Caching disabled for task ':database:mergeReleaseShaders' because:
build	Build with Gradle	2026-06-06T12:24:40.1548380Z   Simple merging task
build	Build with Gradle	2026-06-06T12:24:40.1548996Z Task ':database:mergeReleaseShaders' is not up-to-date because:
build	Build with Gradle	2026-06-06T12:24:40.1549706Z   No history is available.
build	Build with Gradle	2026-06-06T12:24:40.1550532Z The input changes require a full rebuild for incremental task ':database:mergeReleaseShaders'.
build	Build with Gradle	2026-06-06T12:24:40.1596364Z Resolve mutations for :database:compileReleaseShaders (Thread[#162,Execution worker Thread 3,5,main]) started.
build	Build with Gradle	2026-06-06T12:24:40.1597778Z :database:compileReleaseShaders (Thread[#162,Execution worker Thread 3,5,main]) started.
build	Build with Gradle	2026-06-06T12:24:40.1598402Z 
build	Build with Gradle	2026-06-06T12:24:40.1598674Z > Task :database:compileReleaseShaders NO-SOURCE
build	Build with Gradle	2026-06-06T12:24:40.1599652Z Skipping task ':database:compileReleaseShaders' as it has no source files and no previous output files.
build	Build with Gradle	2026-06-06T12:24:40.1600950Z Resolve mutations for :database:generateReleaseAssets (Thread[#162,Execution worker Thread 3,5,main]) started.
build	Build with Gradle	2026-06-06T12:24:40.1601983Z :database:generateReleaseAssets (Thread[#162,Execution worker Thread 3,5,main]) started.
build	Build with Gradle	2026-06-06T12:24:40.1602582Z 
build	Build with Gradle	2026-06-06T12:24:40.1602825Z > Task :database:generateReleaseAssets UP-TO-DATE
build	Build with Gradle	2026-06-06T12:24:40.1603518Z Skipping task ':database:generateReleaseAssets' as it has no actions.
build	Build with Gradle	2026-06-06T12:24:40.1604543Z Resolve mutations for :database:mergeReleaseAssets (Thread[#162,Execution worker Thread 3,5,main]) started.
build	Build with Gradle	2026-06-06T12:24:40.1605650Z :database:mergeReleaseAssets (Thread[#162,Execution worker Thread 3,5,main]) started.
build	Build with Gradle	2026-06-06T12:24:40.1606237Z 
build	Build with Gradle	2026-06-06T12:24:40.1606444Z > Task :database:mergeReleaseAssets
build	Build with Gradle	2026-06-06T12:24:40.1607116Z Caching disabled for task ':database:mergeReleaseAssets' because:
build	Build with Gradle	2026-06-06T12:24:40.1607960Z   Simple merging task
build	Build with Gradle	2026-06-06T12:24:40.1608522Z Task ':database:mergeReleaseAssets' is not up-to-date because:
build	Build with Gradle	2026-06-06T12:24:40.1609175Z   No history is available.
build	Build with Gradle	2026-06-06T12:24:40.1609947Z The input changes require a full rebuild for incremental task ':database:mergeReleaseAssets'.
build	Build with Gradle	2026-06-06T12:24:40.1611426Z work action resolve mergeReleaseAssets (project :database) (Thread[#162,Execution worker Thread 3,5,main]) started.
build	Build with Gradle	2026-06-06T12:24:40.1612824Z Resolve mutations for :provider:mergeReleaseShaders (Thread[#162,Execution worker Thread 3,5,main]) started.
build	Build with Gradle	2026-06-06T12:24:40.1614004Z :provider:mergeReleaseShaders (Thread[#162,Execution worker Thread 3,5,main]) started.
build	Build with Gradle	2026-06-06T12:24:40.1614869Z 
build	Build with Gradle	2026-06-06T12:24:40.1615097Z > Task :provider:mergeReleaseShaders
build	Build with Gradle	2026-06-06T12:24:40.1615849Z Caching disabled for task ':provider:mergeReleaseShaders' because:
build	Build with Gradle	2026-06-06T12:24:40.1616641Z   Simple merging task
build	Build with Gradle	2026-06-06T12:24:40.1617258Z Task ':provider:mergeReleaseShaders' is not up-to-date because:
build	Build with Gradle	2026-06-06T12:24:40.1643103Z   No history is available.
build	Build with Gradle	2026-06-06T12:24:40.1644002Z The input changes require a full rebuild for incremental task ':provider:mergeReleaseShaders'.
build	Build with Gradle	2026-06-06T12:24:40.1645348Z Resolve mutations for :provider:compileReleaseShaders (Thread[#162,Execution worker Thread 3,5,main]) started.
build	Build with Gradle	2026-06-06T12:24:40.1646735Z :provider:compileReleaseShaders (Thread[#162,Execution worker Thread 3,5,main]) started.
build	Build with Gradle	2026-06-06T12:24:40.1647510Z 
build	Build with Gradle	2026-06-06T12:24:40.1647787Z > Task :provider:compileReleaseShaders NO-SOURCE
build	Build with Gradle	2026-06-06T12:24:40.1648785Z Skipping task ':provider:compileReleaseShaders' as it has no source files and no previous output files.
build	Build with Gradle	2026-06-06T12:24:40.1650134Z Resolve mutations for :provider:generateReleaseAssets (Thread[#162,Execution worker Thread 3,5,main]) started.
build	Build with Gradle	2026-06-06T12:24:40.1651378Z :provider:generateReleaseAssets (Thread[#162,Execution worker Thread 3,5,main]) started.
build	Build with Gradle	2026-06-06T12:24:40.1652065Z 
build	Build with Gradle	2026-06-06T12:24:40.1652342Z > Task :provider:generateReleaseAssets UP-TO-DATE
build	Build with Gradle	2026-06-06T12:24:40.1653180Z Skipping task ':provider:generateReleaseAssets' as it has no actions.
build	Build with Gradle	2026-06-06T12:24:40.1654210Z Resolve mutations for :provider:mergeReleaseAssets (Thread[#162,Execution worker Thread 3,5,main]) started.
build	Build with Gradle	2026-06-06T12:24:40.1655425Z :provider:mergeReleaseAssets (Thread[#162,Execution worker Thread 3,5,main]) started.
build	Build with Gradle	2026-06-06T12:24:40.1656036Z 
build	Build with Gradle	2026-06-06T12:24:40.1656242Z > Task :provider:mergeReleaseAssets
build	Build with Gradle	2026-06-06T12:24:40.1656935Z Caching disabled for task ':provider:mergeReleaseAssets' because:
build	Build with Gradle	2026-06-06T12:24:40.1657922Z   Simple merging task
build	Build with Gradle	2026-06-06T12:24:40.1658439Z Task ':provider:mergeReleaseAssets' is not up-to-date because:
build	Build with Gradle	2026-06-06T12:24:40.1659069Z   No history is available.
build	Build with Gradle	2026-06-06T12:24:40.1659773Z The input changes require a full rebuild for incremental task ':provider:mergeReleaseAssets'.
build	Build with Gradle	2026-06-06T12:24:40.1660921Z work action resolve mergeReleaseAssets (project :provider) (Thread[#162,Execution worker Thread 3,5,main]) started.
build	Build with Gradle	2026-06-06T12:24:40.1662147Z Resolve mutations for :rish:mergeReleaseShaders (Thread[#162,Execution worker Thread 3,5,main]) started.
build	Build with Gradle	2026-06-06T12:24:40.1663175Z :rish:mergeReleaseShaders (Thread[#162,Execution worker Thread 3,5,main]) started.
build	Build with Gradle	2026-06-06T12:24:40.1663748Z 
build	Build with Gradle	2026-06-06T12:24:40.1663959Z > Task :rish:mergeReleaseShaders
build	Build with Gradle	2026-06-06T12:24:40.1664600Z Caching disabled for task ':rish:mergeReleaseShaders' because:
build	Build with Gradle	2026-06-06T12:24:40.1665215Z   Simple merging task
build	Build with Gradle	2026-06-06T12:24:40.1665778Z Task ':rish:mergeReleaseShaders' is not up-to-date because:
build	Build with Gradle	2026-06-06T12:24:40.1666453Z   No history is available.
build	Build with Gradle	2026-06-06T12:24:40.1667248Z The input changes require a full rebuild for incremental task ':rish:mergeReleaseShaders'.
build	Build with Gradle	2026-06-06T12:24:40.1689417Z Resolve mutations for :rish:compileReleaseShaders (Thread[#162,Execution worker Thread 3,5,main]) started.
build	Build with Gradle	2026-06-06T12:24:40.1690618Z :rish:compileReleaseShaders (Thread[#162,Execution worker Thread 3,5,main]) started.
build	Build with Gradle	2026-06-06T12:24:40.1691146Z 
build	Build with Gradle	2026-06-06T12:24:40.1691376Z > Task :rish:compileReleaseShaders NO-SOURCE
build	Build with Gradle	2026-06-06T12:24:40.1692366Z Skipping task ':rish:compileReleaseShaders' as it has no source files and no previous output files.
build	Build with Gradle	2026-06-06T12:24:40.1694392Z Resolve mutations for :rish:generateReleaseAssets (Thread[#162,Execution worker Thread 3,5,main]) started.
build	Build with Gradle	2026-06-06T12:24:40.1695636Z :rish:generateReleaseAssets (Thread[#162,Execution worker Thread 3,5,main]) started.
build	Build with Gradle	2026-06-06T12:24:40.1696257Z 
build	Build with Gradle	2026-06-06T12:24:40.1696511Z > Task :rish:generateReleaseAssets UP-TO-DATE
build	Build with Gradle	2026-06-06T12:24:40.1697300Z Skipping task ':rish:generateReleaseAssets' as it has no actions.
build	Build with Gradle	2026-06-06T12:24:40.1698822Z Resolve mutations for :rish:mergeReleaseAssets (Thread[#162,Execution worker Thread 3,5,main]) started.
build	Build with Gradle	2026-06-06T12:24:40.1699983Z :rish:mergeReleaseAssets (Thread[#162,Execution worker Thread 3,5,main]) started.
build	Build with Gradle	2026-06-06T12:24:40.1700607Z 
build	Build with Gradle	2026-06-06T12:24:40.1700814Z > Task :rish:mergeReleaseAssets
build	Build with Gradle	2026-06-06T12:24:40.1701425Z Caching disabled for task ':rish:mergeReleaseAssets' because:
build	Build with Gradle	2026-06-06T12:24:40.1702039Z   Simple merging task
build	Build with Gradle	2026-06-06T12:24:40.1702623Z Task ':rish:mergeReleaseAssets' is not up-to-date because:
build	Build with Gradle	2026-06-06T12:24:40.1703303Z   No history is available.
build	Build with Gradle	2026-06-06T12:24:40.1704207Z The input changes require a full rebuild for incremental task ':rish:mergeReleaseAssets'.
build	Build with Gradle	2026-06-06T12:24:40.1705472Z work action resolve mergeReleaseAssets (project :rish) (Thread[#162,Execution worker Thread 3,5,main]) started.
build	Build with Gradle	2026-06-06T12:24:40.1706908Z Resolve mutations for :server:mergeReleaseShaders (Thread[#162,Execution worker Thread 3,5,main]) started.
build	Build with Gradle	2026-06-06T12:24:40.1708328Z :server:mergeReleaseShaders (Thread[#162,Execution worker Thread 3,5,main]) started.
build	Build with Gradle	2026-06-06T12:24:40.1708960Z 
build	Build with Gradle	2026-06-06T12:24:40.1709200Z > Task :server:mergeReleaseShaders
build	Build with Gradle	2026-06-06T12:24:40.1709942Z Caching disabled for task ':server:mergeReleaseShaders' because:
build	Build with Gradle	2026-06-06T12:24:40.1710583Z   Simple merging task
build	Build with Gradle	2026-06-06T12:24:40.1711173Z Task ':server:mergeReleaseShaders' is not up-to-date because:
build	Build with Gradle	2026-06-06T12:24:40.1711831Z   No history is available.
build	Build with Gradle	2026-06-06T12:24:40.1712612Z The input changes require a full rebuild for incremental task ':server:mergeReleaseShaders'.
build	Build with Gradle	2026-06-06T12:24:40.1713934Z Resolve mutations for :server:compileReleaseShaders (Thread[#162,Execution worker Thread 3,5,main]) started.
build	Build with Gradle	2026-06-06T12:24:40.1715107Z :server:compileReleaseShaders (Thread[#162,Execution worker Thread 3,5,main]) started.
build	Build with Gradle	2026-06-06T12:24:40.1715749Z 
build	Build with Gradle	2026-06-06T12:24:40.1716025Z > Task :server:compileReleaseShaders NO-SOURCE
build	Build with Gradle	2026-06-06T12:24:40.1717065Z Skipping task ':server:compileReleaseShaders' as it has no source files and no previous output files.
build	Build with Gradle	2026-06-06T12:24:40.1745147Z Resolve mutations for :server:generateReleaseAssets (Thread[#162,Execution worker Thread 3,5,main]) started.
build	Build with Gradle	2026-06-06T12:24:40.1746474Z :server:generateReleaseAssets (Thread[#162,Execution worker Thread 3,5,main]) started.
build	Build with Gradle	2026-06-06T12:24:40.1747147Z 
build	Build with Gradle	2026-06-06T12:24:40.1747589Z > Task :server:generateReleaseAssets UP-TO-DATE
build	Build with Gradle	2026-06-06T12:24:40.1748264Z Skipping task ':server:generateReleaseAssets' as it has no actions.
build	Build with Gradle	2026-06-06T12:24:40.1749213Z Resolve mutations for :server:mergeReleaseAssets (Thread[#162,Execution worker Thread 3,5,main]) started.
build	Build with Gradle	2026-06-06T12:24:40.1750265Z :server:mergeReleaseAssets (Thread[#162,Execution worker Thread 3,5,main]) started.
build	Build with Gradle	2026-06-06T12:24:40.1750799Z 
build	Build with Gradle	2026-06-06T12:24:40.1750996Z > Task :server:mergeReleaseAssets
build	Build with Gradle	2026-06-06T12:24:40.1751619Z Caching disabled for task ':server:mergeReleaseAssets' because:
build	Build with Gradle	2026-06-06T12:24:40.1752213Z   Simple merging task
build	Build with Gradle	2026-06-06T12:24:40.1752762Z Task ':server:mergeReleaseAssets' is not up-to-date because:
build	Build with Gradle	2026-06-06T12:24:40.1753366Z   No history is available.
build	Build with Gradle	2026-06-06T12:24:40.1754071Z The input changes require a full rebuild for incremental task ':server:mergeReleaseAssets'.
build	Build with Gradle	2026-06-06T12:24:40.1755257Z work action resolve mergeReleaseAssets (project :server) (Thread[#162,Execution worker Thread 3,5,main]) started.
build	Build with Gradle	2026-06-06T12:24:40.1756748Z Resolve mutations for :server-shared:mergeReleaseShaders (Thread[#162,Execution worker Thread 3,5,main]) started.
build	Build with Gradle	2026-06-06T12:24:40.1768773Z :server-shared:mergeReleaseShaders (Thread[#162,Execution worker Thread 3,5,main]) started.
build	Build with Gradle	2026-06-06T12:24:40.1769561Z 
build	Build with Gradle	2026-06-06T12:24:40.1769794Z > Task :server-shared:mergeReleaseShaders
build	Build with Gradle	2026-06-06T12:24:40.1770546Z Caching disabled for task ':server-shared:mergeReleaseShaders' because:
build	Build with Gradle	2026-06-06T12:24:40.1771274Z   Simple merging task
build	Build with Gradle	2026-06-06T12:24:40.1771951Z Task ':server-shared:mergeReleaseShaders' is not up-to-date because:
build	Build with Gradle	2026-06-06T12:24:40.1772959Z   No history is available.
build	Build with Gradle	2026-06-06T12:24:40.1773774Z The input changes require a full rebuild for incremental task ':server-shared:mergeReleaseShaders'.
build	Build with Gradle	2026-06-06T12:24:40.1775137Z Resolve mutations for :server-shared:compileReleaseShaders (Thread[#162,Execution worker Thread 3,5,main]) started.
build	Build with Gradle	2026-06-06T12:24:40.1776512Z :server-shared:compileReleaseShaders (Thread[#162,Execution worker Thread 3,5,main]) started.
build	Build with Gradle	2026-06-06T12:24:40.1777215Z 
build	Build with Gradle	2026-06-06T12:24:40.1794770Z > Task :server-shared:compileReleaseShaders NO-SOURCE
build	Build with Gradle	2026-06-06T12:24:40.1795988Z Skipping task ':server-shared:compileReleaseShaders' as it has no source files and no previous output files.
build	Build with Gradle	2026-06-06T12:24:40.1797618Z Resolve mutations for :server-shared:generateReleaseAssets (Thread[#162,Execution worker Thread 3,5,main]) started.
build	Build with Gradle	2026-06-06T12:24:40.1798875Z :server-shared:generateReleaseAssets (Thread[#162,Execution worker Thread 3,5,main]) started.
build	Build with Gradle	2026-06-06T12:24:40.1799521Z 
build	Build with Gradle	2026-06-06T12:24:40.1799823Z > Task :server-shared:generateReleaseAssets UP-TO-DATE
build	Build with Gradle	2026-06-06T12:24:40.1800647Z Skipping task ':server-shared:generateReleaseAssets' as it has no actions.
build	Build with Gradle	2026-06-06T12:24:40.1801757Z Resolve mutations for :server-shared:mergeReleaseAssets (Thread[#162,Execution worker Thread 3,5,main]) started.
build	Build with Gradle	2026-06-06T12:24:40.1803009Z :server-shared:mergeReleaseAssets (Thread[#162,Execution worker Thread 3,5,main]) started.
build	Build with Gradle	2026-06-06T12:24:40.1803628Z 
build	Build with Gradle	2026-06-06T12:24:40.1803857Z > Task :server-shared:mergeReleaseAssets
build	Build with Gradle	2026-06-06T12:24:40.1804613Z Caching disabled for task ':server-shared:mergeReleaseAssets' because:
build	Build with Gradle	2026-06-06T12:24:40.1805327Z   Simple merging task
build	Build with Gradle	2026-06-06T12:24:40.1805942Z Task ':server-shared:mergeReleaseAssets' is not up-to-date because:
build	Build with Gradle	2026-06-06T12:24:40.1806633Z   No history is available.
build	Build with Gradle	2026-06-06T12:24:40.1807598Z The input changes require a full rebuild for incremental task ':server-shared:mergeReleaseAssets'.
build	Build with Gradle	2026-06-06T12:24:40.1808865Z work action resolve mergeReleaseAssets (project :server-shared) (Thread[#162,Execution worker Thread 3,5,main]) started.
build	Build with Gradle	2026-06-06T12:24:40.1810227Z Resolve mutations for :shared:mergeReleaseShaders (Thread[#162,Execution worker Thread 3,5,main]) started.
build	Build with Gradle	2026-06-06T12:24:40.1811317Z :shared:mergeReleaseShaders (Thread[#162,Execution worker Thread 3,5,main]) started.
build	Build with Gradle	2026-06-06T12:24:40.1811957Z 
build	Build with Gradle	2026-06-06T12:24:40.1812192Z > Task :shared:mergeReleaseShaders
build	Build with Gradle	2026-06-06T12:24:40.1813099Z Caching disabled for task ':shared:mergeReleaseShaders' because:
build	Build with Gradle	2026-06-06T12:24:40.1813836Z   Simple merging task
build	Build with Gradle	2026-06-06T12:24:40.1814482Z Task ':shared:mergeReleaseShaders' is not up-to-date because:
build	Build with Gradle	2026-06-06T12:24:40.1815177Z   No history is available.
build	Build with Gradle	2026-06-06T12:24:40.1816001Z The input changes require a full rebuild for incremental task ':shared:mergeReleaseShaders'.
build	Build with Gradle	2026-06-06T12:24:40.1867670Z Resolve mutations for :shared:compileReleaseShaders (Thread[#162,Execution worker Thread 3,5,main]) started.
build	Build with Gradle	2026-06-06T12:24:40.1869183Z :shared:compileReleaseShaders (Thread[#162,Execution worker Thread 3,5,main]) started.
build	Build with Gradle	2026-06-06T12:24:40.1869799Z 
build	Build with Gradle	2026-06-06T12:24:40.1870056Z > Task :shared:compileReleaseShaders NO-SOURCE
build	Build with Gradle	2026-06-06T12:24:40.1870974Z Skipping task ':shared:compileReleaseShaders' as it has no source files and no previous output files.
build	Build with Gradle	2026-06-06T12:24:40.1872248Z Resolve mutations for :shared:generateReleaseAssets (Thread[#162,Execution worker Thread 3,5,main]) started.
build	Build with Gradle	2026-06-06T12:24:40.1873471Z :shared:generateReleaseAssets (Thread[#162,Execution worker Thread 3,5,main]) started.
build	Build with Gradle	2026-06-06T12:24:40.1874417Z 
build	Build with Gradle	2026-06-06T12:24:40.1874671Z > Task :shared:generateReleaseAssets UP-TO-DATE
build	Build with Gradle	2026-06-06T12:24:40.1875401Z Skipping task ':shared:generateReleaseAssets' as it has no actions.
build	Build with Gradle	2026-06-06T12:24:40.1876411Z Resolve mutations for :shared:mergeReleaseAssets (Thread[#162,Execution worker Thread 3,5,main]) started.
build	Build with Gradle	2026-06-06T12:24:40.1877907Z :shared:mergeReleaseAssets (Thread[#162,Execution worker Thread 3,5,main]) started.
build	Build with Gradle	2026-06-06T12:24:40.1878724Z 
build	Build with Gradle	2026-06-06T12:24:40.1878941Z > Task :shared:mergeReleaseAssets
build	Build with Gradle	2026-06-06T12:24:40.1879615Z Caching disabled for task ':shared:mergeReleaseAssets' because:
build	Build with Gradle	2026-06-06T12:24:40.1880257Z   Simple merging task
build	Build with Gradle	2026-06-06T12:24:40.1880822Z Task ':shared:mergeReleaseAssets' is not up-to-date because:
build	Build with Gradle	2026-06-06T12:24:40.1881436Z   No history is available.
build	Build with Gradle	2026-06-06T12:24:40.1882162Z The input changes require a full rebuild for incremental task ':shared:mergeReleaseAssets'.
build	Build with Gradle	2026-06-06T12:24:40.1883394Z work action resolve mergeReleaseAssets (project :shared) (Thread[#162,Execution worker Thread 3,5,main]) started.
build	Build with Gradle	2026-06-06T12:24:40.1884816Z Resolve mutations for :starter:mergeReleaseShaders (Thread[#162,Execution worker Thread 3,5,main]) started.
build	Build with Gradle	2026-06-06T12:24:40.1885985Z :starter:mergeReleaseShaders (Thread[#162,Execution worker Thread 3,5,main]) started.
build	Build with Gradle	2026-06-06T12:24:40.1886595Z 
build	Build with Gradle	2026-06-06T12:24:40.1886802Z > Task :starter:mergeReleaseShaders
build	Build with Gradle	2026-06-06T12:24:40.1887639Z Caching disabled for task ':starter:mergeReleaseShaders' because:
build	Build with Gradle	2026-06-06T12:24:40.1888357Z   Simple merging task
build	Build with Gradle	2026-06-06T12:24:40.1888940Z Task ':starter:mergeReleaseShaders' is not up-to-date because:
build	Build with Gradle	2026-06-06T12:24:40.1889596Z   No history is available.
build	Build with Gradle	2026-06-06T12:24:40.1890370Z The input changes require a full rebuild for incremental task ':starter:mergeReleaseShaders'.
build	Build with Gradle	2026-06-06T12:24:40.1891601Z Resolve mutations for :starter:compileReleaseShaders (Thread[#162,Execution worker Thread 3,5,main]) started.
build	Build with Gradle	2026-06-06T12:24:40.1892858Z :starter:compileReleaseShaders (Thread[#162,Execution worker Thread 3,5,main]) started.
build	Build with Gradle	2026-06-06T12:24:40.1893513Z 
build	Build with Gradle	2026-06-06T12:24:40.1893778Z > Task :starter:compileReleaseShaders NO-SOURCE
build	Build with Gradle	2026-06-06T12:24:40.1894757Z Skipping task ':starter:compileReleaseShaders' as it has no source files and no previous output files.
build	Build with Gradle	2026-06-06T12:24:40.1918661Z Resolve mutations for :starter:generateReleaseAssets (Thread[#162,Execution worker Thread 3,5,main]) started.
build	Build with Gradle	2026-06-06T12:24:40.1920067Z :starter:generateReleaseAssets (Thread[#162,Execution worker Thread 3,5,main]) started.
build	Build with Gradle	2026-06-06T12:24:40.1920720Z 
build	Build with Gradle	2026-06-06T12:24:40.1921002Z > Task :starter:generateReleaseAssets UP-TO-DATE
build	Build with Gradle	2026-06-06T12:24:40.1921755Z Skipping task ':starter:generateReleaseAssets' as it has no actions.
build	Build with Gradle	2026-06-06T12:24:40.1922832Z Resolve mutations for :starter:mergeReleaseAssets (Thread[#162,Execution worker Thread 3,5,main]) started.
build	Build with Gradle	2026-06-06T12:24:40.1924003Z :starter:mergeReleaseAssets (Thread[#162,Execution worker Thread 3,5,main]) started.
build	Build with Gradle	2026-06-06T12:24:40.1924677Z 
build	Build with Gradle	2026-06-06T12:24:40.1924900Z > Task :starter:mergeReleaseAssets
build	Build with Gradle	2026-06-06T12:24:40.1925594Z Caching disabled for task ':starter:mergeReleaseAssets' because:
build	Build with Gradle	2026-06-06T12:24:40.1926296Z   Simple merging task
build	Build with Gradle	2026-06-06T12:24:40.1926911Z Task ':starter:mergeReleaseAssets' is not up-to-date because:
build	Build with Gradle	2026-06-06T12:24:40.1927744Z   No history is available.
build	Build with Gradle	2026-06-06T12:24:40.1928554Z The input changes require a full rebuild for incremental task ':starter:mergeReleaseAssets'.
build	Build with Gradle	2026-06-06T12:24:40.1929927Z work action resolve mergeReleaseAssets (project :starter) (Thread[#162,Execution worker Thread 3,5,main]) started.
build	Build with Gradle	2026-06-06T12:24:40.1931381Z Resolve mutations for :core:ui:mergeReleaseShaders (Thread[#162,Execution worker Thread 3,5,main]) started.
build	Build with Gradle	2026-06-06T12:24:40.1932648Z :core:ui:mergeReleaseShaders (Thread[#162,Execution worker Thread 3,5,main]) started.
build	Build with Gradle	2026-06-06T12:24:40.1933339Z 
build	Build with Gradle	2026-06-06T12:24:40.1933573Z > Task :core:ui:mergeReleaseShaders
build	Build with Gradle	2026-06-06T12:24:40.1934334Z Caching disabled for task ':core:ui:mergeReleaseShaders' because:
build	Build with Gradle	2026-06-06T12:24:40.1935320Z   Simple merging task
build	Build with Gradle	2026-06-06T12:24:40.1935940Z Task ':core:ui:mergeReleaseShaders' is not up-to-date because:
build	Build with Gradle	2026-06-06T12:24:40.1936671Z   No history is available.
build	Build with Gradle	2026-06-06T12:24:40.1937617Z The input changes require a full rebuild for incremental task ':core:ui:mergeReleaseShaders'.
build	Build with Gradle	2026-06-06T12:24:40.1938930Z Resolve mutations for :core:ui:compileReleaseShaders (Thread[#162,Execution worker Thread 3,5,main]) started.
build	Build with Gradle	2026-06-06T12:24:40.1940441Z :core:ui:compileReleaseShaders (Thread[#162,Execution worker Thread 3,5,main]) started.
build	Build with Gradle	2026-06-06T12:24:40.1941127Z 
build	Build with Gradle	2026-06-06T12:24:40.1941392Z > Task :core:ui:compileReleaseShaders NO-SOURCE
build	Build with Gradle	2026-06-06T12:24:40.1942438Z Skipping task ':core:ui:compileReleaseShaders' as it has no source files and no previous output files.
build	Build with Gradle	2026-06-06T12:24:40.1943914Z Resolve mutations for :core:ui:generateReleaseAssets (Thread[#162,Execution worker Thread 3,5,main]) started.
build	Build with Gradle	2026-06-06T12:24:40.1945243Z :core:ui:generateReleaseAssets (Thread[#162,Execution worker Thread 3,5,main]) started.
build	Build with Gradle	2026-06-06T12:24:40.1945992Z 
build	Build with Gradle	2026-06-06T12:24:40.1946276Z > Task :core:ui:generateReleaseAssets UP-TO-DATE
build	Build with Gradle	2026-06-06T12:24:40.1978951Z Skipping task ':core:ui:generateReleaseAssets' as it has no actions.
build	Build with Gradle	2026-06-06T12:24:40.1980127Z Resolve mutations for :core:ui:mergeReleaseAssets (Thread[#162,Execution worker Thread 3,5,main]) started.
build	Build with Gradle	2026-06-06T12:24:40.1981407Z :core:ui:mergeReleaseAssets (Thread[#162,Execution worker Thread 3,5,main]) started.
build	Build with Gradle	2026-06-06T12:24:40.1981967Z 
build	Build with Gradle	2026-06-06T12:24:40.1982185Z > Task :core:ui:mergeReleaseAssets
build	Build with Gradle	2026-06-06T12:24:40.1982894Z Caching disabled for task ':core:ui:mergeReleaseAssets' because:
build	Build with Gradle	2026-06-06T12:24:40.1983533Z   Simple merging task
build	Build with Gradle	2026-06-06T12:24:40.1984006Z Task ':core:ui:mergeReleaseAssets' is not up-to-date because:
build	Build with Gradle	2026-06-06T12:24:40.1984574Z   No history is available.
build	Build with Gradle	2026-06-06T12:24:40.1985264Z The input changes require a full rebuild for incremental task ':core:ui:mergeReleaseAssets'.
build	Build with Gradle	2026-06-06T12:24:40.1986459Z work action resolve mergeReleaseAssets (project :core:ui) (Thread[#162,Execution worker Thread 3,5,main]) started.
build	Build with Gradle	2026-06-06T12:24:40.4771200Z 
build	Build with Gradle	2026-06-06T12:24:40.4818703Z > Task :manager:configureCMakeRelWithDebInfo[armeabi-v7a]
build	Build with Gradle	2026-06-06T12:24:40.4918796Z Caching disabled for task ':manager:configureCMakeRelWithDebInfo[armeabi-v7a]' because:
build	Build with Gradle	2026-06-06T12:24:40.5076704Z   Caching has been disabled for the task
build	Build with Gradle	2026-06-06T12:24:40.5086313Z Task ':manager:configureCMakeRelWithDebInfo[armeabi-v7a]' is not up-to-date because:
build	Build with Gradle	2026-06-06T12:24:40.5148576Z   Task.upToDateWhen is false.
build	Build with Gradle	2026-06-06T12:24:40.5209163Z C/C++: /home/runner/work/ShizukuPlus/ShizukuPlus/manager/src/main/jni/CMakeLists.txt release|armeabi-v7a : Start JSON generation. Platform version: 24 min SDK version: armeabi-v7a
build	Build with Gradle	2026-06-06T12:24:40.5266295Z C/C++: /home/runner/work/ShizukuPlus/ShizukuPlus/manager/src/main/jni/CMakeLists.txt release|armeabi-v7a : rebuilding JSON /home/runner/work/ShizukuPlus/ShizukuPlus/manager/.cxx/RelWithDebInfo/686s3g6d/armeabi-v7a/android_gradle_build.json due to:
build	Build with Gradle	2026-06-06T12:24:40.5339528Z C/C++: /home/runner/work/ShizukuPlus/ShizukuPlus/manager/src/main/jni/CMakeLists.txt release|armeabi-v7a : - no fingerprint file, will remove stale configuration folder
build	Build with Gradle	2026-06-06T12:24:40.5379100Z C/C++: /home/runner/work/ShizukuPlus/ShizukuPlus/manager/src/main/jni/CMakeLists.txt release|armeabi-v7a : /usr/lib/jvm/temurin-21-jdk-amd64/bin/java \
build	Build with Gradle	2026-06-06T12:24:40.5413627Z   --class-path \
build	Build with Gradle	2026-06-06T12:24:40.5534061Z   /home/runner/.gradle/caches/modules-2/files-2.1/com.google.prefab/cli/2.1.0/aa32fec809c44fa531f01dcfb739b5b3304d3050/cli-2.1.0-all.jar \
build	Build with Gradle	2026-06-06T12:24:40.5558432Z   com.google.prefab.cli.AppKt \
build	Build with Gradle	2026-06-06T12:24:40.5608519Z   --build-system \
build	Build with Gradle	2026-06-06T12:24:40.5634049Z   cmake \
build	Build with Gradle	2026-06-06T12:24:40.5698406Z   --platform \
build	Build with Gradle	2026-06-06T12:24:40.5829284Z   android \
build	Build with Gradle	2026-06-06T12:24:40.5868452Z   --abi \
build	Build with Gradle	2026-06-06T12:24:40.5938361Z   armeabi-v7a \
build	Build with Gradle	2026-06-06T12:24:40.5998387Z   --os-version \
build	Build with Gradle	2026-06-06T12:24:40.6028347Z   24 \
build	Build with Gradle	2026-06-06T12:24:40.6061301Z   --stl \
build	Build with Gradle	2026-06-06T12:24:40.6118498Z   none \
build	Build with Gradle	2026-06-06T12:24:40.6148316Z   --ndk-version \
build	Build with Gradle	2026-06-06T12:24:40.6148775Z   27 \
build	Build with Gradle	2026-06-06T12:24:40.6149148Z   --output \
build	Build with Gradle	2026-06-06T12:24:40.6149754Z   /tmp/agp-prefab-staging2105622824878149159/staged-cli-output \
build	Build with Gradle	2026-06-06T12:24:40.6150809Z   /home/runner/.gradle/caches/8.14/transforms/c0673a6896f886d42be301918536c345/transformed/boringssl-20250114/prefab \
build	Build with Gradle	2026-06-06T12:24:40.6152454Z   /home/runner/.gradle/caches/8.14/transforms/0229dbc9f57fa8133a9f500f70fe76a8/transformed/libcxx-27.0.12077973/prefab
build	Build with Gradle	2026-06-06T12:24:40.6153104Z 
build	Build with Gradle	2026-06-06T12:24:40.6155040Z Starting process 'command '/home/runner/work/ShizukuPlus/ShizukuPlus/manager/build/intermediates/cxx/RelWithDebInfo/686s3g6d/logs/armeabi-v7a/prefab_command''. Working directory: /home/runner/work/ShizukuPlus/ShizukuPlus/manager Command: /home/runner/work/ShizukuPlus/ShizukuPlus/manager/build/intermediates/cxx/RelWithDebInfo/686s3g6d/logs/armeabi-v7a/prefab_command 
build	Build with Gradle	2026-06-06T12:24:40.6158431Z Successfully started process 'command '/home/runner/work/ShizukuPlus/ShizukuPlus/manager/build/intermediates/cxx/RelWithDebInfo/686s3g6d/logs/armeabi-v7a/prefab_command''
build	Build with Gradle	2026-06-06T12:24:40.6160110Z C/C++: /home/runner/work/ShizukuPlus/ShizukuPlus/manager/src/main/jni/CMakeLists.txt release|armeabi-v7a : Received process result: 0
build	Build with Gradle	2026-06-06T12:24:40.6162008Z C/C++: /home/runner/work/ShizukuPlus/ShizukuPlus/manager/src/main/jni/CMakeLists.txt release|armeabi-v7a : removing stale contents from '/home/runner/work/ShizukuPlus/ShizukuPlus/manager/.cxx/RelWithDebInfo/686s3g6d/armeabi-v7a'
build	Build with Gradle	2026-06-06T12:24:40.6164363Z C/C++: /home/runner/work/ShizukuPlus/ShizukuPlus/manager/src/main/jni/CMakeLists.txt release|armeabi-v7a : created folder '/home/runner/work/ShizukuPlus/ShizukuPlus/manager/.cxx/RelWithDebInfo/686s3g6d/armeabi-v7a'
build	Build with Gradle	2026-06-06T12:24:40.6166624Z C/C++: /home/runner/work/ShizukuPlus/ShizukuPlus/manager/src/main/jni/CMakeLists.txt release|armeabi-v7a : executing cmake /usr/local/lib/android/sdk/cmake/3.22.1/bin/cmake \
build	Build with Gradle	2026-06-06T12:24:40.6168265Z   -H/home/runner/work/ShizukuPlus/ShizukuPlus/manager/src/main/jni \
build	Build with Gradle	2026-06-06T12:24:40.6168941Z   -DCMAKE_SYSTEM_NAME=Android \
build	Build with Gradle	2026-06-06T12:24:40.6169458Z   -DCMAKE_EXPORT_COMPILE_COMMANDS=ON \
build	Build with Gradle	2026-06-06T12:24:40.6169986Z   -DCMAKE_SYSTEM_VERSION=24 \
build	Build with Gradle	2026-06-06T12:24:40.6170506Z   -DANDROID_PLATFORM=android-24 \
build	Build with Gradle	2026-06-06T12:24:40.6170988Z   -DANDROID_ABI=armeabi-v7a \
build	Build with Gradle	2026-06-06T12:24:40.6171456Z   -DCMAKE_ANDROID_ARCH_ABI=armeabi-v7a \
build	Build with Gradle	2026-06-06T12:24:40.6172123Z   -DANDROID_NDK=/usr/local/lib/android/sdk/ndk/27.0.12077973 \
build	Build with Gradle	2026-06-06T12:24:40.6172847Z   -DCMAKE_ANDROID_NDK=/usr/local/lib/android/sdk/ndk/27.0.12077973 \
build	Build with Gradle	2026-06-06T12:24:40.6173811Z   -DCMAKE_TOOLCHAIN_FILE=/usr/local/lib/android/sdk/ndk/27.0.12077973/build/cmake/android.toolchain.cmake \
build	Build with Gradle	2026-06-06T12:24:40.6174856Z   -DCMAKE_MAKE_PROGRAM=/usr/local/lib/android/sdk/cmake/3.22.1/bin/ninja \
build	Build with Gradle	2026-06-06T12:24:40.6176166Z   -DCMAKE_LIBRARY_OUTPUT_DIRECTORY=/home/runner/work/ShizukuPlus/ShizukuPlus/manager/build/intermediates/cxx/RelWithDebInfo/686s3g6d/obj/armeabi-v7a \
build	Build with Gradle	2026-06-06T12:24:40.6238770Z   -DCMAKE_RUNTIME_OUTPUT_DIRECTORY=/home/runner/work/ShizukuPlus/ShizukuPlus/manager/build/intermediates/cxx/RelWithDebInfo/686s3g6d/obj/armeabi-v7a \
build	Build with Gradle	2026-06-06T12:24:40.6240319Z   -DCMAKE_BUILD_TYPE=RelWithDebInfo \
build	Build with Gradle	2026-06-06T12:24:40.6241443Z   -DCMAKE_FIND_ROOT_PATH=/home/runner/work/ShizukuPlus/ShizukuPlus/manager/.cxx/RelWithDebInfo/686s3g6d/prefab/armeabi-v7a/prefab \
build	Build with Gradle	2026-06-06T12:24:40.6242758Z   -B/home/runner/work/ShizukuPlus/ShizukuPlus/manager/.cxx/RelWithDebInfo/686s3g6d/armeabi-v7a \
build	Build with Gradle	2026-06-06T12:24:40.6243660Z   -GNinja \
build	Build with Gradle	2026-06-06T12:24:40.6244101Z   -DANDROID_STL=none \
build	Build with Gradle	2026-06-06T12:24:40.6244549Z   -DANDROID_LD=lld \
build	Build with Gradle	2026-06-06T12:24:40.6244970Z   -Wl,-z,max-page-size=16384
build	Build with Gradle	2026-06-06T12:24:40.6245230Z 
build	Build with Gradle	2026-06-06T12:24:40.6245965Z C/C++: /home/runner/work/ShizukuPlus/ShizukuPlus/manager/src/main/jni/CMakeLists.txt release|armeabi-v7a : /usr/local/lib/android/sdk/cmake/3.22.1/bin/cmake \
build	Build with Gradle	2026-06-06T12:24:40.6247631Z   -H/home/runner/work/ShizukuPlus/ShizukuPlus/manager/src/main/jni \
build	Build with Gradle	2026-06-06T12:24:40.6248252Z   -DCMAKE_SYSTEM_NAME=Android \
build	Build with Gradle	2026-06-06T12:24:40.6248705Z   -DCMAKE_EXPORT_COMPILE_COMMANDS=ON \
build	Build with Gradle	2026-06-06T12:24:40.6249149Z   -DCMAKE_SYSTEM_VERSION=24 \
build	Build with Gradle	2026-06-06T12:24:40.6249797Z   -DANDROID_PLATFORM=android-24 \
build	Build with Gradle	2026-06-06T12:24:40.6250231Z   -DANDROID_ABI=armeabi-v7a \
build	Build with Gradle	2026-06-06T12:24:40.6250641Z   -DCMAKE_ANDROID_ARCH_ABI=armeabi-v7a \
build	Build with Gradle	2026-06-06T12:24:40.6251231Z   -DANDROID_NDK=/usr/local/lib/android/sdk/ndk/27.0.12077973 \
build	Build with Gradle	2026-06-06T12:24:40.6251914Z   -DCMAKE_ANDROID_NDK=/usr/local/lib/android/sdk/ndk/27.0.12077973 \
build	Build with Gradle	2026-06-06T12:24:40.6252800Z   -DCMAKE_TOOLCHAIN_FILE=/usr/local/lib/android/sdk/ndk/27.0.12077973/build/cmake/android.toolchain.cmake \
build	Build with Gradle	2026-06-06T12:24:40.6253707Z   -DCMAKE_MAKE_PROGRAM=/usr/local/lib/android/sdk/cmake/3.22.1/bin/ninja \
build	Build with Gradle	2026-06-06T12:24:40.6254912Z   -DCMAKE_LIBRARY_OUTPUT_DIRECTORY=/home/runner/work/ShizukuPlus/ShizukuPlus/manager/build/intermediates/cxx/RelWithDebInfo/686s3g6d/obj/armeabi-v7a \
build	Build with Gradle	2026-06-06T12:24:40.6256711Z   -DCMAKE_RUNTIME_OUTPUT_DIRECTORY=/home/runner/work/ShizukuPlus/ShizukuPlus/manager/build/intermediates/cxx/RelWithDebInfo/686s3g6d/obj/armeabi-v7a \
build	Build with Gradle	2026-06-06T12:24:40.6257956Z   -DCMAKE_BUILD_TYPE=RelWithDebInfo \
build	Build with Gradle	2026-06-06T12:24:40.6259199Z   -DCMAKE_FIND_ROOT_PATH=/home/runner/work/ShizukuPlus/ShizukuPlus/manager/.cxx/RelWithDebInfo/686s3g6d/prefab/armeabi-v7a/prefab \
build	Build with Gradle	2026-06-06T12:24:40.6260411Z   -B/home/runner/work/ShizukuPlus/ShizukuPlus/manager/.cxx/RelWithDebInfo/686s3g6d/armeabi-v7a \
build	Build with Gradle	2026-06-06T12:24:40.6261163Z   -GNinja \
build	Build with Gradle	2026-06-06T12:24:40.6261506Z   -DANDROID_STL=none \
build	Build with Gradle	2026-06-06T12:24:40.6261873Z   -DANDROID_LD=lld \
build	Build with Gradle	2026-06-06T12:24:40.6262300Z   -Wl,-z,max-page-size=16384
build	Build with Gradle	2026-06-06T12:24:40.6262608Z 
build	Build with Gradle	2026-06-06T12:24:40.6330872Z Starting process 'command '/usr/local/lib/android/sdk/cmake/3.22.1/bin/cmake''. Working directory: /home/runner/work/ShizukuPlus/ShizukuPlus/manager Command: /usr/local/lib/android/sdk/cmake/3.22.1/bin/cmake -H/home/runner/work/ShizukuPlus/ShizukuPlus/manager/src/main/jni -DCMAKE_SYSTEM_NAME=Android -DCMAKE_EXPORT_COMPILE_COMMANDS=ON -DCMAKE_SYSTEM_VERSION=24 -DANDROID_PLATFORM=android-24 -DANDROID_ABI=armeabi-v7a -DCMAKE_ANDROID_ARCH_ABI=armeabi-v7a -DANDROID_NDK=/usr/local/lib/android/sdk/ndk/27.0.12077973 -DCMAKE_ANDROID_NDK=/usr/local/lib/android/sdk/ndk/27.0.12077973 -DCMAKE_TOOLCHAIN_FILE=/usr/local/lib/android/sdk/ndk/27.0.12077973/build/cmake/android.toolchain.cmake -DCMAKE_MAKE_PROGRAM=/usr/local/lib/android/sdk/cmake/3.22.1/bin/ninja -DCMAKE_LIBRARY_OUTPUT_DIRECTORY=/home/runner/work/ShizukuPlus/ShizukuPlus/manager/build/intermediates/cxx/RelWithDebInfo/686s3g6d/obj/armeabi-v7a -DCMAKE_RUNTIME_OUTPUT_DIRECTORY=/home/runner/work/ShizukuPlus/ShizukuPlus/manager/build/intermediates/cxx/RelWithDebInfo/686s3g6d/obj/armeabi-v7a -DCMAKE_BUILD_TYPE=RelWithDebInfo -DCMAKE_FIND_ROOT_PATH=/home/runner/work/ShizukuPlus/ShizukuPlus/manager/.cxx/RelWithDebInfo/686s3g6d/prefab/armeabi-v7a/prefab -B/home/runner/work/ShizukuPlus/ShizukuPlus/manager/.cxx/RelWithDebInfo/686s3g6d/armeabi-v7a -GNinja -DANDROID_STL=none -DANDROID_LD=lld -Wl,-z,max-page-size=16384
build	Build with Gradle	2026-06-06T12:24:40.6340095Z Successfully started process 'command '/usr/local/lib/android/sdk/cmake/3.22.1/bin/cmake''
build	Build with Gradle	2026-06-06T12:24:40.6340953Z C/C++: Builing Release...
build	Build with Gradle	2026-06-06T12:24:40.6341465Z C/C++: CMake Warning:
build	Build with Gradle	2026-06-06T12:24:40.6342267Z C/C++:   Manually-specified variables were not used by the project:
build	Build with Gradle	2026-06-06T12:24:40.6343000Z C/C++:     ANDROID_LD
build	Build with Gradle	2026-06-06T12:24:40.6343881Z C/C++: /home/runner/work/ShizukuPlus/ShizukuPlus/manager/src/main/jni/CMakeLists.txt release|armeabi-v7a : Received process result: 0
build	Build with Gradle	2026-06-06T12:24:40.6345923Z C/C++: /home/runner/work/ShizukuPlus/ShizukuPlus/manager/src/main/jni/CMakeLists.txt release|armeabi-v7a : Exiting generation of /home/runner/work/ShizukuPlus/ShizukuPlus/manager/.cxx/RelWithDebInfo/686s3g6d/armeabi-v7a/compile_commands.json.bin normally
build	Build with Gradle	2026-06-06T12:24:40.6348633Z C/C++: /home/runner/work/ShizukuPlus/ShizukuPlus/manager/src/main/jni/CMakeLists.txt release|armeabi-v7a : done executing cmake
build	Build with Gradle	2026-06-06T12:24:40.6351319Z C/C++: /home/runner/work/ShizukuPlus/ShizukuPlus/manager/src/main/jni/CMakeLists.txt release|armeabi-v7a : hard linked /home/runner/work/ShizukuPlus/ShizukuPlus/manager/.cxx/RelWithDebInfo/686s3g6d/armeabi-v7a/compile_commands.json to /home/runner/work/ShizukuPlus/ShizukuPlus/manager/.cxx/tools/release/armeabi-v7a/compile_commands.json
build	Build with Gradle	2026-06-06T12:24:40.6354547Z C/C++: /home/runner/work/ShizukuPlus/ShizukuPlus/manager/src/main/jni/CMakeLists.txt release|armeabi-v7a : JSON generation completed without problems
build	Build with Gradle	2026-06-06T12:24:40.6357119Z C/C++: /home/runner/work/ShizukuPlus/ShizukuPlus/manager/src/main/jni/CMakeLists.txt release|armeabi-v7a : Writing build model to /home/runner/work/ShizukuPlus/ShizukuPlus/manager/build/intermediates/cxx/RelWithDebInfo/686s3g6d/logs/armeabi-v7a/build_model.json
build	Build with Gradle	2026-06-06T12:24:40.6420208Z Resolve mutations for :manager:buildCMakeRelWithDebInfo[armeabi-v7a] (Thread[#161,Execution worker Thread 2,5,main]) started.
build	Build with Gradle	2026-06-06T12:24:40.6421522Z :manager:buildCMakeRelWithDebInfo[armeabi-v7a] (Thread[#161,Execution worker Thread 2,5,main]) started.
build	Build with Gradle	2026-06-06T12:24:41.6749099Z 
build	Build with Gradle	2026-06-06T12:24:41.6778586Z > Task :manager:buildCMakeRelWithDebInfo[armeabi-v7a]
build	Build with Gradle	2026-06-06T12:24:41.6788913Z Deleting stale output file: /home/runner/work/ShizukuPlus/ShizukuPlus/manager/build/intermediates/cxx/RelWithDebInfo/686s3g6d/obj/armeabi-v7a
build	Build with Gradle	2026-06-06T12:24:41.6818613Z Caching disabled for task ':manager:buildCMakeRelWithDebInfo[armeabi-v7a]' because:
build	Build with Gradle	2026-06-06T12:24:41.6848331Z   Caching has been disabled for the task
build	Build with Gradle	2026-06-06T12:24:41.6878292Z Task ':manager:buildCMakeRelWithDebInfo[armeabi-v7a]' is not up-to-date because:
build	Build with Gradle	2026-06-06T12:24:41.6879312Z   Task.upToDateWhen is false.
build	Build with Gradle	2026-06-06T12:24:41.6908264Z C/C++: starting build
build	Build with Gradle	2026-06-06T12:24:41.6931044Z C/C++: reading expected JSONs
build	Build with Gradle	2026-06-06T12:24:41.6958137Z C/C++: done reading expected JSONs
build	Build with Gradle	2026-06-06T12:24:41.6988338Z C/C++: executing build commands for targets that produce .so files or executables
build	Build with Gradle	2026-06-06T12:24:41.6989763Z C/C++: evaluate miniconfig
build	Build with Gradle	2026-06-06T12:24:41.6990668Z C/C++: evaluate library adb (armeabi-v7a)
build	Build with Gradle	2026-06-06T12:24:41.6999373Z C/C++: building target library adb because no targets are specified.
build	Build with Gradle	2026-06-06T12:24:41.7000512Z C/C++: evaluate library libshizuku.so (armeabi-v7a)
build	Build with Gradle	2026-06-06T12:24:41.7001632Z C/C++: building target library libshizuku.so because no targets are specified.
build	Build with Gradle	2026-06-06T12:24:41.7002710Z C/C++: about to build targets adb, libshizuku.so
build	Build with Gradle	2026-06-06T12:24:41.7003737Z C/C++: Build multiple targets adb_armeabi-v7a libshizuku.so_armeabi-v7a
build	Build with Gradle	2026-06-06T12:24:41.7004711Z C/C++: /usr/local/lib/android/sdk/cmake/3.22.1/bin/ninja \
build	Build with Gradle	2026-06-06T12:24:41.7005267Z   -C \
build	Build with Gradle	2026-06-06T12:24:41.7005785Z   /home/runner/work/ShizukuPlus/ShizukuPlus/manager/.cxx/RelWithDebInfo/686s3g6d/armeabi-v7a \
build	Build with Gradle	2026-06-06T12:24:41.7006375Z   adb \
build	Build with Gradle	2026-06-06T12:24:41.7006697Z   libshizuku.so
build	Build with Gradle	2026-06-06T12:24:41.7006924Z 
build	Build with Gradle	2026-06-06T12:24:41.7008598Z Starting process 'command '/usr/local/lib/android/sdk/cmake/3.22.1/bin/ninja''. Working directory: /home/runner/work/ShizukuPlus/ShizukuPlus/manager Command: /usr/local/lib/android/sdk/cmake/3.22.1/bin/ninja -C /home/runner/work/ShizukuPlus/ShizukuPlus/manager/.cxx/RelWithDebInfo/686s3g6d/armeabi-v7a adb libshizuku.so
build	Build with Gradle	2026-06-06T12:24:41.7010295Z Successfully started process 'command '/usr/local/lib/android/sdk/cmake/3.22.1/bin/ninja''
build	Build with Gradle	2026-06-06T12:24:41.7010797Z C/C++: Received process result: 0
build	Build with Gradle	2026-06-06T12:24:41.7011127Z C/C++: check expected build outputs
build	Build with Gradle	2026-06-06T12:24:41.7011460Z C/C++: build complete
build	Build with Gradle	2026-06-06T12:24:41.7012003Z Resolve mutations for :manager:configureCMakeRelWithDebInfo[x86] (Thread[#161,Execution worker Thread 2,5,main]) started.
build	Build with Gradle	2026-06-06T12:24:41.7012763Z :manager:configureCMakeRelWithDebInfo[x86] (Thread[#161,Execution worker Thread 2,5,main]) started.
build	Build with Gradle	2026-06-06T12:24:42.9752043Z 
build	Build with Gradle	2026-06-06T12:24:42.9762173Z > Task :manager:configureCMakeRelWithDebInfo[x86]
build	Build with Gradle	2026-06-06T12:24:42.9796300Z Caching disabled for task ':manager:configureCMakeRelWithDebInfo[x86]' because:
build	Build with Gradle	2026-06-06T12:24:42.9829283Z   Caching has been disabled for the task
build	Build with Gradle	2026-06-06T12:24:42.9859262Z Task ':manager:configureCMakeRelWithDebInfo[x86]' is not up-to-date because:
build	Build with Gradle	2026-06-06T12:24:42.9904529Z   Task.upToDateWhen is false.
build	Build with Gradle	2026-06-06T12:24:42.9988623Z C/C++: /home/runner/work/ShizukuPlus/ShizukuPlus/manager/src/main/jni/CMakeLists.txt release|x86 : Start JSON generation. Platform version: 24 min SDK version: x86
build	Build with Gradle	2026-06-06T12:24:43.0079645Z C/C++: /home/runner/work/ShizukuPlus/ShizukuPlus/manager/src/main/jni/CMakeLists.txt release|x86 : rebuilding JSON /home/runner/work/ShizukuPlus/ShizukuPlus/manager/.cxx/RelWithDebInfo/686s3g6d/x86/android_gradle_build.json due to:
build	Build with Gradle	2026-06-06T12:24:43.0139365Z C/C++: /home/runner/work/ShizukuPlus/ShizukuPlus/manager/src/main/jni/CMakeLists.txt release|x86 : - no fingerprint file, will remove stale configuration folder
build	Build with Gradle	2026-06-06T12:24:43.0229006Z C/C++: /home/runner/work/ShizukuPlus/ShizukuPlus/manager/src/main/jni/CMakeLists.txt release|x86 : /usr/lib/jvm/temurin-21-jdk-amd64/bin/java \
build	Build with Gradle	2026-06-06T12:24:43.0288421Z   --class-path \
build	Build with Gradle	2026-06-06T12:24:43.0350186Z   /home/runner/.gradle/caches/modules-2/files-2.1/com.google.prefab/cli/2.1.0/aa32fec809c44fa531f01dcfb739b5b3304d3050/cli-2.1.0-all.jar \
build	Build with Gradle	2026-06-06T12:24:43.0408498Z   com.google.prefab.cli.AppKt \
build	Build with Gradle	2026-06-06T12:24:43.0488318Z   --build-system \
build	Build with Gradle	2026-06-06T12:24:43.0518390Z   cmake \
build	Build with Gradle	2026-06-06T12:24:43.0600211Z   --platform \
build	Build with Gradle	2026-06-06T12:24:43.0668555Z   android \
build	Build with Gradle	2026-06-06T12:24:43.0718591Z   --abi \
build	Build with Gradle	2026-06-06T12:24:43.0789168Z   x86 \
build	Build with Gradle	2026-06-06T12:24:43.0868418Z   --os-version \
build	Build with Gradle	2026-06-06T12:24:43.0938304Z   24 \
build	Build with Gradle	2026-06-06T12:24:43.0988362Z   --stl \
build	Build with Gradle	2026-06-06T12:24:43.1048583Z   none \
build	Build with Gradle	2026-06-06T12:24:43.1108631Z   --ndk-version \
build	Build with Gradle	2026-06-06T12:24:43.1188362Z   27 \
build	Build with Gradle	2026-06-06T12:24:43.1248362Z   --output \
build	Build with Gradle	2026-06-06T12:24:43.1308472Z   /tmp/agp-prefab-staging6500784956493487772/staged-cli-output \
build	Build with Gradle	2026-06-06T12:24:43.1368803Z   /home/runner/.gradle/caches/8.14/transforms/c0673a6896f886d42be301918536c345/transformed/boringssl-20250114/prefab \
build	Build with Gradle	2026-06-06T12:24:43.1398968Z   /home/runner/.gradle/caches/8.14/transforms/0229dbc9f57fa8133a9f500f70fe76a8/transformed/libcxx-27.0.12077973/prefab
build	Build with Gradle	2026-06-06T12:24:43.1428068Z 
build	Build with Gradle	2026-06-06T12:24:43.1440469Z Starting process 'command '/home/runner/work/ShizukuPlus/ShizukuPlus/manager/build/intermediates/cxx/RelWithDebInfo/686s3g6d/logs/x86/prefab_command''. Working directory: /home/runner/work/ShizukuPlus/ShizukuPlus/manager Command: /home/runner/work/ShizukuPlus/ShizukuPlus/manager/build/intermediates/cxx/RelWithDebInfo/686s3g6d/logs/x86/prefab_command 
build	Build with Gradle	2026-06-06T12:24:43.1459027Z Successfully started process 'command '/home/runner/work/ShizukuPlus/ShizukuPlus/manager/build/intermediates/cxx/RelWithDebInfo/686s3g6d/logs/x86/prefab_command''
build	Build with Gradle	2026-06-06T12:24:43.1488619Z C/C++: /home/runner/work/ShizukuPlus/ShizukuPlus/manager/src/main/jni/CMakeLists.txt release|x86 : Received process result: 0
build	Build with Gradle	2026-06-06T12:24:43.1490853Z C/C++: /home/runner/work/ShizukuPlus/ShizukuPlus/manager/src/main/jni/CMakeLists.txt release|x86 : removing stale contents from '/home/runner/work/ShizukuPlus/ShizukuPlus/manager/.cxx/RelWithDebInfo/686s3g6d/x86'
build	Build with Gradle	2026-06-06T12:24:43.1493482Z C/C++: /home/runner/work/ShizukuPlus/ShizukuPlus/manager/src/main/jni/CMakeLists.txt release|x86 : created folder '/home/runner/work/ShizukuPlus/ShizukuPlus/manager/.cxx/RelWithDebInfo/686s3g6d/x86'
build	Build with Gradle	2026-06-06T12:24:43.1495763Z C/C++: /home/runner/work/ShizukuPlus/ShizukuPlus/manager/src/main/jni/CMakeLists.txt release|x86 : executing cmake /usr/local/lib/android/sdk/cmake/3.22.1/bin/cmake \
build	Build with Gradle	2026-06-06T12:24:43.1497266Z   -H/home/runner/work/ShizukuPlus/ShizukuPlus/manager/src/main/jni \
build	Build with Gradle	2026-06-06T12:24:43.1498460Z   -DCMAKE_SYSTEM_NAME=Android \
build	Build with Gradle	2026-06-06T12:24:43.1499035Z   -DCMAKE_EXPORT_COMPILE_COMMANDS=ON \
build	Build with Gradle	2026-06-06T12:24:43.1499607Z   -DCMAKE_SYSTEM_VERSION=24 \
build	Build with Gradle	2026-06-06T12:24:43.1500137Z   -DANDROID_PLATFORM=android-24 \
build	Build with Gradle	2026-06-06T12:24:43.1500672Z   -DANDROID_ABI=x86 \
build	Build with Gradle	2026-06-06T12:24:43.1501149Z   -DCMAKE_ANDROID_ARCH_ABI=x86 \
build	Build with Gradle	2026-06-06T12:24:43.1501776Z   -DANDROID_NDK=/usr/local/lib/android/sdk/ndk/27.0.12077973 \
build	Build with Gradle	2026-06-06T12:24:43.1502769Z   -DCMAKE_ANDROID_NDK=/usr/local/lib/android/sdk/ndk/27.0.12077973 \
build	Build with Gradle	2026-06-06T12:24:43.1503855Z   -DCMAKE_TOOLCHAIN_FILE=/usr/local/lib/android/sdk/ndk/27.0.12077973/build/cmake/android.toolchain.cmake \
build	Build with Gradle	2026-06-06T12:24:43.1504993Z   -DCMAKE_MAKE_PROGRAM=/usr/local/lib/android/sdk/cmake/3.22.1/bin/ninja \
build	Build with Gradle	2026-06-06T12:24:43.1506405Z   -DCMAKE_LIBRARY_OUTPUT_DIRECTORY=/home/runner/work/ShizukuPlus/ShizukuPlus/manager/build/intermediates/cxx/RelWithDebInfo/686s3g6d/obj/x86 \
build	Build with Gradle	2026-06-06T12:24:43.1508159Z   -DCMAKE_RUNTIME_OUTPUT_DIRECTORY=/home/runner/work/ShizukuPlus/ShizukuPlus/manager/build/intermediates/cxx/RelWithDebInfo/686s3g6d/obj/x86 \
build	Build with Gradle	2026-06-06T12:24:43.1509536Z   -DCMAKE_BUILD_TYPE=RelWithDebInfo \
build	Build with Gradle	2026-06-06T12:24:43.1510625Z   -DCMAKE_FIND_ROOT_PATH=/home/runner/work/ShizukuPlus/ShizukuPlus/manager/.cxx/RelWithDebInfo/686s3g6d/prefab/x86/prefab \
build	Build with Gradle	2026-06-06T12:24:43.1511961Z   -B/home/runner/work/ShizukuPlus/ShizukuPlus/manager/.cxx/RelWithDebInfo/686s3g6d/x86 \
build	Build with Gradle	2026-06-06T12:24:43.1512799Z   -GNinja \
build	Build with Gradle	2026-06-06T12:24:43.1513206Z   -DANDROID_STL=none \
build	Build with Gradle	2026-06-06T12:24:43.1513665Z   -DANDROID_LD=lld \
build	Build with Gradle	2026-06-06T12:24:43.1514132Z   -Wl,-z,max-page-size=16384
build	Build with Gradle	2026-06-06T12:24:43.1514462Z 
build	Build with Gradle	2026-06-06T12:24:43.1515370Z C/C++: /home/runner/work/ShizukuPlus/ShizukuPlus/manager/src/main/jni/CMakeLists.txt release|x86 : /usr/local/lib/android/sdk/cmake/3.22.1/bin/cmake \
build	Build with Gradle	2026-06-06T12:24:43.1516803Z   -H/home/runner/work/ShizukuPlus/ShizukuPlus/manager/src/main/jni \
build	Build with Gradle	2026-06-06T12:24:43.1578298Z   -DCMAKE_SYSTEM_NAME=Android \
build	Build with Gradle	2026-06-06T12:24:43.1579049Z   -DCMAKE_EXPORT_COMPILE_COMMANDS=ON \
build	Build with Gradle	2026-06-06T12:24:43.1579636Z   -DCMAKE_SYSTEM_VERSION=24 \
build	Build with Gradle	2026-06-06T12:24:43.1580159Z   -DANDROID_PLATFORM=android-24 \
build	Build with Gradle	2026-06-06T12:24:43.1580658Z   -DANDROID_ABI=x86 \
build	Build with Gradle	2026-06-06T12:24:43.1581122Z   -DCMAKE_ANDROID_ARCH_ABI=x86 \
build	Build with Gradle	2026-06-06T12:24:43.1581752Z   -DANDROID_NDK=/usr/local/lib/android/sdk/ndk/27.0.12077973 \
build	Build with Gradle	2026-06-06T12:24:43.1582543Z   -DCMAKE_ANDROID_NDK=/usr/local/lib/android/sdk/ndk/27.0.12077973 \
build	Build with Gradle	2026-06-06T12:24:43.1583565Z   -DCMAKE_TOOLCHAIN_FILE=/usr/local/lib/android/sdk/ndk/27.0.12077973/build/cmake/android.toolchain.cmake \
build	Build with Gradle	2026-06-06T12:24:43.1584622Z   -DCMAKE_MAKE_PROGRAM=/usr/local/lib/android/sdk/cmake/3.22.1/bin/ninja \
build	Build with Gradle	2026-06-06T12:24:43.1585937Z   -DCMAKE_LIBRARY_OUTPUT_DIRECTORY=/home/runner/work/ShizukuPlus/ShizukuPlus/manager/build/intermediates/cxx/RelWithDebInfo/686s3g6d/obj/x86 \
build	Build with Gradle	2026-06-06T12:24:43.1587866Z   -DCMAKE_RUNTIME_OUTPUT_DIRECTORY=/home/runner/work/ShizukuPlus/ShizukuPlus/manager/build/intermediates/cxx/RelWithDebInfo/686s3g6d/obj/x86 \
build	Build with Gradle	2026-06-06T12:24:43.1589069Z   -DCMAKE_BUILD_TYPE=RelWithDebInfo \
build	Build with Gradle	2026-06-06T12:24:43.1590095Z   -DCMAKE_FIND_ROOT_PATH=/home/runner/work/ShizukuPlus/ShizukuPlus/manager/.cxx/RelWithDebInfo/686s3g6d/prefab/x86/prefab \
build	Build with Gradle	2026-06-06T12:24:43.1591390Z   -B/home/runner/work/ShizukuPlus/ShizukuPlus/manager/.cxx/RelWithDebInfo/686s3g6d/x86 \
build	Build with Gradle	2026-06-06T12:24:43.1592175Z   -GNinja \
build	Build with Gradle	2026-06-06T12:24:43.1592597Z   -DANDROID_STL=none \
build	Build with Gradle	2026-06-06T12:24:43.1593063Z   -DANDROID_LD=lld \
build	Build with Gradle	2026-06-06T12:24:43.1593521Z   -Wl,-z,max-page-size=16384
build	Build with Gradle	2026-06-06T12:24:43.1593844Z 
build	Build with Gradle	2026-06-06T12:24:43.1601714Z Starting process 'command '/usr/local/lib/android/sdk/cmake/3.22.1/bin/cmake''. Working directory: /home/runner/work/ShizukuPlus/ShizukuPlus/manager Command: /usr/local/lib/android/sdk/cmake/3.22.1/bin/cmake -H/home/runner/work/ShizukuPlus/ShizukuPlus/manager/src/main/jni -DCMAKE_SYSTEM_NAME=Android -DCMAKE_EXPORT_COMPILE_COMMANDS=ON -DCMAKE_SYSTEM_VERSION=24 -DANDROID_PLATFORM=android-24 -DANDROID_ABI=x86 -DCMAKE_ANDROID_ARCH_ABI=x86 -DANDROID_NDK=/usr/local/lib/android/sdk/ndk/27.0.12077973 -DCMAKE_ANDROID_NDK=/usr/local/lib/android/sdk/ndk/27.0.12077973 -DCMAKE_TOOLCHAIN_FILE=/usr/local/lib/android/sdk/ndk/27.0.12077973/build/cmake/android.toolchain.cmake -DCMAKE_MAKE_PROGRAM=/usr/local/lib/android/sdk/cmake/3.22.1/bin/ninja -DCMAKE_LIBRARY_OUTPUT_DIRECTORY=/home/runner/work/ShizukuPlus/ShizukuPlus/manager/build/intermediates/cxx/RelWithDebInfo/686s3g6d/obj/x86 -DCMAKE_RUNTIME_OUTPUT_DIRECTORY=/home/runner/work/ShizukuPlus/ShizukuPlus/manager/build/intermediates/cxx/RelWithDebInfo/686s3g6d/obj/x86 -DCMAKE_BUILD_TYPE=RelWithDebInfo -DCMAKE_FIND_ROOT_PATH=/home/runner/work/ShizukuPlus/ShizukuPlus/manager/.cxx/RelWithDebInfo/686s3g6d/prefab/x86/prefab -B/home/runner/work/ShizukuPlus/ShizukuPlus/manager/.cxx/RelWithDebInfo/686s3g6d/x86 -GNinja -DANDROID_STL=none -DANDROID_LD=lld -Wl,-z,max-page-size=16384
build	Build with Gradle	2026-06-06T12:24:43.1670199Z Successfully started process 'command '/usr/local/lib/android/sdk/cmake/3.22.1/bin/cmake''
build	Build with Gradle	2026-06-06T12:24:43.1671534Z C/C++: Builing Release...
build	Build with Gradle	2026-06-06T12:24:43.1672045Z C/C++: CMake Warning:
build	Build with Gradle	2026-06-06T12:24:43.1672722Z C/C++:   Manually-specified variables were not used by the project:
build	Build with Gradle	2026-06-06T12:24:43.1673457Z C/C++:     ANDROID_LD
build	Build with Gradle	2026-06-06T12:24:43.1674504Z C/C++: /home/runner/work/ShizukuPlus/ShizukuPlus/manager/src/main/jni/CMakeLists.txt release|x86 : Received process result: 0
build	Build with Gradle	2026-06-06T12:24:43.1677216Z C/C++: /home/runner/work/ShizukuPlus/ShizukuPlus/manager/src/main/jni/CMakeLists.txt release|x86 : Exiting generation of /home/runner/work/ShizukuPlus/ShizukuPlus/manager/.cxx/RelWithDebInfo/686s3g6d/x86/compile_commands.json.bin normally
build	Build with Gradle	2026-06-06T12:24:43.1709534Z C/C++: /home/runner/work/ShizukuPlus/ShizukuPlus/manager/src/main/jni/CMakeLists.txt release|x86 : done executing cmake
build	Build with Gradle	2026-06-06T12:24:43.1712229Z C/C++: /home/runner/work/ShizukuPlus/ShizukuPlus/manager/src/main/jni/CMakeLists.txt release|x86 : hard linked /home/runner/work/ShizukuPlus/ShizukuPlus/manager/.cxx/RelWithDebInfo/686s3g6d/x86/compile_commands.json to /home/runner/work/ShizukuPlus/ShizukuPlus/manager/.cxx/tools/release/x86/compile_commands.json
build	Build with Gradle	2026-06-06T12:24:43.1715156Z C/C++: /home/runner/work/ShizukuPlus/ShizukuPlus/manager/src/main/jni/CMakeLists.txt release|x86 : JSON generation completed without problems
build	Build with Gradle	2026-06-06T12:24:43.1717830Z C/C++: /home/runner/work/ShizukuPlus/ShizukuPlus/manager/src/main/jni/CMakeLists.txt release|x86 : Writing build model to /home/runner/work/ShizukuPlus/ShizukuPlus/manager/build/intermediates/cxx/RelWithDebInfo/686s3g6d/logs/x86/build_model.json
build	Build with Gradle	2026-06-06T12:24:43.1720084Z Resolve mutations for :manager:buildCMakeRelWithDebInfo[x86] (Thread[#161,Execution worker Thread 2,5,main]) started.
build	Build with Gradle	2026-06-06T12:24:43.1721344Z :manager:buildCMakeRelWithDebInfo[x86] (Thread[#161,Execution worker Thread 2,5,main]) started.
build	Build with Gradle	2026-06-06T12:24:43.9750658Z 
build	Build with Gradle	2026-06-06T12:24:43.9804711Z > Task :manager:buildCMakeRelWithDebInfo[x86]
build	Build with Gradle	2026-06-06T12:24:43.9829025Z Deleting stale output file: /home/runner/work/ShizukuPlus/ShizukuPlus/manager/build/intermediates/cxx/RelWithDebInfo/686s3g6d/obj/x86
build	Build with Gradle	2026-06-06T12:24:43.9906204Z Caching disabled for task ':manager:buildCMakeRelWithDebInfo[x86]' because:
build	Build with Gradle	2026-06-06T12:24:43.9938271Z   Caching has been disabled for the task
build	Build with Gradle	2026-06-06T12:24:43.9988558Z Task ':manager:buildCMakeRelWithDebInfo[x86]' is not up-to-date because:
build	Build with Gradle	2026-06-06T12:24:44.0048793Z   Task.upToDateWhen is false.
build	Build with Gradle	2026-06-06T12:24:44.0088767Z C/C++: starting build
build	Build with Gradle	2026-06-06T12:24:44.0138289Z C/C++: reading expected JSONs
build	Build with Gradle	2026-06-06T12:24:44.0159674Z C/C++: done reading expected JSONs
build	Build with Gradle	2026-06-06T12:24:44.0258826Z C/C++: executing build commands for targets that produce .so files or executables
build	Build with Gradle	2026-06-06T12:24:44.0312040Z C/C++: evaluate miniconfig
build	Build with Gradle	2026-06-06T12:24:44.0388863Z C/C++: evaluate library adb (x86)
build	Build with Gradle	2026-06-06T12:24:44.0464583Z C/C++: building target library adb because no targets are specified.
build	Build with Gradle	2026-06-06T12:24:44.0472522Z C/C++: evaluate library libshizuku.so (x86)
build	Build with Gradle	2026-06-06T12:24:44.0473914Z C/C++: building target library libshizuku.so because no targets are specified.
build	Build with Gradle	2026-06-06T12:24:44.0475168Z C/C++: about to build targets adb, libshizuku.so
build	Build with Gradle	2026-06-06T12:24:44.0476056Z C/C++: Build multiple targets adb_x86 libshizuku.so_x86
build	Build with Gradle	2026-06-06T12:24:44.0476963Z C/C++: /usr/local/lib/android/sdk/cmake/3.22.1/bin/ninja \
build	Build with Gradle	2026-06-06T12:24:44.0508241Z   -C \
build	Build with Gradle	2026-06-06T12:24:44.0538396Z   /home/runner/work/ShizukuPlus/ShizukuPlus/manager/.cxx/RelWithDebInfo/686s3g6d/x86 \
build	Build with Gradle	2026-06-06T12:24:44.0539559Z   adb \
build	Build with Gradle	2026-06-06T12:24:44.0565604Z   libshizuku.so
build	Build with Gradle	2026-06-06T12:24:44.0587821Z 
build	Build with Gradle	2026-06-06T12:24:44.0612001Z Starting process 'command '/usr/local/lib/android/sdk/cmake/3.22.1/bin/ninja''. Working directory: /home/runner/work/ShizukuPlus/ShizukuPlus/manager Command: /usr/local/lib/android/sdk/cmake/3.22.1/bin/ninja -C /home/runner/work/ShizukuPlus/ShizukuPlus/manager/.cxx/RelWithDebInfo/686s3g6d/x86 adb libshizuku.so
build	Build with Gradle	2026-06-06T12:24:44.0620452Z Successfully started process 'command '/usr/local/lib/android/sdk/cmake/3.22.1/bin/ninja''
build	Build with Gradle	2026-06-06T12:24:44.0621925Z C/C++: Received process result: 0
build	Build with Gradle	2026-06-06T12:24:44.0622636Z C/C++: check expected build outputs
build	Build with Gradle	2026-06-06T12:24:44.0623288Z C/C++: build complete
build	Build with Gradle	2026-06-06T12:24:44.0624407Z Resolve mutations for :manager:configureCMakeRelWithDebInfo[x86_64] (Thread[#161,Execution worker Thread 2,5,main]) started.
build	Build with Gradle	2026-06-06T12:24:44.0625976Z :manager:configureCMakeRelWithDebInfo[x86_64] (Thread[#161,Execution worker Thread 2,5,main]) started.
build	Build with Gradle	2026-06-06T12:24:45.0787790Z 
build	Build with Gradle	2026-06-06T12:24:45.0818619Z > Task :server:compileReleaseKotlin
build	Build with Gradle	2026-06-06T12:24:45.0820750Z w: file:///home/runner/work/ShizukuPlus/ShizukuPlus/server/src/main/java/rikka/shizuku/server/ApkChangedObservers.kt:48:54 'constructor(p0: String!, p1: Int): FileObserver' is deprecated. Deprecated in Java.
build	Build with Gradle	2026-06-06T12:24:45.0825519Z Finished executing kotlin compiler using DAEMON strategy
build	Build with Gradle	2026-06-06T12:24:45.1834124Z Stored cache entry for task ':server:compileReleaseKotlin' with cache key a472b0bb84507a35f7219e8109049853
build	Build with Gradle	2026-06-06T12:24:45.1919002Z Resolve mutations for :server:compileReleaseJavaWithJavac (Thread[#159,included builds,5,main]) started.
build	Build with Gradle	2026-06-06T12:24:45.2038726Z :server:compileReleaseJavaWithJavac (Thread[#159,included builds,5,main]) started.
build	Build with Gradle	2026-06-06T12:24:45.2067966Z 
build	Build with Gradle	2026-06-06T12:24:45.2188531Z > Task :manager:configureCMakeRelWithDebInfo[x86_64]
build	Build with Gradle	2026-06-06T12:24:45.2278730Z Caching disabled for task ':manager:configureCMakeRelWithDebInfo[x86_64]' because:
build	Build with Gradle	2026-06-06T12:24:45.2338376Z   Caching has been disabled for the task
build	Build with Gradle	2026-06-06T12:24:45.2448673Z Task ':manager:configureCMakeRelWithDebInfo[x86_64]' is not up-to-date because:
build	Build with Gradle	2026-06-06T12:24:45.2538425Z   Task.upToDateWhen is false.
build	Build with Gradle	2026-06-06T12:24:45.2629242Z C/C++: /home/runner/work/ShizukuPlus/ShizukuPlus/manager/src/main/jni/CMakeLists.txt release|x86_64 : Start JSON generation. Platform version: 24 min SDK version: x86_64
build	Build with Gradle	2026-06-06T12:24:45.2680555Z C/C++: /home/runner/work/ShizukuPlus/ShizukuPlus/manager/src/main/jni/CMakeLists.txt release|x86_64 : rebuilding JSON /home/runner/work/ShizukuPlus/ShizukuPlus/manager/.cxx/RelWithDebInfo/686s3g6d/x86_64/android_gradle_build.json due to:
build	Build with Gradle	2026-06-06T12:24:45.2769093Z C/C++: /home/runner/work/ShizukuPlus/ShizukuPlus/manager/src/main/jni/CMakeLists.txt release|x86_64 : - no fingerprint file, will remove stale configuration folder
build	Build with Gradle	2026-06-06T12:24:45.2825080Z C/C++: /home/runner/work/ShizukuPlus/ShizukuPlus/manager/src/main/jni/CMakeLists.txt release|x86_64 : /usr/lib/jvm/temurin-21-jdk-amd64/bin/java \
build	Build with Gradle	2026-06-06T12:24:45.2918387Z   --class-path \
build	Build with Gradle	2026-06-06T12:24:45.3001086Z   /home/runner/.gradle/caches/modules-2/files-2.1/com.google.prefab/cli/2.1.0/aa32fec809c44fa531f01dcfb739b5b3304d3050/cli-2.1.0-all.jar \
build	Build with Gradle	2026-06-06T12:24:45.3098516Z   com.google.prefab.cli.AppKt \
build	Build with Gradle	2026-06-06T12:24:45.3198372Z   --build-system \
build	Build with Gradle	2026-06-06T12:24:45.3228330Z   cmake \
build	Build with Gradle	2026-06-06T12:24:45.3307672Z   --platform \
build	Build with Gradle	2026-06-06T12:24:45.3400675Z   android \
build	Build with Gradle	2026-06-06T12:24:45.3428432Z   --abi \
build	Build with Gradle	2026-06-06T12:24:45.3458542Z   x86_64 \
build	Build with Gradle	2026-06-06T12:24:45.3481125Z   --os-version \
build	Build with Gradle	2026-06-06T12:24:45.3481814Z   24 \
build	Build with Gradle	2026-06-06T12:24:45.3482359Z   --stl \
build	Build with Gradle	2026-06-06T12:24:45.3483091Z   none \
build	Build with Gradle	2026-06-06T12:24:45.3483548Z   --ndk-version \
build	Build with Gradle	2026-06-06T12:24:45.3484049Z   27 \
build	Build with Gradle	2026-06-06T12:24:45.3484544Z   --output \
build	Build with Gradle	2026-06-06T12:24:45.3485238Z   /tmp/agp-prefab-staging9994017395178143447/staged-cli-output \
build	Build with Gradle	2026-06-06T12:24:45.3486845Z   /home/runner/.gradle/caches/8.14/transforms/c0673a6896f886d42be301918536c345/transformed/boringssl-20250114/prefab \
build	Build with Gradle	2026-06-06T12:24:45.3488528Z   /home/runner/.gradle/caches/8.14/transforms/0229dbc9f57fa8133a9f500f70fe76a8/transformed/libcxx-27.0.12077973/prefab
build	Build with Gradle	2026-06-06T12:24:45.3489469Z 
build	Build with Gradle	2026-06-06T12:24:45.3491787Z Starting process 'command '/home/runner/work/ShizukuPlus/ShizukuPlus/manager/build/intermediates/cxx/RelWithDebInfo/686s3g6d/logs/x86_64/prefab_command''. Working directory: /home/runner/work/ShizukuPlus/ShizukuPlus/manager Command: /home/runner/work/ShizukuPlus/ShizukuPlus/manager/build/intermediates/cxx/RelWithDebInfo/686s3g6d/logs/x86_64/prefab_command 
build	Build with Gradle	2026-06-06T12:24:45.3495397Z Successfully started process 'command '/home/runner/work/ShizukuPlus/ShizukuPlus/manager/build/intermediates/cxx/RelWithDebInfo/686s3g6d/logs/x86_64/prefab_command''
build	Build with Gradle	2026-06-06T12:24:45.3511669Z C/C++: /home/runner/work/ShizukuPlus/ShizukuPlus/manager/src/main/jni/CMakeLists.txt release|x86_64 : Received process result: 0
build	Build with Gradle	2026-06-06T12:24:45.3514246Z C/C++: /home/runner/work/ShizukuPlus/ShizukuPlus/manager/src/main/jni/CMakeLists.txt release|x86_64 : removing stale contents from '/home/runner/work/ShizukuPlus/ShizukuPlus/manager/.cxx/RelWithDebInfo/686s3g6d/x86_64'
build	Build with Gradle	2026-06-06T12:24:45.3516923Z C/C++: /home/runner/work/ShizukuPlus/ShizukuPlus/manager/src/main/jni/CMakeLists.txt release|x86_64 : created folder '/home/runner/work/ShizukuPlus/ShizukuPlus/manager/.cxx/RelWithDebInfo/686s3g6d/x86_64'
build	Build with Gradle	2026-06-06T12:24:45.3519627Z C/C++: /home/runner/work/ShizukuPlus/ShizukuPlus/manager/src/main/jni/CMakeLists.txt release|x86_64 : executing cmake /usr/local/lib/android/sdk/cmake/3.22.1/bin/cmake \
build	Build with Gradle	2026-06-06T12:24:45.3521307Z   -H/home/runner/work/ShizukuPlus/ShizukuPlus/manager/src/main/jni \
build	Build with Gradle	2026-06-06T12:24:45.3548140Z   -DCMAKE_SYSTEM_NAME=Android \
build	Build with Gradle	2026-06-06T12:24:45.3578111Z   -DCMAKE_EXPORT_COMPILE_COMMANDS=ON \
build	Build with Gradle	2026-06-06T12:24:45.3608234Z   -DCMAKE_SYSTEM_VERSION=24 \
build	Build with Gradle	2026-06-06T12:24:45.3608991Z   -DANDROID_PLATFORM=android-24 \
build	Build with Gradle	2026-06-06T12:24:45.3638129Z   -DANDROID_ABI=x86_64 \
build	Build with Gradle	2026-06-06T12:24:45.3668172Z   -DCMAKE_ANDROID_ARCH_ABI=x86_64 \
build	Build with Gradle	2026-06-06T12:24:45.3678250Z   -DANDROID_NDK=/usr/local/lib/android/sdk/ndk/27.0.12077973 \
build	Build with Gradle	2026-06-06T12:24:45.3698275Z   -DCMAKE_ANDROID_NDK=/usr/local/lib/android/sdk/ndk/27.0.12077973 \
build	Build with Gradle	2026-06-06T12:24:45.3728742Z   -DCMAKE_TOOLCHAIN_FILE=/usr/local/lib/android/sdk/ndk/27.0.12077973/build/cmake/android.toolchain.cmake \
build	Build with Gradle	2026-06-06T12:24:45.3758325Z   -DCMAKE_MAKE_PROGRAM=/usr/local/lib/android/sdk/cmake/3.22.1/bin/ninja \
build	Build with Gradle	2026-06-06T12:24:45.3759953Z   -DCMAKE_LIBRARY_OUTPUT_DIRECTORY=/home/runner/work/ShizukuPlus/ShizukuPlus/manager/build/intermediates/cxx/RelWithDebInfo/686s3g6d/obj/x86_64 \
build	Build with Gradle	2026-06-06T12:24:45.3788742Z   -DCMAKE_RUNTIME_OUTPUT_DIRECTORY=/home/runner/work/ShizukuPlus/ShizukuPlus/manager/build/intermediates/cxx/RelWithDebInfo/686s3g6d/obj/x86_64 \
build	Build with Gradle	2026-06-06T12:24:45.3790165Z   -DCMAKE_BUILD_TYPE=RelWithDebInfo \
build	Build with Gradle	2026-06-06T12:24:45.3818552Z   -DCMAKE_FIND_ROOT_PATH=/home/runner/work/ShizukuPlus/ShizukuPlus/manager/.cxx/RelWithDebInfo/686s3g6d/prefab/x86_64/prefab \
build	Build with Gradle	2026-06-06T12:24:45.3848457Z   -B/home/runner/work/ShizukuPlus/ShizukuPlus/manager/.cxx/RelWithDebInfo/686s3g6d/x86_64 \
build	Build with Gradle	2026-06-06T12:24:45.3849521Z   -GNinja \
build	Build with Gradle	2026-06-06T12:24:45.3878164Z   -DANDROID_STL=none \
build	Build with Gradle	2026-06-06T12:24:45.3908039Z   -DANDROID_LD=lld \
build	Build with Gradle	2026-06-06T12:24:45.3938091Z   -Wl,-z,max-page-size=16384
build	Build with Gradle	2026-06-06T12:24:45.3938585Z 
build	Build with Gradle	2026-06-06T12:24:45.3968834Z C/C++: /home/runner/work/ShizukuPlus/ShizukuPlus/manager/src/main/jni/CMakeLists.txt release|x86_64 : /usr/local/lib/android/sdk/cmake/3.22.1/bin/cmake \
build	Build with Gradle	2026-06-06T12:24:45.4000643Z   -H/home/runner/work/ShizukuPlus/ShizukuPlus/manager/src/main/jni \
build	Build with Gradle	2026-06-06T12:24:45.4028101Z   -DCMAKE_SYSTEM_NAME=Android \
build	Build with Gradle	2026-06-06T12:24:45.4043764Z   -DCMAKE_EXPORT_COMPILE_COMMANDS=ON \
build	Build with Gradle	2026-06-06T12:24:45.4058101Z   -DCMAKE_SYSTEM_VERSION=24 \
build	Build with Gradle	2026-06-06T12:24:45.4066074Z   -DANDROID_PLATFORM=android-24 \
build	Build with Gradle	2026-06-06T12:24:45.4098455Z   -DANDROID_ABI=x86_64 \
build	Build with Gradle	2026-06-06T12:24:45.4118255Z   -DCMAKE_ANDROID_ARCH_ABI=x86_64 \
build	Build with Gradle	2026-06-06T12:24:45.4128221Z   -DANDROID_NDK=/usr/local/lib/android/sdk/ndk/27.0.12077973 \
build	Build with Gradle	2026-06-06T12:24:45.4158252Z   -DCMAKE_ANDROID_NDK=/usr/local/lib/android/sdk/ndk/27.0.12077973 \
build	Build with Gradle	2026-06-06T12:24:45.4159657Z   -DCMAKE_TOOLCHAIN_FILE=/usr/local/lib/android/sdk/ndk/27.0.12077973/build/cmake/android.toolchain.cmake \
build	Build with Gradle	2026-06-06T12:24:45.4188325Z   -DCMAKE_MAKE_PROGRAM=/usr/local/lib/android/sdk/cmake/3.22.1/bin/ninja \
build	Build with Gradle	2026-06-06T12:24:45.4218958Z   -DCMAKE_LIBRARY_OUTPUT_DIRECTORY=/home/runner/work/ShizukuPlus/ShizukuPlus/manager/build/intermediates/cxx/RelWithDebInfo/686s3g6d/obj/x86_64 \
build	Build with Gradle	2026-06-06T12:24:45.4228801Z   -DCMAKE_RUNTIME_OUTPUT_DIRECTORY=/home/runner/work/ShizukuPlus/ShizukuPlus/manager/build/intermediates/cxx/RelWithDebInfo/686s3g6d/obj/x86_64 \
build	Build with Gradle	2026-06-06T12:24:45.4248189Z   -DCMAKE_BUILD_TYPE=RelWithDebInfo \
build	Build with Gradle	2026-06-06T12:24:45.4278933Z   -DCMAKE_FIND_ROOT_PATH=/home/runner/work/ShizukuPlus/ShizukuPlus/manager/.cxx/RelWithDebInfo/686s3g6d/prefab/x86_64/prefab \
build	Build with Gradle	2026-06-06T12:24:45.4308548Z   -B/home/runner/work/ShizukuPlus/ShizukuPlus/manager/.cxx/RelWithDebInfo/686s3g6d/x86_64 \
build	Build with Gradle	2026-06-06T12:24:45.4312313Z   -GNinja \
build	Build with Gradle	2026-06-06T12:24:45.4338147Z   -DANDROID_STL=none \
build	Build with Gradle	2026-06-06T12:24:45.4368105Z   -DANDROID_LD=lld \
build	Build with Gradle	2026-06-06T12:24:45.4398148Z   -Wl,-z,max-page-size=16384
build	Build with Gradle	2026-06-06T12:24:45.4398678Z 
build	Build with Gradle	2026-06-06T12:24:45.4436298Z Starting process 'command '/usr/local/lib/android/sdk/cmake/3.22.1/bin/cmake''. Working directory: /home/runner/work/ShizukuPlus/ShizukuPlus/manager Command: /usr/local/lib/android/sdk/cmake/3.22.1/bin/cmake -H/home/runner/work/ShizukuPlus/ShizukuPlus/manager/src/main/jni -DCMAKE_SYSTEM_NAME=Android -DCMAKE_EXPORT_COMPILE_COMMANDS=ON -DCMAKE_SYSTEM_VERSION=24 -DANDROID_PLATFORM=android-24 -DANDROID_ABI=x86_64 -DCMAKE_ANDROID_ARCH_ABI=x86_64 -DANDROID_NDK=/usr/local/lib/android/sdk/ndk/27.0.12077973 -DCMAKE_ANDROID_NDK=/usr/local/lib/android/sdk/ndk/27.0.12077973 -DCMAKE_TOOLCHAIN_FILE=/usr/local/lib/android/sdk/ndk/27.0.12077973/build/cmake/android.toolchain.cmake -DCMAKE_MAKE_PROGRAM=/usr/local/lib/android/sdk/cmake/3.22.1/bin/ninja -DCMAKE_LIBRARY_OUTPUT_DIRECTORY=/home/runner/work/ShizukuPlus/ShizukuPlus/manager/build/intermediates/cxx/RelWithDebInfo/686s3g6d/obj/x86_64 -DCMAKE_RUNTIME_OUTPUT_DIRECTORY=/home/runner/work/ShizukuPlus/ShizukuPlus/manager/build/intermediates/cxx/RelWithDebInfo/686s3g6d/obj/x86_64 -DCMAKE_BUILD_TYPE=RelWithDebInfo -DCMAKE_FIND_ROOT_PATH=/home/runner/work/ShizukuPlus/ShizukuPlus/manager/.cxx/RelWithDebInfo/686s3g6d/prefab/x86_64/prefab -B/home/runner/work/ShizukuPlus/ShizukuPlus/manager/.cxx/RelWithDebInfo/686s3g6d/x86_64 -GNinja -DANDROID_STL=none -DANDROID_LD=lld -Wl,-z,max-page-size=16384
build	Build with Gradle	2026-06-06T12:24:45.4468473Z Successfully started process 'command '/usr/local/lib/android/sdk/cmake/3.22.1/bin/cmake''
build	Build with Gradle	2026-06-06T12:24:45.4498199Z C/C++: Builing Release...
build	Build with Gradle	2026-06-06T12:24:45.4519256Z C/C++: CMake Warning:
build	Build with Gradle	2026-06-06T12:24:45.4528263Z C/C++:   Manually-specified variables were not used by the project:
build	Build with Gradle	2026-06-06T12:24:45.4558070Z C/C++:     ANDROID_LD
build	Build with Gradle	2026-06-06T12:24:45.4588583Z C/C++: /home/runner/work/ShizukuPlus/ShizukuPlus/manager/src/main/jni/CMakeLists.txt release|x86_64 : Received process result: 0
build	Build with Gradle	2026-06-06T12:24:45.4619447Z C/C++: /home/runner/work/ShizukuPlus/ShizukuPlus/manager/src/main/jni/CMakeLists.txt release|x86_64 : Exiting generation of /home/runner/work/ShizukuPlus/ShizukuPlus/manager/.cxx/RelWithDebInfo/686s3g6d/x86_64/compile_commands.json.bin normally
build	Build with Gradle	2026-06-06T12:24:45.4622472Z C/C++: /home/runner/work/ShizukuPlus/ShizukuPlus/manager/src/main/jni/CMakeLists.txt release|x86_64 : done executing cmake
build	Build with Gradle	2026-06-06T12:24:45.4634921Z C/C++: /home/runner/work/ShizukuPlus/ShizukuPlus/manager/src/main/jni/CMakeLists.txt release|x86_64 : hard linked /home/runner/work/ShizukuPlus/ShizukuPlus/manager/.cxx/RelWithDebInfo/686s3g6d/x86_64/compile_commands.json to /home/runner/work/ShizukuPlus/ShizukuPlus/manager/.cxx/tools/release/x86_64/compile_commands.json
build	Build with Gradle	2026-06-06T12:24:45.4644034Z C/C++: /home/runner/work/ShizukuPlus/ShizukuPlus/manager/src/main/jni/CMakeLists.txt release|x86_64 : JSON generation completed without problems
build	Build with Gradle	2026-06-06T12:24:45.4648272Z C/C++: /home/runner/work/ShizukuPlus/ShizukuPlus/manager/src/main/jni/CMakeLists.txt release|x86_64 : Writing build model to /home/runner/work/ShizukuPlus/ShizukuPlus/manager/build/intermediates/cxx/RelWithDebInfo/686s3g6d/logs/x86_64/build_model.json
build	Build with Gradle	2026-06-06T12:24:45.4656241Z Resolve mutations for :manager:buildCMakeRelWithDebInfo[x86_64] (Thread[#161,Execution worker Thread 2,5,main]) started.
build	Build with Gradle	2026-06-06T12:24:45.4680224Z :manager:buildCMakeRelWithDebInfo[x86_64] (Thread[#161,Execution worker Thread 2,5,main]) started.
build	Build with Gradle	2026-06-06T12:24:45.5757977Z 
build	Build with Gradle	2026-06-06T12:24:45.5788734Z > Task :database:compileReleaseKotlin
build	Build with Gradle	2026-06-06T12:24:45.5819919Z w: file:///home/runner/work/ShizukuPlus/ShizukuPlus/database/src/main/java/af/shizuku/manager/database/RootCompatHelper.kt:130:35 'static fun newProcess(p0: Array<(out) String!>, p1: Array<(out) String!>?, p2: String?): ShizukuRemoteProcess!' is deprecated. Deprecated in Java.
build	Build with Gradle	2026-06-06T12:24:45.5822355Z Finished executing kotlin compiler using DAEMON strategy
build	Build with Gradle	2026-06-06T12:24:45.6759183Z Stored cache entry for task ':database:compileReleaseKotlin' with cache key 3ce8bcb6836cb7bdcee8262b6e50ea67
build	Build with Gradle	2026-06-06T12:24:45.6809004Z Resolve mutations for :database:compileReleaseJavaWithJavac (Thread[#160,Execution worker,5,main]) started.
build	Build with Gradle	2026-06-06T12:24:45.6829495Z :database:compileReleaseJavaWithJavac (Thread[#160,Execution worker,5,main]) started.
build	Build with Gradle	2026-06-06T12:24:46.1763270Z Note: /home/runner/work/ShizukuPlus/ShizukuPlus/server/src/main/java/rikka/shizuku/server/ShizukuService.java uses or overrides a deprecated API.
build	Build with Gradle	2026-06-06T12:24:46.1764369Z 
build	Build with Gradle	2026-06-06T12:24:46.1796499Z Note: Recompile with -Xlint:deprecation for details.
build	Build with Gradle	2026-06-06T12:24:46.1829004Z Note: /home/runner/work/ShizukuPlus/ShizukuPlus/server/src/main/java/rikka/shizuku/server/ShizukuService.java uses unchecked or unsafe operations.
build	Build with Gradle	2026-06-06T12:24:46.1830425Z > Task :server:compileReleaseJavaWithJavac
build	Build with Gradle	2026-06-06T12:24:46.1844925Z Note: Recompile with -Xlint:unchecked for details.
build	Build with Gradle	2026-06-06T12:24:46.1878363Z Custom actions are attached to task ':server:compileReleaseJavaWithJavac'.
build	Build with Gradle	2026-06-06T12:24:46.1938689Z Build cache key for task ':server:compileReleaseJavaWithJavac' is 37c5461aa86b5c743e587513ff7ee204
build	Build with Gradle	2026-06-06T12:24:46.1951368Z Task ':server:compileReleaseJavaWithJavac' is not up-to-date because:
build	Build with Gradle	2026-06-06T12:24:46.1979267Z   No history is available.
build	Build with Gradle	2026-06-06T12:24:46.2001897Z The input changes require a full rebuild for incremental task ':server:compileReleaseJavaWithJavac'.
build	Build with Gradle	2026-06-06T12:24:46.2048176Z Compilation mode: in-process compilation
build	Build with Gradle	2026-06-06T12:24:46.2049917Z Full recompilation is required because no incremental change information is available. This is usually caused by clean builds or changing compiler arguments.
build	Build with Gradle	2026-06-06T12:24:46.2078295Z Compiling with toolchain '/usr/lib/jvm/temurin-21-jdk-amd64'.
build	Build with Gradle	2026-06-06T12:24:46.2109235Z file or directory '/home/runner/work/ShizukuPlus/ShizukuPlus/server/src/release/java', not found
build	Build with Gradle	2026-06-06T12:24:46.2110393Z Compiling with JDK Java compiler API.
build	Build with Gradle	2026-06-06T12:24:46.2138554Z Class dependency analysis for incremental compilation took 0.02 secs.
build	Build with Gradle	2026-06-06T12:24:46.2168279Z Created classpath snapshot for incremental compilation in 0.032 secs.
build	Build with Gradle	2026-06-06T12:24:46.2198544Z Stored cache entry for task ':server:compileReleaseJavaWithJavac' with cache key 37c5461aa86b5c743e587513ff7ee204
build	Build with Gradle	2026-06-06T12:24:46.2228464Z Resolve mutations for :server:transformReleaseClassesWithAsm (Thread[#159,included builds,5,main]) started.
build	Build with Gradle	2026-06-06T12:24:46.2229962Z :server:transformReleaseClassesWithAsm (Thread[#159,included builds,5,main]) started.
build	Build with Gradle	2026-06-06T12:24:46.2750820Z 
build	Build with Gradle	2026-06-06T12:24:46.2758825Z > Task :database:compileReleaseJavaWithJavac
build	Build with Gradle	2026-06-06T12:24:46.2788994Z file or directory '/home/runner/work/ShizukuPlus/ShizukuPlus/database/build/generated/ksp/release/classes', not found
build	Build with Gradle	2026-06-06T12:24:46.2829716Z file or directory '/home/runner/work/ShizukuPlus/ShizukuPlus/database/build/generated/ksp/release/classes', not found
build	Build with Gradle	2026-06-06T12:24:46.2858476Z Custom actions are attached to task ':database:compileReleaseJavaWithJavac'.
build	Build with Gradle	2026-06-06T12:24:46.2877177Z Build cache key for task ':database:compileReleaseJavaWithJavac' is c8d9565dd3bc72347ea6cc66ce2a839c
build	Build with Gradle	2026-06-06T12:24:46.2887561Z Task ':database:compileReleaseJavaWithJavac' is not up-to-date because:
build	Build with Gradle	2026-06-06T12:24:46.2911954Z   No history is available.
build	Build with Gradle	2026-06-06T12:24:46.2938406Z The input changes require a full rebuild for incremental task ':database:compileReleaseJavaWithJavac'.
build	Build with Gradle	2026-06-06T12:24:46.2968251Z Compilation mode: in-process compilation
build	Build with Gradle	2026-06-06T12:24:46.2998685Z file or directory '/home/runner/work/ShizukuPlus/ShizukuPlus/database/build/generated/ksp/release/classes', not found
build	Build with Gradle	2026-06-06T12:24:46.3028753Z Full recompilation is required because no incremental change information is available. This is usually caused by clean builds or changing compiler arguments.
build	Build with Gradle	2026-06-06T12:24:46.3030410Z Compiling with toolchain '/usr/lib/jvm/temurin-21-jdk-amd64'.
build	Build with Gradle	2026-06-06T12:24:46.3059017Z file or directory '/home/runner/work/ShizukuPlus/ShizukuPlus/database/src/release/java', not found
build	Build with Gradle	2026-06-06T12:24:46.3089795Z Compiling with JDK Java compiler API.
build	Build with Gradle	2026-06-06T12:24:46.3109474Z Class dependency analysis for incremental compilation took 0.014 secs.
build	Build with Gradle	2026-06-06T12:24:46.3141366Z Created classpath snapshot for incremental compilation in 0.047 secs.
build	Build with Gradle	2026-06-06T12:24:46.3142785Z Stored cache entry for task ':database:compileReleaseJavaWithJavac' with cache key c8d9565dd3bc72347ea6cc66ce2a839c
build	Build with Gradle	2026-06-06T12:24:46.3168838Z Resolve mutations for :database:mergeReleaseGeneratedProguardFiles (Thread[#160,Execution worker,5,main]) started.
build	Build with Gradle	2026-06-06T12:24:46.3198600Z :database:mergeReleaseGeneratedProguardFiles (Thread[#160,Execution worker,5,main]) started.
build	Build with Gradle	2026-06-06T12:24:46.3227808Z 
build	Build with Gradle	2026-06-06T12:24:46.3258412Z > Task :database:mergeReleaseGeneratedProguardFiles
build	Build with Gradle	2026-06-06T12:24:46.3259959Z file or directory '/home/runner/work/ShizukuPlus/ShizukuPlus/database/build/generated/ksp/release/classes', not found
build	Build with Gradle	2026-06-06T12:24:46.3288424Z Caching disabled for task ':database:mergeReleaseGeneratedProguardFiles' because:
build	Build with Gradle	2026-06-06T12:24:46.3318171Z   Simple merging task
build	Build with Gradle	2026-06-06T12:24:46.3321680Z Task ':database:mergeReleaseGeneratedProguardFiles' is not up-to-date because:
build	Build with Gradle	2026-06-06T12:24:46.3348617Z   No history is available.
build	Build with Gradle	2026-06-06T12:24:46.3378680Z Resolve mutations for :database:exportReleaseConsumerProguardFiles (Thread[#160,Execution worker,5,main]) started.
build	Build with Gradle	2026-06-06T12:24:46.3408613Z :database:exportReleaseConsumerProguardFiles (Thread[#160,Execution worker,5,main]) started.
build	Build with Gradle	2026-06-06T12:24:46.3750161Z Resolve mutations for :database:bundleLibRuntimeToJarRelease (Thread[#162,Execution worker Thread 3,5,main]) started.
build	Build with Gradle	2026-06-06T12:24:46.3755973Z :database:bundleLibRuntimeToJarRelease (Thread[#162,Execution worker Thread 3,5,main]) started.
build	Build with Gradle	2026-06-06T12:24:46.3756938Z 
build	Build with Gradle	2026-06-06T12:24:46.3757552Z > Task :database:exportReleaseConsumerProguardFiles
build	Build with Gradle	2026-06-06T12:24:46.3758470Z Caching disabled for task ':database:exportReleaseConsumerProguardFiles' because:
build	Build with Gradle	2026-06-06T12:24:46.3759326Z   Caching has been disabled for the task
build	Build with Gradle	2026-06-06T12:24:46.3760196Z Task ':database:exportReleaseConsumerProguardFiles' is not up-to-date because:
build	Build with Gradle	2026-06-06T12:24:46.3761432Z   No history is available.
build	Build with Gradle	2026-06-06T12:24:46.3762514Z work action resolve exportReleaseConsumerProguardFiles (project :database) (Thread[#160,Execution worker,5,main]) started.
build	Build with Gradle	2026-06-06T12:24:46.3763886Z FilterShrinkerRulesTransform (Thread[#160,Execution worker,5,main]) started.
build	Build with Gradle	2026-06-06T12:24:46.3764594Z 
build	Build with Gradle	2026-06-06T12:24:46.3765287Z > Transform exportReleaseConsumerProguardFiles (project :database) with FilterShrinkerRulesTransform
build	Build with Gradle	2026-06-06T12:24:46.3767841Z Caching disabled for FilterShrinkerRulesTransform: /home/runner/work/ShizukuPlus/ShizukuPlus/database/build/intermediates/consumer_proguard_dir/release/exportReleaseConsumerProguardFiles because:
build	Build with Gradle	2026-06-06T12:24:46.3769621Z   Caching not enabled.
build	Build with Gradle	2026-06-06T12:24:46.3770657Z Resolve mutations for :database:bundleLibCompileToJarRelease (Thread[#160,Execution worker,5,main]) started.
build	Build with Gradle	2026-06-06T12:24:46.3772146Z :database:bundleLibCompileToJarRelease (Thread[#160,Execution worker,5,main]) started.
build	Build with Gradle	2026-06-06T12:24:46.3772983Z 
build	Build with Gradle	2026-06-06T12:24:46.3773356Z > Task :database:bundleLibRuntimeToJarRelease
build	Build with Gradle	2026-06-06T12:24:46.3774495Z Caching disabled for task ':database:bundleLibRuntimeToJarRelease' because:
build	Build with Gradle	2026-06-06T12:24:46.3775372Z   Simple merging task
build	Build with Gradle	2026-06-06T12:24:46.3776161Z Task ':database:bundleLibRuntimeToJarRelease' is not up-to-date because:
build	Build with Gradle	2026-06-06T12:24:46.3777029Z   No history is available.
build	Build with Gradle	2026-06-06T12:24:46.3778311Z file or directory '/home/runner/work/ShizukuPlus/ShizukuPlus/database/build/generated/ksp/release/classes', not found
build	Build with Gradle	2026-06-06T12:24:46.3779877Z Resolve mutations for :server:processReleaseJavaRes (Thread[#162,Execution worker Thread 3,5,main]) started.
build	Build with Gradle	2026-06-06T12:24:46.3781238Z :server:processReleaseJavaRes (Thread[#162,Execution worker Thread 3,5,main]) started.
build	Build with Gradle	2026-06-06T12:24:46.3782069Z 
build	Build with Gradle	2026-06-06T12:24:46.3782443Z > Task :database:bundleLibCompileToJarRelease
build	Build with Gradle	2026-06-06T12:24:46.3783390Z Caching disabled for task ':database:bundleLibCompileToJarRelease' because:
build	Build with Gradle	2026-06-06T12:24:46.3784276Z   Simple merging task
build	Build with Gradle	2026-06-06T12:24:46.3785086Z Task ':database:bundleLibCompileToJarRelease' is not up-to-date because:
build	Build with Gradle	2026-06-06T12:24:46.3785974Z   No history is available.
build	Build with Gradle	2026-06-06T12:24:46.3787046Z file or directory '/home/runner/work/ShizukuPlus/ShizukuPlus/database/build/generated/ksp/release/classes', not found
build	Build with Gradle	2026-06-06T12:24:46.3788789Z work action resolve classes.jar (project :database) (Thread[#160,Execution worker,5,main]) started.
build	Build with Gradle	2026-06-06T12:24:46.3790083Z work action resolve classes.jar (project :database) (Thread[#160,Execution worker,5,main]) started.
build	Build with Gradle	2026-06-06T12:24:46.3791269Z AsmClassesTransform (Thread[#160,Execution worker,5,main]) started.
build	Build with Gradle	2026-06-06T12:24:46.3791952Z 
build	Build with Gradle	2026-06-06T12:24:46.3792290Z > Task :server:processReleaseJavaRes
build	Build with Gradle	2026-06-06T12:24:46.3793303Z file or directory '/home/runner/work/ShizukuPlus/ShizukuPlus/server/src/main/resources', not found
build	Build with Gradle	2026-06-06T12:24:46.3794700Z file or directory '/home/runner/work/ShizukuPlus/ShizukuPlus/server/src/release/resources', not found
build	Build with Gradle	2026-06-06T12:24:46.3796098Z file or directory '/home/runner/work/ShizukuPlus/ShizukuPlus/server/src/main/resources', not found
build	Build with Gradle	2026-06-06T12:24:46.3797610Z file or directory '/home/runner/work/ShizukuPlus/ShizukuPlus/server/src/release/resources', not found
build	Build with Gradle	2026-06-06T12:24:46.3798840Z Caching disabled for task ':server:processReleaseJavaRes' because:
build	Build with Gradle	2026-06-06T12:24:46.3799683Z   Caching has been disabled for the task
build	Build with Gradle	2026-06-06T12:24:46.3800526Z Task ':server:processReleaseJavaRes' is not up-to-date because:
build	Build with Gradle	2026-06-06T12:24:46.3801352Z   No history is available.
build	Build with Gradle	2026-06-06T12:24:46.3802297Z file or directory '/home/runner/work/ShizukuPlus/ShizukuPlus/server/src/main/resources', not found
build	Build with Gradle	2026-06-06T12:24:46.3803740Z file or directory '/home/runner/work/ShizukuPlus/ShizukuPlus/server/src/release/resources', not found
build	Build with Gradle	2026-06-06T12:24:46.3805185Z file or directory '/home/runner/work/ShizukuPlus/ShizukuPlus/server/src/main/resources', not found
build	Build with Gradle	2026-06-06T12:24:46.3806605Z file or directory '/home/runner/work/ShizukuPlus/ShizukuPlus/server/src/release/resources', not found
build	Build with Gradle	2026-06-06T12:24:46.3808346Z work action resolve out (project :server) (Thread[#162,Execution worker Thread 3,5,main]) started.
build	Build with Gradle	2026-06-06T12:24:46.3809742Z Resolve mutations for :database:processReleaseJavaRes (Thread[#162,Execution worker Thread 3,5,main]) started.
build	Build with Gradle	2026-06-06T12:24:46.3811089Z :database:processReleaseJavaRes (Thread[#162,Execution worker Thread 3,5,main]) started.
build	Build with Gradle	2026-06-06T12:24:46.3812073Z 
build	Build with Gradle	2026-06-06T12:24:46.3812425Z > Task :database:processReleaseJavaRes
build	Build with Gradle	2026-06-06T12:24:46.3813476Z file or directory '/home/runner/work/ShizukuPlus/ShizukuPlus/database/src/main/resources', not found
build	Build with Gradle	2026-06-06T12:24:46.3814899Z file or directory '/home/runner/work/ShizukuPlus/ShizukuPlus/database/src/release/resources', not found
build	Build with Gradle	2026-06-06T12:24:46.3816479Z file or directory '/home/runner/work/ShizukuPlus/ShizukuPlus/database/build/generated/ksp/release/classes', not found
build	Build with Gradle	2026-06-06T12:24:46.3818326Z file or directory '/home/runner/work/ShizukuPlus/ShizukuPlus/database/build/generated/ksp/release/classes', not found
build	Build with Gradle	2026-06-06T12:24:46.3819929Z file or directory '/home/runner/work/ShizukuPlus/ShizukuPlus/database/src/main/resources', not found
build	Build with Gradle	2026-06-06T12:24:46.3821302Z file or directory '/home/runner/work/ShizukuPlus/ShizukuPlus/database/src/release/resources', not found
build	Build with Gradle	2026-06-06T12:24:46.3822759Z file or directory '/home/runner/work/ShizukuPlus/ShizukuPlus/database/build/generated/ksp/release/classes', not found
build	Build with Gradle	2026-06-06T12:24:46.3824409Z file or directory '/home/runner/work/ShizukuPlus/ShizukuPlus/database/build/generated/ksp/release/classes', not found
build	Build with Gradle	2026-06-06T12:24:46.3825718Z Caching disabled for task ':database:processReleaseJavaRes' because:
build	Build with Gradle	2026-06-06T12:24:46.3826602Z   Caching has been disabled for the task
build	Build with Gradle	2026-06-06T12:24:46.3827581Z Task ':database:processReleaseJavaRes' is not up-to-date because:
build	Build with Gradle	2026-06-06T12:24:46.3828376Z   No history is available.
build	Build with Gradle	2026-06-06T12:24:46.3829378Z file or directory '/home/runner/work/ShizukuPlus/ShizukuPlus/database/src/main/resources', not found
build	Build with Gradle	2026-06-06T12:24:46.3830833Z file or directory '/home/runner/work/ShizukuPlus/ShizukuPlus/database/src/release/resources', not found
build	Build with Gradle	2026-06-06T12:24:46.3832394Z file or directory '/home/runner/work/ShizukuPlus/ShizukuPlus/database/build/generated/ksp/release/classes', not found
build	Build with Gradle	2026-06-06T12:24:46.3834099Z file or directory '/home/runner/work/ShizukuPlus/ShizukuPlus/database/build/generated/ksp/release/classes', not found
build	Build with Gradle	2026-06-06T12:24:46.3835666Z file or directory '/home/runner/work/ShizukuPlus/ShizukuPlus/database/src/main/resources', not found
build	Build with Gradle	2026-06-06T12:24:46.3837139Z file or directory '/home/runner/work/ShizukuPlus/ShizukuPlus/database/src/release/resources', not found
build	Build with Gradle	2026-06-06T12:24:46.3838827Z file or directory '/home/runner/work/ShizukuPlus/ShizukuPlus/database/build/generated/ksp/release/resources', not found
build	Build with Gradle	2026-06-06T12:24:46.3840334Z work action resolve out (project :database) (Thread[#162,Execution worker Thread 3,5,main]) started.
build	Build with Gradle	2026-06-06T12:24:46.4798220Z 
build	Build with Gradle	2026-06-06T12:24:46.4858634Z > Task :manager:buildCMakeRelWithDebInfo[x86_64]
build	Build with Gradle	2026-06-06T12:24:46.4919114Z Deleting stale output file: /home/runner/work/ShizukuPlus/ShizukuPlus/manager/build/intermediates/cxx/RelWithDebInfo/686s3g6d/obj/x86_64
build	Build with Gradle	2026-06-06T12:24:46.4920973Z Caching disabled for task ':manager:buildCMakeRelWithDebInfo[x86_64]' because:
build	Build with Gradle	2026-06-06T12:24:46.4978486Z   Caching has been disabled for the task
build	Build with Gradle	2026-06-06T12:24:46.4999278Z Task ':manager:buildCMakeRelWithDebInfo[x86_64]' is not up-to-date because:
build	Build with Gradle	2026-06-06T12:24:46.5000294Z   Task.upToDateWhen is false.
build	Build with Gradle	2026-06-06T12:24:46.5000832Z C/C++: starting build
build	Build with Gradle	2026-06-06T12:24:46.5001355Z C/C++: reading expected JSONs
build	Build with Gradle	2026-06-06T12:24:46.5001920Z C/C++: done reading expected JSONs
build	Build with Gradle	2026-06-06T12:24:46.5002739Z C/C++: executing build commands for targets that produce .so files or executables
build	Build with Gradle	2026-06-06T12:24:46.5003619Z C/C++: evaluate miniconfig
build	Build with Gradle	2026-06-06T12:24:46.5004186Z C/C++: evaluate library adb (x86_64)
build	Build with Gradle	2026-06-06T12:24:46.5005162Z C/C++: building target library adb because no targets are specified.
build	Build with Gradle	2026-06-06T12:24:46.5006014Z C/C++: evaluate library libshizuku.so (x86_64)
build	Build with Gradle	2026-06-06T12:24:46.5006920Z C/C++: building target library libshizuku.so because no targets are specified.
build	Build with Gradle	2026-06-06T12:24:46.5007953Z C/C++: about to build targets adb, libshizuku.so
build	Build with Gradle	2026-06-06T12:24:46.5008680Z C/C++: Build multiple targets adb_x86_64 libshizuku.so_x86_64
build	Build with Gradle	2026-06-06T12:24:46.5010145Z C/C++: /usr/local/lib/android/sdk/cmake/3.22.1/bin/ninja \
build	Build with Gradle	2026-06-06T12:24:46.5010727Z   -C \
build	Build with Gradle	2026-06-06T12:24:46.5011520Z   /home/runner/work/ShizukuPlus/ShizukuPlus/manager/.cxx/RelWithDebInfo/686s3g6d/x86_64 \
build	Build with Gradle	2026-06-06T12:24:46.5012297Z   adb \
build	Build with Gradle	2026-06-06T12:24:46.5012665Z   libshizuku.so
build	Build with Gradle	2026-06-06T12:24:46.5012987Z 
build	Build with Gradle	2026-06-06T12:24:46.5014824Z Starting process 'command '/usr/local/lib/android/sdk/cmake/3.22.1/bin/ninja''. Working directory: /home/runner/work/ShizukuPlus/ShizukuPlus/manager Command: /usr/local/lib/android/sdk/cmake/3.22.1/bin/ninja -C /home/runner/work/ShizukuPlus/ShizukuPlus/manager/.cxx/RelWithDebInfo/686s3g6d/x86_64 adb libshizuku.so
build	Build with Gradle	2026-06-06T12:24:46.5028982Z Successfully started process 'command '/usr/local/lib/android/sdk/cmake/3.22.1/bin/ninja''
build	Build with Gradle	2026-06-06T12:24:46.5030097Z C/C++: Received process result: 0
build	Build with Gradle	2026-06-06T12:24:46.5030717Z C/C++: check expected build outputs
build	Build with Gradle	2026-06-06T12:24:46.5031299Z C/C++: build complete
build	Build with Gradle	2026-06-06T12:24:46.5032294Z Resolve mutations for :manager:mergeReleaseJniLibFolders (Thread[#161,Execution worker Thread 2,5,main]) started.
build	Build with Gradle	2026-06-06T12:24:46.5033678Z :manager:mergeReleaseJniLibFolders (Thread[#161,Execution worker Thread 2,5,main]) started.
build	Build with Gradle	2026-06-06T12:24:46.5034437Z 
build	Build with Gradle	2026-06-06T12:24:46.5034740Z > Task :manager:mergeReleaseJniLibFolders
build	Build with Gradle	2026-06-06T12:24:46.5035600Z Caching disabled for task ':manager:mergeReleaseJniLibFolders' because:
build	Build with Gradle	2026-06-06T12:24:46.5036434Z   Simple merging task
build	Build with Gradle	2026-06-06T12:24:46.5037114Z Task ':manager:mergeReleaseJniLibFolders' is not up-to-date because:
build	Build with Gradle	2026-06-06T12:24:46.5038036Z   No history is available.
build	Build with Gradle	2026-06-06T12:24:46.5038870Z The input changes require a full rebuild for incremental task ':manager:mergeReleaseJniLibFolders'.
build	Build with Gradle	2026-06-06T12:24:46.5040133Z Resolve mutations for :manager:mergeReleaseNativeLibs (Thread[#161,Execution worker Thread 2,5,main]) started.
build	Build with Gradle	2026-06-06T12:24:46.5041432Z :manager:mergeReleaseNativeLibs (Thread[#161,Execution worker Thread 2,5,main]) started.
build	Build with Gradle	2026-06-06T12:24:46.6777116Z 
build	Build with Gradle	2026-06-06T12:24:46.6786245Z > Transform classes.jar (project :database) with AsmClassesTransform
build	Build with Gradle	2026-06-06T12:24:46.6819823Z Build cache key for AsmClassesTransform: /home/runner/work/ShizukuPlus/ShizukuPlus/database/build/intermediates/runtime_library_classes_jar/release/bundleLibRuntimeToJarRelease/classes.jar is 2528ac375db5f168a760cb58874b6dbb
build	Build with Gradle	2026-06-06T12:24:46.6860459Z Stored cache entry for AsmClassesTransform: /home/runner/work/ShizukuPlus/ShizukuPlus/database/build/intermediates/runtime_library_classes_jar/release/bundleLibRuntimeToJarRelease/classes.jar with cache key 2528ac375db5f168a760cb58874b6dbb
build	Build with Gradle	2026-06-06T12:24:46.9752634Z Resolve mutations for :manager:checkReleaseDuplicateClasses (Thread[#162,Execution worker Thread 3,5,main]) started.
build	Build with Gradle	2026-06-06T12:24:46.9824690Z :manager:checkReleaseDuplicateClasses (Thread[#162,Execution worker Thread 3,5,main]) started.
build	Build with Gradle	2026-06-06T12:24:46.9870594Z 
build	Build with Gradle	2026-06-06T12:24:46.9898365Z > Task :manager:mergeReleaseNativeLibs
build	Build with Gradle	2026-06-06T12:24:47.0009629Z Caching disabled for AarTransform: /home/runner/.gradle/caches/8.14/transforms/693c054b9b80dbf8007dadbf97a7b615/transformed/viewbinding-8.11.1 because:
build	Build with Gradle	2026-06-06T12:24:47.0049442Z   Caching not enabled.
build	Build with Gradle	2026-06-06T12:24:47.0079210Z Caching disabled for AarTransform: /home/runner/.gradle/caches/8.14/transforms/438de03543f1a14021d179b045f7057a/transformed/koin-android-4.0.2 because:
build	Build with Gradle	2026-06-06T12:24:47.0138357Z   Caching not enabled.
build	Build with Gradle	2026-06-06T12:24:47.0169313Z Caching disabled for AarTransform: /home/runner/.gradle/caches/8.14/transforms/373e825be4973449db84049594b600ab/transformed/material-preference-2.0.0-release because:
build	Build with Gradle	2026-06-06T12:24:47.0193029Z   Caching not enabled.
build	Build with Gradle	2026-06-06T12:24:47.0216637Z Caching disabled for AarTransform: /home/runner/.gradle/caches/8.14/transforms/f85a8706e3d3bf4df310b1b8ed66a067/transformed/material-2.7.2 because:
build	Build with Gradle	2026-06-06T12:24:47.0228152Z   Caching not enabled.
build	Build with Gradle	2026-06-06T12:24:47.0251110Z Caching disabled for AarTransform: /home/runner/.gradle/caches/8.14/transforms/6589a5b496d2f82dfc01f076eae8bbc4/transformed/core-ktx-1.4.1-release because:
build	Build with Gradle	2026-06-06T12:24:47.0273692Z   Caching not enabled.
build	Build with Gradle	2026-06-06T12:24:47.0319130Z Caching disabled for AarTransform: /home/runner/.gradle/caches/8.14/transforms/a6084efd8e6c9ff951c8e72453f81ad6/transformed/material-1.14.0-beta01 because:
build	Build with Gradle	2026-06-06T12:24:47.0338745Z   Caching not enabled.
build	Build with Gradle	2026-06-06T12:24:47.0339789Z Caching disabled for AarTransform: /home/runner/.gradle/caches/8.14/transforms/efa565396efa7c69fa280f54041abb1e/transformed/appcompat-1.6.1 because:
build	Build with Gradle	2026-06-06T12:24:47.0340630Z   Caching not enabled.
build	Build with Gradle	2026-06-06T12:24:47.0341941Z Caching disabled for AarTransform: /home/runner/.gradle/caches/8.14/transforms/8187c6742a7c5d0b27744cebd6b9554f/transformed/biometric-ktx-1.2.0-alpha05 because:
build	Build with Gradle	2026-06-06T12:24:47.0343155Z   Caching not enabled.
build	Build with Gradle	2026-06-06T12:24:47.0344228Z Caching disabled for AarTransform: /home/runner/.gradle/caches/8.14/transforms/d898ed95f395a2f368d4bc758e4d1887/transformed/biometric-1.2.0-alpha05 because:
build	Build with Gradle	2026-06-06T12:24:47.0345064Z   Caching not enabled.
build	Build with Gradle	2026-06-06T12:24:47.0346318Z Caching disabled for AarTransform: /home/runner/.gradle/caches/8.14/transforms/2c263715c01736e27b196a80ad5b1fdb/transformed/recyclerview-adapter-1.3.0 because:
build	Build with Gradle	2026-06-06T12:24:47.0347926Z   Caching not enabled.
build	Build with Gradle	2026-06-06T12:24:47.0349212Z Caching disabled for AarTransform: /home/runner/.gradle/caches/8.14/transforms/338cbb5a6afddf9796ee1bfc02c64c98/transformed/recyclerview-ktx-1.3.2 because:
build	Build with Gradle	2026-06-06T12:24:47.0378369Z   Caching not enabled.
build	Build with Gradle	2026-06-06T12:24:47.0409038Z Caching disabled for AarTransform: /home/runner/.gradle/caches/8.14/transforms/4d1f2d6f8fcd4d0456ade74253b328dd/transformed/simplemenu-preference-1.0.3 because:
build	Build with Gradle	2026-06-06T12:24:47.0435599Z   Caching not enabled.
build	Build with Gradle	2026-06-06T12:24:47.0447869Z Caching disabled for AarTransform: /home/runner/.gradle/caches/8.14/transforms/a8ffae57e8eb844c745e6c38f24a5dc3/transformed/preference-1.2.1 because:
build	Build with Gradle	2026-06-06T12:24:47.0449499Z   Caching not enabled.
build	Build with Gradle	2026-06-06T12:24:47.0451440Z Caching disabled for ExtractAarTransform: /home/runner/.gradle/caches/modules-2/files-2.1/me.zhanghai.android.fastscroll/library/1.2.0/5f9d00306523ce05c11b1ceaa3c7594c8a1b0adc/library-1.2.0.aar because:
build	Build with Gradle	2026-06-06T12:24:47.0452680Z   Caching not enabled.
build	Build with Gradle	2026-06-06T12:24:47.0453624Z Caching disabled for AarTransform: /home/runner/.gradle/caches/8.14/transforms/91cba946f7f9db0abb582361d2b98175/transformed/recyclerview-1.4.0 because:
build	Build with Gradle	2026-06-06T12:24:47.0454731Z   Caching not enabled.
build	Build with Gradle	2026-06-06T12:24:47.0455765Z Caching disabled for AarTransform: /home/runner/.gradle/caches/8.14/transforms/59fa63435223e05f0b1b82e5b0b01ed7/transformed/viewpager2-1.1.0-beta02 because:
build	Build with Gradle	2026-06-06T12:24:47.0456804Z   Caching not enabled.
build	Build with Gradle	2026-06-06T12:24:47.0458181Z Caching disabled for AarTransform: /home/runner/.gradle/caches/8.14/transforms/ee981983fc55a7699435ecebe45f87ef/transformed/core-1.4.1-release because:
build	Build with Gradle	2026-06-06T12:24:47.0458877Z   Caching not enabled.
build	Build with Gradle	2026-06-06T12:24:47.0459525Z Caching disabled for AarTransform: /home/runner/.gradle/caches/8.14/transforms/3496351281a372f59379614fd15c5436/transformed/fragment-1.8.7 because:
build	Build with Gradle	2026-06-06T12:24:47.0460164Z   Caching not enabled.
build	Build with Gradle	2026-06-06T12:24:47.0461143Z Caching disabled for AarTransform: /home/runner/.gradle/caches/8.14/transforms/484f1985b8141e4d4ca38f4ab7092551/transformed/library-1.2.0 because:
build	Build with Gradle	2026-06-06T12:24:47.0462165Z   Caching not enabled.
build	Build with Gradle	2026-06-06T12:24:47.0463176Z Caching disabled for AarTransform: /home/runner/.gradle/caches/8.14/transforms/aab493d2bbab5d087a023e9183eede9c/transformed/fragment-ktx-1.8.7 because:
build	Build with Gradle	2026-06-06T12:24:47.0478550Z   Caching not enabled.
build	Build with Gradle	2026-06-06T12:24:47.0480009Z Caching disabled for AarTransform: /home/runner/.gradle/caches/8.14/transforms/f3104eb4796c3cb96709ee2563cfb750/transformed/sentry-android-core-8.40.0 because:
build	Build with Gradle	2026-06-06T12:24:47.0481464Z   Caching not enabled.
build	Build with Gradle	2026-06-06T12:24:47.0482755Z Caching disabled for AarTransform: /home/runner/.gradle/caches/8.14/transforms/62937f105bc4a976ca99fc29e59f8d0f/transformed/activity-1.10.0 because:
build	Build with Gradle	2026-06-06T12:24:47.0484446Z   Caching not enabled.
build	Build with Gradle	2026-06-06T12:24:47.0485744Z Caching disabled for AarTransform: /home/runner/.gradle/caches/8.14/transforms/b7a112fda39b8abfdc2cbb450e5f2f1a/transformed/activity-ktx-1.10.0 because:
build	Build with Gradle	2026-06-06T12:24:47.0487185Z   Caching not enabled.
build	Build with Gradle	2026-06-06T12:24:47.0489082Z Caching disabled for ExtractAarTransform: /home/runner/.gradle/caches/modules-2/files-2.1/androidx.emoji2/emoji2-views-helper/1.2.0/4a22802fc9e88ad232522f04a35d1fdc3e5b4df0/emoji2-views-helper-1.2.0.aar because:
build	Build with Gradle	2026-06-06T12:24:47.0491128Z   Caching not enabled.
build	Build with Gradle	2026-06-06T12:24:47.0492702Z Caching disabled for ExtractAarTransform: /home/runner/.gradle/caches/modules-2/files-2.1/androidx.emoji2/emoji2/1.2.0/2c95c9aa87788e4d9ce692ecfc961db004e57480/emoji2-1.2.0.aar because:
build	Build with Gradle	2026-06-06T12:24:47.0494289Z   Caching not enabled.
build	Build with Gradle	2026-06-06T12:24:47.0495624Z Caching disabled for AarTransform: /home/runner/.gradle/caches/8.14/transforms/5154402d773535e88a1a242ea9ad466a/transformed/emoji2-views-helper-1.2.0 because:
build	Build with Gradle	2026-06-06T12:24:47.0497066Z   Caching not enabled.
build	Build with Gradle	2026-06-06T12:24:47.0508730Z Caching disabled for AarTransform: /home/runner/.gradle/caches/8.14/transforms/d39b45e93aa24a0297878e1eb336ea9a/transformed/loader-1.0.0 because:
build	Build with Gradle	2026-06-06T12:24:47.0510136Z   Caching not enabled.
build	Build with Gradle	2026-06-06T12:24:47.0511276Z Caching disabled for AarTransform: /home/runner/.gradle/caches/8.14/transforms/20c8148c0d0f1eeb1041151d1c55938f/transformed/emoji2-1.2.0 because:
build	Build with Gradle	2026-06-06T12:24:47.0512486Z   Caching not enabled.
build	Build with Gradle	2026-06-06T12:24:47.0538547Z Build cache key for ExtractJniTransform: /home/runner/.gradle/caches/modules-2/files-2.1/androidx.glance/glance-appwidget-external-protobuf/1.1.1/6d2bcb8fb2d00a5513cf681bb2756be459d21b78/glance-appwidget-external-protobuf-1.1.1.jar is 2d743318ac42beabb0be034c0d07de03
build	Build with Gradle	2026-06-06T12:24:47.0541908Z Build cache key for ExtractJniTransform: /home/runner/.gradle/caches/modules-2/files-2.1/androidx.glance/glance-appwidget-proto/1.1.1/a509ef84a63e2584c5afae6e1d5a757e1bae4418/glance-appwidget-proto-1.1.1.jar is 05d2bd277ba7edfb5579840c58f9658d
build	Build with Gradle	2026-06-06T12:24:47.0544561Z Stored cache entry for ExtractJniTransform: /home/runner/.gradle/caches/modules-2/files-2.1/androidx.glance/glance-appwidget-proto/1.1.1/a509ef84a63e2584c5afae6e1d5a757e1bae4418/glance-appwidget-proto-1.1.1.jar with cache key 05d2bd277ba7edfb5579840c58f9658d
build	Build with Gradle	2026-06-06T12:24:47.0548032Z Stored cache entry for ExtractJniTransform: /home/runner/.gradle/caches/modules-2/files-2.1/androidx.glance/glance-appwidget-external-protobuf/1.1.1/6d2bcb8fb2d00a5513cf681bb2756be459d21b78/glance-appwidget-external-protobuf-1.1.1.jar with cache key 2d743318ac42beabb0be034c0d07de03
build	Build with Gradle	2026-06-06T12:24:47.0550710Z Caching disabled for AarTransform: /home/runner/.gradle/caches/8.14/transforms/5c7bf891ae70d7d08b7f06ccb140fad8/transformed/glance-1.1.1 because:
build	Build with Gradle	2026-06-06T12:24:47.0552177Z   Caching not enabled.
build	Build with Gradle	2026-06-06T12:24:47.0553346Z Caching disabled for AarTransform: /home/runner/.gradle/caches/8.14/transforms/0a9f0b23f2ae3b3d671937d923da2cba/transformed/glance-appwidget-1.1.1 because:
build	Build with Gradle	2026-06-06T12:24:47.0554635Z   Caching not enabled.
build	Build with Gradle	2026-06-06T12:24:47.0555807Z Caching disabled for AarTransform: /home/runner/.gradle/caches/8.14/transforms/47fd96da264051fc240ce38134bdde10/transformed/work-runtime-ktx-2.10.4 because:
build	Build with Gradle	2026-06-06T12:24:47.0557042Z   Caching not enabled.
build	Build with Gradle	2026-06-06T12:24:47.0558283Z Caching disabled for AarTransform: /home/runner/.gradle/caches/8.14/transforms/2b232f7e90ed539739f2c0f2684a06f8/transformed/browser-1.8.0 because:
build	Build with Gradle	2026-06-06T12:24:47.0559659Z   Caching not enabled.
build	Build with Gradle	2026-06-06T12:24:47.0560751Z Caching disabled for AarTransform: /home/runner/.gradle/caches/8.14/transforms/ff46523a05730a3410b3d43ab7271bd0/transformed/work-runtime-2.10.4 because:
build	Build with Gradle	2026-06-06T12:24:47.0561924Z   Caching not enabled.
build	Build with Gradle	2026-06-06T12:24:47.0563076Z Caching disabled for AarTransform: /home/runner/.gradle/caches/8.14/transforms/9269236a44d4e397a31d652dc8841c2d/transformed/transition-ktx-1.5.1 because:
build	Build with Gradle	2026-06-06T12:24:47.0564533Z   Caching not enabled.
build	Build with Gradle	2026-06-06T12:24:47.0565723Z Caching disabled for AarTransform: /home/runner/.gradle/caches/8.14/transforms/87467c3c8cd81c6f0e30cc7811d9c0e9/transformed/slidingpanelayout-1.2.0 because:
build	Build with Gradle	2026-06-06T12:24:47.0566962Z   Caching not enabled.
build	Build with Gradle	2026-06-06T12:24:47.0568246Z Caching disabled for AarTransform: /home/runner/.gradle/caches/8.14/transforms/9459b44028168fbe53c4da77adee3cad/transformed/transition-1.5.1 because:
build	Build with Gradle	2026-06-06T12:24:47.0569461Z   Caching not enabled.
build	Build with Gradle	2026-06-06T12:24:47.0570602Z Caching disabled for AarTransform: /home/runner/.gradle/caches/8.14/transforms/c2631671ecbd3d95bfc540fb5557d230/transformed/core-remoteviews-1.1.0 because:
build	Build with Gradle	2026-06-06T12:24:47.0572040Z   Caching not enabled.
build	Build with Gradle	2026-06-06T12:24:47.0573216Z Caching disabled for AarTransform: /home/runner/.gradle/caches/8.14/transforms/33de77d114239838176c165bd9600680/transformed/coordinatorlayout-1.1.0 because:
build	Build with Gradle	2026-06-06T12:24:47.0574493Z   Caching not enabled.
build	Build with Gradle	2026-06-06T12:24:47.0575628Z Caching disabled for AarTransform: /home/runner/.gradle/caches/8.14/transforms/9a6f8cbb6346f3bbb1b98d5903fb48b2/transformed/drawerlayout-1.1.1 because:
build	Build with Gradle	2026-06-06T12:24:47.0576851Z   Caching not enabled.
build	Build with Gradle	2026-06-06T12:24:47.0608531Z Caching disabled for AarTransform: /home/runner/.gradle/caches/8.14/transforms/f32932b768c1c383327c110c6e2f2a04/transformed/viewpager-1.0.0 because:
build	Build with Gradle	2026-06-06T12:24:47.0609894Z   Caching not enabled.
build	Build with Gradle	2026-06-06T12:24:47.0611336Z Caching disabled for AarTransform: /home/runner/.gradle/caches/8.14/transforms/2a1f64bb05593b70cb9126021244d174/transformed/customview-1.2.0 because:
build	Build with Gradle	2026-06-06T12:24:47.0612659Z   Caching not enabled.
build	Build with Gradle	2026-06-06T12:24:47.0613862Z Caching disabled for AarTransform: /home/runner/.gradle/caches/8.14/transforms/38973380b257061575958cac22670390/transformed/dynamicanimation-1.1.0 because:
build	Build with Gradle	2026-06-06T12:24:47.0615139Z   Caching not enabled.
build	Build with Gradle	2026-06-06T12:24:47.0616293Z Caching disabled for AarTransform: /home/runner/.gradle/caches/8.14/transforms/6e4c683cb074c37b2a51c2ee5db07733/transformed/constraintlayout-2.2.1 because:
build	Build with Gradle	2026-06-06T12:24:47.0617842Z   Caching not enabled.
build	Build with Gradle	2026-06-06T12:24:47.0618944Z Caching disabled for AarTransform: /home/runner/.gradle/caches/8.14/transforms/33b1fc6b3ef6a3214537aeecc8df60ab/transformed/coil because:
build	Build with Gradle	2026-06-06T12:24:47.0620118Z   Caching not enabled.
build	Build with Gradle	2026-06-06T12:24:47.0621308Z Caching disabled for AarTransform: /home/runner/.gradle/caches/8.14/transforms/c62f2b60b2174dbc2c05823d7d6abfaa/transformed/coil-network-okhttp because:
build	Build with Gradle	2026-06-06T12:24:47.0622595Z   Caching not enabled.
build	Build with Gradle	2026-06-06T12:24:47.0623759Z Caching disabled for AarTransform: /home/runner/.gradle/caches/8.14/transforms/d49708ff39937cf2dc8a5d58ef34d065/transformed/coil-network-core because:
build	Build with Gradle	2026-06-06T12:24:47.0624947Z   Caching not enabled.
build	Build with Gradle	2026-06-06T12:24:47.0626058Z Caching disabled for AarTransform: /home/runner/.gradle/caches/8.14/transforms/d8facd787edaf28a58d8c622a9331078/transformed/coil-core because:
build	Build with Gradle	2026-06-06T12:24:47.0627250Z   Caching not enabled.
build	Build with Gradle	2026-06-06T12:24:47.0628560Z Caching disabled for AarTransform: /home/runner/.gradle/caches/8.14/transforms/71aa5bf0c4580977b2f3abf550a82d0e/transformed/preference-ktx-1.2.1 because:
build	Build with Gradle	2026-06-06T12:24:47.0629843Z   Caching not enabled.
build	Build with Gradle	2026-06-06T12:24:47.0631013Z Caching disabled for AarTransform: /home/runner/.gradle/caches/8.14/transforms/f7a09b5d37e172440771a3c367250518/transformed/appcompat-resources-1.7.1 because:
build	Build with Gradle	2026-06-06T12:24:47.0632303Z   Caching not enabled.
build	Build with Gradle	2026-06-06T12:24:47.0633570Z Caching disabled for AarTransform: /home/runner/.gradle/caches/8.14/transforms/d697b5d8b45978ec3a98ef1655ea06c8/transformed/vectordrawable-animated-1.1.0 because:
build	Build with Gradle	2026-06-06T12:24:47.0635129Z   Caching not enabled.
build	Build with Gradle	2026-06-06T12:24:47.0636322Z Caching disabled for AarTransform: /home/runner/.gradle/caches/8.14/transforms/dc0275561321685487c64fd075a63c35/transformed/vectordrawable-1.1.0 because:
build	Build with Gradle	2026-06-06T12:24:47.0657907Z   Caching not enabled.
build	Build with Gradle	2026-06-06T12:24:47.0666713Z Caching disabled for AarTransform: /home/runner/.gradle/caches/8.14/transforms/04951a97475aebf6b800f98cdc845e28/transformed/switchbar-1.0.2 because:
build	Build with Gradle	2026-06-06T12:24:47.0668288Z   Caching not enabled.
build	Build with Gradle	2026-06-06T12:24:47.0698384Z Caching disabled for AarTransform: /home/runner/.gradle/caches/8.14/transforms/30676eef3dc22ac269337397d20f7f25/transformed/insets-1.3.0-release because:
build	Build with Gradle	2026-06-06T12:24:47.0699722Z   Caching not enabled.
build	Build with Gradle	2026-06-06T12:24:47.0700915Z Caching disabled for AarTransform: /home/runner/.gradle/caches/8.14/transforms/f44317b6b582e3df5afb18620edd3775/transformed/swiperefreshlayout-1.1.0 because:
build	Build with Gradle	2026-06-06T12:24:47.0702504Z   Caching not enabled.
build	Build with Gradle	2026-06-06T12:24:47.0704199Z Caching disabled for ExtractAarTransform: /home/runner/.gradle/caches/modules-2/files-2.1/androidx.customview/customview-poolingcontainer/1.0.0/579fc832cf0e5be08d8d9571850b50d22d9de3c/customview-poolingcontainer-1.0.0.aar because:
build	Build with Gradle	2026-06-06T12:24:47.0706055Z   Caching not enabled.
build	Build with Gradle	2026-06-06T12:24:47.0707311Z Caching disabled for AarTransform: /home/runner/.gradle/caches/8.14/transforms/c4288f6412f7c6bdcfe961d2f0efb4d2/transformed/graphics-shapes-release because:
build	Build with Gradle	2026-06-06T12:24:47.0708826Z   Caching not enabled.
build	Build with Gradle	2026-06-06T12:24:47.0710490Z Build cache key for ExtractJniTransform: /home/runner/.gradle/caches/modules-2/files-2.1/io.insert-koin/koin-core-viewmodel-jvm/4.0.2/13a8ef50ed8a827de227d1526f7b201aeb02254c/koin-core-viewmodel-jvm-4.0.2.jar is 9599f5db44ad678a5741376357b68513
build	Build with Gradle	2026-06-06T12:24:47.0713039Z Caching disabled for AarTransform: /home/runner/.gradle/caches/8.14/transforms/0f268d830baf1b2adb315c1349db4113/transformed/savedstate-ktx-1.3.1 because:
build	Build with Gradle	2026-06-06T12:24:47.0714375Z   Caching not enabled.
build	Build with Gradle	2026-06-06T12:24:47.0716173Z Stored cache entry for ExtractJniTransform: /home/runner/.gradle/caches/modules-2/files-2.1/io.insert-koin/koin-core-viewmodel-jvm/4.0.2/13a8ef50ed8a827de227d1526f7b201aeb02254c/koin-core-viewmodel-jvm-4.0.2.jar with cache key 9599f5db44ad678a5741376357b68513
build	Build with Gradle	2026-06-06T12:24:47.0719028Z Caching disabled for AarTransform: /home/runner/.gradle/caches/8.14/transforms/f85fca100dc1cfb9faf4b8055f4a62e9/transformed/savedstate-release because:
build	Build with Gradle	2026-06-06T12:24:47.0720334Z   Caching not enabled.
build	Build with Gradle	2026-06-06T12:24:47.0721557Z Caching disabled for AarTransform: /home/runner/.gradle/caches/8.14/transforms/d4dcb12619daf48292cb973faf4c0937/transformed/core-bundle-release because:
build	Build with Gradle	2026-06-06T12:24:47.0722836Z   Caching not enabled.
build	Build with Gradle	2026-06-06T12:24:47.0724035Z Caching disabled for AarTransform: /home/runner/.gradle/caches/8.14/transforms/029a61c97118f0c834c270c0dd5c56c8/transformed/core-ktx-1.16.0 because:
build	Build with Gradle	2026-06-06T12:24:47.0725269Z   Caching not enabled.
build	Build with Gradle	2026-06-06T12:24:47.0726559Z Caching disabled for AarTransform: /home/runner/.gradle/caches/8.14/transforms/6df4a8bec15c81ec5d96711ead8a45f6/transformed/customview-poolingcontainer-1.0.0 because:
build	Build with Gradle	2026-06-06T12:24:47.0758294Z   Caching not enabled.
build	Build with Gradle	2026-06-06T12:24:47.0759938Z Build cache key for ExtractJniTransform: /home/runner/.gradle/caches/modules-2/files-2.1/androidx.lifecycle/lifecycle-common-jvm/2.9.4/ab739bccdb3541983385af169565c7c035d897e7/lifecycle-common-jvm-2.9.4.jar is 0a42cd62877679e541d7f7ebc176afe2
build	Build with Gradle	2026-06-06T12:24:47.0762542Z Caching disabled for ExtractAarTransform: /home/runner/.gradle/caches/modules-2/files-2.1/androidx.window/window/1.0.0/b88a4cb0db4e04827baad7b7d45f57d80e84d08e/window-1.0.0.aar because:
build	Build with Gradle	2026-06-06T12:24:47.0764016Z   Caching not enabled.
build	Build with Gradle	2026-06-06T12:24:47.0765256Z Caching disabled for AarTransform: /home/runner/.gradle/caches/8.14/transforms/5cdb323f179a5400d9eac68baef40b22/transformed/lifecycle-runtime-release because:
build	Build with Gradle	2026-06-06T12:24:47.0766860Z   Caching not enabled.
build	Build with Gradle	2026-06-06T12:24:47.0768884Z Stored cache entry for ExtractJniTransform: /home/runner/.gradle/caches/modules-2/files-2.1/androidx.lifecycle/lifecycle-common-jvm/2.9.4/ab739bccdb3541983385af169565c7c035d897e7/lifecycle-common-jvm-2.9.4.jar with cache key 0a42cd62877679e541d7f7ebc176afe2
build	Build with Gradle	2026-06-06T12:24:47.0771968Z Caching disabled for ExtractAarTransform: /home/runner/.gradle/caches/modules-2/files-2.1/androidx.lifecycle/lifecycle-service/2.9.4/a5cfb1c9642dbec8a9ae90a5afca94f6e9865147/lifecycle-service-2.9.4.aar because:
build	Build with Gradle	2026-06-06T12:24:47.0773922Z   Caching not enabled.
build	Build with Gradle	2026-06-06T12:24:47.0775114Z Caching disabled for AarTransform: /home/runner/.gradle/caches/8.14/transforms/0c66718d94e4554cab2f7d8334723d4c/transformed/lifecycle-viewmodel-2.9.4 because:
build	Build with Gradle	2026-06-06T12:24:47.0776395Z   Caching not enabled.
build	Build with Gradle	2026-06-06T12:24:47.0777669Z Caching disabled for AarTransform: /home/runner/.gradle/caches/8.14/transforms/5424bb4aed8761312b4b26bf9e07d98a/transformed/window-1.0.0 because:
build	Build with Gradle	2026-06-06T12:24:47.0779026Z   Caching not enabled.
build	Build with Gradle	2026-06-06T12:24:47.0780283Z Caching disabled for AarTransform: /home/runner/.gradle/caches/8.14/transforms/20f00e5ccb0364701481c3adff0c0022/transformed/lifecycle-viewmodel-release because:
build	Build with Gradle	2026-06-06T12:24:47.0781671Z   Caching not enabled.
build	Build with Gradle	2026-06-06T12:24:47.0782987Z Caching disabled for AarTransform: /home/runner/.gradle/caches/8.14/transforms/06bc399dfe425f0f5114ba44e76c1318/transformed/lifecycle-viewmodel-savedstate-release because:
build	Build with Gradle	2026-06-06T12:24:47.0784410Z   Caching not enabled.
build	Build with Gradle	2026-06-06T12:24:47.0785654Z Caching disabled for AarTransform: /home/runner/.gradle/caches/8.14/transforms/6fe02a9c6bc1a8d677661f17a75652df/transformed/lifecycle-livedata-core-2.9.4 because:
build	Build with Gradle	2026-06-06T12:24:47.0787012Z   Caching not enabled.
build	Build with Gradle	2026-06-06T12:24:47.0819079Z Caching disabled for ExtractAarTransform: /home/runner/.gradle/caches/modules-2/files-2.1/androidx.lifecycle/lifecycle-process/2.9.4/6b51ead80ff00bb23d5801f08e67aa6b628e07b5/lifecycle-process-2.9.4.aar because:
build	Build with Gradle	2026-06-06T12:24:47.0820977Z   Caching not enabled.
build	Build with Gradle	2026-06-06T12:24:47.0822277Z Caching disabled for AarTransform: /home/runner/.gradle/caches/8.14/transforms/733f565b05217da1a995124053e2952d/transformed/lifecycle-service-2.9.4 because:
build	Build with Gradle	2026-06-06T12:24:47.0823660Z   Caching not enabled.
build	Build with Gradle	2026-06-06T12:24:47.0824919Z Caching disabled for AarTransform: /home/runner/.gradle/caches/8.14/transforms/045e1f63699bdc1710b726e46c8c703d/transformed/lifecycle-runtime-ktx because:
build	Build with Gradle	2026-06-06T12:24:47.0826230Z   Caching not enabled.
build	Build with Gradle	2026-06-06T12:24:47.0827578Z Caching disabled for AarTransform: /home/runner/.gradle/caches/8.14/transforms/0bbb0e176c4adaced1da8fc8c45f5f69/transformed/lifecycle-livedata-2.9.4 because:
build	Build with Gradle	2026-06-06T12:24:47.0828636Z   Caching not enabled.
build	Build with Gradle	2026-06-06T12:24:47.0829293Z Caching disabled for AarTransform: /home/runner/.gradle/caches/8.14/transforms/644a16fcc858b20f0d048c7466f19d9f/transformed/lifecycle-process-2.9.4 because:
build	Build with Gradle	2026-06-06T12:24:47.0829969Z   Caching not enabled.
build	Build with Gradle	2026-06-06T12:24:47.0830646Z Caching disabled for AarTransform: /home/runner/.gradle/caches/8.14/transforms/86daf15fa6531778dc0ccc1fef270dd4/transformed/lifecycle-livedata-core-ktx-2.9.4 because:
build	Build with Gradle	2026-06-06T12:24:47.0831368Z   Caching not enabled.
build	Build with Gradle	2026-06-06T12:24:47.0831977Z Caching disabled for AarTransform: /home/runner/.gradle/caches/8.14/transforms/6afc1b2f65d907779fd871415079443b/transformed/ui-graphics-1.1.1 because:
build	Build with Gradle	2026-06-06T12:24:47.0832626Z   Caching not enabled.
build	Build with Gradle	2026-06-06T12:24:47.0833225Z Caching disabled for AarTransform: /home/runner/.gradle/caches/8.14/transforms/eb0c0593968df75a68be86f7d6f56e03/transformed/ui-unit-1.1.1 because:
build	Build with Gradle	2026-06-06T12:24:47.0833848Z   Caching not enabled.
build	Build with Gradle	2026-06-06T12:24:47.0834445Z Caching disabled for AarTransform: /home/runner/.gradle/caches/8.14/transforms/e243041e7dbb74197d5bc00e0943bf6a/transformed/ui-geometry-1.1.1 because:
build	Build with Gradle	2026-06-06T12:24:47.0835089Z   Caching not enabled.
build	Build with Gradle	2026-06-06T12:24:47.0835879Z Caching disabled for AarTransform: /home/runner/.gradle/caches/8.14/transforms/f9239a1ba9edcb911ae9670e7877c906/transformed/runtime-1.2.1 because:
build	Build with Gradle	2026-06-06T12:24:47.0836518Z   Caching not enabled.
build	Build with Gradle	2026-06-06T12:24:47.0837141Z Caching disabled for AarTransform: /home/runner/.gradle/caches/8.14/transforms/a8b524143b57d8c2908f9c01f30efac2/transformed/sentry-compose-release because:
build	Build with Gradle	2026-06-06T12:24:47.0838250Z   Caching not enabled.
build	Build with Gradle	2026-06-06T12:24:47.0839964Z Build cache key for ExtractJniTransform: /home/runner/.gradle/caches/modules-2/files-2.1/androidx.lifecycle/lifecycle-common-java8/2.9.4/86a8e6b9d0ba0c964fdc7223a38b6ce74bcb24dd/lifecycle-common-java8-2.9.4.jar is 267cebb4d20324e50a3ba9f33e068e03
build	Build with Gradle	2026-06-06T12:24:47.0842166Z Caching disabled for AarTransform: /home/runner/.gradle/caches/8.14/transforms/dc0568acb601ada223da268dc89d9a1a/transformed/lifecycle-livedata-ktx-2.9.4 because:
build	Build with Gradle	2026-06-06T12:24:47.0843258Z   Caching not enabled.
build	Build with Gradle	2026-06-06T12:24:47.0844358Z Caching disabled for AarTransform: /home/runner/.gradle/caches/8.14/transforms/0380dce5195f95e6e343462acaffc231/transformed/lifecycle-resource-livedata-1.0.1-release because:
build	Build with Gradle	2026-06-06T12:24:47.0845619Z   Caching not enabled.
build	Build with Gradle	2026-06-06T12:24:47.0846659Z Caching disabled for AarTransform: /home/runner/.gradle/caches/8.14/transforms/ef0d0ada300b662b4bc2dcd561c4ab70/transformed/lifecycle-viewmodel-ktx-2.9.4 because:
build	Build with Gradle	2026-06-06T12:24:47.0847914Z   Caching not enabled.
build	Build with Gradle	2026-06-06T12:24:47.0849486Z Stored cache entry for ExtractJniTransform: /home/runner/.gradle/caches/modules-2/files-2.1/androidx.lifecycle/lifecycle-common-java8/2.9.4/86a8e6b9d0ba0c964fdc7223a38b6ce74bcb24dd/lifecycle-common-java8-2.9.4.jar with cache key 267cebb4d20324e50a3ba9f33e068e03
build	Build with Gradle	2026-06-06T12:24:47.0851782Z Caching disabled for AarTransform: /home/runner/.gradle/caches/8.14/transforms/8c7c9a78376cd260d7272a1fac1507a0/transformed/datastore-preferences-1.0.0 because:
build	Build with Gradle	2026-06-06T12:24:47.0852867Z   Caching not enabled.
build	Build with Gradle	2026-06-06T12:24:47.0854269Z Build cache key for ExtractJniTransform: /home/runner/.gradle/caches/modules-2/files-2.1/com.airbnb.android/mavericks-common/3.0.9/e4a5cd46cff4ce9d1a3febecf4a60a75a83e7a8a/mavericks-common-3.0.9.jar is f57503e44796b8e044d5557f271722e4
build	Build with Gradle	2026-06-06T12:24:47.0856406Z Caching disabled for AarTransform: /home/runner/.gradle/caches/8.14/transforms/615878ae3b772c18093f4d9e3e195a20/transformed/datastore-1.0.0 because:
build	Build with Gradle	2026-06-06T12:24:47.0857537Z   Caching not enabled.
build	Build with Gradle	2026-06-06T12:24:47.0859003Z Stored cache entry for ExtractJniTransform: /home/runner/.gradle/caches/modules-2/files-2.1/com.airbnb.android/mavericks-common/3.0.9/e4a5cd46cff4ce9d1a3febecf4a60a75a83e7a8a/mavericks-common-3.0.9.jar with cache key f57503e44796b8e044d5557f271722e4
build	Build with Gradle	2026-06-06T12:24:47.0861642Z Build cache key for ExtractJniTransform: /home/runner/.gradle/caches/modules-2/files-2.1/androidx.datastore/datastore-preferences-core/1.0.0/403f64499b9a8994f5f7010329ddd1ee5c919ed5/datastore-preferences-core-1.0.0.jar is e9605f3fdc1464a6846caa7ac736bf35
build	Build with Gradle	2026-06-06T12:24:47.0864144Z Build cache key for ExtractJniTransform: /home/runner/.gradle/caches/modules-2/files-2.1/androidx.datastore/datastore-core/1.0.0/91b04fb657294e2906d95dce6a9e5a851f6125c1/datastore-core-1.0.0.jar is f1bde564e6f38860201fc20beddf91cc
build	Build with Gradle	2026-06-06T12:24:47.0866644Z Stored cache entry for ExtractJniTransform: /home/runner/.gradle/caches/modules-2/files-2.1/androidx.datastore/datastore-core/1.0.0/91b04fb657294e2906d95dce6a9e5a851f6125c1/datastore-core-1.0.0.jar with cache key f1bde564e6f38860201fc20beddf91cc
build	Build with Gradle	2026-06-06T12:24:47.0869455Z Build cache key for ExtractJniTransform: /home/runner/.gradle/caches/modules-2/files-2.1/androidx.concurrent/concurrent-futures-ktx/1.1.0/b4c245baf36d1a9e7defaf3be84f7a2ad4e1c797/concurrent-futures-ktx-1.1.0.jar is 7c73cca571c68b94c6802476e79b0d77
build	Build with Gradle	2026-06-06T12:24:47.0872223Z Stored cache entry for ExtractJniTransform: /home/runner/.gradle/caches/modules-2/files-2.1/androidx.datastore/datastore-preferences-core/1.0.0/403f64499b9a8994f5f7010329ddd1ee5c919ed5/datastore-preferences-core-1.0.0.jar with cache key e9605f3fdc1464a6846caa7ac736bf35
build	Build with Gradle	2026-06-06T12:24:47.0875154Z Stored cache entry for ExtractJniTransform: /home/runner/.gradle/caches/modules-2/files-2.1/androidx.concurrent/concurrent-futures-ktx/1.1.0/b4c245baf36d1a9e7defaf3be84f7a2ad4e1c797/concurrent-futures-ktx-1.1.0.jar with cache key 7c73cca571c68b94c6802476e79b0d77
build	Build with Gradle	2026-06-06T12:24:47.0878050Z Build cache key for ExtractJniTransform: /home/runner/.gradle/caches/modules-2/files-2.1/org.jetbrains.kotlinx/kotlinx-coroutines-core-jvm/1.10.2/4a9f78ef49483748e2c129f3d124b8fa249dafbf/kotlinx-coroutines-core-jvm-1.10.2.jar is e51bb243ae0fd81f1a7fd1347afeb779
build	Build with Gradle	2026-06-06T12:24:47.0880775Z Build cache key for ExtractJniTransform: /home/runner/.gradle/caches/modules-2/files-2.1/androidx.room/room-common/2.6.1/ff1b9580850a9b7eef56554e356628d225785265/room-common-2.6.1.jar is c2e53cb55fe615cd33e69bed2f19c72a
build	Build with Gradle	2026-06-06T12:24:47.0882696Z Caching disabled for AarTransform: /home/runner/.gradle/caches/8.14/transforms/a0f2f8571a731d673f1339b181103682/transformed/room-runtime-2.6.1 because:
build	Build with Gradle	2026-06-06T12:24:47.0883794Z   Caching not enabled.
build	Build with Gradle	2026-06-06T12:24:47.0885125Z Stored cache entry for ExtractJniTransform: /home/runner/.gradle/caches/modules-2/files-2.1/androidx.room/room-common/2.6.1/ff1b9580850a9b7eef56554e356628d225785265/room-common-2.6.1.jar with cache key c2e53cb55fe615cd33e69bed2f19c72a
build	Build with Gradle	2026-06-06T12:24:47.0887857Z Stored cache entry for ExtractJniTransform: /home/runner/.gradle/caches/modules-2/files-2.1/org.jetbrains.kotlinx/kotlinx-coroutines-core-jvm/1.10.2/4a9f78ef49483748e2c129f3d124b8fa249dafbf/kotlinx-coroutines-core-jvm-1.10.2.jar with cache key e51bb243ae0fd81f1a7fd1347afeb779
build	Build with Gradle	2026-06-06T12:24:47.0890123Z Caching disabled for AarTransform: /home/runner/.gradle/caches/8.14/transforms/b7f54caf5fd601a6753bed9729e1530e/transformed/room-ktx-2.6.1 because:
build	Build with Gradle	2026-06-06T12:24:47.0891121Z   Caching not enabled.
build	Build with Gradle	2026-06-06T12:24:47.0892683Z Build cache key for ExtractJniTransform: /home/runner/.gradle/caches/modules-2/files-2.1/org.jetbrains.kotlinx/kotlinx-coroutines-android/1.10.2/c8705d275d81f19e8afaf3ff9b5bf7a4b6b6c19b/kotlinx-coroutines-android-1.10.2.jar is c982e319b6b59fa8d092acfa4733c9ad
build	Build with Gradle	2026-06-06T12:24:47.0894936Z Caching disabled for AarTransform: /home/runner/.gradle/caches/8.14/transforms/b1caf7903885e6dfd466268b50bb28e5/transformed/core-splashscreen-1.0.1 because:
build	Build with Gradle	2026-06-06T12:24:47.0895999Z   Caching not enabled.
build	Build with Gradle	2026-06-06T12:24:47.0896931Z Caching disabled for AarTransform: /home/runner/.gradle/caches/8.14/transforms/ab00c267663707e20a9c28832bd574a2/transformed/timber-5.0.1 because:
build	Build with Gradle	2026-06-06T12:24:47.0898094Z   Caching not enabled.
build	Build with Gradle	2026-06-06T12:24:47.0899121Z Caching disabled for AarTransform: /home/runner/.gradle/caches/8.14/transforms/f59af9a0eace077f0e9ad35c903edb0e/transformed/html-ktx-1.1.2 because:
build	Build with Gradle	2026-06-06T12:24:47.0900104Z   Caching not enabled.
build	Build with Gradle	2026-06-06T12:24:47.0901815Z Stored cache entry for ExtractJniTransform: /home/runner/.gradle/caches/modules-2/files-2.1/org.jetbrains.kotlinx/kotlinx-coroutines-android/1.10.2/c8705d275d81f19e8afaf3ff9b5bf7a4b6b6c19b/kotlinx-coroutines-android-1.10.2.jar with cache key c982e319b6b59fa8d092acfa4733c9ad
build	Build with Gradle	2026-06-06T12:24:47.0904167Z Caching disabled for AarTransform: /home/runner/.gradle/caches/8.14/transforms/5e76c393bb448bcfa0655c68ec471020/transformed/aboutlibraries-core-release because:
build	Build with Gradle	2026-06-06T12:24:47.0905270Z   Caching not enabled.
build	Build with Gradle	2026-06-06T12:24:47.0906894Z Build cache key for ExtractJniTransform: /home/runner/.gradle/caches/modules-2/files-2.1/org.jetbrains.kotlinx/kotlinx-serialization-core-jvm/1.8.0/fe5bb37ab4a3771f14c63e0c333c98bdfeb1d7cc/kotlinx-serialization-core-jvm-1.8.0.jar is 2bc5c2f5e3317030a50c1f3985e780dd
build	Build with Gradle	2026-06-06T12:24:47.0909897Z Build cache key for ExtractJniTransform: /home/runner/.gradle/caches/modules-2/files-2.1/org.jetbrains.kotlin/kotlin-parcelize-runtime/1.8.22/5721a7249b68c1755a2de8f1f8edd7bc59d934e7/kotlin-parcelize-runtime-1.8.22.jar is e811a2a6184b27028367c4dbb56d614f
build	Build with Gradle	2026-06-06T12:24:47.0912789Z Stored cache entry for ExtractJniTransform: /home/runner/.gradle/caches/modules-2/files-2.1/org.jetbrains.kotlin/kotlin-parcelize-runtime/1.8.22/5721a7249b68c1755a2de8f1f8edd7bc59d934e7/kotlin-parcelize-runtime-1.8.22.jar with cache key e811a2a6184b27028367c4dbb56d614f
build	Build with Gradle	2026-06-06T12:24:47.0915863Z Build cache key for ExtractJniTransform: /home/runner/.gradle/caches/modules-2/files-2.1/org.jetbrains.kotlinx/kotlinx-serialization-json-jvm/1.8.0/8253bf6e8c713a3dace54493a838e0f8fd3e08fa/kotlinx-serialization-json-jvm-1.8.0.jar is 107d46d94cbd31bc57999c7856bdb69e
build	Build with Gradle	2026-06-06T12:24:47.0919230Z Stored cache entry for ExtractJniTransform: /home/runner/.gradle/caches/modules-2/files-2.1/org.jetbrains.kotlinx/kotlinx-serialization-core-jvm/1.8.0/fe5bb37ab4a3771f14c63e0c333c98bdfeb1d7cc/kotlinx-serialization-core-jvm-1.8.0.jar with cache key 2bc5c2f5e3317030a50c1f3985e780dd
build	Build with Gradle	2026-06-06T12:24:47.0921834Z Build cache key for ExtractJniTransform: /home/runner/.gradle/caches/modules-2/files-2.1/com.squareup.okhttp3/okhttp/4.12.0/2f4525d4a200e97e1b87449c2cd9bd2e25b7e8cd/okhttp-4.12.0.jar is 5248f1c49113c73c2728542af05240a4
build	Build with Gradle	2026-06-06T12:24:47.0924009Z Caching disabled for AarTransform: /home/runner/.gradle/caches/8.14/transforms/bd37fa4ac9a923d774be35a04b675e9d/transformed/sentry-android-timber-8.40.0 because:
build	Build with Gradle	2026-06-06T12:24:47.0925167Z   Caching not enabled.
build	Build with Gradle	2026-06-06T12:24:47.0926591Z Stored cache entry for ExtractJniTransform: /home/runner/.gradle/caches/modules-2/files-2.1/com.squareup.okhttp3/okhttp/4.12.0/2f4525d4a200e97e1b87449c2cd9bd2e25b7e8cd/okhttp-4.12.0.jar with cache key 5248f1c49113c73c2728542af05240a4
build	Build with Gradle	2026-06-06T12:24:47.0929289Z Stored cache entry for ExtractJniTransform: /home/runner/.gradle/caches/modules-2/files-2.1/org.jetbrains.kotlinx/kotlinx-serialization-json-jvm/1.8.0/8253bf6e8c713a3dace54493a838e0f8fd3e08fa/kotlinx-serialization-json-jvm-1.8.0.jar with cache key 107d46d94cbd31bc57999c7856bdb69e
build	Build with Gradle	2026-06-06T12:24:47.0931701Z Caching disabled for AarTransform: /home/runner/.gradle/caches/8.14/transforms/82c33335d6daf0ba2c2d3106c603ebc3/transformed/sqlite-framework-2.4.0 because:
build	Build with Gradle	2026-06-06T12:24:47.0932844Z   Caching not enabled.
build	Build with Gradle	2026-06-06T12:24:47.0934188Z Build cache key for ExtractJniTransform: /home/runner/.gradle/caches/modules-2/files-2.1/io.sentry/sentry-okhttp/8.40.0/fe1f9836ef751c68e8bec7c7182e1328d4ec2e19/sentry-okhttp-8.40.0.jar is 3dce9f7d1d335cc95dae365a3c665c3d
build	Build with Gradle	2026-06-06T12:24:47.0936197Z Caching disabled for AarTransform: /home/runner/.gradle/caches/8.14/transforms/f5dc25b733d8c7664560d889ae0ff956/transformed/sqlite-2.4.0 because:
build	Build with Gradle	2026-06-06T12:24:47.0937234Z   Caching not enabled.
build	Build with Gradle	2026-06-06T12:24:47.0938798Z Stored cache entry for ExtractJniTransform: /home/runner/.gradle/caches/modules-2/files-2.1/io.sentry/sentry-okhttp/8.40.0/fe1f9836ef751c68e8bec7c7182e1328d4ec2e19/sentry-okhttp-8.40.0.jar with cache key 3dce9f7d1d335cc95dae365a3c665c3d
build	Build with Gradle	2026-06-06T12:24:47.0940978Z Caching disabled for AarTransform: /home/runner/.gradle/caches/8.14/transforms/a6341a3e8d2c382078fb8f297369ac51/transformed/sentry-android-sqlite-8.40.0 because:
build	Build with Gradle	2026-06-06T12:24:47.0942080Z   Caching not enabled.
build	Build with Gradle	2026-06-06T12:24:47.0943101Z Caching disabled for AarTransform: /home/runner/.gradle/caches/8.14/transforms/5d7fa8ac1f6ab741b32c1fc4bc71bdf6/transformed/compatibility-2.0.0 because:
build	Build with Gradle	2026-06-06T12:24:47.0944148Z   Caching not enabled.
build	Build with Gradle	2026-06-06T12:24:47.0945575Z Build cache key for ExtractJniTransform: /home/runner/.gradle/caches/modules-2/files-2.1/org.jetbrains.kotlin/kotlin-stdlib-jdk8/1.9.24/a2f6d82081a54b52ceb120c5a18f87402ccab0c/kotlin-stdlib-jdk8-1.9.24.jar is f8eaa21c64dc74f37f6c2f26074ab627
build	Build with Gradle	2026-06-06T12:24:47.0948392Z Build cache key for ExtractJniTransform: /home/runner/.gradle/caches/modules-2/files-2.1/org.jetbrains.kotlin/kotlin-android-extensions-runtime/1.8.22/7eb8360f8e75c84ab1ed048edf5e16c8b57cf551/kotlin-android-extensions-runtime-1.8.22.jar is 72339d81284ba0bcf13a80c5a093249e
build	Build with Gradle	2026-06-06T12:24:47.0950629Z Caching disabled for AarTransform: /home/runner/.gradle/caches/8.14/transforms/6a51a01fd16264a83e0f0feeab00d6ea/transformed/layoutinflater-1.3.0 because:
build	Build with Gradle	2026-06-06T12:24:47.0951853Z   Caching not enabled.
build	Build with Gradle	2026-06-06T12:24:47.0953360Z Stored cache entry for ExtractJniTransform: /home/runner/.gradle/caches/modules-2/files-2.1/org.jetbrains.kotlin/kotlin-stdlib-jdk8/1.9.24/a2f6d82081a54b52ceb120c5a18f87402ccab0c/kotlin-stdlib-jdk8-1.9.24.jar with cache key f8eaa21c64dc74f37f6c2f26074ab627
build	Build with Gradle	2026-06-06T12:24:47.0955677Z Caching disabled for AarTransform: /home/runner/.gradle/caches/8.14/transforms/7cb87b818b30498bcde5bf59509b305b/transformed/appiconloader-1.5.0 because:
build	Build with Gradle	2026-06-06T12:24:47.0956870Z   Caching not enabled.
build	Build with Gradle	2026-06-06T12:24:47.0957934Z Caching disabled for AarTransform: /home/runner/.gradle/caches/8.14/transforms/b2e7fb1ff7f260dce39e55cb27088efd/transformed/cardview-1.0.0 because:
build	Build with Gradle	2026-06-06T12:24:47.0958932Z   Caching not enabled.
build	Build with Gradle	2026-06-06T12:24:47.0960664Z Build cache key for ExtractJniTransform: /home/runner/.gradle/caches/modules-2/files-2.1/androidx.resourceinspection/resourceinspection-annotation/1.0.1/8c21f8ff5d96d5d52c948707f7e4d6ca6773feef/resourceinspection-annotation-1.0.1.jar is 02361d03d390bc3b12a53c09556f597a
build	Build with Gradle	2026-06-06T12:24:47.0963113Z Caching disabled for AarTransform: /home/runner/.gradle/caches/8.14/transforms/af1849ac59ea9b10c0df81a67570c855/transformed/cursoradapter-1.0.0 because:
build	Build with Gradle	2026-06-06T12:24:47.0964194Z   Caching not enabled.
build	Build with Gradle	2026-06-06T12:24:47.0966005Z Stored cache entry for ExtractJniTransform: /home/runner/.gradle/caches/modules-2/files-2.1/org.jetbrains.kotlin/kotlin-android-extensions-runtime/1.8.22/7eb8360f8e75c84ab1ed048edf5e16c8b57cf551/kotlin-android-extensions-runtime-1.8.22.jar with cache key 72339d81284ba0bcf13a80c5a093249e
build	Build with Gradle	2026-06-06T12:24:47.0969414Z Stored cache entry for ExtractJniTransform: /home/runner/.gradle/caches/modules-2/files-2.1/androidx.resourceinspection/resourceinspection-annotation/1.0.1/8c21f8ff5d96d5d52c948707f7e4d6ca6773feef/resourceinspection-annotation-1.0.1.jar with cache key 02361d03d390bc3b12a53c09556f597a
build	Build with Gradle	2026-06-06T12:24:47.0971810Z Caching disabled for AarTransform: /home/runner/.gradle/caches/8.14/transforms/b7fdebfd9343bbc576a29ab8d68fb354/transformed/lazy-2.0.0 because:
build	Build with Gradle	2026-06-06T12:24:47.0972857Z   Caching not enabled.
build	Build with Gradle	2026-06-06T12:24:47.0973816Z Caching disabled for AarTransform: /home/runner/.gradle/caches/8.14/transforms/e5742399012525e0edda6cc8d9ad7262/transformed/html-1.1.2 because:
build	Build with Gradle	2026-06-06T12:24:47.0974815Z   Caching not enabled.
build	Build with Gradle	2026-06-06T12:24:47.0975993Z Caching disabled for ExtractAarTransform: /home/runner/.gradle/caches/modules-2/files-2.1/me.zhanghai.android.appiconloader/appiconloader-iconloaderlib/1.5.0/44b7458f28a834d4020bd2b2daa862712903e757/appiconloader-iconloaderlib-1.5.0.aar because:
build	Build with Gradle	2026-06-06T12:24:47.0976992Z   Caching not enabled.
build	Build with Gradle	2026-06-06T12:24:47.0977965Z Build cache key for ExtractJniTransform: /home/runner/.gradle/caches/modules-2/files-2.1/androidx.collection/collection-ktx/1.4.2/2ad14aed781c4a73ed4dbb421966d408a0a06686/collection-ktx-1.4.2.jar is 348d3282ffb7336e3d3fbba9c808454c
build	Build with Gradle	2026-06-06T12:24:47.0979369Z Caching disabled for ExtractAarTransform: /home/runner/.gradle/caches/modules-2/files-2.1/androidx.tracing/tracing-ktx/1.2.0/f151f88aed5054c9db05c90acb6b09728d3b1d81/tracing-ktx-1.2.0.aar because:
build	Build with Gradle	2026-06-06T12:24:47.0980172Z   Caching not enabled.
build	Build with Gradle	2026-06-06T12:24:47.0981082Z Stored cache entry for ExtractJniTransform: /home/runner/.gradle/caches/modules-2/files-2.1/androidx.collection/collection-ktx/1.4.2/2ad14aed781c4a73ed4dbb421966d408a0a06686/collection-ktx-1.4.2.jar with cache key 348d3282ffb7336e3d3fbba9c808454c
build	Build with Gradle	2026-06-06T12:24:47.0982371Z Caching disabled for AarTransform: /home/runner/.gradle/caches/8.14/transforms/2c8372c00787b5e2af17c392510a0378/transformed/mavericks-3.0.9 because:
build	Build with Gradle	2026-06-06T12:24:47.0983015Z   Caching not enabled.
build	Build with Gradle	2026-06-06T12:24:47.0983965Z Build cache key for ExtractJniTransform: /home/runner/.gradle/caches/modules-2/files-2.1/androidx.constraintlayout/constraintlayout-core/1.1.1/f7ab6170b99b9421bd4942846426ff820b552f7d/constraintlayout-core-1.1.1.jar is cce9971b056aed64b06c9088da65c030
build	Build with Gradle	2026-06-06T12:24:47.0985541Z Caching disabled for AarTransform: /home/runner/.gradle/caches/8.14/transforms/def85582213ab2870d896da947e1bd2a/transformed/appiconloader-iconloaderlib-1.5.0 because:
build	Build with Gradle	2026-06-06T12:24:47.0986264Z   Caching not enabled.
build	Build with Gradle	2026-06-06T12:24:47.0987252Z Stored cache entry for ExtractJniTransform: /home/runner/.gradle/caches/modules-2/files-2.1/androidx.constraintlayout/constraintlayout-core/1.1.1/f7ab6170b99b9421bd4942846426ff820b552f7d/constraintlayout-core-1.1.1.jar with cache key cce9971b056aed64b06c9088da65c030
build	Build with Gradle	2026-06-06T12:24:47.0988978Z Caching disabled for ExtractAarTransform: /home/runner/.gradle/caches/modules-2/files-2.1/androidx.exifinterface/exifinterface/1.4.2/21394465747d1a9f68297058907db6984e610772/exifinterface-1.4.2.aar because:
build	Build with Gradle	2026-06-06T12:24:47.0989805Z   Caching not enabled.
build	Build with Gradle	2026-06-06T12:24:47.0990679Z Build cache key for ExtractJniTransform: /home/runner/.gradle/caches/modules-2/files-2.1/androidx.annotation/annotation-jvm/1.9.1/b17951747e38bf3986a24431b9ba0d039958aa5f/annotation-jvm-1.9.1.jar is d3fbeb68e0de9b8afb308f14afded41e
build	Build with Gradle	2026-06-06T12:24:47.0992102Z Caching disabled for ExtractAarTransform: /home/runner/.gradle/caches/modules-2/files-2.1/androidx.compose.ui/ui-util/1.1.1/421444db8f7ccee5de949a9fdc09ac3812503c/ui-util-1.1.1.aar because:
build	Build with Gradle	2026-06-06T12:24:47.0992886Z   Caching not enabled.
build	Build with Gradle	2026-06-06T12:24:47.0993792Z Stored cache entry for ExtractJniTransform: /home/runner/.gradle/caches/modules-2/files-2.1/androidx.annotation/annotation-jvm/1.9.1/b17951747e38bf3986a24431b9ba0d039958aa5f/annotation-jvm-1.9.1.jar with cache key d3fbeb68e0de9b8afb308f14afded41e
build	Build with Gradle	2026-06-06T12:24:47.0995082Z Caching disabled for AarTransform: /home/runner/.gradle/caches/8.14/transforms/0f8fd961fa88f172b795e954c693c5a2/transformed/tracing-ktx-1.2.0 because:
build	Build with Gradle	2026-06-06T12:24:47.0995736Z   Caching not enabled.
build	Build with Gradle	2026-06-06T12:24:47.0996644Z Build cache key for ExtractJniTransform: /home/runner/.gradle/caches/modules-2/files-2.1/org.jetbrains.kotlin/kotlin-stdlib-jdk7/1.9.24/46b6e1099acabc71feca1c0013deee78e6793d07/kotlin-stdlib-jdk7-1.9.24.jar is 19c08c17a4dba511426564d2668ef5f1
build	Build with Gradle	2026-06-06T12:24:47.0998235Z Build cache key for ExtractJniTransform: /home/runner/.gradle/caches/modules-2/files-2.1/io.insert-koin/koin-core-jvm/4.0.2/afb9659798a7afc720afdc2d745a959e9d598fc9/koin-core-jvm-4.0.2.jar is b419c7eb661f088a537c053d30b19334
build	Build with Gradle	2026-06-06T12:24:47.0999707Z Stored cache entry for ExtractJniTransform: /home/runner/.gradle/caches/modules-2/files-2.1/io.insert-koin/koin-core-jvm/4.0.2/afb9659798a7afc720afdc2d745a959e9d598fc9/koin-core-jvm-4.0.2.jar with cache key b419c7eb661f088a537c053d30b19334
build	Build with Gradle	2026-06-06T12:24:47.1001301Z Stored cache entry for ExtractJniTransform: /home/runner/.gradle/caches/modules-2/files-2.1/org.jetbrains.kotlin/kotlin-stdlib-jdk7/1.9.24/46b6e1099acabc71feca1c0013deee78e6793d07/kotlin-stdlib-jdk7-1.9.24.jar with cache key 19c08c17a4dba511426564d2668ef5f1
build	Build with Gradle	2026-06-06T12:24:47.1002613Z Caching disabled for AarTransform: /home/runner/.gradle/caches/8.14/transforms/acaa3cdd1b8646165db9384aee71e410/transformed/ui-util-1.1.1 because:
build	Build with Gradle	2026-06-06T12:24:47.1003253Z   Caching not enabled.
build	Build with Gradle	2026-06-06T12:24:47.1003860Z Caching disabled for AarTransform: /home/runner/.gradle/caches/8.14/transforms/96dabcaf2d8839737bfa5e7bcc9c8d29/transformed/exifinterface-1.4.2 because:
build	Build with Gradle	2026-06-06T12:24:47.1004509Z   Caching not enabled.
build	Build with Gradle	2026-06-06T12:24:47.1005538Z Build cache key for ExtractJniTransform: /home/runner/.gradle/caches/modules-2/files-2.1/org.jetbrains.kotlinx/kotlinx-collections-immutable-jvm/0.3.8/6119a57df1ad662593dfe21954898183c6c933b4/kotlinx-collections-immutable-jvm-0.3.8.jar is cf4f6b845dc46f3425cb7669a32f8723
build	Build with Gradle	2026-06-06T12:24:47.1008172Z Build cache key for ExtractJniTransform: /home/runner/.gradle/caches/modules-2/files-2.1/co.touchlab/stately-concurrent-collections-jvm/2.1.0/5c03b644537d7926a8f77e5735a8bebb55dafdcd/stately-concurrent-collections-jvm-2.1.0.jar is bb32f00dd1a18382772838cbdf9fceb4
build	Build with Gradle	2026-06-06T12:24:47.1010224Z Caching disabled for AarTransform: /home/runner/.gradle/caches/8.14/transforms/fdd7a2f71d98268b12d6291e62912d0b/transformed/lottie-6.6.2 because:
build	Build with Gradle	2026-06-06T12:24:47.1011261Z   Caching not enabled.
build	Build with Gradle	2026-06-06T12:24:47.1012649Z Build cache key for ExtractJniTransform: /home/runner/.gradle/caches/modules-2/files-2.1/co.touchlab/stately-concurrency-jvm/2.1.0/6285428408c4d7e4a6d9a09511de877103effd81/stately-concurrency-jvm-2.1.0.jar is 7c622dc05eec391a38edfd84bf677ada
build	Build with Gradle	2026-06-06T12:24:47.1015615Z Stored cache entry for ExtractJniTransform: /home/runner/.gradle/caches/modules-2/files-2.1/org.jetbrains.kotlinx/kotlinx-collections-immutable-jvm/0.3.8/6119a57df1ad662593dfe21954898183c6c933b4/kotlinx-collections-immutable-jvm-0.3.8.jar with cache key cf4f6b845dc46f3425cb7669a32f8723
build	Build with Gradle	2026-06-06T12:24:47.1018774Z Stored cache entry for ExtractJniTransform: /home/runner/.gradle/caches/modules-2/files-2.1/co.touchlab/stately-concurrent-collections-jvm/2.1.0/5c03b644537d7926a8f77e5735a8bebb55dafdcd/stately-concurrent-collections-jvm-2.1.0.jar with cache key bb32f00dd1a18382772838cbdf9fceb4
build	Build with Gradle	2026-06-06T12:24:47.1021509Z Build cache key for ExtractJniTransform: /home/runner/.gradle/caches/modules-2/files-2.1/co.touchlab/stately-strict-jvm/2.1.0/3ae8369209065455f4630793bf6aca0fb88c8b6b/stately-strict-jvm-2.1.0.jar is b01433a5e85883dd6e42e93c2103fcc4
build	Build with Gradle	2026-06-06T12:24:47.1024171Z Stored cache entry for ExtractJniTransform: /home/runner/.gradle/caches/modules-2/files-2.1/co.touchlab/stately-concurrency-jvm/2.1.0/6285428408c4d7e4a6d9a09511de877103effd81/stately-concurrency-jvm-2.1.0.jar with cache key 7c622dc05eec391a38edfd84bf677ada
build	Build with Gradle	2026-06-06T12:24:47.1025759Z Build cache key for ExtractJniTransform: /home/runner/.gradle/caches/modules-2/files-2.1/com.squareup.okio/okio-jvm/3.16.4/ceb794cf0bbf8d0d20f49aa91ce20db7fd77675d/okio-jvm-3.16.4.jar is eab9e1c0623521a10273fc21d4335589
build	Build with Gradle	2026-06-06T12:24:47.1027255Z Stored cache entry for ExtractJniTransform: /home/runner/.gradle/caches/modules-2/files-2.1/co.touchlab/stately-strict-jvm/2.1.0/3ae8369209065455f4630793bf6aca0fb88c8b6b/stately-strict-jvm-2.1.0.jar with cache key b01433a5e85883dd6e42e93c2103fcc4
build	Build with Gradle	2026-06-06T12:24:47.1028940Z Build cache key for ExtractJniTransform: /home/runner/.gradle/caches/modules-2/files-2.1/org.jetbrains.kotlin/kotlin-stdlib/2.3.10/8b80e2f80a3b7daa99c16017f91d4c72cd8b31a6/kotlin-stdlib-2.3.10.jar is aa7d134d521119ea6072dd46bd80ad29
build	Build with Gradle	2026-06-06T12:24:47.1030434Z Stored cache entry for ExtractJniTransform: /home/runner/.gradle/caches/modules-2/files-2.1/com.squareup.okio/okio-jvm/3.16.4/ceb794cf0bbf8d0d20f49aa91ce20db7fd77675d/okio-jvm-3.16.4.jar with cache key eab9e1c0623521a10273fc21d4335589
build	Build with Gradle	2026-06-06T12:24:47.1031697Z Caching disabled for AarTransform: /home/runner/.gradle/caches/8.14/transforms/c0673a6896f886d42be301918536c345/transformed/boringssl-20250114 because:
build	Build with Gradle	2026-06-06T12:24:47.1032356Z   Caching not enabled.
build	Build with Gradle	2026-06-06T12:24:47.1033265Z Stored cache entry for ExtractJniTransform: /home/runner/.gradle/caches/modules-2/files-2.1/org.jetbrains.kotlin/kotlin-stdlib/2.3.10/8b80e2f80a3b7daa99c16017f91d4c72cd8b31a6/kotlin-stdlib-2.3.10.jar with cache key aa7d134d521119ea6072dd46bd80ad29
build	Build with Gradle	2026-06-06T12:24:47.1034540Z Caching disabled for AarTransform: /home/runner/.gradle/caches/8.14/transforms/f16a35ef33f3a5860c0cc8532fe5dc8c/transformed/core-6.0.0 because:
build	Build with Gradle	2026-06-06T12:24:47.1035161Z   Caching not enabled.
build	Build with Gradle	2026-06-06T12:24:47.1035784Z Caching disabled for AarTransform: /home/runner/.gradle/caches/8.14/transforms/b966c438ee1e24a5a0e1926959b61a2d/transformed/hiddenapibypass-6.1 because:
build	Build with Gradle	2026-06-06T12:24:47.1036445Z   Caching not enabled.
build	Build with Gradle	2026-06-06T12:24:47.1037095Z Caching disabled for AarTransform: /home/runner/.gradle/caches/8.14/transforms/966464b5816c63aee25736b13ab38709/transformed/sentry-android-fragment-8.40.0 because:
build	Build with Gradle	2026-06-06T12:24:47.1037856Z   Caching not enabled.
build	Build with Gradle	2026-06-06T12:24:47.1038704Z Build cache key for ExtractJniTransform: /home/runner/.gradle/caches/modules-2/files-2.1/org.bouncycastle/bcpkix-jdk18on/1.81/819fd6f5d170c8b8bf8c5acc73816e9c36574042/bcpkix-jdk18on-1.81.jar is cd089dc96b48218b6923ab4101493608
build	Build with Gradle	2026-06-06T12:24:47.1040258Z Build cache key for ExtractJniTransform: /home/runner/.gradle/caches/modules-2/files-2.1/org.jetbrains/annotations/23.0.0/8cc20c07506ec18e0834947b84a864bfc094484e/annotations-23.0.0.jar is 6abcebb7f5e469239601c0dc527f52a2
build	Build with Gradle	2026-06-06T12:24:47.1041483Z Caching disabled for AarTransform: /home/runner/.gradle/caches/8.14/transforms/0229dbc9f57fa8133a9f500f70fe76a8/transformed/libcxx-27.0.12077973 because:
build	Build with Gradle	2026-06-06T12:24:47.1042214Z   Caching not enabled.
build	Build with Gradle	2026-06-06T12:24:47.1043105Z Stored cache entry for ExtractJniTransform: /home/runner/.gradle/caches/modules-2/files-2.1/org.bouncycastle/bcpkix-jdk18on/1.81/819fd6f5d170c8b8bf8c5acc73816e9c36574042/bcpkix-jdk18on-1.81.jar with cache key cd089dc96b48218b6923ab4101493608
build	Build with Gradle	2026-06-06T12:24:47.1044674Z Build cache key for ExtractJniTransform: /home/runner/.gradle/caches/modules-2/files-2.1/io.sentry/sentry-kotlin-extensions/8.40.0/b5269033016867082c0a08c486ead10aadc94a9e/sentry-kotlin-extensions-8.40.0.jar is 5e649d2e3194c1ca63b861a12022dd13
build	Build with Gradle	2026-06-06T12:24:47.1046223Z Stored cache entry for ExtractJniTransform: /home/runner/.gradle/caches/modules-2/files-2.1/org.jetbrains/annotations/23.0.0/8cc20c07506ec18e0834947b84a864bfc094484e/annotations-23.0.0.jar with cache key 6abcebb7f5e469239601c0dc527f52a2
build	Build with Gradle	2026-06-06T12:24:47.1047808Z Build cache key for ExtractJniTransform: /home/runner/.gradle/caches/modules-2/files-2.1/com.google.code.gson/gson/2.13.1/853ce06c11316b33a8eae5e9095da096a9528b8f/gson-2.13.1.jar is 65daaa2fa8cb0485ee25c489fac9cfc9
build	Build with Gradle	2026-06-06T12:24:47.1049329Z Stored cache entry for ExtractJniTransform: /home/runner/.gradle/caches/modules-2/files-2.1/io.sentry/sentry-kotlin-extensions/8.40.0/b5269033016867082c0a08c486ead10aadc94a9e/sentry-kotlin-extensions-8.40.0.jar with cache key 5e649d2e3194c1ca63b861a12022dd13
build	Build with Gradle	2026-06-06T12:24:47.1050969Z Build cache key for ExtractJniTransform: /home/runner/.gradle/caches/modules-2/files-2.1/com.google.errorprone/error_prone_annotations/2.38.0/fc0ae991433e8590ba51cd558421478318a74c8c/error_prone_annotations-2.38.0.jar is 83a433e19476b623d43f1435d1752b65
build	Build with Gradle	2026-06-06T12:24:47.1052515Z Stored cache entry for ExtractJniTransform: /home/runner/.gradle/caches/modules-2/files-2.1/com.google.code.gson/gson/2.13.1/853ce06c11316b33a8eae5e9095da096a9528b8f/gson-2.13.1.jar with cache key 65daaa2fa8cb0485ee25c489fac9cfc9
build	Build with Gradle	2026-06-06T12:24:47.1053929Z Build cache key for ExtractJniTransform: /home/runner/.gradle/caches/modules-2/files-2.1/com.abovevacant/epitaph/0.1.1/b67003ab014880706ed3ecb55e3409067519d68/epitaph-0.1.1.jar is 1918c319da596ad93db650e4704ce495
build	Build with Gradle	2026-06-06T12:24:47.1055403Z Build cache key for ExtractJniTransform: /home/runner/.gradle/caches/modules-2/files-2.1/org.bouncycastle/bcutil-jdk18on/1.81.1/cd685b869ed03e8557674f00969e66e0e2ccf3aa/bcutil-jdk18on-1.81.1.jar is 5adb1746b43fa95c66c2aa5b549c927d
build	Build with Gradle	2026-06-06T12:24:47.1057251Z Caching disabled for AarTransform: /home/runner/.gradle/caches/8.14/transforms/966144f595f2139b76140bbf274142f6/transformed/sentry-android-navigation-8.40.0 because:
build	Build with Gradle	2026-06-06T12:24:47.1058324Z   Caching not enabled.
build	Build with Gradle	2026-06-06T12:24:47.1059870Z Stored cache entry for ExtractJniTransform: /home/runner/.gradle/caches/modules-2/files-2.1/com.google.errorprone/error_prone_annotations/2.38.0/fc0ae991433e8590ba51cd558421478318a74c8c/error_prone_annotations-2.38.0.jar with cache key 83a433e19476b623d43f1435d1752b65
build	Build with Gradle	2026-06-06T12:24:47.1062192Z Stored cache entry for ExtractJniTransform: /home/runner/.gradle/caches/modules-2/files-2.1/com.abovevacant/epitaph/0.1.1/b67003ab014880706ed3ecb55e3409067519d68/epitaph-0.1.1.jar with cache key 1918c319da596ad93db650e4704ce495
build	Build with Gradle	2026-06-06T12:24:47.1064528Z Build cache key for ExtractJniTransform: /home/runner/.gradle/caches/modules-2/files-2.1/io.sentry/sentry/8.40.0/7db6df2f041bf87e8cc9b8d67f92dca8d4b5e38d/sentry-8.40.0.jar is 3095339525a3ee3e69712adea2607655
build	Build with Gradle	2026-06-06T12:24:47.1067162Z Stored cache entry for ExtractJniTransform: /home/runner/.gradle/caches/modules-2/files-2.1/org.bouncycastle/bcutil-jdk18on/1.81.1/cd685b869ed03e8557674f00969e66e0e2ccf3aa/bcutil-jdk18on-1.81.1.jar with cache key 5adb1746b43fa95c66c2aa5b549c927d
build	Build with Gradle	2026-06-06T12:24:47.1100724Z Stored cache entry for ExtractJniTransform: /home/runner/.gradle/caches/modules-2/files-2.1/io.sentry/sentry/8.40.0/7db6df2f041bf87e8cc9b8d67f92dca8d4b5e38d/sentry-8.40.0.jar with cache key 3095339525a3ee3e69712adea2607655
build	Build with Gradle	2026-06-06T12:24:47.1105484Z Build cache key for ExtractJniTransform: /home/runner/.gradle/caches/modules-2/files-2.1/org.ccil.cowan.tagsoup/tagsoup/1.2/639fd364750d7363c85797dc944b4a80f78fa684/tagsoup-1.2.jar is 25e5b7ccc0cd162cde98e25eacc6b3f1
build	Build with Gradle	2026-06-06T12:24:47.1108693Z Build cache key for ExtractJniTransform: /home/runner/.gradle/caches/modules-2/files-2.1/org.bouncycastle/bcprov-jdk18on/1.81.1/7bcb4c4664600c51190ab3774710a51bfdeb2eb/bcprov-jdk18on-1.81.1.jar is b1e15d86981c2c01f2627f029c4a699c
build	Build with Gradle	2026-06-06T12:24:47.1111464Z Stored cache entry for ExtractJniTransform: /home/runner/.gradle/caches/modules-2/files-2.1/org.ccil.cowan.tagsoup/tagsoup/1.2/639fd364750d7363c85797dc944b4a80f78fa684/tagsoup-1.2.jar with cache key 25e5b7ccc0cd162cde98e25eacc6b3f1
build	Build with Gradle	2026-06-06T12:24:47.1114532Z Stored cache entry for ExtractJniTransform: /home/runner/.gradle/caches/modules-2/files-2.1/org.bouncycastle/bcprov-jdk18on/1.81.1/7bcb4c4664600c51190ab3774710a51bfdeb2eb/bcprov-jdk18on-1.81.1.jar with cache key b1e15d86981c2c01f2627f029c4a699c
build	Build with Gradle	2026-06-06T12:24:47.1116554Z Caching disabled for task ':manager:mergeReleaseNativeLibs' because:
build	Build with Gradle	2026-06-06T12:24:47.1117337Z   Caching has been disabled for the task
build	Build with Gradle	2026-06-06T12:24:47.1118255Z Task ':manager:mergeReleaseNativeLibs' is not up-to-date because:
build	Build with Gradle	2026-06-06T12:24:47.1118965Z   No history is available.
build	Build with Gradle	2026-06-06T12:24:47.1127767Z 
build	Build with Gradle	2026-06-06T12:24:47.1128164Z > Task :server:transformReleaseClassesWithAsm
build	Build with Gradle	2026-06-06T12:24:47.1131370Z Caching disabled for AarToClassTransform: /home/runner/.gradle/caches/modules-2/files-2.1/androidx.activity/activity-ktx/1.1.0/ac0eb09321c5c9bc8fe437db82638db91a85626/activity-ktx-1.1.0.aar because:
build	Build with Gradle	2026-06-06T12:24:47.1132899Z   Caching not enabled.
build	Build with Gradle	2026-06-06T12:24:47.1134338Z Caching disabled for AarToClassTransform: /home/runner/.gradle/caches/modules-2/files-2.1/androidx.fragment/fragment/1.2.5/9517ddcc4f298876b8af1ed4bc8cab94ee40d2e4/fragment-1.2.5.aar because:
build	Build with Gradle	2026-06-06T12:24:47.1135735Z   Caching not enabled.
build	Build with Gradle	2026-06-06T12:24:47.1137059Z Caching disabled for AarToClassTransform: /home/runner/.gradle/caches/modules-2/files-2.1/androidx.activity/activity/1.1.0/67c7a207d26ea46621e261ca2295ed2e2d311f8f/activity-1.1.0.aar because:
build	Build with Gradle	2026-06-06T12:24:47.1164118Z   Caching not enabled.
build	Build with Gradle	2026-06-06T12:24:47.1165581Z Caching disabled for AarToClassTransform: /home/runner/.gradle/caches/modules-2/files-2.1/androidx.lifecycle/lifecycle-livedata/2.6.2/e7f6d9e232bf035af69c030917c1ccda8e840b57/lifecycle-livedata-2.6.2.aar because:
build	Build with Gradle	2026-06-06T12:24:47.1166983Z   Caching not enabled.
build	Build with Gradle	2026-06-06T12:24:47.1168677Z Caching disabled for AarToClassTransform: /home/runner/.gradle/caches/modules-2/files-2.1/androidx.lifecycle/lifecycle-runtime-ktx/2.6.2/33decb94ec41360796e2160159bdca7dde688d0f/lifecycle-runtime-ktx-2.6.2.aar because:
build	Build with Gradle	2026-06-06T12:24:47.1170265Z   Caching not enabled.
build	Build with Gradle	2026-06-06T12:24:47.1171699Z Caching disabled for AarToClassTransform: /home/runner/.gradle/caches/modules-2/files-2.1/androidx.lifecycle/lifecycle-viewmodel/2.6.2/fa35bfdbbe0e7df1573e377cbdd15de35176141d/lifecycle-viewmodel-2.6.2.aar because:
build	Build with Gradle	2026-06-06T12:24:47.1173276Z   Caching not enabled.
build	Build with Gradle	2026-06-06T12:24:47.1174910Z Caching disabled for AarToClassTransform: /home/runner/.gradle/caches/modules-2/files-2.1/androidx.lifecycle/lifecycle-livedata-core/2.6.2/23f66885a260f0a2cd6540927ea8795484afd2da/lifecycle-livedata-core-2.6.2.aar because:
build	Build with Gradle	2026-06-06T12:24:47.1196142Z   Caching not enabled.
build	Build with Gradle	2026-06-06T12:24:47.1197765Z Caching disabled for AarToClassTransform: /home/runner/.gradle/caches/modules-2/files-2.1/androidx.savedstate/savedstate/1.2.1/e364fc9dec32aa569d855f85864e50250318a093/savedstate-1.2.1.aar because:
build	Build with Gradle	2026-06-06T12:24:47.1199428Z   Caching not enabled.
build	Build with Gradle	2026-06-06T12:24:47.1201027Z Caching disabled for AarToClassTransform: /home/runner/.gradle/caches/modules-2/files-2.1/androidx.lifecycle/lifecycle-viewmodel-ktx/2.6.2/a6214896fba4ed16b44b0c051e6ceea24be554/lifecycle-viewmodel-ktx-2.6.2.aar because:
build	Build with Gradle	2026-06-06T12:24:47.1202755Z   Caching not enabled.
build	Build with Gradle	2026-06-06T12:24:47.1204441Z Caching disabled for AarToClassTransform: /home/runner/.gradle/caches/modules-2/files-2.1/androidx.lifecycle/lifecycle-livedata-core-ktx/2.6.2/58c13cf1fa21b6516e58a8d291b11da864caffbf/lifecycle-livedata-core-ktx-2.6.2.aar because:
build	Build with Gradle	2026-06-06T12:24:47.1258411Z   Caching not enabled.
build	Build with Gradle	2026-06-06T12:24:47.1260274Z Caching disabled for AarToClassTransform: /home/runner/.gradle/caches/modules-2/files-2.1/androidx.lifecycle/lifecycle-viewmodel-savedstate/2.6.2/483115c35b2926c3780dfdaf3f5d0342855e73b1/lifecycle-viewmodel-savedstate-2.6.2.aar because:
build	Build with Gradle	2026-06-06T12:24:47.1262195Z   Caching not enabled.
build	Build with Gradle	2026-06-06T12:24:47.1263808Z Caching disabled for AarToClassTransform: /home/runner/.gradle/caches/modules-2/files-2.1/dev.rikka.rikkax.layoutinflater/layoutinflater/1.2.0/5714270ec1f6958fcb09c92331d3896d978c4591/layoutinflater-1.2.0.aar because:
build	Build with Gradle	2026-06-06T12:24:47.1265676Z   Caching not enabled.
build	Build with Gradle	2026-06-06T12:24:47.1267213Z Caching disabled for AarToClassTransform: /home/runner/.gradle/caches/modules-2/files-2.1/androidx.customview/customview/1.0.0/30f5ff6075d112f8076e733b24410e68159735b6/customview-1.0.0.aar because:
build	Build with Gradle	2026-06-06T12:24:47.1269053Z   Caching not enabled.
build	Build with Gradle	2026-06-06T12:24:47.1270545Z Caching disabled for AarToClassTransform: /home/runner/.gradle/caches/modules-2/files-2.1/androidx.fragment/fragment-ktx/1.2.5/10d60f90451227b44d4fde5fc817419fcbbb662f/fragment-ktx-1.2.5.aar because:
build	Build with Gradle	2026-06-06T12:24:47.1272174Z   Caching not enabled.
build	Build with Gradle	2026-06-06T12:24:47.1272975Z Build cache key for task ':server:transformReleaseClassesWithAsm' is 652489930c83b453065c6b47a2f660ce
build	Build with Gradle	2026-06-06T12:24:47.1274075Z Task ':server:transformReleaseClassesWithAsm' is not up-to-date because:
build	Build with Gradle	2026-06-06T12:24:47.1274862Z   No history is available.
build	Build with Gradle	2026-06-06T12:24:47.1275760Z The input changes require a full rebuild for incremental task ':server:transformReleaseClassesWithAsm'.
build	Build with Gradle	2026-06-06T12:24:47.1277153Z Stored cache entry for task ':server:transformReleaseClassesWithAsm' with cache key 652489930c83b453065c6b47a2f660ce
build	Build with Gradle	2026-06-06T12:24:47.1299295Z Resolve mutations for :server:mergeReleaseGeneratedProguardFiles (Thread[#159,included builds,5,main]) started.
build	Build with Gradle	2026-06-06T12:24:47.1300662Z :server:mergeReleaseGeneratedProguardFiles (Thread[#159,included builds,5,main]) started.
build	Build with Gradle	2026-06-06T12:24:47.1301435Z 
build	Build with Gradle	2026-06-06T12:24:47.1301736Z > Task :server:mergeReleaseGeneratedProguardFiles
build	Build with Gradle	2026-06-06T12:24:47.1302628Z Caching disabled for task ':server:mergeReleaseGeneratedProguardFiles' because:
build	Build with Gradle	2026-06-06T12:24:47.1303451Z   Simple merging task
build	Build with Gradle	2026-06-06T12:24:47.1304192Z Task ':server:mergeReleaseGeneratedProguardFiles' is not up-to-date because:
build	Build with Gradle	2026-06-06T12:24:47.1304897Z   No history is available.
build	Build with Gradle	2026-06-06T12:24:47.1305875Z Resolve mutations for :server:exportReleaseConsumerProguardFiles (Thread[#159,included builds,5,main]) started.
build	Build with Gradle	2026-06-06T12:24:47.1307311Z :server:exportReleaseConsumerProguardFiles (Thread[#159,included builds,5,main]) started.
build	Build with Gradle	2026-06-06T12:24:47.1330869Z Resolve mutations for :server:bundleLibRuntimeToJarRelease (Thread[#161,Execution worker Thread 2,5,main]) started.
build	Build with Gradle	2026-06-06T12:24:47.1332328Z :server:bundleLibRuntimeToJarRelease (Thread[#161,Execution worker Thread 2,5,main]) started.
build	Build with Gradle	2026-06-06T12:24:47.1333714Z Resolve mutations for :server:bundleLibCompileToJarRelease (Thread[#160,Execution worker,5,main]) started.
build	Build with Gradle	2026-06-06T12:24:47.1335072Z :server:bundleLibCompileToJarRelease (Thread[#160,Execution worker,5,main]) started.
build	Build with Gradle	2026-06-06T12:24:47.1335762Z 
build	Build with Gradle	2026-06-06T12:24:47.1336021Z > Task :server:bundleLibRuntimeToJarRelease
build	Build with Gradle	2026-06-06T12:24:47.1336840Z Caching disabled for task ':server:bundleLibRuntimeToJarRelease' because:
build	Build with Gradle	2026-06-06T12:24:47.1337887Z   Simple merging task
build	Build with Gradle	2026-06-06T12:24:47.1338809Z Task ':server:bundleLibRuntimeToJarRelease' is not up-to-date because:
build	Build with Gradle	2026-06-06T12:24:47.1339645Z   No history is available.
build	Build with Gradle	2026-06-06T12:24:47.1340584Z work action resolve classes.jar (project :server) (Thread[#161,Execution worker Thread 2,5,main]) started.
build	Build with Gradle	2026-06-06T12:24:47.1341855Z AsmClassesTransform (Thread[#161,Execution worker Thread 2,5,main]) started.
build	Build with Gradle	2026-06-06T12:24:47.4750069Z 
build	Build with Gradle	2026-06-06T12:24:47.4768616Z > Transform classes.jar (project :server) with AsmClassesTransform
build	Build with Gradle	2026-06-06T12:24:47.4801817Z Build cache key for AsmClassesTransform: /home/runner/work/ShizukuPlus/ShizukuPlus/server/build/intermediates/runtime_library_classes_jar/release/bundleLibRuntimeToJarRelease/classes.jar is a191e2e0d4c05a69b2488acb587bcbc7
build	Build with Gradle	2026-06-06T12:24:47.4829696Z Stored cache entry for AsmClassesTransform: /home/runner/work/ShizukuPlus/ShizukuPlus/server/build/intermediates/runtime_library_classes_jar/release/bundleLibRuntimeToJarRelease/classes.jar with cache key a191e2e0d4c05a69b2488acb587bcbc7
build	Build with Gradle	2026-06-06T12:24:47.8804421Z 
build	Build with Gradle	2026-06-06T12:24:47.8869265Z > Task :server:exportReleaseConsumerProguardFiles
build	Build with Gradle	2026-06-06T12:24:47.8905059Z Caching disabled for task ':server:exportReleaseConsumerProguardFiles' because:
build	Build with Gradle	2026-06-06T12:24:47.8928652Z   Caching has been disabled for the task
build	Build with Gradle	2026-06-06T12:24:47.8946162Z Task ':server:exportReleaseConsumerProguardFiles' is not up-to-date because:
build	Build with Gradle	2026-06-06T12:24:47.8947316Z   No history is available.
build	Build with Gradle	2026-06-06T12:24:47.8948555Z work action resolve exportReleaseConsumerProguardFiles (project :server) (Thread[#159,included builds,5,main]) started.
build	Build with Gradle	2026-06-06T12:24:47.8949895Z FilterShrinkerRulesTransform (Thread[#159,included builds,5,main]) started.
build	Build with Gradle	2026-06-06T12:24:47.8950546Z 
build	Build with Gradle	2026-06-06T12:24:47.8950911Z > Task :server:bundleLibCompileToJarRelease
build	Build with Gradle	2026-06-06T12:24:47.8951767Z Caching disabled for task ':server:bundleLibCompileToJarRelease' because:
build	Build with Gradle	2026-06-06T12:24:47.8952565Z   Simple merging task
build	Build with Gradle	2026-06-06T12:24:47.8953262Z Task ':server:bundleLibCompileToJarRelease' is not up-to-date because:
build	Build with Gradle	2026-06-06T12:24:47.8954074Z   No history is available.
build	Build with Gradle	2026-06-06T12:24:47.8954919Z work action resolve classes.jar (project :server) (Thread[#160,Execution worker,5,main]) started.
build	Build with Gradle	2026-06-06T12:24:47.8956162Z Resolve mutations for :manager:stripReleaseDebugSymbols (Thread[#160,Execution worker,5,main]) started.
build	Build with Gradle	2026-06-06T12:24:47.8957667Z :manager:stripReleaseDebugSymbols (Thread[#160,Execution worker,5,main]) started.
build	Build with Gradle	2026-06-06T12:24:47.9006413Z Resolve mutations for :manager:mergeReleaseArtProfile (Thread[#159,included builds,5,main]) started.
build	Build with Gradle	2026-06-06T12:24:47.9072165Z :manager:mergeReleaseArtProfile (Thread[#159,included builds,5,main]) started.
build	Build with Gradle	2026-06-06T12:24:47.9075908Z 
build	Build with Gradle	2026-06-06T12:24:47.9076323Z > Task :manager:checkReleaseDuplicateClasses
build	Build with Gradle	2026-06-06T12:24:47.9078295Z Build cache key for EnumerateClassesTransform: /home/runner/.gradle/caches/8.14/transforms/5502606a69cedf6ebc557acc49aa769b/transformed/viewbinding-8.11.1-runtime.jar is 88841701775b4031bf27b8cd52ed0dbc
build	Build with Gradle	2026-06-06T12:24:47.9090969Z Caching disabled for AarToClassTransform: /home/runner/.gradle/caches/modules-2/files-2.1/com.airbnb.android/mavericks/3.0.9/9cd710ab784a201b06c883baa29c1ce115ded7b2/mavericks-3.0.9.aar because:
build	Build with Gradle	2026-06-06T12:24:47.9093931Z   Caching not enabled.
build	Build with Gradle	2026-06-06T12:24:47.9095377Z Stored cache entry for EnumerateClassesTransform: /home/runner/.gradle/caches/8.14/transforms/5502606a69cedf6ebc557acc49aa769b/transformed/viewbinding-8.11.1-runtime.jar with cache key 88841701775b4031bf27b8cd52ed0dbc
build	Build with Gradle	2026-06-06T12:24:47.9098071Z Caching disabled for AarToClassTransform: /home/runner/.gradle/caches/modules-2/files-2.1/io.insert-koin/koin-android/4.0.2/1258bf0bebbfd5f61b7c2a6c9543063e3e0c4a02/koin-android-4.0.2.aar because:
build	Build with Gradle	2026-06-06T12:24:47.9099546Z   Caching not enabled.
build	Build with Gradle	2026-06-06T12:24:47.9101047Z Caching disabled for AarToClassTransform: /home/runner/.gradle/caches/modules-2/files-2.1/dev.rikka.rikkax.material/material-preference/2.0.0/ec70c30b7473ee957ddd8c36712e1bfe7704c6aa/material-preference-2.0.0-release.aar because:
build	Build with Gradle	2026-06-06T12:24:47.9102849Z   Caching not enabled.
build	Build with Gradle	2026-06-06T12:24:47.9104256Z Build cache key for EnumerateClassesTransform: /home/runner/.gradle/caches/8.14/transforms/f11d8d3ee8fff21b028199f3dea2c9d6/transformed/mavericks-3.0.9-runtime.jar is 8adb8b7899444067da0c5710938087c8
build	Build with Gradle	2026-06-06T12:24:47.9106726Z Build cache key for EnumerateClassesTransform: /home/runner/.gradle/caches/8.14/transforms/9b90317b852cd34345840bfc565085e6/transformed/material-preference-2.0.0-release-runtime.jar is cf2acdf0cf408a6d0796379492bce930
build	Build with Gradle	2026-06-06T12:24:47.9110015Z Stored cache entry for EnumerateClassesTransform: /home/runner/.gradle/caches/8.14/transforms/f11d8d3ee8fff21b028199f3dea2c9d6/transformed/mavericks-3.0.9-runtime.jar with cache key 8adb8b7899444067da0c5710938087c8
build	Build with Gradle	2026-06-06T12:24:47.9112818Z Stored cache entry for EnumerateClassesTransform: /home/runner/.gradle/caches/8.14/transforms/9b90317b852cd34345840bfc565085e6/transformed/material-preference-2.0.0-release-runtime.jar with cache key cf2acdf0cf408a6d0796379492bce930
build	Build with Gradle	2026-06-06T12:24:47.9115983Z Build cache key for EnumerateClassesTransform: /home/runner/.gradle/caches/8.14/transforms/7504a69d920db27e06289c0278b82ed2/transformed/material-2.7.2-runtime.jar is e1c50011993de757e5303635164bce99
build	Build with Gradle	2026-06-06T12:24:47.9119002Z Build cache key for EnumerateClassesTransform: /home/runner/.gradle/caches/8.14/transforms/46792b9bbe5cb0641ef19cd23118d32f/transformed/core-ktx-1.4.1-release-runtime.jar is e40d6fe07a7b15bb0fa640fc7c26fce2
build	Build with Gradle	2026-06-06T12:24:47.9121856Z Build cache key for EnumerateClassesTransform: /home/runner/.gradle/caches/8.14/transforms/b722911c2160a2354718f675da7be728/transformed/koin-android-4.0.2-runtime.jar is deb9145759e873bd17ed1f1d99f58976
build	Build with Gradle	2026-06-06T12:24:47.9124702Z Stored cache entry for EnumerateClassesTransform: /home/runner/.gradle/caches/8.14/transforms/7504a69d920db27e06289c0278b82ed2/transformed/material-2.7.2-runtime.jar with cache key e1c50011993de757e5303635164bce99
build	Build with Gradle	2026-06-06T12:24:47.9128005Z Stored cache entry for EnumerateClassesTransform: /home/runner/.gradle/caches/8.14/transforms/46792b9bbe5cb0641ef19cd23118d32f/transformed/core-ktx-1.4.1-release-runtime.jar with cache key e40d6fe07a7b15bb0fa640fc7c26fce2
build	Build with Gradle	2026-06-06T12:24:47.9131178Z Stored cache entry for EnumerateClassesTransform: /home/runner/.gradle/caches/8.14/transforms/b722911c2160a2354718f675da7be728/transformed/koin-android-4.0.2-runtime.jar with cache key deb9145759e873bd17ed1f1d99f58976
build	Build with Gradle	2026-06-06T12:24:47.9134064Z Build cache key for EnumerateClassesTransform: /home/runner/.gradle/caches/8.14/transforms/13dc9abd13c2470b26d7af98acd94600/transformed/appcompat-1.6.1-runtime.jar is dff474ab8570c90af51763c62e2e9d0d
build	Build with Gradle	2026-06-06T12:24:47.9136846Z Build cache key for EnumerateClassesTransform: /home/runner/.gradle/caches/8.14/transforms/e4c653e385af692a1fc51b5651444f7b/transformed/material-1.14.0-beta01-runtime.jar is c453048cc1baef055b7252431feb0ba7
build	Build with Gradle	2026-06-06T12:24:47.9140093Z Caching disabled for AarToClassTransform: /home/runner/.gradle/caches/modules-2/files-2.1/androidx.biometric/biometric-ktx/1.2.0-alpha05/27f99495a3ff081ba6f7d7d9e981734bbe8bb920/biometric-ktx-1.2.0-alpha05.aar because:
build	Build with Gradle	2026-06-06T12:24:47.9141656Z   Caching not enabled.
build	Build with Gradle	2026-06-06T12:24:47.9143381Z Stored cache entry for EnumerateClassesTransform: /home/runner/.gradle/caches/8.14/transforms/13dc9abd13c2470b26d7af98acd94600/transformed/appcompat-1.6.1-runtime.jar with cache key dff474ab8570c90af51763c62e2e9d0d
build	Build with Gradle	2026-06-06T12:24:47.9146333Z Caching disabled for AarToClassTransform: /home/runner/.gradle/caches/modules-2/files-2.1/androidx.biometric/biometric/1.2.0-alpha05/a925edde5ba60408d09418b2839efbbfa720ae4b/biometric-1.2.0-alpha05.aar because:
build	Build with Gradle	2026-06-06T12:24:47.9148324Z   Caching not enabled.
build	Build with Gradle	2026-06-06T12:24:47.9150156Z Stored cache entry for EnumerateClassesTransform: /home/runner/.gradle/caches/8.14/transforms/e4c653e385af692a1fc51b5651444f7b/transformed/material-1.14.0-beta01-runtime.jar with cache key c453048cc1baef055b7252431feb0ba7
build	Build with Gradle	2026-06-06T12:24:47.9153392Z Build cache key for EnumerateClassesTransform: /home/runner/.gradle/caches/8.14/transforms/411dfff59d9469ad3b94ce7e1aa7eec4/transformed/biometric-ktx-1.2.0-alpha05-runtime.jar is fe06081d0b1e8f4067dbaf403a4ff928
build	Build with Gradle	2026-06-06T12:24:47.9156502Z Caching disabled for AarToClassTransform: /home/runner/.gradle/caches/modules-2/files-2.1/dev.rikka.rikkax.recyclerview/recyclerview-adapter/1.3.0/a197a2796db8961d40d3246d9c1ded88cee6852f/recyclerview-adapter-1.3.0.aar because:
build	Build with Gradle	2026-06-06T12:24:47.9158636Z   Caching not enabled.
build	Build with Gradle	2026-06-06T12:24:47.9160249Z Build cache key for EnumerateClassesTransform: /home/runner/.gradle/caches/8.14/transforms/44e393c9d226e82eb0d073cc91689405/transformed/biometric-1.2.0-alpha05-runtime.jar is 2b525a49098aa132ad3502d5eb5da43c
build	Build with Gradle	2026-06-06T12:24:47.9163254Z Stored cache entry for EnumerateClassesTransform: /home/runner/.gradle/caches/8.14/transforms/411dfff59d9469ad3b94ce7e1aa7eec4/transformed/biometric-ktx-1.2.0-alpha05-runtime.jar with cache key fe06081d0b1e8f4067dbaf403a4ff928
build	Build with Gradle	2026-06-06T12:24:47.9166419Z Build cache key for EnumerateClassesTransform: /home/runner/.gradle/caches/8.14/transforms/42ad23ac945044f6e77ba984e885e306/transformed/recyclerview-adapter-1.3.0-runtime.jar is 28b2745212acc2a8c757fc22292ee649
build	Build with Gradle	2026-06-06T12:24:47.9169454Z Caching disabled for AarToClassTransform: /home/runner/.gradle/caches/modules-2/files-2.1/dev.rikka.rikkax.recyclerview/recyclerview-ktx/1.3.2/b4ae36cccac5abb5099f07f20972af94fb2172/recyclerview-ktx-1.3.2.aar because:
build	Build with Gradle	2026-06-06T12:24:47.9171283Z   Caching not enabled.
build	Build with Gradle	2026-06-06T12:24:47.9173069Z Stored cache entry for EnumerateClassesTransform: /home/runner/.gradle/caches/8.14/transforms/44e393c9d226e82eb0d073cc91689405/transformed/biometric-1.2.0-alpha05-runtime.jar with cache key 2b525a49098aa132ad3502d5eb5da43c
build	Build with Gradle	2026-06-06T12:24:47.9176271Z Stored cache entry for EnumerateClassesTransform: /home/runner/.gradle/caches/8.14/transforms/42ad23ac945044f6e77ba984e885e306/transformed/recyclerview-adapter-1.3.0-runtime.jar with cache key 28b2745212acc2a8c757fc22292ee649
build	Build with Gradle	2026-06-06T12:24:47.9179780Z Caching disabled for AarToClassTransform: /home/runner/.gradle/caches/modules-2/files-2.1/dev.rikka.rikkax.preference/simplemenu-preference/1.0.3/f2ed781522ce026af4df88d016304c2dbee8ec02/simplemenu-preference-1.0.3.aar because:
build	Build with Gradle	2026-06-06T12:24:47.9181766Z   Caching not enabled.
build	Build with Gradle	2026-06-06T12:24:47.9183376Z Caching disabled for AarToClassTransform: /home/runner/.gradle/caches/modules-2/files-2.1/androidx.preference/preference/1.2.1/f85542e0d2335b3cd4910ab29a942ebaeb0d5b39/preference-1.2.1.aar because:
build	Build with Gradle	2026-06-06T12:24:47.9185025Z   Caching not enabled.
build	Build with Gradle	2026-06-06T12:24:47.9186845Z Build cache key for EnumerateClassesTransform: /home/runner/.gradle/caches/8.14/transforms/ed94d8704ee8a80e837fd3b40a0db3c6/transformed/recyclerview-ktx-1.3.2-runtime.jar is fb8f541f6af0f1d1a8edcdf2999dd460
build	Build with Gradle	2026-06-06T12:24:47.9189887Z Stored cache entry for EnumerateClassesTransform: /home/runner/.gradle/caches/8.14/transforms/ed94d8704ee8a80e837fd3b40a0db3c6/transformed/recyclerview-ktx-1.3.2-runtime.jar with cache key fb8f541f6af0f1d1a8edcdf2999dd460
build	Build with Gradle	2026-06-06T12:24:47.9192746Z Caching disabled for AarToClassTransform: /home/runner/.gradle/caches/modules-2/files-2.1/me.zhanghai.android.fastscroll/library/1.2.0/5f9d00306523ce05c11b1ceaa3c7594c8a1b0adc/library-1.2.0.aar because:
build	Build with Gradle	2026-06-06T12:24:47.9196088Z   Caching not enabled.
build	Build with Gradle	2026-06-06T12:24:47.9197949Z Build cache key for EnumerateClassesTransform: /home/runner/.gradle/caches/8.14/transforms/4bb012531a4470ce0a2aa4d79979c7b0/transformed/simplemenu-preference-1.0.3-runtime.jar is dd7d92c8a36e6856b39c395e12fc3580
build	Build with Gradle	2026-06-06T12:24:47.9200929Z Build cache key for EnumerateClassesTransform: /home/runner/.gradle/caches/8.14/transforms/3e35ccd995b98680a0e2ec07debe31fe/transformed/library-1.2.0-runtime.jar is 1fa61c202ef32da185a19f9c75015200
build	Build with Gradle	2026-06-06T12:24:47.9203780Z Stored cache entry for EnumerateClassesTransform: /home/runner/.gradle/caches/8.14/transforms/4bb012531a4470ce0a2aa4d79979c7b0/transformed/simplemenu-preference-1.0.3-runtime.jar with cache key dd7d92c8a36e6856b39c395e12fc3580
build	Build with Gradle	2026-06-06T12:24:47.9206967Z Build cache key for EnumerateClassesTransform: /home/runner/.gradle/caches/8.14/transforms/78c281f4eb02955e06808e1b00a84eef/transformed/preference-1.2.1-runtime.jar is 398d1f8cec6de2c0006b8b02f0cdf9d3
build	Build with Gradle	2026-06-06T12:24:47.9210051Z Build cache key for EnumerateClassesTransform: /home/runner/.gradle/caches/8.14/transforms/ae73980b31ffaadcc9b3f471f2ca8573/transformed/recyclerview-1.4.0-runtime.jar is 04dd03e51955f57facc2d72106a095f6
build	Build with Gradle	2026-06-06T12:24:47.9213260Z Stored cache entry for EnumerateClassesTransform: /home/runner/.gradle/caches/8.14/transforms/78c281f4eb02955e06808e1b00a84eef/transformed/preference-1.2.1-runtime.jar with cache key 398d1f8cec6de2c0006b8b02f0cdf9d3
build	Build with Gradle	2026-06-06T12:24:47.9216339Z Build cache key for EnumerateClassesTransform: /home/runner/.gradle/caches/8.14/transforms/64b261bb0cf915aa74ba92e7ee9af23a/transformed/viewpager2-1.1.0-beta02-runtime.jar is f82959bbe6148e957cd3cb794cdc052a
build	Build with Gradle	2026-06-06T12:24:47.9218916Z Stored cache entry for EnumerateClassesTransform: /home/runner/.gradle/caches/8.14/transforms/3e35ccd995b98680a0e2ec07debe31fe/transformed/library-1.2.0-runtime.jar with cache key 1fa61c202ef32da185a19f9c75015200
build	Build with Gradle	2026-06-06T12:24:47.9221524Z Stored cache entry for EnumerateClassesTransform: /home/runner/.gradle/caches/8.14/transforms/ae73980b31ffaadcc9b3f471f2ca8573/transformed/recyclerview-1.4.0-runtime.jar with cache key 04dd03e51955f57facc2d72106a095f6
build	Build with Gradle	2026-06-06T12:24:47.9224097Z Build cache key for EnumerateClassesTransform: /home/runner/.gradle/caches/8.14/transforms/cf70f2e62c8a554c73eed8de48e5002a/transformed/core-1.4.1-release-runtime.jar is 789853280af795006641811983905f8b
build	Build with Gradle	2026-06-06T12:24:47.9227285Z Stored cache entry for EnumerateClassesTransform: /home/runner/.gradle/caches/8.14/transforms/64b261bb0cf915aa74ba92e7ee9af23a/transformed/viewpager2-1.1.0-beta02-runtime.jar with cache key f82959bbe6148e957cd3cb794cdc052a
build	Build with Gradle	2026-06-06T12:24:47.9230540Z Build cache key for EnumerateClassesTransform: /home/runner/.gradle/caches/8.14/transforms/78970644bd28096afbe206914d6889bf/transformed/fragment-1.8.7-runtime.jar is 7f870808d1bac4bf868ebe75ff82900b
build	Build with Gradle	2026-06-06T12:24:47.9233499Z Build cache key for EnumerateClassesTransform: /home/runner/.gradle/caches/8.14/transforms/bdec7ef74181bd169c8581f2d663a394/transformed/fragment-ktx-1.8.7-runtime.jar is 41fbc1dc23051ae81de5332fb9a0a268
build	Build with Gradle	2026-06-06T12:24:47.9236596Z Stored cache entry for EnumerateClassesTransform: /home/runner/.gradle/caches/8.14/transforms/cf70f2e62c8a554c73eed8de48e5002a/transformed/core-1.4.1-release-runtime.jar with cache key 789853280af795006641811983905f8b
build	Build with Gradle	2026-06-06T12:24:47.9239723Z Caching disabled for AarToClassTransform: /home/runner/.gradle/caches/modules-2/files-2.1/io.sentry/sentry-android-core/8.40.0/6af4b6c447850edade5191560bd3c5f76c4936fd/sentry-android-core-8.40.0.aar because:
build	Build with Gradle	2026-06-06T12:24:47.9241587Z   Caching not enabled.
build	Build with Gradle	2026-06-06T12:24:47.9243345Z Stored cache entry for EnumerateClassesTransform: /home/runner/.gradle/caches/8.14/transforms/78970644bd28096afbe206914d6889bf/transformed/fragment-1.8.7-runtime.jar with cache key 7f870808d1bac4bf868ebe75ff82900b
build	Build with Gradle	2026-06-06T12:24:47.9246472Z Stored cache entry for EnumerateClassesTransform: /home/runner/.gradle/caches/8.14/transforms/bdec7ef74181bd169c8581f2d663a394/transformed/fragment-ktx-1.8.7-runtime.jar with cache key 41fbc1dc23051ae81de5332fb9a0a268
build	Build with Gradle	2026-06-06T12:24:47.9249608Z Build cache key for EnumerateClassesTransform: /home/runner/.gradle/caches/8.14/transforms/4b26ddba1f935ac49c197a8ec37b6f9d/transformed/activity-ktx-1.10.0-runtime.jar is d08d90bd09ce7c803df3ab8d8dd92dc0
build	Build with Gradle	2026-06-06T12:24:47.9252600Z Stored cache entry for EnumerateClassesTransform: /home/runner/.gradle/caches/8.14/transforms/4b26ddba1f935ac49c197a8ec37b6f9d/transformed/activity-ktx-1.10.0-runtime.jar with cache key d08d90bd09ce7c803df3ab8d8dd92dc0
build	Build with Gradle	2026-06-06T12:24:47.9255462Z Build cache key for EnumerateClassesTransform: /home/runner/.gradle/caches/8.14/transforms/49c7bc6d9384bc76615916716093a193/transformed/activity-1.10.0-runtime.jar is a08ce41ab2fa64bb13df44379ac41cee
build	Build with Gradle	2026-06-06T12:24:47.9258508Z Build cache key for EnumerateClassesTransform: /home/runner/.gradle/caches/8.14/transforms/f4e4421a29c459361b6aa7b6df08934f/transformed/emoji2-views-helper-1.2.0-runtime.jar is b39c0407ff8fc60fe3b2dae1bccb7bdd
build	Build with Gradle	2026-06-06T12:24:47.9261588Z Stored cache entry for EnumerateClassesTransform: /home/runner/.gradle/caches/8.14/transforms/49c7bc6d9384bc76615916716093a193/transformed/activity-1.10.0-runtime.jar with cache key a08ce41ab2fa64bb13df44379ac41cee
build	Build with Gradle	2026-06-06T12:24:47.9264775Z Stored cache entry for EnumerateClassesTransform: /home/runner/.gradle/caches/8.14/transforms/f4e4421a29c459361b6aa7b6df08934f/transformed/emoji2-views-helper-1.2.0-runtime.jar with cache key b39c0407ff8fc60fe3b2dae1bccb7bdd
build	Build with Gradle	2026-06-06T12:24:47.9267831Z Build cache key for EnumerateClassesTransform: /home/runner/.gradle/caches/8.14/transforms/ce11daf683d5a125092bccaecc2913fb/transformed/emoji2-1.2.0-runtime.jar is fd26e9a362e192b2a32ce926913eae32
build	Build with Gradle	2026-06-06T12:24:47.9270719Z Build cache key for EnumerateClassesTransform: /home/runner/.gradle/caches/8.14/transforms/c3e2107db5b87c483c83bf2b13f90044/transformed/loader-1.0.0-runtime.jar is ee4026adb8c479b9d5c494842d46a3fe
build	Build with Gradle	2026-06-06T12:24:47.9273351Z Stored cache entry for EnumerateClassesTransform: /home/runner/.gradle/caches/8.14/transforms/ce11daf683d5a125092bccaecc2913fb/transformed/emoji2-1.2.0-runtime.jar with cache key fd26e9a362e192b2a32ce926913eae32
build	Build with Gradle	2026-06-06T12:24:47.9275602Z Stored cache entry for EnumerateClassesTransform: /home/runner/.gradle/caches/8.14/transforms/c3e2107db5b87c483c83bf2b13f90044/transformed/loader-1.0.0-runtime.jar with cache key ee4026adb8c479b9d5c494842d46a3fe
build	Build with Gradle	2026-06-06T12:24:47.9278348Z Caching disabled for IdentityTransform: /home/runner/.gradle/caches/modules-2/files-2.1/androidx.glance/glance-appwidget-external-protobuf/1.1.1/6d2bcb8fb2d00a5513cf681bb2756be459d21b78/glance-appwidget-external-protobuf-1.1.1.jar because:
build	Build with Gradle	2026-06-06T12:24:47.9280620Z   Caching not enabled.
build	Build with Gradle	2026-06-06T12:24:47.9282331Z Caching disabled for IdentityTransform: /home/runner/.gradle/caches/modules-2/files-2.1/androidx.glance/glance-appwidget-proto/1.1.1/a509ef84a63e2584c5afae6e1d5a757e1bae4418/glance-appwidget-proto-1.1.1.jar because:
build	Build with Gradle	2026-06-06T12:24:47.9284117Z   Caching not enabled.
build	Build with Gradle	2026-06-06T12:24:47.9286079Z Build cache key for EnumerateClassesTransform: /home/runner/.gradle/caches/modules-2/files-2.1/androidx.glance/glance-appwidget-external-protobuf/1.1.1/6d2bcb8fb2d00a5513cf681bb2756be459d21b78/glance-appwidget-external-protobuf-1.1.1.jar is a76a818caf18c9c3a3f03433e5d57dcf
build	Build with Gradle	2026-06-06T12:24:47.9289568Z Build cache key for EnumerateClassesTransform: /home/runner/.gradle/caches/modules-2/files-2.1/androidx.glance/glance-appwidget-proto/1.1.1/a509ef84a63e2584c5afae6e1d5a757e1bae4418/glance-appwidget-proto-1.1.1.jar is c01e05d8d390b3a7d2693f923a62371d
build	Build with Gradle	2026-06-06T12:24:47.9292490Z Stored cache entry for EnumerateClassesTransform: /home/runner/.gradle/caches/modules-2/files-2.1/androidx.glance/glance-appwidget-external-protobuf/1.1.1/6d2bcb8fb2d00a5513cf681bb2756be459d21b78/glance-appwidget-external-protobuf-1.1.1.jar with cache key a76a818caf18c9c3a3f03433e5d57dcf
build	Build with Gradle	2026-06-06T12:24:47.9295574Z Caching disabled for AarToClassTransform: /home/runner/.gradle/caches/modules-2/files-2.1/androidx.glance/glance-appwidget/1.1.1/8f61d47d1c86ad056a32f758722ee13325b25ae7/glance-appwidget-1.1.1.aar because:
build	Build with Gradle	2026-06-06T12:24:47.9299039Z   Caching not enabled.
build	Build with Gradle	2026-06-06T12:24:47.9300953Z Stored cache entry for EnumerateClassesTransform: /home/runner/.gradle/caches/modules-2/files-2.1/androidx.glance/glance-appwidget-proto/1.1.1/a509ef84a63e2584c5afae6e1d5a757e1bae4418/glance-appwidget-proto-1.1.1.jar with cache key c01e05d8d390b3a7d2693f923a62371d
build	Build with Gradle	2026-06-06T12:24:47.9304173Z Build cache key for EnumerateClassesTransform: /home/runner/.gradle/caches/8.14/transforms/39ce76112bdce8c553d21f1240f96700/transformed/sentry-android-core-8.40.0-runtime.jar is 8092a081bf224c04f56ef8ac8acaab66
build	Build with Gradle	2026-06-06T12:24:47.9306908Z Caching disabled for AarToClassTransform: /home/runner/.gradle/caches/modules-2/files-2.1/androidx.glance/glance/1.1.1/70123f8e0deab43dad272887d501261bbda1013e/glance-1.1.1.aar because:
build	Build with Gradle	2026-06-06T12:24:47.9308602Z   Caching not enabled.
build	Build with Gradle	2026-06-06T12:24:47.9310261Z Stored cache entry for EnumerateClassesTransform: /home/runner/.gradle/caches/8.14/transforms/39ce76112bdce8c553d21f1240f96700/transformed/sentry-android-core-8.40.0-runtime.jar with cache key 8092a081bf224c04f56ef8ac8acaab66
build	Build with Gradle	2026-06-06T12:24:47.9313184Z Caching disabled for AarToClassTransform: /home/runner/.gradle/caches/modules-2/files-2.1/androidx.work/work-runtime-ktx/2.10.4/91760301fc8255346a60e0dc335e0f12e3254da4/work-runtime-ktx-2.10.4.aar because:
build	Build with Gradle	2026-06-06T12:24:47.9314823Z   Caching not enabled.
build	Build with Gradle	2026-06-06T12:24:47.9316407Z Build cache key for EnumerateClassesTransform: /home/runner/.gradle/caches/8.14/transforms/e43006b1385d85d8720a189335744af9/transformed/work-runtime-ktx-2.10.4-runtime.jar is 766913cf2265de9162607562fc63e10f
build	Build with Gradle	2026-06-06T12:24:47.9319432Z Stored cache entry for EnumerateClassesTransform: /home/runner/.gradle/caches/8.14/transforms/e43006b1385d85d8720a189335744af9/transformed/work-runtime-ktx-2.10.4-runtime.jar with cache key 766913cf2265de9162607562fc63e10f
build	Build with Gradle	2026-06-06T12:24:47.9322131Z Caching disabled for AarToClassTransform: /home/runner/.gradle/caches/modules-2/files-2.1/androidx.work/work-runtime/2.10.4/8f8cd22eed2c8146846ccfe265b550725c91d5d7/work-runtime-2.10.4.aar because:
build	Build with Gradle	2026-06-06T12:24:47.9323790Z   Caching not enabled.
build	Build with Gradle	2026-06-06T12:24:47.9325408Z Build cache key for EnumerateClassesTransform: /home/runner/.gradle/caches/8.14/transforms/b371fd084d22db20971ce1ac3e6ab1bc/transformed/glance-1.1.1-runtime.jar is 90973b4bd1292394fd7219ae146b9f51
build	Build with Gradle	2026-06-06T12:24:47.9328284Z Stored cache entry for EnumerateClassesTransform: /home/runner/.gradle/caches/8.14/transforms/b371fd084d22db20971ce1ac3e6ab1bc/transformed/glance-1.1.1-runtime.jar with cache key 90973b4bd1292394fd7219ae146b9f51
build	Build with Gradle	2026-06-06T12:24:47.9330686Z Caching disabled for AarToClassTransform: /home/runner/.gradle/caches/modules-2/files-2.1/androidx.browser/browser/1.8.0/ba4defb5ed7790335783a908f93dd08d7715d148/browser-1.8.0.aar because:
build	Build with Gradle	2026-06-06T12:24:47.9332258Z   Caching not enabled.
build	Build with Gradle	2026-06-06T12:24:47.9333929Z Build cache key for EnumerateClassesTransform: /home/runner/.gradle/caches/8.14/transforms/8d70201ddba1c4e6c6c08c62da456c03/transformed/glance-appwidget-1.1.1-runtime.jar is 3242d51493558cf36e85234e16b3a52c
build	Build with Gradle	2026-06-06T12:24:47.9336840Z Stored cache entry for EnumerateClassesTransform: /home/runner/.gradle/caches/8.14/transforms/8d70201ddba1c4e6c6c08c62da456c03/transformed/glance-appwidget-1.1.1-runtime.jar with cache key 3242d51493558cf36e85234e16b3a52c
build	Build with Gradle	2026-06-06T12:24:47.9339749Z Caching disabled for AarToClassTransform: /home/runner/.gradle/caches/modules-2/files-2.1/androidx.transition/transition-ktx/1.5.1/90f0d68d7b1a083280f93d4f17b3a22f2e09165d/transition-ktx-1.5.1.aar because:
build	Build with Gradle	2026-06-06T12:24:47.9341475Z   Caching not enabled.
build	Build with Gradle	2026-06-06T12:24:47.9343050Z Build cache key for EnumerateClassesTransform: /home/runner/.gradle/caches/8.14/transforms/cba3c8cf3edd466198d5f794bf2f4a78/transformed/browser-1.8.0-runtime.jar is 2ed6cf7275e0d28431be496e1c086918
build	Build with Gradle	2026-06-06T12:24:47.9345833Z Build cache key for EnumerateClassesTransform: /home/runner/.gradle/caches/8.14/transforms/a9ca54d0b635961341cb1af08ce57302/transformed/transition-ktx-1.5.1-runtime.jar is 243920d86c07615d15af84ed66bc88d2
build	Build with Gradle	2026-06-06T12:24:47.9348907Z Stored cache entry for EnumerateClassesTransform: /home/runner/.gradle/caches/8.14/transforms/cba3c8cf3edd466198d5f794bf2f4a78/transformed/browser-1.8.0-runtime.jar with cache key 2ed6cf7275e0d28431be496e1c086918
build	Build with Gradle	2026-06-06T12:24:47.9351858Z Caching disabled for AarToClassTransform: /home/runner/.gradle/caches/modules-2/files-2.1/androidx.slidingpanelayout/slidingpanelayout/1.2.0/5374897c7fd146ecadae4eeb96fb66c7795db0a7/slidingpanelayout-1.2.0.aar because:
build	Build with Gradle	2026-06-06T12:24:47.9353549Z   Caching not enabled.
build	Build with Gradle	2026-06-06T12:24:47.9355324Z Build cache key for EnumerateClassesTransform: /home/runner/.gradle/caches/8.14/transforms/8d11eba698d75c73b1d2cc8da44e23f2/transformed/work-runtime-2.10.4-runtime.jar is 71fbda6a6591b9b241971358f430629c
build	Build with Gradle	2026-06-06T12:24:47.9358429Z Stored cache entry for EnumerateClassesTransform: /home/runner/.gradle/caches/8.14/transforms/a9ca54d0b635961341cb1af08ce57302/transformed/transition-ktx-1.5.1-runtime.jar with cache key 243920d86c07615d15af84ed66bc88d2
build	Build with Gradle	2026-06-06T12:24:47.9361644Z Build cache key for EnumerateClassesTransform: /home/runner/.gradle/caches/8.14/transforms/70ca34bc967c1069d976da22711bb22c/transformed/transition-1.5.1-runtime.jar is 2d670472f33fda2208af4abf70570517
build	Build with Gradle	2026-06-06T12:24:47.9364633Z Stored cache entry for EnumerateClassesTransform: /home/runner/.gradle/caches/8.14/transforms/8d11eba698d75c73b1d2cc8da44e23f2/transformed/work-runtime-2.10.4-runtime.jar with cache key 71fbda6a6591b9b241971358f430629c
build	Build with Gradle	2026-06-06T12:24:47.9367737Z Stored cache entry for EnumerateClassesTransform: /home/runner/.gradle/caches/8.14/transforms/70ca34bc967c1069d976da22711bb22c/transformed/transition-1.5.1-runtime.jar with cache key 2d670472f33fda2208af4abf70570517
build	Build with Gradle	2026-06-06T12:24:47.9370788Z Caching disabled for AarToClassTransform: /home/runner/.gradle/caches/modules-2/files-2.1/androidx.core/core-remoteviews/1.1.0/eed9f50972899dc2e51001c79c0094de7ff85d53/core-remoteviews-1.1.0.aar because:
build	Build with Gradle	2026-06-06T12:24:47.9372498Z   Caching not enabled.
build	Build with Gradle	2026-06-06T12:24:47.9374197Z Build cache key for EnumerateClassesTransform: /home/runner/.gradle/caches/8.14/transforms/cd3609bf75fb1a509968265c85ca274b/transformed/coordinatorlayout-1.1.0-runtime.jar is 85b6df0a9373f2d55af12a0b0d4805a9
build	Build with Gradle	2026-06-06T12:24:47.9376962Z Build cache key for EnumerateClassesTransform: /home/runner/.gradle/caches/8.14/transforms/3e2a5b2aaa3d1505c7ad04a0c9db1f1a/transformed/slidingpanelayout-1.2.0-runtime.jar is 3ed63f2b1022b0182c0f089d656d9a4e
build	Build with Gradle	2026-06-06T12:24:47.9380016Z Stored cache entry for EnumerateClassesTransform: /home/runner/.gradle/caches/8.14/transforms/3e2a5b2aaa3d1505c7ad04a0c9db1f1a/transformed/slidingpanelayout-1.2.0-runtime.jar with cache key 3ed63f2b1022b0182c0f089d656d9a4e
build	Build with Gradle	2026-06-06T12:24:47.9382741Z Stored cache entry for EnumerateClassesTransform: /home/runner/.gradle/caches/8.14/transforms/cd3609bf75fb1a509968265c85ca274b/transformed/coordinatorlayout-1.1.0-runtime.jar with cache key 85b6df0a9373f2d55af12a0b0d4805a9
build	Build with Gradle	2026-06-06T12:24:47.9385571Z Build cache key for EnumerateClassesTransform: /home/runner/.gradle/caches/8.14/transforms/1a34edb89fc3357f3e040ffb26cc7aa8/transformed/core-remoteviews-1.1.0-runtime.jar is d1ea5ee11c9f2491f2936b0ad6e9d2ff
build	Build with Gradle	2026-06-06T12:24:47.9388663Z Build cache key for EnumerateClassesTransform: /home/runner/.gradle/caches/8.14/transforms/887358b262eb7e9b9ede4235f714f03e/transformed/drawerlayout-1.1.1-runtime.jar is 8ff7ec3852354aae2ea8db92e5f29eea
build	Build with Gradle	2026-06-06T12:24:47.9391469Z Build cache key for EnumerateClassesTransform: /home/runner/.gradle/caches/8.14/transforms/de972669253f5b52b75cd8cf1956dff5/transformed/viewpager-1.0.0-runtime.jar is f2b097ecbcb352775786d1f54952d202
build	Build with Gradle	2026-06-06T12:24:47.9394361Z Stored cache entry for EnumerateClassesTransform: /home/runner/.gradle/caches/8.14/transforms/1a34edb89fc3357f3e040ffb26cc7aa8/transformed/core-remoteviews-1.1.0-runtime.jar with cache key d1ea5ee11c9f2491f2936b0ad6e9d2ff
build	Build with Gradle	2026-06-06T12:24:47.9397188Z Build cache key for EnumerateClassesTransform: /home/runner/.gradle/caches/8.14/transforms/9486ab224f7858d4abc146c0ccf07937/transformed/customview-1.2.0-runtime.jar is 9636bbf0e25d66f32fe0123966b51557
build	Build with Gradle	2026-06-06T12:24:47.9400219Z Stored cache entry for EnumerateClassesTransform: /home/runner/.gradle/caches/8.14/transforms/887358b262eb7e9b9ede4235f714f03e/transformed/drawerlayout-1.1.1-runtime.jar with cache key 8ff7ec3852354aae2ea8db92e5f29eea
build	Build with Gradle	2026-06-06T12:24:47.9405020Z Stored cache entry for EnumerateClassesTransform: /home/runner/.gradle/caches/8.14/transforms/de972669253f5b52b75cd8cf1956dff5/transformed/viewpager-1.0.0-runtime.jar with cache key f2b097ecbcb352775786d1f54952d202
build	Build with Gradle	2026-06-06T12:24:47.9408356Z Stored cache entry for EnumerateClassesTransform: /home/runner/.gradle/caches/8.14/transforms/9486ab224f7858d4abc146c0ccf07937/transformed/customview-1.2.0-runtime.jar with cache key 9636bbf0e25d66f32fe0123966b51557
build	Build with Gradle	2026-06-06T12:24:47.9411236Z Build cache key for EnumerateClassesTransform: /home/runner/.gradle/caches/8.14/transforms/50e8d127232eb2656bd7863264063c0c/transformed/constraintlayout-2.2.1-runtime.jar is 06cc58b707e36e8b68aa85b804969cd9
build	Build with Gradle	2026-06-06T12:24:47.9414081Z Caching disabled for AarToClassTransform: /home/runner/.gradle/caches/modules-2/files-2.1/io.coil-kt.coil3/coil-android/3.4.0/d7cbf41e75d28bdf30b1537b3c4961cf1e8b0059/coil.aar because:
build	Build with Gradle	2026-06-06T12:24:47.9415644Z   Caching not enabled.
build	Build with Gradle	2026-06-06T12:24:47.9417334Z Build cache key for EnumerateClassesTransform: /home/runner/.gradle/caches/8.14/transforms/af94e3dc21b912924c80cfdf40de81a9/transformed/dynamicanimation-1.1.0-runtime.jar is d2073f3ddfd1998255efbc58bc56997e
build	Build with Gradle	2026-06-06T12:24:47.9420482Z Stored cache entry for EnumerateClassesTransform: /home/runner/.gradle/caches/8.14/transforms/50e8d127232eb2656bd7863264063c0c/transformed/constraintlayout-2.2.1-runtime.jar with cache key 06cc58b707e36e8b68aa85b804969cd9
build	Build with Gradle	2026-06-06T12:24:47.9423551Z Caching disabled for AarToClassTransform: /home/runner/.gradle/caches/modules-2/files-2.1/io.coil-kt.coil3/coil-network-okhttp-android/3.4.0/726c9a91436b8f2a338507ffe0e5ba27906ac912/coil-network-okhttp.aar because:
build	Build with Gradle	2026-06-06T12:24:47.9425468Z   Caching not enabled.
build	Build with Gradle	2026-06-06T12:24:47.9427294Z Stored cache entry for EnumerateClassesTransform: /home/runner/.gradle/caches/8.14/transforms/af94e3dc21b912924c80cfdf40de81a9/transformed/dynamicanimation-1.1.0-runtime.jar with cache key d2073f3ddfd1998255efbc58bc56997e
build	Build with Gradle	2026-06-06T12:24:47.9430114Z Build cache key for EnumerateClassesTransform: /home/runner/.gradle/caches/8.14/transforms/bbb3c1c5a2c37e32423cb01e2c0a057f/transformed/coil-runtime.jar is 5a4fe4be37ace61d9734cf1d6f3fd0af
build	Build with Gradle	2026-06-06T12:24:47.9432744Z Caching disabled for AarToClassTransform: /home/runner/.gradle/caches/modules-2/files-2.1/io.coil-kt.coil3/coil-network-core-android/3.4.0/34c33c1d2d8709d004069555045d252d0f14bab1/coil-network-core.aar because:
build	Build with Gradle	2026-06-06T12:24:47.9434405Z   Caching not enabled.
build	Build with Gradle	2026-06-06T12:24:47.9435745Z Build cache key for EnumerateClassesTransform: /home/runner/.gradle/caches/8.14/transforms/4baba6c75087bb463fa918fddb9e3052/transformed/coil-network-okhttp-runtime.jar is 93e1e6a6f3c55d17700d6fa8b46e1877
build	Build with Gradle	2026-06-06T12:24:47.9438106Z Stored cache entry for EnumerateClassesTransform: /home/runner/.gradle/caches/8.14/transforms/bbb3c1c5a2c37e32423cb01e2c0a057f/transformed/coil-runtime.jar with cache key 5a4fe4be37ace61d9734cf1d6f3fd0af
build	Build with Gradle	2026-06-06T12:24:47.9440180Z Caching disabled for AarToClassTransform: /home/runner/.gradle/caches/modules-2/files-2.1/io.coil-kt.coil3/coil-core-android/3.4.0/5732710cbf3f7d8d5544eb37c438fcc1f27151a0/coil-core.aar because:
build	Build with Gradle	2026-06-06T12:24:47.9441472Z   Caching not enabled.
build	Build with Gradle	2026-06-06T12:24:47.9442857Z Stored cache entry for EnumerateClassesTransform: /home/runner/.gradle/caches/8.14/transforms/4baba6c75087bb463fa918fddb9e3052/transformed/coil-network-okhttp-runtime.jar with cache key 93e1e6a6f3c55d17700d6fa8b46e1877
build	Build with Gradle	2026-06-06T12:24:47.9445449Z Build cache key for EnumerateClassesTransform: /home/runner/.gradle/caches/8.14/transforms/46e2bff010dfec0cfcb5a65508a84a70/transformed/coil-network-core-runtime.jar is 5e916b1c9242415d9af2c450e63b1aa4
build	Build with Gradle	2026-06-06T12:24:47.9448094Z Build cache key for EnumerateClassesTransform: /home/runner/.gradle/caches/8.14/transforms/dbc6a3724531b60aec5c9b4b07f69a7b/transformed/appcompat-resources-1.7.1-runtime.jar is bebc4ef1e803a9a30e3d1f94e59ef72d
build	Build with Gradle	2026-06-06T12:24:47.9450677Z Stored cache entry for EnumerateClassesTransform: /home/runner/.gradle/caches/8.14/transforms/46e2bff010dfec0cfcb5a65508a84a70/transformed/coil-network-core-runtime.jar with cache key 5e916b1c9242415d9af2c450e63b1aa4
build	Build with Gradle	2026-06-06T12:24:47.9453617Z Stored cache entry for EnumerateClassesTransform: /home/runner/.gradle/caches/8.14/transforms/dbc6a3724531b60aec5c9b4b07f69a7b/transformed/appcompat-resources-1.7.1-runtime.jar with cache key bebc4ef1e803a9a30e3d1f94e59ef72d
build	Build with Gradle	2026-06-06T12:24:47.9456697Z Build cache key for EnumerateClassesTransform: /home/runner/.gradle/caches/8.14/transforms/9ad68249f43094a010a581d79069305d/transformed/vectordrawable-animated-1.1.0-runtime.jar is 019076e998ef1bf752b185f28f103eb9
build	Build with Gradle	2026-06-06T12:24:47.9459988Z Build cache key for EnumerateClassesTransform: /home/runner/.gradle/caches/8.14/transforms/b862e0712f514781b71c96044e6eb299/transformed/vectordrawable-1.1.0-runtime.jar is 6830eabf2de71ae5b2b4e7ffac6147a8
build	Build with Gradle	2026-06-06T12:24:47.9462976Z Stored cache entry for EnumerateClassesTransform: /home/runner/.gradle/caches/8.14/transforms/9ad68249f43094a010a581d79069305d/transformed/vectordrawable-animated-1.1.0-runtime.jar with cache key 019076e998ef1bf752b185f28f103eb9
build	Build with Gradle	2026-06-06T12:24:47.9466040Z Stored cache entry for EnumerateClassesTransform: /home/runner/.gradle/caches/8.14/transforms/b862e0712f514781b71c96044e6eb299/transformed/vectordrawable-1.1.0-runtime.jar with cache key 6830eabf2de71ae5b2b4e7ffac6147a8
build	Build with Gradle	2026-06-06T12:24:47.9469221Z Build cache key for EnumerateClassesTransform: /home/runner/.gradle/caches/8.14/transforms/ff96a665e609977331e4f6e90bcad661/transformed/switchbar-1.0.2-runtime.jar is f8949ad8fb43d81c01de053c7820952c
build	Build with Gradle	2026-06-06T12:24:47.9472089Z Build cache key for EnumerateClassesTransform: /home/runner/.gradle/caches/8.14/transforms/d09c4fbf26cfc05b3d72d9ba45baf501/transformed/swiperefreshlayout-1.1.0-runtime.jar is c4ba1dc75ffaa46f3233077bf6122e8e
build	Build with Gradle	2026-06-06T12:24:47.9475232Z Stored cache entry for EnumerateClassesTransform: /home/runner/.gradle/caches/8.14/transforms/d09c4fbf26cfc05b3d72d9ba45baf501/transformed/swiperefreshlayout-1.1.0-runtime.jar with cache key c4ba1dc75ffaa46f3233077bf6122e8e
build	Build with Gradle	2026-06-06T12:24:47.9478429Z Stored cache entry for EnumerateClassesTransform: /home/runner/.gradle/caches/8.14/transforms/ff96a665e609977331e4f6e90bcad661/transformed/switchbar-1.0.2-runtime.jar with cache key f8949ad8fb43d81c01de053c7820952c
build	Build with Gradle	2026-06-06T12:24:47.9481456Z Build cache key for EnumerateClassesTransform: /home/runner/.gradle/caches/8.14/transforms/2cd44ef78ec7cea3e414cbcbbc547952/transformed/customview-poolingcontainer-1.0.0-runtime.jar is 56dda75451772412e9de317e40eb87f0
build	Build with Gradle	2026-06-06T12:24:47.9484747Z Build cache key for EnumerateClassesTransform: /home/runner/.gradle/caches/8.14/transforms/1c4004c0adbd68aa232eaeb73a5bac87/transformed/insets-1.3.0-release-runtime.jar is beab87351722f58621fc98b20bec7417
build	Build with Gradle	2026-06-06T12:24:47.9487930Z Stored cache entry for EnumerateClassesTransform: /home/runner/.gradle/caches/8.14/transforms/2cd44ef78ec7cea3e414cbcbbc547952/transformed/customview-poolingcontainer-1.0.0-runtime.jar with cache key 56dda75451772412e9de317e40eb87f0
build	Build with Gradle	2026-06-06T12:24:47.9491158Z Stored cache entry for EnumerateClassesTransform: /home/runner/.gradle/caches/8.14/transforms/1c4004c0adbd68aa232eaeb73a5bac87/transformed/insets-1.3.0-release-runtime.jar with cache key beab87351722f58621fc98b20bec7417
build	Build with Gradle	2026-06-06T12:24:47.9494201Z Caching disabled for IdentityTransform: /home/runner/.gradle/caches/modules-2/files-2.1/io.insert-koin/koin-core-viewmodel-jvm/4.0.2/13a8ef50ed8a827de227d1526f7b201aeb02254c/koin-core-viewmodel-jvm-4.0.2.jar because:
build	Build with Gradle	2026-06-06T12:24:47.9496079Z   Caching not enabled.
build	Build with Gradle	2026-06-06T12:24:47.9497935Z Build cache key for EnumerateClassesTransform: /home/runner/.gradle/caches/8.14/transforms/d40560e61f3c6ae48710cea39789c8b0/transformed/graphics-shapes-release-runtime.jar is 226f641d0903e35961ca12b1ff833f96
build	Build with Gradle	2026-06-06T12:24:47.9501034Z Build cache key for EnumerateClassesTransform: /home/runner/.gradle/caches/modules-2/files-2.1/io.insert-koin/koin-core-viewmodel-jvm/4.0.2/13a8ef50ed8a827de227d1526f7b201aeb02254c/koin-core-viewmodel-jvm-4.0.2.jar is b3b048939e8e06919c7a0696d43c7985
build	Build with Gradle	2026-06-06T12:24:47.9504293Z Build cache key for EnumerateClassesTransform: /home/runner/.gradle/caches/8.14/transforms/8ae8a8321bdb1970c51635dd5cf95d54/transformed/coil-core-runtime.jar is d8f7ff78beed4cd2246f1b41d6aa23c1
build	Build with Gradle	2026-06-06T12:24:47.9509305Z Stored cache entry for EnumerateClassesTransform: /home/runner/.gradle/caches/8.14/transforms/d40560e61f3c6ae48710cea39789c8b0/transformed/graphics-shapes-release-runtime.jar with cache key 226f641d0903e35961ca12b1ff833f96
build	Build with Gradle	2026-06-06T12:24:47.9512252Z Stored cache entry for EnumerateClassesTransform: /home/runner/.gradle/caches/modules-2/files-2.1/io.insert-koin/koin-core-viewmodel-jvm/4.0.2/13a8ef50ed8a827de227d1526f7b201aeb02254c/koin-core-viewmodel-jvm-4.0.2.jar with cache key b3b048939e8e06919c7a0696d43c7985
build	Build with Gradle	2026-06-06T12:24:47.9515813Z Build cache key for EnumerateClassesTransform: /home/runner/.gradle/caches/8.14/transforms/73e0c0df4fffd703f88e9b2fff6a5af7/transformed/savedstate-ktx-1.3.1-runtime.jar is 4b6e872638a4a6119a0beb6e8bdae1df
build	Build with Gradle	2026-06-06T12:24:47.9519041Z Build cache key for EnumerateClassesTransform: /home/runner/.gradle/caches/8.14/transforms/7b5a3a41c0577ff61933cfddbc9e93e1/transformed/savedstate-release-runtime.jar is b577e4ee314e81e03b037d98ca7ff9a7
build	Build with Gradle	2026-06-06T12:24:47.9522130Z Stored cache entry for EnumerateClassesTransform: /home/runner/.gradle/caches/8.14/transforms/73e0c0df4fffd703f88e9b2fff6a5af7/transformed/savedstate-ktx-1.3.1-runtime.jar with cache key 4b6e872638a4a6119a0beb6e8bdae1df
build	Build with Gradle	2026-06-06T12:24:47.9525137Z Stored cache entry for EnumerateClassesTransform: /home/runner/.gradle/caches/8.14/transforms/8ae8a8321bdb1970c51635dd5cf95d54/transformed/coil-core-runtime.jar with cache key d8f7ff78beed4cd2246f1b41d6aa23c1
build	Build with Gradle	2026-06-06T12:24:47.9528303Z Stored cache entry for EnumerateClassesTransform: /home/runner/.gradle/caches/8.14/transforms/7b5a3a41c0577ff61933cfddbc9e93e1/transformed/savedstate-release-runtime.jar with cache key b577e4ee314e81e03b037d98ca7ff9a7
build	Build with Gradle	2026-06-06T12:24:47.9531410Z Caching disabled for AarToClassTransform: /home/runner/.gradle/caches/modules-2/files-2.1/org.jetbrains.androidx.core/core-bundle-android/1.0.1/f51cfa56410ac18c6a03788a9973696f1ca0dcc6/core-bundle-release.aar because:
build	Build with Gradle	2026-06-06T12:24:47.9533292Z   Caching not enabled.
build	Build with Gradle	2026-06-06T12:24:47.9534978Z Caching disabled for AarToClassTransform: /home/runner/.gradle/caches/modules-2/files-2.1/androidx.preference/preference-ktx/1.2.1/6e9c6ae7537ca0fb93f08ef411530c9809686ba3/preference-ktx-1.2.1.aar because:
build	Build with Gradle	2026-06-06T12:24:47.9536726Z   Caching not enabled.
build	Build with Gradle	2026-06-06T12:24:47.9538436Z Caching disabled for AarToClassTransform: /home/runner/.gradle/caches/modules-2/files-2.1/androidx.window/window/1.0.0/b88a4cb0db4e04827baad7b7d45f57d80e84d08e/window-1.0.0.aar because:
build	Build with Gradle	2026-06-06T12:24:47.9540071Z   Caching not enabled.
build	Build with Gradle	2026-06-06T12:24:47.9541679Z Build cache key for EnumerateClassesTransform: /home/runner/.gradle/caches/8.14/transforms/e4247b3945489c74b10892a8a50cedf8/transformed/core-ktx-1.16.0-runtime.jar is d2917b6f7ca4c08e1aa3729a67228d37
build	Build with Gradle	2026-06-06T12:24:47.9544488Z Build cache key for EnumerateClassesTransform: /home/runner/.gradle/caches/8.14/transforms/e4b94552ea01d9292a45acc5200cd974/transformed/preference-ktx-1.2.1-runtime.jar is 9824308da0a1c7c280cc71d8c25bacb3
build	Build with Gradle	2026-06-06T12:24:47.9547322Z Build cache key for EnumerateClassesTransform: /home/runner/.gradle/caches/8.14/transforms/3a0c09f9104795c958cdc56d5436c7e3/transformed/core-bundle-release-runtime.jar is c8fb3206ad942d47d73099839abe9c5a
build	Build with Gradle	2026-06-06T12:24:47.9550414Z Stored cache entry for EnumerateClassesTransform: /home/runner/.gradle/caches/8.14/transforms/e4247b3945489c74b10892a8a50cedf8/transformed/core-ktx-1.16.0-runtime.jar with cache key d2917b6f7ca4c08e1aa3729a67228d37
build	Build with Gradle	2026-06-06T12:24:47.9553720Z Build cache key for EnumerateClassesTransform: /home/runner/.gradle/caches/modules-2/files-2.1/androidx.lifecycle/lifecycle-common-jvm/2.9.4/ab739bccdb3541983385af169565c7c035d897e7/lifecycle-common-jvm-2.9.4.jar is f6d1dab6572f0236bb088236cdda6af7
build	Build with Gradle	2026-06-06T12:24:47.9557046Z Stored cache entry for EnumerateClassesTransform: /home/runner/.gradle/caches/8.14/transforms/3a0c09f9104795c958cdc56d5436c7e3/transformed/core-bundle-release-runtime.jar with cache key c8fb3206ad942d47d73099839abe9c5a
build	Build with Gradle	2026-06-06T12:24:47.9568463Z Stored cache entry for EnumerateClassesTransform: /home/runner/.gradle/caches/8.14/transforms/e4b94552ea01d9292a45acc5200cd974/transformed/preference-ktx-1.2.1-runtime.jar with cache key 9824308da0a1c7c280cc71d8c25bacb3
build	Build with Gradle	2026-06-06T12:24:47.9572233Z Stored cache entry for EnumerateClassesTransform: /home/runner/.gradle/caches/modules-2/files-2.1/androidx.lifecycle/lifecycle-common-jvm/2.9.4/ab739bccdb3541983385af169565c7c035d897e7/lifecycle-common-jvm-2.9.4.jar with cache key f6d1dab6572f0236bb088236cdda6af7
build	Build with Gradle	2026-06-06T12:24:47.9575762Z Caching disabled for AarToClassTransform: /home/runner/.gradle/caches/modules-2/files-2.1/androidx.lifecycle/lifecycle-service/2.9.4/a5cfb1c9642dbec8a9ae90a5afca94f6e9865147/lifecycle-service-2.9.4.aar because:
build	Build with Gradle	2026-06-06T12:24:47.9577654Z   Caching not enabled.
build	Build with Gradle	2026-06-06T12:24:47.9579404Z Build cache key for EnumerateClassesTransform: /home/runner/.gradle/caches/8.14/transforms/040c93df8bdc6b5d4304d40de8b76681/transformed/lifecycle-runtime-release-runtime.jar is 6980652d0d88b6f53c6e6134fee9778b
build	Build with Gradle	2026-06-06T12:24:47.9582232Z Build cache key for EnumerateClassesTransform: /home/runner/.gradle/caches/8.14/transforms/098a4b3e023fbbb2d52924e8efc40f6e/transformed/lifecycle-viewmodel-2.9.4-runtime.jar is 7181f5a18837d2b626b30717499b9c99
build	Build with Gradle	2026-06-06T12:24:47.9584916Z Stored cache entry for EnumerateClassesTransform: /home/runner/.gradle/caches/8.14/transforms/040c93df8bdc6b5d4304d40de8b76681/transformed/lifecycle-runtime-release-runtime.jar with cache key 6980652d0d88b6f53c6e6134fee9778b
build	Build with Gradle	2026-06-06T12:24:47.9587746Z Build cache key for EnumerateClassesTransform: /home/runner/.gradle/caches/8.14/transforms/93a4ffccbeaca309f8883b6b7e71f84e/transformed/window-1.0.0-runtime.jar is 3d4defb5071e88106378635a25146916
build	Build with Gradle	2026-06-06T12:24:47.9590544Z Stored cache entry for EnumerateClassesTransform: /home/runner/.gradle/caches/8.14/transforms/098a4b3e023fbbb2d52924e8efc40f6e/transformed/lifecycle-viewmodel-2.9.4-runtime.jar with cache key 7181f5a18837d2b626b30717499b9c99
build	Build with Gradle	2026-06-06T12:24:47.9593411Z Build cache key for EnumerateClassesTransform: /home/runner/.gradle/caches/8.14/transforms/7c7b6042ce13fb7a0c97fe23e47784de/transformed/lifecycle-service-2.9.4-runtime.jar is 085a420daa1398c01fdeef3c6906715f
build	Build with Gradle	2026-06-06T12:24:47.9596161Z Build cache key for EnumerateClassesTransform: /home/runner/.gradle/caches/8.14/transforms/e01a3c46d2157477140a98576bd15b1b/transformed/lifecycle-viewmodel-release-runtime.jar is 7c2262c5c062e0e35dbf62015b313da3
build	Build with Gradle	2026-06-06T12:24:47.9599325Z Build cache key for EnumerateClassesTransform: /home/runner/.gradle/caches/8.14/transforms/9cf49440ae2cffd30c485ebe923d5581/transformed/lifecycle-viewmodel-savedstate-release-runtime.jar is 400f7b0903c79ab133787fd5faff2934
build	Build with Gradle	2026-06-06T12:24:47.9602321Z Stored cache entry for EnumerateClassesTransform: /home/runner/.gradle/caches/8.14/transforms/7c7b6042ce13fb7a0c97fe23e47784de/transformed/lifecycle-service-2.9.4-runtime.jar with cache key 085a420daa1398c01fdeef3c6906715f
build	Build with Gradle	2026-06-06T12:24:47.9605252Z Stored cache entry for EnumerateClassesTransform: /home/runner/.gradle/caches/8.14/transforms/e01a3c46d2157477140a98576bd15b1b/transformed/lifecycle-viewmodel-release-runtime.jar with cache key 7c2262c5c062e0e35dbf62015b313da3
build	Build with Gradle	2026-06-06T12:24:47.9608288Z Build cache key for EnumerateClassesTransform: /home/runner/.gradle/caches/8.14/transforms/2c6b37192072bf85a90c762f06b953e2/transformed/lifecycle-livedata-core-2.9.4-runtime.jar is 0667c1fc08cd8952d8f595e99d2b1667
build	Build with Gradle	2026-06-06T12:24:47.9612835Z Stored cache entry for EnumerateClassesTransform: /home/runner/.gradle/caches/8.14/transforms/93a4ffccbeaca309f8883b6b7e71f84e/transformed/window-1.0.0-runtime.jar with cache key 3d4defb5071e88106378635a25146916
build	Build with Gradle	2026-06-06T12:24:47.9615619Z Build cache key for EnumerateClassesTransform: /home/runner/.gradle/caches/8.14/transforms/a90ab16d9ff6b42ccbed68097e60ee35/transformed/lifecycle-process-2.9.4-runtime.jar is 54556246447ad143ddf6da2bf10c8e14
build	Build with Gradle	2026-06-06T12:24:47.9625703Z Stored cache entry for EnumerateClassesTransform: /home/runner/.gradle/caches/8.14/transforms/9cf49440ae2cffd30c485ebe923d5581/transformed/lifecycle-viewmodel-savedstate-release-runtime.jar with cache key 400f7b0903c79ab133787fd5faff2934
build	Build with Gradle	2026-06-06T12:24:47.9629323Z Build cache key for EnumerateClassesTransform: /home/runner/.gradle/caches/8.14/transforms/4ac448599891a9346ad8838af98801e6/transformed/lifecycle-runtime-ktx-runtime.jar is 38481a73e11340bdc610870fc4a463c0
build	Build with Gradle	2026-06-06T12:24:47.9632405Z Build cache key for EnumerateClassesTransform: /home/runner/.gradle/caches/8.14/transforms/d8e177f44834aecec0cb78741e8bb7cc/transformed/lifecycle-livedata-2.9.4-runtime.jar is f2f3de6628ece3c13b9c9105c792e3fc
build	Build with Gradle	2026-06-06T12:24:47.9635417Z Stored cache entry for EnumerateClassesTransform: /home/runner/.gradle/caches/8.14/transforms/2c6b37192072bf85a90c762f06b953e2/transformed/lifecycle-livedata-core-2.9.4-runtime.jar with cache key 0667c1fc08cd8952d8f595e99d2b1667
build	Build with Gradle	2026-06-06T12:24:47.9638662Z Stored cache entry for EnumerateClassesTransform: /home/runner/.gradle/caches/8.14/transforms/a90ab16d9ff6b42ccbed68097e60ee35/transformed/lifecycle-process-2.9.4-runtime.jar with cache key 54556246447ad143ddf6da2bf10c8e14
build	Build with Gradle	2026-06-06T12:24:47.9641832Z Stored cache entry for EnumerateClassesTransform: /home/runner/.gradle/caches/8.14/transforms/4ac448599891a9346ad8838af98801e6/transformed/lifecycle-runtime-ktx-runtime.jar with cache key 38481a73e11340bdc610870fc4a463c0
build	Build with Gradle	2026-06-06T12:24:47.9644850Z Build cache key for EnumerateClassesTransform: /home/runner/.gradle/caches/8.14/transforms/9e42abcab04aac96ffdd758951004135/transformed/lifecycle-livedata-core-ktx-2.9.4-runtime.jar is a739e0df79909b4c1a28180a8d434246
build	Build with Gradle	2026-06-06T12:24:47.9647836Z Caching disabled for AarToClassTransform: /home/runner/.gradle/caches/modules-2/files-2.1/androidx.compose.ui/ui-graphics/1.1.1/2b97a98935503ef58692ad860852b26838307deb/ui-graphics-1.1.1.aar because:
build	Build with Gradle	2026-06-06T12:24:47.9649523Z   Caching not enabled.
build	Build with Gradle	2026-06-06T12:24:47.9651290Z Stored cache entry for EnumerateClassesTransform: /home/runner/.gradle/caches/8.14/transforms/d8e177f44834aecec0cb78741e8bb7cc/transformed/lifecycle-livedata-2.9.4-runtime.jar with cache key f2f3de6628ece3c13b9c9105c792e3fc
build	Build with Gradle	2026-06-06T12:24:47.9654117Z Caching disabled for AarToClassTransform: /home/runner/.gradle/caches/modules-2/files-2.1/androidx.compose.ui/ui-unit/1.1.1/bc1108e8e9e70482f9610d9b6ef18ef4fc919758/ui-unit-1.1.1.aar because:
build	Build with Gradle	2026-06-06T12:24:47.9655782Z   Caching not enabled.
build	Build with Gradle	2026-06-06T12:24:47.9657567Z Caching disabled for AarToClassTransform: /home/runner/.gradle/caches/modules-2/files-2.1/androidx.compose.ui/ui-geometry/1.1.1/9a83922b7f4359964641df49840240250a19de3f/ui-geometry-1.1.1.aar because:
build	Build with Gradle	2026-06-06T12:24:47.9659227Z   Caching not enabled.
build	Build with Gradle	2026-06-06T12:24:47.9661074Z Stored cache entry for EnumerateClassesTransform: /home/runner/.gradle/caches/8.14/transforms/9e42abcab04aac96ffdd758951004135/transformed/lifecycle-livedata-core-ktx-2.9.4-runtime.jar with cache key a739e0df79909b4c1a28180a8d434246
build	Build with Gradle	2026-06-06T12:24:47.9664091Z Caching disabled for AarToClassTransform: /home/runner/.gradle/caches/modules-2/files-2.1/androidx.compose.runtime/runtime/1.2.1/c58ea3086812ae34ea5eedda4feaabf227adb8b0/runtime-1.2.1.aar because:
build	Build with Gradle	2026-06-06T12:24:47.9665840Z   Caching not enabled.
build	Build with Gradle	2026-06-06T12:24:47.9667606Z Build cache key for EnumerateClassesTransform: /home/runner/.gradle/caches/8.14/transforms/1e19859171d2dbdce4aa40fb8afa4dd7/transformed/ui-unit-1.1.1-runtime.jar is f7255a499027864f6f0d34d1db458373
build	Build with Gradle	2026-06-06T12:24:47.9670376Z Build cache key for EnumerateClassesTransform: /home/runner/.gradle/caches/8.14/transforms/25a217b29a0b1b866c0e1479a3862e32/transformed/ui-geometry-1.1.1-runtime.jar is 706bed2aa2faeab2692d4eb988979770
build	Build with Gradle	2026-06-06T12:24:47.9673429Z Stored cache entry for EnumerateClassesTransform: /home/runner/.gradle/caches/8.14/transforms/1e19859171d2dbdce4aa40fb8afa4dd7/transformed/ui-unit-1.1.1-runtime.jar with cache key f7255a499027864f6f0d34d1db458373
build	Build with Gradle	2026-06-06T12:24:47.9680161Z Caching disabled for AarToClassTransform: /home/runner/.gradle/caches/modules-2/files-2.1/io.sentry/sentry-compose-android/8.40.0/9d9c271d75a3646a6360c6099b9cd15224c8cafc/sentry-compose-release.aar because:
build	Build with Gradle	2026-06-06T12:24:47.9682113Z   Caching not enabled.
build	Build with Gradle	2026-06-06T12:24:47.9684165Z Stored cache entry for EnumerateClassesTransform: /home/runner/.gradle/caches/8.14/transforms/25a217b29a0b1b866c0e1479a3862e32/transformed/ui-geometry-1.1.1-runtime.jar with cache key 706bed2aa2faeab2692d4eb988979770
build	Build with Gradle	2026-06-06T12:24:47.9687252Z Caching disabled for IdentityTransform: /home/runner/.gradle/caches/modules-2/files-2.1/androidx.lifecycle/lifecycle-common-java8/2.9.4/86a8e6b9d0ba0c964fdc7223a38b6ce74bcb24dd/lifecycle-common-java8-2.9.4.jar because:
build	Build with Gradle	2026-06-06T12:24:47.9689316Z   Caching not enabled.
build	Build with Gradle	2026-06-06T12:24:47.9691093Z Build cache key for EnumerateClassesTransform: /home/runner/.gradle/caches/modules-2/files-2.1/androidx.lifecycle/lifecycle-common-java8/2.9.4/86a8e6b9d0ba0c964fdc7223a38b6ce74bcb24dd/lifecycle-common-java8-2.9.4.jar is 7d6bbac1697f0a873e43943820db36ef
build	Build with Gradle	2026-06-06T12:24:47.9694180Z Build cache key for EnumerateClassesTransform: /home/runner/.gradle/caches/8.14/transforms/12c8784a22dbf99815dbd3a9e4e88803/transformed/ui-graphics-1.1.1-runtime.jar is 3fb5a88532b95478f79dda91c11bc3c7
build	Build with Gradle	2026-06-06T12:24:47.9696958Z Build cache key for EnumerateClassesTransform: /home/runner/.gradle/caches/8.14/transforms/ee7cbff5907309ad79c1f2d3bc7af081/transformed/sentry-compose-release-runtime.jar is c709e64fa0a5fae3327850d53a7a4c1e
build	Build with Gradle	2026-06-06T12:24:47.9699644Z Stored cache entry for EnumerateClassesTransform: /home/runner/.gradle/caches/modules-2/files-2.1/androidx.lifecycle/lifecycle-common-java8/2.9.4/86a8e6b9d0ba0c964fdc7223a38b6ce74bcb24dd/lifecycle-common-java8-2.9.4.jar with cache key 7d6bbac1697f0a873e43943820db36ef
build	Build with Gradle	2026-06-06T12:24:47.9701407Z Stored cache entry for EnumerateClassesTransform: /home/runner/.gradle/caches/8.14/transforms/12c8784a22dbf99815dbd3a9e4e88803/transformed/ui-graphics-1.1.1-runtime.jar with cache key 3fb5a88532b95478f79dda91c11bc3c7
build	Build with Gradle	2026-06-06T12:24:47.9702965Z Caching disabled for AarToClassTransform: /home/runner/.gradle/caches/modules-2/files-2.1/androidx.lifecycle/lifecycle-livedata-ktx/2.9.4/66792975f809f779d8dc81f8a939044ce511e403/lifecycle-livedata-ktx-2.9.4.aar because:
build	Build with Gradle	2026-06-06T12:24:47.9703955Z   Caching not enabled.
build	Build with Gradle	2026-06-06T12:24:47.9704919Z Stored cache entry for EnumerateClassesTransform: /home/runner/.gradle/caches/8.14/transforms/ee7cbff5907309ad79c1f2d3bc7af081/transformed/sentry-compose-release-runtime.jar with cache key c709e64fa0a5fae3327850d53a7a4c1e
build	Build with Gradle	2026-06-06T12:24:47.9706607Z Caching disabled for AarToClassTransform: /home/runner/.gradle/caches/modules-2/files-2.1/dev.rikka.rikkax.lifecycle/lifecycle-resource-livedata/1.0.1/fa715ddab5c4d13e207e3d714923cd6cd0f012fa/lifecycle-resource-livedata-1.0.1-release.aar because:
build	Build with Gradle	2026-06-06T12:24:47.9708243Z   Caching not enabled.
build	Build with Gradle	2026-06-06T12:24:47.9709800Z Build cache key for EnumerateClassesTransform: /home/runner/.gradle/caches/8.14/transforms/2d60392a0a94a232c66d1a7d8a3d6487/transformed/lifecycle-livedata-ktx-2.9.4-runtime.jar is 84a01d5a7fffc1d72eb3a5832c3b8bb9
build	Build with Gradle	2026-06-06T12:24:47.9711650Z Build cache key for EnumerateClassesTransform: /home/runner/.gradle/caches/8.14/transforms/e628dd3ed6cecc6a1399b5c93b10353e/transformed/lifecycle-viewmodel-ktx-2.9.4-runtime.jar is 6bac6926261d17e5116b96fd8a148644
build	Build with Gradle	2026-06-06T12:24:47.9714068Z Build cache key for EnumerateClassesTransform: /home/runner/.gradle/caches/8.14/transforms/4711742be03827adbff0dbe40c72e8ae/transformed/lifecycle-resource-livedata-1.0.1-release-runtime.jar is 41a47e897aa8f4f33347db3e5a29ba60
build	Build with Gradle	2026-06-06T12:24:47.9716293Z Stored cache entry for EnumerateClassesTransform: /home/runner/.gradle/caches/8.14/transforms/2d60392a0a94a232c66d1a7d8a3d6487/transformed/lifecycle-livedata-ktx-2.9.4-runtime.jar with cache key 84a01d5a7fffc1d72eb3a5832c3b8bb9
build	Build with Gradle	2026-06-06T12:24:47.9718023Z Stored cache entry for EnumerateClassesTransform: /home/runner/.gradle/caches/8.14/transforms/e628dd3ed6cecc6a1399b5c93b10353e/transformed/lifecycle-viewmodel-ktx-2.9.4-runtime.jar with cache key 6bac6926261d17e5116b96fd8a148644
build	Build with Gradle	2026-06-06T12:24:47.9719644Z Caching disabled for IdentityTransform: /home/runner/.gradle/caches/modules-2/files-2.1/com.airbnb.android/mavericks-common/3.0.9/e4a5cd46cff4ce9d1a3febecf4a60a75a83e7a8a/mavericks-common-3.0.9.jar because:
build	Build with Gradle	2026-06-06T12:24:47.9720510Z   Caching not enabled.
build	Build with Gradle	2026-06-06T12:24:47.9721436Z Caching disabled for AarToClassTransform: /home/runner/.gradle/caches/modules-2/files-2.1/androidx.datastore/datastore-preferences/1.0.0/246d3fe6a8fad89cb125347cd3e66c25c09b791d/datastore-preferences-1.0.0.aar because:
build	Build with Gradle	2026-06-06T12:24:47.9722437Z   Caching not enabled.
build	Build with Gradle	2026-06-06T12:24:47.9723369Z Stored cache entry for EnumerateClassesTransform: /home/runner/.gradle/caches/8.14/transforms/4711742be03827adbff0dbe40c72e8ae/transformed/lifecycle-resource-livedata-1.0.1-release-runtime.jar with cache key 41a47e897aa8f4f33347db3e5a29ba60
build	Build with Gradle	2026-06-06T12:24:47.9725013Z Build cache key for EnumerateClassesTransform: /home/runner/.gradle/caches/modules-2/files-2.1/com.airbnb.android/mavericks-common/3.0.9/e4a5cd46cff4ce9d1a3febecf4a60a75a83e7a8a/mavericks-common-3.0.9.jar is 476c102448f792b1eed15e934a4dbc09
build	Build with Gradle	2026-06-06T12:24:47.9726536Z Caching disabled for AarToClassTransform: /home/runner/.gradle/caches/modules-2/files-2.1/androidx.datastore/datastore/1.0.0/3de4862f268c702e0f09e1bc26fa347da3ae33be/datastore-1.0.0.aar because:
build	Build with Gradle	2026-06-06T12:24:47.9727343Z   Caching not enabled.
build	Build with Gradle	2026-06-06T12:24:47.9728931Z Stored cache entry for EnumerateClassesTransform: /home/runner/.gradle/caches/modules-2/files-2.1/com.airbnb.android/mavericks-common/3.0.9/e4a5cd46cff4ce9d1a3febecf4a60a75a83e7a8a/mavericks-common-3.0.9.jar with cache key 476c102448f792b1eed15e934a4dbc09
build	Build with Gradle	2026-06-06T12:24:47.9731477Z Build cache key for EnumerateClassesTransform: /home/runner/.gradle/caches/8.14/transforms/9bdc0ec35234ad54f32cdbc5dfbe55eb/transformed/datastore-preferences-1.0.0-runtime.jar is 17fc3b340da1d2359dbc9d4cedcf1895
build	Build with Gradle	2026-06-06T12:24:47.9733875Z Caching disabled for IdentityTransform: /home/runner/.gradle/caches/modules-2/files-2.1/androidx.datastore/datastore-preferences-core/1.0.0/403f64499b9a8994f5f7010329ddd1ee5c919ed5/datastore-preferences-core-1.0.0.jar because:
build	Build with Gradle	2026-06-06T12:24:47.9735471Z   Caching not enabled.
build	Build with Gradle	2026-06-06T12:24:47.9736789Z Build cache key for EnumerateClassesTransform: /home/runner/.gradle/caches/8.14/transforms/88ff491685fda976d0be1dcd22c35164/transformed/datastore-1.0.0-runtime.jar is 28438f59b06a5f6365d682960f28588c
build	Build with Gradle	2026-06-06T12:24:47.9759049Z Stored cache entry for EnumerateClassesTransform: /home/runner/.gradle/caches/8.14/transforms/9bdc0ec35234ad54f32cdbc5dfbe55eb/transformed/datastore-preferences-1.0.0-runtime.jar with cache key 17fc3b340da1d2359dbc9d4cedcf1895
build	Build with Gradle	2026-06-06T12:24:47.9761745Z Build cache key for EnumerateClassesTransform: /home/runner/.gradle/caches/modules-2/files-2.1/androidx.datastore/datastore-preferences-core/1.0.0/403f64499b9a8994f5f7010329ddd1ee5c919ed5/datastore-preferences-core-1.0.0.jar is ffbf9d11381259994a13ddd4809373eb
build	Build with Gradle	2026-06-06T12:24:47.9764419Z Caching disabled for IdentityTransform: /home/runner/.gradle/caches/modules-2/files-2.1/androidx.datastore/datastore-core/1.0.0/91b04fb657294e2906d95dce6a9e5a851f6125c1/datastore-core-1.0.0.jar because:
build	Build with Gradle	2026-06-06T12:24:47.9765272Z   Caching not enabled.
build	Build with Gradle	2026-06-06T12:24:47.9766175Z Build cache key for EnumerateClassesTransform: /home/runner/.gradle/caches/modules-2/files-2.1/androidx.datastore/datastore-core/1.0.0/91b04fb657294e2906d95dce6a9e5a851f6125c1/datastore-core-1.0.0.jar is 7c7037a9c02dd6ee4cebcb4e8b28d591
build	Build with Gradle	2026-06-06T12:24:47.9768043Z Stored cache entry for EnumerateClassesTransform: /home/runner/.gradle/caches/8.14/transforms/88ff491685fda976d0be1dcd22c35164/transformed/datastore-1.0.0-runtime.jar with cache key 28438f59b06a5f6365d682960f28588c
build	Build with Gradle	2026-06-06T12:24:47.9770179Z Build cache key for EnumerateClassesTransform: /home/runner/.gradle/caches/8.14/transforms/dfbed385f12c9c23b3ccf6dc85964f1b/transformed/runtime-1.2.1-runtime.jar is 83e51f5804d44ba3f1f0f3380fa6f534
build	Build with Gradle	2026-06-06T12:24:47.9773015Z Stored cache entry for EnumerateClassesTransform: /home/runner/.gradle/caches/modules-2/files-2.1/androidx.datastore/datastore-preferences-core/1.0.0/403f64499b9a8994f5f7010329ddd1ee5c919ed5/datastore-preferences-core-1.0.0.jar with cache key ffbf9d11381259994a13ddd4809373eb
build	Build with Gradle	2026-06-06T12:24:47.9775868Z Caching disabled for IdentityTransform: /home/runner/.gradle/caches/modules-2/files-2.1/androidx.concurrent/concurrent-futures-ktx/1.1.0/b4c245baf36d1a9e7defaf3be84f7a2ad4e1c797/concurrent-futures-ktx-1.1.0.jar because:
build	Build with Gradle	2026-06-06T12:24:47.9777902Z   Caching not enabled.
build	Build with Gradle	2026-06-06T12:24:47.9779791Z Build cache key for EnumerateClassesTransform: /home/runner/.gradle/caches/modules-2/files-2.1/org.jetbrains.kotlinx/kotlinx-coroutines-core-jvm/1.10.2/4a9f78ef49483748e2c129f3d124b8fa249dafbf/kotlinx-coroutines-core-jvm-1.10.2.jar is 005820677774bccbe896eaf87a6a3336
build	Build with Gradle	2026-06-06T12:24:47.9788440Z Stored cache entry for EnumerateClassesTransform: /home/runner/.gradle/caches/modules-2/files-2.1/androidx.datastore/datastore-core/1.0.0/91b04fb657294e2906d95dce6a9e5a851f6125c1/datastore-core-1.0.0.jar with cache key 7c7037a9c02dd6ee4cebcb4e8b28d591
build	Build with Gradle	2026-06-06T12:24:47.9791821Z Stored cache entry for EnumerateClassesTransform: /home/runner/.gradle/caches/8.14/transforms/dfbed385f12c9c23b3ccf6dc85964f1b/transformed/runtime-1.2.1-runtime.jar with cache key 83e51f5804d44ba3f1f0f3380fa6f534
build	Build with Gradle	2026-06-06T12:24:47.9794845Z Build cache key for EnumerateClassesTransform: /home/runner/.gradle/caches/modules-2/files-2.1/androidx.room/room-common/2.6.1/ff1b9580850a9b7eef56554e356628d225785265/room-common-2.6.1.jar is c905fbed99d44ec4f9176829b2fa8521
build	Build with Gradle	2026-06-06T12:24:47.9797810Z Build cache key for EnumerateClassesTransform: /home/runner/.gradle/caches/8.14/transforms/f77f1ad90022c559e65495cb3f54c9fe/transformed/room-runtime-2.6.1-runtime.jar is ce936769758000423de9adb3fa3782db
build	Build with Gradle	2026-06-06T12:24:47.9800469Z Build cache key for EnumerateClassesTransform: /home/runner/.gradle/caches/modules-2/files-2.1/androidx.concurrent/concurrent-futures-ktx/1.1.0/b4c245baf36d1a9e7defaf3be84f7a2ad4e1c797/concurrent-futures-ktx-1.1.0.jar is f2686769347b9bb081b7a2c79b97231a
build	Build with Gradle	2026-06-06T12:24:47.9803961Z Stored cache entry for EnumerateClassesTransform: /home/runner/.gradle/caches/modules-2/files-2.1/org.jetbrains.kotlinx/kotlinx-coroutines-core-jvm/1.10.2/4a9f78ef49483748e2c129f3d124b8fa249dafbf/kotlinx-coroutines-core-jvm-1.10.2.jar with cache key 005820677774bccbe896eaf87a6a3336
build	Build with Gradle	2026-06-06T12:24:47.9807085Z Stored cache entry for EnumerateClassesTransform: /home/runner/.gradle/caches/modules-2/files-2.1/androidx.room/room-common/2.6.1/ff1b9580850a9b7eef56554e356628d225785265/room-common-2.6.1.jar with cache key c905fbed99d44ec4f9176829b2fa8521
build	Build with Gradle	2026-06-06T12:24:47.9809706Z Stored cache entry for EnumerateClassesTransform: /home/runner/.gradle/caches/8.14/transforms/f77f1ad90022c559e65495cb3f54c9fe/transformed/room-runtime-2.6.1-runtime.jar with cache key ce936769758000423de9adb3fa3782db
build	Build with Gradle	2026-06-06T12:24:47.9812323Z Stored cache entry for EnumerateClassesTransform: /home/runner/.gradle/caches/modules-2/files-2.1/androidx.concurrent/concurrent-futures-ktx/1.1.0/b4c245baf36d1a9e7defaf3be84f7a2ad4e1c797/concurrent-futures-ktx-1.1.0.jar with cache key f2686769347b9bb081b7a2c79b97231a
build	Build with Gradle	2026-06-06T12:24:47.9815101Z Build cache key for EnumerateClassesTransform: /home/runner/.gradle/caches/8.14/transforms/b368d538be21c42605557bd2ebbed65c/transformed/room-ktx-2.6.1-runtime.jar is 41c56157c796674f50b3833c2fbe3776
build	Build with Gradle	2026-06-06T12:24:47.9821523Z Build cache key for EnumerateClassesTransform: /home/runner/.gradle/caches/modules-2/files-2.1/org.jetbrains.kotlinx/kotlinx-coroutines-android/1.10.2/c8705d275d81f19e8afaf3ff9b5bf7a4b6b6c19b/kotlinx-coroutines-android-1.10.2.jar is d248cd4a0c00a7287503a34f43b94d81
build	Build with Gradle	2026-06-06T12:24:47.9824303Z Caching disabled for AarToClassTransform: /home/runner/.gradle/caches/modules-2/files-2.1/androidx.core/core-splashscreen/1.0.1/fadbb3c79d38f185997886b932b93278a4d8c2c1/core-splashscreen-1.0.1.aar because:
build	Build with Gradle	2026-06-06T12:24:47.9826140Z   Caching not enabled.
build	Build with Gradle	2026-06-06T12:24:47.9828165Z Stored cache entry for EnumerateClassesTransform: /home/runner/.gradle/caches/modules-2/files-2.1/org.jetbrains.kotlinx/kotlinx-coroutines-android/1.10.2/c8705d275d81f19e8afaf3ff9b5bf7a4b6b6c19b/kotlinx-coroutines-android-1.10.2.jar with cache key d248cd4a0c00a7287503a34f43b94d81
build	Build with Gradle	2026-06-06T12:24:47.9830911Z Build cache key for EnumerateClassesTransform: /home/runner/.gradle/caches/8.14/transforms/6bdf51df48bce5f7265a6638149e8156/transformed/timber-5.0.1-runtime.jar is a75b75cb7303e49e3f80bbb9fa8c5474
build	Build with Gradle	2026-06-06T12:24:47.9833665Z Stored cache entry for EnumerateClassesTransform: /home/runner/.gradle/caches/8.14/transforms/b368d538be21c42605557bd2ebbed65c/transformed/room-ktx-2.6.1-runtime.jar with cache key 41c56157c796674f50b3833c2fbe3776
build	Build with Gradle	2026-06-06T12:24:47.9836191Z Caching disabled for AarToClassTransform: /home/runner/.gradle/caches/modules-2/files-2.1/dev.rikka.rikkax.html/html-ktx/1.1.2/93f816bee61ae1ad8c5d2c441b47a3c3ae97e505/html-ktx-1.1.2.aar because:
build	Build with Gradle	2026-06-06T12:24:47.9845540Z   Caching not enabled.
build	Build with Gradle	2026-06-06T12:24:47.9847227Z Build cache key for EnumerateClassesTransform: /home/runner/.gradle/caches/8.14/transforms/fb1116c2e0ccccb8be4c2c8dd54338c2/transformed/core-splashscreen-1.0.1-runtime.jar is 0befa486cf361ad827a4a4ac0c360db4
build	Build with Gradle	2026-06-06T12:24:47.9850102Z Caching disabled for IdentityTransform: /home/runner/.gradle/caches/modules-2/files-2.1/org.jetbrains.kotlin/kotlin-parcelize-runtime/1.8.22/5721a7249b68c1755a2de8f1f8edd7bc59d934e7/kotlin-parcelize-runtime-1.8.22.jar because:
build	Build with Gradle	2026-06-06T12:24:47.9851968Z   Caching not enabled.
build	Build with Gradle	2026-06-06T12:24:47.9853392Z Stored cache entry for EnumerateClassesTransform: /home/runner/.gradle/caches/8.14/transforms/6bdf51df48bce5f7265a6638149e8156/transformed/timber-5.0.1-runtime.jar with cache key a75b75cb7303e49e3f80bbb9fa8c5474
build	Build with Gradle	2026-06-06T12:24:47.9856280Z Build cache key for EnumerateClassesTransform: /home/runner/.gradle/caches/modules-2/files-2.1/org.jetbrains.kotlin/kotlin-parcelize-runtime/1.8.22/5721a7249b68c1755a2de8f1f8edd7bc59d934e7/kotlin-parcelize-runtime-1.8.22.jar is a93f4ee21d273cd9de8d1bd2075e8a57
build	Build with Gradle	2026-06-06T12:24:47.9859312Z Caching disabled for AarToClassTransform: /home/runner/.gradle/caches/modules-2/files-2.1/com.mikepenz/aboutlibraries-core-android/11.6.3/37b8fb4c8df5741b8bf5be4d94a99c304b567cf0/aboutlibraries-core-release.aar because:
build	Build with Gradle	2026-06-06T12:24:47.9861016Z   Caching not enabled.
build	Build with Gradle	2026-06-06T12:24:47.9862699Z Stored cache entry for EnumerateClassesTransform: /home/runner/.gradle/caches/8.14/transforms/fb1116c2e0ccccb8be4c2c8dd54338c2/transformed/core-splashscreen-1.0.1-runtime.jar with cache key 0befa486cf361ad827a4a4ac0c360db4
build	Build with Gradle	2026-06-06T12:24:47.9865351Z Build cache key for EnumerateClassesTransform: /home/runner/.gradle/caches/8.14/transforms/a25922f98ffed4b049c106a12a0cd9d6/transformed/html-ktx-1.1.2-runtime.jar is fa052dc334e8e9fa949e59f8aaa84b39
build	Build with Gradle	2026-06-06T12:24:47.9868533Z Build cache key for EnumerateClassesTransform: /home/runner/.gradle/caches/modules-2/files-2.1/org.jetbrains.kotlinx/kotlinx-serialization-core-jvm/1.8.0/fe5bb37ab4a3771f14c63e0c333c98bdfeb1d7cc/kotlinx-serialization-core-jvm-1.8.0.jar is 72a2a14a1f730642ef445bb8e9ab8202
build	Build with Gradle	2026-06-06T12:24:47.9872004Z Stored cache entry for EnumerateClassesTransform: /home/runner/.gradle/caches/modules-2/files-2.1/org.jetbrains.kotlin/kotlin-parcelize-runtime/1.8.22/5721a7249b68c1755a2de8f1f8edd7bc59d934e7/kotlin-parcelize-runtime-1.8.22.jar with cache key a93f4ee21d273cd9de8d1bd2075e8a57
build	Build with Gradle	2026-06-06T12:24:47.9875397Z Build cache key for EnumerateClassesTransform: /home/runner/.gradle/caches/modules-2/files-2.1/org.jetbrains.kotlinx/kotlinx-serialization-json-jvm/1.8.0/8253bf6e8c713a3dace54493a838e0f8fd3e08fa/kotlinx-serialization-json-jvm-1.8.0.jar is 54c92caec29d741f823f0dd49e1e2fb3
build	Build with Gradle	2026-06-06T12:24:47.9878691Z Stored cache entry for EnumerateClassesTransform: /home/runner/.gradle/caches/8.14/transforms/a25922f98ffed4b049c106a12a0cd9d6/transformed/html-ktx-1.1.2-runtime.jar with cache key fa052dc334e8e9fa949e59f8aaa84b39
build	Build with Gradle	2026-06-06T12:24:47.9882124Z Stored cache entry for EnumerateClassesTransform: /home/runner/.gradle/caches/modules-2/files-2.1/org.jetbrains.kotlinx/kotlinx-serialization-core-jvm/1.8.0/fe5bb37ab4a3771f14c63e0c333c98bdfeb1d7cc/kotlinx-serialization-core-jvm-1.8.0.jar with cache key 72a2a14a1f730642ef445bb8e9ab8202
build	Build with Gradle	2026-06-06T12:24:47.9885763Z Build cache key for EnumerateClassesTransform: /home/runner/.gradle/caches/8.14/transforms/2c8197c105badb053ded2a530e5940cc/transformed/aboutlibraries-core-release-runtime.jar is c9d7adb9bb218f2abde74e3ef278ef95
build	Build with Gradle	2026-06-06T12:24:47.9889187Z Stored cache entry for EnumerateClassesTransform: /home/runner/.gradle/caches/modules-2/files-2.1/org.jetbrains.kotlinx/kotlinx-serialization-json-jvm/1.8.0/8253bf6e8c713a3dace54493a838e0f8fd3e08fa/kotlinx-serialization-json-jvm-1.8.0.jar with cache key 54c92caec29d741f823f0dd49e1e2fb3
build	Build with Gradle	2026-06-06T12:24:47.9892009Z Caching disabled for IdentityTransform: /home/runner/.gradle/caches/modules-2/files-2.1/com.squareup.okhttp3/okhttp/4.12.0/2f4525d4a200e97e1b87449c2cd9bd2e25b7e8cd/okhttp-4.12.0.jar because:
build	Build with Gradle	2026-06-06T12:24:47.9893580Z   Caching not enabled.
build	Build with Gradle	2026-06-06T12:24:47.9900405Z Build cache key for EnumerateClassesTransform: /home/runner/.gradle/caches/8.14/transforms/9dfca86bcbaf9c0c0696f0c1f72b52f2/transformed/sentry-android-timber-8.40.0-runtime.jar is fab3765a4dd9353032b2a452be32211d
build	Build with Gradle	2026-06-06T12:24:47.9902971Z Caching disabled for IdentityTransform: /home/runner/.gradle/caches/modules-2/files-2.1/io.sentry/sentry-okhttp/8.40.0/fe1f9836ef751c68e8bec7c7182e1328d4ec2e19/sentry-okhttp-8.40.0.jar because:
build	Build with Gradle	2026-06-06T12:24:47.9904430Z   Caching not enabled.
build	Build with Gradle	2026-06-06T12:24:47.9905953Z Build cache key for EnumerateClassesTransform: /home/runner/.gradle/caches/modules-2/files-2.1/io.sentry/sentry-okhttp/8.40.0/fe1f9836ef751c68e8bec7c7182e1328d4ec2e19/sentry-okhttp-8.40.0.jar is 995767e3069e43ead7b03dd646656bbe
build	Build with Gradle	2026-06-06T12:24:47.9909053Z Stored cache entry for EnumerateClassesTransform: /home/runner/.gradle/caches/8.14/transforms/2c8197c105badb053ded2a530e5940cc/transformed/aboutlibraries-core-release-runtime.jar with cache key c9d7adb9bb218f2abde74e3ef278ef95
build	Build with Gradle	2026-06-06T12:24:47.9911720Z Build cache key for EnumerateClassesTransform: /home/runner/.gradle/caches/modules-2/files-2.1/com.squareup.okhttp3/okhttp/4.12.0/2f4525d4a200e97e1b87449c2cd9bd2e25b7e8cd/okhttp-4.12.0.jar is 0c2691036463ac8a5a64b9df44222c61
build	Build with Gradle	2026-06-06T12:24:47.9914668Z Build cache key for EnumerateClassesTransform: /home/runner/.gradle/caches/8.14/transforms/388a076b21181b22b7729bc0818b2ccc/transformed/sqlite-framework-2.4.0-runtime.jar is 1cfefca626949e95693a82b453edf0d5
build	Build with Gradle	2026-06-06T12:24:47.9917235Z Stored cache entry for EnumerateClassesTransform: /home/runner/.gradle/caches/8.14/transforms/9dfca86bcbaf9c0c0696f0c1f72b52f2/transformed/sentry-android-timber-8.40.0-runtime.jar with cache key fab3765a4dd9353032b2a452be32211d
build	Build with Gradle	2026-06-06T12:24:47.9919893Z Build cache key for EnumerateClassesTransform: /home/runner/.gradle/caches/8.14/transforms/8dc63c524c342e15a28d945ecf8953e3/transformed/sqlite-2.4.0-runtime.jar is c28aa963d916db622fd3e1a0da195954
build	Build with Gradle	2026-06-06T12:24:47.9926068Z Stored cache entry for EnumerateClassesTransform: /home/runner/.gradle/caches/modules-2/files-2.1/io.sentry/sentry-okhttp/8.40.0/fe1f9836ef751c68e8bec7c7182e1328d4ec2e19/sentry-okhttp-8.40.0.jar with cache key 995767e3069e43ead7b03dd646656bbe
build	Build with Gradle	2026-06-06T12:24:47.9929222Z Stored cache entry for EnumerateClassesTransform: /home/runner/.gradle/caches/8.14/transforms/8dc63c524c342e15a28d945ecf8953e3/transformed/sqlite-2.4.0-runtime.jar with cache key c28aa963d916db622fd3e1a0da195954
build	Build with Gradle	2026-06-06T12:24:47.9932160Z Stored cache entry for EnumerateClassesTransform: /home/runner/.gradle/caches/8.14/transforms/388a076b21181b22b7729bc0818b2ccc/transformed/sqlite-framework-2.4.0-runtime.jar with cache key 1cfefca626949e95693a82b453edf0d5
build	Build with Gradle	2026-06-06T12:24:47.9935211Z Stored cache entry for EnumerateClassesTransform: /home/runner/.gradle/caches/modules-2/files-2.1/com.squareup.okhttp3/okhttp/4.12.0/2f4525d4a200e97e1b87449c2cd9bd2e25b7e8cd/okhttp-4.12.0.jar with cache key 0c2691036463ac8a5a64b9df44222c61
build	Build with Gradle	2026-06-06T12:24:47.9938638Z Build cache key for EnumerateClassesTransform: /home/runner/.gradle/caches/8.14/transforms/852bfceb97aa0e88b9abf8c4addb3138/transformed/sentry-android-sqlite-8.40.0-runtime.jar is 5ea712c3fa8d8c7d4846be8aca0b0f03
build	Build with Gradle	2026-06-06T12:24:47.9941634Z Build cache key for EnumerateClassesTransform: /home/runner/.gradle/caches/modules-2/files-2.1/org.jetbrains.kotlin/kotlin-stdlib-jdk8/1.9.24/a2f6d82081a54b52ceb120c5a18f87402ccab0c/kotlin-stdlib-jdk8-1.9.24.jar is 9b888b7d54a4f6d96668caa8d39c54b7
build	Build with Gradle	2026-06-06T12:24:47.9944817Z Caching disabled for IdentityTransform: /home/runner/.gradle/caches/modules-2/files-2.1/org.jetbrains.kotlin/kotlin-android-extensions-runtime/1.8.22/7eb8360f8e75c84ab1ed048edf5e16c8b57cf551/kotlin-android-extensions-runtime-1.8.22.jar because:
build	Build with Gradle	2026-06-06T12:24:47.9946379Z   Caching not enabled.
build	Build with Gradle	2026-06-06T12:24:47.9947955Z Build cache key for EnumerateClassesTransform: /home/runner/.gradle/caches/8.14/transforms/ec119b765e9f69cd972bb0262af89212/transformed/compatibility-2.0.0-runtime.jar is 5d14eb7a394355057efdf8c77a317025
build	Build with Gradle	2026-06-06T12:24:47.9956629Z Stored cache entry for EnumerateClassesTransform: /home/runner/.gradle/caches/8.14/transforms/852bfceb97aa0e88b9abf8c4addb3138/transformed/sentry-android-sqlite-8.40.0-runtime.jar with cache key 5ea712c3fa8d8c7d4846be8aca0b0f03
build	Build with Gradle	2026-06-06T12:24:47.9959625Z Stored cache entry for EnumerateClassesTransform: /home/runner/.gradle/caches/modules-2/files-2.1/org.jetbrains.kotlin/kotlin-stdlib-jdk8/1.9.24/a2f6d82081a54b52ceb120c5a18f87402ccab0c/kotlin-stdlib-jdk8-1.9.24.jar with cache key 9b888b7d54a4f6d96668caa8d39c54b7
build	Build with Gradle	2026-06-06T12:24:47.9962410Z Build cache key for EnumerateClassesTransform: /home/runner/.gradle/caches/8.14/transforms/bf4e6d3cd226a7d13fd29b5b8740d6ca/transformed/layoutinflater-1.3.0-runtime.jar is 6d7b4964372c5400a19dffa946f7087b
build	Build with Gradle	2026-06-06T12:24:47.9965343Z Build cache key for EnumerateClassesTransform: /home/runner/.gradle/caches/modules-2/files-2.1/org.jetbrains.kotlin/kotlin-android-extensions-runtime/1.8.22/7eb8360f8e75c84ab1ed048edf5e16c8b57cf551/kotlin-android-extensions-runtime-1.8.22.jar is bf1195b485bfd13d94bff52f4c8c80a1
build	Build with Gradle	2026-06-06T12:24:47.9968660Z Stored cache entry for EnumerateClassesTransform: /home/runner/.gradle/caches/8.14/transforms/ec119b765e9f69cd972bb0262af89212/transformed/compatibility-2.0.0-runtime.jar with cache key 5d14eb7a394355057efdf8c77a317025
build	Build with Gradle	2026-06-06T12:24:47.9971672Z Caching disabled for AarToClassTransform: /home/runner/.gradle/caches/modules-2/files-2.1/me.zhanghai.android.appiconloader/appiconloader/1.5.0/a17f40e75eedc7cffaa08115d20aaaf209a33f2d/appiconloader-1.5.0.aar because:
build	Build with Gradle	2026-06-06T12:24:47.9973525Z   Caching not enabled.
build	Build with Gradle	2026-06-06T12:24:47.9975275Z Stored cache entry for EnumerateClassesTransform: /home/runner/.gradle/caches/8.14/transforms/bf4e6d3cd226a7d13fd29b5b8740d6ca/transformed/layoutinflater-1.3.0-runtime.jar with cache key 6d7b4964372c5400a19dffa946f7087b
build	Build with Gradle	2026-06-06T12:24:47.9978067Z Build cache key for EnumerateClassesTransform: /home/runner/.gradle/caches/8.14/transforms/2c1f3fa8b197a19ac1f098008d6f852d/transformed/cardview-1.0.0-runtime.jar is 95a9228b827e048cde15aba537a5328c
build	Build with Gradle	2026-06-06T12:24:47.9981048Z Stored cache entry for EnumerateClassesTransform: /home/runner/.gradle/caches/modules-2/files-2.1/org.jetbrains.kotlin/kotlin-android-extensions-runtime/1.8.22/7eb8360f8e75c84ab1ed048edf5e16c8b57cf551/kotlin-android-extensions-runtime-1.8.22.jar with cache key bf1195b485bfd13d94bff52f4c8c80a1
build	Build with Gradle	2026-06-06T12:24:47.9984502Z Build cache key for EnumerateClassesTransform: /home/runner/.gradle/caches/modules-2/files-2.1/androidx.resourceinspection/resourceinspection-annotation/1.0.1/8c21f8ff5d96d5d52c948707f7e4d6ca6773feef/resourceinspection-annotation-1.0.1.jar is c683601296f035b756b234e620c26ffb
build	Build with Gradle	2026-06-06T12:24:47.9988035Z Build cache key for EnumerateClassesTransform: /home/runner/.gradle/caches/8.14/transforms/8264576b12578f8a9983035be3014d03/transformed/cursoradapter-1.0.0-runtime.jar is 5718a0949e67b9b841241d943b4c00bc
build	Build with Gradle	2026-06-06T12:24:47.9990767Z Build cache key for EnumerateClassesTransform: /home/runner/.gradle/caches/8.14/transforms/bab06256a736d59919461cf2032bdbc5/transformed/appiconloader-1.5.0-runtime.jar is 318a3ecaf9a22f693ceeb22f2f0d1750
build	Build with Gradle	2026-06-06T12:24:47.9993594Z Stored cache entry for EnumerateClassesTransform: /home/runner/.gradle/caches/8.14/transforms/8264576b12578f8a9983035be3014d03/transformed/cursoradapter-1.0.0-runtime.jar with cache key 5718a0949e67b9b841241d943b4c00bc
build	Build with Gradle	2026-06-06T12:24:47.9996641Z Stored cache entry for EnumerateClassesTransform: /home/runner/.gradle/caches/8.14/transforms/2c1f3fa8b197a19ac1f098008d6f852d/transformed/cardview-1.0.0-runtime.jar with cache key 95a9228b827e048cde15aba537a5328c
build	Build with Gradle	2026-06-06T12:24:47.9999529Z Stored cache entry for EnumerateClassesTransform: /home/runner/.gradle/caches/modules-2/files-2.1/androidx.resourceinspection/resourceinspection-annotation/1.0.1/8c21f8ff5d96d5d52c948707f7e4d6ca6773feef/resourceinspection-annotation-1.0.1.jar with cache key c683601296f035b756b234e620c26ffb
build	Build with Gradle	2026-06-06T12:24:48.0002597Z Stored cache entry for EnumerateClassesTransform: /home/runner/.gradle/caches/8.14/transforms/bab06256a736d59919461cf2032bdbc5/transformed/appiconloader-1.5.0-runtime.jar with cache key 318a3ecaf9a22f693ceeb22f2f0d1750
build	Build with Gradle	2026-06-06T12:24:48.0004941Z Build cache key for EnumerateClassesTransform: /home/runner/.gradle/caches/8.14/transforms/78e82c566a22057fe88261d7f29dc3c4/transformed/lazy-2.0.0-runtime.jar is f9050e2812ea090ef3396239aa00c62f
build	Build with Gradle	2026-06-06T12:24:48.0014071Z Caching disabled for AarToClassTransform: /home/runner/.gradle/caches/modules-2/files-2.1/dev.rikka.rikkax.html/html/1.1.2/536a26f8416cea96650b315528bd9c08598f5886/html-1.1.2.aar because:
build	Build with Gradle	2026-06-06T12:24:48.0015752Z   Caching not enabled.
build	Build with Gradle	2026-06-06T12:24:48.0018033Z Caching disabled for AarToClassTransform: /home/runner/.gradle/caches/modules-2/files-2.1/me.zhanghai.android.appiconloader/appiconloader-iconloaderlib/1.5.0/44b7458f28a834d4020bd2b2daa862712903e757/appiconloader-iconloaderlib-1.5.0.aar because:
build	Build with Gradle	2026-06-06T12:24:48.0020164Z   Caching not enabled.
build	Build with Gradle	2026-06-06T12:24:48.0021755Z Caching disabled for AarToClassTransform: /home/runner/.gradle/caches/modules-2/files-2.1/androidx.tracing/tracing-ktx/1.2.0/f151f88aed5054c9db05c90acb6b09728d3b1d81/tracing-ktx-1.2.0.aar because:
build	Build with Gradle	2026-06-06T12:24:48.0027642Z   Caching not enabled.
build	Build with Gradle	2026-06-06T12:24:48.0029373Z Stored cache entry for EnumerateClassesTransform: /home/runner/.gradle/caches/8.14/transforms/78e82c566a22057fe88261d7f29dc3c4/transformed/lazy-2.0.0-runtime.jar with cache key f9050e2812ea090ef3396239aa00c62f
build	Build with Gradle	2026-06-06T12:24:48.0032403Z Build cache key for EnumerateClassesTransform: /home/runner/.gradle/caches/modules-2/files-2.1/androidx.collection/collection-ktx/1.4.2/2ad14aed781c4a73ed4dbb421966d408a0a06686/collection-ktx-1.4.2.jar is 50aae52423e4faabf12756e7cfde1a9b
build	Build with Gradle	2026-06-06T12:24:48.0035183Z Build cache key for EnumerateClassesTransform: /home/runner/.gradle/caches/8.14/transforms/adc80e22cb1aa15a88045aed10871d58/transformed/tracing-ktx-1.2.0-runtime.jar is 7babaa5eff9db8b3581d68961ef75679
build	Build with Gradle	2026-06-06T12:24:48.0038285Z Stored cache entry for EnumerateClassesTransform: /home/runner/.gradle/caches/modules-2/files-2.1/androidx.collection/collection-ktx/1.4.2/2ad14aed781c4a73ed4dbb421966d408a0a06686/collection-ktx-1.4.2.jar with cache key 50aae52423e4faabf12756e7cfde1a9b
build	Build with Gradle	2026-06-06T12:24:48.0041286Z Build cache key for EnumerateClassesTransform: /home/runner/.gradle/caches/8.14/transforms/092695cdd726446c06eb2fd7db52c816/transformed/appiconloader-iconloaderlib-1.5.0-runtime.jar is cb058604c929a36182b36495c9eb76c3
build	Build with Gradle	2026-06-06T12:24:48.0043853Z Build cache key for EnumerateClassesTransform: /home/runner/.gradle/caches/8.14/transforms/eb274dd7c20e8bdf4bafafa0fc49fcbe/transformed/html-1.1.2-runtime.jar is c798f5669c1690ce1ee5ca42fa13e80f
build	Build with Gradle	2026-06-06T12:24:48.0046417Z Stored cache entry for EnumerateClassesTransform: /home/runner/.gradle/caches/8.14/transforms/adc80e22cb1aa15a88045aed10871d58/transformed/tracing-ktx-1.2.0-runtime.jar with cache key 7babaa5eff9db8b3581d68961ef75679
build	Build with Gradle	2026-06-06T12:24:48.0049873Z Build cache key for EnumerateClassesTransform: /home/runner/.gradle/caches/modules-2/files-2.1/androidx.constraintlayout/constraintlayout-core/1.1.1/f7ab6170b99b9421bd4942846426ff820b552f7d/constraintlayout-core-1.1.1.jar is 9f0015063a319e2826d7c825f105141d
build	Build with Gradle	2026-06-06T12:24:48.0052831Z Caching disabled for AarToClassTransform: /home/runner/.gradle/caches/modules-2/files-2.1/androidx.exifinterface/exifinterface/1.4.2/21394465747d1a9f68297058907db6984e610772/exifinterface-1.4.2.aar because:
build	Build with Gradle	2026-06-06T12:24:48.0054459Z   Caching not enabled.
build	Build with Gradle	2026-06-06T12:24:48.0055951Z Stored cache entry for EnumerateClassesTransform: /home/runner/.gradle/caches/8.14/transforms/eb274dd7c20e8bdf4bafafa0fc49fcbe/transformed/html-1.1.2-runtime.jar with cache key c798f5669c1690ce1ee5ca42fa13e80f
build	Build with Gradle	2026-06-06T12:24:48.0058929Z Build cache key for EnumerateClassesTransform: /home/runner/.gradle/caches/modules-2/files-2.1/androidx.annotation/annotation-jvm/1.9.1/b17951747e38bf3986a24431b9ba0d039958aa5f/annotation-jvm-1.9.1.jar is ff68122b569f00e8f6ec5b8ba0d33417
build	Build with Gradle	2026-06-06T12:24:48.0062512Z Stored cache entry for EnumerateClassesTransform: /home/runner/.gradle/caches/modules-2/files-2.1/androidx.constraintlayout/constraintlayout-core/1.1.1/f7ab6170b99b9421bd4942846426ff820b552f7d/constraintlayout-core-1.1.1.jar with cache key 9f0015063a319e2826d7c825f105141d
build	Build with Gradle	2026-06-06T12:24:48.0065854Z Stored cache entry for EnumerateClassesTransform: /home/runner/.gradle/caches/8.14/transforms/092695cdd726446c06eb2fd7db52c816/transformed/appiconloader-iconloaderlib-1.5.0-runtime.jar with cache key cb058604c929a36182b36495c9eb76c3
build	Build with Gradle	2026-06-06T12:24:48.0075557Z Caching disabled for AarToClassTransform: /home/runner/.gradle/caches/modules-2/files-2.1/androidx.compose.ui/ui-util/1.1.1/421444db8f7ccee5de949a9fdc09ac3812503c/ui-util-1.1.1.aar because:
build	Build with Gradle	2026-06-06T12:24:48.0077044Z   Caching not enabled.
build	Build with Gradle	2026-06-06T12:24:48.0078669Z Caching disabled for IdentityTransform: /home/runner/.gradle/caches/modules-2/files-2.1/io.insert-koin/koin-core-jvm/4.0.2/afb9659798a7afc720afdc2d745a959e9d598fc9/koin-core-jvm-4.0.2.jar because:
build	Build with Gradle	2026-06-06T12:24:48.0079925Z   Caching not enabled.
build	Build with Gradle	2026-06-06T12:24:48.0098174Z Build cache key for EnumerateClassesTransform: /home/runner/.gradle/caches/8.14/transforms/993743cbeb7a2fcbb2563a5efc6778a7/transformed/exifinterface-1.4.2-runtime.jar is 8c0cd37dfb835c838437d90e8dcb1ede
build	Build with Gradle	2026-06-06T12:24:48.0101138Z Stored cache entry for EnumerateClassesTransform: /home/runner/.gradle/caches/modules-2/files-2.1/androidx.annotation/annotation-jvm/1.9.1/b17951747e38bf3986a24431b9ba0d039958aa5f/annotation-jvm-1.9.1.jar with cache key ff68122b569f00e8f6ec5b8ba0d33417
build	Build with Gradle	2026-06-06T12:24:48.0104185Z Build cache key for EnumerateClassesTransform: /home/runner/.gradle/caches/modules-2/files-2.1/io.insert-koin/koin-core-jvm/4.0.2/afb9659798a7afc720afdc2d745a959e9d598fc9/koin-core-jvm-4.0.2.jar is ca619fbf5612dccd44e91e5ef683dc4f
build	Build with Gradle	2026-06-06T12:24:48.0107246Z Build cache key for EnumerateClassesTransform: /home/runner/.gradle/caches/modules-2/files-2.1/org.jetbrains.kotlin/kotlin-stdlib-jdk7/1.9.24/46b6e1099acabc71feca1c0013deee78e6793d07/kotlin-stdlib-jdk7-1.9.24.jar is 935848552fed8143ec96675c2fea7582
build	Build with Gradle	2026-06-06T12:24:48.0114489Z Stored cache entry for EnumerateClassesTransform: /home/runner/.gradle/caches/8.14/transforms/993743cbeb7a2fcbb2563a5efc6778a7/transformed/exifinterface-1.4.2-runtime.jar with cache key 8c0cd37dfb835c838437d90e8dcb1ede
build	Build with Gradle	2026-06-06T12:24:48.0117175Z Build cache key for EnumerateClassesTransform: /home/runner/.gradle/caches/8.14/transforms/89a38beea6cbe3f5cac73ffe0c111372/transformed/ui-util-1.1.1-runtime.jar is 325e75fb10d3632f1bfbb9f534df1555
build	Build with Gradle	2026-06-06T12:24:48.0120081Z Caching disabled for IdentityTransform: /home/runner/.gradle/caches/modules-2/files-2.1/org.jetbrains.kotlinx/kotlinx-collections-immutable-jvm/0.3.8/6119a57df1ad662593dfe21954898183c6c933b4/kotlinx-collections-immutable-jvm-0.3.8.jar because:
build	Build with Gradle	2026-06-06T12:24:48.0121853Z   Caching not enabled.
build	Build with Gradle	2026-06-06T12:24:48.0123544Z Stored cache entry for EnumerateClassesTransform: /home/runner/.gradle/caches/modules-2/files-2.1/io.insert-koin/koin-core-jvm/4.0.2/afb9659798a7afc720afdc2d745a959e9d598fc9/koin-core-jvm-4.0.2.jar with cache key ca619fbf5612dccd44e91e5ef683dc4f
build	Build with Gradle	2026-06-06T12:24:48.0135523Z Stored cache entry for EnumerateClassesTransform: /home/runner/.gradle/caches/modules-2/files-2.1/org.jetbrains.kotlin/kotlin-stdlib-jdk7/1.9.24/46b6e1099acabc71feca1c0013deee78e6793d07/kotlin-stdlib-jdk7-1.9.24.jar with cache key 935848552fed8143ec96675c2fea7582
build	Build with Gradle	2026-06-06T12:24:48.0138701Z Stored cache entry for EnumerateClassesTransform: /home/runner/.gradle/caches/8.14/transforms/89a38beea6cbe3f5cac73ffe0c111372/transformed/ui-util-1.1.1-runtime.jar with cache key 325e75fb10d3632f1bfbb9f534df1555
build	Build with Gradle	2026-06-06T12:24:48.0140952Z Caching disabled for IdentityTransform: /home/runner/.gradle/caches/modules-2/files-2.1/co.touchlab/stately-concurrency-jvm/2.1.0/6285428408c4d7e4a6d9a09511de877103effd81/stately-concurrency-jvm-2.1.0.jar because:
build	Build with Gradle	2026-06-06T12:24:48.0142542Z   Caching not enabled.
build	Build with Gradle	2026-06-06T12:24:48.0143834Z Caching disabled for AarToClassTransform: /home/runner/.gradle/caches/modules-2/files-2.1/com.airbnb.android/lottie/6.6.2/8aed70cce2e1735a0b68e080a50cb22b0a4c9d54/lottie-6.6.2.aar because:
build	Build with Gradle	2026-06-06T12:24:48.0145174Z   Caching not enabled.
build	Build with Gradle	2026-06-06T12:24:48.0146893Z Caching disabled for IdentityTransform: /home/runner/.gradle/caches/modules-2/files-2.1/co.touchlab/stately-concurrent-collections-jvm/2.1.0/5c03b644537d7926a8f77e5735a8bebb55dafdcd/stately-concurrent-collections-jvm-2.1.0.jar because:
build	Build with Gradle	2026-06-06T12:24:48.0158188Z   Caching not enabled.
build	Build with Gradle	2026-06-06T12:24:48.0159926Z Build cache key for EnumerateClassesTransform: /home/runner/.gradle/caches/modules-2/files-2.1/org.jetbrains.kotlinx/kotlinx-collections-immutable-jvm/0.3.8/6119a57df1ad662593dfe21954898183c6c933b4/kotlinx-collections-immutable-jvm-0.3.8.jar is d97659e79da26c34305d245041f1794e
build	Build with Gradle	2026-06-06T12:24:48.0163160Z Build cache key for EnumerateClassesTransform: /home/runner/.gradle/caches/modules-2/files-2.1/co.touchlab/stately-concurrency-jvm/2.1.0/6285428408c4d7e4a6d9a09511de877103effd81/stately-concurrency-jvm-2.1.0.jar is 4353981da1fdb57b3dea696bc81c494c
build	Build with Gradle	2026-06-06T12:24:48.0166237Z Stored cache entry for EnumerateClassesTransform: /home/runner/.gradle/caches/modules-2/files-2.1/co.touchlab/stately-concurrency-jvm/2.1.0/6285428408c4d7e4a6d9a09511de877103effd81/stately-concurrency-jvm-2.1.0.jar with cache key 4353981da1fdb57b3dea696bc81c494c
build	Build with Gradle	2026-06-06T12:24:48.0169693Z Build cache key for EnumerateClassesTransform: /home/runner/.gradle/caches/modules-2/files-2.1/co.touchlab/stately-concurrent-collections-jvm/2.1.0/5c03b644537d7926a8f77e5735a8bebb55dafdcd/stately-concurrent-collections-jvm-2.1.0.jar is 5291c11f461896a5da1409ccfb592919
build	Build with Gradle	2026-06-06T12:24:48.0172492Z Caching disabled for IdentityTransform: /home/runner/.gradle/caches/modules-2/files-2.1/com.squareup.okio/okio-jvm/3.16.4/ceb794cf0bbf8d0d20f49aa91ce20db7fd77675d/okio-jvm-3.16.4.jar because:
build	Build with Gradle	2026-06-06T12:24:48.0173873Z   Caching not enabled.
build	Build with Gradle	2026-06-06T12:24:48.0175804Z Stored cache entry for EnumerateClassesTransform: /home/runner/.gradle/caches/modules-2/files-2.1/org.jetbrains.kotlinx/kotlinx-collections-immutable-jvm/0.3.8/6119a57df1ad662593dfe21954898183c6c933b4/kotlinx-collections-immutable-jvm-0.3.8.jar with cache key d97659e79da26c34305d245041f1794e
build	Build with Gradle	2026-06-06T12:24:48.0179198Z Caching disabled for IdentityTransform: /home/runner/.gradle/caches/modules-2/files-2.1/co.touchlab/stately-strict-jvm/2.1.0/3ae8369209065455f4630793bf6aca0fb88c8b6b/stately-strict-jvm-2.1.0.jar because:
build	Build with Gradle	2026-06-06T12:24:48.0180769Z   Caching not enabled.
build	Build with Gradle	2026-06-06T12:24:48.0182471Z Build cache key for EnumerateClassesTransform: /home/runner/.gradle/caches/modules-2/files-2.1/com.squareup.okio/okio-jvm/3.16.4/ceb794cf0bbf8d0d20f49aa91ce20db7fd77675d/okio-jvm-3.16.4.jar is 3ba1f0c61f2ef023c878c50a35a38621
build	Build with Gradle	2026-06-06T12:24:48.0185698Z Stored cache entry for EnumerateClassesTransform: /home/runner/.gradle/caches/modules-2/files-2.1/com.squareup.okio/okio-jvm/3.16.4/ceb794cf0bbf8d0d20f49aa91ce20db7fd77675d/okio-jvm-3.16.4.jar with cache key 3ba1f0c61f2ef023c878c50a35a38621
build	Build with Gradle	2026-06-06T12:24:48.0189512Z Stored cache entry for EnumerateClassesTransform: /home/runner/.gradle/caches/modules-2/files-2.1/co.touchlab/stately-concurrent-collections-jvm/2.1.0/5c03b644537d7926a8f77e5735a8bebb55dafdcd/stately-concurrent-collections-jvm-2.1.0.jar with cache key 5291c11f461896a5da1409ccfb592919
build	Build with Gradle	2026-06-06T12:24:48.0193113Z Build cache key for EnumerateClassesTransform: /home/runner/.gradle/caches/modules-2/files-2.1/co.touchlab/stately-strict-jvm/2.1.0/3ae8369209065455f4630793bf6aca0fb88c8b6b/stately-strict-jvm-2.1.0.jar is 8261bbe69fb93a4058518213a2797f3c
build	Build with Gradle	2026-06-06T12:24:48.0195894Z Build cache key for EnumerateClassesTransform: /home/runner/.gradle/caches/modules-2/files-2.1/org.jetbrains.kotlin/kotlin-stdlib/2.3.10/8b80e2f80a3b7daa99c16017f91d4c72cd8b31a6/kotlin-stdlib-2.3.10.jar is 147f7bab6109f099b77d25e989620dad
build	Build with Gradle	2026-06-06T12:24:48.0198528Z Caching disabled for AarToClassTransform: /home/runner/.gradle/caches/modules-2/files-2.1/com.github.topjohnwu.libsu/core/6.0.0/30219460d3ef68871a2f556ce16bb14ff8d51f7/core-6.0.0.aar because:
build	Build with Gradle	2026-06-06T12:24:48.0199936Z   Caching not enabled.
build	Build with Gradle	2026-06-06T12:24:48.0201654Z Stored cache entry for EnumerateClassesTransform: /home/runner/.gradle/caches/modules-2/files-2.1/co.touchlab/stately-strict-jvm/2.1.0/3ae8369209065455f4630793bf6aca0fb88c8b6b/stately-strict-jvm-2.1.0.jar with cache key 8261bbe69fb93a4058518213a2797f3c
build	Build with Gradle	2026-06-06T12:24:48.0204773Z Stored cache entry for EnumerateClassesTransform: /home/runner/.gradle/caches/modules-2/files-2.1/org.jetbrains.kotlin/kotlin-stdlib/2.3.10/8b80e2f80a3b7daa99c16017f91d4c72cd8b31a6/kotlin-stdlib-2.3.10.jar with cache key 147f7bab6109f099b77d25e989620dad
build	Build with Gradle	2026-06-06T12:24:48.0213148Z Caching disabled for AarToClassTransform: /home/runner/.gradle/caches/modules-2/files-2.1/io.github.vvb2060.ndk/boringssl/20250114/d609ea0eaf251895ffb821e0ac5258ed9715d6b2/boringssl-20250114.aar because:
build	Build with Gradle	2026-06-06T12:24:48.0214963Z   Caching not enabled.
build	Build with Gradle	2026-06-06T12:24:48.0216342Z Build cache key for EnumerateClassesTransform: /home/runner/.gradle/caches/8.14/transforms/f862649f51a46982108fd5ebc94a284d/transformed/libcxx-27.0.12077973-runtime.jar is 81198f617245fb28a386c839f1971c8c
build	Build with Gradle	2026-06-06T12:24:48.0218764Z Stored cache entry for EnumerateClassesTransform: /home/runner/.gradle/caches/8.14/transforms/f862649f51a46982108fd5ebc94a284d/transformed/libcxx-27.0.12077973-runtime.jar with cache key 81198f617245fb28a386c839f1971c8c
build	Build with Gradle	2026-06-06T12:24:48.0221159Z Build cache key for EnumerateClassesTransform: /home/runner/.gradle/caches/8.14/transforms/1f0e53f1409515682378c6c3a72de666/transformed/core-6.0.0-runtime.jar is 0f0f34e16639d1ce37ef047969312954
build	Build with Gradle	2026-06-06T12:24:48.0223498Z Build cache key for EnumerateClassesTransform: /home/runner/.gradle/caches/8.14/transforms/bfdaca201709a07d91b0c8d1127cf352/transformed/boringssl-20250114-runtime.jar is b582d705f24c17fc79b20c4598b3256d
build	Build with Gradle	2026-06-06T12:24:48.0225921Z Build cache key for EnumerateClassesTransform: /home/runner/.gradle/caches/8.14/transforms/6232f505eec43927c2e947595f9e38fb/transformed/lottie-6.6.2-runtime.jar is dc780020bbdea8cab039494f1cb79185
build	Build with Gradle	2026-06-06T12:24:48.0228423Z Caching disabled for AarToClassTransform: /home/runner/.gradle/caches/modules-2/files-2.1/org.lsposed.hiddenapibypass/hiddenapibypass/6.1/18d7213e2447fe9734b2a78f232bca1e02d782e5/hiddenapibypass-6.1.aar because:
build	Build with Gradle	2026-06-06T12:24:48.0229884Z   Caching not enabled.
build	Build with Gradle	2026-06-06T12:24:48.0231283Z Stored cache entry for EnumerateClassesTransform: /home/runner/.gradle/caches/8.14/transforms/1f0e53f1409515682378c6c3a72de666/transformed/core-6.0.0-runtime.jar with cache key 0f0f34e16639d1ce37ef047969312954
build	Build with Gradle	2026-06-06T12:24:48.0233897Z Caching disabled for IdentityTransform: /home/runner/.gradle/caches/modules-2/files-2.1/org.bouncycastle/bcpkix-jdk18on/1.81/819fd6f5d170c8b8bf8c5acc73816e9c36574042/bcpkix-jdk18on-1.81.jar because:
build	Build with Gradle	2026-06-06T12:24:48.0235513Z   Caching not enabled.
build	Build with Gradle	2026-06-06T12:24:48.0237065Z Stored cache entry for EnumerateClassesTransform: /home/runner/.gradle/caches/8.14/transforms/bfdaca201709a07d91b0c8d1127cf352/transformed/boringssl-20250114-runtime.jar with cache key b582d705f24c17fc79b20c4598b3256d
build	Build with Gradle	2026-06-06T12:24:48.0239913Z Stored cache entry for EnumerateClassesTransform: /home/runner/.gradle/caches/8.14/transforms/6232f505eec43927c2e947595f9e38fb/transformed/lottie-6.6.2-runtime.jar with cache key dc780020bbdea8cab039494f1cb79185
build	Build with Gradle	2026-06-06T12:24:48.0242843Z Build cache key for EnumerateClassesTransform: /home/runner/.gradle/caches/8.14/transforms/c4357d052189e4fbb2c1787e3573419f/transformed/hiddenapibypass-6.1-runtime.jar is 4f0ac5b513ad30fac3b3d59b0cffab3c
build	Build with Gradle	2026-06-06T12:24:48.0245872Z Build cache key for EnumerateClassesTransform: /home/runner/.gradle/caches/modules-2/files-2.1/org.jetbrains/annotations/23.0.0/8cc20c07506ec18e0834947b84a864bfc094484e/annotations-23.0.0.jar is f8324ac20cd6d4684d2eaeaae4d98d6b
build	Build with Gradle	2026-06-06T12:24:48.0248785Z Build cache key for EnumerateClassesTransform: /home/runner/.gradle/caches/8.14/transforms/7baa3f43ce187d2d86010ec57fe203e1/transformed/sentry-android-fragment-8.40.0-runtime.jar is 8a8fd60b4fb27083448176991d14c88d
build	Build with Gradle	2026-06-06T12:24:48.0260333Z Build cache key for EnumerateClassesTransform: /home/runner/.gradle/caches/modules-2/files-2.1/org.bouncycastle/bcpkix-jdk18on/1.81/819fd6f5d170c8b8bf8c5acc73816e9c36574042/bcpkix-jdk18on-1.81.jar is de9398430baff7b84e766edbed966354
build	Build with Gradle	2026-06-06T12:24:48.0263258Z Stored cache entry for EnumerateClassesTransform: /home/runner/.gradle/caches/8.14/transforms/c4357d052189e4fbb2c1787e3573419f/transformed/hiddenapibypass-6.1-runtime.jar with cache key 4f0ac5b513ad30fac3b3d59b0cffab3c
build	Build with Gradle	2026-06-06T12:24:48.0266261Z Stored cache entry for EnumerateClassesTransform: /home/runner/.gradle/caches/8.14/transforms/7baa3f43ce187d2d86010ec57fe203e1/transformed/sentry-android-fragment-8.40.0-runtime.jar with cache key 8a8fd60b4fb27083448176991d14c88d
build	Build with Gradle	2026-06-06T12:24:48.0269405Z Build cache key for EnumerateClassesTransform: /home/runner/.gradle/caches/modules-2/files-2.1/io.sentry/sentry-kotlin-extensions/8.40.0/b5269033016867082c0a08c486ead10aadc94a9e/sentry-kotlin-extensions-8.40.0.jar is 610ac7f4dbc187d8ab4d64a4afb11ec2
build	Build with Gradle	2026-06-06T12:24:48.0272353Z Stored cache entry for EnumerateClassesTransform: /home/runner/.gradle/caches/modules-2/files-2.1/org.jetbrains/annotations/23.0.0/8cc20c07506ec18e0834947b84a864bfc094484e/annotations-23.0.0.jar with cache key f8324ac20cd6d4684d2eaeaae4d98d6b
build	Build with Gradle	2026-06-06T12:24:48.0275249Z Build cache key for EnumerateClassesTransform: /home/runner/.gradle/caches/modules-2/files-2.1/com.google.code.gson/gson/2.13.1/853ce06c11316b33a8eae5e9095da096a9528b8f/gson-2.13.1.jar is b53696e2fc2bc23f10563d90180429c4
build	Build with Gradle	2026-06-06T12:24:48.0278346Z Stored cache entry for EnumerateClassesTransform: /home/runner/.gradle/caches/modules-2/files-2.1/org.bouncycastle/bcpkix-jdk18on/1.81/819fd6f5d170c8b8bf8c5acc73816e9c36574042/bcpkix-jdk18on-1.81.jar with cache key de9398430baff7b84e766edbed966354
build	Build with Gradle	2026-06-06T12:24:48.0281826Z Build cache key for EnumerateClassesTransform: /home/runner/.gradle/caches/modules-2/files-2.1/com.google.errorprone/error_prone_annotations/2.38.0/fc0ae991433e8590ba51cd558421478318a74c8c/error_prone_annotations-2.38.0.jar is f86704437ca69c957de67056d7f056fd
build	Build with Gradle	2026-06-06T12:24:48.0284619Z Caching disabled for IdentityTransform: /home/runner/.gradle/caches/modules-2/files-2.1/org.bouncycastle/bcutil-jdk18on/1.81.1/cd685b869ed03e8557674f00969e66e0e2ccf3aa/bcutil-jdk18on-1.81.1.jar because:
build	Build with Gradle	2026-06-06T12:24:48.0286202Z   Caching not enabled.
build	Build with Gradle	2026-06-06T12:24:48.0297219Z Stored cache entry for EnumerateClassesTransform: /home/runner/.gradle/caches/modules-2/files-2.1/com.google.errorprone/error_prone_annotations/2.38.0/fc0ae991433e8590ba51cd558421478318a74c8c/error_prone_annotations-2.38.0.jar with cache key f86704437ca69c957de67056d7f056fd
build	Build with Gradle	2026-06-06T12:24:48.0301359Z Stored cache entry for EnumerateClassesTransform: /home/runner/.gradle/caches/modules-2/files-2.1/com.google.code.gson/gson/2.13.1/853ce06c11316b33a8eae5e9095da096a9528b8f/gson-2.13.1.jar with cache key b53696e2fc2bc23f10563d90180429c4
build	Build with Gradle	2026-06-06T12:24:48.0305463Z Stored cache entry for EnumerateClassesTransform: /home/runner/.gradle/caches/modules-2/files-2.1/io.sentry/sentry-kotlin-extensions/8.40.0/b5269033016867082c0a08c486ead10aadc94a9e/sentry-kotlin-extensions-8.40.0.jar with cache key 610ac7f4dbc187d8ab4d64a4afb11ec2
build	Build with Gradle	2026-06-06T12:24:48.0309564Z Build cache key for EnumerateClassesTransform: /home/runner/.gradle/caches/modules-2/files-2.1/io.sentry/sentry/8.40.0/7db6df2f041bf87e8cc9b8d67f92dca8d4b5e38d/sentry-8.40.0.jar is 1761ecad6835ac01fa4a7836c0047938
build	Build with Gradle	2026-06-06T12:24:48.0312453Z Caching disabled for IdentityTransform: /home/runner/.gradle/caches/modules-2/files-2.1/com.abovevacant/epitaph/0.1.1/b67003ab014880706ed3ecb55e3409067519d68/epitaph-0.1.1.jar because:
build	Build with Gradle	2026-06-06T12:24:48.0313906Z   Caching not enabled.
build	Build with Gradle	2026-06-06T12:24:48.0315596Z Caching disabled for AarToClassTransform: /home/runner/.gradle/caches/modules-2/files-2.1/io.sentry/sentry-android-navigation/8.40.0/cb8ccf9b3d1ff2c0ae323e24205140d0edebc002/sentry-android-navigation-8.40.0.aar because:
build	Build with Gradle	2026-06-06T12:24:48.0317539Z   Caching not enabled.
build	Build with Gradle	2026-06-06T12:24:48.0319097Z Build cache key for EnumerateClassesTransform: /home/runner/.gradle/caches/modules-2/files-2.1/org.bouncycastle/bcutil-jdk18on/1.81.1/cd685b869ed03e8557674f00969e66e0e2ccf3aa/bcutil-jdk18on-1.81.1.jar is fe3bec2714d115ce4217456bb7bde22f
build	Build with Gradle	2026-06-06T12:24:48.0322085Z Stored cache entry for EnumerateClassesTransform: /home/runner/.gradle/caches/modules-2/files-2.1/org.bouncycastle/bcutil-jdk18on/1.81.1/cd685b869ed03e8557674f00969e66e0e2ccf3aa/bcutil-jdk18on-1.81.1.jar with cache key fe3bec2714d115ce4217456bb7bde22f
build	Build with Gradle	2026-06-06T12:24:48.0325094Z Build cache key for EnumerateClassesTransform: /home/runner/.gradle/caches/modules-2/files-2.1/com.abovevacant/epitaph/0.1.1/b67003ab014880706ed3ecb55e3409067519d68/epitaph-0.1.1.jar is a098211fedd5fef9b3b290f4e75d9075
build	Build with Gradle	2026-06-06T12:24:48.0327825Z Caching disabled for IdentityTransform: /home/runner/.gradle/caches/modules-2/files-2.1/org.ccil.cowan.tagsoup/tagsoup/1.2/639fd364750d7363c85797dc944b4a80f78fa684/tagsoup-1.2.jar because:
build	Build with Gradle	2026-06-06T12:24:48.0329316Z   Caching not enabled.
build	Build with Gradle	2026-06-06T12:24:48.0330901Z Stored cache entry for EnumerateClassesTransform: /home/runner/.gradle/caches/modules-2/files-2.1/io.sentry/sentry/8.40.0/7db6df2f041bf87e8cc9b8d67f92dca8d4b5e38d/sentry-8.40.0.jar with cache key 1761ecad6835ac01fa4a7836c0047938
build	Build with Gradle	2026-06-06T12:24:48.0333676Z Build cache key for EnumerateClassesTransform: /home/runner/.gradle/caches/8.14/transforms/02ca92a9b123cbf61e21331309acc9a7/transformed/sentry-android-navigation-8.40.0-runtime.jar is 00ec513cfc79830398bf7ab06353fcac
build	Build with Gradle	2026-06-06T12:24:48.0336509Z Build cache key for EnumerateClassesTransform: /home/runner/.gradle/caches/modules-2/files-2.1/org.ccil.cowan.tagsoup/tagsoup/1.2/639fd364750d7363c85797dc944b4a80f78fa684/tagsoup-1.2.jar is 369f42b285e4aad27a7e9d514d425ce6
build	Build with Gradle	2026-06-06T12:24:48.0339448Z Caching disabled for IdentityTransform: /home/runner/.gradle/caches/modules-2/files-2.1/org.bouncycastle/bcprov-jdk18on/1.81.1/7bcb4c4664600c51190ab3774710a51bfdeb2eb/bcprov-jdk18on-1.81.1.jar because:
build	Build with Gradle	2026-06-06T12:24:48.0341046Z   Caching not enabled.
build	Build with Gradle	2026-06-06T12:24:48.0342736Z Stored cache entry for EnumerateClassesTransform: /home/runner/.gradle/caches/modules-2/files-2.1/com.abovevacant/epitaph/0.1.1/b67003ab014880706ed3ecb55e3409067519d68/epitaph-0.1.1.jar with cache key a098211fedd5fef9b3b290f4e75d9075
build	Build with Gradle	2026-06-06T12:24:48.0345511Z Stored cache entry for EnumerateClassesTransform: /home/runner/.gradle/caches/8.14/transforms/02ca92a9b123cbf61e21331309acc9a7/transformed/sentry-android-navigation-8.40.0-runtime.jar with cache key 00ec513cfc79830398bf7ab06353fcac
build	Build with Gradle	2026-06-06T12:24:48.0355568Z Build cache key for EnumerateClassesTransform: /home/runner/.gradle/caches/modules-2/files-2.1/org.bouncycastle/bcprov-jdk18on/1.81.1/7bcb4c4664600c51190ab3774710a51bfdeb2eb/bcprov-jdk18on-1.81.1.jar is 181273793d53e33470e0852b7220b315
build	Build with Gradle	2026-06-06T12:24:48.0359459Z Stored cache entry for EnumerateClassesTransform: /home/runner/.gradle/caches/modules-2/files-2.1/org.ccil.cowan.tagsoup/tagsoup/1.2/639fd364750d7363c85797dc944b4a80f78fa684/tagsoup-1.2.jar with cache key 369f42b285e4aad27a7e9d514d425ce6
build	Build with Gradle	2026-06-06T12:24:48.0362521Z Stored cache entry for EnumerateClassesTransform: /home/runner/.gradle/caches/modules-2/files-2.1/org.bouncycastle/bcprov-jdk18on/1.81.1/7bcb4c4664600c51190ab3774710a51bfdeb2eb/bcprov-jdk18on-1.81.1.jar with cache key 181273793d53e33470e0852b7220b315
build	Build with Gradle	2026-06-06T12:24:48.0364869Z Caching disabled for task ':manager:checkReleaseDuplicateClasses' because:
build	Build with Gradle	2026-06-06T12:24:48.0365684Z   Caching has been disabled for the task
build	Build with Gradle	2026-06-06T12:24:48.0366476Z Task ':manager:checkReleaseDuplicateClasses' is not up-to-date because:
build	Build with Gradle	2026-06-06T12:24:48.0367262Z   No history is available.
build	Build with Gradle	2026-06-06T12:24:48.1787972Z Resolve mutations for :manager:buildKotlinToolingMetadata (Thread[#162,Execution worker Thread 3,5,main]) started.
build	Build with Gradle	2026-06-06T12:24:48.1815516Z :manager:buildKotlinToolingMetadata (Thread[#162,Execution worker Thread 3,5,main]) started.
build	Build with Gradle	2026-06-06T12:24:48.1817710Z 
build	Build with Gradle	2026-06-06T12:24:48.1859196Z > Task :manager:mergeReleaseArtProfile
build	Build with Gradle	2026-06-06T12:24:48.1870094Z Caching disabled for AarTransform: /home/runner/.gradle/caches/8.14/transforms/2c8372c00787b5e2af17c392510a0378/transformed/mavericks-3.0.9 because:
build	Build with Gradle	2026-06-06T12:24:48.1898049Z   Caching not enabled.
build	Build with Gradle	2026-06-06T12:24:48.1909170Z Caching disabled for AarTransform: /home/runner/.gradle/caches/8.14/transforms/693c054b9b80dbf8007dadbf97a7b615/transformed/viewbinding-8.11.1 because:
build	Build with Gradle	2026-06-06T12:24:48.1938129Z   Caching not enabled.
build	Build with Gradle	2026-06-06T12:24:48.1940024Z Caching disabled for AarTransform: /home/runner/.gradle/caches/8.14/transforms/438de03543f1a14021d179b045f7057a/transformed/koin-android-4.0.2 because:
build	Build with Gradle	2026-06-06T12:24:48.1968121Z   Caching not enabled.
build	Build with Gradle	2026-06-06T12:24:48.1999064Z Caching disabled for AarTransform: /home/runner/.gradle/caches/8.14/transforms/373e825be4973449db84049594b600ab/transformed/material-preference-2.0.0-release because:
build	Build with Gradle	2026-06-06T12:24:48.2000546Z   Caching not enabled.
build	Build with Gradle	2026-06-06T12:24:48.2037796Z Caching disabled for AarTransform: /home/runner/.gradle/caches/8.14/transforms/f85a8706e3d3bf4df310b1b8ed66a067/transformed/material-2.7.2 because:
build	Build with Gradle	2026-06-06T12:24:48.2039626Z   Caching not enabled.
build	Build with Gradle	2026-06-06T12:24:48.2041144Z Caching disabled for AarTransform: /home/runner/.gradle/caches/8.14/transforms/6589a5b496d2f82dfc01f076eae8bbc4/transformed/core-ktx-1.4.1-release because:
build	Build with Gradle	2026-06-06T12:24:48.2045393Z   Caching not enabled.
build	Build with Gradle	2026-06-06T12:24:48.2046830Z Caching disabled for AarTransform: /home/runner/.gradle/caches/8.14/transforms/a6084efd8e6c9ff951c8e72453f81ad6/transformed/material-1.14.0-beta01 because:
build	Build with Gradle	2026-06-06T12:24:48.2055491Z   Caching not enabled.
build	Build with Gradle	2026-06-06T12:24:48.2057048Z Caching disabled for AarTransform: /home/runner/.gradle/caches/8.14/transforms/efa565396efa7c69fa280f54041abb1e/transformed/appcompat-1.6.1 because:
build	Build with Gradle	2026-06-06T12:24:48.2058640Z   Caching not enabled.
build	Build with Gradle	2026-06-06T12:24:48.2060328Z Caching disabled for AarTransform: /home/runner/.gradle/caches/8.14/transforms/8187c6742a7c5d0b27744cebd6b9554f/transformed/biometric-ktx-1.2.0-alpha05 because:
build	Build with Gradle	2026-06-06T12:24:48.2069865Z   Caching not enabled.
build	Build with Gradle	2026-06-06T12:24:48.2071404Z Caching disabled for AarTransform: /home/runner/.gradle/caches/8.14/transforms/d898ed95f395a2f368d4bc758e4d1887/transformed/biometric-1.2.0-alpha05 because:
build	Build with Gradle	2026-06-06T12:24:48.2073007Z   Caching not enabled.
build	Build with Gradle	2026-06-06T12:24:48.2074525Z Caching disabled for AarTransform: /home/runner/.gradle/caches/8.14/transforms/4d1f2d6f8fcd4d0456ade74253b328dd/transformed/simplemenu-preference-1.0.3 because:
build	Build with Gradle	2026-06-06T12:24:48.2076026Z   Caching not enabled.
build	Build with Gradle	2026-06-06T12:24:48.2077668Z Caching disabled for AarTransform: /home/runner/.gradle/caches/8.14/transforms/338cbb5a6afddf9796ee1bfc02c64c98/transformed/recyclerview-ktx-1.3.2 because:
build	Build with Gradle	2026-06-06T12:24:48.2079239Z   Caching not enabled.
build	Build with Gradle	2026-06-06T12:24:48.2080588Z Caching disabled for AarTransform: /home/runner/.gradle/caches/8.14/transforms/2c263715c01736e27b196a80ad5b1fdb/transformed/recyclerview-adapter-1.3.0 because:
build	Build with Gradle	2026-06-06T12:24:48.2082023Z   Caching not enabled.
build	Build with Gradle	2026-06-06T12:24:48.2083346Z Caching disabled for AarTransform: /home/runner/.gradle/caches/8.14/transforms/a8ffae57e8eb844c745e6c38f24a5dc3/transformed/preference-1.2.1 because:
build	Build with Gradle	2026-06-06T12:24:48.2084871Z   Caching not enabled.
build	Build with Gradle	2026-06-06T12:24:48.2086129Z Caching disabled for AarTransform: /home/runner/.gradle/caches/8.14/transforms/484f1985b8141e4d4ca38f4ab7092551/transformed/library-1.2.0 because:
build	Build with Gradle	2026-06-06T12:24:48.2087559Z   Caching not enabled.
build	Build with Gradle	2026-06-06T12:24:48.2088850Z Caching disabled for AarTransform: /home/runner/.gradle/caches/8.14/transforms/91cba946f7f9db0abb582361d2b98175/transformed/recyclerview-1.4.0 because:
build	Build with Gradle	2026-06-06T12:24:48.2090257Z   Caching not enabled.
build	Build with Gradle	2026-06-06T12:24:48.2091599Z Caching disabled for AarTransform: /home/runner/.gradle/caches/8.14/transforms/59fa63435223e05f0b1b82e5b0b01ed7/transformed/viewpager2-1.1.0-beta02 because:
build	Build with Gradle	2026-06-06T12:24:48.2093156Z   Caching not enabled.
build	Build with Gradle	2026-06-06T12:24:48.2094431Z Caching disabled for AarTransform: /home/runner/.gradle/caches/8.14/transforms/ee981983fc55a7699435ecebe45f87ef/transformed/core-1.4.1-release because:
build	Build with Gradle	2026-06-06T12:24:48.2095800Z   Caching not enabled.
build	Build with Gradle	2026-06-06T12:24:48.2097056Z Caching disabled for AarTransform: /home/runner/.gradle/caches/8.14/transforms/3496351281a372f59379614fd15c5436/transformed/fragment-1.8.7 because:
build	Build with Gradle	2026-06-06T12:24:48.2098607Z   Caching not enabled.
build	Build with Gradle	2026-06-06T12:24:48.2102782Z Caching disabled for AarTransform: /home/runner/.gradle/caches/8.14/transforms/f3104eb4796c3cb96709ee2563cfb750/transformed/sentry-android-core-8.40.0 because:
build	Build with Gradle	2026-06-06T12:24:48.2104240Z   Caching not enabled.
build	Build with Gradle	2026-06-06T12:24:48.2105529Z Caching disabled for AarTransform: /home/runner/.gradle/caches/8.14/transforms/aab493d2bbab5d087a023e9183eede9c/transformed/fragment-ktx-1.8.7 because:
build	Build with Gradle	2026-06-06T12:24:48.2106933Z   Caching not enabled.
build	Build with Gradle	2026-06-06T12:24:48.2108288Z Caching disabled for AarTransform: /home/runner/.gradle/caches/8.14/transforms/62937f105bc4a976ca99fc29e59f8d0f/transformed/activity-1.10.0 because:
build	Build with Gradle	2026-06-06T12:24:48.2109618Z   Caching not enabled.
build	Build with Gradle	2026-06-06T12:24:48.2111000Z Caching disabled for AarTransform: /home/runner/.gradle/caches/8.14/transforms/b7a112fda39b8abfdc2cbb450e5f2f1a/transformed/activity-ktx-1.10.0 because:
build	Build with Gradle	2026-06-06T12:24:48.2112385Z   Caching not enabled.
build	Build with Gradle	2026-06-06T12:24:48.2113734Z Caching disabled for AarTransform: /home/runner/.gradle/caches/8.14/transforms/5154402d773535e88a1a242ea9ad466a/transformed/emoji2-views-helper-1.2.0 because:
build	Build with Gradle	2026-06-06T12:24:48.2115107Z   Caching not enabled.
build	Build with Gradle	2026-06-06T12:24:48.2116321Z Caching disabled for AarTransform: /home/runner/.gradle/caches/8.14/transforms/20c8148c0d0f1eeb1041151d1c55938f/transformed/emoji2-1.2.0 because:
build	Build with Gradle	2026-06-06T12:24:48.2117797Z   Caching not enabled.
build	Build with Gradle	2026-06-06T12:24:48.2119064Z Caching disabled for AarTransform: /home/runner/.gradle/caches/8.14/transforms/d39b45e93aa24a0297878e1eb336ea9a/transformed/loader-1.0.0 because:
build	Build with Gradle	2026-06-06T12:24:48.2125974Z   Caching not enabled.
build	Build with Gradle	2026-06-06T12:24:48.2127482Z Caching disabled for AarTransform: /home/runner/.gradle/caches/8.14/transforms/5c7bf891ae70d7d08b7f06ccb140fad8/transformed/glance-1.1.1 because:
build	Build with Gradle	2026-06-06T12:24:48.2128910Z   Caching not enabled.
build	Build with Gradle	2026-06-06T12:24:48.2130252Z Caching disabled for AarTransform: /home/runner/.gradle/caches/8.14/transforms/47fd96da264051fc240ce38134bdde10/transformed/work-runtime-ktx-2.10.4 because:
build	Build with Gradle	2026-06-06T12:24:48.2131670Z   Caching not enabled.
build	Build with Gradle	2026-06-06T12:24:48.2132992Z Caching disabled for AarTransform: /home/runner/.gradle/caches/8.14/transforms/ff46523a05730a3410b3d43ab7271bd0/transformed/work-runtime-2.10.4 because:
build	Build with Gradle	2026-06-06T12:24:48.2134390Z   Caching not enabled.
build	Build with Gradle	2026-06-06T12:24:48.2135857Z Caching disabled for AarTransform: /home/runner/.gradle/caches/8.14/transforms/0a9f0b23f2ae3b3d671937d923da2cba/transformed/glance-appwidget-1.1.1 because:
build	Build with Gradle	2026-06-06T12:24:48.2137273Z   Caching not enabled.
build	Build with Gradle	2026-06-06T12:24:48.2138648Z Caching disabled for AarTransform: /home/runner/.gradle/caches/8.14/transforms/2b232f7e90ed539739f2c0f2684a06f8/transformed/browser-1.8.0 because:
build	Build with Gradle	2026-06-06T12:24:48.2139973Z   Caching not enabled.
build	Build with Gradle	2026-06-06T12:24:48.2141416Z Caching disabled for AarTransform: /home/runner/.gradle/caches/8.14/transforms/9269236a44d4e397a31d652dc8841c2d/transformed/transition-ktx-1.5.1 because:
build	Build with Gradle	2026-06-06T12:24:48.2142800Z   Caching not enabled.
build	Build with Gradle	2026-06-06T12:24:48.2144123Z Caching disabled for AarTransform: /home/runner/.gradle/caches/8.14/transforms/87467c3c8cd81c6f0e30cc7811d9c0e9/transformed/slidingpanelayout-1.2.0 because:
build	Build with Gradle	2026-06-06T12:24:48.2145518Z   Caching not enabled.
build	Build with Gradle	2026-06-06T12:24:48.2146780Z Caching disabled for AarTransform: /home/runner/.gradle/caches/8.14/transforms/9459b44028168fbe53c4da77adee3cad/transformed/transition-1.5.1 because:
build	Build with Gradle	2026-06-06T12:24:48.2148382Z   Caching not enabled.
build	Build with Gradle	2026-06-06T12:24:48.2149724Z Caching disabled for AarTransform: /home/runner/.gradle/caches/8.14/transforms/c2631671ecbd3d95bfc540fb5557d230/transformed/core-remoteviews-1.1.0 because:
build	Build with Gradle	2026-06-06T12:24:48.2151141Z   Caching not enabled.
build	Build with Gradle	2026-06-06T12:24:48.2152435Z Caching disabled for AarTransform: /home/runner/.gradle/caches/8.14/transforms/9a6f8cbb6346f3bbb1b98d5903fb48b2/transformed/drawerlayout-1.1.1 because:
build	Build with Gradle	2026-06-06T12:24:48.2153803Z   Caching not enabled.
build	Build with Gradle	2026-06-06T12:24:48.2155102Z Caching disabled for AarTransform: /home/runner/.gradle/caches/8.14/transforms/33de77d114239838176c165bd9600680/transformed/coordinatorlayout-1.1.0 because:
build	Build with Gradle	2026-06-06T12:24:48.2156545Z   Caching not enabled.
build	Build with Gradle	2026-06-06T12:24:48.2158032Z Caching disabled for AarTransform: /home/runner/.gradle/caches/8.14/transforms/f32932b768c1c383327c110c6e2f2a04/transformed/viewpager-1.0.0 because:
build	Build with Gradle	2026-06-06T12:24:48.2159323Z   Caching not enabled.
build	Build with Gradle	2026-06-06T12:24:48.2160937Z Caching disabled for AarTransform: /home/runner/.gradle/caches/8.14/transforms/2a1f64bb05593b70cb9126021244d174/transformed/customview-1.2.0 because:
build	Build with Gradle	2026-06-06T12:24:48.2162260Z   Caching not enabled.
build	Build with Gradle	2026-06-06T12:24:48.2163558Z Caching disabled for AarTransform: /home/runner/.gradle/caches/8.14/transforms/38973380b257061575958cac22670390/transformed/dynamicanimation-1.1.0 because:
build	Build with Gradle	2026-06-06T12:24:48.2164941Z   Caching not enabled.
build	Build with Gradle	2026-06-06T12:24:48.2166243Z Caching disabled for AarTransform: /home/runner/.gradle/caches/8.14/transforms/6e4c683cb074c37b2a51c2ee5db07733/transformed/constraintlayout-2.2.1 because:
build	Build with Gradle	2026-06-06T12:24:48.2167744Z   Caching not enabled.
build	Build with Gradle	2026-06-06T12:24:48.2168946Z Caching disabled for AarTransform: /home/runner/.gradle/caches/8.14/transforms/33b1fc6b3ef6a3214537aeecc8df60ab/transformed/coil because:
build	Build with Gradle	2026-06-06T12:24:48.2170186Z   Caching not enabled.
build	Build with Gradle	2026-06-06T12:24:48.2171456Z Caching disabled for AarTransform: /home/runner/.gradle/caches/8.14/transforms/c62f2b60b2174dbc2c05823d7d6abfaa/transformed/coil-network-okhttp because:
build	Build with Gradle	2026-06-06T12:24:48.2172881Z   Caching not enabled.
build	Build with Gradle	2026-06-06T12:24:48.2174060Z Caching disabled for AarTransform: /home/runner/.gradle/caches/8.14/transforms/d49708ff39937cf2dc8a5d58ef34d065/transformed/coil-network-core because:
build	Build with Gradle	2026-06-06T12:24:48.2175282Z   Caching not enabled.
build	Build with Gradle	2026-06-06T12:24:48.2182327Z Caching disabled for AarTransform: /home/runner/.gradle/caches/8.14/transforms/d8facd787edaf28a58d8c622a9331078/transformed/coil-core because:
build	Build with Gradle	2026-06-06T12:24:48.2183832Z   Caching not enabled.
build	Build with Gradle	2026-06-06T12:24:48.2185386Z Caching disabled for AarTransform: /home/runner/.gradle/caches/8.14/transforms/f7a09b5d37e172440771a3c367250518/transformed/appcompat-resources-1.7.1 because:
build	Build with Gradle	2026-06-06T12:24:48.2186869Z   Caching not enabled.
build	Build with Gradle	2026-06-06T12:24:48.2188573Z Caching disabled for AarTransform: /home/runner/.gradle/caches/8.14/transforms/d697b5d8b45978ec3a98ef1655ea06c8/transformed/vectordrawable-animated-1.1.0 because:
build	Build with Gradle	2026-06-06T12:24:48.2190255Z   Caching not enabled.
build	Build with Gradle	2026-06-06T12:24:48.2191625Z Caching disabled for AarTransform: /home/runner/.gradle/caches/8.14/transforms/dc0275561321685487c64fd075a63c35/transformed/vectordrawable-1.1.0 because:
build	Build with Gradle	2026-06-06T12:24:48.2193080Z   Caching not enabled.
build	Build with Gradle	2026-06-06T12:24:48.2194397Z Caching disabled for AarTransform: /home/runner/.gradle/caches/8.14/transforms/04951a97475aebf6b800f98cdc845e28/transformed/switchbar-1.0.2 because:
build	Build with Gradle	2026-06-06T12:24:48.2195990Z   Caching not enabled.
build	Build with Gradle	2026-06-06T12:24:48.2197532Z Caching disabled for AarTransform: /home/runner/.gradle/caches/8.14/transforms/f44317b6b582e3df5afb18620edd3775/transformed/swiperefreshlayout-1.1.0 because:
build	Build with Gradle	2026-06-06T12:24:48.2199017Z   Caching not enabled.
build	Build with Gradle	2026-06-06T12:24:48.2200378Z Caching disabled for AarTransform: /home/runner/.gradle/caches/8.14/transforms/30676eef3dc22ac269337397d20f7f25/transformed/insets-1.3.0-release because:
build	Build with Gradle	2026-06-06T12:24:48.2205228Z   Caching not enabled.
build	Build with Gradle	2026-06-06T12:24:48.2206804Z Caching disabled for AarTransform: /home/runner/.gradle/caches/8.14/transforms/6df4a8bec15c81ec5d96711ead8a45f6/transformed/customview-poolingcontainer-1.0.0 because:
build	Build with Gradle	2026-06-06T12:24:48.2208594Z   Caching not enabled.
build	Build with Gradle	2026-06-06T12:24:48.2209813Z Caching disabled for AarTransform: /home/runner/.gradle/caches/8.14/transforms/c4288f6412f7c6bdcfe961d2f0efb4d2/transformed/graphics-shapes-release because:
build	Build with Gradle	2026-06-06T12:24:48.2211226Z   Caching not enabled.
build	Build with Gradle	2026-06-06T12:24:48.2212474Z Caching disabled for AarTransform: /home/runner/.gradle/caches/8.14/transforms/0f268d830baf1b2adb315c1349db4113/transformed/savedstate-ktx-1.3.1 because:
build	Build with Gradle	2026-06-06T12:24:48.2213811Z   Caching not enabled.
build	Build with Gradle	2026-06-06T12:24:48.2215071Z Caching disabled for AarTransform: /home/runner/.gradle/caches/8.14/transforms/f85fca100dc1cfb9faf4b8055f4a62e9/transformed/savedstate-release because:
build	Build with Gradle	2026-06-06T12:24:48.2216319Z   Caching not enabled.
build	Build with Gradle	2026-06-06T12:24:48.2217615Z Caching disabled for AarTransform: /home/runner/.gradle/caches/8.14/transforms/d4dcb12619daf48292cb973faf4c0937/transformed/core-bundle-release because:
build	Build with Gradle	2026-06-06T12:24:48.2218868Z   Caching not enabled.
build	Build with Gradle	2026-06-06T12:24:48.2219992Z Caching disabled for AarTransform: /home/runner/.gradle/caches/8.14/transforms/029a61c97118f0c834c270c0dd5c56c8/transformed/core-ktx-1.16.0 because:
build	Build with Gradle	2026-06-06T12:24:48.2221171Z   Caching not enabled.
build	Build with Gradle	2026-06-06T12:24:48.2222384Z Caching disabled for AarTransform: /home/runner/.gradle/caches/8.14/transforms/5cdb323f179a5400d9eac68baef40b22/transformed/lifecycle-runtime-release because:
build	Build with Gradle	2026-06-06T12:24:48.2223671Z   Caching not enabled.
build	Build with Gradle	2026-06-06T12:24:48.2224760Z Caching disabled for AarTransform: /home/runner/.gradle/caches/8.14/transforms/5424bb4aed8761312b4b26bf9e07d98a/transformed/window-1.0.0 because:
build	Build with Gradle	2026-06-06T12:24:48.2225974Z   Caching not enabled.
build	Build with Gradle	2026-06-06T12:24:48.2227232Z Caching disabled for AarTransform: /home/runner/.gradle/caches/8.14/transforms/733f565b05217da1a995124053e2952d/transformed/lifecycle-service-2.9.4 because:
build	Build with Gradle	2026-06-06T12:24:48.2228776Z   Caching not enabled.
build	Build with Gradle	2026-06-06T12:24:48.2230082Z Caching disabled for AarTransform: /home/runner/.gradle/caches/8.14/transforms/0c66718d94e4554cab2f7d8334723d4c/transformed/lifecycle-viewmodel-2.9.4 because:
build	Build with Gradle	2026-06-06T12:24:48.2231426Z   Caching not enabled.
build	Build with Gradle	2026-06-06T12:24:48.2240604Z Caching disabled for AarTransform: /home/runner/.gradle/caches/8.14/transforms/20f00e5ccb0364701481c3adff0c0022/transformed/lifecycle-viewmodel-release because:
build	Build with Gradle	2026-06-06T12:24:48.2242376Z   Caching not enabled.
build	Build with Gradle	2026-06-06T12:24:48.2243856Z Caching disabled for AarTransform: /home/runner/.gradle/caches/8.14/transforms/06bc399dfe425f0f5114ba44e76c1318/transformed/lifecycle-viewmodel-savedstate-release because:
build	Build with Gradle	2026-06-06T12:24:48.2245298Z   Caching not enabled.
build	Build with Gradle	2026-06-06T12:24:48.2246588Z Caching disabled for AarTransform: /home/runner/.gradle/caches/8.14/transforms/644a16fcc858b20f0d048c7466f19d9f/transformed/lifecycle-process-2.9.4 because:
build	Build with Gradle	2026-06-06T12:24:48.2248263Z   Caching not enabled.
build	Build with Gradle	2026-06-06T12:24:48.2249587Z Caching disabled for AarTransform: /home/runner/.gradle/caches/8.14/transforms/6fe02a9c6bc1a8d677661f17a75652df/transformed/lifecycle-livedata-core-2.9.4 because:
build	Build with Gradle	2026-06-06T12:24:48.2250979Z   Caching not enabled.
build	Build with Gradle	2026-06-06T12:24:48.2252270Z Caching disabled for AarTransform: /home/runner/.gradle/caches/8.14/transforms/045e1f63699bdc1710b726e46c8c703d/transformed/lifecycle-runtime-ktx because:
build	Build with Gradle	2026-06-06T12:24:48.2253745Z   Caching not enabled.
build	Build with Gradle	2026-06-06T12:24:48.2255046Z Caching disabled for AarTransform: /home/runner/.gradle/caches/8.14/transforms/0bbb0e176c4adaced1da8fc8c45f5f69/transformed/lifecycle-livedata-2.9.4 because:
build	Build with Gradle	2026-06-06T12:24:48.2256352Z   Caching not enabled.
build	Build with Gradle	2026-06-06T12:24:48.2257700Z Caching disabled for AarTransform: /home/runner/.gradle/caches/8.14/transforms/71aa5bf0c4580977b2f3abf550a82d0e/transformed/preference-ktx-1.2.1 because:
build	Build with Gradle	2026-06-06T12:24:48.2259042Z   Caching not enabled.
build	Build with Gradle	2026-06-06T12:24:48.2260487Z Caching disabled for AarTransform: /home/runner/.gradle/caches/8.14/transforms/86daf15fa6531778dc0ccc1fef270dd4/transformed/lifecycle-livedata-core-ktx-2.9.4 because:
build	Build with Gradle	2026-06-06T12:24:48.2262280Z   Caching not enabled.
build	Build with Gradle	2026-06-06T12:24:48.2263516Z Caching disabled for AarTransform: /home/runner/.gradle/caches/8.14/transforms/6afc1b2f65d907779fd871415079443b/transformed/ui-graphics-1.1.1 because:
build	Build with Gradle	2026-06-06T12:24:48.2264793Z   Caching not enabled.
build	Build with Gradle	2026-06-06T12:24:48.2265974Z Caching disabled for AarTransform: /home/runner/.gradle/caches/8.14/transforms/eb0c0593968df75a68be86f7d6f56e03/transformed/ui-unit-1.1.1 because:
build	Build with Gradle	2026-06-06T12:24:48.2267208Z   Caching not enabled.
build	Build with Gradle	2026-06-06T12:24:48.2268537Z Caching disabled for AarTransform: /home/runner/.gradle/caches/8.14/transforms/e243041e7dbb74197d5bc00e0943bf6a/transformed/ui-geometry-1.1.1 because:
build	Build with Gradle	2026-06-06T12:24:48.2269812Z   Caching not enabled.
build	Build with Gradle	2026-06-06T12:24:48.2271025Z Caching disabled for AarTransform: /home/runner/.gradle/caches/8.14/transforms/f9239a1ba9edcb911ae9670e7877c906/transformed/runtime-1.2.1 because:
build	Build with Gradle	2026-06-06T12:24:48.2272304Z   Caching not enabled.
build	Build with Gradle	2026-06-06T12:24:48.2273530Z Caching disabled for AarTransform: /home/runner/.gradle/caches/8.14/transforms/a8b524143b57d8c2908f9c01f30efac2/transformed/sentry-compose-release because:
build	Build with Gradle	2026-06-06T12:24:48.2274860Z   Caching not enabled.
build	Build with Gradle	2026-06-06T12:24:48.2276166Z Caching disabled for AarTransform: /home/runner/.gradle/caches/8.14/transforms/dc0568acb601ada223da268dc89d9a1a/transformed/lifecycle-livedata-ktx-2.9.4 because:
build	Build with Gradle	2026-06-06T12:24:48.2277639Z   Caching not enabled.
build	Build with Gradle	2026-06-06T12:24:48.2278999Z Caching disabled for AarTransform: /home/runner/.gradle/caches/8.14/transforms/0380dce5195f95e6e343462acaffc231/transformed/lifecycle-resource-livedata-1.0.1-release because:
build	Build with Gradle	2026-06-06T12:24:48.2280361Z   Caching not enabled.
build	Build with Gradle	2026-06-06T12:24:48.2281624Z Caching disabled for AarTransform: /home/runner/.gradle/caches/8.14/transforms/ef0d0ada300b662b4bc2dcd561c4ab70/transformed/lifecycle-viewmodel-ktx-2.9.4 because:
build	Build with Gradle	2026-06-06T12:24:48.2282906Z   Caching not enabled.
build	Build with Gradle	2026-06-06T12:24:48.2284087Z Caching disabled for AarTransform: /home/runner/.gradle/caches/8.14/transforms/8c7c9a78376cd260d7272a1fac1507a0/transformed/datastore-preferences-1.0.0 because:
build	Build with Gradle	2026-06-06T12:24:48.2285409Z   Caching not enabled.
build	Build with Gradle	2026-06-06T12:24:48.2286652Z Caching disabled for AarTransform: /home/runner/.gradle/caches/8.14/transforms/615878ae3b772c18093f4d9e3e195a20/transformed/datastore-1.0.0 because:
build	Build with Gradle	2026-06-06T12:24:48.2288127Z   Caching not enabled.
build	Build with Gradle	2026-06-06T12:24:48.2289434Z Caching disabled for AarTransform: /home/runner/.gradle/caches/8.14/transforms/a0f2f8571a731d673f1339b181103682/transformed/room-runtime-2.6.1 because:
build	Build with Gradle	2026-06-06T12:24:48.2295819Z   Caching not enabled.
build	Build with Gradle	2026-06-06T12:24:48.2297180Z Caching disabled for AarTransform: /home/runner/.gradle/caches/8.14/transforms/b7f54caf5fd601a6753bed9729e1530e/transformed/room-ktx-2.6.1 because:
build	Build with Gradle	2026-06-06T12:24:48.2298668Z   Caching not enabled.
build	Build with Gradle	2026-06-06T12:24:48.2300059Z Caching disabled for AarTransform: /home/runner/.gradle/caches/8.14/transforms/b1caf7903885e6dfd466268b50bb28e5/transformed/core-splashscreen-1.0.1 because:
build	Build with Gradle	2026-06-06T12:24:48.2301650Z   Caching not enabled.
build	Build with Gradle	2026-06-06T12:24:48.2302813Z Caching disabled for AarTransform: /home/runner/.gradle/caches/8.14/transforms/ab00c267663707e20a9c28832bd574a2/transformed/timber-5.0.1 because:
build	Build with Gradle	2026-06-06T12:24:48.2303794Z   Caching not enabled.
build	Build with Gradle	2026-06-06T12:24:48.2308482Z Caching disabled for AarTransform: /home/runner/.gradle/caches/8.14/transforms/f59af9a0eace077f0e9ad35c903edb0e/transformed/html-ktx-1.1.2 because:
build	Build with Gradle	2026-06-06T12:24:48.2309840Z   Caching not enabled.
build	Build with Gradle	2026-06-06T12:24:48.2311238Z Caching disabled for AarTransform: /home/runner/.gradle/caches/8.14/transforms/5e76c393bb448bcfa0655c68ec471020/transformed/aboutlibraries-core-release because:
build	Build with Gradle	2026-06-06T12:24:48.2312685Z   Caching not enabled.
build	Build with Gradle	2026-06-06T12:24:48.2314074Z Caching disabled for AarTransform: /home/runner/.gradle/caches/8.14/transforms/bd37fa4ac9a923d774be35a04b675e9d/transformed/sentry-android-timber-8.40.0 because:
build	Build with Gradle	2026-06-06T12:24:48.2315765Z   Caching not enabled.
build	Build with Gradle	2026-06-06T12:24:48.2317575Z Caching disabled for AarTransform: /home/runner/.gradle/caches/8.14/transforms/82c33335d6daf0ba2c2d3106c603ebc3/transformed/sqlite-framework-2.4.0 because:
build	Build with Gradle	2026-06-06T12:24:48.2318903Z   Caching not enabled.
build	Build with Gradle	2026-06-06T12:24:48.2320100Z Caching disabled for AarTransform: /home/runner/.gradle/caches/8.14/transforms/f5dc25b733d8c7664560d889ae0ff956/transformed/sqlite-2.4.0 because:
build	Build with Gradle	2026-06-06T12:24:48.2321338Z   Caching not enabled.
build	Build with Gradle	2026-06-06T12:24:48.2322732Z Caching disabled for AarTransform: /home/runner/.gradle/caches/8.14/transforms/a6341a3e8d2c382078fb8f297369ac51/transformed/sentry-android-sqlite-8.40.0 because:
build	Build with Gradle	2026-06-06T12:24:48.2324123Z   Caching not enabled.
build	Build with Gradle	2026-06-06T12:24:48.2325480Z Caching disabled for AarTransform: /home/runner/.gradle/caches/8.14/transforms/6a51a01fd16264a83e0f0feeab00d6ea/transformed/layoutinflater-1.3.0 because:
build	Build with Gradle	2026-06-06T12:24:48.2326921Z   Caching not enabled.
build	Build with Gradle	2026-06-06T12:24:48.2328304Z Caching disabled for AarTransform: /home/runner/.gradle/caches/8.14/transforms/5d7fa8ac1f6ab741b32c1fc4bc71bdf6/transformed/compatibility-2.0.0 because:
build	Build with Gradle	2026-06-06T12:24:48.2329837Z   Caching not enabled.
build	Build with Gradle	2026-06-06T12:24:48.2331388Z Caching disabled for AarTransform: /home/runner/.gradle/caches/8.14/transforms/7cb87b818b30498bcde5bf59509b305b/transformed/appiconloader-1.5.0 because:
build	Build with Gradle	2026-06-06T12:24:48.2332811Z   Caching not enabled.
build	Build with Gradle	2026-06-06T12:24:48.2334160Z Caching disabled for AarTransform: /home/runner/.gradle/caches/8.14/transforms/af1849ac59ea9b10c0df81a67570c855/transformed/cursoradapter-1.0.0 because:
build	Build with Gradle	2026-06-06T12:24:48.2335548Z   Caching not enabled.
build	Build with Gradle	2026-06-06T12:24:48.2336852Z Caching disabled for AarTransform: /home/runner/.gradle/caches/8.14/transforms/b2e7fb1ff7f260dce39e55cb27088efd/transformed/cardview-1.0.0 because:
build	Build with Gradle	2026-06-06T12:24:48.2338353Z   Caching not enabled.
build	Build with Gradle	2026-06-06T12:24:48.2339520Z Caching disabled for AarTransform: /home/runner/.gradle/caches/8.14/transforms/b7fdebfd9343bbc576a29ab8d68fb354/transformed/lazy-2.0.0 because:
build	Build with Gradle	2026-06-06T12:24:48.2340780Z   Caching not enabled.
build	Build with Gradle	2026-06-06T12:24:48.2341958Z Caching disabled for AarTransform: /home/runner/.gradle/caches/8.14/transforms/e5742399012525e0edda6cc8d9ad7262/transformed/html-1.1.2 because:
build	Build with Gradle	2026-06-06T12:24:48.2343187Z   Caching not enabled.
build	Build with Gradle	2026-06-06T12:24:48.2344424Z Caching disabled for AarTransform: /home/runner/.gradle/caches/8.14/transforms/def85582213ab2870d896da947e1bd2a/transformed/appiconloader-iconloaderlib-1.5.0 because:
build	Build with Gradle	2026-06-06T12:24:48.2345869Z   Caching not enabled.
build	Build with Gradle	2026-06-06T12:24:48.2351901Z Caching disabled for AarTransform: /home/runner/.gradle/caches/8.14/transforms/0f8fd961fa88f172b795e954c693c5a2/transformed/tracing-ktx-1.2.0 because:
build	Build with Gradle	2026-06-06T12:24:48.2353142Z   Caching not enabled.
build	Build with Gradle	2026-06-06T12:24:48.2354349Z Caching disabled for AarTransform: /home/runner/.gradle/caches/8.14/transforms/96dabcaf2d8839737bfa5e7bcc9c8d29/transformed/exifinterface-1.4.2 because:
build	Build with Gradle	2026-06-06T12:24:48.2355732Z   Caching not enabled.
build	Build with Gradle	2026-06-06T12:24:48.2356842Z Caching disabled for AarTransform: /home/runner/.gradle/caches/8.14/transforms/acaa3cdd1b8646165db9384aee71e410/transformed/ui-util-1.1.1 because:
build	Build with Gradle	2026-06-06T12:24:48.2358273Z   Caching not enabled.
build	Build with Gradle	2026-06-06T12:24:48.2359411Z Caching disabled for AarTransform: /home/runner/.gradle/caches/8.14/transforms/fdd7a2f71d98268b12d6291e62912d0b/transformed/lottie-6.6.2 because:
build	Build with Gradle	2026-06-06T12:24:48.2360835Z   Caching not enabled.
build	Build with Gradle	2026-06-06T12:24:48.2362240Z Caching disabled for AarTransform: /home/runner/.gradle/caches/8.14/transforms/f16a35ef33f3a5860c0cc8532fe5dc8c/transformed/core-6.0.0 because:
build	Build with Gradle	2026-06-06T12:24:48.2363320Z   Caching not enabled.
build	Build with Gradle	2026-06-06T12:24:48.2364367Z Caching disabled for AarTransform: /home/runner/.gradle/caches/8.14/transforms/c0673a6896f886d42be301918536c345/transformed/boringssl-20250114 because:
build	Build with Gradle	2026-06-06T12:24:48.2365517Z   Caching not enabled.
build	Build with Gradle	2026-06-06T12:24:48.2366788Z Caching disabled for AarTransform: /home/runner/.gradle/caches/8.14/transforms/b966c438ee1e24a5a0e1926959b61a2d/transformed/hiddenapibypass-6.1 because:
build	Build with Gradle	2026-06-06T12:24:48.2368305Z   Caching not enabled.
build	Build with Gradle	2026-06-06T12:24:48.2369481Z Caching disabled for AarTransform: /home/runner/.gradle/caches/8.14/transforms/966464b5816c63aee25736b13ab38709/transformed/sentry-android-fragment-8.40.0 because:
build	Build with Gradle	2026-06-06T12:24:48.2370761Z   Caching not enabled.
build	Build with Gradle	2026-06-06T12:24:48.2371862Z Caching disabled for AarTransform: /home/runner/.gradle/caches/8.14/transforms/0229dbc9f57fa8133a9f500f70fe76a8/transformed/libcxx-27.0.12077973 because:
build	Build with Gradle	2026-06-06T12:24:48.2373073Z   Caching not enabled.
build	Build with Gradle	2026-06-06T12:24:48.2374243Z Caching disabled for AarTransform: /home/runner/.gradle/caches/8.14/transforms/966144f595f2139b76140bbf274142f6/transformed/sentry-android-navigation-8.40.0 because:
build	Build with Gradle	2026-06-06T12:24:48.2375736Z   Caching not enabled.
build	Build with Gradle	2026-06-06T12:24:48.2376476Z Caching disabled for task ':manager:mergeReleaseArtProfile' because:
build	Build with Gradle	2026-06-06T12:24:48.2377503Z   Simple merging task
build	Build with Gradle	2026-06-06T12:24:48.2378243Z Task ':manager:mergeReleaseArtProfile' is not up-to-date because:
build	Build with Gradle	2026-06-06T12:24:48.2379071Z   No history is available.
build	Build with Gradle	2026-06-06T12:24:48.2380053Z file or directory '/home/runner/work/ShizukuPlus/ShizukuPlus/manager/src/main/baselineProfiles', not found
build	Build with Gradle	2026-06-06T12:24:48.2381610Z file or directory '/home/runner/work/ShizukuPlus/ShizukuPlus/manager/src/release/baselineProfiles', not found
build	Build with Gradle	2026-06-06T12:24:48.2382556Z 
build	Build with Gradle	2026-06-06T12:24:48.2382917Z > Task :manager:stripReleaseDebugSymbols
build	Build with Gradle	2026-06-06T12:24:48.2383807Z Caching disabled for task ':manager:stripReleaseDebugSymbols' because:
build	Build with Gradle	2026-06-06T12:24:48.2384710Z   Caching has been disabled for the task
build	Build with Gradle	2026-06-06T12:24:48.2385540Z Task ':manager:stripReleaseDebugSymbols' is not up-to-date because:
build	Build with Gradle	2026-06-06T12:24:48.2386391Z   No history is available.
build	Build with Gradle	2026-06-06T12:24:48.2387317Z The input changes require a full rebuild for incremental task ':manager:stripReleaseDebugSymbols'.
build	Build with Gradle	2026-06-06T12:24:48.2388659Z C/C++: android.ndkVersion from module build.gradle is [27.0.12077973]
build	Build with Gradle	2026-06-06T12:24:48.2389579Z C/C++: android.ndkPath from module build.gradle is not set
build	Build with Gradle	2026-06-06T12:24:48.2390394Z C/C++: ndk.dir in local.properties is not set
build	Build with Gradle	2026-06-06T12:24:48.2391394Z C/C++: Not considering ANDROID_NDK_HOME because support was removed after deprecation period.
build	Build with Gradle	2026-06-06T12:24:48.2392431Z C/C++: sdkFolder is /usr/local/lib/android/sdk
build	Build with Gradle	2026-06-06T12:24:48.2397202Z Starting process 'command '/usr/local/lib/android/sdk/ndk/27.0.12077973/toolchains/llvm/prebuilt/linux-x86_64/bin/llvm-strip''. Working directory: /home/runner/work/ShizukuPlus/ShizukuPlus/manager Command: /usr/local/lib/android/sdk/ndk/27.0.12077973/toolchains/llvm/prebuilt/linux-x86_64/bin/llvm-strip --strip-unneeded -o /home/runner/work/ShizukuPlus/ShizukuPlus/manager/build/intermediates/stripped_native_libs/release/stripReleaseDebugSymbols/out/lib/arm64-v8a/libshizuku.so /home/runner/work/ShizukuPlus/ShizukuPlus/manager/build/intermediates/merged_native_libs/release/mergeReleaseNativeLibs/out/lib/arm64-v8a/libshizuku.so
build	Build with Gradle	2026-06-06T12:24:48.2416980Z Successfully started process 'command '/usr/local/lib/android/sdk/ndk/27.0.12077973/toolchains/llvm/prebuilt/linux-x86_64/bin/llvm-strip''
build	Build with Gradle	2026-06-06T12:24:48.2418520Z C/C++: android.ndkVersion from module build.gradle is [27.0.12077973]
build	Build with Gradle	2026-06-06T12:24:48.2419356Z C/C++: android.ndkPath from module build.gradle is not set
build	Build with Gradle	2026-06-06T12:24:48.2420287Z C/C++: ndk.dir in local.properties is not set
build	Build with Gradle	2026-06-06T12:24:48.2421175Z C/C++: Not considering ANDROID_NDK_HOME because support was removed after deprecation period.
build	Build with Gradle	2026-06-06T12:24:48.2422077Z C/C++: sdkFolder is /usr/local/lib/android/sdk
build	Build with Gradle	2026-06-06T12:24:48.2426058Z Starting process 'command '/usr/local/lib/android/sdk/ndk/27.0.12077973/toolchains/llvm/prebuilt/linux-x86_64/bin/llvm-strip''. Working directory: /home/runner/work/ShizukuPlus/ShizukuPlus/manager Command: /usr/local/lib/android/sdk/ndk/27.0.12077973/toolchains/llvm/prebuilt/linux-x86_64/bin/llvm-strip --strip-unneeded -o /home/runner/work/ShizukuPlus/ShizukuPlus/manager/build/intermediates/stripped_native_libs/release/stripReleaseDebugSymbols/out/lib/armeabi-v7a/librish.so /home/runner/work/ShizukuPlus/ShizukuPlus/manager/build/intermediates/merged_native_libs/release/mergeReleaseNativeLibs/out/lib/armeabi-v7a/librish.so
build	Build with Gradle	2026-06-06T12:24:48.2431256Z Successfully started process 'command '/usr/local/lib/android/sdk/ndk/27.0.12077973/toolchains/llvm/prebuilt/linux-x86_64/bin/llvm-strip''
build	Build with Gradle	2026-06-06T12:24:48.2432671Z C/C++: android.ndkVersion from module build.gradle is [27.0.12077973]
build	Build with Gradle	2026-06-06T12:24:48.2433562Z C/C++: android.ndkPath from module build.gradle is not set
build	Build with Gradle	2026-06-06T12:24:48.2434342Z C/C++: ndk.dir in local.properties is not set
build	Build with Gradle	2026-06-06T12:24:48.2435290Z C/C++: Not considering ANDROID_NDK_HOME because support was removed after deprecation period.
build	Build with Gradle	2026-06-06T12:24:48.2436280Z C/C++: sdkFolder is /usr/local/lib/android/sdk
build	Build with Gradle	2026-06-06T12:24:48.2440686Z Starting process 'command '/usr/local/lib/android/sdk/ndk/27.0.12077973/toolchains/llvm/prebuilt/linux-x86_64/bin/llvm-strip''. Working directory: /home/runner/work/ShizukuPlus/ShizukuPlus/manager Command: /usr/local/lib/android/sdk/ndk/27.0.12077973/toolchains/llvm/prebuilt/linux-x86_64/bin/llvm-strip --strip-unneeded -o /home/runner/work/ShizukuPlus/ShizukuPlus/manager/build/intermediates/stripped_native_libs/release/stripReleaseDebugSymbols/out/lib/armeabi-v7a/libshizuku.so /home/runner/work/ShizukuPlus/ShizukuPlus/manager/build/intermediates/merged_native_libs/release/mergeReleaseNativeLibs/out/lib/armeabi-v7a/libshizuku.so
build	Build with Gradle	2026-06-06T12:24:48.2445658Z Successfully started process 'command '/usr/local/lib/android/sdk/ndk/27.0.12077973/toolchains/llvm/prebuilt/linux-x86_64/bin/llvm-strip''
build	Build with Gradle	2026-06-06T12:24:48.2447011Z C/C++: android.ndkVersion from module build.gradle is [27.0.12077973]
build	Build with Gradle	2026-06-06T12:24:48.2448017Z C/C++: android.ndkPath from module build.gradle is not set
build	Build with Gradle	2026-06-06T12:24:48.2448783Z C/C++: ndk.dir in local.properties is not set
build	Build with Gradle	2026-06-06T12:24:48.2449792Z C/C++: Not considering ANDROID_NDK_HOME because support was removed after deprecation period.
build	Build with Gradle	2026-06-06T12:24:48.2450749Z C/C++: sdkFolder is /usr/local/lib/android/sdk
build	Build with Gradle	2026-06-06T12:24:48.2455050Z Starting process 'command '/usr/local/lib/android/sdk/ndk/27.0.12077973/toolchains/llvm/prebuilt/linux-x86_64/bin/llvm-strip''. Working directory: /home/runner/work/ShizukuPlus/ShizukuPlus/manager Command: /usr/local/lib/android/sdk/ndk/27.0.12077973/toolchains/llvm/prebuilt/linux-x86_64/bin/llvm-strip --strip-unneeded -o /home/runner/work/ShizukuPlus/ShizukuPlus/manager/build/intermediates/stripped_native_libs/release/stripReleaseDebugSymbols/out/lib/x86/libadb.so /home/runner/work/ShizukuPlus/ShizukuPlus/manager/build/intermediates/merged_native_libs/release/mergeReleaseNativeLibs/out/lib/x86/libadb.so
build	Build with Gradle	2026-06-06T12:24:48.2459779Z Successfully started process 'command '/usr/local/lib/android/sdk/ndk/27.0.12077973/toolchains/llvm/prebuilt/linux-x86_64/bin/llvm-strip''
build	Build with Gradle	2026-06-06T12:24:48.2461276Z C/C++: android.ndkVersion from module build.gradle is [27.0.12077973]
build	Build with Gradle	2026-06-06T12:24:48.2462240Z C/C++: android.ndkPath from module build.gradle is not set
build	Build with Gradle	2026-06-06T12:24:48.2463199Z C/C++: ndk.dir in local.properties is not set
build	Build with Gradle	2026-06-06T12:24:48.2464196Z C/C++: Not considering ANDROID_NDK_HOME because support was removed after deprecation period.
build	Build with Gradle	2026-06-06T12:24:48.2471438Z C/C++: sdkFolder is /usr/local/lib/android/sdk
build	Build with Gradle	2026-06-06T12:24:48.2475771Z Starting process 'command '/usr/local/lib/android/sdk/ndk/27.0.12077973/toolchains/llvm/prebuilt/linux-x86_64/bin/llvm-strip''. Working directory: /home/runner/work/ShizukuPlus/ShizukuPlus/manager Command: /usr/local/lib/android/sdk/ndk/27.0.12077973/toolchains/llvm/prebuilt/linux-x86_64/bin/llvm-strip --strip-unneeded -o /home/runner/work/ShizukuPlus/ShizukuPlus/manager/build/intermediates/stripped_native_libs/release/stripReleaseDebugSymbols/out/lib/x86/librish.so /home/runner/work/ShizukuPlus/ShizukuPlus/manager/build/intermediates/merged_native_libs/release/mergeReleaseNativeLibs/out/lib/x86/librish.so
build	Build with Gradle	2026-06-06T12:24:48.2480686Z Successfully started process 'command '/usr/local/lib/android/sdk/ndk/27.0.12077973/toolchains/llvm/prebuilt/linux-x86_64/bin/llvm-strip''
build	Build with Gradle	2026-06-06T12:24:48.2482002Z C/C++: android.ndkVersion from module build.gradle is [27.0.12077973]
build	Build with Gradle	2026-06-06T12:24:48.2482903Z C/C++: android.ndkPath from module build.gradle is not set
build	Build with Gradle	2026-06-06T12:24:48.2483696Z C/C++: ndk.dir in local.properties is not set
build	Build with Gradle	2026-06-06T12:24:48.2484655Z C/C++: Not considering ANDROID_NDK_HOME because support was removed after deprecation period.
build	Build with Gradle	2026-06-06T12:24:48.2485591Z C/C++: sdkFolder is /usr/local/lib/android/sdk
build	Build with Gradle	2026-06-06T12:24:48.2489640Z Starting process 'command '/usr/local/lib/android/sdk/ndk/27.0.12077973/toolchains/llvm/prebuilt/linux-x86_64/bin/llvm-strip''. Working directory: /home/runner/work/ShizukuPlus/ShizukuPlus/manager Command: /usr/local/lib/android/sdk/ndk/27.0.12077973/toolchains/llvm/prebuilt/linux-x86_64/bin/llvm-strip --strip-unneeded -o /home/runner/work/ShizukuPlus/ShizukuPlus/manager/build/intermediates/stripped_native_libs/release/stripReleaseDebugSymbols/out/lib/x86/libshizuku.so /home/runner/work/ShizukuPlus/ShizukuPlus/manager/build/intermediates/merged_native_libs/release/mergeReleaseNativeLibs/out/lib/x86/libshizuku.so
build	Build with Gradle	2026-06-06T12:24:48.2494183Z Successfully started process 'command '/usr/local/lib/android/sdk/ndk/27.0.12077973/toolchains/llvm/prebuilt/linux-x86_64/bin/llvm-strip''
build	Build with Gradle	2026-06-06T12:24:48.2495656Z C/C++: android.ndkVersion from module build.gradle is [27.0.12077973]
build	Build with Gradle	2026-06-06T12:24:48.2496584Z C/C++: android.ndkPath from module build.gradle is not set
build	Build with Gradle	2026-06-06T12:24:48.2497533Z C/C++: ndk.dir in local.properties is not set
build	Build with Gradle	2026-06-06T12:24:48.2498529Z C/C++: Not considering ANDROID_NDK_HOME because support was removed after deprecation period.
build	Build with Gradle	2026-06-06T12:24:48.2499482Z C/C++: sdkFolder is /usr/local/lib/android/sdk
build	Build with Gradle	2026-06-06T12:24:48.2503517Z Starting process 'command '/usr/local/lib/android/sdk/ndk/27.0.12077973/toolchains/llvm/prebuilt/linux-x86_64/bin/llvm-strip''. Working directory: /home/runner/work/ShizukuPlus/ShizukuPlus/manager Command: /usr/local/lib/android/sdk/ndk/27.0.12077973/toolchains/llvm/prebuilt/linux-x86_64/bin/llvm-strip --strip-unneeded -o /home/runner/work/ShizukuPlus/ShizukuPlus/manager/build/intermediates/stripped_native_libs/release/stripReleaseDebugSymbols/out/lib/x86_64/libadb.so /home/runner/work/ShizukuPlus/ShizukuPlus/manager/build/intermediates/merged_native_libs/release/mergeReleaseNativeLibs/out/lib/x86_64/libadb.so
build	Build with Gradle	2026-06-06T12:24:48.2508517Z Successfully started process 'command '/usr/local/lib/android/sdk/ndk/27.0.12077973/toolchains/llvm/prebuilt/linux-x86_64/bin/llvm-strip''
build	Build with Gradle	2026-06-06T12:24:48.2509983Z C/C++: android.ndkVersion from module build.gradle is [27.0.12077973]
build	Build with Gradle	2026-06-06T12:24:48.2510965Z C/C++: android.ndkPath from module build.gradle is not set
build	Build with Gradle	2026-06-06T12:24:48.2511757Z C/C++: ndk.dir in local.properties is not set
build	Build with Gradle	2026-06-06T12:24:48.2512960Z C/C++: Not considering ANDROID_NDK_HOME because support was removed after deprecation period.
build	Build with Gradle	2026-06-06T12:24:48.2513957Z C/C++: sdkFolder is /usr/local/lib/android/sdk
build	Build with Gradle	2026-06-06T12:24:48.2524033Z Starting process 'command '/usr/local/lib/android/sdk/ndk/27.0.12077973/toolchains/llvm/prebuilt/linux-x86_64/bin/llvm-strip''. Working directory: /home/runner/work/ShizukuPlus/ShizukuPlus/manager Command: /usr/local/lib/android/sdk/ndk/27.0.12077973/toolchains/llvm/prebuilt/linux-x86_64/bin/llvm-strip --strip-unneeded -o /home/runner/work/ShizukuPlus/ShizukuPlus/manager/build/intermediates/stripped_native_libs/release/stripReleaseDebugSymbols/out/lib/x86_64/librish.so /home/runner/work/ShizukuPlus/ShizukuPlus/manager/build/intermediates/merged_native_libs/release/mergeReleaseNativeLibs/out/lib/x86_64/librish.so
build	Build with Gradle	2026-06-06T12:24:48.2529012Z Successfully started process 'command '/usr/local/lib/android/sdk/ndk/27.0.12077973/toolchains/llvm/prebuilt/linux-x86_64/bin/llvm-strip''
build	Build with Gradle	2026-06-06T12:24:48.2530268Z C/C++: android.ndkVersion from module build.gradle is [27.0.12077973]
build	Build with Gradle	2026-06-06T12:24:48.2531247Z C/C++: android.ndkPath from module build.gradle is not set
build	Build with Gradle	2026-06-06T12:24:48.2531992Z C/C++: ndk.dir in local.properties is not set
build	Build with Gradle	2026-06-06T12:24:48.2533090Z C/C++: Not considering ANDROID_NDK_HOME because support was removed after deprecation period.
build	Build with Gradle	2026-06-06T12:24:48.2534097Z C/C++: sdkFolder is /usr/local/lib/android/sdk
build	Build with Gradle	2026-06-06T12:24:48.2538683Z Starting process 'command '/usr/local/lib/android/sdk/ndk/27.0.12077973/toolchains/llvm/prebuilt/linux-x86_64/bin/llvm-strip''. Working directory: /home/runner/work/ShizukuPlus/ShizukuPlus/manager Command: /usr/local/lib/android/sdk/ndk/27.0.12077973/toolchains/llvm/prebuilt/linux-x86_64/bin/llvm-strip --strip-unneeded -o /home/runner/work/ShizukuPlus/ShizukuPlus/manager/build/intermediates/stripped_native_libs/release/stripReleaseDebugSymbols/out/lib/x86_64/libshizuku.so /home/runner/work/ShizukuPlus/ShizukuPlus/manager/build/intermediates/merged_native_libs/release/mergeReleaseNativeLibs/out/lib/x86_64/libshizuku.so
build	Build with Gradle	2026-06-06T12:24:48.2543752Z Successfully started process 'command '/usr/local/lib/android/sdk/ndk/27.0.12077973/toolchains/llvm/prebuilt/linux-x86_64/bin/llvm-strip''
build	Build with Gradle	2026-06-06T12:24:48.2545103Z C/C++: android.ndkVersion from module build.gradle is [27.0.12077973]
build	Build with Gradle	2026-06-06T12:24:48.2545990Z C/C++: android.ndkPath from module build.gradle is not set
build	Build with Gradle	2026-06-06T12:24:48.2546742Z C/C++: ndk.dir in local.properties is not set
build	Build with Gradle	2026-06-06T12:24:48.2547860Z C/C++: Not considering ANDROID_NDK_HOME because support was removed after deprecation period.
build	Build with Gradle	2026-06-06T12:24:48.2548854Z C/C++: sdkFolder is /usr/local/lib/android/sdk
build	Build with Gradle	2026-06-06T12:24:48.2553463Z Starting process 'command '/usr/local/lib/android/sdk/ndk/27.0.12077973/toolchains/llvm/prebuilt/linux-x86_64/bin/llvm-strip''. Working directory: /home/runner/work/ShizukuPlus/ShizukuPlus/manager Command: /usr/local/lib/android/sdk/ndk/27.0.12077973/toolchains/llvm/prebuilt/linux-x86_64/bin/llvm-strip --strip-unneeded -o /home/runner/work/ShizukuPlus/ShizukuPlus/manager/build/intermediates/stripped_native_libs/release/stripReleaseDebugSymbols/out/lib/armeabi-v7a/libadb.so /home/runner/work/ShizukuPlus/ShizukuPlus/manager/build/intermediates/merged_native_libs/release/mergeReleaseNativeLibs/out/lib/armeabi-v7a/libadb.so
build	Build with Gradle	2026-06-06T12:24:48.2558431Z C/C++: android.ndkVersion from module build.gradle is [27.0.12077973]
build	Build with Gradle	2026-06-06T12:24:48.2559417Z C/C++: android.ndkPath from module build.gradle is not set
build	Build with Gradle	2026-06-06T12:24:48.2560216Z C/C++: ndk.dir in local.properties is not set
build	Build with Gradle	2026-06-06T12:24:48.2561260Z C/C++: Not considering ANDROID_NDK_HOME because support was removed after deprecation period.
build	Build with Gradle	2026-06-06T12:24:48.2562286Z C/C++: sdkFolder is /usr/local/lib/android/sdk
build	Build with Gradle	2026-06-06T12:24:48.2567103Z Starting process 'command '/usr/local/lib/android/sdk/ndk/27.0.12077973/toolchains/llvm/prebuilt/linux-x86_64/bin/llvm-strip''. Working directory: /home/runner/work/ShizukuPlus/ShizukuPlus/manager Command: /usr/local/lib/android/sdk/ndk/27.0.12077973/toolchains/llvm/prebuilt/linux-x86_64/bin/llvm-strip --strip-unneeded -o /home/runner/work/ShizukuPlus/ShizukuPlus/manager/build/intermediates/stripped_native_libs/release/stripReleaseDebugSymbols/out/lib/arm64-v8a/libadb.so /home/runner/work/ShizukuPlus/ShizukuPlus/manager/build/intermediates/merged_native_libs/release/mergeReleaseNativeLibs/out/lib/arm64-v8a/libadb.so
build	Build with Gradle	2026-06-06T12:24:48.2572018Z C/C++: android.ndkVersion from module build.gradle is [27.0.12077973]
build	Build with Gradle	2026-06-06T12:24:48.2573021Z C/C++: android.ndkPath from module build.gradle is not set
build	Build with Gradle	2026-06-06T12:24:48.2573787Z C/C++: ndk.dir in local.properties is not set
build	Build with Gradle	2026-06-06T12:24:48.2574625Z C/C++: Not considering ANDROID_NDK_HOME because support was removed after deprecation period.
build	Build with Gradle	2026-06-06T12:24:48.2575468Z C/C++: sdkFolder is /usr/local/lib/android/sdk
build	Build with Gradle	2026-06-06T12:24:48.2579227Z Starting process 'command '/usr/local/lib/android/sdk/ndk/27.0.12077973/toolchains/llvm/prebuilt/linux-x86_64/bin/llvm-strip''. Working directory: /home/runner/work/ShizukuPlus/ShizukuPlus/manager Command: /usr/local/lib/android/sdk/ndk/27.0.12077973/toolchains/llvm/prebuilt/linux-x86_64/bin/llvm-strip --strip-unneeded -o /home/runner/work/ShizukuPlus/ShizukuPlus/manager/build/intermediates/stripped_native_libs/release/stripReleaseDebugSymbols/out/lib/arm64-v8a/librish.so /home/runner/work/ShizukuPlus/ShizukuPlus/manager/build/intermediates/merged_native_libs/release/mergeReleaseNativeLibs/out/lib/arm64-v8a/librish.so
build	Build with Gradle	2026-06-06T12:24:48.2583471Z Successfully started process 'command '/usr/local/lib/android/sdk/ndk/27.0.12077973/toolchains/llvm/prebuilt/linux-x86_64/bin/llvm-strip''
build	Build with Gradle	2026-06-06T12:24:48.2584993Z Successfully started process 'command '/usr/local/lib/android/sdk/ndk/27.0.12077973/toolchains/llvm/prebuilt/linux-x86_64/bin/llvm-strip''
build	Build with Gradle	2026-06-06T12:24:48.2586701Z Successfully started process 'command '/usr/local/lib/android/sdk/ndk/27.0.12077973/toolchains/llvm/prebuilt/linux-x86_64/bin/llvm-strip''
build	Build with Gradle	2026-06-06T12:24:48.2587872Z 
build	Build with Gradle	2026-06-06T12:24:48.2588164Z > Task :manager:buildKotlinToolingMetadata
build	Build with Gradle	2026-06-06T12:24:48.2588921Z Caching disabled for task ':manager:buildKotlinToolingMetadata' because:
build	Build with Gradle	2026-06-06T12:24:48.2589647Z   Caching has been disabled for the task
build	Build with Gradle	2026-06-06T12:24:48.2590384Z Task ':manager:buildKotlinToolingMetadata' is not up-to-date because:
build	Build with Gradle	2026-06-06T12:24:48.2591076Z   No history is available.
build	Build with Gradle	2026-06-06T12:24:48.2591974Z Resolve mutations for :manager:extractReleaseNativeSymbolTables (Thread[#162,Execution worker Thread 3,5,main]) started.
build	Build with Gradle	2026-06-06T12:24:48.2593247Z :manager:extractReleaseNativeSymbolTables (Thread[#162,Execution worker Thread 3,5,main]) started.
build	Build with Gradle	2026-06-06T12:24:48.2594486Z Resolve mutations for :manager:compileReleaseAidl (Thread[#160,Execution worker,5,main]) started.
build	Build with Gradle	2026-06-06T12:24:48.2595748Z :manager:compileReleaseAidl (Thread[#161,Execution worker Thread 2,5,main]) started.
build	Build with Gradle	2026-06-06T12:24:48.2755014Z 
build	Build with Gradle	2026-06-06T12:24:48.2756031Z > Task :manager:extractReleaseNativeSymbolTables
build	Build with Gradle	2026-06-06T12:24:48.2768526Z Build cache key for task ':manager:extractReleaseNativeSymbolTables' is a91dc24209e3f59c7a4267a6d5b0a180
build	Build with Gradle	2026-06-06T12:24:48.2770121Z Task ':manager:extractReleaseNativeSymbolTables' is not up-to-date because:
build	Build with Gradle	2026-06-06T12:24:48.2771037Z   No history is available.
build	Build with Gradle	2026-06-06T12:24:48.2771774Z C/C++: android.ndkVersion from module build.gradle is [27.0.12077973]
build	Build with Gradle	2026-06-06T12:24:48.2779816Z C/C++: android.ndkPath from module build.gradle is not set
build	Build with Gradle	2026-06-06T12:24:48.2780764Z C/C++: ndk.dir in local.properties is not set
build	Build with Gradle	2026-06-06T12:24:48.2781822Z C/C++: Not considering ANDROID_NDK_HOME because support was removed after deprecation period.
build	Build with Gradle	2026-06-06T12:24:48.2783981Z C/C++: sdkFolder is /usr/local/lib/android/sdk
build	Build with Gradle	2026-06-06T12:24:48.2786198Z Unable to extract native debug metadata from /home/runner/work/ShizukuPlus/ShizukuPlus/manager/build/intermediates/merged_native_libs/release/mergeReleaseNativeLibs/out/lib/arm64-v8a/librish.so because the native debug metadata has already been stripped.
build	Build with Gradle	2026-06-06T12:24:48.2790176Z Unable to extract native debug metadata from /home/runner/work/ShizukuPlus/ShizukuPlus/manager/build/intermediates/merged_native_libs/release/mergeReleaseNativeLibs/out/lib/arm64-v8a/libadb.so because the native debug metadata has already been stripped.
build	Build with Gradle	2026-06-06T12:24:48.2793439Z Unable to extract native debug metadata from /home/runner/work/ShizukuPlus/ShizukuPlus/manager/build/intermediates/merged_native_libs/release/mergeReleaseNativeLibs/out/lib/arm64-v8a/libshizuku.so because the native debug metadata has already been stripped.
build	Build with Gradle	2026-06-06T12:24:48.2797592Z Unable to extract native debug metadata from /home/runner/work/ShizukuPlus/ShizukuPlus/manager/build/intermediates/merged_native_libs/release/mergeReleaseNativeLibs/out/lib/x86/librish.so because the native debug metadata has already been stripped.
build	Build with Gradle	2026-06-06T12:24:48.2801063Z Unable to extract native debug metadata from /home/runner/work/ShizukuPlus/ShizukuPlus/manager/build/intermediates/merged_native_libs/release/mergeReleaseNativeLibs/out/lib/x86/libadb.so because the native debug metadata has already been stripped.
build	Build with Gradle	2026-06-06T12:24:48.2805768Z Unable to extract native debug metadata from /home/runner/work/ShizukuPlus/ShizukuPlus/manager/build/intermediates/merged_native_libs/release/mergeReleaseNativeLibs/out/lib/x86/libshizuku.so because the native debug metadata has already been stripped.
build	Build with Gradle	2026-06-06T12:24:48.2810181Z Unable to extract native debug metadata from /home/runner/work/ShizukuPlus/ShizukuPlus/manager/build/intermediates/merged_native_libs/release/mergeReleaseNativeLibs/out/lib/x86_64/librish.so because the native debug metadata has already been stripped.
build	Build with Gradle	2026-06-06T12:24:48.2813810Z Unable to extract native debug metadata from /home/runner/work/ShizukuPlus/ShizukuPlus/manager/build/intermediates/merged_native_libs/release/mergeReleaseNativeLibs/out/lib/x86_64/libadb.so because the native debug metadata has already been stripped.
build	Build with Gradle	2026-06-06T12:24:48.2817200Z Unable to extract native debug metadata from /home/runner/work/ShizukuPlus/ShizukuPlus/manager/build/intermediates/merged_native_libs/release/mergeReleaseNativeLibs/out/lib/x86_64/libshizuku.so because the native debug metadata has already been stripped.
build	Build with Gradle	2026-06-06T12:24:48.2820906Z Unable to extract native debug metadata from /home/runner/work/ShizukuPlus/ShizukuPlus/manager/build/intermediates/merged_native_libs/release/mergeReleaseNativeLibs/out/lib/armeabi-v7a/librish.so because the native debug metadata has already been stripped.
build	Build with Gradle	2026-06-06T12:24:48.2824730Z Unable to extract native debug metadata from /home/runner/work/ShizukuPlus/ShizukuPlus/manager/build/intermediates/merged_native_libs/release/mergeReleaseNativeLibs/out/lib/armeabi-v7a/libadb.so because the native debug metadata has already been stripped.
build	Build with Gradle	2026-06-06T12:24:48.2829435Z Unable to extract native debug metadata from /home/runner/work/ShizukuPlus/ShizukuPlus/manager/build/intermediates/merged_native_libs/release/mergeReleaseNativeLibs/out/lib/armeabi-v7a/libshizuku.so because the native debug metadata has already been stripped.
build	Build with Gradle	2026-06-06T12:24:48.2832155Z Stored cache entry for task ':manager:extractReleaseNativeSymbolTables' with cache key a91dc24209e3f59c7a4267a6d5b0a180
build	Build with Gradle	2026-06-06T12:24:48.3763893Z Resolve mutations for :manager:mergeReleaseNativeDebugMetadata (Thread[#162,Execution worker Thread 3,5,main]) started.
build	Build with Gradle	2026-06-06T12:24:48.3810065Z :manager:mergeReleaseNativeDebugMetadata (Thread[#159,included builds,5,main]) started.
build	Build with Gradle	2026-06-06T12:24:48.3811398Z 
build	Build with Gradle	2026-06-06T12:24:48.3813928Z > Task :manager:mergeReleaseNativeDebugMetadata NO-SOURCE
build	Build with Gradle	2026-06-06T12:24:48.3823716Z Skipping task ':manager:mergeReleaseNativeDebugMetadata' as it has no source files and no previous output files.
build	Build with Gradle	2026-06-06T12:24:48.3825758Z Resolve mutations for :manager:checkKotlinGradlePluginConfigurationErrors (Thread[#159,included builds,5,main]) started.
build	Build with Gradle	2026-06-06T12:24:48.3828031Z :manager:checkKotlinGradlePluginConfigurationErrors (Thread[#159,included builds,5,main]) started.
build	Build with Gradle	2026-06-06T12:24:48.3829179Z 
build	Build with Gradle	2026-06-06T12:24:48.3829736Z > Task :manager:checkKotlinGradlePluginConfigurationErrors SKIPPED
build	Build with Gradle	2026-06-06T12:24:48.3831141Z Skipping task ':manager:checkKotlinGradlePluginConfigurationErrors' as task onlyIf 'errorDiagnostics are present' is false.
build	Build with Gradle	2026-06-06T12:24:48.3833075Z Resolve mutations for :manager:dataBindingMergeDependencyArtifactsRelease (Thread[#159,included builds,5,main]) started.
build	Build with Gradle	2026-06-06T12:24:48.3834830Z :manager:dataBindingMergeDependencyArtifactsRelease (Thread[#159,included builds,5,main]) started.
build	Build with Gradle	2026-06-06T12:24:48.4761970Z 
build	Build with Gradle	2026-06-06T12:24:48.4764366Z > Task :manager:compileReleaseAidl
build	Build with Gradle	2026-06-06T12:24:48.4765780Z Caching disabled for AarTransform: /home/runner/.gradle/caches/8.14/transforms/693c054b9b80dbf8007dadbf97a7b615/transformed/viewbinding-8.11.1 because:
build	Build with Gradle	2026-06-06T12:24:48.4771917Z   Caching not enabled.
build	Build with Gradle	2026-06-06T12:24:48.4773363Z Caching disabled for AarTransform: /home/runner/.gradle/caches/8.14/transforms/71aa5bf0c4580977b2f3abf550a82d0e/transformed/preference-ktx-1.2.1 because:
build	Build with Gradle	2026-06-06T12:24:48.4774729Z   Caching not enabled.
build	Build with Gradle	2026-06-06T12:24:48.4775777Z Caching disabled for AarTransform: /home/runner/.gradle/caches/8.14/transforms/f85a8706e3d3bf4df310b1b8ed66a067/transformed/material-2.7.2 because:
build	Build with Gradle	2026-06-06T12:24:48.4776860Z   Caching not enabled.
build	Build with Gradle	2026-06-06T12:24:48.4778342Z Caching disabled for AarTransform: /home/runner/.gradle/caches/8.14/transforms/373e825be4973449db84049594b600ab/transformed/material-preference-2.0.0-release because:
build	Build with Gradle	2026-06-06T12:24:48.4784608Z   Caching not enabled.
build	Build with Gradle	2026-06-06T12:24:48.4785747Z Caching disabled for AarTransform: /home/runner/.gradle/caches/8.14/transforms/a6084efd8e6c9ff951c8e72453f81ad6/transformed/material-1.14.0-beta01 because:
build	Build with Gradle	2026-06-06T12:24:48.4787063Z   Caching not enabled.
build	Build with Gradle	2026-06-06T12:24:48.4788445Z Caching disabled for AarTransform: /home/runner/.gradle/caches/8.14/transforms/efa565396efa7c69fa280f54041abb1e/transformed/appcompat-1.6.1 because:
build	Build with Gradle	2026-06-06T12:24:48.4789607Z   Caching not enabled.
build	Build with Gradle	2026-06-06T12:24:48.4790647Z Caching disabled for AarTransform: /home/runner/.gradle/caches/8.14/transforms/438de03543f1a14021d179b045f7057a/transformed/koin-android-4.0.2 because:
build	Build with Gradle	2026-06-06T12:24:48.4791775Z   Caching not enabled.
build	Build with Gradle	2026-06-06T12:24:48.4793042Z Caching disabled for AarTransform: /home/runner/.gradle/caches/8.14/transforms/8187c6742a7c5d0b27744cebd6b9554f/transformed/biometric-ktx-1.2.0-alpha05 because:
build	Build with Gradle	2026-06-06T12:24:48.4794326Z   Caching not enabled.
build	Build with Gradle	2026-06-06T12:24:48.4795401Z Caching disabled for AarTransform: /home/runner/.gradle/caches/8.14/transforms/d898ed95f395a2f368d4bc758e4d1887/transformed/biometric-1.2.0-alpha05 because:
build	Build with Gradle	2026-06-06T12:24:48.4803910Z   Caching not enabled.
build	Build with Gradle	2026-06-06T12:24:48.4805171Z Caching disabled for AarTransform: /home/runner/.gradle/caches/8.14/transforms/59fa63435223e05f0b1b82e5b0b01ed7/transformed/viewpager2-1.1.0-beta02 because:
build	Build with Gradle	2026-06-06T12:24:48.4806445Z   Caching not enabled.
build	Build with Gradle	2026-06-06T12:24:48.4807661Z Caching disabled for AarTransform: /home/runner/.gradle/caches/8.14/transforms/3496351281a372f59379614fd15c5436/transformed/fragment-1.8.7 because:
build	Build with Gradle	2026-06-06T12:24:48.4809062Z   Caching not enabled.
build	Build with Gradle	2026-06-06T12:24:48.4810151Z Caching disabled for AarTransform: /home/runner/.gradle/caches/8.14/transforms/a8ffae57e8eb844c745e6c38f24a5dc3/transformed/preference-1.2.1 because:
build	Build with Gradle	2026-06-06T12:24:48.4811243Z   Caching not enabled.
build	Build with Gradle	2026-06-06T12:24:48.4812491Z Caching disabled for AarTransform: /home/runner/.gradle/caches/8.14/transforms/aab493d2bbab5d087a023e9183eede9c/transformed/fragment-ktx-1.8.7 because:
build	Build with Gradle	2026-06-06T12:24:48.4816839Z   Caching not enabled.
build	Build with Gradle	2026-06-06T12:24:48.4818090Z Caching disabled for AarTransform: /home/runner/.gradle/caches/8.14/transforms/2c8372c00787b5e2af17c392510a0378/transformed/mavericks-3.0.9 because:
build	Build with Gradle	2026-06-06T12:24:48.4819364Z   Caching not enabled.
build	Build with Gradle	2026-06-06T12:24:48.4820629Z Caching disabled for AarTransform: /home/runner/.gradle/caches/8.14/transforms/62937f105bc4a976ca99fc29e59f8d0f/transformed/activity-1.10.0 because:
build	Build with Gradle	2026-06-06T12:24:48.4822090Z   Caching not enabled.
build	Build with Gradle	2026-06-06T12:24:48.4823409Z Caching disabled for AarTransform: /home/runner/.gradle/caches/8.14/transforms/b7a112fda39b8abfdc2cbb450e5f2f1a/transformed/activity-ktx-1.10.0 because:
build	Build with Gradle	2026-06-06T12:24:48.4824552Z   Caching not enabled.
build	Build with Gradle	2026-06-06T12:24:48.4825784Z Caching disabled for AarTransform: /home/runner/.gradle/caches/8.14/transforms/d39b45e93aa24a0297878e1eb336ea9a/transformed/loader-1.0.0 because:
build	Build with Gradle	2026-06-06T12:24:48.4827839Z   Caching not enabled.
build	Build with Gradle	2026-06-06T12:24:48.4829071Z Caching disabled for AarTransform: /home/runner/.gradle/caches/8.14/transforms/2b232f7e90ed539739f2c0f2684a06f8/transformed/browser-1.8.0 because:
build	Build with Gradle	2026-06-06T12:24:48.4830506Z   Caching not enabled.
build	Build with Gradle	2026-06-06T12:24:48.4831759Z Caching disabled for AarTransform: /home/runner/.gradle/caches/8.14/transforms/06bc399dfe425f0f5114ba44e76c1318/transformed/lifecycle-viewmodel-savedstate-release because:
build	Build with Gradle	2026-06-06T12:24:48.4833008Z   Caching not enabled.
build	Build with Gradle	2026-06-06T12:24:48.4834210Z Caching disabled for AarTransform: /home/runner/.gradle/caches/8.14/transforms/d4dcb12619daf48292cb973faf4c0937/transformed/core-bundle-release because:
build	Build with Gradle	2026-06-06T12:24:48.4835336Z   Caching not enabled.
build	Build with Gradle	2026-06-06T12:24:48.4836349Z Caching disabled for AarTransform: /home/runner/.gradle/caches/8.14/transforms/029a61c97118f0c834c270c0dd5c56c8/transformed/core-ktx-1.16.0 because:
build	Build with Gradle	2026-06-06T12:24:48.4837668Z   Caching not enabled.
build	Build with Gradle	2026-06-06T12:24:48.4838747Z Caching disabled for AarTransform: /home/runner/.gradle/caches/8.14/transforms/91cba946f7f9db0abb582361d2b98175/transformed/recyclerview-1.4.0 because:
build	Build with Gradle	2026-06-06T12:24:48.4840115Z   Caching not enabled.
build	Build with Gradle	2026-06-06T12:24:48.4841337Z Caching disabled for AarTransform: /home/runner/.gradle/caches/8.14/transforms/38973380b257061575958cac22670390/transformed/dynamicanimation-1.1.0 because:
build	Build with Gradle	2026-06-06T12:24:48.4845773Z   Caching not enabled.
build	Build with Gradle	2026-06-06T12:24:48.4847153Z Caching disabled for AarTransform: /home/runner/.gradle/caches/8.14/transforms/33de77d114239838176c165bd9600680/transformed/coordinatorlayout-1.1.0 because:
build	Build with Gradle	2026-06-06T12:24:48.4848632Z   Caching not enabled.
build	Build with Gradle	2026-06-06T12:24:48.4849845Z Caching disabled for AarTransform: /home/runner/.gradle/caches/8.14/transforms/9a6f8cbb6346f3bbb1b98d5903fb48b2/transformed/drawerlayout-1.1.1 because:
build	Build with Gradle	2026-06-06T12:24:48.4851188Z   Caching not enabled.
build	Build with Gradle	2026-06-06T12:24:48.4852458Z Caching disabled for AarTransform: /home/runner/.gradle/caches/8.14/transforms/87467c3c8cd81c6f0e30cc7811d9c0e9/transformed/slidingpanelayout-1.2.0 because:
build	Build with Gradle	2026-06-06T12:24:48.4864878Z   Caching not enabled.
build	Build with Gradle	2026-06-06T12:24:48.4872801Z Caching disabled for AarTransform: /home/runner/.gradle/caches/8.14/transforms/f32932b768c1c383327c110c6e2f2a04/transformed/viewpager-1.0.0 because:
build	Build with Gradle	2026-06-06T12:24:48.4877347Z   Caching not enabled.
build	Build with Gradle	2026-06-06T12:24:48.4878773Z Caching disabled for AarTransform: /home/runner/.gradle/caches/8.14/transforms/2a1f64bb05593b70cb9126021244d174/transformed/customview-1.2.0 because:
build	Build with Gradle	2026-06-06T12:24:48.4880127Z   Caching not enabled.
build	Build with Gradle	2026-06-06T12:24:48.4881404Z Caching disabled for AarTransform: /home/runner/.gradle/caches/8.14/transforms/47fd96da264051fc240ce38134bdde10/transformed/work-runtime-ktx-2.10.4 because:
build	Build with Gradle	2026-06-06T12:24:48.4882797Z   Caching not enabled.
build	Build with Gradle	2026-06-06T12:24:48.4884044Z Caching disabled for AarTransform: /home/runner/.gradle/caches/8.14/transforms/ff46523a05730a3410b3d43ab7271bd0/transformed/work-runtime-2.10.4 because:
build	Build with Gradle	2026-06-06T12:24:48.4885385Z   Caching not enabled.
build	Build with Gradle	2026-06-06T12:24:48.4886619Z Caching disabled for AarTransform: /home/runner/.gradle/caches/8.14/transforms/9269236a44d4e397a31d652dc8841c2d/transformed/transition-ktx-1.5.1 because:
build	Build with Gradle	2026-06-06T12:24:48.4888059Z   Caching not enabled.
build	Build with Gradle	2026-06-06T12:24:48.4889180Z Caching disabled for AarTransform: /home/runner/.gradle/caches/8.14/transforms/9459b44028168fbe53c4da77adee3cad/transformed/transition-1.5.1 because:
build	Build with Gradle	2026-06-06T12:24:48.4890272Z   Caching not enabled.
build	Build with Gradle	2026-06-06T12:24:48.4891573Z Caching disabled for AarTransform: /home/runner/.gradle/caches/8.14/transforms/f7a09b5d37e172440771a3c367250518/transformed/appcompat-resources-1.7.1 because:
build	Build with Gradle	2026-06-06T12:24:48.4905573Z   Caching not enabled.
build	Build with Gradle	2026-06-06T12:24:48.4907002Z Caching disabled for AarTransform: /home/runner/.gradle/caches/8.14/transforms/d697b5d8b45978ec3a98ef1655ea06c8/transformed/vectordrawable-animated-1.1.0 because:
build	Build with Gradle	2026-06-06T12:24:48.4908752Z   Caching not enabled.
build	Build with Gradle	2026-06-06T12:24:48.4909888Z Caching disabled for AarTransform: /home/runner/.gradle/caches/8.14/transforms/dc0275561321685487c64fd075a63c35/transformed/vectordrawable-1.1.0 because:
build	Build with Gradle	2026-06-06T12:24:48.4910963Z   Caching not enabled.
build	Build with Gradle	2026-06-06T12:24:48.4912046Z Caching disabled for AarTransform: /home/runner/.gradle/caches/8.14/transforms/f44317b6b582e3df5afb18620edd3775/transformed/swiperefreshlayout-1.1.0 because:
build	Build with Gradle	2026-06-06T12:24:48.4913247Z   Caching not enabled.
build	Build with Gradle	2026-06-06T12:24:48.4914638Z Caching disabled for AarTransform: /home/runner/.gradle/caches/8.14/transforms/a18f3e8414f2ba4eb382dd01375ab089/transformed/core-1.16.0 because:
build	Build with Gradle	2026-06-06T12:24:48.4915882Z   Caching not enabled.
build	Build with Gradle	2026-06-06T12:24:48.4917088Z Caching disabled for AarTransform: /home/runner/.gradle/caches/8.14/transforms/c62f2b60b2174dbc2c05823d7d6abfaa/transformed/coil-network-okhttp because:
build	Build with Gradle	2026-06-06T12:24:48.4918599Z   Caching not enabled.
build	Build with Gradle	2026-06-06T12:24:48.4919743Z Caching disabled for AarTransform: /home/runner/.gradle/caches/8.14/transforms/d49708ff39937cf2dc8a5d58ef34d065/transformed/coil-network-core because:
build	Build with Gradle	2026-06-06T12:24:48.4920987Z   Caching not enabled.
build	Build with Gradle	2026-06-06T12:24:48.4922013Z Caching disabled for AarTransform: /home/runner/.gradle/caches/8.14/transforms/33b1fc6b3ef6a3214537aeecc8df60ab/transformed/coil because:
build	Build with Gradle	2026-06-06T12:24:48.4923182Z   Caching not enabled.
build	Build with Gradle	2026-06-06T12:24:48.4924273Z Caching disabled for AarTransform: /home/runner/.gradle/caches/8.14/transforms/d8facd787edaf28a58d8c622a9331078/transformed/coil-core because:
build	Build with Gradle	2026-06-06T12:24:48.4925608Z   Caching not enabled.
build	Build with Gradle	2026-06-06T12:24:48.4926878Z Caching disabled for AarTransform: /home/runner/.gradle/caches/8.14/transforms/5cdb323f179a5400d9eac68baef40b22/transformed/lifecycle-runtime-release because:
build	Build with Gradle	2026-06-06T12:24:48.4928171Z   Caching not enabled.
build	Build with Gradle	2026-06-06T12:24:48.4929230Z Caching disabled for AarTransform: /home/runner/.gradle/caches/8.14/transforms/0c66718d94e4554cab2f7d8334723d4c/transformed/lifecycle-viewmodel-2.9.4 because:
build	Build with Gradle	2026-06-06T12:24:48.4930366Z   Caching not enabled.
build	Build with Gradle	2026-06-06T12:24:48.4931576Z Caching disabled for AarTransform: /home/runner/.gradle/caches/8.14/transforms/20f00e5ccb0364701481c3adff0c0022/transformed/lifecycle-viewmodel-release because:
build	Build with Gradle	2026-06-06T12:24:48.4932944Z   Caching not enabled.
build	Build with Gradle	2026-06-06T12:24:48.4934159Z Caching disabled for AarTransform: /home/runner/.gradle/caches/8.14/transforms/6fe02a9c6bc1a8d677661f17a75652df/transformed/lifecycle-livedata-core-2.9.4 because:
build	Build with Gradle	2026-06-06T12:24:48.4935458Z   Caching not enabled.
build	Build with Gradle	2026-06-06T12:24:48.4936653Z Caching disabled for AarTransform: /home/runner/.gradle/caches/8.14/transforms/045e1f63699bdc1710b726e46c8c703d/transformed/lifecycle-runtime-ktx because:
build	Build with Gradle	2026-06-06T12:24:48.4938211Z   Caching not enabled.
build	Build with Gradle	2026-06-06T12:24:48.4939556Z Caching disabled for AarTransform: /home/runner/.gradle/caches/8.14/transforms/0bbb0e176c4adaced1da8fc8c45f5f69/transformed/lifecycle-livedata-2.9.4 because:
build	Build with Gradle	2026-06-06T12:24:48.4940865Z   Caching not enabled.
build	Build with Gradle	2026-06-06T12:24:48.4942146Z Caching disabled for AarTransform: /home/runner/.gradle/caches/8.14/transforms/86daf15fa6531778dc0ccc1fef270dd4/transformed/lifecycle-livedata-core-ktx-2.9.4 because:
build	Build with Gradle	2026-06-06T12:24:48.4943453Z   Caching not enabled.
build	Build with Gradle	2026-06-06T12:24:48.4944825Z Caching disabled for AarTransform: /home/runner/.gradle/caches/8.14/transforms/dc0568acb601ada223da268dc89d9a1a/transformed/lifecycle-livedata-ktx-2.9.4 because:
build	Build with Gradle	2026-06-06T12:24:48.4947207Z   Caching not enabled.
build	Build with Gradle	2026-06-06T12:24:48.4948065Z Caching disabled for AarTransform: /home/runner/.gradle/caches/8.14/transforms/0a9f0b23f2ae3b3d671937d923da2cba/transformed/glance-appwidget-1.1.1 because:
build	Build with Gradle	2026-06-06T12:24:48.4949096Z   Caching not enabled.
build	Build with Gradle	2026-06-06T12:24:48.4950107Z Caching disabled for AarTransform: /home/runner/.gradle/caches/8.14/transforms/ef0d0ada300b662b4bc2dcd561c4ab70/transformed/lifecycle-viewmodel-ktx-2.9.4 because:
build	Build with Gradle	2026-06-06T12:24:48.4951084Z   Caching not enabled.
build	Build with Gradle	2026-06-06T12:24:48.4951832Z Caching disabled for AarTransform: /home/runner/.gradle/caches/8.14/transforms/5c7bf891ae70d7d08b7f06ccb140fad8/transformed/glance-1.1.1 because:
build	Build with Gradle	2026-06-06T12:24:48.4952678Z   Caching not enabled.
build	Build with Gradle	2026-06-06T12:24:48.4953695Z Caching disabled for AarTransform: /home/runner/.gradle/caches/8.14/transforms/8c7c9a78376cd260d7272a1fac1507a0/transformed/datastore-preferences-1.0.0 because:
build	Build with Gradle	2026-06-06T12:24:48.4954846Z   Caching not enabled.
build	Build with Gradle	2026-06-06T12:24:48.4955503Z Caching disabled for AarTransform: /home/runner/.gradle/caches/8.14/transforms/615878ae3b772c18093f4d9e3e195a20/transformed/datastore-1.0.0 because:
build	Build with Gradle	2026-06-06T12:24:48.4956247Z   Caching not enabled.
build	Build with Gradle	2026-06-06T12:24:48.4956885Z Caching disabled for AarTransform: /home/runner/.gradle/caches/8.14/transforms/0f268d830baf1b2adb315c1349db4113/transformed/savedstate-ktx-1.3.1 because:
build	Build with Gradle	2026-06-06T12:24:48.4958143Z   Caching not enabled.
build	Build with Gradle	2026-06-06T12:24:48.4959158Z Caching disabled for AarTransform: /home/runner/.gradle/caches/8.14/transforms/f85fca100dc1cfb9faf4b8055f4a62e9/transformed/savedstate-release because:
build	Build with Gradle	2026-06-06T12:24:48.4960204Z   Caching not enabled.
build	Build with Gradle	2026-06-06T12:24:48.4961140Z Caching disabled for AarTransform: /home/runner/.gradle/caches/8.14/transforms/a0f2f8571a731d673f1339b181103682/transformed/room-runtime-2.6.1 because:
build	Build with Gradle	2026-06-06T12:24:48.4962191Z   Caching not enabled.
build	Build with Gradle	2026-06-06T12:24:48.4963198Z Caching disabled for AarTransform: /home/runner/.gradle/caches/8.14/transforms/b7f54caf5fd601a6753bed9729e1530e/transformed/room-ktx-2.6.1 because:
build	Build with Gradle	2026-06-06T12:24:48.4964254Z   Caching not enabled.
build	Build with Gradle	2026-06-06T12:24:48.4965282Z Caching disabled for AarTransform: /home/runner/.gradle/caches/8.14/transforms/b1caf7903885e6dfd466268b50bb28e5/transformed/core-splashscreen-1.0.1 because:
build	Build with Gradle	2026-06-06T12:24:48.4966430Z   Caching not enabled.
build	Build with Gradle	2026-06-06T12:24:48.4982944Z Caching disabled for AarTransform: /home/runner/.gradle/caches/8.14/transforms/f9239a1ba9edcb911ae9670e7877c906/transformed/runtime-1.2.1 because:
build	Build with Gradle	2026-06-06T12:24:48.4984385Z   Caching not enabled.
build	Build with Gradle	2026-06-06T12:24:48.4985492Z Caching disabled for AarTransform: /home/runner/.gradle/caches/8.14/transforms/c2631671ecbd3d95bfc540fb5557d230/transformed/core-remoteviews-1.1.0 because:
build	Build with Gradle	2026-06-06T12:24:48.4986658Z   Caching not enabled.
build	Build with Gradle	2026-06-06T12:24:48.4987940Z Caching disabled for AarTransform: /home/runner/.gradle/caches/8.14/transforms/ab00c267663707e20a9c28832bd574a2/transformed/timber-5.0.1 because:
build	Build with Gradle	2026-06-06T12:24:48.4989042Z   Caching not enabled.
build	Build with Gradle	2026-06-06T12:24:48.4990120Z Caching disabled for AarTransform: /home/runner/.gradle/caches/8.14/transforms/f59af9a0eace077f0e9ad35c903edb0e/transformed/html-ktx-1.1.2 because:
build	Build with Gradle	2026-06-06T12:24:48.4991327Z   Caching not enabled.
build	Build with Gradle	2026-06-06T12:24:48.4992450Z Caching disabled for AarTransform: /home/runner/.gradle/caches/8.14/transforms/6589a5b496d2f82dfc01f076eae8bbc4/transformed/core-ktx-1.4.1-release because:
build	Build with Gradle	2026-06-06T12:24:48.4993638Z   Caching not enabled.
build	Build with Gradle	2026-06-06T12:24:48.4994725Z Caching disabled for AarTransform: /home/runner/.gradle/caches/8.14/transforms/338cbb5a6afddf9796ee1bfc02c64c98/transformed/recyclerview-ktx-1.3.2 because:
build	Build with Gradle	2026-06-06T12:24:48.4995989Z   Caching not enabled.
build	Build with Gradle	2026-06-06T12:24:48.4997148Z Caching disabled for AarTransform: /home/runner/.gradle/caches/8.14/transforms/30676eef3dc22ac269337397d20f7f25/transformed/insets-1.3.0-release because:
build	Build with Gradle	2026-06-06T12:24:48.4998531Z   Caching not enabled.
build	Build with Gradle	2026-06-06T12:24:48.4999870Z Caching disabled for AarTransform: /home/runner/.gradle/caches/8.14/transforms/0380dce5195f95e6e343462acaffc231/transformed/lifecycle-resource-livedata-1.0.1-release because:
build	Build with Gradle	2026-06-06T12:24:48.5001475Z   Caching not enabled.
build	Build with Gradle	2026-06-06T12:24:48.5002738Z Caching disabled for AarTransform: /home/runner/.gradle/caches/8.14/transforms/b63ec3c1af75a7e3e11e00b71c5d2f13/transformed/annotation-experimental-1.4.1 because:
build	Build with Gradle	2026-06-06T12:24:48.5004044Z   Caching not enabled.
build	Build with Gradle	2026-06-06T12:24:48.5005266Z Caching disabled for AarTransform: /home/runner/.gradle/caches/8.14/transforms/5e76c393bb448bcfa0655c68ec471020/transformed/aboutlibraries-core-release because:
build	Build with Gradle	2026-06-06T12:24:48.5006787Z   Caching not enabled.
build	Build with Gradle	2026-06-06T12:24:48.5008047Z Caching disabled for AarTransform: /home/runner/.gradle/caches/8.14/transforms/15a46fdad85d2cb7e7c637ba2a744a05/transformed/interpolator-1.0.0 because:
build	Build with Gradle	2026-06-06T12:24:48.5009307Z   Caching not enabled.
build	Build with Gradle	2026-06-06T12:24:48.5010439Z Caching disabled for AarTransform: /home/runner/.gradle/caches/8.14/transforms/6afc1b2f65d907779fd871415079443b/transformed/ui-graphics-1.1.1 because:
build	Build with Gradle	2026-06-06T12:24:48.5011661Z   Caching not enabled.
build	Build with Gradle	2026-06-06T12:24:48.5012797Z Caching disabled for AarTransform: /home/runner/.gradle/caches/8.14/transforms/b2e7fb1ff7f260dce39e55cb27088efd/transformed/cardview-1.0.0 because:
build	Build with Gradle	2026-06-06T12:24:48.5014084Z   Caching not enabled.
build	Build with Gradle	2026-06-06T12:24:48.5015167Z Caching disabled for AarTransform: /home/runner/.gradle/caches/8.14/transforms/eb0c0593968df75a68be86f7d6f56e03/transformed/ui-unit-1.1.1 because:
build	Build with Gradle	2026-06-06T12:24:48.5016186Z   Caching not enabled.
build	Build with Gradle	2026-06-06T12:24:48.5017273Z Caching disabled for AarTransform: /home/runner/.gradle/caches/8.14/transforms/af1849ac59ea9b10c0df81a67570c855/transformed/cursoradapter-1.0.0 because:
build	Build with Gradle	2026-06-06T12:24:48.5018555Z   Caching not enabled.
build	Build with Gradle	2026-06-06T12:24:48.5019641Z Caching disabled for AarTransform: /home/runner/.gradle/caches/8.14/transforms/82c33335d6daf0ba2c2d3106c603ebc3/transformed/sqlite-framework-2.4.0 because:
build	Build with Gradle	2026-06-06T12:24:48.5020828Z   Caching not enabled.
build	Build with Gradle	2026-06-06T12:24:48.5021888Z Caching disabled for AarTransform: /home/runner/.gradle/caches/8.14/transforms/f5dc25b733d8c7664560d889ae0ff956/transformed/sqlite-2.4.0 because:
build	Build with Gradle	2026-06-06T12:24:48.5022949Z   Caching not enabled.
build	Build with Gradle	2026-06-06T12:24:48.5024139Z Caching disabled for AarTransform: /home/runner/.gradle/caches/8.14/transforms/eec55b2add6457c8fb902795cbf8eedc/transformed/versionedparcelable-1.1.1 because:
build	Build with Gradle	2026-06-06T12:24:48.5025425Z   Caching not enabled.
build	Build with Gradle	2026-06-06T12:24:48.5026637Z Caching disabled for AarTransform: /home/runner/.gradle/caches/8.14/transforms/9a0af10b7d6a004c0dde0da7908916e8/transformed/core-runtime-2.2.0 because:
build	Build with Gradle	2026-06-06T12:24:48.5027993Z   Caching not enabled.
build	Build with Gradle	2026-06-06T12:24:48.5029132Z Caching disabled for AarTransform: /home/runner/.gradle/caches/8.14/transforms/e243041e7dbb74197d5bc00e0943bf6a/transformed/ui-geometry-1.1.1 because:
build	Build with Gradle	2026-06-06T12:24:48.5030617Z   Caching not enabled.
build	Build with Gradle	2026-06-06T12:24:48.5031713Z Caching disabled for AarTransform: /home/runner/.gradle/caches/8.14/transforms/978962270e5cad713dc7d4c9033320a2/transformed/stub-4.4.0 because:
build	Build with Gradle	2026-06-06T12:24:48.5032868Z   Caching not enabled.
build	Build with Gradle	2026-06-06T12:24:48.5033964Z Caching disabled for AarTransform: /home/runner/.gradle/caches/8.14/transforms/93e5dd5bd02503c2c463051d8428f6c3/transformed/compat-4.4.0 because:
build	Build with Gradle	2026-06-06T12:24:48.5035135Z   Caching not enabled.
build	Build with Gradle	2026-06-06T12:24:48.5036294Z Caching disabled for AarTransform: /home/runner/.gradle/caches/8.14/transforms/a203a862f516367cac65cc0033ada510/transformed/core-viewtree-1.0.0 because:
build	Build with Gradle	2026-06-06T12:24:48.5037610Z   Caching not enabled.
build	Build with Gradle	2026-06-06T12:24:48.5038659Z Caching disabled for AarTransform: /home/runner/.gradle/caches/8.14/transforms/fdd7a2f71d98268b12d6291e62912d0b/transformed/lottie-6.6.2 because:
build	Build with Gradle	2026-06-06T12:24:48.5039637Z   Caching not enabled.
build	Build with Gradle	2026-06-06T12:24:48.5040619Z Caching disabled for AarTransform: /home/runner/.gradle/caches/8.14/transforms/5d7fa8ac1f6ab741b32c1fc4bc71bdf6/transformed/compatibility-2.0.0 because:
build	Build with Gradle	2026-06-06T12:24:48.5041761Z   Caching not enabled.
build	Build with Gradle	2026-06-06T12:24:48.5042805Z Caching disabled for AarTransform: /home/runner/.gradle/caches/8.14/transforms/f16a35ef33f3a5860c0cc8532fe5dc8c/transformed/core-6.0.0 because:
build	Build with Gradle	2026-06-06T12:24:48.5044116Z   Caching not enabled.
build	Build with Gradle	2026-06-06T12:24:48.5045295Z Caching disabled for AarTransform: /home/runner/.gradle/caches/8.14/transforms/2c263715c01736e27b196a80ad5b1fdb/transformed/recyclerview-adapter-1.3.0 because:
build	Build with Gradle	2026-06-06T12:24:48.5046464Z   Caching not enabled.
build	Build with Gradle	2026-06-06T12:24:48.5047717Z Caching disabled for AarTransform: /home/runner/.gradle/caches/8.14/transforms/6a51a01fd16264a83e0f0feeab00d6ea/transformed/layoutinflater-1.3.0 because:
build	Build with Gradle	2026-06-06T12:24:48.5049088Z   Caching not enabled.
build	Build with Gradle	2026-06-06T12:24:48.5050201Z Caching disabled for AarTransform: /home/runner/.gradle/caches/8.14/transforms/c0673a6896f886d42be301918536c345/transformed/boringssl-20250114 because:
build	Build with Gradle	2026-06-06T12:24:48.5051362Z   Caching not enabled.
build	Build with Gradle	2026-06-06T12:24:48.5052552Z Caching disabled for AarTransform: /home/runner/.gradle/caches/8.14/transforms/4d1f2d6f8fcd4d0456ade74253b328dd/transformed/simplemenu-preference-1.0.3 because:
build	Build with Gradle	2026-06-06T12:24:48.5053805Z   Caching not enabled.
build	Build with Gradle	2026-06-06T12:24:48.5055064Z Caching disabled for AarTransform: /home/runner/.gradle/caches/8.14/transforms/0229dbc9f57fa8133a9f500f70fe76a8/transformed/libcxx-27.0.12077973 because:
build	Build with Gradle	2026-06-06T12:24:48.5056250Z   Caching not enabled.
build	Build with Gradle	2026-06-06T12:24:48.5057497Z Caching disabled for AarTransform: /home/runner/.gradle/caches/8.14/transforms/b966c438ee1e24a5a0e1926959b61a2d/transformed/hiddenapibypass-6.1 because:
build	Build with Gradle	2026-06-06T12:24:48.5058714Z   Caching not enabled.
build	Build with Gradle	2026-06-06T12:24:48.5059589Z Caching disabled for AarTransform: /home/runner/.gradle/caches/8.14/transforms/7cb87b818b30498bcde5bf59509b305b/transformed/appiconloader-1.5.0 because:
build	Build with Gradle	2026-06-06T12:24:48.5060239Z   Caching not enabled.
build	Build with Gradle	2026-06-06T12:24:48.5060874Z Caching disabled for AarTransform: /home/runner/.gradle/caches/8.14/transforms/f3104eb4796c3cb96709ee2563cfb750/transformed/sentry-android-core-8.40.0 because:
build	Build with Gradle	2026-06-06T12:24:48.5061554Z   Caching not enabled.
build	Build with Gradle	2026-06-06T12:24:48.5062210Z Caching disabled for AarTransform: /home/runner/.gradle/caches/8.14/transforms/966464b5816c63aee25736b13ab38709/transformed/sentry-android-fragment-8.40.0 because:
build	Build with Gradle	2026-06-06T12:24:48.5062891Z   Caching not enabled.
build	Build with Gradle	2026-06-06T12:24:48.5063656Z Caching disabled for AarTransform: /home/runner/.gradle/caches/8.14/transforms/bd37fa4ac9a923d774be35a04b675e9d/transformed/sentry-android-timber-8.40.0 because:
build	Build with Gradle	2026-06-06T12:24:48.5064883Z   Caching not enabled.
build	Build with Gradle	2026-06-06T12:24:48.5065971Z Caching disabled for AarTransform: /home/runner/.gradle/caches/8.14/transforms/ee981983fc55a7699435ecebe45f87ef/transformed/core-1.4.1-release because:
build	Build with Gradle	2026-06-06T12:24:48.5067135Z   Caching not enabled.
build	Build with Gradle	2026-06-06T12:24:48.5068374Z Caching disabled for AarTransform: /home/runner/.gradle/caches/8.14/transforms/a8b524143b57d8c2908f9c01f30efac2/transformed/sentry-compose-release because:
build	Build with Gradle	2026-06-06T12:24:48.5069600Z   Caching not enabled.
build	Build with Gradle	2026-06-06T12:24:48.5070786Z Caching disabled for AarTransform: /home/runner/.gradle/caches/8.14/transforms/a6341a3e8d2c382078fb8f297369ac51/transformed/sentry-android-sqlite-8.40.0 because:
build	Build with Gradle	2026-06-06T12:24:48.5072042Z   Caching not enabled.
build	Build with Gradle	2026-06-06T12:24:48.5073254Z Caching disabled for AarTransform: /home/runner/.gradle/caches/8.14/transforms/966144f595f2139b76140bbf274142f6/transformed/sentry-android-navigation-8.40.0 because:
build	Build with Gradle	2026-06-06T12:24:48.5074522Z   Caching not enabled.
build	Build with Gradle	2026-06-06T12:24:48.5075587Z Caching disabled for AarTransform: /home/runner/.gradle/caches/8.14/transforms/c3f1fba07658b0b59e408933ad000cab/transformed/startup-runtime-1.1.1 because:
build	Build with Gradle	2026-06-06T12:24:48.5076806Z   Caching not enabled.
build	Build with Gradle	2026-06-06T12:24:48.5078084Z Caching disabled for AarTransform: /home/runner/.gradle/caches/8.14/transforms/6e4c683cb074c37b2a51c2ee5db07733/transformed/constraintlayout-2.2.1 because:
build	Build with Gradle	2026-06-06T12:24:48.5079285Z   Caching not enabled.
build	Build with Gradle	2026-06-06T12:24:48.5080476Z Caching disabled for AarTransform: /home/runner/.gradle/caches/8.14/transforms/4b91b30cdde5ec990d4144c4990f3981/transformed/parcelablelist-2.0.1-release because:
build	Build with Gradle	2026-06-06T12:24:48.5081870Z   Caching not enabled.
build	Build with Gradle	2026-06-06T12:24:48.5082953Z Caching disabled for AarTransform: /home/runner/.gradle/caches/8.14/transforms/e5742399012525e0edda6cc8d9ad7262/transformed/html-1.1.2 because:
build	Build with Gradle	2026-06-06T12:24:48.5084049Z   Caching not enabled.
build	Build with Gradle	2026-06-06T12:24:48.5085208Z Caching disabled for AarTransform: /home/runner/.gradle/caches/8.14/transforms/c4288f6412f7c6bdcfe961d2f0efb4d2/transformed/graphics-shapes-release because:
build	Build with Gradle	2026-06-06T12:24:48.5086645Z   Caching not enabled.
build	Build with Gradle	2026-06-06T12:24:48.5087510Z Build cache key for task ':manager:compileReleaseAidl' is 10f02caa2a2b5e344980f9055e6fea81
build	Build with Gradle	2026-06-06T12:24:48.5088473Z Task ':manager:compileReleaseAidl' is not up-to-date because:
build	Build with Gradle	2026-06-06T12:24:48.5089149Z   No history is available.
build	Build with Gradle	2026-06-06T12:24:48.5096204Z Starting process 'command '/usr/local/lib/android/sdk/build-tools/35.0.0/aidl''. Working directory: /home/runner/work/ShizukuPlus/ShizukuPlus/manager Command: /usr/local/lib/android/sdk/build-tools/35.0.0/aidl -p/usr/local/lib/android/sdk/platforms/android-35/framework.aidl -o/home/runner/work/ShizukuPlus/ShizukuPlus/manager/build/generated/aidl_source_output_dir/release/out -I/home/runner/work/ShizukuPlus/ShizukuPlus/manager/src/main/aidl -I/home/runner/work/ShizukuPlus/ShizukuPlus/manager/src/release/aidl -I/home/runner/.gradle/caches/8.14/transforms/a18f3e8414f2ba4eb382dd01375ab089/transformed/core-1.16.0/aidl -I/home/runner/.gradle/caches/8.14/transforms/eec55b2add6457c8fb902795cbf8eedc/transformed/versionedparcelable-1.1.1/aidl -I/home/runner/.gradle/caches/8.14/transforms/4b91b30cdde5ec990d4144c4990f3981/transformed/parcelablelist-2.0.1-release/aidl -I/home/runner/work/ShizukuPlus/ShizukuPlus/api/aidl/build/intermediates/aidl_parcelable/release/compileReleaseAidl/out -d/tmp/aidl9983081998909908219.d /home/runner/work/ShizukuPlus/ShizukuPlus/manager/src/main/aidl/com/rosan/dhizuku/IDhizuku.aidl
build	Build with Gradle	2026-06-06T12:24:48.5104428Z Successfully started process 'command '/usr/local/lib/android/sdk/build-tools/35.0.0/aidl''
build	Build with Gradle	2026-06-06T12:24:48.5105673Z Stored cache entry for task ':manager:compileReleaseAidl' with cache key 10f02caa2a2b5e344980f9055e6fea81
build	Build with Gradle	2026-06-06T12:24:48.5751199Z Resolve mutations for :manager:generateReleaseAutoResConfigLocaleConfigRes (Thread[#161,Execution worker Thread 2,5,main]) started.
build	Build with Gradle	2026-06-06T12:24:48.5753496Z :manager:generateReleaseAutoResConfigLocaleConfigRes (Thread[#161,Execution worker Thread 2,5,main]) started.
build	Build with Gradle	2026-06-06T12:24:48.5766160Z 
build	Build with Gradle	2026-06-06T12:24:48.5766675Z > Task :manager:dataBindingMergeDependencyArtifactsRelease
build	Build with Gradle	2026-06-06T12:24:48.5768005Z Caching disabled for AarTransform: /home/runner/.gradle/caches/8.14/transforms/71aa5bf0c4580977b2f3abf550a82d0e/transformed/preference-ktx-1.2.1 because:
build	Build with Gradle	2026-06-06T12:24:48.5768959Z   Caching not enabled.
build	Build with Gradle	2026-06-06T12:24:48.5769621Z Caching disabled for AarTransform: /home/runner/.gradle/caches/8.14/transforms/438de03543f1a14021d179b045f7057a/transformed/koin-android-4.0.2 because:
build	Build with Gradle	2026-06-06T12:24:48.5770297Z   Caching not enabled.
build	Build with Gradle	2026-06-06T12:24:48.5770992Z Caching disabled for AarTransform: /home/runner/.gradle/caches/8.14/transforms/8187c6742a7c5d0b27744cebd6b9554f/transformed/biometric-ktx-1.2.0-alpha05 because:
build	Build with Gradle	2026-06-06T12:24:48.5771689Z   Caching not enabled.
build	Build with Gradle	2026-06-06T12:24:48.5772364Z Caching disabled for AarTransform: /home/runner/.gradle/caches/8.14/transforms/d898ed95f395a2f368d4bc758e4d1887/transformed/biometric-1.2.0-alpha05 because:
build	Build with Gradle	2026-06-06T12:24:48.5773061Z   Caching not enabled.
build	Build with Gradle	2026-06-06T12:24:48.5773696Z Caching disabled for AarTransform: /home/runner/.gradle/caches/8.14/transforms/59fa63435223e05f0b1b82e5b0b01ed7/transformed/viewpager2-1.1.0-beta02 because:
build	Build with Gradle	2026-06-06T12:24:48.5774373Z   Caching not enabled.
build	Build with Gradle	2026-06-06T12:24:48.5774980Z Caching disabled for AarTransform: /home/runner/.gradle/caches/8.14/transforms/a8ffae57e8eb844c745e6c38f24a5dc3/transformed/preference-1.2.1 because:
build	Build with Gradle	2026-06-06T12:24:48.5775635Z   Caching not enabled.
build	Build with Gradle	2026-06-06T12:24:48.5776505Z Caching disabled for AarTransform: /home/runner/.gradle/caches/8.14/transforms/2c8372c00787b5e2af17c392510a0378/transformed/mavericks-3.0.9 because:
build	Build with Gradle	2026-06-06T12:24:48.5777153Z   Caching not enabled.
build	Build with Gradle	2026-06-06T12:24:48.5777878Z Caching disabled for AarTransform: /home/runner/.gradle/caches/8.14/transforms/62937f105bc4a976ca99fc29e59f8d0f/transformed/activity-1.10.0 because:
build	Build with Gradle	2026-06-06T12:24:48.5778514Z   Caching not enabled.
build	Build with Gradle	2026-06-06T12:24:48.5779252Z Caching disabled for AarTransform: /home/runner/.gradle/caches/8.14/transforms/b7a112fda39b8abfdc2cbb450e5f2f1a/transformed/activity-ktx-1.10.0 because:
build	Build with Gradle	2026-06-06T12:24:48.5779914Z   Caching not enabled.
build	Build with Gradle	2026-06-06T12:24:48.5780551Z Caching disabled for AarTransform: /home/runner/.gradle/caches/8.14/transforms/2b232f7e90ed539739f2c0f2684a06f8/transformed/browser-1.8.0 because:
build	Build with Gradle	2026-06-06T12:24:48.5781173Z   Caching not enabled.
build	Build with Gradle	2026-06-06T12:24:48.5781854Z Caching disabled for AarTransform: /home/runner/.gradle/caches/8.14/transforms/06bc399dfe425f0f5114ba44e76c1318/transformed/lifecycle-viewmodel-savedstate-release because:
build	Build with Gradle	2026-06-06T12:24:48.5782649Z   Caching not enabled.
build	Build with Gradle	2026-06-06T12:24:48.5783259Z Caching disabled for AarTransform: /home/runner/.gradle/caches/8.14/transforms/d4dcb12619daf48292cb973faf4c0937/transformed/core-bundle-release because:
build	Build with Gradle	2026-06-06T12:24:48.5783922Z   Caching not enabled.
build	Build with Gradle	2026-06-06T12:24:48.5784584Z Caching disabled for AarTransform: /home/runner/.gradle/caches/8.14/transforms/373e825be4973449db84049594b600ab/transformed/material-preference-2.0.0-release because:
build	Build with Gradle	2026-06-06T12:24:48.5785280Z   Caching not enabled.
build	Build with Gradle	2026-06-06T12:24:48.5785897Z Caching disabled for AarTransform: /home/runner/.gradle/caches/8.14/transforms/91cba946f7f9db0abb582361d2b98175/transformed/recyclerview-1.4.0 because:
build	Build with Gradle	2026-06-06T12:24:48.5786549Z   Caching not enabled.
build	Build with Gradle	2026-06-06T12:24:48.5787173Z Caching disabled for AarTransform: /home/runner/.gradle/caches/8.14/transforms/87467c3c8cd81c6f0e30cc7811d9c0e9/transformed/slidingpanelayout-1.2.0 because:
build	Build with Gradle	2026-06-06T12:24:48.5788079Z   Caching not enabled.
build	Build with Gradle	2026-06-06T12:24:48.5788716Z Caching disabled for AarTransform: /home/runner/.gradle/caches/8.14/transforms/47fd96da264051fc240ce38134bdde10/transformed/work-runtime-ktx-2.10.4 because:
build	Build with Gradle	2026-06-06T12:24:48.5789393Z   Caching not enabled.
build	Build with Gradle	2026-06-06T12:24:48.5789998Z Caching disabled for AarTransform: /home/runner/.gradle/caches/8.14/transforms/ff46523a05730a3410b3d43ab7271bd0/transformed/work-runtime-2.10.4 because:
build	Build with Gradle	2026-06-06T12:24:48.5790651Z   Caching not enabled.
build	Build with Gradle	2026-06-06T12:24:48.5791266Z Caching disabled for AarTransform: /home/runner/.gradle/caches/8.14/transforms/9269236a44d4e397a31d652dc8841c2d/transformed/transition-ktx-1.5.1 because:
build	Build with Gradle	2026-06-06T12:24:48.5791925Z   Caching not enabled.
build	Build with Gradle	2026-06-06T12:24:48.5792524Z Caching disabled for AarTransform: /home/runner/.gradle/caches/8.14/transforms/9459b44028168fbe53c4da77adee3cad/transformed/transition-1.5.1 because:
build	Build with Gradle	2026-06-06T12:24:48.5793163Z   Caching not enabled.
build	Build with Gradle	2026-06-06T12:24:48.5793789Z Caching disabled for AarTransform: /home/runner/.gradle/caches/8.14/transforms/f7a09b5d37e172440771a3c367250518/transformed/appcompat-resources-1.7.1 because:
build	Build with Gradle	2026-06-06T12:24:48.5794477Z   Caching not enabled.
build	Build with Gradle	2026-06-06T12:24:48.5795333Z Caching disabled for AarTransform: /home/runner/.gradle/caches/8.14/transforms/33b1fc6b3ef6a3214537aeecc8df60ab/transformed/coil because:
build	Build with Gradle	2026-06-06T12:24:48.5796309Z   Caching not enabled.
build	Build with Gradle	2026-06-06T12:24:48.5797493Z Caching disabled for AarTransform: /home/runner/.gradle/caches/8.14/transforms/c62f2b60b2174dbc2c05823d7d6abfaa/transformed/coil-network-okhttp because:
build	Build with Gradle	2026-06-06T12:24:48.5798703Z   Caching not enabled.
build	Build with Gradle	2026-06-06T12:24:48.5799691Z Caching disabled for AarTransform: /home/runner/.gradle/caches/8.14/transforms/d8facd787edaf28a58d8c622a9331078/transformed/coil-core because:
build	Build with Gradle	2026-06-06T12:24:48.5800806Z   Caching not enabled.
build	Build with Gradle	2026-06-06T12:24:48.5801893Z Caching disabled for AarTransform: /home/runner/.gradle/caches/8.14/transforms/d49708ff39937cf2dc8a5d58ef34d065/transformed/coil-network-core because:
build	Build with Gradle	2026-06-06T12:24:48.5803279Z   Caching not enabled.
build	Build with Gradle	2026-06-06T12:24:48.5804371Z Caching disabled for AarTransform: /home/runner/.gradle/caches/8.14/transforms/5cdb323f179a5400d9eac68baef40b22/transformed/lifecycle-runtime-release because:
build	Build with Gradle	2026-06-06T12:24:48.5805577Z   Caching not enabled.
build	Build with Gradle	2026-06-06T12:24:48.5806731Z Caching disabled for AarTransform: /home/runner/.gradle/caches/8.14/transforms/0c66718d94e4554cab2f7d8334723d4c/transformed/lifecycle-viewmodel-2.9.4 because:
build	Build with Gradle	2026-06-06T12:24:48.5808368Z   Caching not enabled.
build	Build with Gradle	2026-06-06T12:24:48.5809641Z Caching disabled for AarTransform: /home/runner/.gradle/caches/8.14/transforms/6fe02a9c6bc1a8d677661f17a75652df/transformed/lifecycle-livedata-core-2.9.4 because:
build	Build with Gradle	2026-06-06T12:24:48.5810929Z   Caching not enabled.
build	Build with Gradle	2026-06-06T12:24:48.5812004Z Caching disabled for AarTransform: /home/runner/.gradle/caches/8.14/transforms/20f00e5ccb0364701481c3adff0c0022/transformed/lifecycle-viewmodel-release because:
build	Build with Gradle	2026-06-06T12:24:48.5813203Z   Caching not enabled.
build	Build with Gradle	2026-06-06T12:24:48.5814450Z Caching disabled for AarTransform: /home/runner/.gradle/caches/8.14/transforms/045e1f63699bdc1710b726e46c8c703d/transformed/lifecycle-runtime-ktx because:
build	Build with Gradle	2026-06-06T12:24:48.5815611Z   Caching not enabled.
build	Build with Gradle	2026-06-06T12:24:48.5816657Z Caching disabled for AarTransform: /home/runner/.gradle/caches/8.14/transforms/0bbb0e176c4adaced1da8fc8c45f5f69/transformed/lifecycle-livedata-2.9.4 because:
build	Build with Gradle	2026-06-06T12:24:48.5817997Z   Caching not enabled.
build	Build with Gradle	2026-06-06T12:24:48.5819131Z Caching disabled for AarTransform: /home/runner/.gradle/caches/8.14/transforms/86daf15fa6531778dc0ccc1fef270dd4/transformed/lifecycle-livedata-core-ktx-2.9.4 because:
build	Build with Gradle	2026-06-06T12:24:48.5820295Z   Caching not enabled.
build	Build with Gradle	2026-06-06T12:24:48.5821419Z Caching disabled for AarTransform: /home/runner/.gradle/caches/8.14/transforms/dc0568acb601ada223da268dc89d9a1a/transformed/lifecycle-livedata-ktx-2.9.4 because:
build	Build with Gradle	2026-06-06T12:24:48.5822656Z   Caching not enabled.
build	Build with Gradle	2026-06-06T12:24:48.5823901Z Caching disabled for AarTransform: /home/runner/.gradle/caches/8.14/transforms/ef0d0ada300b662b4bc2dcd561c4ab70/transformed/lifecycle-viewmodel-ktx-2.9.4 because:
build	Build with Gradle	2026-06-06T12:24:48.5825199Z   Caching not enabled.
build	Build with Gradle	2026-06-06T12:24:48.5826370Z Caching disabled for AarTransform: /home/runner/.gradle/caches/8.14/transforms/0a9f0b23f2ae3b3d671937d923da2cba/transformed/glance-appwidget-1.1.1 because:
build	Build with Gradle	2026-06-06T12:24:48.5827692Z   Caching not enabled.
build	Build with Gradle	2026-06-06T12:24:48.5828786Z Caching disabled for AarTransform: /home/runner/.gradle/caches/8.14/transforms/5c7bf891ae70d7d08b7f06ccb140fad8/transformed/glance-1.1.1 because:
build	Build with Gradle	2026-06-06T12:24:48.5829943Z   Caching not enabled.
build	Build with Gradle	2026-06-06T12:24:48.5831042Z Caching disabled for AarTransform: /home/runner/.gradle/caches/8.14/transforms/8c7c9a78376cd260d7272a1fac1507a0/transformed/datastore-preferences-1.0.0 because:
build	Build with Gradle	2026-06-06T12:24:48.5832064Z   Caching not enabled.
build	Build with Gradle	2026-06-06T12:24:48.5833014Z Caching disabled for AarTransform: /home/runner/.gradle/caches/8.14/transforms/615878ae3b772c18093f4d9e3e195a20/transformed/datastore-1.0.0 because:
build	Build with Gradle	2026-06-06T12:24:48.5834117Z   Caching not enabled.
build	Build with Gradle	2026-06-06T12:24:48.5835204Z Caching disabled for AarTransform: /home/runner/.gradle/caches/8.14/transforms/0f268d830baf1b2adb315c1349db4113/transformed/savedstate-ktx-1.3.1 because:
build	Build with Gradle	2026-06-06T12:24:48.5836283Z   Caching not enabled.
build	Build with Gradle	2026-06-06T12:24:48.5837258Z Caching disabled for AarTransform: /home/runner/.gradle/caches/8.14/transforms/f85fca100dc1cfb9faf4b8055f4a62e9/transformed/savedstate-release because:
build	Build with Gradle	2026-06-06T12:24:48.5838615Z   Caching not enabled.
build	Build with Gradle	2026-06-06T12:24:48.5839715Z Caching disabled for AarTransform: /home/runner/.gradle/caches/8.14/transforms/b7f54caf5fd601a6753bed9729e1530e/transformed/room-ktx-2.6.1 because:
build	Build with Gradle	2026-06-06T12:24:48.5840961Z   Caching not enabled.
build	Build with Gradle	2026-06-06T12:24:48.5841994Z Caching disabled for AarTransform: /home/runner/.gradle/caches/8.14/transforms/a0f2f8571a731d673f1339b181103682/transformed/room-runtime-2.6.1 because:
build	Build with Gradle	2026-06-06T12:24:48.5843380Z   Caching not enabled.
build	Build with Gradle	2026-06-06T12:24:48.5844528Z Caching disabled for AarTransform: /home/runner/.gradle/caches/8.14/transforms/b1caf7903885e6dfd466268b50bb28e5/transformed/core-splashscreen-1.0.1 because:
build	Build with Gradle	2026-06-06T12:24:48.5845757Z   Caching not enabled.
build	Build with Gradle	2026-06-06T12:24:48.5846866Z Caching disabled for AarTransform: /home/runner/.gradle/caches/8.14/transforms/f9239a1ba9edcb911ae9670e7877c906/transformed/runtime-1.2.1 because:
build	Build with Gradle	2026-06-06T12:24:48.5848431Z   Caching not enabled.
build	Build with Gradle	2026-06-06T12:24:48.5849514Z Caching disabled for AarTransform: /home/runner/.gradle/caches/8.14/transforms/f59af9a0eace077f0e9ad35c903edb0e/transformed/html-ktx-1.1.2 because:
build	Build with Gradle	2026-06-06T12:24:48.5850695Z   Caching not enabled.
build	Build with Gradle	2026-06-06T12:24:48.5851883Z Caching disabled for AarTransform: /home/runner/.gradle/caches/8.14/transforms/c2631671ecbd3d95bfc540fb5557d230/transformed/core-remoteviews-1.1.0 because:
build	Build with Gradle	2026-06-06T12:24:48.5853116Z   Caching not enabled.
build	Build with Gradle	2026-06-06T12:24:48.5854376Z Caching disabled for AarTransform: /home/runner/.gradle/caches/8.14/transforms/338cbb5a6afddf9796ee1bfc02c64c98/transformed/recyclerview-ktx-1.3.2 because:
build	Build with Gradle	2026-06-06T12:24:48.5855764Z   Caching not enabled.
build	Build with Gradle	2026-06-06T12:24:48.5856951Z Caching disabled for AarTransform: /home/runner/.gradle/caches/8.14/transforms/5e76c393bb448bcfa0655c68ec471020/transformed/aboutlibraries-core-release because:
build	Build with Gradle	2026-06-06T12:24:48.5858441Z   Caching not enabled.
build	Build with Gradle	2026-06-06T12:24:48.5859738Z Caching disabled for AarTransform: /home/runner/.gradle/caches/8.14/transforms/0380dce5195f95e6e343462acaffc231/transformed/lifecycle-resource-livedata-1.0.1-release because:
build	Build with Gradle	2026-06-06T12:24:48.5861086Z   Caching not enabled.
build	Build with Gradle	2026-06-06T12:24:48.5862212Z Caching disabled for AarTransform: /home/runner/.gradle/caches/8.14/transforms/6afc1b2f65d907779fd871415079443b/transformed/ui-graphics-1.1.1 because:
build	Build with Gradle	2026-06-06T12:24:48.5863406Z   Caching not enabled.
build	Build with Gradle	2026-06-06T12:24:48.5864582Z Caching disabled for AarTransform: /home/runner/.gradle/caches/8.14/transforms/82c33335d6daf0ba2c2d3106c603ebc3/transformed/sqlite-framework-2.4.0 because:
build	Build with Gradle	2026-06-06T12:24:48.5865871Z   Caching not enabled.
build	Build with Gradle	2026-06-06T12:24:48.5867001Z Caching disabled for AarTransform: /home/runner/.gradle/caches/8.14/transforms/f5dc25b733d8c7664560d889ae0ff956/transformed/sqlite-2.4.0 because:
build	Build with Gradle	2026-06-06T12:24:48.5868284Z   Caching not enabled.
build	Build with Gradle	2026-06-06T12:24:48.5869324Z Caching disabled for AarTransform: /home/runner/.gradle/caches/8.14/transforms/eb0c0593968df75a68be86f7d6f56e03/transformed/ui-unit-1.1.1 because:
build	Build with Gradle	2026-06-06T12:24:48.5870473Z   Caching not enabled.
build	Build with Gradle	2026-06-06T12:24:48.5871616Z Caching disabled for AarTransform: /home/runner/.gradle/caches/8.14/transforms/e243041e7dbb74197d5bc00e0943bf6a/transformed/ui-geometry-1.1.1 because:
build	Build with Gradle	2026-06-06T12:24:48.5872826Z   Caching not enabled.
build	Build with Gradle	2026-06-06T12:24:48.5873933Z Caching disabled for AarTransform: /home/runner/.gradle/caches/8.14/transforms/93e5dd5bd02503c2c463051d8428f6c3/transformed/compat-4.4.0 because:
build	Build with Gradle	2026-06-06T12:24:48.5875101Z   Caching not enabled.
build	Build with Gradle	2026-06-06T12:24:48.5876071Z Caching disabled for AarTransform: /home/runner/.gradle/caches/8.14/transforms/978962270e5cad713dc7d4c9033320a2/transformed/stub-4.4.0 because:
build	Build with Gradle	2026-06-06T12:24:48.5877183Z   Caching not enabled.
build	Build with Gradle	2026-06-06T12:24:48.5878438Z Caching disabled for AarTransform: /home/runner/.gradle/caches/8.14/transforms/fdd7a2f71d98268b12d6291e62912d0b/transformed/lottie-6.6.2 because:
build	Build with Gradle	2026-06-06T12:24:48.5879643Z   Caching not enabled.
build	Build with Gradle	2026-06-06T12:24:48.5880723Z Caching disabled for AarTransform: /home/runner/.gradle/caches/8.14/transforms/f16a35ef33f3a5860c0cc8532fe5dc8c/transformed/core-6.0.0 because:
build	Build with Gradle	2026-06-06T12:24:48.5881799Z   Caching not enabled.
build	Build with Gradle	2026-06-06T12:24:48.5882905Z Caching disabled for AarTransform: /home/runner/.gradle/caches/8.14/transforms/2c263715c01736e27b196a80ad5b1fdb/transformed/recyclerview-adapter-1.3.0 because:
build	Build with Gradle	2026-06-06T12:24:48.5884100Z   Caching not enabled.
build	Build with Gradle	2026-06-06T12:24:48.5885296Z Caching disabled for AarTransform: /home/runner/.gradle/caches/8.14/transforms/4d1f2d6f8fcd4d0456ade74253b328dd/transformed/simplemenu-preference-1.0.3 because:
build	Build with Gradle	2026-06-06T12:24:48.5886817Z   Caching not enabled.
build	Build with Gradle	2026-06-06T12:24:48.5888072Z Caching disabled for AarTransform: /home/runner/.gradle/caches/8.14/transforms/c0673a6896f886d42be301918536c345/transformed/boringssl-20250114 because:
build	Build with Gradle	2026-06-06T12:24:48.5889304Z   Caching not enabled.
build	Build with Gradle	2026-06-06T12:24:48.5890344Z Caching disabled for AarTransform: /home/runner/.gradle/caches/8.14/transforms/0229dbc9f57fa8133a9f500f70fe76a8/transformed/libcxx-27.0.12077973 because:
build	Build with Gradle	2026-06-06T12:24:48.5891696Z   Caching not enabled.
build	Build with Gradle	2026-06-06T12:24:48.5892840Z Caching disabled for AarTransform: /home/runner/.gradle/caches/8.14/transforms/b966c438ee1e24a5a0e1926959b61a2d/transformed/hiddenapibypass-6.1 because:
build	Build with Gradle	2026-06-06T12:24:48.5894026Z   Caching not enabled.
build	Build with Gradle	2026-06-06T12:24:48.5895220Z Caching disabled for AarTransform: /home/runner/.gradle/caches/8.14/transforms/f3104eb4796c3cb96709ee2563cfb750/transformed/sentry-android-core-8.40.0 because:
build	Build with Gradle	2026-06-06T12:24:48.5896554Z   Caching not enabled.
build	Build with Gradle	2026-06-06T12:24:48.5897854Z Caching disabled for AarTransform: /home/runner/.gradle/caches/8.14/transforms/7cb87b818b30498bcde5bf59509b305b/transformed/appiconloader-1.5.0 because:
build	Build with Gradle	2026-06-06T12:24:48.5898960Z   Caching not enabled.
build	Build with Gradle	2026-06-06T12:24:48.5900136Z Caching disabled for AarTransform: /home/runner/.gradle/caches/8.14/transforms/966464b5816c63aee25736b13ab38709/transformed/sentry-android-fragment-8.40.0 because:
build	Build with Gradle	2026-06-06T12:24:48.5901422Z   Caching not enabled.
build	Build with Gradle	2026-06-06T12:24:48.5902509Z Caching disabled for AarTransform: /home/runner/.gradle/caches/8.14/transforms/bd37fa4ac9a923d774be35a04b675e9d/transformed/sentry-android-timber-8.40.0 because:
build	Build with Gradle	2026-06-06T12:24:48.5903747Z   Caching not enabled.
build	Build with Gradle	2026-06-06T12:24:48.5904932Z Caching disabled for AarTransform: /home/runner/.gradle/caches/8.14/transforms/a6341a3e8d2c382078fb8f297369ac51/transformed/sentry-android-sqlite-8.40.0 because:
build	Build with Gradle	2026-06-06T12:24:48.5906130Z   Caching not enabled.
build	Build with Gradle	2026-06-06T12:24:48.5907311Z Caching disabled for AarTransform: /home/runner/.gradle/caches/8.14/transforms/a8b524143b57d8c2908f9c01f30efac2/transformed/sentry-compose-release because:
build	Build with Gradle	2026-06-06T12:24:48.5908712Z   Caching not enabled.
build	Build with Gradle	2026-06-06T12:24:48.5909961Z Caching disabled for AarTransform: /home/runner/.gradle/caches/8.14/transforms/966144f595f2139b76140bbf274142f6/transformed/sentry-android-navigation-8.40.0 because:
build	Build with Gradle	2026-06-06T12:24:48.5911315Z   Caching not enabled.
build	Build with Gradle	2026-06-06T12:24:48.5912530Z Caching disabled for AarTransform: /home/runner/.gradle/caches/8.14/transforms/4b91b30cdde5ec990d4144c4990f3981/transformed/parcelablelist-2.0.1-release because:
build	Build with Gradle	2026-06-06T12:24:48.5913812Z   Caching not enabled.
build	Build with Gradle	2026-06-06T12:24:48.5914852Z Caching disabled for AarTransform: /home/runner/.gradle/caches/8.14/transforms/e5742399012525e0edda6cc8d9ad7262/transformed/html-1.1.2 because:
build	Build with Gradle	2026-06-06T12:24:48.5915976Z   Caching not enabled.
build	Build with Gradle	2026-06-06T12:24:48.5917172Z Caching disabled for AarTransform: /home/runner/.gradle/caches/8.14/transforms/5154402d773535e88a1a242ea9ad466a/transformed/emoji2-views-helper-1.2.0 because:
build	Build with Gradle	2026-06-06T12:24:48.5918638Z   Caching not enabled.
build	Build with Gradle	2026-06-06T12:24:48.5919720Z Caching disabled for AarTransform: /home/runner/.gradle/caches/8.14/transforms/484f1985b8141e4d4ca38f4ab7092551/transformed/library-1.2.0 because:
build	Build with Gradle	2026-06-06T12:24:48.5920903Z   Caching not enabled.
build	Build with Gradle	2026-06-06T12:24:48.5922043Z Caching disabled for AarTransform: /home/runner/.gradle/caches/8.14/transforms/20c8148c0d0f1eeb1041151d1c55938f/transformed/emoji2-1.2.0 because:
build	Build with Gradle	2026-06-06T12:24:48.5923283Z   Caching not enabled.
build	Build with Gradle	2026-06-06T12:24:48.5924575Z Caching disabled for AarTransform: /home/runner/.gradle/caches/8.14/transforms/6df4a8bec15c81ec5d96711ead8a45f6/transformed/customview-poolingcontainer-1.0.0 because:
build	Build with Gradle	2026-06-06T12:24:48.5926021Z   Caching not enabled.
build	Build with Gradle	2026-06-06T12:24:48.5927137Z Caching disabled for AarTransform: /home/runner/.gradle/caches/8.14/transforms/5424bb4aed8761312b4b26bf9e07d98a/transformed/window-1.0.0 because:
build	Build with Gradle	2026-06-06T12:24:48.5928557Z   Caching not enabled.
build	Build with Gradle	2026-06-06T12:24:48.5929603Z Caching disabled for AarTransform: /home/runner/.gradle/caches/8.14/transforms/733f565b05217da1a995124053e2952d/transformed/lifecycle-service-2.9.4 because:
build	Build with Gradle	2026-06-06T12:24:48.5930797Z   Caching not enabled.
build	Build with Gradle	2026-06-06T12:24:48.5931842Z Caching disabled for AarTransform: /home/runner/.gradle/caches/8.14/transforms/d90402c4b85ec72d1d4a6e1bb45ac913/transformed/buildcompat-34.0.1 because:
build	Build with Gradle	2026-06-06T12:24:48.5933236Z   Caching not enabled.
build	Build with Gradle	2026-06-06T12:24:48.5934358Z Caching disabled for AarTransform: /home/runner/.gradle/caches/8.14/transforms/644a16fcc858b20f0d048c7466f19d9f/transformed/lifecycle-process-2.9.4 because:
build	Build with Gradle	2026-06-06T12:24:48.5935549Z   Caching not enabled.
build	Build with Gradle	2026-06-06T12:24:48.5936736Z Caching disabled for AarTransform: /home/runner/.gradle/caches/8.14/transforms/def85582213ab2870d896da947e1bd2a/transformed/appiconloader-iconloaderlib-1.5.0 because:
build	Build with Gradle	2026-06-06T12:24:48.5938172Z   Caching not enabled.
build	Build with Gradle	2026-06-06T12:24:48.5939438Z Caching disabled for AarTransform: /home/runner/.gradle/caches/8.14/transforms/0f8fd961fa88f172b795e954c693c5a2/transformed/tracing-ktx-1.2.0 because:
build	Build with Gradle	2026-06-06T12:24:48.5940656Z   Caching not enabled.
build	Build with Gradle	2026-06-06T12:24:48.5941814Z Caching disabled for AarTransform: /home/runner/.gradle/caches/8.14/transforms/96dabcaf2d8839737bfa5e7bcc9c8d29/transformed/exifinterface-1.4.2 because:
build	Build with Gradle	2026-06-06T12:24:48.5943101Z   Caching not enabled.
build	Build with Gradle	2026-06-06T12:24:48.5944244Z Caching disabled for AarTransform: /home/runner/.gradle/caches/8.14/transforms/acaa3cdd1b8646165db9384aee71e410/transformed/ui-util-1.1.1 because:
build	Build with Gradle	2026-06-06T12:24:48.5945464Z   Caching not enabled.
build	Build with Gradle	2026-06-06T12:24:48.5946264Z Caching disabled for task ':manager:dataBindingMergeDependencyArtifactsRelease' because:
build	Build with Gradle	2026-06-06T12:24:48.5947199Z   Caching has been disabled for the task
build	Build with Gradle	2026-06-06T12:24:48.5948244Z Task ':manager:dataBindingMergeDependencyArtifactsRelease' is not up-to-date because:
build	Build with Gradle	2026-06-06T12:24:48.5949176Z   No history is available.
build	Build with Gradle	2026-06-06T12:24:48.5949493Z 
build	Build with Gradle	2026-06-06T12:24:48.5949858Z > Task :manager:generateReleaseAutoResConfigLocaleConfigRes
build	Build with Gradle	2026-06-06T12:24:48.5950845Z Caching disabled for task ':manager:generateReleaseAutoResConfigLocaleConfigRes' because:
build	Build with Gradle	2026-06-06T12:24:48.5951805Z   Caching has not been enabled for the task
build	Build with Gradle	2026-06-06T12:24:48.5952779Z Task ':manager:generateReleaseAutoResConfigLocaleConfigRes' is not up-to-date because:
build	Build with Gradle	2026-06-06T12:24:48.5953857Z   Task has not declared any outputs despite executing actions.
build	Build with Gradle	2026-06-06T12:24:48.5955199Z Resolve mutations for :manager:generateReleaseMaterialThemeBuilderRes (Thread[#161,Execution worker Thread 2,5,main]) started.
build	Build with Gradle	2026-06-06T12:24:48.5956625Z :manager:generateReleaseMaterialThemeBuilderRes (Thread[#161,Execution worker Thread 2,5,main]) started.
build	Build with Gradle	2026-06-06T12:24:48.5957556Z 
build	Build with Gradle	2026-06-06T12:24:48.5957844Z > Task :manager:generateReleaseMaterialThemeBuilderRes
build	Build with Gradle	2026-06-06T12:24:48.5958696Z Caching disabled for task ':manager:generateReleaseMaterialThemeBuilderRes' because:
build	Build with Gradle	2026-06-06T12:24:48.5959547Z   Caching has not been enabled for the task
build	Build with Gradle	2026-06-06T12:24:48.5960373Z Task ':manager:generateReleaseMaterialThemeBuilderRes' is not up-to-date because:
build	Build with Gradle	2026-06-06T12:24:48.5961325Z   Task has not declared any outputs despite executing actions.
build	Build with Gradle	2026-06-06T12:24:48.5962482Z Resolve mutations for :manager:generateReleaseResValues (Thread[#162,Execution worker Thread 3,5,main]) started.
build	Build with Gradle	2026-06-06T12:24:48.5963574Z :manager:generateReleaseResValues (Thread[#162,Execution worker Thread 3,5,main]) started.
build	Build with Gradle	2026-06-06T12:24:48.5964165Z 
build	Build with Gradle	2026-06-06T12:24:48.5964427Z > Task :manager:generateReleaseResValues FROM-CACHE
build	Build with Gradle	2026-06-06T12:24:48.5965316Z Build cache key for task ':manager:generateReleaseResValues' is 648a246192ab07cc66fd461588eaf850
build	Build with Gradle	2026-06-06T12:24:48.5966345Z Task ':manager:generateReleaseResValues' is not up-to-date because:
build	Build with Gradle	2026-06-06T12:24:48.5967013Z   No history is available.
build	Build with Gradle	2026-06-06T12:24:48.5968161Z Loaded cache entry for task ':manager:generateReleaseResValues' with cache key 648a246192ab07cc66fd461588eaf850
build	Build with Gradle	2026-06-06T12:24:48.5969490Z Resolve mutations for :manager:generateReleaseResources (Thread[#162,Execution worker Thread 3,5,main]) started.
build	Build with Gradle	2026-06-06T12:24:48.5970714Z :manager:generateReleaseResources (Thread[#162,Execution worker Thread 3,5,main]) started.
build	Build with Gradle	2026-06-06T12:24:48.5971356Z 
build	Build with Gradle	2026-06-06T12:24:48.5971799Z > Task :manager:generateReleaseResources
build	Build with Gradle	2026-06-06T12:24:48.5972635Z Build cache key for task ':manager:generateReleaseResources' is 24169ec089e1705ad0fdeaf3eec83ddc
build	Build with Gradle	2026-06-06T12:24:48.5973598Z Task ':manager:generateReleaseResources' is not up-to-date because:
build	Build with Gradle	2026-06-06T12:24:48.5974258Z   No history is available.
build	Build with Gradle	2026-06-06T12:24:48.5975161Z Stored cache entry for task ':manager:generateReleaseResources' with cache key 24169ec089e1705ad0fdeaf3eec83ddc
build	Build with Gradle	2026-06-06T12:24:48.5976447Z Resolve mutations for :manager:collectDependenciesRelease (Thread[#162,Execution worker Thread 3,5,main]) started.
build	Build with Gradle	2026-06-06T12:24:48.5977796Z :manager:collectDependenciesRelease (Thread[#162,Execution worker Thread 3,5,main]) started.
build	Build with Gradle	2026-06-06T12:24:48.6750939Z 
build	Build with Gradle	2026-06-06T12:24:48.6751601Z > Task :manager:collectDependenciesRelease
build	Build with Gradle	2026-06-06T12:24:48.6752454Z Build cache key for task ':manager:collectDependenciesRelease' is cea6f9c8ad32c6a8c97ffdda9f76fd57
build	Build with Gradle	2026-06-06T12:24:48.6753070Z Task ':manager:collectDependenciesRelease' is not up-to-date because:
build	Build with Gradle	2026-06-06T12:24:48.6753512Z   No history is available.
build	Build with Gradle	2026-06-06T12:24:48.6753798Z Collecting for: manager
build	Build with Gradle	2026-06-06T12:24:48.6754068Z Collecting dependencies
build	Build with Gradle	2026-06-06T12:24:48.6754519Z Skipping compile time variant debugAndroidTest from config: debugAndroidTestRuntimeClasspath
build	Build with Gradle	2026-06-06T12:24:48.6755117Z Skipping compile time variant debug from config: debugCompileClasspath
build	Build with Gradle	2026-06-06T12:24:48.6755608Z Skipping compile time variant debug from config: debugRuntimeClasspath
build	Build with Gradle	2026-06-06T12:24:48.6756159Z Skipping compile time variant debugUnitTest from config: debugUnitTestRuntimeClasspath
build	Build with Gradle	2026-06-06T12:24:48.6756796Z Collecting dependencies for compile time variant release from config: releaseCompileClasspath
build	Build with Gradle	2026-06-06T12:24:48.6757633Z Collecting dependencies for runtime variant release from config: releaseRuntimeClasspath
build	Build with Gradle	2026-06-06T12:24:48.6758295Z Skipping compile time variant releaseUnitTest from config: releaseUnitTestRuntimeClasspath
build	Build with Gradle	2026-06-06T12:24:48.6759490Z Variant Selection Exception: org.gradle.internal.component.resolution.failure.exception.ArtifactSelectionException caused by Resolution Failure: org.gradle.internal.component.resolution.failure.type.AmbiguousArtifactsFailure
build	Build with Gradle	2026-06-06T12:24:48.6761190Z Variant Selection Exception: org.gradle.internal.component.resolution.failure.exception.ArtifactSelectionException caused by Resolution Failure: org.gradle.internal.component.resolution.failure.type.AmbiguousArtifactsFailure
build	Build with Gradle	2026-06-06T12:24:48.6762867Z Variant Selection Exception: org.gradle.internal.component.resolution.failure.exception.ArtifactSelectionException caused by Resolution Failure: org.gradle.internal.component.resolution.failure.type.AmbiguousArtifactsFailure
build	Build with Gradle	2026-06-06T12:24:48.6764564Z Variant Selection Exception: org.gradle.internal.component.resolution.failure.exception.ArtifactSelectionException caused by Resolution Failure: org.gradle.internal.component.resolution.failure.type.AmbiguousArtifactsFailure
build	Build with Gradle	2026-06-06T12:24:48.6766234Z Variant Selection Exception: org.gradle.internal.component.resolution.failure.exception.ArtifactSelectionException caused by Resolution Failure: org.gradle.internal.component.resolution.failure.type.AmbiguousArtifactsFailure
build	Build with Gradle	2026-06-06T12:24:48.6767993Z Variant Selection Exception: org.gradle.internal.component.resolution.failure.exception.ArtifactSelectionException caused by Resolution Failure: org.gradle.internal.component.resolution.failure.type.AmbiguousArtifactsFailure
build	Build with Gradle	2026-06-06T12:24:48.6769670Z Variant Selection Exception: org.gradle.internal.component.resolution.failure.exception.ArtifactSelectionException caused by Resolution Failure: org.gradle.internal.component.resolution.failure.type.AmbiguousArtifactsFailure
build	Build with Gradle	2026-06-06T12:24:48.6771609Z Variant Selection Exception: org.gradle.internal.component.resolution.failure.exception.ArtifactSelectionException caused by Resolution Failure: org.gradle.internal.component.resolution.failure.type.AmbiguousArtifactsFailure
build	Build with Gradle	2026-06-06T12:24:48.6773319Z Variant Selection Exception: org.gradle.internal.component.resolution.failure.exception.ArtifactSelectionException caused by Resolution Failure: org.gradle.internal.component.resolution.failure.type.AmbiguousArtifactsFailure
build	Build with Gradle	2026-06-06T12:24:48.6775193Z Variant Selection Exception: org.gradle.internal.component.resolution.failure.exception.ArtifactSelectionException caused by Resolution Failure: org.gradle.internal.component.resolution.failure.type.AmbiguousArtifactsFailure
build	Build with Gradle	2026-06-06T12:24:48.6776888Z Variant Selection Exception: org.gradle.internal.component.resolution.failure.exception.ArtifactSelectionException caused by Resolution Failure: org.gradle.internal.component.resolution.failure.type.AmbiguousArtifactsFailure
build	Build with Gradle	2026-06-06T12:24:48.6778693Z Variant Selection Exception: org.gradle.internal.component.resolution.failure.exception.ArtifactSelectionException caused by Resolution Failure: org.gradle.internal.component.resolution.failure.type.AmbiguousArtifactsFailure
build	Build with Gradle	2026-06-06T12:24:48.6780387Z Variant Selection Exception: org.gradle.internal.component.resolution.failure.exception.ArtifactSelectionException caused by Resolution Failure: org.gradle.internal.component.resolution.failure.type.AmbiguousArtifactsFailure
build	Build with Gradle	2026-06-06T12:24:48.6782044Z Variant Selection Exception: org.gradle.internal.component.resolution.failure.exception.ArtifactSelectionException caused by Resolution Failure: org.gradle.internal.component.resolution.failure.type.AmbiguousArtifactsFailure
build	Build with Gradle	2026-06-06T12:24:48.6783732Z Variant Selection Exception: org.gradle.internal.component.resolution.failure.exception.ArtifactSelectionException caused by Resolution Failure: org.gradle.internal.component.resolution.failure.type.AmbiguousArtifactsFailure
build	Build with Gradle	2026-06-06T12:24:48.6785396Z Variant Selection Exception: org.gradle.internal.component.resolution.failure.exception.ArtifactSelectionException caused by Resolution Failure: org.gradle.internal.component.resolution.failure.type.AmbiguousArtifactsFailure
build	Build with Gradle	2026-06-06T12:24:48.6787073Z Variant Selection Exception: org.gradle.internal.component.resolution.failure.exception.ArtifactSelectionException caused by Resolution Failure: org.gradle.internal.component.resolution.failure.type.AmbiguousArtifactsFailure
build	Build with Gradle	2026-06-06T12:24:48.6788796Z Variant Selection Exception: org.gradle.internal.component.resolution.failure.exception.ArtifactSelectionException caused by Resolution Failure: org.gradle.internal.component.resolution.failure.type.AmbiguousArtifactsFailure
build	Build with Gradle	2026-06-06T12:24:48.6790467Z Variant Selection Exception: org.gradle.internal.component.resolution.failure.exception.ArtifactSelectionException caused by Resolution Failure: org.gradle.internal.component.resolution.failure.type.AmbiguousArtifactsFailure
build	Build with Gradle	2026-06-06T12:24:48.6792141Z Variant Selection Exception: org.gradle.internal.component.resolution.failure.exception.ArtifactSelectionException caused by Resolution Failure: org.gradle.internal.component.resolution.failure.type.AmbiguousArtifactsFailure
build	Build with Gradle	2026-06-06T12:24:48.6793811Z Variant Selection Exception: org.gradle.internal.component.resolution.failure.exception.ArtifactSelectionException caused by Resolution Failure: org.gradle.internal.component.resolution.failure.type.AmbiguousArtifactsFailure
build	Build with Gradle	2026-06-06T12:24:48.6795033Z Stored cache entry for task ':manager:collectDependenciesRelease' with cache key cea6f9c8ad32c6a8c97ffdda9f76fd57
build	Build with Gradle	2026-06-06T12:24:48.6795831Z Resolve mutations for :manager:prepareLibraryDefinitionsRelease (Thread[#162,Execution worker Thread 3,5,main]) started.
build	Build with Gradle	2026-06-06T12:24:48.6796588Z :manager:prepareLibraryDefinitionsRelease (Thread[#162,Execution worker Thread 3,5,main]) started.
build	Build with Gradle	2026-06-06T12:24:50.6750974Z 
build	Build with Gradle	2026-06-06T12:24:50.6752623Z > Task :manager:prepareLibraryDefinitionsRelease
build	Build with Gradle	2026-06-06T12:24:50.6753823Z Build cache key for task ':manager:prepareLibraryDefinitionsRelease' is 1b9c7c8a5fb31d928ba77986986f8524
build	Build with Gradle	2026-06-06T12:24:50.6754944Z Task ':manager:prepareLibraryDefinitionsRelease' is not up-to-date because:
build	Build with Gradle	2026-06-06T12:24:50.6755690Z   No history is available.
build	Build with Gradle	2026-06-06T12:24:50.6756651Z All dependencies.size = 170
build	Build with Gradle	2026-06-06T12:24:50.6758195Z Downloading https://dl.google.com/dl/android/maven2/androidx/activity/activity/1.10.0/activity-1.10.0.pom to /home/runner/.gradle/.tmp/gradle_download13361134203546544479bin
build	Build with Gradle	2026-06-06T12:24:50.6760300Z Downloading https://dl.google.com/dl/android/maven2/androidx/activity/activity-ktx/1.10.0/activity-ktx-1.10.0.pom to /home/runner/.gradle/.tmp/gradle_download8044302860259770726bin
build	Build with Gradle	2026-06-06T12:24:50.6762565Z Downloading https://dl.google.com/dl/android/maven2/androidx/annotation/annotation-experimental/1.4.1/annotation-experimental-1.4.1.pom to /home/runner/.gradle/.tmp/gradle_download14797005926067057566bin
build	Build with Gradle	2026-06-06T12:24:50.6765150Z Downloading https://dl.google.com/dl/android/maven2/androidx/annotation/annotation-jvm/1.9.1/annotation-jvm-1.9.1.pom to /home/runner/.gradle/.tmp/gradle_download10281994843161458179bin
build	Build with Gradle	2026-06-06T12:24:50.6767577Z Downloading https://dl.google.com/dl/android/maven2/androidx/appcompat/appcompat-resources/1.7.1/appcompat-resources-1.7.1.pom to /home/runner/.gradle/.tmp/gradle_download11231899834450467029bin
build	Build with Gradle	2026-06-06T12:24:50.6769777Z Downloading https://dl.google.com/dl/android/maven2/androidx/arch/core/core-common/2.2.0/core-common-2.2.0.pom to /home/runner/.gradle/.tmp/gradle_download2857392333088595895bin
build	Build with Gradle	2026-06-06T12:24:50.6771811Z Downloading https://dl.google.com/dl/android/maven2/androidx/arch/core/core-runtime/2.2.0/core-runtime-2.2.0.pom to /home/runner/.gradle/.tmp/gradle_download10818939175087222848bin
build	Build with Gradle	2026-06-06T12:24:50.6773988Z Downloading https://dl.google.com/dl/android/maven2/androidx/biometric/biometric/1.2.0-alpha05/biometric-1.2.0-alpha05.pom to /home/runner/.gradle/.tmp/gradle_download17102516055704821476bin
build	Build with Gradle	2026-06-06T12:24:50.6776325Z Downloading https://dl.google.com/dl/android/maven2/androidx/biometric/biometric-ktx/1.2.0-alpha05/biometric-ktx-1.2.0-alpha05.pom to /home/runner/.gradle/.tmp/gradle_download14116527189645620999bin
build	Build with Gradle	2026-06-06T12:24:50.6778937Z Downloading https://dl.google.com/dl/android/maven2/androidx/browser/browser/1.8.0/browser-1.8.0.pom to /home/runner/.gradle/.tmp/gradle_download3275492306264585483bin
build	Build with Gradle	2026-06-06T12:24:50.6780965Z Downloading https://dl.google.com/dl/android/maven2/androidx/cardview/cardview/1.0.0/cardview-1.0.0.pom to /home/runner/.gradle/.tmp/gradle_download6985157108544685607bin
build	Build with Gradle	2026-06-06T12:24:50.6783028Z Downloading https://dl.google.com/dl/android/maven2/androidx/collection/collection-jvm/1.4.2/collection-jvm-1.4.2.pom to /home/runner/.gradle/.tmp/gradle_download12579757385931214750bin
build	Build with Gradle	2026-06-06T12:24:50.6785220Z Downloading https://dl.google.com/dl/android/maven2/androidx/collection/collection-ktx/1.4.2/collection-ktx-1.4.2.pom to /home/runner/.gradle/.tmp/gradle_download2185841321606695605bin
build	Build with Gradle	2026-06-06T12:24:50.6787529Z Downloading https://dl.google.com/dl/android/maven2/androidx/compose/runtime/runtime/1.2.1/runtime-1.2.1.pom to /home/runner/.gradle/.tmp/gradle_download5555212066919527635bin
build	Build with Gradle	2026-06-06T12:24:50.6789581Z Downloading https://dl.google.com/dl/android/maven2/androidx/compose/ui/ui-geometry/1.1.1/ui-geometry-1.1.1.pom to /home/runner/.gradle/.tmp/gradle_download6043358312828851650bin
build	Build with Gradle	2026-06-06T12:24:50.6791777Z Downloading https://dl.google.com/dl/android/maven2/androidx/compose/ui/ui-graphics/1.1.1/ui-graphics-1.1.1.pom to /home/runner/.gradle/.tmp/gradle_download540055964278150000bin
build	Build with Gradle	2026-06-06T12:24:50.6793770Z Downloading https://dl.google.com/dl/android/maven2/androidx/compose/ui/ui-unit/1.1.1/ui-unit-1.1.1.pom to /home/runner/.gradle/.tmp/gradle_download14139926447377972114bin
build	Build with Gradle	2026-06-06T12:24:50.6795931Z Downloading https://dl.google.com/dl/android/maven2/androidx/compose/ui/ui-util/1.1.1/ui-util-1.1.1.pom to /home/runner/.gradle/.tmp/gradle_download8255796274849506382bin
build	Build with Gradle	2026-06-06T12:24:50.6798241Z Downloading https://dl.google.com/dl/android/maven2/androidx/concurrent/concurrent-futures/1.1.0/concurrent-futures-1.1.0.pom to /home/runner/.gradle/.tmp/gradle_download13514325545656957578bin
build	Build with Gradle	2026-06-06T12:24:50.6800860Z Downloading https://dl.google.com/dl/android/maven2/androidx/concurrent/concurrent-futures-ktx/1.1.0/concurrent-futures-ktx-1.1.0.pom to /home/runner/.gradle/.tmp/gradle_download3593108452141978824bin
build	Build with Gradle	2026-06-06T12:24:50.6803483Z Downloading https://dl.google.com/dl/android/maven2/androidx/constraintlayout/constraintlayout/2.2.1/constraintlayout-2.2.1.pom to /home/runner/.gradle/.tmp/gradle_download6392102435709312924bin
build	Build with Gradle	2026-06-06T12:24:50.6806179Z Downloading https://dl.google.com/dl/android/maven2/androidx/constraintlayout/constraintlayout-core/1.1.1/constraintlayout-core-1.1.1.pom to /home/runner/.gradle/.tmp/gradle_download5100526383954458381bin
build	Build with Gradle	2026-06-06T12:24:50.6809065Z Downloading https://dl.google.com/dl/android/maven2/androidx/coordinatorlayout/coordinatorlayout/1.1.0/coordinatorlayout-1.1.0.pom to /home/runner/.gradle/.tmp/gradle_download8529881938230717102bin
build	Build with Gradle	2026-06-06T12:24:50.6811379Z Downloading https://dl.google.com/dl/android/maven2/androidx/core/core/1.16.0/core-1.16.0.pom to /home/runner/.gradle/.tmp/gradle_download4829994094004613416bin
build	Build with Gradle	2026-06-06T12:24:50.6813450Z Downloading https://dl.google.com/dl/android/maven2/androidx/core/core-ktx/1.16.0/core-ktx-1.16.0.pom to /home/runner/.gradle/.tmp/gradle_download496090023659064995bin
build	Build with Gradle	2026-06-06T12:24:50.6815655Z Downloading https://dl.google.com/dl/android/maven2/androidx/core/core-remoteviews/1.1.0/core-remoteviews-1.1.0.pom to /home/runner/.gradle/.tmp/gradle_download60174826689248423bin
build	Build with Gradle	2026-06-06T12:24:50.6818096Z Downloading https://dl.google.com/dl/android/maven2/androidx/core/core-splashscreen/1.0.1/core-splashscreen-1.0.1.pom to /home/runner/.gradle/.tmp/gradle_download14791950612224708581bin
build	Build with Gradle	2026-06-06T12:24:50.6820282Z Downloading https://dl.google.com/dl/android/maven2/androidx/core/core-viewtree/1.0.0/core-viewtree-1.0.0.pom to /home/runner/.gradle/.tmp/gradle_download12497073068282555540bin
build	Build with Gradle	2026-06-06T12:24:50.6822486Z Downloading https://dl.google.com/dl/android/maven2/androidx/cursoradapter/cursoradapter/1.0.0/cursoradapter-1.0.0.pom to /home/runner/.gradle/.tmp/gradle_download8045944229321148bin
build	Build with Gradle	2026-06-06T12:24:50.6824742Z Downloading https://dl.google.com/dl/android/maven2/androidx/customview/customview/1.2.0/customview-1.2.0.pom to /home/runner/.gradle/.tmp/gradle_download10397220077855217676bin
build	Build with Gradle	2026-06-06T12:24:50.7759926Z Downloading https://dl.google.com/dl/android/maven2/androidx/customview/customview-poolingcontainer/1.0.0/customview-poolingcontainer-1.0.0.pom to /home/runner/.gradle/.tmp/gradle_download6200932433075541453bin
build	Build with Gradle	2026-06-06T12:24:50.8751222Z Downloading https://dl.google.com/dl/android/maven2/androidx/databinding/viewbinding/8.11.1/viewbinding-8.11.1.pom to /home/runner/.gradle/.tmp/gradle_download17810718652618618775bin
build	Build with Gradle	2026-06-06T12:24:50.8753899Z Could not get the name for androidx.databinding:viewbinding! Fallback to 'androidx.databinding:viewbinding'
build	Build with Gradle	2026-06-06T12:24:50.8755894Z Downloading https://dl.google.com/dl/android/maven2/androidx/datastore/datastore/1.0.0/datastore-1.0.0.pom to /home/runner/.gradle/.tmp/gradle_download10515399904495459424bin
build	Build with Gradle	2026-06-06T12:24:50.9751176Z Downloading https://dl.google.com/dl/android/maven2/androidx/datastore/datastore-core/1.0.0/datastore-core-1.0.0.pom to /home/runner/.gradle/.tmp/gradle_download5644228284316651476bin
build	Build with Gradle	2026-06-06T12:24:50.9753774Z Downloading https://dl.google.com/dl/android/maven2/androidx/datastore/datastore-preferences/1.0.0/datastore-preferences-1.0.0.pom to /home/runner/.gradle/.tmp/gradle_download18027903440703311282bin
build	Build with Gradle	2026-06-06T12:24:50.9756523Z Downloading https://dl.google.com/dl/android/maven2/androidx/datastore/datastore-preferences-core/1.0.0/datastore-preferences-core-1.0.0.pom to /home/runner/.gradle/.tmp/gradle_download18337573173640783518bin
build	Build with Gradle	2026-06-06T12:24:51.0750551Z Downloading https://dl.google.com/dl/android/maven2/androidx/drawerlayout/drawerlayout/1.1.1/drawerlayout-1.1.1.pom to /home/runner/.gradle/.tmp/gradle_download12818675576550733746bin
build	Build with Gradle	2026-06-06T12:24:51.0751889Z Downloading https://dl.google.com/dl/android/maven2/androidx/dynamicanimation/dynamicanimation/1.1.0/dynamicanimation-1.1.0.pom to /home/runner/.gradle/.tmp/gradle_download1730387441669682131bin
build	Build with Gradle	2026-06-06T12:24:51.1750125Z Downloading https://dl.google.com/dl/android/maven2/androidx/emoji2/emoji2/1.2.0/emoji2-1.2.0.pom to /home/runner/.gradle/.tmp/gradle_download9108071239979273243bin
build	Build with Gradle	2026-06-06T12:24:51.1751348Z Downloading https://dl.google.com/dl/android/maven2/androidx/emoji2/emoji2-views-helper/1.2.0/emoji2-views-helper-1.2.0.pom to /home/runner/.gradle/.tmp/gradle_download3626419507931941032bin
build	Build with Gradle	2026-06-06T12:24:51.2760300Z Downloading https://dl.google.com/dl/android/maven2/androidx/exifinterface/exifinterface/1.4.2/exifinterface-1.4.2.pom to /home/runner/.gradle/.tmp/gradle_download14560725328797738896bin
build	Build with Gradle	2026-06-06T12:24:51.2763179Z Downloading https://dl.google.com/dl/android/maven2/androidx/fragment/fragment/1.8.7/fragment-1.8.7.pom to /home/runner/.gradle/.tmp/gradle_download6475649908991930702bin
build	Build with Gradle	2026-06-06T12:24:51.3750778Z Downloading https://dl.google.com/dl/android/maven2/androidx/fragment/fragment-ktx/1.8.7/fragment-ktx-1.8.7.pom to /home/runner/.gradle/.tmp/gradle_download7589711337629089469bin
build	Build with Gradle	2026-06-06T12:24:51.4751000Z Downloading https://dl.google.com/dl/android/maven2/androidx/glance/glance/1.1.1/glance-1.1.1.pom to /home/runner/.gradle/.tmp/gradle_download15011056907387775210bin
build	Build with Gradle	2026-06-06T12:24:51.5750195Z Downloading https://dl.google.com/dl/android/maven2/androidx/glance/glance-appwidget/1.1.1/glance-appwidget-1.1.1.pom to /home/runner/.gradle/.tmp/gradle_download10508673690228559631bin
build	Build with Gradle	2026-06-06T12:24:51.6750561Z Downloading https://dl.google.com/dl/android/maven2/androidx/glance/glance-appwidget-external-protobuf/1.1.1/glance-appwidget-external-protobuf-1.1.1.pom to /home/runner/.gradle/.tmp/gradle_download5145239580109036194bin
build	Build with Gradle	2026-06-06T12:24:51.6752056Z Downloading https://dl.google.com/dl/android/maven2/androidx/glance/glance-appwidget-proto/1.1.1/glance-appwidget-proto-1.1.1.pom to /home/runner/.gradle/.tmp/gradle_download7043875621121123289bin
build	Build with Gradle	2026-06-06T12:24:51.7751250Z Downloading https://dl.google.com/dl/android/maven2/androidx/graphics/graphics-shapes-android/1.0.1/graphics-shapes-android-1.0.1.pom to /home/runner/.gradle/.tmp/gradle_download13565379826695083554bin
build	Build with Gradle	2026-06-06T12:24:51.7753770Z Downloading https://dl.google.com/dl/android/maven2/androidx/interpolator/interpolator/1.0.0/interpolator-1.0.0.pom to /home/runner/.gradle/.tmp/gradle_download17969927428563965458bin
build	Build with Gradle	2026-06-06T12:24:51.8750518Z Downloading https://dl.google.com/dl/android/maven2/androidx/lifecycle/lifecycle-common-java8/2.9.4/lifecycle-common-java8-2.9.4.pom to /home/runner/.gradle/.tmp/gradle_download12105274292617499527bin
build	Build with Gradle	2026-06-06T12:24:51.8751960Z Downloading https://dl.google.com/dl/android/maven2/androidx/lifecycle/lifecycle-common-jvm/2.9.4/lifecycle-common-jvm-2.9.4.pom to /home/runner/.gradle/.tmp/gradle_download1029616358670476321bin
build	Build with Gradle	2026-06-06T12:24:51.8753236Z Downloading https://dl.google.com/dl/android/maven2/androidx/lifecycle/lifecycle-livedata/2.9.4/lifecycle-livedata-2.9.4.pom to /home/runner/.gradle/.tmp/gradle_download2861053906835073937bin
build	Build with Gradle	2026-06-06T12:24:51.9750858Z Downloading https://dl.google.com/dl/android/maven2/androidx/lifecycle/lifecycle-livedata-core/2.9.4/lifecycle-livedata-core-2.9.4.pom to /home/runner/.gradle/.tmp/gradle_download3390038799984000999bin
build	Build with Gradle	2026-06-06T12:24:51.9752311Z Downloading https://dl.google.com/dl/android/maven2/androidx/lifecycle/lifecycle-livedata-core-ktx/2.9.4/lifecycle-livedata-core-ktx-2.9.4.pom to /home/runner/.gradle/.tmp/gradle_download5075381866465866063bin
build	Build with Gradle	2026-06-06T12:24:52.1750586Z Downloading https://dl.google.com/dl/android/maven2/androidx/lifecycle/lifecycle-livedata-ktx/2.9.4/lifecycle-livedata-ktx-2.9.4.pom to /home/runner/.gradle/.tmp/gradle_download13822798445815328731bin
build	Build with Gradle	2026-06-06T12:24:52.1752001Z Downloading https://dl.google.com/dl/android/maven2/androidx/lifecycle/lifecycle-process/2.9.4/lifecycle-process-2.9.4.pom to /home/runner/.gradle/.tmp/gradle_download4165579874519056632bin
build	Build with Gradle	2026-06-06T12:24:52.2750690Z Downloading https://dl.google.com/dl/android/maven2/androidx/lifecycle/lifecycle-runtime-android/2.9.4/lifecycle-runtime-android-2.9.4.pom to /home/runner/.gradle/.tmp/gradle_download12282218354891447274bin
build	Build with Gradle	2026-06-06T12:24:52.2752188Z Downloading https://dl.google.com/dl/android/maven2/androidx/lifecycle/lifecycle-runtime-ktx-android/2.9.4/lifecycle-runtime-ktx-android-2.9.4.pom to /home/runner/.gradle/.tmp/gradle_download10368446903225774684bin
build	Build with Gradle	2026-06-06T12:24:52.3750638Z Downloading https://dl.google.com/dl/android/maven2/androidx/lifecycle/lifecycle-service/2.9.4/lifecycle-service-2.9.4.pom to /home/runner/.gradle/.tmp/gradle_download5306785036935405108bin
build	Build with Gradle	2026-06-06T12:24:52.4750416Z Downloading https://dl.google.com/dl/android/maven2/androidx/lifecycle/lifecycle-viewmodel/2.9.4/lifecycle-viewmodel-2.9.4.pom to /home/runner/.gradle/.tmp/gradle_download14150213960382493748bin
build	Build with Gradle	2026-06-06T12:24:52.4751865Z Downloading https://dl.google.com/dl/android/maven2/androidx/lifecycle/lifecycle-viewmodel-android/2.9.4/lifecycle-viewmodel-android-2.9.4.pom to /home/runner/.gradle/.tmp/gradle_download18207357541216212459bin
build	Build with Gradle	2026-06-06T12:24:52.4753250Z Downloading https://dl.google.com/dl/android/maven2/androidx/lifecycle/lifecycle-viewmodel-ktx/2.9.4/lifecycle-viewmodel-ktx-2.9.4.pom to /home/runner/.gradle/.tmp/gradle_download16597471643682062169bin
build	Build with Gradle	2026-06-06T12:24:52.5751408Z Downloading https://dl.google.com/dl/android/maven2/androidx/lifecycle/lifecycle-viewmodel-savedstate-android/2.9.4/lifecycle-viewmodel-savedstate-android-2.9.4.pom to /home/runner/.gradle/.tmp/gradle_download15319474568564418929bin
build	Build with Gradle	2026-06-06T12:24:52.5753072Z Downloading https://dl.google.com/dl/android/maven2/androidx/loader/loader/1.0.0/loader-1.0.0.pom to /home/runner/.gradle/.tmp/gradle_download12623783998760154025bin
build	Build with Gradle	2026-06-06T12:24:52.6752130Z Downloading https://dl.google.com/dl/android/maven2/androidx/preference/preference/1.2.1/preference-1.2.1.pom to /home/runner/.gradle/.tmp/gradle_download10515234097390001494bin
build	Build with Gradle	2026-06-06T12:24:52.7763591Z Downloading https://dl.google.com/dl/android/maven2/androidx/preference/preference-ktx/1.2.1/preference-ktx-1.2.1.pom to /home/runner/.gradle/.tmp/gradle_download4637026722328182296bin
build	Build with Gradle	2026-06-06T12:24:52.7766272Z Downloading https://dl.google.com/dl/android/maven2/androidx/recyclerview/recyclerview/1.4.0/recyclerview-1.4.0.pom to /home/runner/.gradle/.tmp/gradle_download11940114118320254939bin
build	Build with Gradle	2026-06-06T12:24:52.8750802Z Downloading https://dl.google.com/dl/android/maven2/androidx/resourceinspection/resourceinspection-annotation/1.0.1/resourceinspection-annotation-1.0.1.pom to /home/runner/.gradle/.tmp/gradle_download10083139800525201409bin
build	Build with Gradle	2026-06-06T12:24:52.8753342Z Downloading https://dl.google.com/dl/android/maven2/androidx/room/room-common/2.6.1/room-common-2.6.1.pom to /home/runner/.gradle/.tmp/gradle_download1019091046283293447bin
build	Build with Gradle	2026-06-06T12:24:52.9750802Z Downloading https://dl.google.com/dl/android/maven2/androidx/room/room-ktx/2.6.1/room-ktx-2.6.1.pom to /home/runner/.gradle/.tmp/gradle_download4866001571824603758bin
build	Build with Gradle	2026-06-06T12:24:52.9752016Z Downloading https://dl.google.com/dl/android/maven2/androidx/room/room-runtime/2.6.1/room-runtime-2.6.1.pom to /home/runner/.gradle/.tmp/gradle_download11664524225739951239bin
build	Build with Gradle	2026-06-06T12:24:53.0750942Z Downloading https://dl.google.com/dl/android/maven2/androidx/savedstate/savedstate-android/1.3.1/savedstate-android-1.3.1.pom to /home/runner/.gradle/.tmp/gradle_download7391451255217691494bin
build	Build with Gradle	2026-06-06T12:24:53.0753601Z Downloading https://dl.google.com/dl/android/maven2/androidx/savedstate/savedstate-ktx/1.3.1/savedstate-ktx-1.3.1.pom to /home/runner/.gradle/.tmp/gradle_download12503839842350279214bin
build	Build with Gradle	2026-06-06T12:24:53.1750328Z Downloading https://dl.google.com/dl/android/maven2/androidx/slidingpanelayout/slidingpanelayout/1.2.0/slidingpanelayout-1.2.0.pom to /home/runner/.gradle/.tmp/gradle_download677500745662105784bin
build	Build with Gradle	2026-06-06T12:24:53.2750443Z Downloading https://dl.google.com/dl/android/maven2/androidx/sqlite/sqlite/2.4.0/sqlite-2.4.0.pom to /home/runner/.gradle/.tmp/gradle_download12298128049979370699bin
build	Build with Gradle	2026-06-06T12:24:53.2752444Z Downloading https://dl.google.com/dl/android/maven2/androidx/sqlite/sqlite-framework/2.4.0/sqlite-framework-2.4.0.pom to /home/runner/.gradle/.tmp/gradle_download8113220896981678796bin
build	Build with Gradle	2026-06-06T12:24:53.2753643Z Downloading https://dl.google.com/dl/android/maven2/androidx/startup/startup-runtime/1.1.1/startup-runtime-1.1.1.pom to /home/runner/.gradle/.tmp/gradle_download7028610821549702872bin
build	Build with Gradle	2026-06-06T12:24:53.3750901Z Downloading https://dl.google.com/dl/android/maven2/androidx/swiperefreshlayout/swiperefreshlayout/1.1.0/swiperefreshlayout-1.1.0.pom to /home/runner/.gradle/.tmp/gradle_download17431894647692843772bin
build	Build with Gradle	2026-06-06T12:24:53.3752516Z Downloading https://dl.google.com/dl/android/maven2/androidx/tracing/tracing/1.2.0/tracing-1.2.0.pom to /home/runner/.gradle/.tmp/gradle_download16203548800812233305bin
build	Build with Gradle	2026-06-06T12:24:53.4750469Z Downloading https://dl.google.com/dl/android/maven2/androidx/tracing/tracing-ktx/1.2.0/tracing-ktx-1.2.0.pom to /home/runner/.gradle/.tmp/gradle_download13712470205228723629bin
build	Build with Gradle	2026-06-06T12:24:53.5750400Z Downloading https://dl.google.com/dl/android/maven2/androidx/transition/transition/1.5.1/transition-1.5.1.pom to /home/runner/.gradle/.tmp/gradle_download5906730495037692645bin
build	Build with Gradle	2026-06-06T12:24:53.5751700Z Downloading https://dl.google.com/dl/android/maven2/androidx/transition/transition-ktx/1.5.1/transition-ktx-1.5.1.pom to /home/runner/.gradle/.tmp/gradle_download8471569256857355426bin
build	Build with Gradle	2026-06-06T12:24:53.6750592Z Downloading https://dl.google.com/dl/android/maven2/androidx/vectordrawable/vectordrawable/1.1.0/vectordrawable-1.1.0.pom to /home/runner/.gradle/.tmp/gradle_download6338640192431608000bin
build	Build with Gradle	2026-06-06T12:24:53.6752077Z Downloading https://dl.google.com/dl/android/maven2/androidx/vectordrawable/vectordrawable-animated/1.1.0/vectordrawable-animated-1.1.0.pom to /home/runner/.gradle/.tmp/gradle_download1444028677700937354bin
build	Build with Gradle	2026-06-06T12:24:53.7769555Z Downloading https://dl.google.com/dl/android/maven2/androidx/versionedparcelable/versionedparcelable/1.1.1/versionedparcelable-1.1.1.pom to /home/runner/.gradle/.tmp/gradle_download1822745663158547573bin
build	Build with Gradle	2026-06-06T12:24:53.7772141Z Downloading https://dl.google.com/dl/android/maven2/androidx/viewpager2/viewpager2/1.1.0-beta02/viewpager2-1.1.0-beta02.pom to /home/runner/.gradle/.tmp/gradle_download10086832670635787225bin
build	Build with Gradle	2026-06-06T12:24:53.8751172Z Downloading https://dl.google.com/dl/android/maven2/androidx/viewpager/viewpager/1.0.0/viewpager-1.0.0.pom to /home/runner/.gradle/.tmp/gradle_download717128283072965304bin
build	Build with Gradle	2026-06-06T12:24:53.8752367Z Downloading https://dl.google.com/dl/android/maven2/androidx/window/window/1.0.0/window-1.0.0.pom to /home/runner/.gradle/.tmp/gradle_download4772214232045609337bin
build	Build with Gradle	2026-06-06T12:24:53.9750502Z Downloading https://dl.google.com/dl/android/maven2/androidx/work/work-runtime/2.10.4/work-runtime-2.10.4.pom to /home/runner/.gradle/.tmp/gradle_download18442805944272770414bin
build	Build with Gradle	2026-06-06T12:24:54.0750200Z Downloading https://dl.google.com/dl/android/maven2/androidx/work/work-runtime-ktx/2.10.4/work-runtime-ktx-2.10.4.pom to /home/runner/.gradle/.tmp/gradle_download5892584907128292280bin
build	Build with Gradle	2026-06-06T12:24:54.1750456Z Downloading https://repo.maven.apache.org/maven2/co/touchlab/stately-concurrency-jvm/2.1.0/stately-concurrency-jvm-2.1.0.pom to /home/runner/.gradle/.tmp/gradle_download4452902320637400302bin
build	Build with Gradle	2026-06-06T12:24:54.1751890Z Downloading https://repo.maven.apache.org/maven2/co/touchlab/stately-concurrent-collections-jvm/2.1.0/stately-concurrent-collections-jvm-2.1.0.pom to /home/runner/.gradle/.tmp/gradle_download8096472653198981730bin
build	Build with Gradle	2026-06-06T12:24:54.2751133Z Downloading https://repo.maven.apache.org/maven2/co/touchlab/stately-strict-jvm/2.1.0/stately-strict-jvm-2.1.0.pom to /home/runner/.gradle/.tmp/gradle_download12377511329127265662bin
build	Build with Gradle	2026-06-06T12:24:54.2752749Z Downloading https://repo.maven.apache.org/maven2/com/abovevacant/epitaph/0.1.1/epitaph-0.1.1.pom to /home/runner/.gradle/.tmp/gradle_download11815453651345079289bin
build	Build with Gradle	2026-06-06T12:24:54.3750781Z Downloading https://repo.maven.apache.org/maven2/com/airbnb/android/lottie/6.6.2/lottie-6.6.2.pom to /home/runner/.gradle/.tmp/gradle_download1930854913411582365bin
build	Build with Gradle	2026-06-06T12:24:54.3752626Z Downloading https://repo.maven.apache.org/maven2/com/airbnb/android/mavericks/3.0.9/mavericks-3.0.9.pom to /home/runner/.gradle/.tmp/gradle_download4261164728001084135bin
build	Build with Gradle	2026-06-06T12:24:54.4750335Z Downloading https://repo.maven.apache.org/maven2/com/airbnb/android/mavericks-common/3.0.9/mavericks-common-3.0.9.pom to /home/runner/.gradle/.tmp/gradle_download742996385347518350bin
build	Build with Gradle	2026-06-06T12:24:54.4751818Z Downloading https://jitpack.io/com/github/topjohnwu/libsu/core/6.0.0/core-6.0.0.pom to /home/runner/.gradle/.tmp/gradle_download7201942694721591602bin
build	Build with Gradle	2026-06-06T12:24:54.4752711Z Could not get the name for com.github.topjohnwu.libsu:core! Fallback to 'com.github.topjohnwu.libsu:core'
build	Build with Gradle	2026-06-06T12:24:54.5750472Z Downloading https://dl.google.com/dl/android/maven2/com/google/android/material/material/1.14.0-beta01/material-1.14.0-beta01.pom to /home/runner/.gradle/.tmp/gradle_download3363265408226066453bin
build	Build with Gradle	2026-06-06T12:24:54.6751083Z Downloading https://repo.maven.apache.org/maven2/com/google/code/gson/gson/2.13.1/gson-2.13.1.pom to /home/runner/.gradle/.tmp/gradle_download12811117558137617627bin
build	Build with Gradle	2026-06-06T12:24:54.6752277Z Downloading https://repo.maven.apache.org/maven2/com/google/code/gson/gson-parent/2.13.1/gson-parent-2.13.1.pom to /home/runner/.gradle/.tmp/gradle_download1011977565710481494bin
build	Build with Gradle	2026-06-06T12:24:54.6753192Z --> Retrieved POM for: com.google.code.gson:gson from com.google.code.gson:gson-parent:2.13.1
build	Build with Gradle	2026-06-06T12:24:54.6753868Z ----> Had to fallback to parent 'description' for 'com.google.code.gson:gson' -- result: Gson JSON library
build	Build with Gradle	2026-06-06T12:24:54.6754505Z ----> Had to fallback to parent 'version' for 'com.google.code.gson:gson' -- result: 2.13.1
build	Build with Gradle	2026-06-06T12:24:54.6755182Z ----> Had to fallback to parent 'homePage' for 'com.google.code.gson:gson' -- result: https://github.com/google/gson
build	Build with Gradle	2026-06-06T12:24:54.6756285Z ----> Had to fallback to parent 'scm' for 'com.google.code.gson:gson' -- result: Scm(connection=scm:git:https://github.com/google/gson.git, developerConnection=scm:git:git@github.com:google/gson.git, url=https://github.com/google/gson/)
build	Build with Gradle	2026-06-06T12:24:54.7759759Z Downloading https://repo.maven.apache.org/maven2/com/google/errorprone/error_prone_annotations/2.38.0/error_prone_annotations-2.38.0.pom to /home/runner/.gradle/.tmp/gradle_download5674613168500045737bin
build	Build with Gradle	2026-06-06T12:24:54.7762428Z Downloading https://repo.maven.apache.org/maven2/com/google/errorprone/error_prone_parent/2.38.0/error_prone_parent-2.38.0.pom to /home/runner/.gradle/.tmp/gradle_download7302788185116797046bin
build	Build with Gradle	2026-06-06T12:24:54.7764361Z --> Retrieved POM for: com.google.errorprone:error_prone_annotations from com.google.errorprone:error_prone_parent:2.38.0
build	Build with Gradle	2026-06-06T12:24:54.7766395Z ----> Had to fallback to parent 'description' for 'com.google.errorprone:error_prone_annotations' -- result: Error Prone is a static analysis tool for Java that catches common programming mistakes at compile-time.
build	Build with Gradle	2026-06-06T12:24:54.7768535Z ----> Had to fallback to parent 'version' for 'com.google.errorprone:error_prone_annotations' -- result: 2.38.0
build	Build with Gradle	2026-06-06T12:24:54.7769976Z ----> Had to fallback to parent 'homePage' for 'com.google.errorprone:error_prone_annotations' -- result: https://errorprone.info
build	Build with Gradle	2026-06-06T12:24:54.7772423Z ----> Had to fallback to parent 'scm' for 'com.google.errorprone:error_prone_annotations' -- result: Scm(connection=scm:git:https://github.com/google/error-prone.git, developerConnection=scm:git:git@github.com:google/error-prone.git, url=https://github.com/google/error-prone)
build	Build with Gradle	2026-06-06T12:24:54.7775324Z ----> Had to fallback to parent 'organization' for 'com.google.errorprone:error_prone_annotations' -- result: Organization(name=Google LLC, url=https://www.google.com)
build	Build with Gradle	2026-06-06T12:24:54.7777871Z Downloading https://repo.maven.apache.org/maven2/com/google/guava/listenablefuture/1.0/listenablefuture-1.0.pom to /home/runner/.gradle/.tmp/gradle_download15019097149183002461bin
build	Build with Gradle	2026-06-06T12:24:54.8750788Z Downloading https://repo.maven.apache.org/maven2/com/google/guava/guava-parent/26.0-android/guava-parent-26.0-android.pom to /home/runner/.gradle/.tmp/gradle_download8918098423564588561bin
build	Build with Gradle	2026-06-06T12:24:54.8751899Z --> Retrieved POM for: com.google.guava:listenablefuture from com.google.guava:guava-parent:26.0-android
build	Build with Gradle	2026-06-06T12:24:54.8752815Z Downloading https://repo.maven.apache.org/maven2/org/sonatype/oss/oss-parent/9/oss-parent-9.pom to /home/runner/.gradle/.tmp/gradle_download6700147803058357870bin
build	Build with Gradle	2026-06-06T12:24:54.8753951Z ----> Retrieved POM for: com.google.guava:listenablefuture from org.sonatype.oss:oss-parent:9
build	Build with Gradle	2026-06-06T12:24:54.8754708Z ----> Had to fallback to parent 'homePage' for 'com.google.guava:listenablefuture' -- result: https://github.com/google/guava
build	Build with Gradle	2026-06-06T12:24:54.8755409Z ----> Had to fallback to parent 'licenses' for 'com.google.guava:listenablefuture'
build	Build with Gradle	2026-06-06T12:24:54.8756465Z ----> Had to fallback to parent 'scm' for 'com.google.guava:listenablefuture' -- result: Scm(connection=scm:git:https://github.com/google/guava.git, developerConnection=scm:git:git@github.com:google/guava.git, url=https://github.com/google/guava)
build	Build with Gradle	2026-06-06T12:24:54.9750384Z Downloading https://repo.maven.apache.org/maven2/com/jakewharton/timber/timber/5.0.1/timber-5.0.1.pom to /home/runner/.gradle/.tmp/gradle_download15344941489046402546bin
build	Build with Gradle	2026-06-06T12:24:54.9751717Z Downloading https://repo.maven.apache.org/maven2/com/mikepenz/aboutlibraries-core-android/11.6.3/aboutlibraries-core-android-11.6.3.pom to /home/runner/.gradle/.tmp/gradle_download1740161843803461141bin
build	Build with Gradle	2026-06-06T12:24:55.0750711Z Downloading https://repo.maven.apache.org/maven2/com/squareup/okhttp3/okhttp/4.12.0/okhttp-4.12.0.pom to /home/runner/.gradle/.tmp/gradle_download6173557225103602831bin
build	Build with Gradle	2026-06-06T12:24:55.0751932Z Downloading https://repo.maven.apache.org/maven2/com/squareup/okio/okio-jvm/3.16.4/okio-jvm-3.16.4.pom to /home/runner/.gradle/.tmp/gradle_download5642126801267196662bin
build	Build with Gradle	2026-06-06T12:24:55.1751046Z Downloading https://repo.maven.apache.org/maven2/dev/rikka/hidden/compat/4.4.0/compat-4.4.0.pom to /home/runner/.gradle/.tmp/gradle_download15962841583910007564bin
build	Build with Gradle	2026-06-06T12:24:55.1752611Z Downloading https://repo.maven.apache.org/maven2/dev/rikka/hidden/stub/4.4.0/stub-4.4.0.pom to /home/runner/.gradle/.tmp/gradle_download17196394684899397082bin
build	Build with Gradle	2026-06-06T12:24:55.2749909Z Downloading https://repo.maven.apache.org/maven2/dev/rikka/rikkax/appcompat/appcompat/1.6.1/appcompat-1.6.1.pom to /home/runner/.gradle/.tmp/gradle_download16886320678777103423bin
build	Build with Gradle	2026-06-06T12:24:55.2751228Z Downloading https://repo.maven.apache.org/maven2/dev/rikka/rikkax/buildcompat/buildcompat/34.0.1/buildcompat-34.0.1.pom to /home/runner/.gradle/.tmp/gradle_download16546109954009711351bin
build	Build with Gradle	2026-06-06T12:24:55.2752739Z Downloading https://repo.maven.apache.org/maven2/dev/rikka/rikkax/compatibility/compatibility/2.0.0/compatibility-2.0.0.pom to /home/runner/.gradle/.tmp/gradle_download2904662165059955629bin
build	Build with Gradle	2026-06-06T12:24:55.3750720Z Downloading https://repo.maven.apache.org/maven2/dev/rikka/rikkax/core/core/1.4.1/core-1.4.1.pom to /home/runner/.gradle/.tmp/gradle_download14288296432256569794bin
build	Build with Gradle	2026-06-06T12:24:55.3753491Z Downloading https://repo.maven.apache.org/maven2/dev/rikka/rikkax/core/core-ktx/1.4.1/core-ktx-1.4.1.pom to /home/runner/.gradle/.tmp/gradle_download10837830362210640177bin
build	Build with Gradle	2026-06-06T12:24:55.4750612Z Downloading https://repo.maven.apache.org/maven2/dev/rikka/rikkax/html/html/1.1.2/html-1.1.2.pom to /home/runner/.gradle/.tmp/gradle_download16070743422118982892bin
build	Build with Gradle	2026-06-06T12:24:55.4752948Z Downloading https://repo.maven.apache.org/maven2/dev/rikka/rikkax/html/html-ktx/1.1.2/html-ktx-1.1.2.pom to /home/runner/.gradle/.tmp/gradle_download698129689513590444bin
build	Build with Gradle	2026-06-06T12:24:55.5750547Z Downloading https://repo.maven.apache.org/maven2/dev/rikka/rikkax/insets/insets/1.3.0/insets-1.3.0.pom to /home/runner/.gradle/.tmp/gradle_download14303494058051095125bin
build	Build with Gradle	2026-06-06T12:24:55.5752077Z Downloading https://repo.maven.apache.org/maven2/dev/rikka/rikkax/layoutinflater/layoutinflater/1.3.0/layoutinflater-1.3.0.pom to /home/runner/.gradle/.tmp/gradle_download6849066841983844627bin
build	Build with Gradle	2026-06-06T12:24:55.6751192Z Downloading https://repo.maven.apache.org/maven2/dev/rikka/rikkax/lazy/lazy/2.0.0/lazy-2.0.0.pom to /home/runner/.gradle/.tmp/gradle_download14689447002185390747bin
build	Build with Gradle	2026-06-06T12:24:55.6753730Z Downloading https://repo.maven.apache.org/maven2/dev/rikka/rikkax/lifecycle/lifecycle-resource-livedata/1.0.1/lifecycle-resource-livedata-1.0.1.pom to /home/runner/.gradle/.tmp/gradle_download15221447956695489000bin
build	Build with Gradle	2026-06-06T12:24:55.6756620Z Downloading https://repo.maven.apache.org/maven2/dev/rikka/rikkax/material/material/2.7.2/material-2.7.2.pom to /home/runner/.gradle/.tmp/gradle_download6663060975428055040bin
build	Build with Gradle	2026-06-06T12:24:55.7752132Z Downloading https://repo.maven.apache.org/maven2/dev/rikka/rikkax/material/material-preference/2.0.0/material-preference-2.0.0.pom to /home/runner/.gradle/.tmp/gradle_download11174984958605835522bin
build	Build with Gradle	2026-06-06T12:24:55.7756574Z Downloading https://repo.maven.apache.org/maven2/dev/rikka/rikkax/parcelablelist/parcelablelist/2.0.1/parcelablelist-2.0.1.pom to /home/runner/.gradle/.tmp/gradle_download3560532957937765405bin
build	Build with Gradle	2026-06-06T12:24:55.8750619Z Downloading https://repo.maven.apache.org/maven2/dev/rikka/rikkax/preference/simplemenu-preference/1.0.3/simplemenu-preference-1.0.3.pom to /home/runner/.gradle/.tmp/gradle_download10287102166336735914bin
build	Build with Gradle	2026-06-06T12:24:55.9749960Z Downloading https://repo.maven.apache.org/maven2/dev/rikka/rikkax/recyclerview/recyclerview-adapter/1.3.0/recyclerview-adapter-1.3.0.pom to /home/runner/.gradle/.tmp/gradle_download6776486682666543374bin
build	Build with Gradle	2026-06-06T12:24:55.9751583Z Downloading https://repo.maven.apache.org/maven2/dev/rikka/rikkax/recyclerview/recyclerview-ktx/1.3.2/recyclerview-ktx-1.3.2.pom to /home/runner/.gradle/.tmp/gradle_download2118858605578355083bin
build	Build with Gradle	2026-06-06T12:24:56.0750061Z Downloading https://repo.maven.apache.org/maven2/dev/rikka/rikkax/widget/switchbar/1.0.2/switchbar-1.0.2.pom to /home/runner/.gradle/.tmp/gradle_download5000228748568806399bin
build	Build with Gradle	2026-06-06T12:24:56.0751524Z Downloading https://repo.maven.apache.org/maven2/dev/rikka/tools/refine/annotation/4.4.0/annotation-4.4.0.pom to /home/runner/.gradle/.tmp/gradle_download1736254479241822399bin
build	Build with Gradle	2026-06-06T12:24:56.1750939Z Downloading https://repo.maven.apache.org/maven2/dev/rikka/tools/refine/runtime/4.4.0/runtime-4.4.0.pom to /home/runner/.gradle/.tmp/gradle_download11122331698674068083bin
build	Build with Gradle	2026-06-06T12:24:56.1752232Z Downloading https://repo.maven.apache.org/maven2/io/coil-kt/coil3/coil-android/3.4.0/coil-android-3.4.0.pom to /home/runner/.gradle/.tmp/gradle_download6568192501433474709bin
build	Build with Gradle	2026-06-06T12:24:56.2750713Z Downloading https://repo.maven.apache.org/maven2/io/coil-kt/coil3/coil-core-android/3.4.0/coil-core-android-3.4.0.pom to /home/runner/.gradle/.tmp/gradle_download16640704675411662113bin
build	Build with Gradle	2026-06-06T12:24:56.2752869Z Downloading https://repo.maven.apache.org/maven2/io/coil-kt/coil3/coil-network-core-android/3.4.0/coil-network-core-android-3.4.0.pom to /home/runner/.gradle/.tmp/gradle_download2791103556597703364bin
build	Build with Gradle	2026-06-06T12:24:56.2754894Z Downloading https://repo.maven.apache.org/maven2/io/coil-kt/coil3/coil-network-okhttp-android/3.4.0/coil-network-okhttp-android-3.4.0.pom to /home/runner/.gradle/.tmp/gradle_download5062970399459997431bin
build	Build with Gradle	2026-06-06T12:24:56.3752752Z Downloading https://repo.maven.apache.org/maven2/io/github/vvb2060/ndk/boringssl/20250114/boringssl-20250114.pom to /home/runner/.gradle/.tmp/gradle_download10993717898018953641bin
build	Build with Gradle	2026-06-06T12:24:56.3754047Z Downloading https://repo.maven.apache.org/maven2/io/insert-koin/koin-android/4.0.2/koin-android-4.0.2.pom to /home/runner/.gradle/.tmp/gradle_download7889066026171985310bin
build	Build with Gradle	2026-06-06T12:24:56.4750249Z Downloading https://repo.maven.apache.org/maven2/io/insert-koin/koin-core-jvm/4.0.2/koin-core-jvm-4.0.2.pom to /home/runner/.gradle/.tmp/gradle_download3811000229966052317bin
build	Build with Gradle	2026-06-06T12:24:56.4751545Z Downloading https://repo.maven.apache.org/maven2/io/insert-koin/koin-core-viewmodel-jvm/4.0.2/koin-core-viewmodel-jvm-4.0.2.pom to /home/runner/.gradle/.tmp/gradle_download5636853641428370640bin
build	Build with Gradle	2026-06-06T12:24:56.5750724Z Downloading https://repo.maven.apache.org/maven2/io/sentry/sentry/8.40.0/sentry-8.40.0.pom to /home/runner/.gradle/.tmp/gradle_download1674105167801863993bin
build	Build with Gradle	2026-06-06T12:24:56.5751952Z Downloading https://repo.maven.apache.org/maven2/io/sentry/sentry-android-core/8.40.0/sentry-android-core-8.40.0.pom to /home/runner/.gradle/.tmp/gradle_download15388952775154992274bin
build	Build with Gradle	2026-06-06T12:24:56.6751142Z Downloading https://repo.maven.apache.org/maven2/io/sentry/sentry-android-fragment/8.40.0/sentry-android-fragment-8.40.0.pom to /home/runner/.gradle/.tmp/gradle_download14022115957787336820bin
build	Build with Gradle	2026-06-06T12:24:56.6753940Z Downloading https://repo.maven.apache.org/maven2/io/sentry/sentry-android-navigation/8.40.0/sentry-android-navigation-8.40.0.pom to /home/runner/.gradle/.tmp/gradle_download13303194875829479307bin
build	Build with Gradle	2026-06-06T12:24:56.6756574Z Downloading https://repo.maven.apache.org/maven2/io/sentry/sentry-android-sqlite/8.40.0/sentry-android-sqlite-8.40.0.pom to /home/runner/.gradle/.tmp/gradle_download2276216582325876047bin
build	Build with Gradle	2026-06-06T12:24:56.7750306Z Downloading https://repo.maven.apache.org/maven2/io/sentry/sentry-android-timber/8.40.0/sentry-android-timber-8.40.0.pom to /home/runner/.gradle/.tmp/gradle_download17777619388150431876bin
build	Build with Gradle	2026-06-06T12:24:56.7751689Z Downloading https://repo.maven.apache.org/maven2/io/sentry/sentry-compose-android/8.40.0/sentry-compose-android-8.40.0.pom to /home/runner/.gradle/.tmp/gradle_download11655396234224069323bin
build	Build with Gradle	2026-06-06T12:24:56.8750518Z Downloading https://repo.maven.apache.org/maven2/io/sentry/sentry-kotlin-extensions/8.40.0/sentry-kotlin-extensions-8.40.0.pom to /home/runner/.gradle/.tmp/gradle_download9566891181690526867bin
build	Build with Gradle	2026-06-06T12:24:56.8751895Z Downloading https://repo.maven.apache.org/maven2/io/sentry/sentry-okhttp/8.40.0/sentry-okhttp-8.40.0.pom to /home/runner/.gradle/.tmp/gradle_download3545027839863150761bin
build	Build with Gradle	2026-06-06T12:24:56.8753090Z Downloading https://repo.maven.apache.org/maven2/me/zhanghai/android/appiconloader/appiconloader/1.5.0/appiconloader-1.5.0.pom to /home/runner/.gradle/.tmp/gradle_download1172548337712897221bin
build	Build with Gradle	2026-06-06T12:24:56.9750941Z Downloading https://repo.maven.apache.org/maven2/me/zhanghai/android/appiconloader/appiconloader-iconloaderlib/1.5.0/appiconloader-iconloaderlib-1.5.0.pom to /home/runner/.gradle/.tmp/gradle_download15790665952054079081bin
build	Build with Gradle	2026-06-06T12:24:56.9752394Z Downloading https://repo.maven.apache.org/maven2/me/zhanghai/android/fastscroll/library/1.2.0/library-1.2.0.pom to /home/runner/.gradle/.tmp/gradle_download14312448891440178830bin
build	Build with Gradle	2026-06-06T12:24:57.0750697Z Downloading https://repo.maven.apache.org/maven2/org/bouncycastle/bcpkix-jdk18on/1.81/bcpkix-jdk18on-1.81.pom to /home/runner/.gradle/.tmp/gradle_download14564782873684914785bin
build	Build with Gradle	2026-06-06T12:24:57.0753103Z Downloading https://repo.maven.apache.org/maven2/org/bouncycastle/bcprov-jdk18on/1.81.1/bcprov-jdk18on-1.81.1.pom to /home/runner/.gradle/.tmp/gradle_download7187131894424915349bin
build	Build with Gradle	2026-06-06T12:24:57.0755375Z Downloading https://repo.maven.apache.org/maven2/org/bouncycastle/bcutil-jdk18on/1.81.1/bcutil-jdk18on-1.81.1.pom to /home/runner/.gradle/.tmp/gradle_download16547248126098225172bin
build	Build with Gradle	2026-06-06T12:24:57.1750563Z Downloading https://repo.maven.apache.org/maven2/org/ccil/cowan/tagsoup/tagsoup/1.2/tagsoup-1.2.pom to /home/runner/.gradle/.tmp/gradle_download17161854828324665571bin
build	Build with Gradle	2026-06-06T12:24:57.1751874Z Downloading https://repo.maven.apache.org/maven2/org/jetbrains/androidx/core/core-bundle-android/1.0.1/core-bundle-android-1.0.1.pom to /home/runner/.gradle/.tmp/gradle_download226223784536696730bin
build	Build with Gradle	2026-06-06T12:24:57.2750688Z Downloading https://repo.maven.apache.org/maven2/org/jetbrains/kotlin/kotlin-android-extensions-runtime/1.8.22/kotlin-android-extensions-runtime-1.8.22.pom to /home/runner/.gradle/.tmp/gradle_download9972817808372455304bin
build	Build with Gradle	2026-06-06T12:24:57.2752958Z Downloading https://repo.maven.apache.org/maven2/org/jetbrains/kotlin/kotlin-bom/1.8.22/kotlin-bom-1.8.22.pom to /home/runner/.gradle/.tmp/gradle_download8398667444729786729bin
build	Build with Gradle	2026-06-06T12:24:57.3750537Z Downloading https://repo.maven.apache.org/maven2/org/jetbrains/kotlin/kotlin-parcelize-runtime/1.8.22/kotlin-parcelize-runtime-1.8.22.pom to /home/runner/.gradle/.tmp/gradle_download2151817127463391912bin
build	Build with Gradle	2026-06-06T12:24:57.3752186Z Downloading https://repo.maven.apache.org/maven2/org/jetbrains/kotlin/kotlin-stdlib/2.3.10/kotlin-stdlib-2.3.10.pom to /home/runner/.gradle/.tmp/gradle_download4121681022840354718bin
build	Build with Gradle	2026-06-06T12:24:57.3753406Z Downloading https://repo.maven.apache.org/maven2/org/jetbrains/kotlin/kotlin-stdlib-jdk7/1.9.24/kotlin-stdlib-jdk7-1.9.24.pom to /home/runner/.gradle/.tmp/gradle_download11434916119368157993bin
build	Build with Gradle	2026-06-06T12:24:57.4750759Z Downloading https://repo.maven.apache.org/maven2/org/jetbrains/kotlin/kotlin-stdlib-jdk8/1.9.24/kotlin-stdlib-jdk8-1.9.24.pom to /home/runner/.gradle/.tmp/gradle_download12141869061794413906bin
build	Build with Gradle	2026-06-06T12:24:57.4752229Z Downloading https://repo.maven.apache.org/maven2/org/jetbrains/kotlinx/kotlinx-collections-immutable-jvm/0.3.8/kotlinx-collections-immutable-jvm-0.3.8.pom to /home/runner/.gradle/.tmp/gradle_download10610194520209072503bin
build	Build with Gradle	2026-06-06T12:24:57.5750548Z Downloading https://repo.maven.apache.org/maven2/org/jetbrains/kotlinx/kotlinx-coroutines-android/1.10.2/kotlinx-coroutines-android-1.10.2.pom to /home/runner/.gradle/.tmp/gradle_download8044813372432118563bin
build	Build with Gradle	2026-06-06T12:24:57.5752017Z Downloading https://repo.maven.apache.org/maven2/org/jetbrains/kotlinx/kotlinx-coroutines-bom/1.10.2/kotlinx-coroutines-bom-1.10.2.pom to /home/runner/.gradle/.tmp/gradle_download753425211554643857bin
build	Build with Gradle	2026-06-06T12:24:57.6750411Z Downloading https://repo.maven.apache.org/maven2/org/jetbrains/kotlinx/kotlinx-coroutines-core-jvm/1.10.2/kotlinx-coroutines-core-jvm-1.10.2.pom to /home/runner/.gradle/.tmp/gradle_download5846810334122193550bin
build	Build with Gradle	2026-06-06T12:24:57.6752179Z Downloading https://repo.maven.apache.org/maven2/org/jetbrains/kotlinx/kotlinx-serialization-bom/1.8.0/kotlinx-serialization-bom-1.8.0.pom to /home/runner/.gradle/.tmp/gradle_download9808590191168896648bin
build	Build with Gradle	2026-06-06T12:24:57.6754454Z Downloading https://repo.maven.apache.org/maven2/org/jetbrains/kotlinx/kotlinx-serialization-core-jvm/1.8.0/kotlinx-serialization-core-jvm-1.8.0.pom to /home/runner/.gradle/.tmp/gradle_download3563422448466796231bin
build	Build with Gradle	2026-06-06T12:24:57.7749971Z Downloading https://repo.maven.apache.org/maven2/org/jetbrains/kotlinx/kotlinx-serialization-json-jvm/1.8.0/kotlinx-serialization-json-jvm-1.8.0.pom to /home/runner/.gradle/.tmp/gradle_download9949630087417896725bin
build	Build with Gradle	2026-06-06T12:24:57.7751348Z Downloading https://repo.maven.apache.org/maven2/org/jetbrains/annotations/23.0.0/annotations-23.0.0.pom to /home/runner/.gradle/.tmp/gradle_download14017347761735214646bin
build	Build with Gradle	2026-06-06T12:24:57.8750093Z Downloading https://repo.maven.apache.org/maven2/org/jspecify/jspecify/1.0.0/jspecify-1.0.0.pom to /home/runner/.gradle/.tmp/gradle_download2366240606060392244bin
build	Build with Gradle	2026-06-06T12:24:57.8751340Z Downloading https://repo.maven.apache.org/maven2/org/lsposed/hiddenapibypass/hiddenapibypass/6.1/hiddenapibypass-6.1.pom to /home/runner/.gradle/.tmp/gradle_download5410416187192921180bin
build	Build with Gradle	2026-06-06T12:24:57.9749959Z Downloading https://repo.maven.apache.org/maven2/org/lsposed/libcxx/libcxx/27.0.12077973/libcxx-27.0.12077973.pom to /home/runner/.gradle/.tmp/gradle_download728404499608085396bin
build	Build with Gradle	2026-06-06T12:24:58.4756522Z Stored cache entry for task ':manager:prepareLibraryDefinitionsRelease' with cache key 1b9c7c8a5fb31d928ba77986986f8524
build	Build with Gradle	2026-06-06T12:24:58.4768613Z Resolve mutations for :manager:mergeReleaseResources (Thread[#162,Execution worker Thread 3,5,main]) started.
build	Build with Gradle	2026-06-06T12:24:58.4788352Z :manager:mergeReleaseResources (Thread[#162,Execution worker Thread 3,5,main]) started.
build	Build with Gradle	2026-06-06T12:25:00.4749334Z 
build	Build with Gradle	2026-06-06T12:25:00.4750182Z > Task :manager:mergeReleaseResources
build	Build with Gradle	2026-06-06T12:25:00.4751752Z Caching disabled for AarTransform: /home/runner/.gradle/caches/8.14/transforms/693c054b9b80dbf8007dadbf97a7b615/transformed/viewbinding-8.11.1 because:
build	Build with Gradle	2026-06-06T12:25:00.4753216Z   Caching not enabled.
build	Build with Gradle	2026-06-06T12:25:00.4754515Z Caching disabled for AarTransform: /home/runner/.gradle/caches/8.14/transforms/2c8372c00787b5e2af17c392510a0378/transformed/mavericks-3.0.9 because:
build	Build with Gradle	2026-06-06T12:25:00.4756367Z   Caching not enabled.
build	Build with Gradle	2026-06-06T12:25:00.4757828Z Caching disabled for AarTransform: /home/runner/.gradle/caches/8.14/transforms/71aa5bf0c4580977b2f3abf550a82d0e/transformed/preference-ktx-1.2.1 because:
build	Build with Gradle	2026-06-06T12:25:00.4759284Z   Caching not enabled.
build	Build with Gradle	2026-06-06T12:25:00.4760706Z Caching disabled for AarTransform: /home/runner/.gradle/caches/8.14/transforms/373e825be4973449db84049594b600ab/transformed/material-preference-2.0.0-release because:
build	Build with Gradle	2026-06-06T12:25:00.4762269Z   Caching not enabled.
build	Build with Gradle	2026-06-06T12:25:00.4763578Z Caching disabled for AarTransform: /home/runner/.gradle/caches/8.14/transforms/438de03543f1a14021d179b045f7057a/transformed/koin-android-4.0.2 because:
build	Build with Gradle	2026-06-06T12:25:00.4764984Z   Caching not enabled.
build	Build with Gradle	2026-06-06T12:25:00.4766270Z Caching disabled for AarTransform: /home/runner/.gradle/caches/8.14/transforms/f85a8706e3d3bf4df310b1b8ed66a067/transformed/material-2.7.2 because:
build	Build with Gradle	2026-06-06T12:25:00.4767980Z   Caching not enabled.
build	Build with Gradle	2026-06-06T12:25:00.4769293Z Caching disabled for AarTransform: /home/runner/.gradle/caches/8.14/transforms/6589a5b496d2f82dfc01f076eae8bbc4/transformed/core-ktx-1.4.1-release because:
build	Build with Gradle	2026-06-06T12:25:00.4770681Z   Caching not enabled.
build	Build with Gradle	2026-06-06T12:25:00.4772008Z Caching disabled for AarTransform: /home/runner/.gradle/caches/8.14/transforms/a6084efd8e6c9ff951c8e72453f81ad6/transformed/material-1.14.0-beta01 because:
build	Build with Gradle	2026-06-06T12:25:00.4773471Z   Caching not enabled.
build	Build with Gradle	2026-06-06T12:25:00.4774742Z Caching disabled for AarTransform: /home/runner/.gradle/caches/8.14/transforms/efa565396efa7c69fa280f54041abb1e/transformed/appcompat-1.6.1 because:
build	Build with Gradle	2026-06-06T12:25:00.4776147Z   Caching not enabled.
build	Build with Gradle	2026-06-06T12:25:00.4777622Z Caching disabled for AarTransform: /home/runner/.gradle/caches/8.14/transforms/8187c6742a7c5d0b27744cebd6b9554f/transformed/biometric-ktx-1.2.0-alpha05 because:
build	Build with Gradle	2026-06-06T12:25:00.4779082Z   Caching not enabled.
build	Build with Gradle	2026-06-06T12:25:00.4780335Z Caching disabled for AarTransform: /home/runner/.gradle/caches/8.14/transforms/d898ed95f395a2f368d4bc758e4d1887/transformed/biometric-1.2.0-alpha05 because:
build	Build with Gradle	2026-06-06T12:25:00.4781733Z   Caching not enabled.
build	Build with Gradle	2026-06-06T12:25:00.4783120Z Caching disabled for AarTransform: /home/runner/.gradle/caches/8.14/transforms/2c263715c01736e27b196a80ad5b1fdb/transformed/recyclerview-adapter-1.3.0 because:
build	Build with Gradle	2026-06-06T12:25:00.4784546Z   Caching not enabled.
build	Build with Gradle	2026-06-06T12:25:00.4785905Z Caching disabled for AarTransform: /home/runner/.gradle/caches/8.14/transforms/4d1f2d6f8fcd4d0456ade74253b328dd/transformed/simplemenu-preference-1.0.3 because:
build	Build with Gradle	2026-06-06T12:25:00.4787339Z   Caching not enabled.
build	Build with Gradle	2026-06-06T12:25:00.4788803Z Caching disabled for AarTransform: /home/runner/.gradle/caches/8.14/transforms/338cbb5a6afddf9796ee1bfc02c64c98/transformed/recyclerview-ktx-1.3.2 because:
build	Build with Gradle	2026-06-06T12:25:00.4790186Z   Caching not enabled.
build	Build with Gradle	2026-06-06T12:25:00.4791514Z Caching disabled for AarTransform: /home/runner/.gradle/caches/8.14/transforms/a8ffae57e8eb844c745e6c38f24a5dc3/transformed/preference-1.2.1 because:
build	Build with Gradle	2026-06-06T12:25:00.4793446Z   Caching not enabled.
build	Build with Gradle	2026-06-06T12:25:00.4794704Z Caching disabled for AarTransform: /home/runner/.gradle/caches/8.14/transforms/484f1985b8141e4d4ca38f4ab7092551/transformed/library-1.2.0 because:
build	Build with Gradle	2026-06-06T12:25:00.4795914Z   Caching not enabled.
build	Build with Gradle	2026-06-06T12:25:00.4797121Z Caching disabled for AarTransform: /home/runner/.gradle/caches/8.14/transforms/91cba946f7f9db0abb582361d2b98175/transformed/recyclerview-1.4.0 because:
build	Build with Gradle	2026-06-06T12:25:00.4798991Z   Caching not enabled.
build	Build with Gradle	2026-06-06T12:25:00.4800298Z Caching disabled for AarTransform: /home/runner/.gradle/caches/8.14/transforms/59fa63435223e05f0b1b82e5b0b01ed7/transformed/viewpager2-1.1.0-beta02 because:
build	Build with Gradle	2026-06-06T12:25:00.4801648Z   Caching not enabled.
build	Build with Gradle	2026-06-06T12:25:00.4802915Z Caching disabled for AarTransform: /home/runner/.gradle/caches/8.14/transforms/ee981983fc55a7699435ecebe45f87ef/transformed/core-1.4.1-release because:
build	Build with Gradle	2026-06-06T12:25:00.4804312Z   Caching not enabled.
build	Build with Gradle	2026-06-06T12:25:00.4805606Z Caching disabled for AarTransform: /home/runner/.gradle/caches/8.14/transforms/3496351281a372f59379614fd15c5436/transformed/fragment-1.8.7 because:
build	Build with Gradle	2026-06-06T12:25:00.4807144Z   Caching not enabled.
build	Build with Gradle	2026-06-06T12:25:00.4808607Z Caching disabled for AarTransform: /home/runner/.gradle/caches/8.14/transforms/aab493d2bbab5d087a023e9183eede9c/transformed/fragment-ktx-1.8.7 because:
build	Build with Gradle	2026-06-06T12:25:00.4810015Z   Caching not enabled.
build	Build with Gradle	2026-06-06T12:25:00.4811490Z Caching disabled for AarTransform: /home/runner/.gradle/caches/8.14/transforms/f3104eb4796c3cb96709ee2563cfb750/transformed/sentry-android-core-8.40.0 because:
build	Build with Gradle	2026-06-06T12:25:00.4812958Z   Caching not enabled.
build	Build with Gradle	2026-06-06T12:25:00.4814220Z Caching disabled for AarTransform: /home/runner/.gradle/caches/8.14/transforms/62937f105bc4a976ca99fc29e59f8d0f/transformed/activity-1.10.0 because:
build	Build with Gradle	2026-06-06T12:25:00.4815560Z   Caching not enabled.
build	Build with Gradle	2026-06-06T12:25:00.4816892Z Caching disabled for AarTransform: /home/runner/.gradle/caches/8.14/transforms/5154402d773535e88a1a242ea9ad466a/transformed/emoji2-views-helper-1.2.0 because:
build	Build with Gradle	2026-06-06T12:25:00.4818755Z   Caching not enabled.
build	Build with Gradle	2026-06-06T12:25:00.4820060Z Caching disabled for AarTransform: /home/runner/.gradle/caches/8.14/transforms/b7a112fda39b8abfdc2cbb450e5f2f1a/transformed/activity-ktx-1.10.0 because:
build	Build with Gradle	2026-06-06T12:25:00.4821475Z   Caching not enabled.
build	Build with Gradle	2026-06-06T12:25:00.4822716Z Caching disabled for AarTransform: /home/runner/.gradle/caches/8.14/transforms/20c8148c0d0f1eeb1041151d1c55938f/transformed/emoji2-1.2.0 because:
build	Build with Gradle	2026-06-06T12:25:00.4824037Z   Caching not enabled.
build	Build with Gradle	2026-06-06T12:25:00.4825250Z Caching disabled for AarTransform: /home/runner/.gradle/caches/8.14/transforms/d39b45e93aa24a0297878e1eb336ea9a/transformed/loader-1.0.0 because:
build	Build with Gradle	2026-06-06T12:25:00.4826541Z   Caching not enabled.
build	Build with Gradle	2026-06-06T12:25:00.4828014Z Caching disabled for AarTransform: /home/runner/.gradle/caches/8.14/transforms/0a9f0b23f2ae3b3d671937d923da2cba/transformed/glance-appwidget-1.1.1 because:
build	Build with Gradle	2026-06-06T12:25:00.4829467Z   Caching not enabled.
build	Build with Gradle	2026-06-06T12:25:00.4830661Z Caching disabled for AarTransform: /home/runner/.gradle/caches/8.14/transforms/5c7bf891ae70d7d08b7f06ccb140fad8/transformed/glance-1.1.1 because:
build	Build with Gradle	2026-06-06T12:25:00.4831990Z   Caching not enabled.
build	Build with Gradle	2026-06-06T12:25:00.4833353Z Caching disabled for AarTransform: /home/runner/.gradle/caches/8.14/transforms/47fd96da264051fc240ce38134bdde10/transformed/work-runtime-ktx-2.10.4 because:
build	Build with Gradle	2026-06-06T12:25:00.4834877Z   Caching not enabled.
build	Build with Gradle	2026-06-06T12:25:00.4836197Z Caching disabled for AarTransform: /home/runner/.gradle/caches/8.14/transforms/ff46523a05730a3410b3d43ab7271bd0/transformed/work-runtime-2.10.4 because:
build	Build with Gradle	2026-06-06T12:25:00.4837760Z   Caching not enabled.
build	Build with Gradle	2026-06-06T12:25:00.4839012Z Caching disabled for AarTransform: /home/runner/.gradle/caches/8.14/transforms/2b232f7e90ed539739f2c0f2684a06f8/transformed/browser-1.8.0 because:
build	Build with Gradle	2026-06-06T12:25:00.4840321Z   Caching not enabled.
build	Build with Gradle	2026-06-06T12:25:00.4841786Z Caching disabled for AarTransform: /home/runner/.gradle/caches/8.14/transforms/9269236a44d4e397a31d652dc8841c2d/transformed/transition-ktx-1.5.1 because:
build	Build with Gradle	2026-06-06T12:25:00.4843318Z   Caching not enabled.
build	Build with Gradle	2026-06-06T12:25:00.4844546Z Caching disabled for AarTransform: /home/runner/.gradle/caches/8.14/transforms/87467c3c8cd81c6f0e30cc7811d9c0e9/transformed/slidingpanelayout-1.2.0 because:
build	Build with Gradle	2026-06-06T12:25:00.4846104Z   Caching not enabled.
build	Build with Gradle	2026-06-06T12:25:00.4847518Z Caching disabled for AarTransform: /home/runner/.gradle/caches/8.14/transforms/9459b44028168fbe53c4da77adee3cad/transformed/transition-1.5.1 because:
build	Build with Gradle	2026-06-06T12:25:00.4848986Z   Caching not enabled.
build	Build with Gradle	2026-06-06T12:25:00.4850239Z Caching disabled for AarTransform: /home/runner/.gradle/caches/8.14/transforms/c2631671ecbd3d95bfc540fb5557d230/transformed/core-remoteviews-1.1.0 because:
build	Build with Gradle	2026-06-06T12:25:00.4851613Z   Caching not enabled.
build	Build with Gradle	2026-06-06T12:25:00.4852894Z Caching disabled for AarTransform: /home/runner/.gradle/caches/8.14/transforms/33de77d114239838176c165bd9600680/transformed/coordinatorlayout-1.1.0 because:
build	Build with Gradle	2026-06-06T12:25:00.4854448Z   Caching not enabled.
build	Build with Gradle	2026-06-06T12:25:00.4855722Z Caching disabled for AarTransform: /home/runner/.gradle/caches/8.14/transforms/2a1f64bb05593b70cb9126021244d174/transformed/customview-1.2.0 because:
build	Build with Gradle	2026-06-06T12:25:00.4857024Z   Caching not enabled.
build	Build with Gradle	2026-06-06T12:25:00.4858421Z Caching disabled for AarTransform: /home/runner/.gradle/caches/8.14/transforms/9a6f8cbb6346f3bbb1b98d5903fb48b2/transformed/drawerlayout-1.1.1 because:
build	Build with Gradle	2026-06-06T12:25:00.4859856Z   Caching not enabled.
build	Build with Gradle	2026-06-06T12:25:00.4861096Z Caching disabled for AarTransform: /home/runner/.gradle/caches/8.14/transforms/f32932b768c1c383327c110c6e2f2a04/transformed/viewpager-1.0.0 because:
build	Build with Gradle	2026-06-06T12:25:00.4862330Z   Caching not enabled.
build	Build with Gradle	2026-06-06T12:25:00.4863591Z Caching disabled for AarTransform: /home/runner/.gradle/caches/8.14/transforms/38973380b257061575958cac22670390/transformed/dynamicanimation-1.1.0 because:
build	Build with Gradle	2026-06-06T12:25:00.4864978Z   Caching not enabled.
build	Build with Gradle	2026-06-06T12:25:00.4866276Z Caching disabled for AarTransform: /home/runner/.gradle/caches/8.14/transforms/6e4c683cb074c37b2a51c2ee5db07733/transformed/constraintlayout-2.2.1 because:
build	Build with Gradle	2026-06-06T12:25:00.4867874Z   Caching not enabled.
build	Build with Gradle	2026-06-06T12:25:00.4869195Z Caching disabled for AarTransform: /home/runner/.gradle/caches/8.14/transforms/33b1fc6b3ef6a3214537aeecc8df60ab/transformed/coil because:
build	Build with Gradle	2026-06-06T12:25:00.4870725Z   Caching not enabled.
build	Build with Gradle	2026-06-06T12:25:00.4872005Z Caching disabled for AarTransform: /home/runner/.gradle/caches/8.14/transforms/c62f2b60b2174dbc2c05823d7d6abfaa/transformed/coil-network-okhttp because:
build	Build with Gradle	2026-06-06T12:25:00.4873413Z   Caching not enabled.
build	Build with Gradle	2026-06-06T12:25:00.4874797Z Caching disabled for AarTransform: /home/runner/.gradle/caches/8.14/transforms/d49708ff39937cf2dc8a5d58ef34d065/transformed/coil-network-core because:
build	Build with Gradle	2026-06-06T12:25:00.4876160Z   Caching not enabled.
build	Build with Gradle	2026-06-06T12:25:00.4877529Z Caching disabled for AarTransform: /home/runner/.gradle/caches/8.14/transforms/d8facd787edaf28a58d8c622a9331078/transformed/coil-core because:
build	Build with Gradle	2026-06-06T12:25:00.4878907Z   Caching not enabled.
build	Build with Gradle	2026-06-06T12:25:00.4880288Z Caching disabled for AarTransform: /home/runner/.gradle/caches/8.14/transforms/d697b5d8b45978ec3a98ef1655ea06c8/transformed/vectordrawable-animated-1.1.0 because:
build	Build with Gradle	2026-06-06T12:25:00.4881758Z   Caching not enabled.
build	Build with Gradle	2026-06-06T12:25:00.4883116Z Caching disabled for AarTransform: /home/runner/.gradle/caches/8.14/transforms/f7a09b5d37e172440771a3c367250518/transformed/appcompat-resources-1.7.1 because:
build	Build with Gradle	2026-06-06T12:25:00.4884563Z   Caching not enabled.
build	Build with Gradle	2026-06-06T12:25:00.4885833Z Caching disabled for AarTransform: /home/runner/.gradle/caches/8.14/transforms/dc0275561321685487c64fd075a63c35/transformed/vectordrawable-1.1.0 because:
build	Build with Gradle	2026-06-06T12:25:00.4887173Z   Caching not enabled.
build	Build with Gradle	2026-06-06T12:25:00.4888566Z Caching disabled for AarTransform: /home/runner/.gradle/caches/8.14/transforms/04951a97475aebf6b800f98cdc845e28/transformed/switchbar-1.0.2 because:
build	Build with Gradle	2026-06-06T12:25:00.4890157Z   Caching not enabled.
build	Build with Gradle	2026-06-06T12:25:00.4891572Z Caching disabled for AarTransform: /home/runner/.gradle/caches/8.14/transforms/f44317b6b582e3df5afb18620edd3775/transformed/swiperefreshlayout-1.1.0 because:
build	Build with Gradle	2026-06-06T12:25:00.4892967Z   Caching not enabled.
build	Build with Gradle	2026-06-06T12:25:00.4894241Z Caching disabled for AarTransform: /home/runner/.gradle/caches/8.14/transforms/30676eef3dc22ac269337397d20f7f25/transformed/insets-1.3.0-release because:
build	Build with Gradle	2026-06-06T12:25:00.4895830Z   Caching not enabled.
build	Build with Gradle	2026-06-06T12:25:00.4897226Z Caching disabled for AarTransform: /home/runner/.gradle/caches/8.14/transforms/6df4a8bec15c81ec5d96711ead8a45f6/transformed/customview-poolingcontainer-1.0.0 because:
build	Build with Gradle	2026-06-06T12:25:00.4898860Z   Caching not enabled.
build	Build with Gradle	2026-06-06T12:25:00.4900188Z Caching disabled for AarTransform: /home/runner/.gradle/caches/8.14/transforms/c4288f6412f7c6bdcfe961d2f0efb4d2/transformed/graphics-shapes-release because:
build	Build with Gradle	2026-06-06T12:25:00.4901692Z   Caching not enabled.
build	Build with Gradle	2026-06-06T12:25:00.4903014Z Caching disabled for AarTransform: /home/runner/.gradle/caches/8.14/transforms/f85fca100dc1cfb9faf4b8055f4a62e9/transformed/savedstate-release because:
build	Build with Gradle	2026-06-06T12:25:00.4904385Z   Caching not enabled.
build	Build with Gradle	2026-06-06T12:25:00.4905560Z Caching disabled for AarTransform: /home/runner/.gradle/caches/8.14/transforms/029a61c97118f0c834c270c0dd5c56c8/transformed/core-ktx-1.16.0 because:
build	Build with Gradle	2026-06-06T12:25:00.4906884Z   Caching not enabled.
build	Build with Gradle	2026-06-06T12:25:00.4908329Z Caching disabled for AarTransform: /home/runner/.gradle/caches/8.14/transforms/d4dcb12619daf48292cb973faf4c0937/transformed/core-bundle-release because:
build	Build with Gradle	2026-06-06T12:25:00.4909745Z   Caching not enabled.
build	Build with Gradle	2026-06-06T12:25:00.4911196Z Caching disabled for AarTransform: /home/runner/.gradle/caches/8.14/transforms/0f268d830baf1b2adb315c1349db4113/transformed/savedstate-ktx-1.3.1 because:
build	Build with Gradle	2026-06-06T12:25:00.4912604Z   Caching not enabled.
build	Build with Gradle	2026-06-06T12:25:00.4926921Z Caching disabled for AarTransform: /home/runner/.gradle/caches/8.14/transforms/733f565b05217da1a995124053e2952d/transformed/lifecycle-service-2.9.4 because:
build	Build with Gradle	2026-06-06T12:25:00.4928636Z   Caching not enabled.
build	Build with Gradle	2026-06-06T12:25:00.4930042Z Caching disabled for AarTransform: /home/runner/.gradle/caches/8.14/transforms/5cdb323f179a5400d9eac68baef40b22/transformed/lifecycle-runtime-release because:
build	Build with Gradle	2026-06-06T12:25:00.4931544Z   Caching not enabled.
build	Build with Gradle	2026-06-06T12:25:00.4932818Z Caching disabled for AarTransform: /home/runner/.gradle/caches/8.14/transforms/5424bb4aed8761312b4b26bf9e07d98a/transformed/window-1.0.0 because:
build	Build with Gradle	2026-06-06T12:25:00.4934192Z   Caching not enabled.
build	Build with Gradle	2026-06-06T12:25:00.4935519Z Caching disabled for AarTransform: /home/runner/.gradle/caches/8.14/transforms/0c66718d94e4554cab2f7d8334723d4c/transformed/lifecycle-viewmodel-2.9.4 because:
build	Build with Gradle	2026-06-06T12:25:00.4936911Z   Caching not enabled.
build	Build with Gradle	2026-06-06T12:25:00.4938390Z Caching disabled for AarTransform: /home/runner/.gradle/caches/8.14/transforms/20f00e5ccb0364701481c3adff0c0022/transformed/lifecycle-viewmodel-release because:
build	Build with Gradle	2026-06-06T12:25:00.4939864Z   Caching not enabled.
build	Build with Gradle	2026-06-06T12:25:00.4941316Z Caching disabled for AarTransform: /home/runner/.gradle/caches/8.14/transforms/06bc399dfe425f0f5114ba44e76c1318/transformed/lifecycle-viewmodel-savedstate-release because:
build	Build with Gradle	2026-06-06T12:25:00.4942816Z   Caching not enabled.
build	Build with Gradle	2026-06-06T12:25:00.4944152Z Caching disabled for AarTransform: /home/runner/.gradle/caches/8.14/transforms/644a16fcc858b20f0d048c7466f19d9f/transformed/lifecycle-process-2.9.4 because:
build	Build with Gradle	2026-06-06T12:25:00.4945582Z   Caching not enabled.
build	Build with Gradle	2026-06-06T12:25:00.4947089Z Caching disabled for AarTransform: /home/runner/.gradle/caches/8.14/transforms/6fe02a9c6bc1a8d677661f17a75652df/transformed/lifecycle-livedata-core-2.9.4 because:
build	Build with Gradle	2026-06-06T12:25:00.4948760Z   Caching not enabled.
build	Build with Gradle	2026-06-06T12:25:00.4950075Z Caching disabled for AarTransform: /home/runner/.gradle/caches/8.14/transforms/045e1f63699bdc1710b726e46c8c703d/transformed/lifecycle-runtime-ktx because:
build	Build with Gradle	2026-06-06T12:25:00.4951735Z   Caching not enabled.
build	Build with Gradle	2026-06-06T12:25:00.4953212Z Caching disabled for AarTransform: /home/runner/.gradle/caches/8.14/transforms/0bbb0e176c4adaced1da8fc8c45f5f69/transformed/lifecycle-livedata-2.9.4 because:
build	Build with Gradle	2026-06-06T12:25:00.4954591Z   Caching not enabled.
build	Build with Gradle	2026-06-06T12:25:00.4955886Z Caching disabled for AarTransform: /home/runner/.gradle/caches/8.14/transforms/86daf15fa6531778dc0ccc1fef270dd4/transformed/lifecycle-livedata-core-ktx-2.9.4 because:
build	Build with Gradle	2026-06-06T12:25:00.4957677Z   Caching not enabled.
build	Build with Gradle	2026-06-06T12:25:00.4958933Z Caching disabled for AarTransform: /home/runner/.gradle/caches/8.14/transforms/6afc1b2f65d907779fd871415079443b/transformed/ui-graphics-1.1.1 because:
build	Build with Gradle	2026-06-06T12:25:00.4960350Z   Caching not enabled.
build	Build with Gradle	2026-06-06T12:25:00.4961559Z Caching disabled for AarTransform: /home/runner/.gradle/caches/8.14/transforms/eb0c0593968df75a68be86f7d6f56e03/transformed/ui-unit-1.1.1 because:
build	Build with Gradle	2026-06-06T12:25:00.4962860Z   Caching not enabled.
build	Build with Gradle	2026-06-06T12:25:00.4964176Z Caching disabled for AarTransform: /home/runner/.gradle/caches/8.14/transforms/e243041e7dbb74197d5bc00e0943bf6a/transformed/ui-geometry-1.1.1 because:
build	Build with Gradle	2026-06-06T12:25:00.4965623Z   Caching not enabled.
build	Build with Gradle	2026-06-06T12:25:00.4966833Z Caching disabled for AarTransform: /home/runner/.gradle/caches/8.14/transforms/f9239a1ba9edcb911ae9670e7877c906/transformed/runtime-1.2.1 because:
build	Build with Gradle	2026-06-06T12:25:00.4968326Z   Caching not enabled.
build	Build with Gradle	2026-06-06T12:25:00.4969866Z Caching disabled for AarTransform: /home/runner/.gradle/caches/8.14/transforms/dc0568acb601ada223da268dc89d9a1a/transformed/lifecycle-livedata-ktx-2.9.4 because:
build	Build with Gradle	2026-06-06T12:25:00.4971520Z   Caching not enabled.
build	Build with Gradle	2026-06-06T12:25:00.4973148Z Caching disabled for AarTransform: /home/runner/.gradle/caches/8.14/transforms/a8b524143b57d8c2908f9c01f30efac2/transformed/sentry-compose-release because:
build	Build with Gradle	2026-06-06T12:25:00.4974540Z   Caching not enabled.
build	Build with Gradle	2026-06-06T12:25:00.4976028Z Caching disabled for AarTransform: /home/runner/.gradle/caches/8.14/transforms/0380dce5195f95e6e343462acaffc231/transformed/lifecycle-resource-livedata-1.0.1-release because:
build	Build with Gradle	2026-06-06T12:25:00.4977694Z   Caching not enabled.
build	Build with Gradle	2026-06-06T12:25:00.4979123Z Caching disabled for AarTransform: /home/runner/.gradle/caches/8.14/transforms/ef0d0ada300b662b4bc2dcd561c4ab70/transformed/lifecycle-viewmodel-ktx-2.9.4 because:
build	Build with Gradle	2026-06-06T12:25:00.4980616Z   Caching not enabled.
build	Build with Gradle	2026-06-06T12:25:00.4982022Z Caching disabled for AarTransform: /home/runner/.gradle/caches/8.14/transforms/8c7c9a78376cd260d7272a1fac1507a0/transformed/datastore-preferences-1.0.0 because:
build	Build with Gradle	2026-06-06T12:25:00.4983530Z   Caching not enabled.
build	Build with Gradle	2026-06-06T12:25:00.4984779Z Caching disabled for AarTransform: /home/runner/.gradle/caches/8.14/transforms/615878ae3b772c18093f4d9e3e195a20/transformed/datastore-1.0.0 because:
build	Build with Gradle	2026-06-06T12:25:00.4986493Z   Caching not enabled.
build	Build with Gradle	2026-06-06T12:25:00.4987884Z Caching disabled for AarTransform: /home/runner/.gradle/caches/8.14/transforms/a0f2f8571a731d673f1339b181103682/transformed/room-runtime-2.6.1 because:
build	Build with Gradle	2026-06-06T12:25:00.4989303Z   Caching not enabled.
build	Build with Gradle	2026-06-06T12:25:00.4990583Z Caching disabled for AarTransform: /home/runner/.gradle/caches/8.14/transforms/b7f54caf5fd601a6753bed9729e1530e/transformed/room-ktx-2.6.1 because:
build	Build with Gradle	2026-06-06T12:25:00.4991993Z   Caching not enabled.
build	Build with Gradle	2026-06-06T12:25:00.4993261Z Caching disabled for AarTransform: /home/runner/.gradle/caches/8.14/transforms/f59af9a0eace077f0e9ad35c903edb0e/transformed/html-ktx-1.1.2 because:
build	Build with Gradle	2026-06-06T12:25:00.4994616Z   Caching not enabled.
build	Build with Gradle	2026-06-06T12:25:00.4995871Z Caching disabled for AarTransform: /home/runner/.gradle/caches/8.14/transforms/ab00c267663707e20a9c28832bd574a2/transformed/timber-5.0.1 because:
build	Build with Gradle	2026-06-06T12:25:00.4997916Z   Caching not enabled.
build	Build with Gradle	2026-06-06T12:25:00.4999241Z Caching disabled for AarTransform: /home/runner/.gradle/caches/8.14/transforms/b1caf7903885e6dfd466268b50bb28e5/transformed/core-splashscreen-1.0.1 because:
build	Build with Gradle	2026-06-06T12:25:00.5000589Z   Caching not enabled.
build	Build with Gradle	2026-06-06T12:25:00.5002187Z Caching disabled for AarTransform: /home/runner/.gradle/caches/8.14/transforms/5e76c393bb448bcfa0655c68ec471020/transformed/aboutlibraries-core-release because:
build	Build with Gradle	2026-06-06T12:25:00.5003650Z   Caching not enabled.
build	Build with Gradle	2026-06-06T12:25:00.5005023Z Caching disabled for AarTransform: /home/runner/.gradle/caches/8.14/transforms/bd37fa4ac9a923d774be35a04b675e9d/transformed/sentry-android-timber-8.40.0 because:
build	Build with Gradle	2026-06-06T12:25:00.5006436Z   Caching not enabled.
build	Build with Gradle	2026-06-06T12:25:00.5008080Z Caching disabled for AarTransform: /home/runner/.gradle/caches/8.14/transforms/82c33335d6daf0ba2c2d3106c603ebc3/transformed/sqlite-framework-2.4.0 because:
build	Build with Gradle	2026-06-06T12:25:00.5009517Z   Caching not enabled.
build	Build with Gradle	2026-06-06T12:25:00.5010781Z Caching disabled for AarTransform: /home/runner/.gradle/caches/8.14/transforms/f5dc25b733d8c7664560d889ae0ff956/transformed/sqlite-2.4.0 because:
build	Build with Gradle	2026-06-06T12:25:00.5012107Z   Caching not enabled.
build	Build with Gradle	2026-06-06T12:25:00.5013472Z Caching disabled for AarTransform: /home/runner/.gradle/caches/8.14/transforms/a6341a3e8d2c382078fb8f297369ac51/transformed/sentry-android-sqlite-8.40.0 because:
build	Build with Gradle	2026-06-06T12:25:00.5015132Z   Caching not enabled.
build	Build with Gradle	2026-06-06T12:25:00.5016455Z Caching disabled for AarTransform: /home/runner/.gradle/caches/8.14/transforms/5d7fa8ac1f6ab741b32c1fc4bc71bdf6/transformed/compatibility-2.0.0 because:
build	Build with Gradle	2026-06-06T12:25:00.5017985Z   Caching not enabled.
build	Build with Gradle	2026-06-06T12:25:00.5019283Z Caching disabled for AarTransform: /home/runner/.gradle/caches/8.14/transforms/6a51a01fd16264a83e0f0feeab00d6ea/transformed/layoutinflater-1.3.0 because:
build	Build with Gradle	2026-06-06T12:25:00.5020611Z   Caching not enabled.
build	Build with Gradle	2026-06-06T12:25:00.5021867Z Caching disabled for AarTransform: /home/runner/.gradle/caches/8.14/transforms/7cb87b818b30498bcde5bf59509b305b/transformed/appiconloader-1.5.0 because:
build	Build with Gradle	2026-06-06T12:25:00.5023600Z   Caching not enabled.
build	Build with Gradle	2026-06-06T12:25:00.5024883Z Caching disabled for AarTransform: /home/runner/.gradle/caches/8.14/transforms/b2e7fb1ff7f260dce39e55cb27088efd/transformed/cardview-1.0.0 because:
build	Build with Gradle	2026-06-06T12:25:00.5026248Z   Caching not enabled.
build	Build with Gradle	2026-06-06T12:25:00.5027808Z Caching disabled for AarTransform: /home/runner/.gradle/caches/8.14/transforms/b7fdebfd9343bbc576a29ab8d68fb354/transformed/lazy-2.0.0 because:
build	Build with Gradle	2026-06-06T12:25:00.5029123Z   Caching not enabled.
build	Build with Gradle	2026-06-06T12:25:00.5030359Z Caching disabled for AarTransform: /home/runner/.gradle/caches/8.14/transforms/e5742399012525e0edda6cc8d9ad7262/transformed/html-1.1.2 because:
build	Build with Gradle	2026-06-06T12:25:00.5031636Z   Caching not enabled.
build	Build with Gradle	2026-06-06T12:25:00.5032994Z Caching disabled for AarTransform: /home/runner/.gradle/caches/8.14/transforms/af1849ac59ea9b10c0df81a67570c855/transformed/cursoradapter-1.0.0 because:
build	Build with Gradle	2026-06-06T12:25:00.5034740Z   Caching not enabled.
build	Build with Gradle	2026-06-06T12:25:00.5036196Z Caching disabled for AarTransform: /home/runner/.gradle/caches/8.14/transforms/def85582213ab2870d896da947e1bd2a/transformed/appiconloader-iconloaderlib-1.5.0 because:
build	Build with Gradle	2026-06-06T12:25:00.5037841Z   Caching not enabled.
build	Build with Gradle	2026-06-06T12:25:00.5039113Z Caching disabled for AarTransform: /home/runner/.gradle/caches/8.14/transforms/0f8fd961fa88f172b795e954c693c5a2/transformed/tracing-ktx-1.2.0 because:
build	Build with Gradle	2026-06-06T12:25:00.5040746Z   Caching not enabled.
build	Build with Gradle	2026-06-06T12:25:00.5042085Z Caching disabled for AarTransform: /home/runner/.gradle/caches/8.14/transforms/96dabcaf2d8839737bfa5e7bcc9c8d29/transformed/exifinterface-1.4.2 because:
build	Build with Gradle	2026-06-06T12:25:00.5043465Z   Caching not enabled.
build	Build with Gradle	2026-06-06T12:25:00.5044721Z Caching disabled for AarTransform: /home/runner/.gradle/caches/8.14/transforms/acaa3cdd1b8646165db9384aee71e410/transformed/ui-util-1.1.1 because:
build	Build with Gradle	2026-06-06T12:25:00.5046074Z   Caching not enabled.
build	Build with Gradle	2026-06-06T12:25:00.5047317Z Caching disabled for AarTransform: /home/runner/.gradle/caches/8.14/transforms/fdd7a2f71d98268b12d6291e62912d0b/transformed/lottie-6.6.2 because:
build	Build with Gradle	2026-06-06T12:25:00.5048787Z   Caching not enabled.
build	Build with Gradle	2026-06-06T12:25:00.5050031Z Caching disabled for AarTransform: /home/runner/.gradle/caches/8.14/transforms/f16a35ef33f3a5860c0cc8532fe5dc8c/transformed/core-6.0.0 because:
build	Build with Gradle	2026-06-06T12:25:00.5051592Z   Caching not enabled.
build	Build with Gradle	2026-06-06T12:25:00.5052860Z Caching disabled for AarTransform: /home/runner/.gradle/caches/8.14/transforms/c0673a6896f886d42be301918536c345/transformed/boringssl-20250114 because:
build	Build with Gradle	2026-06-06T12:25:00.5054194Z   Caching not enabled.
build	Build with Gradle	2026-06-06T12:25:00.5055448Z Caching disabled for AarTransform: /home/runner/.gradle/caches/8.14/transforms/0229dbc9f57fa8133a9f500f70fe76a8/transformed/libcxx-27.0.12077973 because:
build	Build with Gradle	2026-06-06T12:25:00.5057079Z   Caching not enabled.
build	Build with Gradle	2026-06-06T12:25:00.5058518Z Caching disabled for AarTransform: /home/runner/.gradle/caches/8.14/transforms/b966c438ee1e24a5a0e1926959b61a2d/transformed/hiddenapibypass-6.1 because:
build	Build with Gradle	2026-06-06T12:25:00.5059879Z   Caching not enabled.
build	Build with Gradle	2026-06-06T12:25:00.5061230Z Caching disabled for AarTransform: /home/runner/.gradle/caches/8.14/transforms/966464b5816c63aee25736b13ab38709/transformed/sentry-android-fragment-8.40.0 because:
build	Build with Gradle	2026-06-06T12:25:00.5062685Z   Caching not enabled.
build	Build with Gradle	2026-06-06T12:25:00.5064082Z Caching disabled for AarTransform: /home/runner/.gradle/caches/8.14/transforms/966144f595f2139b76140bbf274142f6/transformed/sentry-android-navigation-8.40.0 because:
build	Build with Gradle	2026-06-06T12:25:00.5065690Z   Caching not enabled.
build	Build with Gradle	2026-06-06T12:25:00.5066609Z Build cache key for task ':manager:mergeReleaseResources' is e788ad488f4963f3abaec3210a674482
build	Build with Gradle	2026-06-06T12:25:00.5067914Z Task ':manager:mergeReleaseResources' is not up-to-date because:
build	Build with Gradle	2026-06-06T12:25:00.5068789Z   No history is available.
build	Build with Gradle	2026-06-06T12:25:00.5069764Z The input changes require a full rebuild for incremental task ':manager:mergeReleaseResources'.
build	Build with Gradle	2026-06-06T12:25:00.5070888Z [MergeResources] Inputs are non-incremental full task action.
build	Build with Gradle	2026-06-06T12:25:01.0829360Z Compiling XML table /home/runner/work/ShizukuPlus/ShizukuPlus/manager/build/intermediates/incremental/release/mergeReleaseResources/merged.dir/values/values.xml to /home/runner/work/ShizukuPlus/ShizukuPlus/manager/build/intermediates/merged_res/release/mergeReleaseResources/values_values.arsc.flat
build	Build with Gradle	2026-06-06T12:25:01.2751968Z Compiling XML table /home/runner/work/ShizukuPlus/ShizukuPlus/manager/build/intermediates/incremental/release/mergeReleaseResources/merged.dir/values-hi/values-hi.xml to /home/runner/work/ShizukuPlus/ShizukuPlus/manager/build/intermediates/merged_res/release/mergeReleaseResources/values-hi_values-hi.arsc.flat
build	Build with Gradle	2026-06-06T12:25:01.2770129Z Compiling XML table /home/runner/work/ShizukuPlus/ShizukuPlus/manager/build/intermediates/incremental/release/mergeReleaseResources/merged.dir/values-pt/values-pt.xml to /home/runner/work/ShizukuPlus/ShizukuPlus/manager/build/intermediates/merged_res/release/mergeReleaseResources/values-pt_values-pt.arsc.flat
build	Build with Gradle	2026-06-06T12:25:01.2799870Z Compiling XML table /home/runner/work/ShizukuPlus/ShizukuPlus/manager/build/intermediates/incremental/release/mergeReleaseResources/merged.dir/values-fil/values-fil.xml to /home/runner/work/ShizukuPlus/ShizukuPlus/manager/build/intermediates/merged_res/release/mergeReleaseResources/values-fil_values-fil.arsc.flat
build	Build with Gradle	2026-06-06T12:25:01.2829702Z Compiling XML table /home/runner/work/ShizukuPlus/ShizukuPlus/manager/build/intermediates/incremental/release/mergeReleaseResources/merged.dir/values-hr/values-hr.xml to /home/runner/work/ShizukuPlus/ShizukuPlus/manager/build/intermediates/merged_res/release/mergeReleaseResources/values-hr_values-hr.arsc.flat
build	Build with Gradle	2026-06-06T12:25:01.2836061Z Compiling XML table /home/runner/work/ShizukuPlus/ShizukuPlus/manager/build/intermediates/incremental/release/mergeReleaseResources/merged.dir/values-h320dp-port-v13/values-h320dp-port-v13.xml to /home/runner/work/ShizukuPlus/ShizukuPlus/manager/build/intermediates/merged_res/release/mergeReleaseResources/values-h320dp-port-v13_values-h320dp-port-v13.arsc.flat
build	Build with Gradle	2026-06-06T12:25:01.2870048Z Compiling XML table /home/runner/work/ShizukuPlus/ShizukuPlus/manager/build/intermediates/incremental/release/mergeReleaseResources/merged.dir/values-v18/values-v18.xml to /home/runner/work/ShizukuPlus/ShizukuPlus/manager/build/intermediates/merged_res/release/mergeReleaseResources/values-v18_values-v18.arsc.flat
build	Build with Gradle	2026-06-06T12:25:01.2899841Z Compiling XML table /home/runner/work/ShizukuPlus/ShizukuPlus/manager/build/intermediates/incremental/release/mergeReleaseResources/merged.dir/values-af/values-af.xml to /home/runner/work/ShizukuPlus/ShizukuPlus/manager/build/intermediates/merged_res/release/mergeReleaseResources/values-af_values-af.arsc.flat
build	Build with Gradle	2026-06-06T12:25:01.2930048Z Compiling XML table /home/runner/work/ShizukuPlus/ShizukuPlus/manager/build/intermediates/incremental/release/mergeReleaseResources/merged.dir/values-h480dp-v13/values-h480dp-v13.xml to /home/runner/work/ShizukuPlus/ShizukuPlus/manager/build/intermediates/merged_res/release/mergeReleaseResources/values-h480dp-v13_values-h480dp-v13.arsc.flat
build	Build with Gradle	2026-06-06T12:25:01.2959718Z Compiling XML table /home/runner/work/ShizukuPlus/ShizukuPlus/manager/build/intermediates/incremental/release/mergeReleaseResources/merged.dir/values-v17/values-v17.xml to /home/runner/work/ShizukuPlus/ShizukuPlus/manager/build/intermediates/merged_res/release/mergeReleaseResources/values-v17_values-v17.arsc.flat
build	Build with Gradle	2026-06-06T12:25:01.3771499Z Compiling XML table /home/runner/work/ShizukuPlus/ShizukuPlus/manager/build/intermediates/incremental/release/mergeReleaseResources/merged.dir/values-in/values-in.xml to /home/runner/work/ShizukuPlus/ShizukuPlus/manager/build/intermediates/merged_res/release/mergeReleaseResources/values-in_values-in.arsc.flat
build	Build with Gradle	2026-06-06T12:25:01.3800044Z Compiling XML table /home/runner/work/ShizukuPlus/ShizukuPlus/manager/build/intermediates/incremental/release/mergeReleaseResources/merged.dir/values-is/values-is.xml to /home/runner/work/ShizukuPlus/ShizukuPlus/manager/build/intermediates/merged_res/release/mergeReleaseResources/values-is_values-is.arsc.flat
build	Build with Gradle	2026-06-06T12:25:01.3809832Z Compiling XML table /home/runner/work/ShizukuPlus/ShizukuPlus/manager/build/intermediates/incremental/release/mergeReleaseResources/merged.dir/values-it/values-it.xml to /home/runner/work/ShizukuPlus/ShizukuPlus/manager/build/intermediates/merged_res/release/mergeReleaseResources/values-it_values-it.arsc.flat
build	Build with Gradle	2026-06-06T12:25:01.3860056Z Compiling XML table /home/runner/work/ShizukuPlus/ShizukuPlus/manager/build/intermediates/incremental/release/mergeReleaseResources/merged.dir/values-iw/values-iw.xml to /home/runner/work/ShizukuPlus/ShizukuPlus/manager/build/intermediates/merged_res/release/mergeReleaseResources/values-iw_values-iw.arsc.flat
build	Build with Gradle	2026-06-06T12:25:01.3864596Z Compiling XML table /home/runner/work/ShizukuPlus/ShizukuPlus/manager/build/intermediates/incremental/release/mergeReleaseResources/merged.dir/values-v21/values-v21.xml to /home/runner/work/ShizukuPlus/ShizukuPlus/manager/build/intermediates/merged_res/release/mergeReleaseResources/values-v21_values-v21.arsc.flat
build	Build with Gradle	2026-06-06T12:25:01.3892201Z Compiling XML table /home/runner/work/ShizukuPlus/ShizukuPlus/manager/build/intermediates/incremental/release/mergeReleaseResources/merged.dir/values-b+sr+Latn/values-b+sr+Latn.xml to /home/runner/work/ShizukuPlus/ShizukuPlus/manager/build/intermediates/merged_res/release/mergeReleaseResources/values-b+sr+Latn_values-b+sr+Latn.arsc.flat
build	Build with Gradle	2026-06-06T12:25:01.3927155Z Compiling XML table /home/runner/work/ShizukuPlus/ShizukuPlus/manager/build/intermediates/incremental/release/mergeReleaseResources/merged.dir/values-es-rUS/values-es-rUS.xml to /home/runner/work/ShizukuPlus/ShizukuPlus/manager/build/intermediates/merged_res/release/mergeReleaseResources/values-es-rUS_values-es-rUS.arsc.flat
build	Build with Gradle	2026-06-06T12:25:01.4780188Z Compiling XML table /home/runner/work/ShizukuPlus/ShizukuPlus/manager/build/intermediates/incremental/release/mergeReleaseResources/merged.dir/values-v22/values-v22.xml to /home/runner/work/ShizukuPlus/ShizukuPlus/manager/build/intermediates/merged_res/release/mergeReleaseResources/values-v22_values-v22.arsc.flat
build	Build with Gradle	2026-06-06T12:25:01.4784573Z Compiling XML table /home/runner/work/ShizukuPlus/ShizukuPlus/manager/build/intermediates/incremental/release/mergeReleaseResources/merged.dir/values-h360dp-land-v13/values-h360dp-land-v13.xml to /home/runner/work/ShizukuPlus/ShizukuPlus/manager/build/intermediates/merged_res/release/mergeReleaseResources/values-h360dp-land-v13_values-h360dp-land-v13.arsc.flat
build	Build with Gradle	2026-06-06T12:25:01.4820439Z Compiling XML table /home/runner/work/ShizukuPlus/ShizukuPlus/manager/build/intermediates/incremental/release/mergeReleaseResources/merged.dir/values-v26/values-v26.xml to /home/runner/work/ShizukuPlus/ShizukuPlus/manager/build/intermediates/merged_res/release/mergeReleaseResources/values-v26_values-v26.arsc.flat
build	Build with Gradle	2026-06-06T12:25:01.4827053Z Compiling XML table /home/runner/work/ShizukuPlus/ShizukuPlus/manager/build/intermediates/incremental/release/mergeReleaseResources/merged.dir/values-v28/values-v28.xml to /home/runner/work/ShizukuPlus/ShizukuPlus/manager/build/intermediates/merged_res/release/mergeReleaseResources/values-v28_values-v28.arsc.flat
build	Build with Gradle	2026-06-06T12:25:01.4870146Z Compiling XML table /home/runner/work/ShizukuPlus/ShizukuPlus/manager/build/intermediates/incremental/release/mergeReleaseResources/merged.dir/values-v25/values-v25.xml to /home/runner/work/ShizukuPlus/ShizukuPlus/manager/build/intermediates/merged_res/release/mergeReleaseResources/values-v25_values-v25.arsc.flat
build	Build with Gradle	2026-06-06T12:25:01.4877282Z Compiling XML table /home/runner/work/ShizukuPlus/ShizukuPlus/manager/build/intermediates/incremental/release/mergeReleaseResources/merged.dir/values-pt-rPT/values-pt-rPT.xml to /home/runner/work/ShizukuPlus/ShizukuPlus/manager/build/intermediates/merged_res/release/mergeReleaseResources/values-pt-rPT_values-pt-rPT.arsc.flat
build	Build with Gradle	2026-06-06T12:25:01.4881456Z Compiling XML table /home/runner/work/ShizukuPlus/ShizukuPlus/manager/build/intermediates/incremental/release/mergeReleaseResources/merged.dir/values-bg/values-bg.xml to /home/runner/work/ShizukuPlus/ShizukuPlus/manager/build/intermediates/merged_res/release/mergeReleaseResources/values-bg_values-bg.arsc.flat
build	Build with Gradle	2026-06-06T12:25:01.4885149Z Compiling XML table /home/runner/work/ShizukuPlus/ShizukuPlus/manager/build/intermediates/incremental/release/mergeReleaseResources/merged.dir/values-v29/values-v29.xml to /home/runner/work/ShizukuPlus/ShizukuPlus/manager/build/intermediates/merged_res/release/mergeReleaseResources/values-v29_values-v29.arsc.flat
build	Build with Gradle	2026-06-06T12:25:01.4889082Z Compiling XML table /home/runner/work/ShizukuPlus/ShizukuPlus/manager/build/intermediates/incremental/release/mergeReleaseResources/merged.dir/values-sw600dp-v13/values-sw600dp-v13.xml to /home/runner/work/ShizukuPlus/ShizukuPlus/manager/build/intermediates/merged_res/release/mergeReleaseResources/values-sw600dp-v13_values-sw600dp-v13.arsc.flat
build	Build with Gradle	2026-06-06T12:25:01.4920565Z Compiling XML table /home/runner/work/ShizukuPlus/ShizukuPlus/manager/build/intermediates/incremental/release/mergeReleaseResources/merged.dir/values-en-rCA/values-en-rCA.xml to /home/runner/work/ShizukuPlus/ShizukuPlus/manager/build/intermediates/merged_res/release/mergeReleaseResources/values-en-rCA_values-en-rCA.arsc.flat
build	Build with Gradle	2026-06-06T12:25:01.4944459Z Compiling XML table /home/runner/work/ShizukuPlus/ShizukuPlus/manager/build/intermediates/incremental/release/mergeReleaseResources/merged.dir/values-night-v31/values-night-v31.xml to /home/runner/work/ShizukuPlus/ShizukuPlus/manager/build/intermediates/merged_res/release/mergeReleaseResources/values-night-v31_values-night-v31.arsc.flat
build	Build with Gradle	2026-06-06T12:25:01.4979894Z Compiling XML table /home/runner/work/ShizukuPlus/ShizukuPlus/manager/build/intermediates/incremental/release/mergeReleaseResources/merged.dir/values-v30/values-v30.xml to /home/runner/work/ShizukuPlus/ShizukuPlus/manager/build/intermediates/merged_res/release/mergeReleaseResources/values-v30_values-v30.arsc.flat
build	Build with Gradle	2026-06-06T12:25:01.4989633Z Compiling XML table /home/runner/work/ShizukuPlus/ShizukuPlus/manager/build/intermediates/incremental/release/mergeReleaseResources/merged.dir/values-si/values-si.xml to /home/runner/work/ShizukuPlus/ShizukuPlus/manager/build/intermediates/merged_res/release/mergeReleaseResources/values-si_values-si.arsc.flat
build	Build with Gradle	2026-06-06T12:25:01.5020414Z Compiling XML table /home/runner/work/ShizukuPlus/ShizukuPlus/manager/build/intermediates/incremental/release/mergeReleaseResources/merged.dir/values-watch-v21/values-watch-v21.xml to /home/runner/work/ShizukuPlus/ShizukuPlus/manager/build/intermediates/merged_res/release/mergeReleaseResources/values-watch-v21_values-watch-v21.arsc.flat
build	Build with Gradle	2026-06-06T12:25:01.5051892Z Compiling XML table /home/runner/work/ShizukuPlus/ShizukuPlus/manager/build/intermediates/incremental/release/mergeReleaseResources/merged.dir/values-v34/values-v34.xml to /home/runner/work/ShizukuPlus/ShizukuPlus/manager/build/intermediates/merged_res/release/mergeReleaseResources/values-v34_values-v34.arsc.flat
build	Build with Gradle	2026-06-06T12:25:01.5059692Z Compiling XML table /home/runner/work/ShizukuPlus/ShizukuPlus/manager/build/intermediates/incremental/release/mergeReleaseResources/merged.dir/values-hu/values-hu.xml to /home/runner/work/ShizukuPlus/ShizukuPlus/manager/build/intermediates/merged_res/release/mergeReleaseResources/values-hu_values-hu.arsc.flat
build	Build with Gradle	2026-06-06T12:25:01.5072671Z Compiling XML table /home/runner/work/ShizukuPlus/ShizukuPlus/manager/build/intermediates/incremental/release/mergeReleaseResources/merged.dir/values-v35/values-v35.xml to /home/runner/work/ShizukuPlus/ShizukuPlus/manager/build/intermediates/merged_res/release/mergeReleaseResources/values-v35_values-v35.arsc.flat
build	Build with Gradle	2026-06-06T12:25:01.5077051Z Compiling XML table /home/runner/work/ShizukuPlus/ShizukuPlus/manager/build/intermediates/incremental/release/mergeReleaseResources/merged.dir/values-kk/values-kk.xml to /home/runner/work/ShizukuPlus/ShizukuPlus/manager/build/intermediates/merged_res/release/mergeReleaseResources/values-kk_values-kk.arsc.flat
build	Build with Gradle	2026-06-06T12:25:01.5081168Z Compiling XML table /home/runner/work/ShizukuPlus/ShizukuPlus/manager/build/intermediates/incremental/release/mergeReleaseResources/merged.dir/values-sl/values-sl.xml to /home/runner/work/ShizukuPlus/ShizukuPlus/manager/build/intermediates/merged_res/release/mergeReleaseResources/values-sl_values-sl.arsc.flat
build	Build with Gradle	2026-06-06T12:25:01.5085245Z Compiling XML table /home/runner/work/ShizukuPlus/ShizukuPlus/manager/build/intermediates/incremental/release/mergeReleaseResources/merged.dir/values-h320dp-v13/values-h320dp-v13.xml to /home/runner/work/ShizukuPlus/ShizukuPlus/manager/build/intermediates/merged_res/release/mergeReleaseResources/values-h320dp-v13_values-h320dp-v13.arsc.flat
build	Build with Gradle	2026-06-06T12:25:01.5089920Z Compiling XML table /home/runner/work/ShizukuPlus/ShizukuPlus/manager/build/intermediates/incremental/release/mergeReleaseResources/merged.dir/values-television-v28/values-television-v28.xml to /home/runner/work/ShizukuPlus/ShizukuPlus/manager/build/intermediates/merged_res/release/mergeReleaseResources/values-television-v28_values-television-v28.arsc.flat
build	Build with Gradle	2026-06-06T12:25:01.5094633Z Compiling XML table /home/runner/work/ShizukuPlus/ShizukuPlus/manager/build/intermediates/incremental/release/mergeReleaseResources/merged.dir/values-h720dp-v13/values-h720dp-v13.xml to /home/runner/work/ShizukuPlus/ShizukuPlus/manager/build/intermediates/merged_res/release/mergeReleaseResources/values-h720dp-v13_values-h720dp-v13.arsc.flat
build	Build with Gradle	2026-06-06T12:25:01.5130001Z Compiling XML table /home/runner/work/ShizukuPlus/ShizukuPlus/manager/build/intermediates/incremental/release/mergeReleaseResources/merged.dir/values-tl/values-tl.xml to /home/runner/work/ShizukuPlus/ShizukuPlus/manager/build/intermediates/merged_res/release/mergeReleaseResources/values-tl_values-tl.arsc.flat
build	Build with Gradle	2026-06-06T12:25:01.5136114Z Compiling XML table /home/runner/work/ShizukuPlus/ShizukuPlus/manager/build/intermediates/incremental/release/mergeReleaseResources/merged.dir/values-v16/values-v16.xml to /home/runner/work/ShizukuPlus/ShizukuPlus/manager/build/intermediates/merged_res/release/mergeReleaseResources/values-v16_values-v16.arsc.flat
build	Build with Gradle	2026-06-06T12:25:01.5199818Z Compiling XML table /home/runner/work/ShizukuPlus/ShizukuPlus/manager/build/intermediates/incremental/release/mergeReleaseResources/merged.dir/values-ldltr-v21/values-ldltr-v21.xml to /home/runner/work/ShizukuPlus/ShizukuPlus/manager/build/intermediates/merged_res/release/mergeReleaseResources/values-ldltr-v21_values-ldltr-v21.arsc.flat
build	Build with Gradle	2026-06-06T12:25:01.5204736Z Compiling XML table /home/runner/work/ShizukuPlus/ShizukuPlus/manager/build/intermediates/incremental/release/mergeReleaseResources/merged.dir/values-w320dp-land-v13/values-w320dp-land-v13.xml to /home/runner/work/ShizukuPlus/ShizukuPlus/manager/build/intermediates/merged_res/release/mergeReleaseResources/values-w320dp-land-v13_values-w320dp-land-v13.arsc.flat
build	Build with Gradle	2026-06-06T12:25:01.5239771Z Compiling XML table /home/runner/work/ShizukuPlus/ShizukuPlus/manager/build/intermediates/incremental/release/mergeReleaseResources/merged.dir/values-am/values-am.xml to /home/runner/work/ShizukuPlus/ShizukuPlus/manager/build/intermediates/merged_res/release/mergeReleaseResources/values-am_values-am.arsc.flat
build	Build with Gradle	2026-06-06T12:25:01.5259893Z Compiling XML table /home/runner/work/ShizukuPlus/ShizukuPlus/manager/build/intermediates/incremental/release/mergeReleaseResources/merged.dir/values-en-rAU/values-en-rAU.xml to /home/runner/work/ShizukuPlus/ShizukuPlus/manager/build/intermediates/merged_res/release/mergeReleaseResources/values-en-rAU_values-en-rAU.arsc.flat
build	Build with Gradle	2026-06-06T12:25:01.5280132Z Compiling XML table /home/runner/work/ShizukuPlus/ShizukuPlus/manager/build/intermediates/incremental/release/mergeReleaseResources/merged.dir/values-sr/values-sr.xml to /home/runner/work/ShizukuPlus/ShizukuPlus/manager/build/intermediates/merged_res/release/mergeReleaseResources/values-sr_values-sr.arsc.flat
build	Build with Gradle	2026-06-06T12:25:01.5299675Z Compiling XML table /home/runner/work/ShizukuPlus/ShizukuPlus/manager/build/intermediates/incremental/release/mergeReleaseResources/merged.dir/values-lv/values-lv.xml to /home/runner/work/ShizukuPlus/ShizukuPlus/manager/build/intermediates/merged_res/release/mergeReleaseResources/values-lv_values-lv.arsc.flat
build	Build with Gradle	2026-06-06T12:25:01.5329417Z Compiling XML table /home/runner/work/ShizukuPlus/ShizukuPlus/manager/build/intermediates/incremental/release/mergeReleaseResources/merged.dir/values-ar/values-ar.xml to /home/runner/work/ShizukuPlus/ShizukuPlus/manager/build/intermediates/merged_res/release/mergeReleaseResources/values-ar_values-ar.arsc.flat
build	Build with Gradle	2026-06-06T12:25:01.5821136Z Compiling XML table /home/runner/work/ShizukuPlus/ShizukuPlus/manager/build/intermediates/incremental/release/mergeReleaseResources/merged.dir/values-uk/values-uk.xml to /home/runner/work/ShizukuPlus/ShizukuPlus/manager/build/intermediates/merged_res/release/mergeReleaseResources/values-uk_values-uk.arsc.flat
build	Build with Gradle	2026-06-06T12:25:01.5850192Z Compiling XML table /home/runner/work/ShizukuPlus/ShizukuPlus/manager/build/intermediates/incremental/release/mergeReleaseResources/merged.dir/values-kn/values-kn.xml to /home/runner/work/ShizukuPlus/ShizukuPlus/manager/build/intermediates/merged_res/release/mergeReleaseResources/values-kn_values-kn.arsc.flat
build	Build with Gradle	2026-06-06T12:25:01.5873164Z Compiling XML table /home/runner/work/ShizukuPlus/ShizukuPlus/manager/build/intermediates/incremental/release/mergeReleaseResources/merged.dir/values-v23/values-v23.xml to /home/runner/work/ShizukuPlus/ShizukuPlus/manager/build/intermediates/merged_res/release/mergeReleaseResources/values-v23_values-v23.arsc.flat
build	Build with Gradle	2026-06-06T12:25:01.5903928Z Compiling XML table /home/runner/work/ShizukuPlus/ShizukuPlus/manager/build/intermediates/incremental/release/mergeReleaseResources/merged.dir/values-az/values-az.xml to /home/runner/work/ShizukuPlus/ShizukuPlus/manager/build/intermediates/merged_res/release/mergeReleaseResources/values-az_values-az.arsc.flat
build	Build with Gradle	2026-06-06T12:25:01.5929735Z Compiling XML table /home/runner/work/ShizukuPlus/ShizukuPlus/manager/build/intermediates/incremental/release/mergeReleaseResources/merged.dir/values-ta/values-ta.xml to /home/runner/work/ShizukuPlus/ShizukuPlus/manager/build/intermediates/merged_res/release/mergeReleaseResources/values-ta_values-ta.arsc.flat
build	Build with Gradle	2026-06-06T12:25:01.5959949Z Compiling XML table /home/runner/work/ShizukuPlus/ShizukuPlus/manager/build/intermediates/incremental/release/mergeReleaseResources/merged.dir/values-mn/values-mn.xml to /home/runner/work/ShizukuPlus/ShizukuPlus/manager/build/intermediates/merged_res/release/mergeReleaseResources/values-mn_values-mn.arsc.flat
build	Build with Gradle	2026-06-06T12:25:01.5989450Z Compiling XML table /home/runner/work/ShizukuPlus/ShizukuPlus/manager/build/intermediates/incremental/release/mergeReleaseResources/merged.dir/values-ms/values-ms.xml to /home/runner/work/ShizukuPlus/ShizukuPlus/manager/build/intermediates/merged_res/release/mergeReleaseResources/values-ms_values-ms.arsc.flat
build	Build with Gradle	2026-06-06T12:25:01.6009851Z Compiling XML table /home/runner/work/ShizukuPlus/ShizukuPlus/manager/build/intermediates/incremental/release/mergeReleaseResources/merged.dir/values-cs/values-cs.xml to /home/runner/work/ShizukuPlus/ShizukuPlus/manager/build/intermediates/merged_res/release/mergeReleaseResources/values-cs_values-cs.arsc.flat
build	Build with Gradle	2026-06-06T12:25:01.6049558Z Compiling XML table /home/runner/work/ShizukuPlus/ShizukuPlus/manager/build/intermediates/incremental/release/mergeReleaseResources/merged.dir/values-v27/values-v27.xml to /home/runner/work/ShizukuPlus/ShizukuPlus/manager/build/intermediates/merged_res/release/mergeReleaseResources/values-v27_values-v27.arsc.flat
build	Build with Gradle	2026-06-06T12:25:01.6070250Z Compiling XML table /home/runner/work/ShizukuPlus/ShizukuPlus/manager/build/intermediates/incremental/release/mergeReleaseResources/merged.dir/values-h480dp-land-v13/values-h480dp-land-v13.xml to /home/runner/work/ShizukuPlus/ShizukuPlus/manager/build/intermediates/merged_res/release/mergeReleaseResources/values-h480dp-land-v13_values-h480dp-land-v13.arsc.flat
build	Build with Gradle	2026-06-06T12:25:01.6079246Z Compiling XML table /home/runner/work/ShizukuPlus/ShizukuPlus/manager/build/intermediates/incremental/release/mergeReleaseResources/merged.dir/values-ru/values-ru.xml to /home/runner/work/ShizukuPlus/ShizukuPlus/manager/build/intermediates/merged_res/release/mergeReleaseResources/values-ru_values-ru.arsc.flat
build	Build with Gradle	2026-06-06T12:25:01.6109410Z Compiling XML table /home/runner/work/ShizukuPlus/ShizukuPlus/manager/build/intermediates/incremental/release/mergeReleaseResources/merged.dir/values-th/values-th.xml to /home/runner/work/ShizukuPlus/ShizukuPlus/manager/build/intermediates/merged_res/release/mergeReleaseResources/values-th_values-th.arsc.flat
build	Build with Gradle	2026-06-06T12:25:01.6113946Z Compiling XML table /home/runner/work/ShizukuPlus/ShizukuPlus/manager/build/intermediates/incremental/release/mergeReleaseResources/merged.dir/values-es/values-es.xml to /home/runner/work/ShizukuPlus/ShizukuPlus/manager/build/intermediates/merged_res/release/mergeReleaseResources/values-es_values-es.arsc.flat
build	Build with Gradle	2026-06-06T12:25:01.6117990Z Compiling XML table /home/runner/work/ShizukuPlus/ShizukuPlus/manager/build/intermediates/incremental/release/mergeReleaseResources/merged.dir/values-tr/values-tr.xml to /home/runner/work/ShizukuPlus/ShizukuPlus/manager/build/intermediates/merged_res/release/mergeReleaseResources/values-tr_values-tr.arsc.flat
build	Build with Gradle	2026-06-06T12:25:01.6122067Z Compiling XML table /home/runner/work/ShizukuPlus/ShizukuPlus/manager/build/intermediates/incremental/release/mergeReleaseResources/merged.dir/values-bn/values-bn.xml to /home/runner/work/ShizukuPlus/ShizukuPlus/manager/build/intermediates/merged_res/release/mergeReleaseResources/values-bn_values-bn.arsc.flat
build	Build with Gradle	2026-06-06T12:25:01.6148463Z Compiling XML table /home/runner/work/ShizukuPlus/ShizukuPlus/manager/build/intermediates/incremental/release/mergeReleaseResources/merged.dir/values-lt/values-lt.xml to /home/runner/work/ShizukuPlus/ShizukuPlus/manager/build/intermediates/merged_res/release/mergeReleaseResources/values-lt_values-lt.arsc.flat
build	Build with Gradle	2026-06-06T12:25:01.6159812Z Compiling XML table /home/runner/work/ShizukuPlus/ShizukuPlus/manager/build/intermediates/incremental/release/mergeReleaseResources/merged.dir/values-ldrtl-v17/values-ldrtl-v17.xml to /home/runner/work/ShizukuPlus/ShizukuPlus/manager/build/intermediates/merged_res/release/mergeReleaseResources/values-ldrtl-v17_values-ldrtl-v17.arsc.flat
build	Build with Gradle	2026-06-06T12:25:01.6163777Z Compiling XML table /home/runner/work/ShizukuPlus/ShizukuPlus/manager/build/intermediates/incremental/release/mergeReleaseResources/merged.dir/values-ml/values-ml.xml to /home/runner/work/ShizukuPlus/ShizukuPlus/manager/build/intermediates/merged_res/release/mergeReleaseResources/values-ml_values-ml.arsc.flat
build	Build with Gradle	2026-06-06T12:25:01.6167885Z Compiling XML table /home/runner/work/ShizukuPlus/ShizukuPlus/manager/build/intermediates/incremental/release/mergeReleaseResources/merged.dir/values-vi/values-vi.xml to /home/runner/work/ShizukuPlus/ShizukuPlus/manager/build/intermediates/merged_res/release/mergeReleaseResources/values-vi_values-vi.arsc.flat
build	Build with Gradle	2026-06-06T12:25:01.6171786Z Compiling XML table /home/runner/work/ShizukuPlus/ShizukuPlus/manager/build/intermediates/incremental/release/mergeReleaseResources/merged.dir/values-v31/values-v31.xml to /home/runner/work/ShizukuPlus/ShizukuPlus/manager/build/intermediates/merged_res/release/mergeReleaseResources/values-v31_values-v31.arsc.flat
build	Build with Gradle	2026-06-06T12:25:01.6792195Z Compiling XML table /home/runner/work/ShizukuPlus/ShizukuPlus/manager/build/intermediates/incremental/release/mergeReleaseResources/merged.dir/values-fr-rCA/values-fr-rCA.xml to /home/runner/work/ShizukuPlus/ShizukuPlus/manager/build/intermediates/merged_res/release/mergeReleaseResources/values-fr-rCA_values-fr-rCA.arsc.flat
build	Build with Gradle	2026-06-06T12:25:01.6840142Z Compiling XML table /home/runner/work/ShizukuPlus/ShizukuPlus/manager/build/intermediates/incremental/release/mergeReleaseResources/merged.dir/values-my/values-my.xml to /home/runner/work/ShizukuPlus/ShizukuPlus/manager/build/intermediates/merged_res/release/mergeReleaseResources/values-my_values-my.arsc.flat
build	Build with Gradle	2026-06-06T12:25:01.6870544Z Compiling XML table /home/runner/work/ShizukuPlus/ShizukuPlus/manager/build/intermediates/incremental/release/mergeReleaseResources/merged.dir/values-television-v13/values-television-v13.xml to /home/runner/work/ShizukuPlus/ShizukuPlus/manager/build/intermediates/merged_res/release/mergeReleaseResources/values-television-v13_values-television-v13.arsc.flat
build	Build with Gradle	2026-06-06T12:25:01.6899895Z Compiling XML table /home/runner/work/ShizukuPlus/ShizukuPlus/manager/build/intermediates/incremental/release/mergeReleaseResources/merged.dir/values-port/values-port.xml to /home/runner/work/ShizukuPlus/ShizukuPlus/manager/build/intermediates/merged_res/release/mergeReleaseResources/values-port_values-port.arsc.flat
build	Build with Gradle	2026-06-06T12:25:01.6960248Z Compiling XML table /home/runner/work/ShizukuPlus/ShizukuPlus/manager/build/intermediates/incremental/release/mergeReleaseResources/merged.dir/values-fa/values-fa.xml to /home/runner/work/ShizukuPlus/ShizukuPlus/manager/build/intermediates/merged_res/release/mergeReleaseResources/values-fa_values-fa.arsc.flat
build	Build with Gradle	2026-06-06T12:25:01.6998362Z Compiling XML table /home/runner/work/ShizukuPlus/ShizukuPlus/manager/build/intermediates/incremental/release/mergeReleaseResources/merged.dir/values-w600dp-land-v13/values-w600dp-land-v13.xml to /home/runner/work/ShizukuPlus/ShizukuPlus/manager/build/intermediates/merged_res/release/mergeReleaseResources/values-w600dp-land-v13_values-w600dp-land-v13.arsc.flat
build	Build with Gradle	2026-06-06T12:25:01.7049818Z Compiling XML table /home/runner/work/ShizukuPlus/ShizukuPlus/manager/build/intermediates/incremental/release/mergeReleaseResources/merged.dir/values-fi/values-fi.xml to /home/runner/work/ShizukuPlus/ShizukuPlus/manager/build/intermediates/merged_res/release/mergeReleaseResources/values-fi_values-fi.arsc.flat
build	Build with Gradle	2026-06-06T12:25:01.7099534Z Compiling XML table /home/runner/work/ShizukuPlus/ShizukuPlus/manager/build/intermediates/incremental/release/mergeReleaseResources/merged.dir/values-nl/values-nl.xml to /home/runner/work/ShizukuPlus/ShizukuPlus/manager/build/intermediates/merged_res/release/mergeReleaseResources/values-nl_values-nl.arsc.flat
build	Build with Gradle	2026-06-06T12:25:01.7140226Z Compiling XML table /home/runner/work/ShizukuPlus/ShizukuPlus/manager/build/intermediates/incremental/release/mergeReleaseResources/merged.dir/values-hdpi-v4/values-hdpi-v4.xml to /home/runner/work/ShizukuPlus/ShizukuPlus/manager/build/intermediates/merged_res/release/mergeReleaseResources/values-hdpi-v4_values-hdpi-v4.arsc.flat
build	Build with Gradle	2026-06-06T12:25:01.7170056Z Compiling XML table /home/runner/work/ShizukuPlus/ShizukuPlus/manager/build/intermediates/incremental/release/mergeReleaseResources/merged.dir/values-gl/values-gl.xml to /home/runner/work/ShizukuPlus/ShizukuPlus/manager/build/intermediates/merged_res/release/mergeReleaseResources/values-gl_values-gl.arsc.flat
build	Build with Gradle	2026-06-06T12:25:01.7230224Z Compiling XML table /home/runner/work/ShizukuPlus/ShizukuPlus/manager/build/intermediates/incremental/release/mergeReleaseResources/merged.dir/values-sw360dp-v13/values-sw360dp-v13.xml to /home/runner/work/ShizukuPlus/ShizukuPlus/manager/build/intermediates/merged_res/release/mergeReleaseResources/values-sw360dp-v13_values-sw360dp-v13.arsc.flat
build	Build with Gradle	2026-06-06T12:25:01.7260110Z Compiling xml file /home/runner/.gradle/caches/8.14/transforms/a6084efd8e6c9ff951c8e72453f81ad6/transformed/material-1.14.0-beta01/res/layout/design_navigation_item.xml to /home/runner/work/ShizukuPlus/ShizukuPlus/manager/build/intermediates/merged_res/release/mergeReleaseResources/layout_design_navigation_item.xml.flat
build	Build with Gradle	2026-06-06T12:25:01.7320732Z Compiling xml file /home/runner/.gradle/caches/8.14/transforms/a6084efd8e6c9ff951c8e72453f81ad6/transformed/material-1.14.0-beta01/res/color/m3_button_ripple_color_selector.xml to /home/runner/work/ShizukuPlus/ShizukuPlus/manager/build/intermediates/merged_res/release/mergeReleaseResources/color_m3_button_ripple_color_selector.xml.flat
build	Build with Gradle	2026-06-06T12:25:01.7370172Z Compiling xml file /home/runner/.gradle/caches/8.14/transforms/0a9f0b23f2ae3b3d671937d923da2cba/transformed/glance-appwidget-1.1.1/res/layout/box_child_end_top_group_0.xml to /home/runner/work/ShizukuPlus/ShizukuPlus/manager/build/intermediates/merged_res/release/mergeReleaseResources/layout_box_child_end_top_group_0.xml.flat
build	Build with Gradle	2026-06-06T12:25:01.7405431Z Compiling xml file /home/runner/.gradle/caches/8.14/transforms/0a9f0b23f2ae3b3d671937d923da2cba/transformed/glance-appwidget-1.1.1/res/layout/box_child_end_top_group_2.xml to /home/runner/work/ShizukuPlus/ShizukuPlus/manager/build/intermediates/merged_res/release/mergeReleaseResources/layout_box_child_end_top_group_2.xml.flat
build	Build with Gradle	2026-06-06T12:25:01.7470448Z Compiling xml file /home/runner/.gradle/caches/8.14/transforms/0a9f0b23f2ae3b3d671937d923da2cba/transformed/glance-appwidget-1.1.1/res/layout/box_child_end_top_group_6.xml to /home/runner/work/ShizukuPlus/ShizukuPlus/manager/build/intermediates/merged_res/release/mergeReleaseResources/layout_box_child_end_top_group_6.xml.flat
build	Build with Gradle	2026-06-06T12:25:01.7511657Z Compiling xml file /home/runner/.gradle/caches/8.14/transforms/0a9f0b23f2ae3b3d671937d923da2cba/transformed/glance-appwidget-1.1.1/res/drawable/glance_switch_thumb_on_to_off.xml to /home/runner/work/ShizukuPlus/ShizukuPlus/manager/build/intermediates/merged_res/release/mergeReleaseResources/drawable_glance_switch_thumb_on_to_off.xml.flat
build	Build with Gradle	2026-06-06T12:25:01.7517207Z Compiling xml file /home/runner/.gradle/caches/8.14/transforms/0a9f0b23f2ae3b3d671937d923da2cba/transformed/glance-appwidget-1.1.1/res/layout-v33/glance_list_center_horizontal_bottom.xml to /home/runner/work/ShizukuPlus/ShizukuPlus/manager/build/intermediates/merged_res/release/mergeReleaseResources/layout-v33_glance_list_center_horizontal_bottom.xml.flat
build	Build with Gradle	2026-06-06T12:25:01.7580630Z Compiling xml file /home/runner/.gradle/caches/8.14/transforms/0a9f0b23f2ae3b3d671937d923da2cba/transformed/glance-appwidget-1.1.1/res/layout-v31/row_child_null_bottom_group_8.xml to /home/runner/work/ShizukuPlus/ShizukuPlus/manager/build/intermediates/merged_res/release/mergeReleaseResources/layout-v31_row_child_null_bottom_group_8.xml.flat
build	Build with Gradle	2026-06-06T12:25:01.7640548Z Compiling XML table /home/runner/work/ShizukuPlus/ShizukuPlus/manager/build/intermediates/incremental/release/mergeReleaseResources/merged.dir/values-en-rXC/values-en-rXC.xml to /home/runner/work/ShizukuPlus/ShizukuPlus/manager/build/intermediates/merged_res/release/mergeReleaseResources/values-en-rXC_values-en-rXC.arsc.flat
build	Build with Gradle	2026-06-06T12:25:01.7664004Z Compiling xml file /home/runner/.gradle/caches/8.14/transforms/0a9f0b23f2ae3b3d671937d923da2cba/transformed/glance-appwidget-1.1.1/res/layout-v31/row_child_null_bottom_group_4.xml to /home/runner/work/ShizukuPlus/ShizukuPlus/manager/build/intermediates/merged_res/release/mergeReleaseResources/layout-v31_row_child_null_bottom_group_4.xml.flat
build	Build with Gradle	2026-06-06T12:25:01.7690788Z Compiling xml file /home/runner/.gradle/caches/8.14/transforms/0a9f0b23f2ae3b3d671937d923da2cba/transformed/glance-appwidget-1.1.1/res/layout-v33/glance_vertical_grid_two_columns_start_center_vertical.xml to /home/runner/work/ShizukuPlus/ShizukuPlus/manager/build/intermediates/merged_res/release/mergeReleaseResources/layout-v33_glance_vertical_grid_two_columns_start_center_vertical.xml.flat
build	Build with Gradle	2026-06-06T12:25:01.7769404Z Compiling xml file /home/runner/.gradle/caches/8.14/transforms/0a9f0b23f2ae3b3d671937d923da2cba/transformed/glance-appwidget-1.1.1/res/layout/box_end_center_vertical_10children.xml to /home/runner/work/ShizukuPlus/ShizukuPlus/manager/build/intermediates/merged_res/release/mergeReleaseResources/layout_box_end_center_vertical_10children.xml.flat
build	Build with Gradle	2026-06-06T12:25:01.7802488Z Compiling xml file /home/runner/.gradle/caches/8.14/transforms/0a9f0b23f2ae3b3d671937d923da2cba/transformed/glance-appwidget-1.1.1/res/layout/box_start_top_5children.xml to /home/runner/work/ShizukuPlus/ShizukuPlus/manager/build/intermediates/merged_res/release/mergeReleaseResources/layout_box_start_top_5children.xml.flat
build	Build with Gradle	2026-06-06T12:25:01.7880154Z Compiling xml file /home/runner/.gradle/caches/8.14/transforms/0a9f0b23f2ae3b3d671937d923da2cba/transformed/glance-appwidget-1.1.1/res/layout-v33/radio_row_start_bottom.xml to /home/runner/work/ShizukuPlus/ShizukuPlus/manager/build/intermediates/merged_res/release/mergeReleaseResources/layout-v33_radio_row_start_bottom.xml.flat
build	Build with Gradle	2026-06-06T12:25:01.7884680Z Compiling xml file /home/runner/work/ShizukuPlus/ShizukuPlus/manager/build/intermediates/incremental/release/mergeReleaseResources/stripped.dir/layout/activity_plus_dashboard.xml to /home/runner/work/ShizukuPlus/ShizukuPlus/manager/build/intermediates/merged_res/release/mergeReleaseResources/layout_activity_plus_dashboard.xml.flat
build	Build with Gradle	2026-06-06T12:25:01.7970403Z Compiling xml file /home/runner/.gradle/caches/8.14/transforms/a6084efd8e6c9ff951c8e72453f81ad6/transformed/material-1.14.0-beta01/res/color/m3_assist_chip_icon_tint_color.xml to /home/runner/work/ShizukuPlus/ShizukuPlus/manager/build/intermediates/merged_res/release/mergeReleaseResources/color_m3_assist_chip_icon_tint_color.xml.flat
build	Build with Gradle	2026-06-06T12:25:01.8025668Z Compiling xml file /home/runner/.gradle/caches/8.14/transforms/a6084efd8e6c9ff951c8e72453f81ad6/transformed/material-1.14.0-beta01/res/drawable/m3_overflow_item_checkbox.xml to /home/runner/work/ShizukuPlus/ShizukuPlus/manager/build/intermediates/merged_res/release/mergeReleaseResources/drawable_m3_overflow_item_checkbox.xml.flat
build	Build with Gradle	2026-06-06T12:25:01.8059758Z Compiling xml file /home/runner/.gradle/caches/8.14/transforms/a6084efd8e6c9ff951c8e72453f81ad6/transformed/material-1.14.0-beta01/res/drawable/mtrl_popupmenu_background.xml to /home/runner/work/ShizukuPlus/ShizukuPlus/manager/build/intermediates/merged_res/release/mergeReleaseResources/drawable_mtrl_popupmenu_background.xml.flat
build	Build with Gradle	2026-06-06T12:25:01.8090180Z Compiling xml file /home/runner/.gradle/caches/8.14/transforms/0a9f0b23f2ae3b3d671937d923da2cba/transformed/glance-appwidget-1.1.1/res/layout-v33/glance_vertical_grid_auto_fit_end_top.xml to /home/runner/work/ShizukuPlus/ShizukuPlus/manager/build/intermediates/merged_res/release/mergeReleaseResources/layout-v33_glance_vertical_grid_auto_fit_end_top.xml.flat
build	Build with Gradle	2026-06-06T12:25:01.8120587Z Compiling xml file /home/runner/.gradle/caches/8.14/transforms/a6084efd8e6c9ff951c8e72453f81ad6/transformed/material-1.14.0-beta01/res/color/m3_standard_toolbar_icon_button_icon_color_selector.xml to /home/runner/work/ShizukuPlus/ShizukuPlus/manager/build/intermediates/merged_res/release/mergeReleaseResources/color_m3_standard_toolbar_icon_button_icon_color_selector.xml.flat
build	Build with Gradle	2026-06-06T12:25:01.8136083Z Compiling XML table /home/runner/work/ShizukuPlus/ShizukuPlus/manager/build/intermediates/incremental/release/mergeReleaseResources/merged.dir/values-en-rGB/values-en-rGB.xml to /home/runner/work/ShizukuPlus/ShizukuPlus/manager/build/intermediates/merged_res/release/mergeReleaseResources/values-en-rGB_values-en-rGB.arsc.flat
build	Build with Gradle	2026-06-06T12:25:01.8140985Z Compiling xml file /home/runner/.gradle/caches/8.14/transforms/0a9f0b23f2ae3b3d671937d923da2cba/transformed/glance-appwidget-1.1.1/res/drawable/glance_component_btn_circle.xml to /home/runner/work/ShizukuPlus/ShizukuPlus/manager/build/intermediates/merged_res/release/mergeReleaseResources/drawable_glance_component_btn_circle.xml.flat
build	Build with Gradle	2026-06-06T12:25:01.8145122Z Compiling xml file /home/runner/.gradle/caches/8.14/transforms/0a9f0b23f2ae3b3d671937d923da2cba/transformed/glance-appwidget-1.1.1/res/layout-v31/row_child_null_top_group_8.xml to /home/runner/work/ShizukuPlus/ShizukuPlus/manager/build/intermediates/merged_res/release/mergeReleaseResources/layout-v31_row_child_null_top_group_8.xml.flat
build	Build with Gradle	2026-06-06T12:25:01.8149058Z Compiling xml file /home/runner/.gradle/caches/8.14/transforms/0a9f0b23f2ae3b3d671937d923da2cba/transformed/glance-appwidget-1.1.1/res/layout-v31/row_child_null_top_group_6.xml to /home/runner/work/ShizukuPlus/ShizukuPlus/manager/build/intermediates/merged_res/release/mergeReleaseResources/layout-v31_row_child_null_top_group_6.xml.flat
build	Build with Gradle	2026-06-06T12:25:01.8152827Z Compiling xml file /home/runner/.gradle/caches/8.14/transforms/a6084efd8e6c9ff951c8e72453f81ad6/transformed/material-1.14.0-beta01/res/color/m3_efab_ripple_color_selector.xml to /home/runner/work/ShizukuPlus/ShizukuPlus/manager/build/intermediates/merged_res/release/mergeReleaseResources/color_m3_efab_ripple_color_selector.xml.flat
build	Build with Gradle	2026-06-06T12:25:01.8157255Z Compiling xml file /home/runner/.gradle/caches/8.14/transforms/0a9f0b23f2ae3b3d671937d923da2cba/transformed/glance-appwidget-1.1.1/res/layout-v33/glance_image_fill_bounds_center_horizontal_bottom.xml to /home/runner/work/ShizukuPlus/ShizukuPlus/manager/build/intermediates/merged_res/release/mergeReleaseResources/layout-v33_glance_image_fill_bounds_center_horizontal_bottom.xml.flat
build	Build with Gradle	2026-06-06T12:25:01.8162111Z Compiling xml file /home/runner/work/ShizukuPlus/ShizukuPlus/manager/src/main/res/drawable/ic_numeric_1_circle_outline_24.xml to /home/runner/work/ShizukuPlus/ShizukuPlus/manager/build/intermediates/merged_res/release/mergeReleaseResources/drawable_ic_numeric_1_circle_outline_24.xml.flat
build	Build with Gradle	2026-06-06T12:25:01.8166099Z Compiling xml file /home/runner/.gradle/caches/8.14/transforms/0a9f0b23f2ae3b3d671937d923da2cba/transformed/glance-appwidget-1.1.1/res/layout/radio_column_start_null_7children.xml to /home/runner/work/ShizukuPlus/ShizukuPlus/manager/build/intermediates/merged_res/release/mergeReleaseResources/layout_radio_column_start_null_7children.xml.flat
build	Build with Gradle	2026-06-06T12:25:01.8170037Z Compiling xml file /home/runner/.gradle/caches/8.14/transforms/a6084efd8e6c9ff951c8e72453f81ad6/transformed/material-1.14.0-beta01/res/drawable/material_shape_semicircle.xml to /home/runner/work/ShizukuPlus/ShizukuPlus/manager/build/intermediates/merged_res/release/mergeReleaseResources/drawable_material_shape_semicircle.xml.flat
build	Build with Gradle	2026-06-06T12:25:01.8173992Z Compiling xml file /home/runner/.gradle/caches/8.14/transforms/efa565396efa7c69fa280f54041abb1e/transformed/appcompat-1.6.1/res/anim/abc_slide_in_bottom.xml to /home/runner/work/ShizukuPlus/ShizukuPlus/manager/build/intermediates/merged_res/release/mergeReleaseResources/anim_abc_slide_in_bottom.xml.flat
build	Build with Gradle	2026-06-06T12:25:01.8178084Z Compiling xml file /home/runner/.gradle/caches/8.14/transforms/a6084efd8e6c9ff951c8e72453f81ad6/transformed/material-1.14.0-beta01/res/drawable/m3_bottom_sheet_drag_handle.xml to /home/runner/work/ShizukuPlus/ShizukuPlus/manager/build/intermediates/merged_res/release/mergeReleaseResources/drawable_m3_bottom_sheet_drag_handle.xml.flat
build	Build with Gradle	2026-06-06T12:25:01.8182429Z Compiling xml file /home/runner/.gradle/caches/8.14/transforms/a6084efd8e6c9ff951c8e72453f81ad6/transformed/material-1.14.0-beta01/res/color/mtrl_navigation_bar_colored_ripple_color.xml to /home/runner/work/ShizukuPlus/ShizukuPlus/manager/build/intermediates/merged_res/release/mergeReleaseResources/color_mtrl_navigation_bar_colored_ripple_color.xml.flat
build	Build with Gradle	2026-06-06T12:25:01.8186692Z Compiling xml file /home/runner/work/ShizukuPlus/ShizukuPlus/manager/src/main/res/drawable/shape_circle_icon_background.xml to /home/runner/work/ShizukuPlus/ShizukuPlus/manager/build/intermediates/merged_res/release/mergeReleaseResources/drawable_shape_circle_icon_background.xml.flat
build	Build with Gradle	2026-06-06T12:25:01.8190956Z Compiling XML table /home/runner/work/ShizukuPlus/ShizukuPlus/manager/build/intermediates/incremental/release/mergeReleaseResources/merged.dir/values-v33/values-v33.xml to /home/runner/work/ShizukuPlus/ShizukuPlus/manager/build/intermediates/merged_res/release/mergeReleaseResources/values-v33_values-v33.arsc.flat
build	Build with Gradle	2026-06-06T12:25:01.8195141Z Compiling xml file /home/runner/.gradle/caches/8.14/transforms/0a9f0b23f2ae3b3d671937d923da2cba/transformed/glance-appwidget-1.1.1/res/drawable/glance_loading_layout_background.xml to /home/runner/work/ShizukuPlus/ShizukuPlus/manager/build/intermediates/merged_res/release/mergeReleaseResources/drawable_glance_loading_layout_background.xml.flat
build	Build with Gradle	2026-06-06T12:25:01.8199702Z Compiling xml file /home/runner/.gradle/caches/8.14/transforms/0a9f0b23f2ae3b3d671937d923da2cba/transformed/glance-appwidget-1.1.1/res/layout/row_null_bottom_7children.xml to /home/runner/work/ShizukuPlus/ShizukuPlus/manager/build/intermediates/merged_res/release/mergeReleaseResources/layout_row_null_bottom_7children.xml.flat
build	Build with Gradle	2026-06-06T12:25:01.8203980Z Compiling xml file /home/runner/.gradle/caches/8.14/transforms/a6084efd8e6c9ff951c8e72453f81ad6/transformed/material-1.14.0-beta01/res/xml/m3_split_button_inner_corner_size_state_list.xml to /home/runner/work/ShizukuPlus/ShizukuPlus/manager/build/intermediates/merged_res/release/mergeReleaseResources/xml_m3_split_button_inner_corner_size_state_list.xml.flat
build	Build with Gradle	2026-06-06T12:25:01.8208508Z Compiling xml file /home/runner/.gradle/caches/8.14/transforms/0a9f0b23f2ae3b3d671937d923da2cba/transformed/glance-appwidget-1.1.1/res/layout/box_center_horizontal_top_4children.xml to /home/runner/work/ShizukuPlus/ShizukuPlus/manager/build/intermediates/merged_res/release/mergeReleaseResources/layout_box_center_horizontal_top_4children.xml.flat
build	Build with Gradle	2026-06-06T12:25:01.8212649Z Compiling xml file /home/runner/.gradle/caches/8.14/transforms/a6084efd8e6c9ff951c8e72453f81ad6/transformed/material-1.14.0-beta01/res/color/m3_tabs_ripple_color.xml to /home/runner/work/ShizukuPlus/ShizukuPlus/manager/build/intermediates/merged_res/release/mergeReleaseResources/color_m3_tabs_ripple_color.xml.flat
build	Build with Gradle	2026-06-06T12:25:01.8216688Z Compiling xml file /home/runner/.gradle/caches/8.14/transforms/0a9f0b23f2ae3b3d671937d923da2cba/transformed/glance-appwidget-1.1.1/res/layout/column_start_null_6children.xml to /home/runner/work/ShizukuPlus/ShizukuPlus/manager/build/intermediates/merged_res/release/mergeReleaseResources/layout_column_start_null_6children.xml.flat
build	Build with Gradle	2026-06-06T12:25:01.8221431Z Compiling xml file /home/runner/.gradle/caches/8.14/transforms/0a9f0b23f2ae3b3d671937d923da2cba/transformed/glance-appwidget-1.1.1/res/layout-v33/glance_swtch_backport_expandwidth_wrapheight.xml to /home/runner/work/ShizukuPlus/ShizukuPlus/manager/build/intermediates/merged_res/release/mergeReleaseResources/layout-v33_glance_swtch_backport_expandwidth_wrapheight.xml.flat
build	Build with Gradle	2026-06-06T12:25:01.8225916Z Compiling xml file /home/runner/.gradle/caches/8.14/transforms/373e825be4973449db84049594b600ab/transformed/material-preference-2.0.0-release/res/layout/m3_preference_simplemenu.xml to /home/runner/work/ShizukuPlus/ShizukuPlus/manager/build/intermediates/merged_res/release/mergeReleaseResources/layout_m3_preference_simplemenu.xml.flat
build	Build with Gradle	2026-06-06T12:25:01.8230104Z Compiling XML table /home/runner/work/ShizukuPlus/ShizukuPlus/manager/build/intermediates/incremental/release/mergeReleaseResources/merged.dir/values-sq/values-sq.xml to /home/runner/work/ShizukuPlus/ShizukuPlus/manager/build/intermediates/merged_res/release/mergeReleaseResources/values-sq_values-sq.arsc.flat
build	Build with Gradle	2026-06-06T12:25:01.8234424Z Compiling XML table /home/runner/work/ShizukuPlus/ShizukuPlus/manager/build/intermediates/incremental/release/mergeReleaseResources/merged.dir/values-b+es+419/values-b+es+419.xml to /home/runner/work/ShizukuPlus/ShizukuPlus/manager/build/intermediates/merged_res/release/mergeReleaseResources/values-b+es+419_values-b+es+419.arsc.flat
build	Build with Gradle	2026-06-06T12:25:01.8238932Z Compiling xml file /home/runner/.gradle/caches/8.14/transforms/a6084efd8e6c9ff951c8e72453f81ad6/transformed/material-1.14.0-beta01/res/animator/m3_extended_fab_change_size_expand_motion_spec.xml to /home/runner/work/ShizukuPlus/ShizukuPlus/manager/build/intermediates/merged_res/release/mergeReleaseResources/animator_m3_extended_fab_change_size_expand_motion_spec.xml.flat
build	Build with Gradle	2026-06-06T12:25:01.8243267Z Compiling xml file /home/runner/work/ShizukuPlus/ShizukuPlus/manager/build/intermediates/incremental/release/mergeReleaseResources/stripped.dir/layout/list_section_header.xml to /home/runner/work/ShizukuPlus/ShizukuPlus/manager/build/intermediates/merged_res/release/mergeReleaseResources/layout_list_section_header.xml.flat
build	Build with Gradle	2026-06-06T12:25:01.8247972Z Compiling xml file /home/runner/.gradle/caches/8.14/transforms/efa565396efa7c69fa280f54041abb1e/transformed/appcompat-1.6.1/res/interpolator/btn_radio_to_on_mtrl_animation_interpolator_0.xml to /home/runner/work/ShizukuPlus/ShizukuPlus/manager/build/intermediates/merged_res/release/mergeReleaseResources/interpolator_btn_radio_to_on_mtrl_animation_interpolator_0.xml.flat
build	Build with Gradle	2026-06-06T12:25:01.8252518Z Compiling xml file /home/runner/.gradle/caches/8.14/transforms/a6084efd8e6c9ff951c8e72453f81ad6/transformed/material-1.14.0-beta01/res/color/mtrl_navigation_item_background_color.xml to /home/runner/work/ShizukuPlus/ShizukuPlus/manager/build/intermediates/merged_res/release/mergeReleaseResources/color_mtrl_navigation_item_background_color.xml.flat
build	Build with Gradle	2026-06-06T12:25:01.8257024Z Compiling xml file /home/runner/.gradle/caches/8.14/transforms/0a9f0b23f2ae3b3d671937d923da2cba/transformed/glance-appwidget-1.1.1/res/layout-v33/glance_vertical_grid_five_columns_end_top.xml to /home/runner/work/ShizukuPlus/ShizukuPlus/manager/build/intermediates/merged_res/release/mergeReleaseResources/layout-v33_glance_vertical_grid_five_columns_end_top.xml.flat
build	Build with Gradle	2026-06-06T12:25:01.8261409Z Compiling xml file /home/runner/.gradle/caches/8.14/transforms/a6084efd8e6c9ff951c8e72453f81ad6/transformed/material-1.14.0-beta01/res/color-v31/m3_ref_palette_dynamic_neutral_variant98.xml to /home/runner/work/ShizukuPlus/ShizukuPlus/manager/build/intermediates/merged_res/release/mergeReleaseResources/color-v31_m3_ref_palette_dynamic_neutral_variant98.xml.flat
build	Build with Gradle	2026-06-06T12:25:01.8265487Z Compiling xml file /home/runner/work/ShizukuPlus/ShizukuPlus/manager/src/main/res/drawable/shape_status_indicator.xml to /home/runner/work/ShizukuPlus/ShizukuPlus/manager/build/intermediates/merged_res/release/mergeReleaseResources/drawable_shape_status_indicator.xml.flat
build	Build with Gradle	2026-06-06T12:25:01.8269243Z Compiling XML table /home/runner/work/ShizukuPlus/ShizukuPlus/manager/build/intermediates/incremental/release/mergeReleaseResources/merged.dir/values-km/values-km.xml to /home/runner/work/ShizukuPlus/ShizukuPlus/manager/build/intermediates/merged_res/release/mergeReleaseResources/values-km_values-km.arsc.flat
build	Build with Gradle	2026-06-06T12:25:01.8273417Z Compiling xml file /home/runner/.gradle/caches/8.14/transforms/a6084efd8e6c9ff951c8e72453f81ad6/transformed/material-1.14.0-beta01/res/color-v31/m3_ref_palette_dynamic_neutral_variant24.xml to /home/runner/work/ShizukuPlus/ShizukuPlus/manager/build/intermediates/merged_res/release/mergeReleaseResources/color-v31_m3_ref_palette_dynamic_neutral_variant24.xml.flat
build	Build with Gradle	2026-06-06T12:25:01.8277823Z Compiling XML table /home/runner/work/ShizukuPlus/ShizukuPlus/manager/build/intermediates/incremental/release/mergeReleaseResources/merged.dir/values-pl/values-pl.xml to /home/runner/work/ShizukuPlus/ShizukuPlus/manager/build/intermediates/merged_res/release/mergeReleaseResources/values-pl_values-pl.arsc.flat
build	Build with Gradle	2026-06-06T12:25:01.8282086Z Compiling xml file /home/runner/.gradle/caches/8.14/transforms/0a9f0b23f2ae3b3d671937d923da2cba/transformed/glance-appwidget-1.1.1/res/layout-v33/glance_button_end_bottom.xml to /home/runner/work/ShizukuPlus/ShizukuPlus/manager/build/intermediates/merged_res/release/mergeReleaseResources/layout-v33_glance_button_end_bottom.xml.flat
build	Build with Gradle	2026-06-06T12:25:01.8286251Z Compiling xml file /home/runner/.gradle/caches/8.14/transforms/f85a8706e3d3bf4df310b1b8ed66a067/transformed/material-2.7.2/res/color/m3_switch_thumb_color_light.xml to /home/runner/work/ShizukuPlus/ShizukuPlus/manager/build/intermediates/merged_res/release/mergeReleaseResources/color_m3_switch_thumb_color_light.xml.flat
build	Build with Gradle	2026-06-06T12:25:01.8290063Z Compiling xml file /home/runner/work/ShizukuPlus/ShizukuPlus/manager/src/main/res/xml/settings_home_visibility.xml to /home/runner/work/ShizukuPlus/ShizukuPlus/manager/build/intermediates/merged_res/release/mergeReleaseResources/xml_settings_home_visibility.xml.flat
build	Build with Gradle	2026-06-06T12:25:01.8294011Z Compiling xml file /home/runner/.gradle/caches/8.14/transforms/0a9f0b23f2ae3b3d671937d923da2cba/transformed/glance-appwidget-1.1.1/res/layout-v33/column_center_horizontal_top.xml to /home/runner/work/ShizukuPlus/ShizukuPlus/manager/build/intermediates/merged_res/release/mergeReleaseResources/layout-v33_column_center_horizontal_top.xml.flat
build	Build with Gradle	2026-06-06T12:25:01.8298302Z Compiling XML table /home/runner/work/ShizukuPlus/ShizukuPlus/manager/build/intermediates/incremental/release/mergeReleaseResources/merged.dir/values-sw/values-sw.xml to /home/runner/work/ShizukuPlus/ShizukuPlus/manager/build/intermediates/merged_res/release/mergeReleaseResources/values-sw_values-sw.arsc.flat
build	Build with Gradle	2026-06-06T12:25:01.8302224Z Compiling xml file /home/runner/work/ShizukuPlus/ShizukuPlus/manager/src/main/res/drawable/shape_expressive_leaf_background.xml to /home/runner/work/ShizukuPlus/ShizukuPlus/manager/build/intermediates/merged_res/release/mergeReleaseResources/drawable_shape_expressive_leaf_background.xml.flat
build	Build with Gradle	2026-06-06T12:25:01.8306195Z Compiling xml file /home/runner/.gradle/caches/8.14/transforms/0a9f0b23f2ae3b3d671937d923da2cba/transformed/glance-appwidget-1.1.1/res/layout/radio_row_null_top_4children.xml to /home/runner/work/ShizukuPlus/ShizukuPlus/manager/build/intermediates/merged_res/release/mergeReleaseResources/layout_radio_row_null_top_4children.xml.flat
build	Build with Gradle	2026-06-06T12:25:01.8310510Z Compiling xml file /home/runner/.gradle/caches/8.14/transforms/a6084efd8e6c9ff951c8e72453f81ad6/transformed/material-1.14.0-beta01/res/drawable/material_shape_soft_burst.xml to /home/runner/work/ShizukuPlus/ShizukuPlus/manager/build/intermediates/merged_res/release/mergeReleaseResources/drawable_material_shape_soft_burst.xml.flat
build	Build with Gradle	2026-06-06T12:25:01.8314621Z Compiling xml file /home/runner/.gradle/caches/8.14/transforms/a6084efd8e6c9ff951c8e72453f81ad6/transformed/material-1.14.0-beta01/res/layout/mtrl_calendar_days_of_week.xml to /home/runner/work/ShizukuPlus/ShizukuPlus/manager/build/intermediates/merged_res/release/mergeReleaseResources/layout_mtrl_calendar_days_of_week.xml.flat
build	Build with Gradle	2026-06-06T12:25:01.8319143Z Compiling xml file /home/runner/.gradle/caches/8.14/transforms/0a9f0b23f2ae3b3d671937d923da2cba/transformed/glance-appwidget-1.1.1/res/layout-v33/glance_vertical_grid_auto_fit_end_center_vertical.xml to /home/runner/work/ShizukuPlus/ShizukuPlus/manager/build/intermediates/merged_res/release/mergeReleaseResources/layout-v33_glance_vertical_grid_auto_fit_end_center_vertical.xml.flat
build	Build with Gradle	2026-06-06T12:25:01.8323814Z Compiling xml file /home/runner/.gradle/caches/8.14/transforms/0a9f0b23f2ae3b3d671937d923da2cba/transformed/glance-appwidget-1.1.1/res/layout-v31/box_child_center_horizontal_top_group_1.xml to /home/runner/work/ShizukuPlus/ShizukuPlus/manager/build/intermediates/merged_res/release/mergeReleaseResources/layout-v31_box_child_center_horizontal_top_group_1.xml.flat
build	Build with Gradle	2026-06-06T12:25:01.8328180Z Compiling XML table /home/runner/work/ShizukuPlus/ShizukuPlus/manager/build/intermediates/incremental/release/mergeReleaseResources/merged.dir/values-ky/values-ky.xml to /home/runner/work/ShizukuPlus/ShizukuPlus/manager/build/intermediates/merged_res/release/mergeReleaseResources/values-ky_values-ky.arsc.flat
build	Build with Gradle	2026-06-06T12:25:01.8332860Z Compiling xml file /home/runner/.gradle/caches/8.14/transforms/0a9f0b23f2ae3b3d671937d923da2cba/transformed/glance-appwidget-1.1.1/res/layout-v31/box_child_center_horizontal_top_group_5.xml to /home/runner/work/ShizukuPlus/ShizukuPlus/manager/build/intermediates/merged_res/release/mergeReleaseResources/layout-v31_box_child_center_horizontal_top_group_5.xml.flat
build	Build with Gradle	2026-06-06T12:25:01.8337861Z Compiling xml file /home/runner/.gradle/caches/8.14/transforms/0a9f0b23f2ae3b3d671937d923da2cba/transformed/glance-appwidget-1.1.1/res/layout/radio_column_center_horizontal_null_10children.xml to /home/runner/work/ShizukuPlus/ShizukuPlus/manager/build/intermediates/merged_res/release/mergeReleaseResources/layout_radio_column_center_horizontal_null_10children.xml.flat
build	Build with Gradle	2026-06-06T12:25:01.8342519Z Compiling xml file /home/runner/.gradle/caches/8.14/transforms/0a9f0b23f2ae3b3d671937d923da2cba/transformed/glance-appwidget-1.1.1/res/layout/column_center_horizontal_null_9children.xml to /home/runner/work/ShizukuPlus/ShizukuPlus/manager/build/intermediates/merged_res/release/mergeReleaseResources/layout_column_center_horizontal_null_9children.xml.flat
build	Build with Gradle	2026-06-06T12:25:01.8346710Z Compiling xml file /home/runner/.gradle/caches/8.14/transforms/efa565396efa7c69fa280f54041abb1e/transformed/appcompat-1.6.1/res/color-v23/abc_tint_default.xml to /home/runner/work/ShizukuPlus/ShizukuPlus/manager/build/intermediates/merged_res/release/mergeReleaseResources/color-v23_abc_tint_default.xml.flat
build	Build with Gradle	2026-06-06T12:25:01.8350884Z Compiling xml file /home/runner/.gradle/caches/8.14/transforms/a6084efd8e6c9ff951c8e72453f81ad6/transformed/material-1.14.0-beta01/res/color/material_slider_inactive_track_color.xml to /home/runner/work/ShizukuPlus/ShizukuPlus/manager/build/intermediates/merged_res/release/mergeReleaseResources/color_material_slider_inactive_track_color.xml.flat
build	Build with Gradle	2026-06-06T12:25:01.8355247Z Compiling xml file /home/runner/.gradle/caches/8.14/transforms/efa565396efa7c69fa280f54041abb1e/transformed/appcompat-1.6.1/res/drawable/btn_radio_on_to_off_mtrl_animation.xml to /home/runner/work/ShizukuPlus/ShizukuPlus/manager/build/intermediates/merged_res/release/mergeReleaseResources/drawable_btn_radio_on_to_off_mtrl_animation.xml.flat
build	Build with Gradle	2026-06-06T12:25:01.8359438Z Compiling xml file /home/runner/.gradle/caches/8.14/transforms/a6084efd8e6c9ff951c8e72453f81ad6/transformed/material-1.14.0-beta01/res/layout/material_time_input.xml to /home/runner/work/ShizukuPlus/ShizukuPlus/manager/build/intermediates/merged_res/release/mergeReleaseResources/layout_material_time_input.xml.flat
build	Build with Gradle	2026-06-06T12:25:01.8363476Z Compiling XML table /home/runner/work/ShizukuPlus/ShizukuPlus/manager/build/intermediates/incremental/release/mergeReleaseResources/merged.dir/values-te/values-te.xml to /home/runner/work/ShizukuPlus/ShizukuPlus/manager/build/intermediates/merged_res/release/mergeReleaseResources/values-te_values-te.arsc.flat
build	Build with Gradle	2026-06-06T12:25:01.8367737Z Compiling xml file /home/runner/.gradle/caches/8.14/transforms/0a9f0b23f2ae3b3d671937d923da2cba/transformed/glance-appwidget-1.1.1/res/layout-v31/box_child_end_top_group_0.xml to /home/runner/work/ShizukuPlus/ShizukuPlus/manager/build/intermediates/merged_res/release/mergeReleaseResources/layout-v31_box_child_end_top_group_0.xml.flat
build	Build with Gradle	2026-06-06T12:25:01.8373501Z Compiling xml file /home/runner/.gradle/caches/8.14/transforms/0a9f0b23f2ae3b3d671937d923da2cba/transformed/glance-appwidget-1.1.1/res/layout-v31/box_child_end_top_group_4.xml to /home/runner/work/ShizukuPlus/ShizukuPlus/manager/build/intermediates/merged_res/release/mergeReleaseResources/layout-v31_box_child_end_top_group_4.xml.flat
build	Build with Gradle	2026-06-06T12:25:01.8379588Z Compiling xml file /home/runner/.gradle/caches/8.14/transforms/0a9f0b23f2ae3b3d671937d923da2cba/transformed/glance-appwidget-1.1.1/res/layout-v31/box_child_end_top_group_8.xml to /home/runner/work/ShizukuPlus/ShizukuPlus/manager/build/intermediates/merged_res/release/mergeReleaseResources/layout-v31_box_child_end_top_group_8.xml.flat
build	Build with Gradle	2026-06-06T12:25:01.8384017Z Compiling xml file /home/runner/work/ShizukuPlus/ShizukuPlus/manager/src/main/res/menu/settings_menu.xml to /home/runner/work/ShizukuPlus/ShizukuPlus/manager/build/intermediates/merged_res/release/mergeReleaseResources/menu_settings_menu.xml.flat
build	Build with Gradle	2026-06-06T12:25:01.8388191Z Compiling xml file /home/runner/.gradle/caches/8.14/transforms/0a9f0b23f2ae3b3d671937d923da2cba/transformed/glance-appwidget-1.1.1/res/layout/box_child_end_center_vertical_group_7.xml to /home/runner/work/ShizukuPlus/ShizukuPlus/manager/build/intermediates/merged_res/release/mergeReleaseResources/layout_box_child_end_center_vertical_group_7.xml.flat
build	Build with Gradle	2026-06-06T12:25:01.8392766Z Compiling xml file /home/runner/.gradle/caches/8.14/transforms/0a9f0b23f2ae3b3d671937d923da2cba/transformed/glance-appwidget-1.1.1/res/layout/box_child_end_center_vertical_group_4.xml to /home/runner/work/ShizukuPlus/ShizukuPlus/manager/build/intermediates/merged_res/release/mergeReleaseResources/layout_box_child_end_center_vertical_group_4.xml.flat
build	Build with Gradle	2026-06-06T12:25:01.8397293Z Compiling xml file /home/runner/.gradle/caches/8.14/transforms/a6084efd8e6c9ff951c8e72453f81ad6/transformed/material-1.14.0-beta01/res/interpolator/mtrl_fast_out_slow_in.xml to /home/runner/work/ShizukuPlus/ShizukuPlus/manager/build/intermediates/merged_res/release/mergeReleaseResources/interpolator_mtrl_fast_out_slow_in.xml.flat
build	Build with Gradle	2026-06-06T12:25:01.8401774Z Compiling xml file /home/runner/work/ShizukuPlus/ShizukuPlus/manager/build/intermediates/incremental/release/mergeReleaseResources/stripped.dir/layout/home_manage_apps_item.xml to /home/runner/work/ShizukuPlus/ShizukuPlus/manager/build/intermediates/merged_res/release/mergeReleaseResources/layout_home_manage_apps_item.xml.flat
build	Build with Gradle	2026-06-06T12:25:01.8406244Z Compiling XML table /home/runner/work/ShizukuPlus/ShizukuPlus/manager/build/intermediates/incremental/release/mergeReleaseResources/merged.dir/values-xlarge-v4/values-xlarge-v4.xml to /home/runner/work/ShizukuPlus/ShizukuPlus/manager/build/intermediates/merged_res/release/mergeReleaseResources/values-xlarge-v4_values-xlarge-v4.arsc.flat
build	Build with Gradle	2026-06-06T12:25:01.8410745Z Compiling xml file /home/runner/.gradle/caches/8.14/transforms/a6084efd8e6c9ff951c8e72453f81ad6/transformed/material-1.14.0-beta01/res/animator/chevron_checked_unchecked.xml to /home/runner/work/ShizukuPlus/ShizukuPlus/manager/build/intermediates/merged_res/release/mergeReleaseResources/animator_chevron_checked_unchecked.xml.flat
build	Build with Gradle	2026-06-06T12:25:01.8414836Z Compiling XML table /home/runner/work/ShizukuPlus/ShizukuPlus/manager/build/intermediates/incremental/release/mergeReleaseResources/merged.dir/values-de/values-de.xml to /home/runner/work/ShizukuPlus/ShizukuPlus/manager/build/intermediates/merged_res/release/mergeReleaseResources/values-de_values-de.arsc.flat
build	Build with Gradle	2026-06-06T12:25:01.8419169Z Compiling xml file /home/runner/.gradle/caches/8.14/transforms/efa565396efa7c69fa280f54041abb1e/transformed/appcompat-1.6.1/res/drawable/abc_ic_menu_selectall_mtrl_alpha.xml to /home/runner/work/ShizukuPlus/ShizukuPlus/manager/build/intermediates/merged_res/release/mergeReleaseResources/drawable_abc_ic_menu_selectall_mtrl_alpha.xml.flat
build	Build with Gradle	2026-06-06T12:25:01.8423734Z Compiling xml file /home/runner/.gradle/caches/8.14/transforms/0a9f0b23f2ae3b3d671937d923da2cba/transformed/glance-appwidget-1.1.1/res/anim/glance_btn_checkbox_to_unchecked_check_path_merged_animation.xml to /home/runner/work/ShizukuPlus/ShizukuPlus/manager/build/intermediates/merged_res/release/mergeReleaseResources/anim_glance_btn_checkbox_to_unchecked_check_path_merged_animation.xml.flat
build	Build with Gradle	2026-06-06T12:25:01.8428654Z Compiling xml file /home/runner/.gradle/caches/8.14/transforms/0a9f0b23f2ae3b3d671937d923da2cba/transformed/glance-appwidget-1.1.1/res/layout-v31/box_child_end_bottom_group_2.xml to /home/runner/work/ShizukuPlus/ShizukuPlus/manager/build/intermediates/merged_res/release/mergeReleaseResources/layout-v31_box_child_end_bottom_group_2.xml.flat
build	Build with Gradle	2026-06-06T12:25:01.8433277Z Compiling xml file /home/runner/.gradle/caches/8.14/transforms/0a9f0b23f2ae3b3d671937d923da2cba/transformed/glance-appwidget-1.1.1/res/layout-v31/box_child_end_bottom_group_5.xml to /home/runner/work/ShizukuPlus/ShizukuPlus/manager/build/intermediates/merged_res/release/mergeReleaseResources/layout-v31_box_child_end_bottom_group_5.xml.flat
build	Build with Gradle	2026-06-06T12:25:01.8437939Z Compiling xml file /home/runner/.gradle/caches/8.14/transforms/a6084efd8e6c9ff951c8e72453f81ad6/transformed/material-1.14.0-beta01/res/drawable-v23/m3_tabs_transparent_background.xml to /home/runner/work/ShizukuPlus/ShizukuPlus/manager/build/intermediates/merged_res/release/mergeReleaseResources/drawable-v23_m3_tabs_transparent_background.xml.flat
build	Build with Gradle	2026-06-06T12:25:01.8442454Z Compiling xml file /home/runner/.gradle/caches/8.14/transforms/0a9f0b23f2ae3b3d671937d923da2cba/transformed/glance-appwidget-1.1.1/res/layout-v31/box_child_end_bottom_group_8.xml to /home/runner/work/ShizukuPlus/ShizukuPlus/manager/build/intermediates/merged_res/release/mergeReleaseResources/layout-v31_box_child_end_bottom_group_8.xml.flat
build	Build with Gradle	2026-06-06T12:25:01.8446749Z Compiling xml file /home/runner/.gradle/caches/8.14/transforms/0a9f0b23f2ae3b3d671937d923da2cba/transformed/glance-appwidget-1.1.1/res/layout/box_child_end_top_group_5.xml to /home/runner/work/ShizukuPlus/ShizukuPlus/manager/build/intermediates/merged_res/release/mergeReleaseResources/layout_box_child_end_top_group_5.xml.flat
build	Build with Gradle	2026-06-06T12:25:01.8451196Z Compiling xml file /home/runner/work/ShizukuPlus/ShizukuPlus/core/ui/build/intermediates/packaged_res/release/packageReleaseResources/layout/appbar_fragment_activity.xml to /home/runner/work/ShizukuPlus/ShizukuPlus/manager/build/intermediates/merged_res/release/mergeReleaseResources/layout_appbar_fragment_activity.xml.flat
build	Build with Gradle	2026-06-06T12:25:01.8455441Z Compiling xml file /home/runner/.gradle/caches/8.14/transforms/0a9f0b23f2ae3b3d671937d923da2cba/transformed/glance-appwidget-1.1.1/res/layout/box_child_end_top_group_9.xml to /home/runner/work/ShizukuPlus/ShizukuPlus/manager/build/intermediates/merged_res/release/mergeReleaseResources/layout_box_child_end_top_group_9.xml.flat
build	Build with Gradle	2026-06-06T12:25:01.8460009Z Compiling xml file /home/runner/.gradle/caches/8.14/transforms/0a9f0b23f2ae3b3d671937d923da2cba/transformed/glance-appwidget-1.1.1/res/layout-v33/glance_image_crop_start_center_vertical.xml to /home/runner/work/ShizukuPlus/ShizukuPlus/manager/build/intermediates/merged_res/release/mergeReleaseResources/layout-v33_glance_image_crop_start_center_vertical.xml.flat
build	Build with Gradle	2026-06-06T12:25:01.8464723Z Compiling xml file /home/runner/.gradle/caches/8.14/transforms/0a9f0b23f2ae3b3d671937d923da2cba/transformed/glance-appwidget-1.1.1/res/layout/radio_row_null_center_vertical_3children.xml to /home/runner/work/ShizukuPlus/ShizukuPlus/manager/build/intermediates/merged_res/release/mergeReleaseResources/layout_radio_row_null_center_vertical_3children.xml.flat
build	Build with Gradle	2026-06-06T12:25:01.8469068Z Compiling xml file /home/runner/.gradle/caches/8.14/transforms/0a9f0b23f2ae3b3d671937d923da2cba/transformed/glance-appwidget-1.1.1/res/layout/size_wrap_wrap.xml to /home/runner/work/ShizukuPlus/ShizukuPlus/manager/build/intermediates/merged_res/release/mergeReleaseResources/layout_size_wrap_wrap.xml.flat
build	Build with Gradle	2026-06-06T12:25:01.8473108Z Compiling xml file /home/runner/.gradle/caches/8.14/transforms/0a9f0b23f2ae3b3d671937d923da2cba/transformed/glance-appwidget-1.1.1/res/layout-v33/glance_button_end_top.xml to /home/runner/work/ShizukuPlus/ShizukuPlus/manager/build/intermediates/merged_res/release/mergeReleaseResources/layout-v33_glance_button_end_top.xml.flat
build	Build with Gradle	2026-06-06T12:25:01.8477309Z Compiling xml file /home/runner/.gradle/caches/8.14/transforms/a6084efd8e6c9ff951c8e72453f81ad6/transformed/material-1.14.0-beta01/res/drawable/ic_keyboard_black_24dp.xml to /home/runner/work/ShizukuPlus/ShizukuPlus/manager/build/intermediates/merged_res/release/mergeReleaseResources/drawable_ic_keyboard_black_24dp.xml.flat
build	Build with Gradle	2026-06-06T12:25:01.8481707Z Compiling xml file /home/runner/.gradle/caches/8.14/transforms/efa565396efa7c69fa280f54041abb1e/transformed/appcompat-1.6.1/res/layout/abc_select_dialog_material.xml to /home/runner/work/ShizukuPlus/ShizukuPlus/manager/build/intermediates/merged_res/release/mergeReleaseResources/layout_abc_select_dialog_material.xml.flat
build	Build with Gradle	2026-06-06T12:25:01.8485996Z Compiling xml file /home/runner/.gradle/caches/8.14/transforms/0a9f0b23f2ae3b3d671937d923da2cba/transformed/glance-appwidget-1.1.1/res/layout-v31/row_child_null_bottom_group_7.xml to /home/runner/work/ShizukuPlus/ShizukuPlus/manager/build/intermediates/merged_res/release/mergeReleaseResources/layout-v31_row_child_null_bottom_group_7.xml.flat
build	Build with Gradle	2026-06-06T12:25:01.8490729Z Compiling xml file /home/runner/.gradle/caches/8.14/transforms/f85a8706e3d3bf4df310b1b8ed66a067/transformed/material-2.7.2/res/color/m3_light_text_color_primary_disable_only.xml to /home/runner/work/ShizukuPlus/ShizukuPlus/manager/build/intermediates/merged_res/release/mergeReleaseResources/color_m3_light_text_color_primary_disable_only.xml.flat
build	Build with Gradle	2026-06-06T12:25:01.8495363Z Compiling xml file /home/runner/.gradle/caches/8.14/transforms/0a9f0b23f2ae3b3d671937d923da2cba/transformed/glance-appwidget-1.1.1/res/layout/radio_row_null_center_vertical_5children.xml to /home/runner/work/ShizukuPlus/ShizukuPlus/manager/build/intermediates/merged_res/release/mergeReleaseResources/layout_radio_row_null_center_vertical_5children.xml.flat
build	Build with Gradle	2026-06-06T12:25:01.8499763Z Compiling xml file /home/runner/.gradle/caches/8.14/transforms/0a9f0b23f2ae3b3d671937d923da2cba/transformed/glance-appwidget-1.1.1/res/layout-v33/glance_swtch_end_top.xml to /home/runner/work/ShizukuPlus/ShizukuPlus/manager/build/intermediates/merged_res/release/mergeReleaseResources/layout-v33_glance_swtch_end_top.xml.flat
build	Build with Gradle	2026-06-06T12:25:01.8503976Z Compiling xml file /home/runner/.gradle/caches/8.14/transforms/0a9f0b23f2ae3b3d671937d923da2cba/transformed/glance-appwidget-1.1.1/res/layout-v31/row_child_null_bottom_group_3.xml to /home/runner/work/ShizukuPlus/ShizukuPlus/manager/build/intermediates/merged_res/release/mergeReleaseResources/layout-v31_row_child_null_bottom_group_3.xml.flat
build	Build with Gradle	2026-06-06T12:25:01.8508335Z Compiling XML table /home/runner/work/ShizukuPlus/ShizukuPlus/manager/build/intermediates/incremental/release/mergeReleaseResources/merged.dir/values-en-rIN/values-en-rIN.xml to /home/runner/work/ShizukuPlus/ShizukuPlus/manager/build/intermediates/merged_res/release/mergeReleaseResources/values-en-rIN_values-en-rIN.arsc.flat
build	Build with Gradle	2026-06-06T12:25:01.8511888Z Compiling xml file /home/runner/work/ShizukuPlus/ShizukuPlus/manager/build/generated/materialThemeBuilder/release/res/color/m3_text_color_on_tertiary_container.xml to /home/runner/work/ShizukuPlus/ShizukuPlus/manager/build/intermediates/merged_res/release/mergeReleaseResources/color_m3_text_color_on_tertiary_container.xml.flat
build	Build with Gradle	2026-06-06T12:25:01.8515358Z Compiling xml file /home/runner/.gradle/caches/8.14/transforms/efa565396efa7c69fa280f54041abb1e/transformed/appcompat-1.6.1/res/layout/select_dialog_item_material.xml to /home/runner/work/ShizukuPlus/ShizukuPlus/manager/build/intermediates/merged_res/release/mergeReleaseResources/layout_select_dialog_item_material.xml.flat
build	Build with Gradle	2026-06-06T12:25:01.8519159Z Compiling xml file /home/runner/.gradle/caches/8.14/transforms/0a9f0b23f2ae3b3d671937d923da2cba/transformed/glance-appwidget-1.1.1/res/drawable/glance_switch_thumb_off_to_on.xml to /home/runner/work/ShizukuPlus/ShizukuPlus/manager/build/intermediates/merged_res/release/mergeReleaseResources/drawable_glance_switch_thumb_off_to_on.xml.flat
build	Build with Gradle	2026-06-06T12:25:01.8522176Z Compiling xml file /home/runner/.gradle/caches/8.14/transforms/0a9f0b23f2ae3b3d671937d923da2cba/transformed/glance-appwidget-1.1.1/res/layout/column_child_start_null_group_4.xml to /home/runner/work/ShizukuPlus/ShizukuPlus/manager/build/intermediates/merged_res/release/mergeReleaseResources/layout_column_child_start_null_group_4.xml.flat
build	Build with Gradle	2026-06-06T12:25:01.8524265Z Compiling xml file /home/runner/work/ShizukuPlus/ShizukuPlus/core/ui/build/intermediates/packaged_res/release/packageReleaseResources/drawable/ic_wadb_24.xml to /home/runner/work/ShizukuPlus/ShizukuPlus/manager/build/intermediates/merged_res/release/mergeReleaseResources/drawable_ic_wadb_24.xml.flat
build	Build with Gradle	2026-06-06T12:25:01.8526387Z Compiling XML table /home/runner/work/ShizukuPlus/ShizukuPlus/manager/build/intermediates/incremental/release/mergeReleaseResources/merged.dir/values-ur/values-ur.xml to /home/runner/work/ShizukuPlus/ShizukuPlus/manager/build/intermediates/merged_res/release/mergeReleaseResources/values-ur_values-ur.arsc.flat
build	Build with Gradle	2026-06-06T12:25:01.8528844Z Compiling xml file /home/runner/work/ShizukuPlus/ShizukuPlus/manager/build/generated/materialThemeBuilder/release/res/color/m3_text_color_on_primary_container_medium_emphasis.xml to /home/runner/work/ShizukuPlus/ShizukuPlus/manager/build/intermediates/merged_res/release/mergeReleaseResources/color_m3_text_color_on_primary_container_medium_emphasis.xml.flat
build	Build with Gradle	2026-06-06T12:25:01.8531081Z Compiling xml file /home/runner/.gradle/caches/8.14/transforms/efa565396efa7c69fa280f54041abb1e/transformed/appcompat-1.6.1/res/drawable/abc_btn_check_material_anim.xml to /home/runner/work/ShizukuPlus/ShizukuPlus/manager/build/intermediates/merged_res/release/mergeReleaseResources/drawable_abc_btn_check_material_anim.xml.flat
build	Build with Gradle	2026-06-06T12:25:01.8533255Z Compiling xml file /home/runner/.gradle/caches/8.14/transforms/0a9f0b23f2ae3b3d671937d923da2cba/transformed/glance-appwidget-1.1.1/res/layout/glance_radio_icon.xml to /home/runner/work/ShizukuPlus/ShizukuPlus/manager/build/intermediates/merged_res/release/mergeReleaseResources/layout_glance_radio_icon.xml.flat
build	Build with Gradle	2026-06-06T12:25:01.8536059Z Compiling xml file /home/runner/.gradle/caches/8.14/transforms/efa565396efa7c69fa280f54041abb1e/transformed/appcompat-1.6.1/res/drawable/abc_spinner_textfield_background_material.xml to /home/runner/work/ShizukuPlus/ShizukuPlus/manager/build/intermediates/merged_res/release/mergeReleaseResources/drawable_abc_spinner_textfield_background_material.xml.flat
build	Build with Gradle	2026-06-06T12:25:01.8538957Z Compiling xml file /home/runner/.gradle/caches/8.14/transforms/0a9f0b23f2ae3b3d671937d923da2cba/transformed/glance-appwidget-1.1.1/res/layout-v33/glance_image_crop_decorative_end_center_vertical.xml to /home/runner/work/ShizukuPlus/ShizukuPlus/manager/build/intermediates/merged_res/release/mergeReleaseResources/layout-v33_glance_image_crop_decorative_end_center_vertical.xml.flat
build	Build with Gradle	2026-06-06T12:25:01.8541433Z Compiling xml file /home/runner/.gradle/caches/8.14/transforms/a6084efd8e6c9ff951c8e72453f81ad6/transformed/material-1.14.0-beta01/res/color/material_personalized_primary_inverse_text_disable_only.xml to /home/runner/work/ShizukuPlus/ShizukuPlus/manager/build/intermediates/merged_res/release/mergeReleaseResources/color_material_personalized_primary_inverse_text_disable_only.xml.flat
build	Build with Gradle	2026-06-06T12:25:01.8543756Z Compiling xml file /home/runner/.gradle/caches/8.14/transforms/a6084efd8e6c9ff951c8e72453f81ad6/transformed/material-1.14.0-beta01/res/drawable/m3_default_control_background.xml to /home/runner/work/ShizukuPlus/ShizukuPlus/manager/build/intermediates/merged_res/release/mergeReleaseResources/drawable_m3_default_control_background.xml.flat
build	Build with Gradle	2026-06-06T12:25:01.8545927Z Compiling xml file /home/runner/.gradle/caches/8.14/transforms/a6084efd8e6c9ff951c8e72453f81ad6/transformed/material-1.14.0-beta01/res/color/m3_slider_inactive_track_color.xml to /home/runner/work/ShizukuPlus/ShizukuPlus/manager/build/intermediates/merged_res/release/mergeReleaseResources/color_m3_slider_inactive_track_color.xml.flat
build	Build with Gradle	2026-06-06T12:25:01.8548111Z Compiling xml file /home/runner/.gradle/caches/8.14/transforms/0a9f0b23f2ae3b3d671937d923da2cba/transformed/glance-appwidget-1.1.1/res/layout-v33/glance_frame_start_top.xml to /home/runner/work/ShizukuPlus/ShizukuPlus/manager/build/intermediates/merged_res/release/mergeReleaseResources/layout-v33_glance_frame_start_top.xml.flat
build	Build with Gradle	2026-06-06T12:25:01.8550315Z Compiling xml file /home/runner/work/ShizukuPlus/ShizukuPlus/manager/build/intermediates/incremental/release/mergeReleaseResources/stripped.dir/layout/about_dialog.xml to /home/runner/work/ShizukuPlus/ShizukuPlus/manager/build/intermediates/merged_res/release/mergeReleaseResources/layout_about_dialog.xml.flat
build	Build with Gradle	2026-06-06T12:25:01.8609637Z Compiling XML table /home/runner/work/ShizukuPlus/ShizukuPlus/manager/build/intermediates/incremental/release/mergeReleaseResources/merged.dir/values-uz/values-uz.xml to /home/runner/work/ShizukuPlus/ShizukuPlus/manager/build/intermediates/merged_res/release/mergeReleaseResources/values-uz_values-uz.arsc.flat
build	Build with Gradle	2026-06-06T12:25:01.8614833Z Compiling xml file /home/runner/.gradle/caches/8.14/transforms/0a9f0b23f2ae3b3d671937d923da2cba/transformed/glance-appwidget-1.1.1/res/layout-v33/glance_vertical_grid_four_columns_start_center_vertical.xml to /home/runner/work/ShizukuPlus/ShizukuPlus/manager/build/intermediates/merged_res/release/mergeReleaseResources/layout-v33_glance_vertical_grid_four_columns_start_center_vertical.xml.flat
build	Build with Gradle	2026-06-06T12:25:01.8619995Z Compiling xml file /home/runner/.gradle/caches/8.14/transforms/0a9f0b23f2ae3b3d671937d923da2cba/transformed/glance-appwidget-1.1.1/res/layout-v33/glance_image_fill_bounds_decorative_end_bottom.xml to /home/runner/work/ShizukuPlus/ShizukuPlus/manager/build/intermediates/merged_res/release/mergeReleaseResources/layout-v33_glance_image_fill_bounds_decorative_end_bottom.xml.flat
build	Build with Gradle	2026-06-06T12:25:01.8624721Z Compiling xml file /home/runner/.gradle/caches/8.14/transforms/a8ffae57e8eb844c745e6c38f24a5dc3/transformed/preference-1.2.1/res/layout/preference_widget_checkbox.xml to /home/runner/work/ShizukuPlus/ShizukuPlus/manager/build/intermediates/merged_res/release/mergeReleaseResources/layout_preference_widget_checkbox.xml.flat
build	Build with Gradle	2026-06-06T12:25:01.8760037Z Compiling xml file /home/runner/.gradle/caches/8.14/transforms/0a9f0b23f2ae3b3d671937d923da2cba/transformed/glance-appwidget-1.1.1/res/layout/row_child_null_center_vertical_group_0.xml to /home/runner/work/ShizukuPlus/ShizukuPlus/manager/build/intermediates/merged_res/release/mergeReleaseResources/layout_row_child_null_center_vertical_group_0.xml.flat
build	Build with Gradle	2026-06-06T12:25:01.8765165Z Compiling xml file /home/runner/.gradle/caches/8.14/transforms/0a9f0b23f2ae3b3d671937d923da2cba/transformed/glance-appwidget-1.1.1/res/layout/row_child_null_center_vertical_group_8.xml to /home/runner/work/ShizukuPlus/ShizukuPlus/manager/build/intermediates/merged_res/release/mergeReleaseResources/layout_row_child_null_center_vertical_group_8.xml.flat
build	Build with Gradle	2026-06-06T12:25:01.8769622Z Compiling xml file /home/runner/.gradle/caches/8.14/transforms/0a9f0b23f2ae3b3d671937d923da2cba/transformed/glance-appwidget-1.1.1/res/layout-v33/box_end_center_vertical.xml to /home/runner/work/ShizukuPlus/ShizukuPlus/manager/build/intermediates/merged_res/release/mergeReleaseResources/layout-v33_box_end_center_vertical.xml.flat
build	Build with Gradle	2026-06-06T12:25:01.8774278Z Compiling xml file /home/runner/.gradle/caches/8.14/transforms/0a9f0b23f2ae3b3d671937d923da2cba/transformed/glance-appwidget-1.1.1/res/layout-v33/glance_image_crop_decorative_expandwidth_wrapheight.xml to /home/runner/work/ShizukuPlus/ShizukuPlus/manager/build/intermediates/merged_res/release/mergeReleaseResources/layout-v33_glance_image_crop_decorative_expandwidth_wrapheight.xml.flat
build	Build with Gradle	2026-06-06T12:25:01.8778890Z Compiling xml file /home/runner/.gradle/caches/8.14/transforms/a8ffae57e8eb844c745e6c38f24a5dc3/transformed/preference-1.2.1/res/layout/preference_dialog_edittext.xml to /home/runner/work/ShizukuPlus/ShizukuPlus/manager/build/intermediates/merged_res/release/mergeReleaseResources/layout_preference_dialog_edittext.xml.flat
build	Build with Gradle	2026-06-06T12:25:01.8783485Z Compiling xml file /home/runner/.gradle/caches/8.14/transforms/0a9f0b23f2ae3b3d671937d923da2cba/transformed/glance-appwidget-1.1.1/res/layout-v31/row_child_null_top_group_5.xml to /home/runner/work/ShizukuPlus/ShizukuPlus/manager/build/intermediates/merged_res/release/mergeReleaseResources/layout-v31_row_child_null_top_group_5.xml.flat
build	Build with Gradle	2026-06-06T12:25:01.8871417Z Compiling xml file /home/runner/.gradle/caches/8.14/transforms/0a9f0b23f2ae3b3d671937d923da2cba/transformed/glance-appwidget-1.1.1/res/layout-v31/row_child_null_top_group_1.xml to /home/runner/work/ShizukuPlus/ShizukuPlus/manager/build/intermediates/merged_res/release/mergeReleaseResources/layout-v31_row_child_null_top_group_1.xml.flat
build	Build with Gradle	2026-06-06T12:25:01.8875766Z Compiling xml file /home/runner/.gradle/caches/8.14/transforms/0a9f0b23f2ae3b3d671937d923da2cba/transformed/glance-appwidget-1.1.1/res/layout-v31/row_child_null_top_group_2.xml to /home/runner/work/ShizukuPlus/ShizukuPlus/manager/build/intermediates/merged_res/release/mergeReleaseResources/layout-v31_row_child_null_top_group_2.xml.flat
build	Build with Gradle	2026-06-06T12:25:01.8880453Z Compiling xml file /home/runner/.gradle/caches/8.14/transforms/0a9f0b23f2ae3b3d671937d923da2cba/transformed/glance-appwidget-1.1.1/res/layout/row_child_null_center_vertical_group_4.xml to /home/runner/work/ShizukuPlus/ShizukuPlus/manager/build/intermediates/merged_res/release/mergeReleaseResources/layout_row_child_null_center_vertical_group_4.xml.flat
build	Build with Gradle	2026-06-06T12:25:01.8884838Z Compiling XML table /home/runner/work/ShizukuPlus/ShizukuPlus/manager/build/intermediates/incremental/release/mergeReleaseResources/merged.dir/values-el/values-el.xml to /home/runner/work/ShizukuPlus/ShizukuPlus/manager/build/intermediates/merged_res/release/mergeReleaseResources/values-el_values-el.arsc.flat
build	Build with Gradle	2026-06-06T12:25:01.8889190Z Compiling xml file /home/runner/.gradle/caches/8.14/transforms/0a9f0b23f2ae3b3d671937d923da2cba/transformed/glance-appwidget-1.1.1/res/layout-v33/glance_vertical_grid_auto_fit_start_bottom.xml to /home/runner/work/ShizukuPlus/ShizukuPlus/manager/build/intermediates/merged_res/release/mergeReleaseResources/layout-v33_glance_vertical_grid_auto_fit_start_bottom.xml.flat
build	Build with Gradle	2026-06-06T12:25:01.8893794Z Compiling xml file /home/runner/work/ShizukuPlus/ShizukuPlus/manager/build/intermediates/incremental/release/mergeReleaseResources/stripped.dir/layout/activity_root_compatibility.xml to /home/runner/work/ShizukuPlus/ShizukuPlus/manager/build/intermediates/merged_res/release/mergeReleaseResources/layout_activity_root_compatibility.xml.flat
build	Build with Gradle	2026-06-06T12:25:01.8958924Z Compiling xml file /home/runner/.gradle/caches/8.14/transforms/a6084efd8e6c9ff951c8e72453f81ad6/transformed/material-1.14.0-beta01/res/color/material_slider_active_tick_marks_color.xml to /home/runner/work/ShizukuPlus/ShizukuPlus/manager/build/intermediates/merged_res/release/mergeReleaseResources/color_material_slider_active_tick_marks_color.xml.flat
build	Build with Gradle	2026-06-06T12:25:01.8964174Z Compiling xml file /home/runner/.gradle/caches/8.14/transforms/efa565396efa7c69fa280f54041abb1e/transformed/appcompat-1.6.1/res/anim/btn_radio_to_off_mtrl_ring_outer_animation.xml to /home/runner/work/ShizukuPlus/ShizukuPlus/manager/build/intermediates/merged_res/release/mergeReleaseResources/anim_btn_radio_to_off_mtrl_ring_outer_animation.xml.flat
build	Build with Gradle	2026-06-06T12:25:01.8968833Z Compiling xml file /home/runner/.gradle/caches/8.14/transforms/f85a8706e3d3bf4df310b1b8ed66a067/transformed/material-2.7.2/res/color/m3_dark_text_color_primary_disable_only.xml to /home/runner/work/ShizukuPlus/ShizukuPlus/manager/build/intermediates/merged_res/release/mergeReleaseResources/color_m3_dark_text_color_primary_disable_only.xml.flat
build	Build with Gradle	2026-06-06T12:25:01.8973188Z Compiling xml file /home/runner/.gradle/caches/8.14/transforms/a6084efd8e6c9ff951c8e72453f81ad6/transformed/material-1.14.0-beta01/res/color/m3_timepicker_clock_text_color.xml to /home/runner/work/ShizukuPlus/ShizukuPlus/manager/build/intermediates/merged_res/release/mergeReleaseResources/color_m3_timepicker_clock_text_color.xml.flat
build	Build with Gradle	2026-06-06T12:25:01.8977597Z Compiling xml file /home/runner/.gradle/caches/8.14/transforms/a6084efd8e6c9ff951c8e72453f81ad6/transformed/material-1.14.0-beta01/res/color/m3_checkbox_button_icon_tint.xml to /home/runner/work/ShizukuPlus/ShizukuPlus/manager/build/intermediates/merged_res/release/mergeReleaseResources/color_m3_checkbox_button_icon_tint.xml.flat
build	Build with Gradle	2026-06-06T12:25:01.8981749Z Compiling xml file /home/runner/.gradle/caches/8.14/transforms/0a9f0b23f2ae3b3d671937d923da2cba/transformed/glance-appwidget-1.1.1/res/layout/row_null_top_6children.xml to /home/runner/work/ShizukuPlus/ShizukuPlus/manager/build/intermediates/merged_res/release/mergeReleaseResources/layout_row_null_top_6children.xml.flat
build	Build with Gradle	2026-06-06T12:25:01.8986333Z Compiling xml file /home/runner/.gradle/caches/8.14/transforms/0a9f0b23f2ae3b3d671937d923da2cba/transformed/glance-appwidget-1.1.1/res/layout-v33/radio_row_center_horizontal_bottom.xml to /home/runner/work/ShizukuPlus/ShizukuPlus/manager/build/intermediates/merged_res/release/mergeReleaseResources/layout-v33_radio_row_center_horizontal_bottom.xml.flat
build	Build with Gradle	2026-06-06T12:25:01.9041114Z Compiling xml file /home/runner/.gradle/caches/8.14/transforms/a6084efd8e6c9ff951c8e72453f81ad6/transformed/material-1.14.0-beta01/res/drawable/mtrl_switch_track.xml to /home/runner/work/ShizukuPlus/ShizukuPlus/manager/build/intermediates/merged_res/release/mergeReleaseResources/drawable_mtrl_switch_track.xml.flat
build	Build with Gradle	2026-06-06T12:25:01.9044663Z Compiling xml file /home/runner/.gradle/caches/8.14/transforms/0a9f0b23f2ae3b3d671937d923da2cba/transformed/glance-appwidget-1.1.1/res/layout/glance_image_fit_decorative.xml to /home/runner/work/ShizukuPlus/ShizukuPlus/manager/build/intermediates/merged_res/release/mergeReleaseResources/layout_glance_image_fit_decorative.xml.flat
build	Build with Gradle	2026-06-06T12:25:01.9048936Z Compiling xml file /home/runner/work/ShizukuPlus/ShizukuPlus/manager/build/generated/materialThemeBuilder/release/res/color/m3_text_color_on_error_container_high_emphasis.xml to /home/runner/work/ShizukuPlus/ShizukuPlus/manager/build/intermediates/merged_res/release/mergeReleaseResources/color_m3_text_color_on_error_container_high_emphasis.xml.flat
build	Build with Gradle	2026-06-06T12:25:01.9053316Z Compiling xml file /home/runner/.gradle/caches/8.14/transforms/0a9f0b23f2ae3b3d671937d923da2cba/transformed/glance-appwidget-1.1.1/res/layout-v33/box_start_bottom.xml to /home/runner/work/ShizukuPlus/ShizukuPlus/manager/build/intermediates/merged_res/release/mergeReleaseResources/layout-v33_box_start_bottom.xml.flat
build	Build with Gradle	2026-06-06T12:25:01.9057993Z Compiling xml file /home/runner/.gradle/caches/8.14/transforms/0a9f0b23f2ae3b3d671937d923da2cba/transformed/glance-appwidget-1.1.1/res/layout/radio_column_center_horizontal_null_7children.xml to /home/runner/work/ShizukuPlus/ShizukuPlus/manager/build/intermediates/merged_res/release/mergeReleaseResources/layout_radio_column_center_horizontal_null_7children.xml.flat
build	Build with Gradle	2026-06-06T12:25:01.9089922Z Compiling xml file /home/runner/.gradle/caches/8.14/transforms/a6084efd8e6c9ff951c8e72453f81ad6/transformed/material-1.14.0-beta01/res/drawable/mtrl_checkbox_button_icon_unchecked_checked.xml to /home/runner/work/ShizukuPlus/ShizukuPlus/manager/build/intermediates/merged_res/release/mergeReleaseResources/drawable_mtrl_checkbox_button_icon_unchecked_checked.xml.flat
build	Build with Gradle	2026-06-06T12:25:01.9094371Z Compiling xml file /home/runner/.gradle/caches/8.14/transforms/a18f3e8414f2ba4eb382dd01375ab089/transformed/core-1.16.0/res/drawable/ic_call_decline_low.xml to /home/runner/work/ShizukuPlus/ShizukuPlus/manager/build/intermediates/merged_res/release/mergeReleaseResources/drawable_ic_call_decline_low.xml.flat
build	Build with Gradle	2026-06-06T12:25:01.9098451Z Compiling xml file /home/runner/.gradle/caches/8.14/transforms/a18f3e8414f2ba4eb382dd01375ab089/transformed/core-1.16.0/res/drawable/notification_bg_low.xml to /home/runner/work/ShizukuPlus/ShizukuPlus/manager/build/intermediates/merged_res/release/mergeReleaseResources/drawable_notification_bg_low.xml.flat
build	Build with Gradle	2026-06-06T12:25:01.9102604Z Compiling xml file /home/runner/.gradle/caches/8.14/transforms/0a9f0b23f2ae3b3d671937d923da2cba/transformed/glance-appwidget-1.1.1/res/layout/column_end_null_10children.xml to /home/runner/work/ShizukuPlus/ShizukuPlus/manager/build/intermediates/merged_res/release/mergeReleaseResources/layout_column_end_null_10children.xml.flat
build	Build with Gradle	2026-06-06T12:25:01.9106961Z Compiling xml file /home/runner/.gradle/caches/8.14/transforms/0a9f0b23f2ae3b3d671937d923da2cba/transformed/glance-appwidget-1.1.1/res/layout-v33/glance_image_fit_center_horizontal_bottom.xml to /home/runner/work/ShizukuPlus/ShizukuPlus/manager/build/intermediates/merged_res/release/mergeReleaseResources/layout-v33_glance_image_fit_center_horizontal_bottom.xml.flat
build	Build with Gradle	2026-06-06T12:25:01.9111165Z Compiling xml file /home/runner/.gradle/caches/8.14/transforms/0a9f0b23f2ae3b3d671937d923da2cba/transformed/glance-appwidget-1.1.1/res/layout-v33/glance_swtch_backport_start_center_vertical.xml to /home/runner/work/ShizukuPlus/ShizukuPlus/manager/build/intermediates/merged_res/release/mergeReleaseResources/layout-v33_glance_swtch_backport_start_center_vertical.xml.flat
build	Build with Gradle	2026-06-06T12:25:01.9141988Z Compiling xml file /home/runner/.gradle/caches/8.14/transforms/a6084efd8e6c9ff951c8e72453f81ad6/transformed/material-1.14.0-beta01/res/color/mtrl_popupmenu_overlay_color.xml to /home/runner/work/ShizukuPlus/ShizukuPlus/manager/build/intermediates/merged_res/release/mergeReleaseResources/color_mtrl_popupmenu_overlay_color.xml.flat
build	Build with Gradle	2026-06-06T12:25:01.9146622Z Compiling xml file /home/runner/.gradle/caches/8.14/transforms/a6084efd8e6c9ff951c8e72453f81ad6/transformed/material-1.14.0-beta01/res/color/m3_navigation_rail_ripple_color_selector.xml to /home/runner/work/ShizukuPlus/ShizukuPlus/manager/build/intermediates/merged_res/release/mergeReleaseResources/color_m3_navigation_rail_ripple_color_selector.xml.flat
build	Build with Gradle	2026-06-06T12:25:01.9151472Z Compiling xml file /home/runner/work/ShizukuPlus/ShizukuPlus/manager/build/intermediates/incremental/release/mergeReleaseResources/stripped.dir/layout/layout_plus_status_dashboard.xml to /home/runner/work/ShizukuPlus/ShizukuPlus/manager/build/intermediates/merged_res/release/mergeReleaseResources/layout_layout_plus_status_dashboard.xml.flat
build	Build with Gradle	2026-06-06T12:25:01.9155939Z Compiling xml file /home/runner/.gradle/caches/8.14/transforms/a6084efd8e6c9ff951c8e72453f81ad6/transformed/material-1.14.0-beta01/res/color/mtrl_navigation_item_text_color.xml to /home/runner/work/ShizukuPlus/ShizukuPlus/manager/build/intermediates/merged_res/release/mergeReleaseResources/color_mtrl_navigation_item_text_color.xml.flat
build	Build with Gradle	2026-06-06T12:25:01.9160406Z Compiling xml file /home/runner/work/ShizukuPlus/ShizukuPlus/manager/build/intermediates/incremental/release/mergeReleaseResources/stripped.dir/layout/adb_dialog.xml to /home/runner/work/ShizukuPlus/ShizukuPlus/manager/build/intermediates/merged_res/release/mergeReleaseResources/layout_adb_dialog.xml.flat
build	Build with Gradle	2026-06-06T12:25:01.9191230Z Compiling xml file /home/runner/work/ShizukuPlus/ShizukuPlus/manager/src/main/res/xml/settings_app_management.xml to /home/runner/work/ShizukuPlus/ShizukuPlus/manager/build/intermediates/merged_res/release/mergeReleaseResources/xml_settings_app_management.xml.flat
build	Build with Gradle	2026-06-06T12:25:01.9195480Z Compiling xml file /home/runner/.gradle/caches/8.14/transforms/efa565396efa7c69fa280f54041abb1e/transformed/appcompat-1.6.1/res/interpolator/btn_checkbox_unchecked_mtrl_animation_interpolator_1.xml to /home/runner/work/ShizukuPlus/ShizukuPlus/manager/build/intermediates/merged_res/release/mergeReleaseResources/interpolator_btn_checkbox_unchecked_mtrl_animation_interpolator_1.xml.flat
build	Build with Gradle	2026-06-06T12:25:01.9200410Z Compiling xml file /home/runner/.gradle/caches/8.14/transforms/0a9f0b23f2ae3b3d671937d923da2cba/transformed/glance-appwidget-1.1.1/res/anim/glance_btn_checkbox_to_checked_box_inner_merged_animation.xml to /home/runner/work/ShizukuPlus/ShizukuPlus/manager/build/intermediates/merged_res/release/mergeReleaseResources/anim_glance_btn_checkbox_to_checked_box_inner_merged_animation.xml.flat
build	Build with Gradle	2026-06-06T12:25:01.9205203Z Compiling XML table /home/runner/work/ShizukuPlus/ShizukuPlus/manager/build/intermediates/incremental/release/mergeReleaseResources/merged.dir/values-et/values-et.xml to /home/runner/work/ShizukuPlus/ShizukuPlus/manager/build/intermediates/merged_res/release/mergeReleaseResources/values-et_values-et.arsc.flat
build	Build with Gradle	2026-06-06T12:25:01.9209620Z Compiling xml file /home/runner/work/ShizukuPlus/ShizukuPlus/manager/build/intermediates/incremental/release/mergeReleaseResources/stripped.dir/layout/home_start_root.xml to /home/runner/work/ShizukuPlus/ShizukuPlus/manager/build/intermediates/merged_res/release/mergeReleaseResources/layout_home_start_root.xml.flat
build	Build with Gradle	2026-06-06T12:25:01.9238825Z Compiling xml file /home/runner/.gradle/caches/8.14/transforms/a6084efd8e6c9ff951c8e72453f81ad6/transformed/material-1.14.0-beta01/res/layout/mtrl_calendar_horizontal.xml to /home/runner/work/ShizukuPlus/ShizukuPlus/manager/build/intermediates/merged_res/release/mergeReleaseResources/layout_mtrl_calendar_horizontal.xml.flat
build	Build with Gradle	2026-06-06T12:25:01.9243184Z Compiling xml file /home/runner/.gradle/caches/8.14/transforms/3496351281a372f59379614fd15c5436/transformed/fragment-1.8.7/res/animator/fragment_open_enter.xml to /home/runner/work/ShizukuPlus/ShizukuPlus/manager/build/intermediates/merged_res/release/mergeReleaseResources/animator_fragment_open_enter.xml.flat
build	Build with Gradle	2026-06-06T12:25:01.9247207Z Compiling xml file /home/runner/.gradle/caches/8.14/transforms/0a9f0b23f2ae3b3d671937d923da2cba/transformed/glance-appwidget-1.1.1/res/layout/box_center_horizontal_center_vertical_0children.xml to /home/runner/work/ShizukuPlus/ShizukuPlus/manager/build/intermediates/merged_res/release/mergeReleaseResources/layout_box_center_horizontal_center_vertical_0children.xml.flat
build	Build with Gradle	2026-06-06T12:25:01.9252229Z Compiling xml file /home/runner/.gradle/caches/8.14/transforms/0a9f0b23f2ae3b3d671937d923da2cba/transformed/glance-appwidget-1.1.1/res/layout-v31/row_child_null_center_vertical_group_7.xml to /home/runner/work/ShizukuPlus/ShizukuPlus/manager/build/intermediates/merged_res/release/mergeReleaseResources/layout-v31_row_child_null_center_vertical_group_7.xml.flat
build	Build with Gradle	2026-06-06T12:25:01.9256587Z Compiling xml file /home/runner/.gradle/caches/8.14/transforms/0a9f0b23f2ae3b3d671937d923da2cba/transformed/glance-appwidget-1.1.1/res/layout-v31/row_child_null_center_vertical_group_3.xml to /home/runner/work/ShizukuPlus/ShizukuPlus/manager/build/intermediates/merged_res/release/mergeReleaseResources/layout-v31_row_child_null_center_vertical_group_3.xml.flat
build	Build with Gradle	2026-06-06T12:25:01.9260909Z Compiling xml file /home/runner/.gradle/caches/8.14/transforms/a8ffae57e8eb844c745e6c38f24a5dc3/transformed/preference-1.2.1/res/layout/preference_information.xml to /home/runner/work/ShizukuPlus/ShizukuPlus/manager/build/intermediates/merged_res/release/mergeReleaseResources/layout_preference_information.xml.flat
build	Build with Gradle	2026-06-06T12:25:01.9290832Z Compiling xml file /home/runner/.gradle/caches/8.14/transforms/373e825be4973449db84049594b600ab/transformed/material-preference-2.0.0-release/res/drawable/m3_progress_horizontal.xml to /home/runner/work/ShizukuPlus/ShizukuPlus/manager/build/intermediates/merged_res/release/mergeReleaseResources/drawable_m3_progress_horizontal.xml.flat
build	Build with Gradle	2026-06-06T12:25:01.9295393Z Compiling xml file /home/runner/.gradle/caches/8.14/transforms/0a9f0b23f2ae3b3d671937d923da2cba/transformed/glance-appwidget-1.1.1/res/layout-v33/box_expandwidth_wrapheight.xml to /home/runner/work/ShizukuPlus/ShizukuPlus/manager/build/intermediates/merged_res/release/mergeReleaseResources/layout-v33_box_expandwidth_wrapheight.xml.flat
build	Build with Gradle	2026-06-06T12:25:01.9300241Z Compiling xml file /home/runner/.gradle/caches/8.14/transforms/a6084efd8e6c9ff951c8e72453f81ad6/transformed/material-1.14.0-beta01/res/color-v31/m3_ref_palette_dynamic_neutral_variant96.xml to /home/runner/work/ShizukuPlus/ShizukuPlus/manager/build/intermediates/merged_res/release/mergeReleaseResources/color-v31_m3_ref_palette_dynamic_neutral_variant96.xml.flat
build	Build with Gradle	2026-06-06T12:25:01.9305061Z Compiling xml file /home/runner/.gradle/caches/8.14/transforms/a6084efd8e6c9ff951c8e72453f81ad6/transformed/material-1.14.0-beta01/res/color-v31/m3_ref_palette_dynamic_neutral_variant87.xml to /home/runner/work/ShizukuPlus/ShizukuPlus/manager/build/intermediates/merged_res/release/mergeReleaseResources/color-v31_m3_ref_palette_dynamic_neutral_variant87.xml.flat
build	Build with Gradle	2026-06-06T12:25:01.9309977Z Compiling xml file /home/runner/.gradle/caches/8.14/transforms/0a9f0b23f2ae3b3d671937d923da2cba/transformed/glance-appwidget-1.1.1/res/anim/glance_btn_radio_to_on_mtrl_dot_group_animation.xml to /home/runner/work/ShizukuPlus/ShizukuPlus/manager/build/intermediates/merged_res/release/mergeReleaseResources/anim_glance_btn_radio_to_on_mtrl_dot_group_animation.xml.flat
build	Build with Gradle	2026-06-06T12:25:01.9338002Z Compiling xml file /home/runner/.gradle/caches/8.14/transforms/a6084efd8e6c9ff951c8e72453f81ad6/transformed/material-1.14.0-beta01/res/color-v31/m3_ref_palette_dynamic_neutral_variant22.xml to /home/runner/work/ShizukuPlus/ShizukuPlus/manager/build/intermediates/merged_res/release/mergeReleaseResources/color-v31_m3_ref_palette_dynamic_neutral_variant22.xml.flat
build	Build with Gradle	2026-06-06T12:25:01.9343007Z Compiling xml file /home/runner/.gradle/caches/8.14/transforms/a8ffae57e8eb844c745e6c38f24a5dc3/transformed/preference-1.2.1/res/layout/preference_category.xml to /home/runner/work/ShizukuPlus/ShizukuPlus/manager/build/intermediates/merged_res/release/mergeReleaseResources/layout_preference_category.xml.flat
build	Build with Gradle	2026-06-06T12:25:01.9347112Z Compiling xml file /home/runner/.gradle/caches/8.14/transforms/a8ffae57e8eb844c745e6c38f24a5dc3/transformed/preference-1.2.1/res/layout/preference_widget_seekbar_material.xml to /home/runner/work/ShizukuPlus/ShizukuPlus/manager/build/intermediates/merged_res/release/mergeReleaseResources/layout_preference_widget_seekbar_material.xml.flat
build	Build with Gradle	2026-06-06T12:25:01.9351657Z Compiling xml file /home/runner/.gradle/caches/8.14/transforms/0a9f0b23f2ae3b3d671937d923da2cba/transformed/glance-appwidget-1.1.1/res/layout/complex_wrap_expand.xml to /home/runner/work/ShizukuPlus/ShizukuPlus/manager/build/intermediates/merged_res/release/mergeReleaseResources/layout_complex_wrap_expand.xml.flat
build	Build with Gradle	2026-06-06T12:25:01.9355949Z Compiling xml file /home/runner/.gradle/caches/8.14/transforms/a6084efd8e6c9ff951c8e72453f81ad6/transformed/material-1.14.0-beta01/res/color/m3_tabs_text_color_secondary.xml to /home/runner/work/ShizukuPlus/ShizukuPlus/manager/build/intermediates/merged_res/release/mergeReleaseResources/color_m3_tabs_text_color_secondary.xml.flat
build	Build with Gradle	2026-06-06T12:25:01.9360833Z Compiling XML table /home/runner/work/ShizukuPlus/ShizukuPlus/manager/build/intermediates/incremental/release/mergeReleaseResources/merged.dir/values-w400dp-port-v13/values-w400dp-port-v13.xml to /home/runner/work/ShizukuPlus/ShizukuPlus/manager/build/intermediates/merged_res/release/mergeReleaseResources/values-w400dp-port-v13_values-w400dp-port-v13.arsc.flat
build	Build with Gradle	2026-06-06T12:25:01.9398182Z Compiling XML table /home/runner/work/ShizukuPlus/ShizukuPlus/manager/build/intermediates/incremental/release/mergeReleaseResources/merged.dir/values-night-v8/values-night-v8.xml to /home/runner/work/ShizukuPlus/ShizukuPlus/manager/build/intermediates/merged_res/release/mergeReleaseResources/values-night-v8_values-night-v8.arsc.flat
build	Build with Gradle	2026-06-06T12:25:01.9402502Z Compiling xml file /home/runner/.gradle/caches/8.14/transforms/efa565396efa7c69fa280f54041abb1e/transformed/appcompat-1.6.1/res/drawable/abc_seekbar_thumb_material.xml to /home/runner/work/ShizukuPlus/ShizukuPlus/manager/build/intermediates/merged_res/release/mergeReleaseResources/drawable_abc_seekbar_thumb_material.xml.flat
build	Build with Gradle	2026-06-06T12:25:01.9406808Z Compiling xml file /home/runner/.gradle/caches/8.14/transforms/0a9f0b23f2ae3b3d671937d923da2cba/transformed/glance-appwidget-1.1.1/res/layout/box_center_horizontal_top_10children.xml to /home/runner/work/ShizukuPlus/ShizukuPlus/manager/build/intermediates/merged_res/release/mergeReleaseResources/layout_box_center_horizontal_top_10children.xml.flat
build	Build with Gradle	2026-06-06T12:25:01.9410972Z Compiling xml file /home/runner/.gradle/caches/8.14/transforms/0a9f0b23f2ae3b3d671937d923da2cba/transformed/glance-appwidget-1.1.1/res/layout-v33/glance_image_fit_end_bottom.xml to /home/runner/work/ShizukuPlus/ShizukuPlus/manager/build/intermediates/merged_res/release/mergeReleaseResources/layout-v33_glance_image_fit_end_bottom.xml.flat
build	Build with Gradle	2026-06-06T12:25:01.9415073Z Compiling xml file /home/runner/work/ShizukuPlus/ShizukuPlus/manager/build/intermediates/incremental/release/mergeReleaseResources/stripped.dir/layout/apps_activity.xml to /home/runner/work/ShizukuPlus/ShizukuPlus/manager/build/intermediates/merged_res/release/mergeReleaseResources/layout_apps_activity.xml.flat
build	Build with Gradle	2026-06-06T12:25:01.9440974Z Compiling xml file /home/runner/.gradle/caches/8.14/transforms/04951a97475aebf6b800f98cdc845e28/transformed/switchbar-1.0.2/res/drawable/switchbar_background.xml to /home/runner/work/ShizukuPlus/ShizukuPlus/manager/build/intermediates/merged_res/release/mergeReleaseResources/drawable_switchbar_background.xml.flat
build	Build with Gradle	2026-06-06T12:25:01.9445090Z Compiling xml file /home/runner/work/ShizukuPlus/ShizukuPlus/manager/src/main/res/drawable/ic_shield_24.xml to /home/runner/work/ShizukuPlus/ShizukuPlus/manager/build/intermediates/merged_res/release/mergeReleaseResources/drawable_ic_shield_24.xml.flat
build	Build with Gradle	2026-06-06T12:25:01.9469363Z Compiling xml file /home/runner/.gradle/caches/8.14/transforms/a6084efd8e6c9ff951c8e72453f81ad6/transformed/material-1.14.0-beta01/res/color/mtrl_fab_bg_color_selector.xml to /home/runner/work/ShizukuPlus/ShizukuPlus/manager/build/intermediates/merged_res/release/mergeReleaseResources/color_mtrl_fab_bg_color_selector.xml.flat
build	Build with Gradle	2026-06-06T12:25:01.9473559Z Compiling xml file /home/runner/.gradle/caches/8.14/transforms/a6084efd8e6c9ff951c8e72453f81ad6/transformed/material-1.14.0-beta01/res/color/m3_navigation_item_text_color.xml to /home/runner/work/ShizukuPlus/ShizukuPlus/manager/build/intermediates/merged_res/release/mergeReleaseResources/color_m3_navigation_item_text_color.xml.flat
build	Build with Gradle	2026-06-06T12:25:01.9477222Z Compiling xml file /home/runner/.gradle/caches/8.14/transforms/3496351281a372f59379614fd15c5436/transformed/fragment-1.8.7/res/animator/fragment_close_exit.xml to /home/runner/work/ShizukuPlus/ShizukuPlus/manager/build/intermediates/merged_res/release/mergeReleaseResources/animator_fragment_close_exit.xml.flat
build	Build with Gradle	2026-06-06T12:25:01.9481257Z Compiling xml file /home/runner/.gradle/caches/8.14/transforms/0a9f0b23f2ae3b3d671937d923da2cba/transformed/glance-appwidget-1.1.1/res/layout-v33/radio_row_center_horizontal_top.xml to /home/runner/work/ShizukuPlus/ShizukuPlus/manager/build/intermediates/merged_res/release/mergeReleaseResources/layout-v33_radio_row_center_horizontal_top.xml.flat
build	Build with Gradle	2026-06-06T12:25:01.9485194Z Compiling xml file /home/runner/.gradle/caches/8.14/transforms/efa565396efa7c69fa280f54041abb1e/transformed/appcompat-1.6.1/res/layout/abc_list_menu_item_icon.xml to /home/runner/work/ShizukuPlus/ShizukuPlus/manager/build/intermediates/merged_res/release/mergeReleaseResources/layout_abc_list_menu_item_icon.xml.flat
build	Build with Gradle	2026-06-06T12:25:01.9489241Z Compiling xml file /home/runner/.gradle/caches/8.14/transforms/0a9f0b23f2ae3b3d671937d923da2cba/transformed/glance-appwidget-1.1.1/res/layout-v33/radio_column_end_bottom.xml to /home/runner/work/ShizukuPlus/ShizukuPlus/manager/build/intermediates/merged_res/release/mergeReleaseResources/layout-v33_radio_column_end_bottom.xml.flat
build	Build with Gradle	2026-06-06T12:25:01.9493447Z Compiling xml file /home/runner/.gradle/caches/8.14/transforms/0a9f0b23f2ae3b3d671937d923da2cba/transformed/glance-appwidget-1.1.1/res/layout-v31/box_child_center_horizontal_top_group_2.xml to /home/runner/work/ShizukuPlus/ShizukuPlus/manager/build/intermediates/merged_res/release/mergeReleaseResources/layout-v31_box_child_center_horizontal_top_group_2.xml.flat
build	Build with Gradle	2026-06-06T12:25:01.9518478Z Compiling xml file /home/runner/.gradle/caches/8.14/transforms/0a9f0b23f2ae3b3d671937d923da2cba/transformed/glance-appwidget-1.1.1/res/layout-v33/glance_swtch_center_horizontal_top.xml to /home/runner/work/ShizukuPlus/ShizukuPlus/manager/build/intermediates/merged_res/release/mergeReleaseResources/layout-v33_glance_swtch_center_horizontal_top.xml.flat
build	Build with Gradle	2026-06-06T12:25:01.9523257Z Compiling xml file /home/runner/.gradle/caches/8.14/transforms/0a9f0b23f2ae3b3d671937d923da2cba/transformed/glance-appwidget-1.1.1/res/layout-v31/box_child_center_horizontal_top_group_6.xml to /home/runner/work/ShizukuPlus/ShizukuPlus/manager/build/intermediates/merged_res/release/mergeReleaseResources/layout-v31_box_child_center_horizontal_top_group_6.xml.flat
build	Build with Gradle	2026-06-06T12:25:01.9527771Z Compiling xml file /home/runner/.gradle/caches/8.14/transforms/0a9f0b23f2ae3b3d671937d923da2cba/transformed/glance-appwidget-1.1.1/res/layout/glance_radio_text.xml to /home/runner/work/ShizukuPlus/ShizukuPlus/manager/build/intermediates/merged_res/release/mergeReleaseResources/layout_glance_radio_text.xml.flat
build	Build with Gradle	2026-06-06T12:25:01.9532464Z Compiling xml file /home/runner/.gradle/caches/8.14/transforms/0a9f0b23f2ae3b3d671937d923da2cba/transformed/glance-appwidget-1.1.1/res/layout-v33/glance_vertical_grid_five_columns_center_horizontal_top.xml to /home/runner/work/ShizukuPlus/ShizukuPlus/manager/build/intermediates/merged_res/release/mergeReleaseResources/layout-v33_glance_vertical_grid_five_columns_center_horizontal_top.xml.flat
build	Build with Gradle	2026-06-06T12:25:01.9536836Z Compiling xml file /home/runner/.gradle/caches/8.14/transforms/efa565396efa7c69fa280f54041abb1e/transformed/appcompat-1.6.1/res/drawable/btn_radio_off_to_on_mtrl_animation.xml to /home/runner/work/ShizukuPlus/ShizukuPlus/manager/build/intermediates/merged_res/release/mergeReleaseResources/drawable_btn_radio_off_to_on_mtrl_animation.xml.flat
build	Build with Gradle	2026-06-06T12:25:01.9541179Z Compiling xml file /home/runner/.gradle/caches/8.14/transforms/efa565396efa7c69fa280f54041abb1e/transformed/appcompat-1.6.1/res/layout/abc_list_menu_item_checkbox.xml to /home/runner/work/ShizukuPlus/ShizukuPlus/manager/build/intermediates/merged_res/release/mergeReleaseResources/layout_abc_list_menu_item_checkbox.xml.flat
build	Build with Gradle	2026-06-06T12:25:01.9544877Z Compiling xml file /home/runner/.gradle/caches/8.14/transforms/a6084efd8e6c9ff951c8e72453f81ad6/transformed/material-1.14.0-beta01/res/color/mtrl_card_view_ripple.xml to /home/runner/work/ShizukuPlus/ShizukuPlus/manager/build/intermediates/merged_res/release/mergeReleaseResources/color_mtrl_card_view_ripple.xml.flat
build	Build with Gradle	2026-06-06T12:25:01.9599290Z Compiling XML table /home/runner/work/ShizukuPlus/ShizukuPlus/manager/build/intermediates/incremental/release/mergeReleaseResources/merged.dir/values-zh-rCN/values-zh-rCN.xml to /home/runner/work/ShizukuPlus/ShizukuPlus/manager/build/intermediates/merged_res/release/mergeReleaseResources/values-zh-rCN_values-zh-rCN.arsc.flat
build	Build with Gradle	2026-06-06T12:25:01.9603424Z Compiling xml file /home/runner/.gradle/caches/8.14/transforms/0a9f0b23f2ae3b3d671937d923da2cba/transformed/glance-appwidget-1.1.1/res/layout/box_center_horizontal_bottom_8children.xml to /home/runner/work/ShizukuPlus/ShizukuPlus/manager/build/intermediates/merged_res/release/mergeReleaseResources/layout_box_center_horizontal_bottom_8children.xml.flat
build	Build with Gradle	2026-06-06T12:25:01.9607054Z Compiling xml file /home/runner/work/ShizukuPlus/ShizukuPlus/manager/src/main/res/color/color_primary.xml to /home/runner/work/ShizukuPlus/ShizukuPlus/manager/build/intermediates/merged_res/release/mergeReleaseResources/color_color_primary.xml.flat
build	Build with Gradle	2026-06-06T12:25:01.9611039Z Compiling xml file /home/runner/.gradle/caches/8.14/transforms/0a9f0b23f2ae3b3d671937d923da2cba/transformed/glance-appwidget-1.1.1/res/layout-v31/box_child_center_horizontal_top_group_8.xml to /home/runner/work/ShizukuPlus/ShizukuPlus/manager/build/intermediates/merged_res/release/mergeReleaseResources/layout-v31_box_child_center_horizontal_top_group_8.xml.flat
build	Build with Gradle	2026-06-06T12:25:01.9615187Z Compiling xml file /home/runner/.gradle/caches/8.14/transforms/0a9f0b23f2ae3b3d671937d923da2cba/transformed/glance-appwidget-1.1.1/res/layout/radio_row_null_top_5children.xml to /home/runner/work/ShizukuPlus/ShizukuPlus/manager/build/intermediates/merged_res/release/mergeReleaseResources/layout_radio_row_null_top_5children.xml.flat
build	Build with Gradle	2026-06-06T12:25:01.9619339Z Compiling xml file /home/runner/.gradle/caches/8.14/transforms/0a9f0b23f2ae3b3d671937d923da2cba/transformed/glance-appwidget-1.1.1/res/layout-v33/glance_image_crop_start_top.xml to /home/runner/work/ShizukuPlus/ShizukuPlus/manager/build/intermediates/merged_res/release/mergeReleaseResources/layout-v33_glance_image_crop_start_top.xml.flat
build	Build with Gradle	2026-06-06T12:25:01.9624150Z Compiling xml file /home/runner/.gradle/caches/8.14/transforms/a6084efd8e6c9ff951c8e72453f81ad6/transformed/material-1.14.0-beta01/res/color/m3_text_button_foreground_color_selector.xml to /home/runner/work/ShizukuPlus/ShizukuPlus/manager/build/intermediates/merged_res/release/mergeReleaseResources/color_m3_text_button_foreground_color_selector.xml.flat
build	Build with Gradle	2026-06-06T12:25:01.9628831Z Compiling xml file /home/runner/.gradle/caches/8.14/transforms/a6084efd8e6c9ff951c8e72453f81ad6/transformed/material-1.14.0-beta01/res/layout/mtrl_alert_select_dialog_item.xml to /home/runner/work/ShizukuPlus/ShizukuPlus/manager/build/intermediates/merged_res/release/mergeReleaseResources/layout_mtrl_alert_select_dialog_item.xml.flat
build	Build with Gradle	2026-06-06T12:25:01.9633430Z Compiling xml file /home/runner/work/ShizukuPlus/ShizukuPlus/manager/build/intermediates/incremental/release/mergeReleaseResources/stripped.dir/layout/layout_dns_governor_diagram.xml to /home/runner/work/ShizukuPlus/ShizukuPlus/manager/build/intermediates/merged_res/release/mergeReleaseResources/layout_layout_dns_governor_diagram.xml.flat
build	Build with Gradle	2026-06-06T12:25:01.9637952Z Compiling file /home/runner/.gradle/caches/8.14/transforms/0a9f0b23f2ae3b3d671937d923da2cba/transformed/glance-appwidget-1.1.1/res/raw/glance_appwidget_keep.xml to /home/runner/work/ShizukuPlus/ShizukuPlus/manager/build/intermediates/merged_res/release/mergeReleaseResources/raw_glance_appwidget_keep.xml.flat
build	Build with Gradle	2026-06-06T12:25:01.9642540Z Compiling xml file /home/runner/.gradle/caches/8.14/transforms/efa565396efa7c69fa280f54041abb1e/transformed/appcompat-1.6.1/res/layout/abc_search_dropdown_item_icons_2line.xml to /home/runner/work/ShizukuPlus/ShizukuPlus/manager/build/intermediates/merged_res/release/mergeReleaseResources/layout_abc_search_dropdown_item_icons_2line.xml.flat
build	Build with Gradle	2026-06-06T12:25:01.9646989Z Compiling xml file /home/runner/.gradle/caches/8.14/transforms/a6084efd8e6c9ff951c8e72453f81ad6/transformed/material-1.14.0-beta01/res/color/m3_tabs_text_color.xml to /home/runner/work/ShizukuPlus/ShizukuPlus/manager/build/intermediates/merged_res/release/mergeReleaseResources/color_m3_tabs_text_color.xml.flat
build	Build with Gradle	2026-06-06T12:25:01.9690179Z Compiling xml file /home/runner/.gradle/caches/8.14/transforms/efa565396efa7c69fa280f54041abb1e/transformed/appcompat-1.6.1/res/layout/abc_screen_simple_overlay_action_mode.xml to /home/runner/work/ShizukuPlus/ShizukuPlus/manager/build/intermediates/merged_res/release/mergeReleaseResources/layout_abc_screen_simple_overlay_action_mode.xml.flat
build	Build with Gradle	2026-06-06T12:25:01.9694510Z Compiling xml file /home/runner/.gradle/caches/8.14/transforms/a6084efd8e6c9ff951c8e72453f81ad6/transformed/material-1.14.0-beta01/res/layout/m3expressive_alert_dialog_title.xml to /home/runner/work/ShizukuPlus/ShizukuPlus/manager/build/intermediates/merged_res/release/mergeReleaseResources/layout_m3expressive_alert_dialog_title.xml.flat
build	Build with Gradle	2026-06-06T12:25:01.9698858Z Compiling xml file /home/runner/.gradle/caches/8.14/transforms/0a9f0b23f2ae3b3d671937d923da2cba/transformed/glance-appwidget-1.1.1/res/layout-v33/glance_radio_button_end_top.xml to /home/runner/work/ShizukuPlus/ShizukuPlus/manager/build/intermediates/merged_res/release/mergeReleaseResources/layout-v33_glance_radio_button_end_top.xml.flat
build	Build with Gradle	2026-06-06T12:25:01.9703399Z Compiling xml file /home/runner/.gradle/caches/8.14/transforms/0a9f0b23f2ae3b3d671937d923da2cba/transformed/glance-appwidget-1.1.1/res/layout-v33/glance_check_box_backport_start_top.xml to /home/runner/work/ShizukuPlus/ShizukuPlus/manager/build/intermediates/merged_res/release/mergeReleaseResources/layout-v33_glance_check_box_backport_start_top.xml.flat
build	Build with Gradle	2026-06-06T12:25:01.9707343Z Compiling xml file /home/runner/.gradle/caches/8.14/transforms/0a9f0b23f2ae3b3d671937d923da2cba/transformed/glance-appwidget-1.1.1/res/layout-v31/box_child_end_top_group_1.xml to /home/runner/work/ShizukuPlus/ShizukuPlus/manager/build/intermediates/merged_res/release/mergeReleaseResources/layout-v31_box_child_end_top_group_1.xml.flat
build	Build with Gradle	2026-06-06T12:25:01.9725814Z Compiling xml file /home/runner/.gradle/caches/8.14/transforms/0a9f0b23f2ae3b3d671937d923da2cba/transformed/glance-appwidget-1.1.1/res/layout-v31/box_child_end_top_group_5.xml to /home/runner/work/ShizukuPlus/ShizukuPlus/manager/build/intermediates/merged_res/release/mergeReleaseResources/layout-v31_box_child_end_top_group_5.xml.flat
build	Build with Gradle	2026-06-06T12:25:01.9730230Z Compiling xml file /home/runner/.gradle/caches/8.14/transforms/0a9f0b23f2ae3b3d671937d923da2cba/transformed/glance-appwidget-1.1.1/res/layout-v31/box_child_end_top_group_9.xml to /home/runner/work/ShizukuPlus/ShizukuPlus/manager/build/intermediates/merged_res/release/mergeReleaseResources/layout-v31_box_child_end_top_group_9.xml.flat
build	Build with Gradle	2026-06-06T12:25:01.9734149Z Compiling xml file /home/runner/work/ShizukuPlus/ShizukuPlus/manager/src/main/res/xml/settings_developer_options.xml to /home/runner/work/ShizukuPlus/ShizukuPlus/manager/build/intermediates/merged_res/release/mergeReleaseResources/xml_settings_developer_options.xml.flat
build	Build with Gradle	2026-06-06T12:25:01.9738435Z Compiling xml file /home/runner/.gradle/caches/8.14/transforms/a6084efd8e6c9ff951c8e72453f81ad6/transformed/material-1.14.0-beta01/res/drawable-v28/m3_focus_ring_framework_button_background_shape.xml to /home/runner/work/ShizukuPlus/ShizukuPlus/manager/build/intermediates/merged_res/release/mergeReleaseResources/drawable-v28_m3_focus_ring_framework_button_background_shape.xml.flat
build	Build with Gradle	2026-06-06T12:25:01.9743287Z Compiling xml file /home/runner/.gradle/caches/8.14/transforms/0a9f0b23f2ae3b3d671937d923da2cba/transformed/glance-appwidget-1.1.1/res/layout/box_child_end_center_vertical_group_8.xml to /home/runner/work/ShizukuPlus/ShizukuPlus/manager/build/intermediates/merged_res/release/mergeReleaseResources/layout_box_child_end_center_vertical_group_8.xml.flat
build	Build with Gradle	2026-06-06T12:25:01.9832358Z Compiling xml file /home/runner/.gradle/caches/8.14/transforms/efa565396efa7c69fa280f54041abb1e/transformed/appcompat-1.6.1/res/drawable-watch-v20/abc_dialog_material_background.xml to /home/runner/work/ShizukuPlus/ShizukuPlus/manager/build/intermediates/merged_res/release/mergeReleaseResources/drawable-watch-v20_abc_dialog_material_background.xml.flat
build	Build with Gradle	2026-06-06T12:25:01.9837096Z Compiling xml file /home/runner/.gradle/caches/8.14/transforms/0a9f0b23f2ae3b3d671937d923da2cba/transformed/glance-appwidget-1.1.1/res/layout/box_child_end_center_vertical_group_5.xml to /home/runner/work/ShizukuPlus/ShizukuPlus/manager/build/intermediates/merged_res/release/mergeReleaseResources/layout_box_child_end_center_vertical_group_5.xml.flat
build	Build with Gradle	2026-06-06T12:25:01.9842146Z Compiling xml file /home/runner/.gradle/caches/8.14/transforms/0a9f0b23f2ae3b3d671937d923da2cba/transformed/glance-appwidget-1.1.1/res/layout-v33/glance_vertical_grid_three_columns_center_horizontal_bottom.xml to /home/runner/work/ShizukuPlus/ShizukuPlus/manager/build/intermediates/merged_res/release/mergeReleaseResources/layout-v33_glance_vertical_grid_three_columns_center_horizontal_bottom.xml.flat
build	Build with Gradle	2026-06-06T12:25:01.9847012Z Compiling xml file /home/runner/.gradle/caches/8.14/transforms/0a9f0b23f2ae3b3d671937d923da2cba/transformed/glance-appwidget-1.1.1/res/layout/radio_row_null_center_vertical_9children.xml to /home/runner/work/ShizukuPlus/ShizukuPlus/manager/build/intermediates/merged_res/release/mergeReleaseResources/layout_radio_row_null_center_vertical_9children.xml.flat
build	Build with Gradle	2026-06-06T12:25:01.9862511Z Compiling xml file /home/runner/.gradle/caches/8.14/transforms/efa565396efa7c69fa280f54041abb1e/transformed/appcompat-1.6.1/res/color/abc_background_cache_hint_selector_material_dark.xml to /home/runner/work/ShizukuPlus/ShizukuPlus/manager/build/intermediates/merged_res/release/mergeReleaseResources/color_abc_background_cache_hint_selector_material_dark.xml.flat
build	Build with Gradle	2026-06-06T12:25:01.9866640Z Compiling xml file /home/runner/work/ShizukuPlus/ShizukuPlus/manager/src/main/res/drawable/ic_drag_handle.xml to /home/runner/work/ShizukuPlus/ShizukuPlus/manager/build/intermediates/merged_res/release/mergeReleaseResources/drawable_ic_drag_handle.xml.flat
build	Build with Gradle	2026-06-06T12:25:01.9888475Z Compiling xml file /home/runner/.gradle/caches/8.14/transforms/0a9f0b23f2ae3b3d671937d923da2cba/transformed/glance-appwidget-1.1.1/res/interpolator/glance_btn_radio_to_off_mtrl_animation_interpolator_0.xml to /home/runner/work/ShizukuPlus/ShizukuPlus/manager/build/intermediates/merged_res/release/mergeReleaseResources/interpolator_glance_btn_radio_to_off_mtrl_animation_interpolator_0.xml.flat
build	Build with Gradle	2026-06-06T12:25:01.9893356Z Compiling xml file /home/runner/.gradle/caches/8.14/transforms/a6084efd8e6c9ff951c8e72453f81ad6/transformed/material-1.14.0-beta01/res/color/material_personalized__highlighted_text.xml to /home/runner/work/ShizukuPlus/ShizukuPlus/manager/build/intermediates/merged_res/release/mergeReleaseResources/color_material_personalized__highlighted_text.xml.flat
build	Build with Gradle	2026-06-06T12:25:01.9908214Z Compiling xml file /home/runner/.gradle/caches/8.14/transforms/a6084efd8e6c9ff951c8e72453f81ad6/transformed/material-1.14.0-beta01/res/animator/m3_extended_fab_show_motion_spec.xml to /home/runner/work/ShizukuPlus/ShizukuPlus/manager/build/intermediates/merged_res/release/mergeReleaseResources/animator_m3_extended_fab_show_motion_spec.xml.flat
build	Build with Gradle	2026-06-06T12:25:01.9912617Z Compiling xml file /home/runner/.gradle/caches/8.14/transforms/0a9f0b23f2ae3b3d671937d923da2cba/transformed/glance-appwidget-1.1.1/res/layout/box_child_end_center_vertical_group_1.xml to /home/runner/work/ShizukuPlus/ShizukuPlus/manager/build/intermediates/merged_res/release/mergeReleaseResources/layout_box_child_end_center_vertical_group_1.xml.flat
build	Build with Gradle	2026-06-06T12:25:01.9917223Z Compiling xml file /home/runner/.gradle/caches/8.14/transforms/0a9f0b23f2ae3b3d671937d923da2cba/transformed/glance-appwidget-1.1.1/res/layout-v33/glance_list_end_center_vertical.xml to /home/runner/work/ShizukuPlus/ShizukuPlus/manager/build/intermediates/merged_res/release/mergeReleaseResources/layout-v33_glance_list_end_center_vertical.xml.flat
build	Build with Gradle	2026-06-06T12:25:01.9934900Z Compiling XML table /home/runner/work/ShizukuPlus/ShizukuPlus/manager/build/intermediates/incremental/release/mergeReleaseResources/merged.dir/values-fr/values-fr.xml to /home/runner/work/ShizukuPlus/ShizukuPlus/manager/build/intermediates/merged_res/release/mergeReleaseResources/values-fr_values-fr.arsc.flat
build	Build with Gradle	2026-06-06T12:25:01.9938799Z Compiling xml file /home/runner/.gradle/caches/8.14/transforms/efa565396efa7c69fa280f54041abb1e/transformed/appcompat-1.6.1/res/anim/abc_fade_in.xml to /home/runner/work/ShizukuPlus/ShizukuPlus/manager/build/intermediates/merged_res/release/mergeReleaseResources/anim_abc_fade_in.xml.flat
build	Build with Gradle	2026-06-06T12:25:01.9943441Z Compiling xml file /home/runner/.gradle/caches/8.14/transforms/0a9f0b23f2ae3b3d671937d923da2cba/transformed/glance-appwidget-1.1.1/res/layout-v33/glance_vertical_grid_five_columns_center_horizontal_center_vertical.xml to /home/runner/work/ShizukuPlus/ShizukuPlus/manager/build/intermediates/merged_res/release/mergeReleaseResources/layout-v33_glance_vertical_grid_five_columns_center_horizontal_center_vertical.xml.flat
build	Build with Gradle	2026-06-06T12:25:01.9948455Z Compiling xml file /home/runner/.gradle/caches/8.14/transforms/0a9f0b23f2ae3b3d671937d923da2cba/transformed/glance-appwidget-1.1.1/res/layout-v31/box_child_end_bottom_group_1.xml to /home/runner/work/ShizukuPlus/ShizukuPlus/manager/build/intermediates/merged_res/release/mergeReleaseResources/layout-v31_box_child_end_bottom_group_1.xml.flat
build	Build with Gradle	2026-06-06T12:25:01.9952774Z Compiling xml file /home/runner/.gradle/caches/8.14/transforms/f85a8706e3d3bf4df310b1b8ed66a067/transformed/material-2.7.2/res/color/m3_light_text_color_secondary.xml to /home/runner/work/ShizukuPlus/ShizukuPlus/manager/build/intermediates/merged_res/release/mergeReleaseResources/color_m3_light_text_color_secondary.xml.flat
build	Build with Gradle	2026-06-06T12:25:01.9956944Z Compiling xml file /home/runner/.gradle/caches/8.14/transforms/0a9f0b23f2ae3b3d671937d923da2cba/transformed/glance-appwidget-1.1.1/res/layout-v31/box_child_end_bottom_group_4.xml to /home/runner/work/ShizukuPlus/ShizukuPlus/manager/build/intermediates/merged_res/release/mergeReleaseResources/layout-v31_box_child_end_bottom_group_4.xml.flat
build	Build with Gradle	2026-06-06T12:25:02.0012242Z Compiling xml file /home/runner/.gradle/caches/8.14/transforms/0a9f0b23f2ae3b3d671937d923da2cba/transformed/glance-appwidget-1.1.1/res/layout/box_child_start_center_vertical_group_5.xml to /home/runner/work/ShizukuPlus/ShizukuPlus/manager/build/intermediates/merged_res/release/mergeReleaseResources/layout_box_child_start_center_vertical_group_5.xml.flat
build	Build with Gradle	2026-06-06T12:25:02.0016622Z Compiling xml file /home/runner/.gradle/caches/8.14/transforms/0a9f0b23f2ae3b3d671937d923da2cba/transformed/glance-appwidget-1.1.1/res/layout-v31/box_child_end_bottom_group_7.xml to /home/runner/work/ShizukuPlus/ShizukuPlus/manager/build/intermediates/merged_res/release/mergeReleaseResources/layout-v31_box_child_end_bottom_group_7.xml.flat
build	Build with Gradle	2026-06-06T12:25:02.0021193Z Compiling xml file /home/runner/.gradle/caches/8.14/transforms/0a9f0b23f2ae3b3d671937d923da2cba/transformed/glance-appwidget-1.1.1/res/layout/box_child_start_center_vertical_group_1.xml to /home/runner/work/ShizukuPlus/ShizukuPlus/manager/build/intermediates/merged_res/release/mergeReleaseResources/layout_box_child_start_center_vertical_group_1.xml.flat
build	Build with Gradle	2026-06-06T12:25:02.0025647Z Compiling xml file /home/runner/.gradle/caches/8.14/transforms/a6084efd8e6c9ff951c8e72453f81ad6/transformed/material-1.14.0-beta01/res/drawable/mtrl_switch_thumb_checked_unchecked.xml to /home/runner/work/ShizukuPlus/ShizukuPlus/manager/build/intermediates/merged_res/release/mergeReleaseResources/drawable_mtrl_switch_thumb_checked_unchecked.xml.flat
build	Build with Gradle	2026-06-06T12:25:02.0030894Z Compiling xml file /home/runner/.gradle/caches/8.14/transforms/0a9f0b23f2ae3b3d671937d923da2cba/transformed/glance-appwidget-1.1.1/res/layout-v31/box_child_center_horizontal_bottom_group_1.xml to /home/runner/work/ShizukuPlus/ShizukuPlus/manager/build/intermediates/merged_res/release/mergeReleaseResources/layout-v31_box_child_center_horizontal_bottom_group_1.xml.flat
build	Build with Gradle	2026-06-06T12:25:02.0062129Z Compiling xml file /home/runner/.gradle/caches/8.14/transforms/0a9f0b23f2ae3b3d671937d923da2cba/transformed/glance-appwidget-1.1.1/res/layout-v33/radio_column_center_horizontal_bottom.xml to /home/runner/work/ShizukuPlus/ShizukuPlus/manager/build/intermediates/merged_res/release/mergeReleaseResources/layout-v33_radio_column_center_horizontal_bottom.xml.flat
build	Build with Gradle	2026-06-06T12:25:02.0066377Z Compiling xml file /home/runner/.gradle/caches/8.14/transforms/a6084efd8e6c9ff951c8e72453f81ad6/transformed/material-1.14.0-beta01/res/drawable/material_shape_puffy_diamond.xml to /home/runner/work/ShizukuPlus/ShizukuPlus/manager/build/intermediates/merged_res/release/mergeReleaseResources/drawable_material_shape_puffy_diamond.xml.flat
build	Build with Gradle	2026-06-06T12:25:02.0070384Z Compiling xml file /home/runner/.gradle/caches/8.14/transforms/efa565396efa7c69fa280f54041abb1e/transformed/appcompat-1.6.1/res/layout/select_dialog_singlechoice_material.xml to /home/runner/work/ShizukuPlus/ShizukuPlus/manager/build/intermediates/merged_res/release/mergeReleaseResources/layout_select_dialog_singlechoice_material.xml.flat
build	Build with Gradle	2026-06-06T12:25:02.0074405Z Compiling xml file /home/runner/.gradle/caches/8.14/transforms/0a9f0b23f2ae3b3d671937d923da2cba/transformed/glance-appwidget-1.1.1/res/layout-v31/box_child_center_horizontal_bottom_group_5.xml to /home/runner/work/ShizukuPlus/ShizukuPlus/manager/build/intermediates/merged_res/release/mergeReleaseResources/layout-v31_box_child_center_horizontal_bottom_group_5.xml.flat
build	Build with Gradle	2026-06-06T12:25:02.0079207Z Compiling xml file /home/runner/work/ShizukuPlus/ShizukuPlus/manager/build/generated/materialThemeBuilder/release/res/color/m3_text_color_on_tertiary_high_emphasis.xml to /home/runner/work/ShizukuPlus/ShizukuPlus/manager/build/intermediates/merged_res/release/mergeReleaseResources/color_m3_text_color_on_tertiary_high_emphasis.xml.flat
build	Build with Gradle	2026-06-06T12:25:02.0108727Z Compiling xml file /home/runner/.gradle/caches/8.14/transforms/0a9f0b23f2ae3b3d671937d923da2cba/transformed/glance-appwidget-1.1.1/res/layout-v31/box_child_center_horizontal_bottom_group_9.xml to /home/runner/work/ShizukuPlus/ShizukuPlus/manager/build/intermediates/merged_res/release/mergeReleaseResources/layout-v31_box_child_center_horizontal_bottom_group_9.xml.flat
build	Build with Gradle	2026-06-06T12:25:02.0112992Z Compiling xml file /home/runner/.gradle/caches/8.14/transforms/efa565396efa7c69fa280f54041abb1e/transformed/appcompat-1.6.1/res/layout/abc_expanded_menu_layout.xml to /home/runner/work/ShizukuPlus/ShizukuPlus/manager/build/intermediates/merged_res/release/mergeReleaseResources/layout_abc_expanded_menu_layout.xml.flat
build	Build with Gradle	2026-06-06T12:25:02.0117169Z Compiling xml file /home/runner/.gradle/caches/8.14/transforms/0a9f0b23f2ae3b3d671937d923da2cba/transformed/glance-appwidget-1.1.1/res/layout-v33/glance_vertical_grid_one_column_end_center_vertical.xml to /home/runner/work/ShizukuPlus/ShizukuPlus/manager/build/intermediates/merged_res/release/mergeReleaseResources/layout-v33_glance_vertical_grid_one_column_end_center_vertical.xml.flat
build	Build with Gradle	2026-06-06T12:25:02.0122235Z Compiling xml file /home/runner/.gradle/caches/8.14/transforms/a6084efd8e6c9ff951c8e72453f81ad6/transformed/material-1.14.0-beta01/res/drawable/material_shape_flower.xml to /home/runner/work/ShizukuPlus/ShizukuPlus/manager/build/intermediates/merged_res/release/mergeReleaseResources/drawable_material_shape_flower.xml.flat
build	Build with Gradle	2026-06-06T12:25:02.0126610Z Compiling xml file /home/runner/.gradle/caches/8.14/transforms/a6084efd8e6c9ff951c8e72453f81ad6/transformed/material-1.14.0-beta01/res/color/m3expressive_nav_rail_item_label_tint.xml to /home/runner/work/ShizukuPlus/ShizukuPlus/manager/build/intermediates/merged_res/release/mergeReleaseResources/color_m3expressive_nav_rail_item_label_tint.xml.flat
build	Build with Gradle	2026-06-06T12:25:02.0130927Z Compiling xml file /home/runner/.gradle/caches/8.14/transforms/0a9f0b23f2ae3b3d671937d923da2cba/transformed/glance-appwidget-1.1.1/res/layout/box_center_horizontal_top_6children.xml to /home/runner/work/ShizukuPlus/ShizukuPlus/manager/build/intermediates/merged_res/release/mergeReleaseResources/layout_box_center_horizontal_top_6children.xml.flat
build	Build with Gradle	2026-06-06T12:25:02.0159525Z Compiling xml file /home/runner/.gradle/caches/8.14/transforms/0a9f0b23f2ae3b3d671937d923da2cba/transformed/glance-appwidget-1.1.1/res/layout/box_end_top_9children.xml to /home/runner/work/ShizukuPlus/ShizukuPlus/manager/build/intermediates/merged_res/release/mergeReleaseResources/layout_box_end_top_9children.xml.flat
build	Build with Gradle	2026-06-06T12:25:02.0163305Z Compiling XML table /home/runner/work/ShizukuPlus/ShizukuPlus/manager/build/intermediates/incremental/release/mergeReleaseResources/merged.dir/values-land/values-land.xml to /home/runner/work/ShizukuPlus/ShizukuPlus/manager/build/intermediates/merged_res/release/mergeReleaseResources/values-land_values-land.arsc.flat
build	Build with Gradle	2026-06-06T12:25:02.0166809Z Compiling file /home/runner/work/ShizukuPlus/ShizukuPlus/manager/build/generated/aboutLibraries/release/res/raw/aboutlibraries.json to /home/runner/work/ShizukuPlus/ShizukuPlus/manager/build/intermediates/merged_res/release/mergeReleaseResources/raw_aboutlibraries.json.flat
build	Build with Gradle	2026-06-06T12:25:02.0169978Z Compiling xml file /home/runner/.gradle/caches/8.14/transforms/0a9f0b23f2ae3b3d671937d923da2cba/transformed/glance-appwidget-1.1.1/res/layout-v33/box_start_top.xml to /home/runner/work/ShizukuPlus/ShizukuPlus/manager/build/intermediates/merged_res/release/mergeReleaseResources/layout-v33_box_start_top.xml.flat
build	Build with Gradle	2026-06-06T12:25:02.0173573Z Compiling xml file /home/runner/work/ShizukuPlus/ShizukuPlus/manager/build/intermediates/incremental/release/mergeReleaseResources/stripped.dir/layout/home_start_wireless_adb.xml to /home/runner/work/ShizukuPlus/ShizukuPlus/manager/build/intermediates/merged_res/release/mergeReleaseResources/layout_home_start_wireless_adb.xml.flat
build	Build with Gradle	2026-06-06T12:25:02.0177813Z Compiling xml file /home/runner/.gradle/caches/8.14/transforms/0a9f0b23f2ae3b3d671937d923da2cba/transformed/glance-appwidget-1.1.1/res/layout-v33/glance_radio_button_backport_end_bottom.xml to /home/runner/work/ShizukuPlus/ShizukuPlus/manager/build/intermediates/merged_res/release/mergeReleaseResources/layout-v33_glance_radio_button_backport_end_bottom.xml.flat
build	Build with Gradle	2026-06-06T12:25:02.0181782Z Compiling xml file /home/runner/.gradle/caches/8.14/transforms/efa565396efa7c69fa280f54041abb1e/transformed/appcompat-1.6.1/res/drawable/abc_list_selector_holo_dark.xml to /home/runner/work/ShizukuPlus/ShizukuPlus/manager/build/intermediates/merged_res/release/mergeReleaseResources/drawable_abc_list_selector_holo_dark.xml.flat
build	Build with Gradle	2026-06-06T12:25:02.0209730Z Compiling xml file /home/runner/.gradle/caches/8.14/transforms/0a9f0b23f2ae3b3d671937d923da2cba/transformed/glance-appwidget-1.1.1/res/drawable/glance_button_outline.xml to /home/runner/work/ShizukuPlus/ShizukuPlus/manager/build/intermediates/merged_res/release/mergeReleaseResources/drawable_glance_button_outline.xml.flat
build	Build with Gradle	2026-06-06T12:25:02.0213922Z Compiling xml file /home/runner/.gradle/caches/8.14/transforms/0a9f0b23f2ae3b3d671937d923da2cba/transformed/glance-appwidget-1.1.1/res/layout/column_child_start_null_group_2.xml to /home/runner/work/ShizukuPlus/ShizukuPlus/manager/build/intermediates/merged_res/release/mergeReleaseResources/layout_column_child_start_null_group_2.xml.flat
build	Build with Gradle	2026-06-06T12:25:02.0217970Z Compiling xml file /home/runner/.gradle/caches/8.14/transforms/efa565396efa7c69fa280f54041abb1e/transformed/appcompat-1.6.1/res/anim/abc_slide_out_bottom.xml to /home/runner/work/ShizukuPlus/ShizukuPlus/manager/build/intermediates/merged_res/release/mergeReleaseResources/anim_abc_slide_out_bottom.xml.flat
build	Build with Gradle	2026-06-06T12:25:02.0221747Z Compiling XML table /home/runner/work/ShizukuPlus/ShizukuPlus/manager/build/intermediates/incremental/release/mergeReleaseResources/merged.dir/values-gu/values-gu.xml to /home/runner/work/ShizukuPlus/ShizukuPlus/manager/build/intermediates/merged_res/release/mergeReleaseResources/values-gu_values-gu.arsc.flat
build	Build with Gradle	2026-06-06T12:25:02.0225418Z Compiling xml file /home/runner/work/ShizukuPlus/ShizukuPlus/manager/src/main/res/drawable/ic_outline_expand_more_24.xml to /home/runner/work/ShizukuPlus/ShizukuPlus/manager/build/intermediates/merged_res/release/mergeReleaseResources/drawable_ic_outline_expand_more_24.xml.flat
build	Build with Gradle	2026-06-06T12:25:02.0229426Z Compiling xml file /home/runner/.gradle/caches/8.14/transforms/0a9f0b23f2ae3b3d671937d923da2cba/transformed/glance-appwidget-1.1.1/res/layout/box_start_bottom_9children.xml to /home/runner/work/ShizukuPlus/ShizukuPlus/manager/build/intermediates/merged_res/release/mergeReleaseResources/layout_box_start_bottom_9children.xml.flat
build	Build with Gradle	2026-06-06T12:25:02.0233569Z Compiling xml file /home/runner/.gradle/caches/8.14/transforms/0a9f0b23f2ae3b3d671937d923da2cba/transformed/glance-appwidget-1.1.1/res/layout-v33/glance_swtch_start_bottom.xml to /home/runner/work/ShizukuPlus/ShizukuPlus/manager/build/intermediates/merged_res/release/mergeReleaseResources/layout-v33_glance_swtch_start_bottom.xml.flat
build	Build with Gradle	2026-06-06T12:25:02.0260427Z Compiling xml file /home/runner/.gradle/caches/8.14/transforms/a6084efd8e6c9ff951c8e72453f81ad6/transformed/material-1.14.0-beta01/res/drawable/ic_expand_less_22px.xml to /home/runner/work/ShizukuPlus/ShizukuPlus/manager/build/intermediates/merged_res/release/mergeReleaseResources/drawable_ic_expand_less_22px.xml.flat
build	Build with Gradle	2026-06-06T12:25:02.0264743Z Compiling xml file /home/runner/.gradle/caches/8.14/transforms/0a9f0b23f2ae3b3d671937d923da2cba/transformed/glance-appwidget-1.1.1/res/layout/column_child_start_null_group_1.xml to /home/runner/work/ShizukuPlus/ShizukuPlus/manager/build/intermediates/merged_res/release/mergeReleaseResources/layout_column_child_start_null_group_1.xml.flat
build	Build with Gradle	2026-06-06T12:25:02.0269387Z Compiling xml file /home/runner/.gradle/caches/8.14/transforms/0a9f0b23f2ae3b3d671937d923da2cba/transformed/glance-appwidget-1.1.1/res/layout/column_child_start_null_group_5.xml to /home/runner/work/ShizukuPlus/ShizukuPlus/manager/build/intermediates/merged_res/release/mergeReleaseResources/layout_column_child_start_null_group_5.xml.flat
build	Build with Gradle	2026-06-06T12:25:02.0273901Z Compiling xml file /home/runner/.gradle/caches/8.14/transforms/0a9f0b23f2ae3b3d671937d923da2cba/transformed/glance-appwidget-1.1.1/res/layout-v33/row_center_horizontal_center_vertical.xml to /home/runner/work/ShizukuPlus/ShizukuPlus/manager/build/intermediates/merged_res/release/mergeReleaseResources/layout-v33_row_center_horizontal_center_vertical.xml.flat
build	Build with Gradle	2026-06-06T12:25:02.0278580Z Compiling xml file /home/runner/.gradle/caches/8.14/transforms/efa565396efa7c69fa280f54041abb1e/transformed/appcompat-1.6.1/res/drawable-v21/abc_action_bar_item_background_material.xml to /home/runner/work/ShizukuPlus/ShizukuPlus/manager/build/intermediates/merged_res/release/mergeReleaseResources/drawable-v21_abc_action_bar_item_background_material.xml.flat
build	Build with Gradle	2026-06-06T12:25:02.0282470Z Compiling xml file /home/runner/.gradle/caches/8.14/transforms/0a9f0b23f2ae3b3d671937d923da2cba/transformed/glance-appwidget-1.1.1/res/layout/box_start_center_vertical_2children.xml to /home/runner/work/ShizukuPlus/ShizukuPlus/manager/build/intermediates/merged_res/release/mergeReleaseResources/layout_box_start_center_vertical_2children.xml.flat
build	Build with Gradle	2026-06-06T12:25:02.0306765Z Compiling xml file /home/runner/.gradle/caches/8.14/transforms/efa565396efa7c69fa280f54041abb1e/transformed/appcompat-1.6.1/res/anim/btn_checkbox_to_unchecked_box_inner_merged_animation.xml to /home/runner/work/ShizukuPlus/ShizukuPlus/manager/build/intermediates/merged_res/release/mergeReleaseResources/anim_btn_checkbox_to_unchecked_box_inner_merged_animation.xml.flat
build	Build with Gradle	2026-06-06T12:25:02.0311639Z Compiling xml file /home/runner/.gradle/caches/8.14/transforms/efa565396efa7c69fa280f54041abb1e/transformed/appcompat-1.6.1/res/drawable/abc_ic_ab_back_material.xml to /home/runner/work/ShizukuPlus/ShizukuPlus/manager/build/intermediates/merged_res/release/mergeReleaseResources/drawable_abc_ic_ab_back_material.xml.flat
build	Build with Gradle	2026-06-06T12:25:02.0315816Z Compiling xml file /home/runner/.gradle/caches/8.14/transforms/efa565396efa7c69fa280f54041abb1e/transformed/appcompat-1.6.1/res/drawable/abc_ic_menu_share_mtrl_alpha.xml to /home/runner/work/ShizukuPlus/ShizukuPlus/manager/build/intermediates/merged_res/release/mergeReleaseResources/drawable_abc_ic_menu_share_mtrl_alpha.xml.flat
build	Build with Gradle	2026-06-06T12:25:02.0320742Z Compiling xml file /home/runner/.gradle/caches/8.14/transforms/0a9f0b23f2ae3b3d671937d923da2cba/transformed/glance-appwidget-1.1.1/res/layout-v33/glance_image_crop_decorative_start_center_vertical.xml to /home/runner/work/ShizukuPlus/ShizukuPlus/manager/build/intermediates/merged_res/release/mergeReleaseResources/layout-v33_glance_image_crop_decorative_start_center_vertical.xml.flat
build	Build with Gradle	2026-06-06T12:25:02.0325229Z Compiling xml file /home/runner/.gradle/caches/8.14/transforms/a6084efd8e6c9ff951c8e72453f81ad6/transformed/material-1.14.0-beta01/res/drawable/material_shape_circle.xml to /home/runner/work/ShizukuPlus/ShizukuPlus/manager/build/intermediates/merged_res/release/mergeReleaseResources/drawable_material_shape_circle.xml.flat
build	Build with Gradle	2026-06-06T12:25:02.0329232Z Compiling xml file /home/runner/.gradle/caches/8.14/transforms/0a9f0b23f2ae3b3d671937d923da2cba/transformed/glance-appwidget-1.1.1/res/layout/box_child_end_top_group_4.xml to /home/runner/work/ShizukuPlus/ShizukuPlus/manager/build/intermediates/merged_res/release/mergeReleaseResources/layout_box_child_end_top_group_4.xml.flat
build	Build with Gradle	2026-06-06T12:25:02.0332898Z Compiling xml file /home/runner/.gradle/caches/8.14/transforms/0a9f0b23f2ae3b3d671937d923da2cba/transformed/glance-appwidget-1.1.1/res/layout/box_child_end_top_group_8.xml to /home/runner/work/ShizukuPlus/ShizukuPlus/manager/build/intermediates/merged_res/release/mergeReleaseResources/layout_box_child_end_top_group_8.xml.flat
build	Build with Gradle	2026-06-06T12:25:02.0368005Z Compiling xml file /home/runner/.gradle/caches/8.14/transforms/efa565396efa7c69fa280f54041abb1e/transformed/appcompat-1.6.1/res/color/abc_primary_text_material_light.xml to /home/runner/work/ShizukuPlus/ShizukuPlus/manager/build/intermediates/merged_res/release/mergeReleaseResources/color_abc_primary_text_material_light.xml.flat
build	Build with Gradle	2026-06-06T12:25:02.0372512Z Compiling xml file /home/runner/.gradle/caches/8.14/transforms/a6084efd8e6c9ff951c8e72453f81ad6/transformed/material-1.14.0-beta01/res/animator/mtrl_extended_fab_state_list_animator.xml to /home/runner/work/ShizukuPlus/ShizukuPlus/manager/build/intermediates/merged_res/release/mergeReleaseResources/animator_mtrl_extended_fab_state_list_animator.xml.flat
build	Build with Gradle	2026-06-06T12:25:02.0377656Z Compiling xml file /home/runner/.gradle/caches/8.14/transforms/0a9f0b23f2ae3b3d671937d923da2cba/transformed/glance-appwidget-1.1.1/res/layout-v33/glance_text_wrapwidth_expandheight.xml to /home/runner/work/ShizukuPlus/ShizukuPlus/manager/build/intermediates/merged_res/release/mergeReleaseResources/layout-v33_glance_text_wrapwidth_expandheight.xml.flat
build	Build with Gradle	2026-06-06T12:25:02.0382278Z Compiling xml file /home/runner/.gradle/caches/8.14/transforms/3496351281a372f59379614fd15c5436/transformed/fragment-1.8.7/res/anim-v21/fragment_fast_out_extra_slow_in.xml to /home/runner/work/ShizukuPlus/ShizukuPlus/manager/build/intermediates/merged_res/release/mergeReleaseResources/anim-v21_fragment_fast_out_extra_slow_in.xml.flat
build	Build with Gradle	2026-06-06T12:25:02.0387206Z Compiling xml file /home/runner/.gradle/caches/8.14/transforms/a6084efd8e6c9ff951c8e72453f81ad6/transformed/material-1.14.0-beta01/res/drawable-v24/m3_focus_ring_framework_button_background.xml to /home/runner/work/ShizukuPlus/ShizukuPlus/manager/build/intermediates/merged_res/release/mergeReleaseResources/drawable-v24_m3_focus_ring_framework_button_background.xml.flat
build	Build with Gradle	2026-06-06T12:25:02.0391894Z Compiling xml file /home/runner/.gradle/caches/8.14/transforms/0a9f0b23f2ae3b3d671937d923da2cba/transformed/glance-appwidget-1.1.1/res/layout-v31/row_child_null_bottom_group_6.xml to /home/runner/work/ShizukuPlus/ShizukuPlus/manager/build/intermediates/merged_res/release/mergeReleaseResources/layout-v31_row_child_null_bottom_group_6.xml.flat
build	Build with Gradle	2026-06-06T12:25:02.0395999Z Compiling xml file /home/runner/.gradle/caches/8.14/transforms/0a9f0b23f2ae3b3d671937d923da2cba/transformed/glance-appwidget-1.1.1/res/layout-v33/glance_button_end_center_vertical.xml to /home/runner/work/ShizukuPlus/ShizukuPlus/manager/build/intermediates/merged_res/release/mergeReleaseResources/layout-v33_glance_button_end_center_vertical.xml.flat
build	Build with Gradle	2026-06-06T12:25:02.0400286Z Compiling xml file /home/runner/.gradle/caches/8.14/transforms/0a9f0b23f2ae3b3d671937d923da2cba/transformed/glance-appwidget-1.1.1/res/layout-v33/glance_check_box_start_bottom.xml to /home/runner/work/ShizukuPlus/ShizukuPlus/manager/build/intermediates/merged_res/release/mergeReleaseResources/layout-v33_glance_check_box_start_bottom.xml.flat
build	Build with Gradle	2026-06-06T12:25:02.0404227Z Compiling xml file /home/runner/.gradle/caches/8.14/transforms/0a9f0b23f2ae3b3d671937d923da2cba/transformed/glance-appwidget-1.1.1/res/layout-v31/row_child_null_bottom_group_2.xml to /home/runner/work/ShizukuPlus/ShizukuPlus/manager/build/intermediates/merged_res/release/mergeReleaseResources/layout-v31_row_child_null_bottom_group_2.xml.flat
build	Build with Gradle	2026-06-06T12:25:02.0408308Z Compiling xml file /home/runner/work/ShizukuPlus/ShizukuPlus/core/ui/build/intermediates/packaged_res/release/packageReleaseResources/drawable/ic_terminal_24.xml to /home/runner/work/ShizukuPlus/ShizukuPlus/manager/build/intermediates/merged_res/release/mergeReleaseResources/drawable_ic_terminal_24.xml.flat
build	Build with Gradle	2026-06-06T12:25:02.0411826Z Compiling xml file /home/runner/.gradle/caches/8.14/transforms/a18f3e8414f2ba4eb382dd01375ab089/transformed/core-1.16.0/res/drawable/notification_bg.xml to /home/runner/work/ShizukuPlus/ShizukuPlus/manager/build/intermediates/merged_res/release/mergeReleaseResources/drawable_notification_bg.xml.flat
build	Build with Gradle	2026-06-06T12:25:02.0415466Z Compiling xml file /home/runner/.gradle/caches/8.14/transforms/0a9f0b23f2ae3b3d671937d923da2cba/transformed/glance-appwidget-1.1.1/res/layout-v31/row_child_null_bottom_group_1.xml to /home/runner/work/ShizukuPlus/ShizukuPlus/manager/build/intermediates/merged_res/release/mergeReleaseResources/layout-v31_row_child_null_bottom_group_1.xml.flat
build	Build with Gradle	2026-06-06T12:25:02.0450083Z Compiling xml file /home/runner/.gradle/caches/8.14/transforms/0a9f0b23f2ae3b3d671937d923da2cba/transformed/glance-appwidget-1.1.1/res/layout-v33/glance_circular_progress_indicator_center_horizontal_bottom.xml to /home/runner/work/ShizukuPlus/ShizukuPlus/manager/build/intermediates/merged_res/release/mergeReleaseResources/layout-v33_glance_circular_progress_indicator_center_horizontal_bottom.xml.flat
build	Build with Gradle	2026-06-06T12:25:02.0454649Z Compiling xml file /home/runner/.gradle/caches/8.14/transforms/efa565396efa7c69fa280f54041abb1e/transformed/appcompat-1.6.1/res/layout/abc_tooltip.xml to /home/runner/work/ShizukuPlus/ShizukuPlus/manager/build/intermediates/merged_res/release/mergeReleaseResources/layout_abc_tooltip.xml.flat
build	Build with Gradle	2026-06-06T12:25:02.0458511Z Compiling xml file /home/runner/.gradle/caches/8.14/transforms/efa565396efa7c69fa280f54041abb1e/transformed/appcompat-1.6.1/res/layout/abc_screen_content_include.xml to /home/runner/work/ShizukuPlus/ShizukuPlus/manager/build/intermediates/merged_res/release/mergeReleaseResources/layout_abc_screen_content_include.xml.flat
build	Build with Gradle	2026-06-06T12:25:02.0462627Z Compiling xml file /home/runner/.gradle/caches/8.14/transforms/0a9f0b23f2ae3b3d671937d923da2cba/transformed/glance-appwidget-1.1.1/res/layout/row_child_null_center_vertical_group_1.xml to /home/runner/work/ShizukuPlus/ShizukuPlus/manager/build/intermediates/merged_res/release/mergeReleaseResources/layout_row_child_null_center_vertical_group_1.xml.flat
build	Build with Gradle	2026-06-06T12:25:02.0467160Z Compiling xml file /home/runner/.gradle/caches/8.14/transforms/a6084efd8e6c9ff951c8e72453f81ad6/transformed/material-1.14.0-beta01/res/drawable/m3_action_bar_item_background.xml to /home/runner/work/ShizukuPlus/ShizukuPlus/manager/build/intermediates/merged_res/release/mergeReleaseResources/drawable_m3_action_bar_item_background.xml.flat
build	Build with Gradle	2026-06-06T12:25:02.0471535Z Compiling xml file /home/runner/.gradle/caches/8.14/transforms/0a9f0b23f2ae3b3d671937d923da2cba/transformed/glance-appwidget-1.1.1/res/layout/box_end_bottom_0children.xml to /home/runner/work/ShizukuPlus/ShizukuPlus/manager/build/intermediates/merged_res/release/mergeReleaseResources/layout_box_end_bottom_0children.xml.flat
build	Build with Gradle	2026-06-06T12:25:02.0475831Z Compiling xml file /home/runner/.gradle/caches/8.14/transforms/a6084efd8e6c9ff951c8e72453f81ad6/transformed/material-1.14.0-beta01/res/color-v31/m3_ref_palette_dynamic_secondary98.xml to /home/runner/work/ShizukuPlus/ShizukuPlus/manager/build/intermediates/merged_res/release/mergeReleaseResources/color-v31_m3_ref_palette_dynamic_secondary98.xml.flat
build	Build with Gradle	2026-06-06T12:25:02.0510244Z Compiling xml file /home/runner/.gradle/caches/8.14/transforms/d898ed95f395a2f368d4bc758e4d1887/transformed/biometric-1.2.0-alpha05/res/color-v26/biometric_error_color.xml to /home/runner/work/ShizukuPlus/ShizukuPlus/manager/build/intermediates/merged_res/release/mergeReleaseResources/color-v26_biometric_error_color.xml.flat
build	Build with Gradle	2026-06-06T12:25:02.0513975Z Compiling xml file /home/runner/.gradle/caches/8.14/transforms/0a9f0b23f2ae3b3d671937d923da2cba/transformed/glance-appwidget-1.1.1/res/layout/row_child_null_center_vertical_group_9.xml to /home/runner/work/ShizukuPlus/ShizukuPlus/manager/build/intermediates/merged_res/release/mergeReleaseResources/layout_row_child_null_center_vertical_group_9.xml.flat
build	Build with Gradle	2026-06-06T12:25:02.0517972Z Compiling xml file /home/runner/work/ShizukuPlus/ShizukuPlus/manager/build/generated/materialThemeBuilder/release/res/color/m3_text_color_on_background.xml to /home/runner/work/ShizukuPlus/ShizukuPlus/manager/build/intermediates/merged_res/release/mergeReleaseResources/color_m3_text_color_on_background.xml.flat
build	Build with Gradle	2026-06-06T12:25:02.0521684Z Compiling xml file /home/runner/.gradle/caches/8.14/transforms/0a9f0b23f2ae3b3d671937d923da2cba/transformed/glance-appwidget-1.1.1/res/layout/row_child_null_center_vertical_group_5.xml to /home/runner/work/ShizukuPlus/ShizukuPlus/manager/build/intermediates/merged_res/release/mergeReleaseResources/layout_row_child_null_center_vertical_group_5.xml.flat
build	Build with Gradle	2026-06-06T12:25:02.0525565Z Compiling xml file /home/runner/.gradle/caches/8.14/transforms/f85a8706e3d3bf4df310b1b8ed66a067/transformed/material-2.7.2/res/drawable/material_button_outline_background_dark.xml to /home/runner/work/ShizukuPlus/ShizukuPlus/manager/build/intermediates/merged_res/release/mergeReleaseResources/drawable_material_button_outline_background_dark.xml.flat
build	Build with Gradle	2026-06-06T12:25:02.0529674Z Compiling xml file /home/runner/.gradle/caches/8.14/transforms/efa565396efa7c69fa280f54041abb1e/transformed/appcompat-1.6.1/res/drawable/abc_tab_indicator_material.xml to /home/runner/work/ShizukuPlus/ShizukuPlus/manager/build/intermediates/merged_res/release/mergeReleaseResources/drawable_abc_tab_indicator_material.xml.flat
build	Build with Gradle	2026-06-06T12:25:02.0533472Z Compiling xml file /home/runner/.gradle/caches/8.14/transforms/a6084efd8e6c9ff951c8e72453f81ad6/transformed/material-1.14.0-beta01/res/drawable/mtrl_checkbox_button.xml to /home/runner/work/ShizukuPlus/ShizukuPlus/manager/build/intermediates/merged_res/release/mergeReleaseResources/drawable_mtrl_checkbox_button.xml.flat
build	Build with Gradle	2026-06-06T12:25:02.0548984Z Compiling xml file /home/runner/.gradle/caches/8.14/transforms/0a9f0b23f2ae3b3d671937d923da2cba/transformed/glance-appwidget-1.1.1/res/layout-v33/glance_swtch_start_top.xml to /home/runner/work/ShizukuPlus/ShizukuPlus/manager/build/intermediates/merged_res/release/mergeReleaseResources/layout-v33_glance_swtch_start_top.xml.flat
build	Build with Gradle	2026-06-06T12:25:02.0556839Z Compiling xml file /home/runner/.gradle/caches/8.14/transforms/0a9f0b23f2ae3b3d671937d923da2cba/transformed/glance-appwidget-1.1.1/res/layout/glance_frame.xml to /home/runner/work/ShizukuPlus/ShizukuPlus/manager/build/intermediates/merged_res/release/mergeReleaseResources/layout_glance_frame.xml.flat
build	Build with Gradle	2026-06-06T12:25:02.0561266Z Compiling xml file /home/runner/.gradle/caches/8.14/transforms/0a9f0b23f2ae3b3d671937d923da2cba/transformed/glance-appwidget-1.1.1/res/layout-v33/radio_column_center_horizontal_top.xml to /home/runner/work/ShizukuPlus/ShizukuPlus/manager/build/intermediates/merged_res/release/mergeReleaseResources/layout-v33_radio_column_center_horizontal_top.xml.flat
build	Build with Gradle	2026-06-06T12:25:02.0565917Z Compiling xml file /home/runner/.gradle/caches/8.14/transforms/0a9f0b23f2ae3b3d671937d923da2cba/transformed/glance-appwidget-1.1.1/res/layout-v33/glance_check_box_backport_expandwidth_wrapheight.xml to /home/runner/work/ShizukuPlus/ShizukuPlus/manager/build/intermediates/merged_res/release/mergeReleaseResources/layout-v33_glance_check_box_backport_expandwidth_wrapheight.xml.flat
build	Build with Gradle	2026-06-06T12:25:02.0570574Z Compiling xml file /home/runner/.gradle/caches/8.14/transforms/a6084efd8e6c9ff951c8e72453f81ad6/transformed/material-1.14.0-beta01/res/anim/mtrl_bottom_sheet_slide_out.xml to /home/runner/work/ShizukuPlus/ShizukuPlus/manager/build/intermediates/merged_res/release/mergeReleaseResources/anim_mtrl_bottom_sheet_slide_out.xml.flat
build	Build with Gradle	2026-06-06T12:25:02.0574351Z Compiling xml file /home/runner/.gradle/caches/8.14/transforms/0a9f0b23f2ae3b3d671937d923da2cba/transformed/glance-appwidget-1.1.1/res/color/glance_default_switch_thumb.xml to /home/runner/work/ShizukuPlus/ShizukuPlus/manager/build/intermediates/merged_res/release/mergeReleaseResources/color_glance_default_switch_thumb.xml.flat
build	Build with Gradle	2026-06-06T12:25:02.0609109Z Compiling xml file /home/runner/.gradle/caches/8.14/transforms/a6084efd8e6c9ff951c8e72453f81ad6/transformed/material-1.14.0-beta01/res/layout/mtrl_calendar_year.xml to /home/runner/work/ShizukuPlus/ShizukuPlus/manager/build/intermediates/merged_res/release/mergeReleaseResources/layout_mtrl_calendar_year.xml.flat
build	Build with Gradle	2026-06-06T12:25:02.0612743Z Compiling xml file /home/runner/.gradle/caches/8.14/transforms/a6084efd8e6c9ff951c8e72453f81ad6/transformed/material-1.14.0-beta01/res/xml/m3_list_item_shape_state_list.xml to /home/runner/work/ShizukuPlus/ShizukuPlus/manager/build/intermediates/merged_res/release/mergeReleaseResources/xml_m3_list_item_shape_state_list.xml.flat
build	Build with Gradle	2026-06-06T12:25:02.0616633Z Compiling xml file /home/runner/.gradle/caches/8.14/transforms/0a9f0b23f2ae3b3d671937d923da2cba/transformed/glance-appwidget-1.1.1/res/layout-v33/glance_swtch_backport_start_top.xml to /home/runner/work/ShizukuPlus/ShizukuPlus/manager/build/intermediates/merged_res/release/mergeReleaseResources/layout-v33_glance_swtch_backport_start_top.xml.flat
build	Build with Gradle	2026-06-06T12:25:02.0620623Z Compiling xml file /home/runner/.gradle/caches/8.14/transforms/0a9f0b23f2ae3b3d671937d923da2cba/transformed/glance-appwidget-1.1.1/res/layout/glance_check_box_view.xml to /home/runner/work/ShizukuPlus/ShizukuPlus/manager/build/intermediates/merged_res/release/mergeReleaseResources/layout_glance_check_box_view.xml.flat
build	Build with Gradle	2026-06-06T12:25:02.0624634Z Compiling xml file /home/runner/.gradle/caches/8.14/transforms/0a9f0b23f2ae3b3d671937d923da2cba/transformed/glance-appwidget-1.1.1/res/layout-v33/glance_button_start_center_vertical.xml to /home/runner/work/ShizukuPlus/ShizukuPlus/manager/build/intermediates/merged_res/release/mergeReleaseResources/layout-v33_glance_button_start_center_vertical.xml.flat
build	Build with Gradle	2026-06-06T12:25:02.0628883Z Compiling xml file /home/runner/.gradle/caches/8.14/transforms/a6084efd8e6c9ff951c8e72453f81ad6/transformed/material-1.14.0-beta01/res/drawable/mtrl_tabs_default_indicator.xml to /home/runner/work/ShizukuPlus/ShizukuPlus/manager/build/intermediates/merged_res/release/mergeReleaseResources/drawable_mtrl_tabs_default_indicator.xml.flat
build	Build with Gradle	2026-06-06T12:25:02.0632631Z Compiling xml file /home/runner/.gradle/caches/8.14/transforms/a6084efd8e6c9ff951c8e72453f81ad6/transformed/material-1.14.0-beta01/res/animator/chevron_unchecked_checked.xml to /home/runner/work/ShizukuPlus/ShizukuPlus/manager/build/intermediates/merged_res/release/mergeReleaseResources/animator_chevron_unchecked_checked.xml.flat
build	Build with Gradle	2026-06-06T12:25:02.0637056Z Compiling xml file /home/runner/.gradle/caches/8.14/transforms/0a9f0b23f2ae3b3d671937d923da2cba/transformed/glance-appwidget-1.1.1/res/layout-v33/glance_swtch_center_horizontal_bottom.xml to /home/runner/work/ShizukuPlus/ShizukuPlus/manager/build/intermediates/merged_res/release/mergeReleaseResources/layout-v33_glance_swtch_center_horizontal_bottom.xml.flat
build	Build with Gradle	2026-06-06T12:25:02.0671735Z Compiling xml file /home/runner/.gradle/caches/8.14/transforms/0a9f0b23f2ae3b3d671937d923da2cba/transformed/glance-appwidget-1.1.1/res/layout-v33/glance_radio_button_backport_start_bottom.xml to /home/runner/work/ShizukuPlus/ShizukuPlus/manager/build/intermediates/merged_res/release/mergeReleaseResources/layout-v33_glance_radio_button_backport_start_bottom.xml.flat
build	Build with Gradle	2026-06-06T12:25:02.0676169Z Compiling xml file /home/runner/.gradle/caches/8.14/transforms/0a9f0b23f2ae3b3d671937d923da2cba/transformed/glance-appwidget-1.1.1/res/layout/box_start_center_vertical_8children.xml to /home/runner/work/ShizukuPlus/ShizukuPlus/manager/build/intermediates/merged_res/release/mergeReleaseResources/layout_box_start_center_vertical_8children.xml.flat
build	Build with Gradle	2026-06-06T12:25:02.0684738Z Compiling xml file /home/runner/.gradle/caches/8.14/transforms/0a9f0b23f2ae3b3d671937d923da2cba/transformed/glance-appwidget-1.1.1/res/layout-v33/glance_image_fit_decorative_end_bottom.xml to /home/runner/work/ShizukuPlus/ShizukuPlus/manager/build/intermediates/merged_res/release/mergeReleaseResources/layout-v33_glance_image_fit_decorative_end_bottom.xml.flat
build	Build with Gradle	2026-06-06T12:25:02.0689352Z Compiling xml file /home/runner/.gradle/caches/8.14/transforms/0a9f0b23f2ae3b3d671937d923da2cba/transformed/glance-appwidget-1.1.1/res/layout-v31/row_child_null_center_vertical_group_0.xml to /home/runner/work/ShizukuPlus/ShizukuPlus/manager/build/intermediates/merged_res/release/mergeReleaseResources/layout-v31_row_child_null_center_vertical_group_0.xml.flat
build	Build with Gradle	2026-06-06T12:25:02.0719365Z Compiling xml file /home/runner/.gradle/caches/8.14/transforms/0a9f0b23f2ae3b3d671937d923da2cba/transformed/glance-appwidget-1.1.1/res/layout-v31/row_child_null_center_vertical_group_8.xml to /home/runner/work/ShizukuPlus/ShizukuPlus/manager/build/intermediates/merged_res/release/mergeReleaseResources/layout-v31_row_child_null_center_vertical_group_8.xml.flat
build	Build with Gradle	2026-06-06T12:25:02.0723635Z Compiling xml file /home/runner/work/ShizukuPlus/ShizukuPlus/manager/build/intermediates/incremental/release/mergeReleaseResources/stripped.dir/layout/item_doctor_check.xml to /home/runner/work/ShizukuPlus/ShizukuPlus/manager/build/intermediates/merged_res/release/mergeReleaseResources/layout_item_doctor_check.xml.flat
build	Build with Gradle	2026-06-06T12:25:02.0727835Z Compiling xml file /home/runner/.gradle/caches/8.14/transforms/a6084efd8e6c9ff951c8e72453f81ad6/transformed/material-1.14.0-beta01/res/layout/m3_auto_complete_simple_item.xml to /home/runner/work/ShizukuPlus/ShizukuPlus/manager/build/intermediates/merged_res/release/mergeReleaseResources/layout_m3_auto_complete_simple_item.xml.flat
build	Build with Gradle	2026-06-06T12:25:02.0732291Z Compiling xml file /home/runner/.gradle/caches/8.14/transforms/a6084efd8e6c9ff951c8e72453f81ad6/transformed/material-1.14.0-beta01/res/color/m3_navigation_item_background_color.xml to /home/runner/work/ShizukuPlus/ShizukuPlus/manager/build/intermediates/merged_res/release/mergeReleaseResources/color_m3_navigation_item_background_color.xml.flat
build	Build with Gradle	2026-06-06T12:25:02.0737205Z Compiling xml file /home/runner/.gradle/caches/8.14/transforms/0a9f0b23f2ae3b3d671937d923da2cba/transformed/glance-appwidget-1.1.1/res/layout/box_child_center_horizontal_bottom_group_8.xml to /home/runner/work/ShizukuPlus/ShizukuPlus/manager/build/intermediates/merged_res/release/mergeReleaseResources/layout_box_child_center_horizontal_bottom_group_8.xml.flat
build	Build with Gradle	2026-06-06T12:25:02.0741267Z Compiling xml file /home/runner/.gradle/caches/8.14/transforms/0a9f0b23f2ae3b3d671937d923da2cba/transformed/glance-appwidget-1.1.1/res/layout/box_child_center_horizontal_bottom_group_0.xml to /home/runner/work/ShizukuPlus/ShizukuPlus/manager/build/intermediates/merged_res/release/mergeReleaseResources/layout_box_child_center_horizontal_bottom_group_0.xml.flat
build	Build with Gradle	2026-06-06T12:25:02.0746152Z Compiling xml file /home/runner/.gradle/caches/8.14/transforms/0a9f0b23f2ae3b3d671937d923da2cba/transformed/glance-appwidget-1.1.1/res/layout/box_child_center_horizontal_bottom_group_4.xml to /home/runner/work/ShizukuPlus/ShizukuPlus/manager/build/intermediates/merged_res/release/mergeReleaseResources/layout_box_child_center_horizontal_bottom_group_4.xml.flat
build	Build with Gradle	2026-06-06T12:25:02.0765484Z Compiling xml file /home/runner/.gradle/caches/8.14/transforms/0a9f0b23f2ae3b3d671937d923da2cba/transformed/glance-appwidget-1.1.1/res/color/glance_switch_off_ambient_shadow.xml to /home/runner/work/ShizukuPlus/ShizukuPlus/manager/build/intermediates/merged_res/release/mergeReleaseResources/color_glance_switch_off_ambient_shadow.xml.flat
build	Build with Gradle	2026-06-06T12:25:02.0769685Z Compiling xml file /home/runner/.gradle/caches/8.14/transforms/0a9f0b23f2ae3b3d671937d923da2cba/transformed/glance-appwidget-1.1.1/res/layout-v31/row_child_null_top_group_4.xml to /home/runner/work/ShizukuPlus/ShizukuPlus/manager/build/intermediates/merged_res/release/mergeReleaseResources/layout-v31_row_child_null_top_group_4.xml.flat
build	Build with Gradle	2026-06-06T12:25:02.0773771Z Compiling xml file /home/runner/.gradle/caches/8.14/transforms/0a9f0b23f2ae3b3d671937d923da2cba/transformed/glance-appwidget-1.1.1/res/layout-v31/row_child_null_center_vertical_group_4.xml to /home/runner/work/ShizukuPlus/ShizukuPlus/manager/build/intermediates/merged_res/release/mergeReleaseResources/layout-v31_row_child_null_center_vertical_group_4.xml.flat
build	Build with Gradle	2026-06-06T12:25:02.0778051Z Compiling xml file /home/runner/.gradle/caches/8.14/transforms/0a9f0b23f2ae3b3d671937d923da2cba/transformed/glance-appwidget-1.1.1/res/layout-v31/row_child_null_top_group_0.xml to /home/runner/work/ShizukuPlus/ShizukuPlus/manager/build/intermediates/merged_res/release/mergeReleaseResources/layout-v31_row_child_null_top_group_0.xml.flat
build	Build with Gradle	2026-06-06T12:25:02.0782176Z Compiling xml file /home/runner/work/ShizukuPlus/ShizukuPlus/manager/src/main/res/xml/settings_about.xml to /home/runner/work/ShizukuPlus/ShizukuPlus/manager/build/intermediates/merged_res/release/mergeReleaseResources/xml_settings_about.xml.flat
build	Build with Gradle	2026-06-06T12:25:02.0785806Z Compiling xml file /home/runner/.gradle/caches/8.14/transforms/0a9f0b23f2ae3b3d671937d923da2cba/transformed/glance-appwidget-1.1.1/res/layout/box_end_bottom_7children.xml to /home/runner/work/ShizukuPlus/ShizukuPlus/manager/build/intermediates/merged_res/release/mergeReleaseResources/layout_box_end_bottom_7children.xml.flat
build	Build with Gradle	2026-06-06T12:25:02.0826175Z Compiling xml file /home/runner/.gradle/caches/8.14/transforms/0a9f0b23f2ae3b3d671937d923da2cba/transformed/glance-appwidget-1.1.1/res/layout/radio_column_center_horizontal_null_0children.xml to /home/runner/work/ShizukuPlus/ShizukuPlus/manager/build/intermediates/merged_res/release/mergeReleaseResources/layout_radio_column_center_horizontal_null_0children.xml.flat
build	Build with Gradle	2026-06-06T12:25:02.0831663Z Compiling xml file /home/runner/.gradle/caches/8.14/transforms/a6084efd8e6c9ff951c8e72453f81ad6/transformed/material-1.14.0-beta01/res/color/m3_standard_toolbar_icon_button_container_color_selector.xml to /home/runner/work/ShizukuPlus/ShizukuPlus/manager/build/intermediates/merged_res/release/mergeReleaseResources/color_m3_standard_toolbar_icon_button_container_color_selector.xml.flat
build	Build with Gradle	2026-06-06T12:25:02.0836782Z Compiling xml file /home/runner/work/ShizukuPlus/ShizukuPlus/manager/build/intermediates/incremental/release/mergeReleaseResources/stripped.dir/layout/layout_continuity_bridge_diagram.xml to /home/runner/work/ShizukuPlus/ShizukuPlus/manager/build/intermediates/merged_res/release/mergeReleaseResources/layout_layout_continuity_bridge_diagram.xml.flat
build	Build with Gradle	2026-06-06T12:25:02.0840827Z Compiling xml file /home/runner/.gradle/caches/8.14/transforms/0a9f0b23f2ae3b3d671937d923da2cba/transformed/glance-appwidget-1.1.1/res/layout-v33/radio_column_start_top.xml to /home/runner/work/ShizukuPlus/ShizukuPlus/manager/build/intermediates/merged_res/release/mergeReleaseResources/layout-v33_radio_column_start_top.xml.flat
build	Build with Gradle	2026-06-06T12:25:02.0844684Z Compiling xml file /home/runner/.gradle/caches/8.14/transforms/0a9f0b23f2ae3b3d671937d923da2cba/transformed/glance-appwidget-1.1.1/res/layout-v33/radio_column_start_bottom.xml to /home/runner/work/ShizukuPlus/ShizukuPlus/manager/build/intermediates/merged_res/release/mergeReleaseResources/layout-v33_radio_column_start_bottom.xml.flat
build	Build with Gradle	2026-06-06T12:25:02.0871345Z Compiling xml file /home/runner/.gradle/caches/8.14/transforms/efa565396efa7c69fa280f54041abb1e/transformed/appcompat-1.6.1/res/color-v23/abc_tint_edittext.xml to /home/runner/work/ShizukuPlus/ShizukuPlus/manager/build/intermediates/merged_res/release/mergeReleaseResources/color-v23_abc_tint_edittext.xml.flat
build	Build with Gradle	2026-06-06T12:25:02.0875206Z Compiling xml file /home/runner/.gradle/caches/8.14/transforms/0a9f0b23f2ae3b3d671937d923da2cba/transformed/glance-appwidget-1.1.1/res/layout-v33/row_end_center_vertical.xml to /home/runner/work/ShizukuPlus/ShizukuPlus/manager/build/intermediates/merged_res/release/mergeReleaseResources/layout-v33_row_end_center_vertical.xml.flat
build	Build with Gradle	2026-06-06T12:25:02.0878734Z Compiling xml file /home/runner/work/ShizukuPlus/ShizukuPlus/manager/src/main/res/drawable/ic_server_error_24.xml to /home/runner/work/ShizukuPlus/ShizukuPlus/manager/build/intermediates/merged_res/release/mergeReleaseResources/drawable_ic_server_error_24.xml.flat
build	Build with Gradle	2026-06-06T12:25:02.0881942Z Compiling xml file /home/runner/.gradle/caches/8.14/transforms/a6084efd8e6c9ff951c8e72453f81ad6/transformed/material-1.14.0-beta01/res/drawable/mtrl_dropdown_arrow.xml to /home/runner/work/ShizukuPlus/ShizukuPlus/manager/build/intermediates/merged_res/release/mergeReleaseResources/drawable_mtrl_dropdown_arrow.xml.flat
build	Build with Gradle	2026-06-06T12:25:02.0885618Z Compiling xml file /home/runner/.gradle/caches/8.14/transforms/a6084efd8e6c9ff951c8e72453f81ad6/transformed/material-1.14.0-beta01/res/color/mtrl_navigation_bar_colored_item_tint.xml to /home/runner/work/ShizukuPlus/ShizukuPlus/manager/build/intermediates/merged_res/release/mergeReleaseResources/color_mtrl_navigation_bar_colored_item_tint.xml.flat
build	Build with Gradle	2026-06-06T12:25:02.0889703Z Compiling xml file /home/runner/.gradle/caches/8.14/transforms/a6084efd8e6c9ff951c8e72453f81ad6/transformed/material-1.14.0-beta01/res/color-v31/m3_ref_palette_dynamic_neutral87.xml to /home/runner/work/ShizukuPlus/ShizukuPlus/manager/build/intermediates/merged_res/release/mergeReleaseResources/color-v31_m3_ref_palette_dynamic_neutral87.xml.flat
build	Build with Gradle	2026-06-06T12:25:02.0920341Z Compiling xml file /home/runner/.gradle/caches/8.14/transforms/0a9f0b23f2ae3b3d671937d923da2cba/transformed/glance-appwidget-1.1.1/res/layout-v33/glance_image_fit_decorative_start_center_vertical.xml to /home/runner/work/ShizukuPlus/ShizukuPlus/manager/build/intermediates/merged_res/release/mergeReleaseResources/layout-v33_glance_image_fit_decorative_start_center_vertical.xml.flat
build	Build with Gradle	2026-06-06T12:25:02.0924364Z Compiling xml file /home/runner/.gradle/caches/8.14/transforms/0a9f0b23f2ae3b3d671937d923da2cba/transformed/glance-appwidget-1.1.1/res/layout/column_child_end_null_group_3.xml to /home/runner/work/ShizukuPlus/ShizukuPlus/manager/build/intermediates/merged_res/release/mergeReleaseResources/layout_column_child_end_null_group_3.xml.flat
build	Build with Gradle	2026-06-06T12:25:02.0928527Z Compiling xml file /home/runner/.gradle/caches/8.14/transforms/0a9f0b23f2ae3b3d671937d923da2cba/transformed/glance-appwidget-1.1.1/res/layout/column_child_end_null_group_8.xml to /home/runner/work/ShizukuPlus/ShizukuPlus/manager/build/intermediates/merged_res/release/mergeReleaseResources/layout_column_child_end_null_group_8.xml.flat
build	Build with Gradle	2026-06-06T12:25:02.0931989Z Compiling xml file /home/runner/.gradle/caches/8.14/transforms/0a9f0b23f2ae3b3d671937d923da2cba/transformed/glance-appwidget-1.1.1/res/layout/column_child_end_null_group_9.xml to /home/runner/work/ShizukuPlus/ShizukuPlus/manager/build/intermediates/merged_res/release/mergeReleaseResources/layout_column_child_end_null_group_9.xml.flat
build	Build with Gradle	2026-06-06T12:25:02.0935848Z Compiling xml file /home/runner/.gradle/caches/8.14/transforms/a18f3e8414f2ba4eb382dd01375ab089/transformed/core-1.16.0/res/layout/ime_secondary_split_test_activity.xml to /home/runner/work/ShizukuPlus/ShizukuPlus/manager/build/intermediates/merged_res/release/mergeReleaseResources/layout_ime_secondary_split_test_activity.xml.flat
build	Build with Gradle	2026-06-06T12:25:02.0939677Z Compiling xml file /home/runner/work/ShizukuPlus/ShizukuPlus/manager/src/main/res/color/grant_permissions_button_ripple_color_selector.xml to /home/runner/work/ShizukuPlus/ShizukuPlus/manager/build/intermediates/merged_res/release/mergeReleaseResources/color_grant_permissions_button_ripple_color_selector.xml.flat
build	Build with Gradle	2026-06-06T12:25:02.0943736Z Compiling xml file /home/runner/.gradle/caches/8.14/transforms/0a9f0b23f2ae3b3d671937d923da2cba/transformed/glance-appwidget-1.1.1/res/layout-v33/glance_image_fill_bounds_end_center_vertical.xml to /home/runner/work/ShizukuPlus/ShizukuPlus/manager/build/intermediates/merged_res/release/mergeReleaseResources/layout-v33_glance_image_fill_bounds_end_center_vertical.xml.flat
build	Build with Gradle	2026-06-06T12:25:02.0978814Z Compiling xml file /home/runner/.gradle/caches/8.14/transforms/0a9f0b23f2ae3b3d671937d923da2cba/transformed/glance-appwidget-1.1.1/res/layout/box_center_horizontal_bottom_7children.xml to /home/runner/work/ShizukuPlus/ShizukuPlus/manager/build/intermediates/merged_res/release/mergeReleaseResources/layout_box_center_horizontal_bottom_7children.xml.flat
build	Build with Gradle	2026-06-06T12:25:02.0982940Z Compiling xml file /home/runner/.gradle/caches/8.14/transforms/a6084efd8e6c9ff951c8e72453f81ad6/transformed/material-1.14.0-beta01/res/color/m3_fab_efab_background_color_selector.xml to /home/runner/work/ShizukuPlus/ShizukuPlus/manager/build/intermediates/merged_res/release/mergeReleaseResources/color_m3_fab_efab_background_color_selector.xml.flat
build	Build with Gradle	2026-06-06T12:25:02.0986434Z Compiling xml file /home/runner/.gradle/caches/8.14/transforms/0a9f0b23f2ae3b3d671937d923da2cba/transformed/glance-appwidget-1.1.1/res/layout-v33/glance_list_start_top.xml to /home/runner/work/ShizukuPlus/ShizukuPlus/manager/build/intermediates/merged_res/release/mergeReleaseResources/layout-v33_glance_list_start_top.xml.flat
build	Build with Gradle	2026-06-06T12:25:02.0990196Z Compiling xml file /home/runner/.gradle/caches/8.14/transforms/a6084efd8e6c9ff951c8e72453f81ad6/transformed/material-1.14.0-beta01/res/color/m3_highlighted_text.xml to /home/runner/work/ShizukuPlus/ShizukuPlus/manager/build/intermediates/merged_res/release/mergeReleaseResources/color_m3_highlighted_text.xml.flat
build	Build with Gradle	2026-06-06T12:25:02.0994097Z Compiling xml file /home/runner/.gradle/caches/8.14/transforms/a6084efd8e6c9ff951c8e72453f81ad6/transformed/material-1.14.0-beta01/res/drawable/mtrl_ic_indeterminate.xml to /home/runner/work/ShizukuPlus/ShizukuPlus/manager/build/intermediates/merged_res/release/mergeReleaseResources/drawable_mtrl_ic_indeterminate.xml.flat
build	Build with Gradle	2026-06-06T12:25:02.1029154Z Compiling xml file /home/runner/.gradle/caches/8.14/transforms/0a9f0b23f2ae3b3d671937d923da2cba/transformed/glance-appwidget-1.1.1/res/layout-v33/glance_linear_progress_indicator_wrapwidth_expandheight.xml to /home/runner/work/ShizukuPlus/ShizukuPlus/manager/build/intermediates/merged_res/release/mergeReleaseResources/layout-v33_glance_linear_progress_indicator_wrapwidth_expandheight.xml.flat
build	Build with Gradle	2026-06-06T12:25:02.1033845Z Compiling xml file /home/runner/.gradle/caches/8.14/transforms/f85a8706e3d3bf4df310b1b8ed66a067/transformed/material-2.7.2/res/color/m3_dark_text_color_secondary.xml to /home/runner/work/ShizukuPlus/ShizukuPlus/manager/build/intermediates/merged_res/release/mergeReleaseResources/color_m3_dark_text_color_secondary.xml.flat
build	Build with Gradle	2026-06-06T12:25:02.1038181Z Compiling xml file /home/runner/.gradle/caches/8.14/transforms/0a9f0b23f2ae3b3d671937d923da2cba/transformed/glance-appwidget-1.1.1/res/layout-v33/glance_image_fill_bounds_end_bottom.xml to /home/runner/work/ShizukuPlus/ShizukuPlus/manager/build/intermediates/merged_res/release/mergeReleaseResources/layout-v33_glance_image_fill_bounds_end_bottom.xml.flat
build	Build with Gradle	2026-06-06T12:25:02.1042511Z Compiling xml file /home/runner/.gradle/caches/8.14/transforms/a6084efd8e6c9ff951c8e72453f81ad6/transformed/material-1.14.0-beta01/res/color/material_divider_color.xml to /home/runner/work/ShizukuPlus/ShizukuPlus/manager/build/intermediates/merged_res/release/mergeReleaseResources/color_material_divider_color.xml.flat
build	Build with Gradle	2026-06-06T12:25:02.1046425Z Compiling xml file /home/runner/.gradle/caches/8.14/transforms/0a9f0b23f2ae3b3d671937d923da2cba/transformed/glance-appwidget-1.1.1/res/layout-v33/glance_image_fit_start_top.xml to /home/runner/work/ShizukuPlus/ShizukuPlus/manager/build/intermediates/merged_res/release/mergeReleaseResources/layout-v33_glance_image_fit_start_top.xml.flat
build	Build with Gradle	2026-06-06T12:25:02.1080609Z Compiling xml file /home/runner/.gradle/caches/8.14/transforms/a6084efd8e6c9ff951c8e72453f81ad6/transformed/material-1.14.0-beta01/res/drawable/mtrl_checkbox_button_icon_unchecked_indeterminate.xml to /home/runner/work/ShizukuPlus/ShizukuPlus/manager/build/intermediates/merged_res/release/mergeReleaseResources/drawable_mtrl_checkbox_button_icon_unchecked_indeterminate.xml.flat
build	Build with Gradle	2026-06-06T12:25:02.1084892Z Compiling xml file /home/runner/.gradle/caches/8.14/transforms/a18f3e8414f2ba4eb382dd01375ab089/transformed/core-1.16.0/res/drawable/notification_icon_background.xml to /home/runner/work/ShizukuPlus/ShizukuPlus/manager/build/intermediates/merged_res/release/mergeReleaseResources/drawable_notification_icon_background.xml.flat
build	Build with Gradle	2026-06-06T12:25:02.1088745Z Compiling xml file /home/runner/.gradle/caches/8.14/transforms/f3104eb4796c3cb96709ee2563cfb750/transformed/sentry-android-core-8.40.0/res/layout/sentry_dialog_user_feedback.xml to /home/runner/work/ShizukuPlus/ShizukuPlus/manager/build/intermediates/merged_res/release/mergeReleaseResources/layout_sentry_dialog_user_feedback.xml.flat
build	Build with Gradle	2026-06-06T12:25:02.1092720Z Compiling xml file /home/runner/.gradle/caches/8.14/transforms/a6084efd8e6c9ff951c8e72453f81ad6/transformed/material-1.14.0-beta01/res/animator/m3_extended_fab_hide_motion_spec.xml to /home/runner/work/ShizukuPlus/ShizukuPlus/manager/build/intermediates/merged_res/release/mergeReleaseResources/animator_m3_extended_fab_hide_motion_spec.xml.flat
build	Build with Gradle	2026-06-06T12:25:02.1096474Z Compiling xml file /home/runner/.gradle/caches/8.14/transforms/a6084efd8e6c9ff951c8e72453f81ad6/transformed/material-1.14.0-beta01/res/drawable/material_ic_calendar_black_24dp.xml to /home/runner/work/ShizukuPlus/ShizukuPlus/manager/build/intermediates/merged_res/release/mergeReleaseResources/drawable_material_ic_calendar_black_24dp.xml.flat
build	Build with Gradle	2026-06-06T12:25:02.1100357Z Compiling xml file /home/runner/work/ShizukuPlus/ShizukuPlus/manager/src/main/res/menu/apps_management_menu.xml to /home/runner/work/ShizukuPlus/ShizukuPlus/manager/build/intermediates/merged_res/release/mergeReleaseResources/menu_apps_management_menu.xml.flat
build	Build with Gradle	2026-06-06T12:25:02.1104035Z Compiling xml file /home/runner/.gradle/caches/8.14/transforms/a6084efd8e6c9ff951c8e72453f81ad6/transformed/material-1.14.0-beta01/res/color-v31/m3_ref_palette_dynamic_neutral_variant17.xml to /home/runner/work/ShizukuPlus/ShizukuPlus/manager/build/intermediates/merged_res/release/mergeReleaseResources/color-v31_m3_ref_palette_dynamic_neutral_variant17.xml.flat
build	Build with Gradle	2026-06-06T12:25:02.1108397Z Compiling xml file /home/runner/.gradle/caches/8.14/transforms/a6084efd8e6c9ff951c8e72453f81ad6/transformed/material-1.14.0-beta01/res/color-v31/m3_ref_palette_dynamic_neutral17.xml to /home/runner/work/ShizukuPlus/ShizukuPlus/manager/build/intermediates/merged_res/release/mergeReleaseResources/color-v31_m3_ref_palette_dynamic_neutral17.xml.flat
build	Build with Gradle	2026-06-06T12:25:02.1112840Z Compiling xml file /home/runner/.gradle/caches/8.14/transforms/a6084efd8e6c9ff951c8e72453f81ad6/transformed/material-1.14.0-beta01/res/color-v31/m3_ref_palette_dynamic_neutral24.xml to /home/runner/work/ShizukuPlus/ShizukuPlus/manager/build/intermediates/merged_res/release/mergeReleaseResources/color-v31_m3_ref_palette_dynamic_neutral24.xml.flat
build	Build with Gradle	2026-06-06T12:25:02.1117758Z Compiling xml file /home/runner/.gradle/caches/8.14/transforms/0a9f0b23f2ae3b3d671937d923da2cba/transformed/glance-appwidget-1.1.1/res/layout-v33/glance_vertical_grid_five_columns_end_bottom.xml to /home/runner/work/ShizukuPlus/ShizukuPlus/manager/build/intermediates/merged_res/release/mergeReleaseResources/layout-v33_glance_vertical_grid_five_columns_end_bottom.xml.flat
build	Build with Gradle	2026-06-06T12:25:02.1122804Z Compiling xml file /home/runner/.gradle/caches/8.14/transforms/0a9f0b23f2ae3b3d671937d923da2cba/transformed/glance-appwidget-1.1.1/res/layout-v33/glance_vertical_grid_three_columns_expandwidth_wrapheight.xml to /home/runner/work/ShizukuPlus/ShizukuPlus/manager/build/intermediates/merged_res/release/mergeReleaseResources/layout-v33_glance_vertical_grid_three_columns_expandwidth_wrapheight.xml.flat
build	Build with Gradle	2026-06-06T12:25:02.1150399Z Compiling xml file /home/runner/.gradle/caches/8.14/transforms/0a9f0b23f2ae3b3d671937d923da2cba/transformed/glance-appwidget-1.1.1/res/layout-v33/glance_radio_button_backport_center_horizontal_bottom.xml to /home/runner/work/ShizukuPlus/ShizukuPlus/manager/build/intermediates/merged_res/release/mergeReleaseResources/layout-v33_glance_radio_button_backport_center_horizontal_bottom.xml.flat
build	Build with Gradle	2026-06-06T12:25:02.1155021Z Compiling xml file /home/runner/.gradle/caches/8.14/transforms/0a9f0b23f2ae3b3d671937d923da2cba/transformed/glance-appwidget-1.1.1/res/layout/box_start_center_vertical_7children.xml to /home/runner/work/ShizukuPlus/ShizukuPlus/manager/build/intermediates/merged_res/release/mergeReleaseResources/layout_box_start_center_vertical_7children.xml.flat
build	Build with Gradle	2026-06-06T12:25:02.1159040Z Compiling xml file /home/runner/.gradle/caches/8.14/transforms/efa565396efa7c69fa280f54041abb1e/transformed/appcompat-1.6.1/res/drawable/tooltip_frame_dark.xml to /home/runner/work/ShizukuPlus/ShizukuPlus/manager/build/intermediates/merged_res/release/mergeReleaseResources/drawable_tooltip_frame_dark.xml.flat
build	Build with Gradle	2026-06-06T12:25:02.1162456Z Compiling xml file /home/runner/.gradle/caches/8.14/transforms/a6084efd8e6c9ff951c8e72453f81ad6/transformed/material-1.14.0-beta01/res/drawable/m3_tabs_line_indicator.xml to /home/runner/work/ShizukuPlus/ShizukuPlus/manager/build/intermediates/merged_res/release/mergeReleaseResources/drawable_m3_tabs_line_indicator.xml.flat
build	Build with Gradle	2026-06-06T12:25:02.1165913Z Compiling xml file /home/runner/work/ShizukuPlus/ShizukuPlus/manager/src/main/res/drawable/ic_integration_instructions_24.xml to /home/runner/work/ShizukuPlus/ShizukuPlus/manager/build/intermediates/merged_res/release/mergeReleaseResources/drawable_ic_integration_instructions_24.xml.flat
build	Build with Gradle	2026-06-06T12:25:02.1169676Z Compiling xml file /home/runner/.gradle/caches/8.14/transforms/4d1f2d6f8fcd4d0456ade74253b328dd/transformed/simplemenu-preference-1.0.3/res/drawable/simple_menu_item_background.xml to /home/runner/work/ShizukuPlus/ShizukuPlus/manager/build/intermediates/merged_res/release/mergeReleaseResources/drawable_simple_menu_item_background.xml.flat
build	Build with Gradle	2026-06-06T12:25:02.1173892Z Compiling xml file /home/runner/.gradle/caches/8.14/transforms/efa565396efa7c69fa280f54041abb1e/transformed/appcompat-1.6.1/res/interpolator/btn_checkbox_unchecked_mtrl_animation_interpolator_0.xml to /home/runner/work/ShizukuPlus/ShizukuPlus/manager/build/intermediates/merged_res/release/mergeReleaseResources/interpolator_btn_checkbox_unchecked_mtrl_animation_interpolator_0.xml.flat
build	Build with Gradle	2026-06-06T12:25:02.1178786Z Compiling xml file /home/runner/.gradle/caches/8.14/transforms/efa565396efa7c69fa280f54041abb1e/transformed/appcompat-1.6.1/res/layout/abc_action_bar_up_container.xml to /home/runner/work/ShizukuPlus/ShizukuPlus/manager/build/intermediates/merged_res/release/mergeReleaseResources/layout_abc_action_bar_up_container.xml.flat
build	Build with Gradle	2026-06-06T12:25:02.1182707Z Compiling xml file /home/runner/.gradle/caches/8.14/transforms/a6084efd8e6c9ff951c8e72453f81ad6/transformed/material-1.14.0-beta01/res/drawable/material_shape_arch.xml to /home/runner/work/ShizukuPlus/ShizukuPlus/manager/build/intermediates/merged_res/release/mergeReleaseResources/drawable_material_shape_arch.xml.flat
build	Build with Gradle	2026-06-06T12:25:02.1186834Z Compiling xml file /home/runner/.gradle/caches/8.14/transforms/efa565396efa7c69fa280f54041abb1e/transformed/appcompat-1.6.1/res/drawable/abc_btn_default_mtrl_shape.xml to /home/runner/work/ShizukuPlus/ShizukuPlus/manager/build/intermediates/merged_res/release/mergeReleaseResources/drawable_abc_btn_default_mtrl_shape.xml.flat
build	Build with Gradle	2026-06-06T12:25:02.1190922Z Compiling xml file /home/runner/.gradle/caches/8.14/transforms/0a9f0b23f2ae3b3d671937d923da2cba/transformed/glance-appwidget-1.1.1/res/layout/column_end_null_5children.xml to /home/runner/work/ShizukuPlus/ShizukuPlus/manager/build/intermediates/merged_res/release/mergeReleaseResources/layout_column_end_null_5children.xml.flat
build	Build with Gradle	2026-06-06T12:25:02.1195202Z Compiling xml file /home/runner/.gradle/caches/8.14/transforms/0a9f0b23f2ae3b3d671937d923da2cba/transformed/glance-appwidget-1.1.1/res/layout-v33/glance_check_box_backport_center_horizontal_top.xml to /home/runner/work/ShizukuPlus/ShizukuPlus/manager/build/intermediates/merged_res/release/mergeReleaseResources/layout-v33_glance_check_box_backport_center_horizontal_top.xml.flat
build	Build with Gradle	2026-06-06T12:25:02.1199691Z Compiling xml file /home/runner/.gradle/caches/8.14/transforms/0a9f0b23f2ae3b3d671937d923da2cba/transformed/glance-appwidget-1.1.1/res/layout/box_end_top_1children.xml to /home/runner/work/ShizukuPlus/ShizukuPlus/manager/build/intermediates/merged_res/release/mergeReleaseResources/layout_box_end_top_1children.xml.flat
build	Build with Gradle	2026-06-06T12:25:02.1203802Z Compiling xml file /home/runner/.gradle/caches/8.14/transforms/a6084efd8e6c9ff951c8e72453f81ad6/transformed/material-1.14.0-beta01/res/drawable-v24/m3_focus_ring_toolbar_action_bar_item_background.xml to /home/runner/work/ShizukuPlus/ShizukuPlus/manager/build/intermediates/merged_res/release/mergeReleaseResources/drawable-v24_m3_focus_ring_toolbar_action_bar_item_background.xml.flat
build	Build with Gradle	2026-06-06T12:25:02.1209530Z Compiling xml file /home/runner/.gradle/caches/8.14/transforms/0a9f0b23f2ae3b3d671937d923da2cba/transformed/glance-appwidget-1.1.1/res/layout-v33/glance_frame_start_center_vertical.xml to /home/runner/work/ShizukuPlus/ShizukuPlus/manager/build/intermediates/merged_res/release/mergeReleaseResources/layout-v33_glance_frame_start_center_vertical.xml.flat
build	Build with Gradle	2026-06-06T12:25:02.1213305Z Compiling xml file /home/runner/.gradle/caches/8.14/transforms/efa565396efa7c69fa280f54041abb1e/transformed/appcompat-1.6.1/res/anim/abc_popup_exit.xml to /home/runner/work/ShizukuPlus/ShizukuPlus/manager/build/intermediates/merged_res/release/mergeReleaseResources/anim_abc_popup_exit.xml.flat
build	Build with Gradle	2026-06-06T12:25:02.1216681Z Compiling xml file /home/runner/.gradle/caches/8.14/transforms/a6084efd8e6c9ff951c8e72453f81ad6/transformed/material-1.14.0-beta01/res/drawable/material_shape_arrow.xml to /home/runner/work/ShizukuPlus/ShizukuPlus/manager/build/intermediates/merged_res/release/mergeReleaseResources/drawable_material_shape_arrow.xml.flat
build	Build with Gradle	2026-06-06T12:25:02.1220987Z Compiling xml file /home/runner/.gradle/caches/8.14/transforms/a8ffae57e8eb844c745e6c38f24a5dc3/transformed/preference-1.2.1/res/layout/expand_button.xml to /home/runner/work/ShizukuPlus/ShizukuPlus/manager/build/intermediates/merged_res/release/mergeReleaseResources/layout_expand_button.xml.flat
build	Build with Gradle	2026-06-06T12:25:02.1225395Z Compiling xml file /home/runner/.gradle/caches/8.14/transforms/0a9f0b23f2ae3b3d671937d923da2cba/transformed/glance-appwidget-1.1.1/res/layout-v33/glance_image_fill_bounds_wrapwidth_expandheight.xml to /home/runner/work/ShizukuPlus/ShizukuPlus/manager/build/intermediates/merged_res/release/mergeReleaseResources/layout-v33_glance_image_fill_bounds_wrapwidth_expandheight.xml.flat
build	Build with Gradle	2026-06-06T12:25:02.1234379Z Compiling xml file /home/runner/.gradle/caches/8.14/transforms/0a9f0b23f2ae3b3d671937d923da2cba/transformed/glance-appwidget-1.1.1/res/layout/box_end_bottom_10children.xml to /home/runner/work/ShizukuPlus/ShizukuPlus/manager/build/intermediates/merged_res/release/mergeReleaseResources/layout_box_end_bottom_10children.xml.flat
build	Build with Gradle	2026-06-06T12:25:02.1268697Z Compiling xml file /home/runner/work/ShizukuPlus/ShizukuPlus/manager/build/generated/materialThemeBuilder/release/res/color/m3_text_color_on_primary_container.xml to /home/runner/work/ShizukuPlus/ShizukuPlus/manager/build/intermediates/merged_res/release/mergeReleaseResources/color_m3_text_color_on_primary_container.xml.flat
build	Build with Gradle	2026-06-06T12:25:02.1272834Z Compiling xml file /home/runner/work/ShizukuPlus/ShizukuPlus/manager/build/intermediates/incremental/release/mergeReleaseResources/stripped.dir/layout/preference_empty.xml to /home/runner/work/ShizukuPlus/ShizukuPlus/manager/build/intermediates/merged_res/release/mergeReleaseResources/layout_preference_empty.xml.flat
build	Build with Gradle	2026-06-06T12:25:02.1277040Z Compiling xml file /home/runner/.gradle/caches/8.14/transforms/0a9f0b23f2ae3b3d671937d923da2cba/transformed/glance-appwidget-1.1.1/res/layout-v33/glance_vertical_grid_five_columns_start_top.xml to /home/runner/work/ShizukuPlus/ShizukuPlus/manager/build/intermediates/merged_res/release/mergeReleaseResources/layout-v33_glance_vertical_grid_five_columns_start_top.xml.flat
build	Build with Gradle	2026-06-06T12:25:02.1281943Z Compiling xml file /home/runner/.gradle/caches/8.14/transforms/0a9f0b23f2ae3b3d671937d923da2cba/transformed/glance-appwidget-1.1.1/res/layout/radio_column_start_null_0children.xml to /home/runner/work/ShizukuPlus/ShizukuPlus/manager/build/intermediates/merged_res/release/mergeReleaseResources/layout_radio_column_start_null_0children.xml.flat
build	Build with Gradle	2026-06-06T12:25:02.1285422Z Compiling xml file /home/runner/work/ShizukuPlus/ShizukuPlus/manager/src/main/res/xml/shortcuts.xml to /home/runner/work/ShizukuPlus/ShizukuPlus/manager/build/intermediates/merged_res/release/mergeReleaseResources/xml_shortcuts.xml.flat
build	Build with Gradle	2026-06-06T12:25:02.1289279Z Compiling xml file /home/runner/.gradle/caches/8.14/transforms/a6084efd8e6c9ff951c8e72453f81ad6/transformed/material-1.14.0-beta01/res/color/m3_standard_toolbar_icon_button_ripple_color_selector.xml to /home/runner/work/ShizukuPlus/ShizukuPlus/manager/build/intermediates/merged_res/release/mergeReleaseResources/color_m3_standard_toolbar_icon_button_ripple_color_selector.xml.flat
build	Build with Gradle	2026-06-06T12:25:02.1293878Z Compiling xml file /home/runner/.gradle/caches/8.14/transforms/0a9f0b23f2ae3b3d671937d923da2cba/transformed/glance-appwidget-1.1.1/res/layout/box_center_horizontal_top_7children.xml to /home/runner/work/ShizukuPlus/ShizukuPlus/manager/build/intermediates/merged_res/release/mergeReleaseResources/layout_box_center_horizontal_top_7children.xml.flat
build	Build with Gradle	2026-06-06T12:25:02.1328714Z Compiling xml file /home/runner/.gradle/caches/8.14/transforms/a6084efd8e6c9ff951c8e72453f81ad6/transformed/material-1.14.0-beta01/res/color-v31/m3_ref_palette_dynamic_neutral_variant94.xml to /home/runner/work/ShizukuPlus/ShizukuPlus/manager/build/intermediates/merged_res/release/mergeReleaseResources/color-v31_m3_ref_palette_dynamic_neutral_variant94.xml.flat
build	Build with Gradle	2026-06-06T12:25:02.1333228Z Compiling xml file /home/runner/.gradle/caches/8.14/transforms/a18f3e8414f2ba4eb382dd01375ab089/transformed/core-1.16.0/res/drawable/ic_call_answer.xml to /home/runner/work/ShizukuPlus/ShizukuPlus/manager/build/intermediates/merged_res/release/mergeReleaseResources/drawable_ic_call_answer.xml.flat
build	Build with Gradle	2026-06-06T12:25:02.1336622Z Compiling xml file /home/runner/.gradle/caches/8.14/transforms/a6084efd8e6c9ff951c8e72453f81ad6/transformed/material-1.14.0-beta01/res/color/mtrl_tabs_ripple_color.xml to /home/runner/work/ShizukuPlus/ShizukuPlus/manager/build/intermediates/merged_res/release/mergeReleaseResources/color_mtrl_tabs_ripple_color.xml.flat
build	Build with Gradle	2026-06-06T12:25:02.1340414Z Compiling xml file /home/runner/work/ShizukuPlus/ShizukuPlus/manager/src/main/res/drawable/ic_action_about_24.xml to /home/runner/work/ShizukuPlus/ShizukuPlus/manager/build/intermediates/merged_res/release/mergeReleaseResources/drawable_ic_action_about_24.xml.flat
build	Build with Gradle	2026-06-06T12:25:02.1343729Z Compiling xml file /home/runner/.gradle/caches/8.14/transforms/0a9f0b23f2ae3b3d671937d923da2cba/transformed/glance-appwidget-1.1.1/res/layout/row_null_top_3children.xml to /home/runner/work/ShizukuPlus/ShizukuPlus/manager/build/intermediates/merged_res/release/mergeReleaseResources/layout_row_null_top_3children.xml.flat
build	Build with Gradle	2026-06-06T12:25:02.1347882Z Compiling xml file /home/runner/.gradle/caches/8.14/transforms/a6084efd8e6c9ff951c8e72453f81ad6/transformed/material-1.14.0-beta01/res/animator/m3_split_button_chevron_reverse_rotation.xml to /home/runner/work/ShizukuPlus/ShizukuPlus/manager/build/intermediates/merged_res/release/mergeReleaseResources/animator_m3_split_button_chevron_reverse_rotation.xml.flat
build	Build with Gradle	2026-06-06T12:25:02.1352092Z Compiling xml file /home/runner/.gradle/caches/8.14/transforms/a6084efd8e6c9ff951c8e72453f81ad6/transformed/material-1.14.0-beta01/res/drawable/material_shape_clover_4.xml to /home/runner/work/ShizukuPlus/ShizukuPlus/manager/build/intermediates/merged_res/release/mergeReleaseResources/drawable_material_shape_clover_4.xml.flat
build	Build with Gradle	2026-06-06T12:25:02.1356212Z Compiling xml file /home/runner/work/ShizukuPlus/ShizukuPlus/manager/build/generated/materialThemeBuilder/release/res/color/m3_text_color_on_surface_medium_emphasis.xml to /home/runner/work/ShizukuPlus/ShizukuPlus/manager/build/intermediates/merged_res/release/mergeReleaseResources/color_m3_text_color_on_surface_medium_emphasis.xml.flat
build	Build with Gradle	2026-06-06T12:25:02.1385052Z Compiling xml file /home/runner/.gradle/caches/8.14/transforms/0a9f0b23f2ae3b3d671937d923da2cba/transformed/glance-appwidget-1.1.1/res/layout/row_null_top_4children.xml to /home/runner/work/ShizukuPlus/ShizukuPlus/manager/build/intermediates/merged_res/release/mergeReleaseResources/layout_row_null_top_4children.xml.flat
build	Build with Gradle	2026-06-06T12:25:02.1388993Z Compiling xml file /home/runner/work/ShizukuPlus/ShizukuPlus/manager/src/main/res/drawable/ic_science_24.xml to /home/runner/work/ShizukuPlus/ShizukuPlus/manager/build/intermediates/merged_res/release/mergeReleaseResources/drawable_ic_science_24.xml.flat
build	Build with Gradle	2026-06-06T12:25:02.1392843Z Compiling xml file /home/runner/.gradle/caches/8.14/transforms/a6084efd8e6c9ff951c8e72453f81ad6/transformed/material-1.14.0-beta01/res/color/material_personalized_hint_foreground_inverse.xml to /home/runner/work/ShizukuPlus/ShizukuPlus/manager/build/intermediates/merged_res/release/mergeReleaseResources/color_material_personalized_hint_foreground_inverse.xml.flat
build	Build with Gradle	2026-06-06T12:25:02.1397908Z Compiling xml file /home/runner/.gradle/caches/8.14/transforms/0a9f0b23f2ae3b3d671937d923da2cba/transformed/glance-appwidget-1.1.1/res/layout-v33/radio_column_center_horizontal_center_vertical.xml to /home/runner/work/ShizukuPlus/ShizukuPlus/manager/build/intermediates/merged_res/release/mergeReleaseResources/layout-v33_radio_column_center_horizontal_center_vertical.xml.flat
build	Build with Gradle	2026-06-06T12:25:02.1401938Z Compiling xml file /home/runner/.gradle/caches/8.14/transforms/0a9f0b23f2ae3b3d671937d923da2cba/transformed/glance-appwidget-1.1.1/res/layout/box_child_start_center_vertical_group_8.xml to /home/runner/work/ShizukuPlus/ShizukuPlus/manager/build/intermediates/merged_res/release/mergeReleaseResources/layout_box_child_start_center_vertical_group_8.xml.flat
build	Build with Gradle	2026-06-06T12:25:02.1406065Z Compiling xml file /home/runner/.gradle/caches/8.14/transforms/0a9f0b23f2ae3b3d671937d923da2cba/transformed/glance-appwidget-1.1.1/res/layout/box_child_start_center_vertical_group_6.xml to /home/runner/work/ShizukuPlus/ShizukuPlus/manager/build/intermediates/merged_res/release/mergeReleaseResources/layout_box_child_start_center_vertical_group_6.xml.flat
build	Build with Gradle	2026-06-06T12:25:02.1414427Z Compiling xml file /home/runner/.gradle/caches/8.14/transforms/0a9f0b23f2ae3b3d671937d923da2cba/transformed/glance-appwidget-1.1.1/res/layout/box_child_start_center_vertical_group_2.xml to /home/runner/work/ShizukuPlus/ShizukuPlus/manager/build/intermediates/merged_res/release/mergeReleaseResources/layout_box_child_start_center_vertical_group_2.xml.flat
build	Build with Gradle	2026-06-06T12:25:02.1418906Z Compiling xml file /home/runner/.gradle/caches/8.14/transforms/0a9f0b23f2ae3b3d671937d923da2cba/transformed/glance-appwidget-1.1.1/res/layout/glance_image_fill_bounds.xml to /home/runner/work/ShizukuPlus/ShizukuPlus/manager/build/intermediates/merged_res/release/mergeReleaseResources/layout_glance_image_fill_bounds.xml.flat
build	Build with Gradle	2026-06-06T12:25:02.1423158Z Compiling xml file /home/runner/.gradle/caches/8.14/transforms/0a9f0b23f2ae3b3d671937d923da2cba/transformed/glance-appwidget-1.1.1/res/layout-v31/box_child_center_horizontal_bottom_group_0.xml to /home/runner/work/ShizukuPlus/ShizukuPlus/manager/build/intermediates/merged_res/release/mergeReleaseResources/layout-v31_box_child_center_horizontal_bottom_group_0.xml.flat
build	Build with Gradle	2026-06-06T12:25:02.1427720Z Compiling xml file /home/runner/.gradle/caches/8.14/transforms/efa565396efa7c69fa280f54041abb1e/transformed/appcompat-1.6.1/res/anim/btn_checkbox_to_checked_box_inner_merged_animation.xml to /home/runner/work/ShizukuPlus/ShizukuPlus/manager/build/intermediates/merged_res/release/mergeReleaseResources/anim_btn_checkbox_to_checked_box_inner_merged_animation.xml.flat
build	Build with Gradle	2026-06-06T12:25:02.1433010Z Compiling xml file /home/runner/.gradle/caches/8.14/transforms/0a9f0b23f2ae3b3d671937d923da2cba/transformed/glance-appwidget-1.1.1/res/layout-v31/box_child_center_horizontal_bottom_group_4.xml to /home/runner/work/ShizukuPlus/ShizukuPlus/manager/build/intermediates/merged_res/release/mergeReleaseResources/layout-v31_box_child_center_horizontal_bottom_group_4.xml.flat
build	Build with Gradle	2026-06-06T12:25:02.1437639Z Compiling xml file /home/runner/.gradle/caches/8.14/transforms/efa565396efa7c69fa280f54041abb1e/transformed/appcompat-1.6.1/res/color/abc_secondary_text_material_dark.xml to /home/runner/work/ShizukuPlus/ShizukuPlus/manager/build/intermediates/merged_res/release/mergeReleaseResources/color_abc_secondary_text_material_dark.xml.flat
build	Build with Gradle	2026-06-06T12:25:02.1440957Z Compiling xml file /home/runner/work/ShizukuPlus/ShizukuPlus/manager/src/main/res/drawable/ic_empty_search_24.xml to /home/runner/work/ShizukuPlus/ShizukuPlus/manager/build/intermediates/merged_res/release/mergeReleaseResources/drawable_ic_empty_search_24.xml.flat
build	Build with Gradle	2026-06-06T12:25:02.1444437Z Compiling xml file /home/runner/.gradle/caches/8.14/transforms/0a9f0b23f2ae3b3d671937d923da2cba/transformed/glance-appwidget-1.1.1/res/layout/column_start_null_2children.xml to /home/runner/work/ShizukuPlus/ShizukuPlus/manager/build/intermediates/merged_res/release/mergeReleaseResources/layout_column_start_null_2children.xml.flat
build	Build with Gradle	2026-06-06T12:25:02.1448478Z Compiling xml file /home/runner/.gradle/caches/8.14/transforms/0a9f0b23f2ae3b3d671937d923da2cba/transformed/glance-appwidget-1.1.1/res/layout/glance_list.xml to /home/runner/work/ShizukuPlus/ShizukuPlus/manager/build/intermediates/merged_res/release/mergeReleaseResources/layout_glance_list.xml.flat
build	Build with Gradle	2026-06-06T12:25:02.1452051Z Compiling xml file /home/runner/work/ShizukuPlus/ShizukuPlus/manager/src/main/res/drawable/grant_permissions_buttons_bottom.xml to /home/runner/work/ShizukuPlus/ShizukuPlus/manager/build/intermediates/merged_res/release/mergeReleaseResources/drawable_grant_permissions_buttons_bottom.xml.flat
build	Build with Gradle	2026-06-06T12:25:02.1455740Z Compiling xml file /home/runner/.gradle/caches/8.14/transforms/a6084efd8e6c9ff951c8e72453f81ad6/transformed/material-1.14.0-beta01/res/drawable/m3_selectable_item_background.xml to /home/runner/work/ShizukuPlus/ShizukuPlus/manager/build/intermediates/merged_res/release/mergeReleaseResources/drawable_m3_selectable_item_background.xml.flat
build	Build with Gradle	2026-06-06T12:25:02.1486846Z Compiling xml file /home/runner/.gradle/caches/8.14/transforms/a6084efd8e6c9ff951c8e72453f81ad6/transformed/material-1.14.0-beta01/res/layout/mtrl_calendar_day.xml to /home/runner/work/ShizukuPlus/ShizukuPlus/manager/build/intermediates/merged_res/release/mergeReleaseResources/layout_mtrl_calendar_day.xml.flat
build	Build with Gradle	2026-06-06T12:25:02.1491325Z Compiling xml file /home/runner/.gradle/caches/8.14/transforms/0a9f0b23f2ae3b3d671937d923da2cba/transformed/glance-appwidget-1.1.1/res/layout/box_child_center_horizontal_top_group_4.xml to /home/runner/work/ShizukuPlus/ShizukuPlus/manager/build/intermediates/merged_res/release/mergeReleaseResources/layout_box_child_center_horizontal_top_group_4.xml.flat
build	Build with Gradle	2026-06-06T12:25:02.1495967Z Compiling xml file /home/runner/.gradle/caches/8.14/transforms/0a9f0b23f2ae3b3d671937d923da2cba/transformed/glance-appwidget-1.1.1/res/layout/box_child_center_horizontal_top_group_9.xml to /home/runner/work/ShizukuPlus/ShizukuPlus/manager/build/intermediates/merged_res/release/mergeReleaseResources/layout_box_child_center_horizontal_top_group_9.xml.flat
build	Build with Gradle	2026-06-06T12:25:02.1500047Z Compiling xml file /home/runner/work/ShizukuPlus/ShizukuPlus/manager/src/main/res/drawable/ic_outline_open_in_new_24.xml to /home/runner/work/ShizukuPlus/ShizukuPlus/manager/build/intermediates/merged_res/release/mergeReleaseResources/drawable_ic_outline_open_in_new_24.xml.flat
build	Build with Gradle	2026-06-06T12:25:02.1504168Z Compiling xml file /home/runner/.gradle/caches/8.14/transforms/a6084efd8e6c9ff951c8e72453f81ad6/transformed/material-1.14.0-beta01/res/color/mtrl_tabs_icon_color_selector_colored.xml to /home/runner/work/ShizukuPlus/ShizukuPlus/manager/build/intermediates/merged_res/release/mergeReleaseResources/color_mtrl_tabs_icon_color_selector_colored.xml.flat
build	Build with Gradle	2026-06-06T12:25:02.1535713Z Compiling xml file /home/runner/.gradle/caches/8.14/transforms/efa565396efa7c69fa280f54041abb1e/transformed/appcompat-1.6.1/res/layout/abc_screen_simple.xml to /home/runner/work/ShizukuPlus/ShizukuPlus/manager/build/intermediates/merged_res/release/mergeReleaseResources/layout_abc_screen_simple.xml.flat
build	Build with Gradle	2026-06-06T12:25:02.1539797Z Compiling xml file /home/runner/.gradle/caches/8.14/transforms/0a9f0b23f2ae3b3d671937d923da2cba/transformed/glance-appwidget-1.1.1/res/layout/column_start_null_4children.xml to /home/runner/work/ShizukuPlus/ShizukuPlus/manager/build/intermediates/merged_res/release/mergeReleaseResources/layout_column_start_null_4children.xml.flat
build	Build with Gradle	2026-06-06T12:25:02.1543596Z Compiling xml file /home/runner/.gradle/caches/8.14/transforms/0a9f0b23f2ae3b3d671937d923da2cba/transformed/glance-appwidget-1.1.1/res/layout/row_null_bottom_8children.xml to /home/runner/work/ShizukuPlus/ShizukuPlus/manager/build/intermediates/merged_res/release/mergeReleaseResources/layout_row_null_bottom_8children.xml.flat
build	Build with Gradle	2026-06-06T12:25:02.1548011Z Compiling xml file /home/runner/.gradle/caches/8.14/transforms/0a9f0b23f2ae3b3d671937d923da2cba/transformed/glance-appwidget-1.1.1/res/layout-v31/box_child_center_horizontal_bottom_group_8.xml to /home/runner/work/ShizukuPlus/ShizukuPlus/manager/build/intermediates/merged_res/release/mergeReleaseResources/layout-v31_box_child_center_horizontal_bottom_group_8.xml.flat
build	Build with Gradle	2026-06-06T12:25:02.1552474Z Compiling xml file /home/runner/.gradle/caches/8.14/transforms/0a9f0b23f2ae3b3d671937d923da2cba/transformed/glance-appwidget-1.1.1/res/layout/glance_vertical_grid_four_columns.xml to /home/runner/work/ShizukuPlus/ShizukuPlus/manager/build/intermediates/merged_res/release/mergeReleaseResources/layout_glance_vertical_grid_four_columns.xml.flat
build	Build with Gradle	2026-06-06T12:25:02.1556515Z Compiling xml file /home/runner/.gradle/caches/8.14/transforms/a6084efd8e6c9ff951c8e72453f81ad6/transformed/material-1.14.0-beta01/res/layout/mtrl_alert_dialog_title.xml to /home/runner/work/ShizukuPlus/ShizukuPlus/manager/build/intermediates/merged_res/release/mergeReleaseResources/layout_mtrl_alert_dialog_title.xml.flat
build	Build with Gradle	2026-06-06T12:25:02.1589391Z Compiling xml file /home/runner/.gradle/caches/8.14/transforms/a6084efd8e6c9ff951c8e72453f81ad6/transformed/material-1.14.0-beta01/res/anim/m3_side_sheet_enter_from_right.xml to /home/runner/work/ShizukuPlus/ShizukuPlus/manager/build/intermediates/merged_res/release/mergeReleaseResources/anim_m3_side_sheet_enter_from_right.xml.flat
build	Build with Gradle	2026-06-06T12:25:02.1594136Z Compiling xml file /home/runner/work/ShizukuPlus/ShizukuPlus/manager/build/generated/materialThemeBuilder/release/res/color/m3_text_color_on_surface_high_emphasis.xml to /home/runner/work/ShizukuPlus/ShizukuPlus/manager/build/intermediates/merged_res/release/mergeReleaseResources/color_m3_text_color_on_surface_high_emphasis.xml.flat
build	Build with Gradle	2026-06-06T12:25:02.1598644Z Compiling xml file /home/runner/.gradle/caches/8.14/transforms/0a9f0b23f2ae3b3d671937d923da2cba/transformed/glance-appwidget-1.1.1/res/layout/radio_row_null_bottom_10children.xml to /home/runner/work/ShizukuPlus/ShizukuPlus/manager/build/intermediates/merged_res/release/mergeReleaseResources/layout_radio_row_null_bottom_10children.xml.flat
build	Build with Gradle	2026-06-06T12:25:02.1603304Z Compiling xml file /home/runner/.gradle/caches/8.14/transforms/0a9f0b23f2ae3b3d671937d923da2cba/transformed/glance-appwidget-1.1.1/res/layout-v33/glance_text_center_horizontal_center_vertical.xml to /home/runner/work/ShizukuPlus/ShizukuPlus/manager/build/intermediates/merged_res/release/mergeReleaseResources/layout-v33_glance_text_center_horizontal_center_vertical.xml.flat
build	Build with Gradle	2026-06-06T12:25:02.1650136Z Compiling xml file /home/runner/.gradle/caches/8.14/transforms/0a9f0b23f2ae3b3d671937d923da2cba/transformed/glance-appwidget-1.1.1/res/layout-v33/glance_vertical_grid_two_columns_start_top.xml to /home/runner/work/ShizukuPlus/ShizukuPlus/manager/build/intermediates/merged_res/release/mergeReleaseResources/layout-v33_glance_vertical_grid_two_columns_start_top.xml.flat
build	Build with Gradle	2026-06-06T12:25:02.1654694Z Compiling xml file /home/runner/.gradle/caches/8.14/transforms/0a9f0b23f2ae3b3d671937d923da2cba/transformed/glance-appwidget-1.1.1/res/layout-v33/glance_linear_progress_indicator_start_center_vertical.xml to /home/runner/work/ShizukuPlus/ShizukuPlus/manager/build/intermediates/merged_res/release/mergeReleaseResources/layout-v33_glance_linear_progress_indicator_start_center_vertical.xml.flat
build	Build with Gradle	2026-06-06T12:25:02.1689101Z Compiling xml file /home/runner/.gradle/caches/8.14/transforms/a6084efd8e6c9ff951c8e72453f81ad6/transformed/material-1.14.0-beta01/res/drawable/material_shape_cookie_12.xml to /home/runner/work/ShizukuPlus/ShizukuPlus/manager/build/intermediates/merged_res/release/mergeReleaseResources/drawable_material_shape_cookie_12.xml.flat
build	Build with Gradle	2026-06-06T12:25:02.1693597Z Compiling xml file /home/runner/.gradle/caches/8.14/transforms/0a9f0b23f2ae3b3d671937d923da2cba/transformed/glance-appwidget-1.1.1/res/layout/box_start_bottom_10children.xml to /home/runner/work/ShizukuPlus/ShizukuPlus/manager/build/intermediates/merged_res/release/mergeReleaseResources/layout_box_start_bottom_10children.xml.flat
build	Build with Gradle	2026-06-06T12:25:02.1698335Z Compiling xml file /home/runner/.gradle/caches/8.14/transforms/a6084efd8e6c9ff951c8e72453f81ad6/transformed/material-1.14.0-beta01/res/color-v31/m3_dynamic_dark_hint_foreground.xml to /home/runner/work/ShizukuPlus/ShizukuPlus/manager/build/intermediates/merged_res/release/mergeReleaseResources/color-v31_m3_dynamic_dark_hint_foreground.xml.flat
build	Build with Gradle	2026-06-06T12:25:02.1702816Z Compiling xml file /home/runner/work/ShizukuPlus/ShizukuPlus/manager/build/intermediates/incremental/release/mergeReleaseResources/stripped.dir/layout/app_list_empty.xml to /home/runner/work/ShizukuPlus/ShizukuPlus/manager/build/intermediates/merged_res/release/mergeReleaseResources/layout_app_list_empty.xml.flat
build	Build with Gradle	2026-06-06T12:25:02.1707911Z Compiling xml file /home/runner/.gradle/caches/8.14/transforms/0a9f0b23f2ae3b3d671937d923da2cba/transformed/glance-appwidget-1.1.1/res/layout/radio_row_null_center_vertical_6children.xml to /home/runner/work/ShizukuPlus/ShizukuPlus/manager/build/intermediates/merged_res/release/mergeReleaseResources/layout_radio_row_null_center_vertical_6children.xml.flat
build	Build with Gradle	2026-06-06T12:25:02.1713033Z Compiling xml file /home/runner/.gradle/caches/8.14/transforms/0a9f0b23f2ae3b3d671937d923da2cba/transformed/glance-appwidget-1.1.1/res/layout-v33/glance_vertical_grid_four_columns_start_top.xml to /home/runner/work/ShizukuPlus/ShizukuPlus/manager/build/intermediates/merged_res/release/mergeReleaseResources/layout-v33_glance_vertical_grid_four_columns_start_top.xml.flat
build	Build with Gradle	2026-06-06T12:25:02.1739447Z Compiling xml file /home/runner/work/ShizukuPlus/ShizukuPlus/manager/build/intermediates/incremental/release/mergeReleaseResources/stripped.dir/layout/home_activity.xml to /home/runner/work/ShizukuPlus/ShizukuPlus/manager/build/intermediates/merged_res/release/mergeReleaseResources/layout_home_activity.xml.flat
build	Build with Gradle	2026-06-06T12:25:02.1743613Z Compiling xml file /home/runner/work/ShizukuPlus/ShizukuPlus/manager/src/main/res/drawable-v26/ic_default_app_icon.xml to /home/runner/work/ShizukuPlus/ShizukuPlus/manager/build/intermediates/merged_res/release/mergeReleaseResources/drawable-v26_ic_default_app_icon.xml.flat
build	Build with Gradle	2026-06-06T12:25:02.1747663Z Compiling xml file /home/runner/.gradle/caches/8.14/transforms/a6084efd8e6c9ff951c8e72453f81ad6/transformed/material-1.14.0-beta01/res/layout/m3_side_sheet_dialog.xml to /home/runner/work/ShizukuPlus/ShizukuPlus/manager/build/intermediates/merged_res/release/mergeReleaseResources/layout_m3_side_sheet_dialog.xml.flat
build	Build with Gradle	2026-06-06T12:25:02.1751172Z Compiling xml file /home/runner/.gradle/caches/8.14/transforms/a6084efd8e6c9ff951c8e72453f81ad6/transformed/material-1.14.0-beta01/res/color/mtrl_indicator_text_color.xml to /home/runner/work/ShizukuPlus/ShizukuPlus/manager/build/intermediates/merged_res/release/mergeReleaseResources/color_mtrl_indicator_text_color.xml.flat
build	Build with Gradle	2026-06-06T12:25:02.1754989Z Compiling xml file /home/runner/.gradle/caches/8.14/transforms/0a9f0b23f2ae3b3d671937d923da2cba/transformed/glance-appwidget-1.1.1/res/layout-v31/box_child_center_horizontal_top_group_3.xml to /home/runner/work/ShizukuPlus/ShizukuPlus/manager/build/intermediates/merged_res/release/mergeReleaseResources/layout-v31_box_child_center_horizontal_top_group_3.xml.flat
build	Build with Gradle	2026-06-06T12:25:02.1759439Z Compiling xml file /home/runner/.gradle/caches/8.14/transforms/0a9f0b23f2ae3b3d671937d923da2cba/transformed/glance-appwidget-1.1.1/res/layout-v33/glance_image_crop_decorative_wrapwidth_expandheight.xml to /home/runner/work/ShizukuPlus/ShizukuPlus/manager/build/intermediates/merged_res/release/mergeReleaseResources/layout-v33_glance_image_crop_decorative_wrapwidth_expandheight.xml.flat
build	Build with Gradle	2026-06-06T12:25:02.1763568Z Compiling xml file /home/runner/.gradle/caches/8.14/transforms/0a9f0b23f2ae3b3d671937d923da2cba/transformed/glance-appwidget-1.1.1/res/layout-v31/box_child_center_horizontal_top_group_7.xml to /home/runner/work/ShizukuPlus/ShizukuPlus/manager/build/intermediates/merged_res/release/mergeReleaseResources/layout-v31_box_child_center_horizontal_top_group_7.xml.flat
build	Build with Gradle	2026-06-06T12:25:02.1808613Z Compiling xml file /home/runner/.gradle/caches/8.14/transforms/0a9f0b23f2ae3b3d671937d923da2cba/transformed/glance-appwidget-1.1.1/res/drawable/glance_btn_checkbox_unchecked_mtrl.xml to /home/runner/work/ShizukuPlus/ShizukuPlus/manager/build/intermediates/merged_res/release/mergeReleaseResources/drawable_glance_btn_checkbox_unchecked_mtrl.xml.flat
build	Build with Gradle	2026-06-06T12:25:02.1813586Z Compiling xml file /home/runner/.gradle/caches/8.14/transforms/0a9f0b23f2ae3b3d671937d923da2cba/transformed/glance-appwidget-1.1.1/res/layout-v31/box_child_center_horizontal_top_group_9.xml to /home/runner/work/ShizukuPlus/ShizukuPlus/manager/build/intermediates/merged_res/release/mergeReleaseResources/layout-v31_box_child_center_horizontal_top_group_9.xml.flat
build	Build with Gradle	2026-06-06T12:25:02.1818851Z Compiling xml file /home/runner/.gradle/caches/8.14/transforms/0a9f0b23f2ae3b3d671937d923da2cba/transformed/glance-appwidget-1.1.1/res/layout/box_end_center_vertical_2children.xml to /home/runner/work/ShizukuPlus/ShizukuPlus/manager/build/intermediates/merged_res/release/mergeReleaseResources/layout_box_end_center_vertical_2children.xml.flat
build	Build with Gradle	2026-06-06T12:25:02.1823728Z Compiling xml file /home/runner/.gradle/caches/8.14/transforms/a6084efd8e6c9ff951c8e72453f81ad6/transformed/material-1.14.0-beta01/res/color/mtrl_calendar_selected_range.xml to /home/runner/work/ShizukuPlus/ShizukuPlus/manager/build/intermediates/merged_res/release/mergeReleaseResources/color_mtrl_calendar_selected_range.xml.flat
build	Build with Gradle	2026-06-06T12:25:02.1828418Z Compiling xml file /home/runner/.gradle/caches/8.14/transforms/a6084efd8e6c9ff951c8e72453f81ad6/transformed/material-1.14.0-beta01/res/interpolator/m3_sys_motion_easing_emphasized.xml to /home/runner/work/ShizukuPlus/ShizukuPlus/manager/build/intermediates/merged_res/release/mergeReleaseResources/interpolator_m3_sys_motion_easing_emphasized.xml.flat
build	Build with Gradle	2026-06-06T12:25:02.1832898Z Compiling xml file /home/runner/.gradle/caches/8.14/transforms/0a9f0b23f2ae3b3d671937d923da2cba/transformed/glance-appwidget-1.1.1/res/layout-v33/glance_check_box_start_top.xml to /home/runner/work/ShizukuPlus/ShizukuPlus/manager/build/intermediates/merged_res/release/mergeReleaseResources/layout-v33_glance_check_box_start_top.xml.flat
build	Build with Gradle	2026-06-06T12:25:02.1836067Z Compiling xml file /home/runner/work/ShizukuPlus/ShizukuPlus/manager/src/main/res/xml/widget_info.xml to /home/runner/work/ShizukuPlus/ShizukuPlus/manager/build/intermediates/merged_res/release/mergeReleaseResources/xml_widget_info.xml.flat
build	Build with Gradle	2026-06-06T12:25:02.1869975Z Compiling xml file /home/runner/.gradle/caches/8.14/transforms/0a9f0b23f2ae3b3d671937d923da2cba/transformed/glance-appwidget-1.1.1/res/layout-v33/glance_radio_button_start_top.xml to /home/runner/work/ShizukuPlus/ShizukuPlus/manager/build/intermediates/merged_res/release/mergeReleaseResources/layout-v33_glance_radio_button_start_top.xml.flat
build	Build with Gradle	2026-06-06T12:25:02.1873409Z Compiling xml file /home/runner/work/ShizukuPlus/ShizukuPlus/manager/src/main/res/xml/backup_descriptor.xml to /home/runner/work/ShizukuPlus/ShizukuPlus/manager/build/intermediates/merged_res/release/mergeReleaseResources/xml_backup_descriptor.xml.flat
build	Build with Gradle	2026-06-06T12:25:02.1876705Z Compiling xml file /home/runner/.gradle/caches/8.14/transforms/0a9f0b23f2ae3b3d671937d923da2cba/transformed/glance-appwidget-1.1.1/res/drawable/glance_button_ripple.xml to /home/runner/work/ShizukuPlus/ShizukuPlus/manager/build/intermediates/merged_res/release/mergeReleaseResources/drawable_glance_button_ripple.xml.flat
build	Build with Gradle	2026-06-06T12:25:02.1880927Z Compiling xml file /home/runner/.gradle/caches/8.14/transforms/0a9f0b23f2ae3b3d671937d923da2cba/transformed/glance-appwidget-1.1.1/res/layout-v33/glance_list_center_horizontal_top.xml to /home/runner/work/ShizukuPlus/ShizukuPlus/manager/build/intermediates/merged_res/release/mergeReleaseResources/layout-v33_glance_list_center_horizontal_top.xml.flat
build	Build with Gradle	2026-06-06T12:25:02.1885160Z Compiling xml file /home/runner/.gradle/caches/8.14/transforms/f85a8706e3d3bf4df310b1b8ed66a067/transformed/material-2.7.2/res/drawable/ic_expand_less_24dp.xml to /home/runner/work/ShizukuPlus/ShizukuPlus/manager/build/intermediates/merged_res/release/mergeReleaseResources/drawable_ic_expand_less_24dp.xml.flat
build	Build with Gradle	2026-06-06T12:25:02.1889521Z Compiling xml file /home/runner/.gradle/caches/8.14/transforms/a6084efd8e6c9ff951c8e72453f81ad6/transformed/material-1.14.0-beta01/res/drawable-v24/m3_focus_ring_toolbar_selectable_item_background.xml to /home/runner/work/ShizukuPlus/ShizukuPlus/manager/build/intermediates/merged_res/release/mergeReleaseResources/drawable-v24_m3_focus_ring_toolbar_selectable_item_background.xml.flat
build	Build with Gradle	2026-06-06T12:25:02.1893767Z Compiling xml file /home/runner/.gradle/caches/8.14/transforms/a6084efd8e6c9ff951c8e72453f81ad6/transformed/material-1.14.0-beta01/res/drawable/ic_search_black_24.xml to /home/runner/work/ShizukuPlus/ShizukuPlus/manager/build/intermediates/merged_res/release/mergeReleaseResources/drawable_ic_search_black_24.xml.flat
build	Build with Gradle	2026-06-06T12:25:02.1928698Z Compiling xml file /home/runner/.gradle/caches/8.14/transforms/0a9f0b23f2ae3b3d671937d923da2cba/transformed/glance-appwidget-1.1.1/res/layout-v33/glance_vertical_grid_one_column_start_top.xml to /home/runner/work/ShizukuPlus/ShizukuPlus/manager/build/intermediates/merged_res/release/mergeReleaseResources/layout-v33_glance_vertical_grid_one_column_start_top.xml.flat
build	Build with Gradle	2026-06-06T12:25:02.1933125Z Compiling xml file /home/runner/work/ShizukuPlus/ShizukuPlus/manager/build/intermediates/incremental/release/mergeReleaseResources/stripped.dir/layout/activity_service_doctor.xml to /home/runner/work/ShizukuPlus/ShizukuPlus/manager/build/intermediates/merged_res/release/mergeReleaseResources/layout_activity_service_doctor.xml.flat
build	Build with Gradle	2026-06-06T12:25:02.1937581Z Compiling xml file /home/runner/.gradle/caches/8.14/transforms/a6084efd8e6c9ff951c8e72453f81ad6/transformed/material-1.14.0-beta01/res/color/mtrl_switch_track_decoration_tint.xml to /home/runner/work/ShizukuPlus/ShizukuPlus/manager/build/intermediates/merged_res/release/mergeReleaseResources/color_mtrl_switch_track_decoration_tint.xml.flat
build	Build with Gradle	2026-06-06T12:25:02.1942334Z Compiling xml file /home/runner/.gradle/caches/8.14/transforms/0a9f0b23f2ae3b3d671937d923da2cba/transformed/glance-appwidget-1.1.1/res/layout/box_child_center_horizontal_bottom_group_7.xml to /home/runner/work/ShizukuPlus/ShizukuPlus/manager/build/intermediates/merged_res/release/mergeReleaseResources/layout_box_child_center_horizontal_bottom_group_7.xml.flat
build	Build with Gradle	2026-06-06T12:25:02.1946661Z Compiling xml file /home/runner/.gradle/caches/8.14/transforms/4d1f2d6f8fcd4d0456ade74253b328dd/transformed/simplemenu-preference-1.0.3/res/anim/grow_fade_in.xml to /home/runner/work/ShizukuPlus/ShizukuPlus/manager/build/intermediates/merged_res/release/mergeReleaseResources/anim_grow_fade_in.xml.flat
build	Build with Gradle	2026-06-06T12:25:02.1950533Z Compiling xml file /home/runner/work/ShizukuPlus/ShizukuPlus/manager/src/main/res/color/button_background_color.xml to /home/runner/work/ShizukuPlus/ShizukuPlus/manager/build/intermediates/merged_res/release/mergeReleaseResources/color_button_background_color.xml.flat
build	Build with Gradle	2026-06-06T12:25:02.1954532Z Compiling xml file /home/runner/.gradle/caches/8.14/transforms/a6084efd8e6c9ff951c8e72453f81ad6/transformed/material-1.14.0-beta01/res/animator/mtrl_chip_state_list_anim.xml to /home/runner/work/ShizukuPlus/ShizukuPlus/manager/build/intermediates/merged_res/release/mergeReleaseResources/animator_mtrl_chip_state_list_anim.xml.flat
build	Build with Gradle	2026-06-06T12:25:02.1989882Z Compiling xml file /home/runner/.gradle/caches/8.14/transforms/0a9f0b23f2ae3b3d671937d923da2cba/transformed/glance-appwidget-1.1.1/res/layout/box_child_center_horizontal_bottom_group_3.xml to /home/runner/work/ShizukuPlus/ShizukuPlus/manager/build/intermediates/merged_res/release/mergeReleaseResources/layout_box_child_center_horizontal_bottom_group_3.xml.flat
build	Build with Gradle	2026-06-06T12:25:02.1994076Z Compiling xml file /home/runner/work/ShizukuPlus/ShizukuPlus/manager/build/generated/materialThemeBuilder/release/res/color/m3_text_color_on_error.xml to /home/runner/work/ShizukuPlus/ShizukuPlus/manager/build/intermediates/merged_res/release/mergeReleaseResources/color_m3_text_color_on_error.xml.flat
build	Build with Gradle	2026-06-06T12:25:02.1998327Z Compiling xml file /home/runner/.gradle/caches/8.14/transforms/a6084efd8e6c9ff951c8e72453f81ad6/transformed/material-1.14.0-beta01/res/color/m3_dark_hint_foreground.xml to /home/runner/work/ShizukuPlus/ShizukuPlus/manager/build/intermediates/merged_res/release/mergeReleaseResources/color_m3_dark_hint_foreground.xml.flat
build	Build with Gradle	2026-06-06T12:25:02.2002798Z Compiling xml file /home/runner/.gradle/caches/8.14/transforms/0a9f0b23f2ae3b3d671937d923da2cba/transformed/glance-appwidget-1.1.1/res/layout-v33/glance_radio_button_start_center_vertical.xml to /home/runner/work/ShizukuPlus/ShizukuPlus/manager/build/intermediates/merged_res/release/mergeReleaseResources/layout-v33_glance_radio_button_start_center_vertical.xml.flat
build	Build with Gradle	2026-06-06T12:25:02.2007552Z Compiling xml file /home/runner/.gradle/caches/8.14/transforms/3496351281a372f59379614fd15c5436/transformed/fragment-1.8.7/res/animator/fragment_fade_enter.xml to /home/runner/work/ShizukuPlus/ShizukuPlus/manager/build/intermediates/merged_res/release/mergeReleaseResources/animator_fragment_fade_enter.xml.flat
build	Build with Gradle	2026-06-06T12:25:02.2011995Z Compiling xml file /home/runner/.gradle/caches/8.14/transforms/0a9f0b23f2ae3b3d671937d923da2cba/transformed/glance-appwidget-1.1.1/res/layout-v33/glance_circular_progress_indicator_end_bottom.xml to /home/runner/work/ShizukuPlus/ShizukuPlus/manager/build/intermediates/merged_res/release/mergeReleaseResources/layout-v33_glance_circular_progress_indicator_end_bottom.xml.flat
build	Build with Gradle	2026-06-06T12:25:02.2016762Z Compiling xml file /home/runner/.gradle/caches/8.14/transforms/a6084efd8e6c9ff951c8e72453f81ad6/transformed/material-1.14.0-beta01/res/color-v31/m3_ref_palette_dynamic_neutral96.xml to /home/runner/work/ShizukuPlus/ShizukuPlus/manager/build/intermediates/merged_res/release/mergeReleaseResources/color-v31_m3_ref_palette_dynamic_neutral96.xml.flat
build	Build with Gradle	2026-06-06T12:25:02.2051660Z Compiling xml file /home/runner/.gradle/caches/8.14/transforms/0a9f0b23f2ae3b3d671937d923da2cba/transformed/glance-appwidget-1.1.1/res/color/glance_default_radio_button.xml to /home/runner/work/ShizukuPlus/ShizukuPlus/manager/build/intermediates/merged_res/release/mergeReleaseResources/color_glance_default_radio_button.xml.flat
build	Build with Gradle	2026-06-06T12:25:02.2056002Z Compiling xml file /home/runner/.gradle/caches/8.14/transforms/0a9f0b23f2ae3b3d671937d923da2cba/transformed/glance-appwidget-1.1.1/res/layout/box_start_bottom_4children.xml to /home/runner/work/ShizukuPlus/ShizukuPlus/manager/build/intermediates/merged_res/release/mergeReleaseResources/layout_box_start_bottom_4children.xml.flat
build	Build with Gradle	2026-06-06T12:25:02.2060230Z Compiling xml file /home/runner/.gradle/caches/8.14/transforms/a6084efd8e6c9ff951c8e72453f81ad6/transformed/material-1.14.0-beta01/res/color/m3_filled_icon_button_container_color_selector.xml to /home/runner/work/ShizukuPlus/ShizukuPlus/manager/build/intermediates/merged_res/release/mergeReleaseResources/color_m3_filled_icon_button_container_color_selector.xml.flat
build	Build with Gradle	2026-06-06T12:25:02.2064348Z Compiling xml file /home/runner/.gradle/caches/8.14/transforms/0a9f0b23f2ae3b3d671937d923da2cba/transformed/glance-appwidget-1.1.1/res/layout/box_center_horizontal_center_vertical_8children.xml to /home/runner/work/ShizukuPlus/ShizukuPlus/manager/build/intermediates/merged_res/release/mergeReleaseResources/layout_box_center_horizontal_center_vertical_8children.xml.flat
build	Build with Gradle	2026-06-06T12:25:02.2068642Z Compiling xml file /home/runner/.gradle/caches/8.14/transforms/0a9f0b23f2ae3b3d671937d923da2cba/transformed/glance-appwidget-1.1.1/res/layout-v31/box_child_end_top_group_2.xml to /home/runner/work/ShizukuPlus/ShizukuPlus/manager/build/intermediates/merged_res/release/mergeReleaseResources/layout-v31_box_child_end_top_group_2.xml.flat
build	Build with Gradle	2026-06-06T12:25:02.2072441Z Compiling xml file /home/runner/.gradle/caches/8.14/transforms/0a9f0b23f2ae3b3d671937d923da2cba/transformed/glance-appwidget-1.1.1/res/layout-v31/box_child_end_top_group_6.xml to /home/runner/work/ShizukuPlus/ShizukuPlus/manager/build/intermediates/merged_res/release/mergeReleaseResources/layout-v31_box_child_end_top_group_6.xml.flat
build	Build with Gradle	2026-06-06T12:25:02.2076572Z Compiling xml file /home/runner/.gradle/caches/8.14/transforms/a6084efd8e6c9ff951c8e72453f81ad6/transformed/material-1.14.0-beta01/res/color/mtrl_filled_background_color.xml to /home/runner/work/ShizukuPlus/ShizukuPlus/manager/build/intermediates/merged_res/release/mergeReleaseResources/color_mtrl_filled_background_color.xml.flat
build	Build with Gradle	2026-06-06T12:25:02.2110754Z Compiling xml file /home/runner/.gradle/caches/8.14/transforms/a6084efd8e6c9ff951c8e72453f81ad6/transformed/material-1.14.0-beta01/res/drawable/design_ic_visibility.xml to /home/runner/work/ShizukuPlus/ShizukuPlus/manager/build/intermediates/merged_res/release/mergeReleaseResources/drawable_design_ic_visibility.xml.flat
build	Build with Gradle	2026-06-06T12:25:02.2114710Z Compiling xml file /home/runner/.gradle/caches/8.14/transforms/0a9f0b23f2ae3b3d671937d923da2cba/transformed/glance-appwidget-1.1.1/res/layout/box_child_end_center_vertical_group_9.xml to /home/runner/work/ShizukuPlus/ShizukuPlus/manager/build/intermediates/merged_res/release/mergeReleaseResources/layout_box_child_end_center_vertical_group_9.xml.flat
build	Build with Gradle	2026-06-06T12:25:02.2118815Z Compiling xml file /home/runner/.gradle/caches/8.14/transforms/0a9f0b23f2ae3b3d671937d923da2cba/transformed/glance-appwidget-1.1.1/res/layout/box_child_end_center_vertical_group_6.xml to /home/runner/work/ShizukuPlus/ShizukuPlus/manager/build/intermediates/merged_res/release/mergeReleaseResources/layout_box_child_end_center_vertical_group_6.xml.flat
build	Build with Gradle	2026-06-06T12:25:02.2123609Z Compiling xml file /home/runner/.gradle/caches/8.14/transforms/0a9f0b23f2ae3b3d671937d923da2cba/transformed/glance-appwidget-1.1.1/res/layout/box_child_end_center_vertical_group_2.xml to /home/runner/work/ShizukuPlus/ShizukuPlus/manager/build/intermediates/merged_res/release/mergeReleaseResources/layout_box_child_end_center_vertical_group_2.xml.flat
build	Build with Gradle	2026-06-06T12:25:02.2127186Z Compiling xml file /home/runner/.gradle/caches/8.14/transforms/a6084efd8e6c9ff951c8e72453f81ad6/transformed/material-1.14.0-beta01/res/color/mtrl_outlined_stroke_color.xml to /home/runner/work/ShizukuPlus/ShizukuPlus/manager/build/intermediates/merged_res/release/mergeReleaseResources/color_mtrl_outlined_stroke_color.xml.flat
build	Build with Gradle	2026-06-06T12:25:02.2131823Z Compiling xml file /home/runner/.gradle/caches/8.14/transforms/a6084efd8e6c9ff951c8e72453f81ad6/transformed/material-1.14.0-beta01/res/color-v31/m3_dynamic_dark_highlighted_text.xml to /home/runner/work/ShizukuPlus/ShizukuPlus/manager/build/intermediates/merged_res/release/mergeReleaseResources/color-v31_m3_dynamic_dark_highlighted_text.xml.flat
build	Build with Gradle	2026-06-06T12:25:02.2136074Z Compiling xml file /home/runner/.gradle/caches/8.14/transforms/efa565396efa7c69fa280f54041abb1e/transformed/appcompat-1.6.1/res/drawable/btn_radio_off_mtrl.xml to /home/runner/work/ShizukuPlus/ShizukuPlus/manager/build/intermediates/merged_res/release/mergeReleaseResources/drawable_btn_radio_off_mtrl.xml.flat
build	Build with Gradle	2026-06-06T12:25:02.2171174Z Compiling xml file /home/runner/.gradle/caches/8.14/transforms/0a9f0b23f2ae3b3d671937d923da2cba/transformed/glance-appwidget-1.1.1/res/layout-v31/box_child_end_bottom_group_0.xml to /home/runner/work/ShizukuPlus/ShizukuPlus/manager/build/intermediates/merged_res/release/mergeReleaseResources/layout-v31_box_child_end_bottom_group_0.xml.flat
build	Build with Gradle	2026-06-06T12:25:02.2175518Z Compiling xml file /home/runner/.gradle/caches/8.14/transforms/0a9f0b23f2ae3b3d671937d923da2cba/transformed/glance-appwidget-1.1.1/res/layout-v31/box_child_end_bottom_group_3.xml to /home/runner/work/ShizukuPlus/ShizukuPlus/manager/build/intermediates/merged_res/release/mergeReleaseResources/layout-v31_box_child_end_bottom_group_3.xml.flat
build	Build with Gradle	2026-06-06T12:25:02.2180109Z Compiling xml file /home/runner/.gradle/caches/8.14/transforms/a6084efd8e6c9ff951c8e72453f81ad6/transformed/material-1.14.0-beta01/res/color/m3_list_item_label_text_color_selector.xml to /home/runner/work/ShizukuPlus/ShizukuPlus/manager/build/intermediates/merged_res/release/mergeReleaseResources/color_m3_list_item_label_text_color_selector.xml.flat
build	Build with Gradle	2026-06-06T12:25:02.2184829Z Compiling xml file /home/runner/.gradle/caches/8.14/transforms/a6084efd8e6c9ff951c8e72453f81ad6/transformed/material-1.14.0-beta01/res/color/material_slider_inactive_tick_marks_color.xml to /home/runner/work/ShizukuPlus/ShizukuPlus/manager/build/intermediates/merged_res/release/mergeReleaseResources/color_material_slider_inactive_tick_marks_color.xml.flat
build	Build with Gradle	2026-06-06T12:25:02.2220326Z Compiling xml file /home/runner/.gradle/caches/8.14/transforms/0a9f0b23f2ae3b3d671937d923da2cba/transformed/glance-appwidget-1.1.1/res/layout/box_center_horizontal_center_vertical_1children.xml to /home/runner/work/ShizukuPlus/ShizukuPlus/manager/build/intermediates/merged_res/release/mergeReleaseResources/layout_box_center_horizontal_center_vertical_1children.xml.flat
build	Build with Gradle	2026-06-06T12:25:02.2225442Z Compiling xml file /home/runner/.gradle/caches/8.14/transforms/a6084efd8e6c9ff951c8e72453f81ad6/transformed/material-1.14.0-beta01/res/color/m3_slider_thumb_color_legacy.xml to /home/runner/work/ShizukuPlus/ShizukuPlus/manager/build/intermediates/merged_res/release/mergeReleaseResources/color_m3_slider_thumb_color_legacy.xml.flat
build	Build with Gradle	2026-06-06T12:25:02.2230053Z Compiling xml file /home/runner/.gradle/caches/8.14/transforms/a6084efd8e6c9ff951c8e72453f81ad6/transformed/material-1.14.0-beta01/res/drawable/design_fab_background.xml to /home/runner/work/ShizukuPlus/ShizukuPlus/manager/build/intermediates/merged_res/release/mergeReleaseResources/drawable_design_fab_background.xml.flat
build	Build with Gradle	2026-06-06T12:25:02.2234763Z Compiling xml file /home/runner/.gradle/caches/8.14/transforms/0a9f0b23f2ae3b3d671937d923da2cba/transformed/glance-appwidget-1.1.1/res/layout-v33/radio_column_expandwidth_wrapheight.xml to /home/runner/work/ShizukuPlus/ShizukuPlus/manager/build/intermediates/merged_res/release/mergeReleaseResources/layout-v33_radio_column_expandwidth_wrapheight.xml.flat
build	Build with Gradle	2026-06-06T12:25:02.2239207Z Compiling xml file /home/runner/work/ShizukuPlus/ShizukuPlus/manager/src/main/res/drawable/ic_outline_play_arrow_24.xml to /home/runner/work/ShizukuPlus/ShizukuPlus/manager/build/intermediates/merged_res/release/mergeReleaseResources/drawable_ic_outline_play_arrow_24.xml.flat
build	Build with Gradle	2026-06-06T12:25:02.2242910Z Compiling xml file /home/runner/.gradle/caches/8.14/transforms/f85a8706e3d3bf4df310b1b8ed66a067/transformed/material-2.7.2/res/layout/rd_alert_dialog_title.xml to /home/runner/work/ShizukuPlus/ShizukuPlus/manager/build/intermediates/merged_res/release/mergeReleaseResources/layout_rd_alert_dialog_title.xml.flat
build	Build with Gradle	2026-06-06T12:25:02.2246515Z Compiling xml file /home/runner/.gradle/caches/8.14/transforms/0a9f0b23f2ae3b3d671937d923da2cba/transformed/glance-appwidget-1.1.1/res/layout-v33/glance_image_fill_bounds_expandwidth_wrapheight.xml to /home/runner/work/ShizukuPlus/ShizukuPlus/manager/build/intermediates/merged_res/release/mergeReleaseResources/layout-v33_glance_image_fill_bounds_expandwidth_wrapheight.xml.flat
build	Build with Gradle	2026-06-06T12:25:02.2270189Z Compiling xml file /home/runner/work/ShizukuPlus/ShizukuPlus/manager/src/main/res/drawable/ic_warning_24.xml to /home/runner/work/ShizukuPlus/ShizukuPlus/manager/build/intermediates/merged_res/release/mergeReleaseResources/drawable_ic_warning_24.xml.flat
build	Build with Gradle	2026-06-06T12:25:02.2274275Z Compiling xml file /home/runner/.gradle/caches/8.14/transforms/0a9f0b23f2ae3b3d671937d923da2cba/transformed/glance-appwidget-1.1.1/res/layout/column_child_start_null_group_3.xml to /home/runner/work/ShizukuPlus/ShizukuPlus/manager/build/intermediates/merged_res/release/mergeReleaseResources/layout_column_child_start_null_group_3.xml.flat
build	Build with Gradle	2026-06-06T12:25:02.2278806Z Compiling xml file /home/runner/.gradle/caches/8.14/transforms/0a9f0b23f2ae3b3d671937d923da2cba/transformed/glance-appwidget-1.1.1/res/layout/column_child_start_null_group_6.xml to /home/runner/work/ShizukuPlus/ShizukuPlus/manager/build/intermediates/merged_res/release/mergeReleaseResources/layout_column_child_start_null_group_6.xml.flat
build	Build with Gradle	2026-06-06T12:25:02.2282577Z Compiling xml file /home/runner/.gradle/caches/8.14/transforms/0a9f0b23f2ae3b3d671937d923da2cba/transformed/glance-appwidget-1.1.1/res/layout/column_child_start_null_group_8.xml to /home/runner/work/ShizukuPlus/ShizukuPlus/manager/build/intermediates/merged_res/release/mergeReleaseResources/layout_column_child_start_null_group_8.xml.flat
build	Build with Gradle	2026-06-06T12:25:02.2286527Z Compiling xml file /home/runner/.gradle/caches/8.14/transforms/0a9f0b23f2ae3b3d671937d923da2cba/transformed/glance-appwidget-1.1.1/res/layout-v33/glance_image_crop_decorative_start_bottom.xml to /home/runner/work/ShizukuPlus/ShizukuPlus/manager/build/intermediates/merged_res/release/mergeReleaseResources/layout-v33_glance_image_crop_decorative_start_bottom.xml.flat
build	Build with Gradle	2026-06-06T12:25:02.2290993Z Compiling xml file /home/runner/work/ShizukuPlus/ShizukuPlus/manager/src/main/res/drawable/ic_smartphone_24.xml to /home/runner/work/ShizukuPlus/ShizukuPlus/manager/build/intermediates/merged_res/release/mergeReleaseResources/drawable_ic_smartphone_24.xml.flat
build	Build with Gradle	2026-06-06T12:25:02.2294967Z Compiling xml file /home/runner/.gradle/caches/8.14/transforms/a6084efd8e6c9ff951c8e72453f81ad6/transformed/material-1.14.0-beta01/res/layout/material_clock_period_toggle.xml to /home/runner/work/ShizukuPlus/ShizukuPlus/manager/build/intermediates/merged_res/release/mergeReleaseResources/layout_material_clock_period_toggle.xml.flat
build	Build with Gradle	2026-06-06T12:25:02.2339674Z Compiling xml file /home/runner/.gradle/caches/8.14/transforms/0a9f0b23f2ae3b3d671937d923da2cba/transformed/glance-appwidget-1.1.1/res/layout-v33/glance_frame_end_bottom.xml to /home/runner/work/ShizukuPlus/ShizukuPlus/manager/build/intermediates/merged_res/release/mergeReleaseResources/layout-v33_glance_frame_end_bottom.xml.flat
build	Build with Gradle	2026-06-06T12:25:02.2344485Z Compiling xml file /home/runner/.gradle/caches/8.14/transforms/a6084efd8e6c9ff951c8e72453f81ad6/transformed/material-1.14.0-beta01/res/drawable-v24/m3_focus_ring_item_background_borderless.xml to /home/runner/work/ShizukuPlus/ShizukuPlus/manager/build/intermediates/merged_res/release/mergeReleaseResources/drawable-v24_m3_focus_ring_item_background_borderless.xml.flat
build	Build with Gradle	2026-06-06T12:25:02.2349390Z Compiling xml file /home/runner/.gradle/caches/8.14/transforms/0a9f0b23f2ae3b3d671937d923da2cba/transformed/glance-appwidget-1.1.1/res/layout/row_child_null_center_vertical_group_6.xml to /home/runner/work/ShizukuPlus/ShizukuPlus/manager/build/intermediates/merged_res/release/mergeReleaseResources/layout_row_child_null_center_vertical_group_6.xml.flat
build	Build with Gradle	2026-06-06T12:25:02.2353694Z Compiling xml file /home/runner/.gradle/caches/8.14/transforms/0a9f0b23f2ae3b3d671937d923da2cba/transformed/glance-appwidget-1.1.1/res/layout/row_child_null_center_vertical_group_2.xml to /home/runner/work/ShizukuPlus/ShizukuPlus/manager/build/intermediates/merged_res/release/mergeReleaseResources/layout_row_child_null_center_vertical_group_2.xml.flat
build	Build with Gradle	2026-06-06T12:25:02.2357743Z Compiling xml file /home/runner/.gradle/caches/8.14/transforms/a6084efd8e6c9ff951c8e72453f81ad6/transformed/material-1.14.0-beta01/res/color/m3expressive_bottom_nav_item_ripple_tint.xml to /home/runner/work/ShizukuPlus/ShizukuPlus/manager/build/intermediates/merged_res/release/mergeReleaseResources/color_m3expressive_bottom_nav_item_ripple_tint.xml.flat
build	Build with Gradle	2026-06-06T12:25:02.2361604Z Compiling xml file /home/runner/.gradle/caches/8.14/transforms/0a9f0b23f2ae3b3d671937d923da2cba/transformed/glance-appwidget-1.1.1/res/layout/complex_expand_wrap.xml to /home/runner/work/ShizukuPlus/ShizukuPlus/manager/build/intermediates/merged_res/release/mergeReleaseResources/layout_complex_expand_wrap.xml.flat
build	Build with Gradle	2026-06-06T12:25:02.2365425Z Compiling xml file /home/runner/.gradle/caches/8.14/transforms/a6084efd8e6c9ff951c8e72453f81ad6/transformed/material-1.14.0-beta01/res/drawable/design_ic_visibility_off.xml to /home/runner/work/ShizukuPlus/ShizukuPlus/manager/build/intermediates/merged_res/release/mergeReleaseResources/drawable_design_ic_visibility_off.xml.flat
build	Build with Gradle	2026-06-06T12:25:02.2399690Z Compiling xml file /home/runner/.gradle/caches/8.14/transforms/a6084efd8e6c9ff951c8e72453f81ad6/transformed/material-1.14.0-beta01/res/color-v31/m3_ref_palette_dynamic_neutral6.xml to /home/runner/work/ShizukuPlus/ShizukuPlus/manager/build/intermediates/merged_res/release/mergeReleaseResources/color-v31_m3_ref_palette_dynamic_neutral6.xml.flat
build	Build with Gradle	2026-06-06T12:25:02.2403115Z Compiling xml file /home/runner/.gradle/caches/8.14/transforms/efa565396efa7c69fa280f54041abb1e/transformed/appcompat-1.6.1/res/anim/abc_popup_enter.xml to /home/runner/work/ShizukuPlus/ShizukuPlus/manager/build/intermediates/merged_res/release/mergeReleaseResources/anim_abc_popup_enter.xml.flat
build	Build with Gradle	2026-06-06T12:25:02.2406093Z Compiling xml file /home/runner/work/ShizukuPlus/ShizukuPlus/manager/src/main/res/drawable/ic_add_24.xml to /home/runner/work/ShizukuPlus/ShizukuPlus/manager/build/intermediates/merged_res/release/mergeReleaseResources/drawable_ic_add_24.xml.flat
build	Build with Gradle	2026-06-06T12:25:02.2409790Z Compiling xml file /home/runner/.gradle/caches/8.14/transforms/0a9f0b23f2ae3b3d671937d923da2cba/transformed/glance-appwidget-1.1.1/res/layout/box_end_center_vertical_5children.xml to /home/runner/work/ShizukuPlus/ShizukuPlus/manager/build/intermediates/merged_res/release/mergeReleaseResources/layout_box_end_center_vertical_5children.xml.flat
build	Build with Gradle	2026-06-06T12:25:02.2413497Z Compiling xml file /home/runner/.gradle/caches/8.14/transforms/a6084efd8e6c9ff951c8e72453f81ad6/transformed/material-1.14.0-beta01/res/layout/design_navigation_menu.xml to /home/runner/work/ShizukuPlus/ShizukuPlus/manager/build/intermediates/merged_res/release/mergeReleaseResources/layout_design_navigation_menu.xml.flat
build	Build with Gradle	2026-06-06T12:25:02.2417552Z Compiling xml file /home/runner/.gradle/caches/8.14/transforms/0a9f0b23f2ae3b3d671937d923da2cba/transformed/glance-appwidget-1.1.1/res/layout/glance_switch_text.xml to /home/runner/work/ShizukuPlus/ShizukuPlus/manager/build/intermediates/merged_res/release/mergeReleaseResources/layout_glance_switch_text.xml.flat
build	Build with Gradle	2026-06-06T12:25:02.2420881Z Compiling xml file /home/runner/work/ShizukuPlus/ShizukuPlus/manager/src/main/res/drawable/ic_root_24.xml to /home/runner/work/ShizukuPlus/ShizukuPlus/manager/build/intermediates/merged_res/release/mergeReleaseResources/drawable_ic_root_24.xml.flat
build	Build with Gradle	2026-06-06T12:25:02.2451109Z Compiling xml file /home/runner/.gradle/caches/8.14/transforms/0a9f0b23f2ae3b3d671937d923da2cba/transformed/glance-appwidget-1.1.1/res/layout-v33/glance_image_crop_decorative_center_horizontal_top.xml to /home/runner/work/ShizukuPlus/ShizukuPlus/manager/build/intermediates/merged_res/release/mergeReleaseResources/layout-v33_glance_image_crop_decorative_center_horizontal_top.xml.flat
build	Build with Gradle	2026-06-06T12:25:02.2455769Z Compiling xml file /home/runner/.gradle/caches/8.14/transforms/a6084efd8e6c9ff951c8e72453f81ad6/transformed/material-1.14.0-beta01/res/xml/m3_button_group_child_size_change.xml to /home/runner/work/ShizukuPlus/ShizukuPlus/manager/build/intermediates/merged_res/release/mergeReleaseResources/xml_m3_button_group_child_size_change.xml.flat
build	Build with Gradle	2026-06-06T12:25:02.2460074Z Compiling xml file /home/runner/work/ShizukuPlus/ShizukuPlus/manager/build/generated/materialThemeBuilder/release/res/color/m3_text_color_on_background_medium_emphasis.xml to /home/runner/work/ShizukuPlus/ShizukuPlus/manager/build/intermediates/merged_res/release/mergeReleaseResources/color_m3_text_color_on_background_medium_emphasis.xml.flat
build	Build with Gradle	2026-06-06T12:25:02.2464758Z Compiling xml file /home/runner/.gradle/caches/8.14/transforms/0a9f0b23f2ae3b3d671937d923da2cba/transformed/glance-appwidget-1.1.1/res/layout/glance_invalid_list_item.xml to /home/runner/work/ShizukuPlus/ShizukuPlus/manager/build/intermediates/merged_res/release/mergeReleaseResources/layout_glance_invalid_list_item.xml.flat
build	Build with Gradle	2026-06-06T12:25:02.2469155Z Compiling xml file /home/runner/.gradle/caches/8.14/transforms/0a9f0b23f2ae3b3d671937d923da2cba/transformed/glance-appwidget-1.1.1/res/layout/row_null_top_1children.xml to /home/runner/work/ShizukuPlus/ShizukuPlus/manager/build/intermediates/merged_res/release/mergeReleaseResources/layout_row_null_top_1children.xml.flat
build	Build with Gradle	2026-06-06T12:25:02.2498865Z Compiling xml file /home/runner/.gradle/caches/8.14/transforms/0a9f0b23f2ae3b3d671937d923da2cba/transformed/glance-appwidget-1.1.1/res/layout/glance_check_box.xml to /home/runner/work/ShizukuPlus/ShizukuPlus/manager/build/intermediates/merged_res/release/mergeReleaseResources/layout_glance_check_box.xml.flat
build	Build with Gradle	2026-06-06T12:25:02.2503266Z Compiling xml file /home/runner/.gradle/caches/8.14/transforms/b1caf7903885e6dfd466268b50bb28e5/transformed/core-splashscreen-1.0.1/res/drawable-v23/compat_splash_screen_no_icon_background.xml to /home/runner/work/ShizukuPlus/ShizukuPlus/manager/build/intermediates/merged_res/release/mergeReleaseResources/drawable-v23_compat_splash_screen_no_icon_background.xml.flat
build	Build with Gradle	2026-06-06T12:25:02.2507576Z Compiling xml file /home/runner/.gradle/caches/8.14/transforms/0a9f0b23f2ae3b3d671937d923da2cba/transformed/glance-appwidget-1.1.1/res/layout-v33/glance_button_center_horizontal_top.xml to /home/runner/work/ShizukuPlus/ShizukuPlus/manager/build/intermediates/merged_res/release/mergeReleaseResources/layout-v33_glance_button_center_horizontal_top.xml.flat
build	Build with Gradle	2026-06-06T12:25:02.2511422Z Compiling xml file /home/runner/.gradle/caches/8.14/transforms/f3104eb4796c3cb96709ee2563cfb750/transformed/sentry-android-core-8.40.0/res/drawable/sentry_oval_button_ripple_background.xml to /home/runner/work/ShizukuPlus/ShizukuPlus/manager/build/intermediates/merged_res/release/mergeReleaseResources/drawable_sentry_oval_button_ripple_background.xml.flat
build	Build with Gradle	2026-06-06T12:25:02.2515636Z Compiling xml file /home/runner/.gradle/caches/8.14/transforms/0a9f0b23f2ae3b3d671937d923da2cba/transformed/glance-appwidget-1.1.1/res/layout/radio_column_end_null_8children.xml to /home/runner/work/ShizukuPlus/ShizukuPlus/manager/build/intermediates/merged_res/release/mergeReleaseResources/layout_radio_column_end_null_8children.xml.flat
build	Build with Gradle	2026-06-06T12:25:02.2519938Z Compiling xml file /home/runner/.gradle/caches/8.14/transforms/0a9f0b23f2ae3b3d671937d923da2cba/transformed/glance-appwidget-1.1.1/res/layout/row_null_center_vertical_8children.xml to /home/runner/work/ShizukuPlus/ShizukuPlus/manager/build/intermediates/merged_res/release/mergeReleaseResources/layout_row_null_center_vertical_8children.xml.flat
build	Build with Gradle	2026-06-06T12:25:02.2548895Z Compiling xml file /home/runner/.gradle/caches/8.14/transforms/0a9f0b23f2ae3b3d671937d923da2cba/transformed/glance-appwidget-1.1.1/res/layout/box_end_center_vertical_9children.xml to /home/runner/work/ShizukuPlus/ShizukuPlus/manager/build/intermediates/merged_res/release/mergeReleaseResources/layout_box_end_center_vertical_9children.xml.flat
build	Build with Gradle	2026-06-06T12:25:02.2553736Z Compiling xml file /home/runner/.gradle/caches/8.14/transforms/0a9f0b23f2ae3b3d671937d923da2cba/transformed/glance-appwidget-1.1.1/res/layout/row_null_center_vertical_1children.xml to /home/runner/work/ShizukuPlus/ShizukuPlus/manager/build/intermediates/merged_res/release/mergeReleaseResources/layout_row_null_center_vertical_1children.xml.flat
build	Build with Gradle	2026-06-06T12:25:02.2558595Z Compiling xml file /home/runner/.gradle/caches/8.14/transforms/0a9f0b23f2ae3b3d671937d923da2cba/transformed/glance-appwidget-1.1.1/res/drawable-v31/glance_error_layout_background.xml to /home/runner/work/ShizukuPlus/ShizukuPlus/manager/build/intermediates/merged_res/release/mergeReleaseResources/drawable-v31_glance_error_layout_background.xml.flat
build	Build with Gradle	2026-06-06T12:25:02.2563545Z Compiling xml file /home/runner/.gradle/caches/8.14/transforms/0a9f0b23f2ae3b3d671937d923da2cba/transformed/glance-appwidget-1.1.1/res/layout-v33/glance_image_fit_expandwidth_wrapheight.xml to /home/runner/work/ShizukuPlus/ShizukuPlus/manager/build/intermediates/merged_res/release/mergeReleaseResources/layout-v33_glance_image_fit_expandwidth_wrapheight.xml.flat
build	Build with Gradle	2026-06-06T12:25:02.2568818Z Compiling xml file /home/runner/.gradle/caches/8.14/transforms/0a9f0b23f2ae3b3d671937d923da2cba/transformed/glance-appwidget-1.1.1/res/layout-v33/glance_image_fill_bounds_decorative_expandwidth_wrapheight.xml to /home/runner/work/ShizukuPlus/ShizukuPlus/manager/build/intermediates/merged_res/release/mergeReleaseResources/layout-v33_glance_image_fill_bounds_decorative_expandwidth_wrapheight.xml.flat
build	Build with Gradle	2026-06-06T12:25:02.2573784Z Compiling xml file /home/runner/.gradle/caches/8.14/transforms/0a9f0b23f2ae3b3d671937d923da2cba/transformed/glance-appwidget-1.1.1/res/layout-v33/radio_column_end_top.xml to /home/runner/work/ShizukuPlus/ShizukuPlus/manager/build/intermediates/merged_res/release/mergeReleaseResources/layout-v33_radio_column_end_top.xml.flat
build	Build with Gradle	2026-06-06T12:25:02.2605457Z Compiling xml file /home/runner/.gradle/caches/8.14/transforms/d898ed95f395a2f368d4bc758e4d1887/transformed/biometric-1.2.0-alpha05/res/drawable-anydpi-v24/fingerprint_dialog_error.xml to /home/runner/work/ShizukuPlus/ShizukuPlus/manager/build/intermediates/merged_res/release/mergeReleaseResources/drawable-anydpi-v24_fingerprint_dialog_error.xml.flat
build	Build with Gradle	2026-06-06T12:25:02.2610306Z Compiling xml file /home/runner/.gradle/caches/8.14/transforms/0a9f0b23f2ae3b3d671937d923da2cba/transformed/glance-appwidget-1.1.1/res/layout-v33/glance_frame_center_horizontal_center_vertical.xml to /home/runner/work/ShizukuPlus/ShizukuPlus/manager/build/intermediates/merged_res/release/mergeReleaseResources/layout-v33_glance_frame_center_horizontal_center_vertical.xml.flat
build	Build with Gradle	2026-06-06T12:25:02.2615049Z Compiling xml file /home/runner/.gradle/caches/8.14/transforms/0a9f0b23f2ae3b3d671937d923da2cba/transformed/glance-appwidget-1.1.1/res/layout/column_child_end_null_group_7.xml to /home/runner/work/ShizukuPlus/ShizukuPlus/manager/build/intermediates/merged_res/release/mergeReleaseResources/layout_column_child_end_null_group_7.xml.flat
build	Build with Gradle	2026-06-06T12:25:02.2619488Z Compiling xml file /home/runner/.gradle/caches/8.14/transforms/a6084efd8e6c9ff951c8e72453f81ad6/transformed/material-1.14.0-beta01/res/color/m3_navigation_bar_item_with_indicator_icon_tint.xml to /home/runner/work/ShizukuPlus/ShizukuPlus/manager/build/intermediates/merged_res/release/mergeReleaseResources/color_m3_navigation_bar_item_with_indicator_icon_tint.xml.flat
build	Build with Gradle	2026-06-06T12:25:02.2623879Z Compiling xml file /home/runner/.gradle/caches/8.14/transforms/0a9f0b23f2ae3b3d671937d923da2cba/transformed/glance-appwidget-1.1.1/res/layout-v33/glance_image_crop_center_horizontal_center_vertical.xml to /home/runner/work/ShizukuPlus/ShizukuPlus/manager/build/intermediates/merged_res/release/mergeReleaseResources/layout-v33_glance_image_crop_center_horizontal_center_vertical.xml.flat
build	Build with Gradle	2026-06-06T12:25:02.2651704Z Compiling xml file /home/runner/.gradle/caches/8.14/transforms/f85a8706e3d3bf4df310b1b8ed66a067/transformed/material-2.7.2/res/color/m3_light_text_color_primary.xml to /home/runner/work/ShizukuPlus/ShizukuPlus/manager/build/intermediates/merged_res/release/mergeReleaseResources/color_m3_light_text_color_primary.xml.flat
build	Build with Gradle	2026-06-06T12:25:02.2655607Z Compiling xml file /home/runner/work/ShizukuPlus/ShizukuPlus/manager/src/main/res/drawable-v26/ic_launcher.xml to /home/runner/work/ShizukuPlus/ShizukuPlus/manager/build/intermediates/merged_res/release/mergeReleaseResources/drawable-v26_ic_launcher.xml.flat
build	Build with Gradle	2026-06-06T12:25:02.2659298Z Compiling xml file /home/runner/.gradle/caches/8.14/transforms/0a9f0b23f2ae3b3d671937d923da2cba/transformed/glance-appwidget-1.1.1/res/layout/radio_row_null_bottom_9children.xml to /home/runner/work/ShizukuPlus/ShizukuPlus/manager/build/intermediates/merged_res/release/mergeReleaseResources/layout_radio_row_null_bottom_9children.xml.flat
build	Build with Gradle	2026-06-06T12:25:02.2662949Z Compiling xml file /home/runner/.gradle/caches/8.14/transforms/efa565396efa7c69fa280f54041abb1e/transformed/appcompat-1.6.1/res/drawable/abc_item_background_holo_dark.xml to /home/runner/work/ShizukuPlus/ShizukuPlus/manager/build/intermediates/merged_res/release/mergeReleaseResources/drawable_abc_item_background_holo_dark.xml.flat
build	Build with Gradle	2026-06-06T12:25:02.2666768Z Compiling xml file /home/runner/work/ShizukuPlus/ShizukuPlus/manager/build/generated/materialThemeBuilder/release/res/color/m3_text_color_on_secondary_container.xml to /home/runner/work/ShizukuPlus/ShizukuPlus/manager/build/intermediates/merged_res/release/mergeReleaseResources/color_m3_text_color_on_secondary_container.xml.flat
build	Build with Gradle	2026-06-06T12:25:02.2670850Z Compiling xml file /home/runner/.gradle/caches/8.14/transforms/0a9f0b23f2ae3b3d671937d923da2cba/transformed/glance-appwidget-1.1.1/res/layout-v33/glance_vertical_grid_two_columns_end_top.xml to /home/runner/work/ShizukuPlus/ShizukuPlus/manager/build/intermediates/merged_res/release/mergeReleaseResources/layout-v33_glance_vertical_grid_two_columns_end_top.xml.flat
build	Build with Gradle	2026-06-06T12:25:02.2675269Z Compiling xml file /home/runner/.gradle/caches/8.14/transforms/0a9f0b23f2ae3b3d671937d923da2cba/transformed/glance-appwidget-1.1.1/res/layout-v33/glance_vertical_grid_four_columns_end_bottom.xml to /home/runner/work/ShizukuPlus/ShizukuPlus/manager/build/intermediates/merged_res/release/mergeReleaseResources/layout-v33_glance_vertical_grid_four_columns_end_bottom.xml.flat
build	Build with Gradle	2026-06-06T12:25:02.2702228Z Compiling xml file /home/runner/.gradle/caches/8.14/transforms/a6084efd8e6c9ff951c8e72453f81ad6/transformed/material-1.14.0-beta01/res/layout/m3_button_group_overflow_button.xml to /home/runner/work/ShizukuPlus/ShizukuPlus/manager/build/intermediates/merged_res/release/mergeReleaseResources/layout_m3_button_group_overflow_button.xml.flat
build	Build with Gradle	2026-06-06T12:25:02.2706627Z Compiling xml file /home/runner/.gradle/caches/8.14/transforms/0a9f0b23f2ae3b3d671937d923da2cba/transformed/glance-appwidget-1.1.1/res/layout-v31/row_child_null_center_vertical_group_5.xml to /home/runner/work/ShizukuPlus/ShizukuPlus/manager/build/intermediates/merged_res/release/mergeReleaseResources/layout-v31_row_child_null_center_vertical_group_5.xml.flat
build	Build with Gradle	2026-06-06T12:25:02.2711570Z Compiling xml file /home/runner/.gradle/caches/8.14/transforms/0a9f0b23f2ae3b3d671937d923da2cba/transformed/glance-appwidget-1.1.1/res/layout-v31/row_child_null_center_vertical_group_1.xml to /home/runner/work/ShizukuPlus/ShizukuPlus/manager/build/intermediates/merged_res/release/mergeReleaseResources/layout-v31_row_child_null_center_vertical_group_1.xml.flat
build	Build with Gradle	2026-06-06T12:25:02.2715575Z Compiling xml file /home/runner/.gradle/caches/8.14/transforms/0a9f0b23f2ae3b3d671937d923da2cba/transformed/glance-appwidget-1.1.1/res/layout-v31/row_child_null_center_vertical_group_9.xml to /home/runner/work/ShizukuPlus/ShizukuPlus/manager/build/intermediates/merged_res/release/mergeReleaseResources/layout-v31_row_child_null_center_vertical_group_9.xml.flat
build	Build with Gradle	2026-06-06T12:25:02.2720473Z Compiling xml file /home/runner/.gradle/caches/8.14/transforms/0a9f0b23f2ae3b3d671937d923da2cba/transformed/glance-appwidget-1.1.1/res/layout/box_center_horizontal_center_vertical_6children.xml to /home/runner/work/ShizukuPlus/ShizukuPlus/manager/build/intermediates/merged_res/release/mergeReleaseResources/layout_box_center_horizontal_center_vertical_6children.xml.flat
build	Build with Gradle	2026-06-06T12:25:02.2725220Z Compiling xml file /home/runner/.gradle/caches/8.14/transforms/0a9f0b23f2ae3b3d671937d923da2cba/transformed/glance-appwidget-1.1.1/res/layout-v33/glance_radio_button_backport_start_top.xml to /home/runner/work/ShizukuPlus/ShizukuPlus/manager/build/intermediates/merged_res/release/mergeReleaseResources/layout-v33_glance_radio_button_backport_start_top.xml.flat
build	Build with Gradle	2026-06-06T12:25:02.2771165Z Compiling xml file /home/runner/.gradle/caches/8.14/transforms/a6084efd8e6c9ff951c8e72453f81ad6/transformed/material-1.14.0-beta01/res/color-v31/m3_ref_palette_dynamic_neutral12.xml to /home/runner/work/ShizukuPlus/ShizukuPlus/manager/build/intermediates/merged_res/release/mergeReleaseResources/color-v31_m3_ref_palette_dynamic_neutral12.xml.flat
build	Build with Gradle	2026-06-06T12:25:02.2775227Z Compiling xml file /home/runner/.gradle/caches/8.14/transforms/a6084efd8e6c9ff951c8e72453f81ad6/transformed/material-1.14.0-beta01/res/drawable/avd_show_password.xml to /home/runner/work/ShizukuPlus/ShizukuPlus/manager/build/intermediates/merged_res/release/mergeReleaseResources/drawable_avd_show_password.xml.flat
build	Build with Gradle	2026-06-06T12:25:02.2779813Z Compiling xml file /home/runner/.gradle/caches/8.14/transforms/0a9f0b23f2ae3b3d671937d923da2cba/transformed/glance-appwidget-1.1.1/res/layout/row_null_bottom_2children.xml to /home/runner/work/ShizukuPlus/ShizukuPlus/manager/build/intermediates/merged_res/release/mergeReleaseResources/layout_row_null_bottom_2children.xml.flat
build	Build with Gradle	2026-06-06T12:25:02.2784044Z Compiling xml file /home/runner/.gradle/caches/8.14/transforms/0a9f0b23f2ae3b3d671937d923da2cba/transformed/glance-appwidget-1.1.1/res/layout-v33/glance_image_crop_end_center_vertical.xml to /home/runner/work/ShizukuPlus/ShizukuPlus/manager/build/intermediates/merged_res/release/mergeReleaseResources/layout-v33_glance_image_crop_end_center_vertical.xml.flat
build	Build with Gradle	2026-06-06T12:25:02.2788283Z Compiling xml file /home/runner/.gradle/caches/8.14/transforms/a18f3e8414f2ba4eb382dd01375ab089/transformed/core-1.16.0/res/layout-v21/notification_action.xml to /home/runner/work/ShizukuPlus/ShizukuPlus/manager/build/intermediates/merged_res/release/mergeReleaseResources/layout-v21_notification_action.xml.flat
build	Build with Gradle	2026-06-06T12:25:02.2792561Z Compiling xml file /home/runner/.gradle/caches/8.14/transforms/a6084efd8e6c9ff951c8e72453f81ad6/transformed/material-1.14.0-beta01/res/color/m3_icon_button_icon_color_selector.xml to /home/runner/work/ShizukuPlus/ShizukuPlus/manager/build/intermediates/merged_res/release/mergeReleaseResources/color_m3_icon_button_icon_color_selector.xml.flat
build	Build with Gradle	2026-06-06T12:25:02.2796996Z Compiling xml file /home/runner/.gradle/caches/8.14/transforms/0a9f0b23f2ae3b3d671937d923da2cba/transformed/glance-appwidget-1.1.1/res/layout-v31/box_child_end_center_vertical_group_9.xml to /home/runner/work/ShizukuPlus/ShizukuPlus/manager/build/intermediates/merged_res/release/mergeReleaseResources/layout-v31_box_child_end_center_vertical_group_9.xml.flat
build	Build with Gradle	2026-06-06T12:25:02.2833510Z Compiling xml file /home/runner/.gradle/caches/8.14/transforms/0a9f0b23f2ae3b3d671937d923da2cba/transformed/glance-appwidget-1.1.1/res/layout-v33/glance_circular_progress_indicator_center_horizontal_center_vertical.xml to /home/runner/work/ShizukuPlus/ShizukuPlus/manager/build/intermediates/merged_res/release/mergeReleaseResources/layout-v33_glance_circular_progress_indicator_center_horizontal_center_vertical.xml.flat
build	Build with Gradle	2026-06-06T12:25:02.2839298Z Compiling xml file /home/runner/.gradle/caches/8.14/transforms/0a9f0b23f2ae3b3d671937d923da2cba/transformed/glance-appwidget-1.1.1/res/layout-v31/box_child_end_center_vertical_group_4.xml to /home/runner/work/ShizukuPlus/ShizukuPlus/manager/build/intermediates/merged_res/release/mergeReleaseResources/layout-v31_box_child_end_center_vertical_group_4.xml.flat
build	Build with Gradle	2026-06-06T12:25:02.2844072Z Compiling xml file /home/runner/.gradle/caches/8.14/transforms/a6084efd8e6c9ff951c8e72453f81ad6/transformed/material-1.14.0-beta01/res/layout/mtrl_alert_dialog_actions.xml to /home/runner/work/ShizukuPlus/ShizukuPlus/manager/build/intermediates/merged_res/release/mergeReleaseResources/layout_mtrl_alert_dialog_actions.xml.flat
build	Build with Gradle	2026-06-06T12:25:02.2848304Z Compiling xml file /home/runner/.gradle/caches/8.14/transforms/a6084efd8e6c9ff951c8e72453f81ad6/transformed/material-1.14.0-beta01/res/color/m3_switch_thumb_tint.xml to /home/runner/work/ShizukuPlus/ShizukuPlus/manager/build/intermediates/merged_res/release/mergeReleaseResources/color_m3_switch_thumb_tint.xml.flat
build	Build with Gradle	2026-06-06T12:25:02.2852036Z Compiling xml file /home/runner/.gradle/caches/8.14/transforms/a6084efd8e6c9ff951c8e72453f81ad6/transformed/material-1.14.0-beta01/res/color-v31/m3_ref_palette_dynamic_tertiary98.xml to /home/runner/work/ShizukuPlus/ShizukuPlus/manager/build/intermediates/merged_res/release/mergeReleaseResources/color-v31_m3_ref_palette_dynamic_tertiary98.xml.flat
build	Build with Gradle	2026-06-06T12:25:02.2856174Z Compiling xml file /home/runner/.gradle/caches/8.14/transforms/a6084efd8e6c9ff951c8e72453f81ad6/transformed/material-1.14.0-beta01/res/animator/m3_extended_fab_state_list_animator.xml to /home/runner/work/ShizukuPlus/ShizukuPlus/manager/build/intermediates/merged_res/release/mergeReleaseResources/animator_m3_extended_fab_state_list_animator.xml.flat
build	Build with Gradle	2026-06-06T12:25:02.2911130Z Compiling xml file /home/runner/.gradle/caches/8.14/transforms/a6084efd8e6c9ff951c8e72453f81ad6/transformed/material-1.14.0-beta01/res/layout/design_bottom_navigation_item.xml to /home/runner/work/ShizukuPlus/ShizukuPlus/manager/build/intermediates/merged_res/release/mergeReleaseResources/layout_design_bottom_navigation_item.xml.flat
build	Build with Gradle	2026-06-06T12:25:02.2915659Z Compiling xml file /home/runner/.gradle/caches/8.14/transforms/373e825be4973449db84049594b600ab/transformed/material-preference-2.0.0-release/res/layout/m3_preference.xml to /home/runner/work/ShizukuPlus/ShizukuPlus/manager/build/intermediates/merged_res/release/mergeReleaseResources/layout_m3_preference.xml.flat
build	Build with Gradle	2026-06-06T12:25:02.2920401Z Compiling xml file /home/runner/.gradle/caches/8.14/transforms/f85a8706e3d3bf4df310b1b8ed66a067/transformed/material-2.7.2/res/animator/material_button_outline_state_list_animator.xml to /home/runner/work/ShizukuPlus/ShizukuPlus/manager/build/intermediates/merged_res/release/mergeReleaseResources/animator_material_button_outline_state_list_animator.xml.flat
build	Build with Gradle	2026-06-06T12:25:02.2925480Z Compiling xml file /home/runner/.gradle/caches/8.14/transforms/a6084efd8e6c9ff951c8e72453f81ad6/transformed/material-1.14.0-beta01/res/layout/design_navigation_item_subheader.xml to /home/runner/work/ShizukuPlus/ShizukuPlus/manager/build/intermediates/merged_res/release/mergeReleaseResources/layout_design_navigation_item_subheader.xml.flat
build	Build with Gradle	2026-06-06T12:25:02.2930672Z Compiling xml file /home/runner/.gradle/caches/8.14/transforms/a6084efd8e6c9ff951c8e72453f81ad6/transformed/material-1.14.0-beta01/res/layout/mtrl_picker_text_input_date.xml to /home/runner/work/ShizukuPlus/ShizukuPlus/manager/build/intermediates/merged_res/release/mergeReleaseResources/layout_mtrl_picker_text_input_date.xml.flat
build	Build with Gradle	2026-06-06T12:25:02.2935408Z Compiling xml file /home/runner/.gradle/caches/8.14/transforms/a6084efd8e6c9ff951c8e72453f81ad6/transformed/material-1.14.0-beta01/res/drawable-v24/m3_focus_ring_control_background.xml to /home/runner/work/ShizukuPlus/ShizukuPlus/manager/build/intermediates/merged_res/release/mergeReleaseResources/drawable-v24_m3_focus_ring_control_background.xml.flat
build	Build with Gradle	2026-06-06T12:25:02.2940244Z Compiling xml file /home/runner/.gradle/caches/8.14/transforms/0a9f0b23f2ae3b3d671937d923da2cba/transformed/glance-appwidget-1.1.1/res/layout-v33/glance_linear_progress_indicator_end_center_vertical.xml to /home/runner/work/ShizukuPlus/ShizukuPlus/manager/build/intermediates/merged_res/release/mergeReleaseResources/layout-v33_glance_linear_progress_indicator_end_center_vertical.xml.flat
build	Build with Gradle	2026-06-06T12:25:02.2944747Z Compiling xml file /home/runner/.gradle/caches/8.14/transforms/0a9f0b23f2ae3b3d671937d923da2cba/transformed/glance-appwidget-1.1.1/res/layout-v33/glance_image_crop_end_top.xml to /home/runner/work/ShizukuPlus/ShizukuPlus/manager/build/intermediates/merged_res/release/mergeReleaseResources/layout-v33_glance_image_crop_end_top.xml.flat
build	Build with Gradle	2026-06-06T12:25:02.2948720Z Compiling xml file /home/runner/work/ShizukuPlus/ShizukuPlus/manager/src/main/res/anim/layout_animation_slide_bottom.xml to /home/runner/work/ShizukuPlus/ShizukuPlus/manager/build/intermediates/merged_res/release/mergeReleaseResources/anim_layout_animation_slide_bottom.xml.flat
build	Build with Gradle	2026-06-06T12:25:02.2952480Z Compiling xml file /home/runner/.gradle/caches/8.14/transforms/0a9f0b23f2ae3b3d671937d923da2cba/transformed/glance-appwidget-1.1.1/res/layout/row_null_bottom_1children.xml to /home/runner/work/ShizukuPlus/ShizukuPlus/manager/build/intermediates/merged_res/release/mergeReleaseResources/layout_row_null_bottom_1children.xml.flat
build	Build with Gradle	2026-06-06T12:25:02.2956476Z Compiling xml file /home/runner/.gradle/caches/8.14/transforms/a6084efd8e6c9ff951c8e72453f81ad6/transformed/material-1.14.0-beta01/res/anim/design_snackbar_out.xml to /home/runner/work/ShizukuPlus/ShizukuPlus/manager/build/intermediates/merged_res/release/mergeReleaseResources/anim_design_snackbar_out.xml.flat
build	Build with Gradle	2026-06-06T12:25:02.3035557Z Compiling xml file /home/runner/.gradle/caches/8.14/transforms/a6084efd8e6c9ff951c8e72453f81ad6/transformed/material-1.14.0-beta01/res/drawable/material_ic_keyboard_arrow_left_black_24dp.xml to /home/runner/work/ShizukuPlus/ShizukuPlus/manager/build/intermediates/merged_res/release/mergeReleaseResources/drawable_material_ic_keyboard_arrow_left_black_24dp.xml.flat
build	Build with Gradle	2026-06-06T12:25:02.3040733Z Compiling xml file /home/runner/.gradle/caches/8.14/transforms/a6084efd8e6c9ff951c8e72453f81ad6/transformed/material-1.14.0-beta01/res/color-night-v8/material_timepicker_clockface.xml to /home/runner/work/ShizukuPlus/ShizukuPlus/manager/build/intermediates/merged_res/release/mergeReleaseResources/color-night-v8_material_timepicker_clockface.xml.flat
build	Build with Gradle	2026-06-06T12:25:02.3045362Z Compiling xml file /home/runner/.gradle/caches/8.14/transforms/a6084efd8e6c9ff951c8e72453f81ad6/transformed/material-1.14.0-beta01/res/interpolator/mtrl_linear.xml to /home/runner/work/ShizukuPlus/ShizukuPlus/manager/build/intermediates/merged_res/release/mergeReleaseResources/interpolator_mtrl_linear.xml.flat
build	Build with Gradle	2026-06-06T12:25:02.3078934Z Compiling xml file /home/runner/.gradle/caches/8.14/transforms/0a9f0b23f2ae3b3d671937d923da2cba/transformed/glance-appwidget-1.1.1/res/layout-v31/box_child_end_center_vertical_group_0.xml to /home/runner/work/ShizukuPlus/ShizukuPlus/manager/build/intermediates/merged_res/release/mergeReleaseResources/layout-v31_box_child_end_center_vertical_group_0.xml.flat
build	Build with Gradle	2026-06-06T12:25:02.3110304Z Compiling xml file /home/runner/.gradle/caches/8.14/transforms/0a9f0b23f2ae3b3d671937d923da2cba/transformed/glance-appwidget-1.1.1/res/layout-v33/glance_image_fill_bounds_start_top.xml to /home/runner/work/ShizukuPlus/ShizukuPlus/manager/build/intermediates/merged_res/release/mergeReleaseResources/layout-v33_glance_image_fill_bounds_start_top.xml.flat
build	Build with Gradle	2026-06-06T12:25:02.3114186Z Compiling xml file /home/runner/.gradle/caches/8.14/transforms/f85a8706e3d3bf4df310b1b8ed66a067/transformed/material-2.7.2/res/anim/rd_dialog_enter.xml to /home/runner/work/ShizukuPlus/ShizukuPlus/manager/build/intermediates/merged_res/release/mergeReleaseResources/anim_rd_dialog_enter.xml.flat
build	Build with Gradle	2026-06-06T12:25:02.3118502Z Compiling xml file /home/runner/.gradle/caches/8.14/transforms/0a9f0b23f2ae3b3d671937d923da2cba/transformed/glance-appwidget-1.1.1/res/layout-v31/box_child_center_horizontal_center_vertical_group_9.xml to /home/runner/work/ShizukuPlus/ShizukuPlus/manager/build/intermediates/merged_res/release/mergeReleaseResources/layout-v31_box_child_center_horizontal_center_vertical_group_9.xml.flat
build	Build with Gradle	2026-06-06T12:25:02.3122582Z Compiling xml file /home/runner/.gradle/caches/8.14/transforms/0a9f0b23f2ae3b3d671937d923da2cba/transformed/glance-appwidget-1.1.1/res/layout-v31/box_child_center_horizontal_center_vertical_group_8.xml to /home/runner/work/ShizukuPlus/ShizukuPlus/manager/build/intermediates/merged_res/release/mergeReleaseResources/layout-v31_box_child_center_horizontal_center_vertical_group_8.xml.flat
build	Build with Gradle	2026-06-06T12:25:02.3126938Z Compiling xml file /home/runner/.gradle/caches/8.14/transforms/0a9f0b23f2ae3b3d671937d923da2cba/transformed/glance-appwidget-1.1.1/res/layout-v33/box_start_center_vertical.xml to /home/runner/work/ShizukuPlus/ShizukuPlus/manager/build/intermediates/merged_res/release/mergeReleaseResources/layout-v33_box_start_center_vertical.xml.flat
build	Build with Gradle	2026-06-06T12:25:02.3130878Z Compiling xml file /home/runner/.gradle/caches/8.14/transforms/0a9f0b23f2ae3b3d671937d923da2cba/transformed/glance-appwidget-1.1.1/res/layout-v33/glance_image_fit_wrapwidth_expandheight.xml to /home/runner/work/ShizukuPlus/ShizukuPlus/manager/build/intermediates/merged_res/release/mergeReleaseResources/layout-v33_glance_image_fit_wrapwidth_expandheight.xml.flat
build	Build with Gradle	2026-06-06T12:25:02.3186386Z Compiling xml file /home/runner/.gradle/caches/8.14/transforms/0a9f0b23f2ae3b3d671937d923da2cba/transformed/glance-appwidget-1.1.1/res/layout/radio_column_end_null_7children.xml to /home/runner/work/ShizukuPlus/ShizukuPlus/manager/build/intermediates/merged_res/release/mergeReleaseResources/layout_radio_column_end_null_7children.xml.flat
build	Build with Gradle	2026-06-06T12:25:02.3190900Z Compiling xml file /home/runner/.gradle/caches/8.14/transforms/0a9f0b23f2ae3b3d671937d923da2cba/transformed/glance-appwidget-1.1.1/res/drawable/glance_component_circle_button_ripple.xml to /home/runner/work/ShizukuPlus/ShizukuPlus/manager/build/intermediates/merged_res/release/mergeReleaseResources/drawable_glance_component_circle_button_ripple.xml.flat
build	Build with Gradle	2026-06-06T12:25:02.3195246Z Compiling xml file /home/runner/.gradle/caches/8.14/transforms/f85a8706e3d3bf4df310b1b8ed66a067/transformed/material-2.7.2/res/drawable/btn_expand_material_anim_24dp.xml to /home/runner/work/ShizukuPlus/ShizukuPlus/manager/build/intermediates/merged_res/release/mergeReleaseResources/drawable_btn_expand_material_anim_24dp.xml.flat
build	Build with Gradle	2026-06-06T12:25:02.3199419Z Compiling xml file /home/runner/.gradle/caches/8.14/transforms/a6084efd8e6c9ff951c8e72453f81ad6/transformed/material-1.14.0-beta01/res/layout/mtrl_picker_fullscreen.xml to /home/runner/work/ShizukuPlus/ShizukuPlus/manager/build/intermediates/merged_res/release/mergeReleaseResources/layout_mtrl_picker_fullscreen.xml.flat
build	Build with Gradle	2026-06-06T12:25:02.3203608Z Compiling xml file /home/runner/.gradle/caches/8.14/transforms/a6084efd8e6c9ff951c8e72453f81ad6/transformed/material-1.14.0-beta01/res/color/m3_slider_active_track_color.xml to /home/runner/work/ShizukuPlus/ShizukuPlus/manager/build/intermediates/merged_res/release/mergeReleaseResources/color_m3_slider_active_track_color.xml.flat
build	Build with Gradle	2026-06-06T12:25:02.3258559Z Compiling xml file /home/runner/.gradle/caches/8.14/transforms/d898ed95f395a2f368d4bc758e4d1887/transformed/biometric-1.2.0-alpha05/res/drawable-anydpi-v21/fingerprint_dialog_fp_icon.xml to /home/runner/work/ShizukuPlus/ShizukuPlus/manager/build/intermediates/merged_res/release/mergeReleaseResources/drawable-anydpi-v21_fingerprint_dialog_fp_icon.xml.flat
build	Build with Gradle	2026-06-06T12:25:02.3263261Z Compiling xml file /home/runner/.gradle/caches/8.14/transforms/0a9f0b23f2ae3b3d671937d923da2cba/transformed/glance-appwidget-1.1.1/res/layout-v33/column_start_center_vertical.xml to /home/runner/work/ShizukuPlus/ShizukuPlus/manager/build/intermediates/merged_res/release/mergeReleaseResources/layout-v33_column_start_center_vertical.xml.flat
build	Build with Gradle	2026-06-06T12:25:02.3267840Z Compiling xml file /home/runner/.gradle/caches/8.14/transforms/a18f3e8414f2ba4eb382dd01375ab089/transformed/core-1.16.0/res/drawable/notification_tile_bg.xml to /home/runner/work/ShizukuPlus/ShizukuPlus/manager/build/intermediates/merged_res/release/mergeReleaseResources/drawable_notification_tile_bg.xml.flat
build	Build with Gradle	2026-06-06T12:25:02.3271885Z Compiling xml file /home/runner/work/ShizukuPlus/ShizukuPlus/manager/build/intermediates/incremental/release/mergeReleaseResources/stripped.dir/layout/layout_home_layout_simulator.xml to /home/runner/work/ShizukuPlus/ShizukuPlus/manager/build/intermediates/merged_res/release/mergeReleaseResources/layout_layout_home_layout_simulator.xml.flat
build	Build with Gradle	2026-06-06T12:25:02.3276029Z Compiling xml file /home/runner/.gradle/caches/8.14/transforms/0a9f0b23f2ae3b3d671937d923da2cba/transformed/glance-appwidget-1.1.1/res/layout-v33/row_start_top.xml to /home/runner/work/ShizukuPlus/ShizukuPlus/manager/build/intermediates/merged_res/release/mergeReleaseResources/layout-v33_row_start_top.xml.flat
build	Build with Gradle	2026-06-06T12:25:02.3280197Z Compiling xml file /home/runner/.gradle/caches/8.14/transforms/a6084efd8e6c9ff951c8e72453f81ad6/transformed/material-1.14.0-beta01/res/drawable/material_shape_ghostish.xml to /home/runner/work/ShizukuPlus/ShizukuPlus/manager/build/intermediates/merged_res/release/mergeReleaseResources/drawable_material_shape_ghostish.xml.flat
build	Build with Gradle	2026-06-06T12:25:02.3284516Z Compiling xml file /home/runner/.gradle/caches/8.14/transforms/0a9f0b23f2ae3b3d671937d923da2cba/transformed/glance-appwidget-1.1.1/res/layout/box_child_center_horizontal_top_group_5.xml to /home/runner/work/ShizukuPlus/ShizukuPlus/manager/build/intermediates/merged_res/release/mergeReleaseResources/layout_box_child_center_horizontal_top_group_5.xml.flat
build	Build with Gradle	2026-06-06T12:25:02.3340773Z Compiling xml file /home/runner/.gradle/caches/8.14/transforms/0a9f0b23f2ae3b3d671937d923da2cba/transformed/glance-appwidget-1.1.1/res/layout/box_child_center_horizontal_top_group_1.xml to /home/runner/work/ShizukuPlus/ShizukuPlus/manager/build/intermediates/merged_res/release/mergeReleaseResources/layout_box_child_center_horizontal_top_group_1.xml.flat
build	Build with Gradle	2026-06-06T12:25:02.3345101Z Compiling xml file /home/runner/.gradle/caches/8.14/transforms/0a9f0b23f2ae3b3d671937d923da2cba/transformed/glance-appwidget-1.1.1/res/layout/box_child_center_horizontal_top_group_7.xml to /home/runner/work/ShizukuPlus/ShizukuPlus/manager/build/intermediates/merged_res/release/mergeReleaseResources/layout_box_child_center_horizontal_top_group_7.xml.flat
build	Build with Gradle	2026-06-06T12:25:02.3349291Z Compiling xml file /home/runner/.gradle/caches/8.14/transforms/0a9f0b23f2ae3b3d671937d923da2cba/transformed/glance-appwidget-1.1.1/res/layout/row_null_center_vertical_0children.xml to /home/runner/work/ShizukuPlus/ShizukuPlus/manager/build/intermediates/merged_res/release/mergeReleaseResources/layout_row_null_center_vertical_0children.xml.flat
build	Build with Gradle	2026-06-06T12:25:02.3353660Z Compiling xml file /home/runner/.gradle/caches/8.14/transforms/0a9f0b23f2ae3b3d671937d923da2cba/transformed/glance-appwidget-1.1.1/res/layout/box_end_center_vertical_7children.xml to /home/runner/work/ShizukuPlus/ShizukuPlus/manager/build/intermediates/merged_res/release/mergeReleaseResources/layout_box_end_center_vertical_7children.xml.flat
build	Build with Gradle	2026-06-06T12:25:02.3360081Z Compiling xml file /home/runner/.gradle/caches/8.14/transforms/0a9f0b23f2ae3b3d671937d923da2cba/transformed/glance-appwidget-1.1.1/res/layout/box_start_bottom_8children.xml to /home/runner/work/ShizukuPlus/ShizukuPlus/manager/build/intermediates/merged_res/release/mergeReleaseResources/layout_box_start_bottom_8children.xml.flat
build	Build with Gradle	2026-06-06T12:25:02.3364773Z Compiling xml file /home/runner/.gradle/caches/8.14/transforms/0a9f0b23f2ae3b3d671937d923da2cba/transformed/glance-appwidget-1.1.1/res/layout/row_null_center_vertical_5children.xml to /home/runner/work/ShizukuPlus/ShizukuPlus/manager/build/intermediates/merged_res/release/mergeReleaseResources/layout_row_null_center_vertical_5children.xml.flat
build	Build with Gradle	2026-06-06T12:25:02.3400441Z Compiling xml file /home/runner/.gradle/caches/8.14/transforms/0a9f0b23f2ae3b3d671937d923da2cba/transformed/glance-appwidget-1.1.1/res/layout/box_child_center_horizontal_center_vertical_group_2.xml to /home/runner/work/ShizukuPlus/ShizukuPlus/manager/build/intermediates/merged_res/release/mergeReleaseResources/layout_box_child_center_horizontal_center_vertical_group_2.xml.flat
build	Build with Gradle	2026-06-06T12:25:02.3405534Z Compiling xml file /home/runner/.gradle/caches/8.14/transforms/0a9f0b23f2ae3b3d671937d923da2cba/transformed/glance-appwidget-1.1.1/res/layout/box_child_center_horizontal_center_vertical_group_5.xml to /home/runner/work/ShizukuPlus/ShizukuPlus/manager/build/intermediates/merged_res/release/mergeReleaseResources/layout_box_child_center_horizontal_center_vertical_group_5.xml.flat
build	Build with Gradle	2026-06-06T12:25:02.3410528Z Compiling xml file /home/runner/.gradle/caches/8.14/transforms/0a9f0b23f2ae3b3d671937d923da2cba/transformed/glance-appwidget-1.1.1/res/layout/box_child_center_horizontal_center_vertical_group_8.xml to /home/runner/work/ShizukuPlus/ShizukuPlus/manager/build/intermediates/merged_res/release/mergeReleaseResources/layout_box_child_center_horizontal_center_vertical_group_8.xml.flat
build	Build with Gradle	2026-06-06T12:25:02.3414971Z Compiling xml file /home/runner/.gradle/caches/8.14/transforms/0a9f0b23f2ae3b3d671937d923da2cba/transformed/glance-appwidget-1.1.1/res/layout/radio_row_null_bottom_6children.xml to /home/runner/work/ShizukuPlus/ShizukuPlus/manager/build/intermediates/merged_res/release/mergeReleaseResources/layout_radio_row_null_bottom_6children.xml.flat
build	Build with Gradle	2026-06-06T12:25:02.3419910Z Compiling xml file /home/runner/.gradle/caches/8.14/transforms/0a9f0b23f2ae3b3d671937d923da2cba/transformed/glance-appwidget-1.1.1/res/layout-v33/column_center_horizontal_bottom.xml to /home/runner/work/ShizukuPlus/ShizukuPlus/manager/build/intermediates/merged_res/release/mergeReleaseResources/layout-v33_column_center_horizontal_bottom.xml.flat
build	Build with Gradle	2026-06-06T12:25:02.3424640Z Compiling xml file /home/runner/.gradle/caches/8.14/transforms/0a9f0b23f2ae3b3d671937d923da2cba/transformed/glance-appwidget-1.1.1/res/anim/glance_btn_radio_to_off_mtrl_dot_group_animation.xml to /home/runner/work/ShizukuPlus/ShizukuPlus/manager/build/intermediates/merged_res/release/mergeReleaseResources/anim_glance_btn_radio_to_off_mtrl_dot_group_animation.xml.flat
build	Build with Gradle	2026-06-06T12:25:02.3429260Z Compiling xml file /home/runner/.gradle/caches/8.14/transforms/0a9f0b23f2ae3b3d671937d923da2cba/transformed/glance-appwidget-1.1.1/res/layout-v33/column_expandwidth_wrapheight.xml to /home/runner/work/ShizukuPlus/ShizukuPlus/manager/build/intermediates/merged_res/release/mergeReleaseResources/layout-v33_column_expandwidth_wrapheight.xml.flat
build	Build with Gradle	2026-06-06T12:25:02.3458392Z Compiling xml file /home/runner/.gradle/caches/8.14/transforms/a6084efd8e6c9ff951c8e72453f81ad6/transformed/material-1.14.0-beta01/res/color-v31/m3_dynamic_default_color_secondary_text.xml to /home/runner/work/ShizukuPlus/ShizukuPlus/manager/build/intermediates/merged_res/release/mergeReleaseResources/color-v31_m3_dynamic_default_color_secondary_text.xml.flat
build	Build with Gradle	2026-06-06T12:25:02.3463467Z Compiling xml file /home/runner/.gradle/caches/8.14/transforms/0a9f0b23f2ae3b3d671937d923da2cba/transformed/glance-appwidget-1.1.1/res/layout-v33/glance_check_box_backport_start_bottom.xml to /home/runner/work/ShizukuPlus/ShizukuPlus/manager/build/intermediates/merged_res/release/mergeReleaseResources/layout-v33_glance_check_box_backport_start_bottom.xml.flat
build	Build with Gradle	2026-06-06T12:25:02.3482211Z Compiling xml file /home/runner/.gradle/caches/8.14/transforms/a6084efd8e6c9ff951c8e72453f81ad6/transformed/material-1.14.0-beta01/res/color/mtrl_tabs_icon_color_selector.xml to /home/runner/work/ShizukuPlus/ShizukuPlus/manager/build/intermediates/merged_res/release/mergeReleaseResources/color_mtrl_tabs_icon_color_selector.xml.flat
build	Build with Gradle	2026-06-06T12:25:02.3486447Z Compiling xml file /home/runner/.gradle/caches/8.14/transforms/a6084efd8e6c9ff951c8e72453f81ad6/transformed/material-1.14.0-beta01/res/color/material_timepicker_clock_text_color.xml to /home/runner/work/ShizukuPlus/ShizukuPlus/manager/build/intermediates/merged_res/release/mergeReleaseResources/color_material_timepicker_clock_text_color.xml.flat
build	Build with Gradle	2026-06-06T12:25:02.3490957Z Compiling xml file /home/runner/.gradle/caches/8.14/transforms/efa565396efa7c69fa280f54041abb1e/transformed/appcompat-1.6.1/res/layout/abc_popup_menu_header_item_layout.xml to /home/runner/work/ShizukuPlus/ShizukuPlus/manager/build/intermediates/merged_res/release/mergeReleaseResources/layout_abc_popup_menu_header_item_layout.xml.flat
build	Build with Gradle	2026-06-06T12:25:02.3495006Z Compiling xml file /home/runner/.gradle/caches/8.14/transforms/a8ffae57e8eb844c745e6c38f24a5dc3/transformed/preference-1.2.1/res/layout/preference_widget_seekbar.xml to /home/runner/work/ShizukuPlus/ShizukuPlus/manager/build/intermediates/merged_res/release/mergeReleaseResources/layout_preference_widget_seekbar.xml.flat
build	Build with Gradle	2026-06-06T12:25:02.3499238Z Compiling xml file /home/runner/.gradle/caches/8.14/transforms/0a9f0b23f2ae3b3d671937d923da2cba/transformed/glance-appwidget-1.1.1/res/layout/box_center_horizontal_top_5children.xml to /home/runner/work/ShizukuPlus/ShizukuPlus/manager/build/intermediates/merged_res/release/mergeReleaseResources/layout_box_center_horizontal_top_5children.xml.flat
build	Build with Gradle	2026-06-06T12:25:02.3503378Z Compiling xml file /home/runner/.gradle/caches/8.14/transforms/a6084efd8e6c9ff951c8e72453f81ad6/transformed/material-1.14.0-beta01/res/drawable/ic_mtrl_arrow_circle.xml to /home/runner/work/ShizukuPlus/ShizukuPlus/manager/build/intermediates/merged_res/release/mergeReleaseResources/drawable_ic_mtrl_arrow_circle.xml.flat
build	Build with Gradle	2026-06-06T12:25:02.3572462Z Compiling xml file /home/runner/.gradle/caches/8.14/transforms/a6084efd8e6c9ff951c8e72453f81ad6/transformed/material-1.14.0-beta01/res/drawable/material_shape_sunny.xml to /home/runner/work/ShizukuPlus/ShizukuPlus/manager/build/intermediates/merged_res/release/mergeReleaseResources/drawable_material_shape_sunny.xml.flat
build	Build with Gradle	2026-06-06T12:25:02.3577242Z Compiling xml file /home/runner/.gradle/caches/8.14/transforms/a6084efd8e6c9ff951c8e72453f81ad6/transformed/material-1.14.0-beta01/res/color/m3_list_item_trailing_icon_color_selector.xml to /home/runner/work/ShizukuPlus/ShizukuPlus/manager/build/intermediates/merged_res/release/mergeReleaseResources/color_m3_list_item_trailing_icon_color_selector.xml.flat
build	Build with Gradle	2026-06-06T12:25:02.3581668Z Compiling xml file /home/runner/.gradle/caches/8.14/transforms/0a9f0b23f2ae3b3d671937d923da2cba/transformed/glance-appwidget-1.1.1/res/layout/row_null_top_8children.xml to /home/runner/work/ShizukuPlus/ShizukuPlus/manager/build/intermediates/merged_res/release/mergeReleaseResources/layout_row_null_top_8children.xml.flat
build	Build with Gradle	2026-06-06T12:25:02.3586378Z Compiling xml file /home/runner/.gradle/caches/8.14/transforms/0a9f0b23f2ae3b3d671937d923da2cba/transformed/glance-appwidget-1.1.1/res/layout-v33/glance_image_fill_bounds_decorative_wrapwidth_expandheight.xml to /home/runner/work/ShizukuPlus/ShizukuPlus/manager/build/intermediates/merged_res/release/mergeReleaseResources/layout-v33_glance_image_fill_bounds_decorative_wrapwidth_expandheight.xml.flat
build	Build with Gradle	2026-06-06T12:25:02.3591874Z Compiling xml file /home/runner/.gradle/caches/8.14/transforms/a6084efd8e6c9ff951c8e72453f81ad6/transformed/material-1.14.0-beta01/res/drawable/mtrl_checkbox_button_icon_indeterminate_unchecked.xml to /home/runner/work/ShizukuPlus/ShizukuPlus/manager/build/intermediates/merged_res/release/mergeReleaseResources/drawable_mtrl_checkbox_button_icon_indeterminate_unchecked.xml.flat
build	Build with Gradle	2026-06-06T12:25:02.3596806Z Compiling xml file /home/runner/.gradle/caches/8.14/transforms/a6084efd8e6c9ff951c8e72453f81ad6/transformed/material-1.14.0-beta01/res/drawable-v23/m3_tabs_background.xml to /home/runner/work/ShizukuPlus/ShizukuPlus/manager/build/intermediates/merged_res/release/mergeReleaseResources/drawable-v23_m3_tabs_background.xml.flat
build	Build with Gradle	2026-06-06T12:25:02.3662554Z Compiling xml file /home/runner/.gradle/caches/8.14/transforms/0a9f0b23f2ae3b3d671937d923da2cba/transformed/glance-appwidget-1.1.1/res/drawable/glance_component_btn_outline.xml to /home/runner/work/ShizukuPlus/ShizukuPlus/manager/build/intermediates/merged_res/release/mergeReleaseResources/drawable_glance_component_btn_outline.xml.flat
build	Build with Gradle	2026-06-06T12:25:02.3666859Z Compiling xml file /home/runner/.gradle/caches/8.14/transforms/efa565396efa7c69fa280f54041abb1e/transformed/appcompat-1.6.1/res/drawable/abc_ic_menu_cut_mtrl_alpha.xml to /home/runner/work/ShizukuPlus/ShizukuPlus/manager/build/intermediates/merged_res/release/mergeReleaseResources/drawable_abc_ic_menu_cut_mtrl_alpha.xml.flat
build	Build with Gradle	2026-06-06T12:25:02.3671528Z Compiling xml file /home/runner/.gradle/caches/8.14/transforms/0a9f0b23f2ae3b3d671937d923da2cba/transformed/glance-appwidget-1.1.1/res/layout-v33/glance_vertical_grid_five_columns_wrapwidth_expandheight.xml to /home/runner/work/ShizukuPlus/ShizukuPlus/manager/build/intermediates/merged_res/release/mergeReleaseResources/layout-v33_glance_vertical_grid_five_columns_wrapwidth_expandheight.xml.flat
build	Build with Gradle	2026-06-06T12:25:02.3710909Z Compiling xml file /home/runner/.gradle/caches/8.14/transforms/efa565396efa7c69fa280f54041abb1e/transformed/appcompat-1.6.1/res/anim/btn_radio_to_off_mtrl_dot_group_animation.xml to /home/runner/work/ShizukuPlus/ShizukuPlus/manager/build/intermediates/merged_res/release/mergeReleaseResources/anim_btn_radio_to_off_mtrl_dot_group_animation.xml.flat
build	Build with Gradle	2026-06-06T12:25:02.3715119Z Compiling xml file /home/runner/.gradle/caches/8.14/transforms/a6084efd8e6c9ff951c8e72453f81ad6/transformed/material-1.14.0-beta01/res/color/m3_calendar_item_stroke_color.xml to /home/runner/work/ShizukuPlus/ShizukuPlus/manager/build/intermediates/merged_res/release/mergeReleaseResources/color_m3_calendar_item_stroke_color.xml.flat
build	Build with Gradle	2026-06-06T12:25:02.3738501Z Compiling xml file /home/runner/.gradle/caches/8.14/transforms/0a9f0b23f2ae3b3d671937d923da2cba/transformed/glance-appwidget-1.1.1/res/layout-v33/glance_vertical_grid_one_column_start_bottom.xml to /home/runner/work/ShizukuPlus/ShizukuPlus/manager/build/intermediates/merged_res/release/mergeReleaseResources/layout-v33_glance_vertical_grid_one_column_start_bottom.xml.flat
build	Build with Gradle	2026-06-06T12:25:02.3742786Z Compiling xml file /home/runner/.gradle/caches/8.14/transforms/efa565396efa7c69fa280f54041abb1e/transformed/appcompat-1.6.1/res/color-v23/abc_tint_btn_checkable.xml to /home/runner/work/ShizukuPlus/ShizukuPlus/manager/build/intermediates/merged_res/release/mergeReleaseResources/color-v23_abc_tint_btn_checkable.xml.flat
build	Build with Gradle	2026-06-06T12:25:02.3746750Z Compiling xml file /home/runner/.gradle/caches/8.14/transforms/a6084efd8e6c9ff951c8e72453f81ad6/transformed/material-1.14.0-beta01/res/color/m3_tabs_icon_color_secondary.xml to /home/runner/work/ShizukuPlus/ShizukuPlus/manager/build/intermediates/merged_res/release/mergeReleaseResources/color_m3_tabs_icon_color_secondary.xml.flat
build	Build with Gradle	2026-06-06T12:25:02.3751165Z Compiling xml file /home/runner/.gradle/caches/8.14/transforms/0a9f0b23f2ae3b3d671937d923da2cba/transformed/glance-appwidget-1.1.1/res/layout/radio_column_end_null_4children.xml to /home/runner/work/ShizukuPlus/ShizukuPlus/manager/build/intermediates/merged_res/release/mergeReleaseResources/layout_radio_column_end_null_4children.xml.flat
build	Build with Gradle	2026-06-06T12:25:02.3755367Z Compiling xml file /home/runner/.gradle/caches/8.14/transforms/efa565396efa7c69fa280f54041abb1e/transformed/appcompat-1.6.1/res/interpolator/btn_radio_to_off_mtrl_animation_interpolator_0.xml to /home/runner/work/ShizukuPlus/ShizukuPlus/manager/build/intermediates/merged_res/release/mergeReleaseResources/interpolator_btn_radio_to_off_mtrl_animation_interpolator_0.xml.flat
build	Build with Gradle	2026-06-06T12:25:02.3800737Z Compiling xml file /home/runner/.gradle/caches/8.14/transforms/a6084efd8e6c9ff951c8e72453f81ad6/transformed/material-1.14.0-beta01/res/color/design_icon_tint.xml to /home/runner/work/ShizukuPlus/ShizukuPlus/manager/build/intermediates/merged_res/release/mergeReleaseResources/color_design_icon_tint.xml.flat
build	Build with Gradle	2026-06-06T12:25:02.3805073Z Compiling xml file /home/runner/.gradle/caches/8.14/transforms/0a9f0b23f2ae3b3d671937d923da2cba/transformed/glance-appwidget-1.1.1/res/layout-v33/glance_linear_progress_indicator_end_bottom.xml to /home/runner/work/ShizukuPlus/ShizukuPlus/manager/build/intermediates/merged_res/release/mergeReleaseResources/layout-v33_glance_linear_progress_indicator_end_bottom.xml.flat
build	Build with Gradle	2026-06-06T12:25:02.3810117Z Compiling xml file /home/runner/.gradle/caches/8.14/transforms/0a9f0b23f2ae3b3d671937d923da2cba/transformed/glance-appwidget-1.1.1/res/layout-v33/glance_vertical_grid_two_columns_center_horizontal_top.xml to /home/runner/work/ShizukuPlus/ShizukuPlus/manager/build/intermediates/merged_res/release/mergeReleaseResources/layout-v33_glance_vertical_grid_two_columns_center_horizontal_top.xml.flat
build	Build with Gradle	2026-06-06T12:25:02.3815033Z Compiling xml file /home/runner/.gradle/caches/8.14/transforms/0a9f0b23f2ae3b3d671937d923da2cba/transformed/glance-appwidget-1.1.1/res/anim/glance_btn_radio_to_off_mtrl_ring_outer_animation.xml to /home/runner/work/ShizukuPlus/ShizukuPlus/manager/build/intermediates/merged_res/release/mergeReleaseResources/anim_glance_btn_radio_to_off_mtrl_ring_outer_animation.xml.flat
build	Build with Gradle	2026-06-06T12:25:02.3819650Z Compiling xml file /home/runner/work/ShizukuPlus/ShizukuPlus/manager/build/intermediates/incremental/release/mergeReleaseResources/stripped.dir/layout/activity_onboarding.xml to /home/runner/work/ShizukuPlus/ShizukuPlus/manager/build/intermediates/merged_res/release/mergeReleaseResources/layout_activity_onboarding.xml.flat
build	Build with Gradle	2026-06-06T12:25:02.3824064Z Compiling xml file /home/runner/.gradle/caches/8.14/transforms/a6084efd8e6c9ff951c8e72453f81ad6/transformed/material-1.14.0-beta01/res/color/mtrl_fab_icon_text_color_selector.xml to /home/runner/work/ShizukuPlus/ShizukuPlus/manager/build/intermediates/merged_res/release/mergeReleaseResources/color_mtrl_fab_icon_text_color_selector.xml.flat
build	Build with Gradle	2026-06-06T12:25:02.3889293Z Compiling xml file /home/runner/.gradle/caches/8.14/transforms/a6084efd8e6c9ff951c8e72453f81ad6/transformed/material-1.14.0-beta01/res/drawable/material_shape_clover_8.xml to /home/runner/work/ShizukuPlus/ShizukuPlus/manager/build/intermediates/merged_res/release/mergeReleaseResources/drawable_material_shape_clover_8.xml.flat
build	Build with Gradle	2026-06-06T12:25:02.3893434Z Compiling xml file /home/runner/work/ShizukuPlus/ShizukuPlus/manager/src/main/res/xml/settings_personalization.xml to /home/runner/work/ShizukuPlus/ShizukuPlus/manager/build/intermediates/merged_res/release/mergeReleaseResources/xml_settings_personalization.xml.flat
build	Build with Gradle	2026-06-06T12:25:02.3897581Z Compiling xml file /home/runner/.gradle/caches/8.14/transforms/0a9f0b23f2ae3b3d671937d923da2cba/transformed/glance-appwidget-1.1.1/res/layout/column_start_null_3children.xml to /home/runner/work/ShizukuPlus/ShizukuPlus/manager/build/intermediates/merged_res/release/mergeReleaseResources/layout_column_start_null_3children.xml.flat
build	Build with Gradle	2026-06-06T12:25:02.3901953Z Compiling xml file /home/runner/.gradle/caches/8.14/transforms/efa565396efa7c69fa280f54041abb1e/transformed/appcompat-1.6.1/res/layout/abc_activity_chooser_view.xml to /home/runner/work/ShizukuPlus/ShizukuPlus/manager/build/intermediates/merged_res/release/mergeReleaseResources/layout_abc_activity_chooser_view.xml.flat
build	Build with Gradle	2026-06-06T12:25:02.3906088Z Compiling xml file /home/runner/work/ShizukuPlus/ShizukuPlus/manager/src/main/res/drawable/ic_help_outline_24.xml to /home/runner/work/ShizukuPlus/ShizukuPlus/manager/build/intermediates/merged_res/release/mergeReleaseResources/drawable_ic_help_outline_24.xml.flat
build	Build with Gradle	2026-06-06T12:25:02.3910442Z Compiling xml file /home/runner/.gradle/caches/8.14/transforms/0a9f0b23f2ae3b3d671937d923da2cba/transformed/glance-appwidget-1.1.1/res/layout/radio_row_null_top_1children.xml to /home/runner/work/ShizukuPlus/ShizukuPlus/manager/build/intermediates/merged_res/release/mergeReleaseResources/layout_radio_row_null_top_1children.xml.flat
build	Build with Gradle	2026-06-06T12:25:02.3914717Z Compiling xml file /home/runner/work/ShizukuPlus/ShizukuPlus/manager/build/intermediates/incremental/release/mergeReleaseResources/stripped.dir/layout/home_terminal.xml to /home/runner/work/ShizukuPlus/ShizukuPlus/manager/build/intermediates/merged_res/release/mergeReleaseResources/layout_home_terminal.xml.flat
build	Build with Gradle	2026-06-06T12:25:02.3992865Z Compiling xml file /home/runner/.gradle/caches/8.14/transforms/0a9f0b23f2ae3b3d671937d923da2cba/transformed/glance-appwidget-1.1.1/res/layout-v33/glance_radio_button_expandwidth_wrapheight.xml to /home/runner/work/ShizukuPlus/ShizukuPlus/manager/build/intermediates/merged_res/release/mergeReleaseResources/layout-v33_glance_radio_button_expandwidth_wrapheight.xml.flat
build	Build with Gradle	2026-06-06T12:25:02.3996598Z Compiling xml file /home/runner/work/ShizukuPlus/ShizukuPlus/manager/src/main/res/drawable/ic_outline_info_24.xml to /home/runner/work/ShizukuPlus/ShizukuPlus/manager/build/intermediates/merged_res/release/mergeReleaseResources/drawable_ic_outline_info_24.xml.flat
build	Build with Gradle	2026-06-06T12:25:02.4000446Z Compiling xml file /home/runner/.gradle/caches/8.14/transforms/0a9f0b23f2ae3b3d671937d923da2cba/transformed/glance-appwidget-1.1.1/res/drawable/glance_component_btn_square.xml to /home/runner/work/ShizukuPlus/ShizukuPlus/manager/build/intermediates/merged_res/release/mergeReleaseResources/drawable_glance_component_btn_square.xml.flat
build	Build with Gradle	2026-06-06T12:25:02.4004324Z Compiling xml file /home/runner/.gradle/caches/8.14/transforms/0a9f0b23f2ae3b3d671937d923da2cba/transformed/glance-appwidget-1.1.1/res/layout/complex_match_match.xml to /home/runner/work/ShizukuPlus/ShizukuPlus/manager/build/intermediates/merged_res/release/mergeReleaseResources/layout_complex_match_match.xml.flat
build	Build with Gradle	2026-06-06T12:25:02.4008575Z Compiling xml file /home/runner/.gradle/caches/8.14/transforms/a18f3e8414f2ba4eb382dd01375ab089/transformed/core-1.16.0/res/layout/notification_template_part_time.xml to /home/runner/work/ShizukuPlus/ShizukuPlus/manager/build/intermediates/merged_res/release/mergeReleaseResources/layout_notification_template_part_time.xml.flat
build	Build with Gradle	2026-06-06T12:25:02.4012689Z Compiling xml file /home/runner/.gradle/caches/8.14/transforms/efa565396efa7c69fa280f54041abb1e/transformed/appcompat-1.6.1/res/anim/btn_radio_to_on_mtrl_ring_outer_animation.xml to /home/runner/work/ShizukuPlus/ShizukuPlus/manager/build/intermediates/merged_res/release/mergeReleaseResources/anim_btn_radio_to_on_mtrl_ring_outer_animation.xml.flat
build	Build with Gradle	2026-06-06T12:25:02.4016539Z Compiling xml file /home/runner/work/ShizukuPlus/ShizukuPlus/manager/src/main/res/drawable/shape_droplet_background.xml to /home/runner/work/ShizukuPlus/ShizukuPlus/manager/build/intermediates/merged_res/release/mergeReleaseResources/drawable_shape_droplet_background.xml.flat
build	Build with Gradle	2026-06-06T12:25:02.4080841Z Compiling xml file /home/runner/.gradle/caches/8.14/transforms/0a9f0b23f2ae3b3d671937d923da2cba/transformed/glance-appwidget-1.1.1/res/layout/box_child_start_center_vertical_group_9.xml to /home/runner/work/ShizukuPlus/ShizukuPlus/manager/build/intermediates/merged_res/release/mergeReleaseResources/layout_box_child_start_center_vertical_group_9.xml.flat
build	Build with Gradle	2026-06-06T12:25:02.4085461Z Compiling xml file /home/runner/.gradle/caches/8.14/transforms/0a9f0b23f2ae3b3d671937d923da2cba/transformed/glance-appwidget-1.1.1/res/layout/box_child_start_center_vertical_group_7.xml to /home/runner/work/ShizukuPlus/ShizukuPlus/manager/build/intermediates/merged_res/release/mergeReleaseResources/layout_box_child_start_center_vertical_group_7.xml.flat
build	Build with Gradle	2026-06-06T12:25:02.4090441Z Compiling xml file /home/runner/.gradle/caches/8.14/transforms/0a9f0b23f2ae3b3d671937d923da2cba/transformed/glance-appwidget-1.1.1/res/layout/box_child_start_center_vertical_group_3.xml to /home/runner/work/ShizukuPlus/ShizukuPlus/manager/build/intermediates/merged_res/release/mergeReleaseResources/layout_box_child_start_center_vertical_group_3.xml.flat
build	Build with Gradle	2026-06-06T12:25:02.4095235Z Compiling xml file /home/runner/.gradle/caches/8.14/transforms/0a9f0b23f2ae3b3d671937d923da2cba/transformed/glance-appwidget-1.1.1/res/layout/row_null_center_vertical_9children.xml to /home/runner/work/ShizukuPlus/ShizukuPlus/manager/build/intermediates/merged_res/release/mergeReleaseResources/layout_row_null_center_vertical_9children.xml.flat
build	Build with Gradle	2026-06-06T12:25:02.4099788Z Compiling xml file /home/runner/.gradle/caches/8.14/transforms/a6084efd8e6c9ff951c8e72453f81ad6/transformed/material-1.14.0-beta01/res/color/m3_list_item_supporting_text_color_selector.xml to /home/runner/work/ShizukuPlus/ShizukuPlus/manager/build/intermediates/merged_res/release/mergeReleaseResources/color_m3_list_item_supporting_text_color_selector.xml.flat
build	Build with Gradle	2026-06-06T12:25:02.4104159Z Compiling xml file /home/runner/.gradle/caches/8.14/transforms/efa565396efa7c69fa280f54041abb1e/transformed/appcompat-1.6.1/res/drawable/abc_star_half_black_48dp.xml to /home/runner/work/ShizukuPlus/ShizukuPlus/manager/build/intermediates/merged_res/release/mergeReleaseResources/drawable_abc_star_half_black_48dp.xml.flat
build	Build with Gradle	2026-06-06T12:25:02.4169119Z Compiling xml file /home/runner/.gradle/caches/8.14/transforms/a6084efd8e6c9ff951c8e72453f81ad6/transformed/material-1.14.0-beta01/res/drawable/design_snackbar_background.xml to /home/runner/work/ShizukuPlus/ShizukuPlus/manager/build/intermediates/merged_res/release/mergeReleaseResources/drawable_design_snackbar_background.xml.flat
build	Build with Gradle	2026-06-06T12:25:02.4173788Z Compiling xml file /home/runner/.gradle/caches/8.14/transforms/0a9f0b23f2ae3b3d671937d923da2cba/transformed/glance-appwidget-1.1.1/res/layout/radio_row_null_bottom_3children.xml to /home/runner/work/ShizukuPlus/ShizukuPlus/manager/build/intermediates/merged_res/release/mergeReleaseResources/layout_radio_row_null_bottom_3children.xml.flat
build	Build with Gradle	2026-06-06T12:25:02.4178573Z Compiling xml file /home/runner/.gradle/caches/8.14/transforms/0a9f0b23f2ae3b3d671937d923da2cba/transformed/glance-appwidget-1.1.1/res/layout/radio_row_null_top_10children.xml to /home/runner/work/ShizukuPlus/ShizukuPlus/manager/build/intermediates/merged_res/release/mergeReleaseResources/layout_radio_row_null_top_10children.xml.flat
build	Build with Gradle	2026-06-06T12:25:02.4182849Z Compiling xml file /home/runner/.gradle/caches/8.14/transforms/0a9f0b23f2ae3b3d671937d923da2cba/transformed/glance-appwidget-1.1.1/res/layout/glance_swtch.xml to /home/runner/work/ShizukuPlus/ShizukuPlus/manager/build/intermediates/merged_res/release/mergeReleaseResources/layout_glance_swtch.xml.flat
build	Build with Gradle	2026-06-06T12:25:02.4187140Z Compiling xml file /home/runner/.gradle/caches/8.14/transforms/efa565396efa7c69fa280f54041abb1e/transformed/appcompat-1.6.1/res/color-v23/abc_btn_colored_text_material.xml to /home/runner/work/ShizukuPlus/ShizukuPlus/manager/build/intermediates/merged_res/release/mergeReleaseResources/color-v23_abc_btn_colored_text_material.xml.flat
build	Build with Gradle	2026-06-06T12:25:02.4191396Z Compiling xml file /home/runner/.gradle/caches/8.14/transforms/a6084efd8e6c9ff951c8e72453f81ad6/transformed/material-1.14.0-beta01/res/color/mtrl_text_btn_text_color_selector.xml to /home/runner/work/ShizukuPlus/ShizukuPlus/manager/build/intermediates/merged_res/release/mergeReleaseResources/color_mtrl_text_btn_text_color_selector.xml.flat
build	Build with Gradle	2026-06-06T12:25:02.4195253Z Compiling xml file /home/runner/work/ShizukuPlus/ShizukuPlus/manager/src/main/res/drawable/ic_outline_translate_24.xml to /home/runner/work/ShizukuPlus/ShizukuPlus/manager/build/intermediates/merged_res/release/mergeReleaseResources/drawable_ic_outline_translate_24.xml.flat
build	Build with Gradle	2026-06-06T12:25:02.4259716Z Compiling xml file /home/runner/.gradle/caches/8.14/transforms/0a9f0b23f2ae3b3d671937d923da2cba/transformed/glance-appwidget-1.1.1/res/layout/box_start_top_10children.xml to /home/runner/work/ShizukuPlus/ShizukuPlus/manager/build/intermediates/merged_res/release/mergeReleaseResources/layout_box_start_top_10children.xml.flat
build	Build with Gradle	2026-06-06T12:25:02.4264217Z Compiling xml file /home/runner/.gradle/caches/8.14/transforms/a6084efd8e6c9ff951c8e72453f81ad6/transformed/material-1.14.0-beta01/res/color/m3_card_foreground_color.xml to /home/runner/work/ShizukuPlus/ShizukuPlus/manager/build/intermediates/merged_res/release/mergeReleaseResources/color_m3_card_foreground_color.xml.flat
build	Build with Gradle	2026-06-06T12:25:02.4268433Z Compiling xml file /home/runner/.gradle/caches/8.14/transforms/0a9f0b23f2ae3b3d671937d923da2cba/transformed/glance-appwidget-1.1.1/res/layout-v31/box_child_center_horizontal_bottom_group_3.xml to /home/runner/work/ShizukuPlus/ShizukuPlus/manager/build/intermediates/merged_res/release/mergeReleaseResources/layout-v31_box_child_center_horizontal_bottom_group_3.xml.flat
build	Build with Gradle	2026-06-06T12:25:02.4273319Z Compiling xml file /home/runner/.gradle/caches/8.14/transforms/0a9f0b23f2ae3b3d671937d923da2cba/transformed/glance-appwidget-1.1.1/res/layout-v31/box_child_center_horizontal_bottom_group_7.xml to /home/runner/work/ShizukuPlus/ShizukuPlus/manager/build/intermediates/merged_res/release/mergeReleaseResources/layout-v31_box_child_center_horizontal_bottom_group_7.xml.flat
build	Build with Gradle	2026-06-06T12:25:02.4277551Z Compiling xml file /home/runner/.gradle/caches/8.14/transforms/0a9f0b23f2ae3b3d671937d923da2cba/transformed/glance-appwidget-1.1.1/res/layout-v33/glance_text_start_top.xml to /home/runner/work/ShizukuPlus/ShizukuPlus/manager/build/intermediates/merged_res/release/mergeReleaseResources/layout-v33_glance_text_start_top.xml.flat
build	Build with Gradle	2026-06-06T12:25:02.4281550Z Compiling xml file /home/runner/.gradle/caches/8.14/transforms/a6084efd8e6c9ff951c8e72453f81ad6/transformed/material-1.14.0-beta01/res/color/material_timepicker_button_stroke.xml to /home/runner/work/ShizukuPlus/ShizukuPlus/manager/build/intermediates/merged_res/release/mergeReleaseResources/color_material_timepicker_button_stroke.xml.flat
build	Build with Gradle	2026-06-06T12:25:02.4285835Z Compiling xml file /home/runner/.gradle/caches/8.14/transforms/def85582213ab2870d896da947e1bd2a/transformed/appiconloader-iconloaderlib-1.5.0/res/drawable-v26/adaptive_icon_drawable_wrapper.xml to /home/runner/work/ShizukuPlus/ShizukuPlus/manager/build/intermediates/merged_res/release/mergeReleaseResources/drawable-v26_adaptive_icon_drawable_wrapper.xml.flat
build	Build with Gradle	2026-06-06T12:25:02.4343616Z Compiling xml file /home/runner/.gradle/caches/8.14/transforms/a6084efd8e6c9ff951c8e72453f81ad6/transformed/material-1.14.0-beta01/res/color/material_personalized_color_primary_text_inverse.xml to /home/runner/work/ShizukuPlus/ShizukuPlus/manager/build/intermediates/merged_res/release/mergeReleaseResources/color_material_personalized_color_primary_text_inverse.xml.flat
build	Build with Gradle	2026-06-06T12:25:02.4348214Z Compiling xml file /home/runner/.gradle/caches/8.14/transforms/0a9f0b23f2ae3b3d671937d923da2cba/transformed/glance-appwidget-1.1.1/res/layout/radio_row_null_bottom_1children.xml to /home/runner/work/ShizukuPlus/ShizukuPlus/manager/build/intermediates/merged_res/release/mergeReleaseResources/layout_radio_row_null_bottom_1children.xml.flat
build	Build with Gradle	2026-06-06T12:25:02.4352394Z Compiling xml file /home/runner/.gradle/caches/8.14/transforms/04951a97475aebf6b800f98cdc845e28/transformed/switchbar-1.0.2/res/color/switchbar_text_dark.xml to /home/runner/work/ShizukuPlus/ShizukuPlus/manager/build/intermediates/merged_res/release/mergeReleaseResources/color_switchbar_text_dark.xml.flat
build	Build with Gradle	2026-06-06T12:25:02.4356186Z Compiling xml file /home/runner/.gradle/caches/8.14/transforms/0a9f0b23f2ae3b3d671937d923da2cba/transformed/glance-appwidget-1.1.1/res/layout-v33/column_end_center_vertical.xml to /home/runner/work/ShizukuPlus/ShizukuPlus/manager/build/intermediates/merged_res/release/mergeReleaseResources/layout-v33_column_end_center_vertical.xml.flat
build	Build with Gradle	2026-06-06T12:25:02.4360220Z Compiling xml file /home/runner/.gradle/caches/8.14/transforms/a6084efd8e6c9ff951c8e72453f81ad6/transformed/material-1.14.0-beta01/res/color/m3_checkbox_button_tint.xml to /home/runner/work/ShizukuPlus/ShizukuPlus/manager/build/intermediates/merged_res/release/mergeReleaseResources/color_m3_checkbox_button_tint.xml.flat
build	Build with Gradle	2026-06-06T12:25:02.4364692Z Compiling xml file /home/runner/.gradle/caches/8.14/transforms/0a9f0b23f2ae3b3d671937d923da2cba/transformed/glance-appwidget-1.1.1/res/layout/row_null_bottom_4children.xml to /home/runner/work/ShizukuPlus/ShizukuPlus/manager/build/intermediates/merged_res/release/mergeReleaseResources/layout_row_null_bottom_4children.xml.flat
build	Build with Gradle	2026-06-06T12:25:02.4419649Z Compiling xml file /home/runner/.gradle/caches/8.14/transforms/0a9f0b23f2ae3b3d671937d923da2cba/transformed/glance-appwidget-1.1.1/res/layout/radio_column_end_null_10children.xml to /home/runner/work/ShizukuPlus/ShizukuPlus/manager/build/intermediates/merged_res/release/mergeReleaseResources/layout_radio_column_end_null_10children.xml.flat
build	Build with Gradle	2026-06-06T12:25:02.4424235Z Compiling xml file /home/runner/.gradle/caches/8.14/transforms/0a9f0b23f2ae3b3d671937d923da2cba/transformed/glance-appwidget-1.1.1/res/layout/box_end_center_vertical_8children.xml to /home/runner/work/ShizukuPlus/ShizukuPlus/manager/build/intermediates/merged_res/release/mergeReleaseResources/layout_box_end_center_vertical_8children.xml.flat
build	Build with Gradle	2026-06-06T12:25:02.4429017Z Compiling xml file /home/runner/.gradle/caches/8.14/transforms/0a9f0b23f2ae3b3d671937d923da2cba/transformed/glance-appwidget-1.1.1/res/layout-v33/glance_radio_button_backport_end_center_vertical.xml to /home/runner/work/ShizukuPlus/ShizukuPlus/manager/build/intermediates/merged_res/release/mergeReleaseResources/layout-v33_glance_radio_button_backport_end_center_vertical.xml.flat
build	Build with Gradle	2026-06-06T12:25:02.4433505Z Compiling xml file /home/runner/.gradle/caches/8.14/transforms/efa565396efa7c69fa280f54041abb1e/transformed/appcompat-1.6.1/res/drawable-v21/abc_edit_text_material.xml to /home/runner/work/ShizukuPlus/ShizukuPlus/manager/build/intermediates/merged_res/release/mergeReleaseResources/drawable-v21_abc_edit_text_material.xml.flat
build	Build with Gradle	2026-06-06T12:25:02.4437960Z Compiling xml file /home/runner/.gradle/caches/8.14/transforms/0a9f0b23f2ae3b3d671937d923da2cba/transformed/glance-appwidget-1.1.1/res/layout/row_null_center_vertical_6children.xml to /home/runner/work/ShizukuPlus/ShizukuPlus/manager/build/intermediates/merged_res/release/mergeReleaseResources/layout_row_null_center_vertical_6children.xml.flat
build	Build with Gradle	2026-06-06T12:25:02.4442459Z Compiling xml file /home/runner/work/ShizukuPlus/ShizukuPlus/manager/build/generated/materialThemeBuilder/release/res/color/m3_text_color_on_primary_high_emphasis.xml to /home/runner/work/ShizukuPlus/ShizukuPlus/manager/build/intermediates/merged_res/release/mergeReleaseResources/color_m3_text_color_on_primary_high_emphasis.xml.flat
build	Build with Gradle	2026-06-06T12:25:02.4447033Z Compiling xml file /home/runner/.gradle/caches/8.14/transforms/a18f3e8414f2ba4eb382dd01375ab089/transformed/core-1.16.0/res/layout-v21/notification_template_icon_group.xml to /home/runner/work/ShizukuPlus/ShizukuPlus/manager/build/intermediates/merged_res/release/mergeReleaseResources/layout-v21_notification_template_icon_group.xml.flat
build	Build with Gradle	2026-06-06T12:25:02.4522380Z Compiling xml file /home/runner/.gradle/caches/8.14/transforms/efa565396efa7c69fa280f54041abb1e/transformed/appcompat-1.6.1/res/drawable/abc_ic_menu_overflow_material.xml to /home/runner/work/ShizukuPlus/ShizukuPlus/manager/build/intermediates/merged_res/release/mergeReleaseResources/drawable_abc_ic_menu_overflow_material.xml.flat
build	Build with Gradle	2026-06-06T12:25:02.4526980Z Compiling xml file /home/runner/.gradle/caches/8.14/transforms/efa565396efa7c69fa280f54041abb1e/transformed/appcompat-1.6.1/res/drawable/abc_btn_radio_material_anim.xml to /home/runner/work/ShizukuPlus/ShizukuPlus/manager/build/intermediates/merged_res/release/mergeReleaseResources/drawable_abc_btn_radio_material_anim.xml.flat
build	Build with Gradle	2026-06-06T12:25:02.4531308Z Compiling xml file /home/runner/.gradle/caches/8.14/transforms/a6084efd8e6c9ff951c8e72453f81ad6/transformed/material-1.14.0-beta01/res/color/m3_timepicker_button_ripple_color.xml to /home/runner/work/ShizukuPlus/ShizukuPlus/manager/build/intermediates/merged_res/release/mergeReleaseResources/color_m3_timepicker_button_ripple_color.xml.flat
build	Build with Gradle	2026-06-06T12:25:02.4535592Z Compiling xml file /home/runner/.gradle/caches/8.14/transforms/a6084efd8e6c9ff951c8e72453f81ad6/transformed/material-1.14.0-beta01/res/drawable/material_shape_oval.xml to /home/runner/work/ShizukuPlus/ShizukuPlus/manager/build/intermediates/merged_res/release/mergeReleaseResources/drawable_material_shape_oval.xml.flat
build	Build with Gradle	2026-06-06T12:25:02.4539244Z Compiling xml file /home/runner/.gradle/caches/8.14/transforms/0a9f0b23f2ae3b3d671937d923da2cba/transformed/glance-appwidget-1.1.1/res/layout/column_end_null_7children.xml to /home/runner/work/ShizukuPlus/ShizukuPlus/manager/build/intermediates/merged_res/release/mergeReleaseResources/layout_column_end_null_7children.xml.flat
build	Build with Gradle	2026-06-06T12:25:02.4543009Z Compiling xml file /home/runner/work/ShizukuPlus/ShizukuPlus/manager/src/main/res/drawable/ic_settings_outline_24.xml to /home/runner/work/ShizukuPlus/ShizukuPlus/manager/build/intermediates/merged_res/release/mergeReleaseResources/drawable_ic_settings_outline_24.xml.flat
build	Build with Gradle	2026-06-06T12:25:02.4546788Z Compiling xml file /home/runner/.gradle/caches/8.14/transforms/a8ffae57e8eb844c745e6c38f24a5dc3/transformed/preference-1.2.1/res/layout/preference_information_material.xml to /home/runner/work/ShizukuPlus/ShizukuPlus/manager/build/intermediates/merged_res/release/mergeReleaseResources/layout_preference_information_material.xml.flat
build	Build with Gradle	2026-06-06T12:25:02.4591421Z Compiling xml file /home/runner/.gradle/caches/8.14/transforms/a6084efd8e6c9ff951c8e72453f81ad6/transformed/material-1.14.0-beta01/res/drawable/material_shape_cookie_9.xml to /home/runner/work/ShizukuPlus/ShizukuPlus/manager/build/intermediates/merged_res/release/mergeReleaseResources/drawable_material_shape_cookie_9.xml.flat
build	Build with Gradle	2026-06-06T12:25:02.4595726Z Compiling xml file /home/runner/.gradle/caches/8.14/transforms/0a9f0b23f2ae3b3d671937d923da2cba/transformed/glance-appwidget-1.1.1/res/layout/box_end_center_vertical_6children.xml to /home/runner/work/ShizukuPlus/ShizukuPlus/manager/build/intermediates/merged_res/release/mergeReleaseResources/layout_box_end_center_vertical_6children.xml.flat
build	Build with Gradle	2026-06-06T12:25:02.4600573Z Compiling xml file /home/runner/.gradle/caches/8.14/transforms/0a9f0b23f2ae3b3d671937d923da2cba/transformed/glance-appwidget-1.1.1/res/layout-v33/radio_row_center_horizontal_center_vertical.xml to /home/runner/work/ShizukuPlus/ShizukuPlus/manager/build/intermediates/merged_res/release/mergeReleaseResources/layout-v33_radio_row_center_horizontal_center_vertical.xml.flat
build	Build with Gradle	2026-06-06T12:25:02.4605101Z Compiling xml file /home/runner/.gradle/caches/8.14/transforms/a6084efd8e6c9ff951c8e72453f81ad6/transformed/material-1.14.0-beta01/res/animator/design_fab_show_motion_spec.xml to /home/runner/work/ShizukuPlus/ShizukuPlus/manager/build/intermediates/merged_res/release/mergeReleaseResources/animator_design_fab_show_motion_spec.xml.flat
build	Build with Gradle	2026-06-06T12:25:02.4610138Z Compiling xml file /home/runner/.gradle/caches/8.14/transforms/efa565396efa7c69fa280f54041abb1e/transformed/appcompat-1.6.1/res/color-v23/abc_color_highlight_material.xml to /home/runner/work/ShizukuPlus/ShizukuPlus/manager/build/intermediates/merged_res/release/mergeReleaseResources/color-v23_abc_color_highlight_material.xml.flat
build	Build with Gradle	2026-06-06T12:25:02.4614843Z Compiling xml file /home/runner/.gradle/caches/8.14/transforms/0a9f0b23f2ae3b3d671937d923da2cba/transformed/glance-appwidget-1.1.1/res/layout/complex_match_wrap.xml to /home/runner/work/ShizukuPlus/ShizukuPlus/manager/build/intermediates/merged_res/release/mergeReleaseResources/layout_complex_match_wrap.xml.flat
build	Build with Gradle	2026-06-06T12:25:02.4644395Z Compiling xml file /home/runner/.gradle/caches/8.14/transforms/0a9f0b23f2ae3b3d671937d923da2cba/transformed/glance-appwidget-1.1.1/res/layout-v33/glance_image_crop_start_bottom.xml to /home/runner/work/ShizukuPlus/ShizukuPlus/manager/build/intermediates/merged_res/release/mergeReleaseResources/layout-v33_glance_image_crop_start_bottom.xml.flat
build	Build with Gradle	2026-06-06T12:25:02.4648852Z Compiling xml file /home/runner/.gradle/caches/8.14/transforms/a6084efd8e6c9ff951c8e72453f81ad6/transformed/material-1.14.0-beta01/res/layout/mtrl_alert_dialog.xml to /home/runner/work/ShizukuPlus/ShizukuPlus/manager/build/intermediates/merged_res/release/mergeReleaseResources/layout_mtrl_alert_dialog.xml.flat
build	Build with Gradle	2026-06-06T12:25:02.4653597Z Compiling xml file /home/runner/.gradle/caches/8.14/transforms/0a9f0b23f2ae3b3d671937d923da2cba/transformed/glance-appwidget-1.1.1/res/layout-v33/glance_image_fill_bounds_decorative_start_top.xml to /home/runner/work/ShizukuPlus/ShizukuPlus/manager/build/intermediates/merged_res/release/mergeReleaseResources/layout-v33_glance_image_fill_bounds_decorative_start_top.xml.flat
build	Build with Gradle	2026-06-06T12:25:02.4659543Z Compiling xml file /home/runner/.gradle/caches/8.14/transforms/0a9f0b23f2ae3b3d671937d923da2cba/transformed/glance-appwidget-1.1.1/res/layout-v33/glance_circular_progress_indicator_center_horizontal_top.xml to /home/runner/work/ShizukuPlus/ShizukuPlus/manager/build/intermediates/merged_res/release/mergeReleaseResources/layout-v33_glance_circular_progress_indicator_center_horizontal_top.xml.flat
build	Build with Gradle	2026-06-06T12:25:02.4664858Z Compiling xml file /home/runner/.gradle/caches/8.14/transforms/0a9f0b23f2ae3b3d671937d923da2cba/transformed/glance-appwidget-1.1.1/res/layout/radio_row_null_center_vertical_7children.xml to /home/runner/work/ShizukuPlus/ShizukuPlus/manager/build/intermediates/merged_res/release/mergeReleaseResources/layout_radio_row_null_center_vertical_7children.xml.flat
build	Build with Gradle	2026-06-06T12:25:02.4700601Z Compiling xml file /home/runner/.gradle/caches/8.14/transforms/0a9f0b23f2ae3b3d671937d923da2cba/transformed/glance-appwidget-1.1.1/res/layout-v33/box_center_horizontal_bottom.xml to /home/runner/work/ShizukuPlus/ShizukuPlus/manager/build/intermediates/merged_res/release/mergeReleaseResources/layout-v33_box_center_horizontal_bottom.xml.flat
build	Build with Gradle	2026-06-06T12:25:02.4705369Z Compiling xml file /home/runner/work/ShizukuPlus/ShizukuPlus/core/ui/build/intermediates/packaged_res/release/packageReleaseResources/layout/empty_state_view.xml to /home/runner/work/ShizukuPlus/ShizukuPlus/manager/build/intermediates/merged_res/release/mergeReleaseResources/layout_empty_state_view.xml.flat
build	Build with Gradle	2026-06-06T12:25:02.4710041Z Compiling xml file /home/runner/.gradle/caches/8.14/transforms/0a9f0b23f2ae3b3d671937d923da2cba/transformed/glance-appwidget-1.1.1/res/drawable/glance_btn_radio_on_mtrl.xml to /home/runner/work/ShizukuPlus/ShizukuPlus/manager/build/intermediates/merged_res/release/mergeReleaseResources/drawable_glance_btn_radio_on_mtrl.xml.flat
build	Build with Gradle	2026-06-06T12:25:02.4714502Z Compiling xml file /home/runner/.gradle/caches/8.14/transforms/a6084efd8e6c9ff951c8e72453f81ad6/transformed/material-1.14.0-beta01/res/layout/design_menu_item_action_area.xml to /home/runner/work/ShizukuPlus/ShizukuPlus/manager/build/intermediates/merged_res/release/mergeReleaseResources/layout_design_menu_item_action_area.xml.flat
build	Build with Gradle	2026-06-06T12:25:02.4718996Z Compiling xml file /home/runner/.gradle/caches/8.14/transforms/a6084efd8e6c9ff951c8e72453f81ad6/transformed/material-1.14.0-beta01/res/layout/material_clockface_view.xml to /home/runner/work/ShizukuPlus/ShizukuPlus/manager/build/intermediates/merged_res/release/mergeReleaseResources/layout_material_clockface_view.xml.flat
build	Build with Gradle	2026-06-06T12:25:02.4723603Z Compiling xml file /home/runner/.gradle/caches/8.14/transforms/a6084efd8e6c9ff951c8e72453f81ad6/transformed/material-1.14.0-beta01/res/color/m3_list_item_overline_color_selector.xml to /home/runner/work/ShizukuPlus/ShizukuPlus/manager/build/intermediates/merged_res/release/mergeReleaseResources/color_m3_list_item_overline_color_selector.xml.flat
build	Build with Gradle	2026-06-06T12:25:02.4758796Z Compiling xml file /home/runner/.gradle/caches/8.14/transforms/0a9f0b23f2ae3b3d671937d923da2cba/transformed/glance-appwidget-1.1.1/res/layout/column_end_null_4children.xml to /home/runner/work/ShizukuPlus/ShizukuPlus/manager/build/intermediates/merged_res/release/mergeReleaseResources/layout_column_end_null_4children.xml.flat
build	Build with Gradle	2026-06-06T12:25:02.4762909Z Compiling xml file /home/runner/.gradle/caches/8.14/transforms/a8ffae57e8eb844c745e6c38f24a5dc3/transformed/preference-1.2.1/res/layout/preference_dropdown.xml to /home/runner/work/ShizukuPlus/ShizukuPlus/manager/build/intermediates/merged_res/release/mergeReleaseResources/layout_preference_dropdown.xml.flat
build	Build with Gradle	2026-06-06T12:25:02.4767588Z Compiling xml file /home/runner/.gradle/caches/8.14/transforms/0a9f0b23f2ae3b3d671937d923da2cba/transformed/glance-appwidget-1.1.1/res/layout-v31/box_child_end_center_vertical_group_8.xml to /home/runner/work/ShizukuPlus/ShizukuPlus/manager/build/intermediates/merged_res/release/mergeReleaseResources/layout-v31_box_child_end_center_vertical_group_8.xml.flat
build	Build with Gradle	2026-06-06T12:25:02.4772840Z Compiling xml file /home/runner/.gradle/caches/8.14/transforms/0a9f0b23f2ae3b3d671937d923da2cba/transformed/glance-appwidget-1.1.1/res/layout-v31/box_child_end_center_vertical_group_7.xml to /home/runner/work/ShizukuPlus/ShizukuPlus/manager/build/intermediates/merged_res/release/mergeReleaseResources/layout-v31_box_child_end_center_vertical_group_7.xml.flat
build	Build with Gradle	2026-06-06T12:25:02.4778030Z Compiling xml file /home/runner/.gradle/caches/8.14/transforms/0a9f0b23f2ae3b3d671937d923da2cba/transformed/glance-appwidget-1.1.1/res/layout-v31/box_child_end_center_vertical_group_3.xml to /home/runner/work/ShizukuPlus/ShizukuPlus/manager/build/intermediates/merged_res/release/mergeReleaseResources/layout-v31_box_child_end_center_vertical_group_3.xml.flat
build	Build with Gradle	2026-06-06T12:25:02.4783375Z Compiling xml file /home/runner/.gradle/caches/8.14/transforms/0a9f0b23f2ae3b3d671937d923da2cba/transformed/glance-appwidget-1.1.1/res/interpolator/glance_btn_radio_to_on_mtrl_animation_interpolator_0.xml to /home/runner/work/ShizukuPlus/ShizukuPlus/manager/build/intermediates/merged_res/release/mergeReleaseResources/interpolator_glance_btn_radio_to_on_mtrl_animation_interpolator_0.xml.flat
build	Build with Gradle	2026-06-06T12:25:02.4819037Z Compiling xml file /home/runner/.gradle/caches/8.14/transforms/0a9f0b23f2ae3b3d671937d923da2cba/transformed/glance-appwidget-1.1.1/res/drawable/glance_btn_checkbox_unchecked_to_checked_mtrl_animation.xml to /home/runner/work/ShizukuPlus/ShizukuPlus/manager/build/intermediates/merged_res/release/mergeReleaseResources/drawable_glance_btn_checkbox_unchecked_to_checked_mtrl_animation.xml.flat
build	Build with Gradle	2026-06-06T12:25:02.4823520Z Compiling xml file /home/runner/.gradle/caches/8.14/transforms/0a9f0b23f2ae3b3d671937d923da2cba/transformed/glance-appwidget-1.1.1/res/layout/column_end_null_8children.xml to /home/runner/work/ShizukuPlus/ShizukuPlus/manager/build/intermediates/merged_res/release/mergeReleaseResources/layout_column_end_null_8children.xml.flat
build	Build with Gradle	2026-06-06T12:25:02.4827983Z Compiling xml file /home/runner/.gradle/caches/8.14/transforms/f85a8706e3d3bf4df310b1b8ed66a067/transformed/material-2.7.2/res/layout/rd_alert_dialog.xml to /home/runner/work/ShizukuPlus/ShizukuPlus/manager/build/intermediates/merged_res/release/mergeReleaseResources/layout_rd_alert_dialog.xml.flat
build	Build with Gradle	2026-06-06T12:25:02.4832549Z Compiling xml file /home/runner/.gradle/caches/8.14/transforms/a18f3e8414f2ba4eb382dd01375ab089/transformed/core-1.16.0/res/layout-v21/notification_action_tombstone.xml to /home/runner/work/ShizukuPlus/ShizukuPlus/manager/build/intermediates/merged_res/release/mergeReleaseResources/layout-v21_notification_action_tombstone.xml.flat
build	Build with Gradle	2026-06-06T12:25:02.4838010Z Compiling xml file /home/runner/.gradle/caches/8.14/transforms/0a9f0b23f2ae3b3d671937d923da2cba/transformed/glance-appwidget-1.1.1/res/layout-v33/glance_image_crop_wrapwidth_expandheight.xml to /home/runner/work/ShizukuPlus/ShizukuPlus/manager/build/intermediates/merged_res/release/mergeReleaseResources/layout-v33_glance_image_crop_wrapwidth_expandheight.xml.flat
build	Build with Gradle	2026-06-06T12:25:02.4843769Z Compiling xml file /home/runner/work/ShizukuPlus/ShizukuPlus/manager/build/generated/materialThemeBuilder/release/res/color/m3_text_color_on_tertiary_medium_emphasis.xml to /home/runner/work/ShizukuPlus/ShizukuPlus/manager/build/intermediates/merged_res/release/mergeReleaseResources/color_m3_text_color_on_tertiary_medium_emphasis.xml.flat
build	Build with Gradle	2026-06-06T12:25:02.4879445Z Compiling xml file /home/runner/.gradle/caches/8.14/transforms/0a9f0b23f2ae3b3d671937d923da2cba/transformed/glance-appwidget-1.1.1/res/layout-v33/glance_vertical_grid_one_column_expandwidth_wrapheight.xml to /home/runner/work/ShizukuPlus/ShizukuPlus/manager/build/intermediates/merged_res/release/mergeReleaseResources/layout-v33_glance_vertical_grid_one_column_expandwidth_wrapheight.xml.flat
build	Build with Gradle	2026-06-06T12:25:02.4884851Z Compiling xml file /home/runner/.gradle/caches/8.14/transforms/0a9f0b23f2ae3b3d671937d923da2cba/transformed/glance-appwidget-1.1.1/res/layout-v31/column_child_start_null_group_4.xml to /home/runner/work/ShizukuPlus/ShizukuPlus/manager/build/intermediates/merged_res/release/mergeReleaseResources/layout-v31_column_child_start_null_group_4.xml.flat
build	Build with Gradle	2026-06-06T12:25:02.4890375Z Compiling xml file /home/runner/.gradle/caches/8.14/transforms/0a9f0b23f2ae3b3d671937d923da2cba/transformed/glance-appwidget-1.1.1/res/layout-v31/column_child_start_null_group_9.xml to /home/runner/work/ShizukuPlus/ShizukuPlus/manager/build/intermediates/merged_res/release/mergeReleaseResources/layout-v31_column_child_start_null_group_9.xml.flat
build	Build with Gradle	2026-06-06T12:25:02.4895308Z Compiling xml file /home/runner/.gradle/caches/8.14/transforms/0a9f0b23f2ae3b3d671937d923da2cba/transformed/glance-appwidget-1.1.1/res/layout-v31/column_child_start_null_group_7.xml to /home/runner/work/ShizukuPlus/ShizukuPlus/manager/build/intermediates/merged_res/release/mergeReleaseResources/layout-v31_column_child_start_null_group_7.xml.flat
build	Build with Gradle	2026-06-06T12:25:02.4900327Z Compiling xml file /home/runner/.gradle/caches/8.14/transforms/0a9f0b23f2ae3b3d671937d923da2cba/transformed/glance-appwidget-1.1.1/res/layout/box_end_center_vertical_1children.xml to /home/runner/work/ShizukuPlus/ShizukuPlus/manager/build/intermediates/merged_res/release/mergeReleaseResources/layout_box_end_center_vertical_1children.xml.flat
build	Build with Gradle	2026-06-06T12:25:02.4905654Z Compiling xml file /home/runner/.gradle/caches/8.14/transforms/a6084efd8e6c9ff951c8e72453f81ad6/transformed/material-1.14.0-beta01/res/drawable-v24/m3_focus_ring_toolbar_selectable_item_background_borderless.xml to /home/runner/work/ShizukuPlus/ShizukuPlus/manager/build/intermediates/merged_res/release/mergeReleaseResources/drawable-v24_m3_focus_ring_toolbar_selectable_item_background_borderless.xml.flat
build	Build with Gradle	2026-06-06T12:25:02.4941361Z Compiling xml file /home/runner/.gradle/caches/8.14/transforms/a6084efd8e6c9ff951c8e72453f81ad6/transformed/material-1.14.0-beta01/res/drawable/mtrl_switch_thumb_pressed_checked.xml to /home/runner/work/ShizukuPlus/ShizukuPlus/manager/build/intermediates/merged_res/release/mergeReleaseResources/drawable_mtrl_switch_thumb_pressed_checked.xml.flat
build	Build with Gradle	2026-06-06T12:25:02.4946219Z Compiling xml file /home/runner/.gradle/caches/8.14/transforms/0a9f0b23f2ae3b3d671937d923da2cba/transformed/glance-appwidget-1.1.1/res/layout-v31/box_child_center_horizontal_center_vertical_group_4.xml to /home/runner/work/ShizukuPlus/ShizukuPlus/manager/build/intermediates/merged_res/release/mergeReleaseResources/layout-v31_box_child_center_horizontal_center_vertical_group_4.xml.flat
build	Build with Gradle	2026-06-06T12:25:02.4951366Z Compiling xml file /home/runner/.gradle/caches/8.14/transforms/0a9f0b23f2ae3b3d671937d923da2cba/transformed/glance-appwidget-1.1.1/res/layout-v33/glance_text_center_horizontal_bottom.xml to /home/runner/work/ShizukuPlus/ShizukuPlus/manager/build/intermediates/merged_res/release/mergeReleaseResources/layout-v33_glance_text_center_horizontal_bottom.xml.flat
build	Build with Gradle	2026-06-06T12:25:02.4956341Z Compiling xml file /home/runner/.gradle/caches/8.14/transforms/0a9f0b23f2ae3b3d671937d923da2cba/transformed/glance-appwidget-1.1.1/res/layout-v31/box_child_center_horizontal_center_vertical_group_7.xml to /home/runner/work/ShizukuPlus/ShizukuPlus/manager/build/intermediates/merged_res/release/mergeReleaseResources/layout-v31_box_child_center_horizontal_center_vertical_group_7.xml.flat
build	Build with Gradle	2026-06-06T12:25:02.4961868Z Compiling xml file /home/runner/.gradle/caches/8.14/transforms/0a9f0b23f2ae3b3d671937d923da2cba/transformed/glance-appwidget-1.1.1/res/layout-v33/glance_radio_button_backport_start_center_vertical.xml to /home/runner/work/ShizukuPlus/ShizukuPlus/manager/build/intermediates/merged_res/release/mergeReleaseResources/layout-v33_glance_radio_button_backport_start_center_vertical.xml.flat
build	Build with Gradle	2026-06-06T12:25:02.4966701Z Compiling xml file /home/runner/work/ShizukuPlus/ShizukuPlus/manager/build/intermediates/incremental/release/mergeReleaseResources/stripped.dir/layout/home_learn_more.xml to /home/runner/work/ShizukuPlus/ShizukuPlus/manager/build/intermediates/merged_res/release/mergeReleaseResources/layout_home_learn_more.xml.flat
build	Build with Gradle	2026-06-06T12:25:02.5052222Z Compiling xml file /home/runner/.gradle/caches/8.14/transforms/efa565396efa7c69fa280f54041abb1e/transformed/appcompat-1.6.1/res/drawable/abc_item_background_holo_light.xml to /home/runner/work/ShizukuPlus/ShizukuPlus/manager/build/intermediates/merged_res/release/mergeReleaseResources/drawable_abc_item_background_holo_light.xml.flat
build	Build with Gradle	2026-06-06T12:25:02.5056827Z Compiling xml file /home/runner/.gradle/caches/8.14/transforms/0a9f0b23f2ae3b3d671937d923da2cba/transformed/glance-appwidget-1.1.1/res/layout-v33/row_start_bottom.xml to /home/runner/work/ShizukuPlus/ShizukuPlus/manager/build/intermediates/merged_res/release/mergeReleaseResources/layout-v33_row_start_bottom.xml.flat
build	Build with Gradle	2026-06-06T12:25:02.5061339Z Compiling xml file /home/runner/.gradle/caches/8.14/transforms/a6084efd8e6c9ff951c8e72453f81ad6/transformed/material-1.14.0-beta01/res/drawable-v24/m3_focus_ring_list_selector_background.xml to /home/runner/work/ShizukuPlus/ShizukuPlus/manager/build/intermediates/merged_res/release/mergeReleaseResources/drawable-v24_m3_focus_ring_list_selector_background.xml.flat
build	Build with Gradle	2026-06-06T12:25:02.5066044Z Compiling xml file /home/runner/.gradle/caches/8.14/transforms/a6084efd8e6c9ff951c8e72453f81ad6/transformed/material-1.14.0-beta01/res/drawable/material_shape_pixel_circle.xml to /home/runner/work/ShizukuPlus/ShizukuPlus/manager/build/intermediates/merged_res/release/mergeReleaseResources/drawable_material_shape_pixel_circle.xml.flat
build	Build with Gradle	2026-06-06T12:25:02.5070556Z Compiling xml file /home/runner/.gradle/caches/8.14/transforms/a6084efd8e6c9ff951c8e72453f81ad6/transformed/material-1.14.0-beta01/res/layout/mtrl_picker_header_selection_text.xml to /home/runner/work/ShizukuPlus/ShizukuPlus/manager/build/intermediates/merged_res/release/mergeReleaseResources/layout_mtrl_picker_header_selection_text.xml.flat
build	Build with Gradle	2026-06-06T12:25:02.5074943Z Compiling xml file /home/runner/.gradle/caches/8.14/transforms/efa565396efa7c69fa280f54041abb1e/transformed/appcompat-1.6.1/res/drawable/tooltip_frame_light.xml to /home/runner/work/ShizukuPlus/ShizukuPlus/manager/build/intermediates/merged_res/release/mergeReleaseResources/drawable_tooltip_frame_light.xml.flat
build	Build with Gradle	2026-06-06T12:25:02.5108848Z Compiling xml file /home/runner/.gradle/caches/8.14/transforms/0a9f0b23f2ae3b3d671937d923da2cba/transformed/glance-appwidget-1.1.1/res/layout/row_null_top_0children.xml to /home/runner/work/ShizukuPlus/ShizukuPlus/manager/build/intermediates/merged_res/release/mergeReleaseResources/layout_row_null_top_0children.xml.flat
build	Build with Gradle	2026-06-06T12:25:02.5113137Z Compiling xml file /home/runner/.gradle/caches/8.14/transforms/0a9f0b23f2ae3b3d671937d923da2cba/transformed/glance-appwidget-1.1.1/res/layout/box_start_bottom_6children.xml to /home/runner/work/ShizukuPlus/ShizukuPlus/manager/build/intermediates/merged_res/release/mergeReleaseResources/layout_box_start_bottom_6children.xml.flat
build	Build with Gradle	2026-06-06T12:25:02.5117314Z Compiling xml file /home/runner/.gradle/caches/8.14/transforms/f85a8706e3d3bf4df310b1b8ed66a067/transformed/material-2.7.2/res/color/m3_light_text_color_hint.xml to /home/runner/work/ShizukuPlus/ShizukuPlus/manager/build/intermediates/merged_res/release/mergeReleaseResources/color_m3_light_text_color_hint.xml.flat
build	Build with Gradle	2026-06-06T12:25:02.5121933Z Compiling xml file /home/runner/.gradle/caches/8.14/transforms/0a9f0b23f2ae3b3d671937d923da2cba/transformed/glance-appwidget-1.1.1/res/layout/box_end_center_vertical_3children.xml to /home/runner/work/ShizukuPlus/ShizukuPlus/manager/build/intermediates/merged_res/release/mergeReleaseResources/layout_box_end_center_vertical_3children.xml.flat
build	Build with Gradle	2026-06-06T12:25:02.5126523Z Compiling xml file /home/runner/.gradle/caches/8.14/transforms/a6084efd8e6c9ff951c8e72453f81ad6/transformed/material-1.14.0-beta01/res/layout/m3_alert_dialog_title.xml to /home/runner/work/ShizukuPlus/ShizukuPlus/manager/build/intermediates/merged_res/release/mergeReleaseResources/layout_m3_alert_dialog_title.xml.flat
build	Build with Gradle	2026-06-06T12:25:02.5130925Z Compiling xml file /home/runner/work/ShizukuPlus/ShizukuPlus/manager/build/intermediates/incremental/release/mergeReleaseResources/stripped.dir/layout/item_activity_log.xml to /home/runner/work/ShizukuPlus/ShizukuPlus/manager/build/intermediates/merged_res/release/mergeReleaseResources/layout_item_activity_log.xml.flat
build	Build with Gradle	2026-06-06T12:25:02.5135317Z Compiling xml file /home/runner/.gradle/caches/8.14/transforms/0a9f0b23f2ae3b3d671937d923da2cba/transformed/glance-appwidget-1.1.1/res/layout/box_start_bottom_2children.xml to /home/runner/work/ShizukuPlus/ShizukuPlus/manager/build/intermediates/merged_res/release/mergeReleaseResources/layout_box_start_bottom_2children.xml.flat
build	Build with Gradle	2026-06-06T12:25:02.5212455Z Compiling xml file /home/runner/work/ShizukuPlus/ShizukuPlus/manager/src/main/res/drawable/ic_palette_24.xml to /home/runner/work/ShizukuPlus/ShizukuPlus/manager/build/intermediates/merged_res/release/mergeReleaseResources/drawable_ic_palette_24.xml.flat
build	Build with Gradle	2026-06-06T12:25:02.5216422Z Compiling xml file /home/runner/.gradle/caches/8.14/transforms/0a9f0b23f2ae3b3d671937d923da2cba/transformed/glance-appwidget-1.1.1/res/layout/row_child_null_bottom_group_0.xml to /home/runner/work/ShizukuPlus/ShizukuPlus/manager/build/intermediates/merged_res/release/mergeReleaseResources/layout_row_child_null_bottom_group_0.xml.flat
build	Build with Gradle	2026-06-06T12:25:02.5220975Z Compiling xml file /home/runner/.gradle/caches/8.14/transforms/0a9f0b23f2ae3b3d671937d923da2cba/transformed/glance-appwidget-1.1.1/res/layout/row_child_null_bottom_group_2.xml to /home/runner/work/ShizukuPlus/ShizukuPlus/manager/build/intermediates/merged_res/release/mergeReleaseResources/layout_row_child_null_bottom_group_2.xml.flat
build	Build with Gradle	2026-06-06T12:25:02.5225263Z Compiling xml file /home/runner/.gradle/caches/8.14/transforms/0a9f0b23f2ae3b3d671937d923da2cba/transformed/glance-appwidget-1.1.1/res/layout/row_child_null_bottom_group_6.xml to /home/runner/work/ShizukuPlus/ShizukuPlus/manager/build/intermediates/merged_res/release/mergeReleaseResources/layout_row_child_null_bottom_group_6.xml.flat
build	Build with Gradle	2026-06-06T12:25:02.5229919Z Compiling xml file /home/runner/.gradle/caches/8.14/transforms/a6084efd8e6c9ff951c8e72453f81ad6/transformed/material-1.14.0-beta01/res/layout-sw600dp-v13/design_layout_snackbar.xml to /home/runner/work/ShizukuPlus/ShizukuPlus/manager/build/intermediates/merged_res/release/mergeReleaseResources/layout-sw600dp-v13_design_layout_snackbar.xml.flat
build	Build with Gradle	2026-06-06T12:25:02.5234375Z Compiling xml file /home/runner/.gradle/caches/8.14/transforms/efa565396efa7c69fa280f54041abb1e/transformed/appcompat-1.6.1/res/layout/support_simple_spinner_dropdown_item.xml to /home/runner/work/ShizukuPlus/ShizukuPlus/manager/build/intermediates/merged_res/release/mergeReleaseResources/layout_support_simple_spinner_dropdown_item.xml.flat
build	Build with Gradle	2026-06-06T12:25:02.5309178Z Compiling xml file /home/runner/.gradle/caches/8.14/transforms/efa565396efa7c69fa280f54041abb1e/transformed/appcompat-1.6.1/res/interpolator/fast_out_slow_in.xml to /home/runner/work/ShizukuPlus/ShizukuPlus/manager/build/intermediates/merged_res/release/mergeReleaseResources/interpolator_fast_out_slow_in.xml.flat
build	Build with Gradle	2026-06-06T12:25:02.5313976Z Compiling xml file /home/runner/work/ShizukuPlus/ShizukuPlus/manager/build/intermediates/incremental/release/mergeReleaseResources/stripped.dir/layout/layout_storage_bridge_diagram.xml to /home/runner/work/ShizukuPlus/ShizukuPlus/manager/build/intermediates/merged_res/release/mergeReleaseResources/layout_layout_storage_bridge_diagram.xml.flat
build	Build with Gradle	2026-06-06T12:25:02.5318932Z Compiling xml file /home/runner/.gradle/caches/8.14/transforms/0a9f0b23f2ae3b3d671937d923da2cba/transformed/glance-appwidget-1.1.1/res/layout/box_child_center_horizontal_center_vertical_group_3.xml to /home/runner/work/ShizukuPlus/ShizukuPlus/manager/build/intermediates/merged_res/release/mergeReleaseResources/layout_box_child_center_horizontal_center_vertical_group_3.xml.flat
build	Build with Gradle	2026-06-06T12:25:02.5324325Z Compiling xml file /home/runner/.gradle/caches/8.14/transforms/0a9f0b23f2ae3b3d671937d923da2cba/transformed/glance-appwidget-1.1.1/res/layout/box_child_center_horizontal_center_vertical_group_6.xml to /home/runner/work/ShizukuPlus/ShizukuPlus/manager/build/intermediates/merged_res/release/mergeReleaseResources/layout_box_child_center_horizontal_center_vertical_group_6.xml.flat
build	Build with Gradle	2026-06-06T12:25:02.5329582Z Compiling xml file /home/runner/.gradle/caches/8.14/transforms/0a9f0b23f2ae3b3d671937d923da2cba/transformed/glance-appwidget-1.1.1/res/layout/box_child_center_horizontal_center_vertical_group_9.xml to /home/runner/work/ShizukuPlus/ShizukuPlus/manager/build/intermediates/merged_res/release/mergeReleaseResources/layout_box_child_center_horizontal_center_vertical_group_9.xml.flat
build	Build with Gradle	2026-06-06T12:25:02.5334537Z Compiling xml file /home/runner/.gradle/caches/8.14/transforms/0a9f0b23f2ae3b3d671937d923da2cba/transformed/glance-appwidget-1.1.1/res/layout-v33/glance_linear_progress_indicator_start_top.xml to /home/runner/work/ShizukuPlus/ShizukuPlus/manager/build/intermediates/merged_res/release/mergeReleaseResources/layout-v33_glance_linear_progress_indicator_start_top.xml.flat
build	Build with Gradle	2026-06-06T12:25:02.5389775Z Compiling xml file /home/runner/.gradle/caches/8.14/transforms/a6084efd8e6c9ff951c8e72453f81ad6/transformed/material-1.14.0-beta01/res/layout/design_text_input_start_icon.xml to /home/runner/work/ShizukuPlus/ShizukuPlus/manager/build/intermediates/merged_res/release/mergeReleaseResources/layout_design_text_input_start_icon.xml.flat
build	Build with Gradle	2026-06-06T12:25:02.5394323Z Compiling xml file /home/runner/.gradle/caches/8.14/transforms/a6084efd8e6c9ff951c8e72453f81ad6/transformed/material-1.14.0-beta01/res/layout/mtrl_calendar_vertical.xml to /home/runner/work/ShizukuPlus/ShizukuPlus/manager/build/intermediates/merged_res/release/mergeReleaseResources/layout_mtrl_calendar_vertical.xml.flat
build	Build with Gradle	2026-06-06T12:25:02.5398979Z Compiling xml file /home/runner/.gradle/caches/8.14/transforms/0a9f0b23f2ae3b3d671937d923da2cba/transformed/glance-appwidget-1.1.1/res/layout-v33/glance_image_fit_decorative_end_center_vertical.xml to /home/runner/work/ShizukuPlus/ShizukuPlus/manager/build/intermediates/merged_res/release/mergeReleaseResources/layout-v33_glance_image_fit_decorative_end_center_vertical.xml.flat
build	Build with Gradle	2026-06-06T12:25:02.5403823Z Compiling xml file /home/runner/.gradle/caches/8.14/transforms/0a9f0b23f2ae3b3d671937d923da2cba/transformed/glance-appwidget-1.1.1/res/layout/box_child_center_horizontal_bottom_group_2.xml to /home/runner/work/ShizukuPlus/ShizukuPlus/manager/build/intermediates/merged_res/release/mergeReleaseResources/layout_box_child_center_horizontal_bottom_group_2.xml.flat
build	Build with Gradle	2026-06-06T12:25:02.5408828Z Compiling xml file /home/runner/.gradle/caches/8.14/transforms/0a9f0b23f2ae3b3d671937d923da2cba/transformed/glance-appwidget-1.1.1/res/layout/box_child_center_horizontal_bottom_group_6.xml to /home/runner/work/ShizukuPlus/ShizukuPlus/manager/build/intermediates/merged_res/release/mergeReleaseResources/layout_box_child_center_horizontal_bottom_group_6.xml.flat
build	Build with Gradle	2026-06-06T12:25:02.5413498Z Compiling xml file /home/runner/.gradle/caches/8.14/transforms/a6084efd8e6c9ff951c8e72453f81ad6/transformed/material-1.14.0-beta01/res/color/m3_slider_inactive_track_color_legacy.xml to /home/runner/work/ShizukuPlus/ShizukuPlus/manager/build/intermediates/merged_res/release/mergeReleaseResources/color_m3_slider_inactive_track_color_legacy.xml.flat
build	Build with Gradle	2026-06-06T12:25:02.5459156Z Compiling xml file /home/runner/.gradle/caches/8.14/transforms/0a9f0b23f2ae3b3d671937d923da2cba/transformed/glance-appwidget-1.1.1/res/drawable-anydpi-v24/glance_switch_thumb_on.xml to /home/runner/work/ShizukuPlus/ShizukuPlus/manager/build/intermediates/merged_res/release/mergeReleaseResources/drawable-anydpi-v24_glance_switch_thumb_on.xml.flat
build	Build with Gradle	2026-06-06T12:25:02.5464238Z Compiling xml file /home/runner/.gradle/caches/8.14/transforms/0a9f0b23f2ae3b3d671937d923da2cba/transformed/glance-appwidget-1.1.1/res/layout/box_center_horizontal_top_0children.xml to /home/runner/work/ShizukuPlus/ShizukuPlus/manager/build/intermediates/merged_res/release/mergeReleaseResources/layout_box_center_horizontal_top_0children.xml.flat
build	Build with Gradle	2026-06-06T12:25:02.5468769Z Compiling xml file /home/runner/.gradle/caches/8.14/transforms/a6084efd8e6c9ff951c8e72453f81ad6/transformed/material-1.14.0-beta01/res/color-v31/m3_ref_palette_dynamic_neutral92.xml to /home/runner/work/ShizukuPlus/ShizukuPlus/manager/build/intermediates/merged_res/release/mergeReleaseResources/color-v31_m3_ref_palette_dynamic_neutral92.xml.flat
build	Build with Gradle	2026-06-06T12:25:02.5473507Z Compiling xml file /home/runner/.gradle/caches/8.14/transforms/0a9f0b23f2ae3b3d671937d923da2cba/transformed/glance-appwidget-1.1.1/res/layout/column_child_end_null_group_0.xml to /home/runner/work/ShizukuPlus/ShizukuPlus/manager/build/intermediates/merged_res/release/mergeReleaseResources/layout_column_child_end_null_group_0.xml.flat
build	Build with Gradle	2026-06-06T12:25:02.5478092Z Compiling xml file /home/runner/.gradle/caches/8.14/transforms/0a9f0b23f2ae3b3d671937d923da2cba/transformed/glance-appwidget-1.1.1/res/layout/column_child_end_null_group_2.xml to /home/runner/work/ShizukuPlus/ShizukuPlus/manager/build/intermediates/merged_res/release/mergeReleaseResources/layout_column_child_end_null_group_2.xml.flat
build	Build with Gradle	2026-06-06T12:25:02.5482885Z Compiling xml file /home/runner/.gradle/caches/8.14/transforms/0a9f0b23f2ae3b3d671937d923da2cba/transformed/glance-appwidget-1.1.1/res/layout/column_child_end_null_group_6.xml to /home/runner/work/ShizukuPlus/ShizukuPlus/manager/build/intermediates/merged_res/release/mergeReleaseResources/layout_column_child_end_null_group_6.xml.flat
build	Build with Gradle	2026-06-06T12:25:02.5487762Z Compiling xml file /home/runner/.gradle/caches/8.14/transforms/def85582213ab2870d896da947e1bd2a/transformed/appiconloader-iconloaderlib-1.5.0/res/drawable/ic_instant_app_badge.xml to /home/runner/work/ShizukuPlus/ShizukuPlus/manager/build/intermediates/merged_res/release/mergeReleaseResources/drawable_ic_instant_app_badge.xml.flat
build	Build with Gradle	2026-06-06T12:25:02.5492437Z Compiling xml file /home/runner/.gradle/caches/8.14/transforms/a6084efd8e6c9ff951c8e72453f81ad6/transformed/material-1.14.0-beta01/res/color/m3_card_stroke_color.xml to /home/runner/work/ShizukuPlus/ShizukuPlus/manager/build/intermediates/merged_res/release/mergeReleaseResources/color_m3_card_stroke_color.xml.flat
build	Build with Gradle	2026-06-06T12:25:02.5497097Z Compiling xml file /home/runner/.gradle/caches/8.14/transforms/0a9f0b23f2ae3b3d671937d923da2cba/transformed/glance-appwidget-1.1.1/res/layout/glance_radio_button_backport.xml to /home/runner/work/ShizukuPlus/ShizukuPlus/manager/build/intermediates/merged_res/release/mergeReleaseResources/layout_glance_radio_button_backport.xml.flat
build	Build with Gradle	2026-06-06T12:25:02.5502280Z Compiling xml file /home/runner/.gradle/caches/8.14/transforms/0a9f0b23f2ae3b3d671937d923da2cba/transformed/glance-appwidget-1.1.1/res/layout-v33/glance_text_end_center_vertical.xml to /home/runner/work/ShizukuPlus/ShizukuPlus/manager/build/intermediates/merged_res/release/mergeReleaseResources/layout-v33_glance_text_end_center_vertical.xml.flat
build	Build with Gradle	2026-06-06T12:25:02.5507286Z Compiling xml file /home/runner/.gradle/caches/8.14/transforms/0a9f0b23f2ae3b3d671937d923da2cba/transformed/glance-appwidget-1.1.1/res/layout-v33/glance_image_fit_start_center_vertical.xml to /home/runner/work/ShizukuPlus/ShizukuPlus/manager/build/intermediates/merged_res/release/mergeReleaseResources/layout-v33_glance_image_fit_start_center_vertical.xml.flat
build	Build with Gradle	2026-06-06T12:25:02.5521230Z Compiling xml file /home/runner/.gradle/caches/8.14/transforms/0a9f0b23f2ae3b3d671937d923da2cba/transformed/glance-appwidget-1.1.1/res/layout-v33/row_end_bottom.xml to /home/runner/work/ShizukuPlus/ShizukuPlus/manager/build/intermediates/merged_res/release/mergeReleaseResources/layout-v33_row_end_bottom.xml.flat
build	Build with Gradle	2026-06-06T12:25:02.5526186Z Compiling xml file /home/runner/.gradle/caches/8.14/transforms/0a9f0b23f2ae3b3d671937d923da2cba/transformed/glance-appwidget-1.1.1/res/layout-v33/glance_image_fill_bounds_decorative_center_horizontal_bottom.xml to /home/runner/work/ShizukuPlus/ShizukuPlus/manager/build/intermediates/merged_res/release/mergeReleaseResources/layout-v33_glance_image_fill_bounds_decorative_center_horizontal_bottom.xml.flat
build	Build with Gradle	2026-06-06T12:25:02.5552320Z Compiling xml file /home/runner/.gradle/caches/8.14/transforms/a6084efd8e6c9ff951c8e72453f81ad6/transformed/material-1.14.0-beta01/res/layout-sw600dp-v13/mtrl_layout_snackbar.xml to /home/runner/work/ShizukuPlus/ShizukuPlus/manager/build/intermediates/merged_res/release/mergeReleaseResources/layout-sw600dp-v13_mtrl_layout_snackbar.xml.flat
build	Build with Gradle	2026-06-06T12:25:02.5558005Z Compiling xml file /home/runner/.gradle/caches/8.14/transforms/0a9f0b23f2ae3b3d671937d923da2cba/transformed/glance-appwidget-1.1.1/res/layout-v33/glance_swtch_backport_center_horizontal_center_vertical.xml to /home/runner/work/ShizukuPlus/ShizukuPlus/manager/build/intermediates/merged_res/release/mergeReleaseResources/layout-v33_glance_swtch_backport_center_horizontal_center_vertical.xml.flat
build	Build with Gradle	2026-06-06T12:25:02.5562644Z Compiling xml file /home/runner/work/ShizukuPlus/ShizukuPlus/manager/src/main/res/xml/device_admin.xml to /home/runner/work/ShizukuPlus/ShizukuPlus/manager/build/intermediates/merged_res/release/mergeReleaseResources/xml_device_admin.xml.flat
build	Build with Gradle	2026-06-06T12:25:02.5566769Z Compiling xml file /home/runner/.gradle/caches/8.14/transforms/a6084efd8e6c9ff951c8e72453f81ad6/transformed/material-1.14.0-beta01/res/layout/mtrl_calendar_months.xml to /home/runner/work/ShizukuPlus/ShizukuPlus/manager/build/intermediates/merged_res/release/mergeReleaseResources/layout_mtrl_calendar_months.xml.flat
build	Build with Gradle	2026-06-06T12:25:02.5602362Z Compiling xml file /home/runner/.gradle/caches/8.14/transforms/0a9f0b23f2ae3b3d671937d923da2cba/transformed/glance-appwidget-1.1.1/res/layout/box_center_horizontal_top_1children.xml to /home/runner/work/ShizukuPlus/ShizukuPlus/manager/build/intermediates/merged_res/release/mergeReleaseResources/layout_box_center_horizontal_top_1children.xml.flat
build	Build with Gradle	2026-06-06T12:25:02.5607480Z Compiling xml file /home/runner/.gradle/caches/8.14/transforms/0a9f0b23f2ae3b3d671937d923da2cba/transformed/glance-appwidget-1.1.1/res/layout-v33/glance_frame_start_bottom.xml to /home/runner/work/ShizukuPlus/ShizukuPlus/manager/build/intermediates/merged_res/release/mergeReleaseResources/layout-v33_glance_frame_start_bottom.xml.flat
build	Build with Gradle	2026-06-06T12:25:02.5612411Z Compiling xml file /home/runner/.gradle/caches/8.14/transforms/a6084efd8e6c9ff951c8e72453f81ad6/transformed/material-1.14.0-beta01/res/color/m3_timepicker_time_input_stroke_color.xml to /home/runner/work/ShizukuPlus/ShizukuPlus/manager/build/intermediates/merged_res/release/mergeReleaseResources/color_m3_timepicker_time_input_stroke_color.xml.flat
build	Build with Gradle	2026-06-06T12:25:02.5617499Z Compiling xml file /home/runner/.gradle/caches/8.14/transforms/0a9f0b23f2ae3b3d671937d923da2cba/transformed/glance-appwidget-1.1.1/res/layout-v33/column_wrapwidth_expandheight.xml to /home/runner/work/ShizukuPlus/ShizukuPlus/manager/build/intermediates/merged_res/release/mergeReleaseResources/layout-v33_column_wrapwidth_expandheight.xml.flat
build	Build with Gradle	2026-06-06T12:25:02.5622688Z Compiling xml file /home/runner/.gradle/caches/8.14/transforms/a6084efd8e6c9ff951c8e72453f81ad6/transformed/material-1.14.0-beta01/res/xml/m3expressive_connected_buttons_inner_corner_size_state_list.xml to /home/runner/work/ShizukuPlus/ShizukuPlus/manager/build/intermediates/merged_res/release/mergeReleaseResources/xml_m3expressive_connected_buttons_inner_corner_size_state_list.xml.flat
build	Build with Gradle	2026-06-06T12:25:02.5650773Z Compiling xml file /home/runner/.gradle/caches/8.14/transforms/0a9f0b23f2ae3b3d671937d923da2cba/transformed/glance-appwidget-1.1.1/res/layout-v33/glance_frame_expandwidth_wrapheight.xml to /home/runner/work/ShizukuPlus/ShizukuPlus/manager/build/intermediates/merged_res/release/mergeReleaseResources/layout-v33_glance_frame_expandwidth_wrapheight.xml.flat
build	Build with Gradle	2026-06-06T12:25:02.5656030Z Compiling xml file /home/runner/.gradle/caches/8.14/transforms/efa565396efa7c69fa280f54041abb1e/transformed/appcompat-1.6.1/res/layout/select_dialog_multichoice_material.xml to /home/runner/work/ShizukuPlus/ShizukuPlus/manager/build/intermediates/merged_res/release/mergeReleaseResources/layout_select_dialog_multichoice_material.xml.flat
build	Build with Gradle	2026-06-06T12:25:02.5660907Z Compiling xml file /home/runner/.gradle/caches/8.14/transforms/a6084efd8e6c9ff951c8e72453f81ad6/transformed/material-1.14.0-beta01/res/animator/design_fab_hide_motion_spec.xml to /home/runner/work/ShizukuPlus/ShizukuPlus/manager/build/intermediates/merged_res/release/mergeReleaseResources/animator_design_fab_hide_motion_spec.xml.flat
build	Build with Gradle	2026-06-06T12:25:02.5665933Z Compiling xml file /home/runner/.gradle/caches/8.14/transforms/0a9f0b23f2ae3b3d671937d923da2cba/transformed/glance-appwidget-1.1.1/res/layout/box_center_horizontal_top_8children.xml to /home/runner/work/ShizukuPlus/ShizukuPlus/manager/build/intermediates/merged_res/release/mergeReleaseResources/layout_box_center_horizontal_top_8children.xml.flat
build	Build with Gradle	2026-06-06T12:25:02.5671105Z Compiling xml file /home/runner/.gradle/caches/8.14/transforms/0a9f0b23f2ae3b3d671937d923da2cba/transformed/glance-appwidget-1.1.1/res/layout-v33/glance_vertical_grid_three_columns_end_bottom.xml to /home/runner/work/ShizukuPlus/ShizukuPlus/manager/build/intermediates/merged_res/release/mergeReleaseResources/layout-v33_glance_vertical_grid_three_columns_end_bottom.xml.flat
build	Build with Gradle	2026-06-06T12:25:02.5675947Z Compiling xml file /home/runner/.gradle/caches/8.14/transforms/a6084efd8e6c9ff951c8e72453f81ad6/transformed/material-1.14.0-beta01/res/drawable/material_shape_slanted_square.xml to /home/runner/work/ShizukuPlus/ShizukuPlus/manager/build/intermediates/merged_res/release/mergeReleaseResources/drawable_material_shape_slanted_square.xml.flat
build	Build with Gradle	2026-06-06T12:25:02.5704399Z Compiling xml file /home/runner/.gradle/caches/8.14/transforms/efa565396efa7c69fa280f54041abb1e/transformed/appcompat-1.6.1/res/drawable-v21/abc_list_divider_material.xml to /home/runner/work/ShizukuPlus/ShizukuPlus/manager/build/intermediates/merged_res/release/mergeReleaseResources/drawable-v21_abc_list_divider_material.xml.flat
build	Build with Gradle	2026-06-06T12:25:02.5709152Z Compiling xml file /home/runner/.gradle/caches/8.14/transforms/0a9f0b23f2ae3b3d671937d923da2cba/transformed/glance-appwidget-1.1.1/res/layout/box_end_top_6children.xml to /home/runner/work/ShizukuPlus/ShizukuPlus/manager/build/intermediates/merged_res/release/mergeReleaseResources/layout_box_end_top_6children.xml.flat
build	Build with Gradle	2026-06-06T12:25:02.5713856Z Compiling xml file /home/runner/.gradle/caches/8.14/transforms/a8ffae57e8eb844c745e6c38f24a5dc3/transformed/preference-1.2.1/res/layout/preference_widget_switch_compat.xml to /home/runner/work/ShizukuPlus/ShizukuPlus/manager/build/intermediates/merged_res/release/mergeReleaseResources/layout_preference_widget_switch_compat.xml.flat
build	Build with Gradle	2026-06-06T12:25:02.5718631Z Compiling xml file /home/runner/.gradle/caches/8.14/transforms/0a9f0b23f2ae3b3d671937d923da2cba/transformed/glance-appwidget-1.1.1/res/drawable-v31/glance_loading_layout_background.xml to /home/runner/work/ShizukuPlus/ShizukuPlus/manager/build/intermediates/merged_res/release/mergeReleaseResources/drawable-v31_glance_loading_layout_background.xml.flat
build	Build with Gradle	2026-06-06T12:25:02.5723178Z Compiling xml file /home/runner/.gradle/caches/8.14/transforms/0a9f0b23f2ae3b3d671937d923da2cba/transformed/glance-appwidget-1.1.1/res/layout/box_center_horizontal_bottom_4children.xml to /home/runner/work/ShizukuPlus/ShizukuPlus/manager/build/intermediates/merged_res/release/mergeReleaseResources/layout_box_center_horizontal_bottom_4children.xml.flat
build	Build with Gradle	2026-06-06T12:25:02.5751703Z Compiling xml file /home/runner/.gradle/caches/8.14/transforms/0a9f0b23f2ae3b3d671937d923da2cba/transformed/glance-appwidget-1.1.1/res/layout/complex_fixed_fixed.xml to /home/runner/work/ShizukuPlus/ShizukuPlus/manager/build/intermediates/merged_res/release/mergeReleaseResources/layout_complex_fixed_fixed.xml.flat
build	Build with Gradle	2026-06-06T12:25:02.5756783Z Compiling xml file /home/runner/.gradle/caches/8.14/transforms/0a9f0b23f2ae3b3d671937d923da2cba/transformed/glance-appwidget-1.1.1/res/layout-v33/glance_swtch_backport_start_bottom.xml to /home/runner/work/ShizukuPlus/ShizukuPlus/manager/build/intermediates/merged_res/release/mergeReleaseResources/layout-v33_glance_swtch_backport_start_bottom.xml.flat
build	Build with Gradle	2026-06-06T12:25:02.5761886Z Compiling xml file /home/runner/.gradle/caches/8.14/transforms/a6084efd8e6c9ff951c8e72453f81ad6/transformed/material-1.14.0-beta01/res/drawable/m3_tabs_rounded_line_indicator.xml to /home/runner/work/ShizukuPlus/ShizukuPlus/manager/build/intermediates/merged_res/release/mergeReleaseResources/drawable_m3_tabs_rounded_line_indicator.xml.flat
build	Build with Gradle	2026-06-06T12:25:02.5767129Z Compiling xml file /home/runner/.gradle/caches/8.14/transforms/a6084efd8e6c9ff951c8e72453f81ad6/transformed/material-1.14.0-beta01/res/interpolator/m3_sys_motion_easing_emphasized_accelerate.xml to /home/runner/work/ShizukuPlus/ShizukuPlus/manager/build/intermediates/merged_res/release/mergeReleaseResources/interpolator_m3_sys_motion_easing_emphasized_accelerate.xml.flat
build	Build with Gradle	2026-06-06T12:25:02.5771734Z Compiling xml file /home/runner/work/ShizukuPlus/ShizukuPlus/manager/src/main/res/drawable/ic_update_24.xml to /home/runner/work/ShizukuPlus/ShizukuPlus/manager/build/intermediates/merged_res/release/mergeReleaseResources/drawable_ic_update_24.xml.flat
build	Build with Gradle	2026-06-06T12:25:02.5776249Z Compiling xml file /home/runner/.gradle/caches/8.14/transforms/0a9f0b23f2ae3b3d671937d923da2cba/transformed/glance-appwidget-1.1.1/res/layout-v33/glance_vertical_grid_five_columns_start_bottom.xml to /home/runner/work/ShizukuPlus/ShizukuPlus/manager/build/intermediates/merged_res/release/mergeReleaseResources/layout-v33_glance_vertical_grid_five_columns_start_bottom.xml.flat
build	Build with Gradle	2026-06-06T12:25:02.5805970Z Compiling xml file /home/runner/.gradle/caches/8.14/transforms/a6084efd8e6c9ff951c8e72453f81ad6/transformed/material-1.14.0-beta01/res/drawable/ic_m3_chip_check.xml to /home/runner/work/ShizukuPlus/ShizukuPlus/manager/build/intermediates/merged_res/release/mergeReleaseResources/drawable_ic_m3_chip_check.xml.flat
build	Build with Gradle	2026-06-06T12:25:02.5810798Z Compiling xml file /home/runner/.gradle/caches/8.14/transforms/0a9f0b23f2ae3b3d671937d923da2cba/transformed/glance-appwidget-1.1.1/res/layout-v33/radio_row_wrapwidth_expandheight.xml to /home/runner/work/ShizukuPlus/ShizukuPlus/manager/build/intermediates/merged_res/release/mergeReleaseResources/layout-v33_radio_row_wrapwidth_expandheight.xml.flat
build	Build with Gradle	2026-06-06T12:25:02.5816050Z Compiling xml file /home/runner/.gradle/caches/8.14/transforms/0a9f0b23f2ae3b3d671937d923da2cba/transformed/glance-appwidget-1.1.1/res/layout/radio_column_center_horizontal_null_9children.xml to /home/runner/work/ShizukuPlus/ShizukuPlus/manager/build/intermediates/merged_res/release/mergeReleaseResources/layout_radio_column_center_horizontal_null_9children.xml.flat
build	Build with Gradle	2026-06-06T12:25:02.5820772Z Compiling xml file /home/runner/work/ShizukuPlus/ShizukuPlus/manager/src/main/res/drawable/ic_default_app_icon.xml to /home/runner/work/ShizukuPlus/ShizukuPlus/manager/build/intermediates/merged_res/release/mergeReleaseResources/drawable_ic_default_app_icon.xml.flat
build	Build with Gradle	2026-06-06T12:25:02.5824916Z Compiling xml file /home/runner/work/ShizukuPlus/ShizukuPlus/core/ui/build/intermediates/packaged_res/release/packageReleaseResources/layout/appbar.xml to /home/runner/work/ShizukuPlus/ShizukuPlus/manager/build/intermediates/merged_res/release/mergeReleaseResources/layout_appbar.xml.flat
build	Build with Gradle	2026-06-06T12:25:02.5855150Z Compiling xml file /home/runner/.gradle/caches/8.14/transforms/a6084efd8e6c9ff951c8e72453f81ad6/transformed/material-1.14.0-beta01/res/color/m3_timepicker_button_background_color.xml to /home/runner/work/ShizukuPlus/ShizukuPlus/manager/build/intermediates/merged_res/release/mergeReleaseResources/color_m3_timepicker_button_background_color.xml.flat
build	Build with Gradle	2026-06-06T12:25:02.5859972Z Compiling xml file /home/runner/.gradle/caches/8.14/transforms/0a9f0b23f2ae3b3d671937d923da2cba/transformed/glance-appwidget-1.1.1/res/layout/complex_wrap_wrap.xml to /home/runner/work/ShizukuPlus/ShizukuPlus/manager/build/intermediates/merged_res/release/mergeReleaseResources/layout_complex_wrap_wrap.xml.flat
build	Build with Gradle	2026-06-06T12:25:02.5865100Z Compiling xml file /home/runner/work/ShizukuPlus/ShizukuPlus/manager/build/generated/materialThemeBuilder/release/res/color/m3_text_color_on_secondary_container_high_emphasis.xml to /home/runner/work/ShizukuPlus/ShizukuPlus/manager/build/intermediates/merged_res/release/mergeReleaseResources/color_m3_text_color_on_secondary_container_high_emphasis.xml.flat
build	Build with Gradle	2026-06-06T12:25:02.5870467Z Compiling xml file /home/runner/work/ShizukuPlus/ShizukuPlus/manager/build/generated/materialThemeBuilder/release/res/color/m3_text_color_on_surface_variant_medium_emphasis.xml to /home/runner/work/ShizukuPlus/ShizukuPlus/manager/build/intermediates/merged_res/release/mergeReleaseResources/color_m3_text_color_on_surface_variant_medium_emphasis.xml.flat
build	Build with Gradle	2026-06-06T12:25:02.5875505Z Compiling xml file /home/runner/.gradle/caches/8.14/transforms/373e825be4973449db84049594b600ab/transformed/material-preference-2.0.0-release/res/layout/m3_dropdown_preference.xml to /home/runner/work/ShizukuPlus/ShizukuPlus/manager/build/intermediates/merged_res/release/mergeReleaseResources/layout_m3_dropdown_preference.xml.flat
build	Build with Gradle	2026-06-06T12:25:02.5906650Z Compiling xml file /home/runner/.gradle/caches/8.14/transforms/a6084efd8e6c9ff951c8e72453f81ad6/transformed/material-1.14.0-beta01/res/drawable-v28/m3_focus_ring_framework_button_background.xml to /home/runner/work/ShizukuPlus/ShizukuPlus/manager/build/intermediates/merged_res/release/mergeReleaseResources/drawable-v28_m3_focus_ring_framework_button_background.xml.flat
build	Build with Gradle	2026-06-06T12:25:02.5911948Z Compiling xml file /home/runner/.gradle/caches/8.14/transforms/0a9f0b23f2ae3b3d671937d923da2cba/transformed/glance-appwidget-1.1.1/res/layout-v33/glance_vertical_grid_three_columns_start_center_vertical.xml to /home/runner/work/ShizukuPlus/ShizukuPlus/manager/build/intermediates/merged_res/release/mergeReleaseResources/layout-v33_glance_vertical_grid_three_columns_start_center_vertical.xml.flat
build	Build with Gradle	2026-06-06T12:25:02.5917239Z Compiling xml file /home/runner/.gradle/caches/8.14/transforms/a6084efd8e6c9ff951c8e72453f81ad6/transformed/material-1.14.0-beta01/res/drawable/material_cursor_drawable.xml to /home/runner/work/ShizukuPlus/ShizukuPlus/manager/build/intermediates/merged_res/release/mergeReleaseResources/drawable_material_cursor_drawable.xml.flat
build	Build with Gradle	2026-06-06T12:25:02.5921903Z Compiling xml file /home/runner/.gradle/caches/8.14/transforms/efa565396efa7c69fa280f54041abb1e/transformed/appcompat-1.6.1/res/anim/abc_tooltip_exit.xml to /home/runner/work/ShizukuPlus/ShizukuPlus/manager/build/intermediates/merged_res/release/mergeReleaseResources/anim_abc_tooltip_exit.xml.flat
build	Build with Gradle	2026-06-06T12:25:02.5926624Z Compiling xml file /home/runner/.gradle/caches/8.14/transforms/a6084efd8e6c9ff951c8e72453f81ad6/transformed/material-1.14.0-beta01/res/layout/mtrl_alert_select_dialog_singlechoice.xml to /home/runner/work/ShizukuPlus/ShizukuPlus/manager/build/intermediates/merged_res/release/mergeReleaseResources/layout_mtrl_alert_select_dialog_singlechoice.xml.flat
build	Build with Gradle	2026-06-06T12:25:02.5958869Z Compiling xml file /home/runner/.gradle/caches/8.14/transforms/0a9f0b23f2ae3b3d671937d923da2cba/transformed/glance-appwidget-1.1.1/res/layout-v33/glance_image_fit_decorative_expandwidth_wrapheight.xml to /home/runner/work/ShizukuPlus/ShizukuPlus/manager/build/intermediates/merged_res/release/mergeReleaseResources/layout-v33_glance_image_fit_decorative_expandwidth_wrapheight.xml.flat
build	Build with Gradle	2026-06-06T12:25:02.5963892Z Compiling xml file /home/runner/.gradle/caches/8.14/transforms/a6084efd8e6c9ff951c8e72453f81ad6/transformed/material-1.14.0-beta01/res/anim/m3_side_sheet_enter_from_left.xml to /home/runner/work/ShizukuPlus/ShizukuPlus/manager/build/intermediates/merged_res/release/mergeReleaseResources/anim_m3_side_sheet_enter_from_left.xml.flat
build	Build with Gradle	2026-06-06T12:25:02.5968102Z Compiling xml file /home/runner/.gradle/caches/8.14/transforms/a6084efd8e6c9ff951c8e72453f81ad6/transformed/material-1.14.0-beta01/res/layout/material_timepicker_dialog.xml to /home/runner/work/ShizukuPlus/ShizukuPlus/manager/build/intermediates/merged_res/release/mergeReleaseResources/layout_material_timepicker_dialog.xml.flat
build	Build with Gradle	2026-06-06T12:25:02.5971938Z Compiling xml file /home/runner/work/ShizukuPlus/ShizukuPlus/manager/src/main/res/drawable/ic_outline_arrow_downward_24.xml to /home/runner/work/ShizukuPlus/ShizukuPlus/manager/build/intermediates/merged_res/release/mergeReleaseResources/drawable_ic_outline_arrow_downward_24.xml.flat
build	Build with Gradle	2026-06-06T12:25:02.5975967Z Compiling xml file /home/runner/.gradle/caches/8.14/transforms/0a9f0b23f2ae3b3d671937d923da2cba/transformed/glance-appwidget-1.1.1/res/layout/glance_circular_progress_indicator.xml to /home/runner/work/ShizukuPlus/ShizukuPlus/manager/build/intermediates/merged_res/release/mergeReleaseResources/layout_glance_circular_progress_indicator.xml.flat
build	Build with Gradle	2026-06-06T12:25:02.6008481Z Compiling xml file /home/runner/work/ShizukuPlus/ShizukuPlus/manager/build/intermediates/incremental/release/mergeReleaseResources/stripped.dir/layout/bug_report_dialog.xml to /home/runner/work/ShizukuPlus/ShizukuPlus/manager/build/intermediates/merged_res/release/mergeReleaseResources/layout_bug_report_dialog.xml.flat
build	Build with Gradle	2026-06-06T12:25:02.6012654Z Compiling xml file /home/runner/.gradle/caches/8.14/transforms/0a9f0b23f2ae3b3d671937d923da2cba/transformed/glance-appwidget-1.1.1/res/layout-v33/glance_image_crop_end_bottom.xml to /home/runner/work/ShizukuPlus/ShizukuPlus/manager/build/intermediates/merged_res/release/mergeReleaseResources/layout-v33_glance_image_crop_end_bottom.xml.flat
build	Build with Gradle	2026-06-06T12:25:02.6016573Z Compiling xml file /home/runner/work/ShizukuPlus/ShizukuPlus/manager/build/intermediates/incremental/release/mergeReleaseResources/stripped.dir/layout/home_item_container.xml to /home/runner/work/ShizukuPlus/ShizukuPlus/manager/build/intermediates/merged_res/release/mergeReleaseResources/layout_home_item_container.xml.flat
build	Build with Gradle	2026-06-06T12:25:02.6020610Z Compiling xml file /home/runner/.gradle/caches/8.14/transforms/3496351281a372f59379614fd15c5436/transformed/fragment-1.8.7/res/animator/fragment_fade_exit.xml to /home/runner/work/ShizukuPlus/ShizukuPlus/manager/build/intermediates/merged_res/release/mergeReleaseResources/animator_fragment_fade_exit.xml.flat
build	Build with Gradle	2026-06-06T12:25:02.6024867Z Compiling xml file /home/runner/.gradle/caches/8.14/transforms/a6084efd8e6c9ff951c8e72453f81ad6/transformed/material-1.14.0-beta01/res/drawable-v24/m3_focus_ring_action_bar_item_background.xml to /home/runner/work/ShizukuPlus/ShizukuPlus/manager/build/intermediates/merged_res/release/mergeReleaseResources/drawable-v24_m3_focus_ring_action_bar_item_background.xml.flat
build	Build with Gradle	2026-06-06T12:25:02.6058070Z Compiling xml file /home/runner/.gradle/caches/8.14/transforms/373e825be4973449db84049594b600ab/transformed/material-preference-2.0.0-release/res/layout/m3_preference_widget_material_switch.xml to /home/runner/work/ShizukuPlus/ShizukuPlus/manager/build/intermediates/merged_res/release/mergeReleaseResources/layout_m3_preference_widget_material_switch.xml.flat
build	Build with Gradle	2026-06-06T12:25:02.6063024Z Compiling xml file /home/runner/.gradle/caches/8.14/transforms/a8ffae57e8eb844c745e6c38f24a5dc3/transformed/preference-1.2.1/res/layout/preference_material.xml to /home/runner/work/ShizukuPlus/ShizukuPlus/manager/build/intermediates/merged_res/release/mergeReleaseResources/layout_preference_material.xml.flat
build	Build with Gradle	2026-06-06T12:25:02.6067597Z Compiling xml file /home/runner/.gradle/caches/8.14/transforms/b1caf7903885e6dfd466268b50bb28e5/transformed/core-splashscreen-1.0.1/res/drawable/icon_background.xml to /home/runner/work/ShizukuPlus/ShizukuPlus/manager/build/intermediates/merged_res/release/mergeReleaseResources/drawable_icon_background.xml.flat
build	Build with Gradle	2026-06-06T12:25:02.6071460Z Compiling xml file /home/runner/.gradle/caches/8.14/transforms/a18f3e8414f2ba4eb382dd01375ab089/transformed/core-1.16.0/res/drawable/ic_call_answer_video_low.xml to /home/runner/work/ShizukuPlus/ShizukuPlus/manager/build/intermediates/merged_res/release/mergeReleaseResources/drawable_ic_call_answer_video_low.xml.flat
build	Build with Gradle	2026-06-06T12:25:02.6075746Z Compiling xml file /home/runner/.gradle/caches/8.14/transforms/a6084efd8e6c9ff951c8e72453f81ad6/transformed/material-1.14.0-beta01/res/drawable/material_shape_cookie_4.xml to /home/runner/work/ShizukuPlus/ShizukuPlus/manager/build/intermediates/merged_res/release/mergeReleaseResources/drawable_material_shape_cookie_4.xml.flat
build	Build with Gradle	2026-06-06T12:25:02.6109406Z Compiling xml file /home/runner/.gradle/caches/8.14/transforms/4d1f2d6f8fcd4d0456ade74253b328dd/transformed/simplemenu-preference-1.0.3/res/layout/simple_menu_item.xml to /home/runner/work/ShizukuPlus/ShizukuPlus/manager/build/intermediates/merged_res/release/mergeReleaseResources/layout_simple_menu_item.xml.flat
build	Build with Gradle	2026-06-06T12:25:02.6114506Z Compiling xml file /home/runner/.gradle/caches/8.14/transforms/a6084efd8e6c9ff951c8e72453f81ad6/transformed/material-1.14.0-beta01/res/layout-land/material_clock_period_toggle_land.xml to /home/runner/work/ShizukuPlus/ShizukuPlus/manager/build/intermediates/merged_res/release/mergeReleaseResources/layout-land_material_clock_period_toggle_land.xml.flat
build	Build with Gradle	2026-06-06T12:25:02.6119792Z Compiling xml file /home/runner/.gradle/caches/8.14/transforms/0a9f0b23f2ae3b3d671937d923da2cba/transformed/glance-appwidget-1.1.1/res/layout-v33/glance_vertical_grid_auto_fit_start_top.xml to /home/runner/work/ShizukuPlus/ShizukuPlus/manager/build/intermediates/merged_res/release/mergeReleaseResources/layout-v33_glance_vertical_grid_auto_fit_start_top.xml.flat
build	Build with Gradle	2026-06-06T12:25:02.6124850Z Compiling xml file /home/runner/.gradle/caches/8.14/transforms/efa565396efa7c69fa280f54041abb1e/transformed/appcompat-1.6.1/res/drawable/abc_ic_arrow_drop_right_black_24dp.xml to /home/runner/work/ShizukuPlus/ShizukuPlus/manager/build/intermediates/merged_res/release/mergeReleaseResources/drawable_abc_ic_arrow_drop_right_black_24dp.xml.flat
build	Build with Gradle	2026-06-06T12:25:02.6159012Z Compiling xml file /home/runner/work/ShizukuPlus/ShizukuPlus/manager/src/main/res/drawable/ic_autorenew.xml to /home/runner/work/ShizukuPlus/ShizukuPlus/manager/build/intermediates/merged_res/release/mergeReleaseResources/drawable_ic_autorenew.xml.flat
build	Build with Gradle	2026-06-06T12:25:02.6163302Z Compiling xml file /home/runner/work/ShizukuPlus/ShizukuPlus/manager/build/intermediates/incremental/release/mergeReleaseResources/stripped.dir/layout/home_server_status.xml to /home/runner/work/ShizukuPlus/ShizukuPlus/manager/build/intermediates/merged_res/release/mergeReleaseResources/layout_home_server_status.xml.flat
build	Build with Gradle	2026-06-06T12:25:02.6168099Z Compiling xml file /home/runner/.gradle/caches/8.14/transforms/a6084efd8e6c9ff951c8e72453f81ad6/transformed/material-1.14.0-beta01/res/animator/m3_chip_state_list_anim.xml to /home/runner/work/ShizukuPlus/ShizukuPlus/manager/build/intermediates/merged_res/release/mergeReleaseResources/animator_m3_chip_state_list_anim.xml.flat
build	Build with Gradle	2026-06-06T12:25:02.6173006Z Compiling xml file /home/runner/.gradle/caches/8.14/transforms/0a9f0b23f2ae3b3d671937d923da2cba/transformed/glance-appwidget-1.1.1/res/layout/box_center_horizontal_bottom_3children.xml to /home/runner/work/ShizukuPlus/ShizukuPlus/manager/build/intermediates/merged_res/release/mergeReleaseResources/layout_box_center_horizontal_bottom_3children.xml.flat
build	Build with Gradle	2026-06-06T12:25:02.6178042Z Compiling xml file /home/runner/.gradle/caches/8.14/transforms/f85a8706e3d3bf4df310b1b8ed66a067/transformed/material-2.7.2/res/animator/ic_expand_to_more_animation.xml to /home/runner/work/ShizukuPlus/ShizukuPlus/manager/build/intermediates/merged_res/release/mergeReleaseResources/animator_ic_expand_to_more_animation.xml.flat
build	Build with Gradle	2026-06-06T12:25:02.6182783Z Compiling xml file /home/runner/.gradle/caches/8.14/transforms/484f1985b8141e4d4ca38f4ab7092551/transformed/library-1.2.0/res/drawable/afs_thumb_stateful.xml to /home/runner/work/ShizukuPlus/ShizukuPlus/manager/build/intermediates/merged_res/release/mergeReleaseResources/drawable_afs_thumb_stateful.xml.flat
build	Build with Gradle	2026-06-06T12:25:02.6208465Z Compiling xml file /home/runner/.gradle/caches/8.14/transforms/0a9f0b23f2ae3b3d671937d923da2cba/transformed/glance-appwidget-1.1.1/res/layout/box_center_horizontal_center_vertical_3children.xml to /home/runner/work/ShizukuPlus/ShizukuPlus/manager/build/intermediates/merged_res/release/mergeReleaseResources/layout_box_center_horizontal_center_vertical_3children.xml.flat
build	Build with Gradle	2026-06-06T12:25:02.6212908Z Compiling xml file /home/runner/.gradle/caches/8.14/transforms/a6084efd8e6c9ff951c8e72453f81ad6/transformed/material-1.14.0-beta01/res/drawable/ic_m3_chip_close.xml to /home/runner/work/ShizukuPlus/ShizukuPlus/manager/build/intermediates/merged_res/release/mergeReleaseResources/drawable_ic_m3_chip_close.xml.flat
build	Build with Gradle	2026-06-06T12:25:02.6216906Z Compiling xml file /home/runner/work/ShizukuPlus/ShizukuPlus/manager/src/main/res/drawable/ic_visibility_24.xml to /home/runner/work/ShizukuPlus/ShizukuPlus/manager/build/intermediates/merged_res/release/mergeReleaseResources/drawable_ic_visibility_24.xml.flat
build	Build with Gradle	2026-06-06T12:25:02.6220891Z Compiling xml file /home/runner/.gradle/caches/8.14/transforms/a6084efd8e6c9ff951c8e72453f81ad6/transformed/material-1.14.0-beta01/res/drawable/material_shape_hexagon.xml to /home/runner/work/ShizukuPlus/ShizukuPlus/manager/build/intermediates/merged_res/release/mergeReleaseResources/drawable_material_shape_hexagon.xml.flat
build	Build with Gradle	2026-06-06T12:25:02.6225070Z Compiling xml file /home/runner/.gradle/caches/8.14/transforms/0a9f0b23f2ae3b3d671937d923da2cba/transformed/glance-appwidget-1.1.1/res/layout-v33/column_end_top.xml to /home/runner/work/ShizukuPlus/ShizukuPlus/manager/build/intermediates/merged_res/release/mergeReleaseResources/layout-v33_column_end_top.xml.flat
build	Build with Gradle	2026-06-06T12:25:02.6229891Z Compiling xml file /home/runner/.gradle/caches/8.14/transforms/0a9f0b23f2ae3b3d671937d923da2cba/transformed/glance-appwidget-1.1.1/res/layout-v33/glance_image_fit_decorative_start_bottom.xml to /home/runner/work/ShizukuPlus/ShizukuPlus/manager/build/intermediates/merged_res/release/mergeReleaseResources/layout-v33_glance_image_fit_decorative_start_bottom.xml.flat
build	Build with Gradle	2026-06-06T12:25:02.6259124Z Compiling xml file /home/runner/.gradle/caches/8.14/transforms/a6084efd8e6c9ff951c8e72453f81ad6/transformed/material-1.14.0-beta01/res/color/m3_navigation_rail_item_with_indicator_label_tint.xml to /home/runner/work/ShizukuPlus/ShizukuPlus/manager/build/intermediates/merged_res/release/mergeReleaseResources/color_m3_navigation_rail_item_with_indicator_label_tint.xml.flat
build	Build with Gradle	2026-06-06T12:25:02.6263871Z Compiling xml file /home/runner/work/ShizukuPlus/ShizukuPlus/manager/build/intermediates/incremental/release/mergeReleaseResources/stripped.dir/layout/layout_settings_search_header.xml to /home/runner/work/ShizukuPlus/ShizukuPlus/manager/build/intermediates/merged_res/release/mergeReleaseResources/layout_layout_settings_search_header.xml.flat
build	Build with Gradle	2026-06-06T12:25:02.6268834Z Compiling xml file /home/runner/.gradle/caches/8.14/transforms/a6084efd8e6c9ff951c8e72453f81ad6/transformed/material-1.14.0-beta01/res/drawable-v24/m3_focus_ring_framework_checkbox_background.xml to /home/runner/work/ShizukuPlus/ShizukuPlus/manager/build/intermediates/merged_res/release/mergeReleaseResources/drawable-v24_m3_focus_ring_framework_checkbox_background.xml.flat
build	Build with Gradle	2026-06-06T12:25:02.6273383Z Compiling xml file /home/runner/.gradle/caches/8.14/transforms/373e825be4973449db84049594b600ab/transformed/material-preference-2.0.0-release/res/layout/m3_icon_frame.xml to /home/runner/work/ShizukuPlus/ShizukuPlus/manager/build/intermediates/merged_res/release/mergeReleaseResources/layout_m3_icon_frame.xml.flat
build	Build with Gradle	2026-06-06T12:25:02.6277907Z Compiling xml file /home/runner/.gradle/caches/8.14/transforms/0a9f0b23f2ae3b3d671937d923da2cba/transformed/glance-appwidget-1.1.1/res/layout/row_null_bottom_6children.xml to /home/runner/work/ShizukuPlus/ShizukuPlus/manager/build/intermediates/merged_res/release/mergeReleaseResources/layout_row_null_bottom_6children.xml.flat
build	Build with Gradle	2026-06-06T12:25:02.6282470Z Compiling xml file /home/runner/.gradle/caches/8.14/transforms/0a9f0b23f2ae3b3d671937d923da2cba/transformed/glance-appwidget-1.1.1/res/layout/glance_vertical_grid_five_columns.xml to /home/runner/work/ShizukuPlus/ShizukuPlus/manager/build/intermediates/merged_res/release/mergeReleaseResources/layout_glance_vertical_grid_five_columns.xml.flat
build	Build with Gradle	2026-06-06T12:25:02.6286814Z Compiling xml file /home/runner/.gradle/caches/8.14/transforms/0a9f0b23f2ae3b3d671937d923da2cba/transformed/glance-appwidget-1.1.1/res/layout/radio_column_end_null_5children.xml to /home/runner/work/ShizukuPlus/ShizukuPlus/manager/build/intermediates/merged_res/release/mergeReleaseResources/layout_radio_column_end_null_5children.xml.flat
build	Build with Gradle	2026-06-06T12:25:02.6341795Z Compiling xml file /home/runner/.gradle/caches/8.14/transforms/0a9f0b23f2ae3b3d671937d923da2cba/transformed/glance-appwidget-1.1.1/res/layout-v31/column_child_start_null_group_6.xml to /home/runner/work/ShizukuPlus/ShizukuPlus/manager/build/intermediates/merged_res/release/mergeReleaseResources/layout-v31_column_child_start_null_group_6.xml.flat
build	Build with Gradle	2026-06-06T12:25:02.6346239Z Compiling xml file /home/runner/.gradle/caches/8.14/transforms/a18f3e8414f2ba4eb382dd01375ab089/transformed/core-1.16.0/res/drawable-v21/notification_action_background.xml to /home/runner/work/ShizukuPlus/ShizukuPlus/manager/build/intermediates/merged_res/release/mergeReleaseResources/drawable-v21_notification_action_background.xml.flat
build	Build with Gradle	2026-06-06T12:25:02.6351036Z Compiling xml file /home/runner/.gradle/caches/8.14/transforms/0a9f0b23f2ae3b3d671937d923da2cba/transformed/glance-appwidget-1.1.1/res/layout/row_null_top_2children.xml to /home/runner/work/ShizukuPlus/ShizukuPlus/manager/build/intermediates/merged_res/release/mergeReleaseResources/layout_row_null_top_2children.xml.flat
build	Build with Gradle	2026-06-06T12:25:02.6355954Z Compiling xml file /home/runner/.gradle/caches/8.14/transforms/a6084efd8e6c9ff951c8e72453f81ad6/transformed/material-1.14.0-beta01/res/color/material_on_background_emphasis_high_type.xml to /home/runner/work/ShizukuPlus/ShizukuPlus/manager/build/intermediates/merged_res/release/mergeReleaseResources/color_material_on_background_emphasis_high_type.xml.flat
build	Build with Gradle	2026-06-06T12:25:02.6361107Z Compiling xml file /home/runner/.gradle/caches/8.14/transforms/0a9f0b23f2ae3b3d671937d923da2cba/transformed/glance-appwidget-1.1.1/res/layout/complex_match_fixed.xml to /home/runner/work/ShizukuPlus/ShizukuPlus/manager/build/intermediates/merged_res/release/mergeReleaseResources/layout_complex_match_fixed.xml.flat
build	Build with Gradle	2026-06-06T12:25:02.6365721Z Compiling xml file /home/runner/.gradle/caches/8.14/transforms/0a9f0b23f2ae3b3d671937d923da2cba/transformed/glance-appwidget-1.1.1/res/layout/row_child_null_bottom_group_3.xml to /home/runner/work/ShizukuPlus/ShizukuPlus/manager/build/intermediates/merged_res/release/mergeReleaseResources/layout_row_child_null_bottom_group_3.xml.flat
build	Build with Gradle	2026-06-06T12:25:02.6370584Z Compiling xml file /home/runner/.gradle/caches/8.14/transforms/0a9f0b23f2ae3b3d671937d923da2cba/transformed/glance-appwidget-1.1.1/res/layout/box_child_end_bottom_group_6.xml to /home/runner/work/ShizukuPlus/ShizukuPlus/manager/build/intermediates/merged_res/release/mergeReleaseResources/layout_box_child_end_bottom_group_6.xml.flat
build	Build with Gradle	2026-06-06T12:25:02.6374899Z Compiling xml file /home/runner/work/ShizukuPlus/ShizukuPlus/manager/src/main/res/xml/settings_root_integration.xml to /home/runner/work/ShizukuPlus/ShizukuPlus/manager/build/intermediates/merged_res/release/mergeReleaseResources/xml_settings_root_integration.xml.flat
build	Build with Gradle	2026-06-06T12:25:02.6379006Z Compiling xml file /home/runner/.gradle/caches/8.14/transforms/0a9f0b23f2ae3b3d671937d923da2cba/transformed/glance-appwidget-1.1.1/res/layout/row_child_null_bottom_group_7.xml to /home/runner/work/ShizukuPlus/ShizukuPlus/manager/build/intermediates/merged_res/release/mergeReleaseResources/layout_row_child_null_bottom_group_7.xml.flat
build	Build with Gradle	2026-06-06T12:25:02.6383581Z Compiling xml file /home/runner/.gradle/caches/8.14/transforms/0a9f0b23f2ae3b3d671937d923da2cba/transformed/glance-appwidget-1.1.1/res/layout/row_child_null_bottom_group_9.xml to /home/runner/work/ShizukuPlus/ShizukuPlus/manager/build/intermediates/merged_res/release/mergeReleaseResources/layout_row_child_null_bottom_group_9.xml.flat
build	Build with Gradle	2026-06-06T12:25:02.6429109Z Compiling xml file /home/runner/work/ShizukuPlus/ShizukuPlus/manager/build/generated/auto_res_config/release/res_locale_config/xml/locales_config.xml to /home/runner/work/ShizukuPlus/ShizukuPlus/manager/build/intermediates/merged_res/release/mergeReleaseResources/xml_locales_config.xml.flat
build	Build with Gradle	2026-06-06T12:25:02.6433664Z Compiling xml file /home/runner/.gradle/caches/8.14/transforms/a6084efd8e6c9ff951c8e72453f81ad6/transformed/material-1.14.0-beta01/res/drawable/mtrl_ic_checkbox_checked.xml to /home/runner/work/ShizukuPlus/ShizukuPlus/manager/build/intermediates/merged_res/release/mergeReleaseResources/drawable_mtrl_ic_checkbox_checked.xml.flat
build	Build with Gradle	2026-06-06T12:25:02.6438577Z Compiling xml file /home/runner/work/ShizukuPlus/ShizukuPlus/manager/build/intermediates/incremental/release/mergeReleaseResources/stripped.dir/layout/page_onboarding_swipe.xml to /home/runner/work/ShizukuPlus/ShizukuPlus/manager/build/intermediates/merged_res/release/mergeReleaseResources/layout_page_onboarding_swipe.xml.flat
build	Build with Gradle	2026-06-06T12:25:02.6442861Z Compiling xml file /home/runner/.gradle/caches/8.14/transforms/0a9f0b23f2ae3b3d671937d923da2cba/transformed/glance-appwidget-1.1.1/res/layout/radio_column_start_null_3children.xml to /home/runner/work/ShizukuPlus/ShizukuPlus/manager/build/intermediates/merged_res/release/mergeReleaseResources/layout_radio_column_start_null_3children.xml.flat
build	Build with Gradle	2026-06-06T12:25:02.6447792Z Compiling xml file /home/runner/.gradle/caches/8.14/transforms/0a9f0b23f2ae3b3d671937d923da2cba/transformed/glance-appwidget-1.1.1/res/layout/glance_vertical_grid_three_columns.xml to /home/runner/work/ShizukuPlus/ShizukuPlus/manager/build/intermediates/merged_res/release/mergeReleaseResources/layout_glance_vertical_grid_three_columns.xml.flat
build	Build with Gradle	2026-06-06T12:25:02.6452036Z Compiling xml file /home/runner/.gradle/caches/8.14/transforms/4d1f2d6f8fcd4d0456ade74253b328dd/transformed/simplemenu-preference-1.0.3/res/anim/grow_fade_in_from_bottom.xml to /home/runner/work/ShizukuPlus/ShizukuPlus/manager/build/intermediates/merged_res/release/mergeReleaseResources/anim_grow_fade_in_from_bottom.xml.flat
build	Build with Gradle	2026-06-06T12:25:02.6455987Z Compiling xml file /home/runner/work/ShizukuPlus/ShizukuPlus/core/ui/build/intermediates/packaged_res/release/packageReleaseResources/drawable/ic_system_icon.xml to /home/runner/work/ShizukuPlus/ShizukuPlus/manager/build/intermediates/merged_res/release/mergeReleaseResources/drawable_ic_system_icon.xml.flat
build	Build with Gradle	2026-06-06T12:25:02.6481229Z Compiling xml file /home/runner/.gradle/caches/8.14/transforms/0a9f0b23f2ae3b3d671937d923da2cba/transformed/glance-appwidget-1.1.1/res/layout-v33/glance_list_center_horizontal_center_vertical.xml to /home/runner/work/ShizukuPlus/ShizukuPlus/manager/build/intermediates/merged_res/release/mergeReleaseResources/layout-v33_glance_list_center_horizontal_center_vertical.xml.flat
build	Build with Gradle	2026-06-06T12:25:02.6486388Z Compiling xml file /home/runner/.gradle/caches/8.14/transforms/a6084efd8e6c9ff951c8e72453f81ad6/transformed/material-1.14.0-beta01/res/color/m3_slider_active_tick_marks_color.xml to /home/runner/work/ShizukuPlus/ShizukuPlus/manager/build/intermediates/merged_res/release/mergeReleaseResources/color_m3_slider_active_tick_marks_color.xml.flat
build	Build with Gradle	2026-06-06T12:25:02.6491316Z Compiling xml file /home/runner/.gradle/caches/8.14/transforms/a6084efd8e6c9ff951c8e72453f81ad6/transformed/material-1.14.0-beta01/res/color/m3expressive_nav_rail_item_icon_tint.xml to /home/runner/work/ShizukuPlus/ShizukuPlus/manager/build/intermediates/merged_res/release/mergeReleaseResources/color_m3expressive_nav_rail_item_icon_tint.xml.flat
build	Build with Gradle	2026-06-06T12:25:02.6496398Z Compiling xml file /home/runner/.gradle/caches/8.14/transforms/0a9f0b23f2ae3b3d671937d923da2cba/transformed/glance-appwidget-1.1.1/res/layout/box_child_center_horizontal_top_group_6.xml to /home/runner/work/ShizukuPlus/ShizukuPlus/manager/build/intermediates/merged_res/release/mergeReleaseResources/layout_box_child_center_horizontal_top_group_6.xml.flat
build	Build with Gradle	2026-06-06T12:25:02.6500584Z Compiling xml file /home/runner/.gradle/caches/8.14/transforms/ee981983fc55a7699435ecebe45f87ef/transformed/core-1.4.1-release/res/anim/fade_in.xml to /home/runner/work/ShizukuPlus/ShizukuPlus/manager/build/intermediates/merged_res/release/mergeReleaseResources/anim_fade_in.xml.flat
build	Build with Gradle	2026-06-06T12:25:02.6504682Z Compiling xml file /home/runner/.gradle/caches/8.14/transforms/0a9f0b23f2ae3b3d671937d923da2cba/transformed/glance-appwidget-1.1.1/res/layout/box_child_center_horizontal_top_group_2.xml to /home/runner/work/ShizukuPlus/ShizukuPlus/manager/build/intermediates/merged_res/release/mergeReleaseResources/layout_box_child_center_horizontal_top_group_2.xml.flat
build	Build with Gradle	2026-06-06T12:25:02.6550320Z Compiling xml file /home/runner/.gradle/caches/8.14/transforms/a6084efd8e6c9ff951c8e72453f81ad6/transformed/material-1.14.0-beta01/res/color/m3_button_background_color_selector.xml to /home/runner/work/ShizukuPlus/ShizukuPlus/manager/build/intermediates/merged_res/release/mergeReleaseResources/color_m3_button_background_color_selector.xml.flat
build	Build with Gradle	2026-06-06T12:25:02.6554232Z Compiling xml file /home/runner/.gradle/caches/8.14/transforms/a6084efd8e6c9ff951c8e72453f81ad6/transformed/material-1.14.0-beta01/res/layout/mtrl_search_view.xml to /home/runner/work/ShizukuPlus/ShizukuPlus/manager/build/intermediates/merged_res/release/mergeReleaseResources/layout_mtrl_search_view.xml.flat
build	Build with Gradle	2026-06-06T12:25:02.6558237Z Compiling xml file /home/runner/.gradle/caches/8.14/transforms/0a9f0b23f2ae3b3d671937d923da2cba/transformed/glance-appwidget-1.1.1/res/layout-v33/glance_linear_progress_indicator_end_top.xml to /home/runner/work/ShizukuPlus/ShizukuPlus/manager/build/intermediates/merged_res/release/mergeReleaseResources/layout-v33_glance_linear_progress_indicator_end_top.xml.flat
build	Build with Gradle	2026-06-06T12:25:02.6563895Z Compiling xml file /home/runner/.gradle/caches/8.14/transforms/0a9f0b23f2ae3b3d671937d923da2cba/transformed/glance-appwidget-1.1.1/res/layout-v33/glance_linear_progress_indicator_expandwidth_wrapheight.xml to /home/runner/work/ShizukuPlus/ShizukuPlus/manager/build/intermediates/merged_res/release/mergeReleaseResources/layout-v33_glance_linear_progress_indicator_expandwidth_wrapheight.xml.flat
build	Build with Gradle	2026-06-06T12:25:02.6568862Z Compiling xml file /home/runner/.gradle/caches/8.14/transforms/0a9f0b23f2ae3b3d671937d923da2cba/transformed/glance-appwidget-1.1.1/res/layout-v33/glance_circular_progress_indicator_end_center_vertical.xml to /home/runner/work/ShizukuPlus/ShizukuPlus/manager/build/intermediates/merged_res/release/mergeReleaseResources/layout-v33_glance_circular_progress_indicator_end_center_vertical.xml.flat
build	Build with Gradle	2026-06-06T12:25:02.6573772Z Compiling xml file /home/runner/.gradle/caches/8.14/transforms/a6084efd8e6c9ff951c8e72453f81ad6/transformed/material-1.14.0-beta01/res/color/m3_floating_toolbar_vibrant_icon_button_text_color_selector.xml to /home/runner/work/ShizukuPlus/ShizukuPlus/manager/build/intermediates/merged_res/release/mergeReleaseResources/color_m3_floating_toolbar_vibrant_icon_button_text_color_selector.xml.flat
build	Build with Gradle	2026-06-06T12:25:02.6594306Z Compiling xml file /home/runner/.gradle/caches/8.14/transforms/0a9f0b23f2ae3b3d671937d923da2cba/transformed/glance-appwidget-1.1.1/res/layout-v33/glance_image_crop_expandwidth_wrapheight.xml to /home/runner/work/ShizukuPlus/ShizukuPlus/manager/build/intermediates/merged_res/release/mergeReleaseResources/layout-v33_glance_image_crop_expandwidth_wrapheight.xml.flat
build	Build with Gradle	2026-06-06T12:25:02.6598666Z Compiling xml file /home/runner/.gradle/caches/8.14/transforms/a6084efd8e6c9ff951c8e72453f81ad6/transformed/material-1.14.0-beta01/res/layout/material_clock_display.xml to /home/runner/work/ShizukuPlus/ShizukuPlus/manager/build/intermediates/merged_res/release/mergeReleaseResources/layout_material_clock_display.xml.flat
build	Build with Gradle	2026-06-06T12:25:02.6603753Z Compiling xml file /home/runner/.gradle/caches/8.14/transforms/0a9f0b23f2ae3b3d671937d923da2cba/transformed/glance-appwidget-1.1.1/res/layout-v33/glance_vertical_grid_one_column_end_top.xml to /home/runner/work/ShizukuPlus/ShizukuPlus/manager/build/intermediates/merged_res/release/mergeReleaseResources/layout-v33_glance_vertical_grid_one_column_end_top.xml.flat
build	Build with Gradle	2026-06-06T12:25:02.6609052Z Compiling xml file /home/runner/.gradle/caches/8.14/transforms/a6084efd8e6c9ff951c8e72453f81ad6/transformed/material-1.14.0-beta01/res/drawable/material_ic_menu_arrow_up_black_24dp.xml to /home/runner/work/ShizukuPlus/ShizukuPlus/manager/build/intermediates/merged_res/release/mergeReleaseResources/drawable_material_ic_menu_arrow_up_black_24dp.xml.flat
build	Build with Gradle	2026-06-06T12:25:02.6647633Z Compiling xml file /home/runner/.gradle/caches/8.14/transforms/a6084efd8e6c9ff951c8e72453f81ad6/transformed/material-1.14.0-beta01/res/color/m3_dark_default_color_primary_text.xml to /home/runner/work/ShizukuPlus/ShizukuPlus/manager/build/intermediates/merged_res/release/mergeReleaseResources/color_m3_dark_default_color_primary_text.xml.flat
build	Build with Gradle	2026-06-06T12:25:02.6652368Z Compiling xml file /home/runner/.gradle/caches/8.14/transforms/0a9f0b23f2ae3b3d671937d923da2cba/transformed/glance-appwidget-1.1.1/res/layout/box_child_center_horizontal_top_group_8.xml to /home/runner/work/ShizukuPlus/ShizukuPlus/manager/build/intermediates/merged_res/release/mergeReleaseResources/layout_box_child_center_horizontal_top_group_8.xml.flat
build	Build with Gradle	2026-06-06T12:25:02.6657111Z Compiling xml file /home/runner/.gradle/caches/8.14/transforms/0a9f0b23f2ae3b3d671937d923da2cba/transformed/glance-appwidget-1.1.1/res/layout-v33/glance_circular_progress_indicator_start_center_vertical.xml to /home/runner/work/ShizukuPlus/ShizukuPlus/manager/build/intermediates/merged_res/release/mergeReleaseResources/layout-v33_glance_circular_progress_indicator_start_center_vertical.xml.flat
build	Build with Gradle	2026-06-06T12:25:02.6661902Z Compiling xml file /home/runner/.gradle/caches/8.14/transforms/a6084efd8e6c9ff951c8e72453f81ad6/transformed/material-1.14.0-beta01/res/layout/material_textinput_timepicker.xml to /home/runner/work/ShizukuPlus/ShizukuPlus/manager/build/intermediates/merged_res/release/mergeReleaseResources/layout_material_textinput_timepicker.xml.flat
build	Build with Gradle	2026-06-06T12:25:02.6666516Z Compiling xml file /home/runner/.gradle/caches/8.14/transforms/0a9f0b23f2ae3b3d671937d923da2cba/transformed/glance-appwidget-1.1.1/res/layout-v33/glance_check_box_backport_end_center_vertical.xml to /home/runner/work/ShizukuPlus/ShizukuPlus/manager/build/intermediates/merged_res/release/mergeReleaseResources/layout-v33_glance_check_box_backport_end_center_vertical.xml.flat
build	Build with Gradle	2026-06-06T12:25:02.6699602Z Compiling xml file /home/runner/.gradle/caches/8.14/transforms/a6084efd8e6c9ff951c8e72453f81ad6/transformed/material-1.14.0-beta01/res/color/m3_navigation_item_ripple_color.xml to /home/runner/work/ShizukuPlus/ShizukuPlus/manager/build/intermediates/merged_res/release/mergeReleaseResources/color_m3_navigation_item_ripple_color.xml.flat
build	Build with Gradle	2026-06-06T12:25:02.6703632Z Compiling xml file /home/runner/.gradle/caches/8.14/transforms/efa565396efa7c69fa280f54041abb1e/transformed/appcompat-1.6.1/res/anim/btn_checkbox_to_unchecked_check_path_merged_animation.xml to /home/runner/work/ShizukuPlus/ShizukuPlus/manager/build/intermediates/merged_res/release/mergeReleaseResources/anim_btn_checkbox_to_unchecked_check_path_merged_animation.xml.flat
build	Build with Gradle	2026-06-06T12:25:02.6707672Z Compiling xml file /home/runner/.gradle/caches/8.14/transforms/a6084efd8e6c9ff951c8e72453f81ad6/transformed/material-1.14.0-beta01/res/color/mtrl_fab_ripple_color.xml to /home/runner/work/ShizukuPlus/ShizukuPlus/manager/build/intermediates/merged_res/release/mergeReleaseResources/color_mtrl_fab_ripple_color.xml.flat
build	Build with Gradle	2026-06-06T12:25:02.6711907Z Compiling xml file /home/runner/.gradle/caches/8.14/transforms/a6084efd8e6c9ff951c8e72453f81ad6/transformed/material-1.14.0-beta01/res/animator/mtrl_btn_unelevated_state_list_anim.xml to /home/runner/work/ShizukuPlus/ShizukuPlus/manager/build/intermediates/merged_res/release/mergeReleaseResources/animator_mtrl_btn_unelevated_state_list_anim.xml.flat
build	Build with Gradle	2026-06-06T12:25:02.6716082Z Compiling xml file /home/runner/.gradle/caches/8.14/transforms/a6084efd8e6c9ff951c8e72453f81ad6/transformed/material-1.14.0-beta01/res/drawable/mtrl_ic_cancel.xml to /home/runner/work/ShizukuPlus/ShizukuPlus/manager/build/intermediates/merged_res/release/mergeReleaseResources/drawable_mtrl_ic_cancel.xml.flat
build	Build with Gradle	2026-06-06T12:25:02.6752924Z Compiling xml file /home/runner/.gradle/caches/8.14/transforms/a6084efd8e6c9ff951c8e72453f81ad6/transformed/material-1.14.0-beta01/res/animator/m3_btn_state_list_anim.xml to /home/runner/work/ShizukuPlus/ShizukuPlus/manager/build/intermediates/merged_res/release/mergeReleaseResources/animator_m3_btn_state_list_anim.xml.flat
build	Build with Gradle	2026-06-06T12:25:02.6757964Z Compiling xml file /home/runner/.gradle/caches/8.14/transforms/0a9f0b23f2ae3b3d671937d923da2cba/transformed/glance-appwidget-1.1.1/res/layout/box_start_center_vertical_4children.xml to /home/runner/work/ShizukuPlus/ShizukuPlus/manager/build/intermediates/merged_res/release/mergeReleaseResources/layout_box_start_center_vertical_4children.xml.flat
build	Build with Gradle	2026-06-06T12:25:02.6761873Z Compiling xml file /home/runner/.gradle/caches/8.14/transforms/2b232f7e90ed539739f2c0f2684a06f8/transformed/browser-1.8.0/res/xml/image_share_filepaths.xml to /home/runner/work/ShizukuPlus/ShizukuPlus/manager/build/intermediates/merged_res/release/mergeReleaseResources/xml_image_share_filepaths.xml.flat
build	Build with Gradle	2026-06-06T12:25:02.6767189Z Compiling xml file /home/runner/.gradle/caches/8.14/transforms/efa565396efa7c69fa280f54041abb1e/transformed/appcompat-1.6.1/res/layout-watch-v20/abc_alert_dialog_button_bar_material.xml to /home/runner/work/ShizukuPlus/ShizukuPlus/manager/build/intermediates/merged_res/release/mergeReleaseResources/layout-watch-v20_abc_alert_dialog_button_bar_material.xml.flat
build	Build with Gradle	2026-06-06T12:25:02.6771396Z Compiling xml file /home/runner/.gradle/caches/8.14/transforms/f85a8706e3d3bf4df310b1b8ed66a067/transformed/material-2.7.2/res/layout/rd_alert_dialog_actions.xml to /home/runner/work/ShizukuPlus/ShizukuPlus/manager/build/intermediates/merged_res/release/mergeReleaseResources/layout_rd_alert_dialog_actions.xml.flat
build	Build with Gradle	2026-06-06T12:25:02.6799734Z Compiling xml file /home/runner/.gradle/caches/8.14/transforms/0a9f0b23f2ae3b3d671937d923da2cba/transformed/glance-appwidget-1.1.1/res/layout-v33/glance_circular_progress_indicator_start_top.xml to /home/runner/work/ShizukuPlus/ShizukuPlus/manager/build/intermediates/merged_res/release/mergeReleaseResources/layout-v33_glance_circular_progress_indicator_start_top.xml.flat
build	Build with Gradle	2026-06-06T12:25:02.6803507Z Compiling xml file /home/runner/.gradle/caches/8.14/transforms/a6084efd8e6c9ff951c8e72453f81ad6/transformed/material-1.14.0-beta01/res/drawable/material_shape_gem.xml to /home/runner/work/ShizukuPlus/ShizukuPlus/manager/build/intermediates/merged_res/release/mergeReleaseResources/drawable_material_shape_gem.xml.flat
build	Build with Gradle	2026-06-06T12:25:02.6806901Z Compiling xml file /home/runner/.gradle/caches/8.14/transforms/0a9f0b23f2ae3b3d671937d923da2cba/transformed/glance-appwidget-1.1.1/res/layout/radio_column_end_null_0children.xml to /home/runner/work/ShizukuPlus/ShizukuPlus/manager/build/intermediates/merged_res/release/mergeReleaseResources/layout_radio_column_end_null_0children.xml.flat
build	Build with Gradle	2026-06-06T12:25:02.6811048Z Compiling xml file /home/runner/.gradle/caches/8.14/transforms/a6084efd8e6c9ff951c8e72453f81ad6/transformed/material-1.14.0-beta01/res/drawable/mtrl_switch_thumb_unchecked_checked.xml to /home/runner/work/ShizukuPlus/ShizukuPlus/manager/build/intermediates/merged_res/release/mergeReleaseResources/drawable_mtrl_switch_thumb_unchecked_checked.xml.flat
build	Build with Gradle	2026-06-06T12:25:02.6814954Z Compiling xml file /home/runner/.gradle/caches/8.14/transforms/efa565396efa7c69fa280f54041abb1e/transformed/appcompat-1.6.1/res/drawable/abc_btn_check_material.xml to /home/runner/work/ShizukuPlus/ShizukuPlus/manager/build/intermediates/merged_res/release/mergeReleaseResources/drawable_abc_btn_check_material.xml.flat
build	Build with Gradle	2026-06-06T12:25:02.6819164Z Compiling xml file /home/runner/.gradle/caches/8.14/transforms/0a9f0b23f2ae3b3d671937d923da2cba/transformed/glance-appwidget-1.1.1/res/layout/column_end_null_6children.xml to /home/runner/work/ShizukuPlus/ShizukuPlus/manager/build/intermediates/merged_res/release/mergeReleaseResources/layout_column_end_null_6children.xml.flat
build	Build with Gradle	2026-06-06T12:25:02.6837834Z Compiling xml file /home/runner/work/ShizukuPlus/ShizukuPlus/manager/build/intermediates/incremental/release/mergeReleaseResources/stripped.dir/layout/home_extra_step_required.xml to /home/runner/work/ShizukuPlus/ShizukuPlus/manager/build/intermediates/merged_res/release/mergeReleaseResources/layout_home_extra_step_required.xml.flat
build	Build with Gradle	2026-06-06T12:25:02.6843370Z Compiling xml file /home/runner/.gradle/caches/8.14/transforms/0a9f0b23f2ae3b3d671937d923da2cba/transformed/glance-appwidget-1.1.1/res/layout-v33/glance_linear_progress_indicator_center_horizontal_bottom.xml to /home/runner/work/ShizukuPlus/ShizukuPlus/manager/build/intermediates/merged_res/release/mergeReleaseResources/layout-v33_glance_linear_progress_indicator_center_horizontal_bottom.xml.flat
build	Build with Gradle	2026-06-06T12:25:02.6859147Z Compiling xml file /home/runner/.gradle/caches/8.14/transforms/0a9f0b23f2ae3b3d671937d923da2cba/transformed/glance-appwidget-1.1.1/res/layout-v33/glance_text_center_horizontal_top.xml to /home/runner/work/ShizukuPlus/ShizukuPlus/manager/build/intermediates/merged_res/release/mergeReleaseResources/layout-v33_glance_text_center_horizontal_top.xml.flat
build	Build with Gradle	2026-06-06T12:25:02.6863385Z Compiling xml file /home/runner/.gradle/caches/8.14/transforms/a6084efd8e6c9ff951c8e72453f81ad6/transformed/material-1.14.0-beta01/res/anim/design_bottom_sheet_slide_in.xml to /home/runner/work/ShizukuPlus/ShizukuPlus/manager/build/intermediates/merged_res/release/mergeReleaseResources/anim_design_bottom_sheet_slide_in.xml.flat
build	Build with Gradle	2026-06-06T12:25:02.6867720Z Compiling xml file /home/runner/.gradle/caches/8.14/transforms/a6084efd8e6c9ff951c8e72453f81ad6/transformed/material-1.14.0-beta01/res/layout/mtrl_layout_snackbar_include.xml to /home/runner/work/ShizukuPlus/ShizukuPlus/manager/build/intermediates/merged_res/release/mergeReleaseResources/layout_mtrl_layout_snackbar_include.xml.flat
build	Build with Gradle	2026-06-06T12:25:02.6871816Z Compiling xml file /home/runner/.gradle/caches/8.14/transforms/f85a8706e3d3bf4df310b1b8ed66a067/transformed/material-2.7.2/res/color/m3_light_text_color_highlighted.xml to /home/runner/work/ShizukuPlus/ShizukuPlus/manager/build/intermediates/merged_res/release/mergeReleaseResources/color_m3_light_text_color_highlighted.xml.flat
build	Build with Gradle	2026-06-06T12:25:02.6898257Z Compiling xml file /home/runner/.gradle/caches/8.14/transforms/a6084efd8e6c9ff951c8e72453f81ad6/transformed/material-1.14.0-beta01/res/color/m3_primary_text_disable_only.xml to /home/runner/work/ShizukuPlus/ShizukuPlus/manager/build/intermediates/merged_res/release/mergeReleaseResources/color_m3_primary_text_disable_only.xml.flat
build	Build with Gradle	2026-06-06T12:25:02.6903204Z Compiling xml file /home/runner/.gradle/caches/8.14/transforms/f85a8706e3d3bf4df310b1b8ed66a067/transformed/material-2.7.2/res/drawable-v23/m3_popupmenu_background.xml to /home/runner/work/ShizukuPlus/ShizukuPlus/manager/build/intermediates/merged_res/release/mergeReleaseResources/drawable-v23_m3_popupmenu_background.xml.flat
build	Build with Gradle	2026-06-06T12:25:02.6908229Z Compiling xml file /home/runner/.gradle/caches/8.14/transforms/a6084efd8e6c9ff951c8e72453f81ad6/transformed/material-1.14.0-beta01/res/color/m3_elevated_chip_background_color.xml to /home/runner/work/ShizukuPlus/ShizukuPlus/manager/build/intermediates/merged_res/release/mergeReleaseResources/color_m3_elevated_chip_background_color.xml.flat
build	Build with Gradle	2026-06-06T12:25:02.6913271Z Compiling xml file /home/runner/.gradle/caches/8.14/transforms/0a9f0b23f2ae3b3d671937d923da2cba/transformed/glance-appwidget-1.1.1/res/layout-v33/radio_row_expandwidth_wrapheight.xml to /home/runner/work/ShizukuPlus/ShizukuPlus/manager/build/intermediates/merged_res/release/mergeReleaseResources/layout-v33_radio_row_expandwidth_wrapheight.xml.flat
build	Build with Gradle	2026-06-06T12:25:02.6918607Z Compiling xml file /home/runner/work/ShizukuPlus/ShizukuPlus/manager/build/intermediates/incremental/release/mergeReleaseResources/stripped.dir/layout/item_settings_search_result.xml to /home/runner/work/ShizukuPlus/ShizukuPlus/manager/build/intermediates/merged_res/release/mergeReleaseResources/layout_item_settings_search_result.xml.flat
build	Build with Gradle	2026-06-06T12:25:02.6923768Z Compiling xml file /home/runner/.gradle/caches/8.14/transforms/efa565396efa7c69fa280f54041abb1e/transformed/appcompat-1.6.1/res/drawable/abc_ic_menu_copy_mtrl_am_alpha.xml to /home/runner/work/ShizukuPlus/ShizukuPlus/manager/build/intermediates/merged_res/release/mergeReleaseResources/drawable_abc_ic_menu_copy_mtrl_am_alpha.xml.flat
build	Build with Gradle	2026-06-06T12:25:02.6957829Z Compiling xml file /home/runner/.gradle/caches/8.14/transforms/0a9f0b23f2ae3b3d671937d923da2cba/transformed/glance-appwidget-1.1.1/res/layout-v33/glance_vertical_grid_four_columns_end_top.xml to /home/runner/work/ShizukuPlus/ShizukuPlus/manager/build/intermediates/merged_res/release/mergeReleaseResources/layout-v33_glance_vertical_grid_four_columns_end_top.xml.flat
build	Build with Gradle	2026-06-06T12:25:02.6963133Z Compiling xml file /home/runner/.gradle/caches/8.14/transforms/0a9f0b23f2ae3b3d671937d923da2cba/transformed/glance-appwidget-1.1.1/res/layout/radio_column_end_null_2children.xml to /home/runner/work/ShizukuPlus/ShizukuPlus/manager/build/intermediates/merged_res/release/mergeReleaseResources/layout_radio_column_end_null_2children.xml.flat
build	Build with Gradle	2026-06-06T12:25:02.6978512Z Compiling xml file /home/runner/work/ShizukuPlus/ShizukuPlus/manager/build/generated/materialThemeBuilder/release/res/color/m3_text_color_on_error_container.xml to /home/runner/work/ShizukuPlus/ShizukuPlus/manager/build/intermediates/merged_res/release/mergeReleaseResources/color_m3_text_color_on_error_container.xml.flat
build	Build with Gradle	2026-06-06T12:25:02.6983903Z Compiling xml file /home/runner/.gradle/caches/8.14/transforms/0a9f0b23f2ae3b3d671937d923da2cba/transformed/glance-appwidget-1.1.1/res/layout-v33/glance_vertical_grid_two_columns_wrapwidth_expandheight.xml to /home/runner/work/ShizukuPlus/ShizukuPlus/manager/build/intermediates/merged_res/release/mergeReleaseResources/layout-v33_glance_vertical_grid_two_columns_wrapwidth_expandheight.xml.flat
build	Build with Gradle	2026-06-06T12:25:02.7016312Z Compiling xml file /home/runner/.gradle/caches/8.14/transforms/a6084efd8e6c9ff951c8e72453f81ad6/transformed/material-1.14.0-beta01/res/layout/mtrl_layout_snackbar.xml to /home/runner/work/ShizukuPlus/ShizukuPlus/manager/build/intermediates/merged_res/release/mergeReleaseResources/layout_mtrl_layout_snackbar.xml.flat
build	Build with Gradle	2026-06-06T12:25:02.7021579Z Compiling xml file /home/runner/.gradle/caches/8.14/transforms/a6084efd8e6c9ff951c8e72453f81ad6/transformed/material-1.14.0-beta01/res/layout/mtrl_picker_header_title_text.xml to /home/runner/work/ShizukuPlus/ShizukuPlus/manager/build/intermediates/merged_res/release/mergeReleaseResources/layout_mtrl_picker_header_title_text.xml.flat
build	Build with Gradle	2026-06-06T12:25:02.7026681Z Compiling xml file /home/runner/.gradle/caches/8.14/transforms/a6084efd8e6c9ff951c8e72453f81ad6/transformed/material-1.14.0-beta01/res/color/m3_button_outline_color_selector.xml to /home/runner/work/ShizukuPlus/ShizukuPlus/manager/build/intermediates/merged_res/release/mergeReleaseResources/color_m3_button_outline_color_selector.xml.flat
build	Build with Gradle	2026-06-06T12:25:02.7034227Z Compiling xml file /home/runner/.gradle/caches/8.14/transforms/efa565396efa7c69fa280f54041abb1e/transformed/appcompat-1.6.1/res/drawable/abc_btn_radio_material.xml to /home/runner/work/ShizukuPlus/ShizukuPlus/manager/build/intermediates/merged_res/release/mergeReleaseResources/drawable_abc_btn_radio_material.xml.flat
build	Build with Gradle	2026-06-06T12:25:02.7050254Z Compiling xml file /home/runner/.gradle/caches/8.14/transforms/0a9f0b23f2ae3b3d671937d923da2cba/transformed/glance-appwidget-1.1.1/res/layout-v33/glance_vertical_grid_three_columns_start_top.xml to /home/runner/work/ShizukuPlus/ShizukuPlus/manager/build/intermediates/merged_res/release/mergeReleaseResources/layout-v33_glance_vertical_grid_three_columns_start_top.xml.flat
build	Build with Gradle	2026-06-06T12:25:02.7054135Z /home/runner/work/ShizukuPlus/ShizukuPlus/manager/src/main/res/xml/settings_root_integration.xml: Failed to compile file
build	Build with Gradle	2026-06-06T12:25:02.7078018Z Compiling xml file /home/runner/.gradle/caches/8.14/transforms/a18f3e8414f2ba4eb382dd01375ab089/transformed/core-1.16.0/res/layout/notification_template_part_chronometer.xml to /home/runner/work/ShizukuPlus/ShizukuPlus/manager/build/intermediates/merged_res/release/mergeReleaseResources/layout_notification_template_part_chronometer.xml.flat
build	Build with Gradle	2026-06-06T12:25:02.7082990Z Compiling xml file /home/runner/work/ShizukuPlus/ShizukuPlus/manager/build/generated/materialThemeBuilder/release/res/color/m3_text_color_on_surface_variant.xml to /home/runner/work/ShizukuPlus/ShizukuPlus/manager/build/intermediates/merged_res/release/mergeReleaseResources/color_m3_text_color_on_surface_variant.xml.flat
build	Build with Gradle	2026-06-06T12:25:02.7087871Z Compiling xml file /home/runner/.gradle/caches/8.14/transforms/efa565396efa7c69fa280f54041abb1e/transformed/appcompat-1.6.1/res/drawable/abc_ic_menu_paste_mtrl_am_alpha.xml to /home/runner/work/ShizukuPlus/ShizukuPlus/manager/build/intermediates/merged_res/release/mergeReleaseResources/drawable_abc_ic_menu_paste_mtrl_am_alpha.xml.flat
build	Build with Gradle	2026-06-06T12:25:02.7119372Z Compiling xml file /home/runner/.gradle/caches/8.14/transforms/0a9f0b23f2ae3b3d671937d923da2cba/transformed/glance-appwidget-1.1.1/res/layout/box_child_end_bottom_group_7.xml to /home/runner/work/ShizukuPlus/ShizukuPlus/manager/build/intermediates/merged_res/release/mergeReleaseResources/layout_box_child_end_bottom_group_7.xml.flat
build	Build with Gradle	2026-06-06T12:25:02.7123185Z Compiling xml file /home/runner/.gradle/caches/8.14/transforms/a6084efd8e6c9ff951c8e72453f81ad6/transformed/material-1.14.0-beta01/res/color/mtrl_choice_chip_ripple_color.xml to /home/runner/work/ShizukuPlus/ShizukuPlus/manager/build/intermediates/merged_res/release/mergeReleaseResources/color_mtrl_choice_chip_ripple_color.xml.flat
build	Build with Gradle	2026-06-06T12:25:02.7126440Z Compiling xml file /home/runner/.gradle/caches/8.14/transforms/0a9f0b23f2ae3b3d671937d923da2cba/transformed/glance-appwidget-1.1.1/res/layout/box_center_horizontal_center_vertical_5children.xml to /home/runner/work/ShizukuPlus/ShizukuPlus/manager/build/intermediates/merged_res/release/mergeReleaseResources/layout_box_center_horizontal_center_vertical_5children.xml.flat
build	Build with Gradle	2026-06-06T12:25:02.7129148Z Compiling xml file /home/runner/work/ShizukuPlus/ShizukuPlus/manager/src/main/res/drawable/ic_outline_arrow_upward_24.xml to /home/runner/work/ShizukuPlus/ShizukuPlus/manager/build/intermediates/merged_res/release/mergeReleaseResources/drawable_ic_outline_arrow_upward_24.xml.flat
build	Build with Gradle	2026-06-06T12:25:02.7131146Z Compiling xml file /home/runner/.gradle/caches/8.14/transforms/a6084efd8e6c9ff951c8e72453f81ad6/transformed/material-1.14.0-beta01/res/interpolator/mtrl_fast_out_linear_in.xml to /home/runner/work/ShizukuPlus/ShizukuPlus/manager/build/intermediates/merged_res/release/mergeReleaseResources/interpolator_mtrl_fast_out_linear_in.xml.flat
build	Build with Gradle	2026-06-06T12:25:02.7133516Z Compiling xml file /home/runner/.gradle/caches/8.14/transforms/0a9f0b23f2ae3b3d671937d923da2cba/transformed/glance-appwidget-1.1.1/res/layout-v33/glance_check_box_backport_center_horizontal_center_vertical.xml to /home/runner/work/ShizukuPlus/ShizukuPlus/manager/build/intermediates/merged_res/release/mergeReleaseResources/layout-v33_glance_check_box_backport_center_horizontal_center_vertical.xml.flat
build	Build with Gradle	2026-06-06T12:25:02.7135955Z Compiling xml file /home/runner/.gradle/caches/8.14/transforms/a6084efd8e6c9ff951c8e72453f81ad6/transformed/material-1.14.0-beta01/res/layout/material_timepicker_textinput_display.xml to /home/runner/work/ShizukuPlus/ShizukuPlus/manager/build/intermediates/merged_res/release/mergeReleaseResources/layout_material_timepicker_textinput_display.xml.flat
build	Build with Gradle	2026-06-06T12:25:02.7139419Z Compiling xml file /home/runner/.gradle/caches/8.14/transforms/a6084efd8e6c9ff951c8e72453f81ad6/transformed/material-1.14.0-beta01/res/drawable/mtrl_switch_thumb_pressed_unchecked.xml to /home/runner/work/ShizukuPlus/ShizukuPlus/manager/build/intermediates/merged_res/release/mergeReleaseResources/drawable_mtrl_switch_thumb_pressed_unchecked.xml.flat
build	Build with Gradle	2026-06-06T12:25:02.7144125Z Compiling xml file /home/runner/.gradle/caches/8.14/transforms/0a9f0b23f2ae3b3d671937d923da2cba/transformed/glance-appwidget-1.1.1/res/anim/glance_btn_checkbox_to_unchecked_box_inner_merged_animation.xml to /home/runner/work/ShizukuPlus/ShizukuPlus/manager/build/intermediates/merged_res/release/mergeReleaseResources/anim_glance_btn_checkbox_to_unchecked_box_inner_merged_animation.xml.flat
build	Build with Gradle	2026-06-06T12:25:02.7148957Z Compiling xml file /home/runner/.gradle/caches/8.14/transforms/0a9f0b23f2ae3b3d671937d923da2cba/transformed/glance-appwidget-1.1.1/res/layout-v33/glance_button_start_bottom.xml to /home/runner/work/ShizukuPlus/ShizukuPlus/manager/build/intermediates/merged_res/release/mergeReleaseResources/layout-v33_glance_button_start_bottom.xml.flat
build	Build with Gradle	2026-06-06T12:25:02.7153466Z Compiling xml file /home/runner/.gradle/caches/8.14/transforms/0a9f0b23f2ae3b3d671937d923da2cba/transformed/glance-appwidget-1.1.1/res/layout/box_child_end_bottom_group_2.xml to /home/runner/work/ShizukuPlus/ShizukuPlus/manager/build/intermediates/merged_res/release/mergeReleaseResources/layout_box_child_end_bottom_group_2.xml.flat
build	Build with Gradle	2026-06-06T12:25:02.7157956Z Compiling xml file /home/runner/.gradle/caches/8.14/transforms/0a9f0b23f2ae3b3d671937d923da2cba/transformed/glance-appwidget-1.1.1/res/drawable/glance_progress_horizontal.xml to /home/runner/work/ShizukuPlus/ShizukuPlus/manager/build/intermediates/merged_res/release/mergeReleaseResources/drawable_glance_progress_horizontal.xml.flat
build	Build with Gradle	2026-06-06T12:25:02.7162819Z Compiling xml file /home/runner/.gradle/caches/8.14/transforms/a6084efd8e6c9ff951c8e72453f81ad6/transformed/material-1.14.0-beta01/res/color/m3_floating_toolbar_vibrant_icon_button_container_color_selector.xml to /home/runner/work/ShizukuPlus/ShizukuPlus/manager/build/intermediates/merged_res/release/mergeReleaseResources/color_m3_floating_toolbar_vibrant_icon_button_container_color_selector.xml.flat
build	Build with Gradle	2026-06-06T12:25:02.7167777Z Compiling xml file /home/runner/.gradle/caches/8.14/transforms/efa565396efa7c69fa280f54041abb1e/transformed/appcompat-1.6.1/res/drawable/abc_ic_search_api_material.xml to /home/runner/work/ShizukuPlus/ShizukuPlus/manager/build/intermediates/merged_res/release/mergeReleaseResources/drawable_abc_ic_search_api_material.xml.flat
build	Build with Gradle	2026-06-06T12:25:02.7172429Z Compiling xml file /home/runner/.gradle/caches/8.14/transforms/a8b524143b57d8c2908f9c01f30efac2/transformed/sentry-compose-release/res/drawable/sentry_user_feedback_compose_button_logo_24.xml to /home/runner/work/ShizukuPlus/ShizukuPlus/manager/build/intermediates/merged_res/release/mergeReleaseResources/drawable_sentry_user_feedback_compose_button_logo_24.xml.flat
build	Build with Gradle	2026-06-06T12:25:02.7177229Z Compiling xml file /home/runner/.gradle/caches/8.14/transforms/a6084efd8e6c9ff951c8e72453f81ad6/transformed/material-1.14.0-beta01/res/layout/mtrl_alert_select_dialog_multichoice.xml to /home/runner/work/ShizukuPlus/ShizukuPlus/manager/build/intermediates/merged_res/release/mergeReleaseResources/layout_mtrl_alert_select_dialog_multichoice.xml.flat
build	Build with Gradle	2026-06-06T12:25:02.7182037Z Compiling xml file /home/runner/.gradle/caches/8.14/transforms/0a9f0b23f2ae3b3d671937d923da2cba/transformed/glance-appwidget-1.1.1/res/layout/row_null_center_vertical_2children.xml to /home/runner/work/ShizukuPlus/ShizukuPlus/manager/build/intermediates/merged_res/release/mergeReleaseResources/layout_row_null_center_vertical_2children.xml.flat
build	Build with Gradle	2026-06-06T12:25:02.7187130Z Compiling xml file /home/runner/.gradle/caches/8.14/transforms/0a9f0b23f2ae3b3d671937d923da2cba/transformed/glance-appwidget-1.1.1/res/layout-v33/glance_vertical_grid_two_columns_end_center_vertical.xml to /home/runner/work/ShizukuPlus/ShizukuPlus/manager/build/intermediates/merged_res/release/mergeReleaseResources/layout-v33_glance_vertical_grid_two_columns_end_center_vertical.xml.flat
build	Build with Gradle	2026-06-06T12:25:02.7192485Z Compiling xml file /home/runner/.gradle/caches/8.14/transforms/0a9f0b23f2ae3b3d671937d923da2cba/transformed/glance-appwidget-1.1.1/res/layout/row_null_center_vertical_7children.xml to /home/runner/work/ShizukuPlus/ShizukuPlus/manager/build/intermediates/merged_res/release/mergeReleaseResources/layout_row_null_center_vertical_7children.xml.flat
build	Build with Gradle	2026-06-06T12:25:02.7197155Z Compiling xml file /home/runner/.gradle/caches/8.14/transforms/0a9f0b23f2ae3b3d671937d923da2cba/transformed/glance-appwidget-1.1.1/res/layout-v31/box_child_start_bottom_group_6.xml to /home/runner/work/ShizukuPlus/ShizukuPlus/manager/build/intermediates/merged_res/release/mergeReleaseResources/layout-v31_box_child_start_bottom_group_6.xml.flat
build	Build with Gradle	2026-06-06T12:25:02.7201724Z Compiling xml file /home/runner/.gradle/caches/8.14/transforms/0a9f0b23f2ae3b3d671937d923da2cba/transformed/glance-appwidget-1.1.1/res/layout/column_start_null_1children.xml to /home/runner/work/ShizukuPlus/ShizukuPlus/manager/build/intermediates/merged_res/release/mergeReleaseResources/layout_column_start_null_1children.xml.flat
build	Build with Gradle	2026-06-06T12:25:02.7205976Z Compiling xml file /home/runner/.gradle/caches/8.14/transforms/0a9f0b23f2ae3b3d671937d923da2cba/transformed/glance-appwidget-1.1.1/res/layout-v31/box_child_start_bottom_group_9.xml to /home/runner/work/ShizukuPlus/ShizukuPlus/manager/build/intermediates/merged_res/release/mergeReleaseResources/layout-v31_box_child_start_bottom_group_9.xml.flat
build	Build with Gradle	2026-06-06T12:25:02.7209901Z Compiling xml file /home/runner/.gradle/caches/8.14/transforms/0a9f0b23f2ae3b3d671937d923da2cba/transformed/glance-appwidget-1.1.1/res/layout/row_null_center_vertical_3children.xml to /home/runner/work/ShizukuPlus/ShizukuPlus/manager/build/intermediates/merged_res/release/mergeReleaseResources/layout_row_null_center_vertical_3children.xml.flat
build	Build with Gradle	2026-06-06T12:25:02.7213646Z Compiling xml file /home/runner/.gradle/caches/8.14/transforms/0a9f0b23f2ae3b3d671937d923da2cba/transformed/glance-appwidget-1.1.1/res/layout-v31/box_child_start_bottom_group_5.xml to /home/runner/work/ShizukuPlus/ShizukuPlus/manager/build/intermediates/merged_res/release/mergeReleaseResources/layout-v31_box_child_start_bottom_group_5.xml.flat
build	Build with Gradle	2026-06-06T12:25:02.7217892Z Compiling xml file /home/runner/.gradle/caches/8.14/transforms/2b232f7e90ed539739f2c0f2684a06f8/transformed/browser-1.8.0/res/layout/browser_actions_context_menu_page.xml to /home/runner/work/ShizukuPlus/ShizukuPlus/manager/build/intermediates/merged_res/release/mergeReleaseResources/layout_browser_actions_context_menu_page.xml.flat
build	Build with Gradle	2026-06-06T12:25:02.7221993Z Compiling xml file /home/runner/.gradle/caches/8.14/transforms/0a9f0b23f2ae3b3d671937d923da2cba/transformed/glance-appwidget-1.1.1/res/layout-v33/glance_image_fill_bounds_end_top.xml to /home/runner/work/ShizukuPlus/ShizukuPlus/manager/build/intermediates/merged_res/release/mergeReleaseResources/layout-v33_glance_image_fill_bounds_end_top.xml.flat
build	Build with Gradle	2026-06-06T12:25:02.7225995Z Compiling xml file /home/runner/.gradle/caches/8.14/transforms/0a9f0b23f2ae3b3d671937d923da2cba/transformed/glance-appwidget-1.1.1/res/layout/size_match_match.xml to /home/runner/work/ShizukuPlus/ShizukuPlus/manager/build/intermediates/merged_res/release/mergeReleaseResources/layout_size_match_match.xml.flat
build	Build with Gradle	2026-06-06T12:25:02.7230106Z Compiling xml file /home/runner/.gradle/caches/8.14/transforms/0a9f0b23f2ae3b3d671937d923da2cba/transformed/glance-appwidget-1.1.1/res/layout/radio_row_null_bottom_8children.xml to /home/runner/work/ShizukuPlus/ShizukuPlus/manager/build/intermediates/merged_res/release/mergeReleaseResources/layout_radio_row_null_bottom_8children.xml.flat
build	Build with Gradle	2026-06-06T12:25:02.7234233Z Compiling xml file /home/runner/.gradle/caches/8.14/transforms/a6084efd8e6c9ff951c8e72453f81ad6/transformed/material-1.14.0-beta01/res/color/m3_hint_foreground.xml to /home/runner/work/ShizukuPlus/ShizukuPlus/manager/build/intermediates/merged_res/release/mergeReleaseResources/color_m3_hint_foreground.xml.flat
build	Build with Gradle	2026-06-06T12:25:02.7238825Z Compiling xml file /home/runner/.gradle/caches/8.14/transforms/0a9f0b23f2ae3b3d671937d923da2cba/transformed/glance-appwidget-1.1.1/res/layout-v33/glance_check_box_expandwidth_wrapheight.xml to /home/runner/work/ShizukuPlus/ShizukuPlus/manager/build/intermediates/merged_res/release/mergeReleaseResources/layout-v33_glance_check_box_expandwidth_wrapheight.xml.flat
build	Build with Gradle	2026-06-06T12:25:02.7243089Z Compiling xml file /home/runner/.gradle/caches/8.14/transforms/0a9f0b23f2ae3b3d671937d923da2cba/transformed/glance-appwidget-1.1.1/res/layout/box_end_top_5children.xml to /home/runner/work/ShizukuPlus/ShizukuPlus/manager/build/intermediates/merged_res/release/mergeReleaseResources/layout_box_end_top_5children.xml.flat
build	Build with Gradle	2026-06-06T12:25:02.7247097Z Compiling xml file /home/runner/.gradle/caches/8.14/transforms/0a9f0b23f2ae3b3d671937d923da2cba/transformed/glance-appwidget-1.1.1/res/anim/glance_btn_checkbox_to_unchecked_icon_null_animation.xml to /home/runner/work/ShizukuPlus/ShizukuPlus/manager/build/intermediates/merged_res/release/mergeReleaseResources/anim_glance_btn_checkbox_to_unchecked_icon_null_animation.xml.flat
build	Build with Gradle	2026-06-06T12:25:02.7251177Z Compiling xml file /home/runner/.gradle/caches/8.14/transforms/0a9f0b23f2ae3b3d671937d923da2cba/transformed/glance-appwidget-1.1.1/res/layout-v31/box_child_start_top_group_6.xml to /home/runner/work/ShizukuPlus/ShizukuPlus/manager/build/intermediates/merged_res/release/mergeReleaseResources/layout-v31_box_child_start_top_group_6.xml.flat
build	Build with Gradle	2026-06-06T12:25:02.7254857Z Compiling xml file /home/runner/.gradle/caches/8.14/transforms/0a9f0b23f2ae3b3d671937d923da2cba/transformed/glance-appwidget-1.1.1/res/layout-v31/box_child_start_top_group_2.xml to /home/runner/work/ShizukuPlus/ShizukuPlus/manager/build/intermediates/merged_res/release/mergeReleaseResources/layout-v31_box_child_start_top_group_2.xml.flat
build	Build with Gradle	2026-06-06T12:25:02.7258394Z Compiling xml file /home/runner/.gradle/caches/8.14/transforms/a6084efd8e6c9ff951c8e72453f81ad6/transformed/material-1.14.0-beta01/res/color/mtrl_filled_stroke_color.xml to /home/runner/work/ShizukuPlus/ShizukuPlus/manager/build/intermediates/merged_res/release/mergeReleaseResources/color_mtrl_filled_stroke_color.xml.flat
build	Build with Gradle	2026-06-06T12:25:02.7262118Z Compiling xml file /home/runner/.gradle/caches/8.14/transforms/0a9f0b23f2ae3b3d671937d923da2cba/transformed/glance-appwidget-1.1.1/res/layout-v33/glance_vertical_grid_two_columns_start_bottom.xml to /home/runner/work/ShizukuPlus/ShizukuPlus/manager/build/intermediates/merged_res/release/mergeReleaseResources/layout-v33_glance_vertical_grid_two_columns_start_bottom.xml.flat
build	Build with Gradle	2026-06-06T12:25:02.7266028Z Compiling xml file /home/runner/.gradle/caches/8.14/transforms/0a9f0b23f2ae3b3d671937d923da2cba/transformed/glance-appwidget-1.1.1/res/layout/box_child_start_top_group_1.xml to /home/runner/work/ShizukuPlus/ShizukuPlus/manager/build/intermediates/merged_res/release/mergeReleaseResources/layout_box_child_start_top_group_1.xml.flat
build	Build with Gradle	2026-06-06T12:25:02.7269553Z Compiling xml file /home/runner/.gradle/caches/8.14/transforms/0a9f0b23f2ae3b3d671937d923da2cba/transformed/glance-appwidget-1.1.1/res/layout/box_child_start_top_group_6.xml to /home/runner/work/ShizukuPlus/ShizukuPlus/manager/build/intermediates/merged_res/release/mergeReleaseResources/layout_box_child_start_top_group_6.xml.flat
build	Build with Gradle	2026-06-06T12:25:02.7273075Z Compiling xml file /home/runner/.gradle/caches/8.14/transforms/0a9f0b23f2ae3b3d671937d923da2cba/transformed/glance-appwidget-1.1.1/res/layout-v31/box_child_end_center_vertical_group_6.xml to /home/runner/work/ShizukuPlus/ShizukuPlus/manager/build/intermediates/merged_res/release/mergeReleaseResources/layout-v31_box_child_end_center_vertical_group_6.xml.flat
build	Build with Gradle	2026-06-06T12:25:02.7276694Z Compiling xml file /home/runner/.gradle/caches/8.14/transforms/0a9f0b23f2ae3b3d671937d923da2cba/transformed/glance-appwidget-1.1.1/res/layout-v31/box_child_end_center_vertical_group_2.xml to /home/runner/work/ShizukuPlus/ShizukuPlus/manager/build/intermediates/merged_res/release/mergeReleaseResources/layout-v31_box_child_end_center_vertical_group_2.xml.flat
build	Build with Gradle	2026-06-06T12:25:02.7280063Z Compiling xml file /home/runner/work/ShizukuPlus/ShizukuPlus/manager/src/main/res/drawable/ic_folder_24.xml to /home/runner/work/ShizukuPlus/ShizukuPlus/manager/build/intermediates/merged_res/release/mergeReleaseResources/drawable_ic_folder_24.xml.flat
build	Build with Gradle	2026-06-06T12:25:02.7283378Z Compiling xml file /home/runner/.gradle/caches/8.14/transforms/0a9f0b23f2ae3b3d671937d923da2cba/transformed/glance-appwidget-1.1.1/res/layout/box_child_start_top_group_7.xml to /home/runner/work/ShizukuPlus/ShizukuPlus/manager/build/intermediates/merged_res/release/mergeReleaseResources/layout_box_child_start_top_group_7.xml.flat
build	Build with Gradle	2026-06-06T12:25:02.7286873Z Compiling xml file /home/runner/.gradle/caches/8.14/transforms/0a9f0b23f2ae3b3d671937d923da2cba/transformed/glance-appwidget-1.1.1/res/layout-v33/glance_image_fit_end_top.xml to /home/runner/work/ShizukuPlus/ShizukuPlus/manager/build/intermediates/merged_res/release/mergeReleaseResources/layout-v33_glance_image_fit_end_top.xml.flat
build	Build with Gradle	2026-06-06T12:25:02.7290980Z Compiling xml file /home/runner/.gradle/caches/8.14/transforms/0a9f0b23f2ae3b3d671937d923da2cba/transformed/glance-appwidget-1.1.1/res/layout-v31/column_child_end_null_group_7.xml to /home/runner/work/ShizukuPlus/ShizukuPlus/manager/build/intermediates/merged_res/release/mergeReleaseResources/layout-v31_column_child_end_null_group_7.xml.flat
build	Build with Gradle	2026-06-06T12:25:02.7294599Z Compiling xml file /home/runner/.gradle/caches/8.14/transforms/0a9f0b23f2ae3b3d671937d923da2cba/transformed/glance-appwidget-1.1.1/res/layout-v31/column_child_end_null_group_3.xml to /home/runner/work/ShizukuPlus/ShizukuPlus/manager/build/intermediates/merged_res/release/mergeReleaseResources/layout-v31_column_child_end_null_group_3.xml.flat
build	Build with Gradle	2026-06-06T12:25:02.7298411Z Compiling xml file /home/runner/.gradle/caches/8.14/transforms/0a9f0b23f2ae3b3d671937d923da2cba/transformed/glance-appwidget-1.1.1/res/layout-v31/column_child_end_null_group_1.xml to /home/runner/work/ShizukuPlus/ShizukuPlus/manager/build/intermediates/merged_res/release/mergeReleaseResources/layout-v31_column_child_end_null_group_1.xml.flat
build	Build with Gradle	2026-06-06T12:25:02.7301876Z Compiling xml file /home/runner/.gradle/caches/8.14/transforms/a6084efd8e6c9ff951c8e72453f81ad6/transformed/material-1.14.0-beta01/res/drawable/ic_clear_black_24.xml to /home/runner/work/ShizukuPlus/ShizukuPlus/manager/build/intermediates/merged_res/release/mergeReleaseResources/drawable_ic_clear_black_24.xml.flat
build	Build with Gradle	2026-06-06T12:25:02.7305593Z Compiling xml file /home/runner/.gradle/caches/8.14/transforms/0a9f0b23f2ae3b3d671937d923da2cba/transformed/glance-appwidget-1.1.1/res/layout/box_start_center_vertical_6children.xml to /home/runner/work/ShizukuPlus/ShizukuPlus/manager/build/intermediates/merged_res/release/mergeReleaseResources/layout_box_start_center_vertical_6children.xml.flat
build	Build with Gradle	2026-06-06T12:25:02.7310178Z Compiling xml file /home/runner/.gradle/caches/8.14/transforms/0a9f0b23f2ae3b3d671937d923da2cba/transformed/glance-appwidget-1.1.1/res/layout-v31/box_child_center_horizontal_center_vertical_group_2.xml to /home/runner/work/ShizukuPlus/ShizukuPlus/manager/build/intermediates/merged_res/release/mergeReleaseResources/layout-v31_box_child_center_horizontal_center_vertical_group_2.xml.flat
build	Build with Gradle	2026-06-06T12:25:02.7314468Z Compiling xml file /home/runner/.gradle/caches/8.14/transforms/efa565396efa7c69fa280f54041abb1e/transformed/appcompat-1.6.1/res/drawable/btn_checkbox_unchecked_mtrl.xml to /home/runner/work/ShizukuPlus/ShizukuPlus/manager/build/intermediates/merged_res/release/mergeReleaseResources/drawable_btn_checkbox_unchecked_mtrl.xml.flat
build	Build with Gradle	2026-06-06T12:25:02.7318847Z Compiling xml file /home/runner/.gradle/caches/8.14/transforms/0a9f0b23f2ae3b3d671937d923da2cba/transformed/glance-appwidget-1.1.1/res/layout-v31/box_child_center_horizontal_center_vertical_group_3.xml to /home/runner/work/ShizukuPlus/ShizukuPlus/manager/build/intermediates/merged_res/release/mergeReleaseResources/layout-v31_box_child_center_horizontal_center_vertical_group_3.xml.flat
build	Build with Gradle	2026-06-06T12:25:02.7322938Z Compiling xml file /home/runner/.gradle/caches/8.14/transforms/f85a8706e3d3bf4df310b1b8ed66a067/transformed/material-2.7.2/res/color/m3_switch_track_color_light.xml to /home/runner/work/ShizukuPlus/ShizukuPlus/manager/build/intermediates/merged_res/release/mergeReleaseResources/color_m3_switch_track_color_light.xml.flat
build	Build with Gradle	2026-06-06T12:25:02.7327018Z Compiling xml file /home/runner/.gradle/caches/8.14/transforms/0a9f0b23f2ae3b3d671937d923da2cba/transformed/glance-appwidget-1.1.1/res/layout-v31/box_child_center_horizontal_center_vertical_group_6.xml to /home/runner/work/ShizukuPlus/ShizukuPlus/manager/build/intermediates/merged_res/release/mergeReleaseResources/layout-v31_box_child_center_horizontal_center_vertical_group_6.xml.flat
build	Build with Gradle	2026-06-06T12:25:02.7330849Z Compiling xml file /home/runner/.gradle/caches/8.14/transforms/0a9f0b23f2ae3b3d671937d923da2cba/transformed/glance-appwidget-1.1.1/res/layout/radio_row_null_bottom_5children.xml to /home/runner/work/ShizukuPlus/ShizukuPlus/manager/build/intermediates/merged_res/release/mergeReleaseResources/layout_radio_row_null_bottom_5children.xml.flat
build	Build with Gradle	2026-06-06T12:25:02.7334793Z Compiling xml file /home/runner/.gradle/caches/8.14/transforms/0a9f0b23f2ae3b3d671937d923da2cba/transformed/glance-appwidget-1.1.1/res/layout/radio_row_null_bottom_7children.xml to /home/runner/work/ShizukuPlus/ShizukuPlus/manager/build/intermediates/merged_res/release/mergeReleaseResources/layout_radio_row_null_bottom_7children.xml.flat
build	Build with Gradle	2026-06-06T12:25:02.7338296Z Compiling xml file /home/runner/.gradle/caches/8.14/transforms/a6084efd8e6c9ff951c8e72453f81ad6/transformed/material-1.14.0-beta01/res/color/design_error.xml to /home/runner/work/ShizukuPlus/ShizukuPlus/manager/build/intermediates/merged_res/release/mergeReleaseResources/color_design_error.xml.flat
build	Build with Gradle	2026-06-06T12:25:02.7342360Z Compiling xml file /home/runner/.gradle/caches/8.14/transforms/0a9f0b23f2ae3b3d671937d923da2cba/transformed/glance-appwidget-1.1.1/res/layout/column_center_horizontal_null_10children.xml to /home/runner/work/ShizukuPlus/ShizukuPlus/manager/build/intermediates/merged_res/release/mergeReleaseResources/layout_column_center_horizontal_null_10children.xml.flat
build	Build with Gradle	2026-06-06T12:25:02.7346575Z Compiling xml file /home/runner/.gradle/caches/8.14/transforms/a6084efd8e6c9ff951c8e72453f81ad6/transformed/material-1.14.0-beta01/res/color/m3_radiobutton_button_tint.xml to /home/runner/work/ShizukuPlus/ShizukuPlus/manager/build/intermediates/merged_res/release/mergeReleaseResources/color_m3_radiobutton_button_tint.xml.flat
build	Build with Gradle	2026-06-06T12:25:02.7350357Z Compiling xml file /home/runner/.gradle/caches/8.14/transforms/0a9f0b23f2ae3b3d671937d923da2cba/transformed/glance-appwidget-1.1.1/res/layout/radio_column_end_null_6children.xml to /home/runner/work/ShizukuPlus/ShizukuPlus/manager/build/intermediates/merged_res/release/mergeReleaseResources/layout_radio_column_end_null_6children.xml.flat
build	Build with Gradle	2026-06-06T12:25:02.7354058Z Compiling xml file /home/runner/.gradle/caches/8.14/transforms/0a9f0b23f2ae3b3d671937d923da2cba/transformed/glance-appwidget-1.1.1/res/layout/box_child_center_horizontal_center_vertical_group_0.xml to /home/runner/work/ShizukuPlus/ShizukuPlus/manager/build/intermediates/merged_res/release/mergeReleaseResources/layout_box_child_center_horizontal_center_vertical_group_0.xml.flat
build	Build with Gradle	2026-06-06T12:25:02.7357987Z Compiling xml file /home/runner/work/ShizukuPlus/ShizukuPlus/manager/src/main/res/interpolator/m3e_emphasized_decelerate.xml to /home/runner/work/ShizukuPlus/ShizukuPlus/manager/build/intermediates/merged_res/release/mergeReleaseResources/interpolator_m3e_emphasized_decelerate.xml.flat
build	Build with Gradle	2026-06-06T12:25:02.7361347Z Compiling xml file /home/runner/.gradle/caches/8.14/transforms/0a9f0b23f2ae3b3d671937d923da2cba/transformed/glance-appwidget-1.1.1/res/layout-v33/glance_vertical_grid_three_columns_start_bottom.xml to /home/runner/work/ShizukuPlus/ShizukuPlus/manager/build/intermediates/merged_res/release/mergeReleaseResources/layout-v33_glance_vertical_grid_three_columns_start_bottom.xml.flat
build	Build with Gradle	2026-06-06T12:25:02.7365732Z Compiling xml file /home/runner/.gradle/caches/8.14/transforms/a6084efd8e6c9ff951c8e72453f81ad6/transformed/material-1.14.0-beta01/res/drawable-v23/mtrl_popupmenu_background_overlay.xml to /home/runner/work/ShizukuPlus/ShizukuPlus/manager/build/intermediates/merged_res/release/mergeReleaseResources/drawable-v23_mtrl_popupmenu_background_overlay.xml.flat
build	Build with Gradle	2026-06-06T12:25:02.7369881Z Compiling xml file /home/runner/.gradle/caches/8.14/transforms/0a9f0b23f2ae3b3d671937d923da2cba/transformed/glance-appwidget-1.1.1/res/layout/box_child_start_bottom_group_9.xml to /home/runner/work/ShizukuPlus/ShizukuPlus/manager/build/intermediates/merged_res/release/mergeReleaseResources/layout_box_child_start_bottom_group_9.xml.flat
build	Build with Gradle	2026-06-06T12:25:02.7373640Z Compiling xml file /home/runner/.gradle/caches/8.14/transforms/0a9f0b23f2ae3b3d671937d923da2cba/transformed/glance-appwidget-1.1.1/res/layout/column_end_null_2children.xml to /home/runner/work/ShizukuPlus/ShizukuPlus/manager/build/intermediates/merged_res/release/mergeReleaseResources/layout_column_end_null_2children.xml.flat
build	Build with Gradle	2026-06-06T12:25:02.7377833Z Compiling xml file /home/runner/.gradle/caches/8.14/transforms/0a9f0b23f2ae3b3d671937d923da2cba/transformed/glance-appwidget-1.1.1/res/layout/root_match_wrap.xml to /home/runner/work/ShizukuPlus/ShizukuPlus/manager/build/intermediates/merged_res/release/mergeReleaseResources/layout_root_match_wrap.xml.flat
build	Build with Gradle	2026-06-06T12:25:02.7381141Z Compiling xml file /home/runner/work/ShizukuPlus/ShizukuPlus/manager/build/intermediates/incremental/release/mergeReleaseResources/stripped.dir/layout/collapsible_preference_category.xml to /home/runner/work/ShizukuPlus/ShizukuPlus/manager/build/intermediates/merged_res/release/mergeReleaseResources/layout_collapsible_preference_category.xml.flat
build	Build with Gradle	2026-06-06T12:25:02.7385246Z Compiling xml file /home/runner/.gradle/caches/8.14/transforms/a8ffae57e8eb844c745e6c38f24a5dc3/transformed/preference-1.2.1/res/layout/preference_widget_switch.xml to /home/runner/work/ShizukuPlus/ShizukuPlus/manager/build/intermediates/merged_res/release/mergeReleaseResources/layout_preference_widget_switch.xml.flat
build	Build with Gradle	2026-06-06T12:25:02.7389122Z Compiling xml file /home/runner/.gradle/caches/8.14/transforms/0a9f0b23f2ae3b3d671937d923da2cba/transformed/glance-appwidget-1.1.1/res/layout/box_child_start_bottom_group_5.xml to /home/runner/work/ShizukuPlus/ShizukuPlus/manager/build/intermediates/merged_res/release/mergeReleaseResources/layout_box_child_start_bottom_group_5.xml.flat
build	Build with Gradle	2026-06-06T12:25:02.7392755Z Compiling xml file /home/runner/.gradle/caches/8.14/transforms/0a9f0b23f2ae3b3d671937d923da2cba/transformed/glance-appwidget-1.1.1/res/drawable/glance_switch_thumb_on.xml to /home/runner/work/ShizukuPlus/ShizukuPlus/manager/build/intermediates/merged_res/release/mergeReleaseResources/drawable_glance_switch_thumb_on.xml.flat
build	Build with Gradle	2026-06-06T12:25:02.7396532Z Compiling xml file /home/runner/.gradle/caches/8.14/transforms/0a9f0b23f2ae3b3d671937d923da2cba/transformed/glance-appwidget-1.1.1/res/layout-v33/glance_vertical_grid_three_columns_center_horizontal_top.xml to /home/runner/work/ShizukuPlus/ShizukuPlus/manager/build/intermediates/merged_res/release/mergeReleaseResources/layout-v33_glance_vertical_grid_three_columns_center_horizontal_top.xml.flat
build	Build with Gradle	2026-06-06T12:25:02.7401383Z Compiling xml file /home/runner/.gradle/caches/8.14/transforms/a6084efd8e6c9ff951c8e72453f81ad6/transformed/material-1.14.0-beta01/res/interpolator/m3_sys_motion_easing_linear.xml to /home/runner/work/ShizukuPlus/ShizukuPlus/manager/build/intermediates/merged_res/release/mergeReleaseResources/interpolator_m3_sys_motion_easing_linear.xml.flat
build	Build with Gradle	2026-06-06T12:25:02.7405927Z Compiling xml file /home/runner/.gradle/caches/8.14/transforms/0a9f0b23f2ae3b3d671937d923da2cba/transformed/glance-appwidget-1.1.1/res/layout/box_center_horizontal_center_vertical_9children.xml to /home/runner/work/ShizukuPlus/ShizukuPlus/manager/build/intermediates/merged_res/release/mergeReleaseResources/layout_box_center_horizontal_center_vertical_9children.xml.flat
build	Build with Gradle	2026-06-06T12:25:02.7410367Z Compiling xml file /home/runner/.gradle/caches/8.14/transforms/a6084efd8e6c9ff951c8e72453f81ad6/transformed/material-1.14.0-beta01/res/animator/m3_card_elevated_state_list_anim.xml to /home/runner/work/ShizukuPlus/ShizukuPlus/manager/build/intermediates/merged_res/release/mergeReleaseResources/animator_m3_card_elevated_state_list_anim.xml.flat
build	Build with Gradle	2026-06-06T12:25:02.7414205Z Compiling xml file /home/runner/.gradle/caches/8.14/transforms/3496351281a372f59379614fd15c5436/transformed/fragment-1.8.7/res/animator/fragment_close_enter.xml to /home/runner/work/ShizukuPlus/ShizukuPlus/manager/build/intermediates/merged_res/release/mergeReleaseResources/animator_fragment_close_enter.xml.flat
build	Build with Gradle	2026-06-06T12:25:02.7418009Z Compiling xml file /home/runner/.gradle/caches/8.14/transforms/a6084efd8e6c9ff951c8e72453f81ad6/transformed/material-1.14.0-beta01/res/color/m3_appbar_overlay_color.xml to /home/runner/work/ShizukuPlus/ShizukuPlus/manager/build/intermediates/merged_res/release/mergeReleaseResources/color_m3_appbar_overlay_color.xml.flat
build	Build with Gradle	2026-06-06T12:25:02.7422105Z Compiling xml file /home/runner/work/ShizukuPlus/ShizukuPlus/manager/build/intermediates/incremental/release/mergeReleaseResources/stripped.dir/layout/dialog_update_available.xml to /home/runner/work/ShizukuPlus/ShizukuPlus/manager/build/intermediates/merged_res/release/mergeReleaseResources/layout_dialog_update_available.xml.flat
build	Build with Gradle	2026-06-06T12:25:02.7425681Z Compiling xml file /home/runner/.gradle/caches/8.14/transforms/efa565396efa7c69fa280f54041abb1e/transformed/appcompat-1.6.1/res/layout/abc_dialog_title_material.xml to /home/runner/work/ShizukuPlus/ShizukuPlus/manager/build/intermediates/merged_res/release/mergeReleaseResources/layout_abc_dialog_title_material.xml.flat
build	Build with Gradle	2026-06-06T12:25:02.7429521Z Compiling xml file /home/runner/.gradle/caches/8.14/transforms/0a9f0b23f2ae3b3d671937d923da2cba/transformed/glance-appwidget-1.1.1/res/layout/radio_row_null_top_8children.xml to /home/runner/work/ShizukuPlus/ShizukuPlus/manager/build/intermediates/merged_res/release/mergeReleaseResources/layout_radio_row_null_top_8children.xml.flat
build	Build with Gradle	2026-06-06T12:25:02.7432680Z Compiling xml file /home/runner/work/ShizukuPlus/ShizukuPlus/manager/src/main/res/drawable/widget_background.xml to /home/runner/work/ShizukuPlus/ShizukuPlus/manager/build/intermediates/merged_res/release/mergeReleaseResources/drawable_widget_background.xml.flat
build	Build with Gradle	2026-06-06T12:25:02.7436092Z Compiling xml file /home/runner/.gradle/caches/8.14/transforms/a6084efd8e6c9ff951c8e72453f81ad6/transformed/material-1.14.0-beta01/res/color/mtrl_choice_chip_text_color.xml to /home/runner/work/ShizukuPlus/ShizukuPlus/manager/build/intermediates/merged_res/release/mergeReleaseResources/color_mtrl_choice_chip_text_color.xml.flat
build	Build with Gradle	2026-06-06T12:25:02.7440241Z Compiling xml file /home/runner/.gradle/caches/8.14/transforms/0a9f0b23f2ae3b3d671937d923da2cba/transformed/glance-appwidget-1.1.1/res/layout-v33/glance_image_fill_bounds_decorative_center_horizontal_top.xml to /home/runner/work/ShizukuPlus/ShizukuPlus/manager/build/intermediates/merged_res/release/mergeReleaseResources/layout-v33_glance_image_fill_bounds_decorative_center_horizontal_top.xml.flat
build	Build with Gradle	2026-06-06T12:25:02.7444082Z Compiling xml file /home/runner/.gradle/caches/8.14/transforms/a6084efd8e6c9ff951c8e72453f81ad6/transformed/material-1.14.0-beta01/res/drawable/material_shape_square.xml to /home/runner/work/ShizukuPlus/ShizukuPlus/manager/build/intermediates/merged_res/release/mergeReleaseResources/drawable_material_shape_square.xml.flat
build	Build with Gradle	2026-06-06T12:25:02.7447557Z Compiling xml file /home/runner/work/ShizukuPlus/ShizukuPlus/manager/src/main/res/drawable/ic_back_24.xml to /home/runner/work/ShizukuPlus/ShizukuPlus/manager/build/intermediates/merged_res/release/mergeReleaseResources/drawable_ic_back_24.xml.flat
build	Build with Gradle	2026-06-06T12:25:02.7451156Z Compiling xml file /home/runner/.gradle/caches/8.14/transforms/a6084efd8e6c9ff951c8e72453f81ad6/transformed/material-1.14.0-beta01/res/drawable/material_shape_boom.xml to /home/runner/work/ShizukuPlus/ShizukuPlus/manager/build/intermediates/merged_res/release/mergeReleaseResources/drawable_material_shape_boom.xml.flat
build	Build with Gradle	2026-06-06T12:25:02.7455680Z Compiling xml file /home/runner/.gradle/caches/8.14/transforms/0a9f0b23f2ae3b3d671937d923da2cba/transformed/glance-appwidget-1.1.1/res/layout-v33/glance_frame_wrapwidth_expandheight.xml to /home/runner/work/ShizukuPlus/ShizukuPlus/manager/build/intermediates/merged_res/release/mergeReleaseResources/layout-v33_glance_frame_wrapwidth_expandheight.xml.flat
build	Build with Gradle	2026-06-06T12:25:02.7459921Z Compiling xml file /home/runner/.gradle/caches/8.14/transforms/a6084efd8e6c9ff951c8e72453f81ad6/transformed/material-1.14.0-beta01/res/layout/material_time_chip.xml to /home/runner/work/ShizukuPlus/ShizukuPlus/manager/build/intermediates/merged_res/release/mergeReleaseResources/layout_material_time_chip.xml.flat
build	Build with Gradle	2026-06-06T12:25:02.7463678Z Compiling xml file /home/runner/work/ShizukuPlus/ShizukuPlus/manager/build/generated/materialThemeBuilder/release/res/color/m3_text_color_on_primary_medium_emphasis.xml to /home/runner/work/ShizukuPlus/ShizukuPlus/manager/build/intermediates/merged_res/release/mergeReleaseResources/color_m3_text_color_on_primary_medium_emphasis.xml.flat
build	Build with Gradle	2026-06-06T12:25:02.7467266Z Compiling xml file /home/runner/.gradle/caches/8.14/transforms/efa565396efa7c69fa280f54041abb1e/transformed/appcompat-1.6.1/res/layout/abc_action_menu_item_layout.xml to /home/runner/work/ShizukuPlus/ShizukuPlus/manager/build/intermediates/merged_res/release/mergeReleaseResources/layout_abc_action_menu_item_layout.xml.flat
build	Build with Gradle	2026-06-06T12:25:02.7471476Z Compiling xml file /home/runner/.gradle/caches/8.14/transforms/0a9f0b23f2ae3b3d671937d923da2cba/transformed/glance-appwidget-1.1.1/res/drawable/glance_error_layout_background.xml to /home/runner/work/ShizukuPlus/ShizukuPlus/manager/build/intermediates/merged_res/release/mergeReleaseResources/drawable_glance_error_layout_background.xml.flat
build	Build with Gradle	2026-06-06T12:25:02.7475350Z Compiling xml file /home/runner/work/ShizukuPlus/ShizukuPlus/manager/src/main/res/xml/settings_advanced.xml to /home/runner/work/ShizukuPlus/ShizukuPlus/manager/build/intermediates/merged_res/release/mergeReleaseResources/xml_settings_advanced.xml.flat
build	Build with Gradle	2026-06-06T12:25:02.7479257Z Compiling xml file /home/runner/.gradle/caches/8.14/transforms/0a9f0b23f2ae3b3d671937d923da2cba/transformed/glance-appwidget-1.1.1/res/layout/radio_row_null_center_vertical_1children.xml to /home/runner/work/ShizukuPlus/ShizukuPlus/manager/build/intermediates/merged_res/release/mergeReleaseResources/layout_radio_row_null_center_vertical_1children.xml.flat
build	Build with Gradle	2026-06-06T12:25:02.7483403Z Compiling xml file /home/runner/.gradle/caches/8.14/transforms/0a9f0b23f2ae3b3d671937d923da2cba/transformed/glance-appwidget-1.1.1/res/layout-v33/glance_vertical_grid_four_columns_wrapwidth_expandheight.xml to /home/runner/work/ShizukuPlus/ShizukuPlus/manager/build/intermediates/merged_res/release/mergeReleaseResources/layout-v33_glance_vertical_grid_four_columns_wrapwidth_expandheight.xml.flat
build	Build with Gradle	2026-06-06T12:25:02.7487581Z Compiling xml file /home/runner/.gradle/caches/8.14/transforms/a6084efd8e6c9ff951c8e72453f81ad6/transformed/material-1.14.0-beta01/res/drawable/ic_arrow_back_black_24.xml to /home/runner/work/ShizukuPlus/ShizukuPlus/manager/build/intermediates/merged_res/release/mergeReleaseResources/drawable_ic_arrow_back_black_24.xml.flat
build	Build with Gradle	2026-06-06T12:25:02.7491038Z Compiling xml file /home/runner/.gradle/caches/8.14/transforms/0a9f0b23f2ae3b3d671937d923da2cba/transformed/glance-appwidget-1.1.1/res/layout-v33/column_start_top.xml to /home/runner/work/ShizukuPlus/ShizukuPlus/manager/build/intermediates/merged_res/release/mergeReleaseResources/layout-v33_column_start_top.xml.flat
build	Build with Gradle	2026-06-06T12:25:02.7495126Z Compiling xml file /home/runner/.gradle/caches/8.14/transforms/0a9f0b23f2ae3b3d671937d923da2cba/transformed/glance-appwidget-1.1.1/res/layout-v31/column_child_center_horizontal_null_group_1.xml to /home/runner/work/ShizukuPlus/ShizukuPlus/manager/build/intermediates/merged_res/release/mergeReleaseResources/layout-v31_column_child_center_horizontal_null_group_1.xml.flat
build	Build with Gradle	2026-06-06T12:25:02.7499868Z Compiling xml file /home/runner/.gradle/caches/8.14/transforms/0a9f0b23f2ae3b3d671937d923da2cba/transformed/glance-appwidget-1.1.1/res/layout/radio_column_center_horizontal_null_3children.xml to /home/runner/work/ShizukuPlus/ShizukuPlus/manager/build/intermediates/merged_res/release/mergeReleaseResources/layout_radio_column_center_horizontal_null_3children.xml.flat
build	Build with Gradle	2026-06-06T12:25:02.7504796Z Compiling xml file /home/runner/.gradle/caches/8.14/transforms/0a9f0b23f2ae3b3d671937d923da2cba/transformed/glance-appwidget-1.1.1/res/layout/box_center_horizontal_center_vertical_4children.xml to /home/runner/work/ShizukuPlus/ShizukuPlus/manager/build/intermediates/merged_res/release/mergeReleaseResources/layout_box_center_horizontal_center_vertical_4children.xml.flat
build	Build with Gradle	2026-06-06T12:25:02.7509289Z Compiling xml file /home/runner/.gradle/caches/8.14/transforms/a6084efd8e6c9ff951c8e72453f81ad6/transformed/material-1.14.0-beta01/res/drawable-v23/m3_radiobutton_ripple.xml to /home/runner/work/ShizukuPlus/ShizukuPlus/manager/build/intermediates/merged_res/release/mergeReleaseResources/drawable-v23_m3_radiobutton_ripple.xml.flat
build	Build with Gradle	2026-06-06T12:25:02.7513279Z Compiling xml file /home/runner/.gradle/caches/8.14/transforms/0a9f0b23f2ae3b3d671937d923da2cba/transformed/glance-appwidget-1.1.1/res/layout-v31/column_child_center_horizontal_null_group_5.xml to /home/runner/work/ShizukuPlus/ShizukuPlus/manager/build/intermediates/merged_res/release/mergeReleaseResources/layout-v31_column_child_center_horizontal_null_group_5.xml.flat
build	Build with Gradle	2026-06-06T12:25:02.7517662Z Compiling xml file /home/runner/.gradle/caches/8.14/transforms/0a9f0b23f2ae3b3d671937d923da2cba/transformed/glance-appwidget-1.1.1/res/layout-v31/box_child_start_center_vertical_group_0.xml to /home/runner/work/ShizukuPlus/ShizukuPlus/manager/build/intermediates/merged_res/release/mergeReleaseResources/layout-v31_box_child_start_center_vertical_group_0.xml.flat
build	Build with Gradle	2026-06-06T12:25:02.7521977Z Compiling xml file /home/runner/.gradle/caches/8.14/transforms/0a9f0b23f2ae3b3d671937d923da2cba/transformed/glance-appwidget-1.1.1/res/layout-v31/box_child_start_center_vertical_group_4.xml to /home/runner/work/ShizukuPlus/ShizukuPlus/manager/build/intermediates/merged_res/release/mergeReleaseResources/layout-v31_box_child_start_center_vertical_group_4.xml.flat
build	Build with Gradle	2026-06-06T12:25:02.7525827Z Compiling xml file /home/runner/.gradle/caches/8.14/transforms/0a9f0b23f2ae3b3d671937d923da2cba/transformed/glance-appwidget-1.1.1/res/layout-v31/box_child_start_center_vertical_group_8.xml to /home/runner/work/ShizukuPlus/ShizukuPlus/manager/build/intermediates/merged_res/release/mergeReleaseResources/layout-v31_box_child_start_center_vertical_group_8.xml.flat
build	Build with Gradle	2026-06-06T12:25:02.7529978Z Compiling xml file /home/runner/work/ShizukuPlus/ShizukuPlus/manager/src/main/res/drawable/ic_launcher.xml to /home/runner/work/ShizukuPlus/ShizukuPlus/manager/build/intermediates/merged_res/release/mergeReleaseResources/drawable_ic_launcher.xml.flat
build	Build with Gradle	2026-06-06T12:25:02.7534234Z Compiling xml file /home/runner/.gradle/caches/8.14/transforms/0a9f0b23f2ae3b3d671937d923da2cba/transformed/glance-appwidget-1.1.1/res/layout-v33/glance_image_fill_bounds_center_horizontal_center_vertical.xml to /home/runner/work/ShizukuPlus/ShizukuPlus/manager/build/intermediates/merged_res/release/mergeReleaseResources/layout-v33_glance_image_fill_bounds_center_horizontal_center_vertical.xml.flat
build	Build with Gradle	2026-06-06T12:25:02.7538728Z Compiling xml file /home/runner/.gradle/caches/8.14/transforms/a18f3e8414f2ba4eb382dd01375ab089/transformed/core-1.16.0/res/drawable/ic_call_answer_video.xml to /home/runner/work/ShizukuPlus/ShizukuPlus/manager/build/intermediates/merged_res/release/mergeReleaseResources/drawable_ic_call_answer_video.xml.flat
build	Build with Gradle	2026-06-06T12:25:02.7542273Z Compiling xml file /home/runner/.gradle/caches/8.14/transforms/0a9f0b23f2ae3b3d671937d923da2cba/transformed/glance-appwidget-1.1.1/res/layout/radio_column_center_horizontal_null_5children.xml to /home/runner/work/ShizukuPlus/ShizukuPlus/manager/build/intermediates/merged_res/release/mergeReleaseResources/layout_radio_column_center_horizontal_null_5children.xml.flat
build	Build with Gradle	2026-06-06T12:25:02.7546182Z Compiling xml file /home/runner/.gradle/caches/8.14/transforms/a6084efd8e6c9ff951c8e72453f81ad6/transformed/material-1.14.0-beta01/res/drawable/mtrl_dialog_background.xml to /home/runner/work/ShizukuPlus/ShizukuPlus/manager/build/intermediates/merged_res/release/mergeReleaseResources/drawable_mtrl_dialog_background.xml.flat
build	Build with Gradle	2026-06-06T12:25:02.7549827Z Compiling xml file /home/runner/.gradle/caches/8.14/transforms/0a9f0b23f2ae3b3d671937d923da2cba/transformed/glance-appwidget-1.1.1/res/color/glance_switch_on_ambient_shadow.xml to /home/runner/work/ShizukuPlus/ShizukuPlus/manager/build/intermediates/merged_res/release/mergeReleaseResources/color_glance_switch_on_ambient_shadow.xml.flat
build	Build with Gradle	2026-06-06T12:25:02.7553760Z Compiling xml file /home/runner/.gradle/caches/8.14/transforms/0a9f0b23f2ae3b3d671937d923da2cba/transformed/glance-appwidget-1.1.1/res/layout-v33/glance_vertical_grid_auto_fit_center_horizontal_center_vertical.xml to /home/runner/work/ShizukuPlus/ShizukuPlus/manager/build/intermediates/merged_res/release/mergeReleaseResources/layout-v33_glance_vertical_grid_auto_fit_center_horizontal_center_vertical.xml.flat
build	Build with Gradle	2026-06-06T12:25:02.7558188Z Compiling xml file /home/runner/.gradle/caches/8.14/transforms/a6084efd8e6c9ff951c8e72453f81ad6/transformed/material-1.14.0-beta01/res/drawable/ic_mtrl_chip_close_circle.xml to /home/runner/work/ShizukuPlus/ShizukuPlus/manager/build/intermediates/merged_res/release/mergeReleaseResources/drawable_ic_mtrl_chip_close_circle.xml.flat
build	Build with Gradle	2026-06-06T12:25:02.7562027Z Compiling xml file /home/runner/.gradle/caches/8.14/transforms/a6084efd8e6c9ff951c8e72453f81ad6/transformed/material-1.14.0-beta01/res/drawable/mtrl_switch_thumb_unchecked_pressed.xml to /home/runner/work/ShizukuPlus/ShizukuPlus/manager/build/intermediates/merged_res/release/mergeReleaseResources/drawable_mtrl_switch_thumb_unchecked_pressed.xml.flat
build	Build with Gradle	2026-06-06T12:25:02.7565554Z Compiling xml file /home/runner/work/ShizukuPlus/ShizukuPlus/manager/src/main/res/drawable/ic_learn_more_24.xml to /home/runner/work/ShizukuPlus/ShizukuPlus/manager/build/intermediates/merged_res/release/mergeReleaseResources/drawable_ic_learn_more_24.xml.flat
build	Build with Gradle	2026-06-06T12:25:02.7568814Z Compiling xml file /home/runner/.gradle/caches/8.14/transforms/f3104eb4796c3cb96709ee2563cfb750/transformed/sentry-android-core-8.40.0/res/drawable/sentry_user_feedback_button_logo_24.xml to /home/runner/work/ShizukuPlus/ShizukuPlus/manager/build/intermediates/merged_res/release/mergeReleaseResources/drawable_sentry_user_feedback_button_logo_24.xml.flat
build	Build with Gradle	2026-06-06T12:25:02.7572393Z Compiling xml file /home/runner/.gradle/caches/8.14/transforms/a6084efd8e6c9ff951c8e72453f81ad6/transformed/material-1.14.0-beta01/res/drawable/material_shape_cookie_6.xml to /home/runner/work/ShizukuPlus/ShizukuPlus/manager/build/intermediates/merged_res/release/mergeReleaseResources/drawable_material_shape_cookie_6.xml.flat
build	Build with Gradle	2026-06-06T12:25:02.7576066Z Compiling xml file /home/runner/work/ShizukuPlus/ShizukuPlus/manager/src/main/res/drawable/shape_node_inactive.xml to /home/runner/work/ShizukuPlus/ShizukuPlus/manager/build/intermediates/merged_res/release/mergeReleaseResources/drawable_shape_node_inactive.xml.flat
build	Build with Gradle	2026-06-06T12:25:02.7579772Z Compiling xml file /home/runner/.gradle/caches/8.14/transforms/f85a8706e3d3bf4df310b1b8ed66a067/transformed/material-2.7.2/res/drawable/fastscroll_track_material.xml to /home/runner/work/ShizukuPlus/ShizukuPlus/manager/build/intermediates/merged_res/release/mergeReleaseResources/drawable_fastscroll_track_material.xml.flat
build	Build with Gradle	2026-06-06T12:25:02.7583593Z Compiling xml file /home/runner/.gradle/caches/8.14/transforms/0a9f0b23f2ae3b3d671937d923da2cba/transformed/glance-appwidget-1.1.1/res/layout-v31/column_child_center_horizontal_null_group_9.xml to /home/runner/work/ShizukuPlus/ShizukuPlus/manager/build/intermediates/merged_res/release/mergeReleaseResources/layout-v31_column_child_center_horizontal_null_group_9.xml.flat
build	Build with Gradle	2026-06-06T12:25:02.7587926Z Compiling xml file /home/runner/.gradle/caches/8.14/transforms/a6084efd8e6c9ff951c8e72453f81ad6/transformed/material-1.14.0-beta01/res/color/m3_textfield_input_text_color.xml to /home/runner/work/ShizukuPlus/ShizukuPlus/manager/build/intermediates/merged_res/release/mergeReleaseResources/color_m3_textfield_input_text_color.xml.flat
build	Build with Gradle	2026-06-06T12:25:02.7591759Z Compiling xml file /home/runner/.gradle/caches/8.14/transforms/efa565396efa7c69fa280f54041abb1e/transformed/appcompat-1.6.1/res/drawable-v21/abc_btn_colored_material.xml to /home/runner/work/ShizukuPlus/ShizukuPlus/manager/build/intermediates/merged_res/release/mergeReleaseResources/drawable-v21_abc_btn_colored_material.xml.flat
build	Build with Gradle	2026-06-06T12:25:02.7595399Z Compiling xml file /home/runner/.gradle/caches/8.14/transforms/0a9f0b23f2ae3b3d671937d923da2cba/transformed/glance-appwidget-1.1.1/res/layout/box_center_horizontal_bottom_6children.xml to /home/runner/work/ShizukuPlus/ShizukuPlus/manager/build/intermediates/merged_res/release/mergeReleaseResources/layout_box_center_horizontal_bottom_6children.xml.flat
build	Build with Gradle	2026-06-06T12:25:02.7598902Z Compiling xml file /home/runner/work/ShizukuPlus/ShizukuPlus/manager/src/main/res/drawable/ic_medical_services_24.xml to /home/runner/work/ShizukuPlus/ShizukuPlus/manager/build/intermediates/merged_res/release/mergeReleaseResources/drawable_ic_medical_services_24.xml.flat
build	Build with Gradle	2026-06-06T12:25:02.7602627Z Compiling xml file /home/runner/.gradle/caches/8.14/transforms/a6084efd8e6c9ff951c8e72453f81ad6/transformed/material-1.14.0-beta01/res/drawable/navigation_empty_icon.xml to /home/runner/work/ShizukuPlus/ShizukuPlus/manager/build/intermediates/merged_res/release/mergeReleaseResources/drawable_navigation_empty_icon.xml.flat
build	Build with Gradle	2026-06-06T12:25:02.7607671Z Compiling xml file /home/runner/.gradle/caches/8.14/transforms/0a9f0b23f2ae3b3d671937d923da2cba/transformed/glance-appwidget-1.1.1/res/layout-v33/glance_vertical_grid_three_columns_end_center_vertical.xml to /home/runner/work/ShizukuPlus/ShizukuPlus/manager/build/intermediates/merged_res/release/mergeReleaseResources/layout-v33_glance_vertical_grid_three_columns_end_center_vertical.xml.flat
build	Build with Gradle	2026-06-06T12:25:02.7611419Z Compiling xml file /home/runner/.gradle/caches/8.14/transforms/484f1985b8141e4d4ca38f4ab7092551/transformed/library-1.2.0/res/drawable/afs_thumb.xml to /home/runner/work/ShizukuPlus/ShizukuPlus/manager/build/intermediates/merged_res/release/mergeReleaseResources/drawable_afs_thumb.xml.flat
build	Build with Gradle	2026-06-06T12:25:02.7629081Z Compiling xml file /home/runner/.gradle/caches/8.14/transforms/0a9f0b23f2ae3b3d671937d923da2cba/transformed/glance-appwidget-1.1.1/res/layout-v33/row_expandwidth_wrapheight.xml to /home/runner/work/ShizukuPlus/ShizukuPlus/manager/build/intermediates/merged_res/release/mergeReleaseResources/layout-v33_row_expandwidth_wrapheight.xml.flat
build	Build with Gradle	2026-06-06T12:25:02.7633481Z Compiling xml file /home/runner/work/ShizukuPlus/ShizukuPlus/manager/build/intermediates/incremental/release/mergeReleaseResources/stripped.dir/layout/page_onboarding_setup.xml to /home/runner/work/ShizukuPlus/ShizukuPlus/manager/build/intermediates/merged_res/release/mergeReleaseResources/layout_page_onboarding_setup.xml.flat
build	Build with Gradle	2026-06-06T12:25:02.7637943Z Compiling xml file /home/runner/.gradle/caches/8.14/transforms/0a9f0b23f2ae3b3d671937d923da2cba/transformed/glance-appwidget-1.1.1/res/layout-v33/glance_image_fill_bounds_decorative_end_top.xml to /home/runner/work/ShizukuPlus/ShizukuPlus/manager/build/intermediates/merged_res/release/mergeReleaseResources/layout-v33_glance_image_fill_bounds_decorative_end_top.xml.flat
build	Build with Gradle	2026-06-06T12:25:02.7642285Z Compiling xml file /home/runner/.gradle/caches/8.14/transforms/0a9f0b23f2ae3b3d671937d923da2cba/transformed/glance-appwidget-1.1.1/res/layout-v33/glance_frame_center_horizontal_bottom.xml to /home/runner/work/ShizukuPlus/ShizukuPlus/manager/build/intermediates/merged_res/release/mergeReleaseResources/layout-v33_glance_frame_center_horizontal_bottom.xml.flat
build	Build with Gradle	2026-06-06T12:25:02.7646364Z Compiling xml file /home/runner/.gradle/caches/8.14/transforms/0a9f0b23f2ae3b3d671937d923da2cba/transformed/glance-appwidget-1.1.1/res/layout/box_start_center_vertical_3children.xml to /home/runner/work/ShizukuPlus/ShizukuPlus/manager/build/intermediates/merged_res/release/mergeReleaseResources/layout_box_start_center_vertical_3children.xml.flat
build	Build with Gradle	2026-06-06T12:25:02.7650443Z Compiling xml file /home/runner/.gradle/caches/8.14/transforms/4d1f2d6f8fcd4d0456ade74253b328dd/transformed/simplemenu-preference-1.0.3/res/layout/simple_menu_list.xml to /home/runner/work/ShizukuPlus/ShizukuPlus/manager/build/intermediates/merged_res/release/mergeReleaseResources/layout_simple_menu_list.xml.flat
build	Build with Gradle	2026-06-06T12:25:02.7653809Z Compiling xml file /home/runner/.gradle/caches/8.14/transforms/efa565396efa7c69fa280f54041abb1e/transformed/appcompat-1.6.1/res/layout/abc_list_menu_item_layout.xml to /home/runner/work/ShizukuPlus/ShizukuPlus/manager/build/intermediates/merged_res/release/mergeReleaseResources/layout_abc_list_menu_item_layout.xml.flat
build	Build with Gradle	2026-06-06T12:25:02.7657635Z Compiling xml file /home/runner/.gradle/caches/8.14/transforms/0a9f0b23f2ae3b3d671937d923da2cba/transformed/glance-appwidget-1.1.1/res/layout/radio_column_start_null_9children.xml to /home/runner/work/ShizukuPlus/ShizukuPlus/manager/build/intermediates/merged_res/release/mergeReleaseResources/layout_radio_column_start_null_9children.xml.flat
build	Build with Gradle	2026-06-06T12:25:02.7661620Z Compiling xml file /home/runner/.gradle/caches/8.14/transforms/c2631671ecbd3d95bfc540fb5557d230/transformed/core-remoteviews-1.1.0/res/layout/invalid_list_item.xml to /home/runner/work/ShizukuPlus/ShizukuPlus/manager/build/intermediates/merged_res/release/mergeReleaseResources/layout_invalid_list_item.xml.flat
build	Build with Gradle	2026-06-06T12:25:02.7665093Z Compiling xml file /home/runner/.gradle/caches/8.14/transforms/a6084efd8e6c9ff951c8e72453f81ad6/transformed/material-1.14.0-beta01/res/color/mtrl_chip_close_icon_tint.xml to /home/runner/work/ShizukuPlus/ShizukuPlus/manager/build/intermediates/merged_res/release/mergeReleaseResources/color_mtrl_chip_close_icon_tint.xml.flat
build	Build with Gradle	2026-06-06T12:25:02.7668916Z Compiling xml file /home/runner/.gradle/caches/8.14/transforms/0a9f0b23f2ae3b3d671937d923da2cba/transformed/glance-appwidget-1.1.1/res/drawable/glance_switch_thumb_animated.xml to /home/runner/work/ShizukuPlus/ShizukuPlus/manager/build/intermediates/merged_res/release/mergeReleaseResources/drawable_glance_switch_thumb_animated.xml.flat
build	Build with Gradle	2026-06-06T12:25:02.7673106Z Compiling xml file /home/runner/.gradle/caches/8.14/transforms/a6084efd8e6c9ff951c8e72453f81ad6/transformed/material-1.14.0-beta01/res/color/material_on_primary_emphasis_high_type.xml to /home/runner/work/ShizukuPlus/ShizukuPlus/manager/build/intermediates/merged_res/release/mergeReleaseResources/color_material_on_primary_emphasis_high_type.xml.flat
build	Build with Gradle	2026-06-06T12:25:02.7676628Z Compiling xml file /home/runner/.gradle/caches/8.14/transforms/4d1f2d6f8fcd4d0456ade74253b328dd/transformed/simplemenu-preference-1.0.3/res/drawable/simple_menu_background.xml to /home/runner/work/ShizukuPlus/ShizukuPlus/manager/build/intermediates/merged_res/release/mergeReleaseResources/drawable_simple_menu_background.xml.flat
build	Build with Gradle	2026-06-06T12:25:02.7680762Z Compiling xml file /home/runner/.gradle/caches/8.14/transforms/a6084efd8e6c9ff951c8e72453f81ad6/transformed/material-1.14.0-beta01/res/color/mtrl_btn_ripple_color.xml to /home/runner/work/ShizukuPlus/ShizukuPlus/manager/build/intermediates/merged_res/release/mergeReleaseResources/color_mtrl_btn_ripple_color.xml.flat
build	Build with Gradle	2026-06-06T12:25:02.7685076Z Compiling xml file /home/runner/.gradle/caches/8.14/transforms/a6084efd8e6c9ff951c8e72453f81ad6/transformed/material-1.14.0-beta01/res/drawable/m3_toolbar_navigation_circle_background.xml to /home/runner/work/ShizukuPlus/ShizukuPlus/manager/build/intermediates/merged_res/release/mergeReleaseResources/drawable_m3_toolbar_navigation_circle_background.xml.flat
build	Build with Gradle	2026-06-06T12:25:02.7689740Z Compiling xml file /home/runner/.gradle/caches/8.14/transforms/0a9f0b23f2ae3b3d671937d923da2cba/transformed/glance-appwidget-1.1.1/res/layout/radio_column_start_null_5children.xml to /home/runner/work/ShizukuPlus/ShizukuPlus/manager/build/intermediates/merged_res/release/mergeReleaseResources/layout_radio_column_start_null_5children.xml.flat
build	Build with Gradle	2026-06-06T12:25:02.7694263Z Compiling xml file /home/runner/.gradle/caches/8.14/transforms/0a9f0b23f2ae3b3d671937d923da2cba/transformed/glance-appwidget-1.1.1/res/drawable/glance_btn_radio_off_mtrl.xml to /home/runner/work/ShizukuPlus/ShizukuPlus/manager/build/intermediates/merged_res/release/mergeReleaseResources/drawable_glance_btn_radio_off_mtrl.xml.flat
build	Build with Gradle	2026-06-06T12:25:02.7698845Z Compiling xml file /home/runner/.gradle/caches/8.14/transforms/a6084efd8e6c9ff951c8e72453f81ad6/transformed/material-1.14.0-beta01/res/drawable/m3_default_item_background_borderless.xml to /home/runner/work/ShizukuPlus/ShizukuPlus/manager/build/intermediates/merged_res/release/mergeReleaseResources/drawable_m3_default_item_background_borderless.xml.flat
build	Build with Gradle	2026-06-06T12:25:02.7702469Z Compiling xml file /home/runner/work/ShizukuPlus/ShizukuPlus/manager/src/main/res/xml/settings_main.xml to /home/runner/work/ShizukuPlus/ShizukuPlus/manager/build/intermediates/merged_res/release/mergeReleaseResources/xml_settings_main.xml.flat
build	Build with Gradle	2026-06-06T12:25:02.7706168Z Compiling xml file /home/runner/.gradle/caches/8.14/transforms/0a9f0b23f2ae3b3d671937d923da2cba/transformed/glance-appwidget-1.1.1/res/layout-v31/column_child_start_null_group_2.xml to /home/runner/work/ShizukuPlus/ShizukuPlus/manager/build/intermediates/merged_res/release/mergeReleaseResources/layout-v31_column_child_start_null_group_2.xml.flat
build	Build with Gradle	2026-06-06T12:25:02.7710280Z Compiling xml file /home/runner/.gradle/caches/8.14/transforms/0a9f0b23f2ae3b3d671937d923da2cba/transformed/glance-appwidget-1.1.1/res/layout-v31/column_child_start_null_group_3.xml to /home/runner/work/ShizukuPlus/ShizukuPlus/manager/build/intermediates/merged_res/release/mergeReleaseResources/layout-v31_column_child_start_null_group_3.xml.flat
build	Build with Gradle	2026-06-06T12:25:02.7714028Z Compiling xml file /home/runner/.gradle/caches/8.14/transforms/a6084efd8e6c9ff951c8e72453f81ad6/transformed/material-1.14.0-beta01/res/color/mtrl_tabs_colored_ripple_color.xml to /home/runner/work/ShizukuPlus/ShizukuPlus/manager/build/intermediates/merged_res/release/mergeReleaseResources/color_mtrl_tabs_colored_ripple_color.xml.flat
build	Build with Gradle	2026-06-06T12:25:02.7717694Z Compiling xml file /home/runner/.gradle/caches/8.14/transforms/0a9f0b23f2ae3b3d671937d923da2cba/transformed/glance-appwidget-1.1.1/res/layout-v31/column_child_start_null_group_5.xml to /home/runner/work/ShizukuPlus/ShizukuPlus/manager/build/intermediates/merged_res/release/mergeReleaseResources/layout-v31_column_child_start_null_group_5.xml.flat
build	Build with Gradle	2026-06-06T12:25:02.7721665Z Compiling xml file /home/runner/.gradle/caches/8.14/transforms/efa565396efa7c69fa280f54041abb1e/transformed/appcompat-1.6.1/res/layout/abc_action_mode_close_item_material.xml to /home/runner/work/ShizukuPlus/ShizukuPlus/manager/build/intermediates/merged_res/release/mergeReleaseResources/layout_abc_action_mode_close_item_material.xml.flat
build	Build with Gradle	2026-06-06T12:25:02.7725725Z Compiling xml file /home/runner/.gradle/caches/8.14/transforms/a6084efd8e6c9ff951c8e72453f81ad6/transformed/material-1.14.0-beta01/res/drawable/mtrl_switch_track_decoration.xml to /home/runner/work/ShizukuPlus/ShizukuPlus/manager/build/intermediates/merged_res/release/mergeReleaseResources/drawable_mtrl_switch_track_decoration.xml.flat
build	Build with Gradle	2026-06-06T12:25:02.7729688Z Compiling xml file /home/runner/.gradle/caches/8.14/transforms/a6084efd8e6c9ff951c8e72453f81ad6/transformed/material-1.14.0-beta01/res/color/m3expressive_nav_rail_item_ripple_tint.xml to /home/runner/work/ShizukuPlus/ShizukuPlus/manager/build/intermediates/merged_res/release/mergeReleaseResources/color_m3expressive_nav_rail_item_ripple_tint.xml.flat
build	Build with Gradle	2026-06-06T12:25:02.7733297Z Compiling xml file /home/runner/.gradle/caches/8.14/transforms/efa565396efa7c69fa280f54041abb1e/transformed/appcompat-1.6.1/res/drawable/abc_star_black_48dp.xml to /home/runner/work/ShizukuPlus/ShizukuPlus/manager/build/intermediates/merged_res/release/mergeReleaseResources/drawable_abc_star_black_48dp.xml.flat
build	Build with Gradle	2026-06-06T12:25:02.7737331Z Compiling xml file /home/runner/.gradle/caches/8.14/transforms/0a9f0b23f2ae3b3d671937d923da2cba/transformed/glance-appwidget-1.1.1/res/layout-v33/glance_check_box_backport_start_center_vertical.xml to /home/runner/work/ShizukuPlus/ShizukuPlus/manager/build/intermediates/merged_res/release/mergeReleaseResources/layout-v33_glance_check_box_backport_start_center_vertical.xml.flat
build	Build with Gradle	2026-06-06T12:25:02.7741445Z Compiling xml file /home/runner/.gradle/caches/8.14/transforms/4d1f2d6f8fcd4d0456ade74253b328dd/transformed/simplemenu-preference-1.0.3/res/anim/shrink_fade_out_from_bottom.xml to /home/runner/work/ShizukuPlus/ShizukuPlus/manager/build/intermediates/merged_res/release/mergeReleaseResources/anim_shrink_fade_out_from_bottom.xml.flat
build	Build with Gradle	2026-06-06T12:25:02.7745005Z Compiling xml file /home/runner/.gradle/caches/8.14/transforms/a6084efd8e6c9ff951c8e72453f81ad6/transformed/material-1.14.0-beta01/res/color/mtrl_navigation_item_icon_tint.xml to /home/runner/work/ShizukuPlus/ShizukuPlus/manager/build/intermediates/merged_res/release/mergeReleaseResources/color_mtrl_navigation_item_icon_tint.xml.flat
build	Build with Gradle	2026-06-06T12:25:02.7749099Z Compiling xml file /home/runner/.gradle/caches/8.14/transforms/0a9f0b23f2ae3b3d671937d923da2cba/transformed/glance-appwidget-1.1.1/res/layout-v33/glance_check_box_end_top.xml to /home/runner/work/ShizukuPlus/ShizukuPlus/manager/build/intermediates/merged_res/release/mergeReleaseResources/layout-v33_glance_check_box_end_top.xml.flat
build	Build with Gradle	2026-06-06T12:25:02.7752705Z Compiling xml file /home/runner/.gradle/caches/8.14/transforms/0a9f0b23f2ae3b3d671937d923da2cba/transformed/glance-appwidget-1.1.1/res/layout-v33/glance_image_fit_center_horizontal_center_vertical.xml to /home/runner/work/ShizukuPlus/ShizukuPlus/manager/build/intermediates/merged_res/release/mergeReleaseResources/layout-v33_glance_image_fit_center_horizontal_center_vertical.xml.flat
build	Build with Gradle	2026-06-06T12:25:02.7756863Z Compiling xml file /home/runner/.gradle/caches/8.14/transforms/a6084efd8e6c9ff951c8e72453f81ad6/transformed/material-1.14.0-beta01/res/color/m3_segmented_list_item_background_color_selector.xml to /home/runner/work/ShizukuPlus/ShizukuPlus/manager/build/intermediates/merged_res/release/mergeReleaseResources/color_m3_segmented_list_item_background_color_selector.xml.flat
build	Build with Gradle	2026-06-06T12:25:02.7760850Z Compiling xml file /home/runner/.gradle/caches/8.14/transforms/0a9f0b23f2ae3b3d671937d923da2cba/transformed/glance-appwidget-1.1.1/res/layout/radio_row_null_top_7children.xml to /home/runner/work/ShizukuPlus/ShizukuPlus/manager/build/intermediates/merged_res/release/mergeReleaseResources/layout_radio_row_null_top_7children.xml.flat
build	Build with Gradle	2026-06-06T12:25:02.7764693Z Compiling xml file /home/runner/.gradle/caches/8.14/transforms/0a9f0b23f2ae3b3d671937d923da2cba/transformed/glance-appwidget-1.1.1/res/layout/column_center_horizontal_null_8children.xml to /home/runner/work/ShizukuPlus/ShizukuPlus/manager/build/intermediates/merged_res/release/mergeReleaseResources/layout_column_center_horizontal_null_8children.xml.flat
build	Build with Gradle	2026-06-06T12:25:02.7768963Z Compiling xml file /home/runner/.gradle/caches/8.14/transforms/0a9f0b23f2ae3b3d671937d923da2cba/transformed/glance-appwidget-1.1.1/res/layout-v33/row_center_horizontal_bottom.xml to /home/runner/work/ShizukuPlus/ShizukuPlus/manager/build/intermediates/merged_res/release/mergeReleaseResources/layout-v33_row_center_horizontal_bottom.xml.flat
build	Build with Gradle	2026-06-06T12:25:02.7773161Z Compiling xml file /home/runner/.gradle/caches/8.14/transforms/0a9f0b23f2ae3b3d671937d923da2cba/transformed/glance-appwidget-1.1.1/res/layout/glance_image_crop_decorative.xml to /home/runner/work/ShizukuPlus/ShizukuPlus/manager/build/intermediates/merged_res/release/mergeReleaseResources/layout_glance_image_crop_decorative.xml.flat
build	Build with Gradle	2026-06-06T12:25:02.7777245Z Compiling xml file /home/runner/.gradle/caches/8.14/transforms/f85a8706e3d3bf4df310b1b8ed66a067/transformed/material-2.7.2/res/color/m3_switch_thumb_color_dark.xml to /home/runner/work/ShizukuPlus/ShizukuPlus/manager/build/intermediates/merged_res/release/mergeReleaseResources/color_m3_switch_thumb_color_dark.xml.flat
build	Build with Gradle	2026-06-06T12:25:02.7781884Z Compiling xml file /home/runner/.gradle/caches/8.14/transforms/f85a8706e3d3bf4df310b1b8ed66a067/transformed/material-2.7.2/res/drawable/material_button_outline_foreground.xml to /home/runner/work/ShizukuPlus/ShizukuPlus/manager/build/intermediates/merged_res/release/mergeReleaseResources/drawable_material_button_outline_foreground.xml.flat
build	Build with Gradle	2026-06-06T12:25:02.7786429Z Compiling xml file /home/runner/.gradle/caches/8.14/transforms/0a9f0b23f2ae3b3d671937d923da2cba/transformed/glance-appwidget-1.1.1/res/layout/glance_image_crop.xml to /home/runner/work/ShizukuPlus/ShizukuPlus/manager/build/intermediates/merged_res/release/mergeReleaseResources/layout_glance_image_crop.xml.flat
build	Build with Gradle	2026-06-06T12:25:02.7790499Z Compiling xml file /home/runner/.gradle/caches/8.14/transforms/0a9f0b23f2ae3b3d671937d923da2cba/transformed/glance-appwidget-1.1.1/res/layout/glance_radio_button.xml to /home/runner/work/ShizukuPlus/ShizukuPlus/manager/build/intermediates/merged_res/release/mergeReleaseResources/layout_glance_radio_button.xml.flat
build	Build with Gradle	2026-06-06T12:25:02.7794079Z Compiling xml file /home/runner/.gradle/caches/8.14/transforms/a6084efd8e6c9ff951c8e72453f81ad6/transformed/material-1.14.0-beta01/res/layout/mtrl_search_bar.xml to /home/runner/work/ShizukuPlus/ShizukuPlus/manager/build/intermediates/merged_res/release/mergeReleaseResources/layout_mtrl_search_bar.xml.flat
build	Build with Gradle	2026-06-06T12:25:02.7797296Z Compiling xml file /home/runner/.gradle/caches/8.14/transforms/f3104eb4796c3cb96709ee2563cfb750/transformed/sentry-android-core-8.40.0/res/drawable/sentry_logo_dark.xml to /home/runner/work/ShizukuPlus/ShizukuPlus/manager/build/intermediates/merged_res/release/mergeReleaseResources/drawable_sentry_logo_dark.xml.flat
build	Build with Gradle	2026-06-06T12:25:02.7801004Z Compiling xml file /home/runner/.gradle/caches/8.14/transforms/a6084efd8e6c9ff951c8e72453f81ad6/transformed/material-1.14.0-beta01/res/animator/mtrl_extended_fab_change_size_expand_motion_spec.xml to /home/runner/work/ShizukuPlus/ShizukuPlus/manager/build/intermediates/merged_res/release/mergeReleaseResources/animator_mtrl_extended_fab_change_size_expand_motion_spec.xml.flat
build	Build with Gradle	2026-06-06T12:25:02.7804936Z Compiling xml file /home/runner/.gradle/caches/8.14/transforms/0a9f0b23f2ae3b3d671937d923da2cba/transformed/glance-appwidget-1.1.1/res/layout/row_child_null_bottom_group_4.xml to /home/runner/work/ShizukuPlus/ShizukuPlus/manager/build/intermediates/merged_res/release/mergeReleaseResources/layout_row_child_null_bottom_group_4.xml.flat
build	Build with Gradle	2026-06-06T12:25:02.7808843Z Compiling xml file /home/runner/.gradle/caches/8.14/transforms/0a9f0b23f2ae3b3d671937d923da2cba/transformed/glance-appwidget-1.1.1/res/layout/row_child_null_bottom_group_8.xml to /home/runner/work/ShizukuPlus/ShizukuPlus/manager/build/intermediates/merged_res/release/mergeReleaseResources/layout_row_child_null_bottom_group_8.xml.flat
build	Build with Gradle	2026-06-06T12:25:02.7812761Z Compiling xml file /home/runner/.gradle/caches/8.14/transforms/0a9f0b23f2ae3b3d671937d923da2cba/transformed/glance-appwidget-1.1.1/res/layout-v33/glance_text_expandwidth_wrapheight.xml to /home/runner/work/ShizukuPlus/ShizukuPlus/manager/build/intermediates/merged_res/release/mergeReleaseResources/layout-v33_glance_text_expandwidth_wrapheight.xml.flat
build	Build with Gradle	2026-06-06T12:25:02.7816266Z Compiling xml file /home/runner/.gradle/caches/8.14/transforms/efa565396efa7c69fa280f54041abb1e/transformed/appcompat-1.6.1/res/layout/abc_alert_dialog_title_material.xml to /home/runner/work/ShizukuPlus/ShizukuPlus/manager/build/intermediates/merged_res/release/mergeReleaseResources/layout_abc_alert_dialog_title_material.xml.flat
build	Build with Gradle	2026-06-06T12:25:02.7820150Z Compiling xml file /home/runner/.gradle/caches/8.14/transforms/0a9f0b23f2ae3b3d671937d923da2cba/transformed/glance-appwidget-1.1.1/res/layout/glance_vertical_grid_two_columns.xml to /home/runner/work/ShizukuPlus/ShizukuPlus/manager/build/intermediates/merged_res/release/mergeReleaseResources/layout_glance_vertical_grid_two_columns.xml.flat
build	Build with Gradle	2026-06-06T12:25:02.7823786Z Compiling xml file /home/runner/.gradle/caches/8.14/transforms/b1caf7903885e6dfd466268b50bb28e5/transformed/core-splashscreen-1.0.1/res/layout/splash_screen_view.xml to /home/runner/work/ShizukuPlus/ShizukuPlus/manager/build/intermediates/merged_res/release/mergeReleaseResources/layout_splash_screen_view.xml.flat
build	Build with Gradle	2026-06-06T12:25:02.7827942Z Compiling xml file /home/runner/.gradle/caches/8.14/transforms/0a9f0b23f2ae3b3d671937d923da2cba/transformed/glance-appwidget-1.1.1/res/layout-v33/glance_swtch_wrapwidth_expandheight.xml to /home/runner/work/ShizukuPlus/ShizukuPlus/manager/build/intermediates/merged_res/release/mergeReleaseResources/layout-v33_glance_swtch_wrapwidth_expandheight.xml.flat
build	Build with Gradle	2026-06-06T12:25:02.7832830Z Compiling xml file /home/runner/.gradle/caches/8.14/transforms/0a9f0b23f2ae3b3d671937d923da2cba/transformed/glance-appwidget-1.1.1/res/layout-v33/glance_radio_button_backport_expandwidth_wrapheight.xml to /home/runner/work/ShizukuPlus/ShizukuPlus/manager/build/intermediates/merged_res/release/mergeReleaseResources/layout-v33_glance_radio_button_backport_expandwidth_wrapheight.xml.flat
build	Build with Gradle	2026-06-06T12:25:02.7837561Z Compiling xml file /home/runner/.gradle/caches/8.14/transforms/a6084efd8e6c9ff951c8e72453f81ad6/transformed/material-1.14.0-beta01/res/color/m3_textfield_label_color.xml to /home/runner/work/ShizukuPlus/ShizukuPlus/manager/build/intermediates/merged_res/release/mergeReleaseResources/color_m3_textfield_label_color.xml.flat
build	Build with Gradle	2026-06-06T12:25:02.7841234Z Compiling xml file /home/runner/.gradle/caches/8.14/transforms/0a9f0b23f2ae3b3d671937d923da2cba/transformed/glance-appwidget-1.1.1/res/layout-v33/glance_radio_button_wrapwidth_expandheight.xml to /home/runner/work/ShizukuPlus/ShizukuPlus/manager/build/intermediates/merged_res/release/mergeReleaseResources/layout-v33_glance_radio_button_wrapwidth_expandheight.xml.flat
build	Build with Gradle	2026-06-06T12:25:02.7844642Z Compiling xml file /home/runner/work/ShizukuPlus/ShizukuPlus/manager/src/main/res/anim/item_slide_in_bottom.xml to /home/runner/work/ShizukuPlus/ShizukuPlus/manager/build/intermediates/merged_res/release/mergeReleaseResources/anim_item_slide_in_bottom.xml.flat
build	Build with Gradle	2026-06-06T12:25:02.7848285Z Compiling xml file /home/runner/.gradle/caches/8.14/transforms/a6084efd8e6c9ff951c8e72453f81ad6/transformed/material-1.14.0-beta01/res/color-v31/m3_ref_palette_dynamic_neutral_variant6.xml to /home/runner/work/ShizukuPlus/ShizukuPlus/manager/build/intermediates/merged_res/release/mergeReleaseResources/color-v31_m3_ref_palette_dynamic_neutral_variant6.xml.flat
build	Build with Gradle	2026-06-06T12:25:02.7851839Z Compiling xml file /home/runner/work/ShizukuPlus/ShizukuPlus/manager/src/main/res/color-night/home_card_foreground_color.xml to /home/runner/work/ShizukuPlus/ShizukuPlus/manager/build/intermediates/merged_res/release/mergeReleaseResources/color-night_home_card_foreground_color.xml.flat
build	Build with Gradle	2026-06-06T12:25:02.7855123Z Compiling xml file /home/runner/.gradle/caches/8.14/transforms/0a9f0b23f2ae3b3d671937d923da2cba/transformed/glance-appwidget-1.1.1/res/layout/box_end_top_10children.xml to /home/runner/work/ShizukuPlus/ShizukuPlus/manager/build/intermediates/merged_res/release/mergeReleaseResources/layout_box_end_top_10children.xml.flat
build	Build with Gradle	2026-06-06T12:25:02.7858953Z Compiling xml file /home/runner/.gradle/caches/8.14/transforms/a6084efd8e6c9ff951c8e72453f81ad6/transformed/material-1.14.0-beta01/res/layout/mtrl_calendar_month_labeled.xml to /home/runner/work/ShizukuPlus/ShizukuPlus/manager/build/intermediates/merged_res/release/mergeReleaseResources/layout_mtrl_calendar_month_labeled.xml.flat
build	Build with Gradle	2026-06-06T12:25:02.7862908Z Compiling xml file /home/runner/.gradle/caches/8.14/transforms/0a9f0b23f2ae3b3d671937d923da2cba/transformed/glance-appwidget-1.1.1/res/layout-v33/glance_vertical_grid_two_columns_center_horizontal_center_vertical.xml to /home/runner/work/ShizukuPlus/ShizukuPlus/manager/build/intermediates/merged_res/release/mergeReleaseResources/layout-v33_glance_vertical_grid_two_columns_center_horizontal_center_vertical.xml.flat
build	Build with Gradle	2026-06-06T12:25:02.7867163Z Compiling xml file /home/runner/.gradle/caches/8.14/transforms/efa565396efa7c69fa280f54041abb1e/transformed/appcompat-1.6.1/res/drawable/abc_ic_go_search_api_material.xml to /home/runner/work/ShizukuPlus/ShizukuPlus/manager/build/intermediates/merged_res/release/mergeReleaseResources/drawable_abc_ic_go_search_api_material.xml.flat
build	Build with Gradle	2026-06-06T12:25:02.7871186Z Compiling xml file /home/runner/.gradle/caches/8.14/transforms/a6084efd8e6c9ff951c8e72453f81ad6/transformed/material-1.14.0-beta01/res/animator/mtrl_fab_transformation_sheet_expand_spec.xml to /home/runner/work/ShizukuPlus/ShizukuPlus/manager/build/intermediates/merged_res/release/mergeReleaseResources/animator_mtrl_fab_transformation_sheet_expand_spec.xml.flat
build	Build with Gradle	2026-06-06T12:25:02.7875103Z Compiling xml file /home/runner/.gradle/caches/8.14/transforms/0a9f0b23f2ae3b3d671937d923da2cba/transformed/glance-appwidget-1.1.1/res/layout/box_end_center_vertical_0children.xml to /home/runner/work/ShizukuPlus/ShizukuPlus/manager/build/intermediates/merged_res/release/mergeReleaseResources/layout_box_end_center_vertical_0children.xml.flat
build	Build with Gradle	2026-06-06T12:25:02.7879343Z Compiling xml file /home/runner/.gradle/caches/8.14/transforms/a6084efd8e6c9ff951c8e72453f81ad6/transformed/material-1.14.0-beta01/res/drawable/ic_mtrl_checked_circle.xml to /home/runner/work/ShizukuPlus/ShizukuPlus/manager/build/intermediates/merged_res/release/mergeReleaseResources/drawable_ic_mtrl_checked_circle.xml.flat
build	Build with Gradle	2026-06-06T12:25:02.7883042Z Compiling xml file /home/runner/.gradle/caches/8.14/transforms/a6084efd8e6c9ff951c8e72453f81ad6/transformed/material-1.14.0-beta01/res/drawable/material_shape_soft_boom.xml to /home/runner/work/ShizukuPlus/ShizukuPlus/manager/build/intermediates/merged_res/release/mergeReleaseResources/drawable_material_shape_soft_boom.xml.flat
build	Build with Gradle	2026-06-06T12:25:02.7886750Z Compiling xml file /home/runner/.gradle/caches/8.14/transforms/0a9f0b23f2ae3b3d671937d923da2cba/transformed/glance-appwidget-1.1.1/res/layout-v33/box_center_horizontal_center_vertical.xml to /home/runner/work/ShizukuPlus/ShizukuPlus/manager/build/intermediates/merged_res/release/mergeReleaseResources/layout-v33_box_center_horizontal_center_vertical.xml.flat
build	Build with Gradle	2026-06-06T12:25:02.7890860Z Compiling xml file /home/runner/.gradle/caches/8.14/transforms/0a9f0b23f2ae3b3d671937d923da2cba/transformed/glance-appwidget-1.1.1/res/color-night-v8/glance_default_switch_thumb.xml to /home/runner/work/ShizukuPlus/ShizukuPlus/manager/build/intermediates/merged_res/release/mergeReleaseResources/color-night-v8_glance_default_switch_thumb.xml.flat
build	Build with Gradle	2026-06-06T12:25:02.7895009Z Compiling xml file /home/runner/.gradle/caches/8.14/transforms/a6084efd8e6c9ff951c8e72453f81ad6/transformed/material-1.14.0-beta01/res/anim/linear_indeterminate_line2_tail_interpolator.xml to /home/runner/work/ShizukuPlus/ShizukuPlus/manager/build/intermediates/merged_res/release/mergeReleaseResources/anim_linear_indeterminate_line2_tail_interpolator.xml.flat
build	Build with Gradle	2026-06-06T12:25:02.7899679Z Compiling xml file /home/runner/work/ShizukuPlus/ShizukuPlus/manager/build/intermediates/incremental/release/mergeReleaseResources/stripped.dir/layout/layout_theming_bridge_diagram.xml to /home/runner/work/ShizukuPlus/ShizukuPlus/manager/build/intermediates/merged_res/release/mergeReleaseResources/layout_layout_theming_bridge_diagram.xml.flat
build	Build with Gradle	2026-06-06T12:25:02.7904017Z Compiling xml file /home/runner/.gradle/caches/8.14/transforms/0a9f0b23f2ae3b3d671937d923da2cba/transformed/glance-appwidget-1.1.1/res/layout/box_end_bottom_1children.xml to /home/runner/work/ShizukuPlus/ShizukuPlus/manager/build/intermediates/merged_res/release/mergeReleaseResources/layout_box_end_bottom_1children.xml.flat
build	Build with Gradle	2026-06-06T12:25:02.7908223Z Compiling xml file /home/runner/.gradle/caches/8.14/transforms/0a9f0b23f2ae3b3d671937d923da2cba/transformed/glance-appwidget-1.1.1/res/layout/row_null_bottom_10children.xml to /home/runner/work/ShizukuPlus/ShizukuPlus/manager/build/intermediates/merged_res/release/mergeReleaseResources/layout_row_null_bottom_10children.xml.flat
build	Build with Gradle	2026-06-06T12:25:02.7912446Z Compiling xml file /home/runner/.gradle/caches/8.14/transforms/efa565396efa7c69fa280f54041abb1e/transformed/appcompat-1.6.1/res/color/abc_secondary_text_material_light.xml to /home/runner/work/ShizukuPlus/ShizukuPlus/manager/build/intermediates/merged_res/release/mergeReleaseResources/color_abc_secondary_text_material_light.xml.flat
build	Build with Gradle	2026-06-06T12:25:02.7917052Z Compiling xml file /home/runner/.gradle/caches/8.14/transforms/0a9f0b23f2ae3b3d671937d923da2cba/transformed/glance-appwidget-1.1.1/res/layout/radio_row_null_top_2children.xml to /home/runner/work/ShizukuPlus/ShizukuPlus/manager/build/intermediates/merged_res/release/mergeReleaseResources/layout_radio_row_null_top_2children.xml.flat
build	Build with Gradle	2026-06-06T12:25:02.7920879Z Compiling xml file /home/runner/.gradle/caches/8.14/transforms/0a9f0b23f2ae3b3d671937d923da2cba/transformed/glance-appwidget-1.1.1/res/layout-v33/glance_vertical_grid_auto_fit_center_horizontal_top.xml to /home/runner/work/ShizukuPlus/ShizukuPlus/manager/build/intermediates/merged_res/release/mergeReleaseResources/layout-v33_glance_vertical_grid_auto_fit_center_horizontal_top.xml.flat
build	Build with Gradle	2026-06-06T12:25:02.7938463Z Compiling xml file /home/runner/.gradle/caches/8.14/transforms/0a9f0b23f2ae3b3d671937d923da2cba/transformed/glance-appwidget-1.1.1/res/drawable/glance_btn_radio_off_to_on_mtrl_animation.xml to /home/runner/work/ShizukuPlus/ShizukuPlus/manager/build/intermediates/merged_res/release/mergeReleaseResources/drawable_glance_btn_radio_off_to_on_mtrl_animation.xml.flat
build	Build with Gradle	2026-06-06T12:25:02.7942453Z Compiling xml file /home/runner/.gradle/caches/8.14/transforms/a6084efd8e6c9ff951c8e72453f81ad6/transformed/material-1.14.0-beta01/res/color/mtrl_card_view_foreground.xml to /home/runner/work/ShizukuPlus/ShizukuPlus/manager/build/intermediates/merged_res/release/mergeReleaseResources/color_mtrl_card_view_foreground.xml.flat
build	Build with Gradle	2026-06-06T12:25:02.7946127Z Compiling xml file /home/runner/.gradle/caches/8.14/transforms/a6084efd8e6c9ff951c8e72453f81ad6/transformed/material-1.14.0-beta01/res/color/m3_timepicker_button_text_color.xml to /home/runner/work/ShizukuPlus/ShizukuPlus/manager/build/intermediates/merged_res/release/mergeReleaseResources/color_m3_timepicker_button_text_color.xml.flat
build	Build with Gradle	2026-06-06T12:25:02.7962790Z Compiling xml file /home/runner/work/ShizukuPlus/ShizukuPlus/manager/src/main/res/xml/settings_behavior.xml to /home/runner/work/ShizukuPlus/ShizukuPlus/manager/build/intermediates/merged_res/release/mergeReleaseResources/xml_settings_behavior.xml.flat
build	Build with Gradle	2026-06-06T12:25:02.7966895Z Compiling xml file /home/runner/.gradle/caches/8.14/transforms/373e825be4973449db84049594b600ab/transformed/material-preference-2.0.0-release/res/drawable-v23/m3_simple_menu_background.xml to /home/runner/work/ShizukuPlus/ShizukuPlus/manager/build/intermediates/merged_res/release/mergeReleaseResources/drawable-v23_m3_simple_menu_background.xml.flat
build	Build with Gradle	2026-06-06T12:25:02.7971101Z Compiling xml file /home/runner/work/ShizukuPlus/ShizukuPlus/manager/src/main/res/xml/settings.xml to /home/runner/work/ShizukuPlus/ShizukuPlus/manager/build/intermediates/merged_res/release/mergeReleaseResources/xml_settings.xml.flat
build	Build with Gradle	2026-06-06T12:25:02.7975057Z Compiling xml file /home/runner/.gradle/caches/8.14/transforms/a6084efd8e6c9ff951c8e72453f81ad6/transformed/material-1.14.0-beta01/res/color/m3_default_color_primary_text.xml to /home/runner/work/ShizukuPlus/ShizukuPlus/manager/build/intermediates/merged_res/release/mergeReleaseResources/color_m3_default_color_primary_text.xml.flat
build	Build with Gradle	2026-06-06T12:25:02.7979770Z Compiling xml file /home/runner/.gradle/caches/8.14/transforms/a6084efd8e6c9ff951c8e72453f81ad6/transformed/material-1.14.0-beta01/res/interpolator/mtrl_linear_out_slow_in.xml to /home/runner/work/ShizukuPlus/ShizukuPlus/manager/build/intermediates/merged_res/release/mergeReleaseResources/interpolator_mtrl_linear_out_slow_in.xml.flat
build	Build with Gradle	2026-06-06T12:25:02.7984462Z Compiling xml file /home/runner/.gradle/caches/8.14/transforms/a6084efd8e6c9ff951c8e72453f81ad6/transformed/material-1.14.0-beta01/res/color/m3_list_item_trailing_supporting_text_color_selector.xml to /home/runner/work/ShizukuPlus/ShizukuPlus/manager/build/intermediates/merged_res/release/mergeReleaseResources/color_m3_list_item_trailing_supporting_text_color_selector.xml.flat
build	Build with Gradle	2026-06-06T12:25:02.8039990Z Compiling xml file /home/runner/.gradle/caches/8.14/transforms/a6084efd8e6c9ff951c8e72453f81ad6/transformed/material-1.14.0-beta01/res/color/mtrl_on_surface_ripple_color.xml to /home/runner/work/ShizukuPlus/ShizukuPlus/manager/build/intermediates/merged_res/release/mergeReleaseResources/color_mtrl_on_surface_ripple_color.xml.flat
build	Build with Gradle	2026-06-06T12:25:02.8044095Z Compiling xml file /home/runner/work/ShizukuPlus/ShizukuPlus/manager/build/generated/materialThemeBuilder/release/res/color/m3_text_color_on_secondary_medium_emphasis.xml to /home/runner/work/ShizukuPlus/ShizukuPlus/manager/build/intermediates/merged_res/release/mergeReleaseResources/color_m3_text_color_on_secondary_medium_emphasis.xml.flat
build	Build with Gradle	2026-06-06T12:25:02.8048697Z Compiling xml file /home/runner/work/ShizukuPlus/ShizukuPlus/manager/build/intermediates/incremental/release/mergeReleaseResources/stripped.dir/layout/widget_shizuku.xml to /home/runner/work/ShizukuPlus/ShizukuPlus/manager/build/intermediates/merged_res/release/mergeReleaseResources/layout_widget_shizuku.xml.flat
build	Build with Gradle	2026-06-06T12:25:02.8052339Z Compiling xml file /home/runner/.gradle/caches/8.14/transforms/0a9f0b23f2ae3b3d671937d923da2cba/transformed/glance-appwidget-1.1.1/res/layout-v33/glance_button_expandwidth_wrapheight.xml to /home/runner/work/ShizukuPlus/ShizukuPlus/manager/build/intermediates/merged_res/release/mergeReleaseResources/layout-v33_glance_button_expandwidth_wrapheight.xml.flat
build	Build with Gradle	2026-06-06T12:25:02.8056291Z Compiling xml file /home/runner/.gradle/caches/8.14/transforms/0a9f0b23f2ae3b3d671937d923da2cba/transformed/glance-appwidget-1.1.1/res/layout/glance_image_fill_bounds_decorative.xml to /home/runner/work/ShizukuPlus/ShizukuPlus/manager/build/intermediates/merged_res/release/mergeReleaseResources/layout_glance_image_fill_bounds_decorative.xml.flat
build	Build with Gradle	2026-06-06T12:25:02.8060389Z Compiling xml file /home/runner/.gradle/caches/8.14/transforms/0a9f0b23f2ae3b3d671937d923da2cba/transformed/glance-appwidget-1.1.1/res/layout-v33/glance_button_start_top.xml to /home/runner/work/ShizukuPlus/ShizukuPlus/manager/build/intermediates/merged_res/release/mergeReleaseResources/layout-v33_glance_button_start_top.xml.flat
build	Build with Gradle	2026-06-06T12:25:02.8063858Z Compiling xml file /home/runner/work/ShizukuPlus/ShizukuPlus/manager/src/main/res/drawable/spacing_card_vertical.xml to /home/runner/work/ShizukuPlus/ShizukuPlus/manager/build/intermediates/merged_res/release/mergeReleaseResources/drawable_spacing_card_vertical.xml.flat
build	Build with Gradle	2026-06-06T12:25:02.8107922Z Compiling xml file /home/runner/.gradle/caches/8.14/transforms/0a9f0b23f2ae3b3d671937d923da2cba/transformed/glance-appwidget-1.1.1/res/layout/row_child_null_top_group_6.xml to /home/runner/work/ShizukuPlus/ShizukuPlus/manager/build/intermediates/merged_res/release/mergeReleaseResources/layout_row_child_null_top_group_6.xml.flat
build	Build with Gradle	2026-06-06T12:25:02.8112230Z Compiling xml file /home/runner/.gradle/caches/8.14/transforms/a6084efd8e6c9ff951c8e72453f81ad6/transformed/material-1.14.0-beta01/res/layout/material_clock_display_divider.xml to /home/runner/work/ShizukuPlus/ShizukuPlus/manager/build/intermediates/merged_res/release/mergeReleaseResources/layout_material_clock_display_divider.xml.flat
build	Build with Gradle	2026-06-06T12:25:02.8115926Z Compiling xml file /home/runner/.gradle/caches/8.14/transforms/efa565396efa7c69fa280f54041abb1e/transformed/appcompat-1.6.1/res/layout/abc_screen_toolbar.xml to /home/runner/work/ShizukuPlus/ShizukuPlus/manager/build/intermediates/merged_res/release/mergeReleaseResources/layout_abc_screen_toolbar.xml.flat
build	Build with Gradle	2026-06-06T12:25:02.8119627Z Compiling xml file /home/runner/.gradle/caches/8.14/transforms/0a9f0b23f2ae3b3d671937d923da2cba/transformed/glance-appwidget-1.1.1/res/layout/row_child_null_top_group_7.xml to /home/runner/work/ShizukuPlus/ShizukuPlus/manager/build/intermediates/merged_res/release/mergeReleaseResources/layout_row_child_null_top_group_7.xml.flat
build	Build with Gradle	2026-06-06T12:25:02.8123953Z Compiling xml file /home/runner/.gradle/caches/8.14/transforms/0a9f0b23f2ae3b3d671937d923da2cba/transformed/glance-appwidget-1.1.1/res/layout-v33/glance_vertical_grid_auto_fit_wrapwidth_expandheight.xml to /home/runner/work/ShizukuPlus/ShizukuPlus/manager/build/intermediates/merged_res/release/mergeReleaseResources/layout-v33_glance_vertical_grid_auto_fit_wrapwidth_expandheight.xml.flat
build	Build with Gradle	2026-06-06T12:25:02.8128333Z Compiling xml file /home/runner/.gradle/caches/8.14/transforms/0a9f0b23f2ae3b3d671937d923da2cba/transformed/glance-appwidget-1.1.1/res/layout/row_child_null_top_group_1.xml to /home/runner/work/ShizukuPlus/ShizukuPlus/manager/build/intermediates/merged_res/release/mergeReleaseResources/layout_row_child_null_top_group_1.xml.flat
build	Build with Gradle	2026-06-06T12:25:02.8131945Z Compiling xml file /home/runner/.gradle/caches/8.14/transforms/0a9f0b23f2ae3b3d671937d923da2cba/transformed/glance-appwidget-1.1.1/res/layout/glance_button.xml to /home/runner/work/ShizukuPlus/ShizukuPlus/manager/build/intermediates/merged_res/release/mergeReleaseResources/layout_glance_button.xml.flat
build	Build with Gradle	2026-06-06T12:25:02.8135690Z Compiling xml file /home/runner/.gradle/caches/8.14/transforms/0a9f0b23f2ae3b3d671937d923da2cba/transformed/glance-appwidget-1.1.1/res/layout/glance_check_box_backport.xml to /home/runner/work/ShizukuPlus/ShizukuPlus/manager/build/intermediates/merged_res/release/mergeReleaseResources/layout_glance_check_box_backport.xml.flat
build	Build with Gradle	2026-06-06T12:25:02.8190362Z Compiling xml file /home/runner/.gradle/caches/8.14/transforms/a6084efd8e6c9ff951c8e72453f81ad6/transformed/material-1.14.0-beta01/res/layout/mtrl_picker_dialog.xml to /home/runner/work/ShizukuPlus/ShizukuPlus/manager/build/intermediates/merged_res/release/mergeReleaseResources/layout_mtrl_picker_dialog.xml.flat
build	Build with Gradle	2026-06-06T12:25:02.8194295Z Compiling xml file /home/runner/.gradle/caches/8.14/transforms/0a9f0b23f2ae3b3d671937d923da2cba/transformed/glance-appwidget-1.1.1/res/layout/radio_column_start_null_8children.xml to /home/runner/work/ShizukuPlus/ShizukuPlus/manager/build/intermediates/merged_res/release/mergeReleaseResources/layout_radio_column_start_null_8children.xml.flat
build	Build with Gradle	2026-06-06T12:25:02.8198711Z Compiling xml file /home/runner/.gradle/caches/8.14/transforms/a18f3e8414f2ba4eb382dd01375ab089/transformed/core-1.16.0/res/layout-v21/notification_template_custom_big.xml to /home/runner/work/ShizukuPlus/ShizukuPlus/manager/build/intermediates/merged_res/release/mergeReleaseResources/layout-v21_notification_template_custom_big.xml.flat
build	Build with Gradle	2026-06-06T12:25:02.8208758Z Compiling xml file /home/runner/work/ShizukuPlus/ShizukuPlus/manager/build/intermediates/incremental/release/mergeReleaseResources/stripped.dir/layout/adb_pairing_tutorial_activity.xml to /home/runner/work/ShizukuPlus/ShizukuPlus/manager/build/intermediates/merged_res/release/mergeReleaseResources/layout_adb_pairing_tutorial_activity.xml.flat
build	Build with Gradle	2026-06-06T12:25:02.8212716Z Compiling xml file /home/runner/.gradle/caches/8.14/transforms/f85a8706e3d3bf4df310b1b8ed66a067/transformed/material-2.7.2/res/color/m3_dark_text_color_highlighted.xml to /home/runner/work/ShizukuPlus/ShizukuPlus/manager/build/intermediates/merged_res/release/mergeReleaseResources/color_m3_dark_text_color_highlighted.xml.flat
build	Build with Gradle	2026-06-06T12:25:02.8215980Z Compiling xml file /home/runner/.gradle/caches/8.14/transforms/0a9f0b23f2ae3b3d671937d923da2cba/transformed/glance-appwidget-1.1.1/res/layout/root_wrap_wrap.xml to /home/runner/work/ShizukuPlus/ShizukuPlus/manager/build/intermediates/merged_res/release/mergeReleaseResources/layout_root_wrap_wrap.xml.flat
build	Build with Gradle	2026-06-06T12:25:02.8260343Z Compiling xml file /home/runner/.gradle/caches/8.14/transforms/a6084efd8e6c9ff951c8e72453f81ad6/transformed/material-1.14.0-beta01/res/layout/design_layout_tab_text.xml to /home/runner/work/ShizukuPlus/ShizukuPlus/manager/build/intermediates/merged_res/release/mergeReleaseResources/layout_design_layout_tab_text.xml.flat
build	Build with Gradle	2026-06-06T12:25:02.8264777Z Compiling xml file /home/runner/.gradle/caches/8.14/transforms/0a9f0b23f2ae3b3d671937d923da2cba/transformed/glance-appwidget-1.1.1/res/layout-v33/glance_swtch_backport_center_horizontal_bottom.xml to /home/runner/work/ShizukuPlus/ShizukuPlus/manager/build/intermediates/merged_res/release/mergeReleaseResources/layout-v33_glance_swtch_backport_center_horizontal_bottom.xml.flat
build	Build with Gradle	2026-06-06T12:25:02.8269637Z Compiling xml file /home/runner/.gradle/caches/8.14/transforms/0a9f0b23f2ae3b3d671937d923da2cba/transformed/glance-appwidget-1.1.1/res/layout/radio_column_center_horizontal_null_4children.xml to /home/runner/work/ShizukuPlus/ShizukuPlus/manager/build/intermediates/merged_res/release/mergeReleaseResources/layout_radio_column_center_horizontal_null_4children.xml.flat
build	Build with Gradle	2026-06-06T12:25:02.8274186Z Compiling xml file /home/runner/.gradle/caches/8.14/transforms/a6084efd8e6c9ff951c8e72453f81ad6/transformed/material-1.14.0-beta01/res/animator/mtrl_card_state_list_anim.xml to /home/runner/work/ShizukuPlus/ShizukuPlus/manager/build/intermediates/merged_res/release/mergeReleaseResources/animator_mtrl_card_state_list_anim.xml.flat
build	Build with Gradle	2026-06-06T12:25:02.8278448Z Compiling xml file /home/runner/.gradle/caches/8.14/transforms/a6084efd8e6c9ff951c8e72453f81ad6/transformed/material-1.14.0-beta01/res/layout/mtrl_calendar_month.xml to /home/runner/work/ShizukuPlus/ShizukuPlus/manager/build/intermediates/merged_res/release/mergeReleaseResources/layout_mtrl_calendar_month.xml.flat
build	Build with Gradle	2026-06-06T12:25:02.8282514Z Compiling xml file /home/runner/.gradle/caches/8.14/transforms/0a9f0b23f2ae3b3d671937d923da2cba/transformed/glance-appwidget-1.1.1/res/layout/radio_row_null_center_vertical_8children.xml to /home/runner/work/ShizukuPlus/ShizukuPlus/manager/build/intermediates/merged_res/release/mergeReleaseResources/layout_radio_row_null_center_vertical_8children.xml.flat
build	Build with Gradle	2026-06-06T12:25:02.8285864Z Compiling xml file /home/runner/.gradle/caches/8.14/transforms/0a9f0b23f2ae3b3d671937d923da2cba/transformed/glance-appwidget-1.1.1/res/layout/box_start_top_2children.xml to /home/runner/work/ShizukuPlus/ShizukuPlus/manager/build/intermediates/merged_res/release/mergeReleaseResources/layout_box_start_top_2children.xml.flat
build	Build with Gradle	2026-06-06T12:25:02.8303664Z Compiling xml file /home/runner/.gradle/caches/8.14/transforms/efa565396efa7c69fa280f54041abb1e/transformed/appcompat-1.6.1/res/color/abc_hint_foreground_material_dark.xml to /home/runner/work/ShizukuPlus/ShizukuPlus/manager/build/intermediates/merged_res/release/mergeReleaseResources/color_abc_hint_foreground_material_dark.xml.flat
build	Build with Gradle	2026-06-06T12:25:02.8308398Z Compiling xml file /home/runner/.gradle/caches/8.14/transforms/a6084efd8e6c9ff951c8e72453f81ad6/transformed/material-1.14.0-beta01/res/drawable/material_shape_puffy.xml to /home/runner/work/ShizukuPlus/ShizukuPlus/manager/build/intermediates/merged_res/release/mergeReleaseResources/drawable_material_shape_puffy.xml.flat
build	Build with Gradle	2026-06-06T12:25:02.8311780Z Compiling xml file /home/runner/work/ShizukuPlus/ShizukuPlus/manager/src/main/res/xml/settings_ui.xml to /home/runner/work/ShizukuPlus/ShizukuPlus/manager/build/intermediates/merged_res/release/mergeReleaseResources/xml_settings_ui.xml.flat
build	Build with Gradle	2026-06-06T12:25:02.8315553Z Compiling xml file /home/runner/.gradle/caches/8.14/transforms/efa565396efa7c69fa280f54041abb1e/transformed/appcompat-1.6.1/res/anim/btn_checkbox_to_checked_icon_null_animation.xml to /home/runner/work/ShizukuPlus/ShizukuPlus/manager/build/intermediates/merged_res/release/mergeReleaseResources/anim_btn_checkbox_to_checked_icon_null_animation.xml.flat
build	Build with Gradle	2026-06-06T12:25:02.8338302Z Compiling xml file /home/runner/work/ShizukuPlus/ShizukuPlus/manager/build/generated/materialThemeBuilder/release/res/color/m3_text_color_on_surface.xml to /home/runner/work/ShizukuPlus/ShizukuPlus/manager/build/intermediates/merged_res/release/mergeReleaseResources/color_m3_text_color_on_surface.xml.flat
build	Build with Gradle	2026-06-06T12:25:02.8342459Z Compiling xml file /home/runner/.gradle/caches/8.14/transforms/0a9f0b23f2ae3b3d671937d923da2cba/transformed/glance-appwidget-1.1.1/res/color/glance_default_switch_track.xml to /home/runner/work/ShizukuPlus/ShizukuPlus/manager/build/intermediates/merged_res/release/mergeReleaseResources/color_glance_default_switch_track.xml.flat
build	Build with Gradle	2026-06-06T12:25:02.8347264Z Compiling xml file /home/runner/.gradle/caches/8.14/transforms/0a9f0b23f2ae3b3d671937d923da2cba/transformed/glance-appwidget-1.1.1/res/layout-v33/glance_button_wrapwidth_expandheight.xml to /home/runner/work/ShizukuPlus/ShizukuPlus/manager/build/intermediates/merged_res/release/mergeReleaseResources/layout-v33_glance_button_wrapwidth_expandheight.xml.flat
build	Build with Gradle	2026-06-06T12:25:02.8355278Z Compiling xml file /home/runner/.gradle/caches/8.14/transforms/0a9f0b23f2ae3b3d671937d923da2cba/transformed/glance-appwidget-1.1.1/res/layout-v33/glance_swtch_backport_end_bottom.xml to /home/runner/work/ShizukuPlus/ShizukuPlus/manager/build/intermediates/merged_res/release/mergeReleaseResources/layout-v33_glance_swtch_backport_end_bottom.xml.flat
build	Build with Gradle	2026-06-06T12:25:02.8359067Z Compiling xml file /home/runner/work/ShizukuPlus/ShizukuPlus/manager/src/main/res/color/button_text_color.xml to /home/runner/work/ShizukuPlus/ShizukuPlus/manager/build/intermediates/merged_res/release/mergeReleaseResources/color_button_text_color.xml.flat
build	Build with Gradle	2026-06-06T12:25:02.8362209Z Compiling xml file /home/runner/.gradle/caches/8.14/transforms/efa565396efa7c69fa280f54041abb1e/transformed/appcompat-1.6.1/res/drawable-v23/abc_control_background_material.xml to /home/runner/work/ShizukuPlus/ShizukuPlus/manager/build/intermediates/merged_res/release/mergeReleaseResources/drawable-v23_abc_control_background_material.xml.flat
build	Build with Gradle	2026-06-06T12:25:02.8366267Z Compiling xml file /home/runner/.gradle/caches/8.14/transforms/0a9f0b23f2ae3b3d671937d923da2cba/transformed/glance-appwidget-1.1.1/res/layout/radio_column_center_horizontal_null_2children.xml to /home/runner/work/ShizukuPlus/ShizukuPlus/manager/build/intermediates/merged_res/release/mergeReleaseResources/layout_radio_column_center_horizontal_null_2children.xml.flat
build	Build with Gradle	2026-06-06T12:25:02.8370951Z Compiling xml file /home/runner/.gradle/caches/8.14/transforms/a6084efd8e6c9ff951c8e72453f81ad6/transformed/material-1.14.0-beta01/res/color/material_on_surface_disabled.xml to /home/runner/work/ShizukuPlus/ShizukuPlus/manager/build/intermediates/merged_res/release/mergeReleaseResources/color_material_on_surface_disabled.xml.flat
build	Build with Gradle	2026-06-06T12:25:02.8375535Z Compiling xml file /home/runner/.gradle/caches/8.14/transforms/a6084efd8e6c9ff951c8e72453f81ad6/transformed/material-1.14.0-beta01/res/drawable/mtrl_checkbox_button_icon_indeterminate_checked.xml to /home/runner/work/ShizukuPlus/ShizukuPlus/manager/build/intermediates/merged_res/release/mergeReleaseResources/drawable_mtrl_checkbox_button_icon_indeterminate_checked.xml.flat
build	Build with Gradle	2026-06-06T12:25:02.8383361Z Compiling xml file /home/runner/.gradle/caches/8.14/transforms/0a9f0b23f2ae3b3d671937d923da2cba/transformed/glance-appwidget-1.1.1/res/layout-v33/glance_frame_end_top.xml to /home/runner/work/ShizukuPlus/ShizukuPlus/manager/build/intermediates/merged_res/release/mergeReleaseResources/layout-v33_glance_frame_end_top.xml.flat
build	Build with Gradle	2026-06-06T12:25:02.8387818Z Compiling xml file /home/runner/.gradle/caches/8.14/transforms/a6084efd8e6c9ff951c8e72453f81ad6/transformed/material-1.14.0-beta01/res/color-v31/m3_dynamic_dark_primary_text_disable_only.xml to /home/runner/work/ShizukuPlus/ShizukuPlus/manager/build/intermediates/merged_res/release/mergeReleaseResources/color-v31_m3_dynamic_dark_primary_text_disable_only.xml.flat
build	Build with Gradle	2026-06-06T12:25:02.8392264Z Compiling xml file /home/runner/.gradle/caches/8.14/transforms/a6084efd8e6c9ff951c8e72453f81ad6/transformed/material-1.14.0-beta01/res/color/mtrl_on_primary_text_btn_text_color_selector.xml to /home/runner/work/ShizukuPlus/ShizukuPlus/manager/build/intermediates/merged_res/release/mergeReleaseResources/color_mtrl_on_primary_text_btn_text_color_selector.xml.flat
build	Build with Gradle	2026-06-06T12:25:02.8396117Z Compiling xml file /home/runner/work/ShizukuPlus/ShizukuPlus/manager/src/main/res/drawable/ic_code_24.xml to /home/runner/work/ShizukuPlus/ShizukuPlus/manager/build/intermediates/merged_res/release/mergeReleaseResources/drawable_ic_code_24.xml.flat
build	Build with Gradle	2026-06-06T12:25:02.8400170Z Compiling xml file /home/runner/.gradle/caches/8.14/transforms/a6084efd8e6c9ff951c8e72453f81ad6/transformed/material-1.14.0-beta01/res/animator/m3_elevated_chip_state_list_anim.xml to /home/runner/work/ShizukuPlus/ShizukuPlus/manager/build/intermediates/merged_res/release/mergeReleaseResources/animator_m3_elevated_chip_state_list_anim.xml.flat
build	Build with Gradle	2026-06-06T12:25:02.8404762Z Compiling xml file /home/runner/work/ShizukuPlus/ShizukuPlus/manager/build/intermediates/incremental/release/mergeReleaseResources/stripped.dir/layout/terminal_tutorial_activity.xml to /home/runner/work/ShizukuPlus/ShizukuPlus/manager/build/intermediates/merged_res/release/mergeReleaseResources/layout_terminal_tutorial_activity.xml.flat
build	Build with Gradle	2026-06-06T12:25:02.8409650Z Compiling xml file /home/runner/.gradle/caches/8.14/transforms/a6084efd8e6c9ff951c8e72453f81ad6/transformed/material-1.14.0-beta01/res/drawable-v23/m3_selection_control_ripple.xml to /home/runner/work/ShizukuPlus/ShizukuPlus/manager/build/intermediates/merged_res/release/mergeReleaseResources/drawable-v23_m3_selection_control_ripple.xml.flat
build	Build with Gradle	2026-06-06T12:25:02.8413874Z Compiling xml file /home/runner/work/ShizukuPlus/ShizukuPlus/manager/build/intermediates/incremental/release/mergeReleaseResources/stripped.dir/layout/home_shizuku_companion.xml to /home/runner/work/ShizukuPlus/ShizukuPlus/manager/build/intermediates/merged_res/release/mergeReleaseResources/layout_home_shizuku_companion.xml.flat
build	Build with Gradle	2026-06-06T12:25:02.8417818Z Compiling xml file /home/runner/work/ShizukuPlus/ShizukuPlus/manager/src/main/res/color-night/home_card_background_color.xml to /home/runner/work/ShizukuPlus/ShizukuPlus/manager/build/intermediates/merged_res/release/mergeReleaseResources/color-night_home_card_background_color.xml.flat
build	Build with Gradle	2026-06-06T12:25:02.8421641Z Compiling xml file /home/runner/.gradle/caches/8.14/transforms/a6084efd8e6c9ff951c8e72453f81ad6/transformed/material-1.14.0-beta01/res/color/m3_text_button_ripple_color_selector.xml to /home/runner/work/ShizukuPlus/ShizukuPlus/manager/build/intermediates/merged_res/release/mergeReleaseResources/color_m3_text_button_ripple_color_selector.xml.flat
build	Build with Gradle	2026-06-06T12:25:02.8425522Z Compiling xml file /home/runner/work/ShizukuPlus/ShizukuPlus/core/ui/build/intermediates/packaged_res/release/packageReleaseResources/layout/appbar_activity.xml to /home/runner/work/ShizukuPlus/ShizukuPlus/manager/build/intermediates/merged_res/release/mergeReleaseResources/layout_appbar_activity.xml.flat
build	Build with Gradle	2026-06-06T12:25:02.8429558Z Compiling xml file /home/runner/.gradle/caches/8.14/transforms/0a9f0b23f2ae3b3d671937d923da2cba/transformed/glance-appwidget-1.1.1/res/layout/column_child_center_horizontal_null_group_3.xml to /home/runner/work/ShizukuPlus/ShizukuPlus/manager/build/intermediates/merged_res/release/mergeReleaseResources/layout_column_child_center_horizontal_null_group_3.xml.flat
build	Build with Gradle	2026-06-06T12:25:02.8433853Z Compiling xml file /home/runner/.gradle/caches/8.14/transforms/0a9f0b23f2ae3b3d671937d923da2cba/transformed/glance-appwidget-1.1.1/res/layout/column_child_center_horizontal_null_group_7.xml to /home/runner/work/ShizukuPlus/ShizukuPlus/manager/build/intermediates/merged_res/release/mergeReleaseResources/layout_column_child_center_horizontal_null_group_7.xml.flat
build	Build with Gradle	2026-06-06T12:25:02.8455562Z Compiling xml file /home/runner/.gradle/caches/8.14/transforms/0a9f0b23f2ae3b3d671937d923da2cba/transformed/glance-appwidget-1.1.1/res/layout-v33/row_wrapwidth_expandheight.xml to /home/runner/work/ShizukuPlus/ShizukuPlus/manager/build/intermediates/merged_res/release/mergeReleaseResources/layout-v33_row_wrapwidth_expandheight.xml.flat
build	Build with Gradle	2026-06-06T12:25:02.8460103Z Compiling xml file /home/runner/.gradle/caches/8.14/transforms/0a9f0b23f2ae3b3d671937d923da2cba/transformed/glance-appwidget-1.1.1/res/layout-v33/box_end_bottom.xml to /home/runner/work/ShizukuPlus/ShizukuPlus/manager/build/intermediates/merged_res/release/mergeReleaseResources/layout-v33_box_end_bottom.xml.flat
build	Build with Gradle	2026-06-06T12:25:02.8464557Z Compiling xml file /home/runner/.gradle/caches/8.14/transforms/a6084efd8e6c9ff951c8e72453f81ad6/transformed/material-1.14.0-beta01/res/color/material_on_background_disabled.xml to /home/runner/work/ShizukuPlus/ShizukuPlus/manager/build/intermediates/merged_res/release/mergeReleaseResources/color_material_on_background_disabled.xml.flat
build	Build with Gradle	2026-06-06T12:25:02.8468638Z Compiling xml file /home/runner/.gradle/caches/8.14/transforms/a6084efd8e6c9ff951c8e72453f81ad6/transformed/material-1.14.0-beta01/res/drawable/material_ic_edit_black_24dp.xml to /home/runner/work/ShizukuPlus/ShizukuPlus/manager/build/intermediates/merged_res/release/mergeReleaseResources/drawable_material_ic_edit_black_24dp.xml.flat
build	Build with Gradle	2026-06-06T12:25:02.8472867Z Compiling xml file /home/runner/work/ShizukuPlus/ShizukuPlus/manager/build/generated/materialThemeBuilder/release/res/color/m3_text_color_on_error_container_medium_emphasis.xml to /home/runner/work/ShizukuPlus/ShizukuPlus/manager/build/intermediates/merged_res/release/mergeReleaseResources/color_m3_text_color_on_error_container_medium_emphasis.xml.flat
build	Build with Gradle	2026-06-06T12:25:02.8477044Z Compiling xml file /home/runner/.gradle/caches/8.14/transforms/0a9f0b23f2ae3b3d671937d923da2cba/transformed/glance-appwidget-1.1.1/res/layout/box_child_end_bottom_group_8.xml to /home/runner/work/ShizukuPlus/ShizukuPlus/manager/build/intermediates/merged_res/release/mergeReleaseResources/layout_box_child_end_bottom_group_8.xml.flat
build	Build with Gradle	2026-06-06T12:25:02.8484269Z Compiling xml file /home/runner/.gradle/caches/8.14/transforms/0a9f0b23f2ae3b3d671937d923da2cba/transformed/glance-appwidget-1.1.1/res/layout/box_child_end_bottom_group_4.xml to /home/runner/work/ShizukuPlus/ShizukuPlus/manager/build/intermediates/merged_res/release/mergeReleaseResources/layout_box_child_end_bottom_group_4.xml.flat
build	Build with Gradle	2026-06-06T12:25:02.8500958Z Compiling xml file /home/runner/work/ShizukuPlus/ShizukuPlus/manager/src/main/res/drawable-v24/ic_default_app_icon_foreground.xml to /home/runner/work/ShizukuPlus/ShizukuPlus/manager/build/intermediates/merged_res/release/mergeReleaseResources/drawable-v24_ic_default_app_icon_foreground.xml.flat
build	Build with Gradle	2026-06-06T12:25:02.8504972Z Compiling xml file /home/runner/.gradle/caches/8.14/transforms/0a9f0b23f2ae3b3d671937d923da2cba/transformed/glance-appwidget-1.1.1/res/layout/box_start_top_4children.xml to /home/runner/work/ShizukuPlus/ShizukuPlus/manager/build/intermediates/merged_res/release/mergeReleaseResources/layout_box_start_top_4children.xml.flat
build	Build with Gradle	2026-06-06T12:25:02.8509521Z Compiling xml file /home/runner/.gradle/caches/8.14/transforms/a6084efd8e6c9ff951c8e72453f81ad6/transformed/material-1.14.0-beta01/res/color/m3_navigation_bar_item_with_indicator_label_tint.xml to /home/runner/work/ShizukuPlus/ShizukuPlus/manager/build/intermediates/merged_res/release/mergeReleaseResources/color_m3_navigation_bar_item_with_indicator_label_tint.xml.flat
build	Build with Gradle	2026-06-06T12:25:02.8514399Z Compiling xml file /home/runner/.gradle/caches/8.14/transforms/0a9f0b23f2ae3b3d671937d923da2cba/transformed/glance-appwidget-1.1.1/res/layout/column_center_horizontal_null_0children.xml to /home/runner/work/ShizukuPlus/ShizukuPlus/manager/build/intermediates/merged_res/release/mergeReleaseResources/layout_column_center_horizontal_null_0children.xml.flat
build	Build with Gradle	2026-06-06T12:25:02.8518320Z Compiling xml file /home/runner/work/ShizukuPlus/ShizukuPlus/manager/src/main/res/drawable/hint_icon_bg_blue.xml to /home/runner/work/ShizukuPlus/ShizukuPlus/manager/build/intermediates/merged_res/release/mergeReleaseResources/drawable_hint_icon_bg_blue.xml.flat
build	Build with Gradle	2026-06-06T12:25:02.8521088Z Compiling xml file /home/runner/.gradle/caches/8.14/transforms/a8ffae57e8eb844c745e6c38f24a5dc3/transformed/preference-1.2.1/res/layout/image_frame.xml to /home/runner/work/ShizukuPlus/ShizukuPlus/manager/build/intermediates/merged_res/release/mergeReleaseResources/layout_image_frame.xml.flat
build	Build with Gradle	2026-06-06T12:25:02.8528535Z Compiling xml file /home/runner/.gradle/caches/8.14/transforms/0a9f0b23f2ae3b3d671937d923da2cba/transformed/glance-appwidget-1.1.1/res/layout-v33/glance_vertical_grid_one_column_start_center_vertical.xml to /home/runner/work/ShizukuPlus/ShizukuPlus/manager/build/intermediates/merged_res/release/mergeReleaseResources/layout-v33_glance_vertical_grid_one_column_start_center_vertical.xml.flat
build	Build with Gradle	2026-06-06T12:25:02.8532934Z Compiling xml file /home/runner/.gradle/caches/8.14/transforms/a8ffae57e8eb844c745e6c38f24a5dc3/transformed/preference-1.2.1/res/layout/preference_list_fragment.xml to /home/runner/work/ShizukuPlus/ShizukuPlus/manager/build/intermediates/merged_res/release/mergeReleaseResources/layout_preference_list_fragment.xml.flat
build	Build with Gradle	2026-06-06T12:25:02.8537211Z Compiling xml file /home/runner/work/ShizukuPlus/ShizukuPlus/manager/build/generated/materialThemeBuilder/release/res/color/m3_text_color_on_error_high_emphasis.xml to /home/runner/work/ShizukuPlus/ShizukuPlus/manager/build/intermediates/merged_res/release/mergeReleaseResources/color_m3_text_color_on_error_high_emphasis.xml.flat
build	Build with Gradle	2026-06-06T12:25:02.8545527Z Compiling xml file /home/runner/.gradle/caches/8.14/transforms/0a9f0b23f2ae3b3d671937d923da2cba/transformed/glance-appwidget-1.1.1/res/layout/box_child_end_bottom_group_3.xml to /home/runner/work/ShizukuPlus/ShizukuPlus/manager/build/intermediates/merged_res/release/mergeReleaseResources/layout_box_child_end_bottom_group_3.xml.flat
build	Build with Gradle	2026-06-06T12:25:02.8550330Z Compiling xml file /home/runner/.gradle/caches/8.14/transforms/0a9f0b23f2ae3b3d671937d923da2cba/transformed/glance-appwidget-1.1.1/res/layout/radio_column_start_null_10children.xml to /home/runner/work/ShizukuPlus/ShizukuPlus/manager/build/intermediates/merged_res/release/mergeReleaseResources/layout_radio_column_start_null_10children.xml.flat
build	Build with Gradle	2026-06-06T12:25:02.8554656Z Compiling xml file /home/runner/work/ShizukuPlus/ShizukuPlus/manager/src/main/res/drawable/ic_numeric_2_circle_outline_24.xml to /home/runner/work/ShizukuPlus/ShizukuPlus/manager/build/intermediates/merged_res/release/mergeReleaseResources/drawable_ic_numeric_2_circle_outline_24.xml.flat
build	Build with Gradle	2026-06-06T12:25:02.8558688Z Compiling xml file /home/runner/.gradle/caches/8.14/transforms/a6084efd8e6c9ff951c8e72453f81ad6/transformed/material-1.14.0-beta01/res/layout/design_layout_snackbar_include.xml to /home/runner/work/ShizukuPlus/ShizukuPlus/manager/build/intermediates/merged_res/release/mergeReleaseResources/layout_design_layout_snackbar_include.xml.flat
build	Build with Gradle	2026-06-06T12:25:02.8563522Z Compiling xml file /home/runner/.gradle/caches/8.14/transforms/a6084efd8e6c9ff951c8e72453f81ad6/transformed/material-1.14.0-beta01/res/animator/mtrl_extended_fab_change_size_collapse_motion_spec.xml to /home/runner/work/ShizukuPlus/ShizukuPlus/manager/build/intermediates/merged_res/release/mergeReleaseResources/animator_mtrl_extended_fab_change_size_collapse_motion_spec.xml.flat
build	Build with Gradle	2026-06-06T12:25:02.8568240Z Compiling xml file /home/runner/.gradle/caches/8.14/transforms/0a9f0b23f2ae3b3d671937d923da2cba/transformed/glance-appwidget-1.1.1/res/layout-v31/box_child_start_bottom_group_7.xml to /home/runner/work/ShizukuPlus/ShizukuPlus/manager/build/intermediates/merged_res/release/mergeReleaseResources/layout-v31_box_child_start_bottom_group_7.xml.flat
build	Build with Gradle	2026-06-06T12:25:02.8572505Z Compiling xml file /home/runner/.gradle/caches/8.14/transforms/0a9f0b23f2ae3b3d671937d923da2cba/transformed/glance-appwidget-1.1.1/res/layout-v31/box_child_start_bottom_group_2.xml to /home/runner/work/ShizukuPlus/ShizukuPlus/manager/build/intermediates/merged_res/release/mergeReleaseResources/layout-v31_box_child_start_bottom_group_2.xml.flat
build	Build with Gradle	2026-06-06T12:25:02.8576018Z Compiling xml file /home/runner/.gradle/caches/8.14/transforms/0a9f0b23f2ae3b3d671937d923da2cba/transformed/glance-appwidget-1.1.1/res/layout-v31/box_child_start_bottom_group_0.xml to /home/runner/work/ShizukuPlus/ShizukuPlus/manager/build/intermediates/merged_res/release/mergeReleaseResources/layout-v31_box_child_start_bottom_group_0.xml.flat
build	Build with Gradle	2026-06-06T12:25:02.8580404Z Compiling xml file /home/runner/.gradle/caches/8.14/transforms/a6084efd8e6c9ff951c8e72453f81ad6/transformed/material-1.14.0-beta01/res/anim/m3_bottom_sheet_slide_in.xml to /home/runner/work/ShizukuPlus/ShizukuPlus/manager/build/intermediates/merged_res/release/mergeReleaseResources/anim_m3_bottom_sheet_slide_in.xml.flat
build	Build with Gradle	2026-06-06T12:25:02.8584855Z Compiling xml file /home/runner/.gradle/caches/8.14/transforms/a6084efd8e6c9ff951c8e72453f81ad6/transformed/material-1.14.0-beta01/res/color/mtrl_outlined_icon_tint.xml to /home/runner/work/ShizukuPlus/ShizukuPlus/manager/build/intermediates/merged_res/release/mergeReleaseResources/color_mtrl_outlined_icon_tint.xml.flat
build	Build with Gradle	2026-06-06T12:25:02.8589385Z Compiling xml file /home/runner/.gradle/caches/8.14/transforms/a6084efd8e6c9ff951c8e72453f81ad6/transformed/material-1.14.0-beta01/res/drawable/m3_default_item_background.xml to /home/runner/work/ShizukuPlus/ShizukuPlus/manager/build/intermediates/merged_res/release/mergeReleaseResources/drawable_m3_default_item_background.xml.flat
build	Build with Gradle	2026-06-06T12:25:02.8592743Z Compiling xml file /home/runner/work/ShizukuPlus/ShizukuPlus/manager/src/main/res/animator/alpha_animator.xml to /home/runner/work/ShizukuPlus/ShizukuPlus/manager/build/intermediates/merged_res/release/mergeReleaseResources/animator_alpha_animator.xml.flat
build	Build with Gradle	2026-06-06T12:25:02.8596295Z Compiling xml file /home/runner/.gradle/caches/8.14/transforms/0a9f0b23f2ae3b3d671937d923da2cba/transformed/glance-appwidget-1.1.1/res/layout-v31/box_child_start_top_group_7.xml to /home/runner/work/ShizukuPlus/ShizukuPlus/manager/build/intermediates/merged_res/release/mergeReleaseResources/layout-v31_box_child_start_top_group_7.xml.flat
build	Build with Gradle	2026-06-06T12:25:02.8600729Z Compiling xml file /home/runner/.gradle/caches/8.14/transforms/0a9f0b23f2ae3b3d671937d923da2cba/transformed/glance-appwidget-1.1.1/res/layout-v31/box_child_start_top_group_3.xml to /home/runner/work/ShizukuPlus/ShizukuPlus/manager/build/intermediates/merged_res/release/mergeReleaseResources/layout-v31_box_child_start_top_group_3.xml.flat
build	Build with Gradle	2026-06-06T12:25:02.8604720Z Compiling xml file /home/runner/.gradle/caches/8.14/transforms/a6084efd8e6c9ff951c8e72453f81ad6/transformed/material-1.14.0-beta01/res/layout/m3expressive_alert_dialog.xml to /home/runner/work/ShizukuPlus/ShizukuPlus/manager/build/intermediates/merged_res/release/mergeReleaseResources/layout_m3expressive_alert_dialog.xml.flat
build	Build with Gradle	2026-06-06T12:25:02.8609448Z Compiling xml file /home/runner/.gradle/caches/8.14/transforms/0a9f0b23f2ae3b3d671937d923da2cba/transformed/glance-appwidget-1.1.1/res/layout-v33/glance_linear_progress_indicator_start_bottom.xml to /home/runner/work/ShizukuPlus/ShizukuPlus/manager/build/intermediates/merged_res/release/mergeReleaseResources/layout-v33_glance_linear_progress_indicator_start_bottom.xml.flat
build	Build with Gradle	2026-06-06T12:25:02.8619984Z Compiling xml file /home/runner/.gradle/caches/8.14/transforms/0a9f0b23f2ae3b3d671937d923da2cba/transformed/glance-appwidget-1.1.1/res/layout/box_child_start_top_group_2.xml to /home/runner/work/ShizukuPlus/ShizukuPlus/manager/build/intermediates/merged_res/release/mergeReleaseResources/layout_box_child_start_top_group_2.xml.flat
build	Build with Gradle	2026-06-06T12:25:02.8630301Z Compiling xml file /home/runner/.gradle/caches/8.14/transforms/0a9f0b23f2ae3b3d671937d923da2cba/transformed/glance-appwidget-1.1.1/res/layout/box_child_start_top_group_3.xml to /home/runner/work/ShizukuPlus/ShizukuPlus/manager/build/intermediates/merged_res/release/mergeReleaseResources/layout_box_child_start_top_group_3.xml.flat
build	Build with Gradle	2026-06-06T12:25:02.8634513Z Compiling xml file /home/runner/.gradle/caches/8.14/transforms/0a9f0b23f2ae3b3d671937d923da2cba/transformed/glance-appwidget-1.1.1/res/layout/box_child_start_top_group_8.xml to /home/runner/work/ShizukuPlus/ShizukuPlus/manager/build/intermediates/merged_res/release/mergeReleaseResources/layout_box_child_start_top_group_8.xml.flat
build	Build with Gradle	2026-06-06T12:25:02.8638556Z Compiling xml file /home/runner/.gradle/caches/8.14/transforms/4d1f2d6f8fcd4d0456ade74253b328dd/transformed/simplemenu-preference-1.0.3/res/anim/shrink_fade_out_center.xml to /home/runner/work/ShizukuPlus/ShizukuPlus/manager/build/intermediates/merged_res/release/mergeReleaseResources/anim_shrink_fade_out_center.xml.flat
build	Build with Gradle	2026-06-06T12:25:02.8642725Z Compiling xml file /home/runner/.gradle/caches/8.14/transforms/0a9f0b23f2ae3b3d671937d923da2cba/transformed/glance-appwidget-1.1.1/res/layout-v31/column_child_end_null_group_6.xml to /home/runner/work/ShizukuPlus/ShizukuPlus/manager/build/intermediates/merged_res/release/mergeReleaseResources/layout-v31_column_child_end_null_group_6.xml.flat
build	Build with Gradle	2026-06-06T12:25:02.8647077Z Compiling xml file /home/runner/.gradle/caches/8.14/transforms/0a9f0b23f2ae3b3d671937d923da2cba/transformed/glance-appwidget-1.1.1/res/layout-v31/column_child_end_null_group_2.xml to /home/runner/work/ShizukuPlus/ShizukuPlus/manager/build/intermediates/merged_res/release/mergeReleaseResources/layout-v31_column_child_end_null_group_2.xml.flat
build	Build with Gradle	2026-06-06T12:25:02.8654486Z Compiling xml file /home/runner/.gradle/caches/8.14/transforms/0a9f0b23f2ae3b3d671937d923da2cba/transformed/glance-appwidget-1.1.1/res/layout-v31/column_child_end_null_group_0.xml to /home/runner/work/ShizukuPlus/ShizukuPlus/manager/build/intermediates/merged_res/release/mergeReleaseResources/layout-v31_column_child_end_null_group_0.xml.flat
build	Build with Gradle	2026-06-06T12:25:02.8657513Z AAPT2 aapt2-8.11.1-12782657-linux Daemon #1: starting
build	Build with Gradle	2026-06-06T12:25:02.8659982Z Compiling xml file /home/runner/.gradle/caches/8.14/transforms/a6084efd8e6c9ff951c8e72453f81ad6/transformed/material-1.14.0-beta01/res/drawable/material_shape_bun.xml to /home/runner/work/ShizukuPlus/ShizukuPlus/manager/build/intermediates/merged_res/release/mergeReleaseResources/drawable_material_shape_bun.xml.flat
build	Build with Gradle	2026-06-06T12:25:02.8664078Z Compiling xml file /home/runner/.gradle/caches/8.14/transforms/3496351281a372f59379614fd15c5436/transformed/fragment-1.8.7/res/animator/fragment_open_exit.xml to /home/runner/work/ShizukuPlus/ShizukuPlus/manager/build/intermediates/merged_res/release/mergeReleaseResources/animator_fragment_open_exit.xml.flat
build	Build with Gradle	2026-06-06T12:25:02.8668043Z Compiling xml file /home/runner/.gradle/caches/8.14/transforms/a6084efd8e6c9ff951c8e72453f81ad6/transformed/material-1.14.0-beta01/res/drawable/ic_clock_black_24dp.xml to /home/runner/work/ShizukuPlus/ShizukuPlus/manager/build/intermediates/merged_res/release/mergeReleaseResources/drawable_ic_clock_black_24dp.xml.flat
build	Build with Gradle	2026-06-06T12:25:02.8675250Z Compiling xml file /home/runner/.gradle/caches/8.14/transforms/a6084efd8e6c9ff951c8e72453f81ad6/transformed/material-1.14.0-beta01/res/layout/m3_navigation_menu_divider.xml to /home/runner/work/ShizukuPlus/ShizukuPlus/manager/build/intermediates/merged_res/release/mergeReleaseResources/layout_m3_navigation_menu_divider.xml.flat
build	Build with Gradle	2026-06-06T12:25:02.8679110Z Compiling xml file /home/runner/work/ShizukuPlus/ShizukuPlus/manager/src/main/res/drawable/ic_action_settings_24.xml to /home/runner/work/ShizukuPlus/ShizukuPlus/manager/build/intermediates/merged_res/release/mergeReleaseResources/drawable_ic_action_settings_24.xml.flat
build	Build with Gradle	2026-06-06T12:25:02.8682974Z Compiling xml file /home/runner/.gradle/caches/8.14/transforms/0a9f0b23f2ae3b3d671937d923da2cba/transformed/glance-appwidget-1.1.1/res/layout/box_child_start_bottom_group_4.xml to /home/runner/work/ShizukuPlus/ShizukuPlus/manager/build/intermediates/merged_res/release/mergeReleaseResources/layout_box_child_start_bottom_group_4.xml.flat
build	Build with Gradle	2026-06-06T12:25:02.8687176Z Compiling xml file /home/runner/.gradle/caches/8.14/transforms/0a9f0b23f2ae3b3d671937d923da2cba/transformed/glance-appwidget-1.1.1/res/layout/box_child_start_bottom_group_0.xml to /home/runner/work/ShizukuPlus/ShizukuPlus/manager/build/intermediates/merged_res/release/mergeReleaseResources/layout_box_child_start_bottom_group_0.xml.flat
build	Build with Gradle	2026-06-06T12:25:02.8691896Z Compiling xml file /home/runner/.gradle/caches/8.14/transforms/efa565396efa7c69fa280f54041abb1e/transformed/appcompat-1.6.1/res/color/abc_background_cache_hint_selector_material_light.xml to /home/runner/work/ShizukuPlus/ShizukuPlus/manager/build/intermediates/merged_res/release/mergeReleaseResources/color_abc_background_cache_hint_selector_material_light.xml.flat
build	Build with Gradle	2026-06-06T12:25:02.8696541Z Compiling xml file /home/runner/.gradle/caches/8.14/transforms/a6084efd8e6c9ff951c8e72453f81ad6/transformed/material-1.14.0-beta01/res/layout/mtrl_calendar_day_of_week.xml to /home/runner/work/ShizukuPlus/ShizukuPlus/manager/build/intermediates/merged_res/release/mergeReleaseResources/layout_mtrl_calendar_day_of_week.xml.flat
build	Build with Gradle	2026-06-06T12:25:02.8700549Z Compiling xml file /home/runner/work/ShizukuPlus/ShizukuPlus/manager/src/main/res/xml/settings_shizuku_plus.xml to /home/runner/work/ShizukuPlus/ShizukuPlus/manager/build/intermediates/merged_res/release/mergeReleaseResources/xml_settings_shizuku_plus.xml.flat
build	Build with Gradle	2026-06-06T12:25:02.8712763Z /home/runner/work/ShizukuPlus/ShizukuPlus/manager/src/main/res/xml/settings_shizuku_plus.xml: Failed to compile file
build	Build with Gradle	2026-06-06T12:25:02.8713907Z AAPT2 aapt2-8.11.1-12782657-linux Daemon #2: starting
build	Build with Gradle	2026-06-06T12:25:02.8716422Z Compiling XML table /home/runner/work/ShizukuPlus/ShizukuPlus/manager/build/intermediates/incremental/release/mergeReleaseResources/merged.dir/values-watch-v20/values-watch-v20.xml to /home/runner/work/ShizukuPlus/ShizukuPlus/manager/build/intermediates/merged_res/release/mergeReleaseResources/values-watch-v20_values-watch-v20.arsc.flat
build	Build with Gradle	2026-06-06T12:25:02.8720840Z Compiling XML table /home/runner/work/ShizukuPlus/ShizukuPlus/manager/build/intermediates/incremental/release/mergeReleaseResources/merged.dir/values-hy/values-hy.xml to /home/runner/work/ShizukuPlus/ShizukuPlus/manager/build/intermediates/merged_res/release/mergeReleaseResources/values-hy_values-hy.arsc.flat
build	Build with Gradle	2026-06-06T12:25:02.8724341Z Compiling XML table /home/runner/work/ShizukuPlus/ShizukuPlus/manager/build/intermediates/incremental/release/mergeReleaseResources/merged.dir/values-id/values-id.xml to /home/runner/work/ShizukuPlus/ShizukuPlus/manager/build/intermediates/merged_res/release/mergeReleaseResources/values-id_values-id.arsc.flat
build	Build with Gradle	2026-06-06T12:25:02.8728279Z Compiling XML table /home/runner/work/ShizukuPlus/ShizukuPlus/manager/build/intermediates/incremental/release/mergeReleaseResources/merged.dir/values-w360dp-port-v13/values-w360dp-port-v13.xml to /home/runner/work/ShizukuPlus/ShizukuPlus/manager/build/intermediates/merged_res/release/mergeReleaseResources/values-w360dp-port-v13_values-w360dp-port-v13.arsc.flat
build	Build with Gradle	2026-06-06T12:25:02.8732616Z Compiling XML table /home/runner/work/ShizukuPlus/ShizukuPlus/manager/build/intermediates/incremental/release/mergeReleaseResources/merged.dir/values-zh-rHK/values-zh-rHK.xml to /home/runner/work/ShizukuPlus/ShizukuPlus/manager/build/intermediates/merged_res/release/mergeReleaseResources/values-zh-rHK_values-zh-rHK.arsc.flat
build	Build with Gradle	2026-06-06T12:25:02.8736815Z Compiling XML table /home/runner/work/ShizukuPlus/ShizukuPlus/manager/build/intermediates/incremental/release/mergeReleaseResources/merged.dir/values-w600dp-v13/values-w600dp-v13.xml to /home/runner/work/ShizukuPlus/ShizukuPlus/manager/build/intermediates/merged_res/release/mergeReleaseResources/values-w600dp-v13_values-w600dp-v13.arsc.flat
build	Build with Gradle	2026-06-06T12:25:02.8743001Z Compiling XML table /home/runner/work/ShizukuPlus/ShizukuPlus/manager/build/intermediates/incremental/release/mergeReleaseResources/merged.dir/values-as/values-as.xml to /home/runner/work/ShizukuPlus/ShizukuPlus/manager/build/intermediates/merged_res/release/mergeReleaseResources/values-as_values-as.arsc.flat
build	Build with Gradle	2026-06-06T12:25:02.8747784Z Compiling XML table /home/runner/work/ShizukuPlus/ShizukuPlus/manager/build/intermediates/incremental/release/mergeReleaseResources/merged.dir/values-ja/values-ja.xml to /home/runner/work/ShizukuPlus/ShizukuPlus/manager/build/intermediates/merged_res/release/mergeReleaseResources/values-ja_values-ja.arsc.flat
build	Build with Gradle	2026-06-06T12:25:02.8751880Z Compiling XML table /home/runner/work/ShizukuPlus/ShizukuPlus/manager/build/intermediates/incremental/release/mergeReleaseResources/merged.dir/values-v24/values-v24.xml to /home/runner/work/ShizukuPlus/ShizukuPlus/manager/build/intermediates/merged_res/release/mergeReleaseResources/values-v24_values-v24.arsc.flat
build	Build with Gradle	2026-06-06T12:25:02.8755837Z Compiling XML table /home/runner/work/ShizukuPlus/ShizukuPlus/manager/build/intermediates/incremental/release/mergeReleaseResources/merged.dir/values-zu/values-zu.xml to /home/runner/work/ShizukuPlus/ShizukuPlus/manager/build/intermediates/merged_res/release/mergeReleaseResources/values-zu_values-zu.arsc.flat
build	Build with Gradle	2026-06-06T12:25:02.8760225Z Compiling XML table /home/runner/work/ShizukuPlus/ShizukuPlus/manager/build/intermediates/incremental/release/mergeReleaseResources/merged.dir/values-ro/values-ro.xml to /home/runner/work/ShizukuPlus/ShizukuPlus/manager/build/intermediates/merged_res/release/mergeReleaseResources/values-ro_values-ro.arsc.flat
build	Build with Gradle	2026-06-06T12:25:02.8764373Z Compiling XML table /home/runner/work/ShizukuPlus/ShizukuPlus/manager/build/intermediates/incremental/release/mergeReleaseResources/merged.dir/values-be/values-be.xml to /home/runner/work/ShizukuPlus/ShizukuPlus/manager/build/intermediates/merged_res/release/mergeReleaseResources/values-be_values-be.arsc.flat
build	Build with Gradle	2026-06-06T12:25:02.8768570Z Compiling XML table /home/runner/work/ShizukuPlus/ShizukuPlus/manager/build/intermediates/incremental/release/mergeReleaseResources/merged.dir/values-bs/values-bs.xml to /home/runner/work/ShizukuPlus/ShizukuPlus/manager/build/intermediates/merged_res/release/mergeReleaseResources/values-bs_values-bs.arsc.flat
build	Build with Gradle	2026-06-06T12:25:02.8772753Z Compiling XML table /home/runner/work/ShizukuPlus/ShizukuPlus/manager/build/intermediates/incremental/release/mergeReleaseResources/merged.dir/values-ka/values-ka.xml to /home/runner/work/ShizukuPlus/ShizukuPlus/manager/build/intermediates/merged_res/release/mergeReleaseResources/values-ka_values-ka.arsc.flat
build	Build with Gradle	2026-06-06T12:25:02.8776827Z Compiling XML table /home/runner/work/ShizukuPlus/ShizukuPlus/manager/build/intermediates/incremental/release/mergeReleaseResources/merged.dir/values-sk/values-sk.xml to /home/runner/work/ShizukuPlus/ShizukuPlus/manager/build/intermediates/merged_res/release/mergeReleaseResources/values-sk_values-sk.arsc.flat
build	Build with Gradle	2026-06-06T12:25:02.8781080Z Compiling XML table /home/runner/work/ShizukuPlus/ShizukuPlus/manager/build/intermediates/incremental/release/mergeReleaseResources/merged.dir/values-ca/values-ca.xml to /home/runner/work/ShizukuPlus/ShizukuPlus/manager/build/intermediates/merged_res/release/mergeReleaseResources/values-ca_values-ca.arsc.flat
build	Build with Gradle	2026-06-06T12:25:02.8788113Z Compiling XML table /home/runner/work/ShizukuPlus/ShizukuPlus/manager/build/intermediates/incremental/release/mergeReleaseResources/merged.dir/values-sv/values-sv.xml to /home/runner/work/ShizukuPlus/ShizukuPlus/manager/build/intermediates/merged_res/release/mergeReleaseResources/values-sv_values-sv.arsc.flat
build	Build with Gradle	2026-06-06T12:25:02.8808718Z Compiling XML table /home/runner/work/ShizukuPlus/ShizukuPlus/manager/build/intermediates/incremental/release/mergeReleaseResources/merged.dir/values-ko/values-ko.xml to /home/runner/work/ShizukuPlus/ShizukuPlus/manager/build/intermediates/merged_res/release/mergeReleaseResources/values-ko_values-ko.arsc.flat
build	Build with Gradle	2026-06-06T12:25:02.8812910Z Compiling XML table /home/runner/work/ShizukuPlus/ShizukuPlus/manager/build/intermediates/incremental/release/mergeReleaseResources/merged.dir/values-pt-rBR/values-pt-rBR.xml to /home/runner/work/ShizukuPlus/ShizukuPlus/manager/build/intermediates/merged_res/release/mergeReleaseResources/values-pt-rBR_values-pt-rBR.arsc.flat
build	Build with Gradle	2026-06-06T12:25:02.8818132Z Compiling XML table /home/runner/work/ShizukuPlus/ShizukuPlus/manager/build/intermediates/incremental/release/mergeReleaseResources/merged.dir/values-sw600dp-land-v13/values-sw600dp-land-v13.xml to /home/runner/work/ShizukuPlus/ShizukuPlus/manager/build/intermediates/merged_res/release/mergeReleaseResources/values-sw600dp-land-v13_values-sw600dp-land-v13.arsc.flat
build	Build with Gradle	2026-06-06T12:25:02.8822357Z Compiling XML table /home/runner/work/ShizukuPlus/ShizukuPlus/manager/build/intermediates/incremental/release/mergeReleaseResources/merged.dir/values-da/values-da.xml to /home/runner/work/ShizukuPlus/ShizukuPlus/manager/build/intermediates/merged_res/release/mergeReleaseResources/values-da_values-da.arsc.flat
build	Build with Gradle	2026-06-06T12:25:02.8826470Z Compiling XML table /home/runner/work/ShizukuPlus/ShizukuPlus/manager/build/intermediates/incremental/release/mergeReleaseResources/merged.dir/values-lo/values-lo.xml to /home/runner/work/ShizukuPlus/ShizukuPlus/manager/build/intermediates/merged_res/release/mergeReleaseResources/values-lo_values-lo.arsc.flat
build	Build with Gradle	2026-06-06T12:25:02.8831091Z Compiling XML table /home/runner/work/ShizukuPlus/ShizukuPlus/manager/build/intermediates/incremental/release/mergeReleaseResources/merged.dir/values-h550dp-port-v13/values-h550dp-port-v13.xml to /home/runner/work/ShizukuPlus/ShizukuPlus/manager/build/intermediates/merged_res/release/mergeReleaseResources/values-h550dp-port-v13_values-h550dp-port-v13.arsc.flat
build	Build with Gradle	2026-06-06T12:25:02.8835861Z Compiling XML table /home/runner/work/ShizukuPlus/ShizukuPlus/manager/build/intermediates/incremental/release/mergeReleaseResources/merged.dir/values-mk/values-mk.xml to /home/runner/work/ShizukuPlus/ShizukuPlus/manager/build/intermediates/merged_res/release/mergeReleaseResources/values-mk_values-mk.arsc.flat
build	Build with Gradle	2026-06-06T12:25:02.8842113Z Compiling XML table /home/runner/work/ShizukuPlus/ShizukuPlus/manager/build/intermediates/incremental/release/mergeReleaseResources/merged.dir/values-mr/values-mr.xml to /home/runner/work/ShizukuPlus/ShizukuPlus/manager/build/intermediates/merged_res/release/mergeReleaseResources/values-mr_values-mr.arsc.flat
build	Build with Gradle	2026-06-06T12:25:02.8846071Z Compiling XML table /home/runner/work/ShizukuPlus/ShizukuPlus/manager/build/intermediates/incremental/release/mergeReleaseResources/merged.dir/values-zh-rTW/values-zh-rTW.xml to /home/runner/work/ShizukuPlus/ShizukuPlus/manager/build/intermediates/merged_res/release/mergeReleaseResources/values-zh-rTW_values-zh-rTW.arsc.flat
build	Build with Gradle	2026-06-06T12:25:02.8850444Z Compiling XML table /home/runner/work/ShizukuPlus/ShizukuPlus/manager/build/intermediates/incremental/release/mergeReleaseResources/merged.dir/values-eu/values-eu.xml to /home/runner/work/ShizukuPlus/ShizukuPlus/manager/build/intermediates/merged_res/release/mergeReleaseResources/values-eu_values-eu.arsc.flat
build	Build with Gradle	2026-06-06T12:25:02.8854643Z Compiling XML table /home/runner/work/ShizukuPlus/ShizukuPlus/manager/build/intermediates/incremental/release/mergeReleaseResources/merged.dir/values-nb/values-nb.xml to /home/runner/work/ShizukuPlus/ShizukuPlus/manager/build/intermediates/merged_res/release/mergeReleaseResources/values-nb_values-nb.arsc.flat
build	Build with Gradle	2026-06-06T12:25:02.8858970Z Compiling XML table /home/runner/work/ShizukuPlus/ShizukuPlus/manager/build/intermediates/incremental/release/mergeReleaseResources/merged.dir/values-ne/values-ne.xml to /home/runner/work/ShizukuPlus/ShizukuPlus/manager/build/intermediates/merged_res/release/mergeReleaseResources/values-ne_values-ne.arsc.flat
build	Build with Gradle	2026-06-06T12:25:02.8863090Z Compiling XML table /home/runner/work/ShizukuPlus/ShizukuPlus/manager/build/intermediates/incremental/release/mergeReleaseResources/merged.dir/values-no/values-no.xml to /home/runner/work/ShizukuPlus/ShizukuPlus/manager/build/intermediates/merged_res/release/mergeReleaseResources/values-no_values-no.arsc.flat
build	Build with Gradle	2026-06-06T12:25:02.8867931Z Compiling XML table /home/runner/work/ShizukuPlus/ShizukuPlus/manager/build/intermediates/incremental/release/mergeReleaseResources/merged.dir/values-large-v4/values-large-v4.xml to /home/runner/work/ShizukuPlus/ShizukuPlus/manager/build/intermediates/merged_res/release/mergeReleaseResources/values-large-v4_values-large-v4.arsc.flat
build	Build with Gradle	2026-06-06T12:25:02.8879113Z Compiling XML table /home/runner/work/ShizukuPlus/ShizukuPlus/manager/build/intermediates/incremental/release/mergeReleaseResources/merged.dir/values-or/values-or.xml to /home/runner/work/ShizukuPlus/ShizukuPlus/manager/build/intermediates/merged_res/release/mergeReleaseResources/values-or_values-or.arsc.flat
build	Build with Gradle	2026-06-06T12:25:02.8883101Z Compiling XML table /home/runner/work/ShizukuPlus/ShizukuPlus/manager/build/intermediates/incremental/release/mergeReleaseResources/merged.dir/values-pa/values-pa.xml to /home/runner/work/ShizukuPlus/ShizukuPlus/manager/build/intermediates/merged_res/release/mergeReleaseResources/values-pa_values-pa.arsc.flat
build	Build with Gradle	2026-06-06T12:25:02.8895552Z Compiling xml file /home/runner/work/ShizukuPlus/ShizukuPlus/manager/build/generated/materialThemeBuilder/release/res/color/m3_text_color_on_secondary.xml to /home/runner/work/ShizukuPlus/ShizukuPlus/manager/build/intermediates/merged_res/release/mergeReleaseResources/color_m3_text_color_on_secondary.xml.flat
build	Build with Gradle	2026-06-06T12:25:02.8899692Z Compiling xml file /home/runner/.gradle/caches/8.14/transforms/a6084efd8e6c9ff951c8e72453f81ad6/transformed/material-1.14.0-beta01/res/color/m3_dark_default_color_secondary_text.xml to /home/runner/work/ShizukuPlus/ShizukuPlus/manager/build/intermediates/merged_res/release/mergeReleaseResources/color_m3_dark_default_color_secondary_text.xml.flat
build	Build with Gradle	2026-06-06T12:25:02.8903923Z Compiling xml file /home/runner/.gradle/caches/8.14/transforms/0a9f0b23f2ae3b3d671937d923da2cba/transformed/glance-appwidget-1.1.1/res/layout/box_child_end_top_group_1.xml to /home/runner/work/ShizukuPlus/ShizukuPlus/manager/build/intermediates/merged_res/release/mergeReleaseResources/layout_box_child_end_top_group_1.xml.flat
build	Build with Gradle	2026-06-06T12:25:02.8909931Z Compiling xml file /home/runner/.gradle/caches/8.14/transforms/0a9f0b23f2ae3b3d671937d923da2cba/transformed/glance-appwidget-1.1.1/res/layout/box_child_end_top_group_3.xml to /home/runner/work/ShizukuPlus/ShizukuPlus/manager/build/intermediates/merged_res/release/mergeReleaseResources/layout_box_child_end_top_group_3.xml.flat
build	Build with Gradle	2026-06-06T12:25:02.8913942Z Compiling xml file /home/runner/.gradle/caches/8.14/transforms/0a9f0b23f2ae3b3d671937d923da2cba/transformed/glance-appwidget-1.1.1/res/layout/box_child_end_top_group_7.xml to /home/runner/work/ShizukuPlus/ShizukuPlus/manager/build/intermediates/merged_res/release/mergeReleaseResources/layout_box_child_end_top_group_7.xml.flat
build	Build with Gradle	2026-06-06T12:25:02.8919037Z Compiling xml file /home/runner/.gradle/caches/8.14/transforms/0a9f0b23f2ae3b3d671937d923da2cba/transformed/glance-appwidget-1.1.1/res/layout-v33/glance_linear_progress_indicator_center_horizontal_center_vertical.xml to /home/runner/work/ShizukuPlus/ShizukuPlus/manager/build/intermediates/merged_res/release/mergeReleaseResources/layout-v33_glance_linear_progress_indicator_center_horizontal_center_vertical.xml.flat
build	Build with Gradle	2026-06-06T12:25:02.8924677Z Compiling xml file /home/runner/.gradle/caches/8.14/transforms/a6084efd8e6c9ff951c8e72453f81ad6/transformed/material-1.14.0-beta01/res/layout-v26/mtrl_calendar_month.xml to /home/runner/work/ShizukuPlus/ShizukuPlus/manager/build/intermediates/merged_res/release/mergeReleaseResources/layout-v26_mtrl_calendar_month.xml.flat
build	Build with Gradle	2026-06-06T12:25:02.8929058Z Compiling xml file /home/runner/.gradle/caches/8.14/transforms/0a9f0b23f2ae3b3d671937d923da2cba/transformed/glance-appwidget-1.1.1/res/layout-v31/row_child_null_bottom_group_9.xml to /home/runner/work/ShizukuPlus/ShizukuPlus/manager/build/intermediates/merged_res/release/mergeReleaseResources/layout-v31_row_child_null_bottom_group_9.xml.flat
build	Build with Gradle	2026-06-06T12:25:02.8932972Z Compiling xml file /home/runner/.gradle/caches/8.14/transforms/0a9f0b23f2ae3b3d671937d923da2cba/transformed/glance-appwidget-1.1.1/res/layout-v31/row_child_null_bottom_group_5.xml to /home/runner/work/ShizukuPlus/ShizukuPlus/manager/build/intermediates/merged_res/release/mergeReleaseResources/layout-v31_row_child_null_bottom_group_5.xml.flat
build	Build with Gradle	2026-06-06T12:25:02.8937059Z Compiling xml file /home/runner/.gradle/caches/8.14/transforms/0a9f0b23f2ae3b3d671937d923da2cba/transformed/glance-appwidget-1.1.1/res/layout-v31/row_child_null_bottom_group_0.xml to /home/runner/work/ShizukuPlus/ShizukuPlus/manager/build/intermediates/merged_res/release/mergeReleaseResources/layout-v31_row_child_null_bottom_group_0.xml.flat
build	Build with Gradle	2026-06-06T12:25:02.8954714Z Compiling xml file /home/runner/.gradle/caches/8.14/transforms/0a9f0b23f2ae3b3d671937d923da2cba/transformed/glance-appwidget-1.1.1/res/layout-v33/glance_swtch_backport_center_horizontal_top.xml to /home/runner/work/ShizukuPlus/ShizukuPlus/manager/build/intermediates/merged_res/release/mergeReleaseResources/layout-v33_glance_swtch_backport_center_horizontal_top.xml.flat
build	Build with Gradle	2026-06-06T12:25:02.8959703Z Compiling xml file /home/runner/.gradle/caches/8.14/transforms/0a9f0b23f2ae3b3d671937d923da2cba/transformed/glance-appwidget-1.1.1/res/layout-v33/glance_radio_button_center_horizontal_center_vertical.xml to /home/runner/work/ShizukuPlus/ShizukuPlus/manager/build/intermediates/merged_res/release/mergeReleaseResources/layout-v33_glance_radio_button_center_horizontal_center_vertical.xml.flat
build	Build with Gradle	2026-06-06T12:25:02.8964185Z Compiling xml file /home/runner/.gradle/caches/8.14/transforms/efa565396efa7c69fa280f54041abb1e/transformed/appcompat-1.6.1/res/anim/abc_tooltip_enter.xml to /home/runner/work/ShizukuPlus/ShizukuPlus/manager/build/intermediates/merged_res/release/mergeReleaseResources/anim_abc_tooltip_enter.xml.flat
build	Build with Gradle	2026-06-06T12:25:02.8967747Z Compiling xml file /home/runner/.gradle/caches/8.14/transforms/f85a8706e3d3bf4df310b1b8ed66a067/transformed/material-2.7.2/res/drawable/ic_expand_more_24dp.xml to /home/runner/work/ShizukuPlus/ShizukuPlus/manager/build/intermediates/merged_res/release/mergeReleaseResources/drawable_ic_expand_more_24dp.xml.flat
build	Build with Gradle	2026-06-06T12:25:02.8972424Z Compiling xml file /home/runner/.gradle/caches/8.14/transforms/0a9f0b23f2ae3b3d671937d923da2cba/transformed/glance-appwidget-1.1.1/res/layout-v33/glance_vertical_grid_four_columns_center_horizontal_top.xml to /home/runner/work/ShizukuPlus/ShizukuPlus/manager/build/intermediates/merged_res/release/mergeReleaseResources/layout-v33_glance_vertical_grid_four_columns_center_horizontal_top.xml.flat
build	Build with Gradle	2026-06-06T12:25:02.8977127Z Compiling xml file /home/runner/.gradle/caches/8.14/transforms/0a9f0b23f2ae3b3d671937d923da2cba/transformed/glance-appwidget-1.1.1/res/layout/radio_row_null_center_vertical_4children.xml to /home/runner/work/ShizukuPlus/ShizukuPlus/manager/build/intermediates/merged_res/release/mergeReleaseResources/layout_radio_row_null_center_vertical_4children.xml.flat
build	Build with Gradle	2026-06-06T12:25:02.8984867Z Compiling xml file /home/runner/.gradle/caches/8.14/transforms/0a9f0b23f2ae3b3d671937d923da2cba/transformed/glance-appwidget-1.1.1/res/layout-v33/column_end_bottom.xml to /home/runner/work/ShizukuPlus/ShizukuPlus/manager/build/intermediates/merged_res/release/mergeReleaseResources/layout-v33_column_end_bottom.xml.flat
build	Build with Gradle	2026-06-06T12:25:02.8999484Z Compiling xml file /home/runner/.gradle/caches/8.14/transforms/0a9f0b23f2ae3b3d671937d923da2cba/transformed/glance-appwidget-1.1.1/res/layout/row_null_bottom_0children.xml to /home/runner/work/ShizukuPlus/ShizukuPlus/manager/build/intermediates/merged_res/release/mergeReleaseResources/layout_row_null_bottom_0children.xml.flat
build	Build with Gradle	2026-06-06T12:25:02.9003746Z Compiling xml file /home/runner/.gradle/caches/8.14/transforms/0a9f0b23f2ae3b3d671937d923da2cba/transformed/glance-appwidget-1.1.1/res/layout-v33/radio_row_start_center_vertical.xml to /home/runner/work/ShizukuPlus/ShizukuPlus/manager/build/intermediates/merged_res/release/mergeReleaseResources/layout-v33_radio_row_start_center_vertical.xml.flat
build	Build with Gradle	2026-06-06T12:25:02.9008243Z Compiling xml file /home/runner/.gradle/caches/8.14/transforms/0a9f0b23f2ae3b3d671937d923da2cba/transformed/glance-appwidget-1.1.1/res/color/glance_switch_on_key_shadow.xml to /home/runner/work/ShizukuPlus/ShizukuPlus/manager/build/intermediates/merged_res/release/mergeReleaseResources/color_glance_switch_on_key_shadow.xml.flat
build	Build with Gradle	2026-06-06T12:25:02.9012430Z Compiling xml file /home/runner/.gradle/caches/8.14/transforms/0a9f0b23f2ae3b3d671937d923da2cba/transformed/glance-appwidget-1.1.1/res/layout-v31/row_child_null_top_group_9.xml to /home/runner/work/ShizukuPlus/ShizukuPlus/manager/build/intermediates/merged_res/release/mergeReleaseResources/layout-v31_row_child_null_top_group_9.xml.flat
build	Build with Gradle	2026-06-06T12:25:02.9016526Z Compiling xml file /home/runner/.gradle/caches/8.14/transforms/0a9f0b23f2ae3b3d671937d923da2cba/transformed/glance-appwidget-1.1.1/res/layout-v31/row_child_null_top_group_7.xml to /home/runner/work/ShizukuPlus/ShizukuPlus/manager/build/intermediates/merged_res/release/mergeReleaseResources/layout-v31_row_child_null_top_group_7.xml.flat
build	Build with Gradle	2026-06-06T12:25:02.9020051Z 
build	Build with Gradle	2026-06-06T12:25:02.9020796Z Resolve mutations for :manager:generateReleaseAutoResConfigSource (Thread[#160,Execution worker,5,main]) started.
build	Build with Gradle	2026-06-06T12:25:02.9022255Z :manager:generateReleaseAutoResConfigSource (Thread[#160,Execution worker,5,main]) started.
build	Build with Gradle	2026-06-06T12:25:02.9022982Z 
build	Build with Gradle	2026-06-06T12:25:02.9023274Z > Task :manager:generateReleaseAutoResConfigSource
build	Build with Gradle	2026-06-06T12:25:02.9024417Z Caching disabled for task ':manager:generateReleaseAutoResConfigSource' because:
build	Build with Gradle	2026-06-06T12:25:02.9025300Z   Caching has not been enabled for the task
build	Build with Gradle	2026-06-06T12:25:02.9026146Z Task ':manager:generateReleaseAutoResConfigSource' is not up-to-date because:
build	Build with Gradle	2026-06-06T12:25:02.9027119Z   Task has not declared any outputs despite executing actions.
build	Build with Gradle	2026-06-06T12:25:02.9028376Z Resolve mutations for :manager:generateReleaseBuildConfig (Thread[#160,Execution worker,5,main]) started.
build	Build with Gradle	2026-06-06T12:25:02.9029680Z :manager:generateReleaseBuildConfig (Thread[#160,Execution worker,5,main]) started.
build	Build with Gradle	2026-06-06T12:25:02.9030478Z 
build	Build with Gradle	2026-06-06T12:25:02.9030725Z > Task :manager:generateReleaseBuildConfig
build	Build with Gradle	2026-06-06T12:25:02.9031698Z Build cache key for task ':manager:generateReleaseBuildConfig' is 39e568306add534168d7f208f83c845e
build	Build with Gradle	2026-06-06T12:25:02.9032811Z Task ':manager:generateReleaseBuildConfig' is not up-to-date because:
build	Build with Gradle	2026-06-06T12:25:02.9033539Z   No history is available.
build	Build with Gradle	2026-06-06T12:25:02.9034436Z Stored cache entry for task ':manager:generateReleaseBuildConfig' with cache key 39e568306add534168d7f208f83c845e
build	Build with Gradle	2026-06-06T12:25:02.9036015Z Resolve mutations for :manager:generateReleaseMaterialThemeBuilderSource (Thread[#160,Execution worker,5,main]) started.
build	Build with Gradle	2026-06-06T12:25:02.9037655Z :manager:generateReleaseMaterialThemeBuilderSource (Thread[#160,Execution worker,5,main]) started.
build	Build with Gradle	2026-06-06T12:25:02.9038312Z 
build	Build with Gradle	2026-06-06T12:25:02.9038604Z > Task :manager:generateReleaseMaterialThemeBuilderSource
build	Build with Gradle	2026-06-06T12:25:02.9039393Z Caching disabled for task ':manager:generateReleaseMaterialThemeBuilderSource' because:
build	Build with Gradle	2026-06-06T12:25:02.9040163Z   Caching has not been enabled for the task
build	Build with Gradle	2026-06-06T12:25:02.9040851Z Task ':manager:generateReleaseMaterialThemeBuilderSource' is not up-to-date because:
build	Build with Gradle	2026-06-06T12:25:02.9041614Z   Task has not declared any outputs despite executing actions.
build	Build with Gradle	2026-06-06T12:25:02.9042538Z Resolve mutations for :manager:checkReleaseAarMetadata (Thread[#160,Execution worker,5,main]) started.
build	Build with Gradle	2026-06-06T12:25:02.9043729Z :manager:checkReleaseAarMetadata (Thread[#160,Execution worker,5,main]) started.
build	Build with Gradle	2026-06-06T12:25:03.1808933Z Resolve mutations for :manager:mapReleaseSourceSetPaths (Thread[#159,included builds,5,main]) started.
build	Build with Gradle	2026-06-06T12:25:03.1850454Z :manager:mapReleaseSourceSetPaths (Thread[#159,included builds,5,main]) started.
build	Build with Gradle	2026-06-06T12:25:03.1908846Z 
build	Build with Gradle	2026-06-06T12:25:03.1939392Z > Task :manager:mapReleaseSourceSetPaths
build	Build with Gradle	2026-06-06T12:25:03.1944929Z Caching disabled for task ':manager:mapReleaseSourceSetPaths' because:
build	Build with Gradle	2026-06-06T12:25:03.1970788Z   Caching has been disabled for the task
build	Build with Gradle	2026-06-06T12:25:03.1988380Z Task ':manager:mapReleaseSourceSetPaths' is not up-to-date because:
build	Build with Gradle	2026-06-06T12:25:03.1989399Z   No history is available.
build	Build with Gradle	2026-06-06T12:25:03.1990163Z 
build	Build with Gradle	2026-06-06T12:25:03.1990545Z > Task :manager:checkReleaseAarMetadata
build	Build with Gradle	2026-06-06T12:25:03.1991789Z Caching disabled for AarTransform: /home/runner/.gradle/caches/8.14/transforms/2c8372c00787b5e2af17c392510a0378/transformed/mavericks-3.0.9 because:
build	Build with Gradle	2026-06-06T12:25:03.1993935Z   Caching not enabled.
build	Build with Gradle	2026-06-06T12:25:03.1996017Z Caching disabled for AarTransform: /home/runner/.gradle/caches/8.14/transforms/693c054b9b80dbf8007dadbf97a7b615/transformed/viewbinding-8.11.1 because:
build	Build with Gradle	2026-06-06T12:25:03.1997556Z   Caching not enabled.
build	Build with Gradle	2026-06-06T12:25:03.1998732Z Caching disabled for AarTransform: /home/runner/.gradle/caches/8.14/transforms/438de03543f1a14021d179b045f7057a/transformed/koin-android-4.0.2 because:
build	Build with Gradle	2026-06-06T12:25:03.2001220Z   Caching not enabled.
build	Build with Gradle	2026-06-06T12:25:03.2002496Z Caching disabled for AarTransform: /home/runner/.gradle/caches/8.14/transforms/373e825be4973449db84049594b600ab/transformed/material-preference-2.0.0-release because:
build	Build with Gradle	2026-06-06T12:25:03.2003886Z   Caching not enabled.
build	Build with Gradle	2026-06-06T12:25:03.2004973Z Caching disabled for AarTransform: /home/runner/.gradle/caches/8.14/transforms/f85a8706e3d3bf4df310b1b8ed66a067/transformed/material-2.7.2 because:
build	Build with Gradle	2026-06-06T12:25:03.2006505Z   Caching not enabled.
build	Build with Gradle	2026-06-06T12:25:03.2007887Z Caching disabled for AarTransform: /home/runner/.gradle/caches/8.14/transforms/6589a5b496d2f82dfc01f076eae8bbc4/transformed/core-ktx-1.4.1-release because:
build	Build with Gradle	2026-06-06T12:25:03.2009183Z   Caching not enabled.
build	Build with Gradle	2026-06-06T12:25:03.2010344Z Caching disabled for AarTransform: /home/runner/.gradle/caches/8.14/transforms/a6084efd8e6c9ff951c8e72453f81ad6/transformed/material-1.14.0-beta01 because:
build	Build with Gradle	2026-06-06T12:25:03.2011659Z   Caching not enabled.
build	Build with Gradle	2026-06-06T12:25:03.2012890Z Caching disabled for AarTransform: /home/runner/.gradle/caches/8.14/transforms/d898ed95f395a2f368d4bc758e4d1887/transformed/biometric-1.2.0-alpha05 because:
build	Build with Gradle	2026-06-06T12:25:03.2014348Z   Caching not enabled.
build	Build with Gradle	2026-06-06T12:25:03.2015558Z Caching disabled for AarTransform: /home/runner/.gradle/caches/8.14/transforms/8187c6742a7c5d0b27744cebd6b9554f/transformed/biometric-ktx-1.2.0-alpha05 because:
build	Build with Gradle	2026-06-06T12:25:03.2016825Z   Caching not enabled.
build	Build with Gradle	2026-06-06T12:25:03.2018187Z Caching disabled for AarTransform: /home/runner/.gradle/caches/8.14/transforms/efa565396efa7c69fa280f54041abb1e/transformed/appcompat-1.6.1 because:
build	Build with Gradle	2026-06-06T12:25:03.2019501Z   Caching not enabled.
build	Build with Gradle	2026-06-06T12:25:03.2020771Z Caching disabled for AarTransform: /home/runner/.gradle/caches/8.14/transforms/2c263715c01736e27b196a80ad5b1fdb/transformed/recyclerview-adapter-1.3.0 because:
build	Build with Gradle	2026-06-06T12:25:03.2022120Z   Caching not enabled.
build	Build with Gradle	2026-06-06T12:25:03.2023371Z Caching disabled for AarTransform: /home/runner/.gradle/caches/8.14/transforms/338cbb5a6afddf9796ee1bfc02c64c98/transformed/recyclerview-ktx-1.3.2 because:
build	Build with Gradle	2026-06-06T12:25:03.2024745Z   Caching not enabled.
build	Build with Gradle	2026-06-06T12:25:03.2026025Z Caching disabled for AarTransform: /home/runner/.gradle/caches/8.14/transforms/4d1f2d6f8fcd4d0456ade74253b328dd/transformed/simplemenu-preference-1.0.3 because:
build	Build with Gradle	2026-06-06T12:25:03.2027714Z   Caching not enabled.
build	Build with Gradle	2026-06-06T12:25:03.2028947Z Caching disabled for AarTransform: /home/runner/.gradle/caches/8.14/transforms/484f1985b8141e4d4ca38f4ab7092551/transformed/library-1.2.0 because:
build	Build with Gradle	2026-06-06T12:25:03.2030242Z   Caching not enabled.
build	Build with Gradle	2026-06-06T12:25:03.2031476Z Caching disabled for AarTransform: /home/runner/.gradle/caches/8.14/transforms/a8ffae57e8eb844c745e6c38f24a5dc3/transformed/preference-1.2.1 because:
build	Build with Gradle	2026-06-06T12:25:03.2033158Z   Caching not enabled.
build	Build with Gradle	2026-06-06T12:25:03.2034366Z Caching disabled for AarTransform: /home/runner/.gradle/caches/8.14/transforms/91cba946f7f9db0abb582361d2b98175/transformed/recyclerview-1.4.0 because:
build	Build with Gradle	2026-06-06T12:25:03.2035597Z   Caching not enabled.
build	Build with Gradle	2026-06-06T12:25:03.2036828Z Caching disabled for AarTransform: /home/runner/.gradle/caches/8.14/transforms/59fa63435223e05f0b1b82e5b0b01ed7/transformed/viewpager2-1.1.0-beta02 because:
build	Build with Gradle	2026-06-06T12:25:03.2038057Z   Caching not enabled.
build	Build with Gradle	2026-06-06T12:25:03.2039018Z Caching disabled for AarTransform: /home/runner/.gradle/caches/8.14/transforms/ee981983fc55a7699435ecebe45f87ef/transformed/core-1.4.1-release because:
build	Build with Gradle	2026-06-06T12:25:03.2040034Z   Caching not enabled.
build	Build with Gradle	2026-06-06T12:25:03.2041138Z Caching disabled for AarTransform: /home/runner/.gradle/caches/8.14/transforms/aab493d2bbab5d087a023e9183eede9c/transformed/fragment-ktx-1.8.7 because:
build	Build with Gradle	2026-06-06T12:25:03.2042338Z   Caching not enabled.
build	Build with Gradle	2026-06-06T12:25:03.2043461Z Caching disabled for AarTransform: /home/runner/.gradle/caches/8.14/transforms/3496351281a372f59379614fd15c5436/transformed/fragment-1.8.7 because:
build	Build with Gradle	2026-06-06T12:25:03.2044637Z   Caching not enabled.
build	Build with Gradle	2026-06-06T12:25:03.2045920Z Caching disabled for AarTransform: /home/runner/.gradle/caches/8.14/transforms/f3104eb4796c3cb96709ee2563cfb750/transformed/sentry-android-core-8.40.0 because:
build	Build with Gradle	2026-06-06T12:25:03.2047685Z   Caching not enabled.
build	Build with Gradle	2026-06-06T12:25:03.2048850Z Caching disabled for AarTransform: /home/runner/.gradle/caches/8.14/transforms/62937f105bc4a976ca99fc29e59f8d0f/transformed/activity-1.10.0 because:
build	Build with Gradle	2026-06-06T12:25:03.2050107Z   Caching not enabled.
build	Build with Gradle	2026-06-06T12:25:03.2051549Z Caching disabled for AarTransform: /home/runner/.gradle/caches/8.14/transforms/b7a112fda39b8abfdc2cbb450e5f2f1a/transformed/activity-ktx-1.10.0 because:
build	Build with Gradle	2026-06-06T12:25:03.2052834Z   Caching not enabled.
build	Build with Gradle	2026-06-06T12:25:03.2054073Z Caching disabled for AarTransform: /home/runner/.gradle/caches/8.14/transforms/5154402d773535e88a1a242ea9ad466a/transformed/emoji2-views-helper-1.2.0 because:
build	Build with Gradle	2026-06-06T12:25:03.2055456Z   Caching not enabled.
build	Build with Gradle	2026-06-06T12:25:03.2056580Z Caching disabled for AarTransform: /home/runner/.gradle/caches/8.14/transforms/20c8148c0d0f1eeb1041151d1c55938f/transformed/emoji2-1.2.0 because:
build	Build with Gradle	2026-06-06T12:25:03.2058137Z   Caching not enabled.
build	Build with Gradle	2026-06-06T12:25:03.2059227Z Caching disabled for AarTransform: /home/runner/.gradle/caches/8.14/transforms/d39b45e93aa24a0297878e1eb336ea9a/transformed/loader-1.0.0 because:
build	Build with Gradle	2026-06-06T12:25:03.2060387Z   Caching not enabled.
build	Build with Gradle	2026-06-06T12:25:03.2061518Z Caching disabled for AarTransform: /home/runner/.gradle/caches/8.14/transforms/5c7bf891ae70d7d08b7f06ccb140fad8/transformed/glance-1.1.1 because:
build	Build with Gradle	2026-06-06T12:25:03.2062487Z   Caching not enabled.
build	Build with Gradle	2026-06-06T12:25:03.2063464Z Caching disabled for AarTransform: /home/runner/.gradle/caches/8.14/transforms/0a9f0b23f2ae3b3d671937d923da2cba/transformed/glance-appwidget-1.1.1 because:
build	Build with Gradle	2026-06-06T12:25:03.2064549Z   Caching not enabled.
build	Build with Gradle	2026-06-06T12:25:03.2065628Z Caching disabled for AarTransform: /home/runner/.gradle/caches/8.14/transforms/47fd96da264051fc240ce38134bdde10/transformed/work-runtime-ktx-2.10.4 because:
build	Build with Gradle	2026-06-06T12:25:03.2066841Z   Caching not enabled.
build	Build with Gradle	2026-06-06T12:25:03.2068123Z Caching disabled for AarTransform: /home/runner/.gradle/caches/8.14/transforms/ff46523a05730a3410b3d43ab7271bd0/transformed/work-runtime-2.10.4 because:
build	Build with Gradle	2026-06-06T12:25:03.2069270Z   Caching not enabled.
build	Build with Gradle	2026-06-06T12:25:03.2070324Z Caching disabled for AarTransform: /home/runner/.gradle/caches/8.14/transforms/2b232f7e90ed539739f2c0f2684a06f8/transformed/browser-1.8.0 because:
build	Build with Gradle	2026-06-06T12:25:03.2071416Z   Caching not enabled.
build	Build with Gradle	2026-06-06T12:25:03.2072533Z Caching disabled for AarTransform: /home/runner/.gradle/caches/8.14/transforms/9269236a44d4e397a31d652dc8841c2d/transformed/transition-ktx-1.5.1 because:
build	Build with Gradle	2026-06-06T12:25:03.2073750Z   Caching not enabled.
build	Build with Gradle	2026-06-06T12:25:03.2074899Z Caching disabled for AarTransform: /home/runner/.gradle/caches/8.14/transforms/87467c3c8cd81c6f0e30cc7811d9c0e9/transformed/slidingpanelayout-1.2.0 because:
build	Build with Gradle	2026-06-06T12:25:03.2076156Z   Caching not enabled.
build	Build with Gradle	2026-06-06T12:25:03.2077254Z Caching disabled for AarTransform: /home/runner/.gradle/caches/8.14/transforms/9459b44028168fbe53c4da77adee3cad/transformed/transition-1.5.1 because:
build	Build with Gradle	2026-06-06T12:25:03.2078602Z   Caching not enabled.
build	Build with Gradle	2026-06-06T12:25:03.2079702Z Caching disabled for AarTransform: /home/runner/.gradle/caches/8.14/transforms/c2631671ecbd3d95bfc540fb5557d230/transformed/core-remoteviews-1.1.0 because:
build	Build with Gradle	2026-06-06T12:25:03.2080896Z   Caching not enabled.
build	Build with Gradle	2026-06-06T12:25:03.2082006Z Caching disabled for AarTransform: /home/runner/.gradle/caches/8.14/transforms/33de77d114239838176c165bd9600680/transformed/coordinatorlayout-1.1.0 because:
build	Build with Gradle	2026-06-06T12:25:03.2083258Z   Caching not enabled.
build	Build with Gradle	2026-06-06T12:25:03.2084324Z Caching disabled for AarTransform: /home/runner/.gradle/caches/8.14/transforms/f32932b768c1c383327c110c6e2f2a04/transformed/viewpager-1.0.0 because:
build	Build with Gradle	2026-06-06T12:25:03.2085503Z   Caching not enabled.
build	Build with Gradle	2026-06-06T12:25:03.2086676Z Caching disabled for AarTransform: /home/runner/.gradle/caches/8.14/transforms/2a1f64bb05593b70cb9126021244d174/transformed/customview-1.2.0 because:
build	Build with Gradle	2026-06-06T12:25:03.2088248Z   Caching not enabled.
build	Build with Gradle	2026-06-06T12:25:03.2089401Z Caching disabled for AarTransform: /home/runner/.gradle/caches/8.14/transforms/9a6f8cbb6346f3bbb1b98d5903fb48b2/transformed/drawerlayout-1.1.1 because:
build	Build with Gradle	2026-06-06T12:25:03.2090607Z   Caching not enabled.
build	Build with Gradle	2026-06-06T12:25:03.2091798Z Caching disabled for AarTransform: /home/runner/.gradle/caches/8.14/transforms/6e4c683cb074c37b2a51c2ee5db07733/transformed/constraintlayout-2.2.1 because:
build	Build with Gradle	2026-06-06T12:25:03.2093261Z   Caching not enabled.
build	Build with Gradle	2026-06-06T12:25:03.2094306Z Caching disabled for AarTransform: /home/runner/.gradle/caches/8.14/transforms/33b1fc6b3ef6a3214537aeecc8df60ab/transformed/coil because:
build	Build with Gradle	2026-06-06T12:25:03.2095778Z   Caching not enabled.
build	Build with Gradle	2026-06-06T12:25:03.2096947Z Caching disabled for AarTransform: /home/runner/.gradle/caches/8.14/transforms/38973380b257061575958cac22670390/transformed/dynamicanimation-1.1.0 because:
build	Build with Gradle	2026-06-06T12:25:03.2098132Z   Caching not enabled.
build	Build with Gradle	2026-06-06T12:25:03.2099272Z Caching disabled for AarTransform: /home/runner/.gradle/caches/8.14/transforms/c62f2b60b2174dbc2c05823d7d6abfaa/transformed/coil-network-okhttp because:
build	Build with Gradle	2026-06-06T12:25:03.2100617Z   Caching not enabled.
build	Build with Gradle	2026-06-06T12:25:03.2101748Z Caching disabled for AarTransform: /home/runner/.gradle/caches/8.14/transforms/d49708ff39937cf2dc8a5d58ef34d065/transformed/coil-network-core because:
build	Build with Gradle	2026-06-06T12:25:03.2102961Z   Caching not enabled.
build	Build with Gradle	2026-06-06T12:25:03.2104022Z Caching disabled for AarTransform: /home/runner/.gradle/caches/8.14/transforms/d8facd787edaf28a58d8c622a9331078/transformed/coil-core because:
build	Build with Gradle	2026-06-06T12:25:03.2105172Z   Caching not enabled.
build	Build with Gradle	2026-06-06T12:25:03.2106335Z Caching disabled for AarTransform: /home/runner/.gradle/caches/8.14/transforms/f7a09b5d37e172440771a3c367250518/transformed/appcompat-resources-1.7.1 because:
build	Build with Gradle	2026-06-06T12:25:03.2107765Z   Caching not enabled.
build	Build with Gradle	2026-06-06T12:25:03.2108974Z Caching disabled for AarTransform: /home/runner/.gradle/caches/8.14/transforms/d697b5d8b45978ec3a98ef1655ea06c8/transformed/vectordrawable-animated-1.1.0 because:
build	Build with Gradle	2026-06-06T12:25:03.2110344Z   Caching not enabled.
build	Build with Gradle	2026-06-06T12:25:03.2111573Z Caching disabled for AarTransform: /home/runner/.gradle/caches/8.14/transforms/dc0275561321685487c64fd075a63c35/transformed/vectordrawable-1.1.0 because:
build	Build with Gradle	2026-06-06T12:25:03.2112939Z   Caching not enabled.
build	Build with Gradle	2026-06-06T12:25:03.2114207Z Caching disabled for AarTransform: /home/runner/.gradle/caches/8.14/transforms/04951a97475aebf6b800f98cdc845e28/transformed/switchbar-1.0.2 because:
build	Build with Gradle	2026-06-06T12:25:03.2115441Z   Caching not enabled.
build	Build with Gradle	2026-06-06T12:25:03.2116682Z Caching disabled for AarTransform: /home/runner/.gradle/caches/8.14/transforms/f44317b6b582e3df5afb18620edd3775/transformed/swiperefreshlayout-1.1.0 because:
build	Build with Gradle	2026-06-06T12:25:03.2118133Z   Caching not enabled.
build	Build with Gradle	2026-06-06T12:25:03.2119270Z Caching disabled for AarTransform: /home/runner/.gradle/caches/8.14/transforms/30676eef3dc22ac269337397d20f7f25/transformed/insets-1.3.0-release because:
build	Build with Gradle	2026-06-06T12:25:03.2120458Z   Caching not enabled.
build	Build with Gradle	2026-06-06T12:25:03.2121778Z Caching disabled for AarTransform: /home/runner/.gradle/caches/8.14/transforms/6df4a8bec15c81ec5d96711ead8a45f6/transformed/customview-poolingcontainer-1.0.0 because:
build	Build with Gradle	2026-06-06T12:25:03.2123126Z   Caching not enabled.
build	Build with Gradle	2026-06-06T12:25:03.2124331Z Caching disabled for AarTransform: /home/runner/.gradle/caches/8.14/transforms/c4288f6412f7c6bdcfe961d2f0efb4d2/transformed/graphics-shapes-release because:
build	Build with Gradle	2026-06-06T12:25:03.2125640Z   Caching not enabled.
build	Build with Gradle	2026-06-06T12:25:03.2126819Z Caching disabled for AarTransform: /home/runner/.gradle/caches/8.14/transforms/0f268d830baf1b2adb315c1349db4113/transformed/savedstate-ktx-1.3.1 because:
build	Build with Gradle	2026-06-06T12:25:03.2128196Z   Caching not enabled.
build	Build with Gradle	2026-06-06T12:25:03.2129419Z Caching disabled for AarTransform: /home/runner/.gradle/caches/8.14/transforms/d4dcb12619daf48292cb973faf4c0937/transformed/core-bundle-release because:
build	Build with Gradle	2026-06-06T12:25:03.2130668Z   Caching not enabled.
build	Build with Gradle	2026-06-06T12:25:03.2131789Z Caching disabled for AarTransform: /home/runner/.gradle/caches/8.14/transforms/f85fca100dc1cfb9faf4b8055f4a62e9/transformed/savedstate-release because:
build	Build with Gradle	2026-06-06T12:25:03.2133504Z   Caching not enabled.
build	Build with Gradle	2026-06-06T12:25:03.2134607Z Caching disabled for AarTransform: /home/runner/.gradle/caches/8.14/transforms/5424bb4aed8761312b4b26bf9e07d98a/transformed/window-1.0.0 because:
build	Build with Gradle	2026-06-06T12:25:03.2135797Z   Caching not enabled.
build	Build with Gradle	2026-06-06T12:25:03.2136905Z Caching disabled for AarTransform: /home/runner/.gradle/caches/8.14/transforms/029a61c97118f0c834c270c0dd5c56c8/transformed/core-ktx-1.16.0 because:
build	Build with Gradle	2026-06-06T12:25:03.2138421Z   Caching not enabled.
build	Build with Gradle	2026-06-06T12:25:03.2139576Z Caching disabled for AarTransform: /home/runner/.gradle/caches/8.14/transforms/5cdb323f179a5400d9eac68baef40b22/transformed/lifecycle-runtime-release because:
build	Build with Gradle	2026-06-06T12:25:03.2140780Z   Caching not enabled.
build	Build with Gradle	2026-06-06T12:25:03.2141959Z Caching disabled for AarTransform: /home/runner/.gradle/caches/8.14/transforms/733f565b05217da1a995124053e2952d/transformed/lifecycle-service-2.9.4 because:
build	Build with Gradle	2026-06-06T12:25:03.2143358Z   Caching not enabled.
build	Build with Gradle	2026-06-06T12:25:03.2144574Z Caching disabled for AarTransform: /home/runner/.gradle/caches/8.14/transforms/0c66718d94e4554cab2f7d8334723d4c/transformed/lifecycle-viewmodel-2.9.4 because:
build	Build with Gradle	2026-06-06T12:25:03.2145752Z   Caching not enabled.
build	Build with Gradle	2026-06-06T12:25:03.2146872Z Caching disabled for AarTransform: /home/runner/.gradle/caches/8.14/transforms/20f00e5ccb0364701481c3adff0c0022/transformed/lifecycle-viewmodel-release because:
build	Build with Gradle	2026-06-06T12:25:03.2148064Z   Caching not enabled.
build	Build with Gradle	2026-06-06T12:25:03.2149200Z Caching disabled for AarTransform: /home/runner/.gradle/caches/8.14/transforms/06bc399dfe425f0f5114ba44e76c1318/transformed/lifecycle-viewmodel-savedstate-release because:
build	Build with Gradle	2026-06-06T12:25:03.2150431Z   Caching not enabled.
build	Build with Gradle	2026-06-06T12:25:03.2151514Z Caching disabled for AarTransform: /home/runner/.gradle/caches/8.14/transforms/6fe02a9c6bc1a8d677661f17a75652df/transformed/lifecycle-livedata-core-2.9.4 because:
build	Build with Gradle	2026-06-06T12:25:03.2152692Z   Caching not enabled.
build	Build with Gradle	2026-06-06T12:25:03.2153794Z Caching disabled for AarTransform: /home/runner/.gradle/caches/8.14/transforms/644a16fcc858b20f0d048c7466f19d9f/transformed/lifecycle-process-2.9.4 because:
build	Build with Gradle	2026-06-06T12:25:03.2154967Z   Caching not enabled.
build	Build with Gradle	2026-06-06T12:25:03.2156099Z Caching disabled for AarTransform: /home/runner/.gradle/caches/8.14/transforms/045e1f63699bdc1710b726e46c8c703d/transformed/lifecycle-runtime-ktx because:
build	Build with Gradle	2026-06-06T12:25:03.2157333Z   Caching not enabled.
build	Build with Gradle	2026-06-06T12:25:03.2158726Z Caching disabled for AarTransform: /home/runner/.gradle/caches/8.14/transforms/0bbb0e176c4adaced1da8fc8c45f5f69/transformed/lifecycle-livedata-2.9.4 because:
build	Build with Gradle	2026-06-06T12:25:03.2160006Z   Caching not enabled.
build	Build with Gradle	2026-06-06T12:25:03.2161258Z Caching disabled for AarTransform: /home/runner/.gradle/caches/8.14/transforms/86daf15fa6531778dc0ccc1fef270dd4/transformed/lifecycle-livedata-core-ktx-2.9.4 because:
build	Build with Gradle	2026-06-06T12:25:03.2162557Z   Caching not enabled.
build	Build with Gradle	2026-06-06T12:25:03.2163669Z Caching disabled for AarTransform: /home/runner/.gradle/caches/8.14/transforms/6afc1b2f65d907779fd871415079443b/transformed/ui-graphics-1.1.1 because:
build	Build with Gradle	2026-06-06T12:25:03.2164899Z   Caching not enabled.
build	Build with Gradle	2026-06-06T12:25:03.2166001Z Caching disabled for AarTransform: /home/runner/.gradle/caches/8.14/transforms/eb0c0593968df75a68be86f7d6f56e03/transformed/ui-unit-1.1.1 because:
build	Build with Gradle	2026-06-06T12:25:03.2167182Z   Caching not enabled.
build	Build with Gradle	2026-06-06T12:25:03.2168428Z Caching disabled for AarTransform: /home/runner/.gradle/caches/8.14/transforms/e243041e7dbb74197d5bc00e0943bf6a/transformed/ui-geometry-1.1.1 because:
build	Build with Gradle	2026-06-06T12:25:03.2169624Z   Caching not enabled.
build	Build with Gradle	2026-06-06T12:25:03.2170752Z Caching disabled for AarTransform: /home/runner/.gradle/caches/8.14/transforms/f9239a1ba9edcb911ae9670e7877c906/transformed/runtime-1.2.1 because:
build	Build with Gradle	2026-06-06T12:25:03.2171913Z   Caching not enabled.
build	Build with Gradle	2026-06-06T12:25:03.2173111Z Caching disabled for AarTransform: /home/runner/.gradle/caches/8.14/transforms/a8b524143b57d8c2908f9c01f30efac2/transformed/sentry-compose-release because:
build	Build with Gradle	2026-06-06T12:25:03.2174547Z   Caching not enabled.
build	Build with Gradle	2026-06-06T12:25:03.2175777Z Caching disabled for AarTransform: /home/runner/.gradle/caches/8.14/transforms/dc0568acb601ada223da268dc89d9a1a/transformed/lifecycle-livedata-ktx-2.9.4 because:
build	Build with Gradle	2026-06-06T12:25:03.2177177Z   Caching not enabled.
build	Build with Gradle	2026-06-06T12:25:03.2178577Z Caching disabled for AarTransform: /home/runner/.gradle/caches/8.14/transforms/0380dce5195f95e6e343462acaffc231/transformed/lifecycle-resource-livedata-1.0.1-release because:
build	Build with Gradle	2026-06-06T12:25:03.2180117Z   Caching not enabled.
build	Build with Gradle	2026-06-06T12:25:03.2181352Z Caching disabled for AarTransform: /home/runner/.gradle/caches/8.14/transforms/ef0d0ada300b662b4bc2dcd561c4ab70/transformed/lifecycle-viewmodel-ktx-2.9.4 because:
build	Build with Gradle	2026-06-06T12:25:03.2182458Z   Caching not enabled.
build	Build with Gradle	2026-06-06T12:25:03.2183652Z Caching disabled for AarTransform: /home/runner/.gradle/caches/8.14/transforms/8c7c9a78376cd260d7272a1fac1507a0/transformed/datastore-preferences-1.0.0 because:
build	Build with Gradle	2026-06-06T12:25:03.2184838Z   Caching not enabled.
build	Build with Gradle	2026-06-06T12:25:03.2186037Z Caching disabled for AarTransform: /home/runner/.gradle/caches/8.14/transforms/615878ae3b772c18093f4d9e3e195a20/transformed/datastore-1.0.0 because:
build	Build with Gradle	2026-06-06T12:25:03.2187182Z   Caching not enabled.
build	Build with Gradle	2026-06-06T12:25:03.2188383Z Caching disabled for AarTransform: /home/runner/.gradle/caches/8.14/transforms/a0f2f8571a731d673f1339b181103682/transformed/room-runtime-2.6.1 because:
build	Build with Gradle	2026-06-06T12:25:03.2189445Z   Caching not enabled.
build	Build with Gradle	2026-06-06T12:25:03.2190484Z Caching disabled for AarTransform: /home/runner/.gradle/caches/8.14/transforms/b7f54caf5fd601a6753bed9729e1530e/transformed/room-ktx-2.6.1 because:
build	Build with Gradle	2026-06-06T12:25:03.2191626Z   Caching not enabled.
build	Build with Gradle	2026-06-06T12:25:03.2192959Z Caching disabled for AarTransform: /home/runner/.gradle/caches/8.14/transforms/b1caf7903885e6dfd466268b50bb28e5/transformed/core-splashscreen-1.0.1 because:
build	Build with Gradle	2026-06-06T12:25:03.2194200Z   Caching not enabled.
build	Build with Gradle	2026-06-06T12:25:03.2195224Z Caching disabled for AarTransform: /home/runner/.gradle/caches/8.14/transforms/f59af9a0eace077f0e9ad35c903edb0e/transformed/html-ktx-1.1.2 because:
build	Build with Gradle	2026-06-06T12:25:03.2196442Z   Caching not enabled.
build	Build with Gradle	2026-06-06T12:25:03.2197661Z Caching disabled for AarTransform: /home/runner/.gradle/caches/8.14/transforms/ab00c267663707e20a9c28832bd574a2/transformed/timber-5.0.1 because:
build	Build with Gradle	2026-06-06T12:25:03.2198747Z   Caching not enabled.
build	Build with Gradle	2026-06-06T12:25:03.2199922Z Caching disabled for AarTransform: /home/runner/.gradle/caches/8.14/transforms/5e76c393bb448bcfa0655c68ec471020/transformed/aboutlibraries-core-release because:
build	Build with Gradle	2026-06-06T12:25:03.2201182Z   Caching not enabled.
build	Build with Gradle	2026-06-06T12:25:03.2202406Z Caching disabled for AarTransform: /home/runner/.gradle/caches/8.14/transforms/71aa5bf0c4580977b2f3abf550a82d0e/transformed/preference-ktx-1.2.1 because:
build	Build with Gradle	2026-06-06T12:25:03.2203655Z   Caching not enabled.
build	Build with Gradle	2026-06-06T12:25:03.2204807Z Caching disabled for AarTransform: /home/runner/.gradle/caches/8.14/transforms/82c33335d6daf0ba2c2d3106c603ebc3/transformed/sqlite-framework-2.4.0 because:
build	Build with Gradle	2026-06-06T12:25:03.2206084Z   Caching not enabled.
build	Build with Gradle	2026-06-06T12:25:03.2207209Z Caching disabled for AarTransform: /home/runner/.gradle/caches/8.14/transforms/f5dc25b733d8c7664560d889ae0ff956/transformed/sqlite-2.4.0 because:
build	Build with Gradle	2026-06-06T12:25:03.2208512Z   Caching not enabled.
build	Build with Gradle	2026-06-06T12:25:03.2209784Z Caching disabled for AarTransform: /home/runner/.gradle/caches/8.14/transforms/bd37fa4ac9a923d774be35a04b675e9d/transformed/sentry-android-timber-8.40.0 because:
build	Build with Gradle	2026-06-06T12:25:03.2211145Z   Caching not enabled.
build	Build with Gradle	2026-06-06T12:25:03.2212329Z Caching disabled for AarTransform: /home/runner/.gradle/caches/8.14/transforms/a6341a3e8d2c382078fb8f297369ac51/transformed/sentry-android-sqlite-8.40.0 because:
build	Build with Gradle	2026-06-06T12:25:03.2213613Z   Caching not enabled.
build	Build with Gradle	2026-06-06T12:25:03.2214780Z Caching disabled for AarTransform: /home/runner/.gradle/caches/8.14/transforms/5d7fa8ac1f6ab741b32c1fc4bc71bdf6/transformed/compatibility-2.0.0 because:
build	Build with Gradle	2026-06-06T12:25:03.2216218Z   Caching not enabled.
build	Build with Gradle	2026-06-06T12:25:03.2217556Z Caching disabled for AarTransform: /home/runner/.gradle/caches/8.14/transforms/6a51a01fd16264a83e0f0feeab00d6ea/transformed/layoutinflater-1.3.0 because:
build	Build with Gradle	2026-06-06T12:25:03.2218826Z   Caching not enabled.
build	Build with Gradle	2026-06-06T12:25:03.2219988Z Caching disabled for AarTransform: /home/runner/.gradle/caches/8.14/transforms/7cb87b818b30498bcde5bf59509b305b/transformed/appiconloader-1.5.0 because:
build	Build with Gradle	2026-06-06T12:25:03.2221449Z   Caching not enabled.
build	Build with Gradle	2026-06-06T12:25:03.2222566Z Caching disabled for AarTransform: /home/runner/.gradle/caches/8.14/transforms/b2e7fb1ff7f260dce39e55cb27088efd/transformed/cardview-1.0.0 because:
build	Build with Gradle	2026-06-06T12:25:03.2223725Z   Caching not enabled.
build	Build with Gradle	2026-06-06T12:25:03.2224787Z Caching disabled for AarTransform: /home/runner/.gradle/caches/8.14/transforms/b7fdebfd9343bbc576a29ab8d68fb354/transformed/lazy-2.0.0 because:
build	Build with Gradle	2026-06-06T12:25:03.2225890Z   Caching not enabled.
build	Build with Gradle	2026-06-06T12:25:03.2227026Z Caching disabled for AarTransform: /home/runner/.gradle/caches/8.14/transforms/af1849ac59ea9b10c0df81a67570c855/transformed/cursoradapter-1.0.0 because:
build	Build with Gradle	2026-06-06T12:25:03.2228480Z   Caching not enabled.
build	Build with Gradle	2026-06-06T12:25:03.2229733Z Caching disabled for AarTransform: /home/runner/.gradle/caches/8.14/transforms/def85582213ab2870d896da947e1bd2a/transformed/appiconloader-iconloaderlib-1.5.0 because:
build	Build with Gradle	2026-06-06T12:25:03.2231037Z   Caching not enabled.
build	Build with Gradle	2026-06-06T12:25:03.2232084Z Caching disabled for AarTransform: /home/runner/.gradle/caches/8.14/transforms/e5742399012525e0edda6cc8d9ad7262/transformed/html-1.1.2 because:
build	Build with Gradle	2026-06-06T12:25:03.2233235Z   Caching not enabled.
build	Build with Gradle	2026-06-06T12:25:03.2234755Z Caching disabled for AarTransform: /home/runner/.gradle/caches/8.14/transforms/0f8fd961fa88f172b795e954c693c5a2/transformed/tracing-ktx-1.2.0 because:
build	Build with Gradle	2026-06-06T12:25:03.2236005Z   Caching not enabled.
build	Build with Gradle	2026-06-06T12:25:03.2237146Z Caching disabled for AarTransform: /home/runner/.gradle/caches/8.14/transforms/acaa3cdd1b8646165db9384aee71e410/transformed/ui-util-1.1.1 because:
build	Build with Gradle	2026-06-06T12:25:03.2238501Z   Caching not enabled.
build	Build with Gradle	2026-06-06T12:25:03.2240007Z Caching disabled for AarTransform: /home/runner/.gradle/caches/8.14/transforms/96dabcaf2d8839737bfa5e7bcc9c8d29/transformed/exifinterface-1.4.2 because:
build	Build with Gradle	2026-06-06T12:25:03.2241272Z   Caching not enabled.
build	Build with Gradle	2026-06-06T12:25:03.2242450Z Caching disabled for AarTransform: /home/runner/.gradle/caches/8.14/transforms/fdd7a2f71d98268b12d6291e62912d0b/transformed/lottie-6.6.2 because:
build	Build with Gradle	2026-06-06T12:25:03.2243697Z   Caching not enabled.
build	Build with Gradle	2026-06-06T12:25:03.2244783Z Caching disabled for AarTransform: /home/runner/.gradle/caches/8.14/transforms/f16a35ef33f3a5860c0cc8532fe5dc8c/transformed/core-6.0.0 because:
build	Build with Gradle	2026-06-06T12:25:03.2245875Z   Caching not enabled.
build	Build with Gradle	2026-06-06T12:25:03.2246954Z Caching disabled for AarTransform: /home/runner/.gradle/caches/8.14/transforms/c0673a6896f886d42be301918536c345/transformed/boringssl-20250114 because:
build	Build with Gradle	2026-06-06T12:25:03.2248214Z   Caching not enabled.
build	Build with Gradle	2026-06-06T12:25:03.2249383Z Caching disabled for AarTransform: /home/runner/.gradle/caches/8.14/transforms/b966c438ee1e24a5a0e1926959b61a2d/transformed/hiddenapibypass-6.1 because:
build	Build with Gradle	2026-06-06T12:25:03.2250602Z   Caching not enabled.
build	Build with Gradle	2026-06-06T12:25:03.2251699Z Caching disabled for AarTransform: /home/runner/.gradle/caches/8.14/transforms/0229dbc9f57fa8133a9f500f70fe76a8/transformed/libcxx-27.0.12077973 because:
build	Build with Gradle	2026-06-06T12:25:03.2252880Z   Caching not enabled.
build	Build with Gradle	2026-06-06T12:25:03.2254086Z Caching disabled for AarTransform: /home/runner/.gradle/caches/8.14/transforms/966464b5816c63aee25736b13ab38709/transformed/sentry-android-fragment-8.40.0 because:
build	Build with Gradle	2026-06-06T12:25:03.2255406Z   Caching not enabled.
build	Build with Gradle	2026-06-06T12:25:03.2256670Z Caching disabled for AarTransform: /home/runner/.gradle/caches/8.14/transforms/966144f595f2139b76140bbf274142f6/transformed/sentry-android-navigation-8.40.0 because:
build	Build with Gradle	2026-06-06T12:25:03.2258116Z   Caching not enabled.
build	Build with Gradle	2026-06-06T12:25:03.2258768Z Caching disabled for task ':manager:checkReleaseAarMetadata' because:
build	Build with Gradle	2026-06-06T12:25:03.2259664Z   Caching has been disabled for the task
build	Build with Gradle	2026-06-06T12:25:03.2260461Z Task ':manager:checkReleaseAarMetadata' is not up-to-date because:
build	Build with Gradle	2026-06-06T12:25:03.2261177Z   No history is available.
build	Build with Gradle	2026-06-06T12:25:03.2262161Z Resolve mutations for :manager:createReleaseCompatibleScreenManifests (Thread[#159,included builds,5,main]) started.
build	Build with Gradle	2026-06-06T12:25:03.2263583Z :manager:createReleaseCompatibleScreenManifests (Thread[#159,included builds,5,main]) started.
build	Build with Gradle	2026-06-06T12:25:03.2264496Z 
build	Build with Gradle	2026-06-06T12:25:03.2264824Z > Task :manager:createReleaseCompatibleScreenManifests
build	Build with Gradle	2026-06-06T12:25:03.2265835Z Caching disabled for task ':manager:createReleaseCompatibleScreenManifests' because:
build	Build with Gradle	2026-06-06T12:25:03.2266776Z   Caching has been disabled for the task
build	Build with Gradle	2026-06-06T12:25:03.2267743Z Task ':manager:createReleaseCompatibleScreenManifests' is not up-to-date because:
build	Build with Gradle	2026-06-06T12:25:03.2268461Z   No history is available.
build	Build with Gradle	2026-06-06T12:25:03.2269271Z Resolve mutations for :manager:extractDeepLinksRelease (Thread[#159,included builds,5,main]) started.
build	Build with Gradle	2026-06-06T12:25:03.2270492Z :manager:extractDeepLinksRelease (Thread[#159,included builds,5,main]) started.
build	Build with Gradle	2026-06-06T12:25:03.2271100Z 
build	Build with Gradle	2026-06-06T12:25:03.2271330Z > Task :manager:extractDeepLinksRelease
build	Build with Gradle	2026-06-06T12:25:03.2272227Z Build cache key for task ':manager:extractDeepLinksRelease' is 67acac8427f69c4c7b6ab984088e4ea5
build	Build with Gradle	2026-06-06T12:25:03.2273191Z Task ':manager:extractDeepLinksRelease' is not up-to-date because:
build	Build with Gradle	2026-06-06T12:25:03.2273897Z   No history is available.
build	Build with Gradle	2026-06-06T12:25:03.2274821Z Stored cache entry for task ':manager:extractDeepLinksRelease' with cache key 67acac8427f69c4c7b6ab984088e4ea5
build	Build with Gradle	2026-06-06T12:25:03.2276203Z Resolve mutations for :manager:processReleaseMainManifest (Thread[#159,included builds,5,main]) started.
build	Build with Gradle	2026-06-06T12:25:03.2277634Z :manager:processReleaseMainManifest (Thread[#159,included builds,5,main]) started.
build	Build with Gradle	2026-06-06T12:25:03.6809727Z 
build	Build with Gradle	2026-06-06T12:25:03.6810739Z > Task :manager:mergeReleaseResources FAILED
build	Build with Gradle	2026-06-06T12:25:03.6840358Z Compiling xml file /home/runner/.gradle/caches/8.14/transforms/0a9f0b23f2ae3b3d671937d923da2cba/transformed/glance-appwidget-1.1.1/res/layout-v31/row_child_null_top_group_3.xml to /home/runner/work/ShizukuPlus/ShizukuPlus/manager/build/intermediates/merged_res/release/mergeReleaseResources/layout-v31_row_child_null_top_group_3.xml.flat
build	Build with Gradle	2026-06-06T12:25:03.6846235Z Compiling xml file /home/runner/work/ShizukuPlus/ShizukuPlus/manager/src/main/res/drawable/ic_swipe_24.xml to /home/runner/work/ShizukuPlus/ShizukuPlus/manager/build/intermediates/merged_res/release/mergeReleaseResources/drawable_ic_swipe_24.xml.flat
build	Build with Gradle	2026-06-06T12:25:03.6849888Z Compiling xml file /home/runner/.gradle/caches/8.14/transforms/a6084efd8e6c9ff951c8e72453f81ad6/transformed/material-1.14.0-beta01/res/color-v31/m3_ref_palette_dynamic_primary98.xml to /home/runner/work/ShizukuPlus/ShizukuPlus/manager/build/intermediates/merged_res/release/mergeReleaseResources/color-v31_m3_ref_palette_dynamic_primary98.xml.flat
build	Build with Gradle	2026-06-06T12:25:03.6854089Z Compiling xml file /home/runner/.gradle/caches/8.14/transforms/0a9f0b23f2ae3b3d671937d923da2cba/transformed/glance-appwidget-1.1.1/res/layout/box_end_center_vertical_4children.xml to /home/runner/work/ShizukuPlus/ShizukuPlus/manager/build/intermediates/merged_res/release/mergeReleaseResources/layout_box_end_center_vertical_4children.xml.flat
build	Build with Gradle	2026-06-06T12:25:03.6860052Z Compiling xml file /home/runner/.gradle/caches/8.14/transforms/0a9f0b23f2ae3b3d671937d923da2cba/transformed/glance-appwidget-1.1.1/res/drawable/glance_abc_btn_check_material_anim_enabled.xml to /home/runner/work/ShizukuPlus/ShizukuPlus/manager/build/intermediates/merged_res/release/mergeReleaseResources/drawable_glance_abc_btn_check_material_anim_enabled.xml.flat
build	Build with Gradle	2026-06-06T12:25:03.6864786Z Compiling xml file /home/runner/work/ShizukuPlus/ShizukuPlus/manager/src/main/res/drawable/ic_default_app_icon_background.xml to /home/runner/work/ShizukuPlus/ShizukuPlus/manager/build/intermediates/merged_res/release/mergeReleaseResources/drawable_ic_default_app_icon_background.xml.flat
build	Build with Gradle	2026-06-06T12:25:03.6869600Z Compiling xml file /home/runner/work/ShizukuPlus/ShizukuPlus/manager/build/intermediates/incremental/release/mergeReleaseResources/stripped.dir/layout/apps_appbar_activity.xml to /home/runner/work/ShizukuPlus/ShizukuPlus/manager/build/intermediates/merged_res/release/mergeReleaseResources/layout_apps_appbar_activity.xml.flat
build	Build with Gradle	2026-06-06T12:25:03.6875263Z Compiling xml file /home/runner/.gradle/caches/8.14/transforms/efa565396efa7c69fa280f54041abb1e/transformed/appcompat-1.6.1/res/color/switch_thumb_material_dark.xml to /home/runner/work/ShizukuPlus/ShizukuPlus/manager/build/intermediates/merged_res/release/mergeReleaseResources/color_switch_thumb_material_dark.xml.flat
build	Build with Gradle	2026-06-06T12:25:03.6880737Z Compiling xml file /home/runner/.gradle/caches/8.14/transforms/0a9f0b23f2ae3b3d671937d923da2cba/transformed/glance-appwidget-1.1.1/res/layout/glance_check_box_text.xml to /home/runner/work/ShizukuPlus/ShizukuPlus/manager/build/intermediates/merged_res/release/mergeReleaseResources/layout_glance_check_box_text.xml.flat
build	Build with Gradle	2026-06-06T12:25:03.6885281Z Compiling xml file /home/runner/.gradle/caches/8.14/transforms/a6084efd8e6c9ff951c8e72453f81ad6/transformed/material-1.14.0-beta01/res/animator/m3_card_state_list_anim.xml to /home/runner/work/ShizukuPlus/ShizukuPlus/manager/build/intermediates/merged_res/release/mergeReleaseResources/animator_m3_card_state_list_anim.xml.flat
build	Build with Gradle	2026-06-06T12:25:03.6889946Z Compiling xml file /home/runner/.gradle/caches/8.14/transforms/a6084efd8e6c9ff951c8e72453f81ad6/transformed/material-1.14.0-beta01/res/color/material_cursor_color.xml to /home/runner/work/ShizukuPlus/ShizukuPlus/manager/build/intermediates/merged_res/release/mergeReleaseResources/color_material_cursor_color.xml.flat
build	Build with Gradle	2026-06-06T12:25:03.6896139Z Compiling xml file /home/runner/.gradle/caches/8.14/transforms/0a9f0b23f2ae3b3d671937d923da2cba/transformed/glance-appwidget-1.1.1/res/layout-v33/glance_image_fill_bounds_decorative_end_center_vertical.xml to /home/runner/work/ShizukuPlus/ShizukuPlus/manager/build/intermediates/merged_res/release/mergeReleaseResources/layout-v33_glance_image_fill_bounds_decorative_end_center_vertical.xml.flat
build	Build with Gradle	2026-06-06T12:25:03.6901886Z Compiling xml file /home/runner/.gradle/caches/8.14/transforms/a6084efd8e6c9ff951c8e72453f81ad6/transformed/material-1.14.0-beta01/res/color-v31/m3_ref_palette_dynamic_neutral_variant12.xml to /home/runner/work/ShizukuPlus/ShizukuPlus/manager/build/intermediates/merged_res/release/mergeReleaseResources/color-v31_m3_ref_palette_dynamic_neutral_variant12.xml.flat
build	Build with Gradle	2026-06-06T12:25:03.6907256Z Compiling xml file /home/runner/.gradle/caches/8.14/transforms/a6084efd8e6c9ff951c8e72453f81ad6/transformed/material-1.14.0-beta01/res/color/material_slider_halo_color.xml to /home/runner/work/ShizukuPlus/ShizukuPlus/manager/build/intermediates/merged_res/release/mergeReleaseResources/color_material_slider_halo_color.xml.flat
build	Build with Gradle	2026-06-06T12:25:03.6912343Z Compiling xml file /home/runner/work/ShizukuPlus/ShizukuPlus/manager/src/main/res/drawable/ic_server_24.xml to /home/runner/work/ShizukuPlus/ShizukuPlus/manager/build/intermediates/merged_res/release/mergeReleaseResources/drawable_ic_server_24.xml.flat
build	Build with Gradle	2026-06-06T12:25:03.6916652Z Compiling xml file /home/runner/.gradle/caches/8.14/transforms/0a9f0b23f2ae3b3d671937d923da2cba/transformed/glance-appwidget-1.1.1/res/layout/box_start_center_vertical_1children.xml to /home/runner/work/ShizukuPlus/ShizukuPlus/manager/build/intermediates/merged_res/release/mergeReleaseResources/layout_box_start_center_vertical_1children.xml.flat
build	Build with Gradle	2026-06-06T12:25:03.6921426Z Compiling xml file /home/runner/.gradle/caches/8.14/transforms/efa565396efa7c69fa280f54041abb1e/transformed/appcompat-1.6.1/res/drawable/abc_ic_clear_material.xml to /home/runner/work/ShizukuPlus/ShizukuPlus/manager/build/intermediates/merged_res/release/mergeReleaseResources/drawable_abc_ic_clear_material.xml.flat
build	Build with Gradle	2026-06-06T12:25:03.6926088Z Compiling xml file /home/runner/.gradle/caches/8.14/transforms/0a9f0b23f2ae3b3d671937d923da2cba/transformed/glance-appwidget-1.1.1/res/layout-v33/glance_swtch_center_horizontal_center_vertical.xml to /home/runner/work/ShizukuPlus/ShizukuPlus/manager/build/intermediates/merged_res/release/mergeReleaseResources/layout-v33_glance_swtch_center_horizontal_center_vertical.xml.flat
build	Build with Gradle	2026-06-06T12:25:03.6931672Z Compiling xml file /home/runner/.gradle/caches/8.14/transforms/a6084efd8e6c9ff951c8e72453f81ad6/transformed/material-1.14.0-beta01/res/anim/linear_indeterminate_line1_tail_interpolator.xml to /home/runner/work/ShizukuPlus/ShizukuPlus/manager/build/intermediates/merged_res/release/mergeReleaseResources/anim_linear_indeterminate_line1_tail_interpolator.xml.flat
build	Build with Gradle	2026-06-06T12:25:03.6937958Z Compiling xml file /home/runner/.gradle/caches/8.14/transforms/f85a8706e3d3bf4df310b1b8ed66a067/transformed/material-2.7.2/res/layout/dialog_about.xml to /home/runner/work/ShizukuPlus/ShizukuPlus/manager/build/intermediates/merged_res/release/mergeReleaseResources/layout_dialog_about.xml.flat
build	Build with Gradle	2026-06-06T12:25:03.6942487Z Compiling xml file /home/runner/work/ShizukuPlus/ShizukuPlus/manager/build/intermediates/incremental/release/mergeReleaseResources/stripped.dir/layout/adb_pair_dialog.xml to /home/runner/work/ShizukuPlus/ShizukuPlus/manager/build/intermediates/merged_res/release/mergeReleaseResources/layout_adb_pair_dialog.xml.flat
build	Build with Gradle	2026-06-06T12:25:03.6947014Z Compiling xml file /home/runner/.gradle/caches/8.14/transforms/efa565396efa7c69fa280f54041abb1e/transformed/appcompat-1.6.1/res/anim/abc_slide_out_top.xml to /home/runner/work/ShizukuPlus/ShizukuPlus/manager/build/intermediates/merged_res/release/mergeReleaseResources/anim_abc_slide_out_top.xml.flat
build	Build with Gradle	2026-06-06T12:25:03.6951662Z Compiling xml file /home/runner/.gradle/caches/8.14/transforms/a6084efd8e6c9ff951c8e72453f81ad6/transformed/material-1.14.0-beta01/res/color-v31/m3_ref_palette_dynamic_neutral_variant92.xml to /home/runner/work/ShizukuPlus/ShizukuPlus/manager/build/intermediates/merged_res/release/mergeReleaseResources/color-v31_m3_ref_palette_dynamic_neutral_variant92.xml.flat
build	Build with Gradle	2026-06-06T12:25:03.6956297Z Compiling xml file /home/runner/.gradle/caches/8.14/transforms/0a9f0b23f2ae3b3d671937d923da2cba/transformed/glance-appwidget-1.1.1/res/layout/glance_deleted_view.xml to /home/runner/work/ShizukuPlus/ShizukuPlus/manager/build/intermediates/merged_res/release/mergeReleaseResources/layout_glance_deleted_view.xml.flat
build	Build with Gradle	2026-06-06T12:25:03.6961400Z Compiling xml file /home/runner/work/ShizukuPlus/ShizukuPlus/manager/src/main/res/xml/accessibility_service_automation.xml to /home/runner/work/ShizukuPlus/ShizukuPlus/manager/build/intermediates/merged_res/release/mergeReleaseResources/xml_accessibility_service_automation.xml.flat
build	Build with Gradle	2026-06-06T12:25:03.6965393Z Compiling xml file /home/runner/.gradle/caches/8.14/transforms/0a9f0b23f2ae3b3d671937d923da2cba/transformed/glance-appwidget-1.1.1/res/layout/box_center_horizontal_bottom_1children.xml to /home/runner/work/ShizukuPlus/ShizukuPlus/manager/build/intermediates/merged_res/release/mergeReleaseResources/layout_box_center_horizontal_bottom_1children.xml.flat
build	Build with Gradle	2026-06-06T12:25:03.6971946Z Compiling xml file /home/runner/.gradle/caches/8.14/transforms/efa565396efa7c69fa280f54041abb1e/transformed/appcompat-1.6.1/res/drawable/btn_checkbox_checked_to_unchecked_mtrl_animation.xml to /home/runner/work/ShizukuPlus/ShizukuPlus/manager/build/intermediates/merged_res/release/mergeReleaseResources/drawable_btn_checkbox_checked_to_unchecked_mtrl_animation.xml.flat
build	Build with Gradle	2026-06-06T12:25:03.6978348Z Compiling xml file /home/runner/.gradle/caches/8.14/transforms/a6084efd8e6c9ff951c8e72453f81ad6/transformed/material-1.14.0-beta01/res/color/m3_navigation_rail_item_with_indicator_icon_tint.xml to /home/runner/work/ShizukuPlus/ShizukuPlus/manager/build/intermediates/merged_res/release/mergeReleaseResources/color_m3_navigation_rail_item_with_indicator_icon_tint.xml.flat
build	Build with Gradle	2026-06-06T12:25:03.6985267Z Compiling xml file /home/runner/.gradle/caches/8.14/transforms/0a9f0b23f2ae3b3d671937d923da2cba/transformed/glance-appwidget-1.1.1/res/layout-v33/glance_radio_button_backport_wrapwidth_expandheight.xml to /home/runner/work/ShizukuPlus/ShizukuPlus/manager/build/intermediates/merged_res/release/mergeReleaseResources/layout-v33_glance_radio_button_backport_wrapwidth_expandheight.xml.flat
build	Build with Gradle	2026-06-06T12:25:03.6990423Z Compiling xml file /home/runner/.gradle/caches/8.14/transforms/a6084efd8e6c9ff951c8e72453f81ad6/transformed/material-1.14.0-beta01/res/drawable/mtrl_ic_check_mark.xml to /home/runner/work/ShizukuPlus/ShizukuPlus/manager/build/intermediates/merged_res/release/mergeReleaseResources/drawable_mtrl_ic_check_mark.xml.flat
build	Build with Gradle	2026-06-06T12:25:03.6995170Z Compiling xml file /home/runner/.gradle/caches/8.14/transforms/a6084efd8e6c9ff951c8e72453f81ad6/transformed/material-1.14.0-beta01/res/interpolator/m3_sys_motion_easing_standard_accelerate.xml to /home/runner/work/ShizukuPlus/ShizukuPlus/manager/build/intermediates/merged_res/release/mergeReleaseResources/interpolator_m3_sys_motion_easing_standard_accelerate.xml.flat
build	Build with Gradle	2026-06-06T12:25:03.7000095Z Compiling xml file /home/runner/.gradle/caches/8.14/transforms/f85a8706e3d3bf4df310b1b8ed66a067/transformed/material-2.7.2/res/color/m3_switch_track_color_dark.xml to /home/runner/work/ShizukuPlus/ShizukuPlus/manager/build/intermediates/merged_res/release/mergeReleaseResources/color_m3_switch_track_color_dark.xml.flat
build	Build with Gradle	2026-06-06T12:25:03.7004575Z Compiling xml file /home/runner/.gradle/caches/8.14/transforms/a6084efd8e6c9ff951c8e72453f81ad6/transformed/material-1.14.0-beta01/res/drawable/m3_popupmenu_background_overlay.xml to /home/runner/work/ShizukuPlus/ShizukuPlus/manager/build/intermediates/merged_res/release/mergeReleaseResources/drawable_m3_popupmenu_background_overlay.xml.flat
build	Build with Gradle	2026-06-06T12:25:03.7008189Z Compiling xml file /home/runner/work/ShizukuPlus/ShizukuPlus/manager/src/main/res/drawable/shape_node_active.xml to /home/runner/work/ShizukuPlus/ShizukuPlus/manager/build/intermediates/merged_res/release/mergeReleaseResources/drawable_shape_node_active.xml.flat
build	Build with Gradle	2026-06-06T12:25:03.7012269Z Compiling xml file /home/runner/.gradle/caches/8.14/transforms/0a9f0b23f2ae3b3d671937d923da2cba/transformed/glance-appwidget-1.1.1/res/layout-v31/box_child_center_horizontal_top_group_0.xml to /home/runner/work/ShizukuPlus/ShizukuPlus/manager/build/intermediates/merged_res/release/mergeReleaseResources/layout-v31_box_child_center_horizontal_top_group_0.xml.flat
build	Build with Gradle	2026-06-06T12:25:03.7017927Z Compiling xml file /home/runner/.gradle/caches/8.14/transforms/0a9f0b23f2ae3b3d671937d923da2cba/transformed/glance-appwidget-1.1.1/res/layout-v31/box_child_center_horizontal_top_group_4.xml to /home/runner/work/ShizukuPlus/ShizukuPlus/manager/build/intermediates/merged_res/release/mergeReleaseResources/layout-v31_box_child_center_horizontal_top_group_4.xml.flat
build	Build with Gradle	2026-06-06T12:25:03.7023443Z Compiling xml file /home/runner/.gradle/caches/8.14/transforms/a6084efd8e6c9ff951c8e72453f81ad6/transformed/material-1.14.0-beta01/res/drawable/material_shape_diamond.xml to /home/runner/work/ShizukuPlus/ShizukuPlus/manager/build/intermediates/merged_res/release/mergeReleaseResources/drawable_material_shape_diamond.xml.flat
build	Build with Gradle	2026-06-06T12:25:03.7029375Z Compiling xml file /home/runner/.gradle/caches/8.14/transforms/a6084efd8e6c9ff951c8e72453f81ad6/transformed/material-1.14.0-beta01/res/drawable/material_shape_triangle.xml to /home/runner/work/ShizukuPlus/ShizukuPlus/manager/build/intermediates/merged_res/release/mergeReleaseResources/drawable_material_shape_triangle.xml.flat
build	Build with Gradle	2026-06-06T12:25:03.7033700Z Compiling xml file /home/runner/.gradle/caches/8.14/transforms/a6084efd8e6c9ff951c8e72453f81ad6/transformed/material-1.14.0-beta01/res/layout/design_navigation_item_header.xml to /home/runner/work/ShizukuPlus/ShizukuPlus/manager/build/intermediates/merged_res/release/mergeReleaseResources/layout_design_navigation_item_header.xml.flat
build	Build with Gradle	2026-06-06T12:25:03.7039424Z Compiling xml file /home/runner/.gradle/caches/8.14/transforms/a6084efd8e6c9ff951c8e72453f81ad6/transformed/material-1.14.0-beta01/res/color/m3_slider_inactive_tick_marks_color.xml to /home/runner/work/ShizukuPlus/ShizukuPlus/manager/build/intermediates/merged_res/release/mergeReleaseResources/color_m3_slider_inactive_tick_marks_color.xml.flat
build	Build with Gradle	2026-06-06T12:25:03.7043994Z Compiling xml file /home/runner/.gradle/caches/8.14/transforms/a6084efd8e6c9ff951c8e72453f81ad6/transformed/material-1.14.0-beta01/res/drawable/m3_password_eye.xml to /home/runner/work/ShizukuPlus/ShizukuPlus/manager/build/intermediates/merged_res/release/mergeReleaseResources/drawable_m3_password_eye.xml.flat
build	Build with Gradle	2026-06-06T12:25:03.7049942Z Compiling xml file /home/runner/.gradle/caches/8.14/transforms/a6084efd8e6c9ff951c8e72453f81ad6/transformed/material-1.14.0-beta01/res/layout/m3_alert_dialog.xml to /home/runner/work/ShizukuPlus/ShizukuPlus/manager/build/intermediates/merged_res/release/mergeReleaseResources/layout_m3_alert_dialog.xml.flat
build	Build with Gradle	2026-06-06T12:25:03.7053697Z Compiling xml file /home/runner/work/ShizukuPlus/ShizukuPlus/manager/src/main/res/drawable/ic_history_24.xml to /home/runner/work/ShizukuPlus/ShizukuPlus/manager/build/intermediates/merged_res/release/mergeReleaseResources/drawable_ic_history_24.xml.flat
build	Build with Gradle	2026-06-06T12:25:03.7057916Z Compiling xml file /home/runner/.gradle/caches/8.14/transforms/0a9f0b23f2ae3b3d671937d923da2cba/transformed/glance-appwidget-1.1.1/res/layout-v31/box_child_end_top_group_3.xml to /home/runner/work/ShizukuPlus/ShizukuPlus/manager/build/intermediates/merged_res/release/mergeReleaseResources/layout-v31_box_child_end_top_group_3.xml.flat
build	Build with Gradle	2026-06-06T12:25:03.7062418Z Compiling xml file /home/runner/.gradle/caches/8.14/transforms/0a9f0b23f2ae3b3d671937d923da2cba/transformed/glance-appwidget-1.1.1/res/layout-v31/box_child_end_top_group_7.xml to /home/runner/work/ShizukuPlus/ShizukuPlus/manager/build/intermediates/merged_res/release/mergeReleaseResources/layout-v31_box_child_end_top_group_7.xml.flat
build	Build with Gradle	2026-06-06T12:25:03.7066987Z Compiling xml file /home/runner/.gradle/caches/8.14/transforms/0a9f0b23f2ae3b3d671937d923da2cba/transformed/glance-appwidget-1.1.1/res/drawable/glance_btn_radio_on_to_off_mtrl_animation.xml to /home/runner/work/ShizukuPlus/ShizukuPlus/manager/build/intermediates/merged_res/release/mergeReleaseResources/drawable_glance_btn_radio_on_to_off_mtrl_animation.xml.flat
build	Build with Gradle	2026-06-06T12:25:03.7071378Z Compiling xml file /home/runner/.gradle/caches/8.14/transforms/0a9f0b23f2ae3b3d671937d923da2cba/transformed/glance-appwidget-1.1.1/res/layout/size_match_wrap.xml to /home/runner/work/ShizukuPlus/ShizukuPlus/manager/build/intermediates/merged_res/release/mergeReleaseResources/layout_size_match_wrap.xml.flat
build	Build with Gradle	2026-06-06T12:25:03.7076341Z Compiling xml file /home/runner/.gradle/caches/8.14/transforms/0a9f0b23f2ae3b3d671937d923da2cba/transformed/glance-appwidget-1.1.1/res/layout/box_child_end_center_vertical_group_3.xml to /home/runner/work/ShizukuPlus/ShizukuPlus/manager/build/intermediates/merged_res/release/mergeReleaseResources/layout_box_child_end_center_vertical_group_3.xml.flat
build	Build with Gradle	2026-06-06T12:25:03.7081277Z Compiling xml file /home/runner/.gradle/caches/8.14/transforms/0a9f0b23f2ae3b3d671937d923da2cba/transformed/glance-appwidget-1.1.1/res/layout/box_child_end_center_vertical_group_0.xml to /home/runner/work/ShizukuPlus/ShizukuPlus/manager/build/intermediates/merged_res/release/mergeReleaseResources/layout_box_child_end_center_vertical_group_0.xml.flat
build	Build with Gradle	2026-06-06T12:25:03.7087099Z Compiling xml file /home/runner/.gradle/caches/8.14/transforms/0a9f0b23f2ae3b3d671937d923da2cba/transformed/glance-appwidget-1.1.1/res/layout/box_start_bottom_3children.xml to /home/runner/work/ShizukuPlus/ShizukuPlus/manager/build/intermediates/merged_res/release/mergeReleaseResources/layout_box_start_bottom_3children.xml.flat
build	Build with Gradle	2026-06-06T12:25:03.7093101Z Compiling xml file /home/runner/.gradle/caches/8.14/transforms/efa565396efa7c69fa280f54041abb1e/transformed/appcompat-1.6.1/res/drawable/abc_list_selector_background_transition_holo_light.xml to /home/runner/work/ShizukuPlus/ShizukuPlus/manager/build/intermediates/merged_res/release/mergeReleaseResources/drawable_abc_list_selector_background_transition_holo_light.xml.flat
build	Build with Gradle	2026-06-06T12:25:03.7099158Z Compiling xml file /home/runner/.gradle/caches/8.14/transforms/0a9f0b23f2ae3b3d671937d923da2cba/transformed/glance-appwidget-1.1.1/res/layout/glance_swtch_backport.xml to /home/runner/work/ShizukuPlus/ShizukuPlus/manager/build/intermediates/merged_res/release/mergeReleaseResources/layout_glance_swtch_backport.xml.flat
build	Build with Gradle	2026-06-06T12:25:03.7103764Z Compiling xml file /home/runner/.gradle/caches/8.14/transforms/0a9f0b23f2ae3b3d671937d923da2cba/transformed/glance-appwidget-1.1.1/res/layout/box_center_horizontal_bottom_0children.xml to /home/runner/work/ShizukuPlus/ShizukuPlus/manager/build/intermediates/merged_res/release/mergeReleaseResources/layout_box_center_horizontal_bottom_0children.xml.flat
build	Build with Gradle	2026-06-06T12:25:03.7108927Z Compiling xml file /home/runner/.gradle/caches/8.14/transforms/0a9f0b23f2ae3b3d671937d923da2cba/transformed/glance-appwidget-1.1.1/res/layout-v31/box_child_end_bottom_group_6.xml to /home/runner/work/ShizukuPlus/ShizukuPlus/manager/build/intermediates/merged_res/release/mergeReleaseResources/layout-v31_box_child_end_bottom_group_6.xml.flat
build	Build with Gradle	2026-06-06T12:25:03.7114756Z Compiling xml file /home/runner/.gradle/caches/8.14/transforms/0a9f0b23f2ae3b3d671937d923da2cba/transformed/glance-appwidget-1.1.1/res/layout-v31/box_child_end_bottom_group_9.xml to /home/runner/work/ShizukuPlus/ShizukuPlus/manager/build/intermediates/merged_res/release/mergeReleaseResources/layout-v31_box_child_end_bottom_group_9.xml.flat
build	Build with Gradle	2026-06-06T12:25:03.7120524Z Compiling xml file /home/runner/.gradle/caches/8.14/transforms/a6084efd8e6c9ff951c8e72453f81ad6/transformed/material-1.14.0-beta01/res/color/m3_slider_active_track_color_legacy.xml to /home/runner/work/ShizukuPlus/ShizukuPlus/manager/build/intermediates/merged_res/release/mergeReleaseResources/color_m3_slider_active_track_color_legacy.xml.flat
build	Build with Gradle	2026-06-06T12:25:03.7124990Z Compiling xml file /home/runner/work/ShizukuPlus/ShizukuPlus/manager/build/intermediates/incremental/release/mergeReleaseResources/stripped.dir/layout/layout_su_bridge_diagram.xml to /home/runner/work/ShizukuPlus/ShizukuPlus/manager/build/intermediates/merged_res/release/mergeReleaseResources/layout_layout_su_bridge_diagram.xml.flat
build	Build with Gradle	2026-06-06T12:25:03.7129014Z Compiling xml file /home/runner/.gradle/caches/8.14/transforms/0a9f0b23f2ae3b3d671937d923da2cba/transformed/glance-appwidget-1.1.1/res/layout/radio_column_start_null_1children.xml to /home/runner/work/ShizukuPlus/ShizukuPlus/manager/build/intermediates/merged_res/release/mergeReleaseResources/layout_radio_column_start_null_1children.xml.flat
build	Build with Gradle	2026-06-06T12:25:03.7133294Z Compiling xml file /home/runner/.gradle/caches/8.14/transforms/a6084efd8e6c9ff951c8e72453f81ad6/transformed/material-1.14.0-beta01/res/color/mtrl_switch_thumb_icon_tint.xml to /home/runner/work/ShizukuPlus/ShizukuPlus/manager/build/intermediates/merged_res/release/mergeReleaseResources/color_mtrl_switch_thumb_icon_tint.xml.flat
build	Build with Gradle	2026-06-06T12:25:03.7138066Z Compiling xml file /home/runner/.gradle/caches/8.14/transforms/0a9f0b23f2ae3b3d671937d923da2cba/transformed/glance-appwidget-1.1.1/res/layout/box_start_center_vertical_9children.xml to /home/runner/work/ShizukuPlus/ShizukuPlus/manager/build/intermediates/merged_res/release/mergeReleaseResources/layout_box_start_center_vertical_9children.xml.flat
build	Build with Gradle	2026-06-06T12:25:03.7142807Z Compiling xml file /home/runner/.gradle/caches/8.14/transforms/efa565396efa7c69fa280f54041abb1e/transformed/appcompat-1.6.1/res/layout/abc_alert_dialog_button_bar_material.xml to /home/runner/work/ShizukuPlus/ShizukuPlus/manager/build/intermediates/merged_res/release/mergeReleaseResources/layout_abc_alert_dialog_button_bar_material.xml.flat
build	Build with Gradle	2026-06-06T12:25:03.7148812Z Compiling xml file /home/runner/.gradle/caches/8.14/transforms/0a9f0b23f2ae3b3d671937d923da2cba/transformed/glance-appwidget-1.1.1/res/layout/glance_switch_thumb.xml to /home/runner/work/ShizukuPlus/ShizukuPlus/manager/build/intermediates/merged_res/release/mergeReleaseResources/layout_glance_switch_thumb.xml.flat
build	Build with Gradle	2026-06-06T12:25:03.7153814Z Compiling xml file /home/runner/.gradle/caches/8.14/transforms/a6084efd8e6c9ff951c8e72453f81ad6/transformed/material-1.14.0-beta01/res/color/mtrl_navigation_bar_item_tint.xml to /home/runner/work/ShizukuPlus/ShizukuPlus/manager/build/intermediates/merged_res/release/mergeReleaseResources/color_mtrl_navigation_bar_item_tint.xml.flat
build	Build with Gradle	2026-06-06T12:25:03.7158946Z Compiling xml file /home/runner/work/ShizukuPlus/ShizukuPlus/manager/src/main/res/drawable/ic_lan_24.xml to /home/runner/work/ShizukuPlus/ShizukuPlus/manager/build/intermediates/merged_res/release/mergeReleaseResources/drawable_ic_lan_24.xml.flat
build	Build with Gradle	2026-06-06T12:25:03.7163106Z Compiling xml file /home/runner/.gradle/caches/8.14/transforms/a6084efd8e6c9ff951c8e72453f81ad6/transformed/material-1.14.0-beta01/res/anim/m3_side_sheet_exit_to_left.xml to /home/runner/work/ShizukuPlus/ShizukuPlus/manager/build/intermediates/merged_res/release/mergeReleaseResources/anim_m3_side_sheet_exit_to_left.xml.flat
build	Build with Gradle	2026-06-06T12:25:03.7168313Z Compiling xml file /home/runner/.gradle/caches/8.14/transforms/0a9f0b23f2ae3b3d671937d923da2cba/transformed/glance-appwidget-1.1.1/res/layout/column_child_start_null_group_0.xml to /home/runner/work/ShizukuPlus/ShizukuPlus/manager/build/intermediates/merged_res/release/mergeReleaseResources/layout_column_child_start_null_group_0.xml.flat
build	Build with Gradle	2026-06-06T12:25:03.7174366Z Compiling xml file /home/runner/.gradle/caches/8.14/transforms/0a9f0b23f2ae3b3d671937d923da2cba/transformed/glance-appwidget-1.1.1/res/layout/column_child_start_null_group_7.xml to /home/runner/work/ShizukuPlus/ShizukuPlus/manager/build/intermediates/merged_res/release/mergeReleaseResources/layout_column_child_start_null_group_7.xml.flat
build	Build with Gradle	2026-06-06T12:25:03.7180133Z Compiling xml file /home/runner/.gradle/caches/8.14/transforms/0a9f0b23f2ae3b3d671937d923da2cba/transformed/glance-appwidget-1.1.1/res/layout/column_child_start_null_group_9.xml to /home/runner/work/ShizukuPlus/ShizukuPlus/manager/build/intermediates/merged_res/release/mergeReleaseResources/layout_column_child_start_null_group_9.xml.flat
build	Build with Gradle	2026-06-06T12:25:03.7184008Z Compiling xml file /home/runner/work/ShizukuPlus/ShizukuPlus/manager/build/intermediates/incremental/release/mergeReleaseResources/stripped.dir/layout/fragment_server_metrics.xml to /home/runner/work/ShizukuPlus/ShizukuPlus/manager/build/intermediates/merged_res/release/mergeReleaseResources/layout_fragment_server_metrics.xml.flat
build	Build with Gradle	2026-06-06T12:25:03.7188637Z Compiling xml file /home/runner/.gradle/caches/8.14/transforms/a6084efd8e6c9ff951c8e72453f81ad6/transformed/material-1.14.0-beta01/res/drawable/mtrl_switch_thumb_checked_pressed.xml to /home/runner/work/ShizukuPlus/ShizukuPlus/manager/build/intermediates/merged_res/release/mergeReleaseResources/drawable_mtrl_switch_thumb_checked_pressed.xml.flat
build	Build with Gradle	2026-06-06T12:25:03.7193203Z Compiling xml file /home/runner/.gradle/caches/8.14/transforms/a6084efd8e6c9ff951c8e72453f81ad6/transformed/material-1.14.0-beta01/res/color/m3_card_ripple_color.xml to /home/runner/work/ShizukuPlus/ShizukuPlus/manager/build/intermediates/merged_res/release/mergeReleaseResources/color_m3_card_ripple_color.xml.flat
build	Build with Gradle	2026-06-06T12:25:03.7197872Z Compiling xml file /home/runner/.gradle/caches/8.14/transforms/a6084efd8e6c9ff951c8e72453f81ad6/transformed/material-1.14.0-beta01/res/animator/design_appbar_state_list_animator.xml to /home/runner/work/ShizukuPlus/ShizukuPlus/manager/build/intermediates/merged_res/release/mergeReleaseResources/animator_design_appbar_state_list_animator.xml.flat
build	Build with Gradle	2026-06-06T12:25:03.7202466Z Compiling xml file /home/runner/.gradle/caches/8.14/transforms/0a9f0b23f2ae3b3d671937d923da2cba/transformed/glance-appwidget-1.1.1/res/layout-v33/glance_text_end_bottom.xml to /home/runner/work/ShizukuPlus/ShizukuPlus/manager/build/intermediates/merged_res/release/mergeReleaseResources/layout-v33_glance_text_end_bottom.xml.flat
build	Build with Gradle	2026-06-06T12:25:03.7209907Z Compiling xml file /home/runner/.gradle/caches/8.14/transforms/0a9f0b23f2ae3b3d671937d923da2cba/transformed/glance-appwidget-1.1.1/res/layout/row_child_null_center_vertical_group_7.xml to /home/runner/work/ShizukuPlus/ShizukuPlus/manager/build/intermediates/merged_res/release/mergeReleaseResources/layout_row_child_null_center_vertical_group_7.xml.flat
build	Build with Gradle	2026-06-06T12:25:03.7215797Z Compiling xml file /home/runner/.gradle/caches/8.14/transforms/0a9f0b23f2ae3b3d671937d923da2cba/transformed/glance-appwidget-1.1.1/res/layout/row_child_null_center_vertical_group_3.xml to /home/runner/work/ShizukuPlus/ShizukuPlus/manager/build/intermediates/merged_res/release/mergeReleaseResources/layout_row_child_null_center_vertical_group_3.xml.flat
build	Build with Gradle	2026-06-06T12:25:03.7221326Z Compiling xml file /home/runner/.gradle/caches/8.14/transforms/0a9f0b23f2ae3b3d671937d923da2cba/transformed/glance-appwidget-1.1.1/res/layout-v33/glance_image_crop_decorative_center_horizontal_center_vertical.xml to /home/runner/work/ShizukuPlus/ShizukuPlus/manager/build/intermediates/merged_res/release/mergeReleaseResources/layout-v33_glance_image_crop_decorative_center_horizontal_center_vertical.xml.flat
build	Build with Gradle	2026-06-06T12:25:03.7226431Z Compiling xml file /home/runner/.gradle/caches/8.14/transforms/a6084efd8e6c9ff951c8e72453f81ad6/transformed/material-1.14.0-beta01/res/color/design_box_stroke_color.xml to /home/runner/work/ShizukuPlus/ShizukuPlus/manager/build/intermediates/merged_res/release/mergeReleaseResources/color_design_box_stroke_color.xml.flat
build	Build with Gradle	2026-06-06T12:25:03.7231147Z Compiling xml file /home/runner/.gradle/caches/8.14/transforms/efa565396efa7c69fa280f54041abb1e/transformed/appcompat-1.6.1/res/drawable/btn_checkbox_checked_mtrl.xml to /home/runner/work/ShizukuPlus/ShizukuPlus/manager/build/intermediates/merged_res/release/mergeReleaseResources/drawable_btn_checkbox_checked_mtrl.xml.flat
build	Build with Gradle	2026-06-06T12:25:03.7236859Z Compiling xml file /home/runner/.gradle/caches/8.14/transforms/a6084efd8e6c9ff951c8e72453f81ad6/transformed/material-1.14.0-beta01/res/color-v31/m3_ref_palette_dynamic_neutral4.xml to /home/runner/work/ShizukuPlus/ShizukuPlus/manager/build/intermediates/merged_res/release/mergeReleaseResources/color-v31_m3_ref_palette_dynamic_neutral4.xml.flat
build	Build with Gradle	2026-06-06T12:25:03.7240787Z Compiling xml file /home/runner/.gradle/caches/8.14/transforms/a6084efd8e6c9ff951c8e72453f81ad6/transformed/material-1.14.0-beta01/res/layout/material_timepicker.xml to /home/runner/work/ShizukuPlus/ShizukuPlus/manager/build/intermediates/merged_res/release/mergeReleaseResources/layout_material_timepicker.xml.flat
build	Build with Gradle	2026-06-06T12:25:03.7246823Z Compiling xml file /home/runner/.gradle/caches/8.14/transforms/a6084efd8e6c9ff951c8e72453f81ad6/transformed/material-1.14.0-beta01/res/color/m3expressive_button_outlined_background_color_selector.xml to /home/runner/work/ShizukuPlus/ShizukuPlus/manager/build/intermediates/merged_res/release/mergeReleaseResources/color_m3expressive_button_outlined_background_color_selector.xml.flat
build	Build with Gradle	2026-06-06T12:25:03.7252375Z Compiling xml file /home/runner/.gradle/caches/8.14/transforms/0a9f0b23f2ae3b3d671937d923da2cba/transformed/glance-appwidget-1.1.1/res/layout-v33/glance_image_crop_center_horizontal_top.xml to /home/runner/work/ShizukuPlus/ShizukuPlus/manager/build/intermediates/merged_res/release/mergeReleaseResources/layout-v33_glance_image_crop_center_horizontal_top.xml.flat
build	Build with Gradle	2026-06-06T12:25:03.7257209Z Compiling xml file /home/runner/.gradle/caches/8.14/transforms/0a9f0b23f2ae3b3d671937d923da2cba/transformed/glance-appwidget-1.1.1/res/layout-v33/row_start_center_vertical.xml to /home/runner/work/ShizukuPlus/ShizukuPlus/manager/build/intermediates/merged_res/release/mergeReleaseResources/layout-v33_row_start_center_vertical.xml.flat
build	Build with Gradle	2026-06-06T12:25:03.7262057Z Compiling xml file /home/runner/.gradle/caches/8.14/transforms/a6084efd8e6c9ff951c8e72453f81ad6/transformed/material-1.14.0-beta01/res/layout/mtrl_calendar_month_navigation.xml to /home/runner/work/ShizukuPlus/ShizukuPlus/manager/build/intermediates/merged_res/release/mergeReleaseResources/layout_mtrl_calendar_month_navigation.xml.flat
build	Build with Gradle	2026-06-06T12:25:03.7266663Z Compiling xml file /home/runner/.gradle/caches/8.14/transforms/a6084efd8e6c9ff951c8e72453f81ad6/transformed/material-1.14.0-beta01/res/color/m3_button_ripple_color.xml to /home/runner/work/ShizukuPlus/ShizukuPlus/manager/build/intermediates/merged_res/release/mergeReleaseResources/color_m3_button_ripple_color.xml.flat
build	Build with Gradle	2026-06-06T12:25:03.7274010Z Compiling xml file /home/runner/.gradle/caches/8.14/transforms/a6084efd8e6c9ff951c8e72453f81ad6/transformed/material-1.14.0-beta01/res/color/material_timepicker_clockface.xml to /home/runner/work/ShizukuPlus/ShizukuPlus/manager/build/intermediates/merged_res/release/mergeReleaseResources/color_material_timepicker_clockface.xml.flat
build	Build with Gradle	2026-06-06T12:25:03.7278853Z Compiling xml file /home/runner/.gradle/caches/8.14/transforms/a6084efd8e6c9ff951c8e72453f81ad6/transformed/material-1.14.0-beta01/res/drawable/material_ic_clear_black_24dp.xml to /home/runner/work/ShizukuPlus/ShizukuPlus/manager/build/intermediates/merged_res/release/mergeReleaseResources/drawable_material_ic_clear_black_24dp.xml.flat
build	Build with Gradle	2026-06-06T12:25:03.7283483Z Compiling xml file /home/runner/.gradle/caches/8.14/transforms/0a9f0b23f2ae3b3d671937d923da2cba/transformed/glance-appwidget-1.1.1/res/layout/radio_column_center_horizontal_null_8children.xml to /home/runner/work/ShizukuPlus/ShizukuPlus/manager/build/intermediates/merged_res/release/mergeReleaseResources/layout_radio_column_center_horizontal_null_8children.xml.flat
build	Build with Gradle	2026-06-06T12:25:03.7289417Z Compiling xml file /home/runner/.gradle/caches/8.14/transforms/0a9f0b23f2ae3b3d671937d923da2cba/transformed/glance-appwidget-1.1.1/res/layout-v31/row_child_null_center_vertical_group_6.xml to /home/runner/work/ShizukuPlus/ShizukuPlus/manager/build/intermediates/merged_res/release/mergeReleaseResources/layout-v31_row_child_null_center_vertical_group_6.xml.flat
build	Build with Gradle	2026-06-06T12:25:03.7293495Z Compiling xml file /home/runner/.gradle/caches/8.14/transforms/0a9f0b23f2ae3b3d671937d923da2cba/transformed/glance-appwidget-1.1.1/res/layout-v31/row_child_null_center_vertical_group_2.xml to /home/runner/work/ShizukuPlus/ShizukuPlus/manager/build/intermediates/merged_res/release/mergeReleaseResources/layout-v31_row_child_null_center_vertical_group_2.xml.flat
build	Build with Gradle	2026-06-06T12:25:03.7297318Z Compiling xml file /home/runner/work/ShizukuPlus/ShizukuPlus/manager/src/main/res/drawable/onboarding_success_bg.xml to /home/runner/work/ShizukuPlus/ShizukuPlus/manager/build/intermediates/merged_res/release/mergeReleaseResources/drawable_onboarding_success_bg.xml.flat
build	Build with Gradle	2026-06-06T12:25:03.7302755Z Compiling xml file /home/runner/work/ShizukuPlus/ShizukuPlus/manager/build/intermediates/incremental/release/mergeReleaseResources/stripped.dir/layout/page_onboarding_welcome.xml to /home/runner/work/ShizukuPlus/ShizukuPlus/manager/build/intermediates/merged_res/release/mergeReleaseResources/layout_page_onboarding_welcome.xml.flat
build	Build with Gradle	2026-06-06T12:25:03.7307270Z Compiling xml file /home/runner/.gradle/caches/8.14/transforms/a6084efd8e6c9ff951c8e72453f81ad6/transformed/material-1.14.0-beta01/res/color/m3_button_foreground_color_selector.xml to /home/runner/work/ShizukuPlus/ShizukuPlus/manager/build/intermediates/merged_res/release/mergeReleaseResources/color_m3_button_foreground_color_selector.xml.flat
build	Build with Gradle	2026-06-06T12:25:03.7311870Z Compiling xml file /home/runner/.gradle/caches/8.14/transforms/0a9f0b23f2ae3b3d671937d923da2cba/transformed/glance-appwidget-1.1.1/res/layout/box_end_top_4children.xml to /home/runner/work/ShizukuPlus/ShizukuPlus/manager/build/intermediates/merged_res/release/mergeReleaseResources/layout_box_end_top_4children.xml.flat
build	Build with Gradle	2026-06-06T12:25:03.7316216Z Compiling xml file /home/runner/.gradle/caches/8.14/transforms/a6084efd8e6c9ff951c8e72453f81ad6/transformed/material-1.14.0-beta01/res/layout/mtrl_picker_header_dialog.xml to /home/runner/work/ShizukuPlus/ShizukuPlus/manager/build/intermediates/merged_res/release/mergeReleaseResources/layout_mtrl_picker_header_dialog.xml.flat
build	Build with Gradle	2026-06-06T12:25:03.7321980Z Compiling xml file /home/runner/.gradle/caches/8.14/transforms/0a9f0b23f2ae3b3d671937d923da2cba/transformed/glance-appwidget-1.1.1/res/layout-v33/glance_check_box_center_horizontal_top.xml to /home/runner/work/ShizukuPlus/ShizukuPlus/manager/build/intermediates/merged_res/release/mergeReleaseResources/layout-v33_glance_check_box_center_horizontal_top.xml.flat
build	Build with Gradle	2026-06-06T12:25:03.7326756Z Compiling xml file /home/runner/.gradle/caches/8.14/transforms/0a9f0b23f2ae3b3d671937d923da2cba/transformed/glance-appwidget-1.1.1/res/layout/box_end_top_3children.xml to /home/runner/work/ShizukuPlus/ShizukuPlus/manager/build/intermediates/merged_res/release/mergeReleaseResources/layout_box_end_top_3children.xml.flat
build	Build with Gradle	2026-06-06T12:25:03.7333080Z Compiling xml file /home/runner/.gradle/caches/8.14/transforms/a6084efd8e6c9ff951c8e72453f81ad6/transformed/material-1.14.0-beta01/res/color/m3_textfield_filled_background_color.xml to /home/runner/work/ShizukuPlus/ShizukuPlus/manager/build/intermediates/merged_res/release/mergeReleaseResources/color_m3_textfield_filled_background_color.xml.flat
build	Build with Gradle	2026-06-06T12:25:03.7338404Z Compiling xml file /home/runner/.gradle/caches/8.14/transforms/0a9f0b23f2ae3b3d671937d923da2cba/transformed/glance-appwidget-1.1.1/res/layout/radio_column_center_horizontal_null_6children.xml to /home/runner/work/ShizukuPlus/ShizukuPlus/manager/build/intermediates/merged_res/release/mergeReleaseResources/layout_radio_column_center_horizontal_null_6children.xml.flat
build	Build with Gradle	2026-06-06T12:25:03.7344761Z Compiling xml file /home/runner/.gradle/caches/8.14/transforms/0a9f0b23f2ae3b3d671937d923da2cba/transformed/glance-appwidget-1.1.1/res/layout/box_center_horizontal_center_vertical_7children.xml to /home/runner/work/ShizukuPlus/ShizukuPlus/manager/build/intermediates/merged_res/release/mergeReleaseResources/layout_box_center_horizontal_center_vertical_7children.xml.flat
build	Build with Gradle	2026-06-06T12:25:03.7349338Z Compiling xml file /home/runner/.gradle/caches/8.14/transforms/0a9f0b23f2ae3b3d671937d923da2cba/transformed/glance-appwidget-1.1.1/res/layout-v33/glance_circular_progress_indicator_wrapwidth_expandheight.xml to /home/runner/work/ShizukuPlus/ShizukuPlus/manager/build/intermediates/merged_res/release/mergeReleaseResources/layout-v33_glance_circular_progress_indicator_wrapwidth_expandheight.xml.flat
build	Build with Gradle	2026-06-06T12:25:03.7353721Z Compiling xml file /home/runner/.gradle/caches/8.14/transforms/efa565396efa7c69fa280f54041abb1e/transformed/appcompat-1.6.1/res/layout/abc_search_view.xml to /home/runner/work/ShizukuPlus/ShizukuPlus/manager/build/intermediates/merged_res/release/mergeReleaseResources/layout_abc_search_view.xml.flat
build	Build with Gradle	2026-06-06T12:25:03.7358506Z Compiling xml file /home/runner/.gradle/caches/8.14/transforms/a6084efd8e6c9ff951c8e72453f81ad6/transformed/material-1.14.0-beta01/res/animator/m3_split_button_chevron_rotation.xml to /home/runner/work/ShizukuPlus/ShizukuPlus/manager/build/intermediates/merged_res/release/mergeReleaseResources/animator_m3_split_button_chevron_rotation.xml.flat
build	Build with Gradle	2026-06-06T12:25:03.7364320Z Compiling xml file /home/runner/.gradle/caches/8.14/transforms/a6084efd8e6c9ff951c8e72453f81ad6/transformed/material-1.14.0-beta01/res/drawable/m3_selectable_item_background_borderless.xml to /home/runner/work/ShizukuPlus/ShizukuPlus/manager/build/intermediates/merged_res/release/mergeReleaseResources/drawable_m3_selectable_item_background_borderless.xml.flat
build	Build with Gradle	2026-06-06T12:25:03.7369104Z Compiling xml file /home/runner/.gradle/caches/8.14/transforms/0a9f0b23f2ae3b3d671937d923da2cba/transformed/glance-appwidget-1.1.1/res/layout/box_center_horizontal_bottom_9children.xml to /home/runner/work/ShizukuPlus/ShizukuPlus/manager/build/intermediates/merged_res/release/mergeReleaseResources/layout_box_center_horizontal_bottom_9children.xml.flat
build	Build with Gradle	2026-06-06T12:25:03.7373646Z Compiling xml file /home/runner/.gradle/caches/8.14/transforms/a6084efd8e6c9ff951c8e72453f81ad6/transformed/material-1.14.0-beta01/res/color/m3_bottom_sheet_drag_handle_color.xml to /home/runner/work/ShizukuPlus/ShizukuPlus/manager/build/intermediates/merged_res/release/mergeReleaseResources/color_m3_bottom_sheet_drag_handle_color.xml.flat
build	Build with Gradle	2026-06-06T12:25:03.7379944Z Compiling xml file /home/runner/.gradle/caches/8.14/transforms/0a9f0b23f2ae3b3d671937d923da2cba/transformed/glance-appwidget-1.1.1/res/layout-v33/glance_circular_progress_indicator_expandwidth_wrapheight.xml to /home/runner/work/ShizukuPlus/ShizukuPlus/manager/build/intermediates/merged_res/release/mergeReleaseResources/layout-v33_glance_circular_progress_indicator_expandwidth_wrapheight.xml.flat
build	Build with Gradle	2026-06-06T12:25:03.7384916Z Compiling xml file /home/runner/.gradle/caches/8.14/transforms/0a9f0b23f2ae3b3d671937d923da2cba/transformed/glance-appwidget-1.1.1/res/layout/box_end_top_2children.xml to /home/runner/work/ShizukuPlus/ShizukuPlus/manager/build/intermediates/merged_res/release/mergeReleaseResources/layout_box_end_top_2children.xml.flat
build	Build with Gradle	2026-06-06T12:25:03.7389387Z Compiling xml file /home/runner/.gradle/caches/8.14/transforms/a6084efd8e6c9ff951c8e72453f81ad6/transformed/material-1.14.0-beta01/res/drawable/avd_hide_password.xml to /home/runner/work/ShizukuPlus/ShizukuPlus/manager/build/intermediates/merged_res/release/mergeReleaseResources/drawable_avd_hide_password.xml.flat
build	Build with Gradle	2026-06-06T12:25:03.7396352Z Compiling xml file /home/runner/.gradle/caches/8.14/transforms/a6084efd8e6c9ff951c8e72453f81ad6/transformed/material-1.14.0-beta01/res/drawable/m3_default_list_selector_background.xml to /home/runner/work/ShizukuPlus/ShizukuPlus/manager/build/intermediates/merged_res/release/mergeReleaseResources/drawable_m3_default_list_selector_background.xml.flat
build	Build with Gradle	2026-06-06T12:25:03.7401328Z Compiling xml file /home/runner/.gradle/caches/8.14/transforms/efa565396efa7c69fa280f54041abb1e/transformed/appcompat-1.6.1/res/color/abc_primary_text_disable_only_material_light.xml to /home/runner/work/ShizukuPlus/ShizukuPlus/manager/build/intermediates/merged_res/release/mergeReleaseResources/color_abc_primary_text_disable_only_material_light.xml.flat
build	Build with Gradle	2026-06-06T12:25:03.7405179Z Compiling xml file /home/runner/.gradle/caches/8.14/transforms/a6084efd8e6c9ff951c8e72453f81ad6/transformed/material-1.14.0-beta01/res/drawable/material_shape_very_sunny.xml to /home/runner/work/ShizukuPlus/ShizukuPlus/manager/build/intermediates/merged_res/release/mergeReleaseResources/drawable_material_shape_very_sunny.xml.flat
build	Build with Gradle	2026-06-06T12:25:03.7409694Z Compiling xml file /home/runner/work/ShizukuPlus/ShizukuPlus/manager/build/intermediates/incremental/release/mergeReleaseResources/stripped.dir/layout/layout_diagnostic_item.xml to /home/runner/work/ShizukuPlus/ShizukuPlus/manager/build/intermediates/merged_res/release/mergeReleaseResources/layout_layout_diagnostic_item.xml.flat
build	Build with Gradle	2026-06-06T12:25:03.7414258Z Compiling xml file /home/runner/.gradle/caches/8.14/transforms/efa565396efa7c69fa280f54041abb1e/transformed/appcompat-1.6.1/res/drawable/abc_switch_thumb_material.xml to /home/runner/work/ShizukuPlus/ShizukuPlus/manager/build/intermediates/merged_res/release/mergeReleaseResources/drawable_abc_switch_thumb_material.xml.flat
build	Build with Gradle	2026-06-06T12:25:03.7420159Z Compiling xml file /home/runner/work/ShizukuPlus/ShizukuPlus/manager/build/intermediates/incremental/release/mergeReleaseResources/stripped.dir/layout/layout_binder_firewall_diagram.xml to /home/runner/work/ShizukuPlus/ShizukuPlus/manager/build/intermediates/merged_res/release/mergeReleaseResources/layout_layout_binder_firewall_diagram.xml.flat
build	Build with Gradle	2026-06-06T12:25:03.7425679Z Compiling xml file /home/runner/.gradle/caches/8.14/transforms/efa565396efa7c69fa280f54041abb1e/transformed/appcompat-1.6.1/res/color/abc_primary_text_material_dark.xml to /home/runner/work/ShizukuPlus/ShizukuPlus/manager/build/intermediates/merged_res/release/mergeReleaseResources/color_abc_primary_text_material_dark.xml.flat
build	Build with Gradle	2026-06-06T12:25:03.7429656Z Compiling xml file /home/runner/work/ShizukuPlus/ShizukuPlus/manager/src/main/res/drawable/ic_adb_24.xml to /home/runner/work/ShizukuPlus/ShizukuPlus/manager/build/intermediates/merged_res/release/mergeReleaseResources/drawable_ic_adb_24.xml.flat
build	Build with Gradle	2026-06-06T12:25:03.7433584Z Compiling xml file /home/runner/.gradle/caches/8.14/transforms/0a9f0b23f2ae3b3d671937d923da2cba/transformed/glance-appwidget-1.1.1/res/layout/column_start_null_8children.xml to /home/runner/work/ShizukuPlus/ShizukuPlus/manager/build/intermediates/merged_res/release/mergeReleaseResources/layout_column_start_null_8children.xml.flat
build	Build with Gradle	2026-06-06T12:25:03.7439503Z Compiling xml file /home/runner/work/ShizukuPlus/ShizukuPlus/manager/src/main/res/drawable/ic_baseline_link_24.xml to /home/runner/work/ShizukuPlus/ShizukuPlus/manager/build/intermediates/merged_res/release/mergeReleaseResources/drawable_ic_baseline_link_24.xml.flat
build	Build with Gradle	2026-06-06T12:25:03.7443950Z Compiling xml file /home/runner/.gradle/caches/8.14/transforms/0a9f0b23f2ae3b3d671937d923da2cba/transformed/glance-appwidget-1.1.1/res/layout/radio_row_null_center_vertical_10children.xml to /home/runner/work/ShizukuPlus/ShizukuPlus/manager/build/intermediates/merged_res/release/mergeReleaseResources/layout_radio_row_null_center_vertical_10children.xml.flat
build	Build with Gradle	2026-06-06T12:25:03.7448660Z Compiling xml file /home/runner/.gradle/caches/8.14/transforms/efa565396efa7c69fa280f54041abb1e/transformed/appcompat-1.6.1/res/drawable/abc_seekbar_track_material.xml to /home/runner/work/ShizukuPlus/ShizukuPlus/manager/build/intermediates/merged_res/release/mergeReleaseResources/drawable_abc_seekbar_track_material.xml.flat
build	Build with Gradle	2026-06-06T12:25:03.7454550Z Compiling xml file /home/runner/.gradle/caches/8.14/transforms/0a9f0b23f2ae3b3d671937d923da2cba/transformed/glance-appwidget-1.1.1/res/layout/row_null_bottom_5children.xml to /home/runner/work/ShizukuPlus/ShizukuPlus/manager/build/intermediates/merged_res/release/mergeReleaseResources/layout_row_null_bottom_5children.xml.flat
build	Build with Gradle	2026-06-06T12:25:03.7459215Z Compiling xml file /home/runner/.gradle/caches/8.14/transforms/a6084efd8e6c9ff951c8e72453f81ad6/transformed/material-1.14.0-beta01/res/color/material_on_surface_emphasis_high_type.xml to /home/runner/work/ShizukuPlus/ShizukuPlus/manager/build/intermediates/merged_res/release/mergeReleaseResources/color_material_on_surface_emphasis_high_type.xml.flat
build	Build with Gradle	2026-06-06T12:25:03.7463734Z Compiling xml file /home/runner/.gradle/caches/8.14/transforms/a6084efd8e6c9ff951c8e72453f81ad6/transformed/material-1.14.0-beta01/res/drawable/material_ic_keyboard_arrow_right_black_24dp.xml to /home/runner/work/ShizukuPlus/ShizukuPlus/manager/build/intermediates/merged_res/release/mergeReleaseResources/drawable_material_ic_keyboard_arrow_right_black_24dp.xml.flat
build	Build with Gradle	2026-06-06T12:25:03.7470602Z Compiling xml file /home/runner/.gradle/caches/8.14/transforms/0a9f0b23f2ae3b3d671937d923da2cba/transformed/glance-appwidget-1.1.1/res/layout/box_child_start_center_vertical_group_4.xml to /home/runner/work/ShizukuPlus/ShizukuPlus/manager/build/intermediates/merged_res/release/mergeReleaseResources/layout_box_child_start_center_vertical_group_4.xml.flat
build	Build with Gradle	2026-06-06T12:25:03.7475155Z Compiling xml file /home/runner/.gradle/caches/8.14/transforms/0a9f0b23f2ae3b3d671937d923da2cba/transformed/glance-appwidget-1.1.1/res/layout/box_child_start_center_vertical_group_0.xml to /home/runner/work/ShizukuPlus/ShizukuPlus/manager/build/intermediates/merged_res/release/mergeReleaseResources/layout_box_child_start_center_vertical_group_0.xml.flat
build	Build with Gradle	2026-06-06T12:25:03.7479924Z Compiling xml file /home/runner/.gradle/caches/8.14/transforms/efa565396efa7c69fa280f54041abb1e/transformed/appcompat-1.6.1/res/anim/btn_radio_to_off_mtrl_ring_outer_path_animation.xml to /home/runner/work/ShizukuPlus/ShizukuPlus/manager/build/intermediates/merged_res/release/mergeReleaseResources/anim_btn_radio_to_off_mtrl_ring_outer_path_animation.xml.flat
build	Build with Gradle	2026-06-06T12:25:03.7498701Z Compiling xml file /home/runner/.gradle/caches/8.14/transforms/0a9f0b23f2ae3b3d671937d923da2cba/transformed/glance-appwidget-1.1.1/res/layout-v33/glance_check_box_center_horizontal_center_vertical.xml to /home/runner/work/ShizukuPlus/ShizukuPlus/manager/build/intermediates/merged_res/release/mergeReleaseResources/layout-v33_glance_check_box_center_horizontal_center_vertical.xml.flat
build	Build with Gradle	2026-06-06T12:25:03.7505257Z Compiling xml file /home/runner/.gradle/caches/8.14/transforms/0a9f0b23f2ae3b3d671937d923da2cba/transformed/glance-appwidget-1.1.1/res/layout-v31/box_child_center_horizontal_bottom_group_2.xml to /home/runner/work/ShizukuPlus/ShizukuPlus/manager/build/intermediates/merged_res/release/mergeReleaseResources/layout-v31_box_child_center_horizontal_bottom_group_2.xml.flat
build	Build with Gradle	2026-06-06T12:25:03.7510592Z Compiling xml file /home/runner/.gradle/caches/8.14/transforms/0a9f0b23f2ae3b3d671937d923da2cba/transformed/glance-appwidget-1.1.1/res/layout-v31/box_child_center_horizontal_bottom_group_6.xml to /home/runner/work/ShizukuPlus/ShizukuPlus/manager/build/intermediates/merged_res/release/mergeReleaseResources/layout-v31_box_child_center_horizontal_bottom_group_6.xml.flat
build	Build with Gradle	2026-06-06T12:25:03.7516223Z Compiling xml file /home/runner/.gradle/caches/8.14/transforms/0a9f0b23f2ae3b3d671937d923da2cba/transformed/glance-appwidget-1.1.1/res/layout-v33/glance_vertical_grid_one_column_wrapwidth_expandheight.xml to /home/runner/work/ShizukuPlus/ShizukuPlus/manager/build/intermediates/merged_res/release/mergeReleaseResources/layout-v33_glance_vertical_grid_one_column_wrapwidth_expandheight.xml.flat
build	Build with Gradle	2026-06-06T12:25:03.7521215Z Compiling xml file /home/runner/.gradle/caches/8.14/transforms/a6084efd8e6c9ff951c8e72453f81ad6/transformed/material-1.14.0-beta01/res/color-v31/m3_dynamic_highlighted_text.xml to /home/runner/work/ShizukuPlus/ShizukuPlus/manager/build/intermediates/merged_res/release/mergeReleaseResources/color-v31_m3_dynamic_highlighted_text.xml.flat
build	Build with Gradle	2026-06-06T12:25:03.7525673Z Compiling xml file /home/runner/.gradle/caches/8.14/transforms/f85a8706e3d3bf4df310b1b8ed66a067/transformed/material-2.7.2/res/drawable/list_divider.xml to /home/runner/work/ShizukuPlus/ShizukuPlus/manager/build/intermediates/merged_res/release/mergeReleaseResources/drawable_list_divider.xml.flat
build	Build with Gradle	2026-06-06T12:25:03.7531478Z Compiling xml file /home/runner/.gradle/caches/8.14/transforms/2b232f7e90ed539739f2c0f2684a06f8/transformed/browser-1.8.0/res/layout/browser_actions_context_menu_row.xml to /home/runner/work/ShizukuPlus/ShizukuPlus/manager/build/intermediates/merged_res/release/mergeReleaseResources/layout_browser_actions_context_menu_row.xml.flat
build	Build with Gradle	2026-06-06T12:25:03.7537267Z Compiling xml file /home/runner/.gradle/caches/8.14/transforms/0a9f0b23f2ae3b3d671937d923da2cba/transformed/glance-appwidget-1.1.1/res/layout/radio_column_end_null_1children.xml to /home/runner/work/ShizukuPlus/ShizukuPlus/manager/build/intermediates/merged_res/release/mergeReleaseResources/layout_radio_column_end_null_1children.xml.flat
build	Build with Gradle	2026-06-06T12:25:03.7542046Z Compiling xml file /home/runner/.gradle/caches/8.14/transforms/efa565396efa7c69fa280f54041abb1e/transformed/appcompat-1.6.1/res/color/abc_hint_foreground_material_light.xml to /home/runner/work/ShizukuPlus/ShizukuPlus/manager/build/intermediates/merged_res/release/mergeReleaseResources/color_abc_hint_foreground_material_light.xml.flat
build	Build with Gradle	2026-06-06T12:25:03.7547881Z Compiling xml file /home/runner/.gradle/caches/8.14/transforms/0a9f0b23f2ae3b3d671937d923da2cba/transformed/glance-appwidget-1.1.1/res/layout-v33/row_end_top.xml to /home/runner/work/ShizukuPlus/ShizukuPlus/manager/build/intermediates/merged_res/release/mergeReleaseResources/layout-v33_row_end_top.xml.flat
build	Build with Gradle	2026-06-06T12:25:03.7552468Z Compiling xml file /home/runner/.gradle/caches/8.14/transforms/0a9f0b23f2ae3b3d671937d923da2cba/transformed/glance-appwidget-1.1.1/res/layout/row_null_top_7children.xml to /home/runner/work/ShizukuPlus/ShizukuPlus/manager/build/intermediates/merged_res/release/mergeReleaseResources/layout_row_null_top_7children.xml.flat
build	Build with Gradle	2026-06-06T12:25:03.7556960Z Compiling xml file /home/runner/.gradle/caches/8.14/transforms/a6084efd8e6c9ff951c8e72453f81ad6/transformed/material-1.14.0-beta01/res/drawable/mtrl_checkbox_button_icon_checked_indeterminate.xml to /home/runner/work/ShizukuPlus/ShizukuPlus/manager/build/intermediates/merged_res/release/mergeReleaseResources/drawable_mtrl_checkbox_button_icon_checked_indeterminate.xml.flat
build	Build with Gradle	2026-06-06T12:25:03.7561568Z Compiling xml file /home/runner/.gradle/caches/8.14/transforms/0a9f0b23f2ae3b3d671937d923da2cba/transformed/glance-appwidget-1.1.1/res/layout/column_start_null_5children.xml to /home/runner/work/ShizukuPlus/ShizukuPlus/manager/build/intermediates/merged_res/release/mergeReleaseResources/layout_column_start_null_5children.xml.flat
build	Build with Gradle	2026-06-06T12:25:03.7565677Z Compiling xml file /home/runner/.gradle/caches/8.14/transforms/0a9f0b23f2ae3b3d671937d923da2cba/transformed/glance-appwidget-1.1.1/res/layout-v33/glance_list_wrapwidth_expandheight.xml to /home/runner/work/ShizukuPlus/ShizukuPlus/manager/build/intermediates/merged_res/release/mergeReleaseResources/layout-v33_glance_list_wrapwidth_expandheight.xml.flat
build	Build with Gradle	2026-06-06T12:25:03.7571003Z Compiling xml file /home/runner/work/ShizukuPlus/ShizukuPlus/manager/src/main/res/drawable/ic_visibility_off_24.xml to /home/runner/work/ShizukuPlus/ShizukuPlus/manager/build/intermediates/merged_res/release/mergeReleaseResources/drawable_ic_visibility_off_24.xml.flat
build	Build with Gradle	2026-06-06T12:25:03.7574974Z Compiling xml file /home/runner/.gradle/caches/8.14/transforms/f3104eb4796c3cb96709ee2563cfb750/transformed/sentry-android-core-8.40.0/res/drawable/sentry_edit_text_border.xml to /home/runner/work/ShizukuPlus/ShizukuPlus/manager/build/intermediates/merged_res/release/mergeReleaseResources/drawable_sentry_edit_text_border.xml.flat
build	Build with Gradle	2026-06-06T12:25:03.7578930Z Compiling xml file /home/runner/work/ShizukuPlus/ShizukuPlus/manager/src/main/res/color/text_input_static_box_stroke_color.xml to /home/runner/work/ShizukuPlus/ShizukuPlus/manager/build/intermediates/merged_res/release/mergeReleaseResources/color_text_input_static_box_stroke_color.xml.flat
build	Build with Gradle	2026-06-06T12:25:03.7583581Z Compiling xml file /home/runner/.gradle/caches/8.14/transforms/a6084efd8e6c9ff951c8e72453f81ad6/transformed/material-1.14.0-beta01/res/color/m3_chip_text_color.xml to /home/runner/work/ShizukuPlus/ShizukuPlus/manager/build/intermediates/merged_res/release/mergeReleaseResources/color_m3_chip_text_color.xml.flat
build	Build with Gradle	2026-06-06T12:25:03.7589269Z Compiling xml file /home/runner/.gradle/caches/8.14/transforms/0a9f0b23f2ae3b3d671937d923da2cba/transformed/glance-appwidget-1.1.1/res/layout-v33/glance_image_fit_decorative_start_top.xml to /home/runner/work/ShizukuPlus/ShizukuPlus/manager/build/intermediates/merged_res/release/mergeReleaseResources/layout-v33_glance_image_fit_decorative_start_top.xml.flat
build	Build with Gradle	2026-06-06T12:25:03.7593700Z Compiling xml file /home/runner/.gradle/caches/8.14/transforms/0a9f0b23f2ae3b3d671937d923da2cba/transformed/glance-appwidget-1.1.1/res/layout/glance_image_fit.xml to /home/runner/work/ShizukuPlus/ShizukuPlus/manager/build/intermediates/merged_res/release/mergeReleaseResources/layout_glance_image_fit.xml.flat
build	Build with Gradle	2026-06-06T12:25:03.7598123Z Compiling xml file /home/runner/.gradle/caches/8.14/transforms/0a9f0b23f2ae3b3d671937d923da2cba/transformed/glance-appwidget-1.1.1/res/drawable/glance_btn_radio_material_anim.xml to /home/runner/work/ShizukuPlus/ShizukuPlus/manager/build/intermediates/merged_res/release/mergeReleaseResources/drawable_glance_btn_radio_material_anim.xml.flat
build	Build with Gradle	2026-06-06T12:25:03.7602478Z Compiling xml file /home/runner/work/ShizukuPlus/ShizukuPlus/manager/build/intermediates/incremental/release/mergeReleaseResources/stripped.dir/layout/starter_activity.xml to /home/runner/work/ShizukuPlus/ShizukuPlus/manager/build/intermediates/merged_res/release/mergeReleaseResources/layout_starter_activity.xml.flat
build	Build with Gradle	2026-06-06T12:25:03.7608159Z Compiling xml file /home/runner/.gradle/caches/8.14/transforms/0a9f0b23f2ae3b3d671937d923da2cba/transformed/glance-appwidget-1.1.1/res/layout/column_end_null_9children.xml to /home/runner/work/ShizukuPlus/ShizukuPlus/manager/build/intermediates/merged_res/release/mergeReleaseResources/layout_column_end_null_9children.xml.flat
build	Build with Gradle	2026-06-06T12:25:03.7612468Z Compiling xml file /home/runner/.gradle/caches/8.14/transforms/0a9f0b23f2ae3b3d671937d923da2cba/transformed/glance-appwidget-1.1.1/res/layout/box_center_horizontal_top_3children.xml to /home/runner/work/ShizukuPlus/ShizukuPlus/manager/build/intermediates/merged_res/release/mergeReleaseResources/layout_box_center_horizontal_top_3children.xml.flat
build	Build with Gradle	2026-06-06T12:25:03.7618064Z Compiling xml file /home/runner/.gradle/caches/8.14/transforms/0a9f0b23f2ae3b3d671937d923da2cba/transformed/glance-appwidget-1.1.1/res/layout/row_null_bottom_9children.xml to /home/runner/work/ShizukuPlus/ShizukuPlus/manager/build/intermediates/merged_res/release/mergeReleaseResources/layout_row_null_bottom_9children.xml.flat
build	Build with Gradle	2026-06-06T12:25:03.7623484Z Compiling xml file /home/runner/.gradle/caches/8.14/transforms/a6084efd8e6c9ff951c8e72453f81ad6/transformed/material-1.14.0-beta01/res/color/mtrl_filled_icon_tint.xml to /home/runner/work/ShizukuPlus/ShizukuPlus/manager/build/intermediates/merged_res/release/mergeReleaseResources/color_mtrl_filled_icon_tint.xml.flat
build	Build with Gradle	2026-06-06T12:25:03.7628214Z Compiling xml file /home/runner/.gradle/caches/8.14/transforms/a6084efd8e6c9ff951c8e72453f81ad6/transformed/material-1.14.0-beta01/res/color/m3_list_item_switch_track_tint_selector.xml to /home/runner/work/ShizukuPlus/ShizukuPlus/manager/build/intermediates/merged_res/release/mergeReleaseResources/color_m3_list_item_switch_track_tint_selector.xml.flat
build	Build with Gradle	2026-06-06T12:25:03.7632609Z Compiling xml file /home/runner/.gradle/caches/8.14/transforms/efa565396efa7c69fa280f54041abb1e/transformed/appcompat-1.6.1/res/layout/abc_list_menu_item_radio.xml to /home/runner/work/ShizukuPlus/ShizukuPlus/manager/build/intermediates/merged_res/release/mergeReleaseResources/layout_abc_list_menu_item_radio.xml.flat
build	Build with Gradle	2026-06-06T12:25:03.7636943Z Compiling xml file /home/runner/.gradle/caches/8.14/transforms/0a9f0b23f2ae3b3d671937d923da2cba/transformed/glance-appwidget-1.1.1/res/layout-v33/glance_vertical_grid_three_columns_wrapwidth_expandheight.xml to /home/runner/work/ShizukuPlus/ShizukuPlus/manager/build/intermediates/merged_res/release/mergeReleaseResources/layout-v33_glance_vertical_grid_three_columns_wrapwidth_expandheight.xml.flat
build	Build with Gradle	2026-06-06T12:25:03.7641561Z Compiling xml file /home/runner/.gradle/caches/8.14/transforms/efa565396efa7c69fa280f54041abb1e/transformed/appcompat-1.6.1/res/drawable-v21/abc_dialog_material_background.xml to /home/runner/work/ShizukuPlus/ShizukuPlus/manager/build/intermediates/merged_res/release/mergeReleaseResources/drawable-v21_abc_dialog_material_background.xml.flat
build	Build with Gradle	2026-06-06T12:25:03.7647609Z Compiling xml file /home/runner/.gradle/caches/8.14/transforms/0a9f0b23f2ae3b3d671937d923da2cba/transformed/glance-appwidget-1.1.1/res/layout/box_start_bottom_5children.xml to /home/runner/work/ShizukuPlus/ShizukuPlus/manager/build/intermediates/merged_res/release/mergeReleaseResources/layout_box_start_bottom_5children.xml.flat
build	Build with Gradle	2026-06-06T12:25:03.7652022Z Compiling xml file /home/runner/.gradle/caches/8.14/transforms/0a9f0b23f2ae3b3d671937d923da2cba/transformed/glance-appwidget-1.1.1/res/layout/box_child_center_horizontal_bottom_group_9.xml to /home/runner/work/ShizukuPlus/ShizukuPlus/manager/build/intermediates/merged_res/release/mergeReleaseResources/layout_box_child_center_horizontal_bottom_group_9.xml.flat
build	Build with Gradle	2026-06-06T12:25:03.7656558Z Compiling xml file /home/runner/.gradle/caches/8.14/transforms/0a9f0b23f2ae3b3d671937d923da2cba/transformed/glance-appwidget-1.1.1/res/layout/box_child_center_horizontal_bottom_group_1.xml to /home/runner/work/ShizukuPlus/ShizukuPlus/manager/build/intermediates/merged_res/release/mergeReleaseResources/layout_box_child_center_horizontal_bottom_group_1.xml.flat
build	Build with Gradle	2026-06-06T12:25:03.7661670Z Compiling xml file /home/runner/.gradle/caches/8.14/transforms/0a9f0b23f2ae3b3d671937d923da2cba/transformed/glance-appwidget-1.1.1/res/layout/box_child_center_horizontal_bottom_group_5.xml to /home/runner/work/ShizukuPlus/ShizukuPlus/manager/build/intermediates/merged_res/release/mergeReleaseResources/layout_box_child_center_horizontal_bottom_group_5.xml.flat
build	Build with Gradle	2026-06-06T12:25:03.7668349Z Compiling xml file /home/runner/.gradle/caches/8.14/transforms/0a9f0b23f2ae3b3d671937d923da2cba/transformed/glance-appwidget-1.1.1/res/layout-v33/glance_swtch_end_center_vertical.xml to /home/runner/work/ShizukuPlus/ShizukuPlus/manager/build/intermediates/merged_res/release/mergeReleaseResources/layout-v33_glance_swtch_end_center_vertical.xml.flat
build	Build with Gradle	2026-06-06T12:25:03.7674355Z Compiling xml file /home/runner/.gradle/caches/8.14/transforms/0a9f0b23f2ae3b3d671937d923da2cba/transformed/glance-appwidget-1.1.1/res/layout/box_center_horizontal_top_2children.xml to /home/runner/work/ShizukuPlus/ShizukuPlus/manager/build/intermediates/merged_res/release/mergeReleaseResources/layout_box_center_horizontal_top_2children.xml.flat
build	Build with Gradle	2026-06-06T12:25:03.7679249Z Compiling xml file /home/runner/.gradle/caches/8.14/transforms/a6084efd8e6c9ff951c8e72453f81ad6/transformed/material-1.14.0-beta01/res/color-v31/m3_ref_palette_dynamic_neutral98.xml to /home/runner/work/ShizukuPlus/ShizukuPlus/manager/build/intermediates/merged_res/release/mergeReleaseResources/color-v31_m3_ref_palette_dynamic_neutral98.xml.flat
build	Build with Gradle	2026-06-06T12:25:03.7684377Z Compiling xml file /home/runner/.gradle/caches/8.14/transforms/a6084efd8e6c9ff951c8e72453f81ad6/transformed/material-1.14.0-beta01/res/color-v31/m3_ref_palette_dynamic_neutral94.xml to /home/runner/work/ShizukuPlus/ShizukuPlus/manager/build/intermediates/merged_res/release/mergeReleaseResources/color-v31_m3_ref_palette_dynamic_neutral94.xml.flat
build	Build with Gradle	2026-06-06T12:25:03.7689251Z Compiling xml file /home/runner/.gradle/caches/8.14/transforms/0a9f0b23f2ae3b3d671937d923da2cba/transformed/glance-appwidget-1.1.1/res/layout/column_child_end_null_group_4.xml to /home/runner/work/ShizukuPlus/ShizukuPlus/manager/build/intermediates/merged_res/release/mergeReleaseResources/layout_column_child_end_null_group_4.xml.flat
build	Build with Gradle	2026-06-06T12:25:03.7693230Z Compiling xml file /home/runner/.gradle/caches/8.14/transforms/0a9f0b23f2ae3b3d671937d923da2cba/transformed/glance-appwidget-1.1.1/res/layout/column_child_end_null_group_1.xml to /home/runner/work/ShizukuPlus/ShizukuPlus/manager/build/intermediates/merged_res/release/mergeReleaseResources/layout_column_child_end_null_group_1.xml.flat
build	Build with Gradle	2026-06-06T12:25:03.7698938Z Compiling xml file /home/runner/.gradle/caches/8.14/transforms/0a9f0b23f2ae3b3d671937d923da2cba/transformed/glance-appwidget-1.1.1/res/layout/column_child_end_null_group_5.xml to /home/runner/work/ShizukuPlus/ShizukuPlus/manager/build/intermediates/merged_res/release/mergeReleaseResources/layout_column_child_end_null_group_5.xml.flat
build	Build with Gradle	2026-06-06T12:25:03.7703696Z Compiling xml file /home/runner/.gradle/caches/8.14/transforms/0a9f0b23f2ae3b3d671937d923da2cba/transformed/glance-appwidget-1.1.1/res/layout-v33/glance_swtch_backport_wrapwidth_expandheight.xml to /home/runner/work/ShizukuPlus/ShizukuPlus/manager/build/intermediates/merged_res/release/mergeReleaseResources/layout-v33_glance_swtch_backport_wrapwidth_expandheight.xml.flat
build	Build with Gradle	2026-06-06T12:25:03.7709700Z Compiling xml file /home/runner/.gradle/caches/8.14/transforms/a6084efd8e6c9ff951c8e72453f81ad6/transformed/material-1.14.0-beta01/res/color/mtrl_switch_track_tint.xml to /home/runner/work/ShizukuPlus/ShizukuPlus/manager/build/intermediates/merged_res/release/mergeReleaseResources/color_mtrl_switch_track_tint.xml.flat
build	Build with Gradle	2026-06-06T12:25:03.7714371Z Compiling xml file /home/runner/.gradle/caches/8.14/transforms/efa565396efa7c69fa280f54041abb1e/transformed/appcompat-1.6.1/res/anim/btn_checkbox_to_checked_box_outer_merged_animation.xml to /home/runner/work/ShizukuPlus/ShizukuPlus/manager/build/intermediates/merged_res/release/mergeReleaseResources/anim_btn_checkbox_to_checked_box_outer_merged_animation.xml.flat
build	Build with Gradle	2026-06-06T12:25:03.7719066Z Compiling xml file /home/runner/work/ShizukuPlus/ShizukuPlus/manager/build/intermediates/incremental/release/mergeReleaseResources/stripped.dir/layout/layout_ui_settings_header.xml to /home/runner/work/ShizukuPlus/ShizukuPlus/manager/build/intermediates/merged_res/release/mergeReleaseResources/layout_layout_ui_settings_header.xml.flat
build	Build with Gradle	2026-06-06T12:25:03.7724875Z Compiling xml file /home/runner/.gradle/caches/8.14/transforms/a6084efd8e6c9ff951c8e72453f81ad6/transformed/material-1.14.0-beta01/res/color-v31/m3_ref_palette_dynamic_neutral22.xml to /home/runner/work/ShizukuPlus/ShizukuPlus/manager/build/intermediates/merged_res/release/mergeReleaseResources/color-v31_m3_ref_palette_dynamic_neutral22.xml.flat
build	Build with Gradle	2026-06-06T12:25:03.7730643Z Compiling xml file /home/runner/.gradle/caches/8.14/transforms/0a9f0b23f2ae3b3d671937d923da2cba/transformed/glance-appwidget-1.1.1/res/layout-v33/glance_text_end_top.xml to /home/runner/work/ShizukuPlus/ShizukuPlus/manager/build/intermediates/merged_res/release/mergeReleaseResources/layout-v33_glance_text_end_top.xml.flat
build	Build with Gradle	2026-06-06T12:25:03.7735866Z Compiling xml file /home/runner/.gradle/caches/8.14/transforms/f85a8706e3d3bf4df310b1b8ed66a067/transformed/material-2.7.2/res/drawable/m3_switch_thumb_light.xml to /home/runner/work/ShizukuPlus/ShizukuPlus/manager/build/intermediates/merged_res/release/mergeReleaseResources/drawable_m3_switch_thumb_light.xml.flat
build	Build with Gradle	2026-06-06T12:25:03.7740955Z Compiling xml file /home/runner/.gradle/caches/8.14/transforms/a6084efd8e6c9ff951c8e72453f81ad6/transformed/material-1.14.0-beta01/res/color-v31/m3_dynamic_dark_default_color_secondary_text.xml to /home/runner/work/ShizukuPlus/ShizukuPlus/manager/build/intermediates/merged_res/release/mergeReleaseResources/color-v31_m3_dynamic_dark_default_color_secondary_text.xml.flat
build	Build with Gradle	2026-06-06T12:25:03.7745919Z Compiling xml file /home/runner/.gradle/caches/8.14/transforms/0a9f0b23f2ae3b3d671937d923da2cba/transformed/glance-appwidget-1.1.1/res/layout/column_start_null_9children.xml to /home/runner/work/ShizukuPlus/ShizukuPlus/manager/build/intermediates/merged_res/release/mergeReleaseResources/layout_column_start_null_9children.xml.flat
build	Build with Gradle	2026-06-06T12:25:03.7750888Z Compiling xml file /home/runner/.gradle/caches/8.14/transforms/a6084efd8e6c9ff951c8e72453f81ad6/transformed/material-1.14.0-beta01/res/anim/m3_bottom_sheet_slide_out.xml to /home/runner/work/ShizukuPlus/ShizukuPlus/manager/build/intermediates/merged_res/release/mergeReleaseResources/anim_m3_bottom_sheet_slide_out.xml.flat
build	Build with Gradle	2026-06-06T12:25:03.7755119Z Compiling xml file /home/runner/.gradle/caches/8.14/transforms/efa565396efa7c69fa280f54041abb1e/transformed/appcompat-1.6.1/res/drawable/btn_radio_on_mtrl.xml to /home/runner/work/ShizukuPlus/ShizukuPlus/manager/build/intermediates/merged_res/release/mergeReleaseResources/drawable_btn_radio_on_mtrl.xml.flat
build	Build with Gradle	2026-06-06T12:25:03.7760061Z Compiling xml file /home/runner/.gradle/caches/8.14/transforms/a6084efd8e6c9ff951c8e72453f81ad6/transformed/material-1.14.0-beta01/res/color/mtrl_navigation_bar_ripple_color.xml to /home/runner/work/ShizukuPlus/ShizukuPlus/manager/build/intermediates/merged_res/release/mergeReleaseResources/color_mtrl_navigation_bar_ripple_color.xml.flat
build	Build with Gradle	2026-06-06T12:25:03.7764706Z Compiling xml file /home/runner/.gradle/caches/8.14/transforms/0a9f0b23f2ae3b3d671937d923da2cba/transformed/glance-appwidget-1.1.1/res/layout/radio_row_null_bottom_0children.xml to /home/runner/work/ShizukuPlus/ShizukuPlus/manager/build/intermediates/merged_res/release/mergeReleaseResources/layout_radio_row_null_bottom_0children.xml.flat
build	Build with Gradle	2026-06-06T12:25:03.7769160Z Compiling xml file /home/runner/.gradle/caches/8.14/transforms/ee981983fc55a7699435ecebe45f87ef/transformed/core-1.4.1-release/res/anim/fade_out.xml to /home/runner/work/ShizukuPlus/ShizukuPlus/manager/build/intermediates/merged_res/release/mergeReleaseResources/anim_fade_out.xml.flat
build	Build with Gradle	2026-06-06T12:25:03.7774612Z Compiling xml file /home/runner/.gradle/caches/8.14/transforms/a6084efd8e6c9ff951c8e72453f81ad6/transformed/material-1.14.0-beta01/res/drawable/material_ic_menu_arrow_down_black_24dp.xml to /home/runner/work/ShizukuPlus/ShizukuPlus/manager/build/intermediates/merged_res/release/mergeReleaseResources/drawable_material_ic_menu_arrow_down_black_24dp.xml.flat
build	Build with Gradle	2026-06-06T12:25:03.7779564Z Compiling xml file /home/runner/.gradle/caches/8.14/transforms/0a9f0b23f2ae3b3d671937d923da2cba/transformed/glance-appwidget-1.1.1/res/layout-v33/glance_list_expandwidth_wrapheight.xml to /home/runner/work/ShizukuPlus/ShizukuPlus/manager/build/intermediates/merged_res/release/mergeReleaseResources/layout-v33_glance_list_expandwidth_wrapheight.xml.flat
build	Build with Gradle	2026-06-06T12:25:03.7784931Z Compiling xml file /home/runner/work/ShizukuPlus/ShizukuPlus/manager/src/main/res/menu/main.xml to /home/runner/work/ShizukuPlus/ShizukuPlus/manager/build/intermediates/merged_res/release/mergeReleaseResources/menu_main.xml.flat
build	Build with Gradle	2026-06-06T12:25:03.7790124Z Compiling xml file /home/runner/.gradle/caches/8.14/transforms/a6084efd8e6c9ff951c8e72453f81ad6/transformed/material-1.14.0-beta01/res/color/m3_textfield_stroke_color.xml to /home/runner/work/ShizukuPlus/ShizukuPlus/manager/build/intermediates/merged_res/release/mergeReleaseResources/color_m3_textfield_stroke_color.xml.flat
build	Build with Gradle	2026-06-06T12:25:03.7795595Z Compiling xml file /home/runner/.gradle/caches/8.14/transforms/0a9f0b23f2ae3b3d671937d923da2cba/transformed/glance-appwidget-1.1.1/res/layout/complex_expand_fixed.xml to /home/runner/work/ShizukuPlus/ShizukuPlus/manager/build/intermediates/merged_res/release/mergeReleaseResources/layout_complex_expand_fixed.xml.flat
build	Build with Gradle	2026-06-06T12:25:03.7800283Z Compiling xml file /home/runner/.gradle/caches/8.14/transforms/0a9f0b23f2ae3b3d671937d923da2cba/transformed/glance-appwidget-1.1.1/res/layout/box_child_center_horizontal_top_group_3.xml to /home/runner/work/ShizukuPlus/ShizukuPlus/manager/build/intermediates/merged_res/release/mergeReleaseResources/layout_box_child_center_horizontal_top_group_3.xml.flat
build	Build with Gradle	2026-06-06T12:25:03.7805738Z Compiling xml file /home/runner/.gradle/caches/8.14/transforms/0a9f0b23f2ae3b3d671937d923da2cba/transformed/glance-appwidget-1.1.1/res/layout/box_child_center_horizontal_top_group_0.xml to /home/runner/work/ShizukuPlus/ShizukuPlus/manager/build/intermediates/merged_res/release/mergeReleaseResources/layout_box_child_center_horizontal_top_group_0.xml.flat
build	Build with Gradle	2026-06-06T12:25:03.7810519Z Compiling xml file /home/runner/.gradle/caches/8.14/transforms/0a9f0b23f2ae3b3d671937d923da2cba/transformed/glance-appwidget-1.1.1/res/layout/row_null_top_5children.xml to /home/runner/work/ShizukuPlus/ShizukuPlus/manager/build/intermediates/merged_res/release/mergeReleaseResources/layout_row_null_top_5children.xml.flat
build	Build with Gradle	2026-06-06T12:25:03.7814860Z Compiling xml file /home/runner/.gradle/caches/8.14/transforms/a6084efd8e6c9ff951c8e72453f81ad6/transformed/material-1.14.0-beta01/res/animator/mtrl_btn_state_list_anim.xml to /home/runner/work/ShizukuPlus/ShizukuPlus/manager/build/intermediates/merged_res/release/mergeReleaseResources/animator_mtrl_btn_state_list_anim.xml.flat
build	Build with Gradle	2026-06-06T12:25:03.7819441Z Compiling xml file /home/runner/.gradle/caches/8.14/transforms/0a9f0b23f2ae3b3d671937d923da2cba/transformed/glance-appwidget-1.1.1/res/layout/column_start_null_7children.xml to /home/runner/work/ShizukuPlus/ShizukuPlus/manager/build/intermediates/merged_res/release/mergeReleaseResources/layout_column_start_null_7children.xml.flat
build	Build with Gradle	2026-06-06T12:25:03.7823717Z Compiling xml file /home/runner/.gradle/caches/8.14/transforms/0a9f0b23f2ae3b3d671937d923da2cba/transformed/glance-appwidget-1.1.1/res/drawable/glance_ripple.xml to /home/runner/work/ShizukuPlus/ShizukuPlus/manager/build/intermediates/merged_res/release/mergeReleaseResources/drawable_glance_ripple.xml.flat
build	Build with Gradle	2026-06-06T12:25:03.7828050Z Compiling xml file /home/runner/.gradle/caches/8.14/transforms/a6084efd8e6c9ff951c8e72453f81ad6/transformed/material-1.14.0-beta01/res/drawable/mtrl_switch_thumb_checked.xml to /home/runner/work/ShizukuPlus/ShizukuPlus/manager/build/intermediates/merged_res/release/mergeReleaseResources/drawable_mtrl_switch_thumb_checked.xml.flat
build	Build with Gradle	2026-06-06T12:25:03.7834065Z Compiling xml file /home/runner/.gradle/caches/8.14/transforms/0a9f0b23f2ae3b3d671937d923da2cba/transformed/glance-appwidget-1.1.1/res/layout/radio_row_null_bottom_2children.xml to /home/runner/work/ShizukuPlus/ShizukuPlus/manager/build/intermediates/merged_res/release/mergeReleaseResources/layout_radio_row_null_bottom_2children.xml.flat
build	Build with Gradle	2026-06-06T12:25:03.7838899Z Compiling xml file /home/runner/.gradle/caches/8.14/transforms/0a9f0b23f2ae3b3d671937d923da2cba/transformed/glance-appwidget-1.1.1/res/layout/radio_column_end_null_3children.xml to /home/runner/work/ShizukuPlus/ShizukuPlus/manager/build/intermediates/merged_res/release/mergeReleaseResources/layout_radio_column_end_null_3children.xml.flat
build	Build with Gradle	2026-06-06T12:25:03.7844616Z Compiling xml file /home/runner/.gradle/caches/8.14/transforms/a6084efd8e6c9ff951c8e72453f81ad6/transformed/material-1.14.0-beta01/res/color/m3_switch_track_tint.xml to /home/runner/work/ShizukuPlus/ShizukuPlus/manager/build/intermediates/merged_res/release/mergeReleaseResources/color_m3_switch_track_tint.xml.flat
build	Build with Gradle	2026-06-06T12:25:03.7849143Z Compiling xml file /home/runner/.gradle/caches/8.14/transforms/efa565396efa7c69fa280f54041abb1e/transformed/appcompat-1.6.1/res/layout/abc_action_mode_bar.xml to /home/runner/work/ShizukuPlus/ShizukuPlus/manager/build/intermediates/merged_res/release/mergeReleaseResources/layout_abc_action_mode_bar.xml.flat
build	Build with Gradle	2026-06-06T12:25:03.7854034Z Compiling xml file /home/runner/.gradle/caches/8.14/transforms/0a9f0b23f2ae3b3d671937d923da2cba/transformed/glance-appwidget-1.1.1/res/layout-v33/glance_vertical_grid_two_columns_end_bottom.xml to /home/runner/work/ShizukuPlus/ShizukuPlus/manager/build/intermediates/merged_res/release/mergeReleaseResources/layout-v33_glance_vertical_grid_two_columns_end_bottom.xml.flat
build	Build with Gradle	2026-06-06T12:25:03.7859945Z Compiling xml file /home/runner/.gradle/caches/8.14/transforms/a6084efd8e6c9ff951c8e72453f81ad6/transformed/material-1.14.0-beta01/res/color/m3_dark_highlighted_text.xml to /home/runner/work/ShizukuPlus/ShizukuPlus/manager/build/intermediates/merged_res/release/mergeReleaseResources/color_m3_dark_highlighted_text.xml.flat
build	Build with Gradle	2026-06-06T12:25:03.7864208Z Compiling xml file /home/runner/.gradle/caches/8.14/transforms/0a9f0b23f2ae3b3d671937d923da2cba/transformed/glance-appwidget-1.1.1/res/layout-v33/glance_swtch_end_bottom.xml to /home/runner/work/ShizukuPlus/ShizukuPlus/manager/build/intermediates/merged_res/release/mergeReleaseResources/layout-v33_glance_swtch_end_bottom.xml.flat
build	Build with Gradle	2026-06-06T12:25:03.7869912Z Compiling xml file /home/runner/work/ShizukuPlus/ShizukuPlus/manager/build/intermediates/incremental/release/mergeReleaseResources/stripped.dir/layout/app_list_item.xml to /home/runner/work/ShizukuPlus/ShizukuPlus/manager/build/intermediates/merged_res/release/mergeReleaseResources/layout_app_list_item.xml.flat
build	Build with Gradle	2026-06-06T12:25:03.7874219Z Compiling xml file /home/runner/.gradle/caches/8.14/transforms/a6084efd8e6c9ff951c8e72453f81ad6/transformed/material-1.14.0-beta01/res/drawable/mtrl_ic_arrow_drop_down.xml to /home/runner/work/ShizukuPlus/ShizukuPlus/manager/build/intermediates/merged_res/release/mergeReleaseResources/drawable_mtrl_ic_arrow_drop_down.xml.flat
build	Build with Gradle	2026-06-06T12:25:03.7878790Z Compiling xml file /home/runner/.gradle/caches/8.14/transforms/a6084efd8e6c9ff951c8e72453f81ad6/transformed/material-1.14.0-beta01/res/color/m3_list_item_checkbox_button_tint_selector.xml to /home/runner/work/ShizukuPlus/ShizukuPlus/manager/build/intermediates/merged_res/release/mergeReleaseResources/color_m3_list_item_checkbox_button_tint_selector.xml.flat
build	Build with Gradle	2026-06-06T12:25:03.7884719Z Compiling xml file /home/runner/.gradle/caches/8.14/transforms/0a9f0b23f2ae3b3d671937d923da2cba/transformed/glance-appwidget-1.1.1/res/layout-v33/glance_radio_button_center_horizontal_bottom.xml to /home/runner/work/ShizukuPlus/ShizukuPlus/manager/build/intermediates/merged_res/release/mergeReleaseResources/layout-v33_glance_radio_button_center_horizontal_bottom.xml.flat
build	Build with Gradle	2026-06-06T12:25:03.7889903Z Compiling xml file /home/runner/.gradle/caches/8.14/transforms/0a9f0b23f2ae3b3d671937d923da2cba/transformed/glance-appwidget-1.1.1/res/layout-v33/glance_vertical_grid_auto_fit_start_center_vertical.xml to /home/runner/work/ShizukuPlus/ShizukuPlus/manager/build/intermediates/merged_res/release/mergeReleaseResources/layout-v33_glance_vertical_grid_auto_fit_start_center_vertical.xml.flat
build	Build with Gradle	2026-06-06T12:25:03.7895765Z Compiling xml file /home/runner/.gradle/caches/8.14/transforms/a6084efd8e6c9ff951c8e72453f81ad6/transformed/material-1.14.0-beta01/res/drawable/mtrl_ic_checkbox_unchecked.xml to /home/runner/work/ShizukuPlus/ShizukuPlus/manager/build/intermediates/merged_res/release/mergeReleaseResources/drawable_mtrl_ic_checkbox_unchecked.xml.flat
build	Build with Gradle	2026-06-06T12:25:03.7900410Z Compiling xml file /home/runner/.gradle/caches/8.14/transforms/0a9f0b23f2ae3b3d671937d923da2cba/transformed/glance-appwidget-1.1.1/res/layout-v33/glance_radio_button_end_bottom.xml to /home/runner/work/ShizukuPlus/ShizukuPlus/manager/build/intermediates/merged_res/release/mergeReleaseResources/layout-v33_glance_radio_button_end_bottom.xml.flat
build	Build with Gradle	2026-06-06T12:25:03.7904780Z Compiling xml file /home/runner/.gradle/caches/8.14/transforms/a6084efd8e6c9ff951c8e72453f81ad6/transformed/material-1.14.0-beta01/res/layout/mtrl_navigation_rail_item.xml to /home/runner/work/ShizukuPlus/ShizukuPlus/manager/build/intermediates/merged_res/release/mergeReleaseResources/layout_mtrl_navigation_rail_item.xml.flat
build	Build with Gradle	2026-06-06T12:25:03.7910511Z Compiling xml file /home/runner/.gradle/caches/8.14/transforms/0a9f0b23f2ae3b3d671937d923da2cba/transformed/glance-appwidget-1.1.1/res/layout/row_null_bottom_3children.xml to /home/runner/work/ShizukuPlus/ShizukuPlus/manager/build/intermediates/merged_res/release/mergeReleaseResources/layout_row_null_bottom_3children.xml.flat
build	Build with Gradle	2026-06-06T12:25:03.7915426Z Compiling xml file /home/runner/.gradle/caches/8.14/transforms/0a9f0b23f2ae3b3d671937d923da2cba/transformed/glance-appwidget-1.1.1/res/layout/glance_linear_progress_indicator.xml to /home/runner/work/ShizukuPlus/ShizukuPlus/manager/build/intermediates/merged_res/release/mergeReleaseResources/layout_glance_linear_progress_indicator.xml.flat
build	Build with Gradle	2026-06-06T12:25:03.7920218Z Compiling xml file /home/runner/.gradle/caches/8.14/transforms/a6084efd8e6c9ff951c8e72453f81ad6/transformed/material-1.14.0-beta01/res/color/m3_vibrant_toolbar_button_text_color_selector.xml to /home/runner/work/ShizukuPlus/ShizukuPlus/manager/build/intermediates/merged_res/release/mergeReleaseResources/color_m3_vibrant_toolbar_button_text_color_selector.xml.flat
build	Build with Gradle	2026-06-06T12:25:03.7924684Z Compiling xml file /home/runner/.gradle/caches/8.14/transforms/0a9f0b23f2ae3b3d671937d923da2cba/transformed/glance-appwidget-1.1.1/res/layout/radio_row_null_bottom_4children.xml to /home/runner/work/ShizukuPlus/ShizukuPlus/manager/build/intermediates/merged_res/release/mergeReleaseResources/layout_radio_row_null_bottom_4children.xml.flat
build	Build with Gradle	2026-06-06T12:25:03.7989821Z Compiling xml file /home/runner/.gradle/caches/8.14/transforms/0a9f0b23f2ae3b3d671937d923da2cba/transformed/glance-appwidget-1.1.1/res/layout/box_center_horizontal_top_9children.xml to /home/runner/work/ShizukuPlus/ShizukuPlus/manager/build/intermediates/merged_res/release/mergeReleaseResources/layout_box_center_horizontal_top_9children.xml.flat
build	Build with Gradle	2026-06-06T12:25:03.7994663Z Compiling xml file /home/runner/.gradle/caches/8.14/transforms/a6084efd8e6c9ff951c8e72453f81ad6/transformed/material-1.14.0-beta01/res/drawable/mtrl_bottomsheet_drag_handle.xml to /home/runner/work/ShizukuPlus/ShizukuPlus/manager/build/intermediates/merged_res/release/mergeReleaseResources/drawable_mtrl_bottomsheet_drag_handle.xml.flat
build	Build with Gradle	2026-06-06T12:25:03.8005612Z Compiling xml file /home/runner/.gradle/caches/8.14/transforms/a8ffae57e8eb844c745e6c38f24a5dc3/transformed/preference-1.2.1/res/layout/preference_dropdown_material.xml to /home/runner/work/ShizukuPlus/ShizukuPlus/manager/build/intermediates/merged_res/release/mergeReleaseResources/layout_preference_dropdown_material.xml.flat
build	Build with Gradle	2026-06-06T12:25:03.8010019Z Compiling xml file /home/runner/.gradle/caches/8.14/transforms/0a9f0b23f2ae3b3d671937d923da2cba/transformed/glance-appwidget-1.1.1/res/layout/radio_column_end_null_9children.xml to /home/runner/work/ShizukuPlus/ShizukuPlus/manager/build/intermediates/merged_res/release/mergeReleaseResources/layout_radio_column_end_null_9children.xml.flat
build	Build with Gradle	2026-06-06T12:25:03.8015959Z Compiling xml file /home/runner/.gradle/caches/8.14/transforms/0a9f0b23f2ae3b3d671937d923da2cba/transformed/glance-appwidget-1.1.1/res/layout-v33/glance_image_fit_decorative_wrapwidth_expandheight.xml to /home/runner/work/ShizukuPlus/ShizukuPlus/manager/build/intermediates/merged_res/release/mergeReleaseResources/layout-v33_glance_image_fit_decorative_wrapwidth_expandheight.xml.flat
build	Build with Gradle	2026-06-06T12:25:03.8022552Z Compiling xml file /home/runner/.gradle/caches/8.14/transforms/0a9f0b23f2ae3b3d671937d923da2cba/transformed/glance-appwidget-1.1.1/res/layout-v33/glance_check_box_wrapwidth_expandheight.xml to /home/runner/work/ShizukuPlus/ShizukuPlus/manager/build/intermediates/merged_res/release/mergeReleaseResources/layout-v33_glance_check_box_wrapwidth_expandheight.xml.flat
build	Build with Gradle	2026-06-06T12:25:03.8028946Z Compiling xml file /home/runner/.gradle/caches/8.14/transforms/0a9f0b23f2ae3b3d671937d923da2cba/transformed/glance-appwidget-1.1.1/res/layout-v33/glance_image_fit_decorative_center_horizontal_bottom.xml to /home/runner/work/ShizukuPlus/ShizukuPlus/manager/build/intermediates/merged_res/release/mergeReleaseResources/layout-v33_glance_image_fit_decorative_center_horizontal_bottom.xml.flat
build	Build with Gradle	2026-06-06T12:25:03.8033645Z Compiling xml file /home/runner/.gradle/caches/8.14/transforms/f85a8706e3d3bf4df310b1b8ed66a067/transformed/material-2.7.2/res/color/m3_dark_text_color_hint.xml to /home/runner/work/ShizukuPlus/ShizukuPlus/manager/build/intermediates/merged_res/release/mergeReleaseResources/color_m3_dark_text_color_hint.xml.flat
build	Build with Gradle	2026-06-06T12:25:03.8038435Z Compiling xml file /home/runner/.gradle/caches/8.14/transforms/0a9f0b23f2ae3b3d671937d923da2cba/transformed/glance-appwidget-1.1.1/res/layout-v33/glance_vertical_grid_two_columns_expandwidth_wrapheight.xml to /home/runner/work/ShizukuPlus/ShizukuPlus/manager/build/intermediates/merged_res/release/mergeReleaseResources/layout-v33_glance_vertical_grid_two_columns_expandwidth_wrapheight.xml.flat
build	Build with Gradle	2026-06-06T12:25:03.8043890Z Compiling xml file /home/runner/.gradle/caches/8.14/transforms/0a9f0b23f2ae3b3d671937d923da2cba/transformed/glance-appwidget-1.1.1/res/layout-v33/glance_vertical_grid_four_columns_end_center_vertical.xml to /home/runner/work/ShizukuPlus/ShizukuPlus/manager/build/intermediates/merged_res/release/mergeReleaseResources/layout-v33_glance_vertical_grid_four_columns_end_center_vertical.xml.flat
build	Build with Gradle	2026-06-06T12:25:03.8048721Z Compiling xml file /home/runner/.gradle/caches/8.14/transforms/0a9f0b23f2ae3b3d671937d923da2cba/transformed/glance-appwidget-1.1.1/res/layout-v33/radio_row_start_top.xml to /home/runner/work/ShizukuPlus/ShizukuPlus/manager/build/intermediates/merged_res/release/mergeReleaseResources/layout-v33_radio_row_start_top.xml.flat
build	Build with Gradle	2026-06-06T12:25:03.8053125Z Compiling xml file /home/runner/.gradle/caches/8.14/transforms/0a9f0b23f2ae3b3d671937d923da2cba/transformed/glance-appwidget-1.1.1/res/layout/complex_expand_expand.xml to /home/runner/work/ShizukuPlus/ShizukuPlus/manager/build/intermediates/merged_res/release/mergeReleaseResources/layout_complex_expand_expand.xml.flat
build	Build with Gradle	2026-06-06T12:25:03.8058534Z Compiling xml file /home/runner/.gradle/caches/8.14/transforms/0a9f0b23f2ae3b3d671937d923da2cba/transformed/glance-appwidget-1.1.1/res/layout/column_end_null_1children.xml to /home/runner/work/ShizukuPlus/ShizukuPlus/manager/build/intermediates/merged_res/release/mergeReleaseResources/layout_column_end_null_1children.xml.flat
build	Build with Gradle	2026-06-06T12:25:03.8062854Z Compiling xml file /home/runner/.gradle/caches/8.14/transforms/0a9f0b23f2ae3b3d671937d923da2cba/transformed/glance-appwidget-1.1.1/res/layout-v31/box_child_end_center_vertical_group_5.xml to /home/runner/work/ShizukuPlus/ShizukuPlus/manager/build/intermediates/merged_res/release/mergeReleaseResources/layout-v31_box_child_end_center_vertical_group_5.xml.flat
build	Build with Gradle	2026-06-06T12:25:03.8067160Z Compiling xml file /home/runner/.gradle/caches/8.14/transforms/0a9f0b23f2ae3b3d671937d923da2cba/transformed/glance-appwidget-1.1.1/res/layout-v31/box_child_end_center_vertical_group_1.xml to /home/runner/work/ShizukuPlus/ShizukuPlus/manager/build/intermediates/merged_res/release/mergeReleaseResources/layout-v31_box_child_end_center_vertical_group_1.xml.flat
build	Build with Gradle	2026-06-06T12:25:03.8071954Z Compiling xml file /home/runner/.gradle/caches/8.14/transforms/0a9f0b23f2ae3b3d671937d923da2cba/transformed/glance-appwidget-1.1.1/res/layout/box_start_center_vertical_10children.xml to /home/runner/work/ShizukuPlus/ShizukuPlus/manager/build/intermediates/merged_res/release/mergeReleaseResources/layout_box_start_center_vertical_10children.xml.flat
build	Build with Gradle	2026-06-06T12:25:03.8079185Z Compiling xml file /home/runner/.gradle/caches/8.14/transforms/0a9f0b23f2ae3b3d671937d923da2cba/transformed/glance-appwidget-1.1.1/res/layout-v31/box_child_center_horizontal_center_vertical_group_1.xml to /home/runner/work/ShizukuPlus/ShizukuPlus/manager/build/intermediates/merged_res/release/mergeReleaseResources/layout-v31_box_child_center_horizontal_center_vertical_group_1.xml.flat
build	Build with Gradle	2026-06-06T12:25:03.8084456Z Compiling xml file /home/runner/.gradle/caches/8.14/transforms/0a9f0b23f2ae3b3d671937d923da2cba/transformed/glance-appwidget-1.1.1/res/layout-v31/box_child_center_horizontal_center_vertical_group_0.xml to /home/runner/work/ShizukuPlus/ShizukuPlus/manager/build/intermediates/merged_res/release/mergeReleaseResources/layout-v31_box_child_center_horizontal_center_vertical_group_0.xml.flat
build	Build with Gradle	2026-06-06T12:25:03.8089491Z Compiling xml file /home/runner/.gradle/caches/8.14/transforms/0a9f0b23f2ae3b3d671937d923da2cba/transformed/glance-appwidget-1.1.1/res/layout-v31/box_child_center_horizontal_center_vertical_group_5.xml to /home/runner/work/ShizukuPlus/ShizukuPlus/manager/build/intermediates/merged_res/release/mergeReleaseResources/layout-v31_box_child_center_horizontal_center_vertical_group_5.xml.flat
build	Build with Gradle	2026-06-06T12:25:03.8094196Z Compiling xml file /home/runner/.gradle/caches/8.14/transforms/a6084efd8e6c9ff951c8e72453f81ad6/transformed/material-1.14.0-beta01/res/drawable-v24/m3_focus_ring_framework_button_background_borderless.xml to /home/runner/work/ShizukuPlus/ShizukuPlus/manager/build/intermediates/merged_res/release/mergeReleaseResources/drawable-v24_m3_focus_ring_framework_button_background_borderless.xml.flat
build	Build with Gradle	2026-06-06T12:25:03.8098817Z Compiling xml file /home/runner/.gradle/caches/8.14/transforms/0a9f0b23f2ae3b3d671937d923da2cba/transformed/glance-appwidget-1.1.1/res/layout-v33/glance_check_box_end_center_vertical.xml to /home/runner/work/ShizukuPlus/ShizukuPlus/manager/build/intermediates/merged_res/release/mergeReleaseResources/layout-v33_glance_check_box_end_center_vertical.xml.flat
build	Build with Gradle	2026-06-06T12:25:03.8103263Z Compiling xml file /home/runner/.gradle/caches/8.14/transforms/0a9f0b23f2ae3b3d671937d923da2cba/transformed/glance-appwidget-1.1.1/res/layout/column_end_null_3children.xml to /home/runner/work/ShizukuPlus/ShizukuPlus/manager/build/intermediates/merged_res/release/mergeReleaseResources/layout_column_end_null_3children.xml.flat
build	Build with Gradle	2026-06-06T12:25:03.8107833Z Compiling xml file /home/runner/.gradle/caches/8.14/transforms/0a9f0b23f2ae3b3d671937d923da2cba/transformed/glance-appwidget-1.1.1/res/layout/row_null_center_vertical_4children.xml to /home/runner/work/ShizukuPlus/ShizukuPlus/manager/build/intermediates/merged_res/release/mergeReleaseResources/layout_row_null_center_vertical_4children.xml.flat
build	Build with Gradle	2026-06-06T12:25:03.8112412Z Compiling xml file /home/runner/.gradle/caches/8.14/transforms/0a9f0b23f2ae3b3d671937d923da2cba/transformed/glance-appwidget-1.1.1/res/layout-v33/glance_button_center_horizontal_center_vertical.xml to /home/runner/work/ShizukuPlus/ShizukuPlus/manager/build/intermediates/merged_res/release/mergeReleaseResources/layout-v33_glance_button_center_horizontal_center_vertical.xml.flat
build	Build with Gradle	2026-06-06T12:25:03.8116165Z Compiling xml file /home/runner/work/ShizukuPlus/ShizukuPlus/manager/src/main/res/color/color_on_surface_variant.xml to /home/runner/work/ShizukuPlus/ShizukuPlus/manager/build/intermediates/merged_res/release/mergeReleaseResources/color_color_on_surface_variant.xml.flat
build	Build with Gradle	2026-06-06T12:25:03.8120632Z Compiling xml file /home/runner/.gradle/caches/8.14/transforms/0a9f0b23f2ae3b3d671937d923da2cba/transformed/glance-appwidget-1.1.1/res/layout/box_child_center_horizontal_center_vertical_group_1.xml to /home/runner/work/ShizukuPlus/ShizukuPlus/manager/build/intermediates/merged_res/release/mergeReleaseResources/layout_box_child_center_horizontal_center_vertical_group_1.xml.flat
build	Build with Gradle	2026-06-06T12:25:03.8125560Z Compiling xml file /home/runner/.gradle/caches/8.14/transforms/0a9f0b23f2ae3b3d671937d923da2cba/transformed/glance-appwidget-1.1.1/res/layout/box_child_center_horizontal_center_vertical_group_4.xml to /home/runner/work/ShizukuPlus/ShizukuPlus/manager/build/intermediates/merged_res/release/mergeReleaseResources/layout_box_child_center_horizontal_center_vertical_group_4.xml.flat
build	Build with Gradle	2026-06-06T12:25:03.8130921Z Compiling xml file /home/runner/.gradle/caches/8.14/transforms/0a9f0b23f2ae3b3d671937d923da2cba/transformed/glance-appwidget-1.1.1/res/layout/box_child_center_horizontal_center_vertical_group_7.xml to /home/runner/work/ShizukuPlus/ShizukuPlus/manager/build/intermediates/merged_res/release/mergeReleaseResources/layout_box_child_center_horizontal_center_vertical_group_7.xml.flat
build	Build with Gradle	2026-06-06T12:25:03.8137052Z Compiling xml file /home/runner/work/ShizukuPlus/ShizukuPlus/manager/build/intermediates/incremental/release/mergeReleaseResources/stripped.dir/layout/home_automation.xml to /home/runner/work/ShizukuPlus/ShizukuPlus/manager/build/intermediates/merged_res/release/mergeReleaseResources/layout_home_automation.xml.flat
build	Build with Gradle	2026-06-06T12:25:03.8140893Z Compiling xml file /home/runner/.gradle/caches/8.14/transforms/0a9f0b23f2ae3b3d671937d923da2cba/transformed/glance-appwidget-1.1.1/res/layout/column_start_null_0children.xml to /home/runner/work/ShizukuPlus/ShizukuPlus/manager/build/intermediates/merged_res/release/mergeReleaseResources/layout_column_start_null_0children.xml.flat
build	Build with Gradle	2026-06-06T12:25:03.8144186Z Compiling xml file /home/runner/work/ShizukuPlus/ShizukuPlus/core/ui/build/intermediates/packaged_res/release/packageReleaseResources/drawable/ic_server_ok_24.xml to /home/runner/work/ShizukuPlus/ShizukuPlus/manager/build/intermediates/merged_res/release/mergeReleaseResources/drawable_ic_server_ok_24.xml.flat
build	Build with Gradle	2026-06-06T12:25:03.8148017Z Compiling xml file /home/runner/.gradle/caches/8.14/transforms/a6084efd8e6c9ff951c8e72453f81ad6/transformed/material-1.14.0-beta01/res/color/material_timepicker_button_background.xml to /home/runner/work/ShizukuPlus/ShizukuPlus/manager/build/intermediates/merged_res/release/mergeReleaseResources/color_material_timepicker_button_background.xml.flat
build	Build with Gradle	2026-06-06T12:25:03.8151953Z Compiling xml file /home/runner/.gradle/caches/8.14/transforms/a6084efd8e6c9ff951c8e72453f81ad6/transformed/material-1.14.0-beta01/res/color/m3_text_button_background_color_selector.xml to /home/runner/work/ShizukuPlus/ShizukuPlus/manager/build/intermediates/merged_res/release/mergeReleaseResources/color_m3_text_button_background_color_selector.xml.flat
build	Build with Gradle	2026-06-06T12:25:03.8183777Z Compiling xml file /home/runner/.gradle/caches/8.14/transforms/0a9f0b23f2ae3b3d671937d923da2cba/transformed/glance-appwidget-1.1.1/res/layout-v33/column_center_horizontal_center_vertical.xml to /home/runner/work/ShizukuPlus/ShizukuPlus/manager/build/intermediates/merged_res/release/mergeReleaseResources/layout-v33_column_center_horizontal_center_vertical.xml.flat
build	Build with Gradle	2026-06-06T12:25:03.8194788Z Compiling xml file /home/runner/.gradle/caches/8.14/transforms/0a9f0b23f2ae3b3d671937d923da2cba/transformed/glance-appwidget-1.1.1/res/layout/column_center_horizontal_null_6children.xml to /home/runner/work/ShizukuPlus/ShizukuPlus/manager/build/intermediates/merged_res/release/mergeReleaseResources/layout_column_center_horizontal_null_6children.xml.flat
build	Build with Gradle	2026-06-06T12:25:03.8199879Z Compiling xml file /home/runner/.gradle/caches/8.14/transforms/a6084efd8e6c9ff951c8e72453f81ad6/transformed/material-1.14.0-beta01/res/color-v31/m3_dynamic_dark_default_color_primary_text.xml to /home/runner/work/ShizukuPlus/ShizukuPlus/manager/build/intermediates/merged_res/release/mergeReleaseResources/color-v31_m3_dynamic_dark_default_color_primary_text.xml.flat
build	Build with Gradle	2026-06-06T12:25:03.8210307Z Compiling xml file /home/runner/.gradle/caches/8.14/transforms/0a9f0b23f2ae3b3d671937d923da2cba/transformed/glance-appwidget-1.1.1/res/layout/column_end_null_0children.xml to /home/runner/work/ShizukuPlus/ShizukuPlus/manager/build/intermediates/merged_res/release/mergeReleaseResources/layout_column_end_null_0children.xml.flat
build	Build with Gradle	2026-06-06T12:25:03.8228519Z Compiling xml file /home/runner/.gradle/caches/8.14/transforms/0a9f0b23f2ae3b3d671937d923da2cba/transformed/glance-appwidget-1.1.1/res/layout-v33/glance_image_crop_decorative_end_top.xml to /home/runner/work/ShizukuPlus/ShizukuPlus/manager/build/intermediates/merged_res/release/mergeReleaseResources/layout-v33_glance_image_crop_decorative_end_top.xml.flat
build	Build with Gradle	2026-06-06T12:25:03.8233309Z Compiling xml file /home/runner/.gradle/caches/8.14/transforms/0a9f0b23f2ae3b3d671937d923da2cba/transformed/glance-appwidget-1.1.1/res/layout/box_start_center_vertical_5children.xml to /home/runner/work/ShizukuPlus/ShizukuPlus/manager/build/intermediates/merged_res/release/mergeReleaseResources/layout_box_start_center_vertical_5children.xml.flat
build	Build with Gradle	2026-06-06T12:25:03.8247820Z Compiling xml file /home/runner/.gradle/caches/8.14/transforms/a6084efd8e6c9ff951c8e72453f81ad6/transformed/material-1.14.0-beta01/res/color/m3_timepicker_display_background_color.xml to /home/runner/work/ShizukuPlus/ShizukuPlus/manager/build/intermediates/merged_res/release/mergeReleaseResources/color_m3_timepicker_display_background_color.xml.flat
build	Build with Gradle	2026-06-06T12:25:03.8253528Z Compiling xml file /home/runner/.gradle/caches/8.14/transforms/0a9f0b23f2ae3b3d671937d923da2cba/transformed/glance-appwidget-1.1.1/res/layout/row_null_top_9children.xml to /home/runner/work/ShizukuPlus/ShizukuPlus/manager/build/intermediates/merged_res/release/mergeReleaseResources/layout_row_null_top_9children.xml.flat
build	Build with Gradle	2026-06-06T12:25:03.8260561Z Compiling xml file /home/runner/.gradle/caches/8.14/transforms/0a9f0b23f2ae3b3d671937d923da2cba/transformed/glance-appwidget-1.1.1/res/layout/box_center_horizontal_bottom_10children.xml to /home/runner/work/ShizukuPlus/ShizukuPlus/manager/build/intermediates/merged_res/release/mergeReleaseResources/layout_box_center_horizontal_bottom_10children.xml.flat
build	Build with Gradle	2026-06-06T12:25:03.8304845Z Compiling xml file /home/runner/.gradle/caches/8.14/transforms/a6084efd8e6c9ff951c8e72453f81ad6/transformed/material-1.14.0-beta01/res/drawable/mtrl_checkbox_button_checked_unchecked.xml to /home/runner/work/ShizukuPlus/ShizukuPlus/manager/build/intermediates/merged_res/release/mergeReleaseResources/drawable_mtrl_checkbox_button_checked_unchecked.xml.flat
build	Build with Gradle	2026-06-06T12:25:03.8313869Z Compiling xml file /home/runner/.gradle/caches/8.14/transforms/a6084efd8e6c9ff951c8e72453f81ad6/transformed/material-1.14.0-beta01/res/color/m3_tabs_ripple_color_secondary.xml to /home/runner/work/ShizukuPlus/ShizukuPlus/manager/build/intermediates/merged_res/release/mergeReleaseResources/color_m3_tabs_ripple_color_secondary.xml.flat
build	Build with Gradle	2026-06-06T12:25:03.8320862Z Compiling xml file /home/runner/work/ShizukuPlus/ShizukuPlus/manager/build/generated/materialThemeBuilder/release/res/color/m3_text_color_on_tertiary_container_medium_emphasis.xml to /home/runner/work/ShizukuPlus/ShizukuPlus/manager/build/intermediates/merged_res/release/mergeReleaseResources/color_m3_text_color_on_tertiary_container_medium_emphasis.xml.flat
build	Build with Gradle	2026-06-06T12:25:03.8325840Z Compiling xml file /home/runner/.gradle/caches/8.14/transforms/484f1985b8141e4d4ca38f4ab7092551/transformed/library-1.2.0/res/drawable/afs_md2_thumb.xml to /home/runner/work/ShizukuPlus/ShizukuPlus/manager/build/intermediates/merged_res/release/mergeReleaseResources/drawable_afs_md2_thumb.xml.flat
build	Build with Gradle	2026-06-06T12:25:03.8329802Z Compiling xml file /home/runner/.gradle/caches/8.14/transforms/0a9f0b23f2ae3b3d671937d923da2cba/transformed/glance-appwidget-1.1.1/res/layout-v33/glance_list_end_bottom.xml to /home/runner/work/ShizukuPlus/ShizukuPlus/manager/build/intermediates/merged_res/release/mergeReleaseResources/layout-v33_glance_list_end_bottom.xml.flat
build	Build with Gradle	2026-06-06T12:25:03.8334525Z Compiling xml file /home/runner/.gradle/caches/8.14/transforms/0a9f0b23f2ae3b3d671937d923da2cba/transformed/glance-appwidget-1.1.1/res/drawable/glance_component_square_button_ripple.xml to /home/runner/work/ShizukuPlus/ShizukuPlus/manager/build/intermediates/merged_res/release/mergeReleaseResources/drawable_glance_component_square_button_ripple.xml.flat
build	Build with Gradle	2026-06-06T12:25:03.8339086Z Compiling xml file /home/runner/.gradle/caches/8.14/transforms/0a9f0b23f2ae3b3d671937d923da2cba/transformed/glance-appwidget-1.1.1/res/layout/row_null_top_10children.xml to /home/runner/work/ShizukuPlus/ShizukuPlus/manager/build/intermediates/merged_res/release/mergeReleaseResources/layout_row_null_top_10children.xml.flat
build	Build with Gradle	2026-06-06T12:25:03.8343482Z Compiling xml file /home/runner/work/ShizukuPlus/ShizukuPlus/manager/build/intermediates/incremental/release/mergeReleaseResources/stripped.dir/layout/layout_diagnostics_dashboard.xml to /home/runner/work/ShizukuPlus/ShizukuPlus/manager/build/intermediates/merged_res/release/mergeReleaseResources/layout_layout_diagnostics_dashboard.xml.flat
build	Build with Gradle	2026-06-06T12:25:03.8351476Z Compiling xml file /home/runner/.gradle/caches/8.14/transforms/0a9f0b23f2ae3b3d671937d923da2cba/transformed/glance-appwidget-1.1.1/res/layout-v33/glance_vertical_grid_three_columns_end_top.xml to /home/runner/work/ShizukuPlus/ShizukuPlus/manager/build/intermediates/merged_res/release/mergeReleaseResources/layout-v33_glance_vertical_grid_three_columns_end_top.xml.flat
build	Build with Gradle	2026-06-06T12:25:03.8368892Z Compiling xml file /home/runner/.gradle/caches/8.14/transforms/a6084efd8e6c9ff951c8e72453f81ad6/transformed/material-1.14.0-beta01/res/color/m3_assist_chip_stroke_color.xml to /home/runner/work/ShizukuPlus/ShizukuPlus/manager/build/intermediates/merged_res/release/mergeReleaseResources/color_m3_assist_chip_stroke_color.xml.flat
build	Build with Gradle	2026-06-06T12:25:03.8376599Z Compiling xml file /home/runner/.gradle/caches/8.14/transforms/0a9f0b23f2ae3b3d671937d923da2cba/transformed/glance-appwidget-1.1.1/res/layout/complex_fixed_wrap.xml to /home/runner/work/ShizukuPlus/ShizukuPlus/manager/build/intermediates/merged_res/release/mergeReleaseResources/layout_complex_fixed_wrap.xml.flat
build	Build with Gradle	2026-06-06T12:25:03.8381048Z Compiling xml file /home/runner/.gradle/caches/8.14/transforms/0a9f0b23f2ae3b3d671937d923da2cba/transformed/glance-appwidget-1.1.1/res/layout/root_match_match.xml to /home/runner/work/ShizukuPlus/ShizukuPlus/manager/build/intermediates/merged_res/release/mergeReleaseResources/layout_root_match_match.xml.flat
build	Build with Gradle	2026-06-06T12:25:03.8385065Z Compiling xml file /home/runner/work/ShizukuPlus/ShizukuPlus/manager/src/main/res/drawable/ic_power_settings_new_24.xml to /home/runner/work/ShizukuPlus/ShizukuPlus/manager/build/intermediates/merged_res/release/mergeReleaseResources/drawable_ic_power_settings_new_24.xml.flat
build	Build with Gradle	2026-06-06T12:25:03.8388806Z Compiling xml file /home/runner/.gradle/caches/8.14/transforms/a6084efd8e6c9ff951c8e72453f81ad6/transformed/material-1.14.0-beta01/res/color/mtrl_btn_text_color_selector.xml to /home/runner/work/ShizukuPlus/ShizukuPlus/manager/build/intermediates/merged_res/release/mergeReleaseResources/color_mtrl_btn_text_color_selector.xml.flat
build	Build with Gradle	2026-06-06T12:25:03.8392768Z Compiling xml file /home/runner/.gradle/caches/8.14/transforms/0a9f0b23f2ae3b3d671937d923da2cba/transformed/glance-appwidget-1.1.1/res/layout-v33/glance_image_fit_decorative_end_top.xml to /home/runner/work/ShizukuPlus/ShizukuPlus/manager/build/intermediates/merged_res/release/mergeReleaseResources/layout-v33_glance_image_fit_decorative_end_top.xml.flat
build	Build with Gradle	2026-06-06T12:25:03.8398158Z Compiling xml file /home/runner/.gradle/caches/8.14/transforms/a6084efd8e6c9ff951c8e72453f81ad6/transformed/material-1.14.0-beta01/res/drawable/material_shape_cookie_7.xml to /home/runner/work/ShizukuPlus/ShizukuPlus/manager/build/intermediates/merged_res/release/mergeReleaseResources/drawable_material_shape_cookie_7.xml.flat
build	Build with Gradle	2026-06-06T12:25:03.8403541Z Compiling xml file /home/runner/.gradle/caches/8.14/transforms/f85a8706e3d3bf4df310b1b8ed66a067/transformed/material-2.7.2/res/drawable/m3_switch_track_light.xml to /home/runner/work/ShizukuPlus/ShizukuPlus/manager/build/intermediates/merged_res/release/mergeReleaseResources/drawable_m3_switch_track_light.xml.flat
build	Build with Gradle	2026-06-06T12:25:03.8408276Z Compiling xml file /home/runner/.gradle/caches/8.14/transforms/0a9f0b23f2ae3b3d671937d923da2cba/transformed/glance-appwidget-1.1.1/res/drawable/glance_component_m3_button_ripple.xml to /home/runner/work/ShizukuPlus/ShizukuPlus/manager/build/intermediates/merged_res/release/mergeReleaseResources/drawable_glance_component_m3_button_ripple.xml.flat
build	Build with Gradle	2026-06-06T12:25:03.8412910Z Compiling xml file /home/runner/.gradle/caches/8.14/transforms/a6084efd8e6c9ff951c8e72453f81ad6/transformed/material-1.14.0-beta01/res/anim/m3_side_sheet_exit_to_right.xml to /home/runner/work/ShizukuPlus/ShizukuPlus/manager/build/intermediates/merged_res/release/mergeReleaseResources/anim_m3_side_sheet_exit_to_right.xml.flat
build	Build with Gradle	2026-06-06T12:25:03.8418880Z Compiling xml file /home/runner/.gradle/caches/8.14/transforms/0a9f0b23f2ae3b3d671937d923da2cba/transformed/glance-appwidget-1.1.1/res/layout/box_start_bottom_0children.xml to /home/runner/work/ShizukuPlus/ShizukuPlus/manager/build/intermediates/merged_res/release/mergeReleaseResources/layout_box_start_bottom_0children.xml.flat
build	Build with Gradle	2026-06-06T12:25:03.8423775Z Compiling xml file /home/runner/.gradle/caches/8.14/transforms/a6084efd8e6c9ff951c8e72453f81ad6/transformed/material-1.14.0-beta01/res/color/m3_vibrant_toolbar_icon_button_container_color_selector.xml to /home/runner/work/ShizukuPlus/ShizukuPlus/manager/build/intermediates/merged_res/release/mergeReleaseResources/color_m3_vibrant_toolbar_icon_button_container_color_selector.xml.flat
build	Build with Gradle	2026-06-06T12:25:03.8429270Z Compiling xml file /home/runner/.gradle/caches/8.14/transforms/efa565396efa7c69fa280f54041abb1e/transformed/appcompat-1.6.1/res/drawable/btn_checkbox_unchecked_to_checked_mtrl_animation.xml to /home/runner/work/ShizukuPlus/ShizukuPlus/manager/build/intermediates/merged_res/release/mergeReleaseResources/drawable_btn_checkbox_unchecked_to_checked_mtrl_animation.xml.flat
build	Build with Gradle	2026-06-06T12:25:03.8435419Z Compiling xml file /home/runner/.gradle/caches/8.14/transforms/0a9f0b23f2ae3b3d671937d923da2cba/transformed/glance-appwidget-1.1.1/res/layout/box_start_bottom_7children.xml to /home/runner/work/ShizukuPlus/ShizukuPlus/manager/build/intermediates/merged_res/release/mergeReleaseResources/layout_box_start_bottom_7children.xml.flat
build	Build with Gradle	2026-06-06T12:25:03.8441308Z Compiling xml file /home/runner/.gradle/caches/8.14/transforms/0a9f0b23f2ae3b3d671937d923da2cba/transformed/glance-appwidget-1.1.1/res/layout/box_start_bottom_1children.xml to /home/runner/work/ShizukuPlus/ShizukuPlus/manager/build/intermediates/merged_res/release/mergeReleaseResources/layout_box_start_bottom_1children.xml.flat
build	Build with Gradle	2026-06-06T12:25:03.8446609Z Compiling xml file /home/runner/.gradle/caches/8.14/transforms/a8ffae57e8eb844c745e6c38f24a5dc3/transformed/preference-1.2.1/res/layout/preference_recyclerview.xml to /home/runner/work/ShizukuPlus/ShizukuPlus/manager/build/intermediates/merged_res/release/mergeReleaseResources/layout_preference_recyclerview.xml.flat
build	Build with Gradle	2026-06-06T12:25:03.8451350Z Compiling xml file /home/runner/.gradle/caches/8.14/transforms/0a9f0b23f2ae3b3d671937d923da2cba/transformed/glance-appwidget-1.1.1/res/layout-v31/column_child_start_null_group_1.xml to /home/runner/work/ShizukuPlus/ShizukuPlus/manager/build/intermediates/merged_res/release/mergeReleaseResources/layout-v31_column_child_start_null_group_1.xml.flat
build	Build with Gradle	2026-06-06T12:25:03.8457560Z Compiling xml file /home/runner/.gradle/caches/8.14/transforms/0a9f0b23f2ae3b3d671937d923da2cba/transformed/glance-appwidget-1.1.1/res/layout-v31/column_child_start_null_group_0.xml to /home/runner/work/ShizukuPlus/ShizukuPlus/manager/build/intermediates/merged_res/release/mergeReleaseResources/layout-v31_column_child_start_null_group_0.xml.flat
build	Build with Gradle	2026-06-06T12:25:03.8462159Z Compiling xml file /home/runner/.gradle/caches/8.14/transforms/0a9f0b23f2ae3b3d671937d923da2cba/transformed/glance-appwidget-1.1.1/res/layout-v31/column_child_start_null_group_8.xml to /home/runner/work/ShizukuPlus/ShizukuPlus/manager/build/intermediates/merged_res/release/mergeReleaseResources/layout-v31_column_child_start_null_group_8.xml.flat
build	Build with Gradle	2026-06-06T12:25:03.8466956Z Compiling xml file /home/runner/.gradle/caches/8.14/transforms/a6084efd8e6c9ff951c8e72453f81ad6/transformed/material-1.14.0-beta01/res/drawable/mtrl_ic_arrow_drop_up.xml to /home/runner/work/ShizukuPlus/ShizukuPlus/manager/build/intermediates/merged_res/release/mergeReleaseResources/drawable_mtrl_ic_arrow_drop_up.xml.flat
build	Build with Gradle	2026-06-06T12:25:03.8472086Z Compiling xml file /home/runner/.gradle/caches/8.14/transforms/0a9f0b23f2ae3b3d671937d923da2cba/transformed/glance-appwidget-1.1.1/res/layout-v33/glance_vertical_grid_auto_fit_center_horizontal_bottom.xml to /home/runner/work/ShizukuPlus/ShizukuPlus/manager/build/intermediates/merged_res/release/mergeReleaseResources/layout-v33_glance_vertical_grid_auto_fit_center_horizontal_bottom.xml.flat
build	Build with Gradle	2026-06-06T12:25:03.8478602Z Compiling xml file /home/runner/.gradle/caches/8.14/transforms/0a9f0b23f2ae3b3d671937d923da2cba/transformed/glance-appwidget-1.1.1/res/layout/radio_column_start_null_4children.xml to /home/runner/work/ShizukuPlus/ShizukuPlus/manager/build/intermediates/merged_res/release/mergeReleaseResources/layout_radio_column_start_null_4children.xml.flat
build	Build with Gradle	2026-06-06T12:25:03.8483227Z Compiling xml file /home/runner/.gradle/caches/8.14/transforms/0a9f0b23f2ae3b3d671937d923da2cba/transformed/glance-appwidget-1.1.1/res/layout/row_child_null_bottom_group_1.xml to /home/runner/work/ShizukuPlus/ShizukuPlus/manager/build/intermediates/merged_res/release/mergeReleaseResources/layout_row_child_null_bottom_group_1.xml.flat
build	Build with Gradle	2026-06-06T12:25:03.8488056Z Compiling xml file /home/runner/.gradle/caches/8.14/transforms/0a9f0b23f2ae3b3d671937d923da2cba/transformed/glance-appwidget-1.1.1/res/layout/row_child_null_bottom_group_5.xml to /home/runner/work/ShizukuPlus/ShizukuPlus/manager/build/intermediates/merged_res/release/mergeReleaseResources/layout_row_child_null_bottom_group_5.xml.flat
build	Build with Gradle	2026-06-06T12:25:03.8492418Z Compiling xml file /home/runner/.gradle/caches/8.14/transforms/0a9f0b23f2ae3b3d671937d923da2cba/transformed/glance-appwidget-1.1.1/res/layout/complex_expand_match.xml to /home/runner/work/ShizukuPlus/ShizukuPlus/manager/build/intermediates/merged_res/release/mergeReleaseResources/layout_complex_expand_match.xml.flat
build	Build with Gradle	2026-06-06T12:25:03.8503120Z Compiling xml file /home/runner/.gradle/caches/8.14/transforms/f85a8706e3d3bf4df310b1b8ed66a067/transformed/material-2.7.2/res/drawable/selectable_item_background_rounded_corner_with_padding.xml to /home/runner/work/ShizukuPlus/ShizukuPlus/manager/build/intermediates/merged_res/release/mergeReleaseResources/drawable_selectable_item_background_rounded_corner_with_padding.xml.flat
build	Build with Gradle	2026-06-06T12:25:03.8507011Z Compiling xml file /home/runner/work/ShizukuPlus/ShizukuPlus/manager/src/main/res/drawable/ic_install_24.xml to /home/runner/work/ShizukuPlus/ShizukuPlus/manager/build/intermediates/merged_res/release/mergeReleaseResources/drawable_ic_install_24.xml.flat
build	Build with Gradle	2026-06-06T12:25:03.8512035Z Compiling xml file /home/runner/.gradle/caches/8.14/transforms/a6084efd8e6c9ff951c8e72453f81ad6/transformed/material-1.14.0-beta01/res/color/m3_textfield_indicator_text_color.xml to /home/runner/work/ShizukuPlus/ShizukuPlus/manager/build/intermediates/merged_res/release/mergeReleaseResources/color_m3_textfield_indicator_text_color.xml.flat
build	Build with Gradle	2026-06-06T12:25:03.8517076Z Compiling xml file /home/runner/work/ShizukuPlus/ShizukuPlus/manager/build/intermediates/incremental/release/mergeReleaseResources/stripped.dir/layout/dialog_app_picker.xml to /home/runner/work/ShizukuPlus/ShizukuPlus/manager/build/intermediates/merged_res/release/mergeReleaseResources/layout_dialog_app_picker.xml.flat
build	Build with Gradle	2026-06-06T12:25:03.8521561Z Compiling xml file /home/runner/.gradle/caches/8.14/transforms/a6084efd8e6c9ff951c8e72453f81ad6/transformed/material-1.14.0-beta01/res/drawable/ic_mtrl_chip_checked_black.xml to /home/runner/work/ShizukuPlus/ShizukuPlus/manager/build/intermediates/merged_res/release/mergeReleaseResources/drawable_ic_mtrl_chip_checked_black.xml.flat
build	Build with Gradle	2026-06-06T12:25:03.8526608Z Compiling xml file /home/runner/.gradle/caches/8.14/transforms/0a9f0b23f2ae3b3d671937d923da2cba/transformed/glance-appwidget-1.1.1/res/layout-v33/glance_vertical_grid_auto_fit_expandwidth_wrapheight.xml to /home/runner/work/ShizukuPlus/ShizukuPlus/manager/build/intermediates/merged_res/release/mergeReleaseResources/layout-v33_glance_vertical_grid_auto_fit_expandwidth_wrapheight.xml.flat
build	Build with Gradle	2026-06-06T12:25:03.8531266Z Compiling xml file /home/runner/.gradle/caches/8.14/transforms/a6084efd8e6c9ff951c8e72453f81ad6/transformed/material-1.14.0-beta01/res/layout/design_text_input_end_icon.xml to /home/runner/work/ShizukuPlus/ShizukuPlus/manager/build/intermediates/merged_res/release/mergeReleaseResources/layout_design_text_input_end_icon.xml.flat
build	Build with Gradle	2026-06-06T12:25:03.8535938Z Compiling xml file /home/runner/.gradle/caches/8.14/transforms/a6084efd8e6c9ff951c8e72453f81ad6/transformed/material-1.14.0-beta01/res/color/m3_fab_efab_foreground_color_selector.xml to /home/runner/work/ShizukuPlus/ShizukuPlus/manager/build/intermediates/merged_res/release/mergeReleaseResources/color_m3_fab_efab_foreground_color_selector.xml.flat
build	Build with Gradle	2026-06-06T12:25:03.8540503Z Compiling xml file /home/runner/.gradle/caches/8.14/transforms/0a9f0b23f2ae3b3d671937d923da2cba/transformed/glance-appwidget-1.1.1/res/layout-v33/glance_list_start_bottom.xml to /home/runner/work/ShizukuPlus/ShizukuPlus/manager/build/intermediates/merged_res/release/mergeReleaseResources/layout-v33_glance_list_start_bottom.xml.flat
build	Build with Gradle	2026-06-06T12:25:03.8544932Z Compiling xml file /home/runner/.gradle/caches/8.14/transforms/a6084efd8e6c9ff951c8e72453f81ad6/transformed/material-1.14.0-beta01/res/color/m3_chip_background_color.xml to /home/runner/work/ShizukuPlus/ShizukuPlus/manager/build/intermediates/merged_res/release/mergeReleaseResources/color_m3_chip_background_color.xml.flat
build	Build with Gradle	2026-06-06T12:25:03.8549410Z Compiling xml file /home/runner/.gradle/caches/8.14/transforms/a6084efd8e6c9ff951c8e72453f81ad6/transformed/material-1.14.0-beta01/res/color/m3_list_item_background_color_selector.xml to /home/runner/work/ShizukuPlus/ShizukuPlus/manager/build/intermediates/merged_res/release/mergeReleaseResources/color_m3_list_item_background_color_selector.xml.flat
build	Build with Gradle	2026-06-06T12:25:03.8554204Z Compiling xml file /home/runner/.gradle/caches/8.14/transforms/a6084efd8e6c9ff951c8e72453f81ad6/transformed/material-1.14.0-beta01/res/color-v31/m3_dynamic_default_color_primary_text.xml to /home/runner/work/ShizukuPlus/ShizukuPlus/manager/build/intermediates/merged_res/release/mergeReleaseResources/color-v31_m3_dynamic_default_color_primary_text.xml.flat
build	Build with Gradle	2026-06-06T12:25:03.8561772Z Compiling xml file /home/runner/.gradle/caches/8.14/transforms/a6084efd8e6c9ff951c8e72453f81ad6/transformed/material-1.14.0-beta01/res/color/m3_control_highlight.xml to /home/runner/work/ShizukuPlus/ShizukuPlus/manager/build/intermediates/merged_res/release/mergeReleaseResources/color_m3_control_highlight.xml.flat
build	Build with Gradle	2026-06-06T12:25:03.8566644Z Compiling xml file /home/runner/.gradle/caches/8.14/transforms/0a9f0b23f2ae3b3d671937d923da2cba/transformed/glance-appwidget-1.1.1/res/layout/box_center_horizontal_bottom_5children.xml to /home/runner/work/ShizukuPlus/ShizukuPlus/manager/build/intermediates/merged_res/release/mergeReleaseResources/layout_box_center_horizontal_bottom_5children.xml.flat
build	Build with Gradle	2026-06-06T12:25:03.8571298Z Compiling xml file /home/runner/.gradle/caches/8.14/transforms/a6084efd8e6c9ff951c8e72453f81ad6/transformed/material-1.14.0-beta01/res/drawable/design_password_eye.xml to /home/runner/work/ShizukuPlus/ShizukuPlus/manager/build/intermediates/merged_res/release/mergeReleaseResources/drawable_design_password_eye.xml.flat
build	Build with Gradle	2026-06-06T12:25:03.8575375Z Compiling xml file /home/runner/work/ShizukuPlus/ShizukuPlus/manager/src/main/res/xml/accessibility_service_config.xml to /home/runner/work/ShizukuPlus/ShizukuPlus/manager/build/intermediates/merged_res/release/mergeReleaseResources/xml_accessibility_service_config.xml.flat
build	Build with Gradle	2026-06-06T12:25:03.8579716Z Compiling xml file /home/runner/.gradle/caches/8.14/transforms/efa565396efa7c69fa280f54041abb1e/transformed/appcompat-1.6.1/res/color-v23/abc_btn_colored_borderless_text_material.xml to /home/runner/work/ShizukuPlus/ShizukuPlus/manager/build/intermediates/merged_res/release/mergeReleaseResources/color-v23_abc_btn_colored_borderless_text_material.xml.flat
build	Build with Gradle	2026-06-06T12:25:03.8585848Z Compiling xml file /home/runner/.gradle/caches/8.14/transforms/0a9f0b23f2ae3b3d671937d923da2cba/transformed/glance-appwidget-1.1.1/res/drawable/glance_switch_thumb_off.xml to /home/runner/work/ShizukuPlus/ShizukuPlus/manager/build/intermediates/merged_res/release/mergeReleaseResources/drawable_glance_switch_thumb_off.xml.flat
build	Build with Gradle	2026-06-06T12:25:03.8590894Z Compiling xml file /home/runner/.gradle/caches/8.14/transforms/0a9f0b23f2ae3b3d671937d923da2cba/transformed/glance-appwidget-1.1.1/res/layout-v33/radio_column_end_center_vertical.xml to /home/runner/work/ShizukuPlus/ShizukuPlus/manager/build/intermediates/merged_res/release/mergeReleaseResources/layout-v33_radio_column_end_center_vertical.xml.flat
build	Build with Gradle	2026-06-06T12:25:03.8596586Z Compiling xml file /home/runner/.gradle/caches/8.14/transforms/efa565396efa7c69fa280f54041abb1e/transformed/appcompat-1.6.1/res/drawable/test_level_drawable.xml to /home/runner/work/ShizukuPlus/ShizukuPlus/manager/build/intermediates/merged_res/release/mergeReleaseResources/drawable_test_level_drawable.xml.flat
build	Build with Gradle	2026-06-06T12:25:03.8601661Z Compiling xml file /home/runner/.gradle/caches/8.14/transforms/a6084efd8e6c9ff951c8e72453f81ad6/transformed/material-1.14.0-beta01/res/drawable/mtrl_checkbox_button_unchecked_checked.xml to /home/runner/work/ShizukuPlus/ShizukuPlus/manager/build/intermediates/merged_res/release/mergeReleaseResources/drawable_mtrl_checkbox_button_unchecked_checked.xml.flat
build	Build with Gradle	2026-06-06T12:25:03.8606205Z Compiling xml file /home/runner/work/ShizukuPlus/ShizukuPlus/manager/build/generated/materialThemeBuilder/release/res/color/m3_text_color_on_primary.xml to /home/runner/work/ShizukuPlus/ShizukuPlus/manager/build/intermediates/merged_res/release/mergeReleaseResources/color_m3_text_color_on_primary.xml.flat
build	Build with Gradle	2026-06-06T12:25:03.8612114Z Compiling xml file /home/runner/.gradle/caches/8.14/transforms/0a9f0b23f2ae3b3d671937d923da2cba/transformed/glance-appwidget-1.1.1/res/layout-v33/glance_frame_end_center_vertical.xml to /home/runner/work/ShizukuPlus/ShizukuPlus/manager/build/intermediates/merged_res/release/mergeReleaseResources/layout-v33_glance_frame_end_center_vertical.xml.flat
build	Build with Gradle	2026-06-06T12:25:03.8616788Z Compiling xml file /home/runner/.gradle/caches/8.14/transforms/a6084efd8e6c9ff951c8e72453f81ad6/transformed/material-1.14.0-beta01/res/drawable/mtrl_checkbox_button_icon.xml to /home/runner/work/ShizukuPlus/ShizukuPlus/manager/build/intermediates/merged_res/release/mergeReleaseResources/drawable_mtrl_checkbox_button_icon.xml.flat
build	Build with Gradle	2026-06-06T12:25:03.8621424Z Compiling xml file /home/runner/.gradle/caches/8.14/transforms/4d1f2d6f8fcd4d0456ade74253b328dd/transformed/simplemenu-preference-1.0.3/res/anim/grow_fade_in_center.xml to /home/runner/work/ShizukuPlus/ShizukuPlus/manager/build/intermediates/merged_res/release/mergeReleaseResources/anim_grow_fade_in_center.xml.flat
build	Build with Gradle	2026-06-06T12:25:03.8626142Z Compiling xml file /home/runner/work/ShizukuPlus/ShizukuPlus/manager/build/intermediates/incremental/release/mergeReleaseResources/stripped.dir/layout/collapsible_preference_category_card.xml to /home/runner/work/ShizukuPlus/ShizukuPlus/manager/build/intermediates/merged_res/release/mergeReleaseResources/layout_collapsible_preference_category_card.xml.flat
build	Build with Gradle	2026-06-06T12:25:03.8632275Z Compiling xml file /home/runner/.gradle/caches/8.14/transforms/a6084efd8e6c9ff951c8e72453f81ad6/transformed/material-1.14.0-beta01/res/color/m3_dark_primary_text_disable_only.xml to /home/runner/work/ShizukuPlus/ShizukuPlus/manager/build/intermediates/merged_res/release/mergeReleaseResources/color_m3_dark_primary_text_disable_only.xml.flat
build	Build with Gradle	2026-06-06T12:25:03.8636908Z Compiling xml file /home/runner/.gradle/caches/8.14/transforms/a6084efd8e6c9ff951c8e72453f81ad6/transformed/material-1.14.0-beta01/res/color/m3_simple_item_ripple_color.xml to /home/runner/work/ShizukuPlus/ShizukuPlus/manager/build/intermediates/merged_res/release/mergeReleaseResources/color_m3_simple_item_ripple_color.xml.flat
build	Build with Gradle	2026-06-06T12:25:03.8641751Z Compiling xml file /home/runner/.gradle/caches/8.14/transforms/a6084efd8e6c9ff951c8e72453f81ad6/transformed/material-1.14.0-beta01/res/color/m3_timepicker_secondary_text_button_ripple_color.xml to /home/runner/work/ShizukuPlus/ShizukuPlus/manager/build/intermediates/merged_res/release/mergeReleaseResources/color_m3_timepicker_secondary_text_button_ripple_color.xml.flat
build	Build with Gradle	2026-06-06T12:25:03.8647813Z Compiling xml file /home/runner/.gradle/caches/8.14/transforms/efa565396efa7c69fa280f54041abb1e/transformed/appcompat-1.6.1/res/color/abc_search_url_text.xml to /home/runner/work/ShizukuPlus/ShizukuPlus/manager/build/intermediates/merged_res/release/mergeReleaseResources/color_abc_search_url_text.xml.flat
build	Build with Gradle	2026-06-06T12:25:03.8654037Z Compiling xml file /home/runner/.gradle/caches/8.14/transforms/efa565396efa7c69fa280f54041abb1e/transformed/appcompat-1.6.1/res/layout/abc_action_bar_title_item.xml to /home/runner/work/ShizukuPlus/ShizukuPlus/manager/build/intermediates/merged_res/release/mergeReleaseResources/layout_abc_action_bar_title_item.xml.flat
build	Build with Gradle	2026-06-06T12:25:03.8658770Z Compiling xml file /home/runner/work/ShizukuPlus/ShizukuPlus/manager/build/intermediates/incremental/release/mergeReleaseResources/stripped.dir/layout/confirmation_dialog.xml to /home/runner/work/ShizukuPlus/ShizukuPlus/manager/build/intermediates/merged_res/release/mergeReleaseResources/layout_confirmation_dialog.xml.flat
build	Build with Gradle	2026-06-06T12:25:03.8663405Z Compiling xml file /home/runner/.gradle/caches/8.14/transforms/0a9f0b23f2ae3b3d671937d923da2cba/transformed/glance-appwidget-1.1.1/res/layout-v33/glance_check_box_backport_end_bottom.xml to /home/runner/work/ShizukuPlus/ShizukuPlus/manager/build/intermediates/merged_res/release/mergeReleaseResources/layout-v33_glance_check_box_backport_end_bottom.xml.flat
build	Build with Gradle	2026-06-06T12:25:03.8668187Z Compiling xml file /home/runner/.gradle/caches/8.14/transforms/a6084efd8e6c9ff951c8e72453f81ad6/transformed/material-1.14.0-beta01/res/layout/design_layout_tab_icon.xml to /home/runner/work/ShizukuPlus/ShizukuPlus/manager/build/intermediates/merged_res/release/mergeReleaseResources/layout_design_layout_tab_icon.xml.flat
build	Build with Gradle	2026-06-06T12:25:03.8672552Z Compiling xml file /home/runner/.gradle/caches/8.14/transforms/0a9f0b23f2ae3b3d671937d923da2cba/transformed/glance-appwidget-1.1.1/res/layout/radio_row_null_top_9children.xml to /home/runner/work/ShizukuPlus/ShizukuPlus/manager/build/intermediates/merged_res/release/mergeReleaseResources/layout_radio_row_null_top_9children.xml.flat
build	Build with Gradle	2026-06-06T12:25:03.8676440Z Compiling xml file /home/runner/work/ShizukuPlus/ShizukuPlus/manager/src/main/res/drawable/ic_info_24.xml to /home/runner/work/ShizukuPlus/ShizukuPlus/manager/build/intermediates/merged_res/release/mergeReleaseResources/drawable_ic_info_24.xml.flat
build	Build with Gradle	2026-06-06T12:25:03.8680598Z Compiling xml file /home/runner/.gradle/caches/8.14/transforms/0a9f0b23f2ae3b3d671937d923da2cba/transformed/glance-appwidget-1.1.1/res/layout/box_end_top_7children.xml to /home/runner/work/ShizukuPlus/ShizukuPlus/manager/build/intermediates/merged_res/release/mergeReleaseResources/layout_box_end_top_7children.xml.flat
build	Build with Gradle	2026-06-06T12:25:03.8685098Z Compiling xml file /home/runner/.gradle/caches/8.14/transforms/efa565396efa7c69fa280f54041abb1e/transformed/appcompat-1.6.1/res/anim/btn_radio_to_on_mtrl_dot_group_animation.xml to /home/runner/work/ShizukuPlus/ShizukuPlus/manager/build/intermediates/merged_res/release/mergeReleaseResources/anim_btn_radio_to_on_mtrl_dot_group_animation.xml.flat
build	Build with Gradle	2026-06-06T12:25:03.8689584Z Compiling xml file /home/runner/.gradle/caches/8.14/transforms/efa565396efa7c69fa280f54041abb1e/transformed/appcompat-1.6.1/res/layout-v26/abc_screen_toolbar.xml to /home/runner/work/ShizukuPlus/ShizukuPlus/manager/build/intermediates/merged_res/release/mergeReleaseResources/layout-v26_abc_screen_toolbar.xml.flat
build	Build with Gradle	2026-06-06T12:25:03.8693956Z Compiling xml file /home/runner/.gradle/caches/8.14/transforms/0a9f0b23f2ae3b3d671937d923da2cba/transformed/glance-appwidget-1.1.1/res/layout/box_child_end_bottom_group_9.xml to /home/runner/work/ShizukuPlus/ShizukuPlus/manager/build/intermediates/merged_res/release/mergeReleaseResources/layout_box_child_end_bottom_group_9.xml.flat
build	Build with Gradle	2026-06-06T12:25:03.8698847Z Compiling xml file /home/runner/.gradle/caches/8.14/transforms/0a9f0b23f2ae3b3d671937d923da2cba/transformed/glance-appwidget-1.1.1/res/layout/box_child_end_bottom_group_5.xml to /home/runner/work/ShizukuPlus/ShizukuPlus/manager/build/intermediates/merged_res/release/mergeReleaseResources/layout_box_child_end_bottom_group_5.xml.flat
build	Build with Gradle	2026-06-06T12:25:03.8704061Z Compiling xml file /home/runner/.gradle/caches/8.14/transforms/efa565396efa7c69fa280f54041abb1e/transformed/appcompat-1.6.1/res/interpolator/btn_checkbox_checked_mtrl_animation_interpolator_0.xml to /home/runner/work/ShizukuPlus/ShizukuPlus/manager/build/intermediates/merged_res/release/mergeReleaseResources/interpolator_btn_checkbox_checked_mtrl_animation_interpolator_0.xml.flat
build	Build with Gradle	2026-06-06T12:25:03.8709238Z Compiling xml file /home/runner/.gradle/caches/8.14/transforms/0a9f0b23f2ae3b3d671937d923da2cba/transformed/glance-appwidget-1.1.1/res/layout-v33/glance_vertical_grid_one_column_end_bottom.xml to /home/runner/work/ShizukuPlus/ShizukuPlus/manager/build/intermediates/merged_res/release/mergeReleaseResources/layout-v33_glance_vertical_grid_one_column_end_bottom.xml.flat
build	Build with Gradle	2026-06-06T12:25:03.8713983Z Compiling xml file /home/runner/.gradle/caches/8.14/transforms/efa565396efa7c69fa280f54041abb1e/transformed/appcompat-1.6.1/res/drawable/abc_text_cursor_material.xml to /home/runner/work/ShizukuPlus/ShizukuPlus/manager/build/intermediates/merged_res/release/mergeReleaseResources/drawable_abc_text_cursor_material.xml.flat
build	Build with Gradle	2026-06-06T12:25:03.8721543Z Compiling xml file /home/runner/.gradle/caches/8.14/transforms/0a9f0b23f2ae3b3d671937d923da2cba/transformed/glance-appwidget-1.1.1/res/layout-v33/glance_vertical_grid_one_column_center_horizontal_center_vertical.xml to /home/runner/work/ShizukuPlus/ShizukuPlus/manager/build/intermediates/merged_res/release/mergeReleaseResources/layout-v33_glance_vertical_grid_one_column_center_horizontal_center_vertical.xml.flat
build	Build with Gradle	2026-06-06T12:25:03.8726529Z Compiling xml file /home/runner/.gradle/caches/8.14/transforms/0a9f0b23f2ae3b3d671937d923da2cba/transformed/glance-appwidget-1.1.1/res/layout/box_child_end_bottom_group_0.xml to /home/runner/work/ShizukuPlus/ShizukuPlus/manager/build/intermediates/merged_res/release/mergeReleaseResources/layout_box_child_end_bottom_group_0.xml.flat
build	Build with Gradle	2026-06-06T12:25:03.8732904Z Compiling xml file /home/runner/.gradle/caches/8.14/transforms/0a9f0b23f2ae3b3d671937d923da2cba/transformed/glance-appwidget-1.1.1/res/layout-v33/glance_circular_progress_indicator_start_bottom.xml to /home/runner/work/ShizukuPlus/ShizukuPlus/manager/build/intermediates/merged_res/release/mergeReleaseResources/layout-v33_glance_circular_progress_indicator_start_bottom.xml.flat
build	Build with Gradle	2026-06-06T12:25:03.8738083Z Compiling xml file /home/runner/.gradle/caches/8.14/transforms/0a9f0b23f2ae3b3d671937d923da2cba/transformed/glance-appwidget-1.1.1/res/layout/radio_row_null_center_vertical_0children.xml to /home/runner/work/ShizukuPlus/ShizukuPlus/manager/build/intermediates/merged_res/release/mergeReleaseResources/layout_radio_row_null_center_vertical_0children.xml.flat
build	Build with Gradle	2026-06-06T12:25:03.8742669Z Compiling xml file /home/runner/.gradle/caches/8.14/transforms/efa565396efa7c69fa280f54041abb1e/transformed/appcompat-1.6.1/res/layout/abc_alert_dialog_material.xml to /home/runner/work/ShizukuPlus/ShizukuPlus/manager/build/intermediates/merged_res/release/mergeReleaseResources/layout_abc_alert_dialog_material.xml.flat
build	Build with Gradle	2026-06-06T12:25:03.8750291Z Compiling xml file /home/runner/.gradle/caches/8.14/transforms/a6084efd8e6c9ff951c8e72453f81ad6/transformed/material-1.14.0-beta01/res/layout/mtrl_auto_complete_simple_item.xml to /home/runner/work/ShizukuPlus/ShizukuPlus/manager/build/intermediates/merged_res/release/mergeReleaseResources/layout_mtrl_auto_complete_simple_item.xml.flat
build	Build with Gradle	2026-06-06T12:25:03.8755110Z Compiling xml file /home/runner/.gradle/caches/8.14/transforms/0a9f0b23f2ae3b3d671937d923da2cba/transformed/glance-appwidget-1.1.1/res/layout-v33/glance_check_box_center_horizontal_bottom.xml to /home/runner/work/ShizukuPlus/ShizukuPlus/manager/build/intermediates/merged_res/release/mergeReleaseResources/layout-v33_glance_check_box_center_horizontal_bottom.xml.flat
build	Build with Gradle	2026-06-06T12:25:03.8760330Z Compiling xml file /home/runner/.gradle/caches/8.14/transforms/0a9f0b23f2ae3b3d671937d923da2cba/transformed/glance-appwidget-1.1.1/res/layout-v31/box_child_start_bottom_group_3.xml to /home/runner/work/ShizukuPlus/ShizukuPlus/manager/build/intermediates/merged_res/release/mergeReleaseResources/layout-v31_box_child_start_bottom_group_3.xml.flat
build	Build with Gradle	2026-06-06T12:25:03.8765365Z Compiling xml file /home/runner/.gradle/caches/8.14/transforms/0a9f0b23f2ae3b3d671937d923da2cba/transformed/glance-appwidget-1.1.1/res/layout-v31/box_child_start_bottom_group_1.xml to /home/runner/work/ShizukuPlus/ShizukuPlus/manager/build/intermediates/merged_res/release/mergeReleaseResources/layout-v31_box_child_start_bottom_group_1.xml.flat
build	Build with Gradle	2026-06-06T12:25:03.8771880Z Compiling xml file /home/runner/.gradle/caches/8.14/transforms/efa565396efa7c69fa280f54041abb1e/transformed/appcompat-1.6.1/res/drawable/abc_ratingbar_material.xml to /home/runner/work/ShizukuPlus/ShizukuPlus/manager/build/intermediates/merged_res/release/mergeReleaseResources/drawable_abc_ratingbar_material.xml.flat
build	Build with Gradle	2026-06-06T12:25:03.8776531Z Compiling xml file /home/runner/.gradle/caches/8.14/transforms/0a9f0b23f2ae3b3d671937d923da2cba/transformed/glance-appwidget-1.1.1/res/layout/complex_fixed_expand.xml to /home/runner/work/ShizukuPlus/ShizukuPlus/manager/build/intermediates/merged_res/release/mergeReleaseResources/layout_complex_fixed_expand.xml.flat
build	Build with Gradle	2026-06-06T12:25:03.8781216Z Compiling xml file /home/runner/.gradle/caches/8.14/transforms/a6084efd8e6c9ff951c8e72453f81ad6/transformed/material-1.14.0-beta01/res/drawable/material_shape_fan.xml to /home/runner/work/ShizukuPlus/ShizukuPlus/manager/build/intermediates/merged_res/release/mergeReleaseResources/drawable_material_shape_fan.xml.flat
build	Build with Gradle	2026-06-06T12:25:03.8786901Z Compiling xml file /home/runner/.gradle/caches/8.14/transforms/0a9f0b23f2ae3b3d671937d923da2cba/transformed/glance-appwidget-1.1.1/res/layout-v31/box_child_start_top_group_8.xml to /home/runner/work/ShizukuPlus/ShizukuPlus/manager/build/intermediates/merged_res/release/mergeReleaseResources/layout-v31_box_child_start_top_group_8.xml.flat
build	Build with Gradle	2026-06-06T12:25:03.8791325Z Compiling xml file /home/runner/.gradle/caches/8.14/transforms/0a9f0b23f2ae3b3d671937d923da2cba/transformed/glance-appwidget-1.1.1/res/layout-v31/box_child_start_top_group_4.xml to /home/runner/work/ShizukuPlus/ShizukuPlus/manager/build/intermediates/merged_res/release/mergeReleaseResources/layout-v31_box_child_start_top_group_4.xml.flat
build	Build with Gradle	2026-06-06T12:25:03.8796217Z Compiling xml file /home/runner/.gradle/caches/8.14/transforms/0a9f0b23f2ae3b3d671937d923da2cba/transformed/glance-appwidget-1.1.1/res/layout-v31/box_child_start_top_group_0.xml to /home/runner/work/ShizukuPlus/ShizukuPlus/manager/build/intermediates/merged_res/release/mergeReleaseResources/layout-v31_box_child_start_top_group_0.xml.flat
build	Build with Gradle	2026-06-06T12:25:03.8800305Z Compiling xml file /home/runner/work/ShizukuPlus/ShizukuPlus/manager/src/main/res/drawable/ic_window_24.xml to /home/runner/work/ShizukuPlus/ShizukuPlus/manager/build/intermediates/merged_res/release/mergeReleaseResources/drawable_ic_window_24.xml.flat
build	Build with Gradle	2026-06-06T12:25:03.8804194Z Compiling xml file /home/runner/.gradle/caches/8.14/transforms/a6084efd8e6c9ff951c8e72453f81ad6/transformed/material-1.14.0-beta01/res/color/m3_selection_control_ripple_color_selector.xml to /home/runner/work/ShizukuPlus/ShizukuPlus/manager/build/intermediates/merged_res/release/mergeReleaseResources/color_m3_selection_control_ripple_color_selector.xml.flat
build	Build with Gradle	2026-06-06T12:25:03.8808904Z Compiling xml file /home/runner/.gradle/caches/8.14/transforms/0a9f0b23f2ae3b3d671937d923da2cba/transformed/glance-appwidget-1.1.1/res/layout/box_child_start_top_group_0.xml to /home/runner/work/ShizukuPlus/ShizukuPlus/manager/build/intermediates/merged_res/release/mergeReleaseResources/layout_box_child_start_top_group_0.xml.flat
build	Build with Gradle	2026-06-06T12:25:03.8812669Z Compiling xml file /home/runner/.gradle/caches/8.14/transforms/0a9f0b23f2ae3b3d671937d923da2cba/transformed/glance-appwidget-1.1.1/res/layout/box_child_start_top_group_4.xml to /home/runner/work/ShizukuPlus/ShizukuPlus/manager/build/intermediates/merged_res/release/mergeReleaseResources/layout_box_child_start_top_group_4.xml.flat
build	Build with Gradle	2026-06-06T12:25:03.8817073Z Compiling xml file /home/runner/.gradle/caches/8.14/transforms/a6084efd8e6c9ff951c8e72453f81ad6/transformed/material-1.14.0-beta01/res/color-night-v8/material_timepicker_modebutton_tint.xml to /home/runner/work/ShizukuPlus/ShizukuPlus/manager/build/intermediates/merged_res/release/mergeReleaseResources/color-night-v8_material_timepicker_modebutton_tint.xml.flat
build	Build with Gradle	2026-06-06T12:25:03.8821619Z Compiling xml file /home/runner/.gradle/caches/8.14/transforms/a6084efd8e6c9ff951c8e72453f81ad6/transformed/material-1.14.0-beta01/res/color/m3_timepicker_display_ripple_color.xml to /home/runner/work/ShizukuPlus/ShizukuPlus/manager/build/intermediates/merged_res/release/mergeReleaseResources/color_m3_timepicker_display_ripple_color.xml.flat
build	Build with Gradle	2026-06-06T12:25:03.8826182Z Compiling xml file /home/runner/.gradle/caches/8.14/transforms/0a9f0b23f2ae3b3d671937d923da2cba/transformed/glance-appwidget-1.1.1/res/layout-v31/column_child_end_null_group_9.xml to /home/runner/work/ShizukuPlus/ShizukuPlus/manager/build/intermediates/merged_res/release/mergeReleaseResources/layout-v31_column_child_end_null_group_9.xml.flat
build	Build with Gradle	2026-06-06T12:25:03.8830668Z Compiling xml file /home/runner/.gradle/caches/8.14/transforms/0a9f0b23f2ae3b3d671937d923da2cba/transformed/glance-appwidget-1.1.1/res/layout-v31/column_child_end_null_group_5.xml to /home/runner/work/ShizukuPlus/ShizukuPlus/manager/build/intermediates/merged_res/release/mergeReleaseResources/layout-v31_column_child_end_null_group_5.xml.flat
build	Build with Gradle	2026-06-06T12:25:03.8835133Z Compiling xml file /home/runner/.gradle/caches/8.14/transforms/0a9f0b23f2ae3b3d671937d923da2cba/transformed/glance-appwidget-1.1.1/res/drawable/glance_switch_track.xml to /home/runner/work/ShizukuPlus/ShizukuPlus/manager/build/intermediates/merged_res/release/mergeReleaseResources/drawable_glance_switch_track.xml.flat
build	Build with Gradle	2026-06-06T12:25:03.8839789Z Compiling xml file /home/runner/.gradle/caches/8.14/transforms/0a9f0b23f2ae3b3d671937d923da2cba/transformed/glance-appwidget-1.1.1/res/layout/radio_row_null_center_vertical_2children.xml to /home/runner/work/ShizukuPlus/ShizukuPlus/manager/build/intermediates/merged_res/release/mergeReleaseResources/layout_radio_row_null_center_vertical_2children.xml.flat
build	Build with Gradle	2026-06-06T12:25:03.8845760Z Compiling xml file /home/runner/.gradle/caches/8.14/transforms/a6084efd8e6c9ff951c8e72453f81ad6/transformed/material-1.14.0-beta01/res/animator/m3_appbar_state_list_animator.xml to /home/runner/work/ShizukuPlus/ShizukuPlus/manager/build/intermediates/merged_res/release/mergeReleaseResources/animator_m3_appbar_state_list_animator.xml.flat
build	Build with Gradle	2026-06-06T12:25:03.8850380Z Compiling xml file /home/runner/.gradle/caches/8.14/transforms/0a9f0b23f2ae3b3d671937d923da2cba/transformed/glance-appwidget-1.1.1/res/layout/box_end_top_0children.xml to /home/runner/work/ShizukuPlus/ShizukuPlus/manager/build/intermediates/merged_res/release/mergeReleaseResources/layout_box_end_top_0children.xml.flat
build	Build with Gradle	2026-06-06T12:25:03.8857993Z Compiling xml file /home/runner/.gradle/caches/8.14/transforms/0a9f0b23f2ae3b3d671937d923da2cba/transformed/glance-appwidget-1.1.1/res/layout-v33/radio_column_wrapwidth_expandheight.xml to /home/runner/work/ShizukuPlus/ShizukuPlus/manager/build/intermediates/merged_res/release/mergeReleaseResources/layout-v33_radio_column_wrapwidth_expandheight.xml.flat
build	Build with Gradle	2026-06-06T12:25:03.8862719Z Compiling xml file /home/runner/.gradle/caches/8.14/transforms/0a9f0b23f2ae3b3d671937d923da2cba/transformed/glance-appwidget-1.1.1/res/layout/box_child_start_bottom_group_8.xml to /home/runner/work/ShizukuPlus/ShizukuPlus/manager/build/intermediates/merged_res/release/mergeReleaseResources/layout_box_child_start_bottom_group_8.xml.flat
build	Build with Gradle	2026-06-06T12:25:03.8867595Z Compiling xml file /home/runner/.gradle/caches/8.14/transforms/0a9f0b23f2ae3b3d671937d923da2cba/transformed/glance-appwidget-1.1.1/res/layout/box_child_start_bottom_group_3.xml to /home/runner/work/ShizukuPlus/ShizukuPlus/manager/build/intermediates/merged_res/release/mergeReleaseResources/layout_box_child_start_bottom_group_3.xml.flat
build	Build with Gradle	2026-06-06T12:25:03.8872555Z Compiling xml file /home/runner/.gradle/caches/8.14/transforms/0a9f0b23f2ae3b3d671937d923da2cba/transformed/glance-appwidget-1.1.1/res/layout/box_child_start_bottom_group_2.xml to /home/runner/work/ShizukuPlus/ShizukuPlus/manager/build/intermediates/merged_res/release/mergeReleaseResources/layout_box_child_start_bottom_group_2.xml.flat
build	Build with Gradle	2026-06-06T12:25:03.8876841Z Compiling xml file /home/runner/.gradle/caches/8.14/transforms/efa565396efa7c69fa280f54041abb1e/transformed/appcompat-1.6.1/res/drawable/abc_cab_background_internal_bg.xml to /home/runner/work/ShizukuPlus/ShizukuPlus/manager/build/intermediates/merged_res/release/mergeReleaseResources/drawable_abc_cab_background_internal_bg.xml.flat
build	Build with Gradle	2026-06-06T12:25:03.8881504Z Compiling xml file /home/runner/.gradle/caches/8.14/transforms/a6084efd8e6c9ff951c8e72453f81ad6/transformed/material-1.14.0-beta01/res/layout/material_radial_view_group.xml to /home/runner/work/ShizukuPlus/ShizukuPlus/manager/build/intermediates/merged_res/release/mergeReleaseResources/layout_material_radial_view_group.xml.flat
build	Build with Gradle	2026-06-06T12:25:03.8885667Z Compiling xml file /home/runner/.gradle/caches/8.14/transforms/a6084efd8e6c9ff951c8e72453f81ad6/transformed/material-1.14.0-beta01/res/drawable/material_shape_pixel_triangle.xml to /home/runner/work/ShizukuPlus/ShizukuPlus/manager/build/intermediates/merged_res/release/mergeReleaseResources/drawable_material_shape_pixel_triangle.xml.flat
build	Build with Gradle	2026-06-06T12:25:03.8891525Z Compiling xml file /home/runner/.gradle/caches/8.14/transforms/a6084efd8e6c9ff951c8e72453f81ad6/transformed/material-1.14.0-beta01/res/color/material_slider_active_track_color.xml to /home/runner/work/ShizukuPlus/ShizukuPlus/manager/build/intermediates/merged_res/release/mergeReleaseResources/color_material_slider_active_track_color.xml.flat
build	Build with Gradle	2026-06-06T12:25:03.8897780Z Compiling xml file /home/runner/.gradle/caches/8.14/transforms/a6084efd8e6c9ff951c8e72453f81ad6/transformed/material-1.14.0-beta01/res/color/material_personalized_hint_foreground.xml to /home/runner/work/ShizukuPlus/ShizukuPlus/manager/build/intermediates/merged_res/release/mergeReleaseResources/color_material_personalized_hint_foreground.xml.flat
build	Build with Gradle	2026-06-06T12:25:03.8902567Z Compiling xml file /home/runner/.gradle/caches/8.14/transforms/a6084efd8e6c9ff951c8e72453f81ad6/transformed/material-1.14.0-beta01/res/drawable/mtrl_navigation_bar_item_background.xml to /home/runner/work/ShizukuPlus/ShizukuPlus/manager/build/intermediates/merged_res/release/mergeReleaseResources/drawable_mtrl_navigation_bar_item_background.xml.flat
build	Build with Gradle	2026-06-06T12:25:03.8906739Z Compiling xml file /home/runner/work/ShizukuPlus/ShizukuPlus/manager/src/main/res/drawable/ic_server_start_24.xml to /home/runner/work/ShizukuPlus/ShizukuPlus/manager/build/intermediates/merged_res/release/mergeReleaseResources/drawable_ic_server_start_24.xml.flat
build	Build with Gradle	2026-06-06T12:25:03.8912893Z Compiling xml file /home/runner/.gradle/caches/8.14/transforms/a6084efd8e6c9ff951c8e72453f81ad6/transformed/material-1.14.0-beta01/res/drawable/material_shape_pill.xml to /home/runner/work/ShizukuPlus/ShizukuPlus/manager/build/intermediates/merged_res/release/mergeReleaseResources/drawable_material_shape_pill.xml.flat
build	Build with Gradle	2026-06-06T12:25:03.8917549Z Compiling xml file /home/runner/work/ShizukuPlus/ShizukuPlus/manager/build/intermediates/incremental/release/mergeReleaseResources/stripped.dir/layout/dialog_app_picker_item.xml to /home/runner/work/ShizukuPlus/ShizukuPlus/manager/build/intermediates/merged_res/release/mergeReleaseResources/layout_dialog_app_picker_item.xml.flat
build	Build with Gradle	2026-06-06T12:25:03.8923619Z Compiling xml file /home/runner/.gradle/caches/8.14/transforms/0a9f0b23f2ae3b3d671937d923da2cba/transformed/glance-appwidget-1.1.1/res/layout-v31/column_child_center_horizontal_null_group_3.xml to /home/runner/work/ShizukuPlus/ShizukuPlus/manager/build/intermediates/merged_res/release/mergeReleaseResources/layout-v31_column_child_center_horizontal_null_group_3.xml.flat
build	Build with Gradle	2026-06-06T12:25:03.8929105Z Compiling xml file /home/runner/.gradle/caches/8.14/transforms/0a9f0b23f2ae3b3d671937d923da2cba/transformed/glance-appwidget-1.1.1/res/layout-v31/column_child_center_horizontal_null_group_7.xml to /home/runner/work/ShizukuPlus/ShizukuPlus/manager/build/intermediates/merged_res/release/mergeReleaseResources/layout-v31_column_child_center_horizontal_null_group_7.xml.flat
build	Build with Gradle	2026-06-06T12:25:03.8934207Z Compiling xml file /home/runner/.gradle/caches/8.14/transforms/0a9f0b23f2ae3b3d671937d923da2cba/transformed/glance-appwidget-1.1.1/res/layout-v31/column_child_center_horizontal_null_group_0.xml to /home/runner/work/ShizukuPlus/ShizukuPlus/manager/build/intermediates/merged_res/release/mergeReleaseResources/layout-v31_column_child_center_horizontal_null_group_0.xml.flat
build	Build with Gradle	2026-06-06T12:25:03.8938974Z Compiling xml file /home/runner/.gradle/caches/8.14/transforms/0a9f0b23f2ae3b3d671937d923da2cba/transformed/glance-appwidget-1.1.1/res/layout-v31/box_child_start_center_vertical_group_2.xml to /home/runner/work/ShizukuPlus/ShizukuPlus/manager/build/intermediates/merged_res/release/mergeReleaseResources/layout-v31_box_child_start_center_vertical_group_2.xml.flat
build	Build with Gradle	2026-06-06T12:25:03.8943015Z Compiling xml file /home/runner/.gradle/caches/8.14/transforms/0a9f0b23f2ae3b3d671937d923da2cba/transformed/glance-appwidget-1.1.1/res/layout-v31/box_child_start_center_vertical_group_6.xml to /home/runner/work/ShizukuPlus/ShizukuPlus/manager/build/intermediates/merged_res/release/mergeReleaseResources/layout-v31_box_child_start_center_vertical_group_6.xml.flat
build	Build with Gradle	2026-06-06T12:25:03.8947509Z Compiling xml file /home/runner/.gradle/caches/8.14/transforms/0a9f0b23f2ae3b3d671937d923da2cba/transformed/glance-appwidget-1.1.1/res/layout-v31/box_child_start_center_vertical_group_9.xml to /home/runner/work/ShizukuPlus/ShizukuPlus/manager/build/intermediates/merged_res/release/mergeReleaseResources/layout-v31_box_child_start_center_vertical_group_9.xml.flat
build	Build with Gradle	2026-06-06T12:25:03.8952218Z Compiling xml file /home/runner/.gradle/caches/8.14/transforms/0a9f0b23f2ae3b3d671937d923da2cba/transformed/glance-appwidget-1.1.1/res/anim/glance_btn_checkbox_to_checked_box_outer_merged_animation.xml to /home/runner/work/ShizukuPlus/ShizukuPlus/manager/build/intermediates/merged_res/release/mergeReleaseResources/anim_glance_btn_checkbox_to_checked_box_outer_merged_animation.xml.flat
build	Build with Gradle	2026-06-06T12:25:03.8958219Z Compiling xml file /home/runner/.gradle/caches/8.14/transforms/0a9f0b23f2ae3b3d671937d923da2cba/transformed/glance-appwidget-1.1.1/res/layout/box_end_top_8children.xml to /home/runner/work/ShizukuPlus/ShizukuPlus/manager/build/intermediates/merged_res/release/mergeReleaseResources/layout_box_end_top_8children.xml.flat
build	Build with Gradle	2026-06-06T12:25:03.8962537Z Compiling xml file /home/runner/.gradle/caches/8.14/transforms/0a9f0b23f2ae3b3d671937d923da2cba/transformed/glance-appwidget-1.1.1/res/layout/column_center_horizontal_null_1children.xml to /home/runner/work/ShizukuPlus/ShizukuPlus/manager/build/intermediates/merged_res/release/mergeReleaseResources/layout_column_center_horizontal_null_1children.xml.flat
build	Build with Gradle	2026-06-06T12:25:03.8966422Z Compiling xml file /home/runner/work/ShizukuPlus/ShizukuPlus/manager/src/main/res/drawable/ic_copy.xml to /home/runner/work/ShizukuPlus/ShizukuPlus/manager/build/intermediates/merged_res/release/mergeReleaseResources/drawable_ic_copy.xml.flat
build	Build with Gradle	2026-06-06T12:25:03.8971613Z Compiling xml file /home/runner/.gradle/caches/8.14/transforms/4d1f2d6f8fcd4d0456ade74253b328dd/transformed/simplemenu-preference-1.0.3/res/anim/shrink_fade_out.xml to /home/runner/work/ShizukuPlus/ShizukuPlus/manager/build/intermediates/merged_res/release/mergeReleaseResources/anim_shrink_fade_out.xml.flat
build	Build with Gradle	2026-06-06T12:25:03.8976238Z Compiling xml file /home/runner/.gradle/caches/8.14/transforms/0a9f0b23f2ae3b3d671937d923da2cba/transformed/glance-appwidget-1.1.1/res/layout-v33/glance_radio_button_backport_end_top.xml to /home/runner/work/ShizukuPlus/ShizukuPlus/manager/build/intermediates/merged_res/release/mergeReleaseResources/layout-v33_glance_radio_button_backport_end_top.xml.flat
build	Build with Gradle	2026-06-06T12:25:03.8982437Z Compiling xml file /home/runner/.gradle/caches/8.14/transforms/a6084efd8e6c9ff951c8e72453f81ad6/transformed/material-1.14.0-beta01/res/anim/design_bottom_sheet_slide_out.xml to /home/runner/work/ShizukuPlus/ShizukuPlus/manager/build/intermediates/merged_res/release/mergeReleaseResources/anim_design_bottom_sheet_slide_out.xml.flat
build	Build with Gradle	2026-06-06T12:25:03.8986438Z Compiling xml file /home/runner/.gradle/caches/8.14/transforms/efa565396efa7c69fa280f54041abb1e/transformed/appcompat-1.6.1/res/drawable/abc_textfield_search_material.xml to /home/runner/work/ShizukuPlus/ShizukuPlus/manager/build/intermediates/merged_res/release/mergeReleaseResources/drawable_abc_textfield_search_material.xml.flat
build	Build with Gradle	2026-06-06T12:25:03.8991002Z Compiling xml file /home/runner/.gradle/caches/8.14/transforms/a6084efd8e6c9ff951c8e72453f81ad6/transformed/material-1.14.0-beta01/res/color/m3_navigation_bar_ripple_color_selector.xml to /home/runner/work/ShizukuPlus/ShizukuPlus/manager/build/intermediates/merged_res/release/mergeReleaseResources/color_m3_navigation_bar_ripple_color_selector.xml.flat
build	Build with Gradle	2026-06-06T12:25:03.8994908Z Compiling xml file /home/runner/work/ShizukuPlus/ShizukuPlus/manager/src/main/res/drawable/ic_admin_panel_settings_24.xml to /home/runner/work/ShizukuPlus/ShizukuPlus/manager/build/intermediates/merged_res/release/mergeReleaseResources/drawable_ic_admin_panel_settings_24.xml.flat
build	Build with Gradle	2026-06-06T12:25:03.8999171Z Compiling xml file /home/runner/.gradle/caches/8.14/transforms/a8ffae57e8eb844c745e6c38f24a5dc3/transformed/preference-1.2.1/res/drawable-v21/preference_list_divider_material.xml to /home/runner/work/ShizukuPlus/ShizukuPlus/manager/build/intermediates/merged_res/release/mergeReleaseResources/drawable-v21_preference_list_divider_material.xml.flat
build	Build with Gradle	2026-06-06T12:25:03.9004955Z Compiling xml file /home/runner/.gradle/caches/8.14/transforms/0a9f0b23f2ae3b3d671937d923da2cba/transformed/glance-appwidget-1.1.1/res/layout/box_start_center_vertical_0children.xml to /home/runner/work/ShizukuPlus/ShizukuPlus/manager/build/intermediates/merged_res/release/mergeReleaseResources/layout_box_start_center_vertical_0children.xml.flat
build	Build with Gradle	2026-06-06T12:25:03.9010716Z Compiling xml file /home/runner/.gradle/caches/8.14/transforms/0a9f0b23f2ae3b3d671937d923da2cba/transformed/glance-appwidget-1.1.1/res/layout-v33/column_start_bottom.xml to /home/runner/work/ShizukuPlus/ShizukuPlus/manager/build/intermediates/merged_res/release/mergeReleaseResources/layout-v33_column_start_bottom.xml.flat
build	Build with Gradle	2026-06-06T12:25:03.9015986Z Compiling xml file /home/runner/.gradle/caches/8.14/transforms/0a9f0b23f2ae3b3d671937d923da2cba/transformed/glance-appwidget-1.1.1/res/layout/box_start_top_0children.xml to /home/runner/work/ShizukuPlus/ShizukuPlus/manager/build/intermediates/merged_res/release/mergeReleaseResources/layout_box_start_top_0children.xml.flat
build	Build with Gradle	2026-06-06T12:25:03.9020472Z Compiling xml file /home/runner/work/ShizukuPlus/ShizukuPlus/manager/build/intermediates/incremental/release/mergeReleaseResources/stripped.dir/layout/home_automation_bottom_sheet.xml to /home/runner/work/ShizukuPlus/ShizukuPlus/manager/build/intermediates/merged_res/release/mergeReleaseResources/layout_home_automation_bottom_sheet.xml.flat
build	Build with Gradle	2026-06-06T12:25:03.9025205Z Compiling xml file /home/runner/.gradle/caches/8.14/transforms/0a9f0b23f2ae3b3d671937d923da2cba/transformed/glance-appwidget-1.1.1/res/layout-v33/glance_vertical_grid_five_columns_center_horizontal_bottom.xml to /home/runner/work/ShizukuPlus/ShizukuPlus/manager/build/intermediates/merged_res/release/mergeReleaseResources/layout-v33_glance_vertical_grid_five_columns_center_horizontal_bottom.xml.flat
build	Build with Gradle	2026-06-06T12:25:03.9030240Z Compiling xml file /home/runner/.gradle/caches/8.14/transforms/a6084efd8e6c9ff951c8e72453f81ad6/transformed/material-1.14.0-beta01/res/drawable/mtrl_switch_thumb.xml to /home/runner/work/ShizukuPlus/ShizukuPlus/manager/build/intermediates/merged_res/release/mergeReleaseResources/drawable_mtrl_switch_thumb.xml.flat
build	Build with Gradle	2026-06-06T12:25:03.9034516Z Compiling xml file /home/runner/.gradle/caches/8.14/transforms/f85a8706e3d3bf4df310b1b8ed66a067/transformed/material-2.7.2/res/drawable/ic_expand_more_to_less_animation_24dp.xml to /home/runner/work/ShizukuPlus/ShizukuPlus/manager/build/intermediates/merged_res/release/mergeReleaseResources/drawable_ic_expand_more_to_less_animation_24dp.xml.flat
build	Build with Gradle	2026-06-06T12:25:03.9039969Z Compiling xml file /home/runner/.gradle/caches/8.14/transforms/0a9f0b23f2ae3b3d671937d923da2cba/transformed/glance-appwidget-1.1.1/res/layout-v33/glance_vertical_grid_three_columns_center_horizontal_center_vertical.xml to /home/runner/work/ShizukuPlus/ShizukuPlus/manager/build/intermediates/merged_res/release/mergeReleaseResources/layout-v33_glance_vertical_grid_three_columns_center_horizontal_center_vertical.xml.flat
build	Build with Gradle	2026-06-06T12:25:03.9046648Z Compiling xml file /home/runner/.gradle/caches/8.14/transforms/a6084efd8e6c9ff951c8e72453f81ad6/transformed/material-1.14.0-beta01/res/interpolator/m3_sys_motion_easing_standard_decelerate.xml to /home/runner/work/ShizukuPlus/ShizukuPlus/manager/build/intermediates/merged_res/release/mergeReleaseResources/interpolator_m3_sys_motion_easing_standard_decelerate.xml.flat
build	Build with Gradle	2026-06-06T12:25:03.9051614Z Compiling xml file /home/runner/.gradle/caches/8.14/transforms/a6084efd8e6c9ff951c8e72453f81ad6/transformed/material-1.14.0-beta01/res/color/m3_chip_ripple_color.xml to /home/runner/work/ShizukuPlus/ShizukuPlus/manager/build/intermediates/merged_res/release/mergeReleaseResources/color_m3_chip_ripple_color.xml.flat
build	Build with Gradle	2026-06-06T12:25:03.9056152Z Compiling xml file /home/runner/.gradle/caches/8.14/transforms/a6084efd8e6c9ff951c8e72453f81ad6/transformed/material-1.14.0-beta01/res/color-v31/m3_dynamic_primary_text_disable_only.xml to /home/runner/work/ShizukuPlus/ShizukuPlus/manager/build/intermediates/merged_res/release/mergeReleaseResources/color-v31_m3_dynamic_primary_text_disable_only.xml.flat
build	Build with Gradle	2026-06-06T12:25:03.9062238Z Compiling xml file /home/runner/.gradle/caches/8.14/transforms/a6084efd8e6c9ff951c8e72453f81ad6/transformed/material-1.14.0-beta01/res/anim/linear_indeterminate_line2_head_interpolator.xml to /home/runner/work/ShizukuPlus/ShizukuPlus/manager/build/intermediates/merged_res/release/mergeReleaseResources/anim_linear_indeterminate_line2_head_interpolator.xml.flat
build	Build with Gradle	2026-06-06T12:25:03.9068041Z Compiling xml file /home/runner/.gradle/caches/8.14/transforms/a6084efd8e6c9ff951c8e72453f81ad6/transformed/material-1.14.0-beta01/res/layout/mtrl_picker_header_toggle.xml to /home/runner/work/ShizukuPlus/ShizukuPlus/manager/build/intermediates/merged_res/release/mergeReleaseResources/layout_mtrl_picker_header_toggle.xml.flat
build	Build with Gradle	2026-06-06T12:25:03.9073661Z Compiling xml file /home/runner/.gradle/caches/8.14/transforms/0a9f0b23f2ae3b3d671937d923da2cba/transformed/glance-appwidget-1.1.1/res/layout/radio_column_center_horizontal_null_1children.xml to /home/runner/work/ShizukuPlus/ShizukuPlus/manager/build/intermediates/merged_res/release/mergeReleaseResources/layout_radio_column_center_horizontal_null_1children.xml.flat
build	Build with Gradle	2026-06-06T12:25:03.9078151Z Compiling xml file /home/runner/.gradle/caches/8.14/transforms/a6084efd8e6c9ff951c8e72453f81ad6/transformed/material-1.14.0-beta01/res/color/m3_radiobutton_ripple_tint.xml to /home/runner/work/ShizukuPlus/ShizukuPlus/manager/build/intermediates/merged_res/release/mergeReleaseResources/color_m3_radiobutton_ripple_tint.xml.flat
build	Build with Gradle	2026-06-06T12:25:03.9082582Z Compiling xml file /home/runner/.gradle/caches/8.14/transforms/0a9f0b23f2ae3b3d671937d923da2cba/transformed/glance-appwidget-1.1.1/res/layout-v33/glance_vertical_grid_four_columns_start_bottom.xml to /home/runner/work/ShizukuPlus/ShizukuPlus/manager/build/intermediates/merged_res/release/mergeReleaseResources/layout-v33_glance_vertical_grid_four_columns_start_bottom.xml.flat
build	Build with Gradle	2026-06-06T12:25:03.9087102Z Compiling xml file /home/runner/.gradle/caches/8.14/transforms/484f1985b8141e4d4ca38f4ab7092551/transformed/library-1.2.0/res/drawable/afs_track.xml to /home/runner/work/ShizukuPlus/ShizukuPlus/manager/build/intermediates/merged_res/release/mergeReleaseResources/drawable_afs_track.xml.flat
build	Build with Gradle	2026-06-06T12:25:03.9091586Z Compiling xml file /home/runner/.gradle/caches/8.14/transforms/a6084efd8e6c9ff951c8e72453f81ad6/transformed/material-1.14.0-beta01/res/color/m3_calendar_item_disabled_text.xml to /home/runner/work/ShizukuPlus/ShizukuPlus/manager/build/intermediates/merged_res/release/mergeReleaseResources/color_m3_calendar_item_disabled_text.xml.flat
build	Build with Gradle	2026-06-06T12:25:03.9095963Z Compiling xml file /home/runner/.gradle/caches/8.14/transforms/0a9f0b23f2ae3b3d671937d923da2cba/transformed/glance-appwidget-1.1.1/res/layout/radio_column_start_null_6children.xml to /home/runner/work/ShizukuPlus/ShizukuPlus/manager/build/intermediates/merged_res/release/mergeReleaseResources/layout_radio_column_start_null_6children.xml.flat
build	Build with Gradle	2026-06-06T12:25:03.9100728Z Compiling xml file /home/runner/work/ShizukuPlus/ShizukuPlus/manager/build/intermediates/incremental/release/mergeReleaseResources/stripped.dir/layout/page_onboarding_longpress.xml to /home/runner/work/ShizukuPlus/ShizukuPlus/manager/build/intermediates/merged_res/release/mergeReleaseResources/layout_page_onboarding_longpress.xml.flat
build	Build with Gradle	2026-06-06T12:25:03.9106602Z Compiling xml file /home/runner/.gradle/caches/8.14/transforms/efa565396efa7c69fa280f54041abb1e/transformed/appcompat-1.6.1/res/anim/btn_radio_to_on_mtrl_ring_outer_path_animation.xml to /home/runner/work/ShizukuPlus/ShizukuPlus/manager/build/intermediates/merged_res/release/mergeReleaseResources/anim_btn_radio_to_on_mtrl_ring_outer_path_animation.xml.flat
build	Build with Gradle	2026-06-06T12:25:03.9112028Z Compiling xml file /home/runner/.gradle/caches/8.14/transforms/a6084efd8e6c9ff951c8e72453f81ad6/transformed/material-1.14.0-beta01/res/layout/mtrl_picker_actions.xml to /home/runner/work/ShizukuPlus/ShizukuPlus/manager/build/intermediates/merged_res/release/mergeReleaseResources/layout_mtrl_picker_actions.xml.flat
build	Build with Gradle	2026-06-06T12:25:03.9116413Z Compiling xml file /home/runner/.gradle/caches/8.14/transforms/0a9f0b23f2ae3b3d671937d923da2cba/transformed/glance-appwidget-1.1.1/res/layout-v33/glance_image_crop_center_horizontal_bottom.xml to /home/runner/work/ShizukuPlus/ShizukuPlus/manager/build/intermediates/merged_res/release/mergeReleaseResources/layout-v33_glance_image_crop_center_horizontal_bottom.xml.flat
build	Build with Gradle	2026-06-06T12:25:03.9121195Z Compiling xml file /home/runner/.gradle/caches/8.14/transforms/484f1985b8141e4d4ca38f4ab7092551/transformed/library-1.2.0/res/drawable/afs_popup_background.xml to /home/runner/work/ShizukuPlus/ShizukuPlus/manager/build/intermediates/merged_res/release/mergeReleaseResources/drawable_afs_popup_background.xml.flat
build	Build with Gradle	2026-06-06T12:25:03.9125403Z Compiling xml file /home/runner/.gradle/caches/8.14/transforms/efa565396efa7c69fa280f54041abb1e/transformed/appcompat-1.6.1/res/color-v23/abc_tint_switch_track.xml to /home/runner/work/ShizukuPlus/ShizukuPlus/manager/build/intermediates/merged_res/release/mergeReleaseResources/color-v23_abc_tint_switch_track.xml.flat
build	Build with Gradle	2026-06-06T12:25:03.9129765Z Compiling xml file /home/runner/.gradle/caches/8.14/transforms/0a9f0b23f2ae3b3d671937d923da2cba/transformed/glance-appwidget-1.1.1/res/layout-v33/box_end_top.xml to /home/runner/work/ShizukuPlus/ShizukuPlus/manager/build/intermediates/merged_res/release/mergeReleaseResources/layout-v33_box_end_top.xml.flat
build	Build with Gradle	2026-06-06T12:25:03.9136510Z Compiling xml file /home/runner/.gradle/caches/8.14/transforms/0a9f0b23f2ae3b3d671937d923da2cba/transformed/glance-appwidget-1.1.1/res/layout-v33/glance_circular_progress_indicator_end_top.xml to /home/runner/work/ShizukuPlus/ShizukuPlus/manager/build/intermediates/merged_res/release/mergeReleaseResources/layout-v33_glance_circular_progress_indicator_end_top.xml.flat
build	Build with Gradle	2026-06-06T12:25:03.9141509Z Compiling xml file /home/runner/work/ShizukuPlus/ShizukuPlus/manager/build/intermediates/incremental/release/mergeReleaseResources/stripped.dir/layout/activity_system_hub.xml to /home/runner/work/ShizukuPlus/ShizukuPlus/manager/build/intermediates/merged_res/release/mergeReleaseResources/layout_activity_system_hub.xml.flat
build	Build with Gradle	2026-06-06T12:25:03.9145941Z Compiling xml file /home/runner/.gradle/caches/8.14/transforms/0a9f0b23f2ae3b3d671937d923da2cba/transformed/glance-appwidget-1.1.1/res/layout/size_wrap_match.xml to /home/runner/work/ShizukuPlus/ShizukuPlus/manager/build/intermediates/merged_res/release/mergeReleaseResources/layout_size_wrap_match.xml.flat
build	Build with Gradle	2026-06-06T12:25:03.9150868Z Compiling xml file /home/runner/.gradle/caches/8.14/transforms/0a9f0b23f2ae3b3d671937d923da2cba/transformed/glance-appwidget-1.1.1/res/layout-v33/glance_vertical_grid_five_columns_start_center_vertical.xml to /home/runner/work/ShizukuPlus/ShizukuPlus/manager/build/intermediates/merged_res/release/mergeReleaseResources/layout-v33_glance_vertical_grid_five_columns_start_center_vertical.xml.flat
build	Build with Gradle	2026-06-06T12:25:03.9155161Z Compiling xml file /home/runner/work/ShizukuPlus/ShizukuPlus/manager/src/main/res/drawable/grant_permissions_buttons_top.xml to /home/runner/work/ShizukuPlus/ShizukuPlus/manager/build/intermediates/merged_res/release/mergeReleaseResources/drawable_grant_permissions_buttons_top.xml.flat
build	Build with Gradle	2026-06-06T12:25:03.9159266Z Compiling xml file /home/runner/.gradle/caches/8.14/transforms/0a9f0b23f2ae3b3d671937d923da2cba/transformed/glance-appwidget-1.1.1/res/layout-v33/glance_image_fill_bounds_start_center_vertical.xml to /home/runner/work/ShizukuPlus/ShizukuPlus/manager/build/intermediates/merged_res/release/mergeReleaseResources/layout-v33_glance_image_fill_bounds_start_center_vertical.xml.flat
build	Build with Gradle	2026-06-06T12:25:03.9165121Z Compiling xml file /home/runner/.gradle/caches/8.14/transforms/a18f3e8414f2ba4eb382dd01375ab089/transformed/core-1.16.0/res/layout/ime_base_split_test_activity.xml to /home/runner/work/ShizukuPlus/ShizukuPlus/manager/build/intermediates/merged_res/release/mergeReleaseResources/layout_ime_base_split_test_activity.xml.flat
build	Build with Gradle	2026-06-06T12:25:03.9170524Z Compiling xml file /home/runner/.gradle/caches/8.14/transforms/b1caf7903885e6dfd466268b50bb28e5/transformed/core-splashscreen-1.0.1/res/drawable-v23/compat_splash_screen.xml to /home/runner/work/ShizukuPlus/ShizukuPlus/manager/build/intermediates/merged_res/release/mergeReleaseResources/drawable-v23_compat_splash_screen.xml.flat
build	Build with Gradle	2026-06-06T12:25:03.9175215Z Compiling xml file /home/runner/.gradle/caches/8.14/transforms/0a9f0b23f2ae3b3d671937d923da2cba/transformed/glance-appwidget-1.1.1/res/layout-v33/box_center_horizontal_top.xml to /home/runner/work/ShizukuPlus/ShizukuPlus/manager/build/intermediates/merged_res/release/mergeReleaseResources/layout-v33_box_center_horizontal_top.xml.flat
build	Build with Gradle	2026-06-06T12:25:03.9179981Z Compiling xml file /home/runner/.gradle/caches/8.14/transforms/a6084efd8e6c9ff951c8e72453f81ad6/transformed/material-1.14.0-beta01/res/color/m3expressive_button_outline_color_selector.xml to /home/runner/work/ShizukuPlus/ShizukuPlus/manager/build/intermediates/merged_res/release/mergeReleaseResources/color_m3expressive_button_outline_color_selector.xml.flat
build	Build with Gradle	2026-06-06T12:25:03.9184854Z Compiling xml file /home/runner/.gradle/caches/8.14/transforms/a6084efd8e6c9ff951c8e72453f81ad6/transformed/material-1.14.0-beta01/res/color/m3_vibrant_toolbar_icon_button_ripple_color_selector.xml to /home/runner/work/ShizukuPlus/ShizukuPlus/manager/build/intermediates/merged_res/release/mergeReleaseResources/color_m3_vibrant_toolbar_icon_button_ripple_color_selector.xml.flat
build	Build with Gradle	2026-06-06T12:25:03.9191123Z Compiling xml file /home/runner/.gradle/caches/8.14/transforms/0a9f0b23f2ae3b3d671937d923da2cba/transformed/glance-appwidget-1.1.1/res/interpolator/glance_btn_checkbox_unchecked_mtrl_animation_interpolator_0.xml to /home/runner/work/ShizukuPlus/ShizukuPlus/manager/build/intermediates/merged_res/release/mergeReleaseResources/interpolator_glance_btn_checkbox_unchecked_mtrl_animation_interpolator_0.xml.flat
build	Build with Gradle	2026-06-06T12:25:03.9197526Z Compiling xml file /home/runner/.gradle/caches/8.14/transforms/0a9f0b23f2ae3b3d671937d923da2cba/transformed/glance-appwidget-1.1.1/res/layout-v33/radio_column_start_center_vertical.xml to /home/runner/work/ShizukuPlus/ShizukuPlus/manager/build/intermediates/merged_res/release/mergeReleaseResources/layout-v33_radio_column_start_center_vertical.xml.flat
build	Build with Gradle	2026-06-06T12:25:03.9202119Z Compiling xml file /home/runner/work/ShizukuPlus/ShizukuPlus/manager/src/main/res/drawable/ic_numeric_3_circle_outline_24.xml to /home/runner/work/ShizukuPlus/ShizukuPlus/manager/build/intermediates/merged_res/release/mergeReleaseResources/drawable_ic_numeric_3_circle_outline_24.xml.flat
build	Build with Gradle	2026-06-06T12:25:03.9206992Z Compiling xml file /home/runner/.gradle/caches/8.14/transforms/0a9f0b23f2ae3b3d671937d923da2cba/transformed/glance-appwidget-1.1.1/res/layout-v33/glance_image_fill_bounds_decorative_center_horizontal_center_vertical.xml to /home/runner/work/ShizukuPlus/ShizukuPlus/manager/build/intermediates/merged_res/release/mergeReleaseResources/layout-v33_glance_image_fill_bounds_decorative_center_horizontal_center_vertical.xml.flat
build	Build with Gradle	2026-06-06T12:25:03.9212473Z Compiling xml file /home/runner/.gradle/caches/8.14/transforms/a6084efd8e6c9ff951c8e72453f81ad6/transformed/material-1.14.0-beta01/res/layout/design_navigation_item_separator.xml to /home/runner/work/ShizukuPlus/ShizukuPlus/manager/build/intermediates/merged_res/release/mergeReleaseResources/layout_design_navigation_item_separator.xml.flat
build	Build with Gradle	2026-06-06T12:25:03.9217594Z Compiling xml file /home/runner/.gradle/caches/8.14/transforms/a6084efd8e6c9ff951c8e72453f81ad6/transformed/material-1.14.0-beta01/res/anim/linear_indeterminate_line1_head_interpolator.xml to /home/runner/work/ShizukuPlus/ShizukuPlus/manager/build/intermediates/merged_res/release/mergeReleaseResources/anim_linear_indeterminate_line1_head_interpolator.xml.flat
build	Build with Gradle	2026-06-06T12:25:03.9221933Z Compiling xml file /home/runner/.gradle/caches/8.14/transforms/0a9f0b23f2ae3b3d671937d923da2cba/transformed/glance-appwidget-1.1.1/res/layout/glance_vertical_grid_auto_fit.xml to /home/runner/work/ShizukuPlus/ShizukuPlus/manager/build/intermediates/merged_res/release/mergeReleaseResources/layout_glance_vertical_grid_auto_fit.xml.flat
build	Build with Gradle	2026-06-06T12:25:03.9227660Z Compiling xml file /home/runner/.gradle/caches/8.14/transforms/0a9f0b23f2ae3b3d671937d923da2cba/transformed/glance-appwidget-1.1.1/res/layout-v33/glance_text_start_center_vertical.xml to /home/runner/work/ShizukuPlus/ShizukuPlus/manager/build/intermediates/merged_res/release/mergeReleaseResources/layout-v33_glance_text_start_center_vertical.xml.flat
build	Build with Gradle	2026-06-06T12:25:03.9232173Z Compiling xml file /home/runner/.gradle/caches/8.14/transforms/a6084efd8e6c9ff951c8e72453f81ad6/transformed/material-1.14.0-beta01/res/animator/mtrl_fab_show_motion_spec.xml to /home/runner/work/ShizukuPlus/ShizukuPlus/manager/build/intermediates/merged_res/release/mergeReleaseResources/animator_mtrl_fab_show_motion_spec.xml.flat
build	Build with Gradle	2026-06-06T12:25:03.9237821Z Compiling xml file /home/runner/.gradle/caches/8.14/transforms/a6084efd8e6c9ff951c8e72453f81ad6/transformed/material-1.14.0-beta01/res/color/mtrl_chip_background_color.xml to /home/runner/work/ShizukuPlus/ShizukuPlus/manager/build/intermediates/merged_res/release/mergeReleaseResources/color_mtrl_chip_background_color.xml.flat
build	Build with Gradle	2026-06-06T12:25:03.9243294Z Compiling xml file /home/runner/.gradle/caches/8.14/transforms/0a9f0b23f2ae3b3d671937d923da2cba/transformed/glance-appwidget-1.1.1/res/layout/column_center_horizontal_null_7children.xml to /home/runner/work/ShizukuPlus/ShizukuPlus/manager/build/intermediates/merged_res/release/mergeReleaseResources/layout_column_center_horizontal_null_7children.xml.flat
build	Build with Gradle	2026-06-06T12:25:03.9248106Z Compiling xml file /home/runner/.gradle/caches/8.14/transforms/0a9f0b23f2ae3b3d671937d923da2cba/transformed/glance-appwidget-1.1.1/res/layout-v33/glance_swtch_backport_end_center_vertical.xml to /home/runner/work/ShizukuPlus/ShizukuPlus/manager/build/intermediates/merged_res/release/mergeReleaseResources/layout-v33_glance_swtch_backport_end_center_vertical.xml.flat
build	Build with Gradle	2026-06-06T12:25:03.9252605Z Compiling xml file /home/runner/.gradle/caches/8.14/transforms/a6084efd8e6c9ff951c8e72453f81ad6/transformed/material-1.14.0-beta01/res/layout/m3_overflow_linear_layout_overflow_button.xml to /home/runner/work/ShizukuPlus/ShizukuPlus/manager/build/intermediates/merged_res/release/mergeReleaseResources/layout_m3_overflow_linear_layout_overflow_button.xml.flat
build	Build with Gradle	2026-06-06T12:25:03.9257239Z Compiling xml file /home/runner/.gradle/caches/8.14/transforms/efa565396efa7c69fa280f54041abb1e/transformed/appcompat-1.6.1/res/layout/abc_action_menu_layout.xml to /home/runner/work/ShizukuPlus/ShizukuPlus/manager/build/intermediates/merged_res/release/mergeReleaseResources/layout_abc_action_menu_layout.xml.flat
build	Build with Gradle	2026-06-06T12:25:03.9261731Z Compiling xml file /home/runner/.gradle/caches/8.14/transforms/0a9f0b23f2ae3b3d671937d923da2cba/transformed/glance-appwidget-1.1.1/res/layout-v33/glance_image_fill_bounds_decorative_start_center_vertical.xml to /home/runner/work/ShizukuPlus/ShizukuPlus/manager/build/intermediates/merged_res/release/mergeReleaseResources/layout-v33_glance_image_fill_bounds_decorative_start_center_vertical.xml.flat
build	Build with Gradle	2026-06-06T12:25:03.9266690Z Compiling xml file /home/runner/work/ShizukuPlus/ShizukuPlus/manager/build/generated/materialThemeBuilder/release/res/color/m3_text_color_on_background_high_emphasis.xml to /home/runner/work/ShizukuPlus/ShizukuPlus/manager/build/intermediates/merged_res/release/mergeReleaseResources/color_m3_text_color_on_background_high_emphasis.xml.flat
build	Build with Gradle	2026-06-06T12:25:03.9271340Z Compiling xml file /home/runner/work/ShizukuPlus/ShizukuPlus/manager/build/generated/materialThemeBuilder/release/res/color/m3_text_color_on_secondary_container_medium_emphasis.xml to /home/runner/work/ShizukuPlus/ShizukuPlus/manager/build/intermediates/merged_res/release/mergeReleaseResources/color_m3_text_color_on_secondary_container_medium_emphasis.xml.flat
build	Build with Gradle	2026-06-06T12:25:03.9276459Z Compiling xml file /home/runner/.gradle/caches/8.14/transforms/0a9f0b23f2ae3b3d671937d923da2cba/transformed/glance-appwidget-1.1.1/res/layout-v33/glance_frame_center_horizontal_top.xml to /home/runner/work/ShizukuPlus/ShizukuPlus/manager/build/intermediates/merged_res/release/mergeReleaseResources/layout-v33_glance_frame_center_horizontal_top.xml.flat
build	Build with Gradle	2026-06-06T12:25:03.9282379Z Compiling xml file /home/runner/.gradle/caches/8.14/transforms/a6084efd8e6c9ff951c8e72453f81ad6/transformed/material-1.14.0-beta01/res/drawable/ic_m3_chip_checked_circle.xml to /home/runner/work/ShizukuPlus/ShizukuPlus/manager/build/intermediates/merged_res/release/mergeReleaseResources/drawable_ic_m3_chip_checked_circle.xml.flat
build	Build with Gradle	2026-06-06T12:25:03.9287891Z Compiling xml file /home/runner/.gradle/caches/8.14/transforms/a6084efd8e6c9ff951c8e72453f81ad6/transformed/material-1.14.0-beta01/res/drawable/material_shape_pentagon.xml to /home/runner/work/ShizukuPlus/ShizukuPlus/manager/build/intermediates/merged_res/release/mergeReleaseResources/drawable_material_shape_pentagon.xml.flat
build	Build with Gradle	2026-06-06T12:25:03.9292403Z Compiling xml file /home/runner/.gradle/caches/8.14/transforms/0a9f0b23f2ae3b3d671937d923da2cba/transformed/glance-appwidget-1.1.1/res/anim/glance_btn_checkbox_to_checked_icon_null_animation.xml to /home/runner/work/ShizukuPlus/ShizukuPlus/manager/build/intermediates/merged_res/release/mergeReleaseResources/anim_glance_btn_checkbox_to_checked_icon_null_animation.xml.flat
build	Build with Gradle	2026-06-06T12:25:03.9298036Z Compiling xml file /home/runner/work/ShizukuPlus/ShizukuPlus/manager/src/main/res/drawable/spacing_list_item_vertical.xml to /home/runner/work/ShizukuPlus/ShizukuPlus/manager/build/intermediates/merged_res/release/mergeReleaseResources/drawable_spacing_list_item_vertical.xml.flat
build	Build with Gradle	2026-06-06T12:25:03.9302114Z Compiling xml file /home/runner/.gradle/caches/8.14/transforms/0a9f0b23f2ae3b3d671937d923da2cba/transformed/glance-appwidget-1.1.1/res/layout/box_end_bottom_8children.xml to /home/runner/work/ShizukuPlus/ShizukuPlus/manager/build/intermediates/merged_res/release/mergeReleaseResources/layout_box_end_bottom_8children.xml.flat
build	Build with Gradle	2026-06-06T12:25:03.9307737Z Compiling xml file /home/runner/.gradle/caches/8.14/transforms/a6084efd8e6c9ff951c8e72453f81ad6/transformed/material-1.14.0-beta01/res/animator/m3_split_button_chevron_overshoot_interpolator.xml to /home/runner/work/ShizukuPlus/ShizukuPlus/manager/build/intermediates/merged_res/release/mergeReleaseResources/animator_m3_split_button_chevron_overshoot_interpolator.xml.flat
build	Build with Gradle	2026-06-06T12:25:03.9312699Z Compiling xml file /home/runner/.gradle/caches/8.14/transforms/0a9f0b23f2ae3b3d671937d923da2cba/transformed/glance-appwidget-1.1.1/res/layout-v33/glance_image_fit_end_center_vertical.xml to /home/runner/work/ShizukuPlus/ShizukuPlus/manager/build/intermediates/merged_res/release/mergeReleaseResources/layout-v33_glance_image_fit_end_center_vertical.xml.flat
build	Build with Gradle	2026-06-06T12:25:03.9316016Z Compiling xml file /home/runner/.gradle/caches/8.14/transforms/a6084efd8e6c9ff951c8e72453f81ad6/transformed/material-1.14.0-beta01/res/color/m3_fab_ripple_color_selector.xml to /home/runner/work/ShizukuPlus/ShizukuPlus/manager/build/intermediates/merged_res/release/mergeReleaseResources/color_m3_fab_ripple_color_selector.xml.flat
build	Build with Gradle	2026-06-06T12:25:03.9320101Z Compiling xml file /home/runner/.gradle/caches/8.14/transforms/0a9f0b23f2ae3b3d671937d923da2cba/transformed/glance-appwidget-1.1.1/res/layout/radio_row_null_top_0children.xml to /home/runner/work/ShizukuPlus/ShizukuPlus/manager/build/intermediates/merged_res/release/mergeReleaseResources/layout_radio_row_null_top_0children.xml.flat
build	Build with Gradle	2026-06-06T12:25:03.9324537Z Compiling xml file /home/runner/.gradle/caches/8.14/transforms/0a9f0b23f2ae3b3d671937d923da2cba/transformed/glance-appwidget-1.1.1/res/layout/row_child_null_top_group_0.xml to /home/runner/work/ShizukuPlus/ShizukuPlus/manager/build/intermediates/merged_res/release/mergeReleaseResources/layout_row_child_null_top_group_0.xml.flat
build	Build with Gradle	2026-06-06T12:25:03.9331251Z Compiling xml file /home/runner/.gradle/caches/8.14/transforms/0a9f0b23f2ae3b3d671937d923da2cba/transformed/glance-appwidget-1.1.1/res/layout/row_child_null_top_group_3.xml to /home/runner/work/ShizukuPlus/ShizukuPlus/manager/build/intermediates/merged_res/release/mergeReleaseResources/layout_row_child_null_top_group_3.xml.flat
build	Build with Gradle	2026-06-06T12:25:03.9335740Z Compiling xml file /home/runner/.gradle/caches/8.14/transforms/0a9f0b23f2ae3b3d671937d923da2cba/transformed/glance-appwidget-1.1.1/res/layout-v33/row_center_horizontal_top.xml to /home/runner/work/ShizukuPlus/ShizukuPlus/manager/build/intermediates/merged_res/release/mergeReleaseResources/layout-v33_row_center_horizontal_top.xml.flat
build	Build with Gradle	2026-06-06T12:25:03.9340792Z Compiling xml file /home/runner/.gradle/caches/8.14/transforms/0a9f0b23f2ae3b3d671937d923da2cba/transformed/glance-appwidget-1.1.1/res/anim/glance_btn_radio_to_on_mtrl_ring_outer_path_animation.xml to /home/runner/work/ShizukuPlus/ShizukuPlus/manager/build/intermediates/merged_res/release/mergeReleaseResources/anim_glance_btn_radio_to_on_mtrl_ring_outer_path_animation.xml.flat
build	Build with Gradle	2026-06-06T12:25:03.9345547Z Compiling xml file /home/runner/.gradle/caches/8.14/transforms/0a9f0b23f2ae3b3d671937d923da2cba/transformed/glance-appwidget-1.1.1/res/layout/root_wrap_match.xml to /home/runner/work/ShizukuPlus/ShizukuPlus/manager/build/intermediates/merged_res/release/mergeReleaseResources/layout_root_wrap_match.xml.flat
build	Build with Gradle	2026-06-06T12:25:03.9351156Z Compiling xml file /home/runner/.gradle/caches/8.14/transforms/0a9f0b23f2ae3b3d671937d923da2cba/transformed/glance-appwidget-1.1.1/res/layout/row_null_center_vertical_10children.xml to /home/runner/work/ShizukuPlus/ShizukuPlus/manager/build/intermediates/merged_res/release/mergeReleaseResources/layout_row_null_center_vertical_10children.xml.flat
build	Build with Gradle	2026-06-06T12:25:03.9356490Z Compiling xml file /home/runner/.gradle/caches/8.14/transforms/04951a97475aebf6b800f98cdc845e28/transformed/switchbar-1.0.2/res/color/switchbar_text_light.xml to /home/runner/work/ShizukuPlus/ShizukuPlus/manager/build/intermediates/merged_res/release/mergeReleaseResources/color_switchbar_text_light.xml.flat
build	Build with Gradle	2026-06-06T12:25:03.9361010Z Compiling xml file /home/runner/.gradle/caches/8.14/transforms/a6084efd8e6c9ff951c8e72453f81ad6/transformed/material-1.14.0-beta01/res/layout/material_clockface_textview.xml to /home/runner/work/ShizukuPlus/ShizukuPlus/manager/build/intermediates/merged_res/release/mergeReleaseResources/layout_material_clockface_textview.xml.flat
build	Build with Gradle	2026-06-06T12:25:03.9365395Z Compiling xml file /home/runner/.gradle/caches/8.14/transforms/04951a97475aebf6b800f98cdc845e28/transformed/switchbar-1.0.2/res/color/switchbar_background.xml to /home/runner/work/ShizukuPlus/ShizukuPlus/manager/build/intermediates/merged_res/release/mergeReleaseResources/color_switchbar_background.xml.flat
build	Build with Gradle	2026-06-06T12:25:03.9369443Z Compiling xml file /home/runner/.gradle/caches/8.14/transforms/efa565396efa7c69fa280f54041abb1e/transformed/appcompat-1.6.1/res/anim/abc_slide_in_top.xml to /home/runner/work/ShizukuPlus/ShizukuPlus/manager/build/intermediates/merged_res/release/mergeReleaseResources/anim_abc_slide_in_top.xml.flat
build	Build with Gradle	2026-06-06T12:25:03.9374110Z Compiling xml file /home/runner/.gradle/caches/8.14/transforms/efa565396efa7c69fa280f54041abb1e/transformed/appcompat-1.6.1/res/anim/btn_checkbox_to_unchecked_icon_null_animation.xml to /home/runner/work/ShizukuPlus/ShizukuPlus/manager/build/intermediates/merged_res/release/mergeReleaseResources/anim_btn_checkbox_to_unchecked_icon_null_animation.xml.flat
build	Build with Gradle	2026-06-06T12:25:03.9378728Z Compiling xml file /home/runner/.gradle/caches/8.14/transforms/0a9f0b23f2ae3b3d671937d923da2cba/transformed/glance-appwidget-1.1.1/res/layout/box_start_top_1children.xml to /home/runner/work/ShizukuPlus/ShizukuPlus/manager/build/intermediates/merged_res/release/mergeReleaseResources/layout_box_start_top_1children.xml.flat
build	Build with Gradle	2026-06-06T12:25:03.9384351Z Compiling xml file /home/runner/.gradle/caches/8.14/transforms/a6084efd8e6c9ff951c8e72453f81ad6/transformed/material-1.14.0-beta01/res/drawable/mtrl_close_24px.xml to /home/runner/work/ShizukuPlus/ShizukuPlus/manager/build/intermediates/merged_res/release/mergeReleaseResources/drawable_mtrl_close_24px.xml.flat
build	Build with Gradle	2026-06-06T12:25:03.9388709Z Compiling xml file /home/runner/.gradle/caches/8.14/transforms/0a9f0b23f2ae3b3d671937d923da2cba/transformed/glance-appwidget-1.1.1/res/layout/box_end_bottom_2children.xml to /home/runner/work/ShizukuPlus/ShizukuPlus/manager/build/intermediates/merged_res/release/mergeReleaseResources/layout_box_end_bottom_2children.xml.flat
build	Build with Gradle	2026-06-06T12:25:03.9394670Z Compiling xml file /home/runner/.gradle/caches/8.14/transforms/0a9f0b23f2ae3b3d671937d923da2cba/transformed/glance-appwidget-1.1.1/res/layout-v33/glance_check_box_backport_center_horizontal_bottom.xml to /home/runner/work/ShizukuPlus/ShizukuPlus/manager/build/intermediates/merged_res/release/mergeReleaseResources/layout-v33_glance_check_box_backport_center_horizontal_bottom.xml.flat
build	Build with Gradle	2026-06-06T12:25:03.9400655Z Compiling xml file /home/runner/.gradle/caches/8.14/transforms/a6084efd8e6c9ff951c8e72453f81ad6/transformed/material-1.14.0-beta01/res/color/mtrl_btn_bg_color_selector.xml to /home/runner/work/ShizukuPlus/ShizukuPlus/manager/build/intermediates/merged_res/release/mergeReleaseResources/color_mtrl_btn_bg_color_selector.xml.flat
build	Build with Gradle	2026-06-06T12:25:03.9405914Z Compiling xml file /home/runner/.gradle/caches/8.14/transforms/0a9f0b23f2ae3b3d671937d923da2cba/transformed/glance-appwidget-1.1.1/res/interpolator/glance_btn_checkbox_checked_mtrl_animation_interpolator_1.xml to /home/runner/work/ShizukuPlus/ShizukuPlus/manager/build/intermediates/merged_res/release/mergeReleaseResources/interpolator_glance_btn_checkbox_checked_mtrl_animation_interpolator_1.xml.flat
build	Build with Gradle	2026-06-06T12:25:03.9411384Z Compiling xml file /home/runner/.gradle/caches/8.14/transforms/0a9f0b23f2ae3b3d671937d923da2cba/transformed/glance-appwidget-1.1.1/res/layout-v33/glance_image_crop_decorative_start_top.xml to /home/runner/work/ShizukuPlus/ShizukuPlus/manager/build/intermediates/merged_res/release/mergeReleaseResources/layout-v33_glance_image_crop_decorative_start_top.xml.flat
build	Build with Gradle	2026-06-06T12:25:03.9416412Z Compiling xml file /home/runner/work/ShizukuPlus/ShizukuPlus/manager/build/generated/materialThemeBuilder/release/res/color/m3_text_color_on_surface_variant_high_emphasis.xml to /home/runner/work/ShizukuPlus/ShizukuPlus/manager/build/intermediates/merged_res/release/mergeReleaseResources/color_m3_text_color_on_surface_variant_high_emphasis.xml.flat
build	Build with Gradle	2026-06-06T12:25:03.9422466Z Compiling xml file /home/runner/.gradle/caches/8.14/transforms/f85a8706e3d3bf4df310b1b8ed66a067/transformed/material-2.7.2/res/drawable/fastscroll_thumb_material.xml to /home/runner/work/ShizukuPlus/ShizukuPlus/manager/build/intermediates/merged_res/release/mergeReleaseResources/drawable_fastscroll_thumb_material.xml.flat
build	Build with Gradle	2026-06-06T12:25:03.9426983Z Compiling xml file /home/runner/.gradle/caches/8.14/transforms/a6084efd8e6c9ff951c8e72453f81ad6/transformed/material-1.14.0-beta01/res/layout/design_bottom_sheet_dialog.xml to /home/runner/work/ShizukuPlus/ShizukuPlus/manager/build/intermediates/merged_res/release/mergeReleaseResources/layout_design_bottom_sheet_dialog.xml.flat
build	Build with Gradle	2026-06-06T12:25:03.9431714Z Compiling xml file /home/runner/.gradle/caches/8.14/transforms/a6084efd8e6c9ff951c8e72453f81ad6/transformed/material-1.14.0-beta01/res/color/m3_slider_halo_color_legacy.xml to /home/runner/work/ShizukuPlus/ShizukuPlus/manager/build/intermediates/merged_res/release/mergeReleaseResources/color_m3_slider_halo_color_legacy.xml.flat
build	Build with Gradle	2026-06-06T12:25:03.9436035Z Compiling xml file /home/runner/.gradle/caches/8.14/transforms/0a9f0b23f2ae3b3d671937d923da2cba/transformed/glance-appwidget-1.1.1/res/layout/column_child_center_horizontal_null_group_9.xml to /home/runner/work/ShizukuPlus/ShizukuPlus/manager/build/intermediates/merged_res/release/mergeReleaseResources/layout_column_child_center_horizontal_null_group_9.xml.flat
build	Build with Gradle	2026-06-06T12:25:03.9440266Z Compiling xml file /home/runner/.gradle/caches/8.14/transforms/0a9f0b23f2ae3b3d671937d923da2cba/transformed/glance-appwidget-1.1.1/res/layout/column_child_center_horizontal_null_group_1.xml to /home/runner/work/ShizukuPlus/ShizukuPlus/manager/build/intermediates/merged_res/release/mergeReleaseResources/layout_column_child_center_horizontal_null_group_1.xml.flat
build	Build with Gradle	2026-06-06T12:25:03.9444783Z Compiling xml file /home/runner/.gradle/caches/8.14/transforms/0a9f0b23f2ae3b3d671937d923da2cba/transformed/glance-appwidget-1.1.1/res/layout/column_child_center_horizontal_null_group_5.xml to /home/runner/work/ShizukuPlus/ShizukuPlus/manager/build/intermediates/merged_res/release/mergeReleaseResources/layout_column_child_center_horizontal_null_group_5.xml.flat
build	Build with Gradle	2026-06-06T12:25:03.9450804Z Compiling xml file /home/runner/.gradle/caches/8.14/transforms/efa565396efa7c69fa280f54041abb1e/transformed/appcompat-1.6.1/res/layout/abc_activity_chooser_view_list_item.xml to /home/runner/work/ShizukuPlus/ShizukuPlus/manager/build/intermediates/merged_res/release/mergeReleaseResources/layout_abc_activity_chooser_view_list_item.xml.flat
build	Build with Gradle	2026-06-06T12:25:03.9456555Z Compiling xml file /home/runner/.gradle/caches/8.14/transforms/0a9f0b23f2ae3b3d671937d923da2cba/transformed/glance-appwidget-1.1.1/res/layout-v33/glance_text_start_bottom.xml to /home/runner/work/ShizukuPlus/ShizukuPlus/manager/build/intermediates/merged_res/release/mergeReleaseResources/layout-v33_glance_text_start_bottom.xml.flat
build	Build with Gradle	2026-06-06T12:25:03.9462216Z Compiling xml file /home/runner/.gradle/caches/8.14/transforms/efa565396efa7c69fa280f54041abb1e/transformed/appcompat-1.6.1/res/color/switch_thumb_material_light.xml to /home/runner/work/ShizukuPlus/ShizukuPlus/manager/build/intermediates/merged_res/release/mergeReleaseResources/color_switch_thumb_material_light.xml.flat
build	Build with Gradle	2026-06-06T12:25:03.9466566Z Compiling xml file /home/runner/.gradle/caches/8.14/transforms/0a9f0b23f2ae3b3d671937d923da2cba/transformed/glance-appwidget-1.1.1/res/drawable-anydpi-v24/glance_switch_thumb_off.xml to /home/runner/work/ShizukuPlus/ShizukuPlus/manager/build/intermediates/merged_res/release/mergeReleaseResources/drawable-anydpi-v24_glance_switch_thumb_off.xml.flat
build	Build with Gradle	2026-06-06T12:25:04.1778062Z 
build	Build with Gradle	2026-06-06T12:25:04.1778793Z > Task :manager:processReleaseMainManifest
build	Build with Gradle	2026-06-06T12:25:04.1789058Z Caching disabled for AarTransform: /home/runner/.gradle/caches/8.14/transforms/2c8372c00787b5e2af17c392510a0378/transformed/mavericks-3.0.9 because:
build	Build with Gradle	2026-06-06T12:25:04.1790775Z   Caching not enabled.
build	Build with Gradle	2026-06-06T12:25:04.1792295Z Caching disabled for AarTransform: /home/runner/.gradle/caches/8.14/transforms/693c054b9b80dbf8007dadbf97a7b615/transformed/viewbinding-8.11.1 because:
build	Build with Gradle	2026-06-06T12:25:04.1793884Z   Caching not enabled.
build	Build with Gradle	2026-06-06T12:25:04.1795051Z Caching disabled for AarTransform: /home/runner/.gradle/caches/8.14/transforms/438de03543f1a14021d179b045f7057a/transformed/koin-android-4.0.2 because:
build	Build with Gradle	2026-06-06T12:25:04.1796001Z   Caching not enabled.
build	Build with Gradle	2026-06-06T12:25:04.1796781Z Caching disabled for AarTransform: /home/runner/.gradle/caches/8.14/transforms/373e825be4973449db84049594b600ab/transformed/material-preference-2.0.0-release because:
build	Build with Gradle	2026-06-06T12:25:04.1797893Z   Caching not enabled.
build	Build with Gradle	2026-06-06T12:25:04.1799362Z Caching disabled for AarTransform: /home/runner/.gradle/caches/8.14/transforms/f85a8706e3d3bf4df310b1b8ed66a067/transformed/material-2.7.2 because:
build	Build with Gradle	2026-06-06T12:25:04.1800583Z   Caching not enabled.
build	Build with Gradle	2026-06-06T12:25:04.1801781Z Caching disabled for AarTransform: /home/runner/.gradle/caches/8.14/transforms/6589a5b496d2f82dfc01f076eae8bbc4/transformed/core-ktx-1.4.1-release because:
build	Build with Gradle	2026-06-06T12:25:04.1803080Z   Caching not enabled.
build	Build with Gradle	2026-06-06T12:25:04.1804275Z Caching disabled for AarTransform: /home/runner/.gradle/caches/8.14/transforms/a6084efd8e6c9ff951c8e72453f81ad6/transformed/material-1.14.0-beta01 because:
build	Build with Gradle	2026-06-06T12:25:04.1805592Z   Caching not enabled.
build	Build with Gradle	2026-06-06T12:25:04.1806742Z Caching disabled for AarTransform: /home/runner/.gradle/caches/8.14/transforms/efa565396efa7c69fa280f54041abb1e/transformed/appcompat-1.6.1 because:
build	Build with Gradle	2026-06-06T12:25:04.1808079Z   Caching not enabled.
build	Build with Gradle	2026-06-06T12:25:04.1809292Z Caching disabled for AarTransform: /home/runner/.gradle/caches/8.14/transforms/8187c6742a7c5d0b27744cebd6b9554f/transformed/biometric-ktx-1.2.0-alpha05 because:
build	Build with Gradle	2026-06-06T12:25:04.1810564Z   Caching not enabled.
build	Build with Gradle	2026-06-06T12:25:04.1811811Z Caching disabled for AarTransform: /home/runner/.gradle/caches/8.14/transforms/2c263715c01736e27b196a80ad5b1fdb/transformed/recyclerview-adapter-1.3.0 because:
build	Build with Gradle	2026-06-06T12:25:04.1813126Z   Caching not enabled.
build	Build with Gradle	2026-06-06T12:25:04.1814333Z Caching disabled for AarTransform: /home/runner/.gradle/caches/8.14/transforms/338cbb5a6afddf9796ee1bfc02c64c98/transformed/recyclerview-ktx-1.3.2 because:
build	Build with Gradle	2026-06-06T12:25:04.1815615Z   Caching not enabled.
build	Build with Gradle	2026-06-06T12:25:04.1816860Z Caching disabled for AarTransform: /home/runner/.gradle/caches/8.14/transforms/4d1f2d6f8fcd4d0456ade74253b328dd/transformed/simplemenu-preference-1.0.3 because:
build	Build with Gradle	2026-06-06T12:25:04.1818317Z   Caching not enabled.
build	Build with Gradle	2026-06-06T12:25:04.1819525Z Caching disabled for AarTransform: /home/runner/.gradle/caches/8.14/transforms/d898ed95f395a2f368d4bc758e4d1887/transformed/biometric-1.2.0-alpha05 because:
build	Build with Gradle	2026-06-06T12:25:04.1820823Z   Caching not enabled.
build	Build with Gradle	2026-06-06T12:25:04.1821958Z Caching disabled for AarTransform: /home/runner/.gradle/caches/8.14/transforms/484f1985b8141e4d4ca38f4ab7092551/transformed/library-1.2.0 because:
build	Build with Gradle	2026-06-06T12:25:04.1823212Z   Caching not enabled.
build	Build with Gradle	2026-06-06T12:25:04.1824413Z Caching disabled for AarTransform: /home/runner/.gradle/caches/8.14/transforms/a8ffae57e8eb844c745e6c38f24a5dc3/transformed/preference-1.2.1 because:
build	Build with Gradle	2026-06-06T12:25:04.1825729Z   Caching not enabled.
build	Build with Gradle	2026-06-06T12:25:04.1827237Z Caching disabled for AarTransform: /home/runner/.gradle/caches/8.14/transforms/91cba946f7f9db0abb582361d2b98175/transformed/recyclerview-1.4.0 because:
build	Build with Gradle	2026-06-06T12:25:04.1828717Z   Caching not enabled.
build	Build with Gradle	2026-06-06T12:25:04.1829931Z Caching disabled for AarTransform: /home/runner/.gradle/caches/8.14/transforms/ee981983fc55a7699435ecebe45f87ef/transformed/core-1.4.1-release because:
build	Build with Gradle	2026-06-06T12:25:04.1831415Z   Caching not enabled.
build	Build with Gradle	2026-06-06T12:25:04.1832644Z Caching disabled for AarTransform: /home/runner/.gradle/caches/8.14/transforms/59fa63435223e05f0b1b82e5b0b01ed7/transformed/viewpager2-1.1.0-beta02 because:
build	Build with Gradle	2026-06-06T12:25:04.1833917Z   Caching not enabled.
build	Build with Gradle	2026-06-06T12:25:04.1834987Z Caching disabled for AarTransform: /home/runner/.gradle/caches/8.14/transforms/3496351281a372f59379614fd15c5436/transformed/fragment-1.8.7 because:
build	Build with Gradle	2026-06-06T12:25:04.1836398Z   Caching not enabled.
build	Build with Gradle	2026-06-06T12:25:04.1837747Z Caching disabled for AarTransform: /home/runner/.gradle/caches/8.14/transforms/f3104eb4796c3cb96709ee2563cfb750/transformed/sentry-android-core-8.40.0 because:
build	Build with Gradle	2026-06-06T12:25:04.1839081Z   Caching not enabled.
build	Build with Gradle	2026-06-06T12:25:04.1840280Z Caching disabled for AarTransform: /home/runner/.gradle/caches/8.14/transforms/aab493d2bbab5d087a023e9183eede9c/transformed/fragment-ktx-1.8.7 because:
build	Build with Gradle	2026-06-06T12:25:04.1841554Z   Caching not enabled.
build	Build with Gradle	2026-06-06T12:25:04.1842761Z Caching disabled for AarTransform: /home/runner/.gradle/caches/8.14/transforms/b7a112fda39b8abfdc2cbb450e5f2f1a/transformed/activity-ktx-1.10.0 because:
build	Build with Gradle	2026-06-06T12:25:04.1844155Z   Caching not enabled.
build	Build with Gradle	2026-06-06T12:25:04.1845363Z Caching disabled for AarTransform: /home/runner/.gradle/caches/8.14/transforms/62937f105bc4a976ca99fc29e59f8d0f/transformed/activity-1.10.0 because:
build	Build with Gradle	2026-06-06T12:25:04.1846618Z   Caching not enabled.
build	Build with Gradle	2026-06-06T12:25:04.1848033Z Caching disabled for AarTransform: /home/runner/.gradle/caches/8.14/transforms/5154402d773535e88a1a242ea9ad466a/transformed/emoji2-views-helper-1.2.0 because:
build	Build with Gradle	2026-06-06T12:25:04.1849353Z   Caching not enabled.
build	Build with Gradle	2026-06-06T12:25:04.1850496Z Caching disabled for AarTransform: /home/runner/.gradle/caches/8.14/transforms/20c8148c0d0f1eeb1041151d1c55938f/transformed/emoji2-1.2.0 because:
build	Build with Gradle	2026-06-06T12:25:04.1851755Z   Caching not enabled.
build	Build with Gradle	2026-06-06T12:25:04.1852992Z Caching disabled for AarTransform: /home/runner/.gradle/caches/8.14/transforms/71aa5bf0c4580977b2f3abf550a82d0e/transformed/preference-ktx-1.2.1 because:
build	Build with Gradle	2026-06-06T12:25:04.1854345Z   Caching not enabled.
build	Build with Gradle	2026-06-06T12:25:04.1855520Z Caching disabled for AarTransform: /home/runner/.gradle/caches/8.14/transforms/d39b45e93aa24a0297878e1eb336ea9a/transformed/loader-1.0.0 because:
build	Build with Gradle	2026-06-06T12:25:04.1856786Z   Caching not enabled.
build	Build with Gradle	2026-06-06T12:25:04.1858312Z Caching disabled for AarTransform: /home/runner/.gradle/caches/8.14/transforms/5c7bf891ae70d7d08b7f06ccb140fad8/transformed/glance-1.1.1 because:
build	Build with Gradle	2026-06-06T12:25:04.1859500Z   Caching not enabled.
build	Build with Gradle	2026-06-06T12:25:04.1860726Z Caching disabled for AarTransform: /home/runner/.gradle/caches/8.14/transforms/47fd96da264051fc240ce38134bdde10/transformed/work-runtime-ktx-2.10.4 because:
build	Build with Gradle	2026-06-06T12:25:04.1862082Z   Caching not enabled.
build	Build with Gradle	2026-06-06T12:25:04.1863331Z Caching disabled for AarTransform: /home/runner/.gradle/caches/8.14/transforms/0a9f0b23f2ae3b3d671937d923da2cba/transformed/glance-appwidget-1.1.1 because:
build	Build with Gradle	2026-06-06T12:25:04.1864714Z   Caching not enabled.
build	Build with Gradle	2026-06-06T12:25:04.1865978Z Caching disabled for AarTransform: /home/runner/.gradle/caches/8.14/transforms/ff46523a05730a3410b3d43ab7271bd0/transformed/work-runtime-2.10.4 because:
build	Build with Gradle	2026-06-06T12:25:04.1867281Z   Caching not enabled.
build	Build with Gradle	2026-06-06T12:25:04.1868572Z Caching disabled for AarTransform: /home/runner/.gradle/caches/8.14/transforms/9269236a44d4e397a31d652dc8841c2d/transformed/transition-ktx-1.5.1 because:
build	Build with Gradle	2026-06-06T12:25:04.1869896Z   Caching not enabled.
build	Build with Gradle	2026-06-06T12:25:04.1871054Z Caching disabled for AarTransform: /home/runner/.gradle/caches/8.14/transforms/2b232f7e90ed539739f2c0f2684a06f8/transformed/browser-1.8.0 because:
build	Build with Gradle	2026-06-06T12:25:04.1872309Z   Caching not enabled.
build	Build with Gradle	2026-06-06T12:25:04.1873554Z Caching disabled for AarTransform: /home/runner/.gradle/caches/8.14/transforms/87467c3c8cd81c6f0e30cc7811d9c0e9/transformed/slidingpanelayout-1.2.0 because:
build	Build with Gradle	2026-06-06T12:25:04.1874891Z   Caching not enabled.
build	Build with Gradle	2026-06-06T12:25:04.1876065Z Caching disabled for AarTransform: /home/runner/.gradle/caches/8.14/transforms/9459b44028168fbe53c4da77adee3cad/transformed/transition-1.5.1 because:
build	Build with Gradle	2026-06-06T12:25:04.1877605Z   Caching not enabled.
build	Build with Gradle	2026-06-06T12:25:04.1878813Z Caching disabled for AarTransform: /home/runner/.gradle/caches/8.14/transforms/33de77d114239838176c165bd9600680/transformed/coordinatorlayout-1.1.0 because:
build	Build with Gradle	2026-06-06T12:25:04.1880096Z   Caching not enabled.
build	Build with Gradle	2026-06-06T12:25:04.1881260Z Caching disabled for AarTransform: /home/runner/.gradle/caches/8.14/transforms/c2631671ecbd3d95bfc540fb5557d230/transformed/core-remoteviews-1.1.0 because:
build	Build with Gradle	2026-06-06T12:25:04.1882714Z   Caching not enabled.
build	Build with Gradle	2026-06-06T12:25:04.1883911Z Caching disabled for AarTransform: /home/runner/.gradle/caches/8.14/transforms/9a6f8cbb6346f3bbb1b98d5903fb48b2/transformed/drawerlayout-1.1.1 because:
build	Build with Gradle	2026-06-06T12:25:04.1885186Z   Caching not enabled.
build	Build with Gradle	2026-06-06T12:25:04.1886346Z Caching disabled for AarTransform: /home/runner/.gradle/caches/8.14/transforms/f32932b768c1c383327c110c6e2f2a04/transformed/viewpager-1.0.0 because:
build	Build with Gradle	2026-06-06T12:25:04.1888201Z   Caching not enabled.
build	Build with Gradle	2026-06-06T12:25:04.1889471Z Caching disabled for AarTransform: /home/runner/.gradle/caches/8.14/transforms/2a1f64bb05593b70cb9126021244d174/transformed/customview-1.2.0 because:
build	Build with Gradle	2026-06-06T12:25:04.1890727Z   Caching not enabled.
build	Build with Gradle	2026-06-06T12:25:04.1891984Z Caching disabled for AarTransform: /home/runner/.gradle/caches/8.14/transforms/6e4c683cb074c37b2a51c2ee5db07733/transformed/constraintlayout-2.2.1 because:
build	Build with Gradle	2026-06-06T12:25:04.1893313Z   Caching not enabled.
build	Build with Gradle	2026-06-06T12:25:04.1894516Z Caching disabled for AarTransform: /home/runner/.gradle/caches/8.14/transforms/38973380b257061575958cac22670390/transformed/dynamicanimation-1.1.0 because:
build	Build with Gradle	2026-06-06T12:25:04.1895811Z   Caching not enabled.
build	Build with Gradle	2026-06-06T12:25:04.1896894Z Caching disabled for AarTransform: /home/runner/.gradle/caches/8.14/transforms/33b1fc6b3ef6a3214537aeecc8df60ab/transformed/coil because:
build	Build with Gradle	2026-06-06T12:25:04.1898165Z   Caching not enabled.
build	Build with Gradle	2026-06-06T12:25:04.1899376Z Caching disabled for AarTransform: /home/runner/.gradle/caches/8.14/transforms/c62f2b60b2174dbc2c05823d7d6abfaa/transformed/coil-network-okhttp because:
build	Build with Gradle	2026-06-06T12:25:04.1900689Z   Caching not enabled.
build	Build with Gradle	2026-06-06T12:25:04.1901885Z Caching disabled for AarTransform: /home/runner/.gradle/caches/8.14/transforms/d49708ff39937cf2dc8a5d58ef34d065/transformed/coil-network-core because:
build	Build with Gradle	2026-06-06T12:25:04.1903181Z   Caching not enabled.
build	Build with Gradle	2026-06-06T12:25:04.1904323Z Caching disabled for AarTransform: /home/runner/.gradle/caches/8.14/transforms/d8facd787edaf28a58d8c622a9331078/transformed/coil-core because:
build	Build with Gradle	2026-06-06T12:25:04.1905567Z   Caching not enabled.
build	Build with Gradle	2026-06-06T12:25:04.1906830Z Caching disabled for AarTransform: /home/runner/.gradle/caches/8.14/transforms/f7a09b5d37e172440771a3c367250518/transformed/appcompat-resources-1.7.1 because:
build	Build with Gradle	2026-06-06T12:25:04.1930354Z   Caching not enabled.
build	Build with Gradle	2026-06-06T12:25:04.1958599Z Caching disabled for AarTransform: /home/runner/.gradle/caches/8.14/transforms/d697b5d8b45978ec3a98ef1655ea06c8/transformed/vectordrawable-animated-1.1.0 because:
build	Build with Gradle	2026-06-06T12:25:04.1959346Z   Caching not enabled.
build	Build with Gradle	2026-06-06T12:25:04.1959969Z Caching disabled for AarTransform: /home/runner/.gradle/caches/8.14/transforms/dc0275561321685487c64fd075a63c35/transformed/vectordrawable-1.1.0 because:
build	Build with Gradle	2026-06-06T12:25:04.1960634Z   Caching not enabled.
build	Build with Gradle	2026-06-06T12:25:04.1961224Z Caching disabled for AarTransform: /home/runner/.gradle/caches/8.14/transforms/04951a97475aebf6b800f98cdc845e28/transformed/switchbar-1.0.2 because:
build	Build with Gradle	2026-06-06T12:25:04.1961858Z   Caching not enabled.
build	Build with Gradle	2026-06-06T12:25:04.1962489Z Caching disabled for AarTransform: /home/runner/.gradle/caches/8.14/transforms/f44317b6b582e3df5afb18620edd3775/transformed/swiperefreshlayout-1.1.0 because:
build	Build with Gradle	2026-06-06T12:25:04.1963153Z   Caching not enabled.
build	Build with Gradle	2026-06-06T12:25:04.1963767Z Caching disabled for AarTransform: /home/runner/.gradle/caches/8.14/transforms/30676eef3dc22ac269337397d20f7f25/transformed/insets-1.3.0-release because:
build	Build with Gradle	2026-06-06T12:25:04.1964595Z   Caching not enabled.
build	Build with Gradle	2026-06-06T12:25:04.1965283Z Caching disabled for AarTransform: /home/runner/.gradle/caches/8.14/transforms/6df4a8bec15c81ec5d96711ead8a45f6/transformed/customview-poolingcontainer-1.0.0 because:
build	Build with Gradle	2026-06-06T12:25:04.1966027Z   Caching not enabled.
build	Build with Gradle	2026-06-06T12:25:04.1966675Z Caching disabled for AarTransform: /home/runner/.gradle/caches/8.14/transforms/c4288f6412f7c6bdcfe961d2f0efb4d2/transformed/graphics-shapes-release because:
build	Build with Gradle	2026-06-06T12:25:04.1997809Z   Caching not enabled.
build	Build with Gradle	2026-06-06T12:25:04.1998691Z Caching disabled for AarTransform: /home/runner/.gradle/caches/8.14/transforms/f85fca100dc1cfb9faf4b8055f4a62e9/transformed/savedstate-release because:
build	Build with Gradle	2026-06-06T12:25:04.1999437Z   Caching not enabled.
build	Build with Gradle	2026-06-06T12:25:04.2000141Z Caching disabled for AarTransform: /home/runner/.gradle/caches/8.14/transforms/0f268d830baf1b2adb315c1349db4113/transformed/savedstate-ktx-1.3.1 because:
build	Build with Gradle	2026-06-06T12:25:04.2000791Z   Caching not enabled.
build	Build with Gradle	2026-06-06T12:25:04.2001404Z Caching disabled for AarTransform: /home/runner/.gradle/caches/8.14/transforms/d4dcb12619daf48292cb973faf4c0937/transformed/core-bundle-release because:
build	Build with Gradle	2026-06-06T12:25:04.2002249Z   Caching not enabled.
build	Build with Gradle	2026-06-06T12:25:04.2002843Z Caching disabled for AarTransform: /home/runner/.gradle/caches/8.14/transforms/029a61c97118f0c834c270c0dd5c56c8/transformed/core-ktx-1.16.0 because:
build	Build with Gradle	2026-06-06T12:25:04.2003470Z   Caching not enabled.
build	Build with Gradle	2026-06-06T12:25:04.2004068Z Caching disabled for AarTransform: /home/runner/.gradle/caches/8.14/transforms/5424bb4aed8761312b4b26bf9e07d98a/transformed/window-1.0.0 because:
build	Build with Gradle	2026-06-06T12:25:04.2004692Z   Caching not enabled.
build	Build with Gradle	2026-06-06T12:25:04.2005320Z Caching disabled for AarTransform: /home/runner/.gradle/caches/8.14/transforms/5cdb323f179a5400d9eac68baef40b22/transformed/lifecycle-runtime-release because:
build	Build with Gradle	2026-06-06T12:25:04.2005992Z   Caching not enabled.
build	Build with Gradle	2026-06-06T12:25:04.2006609Z Caching disabled for AarTransform: /home/runner/.gradle/caches/8.14/transforms/733f565b05217da1a995124053e2952d/transformed/lifecycle-service-2.9.4 because:
build	Build with Gradle	2026-06-06T12:25:04.2007279Z   Caching not enabled.
build	Build with Gradle	2026-06-06T12:25:04.2008003Z Caching disabled for AarTransform: /home/runner/.gradle/caches/8.14/transforms/0c66718d94e4554cab2f7d8334723d4c/transformed/lifecycle-viewmodel-2.9.4 because:
build	Build with Gradle	2026-06-06T12:25:04.2008665Z   Caching not enabled.
build	Build with Gradle	2026-06-06T12:25:04.2009308Z Caching disabled for AarTransform: /home/runner/.gradle/caches/8.14/transforms/20f00e5ccb0364701481c3adff0c0022/transformed/lifecycle-viewmodel-release because:
build	Build with Gradle	2026-06-06T12:25:04.2009985Z   Caching not enabled.
build	Build with Gradle	2026-06-06T12:25:04.2010667Z Caching disabled for AarTransform: /home/runner/.gradle/caches/8.14/transforms/06bc399dfe425f0f5114ba44e76c1318/transformed/lifecycle-viewmodel-savedstate-release because:
build	Build with Gradle	2026-06-06T12:25:04.2011405Z   Caching not enabled.
build	Build with Gradle	2026-06-06T12:25:04.2012052Z Caching disabled for AarTransform: /home/runner/.gradle/caches/8.14/transforms/6fe02a9c6bc1a8d677661f17a75652df/transformed/lifecycle-livedata-core-2.9.4 because:
build	Build with Gradle	2026-06-06T12:25:04.2012950Z   Caching not enabled.
build	Build with Gradle	2026-06-06T12:25:04.2013626Z Caching disabled for AarTransform: /home/runner/.gradle/caches/8.14/transforms/644a16fcc858b20f0d048c7466f19d9f/transformed/lifecycle-process-2.9.4 because:
build	Build with Gradle	2026-06-06T12:25:04.2014311Z   Caching not enabled.
build	Build with Gradle	2026-06-06T12:25:04.2014926Z Caching disabled for AarTransform: /home/runner/.gradle/caches/8.14/transforms/045e1f63699bdc1710b726e46c8c703d/transformed/lifecycle-runtime-ktx because:
build	Build with Gradle	2026-06-06T12:25:04.2015575Z   Caching not enabled.
build	Build with Gradle	2026-06-06T12:25:04.2016208Z Caching disabled for AarTransform: /home/runner/.gradle/caches/8.14/transforms/0bbb0e176c4adaced1da8fc8c45f5f69/transformed/lifecycle-livedata-2.9.4 because:
build	Build with Gradle	2026-06-06T12:25:04.2016877Z   Caching not enabled.
build	Build with Gradle	2026-06-06T12:25:04.2017616Z Caching disabled for AarTransform: /home/runner/.gradle/caches/8.14/transforms/86daf15fa6531778dc0ccc1fef270dd4/transformed/lifecycle-livedata-core-ktx-2.9.4 because:
build	Build with Gradle	2026-06-06T12:25:04.2018318Z   Caching not enabled.
build	Build with Gradle	2026-06-06T12:25:04.2019028Z Caching disabled for AarTransform: /home/runner/.gradle/caches/8.14/transforms/6afc1b2f65d907779fd871415079443b/transformed/ui-graphics-1.1.1 because:
build	Build with Gradle	2026-06-06T12:25:04.2019664Z   Caching not enabled.
build	Build with Gradle	2026-06-06T12:25:04.2020267Z Caching disabled for AarTransform: /home/runner/.gradle/caches/8.14/transforms/e243041e7dbb74197d5bc00e0943bf6a/transformed/ui-geometry-1.1.1 because:
build	Build with Gradle	2026-06-06T12:25:04.2020895Z   Caching not enabled.
build	Build with Gradle	2026-06-06T12:25:04.2021558Z Caching disabled for AarTransform: /home/runner/.gradle/caches/8.14/transforms/eb0c0593968df75a68be86f7d6f56e03/transformed/ui-unit-1.1.1 because:
build	Build with Gradle	2026-06-06T12:25:04.2022181Z   Caching not enabled.
build	Build with Gradle	2026-06-06T12:25:04.2022753Z Caching disabled for AarTransform: /home/runner/.gradle/caches/8.14/transforms/f9239a1ba9edcb911ae9670e7877c906/transformed/runtime-1.2.1 because:
build	Build with Gradle	2026-06-06T12:25:04.2023385Z   Caching not enabled.
build	Build with Gradle	2026-06-06T12:25:04.2024002Z Caching disabled for AarTransform: /home/runner/.gradle/caches/8.14/transforms/a8b524143b57d8c2908f9c01f30efac2/transformed/sentry-compose-release because:
build	Build with Gradle	2026-06-06T12:25:04.2024696Z   Caching not enabled.
build	Build with Gradle	2026-06-06T12:25:04.2025341Z Caching disabled for AarTransform: /home/runner/.gradle/caches/8.14/transforms/dc0568acb601ada223da268dc89d9a1a/transformed/lifecycle-livedata-ktx-2.9.4 because:
build	Build with Gradle	2026-06-06T12:25:04.2026016Z   Caching not enabled.
build	Build with Gradle	2026-06-06T12:25:04.2026728Z Caching disabled for AarTransform: /home/runner/.gradle/caches/8.14/transforms/0380dce5195f95e6e343462acaffc231/transformed/lifecycle-resource-livedata-1.0.1-release because:
build	Build with Gradle	2026-06-06T12:25:04.2080560Z   Caching not enabled.
build	Build with Gradle	2026-06-06T12:25:04.2081397Z Caching disabled for AarTransform: /home/runner/.gradle/caches/8.14/transforms/ef0d0ada300b662b4bc2dcd561c4ab70/transformed/lifecycle-viewmodel-ktx-2.9.4 because:
build	Build with Gradle	2026-06-06T12:25:04.2082130Z   Caching not enabled.
build	Build with Gradle	2026-06-06T12:25:04.2082784Z Caching disabled for AarTransform: /home/runner/.gradle/caches/8.14/transforms/8c7c9a78376cd260d7272a1fac1507a0/transformed/datastore-preferences-1.0.0 because:
build	Build with Gradle	2026-06-06T12:25:04.2083482Z   Caching not enabled.
build	Build with Gradle	2026-06-06T12:25:04.2084100Z Caching disabled for AarTransform: /home/runner/.gradle/caches/8.14/transforms/615878ae3b772c18093f4d9e3e195a20/transformed/datastore-1.0.0 because:
build	Build with Gradle	2026-06-06T12:25:04.2084732Z   Caching not enabled.
build	Build with Gradle	2026-06-06T12:25:04.2085337Z Caching disabled for AarTransform: /home/runner/.gradle/caches/8.14/transforms/a0f2f8571a731d673f1339b181103682/transformed/room-runtime-2.6.1 because:
build	Build with Gradle	2026-06-06T12:25:04.2086005Z   Caching not enabled.
build	Build with Gradle	2026-06-06T12:25:04.2086597Z Caching disabled for AarTransform: /home/runner/.gradle/caches/8.14/transforms/b7f54caf5fd601a6753bed9729e1530e/transformed/room-ktx-2.6.1 because:
build	Build with Gradle	2026-06-06T12:25:04.2087236Z   Caching not enabled.
build	Build with Gradle	2026-06-06T12:25:04.2088003Z Caching disabled for AarTransform: /home/runner/.gradle/caches/8.14/transforms/b1caf7903885e6dfd466268b50bb28e5/transformed/core-splashscreen-1.0.1 because:
build	Build with Gradle	2026-06-06T12:25:04.2088680Z   Caching not enabled.
build	Build with Gradle	2026-06-06T12:25:04.2089278Z Caching disabled for AarTransform: /home/runner/.gradle/caches/8.14/transforms/ab00c267663707e20a9c28832bd574a2/transformed/timber-5.0.1 because:
build	Build with Gradle	2026-06-06T12:25:04.2089898Z   Caching not enabled.
build	Build with Gradle	2026-06-06T12:25:04.2090518Z Caching disabled for AarTransform: /home/runner/.gradle/caches/8.14/transforms/82c33335d6daf0ba2c2d3106c603ebc3/transformed/sqlite-framework-2.4.0 because:
build	Build with Gradle	2026-06-06T12:25:04.2091193Z   Caching not enabled.
build	Build with Gradle	2026-06-06T12:25:04.2091835Z Caching disabled for AarTransform: /home/runner/.gradle/caches/8.14/transforms/5e76c393bb448bcfa0655c68ec471020/transformed/aboutlibraries-core-release because:
build	Build with Gradle	2026-06-06T12:25:04.2092506Z   Caching not enabled.
build	Build with Gradle	2026-06-06T12:25:04.2093135Z Caching disabled for AarTransform: /home/runner/.gradle/caches/8.14/transforms/bd37fa4ac9a923d774be35a04b675e9d/transformed/sentry-android-timber-8.40.0 because:
build	Build with Gradle	2026-06-06T12:25:04.2093801Z   Caching not enabled.
build	Build with Gradle	2026-06-06T12:25:04.2094394Z Caching disabled for AarTransform: /home/runner/.gradle/caches/8.14/transforms/f59af9a0eace077f0e9ad35c903edb0e/transformed/html-ktx-1.1.2 because:
build	Build with Gradle	2026-06-06T12:25:04.2095186Z   Caching not enabled.
build	Build with Gradle	2026-06-06T12:25:04.2095760Z Caching disabled for AarTransform: /home/runner/.gradle/caches/8.14/transforms/f5dc25b733d8c7664560d889ae0ff956/transformed/sqlite-2.4.0 because:
build	Build with Gradle	2026-06-06T12:25:04.2096387Z   Caching not enabled.
build	Build with Gradle	2026-06-06T12:25:04.2097007Z Caching disabled for AarTransform: /home/runner/.gradle/caches/8.14/transforms/5d7fa8ac1f6ab741b32c1fc4bc71bdf6/transformed/compatibility-2.0.0 because:
build	Build with Gradle	2026-06-06T12:25:04.2097833Z   Caching not enabled.
build	Build with Gradle	2026-06-06T12:25:04.2098470Z Caching disabled for AarTransform: /home/runner/.gradle/caches/8.14/transforms/a6341a3e8d2c382078fb8f297369ac51/transformed/sentry-android-sqlite-8.40.0 because:
build	Build with Gradle	2026-06-06T12:25:04.2099145Z   Caching not enabled.
build	Build with Gradle	2026-06-06T12:25:04.2099767Z Caching disabled for AarTransform: /home/runner/.gradle/caches/8.14/transforms/6a51a01fd16264a83e0f0feeab00d6ea/transformed/layoutinflater-1.3.0 because:
build	Build with Gradle	2026-06-06T12:25:04.2100426Z   Caching not enabled.
build	Build with Gradle	2026-06-06T12:25:04.2101068Z Caching disabled for AarTransform: /home/runner/.gradle/caches/8.14/transforms/b2e7fb1ff7f260dce39e55cb27088efd/transformed/cardview-1.0.0 because:
build	Build with Gradle	2026-06-06T12:25:04.2101701Z   Caching not enabled.
build	Build with Gradle	2026-06-06T12:25:04.2102305Z Caching disabled for AarTransform: /home/runner/.gradle/caches/8.14/transforms/af1849ac59ea9b10c0df81a67570c855/transformed/cursoradapter-1.0.0 because:
build	Build with Gradle	2026-06-06T12:25:04.2102961Z   Caching not enabled.
build	Build with Gradle	2026-06-06T12:25:04.2103571Z Caching disabled for AarTransform: /home/runner/.gradle/caches/8.14/transforms/7cb87b818b30498bcde5bf59509b305b/transformed/appiconloader-1.5.0 because:
build	Build with Gradle	2026-06-06T12:25:04.2104215Z   Caching not enabled.
build	Build with Gradle	2026-06-06T12:25:04.2104803Z Caching disabled for AarTransform: /home/runner/.gradle/caches/8.14/transforms/b7fdebfd9343bbc576a29ab8d68fb354/transformed/lazy-2.0.0 because:
build	Build with Gradle	2026-06-06T12:25:04.2105428Z   Caching not enabled.
build	Build with Gradle	2026-06-06T12:25:04.2106001Z Caching disabled for AarTransform: /home/runner/.gradle/caches/8.14/transforms/e5742399012525e0edda6cc8d9ad7262/transformed/html-1.1.2 because:
build	Build with Gradle	2026-06-06T12:25:04.2106616Z   Caching not enabled.
build	Build with Gradle	2026-06-06T12:25:04.2107282Z Caching disabled for AarTransform: /home/runner/.gradle/caches/8.14/transforms/def85582213ab2870d896da947e1bd2a/transformed/appiconloader-iconloaderlib-1.5.0 because:
build	Build with Gradle	2026-06-06T12:25:04.2199486Z   Caching not enabled.
build	Build with Gradle	2026-06-06T12:25:04.2200721Z Caching disabled for AarTransform: /home/runner/.gradle/caches/8.14/transforms/0f8fd961fa88f172b795e954c693c5a2/transformed/tracing-ktx-1.2.0 because:
build	Build with Gradle	2026-06-06T12:25:04.2201913Z   Caching not enabled.
build	Build with Gradle	2026-06-06T12:25:04.2203089Z Caching disabled for AarTransform: /home/runner/.gradle/caches/8.14/transforms/96dabcaf2d8839737bfa5e7bcc9c8d29/transformed/exifinterface-1.4.2 because:
build	Build with Gradle	2026-06-06T12:25:04.2204324Z   Caching not enabled.
build	Build with Gradle	2026-06-06T12:25:04.2205364Z Caching disabled for AarTransform: /home/runner/.gradle/caches/8.14/transforms/acaa3cdd1b8646165db9384aee71e410/transformed/ui-util-1.1.1 because:
build	Build with Gradle	2026-06-06T12:25:04.2206507Z   Caching not enabled.
build	Build with Gradle	2026-06-06T12:25:04.2208075Z Caching disabled for AarTransform: /home/runner/.gradle/caches/8.14/transforms/fdd7a2f71d98268b12d6291e62912d0b/transformed/lottie-6.6.2 because:
build	Build with Gradle	2026-06-06T12:25:04.2209237Z   Caching not enabled.
build	Build with Gradle	2026-06-06T12:25:04.2210321Z Caching disabled for AarTransform: /home/runner/.gradle/caches/8.14/transforms/f16a35ef33f3a5860c0cc8532fe5dc8c/transformed/core-6.0.0 because:
build	Build with Gradle	2026-06-06T12:25:04.2211419Z   Caching not enabled.
build	Build with Gradle	2026-06-06T12:25:04.2212494Z Caching disabled for AarTransform: /home/runner/.gradle/caches/8.14/transforms/c0673a6896f886d42be301918536c345/transformed/boringssl-20250114 because:
build	Build with Gradle	2026-06-06T12:25:04.2213679Z   Caching not enabled.
build	Build with Gradle	2026-06-06T12:25:04.2214744Z Caching disabled for AarTransform: /home/runner/.gradle/caches/8.14/transforms/b966c438ee1e24a5a0e1926959b61a2d/transformed/hiddenapibypass-6.1 because:
build	Build with Gradle	2026-06-06T12:25:04.2215936Z   Caching not enabled.
build	Build with Gradle	2026-06-06T12:25:04.2217592Z Caching disabled for AarTransform: /home/runner/.gradle/caches/8.14/transforms/966464b5816c63aee25736b13ab38709/transformed/sentry-android-fragment-8.40.0 because:
build	Build with Gradle	2026-06-06T12:25:04.2218854Z   Caching not enabled.
build	Build with Gradle	2026-06-06T12:25:04.2220049Z Caching disabled for AarTransform: /home/runner/.gradle/caches/8.14/transforms/966144f595f2139b76140bbf274142f6/transformed/sentry-android-navigation-8.40.0 because:
build	Build with Gradle	2026-06-06T12:25:04.2221582Z   Caching not enabled.
build	Build with Gradle	2026-06-06T12:25:04.2248548Z Caching disabled for AarTransform: /home/runner/.gradle/caches/8.14/transforms/0229dbc9f57fa8133a9f500f70fe76a8/transformed/libcxx-27.0.12077973 because:
build	Build with Gradle	2026-06-06T12:25:04.2250292Z   Caching not enabled.
build	Build with Gradle	2026-06-06T12:25:04.2251669Z Caching disabled for AarTransform: /home/runner/.gradle/caches/8.14/transforms/693c054b9b80dbf8007dadbf97a7b615/transformed/viewbinding-8.11.1 because:
build	Build with Gradle	2026-06-06T12:25:04.2253159Z   Caching not enabled.
build	Build with Gradle	2026-06-06T12:25:04.2254445Z Caching disabled for AarTransform: /home/runner/.gradle/caches/8.14/transforms/71aa5bf0c4580977b2f3abf550a82d0e/transformed/preference-ktx-1.2.1 because:
build	Build with Gradle	2026-06-06T12:25:04.2256160Z   Caching not enabled.
build	Build with Gradle	2026-06-06T12:25:04.2257527Z Caching disabled for AarTransform: /home/runner/.gradle/caches/8.14/transforms/2c8372c00787b5e2af17c392510a0378/transformed/mavericks-3.0.9 because:
build	Build with Gradle	2026-06-06T12:25:04.2258751Z   Caching not enabled.
build	Build with Gradle	2026-06-06T12:25:04.2259898Z Caching disabled for AarTransform: /home/runner/.gradle/caches/8.14/transforms/438de03543f1a14021d179b045f7057a/transformed/koin-android-4.0.2 because:
build	Build with Gradle	2026-06-06T12:25:04.2261209Z   Caching not enabled.
build	Build with Gradle	2026-06-06T12:25:04.2262496Z Caching disabled for AarTransform: /home/runner/.gradle/caches/8.14/transforms/373e825be4973449db84049594b600ab/transformed/material-preference-2.0.0-release because:
build	Build with Gradle	2026-06-06T12:25:04.2263847Z   Caching not enabled.
build	Build with Gradle	2026-06-06T12:25:04.2264988Z Caching disabled for AarTransform: /home/runner/.gradle/caches/8.14/transforms/f85a8706e3d3bf4df310b1b8ed66a067/transformed/material-2.7.2 because:
build	Build with Gradle	2026-06-06T12:25:04.2266201Z   Caching not enabled.
build	Build with Gradle	2026-06-06T12:25:04.2267577Z Caching disabled for AarTransform: /home/runner/.gradle/caches/8.14/transforms/6589a5b496d2f82dfc01f076eae8bbc4/transformed/core-ktx-1.4.1-release because:
build	Build with Gradle	2026-06-06T12:25:04.2268806Z   Caching not enabled.
build	Build with Gradle	2026-06-06T12:25:04.2270023Z Caching disabled for AarTransform: /home/runner/.gradle/caches/8.14/transforms/a6084efd8e6c9ff951c8e72453f81ad6/transformed/material-1.14.0-beta01 because:
build	Build with Gradle	2026-06-06T12:25:04.2271305Z   Caching not enabled.
build	Build with Gradle	2026-06-06T12:25:04.2272539Z Caching disabled for AarTransform: /home/runner/.gradle/caches/8.14/transforms/8187c6742a7c5d0b27744cebd6b9554f/transformed/biometric-ktx-1.2.0-alpha05 because:
build	Build with Gradle	2026-06-06T12:25:04.2273833Z   Caching not enabled.
build	Build with Gradle	2026-06-06T12:25:04.2275025Z Caching disabled for AarTransform: /home/runner/.gradle/caches/8.14/transforms/d898ed95f395a2f368d4bc758e4d1887/transformed/biometric-1.2.0-alpha05 because:
build	Build with Gradle	2026-06-06T12:25:04.2276238Z   Caching not enabled.
build	Build with Gradle	2026-06-06T12:25:04.2327893Z Caching disabled for AarTransform: /home/runner/.gradle/caches/8.14/transforms/2c263715c01736e27b196a80ad5b1fdb/transformed/recyclerview-adapter-1.3.0 because:
build	Build with Gradle	2026-06-06T12:25:04.2329615Z   Caching not enabled.
build	Build with Gradle	2026-06-06T12:25:04.2330801Z Caching disabled for AarTransform: /home/runner/.gradle/caches/8.14/transforms/efa565396efa7c69fa280f54041abb1e/transformed/appcompat-1.6.1 because:
build	Build with Gradle	2026-06-06T12:25:04.2332098Z   Caching not enabled.
build	Build with Gradle	2026-06-06T12:25:04.2333185Z Caching disabled for AarTransform: /home/runner/.gradle/caches/8.14/transforms/338cbb5a6afddf9796ee1bfc02c64c98/transformed/recyclerview-ktx-1.3.2 because:
build	Build with Gradle	2026-06-06T12:25:04.2334363Z   Caching not enabled.
build	Build with Gradle	2026-06-06T12:25:04.2335593Z Caching disabled for AarTransform: /home/runner/.gradle/caches/8.14/transforms/4d1f2d6f8fcd4d0456ade74253b328dd/transformed/simplemenu-preference-1.0.3 because:
build	Build with Gradle	2026-06-06T12:25:04.2336828Z   Caching not enabled.
build	Build with Gradle	2026-06-06T12:25:04.2338114Z Caching disabled for AarTransform: /home/runner/.gradle/caches/8.14/transforms/a8ffae57e8eb844c745e6c38f24a5dc3/transformed/preference-1.2.1 because:
build	Build with Gradle	2026-06-06T12:25:04.2339591Z   Caching not enabled.
build	Build with Gradle	2026-06-06T12:25:04.2340757Z Caching disabled for AarTransform: /home/runner/.gradle/caches/8.14/transforms/484f1985b8141e4d4ca38f4ab7092551/transformed/library-1.2.0 because:
build	Build with Gradle	2026-06-06T12:25:04.2342016Z   Caching not enabled.
build	Build with Gradle	2026-06-06T12:25:04.2343178Z Caching disabled for AarTransform: /home/runner/.gradle/caches/8.14/transforms/91cba946f7f9db0abb582361d2b98175/transformed/recyclerview-1.4.0 because:
build	Build with Gradle	2026-06-06T12:25:04.2344598Z   Caching not enabled.
build	Build with Gradle	2026-06-06T12:25:04.2345815Z Caching disabled for AarTransform: /home/runner/.gradle/caches/8.14/transforms/59fa63435223e05f0b1b82e5b0b01ed7/transformed/viewpager2-1.1.0-beta02 because:
build	Build with Gradle	2026-06-06T12:25:04.2347111Z   Caching not enabled.
build	Build with Gradle	2026-06-06T12:25:04.2348486Z Caching disabled for AarTransform: /home/runner/.gradle/caches/8.14/transforms/ee981983fc55a7699435ecebe45f87ef/transformed/core-1.4.1-release because:
build	Build with Gradle	2026-06-06T12:25:04.2350078Z   Caching not enabled.
build	Build with Gradle	2026-06-06T12:25:04.2351370Z Caching disabled for AarTransform: /home/runner/.gradle/caches/8.14/transforms/3496351281a372f59379614fd15c5436/transformed/fragment-1.8.7 because:
build	Build with Gradle	2026-06-06T12:25:04.2352616Z   Caching not enabled.
build	Build with Gradle	2026-06-06T12:25:04.2353786Z Caching disabled for AarTransform: /home/runner/.gradle/caches/8.14/transforms/aab493d2bbab5d087a023e9183eede9c/transformed/fragment-ktx-1.8.7 because:
build	Build with Gradle	2026-06-06T12:25:04.2355087Z   Caching not enabled.
build	Build with Gradle	2026-06-06T12:25:04.2428238Z Caching disabled for AarTransform: /home/runner/.gradle/caches/8.14/transforms/f3104eb4796c3cb96709ee2563cfb750/transformed/sentry-android-core-8.40.0 because:
build	Build with Gradle	2026-06-06T12:25:04.2429874Z   Caching not enabled.
build	Build with Gradle	2026-06-06T12:25:04.2431053Z Caching disabled for AarTransform: /home/runner/.gradle/caches/8.14/transforms/62937f105bc4a976ca99fc29e59f8d0f/transformed/activity-1.10.0 because:
build	Build with Gradle	2026-06-06T12:25:04.2432313Z   Caching not enabled.
build	Build with Gradle	2026-06-06T12:25:04.2433533Z Caching disabled for AarTransform: /home/runner/.gradle/caches/8.14/transforms/b7a112fda39b8abfdc2cbb450e5f2f1a/transformed/activity-ktx-1.10.0 because:
build	Build with Gradle	2026-06-06T12:25:04.2434811Z   Caching not enabled.
build	Build with Gradle	2026-06-06T12:25:04.2436040Z Caching disabled for AarTransform: /home/runner/.gradle/caches/8.14/transforms/5154402d773535e88a1a242ea9ad466a/transformed/emoji2-views-helper-1.2.0 because:
build	Build with Gradle	2026-06-06T12:25:04.2437327Z   Caching not enabled.
build	Build with Gradle	2026-06-06T12:25:04.2438529Z Caching disabled for AarTransform: /home/runner/.gradle/caches/8.14/transforms/20c8148c0d0f1eeb1041151d1c55938f/transformed/emoji2-1.2.0 because:
build	Build with Gradle	2026-06-06T12:25:04.2439674Z   Caching not enabled.
build	Build with Gradle	2026-06-06T12:25:04.2440725Z Caching disabled for AarTransform: /home/runner/.gradle/caches/8.14/transforms/d39b45e93aa24a0297878e1eb336ea9a/transformed/loader-1.0.0 because:
build	Build with Gradle	2026-06-06T12:25:04.2441922Z   Caching not enabled.
build	Build with Gradle	2026-06-06T12:25:04.2443016Z Caching disabled for AarTransform: /home/runner/.gradle/caches/8.14/transforms/5c7bf891ae70d7d08b7f06ccb140fad8/transformed/glance-1.1.1 because:
build	Build with Gradle	2026-06-06T12:25:04.2444227Z   Caching not enabled.
build	Build with Gradle	2026-06-06T12:25:04.2445385Z Caching disabled for AarTransform: /home/runner/.gradle/caches/8.14/transforms/47fd96da264051fc240ce38134bdde10/transformed/work-runtime-ktx-2.10.4 because:
build	Build with Gradle	2026-06-06T12:25:04.2446614Z   Caching not enabled.
build	Build with Gradle	2026-06-06T12:25:04.2474395Z Caching disabled for AarTransform: /home/runner/.gradle/caches/8.14/transforms/ff46523a05730a3410b3d43ab7271bd0/transformed/work-runtime-2.10.4 because:
build	Build with Gradle	2026-06-06T12:25:04.2475864Z   Caching not enabled.
build	Build with Gradle	2026-06-06T12:25:04.2476996Z Caching disabled for AarTransform: /home/runner/.gradle/caches/8.14/transforms/2b232f7e90ed539739f2c0f2684a06f8/transformed/browser-1.8.0 because:
build	Build with Gradle	2026-06-06T12:25:04.2478378Z   Caching not enabled.
build	Build with Gradle	2026-06-06T12:25:04.2479570Z Caching disabled for AarTransform: /home/runner/.gradle/caches/8.14/transforms/9269236a44d4e397a31d652dc8841c2d/transformed/transition-ktx-1.5.1 because:
build	Build with Gradle	2026-06-06T12:25:04.2481201Z   Caching not enabled.
build	Build with Gradle	2026-06-06T12:25:04.2482381Z Caching disabled for AarTransform: /home/runner/.gradle/caches/8.14/transforms/87467c3c8cd81c6f0e30cc7811d9c0e9/transformed/slidingpanelayout-1.2.0 because:
build	Build with Gradle	2026-06-06T12:25:04.2483675Z   Caching not enabled.
build	Build with Gradle	2026-06-06T12:25:04.2484841Z Caching disabled for AarTransform: /home/runner/.gradle/caches/8.14/transforms/0a9f0b23f2ae3b3d671937d923da2cba/transformed/glance-appwidget-1.1.1 because:
build	Build with Gradle	2026-06-06T12:25:04.2486358Z   Caching not enabled.
build	Build with Gradle	2026-06-06T12:25:04.2487679Z Caching disabled for AarTransform: /home/runner/.gradle/caches/8.14/transforms/c2631671ecbd3d95bfc540fb5557d230/transformed/core-remoteviews-1.1.0 because:
build	Build with Gradle	2026-06-06T12:25:04.2488961Z   Caching not enabled.
build	Build with Gradle	2026-06-06T12:25:04.2490109Z Caching disabled for AarTransform: /home/runner/.gradle/caches/8.14/transforms/33de77d114239838176c165bd9600680/transformed/coordinatorlayout-1.1.0 because:
build	Build with Gradle	2026-06-06T12:25:04.2491312Z   Caching not enabled.
build	Build with Gradle	2026-06-06T12:25:04.2492455Z Caching disabled for AarTransform: /home/runner/.gradle/caches/8.14/transforms/9459b44028168fbe53c4da77adee3cad/transformed/transition-1.5.1 because:
build	Build with Gradle	2026-06-06T12:25:04.2493868Z   Caching not enabled.
build	Build with Gradle	2026-06-06T12:25:04.2495018Z Caching disabled for AarTransform: /home/runner/.gradle/caches/8.14/transforms/9a6f8cbb6346f3bbb1b98d5903fb48b2/transformed/drawerlayout-1.1.1 because:
build	Build with Gradle	2026-06-06T12:25:04.2496307Z   Caching not enabled.
build	Build with Gradle	2026-06-06T12:25:04.2527891Z Caching disabled for AarTransform: /home/runner/.gradle/caches/8.14/transforms/f32932b768c1c383327c110c6e2f2a04/transformed/viewpager-1.0.0 because:
build	Build with Gradle	2026-06-06T12:25:04.2529456Z   Caching not enabled.
build	Build with Gradle	2026-06-06T12:25:04.2530651Z Caching disabled for AarTransform: /home/runner/.gradle/caches/8.14/transforms/2a1f64bb05593b70cb9126021244d174/transformed/customview-1.2.0 because:
build	Build with Gradle	2026-06-06T12:25:04.2531888Z   Caching not enabled.
build	Build with Gradle	2026-06-06T12:25:04.2533060Z Caching disabled for AarTransform: /home/runner/.gradle/caches/8.14/transforms/38973380b257061575958cac22670390/transformed/dynamicanimation-1.1.0 because:
build	Build with Gradle	2026-06-06T12:25:04.2534356Z   Caching not enabled.
build	Build with Gradle	2026-06-06T12:25:04.2535438Z Caching disabled for AarTransform: /home/runner/.gradle/caches/8.14/transforms/33b1fc6b3ef6a3214537aeecc8df60ab/transformed/coil because:
build	Build with Gradle	2026-06-06T12:25:04.2536610Z   Caching not enabled.
build	Build with Gradle	2026-06-06T12:25:04.2537935Z Caching disabled for AarTransform: /home/runner/.gradle/caches/8.14/transforms/c62f2b60b2174dbc2c05823d7d6abfaa/transformed/coil-network-okhttp because:
build	Build with Gradle	2026-06-06T12:25:04.2539216Z   Caching not enabled.
build	Build with Gradle	2026-06-06T12:25:04.2540380Z Caching disabled for AarTransform: /home/runner/.gradle/caches/8.14/transforms/6e4c683cb074c37b2a51c2ee5db07733/transformed/constraintlayout-2.2.1 because:
build	Build with Gradle	2026-06-06T12:25:04.2541636Z   Caching not enabled.
build	Build with Gradle	2026-06-06T12:25:04.2542801Z Caching disabled for AarTransform: /home/runner/.gradle/caches/8.14/transforms/d49708ff39937cf2dc8a5d58ef34d065/transformed/coil-network-core because:
build	Build with Gradle	2026-06-06T12:25:04.2544021Z   Caching not enabled.
build	Build with Gradle	2026-06-06T12:25:04.2545121Z Caching disabled for AarTransform: /home/runner/.gradle/caches/8.14/transforms/d8facd787edaf28a58d8c622a9331078/transformed/coil-core because:
build	Build with Gradle	2026-06-06T12:25:04.2546342Z   Caching not enabled.
build	Build with Gradle	2026-06-06T12:25:04.2547609Z Caching disabled for AarTransform: /home/runner/.gradle/caches/8.14/transforms/f7a09b5d37e172440771a3c367250518/transformed/appcompat-resources-1.7.1 because:
build	Build with Gradle	2026-06-06T12:25:04.2548793Z   Caching not enabled.
build	Build with Gradle	2026-06-06T12:25:04.2549900Z Caching disabled for AarTransform: /home/runner/.gradle/caches/8.14/transforms/d697b5d8b45978ec3a98ef1655ea06c8/transformed/vectordrawable-animated-1.1.0 because:
build	Build with Gradle	2026-06-06T12:25:04.2551150Z   Caching not enabled.
build	Build with Gradle	2026-06-06T12:25:04.2552270Z Caching disabled for AarTransform: /home/runner/.gradle/caches/8.14/transforms/dc0275561321685487c64fd075a63c35/transformed/vectordrawable-1.1.0 because:
build	Build with Gradle	2026-06-06T12:25:04.2579056Z   Caching not enabled.
build	Build with Gradle	2026-06-06T12:25:04.2580280Z Caching disabled for AarTransform: /home/runner/.gradle/caches/8.14/transforms/04951a97475aebf6b800f98cdc845e28/transformed/switchbar-1.0.2 because:
build	Build with Gradle	2026-06-06T12:25:04.2581871Z   Caching not enabled.
build	Build with Gradle	2026-06-06T12:25:04.2583105Z Caching disabled for AarTransform: /home/runner/.gradle/caches/8.14/transforms/f44317b6b582e3df5afb18620edd3775/transformed/swiperefreshlayout-1.1.0 because:
build	Build with Gradle	2026-06-06T12:25:04.2584245Z   Caching not enabled.
build	Build with Gradle	2026-06-06T12:25:04.2585521Z Caching disabled for AarTransform: /home/runner/.gradle/caches/8.14/transforms/6df4a8bec15c81ec5d96711ead8a45f6/transformed/customview-poolingcontainer-1.0.0 because:
build	Build with Gradle	﻿2026-06-06T12:25:04.2612001Z   Caching not enabled.
build	Build with Gradle	2026-06-06T12:25:04.2613306Z Caching disabled for AarTransform: /home/runner/.gradle/caches/8.14/transforms/30676eef3dc22ac269337397d20f7f25/transformed/insets-1.3.0-release because:
build	Build with Gradle	2026-06-06T12:25:04.2614552Z   Caching not enabled.
build	Build with Gradle	2026-06-06T12:25:04.2615699Z Caching disabled for AarTransform: /home/runner/.gradle/caches/8.14/transforms/c4288f6412f7c6bdcfe961d2f0efb4d2/transformed/graphics-shapes-release because:
build	Build with Gradle	2026-06-06T12:25:04.2616983Z   Caching not enabled.
build	Build with Gradle	2026-06-06T12:25:04.2618432Z Caching disabled for AarTransform: /home/runner/.gradle/caches/8.14/transforms/0f268d830baf1b2adb315c1349db4113/transformed/savedstate-ktx-1.3.1 because:
build	Build with Gradle	2026-06-06T12:25:04.2619611Z   Caching not enabled.
build	Build with Gradle	2026-06-06T12:25:04.2620668Z Caching disabled for AarTransform: /home/runner/.gradle/caches/8.14/transforms/f85fca100dc1cfb9faf4b8055f4a62e9/transformed/savedstate-release because:
build	Build with Gradle	2026-06-06T12:25:04.2621871Z   Caching not enabled.
build	Build with Gradle	2026-06-06T12:25:04.2622990Z Caching disabled for AarTransform: /home/runner/.gradle/caches/8.14/transforms/029a61c97118f0c834c270c0dd5c56c8/transformed/core-ktx-1.16.0 because:
build	Build with Gradle	2026-06-06T12:25:04.2624213Z   Caching not enabled.
build	Build with Gradle	2026-06-06T12:25:04.2625354Z Caching disabled for AarTransform: /home/runner/.gradle/caches/8.14/transforms/d4dcb12619daf48292cb973faf4c0937/transformed/core-bundle-release because:
build	Build with Gradle	2026-06-06T12:25:04.2626543Z   Caching not enabled.
build	Build with Gradle	2026-06-06T12:25:04.2627800Z Caching disabled for AarTransform: /home/runner/.gradle/caches/8.14/transforms/5424bb4aed8761312b4b26bf9e07d98a/transformed/window-1.0.0 because:
build	Build with Gradle	2026-06-06T12:25:04.2628945Z   Caching not enabled.
build	Build with Gradle	2026-06-06T12:25:04.2630088Z Caching disabled for AarTransform: /home/runner/.gradle/caches/8.14/transforms/5cdb323f179a5400d9eac68baef40b22/transformed/lifecycle-runtime-release because:
build	Build with Gradle	2026-06-06T12:25:04.2631286Z   Caching not enabled.
build	Build with Gradle	2026-06-06T12:25:04.2632375Z Caching disabled for AarTransform: /home/runner/.gradle/caches/8.14/transforms/733f565b05217da1a995124053e2952d/transformed/lifecycle-service-2.9.4 because:
build	Build with Gradle	2026-06-06T12:25:04.2633589Z   Caching not enabled.
build	Build with Gradle	2026-06-06T12:25:04.2634800Z Caching disabled for AarTransform: /home/runner/.gradle/caches/8.14/transforms/0c66718d94e4554cab2f7d8334723d4c/transformed/lifecycle-viewmodel-2.9.4 because:
build	Build with Gradle	2026-06-06T12:25:04.2636084Z   Caching not enabled.
build	Build with Gradle	2026-06-06T12:25:04.2637703Z Caching disabled for AarTransform: /home/runner/.gradle/caches/8.14/transforms/06bc399dfe425f0f5114ba44e76c1318/transformed/lifecycle-viewmodel-savedstate-release because:
build	Build with Gradle	2026-06-06T12:25:04.2639155Z   Caching not enabled.
build	Build with Gradle	2026-06-06T12:25:04.2640416Z Caching disabled for AarTransform: /home/runner/.gradle/caches/8.14/transforms/20f00e5ccb0364701481c3adff0c0022/transformed/lifecycle-viewmodel-release because:
build	Build with Gradle	2026-06-06T12:25:04.2641899Z   Caching not enabled.
build	Build with Gradle	2026-06-06T12:25:04.2643169Z Caching disabled for AarTransform: /home/runner/.gradle/caches/8.14/transforms/644a16fcc858b20f0d048c7466f19d9f/transformed/lifecycle-process-2.9.4 because:
build	Build with Gradle	2026-06-06T12:25:04.2644494Z   Caching not enabled.
build	Build with Gradle	2026-06-06T12:25:04.2645700Z Caching disabled for AarTransform: /home/runner/.gradle/caches/8.14/transforms/6fe02a9c6bc1a8d677661f17a75652df/transformed/lifecycle-livedata-core-2.9.4 because:
build	Build with Gradle	2026-06-06T12:25:04.2646998Z   Caching not enabled.
build	Build with Gradle	2026-06-06T12:25:04.2648333Z Caching disabled for AarTransform: /home/runner/.gradle/caches/8.14/transforms/0bbb0e176c4adaced1da8fc8c45f5f69/transformed/lifecycle-livedata-2.9.4 because:
build	Build with Gradle	2026-06-06T12:25:04.2649881Z   Caching not enabled.
build	Build with Gradle	2026-06-06T12:25:04.2651126Z Caching disabled for AarTransform: /home/runner/.gradle/caches/8.14/transforms/86daf15fa6531778dc0ccc1fef270dd4/transformed/lifecycle-livedata-core-ktx-2.9.4 because:
build	Build with Gradle	2026-06-06T12:25:04.2652404Z   Caching not enabled.
build	Build with Gradle	2026-06-06T12:25:04.2653566Z Caching disabled for AarTransform: /home/runner/.gradle/caches/8.14/transforms/045e1f63699bdc1710b726e46c8c703d/transformed/lifecycle-runtime-ktx because:
build	Build with Gradle	2026-06-06T12:25:04.2654987Z   Caching not enabled.
build	Build with Gradle	2026-06-06T12:25:04.2657087Z Caching disabled for AarTransform: /home/runner/.gradle/caches/8.14/transforms/6afc1b2f65d907779fd871415079443b/transformed/ui-graphics-1.1.1 because:
build	Build with Gradle	2026-06-06T12:25:04.2658654Z   Caching not enabled.
build	Build with Gradle	2026-06-06T12:25:04.2659848Z Caching disabled for AarTransform: /home/runner/.gradle/caches/8.14/transforms/eb0c0593968df75a68be86f7d6f56e03/transformed/ui-unit-1.1.1 because:
build	Build with Gradle	2026-06-06T12:25:04.2661149Z   Caching not enabled.
build	Build with Gradle	2026-06-06T12:25:04.2662326Z Caching disabled for AarTransform: /home/runner/.gradle/caches/8.14/transforms/e243041e7dbb74197d5bc00e0943bf6a/transformed/ui-geometry-1.1.1 because:
build	Build with Gradle	2026-06-06T12:25:04.2663689Z   Caching not enabled.
build	Build with Gradle	2026-06-06T12:25:04.2664764Z Caching disabled for AarTransform: /home/runner/.gradle/caches/8.14/transforms/f9239a1ba9edcb911ae9670e7877c906/transformed/runtime-1.2.1 because:
build	Build with Gradle	2026-06-06T12:25:04.2666269Z   Caching not enabled.
build	Build with Gradle	2026-06-06T12:25:04.2667598Z Caching disabled for AarTransform: /home/runner/.gradle/caches/8.14/transforms/a8b524143b57d8c2908f9c01f30efac2/transformed/sentry-compose-release because:
build	Build with Gradle	2026-06-06T12:25:04.2668888Z   Caching not enabled.
build	Build with Gradle	2026-06-06T12:25:04.2670114Z Caching disabled for AarTransform: /home/runner/.gradle/caches/8.14/transforms/dc0568acb601ada223da268dc89d9a1a/transformed/lifecycle-livedata-ktx-2.9.4 because:
build	Build with Gradle	2026-06-06T12:25:04.2671391Z   Caching not enabled.
build	Build with Gradle	2026-06-06T12:25:04.2672736Z Caching disabled for AarTransform: /home/runner/.gradle/caches/8.14/transforms/0380dce5195f95e6e343462acaffc231/transformed/lifecycle-resource-livedata-1.0.1-release because:
build	Build with Gradle	2026-06-06T12:25:04.2674171Z   Caching not enabled.
build	Build with Gradle	2026-06-06T12:25:04.2675355Z Caching disabled for AarTransform: /home/runner/.gradle/caches/8.14/transforms/ef0d0ada300b662b4bc2dcd561c4ab70/transformed/lifecycle-viewmodel-ktx-2.9.4 because:
build	Build with Gradle	2026-06-06T12:25:04.2676683Z   Caching not enabled.
build	Build with Gradle	2026-06-06T12:25:04.2678005Z Caching disabled for AarTransform: /home/runner/.gradle/caches/8.14/transforms/8c7c9a78376cd260d7272a1fac1507a0/transformed/datastore-preferences-1.0.0 because:
build	Build with Gradle	2026-06-06T12:25:04.2679277Z   Caching not enabled.
build	Build with Gradle	2026-06-06T12:25:04.2680933Z Caching disabled for AarTransform: /home/runner/.gradle/caches/8.14/transforms/a0f2f8571a731d673f1339b181103682/transformed/room-runtime-2.6.1 because:
build	Build with Gradle	2026-06-06T12:25:04.2682174Z   Caching not enabled.
build	Build with Gradle	2026-06-06T12:25:04.2683244Z Caching disabled for AarTransform: /home/runner/.gradle/caches/8.14/transforms/615878ae3b772c18093f4d9e3e195a20/transformed/datastore-1.0.0 because:
build	Build with Gradle	2026-06-06T12:25:04.2684438Z   Caching not enabled.
build	Build with Gradle	2026-06-06T12:25:04.2685539Z Caching disabled for AarTransform: /home/runner/.gradle/caches/8.14/transforms/b7f54caf5fd601a6753bed9729e1530e/transformed/room-ktx-2.6.1 because:
build	Build with Gradle	2026-06-06T12:25:04.2686679Z   Caching not enabled.
build	Build with Gradle	2026-06-06T12:25:04.2687790Z Caching disabled for AarTransform: /home/runner/.gradle/caches/8.14/transforms/ab00c267663707e20a9c28832bd574a2/transformed/timber-5.0.1 because:
build	Build with Gradle	2026-06-06T12:25:04.2689052Z   Caching not enabled.
build	Build with Gradle	2026-06-06T12:25:04.2690273Z Caching disabled for AarTransform: /home/runner/.gradle/caches/8.14/transforms/b1caf7903885e6dfd466268b50bb28e5/transformed/core-splashscreen-1.0.1 because:
build	Build with Gradle	2026-06-06T12:25:04.2691630Z   Caching not enabled.
build	Build with Gradle	2026-06-06T12:25:04.2692757Z Caching disabled for AarTransform: /home/runner/.gradle/caches/8.14/transforms/f59af9a0eace077f0e9ad35c903edb0e/transformed/html-ktx-1.1.2 because:
build	Build with Gradle	2026-06-06T12:25:04.2693980Z   Caching not enabled.
build	Build with Gradle	2026-06-06T12:25:04.2695454Z Caching disabled for AarTransform: /home/runner/.gradle/caches/8.14/transforms/5e76c393bb448bcfa0655c68ec471020/transformed/aboutlibraries-core-release because:
build	Build with Gradle	2026-06-06T12:25:04.2696808Z   Caching not enabled.
build	Build with Gradle	2026-06-06T12:25:04.2698157Z Caching disabled for AarTransform: /home/runner/.gradle/caches/8.14/transforms/bd37fa4ac9a923d774be35a04b675e9d/transformed/sentry-android-timber-8.40.0 because:
build	Build with Gradle	2026-06-06T12:25:04.2699608Z   Caching not enabled.
build	Build with Gradle	2026-06-06T12:25:04.2700872Z Caching disabled for AarTransform: /home/runner/.gradle/caches/8.14/transforms/82c33335d6daf0ba2c2d3106c603ebc3/transformed/sqlite-framework-2.4.0 because:
build	Build with Gradle	2026-06-06T12:25:04.2702181Z   Caching not enabled.
build	Build with Gradle	2026-06-06T12:25:04.2703218Z Caching disabled for AarTransform: /home/runner/.gradle/caches/8.14/transforms/f5dc25b733d8c7664560d889ae0ff956/transformed/sqlite-2.4.0 because:
build	Build with Gradle	2026-06-06T12:25:04.2704268Z   Caching not enabled.
build	Build with Gradle	2026-06-06T12:25:04.2705476Z Caching disabled for AarTransform: /home/runner/.gradle/caches/8.14/transforms/a6341a3e8d2c382078fb8f297369ac51/transformed/sentry-android-sqlite-8.40.0 because:
build	Build with Gradle	2026-06-06T12:25:04.2706913Z   Caching not enabled.
build	Build with Gradle	2026-06-06T12:25:04.2708240Z Caching disabled for AarTransform: /home/runner/.gradle/caches/8.14/transforms/6a51a01fd16264a83e0f0feeab00d6ea/transformed/layoutinflater-1.3.0 because:
build	Build with Gradle	2026-06-06T12:25:04.2710085Z   Caching not enabled.
build	Build with Gradle	2026-06-06T12:25:04.2711253Z Caching disabled for AarTransform: /home/runner/.gradle/caches/8.14/transforms/5d7fa8ac1f6ab741b32c1fc4bc71bdf6/transformed/compatibility-2.0.0 because:
build	Build with Gradle	2026-06-06T12:25:04.2712516Z   Caching not enabled.
build	Build with Gradle	2026-06-06T12:25:04.2713696Z Caching disabled for AarTransform: /home/runner/.gradle/caches/8.14/transforms/7cb87b818b30498bcde5bf59509b305b/transformed/appiconloader-1.5.0 because:
build	Build with Gradle	2026-06-06T12:25:04.2714984Z   Caching not enabled.
build	Build with Gradle	2026-06-06T12:25:04.2716144Z Caching disabled for AarTransform: /home/runner/.gradle/caches/8.14/transforms/af1849ac59ea9b10c0df81a67570c855/transformed/cursoradapter-1.0.0 because:
build	Build with Gradle	2026-06-06T12:25:04.2717556Z   Caching not enabled.
build	Build with Gradle	2026-06-06T12:25:04.2718607Z Caching disabled for AarTransform: /home/runner/.gradle/caches/8.14/transforms/b2e7fb1ff7f260dce39e55cb27088efd/transformed/cardview-1.0.0 because:
build	Build with Gradle	2026-06-06T12:25:04.2719799Z   Caching not enabled.
build	Build with Gradle	2026-06-06T12:25:04.2720798Z Caching disabled for AarTransform: /home/runner/.gradle/caches/8.14/transforms/b7fdebfd9343bbc576a29ab8d68fb354/transformed/lazy-2.0.0 because:
build	Build with Gradle	2026-06-06T12:25:04.2721895Z   Caching not enabled.
build	Build with Gradle	2026-06-06T12:25:04.2722933Z Caching disabled for AarTransform: /home/runner/.gradle/caches/8.14/transforms/e5742399012525e0edda6cc8d9ad7262/transformed/html-1.1.2 because:
build	Build with Gradle	2026-06-06T12:25:04.2724465Z   Caching not enabled.
build	Build with Gradle	2026-06-06T12:25:04.2725646Z Caching disabled for AarTransform: /home/runner/.gradle/caches/8.14/transforms/0f8fd961fa88f172b795e954c693c5a2/transformed/tracing-ktx-1.2.0 because:
build	Build with Gradle	2026-06-06T12:25:04.2726959Z   Caching not enabled.
build	Build with Gradle	2026-06-06T12:25:04.2728381Z Caching disabled for AarTransform: /home/runner/.gradle/caches/8.14/transforms/def85582213ab2870d896da947e1bd2a/transformed/appiconloader-iconloaderlib-1.5.0 because:
build	Build with Gradle	2026-06-06T12:25:04.2729772Z   Caching not enabled.
build	Build with Gradle	2026-06-06T12:25:04.2730892Z Caching disabled for AarTransform: /home/runner/.gradle/caches/8.14/transforms/acaa3cdd1b8646165db9384aee71e410/transformed/ui-util-1.1.1 because:
build	Build with Gradle	2026-06-06T12:25:04.2732112Z   Caching not enabled.
build	Build with Gradle	2026-06-06T12:25:04.2733290Z Caching disabled for AarTransform: /home/runner/.gradle/caches/8.14/transforms/96dabcaf2d8839737bfa5e7bcc9c8d29/transformed/exifinterface-1.4.2 because:
build	Build with Gradle	2026-06-06T12:25:04.2734558Z   Caching not enabled.
build	Build with Gradle	2026-06-06T12:25:04.2735673Z Caching disabled for AarTransform: /home/runner/.gradle/caches/8.14/transforms/fdd7a2f71d98268b12d6291e62912d0b/transformed/lottie-6.6.2 because:
build	Build with Gradle	2026-06-06T12:25:04.2736846Z   Caching not enabled.
build	Build with Gradle	2026-06-06T12:25:04.2738151Z Caching disabled for AarTransform: /home/runner/.gradle/caches/8.14/transforms/f16a35ef33f3a5860c0cc8532fe5dc8c/transformed/core-6.0.0 because:
build	Build with Gradle	2026-06-06T12:25:04.2739595Z   Caching not enabled.
build	Build with Gradle	2026-06-06T12:25:04.2740777Z Caching disabled for AarTransform: /home/runner/.gradle/caches/8.14/transforms/c0673a6896f886d42be301918536c345/transformed/boringssl-20250114 because:
build	Build with Gradle	2026-06-06T12:25:04.2741993Z   Caching not enabled.
build	Build with Gradle	2026-06-06T12:25:04.2743195Z Caching disabled for AarTransform: /home/runner/.gradle/caches/8.14/transforms/b966c438ee1e24a5a0e1926959b61a2d/transformed/hiddenapibypass-6.1 because:
build	Build with Gradle	2026-06-06T12:25:04.2744529Z   Caching not enabled.
build	Build with Gradle	2026-06-06T12:25:04.2745712Z Caching disabled for AarTransform: /home/runner/.gradle/caches/8.14/transforms/0229dbc9f57fa8133a9f500f70fe76a8/transformed/libcxx-27.0.12077973 because:
build	Build with Gradle	2026-06-06T12:25:04.2746958Z   Caching not enabled.
build	Build with Gradle	2026-06-06T12:25:04.2748124Z Caching disabled for AarTransform: /home/runner/.gradle/caches/8.14/transforms/966144f595f2139b76140bbf274142f6/transformed/sentry-android-navigation-8.40.0 because:
build	Build with Gradle	2026-06-06T12:25:04.2750056Z   Caching not enabled.
build	Build with Gradle	2026-06-06T12:25:04.2754564Z Caching disabled for AarTransform: /home/runner/.gradle/caches/8.14/transforms/966464b5816c63aee25736b13ab38709/transformed/sentry-android-fragment-8.40.0 because:
build	Build with Gradle	2026-06-06T12:25:04.2759245Z   Caching not enabled.
build	Build with Gradle	2026-06-06T12:25:04.2762217Z Build cache key for task ':manager:processReleaseMainManifest' is fd03db2dfa02d97a86fa36c92074a4b5
build	Build with Gradle	2026-06-06T12:25:04.2765493Z Task ':manager:processReleaseMainManifest' is not up-to-date because:
build	Build with Gradle	2026-06-06T12:25:04.2768178Z   No history is available.
build	Build with Gradle	2026-06-06T12:25:04.2771090Z Loading library manifest /home/runner/work/ShizukuPlus/ShizukuPlus/core/ui/build/intermediates/merged_manifest/release/processReleaseManifest/AndroidManifest.xml
build	Build with Gradle	2026-06-06T12:25:04.2776025Z Loading library manifest /home/runner/.gradle/caches/8.14/transforms/693c054b9b80dbf8007dadbf97a7b615/transformed/viewbinding-8.11.1/AndroidManifest.xml
build	Build with Gradle	2026-06-06T12:25:04.2778078Z Loading library manifest /home/runner/work/ShizukuPlus/ShizukuPlus/server/build/intermediates/merged_manifest/release/processReleaseManifest/AndroidManifest.xml
build	Build with Gradle	2026-06-06T12:25:04.2780254Z Loading library manifest /home/runner/work/ShizukuPlus/ShizukuPlus/starter/build/intermediates/merged_manifest/release/processReleaseManifest/AndroidManifest.xml
build	Build with Gradle	2026-06-06T12:25:04.2782371Z Loading library manifest /home/runner/.gradle/caches/8.14/transforms/2c8372c00787b5e2af17c392510a0378/transformed/mavericks-3.0.9/AndroidManifest.xml
build	Build with Gradle	2026-06-06T12:25:04.2784455Z Loading library manifest /home/runner/.gradle/caches/8.14/transforms/71aa5bf0c4580977b2f3abf550a82d0e/transformed/preference-ktx-1.2.1/AndroidManifest.xml
build	Build with Gradle	2026-06-06T12:25:04.2786574Z Loading library manifest /home/runner/.gradle/caches/8.14/transforms/438de03543f1a14021d179b045f7057a/transformed/koin-android-4.0.2/AndroidManifest.xml
build	Build with Gradle	2026-06-06T12:25:04.2789080Z Loading library manifest /home/runner/.gradle/caches/8.14/transforms/373e825be4973449db84049594b600ab/transformed/material-preference-2.0.0-release/AndroidManifest.xml
build	Build with Gradle	2026-06-06T12:25:04.2790928Z Loading library manifest /home/runner/.gradle/caches/8.14/transforms/f85a8706e3d3bf4df310b1b8ed66a067/transformed/material-2.7.2/AndroidManifest.xml
build	Build with Gradle	2026-06-06T12:25:04.2792747Z Loading library manifest /home/runner/.gradle/caches/8.14/transforms/6589a5b496d2f82dfc01f076eae8bbc4/transformed/core-ktx-1.4.1-release/AndroidManifest.xml
build	Build with Gradle	2026-06-06T12:25:04.2794603Z Loading library manifest /home/runner/.gradle/caches/8.14/transforms/a6084efd8e6c9ff951c8e72453f81ad6/transformed/material-1.14.0-beta01/AndroidManifest.xml
build	Build with Gradle	2026-06-06T12:25:04.2796492Z Loading library manifest /home/runner/.gradle/caches/8.14/transforms/efa565396efa7c69fa280f54041abb1e/transformed/appcompat-1.6.1/AndroidManifest.xml
build	Build with Gradle	2026-06-06T12:25:04.2798639Z Loading library manifest /home/runner/.gradle/caches/8.14/transforms/8187c6742a7c5d0b27744cebd6b9554f/transformed/biometric-ktx-1.2.0-alpha05/AndroidManifest.xml
build	Build with Gradle	2026-06-06T12:25:04.2800754Z Loading library manifest /home/runner/.gradle/caches/8.14/transforms/d898ed95f395a2f368d4bc758e4d1887/transformed/biometric-1.2.0-alpha05/AndroidManifest.xml
build	Build with Gradle	2026-06-06T12:25:04.2803022Z Loading library manifest /home/runner/.gradle/caches/8.14/transforms/2c263715c01736e27b196a80ad5b1fdb/transformed/recyclerview-adapter-1.3.0/AndroidManifest.xml
build	Build with Gradle	2026-06-06T12:25:04.2805034Z Loading library manifest /home/runner/.gradle/caches/8.14/transforms/338cbb5a6afddf9796ee1bfc02c64c98/transformed/recyclerview-ktx-1.3.2/AndroidManifest.xml
build	Build with Gradle	2026-06-06T12:25:04.2807257Z Loading library manifest /home/runner/.gradle/caches/8.14/transforms/4d1f2d6f8fcd4d0456ade74253b328dd/transformed/simplemenu-preference-1.0.3/AndroidManifest.xml
build	Build with Gradle	2026-06-06T12:25:04.2812466Z Loading library manifest /home/runner/.gradle/caches/8.14/transforms/a8ffae57e8eb844c745e6c38f24a5dc3/transformed/preference-1.2.1/AndroidManifest.xml
build	Build with Gradle	2026-06-06T12:25:04.2817248Z Loading library manifest /home/runner/.gradle/caches/8.14/transforms/484f1985b8141e4d4ca38f4ab7092551/transformed/library-1.2.0/AndroidManifest.xml
build	Build with Gradle	2026-06-06T12:25:04.2819013Z Loading library manifest /home/runner/.gradle/caches/8.14/transforms/91cba946f7f9db0abb582361d2b98175/transformed/recyclerview-1.4.0/AndroidManifest.xml
build	Build with Gradle	2026-06-06T12:25:04.2821074Z Loading library manifest /home/runner/.gradle/caches/8.14/transforms/59fa63435223e05f0b1b82e5b0b01ed7/transformed/viewpager2-1.1.0-beta02/AndroidManifest.xml
build	Build with Gradle	2026-06-06T12:25:04.2822966Z Loading library manifest /home/runner/.gradle/caches/8.14/transforms/ee981983fc55a7699435ecebe45f87ef/transformed/core-1.4.1-release/AndroidManifest.xml
build	Build with Gradle	2026-06-06T12:25:04.2824916Z Loading library manifest /home/runner/.gradle/caches/8.14/transforms/3496351281a372f59379614fd15c5436/transformed/fragment-1.8.7/AndroidManifest.xml
build	Build with Gradle	2026-06-06T12:25:04.2826808Z Loading library manifest /home/runner/.gradle/caches/8.14/transforms/aab493d2bbab5d087a023e9183eede9c/transformed/fragment-ktx-1.8.7/AndroidManifest.xml
build	Build with Gradle	2026-06-06T12:25:04.2828987Z Loading library manifest /home/runner/.gradle/caches/8.14/transforms/f3104eb4796c3cb96709ee2563cfb750/transformed/sentry-android-core-8.40.0/AndroidManifest.xml
build	Build with Gradle	2026-06-06T12:25:04.2831011Z Loading library manifest /home/runner/.gradle/caches/8.14/transforms/62937f105bc4a976ca99fc29e59f8d0f/transformed/activity-1.10.0/AndroidManifest.xml
build	Build with Gradle	2026-06-06T12:25:04.2832990Z Loading library manifest /home/runner/.gradle/caches/8.14/transforms/b7a112fda39b8abfdc2cbb450e5f2f1a/transformed/activity-ktx-1.10.0/AndroidManifest.xml
build	Build with Gradle	2026-06-06T12:25:04.2834996Z Loading library manifest /home/runner/.gradle/caches/8.14/transforms/5154402d773535e88a1a242ea9ad466a/transformed/emoji2-views-helper-1.2.0/AndroidManifest.xml
build	Build with Gradle	2026-06-06T12:25:04.2836912Z Loading library manifest /home/runner/.gradle/caches/8.14/transforms/20c8148c0d0f1eeb1041151d1c55938f/transformed/emoji2-1.2.0/AndroidManifest.xml
build	Build with Gradle	2026-06-06T12:25:04.2838741Z Loading library manifest /home/runner/.gradle/caches/8.14/transforms/d39b45e93aa24a0297878e1eb336ea9a/transformed/loader-1.0.0/AndroidManifest.xml
build	Build with Gradle	2026-06-06T12:25:04.2840359Z Loading library manifest /home/runner/.gradle/caches/8.14/transforms/0a9f0b23f2ae3b3d671937d923da2cba/transformed/glance-appwidget-1.1.1/AndroidManifest.xml
build	Build with Gradle	2026-06-06T12:25:04.2842322Z Loading library manifest /home/runner/.gradle/caches/8.14/transforms/5c7bf891ae70d7d08b7f06ccb140fad8/transformed/glance-1.1.1/AndroidManifest.xml
build	Build with Gradle	2026-06-06T12:25:04.2844327Z Loading library manifest /home/runner/.gradle/caches/8.14/transforms/47fd96da264051fc240ce38134bdde10/transformed/work-runtime-ktx-2.10.4/AndroidManifest.xml
build	Build with Gradle	2026-06-06T12:25:04.2846431Z Loading library manifest /home/runner/.gradle/caches/8.14/transforms/ff46523a05730a3410b3d43ab7271bd0/transformed/work-runtime-2.10.4/AndroidManifest.xml
build	Build with Gradle	2026-06-06T12:25:04.2848546Z Loading library manifest /home/runner/work/ShizukuPlus/ShizukuPlus/api/server-shared/build/intermediates/merged_manifest/release/processReleaseManifest/AndroidManifest.xml
build	Build with Gradle	2026-06-06T12:25:04.2850713Z Loading library manifest /home/runner/.gradle/caches/8.14/transforms/93e5dd5bd02503c2c463051d8428f6c3/transformed/compat-4.4.0/AndroidManifest.xml
build	Build with Gradle	2026-06-06T12:25:04.2852798Z Loading library manifest /home/runner/.gradle/caches/8.14/transforms/2b232f7e90ed539739f2c0f2684a06f8/transformed/browser-1.8.0/AndroidManifest.xml
build	Build with Gradle	2026-06-06T12:25:04.2854794Z Loading library manifest /home/runner/.gradle/caches/8.14/transforms/9269236a44d4e397a31d652dc8841c2d/transformed/transition-ktx-1.5.1/AndroidManifest.xml
build	Build with Gradle	2026-06-06T12:25:04.2856876Z Loading library manifest /home/runner/.gradle/caches/8.14/transforms/87467c3c8cd81c6f0e30cc7811d9c0e9/transformed/slidingpanelayout-1.2.0/AndroidManifest.xml
build	Build with Gradle	2026-06-06T12:25:04.2859212Z Loading library manifest /home/runner/.gradle/caches/8.14/transforms/9459b44028168fbe53c4da77adee3cad/transformed/transition-1.5.1/AndroidManifest.xml
build	Build with Gradle	2026-06-06T12:25:04.2861221Z Loading library manifest /home/runner/.gradle/caches/8.14/transforms/c2631671ecbd3d95bfc540fb5557d230/transformed/core-remoteviews-1.1.0/AndroidManifest.xml
build	Build with Gradle	2026-06-06T12:25:04.2863324Z Loading library manifest /home/runner/.gradle/caches/8.14/transforms/33de77d114239838176c165bd9600680/transformed/coordinatorlayout-1.1.0/AndroidManifest.xml
build	Build with Gradle	2026-06-06T12:25:04.2865452Z Loading library manifest /home/runner/.gradle/caches/8.14/transforms/9a6f8cbb6346f3bbb1b98d5903fb48b2/transformed/drawerlayout-1.1.1/AndroidManifest.xml
build	Build with Gradle	2026-06-06T12:25:04.2867541Z Loading library manifest /home/runner/.gradle/caches/8.14/transforms/f32932b768c1c383327c110c6e2f2a04/transformed/viewpager-1.0.0/AndroidManifest.xml
build	Build with Gradle	2026-06-06T12:25:04.2869494Z Loading library manifest /home/runner/.gradle/caches/8.14/transforms/2a1f64bb05593b70cb9126021244d174/transformed/customview-1.2.0/AndroidManifest.xml
build	Build with Gradle	2026-06-06T12:25:04.2871507Z Loading library manifest /home/runner/.gradle/caches/8.14/transforms/38973380b257061575958cac22670390/transformed/dynamicanimation-1.1.0/AndroidManifest.xml
build	Build with Gradle	2026-06-06T12:25:04.2873576Z Loading library manifest /home/runner/.gradle/caches/8.14/transforms/6e4c683cb074c37b2a51c2ee5db07733/transformed/constraintlayout-2.2.1/AndroidManifest.xml
build	Build with Gradle	2026-06-06T12:25:04.2875537Z Loading library manifest /home/runner/.gradle/caches/8.14/transforms/33b1fc6b3ef6a3214537aeecc8df60ab/transformed/coil/AndroidManifest.xml
build	Build with Gradle	2026-06-06T12:25:04.2877546Z Loading library manifest /home/runner/.gradle/caches/8.14/transforms/c62f2b60b2174dbc2c05823d7d6abfaa/transformed/coil-network-okhttp/AndroidManifest.xml
build	Build with Gradle	2026-06-06T12:25:04.2879517Z Loading library manifest /home/runner/.gradle/caches/8.14/transforms/d49708ff39937cf2dc8a5d58ef34d065/transformed/coil-network-core/AndroidManifest.xml
build	Build with Gradle	2026-06-06T12:25:04.2881465Z Loading library manifest /home/runner/.gradle/caches/8.14/transforms/d8facd787edaf28a58d8c622a9331078/transformed/coil-core/AndroidManifest.xml
build	Build with Gradle	2026-06-06T12:25:04.2883478Z Loading library manifest /home/runner/.gradle/caches/8.14/transforms/f7a09b5d37e172440771a3c367250518/transformed/appcompat-resources-1.7.1/AndroidManifest.xml
build	Build with Gradle	2026-06-06T12:25:04.2885583Z Loading library manifest /home/runner/.gradle/caches/8.14/transforms/d697b5d8b45978ec3a98ef1655ea06c8/transformed/vectordrawable-animated-1.1.0/AndroidManifest.xml
build	Build with Gradle	2026-06-06T12:25:04.2887804Z Loading library manifest /home/runner/.gradle/caches/8.14/transforms/dc0275561321685487c64fd075a63c35/transformed/vectordrawable-1.1.0/AndroidManifest.xml
build	Build with Gradle	2026-06-06T12:25:04.2889778Z Loading library manifest /home/runner/.gradle/caches/8.14/transforms/04951a97475aebf6b800f98cdc845e28/transformed/switchbar-1.0.2/AndroidManifest.xml
build	Build with Gradle	2026-06-06T12:25:04.2891749Z Loading library manifest /home/runner/.gradle/caches/8.14/transforms/f44317b6b582e3df5afb18620edd3775/transformed/swiperefreshlayout-1.1.0/AndroidManifest.xml
build	Build with Gradle	2026-06-06T12:25:04.2893833Z Loading library manifest /home/runner/work/ShizukuPlus/ShizukuPlus/database/build/intermediates/merged_manifest/release/processReleaseManifest/AndroidManifest.xml
build	Build with Gradle	2026-06-06T12:25:04.2895940Z Loading library manifest /home/runner/.gradle/caches/8.14/transforms/30676eef3dc22ac269337397d20f7f25/transformed/insets-1.3.0-release/AndroidManifest.xml
build	Build with Gradle	2026-06-06T12:25:04.2898160Z Loading library manifest /home/runner/.gradle/caches/8.14/transforms/6df4a8bec15c81ec5d96711ead8a45f6/transformed/customview-poolingcontainer-1.0.0/AndroidManifest.xml
build	Build with Gradle	2026-06-06T12:25:04.2900397Z Loading library manifest /home/runner/.gradle/caches/8.14/transforms/c4288f6412f7c6bdcfe961d2f0efb4d2/transformed/graphics-shapes-release/AndroidManifest.xml
build	Build with Gradle	2026-06-06T12:25:04.2902426Z Loading library manifest /home/runner/.gradle/caches/8.14/transforms/0f268d830baf1b2adb315c1349db4113/transformed/savedstate-ktx-1.3.1/AndroidManifest.xml
build	Build with Gradle	2026-06-06T12:25:04.2904622Z Loading library manifest /home/runner/.gradle/caches/8.14/transforms/f85fca100dc1cfb9faf4b8055f4a62e9/transformed/savedstate-release/AndroidManifest.xml
build	Build with Gradle	2026-06-06T12:25:04.2906761Z Loading library manifest /home/runner/.gradle/caches/8.14/transforms/d4dcb12619daf48292cb973faf4c0937/transformed/core-bundle-release/AndroidManifest.xml
build	Build with Gradle	2026-06-06T12:25:04.2908817Z Loading library manifest /home/runner/.gradle/caches/8.14/transforms/029a61c97118f0c834c270c0dd5c56c8/transformed/core-ktx-1.16.0/AndroidManifest.xml
build	Build with Gradle	2026-06-06T12:25:04.2910855Z Loading library manifest /home/runner/.gradle/caches/8.14/transforms/5424bb4aed8761312b4b26bf9e07d98a/transformed/window-1.0.0/AndroidManifest.xml
build	Build with Gradle	2026-06-06T12:25:04.2912724Z Loading library manifest /home/runner/.gradle/caches/8.14/transforms/a18f3e8414f2ba4eb382dd01375ab089/transformed/core-1.16.0/AndroidManifest.xml
build	Build with Gradle	2026-06-06T12:25:04.2914562Z Loading library manifest /home/runner/.gradle/caches/8.14/transforms/5cdb323f179a5400d9eac68baef40b22/transformed/lifecycle-runtime-release/AndroidManifest.xml
build	Build with Gradle	2026-06-06T12:25:04.2916487Z Loading library manifest /home/runner/.gradle/caches/8.14/transforms/733f565b05217da1a995124053e2952d/transformed/lifecycle-service-2.9.4/AndroidManifest.xml
build	Build with Gradle	2026-06-06T12:25:04.2918565Z Loading library manifest /home/runner/.gradle/caches/8.14/transforms/0c66718d94e4554cab2f7d8334723d4c/transformed/lifecycle-viewmodel-2.9.4/AndroidManifest.xml
build	Build with Gradle	2026-06-06T12:25:04.2920474Z Loading library manifest /home/runner/.gradle/caches/8.14/transforms/20f00e5ccb0364701481c3adff0c0022/transformed/lifecycle-viewmodel-release/AndroidManifest.xml
build	Build with Gradle	2026-06-06T12:25:04.2922572Z Loading library manifest /home/runner/.gradle/caches/8.14/transforms/06bc399dfe425f0f5114ba44e76c1318/transformed/lifecycle-viewmodel-savedstate-release/AndroidManifest.xml
build	Build with Gradle	2026-06-06T12:25:04.2924776Z Loading library manifest /home/runner/.gradle/caches/8.14/transforms/6fe02a9c6bc1a8d677661f17a75652df/transformed/lifecycle-livedata-core-2.9.4/AndroidManifest.xml
build	Build with Gradle	2026-06-06T12:25:04.2927028Z Loading library manifest /home/runner/.gradle/caches/8.14/transforms/644a16fcc858b20f0d048c7466f19d9f/transformed/lifecycle-process-2.9.4/AndroidManifest.xml
build	Build with Gradle	2026-06-06T12:25:04.2929180Z Loading library manifest /home/runner/.gradle/caches/8.14/transforms/045e1f63699bdc1710b726e46c8c703d/transformed/lifecycle-runtime-ktx/AndroidManifest.xml
build	Build with Gradle	2026-06-06T12:25:04.2931239Z Loading library manifest /home/runner/.gradle/caches/8.14/transforms/0bbb0e176c4adaced1da8fc8c45f5f69/transformed/lifecycle-livedata-2.9.4/AndroidManifest.xml
build	Build with Gradle	2026-06-06T12:25:04.2933415Z Loading library manifest /home/runner/.gradle/caches/8.14/transforms/86daf15fa6531778dc0ccc1fef270dd4/transformed/lifecycle-livedata-core-ktx-2.9.4/AndroidManifest.xml
build	Build with Gradle	2026-06-06T12:25:04.2935502Z Loading library manifest /home/runner/.gradle/caches/8.14/transforms/6afc1b2f65d907779fd871415079443b/transformed/ui-graphics-1.1.1/AndroidManifest.xml
build	Build with Gradle	2026-06-06T12:25:04.2937589Z Loading library manifest /home/runner/.gradle/caches/8.14/transforms/eb0c0593968df75a68be86f7d6f56e03/transformed/ui-unit-1.1.1/AndroidManifest.xml
build	Build with Gradle	2026-06-06T12:25:04.2939508Z Loading library manifest /home/runner/.gradle/caches/8.14/transforms/e243041e7dbb74197d5bc00e0943bf6a/transformed/ui-geometry-1.1.1/AndroidManifest.xml
build	Build with Gradle	2026-06-06T12:25:04.2941452Z Loading library manifest /home/runner/.gradle/caches/8.14/transforms/f9239a1ba9edcb911ae9670e7877c906/transformed/runtime-1.2.1/AndroidManifest.xml
build	Build with Gradle	2026-06-06T12:25:04.2943406Z Loading library manifest /home/runner/.gradle/caches/8.14/transforms/a8b524143b57d8c2908f9c01f30efac2/transformed/sentry-compose-release/AndroidManifest.xml
build	Build with Gradle	2026-06-06T12:25:04.2945663Z Loading library manifest /home/runner/.gradle/caches/8.14/transforms/dc0568acb601ada223da268dc89d9a1a/transformed/lifecycle-livedata-ktx-2.9.4/AndroidManifest.xml
build	Build with Gradle	2026-06-06T12:25:04.2947927Z Loading library manifest /home/runner/.gradle/caches/8.14/transforms/0380dce5195f95e6e343462acaffc231/transformed/lifecycle-resource-livedata-1.0.1-release/AndroidManifest.xml
build	Build with Gradle	2026-06-06T12:25:04.2950050Z Loading library manifest /home/runner/.gradle/caches/8.14/transforms/ef0d0ada300b662b4bc2dcd561c4ab70/transformed/lifecycle-viewmodel-ktx-2.9.4/AndroidManifest.xml
build	Build with Gradle	2026-06-06T12:25:04.2952301Z Loading library manifest /home/runner/.gradle/caches/8.14/transforms/8c7c9a78376cd260d7272a1fac1507a0/transformed/datastore-preferences-1.0.0/AndroidManifest.xml
build	Build with Gradle	2026-06-06T12:25:04.2954274Z Loading library manifest /home/runner/.gradle/caches/8.14/transforms/615878ae3b772c18093f4d9e3e195a20/transformed/datastore-1.0.0/AndroidManifest.xml
build	Build with Gradle	2026-06-06T12:25:04.2956387Z Loading library manifest /home/runner/.gradle/caches/8.14/transforms/a0f2f8571a731d673f1339b181103682/transformed/room-runtime-2.6.1/AndroidManifest.xml
build	Build with Gradle	2026-06-06T12:25:04.2958416Z Loading library manifest /home/runner/.gradle/caches/8.14/transforms/b7f54caf5fd601a6753bed9729e1530e/transformed/room-ktx-2.6.1/AndroidManifest.xml
build	Build with Gradle	2026-06-06T12:25:04.2960262Z Loading library manifest /home/runner/.gradle/caches/8.14/transforms/b1caf7903885e6dfd466268b50bb28e5/transformed/core-splashscreen-1.0.1/AndroidManifest.xml
build	Build with Gradle	2026-06-06T12:25:04.2962322Z Loading library manifest /home/runner/work/ShizukuPlus/ShizukuPlus/common/build/intermediates/merged_manifest/release/processReleaseManifest/AndroidManifest.xml
build	Build with Gradle	2026-06-06T12:25:04.2964199Z Loading library manifest /home/runner/.gradle/caches/8.14/transforms/ab00c267663707e20a9c28832bd574a2/transformed/timber-5.0.1/AndroidManifest.xml
build	Build with Gradle	2026-06-06T12:25:04.2966148Z Loading library manifest /home/runner/.gradle/caches/8.14/transforms/f59af9a0eace077f0e9ad35c903edb0e/transformed/html-ktx-1.1.2/AndroidManifest.xml
build	Build with Gradle	2026-06-06T12:25:04.2968345Z Loading library manifest /home/runner/.gradle/caches/8.14/transforms/5e76c393bb448bcfa0655c68ec471020/transformed/aboutlibraries-core-release/AndroidManifest.xml
build	Build with Gradle	2026-06-06T12:25:04.2970524Z Loading library manifest /home/runner/.gradle/caches/8.14/transforms/bd37fa4ac9a923d774be35a04b675e9d/transformed/sentry-android-timber-8.40.0/AndroidManifest.xml
build	Build with Gradle	2026-06-06T12:25:04.2972759Z Loading library manifest /home/runner/.gradle/caches/8.14/transforms/82c33335d6daf0ba2c2d3106c603ebc3/transformed/sqlite-framework-2.4.0/AndroidManifest.xml
build	Build with Gradle	2026-06-06T12:25:04.2974825Z Loading library manifest /home/runner/.gradle/caches/8.14/transforms/f5dc25b733d8c7664560d889ae0ff956/transformed/sqlite-2.4.0/AndroidManifest.xml
build	Build with Gradle	2026-06-06T12:25:04.2976861Z Loading library manifest /home/runner/.gradle/caches/8.14/transforms/a6341a3e8d2c382078fb8f297369ac51/transformed/sentry-android-sqlite-8.40.0/AndroidManifest.xml
build	Build with Gradle	2026-06-06T12:25:04.2978990Z Loading library manifest /home/runner/work/ShizukuPlus/ShizukuPlus/api/rish/build/intermediates/merged_manifest/release/processReleaseManifest/AndroidManifest.xml
build	Build with Gradle	2026-06-06T12:25:04.2981042Z Loading library manifest /home/runner/work/ShizukuPlus/ShizukuPlus/api/provider/build/intermediates/merged_manifest/release/processReleaseManifest/AndroidManifest.xml
build	Build with Gradle	2026-06-06T12:25:04.2983077Z Loading library manifest /home/runner/work/ShizukuPlus/ShizukuPlus/api/api/build/intermediates/merged_manifest/release/processReleaseManifest/AndroidManifest.xml
build	Build with Gradle	2026-06-06T12:25:04.2985015Z Loading library manifest /home/runner/.gradle/caches/8.14/transforms/15a46fdad85d2cb7e7c637ba2a744a05/transformed/interpolator-1.0.0/AndroidManifest.xml
build	Build with Gradle	2026-06-06T12:25:04.2986852Z Loading library manifest /home/runner/.gradle/caches/8.14/transforms/5d7fa8ac1f6ab741b32c1fc4bc71bdf6/transformed/compatibility-2.0.0/AndroidManifest.xml
build	Build with Gradle	2026-06-06T12:25:04.2989169Z Loading library manifest /home/runner/.gradle/caches/8.14/transforms/6a51a01fd16264a83e0f0feeab00d6ea/transformed/layoutinflater-1.3.0/AndroidManifest.xml
build	Build with Gradle	2026-06-06T12:25:04.2991195Z Loading library manifest /home/runner/.gradle/caches/8.14/transforms/7cb87b818b30498bcde5bf59509b305b/transformed/appiconloader-1.5.0/AndroidManifest.xml
build	Build with Gradle	2026-06-06T12:25:04.2993323Z Loading library manifest /home/runner/work/ShizukuPlus/ShizukuPlus/api/shared/build/intermediates/merged_manifest/release/processReleaseManifest/AndroidManifest.xml
build	Build with Gradle	2026-06-06T12:25:04.2995609Z Loading library manifest /home/runner/.gradle/caches/8.14/transforms/d90402c4b85ec72d1d4a6e1bb45ac913/transformed/buildcompat-34.0.1/AndroidManifest.xml
build	Build with Gradle	2026-06-06T12:25:04.2997763Z Loading library manifest /home/runner/.gradle/caches/8.14/transforms/b2e7fb1ff7f260dce39e55cb27088efd/transformed/cardview-1.0.0/AndroidManifest.xml
build	Build with Gradle	2026-06-06T12:25:04.2999785Z Loading library manifest /home/runner/.gradle/caches/8.14/transforms/af1849ac59ea9b10c0df81a67570c855/transformed/cursoradapter-1.0.0/AndroidManifest.xml
build	Build with Gradle	2026-06-06T12:25:04.3001712Z Loading library manifest /home/runner/.gradle/caches/8.14/transforms/b7fdebfd9343bbc576a29ab8d68fb354/transformed/lazy-2.0.0/AndroidManifest.xml
build	Build with Gradle	2026-06-06T12:25:04.3003455Z Loading library manifest /home/runner/.gradle/caches/8.14/transforms/e5742399012525e0edda6cc8d9ad7262/transformed/html-1.1.2/AndroidManifest.xml
build	Build with Gradle	2026-06-06T12:25:04.3005429Z Loading library manifest /home/runner/.gradle/caches/8.14/transforms/def85582213ab2870d896da947e1bd2a/transformed/appiconloader-iconloaderlib-1.5.0/AndroidManifest.xml
build	Build with Gradle	2026-06-06T12:25:04.3007548Z Loading library manifest /home/runner/.gradle/caches/8.14/transforms/9a0af10b7d6a004c0dde0da7908916e8/transformed/core-runtime-2.2.0/AndroidManifest.xml
build	Build with Gradle	2026-06-06T12:25:04.3009423Z Loading library manifest /home/runner/.gradle/caches/8.14/transforms/c3f1fba07658b0b59e408933ad000cab/transformed/startup-runtime-1.1.1/AndroidManifest.xml
build	Build with Gradle	2026-06-06T12:25:04.3011292Z Loading library manifest /home/runner/.gradle/caches/8.14/transforms/0f8fd961fa88f172b795e954c693c5a2/transformed/tracing-ktx-1.2.0/AndroidManifest.xml
build	Build with Gradle	2026-06-06T12:25:04.3013258Z Loading library manifest /home/runner/.gradle/caches/8.14/transforms/ac9c2613db74d91f76d389a55de09aeb/transformed/tracing-1.2.0/AndroidManifest.xml
build	Build with Gradle	2026-06-06T12:25:04.3015323Z Loading library manifest /home/runner/.gradle/caches/8.14/transforms/eec55b2add6457c8fb902795cbf8eedc/transformed/versionedparcelable-1.1.1/AndroidManifest.xml
build	Build with Gradle	2026-06-06T12:25:04.3017469Z Loading library manifest /home/runner/.gradle/caches/8.14/transforms/96dabcaf2d8839737bfa5e7bcc9c8d29/transformed/exifinterface-1.4.2/AndroidManifest.xml
build	Build with Gradle	2026-06-06T12:25:04.3019551Z Loading library manifest /home/runner/.gradle/caches/8.14/transforms/b63ec3c1af75a7e3e11e00b71c5d2f13/transformed/annotation-experimental-1.4.1/AndroidManifest.xml
build	Build with Gradle	2026-06-06T12:25:04.3021622Z Loading library manifest /home/runner/.gradle/caches/8.14/transforms/a203a862f516367cac65cc0033ada510/transformed/core-viewtree-1.0.0/AndroidManifest.xml
build	Build with Gradle	2026-06-06T12:25:04.3023572Z Loading library manifest /home/runner/.gradle/caches/8.14/transforms/acaa3cdd1b8646165db9384aee71e410/transformed/ui-util-1.1.1/AndroidManifest.xml
build	Build with Gradle	2026-06-06T12:25:04.3025480Z Loading library manifest /home/runner/.gradle/caches/8.14/transforms/fdd7a2f71d98268b12d6291e62912d0b/transformed/lottie-6.6.2/AndroidManifest.xml
build	Build with Gradle	2026-06-06T12:25:04.3027514Z Loading library manifest /home/runner/.gradle/caches/8.14/transforms/f16a35ef33f3a5860c0cc8532fe5dc8c/transformed/core-6.0.0/AndroidManifest.xml
build	Build with Gradle	2026-06-06T12:25:04.3029383Z Loading library manifest /home/runner/.gradle/caches/8.14/transforms/c0673a6896f886d42be301918536c345/transformed/boringssl-20250114/AndroidManifest.xml
build	Build with Gradle	2026-06-06T12:25:04.3031314Z Loading library manifest /home/runner/.gradle/caches/8.14/transforms/0229dbc9f57fa8133a9f500f70fe76a8/transformed/libcxx-27.0.12077973/AndroidManifest.xml
build	Build with Gradle	2026-06-06T12:25:04.3033293Z Loading library manifest /home/runner/.gradle/caches/8.14/transforms/b966c438ee1e24a5a0e1926959b61a2d/transformed/hiddenapibypass-6.1/AndroidManifest.xml
build	Build with Gradle	2026-06-06T12:25:04.3035526Z Loading library manifest /home/runner/.gradle/caches/8.14/transforms/966464b5816c63aee25736b13ab38709/transformed/sentry-android-fragment-8.40.0/AndroidManifest.xml
build	Build with Gradle	2026-06-06T12:25:04.3037731Z Loading library manifest /home/runner/.gradle/caches/8.14/transforms/4b91b30cdde5ec990d4144c4990f3981/transformed/parcelablelist-2.0.1-release/AndroidManifest.xml
build	Build with Gradle	2026-06-06T12:25:04.3039856Z Loading library manifest /home/runner/work/ShizukuPlus/ShizukuPlus/api/aidl/build/intermediates/merged_manifest/release/processReleaseManifest/AndroidManifest.xml
build	Build with Gradle	2026-06-06T12:25:04.3041971Z Loading library manifest /home/runner/.gradle/caches/8.14/transforms/966144f595f2139b76140bbf274142f6/transformed/sentry-android-navigation-8.40.0/AndroidManifest.xml
build	Build with Gradle	2026-06-06T12:25:04.3043717Z Merging main manifest /home/runner/work/ShizukuPlus/ShizukuPlus/manager/src/main/AndroidManifest.xml
build	Build with Gradle	2026-06-06T12:25:04.3044471Z 
build	Build with Gradle	2026-06-06T12:25:04.3045446Z Merging library manifest /home/runner/work/ShizukuPlus/ShizukuPlus/core/ui/build/intermediates/merged_manifest/release/processReleaseManifest/AndroidManifest.xml
build	Build with Gradle	2026-06-06T12:25:04.3047105Z Merging manifest with lower [:core:ui] AndroidManifest.xml:2:1-7:12
build	Build with Gradle	2026-06-06T12:25:04.3048006Z uses-sdk defined in both files...
build	Build with Gradle	2026-06-06T12:25:04.3048728Z Merging uses-sdk with lower [:core:ui] AndroidManifest.xml:5:5-44
build	Build with Gradle	2026-06-06T12:25:04.3050019Z Merging library manifest /home/runner/.gradle/caches/8.14/transforms/693c054b9b80dbf8007dadbf97a7b615/transformed/viewbinding-8.11.1/AndroidManifest.xml
build	Build with Gradle	2026-06-06T12:25:04.3051599Z Merging manifest with lower [androidx.databinding:viewbinding:8.11.1] AndroidManifest.xml:2:1-7:12
build	Build with Gradle	2026-06-06T12:25:04.3052466Z uses-sdk defined in both files...
build	Build with Gradle	2026-06-06T12:25:04.3053311Z Merging uses-sdk with lower [androidx.databinding:viewbinding:8.11.1] AndroidManifest.xml:5:5-44
build	Build with Gradle	2026-06-06T12:25:04.3055037Z Merging library manifest /home/runner/work/ShizukuPlus/ShizukuPlus/server/build/intermediates/merged_manifest/release/processReleaseManifest/AndroidManifest.xml
build	Build with Gradle	2026-06-06T12:25:04.3056638Z Merging manifest with lower [:server] AndroidManifest.xml:2:1-7:12
build	Build with Gradle	2026-06-06T12:25:04.3057236Z uses-sdk defined in both files...
build	Build with Gradle	2026-06-06T12:25:04.3058046Z Merging uses-sdk with lower [:server] AndroidManifest.xml:5:5-44
build	Build with Gradle	2026-06-06T12:25:04.3059507Z Merging library manifest /home/runner/work/ShizukuPlus/ShizukuPlus/starter/build/intermediates/merged_manifest/release/processReleaseManifest/AndroidManifest.xml
build	Build with Gradle	2026-06-06T12:25:04.3061021Z Merging manifest with lower [:starter] AndroidManifest.xml:2:1-7:12
build	Build with Gradle	2026-06-06T12:25:04.3061765Z uses-sdk defined in both files...
build	Build with Gradle	2026-06-06T12:25:04.3062485Z Merging uses-sdk with lower [:starter] AndroidManifest.xml:5:5-44
build	Build with Gradle	2026-06-06T12:25:04.3063894Z Merging library manifest /home/runner/.gradle/caches/8.14/transforms/2c8372c00787b5e2af17c392510a0378/transformed/mavericks-3.0.9/AndroidManifest.xml
build	Build with Gradle	2026-06-06T12:25:04.3065458Z Merging manifest with lower [com.airbnb.android:mavericks:3.0.9] AndroidManifest.xml:2:1-9:12
build	Build with Gradle	2026-06-06T12:25:04.3066372Z uses-sdk defined in both files...
build	Build with Gradle	2026-06-06T12:25:04.3067236Z Merging uses-sdk with lower [com.airbnb.android:mavericks:3.0.9] AndroidManifest.xml:5:5-44
build	Build with Gradle	2026-06-06T12:25:04.3068277Z application defined in both files...
build	Build with Gradle	2026-06-06T12:25:04.3069207Z Merging application with lower [com.airbnb.android:mavericks:3.0.9] AndroidManifest.xml:7:5-20
build	Build with Gradle	2026-06-06T12:25:04.3070907Z Merging library manifest /home/runner/.gradle/caches/8.14/transforms/71aa5bf0c4580977b2f3abf550a82d0e/transformed/preference-ktx-1.2.1/AndroidManifest.xml
build	Build with Gradle	2026-06-06T12:25:04.3072620Z Merging manifest with lower [androidx.preference:preference-ktx:1.2.1] AndroidManifest.xml:17:1-24:12
build	Build with Gradle	2026-06-06T12:25:04.3073587Z uses-sdk defined in both files...
build	Build with Gradle	2026-06-06T12:25:04.3074489Z Merging uses-sdk with lower [androidx.preference:preference-ktx:1.2.1] AndroidManifest.xml:20:5-22:41
build	Build with Gradle	2026-06-06T12:25:04.3076069Z Merging library manifest /home/runner/.gradle/caches/8.14/transforms/438de03543f1a14021d179b045f7057a/transformed/koin-android-4.0.2/AndroidManifest.xml
build	Build with Gradle	2026-06-06T12:25:04.3077762Z Merging manifest with lower [io.insert-koin:koin-android:4.0.2] AndroidManifest.xml:2:1-9:12
build	Build with Gradle	2026-06-06T12:25:04.3078570Z uses-sdk defined in both files...
build	Build with Gradle	2026-06-06T12:25:04.3079339Z Merging uses-sdk with lower [io.insert-koin:koin-android:4.0.2] AndroidManifest.xml:5:5-44
build	Build with Gradle	2026-06-06T12:25:04.3080266Z application defined in both files...
build	Build with Gradle	2026-06-06T12:25:04.3081059Z Merging application with lower [io.insert-koin:koin-android:4.0.2] AndroidManifest.xml:7:5-20
build	Build with Gradle	2026-06-06T12:25:04.3082682Z Merging library manifest /home/runner/.gradle/caches/8.14/transforms/373e825be4973449db84049594b600ab/transformed/material-preference-2.0.0-release/AndroidManifest.xml
build	Build with Gradle	2026-06-06T12:25:04.3084541Z Merging manifest with lower [dev.rikka.rikkax.material:material-preference:2.0.0] AndroidManifest.xml:2:1-9:12
build	Build with Gradle	2026-06-06T12:25:04.3085598Z uses-sdk defined in both files...
build	Build with Gradle	2026-06-06T12:25:04.3086592Z Merging uses-sdk with lower [dev.rikka.rikkax.material:material-preference:2.0.0] AndroidManifest.xml:5:5-7:41
build	Build with Gradle	2026-06-06T12:25:04.3088571Z Merging library manifest /home/runner/.gradle/caches/8.14/transforms/f85a8706e3d3bf4df310b1b8ed66a067/transformed/material-2.7.2/AndroidManifest.xml
build	Build with Gradle	2026-06-06T12:25:04.3090172Z Merging manifest with lower [dev.rikka.rikkax.material:material:2.7.2] AndroidManifest.xml:2:1-7:12
build	Build with Gradle	2026-06-06T12:25:04.3091133Z uses-sdk defined in both files...
build	Build with Gradle	2026-06-06T12:25:04.3092029Z Merging uses-sdk with lower [dev.rikka.rikkax.material:material:2.7.2] AndroidManifest.xml:5:5-44
build	Build with Gradle	2026-06-06T12:25:04.3093696Z Merging library manifest /home/runner/.gradle/caches/8.14/transforms/6589a5b496d2f82dfc01f076eae8bbc4/transformed/core-ktx-1.4.1-release/AndroidManifest.xml
build	Build with Gradle	2026-06-06T12:25:04.3095347Z Merging manifest with lower [dev.rikka.rikkax.core:core-ktx:1.4.1] AndroidManifest.xml:2:1-9:12
build	Build with Gradle	2026-06-06T12:25:04.3096267Z uses-sdk defined in both files...
build	Build with Gradle	2026-06-06T12:25:04.3097064Z Merging uses-sdk with lower [dev.rikka.rikkax.core:core-ktx:1.4.1] AndroidManifest.xml:5:5-7:41
build	Build with Gradle	2026-06-06T12:25:04.3098712Z Merging library manifest /home/runner/.gradle/caches/8.14/transforms/a6084efd8e6c9ff951c8e72453f81ad6/transformed/material-1.14.0-beta01/AndroidManifest.xml
build	Build with Gradle	2026-06-06T12:25:04.3100344Z Merging manifest with lower [com.google.android.material:material:1.14.0-beta01] AndroidManifest.xml:17:1-24:12
build	Build with Gradle	2026-06-06T12:25:04.3101310Z uses-sdk defined in both files...
build	Build with Gradle	2026-06-06T12:25:04.3102237Z Merging uses-sdk with lower [com.google.android.material:material:1.14.0-beta01] AndroidManifest.xml:20:5-44
build	Build with Gradle	2026-06-06T12:25:04.3103166Z application defined in both files...
build	Build with Gradle	2026-06-06T12:25:04.3104120Z Merging application with lower [com.google.android.material:material:1.14.0-beta01] AndroidManifest.xml:22:5-20
build	Build with Gradle	2026-06-06T12:25:04.3105696Z Merging library manifest /home/runner/.gradle/caches/8.14/transforms/efa565396efa7c69fa280f54041abb1e/transformed/appcompat-1.6.1/AndroidManifest.xml
build	Build with Gradle	2026-06-06T12:25:04.3107257Z Merging manifest with lower [dev.rikka.rikkax.appcompat:appcompat:1.6.1] AndroidManifest.xml:17:1-22:12
build	Build with Gradle	2026-06-06T12:25:04.3108251Z uses-sdk defined in both files...
build	Build with Gradle	2026-06-06T12:25:04.3109138Z Merging uses-sdk with lower [dev.rikka.rikkax.appcompat:appcompat:1.6.1] AndroidManifest.xml:20:5-44
build	Build with Gradle	2026-06-06T12:25:04.3110873Z Merging library manifest /home/runner/.gradle/caches/8.14/transforms/8187c6742a7c5d0b27744cebd6b9554f/transformed/biometric-ktx-1.2.0-alpha05/AndroidManifest.xml
build	Build with Gradle	2026-06-06T12:25:04.3112636Z Merging manifest with lower [androidx.biometric:biometric-ktx:1.2.0-alpha05] AndroidManifest.xml:2:1-7:12
build	Build with Gradle	2026-06-06T12:25:04.3113600Z uses-sdk defined in both files...
build	Build with Gradle	2026-06-06T12:25:04.3114522Z Merging uses-sdk with lower [androidx.biometric:biometric-ktx:1.2.0-alpha05] AndroidManifest.xml:5:5-44
build	Build with Gradle	2026-06-06T12:25:04.3116112Z Merging library manifest /home/runner/.gradle/caches/8.14/transforms/d898ed95f395a2f368d4bc758e4d1887/transformed/biometric-1.2.0-alpha05/AndroidManifest.xml
build	Build with Gradle	2026-06-06T12:25:04.3118007Z Merging manifest with lower [androidx.biometric:biometric:1.2.0-alpha05] AndroidManifest.xml:17:1-27:12
build	Build with Gradle	2026-06-06T12:25:04.3118994Z uses-sdk defined in both files...
build	Build with Gradle	2026-06-06T12:25:04.3119927Z Merging uses-sdk with lower [androidx.biometric:biometric:1.2.0-alpha05] AndroidManifest.xml:20:5-44
build	Build with Gradle	2026-06-06T12:25:04.3120871Z Adopted [uses-permission: null]
build	Build with Gradle	2026-06-06T12:25:04.3121418Z Adopted [uses-permission: null]
build	Build with Gradle	2026-06-06T12:25:04.3122829Z Merging library manifest /home/runner/.gradle/caches/8.14/transforms/2c263715c01736e27b196a80ad5b1fdb/transformed/recyclerview-adapter-1.3.0/AndroidManifest.xml
build	Build with Gradle	2026-06-06T12:25:04.3124746Z Merging manifest with lower [dev.rikka.rikkax.recyclerview:recyclerview-adapter:1.3.0] AndroidManifest.xml:2:1-9:12
build	Build with Gradle	2026-06-06T12:25:04.3125813Z uses-sdk defined in both files...
build	Build with Gradle	2026-06-06T12:25:04.3126802Z Merging uses-sdk with lower [dev.rikka.rikkax.recyclerview:recyclerview-adapter:1.3.0] AndroidManifest.xml:5:5-7:41
build	Build with Gradle	2026-06-06T12:25:04.3128723Z Merging library manifest /home/runner/.gradle/caches/8.14/transforms/338cbb5a6afddf9796ee1bfc02c64c98/transformed/recyclerview-ktx-1.3.2/AndroidManifest.xml
build	Build with Gradle	2026-06-06T12:25:04.3130562Z Merging manifest with lower [dev.rikka.rikkax.recyclerview:recyclerview-ktx:1.3.2] AndroidManifest.xml:2:1-7:12
build	Build with Gradle	2026-06-06T12:25:04.3131554Z uses-sdk defined in both files...
build	Build with Gradle	2026-06-06T12:25:04.3132520Z Merging uses-sdk with lower [dev.rikka.rikkax.recyclerview:recyclerview-ktx:1.3.2] AndroidManifest.xml:5:5-44
build	Build with Gradle	2026-06-06T12:25:04.3134293Z Merging library manifest /home/runner/.gradle/caches/8.14/transforms/4d1f2d6f8fcd4d0456ade74253b328dd/transformed/simplemenu-preference-1.0.3/AndroidManifest.xml
build	Build with Gradle	2026-06-06T12:25:04.3135999Z Merging manifest with lower [dev.rikka.rikkax.preference:simplemenu-preference:1.0.3] AndroidManifest.xml:2:1-9:12
build	Build with Gradle	2026-06-06T12:25:04.3136977Z uses-sdk defined in both files...
build	Build with Gradle	2026-06-06T12:25:04.3137986Z Merging uses-sdk with lower [dev.rikka.rikkax.preference:simplemenu-preference:1.0.3] AndroidManifest.xml:5:5-7:41
build	Build with Gradle	2026-06-06T12:25:04.3139556Z Merging library manifest /home/runner/.gradle/caches/8.14/transforms/a8ffae57e8eb844c745e6c38f24a5dc3/transformed/preference-1.2.1/AndroidManifest.xml
build	Build with Gradle	2026-06-06T12:25:04.3141135Z Merging manifest with lower [androidx.preference:preference:1.2.1] AndroidManifest.xml:17:1-24:12
build	Build with Gradle	2026-06-06T12:25:04.3142043Z uses-sdk defined in both files...
build	Build with Gradle	2026-06-06T12:25:04.3142922Z Merging uses-sdk with lower [androidx.preference:preference:1.2.1] AndroidManifest.xml:20:5-22:41
build	Build with Gradle	2026-06-06T12:25:04.3144430Z Merging library manifest /home/runner/.gradle/caches/8.14/transforms/484f1985b8141e4d4ca38f4ab7092551/transformed/library-1.2.0/AndroidManifest.xml
build	Build with Gradle	2026-06-06T12:25:04.3146086Z Merging manifest with lower [me.zhanghai.android.fastscroll:library:1.2.0] AndroidManifest.xml:17:1-22:12
build	Build with Gradle	2026-06-06T12:25:04.3147086Z uses-sdk defined in both files...
build	Build with Gradle	2026-06-06T12:25:04.3148134Z Merging uses-sdk with lower [me.zhanghai.android.fastscroll:library:1.2.0] AndroidManifest.xml:20:5-44
build	Build with Gradle	2026-06-06T12:25:04.3149700Z Merging library manifest /home/runner/.gradle/caches/8.14/transforms/91cba946f7f9db0abb582361d2b98175/transformed/recyclerview-1.4.0/AndroidManifest.xml
build	Build with Gradle	2026-06-06T12:25:04.3151094Z Merging manifest with lower [androidx.recyclerview:recyclerview:1.4.0] AndroidManifest.xml:2:1-7:12
build	Build with Gradle	2026-06-06T12:25:04.3151895Z uses-sdk defined in both files...
build	Build with Gradle	2026-06-06T12:25:04.3152747Z Merging uses-sdk with lower [androidx.recyclerview:recyclerview:1.4.0] AndroidManifest.xml:5:5-44
build	Build with Gradle	2026-06-06T12:25:04.3154375Z Merging library manifest /home/runner/.gradle/caches/8.14/transforms/59fa63435223e05f0b1b82e5b0b01ed7/transformed/viewpager2-1.1.0-beta02/AndroidManifest.xml
build	Build with Gradle	2026-06-06T12:25:04.3156036Z Merging manifest with lower [androidx.viewpager2:viewpager2:1.1.0-beta02] AndroidManifest.xml:2:1-7:12
build	Build with Gradle	2026-06-06T12:25:04.3157028Z uses-sdk defined in both files...
build	Build with Gradle	2026-06-06T12:25:04.3158101Z Merging uses-sdk with lower [androidx.viewpager2:viewpager2:1.1.0-beta02] AndroidManifest.xml:5:5-44
build	Build with Gradle	2026-06-06T12:25:04.3159907Z Merging library manifest /home/runner/.gradle/caches/8.14/transforms/ee981983fc55a7699435ecebe45f87ef/transformed/core-1.4.1-release/AndroidManifest.xml
build	Build with Gradle	2026-06-06T12:25:04.3161493Z Merging manifest with lower [dev.rikka.rikkax.core:core:1.4.1] AndroidManifest.xml:2:1-9:12
build	Build with Gradle	2026-06-06T12:25:04.3162401Z uses-sdk defined in both files...
build	Build with Gradle	2026-06-06T12:25:04.3163276Z Merging uses-sdk with lower [dev.rikka.rikkax.core:core:1.4.1] AndroidManifest.xml:5:5-7:41
build	Build with Gradle	2026-06-06T12:25:04.3164979Z Merging library manifest /home/runner/.gradle/caches/8.14/transforms/3496351281a372f59379614fd15c5436/transformed/fragment-1.8.7/AndroidManifest.xml
build	Build with Gradle	2026-06-06T12:25:04.3166627Z Merging manifest with lower [androidx.fragment:fragment:1.8.7] AndroidManifest.xml:2:1-7:12
build	Build with Gradle	2026-06-06T12:25:04.3167618Z uses-sdk defined in both files...
build	Build with Gradle	2026-06-06T12:25:04.3168444Z Merging uses-sdk with lower [androidx.fragment:fragment:1.8.7] AndroidManifest.xml:5:5-44
build	Build with Gradle	2026-06-06T12:25:04.3169995Z Merging library manifest /home/runner/.gradle/caches/8.14/transforms/aab493d2bbab5d087a023e9183eede9c/transformed/fragment-ktx-1.8.7/AndroidManifest.xml
build	Build with Gradle	2026-06-06T12:25:04.3171654Z Merging manifest with lower [androidx.fragment:fragment-ktx:1.8.7] AndroidManifest.xml:2:1-7:12
build	Build with Gradle	2026-06-06T12:25:04.3172621Z uses-sdk defined in both files...
build	Build with Gradle	2026-06-06T12:25:04.3173549Z Merging uses-sdk with lower [androidx.fragment:fragment-ktx:1.8.7] AndroidManifest.xml:5:5-44
build	Build with Gradle	2026-06-06T12:25:04.3175276Z Merging library manifest /home/runner/.gradle/caches/8.14/transforms/f3104eb4796c3cb96709ee2563cfb750/transformed/sentry-android-core-8.40.0/AndroidManifest.xml
build	Build with Gradle	2026-06-06T12:25:04.3176999Z Merging manifest with lower [io.sentry:sentry-android-core:8.40.0] AndroidManifest.xml:2:1-23:12
build	Build with Gradle	2026-06-06T12:25:04.3178035Z uses-sdk defined in both files...
build	Build with Gradle	2026-06-06T12:25:04.3178898Z Merging uses-sdk with lower [io.sentry:sentry-android-core:8.40.0] AndroidManifest.xml:5:5-44
build	Build with Gradle	2026-06-06T12:25:04.3180005Z uses-permission#android.permission.INTERNET defined in both files...
build	Build with Gradle	2026-06-06T12:25:04.3181406Z Merging uses-permission#android.permission.INTERNET with lower [io.sentry:sentry-android-core:8.40.0] AndroidManifest.xml:7:5-67
build	Build with Gradle	2026-06-06T12:25:04.3182649Z application defined in both files...
build	Build with Gradle	2026-06-06T12:25:04.3183628Z Merging application with lower [io.sentry:sentry-android-core:8.40.0] AndroidManifest.xml:9:5-21:19
build	Build with Gradle	2026-06-06T12:25:04.3184647Z Adopted [provider: null]
build	Build with Gradle	2026-06-06T12:25:04.3185176Z Adopted [provider: null]
build	Build with Gradle	2026-06-06T12:25:04.3186458Z Merging library manifest /home/runner/.gradle/caches/8.14/transforms/62937f105bc4a976ca99fc29e59f8d0f/transformed/activity-1.10.0/AndroidManifest.xml
build	Build with Gradle	2026-06-06T12:25:04.3188206Z Merging manifest with lower [androidx.activity:activity:1.10.0] AndroidManifest.xml:17:1-22:12
build	Build with Gradle	2026-06-06T12:25:04.3189143Z uses-sdk defined in both files...
build	Build with Gradle	2026-06-06T12:25:04.3190051Z Merging uses-sdk with lower [androidx.activity:activity:1.10.0] AndroidManifest.xml:20:5-44
build	Build with Gradle	2026-06-06T12:25:04.3191786Z Merging library manifest /home/runner/.gradle/caches/8.14/transforms/b7a112fda39b8abfdc2cbb450e5f2f1a/transformed/activity-ktx-1.10.0/AndroidManifest.xml
build	Build with Gradle	2026-06-06T12:25:04.3193531Z Merging manifest with lower [androidx.activity:activity-ktx:1.10.0] AndroidManifest.xml:2:1-7:12
build	Build with Gradle	2026-06-06T12:25:04.3194512Z uses-sdk defined in both files...
build	Build with Gradle	2026-06-06T12:25:04.3195405Z Merging uses-sdk with lower [androidx.activity:activity-ktx:1.10.0] AndroidManifest.xml:5:5-44
build	Build with Gradle	2026-06-06T12:25:04.3197154Z Merging library manifest /home/runner/.gradle/caches/8.14/transforms/5154402d773535e88a1a242ea9ad466a/transformed/emoji2-views-helper-1.2.0/AndroidManifest.xml
build	Build with Gradle	2026-06-06T12:25:04.3198970Z Merging manifest with lower [androidx.emoji2:emoji2-views-helper:1.2.0] AndroidManifest.xml:2:1-7:12
build	Build with Gradle	2026-06-06T12:25:04.3199974Z uses-sdk defined in both files...
build	Build with Gradle	2026-06-06T12:25:04.3200905Z Merging uses-sdk with lower [androidx.emoji2:emoji2-views-helper:1.2.0] AndroidManifest.xml:5:5-44
build	Build with Gradle	2026-06-06T12:25:04.3202824Z Merging library manifest /home/runner/.gradle/caches/8.14/transforms/20c8148c0d0f1eeb1041151d1c55938f/transformed/emoji2-1.2.0/AndroidManifest.xml
build	Build with Gradle	2026-06-06T12:25:04.3204516Z Merging manifest with lower [androidx.emoji2:emoji2:1.2.0] AndroidManifest.xml:17:1-35:12
build	Build with Gradle	2026-06-06T12:25:04.3205419Z uses-sdk defined in both files...
build	Build with Gradle	2026-06-06T12:25:04.3206238Z Merging uses-sdk with lower [androidx.emoji2:emoji2:1.2.0] AndroidManifest.xml:21:5-44
build	Build with Gradle	2026-06-06T12:25:04.3207128Z application defined in both files...
build	Build with Gradle	2026-06-06T12:25:04.3208262Z Merging application with lower [androidx.emoji2:emoji2:1.2.0] AndroidManifest.xml:23:5-33:19
build	Build with Gradle	2026-06-06T12:25:04.3209557Z provider#androidx.startup.InitializationProvider defined in both files...
build	Build with Gradle	2026-06-06T12:25:04.3211075Z Merging provider#androidx.startup.InitializationProvider with lower [androidx.emoji2:emoji2:1.2.0] AndroidManifest.xml:24:9-32:20
build	Build with Gradle	2026-06-06T12:25:04.3212326Z Adopted [meta-data: null]
build	Build with Gradle	2026-06-06T12:25:04.3213568Z Merging library manifest /home/runner/.gradle/caches/8.14/transforms/d39b45e93aa24a0297878e1eb336ea9a/transformed/loader-1.0.0/AndroidManifest.xml
build	Build with Gradle	2026-06-06T12:25:04.3215276Z Merging manifest with lower [androidx.loader:loader:1.0.0] AndroidManifest.xml:17:1-22:12
build	Build with Gradle	2026-06-06T12:25:04.3216176Z uses-sdk defined in both files...
build	Build with Gradle	2026-06-06T12:25:04.3217014Z Merging uses-sdk with lower [androidx.loader:loader:1.0.0] AndroidManifest.xml:20:5-44
build	Build with Gradle	2026-06-06T12:25:04.3218757Z Merging library manifest /home/runner/.gradle/caches/8.14/transforms/0a9f0b23f2ae3b3d671937d923da2cba/transformed/glance-appwidget-1.1.1/AndroidManifest.xml
build	Build with Gradle	2026-06-06T12:25:04.3220540Z Merging manifest with lower [androidx.glance:glance-appwidget:1.1.1] AndroidManifest.xml:17:1-61:12
build	Build with Gradle	2026-06-06T12:25:04.3221545Z uses-sdk defined in both files...
build	Build with Gradle	2026-06-06T12:25:04.3222463Z Merging uses-sdk with lower [androidx.glance:glance-appwidget:1.1.1] AndroidManifest.xml:20:5-44
build	Build with Gradle	2026-06-06T12:25:04.3223451Z application defined in both files...
build	Build with Gradle	2026-06-06T12:25:04.3224743Z Merging application with lower [androidx.glance:glance-appwidget:1.1.1] AndroidManifest.xml:22:5-59:19
build	Build with Gradle	2026-06-06T12:25:04.3225714Z Adopted [activity: null]
build	Build with Gradle	2026-06-06T12:25:04.3226238Z Adopted [activity: null]
build	Build with Gradle	2026-06-06T12:25:04.3226750Z Adopted [receiver: null]
build	Build with Gradle	2026-06-06T12:25:04.3227305Z Adopted [receiver: null]
build	Build with Gradle	2026-06-06T12:25:04.3227863Z Adopted [receiver: null]
build	Build with Gradle	2026-06-06T12:25:04.3228370Z Adopted [service: null]
build	Build with Gradle	2026-06-06T12:25:04.3229544Z Merging library manifest /home/runner/.gradle/caches/8.14/transforms/5c7bf891ae70d7d08b7f06ccb140fad8/transformed/glance-1.1.1/AndroidManifest.xml
build	Build with Gradle	2026-06-06T12:25:04.3231120Z Merging manifest with lower [androidx.glance:glance:1.1.1] AndroidManifest.xml:2:1-7:12
build	Build with Gradle	2026-06-06T12:25:04.3232010Z uses-sdk defined in both files...
build	Build with Gradle	2026-06-06T12:25:04.3232827Z Merging uses-sdk with lower [androidx.glance:glance:1.1.1] AndroidManifest.xml:5:5-44
build	Build with Gradle	2026-06-06T12:25:04.3234394Z Merging library manifest /home/runner/.gradle/caches/8.14/transforms/47fd96da264051fc240ce38134bdde10/transformed/work-runtime-ktx-2.10.4/AndroidManifest.xml
build	Build with Gradle	2026-06-06T12:25:04.3236096Z Merging manifest with lower [androidx.work:work-runtime-ktx:2.10.4] AndroidManifest.xml:17:1-22:12
build	Build with Gradle	2026-06-06T12:25:04.3237051Z uses-sdk defined in both files...
build	Build with Gradle	2026-06-06T12:25:04.3238187Z Merging uses-sdk with lower [androidx.work:work-runtime-ktx:2.10.4] AndroidManifest.xml:20:5-44
build	Build with Gradle	2026-06-06T12:25:04.3239855Z Merging library manifest /home/runner/.gradle/caches/8.14/transforms/ff46523a05730a3410b3d43ab7271bd0/transformed/work-runtime-2.10.4/AndroidManifest.xml
build	Build with Gradle	2026-06-06T12:25:04.3241408Z Merging manifest with lower [androidx.work:work-runtime:2.10.4] AndroidManifest.xml:17:1-145:12
build	Build with Gradle	2026-06-06T12:25:04.3242261Z uses-sdk defined in both files...
build	Build with Gradle	2026-06-06T12:25:04.3243017Z Merging uses-sdk with lower [androidx.work:work-runtime:2.10.4] AndroidManifest.xml:21:5-44
build	Build with Gradle	2026-06-06T12:25:04.3243885Z Adopted [uses-permission: null]
build	Build with Gradle	2026-06-06T12:25:04.3244671Z uses-permission#android.permission.ACCESS_NETWORK_STATE defined in both files...
build	Build with Gradle	2026-06-06T12:25:04.3246095Z Merging uses-permission#android.permission.ACCESS_NETWORK_STATE with lower [androidx.work:work-runtime:2.10.4] AndroidManifest.xml:24:5-79
build	Build with Gradle	2026-06-06T12:25:04.3247859Z uses-permission#android.permission.RECEIVE_BOOT_COMPLETED defined in both files...
build	Build with Gradle	2026-06-06T12:25:04.3249182Z Merging uses-permission#android.permission.RECEIVE_BOOT_COMPLETED with lower [androidx.work:work-runtime:2.10.4] AndroidManifest.xml:25:5-81
build	Build with Gradle	2026-06-06T12:25:04.3250471Z uses-permission#android.permission.FOREGROUND_SERVICE defined in both files...
build	Build with Gradle	2026-06-06T12:25:04.3251858Z Merging uses-permission#android.permission.FOREGROUND_SERVICE with lower [androidx.work:work-runtime:2.10.4] AndroidManifest.xml:26:5-77
build	Build with Gradle	2026-06-06T12:25:04.3253080Z application defined in both files...
build	Build with Gradle	2026-06-06T12:25:04.3253933Z Merging application with lower [androidx.work:work-runtime:2.10.4] AndroidManifest.xml:28:5-143:19
build	Build with Gradle	2026-06-06T12:25:04.3255026Z provider#androidx.startup.InitializationProvider defined in both files...
build	Build with Gradle	2026-06-06T12:25:04.3256331Z Merging provider#androidx.startup.InitializationProvider with lower [androidx.work:work-runtime:2.10.4] AndroidManifest.xml:29:9-37:20
build	Build with Gradle	2026-06-06T12:25:04.3257840Z meta-data#androidx.work.WorkManagerInitializer defined in both files...
build	Build with Gradle	2026-06-06T12:25:04.3258575Z Adopted [service: null]
build	Build with Gradle	2026-06-06T12:25:04.3259054Z Adopted [service: null]
build	Build with Gradle	2026-06-06T12:25:04.3259870Z service#androidx.work.impl.foreground.SystemForegroundService defined in both files...
build	Build with Gradle	2026-06-06T12:25:04.3261453Z Merging service#androidx.work.impl.foreground.SystemForegroundService with lower [androidx.work:work-runtime:2.10.4] AndroidManifest.xml:53:9-59:35
build	Build with Gradle	2026-06-06T12:25:04.3262762Z Adopted [receiver: null]
build	Build with Gradle	2026-06-06T12:25:04.3263270Z Adopted [receiver: null]
build	Build with Gradle	2026-06-06T12:25:04.3263751Z Adopted [receiver: null]
build	Build with Gradle	2026-06-06T12:25:04.3264230Z Adopted [receiver: null]
build	Build with Gradle	2026-06-06T12:25:04.3264716Z Adopted [receiver: null]
build	Build with Gradle	2026-06-06T12:25:04.3265175Z Adopted [receiver: null]
build	Build with Gradle	2026-06-06T12:25:04.3265641Z Adopted [receiver: null]
build	Build with Gradle	2026-06-06T12:25:04.3266117Z Adopted [receiver: null]
build	Build with Gradle	2026-06-06T12:25:04.3267713Z Merging library manifest /home/runner/work/ShizukuPlus/ShizukuPlus/api/server-shared/build/intermediates/merged_manifest/release/processReleaseManifest/AndroidManifest.xml
build	Build with Gradle	2026-06-06T12:25:04.3269347Z Merging manifest with lower [:server-shared] AndroidManifest.xml:2:1-7:12
build	Build with Gradle	2026-06-06T12:25:04.3270117Z uses-sdk defined in both files...
build	Build with Gradle	2026-06-06T12:25:04.3270848Z Merging uses-sdk with lower [:server-shared] AndroidManifest.xml:5:5-44
build	Build with Gradle	2026-06-06T12:25:04.3272273Z Merging library manifest /home/runner/.gradle/caches/8.14/transforms/93e5dd5bd02503c2c463051d8428f6c3/transformed/compat-4.4.0/AndroidManifest.xml
build	Build with Gradle	2026-06-06T12:25:04.3273823Z Merging manifest with lower [dev.rikka.hidden:compat:4.4.0] AndroidManifest.xml:2:1-7:12
build	Build with Gradle	2026-06-06T12:25:04.3274767Z uses-sdk defined in both files...
build	Build with Gradle	2026-06-06T12:25:04.3275570Z Merging uses-sdk with lower [dev.rikka.hidden:compat:4.4.0] AndroidManifest.xml:5:5-44
build	Build with Gradle	2026-06-06T12:25:04.3277194Z Merging library manifest /home/runner/.gradle/caches/8.14/transforms/2b232f7e90ed539739f2c0f2684a06f8/transformed/browser-1.8.0/AndroidManifest.xml
build	Build with Gradle	2026-06-06T12:25:04.3278778Z Merging manifest with lower [androidx.browser:browser:1.8.0] AndroidManifest.xml:2:1-7:12
build	Build with Gradle	2026-06-06T12:25:04.3279531Z uses-sdk defined in both files...
build	Build with Gradle	2026-06-06T12:25:04.3280252Z Merging uses-sdk with lower [androidx.browser:browser:1.8.0] AndroidManifest.xml:5:5-44
build	Build with Gradle	2026-06-06T12:25:04.3281671Z Merging library manifest /home/runner/.gradle/caches/8.14/transforms/9269236a44d4e397a31d652dc8841c2d/transformed/transition-ktx-1.5.1/AndroidManifest.xml
build	Build with Gradle	2026-06-06T12:25:04.3283250Z Merging manifest with lower [androidx.transition:transition-ktx:1.5.1] AndroidManifest.xml:2:1-7:12
build	Build with Gradle	2026-06-06T12:25:04.3284140Z uses-sdk defined in both files...
build	Build with Gradle	2026-06-06T12:25:04.3284971Z Merging uses-sdk with lower [androidx.transition:transition-ktx:1.5.1] AndroidManifest.xml:5:5-44
build	Build with Gradle	2026-06-06T12:25:04.3286592Z Merging library manifest /home/runner/.gradle/caches/8.14/transforms/87467c3c8cd81c6f0e30cc7811d9c0e9/transformed/slidingpanelayout-1.2.0/AndroidManifest.xml
build	Build with Gradle	2026-06-06T12:25:04.3288644Z Merging manifest with lower [androidx.slidingpanelayout:slidingpanelayout:1.2.0] AndroidManifest.xml:17:1-24:12
build	Build with Gradle	2026-06-06T12:25:04.3289637Z uses-sdk defined in both files...
build	Build with Gradle	2026-06-06T12:25:04.3290612Z Merging uses-sdk with lower [androidx.slidingpanelayout:slidingpanelayout:1.2.0] AndroidManifest.xml:20:5-22:41
build	Build with Gradle	2026-06-06T12:25:04.3292492Z Merging library manifest /home/runner/.gradle/caches/8.14/transforms/9459b44028168fbe53c4da77adee3cad/transformed/transition-1.5.1/AndroidManifest.xml
build	Build with Gradle	2026-06-06T12:25:04.3294019Z Merging manifest with lower [androidx.transition:transition:1.5.1] AndroidManifest.xml:2:1-7:12
build	Build with Gradle	2026-06-06T12:25:04.3294861Z uses-sdk defined in both files...
build	Build with Gradle	2026-06-06T12:25:04.3295554Z Merging uses-sdk with lower [androidx.transition:transition:1.5.1] AndroidManifest.xml:5:5-44
build	Build with Gradle	2026-06-06T12:25:04.3297076Z Merging library manifest /home/runner/.gradle/caches/8.14/transforms/c2631671ecbd3d95bfc540fb5557d230/transformed/core-remoteviews-1.1.0/AndroidManifest.xml
build	Build with Gradle	2026-06-06T12:25:04.3298648Z Merging manifest with lower [androidx.core:core-remoteviews:1.1.0] AndroidManifest.xml:17:1-30:12
build	Build with Gradle	2026-06-06T12:25:04.3299417Z uses-sdk defined in both files...
build	Build with Gradle	2026-06-06T12:25:04.3300107Z Merging uses-sdk with lower [androidx.core:core-remoteviews:1.1.0] AndroidManifest.xml:21:5-44
build	Build with Gradle	2026-06-06T12:25:04.3300890Z application defined in both files...
build	Build with Gradle	2026-06-06T12:25:04.3301723Z Merging application with lower [androidx.core:core-remoteviews:1.1.0] AndroidManifest.xml:23:5-28:19
build	Build with Gradle	2026-06-06T12:25:04.3302556Z Adopted [service: null]
build	Build with Gradle	2026-06-06T12:25:04.3303625Z Merging library manifest /home/runner/.gradle/caches/8.14/transforms/33de77d114239838176c165bd9600680/transformed/coordinatorlayout-1.1.0/AndroidManifest.xml
build	Build with Gradle	2026-06-06T12:25:04.3305271Z Merging manifest with lower [androidx.coordinatorlayout:coordinatorlayout:1.1.0] AndroidManifest.xml:17:1-24:12
build	Build with Gradle	2026-06-06T12:25:04.3306284Z uses-sdk defined in both files...
build	Build with Gradle	2026-06-06T12:25:04.3307244Z Merging uses-sdk with lower [androidx.coordinatorlayout:coordinatorlayout:1.1.0] AndroidManifest.xml:20:5-22:41
build	Build with Gradle	2026-06-06T12:25:04.3309010Z Merging library manifest /home/runner/.gradle/caches/8.14/transforms/9a6f8cbb6346f3bbb1b98d5903fb48b2/transformed/drawerlayout-1.1.1/AndroidManifest.xml
build	Build with Gradle	2026-06-06T12:25:04.3310552Z Merging manifest with lower [androidx.drawerlayout:drawerlayout:1.1.1] AndroidManifest.xml:17:1-24:12
build	Build with Gradle	2026-06-06T12:25:04.3311470Z uses-sdk defined in both files...
build	Build with Gradle	2026-06-06T12:25:04.3312355Z Merging uses-sdk with lower [androidx.drawerlayout:drawerlayout:1.1.1] AndroidManifest.xml:20:5-22:41
build	Build with Gradle	2026-06-06T12:25:04.3313862Z Merging library manifest /home/runner/.gradle/caches/8.14/transforms/f32932b768c1c383327c110c6e2f2a04/transformed/viewpager-1.0.0/AndroidManifest.xml
build	Build with Gradle	2026-06-06T12:25:04.3315437Z Merging manifest with lower [androidx.viewpager:viewpager:1.0.0] AndroidManifest.xml:17:1-22:12
build	Build with Gradle	2026-06-06T12:25:04.3316299Z uses-sdk defined in both files...
build	Build with Gradle	2026-06-06T12:25:04.3317102Z Merging uses-sdk with lower [androidx.viewpager:viewpager:1.0.0] AndroidManifest.xml:20:5-44
build	Build with Gradle	2026-06-06T12:25:04.3318759Z Merging library manifest /home/runner/.gradle/caches/8.14/transforms/2a1f64bb05593b70cb9126021244d174/transformed/customview-1.2.0/AndroidManifest.xml
build	Build with Gradle	2026-06-06T12:25:04.3320308Z Merging manifest with lower [androidx.customview:customview:1.2.0] AndroidManifest.xml:2:1-7:12
build	Build with Gradle	2026-06-06T12:25:04.3321212Z uses-sdk defined in both files...
build	Build with Gradle	2026-06-06T12:25:04.3322023Z Merging uses-sdk with lower [androidx.customview:customview:1.2.0] AndroidManifest.xml:5:5-44
build	Build with Gradle	2026-06-06T12:25:04.3323604Z Merging library manifest /home/runner/.gradle/caches/8.14/transforms/38973380b257061575958cac22670390/transformed/dynamicanimation-1.1.0/AndroidManifest.xml
build	Build with Gradle	2026-06-06T12:25:04.3325242Z Merging manifest with lower [androidx.dynamicanimation:dynamicanimation:1.1.0] AndroidManifest.xml:2:1-7:12
build	Build with Gradle	2026-06-06T12:25:04.3326262Z uses-sdk defined in both files...
build	Build with Gradle	2026-06-06T12:25:04.3327271Z Merging uses-sdk with lower [androidx.dynamicanimation:dynamicanimation:1.1.0] AndroidManifest.xml:5:5-44
build	Build with Gradle	2026-06-06T12:25:04.3329174Z Merging library manifest /home/runner/.gradle/caches/8.14/transforms/6e4c683cb074c37b2a51c2ee5db07733/transformed/constraintlayout-2.2.1/AndroidManifest.xml
build	Build with Gradle	2026-06-06T12:25:04.3330824Z Merging manifest with lower [androidx.constraintlayout:constraintlayout:2.2.1] AndroidManifest.xml:2:1-9:12
build	Build with Gradle	2026-06-06T12:25:04.3331959Z uses-sdk defined in both files...
build	Build with Gradle	2026-06-06T12:25:04.3332847Z Merging uses-sdk with lower [androidx.constraintlayout:constraintlayout:2.2.1] AndroidManifest.xml:5:5-44
build	Build with Gradle	2026-06-06T12:25:04.3333910Z application defined in both files...
build	Build with Gradle	2026-06-06T12:25:04.3334812Z Merging application with lower [androidx.constraintlayout:constraintlayout:2.2.1] AndroidManifest.xml:7:5-20
build	Build with Gradle	2026-06-06T12:25:04.3336315Z Merging library manifest /home/runner/.gradle/caches/8.14/transforms/33b1fc6b3ef6a3214537aeecc8df60ab/transformed/coil/AndroidManifest.xml
build	Build with Gradle	2026-06-06T12:25:04.3337863Z Merging manifest with lower [io.coil-kt.coil3:coil-android:3.4.0] AndroidManifest.xml:2:1-7:12
build	Build with Gradle	2026-06-06T12:25:04.3338847Z uses-sdk defined in both files...
build	Build with Gradle	2026-06-06T12:25:04.3339629Z Merging uses-sdk with lower [io.coil-kt.coil3:coil-android:3.4.0] AndroidManifest.xml:5:5-44
build	Build with Gradle	2026-06-06T12:25:04.3341136Z Merging library manifest /home/runner/.gradle/caches/8.14/transforms/c62f2b60b2174dbc2c05823d7d6abfaa/transformed/coil-network-okhttp/AndroidManifest.xml
build	Build with Gradle	2026-06-06T12:25:04.3342747Z Merging manifest with lower [io.coil-kt.coil3:coil-network-okhttp-android:3.4.0] AndroidManifest.xml:2:1-7:12
build	Build with Gradle	2026-06-06T12:25:04.3343737Z uses-sdk defined in both files...
build	Build with Gradle	2026-06-06T12:25:04.3344670Z Merging uses-sdk with lower [io.coil-kt.coil3:coil-network-okhttp-android:3.4.0] AndroidManifest.xml:5:5-44
build	Build with Gradle	2026-06-06T12:25:04.3346488Z Merging library manifest /home/runner/.gradle/caches/8.14/transforms/d49708ff39937cf2dc8a5d58ef34d065/transformed/coil-network-core/AndroidManifest.xml
build	Build with Gradle	2026-06-06T12:25:04.3348724Z Merging manifest with lower [io.coil-kt.coil3:coil-network-core-android:3.4.0] AndroidManifest.xml:2:1-7:12
build	Build with Gradle	2026-06-06T12:25:04.3349693Z uses-sdk defined in both files...
build	Build with Gradle	2026-06-06T12:25:04.3350576Z Merging uses-sdk with lower [io.coil-kt.coil3:coil-network-core-android:3.4.0] AndroidManifest.xml:5:5-44
build	Build with Gradle	2026-06-06T12:25:04.3352068Z Merging library manifest /home/runner/.gradle/caches/8.14/transforms/d8facd787edaf28a58d8c622a9331078/transformed/coil-core/AndroidManifest.xml
build	Build with Gradle	2026-06-06T12:25:04.3353572Z Merging manifest with lower [io.coil-kt.coil3:coil-core-android:3.4.0] AndroidManifest.xml:2:1-7:12
build	Build with Gradle	2026-06-06T12:25:04.3354473Z uses-sdk defined in both files...
build	Build with Gradle	2026-06-06T12:25:04.3355339Z Merging uses-sdk with lower [io.coil-kt.coil3:coil-core-android:3.4.0] AndroidManifest.xml:5:5-44
build	Build with Gradle	2026-06-06T12:25:04.3356956Z Merging library manifest /home/runner/.gradle/caches/8.14/transforms/f7a09b5d37e172440771a3c367250518/transformed/appcompat-resources-1.7.1/AndroidManifest.xml
build	Build with Gradle	2026-06-06T12:25:04.3358792Z Merging manifest with lower [androidx.appcompat:appcompat-resources:1.7.1] AndroidManifest.xml:2:1-7:12
build	Build with Gradle	2026-06-06T12:25:04.3359735Z uses-sdk defined in both files...
build	Build with Gradle	2026-06-06T12:25:04.3360586Z Merging uses-sdk with lower [androidx.appcompat:appcompat-resources:1.7.1] AndroidManifest.xml:5:5-44
build	Build with Gradle	2026-06-06T12:25:04.3362297Z Merging library manifest /home/runner/.gradle/caches/8.14/transforms/d697b5d8b45978ec3a98ef1655ea06c8/transformed/vectordrawable-animated-1.1.0/AndroidManifest.xml
build	Build with Gradle	2026-06-06T12:25:04.3364166Z Merging manifest with lower [androidx.vectordrawable:vectordrawable-animated:1.1.0] AndroidManifest.xml:17:1-24:12
build	Build with Gradle	2026-06-06T12:25:04.3365230Z uses-sdk defined in both files...
build	Build with Gradle	2026-06-06T12:25:04.3366241Z Merging uses-sdk with lower [androidx.vectordrawable:vectordrawable-animated:1.1.0] AndroidManifest.xml:20:5-22:41
build	Build with Gradle	2026-06-06T12:25:04.3368305Z Merging library manifest /home/runner/.gradle/caches/8.14/transforms/dc0275561321685487c64fd075a63c35/transformed/vectordrawable-1.1.0/AndroidManifest.xml
build	Build with Gradle	2026-06-06T12:25:04.3370148Z Merging manifest with lower [androidx.vectordrawable:vectordrawable:1.1.0] AndroidManifest.xml:17:1-24:12
build	Build with Gradle	2026-06-06T12:25:04.3371121Z uses-sdk defined in both files...
build	Build with Gradle	2026-06-06T12:25:04.3372010Z Merging uses-sdk with lower [androidx.vectordrawable:vectordrawable:1.1.0] AndroidManifest.xml:20:5-22:41
build	Build with Gradle	2026-06-06T12:25:04.3373574Z Merging library manifest /home/runner/.gradle/caches/8.14/transforms/04951a97475aebf6b800f98cdc845e28/transformed/switchbar-1.0.2/AndroidManifest.xml
build	Build with Gradle	2026-06-06T12:25:04.3375355Z Merging manifest with lower [dev.rikka.rikkax.widget:switchbar:1.0.2] AndroidManifest.xml:2:1-11:12
build	Build with Gradle	2026-06-06T12:25:04.3376391Z uses-sdk defined in both files...
build	Build with Gradle	2026-06-06T12:25:04.3377312Z Merging uses-sdk with lower [dev.rikka.rikkax.widget:switchbar:1.0.2] AndroidManifest.xml:7:5-9:41
build	Build with Gradle	2026-06-06T12:25:04.3379133Z Merging library manifest /home/runner/.gradle/caches/8.14/transforms/f44317b6b582e3df5afb18620edd3775/transformed/swiperefreshlayout-1.1.0/AndroidManifest.xml
build	Build with Gradle	2026-06-06T12:25:04.3380952Z Merging manifest with lower [androidx.swiperefreshlayout:swiperefreshlayout:1.1.0] AndroidManifest.xml:17:1-24:12
build	Build with Gradle	2026-06-06T12:25:04.3382093Z uses-sdk defined in both files...
build	Build with Gradle	2026-06-06T12:25:04.3383079Z Merging uses-sdk with lower [androidx.swiperefreshlayout:swiperefreshlayout:1.1.0] AndroidManifest.xml:20:5-22:41
build	Build with Gradle	2026-06-06T12:25:04.3384933Z Merging library manifest /home/runner/work/ShizukuPlus/ShizukuPlus/database/build/intermediates/merged_manifest/release/processReleaseManifest/AndroidManifest.xml
build	Build with Gradle	2026-06-06T12:25:04.3386465Z Merging manifest with lower [:database] AndroidManifest.xml:2:1-7:12
build	Build with Gradle	2026-06-06T12:25:04.3387201Z uses-sdk defined in both files...
build	Build with Gradle	2026-06-06T12:25:04.3388037Z Merging uses-sdk with lower [:database] AndroidManifest.xml:5:5-44
build	Build with Gradle	2026-06-06T12:25:04.3389929Z Merging library manifest /home/runner/.gradle/caches/8.14/transforms/30676eef3dc22ac269337397d20f7f25/transformed/insets-1.3.0-release/AndroidManifest.xml
build	Build with Gradle	2026-06-06T12:25:04.3391506Z Merging manifest with lower [dev.rikka.rikkax.insets:insets:1.3.0] AndroidManifest.xml:2:1-9:12
build	Build with Gradle	2026-06-06T12:25:04.3392512Z uses-sdk defined in both files...
build	Build with Gradle	2026-06-06T12:25:04.3393353Z Merging uses-sdk with lower [dev.rikka.rikkax.insets:insets:1.3.0] AndroidManifest.xml:5:5-7:41
build	Build with Gradle	2026-06-06T12:25:04.3395113Z Merging library manifest /home/runner/.gradle/caches/8.14/transforms/6df4a8bec15c81ec5d96711ead8a45f6/transformed/customview-poolingcontainer-1.0.0/AndroidManifest.xml
build	Build with Gradle	2026-06-06T12:25:04.3396992Z Merging manifest with lower [androidx.customview:customview-poolingcontainer:1.0.0] AndroidManifest.xml:17:1-23:12
build	Build with Gradle	2026-06-06T12:25:04.3398306Z uses-sdk defined in both files...
build	Build with Gradle	2026-06-06T12:25:04.3399318Z Merging uses-sdk with lower [androidx.customview:customview-poolingcontainer:1.0.0] AndroidManifest.xml:20:5-21:38
build	Build with Gradle	2026-06-06T12:25:04.3401107Z Merging library manifest /home/runner/.gradle/caches/8.14/transforms/c4288f6412f7c6bdcfe961d2f0efb4d2/transformed/graphics-shapes-release/AndroidManifest.xml
build	Build with Gradle	2026-06-06T12:25:04.3402881Z Merging manifest with lower [androidx.graphics:graphics-shapes-android:1.0.1] AndroidManifest.xml:2:1-7:12
build	Build with Gradle	2026-06-06T12:25:04.3403896Z uses-sdk defined in both files...
build	Build with Gradle	2026-06-06T12:25:04.3404858Z Merging uses-sdk with lower [androidx.graphics:graphics-shapes-android:1.0.1] AndroidManifest.xml:5:5-44
build	Build with Gradle	2026-06-06T12:25:04.3406524Z Merging library manifest /home/runner/.gradle/caches/8.14/transforms/0f268d830baf1b2adb315c1349db4113/transformed/savedstate-ktx-1.3.1/AndroidManifest.xml
build	Build with Gradle	2026-06-06T12:25:04.3408317Z Merging manifest with lower [androidx.savedstate:savedstate-ktx:1.3.1] AndroidManifest.xml:2:1-7:12
build	Build with Gradle	2026-06-06T12:25:04.3409254Z uses-sdk defined in both files...
build	Build with Gradle	2026-06-06T12:25:04.3410127Z Merging uses-sdk with lower [androidx.savedstate:savedstate-ktx:1.3.1] AndroidManifest.xml:5:5-44
build	Build with Gradle	2026-06-06T12:25:04.3411728Z Merging library manifest /home/runner/.gradle/caches/8.14/transforms/f85fca100dc1cfb9faf4b8055f4a62e9/transformed/savedstate-release/AndroidManifest.xml
build	Build with Gradle	2026-06-06T12:25:04.3413434Z Merging manifest with lower [androidx.savedstate:savedstate-android:1.3.1] AndroidManifest.xml:17:1-22:12
build	Build with Gradle	2026-06-06T12:25:04.3414554Z uses-sdk defined in both files...
build	Build with Gradle	2026-06-06T12:25:04.3415511Z Merging uses-sdk with lower [androidx.savedstate:savedstate-android:1.3.1] AndroidManifest.xml:20:5-44
build	Build with Gradle	2026-06-06T12:25:04.3417138Z Merging library manifest /home/runner/.gradle/caches/8.14/transforms/d4dcb12619daf48292cb973faf4c0937/transformed/core-bundle-release/AndroidManifest.xml
build	Build with Gradle	2026-06-06T12:25:04.3419041Z Merging manifest with lower [org.jetbrains.androidx.core:core-bundle-android:1.0.1] AndroidManifest.xml:2:1-7:12
build	Build with Gradle	2026-06-06T12:25:04.3420158Z uses-sdk defined in both files...
build	Build with Gradle	2026-06-06T12:25:04.3421140Z Merging uses-sdk with lower [org.jetbrains.androidx.core:core-bundle-android:1.0.1] AndroidManifest.xml:5:5-44
build	Build with Gradle	2026-06-06T12:25:04.3422813Z Merging library manifest /home/runner/.gradle/caches/8.14/transforms/029a61c97118f0c834c270c0dd5c56c8/transformed/core-ktx-1.16.0/AndroidManifest.xml
build	Build with Gradle	2026-06-06T12:25:04.3424373Z Merging manifest with lower [androidx.core:core-ktx:1.16.0] AndroidManifest.xml:2:1-7:12
build	Build with Gradle	2026-06-06T12:25:04.3425323Z uses-sdk defined in both files...
build	Build with Gradle	2026-06-06T12:25:04.3426140Z Merging uses-sdk with lower [androidx.core:core-ktx:1.16.0] AndroidManifest.xml:5:5-44
build	Build with Gradle	2026-06-06T12:25:04.3427839Z Merging library manifest /home/runner/.gradle/caches/8.14/transforms/5424bb4aed8761312b4b26bf9e07d98a/transformed/window-1.0.0/AndroidManifest.xml
build	Build with Gradle	2026-06-06T12:25:04.3429368Z Merging manifest with lower [androidx.window:window:1.0.0] AndroidManifest.xml:17:1-33:12
build	Build with Gradle	2026-06-06T12:25:04.3430239Z uses-sdk defined in both files...
build	Build with Gradle	2026-06-06T12:25:04.3431077Z Merging uses-sdk with lower [androidx.window:window:1.0.0] AndroidManifest.xml:20:5-22:41
build	Build with Gradle	2026-06-06T12:25:04.3431962Z application defined in both files...
build	Build with Gradle	2026-06-06T12:25:04.3432850Z Merging application with lower [androidx.window:window:1.0.0] AndroidManifest.xml:24:5-31:19
build	Build with Gradle	2026-06-06T12:25:04.3433767Z Adopted [uses-library: null]
build	Build with Gradle	2026-06-06T12:25:04.3434318Z Adopted [uses-library: null]
build	Build with Gradle	2026-06-06T12:25:04.3435475Z Merging library manifest /home/runner/.gradle/caches/8.14/transforms/a18f3e8414f2ba4eb382dd01375ab089/transformed/core-1.16.0/AndroidManifest.xml
build	Build with Gradle	2026-06-06T12:25:04.3436950Z Merging manifest with lower [androidx.core:core:1.16.0] AndroidManifest.xml:17:1-30:12
build	Build with Gradle	2026-06-06T12:25:04.3437985Z uses-sdk defined in both files...
build	Build with Gradle	2026-06-06T12:25:04.3438779Z Merging uses-sdk with lower [androidx.core:core:1.16.0] AndroidManifest.xml:20:5-44
build	Build with Gradle	2026-06-06T12:25:04.3439607Z Adopted [permission: null]
build	Build with Gradle	2026-06-06T12:25:04.3440152Z Adopted [uses-permission: null]
build	Build with Gradle	2026-06-06T12:25:04.3440714Z application defined in both files...
build	Build with Gradle	2026-06-06T12:25:04.3441561Z Merging application with lower [androidx.core:core:1.16.0] AndroidManifest.xml:28:5-89
build	Build with Gradle	2026-06-06T12:25:04.3443198Z Merging library manifest /home/runner/.gradle/caches/8.14/transforms/5cdb323f179a5400d9eac68baef40b22/transformed/lifecycle-runtime-release/AndroidManifest.xml
build	Build with Gradle	2026-06-06T12:25:04.3444924Z Merging manifest with lower [androidx.lifecycle:lifecycle-runtime-android:2.9.4] AndroidManifest.xml:17:1-22:12
build	Build with Gradle	2026-06-06T12:25:04.3445850Z uses-sdk defined in both files...
build	Build with Gradle	2026-06-06T12:25:04.3446759Z Merging uses-sdk with lower [androidx.lifecycle:lifecycle-runtime-android:2.9.4] AndroidManifest.xml:20:5-44
build	Build with Gradle	2026-06-06T12:25:04.3448547Z Merging library manifest /home/runner/.gradle/caches/8.14/transforms/733f565b05217da1a995124053e2952d/transformed/lifecycle-service-2.9.4/AndroidManifest.xml
build	Build with Gradle	2026-06-06T12:25:04.3450223Z Merging manifest with lower [androidx.lifecycle:lifecycle-service:2.9.4] AndroidManifest.xml:2:1-7:12
build	Build with Gradle	2026-06-06T12:25:04.3451139Z uses-sdk defined in both files...
build	Build with Gradle	2026-06-06T12:25:04.3452033Z Merging uses-sdk with lower [androidx.lifecycle:lifecycle-service:2.9.4] AndroidManifest.xml:5:5-44
build	Build with Gradle	2026-06-06T12:25:04.3453627Z Merging library manifest /home/runner/.gradle/caches/8.14/transforms/0c66718d94e4554cab2f7d8334723d4c/transformed/lifecycle-viewmodel-2.9.4/AndroidManifest.xml
build	Build with Gradle	2026-06-06T12:25:04.3455387Z Merging manifest with lower [androidx.lifecycle:lifecycle-viewmodel:2.9.4] AndroidManifest.xml:2:1-5:12
build	Build with Gradle	2026-06-06T12:25:04.3456572Z uses-sdk defined in both files...
build	Build with Gradle	2026-06-06T12:25:04.3457548Z Merging uses-sdk with lower [androidx.lifecycle:lifecycle-viewmodel:2.9.4] AndroidManifest.xml:4:5-43
build	Build with Gradle	2026-06-06T12:25:04.3459100Z Merging library manifest /home/runner/.gradle/caches/8.14/transforms/20f00e5ccb0364701481c3adff0c0022/transformed/lifecycle-viewmodel-release/AndroidManifest.xml
build	Build with Gradle	2026-06-06T12:25:04.3461028Z Merging manifest with lower [androidx.lifecycle:lifecycle-viewmodel-android:2.9.4] AndroidManifest.xml:17:1-22:12
build	Build with Gradle	2026-06-06T12:25:04.3462160Z uses-sdk defined in both files...
build	Build with Gradle	2026-06-06T12:25:04.3463113Z Merging uses-sdk with lower [androidx.lifecycle:lifecycle-viewmodel-android:2.9.4] AndroidManifest.xml:20:5-44
build	Build with Gradle	2026-06-06T12:25:04.3464914Z Merging library manifest /home/runner/.gradle/caches/8.14/transforms/06bc399dfe425f0f5114ba44e76c1318/transformed/lifecycle-viewmodel-savedstate-release/AndroidManifest.xml
build	Build with Gradle	2026-06-06T12:25:04.3466838Z Merging manifest with lower [androidx.lifecycle:lifecycle-viewmodel-savedstate-android:2.9.4] AndroidManifest.xml:17:1-22:12
build	Build with Gradle	2026-06-06T12:25:04.3468157Z uses-sdk defined in both files...
build	Build with Gradle	2026-06-06T12:25:04.3469200Z Merging uses-sdk with lower [androidx.lifecycle:lifecycle-viewmodel-savedstate-android:2.9.4] AndroidManifest.xml:20:5-44
build	Build with Gradle	2026-06-06T12:25:04.3471089Z Merging library manifest /home/runner/.gradle/caches/8.14/transforms/6fe02a9c6bc1a8d677661f17a75652df/transformed/lifecycle-livedata-core-2.9.4/AndroidManifest.xml
build	Build with Gradle	2026-06-06T12:25:04.3472784Z Merging manifest with lower [androidx.lifecycle:lifecycle-livedata-core:2.9.4] AndroidManifest.xml:17:1-22:12
build	Build with Gradle	2026-06-06T12:25:04.3473646Z uses-sdk defined in both files...
build	Build with Gradle	2026-06-06T12:25:04.3474595Z Merging uses-sdk with lower [androidx.lifecycle:lifecycle-livedata-core:2.9.4] AndroidManifest.xml:20:5-44
build	Build with Gradle	2026-06-06T12:25:04.3476343Z Merging library manifest /home/runner/.gradle/caches/8.14/transforms/644a16fcc858b20f0d048c7466f19d9f/transformed/lifecycle-process-2.9.4/AndroidManifest.xml
build	Build with Gradle	2026-06-06T12:25:04.3478227Z Merging manifest with lower [androidx.lifecycle:lifecycle-process:2.9.4] AndroidManifest.xml:17:1-35:12
build	Build with Gradle	2026-06-06T12:25:04.3479176Z uses-sdk defined in both files...
build	Build with Gradle	2026-06-06T12:25:04.3480058Z Merging uses-sdk with lower [androidx.lifecycle:lifecycle-process:2.9.4] AndroidManifest.xml:21:5-44
build	Build with Gradle	2026-06-06T12:25:04.3481005Z application defined in both files...
build	Build with Gradle	2026-06-06T12:25:04.3482004Z Merging application with lower [androidx.lifecycle:lifecycle-process:2.9.4] AndroidManifest.xml:23:5-33:19
build	Build with Gradle	2026-06-06T12:25:04.3483289Z provider#androidx.startup.InitializationProvider defined in both files...
build	Build with Gradle	2026-06-06T12:25:04.3484776Z Merging provider#androidx.startup.InitializationProvider with lower [androidx.lifecycle:lifecycle-process:2.9.4] AndroidManifest.xml:24:9-32:20
build	Build with Gradle	2026-06-06T12:25:04.3485931Z Adopted [meta-data: null]
build	Build with Gradle	2026-06-06T12:25:04.3487156Z Merging library manifest /home/runner/.gradle/caches/8.14/transforms/045e1f63699bdc1710b726e46c8c703d/transformed/lifecycle-runtime-ktx/AndroidManifest.xml
build	Build with Gradle	2026-06-06T12:25:04.3489029Z Merging manifest with lower [androidx.lifecycle:lifecycle-runtime-ktx-android:2.9.4] AndroidManifest.xml:2:1-7:12
build	Build with Gradle	2026-06-06T12:25:04.3490079Z uses-sdk defined in both files...
build	Build with Gradle	2026-06-06T12:25:04.3491059Z Merging uses-sdk with lower [androidx.lifecycle:lifecycle-runtime-ktx-android:2.9.4] AndroidManifest.xml:5:5-44
build	Build with Gradle	2026-06-06T12:25:04.3492834Z Merging library manifest /home/runner/.gradle/caches/8.14/transforms/0bbb0e176c4adaced1da8fc8c45f5f69/transformed/lifecycle-livedata-2.9.4/AndroidManifest.xml
build	Build with Gradle	2026-06-06T12:25:04.3494659Z Merging manifest with lower [androidx.lifecycle:lifecycle-livedata:2.9.4] AndroidManifest.xml:17:1-22:12
build	Build with Gradle	2026-06-06T12:25:04.3495624Z uses-sdk defined in both files...
build	Build with Gradle	2026-06-06T12:25:04.3496593Z Merging uses-sdk with lower [androidx.lifecycle:lifecycle-livedata:2.9.4] AndroidManifest.xml:20:5-44
build	Build with Gradle	2026-06-06T12:25:04.3498381Z Merging library manifest /home/runner/.gradle/caches/8.14/transforms/86daf15fa6531778dc0ccc1fef270dd4/transformed/lifecycle-livedata-core-ktx-2.9.4/AndroidManifest.xml
build	Build with Gradle	2026-06-06T12:25:04.3500387Z Merging manifest with lower [androidx.lifecycle:lifecycle-livedata-core-ktx:2.9.4] AndroidManifest.xml:2:1-7:12
build	Build with Gradle	2026-06-06T12:25:04.3501443Z uses-sdk defined in both files...
build	Build with Gradle	2026-06-06T12:25:04.3502426Z Merging uses-sdk with lower [androidx.lifecycle:lifecycle-livedata-core-ktx:2.9.4] AndroidManifest.xml:5:5-44
build	Build with Gradle	2026-06-06T12:25:04.3504199Z Merging library manifest /home/runner/.gradle/caches/8.14/transforms/6afc1b2f65d907779fd871415079443b/transformed/ui-graphics-1.1.1/AndroidManifest.xml
build	Build with Gradle	2026-06-06T12:25:04.3505978Z Merging manifest with lower [androidx.compose.ui:ui-graphics:1.1.1] AndroidManifest.xml:17:1-24:12
build	Build with Gradle	2026-06-06T12:25:04.3506924Z uses-sdk defined in both files...
build	Build with Gradle	2026-06-06T12:25:04.3507971Z Merging uses-sdk with lower [androidx.compose.ui:ui-graphics:1.1.1] AndroidManifest.xml:20:5-22:41
build	Build with Gradle	2026-06-06T12:25:04.3509570Z Merging library manifest /home/runner/.gradle/caches/8.14/transforms/eb0c0593968df75a68be86f7d6f56e03/transformed/ui-unit-1.1.1/AndroidManifest.xml
build	Build with Gradle	2026-06-06T12:25:04.3512404Z 
build	Build with Gradle	2026-06-06T12:25:04.3512747Z FAILURE: Build failed with an exception.
build	Build with Gradle	2026-06-06T12:25:04.3513233Z 
build	Build with Gradle	2026-06-06T12:25:04.3513507Z * What went wrong:
build	Build with Gradle	2026-06-06T12:25:04.3514275Z Execution failed for task ':manager:mergeReleaseResources'.
build	Build with Gradle	2026-06-06T12:25:04.3515186Z > Multiple task action failures occurred:
build	Build with Gradle	2026-06-06T12:25:04.3516352Z    > A failure occurred while executing com.android.build.gradle.internal.res.ResourceCompilerRunnable
build	Build with Gradle	2026-06-06T12:25:04.3519223Z       > Resource compilation failed (Failed to compile resource file: /home/runner/work/ShizukuPlus/ShizukuPlus/manager/src/main/res/xml/settings_root_integration.xml: . Cause: javax.xml.stream.XMLStreamException: ParseError at [row,col]:[123,33]
build	Build with Gradle	2026-06-06T12:25:04.3521653Z         Message: The entity name must immediately follow the '&' in the entity reference.). Check logs for more details.
build	Build with Gradle	2026-06-06T12:25:04.3545093Z    > A failure occurred while executing com.android.build.gradle.internal.res.ResourceCompilerRunnable
build	Build with Gradle	2026-06-06T12:25:04.3547638Z       > Resource compilation failed (Failed to compile resource file: /home/runner/work/ShizukuPlus/ShizukuPlus/manager/src/main/res/xml/settings_shizuku_plus.xml: . Cause: javax.xml.stream.XMLStreamException: ParseError at [row,col]:[252,39]
build	Build with Gradle	2026-06-06T12:25:04.3549898Z         Message: The entity name must immediately follow the '&' in the entity reference.). Check logs for more details.
build	Build with Gradle	2026-06-06T12:25:04.3550709Z 
build	Build with Gradle	2026-06-06T12:25:04.3550884Z * Try:
build	Build with Gradle	2026-06-06T12:25:04.3551384Z > Run with --debug option to get more log output.
build	Build with Gradle	2026-06-06T12:25:04.3552056Z > Get more help at https://help.gradle.org.
build	Build with Gradle	2026-06-06T12:25:04.3552460Z 
build	Build with Gradle	2026-06-06T12:25:04.3552633Z * Exception is:
build	Build with Gradle	2026-06-06T12:25:04.3553514Z org.gradle.api.tasks.TaskExecutionException: Execution failed for task ':manager:mergeReleaseResources'.
build	Build with Gradle	2026-06-06T12:25:04.3555273Z 	at org.gradle.api.internal.tasks.execution.ExecuteActionsTaskExecuter.lambda$executeIfValid$1(ExecuteActionsTaskExecuter.java:130)
build	Build with Gradle	2026-06-06T12:25:04.3556751Z 	at org.gradle.internal.Try$Failure.ifSuccessfulOrElse(Try.java:293)
build	Build with Gradle	2026-06-06T12:25:04.3558316Z 	at org.gradle.api.internal.tasks.execution.ExecuteActionsTaskExecuter.executeIfValid(ExecuteActionsTaskExecuter.java:128)
build	Build with Gradle	2026-06-06T12:25:04.3560179Z 	at org.gradle.api.internal.tasks.execution.ExecuteActionsTaskExecuter.execute(ExecuteActionsTaskExecuter.java:116)
build	Build with Gradle	2026-06-06T12:25:04.3562142Z 	at org.gradle.api.internal.tasks.execution.ProblemsTaskPathTrackingTaskExecuter.execute(ProblemsTaskPathTrackingTaskExecuter.java:41)
build	Build with Gradle	2026-06-06T12:25:04.3564195Z 	at org.gradle.api.internal.tasks.execution.FinalizePropertiesTaskExecuter.execute(FinalizePropertiesTaskExecuter.java:46)
build	Build with Gradle	2026-06-06T12:25:04.3566100Z 	at org.gradle.api.internal.tasks.execution.ResolveTaskExecutionModeExecuter.execute(ResolveTaskExecutionModeExecuter.java:51)
build	Build with Gradle	2026-06-06T12:25:04.3568104Z 	at org.gradle.api.internal.tasks.execution.SkipTaskWithNoActionsExecuter.execute(SkipTaskWithNoActionsExecuter.java:57)
build	Build with Gradle	2026-06-06T12:25:04.3570125Z 	at org.gradle.api.internal.tasks.execution.SkipOnlyIfTaskExecuter.execute(SkipOnlyIfTaskExecuter.java:74)
build	Build with Gradle	2026-06-06T12:25:04.3571792Z 	at org.gradle.api.internal.tasks.execution.CatchExceptionTaskExecuter.execute(CatchExceptionTaskExecuter.java:36)
build	Build with Gradle	2026-06-06T12:25:04.3573471Z 	at org.gradle.api.internal.tasks.execution.EventFiringTaskExecuter$1.executeTask(EventFiringTaskExecuter.java:77)
build	Build with Gradle	2026-06-06T12:25:04.3575024Z 	at org.gradle.api.internal.tasks.execution.EventFiringTaskExecuter$1.call(EventFiringTaskExecuter.java:55)
build	Build with Gradle	2026-06-06T12:25:04.3576658Z 	at org.gradle.api.internal.tasks.execution.EventFiringTaskExecuter$1.call(EventFiringTaskExecuter.java:52)
build	Build with Gradle	2026-06-06T12:25:04.3578539Z 	at org.gradle.internal.operations.DefaultBuildOperationRunner$CallableBuildOperationWorker.execute(DefaultBuildOperationRunner.java:210)
build	Build with Gradle	2026-06-06T12:25:04.3580638Z 	at org.gradle.internal.operations.DefaultBuildOperationRunner$CallableBuildOperationWorker.execute(DefaultBuildOperationRunner.java:205)
build	Build with Gradle	2026-06-06T12:25:04.3582547Z 	at org.gradle.internal.operations.DefaultBuildOperationRunner$2.execute(DefaultBuildOperationRunner.java:67)
build	Build with Gradle	2026-06-06T12:25:04.3584067Z 	at org.gradle.internal.operations.DefaultBuildOperationRunner$2.execute(DefaultBuildOperationRunner.java:60)
build	Build with Gradle	2026-06-06T12:25:04.3585701Z 	at org.gradle.internal.operations.DefaultBuildOperationRunner.execute(DefaultBuildOperationRunner.java:167)
build	Build with Gradle	2026-06-06T12:25:04.3587490Z 	at org.gradle.internal.operations.DefaultBuildOperationRunner.execute(DefaultBuildOperationRunner.java:60)
build	Build with Gradle	2026-06-06T12:25:04.3589089Z 	at org.gradle.internal.operations.DefaultBuildOperationRunner.call(DefaultBuildOperationRunner.java:54)
build	Build with Gradle	2026-06-06T12:25:04.3590663Z 	at org.gradle.api.internal.tasks.execution.EventFiringTaskExecuter.execute(EventFiringTaskExecuter.java:52)
build	Build with Gradle	2026-06-06T12:25:04.3592146Z 	at org.gradle.execution.plan.LocalTaskNodeExecutor.execute(LocalTaskNodeExecutor.java:42)
build	Build with Gradle	2026-06-06T12:25:04.3593811Z 	at org.gradle.execution.taskgraph.DefaultTaskExecutionGraph$InvokeNodeExecutorsAction.execute(DefaultTaskExecutionGraph.java:331)
build	Build with Gradle	2026-06-06T12:25:04.3595765Z 	at org.gradle.execution.taskgraph.DefaultTaskExecutionGraph$InvokeNodeExecutorsAction.execute(DefaultTaskExecutionGraph.java:318)
build	Build with Gradle	2026-06-06T12:25:04.3597929Z 	at org.gradle.execution.taskgraph.DefaultTaskExecutionGraph$BuildOperationAwareExecutionAction.lambda$execute$0(DefaultTaskExecutionGraph.java:314)
build	Build with Gradle	2026-06-06T12:25:04.3599753Z 	at org.gradle.internal.operations.CurrentBuildOperationRef.with(CurrentBuildOperationRef.java:85)
build	Build with Gradle	2026-06-06T12:25:04.3601478Z 	at org.gradle.execution.taskgraph.DefaultTaskExecutionGraph$BuildOperationAwareExecutionAction.execute(DefaultTaskExecutionGraph.java:314)
build	Build with Gradle	2026-06-06T12:25:04.3603589Z 	at org.gradle.execution.taskgraph.DefaultTaskExecutionGraph$BuildOperationAwareExecutionAction.execute(DefaultTaskExecutionGraph.java:303)
build	Build with Gradle	2026-06-06T12:25:04.3605415Z 	at org.gradle.execution.plan.DefaultPlanExecutor$ExecutorWorker.execute(DefaultPlanExecutor.java:459)
build	Build with Gradle	2026-06-06T12:25:04.3606777Z 	at org.gradle.execution.plan.DefaultPlanExecutor$ExecutorWorker.run(DefaultPlanExecutor.java:376)
build	Build with Gradle	2026-06-06T12:25:04.3608362Z 	at org.gradle.internal.concurrent.ExecutorPolicy$CatchAndRecordFailures.onExecute(ExecutorPolicy.java:64)
build	Build with Gradle	2026-06-06T12:25:04.3609864Z 	at org.gradle.internal.concurrent.AbstractManagedExecutor$1.run(AbstractManagedExecutor.java:48)
build	Build with Gradle	2026-06-06T12:25:04.3611515Z Caused by: org.gradle.api.internal.tasks.execution.TaskExecution$MultipleTaskActionFailures: Multiple task action failures occurred:
build	Build with Gradle	2026-06-06T12:25:04.3613049Z 	at org.gradle.api.internal.tasks.execution.TaskExecution$3.run(TaskExecution.java:267)
build	Build with Gradle	2026-06-06T12:25:04.3614470Z 	at org.gradle.internal.operations.DefaultBuildOperationRunner$1.execute(DefaultBuildOperationRunner.java:30)
build	Build with Gradle	2026-06-06T12:25:04.3616125Z 	at org.gradle.internal.operations.DefaultBuildOperationRunner$1.execute(DefaultBuildOperationRunner.java:27)
build	Build with Gradle	2026-06-06T12:25:04.3617996Z 	at org.gradle.internal.operations.DefaultBuildOperationRunner$2.execute(DefaultBuildOperationRunner.java:67)
build	Build with Gradle	2026-06-06T12:25:04.3619600Z 	at org.gradle.internal.operations.DefaultBuildOperationRunner$2.execute(DefaultBuildOperationRunner.java:60)
build	Build with Gradle	2026-06-06T12:25:04.3621218Z 	at org.gradle.internal.operations.DefaultBuildOperationRunner.execute(DefaultBuildOperationRunner.java:167)
build	Build with Gradle	2026-06-06T12:25:04.3622931Z 	at org.gradle.internal.operations.DefaultBuildOperationRunner.execute(DefaultBuildOperationRunner.java:60)
build	Build with Gradle	2026-06-06T12:25:04.3624457Z 	at org.gradle.internal.operations.DefaultBuildOperationRunner.run(DefaultBuildOperationRunner.java:48)
build	Build with Gradle	2026-06-06T12:25:04.3626046Z 	at org.gradle.api.internal.tasks.execution.TaskExecution.executeAction(TaskExecution.java:229)
build	Build with Gradle	2026-06-06T12:25:04.3627659Z 	at org.gradle.api.internal.tasks.execution.TaskExecution.executeActions(TaskExecution.java:212)
build	Build with Gradle	2026-06-06T12:25:04.3629255Z 	at org.gradle.api.internal.tasks.execution.TaskExecution.executeWithPreviousOutputFiles(TaskExecution.java:195)
build	Build with Gradle	2026-06-06T12:25:04.3630968Z 	at org.gradle.api.internal.tasks.execution.TaskExecution.execute(TaskExecution.java:162)
build	Build with Gradle	2026-06-06T12:25:04.3632357Z 	at org.gradle.internal.execution.steps.ExecuteStep.executeInternal(ExecuteStep.java:105)
build	Build with Gradle	2026-06-06T12:25:04.3633652Z 	at org.gradle.internal.execution.steps.ExecuteStep.access$000(ExecuteStep.java:44)
build	Build with Gradle	2026-06-06T12:25:04.3634848Z 	at org.gradle.internal.execution.steps.ExecuteStep$1.call(ExecuteStep.java:59)
build	Build with Gradle	2026-06-06T12:25:04.3636023Z 	at org.gradle.internal.execution.steps.ExecuteStep$1.call(ExecuteStep.java:56)
build	Build with Gradle	2026-06-06T12:25:04.3637810Z 	at org.gradle.internal.operations.DefaultBuildOperationRunner$CallableBuildOperationWorker.execute(DefaultBuildOperationRunner.java:210)
build	Build with Gradle	2026-06-06T12:25:04.3639825Z 	at org.gradle.internal.operations.DefaultBuildOperationRunner$CallableBuildOperationWorker.execute(DefaultBuildOperationRunner.java:205)
build	Build with Gradle	2026-06-06T12:25:04.3641758Z 	at org.gradle.internal.operations.DefaultBuildOperationRunner$2.execute(DefaultBuildOperationRunner.java:67)
build	Build with Gradle	2026-06-06T12:25:04.3643479Z 	at org.gradle.internal.operations.DefaultBuildOperationRunner$2.execute(DefaultBuildOperationRunner.java:60)
build	Build with Gradle	2026-06-06T12:25:04.3645178Z 	at org.gradle.internal.operations.DefaultBuildOperationRunner.execute(DefaultBuildOperationRunner.java:167)
build	Build with Gradle	2026-06-06T12:25:04.3646794Z 	at org.gradle.internal.operations.DefaultBuildOperationRunner.execute(DefaultBuildOperationRunner.java:60)
build	Build with Gradle	2026-06-06T12:25:04.3648449Z 	at org.gradle.internal.operations.DefaultBuildOperationRunner.call(DefaultBuildOperationRunner.java:54)
build	Build with Gradle	2026-06-06T12:25:04.3649709Z 	at org.gradle.internal.execution.steps.ExecuteStep.execute(ExecuteStep.java:56)
build	Build with Gradle	2026-06-06T12:25:04.3650875Z 	at org.gradle.internal.execution.steps.ExecuteStep.execute(ExecuteStep.java:44)
build	Build with Gradle	2026-06-06T12:25:04.3652128Z 	at org.gradle.internal.execution.steps.CancelExecutionStep.execute(CancelExecutionStep.java:42)
build	Build with Gradle	2026-06-06T12:25:04.3653550Z 	at org.gradle.internal.execution.steps.TimeoutStep.executeWithoutTimeout(TimeoutStep.java:75)
build	Build with Gradle	2026-06-06T12:25:04.3654858Z 	at org.gradle.internal.execution.steps.TimeoutStep.execute(TimeoutStep.java:55)
build	Build with Gradle	2026-06-06T12:25:04.3656303Z 	at org.gradle.internal.execution.steps.PreCreateOutputParentsStep.execute(PreCreateOutputParentsStep.java:50)
build	Build with Gradle	2026-06-06T12:25:04.3657953Z 	at org.gradle.internal.execution.steps.PreCreateOutputParentsStep.execute(PreCreateOutputParentsStep.java:28)
build	Build with Gradle	2026-06-06T12:25:04.3658675Z 	at org.gradle.internal.execution.steps.RemovePreviousOutputsStep.execute(RemovePreviousOutputsStep.java:67)
build	Build with Gradle	2026-06-06T12:25:04.3659379Z 	at org.gradle.internal.execution.steps.RemovePreviousOutputsStep.execute(RemovePreviousOutputsStep.java:37)
build	Build with Gradle	2026-06-06T12:25:04.3660130Z 	at org.gradle.internal.execution.steps.BroadcastChangingOutputsStep.execute(BroadcastChangingOutputsStep.java:61)
build	Build with Gradle	2026-06-06T12:25:04.3660848Z 	at org.gradle.internal.execution.steps.BroadcastChangingOutputsStep.execute(BroadcastChangingOutputsStep.java:26)
build	Build with Gradle	2026-06-06T12:25:04.3661757Z 	at org.gradle.internal.execution.steps.CaptureOutputsAfterExecutionStep.execute(CaptureOutputsAfterExecutionStep.java:69)
build	Build with Gradle	2026-06-06T12:25:04.3662401Z 	at org.gradle.internal.execution.steps.CaptureOutputsAfterExecutionStep.execute(CaptureOutputsAfterExecutionStep.java:46)
build	Build with Gradle	2026-06-06T12:25:04.3662962Z 	at org.gradle.internal.execution.steps.ResolveInputChangesStep.execute(ResolveInputChangesStep.java:40)
build	Build with Gradle	2026-06-06T12:25:04.3663660Z 	at org.gradle.internal.execution.steps.ResolveInputChangesStep.execute(ResolveInputChangesStep.java:29)
build	Build with Gradle	2026-06-06T12:25:04.3664328Z 	at org.gradle.internal.execution.steps.BuildCacheStep.executeWithoutCache(BuildCacheStep.java:189)
build	Build with Gradle	2026-06-06T12:25:04.3664962Z 	at org.gradle.internal.execution.steps.BuildCacheStep.executeAndStoreInCache(BuildCacheStep.java:145)
build	Build with Gradle	2026-06-06T12:25:04.3665554Z 	at org.gradle.internal.execution.steps.BuildCacheStep.lambda$executeWithCache$4(BuildCacheStep.java:101)
build	Build with Gradle	2026-06-06T12:25:04.3666161Z 	at org.gradle.internal.execution.steps.BuildCacheStep.lambda$executeWithCache$5(BuildCacheStep.java:101)
build	Build with Gradle	2026-06-06T12:25:04.3666534Z 	at org.gradle.internal.Try$Success.map(Try.java:175)
build	Build with Gradle	2026-06-06T12:25:04.3667062Z 	at org.gradle.internal.execution.steps.BuildCacheStep.executeWithCache(BuildCacheStep.java:85)
build	Build with Gradle	2026-06-06T12:25:04.3667735Z 	at org.gradle.internal.execution.steps.BuildCacheStep.lambda$execute$0(BuildCacheStep.java:74)
build	Build with Gradle	2026-06-06T12:25:04.3668033Z 	at org.gradle.internal.Either$Left.fold(Either.java:115)
build	Build with Gradle	2026-06-06T12:25:04.3668469Z 	at org.gradle.internal.execution.caching.CachingState.fold(CachingState.java:62)
build	Build with Gradle	2026-06-06T12:25:04.3668956Z 	at org.gradle.internal.execution.steps.BuildCacheStep.execute(BuildCacheStep.java:73)
build	Build with Gradle	2026-06-06T12:25:04.3669431Z 	at org.gradle.internal.execution.steps.BuildCacheStep.execute(BuildCacheStep.java:48)
build	Build with Gradle	2026-06-06T12:25:04.3670052Z 	at org.gradle.internal.execution.steps.StoreExecutionStateStep.execute(StoreExecutionStateStep.java:46)
build	Build with Gradle	2026-06-06T12:25:04.3670695Z 	at org.gradle.internal.execution.steps.StoreExecutionStateStep.execute(StoreExecutionStateStep.java:35)
build	Build with Gradle	2026-06-06T12:25:04.3671290Z 	at org.gradle.internal.execution.steps.SkipUpToDateStep.executeBecause(SkipUpToDateStep.java:75)
build	Build with Gradle	2026-06-06T12:25:04.3671861Z 	at org.gradle.internal.execution.steps.SkipUpToDateStep.lambda$execute$2(SkipUpToDateStep.java:53)
build	Build with Gradle	2026-06-06T12:25:04.3672407Z 	at org.gradle.internal.execution.steps.SkipUpToDateStep.execute(SkipUpToDateStep.java:53)
build	Build with Gradle	2026-06-06T12:25:04.3672948Z 	at org.gradle.internal.execution.steps.SkipUpToDateStep.execute(SkipUpToDateStep.java:35)
build	Build with Gradle	2026-06-06T12:25:04.3673830Z 	at org.gradle.internal.execution.steps.legacy.MarkSnapshottingInputsFinishedStep.execute(MarkSnapshottingInputsFinishedStep.java:37)
build	Build with Gradle	2026-06-06T12:25:04.3674726Z 	at org.gradle.internal.execution.steps.legacy.MarkSnapshottingInputsFinishedStep.execute(MarkSnapshottingInputsFinishedStep.java:27)
build	Build with Gradle	2026-06-06T12:25:04.3675500Z 	at org.gradle.internal.execution.steps.ResolveIncrementalCachingStateStep.executeDelegate(ResolveIncrementalCachingStateStep.java:49)
build	Build with Gradle	2026-06-06T12:25:04.3676392Z 	at org.gradle.internal.execution.steps.ResolveIncrementalCachingStateStep.executeDelegate(ResolveIncrementalCachingStateStep.java:27)
build	Build with Gradle	2026-06-06T12:25:04.3677167Z 	at org.gradle.internal.execution.steps.AbstractResolveCachingStateStep.execute(AbstractResolveCachingStateStep.java:71)
build	Build with Gradle	2026-06-06T12:25:04.3678087Z 	at org.gradle.internal.execution.steps.AbstractResolveCachingStateStep.execute(AbstractResolveCachingStateStep.java:39)
build	Build with Gradle	2026-06-06T12:25:04.3678674Z 	at org.gradle.internal.execution.steps.ResolveChangesStep.execute(ResolveChangesStep.java:65)
build	Build with Gradle	2026-06-06T12:25:04.3679217Z 	at org.gradle.internal.execution.steps.ResolveChangesStep.execute(ResolveChangesStep.java:36)
build	Build with Gradle	2026-06-06T12:25:04.3679736Z 	at org.gradle.internal.execution.steps.ValidateStep.execute(ValidateStep.java:107)
build	Build with Gradle	2026-06-06T12:25:04.3680238Z 	at org.gradle.internal.execution.steps.ValidateStep.execute(ValidateStep.java:56)
build	Build with Gradle	2026-06-06T12:25:04.3681350Z 	at org.gradle.internal.execution.steps.AbstractCaptureStateBeforeExecutionStep.execute(AbstractCaptureStateBeforeExecutionStep.java:64)
build	Build with Gradle	2026-06-06T12:25:04.3682342Z 	at org.gradle.internal.execution.steps.AbstractCaptureStateBeforeExecutionStep.execute(AbstractCaptureStateBeforeExecutionStep.java:43)
build	Build with Gradle	2026-06-06T12:25:04.3683208Z 	at org.gradle.internal.execution.steps.AbstractSkipEmptyWorkStep.executeWithNonEmptySources(AbstractSkipEmptyWorkStep.java:125)
build	Build with Gradle	2026-06-06T12:25:04.3683965Z 	at org.gradle.internal.execution.steps.AbstractSkipEmptyWorkStep.execute(AbstractSkipEmptyWorkStep.java:56)
build	Build with Gradle	2026-06-06T12:25:04.3684624Z 	at org.gradle.internal.execution.steps.AbstractSkipEmptyWorkStep.execute(AbstractSkipEmptyWorkStep.java:36)
build	Build with Gradle	2026-06-06T12:25:04.3685442Z 	at org.gradle.internal.execution.steps.legacy.MarkSnapshottingInputsStartedStep.execute(MarkSnapshottingInputsStartedStep.java:38)
build	Build with Gradle	2026-06-06T12:25:04.3686210Z 	at org.gradle.internal.execution.steps.LoadPreviousExecutionStateStep.execute(LoadPreviousExecutionStateStep.java:36)
build	Build with Gradle	2026-06-06T12:25:04.3687004Z 	at org.gradle.internal.execution.steps.LoadPreviousExecutionStateStep.execute(LoadPreviousExecutionStateStep.java:23)
build	Build with Gradle	2026-06-06T12:25:04.3687932Z 	at org.gradle.internal.execution.steps.HandleStaleOutputsStep.execute(HandleStaleOutputsStep.java:75)
build	Build with Gradle	2026-06-06T12:25:04.3688555Z 	at org.gradle.internal.execution.steps.HandleStaleOutputsStep.execute(HandleStaleOutputsStep.java:41)
build	Build with Gradle	2026-06-06T12:25:04.3689306Z 	at org.gradle.internal.execution.steps.AssignMutableWorkspaceStep.lambda$execute$0(AssignMutableWorkspaceStep.java:35)
build	Build with Gradle	2026-06-06T12:25:04.3689861Z 	at org.gradle.api.internal.tasks.execution.TaskExecution$4.withWorkspace(TaskExecution.java:289)
build	Build with Gradle	2026-06-06T12:25:04.3690567Z 	at org.gradle.internal.execution.steps.AssignMutableWorkspaceStep.execute(AssignMutableWorkspaceStep.java:31)
build	Build with Gradle	2026-06-06T12:25:04.3691249Z 	at org.gradle.internal.execution.steps.AssignMutableWorkspaceStep.execute(AssignMutableWorkspaceStep.java:22)
build	Build with Gradle	2026-06-06T12:25:04.3691840Z 	at org.gradle.internal.execution.steps.ChoosePipelineStep.execute(ChoosePipelineStep.java:40)
build	Build with Gradle	2026-06-06T12:25:04.3692419Z 	at org.gradle.internal.execution.steps.ChoosePipelineStep.execute(ChoosePipelineStep.java:23)
build	Build with Gradle	2026-06-06T12:25:04.3693339Z 	at org.gradle.internal.execution.steps.ExecuteWorkBuildOperationFiringStep.lambda$execute$2(ExecuteWorkBuildOperationFiringStep.java:67)
build	Build with Gradle	2026-06-06T12:25:04.3694248Z 	at org.gradle.internal.execution.steps.ExecuteWorkBuildOperationFiringStep.execute(ExecuteWorkBuildOperationFiringStep.java:67)
build	Build with Gradle	2026-06-06T12:25:04.3695179Z 	at org.gradle.internal.execution.steps.ExecuteWorkBuildOperationFiringStep.execute(ExecuteWorkBuildOperationFiringStep.java:39)
build	Build with Gradle	2026-06-06T12:25:04.3695778Z 	at org.gradle.internal.execution.steps.IdentityCacheStep.execute(IdentityCacheStep.java:46)
build	Build with Gradle	2026-06-06T12:25:04.3696296Z 	at org.gradle.internal.execution.steps.IdentityCacheStep.execute(IdentityCacheStep.java:34)
build	Build with Gradle	2026-06-06T12:25:04.3696769Z 	at org.gradle.internal.execution.steps.IdentifyStep.execute(IdentifyStep.java:48)
build	Build with Gradle	2026-06-06T12:25:04.3697210Z 	at org.gradle.internal.execution.steps.IdentifyStep.execute(IdentifyStep.java:35)
build	Build with Gradle	2026-06-06T12:25:04.3697926Z 	at org.gradle.internal.execution.impl.DefaultExecutionEngine$1.execute(DefaultExecutionEngine.java:64)
build	Build with Gradle	2026-06-06T12:25:04.3698664Z 	at org.gradle.api.internal.tasks.execution.ExecuteActionsTaskExecuter.executeIfValid(ExecuteActionsTaskExecuter.java:127)
build	Build with Gradle	2026-06-06T12:25:04.3699397Z 	at org.gradle.api.internal.tasks.execution.ExecuteActionsTaskExecuter.execute(ExecuteActionsTaskExecuter.java:116)
build	Build with Gradle	2026-06-06T12:25:04.3700256Z 	at org.gradle.api.internal.tasks.execution.ProblemsTaskPathTrackingTaskExecuter.execute(ProblemsTaskPathTrackingTaskExecuter.java:41)
build	Build with Gradle	2026-06-06T12:25:04.3701016Z 	at org.gradle.api.internal.tasks.execution.FinalizePropertiesTaskExecuter.execute(FinalizePropertiesTaskExecuter.java:46)
build	Build with Gradle	2026-06-06T12:25:04.3701738Z 	at org.gradle.api.internal.tasks.execution.ResolveTaskExecutionModeExecuter.execute(ResolveTaskExecutionModeExecuter.java:51)
build	Build with Gradle	2026-06-06T12:25:04.3702606Z 	at org.gradle.api.internal.tasks.execution.SkipTaskWithNoActionsExecuter.execute(SkipTaskWithNoActionsExecuter.java:57)
build	Build with Gradle	2026-06-06T12:25:04.3703240Z 	at org.gradle.api.internal.tasks.execution.SkipOnlyIfTaskExecuter.execute(SkipOnlyIfTaskExecuter.java:74)
build	Build with Gradle	2026-06-06T12:25:04.3703960Z 	at org.gradle.api.internal.tasks.execution.CatchExceptionTaskExecuter.execute(CatchExceptionTaskExecuter.java:36)
build	Build with Gradle	2026-06-06T12:25:04.3704783Z 	at org.gradle.api.internal.tasks.execution.EventFiringTaskExecuter$1.executeTask(EventFiringTaskExecuter.java:77)
build	Build with Gradle	2026-06-06T12:25:04.3705491Z 	at org.gradle.api.internal.tasks.execution.EventFiringTaskExecuter$1.call(EventFiringTaskExecuter.java:55)
build	Build with Gradle	2026-06-06T12:25:04.3706132Z 	at org.gradle.api.internal.tasks.execution.EventFiringTaskExecuter$1.call(EventFiringTaskExecuter.java:52)
build	Build with Gradle	2026-06-06T12:25:04.3707010Z 	at org.gradle.internal.operations.DefaultBuildOperationRunner$CallableBuildOperationWorker.execute(DefaultBuildOperationRunner.java:210)
build	Build with Gradle	2026-06-06T12:25:04.3708059Z 	at org.gradle.internal.operations.DefaultBuildOperationRunner$CallableBuildOperationWorker.execute(DefaultBuildOperationRunner.java:205)
build	Build with Gradle	2026-06-06T12:25:04.3708912Z 	at org.gradle.internal.operations.DefaultBuildOperationRunner$2.execute(DefaultBuildOperationRunner.java:67)
build	Build with Gradle	2026-06-06T12:25:04.3709598Z 	at org.gradle.internal.operations.DefaultBuildOperationRunner$2.execute(DefaultBuildOperationRunner.java:60)
build	Build with Gradle	2026-06-06T12:25:04.3710322Z 	at org.gradle.internal.operations.DefaultBuildOperationRunner.execute(DefaultBuildOperationRunner.java:167)
build	Build with Gradle	2026-06-06T12:25:04.3711031Z 	at org.gradle.internal.operations.DefaultBuildOperationRunner.execute(DefaultBuildOperationRunner.java:60)
build	Build with Gradle	2026-06-06T12:25:04.3711728Z 	at org.gradle.internal.operations.DefaultBuildOperationRunner.call(DefaultBuildOperationRunner.java:54)
build	Build with Gradle	2026-06-06T12:25:04.3712484Z 	at org.gradle.api.internal.tasks.execution.EventFiringTaskExecuter.execute(EventFiringTaskExecuter.java:52)
build	Build with Gradle	2026-06-06T12:25:04.3713013Z 	at org.gradle.execution.plan.LocalTaskNodeExecutor.execute(LocalTaskNodeExecutor.java:42)
build	Build with Gradle	2026-06-06T12:25:04.3713819Z 	at org.gradle.execution.taskgraph.DefaultTaskExecutionGraph$InvokeNodeExecutorsAction.execute(DefaultTaskExecutionGraph.java:331)
build	Build with Gradle	2026-06-06T12:25:04.3714530Z 	at org.gradle.execution.taskgraph.DefaultTaskExecutionGraph$InvokeNodeExecutorsAction.execute(DefaultTaskExecutionGraph.java:318)
build	Build with Gradle	2026-06-06T12:25:04.3715113Z 	at org.gradle.execution.taskgraph.DefaultTaskExecutionGraph$BuildOperationAwareExecutionAction.lambda$execute$0(DefaultTaskExecutionGraph.java:314)
build	Build with Gradle	2026-06-06T12:25:04.3715453Z 	at org.gradle.internal.operations.CurrentBuildOperationRef.with(CurrentBuildOperationRef.java:85)
build	Build with Gradle	2026-06-06T12:25:04.3715941Z 	at org.gradle.execution.taskgraph.DefaultTaskExecutionGraph$BuildOperationAwareExecutionAction.execute(DefaultTaskExecutionGraph.java:314)
build	Build with Gradle	2026-06-06T12:25:04.3716429Z 	at org.gradle.execution.taskgraph.DefaultTaskExecutionGraph$BuildOperationAwareExecutionAction.execute(DefaultTaskExecutionGraph.java:303)
build	Build with Gradle	2026-06-06T12:25:04.3716765Z 	at org.gradle.execution.plan.DefaultPlanExecutor$ExecutorWorker.execute(DefaultPlanExecutor.java:459)
build	Build with Gradle	2026-06-06T12:25:04.3717078Z 	at org.gradle.execution.plan.DefaultPlanExecutor$ExecutorWorker.run(DefaultPlanExecutor.java:376)
build	Build with Gradle	2026-06-06T12:25:04.3717647Z 	at org.gradle.internal.concurrent.ExecutorPolicy$CatchAndRecordFailures.onExecute(ExecutorPolicy.java:64)
build	Build with Gradle	2026-06-06T12:25:04.3718133Z 	at org.gradle.internal.concurrent.AbstractManagedExecutor$1.run(AbstractManagedExecutor.java:48)
build	Build with Gradle	2026-06-06T12:25:04.3718761Z Cause 1: org.gradle.workers.internal.DefaultWorkerExecutor$WorkExecutionException: A failure occurred while executing com.android.build.gradle.internal.res.ResourceCompilerRunnable
build	Build with Gradle	2026-06-06T12:25:04.3719176Z 	at org.gradle.workers.internal.DefaultWorkerExecutor$WorkItemExecution.waitForCompletion(DefaultWorkerExecutor.java:287)
build	Build with Gradle	2026-06-06T12:25:04.3719602Z 	at org.gradle.internal.work.DefaultAsyncWorkTracker.lambda$waitForItemsAndGatherFailures$2(DefaultAsyncWorkTracker.java:130)
build	Build with Gradle	2026-06-06T12:25:04.3719996Z 	at org.gradle.internal.Factories$1.create(Factories.java:31)
build	Build with Gradle	2026-06-06T12:25:04.3720371Z 	at org.gradle.internal.work.DefaultWorkerLeaseService.withoutLocks(DefaultWorkerLeaseService.java:335)
build	Build with Gradle	2026-06-06T12:25:04.3720720Z 	at org.gradle.internal.work.DefaultWorkerLeaseService.withoutLocks(DefaultWorkerLeaseService.java:318)
build	Build with Gradle	2026-06-06T12:25:04.3721120Z 	at org.gradle.internal.work.DefaultWorkerLeaseService.withoutLock(DefaultWorkerLeaseService.java:323)
build	Build with Gradle	2026-06-06T12:25:04.3721535Z 	at org.gradle.internal.work.DefaultAsyncWorkTracker.waitForItemsAndGatherFailures(DefaultAsyncWorkTracker.java:126)
build	Build with Gradle	2026-06-06T12:25:04.3722068Z 	at org.gradle.internal.work.DefaultAsyncWorkTracker.waitForItemsAndGatherFailures(DefaultAsyncWorkTracker.java:92)
build	Build with Gradle	2026-06-06T12:25:04.3722391Z 	at org.gradle.internal.work.DefaultAsyncWorkTracker.waitForAll(DefaultAsyncWorkTracker.java:78)
build	Build with Gradle	2026-06-06T12:25:04.3722743Z 	at org.gradle.internal.work.DefaultAsyncWorkTracker.waitForCompletion(DefaultAsyncWorkTracker.java:66)
build	Build with Gradle	2026-06-06T12:25:04.3723089Z 	at org.gradle.api.internal.tasks.execution.TaskExecution$3.run(TaskExecution.java:252)
build	Build with Gradle	2026-06-06T12:25:04.3723457Z 	at org.gradle.internal.operations.DefaultBuildOperationRunner$1.execute(DefaultBuildOperationRunner.java:30)
build	Build with Gradle	2026-06-06T12:25:04.3723824Z 	at org.gradle.internal.operations.DefaultBuildOperationRunner$1.execute(DefaultBuildOperationRunner.java:27)
build	Build with Gradle	2026-06-06T12:25:04.3724187Z 	at org.gradle.internal.operations.DefaultBuildOperationRunner$2.execute(DefaultBuildOperationRunner.java:67)
build	Build with Gradle	2026-06-06T12:25:04.3724547Z 	at org.gradle.internal.operations.DefaultBuildOperationRunner$2.execute(DefaultBuildOperationRunner.java:60)
build	Build with Gradle	2026-06-06T12:25:04.3725227Z 	at org.gradle.internal.operations.DefaultBuildOperationRunner.execute(DefaultBuildOperationRunner.java:167)
build	Build with Gradle	2026-06-06T12:25:04.3725638Z 	at org.gradle.internal.operations.DefaultBuildOperationRunner.execute(DefaultBuildOperationRunner.java:60)
build	Build with Gradle	2026-06-06T12:25:04.3725987Z 	at org.gradle.internal.operations.DefaultBuildOperationRunner.run(DefaultBuildOperationRunner.java:48)
build	Build with Gradle	2026-06-06T12:25:04.3726412Z 	at org.gradle.api.internal.tasks.execution.TaskExecution.executeAction(TaskExecution.java:229)
build	Build with Gradle	2026-06-06T12:25:04.3726813Z 	at org.gradle.api.internal.tasks.execution.TaskExecution.executeActions(TaskExecution.java:212)
build	Build with Gradle	2026-06-06T12:25:04.3727231Z 	at org.gradle.api.internal.tasks.execution.TaskExecution.executeWithPreviousOutputFiles(TaskExecution.java:195)
build	Build with Gradle	2026-06-06T12:25:04.3727705Z 	at org.gradle.api.internal.tasks.execution.TaskExecution.execute(TaskExecution.java:162)
build	Build with Gradle	2026-06-06T12:25:04.3728005Z 	at org.gradle.internal.execution.steps.ExecuteStep.executeInternal(ExecuteStep.java:105)
build	Build with Gradle	2026-06-06T12:25:04.3728275Z 	at org.gradle.internal.execution.steps.ExecuteStep.access$000(ExecuteStep.java:44)
build	Build with Gradle	2026-06-06T12:25:04.3728538Z 	at org.gradle.internal.execution.steps.ExecuteStep$1.call(ExecuteStep.java:59)
build	Build with Gradle	2026-06-06T12:25:04.3728791Z 	at org.gradle.internal.execution.steps.ExecuteStep$1.call(ExecuteStep.java:56)
build	Build with Gradle	2026-06-06T12:25:04.3729281Z 	at org.gradle.internal.operations.DefaultBuildOperationRunner$CallableBuildOperationWorker.execute(DefaultBuildOperationRunner.java:210)
build	Build with Gradle	2026-06-06T12:25:04.3729852Z 	at org.gradle.internal.operations.DefaultBuildOperationRunner$CallableBuildOperationWorker.execute(DefaultBuildOperationRunner.java:205)
build	Build with Gradle	2026-06-06T12:25:04.3730219Z 	at org.gradle.internal.operations.DefaultBuildOperationRunner$2.execute(DefaultBuildOperationRunner.java:67)
build	Build with Gradle	2026-06-06T12:25:04.3730582Z 	at org.gradle.internal.operations.DefaultBuildOperationRunner$2.execute(DefaultBuildOperationRunner.java:60)
build	Build with Gradle	2026-06-06T12:25:04.3730961Z 	at org.gradle.internal.operations.DefaultBuildOperationRunner.execute(DefaultBuildOperationRunner.java:167)
build	Build with Gradle	2026-06-06T12:25:04.3731329Z 	at org.gradle.internal.operations.DefaultBuildOperationRunner.execute(DefaultBuildOperationRunner.java:60)
build	Build with Gradle	2026-06-06T12:25:04.3731682Z 	at org.gradle.internal.operations.DefaultBuildOperationRunner.call(DefaultBuildOperationRunner.java:54)
build	Build with Gradle	2026-06-06T12:25:04.3732006Z 	at org.gradle.internal.execution.steps.ExecuteStep.execute(ExecuteStep.java:56)
build	Build with Gradle	2026-06-06T12:25:04.3732267Z 	at org.gradle.internal.execution.steps.ExecuteStep.execute(ExecuteStep.java:44)
build	Build with Gradle	2026-06-06T12:25:04.3732590Z 	at org.gradle.internal.execution.steps.CancelExecutionStep.execute(CancelExecutionStep.java:42)
build	Build with Gradle	2026-06-06T12:25:04.3732932Z 	at org.gradle.internal.execution.steps.TimeoutStep.executeWithoutTimeout(TimeoutStep.java:75)
build	Build with Gradle	2026-06-06T12:25:04.3733193Z 	at org.gradle.internal.execution.steps.TimeoutStep.execute(TimeoutStep.java:55)
build	Build with Gradle	2026-06-06T12:25:04.3733645Z 	at org.gradle.internal.execution.steps.PreCreateOutputParentsStep.execute(PreCreateOutputParentsStep.java:50)
build	Build with Gradle	2026-06-06T12:25:04.3734031Z 	at org.gradle.internal.execution.steps.PreCreateOutputParentsStep.execute(PreCreateOutputParentsStep.java:28)
build	Build with Gradle	2026-06-06T12:25:04.3734407Z 	at org.gradle.internal.execution.steps.RemovePreviousOutputsStep.execute(RemovePreviousOutputsStep.java:67)
build	Build with Gradle	2026-06-06T12:25:04.3734809Z 	at org.gradle.internal.execution.steps.RemovePreviousOutputsStep.execute(RemovePreviousOutputsStep.java:37)
build	Build with Gradle	2026-06-06T12:25:04.3735207Z 	at org.gradle.internal.execution.steps.BroadcastChangingOutputsStep.execute(BroadcastChangingOutputsStep.java:61)
build	Build with Gradle	2026-06-06T12:25:04.3735629Z 	at org.gradle.internal.execution.steps.BroadcastChangingOutputsStep.execute(BroadcastChangingOutputsStep.java:26)
build	Build with Gradle	2026-06-06T12:25:04.3736079Z 	at org.gradle.internal.execution.steps.CaptureOutputsAfterExecutionStep.execute(CaptureOutputsAfterExecutionStep.java:69)
build	Build with Gradle	2026-06-06T12:25:04.3736513Z 	at org.gradle.internal.execution.steps.CaptureOutputsAfterExecutionStep.execute(CaptureOutputsAfterExecutionStep.java:46)
build	Build with Gradle	2026-06-06T12:25:04.3736869Z 	at org.gradle.internal.execution.steps.ResolveInputChangesStep.execute(ResolveInputChangesStep.java:40)
build	Build with Gradle	2026-06-06T12:25:04.3737223Z 	at org.gradle.internal.execution.steps.ResolveInputChangesStep.execute(ResolveInputChangesStep.java:29)
build	Build with Gradle	2026-06-06T12:25:04.3737846Z 	at org.gradle.internal.execution.steps.BuildCacheStep.executeWithoutCache(BuildCacheStep.java:189)
build	Build with Gradle	2026-06-06T12:25:04.3738213Z 	at org.gradle.internal.execution.steps.BuildCacheStep.executeAndStoreInCache(BuildCacheStep.java:145)
build	Build with Gradle	2026-06-06T12:25:04.3738552Z 	at org.gradle.internal.execution.steps.BuildCacheStep.lambda$executeWithCache$4(BuildCacheStep.java:101)
build	Build with Gradle	2026-06-06T12:25:04.3738896Z 	at org.gradle.internal.execution.steps.BuildCacheStep.lambda$executeWithCache$5(BuildCacheStep.java:101)
build	Build with Gradle	2026-06-06T12:25:04.3739074Z 	at org.gradle.internal.Try$Success.map(Try.java:175)
build	Build with Gradle	2026-06-06T12:25:04.3739403Z 	at org.gradle.internal.execution.steps.BuildCacheStep.executeWithCache(BuildCacheStep.java:85)
build	Build with Gradle	2026-06-06T12:25:04.3739727Z 	at org.gradle.internal.execution.steps.BuildCacheStep.lambda$execute$0(BuildCacheStep.java:74)
build	Build with Gradle	2026-06-06T12:25:04.3739908Z 	at org.gradle.internal.Either$Left.fold(Either.java:115)
build	Build with Gradle	2026-06-06T12:25:04.3740190Z 	at org.gradle.internal.execution.caching.CachingState.fold(CachingState.java:62)
build	Build with Gradle	2026-06-06T12:25:04.3740486Z 	at org.gradle.internal.execution.steps.BuildCacheStep.execute(BuildCacheStep.java:73)
build	Build with Gradle	2026-06-06T12:25:04.3740855Z 	at org.gradle.internal.execution.steps.BuildCacheStep.execute(BuildCacheStep.java:48)
build	Build with Gradle	2026-06-06T12:25:04.3741224Z 	at org.gradle.internal.execution.steps.StoreExecutionStateStep.execute(StoreExecutionStateStep.java:46)
build	Build with Gradle	2026-06-06T12:25:04.3741622Z 	at org.gradle.internal.execution.steps.StoreExecutionStateStep.execute(StoreExecutionStateStep.java:35)
build	Build with Gradle	2026-06-06T12:25:04.3741950Z 	at org.gradle.internal.execution.steps.SkipUpToDateStep.executeBecause(SkipUpToDateStep.java:75)
build	Build with Gradle	2026-06-06T12:25:04.3742273Z 	at org.gradle.internal.execution.steps.SkipUpToDateStep.lambda$execute$2(SkipUpToDateStep.java:53)
build	Build with Gradle	2026-06-06T12:25:04.3742584Z 	at org.gradle.internal.execution.steps.SkipUpToDateStep.execute(SkipUpToDateStep.java:53)
build	Build with Gradle	2026-06-06T12:25:04.3742885Z 	at org.gradle.internal.execution.steps.SkipUpToDateStep.execute(SkipUpToDateStep.java:35)
build	Build with Gradle	2026-06-06T12:25:04.3743432Z 	at org.gradle.internal.execution.steps.legacy.MarkSnapshottingInputsFinishedStep.execute(MarkSnapshottingInputsFinishedStep.java:37)
build	Build with Gradle	2026-06-06T12:25:04.3743922Z 	at org.gradle.internal.execution.steps.legacy.MarkSnapshottingInputsFinishedStep.execute(MarkSnapshottingInputsFinishedStep.java:27)
build	Build with Gradle	2026-06-06T12:25:04.3744434Z 	at org.gradle.internal.execution.steps.ResolveIncrementalCachingStateStep.executeDelegate(ResolveIncrementalCachingStateStep.java:49)
build	Build with Gradle	2026-06-06T12:25:04.3744963Z 	at org.gradle.internal.execution.steps.ResolveIncrementalCachingStateStep.executeDelegate(ResolveIncrementalCachingStateStep.java:27)
build	Build with Gradle	2026-06-06T12:25:04.3745427Z 	at org.gradle.internal.execution.steps.AbstractResolveCachingStateStep.execute(AbstractResolveCachingStateStep.java:71)
build	Build with Gradle	2026-06-06T12:25:04.3745847Z 	at org.gradle.internal.execution.steps.AbstractResolveCachingStateStep.execute(AbstractResolveCachingStateStep.java:39)
build	Build with Gradle	2026-06-06T12:25:04.3746160Z 	at org.gradle.internal.execution.steps.ResolveChangesStep.execute(ResolveChangesStep.java:65)
build	Build with Gradle	2026-06-06T12:25:04.3746512Z 	at org.gradle.internal.execution.steps.ResolveChangesStep.execute(ResolveChangesStep.java:36)
build	Build with Gradle	2026-06-06T12:25:04.3746789Z 	at org.gradle.internal.execution.steps.ValidateStep.execute(ValidateStep.java:107)
build	Build with Gradle	2026-06-06T12:25:04.3747060Z 	at org.gradle.internal.execution.steps.ValidateStep.execute(ValidateStep.java:56)
build	Build with Gradle	2026-06-06T12:25:04.3747636Z 	at org.gradle.internal.execution.steps.AbstractCaptureStateBeforeExecutionStep.execute(AbstractCaptureStateBeforeExecutionStep.java:64)
build	Build with Gradle	2026-06-06T12:25:04.3748283Z 	at org.gradle.internal.execution.steps.AbstractCaptureStateBeforeExecutionStep.execute(AbstractCaptureStateBeforeExecutionStep.java:43)
build	Build with Gradle	2026-06-06T12:25:04.3748874Z 	at org.gradle.internal.execution.steps.AbstractSkipEmptyWorkStep.executeWithNonEmptySources(AbstractSkipEmptyWorkStep.java:125)
build	Build with Gradle	2026-06-06T12:25:04.3749250Z 	at org.gradle.internal.execution.steps.AbstractSkipEmptyWorkStep.execute(AbstractSkipEmptyWorkStep.java:56)
build	Build with Gradle	2026-06-06T12:25:04.3749704Z 	at org.gradle.internal.execution.steps.AbstractSkipEmptyWorkStep.execute(AbstractSkipEmptyWorkStep.java:36)
build	Build with Gradle	2026-06-06T12:25:04.3750359Z 	at org.gradle.internal.execution.steps.legacy.MarkSnapshottingInputsStartedStep.execute(MarkSnapshottingInputsStartedStep.java:38)
build	Build with Gradle	2026-06-06T12:25:04.3750793Z 	at org.gradle.internal.execution.steps.LoadPreviousExecutionStateStep.execute(LoadPreviousExecutionStateStep.java:36)
build	Build with Gradle	2026-06-06T12:25:04.3751205Z 	at org.gradle.internal.execution.steps.LoadPreviousExecutionStateStep.execute(LoadPreviousExecutionStateStep.java:23)
build	Build with Gradle	2026-06-06T12:25:04.3751548Z 	at org.gradle.internal.execution.steps.HandleStaleOutputsStep.execute(HandleStaleOutputsStep.java:75)
build	Build with Gradle	2026-06-06T12:25:04.3751893Z 	at org.gradle.internal.execution.steps.HandleStaleOutputsStep.execute(HandleStaleOutputsStep.java:41)
build	Build with Gradle	2026-06-06T12:25:04.3752320Z 	at org.gradle.internal.execution.steps.AssignMutableWorkspaceStep.lambda$execute$0(AssignMutableWorkspaceStep.java:35)
build	Build with Gradle	2026-06-06T12:25:04.3752633Z 	at org.gradle.api.internal.tasks.execution.TaskExecution$4.withWorkspace(TaskExecution.java:289)
build	Build with Gradle	2026-06-06T12:25:04.3753018Z 	at org.gradle.internal.execution.steps.AssignMutableWorkspaceStep.execute(AssignMutableWorkspaceStep.java:31)
build	Build with Gradle	2026-06-06T12:25:04.3753396Z 	at org.gradle.internal.execution.steps.AssignMutableWorkspaceStep.execute(AssignMutableWorkspaceStep.java:22)
build	Build with Gradle	2026-06-06T12:25:04.3753718Z 	at org.gradle.internal.execution.steps.ChoosePipelineStep.execute(ChoosePipelineStep.java:40)
build	Build with Gradle	2026-06-06T12:25:04.3754034Z 	at org.gradle.internal.execution.steps.ChoosePipelineStep.execute(ChoosePipelineStep.java:23)
build	Build with Gradle	2026-06-06T12:25:04.3754522Z 	at org.gradle.internal.execution.steps.ExecuteWorkBuildOperationFiringStep.lambda$execute$2(ExecuteWorkBuildOperationFiringStep.java:67)
build	Build with Gradle	2026-06-06T12:25:04.3754986Z 	at org.gradle.internal.execution.steps.ExecuteWorkBuildOperationFiringStep.execute(ExecuteWorkBuildOperationFiringStep.java:67)
build	Build with Gradle	2026-06-06T12:25:04.3755520Z 	at org.gradle.internal.execution.steps.ExecuteWorkBuildOperationFiringStep.execute(ExecuteWorkBuildOperationFiringStep.java:39)
build	Build with Gradle	2026-06-06T12:25:04.3755834Z 	at org.gradle.internal.execution.steps.IdentityCacheStep.execute(IdentityCacheStep.java:46)
build	Build with Gradle	2026-06-06T12:25:04.3756136Z 	at org.gradle.internal.execution.steps.IdentityCacheStep.execute(IdentityCacheStep.java:34)
build	Build with Gradle	2026-06-06T12:25:04.3756408Z 	at org.gradle.internal.execution.steps.IdentifyStep.execute(IdentifyStep.java:48)
build	Build with Gradle	2026-06-06T12:25:04.3756709Z 	at org.gradle.internal.execution.steps.IdentifyStep.execute(IdentifyStep.java:35)
build	Build with Gradle	2026-06-06T12:25:04.3757094Z 	at org.gradle.internal.execution.impl.DefaultExecutionEngine$1.execute(DefaultExecutionEngine.java:64)
build	Build with Gradle	2026-06-06T12:25:04.3757717Z 	at org.gradle.api.internal.tasks.execution.ExecuteActionsTaskExecuter.executeIfValid(ExecuteActionsTaskExecuter.java:127)
build	Build with Gradle	2026-06-06T12:25:04.3758127Z 	at org.gradle.api.internal.tasks.execution.ExecuteActionsTaskExecuter.execute(ExecuteActionsTaskExecuter.java:116)
build	Build with Gradle	2026-06-06T12:25:04.3758630Z 	at org.gradle.api.internal.tasks.execution.ProblemsTaskPathTrackingTaskExecuter.execute(ProblemsTaskPathTrackingTaskExecuter.java:41)
build	Build with Gradle	2026-06-06T12:25:04.3759107Z 	at org.gradle.api.internal.tasks.execution.FinalizePropertiesTaskExecuter.execute(FinalizePropertiesTaskExecuter.java:46)
build	Build with Gradle	2026-06-06T12:25:04.3759572Z 	at org.gradle.api.internal.tasks.execution.ResolveTaskExecutionModeExecuter.execute(ResolveTaskExecutionModeExecuter.java:51)
build	Build with Gradle	2026-06-06T12:25:04.3760006Z 	at org.gradle.api.internal.tasks.execution.SkipTaskWithNoActionsExecuter.execute(SkipTaskWithNoActionsExecuter.java:57)
build	Build with Gradle	2026-06-06T12:25:04.3760376Z 	at org.gradle.api.internal.tasks.execution.SkipOnlyIfTaskExecuter.execute(SkipOnlyIfTaskExecuter.java:74)
build	Build with Gradle	2026-06-06T12:25:04.3760779Z 	at org.gradle.api.internal.tasks.execution.CatchExceptionTaskExecuter.execute(CatchExceptionTaskExecuter.java:36)
build	Build with Gradle	2026-06-06T12:25:04.3761163Z 	at org.gradle.api.internal.tasks.execution.EventFiringTaskExecuter$1.executeTask(EventFiringTaskExecuter.java:77)
build	Build with Gradle	2026-06-06T12:25:04.3761520Z 	at org.gradle.api.internal.tasks.execution.EventFiringTaskExecuter$1.call(EventFiringTaskExecuter.java:55)
build	Build with Gradle	2026-06-06T12:25:04.3761872Z 	at org.gradle.api.internal.tasks.execution.EventFiringTaskExecuter$1.call(EventFiringTaskExecuter.java:52)
build	Build with Gradle	2026-06-06T12:25:04.3762335Z 	at org.gradle.internal.operations.DefaultBuildOperationRunner$CallableBuildOperationWorker.execute(DefaultBuildOperationRunner.java:210)
build	Build with Gradle	2026-06-06T12:25:04.3762803Z 	at org.gradle.internal.operations.DefaultBuildOperationRunner$CallableBuildOperationWorker.execute(DefaultBuildOperationRunner.java:205)
build	Build with Gradle	2026-06-06T12:25:04.3763181Z 	at org.gradle.internal.operations.DefaultBuildOperationRunner$2.execute(DefaultBuildOperationRunner.java:67)
build	Build with Gradle	2026-06-06T12:25:04.3763546Z 	at org.gradle.internal.operations.DefaultBuildOperationRunner$2.execute(DefaultBuildOperationRunner.java:60)
build	Build with Gradle	2026-06-06T12:25:04.3763909Z 	at org.gradle.internal.operations.DefaultBuildOperationRunner.execute(DefaultBuildOperationRunner.java:167)
build	Build with Gradle	2026-06-06T12:25:04.3764273Z 	at org.gradle.internal.operations.DefaultBuildOperationRunner.execute(DefaultBuildOperationRunner.java:60)
build	Build with Gradle	2026-06-06T12:25:04.3764637Z 	at org.gradle.internal.operations.DefaultBuildOperationRunner.call(DefaultBuildOperationRunner.java:54)
build	Build with Gradle	2026-06-06T12:25:04.3765003Z 	at org.gradle.api.internal.tasks.execution.EventFiringTaskExecuter.execute(EventFiringTaskExecuter.java:52)
build	Build with Gradle	2026-06-06T12:25:04.3765299Z 	at org.gradle.execution.plan.LocalTaskNodeExecutor.execute(LocalTaskNodeExecutor.java:42)
build	Build with Gradle	2026-06-06T12:25:04.3765735Z 	at org.gradle.execution.taskgraph.DefaultTaskExecutionGraph$InvokeNodeExecutorsAction.execute(DefaultTaskExecutionGraph.java:331)
build	Build with Gradle	2026-06-06T12:25:04.3766173Z 	at org.gradle.execution.taskgraph.DefaultTaskExecutionGraph$InvokeNodeExecutorsAction.execute(DefaultTaskExecutionGraph.java:318)
build	Build with Gradle	2026-06-06T12:25:04.3766684Z 	at org.gradle.execution.taskgraph.DefaultTaskExecutionGraph$BuildOperationAwareExecutionAction.lambda$execute$0(DefaultTaskExecutionGraph.java:314)
build	Build with Gradle	2026-06-06T12:25:04.3767068Z 	at org.gradle.internal.operations.CurrentBuildOperationRef.with(CurrentBuildOperationRef.java:85)
build	Build with Gradle	2026-06-06T12:25:04.3767730Z 	at org.gradle.execution.taskgraph.DefaultTaskExecutionGraph$BuildOperationAwareExecutionAction.execute(DefaultTaskExecutionGraph.java:314)
build	Build with Gradle	2026-06-06T12:25:04.3768481Z 	at org.gradle.execution.taskgraph.DefaultTaskExecutionGraph$BuildOperationAwareExecutionAction.execute(DefaultTaskExecutionGraph.java:303)
build	Build with Gradle	2026-06-06T12:25:04.3769181Z 	at org.gradle.execution.plan.DefaultPlanExecutor$ExecutorWorker.execute(DefaultPlanExecutor.java:459)
build	Build with Gradle	2026-06-06T12:25:04.3769777Z 	at org.gradle.execution.plan.DefaultPlanExecutor$ExecutorWorker.run(DefaultPlanExecutor.java:376)
build	Build with Gradle	2026-06-06T12:25:04.3770346Z 	at org.gradle.internal.concurrent.ExecutorPolicy$CatchAndRecordFailures.onExecute(ExecutorPolicy.java:64)
build	Build with Gradle	2026-06-06T12:25:04.3770888Z 	at org.gradle.internal.concurrent.AbstractManagedExecutor$1.run(AbstractManagedExecutor.java:48)
build	Build with Gradle	2026-06-06T12:25:04.3772577Z Caused by: com.android.aaptcompiler.ResourceCompilationException: Resource compilation failed (Failed to compile resource file: /home/runner/work/ShizukuPlus/ShizukuPlus/manager/src/main/res/xml/settings_root_integration.xml: . Cause: javax.xml.stream.XMLStreamException: ParseError at [row,col]:[123,33]
build	Build with Gradle	2026-06-06T12:25:04.3773055Z Message: The entity name must immediately follow the '&' in the entity reference.). Check logs for more details.
build	Build with Gradle	2026-06-06T12:25:04.3773354Z 	at com.android.aaptcompiler.ResourceCompiler.compileResource(ResourceCompiler.kt:129)
build	Build with Gradle	2026-06-06T12:25:04.3773800Z 	at com.android.build.gradle.internal.res.ResourceCompilerRunnable$Companion.compileSingleResource(ResourceCompilerRunnable.kt:34)
build	Build with Gradle	2026-06-06T12:25:04.3774139Z 	at com.android.build.gradle.internal.res.ResourceCompilerRunnable.run(ResourceCompilerRunnable.kt:15)
build	Build with Gradle	2026-06-06T12:25:04.3774513Z 	at com.android.build.gradle.internal.profile.ProfileAwareWorkAction.execute(ProfileAwareWorkAction.kt:74)
build	Build with Gradle	2026-06-06T12:25:04.3774809Z 	at org.gradle.workers.internal.DefaultWorkerServer.execute(DefaultWorkerServer.java:63)
build	Build with Gradle	2026-06-06T12:25:04.3775146Z 	at org.gradle.workers.internal.NoIsolationWorkerFactory$1$1.create(NoIsolationWorkerFactory.java:66)
build	Build with Gradle	2026-06-06T12:25:04.3775469Z 	at org.gradle.workers.internal.NoIsolationWorkerFactory$1$1.create(NoIsolationWorkerFactory.java:62)
build	Build with Gradle	2026-06-06T12:25:04.3775866Z 	at org.gradle.internal.classloader.ClassLoaderUtils.executeInClassloader(ClassLoaderUtils.java:100)
build	Build with Gradle	2026-06-06T12:25:04.3776378Z 	at org.gradle.workers.internal.NoIsolationWorkerFactory$1.lambda$execute$0(NoIsolationWorkerFactory.java:62)
build	Build with Gradle	2026-06-06T12:25:04.3776629Z 	at org.gradle.workers.internal.AbstractWorker$1.call(AbstractWorker.java:44)
build	Build with Gradle	2026-06-06T12:25:04.3776873Z 	at org.gradle.workers.internal.AbstractWorker$1.call(AbstractWorker.java:41)
build	Build with Gradle	2026-06-06T12:25:04.3777455Z 	at org.gradle.internal.operations.DefaultBuildOperationRunner$CallableBuildOperationWorker.execute(DefaultBuildOperationRunner.java:210)
build	Build with Gradle	2026-06-06T12:25:04.3777938Z 	at org.gradle.internal.operations.DefaultBuildOperationRunner$CallableBuildOperationWorker.execute(DefaultBuildOperationRunner.java:205)
build	Build with Gradle	2026-06-06T12:25:04.3778306Z 	at org.gradle.internal.operations.DefaultBuildOperationRunner$2.execute(DefaultBuildOperationRunner.java:67)
build	Build with Gradle	2026-06-06T12:25:04.3778692Z 	at org.gradle.internal.operations.DefaultBuildOperationRunner$2.execute(DefaultBuildOperationRunner.java:60)
build	Build with Gradle	2026-06-06T12:25:04.3779070Z 	at org.gradle.internal.operations.DefaultBuildOperationRunner.execute(DefaultBuildOperationRunner.java:167)
build	Build with Gradle	2026-06-06T12:25:04.3779450Z 	at org.gradle.internal.operations.DefaultBuildOperationRunner.execute(DefaultBuildOperationRunner.java:60)
build	Build with Gradle	2026-06-06T12:25:04.3779831Z 	at org.gradle.internal.operations.DefaultBuildOperationRunner.call(DefaultBuildOperationRunner.java:54)
build	Build with Gradle	2026-06-06T12:25:04.3780181Z 	at org.gradle.workers.internal.AbstractWorker.executeWrappedInBuildOperation(AbstractWorker.java:41)
build	Build with Gradle	2026-06-06T12:25:04.3780516Z 	at org.gradle.workers.internal.NoIsolationWorkerFactory$1.execute(NoIsolationWorkerFactory.java:59)
build	Build with Gradle	2026-06-06T12:25:04.3780948Z 	at org.gradle.workers.internal.DefaultWorkerExecutor.lambda$submitWork$0(DefaultWorkerExecutor.java:174)
build	Build with Gradle	2026-06-06T12:25:04.3781561Z 	at org.gradle.internal.work.DefaultConditionalExecutionQueue$ExecutionRunner.runExecution(DefaultConditionalExecutionQueue.java:194)
build	Build with Gradle	2026-06-06T12:25:04.3782007Z 	at org.gradle.internal.work.DefaultConditionalExecutionQueue$ExecutionRunner.access$700(DefaultConditionalExecutionQueue.java:127)
build	Build with Gradle	2026-06-06T12:25:04.3782476Z 	at org.gradle.internal.work.DefaultConditionalExecutionQueue$ExecutionRunner$1.run(DefaultConditionalExecutionQueue.java:169)
build	Build with Gradle	2026-06-06T12:25:04.3782700Z 	at org.gradle.internal.Factories$1.create(Factories.java:31)
build	Build with Gradle	2026-06-06T12:25:04.3783035Z 	at org.gradle.internal.work.DefaultWorkerLeaseService.withLocks(DefaultWorkerLeaseService.java:263)
build	Build with Gradle	2026-06-06T12:25:04.3783528Z 	at org.gradle.internal.work.DefaultWorkerLeaseService.runAsWorkerThread(DefaultWorkerLeaseService.java:127)
build	Build with Gradle	2026-06-06T12:25:04.3784037Z 	at org.gradle.internal.work.DefaultWorkerLeaseService.runAsWorkerThread(DefaultWorkerLeaseService.java:132)
build	Build with Gradle	2026-06-06T12:25:04.3784470Z 	at org.gradle.internal.work.DefaultConditionalExecutionQueue$ExecutionRunner.runBatch(DefaultConditionalExecutionQueue.java:164)
build	Build with Gradle	2026-06-06T12:25:04.3784889Z 	at org.gradle.internal.work.DefaultConditionalExecutionQueue$ExecutionRunner.run(DefaultConditionalExecutionQueue.java:133)
build	Build with Gradle	2026-06-06T12:25:04.3784995Z 	... 2 more
build	Build with Gradle	2026-06-06T12:25:04.3785642Z Caused by: com.android.aaptcompiler.ResourceCompilationException: Failed to compile resource file: /home/runner/work/ShizukuPlus/ShizukuPlus/manager/src/main/res/xml/settings_root_integration.xml: 
build	Build with Gradle	2026-06-06T12:25:04.3785918Z 	at com.android.aaptcompiler.ResourceCompiler.compileXml(ResourceCompiler.kt:328)
build	Build with Gradle	2026-06-06T12:25:04.3786196Z 	at com.android.aaptcompiler.ResourceCompiler.access$compileXml(ResourceCompiler.kt:1)
build	Build with Gradle	2026-06-06T12:25:04.3786501Z 	at com.android.aaptcompiler.ResourceCompiler$getCompileMethod$2.invoke(ResourceCompiler.kt:149)
build	Build with Gradle	2026-06-06T12:25:04.3786804Z 	at com.android.aaptcompiler.ResourceCompiler$getCompileMethod$2.invoke(ResourceCompiler.kt:149)
build	Build with Gradle	2026-06-06T12:25:04.3787096Z 	at com.android.aaptcompiler.ResourceCompiler.compileResource(ResourceCompiler.kt:123)
build	Build with Gradle	2026-06-06T12:25:04.3787200Z 	... 31 more
build	Build with Gradle	2026-06-06T12:25:04.3787588Z Caused by: javax.xml.stream.XMLStreamException: ParseError at [row,col]:[123,33]
build	Build with Gradle	2026-06-06T12:25:04.3787832Z Message: The entity name must immediately follow the '&' in the entity reference.
build	Build with Gradle	2026-06-06T12:25:04.3788196Z 	at java.xml/com.sun.org.apache.xerces.internal.impl.XMLStreamReaderImpl.next(XMLStreamReaderImpl.java:652)
build	Build with Gradle	2026-06-06T12:25:04.3788517Z 	at java.xml/com.sun.xml.internal.stream.XMLEventReaderImpl.nextEvent(XMLEventReaderImpl.java:83)
build	Build with Gradle	2026-06-06T12:25:04.3788775Z 	at com.android.aaptcompiler.XmlProcessor.processElement(XmlProcessor.kt:269)
build	Build with Gradle	2026-06-06T12:25:04.3789055Z 	at com.android.aaptcompiler.XmlProcessor.processElement$default(XmlProcessor.kt:185)
build	Build with Gradle	2026-06-06T12:25:04.3789295Z 	at com.android.aaptcompiler.XmlProcessor.process(XmlProcessor.kt:127)
build	Build with Gradle	2026-06-06T12:25:04.3789558Z 	at com.android.aaptcompiler.ResourceCompiler.compileXml(ResourceCompiler.kt:326)
build	Build with Gradle	2026-06-06T12:25:04.3789674Z 	... 35 more
build	Build with Gradle	2026-06-06T12:25:04.3790289Z Cause 2: org.gradle.workers.internal.DefaultWorkerExecutor$WorkExecutionException: A failure occurred while executing com.android.build.gradle.internal.res.ResourceCompilerRunnable
build	Build with Gradle	2026-06-06T12:25:04.3790706Z 	at org.gradle.workers.internal.DefaultWorkerExecutor$WorkItemExecution.waitForCompletion(DefaultWorkerExecutor.java:287)
build	Build with Gradle	2026-06-06T12:25:04.3791127Z 	at org.gradle.internal.work.DefaultAsyncWorkTracker.lambda$waitForItemsAndGatherFailures$2(DefaultAsyncWorkTracker.java:130)
build	Build with Gradle	2026-06-06T12:25:04.3791329Z 	at org.gradle.internal.Factories$1.create(Factories.java:31)
build	Build with Gradle	2026-06-06T12:25:04.3791683Z 	at org.gradle.internal.work.DefaultWorkerLeaseService.withoutLocks(DefaultWorkerLeaseService.java:335)
build	Build with Gradle	2026-06-06T12:25:04.3792097Z 	at org.gradle.internal.work.DefaultWorkerLeaseService.withoutLocks(DefaultWorkerLeaseService.java:318)
build	Build with Gradle	2026-06-06T12:25:04.3792442Z 	at org.gradle.internal.work.DefaultWorkerLeaseService.withoutLock(DefaultWorkerLeaseService.java:323)
build	Build with Gradle	2026-06-06T12:25:04.3792860Z 	at org.gradle.internal.work.DefaultAsyncWorkTracker.waitForItemsAndGatherFailures(DefaultAsyncWorkTracker.java:126)
build	Build with Gradle	2026-06-06T12:25:04.3793311Z 	at org.gradle.internal.work.DefaultAsyncWorkTracker.waitForItemsAndGatherFailures(DefaultAsyncWorkTracker.java:92)
build	Build with Gradle	2026-06-06T12:25:04.3793665Z 	at org.gradle.internal.work.DefaultAsyncWorkTracker.waitForAll(DefaultAsyncWorkTracker.java:78)
build	Build with Gradle	2026-06-06T12:25:04.3794016Z 	at org.gradle.internal.work.DefaultAsyncWorkTracker.waitForCompletion(DefaultAsyncWorkTracker.java:66)
build	Build with Gradle	2026-06-06T12:25:04.3794292Z 	at org.gradle.api.internal.tasks.execution.TaskExecution$3.run(TaskExecution.java:252)
build	Build with Gradle	2026-06-06T12:25:04.3794661Z 	at org.gradle.internal.operations.DefaultBuildOperationRunner$1.execute(DefaultBuildOperationRunner.java:30)
build	Build with Gradle	2026-06-06T12:25:04.3795072Z 	at org.gradle.internal.operations.DefaultBuildOperationRunner$1.execute(DefaultBuildOperationRunner.java:27)
build	Build with Gradle	2026-06-06T12:25:04.3795437Z 	at org.gradle.internal.operations.DefaultBuildOperationRunner$2.execute(DefaultBuildOperationRunner.java:67)
build	Build with Gradle	2026-06-06T12:25:04.3795804Z 	at org.gradle.internal.operations.DefaultBuildOperationRunner$2.execute(DefaultBuildOperationRunner.java:60)
build	Build with Gradle	2026-06-06T12:25:04.3796179Z 	at org.gradle.internal.operations.DefaultBuildOperationRunner.execute(DefaultBuildOperationRunner.java:167)
build	Build with Gradle	2026-06-06T12:25:04.3796554Z 	at org.gradle.internal.operations.DefaultBuildOperationRunner.execute(DefaultBuildOperationRunner.java:60)
build	Build with Gradle	2026-06-06T12:25:04.3796908Z 	at org.gradle.internal.operations.DefaultBuildOperationRunner.run(DefaultBuildOperationRunner.java:48)
build	Build with Gradle	2026-06-06T12:25:04.3797231Z 	at org.gradle.api.internal.tasks.execution.TaskExecution.executeAction(TaskExecution.java:229)
build	Build with Gradle	2026-06-06T12:25:04.3797669Z 	at org.gradle.api.internal.tasks.execution.TaskExecution.executeActions(TaskExecution.java:212)
build	Build with Gradle	2026-06-06T12:25:04.3798078Z 	at org.gradle.api.internal.tasks.execution.TaskExecution.executeWithPreviousOutputFiles(TaskExecution.java:195)
build	Build with Gradle	2026-06-06T12:25:04.3798381Z 	at org.gradle.api.internal.tasks.execution.TaskExecution.execute(TaskExecution.java:162)
build	Build with Gradle	2026-06-06T12:25:04.3798684Z 	at org.gradle.internal.execution.steps.ExecuteStep.executeInternal(ExecuteStep.java:105)
build	Build with Gradle	2026-06-06T12:25:04.3798964Z 	at org.gradle.internal.execution.steps.ExecuteStep.access$000(ExecuteStep.java:44)
build	Build with Gradle	2026-06-06T12:25:04.3799299Z 	at org.gradle.internal.execution.steps.ExecuteStep$1.call(ExecuteStep.java:59)
build	Build with Gradle	2026-06-06T12:25:04.3799610Z 	at org.gradle.internal.execution.steps.ExecuteStep$1.call(ExecuteStep.java:56)
build	Build with Gradle	2026-06-06T12:25:04.3800088Z 	at org.gradle.internal.operations.DefaultBuildOperationRunner$CallableBuildOperationWorker.execute(DefaultBuildOperationRunner.java:210)
build	Build with Gradle	2026-06-06T12:25:04.3800562Z 	at org.gradle.internal.operations.DefaultBuildOperationRunner$CallableBuildOperationWorker.execute(DefaultBuildOperationRunner.java:205)
build	Build with Gradle	2026-06-06T12:25:04.3800927Z 	at org.gradle.internal.operations.DefaultBuildOperationRunner$2.execute(DefaultBuildOperationRunner.java:67)
build	Build with Gradle	2026-06-06T12:25:04.3801285Z 	at org.gradle.internal.operations.DefaultBuildOperationRunner$2.execute(DefaultBuildOperationRunner.java:60)
build	Build with Gradle	2026-06-06T12:25:04.3801665Z 	at org.gradle.internal.operations.DefaultBuildOperationRunner.execute(DefaultBuildOperationRunner.java:167)
build	Build with Gradle	2026-06-06T12:25:04.3802031Z 	at org.gradle.internal.operations.DefaultBuildOperationRunner.execute(DefaultBuildOperationRunner.java:60)
build	Build with Gradle	2026-06-06T12:25:04.3802389Z 	at org.gradle.internal.operations.DefaultBuildOperationRunner.call(DefaultBuildOperationRunner.java:54)
build	Build with Gradle	2026-06-06T12:25:04.3802655Z 	at org.gradle.internal.execution.steps.ExecuteStep.execute(ExecuteStep.java:56)
build	Build with Gradle	2026-06-06T12:25:04.3802917Z 	at org.gradle.internal.execution.steps.ExecuteStep.execute(ExecuteStep.java:44)
build	Build with Gradle	2026-06-06T12:25:04.3803295Z 	at org.gradle.internal.execution.steps.CancelExecutionStep.execute(CancelExecutionStep.java:42)
build	Build with Gradle	2026-06-06T12:25:04.3803613Z 	at org.gradle.internal.execution.steps.TimeoutStep.executeWithoutTimeout(TimeoutStep.java:75)
build	Build with Gradle	2026-06-06T12:25:04.3803864Z 	at org.gradle.internal.execution.steps.TimeoutStep.execute(TimeoutStep.java:55)
build	Build with Gradle	2026-06-06T12:25:04.3804244Z 	at org.gradle.internal.execution.steps.PreCreateOutputParentsStep.execute(PreCreateOutputParentsStep.java:50)
build	Build with Gradle	2026-06-06T12:25:04.3804663Z 	at org.gradle.internal.execution.steps.PreCreateOutputParentsStep.execute(PreCreateOutputParentsStep.java:28)
build	Build with Gradle	2026-06-06T12:25:04.3805105Z 	at org.gradle.internal.execution.steps.RemovePreviousOutputsStep.execute(RemovePreviousOutputsStep.java:67)
build	Build with Gradle	2026-06-06T12:25:04.3805475Z 	at org.gradle.internal.execution.steps.RemovePreviousOutputsStep.execute(RemovePreviousOutputsStep.java:37)
build	Build with Gradle	2026-06-06T12:25:04.3805875Z 	at org.gradle.internal.execution.steps.BroadcastChangingOutputsStep.execute(BroadcastChangingOutputsStep.java:61)
build	Build with Gradle	2026-06-06T12:25:04.3806306Z 	at org.gradle.internal.execution.steps.BroadcastChangingOutputsStep.execute(BroadcastChangingOutputsStep.java:26)
build	Build with Gradle	2026-06-06T12:25:04.3806751Z 	at org.gradle.internal.execution.steps.CaptureOutputsAfterExecutionStep.execute(CaptureOutputsAfterExecutionStep.java:69)
build	Build with Gradle	2026-06-06T12:25:04.3807186Z 	at org.gradle.internal.execution.steps.CaptureOutputsAfterExecutionStep.execute(CaptureOutputsAfterExecutionStep.java:46)
build	Build with Gradle	2026-06-06T12:25:04.3807637Z 	at org.gradle.internal.execution.steps.ResolveInputChangesStep.execute(ResolveInputChangesStep.java:40)
build	Build with Gradle	2026-06-06T12:25:04.3807986Z 	at org.gradle.internal.execution.steps.ResolveInputChangesStep.execute(ResolveInputChangesStep.java:29)
build	Build with Gradle	2026-06-06T12:25:04.3808320Z 	at org.gradle.internal.execution.steps.BuildCacheStep.executeWithoutCache(BuildCacheStep.java:189)
build	Build with Gradle	2026-06-06T12:25:04.3808674Z 	at org.gradle.internal.execution.steps.BuildCacheStep.executeAndStoreInCache(BuildCacheStep.java:145)
build	Build with Gradle	2026-06-06T12:25:04.3809015Z 	at org.gradle.internal.execution.steps.BuildCacheStep.lambda$executeWithCache$4(BuildCacheStep.java:101)
build	Build with Gradle	2026-06-06T12:25:04.3809211Z 	at java.base/java.util.Optional.orElseGet(Optional.java:364)
build	Build with Gradle	2026-06-06T12:25:04.3809550Z 	at org.gradle.internal.execution.steps.BuildCacheStep.lambda$executeWithCache$5(BuildCacheStep.java:101)
build	Build with Gradle	2026-06-06T12:25:04.3809723Z 	at org.gradle.internal.Try$Success.map(Try.java:175)
build	Build with Gradle	2026-06-06T12:25:04.3810048Z 	at org.gradle.internal.execution.steps.BuildCacheStep.executeWithCache(BuildCacheStep.java:85)
build	Build with Gradle	2026-06-06T12:25:04.3810359Z 	at org.gradle.internal.execution.steps.BuildCacheStep.lambda$execute$0(BuildCacheStep.java:74)
build	Build with Gradle	2026-06-06T12:25:04.3810602Z 	at org.gradle.internal.Either$Left.fold(Either.java:115)
build	Build with Gradle	2026-06-06T12:25:04.3815313Z 	at org.gradle.internal.execution.caching.CachingState.fold(CachingState.java:62)
build	Build with Gradle	2026-06-06T12:25:04.3815932Z 	at org.gradle.internal.execution.steps.BuildCacheStep.execute(BuildCacheStep.java:73)
build	Build with Gradle	2026-06-06T12:25:04.3816403Z 	at org.gradle.internal.execution.steps.BuildCacheStep.execute(BuildCacheStep.java:48)
build	Build with Gradle	2026-06-06T12:25:04.3817068Z 	at org.gradle.internal.execution.steps.StoreExecutionStateStep.execute(StoreExecutionStateStep.java:46)
build	Build with Gradle	2026-06-06T12:25:04.3817794Z 	at org.gradle.internal.execution.steps.StoreExecutionStateStep.execute(StoreExecutionStateStep.java:35)
build	Build with Gradle	2026-06-06T12:25:04.3818338Z 	at org.gradle.internal.execution.steps.SkipUpToDateStep.executeBecause(SkipUpToDateStep.java:75)
build	Build with Gradle	2026-06-06T12:25:04.3818849Z 	at org.gradle.internal.execution.steps.SkipUpToDateStep.lambda$execute$2(SkipUpToDateStep.java:53)
build	Build with Gradle	2026-06-06T12:25:04.3819158Z 	at java.base/java.util.Optional.orElseGet(Optional.java:364)
build	Build with Gradle	2026-06-06T12:25:04.3819563Z 	at org.gradle.internal.execution.steps.SkipUpToDateStep.execute(SkipUpToDateStep.java:53)
build	Build with Gradle	2026-06-06T12:25:04.3820100Z 	at org.gradle.internal.execution.steps.SkipUpToDateStep.execute(SkipUpToDateStep.java:35)
build	Build with Gradle	2026-06-06T12:25:04.3820995Z 	at org.gradle.internal.execution.steps.legacy.MarkSnapshottingInputsFinishedStep.execute(MarkSnapshottingInputsFinishedStep.java:37)
build	Build with Gradle	2026-06-06T12:25:04.3821674Z 	at org.gradle.internal.execution.steps.legacy.MarkSnapshottingInputsFinishedStep.execute(MarkSnapshottingInputsFinishedStep.java:27)
build	Build with Gradle	2026-06-06T12:25:04.3822169Z 	at org.gradle.internal.execution.steps.ResolveIncrementalCachingStateStep.executeDelegate(ResolveIncrementalCachingStateStep.java:49)
build	Build with Gradle	2026-06-06T12:25:04.3822782Z 	at org.gradle.internal.execution.steps.ResolveIncrementalCachingStateStep.executeDelegate(ResolveIncrementalCachingStateStep.java:27)
build	Build with Gradle	2026-06-06T12:25:04.3823341Z 	at org.gradle.internal.execution.steps.AbstractResolveCachingStateStep.execute(AbstractResolveCachingStateStep.java:71)
build	Build with Gradle	2026-06-06T12:25:04.3823777Z 	at org.gradle.internal.execution.steps.AbstractResolveCachingStateStep.execute(AbstractResolveCachingStateStep.java:39)
build	Build with Gradle	2026-06-06T12:25:04.3824093Z 	at org.gradle.internal.execution.steps.ResolveChangesStep.execute(ResolveChangesStep.java:65)
build	Build with Gradle	2026-06-06T12:25:04.3824407Z 	at org.gradle.internal.execution.steps.ResolveChangesStep.execute(ResolveChangesStep.java:36)
build	Build with Gradle	2026-06-06T12:25:04.3824728Z 	at org.gradle.internal.execution.steps.ValidateStep.execute(ValidateStep.java:107)
build	Build with Gradle	2026-06-06T12:25:04.3824998Z 	at org.gradle.internal.execution.steps.ValidateStep.execute(ValidateStep.java:56)
build	Build with Gradle	2026-06-06T12:25:04.3825501Z 	at org.gradle.internal.execution.steps.AbstractCaptureStateBeforeExecutionStep.execute(AbstractCaptureStateBeforeExecutionStep.java:64)
build	Build with Gradle	2026-06-06T12:25:04.3825998Z 	at org.gradle.internal.execution.steps.AbstractCaptureStateBeforeExecutionStep.execute(AbstractCaptureStateBeforeExecutionStep.java:43)
build	Build with Gradle	2026-06-06T12:25:04.3826469Z 	at org.gradle.internal.execution.steps.AbstractSkipEmptyWorkStep.executeWithNonEmptySources(AbstractSkipEmptyWorkStep.java:125)
build	Build with Gradle	2026-06-06T12:25:04.3826841Z 	at org.gradle.internal.execution.steps.AbstractSkipEmptyWorkStep.execute(AbstractSkipEmptyWorkStep.java:56)
build	Build with Gradle	2026-06-06T12:25:04.3827258Z 	at org.gradle.internal.execution.steps.AbstractSkipEmptyWorkStep.execute(AbstractSkipEmptyWorkStep.java:36)
build	Build with Gradle	2026-06-06T12:25:04.3827913Z 	at org.gradle.internal.execution.steps.legacy.MarkSnapshottingInputsStartedStep.execute(MarkSnapshottingInputsStartedStep.java:38)
build	Build with Gradle	2026-06-06T12:25:04.3828338Z 	at org.gradle.internal.execution.steps.LoadPreviousExecutionStateStep.execute(LoadPreviousExecutionStateStep.java:36)
build	Build with Gradle	2026-06-06T12:25:04.3828762Z 	at org.gradle.internal.execution.steps.LoadPreviousExecutionStateStep.execute(LoadPreviousExecutionStateStep.java:23)
build	Build with Gradle	2026-06-06T12:25:04.3829122Z 	at org.gradle.internal.execution.steps.HandleStaleOutputsStep.execute(HandleStaleOutputsStep.java:75)
build	Build with Gradle	2026-06-06T12:25:04.3829484Z 	at org.gradle.internal.execution.steps.HandleStaleOutputsStep.execute(HandleStaleOutputsStep.java:41)
build	Build with Gradle	2026-06-06T12:25:04.3829895Z 	at org.gradle.internal.execution.steps.AssignMutableWorkspaceStep.lambda$execute$0(AssignMutableWorkspaceStep.java:35)
build	Build with Gradle	2026-06-06T12:25:04.3830207Z 	at org.gradle.api.internal.tasks.execution.TaskExecution$4.withWorkspace(TaskExecution.java:289)
build	Build with Gradle	2026-06-06T12:25:04.3830594Z 	at org.gradle.internal.execution.steps.AssignMutableWorkspaceStep.execute(AssignMutableWorkspaceStep.java:31)
build	Build with Gradle	2026-06-06T12:25:04.3830986Z 	at org.gradle.internal.execution.steps.AssignMutableWorkspaceStep.execute(AssignMutableWorkspaceStep.java:22)
build	Build with Gradle	2026-06-06T12:25:04.3831302Z 	at org.gradle.internal.execution.steps.ChoosePipelineStep.execute(ChoosePipelineStep.java:40)
build	Build with Gradle	2026-06-06T12:25:04.3831616Z 	at org.gradle.internal.execution.steps.ChoosePipelineStep.execute(ChoosePipelineStep.java:23)
build	Build with Gradle	2026-06-06T12:25:04.3832111Z 	at org.gradle.internal.execution.steps.ExecuteWorkBuildOperationFiringStep.lambda$execute$2(ExecuteWorkBuildOperationFiringStep.java:67)
build	Build with Gradle	2026-06-06T12:25:04.3832306Z 	at java.base/java.util.Optional.orElseGet(Optional.java:364)
build	Build with Gradle	2026-06-06T12:25:04.3832773Z 	at org.gradle.internal.execution.steps.ExecuteWorkBuildOperationFiringStep.execute(ExecuteWorkBuildOperationFiringStep.java:67)
build	Build with Gradle	2026-06-06T12:25:04.3833352Z 	at org.gradle.internal.execution.steps.ExecuteWorkBuildOperationFiringStep.execute(ExecuteWorkBuildOperationFiringStep.java:39)
build	Build with Gradle	2026-06-06T12:25:04.3833664Z 	at org.gradle.internal.execution.steps.IdentityCacheStep.execute(IdentityCacheStep.java:46)
build	Build with Gradle	2026-06-06T12:25:04.3833963Z 	at org.gradle.internal.execution.steps.IdentityCacheStep.execute(IdentityCacheStep.java:34)
build	Build with Gradle	2026-06-06T12:25:04.3834232Z 	at org.gradle.internal.execution.steps.IdentifyStep.execute(IdentifyStep.java:48)
build	Build with Gradle	2026-06-06T12:25:04.3834544Z 	at org.gradle.internal.execution.steps.IdentifyStep.execute(IdentifyStep.java:35)
build	Build with Gradle	2026-06-06T12:25:04.3834910Z 	at org.gradle.internal.execution.impl.DefaultExecutionEngine$1.execute(DefaultExecutionEngine.java:64)
build	Build with Gradle	2026-06-06T12:25:04.3835374Z 	at org.gradle.api.internal.tasks.execution.ExecuteActionsTaskExecuter.executeIfValid(ExecuteActionsTaskExecuter.java:127)
build	Build with Gradle	2026-06-06T12:25:04.3835846Z 	at org.gradle.api.internal.tasks.execution.ExecuteActionsTaskExecuter.execute(ExecuteActionsTaskExecuter.java:116)
build	Build with Gradle	2026-06-06T12:25:04.3836346Z 	at org.gradle.api.internal.tasks.execution.ProblemsTaskPathTrackingTaskExecuter.execute(ProblemsTaskPathTrackingTaskExecuter.java:41)
build	Build with Gradle	2026-06-06T12:25:04.3836810Z 	at org.gradle.api.internal.tasks.execution.FinalizePropertiesTaskExecuter.execute(FinalizePropertiesTaskExecuter.java:46)
build	Build with Gradle	2026-06-06T12:25:04.3837339Z 	at org.gradle.api.internal.tasks.execution.ResolveTaskExecutionModeExecuter.execute(ResolveTaskExecutionModeExecuter.java:51)
build	Build with Gradle	2026-06-06T12:25:04.3837889Z 	at org.gradle.api.internal.tasks.execution.SkipTaskWithNoActionsExecuter.execute(SkipTaskWithNoActionsExecuter.java:57)
build	Build with Gradle	2026-06-06T12:25:04.3838250Z 	at org.gradle.api.internal.tasks.execution.SkipOnlyIfTaskExecuter.execute(SkipOnlyIfTaskExecuter.java:74)
build	Build with Gradle	2026-06-06T12:25:04.3838648Z 	at org.gradle.api.internal.tasks.execution.CatchExceptionTaskExecuter.execute(CatchExceptionTaskExecuter.java:36)
build	Build with Gradle	2026-06-06T12:25:04.3839021Z 	at org.gradle.api.internal.tasks.execution.EventFiringTaskExecuter$1.executeTask(EventFiringTaskExecuter.java:77)
build	Build with Gradle	2026-06-06T12:25:04.3839377Z 	at org.gradle.api.internal.tasks.execution.EventFiringTaskExecuter$1.call(EventFiringTaskExecuter.java:55)
build	Build with Gradle	2026-06-06T12:25:04.3839734Z 	at org.gradle.api.internal.tasks.execution.EventFiringTaskExecuter$1.call(EventFiringTaskExecuter.java:52)
build	Build with Gradle	2026-06-06T12:25:04.3840214Z 	at org.gradle.internal.operations.DefaultBuildOperationRunner$CallableBuildOperationWorker.execute(DefaultBuildOperationRunner.java:210)
build	Build with Gradle	2026-06-06T12:25:04.3840684Z 	at org.gradle.internal.operations.DefaultBuildOperationRunner$CallableBuildOperationWorker.execute(DefaultBuildOperationRunner.java:205)
build	Build with Gradle	2026-06-06T12:25:04.3841055Z 	at org.gradle.internal.operations.DefaultBuildOperationRunner$2.execute(DefaultBuildOperationRunner.java:67)
build	Build with Gradle	2026-06-06T12:25:04.3841418Z 	at org.gradle.internal.operations.DefaultBuildOperationRunner$2.execute(DefaultBuildOperationRunner.java:60)
build	Build with Gradle	2026-06-06T12:25:04.3841851Z 	at org.gradle.internal.operations.DefaultBuildOperationRunner.execute(DefaultBuildOperationRunner.java:167)
build	Build with Gradle	2026-06-06T12:25:04.3842230Z 	at org.gradle.internal.operations.DefaultBuildOperationRunner.execute(DefaultBuildOperationRunner.java:60)
build	Build with Gradle	2026-06-06T12:25:04.3842586Z 	at org.gradle.internal.operations.DefaultBuildOperationRunner.call(DefaultBuildOperationRunner.java:54)
build	Build with Gradle	2026-06-06T12:25:04.3842950Z 	at org.gradle.api.internal.tasks.execution.EventFiringTaskExecuter.execute(EventFiringTaskExecuter.java:52)
build	Build with Gradle	2026-06-06T12:25:04.3843255Z 	at org.gradle.execution.plan.LocalTaskNodeExecutor.execute(LocalTaskNodeExecutor.java:42)
build	Build with Gradle	2026-06-06T12:25:04.3843705Z 	at org.gradle.execution.taskgraph.DefaultTaskExecutionGraph$InvokeNodeExecutorsAction.execute(DefaultTaskExecutionGraph.java:331)
build	Build with Gradle	2026-06-06T12:25:04.3844149Z 	at org.gradle.execution.taskgraph.DefaultTaskExecutionGraph$InvokeNodeExecutorsAction.execute(DefaultTaskExecutionGraph.java:318)
build	Build with Gradle	2026-06-06T12:25:04.3844657Z 	at org.gradle.execution.taskgraph.DefaultTaskExecutionGraph$BuildOperationAwareExecutionAction.lambda$execute$0(DefaultTaskExecutionGraph.java:314)
build	Build with Gradle	2026-06-06T12:25:04.3845033Z 	at org.gradle.internal.operations.CurrentBuildOperationRef.with(CurrentBuildOperationRef.java:85)
build	Build with Gradle	2026-06-06T12:25:04.3845513Z 	at org.gradle.execution.taskgraph.DefaultTaskExecutionGraph$BuildOperationAwareExecutionAction.execute(DefaultTaskExecutionGraph.java:314)
build	Build with Gradle	2026-06-06T12:25:04.3845999Z 	at org.gradle.execution.taskgraph.DefaultTaskExecutionGraph$BuildOperationAwareExecutionAction.execute(DefaultTaskExecutionGraph.java:303)
build	Build with Gradle	2026-06-06T12:25:04.3846358Z 	at org.gradle.execution.plan.DefaultPlanExecutor$ExecutorWorker.execute(DefaultPlanExecutor.java:459)
build	Build with Gradle	2026-06-06T12:25:04.3846704Z 	at org.gradle.execution.plan.DefaultPlanExecutor$ExecutorWorker.run(DefaultPlanExecutor.java:376)
build	Build with Gradle	2026-06-06T12:25:04.3847049Z 	at org.gradle.internal.concurrent.ExecutorPolicy$CatchAndRecordFailures.onExecute(ExecutorPolicy.java:64)
build	Build with Gradle	2026-06-06T12:25:04.3847484Z 	at org.gradle.internal.concurrent.AbstractManagedExecutor$1.run(AbstractManagedExecutor.java:48)
build	Build with Gradle	2026-06-06T12:25:04.3847840Z 	at java.base/java.util.concurrent.ThreadPoolExecutor.runWorker(ThreadPoolExecutor.java:1144)
build	Build with Gradle	2026-06-06T12:25:04.3848170Z 	at java.base/java.util.concurrent.ThreadPoolExecutor$Worker.run(ThreadPoolExecutor.java:642)
build	Build with Gradle	2026-06-06T12:25:04.3848338Z 	at java.base/java.lang.Thread.run(Thread.java:1583)
build	Build with Gradle	2026-06-06T12:25:04.3849312Z Caused by: com.android.aaptcompiler.ResourceCompilationException: Resource compilation failed (Failed to compile resource file: /home/runner/work/ShizukuPlus/ShizukuPlus/manager/src/main/res/xml/settings_shizuku_plus.xml: . Cause: javax.xml.stream.XMLStreamException: ParseError at [row,col]:[252,39]
build	Build with Gradle	2026-06-06T12:25:04.3849654Z Message: The entity name must immediately follow the '&' in the entity reference.). Check logs for more details.
build	Build with Gradle	2026-06-06T12:25:04.3849954Z 	at com.android.aaptcompiler.ResourceCompiler.compileResource(ResourceCompiler.kt:129)
build	Build with Gradle	2026-06-06T12:25:04.3850538Z 	at com.android.build.gradle.internal.res.ResourceCompilerRunnable$Companion.compileSingleResource(ResourceCompilerRunnable.kt:34)
build	Build with Gradle	2026-06-06T12:25:04.3850891Z 	at com.android.build.gradle.internal.res.ResourceCompilerRunnable.run(ResourceCompilerRunnable.kt:15)
build	Build with Gradle	2026-06-06T12:25:04.3851268Z 	at com.android.build.gradle.internal.profile.ProfileAwareWorkAction.execute(ProfileAwareWorkAction.kt:74)
build	Build with Gradle	2026-06-06T12:25:04.3851558Z 	at org.gradle.workers.internal.DefaultWorkerServer.execute(DefaultWorkerServer.java:63)
build	Build with Gradle	2026-06-06T12:25:04.3851963Z 	at org.gradle.workers.internal.NoIsolationWorkerFactory$1$1.create(NoIsolationWorkerFactory.java:66)
build	Build with Gradle	2026-06-06T12:25:04.3852290Z 	at org.gradle.workers.internal.NoIsolationWorkerFactory$1$1.create(NoIsolationWorkerFactory.java:62)
build	Build with Gradle	2026-06-06T12:25:04.3852680Z 	at org.gradle.internal.classloader.ClassLoaderUtils.executeInClassloader(ClassLoaderUtils.java:100)
build	Build with Gradle	2026-06-06T12:25:04.3853121Z 	at org.gradle.workers.internal.NoIsolationWorkerFactory$1.lambda$execute$0(NoIsolationWorkerFactory.java:62)
build	Build with Gradle	2026-06-06T12:25:04.3853369Z 	at org.gradle.workers.internal.AbstractWorker$1.call(AbstractWorker.java:44)
build	Build with Gradle	2026-06-06T12:25:04.3853614Z 	at org.gradle.workers.internal.AbstractWorker$1.call(AbstractWorker.java:41)
build	Build with Gradle	2026-06-06T12:25:04.3854085Z 	at org.gradle.internal.operations.DefaultBuildOperationRunner$CallableBuildOperationWorker.execute(DefaultBuildOperationRunner.java:210)
build	Build with Gradle	2026-06-06T12:25:04.3854561Z 	at org.gradle.internal.operations.DefaultBuildOperationRunner$CallableBuildOperationWorker.execute(DefaultBuildOperationRunner.java:205)
build	Build with Gradle	2026-06-06T12:25:04.3854928Z 	at org.gradle.internal.operations.DefaultBuildOperationRunner$2.execute(DefaultBuildOperationRunner.java:67)
build	Build with Gradle	2026-06-06T12:25:04.3855290Z 	at org.gradle.internal.operations.DefaultBuildOperationRunner$2.execute(DefaultBuildOperationRunner.java:60)
build	Build with Gradle	2026-06-06T12:25:04.3855662Z 	at org.gradle.internal.operations.DefaultBuildOperationRunner.execute(DefaultBuildOperationRunner.java:167)
build	Build with Gradle	2026-06-06T12:25:04.3856157Z 	at org.gradle.internal.operations.DefaultBuildOperationRunner.execute(DefaultBuildOperationRunner.java:60)
build	Build with Gradle	2026-06-06T12:25:04.3856561Z 	at org.gradle.internal.operations.DefaultBuildOperationRunner.call(DefaultBuildOperationRunner.java:54)
build	Build with Gradle	2026-06-06T12:25:04.3856913Z 	at org.gradle.workers.internal.AbstractWorker.executeWrappedInBuildOperation(AbstractWorker.java:41)
build	Build with Gradle	2026-06-06T12:25:04.3857233Z 	at org.gradle.workers.internal.NoIsolationWorkerFactory$1.execute(NoIsolationWorkerFactory.java:59)
build	Build with Gradle	2026-06-06T12:25:04.3857827Z 	at org.gradle.workers.internal.DefaultWorkerExecutor.lambda$submitWork$0(DefaultWorkerExecutor.java:174)
build	Build with Gradle	2026-06-06T12:25:04.3858052Z 	at java.base/java.util.concurrent.FutureTask.run(FutureTask.java:317)
build	Build with Gradle	2026-06-06T12:25:04.3858553Z 	at org.gradle.internal.work.DefaultConditionalExecutionQueue$ExecutionRunner.runExecution(DefaultConditionalExecutionQueue.java:194)
build	Build with Gradle	2026-06-06T12:25:04.3858995Z 	at org.gradle.internal.work.DefaultConditionalExecutionQueue$ExecutionRunner.access$700(DefaultConditionalExecutionQueue.java:127)
build	Build with Gradle	2026-06-06T12:25:04.3859421Z 	at org.gradle.internal.work.DefaultConditionalExecutionQueue$ExecutionRunner$1.run(DefaultConditionalExecutionQueue.java:169)
build	Build with Gradle	2026-06-06T12:25:04.3859650Z 	at org.gradle.internal.Factories$1.create(Factories.java:31)
build	Build with Gradle	2026-06-06T12:25:04.3859988Z 	at org.gradle.internal.work.DefaultWorkerLeaseService.withLocks(DefaultWorkerLeaseService.java:263)
build	Build with Gradle	2026-06-06T12:25:04.3860360Z 	at org.gradle.internal.work.DefaultWorkerLeaseService.runAsWorkerThread(DefaultWorkerLeaseService.java:127)
build	Build with Gradle	2026-06-06T12:25:04.3860731Z 	at org.gradle.internal.work.DefaultWorkerLeaseService.runAsWorkerThread(DefaultWorkerLeaseService.java:132)
build	Build with Gradle	2026-06-06T12:25:04.3861169Z 	at org.gradle.internal.work.DefaultConditionalExecutionQueue$ExecutionRunner.runBatch(DefaultConditionalExecutionQueue.java:164)
build	Build with Gradle	2026-06-06T12:25:04.3861582Z 	at org.gradle.internal.work.DefaultConditionalExecutionQueue$ExecutionRunner.run(DefaultConditionalExecutionQueue.java:133)
build	Build with Gradle	2026-06-06T12:25:04.3861846Z 	at java.base/java.util.concurrent.Executors$RunnableAdapter.call(Executors.java:572)
build	Build with Gradle	2026-06-06T12:25:04.3862065Z 	at java.base/java.util.concurrent.FutureTask.run(FutureTask.java:317)
build	Build with Gradle	2026-06-06T12:25:04.3862172Z 	... 5 more
build	Build with Gradle	2026-06-06T12:25:04.3862811Z Caused by: com.android.aaptcompiler.ResourceCompilationException: Failed to compile resource file: /home/runner/work/ShizukuPlus/ShizukuPlus/manager/src/main/res/xml/settings_shizuku_plus.xml: 
build	Build with Gradle	2026-06-06T12:25:04.3863091Z 	at com.android.aaptcompiler.ResourceCompiler.compileXml(ResourceCompiler.kt:328)
build	Build with Gradle	2026-06-06T12:25:04.3863368Z 	at com.android.aaptcompiler.ResourceCompiler.access$compileXml(ResourceCompiler.kt:1)
build	Build with Gradle	2026-06-06T12:25:04.3863676Z 	at com.android.aaptcompiler.ResourceCompiler$getCompileMethod$2.invoke(ResourceCompiler.kt:149)
build	Build with Gradle	2026-06-06T12:25:04.3863974Z 	at com.android.aaptcompiler.ResourceCompiler$getCompileMethod$2.invoke(ResourceCompiler.kt:149)
build	Build with Gradle	2026-06-06T12:25:04.3864259Z 	at com.android.aaptcompiler.ResourceCompiler.compileResource(ResourceCompiler.kt:123)
build	Build with Gradle	2026-06-06T12:25:04.3864372Z 	... 37 more
build	Build with Gradle	2026-06-06T12:25:04.3864619Z Caused by: javax.xml.stream.XMLStreamException: ParseError at [row,col]:[252,39]
build	Build with Gradle	2026-06-06T12:25:04.3864850Z Message: The entity name must immediately follow the '&' in the entity reference.
build	Build with Gradle	2026-06-06T12:25:04.3865207Z 	at java.xml/com.sun.org.apache.xerces.internal.impl.XMLStreamReaderImpl.next(XMLStreamReaderImpl.java:652)
build	Build with Gradle	2026-06-06T12:25:04.3865652Z 	at java.xml/com.sun.xml.internal.stream.XMLEventReaderImpl.nextEvent(XMLEventReaderImpl.java:83)
build	Build with Gradle	2026-06-06T12:25:04.3865987Z 	at com.android.aaptcompiler.XmlProcessor.processElement(XmlProcessor.kt:269)
build	Build with Gradle	2026-06-06T12:25:04.3866263Z 	at com.android.aaptcompiler.XmlProcessor.processElement$default(XmlProcessor.kt:185)
build	Build with Gradle	2026-06-06T12:25:04.3866568Z 	at com.android.aaptcompiler.XmlProcessor.processElement(XmlProcessor.kt:289)
build	Build with Gradle	2026-06-06T12:25:04.3866846Z 	at com.android.aaptcompiler.XmlProcessor.processElement$default(XmlProcessor.kt:185)
build	Build with Gradle	2026-06-06T12:25:04.3867076Z 	at com.android.aaptcompiler.XmlProcessor.process(XmlProcessor.kt:127)
build	Build with Gradle	2026-06-06T12:25:04.3867816Z 	at com.android.aaptcompiler.ResourceCompiler.compileXml(ResourceCompiler.kt:326)
build	Build with Gradle	2026-06-06T12:25:04.3867931Z 	... 41 more
build	Build with Gradle	2026-06-06T12:25:04.3867941Z 
build	Build with Gradle	2026-06-06T12:25:04.3867951Z 
build	Build with Gradle	2026-06-06T12:25:04.3868067Z BUILD FAILED in 1m 42s
build	Build with Gradle	2026-06-06T12:25:04.3868374Z Merging manifest with lower [androidx.compose.ui:ui-unit:1.1.1] AndroidManifest.xml:17:1-24:12
build	Build with Gradle	2026-06-06T12:25:04.3868504Z uses-sdk defined in both files...
build	Build with Gradle	2026-06-06T12:25:04.3868841Z Merging uses-sdk with lower [androidx.compose.ui:ui-unit:1.1.1] AndroidManifest.xml:20:5-22:41
build	Build with Gradle	2026-06-06T12:25:04.3869318Z Merging library manifest /home/runner/.gradle/caches/8.14/transforms/e243041e7dbb74197d5bc00e0943bf6a/transformed/ui-geometry-1.1.1/AndroidManifest.xml
build	Build with Gradle	2026-06-06T12:25:04.3869644Z Merging manifest with lower [androidx.compose.ui:ui-geometry:1.1.1] AndroidManifest.xml:17:1-24:12
build	Build with Gradle	2026-06-06T12:25:04.3869769Z uses-sdk defined in both files...
build	Build with Gradle	2026-06-06T12:25:04.3870073Z Merging uses-sdk with lower [androidx.compose.ui:ui-geometry:1.1.1] AndroidManifest.xml:20:5-22:41
build	Build with Gradle	2026-06-06T12:25:04.3870575Z Merging library manifest /home/runner/.gradle/caches/8.14/transforms/f9239a1ba9edcb911ae9670e7877c906/transformed/runtime-1.2.1/AndroidManifest.xml
build	Build with Gradle	2026-06-06T12:25:04.3870866Z Merging manifest with lower [androidx.compose.runtime:runtime:1.2.1] AndroidManifest.xml:17:1-23:12
build	Build with Gradle	2026-06-06T12:25:04.3870989Z uses-sdk defined in both files...
build	Build with Gradle	2026-06-06T12:25:04.3871273Z Merging uses-sdk with lower [androidx.compose.runtime:runtime:1.2.1] AndroidManifest.xml:20:5-21:38
build	Build with Gradle	2026-06-06T12:25:04.3871858Z Merging library manifest /home/runner/.gradle/caches/8.14/transforms/a8b524143b57d8c2908f9c01f30efac2/transformed/sentry-compose-release/AndroidManifest.xml
build	Build with Gradle	2026-06-06T12:25:04.3872257Z Merging manifest with lower [io.sentry:sentry-compose-android:8.40.0] AndroidManifest.xml:2:1-7:12
build	Build with Gradle	2026-06-06T12:25:04.3872385Z uses-sdk defined in both files...
build	Build with Gradle	2026-06-06T12:25:04.3872659Z Merging uses-sdk with lower [io.sentry:sentry-compose-android:8.40.0] AndroidManifest.xml:5:5-44
build	Build with Gradle	2026-06-06T12:25:04.3873161Z Merging library manifest /home/runner/.gradle/caches/8.14/transforms/dc0568acb601ada223da268dc89d9a1a/transformed/lifecycle-livedata-ktx-2.9.4/AndroidManifest.xml
build	Build with Gradle	2026-06-06T12:25:04.3873493Z Merging manifest with lower [androidx.lifecycle:lifecycle-livedata-ktx:2.9.4] AndroidManifest.xml:2:1-7:12
build	Build with Gradle	2026-06-06T12:25:04.3873614Z uses-sdk defined in both files...
build	Build with Gradle	2026-06-06T12:25:04.3873923Z Merging uses-sdk with lower [androidx.lifecycle:lifecycle-livedata-ktx:2.9.4] AndroidManifest.xml:5:5-44
build	Build with Gradle	2026-06-06T12:25:04.3874475Z Merging library manifest /home/runner/.gradle/caches/8.14/transforms/0380dce5195f95e6e343462acaffc231/transformed/lifecycle-resource-livedata-1.0.1-release/AndroidManifest.xml
build	Build with Gradle	2026-06-06T12:25:04.3874844Z Merging manifest with lower [dev.rikka.rikkax.lifecycle:lifecycle-resource-livedata:1.0.1] AndroidManifest.xml:2:1-9:12
build	Build with Gradle	2026-06-06T12:25:04.3874969Z uses-sdk defined in both files...
build	Build with Gradle	2026-06-06T12:25:04.3875329Z Merging uses-sdk with lower [dev.rikka.rikkax.lifecycle:lifecycle-resource-livedata:1.0.1] AndroidManifest.xml:5:5-7:41
build	Build with Gradle	2026-06-06T12:25:04.3875842Z Merging library manifest /home/runner/.gradle/caches/8.14/transforms/ef0d0ada300b662b4bc2dcd561c4ab70/transformed/lifecycle-viewmodel-ktx-2.9.4/AndroidManifest.xml
build	Build with Gradle	2026-06-06T12:25:04.3878818Z Merging manifest with lower [androidx.lifecycle:lifecycle-viewmodel-ktx:2.9.4] AndroidManifest.xml:2:1-7:12
build	Build with Gradle	2026-06-06T12:25:04.3879009Z uses-sdk defined in both files...
build	Build with Gradle	2026-06-06T12:25:04.3879333Z Merging uses-sdk with lower [androidx.lifecycle:lifecycle-viewmodel-ktx:2.9.4] AndroidManifest.xml:5:5-44
build	Build with Gradle	2026-06-06T12:25:04.3879840Z Merging library manifest /home/runner/.gradle/caches/8.14/transforms/8c7c9a78376cd260d7272a1fac1507a0/transformed/datastore-preferences-1.0.0/AndroidManifest.xml
build	Build with Gradle	2026-06-06T12:25:04.3880163Z Merging manifest with lower [androidx.datastore:datastore-preferences:1.0.0] AndroidManifest.xml:17:1-24:12
build	Build with Gradle	2026-06-06T12:25:04.3880283Z uses-sdk defined in both files...
build	Build with Gradle	2026-06-06T12:25:04.3880743Z Merging uses-sdk with lower [androidx.datastore:datastore-preferences:1.0.0] AndroidManifest.xml:20:5-22:41
build	Build with Gradle	2026-06-06T12:25:04.3881198Z Merging library manifest /home/runner/.gradle/caches/8.14/transforms/615878ae3b772c18093f4d9e3e195a20/transformed/datastore-1.0.0/AndroidManifest.xml
build	Build with Gradle	2026-06-06T12:25:04.3881484Z Merging manifest with lower [androidx.datastore:datastore:1.0.0] AndroidManifest.xml:17:1-24:12
build	Build with Gradle	2026-06-06T12:25:04.3881642Z uses-sdk defined in both files...
build	Build with Gradle	2026-06-06T12:25:04.3881918Z Merging uses-sdk with lower [androidx.datastore:datastore:1.0.0] AndroidManifest.xml:20:5-22:41
build	Build with Gradle	2026-06-06T12:25:04.3882418Z Merging library manifest /home/runner/.gradle/caches/8.14/transforms/a0f2f8571a731d673f1339b181103682/transformed/room-runtime-2.6.1/AndroidManifest.xml
build	Build with Gradle	2026-06-06T12:25:04.3882688Z Merging manifest with lower [androidx.room:room-runtime:2.6.1] AndroidManifest.xml:17:1-31:12
build	Build with Gradle	2026-06-06T12:25:04.3882804Z uses-sdk defined in both files...
build	Build with Gradle	2026-06-06T12:25:04.3883064Z Merging uses-sdk with lower [androidx.room:room-runtime:2.6.1] AndroidManifest.xml:21:5-44
build	Build with Gradle	2026-06-06T12:25:04.3883230Z application defined in both files...
build	Build with Gradle	2026-06-06T12:25:04.3883511Z Merging application with lower [androidx.room:room-runtime:2.6.1] AndroidManifest.xml:23:5-29:19
build	Build with Gradle	2026-06-06T12:25:04.3883629Z Adopted [service: null]
build	Build with Gradle	2026-06-06T12:25:04.3884081Z Merging library manifest /home/runner/.gradle/caches/8.14/transforms/b7f54caf5fd601a6753bed9729e1530e/transformed/room-ktx-2.6.1/AndroidManifest.xml
build	Build with Gradle	2026-06-06T12:25:04.3884339Z Merging manifest with lower [androidx.room:room-ktx:2.6.1] AndroidManifest.xml:17:1-22:12
build	Build with Gradle	2026-06-06T12:25:04.3884468Z uses-sdk defined in both files...
build	Build with Gradle	2026-06-06T12:25:04.3886393Z Merging uses-sdk with lower [androidx.room:room-ktx:2.6.1] AndroidManifest.xml:20:5-44
build	Build with Gradle	2026-06-06T12:25:04.3886899Z Merging library manifest /home/runner/.gradle/caches/8.14/transforms/b1caf7903885e6dfd466268b50bb28e5/transformed/core-splashscreen-1.0.1/AndroidManifest.xml
build	Build with Gradle	2026-06-06T12:25:04.3887181Z Merging manifest with lower [androidx.core:core-splashscreen:1.0.1] AndroidManifest.xml:17:1-24:12
build	Build with Gradle	2026-06-06T12:25:04.3887303Z uses-sdk defined in both files...
build	Build with Gradle	2026-06-06T12:25:04.3887758Z Merging uses-sdk with lower [androidx.core:core-splashscreen:1.0.1] AndroidManifest.xml:20:5-22:41
build	Build with Gradle	2026-06-06T12:25:04.3888269Z Merging library manifest /home/runner/work/ShizukuPlus/ShizukuPlus/common/build/intermediates/merged_manifest/release/processReleaseManifest/AndroidManifest.xml
build	Build with Gradle	2026-06-06T12:25:04.3888485Z Merging manifest with lower [:common] AndroidManifest.xml:2:1-7:12
build	Build with Gradle	2026-06-06T12:25:04.3888605Z uses-sdk defined in both files...
build	Build with Gradle	2026-06-06T12:25:04.3888926Z Merging uses-sdk with lower [:common] AndroidManifest.xml:5:5-44
build	Build with Gradle	2026-06-06T12:25:04.3889378Z Merging library manifest /home/runner/.gradle/caches/8.14/transforms/ab00c267663707e20a9c28832bd574a2/transformed/timber-5.0.1/AndroidManifest.xml
build	Build with Gradle	2026-06-06T12:25:04.3889655Z Merging manifest with lower [com.jakewharton.timber:timber:5.0.1] AndroidManifest.xml:2:1-9:12
build	Build with Gradle	2026-06-06T12:25:04.3889778Z uses-sdk defined in both files...
build	Build with Gradle	2026-06-06T12:25:04.3890047Z Merging uses-sdk with lower [com.jakewharton.timber:timber:5.0.1] AndroidManifest.xml:5:5-44
build	Build with Gradle	2026-06-06T12:25:04.3890174Z application defined in both files...
build	Build with Gradle	2026-06-06T12:25:04.3890461Z Merging application with lower [com.jakewharton.timber:timber:5.0.1] AndroidManifest.xml:7:5-20
build	Build with Gradle	2026-06-06T12:25:04.3890911Z Merging library manifest /home/runner/.gradle/caches/8.14/transforms/f59af9a0eace077f0e9ad35c903edb0e/transformed/html-ktx-1.1.2/AndroidManifest.xml
build	Build with Gradle	2026-06-06T12:25:04.3891191Z Merging manifest with lower [dev.rikka.rikkax.html:html-ktx:1.1.2] AndroidManifest.xml:2:1-11:12
build	Build with Gradle	2026-06-06T12:25:04.3891313Z uses-sdk defined in both files...
build	Build with Gradle	2026-06-06T12:25:04.3891585Z Merging uses-sdk with lower [dev.rikka.rikkax.html:html-ktx:1.1.2] AndroidManifest.xml:7:5-9:41
build	Build with Gradle	2026-06-06T12:25:04.3892094Z Merging library manifest /home/runner/.gradle/caches/8.14/transforms/5e76c393bb448bcfa0655c68ec471020/transformed/aboutlibraries-core-release/AndroidManifest.xml
build	Build with Gradle	2026-06-06T12:25:04.3892547Z Merging manifest with lower [com.mikepenz:aboutlibraries-core-android:11.6.3] AndroidManifest.xml:2:1-7:12
build	Build with Gradle	2026-06-06T12:25:04.3892670Z uses-sdk defined in both files...
build	Build with Gradle	2026-06-06T12:25:04.3892987Z Merging uses-sdk with lower [com.mikepenz:aboutlibraries-core-android:11.6.3] AndroidManifest.xml:5:5-44
build	Build with Gradle	2026-06-06T12:25:04.3893508Z Merging library manifest /home/runner/.gradle/caches/8.14/transforms/bd37fa4ac9a923d774be35a04b675e9d/transformed/sentry-android-timber-8.40.0/AndroidManifest.xml
build	Build with Gradle	2026-06-06T12:25:04.3893835Z Merging manifest with lower [io.sentry:sentry-android-timber:8.40.0] AndroidManifest.xml:2:1-7:12
build	Build with Gradle	2026-06-06T12:25:04.3893987Z uses-sdk defined in both files...
build	Build with Gradle	2026-06-06T12:25:04.3894262Z Merging uses-sdk with lower [io.sentry:sentry-android-timber:8.40.0] AndroidManifest.xml:5:5-44
build	Build with Gradle	2026-06-06T12:25:04.3894732Z Merging library manifest /home/runner/.gradle/caches/8.14/transforms/82c33335d6daf0ba2c2d3106c603ebc3/transformed/sqlite-framework-2.4.0/AndroidManifest.xml
build	Build with Gradle	2026-06-06T12:25:04.3895067Z Merging manifest with lower [androidx.sqlite:sqlite-framework:2.4.0] AndroidManifest.xml:17:1-22:12
build	Build with Gradle	2026-06-06T12:25:04.3895186Z uses-sdk defined in both files...
build	Build with Gradle	2026-06-06T12:25:04.3895464Z Merging uses-sdk with lower [androidx.sqlite:sqlite-framework:2.4.0] AndroidManifest.xml:20:5-44
build	Build with Gradle	2026-06-06T12:25:04.3895903Z Merging library manifest /home/runner/.gradle/caches/8.14/transforms/f5dc25b733d8c7664560d889ae0ff956/transformed/sqlite-2.4.0/AndroidManifest.xml
build	Build with Gradle	2026-06-06T12:25:04.3896161Z Merging manifest with lower [androidx.sqlite:sqlite:2.4.0] AndroidManifest.xml:17:1-22:12
build	Build with Gradle	2026-06-06T12:25:04.3896284Z uses-sdk defined in both files...
build	Build with Gradle	2026-06-06T12:25:04.3896530Z Merging uses-sdk with lower [androidx.sqlite:sqlite:2.4.0] AndroidManifest.xml:20:5-44
build	Build with Gradle	2026-06-06T12:25:04.3897197Z Merging library manifest /home/runner/.gradle/caches/8.14/transforms/a6341a3e8d2c382078fb8f297369ac51/transformed/sentry-android-sqlite-8.40.0/AndroidManifest.xml
build	Build with Gradle	2026-06-06T12:25:04.3897757Z Merging manifest with lower [io.sentry:sentry-android-sqlite:8.40.0] AndroidManifest.xml:2:1-7:12
build	Build with Gradle	2026-06-06T12:25:04.3897966Z uses-sdk defined in both files...
build	Build with Gradle	2026-06-06T12:25:04.3898428Z Merging uses-sdk with lower [io.sentry:sentry-android-sqlite:8.40.0] AndroidManifest.xml:5:5-44
build	Build with Gradle	2026-06-06T12:25:04.3899324Z Merging library manifest /home/runner/work/ShizukuPlus/ShizukuPlus/api/rish/build/intermediates/merged_manifest/release/processReleaseManifest/AndroidManifest.xml
build	Build with Gradle	2026-06-06T12:25:04.3899676Z Merging manifest with lower [:rish] AndroidManifest.xml:2:1-7:12
build	Build with Gradle	2026-06-06T12:25:04.3899879Z uses-sdk defined in both files...
build	Build with Gradle	2026-06-06T12:25:04.3900186Z Merging uses-sdk with lower [:rish] AndroidManifest.xml:5:5-44
build	Build with Gradle	2026-06-06T12:25:04.3901081Z Merging library manifest /home/runner/work/ShizukuPlus/ShizukuPlus/api/provider/build/intermediates/merged_manifest/release/processReleaseManifest/AndroidManifest.xml
build	Build with Gradle	2026-06-06T12:25:04.3901436Z Merging manifest with lower [:provider] AndroidManifest.xml:2:1-16:12
build	Build with Gradle	2026-06-06T12:25:04.3901631Z uses-sdk defined in both files...
build	Build with Gradle	2026-06-06T12:25:04.3901976Z Merging uses-sdk with lower [:provider] AndroidManifest.xml:6:5-44
build	Build with Gradle	2026-06-06T12:25:04.3902193Z Adopted [uses-permission: null]
build	Build with Gradle	2026-06-06T12:25:04.3902409Z application defined in both files...
build	Build with Gradle	2026-06-06T12:25:04.3902775Z Merging application with lower [:provider] AndroidManifest.xml:10:5-14:19
build	Build with Gradle	2026-06-06T12:25:04.3902979Z Adopted [meta-data: null]
build	Build with Gradle	2026-06-06T12:25:04.3903896Z Merging library manifest /home/runner/work/ShizukuPlus/ShizukuPlus/api/api/build/intermediates/merged_manifest/release/processReleaseManifest/AndroidManifest.xml
build	Build with Gradle	2026-06-06T12:25:04.3904250Z Merging manifest with lower [:api] AndroidManifest.xml:2:1-7:12
build	Build with Gradle	2026-06-06T12:25:04.3904433Z uses-sdk defined in both files...
build	Build with Gradle	2026-06-06T12:25:04.3904749Z Merging uses-sdk with lower [:api] AndroidManifest.xml:5:5-44
build	Build with Gradle	2026-06-06T12:25:04.3905571Z Merging library manifest /home/runner/.gradle/caches/8.14/transforms/15a46fdad85d2cb7e7c637ba2a744a05/transformed/interpolator-1.0.0/AndroidManifest.xml
build	Build with Gradle	2026-06-06T12:25:04.3906283Z Merging manifest with lower [androidx.interpolator:interpolator:1.0.0] AndroidManifest.xml:17:1-22:12
build	Build with Gradle	2026-06-06T12:25:04.3906509Z uses-sdk defined in both files...
build	Build with Gradle	2026-06-06T12:25:04.3907042Z Merging uses-sdk with lower [androidx.interpolator:interpolator:1.0.0] AndroidManifest.xml:20:5-44
build	Build with Gradle	2026-06-06T12:25:04.3908096Z Merging library manifest /home/runner/.gradle/caches/8.14/transforms/5d7fa8ac1f6ab741b32c1fc4bc71bdf6/transformed/compatibility-2.0.0/AndroidManifest.xml
build	Build with Gradle	2026-06-06T12:25:04.3908869Z Merging manifest with lower [dev.rikka.rikkax.compatibility:compatibility:2.0.0] AndroidManifest.xml:2:1-9:12
build	Build with Gradle	2026-06-06T12:25:04.3909142Z uses-sdk defined in both files...
build	Build with Gradle	2026-06-06T12:25:04.3909731Z Merging uses-sdk with lower [dev.rikka.rikkax.compatibility:compatibility:2.0.0] AndroidManifest.xml:5:5-7:41
build	Build with Gradle	2026-06-06T12:25:04.3910581Z Merging library manifest /home/runner/.gradle/caches/8.14/transforms/6a51a01fd16264a83e0f0feeab00d6ea/transformed/layoutinflater-1.3.0/AndroidManifest.xml
build	Build with Gradle	2026-06-06T12:25:04.3911232Z Merging manifest with lower [dev.rikka.rikkax.layoutinflater:layoutinflater:1.3.0] AndroidManifest.xml:2:1-7:12
build	Build with Gradle	2026-06-06T12:25:04.3911435Z uses-sdk defined in both files...
build	Build with Gradle	2026-06-06T12:25:04.3912054Z Merging uses-sdk with lower [dev.rikka.rikkax.layoutinflater:layoutinflater:1.3.0] AndroidManifest.xml:5:5-44
build	Build with Gradle	2026-06-06T12:25:04.3912923Z Merging library manifest /home/runner/.gradle/caches/8.14/transforms/7cb87b818b30498bcde5bf59509b305b/transformed/appiconloader-1.5.0/AndroidManifest.xml
build	Build with Gradle	2026-06-06T12:25:04.3913579Z Merging manifest with lower [me.zhanghai.android.appiconloader:appiconloader:1.5.0] AndroidManifest.xml:17:1-24:12
build	Build with Gradle	2026-06-06T12:25:04.3913784Z uses-sdk defined in both files...
build	Build with Gradle	2026-06-06T12:25:04.3914414Z Merging uses-sdk with lower [me.zhanghai.android.appiconloader:appiconloader:1.5.0] AndroidManifest.xml:20:5-22:41
build	Build with Gradle	2026-06-06T12:25:04.3915358Z Merging library manifest /home/runner/work/ShizukuPlus/ShizukuPlus/api/shared/build/intermediates/merged_manifest/release/processReleaseManifest/AndroidManifest.xml
build	Build with Gradle	2026-06-06T12:25:04.3915729Z Merging manifest with lower [:shared] AndroidManifest.xml:2:1-7:12
build	Build with Gradle	2026-06-06T12:25:04.3915925Z uses-sdk defined in both files...
build	Build with Gradle	2026-06-06T12:25:04.3916257Z Merging uses-sdk with lower [:shared] AndroidManifest.xml:5:5-44
build	Build with Gradle	2026-06-06T12:25:04.3917120Z Merging library manifest /home/runner/.gradle/caches/8.14/transforms/d90402c4b85ec72d1d4a6e1bb45ac913/transformed/buildcompat-34.0.1/AndroidManifest.xml
build	Build with Gradle	2026-06-06T12:25:04.3917848Z Merging manifest with lower [dev.rikka.rikkax.buildcompat:buildcompat:34.0.1] AndroidManifest.xml:2:1-7:12
build	Build with Gradle	2026-06-06T12:25:04.3918065Z uses-sdk defined in both files...
build	Build with Gradle	2026-06-06T12:25:04.3918960Z Merging uses-sdk with lower [dev.rikka.rikkax.buildcompat:buildcompat:34.0.1] AndroidManifest.xml:5:5-44
build	Build with Gradle	2026-06-06T12:25:04.3919791Z Merging library manifest /home/runner/.gradle/caches/8.14/transforms/b2e7fb1ff7f260dce39e55cb27088efd/transformed/cardview-1.0.0/AndroidManifest.xml
build	Build with Gradle	2026-06-06T12:25:04.3920338Z Merging manifest with lower [androidx.cardview:cardview:1.0.0] AndroidManifest.xml:17:1-22:12
build	Build with Gradle	2026-06-06T12:25:04.3920538Z uses-sdk defined in both files...
build	Build with Gradle	2026-06-06T12:25:04.3920983Z Merging uses-sdk with lower [androidx.cardview:cardview:1.0.0] AndroidManifest.xml:20:5-44
build	Build with Gradle	2026-06-06T12:25:04.3921918Z Merging library manifest /home/runner/.gradle/caches/8.14/transforms/af1849ac59ea9b10c0df81a67570c855/transformed/cursoradapter-1.0.0/AndroidManifest.xml
build	Build with Gradle	2026-06-06T12:25:04.3922458Z Merging manifest with lower [androidx.cursoradapter:cursoradapter:1.0.0] AndroidManifest.xml:17:1-22:12
build	Build with Gradle	2026-06-06T12:25:04.3922668Z uses-sdk defined in both files...
build	Build with Gradle	2026-06-06T12:25:04.3923169Z Merging uses-sdk with lower [androidx.cursoradapter:cursoradapter:1.0.0] AndroidManifest.xml:20:5-44
build	Build with Gradle	2026-06-06T12:25:04.3923963Z Merging library manifest /home/runner/.gradle/caches/8.14/transforms/b7fdebfd9343bbc576a29ab8d68fb354/transformed/lazy-2.0.0/AndroidManifest.xml
build	Build with Gradle	2026-06-06T12:25:04.3924586Z Merging manifest with lower [dev.rikka.rikkax.lazy:lazy:2.0.0] AndroidManifest.xml:2:1-9:12
build	Build with Gradle	2026-06-06T12:25:04.3924785Z uses-sdk defined in both files...
build	Build with Gradle	2026-06-06T12:25:04.3925254Z Merging uses-sdk with lower [dev.rikka.rikkax.lazy:lazy:2.0.0] AndroidManifest.xml:5:5-7:41
build	Build with Gradle	2026-06-06T12:25:04.3926036Z Merging library manifest /home/runner/.gradle/caches/8.14/transforms/e5742399012525e0edda6cc8d9ad7262/transformed/html-1.1.2/AndroidManifest.xml
build	Build with Gradle	2026-06-06T12:25:04.3926611Z Merging manifest with lower [dev.rikka.rikkax.html:html:1.1.2] AndroidManifest.xml:2:1-11:12
build	Build with Gradle	2026-06-06T12:25:04.3926878Z uses-sdk defined in both files...
build	Build with Gradle	2026-06-06T12:25:04.3927683Z Merging uses-sdk with lower [dev.rikka.rikkax.html:html:1.1.2] AndroidManifest.xml:7:5-9:41
build	Build with Gradle	2026-06-06T12:25:04.3928635Z Merging library manifest /home/runner/.gradle/caches/8.14/transforms/def85582213ab2870d896da947e1bd2a/transformed/appiconloader-iconloaderlib-1.5.0/AndroidManifest.xml
build	Build with Gradle	2026-06-06T12:25:04.3929365Z Merging manifest with lower [me.zhanghai.android.appiconloader:appiconloader-iconloaderlib:1.5.0] AndroidManifest.xml:17:1-24:12
build	Build with Gradle	2026-06-06T12:25:04.3929674Z uses-sdk defined in both files...
build	Build with Gradle	2026-06-06T12:25:04.3930396Z Merging uses-sdk with lower [me.zhanghai.android.appiconloader:appiconloader-iconloaderlib:1.5.0] AndroidManifest.xml:20:5-22:41
build	Build with Gradle	2026-06-06T12:25:04.3931281Z Merging library manifest /home/runner/.gradle/caches/8.14/transforms/9a0af10b7d6a004c0dde0da7908916e8/transformed/core-runtime-2.2.0/AndroidManifest.xml
build	Build with Gradle	2026-06-06T12:25:04.3931809Z Merging manifest with lower [androidx.arch.core:core-runtime:2.2.0] AndroidManifest.xml:17:1-22:12
build	Build with Gradle	2026-06-06T12:25:04.3932006Z uses-sdk defined in both files...
build	Build with Gradle	2026-06-06T12:25:04.3932463Z Merging uses-sdk with lower [androidx.arch.core:core-runtime:2.2.0] AndroidManifest.xml:20:5-44
build	Build with Gradle	2026-06-06T12:25:04.3933320Z Merging library manifest /home/runner/.gradle/caches/8.14/transforms/c3f1fba07658b0b59e408933ad000cab/transformed/startup-runtime-1.1.1/AndroidManifest.xml
build	Build with Gradle	2026-06-06T12:25:04.3933854Z Merging manifest with lower [androidx.startup:startup-runtime:1.1.1] AndroidManifest.xml:17:1-33:12
build	Build with Gradle	2026-06-06T12:25:04.3934088Z uses-sdk defined in both files...
build	Build with Gradle	2026-06-06T12:25:04.3934596Z Merging uses-sdk with lower [androidx.startup:startup-runtime:1.1.1] AndroidManifest.xml:21:5-23:41
build	Build with Gradle	2026-06-06T12:25:04.3934808Z application defined in both files...
build	Build with Gradle	2026-06-06T12:25:04.3935338Z Merging application with lower [androidx.startup:startup-runtime:1.1.1] AndroidManifest.xml:25:5-31:19
build	Build with Gradle	2026-06-06T12:25:04.3935782Z provider#androidx.startup.InitializationProvider defined in both files...
build	Build with Gradle	2026-06-06T12:25:04.3936580Z Merging provider#androidx.startup.InitializationProvider with lower [androidx.startup:startup-runtime:1.1.1] AndroidManifest.xml:26:9-30:34
build	Build with Gradle	2026-06-06T12:25:04.3937636Z Merging library manifest /home/runner/.gradle/caches/8.14/transforms/0f8fd961fa88f172b795e954c693c5a2/transformed/tracing-ktx-1.2.0/AndroidManifest.xml
build	Build with Gradle	2026-06-06T12:25:04.3938151Z Merging manifest with lower [androidx.tracing:tracing-ktx:1.2.0] AndroidManifest.xml:17:1-22:12
build	Build with Gradle	2026-06-06T12:25:04.3938373Z uses-sdk defined in both files...
build	Build with Gradle	2026-06-06T12:25:04.3938865Z Merging uses-sdk with lower [androidx.tracing:tracing-ktx:1.2.0] AndroidManifest.xml:20:5-44
build	Build with Gradle	2026-06-06T12:25:04.3939697Z Merging library manifest /home/runner/.gradle/caches/8.14/transforms/ac9c2613db74d91f76d389a55de09aeb/transformed/tracing-1.2.0/AndroidManifest.xml
build	Build with Gradle	2026-06-06T12:25:04.3940181Z Merging manifest with lower [androidx.tracing:tracing:1.2.0] AndroidManifest.xml:17:1-22:12
build	Build with Gradle	2026-06-06T12:25:04.3940397Z uses-sdk defined in both files...
build	Build with Gradle	2026-06-06T12:25:04.3940843Z Merging uses-sdk with lower [androidx.tracing:tracing:1.2.0] AndroidManifest.xml:20:5-44
build	Build with Gradle	2026-06-06T12:25:04.3941754Z Merging library manifest /home/runner/.gradle/caches/8.14/transforms/eec55b2add6457c8fb902795cbf8eedc/transformed/versionedparcelable-1.1.1/AndroidManifest.xml
build	Build with Gradle	2026-06-06T12:25:04.3942410Z Merging manifest with lower [androidx.versionedparcelable:versionedparcelable:1.1.1] AndroidManifest.xml:17:1-27:12
build	Build with Gradle	2026-06-06T12:25:04.3942777Z uses-sdk defined in both files...
build	Build with Gradle	2026-06-06T12:25:04.3943413Z Merging uses-sdk with lower [androidx.versionedparcelable:versionedparcelable:1.1.1] AndroidManifest.xml:20:5-22:41
build	Build with Gradle	2026-06-06T12:25:04.3943634Z application defined in both files...
build	Build with Gradle	2026-06-06T12:25:04.3944300Z Merging application with lower [androidx.versionedparcelable:versionedparcelable:1.1.1] AndroidManifest.xml:24:5-25:19
build	Build with Gradle	2026-06-06T12:25:04.3945314Z Merging library manifest /home/runner/.gradle/caches/8.14/transforms/96dabcaf2d8839737bfa5e7bcc9c8d29/transformed/exifinterface-1.4.2/AndroidManifest.xml
build	Build with Gradle	2026-06-06T12:25:04.3945920Z Merging manifest with lower [androidx.exifinterface:exifinterface:1.4.2] AndroidManifest.xml:2:1-7:12
build	Build with Gradle	2026-06-06T12:25:04.3946119Z uses-sdk defined in both files...
build	Build with Gradle	2026-06-06T12:25:04.3946641Z Merging uses-sdk with lower [androidx.exifinterface:exifinterface:1.4.2] AndroidManifest.xml:5:5-44
build	Build with Gradle	2026-06-06T12:25:04.3947732Z Merging library manifest /home/runner/.gradle/caches/8.14/transforms/b63ec3c1af75a7e3e11e00b71c5d2f13/transformed/annotation-experimental-1.4.1/AndroidManifest.xml
build	Build with Gradle	2026-06-06T12:25:04.3948437Z Merging manifest with lower [androidx.annotation:annotation-experimental:1.4.1] AndroidManifest.xml:2:1-7:12
build	Build with Gradle	2026-06-06T12:25:04.3948631Z uses-sdk defined in both files...
build	Build with Gradle	2026-06-06T12:25:04.3949211Z Merging uses-sdk with lower [androidx.annotation:annotation-experimental:1.4.1] AndroidManifest.xml:5:5-44
build	Build with Gradle	2026-06-06T12:25:04.3950040Z Merging library manifest /home/runner/.gradle/caches/8.14/transforms/a203a862f516367cac65cc0033ada510/transformed/core-viewtree-1.0.0/AndroidManifest.xml
build	Build with Gradle	2026-06-06T12:25:04.3950521Z Merging manifest with lower [androidx.core:core-viewtree:1.0.0] AndroidManifest.xml:2:1-7:12
build	Build with Gradle	2026-06-06T12:25:04.3950725Z uses-sdk defined in both files...
build	Build with Gradle	2026-06-06T12:25:04.3951198Z Merging uses-sdk with lower [androidx.core:core-viewtree:1.0.0] AndroidManifest.xml:5:5-44
build	Build with Gradle	2026-06-06T12:25:04.3952020Z Merging library manifest /home/runner/.gradle/caches/8.14/transforms/acaa3cdd1b8646165db9384aee71e410/transformed/ui-util-1.1.1/AndroidManifest.xml
build	Build with Gradle	2026-06-06T12:25:04.3952515Z Merging manifest with lower [androidx.compose.ui:ui-util:1.1.1] AndroidManifest.xml:17:1-24:12
build	Build with Gradle	2026-06-06T12:25:04.3952719Z uses-sdk defined in both files...
build	Build with Gradle	2026-06-06T12:25:04.3953189Z Merging uses-sdk with lower [androidx.compose.ui:ui-util:1.1.1] AndroidManifest.xml:20:5-22:41
build	Build with Gradle	2026-06-06T12:25:04.3954012Z Merging library manifest /home/runner/.gradle/caches/8.14/transforms/fdd7a2f71d98268b12d6291e62912d0b/transformed/lottie-6.6.2/AndroidManifest.xml
build	Build with Gradle	2026-06-06T12:25:04.3954486Z Merging manifest with lower [com.airbnb.android:lottie:6.6.2] AndroidManifest.xml:2:1-9:12
build	Build with Gradle	2026-06-06T12:25:04.3954693Z uses-sdk defined in both files...
build	Build with Gradle	2026-06-06T12:25:04.3955146Z Merging uses-sdk with lower [com.airbnb.android:lottie:6.6.2] AndroidManifest.xml:5:5-44
build	Build with Gradle	2026-06-06T12:25:04.3955358Z application defined in both files...
build	Build with Gradle	2026-06-06T12:25:04.3955871Z Merging application with lower [com.airbnb.android:lottie:6.6.2] AndroidManifest.xml:7:5-20
build	Build with Gradle	2026-06-06T12:25:04.3956701Z Merging library manifest /home/runner/.gradle/caches/8.14/transforms/f16a35ef33f3a5860c0cc8532fe5dc8c/transformed/core-6.0.0/AndroidManifest.xml
build	Build with Gradle	2026-06-06T12:25:04.3957212Z Merging manifest with lower [com.github.topjohnwu.libsu:core:6.0.0] AndroidManifest.xml:2:1-7:12
build	Build with Gradle	2026-06-06T12:25:04.3957630Z uses-sdk defined in both files...
build	Build with Gradle	2026-06-06T12:25:04.3958123Z Merging uses-sdk with lower [com.github.topjohnwu.libsu:core:6.0.0] AndroidManifest.xml:5:5-44
build	Build with Gradle	2026-06-06T12:25:04.3958929Z Merging library manifest /home/runner/.gradle/caches/8.14/transforms/c0673a6896f886d42be301918536c345/transformed/boringssl-20250114/AndroidManifest.xml
build	Build with Gradle	2026-06-06T12:25:04.3959441Z Merging manifest with lower [io.github.vvb2060.ndk:boringssl:20250114] AndroidManifest.xml:2:1-7:12
build	Build with Gradle	2026-06-06T12:25:04.3959645Z uses-sdk defined in both files...
build	Build with Gradle	2026-06-06T12:25:04.3960150Z Merging uses-sdk with lower [io.github.vvb2060.ndk:boringssl:20250114] AndroidManifest.xml:5:5-44
build	Build with Gradle	2026-06-06T12:25:04.3961166Z Merging library manifest /home/runner/.gradle/caches/8.14/transforms/0229dbc9f57fa8133a9f500f70fe76a8/transformed/libcxx-27.0.12077973/AndroidManifest.xml
build	Build with Gradle	2026-06-06T12:25:04.3961692Z Merging manifest with lower [org.lsposed.libcxx:libcxx:27.0.12077973] AndroidManifest.xml:2:1-7:12
build	Build with Gradle	2026-06-06T12:25:04.3961894Z uses-sdk defined in both files...
build	Build with Gradle	2026-06-06T12:25:04.3962488Z Merging uses-sdk with lower [org.lsposed.libcxx:libcxx:27.0.12077973] AndroidManifest.xml:5:5-44
build	Build with Gradle	2026-06-06T12:25:04.3963339Z Merging library manifest /home/runner/.gradle/caches/8.14/transforms/b966c438ee1e24a5a0e1926959b61a2d/transformed/hiddenapibypass-6.1/AndroidManifest.xml
build	Build with Gradle	2026-06-06T12:25:04.3963982Z Merging manifest with lower [org.lsposed.hiddenapibypass:hiddenapibypass:6.1] AndroidManifest.xml:2:1-7:12
build	Build with Gradle	2026-06-06T12:25:04.3964198Z uses-sdk defined in both files...
build	Build with Gradle	2026-06-06T12:25:04.3964758Z Merging uses-sdk with lower [org.lsposed.hiddenapibypass:hiddenapibypass:6.1] AndroidManifest.xml:5:5-73
build	Build with Gradle	2026-06-06T12:25:04.3965702Z Merging library manifest /home/runner/.gradle/caches/8.14/transforms/966464b5816c63aee25736b13ab38709/transformed/sentry-android-fragment-8.40.0/AndroidManifest.xml
build	Build with Gradle	2026-06-06T12:25:04.3966322Z Merging manifest with lower [io.sentry:sentry-android-fragment:8.40.0] AndroidManifest.xml:2:1-7:12
build	Build with Gradle	2026-06-06T12:25:04.3966529Z uses-sdk defined in both files...
build	Build with Gradle	2026-06-06T12:25:04.3967044Z Merging uses-sdk with lower [io.sentry:sentry-android-fragment:8.40.0] AndroidManifest.xml:5:5-44
build	Build with Gradle	2026-06-06T12:25:04.3968148Z Merging library manifest /home/runner/.gradle/caches/8.14/transforms/4b91b30cdde5ec990d4144c4990f3981/transformed/parcelablelist-2.0.1-release/AndroidManifest.xml
build	Build with Gradle	2026-06-06T12:25:04.3968787Z Merging manifest with lower [dev.rikka.rikkax.parcelablelist:parcelablelist:2.0.1] AndroidManifest.xml:2:1-9:12
build	Build with Gradle	2026-06-06T12:25:04.3968990Z uses-sdk defined in both files...
build	Build with Gradle	2026-06-06T12:25:04.3978203Z Merging uses-sdk with lower [dev.rikka.rikkax.parcelablelist:parcelablelist:2.0.1] AndroidManifest.xml:5:5-7:41
build	Build with Gradle	2026-06-06T12:25:04.3979167Z Merging library manifest /home/runner/work/ShizukuPlus/ShizukuPlus/api/aidl/build/intermediates/merged_manifest/release/processReleaseManifest/AndroidManifest.xml
build	Build with Gradle	2026-06-06T12:25:04.3979512Z Merging manifest with lower [:aidl] AndroidManifest.xml:2:1-7:12
build	Build with Gradle	2026-06-06T12:25:04.3979707Z uses-sdk defined in both files...
build	Build with Gradle	2026-06-06T12:25:04.3980052Z Merging uses-sdk with lower [:aidl] AndroidManifest.xml:5:5-44
build	Build with Gradle	2026-06-06T12:25:04.3981790Z Merging library manifest /home/runner/.gradle/caches/8.14/transforms/966144f595f2139b76140bbf274142f6/transformed/sentry-android-navigation-8.40.0/AndroidManifest.xml
build	Build with Gradle	2026-06-06T12:25:04.4002833Z Merging manifest with lower [io.sentry:sentry-android-navigation:8.40.0] AndroidManifest.xml:2:1-7:12
build	Build with Gradle	2026-06-06T12:25:04.4003091Z uses-sdk defined in both files...
build	Build with Gradle	2026-06-06T12:25:04.4003648Z Merging uses-sdk with lower [io.sentry:sentry-android-navigation:8.40.0] AndroidManifest.xml:5:5-44
build	Build with Gradle	2026-06-06T12:25:04.4003856Z Merging result: WARNING
build	Build with Gradle	2026-06-06T12:25:04.4004404Z /home/runner/work/ShizukuPlus/ShizukuPlus/manager/src/main/AndroidManifest.xml:49:5-51:31 Warning:
build	Build with Gradle	2026-06-06T12:25:04.4005264Z 	uses-permission#moe.shizuku.manager.permission.API_V23 was tagged at AndroidManifest.xml:49 to remove other declarations but no other declaration present
build	Build with Gradle	2026-06-06T12:25:04.4005482Z -- Merging decision tree log ---
build	Build with Gradle	2026-06-06T12:25:04.4005681Z meta-data#io.sentry.dsn
build	Build with Gradle	2026-06-06T12:25:04.4006254Z INJECTED from /home/runner/work/ShizukuPlus/ShizukuPlus/manager/src/main/AndroidManifest.xml:71:9-80
build	Build with Gradle	2026-06-06T12:25:04.4006444Z 	android:value
build	Build with Gradle	2026-06-06T12:25:04.4006943Z 		INJECTED from /home/runner/work/ShizukuPlus/ShizukuPlus/manager/src/main/AndroidManifest.xml
build	Build with Gradle	2026-06-06T12:25:04.4007661Z 		ADDED from /home/runner/work/ShizukuPlus/ShizukuPlus/manager/src/main/AndroidManifest.xml:71:49-77
build	Build with Gradle	2026-06-06T12:25:04.4007834Z 	android:name
build	Build with Gradle	2026-06-06T12:25:04.4011478Z 		ADDED from /home/runner/work/ShizukuPlus/ShizukuPlus/manager/src/main/AndroidManifest.xml:71:20-48
build	Build with Gradle	2026-06-06T12:25:04.4017986Z action#af.shizuku.plus.api.intent.action.REQUEST_PERMISSION
build	Build with Gradle	2026-06-06T12:25:04.4018594Z INJECTED from /home/runner/work/ShizukuPlus/ShizukuPlus/manager/src/main/AndroidManifest.xml:179:17-92
build	Build with Gradle	2026-06-06T12:25:04.4018811Z 	android:name
build	Build with Gradle	2026-06-06T12:25:04.4019354Z 		INJECTED from /home/runner/work/ShizukuPlus/ShizukuPlus/manager/src/main/AndroidManifest.xml
build	Build with Gradle	2026-06-06T12:25:04.4020100Z 		ADDED from /home/runner/work/ShizukuPlus/ShizukuPlus/manager/src/main/AndroidManifest.xml:179:25-89
build	Build with Gradle	2026-06-06T12:25:04.4020486Z action#af.shizuku.plus.api.intent.action.REQUEST_AUTHORIZATION
build	Build with Gradle	2026-06-06T12:25:04.4021156Z INJECTED from /home/runner/work/ShizukuPlus/ShizukuPlus/manager/src/main/AndroidManifest.xml:204:17-95
build	Build with Gradle	2026-06-06T12:25:04.4021338Z 	android:name
build	Build with Gradle	2026-06-06T12:25:04.4021862Z 		INJECTED from /home/runner/work/ShizukuPlus/ShizukuPlus/manager/src/main/AndroidManifest.xml
build	Build with Gradle	2026-06-06T12:25:04.4022424Z 		ADDED from /home/runner/work/ShizukuPlus/ShizukuPlus/manager/src/main/AndroidManifest.xml:204:25-92
build	Build with Gradle	2026-06-06T12:25:04.4022742Z action#af.shizuku.plus.api.START
build	Build with Gradle	2026-06-06T12:25:04.4023307Z INJECTED from /home/runner/work/ShizukuPlus/ShizukuPlus/manager/src/main/AndroidManifest.xml:297:17-65
build	Build with Gradle	2026-06-06T12:25:04.4023479Z 	android:name
build	Build with Gradle	2026-06-06T12:25:04.4023992Z 		INJECTED from /home/runner/work/ShizukuPlus/ShizukuPlus/manager/src/main/AndroidManifest.xml
build	Build with Gradle	2026-06-06T12:25:04.4024550Z 		ADDED from /home/runner/work/ShizukuPlus/ShizukuPlus/manager/src/main/AndroidManifest.xml:297:25-62
build	Build with Gradle	2026-06-06T12:25:04.4024768Z action#af.shizuku.plus.api.STOP
build	Build with Gradle	2026-06-06T12:25:04.4025331Z INJECTED from /home/runner/work/ShizukuPlus/ShizukuPlus/manager/src/main/AndroidManifest.xml:306:17-64
build	Build with Gradle	2026-06-06T12:25:04.4025508Z 	android:name
build	Build with Gradle	2026-06-06T12:25:04.4026027Z 		INJECTED from /home/runner/work/ShizukuPlus/ShizukuPlus/manager/src/main/AndroidManifest.xml
build	Build with Gradle	2026-06-06T12:25:04.4026557Z 		ADDED from /home/runner/work/ShizukuPlus/ShizukuPlus/manager/src/main/AndroidManifest.xml:306:25-61
build	Build with Gradle	2026-06-06T12:25:04.4026848Z provider#androidx.startup.InitializationProvider
build	Build with Gradle	2026-06-06T12:25:04.4027684Z INJECTED from /home/runner/work/ShizukuPlus/ShizukuPlus/manager/src/main/AndroidManifest.xml:316:9-325:20
build	Build with Gradle	2026-06-06T12:25:04.4028671Z MERGED from [androidx.emoji2:emoji2:1.2.0] /home/runner/.gradle/caches/8.14/transforms/20c8148c0d0f1eeb1041151d1c55938f/transformed/emoji2-1.2.0/AndroidManifest.xml:24:9-32:20
build	Build with Gradle	2026-06-06T12:25:04.4029644Z MERGED from [androidx.emoji2:emoji2:1.2.0] /home/runner/.gradle/caches/8.14/transforms/20c8148c0d0f1eeb1041151d1c55938f/transformed/emoji2-1.2.0/AndroidManifest.xml:24:9-32:20
build	Build with Gradle	2026-06-06T12:25:04.4030698Z MERGED from [androidx.work:work-runtime:2.10.4] /home/runner/.gradle/caches/8.14/transforms/ff46523a05730a3410b3d43ab7271bd0/transformed/work-runtime-2.10.4/AndroidManifest.xml:29:9-37:20
build	Build with Gradle	2026-06-06T12:25:04.4031701Z MERGED from [androidx.work:work-runtime:2.10.4] /home/runner/.gradle/caches/8.14/transforms/ff46523a05730a3410b3d43ab7271bd0/transformed/work-runtime-2.10.4/AndroidManifest.xml:29:9-37:20
build	Build with Gradle	2026-06-06T12:25:04.4032864Z MERGED from [androidx.lifecycle:lifecycle-process:2.9.4] /home/runner/.gradle/caches/8.14/transforms/644a16fcc858b20f0d048c7466f19d9f/transformed/lifecycle-process-2.9.4/AndroidManifest.xml:24:9-32:20
build	Build with Gradle	2026-06-06T12:25:04.4033991Z MERGED from [androidx.lifecycle:lifecycle-process:2.9.4] /home/runner/.gradle/caches/8.14/transforms/644a16fcc858b20f0d048c7466f19d9f/transformed/lifecycle-process-2.9.4/AndroidManifest.xml:24:9-32:20
build	Build with Gradle	2026-06-06T12:25:04.4035101Z MERGED from [androidx.startup:startup-runtime:1.1.1] /home/runner/.gradle/caches/8.14/transforms/c3f1fba07658b0b59e408933ad000cab/transformed/startup-runtime-1.1.1/AndroidManifest.xml:26:9-30:34
build	Build with Gradle	2026-06-06T12:25:04.4036210Z MERGED from [androidx.startup:startup-runtime:1.1.1] /home/runner/.gradle/caches/8.14/transforms/c3f1fba07658b0b59e408933ad000cab/transformed/startup-runtime-1.1.1/AndroidManifest.xml:26:9-30:34
build	Build with Gradle	2026-06-06T12:25:04.4036383Z 	tools:node
build	Build with Gradle	2026-06-06T12:25:04.4037101Z 		ADDED from /home/runner/work/ShizukuPlus/ShizukuPlus/manager/src/main/AndroidManifest.xml:320:13-31
build	Build with Gradle	2026-06-06T12:25:04.4037292Z 	android:authorities
build	Build with Gradle	2026-06-06T12:25:04.4038002Z 		INJECTED from /home/runner/work/ShizukuPlus/ShizukuPlus/manager/src/main/AndroidManifest.xml
build	Build with Gradle	2026-06-06T12:25:04.4038563Z 		ADDED from /home/runner/work/ShizukuPlus/ShizukuPlus/manager/src/main/AndroidManifest.xml:318:13-68
build	Build with Gradle	2026-06-06T12:25:04.4038886Z 	android:exported
build	Build with Gradle	2026-06-06T12:25:04.4039424Z 		ADDED from /home/runner/work/ShizukuPlus/ShizukuPlus/manager/src/main/AndroidManifest.xml:319:13-37
build	Build with Gradle	2026-06-06T12:25:04.4039663Z 	android:name
build	Build with Gradle	2026-06-06T12:25:04.4040226Z 		ADDED from /home/runner/work/ShizukuPlus/ShizukuPlus/manager/src/main/AndroidManifest.xml:317:13-67
build	Build with Gradle	2026-06-06T12:25:04.4040518Z provider#af.shizuku.manager.ShizukuManagerProvider
build	Build with Gradle	2026-06-06T12:25:04.4041092Z INJECTED from /home/runner/work/ShizukuPlus/ShizukuPlus/manager/src/main/AndroidManifest.xml:327:9-334:82
build	Build with Gradle	2026-06-06T12:25:04.4041264Z 	android:enabled
build	Build with Gradle	2026-06-06T12:25:04.4041824Z 		ADDED from /home/runner/work/ShizukuPlus/ShizukuPlus/manager/src/main/AndroidManifest.xml:331:13-35
build	Build with Gradle	2026-06-06T12:25:04.4042096Z 	android:authorities
build	Build with Gradle	2026-06-06T12:25:04.4042606Z 		INJECTED from /home/runner/work/ShizukuPlus/ShizukuPlus/manager/src/main/AndroidManifest.xml
build	Build with Gradle	2026-06-06T12:25:04.4043138Z 		ADDED from /home/runner/work/ShizukuPlus/ShizukuPlus/manager/src/main/AndroidManifest.xml:329:13-86
build	Build with Gradle	2026-06-06T12:25:04.4043343Z 	android:multiprocess
build	Build with Gradle	2026-06-06T12:25:04.4043894Z 		ADDED from /home/runner/work/ShizukuPlus/ShizukuPlus/manager/src/main/AndroidManifest.xml:333:13-41
build	Build with Gradle	2026-06-06T12:25:04.4044099Z 	android:exported
build	Build with Gradle	2026-06-06T12:25:04.4044597Z 		ADDED from /home/runner/work/ShizukuPlus/ShizukuPlus/manager/src/main/AndroidManifest.xml:332:13-36
build	Build with Gradle	2026-06-06T12:25:04.4044780Z 	android:permission
build	Build with Gradle	2026-06-06T12:25:04.4045309Z 		ADDED from /home/runner/work/ShizukuPlus/ShizukuPlus/manager/src/main/AndroidManifest.xml:334:13-79
build	Build with Gradle	2026-06-06T12:25:04.4045505Z 	android:directBootAware
build	Build with Gradle	2026-06-06T12:25:04.4046107Z 		ADDED from /home/runner/work/ShizukuPlus/ShizukuPlus/manager/src/main/AndroidManifest.xml:330:13-43
build	Build with Gradle	2026-06-06T12:25:04.4046322Z 	android:name
build	Build with Gradle	2026-06-06T12:25:04.4046834Z 		ADDED from /home/runner/work/ShizukuPlus/ShizukuPlus/manager/src/main/AndroidManifest.xml:328:13-51
build	Build with Gradle	2026-06-06T12:25:04.4047068Z provider#androidx.core.content.FileProvider
build	Build with Gradle	2026-06-06T12:25:04.4047786Z INJECTED from /home/runner/work/ShizukuPlus/ShizukuPlus/manager/src/main/AndroidManifest.xml:344:9-352:20
build	Build with Gradle	2026-06-06T12:25:04.4048011Z 	android:grantUriPermissions
build	Build with Gradle	2026-06-06T12:25:04.4048583Z 		ADDED from /home/runner/work/ShizukuPlus/ShizukuPlus/manager/src/main/AndroidManifest.xml:348:13-47
build	Build with Gradle	2026-06-06T12:25:04.4048753Z 	android:authorities
build	Build with Gradle	2026-06-06T12:25:04.4049243Z 		INJECTED from /home/runner/work/ShizukuPlus/ShizukuPlus/manager/src/main/AndroidManifest.xml
build	Build with Gradle	2026-06-06T12:25:04.4049778Z 		ADDED from /home/runner/work/ShizukuPlus/ShizukuPlus/manager/src/main/AndroidManifest.xml:346:13-64
build	Build with Gradle	2026-06-06T12:25:04.4049997Z 	android:exported
build	Build with Gradle	2026-06-06T12:25:04.4050540Z 		ADDED from /home/runner/work/ShizukuPlus/ShizukuPlus/manager/src/main/AndroidManifest.xml:347:13-37
build	Build with Gradle	2026-06-06T12:25:04.4050705Z 	android:name
build	Build with Gradle	2026-06-06T12:25:04.4051239Z 		ADDED from /home/runner/work/ShizukuPlus/ShizukuPlus/manager/src/main/AndroidManifest.xml:345:13-62
build	Build with Gradle	2026-06-06T12:25:04.4051402Z manifest
build	Build with Gradle	2026-06-06T12:25:04.4051991Z ADDED from /home/runner/work/ShizukuPlus/ShizukuPlus/manager/src/main/AndroidManifest.xml:2:1-379:12
build	Build with Gradle	2026-06-06T12:25:04.4052604Z INJECTED from /home/runner/work/ShizukuPlus/ShizukuPlus/manager/src/main/AndroidManifest.xml:2:1-379:12
build	Build with Gradle	2026-06-06T12:25:04.4053203Z INJECTED from /home/runner/work/ShizukuPlus/ShizukuPlus/manager/src/main/AndroidManifest.xml:2:1-379:12
build	Build with Gradle	2026-06-06T12:25:04.4053768Z INJECTED from /home/runner/work/ShizukuPlus/ShizukuPlus/manager/src/main/AndroidManifest.xml:2:1-379:12
build	Build with Gradle	2026-06-06T12:25:04.4054702Z MERGED from [:core:ui] /home/runner/work/ShizukuPlus/ShizukuPlus/core/ui/build/intermediates/merged_manifest/release/processReleaseManifest/AndroidManifest.xml:2:1-7:12
build	Build with Gradle	2026-06-06T12:25:04.4055938Z MERGED from [androidx.databinding:viewbinding:8.11.1] /home/runner/.gradle/caches/8.14/transforms/693c054b9b80dbf8007dadbf97a7b615/transformed/viewbinding-8.11.1/AndroidManifest.xml:2:1-7:12
build	Build with Gradle	2026-06-06T12:25:04.4056867Z MERGED from [:server] /home/runner/work/ShizukuPlus/ShizukuPlus/server/build/intermediates/merged_manifest/release/processReleaseManifest/AndroidManifest.xml:2:1-7:12
build	Build with Gradle	2026-06-06T12:25:04.4058133Z MERGED from [:starter] /home/runner/work/ShizukuPlus/ShizukuPlus/starter/build/intermediates/merged_manifest/release/processReleaseManifest/AndroidManifest.xml:2:1-7:12
build	Build with Gradle	2026-06-06T12:25:04.4059170Z MERGED from [com.airbnb.android:mavericks:3.0.9] /home/runner/.gradle/caches/8.14/transforms/2c8372c00787b5e2af17c392510a0378/transformed/mavericks-3.0.9/AndroidManifest.xml:2:1-9:12
build	Build with Gradle	2026-06-06T12:25:04.4060259Z MERGED from [androidx.preference:preference-ktx:1.2.1] /home/runner/.gradle/caches/8.14/transforms/71aa5bf0c4580977b2f3abf550a82d0e/transformed/preference-ktx-1.2.1/AndroidManifest.xml:17:1-24:12
build	Build with Gradle	2026-06-06T12:25:04.4061347Z MERGED from [io.insert-koin:koin-android:4.0.2] /home/runner/.gradle/caches/8.14/transforms/438de03543f1a14021d179b045f7057a/transformed/koin-android-4.0.2/AndroidManifest.xml:2:1-9:12
build	Build with Gradle	2026-06-06T12:25:04.4062567Z MERGED from [dev.rikka.rikkax.material:material-preference:2.0.0] /home/runner/.gradle/caches/8.14/transforms/373e825be4973449db84049594b600ab/transformed/material-preference-2.0.0-release/AndroidManifest.xml:2:1-9:12
build	Build with Gradle	2026-06-06T12:25:04.4063611Z MERGED from [dev.rikka.rikkax.material:material:2.7.2] /home/runner/.gradle/caches/8.14/transforms/f85a8706e3d3bf4df310b1b8ed66a067/transformed/material-2.7.2/AndroidManifest.xml:2:1-7:12
build	Build with Gradle	2026-06-06T12:25:04.4064678Z MERGED from [dev.rikka.rikkax.core:core-ktx:1.4.1] /home/runner/.gradle/caches/8.14/transforms/6589a5b496d2f82dfc01f076eae8bbc4/transformed/core-ktx-1.4.1-release/AndroidManifest.xml:2:1-9:12
build	Build with Gradle	2026-06-06T12:25:04.4065844Z MERGED from [com.google.android.material:material:1.14.0-beta01] /home/runner/.gradle/caches/8.14/transforms/a6084efd8e6c9ff951c8e72453f81ad6/transformed/material-1.14.0-beta01/AndroidManifest.xml:17:1-24:12
build	Build with Gradle	2026-06-06T12:25:04.4066887Z MERGED from [dev.rikka.rikkax.appcompat:appcompat:1.6.1] /home/runner/.gradle/caches/8.14/transforms/efa565396efa7c69fa280f54041abb1e/transformed/appcompat-1.6.1/AndroidManifest.xml:17:1-22:12
build	Build with Gradle	2026-06-06T12:25:04.4068180Z MERGED from [androidx.biometric:biometric-ktx:1.2.0-alpha05] /home/runner/.gradle/caches/8.14/transforms/8187c6742a7c5d0b27744cebd6b9554f/transformed/biometric-ktx-1.2.0-alpha05/AndroidManifest.xml:2:1-7:12
build	Build with Gradle	2026-06-06T12:25:04.4069268Z MERGED from [androidx.biometric:biometric:1.2.0-alpha05] /home/runner/.gradle/caches/8.14/transforms/d898ed95f395a2f368d4bc758e4d1887/transformed/biometric-1.2.0-alpha05/AndroidManifest.xml:17:1-27:12
build	Build with Gradle	2026-06-06T12:25:04.4070502Z MERGED from [dev.rikka.rikkax.recyclerview:recyclerview-adapter:1.3.0] /home/runner/.gradle/caches/8.14/transforms/2c263715c01736e27b196a80ad5b1fdb/transformed/recyclerview-adapter-1.3.0/AndroidManifest.xml:2:1-9:12
build	Build with Gradle	2026-06-06T12:25:04.4071699Z MERGED from [dev.rikka.rikkax.recyclerview:recyclerview-ktx:1.3.2] /home/runner/.gradle/caches/8.14/transforms/338cbb5a6afddf9796ee1bfc02c64c98/transformed/recyclerview-ktx-1.3.2/AndroidManifest.xml:2:1-7:12
build	Build with Gradle	2026-06-06T12:25:04.4072995Z MERGED from [dev.rikka.rikkax.preference:simplemenu-preference:1.0.3] /home/runner/.gradle/caches/8.14/transforms/4d1f2d6f8fcd4d0456ade74253b328dd/transformed/simplemenu-preference-1.0.3/AndroidManifest.xml:2:1-9:12
build	Build with Gradle	2026-06-06T12:25:04.4074007Z MERGED from [androidx.preference:preference:1.2.1] /home/runner/.gradle/caches/8.14/transforms/a8ffae57e8eb844c745e6c38f24a5dc3/transformed/preference-1.2.1/AndroidManifest.xml:17:1-24:12
build	Build with Gradle	2026-06-06T12:25:04.4075001Z MERGED from [me.zhanghai.android.fastscroll:library:1.2.0] /home/runner/.gradle/caches/8.14/transforms/484f1985b8141e4d4ca38f4ab7092551/transformed/library-1.2.0/AndroidManifest.xml:17:1-22:12
build	Build with Gradle	2026-06-06T12:25:04.4076243Z MERGED from [androidx.recyclerview:recyclerview:1.4.0] /home/runner/.gradle/caches/8.14/transforms/91cba946f7f9db0abb582361d2b98175/transformed/recyclerview-1.4.0/AndroidManifest.xml:2:1-7:12
build	Build with Gradle	2026-06-06T12:25:04.4077312Z MERGED from [androidx.viewpager2:viewpager2:1.1.0-beta02] /home/runner/.gradle/caches/8.14/transforms/59fa63435223e05f0b1b82e5b0b01ed7/transformed/viewpager2-1.1.0-beta02/AndroidManifest.xml:2:1-7:12
build	Build with Gradle	2026-06-06T12:25:04.4078493Z MERGED from [dev.rikka.rikkax.core:core:1.4.1] /home/runner/.gradle/caches/8.14/transforms/ee981983fc55a7699435ecebe45f87ef/transformed/core-1.4.1-release/AndroidManifest.xml:2:1-9:12
build	Build with Gradle	2026-06-06T12:25:04.4079502Z MERGED from [androidx.fragment:fragment:1.8.7] /home/runner/.gradle/caches/8.14/transforms/3496351281a372f59379614fd15c5436/transformed/fragment-1.8.7/AndroidManifest.xml:2:1-7:12
build	Build with Gradle	2026-06-06T12:25:04.4080564Z MERGED from [androidx.fragment:fragment-ktx:1.8.7] /home/runner/.gradle/caches/8.14/transforms/aab493d2bbab5d087a023e9183eede9c/transformed/fragment-ktx-1.8.7/AndroidManifest.xml:2:1-7:12
build	Build with Gradle	2026-06-06T12:25:04.4081826Z MERGED from [io.sentry:sentry-android-core:8.40.0] /home/runner/.gradle/caches/8.14/transforms/f3104eb4796c3cb96709ee2563cfb750/transformed/sentry-android-core-8.40.0/AndroidManifest.xml:2:1-23:12
build	Build with Gradle	2026-06-06T12:25:04.4082827Z MERGED from [androidx.activity:activity:1.10.0] /home/runner/.gradle/caches/8.14/transforms/62937f105bc4a976ca99fc29e59f8d0f/transformed/activity-1.10.0/AndroidManifest.xml:17:1-22:12
build	Build with Gradle	2026-06-06T12:25:04.4083810Z MERGED from [androidx.activity:activity-ktx:1.10.0] /home/runner/.gradle/caches/8.14/transforms/b7a112fda39b8abfdc2cbb450e5f2f1a/transformed/activity-ktx-1.10.0/AndroidManifest.xml:2:1-7:12
build	Build with Gradle	2026-06-06T12:25:04.4084924Z MERGED from [androidx.emoji2:emoji2-views-helper:1.2.0] /home/runner/.gradle/caches/8.14/transforms/5154402d773535e88a1a242ea9ad466a/transformed/emoji2-views-helper-1.2.0/AndroidManifest.xml:2:1-7:12
build	Build with Gradle	2026-06-06T12:25:04.4085875Z MERGED from [androidx.emoji2:emoji2:1.2.0] /home/runner/.gradle/caches/8.14/transforms/20c8148c0d0f1eeb1041151d1c55938f/transformed/emoji2-1.2.0/AndroidManifest.xml:17:1-35:12
build	Build with Gradle	2026-06-06T12:25:04.4086802Z MERGED from [androidx.loader:loader:1.0.0] /home/runner/.gradle/caches/8.14/transforms/d39b45e93aa24a0297878e1eb336ea9a/transformed/loader-1.0.0/AndroidManifest.xml:17:1-22:12
build	Build with Gradle	2026-06-06T12:25:04.4088003Z MERGED from [androidx.glance:glance-appwidget:1.1.1] /home/runner/.gradle/caches/8.14/transforms/0a9f0b23f2ae3b3d671937d923da2cba/transformed/glance-appwidget-1.1.1/AndroidManifest.xml:17:1-61:12
build	Build with Gradle	2026-06-06T12:25:04.4089009Z MERGED from [androidx.glance:glance:1.1.1] /home/runner/.gradle/caches/8.14/transforms/5c7bf891ae70d7d08b7f06ccb140fad8/transformed/glance-1.1.1/AndroidManifest.xml:2:1-7:12
build	Build with Gradle	2026-06-06T12:25:04.4090052Z MERGED from [androidx.work:work-runtime-ktx:2.10.4] /home/runner/.gradle/caches/8.14/transforms/47fd96da264051fc240ce38134bdde10/transformed/work-runtime-ktx-2.10.4/AndroidManifest.xml:17:1-22:12
build	Build with Gradle	2026-06-06T12:25:04.4090967Z MERGED from [androidx.work:work-runtime:2.10.4] /home/runner/.gradle/caches/8.14/transforms/ff46523a05730a3410b3d43ab7271bd0/transformed/work-runtime-2.10.4/AndroidManifest.xml:17:1-145:12
build	Build with Gradle	2026-06-06T12:25:04.4091990Z MERGED from [:server-shared] /home/runner/work/ShizukuPlus/ShizukuPlus/api/server-shared/build/intermediates/merged_manifest/release/processReleaseManifest/AndroidManifest.xml:2:1-7:12
build	Build with Gradle	2026-06-06T12:25:04.4092889Z MERGED from [dev.rikka.hidden:compat:4.4.0] /home/runner/.gradle/caches/8.14/transforms/93e5dd5bd02503c2c463051d8428f6c3/transformed/compat-4.4.0/AndroidManifest.xml:2:1-7:12
build	Build with Gradle	2026-06-06T12:25:04.4093810Z MERGED from [androidx.browser:browser:1.8.0] /home/runner/.gradle/caches/8.14/transforms/2b232f7e90ed539739f2c0f2684a06f8/transformed/browser-1.8.0/AndroidManifest.xml:2:1-7:12
build	Build with Gradle	2026-06-06T12:25:04.4094855Z MERGED from [androidx.transition:transition-ktx:1.5.1] /home/runner/.gradle/caches/8.14/transforms/9269236a44d4e397a31d652dc8841c2d/transformed/transition-ktx-1.5.1/AndroidManifest.xml:2:1-7:12
build	Build with Gradle	2026-06-06T12:25:04.4096143Z MERGED from [androidx.slidingpanelayout:slidingpanelayout:1.2.0] /home/runner/.gradle/caches/8.14/transforms/87467c3c8cd81c6f0e30cc7811d9c0e9/transformed/slidingpanelayout-1.2.0/AndroidManifest.xml:17:1-24:12
build	Build with Gradle	2026-06-06T12:25:04.4097133Z MERGED from [androidx.transition:transition:1.5.1] /home/runner/.gradle/caches/8.14/transforms/9459b44028168fbe53c4da77adee3cad/transformed/transition-1.5.1/AndroidManifest.xml:2:1-7:12
build	Build with Gradle	2026-06-06T12:25:04.4098423Z MERGED from [androidx.core:core-remoteviews:1.1.0] /home/runner/.gradle/caches/8.14/transforms/c2631671ecbd3d95bfc540fb5557d230/transformed/core-remoteviews-1.1.0/AndroidManifest.xml:17:1-30:12
build	Build with Gradle	2026-06-06T12:25:04.4099666Z MERGED from [androidx.coordinatorlayout:coordinatorlayout:1.1.0] /home/runner/.gradle/caches/8.14/transforms/33de77d114239838176c165bd9600680/transformed/coordinatorlayout-1.1.0/AndroidManifest.xml:17:1-24:12
build	Build with Gradle	2026-06-06T12:25:04.4100745Z MERGED from [androidx.drawerlayout:drawerlayout:1.1.1] /home/runner/.gradle/caches/8.14/transforms/9a6f8cbb6346f3bbb1b98d5903fb48b2/transformed/drawerlayout-1.1.1/AndroidManifest.xml:17:1-24:12
build	Build with Gradle	2026-06-06T12:25:04.4101902Z MERGED from [androidx.viewpager:viewpager:1.0.0] /home/runner/.gradle/caches/8.14/transforms/f32932b768c1c383327c110c6e2f2a04/transformed/viewpager-1.0.0/AndroidManifest.xml:17:1-22:12
build	Build with Gradle	2026-06-06T12:25:04.4102939Z MERGED from [androidx.customview:customview:1.2.0] /home/runner/.gradle/caches/8.14/transforms/2a1f64bb05593b70cb9126021244d174/transformed/customview-1.2.0/AndroidManifest.xml:2:1-7:12
build	Build with Gradle	2026-06-06T12:25:04.4104109Z MERGED from [androidx.dynamicanimation:dynamicanimation:1.1.0] /home/runner/.gradle/caches/8.14/transforms/38973380b257061575958cac22670390/transformed/dynamicanimation-1.1.0/AndroidManifest.xml:2:1-7:12
build	Build with Gradle	2026-06-06T12:25:04.4105268Z MERGED from [androidx.constraintlayout:constraintlayout:2.2.1] /home/runner/.gradle/caches/8.14/transforms/6e4c683cb074c37b2a51c2ee5db07733/transformed/constraintlayout-2.2.1/AndroidManifest.xml:2:1-9:12
build	Build with Gradle	2026-06-06T12:25:04.4106243Z MERGED from [io.coil-kt.coil3:coil-android:3.4.0] /home/runner/.gradle/caches/8.14/transforms/33b1fc6b3ef6a3214537aeecc8df60ab/transformed/coil/AndroidManifest.xml:2:1-7:12
build	Build with Gradle	2026-06-06T12:25:04.4107653Z MERGED from [io.coil-kt.coil3:coil-network-okhttp-android:3.4.0] /home/runner/.gradle/caches/8.14/transforms/c62f2b60b2174dbc2c05823d7d6abfaa/transformed/coil-network-okhttp/AndroidManifest.xml:2:1-7:12
build	Build with Gradle	2026-06-06T12:25:04.4108928Z MERGED from [io.coil-kt.coil3:coil-network-core-android:3.4.0] /home/runner/.gradle/caches/8.14/transforms/d49708ff39937cf2dc8a5d58ef34d065/transformed/coil-network-core/AndroidManifest.xml:2:1-7:12
build	Build with Gradle	2026-06-06T12:25:04.4109974Z MERGED from [io.coil-kt.coil3:coil-core-android:3.4.0] /home/runner/.gradle/caches/8.14/transforms/d8facd787edaf28a58d8c622a9331078/transformed/coil-core/AndroidManifest.xml:2:1-7:12
build	Build with Gradle	2026-06-06T12:25:04.4111110Z MERGED from [androidx.appcompat:appcompat-resources:1.7.1] /home/runner/.gradle/caches/8.14/transforms/f7a09b5d37e172440771a3c367250518/transformed/appcompat-resources-1.7.1/AndroidManifest.xml:2:1-7:12
build	Build with Gradle	2026-06-06T12:25:04.4112566Z MERGED from [androidx.vectordrawable:vectordrawable-animated:1.1.0] /home/runner/.gradle/caches/8.14/transforms/d697b5d8b45978ec3a98ef1655ea06c8/transformed/vectordrawable-animated-1.1.0/AndroidManifest.xml:17:1-24:12
build	Build with Gradle	2026-06-06T12:25:04.4113882Z MERGED from [androidx.vectordrawable:vectordrawable:1.1.0] /home/runner/.gradle/caches/8.14/transforms/dc0275561321685487c64fd075a63c35/transformed/vectordrawable-1.1.0/AndroidManifest.xml:17:1-24:12
build	Build with Gradle	2026-06-06T12:25:04.4115040Z MERGED from [dev.rikka.rikkax.widget:switchbar:1.0.2] /home/runner/.gradle/caches/8.14/transforms/04951a97475aebf6b800f98cdc845e28/transformed/switchbar-1.0.2/AndroidManifest.xml:2:1-11:12
build	Build with Gradle	2026-06-06T12:25:04.4116445Z MERGED from [androidx.swiperefreshlayout:swiperefreshlayout:1.1.0] /home/runner/.gradle/caches/8.14/transforms/f44317b6b582e3df5afb18620edd3775/transformed/swiperefreshlayout-1.1.0/AndroidManifest.xml:17:1-24:12
build	Build with Gradle	2026-06-06T12:25:04.4117710Z MERGED from [:database] /home/runner/work/ShizukuPlus/ShizukuPlus/database/build/intermediates/merged_manifest/release/processReleaseManifest/AndroidManifest.xml:2:1-7:12
build	Build with Gradle	2026-06-06T12:25:04.4118894Z MERGED from [dev.rikka.rikkax.insets:insets:1.3.0] /home/runner/.gradle/caches/8.14/transforms/30676eef3dc22ac269337397d20f7f25/transformed/insets-1.3.0-release/AndroidManifest.xml:2:1-9:12
build	Build with Gradle	2026-06-06T12:25:04.4120438Z MERGED from [androidx.customview:customview-poolingcontainer:1.0.0] /home/runner/.gradle/caches/8.14/transforms/6df4a8bec15c81ec5d96711ead8a45f6/transformed/customview-poolingcontainer-1.0.0/AndroidManifest.xml:17:1-23:12
build	Build with Gradle	2026-06-06T12:25:04.4121830Z MERGED from [androidx.graphics:graphics-shapes-android:1.0.1] /home/runner/.gradle/caches/8.14/transforms/c4288f6412f7c6bdcfe961d2f0efb4d2/transformed/graphics-shapes-release/AndroidManifest.xml:2:1-7:12
build	Build with Gradle	2026-06-06T12:25:04.4123039Z MERGED from [androidx.savedstate:savedstate-ktx:1.3.1] /home/runner/.gradle/caches/8.14/transforms/0f268d830baf1b2adb315c1349db4113/transformed/savedstate-ktx-1.3.1/AndroidManifest.xml:2:1-7:12
build	Build with Gradle	2026-06-06T12:25:04.4124230Z MERGED from [androidx.savedstate:savedstate-android:1.3.1] /home/runner/.gradle/caches/8.14/transforms/f85fca100dc1cfb9faf4b8055f4a62e9/transformed/savedstate-release/AndroidManifest.xml:17:1-22:12
build	Build with Gradle	2026-06-06T12:25:04.4125509Z MERGED from [org.jetbrains.androidx.core:core-bundle-android:1.0.1] /home/runner/.gradle/caches/8.14/transforms/d4dcb12619daf48292cb973faf4c0937/transformed/core-bundle-release/AndroidManifest.xml:2:1-7:12
build	Build with Gradle	2026-06-06T12:25:04.4126548Z MERGED from [androidx.core:core-ktx:1.16.0] /home/runner/.gradle/caches/8.14/transforms/029a61c97118f0c834c270c0dd5c56c8/transformed/core-ktx-1.16.0/AndroidManifest.xml:2:1-7:12
build	Build with Gradle	2026-06-06T12:25:04.4127812Z MERGED from [androidx.window:window:1.0.0] /home/runner/.gradle/caches/8.14/transforms/5424bb4aed8761312b4b26bf9e07d98a/transformed/window-1.0.0/AndroidManifest.xml:17:1-33:12
build	Build with Gradle	2026-06-06T12:25:04.4128881Z MERGED from [androidx.core:core:1.16.0] /home/runner/.gradle/caches/8.14/transforms/a18f3e8414f2ba4eb382dd01375ab089/transformed/core-1.16.0/AndroidManifest.xml:17:1-30:12
build	Build with Gradle	2026-06-06T12:25:04.4130200Z MERGED from [androidx.lifecycle:lifecycle-runtime-android:2.9.4] /home/runner/.gradle/caches/8.14/transforms/5cdb323f179a5400d9eac68baef40b22/transformed/lifecycle-runtime-release/AndroidManifest.xml:17:1-22:12
build	Build with Gradle	2026-06-06T12:25:04.4131463Z MERGED from [androidx.lifecycle:lifecycle-service:2.9.4] /home/runner/.gradle/caches/8.14/transforms/733f565b05217da1a995124053e2952d/transformed/lifecycle-service-2.9.4/AndroidManifest.xml:2:1-7:12
build	Build with Gradle	2026-06-06T12:25:04.4132794Z MERGED from [androidx.lifecycle:lifecycle-viewmodel:2.9.4] /home/runner/.gradle/caches/8.14/transforms/0c66718d94e4554cab2f7d8334723d4c/transformed/lifecycle-viewmodel-2.9.4/AndroidManifest.xml:2:1-5:12
build	Build with Gradle	2026-06-06T12:25:04.4134047Z MERGED from [androidx.lifecycle:lifecycle-viewmodel-android:2.9.4] /home/runner/.gradle/caches/8.14/transforms/20f00e5ccb0364701481c3adff0c0022/transformed/lifecycle-viewmodel-release/AndroidManifest.xml:17:1-22:12
build	Build with Gradle	2026-06-06T12:25:04.4135506Z MERGED from [androidx.lifecycle:lifecycle-viewmodel-savedstate-android:2.9.4] /home/runner/.gradle/caches/8.14/transforms/06bc399dfe425f0f5114ba44e76c1318/transformed/lifecycle-viewmodel-savedstate-release/AndroidManifest.xml:17:1-22:12
build	Build with Gradle	2026-06-06T12:25:04.4136746Z MERGED from [androidx.lifecycle:lifecycle-livedata-core:2.9.4] /home/runner/.gradle/caches/8.14/transforms/6fe02a9c6bc1a8d677661f17a75652df/transformed/lifecycle-livedata-core-2.9.4/AndroidManifest.xml:17:1-22:12
build	Build with Gradle	2026-06-06T12:25:04.4137986Z MERGED from [androidx.lifecycle:lifecycle-process:2.9.4] /home/runner/.gradle/caches/8.14/transforms/644a16fcc858b20f0d048c7466f19d9f/transformed/lifecycle-process-2.9.4/AndroidManifest.xml:17:1-35:12
build	Build with Gradle	2026-06-06T12:25:04.4139160Z MERGED from [androidx.lifecycle:lifecycle-runtime-ktx-android:2.9.4] /home/runner/.gradle/caches/8.14/transforms/045e1f63699bdc1710b726e46c8c703d/transformed/lifecycle-runtime-ktx/AndroidManifest.xml:2:1-7:12
build	Build with Gradle	2026-06-06T12:25:04.4140628Z MERGED from [androidx.lifecycle:lifecycle-livedata:2.9.4] /home/runner/.gradle/caches/8.14/transforms/0bbb0e176c4adaced1da8fc8c45f5f69/transformed/lifecycle-livedata-2.9.4/AndroidManifest.xml:17:1-22:12
build	Build with Gradle	2026-06-06T12:25:04.4142041Z MERGED from [androidx.lifecycle:lifecycle-livedata-core-ktx:2.9.4] /home/runner/.gradle/caches/8.14/transforms/86daf15fa6531778dc0ccc1fef270dd4/transformed/lifecycle-livedata-core-ktx-2.9.4/AndroidManifest.xml:2:1-7:12
build	Build with Gradle	2026-06-06T12:25:04.4143272Z MERGED from [androidx.compose.ui:ui-graphics:1.1.1] /home/runner/.gradle/caches/8.14/transforms/6afc1b2f65d907779fd871415079443b/transformed/ui-graphics-1.1.1/AndroidManifest.xml:17:1-24:12
build	Build with Gradle	2026-06-06T12:25:04.4144559Z MERGED from [androidx.compose.ui:ui-unit:1.1.1] /home/runner/.gradle/caches/8.14/transforms/eb0c0593968df75a68be86f7d6f56e03/transformed/ui-unit-1.1.1/AndroidManifest.xml:17:1-24:12
build	Build with Gradle	2026-06-06T12:25:04.4145702Z MERGED from [androidx.compose.ui:ui-geometry:1.1.1] /home/runner/.gradle/caches/8.14/transforms/e243041e7dbb74197d5bc00e0943bf6a/transformed/ui-geometry-1.1.1/AndroidManifest.xml:17:1-24:12
build	Build with Gradle	2026-06-06T12:25:04.4146865Z MERGED from [androidx.compose.runtime:runtime:1.2.1] /home/runner/.gradle/caches/8.14/transforms/f9239a1ba9edcb911ae9670e7877c906/transformed/runtime-1.2.1/AndroidManifest.xml:17:1-23:12
build	Build with Gradle	2026-06-06T12:25:04.4148298Z MERGED from [io.sentry:sentry-compose-android:8.40.0] /home/runner/.gradle/caches/8.14/transforms/a8b524143b57d8c2908f9c01f30efac2/transformed/sentry-compose-release/AndroidManifest.xml:2:1-7:12
build	Build with Gradle	2026-06-06T12:25:04.4149575Z MERGED from [androidx.lifecycle:lifecycle-livedata-ktx:2.9.4] /home/runner/.gradle/caches/8.14/transforms/dc0568acb601ada223da268dc89d9a1a/transformed/lifecycle-livedata-ktx-2.9.4/AndroidManifest.xml:2:1-7:12
build	Build with Gradle	2026-06-06T12:25:04.4151063Z MERGED from [dev.rikka.rikkax.lifecycle:lifecycle-resource-livedata:1.0.1] /home/runner/.gradle/caches/8.14/transforms/0380dce5195f95e6e343462acaffc231/transformed/lifecycle-resource-livedata-1.0.1-release/AndroidManifest.xml:2:1-9:12
build	Build with Gradle	2026-06-06T12:25:04.4152429Z MERGED from [androidx.lifecycle:lifecycle-viewmodel-ktx:2.9.4] /home/runner/.gradle/caches/8.14/transforms/ef0d0ada300b662b4bc2dcd561c4ab70/transformed/lifecycle-viewmodel-ktx-2.9.4/AndroidManifest.xml:2:1-7:12
build	Build with Gradle	2026-06-06T12:25:04.4153698Z MERGED from [androidx.datastore:datastore-preferences:1.0.0] /home/runner/.gradle/caches/8.14/transforms/8c7c9a78376cd260d7272a1fac1507a0/transformed/datastore-preferences-1.0.0/AndroidManifest.xml:17:1-24:12
build	Build with Gradle	2026-06-06T12:25:04.4154799Z MERGED from [androidx.datastore:datastore:1.0.0] /home/runner/.gradle/caches/8.14/transforms/615878ae3b772c18093f4d9e3e195a20/transformed/datastore-1.0.0/AndroidManifest.xml:17:1-24:12
build	Build with Gradle	2026-06-06T12:25:04.4155922Z MERGED from [androidx.room:room-runtime:2.6.1] /home/runner/.gradle/caches/8.14/transforms/a0f2f8571a731d673f1339b181103682/transformed/room-runtime-2.6.1/AndroidManifest.xml:17:1-31:12
build	Build with Gradle	2026-06-06T12:25:04.4156997Z MERGED from [androidx.room:room-ktx:2.6.1] /home/runner/.gradle/caches/8.14/transforms/b7f54caf5fd601a6753bed9729e1530e/transformed/room-ktx-2.6.1/AndroidManifest.xml:17:1-22:12
build	Build with Gradle	2026-06-06T12:25:04.4158342Z MERGED from [androidx.core:core-splashscreen:1.0.1] /home/runner/.gradle/caches/8.14/transforms/b1caf7903885e6dfd466268b50bb28e5/transformed/core-splashscreen-1.0.1/AndroidManifest.xml:17:1-24:12
build	Build with Gradle	2026-06-06T12:25:04.4159476Z MERGED from [:common] /home/runner/work/ShizukuPlus/ShizukuPlus/common/build/intermediates/merged_manifest/release/processReleaseManifest/AndroidManifest.xml:2:1-7:12
build	Build with Gradle	2026-06-06T12:25:04.4160571Z MERGED from [com.jakewharton.timber:timber:5.0.1] /home/runner/.gradle/caches/8.14/transforms/ab00c267663707e20a9c28832bd574a2/transformed/timber-5.0.1/AndroidManifest.xml:2:1-9:12
build	Build with Gradle	2026-06-06T12:25:04.4161659Z MERGED from [dev.rikka.rikkax.html:html-ktx:1.1.2] /home/runner/.gradle/caches/8.14/transforms/f59af9a0eace077f0e9ad35c903edb0e/transformed/html-ktx-1.1.2/AndroidManifest.xml:2:1-11:12
build	Build with Gradle	2026-06-06T12:25:04.4163151Z MERGED from [com.mikepenz:aboutlibraries-core-android:11.6.3] /home/runner/.gradle/caches/8.14/transforms/5e76c393bb448bcfa0655c68ec471020/transformed/aboutlibraries-core-release/AndroidManifest.xml:2:1-7:12
build	Build with Gradle	2026-06-06T12:25:04.4164506Z MERGED from [io.sentry:sentry-android-timber:8.40.0] /home/runner/.gradle/caches/8.14/transforms/bd37fa4ac9a923d774be35a04b675e9d/transformed/sentry-android-timber-8.40.0/AndroidManifest.xml:2:1-7:12
build	Build with Gradle	2026-06-06T12:25:04.4165794Z MERGED from [androidx.sqlite:sqlite-framework:2.4.0] /home/runner/.gradle/caches/8.14/transforms/82c33335d6daf0ba2c2d3106c603ebc3/transformed/sqlite-framework-2.4.0/AndroidManifest.xml:17:1-22:12
build	Build with Gradle	2026-06-06T12:25:04.4166964Z MERGED from [androidx.sqlite:sqlite:2.4.0] /home/runner/.gradle/caches/8.14/transforms/f5dc25b733d8c7664560d889ae0ff956/transformed/sqlite-2.4.0/AndroidManifest.xml:17:1-22:12
build	Build with Gradle	2026-06-06T12:25:04.4168420Z MERGED from [io.sentry:sentry-android-sqlite:8.40.0] /home/runner/.gradle/caches/8.14/transforms/a6341a3e8d2c382078fb8f297369ac51/transformed/sentry-android-sqlite-8.40.0/AndroidManifest.xml:2:1-7:12
build	Build with Gradle	2026-06-06T12:25:04.4169541Z MERGED from [:rish] /home/runner/work/ShizukuPlus/ShizukuPlus/api/rish/build/intermediates/merged_manifest/release/processReleaseManifest/AndroidManifest.xml:2:1-7:12
build	Build with Gradle	2026-06-06T12:25:04.4170511Z MERGED from [:provider] /home/runner/work/ShizukuPlus/ShizukuPlus/api/provider/build/intermediates/merged_manifest/release/processReleaseManifest/AndroidManifest.xml:2:1-16:12
build	Build with Gradle	2026-06-06T12:25:04.4171532Z MERGED from [:api] /home/runner/work/ShizukuPlus/ShizukuPlus/api/api/build/intermediates/merged_manifest/release/processReleaseManifest/AndroidManifest.xml:2:1-7:12
build	Build with Gradle	2026-06-06T12:25:04.4172595Z MERGED from [androidx.interpolator:interpolator:1.0.0] /home/runner/.gradle/caches/8.14/transforms/15a46fdad85d2cb7e7c637ba2a744a05/transformed/interpolator-1.0.0/AndroidManifest.xml:17:1-22:12
build	Build with Gradle	2026-06-06T12:25:04.4173778Z MERGED from [dev.rikka.rikkax.compatibility:compatibility:2.0.0] /home/runner/.gradle/caches/8.14/transforms/5d7fa8ac1f6ab741b32c1fc4bc71bdf6/transformed/compatibility-2.0.0/AndroidManifest.xml:2:1-9:12
build	Build with Gradle	2026-06-06T12:25:04.4175031Z MERGED from [dev.rikka.rikkax.layoutinflater:layoutinflater:1.3.0] /home/runner/.gradle/caches/8.14/transforms/6a51a01fd16264a83e0f0feeab00d6ea/transformed/layoutinflater-1.3.0/AndroidManifest.xml:2:1-7:12
build	Build with Gradle	2026-06-06T12:25:04.4176326Z MERGED from [me.zhanghai.android.appiconloader:appiconloader:1.5.0] /home/runner/.gradle/caches/8.14/transforms/7cb87b818b30498bcde5bf59509b305b/transformed/appiconloader-1.5.0/AndroidManifest.xml:17:1-24:12
build	Build with Gradle	2026-06-06T12:25:04.4177643Z MERGED from [:shared] /home/runner/work/ShizukuPlus/ShizukuPlus/api/shared/build/intermediates/merged_manifest/release/processReleaseManifest/AndroidManifest.xml:2:1-7:12
build	Build with Gradle	2026-06-06T12:25:04.4178789Z MERGED from [dev.rikka.rikkax.buildcompat:buildcompat:34.0.1] /home/runner/.gradle/caches/8.14/transforms/d90402c4b85ec72d1d4a6e1bb45ac913/transformed/buildcompat-34.0.1/AndroidManifest.xml:2:1-7:12
build	Build with Gradle	2026-06-06T12:25:04.4179795Z MERGED from [androidx.cardview:cardview:1.0.0] /home/runner/.gradle/caches/8.14/transforms/b2e7fb1ff7f260dce39e55cb27088efd/transformed/cardview-1.0.0/AndroidManifest.xml:17:1-22:12
build	Build with Gradle	2026-06-06T12:25:04.4180906Z MERGED from [androidx.cursoradapter:cursoradapter:1.0.0] /home/runner/.gradle/caches/8.14/transforms/af1849ac59ea9b10c0df81a67570c855/transformed/cursoradapter-1.0.0/AndroidManifest.xml:17:1-22:12
build	Build with Gradle	2026-06-06T12:25:04.4181882Z MERGED from [dev.rikka.rikkax.lazy:lazy:2.0.0] /home/runner/.gradle/caches/8.14/transforms/b7fdebfd9343bbc576a29ab8d68fb354/transformed/lazy-2.0.0/AndroidManifest.xml:2:1-9:12
build	Build with Gradle	2026-06-06T12:25:04.4183056Z MERGED from [dev.rikka.rikkax.html:html:1.1.2] /home/runner/.gradle/caches/8.14/transforms/e5742399012525e0edda6cc8d9ad7262/transformed/html-1.1.2/AndroidManifest.xml:2:1-11:12
build	Build with Gradle	2026-06-06T12:25:04.4184385Z MERGED from [me.zhanghai.android.appiconloader:appiconloader-iconloaderlib:1.5.0] /home/runner/.gradle/caches/8.14/transforms/def85582213ab2870d896da947e1bd2a/transformed/appiconloader-iconloaderlib-1.5.0/AndroidManifest.xml:17:1-24:12
build	Build with Gradle	2026-06-06T12:25:04.4185613Z MERGED from [androidx.arch.core:core-runtime:2.2.0] /home/runner/.gradle/caches/8.14/transforms/9a0af10b7d6a004c0dde0da7908916e8/transformed/core-runtime-2.2.0/AndroidManifest.xml:17:1-22:12
build	Build with Gradle	2026-06-06T12:25:04.4186761Z MERGED from [androidx.startup:startup-runtime:1.1.1] /home/runner/.gradle/caches/8.14/transforms/c3f1fba07658b0b59e408933ad000cab/transformed/startup-runtime-1.1.1/AndroidManifest.xml:17:1-33:12
build	Build with Gradle	2026-06-06T12:25:04.4188018Z MERGED from [androidx.tracing:tracing-ktx:1.2.0] /home/runner/.gradle/caches/8.14/transforms/0f8fd961fa88f172b795e954c693c5a2/transformed/tracing-ktx-1.2.0/AndroidManifest.xml:17:1-22:12
build	Build with Gradle	2026-06-06T12:25:04.4189112Z MERGED from [androidx.tracing:tracing:1.2.0] /home/runner/.gradle/caches/8.14/transforms/ac9c2613db74d91f76d389a55de09aeb/transformed/tracing-1.2.0/AndroidManifest.xml:17:1-22:12
build	Build with Gradle	2026-06-06T12:25:04.4190425Z MERGED from [androidx.versionedparcelable:versionedparcelable:1.1.1] /home/runner/.gradle/caches/8.14/transforms/eec55b2add6457c8fb902795cbf8eedc/transformed/versionedparcelable-1.1.1/AndroidManifest.xml:17:1-27:12
build	Build with Gradle	2026-06-06T12:25:04.4191580Z MERGED from [androidx.exifinterface:exifinterface:1.4.2] /home/runner/.gradle/caches/8.14/transforms/96dabcaf2d8839737bfa5e7bcc9c8d29/transformed/exifinterface-1.4.2/AndroidManifest.xml:2:1-7:12
build	Build with Gradle	2026-06-06T12:25:04.4192834Z MERGED from [androidx.annotation:annotation-experimental:1.4.1] /home/runner/.gradle/caches/8.14/transforms/b63ec3c1af75a7e3e11e00b71c5d2f13/transformed/annotation-experimental-1.4.1/AndroidManifest.xml:2:1-7:12
build	Build with Gradle	2026-06-06T12:25:04.4193910Z MERGED from [androidx.core:core-viewtree:1.0.0] /home/runner/.gradle/caches/8.14/transforms/a203a862f516367cac65cc0033ada510/transformed/core-viewtree-1.0.0/AndroidManifest.xml:2:1-7:12
build	Build with Gradle	2026-06-06T12:25:04.4194921Z MERGED from [androidx.compose.ui:ui-util:1.1.1] /home/runner/.gradle/caches/8.14/transforms/acaa3cdd1b8646165db9384aee71e410/transformed/ui-util-1.1.1/AndroidManifest.xml:17:1-24:12
build	Build with Gradle	2026-06-06T12:25:04.4195891Z MERGED from [com.airbnb.android:lottie:6.6.2] /home/runner/.gradle/caches/8.14/transforms/fdd7a2f71d98268b12d6291e62912d0b/transformed/lottie-6.6.2/AndroidManifest.xml:2:1-9:12
build	Build with Gradle	2026-06-06T12:25:04.4196868Z MERGED from [com.github.topjohnwu.libsu:core:6.0.0] /home/runner/.gradle/caches/8.14/transforms/f16a35ef33f3a5860c0cc8532fe5dc8c/transformed/core-6.0.0/AndroidManifest.xml:2:1-7:12
build	Build with Gradle	2026-06-06T12:25:04.4198058Z MERGED from [io.github.vvb2060.ndk:boringssl:20250114] /home/runner/.gradle/caches/8.14/transforms/c0673a6896f886d42be301918536c345/transformed/boringssl-20250114/AndroidManifest.xml:2:1-7:12
build	Build with Gradle	2026-06-06T12:25:04.4199108Z MERGED from [org.lsposed.libcxx:libcxx:27.0.12077973] /home/runner/.gradle/caches/8.14/transforms/0229dbc9f57fa8133a9f500f70fe76a8/transformed/libcxx-27.0.12077973/AndroidManifest.xml:2:1-7:12
build	Build with Gradle	2026-06-06T12:25:04.4200262Z MERGED from [org.lsposed.hiddenapibypass:hiddenapibypass:6.1] /home/runner/.gradle/caches/8.14/transforms/b966c438ee1e24a5a0e1926959b61a2d/transformed/hiddenapibypass-6.1/AndroidManifest.xml:2:1-7:12
build	Build with Gradle	2026-06-06T12:25:04.4201482Z MERGED from [io.sentry:sentry-android-fragment:8.40.0] /home/runner/.gradle/caches/8.14/transforms/966464b5816c63aee25736b13ab38709/transformed/sentry-android-fragment-8.40.0/AndroidManifest.xml:2:1-7:12
build	Build with Gradle	2026-06-06T12:25:04.4202722Z MERGED from [dev.rikka.rikkax.parcelablelist:parcelablelist:2.0.1] /home/runner/.gradle/caches/8.14/transforms/4b91b30cdde5ec990d4144c4990f3981/transformed/parcelablelist-2.0.1-release/AndroidManifest.xml:2:1-9:12
build	Build with Gradle	2026-06-06T12:25:04.4203733Z MERGED from [:aidl] /home/runner/work/ShizukuPlus/ShizukuPlus/api/aidl/build/intermediates/merged_manifest/release/processReleaseManifest/AndroidManifest.xml:2:1-7:12
build	Build with Gradle	2026-06-06T12:25:04.4204973Z MERGED from [io.sentry:sentry-android-navigation:8.40.0] /home/runner/.gradle/caches/8.14/transforms/966144f595f2139b76140bbf274142f6/transformed/sentry-android-navigation-8.40.0/AndroidManifest.xml:2:1-7:12
build	Build with Gradle	2026-06-06T12:25:04.4205276Z 	package
build	Build with Gradle	2026-06-06T12:25:04.4205816Z 		INJECTED from /home/runner/work/ShizukuPlus/ShizukuPlus/manager/src/main/AndroidManifest.xml
build	Build with Gradle	2026-06-06T12:25:04.4206001Z 	android:versionName
build	Build with Gradle	2026-06-06T12:25:04.4206515Z 		INJECTED from /home/runner/work/ShizukuPlus/ShizukuPlus/manager/src/main/AndroidManifest.xml
build	Build with Gradle	2026-06-06T12:25:04.4206698Z 	xmlns:tools
build	Build with Gradle	2026-06-06T12:25:04.4207260Z 		ADDED from /home/runner/work/ShizukuPlus/ShizukuPlus/manager/src/main/AndroidManifest.xml:3:5-51
build	Build with Gradle	2026-06-06T12:25:04.4207649Z 	android:versionCode
build	Build with Gradle	2026-06-06T12:25:04.4208201Z 		INJECTED from /home/runner/work/ShizukuPlus/ShizukuPlus/manager/src/main/AndroidManifest.xml
build	Build with Gradle	2026-06-06T12:25:04.4208457Z 	xmlns:android
build	Build with Gradle	2026-06-06T12:25:04.4209007Z 		ADDED from /home/runner/work/ShizukuPlus/ShizukuPlus/manager/src/main/AndroidManifest.xml:2:11-69
build	Build with Gradle	2026-06-06T12:25:04.4209336Z uses-permission#android.permission.RECEIVE_BOOT_COMPLETED
build	Build with Gradle	2026-06-06T12:25:04.4209861Z ADDED from /home/runner/work/ShizukuPlus/ShizukuPlus/manager/src/main/AndroidManifest.xml:5:5-81
build	Build with Gradle	2026-06-06T12:25:04.4210919Z MERGED from [androidx.work:work-runtime:2.10.4] /home/runner/.gradle/caches/8.14/transforms/ff46523a05730a3410b3d43ab7271bd0/transformed/work-runtime-2.10.4/AndroidManifest.xml:25:5-81
build	Build with Gradle	2026-06-06T12:25:04.4212047Z MERGED from [androidx.work:work-runtime:2.10.4] /home/runner/.gradle/caches/8.14/transforms/ff46523a05730a3410b3d43ab7271bd0/transformed/work-runtime-2.10.4/AndroidManifest.xml:25:5-81
build	Build with Gradle	2026-06-06T12:25:04.4212227Z 	android:name
build	Build with Gradle	2026-06-06T12:25:04.4212779Z 		ADDED from /home/runner/work/ShizukuPlus/ShizukuPlus/manager/src/main/AndroidManifest.xml:5:22-78
build	Build with Gradle	2026-06-06T12:25:04.4213091Z uses-permission#android.permission.FOREGROUND_SERVICE
build	Build with Gradle	2026-06-06T12:25:04.4213623Z ADDED from /home/runner/work/ShizukuPlus/ShizukuPlus/manager/src/main/AndroidManifest.xml:6:5-77
build	Build with Gradle	2026-06-06T12:25:04.4214663Z MERGED from [androidx.work:work-runtime:2.10.4] /home/runner/.gradle/caches/8.14/transforms/ff46523a05730a3410b3d43ab7271bd0/transformed/work-runtime-2.10.4/AndroidManifest.xml:26:5-77
build	Build with Gradle	2026-06-06T12:25:04.4215708Z MERGED from [androidx.work:work-runtime:2.10.4] /home/runner/.gradle/caches/8.14/transforms/ff46523a05730a3410b3d43ab7271bd0/transformed/work-runtime-2.10.4/AndroidManifest.xml:26:5-77
build	Build with Gradle	2026-06-06T12:25:04.4215905Z 	android:name
build	Build with Gradle	2026-06-06T12:25:04.4216475Z 		ADDED from /home/runner/work/ShizukuPlus/ShizukuPlus/manager/src/main/AndroidManifest.xml:6:22-74
build	Build with Gradle	2026-06-06T12:25:04.4216721Z uses-permission#android.permission.INTERNET
build	Build with Gradle	2026-06-06T12:25:04.4217294Z ADDED from /home/runner/work/ShizukuPlus/ShizukuPlus/manager/src/main/AndroidManifest.xml:7:5-67
build	Build with Gradle	2026-06-06T12:25:04.4218559Z MERGED from [io.sentry:sentry-android-core:8.40.0] /home/runner/.gradle/caches/8.14/transforms/f3104eb4796c3cb96709ee2563cfb750/transformed/sentry-android-core-8.40.0/AndroidManifest.xml:7:5-67
build	Build with Gradle	2026-06-06T12:25:04.4219700Z MERGED from [io.sentry:sentry-android-core:8.40.0] /home/runner/.gradle/caches/8.14/transforms/f3104eb4796c3cb96709ee2563cfb750/transformed/sentry-android-core-8.40.0/AndroidManifest.xml:7:5-67
build	Build with Gradle	2026-06-06T12:25:04.4219881Z 	android:name
build	Build with Gradle	2026-06-06T12:25:04.4220474Z 		ADDED from /home/runner/work/ShizukuPlus/ShizukuPlus/manager/src/main/AndroidManifest.xml:7:22-64
build	Build with Gradle	2026-06-06T12:25:04.4220786Z uses-permission#android.permission.PACKAGE_USAGE_STATS
build	Build with Gradle	2026-06-06T12:25:04.4221381Z ADDED from /home/runner/work/ShizukuPlus/ShizukuPlus/manager/src/main/AndroidManifest.xml:8:5-10:47
build	Build with Gradle	2026-06-06T12:25:04.4221583Z 	tools:ignore
build	Build with Gradle	2026-06-06T12:25:04.4222120Z 		ADDED from /home/runner/work/ShizukuPlus/ShizukuPlus/manager/src/main/AndroidManifest.xml:10:9-44
build	Build with Gradle	2026-06-06T12:25:04.4222305Z 	android:name
build	Build with Gradle	2026-06-06T12:25:04.4222725Z 		ADDED from /home/runner/work/ShizukuPlus/ShizukuPlus/manager/src/main/AndroidManifest.xml:9:9-62
build	Build with Gradle	2026-06-06T12:25:04.4223023Z uses-permission#android.permission.POST_NOTIFICATIONS
build	Build with Gradle	2026-06-06T12:25:04.4223524Z ADDED from /home/runner/work/ShizukuPlus/ShizukuPlus/manager/src/main/AndroidManifest.xml:11:5-77
build	Build with Gradle	2026-06-06T12:25:04.4223675Z 	android:name
build	Build with Gradle	2026-06-06T12:25:04.4224350Z 		ADDED from /home/runner/work/ShizukuPlus/ShizukuPlus/manager/src/main/AndroidManifest.xml:11:22-74
build	Build with Gradle	2026-06-06T12:25:04.4224655Z uses-permission#android.permission.ACCESS_NETWORK_STATE
build	Build with Gradle	2026-06-06T12:25:04.4225161Z ADDED from /home/runner/work/ShizukuPlus/ShizukuPlus/manager/src/main/AndroidManifest.xml:12:5-79
build	Build with Gradle	2026-06-06T12:25:04.4226610Z MERGED from [androidx.work:work-runtime:2.10.4] /home/runner/.gradle/caches/8.14/transforms/ff46523a05730a3410b3d43ab7271bd0/transformed/work-runtime-2.10.4/AndroidManifest.xml:24:5-79
build	Build with Gradle	2026-06-06T12:25:04.4227961Z MERGED from [androidx.work:work-runtime:2.10.4] /home/runner/.gradle/caches/8.14/transforms/ff46523a05730a3410b3d43ab7271bd0/transformed/work-runtime-2.10.4/AndroidManifest.xml:24:5-79
build	Build with Gradle	2026-06-06T12:25:04.4228278Z 	android:name
build	Build with Gradle	2026-06-06T12:25:04.4228863Z 		ADDED from /home/runner/work/ShizukuPlus/ShizukuPlus/manager/src/main/AndroidManifest.xml:12:22-76
build	Build with Gradle	2026-06-06T12:25:04.4229306Z uses-permission#android.permission.REQUEST_IGNORE_BATTERY_OPTIMIZATIONS
build	Build with Gradle	2026-06-06T12:25:04.4229840Z ADDED from /home/runner/work/ShizukuPlus/ShizukuPlus/manager/src/main/AndroidManifest.xml:13:5-95
build	Build with Gradle	2026-06-06T12:25:04.4230094Z 	android:name
build	Build with Gradle	2026-06-06T12:25:04.4230646Z 		ADDED from /home/runner/work/ShizukuPlus/ShizukuPlus/manager/src/main/AndroidManifest.xml:13:22-92
build	Build with Gradle	2026-06-06T12:25:04.4230943Z uses-permission#android.permission.QUERY_ALL_PACKAGES
build	Build with Gradle	2026-06-06T12:25:04.4231490Z ADDED from /home/runner/work/ShizukuPlus/ShizukuPlus/manager/src/main/AndroidManifest.xml:14:5-77
build	Build with Gradle	2026-06-06T12:25:04.4231673Z 	android:name
build	Build with Gradle	2026-06-06T12:25:04.4232232Z 		ADDED from /home/runner/work/ShizukuPlus/ShizukuPlus/manager/src/main/AndroidManifest.xml:14:22-74
build	Build with Gradle	2026-06-06T12:25:04.4232648Z uses-permission#android.permission.FOREGROUND_SERVICE_SPECIAL_USE
build	Build with Gradle	2026-06-06T12:25:04.4233230Z ADDED from /home/runner/work/ShizukuPlus/ShizukuPlus/manager/src/main/AndroidManifest.xml:15:5-89
build	Build with Gradle	2026-06-06T12:25:04.4233408Z 	android:name
build	Build with Gradle	2026-06-06T12:25:04.4233973Z 		ADDED from /home/runner/work/ShizukuPlus/ShizukuPlus/manager/src/main/AndroidManifest.xml:15:22-86
build	Build with Gradle	2026-06-06T12:25:04.4234335Z uses-permission#android.permission.REQUEST_INSTALL_PACKAGES
build	Build with Gradle	2026-06-06T12:25:04.4234900Z ADDED from /home/runner/work/ShizukuPlus/ShizukuPlus/manager/src/main/AndroidManifest.xml:16:5-83
build	Build with Gradle	2026-06-06T12:25:04.4235080Z 	android:name
build	Build with Gradle	2026-06-06T12:25:04.4235641Z 		ADDED from /home/runner/work/ShizukuPlus/ShizukuPlus/manager/src/main/AndroidManifest.xml:16:22-80
build	Build with Gradle	2026-06-06T12:25:04.4236031Z uses-permission#android.permission.DOWNLOAD_WITHOUT_NOTIFICATION
build	Build with Gradle	2026-06-06T12:25:04.4236602Z ADDED from /home/runner/work/ShizukuPlus/ShizukuPlus/manager/src/main/AndroidManifest.xml:17:5-88
build	Build with Gradle	2026-06-06T12:25:04.4236836Z 	android:name
build	Build with Gradle	2026-06-06T12:25:04.4237545Z 		ADDED from /home/runner/work/ShizukuPlus/ShizukuPlus/manager/src/main/AndroidManifest.xml:17:22-85
build	Build with Gradle	2026-06-06T12:25:04.4237880Z uses-permission#android.permission.WRITE_SECURE_SETTINGS
build	Build with Gradle	2026-06-06T12:25:04.4238469Z ADDED from /home/runner/work/ShizukuPlus/ShizukuPlus/manager/src/main/AndroidManifest.xml:19:5-21:47
build	Build with Gradle	2026-06-06T12:25:04.4238659Z 	tools:ignore
build	Build with Gradle	2026-06-06T12:25:04.4239276Z 		ADDED from /home/runner/work/ShizukuPlus/ShizukuPlus/manager/src/main/AndroidManifest.xml:21:9-44
build	Build with Gradle	2026-06-06T12:25:04.4239456Z 	android:name
build	Build with Gradle	2026-06-06T12:25:04.4240015Z 		ADDED from /home/runner/work/ShizukuPlus/ShizukuPlus/manager/src/main/AndroidManifest.xml:20:9-64
build	Build with Gradle	2026-06-06T12:25:04.4240253Z uses-feature#android.software.leanback
build	Build with Gradle	2026-06-06T12:25:04.4240840Z ADDED from /home/runner/work/ShizukuPlus/ShizukuPlus/manager/src/main/AndroidManifest.xml:23:5-25:36
build	Build with Gradle	2026-06-06T12:25:04.4241040Z 	android:required
build	Build with Gradle	2026-06-06T12:25:04.4241618Z 		ADDED from /home/runner/work/ShizukuPlus/ShizukuPlus/manager/src/main/AndroidManifest.xml:25:9-33
build	Build with Gradle	2026-06-06T12:25:04.4241795Z 	android:name
build	Build with Gradle	2026-06-06T12:25:04.4242359Z 		ADDED from /home/runner/work/ShizukuPlus/ShizukuPlus/manager/src/main/AndroidManifest.xml:24:9-49
build	Build with Gradle	2026-06-06T12:25:04.4242605Z uses-feature#android.hardware.touchscreen
build	Build with Gradle	2026-06-06T12:25:04.4243333Z ADDED from /home/runner/work/ShizukuPlus/ShizukuPlus/manager/src/main/AndroidManifest.xml:26:5-28:36
build	Build with Gradle	2026-06-06T12:25:04.4243524Z 	android:required
build	Build with Gradle	2026-06-06T12:25:04.4244060Z 		ADDED from /home/runner/work/ShizukuPlus/ShizukuPlus/manager/src/main/AndroidManifest.xml:28:9-33
build	Build with Gradle	2026-06-06T12:25:04.4244224Z 	android:name
build	Build with Gradle	2026-06-06T12:25:04.4244749Z 		ADDED from /home/runner/work/ShizukuPlus/ShizukuPlus/manager/src/main/AndroidManifest.xml:27:9-52
build	Build with Gradle	2026-06-06T12:25:04.4245159Z permission-group#af.shizuku.plus.permission-group.API
build	Build with Gradle	2026-06-06T12:25:04.4245696Z ADDED from /home/runner/work/ShizukuPlus/ShizukuPlus/manager/src/main/AndroidManifest.xml:30:5-34:58
build	Build with Gradle	2026-06-06T12:25:04.4245947Z 	android:label
build	Build with Gradle	2026-06-06T12:25:04.4246430Z 		ADDED from /home/runner/work/ShizukuPlus/ShizukuPlus/manager/src/main/AndroidManifest.xml:34:9-55
build	Build with Gradle	2026-06-06T12:25:04.4246594Z 	android:icon
build	Build with Gradle	2026-06-06T12:25:04.4247134Z 		ADDED from /home/runner/work/ShizukuPlus/ShizukuPlus/manager/src/main/AndroidManifest.xml:33:9-48
build	Build with Gradle	2026-06-06T12:25:04.4247323Z 	android:description
build	Build with Gradle	2026-06-06T12:25:04.4247983Z 		ADDED from /home/runner/work/ShizukuPlus/ShizukuPlus/manager/src/main/AndroidManifest.xml:32:9-67
build	Build with Gradle	2026-06-06T12:25:04.4248251Z 	android:name
build	Build with Gradle	2026-06-06T12:25:04.4248735Z 		ADDED from /home/runner/work/ShizukuPlus/ShizukuPlus/manager/src/main/AndroidManifest.xml:31:9-60
build	Build with Gradle	2026-06-06T12:25:04.4249010Z permission#af.shizuku.plus.permission.MANAGER
build	Build with Gradle	2026-06-06T12:25:04.4249523Z ADDED from /home/runner/work/ShizukuPlus/ShizukuPlus/manager/src/main/AndroidManifest.xml:36:5-38:47
build	Build with Gradle	2026-06-06T12:25:04.4249699Z 	android:protectionLevel
build	Build with Gradle	2026-06-06T12:25:04.4250218Z 		ADDED from /home/runner/work/ShizukuPlus/ShizukuPlus/manager/src/main/AndroidManifest.xml:38:9-44
build	Build with Gradle	2026-06-06T12:25:04.4250392Z 	android:name
build	Build with Gradle	2026-06-06T12:25:04.4250915Z 		ADDED from /home/runner/work/ShizukuPlus/ShizukuPlus/manager/src/main/AndroidManifest.xml:37:9-58
build	Build with Gradle	2026-06-06T12:25:04.4251209Z uses-permission#af.shizuku.plus.permission.MANAGER
build	Build with Gradle	2026-06-06T12:25:04.4251726Z ADDED from /home/runner/work/ShizukuPlus/ShizukuPlus/manager/src/main/AndroidManifest.xml:39:5-74
build	Build with Gradle	2026-06-06T12:25:04.4251896Z 	android:name
build	Build with Gradle	2026-06-06T12:25:04.4252465Z 		ADDED from /home/runner/work/ShizukuPlus/ShizukuPlus/manager/src/main/AndroidManifest.xml:39:22-71
build	Build with Gradle	2026-06-06T12:25:04.4252731Z permission#af.shizuku.plus.permission.API_V23
build	Build with Gradle	2026-06-06T12:25:04.4253306Z ADDED from /home/runner/work/ShizukuPlus/ShizukuPlus/manager/src/main/AndroidManifest.xml:41:5-47:47
build	Build with Gradle	2026-06-06T12:25:04.4253492Z 	android:label
build	Build with Gradle	2026-06-06T12:25:04.4254036Z 		ADDED from /home/runner/work/ShizukuPlus/ShizukuPlus/manager/src/main/AndroidManifest.xml:45:9-49
build	Build with Gradle	2026-06-06T12:25:04.4254237Z 	android:protectionLevel
build	Build with Gradle	2026-06-06T12:25:04.4254777Z 		ADDED from /home/runner/work/ShizukuPlus/ShizukuPlus/manager/src/main/AndroidManifest.xml:47:9-44
build	Build with Gradle	2026-06-06T12:25:04.4254985Z 	android:permissionGroup
build	Build with Gradle	2026-06-06T12:25:04.4255532Z 		ADDED from /home/runner/work/ShizukuPlus/ShizukuPlus/manager/src/main/AndroidManifest.xml:46:9-71
build	Build with Gradle	2026-06-06T12:25:04.4255709Z 	android:icon
build	Build with Gradle	2026-06-06T12:25:04.4256240Z 		ADDED from /home/runner/work/ShizukuPlus/ShizukuPlus/manager/src/main/AndroidManifest.xml:44:9-48
build	Build with Gradle	2026-06-06T12:25:04.4256552Z 	android:description
build	Build with Gradle	2026-06-06T12:25:04.4257110Z 		ADDED from /home/runner/work/ShizukuPlus/ShizukuPlus/manager/src/main/AndroidManifest.xml:43:9-61
build	Build with Gradle	2026-06-06T12:25:04.4257274Z 	android:name
build	Build with Gradle	2026-06-06T12:25:04.4257918Z 		ADDED from /home/runner/work/ShizukuPlus/ShizukuPlus/manager/src/main/AndroidManifest.xml:42:9-58
build	Build with Gradle	2026-06-06T12:25:04.4258227Z uses-permission#moe.shizuku.manager.permission.API_V23
build	Build with Gradle	2026-06-06T12:25:04.4258749Z ADDED from /home/runner/work/ShizukuPlus/ShizukuPlus/manager/src/main/AndroidManifest.xml:49:5-51:31
build	Build with Gradle	2026-06-06T12:25:04.4258932Z 	tools:node
build	Build with Gradle	2026-06-06T12:25:04.4259491Z 		ADDED from /home/runner/work/ShizukuPlus/ShizukuPlus/manager/src/main/AndroidManifest.xml:51:9-28
build	Build with Gradle	2026-06-06T12:25:04.4259664Z 	android:name
build	Build with Gradle	2026-06-06T12:25:04.4260198Z 		ADDED from /home/runner/work/ShizukuPlus/ShizukuPlus/manager/src/main/AndroidManifest.xml:50:9-62
build	Build with Gradle	2026-06-06T12:25:04.4260496Z application
build	Build with Gradle	2026-06-06T12:25:04.4261085Z ADDED from /home/runner/work/ShizukuPlus/ShizukuPlus/manager/src/main/AndroidManifest.xml:53:5-377:19
build	Build with Gradle	2026-06-06T12:25:04.4261629Z INJECTED from /home/runner/work/ShizukuPlus/ShizukuPlus/manager/src/main/AndroidManifest.xml:53:5-377:19
build	Build with Gradle	2026-06-06T12:25:04.4262695Z MERGED from [com.airbnb.android:mavericks:3.0.9] /home/runner/.gradle/caches/8.14/transforms/2c8372c00787b5e2af17c392510a0378/transformed/mavericks-3.0.9/AndroidManifest.xml:7:5-20
build	Build with Gradle	2026-06-06T12:25:04.4263857Z MERGED from [com.airbnb.android:mavericks:3.0.9] /home/runner/.gradle/caches/8.14/transforms/2c8372c00787b5e2af17c392510a0378/transformed/mavericks-3.0.9/AndroidManifest.xml:7:5-20
build	Build with Gradle	2026-06-06T12:25:04.4265004Z MERGED from [io.insert-koin:koin-android:4.0.2] /home/runner/.gradle/caches/8.14/transforms/438de03543f1a14021d179b045f7057a/transformed/koin-android-4.0.2/AndroidManifest.xml:7:5-20
build	Build with Gradle	2026-06-06T12:25:04.4266080Z MERGED from [io.insert-koin:koin-android:4.0.2] /home/runner/.gradle/caches/8.14/transforms/438de03543f1a14021d179b045f7057a/transformed/koin-android-4.0.2/AndroidManifest.xml:7:5-20
build	Build with Gradle	2026-06-06T12:25:04.4267529Z MERGED from [com.google.android.material:material:1.14.0-beta01] /home/runner/.gradle/caches/8.14/transforms/a6084efd8e6c9ff951c8e72453f81ad6/transformed/material-1.14.0-beta01/AndroidManifest.xml:22:5-20
build	Build with Gradle	2026-06-06T12:25:04.4268833Z MERGED from [com.google.android.material:material:1.14.0-beta01] /home/runner/.gradle/caches/8.14/transforms/a6084efd8e6c9ff951c8e72453f81ad6/transformed/material-1.14.0-beta01/AndroidManifest.xml:22:5-20
build	Build with Gradle	2026-06-06T12:25:04.4270059Z MERGED from [io.sentry:sentry-android-core:8.40.0] /home/runner/.gradle/caches/8.14/transforms/f3104eb4796c3cb96709ee2563cfb750/transformed/sentry-android-core-8.40.0/AndroidManifest.xml:9:5-21:19
build	Build with Gradle	2026-06-06T12:25:04.4271263Z MERGED from [io.sentry:sentry-android-core:8.40.0] /home/runner/.gradle/caches/8.14/transforms/f3104eb4796c3cb96709ee2563cfb750/transformed/sentry-android-core-8.40.0/AndroidManifest.xml:9:5-21:19
build	Build with Gradle	2026-06-06T12:25:04.4272203Z MERGED from [androidx.emoji2:emoji2:1.2.0] /home/runner/.gradle/caches/8.14/transforms/20c8148c0d0f1eeb1041151d1c55938f/transformed/emoji2-1.2.0/AndroidManifest.xml:23:5-33:19
build	Build with Gradle	2026-06-06T12:25:04.4273134Z MERGED from [androidx.emoji2:emoji2:1.2.0] /home/runner/.gradle/caches/8.14/transforms/20c8148c0d0f1eeb1041151d1c55938f/transformed/emoji2-1.2.0/AndroidManifest.xml:23:5-33:19
build	Build with Gradle	2026-06-06T12:25:04.4274251Z MERGED from [androidx.glance:glance-appwidget:1.1.1] /home/runner/.gradle/caches/8.14/transforms/0a9f0b23f2ae3b3d671937d923da2cba/transformed/glance-appwidget-1.1.1/AndroidManifest.xml:22:5-59:19
build	Build with Gradle	2026-06-06T12:25:04.4275418Z MERGED from [androidx.glance:glance-appwidget:1.1.1] /home/runner/.gradle/caches/8.14/transforms/0a9f0b23f2ae3b3d671937d923da2cba/transformed/glance-appwidget-1.1.1/AndroidManifest.xml:22:5-59:19
build	Build with Gradle	2026-06-06T12:25:04.4276533Z MERGED from [androidx.work:work-runtime:2.10.4] /home/runner/.gradle/caches/8.14/transforms/ff46523a05730a3410b3d43ab7271bd0/transformed/work-runtime-2.10.4/AndroidManifest.xml:28:5-143:19
build	Build with Gradle	2026-06-06T12:25:04.4277734Z MERGED from [androidx.work:work-runtime:2.10.4] /home/runner/.gradle/caches/8.14/transforms/ff46523a05730a3410b3d43ab7271bd0/transformed/work-runtime-2.10.4/AndroidManifest.xml:28:5-143:19
build	Build with Gradle	2026-06-06T12:25:04.4278868Z MERGED from [androidx.core:core-remoteviews:1.1.0] /home/runner/.gradle/caches/8.14/transforms/c2631671ecbd3d95bfc540fb5557d230/transformed/core-remoteviews-1.1.0/AndroidManifest.xml:23:5-28:19
build	Build with Gradle	2026-06-06T12:25:04.4280498Z MERGED from [androidx.core:core-remoteviews:1.1.0] /home/runner/.gradle/caches/8.14/transforms/c2631671ecbd3d95bfc540fb5557d230/transformed/core-remoteviews-1.1.0/AndroidManifest.xml:23:5-28:19
build	Build with Gradle	2026-06-06T12:25:04.4281698Z MERGED from [androidx.constraintlayout:constraintlayout:2.2.1] /home/runner/.gradle/caches/8.14/transforms/6e4c683cb074c37b2a51c2ee5db07733/transformed/constraintlayout-2.2.1/AndroidManifest.xml:7:5-20
build	Build with Gradle	2026-06-06T12:25:04.4283054Z MERGED from [androidx.constraintlayout:constraintlayout:2.2.1] /home/runner/.gradle/caches/8.14/transforms/6e4c683cb074c37b2a51c2ee5db07733/transformed/constraintlayout-2.2.1/AndroidManifest.xml:7:5-20
build	Build with Gradle	2026-06-06T12:25:04.4284064Z MERGED from [androidx.window:window:1.0.0] /home/runner/.gradle/caches/8.14/transforms/5424bb4aed8761312b4b26bf9e07d98a/transformed/window-1.0.0/AndroidManifest.xml:24:5-31:19
build	Build with Gradle	2026-06-06T12:25:04.4284993Z MERGED from [androidx.window:window:1.0.0] /home/runner/.gradle/caches/8.14/transforms/5424bb4aed8761312b4b26bf9e07d98a/transformed/window-1.0.0/AndroidManifest.xml:24:5-31:19
build	Build with Gradle	2026-06-06T12:25:04.4286102Z MERGED from [androidx.core:core:1.16.0] /home/runner/.gradle/caches/8.14/transforms/a18f3e8414f2ba4eb382dd01375ab089/transformed/core-1.16.0/AndroidManifest.xml:28:5-89
build	Build with Gradle	2026-06-06T12:25:04.4287033Z MERGED from [androidx.core:core:1.16.0] /home/runner/.gradle/caches/8.14/transforms/a18f3e8414f2ba4eb382dd01375ab089/transformed/core-1.16.0/AndroidManifest.xml:28:5-89
build	Build with Gradle	2026-06-06T12:25:04.4288379Z MERGED from [androidx.lifecycle:lifecycle-process:2.9.4] /home/runner/.gradle/caches/8.14/transforms/644a16fcc858b20f0d048c7466f19d9f/transformed/lifecycle-process-2.9.4/AndroidManifest.xml:23:5-33:19
build	Build with Gradle	2026-06-06T12:25:04.4289673Z MERGED from [androidx.lifecycle:lifecycle-process:2.9.4] /home/runner/.gradle/caches/8.14/transforms/644a16fcc858b20f0d048c7466f19d9f/transformed/lifecycle-process-2.9.4/AndroidManifest.xml:23:5-33:19
build	Build with Gradle	2026-06-06T12:25:04.4290735Z MERGED from [androidx.room:room-runtime:2.6.1] /home/runner/.gradle/caches/8.14/transforms/a0f2f8571a731d673f1339b181103682/transformed/room-runtime-2.6.1/AndroidManifest.xml:23:5-29:19
build	Build with Gradle	2026-06-06T12:25:04.4291784Z MERGED from [androidx.room:room-runtime:2.6.1] /home/runner/.gradle/caches/8.14/transforms/a0f2f8571a731d673f1339b181103682/transformed/room-runtime-2.6.1/AndroidManifest.xml:23:5-29:19
build	Build with Gradle	2026-06-06T12:25:04.4292766Z MERGED from [com.jakewharton.timber:timber:5.0.1] /home/runner/.gradle/caches/8.14/transforms/ab00c267663707e20a9c28832bd574a2/transformed/timber-5.0.1/AndroidManifest.xml:7:5-20
build	Build with Gradle	2026-06-06T12:25:04.4293736Z MERGED from [com.jakewharton.timber:timber:5.0.1] /home/runner/.gradle/caches/8.14/transforms/ab00c267663707e20a9c28832bd574a2/transformed/timber-5.0.1/AndroidManifest.xml:7:5-20
build	Build with Gradle	2026-06-06T12:25:04.4294753Z MERGED from [:provider] /home/runner/work/ShizukuPlus/ShizukuPlus/api/provider/build/intermediates/merged_manifest/release/processReleaseManifest/AndroidManifest.xml:10:5-14:19
build	Build with Gradle	2026-06-06T12:25:04.4295777Z MERGED from [:provider] /home/runner/work/ShizukuPlus/ShizukuPlus/api/provider/build/intermediates/merged_manifest/release/processReleaseManifest/AndroidManifest.xml:10:5-14:19
build	Build with Gradle	2026-06-06T12:25:04.4296867Z MERGED from [androidx.startup:startup-runtime:1.1.1] /home/runner/.gradle/caches/8.14/transforms/c3f1fba07658b0b59e408933ad000cab/transformed/startup-runtime-1.1.1/AndroidManifest.xml:25:5-31:19
build	Build with Gradle	2026-06-06T12:25:04.4298062Z MERGED from [androidx.startup:startup-runtime:1.1.1] /home/runner/.gradle/caches/8.14/transforms/c3f1fba07658b0b59e408933ad000cab/transformed/startup-runtime-1.1.1/AndroidManifest.xml:25:5-31:19
build	Build with Gradle	2026-06-06T12:25:04.4299218Z MERGED from [androidx.versionedparcelable:versionedparcelable:1.1.1] /home/runner/.gradle/caches/8.14/transforms/eec55b2add6457c8fb902795cbf8eedc/transformed/versionedparcelable-1.1.1/AndroidManifest.xml:24:5-25:19
build	Build with Gradle	2026-06-06T12:25:04.4300375Z MERGED from [androidx.versionedparcelable:versionedparcelable:1.1.1] /home/runner/.gradle/caches/8.14/transforms/eec55b2add6457c8fb902795cbf8eedc/transformed/versionedparcelable-1.1.1/AndroidManifest.xml:24:5-25:19
build	Build with Gradle	2026-06-06T12:25:04.4301308Z MERGED from [com.airbnb.android:lottie:6.6.2] /home/runner/.gradle/caches/8.14/transforms/fdd7a2f71d98268b12d6291e62912d0b/transformed/lottie-6.6.2/AndroidManifest.xml:7:5-20
build	Build with Gradle	2026-06-06T12:25:04.4302223Z MERGED from [com.airbnb.android:lottie:6.6.2] /home/runner/.gradle/caches/8.14/transforms/fdd7a2f71d98268b12d6291e62912d0b/transformed/lottie-6.6.2/AndroidManifest.xml:7:5-20
build	Build with Gradle	2026-06-06T12:25:04.4302595Z 	android:extractNativeLibs
build	Build with Gradle	2026-06-06T12:25:04.4303109Z 		INJECTED from /home/runner/work/ShizukuPlus/ShizukuPlus/manager/src/main/AndroidManifest.xml
build	Build with Gradle	2026-06-06T12:25:04.4303304Z 	tools:ignore
build	Build with Gradle	2026-06-06T12:25:04.4303823Z 		ADDED from /home/runner/work/ShizukuPlus/ShizukuPlus/manager/src/main/AndroidManifest.xml:67:9-48
build	Build with Gradle	2026-06-06T12:25:04.4303990Z 	android:icon
build	Build with Gradle	2026-06-06T12:25:04.4304499Z 		ADDED from /home/runner/work/ShizukuPlus/ShizukuPlus/manager/src/main/AndroidManifest.xml:62:9-45
build	Build with Gradle	2026-06-06T12:25:04.4304816Z 	android:banner
build	Build with Gradle	2026-06-06T12:25:04.4305335Z 		ADDED from /home/runner/work/ShizukuPlus/ShizukuPlus/manager/src/main/AndroidManifest.xml:57:9-47
build	Build with Gradle	2026-06-06T12:25:04.4305586Z 	android:directBootAware
build	Build with Gradle	2026-06-06T12:25:04.4306088Z 		ADDED from /home/runner/work/ShizukuPlus/ShizukuPlus/manager/src/main/AndroidManifest.xml:59:9-39
build	Build with Gradle	2026-06-06T12:25:04.4306263Z 	android:localeConfig
build	Build with Gradle	2026-06-06T12:25:04.4306771Z 		ADDED from /home/runner/work/ShizukuPlus/ShizukuPlus/manager/src/main/AndroidManifest.xml:64:9-51
build	Build with Gradle	2026-06-06T12:25:04.4306984Z 	android:appComponentFactory
build	Build with Gradle	2026-06-06T12:25:04.4308154Z 		REJECTED from [androidx.core:core:1.16.0] /home/runner/.gradle/caches/8.14/transforms/a18f3e8414f2ba4eb382dd01375ab089/transformed/core-1.16.0/AndroidManifest.xml:28:18-86
build	Build with Gradle	2026-06-06T12:25:04.4308347Z 	android:supportsRtl
build	Build with Gradle	2026-06-06T12:25:04.4308864Z 		ADDED from /home/runner/work/ShizukuPlus/ShizukuPlus/manager/src/main/AndroidManifest.xml:65:9-35
build	Build with Gradle	2026-06-06T12:25:04.4309037Z 	android:label
build	Build with Gradle	2026-06-06T12:25:04.4309512Z 		ADDED from /home/runner/work/ShizukuPlus/ShizukuPlus/manager/src/main/AndroidManifest.xml:63:9-41
build	Build with Gradle	2026-06-06T12:25:04.4309649Z 	android:autoRevokePermissions
build	Build with Gradle	2026-06-06T12:25:04.4309941Z 		ADDED from /home/runner/work/ShizukuPlus/ShizukuPlus/manager/src/main/AndroidManifest.xml:56:9-48
build	Build with Gradle	2026-06-06T12:25:04.4310064Z 	android:fullBackupContent
build	Build with Gradle	2026-06-06T12:25:04.4310539Z 		ADDED from /home/runner/work/ShizukuPlus/ShizukuPlus/manager/src/main/AndroidManifest.xml:61:9-59
build	Build with Gradle	2026-06-06T12:25:04.4310727Z 	tools:targetApi
build	Build with Gradle	2026-06-06T12:25:04.4311246Z 		ADDED from /home/runner/work/ShizukuPlus/ShizukuPlus/manager/src/main/AndroidManifest.xml:69:9-29
build	Build with Gradle	2026-06-06T12:25:04.4311442Z 	android:allowBackup
build	Build with Gradle	2026-06-06T12:25:04.4311951Z 		ADDED from /home/runner/work/ShizukuPlus/ShizukuPlus/manager/src/main/AndroidManifest.xml:55:9-35
build	Build with Gradle	2026-06-06T12:25:04.4312110Z 	tools:remove
build	Build with Gradle	2026-06-06T12:25:04.4312674Z 		ADDED from /home/runner/work/ShizukuPlus/ShizukuPlus/manager/src/main/AndroidManifest.xml:68:9-51
build	Build with Gradle	2026-06-06T12:25:04.4312887Z 	android:theme
build	Build with Gradle	2026-06-06T12:25:04.4313494Z 		ADDED from /home/runner/work/ShizukuPlus/ShizukuPlus/manager/src/main/AndroidManifest.xml:66:9-40
build	Build with Gradle	2026-06-06T12:25:04.4313736Z 	android:enableOnBackInvokedCallback
build	Build with Gradle	2026-06-06T12:25:04.4314312Z 		ADDED from /home/runner/work/ShizukuPlus/ShizukuPlus/manager/src/main/AndroidManifest.xml:60:9-51
build	Build with Gradle	2026-06-06T12:25:04.4314540Z 	android:dataExtractionRules
build	Build with Gradle	2026-06-06T12:25:04.4315165Z 		ADDED from /home/runner/work/ShizukuPlus/ShizukuPlus/manager/src/main/AndroidManifest.xml:58:9-65
build	Build with Gradle	2026-06-06T12:25:04.4315362Z 	android:name
build	Build with Gradle	2026-06-06T12:25:04.4315939Z 		ADDED from /home/runner/work/ShizukuPlus/ShizukuPlus/manager/src/main/AndroidManifest.xml:54:9-43
build	Build with Gradle	2026-06-06T12:25:04.4316161Z meta-data#io.sentry.auto-init
build	Build with Gradle	2026-06-06T12:25:04.4316757Z ADDED from /home/runner/work/ShizukuPlus/ShizukuPlus/manager/src/main/AndroidManifest.xml:72:9-79
build	Build with Gradle	2026-06-06T12:25:04.4316956Z 	android:value
build	Build with Gradle	2026-06-06T12:25:04.4317692Z 		ADDED from /home/runner/work/ShizukuPlus/ShizukuPlus/manager/src/main/AndroidManifest.xml:72:55-76
build	Build with Gradle	2026-06-06T12:25:04.4317887Z 	android:name
build	Build with Gradle	2026-06-06T12:25:04.4318408Z 		ADDED from /home/runner/work/ShizukuPlus/ShizukuPlus/manager/src/main/AndroidManifest.xml:72:20-54
build	Build with Gradle	2026-06-06T12:25:04.4318666Z meta-data#io.sentry.traces-sample-rate
build	Build with Gradle	2026-06-06T12:25:04.4319219Z ADDED from /home/runner/work/ShizukuPlus/ShizukuPlus/manager/src/main/AndroidManifest.xml:73:9-86
build	Build with Gradle	2026-06-06T12:25:04.4319397Z 	android:value
build	Build with Gradle	2026-06-06T12:25:04.4319955Z 		ADDED from /home/runner/work/ShizukuPlus/ShizukuPlus/manager/src/main/AndroidManifest.xml:73:64-83
build	Build with Gradle	2026-06-06T12:25:04.4320283Z 	android:name
build	Build with Gradle	2026-06-06T12:25:04.4320836Z 		ADDED from /home/runner/work/ShizukuPlus/ShizukuPlus/manager/src/main/AndroidManifest.xml:73:20-63
build	Build with Gradle	2026-06-06T12:25:04.4321071Z meta-data#io.sentry.attach-screenshot
build	Build with Gradle	2026-06-06T12:25:04.4321615Z ADDED from /home/runner/work/ShizukuPlus/ShizukuPlus/manager/src/main/AndroidManifest.xml:74:9-86
build	Build with Gradle	2026-06-06T12:25:04.4321875Z 	android:value
build	Build with Gradle	2026-06-06T12:25:04.4322445Z 		ADDED from /home/runner/work/ShizukuPlus/ShizukuPlus/manager/src/main/AndroidManifest.xml:74:63-83
build	Build with Gradle	2026-06-06T12:25:04.4322793Z 	android:name
build	Build with Gradle	2026-06-06T12:25:04.4323375Z 		ADDED from /home/runner/work/ShizukuPlus/ShizukuPlus/manager/src/main/AndroidManifest.xml:74:20-62
build	Build with Gradle	2026-06-06T12:25:04.4323593Z meta-data#io.sentry.attach-view-hierarchy
build	Build with Gradle	2026-06-06T12:25:04.4324100Z ADDED from /home/runner/work/ShizukuPlus/ShizukuPlus/manager/src/main/AndroidManifest.xml:75:9-90
build	Build with Gradle	2026-06-06T12:25:04.4324270Z 	android:value
build	Build with Gradle	2026-06-06T12:25:04.4324739Z 		ADDED from /home/runner/work/ShizukuPlus/ShizukuPlus/manager/src/main/AndroidManifest.xml:75:67-87
build	Build with Gradle	2026-06-06T12:25:04.4325017Z 	android:name
build	Build with Gradle	2026-06-06T12:25:04.4325515Z 		ADDED from /home/runner/work/ShizukuPlus/ShizukuPlus/manager/src/main/AndroidManifest.xml:75:20-66
build	Build with Gradle	2026-06-06T12:25:04.4325764Z activity#af.shizuku.manager.MainActivity
build	Build with Gradle	2026-06-06T12:25:04.4326337Z ADDED from /home/runner/work/ShizukuPlus/ShizukuPlus/manager/src/main/AndroidManifest.xml:78:9-93:20
build	Build with Gradle	2026-06-06T12:25:04.4326520Z 	android:exported
build	Build with Gradle	2026-06-06T12:25:04.4327062Z 		ADDED from /home/runner/work/ShizukuPlus/ShizukuPlus/manager/src/main/AndroidManifest.xml:81:13-36
build	Build with Gradle	2026-06-06T12:25:04.4327305Z 	android:banner
build	Build with Gradle	2026-06-06T12:25:04.4327955Z 		ADDED from /home/runner/work/ShizukuPlus/ShizukuPlus/manager/src/main/AndroidManifest.xml:80:13-44
build	Build with Gradle	2026-06-06T12:25:04.4328124Z 	android:theme
build	Build with Gradle	2026-06-06T12:25:04.4328558Z 		ADDED from /home/runner/work/ShizukuPlus/ShizukuPlus/manager/src/main/AndroidManifest.xml:82:13-54
build	Build with Gradle	2026-06-06T12:25:04.4328748Z 	android:name
build	Build with Gradle	2026-06-06T12:25:04.4329306Z 		ADDED from /home/runner/work/ShizukuPlus/ShizukuPlus/manager/src/main/AndroidManifest.xml:79:13-41
build	Build with Gradle	2026-06-06T12:25:04.4330295Z intent-filter#action:name:android.intent.action.MAIN+category:name:android.intent.category.LAUNCHER+category:name:android.intent.category.LEANBACK_LAUNCHER
build	Build with Gradle	2026-06-06T12:25:04.4330883Z ADDED from /home/runner/work/ShizukuPlus/ShizukuPlus/manager/src/main/AndroidManifest.xml:83:13-88:29
build	Build with Gradle	2026-06-06T12:25:04.4331109Z action#android.intent.action.MAIN
build	Build with Gradle	2026-06-06T12:25:04.4331693Z ADDED from /home/runner/work/ShizukuPlus/ShizukuPlus/manager/src/main/AndroidManifest.xml:84:17-69
build	Build with Gradle	2026-06-06T12:25:04.4331877Z 	android:name
build	Build with Gradle	2026-06-06T12:25:04.4332444Z 		ADDED from /home/runner/work/ShizukuPlus/ShizukuPlus/manager/src/main/AndroidManifest.xml:84:25-66
build	Build with Gradle	2026-06-06T12:25:04.4332689Z category#android.intent.category.LAUNCHER
build	Build with Gradle	2026-06-06T12:25:04.4333258Z ADDED from /home/runner/work/ShizukuPlus/ShizukuPlus/manager/src/main/AndroidManifest.xml:86:17-77
build	Build with Gradle	2026-06-06T12:25:04.4333456Z 	android:name
build	Build with Gradle	2026-06-06T12:25:04.4334031Z 		ADDED from /home/runner/work/ShizukuPlus/ShizukuPlus/manager/src/main/AndroidManifest.xml:86:27-74
build	Build with Gradle	2026-06-06T12:25:04.4334326Z category#android.intent.category.LEANBACK_LAUNCHER
build	Build with Gradle	2026-06-06T12:25:04.4334924Z ADDED from /home/runner/work/ShizukuPlus/ShizukuPlus/manager/src/main/AndroidManifest.xml:87:17-86
build	Build with Gradle	2026-06-06T12:25:04.4335115Z 	android:name
build	Build with Gradle	2026-06-06T12:25:04.4335730Z 		ADDED from /home/runner/work/ShizukuPlus/ShizukuPlus/manager/src/main/AndroidManifest.xml:87:27-83
build	Build with Gradle	2026-06-06T12:25:04.4335975Z meta-data#android.app.shortcuts
build	Build with Gradle	2026-06-06T12:25:04.4336588Z ADDED from /home/runner/work/ShizukuPlus/ShizukuPlus/manager/src/main/AndroidManifest.xml:90:13-92:53
build	Build with Gradle	2026-06-06T12:25:04.4336773Z 	android:resource
build	Build with Gradle	2026-06-06T12:25:04.4337472Z 		ADDED from /home/runner/work/ShizukuPlus/ShizukuPlus/manager/src/main/AndroidManifest.xml:92:17-50
build	Build with Gradle	2026-06-06T12:25:04.4337671Z 	android:name
build	Build with Gradle	2026-06-06T12:25:04.4338350Z 		ADDED from /home/runner/work/ShizukuPlus/ShizukuPlus/manager/src/main/AndroidManifest.xml:91:17-53
build	Build with Gradle	2026-06-06T12:25:04.4339167Z activity-alias#af.shizuku.manager.home.HomeActivity
build	Build with Gradle	2026-06-06T12:25:04.4339737Z ADDED from /home/runner/work/ShizukuPlus/ShizukuPlus/manager/src/main/AndroidManifest.xml:96:9-105:26
build	Build with Gradle	2026-06-06T12:25:04.4339932Z 	android:exported
build	Build with Gradle	2026-06-06T12:25:04.4340513Z 		ADDED from /home/runner/work/ShizukuPlus/ShizukuPlus/manager/src/main/AndroidManifest.xml:99:13-36
build	Build with Gradle	2026-06-06T12:25:04.4340822Z 	android:targetActivity
build	Build with Gradle	2026-06-06T12:25:04.4341400Z 		ADDED from /home/runner/work/ShizukuPlus/ShizukuPlus/manager/src/main/AndroidManifest.xml:98:13-51
build	Build with Gradle	2026-06-06T12:25:04.4341623Z 	android:name
build	Build with Gradle	2026-06-06T12:25:04.4342164Z 		ADDED from /home/runner/work/ShizukuPlus/ShizukuPlus/manager/src/main/AndroidManifest.xml:97:13-64
build	Build with Gradle	2026-06-06T12:25:04.4342561Z activity-alias#af.shizuku.manager.ApplicationManagementActivity
build	Build with Gradle	2026-06-06T12:25:04.4343161Z ADDED from /home/runner/work/ShizukuPlus/ShizukuPlus/manager/src/main/AndroidManifest.xml:107:9-110:39
build	Build with Gradle	2026-06-06T12:25:04.4343427Z 	android:exported
build	Build with Gradle	2026-06-06T12:25:04.4344002Z 		ADDED from /home/runner/work/ShizukuPlus/ShizukuPlus/manager/src/main/AndroidManifest.xml:110:13-36
build	Build with Gradle	2026-06-06T12:25:04.4344204Z 	android:targetActivity
build	Build with Gradle	2026-06-06T12:25:04.4344771Z 		ADDED from /home/runner/work/ShizukuPlus/ShizukuPlus/manager/src/main/AndroidManifest.xml:109:13-79
build	Build with Gradle	2026-06-06T12:25:04.4344960Z 	android:name
build	Build with Gradle	2026-06-06T12:25:04.4345504Z 		ADDED from /home/runner/work/ShizukuPlus/ShizukuPlus/manager/src/main/AndroidManifest.xml:108:13-76
build	Build with Gradle	2026-06-06T12:25:04.4345915Z activity-alias#moe.shizuku.manager.ApplicationManagementActivity
build	Build with Gradle	2026-06-06T12:25:04.4346483Z ADDED from /home/runner/work/ShizukuPlus/ShizukuPlus/manager/src/main/AndroidManifest.xml:111:9-114:39
build	Build with Gradle	2026-06-06T12:25:04.4346669Z 	android:exported
build	Build with Gradle	2026-06-06T12:25:04.4347239Z 		ADDED from /home/runner/work/ShizukuPlus/ShizukuPlus/manager/src/main/AndroidManifest.xml:114:13-36
build	Build with Gradle	2026-06-06T12:25:04.4347590Z 	android:targetActivity
build	Build with Gradle	2026-06-06T12:25:04.4348237Z 		ADDED from /home/runner/work/ShizukuPlus/ShizukuPlus/manager/src/main/AndroidManifest.xml:113:13-79
build	Build with Gradle	2026-06-06T12:25:04.4348431Z 	android:name
build	Build with Gradle	2026-06-06T12:25:04.4349007Z 		ADDED from /home/runner/work/ShizukuPlus/ShizukuPlus/manager/src/main/AndroidManifest.xml:112:13-77
build	Build with Gradle	2026-06-06T12:25:04.4349332Z activity#af.shizuku.manager.settings.SettingsActivity
build	Build with Gradle	2026-06-06T12:25:04.4349912Z ADDED from /home/runner/work/ShizukuPlus/ShizukuPlus/manager/src/main/AndroidManifest.xml:117:9-126:20
build	Build with Gradle	2026-06-06T12:25:04.4350086Z 	android:label
build	Build with Gradle	2026-06-06T12:25:04.4350650Z 		ADDED from /home/runner/work/ShizukuPlus/ShizukuPlus/manager/src/main/AndroidManifest.xml:120:13-51
build	Build with Gradle	2026-06-06T12:25:04.4350828Z 	android:exported
build	Build with Gradle	2026-06-06T12:25:04.4351398Z 		ADDED from /home/runner/work/ShizukuPlus/ShizukuPlus/manager/src/main/AndroidManifest.xml:119:13-36
build	Build with Gradle	2026-06-06T12:25:04.4351579Z 	android:theme
build	Build with Gradle	2026-06-06T12:25:04.4352147Z 		ADDED from /home/runner/work/ShizukuPlus/ShizukuPlus/manager/src/main/AndroidManifest.xml:121:13-41
build	Build with Gradle	2026-06-06T12:25:04.4352316Z 	android:name
build	Build with Gradle	2026-06-06T12:25:04.4352866Z 		ADDED from /home/runner/work/ShizukuPlus/ShizukuPlus/manager/src/main/AndroidManifest.xml:118:13-54
build	Build with Gradle	2026-06-06T12:25:04.4353590Z intent-filter#action:name:android.intent.action.APPLICATION_PREFERENCES+category:name:android.intent.category.DEFAULT
build	Build with Gradle	2026-06-06T12:25:04.4354177Z ADDED from /home/runner/work/ShizukuPlus/ShizukuPlus/manager/src/main/AndroidManifest.xml:122:13-125:29
build	Build with Gradle	2026-06-06T12:25:04.4354483Z action#android.intent.action.APPLICATION_PREFERENCES
build	Build with Gradle	2026-06-06T12:25:04.4355064Z ADDED from /home/runner/work/ShizukuPlus/ShizukuPlus/manager/src/main/AndroidManifest.xml:123:17-88
build	Build with Gradle	2026-06-06T12:25:04.4355243Z 	android:name
build	Build with Gradle	2026-06-06T12:25:04.4355813Z 		ADDED from /home/runner/work/ShizukuPlus/ShizukuPlus/manager/src/main/AndroidManifest.xml:123:25-85
build	Build with Gradle	2026-06-06T12:25:04.4356050Z category#android.intent.category.DEFAULT
build	Build with Gradle	2026-06-06T12:25:04.4356608Z ADDED from /home/runner/work/ShizukuPlus/ShizukuPlus/manager/src/main/AndroidManifest.xml:124:17-76
build	Build with Gradle	2026-06-06T12:25:04.4356932Z 	android:name
build	Build with Gradle	2026-06-06T12:25:04.4357643Z 		ADDED from /home/runner/work/ShizukuPlus/ShizukuPlus/manager/src/main/AndroidManifest.xml:124:27-73
build	Build with Gradle	2026-06-06T12:25:04.4358003Z activity#af.shizuku.manager.onboarding.OnboardingActivity
build	Build with Gradle	2026-06-06T12:25:04.4358627Z ADDED from /home/runner/work/ShizukuPlus/ShizukuPlus/manager/src/main/AndroidManifest.xml:128:9-131:48
build	Build with Gradle	2026-06-06T12:25:04.4358916Z 	android:label
build	Build with Gradle	2026-06-06T12:25:04.4359431Z 		ADDED from /home/runner/work/ShizukuPlus/ShizukuPlus/manager/src/main/AndroidManifest.xml:131:13-45
build	Build with Gradle	2026-06-06T12:25:04.4359663Z 	android:exported
build	Build with Gradle	2026-06-06T12:25:04.4360214Z 		ADDED from /home/runner/work/ShizukuPlus/ShizukuPlus/manager/src/main/AndroidManifest.xml:130:13-37
build	Build with Gradle	2026-06-06T12:25:04.4360391Z 	android:name
build	Build with Gradle	2026-06-06T12:25:04.4360912Z 		ADDED from /home/runner/work/ShizukuPlus/ShizukuPlus/manager/src/main/AndroidManifest.xml:129:13-58
build	Build with Gradle	2026-06-06T12:25:04.4361268Z activity#af.shizuku.manager.home.SystemHubActivity
build	Build with Gradle	2026-06-06T12:25:04.4361919Z ADDED from /home/runner/work/ShizukuPlus/ShizukuPlus/manager/src/main/AndroidManifest.xml:132:9-135:40
build	Build with Gradle	2026-06-06T12:25:04.4362110Z 	android:exported
build	Build with Gradle	2026-06-06T12:25:04.4362669Z 		ADDED from /home/runner/work/ShizukuPlus/ShizukuPlus/manager/src/main/AndroidManifest.xml:135:13-37
build	Build with Gradle	2026-06-06T12:25:04.4362858Z 	android:theme
build	Build with Gradle	2026-06-06T12:25:04.4363368Z 		ADDED from /home/runner/work/ShizukuPlus/ShizukuPlus/manager/src/main/AndroidManifest.xml:134:13-56
build	Build with Gradle	2026-06-06T12:25:04.4363540Z 	android:name
build	Build with Gradle	2026-06-06T12:25:04.4364128Z 		ADDED from /home/runner/work/ShizukuPlus/ShizukuPlus/manager/src/main/AndroidManifest.xml:133:13-51
build	Build with Gradle	2026-06-06T12:25:04.4364557Z activity#af.shizuku.manager.management.ApplicationManagementActivity
build	Build with Gradle	2026-06-06T12:25:04.4365065Z ADDED from /home/runner/work/ShizukuPlus/ShizukuPlus/manager/src/main/AndroidManifest.xml:137:9-140:65
build	Build with Gradle	2026-06-06T12:25:04.4365247Z 	android:label
build	Build with Gradle	2026-06-06T12:25:04.4365801Z 		ADDED from /home/runner/work/ShizukuPlus/ShizukuPlus/manager/src/main/AndroidManifest.xml:140:13-62
build	Build with Gradle	2026-06-06T12:25:04.4366001Z 	android:exported
build	Build with Gradle	2026-06-06T12:25:04.4366556Z 		ADDED from /home/runner/work/ShizukuPlus/ShizukuPlus/manager/src/main/AndroidManifest.xml:139:13-37
build	Build with Gradle	2026-06-06T12:25:04.4366729Z 	android:name
build	Build with Gradle	2026-06-06T12:25:04.4367295Z 		ADDED from /home/runner/work/ShizukuPlus/ShizukuPlus/manager/src/main/AndroidManifest.xml:138:13-69
build	Build with Gradle	2026-06-06T12:25:04.4367821Z activity#af.shizuku.manager.settings.RootCompatibilityActivity
build	Build with Gradle	2026-06-06T12:25:04.4368413Z ADDED from /home/runner/work/ShizukuPlus/ShizukuPlus/manager/src/main/AndroidManifest.xml:142:9-145:55
build	Build with Gradle	2026-06-06T12:25:04.4368595Z 	android:label
build	Build with Gradle	2026-06-06T12:25:04.4369169Z 		ADDED from /home/runner/work/ShizukuPlus/ShizukuPlus/manager/src/main/AndroidManifest.xml:145:13-52
build	Build with Gradle	2026-06-06T12:25:04.4369356Z 	android:exported
build	Build with Gradle	2026-06-06T12:25:04.4369939Z 		ADDED from /home/runner/work/ShizukuPlus/ShizukuPlus/manager/src/main/AndroidManifest.xml:144:13-37
build	Build with Gradle	2026-06-06T12:25:04.4370138Z 	android:name
build	Build with Gradle	2026-06-06T12:25:04.4370726Z 		ADDED from /home/runner/work/ShizukuPlus/ShizukuPlus/manager/src/main/AndroidManifest.xml:143:13-63
build	Build with Gradle	2026-06-06T12:25:04.4371090Z activity#af.shizuku.manager.settings.ServiceDoctorActivity
build	Build with Gradle	2026-06-06T12:25:04.4371681Z ADDED from /home/runner/work/ShizukuPlus/ShizukuPlus/manager/src/main/AndroidManifest.xml:146:9-149:65
build	Build with Gradle	2026-06-06T12:25:04.4371854Z 	android:label
build	Build with Gradle	2026-06-06T12:25:04.4372442Z 		ADDED from /home/runner/work/ShizukuPlus/ShizukuPlus/manager/src/main/AndroidManifest.xml:149:13-62
build	Build with Gradle	2026-06-06T12:25:04.4372630Z 	android:exported
build	Build with Gradle	2026-06-06T12:25:04.4373523Z 		ADDED from /home/runner/work/ShizukuPlus/ShizukuPlus/manager/src/main/AndroidManifest.xml:148:13-37
build	Build with Gradle	2026-06-06T12:25:04.4373802Z 	android:name
build	Build with Gradle	2026-06-06T12:25:04.4374421Z 		ADDED from /home/runner/work/ShizukuPlus/ShizukuPlus/manager/src/main/AndroidManifest.xml:147:13-59
build	Build with Gradle	2026-06-06T12:25:04.4374846Z activity#af.shizuku.manager.shell.ShellTutorialActivity
build	Build with Gradle	2026-06-06T12:25:04.4375775Z ADDED from /home/runner/work/ShizukuPlus/ShizukuPlus/manager/src/main/AndroidManifest.xml:150:9-153:59
build	Build with Gradle	2026-06-06T12:25:04.4376043Z 	android:label
build	Build with Gradle	2026-06-06T12:25:04.4376674Z 		ADDED from /home/runner/work/ShizukuPlus/ShizukuPlus/manager/src/main/AndroidManifest.xml:153:13-56
build	Build with Gradle	2026-06-06T12:25:04.4376916Z 	android:exported
build	Build with Gradle	2026-06-06T12:25:04.4377891Z 		ADDED from /home/runner/work/ShizukuPlus/ShizukuPlus/manager/src/main/AndroidManifest.xml:152:13-37
build	Build with Gradle	2026-06-06T12:25:04.4378243Z 	android:name
build	Build with Gradle	2026-06-06T12:25:04.4378907Z 		ADDED from /home/runner/work/ShizukuPlus/ShizukuPlus/manager/src/main/AndroidManifest.xml:151:13-56
build	Build with Gradle	2026-06-06T12:25:04.4379372Z activity#af.shizuku.manager.starter.StarterActivity
build	Build with Gradle	2026-06-06T12:25:04.4380030Z ADDED from /home/runner/work/ShizukuPlus/ShizukuPlus/manager/src/main/AndroidManifest.xml:154:9-162:20
build	Build with Gradle	2026-06-06T12:25:04.4399650Z 	android:label
build	Build with Gradle	2026-06-06T12:25:04.4400398Z 		ADDED from /home/runner/work/ShizukuPlus/ShizukuPlus/manager/src/main/AndroidManifest.xml:157:13-44
build	Build with Gradle	2026-06-06T12:25:04.4400606Z 	android:exported
build	Build with Gradle	2026-06-06T12:25:04.4401368Z 		ADDED from /home/runner/work/ShizukuPlus/ShizukuPlus/manager/src/main/AndroidManifest.xml:156:13-36
build	Build with Gradle	2026-06-06T12:25:04.4401567Z 	android:name
build	Build with Gradle	2026-06-06T12:25:04.4402146Z 		ADDED from /home/runner/work/ShizukuPlus/ShizukuPlus/manager/src/main/AndroidManifest.xml:155:13-52
build	Build with Gradle	2026-06-06T12:25:04.4402795Z intent-filter#action:name:af.shizuku.manager.action.START_SERVICE+category:name:android.intent.category.DEFAULT
build	Build with Gradle	2026-06-06T12:25:04.4403394Z ADDED from /home/runner/work/ShizukuPlus/ShizukuPlus/manager/src/main/AndroidManifest.xml:158:13-161:29
build	Build with Gradle	2026-06-06T12:25:04.4403649Z action#af.shizuku.manager.action.START_SERVICE
build	Build with Gradle	2026-06-06T12:25:04.4404177Z ADDED from /home/runner/work/ShizukuPlus/ShizukuPlus/manager/src/main/AndroidManifest.xml:159:17-82
build	Build with Gradle	2026-06-06T12:25:04.4404365Z 	android:name
build	Build with Gradle	2026-06-06T12:25:04.4404920Z 		ADDED from /home/runner/work/ShizukuPlus/ShizukuPlus/manager/src/main/AndroidManifest.xml:159:25-79
build	Build with Gradle	2026-06-06T12:25:04.4405297Z activity#af.shizuku.manager.settings.BugReportDialogActivity
build	Build with Gradle	2026-06-06T12:25:04.4405864Z ADDED from /home/runner/work/ShizukuPlus/ShizukuPlus/manager/src/main/AndroidManifest.xml:163:9-169:40
build	Build with Gradle	2026-06-06T12:25:04.4406080Z 	android:excludeFromRecents
build	Build with Gradle	2026-06-06T12:25:04.4406662Z 		ADDED from /home/runner/work/ShizukuPlus/ShizukuPlus/manager/src/main/AndroidManifest.xml:167:13-46
build	Build with Gradle	2026-06-06T12:25:04.4406849Z 	android:launchMode
build	Build with Gradle	2026-06-06T12:25:04.4407582Z 		ADDED from /home/runner/work/ShizukuPlus/ShizukuPlus/manager/src/main/AndroidManifest.xml:168:13-44
build	Build with Gradle	2026-06-06T12:25:04.4407764Z 	android:exported
build	Build with Gradle	2026-06-06T12:25:04.4408296Z 		ADDED from /home/runner/work/ShizukuPlus/ShizukuPlus/manager/src/main/AndroidManifest.xml:169:13-37
build	Build with Gradle	2026-06-06T12:25:04.4408483Z 	android:theme
build	Build with Gradle	2026-06-06T12:25:04.4409020Z 		ADDED from /home/runner/work/ShizukuPlus/ShizukuPlus/manager/src/main/AndroidManifest.xml:165:13-56
build	Build with Gradle	2026-06-06T12:25:04.4409207Z 	android:taskAffinity
build	Build with Gradle	2026-06-06T12:25:04.4409753Z 		ADDED from /home/runner/work/ShizukuPlus/ShizukuPlus/manager/src/main/AndroidManifest.xml:166:13-36
build	Build with Gradle	2026-06-06T12:25:04.4409941Z 	android:name
build	Build with Gradle	2026-06-06T12:25:04.4410516Z 		ADDED from /home/runner/work/ShizukuPlus/ShizukuPlus/manager/src/main/AndroidManifest.xml:164:13-61
build	Build with Gradle	2026-06-06T12:25:04.4410945Z activity#af.shizuku.manager.authorization.RequestPermissionActivity
build	Build with Gradle	2026-06-06T12:25:04.4411504Z ADDED from /home/runner/work/ShizukuPlus/ShizukuPlus/manager/src/main/AndroidManifest.xml:171:9-184:20
build	Build with Gradle	2026-06-06T12:25:04.4411697Z 	android:excludeFromRecents
build	Build with Gradle	2026-06-06T12:25:04.4412267Z 		ADDED from /home/runner/work/ShizukuPlus/ShizukuPlus/manager/src/main/AndroidManifest.xml:174:13-46
build	Build with Gradle	2026-06-06T12:25:04.4412471Z 	android:exported
build	Build with Gradle	2026-06-06T12:25:04.4413018Z 		ADDED from /home/runner/work/ShizukuPlus/ShizukuPlus/manager/src/main/AndroidManifest.xml:175:13-36
build	Build with Gradle	2026-06-06T12:25:04.4413201Z 	android:permission
build	Build with Gradle	2026-06-06T12:25:04.4413752Z 		ADDED from /home/runner/work/ShizukuPlus/ShizukuPlus/manager/src/main/AndroidManifest.xml:176:13-79
build	Build with Gradle	2026-06-06T12:25:04.4414072Z 	android:theme
build	Build with Gradle	2026-06-06T12:25:04.4414654Z 		ADDED from /home/runner/work/ShizukuPlus/ShizukuPlus/manager/src/main/AndroidManifest.xml:177:13-52
build	Build with Gradle	2026-06-06T12:25:04.4414851Z 	android:directBootAware
build	Build with Gradle	2026-06-06T12:25:04.4415410Z 		ADDED from /home/runner/work/ShizukuPlus/ShizukuPlus/manager/src/main/AndroidManifest.xml:173:13-43
build	Build with Gradle	2026-06-06T12:25:04.4415577Z 	android:name
build	Build with Gradle	2026-06-06T12:25:04.4416129Z 		ADDED from /home/runner/work/ShizukuPlus/ShizukuPlus/manager/src/main/AndroidManifest.xml:172:13-68
build	Build with Gradle	2026-06-06T12:25:04.4417545Z intent-filter#action:name:af.shizuku.plus.api.intent.action.REQUEST_PERMISSION+action:name:moe.shizuku.manager.intent.action.REQUEST_PERMISSION+category:name:android.intent.category.DEFAULT
build	Build with Gradle	2026-06-06T12:25:04.4418225Z ADDED from /home/runner/work/ShizukuPlus/ShizukuPlus/manager/src/main/AndroidManifest.xml:178:13-183:29
build	Build with Gradle	2026-06-06T12:25:04.4418594Z action#moe.shizuku.manager.intent.action.REQUEST_PERMISSION
build	Build with Gradle	2026-06-06T12:25:04.4419172Z ADDED from /home/runner/work/ShizukuPlus/ShizukuPlus/manager/src/main/AndroidManifest.xml:180:17-95
build	Build with Gradle	2026-06-06T12:25:04.4419444Z 	android:name
build	Build with Gradle	2026-06-06T12:25:04.4420035Z 		ADDED from /home/runner/work/ShizukuPlus/ShizukuPlus/manager/src/main/AndroidManifest.xml:180:25-92
build	Build with Gradle	2026-06-06T12:25:04.4420440Z activity#af.shizuku.manager.legacy.ShellRequestHandlerActivity
build	Build with Gradle	2026-06-06T12:25:04.4420985Z ADDED from /home/runner/work/ShizukuPlus/ShizukuPlus/manager/src/main/AndroidManifest.xml:185:9-196:20
build	Build with Gradle	2026-06-06T12:25:04.4421170Z 	android:excludeFromRecents
build	Build with Gradle	2026-06-06T12:25:04.4421674Z 		ADDED from /home/runner/work/ShizukuPlus/ShizukuPlus/manager/src/main/AndroidManifest.xml:188:13-46
build	Build with Gradle	2026-06-06T12:25:04.4421880Z 	android:exported
build	Build with Gradle	2026-06-06T12:25:04.4422453Z 		ADDED from /home/runner/work/ShizukuPlus/ShizukuPlus/manager/src/main/AndroidManifest.xml:189:13-36
build	Build with Gradle	2026-06-06T12:25:04.4422633Z 	android:theme
build	Build with Gradle	2026-06-06T12:25:04.4423205Z 		ADDED from /home/runner/work/ShizukuPlus/ShizukuPlus/manager/src/main/AndroidManifest.xml:190:13-52
build	Build with Gradle	2026-06-06T12:25:04.4423410Z 	android:directBootAware
build	Build with Gradle	2026-06-06T12:25:04.4423978Z 		ADDED from /home/runner/work/ShizukuPlus/ShizukuPlus/manager/src/main/AndroidManifest.xml:187:13-43
build	Build with Gradle	2026-06-06T12:25:04.4424150Z 	android:name
build	Build with Gradle	2026-06-06T12:25:04.4424709Z 		ADDED from /home/runner/work/ShizukuPlus/ShizukuPlus/manager/src/main/AndroidManifest.xml:186:13-63
build	Build with Gradle	2026-06-06T12:25:04.4425471Z intent-filter#action:name:rikka.shizuku.intent.action.REQUEST_BINDER+category:name:android.intent.category.DEFAULT
build	Build with Gradle	2026-06-06T12:25:04.4426127Z ADDED from /home/runner/work/ShizukuPlus/ShizukuPlus/manager/src/main/AndroidManifest.xml:191:13-195:29
build	Build with Gradle	2026-06-06T12:25:04.4426322Z 	android:priority
build	Build with Gradle	2026-06-06T12:25:04.4426847Z 		ADDED from /home/runner/work/ShizukuPlus/ShizukuPlus/manager/src/main/AndroidManifest.xml:191:28-51
build	Build with Gradle	2026-06-06T12:25:04.4427116Z action#rikka.shizuku.intent.action.REQUEST_BINDER
build	Build with Gradle	2026-06-06T12:25:04.4427906Z ADDED from /home/runner/work/ShizukuPlus/ShizukuPlus/manager/src/main/AndroidManifest.xml:192:17-85
build	Build with Gradle	2026-06-06T12:25:04.4428087Z 	android:name
build	Build with Gradle	2026-06-06T12:25:04.4428663Z 		ADDED from /home/runner/work/ShizukuPlus/ShizukuPlus/manager/src/main/AndroidManifest.xml:192:25-82
build	Build with Gradle	2026-06-06T12:25:04.4429050Z activity#af.shizuku.manager.legacy.LegacyIsNotSupportedActivity
build	Build with Gradle	2026-06-06T12:25:04.4429610Z ADDED from /home/runner/work/ShizukuPlus/ShizukuPlus/manager/src/main/AndroidManifest.xml:197:9-208:20
build	Build with Gradle	2026-06-06T12:25:04.4429804Z 	android:excludeFromRecents
build	Build with Gradle	2026-06-06T12:25:04.4430359Z 		ADDED from /home/runner/work/ShizukuPlus/ShizukuPlus/manager/src/main/AndroidManifest.xml:199:13-46
build	Build with Gradle	2026-06-06T12:25:04.4430548Z 	android:exported
build	Build with Gradle	2026-06-06T12:25:04.4431016Z 		ADDED from /home/runner/work/ShizukuPlus/ShizukuPlus/manager/src/main/AndroidManifest.xml:200:13-36
build	Build with Gradle	2026-06-06T12:25:04.4431197Z 	android:permission
build	Build with Gradle	2026-06-06T12:25:04.4431761Z 		ADDED from /home/runner/work/ShizukuPlus/ShizukuPlus/manager/src/main/AndroidManifest.xml:201:13-68
build	Build with Gradle	2026-06-06T12:25:04.4431958Z 	android:theme
build	Build with Gradle	2026-06-06T12:25:04.4432547Z 		ADDED from /home/runner/work/ShizukuPlus/ShizukuPlus/manager/src/main/AndroidManifest.xml:202:13-52
build	Build with Gradle	2026-06-06T12:25:04.4432870Z 	android:name
build	Build with Gradle	2026-06-06T12:25:04.4433448Z 		ADDED from /home/runner/work/ShizukuPlus/ShizukuPlus/manager/src/main/AndroidManifest.xml:198:13-64
build	Build with Gradle	2026-06-06T12:25:04.4434248Z intent-filter#action:name:af.shizuku.plus.api.intent.action.REQUEST_AUTHORIZATION+category:name:android.intent.category.DEFAULT
build	Build with Gradle	2026-06-06T12:25:04.4434921Z ADDED from /home/runner/work/ShizukuPlus/ShizukuPlus/manager/src/main/AndroidManifest.xml:203:13-207:29
build	Build with Gradle	2026-06-06T12:25:04.4435322Z service#androidx.work.impl.foreground.SystemForegroundService
build	Build with Gradle	2026-06-06T12:25:04.4436009Z ADDED from /home/runner/work/ShizukuPlus/ShizukuPlus/manager/src/main/AndroidManifest.xml:211:9-214:34
build	Build with Gradle	2026-06-06T12:25:04.4437126Z MERGED from [androidx.work:work-runtime:2.10.4] /home/runner/.gradle/caches/8.14/transforms/ff46523a05730a3410b3d43ab7271bd0/transformed/work-runtime-2.10.4/AndroidManifest.xml:53:9-59:35
build	Build with Gradle	2026-06-06T12:25:04.4438416Z MERGED from [androidx.work:work-runtime:2.10.4] /home/runner/.gradle/caches/8.14/transforms/ff46523a05730a3410b3d43ab7271bd0/transformed/work-runtime-2.10.4/AndroidManifest.xml:53:9-59:35
build	Build with Gradle	2026-06-06T12:25:04.4438691Z 	android:enabled
build	Build with Gradle	2026-06-06T12:25:04.4439797Z 		ADDED from [androidx.work:work-runtime:2.10.4] /home/runner/.gradle/caches/8.14/transforms/ff46523a05730a3410b3d43ab7271bd0/transformed/work-runtime-2.10.4/AndroidManifest.xml:56:13-77
build	Build with Gradle	2026-06-06T12:25:04.4439997Z 	tools:node
build	Build with Gradle	2026-06-06T12:25:04.4440593Z 		ADDED from /home/runner/work/ShizukuPlus/ShizukuPlus/manager/src/main/AndroidManifest.xml:214:13-31
build	Build with Gradle	2026-06-06T12:25:04.4440792Z 	android:exported
build	Build with Gradle	2026-06-06T12:25:04.4441852Z 		ADDED from [androidx.work:work-runtime:2.10.4] /home/runner/.gradle/caches/8.14/transforms/ff46523a05730a3410b3d43ab7271bd0/transformed/work-runtime-2.10.4/AndroidManifest.xml:57:13-37
build	Build with Gradle	2026-06-06T12:25:04.4442027Z 	tools:ignore
build	Build with Gradle	2026-06-06T12:25:04.4443086Z 		ADDED from [androidx.work:work-runtime:2.10.4] /home/runner/.gradle/caches/8.14/transforms/ff46523a05730a3410b3d43ab7271bd0/transformed/work-runtime-2.10.4/AndroidManifest.xml:58:13-60
build	Build with Gradle	2026-06-06T12:25:04.4443283Z 	tools:targetApi
build	Build with Gradle	2026-06-06T12:25:04.4444364Z 		ADDED from [androidx.work:work-runtime:2.10.4] /home/runner/.gradle/caches/8.14/transforms/ff46523a05730a3410b3d43ab7271bd0/transformed/work-runtime-2.10.4/AndroidManifest.xml:59:13-32
build	Build with Gradle	2026-06-06T12:25:04.4444581Z 	android:directBootAware
build	Build with Gradle	2026-06-06T12:25:04.4445622Z 		ADDED from [androidx.work:work-runtime:2.10.4] /home/runner/.gradle/caches/8.14/transforms/ff46523a05730a3410b3d43ab7271bd0/transformed/work-runtime-2.10.4/AndroidManifest.xml:55:13-44
build	Build with Gradle	2026-06-06T12:25:04.4445852Z 	android:foregroundServiceType
build	Build with Gradle	2026-06-06T12:25:04.4446432Z 		ADDED from /home/runner/work/ShizukuPlus/ShizukuPlus/manager/src/main/AndroidManifest.xml:213:13-57
build	Build with Gradle	2026-06-06T12:25:04.4446614Z 	android:name
build	Build with Gradle	2026-06-06T12:25:04.4447196Z 		ADDED from /home/runner/work/ShizukuPlus/ShizukuPlus/manager/src/main/AndroidManifest.xml:212:13-81
build	Build with Gradle	2026-06-06T12:25:04.4447629Z service#af.shizuku.manager.service.WatchdogService
build	Build with Gradle	2026-06-06T12:25:04.4448234Z ADDED from /home/runner/work/ShizukuPlus/ShizukuPlus/manager/src/main/AndroidManifest.xml:216:9-228:19
build	Build with Gradle	2026-06-06T12:25:04.4448413Z 	android:exported
build	Build with Gradle	2026-06-06T12:25:04.4448962Z 		ADDED from /home/runner/work/ShizukuPlus/ShizukuPlus/manager/src/main/AndroidManifest.xml:218:13-37
build	Build with Gradle	2026-06-06T12:25:04.4449190Z 	android:foregroundServiceType
build	Build with Gradle	2026-06-06T12:25:04.4449736Z 		ADDED from /home/runner/work/ShizukuPlus/ShizukuPlus/manager/src/main/AndroidManifest.xml:219:13-55
build	Build with Gradle	2026-06-06T12:25:04.4449935Z 	android:name
build	Build with Gradle	2026-06-06T12:25:04.4450498Z 		ADDED from /home/runner/work/ShizukuPlus/ShizukuPlus/manager/src/main/AndroidManifest.xml:217:13-52
build	Build with Gradle	2026-06-06T12:25:04.4450811Z property#android.app.PROPERTY_SPECIAL_USE_FGS_SUBTYPE
build	Build with Gradle	2026-06-06T12:25:04.4451405Z ADDED from /home/runner/work/ShizukuPlus/ShizukuPlus/manager/src/main/AndroidManifest.xml:220:13-227:146
build	Build with Gradle	2026-06-06T12:25:04.4451581Z 	android:value
build	Build with Gradle	2026-06-06T12:25:04.4452252Z 		ADDED from /home/runner/work/ShizukuPlus/ShizukuPlus/manager/src/main/AndroidManifest.xml:222:17-709
build	Build with Gradle	2026-06-06T12:25:04.4452446Z 	android:name
build	Build with Gradle	2026-06-06T12:25:04.4453011Z 		ADDED from /home/runner/work/ShizukuPlus/ShizukuPlus/manager/src/main/AndroidManifest.xml:221:17-76
build	Build with Gradle	2026-06-06T12:25:04.4453366Z receiver#af.shizuku.manager.widget.ShizukuWidgetProvider
build	Build with Gradle	2026-06-06T12:25:04.4453943Z ADDED from /home/runner/work/ShizukuPlus/ShizukuPlus/manager/src/main/AndroidManifest.xml:230:9-241:20
build	Build with Gradle	2026-06-06T12:25:04.4454226Z 	android:label
build	Build with Gradle	2026-06-06T12:25:04.4454786Z 		ADDED from /home/runner/work/ShizukuPlus/ShizukuPlus/manager/src/main/AndroidManifest.xml:233:13-45
build	Build with Gradle	2026-06-06T12:25:04.4455050Z 	android:exported
build	Build with Gradle	2026-06-06T12:25:04.4455631Z 		ADDED from /home/runner/work/ShizukuPlus/ShizukuPlus/manager/src/main/AndroidManifest.xml:232:13-36
build	Build with Gradle	2026-06-06T12:25:04.4455807Z 	android:name
build	Build with Gradle	2026-06-06T12:25:04.4456371Z 		ADDED from /home/runner/work/ShizukuPlus/ShizukuPlus/manager/src/main/AndroidManifest.xml:231:13-57
build	Build with Gradle	2026-06-06T12:25:04.4457099Z intent-filter#action:name:af.shizuku.manager.action.STATE_CHANGED+action:name:android.appwidget.action.APPWIDGET_UPDATE
build	Build with Gradle	2026-06-06T12:25:04.4457896Z ADDED from /home/runner/work/ShizukuPlus/ShizukuPlus/manager/src/main/AndroidManifest.xml:234:13-237:29
build	Build with Gradle	2026-06-06T12:25:04.4458196Z action#android.appwidget.action.APPWIDGET_UPDATE
build	Build with Gradle	2026-06-06T12:25:04.4458756Z ADDED from /home/runner/work/ShizukuPlus/ShizukuPlus/manager/src/main/AndroidManifest.xml:235:17-84
build	Build with Gradle	2026-06-06T12:25:04.4458940Z 	android:name
build	Build with Gradle	2026-06-06T12:25:04.4459515Z 		ADDED from /home/runner/work/ShizukuPlus/ShizukuPlus/manager/src/main/AndroidManifest.xml:235:25-81
build	Build with Gradle	2026-06-06T12:25:04.4459782Z action#af.shizuku.manager.action.STATE_CHANGED
build	Build with Gradle	2026-06-06T12:25:04.4460350Z ADDED from /home/runner/work/ShizukuPlus/ShizukuPlus/manager/src/main/AndroidManifest.xml:236:17-82
build	Build with Gradle	2026-06-06T12:25:04.4460532Z 	android:name
build	Build with Gradle	2026-06-06T12:25:04.4461071Z 		ADDED from /home/runner/work/ShizukuPlus/ShizukuPlus/manager/src/main/AndroidManifest.xml:236:25-79
build	Build with Gradle	2026-06-06T12:25:04.4461380Z meta-data#android.appwidget.provider
build	Build with Gradle	2026-06-06T12:25:04.4461944Z ADDED from /home/runner/work/ShizukuPlus/ShizukuPlus/manager/src/main/AndroidManifest.xml:238:13-240:55
build	Build with Gradle	2026-06-06T12:25:04.4462155Z 	android:resource
build	Build with Gradle	2026-06-06T12:25:04.4462721Z 		ADDED from /home/runner/work/ShizukuPlus/ShizukuPlus/manager/src/main/AndroidManifest.xml:240:17-52
build	Build with Gradle	2026-06-06T12:25:04.4462908Z 	android:name
build	Build with Gradle	2026-06-06T12:25:04.4463504Z 		ADDED from /home/runner/work/ShizukuPlus/ShizukuPlus/manager/src/main/AndroidManifest.xml:239:17-58
build	Build with Gradle	2026-06-06T12:25:04.4463817Z service#af.shizuku.manager.service.ShizukuTileService
build	Build with Gradle	2026-06-06T12:25:04.4464432Z ADDED from /home/runner/work/ShizukuPlus/ShizukuPlus/manager/src/main/AndroidManifest.xml:243:9-255:19
build	Build with Gradle	2026-06-06T12:25:04.4464632Z 	android:label
build	Build with Gradle	2026-06-06T12:25:04.4465229Z 		ADDED from /home/runner/work/ShizukuPlus/ShizukuPlus/manager/src/main/AndroidManifest.xml:247:13-45
build	Build with Gradle	2026-06-06T12:25:04.4465418Z 	android:exported
build	Build with Gradle	2026-06-06T12:25:04.4465972Z 		ADDED from /home/runner/work/ShizukuPlus/ShizukuPlus/manager/src/main/AndroidManifest.xml:245:13-36
build	Build with Gradle	2026-06-06T12:25:04.4466171Z 	android:permission
build	Build with Gradle	2026-06-06T12:25:04.4466747Z 		ADDED from /home/runner/work/ShizukuPlus/ShizukuPlus/manager/src/main/AndroidManifest.xml:248:13-77
build	Build with Gradle	2026-06-06T12:25:04.4466913Z 	android:icon
build	Build with Gradle	2026-06-06T12:25:04.4467651Z 		ADDED from /home/runner/work/ShizukuPlus/ShizukuPlus/manager/src/main/AndroidManifest.xml:246:13-53
build	Build with Gradle	2026-06-06T12:25:04.4467827Z 	android:name
build	Build with Gradle	2026-06-06T12:25:04.4468336Z 		ADDED from /home/runner/work/ShizukuPlus/ShizukuPlus/manager/src/main/AndroidManifest.xml:244:13-55
build	Build with Gradle	2026-06-06T12:25:04.4468728Z intent-filter#action:name:android.service.quicksettings.action.QS_TILE
build	Build with Gradle	2026-06-06T12:25:04.4469290Z ADDED from /home/runner/work/ShizukuPlus/ShizukuPlus/manager/src/main/AndroidManifest.xml:249:13-251:29
build	Build with Gradle	2026-06-06T12:25:04.4469586Z action#android.service.quicksettings.action.QS_TILE
build	Build with Gradle	2026-06-06T12:25:04.4470131Z ADDED from /home/runner/work/ShizukuPlus/ShizukuPlus/manager/src/main/AndroidManifest.xml:250:17-87
build	Build with Gradle	2026-06-06T12:25:04.4470465Z 	android:name
build	Build with Gradle	2026-06-06T12:25:04.4470981Z 		ADDED from /home/runner/work/ShizukuPlus/ShizukuPlus/manager/src/main/AndroidManifest.xml:250:25-84
build	Build with Gradle	2026-06-06T12:25:04.4471280Z meta-data#android.service.quicksettings.ACTIVE_TILE
build	Build with Gradle	2026-06-06T12:25:04.4471863Z ADDED from /home/runner/work/ShizukuPlus/ShizukuPlus/manager/src/main/AndroidManifest.xml:252:13-254:40
build	Build with Gradle	2026-06-06T12:25:04.4472109Z 	android:value
build	Build with Gradle	2026-06-06T12:25:04.4472666Z 		ADDED from /home/runner/work/ShizukuPlus/ShizukuPlus/manager/src/main/AndroidManifest.xml:254:17-37
build	Build with Gradle	2026-06-06T12:25:04.4472898Z 	android:name
build	Build with Gradle	2026-06-06T12:25:04.4473461Z 		ADDED from /home/runner/work/ShizukuPlus/ShizukuPlus/manager/src/main/AndroidManifest.xml:253:17-73
build	Build with Gradle	2026-06-06T12:25:04.4473776Z service#af.shizuku.manager.service.AdbProxyService
build	Build with Gradle	2026-06-06T12:25:04.4474359Z ADDED from /home/runner/work/ShizukuPlus/ShizukuPlus/manager/src/main/AndroidManifest.xml:257:9-259:40
build	Build with Gradle	2026-06-06T12:25:04.4474559Z 	android:exported
build	Build with Gradle	2026-06-06T12:25:04.4475189Z 		ADDED from /home/runner/work/ShizukuPlus/ShizukuPlus/manager/src/main/AndroidManifest.xml:259:13-37
build	Build with Gradle	2026-06-06T12:25:04.4475368Z 	android:name
build	Build with Gradle	2026-06-06T12:25:04.4475931Z 		ADDED from /home/runner/work/ShizukuPlus/ShizukuPlus/manager/src/main/AndroidManifest.xml:258:13-52
build	Build with Gradle	2026-06-06T12:25:04.4476246Z service#af.shizuku.manager.service.ShizukuLiveService
build	Build with Gradle	2026-06-06T12:25:04.4476840Z ADDED from /home/runner/work/ShizukuPlus/ShizukuPlus/manager/src/main/AndroidManifest.xml:261:9-265:58
build	Build with Gradle	2026-06-06T12:25:04.4477017Z 	android:enabled
build	Build with Gradle	2026-06-06T12:25:04.4477759Z 		ADDED from /home/runner/work/ShizukuPlus/ShizukuPlus/manager/src/main/AndroidManifest.xml:263:13-35
build	Build with Gradle	2026-06-06T12:25:04.4477960Z 	android:exported
build	Build with Gradle	2026-06-06T12:25:04.4478533Z 		ADDED from /home/runner/work/ShizukuPlus/ShizukuPlus/manager/src/main/AndroidManifest.xml:264:13-37
build	Build with Gradle	2026-06-06T12:25:04.4479664Z 	android:foregroundServiceType
build	Build with Gradle	2026-06-06T12:25:04.4480643Z 		ADDED from /home/runner/work/ShizukuPlus/ShizukuPlus/manager/src/main/AndroidManifest.xml:265:13-55
build	Build with Gradle	2026-06-06T12:25:04.4481547Z 	android:name
build	Build with Gradle	2026-06-06T12:25:04.4482341Z 		ADDED from /home/runner/work/ShizukuPlus/ShizukuPlus/manager/src/main/AndroidManifest.xml:262:13-55
build	Build with Gradle	2026-06-06T12:25:04.4483404Z receiver#af.shizuku.manager.receiver.BinderRequestReceiver
build	Build with Gradle	2026-06-06T12:25:04.4484386Z ADDED from /home/runner/work/ShizukuPlus/ShizukuPlus/manager/src/main/AndroidManifest.xml:267:9-276:20
build	Build with Gradle	2026-06-06T12:25:04.4485343Z 	android:enabled
build	Build with Gradle	2026-06-06T12:25:04.4486201Z 		ADDED from /home/runner/work/ShizukuPlus/ShizukuPlus/manager/src/main/AndroidManifest.xml:270:13-35
build	Build with Gradle	2026-06-06T12:25:04.4487007Z 	android:exported
build	Build with Gradle	2026-06-06T12:25:04.4487976Z 		ADDED from /home/runner/work/ShizukuPlus/ShizukuPlus/manager/src/main/AndroidManifest.xml:271:13-36
build	Build with Gradle	2026-06-06T12:25:04.4488920Z 	tools:ignore
build	Build with Gradle	2026-06-06T12:25:04.4489728Z 		ADDED from /home/runner/work/ShizukuPlus/ShizukuPlus/manager/src/main/AndroidManifest.xml:272:13-44
build	Build with Gradle	2026-06-06T12:25:04.4490718Z 	android:directBootAware
build	Build with Gradle	2026-06-06T12:25:04.4491855Z 		ADDED from /home/runner/work/ShizukuPlus/ShizukuPlus/manager/src/main/AndroidManifest.xml:269:13-43
build	Build with Gradle	2026-06-06T12:25:04.4492848Z 	android:name
build	Build with Gradle	2026-06-06T12:25:04.4493661Z 		ADDED from /home/runner/work/ShizukuPlus/ShizukuPlus/manager/src/main/AndroidManifest.xml:268:13-59
build	Build with Gradle	2026-06-06T12:25:04.4494833Z intent-filter#action:name:rikka.shizuku.intent.action.REQUEST_BINDER
build	Build with Gradle	2026-06-06T12:25:04.4495998Z ADDED from /home/runner/work/ShizukuPlus/ShizukuPlus/manager/src/main/AndroidManifest.xml:273:13-275:29
build	Build with Gradle	2026-06-06T12:25:04.4496994Z 	android:priority
build	Build with Gradle	2026-06-06T12:25:04.4498054Z 		ADDED from /home/runner/work/ShizukuPlus/ShizukuPlus/manager/src/main/AndroidManifest.xml:273:28-51
build	Build with Gradle	2026-06-06T12:25:04.4499169Z receiver#af.shizuku.manager.receiver.BootCompleteReceiver
build	Build with Gradle	2026-06-06T12:25:04.4500240Z ADDED from /home/runner/work/ShizukuPlus/ShizukuPlus/manager/src/main/AndroidManifest.xml:278:9-290:20
build	Build with Gradle	2026-06-06T12:25:04.4501169Z 	android:enabled
build	Build with Gradle	2026-06-06T12:25:04.4502150Z 		ADDED from /home/runner/work/ShizukuPlus/ShizukuPlus/manager/src/main/AndroidManifest.xml:280:13-35
build	Build with Gradle	2026-06-06T12:25:04.4503065Z 	android:exported
build	Build with Gradle	2026-06-06T12:25:04.4503884Z 		ADDED from /home/runner/work/ShizukuPlus/ShizukuPlus/manager/src/main/AndroidManifest.xml:281:13-36
build	Build with Gradle	2026-06-06T12:25:04.4504824Z 	android:directBootAware
build	Build with Gradle	2026-06-06T12:25:04.4505707Z 		ADDED from /home/runner/work/ShizukuPlus/ShizukuPlus/manager/src/main/AndroidManifest.xml:282:13-43
build	Build with Gradle	2026-06-06T12:25:04.4506815Z 	android:name
build	Build with Gradle	2026-06-06T12:25:04.4507800Z 		ADDED from /home/runner/work/ShizukuPlus/ShizukuPlus/manager/src/main/AndroidManifest.xml:279:13-58
build	Build with Gradle	2026-06-06T12:25:04.4510390Z intent-filter#action:name:android.intent.action.BOOT_COMPLETED+action:name:android.intent.action.LOCKED_BOOT_COMPLETED+action:name:android.intent.action.MY_PACKAGE_REPLACED+action:name:android.intent.action.QUICKBOOT_POWERON+action:name:com.htc.intent.action.QUICKBOOT_POWERON
build	Build with Gradle	2026-06-06T12:25:04.4512910Z ADDED from /home/runner/work/ShizukuPlus/ShizukuPlus/manager/src/main/AndroidManifest.xml:283:13-289:29
build	Build with Gradle	2026-06-06T12:25:04.4514087Z action#android.intent.action.BOOT_COMPLETED
build	Build with Gradle	2026-06-06T12:25:04.4515079Z ADDED from /home/runner/work/ShizukuPlus/ShizukuPlus/manager/src/main/AndroidManifest.xml:284:17-79
build	Build with Gradle	2026-06-06T12:25:04.4515985Z 	android:name
build	Build with Gradle	2026-06-06T12:25:04.4516849Z 		ADDED from /home/runner/work/ShizukuPlus/ShizukuPlus/manager/src/main/AndroidManifest.xml:284:25-76
build	Build with Gradle	2026-06-06T12:25:04.4518067Z action#android.intent.action.LOCKED_BOOT_COMPLETED
build	Build with Gradle	2026-06-06T12:25:04.4519124Z ADDED from /home/runner/work/ShizukuPlus/ShizukuPlus/manager/src/main/AndroidManifest.xml:285:17-86
build	Build with Gradle	2026-06-06T12:25:04.4520115Z 	android:name
build	Build with Gradle	2026-06-06T12:25:04.4520940Z 		ADDED from /home/runner/work/ShizukuPlus/ShizukuPlus/manager/src/main/AndroidManifest.xml:285:25-83
build	Build with Gradle	2026-06-06T12:25:04.4521947Z action#android.intent.action.MY_PACKAGE_REPLACED
build	Build with Gradle	2026-06-06T12:25:04.4522881Z ADDED from /home/runner/work/ShizukuPlus/ShizukuPlus/manager/src/main/AndroidManifest.xml:286:17-84
build	Build with Gradle	2026-06-06T12:25:04.4523781Z 	android:name
build	Build with Gradle	2026-06-06T12:25:04.4524616Z 		ADDED from /home/runner/work/ShizukuPlus/ShizukuPlus/manager/src/main/AndroidManifest.xml:286:25-81
build	Build with Gradle	2026-06-06T12:25:04.4525611Z action#android.intent.action.QUICKBOOT_POWERON
build	Build with Gradle	2026-06-06T12:25:04.4526585Z ADDED from /home/runner/work/ShizukuPlus/ShizukuPlus/manager/src/main/AndroidManifest.xml:287:17-82
build	Build with Gradle	2026-06-06T12:25:04.4527618Z 	android:name
build	Build with Gradle	2026-06-06T12:25:04.4528360Z 		ADDED from /home/runner/work/ShizukuPlus/ShizukuPlus/manager/src/main/AndroidManifest.xml:287:25-79
build	Build with Gradle	2026-06-06T12:25:04.4529366Z action#com.htc.intent.action.QUICKBOOT_POWERON
build	Build with Gradle	2026-06-06T12:25:04.4530347Z ADDED from /home/runner/work/ShizukuPlus/ShizukuPlus/manager/src/main/AndroidManifest.xml:288:17-82
build	Build with Gradle	2026-06-06T12:25:04.4531295Z 	android:name
build	Build with Gradle	2026-06-06T12:25:04.4532072Z 		ADDED from /home/runner/work/ShizukuPlus/ShizukuPlus/manager/src/main/AndroidManifest.xml:288:25-79
build	Build with Gradle	2026-06-06T12:25:04.4533209Z receiver#af.shizuku.manager.receiver.ManualStartReceiver
build	Build with Gradle	2026-06-06T12:25:04.4534271Z ADDED from /home/runner/work/ShizukuPlus/ShizukuPlus/manager/src/main/AndroidManifest.xml:292:9-299:20
build	Build with Gradle	2026-06-06T12:25:04.4535189Z 	android:enabled
build	Build with Gradle	2026-06-06T12:25:04.4535993Z 		ADDED from /home/runner/work/ShizukuPlus/ShizukuPlus/manager/src/main/AndroidManifest.xml:294:13-35
build	Build with Gradle	2026-06-06T12:25:04.4536914Z 	android:exported
build	Build with Gradle	2026-06-06T12:25:04.4537900Z 		ADDED from /home/runner/work/ShizukuPlus/ShizukuPlus/manager/src/main/AndroidManifest.xml:295:13-36
build	Build with Gradle	2026-06-06T12:25:04.4538819Z 	android:name
build	Build with Gradle	2026-06-06T12:25:04.4539608Z 		ADDED from /home/runner/work/ShizukuPlus/ShizukuPlus/manager/src/main/AndroidManifest.xml:293:13-57
build	Build with Gradle	2026-06-06T12:25:04.4540602Z intent-filter#action:name:af.shizuku.plus.api.START
build	Build with Gradle	2026-06-06T12:25:04.4541625Z ADDED from /home/runner/work/ShizukuPlus/ShizukuPlus/manager/src/main/AndroidManifest.xml:296:13-298:29
build	Build with Gradle	2026-06-06T12:25:04.4542708Z receiver#af.shizuku.manager.receiver.ManualStopReceiver
build	Build with Gradle	2026-06-06T12:25:04.4543757Z ADDED from /home/runner/work/ShizukuPlus/ShizukuPlus/manager/src/main/AndroidManifest.xml:301:9-308:20
build	Build with Gradle	2026-06-06T12:25:04.4544864Z 	android:enabled
build	Build with Gradle	2026-06-06T12:25:04.4545635Z 		ADDED from /home/runner/work/ShizukuPlus/ShizukuPlus/manager/src/main/AndroidManifest.xml:303:13-35
build	Build with Gradle	2026-06-06T12:25:04.4546538Z 	android:exported
build	Build with Gradle	2026-06-06T12:25:04.4547338Z 		ADDED from /home/runner/work/ShizukuPlus/ShizukuPlus/manager/src/main/AndroidManifest.xml:304:13-36
build	Build with Gradle	2026-06-06T12:25:04.4548517Z 	android:name
build	Build with Gradle	2026-06-06T12:25:04.4549232Z 		ADDED from /home/runner/work/ShizukuPlus/ShizukuPlus/manager/src/main/AndroidManifest.xml:302:13-56
build	Build with Gradle	2026-06-06T12:25:04.4550259Z intent-filter#action:name:af.shizuku.plus.api.STOP
build	Build with Gradle	2026-06-06T12:25:04.4551205Z ADDED from /home/runner/work/ShizukuPlus/ShizukuPlus/manager/src/main/AndroidManifest.xml:305:13-307:29
build	Build with Gradle	2026-06-06T12:25:04.4552296Z receiver#af.shizuku.manager.receiver.NotifAttemptReceiver
build	Build with Gradle	2026-06-06T12:25:04.4553280Z ADDED from /home/runner/work/ShizukuPlus/ShizukuPlus/manager/src/main/AndroidManifest.xml:310:9-67
build	Build with Gradle	2026-06-06T12:25:04.4554133Z 	android:name
build	Build with Gradle	2026-06-06T12:25:04.4555040Z 		ADDED from /home/runner/work/ShizukuPlus/ShizukuPlus/manager/src/main/AndroidManifest.xml:310:19-64
build	Build with Gradle	2026-06-06T12:25:04.4556078Z receiver#af.shizuku.manager.receiver.NotifCancelReceiver
build	Build with Gradle	2026-06-06T12:25:04.4557100Z ADDED from /home/runner/work/ShizukuPlus/ShizukuPlus/manager/src/main/AndroidManifest.xml:311:9-66
build	Build with Gradle	2026-06-06T12:25:04.4558140Z 	android:name
build	Build with Gradle	2026-06-06T12:25:04.4558949Z 		ADDED from /home/runner/work/ShizukuPlus/ShizukuPlus/manager/src/main/AndroidManifest.xml:311:19-63
build	Build with Gradle	2026-06-06T12:25:04.4560025Z receiver#af.shizuku.manager.receiver.NotifRestoreReceiver
build	Build with Gradle	2026-06-06T12:25:04.4561054Z ADDED from /home/runner/work/ShizukuPlus/ShizukuPlus/manager/src/main/AndroidManifest.xml:312:9-67
build	Build with Gradle	2026-06-06T12:25:04.4561934Z 	android:name
build	Build with Gradle	2026-06-06T12:25:04.4562722Z 		ADDED from /home/runner/work/ShizukuPlus/ShizukuPlus/manager/src/main/AndroidManifest.xml:312:19-64
build	Build with Gradle	2026-06-06T12:25:04.4563695Z provider#af.shizuku.manager.DhizukuProvider
build	Build with Gradle	2026-06-06T12:25:04.4564645Z ADDED from /home/runner/work/ShizukuPlus/ShizukuPlus/manager/src/main/AndroidManifest.xml:336:9-342:44
build	Build with Gradle	2026-06-06T12:25:04.4565557Z 	android:enabled
build	Build with Gradle	2026-06-06T12:25:04.4566371Z 		ADDED from /home/runner/work/ShizukuPlus/ShizukuPlus/manager/src/main/AndroidManifest.xml:340:13-35
build	Build with Gradle	2026-06-06T12:25:04.4567282Z 	android:authorities
build	Build with Gradle	2026-06-06T12:25:04.4568241Z 		ADDED from /home/runner/work/ShizukuPlus/ShizukuPlus/manager/src/main/AndroidManifest.xml:338:13-79
build	Build with Gradle	2026-06-06T12:25:04.4569168Z 	android:multiprocess
build	Build with Gradle	2026-06-06T12:25:04.4570011Z 		ADDED from /home/runner/work/ShizukuPlus/ShizukuPlus/manager/src/main/AndroidManifest.xml:342:13-41
build	Build with Gradle	2026-06-06T12:25:04.4570935Z 	android:exported
build	Build with Gradle	2026-06-06T12:25:04.4571747Z 		ADDED from /home/runner/work/ShizukuPlus/ShizukuPlus/manager/src/main/AndroidManifest.xml:341:13-36
build	Build with Gradle	2026-06-06T12:25:04.4572690Z 	android:directBootAware
build	Build with Gradle	2026-06-06T12:25:04.4573516Z 		ADDED from /home/runner/work/ShizukuPlus/ShizukuPlus/manager/src/main/AndroidManifest.xml:339:13-43
build	Build with Gradle	2026-06-06T12:25:04.4574382Z 	android:name
build	Build with Gradle	2026-06-06T12:25:04.4575183Z 		ADDED from /home/runner/work/ShizukuPlus/ShizukuPlus/manager/src/main/AndroidManifest.xml:337:13-44
build	Build with Gradle	2026-06-06T12:25:04.4576202Z receiver#af.shizuku.manager.admin.DhizukuAdminReceiver
build	Build with Gradle	2026-06-06T12:25:04.4577243Z ADDED from /home/runner/work/ShizukuPlus/ShizukuPlus/manager/src/main/AndroidManifest.xml:353:9-365:20
build	Build with Gradle	2026-06-06T12:25:04.4578284Z 	android:label
build	Build with Gradle	2026-06-06T12:25:04.4579069Z 		ADDED from /home/runner/work/ShizukuPlus/ShizukuPlus/manager/src/main/AndroidManifest.xml:357:13-63
build	Build with Gradle	2026-06-06T12:25:04.4579979Z 	android:exported
build	Build with Gradle	2026-06-06T12:25:04.4580761Z 		ADDED from /home/runner/work/ShizukuPlus/ShizukuPlus/manager/src/main/AndroidManifest.xml:356:13-36
build	Build with Gradle	2026-06-06T12:25:04.4581672Z 	android:permission
build	Build with Gradle	2026-06-06T12:25:04.4582488Z 		ADDED from /home/runner/work/ShizukuPlus/ShizukuPlus/manager/src/main/AndroidManifest.xml:358:13-70
build	Build with Gradle	2026-06-06T12:25:04.4583398Z 	android:description
build	Build with Gradle	2026-06-06T12:25:04.4584364Z 		ADDED from /home/runner/work/ShizukuPlus/ShizukuPlus/manager/src/main/AndroidManifest.xml:355:13-68
build	Build with Gradle	2026-06-06T12:25:04.4585277Z 	android:name
build	Build with Gradle	2026-06-06T12:25:04.4586065Z 		ADDED from /home/runner/work/ShizukuPlus/ShizukuPlus/manager/src/main/AndroidManifest.xml:354:13-55
build	Build with Gradle	2026-06-06T12:25:04.4587024Z meta-data#android.app.device_admin
build	Build with Gradle	2026-06-06T12:25:04.4588155Z ADDED from /home/runner/work/ShizukuPlus/ShizukuPlus/manager/src/main/AndroidManifest.xml:359:13-361:56
build	Build with Gradle	2026-06-06T12:25:04.4589225Z 	android:resource
build	Build with Gradle	2026-06-06T12:25:04.4590065Z 		ADDED from /home/runner/work/ShizukuPlus/ShizukuPlus/manager/src/main/AndroidManifest.xml:361:17-53
build	Build with Gradle	2026-06-06T12:25:04.4591020Z 	android:name
build	Build with Gradle	2026-06-06T12:25:04.4591789Z 		ADDED from /home/runner/work/ShizukuPlus/ShizukuPlus/manager/src/main/AndroidManifest.xml:360:17-56
build	Build with Gradle	2026-06-06T12:25:04.4592851Z intent-filter#action:name:android.app.action.DEVICE_ADMIN_ENABLED
build	Build with Gradle	2026-06-06T12:25:04.4593917Z ADDED from /home/runner/work/ShizukuPlus/ShizukuPlus/manager/src/main/AndroidManifest.xml:362:13-364:29
build	Build with Gradle	2026-06-06T12:25:04.4594874Z action#android.app.action.DEVICE_ADMIN_ENABLED
build	Build with Gradle	2026-06-06T12:25:04.4595916Z ADDED from /home/runner/work/ShizukuPlus/ShizukuPlus/manager/src/main/AndroidManifest.xml:363:17-82
build	Build with Gradle	2026-06-06T12:25:04.4596782Z 	android:name
build	Build with Gradle	2026-06-06T12:25:04.4597679Z 		ADDED from /home/runner/work/ShizukuPlus/ShizukuPlus/manager/src/main/AndroidManifest.xml:363:25-79
build	Build with Gradle	2026-06-06T12:25:04.4598714Z activity#af.shizuku.manager.adb.FakeAdbPairingActivity
build	Build with Gradle	2026-06-06T12:25:04.4599683Z ADDED from /home/runner/work/ShizukuPlus/ShizukuPlus/manager/src/main/AndroidManifest.xml:368:9-372:40
build	Build with Gradle	2026-06-06T12:25:04.4600651Z 	android:excludeFromRecents
build	Build with Gradle	2026-06-06T12:25:04.4601503Z 		ADDED from /home/runner/work/ShizukuPlus/ShizukuPlus/manager/src/main/AndroidManifest.xml:371:13-46
build	Build with Gradle	2026-06-06T12:25:04.4602410Z 	android:exported
build	Build with Gradle	2026-06-06T12:25:04.4603203Z 		ADDED from /home/runner/work/ShizukuPlus/ShizukuPlus/manager/src/main/AndroidManifest.xml:372:13-37
build	Build with Gradle	2026-06-06T12:25:04.4604079Z 	android:theme
build	Build with Gradle	2026-06-06T12:25:04.4604844Z 		ADDED from /home/runner/work/ShizukuPlus/ShizukuPlus/manager/src/main/AndroidManifest.xml:370:13-82
build	Build with Gradle	2026-06-06T12:25:04.4605694Z 	android:name
build	Build with Gradle	2026-06-06T12:25:04.4606435Z 		ADDED from /home/runner/work/ShizukuPlus/ShizukuPlus/manager/src/main/AndroidManifest.xml:369:13-55
build	Build with Gradle	2026-06-06T12:25:04.4607609Z service#af.shizuku.manager.automation.AutomationService
build	Build with Gradle	2026-06-06T12:25:04.4608666Z ADDED from /home/runner/work/ShizukuPlus/ShizukuPlus/manager/src/main/AndroidManifest.xml:374:9-376:40
build	Build with Gradle	2026-06-06T12:25:04.4609576Z 	android:exported
build	Build with Gradle	2026-06-06T12:25:04.4610339Z 		ADDED from /home/runner/work/ShizukuPlus/ShizukuPlus/manager/src/main/AndroidManifest.xml:376:13-37
build	Build with Gradle	2026-06-06T12:25:04.4611189Z 	android:name
build	Build with Gradle	2026-06-06T12:25:04.4612006Z 		ADDED from /home/runner/work/ShizukuPlus/ShizukuPlus/manager/src/main/AndroidManifest.xml:375:13-75
build	Build with Gradle	2026-06-06T12:25:04.4613009Z meta-data#androidx.work.WorkManagerInitializer
build	Build with Gradle	2026-06-06T12:25:04.4614027Z ADDED from /home/runner/work/ShizukuPlus/ShizukuPlus/manager/src/main/AndroidManifest.xml:321:13-324:39
build	Build with Gradle	2026-06-06T12:25:04.4616208Z REJECTED from [androidx.work:work-runtime:2.10.4] /home/runner/.gradle/caches/8.14/transforms/ff46523a05730a3410b3d43ab7271bd0/transformed/work-runtime-2.10.4/AndroidManifest.xml:34:13-36:52
build	Build with Gradle	2026-06-06T12:25:04.4617689Z 	tools:node
build	Build with Gradle	2026-06-06T12:25:04.4618437Z 		ADDED from /home/runner/work/ShizukuPlus/ShizukuPlus/manager/src/main/AndroidManifest.xml:324:17-36
build	Build with Gradle	2026-06-06T12:25:04.4619370Z 	android:value
build	Build with Gradle	2026-06-06T12:25:04.4620157Z 		ADDED from /home/runner/work/ShizukuPlus/ShizukuPlus/manager/src/main/AndroidManifest.xml:323:17-49
build	Build with Gradle	2026-06-06T12:25:04.4621068Z 	android:name
build	Build with Gradle	2026-06-06T12:25:04.4621721Z 		ADDED from /home/runner/work/ShizukuPlus/ShizukuPlus/manager/src/main/AndroidManifest.xml:322:17-68
build	Build with Gradle	2026-06-06T12:25:04.4622717Z meta-data#android.support.FILE_PROVIDER_PATHS
build	Build with Gradle	2026-06-06T12:25:04.4623731Z ADDED from /home/runner/work/ShizukuPlus/ShizukuPlus/manager/src/main/AndroidManifest.xml:349:13-351:54
build	Build with Gradle	2026-06-06T12:25:04.4624875Z 	android:resource
build	Build with Gradle	2026-06-06T12:25:04.4625724Z 		ADDED from /home/runner/work/ShizukuPlus/ShizukuPlus/manager/src/main/AndroidManifest.xml:351:17-51
build	Build with Gradle	2026-06-06T12:25:04.4626649Z 	android:name
build	Build with Gradle	2026-06-06T12:25:04.4627685Z 		ADDED from /home/runner/work/ShizukuPlus/ShizukuPlus/manager/src/main/AndroidManifest.xml:350:17-67
build	Build with Gradle	2026-06-06T12:25:04.4628646Z uses-sdk
build	Build with Gradle	2026-06-06T12:25:04.4629689Z INJECTED from /home/runner/work/ShizukuPlus/ShizukuPlus/manager/src/main/AndroidManifest.xml reason: use-sdk injection requested
build	Build with Gradle	2026-06-06T12:25:04.4631323Z INJECTED from /home/runner/work/ShizukuPlus/ShizukuPlus/manager/src/main/AndroidManifest.xml
build	Build with Gradle	2026-06-06T12:25:04.4632614Z INJECTED from /home/runner/work/ShizukuPlus/ShizukuPlus/manager/src/main/AndroidManifest.xml
build	Build with Gradle	2026-06-06T12:25:04.4634330Z MERGED from [:core:ui] /home/runner/work/ShizukuPlus/ShizukuPlus/core/ui/build/intermediates/merged_manifest/release/processReleaseManifest/AndroidManifest.xml:5:5-44
build	Build with Gradle	2026-06-06T12:25:04.4636526Z MERGED from [:core:ui] /home/runner/work/ShizukuPlus/ShizukuPlus/core/ui/build/intermediates/merged_manifest/release/processReleaseManifest/AndroidManifest.xml:5:5-44
build	Build with Gradle	2026-06-06T12:25:04.4639044Z MERGED from [androidx.databinding:viewbinding:8.11.1] /home/runner/.gradle/caches/8.14/transforms/693c054b9b80dbf8007dadbf97a7b615/transformed/viewbinding-8.11.1/AndroidManifest.xml:5:5-44
build	Build with Gradle	2026-06-06T12:25:04.4641324Z MERGED from [androidx.databinding:viewbinding:8.11.1] /home/runner/.gradle/caches/8.14/transforms/693c054b9b80dbf8007dadbf97a7b615/transformed/viewbinding-8.11.1/AndroidManifest.xml:5:5-44
build	Build with Gradle	2026-06-06T12:25:04.4643601Z MERGED from [:server] /home/runner/work/ShizukuPlus/ShizukuPlus/server/build/intermediates/merged_manifest/release/processReleaseManifest/AndroidManifest.xml:5:5-44
build	Build with Gradle	2026-06-06T12:25:04.4645694Z MERGED from [:server] /home/runner/work/ShizukuPlus/ShizukuPlus/server/build/intermediates/merged_manifest/release/processReleaseManifest/AndroidManifest.xml:5:5-44
build	Build with Gradle	2026-06-06T12:25:04.4647981Z MERGED from [:starter] /home/runner/work/ShizukuPlus/ShizukuPlus/starter/build/intermediates/merged_manifest/release/processReleaseManifest/AndroidManifest.xml:5:5-44
build	Build with Gradle	2026-06-06T12:25:04.4650152Z MERGED from [:starter] /home/runner/work/ShizukuPlus/ShizukuPlus/starter/build/intermediates/merged_manifest/release/processReleaseManifest/AndroidManifest.xml:5:5-44
build	Build with Gradle	2026-06-06T12:25:04.4652348Z MERGED from [com.airbnb.android:mavericks:3.0.9] /home/runner/.gradle/caches/8.14/transforms/2c8372c00787b5e2af17c392510a0378/transformed/mavericks-3.0.9/AndroidManifest.xml:5:5-44
build	Build with Gradle	2026-06-06T12:25:04.4654510Z MERGED from [com.airbnb.android:mavericks:3.0.9] /home/runner/.gradle/caches/8.14/transforms/2c8372c00787b5e2af17c392510a0378/transformed/mavericks-3.0.9/AndroidManifest.xml:5:5-44
build	Build with Gradle	2026-06-06T12:25:04.4656874Z MERGED from [androidx.preference:preference-ktx:1.2.1] /home/runner/.gradle/caches/8.14/transforms/71aa5bf0c4580977b2f3abf550a82d0e/transformed/preference-ktx-1.2.1/AndroidManifest.xml:20:5-22:41
build	Build with Gradle	2026-06-06T12:25:04.4659470Z MERGED from [androidx.preference:preference-ktx:1.2.1] /home/runner/.gradle/caches/8.14/transforms/71aa5bf0c4580977b2f3abf550a82d0e/transformed/preference-ktx-1.2.1/AndroidManifest.xml:20:5-22:41
build	Build with Gradle	2026-06-06T12:25:04.4661842Z MERGED from [io.insert-koin:koin-android:4.0.2] /home/runner/.gradle/caches/8.14/transforms/438de03543f1a14021d179b045f7057a/transformed/koin-android-4.0.2/AndroidManifest.xml:5:5-44
build	Build with Gradle	2026-06-06T12:25:04.4664062Z MERGED from [io.insert-koin:koin-android:4.0.2] /home/runner/.gradle/caches/8.14/transforms/438de03543f1a14021d179b045f7057a/transformed/koin-android-4.0.2/AndroidManifest.xml:5:5-44
build	Build with Gradle	2026-06-06T12:25:04.4666554Z MERGED from [dev.rikka.rikkax.material:material-preference:2.0.0] /home/runner/.gradle/caches/8.14/transforms/373e825be4973449db84049594b600ab/transformed/material-preference-2.0.0-release/AndroidManifest.xml:5:5-7:41
build	Build with Gradle	2026-06-06T12:25:04.4669413Z MERGED from [dev.rikka.rikkax.material:material-preference:2.0.0] /home/runner/.gradle/caches/8.14/transforms/373e825be4973449db84049594b600ab/transformed/material-preference-2.0.0-release/AndroidManifest.xml:5:5-7:41
build	Build with Gradle	2026-06-06T12:25:04.4672119Z MERGED from [dev.rikka.rikkax.material:material:2.7.2] /home/runner/.gradle/caches/8.14/transforms/f85a8706e3d3bf4df310b1b8ed66a067/transformed/material-2.7.2/AndroidManifest.xml:5:5-44
build	Build with Gradle	2026-06-06T12:25:04.4674283Z MERGED from [dev.rikka.rikkax.material:material:2.7.2] /home/runner/.gradle/caches/8.14/transforms/f85a8706e3d3bf4df310b1b8ed66a067/transformed/material-2.7.2/AndroidManifest.xml:5:5-44
build	Build with Gradle	2026-06-06T12:25:04.4676665Z MERGED from [dev.rikka.rikkax.core:core-ktx:1.4.1] /home/runner/.gradle/caches/8.14/transforms/6589a5b496d2f82dfc01f076eae8bbc4/transformed/core-ktx-1.4.1-release/AndroidManifest.xml:5:5-7:41
build	Build with Gradle	2026-06-06T12:25:04.4679439Z MERGED from [dev.rikka.rikkax.core:core-ktx:1.4.1] /home/runner/.gradle/caches/8.14/transforms/6589a5b496d2f82dfc01f076eae8bbc4/transformed/core-ktx-1.4.1-release/AndroidManifest.xml:5:5-7:41
build	Build with Gradle	2026-06-06T12:25:04.4681605Z MERGED from [com.google.android.material:material:1.14.0-beta01] /home/runner/.gradle/caches/8.14/transforms/a6084efd8e6c9ff951c8e72453f81ad6/transformed/material-1.14.0-beta01/AndroidManifest.xml:20:5-44
build	Build with Gradle	2026-06-06T12:25:04.4684282Z MERGED from [com.google.android.material:material:1.14.0-beta01] /home/runner/.gradle/caches/8.14/transforms/a6084efd8e6c9ff951c8e72453f81ad6/transformed/material-1.14.0-beta01/AndroidManifest.xml:20:5-44
build	Build with Gradle	2026-06-06T12:25:04.4686665Z MERGED from [dev.rikka.rikkax.appcompat:appcompat:1.6.1] /home/runner/.gradle/caches/8.14/transforms/efa565396efa7c69fa280f54041abb1e/transformed/appcompat-1.6.1/AndroidManifest.xml:20:5-44
build	Build with Gradle	2026-06-06T12:25:04.4689052Z MERGED from [dev.rikka.rikkax.appcompat:appcompat:1.6.1] /home/runner/.gradle/caches/8.14/transforms/efa565396efa7c69fa280f54041abb1e/transformed/appcompat-1.6.1/AndroidManifest.xml:20:5-44
build	Build with Gradle	2026-06-06T12:25:04.4691611Z MERGED from [androidx.biometric:biometric-ktx:1.2.0-alpha05] /home/runner/.gradle/caches/8.14/transforms/8187c6742a7c5d0b27744cebd6b9554f/transformed/biometric-ktx-1.2.0-alpha05/AndroidManifest.xml:5:5-44
build	Build with Gradle	2026-06-06T12:25:04.4694359Z MERGED from [androidx.biometric:biometric-ktx:1.2.0-alpha05] /home/runner/.gradle/caches/8.14/transforms/8187c6742a7c5d0b27744cebd6b9554f/transformed/biometric-ktx-1.2.0-alpha05/AndroidManifest.xml:5:5-44
build	Build with Gradle	2026-06-06T12:25:04.4696965Z MERGED from [androidx.biometric:biometric:1.2.0-alpha05] /home/runner/.gradle/caches/8.14/transforms/d898ed95f395a2f368d4bc758e4d1887/transformed/biometric-1.2.0-alpha05/AndroidManifest.xml:20:5-44
build	Build with Gradle	2026-06-06T12:25:04.4699701Z MERGED from [androidx.biometric:biometric:1.2.0-alpha05] /home/runner/.gradle/caches/8.14/transforms/d898ed95f395a2f368d4bc758e4d1887/transformed/biometric-1.2.0-alpha05/AndroidManifest.xml:20:5-44
build	Build with Gradle	2026-06-06T12:25:04.4702275Z MERGED from [dev.rikka.rikkax.recyclerview:recyclerview-adapter:1.3.0] /home/runner/.gradle/caches/8.14/transforms/2c263715c01736e27b196a80ad5b1fdb/transformed/recyclerview-adapter-1.3.0/AndroidManifest.xml:5:5-7:41
build	Build with Gradle	2026-06-06T12:25:04.4705023Z MERGED from [dev.rikka.rikkax.recyclerview:recyclerview-adapter:1.3.0] /home/runner/.gradle/caches/8.14/transforms/2c263715c01736e27b196a80ad5b1fdb/transformed/recyclerview-adapter-1.3.0/AndroidManifest.xml:5:5-7:41
build	Build with Gradle	2026-06-06T12:25:04.4707800Z MERGED from [dev.rikka.rikkax.recyclerview:recyclerview-ktx:1.3.2] /home/runner/.gradle/caches/8.14/transforms/338cbb5a6afddf9796ee1bfc02c64c98/transformed/recyclerview-ktx-1.3.2/AndroidManifest.xml:5:5-44
build	Build with Gradle	2026-06-06T12:25:04.4710393Z MERGED from [dev.rikka.rikkax.recyclerview:recyclerview-ktx:1.3.2] /home/runner/.gradle/caches/8.14/transforms/338cbb5a6afddf9796ee1bfc02c64c98/transformed/recyclerview-ktx-1.3.2/AndroidManifest.xml:5:5-44
build	Build with Gradle	2026-06-06T12:25:04.4713084Z MERGED from [dev.rikka.rikkax.preference:simplemenu-preference:1.0.3] /home/runner/.gradle/caches/8.14/transforms/4d1f2d6f8fcd4d0456ade74253b328dd/transformed/simplemenu-preference-1.0.3/AndroidManifest.xml:5:5-7:41
build	Build with Gradle	2026-06-06T12:25:04.4715824Z MERGED from [dev.rikka.rikkax.preference:simplemenu-preference:1.0.3] /home/runner/.gradle/caches/8.14/transforms/4d1f2d6f8fcd4d0456ade74253b328dd/transformed/simplemenu-preference-1.0.3/AndroidManifest.xml:5:5-7:41
build	Build with Gradle	2026-06-06T12:25:04.4718672Z MERGED from [androidx.preference:preference:1.2.1] /home/runner/.gradle/caches/8.14/transforms/a8ffae57e8eb844c745e6c38f24a5dc3/transformed/preference-1.2.1/AndroidManifest.xml:20:5-22:41
build	Build with Gradle	2026-06-06T12:25:04.4720988Z MERGED from [androidx.preference:preference:1.2.1] /home/runner/.gradle/caches/8.14/transforms/a8ffae57e8eb844c745e6c38f24a5dc3/transformed/preference-1.2.1/AndroidManifest.xml:20:5-22:41
build	Build with Gradle	2026-06-06T12:25:04.4723560Z MERGED from [me.zhanghai.android.fastscroll:library:1.2.0] /home/runner/.gradle/caches/8.14/transforms/484f1985b8141e4d4ca38f4ab7092551/transformed/library-1.2.0/AndroidManifest.xml:20:5-44
build	Build with Gradle	2026-06-06T12:25:04.4725887Z MERGED from [me.zhanghai.android.fastscroll:library:1.2.0] /home/runner/.gradle/caches/8.14/transforms/484f1985b8141e4d4ca38f4ab7092551/transformed/library-1.2.0/AndroidManifest.xml:20:5-44
build	Build with Gradle	2026-06-06T12:25:04.4728839Z MERGED from [androidx.recyclerview:recyclerview:1.4.0] /home/runner/.gradle/caches/8.14/transforms/91cba946f7f9db0abb582361d2b98175/transformed/recyclerview-1.4.0/AndroidManifest.xml:5:5-44
build	Build with Gradle	2026-06-06T12:25:04.4731294Z MERGED from [androidx.recyclerview:recyclerview:1.4.0] /home/runner/.gradle/caches/8.14/transforms/91cba946f7f9db0abb582361d2b98175/transformed/recyclerview-1.4.0/AndroidManifest.xml:5:5-44
build	Build with Gradle	2026-06-06T12:25:04.4733720Z MERGED from [androidx.viewpager2:viewpager2:1.1.0-beta02] /home/runner/.gradle/caches/8.14/transforms/59fa63435223e05f0b1b82e5b0b01ed7/transformed/viewpager2-1.1.0-beta02/AndroidManifest.xml:5:5-44
build	Build with Gradle	2026-06-06T12:25:04.4736294Z MERGED from [androidx.viewpager2:viewpager2:1.1.0-beta02] /home/runner/.gradle/caches/8.14/transforms/59fa63435223e05f0b1b82e5b0b01ed7/transformed/viewpager2-1.1.0-beta02/AndroidManifest.xml:5:5-44
build	Build with Gradle	2026-06-06T12:25:04.4738907Z MERGED from [dev.rikka.rikkax.core:core:1.4.1] /home/runner/.gradle/caches/8.14/transforms/ee981983fc55a7699435ecebe45f87ef/transformed/core-1.4.1-release/AndroidManifest.xml:5:5-7:41
build	Build with Gradle	2026-06-06T12:25:04.4741068Z MERGED from [dev.rikka.rikkax.core:core:1.4.1] /home/runner/.gradle/caches/8.14/transforms/ee981983fc55a7699435ecebe45f87ef/transformed/core-1.4.1-release/AndroidManifest.xml:5:5-7:41
build	Build with Gradle	2026-06-06T12:25:04.4743095Z MERGED from [androidx.fragment:fragment:1.8.7] /home/runner/.gradle/caches/8.14/transforms/3496351281a372f59379614fd15c5436/transformed/fragment-1.8.7/AndroidManifest.xml:5:5-44
build	Build with Gradle	2026-06-06T12:25:04.4745213Z MERGED from [androidx.fragment:fragment:1.8.7] /home/runner/.gradle/caches/8.14/transforms/3496351281a372f59379614fd15c5436/transformed/fragment-1.8.7/AndroidManifest.xml:5:5-44
build	Build with Gradle	2026-06-06T12:25:04.4747602Z MERGED from [androidx.fragment:fragment-ktx:1.8.7] /home/runner/.gradle/caches/8.14/transforms/aab493d2bbab5d087a023e9183eede9c/transformed/fragment-ktx-1.8.7/AndroidManifest.xml:5:5-44
build	Build with Gradle	2026-06-06T12:25:04.4749849Z MERGED from [androidx.fragment:fragment-ktx:1.8.7] /home/runner/.gradle/caches/8.14/transforms/aab493d2bbab5d087a023e9183eede9c/transformed/fragment-ktx-1.8.7/AndroidManifest.xml:5:5-44
build	Build with Gradle	2026-06-06T12:25:04.4752161Z MERGED from [io.sentry:sentry-android-core:8.40.0] /home/runner/.gradle/caches/8.14/transforms/f3104eb4796c3cb96709ee2563cfb750/transformed/sentry-android-core-8.40.0/AndroidManifest.xml:5:5-44
build	Build with Gradle	2026-06-06T12:25:04.4754552Z MERGED from [io.sentry:sentry-android-core:8.40.0] /home/runner/.gradle/caches/8.14/transforms/f3104eb4796c3cb96709ee2563cfb750/transformed/sentry-android-core-8.40.0/AndroidManifest.xml:5:5-44
build	Build with Gradle	2026-06-06T12:25:04.4756710Z MERGED from [androidx.activity:activity:1.10.0] /home/runner/.gradle/caches/8.14/transforms/62937f105bc4a976ca99fc29e59f8d0f/transformed/activity-1.10.0/AndroidManifest.xml:20:5-44
build	Build with Gradle	2026-06-06T12:25:04.4758629Z MERGED from [androidx.activity:activity:1.10.0] /home/runner/.gradle/caches/8.14/transforms/62937f105bc4a976ca99fc29e59f8d0f/transformed/activity-1.10.0/AndroidManifest.xml:20:5-44
build	Build with Gradle	2026-06-06T12:25:04.4760749Z MERGED from [androidx.activity:activity-ktx:1.10.0] /home/runner/.gradle/caches/8.14/transforms/b7a112fda39b8abfdc2cbb450e5f2f1a/transformed/activity-ktx-1.10.0/AndroidManifest.xml:5:5-44
build	Build with Gradle	2026-06-06T12:25:04.4763305Z MERGED from [androidx.activity:activity-ktx:1.10.0] /home/runner/.gradle/caches/8.14/transforms/b7a112fda39b8abfdc2cbb450e5f2f1a/transformed/activity-ktx-1.10.0/AndroidManifest.xml:5:5-44
build	Build with Gradle	2026-06-06T12:25:04.4765798Z MERGED from [androidx.emoji2:emoji2-views-helper:1.2.0] /home/runner/.gradle/caches/8.14/transforms/5154402d773535e88a1a242ea9ad466a/transformed/emoji2-views-helper-1.2.0/AndroidManifest.xml:5:5-44
build	Build with Gradle	2026-06-06T12:25:04.4768684Z MERGED from [androidx.emoji2:emoji2-views-helper:1.2.0] /home/runner/.gradle/caches/8.14/transforms/5154402d773535e88a1a242ea9ad466a/transformed/emoji2-views-helper-1.2.0/AndroidManifest.xml:5:5-44
build	Build with Gradle	2026-06-06T12:25:04.4771148Z MERGED from [androidx.emoji2:emoji2:1.2.0] /home/runner/.gradle/caches/8.14/transforms/20c8148c0d0f1eeb1041151d1c55938f/transformed/emoji2-1.2.0/AndroidManifest.xml:21:5-44
build	Build with Gradle	2026-06-06T12:25:04.4773356Z MERGED from [androidx.emoji2:emoji2:1.2.0] /home/runner/.gradle/caches/8.14/transforms/20c8148c0d0f1eeb1041151d1c55938f/transformed/emoji2-1.2.0/AndroidManifest.xml:21:5-44
build	Build with Gradle	2026-06-06T12:25:04.4775621Z MERGED from [androidx.loader:loader:1.0.0] /home/runner/.gradle/caches/8.14/transforms/d39b45e93aa24a0297878e1eb336ea9a/transformed/loader-1.0.0/AndroidManifest.xml:20:5-44
build	Build with Gradle	2026-06-06T12:25:04.4777912Z MERGED from [androidx.loader:loader:1.0.0] /home/runner/.gradle/caches/8.14/transforms/d39b45e93aa24a0297878e1eb336ea9a/transformed/loader-1.0.0/AndroidManifest.xml:20:5-44
build	Build with Gradle	2026-06-06T12:25:04.4780148Z MERGED from [androidx.glance:glance-appwidget:1.1.1] /home/runner/.gradle/caches/8.14/transforms/0a9f0b23f2ae3b3d671937d923da2cba/transformed/glance-appwidget-1.1.1/AndroidManifest.xml:20:5-44
build	Build with Gradle	2026-06-06T12:25:04.4782552Z MERGED from [androidx.glance:glance-appwidget:1.1.1] /home/runner/.gradle/caches/8.14/transforms/0a9f0b23f2ae3b3d671937d923da2cba/transformed/glance-appwidget-1.1.1/AndroidManifest.xml:20:5-44
build	Build with Gradle	2026-06-06T12:25:04.4784791Z MERGED from [androidx.glance:glance:1.1.1] /home/runner/.gradle/caches/8.14/transforms/5c7bf891ae70d7d08b7f06ccb140fad8/transformed/glance-1.1.1/AndroidManifest.xml:5:5-44
build	Build with Gradle	2026-06-06T12:25:04.4786902Z MERGED from [androidx.glance:glance:1.1.1] /home/runner/.gradle/caches/8.14/transforms/5c7bf891ae70d7d08b7f06ccb140fad8/transformed/glance-1.1.1/AndroidManifest.xml:5:5-44
build	Build with Gradle	2026-06-06T12:25:04.4789301Z MERGED from [androidx.work:work-runtime-ktx:2.10.4] /home/runner/.gradle/caches/8.14/transforms/47fd96da264051fc240ce38134bdde10/transformed/work-runtime-ktx-2.10.4/AndroidManifest.xml:20:5-44
build	Build with Gradle	2026-06-06T12:25:04.4791306Z MERGED from [androidx.work:work-runtime-ktx:2.10.4] /home/runner/.gradle/caches/8.14/transforms/47fd96da264051fc240ce38134bdde10/transformed/work-runtime-ktx-2.10.4/AndroidManifest.xml:20:5-44
build	Build with Gradle	2026-06-06T12:25:04.4793595Z MERGED from [androidx.work:work-runtime:2.10.4] /home/runner/.gradle/caches/8.14/transforms/ff46523a05730a3410b3d43ab7271bd0/transformed/work-runtime-2.10.4/AndroidManifest.xml:21:5-44
build	Build with Gradle	2026-06-06T12:25:04.4795803Z MERGED from [androidx.work:work-runtime:2.10.4] /home/runner/.gradle/caches/8.14/transforms/ff46523a05730a3410b3d43ab7271bd0/transformed/work-runtime-2.10.4/AndroidManifest.xml:21:5-44
build	Build with Gradle	2026-06-06T12:25:04.4798240Z MERGED from [:server-shared] /home/runner/work/ShizukuPlus/ShizukuPlus/api/server-shared/build/intermediates/merged_manifest/release/processReleaseManifest/AndroidManifest.xml:5:5-44
build	Build with Gradle	2026-06-06T12:25:04.4800553Z MERGED from [:server-shared] /home/runner/work/ShizukuPlus/ShizukuPlus/api/server-shared/build/intermediates/merged_manifest/release/processReleaseManifest/AndroidManifest.xml:5:5-44
build	Build with Gradle	2026-06-06T12:25:04.4802714Z MERGED from [dev.rikka.hidden:compat:4.4.0] /home/runner/.gradle/caches/8.14/transforms/93e5dd5bd02503c2c463051d8428f6c3/transformed/compat-4.4.0/AndroidManifest.xml:5:5-44
build	Build with Gradle	2026-06-06T12:25:04.4804857Z MERGED from [dev.rikka.hidden:compat:4.4.0] /home/runner/.gradle/caches/8.14/transforms/93e5dd5bd02503c2c463051d8428f6c3/transformed/compat-4.4.0/AndroidManifest.xml:5:5-44
build	Build with Gradle	2026-06-06T12:25:04.4807149Z MERGED from [androidx.browser:browser:1.8.0] /home/runner/.gradle/caches/8.14/transforms/2b232f7e90ed539739f2c0f2684a06f8/transformed/browser-1.8.0/AndroidManifest.xml:5:5-44
build	Build with Gradle	2026-06-06T12:25:04.4809415Z MERGED from [androidx.browser:browser:1.8.0] /home/runner/.gradle/caches/8.14/transforms/2b232f7e90ed539739f2c0f2684a06f8/transformed/browser-1.8.0/AndroidManifest.xml:5:5-44
build	Build with Gradle	2026-06-06T12:25:04.4811726Z MERGED from [androidx.transition:transition-ktx:1.5.1] /home/runner/.gradle/caches/8.14/transforms/9269236a44d4e397a31d652dc8841c2d/transformed/transition-ktx-1.5.1/AndroidManifest.xml:5:5-44
build	Build with Gradle	2026-06-06T12:25:04.4814157Z MERGED from [androidx.transition:transition-ktx:1.5.1] /home/runner/.gradle/caches/8.14/transforms/9269236a44d4e397a31d652dc8841c2d/transformed/transition-ktx-1.5.1/AndroidManifest.xml:5:5-44
build	Build with Gradle	2026-06-06T12:25:04.4816713Z MERGED from [androidx.slidingpanelayout:slidingpanelayout:1.2.0] /home/runner/.gradle/caches/8.14/transforms/87467c3c8cd81c6f0e30cc7811d9c0e9/transformed/slidingpanelayout-1.2.0/AndroidManifest.xml:20:5-22:41
build	Build with Gradle	2026-06-06T12:25:04.4819713Z MERGED from [androidx.slidingpanelayout:slidingpanelayout:1.2.0] /home/runner/.gradle/caches/8.14/transforms/87467c3c8cd81c6f0e30cc7811d9c0e9/transformed/slidingpanelayout-1.2.0/AndroidManifest.xml:20:5-22:41
build	Build with Gradle	2026-06-06T12:25:04.4822102Z MERGED from [androidx.transition:transition:1.5.1] /home/runner/.gradle/caches/8.14/transforms/9459b44028168fbe53c4da77adee3cad/transformed/transition-1.5.1/AndroidManifest.xml:5:5-44
build	Build with Gradle	2026-06-06T12:25:04.4824028Z MERGED from [androidx.transition:transition:1.5.1] /home/runner/.gradle/caches/8.14/transforms/9459b44028168fbe53c4da77adee3cad/transformed/transition-1.5.1/AndroidManifest.xml:5:5-44
build	Build with Gradle	2026-06-06T12:25:04.4826131Z MERGED from [androidx.core:core-remoteviews:1.1.0] /home/runner/.gradle/caches/8.14/transforms/c2631671ecbd3d95bfc540fb5557d230/transformed/core-remoteviews-1.1.0/AndroidManifest.xml:21:5-44
build	Build with Gradle	2026-06-06T12:25:04.4828495Z MERGED from [androidx.core:core-remoteviews:1.1.0] /home/runner/.gradle/caches/8.14/transforms/c2631671ecbd3d95bfc540fb5557d230/transformed/core-remoteviews-1.1.0/AndroidManifest.xml:21:5-44
build	Build with Gradle	2026-06-06T12:25:04.4831111Z MERGED from [androidx.coordinatorlayout:coordinatorlayout:1.1.0] /home/runner/.gradle/caches/8.14/transforms/33de77d114239838176c165bd9600680/transformed/coordinatorlayout-1.1.0/AndroidManifest.xml:20:5-22:41
build	Build with Gradle	2026-06-06T12:25:04.4833701Z MERGED from [androidx.coordinatorlayout:coordinatorlayout:1.1.0] /home/runner/.gradle/caches/8.14/transforms/33de77d114239838176c165bd9600680/transformed/coordinatorlayout-1.1.0/AndroidManifest.xml:20:5-22:41
build	Build with Gradle	2026-06-06T12:25:04.4836792Z MERGED from [androidx.drawerlayout:drawerlayout:1.1.1] /home/runner/.gradle/caches/8.14/transforms/9a6f8cbb6346f3bbb1b98d5903fb48b2/transformed/drawerlayout-1.1.1/AndroidManifest.xml:20:5-22:41
build	Build with Gradle	2026-06-06T12:25:04.4840208Z MERGED from [androidx.drawerlayout:drawerlayout:1.1.1] /home/runner/.gradle/caches/8.14/transforms/9a6f8cbb6346f3bbb1b98d5903fb48b2/transformed/drawerlayout-1.1.1/AndroidManifest.xml:20:5-22:41
build	Build with Gradle	2026-06-06T12:25:04.4842452Z MERGED from [androidx.viewpager:viewpager:1.0.0] /home/runner/.gradle/caches/8.14/transforms/f32932b768c1c383327c110c6e2f2a04/transformed/viewpager-1.0.0/AndroidManifest.xml:20:5-44
build	Build with Gradle	2026-06-06T12:25:04.4844581Z MERGED from [androidx.viewpager:viewpager:1.0.0] /home/runner/.gradle/caches/8.14/transforms/f32932b768c1c383327c110c6e2f2a04/transformed/viewpager-1.0.0/AndroidManifest.xml:20:5-44
build	Build with Gradle	2026-06-06T12:25:04.4846704Z MERGED from [androidx.customview:customview:1.2.0] /home/runner/.gradle/caches/8.14/transforms/2a1f64bb05593b70cb9126021244d174/transformed/customview-1.2.0/AndroidManifest.xml:5:5-44
build	Build with Gradle	2026-06-06T12:25:04.4849281Z MERGED from [androidx.customview:customview:1.2.0] /home/runner/.gradle/caches/8.14/transforms/2a1f64bb05593b70cb9126021244d174/transformed/customview-1.2.0/AndroidManifest.xml:5:5-44
build	Build with Gradle	2026-06-06T12:25:04.4851776Z MERGED from [androidx.dynamicanimation:dynamicanimation:1.1.0] /home/runner/.gradle/caches/8.14/transforms/38973380b257061575958cac22670390/transformed/dynamicanimation-1.1.0/AndroidManifest.xml:5:5-44
build	Build with Gradle	2026-06-06T12:25:04.4855099Z MERGED from [androidx.dynamicanimation:dynamicanimation:1.1.0] /home/runner/.gradle/caches/8.14/transforms/38973380b257061575958cac22670390/transformed/dynamicanimation-1.1.0/AndroidManifest.xml:5:5-44
build	Build with Gradle	2026-06-06T12:25:04.4857928Z MERGED from [androidx.constraintlayout:constraintlayout:2.2.1] /home/runner/.gradle/caches/8.14/transforms/6e4c683cb074c37b2a51c2ee5db07733/transformed/constraintlayout-2.2.1/AndroidManifest.xml:5:5-44
build	Build with Gradle	2026-06-06T12:25:04.4860652Z MERGED from [androidx.constraintlayout:constraintlayout:2.2.1] /home/runner/.gradle/caches/8.14/transforms/6e4c683cb074c37b2a51c2ee5db07733/transformed/constraintlayout-2.2.1/AndroidManifest.xml:5:5-44
build	Build with Gradle	2026-06-06T12:25:04.4862959Z MERGED from [io.coil-kt.coil3:coil-android:3.4.0] /home/runner/.gradle/caches/8.14/transforms/33b1fc6b3ef6a3214537aeecc8df60ab/transformed/coil/AndroidManifest.xml:5:5-44
build	Build with Gradle	2026-06-06T12:25:04.4865146Z MERGED from [io.coil-kt.coil3:coil-android:3.4.0] /home/runner/.gradle/caches/8.14/transforms/33b1fc6b3ef6a3214537aeecc8df60ab/transformed/coil/AndroidManifest.xml:5:5-44
build	Build with Gradle	2026-06-06T12:25:04.4867337Z MERGED from [io.coil-kt.coil3:coil-network-okhttp-android:3.4.0] /home/runner/.gradle/caches/8.14/transforms/c62f2b60b2174dbc2c05823d7d6abfaa/transformed/coil-network-okhttp/AndroidManifest.xml:5:5-44
build	Build with Gradle	2026-06-06T12:25:04.4869821Z MERGED from [io.coil-kt.coil3:coil-network-okhttp-android:3.4.0] /home/runner/.gradle/caches/8.14/transforms/c62f2b60b2174dbc2c05823d7d6abfaa/transformed/coil-network-okhttp/AndroidManifest.xml:5:5-44
build	Build with Gradle	2026-06-06T12:25:04.4872221Z MERGED from [io.coil-kt.coil3:coil-network-core-android:3.4.0] /home/runner/.gradle/caches/8.14/transforms/d49708ff39937cf2dc8a5d58ef34d065/transformed/coil-network-core/AndroidManifest.xml:5:5-44
build	Build with Gradle	2026-06-06T12:25:04.4874617Z MERGED from [io.coil-kt.coil3:coil-network-core-android:3.4.0] /home/runner/.gradle/caches/8.14/transforms/d49708ff39937cf2dc8a5d58ef34d065/transformed/coil-network-core/AndroidManifest.xml:5:5-44
build	Build with Gradle	2026-06-06T12:25:04.4876956Z MERGED from [io.coil-kt.coil3:coil-core-android:3.4.0] /home/runner/.gradle/caches/8.14/transforms/d8facd787edaf28a58d8c622a9331078/transformed/coil-core/AndroidManifest.xml:5:5-44
build	Build with Gradle	2026-06-06T12:25:04.4879295Z MERGED from [io.coil-kt.coil3:coil-core-android:3.4.0] /home/runner/.gradle/caches/8.14/transforms/d8facd787edaf28a58d8c622a9331078/transformed/coil-core/AndroidManifest.xml:5:5-44
build	Build with Gradle	2026-06-06T12:25:04.4881613Z MERGED from [androidx.appcompat:appcompat-resources:1.7.1] /home/runner/.gradle/caches/8.14/transforms/f7a09b5d37e172440771a3c367250518/transformed/appcompat-resources-1.7.1/AndroidManifest.xml:5:5-44
build	Build with Gradle	2026-06-06T12:25:04.4884000Z MERGED from [androidx.appcompat:appcompat-resources:1.7.1] /home/runner/.gradle/caches/8.14/transforms/f7a09b5d37e172440771a3c367250518/transformed/appcompat-resources-1.7.1/AndroidManifest.xml:5:5-44
build	Build with Gradle	2026-06-06T12:25:04.4886602Z MERGED from [androidx.vectordrawable:vectordrawable-animated:1.1.0] /home/runner/.gradle/caches/8.14/transforms/d697b5d8b45978ec3a98ef1655ea06c8/transformed/vectordrawable-animated-1.1.0/AndroidManifest.xml:20:5-22:41
build	Build with Gradle	2026-06-06T12:25:04.4889519Z MERGED from [androidx.vectordrawable:vectordrawable-animated:1.1.0] /home/runner/.gradle/caches/8.14/transforms/d697b5d8b45978ec3a98ef1655ea06c8/transformed/vectordrawable-animated-1.1.0/AndroidManifest.xml:20:5-22:41
build	Build with Gradle	2026-06-06T12:25:04.4891747Z MERGED from [androidx.vectordrawable:vectordrawable:1.1.0] /home/runner/.gradle/caches/8.14/transforms/dc0275561321685487c64fd075a63c35/transformed/vectordrawable-1.1.0/AndroidManifest.xml:20:5-22:41
build	Build with Gradle	2026-06-06T12:25:04.4894211Z MERGED from [androidx.vectordrawable:vectordrawable:1.1.0] /home/runner/.gradle/caches/8.14/transforms/dc0275561321685487c64fd075a63c35/transformed/vectordrawable-1.1.0/AndroidManifest.xml:20:5-22:41
build	Build with Gradle	2026-06-06T12:25:04.4896500Z MERGED from [dev.rikka.rikkax.widget:switchbar:1.0.2] /home/runner/.gradle/caches/8.14/transforms/04951a97475aebf6b800f98cdc845e28/transformed/switchbar-1.0.2/AndroidManifest.xml:7:5-9:41
build	Build with Gradle	2026-06-06T12:25:04.4899262Z MERGED from [dev.rikka.rikkax.widget:switchbar:1.0.2] /home/runner/.gradle/caches/8.14/transforms/04951a97475aebf6b800f98cdc845e28/transformed/switchbar-1.0.2/AndroidManifest.xml:7:5-9:41
build	Build with Gradle	2026-06-06T12:25:04.4901611Z MERGED from [androidx.swiperefreshlayout:swiperefreshlayout:1.1.0] /home/runner/.gradle/caches/8.14/transforms/f44317b6b582e3df5afb18620edd3775/transformed/swiperefreshlayout-1.1.0/AndroidManifest.xml:20:5-22:41
build	Build with Gradle	2026-06-06T12:25:04.4904269Z MERGED from [androidx.swiperefreshlayout:swiperefreshlayout:1.1.0] /home/runner/.gradle/caches/8.14/transforms/f44317b6b582e3df5afb18620edd3775/transformed/swiperefreshlayout-1.1.0/AndroidManifest.xml:20:5-22:41
build	Build with Gradle	2026-06-06T12:25:04.4906538Z MERGED from [:database] /home/runner/work/ShizukuPlus/ShizukuPlus/database/build/intermediates/merged_manifest/release/processReleaseManifest/AndroidManifest.xml:5:5-44
build	Build with Gradle	2026-06-06T12:25:04.4908759Z MERGED from [:database] /home/runner/work/ShizukuPlus/ShizukuPlus/database/build/intermediates/merged_manifest/release/processReleaseManifest/AndroidManifest.xml:5:5-44
build	Build with Gradle	2026-06-06T12:25:04.4911050Z MERGED from [dev.rikka.rikkax.insets:insets:1.3.0] /home/runner/.gradle/caches/8.14/transforms/30676eef3dc22ac269337397d20f7f25/transformed/insets-1.3.0-release/AndroidManifest.xml:5:5-7:41
build	Build with Gradle	2026-06-06T12:25:04.4913205Z MERGED from [dev.rikka.rikkax.insets:insets:1.3.0] /home/runner/.gradle/caches/8.14/transforms/30676eef3dc22ac269337397d20f7f25/transformed/insets-1.3.0-release/AndroidManifest.xml:5:5-7:41
build	Build with Gradle	2026-06-06T12:25:04.4915683Z MERGED from [androidx.customview:customview-poolingcontainer:1.0.0] /home/runner/.gradle/caches/8.14/transforms/6df4a8bec15c81ec5d96711ead8a45f6/transformed/customview-poolingcontainer-1.0.0/AndroidManifest.xml:20:5-21:38
build	Build with Gradle	2026-06-06T12:25:04.4918718Z MERGED from [androidx.customview:customview-poolingcontainer:1.0.0] /home/runner/.gradle/caches/8.14/transforms/6df4a8bec15c81ec5d96711ead8a45f6/transformed/customview-poolingcontainer-1.0.0/AndroidManifest.xml:20:5-21:38
build	Build with Gradle	2026-06-06T12:25:04.4921476Z MERGED from [androidx.graphics:graphics-shapes-android:1.0.1] /home/runner/.gradle/caches/8.14/transforms/c4288f6412f7c6bdcfe961d2f0efb4d2/transformed/graphics-shapes-release/AndroidManifest.xml:5:5-44
build	Build with Gradle	2026-06-06T12:25:04.4923922Z MERGED from [androidx.graphics:graphics-shapes-android:1.0.1] /home/runner/.gradle/caches/8.14/transforms/c4288f6412f7c6bdcfe961d2f0efb4d2/transformed/graphics-shapes-release/AndroidManifest.xml:5:5-44
build	Build with Gradle	2026-06-06T12:25:04.4926052Z MERGED from [androidx.savedstate:savedstate-ktx:1.3.1] /home/runner/.gradle/caches/8.14/transforms/0f268d830baf1b2adb315c1349db4113/transformed/savedstate-ktx-1.3.1/AndroidManifest.xml:5:5-44
build	Build with Gradle	2026-06-06T12:25:04.4928446Z MERGED from [androidx.savedstate:savedstate-ktx:1.3.1] /home/runner/.gradle/caches/8.14/transforms/0f268d830baf1b2adb315c1349db4113/transformed/savedstate-ktx-1.3.1/AndroidManifest.xml:5:5-44
build	Build with Gradle	2026-06-06T12:25:04.4930599Z MERGED from [androidx.savedstate:savedstate-android:1.3.1] /home/runner/.gradle/caches/8.14/transforms/f85fca100dc1cfb9faf4b8055f4a62e9/transformed/savedstate-release/AndroidManifest.xml:20:5-44
build	Build with Gradle	2026-06-06T12:25:04.4932809Z MERGED from [androidx.savedstate:savedstate-android:1.3.1] /home/runner/.gradle/caches/8.14/transforms/f85fca100dc1cfb9faf4b8055f4a62e9/transformed/savedstate-release/AndroidManifest.xml:20:5-44
build	Build with Gradle	2026-06-06T12:25:04.4935156Z MERGED from [org.jetbrains.androidx.core:core-bundle-android:1.0.1] /home/runner/.gradle/caches/8.14/transforms/d4dcb12619daf48292cb973faf4c0937/transformed/core-bundle-release/AndroidManifest.xml:5:5-44
build	Build with Gradle	2026-06-06T12:25:04.4937798Z MERGED from [org.jetbrains.androidx.core:core-bundle-android:1.0.1] /home/runner/.gradle/caches/8.14/transforms/d4dcb12619daf48292cb973faf4c0937/transformed/core-bundle-release/AndroidManifest.xml:5:5-44
build	Build with Gradle	2026-06-06T12:25:04.4940120Z MERGED from [androidx.core:core-ktx:1.16.0] /home/runner/.gradle/caches/8.14/transforms/029a61c97118f0c834c270c0dd5c56c8/transformed/core-ktx-1.16.0/AndroidManifest.xml:5:5-44
build	Build with Gradle	2026-06-06T12:25:04.4942554Z MERGED from [androidx.core:core-ktx:1.16.0] /home/runner/.gradle/caches/8.14/transforms/029a61c97118f0c834c270c0dd5c56c8/transformed/core-ktx-1.16.0/AndroidManifest.xml:5:5-44
build	Build with Gradle	2026-06-06T12:25:04.4944625Z MERGED from [androidx.window:window:1.0.0] /home/runner/.gradle/caches/8.14/transforms/5424bb4aed8761312b4b26bf9e07d98a/transformed/window-1.0.0/AndroidManifest.xml:20:5-22:41
build	Build with Gradle	2026-06-06T12:25:04.4946866Z MERGED from [androidx.window:window:1.0.0] /home/runner/.gradle/caches/8.14/transforms/5424bb4aed8761312b4b26bf9e07d98a/transformed/window-1.0.0/AndroidManifest.xml:20:5-22:41
build	Build with Gradle	2026-06-06T12:25:04.4949207Z MERGED from [androidx.core:core:1.16.0] /home/runner/.gradle/caches/8.14/transforms/a18f3e8414f2ba4eb382dd01375ab089/transformed/core-1.16.0/AndroidManifest.xml:20:5-44
build	Build with Gradle	2026-06-06T12:25:04.4951299Z MERGED from [androidx.core:core:1.16.0] /home/runner/.gradle/caches/8.14/transforms/a18f3e8414f2ba4eb382dd01375ab089/transformed/core-1.16.0/AndroidManifest.xml:20:5-44
build	Build with Gradle	2026-06-06T12:25:04.4953572Z MERGED from [androidx.lifecycle:lifecycle-runtime-android:2.9.4] /home/runner/.gradle/caches/8.14/transforms/5cdb323f179a5400d9eac68baef40b22/transformed/lifecycle-runtime-release/AndroidManifest.xml:20:5-44
build	Build with Gradle	2026-06-06T12:25:04.4956131Z MERGED from [androidx.lifecycle:lifecycle-runtime-android:2.9.4] /home/runner/.gradle/caches/8.14/transforms/5cdb323f179a5400d9eac68baef40b22/transformed/lifecycle-runtime-release/AndroidManifest.xml:20:5-44
build	Build with Gradle	2026-06-06T12:25:04.4958825Z MERGED from [androidx.lifecycle:lifecycle-service:2.9.4] /home/runner/.gradle/caches/8.14/transforms/733f565b05217da1a995124053e2952d/transformed/lifecycle-service-2.9.4/AndroidManifest.xml:5:5-44
build	Build with Gradle	2026-06-06T12:25:04.4961306Z MERGED from [androidx.lifecycle:lifecycle-service:2.9.4] /home/runner/.gradle/caches/8.14/transforms/733f565b05217da1a995124053e2952d/transformed/lifecycle-service-2.9.4/AndroidManifest.xml:5:5-44
build	Build with Gradle	2026-06-06T12:25:04.4963811Z MERGED from [androidx.lifecycle:lifecycle-viewmodel:2.9.4] /home/runner/.gradle/caches/8.14/transforms/0c66718d94e4554cab2f7d8334723d4c/transformed/lifecycle-viewmodel-2.9.4/AndroidManifest.xml:4:5-43
build	Build with Gradle	2026-06-06T12:25:04.4966281Z MERGED from [androidx.lifecycle:lifecycle-viewmodel:2.9.4] /home/runner/.gradle/caches/8.14/transforms/0c66718d94e4554cab2f7d8334723d4c/transformed/lifecycle-viewmodel-2.9.4/AndroidManifest.xml:4:5-43
build	Build with Gradle	2026-06-06T12:25:04.4969080Z MERGED from [androidx.lifecycle:lifecycle-viewmodel-android:2.9.4] /home/runner/.gradle/caches/8.14/transforms/20f00e5ccb0364701481c3adff0c0022/transformed/lifecycle-viewmodel-release/AndroidManifest.xml:20:5-44
build	Build with Gradle	2026-06-06T12:25:04.4971906Z MERGED from [androidx.lifecycle:lifecycle-viewmodel-android:2.9.4] /home/runner/.gradle/caches/8.14/transforms/20f00e5ccb0364701481c3adff0c0022/transformed/lifecycle-viewmodel-release/AndroidManifest.xml:20:5-44
build	Build with Gradle	2026-06-06T12:25:04.4974928Z MERGED from [androidx.lifecycle:lifecycle-viewmodel-savedstate-android:2.9.4] /home/runner/.gradle/caches/8.14/transforms/06bc399dfe425f0f5114ba44e76c1318/transformed/lifecycle-viewmodel-savedstate-release/AndroidManifest.xml:20:5-44
build	Build with Gradle	2026-06-06T12:25:04.4978263Z MERGED from [androidx.lifecycle:lifecycle-viewmodel-savedstate-android:2.9.4] /home/runner/.gradle/caches/8.14/transforms/06bc399dfe425f0f5114ba44e76c1318/transformed/lifecycle-viewmodel-savedstate-release/AndroidManifest.xml:20:5-44
build	Build with Gradle	2026-06-06T12:25:04.4980693Z MERGED from [androidx.lifecycle:lifecycle-livedata-core:2.9.4] /home/runner/.gradle/caches/8.14/transforms/6fe02a9c6bc1a8d677661f17a75652df/transformed/lifecycle-livedata-core-2.9.4/AndroidManifest.xml:20:5-44
build	Build with Gradle	2026-06-06T12:25:04.4983191Z MERGED from [androidx.lifecycle:lifecycle-livedata-core:2.9.4] /home/runner/.gradle/caches/8.14/transforms/6fe02a9c6bc1a8d677661f17a75652df/transformed/lifecycle-livedata-core-2.9.4/AndroidManifest.xml:20:5-44
build	Build with Gradle	2026-06-06T12:25:04.4985673Z MERGED from [androidx.lifecycle:lifecycle-process:2.9.4] /home/runner/.gradle/caches/8.14/transforms/644a16fcc858b20f0d048c7466f19d9f/transformed/lifecycle-process-2.9.4/AndroidManifest.xml:21:5-44
build	Build with Gradle	2026-06-06T12:25:04.4988340Z MERGED from [androidx.lifecycle:lifecycle-process:2.9.4] /home/runner/.gradle/caches/8.14/transforms/644a16fcc858b20f0d048c7466f19d9f/transformed/lifecycle-process-2.9.4/AndroidManifest.xml:21:5-44
build	Build with Gradle	2026-06-06T12:25:04.4990755Z MERGED from [androidx.lifecycle:lifecycle-runtime-ktx-android:2.9.4] /home/runner/.gradle/caches/8.14/transforms/045e1f63699bdc1710b726e46c8c703d/transformed/lifecycle-runtime-ktx/AndroidManifest.xml:5:5-44
build	Build with Gradle	2026-06-06T12:25:04.4993312Z MERGED from [androidx.lifecycle:lifecycle-runtime-ktx-android:2.9.4] /home/runner/.gradle/caches/8.14/transforms/045e1f63699bdc1710b726e46c8c703d/transformed/lifecycle-runtime-ktx/AndroidManifest.xml:5:5-44
build	Build with Gradle	2026-06-06T12:25:04.4995780Z MERGED from [androidx.lifecycle:lifecycle-livedata:2.9.4] /home/runner/.gradle/caches/8.14/transforms/0bbb0e176c4adaced1da8fc8c45f5f69/transformed/lifecycle-livedata-2.9.4/AndroidManifest.xml:20:5-44
build	Build with Gradle	2026-06-06T12:25:04.4998419Z MERGED from [androidx.lifecycle:lifecycle-livedata:2.9.4] /home/runner/.gradle/caches/8.14/transforms/0bbb0e176c4adaced1da8fc8c45f5f69/transformed/lifecycle-livedata-2.9.4/AndroidManifest.xml:20:5-44
build	Build with Gradle	2026-06-06T12:25:04.5001170Z MERGED from [androidx.lifecycle:lifecycle-livedata-core-ktx:2.9.4] /home/runner/.gradle/caches/8.14/transforms/86daf15fa6531778dc0ccc1fef270dd4/transformed/lifecycle-livedata-core-ktx-2.9.4/AndroidManifest.xml:5:5-44
build	Build with Gradle	2026-06-06T12:25:04.5003986Z MERGED from [androidx.lifecycle:lifecycle-livedata-core-ktx:2.9.4] /home/runner/.gradle/caches/8.14/transforms/86daf15fa6531778dc0ccc1fef270dd4/transformed/lifecycle-livedata-core-ktx-2.9.4/AndroidManifest.xml:5:5-44
build	Build with Gradle	2026-06-06T12:25:04.5006442Z MERGED from [androidx.compose.ui:ui-graphics:1.1.1] /home/runner/.gradle/caches/8.14/transforms/6afc1b2f65d907779fd871415079443b/transformed/ui-graphics-1.1.1/AndroidManifest.xml:20:5-22:41
build	Build with Gradle	2026-06-06T12:25:04.5008880Z MERGED from [androidx.compose.ui:ui-graphics:1.1.1] /home/runner/.gradle/caches/8.14/transforms/6afc1b2f65d907779fd871415079443b/transformed/ui-graphics-1.1.1/AndroidManifest.xml:20:5-22:41
build	Build with Gradle	2026-06-06T12:25:04.5010998Z MERGED from [androidx.compose.ui:ui-unit:1.1.1] /home/runner/.gradle/caches/8.14/transforms/eb0c0593968df75a68be86f7d6f56e03/transformed/ui-unit-1.1.1/AndroidManifest.xml:20:5-22:41
build	Build with Gradle	2026-06-06T12:25:04.5013060Z MERGED from [androidx.compose.ui:ui-unit:1.1.1] /home/runner/.gradle/caches/8.14/transforms/eb0c0593968df75a68be86f7d6f56e03/transformed/ui-unit-1.1.1/AndroidManifest.xml:20:5-22:41
build	Build with Gradle	2026-06-06T12:25:04.5015317Z MERGED from [androidx.compose.ui:ui-geometry:1.1.1] /home/runner/.gradle/caches/8.14/transforms/e243041e7dbb74197d5bc00e0943bf6a/transformed/ui-geometry-1.1.1/AndroidManifest.xml:20:5-22:41
build	Build with Gradle	2026-06-06T12:25:04.5017721Z MERGED from [androidx.compose.ui:ui-geometry:1.1.1] /home/runner/.gradle/caches/8.14/transforms/e243041e7dbb74197d5bc00e0943bf6a/transformed/ui-geometry-1.1.1/AndroidManifest.xml:20:5-22:41
build	Build with Gradle	2026-06-06T12:25:04.5019963Z MERGED from [androidx.compose.runtime:runtime:1.2.1] /home/runner/.gradle/caches/8.14/transforms/f9239a1ba9edcb911ae9670e7877c906/transformed/runtime-1.2.1/AndroidManifest.xml:20:5-21:38
build	Build with Gradle	2026-06-06T12:25:04.5022199Z MERGED from [androidx.compose.runtime:runtime:1.2.1] /home/runner/.gradle/caches/8.14/transforms/f9239a1ba9edcb911ae9670e7877c906/transformed/runtime-1.2.1/AndroidManifest.xml:20:5-21:38
build	Build with Gradle	2026-06-06T12:25:04.5024475Z MERGED from [io.sentry:sentry-compose-android:8.40.0] /home/runner/.gradle/caches/8.14/transforms/a8b524143b57d8c2908f9c01f30efac2/transformed/sentry-compose-release/AndroidManifest.xml:5:5-44
build	Build with Gradle	2026-06-06T12:25:04.5026602Z MERGED from [io.sentry:sentry-compose-android:8.40.0] /home/runner/.gradle/caches/8.14/transforms/a8b524143b57d8c2908f9c01f30efac2/transformed/sentry-compose-release/AndroidManifest.xml:5:5-44
build	Build with Gradle	2026-06-06T12:25:04.5029091Z MERGED from [androidx.lifecycle:lifecycle-livedata-ktx:2.9.4] /home/runner/.gradle/caches/8.14/transforms/dc0568acb601ada223da268dc89d9a1a/transformed/lifecycle-livedata-ktx-2.9.4/AndroidManifest.xml:5:5-44
build	Build with Gradle	2026-06-06T12:25:04.5031875Z MERGED from [androidx.lifecycle:lifecycle-livedata-ktx:2.9.4] /home/runner/.gradle/caches/8.14/transforms/dc0568acb601ada223da268dc89d9a1a/transformed/lifecycle-livedata-ktx-2.9.4/AndroidManifest.xml:5:5-44
build	Build with Gradle	2026-06-06T12:25:04.5034676Z MERGED from [dev.rikka.rikkax.lifecycle:lifecycle-resource-livedata:1.0.1] /home/runner/.gradle/caches/8.14/transforms/0380dce5195f95e6e343462acaffc231/transformed/lifecycle-resource-livedata-1.0.1-release/AndroidManifest.xml:5:5-7:41
build	Build with Gradle	2026-06-06T12:25:04.5037793Z MERGED from [dev.rikka.rikkax.lifecycle:lifecycle-resource-livedata:1.0.1] /home/runner/.gradle/caches/8.14/transforms/0380dce5195f95e6e343462acaffc231/transformed/lifecycle-resource-livedata-1.0.1-release/AndroidManifest.xml:5:5-7:41
build	Build with Gradle	2026-06-06T12:25:04.5040442Z MERGED from [androidx.lifecycle:lifecycle-viewmodel-ktx:2.9.4] /home/runner/.gradle/caches/8.14/transforms/ef0d0ada300b662b4bc2dcd561c4ab70/transformed/lifecycle-viewmodel-ktx-2.9.4/AndroidManifest.xml:5:5-44
build	Build with Gradle	2026-06-06T12:25:04.5043155Z MERGED from [androidx.lifecycle:lifecycle-viewmodel-ktx:2.9.4] /home/runner/.gradle/caches/8.14/transforms/ef0d0ada300b662b4bc2dcd561c4ab70/transformed/lifecycle-viewmodel-ktx-2.9.4/AndroidManifest.xml:5:5-44
build	Build with Gradle	2026-06-06T12:25:04.5045684Z MERGED from [androidx.datastore:datastore-preferences:1.0.0] /home/runner/.gradle/caches/8.14/transforms/8c7c9a78376cd260d7272a1fac1507a0/transformed/datastore-preferences-1.0.0/AndroidManifest.xml:20:5-22:41
build	Build with Gradle	2026-06-06T12:25:04.5048362Z MERGED from [androidx.datastore:datastore-preferences:1.0.0] /home/runner/.gradle/caches/8.14/transforms/8c7c9a78376cd260d7272a1fac1507a0/transformed/datastore-preferences-1.0.0/AndroidManifest.xml:20:5-22:41
build	Build with Gradle	2026-06-06T12:25:04.5050822Z MERGED from [androidx.datastore:datastore:1.0.0] /home/runner/.gradle/caches/8.14/transforms/615878ae3b772c18093f4d9e3e195a20/transformed/datastore-1.0.0/AndroidManifest.xml:20:5-22:41
build	Build with Gradle	2026-06-06T12:25:04.5053183Z MERGED from [androidx.datastore:datastore:1.0.0] /home/runner/.gradle/caches/8.14/transforms/615878ae3b772c18093f4d9e3e195a20/transformed/datastore-1.0.0/AndroidManifest.xml:20:5-22:41
build	Build with Gradle	2026-06-06T12:25:04.5055467Z MERGED from [androidx.room:room-runtime:2.6.1] /home/runner/.gradle/caches/8.14/transforms/a0f2f8571a731d673f1339b181103682/transformed/room-runtime-2.6.1/AndroidManifest.xml:21:5-44
build	Build with Gradle	2026-06-06T12:25:04.5057869Z MERGED from [androidx.room:room-runtime:2.6.1] /home/runner/.gradle/caches/8.14/transforms/a0f2f8571a731d673f1339b181103682/transformed/room-runtime-2.6.1/AndroidManifest.xml:21:5-44
build	Build with Gradle	2026-06-06T12:25:04.5060104Z MERGED from [androidx.room:room-ktx:2.6.1] /home/runner/.gradle/caches/8.14/transforms/b7f54caf5fd601a6753bed9729e1530e/transformed/room-ktx-2.6.1/AndroidManifest.xml:20:5-44
build	Build with Gradle	2026-06-06T12:25:04.5062182Z MERGED from [androidx.room:room-ktx:2.6.1] /home/runner/.gradle/caches/8.14/transforms/b7f54caf5fd601a6753bed9729e1530e/transformed/room-ktx-2.6.1/AndroidManifest.xml:20:5-44
build	Build with Gradle	2026-06-06T12:25:04.5064606Z MERGED from [androidx.core:core-splashscreen:1.0.1] /home/runner/.gradle/caches/8.14/transforms/b1caf7903885e6dfd466268b50bb28e5/transformed/core-splashscreen-1.0.1/AndroidManifest.xml:20:5-22:41
build	Build with Gradle	2026-06-06T12:25:04.5067218Z MERGED from [androidx.core:core-splashscreen:1.0.1] /home/runner/.gradle/caches/8.14/transforms/b1caf7903885e6dfd466268b50bb28e5/transformed/core-splashscreen-1.0.1/AndroidManifest.xml:20:5-22:41
build	Build with Gradle	2026-06-06T12:25:04.5069555Z MERGED from [:common] /home/runner/work/ShizukuPlus/ShizukuPlus/common/build/intermediates/merged_manifest/release/processReleaseManifest/AndroidManifest.xml:5:5-44
build	Build with Gradle	2026-06-06T12:25:04.5071484Z MERGED from [:common] /home/runner/work/ShizukuPlus/ShizukuPlus/common/build/intermediates/merged_manifest/release/processReleaseManifest/AndroidManifest.xml:5:5-44
build	Build with Gradle	2026-06-06T12:25:04.5073756Z MERGED from [com.jakewharton.timber:timber:5.0.1] /home/runner/.gradle/caches/8.14/transforms/ab00c267663707e20a9c28832bd574a2/transformed/timber-5.0.1/AndroidManifest.xml:5:5-44
build	Build with Gradle	2026-06-06T12:25:04.5076282Z MERGED from [com.jakewharton.timber:timber:5.0.1] /home/runner/.gradle/caches/8.14/transforms/ab00c267663707e20a9c28832bd574a2/transformed/timber-5.0.1/AndroidManifest.xml:5:5-44
build	Build with Gradle	2026-06-06T12:25:04.5078647Z MERGED from [dev.rikka.rikkax.html:html-ktx:1.1.2] /home/runner/.gradle/caches/8.14/transforms/f59af9a0eace077f0e9ad35c903edb0e/transformed/html-ktx-1.1.2/AndroidManifest.xml:7:5-9:41
build	Build with Gradle	2026-06-06T12:25:04.5081233Z MERGED from [dev.rikka.rikkax.html:html-ktx:1.1.2] /home/runner/.gradle/caches/8.14/transforms/f59af9a0eace077f0e9ad35c903edb0e/transformed/html-ktx-1.1.2/AndroidManifest.xml:7:5-9:41
build	Build with Gradle	2026-06-06T12:25:04.5084008Z MERGED from [com.mikepenz:aboutlibraries-core-android:11.6.3] /home/runner/.gradle/caches/8.14/transforms/5e76c393bb448bcfa0655c68ec471020/transformed/aboutlibraries-core-release/AndroidManifest.xml:5:5-44
build	Build with Gradle	2026-06-06T12:25:04.5086903Z MERGED from [com.mikepenz:aboutlibraries-core-android:11.6.3] /home/runner/.gradle/caches/8.14/transforms/5e76c393bb448bcfa0655c68ec471020/transformed/aboutlibraries-core-release/AndroidManifest.xml:5:5-44
build	Build with Gradle	2026-06-06T12:25:04.5089910Z MERGED from [io.sentry:sentry-android-timber:8.40.0] /home/runner/.gradle/caches/8.14/transforms/bd37fa4ac9a923d774be35a04b675e9d/transformed/sentry-android-timber-8.40.0/AndroidManifest.xml:5:5-44
build	Build with Gradle	2026-06-06T12:25:04.5092637Z MERGED from [io.sentry:sentry-android-timber:8.40.0] /home/runner/.gradle/caches/8.14/transforms/bd37fa4ac9a923d774be35a04b675e9d/transformed/sentry-android-timber-8.40.0/AndroidManifest.xml:5:5-44
build	Build with Gradle	2026-06-06T12:25:04.5095300Z MERGED from [androidx.sqlite:sqlite-framework:2.4.0] /home/runner/.gradle/caches/8.14/transforms/82c33335d6daf0ba2c2d3106c603ebc3/transformed/sqlite-framework-2.4.0/AndroidManifest.xml:20:5-44
build	Build with Gradle	2026-06-06T12:25:04.5098006Z MERGED from [androidx.sqlite:sqlite-framework:2.4.0] /home/runner/.gradle/caches/8.14/transforms/82c33335d6daf0ba2c2d3106c603ebc3/transformed/sqlite-framework-2.4.0/AndroidManifest.xml:20:5-44
build	Build with Gradle	2026-06-06T12:25:04.5100531Z MERGED from [androidx.sqlite:sqlite:2.4.0] /home/runner/.gradle/caches/8.14/transforms/f5dc25b733d8c7664560d889ae0ff956/transformed/sqlite-2.4.0/AndroidManifest.xml:20:5-44
build	Build with Gradle	2026-06-06T12:25:04.5102909Z MERGED from [androidx.sqlite:sqlite:2.4.0] /home/runner/.gradle/caches/8.14/transforms/f5dc25b733d8c7664560d889ae0ff956/transformed/sqlite-2.4.0/AndroidManifest.xml:20:5-44
build	Build with Gradle	2026-06-06T12:25:04.5105481Z MERGED from [io.sentry:sentry-android-sqlite:8.40.0] /home/runner/.gradle/caches/8.14/transforms/a6341a3e8d2c382078fb8f297369ac51/transformed/sentry-android-sqlite-8.40.0/AndroidManifest.xml:5:5-44
build	Build with Gradle	2026-06-06T12:25:04.5108400Z MERGED from [io.sentry:sentry-android-sqlite:8.40.0] /home/runner/.gradle/caches/8.14/transforms/a6341a3e8d2c382078fb8f297369ac51/transformed/sentry-android-sqlite-8.40.0/AndroidManifest.xml:5:5-44
build	Build with Gradle	2026-06-06T12:25:04.5110620Z MERGED from [:rish] /home/runner/work/ShizukuPlus/ShizukuPlus/api/rish/build/intermediates/merged_manifest/release/processReleaseManifest/AndroidManifest.xml:5:5-44
build	Build with Gradle	2026-06-06T12:25:04.5112557Z MERGED from [:rish] /home/runner/work/ShizukuPlus/ShizukuPlus/api/rish/build/intermediates/merged_manifest/release/processReleaseManifest/AndroidManifest.xml:5:5-44
build	Build with Gradle	2026-06-06T12:25:04.5114590Z MERGED from [:provider] /home/runner/work/ShizukuPlus/ShizukuPlus/api/provider/build/intermediates/merged_manifest/release/processReleaseManifest/AndroidManifest.xml:6:5-44
build	Build with Gradle	2026-06-06T12:25:04.5116603Z MERGED from [:provider] /home/runner/work/ShizukuPlus/ShizukuPlus/api/provider/build/intermediates/merged_manifest/release/processReleaseManifest/AndroidManifest.xml:6:5-44
build	Build with Gradle	2026-06-06T12:25:04.5118788Z MERGED from [:api] /home/runner/work/ShizukuPlus/ShizukuPlus/api/api/build/intermediates/merged_manifest/release/processReleaseManifest/AndroidManifest.xml:5:5-44
build	Build with Gradle	2026-06-06T12:25:04.5120515Z MERGED from [:api] /home/runner/work/ShizukuPlus/ShizukuPlus/api/api/build/intermediates/merged_manifest/release/processReleaseManifest/AndroidManifest.xml:5:5-44
build	Build with Gradle	2026-06-06T12:25:04.5122474Z MERGED from [androidx.interpolator:interpolator:1.0.0] /home/runner/.gradle/caches/8.14/transforms/15a46fdad85d2cb7e7c637ba2a744a05/transformed/interpolator-1.0.0/AndroidManifest.xml:20:5-44
build	Build with Gradle	2026-06-06T12:25:04.5124810Z MERGED from [androidx.interpolator:interpolator:1.0.0] /home/runner/.gradle/caches/8.14/transforms/15a46fdad85d2cb7e7c637ba2a744a05/transformed/interpolator-1.0.0/AndroidManifest.xml:20:5-44
build	Build with Gradle	2026-06-06T12:25:04.5126975Z MERGED from [dev.rikka.rikkax.compatibility:compatibility:2.0.0] /home/runner/.gradle/caches/8.14/transforms/5d7fa8ac1f6ab741b32c1fc4bc71bdf6/transformed/compatibility-2.0.0/AndroidManifest.xml:5:5-7:41
build	Build with Gradle	2026-06-06T12:25:04.5129820Z MERGED from [dev.rikka.rikkax.compatibility:compatibility:2.0.0] /home/runner/.gradle/caches/8.14/transforms/5d7fa8ac1f6ab741b32c1fc4bc71bdf6/transformed/compatibility-2.0.0/AndroidManifest.xml:5:5-7:41
build	Build with Gradle	2026-06-06T12:25:04.5131994Z MERGED from [dev.rikka.rikkax.layoutinflater:layoutinflater:1.3.0] /home/runner/.gradle/caches/8.14/transforms/6a51a01fd16264a83e0f0feeab00d6ea/transformed/layoutinflater-1.3.0/AndroidManifest.xml:5:5-44
build	Build with Gradle	2026-06-06T12:25:04.5134743Z MERGED from [dev.rikka.rikkax.layoutinflater:layoutinflater:1.3.0] /home/runner/.gradle/caches/8.14/transforms/6a51a01fd16264a83e0f0feeab00d6ea/transformed/layoutinflater-1.3.0/AndroidManifest.xml:5:5-44
build	Build with Gradle	2026-06-06T12:25:04.5137235Z MERGED from [me.zhanghai.android.appiconloader:appiconloader:1.5.0] /home/runner/.gradle/caches/8.14/transforms/7cb87b818b30498bcde5bf59509b305b/transformed/appiconloader-1.5.0/AndroidManifest.xml:20:5-22:41
build	Build with Gradle	2026-06-06T12:25:04.5139885Z MERGED from [me.zhanghai.android.appiconloader:appiconloader:1.5.0] /home/runner/.gradle/caches/8.14/transforms/7cb87b818b30498bcde5bf59509b305b/transformed/appiconloader-1.5.0/AndroidManifest.xml:20:5-22:41
build	Build with Gradle	2026-06-06T12:25:04.5141998Z MERGED from [:shared] /home/runner/work/ShizukuPlus/ShizukuPlus/api/shared/build/intermediates/merged_manifest/release/processReleaseManifest/AndroidManifest.xml:5:5-44
build	Build with Gradle	2026-06-06T12:25:04.5144093Z MERGED from [:shared] /home/runner/work/ShizukuPlus/ShizukuPlus/api/shared/build/intermediates/merged_manifest/release/processReleaseManifest/AndroidManifest.xml:5:5-44
build	Build with Gradle	2026-06-06T12:25:04.5146310Z MERGED from [dev.rikka.rikkax.buildcompat:buildcompat:34.0.1] /home/runner/.gradle/caches/8.14/transforms/d90402c4b85ec72d1d4a6e1bb45ac913/transformed/buildcompat-34.0.1/AndroidManifest.xml:5:5-44
build	Build with Gradle	2026-06-06T12:25:04.5148946Z MERGED from [dev.rikka.rikkax.buildcompat:buildcompat:34.0.1] /home/runner/.gradle/caches/8.14/transforms/d90402c4b85ec72d1d4a6e1bb45ac913/transformed/buildcompat-34.0.1/AndroidManifest.xml:5:5-44
build	Build with Gradle	2026-06-06T12:25:04.5151288Z MERGED from [androidx.cardview:cardview:1.0.0] /home/runner/.gradle/caches/8.14/transforms/b2e7fb1ff7f260dce39e55cb27088efd/transformed/cardview-1.0.0/AndroidManifest.xml:20:5-44
build	Build with Gradle	2026-06-06T12:25:04.5153569Z MERGED from [androidx.cardview:cardview:1.0.0] /home/runner/.gradle/caches/8.14/transforms/b2e7fb1ff7f260dce39e55cb27088efd/transformed/cardview-1.0.0/AndroidManifest.xml:20:5-44
build	Build with Gradle	2026-06-06T12:25:04.5156162Z MERGED from [androidx.cursoradapter:cursoradapter:1.0.0] /home/runner/.gradle/caches/8.14/transforms/af1849ac59ea9b10c0df81a67570c855/transformed/cursoradapter-1.0.0/AndroidManifest.xml:20:5-44
build	Build with Gradle	2026-06-06T12:25:04.5158829Z MERGED from [androidx.cursoradapter:cursoradapter:1.0.0] /home/runner/.gradle/caches/8.14/transforms/af1849ac59ea9b10c0df81a67570c855/transformed/cursoradapter-1.0.0/AndroidManifest.xml:20:5-44
build	Build with Gradle	2026-06-06T12:25:04.5162227Z MERGED from [dev.rikka.rikkax.lazy:lazy:2.0.0] /home/runner/.gradle/caches/8.14/transforms/b7fdebfd9343bbc576a29ab8d68fb354/transformed/lazy-2.0.0/AndroidManifest.xml:5:5-7:41
build	Build with Gradle	2026-06-06T12:25:04.5164077Z MERGED from [dev.rikka.rikkax.lazy:lazy:2.0.0] /home/runner/.gradle/caches/8.14/transforms/b7fdebfd9343bbc576a29ab8d68fb354/transformed/lazy-2.0.0/AndroidManifest.xml:5:5-7:41
build	Build with Gradle	2026-06-06T12:25:04.5166083Z MERGED from [dev.rikka.rikkax.html:html:1.1.2] /home/runner/.gradle/caches/8.14/transforms/e5742399012525e0edda6cc8d9ad7262/transformed/html-1.1.2/AndroidManifest.xml:7:5-9:41
build	Build with Gradle	2026-06-06T12:25:04.5168537Z MERGED from [dev.rikka.rikkax.html:html:1.1.2] /home/runner/.gradle/caches/8.14/transforms/e5742399012525e0edda6cc8d9ad7262/transformed/html-1.1.2/AndroidManifest.xml:7:5-9:41
build	Build with Gradle	2026-06-06T12:25:04.5171076Z MERGED from [me.zhanghai.android.appiconloader:appiconloader-iconloaderlib:1.5.0] /home/runner/.gradle/caches/8.14/transforms/def85582213ab2870d896da947e1bd2a/transformed/appiconloader-iconloaderlib-1.5.0/AndroidManifest.xml:20:5-22:41
build	Build with Gradle	2026-06-06T12:25:04.5174349Z MERGED from [me.zhanghai.android.appiconloader:appiconloader-iconloaderlib:1.5.0] /home/runner/.gradle/caches/8.14/transforms/def85582213ab2870d896da947e1bd2a/transformed/appiconloader-iconloaderlib-1.5.0/AndroidManifest.xml:20:5-22:41
build	Build with Gradle	2026-06-06T12:25:04.5177167Z MERGED from [androidx.arch.core:core-runtime:2.2.0] /home/runner/.gradle/caches/8.14/transforms/9a0af10b7d6a004c0dde0da7908916e8/transformed/core-runtime-2.2.0/AndroidManifest.xml:20:5-44
build	Build with Gradle	2026-06-06T12:25:04.5179578Z MERGED from [androidx.arch.core:core-runtime:2.2.0] /home/runner/.gradle/caches/8.14/transforms/9a0af10b7d6a004c0dde0da7908916e8/transformed/core-runtime-2.2.0/AndroidManifest.xml:20:5-44
build	Build with Gradle	2026-06-06T12:25:04.5182096Z MERGED from [androidx.startup:startup-runtime:1.1.1] /home/runner/.gradle/caches/8.14/transforms/c3f1fba07658b0b59e408933ad000cab/transformed/startup-runtime-1.1.1/AndroidManifest.xml:21:5-23:41
build	Build with Gradle	2026-06-06T12:25:04.5184543Z MERGED from [androidx.startup:startup-runtime:1.1.1] /home/runner/.gradle/caches/8.14/transforms/c3f1fba07658b0b59e408933ad000cab/transformed/startup-runtime-1.1.1/AndroidManifest.xml:21:5-23:41
build	Build with Gradle	2026-06-06T12:25:04.5187098Z MERGED from [androidx.tracing:tracing-ktx:1.2.0] /home/runner/.gradle/caches/8.14/transforms/0f8fd961fa88f172b795e954c693c5a2/transformed/tracing-ktx-1.2.0/AndroidManifest.xml:20:5-44
build	Build with Gradle	2026-06-06T12:25:04.5189778Z MERGED from [androidx.tracing:tracing-ktx:1.2.0] /home/runner/.gradle/caches/8.14/transforms/0f8fd961fa88f172b795e954c693c5a2/transformed/tracing-ktx-1.2.0/AndroidManifest.xml:20:5-44
build	Build with Gradle	2026-06-06T12:25:04.5192017Z MERGED from [androidx.tracing:tracing:1.2.0] /home/runner/.gradle/caches/8.14/transforms/ac9c2613db74d91f76d389a55de09aeb/transformed/tracing-1.2.0/AndroidManifest.xml:20:5-44
build	Build with Gradle	2026-06-06T12:25:04.5194272Z MERGED from [androidx.tracing:tracing:1.2.0] /home/runner/.gradle/caches/8.14/transforms/ac9c2613db74d91f76d389a55de09aeb/transformed/tracing-1.2.0/AndroidManifest.xml:20:5-44
build	Build with Gradle	2026-06-06T12:25:04.5196822Z MERGED from [androidx.versionedparcelable:versionedparcelable:1.1.1] /home/runner/.gradle/caches/8.14/transforms/eec55b2add6457c8fb902795cbf8eedc/transformed/versionedparcelable-1.1.1/AndroidManifest.xml:20:5-22:41
build	Build with Gradle	2026-06-06T12:25:04.5199732Z MERGED from [androidx.versionedparcelable:versionedparcelable:1.1.1] /home/runner/.gradle/caches/8.14/transforms/eec55b2add6457c8fb902795cbf8eedc/transformed/versionedparcelable-1.1.1/AndroidManifest.xml:20:5-22:41
build	Build with Gradle	2026-06-06T12:25:04.5202181Z MERGED from [androidx.exifinterface:exifinterface:1.4.2] /home/runner/.gradle/caches/8.14/transforms/96dabcaf2d8839737bfa5e7bcc9c8d29/transformed/exifinterface-1.4.2/AndroidManifest.xml:5:5-44
build	Build with Gradle	2026-06-06T12:25:04.5204548Z MERGED from [androidx.exifinterface:exifinterface:1.4.2] /home/runner/.gradle/caches/8.14/transforms/96dabcaf2d8839737bfa5e7bcc9c8d29/transformed/exifinterface-1.4.2/AndroidManifest.xml:5:5-44
build	Build with Gradle	2026-06-06T12:25:04.5207266Z MERGED from [androidx.annotation:annotation-experimental:1.4.1] /home/runner/.gradle/caches/8.14/transforms/b63ec3c1af75a7e3e11e00b71c5d2f13/transformed/annotation-experimental-1.4.1/AndroidManifest.xml:5:5-44
build	Build with Gradle	2026-06-06T12:25:04.5210076Z MERGED from [androidx.annotation:annotation-experimental:1.4.1] /home/runner/.gradle/caches/8.14/transforms/b63ec3c1af75a7e3e11e00b71c5d2f13/transformed/annotation-experimental-1.4.1/AndroidManifest.xml:5:5-44
build	Build with Gradle	2026-06-06T12:25:04.5212359Z MERGED from [androidx.core:core-viewtree:1.0.0] /home/runner/.gradle/caches/8.14/transforms/a203a862f516367cac65cc0033ada510/transformed/core-viewtree-1.0.0/AndroidManifest.xml:5:5-44
build	Build with Gradle	2026-06-06T12:25:04.5214572Z MERGED from [androidx.core:core-viewtree:1.0.0] /home/runner/.gradle/caches/8.14/transforms/a203a862f516367cac65cc0033ada510/transformed/core-viewtree-1.0.0/AndroidManifest.xml:5:5-44
build	Build with Gradle	2026-06-06T12:25:04.5216571Z MERGED from [androidx.compose.ui:ui-util:1.1.1] /home/runner/.gradle/caches/8.14/transforms/acaa3cdd1b8646165db9384aee71e410/transformed/ui-util-1.1.1/AndroidManifest.xml:20:5-22:41
build	Build with Gradle	2026-06-06T12:25:04.5218808Z MERGED from [androidx.compose.ui:ui-util:1.1.1] /home/runner/.gradle/caches/8.14/transforms/acaa3cdd1b8646165db9384aee71e410/transformed/ui-util-1.1.1/AndroidManifest.xml:20:5-22:41
build	Build with Gradle	2026-06-06T12:25:04.5220883Z MERGED from [com.airbnb.android:lottie:6.6.2] /home/runner/.gradle/caches/8.14/transforms/fdd7a2f71d98268b12d6291e62912d0b/transformed/lottie-6.6.2/AndroidManifest.xml:5:5-44
build	Build with Gradle	2026-06-06T12:25:04.5222730Z MERGED from [com.airbnb.android:lottie:6.6.2] /home/runner/.gradle/caches/8.14/transforms/fdd7a2f71d98268b12d6291e62912d0b/transformed/lottie-6.6.2/AndroidManifest.xml:5:5-44
build	Build with Gradle	2026-06-06T12:25:04.5224821Z MERGED from [com.github.topjohnwu.libsu:core:6.0.0] /home/runner/.gradle/caches/8.14/transforms/f16a35ef33f3a5860c0cc8532fe5dc8c/transformed/core-6.0.0/AndroidManifest.xml:5:5-44
build	Build with Gradle	2026-06-06T12:25:04.5227479Z MERGED from [com.github.topjohnwu.libsu:core:6.0.0] /home/runner/.gradle/caches/8.14/transforms/f16a35ef33f3a5860c0cc8532fe5dc8c/transformed/core-6.0.0/AndroidManifest.xml:5:5-44
build	Build with Gradle	2026-06-06T12:25:04.5229768Z MERGED from [io.github.vvb2060.ndk:boringssl:20250114] /home/runner/.gradle/caches/8.14/transforms/c0673a6896f886d42be301918536c345/transformed/boringssl-20250114/AndroidManifest.xml:5:5-44
build	Build with Gradle	2026-06-06T12:25:04.5231989Z MERGED from [io.github.vvb2060.ndk:boringssl:20250114] /home/runner/.gradle/caches/8.14/transforms/c0673a6896f886d42be301918536c345/transformed/boringssl-20250114/AndroidManifest.xml:5:5-44
build	Build with Gradle	2026-06-06T12:25:04.5234317Z MERGED from [org.lsposed.libcxx:libcxx:27.0.12077973] /home/runner/.gradle/caches/8.14/transforms/0229dbc9f57fa8133a9f500f70fe76a8/transformed/libcxx-27.0.12077973/AndroidManifest.xml:5:5-44
build	Build with Gradle	2026-06-06T12:25:04.5236676Z MERGED from [org.lsposed.libcxx:libcxx:27.0.12077973] /home/runner/.gradle/caches/8.14/transforms/0229dbc9f57fa8133a9f500f70fe76a8/transformed/libcxx-27.0.12077973/AndroidManifest.xml:5:5-44
build	Build with Gradle	2026-06-06T12:25:04.5239001Z MERGED from [org.lsposed.hiddenapibypass:hiddenapibypass:6.1] /home/runner/.gradle/caches/8.14/transforms/b966c438ee1e24a5a0e1926959b61a2d/transformed/hiddenapibypass-6.1/AndroidManifest.xml:5:5-73
build	Build with Gradle	2026-06-06T12:25:04.5241496Z MERGED from [org.lsposed.hiddenapibypass:hiddenapibypass:6.1] /home/runner/.gradle/caches/8.14/transforms/b966c438ee1e24a5a0e1926959b61a2d/transformed/hiddenapibypass-6.1/AndroidManifest.xml:5:5-73
build	Build with Gradle	2026-06-06T12:25:04.5243987Z MERGED from [io.sentry:sentry-android-fragment:8.40.0] /home/runner/.gradle/caches/8.14/transforms/966464b5816c63aee25736b13ab38709/transformed/sentry-android-fragment-8.40.0/AndroidManifest.xml:5:5-44
build	Build with Gradle	2026-06-06T12:25:04.5246424Z MERGED from [io.sentry:sentry-android-fragment:8.40.0] /home/runner/.gradle/caches/8.14/transforms/966464b5816c63aee25736b13ab38709/transformed/sentry-android-fragment-8.40.0/AndroidManifest.xml:5:5-44
build	Build with Gradle	2026-06-06T12:25:04.5248565Z MERGED from [dev.rikka.rikkax.parcelablelist:parcelablelist:2.0.1] /home/runner/.gradle/caches/8.14/transforms/4b91b30cdde5ec990d4144c4990f3981/transformed/parcelablelist-2.0.1-release/AndroidManifest.xml:5:5-7:41
build	Build with Gradle	2026-06-06T12:25:04.5249978Z MERGED from [dev.rikka.rikkax.parcelablelist:parcelablelist:2.0.1] /home/runner/.gradle/caches/8.14/transforms/4b91b30cdde5ec990d4144c4990f3981/transformed/parcelablelist-2.0.1-release/AndroidManifest.xml:5:5-7:41
build	Build with Gradle	2026-06-06T12:25:04.5251264Z MERGED from [:aidl] /home/runner/work/ShizukuPlus/ShizukuPlus/api/aidl/build/intermediates/merged_manifest/release/processReleaseManifest/AndroidManifest.xml:5:5-44
build	Build with Gradle	2026-06-06T12:25:04.5252383Z MERGED from [:aidl] /home/runner/work/ShizukuPlus/ShizukuPlus/api/aidl/build/intermediates/merged_manifest/release/processReleaseManifest/AndroidManifest.xml:5:5-44
build	Build with Gradle	2026-06-06T12:25:04.5253770Z MERGED from [io.sentry:sentry-android-navigation:8.40.0] /home/runner/.gradle/caches/8.14/transforms/966144f595f2139b76140bbf274142f6/transformed/sentry-android-navigation-8.40.0/AndroidManifest.xml:5:5-44
build	Build with Gradle	2026-06-06T12:25:04.5255103Z MERGED from [io.sentry:sentry-android-navigation:8.40.0] /home/runner/.gradle/caches/8.14/transforms/966144f595f2139b76140bbf274142f6/transformed/sentry-android-navigation-8.40.0/AndroidManifest.xml:5:5-44
build	Build with Gradle	2026-06-06T12:25:04.5255981Z 	android:targetSdkVersion
build	Build with Gradle	2026-06-06T12:25:04.5256462Z 		INJECTED from /home/runner/work/ShizukuPlus/ShizukuPlus/manager/src/main/AndroidManifest.xml
build	Build with Gradle	2026-06-06T12:25:04.5256998Z 	android:minSdkVersion
build	Build with Gradle	2026-06-06T12:25:04.5257598Z 		INJECTED from /home/runner/work/ShizukuPlus/ShizukuPlus/manager/src/main/AndroidManifest.xml
build	Build with Gradle	2026-06-06T12:25:04.5258142Z uses-permission#android.permission.USE_BIOMETRIC
build	Build with Gradle	2026-06-06T12:25:04.5258984Z ADDED from [androidx.biometric:biometric:1.2.0-alpha05] /home/runner/.gradle/caches/8.14/transforms/d898ed95f395a2f368d4bc758e4d1887/transformed/biometric-1.2.0-alpha05/AndroidManifest.xml:22:5-72
build	Build with Gradle	2026-06-06T12:25:04.5259840Z 	android:name
build	Build with Gradle	2026-06-06T12:25:04.5260582Z 		ADDED from [androidx.biometric:biometric:1.2.0-alpha05] /home/runner/.gradle/caches/8.14/transforms/d898ed95f395a2f368d4bc758e4d1887/transformed/biometric-1.2.0-alpha05/AndroidManifest.xml:22:22-69
build	Build with Gradle	2026-06-06T12:25:04.5261419Z uses-permission#android.permission.USE_FINGERPRINT
build	Build with Gradle	2026-06-06T12:25:04.5262250Z ADDED from [androidx.biometric:biometric:1.2.0-alpha05] /home/runner/.gradle/caches/8.14/transforms/d898ed95f395a2f368d4bc758e4d1887/transformed/biometric-1.2.0-alpha05/AndroidManifest.xml:25:5-74
build	Build with Gradle	2026-06-06T12:25:04.5263030Z 	android:name
build	Build with Gradle	2026-06-06T12:25:04.5263762Z 		ADDED from [androidx.biometric:biometric:1.2.0-alpha05] /home/runner/.gradle/caches/8.14/transforms/d898ed95f395a2f368d4bc758e4d1887/transformed/biometric-1.2.0-alpha05/AndroidManifest.xml:25:22-71
build	Build with Gradle	2026-06-06T12:25:04.5264614Z provider#io.sentry.android.core.SentryInitProvider
build	Build with Gradle	2026-06-06T12:25:04.5265687Z ADDED from [io.sentry:sentry-android-core:8.40.0] /home/runner/.gradle/caches/8.14/transforms/f3104eb4796c3cb96709ee2563cfb750/transformed/sentry-android-core-8.40.0/AndroidManifest.xml:12:9-15:40
build	Build with Gradle	2026-06-06T12:25:04.5266886Z 	android:authorities
build	Build with Gradle	2026-06-06T12:25:04.5268070Z 		ADDED from [io.sentry:sentry-android-core:8.40.0] /home/runner/.gradle/caches/8.14/transforms/f3104eb4796c3cb96709ee2563cfb750/transformed/sentry-android-core-8.40.0/AndroidManifest.xml:14:13-70
build	Build with Gradle	2026-06-06T12:25:04.5268865Z 	android:exported
build	Build with Gradle	2026-06-06T12:25:04.5269880Z 		ADDED from [io.sentry:sentry-android-core:8.40.0] /home/runner/.gradle/caches/8.14/transforms/f3104eb4796c3cb96709ee2563cfb750/transformed/sentry-android-core-8.40.0/AndroidManifest.xml:15:13-37
build	Build with Gradle	2026-06-06T12:25:04.5270643Z 	android:name
build	Build with Gradle	2026-06-06T12:25:04.5271361Z 		ADDED from [io.sentry:sentry-android-core:8.40.0] /home/runner/.gradle/caches/8.14/transforms/f3104eb4796c3cb96709ee2563cfb750/transformed/sentry-android-core-8.40.0/AndroidManifest.xml:13:13-69
build	Build with Gradle	2026-06-06T12:25:04.5272224Z provider#io.sentry.android.core.SentryPerformanceProvider
build	Build with Gradle	2026-06-06T12:25:04.5273074Z ADDED from [io.sentry:sentry-android-core:8.40.0] /home/runner/.gradle/caches/8.14/transforms/f3104eb4796c3cb96709ee2563cfb750/transformed/sentry-android-core-8.40.0/AndroidManifest.xml:16:9-20:39
build	Build with Gradle	2026-06-06T12:25:04.5273851Z 	android:authorities
build	Build with Gradle	2026-06-06T12:25:04.5274578Z 		ADDED from [io.sentry:sentry-android-core:8.40.0] /home/runner/.gradle/caches/8.14/transforms/f3104eb4796c3cb96709ee2563cfb750/transformed/sentry-android-core-8.40.0/AndroidManifest.xml:18:13-77
build	Build with Gradle	2026-06-06T12:25:04.5275373Z 	android:exported
build	Build with Gradle	2026-06-06T12:25:04.5276086Z 		ADDED from [io.sentry:sentry-android-core:8.40.0] /home/runner/.gradle/caches/8.14/transforms/f3104eb4796c3cb96709ee2563cfb750/transformed/sentry-android-core-8.40.0/AndroidManifest.xml:19:13-37
build	Build with Gradle	2026-06-06T12:25:04.5276845Z 	android:initOrder
build	Build with Gradle	2026-06-06T12:25:04.5277689Z 		ADDED from [io.sentry:sentry-android-core:8.40.0] /home/runner/.gradle/caches/8.14/transforms/f3104eb4796c3cb96709ee2563cfb750/transformed/sentry-android-core-8.40.0/AndroidManifest.xml:20:13-36
build	Build with Gradle	2026-06-06T12:25:04.5278601Z 	android:name
build	Build with Gradle	2026-06-06T12:25:04.5279310Z 		ADDED from [io.sentry:sentry-android-core:8.40.0] /home/runner/.gradle/caches/8.14/transforms/f3104eb4796c3cb96709ee2563cfb750/transformed/sentry-android-core-8.40.0/AndroidManifest.xml:17:13-76
build	Build with Gradle	2026-06-06T12:25:04.5280217Z meta-data#androidx.emoji2.text.EmojiCompatInitializer
build	Build with Gradle	2026-06-06T12:25:04.5280989Z ADDED from [androidx.emoji2:emoji2:1.2.0] /home/runner/.gradle/caches/8.14/transforms/20c8148c0d0f1eeb1041151d1c55938f/transformed/emoji2-1.2.0/AndroidManifest.xml:29:13-31:52
build	Build with Gradle	2026-06-06T12:25:04.5281731Z 	android:value
build	Build with Gradle	2026-06-06T12:25:04.5282368Z 		ADDED from [androidx.emoji2:emoji2:1.2.0] /home/runner/.gradle/caches/8.14/transforms/20c8148c0d0f1eeb1041151d1c55938f/transformed/emoji2-1.2.0/AndroidManifest.xml:31:17-49
build	Build with Gradle	2026-06-06T12:25:04.5283051Z 	android:name
build	Build with Gradle	2026-06-06T12:25:04.5283690Z 		ADDED from [androidx.emoji2:emoji2:1.2.0] /home/runner/.gradle/caches/8.14/transforms/20c8148c0d0f1eeb1041151d1c55938f/transformed/emoji2-1.2.0/AndroidManifest.xml:30:17-75
build	Build with Gradle	2026-06-06T12:25:04.5284564Z activity#androidx.glance.appwidget.action.ActionTrampolineActivity
build	Build with Gradle	2026-06-06T12:25:04.5285466Z ADDED from [androidx.glance:glance-appwidget:1.1.1] /home/runner/.gradle/caches/8.14/transforms/0a9f0b23f2ae3b3d671937d923da2cba/transformed/glance-appwidget-1.1.1/AndroidManifest.xml:23:9-28:62
build	Build with Gradle	2026-06-06T12:25:04.5286241Z 	android:enabled
build	Build with Gradle	2026-06-06T12:25:04.5286955Z 		ADDED from [androidx.glance:glance-appwidget:1.1.1] /home/runner/.gradle/caches/8.14/transforms/0a9f0b23f2ae3b3d671937d923da2cba/transformed/glance-appwidget-1.1.1/AndroidManifest.xml:25:13-35
build	Build with Gradle	2026-06-06T12:25:04.5287841Z 	android:excludeFromRecents
build	Build with Gradle	2026-06-06T12:25:04.5288593Z 		ADDED from [androidx.glance:glance-appwidget:1.1.1] /home/runner/.gradle/caches/8.14/transforms/0a9f0b23f2ae3b3d671937d923da2cba/transformed/glance-appwidget-1.1.1/AndroidManifest.xml:26:13-46
build	Build with Gradle	2026-06-06T12:25:04.5289368Z 	android:exported
build	Build with Gradle	2026-06-06T12:25:04.5290080Z 		ADDED from [androidx.glance:glance-appwidget:1.1.1] /home/runner/.gradle/caches/8.14/transforms/0a9f0b23f2ae3b3d671937d923da2cba/transformed/glance-appwidget-1.1.1/AndroidManifest.xml:27:13-37
build	Build with Gradle	2026-06-06T12:25:04.5290838Z 	android:theme
build	Build with Gradle	2026-06-06T12:25:04.5291564Z 		ADDED from [androidx.glance:glance-appwidget:1.1.1] /home/runner/.gradle/caches/8.14/transforms/0a9f0b23f2ae3b3d671937d923da2cba/transformed/glance-appwidget-1.1.1/AndroidManifest.xml:28:13-59
build	Build with Gradle	2026-06-06T12:25:04.5292331Z 	android:name
build	Build with Gradle	2026-06-06T12:25:04.5293038Z 		ADDED from [androidx.glance:glance-appwidget:1.1.1] /home/runner/.gradle/caches/8.14/transforms/0a9f0b23f2ae3b3d671937d923da2cba/transformed/glance-appwidget-1.1.1/AndroidManifest.xml:24:13-85
build	Build with Gradle	2026-06-06T12:25:04.5293977Z activity#androidx.glance.appwidget.action.InvisibleActionTrampolineActivity
build	Build with Gradle	2026-06-06T12:25:04.5294906Z ADDED from [androidx.glance:glance-appwidget:1.1.1] /home/runner/.gradle/caches/8.14/transforms/0a9f0b23f2ae3b3d671937d923da2cba/transformed/glance-appwidget-1.1.1/AndroidManifest.xml:29:9-36:81
build	Build with Gradle	2026-06-06T12:25:04.5295675Z 	android:enabled
build	Build with Gradle	2026-06-06T12:25:04.5296448Z 		ADDED from [androidx.glance:glance-appwidget:1.1.1] /home/runner/.gradle/caches/8.14/transforms/0a9f0b23f2ae3b3d671937d923da2cba/transformed/glance-appwidget-1.1.1/AndroidManifest.xml:31:13-35
build	Build with Gradle	2026-06-06T12:25:04.5297570Z 	android:launchMode
build	Build with Gradle	2026-06-06T12:25:04.5298306Z 		ADDED from [androidx.glance:glance-appwidget:1.1.1] /home/runner/.gradle/caches/8.14/transforms/0a9f0b23f2ae3b3d671937d923da2cba/transformed/glance-appwidget-1.1.1/AndroidManifest.xml:33:13-48
build	Build with Gradle	2026-06-06T12:25:04.5299067Z 	android:noHistory
build	Build with Gradle	2026-06-06T12:25:04.5299791Z 		ADDED from [androidx.glance:glance-appwidget:1.1.1] /home/runner/.gradle/caches/8.14/transforms/0a9f0b23f2ae3b3d671937d923da2cba/transformed/glance-appwidget-1.1.1/AndroidManifest.xml:34:13-37
build	Build with Gradle	2026-06-06T12:25:04.5300592Z 	android:exported
build	Build with Gradle	2026-06-06T12:25:04.5301411Z 		ADDED from [androidx.glance:glance-appwidget:1.1.1] /home/runner/.gradle/caches/8.14/transforms/0a9f0b23f2ae3b3d671937d923da2cba/transformed/glance-appwidget-1.1.1/AndroidManifest.xml:32:13-37
build	Build with Gradle	2026-06-06T12:25:04.5302191Z 	android:theme
build	Build with Gradle	2026-06-06T12:25:04.5302898Z 		ADDED from [androidx.glance:glance-appwidget:1.1.1] /home/runner/.gradle/caches/8.14/transforms/0a9f0b23f2ae3b3d671937d923da2cba/transformed/glance-appwidget-1.1.1/AndroidManifest.xml:36:13-78
build	Build with Gradle	2026-06-06T12:25:04.5303722Z 	android:taskAffinity
build	Build with Gradle	2026-06-06T12:25:04.5304460Z 		ADDED from [androidx.glance:glance-appwidget:1.1.1] /home/runner/.gradle/caches/8.14/transforms/0a9f0b23f2ae3b3d671937d923da2cba/transformed/glance-appwidget-1.1.1/AndroidManifest.xml:35:13-91
build	Build with Gradle	2026-06-06T12:25:04.5305256Z 	android:name
build	Build with Gradle	2026-06-06T12:25:04.5305957Z 		ADDED from [androidx.glance:glance-appwidget:1.1.1] /home/runner/.gradle/caches/8.14/transforms/0a9f0b23f2ae3b3d671937d923da2cba/transformed/glance-appwidget-1.1.1/AndroidManifest.xml:30:13-94
build	Build with Gradle	2026-06-06T12:25:04.5306874Z receiver#androidx.glance.appwidget.action.ActionCallbackBroadcastReceiver
build	Build with Gradle	2026-06-06T12:25:04.5307927Z ADDED from [androidx.glance:glance-appwidget:1.1.1] /home/runner/.gradle/caches/8.14/transforms/0a9f0b23f2ae3b3d671937d923da2cba/transformed/glance-appwidget-1.1.1/AndroidManifest.xml:38:9-41:40
build	Build with Gradle	2026-06-06T12:25:04.5308703Z 	android:enabled
build	Build with Gradle	2026-06-06T12:25:04.5309412Z 		ADDED from [androidx.glance:glance-appwidget:1.1.1] /home/runner/.gradle/caches/8.14/transforms/0a9f0b23f2ae3b3d671937d923da2cba/transformed/glance-appwidget-1.1.1/AndroidManifest.xml:40:13-35
build	Build with Gradle	2026-06-06T12:25:04.5310190Z 	android:exported
build	Build with Gradle	2026-06-06T12:25:04.5310913Z 		ADDED from [androidx.glance:glance-appwidget:1.1.1] /home/runner/.gradle/caches/8.14/transforms/0a9f0b23f2ae3b3d671937d923da2cba/transformed/glance-appwidget-1.1.1/AndroidManifest.xml:41:13-37
build	Build with Gradle	2026-06-06T12:25:04.5311668Z 	android:name
build	Build with Gradle	2026-06-06T12:25:04.5312408Z 		ADDED from [androidx.glance:glance-appwidget:1.1.1] /home/runner/.gradle/caches/8.14/transforms/0a9f0b23f2ae3b3d671937d923da2cba/transformed/glance-appwidget-1.1.1/AndroidManifest.xml:39:13-92
build	Build with Gradle	2026-06-06T12:25:04.5313267Z receiver#androidx.glance.appwidget.UnmanagedSessionReceiver
build	Build with Gradle	2026-06-06T12:25:04.5314130Z ADDED from [androidx.glance:glance-appwidget:1.1.1] /home/runner/.gradle/caches/8.14/transforms/0a9f0b23f2ae3b3d671937d923da2cba/transformed/glance-appwidget-1.1.1/AndroidManifest.xml:42:9-45:40
build	Build with Gradle	2026-06-06T12:25:04.5314901Z 	android:enabled
build	Build with Gradle	2026-06-06T12:25:04.5315615Z 		ADDED from [androidx.glance:glance-appwidget:1.1.1] /home/runner/.gradle/caches/8.14/transforms/0a9f0b23f2ae3b3d671937d923da2cba/transformed/glance-appwidget-1.1.1/AndroidManifest.xml:44:13-35
build	Build with Gradle	2026-06-06T12:25:04.5316390Z 	android:exported
build	Build with Gradle	2026-06-06T12:25:04.5317118Z 		ADDED from [androidx.glance:glance-appwidget:1.1.1] /home/runner/.gradle/caches/8.14/transforms/0a9f0b23f2ae3b3d671937d923da2cba/transformed/glance-appwidget-1.1.1/AndroidManifest.xml:45:13-37
build	Build with Gradle	2026-06-06T12:25:04.5317951Z 	android:name
build	Build with Gradle	2026-06-06T12:25:04.5318674Z 		ADDED from [androidx.glance:glance-appwidget:1.1.1] /home/runner/.gradle/caches/8.14/transforms/0a9f0b23f2ae3b3d671937d923da2cba/transformed/glance-appwidget-1.1.1/AndroidManifest.xml:43:13-78
build	Build with Gradle	2026-06-06T12:25:04.5319538Z receiver#androidx.glance.appwidget.MyPackageReplacedReceiver
build	Build with Gradle	2026-06-06T12:25:04.5320435Z ADDED from [androidx.glance:glance-appwidget:1.1.1] /home/runner/.gradle/caches/8.14/transforms/0a9f0b23f2ae3b3d671937d923da2cba/transformed/glance-appwidget-1.1.1/AndroidManifest.xml:46:9-53:20
build	Build with Gradle	2026-06-06T12:25:04.5321249Z 	android:enabled
build	Build with Gradle	2026-06-06T12:25:04.5322055Z 		ADDED from [androidx.glance:glance-appwidget:1.1.1] /home/runner/.gradle/caches/8.14/transforms/0a9f0b23f2ae3b3d671937d923da2cba/transformed/glance-appwidget-1.1.1/AndroidManifest.xml:48:13-35
build	Build with Gradle	2026-06-06T12:25:04.5322829Z 	android:exported
build	Build with Gradle	2026-06-06T12:25:04.5323541Z 		ADDED from [androidx.glance:glance-appwidget:1.1.1] /home/runner/.gradle/caches/8.14/transforms/0a9f0b23f2ae3b3d671937d923da2cba/transformed/glance-appwidget-1.1.1/AndroidManifest.xml:49:13-37
build	Build with Gradle	2026-06-06T12:25:04.5324371Z 	android:name
build	Build with Gradle	2026-06-06T12:25:04.5324946Z 		ADDED from [androidx.glance:glance-appwidget:1.1.1] /home/runner/.gradle/caches/8.14/transforms/0a9f0b23f2ae3b3d671937d923da2cba/transformed/glance-appwidget-1.1.1/AndroidManifest.xml:47:13-79
build	Build with Gradle	2026-06-06T12:25:04.5325163Z intent-filter#action:name:android.intent.action.MY_PACKAGE_REPLACED
build	Build with Gradle	2026-06-06T12:25:04.5325810Z ADDED from [androidx.glance:glance-appwidget:1.1.1] /home/runner/.gradle/caches/8.14/transforms/0a9f0b23f2ae3b3d671937d923da2cba/transformed/glance-appwidget-1.1.1/AndroidManifest.xml:50:13-52:29
build	Build with Gradle	2026-06-06T12:25:04.5326044Z service#androidx.glance.appwidget.GlanceRemoteViewsService
build	Build with Gradle	2026-06-06T12:25:04.5326631Z ADDED from [androidx.glance:glance-appwidget:1.1.1] /home/runner/.gradle/caches/8.14/transforms/0a9f0b23f2ae3b3d671937d923da2cba/transformed/glance-appwidget-1.1.1/AndroidManifest.xml:55:9-58:72
build	Build with Gradle	2026-06-06T12:25:04.5326737Z 	android:exported
build	Build with Gradle	2026-06-06T12:25:04.5327315Z 		ADDED from [androidx.glance:glance-appwidget:1.1.1] /home/runner/.gradle/caches/8.14/transforms/0a9f0b23f2ae3b3d671937d923da2cba/transformed/glance-appwidget-1.1.1/AndroidManifest.xml:57:13-36
build	Build with Gradle	2026-06-06T12:25:04.5327582Z 	android:permission
build	Build with Gradle	2026-06-06T12:25:04.5328159Z 		ADDED from [androidx.glance:glance-appwidget:1.1.1] /home/runner/.gradle/caches/8.14/transforms/0a9f0b23f2ae3b3d671937d923da2cba/transformed/glance-appwidget-1.1.1/AndroidManifest.xml:58:13-69
build	Build with Gradle	2026-06-06T12:25:04.5328273Z 	android:name
build	Build with Gradle	2026-06-06T12:25:04.5328846Z 		ADDED from [androidx.glance:glance-appwidget:1.1.1] /home/runner/.gradle/caches/8.14/transforms/0a9f0b23f2ae3b3d671937d923da2cba/transformed/glance-appwidget-1.1.1/AndroidManifest.xml:56:13-78
build	Build with Gradle	2026-06-06T12:25:04.5329005Z uses-permission#android.permission.WAKE_LOCK
build	Build with Gradle	2026-06-06T12:25:04.5329556Z ADDED from [androidx.work:work-runtime:2.10.4] /home/runner/.gradle/caches/8.14/transforms/ff46523a05730a3410b3d43ab7271bd0/transformed/work-runtime-2.10.4/AndroidManifest.xml:23:5-68
build	Build with Gradle	2026-06-06T12:25:04.5329675Z 	android:name
build	Build with Gradle	2026-06-06T12:25:04.5330226Z 		ADDED from [androidx.work:work-runtime:2.10.4] /home/runner/.gradle/caches/8.14/transforms/ff46523a05730a3410b3d43ab7271bd0/transformed/work-runtime-2.10.4/AndroidManifest.xml:23:22-65
build	Build with Gradle	2026-06-06T12:25:04.5330476Z service#androidx.work.impl.background.systemalarm.SystemAlarmService
build	Build with Gradle	2026-06-06T12:25:04.5331026Z ADDED from [androidx.work:work-runtime:2.10.4] /home/runner/.gradle/caches/8.14/transforms/ff46523a05730a3410b3d43ab7271bd0/transformed/work-runtime-2.10.4/AndroidManifest.xml:39:9-45:35
build	Build with Gradle	2026-06-06T12:25:04.5331143Z 	android:enabled
build	Build with Gradle	2026-06-06T12:25:04.5331683Z 		ADDED from [androidx.work:work-runtime:2.10.4] /home/runner/.gradle/caches/8.14/transforms/ff46523a05730a3410b3d43ab7271bd0/transformed/work-runtime-2.10.4/AndroidManifest.xml:42:13-72
build	Build with Gradle	2026-06-06T12:25:04.5331789Z 	android:exported
build	Build with Gradle	2026-06-06T12:25:04.5332328Z 		ADDED from [androidx.work:work-runtime:2.10.4] /home/runner/.gradle/caches/8.14/transforms/ff46523a05730a3410b3d43ab7271bd0/transformed/work-runtime-2.10.4/AndroidManifest.xml:43:13-37
build	Build with Gradle	2026-06-06T12:25:04.5332434Z 	tools:ignore
build	Build with Gradle	2026-06-06T12:25:04.5332978Z 		ADDED from [androidx.work:work-runtime:2.10.4] /home/runner/.gradle/caches/8.14/transforms/ff46523a05730a3410b3d43ab7271bd0/transformed/work-runtime-2.10.4/AndroidManifest.xml:44:13-60
build	Build with Gradle	2026-06-06T12:25:04.5333086Z 	tools:targetApi
build	Build with Gradle	2026-06-06T12:25:04.5333629Z 		ADDED from [androidx.work:work-runtime:2.10.4] /home/runner/.gradle/caches/8.14/transforms/ff46523a05730a3410b3d43ab7271bd0/transformed/work-runtime-2.10.4/AndroidManifest.xml:45:13-32
build	Build with Gradle	2026-06-06T12:25:04.5333752Z 	android:directBootAware
build	Build with Gradle	2026-06-06T12:25:04.5334290Z 		ADDED from [androidx.work:work-runtime:2.10.4] /home/runner/.gradle/caches/8.14/transforms/ff46523a05730a3410b3d43ab7271bd0/transformed/work-runtime-2.10.4/AndroidManifest.xml:41:13-44
build	Build with Gradle	2026-06-06T12:25:04.5334400Z 	android:name
build	Build with Gradle	2026-06-06T12:25:04.5334937Z 		ADDED from [androidx.work:work-runtime:2.10.4] /home/runner/.gradle/caches/8.14/transforms/ff46523a05730a3410b3d43ab7271bd0/transformed/work-runtime-2.10.4/AndroidManifest.xml:40:13-88
build	Build with Gradle	2026-06-06T12:25:04.5335220Z service#androidx.work.impl.background.systemjob.SystemJobService
build	Build with Gradle	2026-06-06T12:25:04.5335765Z ADDED from [androidx.work:work-runtime:2.10.4] /home/runner/.gradle/caches/8.14/transforms/ff46523a05730a3410b3d43ab7271bd0/transformed/work-runtime-2.10.4/AndroidManifest.xml:46:9-52:35
build	Build with Gradle	2026-06-06T12:25:04.5335916Z 	android:enabled
build	Build with Gradle	2026-06-06T12:25:04.5336452Z 		ADDED from [androidx.work:work-runtime:2.10.4] /home/runner/.gradle/caches/8.14/transforms/ff46523a05730a3410b3d43ab7271bd0/transformed/work-runtime-2.10.4/AndroidManifest.xml:49:13-70
build	Build with Gradle	2026-06-06T12:25:04.5336595Z 	android:exported
build	Build with Gradle	2026-06-06T12:25:04.5337135Z 		ADDED from [androidx.work:work-runtime:2.10.4] /home/runner/.gradle/caches/8.14/transforms/ff46523a05730a3410b3d43ab7271bd0/transformed/work-runtime-2.10.4/AndroidManifest.xml:50:13-36
build	Build with Gradle	2026-06-06T12:25:04.5337249Z 	android:permission
build	Build with Gradle	2026-06-06T12:25:04.5337858Z 		ADDED from [androidx.work:work-runtime:2.10.4] /home/runner/.gradle/caches/8.14/transforms/ff46523a05730a3410b3d43ab7271bd0/transformed/work-runtime-2.10.4/AndroidManifest.xml:51:13-69
build	Build with Gradle	2026-06-06T12:25:04.5338006Z 	tools:targetApi
build	Build with Gradle	2026-06-06T12:25:04.5338547Z 		ADDED from [androidx.work:work-runtime:2.10.4] /home/runner/.gradle/caches/8.14/transforms/ff46523a05730a3410b3d43ab7271bd0/transformed/work-runtime-2.10.4/AndroidManifest.xml:52:13-32
build	Build with Gradle	2026-06-06T12:25:04.5338672Z 	android:directBootAware
build	Build with Gradle	2026-06-06T12:25:04.5339216Z 		ADDED from [androidx.work:work-runtime:2.10.4] /home/runner/.gradle/caches/8.14/transforms/ff46523a05730a3410b3d43ab7271bd0/transformed/work-runtime-2.10.4/AndroidManifest.xml:48:13-44
build	Build with Gradle	2026-06-06T12:25:04.5339333Z 	android:name
build	Build with Gradle	2026-06-06T12:25:04.5339870Z 		ADDED from [androidx.work:work-runtime:2.10.4] /home/runner/.gradle/caches/8.14/transforms/ff46523a05730a3410b3d43ab7271bd0/transformed/work-runtime-2.10.4/AndroidManifest.xml:47:13-84
build	Build with Gradle	2026-06-06T12:25:04.5340102Z receiver#androidx.work.impl.utils.ForceStopRunnable$BroadcastReceiver
build	Build with Gradle	2026-06-06T12:25:04.5340650Z ADDED from [androidx.work:work-runtime:2.10.4] /home/runner/.gradle/caches/8.14/transforms/ff46523a05730a3410b3d43ab7271bd0/transformed/work-runtime-2.10.4/AndroidManifest.xml:61:9-66:35
build	Build with Gradle	2026-06-06T12:25:04.5340762Z 	android:enabled
build	Build with Gradle	2026-06-06T12:25:04.5341297Z 		ADDED from [androidx.work:work-runtime:2.10.4] /home/runner/.gradle/caches/8.14/transforms/ff46523a05730a3410b3d43ab7271bd0/transformed/work-runtime-2.10.4/AndroidManifest.xml:64:13-35
build	Build with Gradle	2026-06-06T12:25:04.5341409Z 	android:exported
build	Build with Gradle	2026-06-06T12:25:04.5341948Z 		ADDED from [androidx.work:work-runtime:2.10.4] /home/runner/.gradle/caches/8.14/transforms/ff46523a05730a3410b3d43ab7271bd0/transformed/work-runtime-2.10.4/AndroidManifest.xml:65:13-37
build	Build with Gradle	2026-06-06T12:25:04.5342065Z 	tools:targetApi
build	Build with Gradle	2026-06-06T12:25:04.5342613Z 		ADDED from [androidx.work:work-runtime:2.10.4] /home/runner/.gradle/caches/8.14/transforms/ff46523a05730a3410b3d43ab7271bd0/transformed/work-runtime-2.10.4/AndroidManifest.xml:66:13-32
build	Build with Gradle	2026-06-06T12:25:04.5342735Z 	android:directBootAware
build	Build with Gradle	2026-06-06T12:25:04.5343275Z 		ADDED from [androidx.work:work-runtime:2.10.4] /home/runner/.gradle/caches/8.14/transforms/ff46523a05730a3410b3d43ab7271bd0/transformed/work-runtime-2.10.4/AndroidManifest.xml:63:13-44
build	Build with Gradle	2026-06-06T12:25:04.5343377Z 	android:name
build	Build with Gradle	2026-06-06T12:25:04.5343911Z 		ADDED from [androidx.work:work-runtime:2.10.4] /home/runner/.gradle/caches/8.14/transforms/ff46523a05730a3410b3d43ab7271bd0/transformed/work-runtime-2.10.4/AndroidManifest.xml:62:13-88
build	Build with Gradle	2026-06-06T12:25:04.5344224Z receiver#androidx.work.impl.background.systemalarm.ConstraintProxy$BatteryChargingProxy
build	Build with Gradle	2026-06-06T12:25:04.5344775Z ADDED from [androidx.work:work-runtime:2.10.4] /home/runner/.gradle/caches/8.14/transforms/ff46523a05730a3410b3d43ab7271bd0/transformed/work-runtime-2.10.4/AndroidManifest.xml:67:9-77:20
build	Build with Gradle	2026-06-06T12:25:04.5344879Z 	android:enabled
build	Build with Gradle	2026-06-06T12:25:04.5345419Z 		ADDED from [androidx.work:work-runtime:2.10.4] /home/runner/.gradle/caches/8.14/transforms/ff46523a05730a3410b3d43ab7271bd0/transformed/work-runtime-2.10.4/AndroidManifest.xml:70:13-36
build	Build with Gradle	2026-06-06T12:25:04.5345620Z 	android:exported
build	Build with Gradle	2026-06-06T12:25:04.5346273Z 		ADDED from [androidx.work:work-runtime:2.10.4] /home/runner/.gradle/caches/8.14/transforms/ff46523a05730a3410b3d43ab7271bd0/transformed/work-runtime-2.10.4/AndroidManifest.xml:71:13-37
build	Build with Gradle	2026-06-06T12:25:04.5346381Z 	tools:targetApi
build	Build with Gradle	2026-06-06T12:25:04.5346971Z 		ADDED from [androidx.work:work-runtime:2.10.4] /home/runner/.gradle/caches/8.14/transforms/ff46523a05730a3410b3d43ab7271bd0/transformed/work-runtime-2.10.4/AndroidManifest.xml:72:13-32
build	Build with Gradle	2026-06-06T12:25:04.5347129Z 	android:directBootAware
build	Build with Gradle	2026-06-06T12:25:04.5347771Z 		ADDED from [androidx.work:work-runtime:2.10.4] /home/runner/.gradle/caches/8.14/transforms/ff46523a05730a3410b3d43ab7271bd0/transformed/work-runtime-2.10.4/AndroidManifest.xml:69:13-44
build	Build with Gradle	2026-06-06T12:25:04.5347874Z 	android:name
build	Build with Gradle	2026-06-06T12:25:04.5348415Z 		ADDED from [androidx.work:work-runtime:2.10.4] /home/runner/.gradle/caches/8.14/transforms/ff46523a05730a3410b3d43ab7271bd0/transformed/work-runtime-2.10.4/AndroidManifest.xml:68:13-106
build	Build with Gradle	2026-06-06T12:25:04.5348887Z intent-filter#action:name:android.intent.action.ACTION_POWER_CONNECTED+action:name:android.intent.action.ACTION_POWER_DISCONNECTED
build	Build with Gradle	2026-06-06T12:25:04.5349581Z ADDED from [androidx.work:work-runtime:2.10.4] /home/runner/.gradle/caches/8.14/transforms/ff46523a05730a3410b3d43ab7271bd0/transformed/work-runtime-2.10.4/AndroidManifest.xml:73:13-76:29
build	Build with Gradle	2026-06-06T12:25:04.5349827Z action#android.intent.action.ACTION_POWER_CONNECTED
build	Build with Gradle	2026-06-06T12:25:04.5350369Z ADDED from [androidx.work:work-runtime:2.10.4] /home/runner/.gradle/caches/8.14/transforms/ff46523a05730a3410b3d43ab7271bd0/transformed/work-runtime-2.10.4/AndroidManifest.xml:74:17-87
build	Build with Gradle	2026-06-06T12:25:04.5350472Z 	android:name
build	Build with Gradle	2026-06-06T12:25:04.5351010Z 		ADDED from [androidx.work:work-runtime:2.10.4] /home/runner/.gradle/caches/8.14/transforms/ff46523a05730a3410b3d43ab7271bd0/transformed/work-runtime-2.10.4/AndroidManifest.xml:74:25-84
build	Build with Gradle	2026-06-06T12:25:04.5351198Z action#android.intent.action.ACTION_POWER_DISCONNECTED
build	Build with Gradle	2026-06-06T12:25:04.5351739Z ADDED from [androidx.work:work-runtime:2.10.4] /home/runner/.gradle/caches/8.14/transforms/ff46523a05730a3410b3d43ab7271bd0/transformed/work-runtime-2.10.4/AndroidManifest.xml:75:17-90
build	Build with Gradle	2026-06-06T12:25:04.5351842Z 	android:name
build	Build with Gradle	2026-06-06T12:25:04.5352376Z 		ADDED from [androidx.work:work-runtime:2.10.4] /home/runner/.gradle/caches/8.14/transforms/ff46523a05730a3410b3d43ab7271bd0/transformed/work-runtime-2.10.4/AndroidManifest.xml:75:25-87
build	Build with Gradle	2026-06-06T12:25:04.5352674Z receiver#androidx.work.impl.background.systemalarm.ConstraintProxy$BatteryNotLowProxy
build	Build with Gradle	2026-06-06T12:25:04.5353216Z ADDED from [androidx.work:work-runtime:2.10.4] /home/runner/.gradle/caches/8.14/transforms/ff46523a05730a3410b3d43ab7271bd0/transformed/work-runtime-2.10.4/AndroidManifest.xml:78:9-88:20
build	Build with Gradle	2026-06-06T12:25:04.5353321Z 	android:enabled
build	Build with Gradle	2026-06-06T12:25:04.5353861Z 		ADDED from [androidx.work:work-runtime:2.10.4] /home/runner/.gradle/caches/8.14/transforms/ff46523a05730a3410b3d43ab7271bd0/transformed/work-runtime-2.10.4/AndroidManifest.xml:81:13-36
build	Build with Gradle	2026-06-06T12:25:04.5353970Z 	android:exported
build	Build with Gradle	2026-06-06T12:25:04.5354511Z 		ADDED from [androidx.work:work-runtime:2.10.4] /home/runner/.gradle/caches/8.14/transforms/ff46523a05730a3410b3d43ab7271bd0/transformed/work-runtime-2.10.4/AndroidManifest.xml:82:13-37
build	Build with Gradle	2026-06-06T12:25:04.5354618Z 	tools:targetApi
build	Build with Gradle	2026-06-06T12:25:04.5355155Z 		ADDED from [androidx.work:work-runtime:2.10.4] /home/runner/.gradle/caches/8.14/transforms/ff46523a05730a3410b3d43ab7271bd0/transformed/work-runtime-2.10.4/AndroidManifest.xml:83:13-32
build	Build with Gradle	2026-06-06T12:25:04.5355272Z 	android:directBootAware
build	Build with Gradle	2026-06-06T12:25:04.5355820Z 		ADDED from [androidx.work:work-runtime:2.10.4] /home/runner/.gradle/caches/8.14/transforms/ff46523a05730a3410b3d43ab7271bd0/transformed/work-runtime-2.10.4/AndroidManifest.xml:80:13-44
build	Build with Gradle	2026-06-06T12:25:04.5355922Z 	android:name
build	Build with Gradle	2026-06-06T12:25:04.5356531Z 		ADDED from [androidx.work:work-runtime:2.10.4] /home/runner/.gradle/caches/8.14/transforms/ff46523a05730a3410b3d43ab7271bd0/transformed/work-runtime-2.10.4/AndroidManifest.xml:79:13-104
build	Build with Gradle	2026-06-06T12:25:04.5356865Z intent-filter#action:name:android.intent.action.BATTERY_LOW+action:name:android.intent.action.BATTERY_OKAY
build	Build with Gradle	2026-06-06T12:25:04.5357488Z ADDED from [androidx.work:work-runtime:2.10.4] /home/runner/.gradle/caches/8.14/transforms/ff46523a05730a3410b3d43ab7271bd0/transformed/work-runtime-2.10.4/AndroidManifest.xml:84:13-87:29
build	Build with Gradle	2026-06-06T12:25:04.5357673Z action#android.intent.action.BATTERY_OKAY
build	Build with Gradle	2026-06-06T12:25:04.5358288Z ADDED from [androidx.work:work-runtime:2.10.4] /home/runner/.gradle/caches/8.14/transforms/ff46523a05730a3410b3d43ab7271bd0/transformed/work-runtime-2.10.4/AndroidManifest.xml:85:17-77
build	Build with Gradle	2026-06-06T12:25:04.5358394Z 	android:name
build	Build with Gradle	2026-06-06T12:25:04.5358940Z 		ADDED from [androidx.work:work-runtime:2.10.4] /home/runner/.gradle/caches/8.14/transforms/ff46523a05730a3410b3d43ab7271bd0/transformed/work-runtime-2.10.4/AndroidManifest.xml:85:25-74
build	Build with Gradle	2026-06-06T12:25:04.5359122Z action#android.intent.action.BATTERY_LOW
build	Build with Gradle	2026-06-06T12:25:04.5359660Z ADDED from [androidx.work:work-runtime:2.10.4] /home/runner/.gradle/caches/8.14/transforms/ff46523a05730a3410b3d43ab7271bd0/transformed/work-runtime-2.10.4/AndroidManifest.xml:86:17-76
build	Build with Gradle	2026-06-06T12:25:04.5359767Z 	android:name
build	Build with Gradle	2026-06-06T12:25:04.5360308Z 		ADDED from [androidx.work:work-runtime:2.10.4] /home/runner/.gradle/caches/8.14/transforms/ff46523a05730a3410b3d43ab7271bd0/transformed/work-runtime-2.10.4/AndroidManifest.xml:86:25-73
build	Build with Gradle	2026-06-06T12:25:04.5360602Z receiver#androidx.work.impl.background.systemalarm.ConstraintProxy$StorageNotLowProxy
build	Build with Gradle	2026-06-06T12:25:04.5361156Z ADDED from [androidx.work:work-runtime:2.10.4] /home/runner/.gradle/caches/8.14/transforms/ff46523a05730a3410b3d43ab7271bd0/transformed/work-runtime-2.10.4/AndroidManifest.xml:89:9-99:20
build	Build with Gradle	2026-06-06T12:25:04.5361261Z 	android:enabled
build	Build with Gradle	2026-06-06T12:25:04.5361801Z 		ADDED from [androidx.work:work-runtime:2.10.4] /home/runner/.gradle/caches/8.14/transforms/ff46523a05730a3410b3d43ab7271bd0/transformed/work-runtime-2.10.4/AndroidManifest.xml:92:13-36
build	Build with Gradle	2026-06-06T12:25:04.5361909Z 	android:exported
build	Build with Gradle	2026-06-06T12:25:04.5362444Z 		ADDED from [androidx.work:work-runtime:2.10.4] /home/runner/.gradle/caches/8.14/transforms/ff46523a05730a3410b3d43ab7271bd0/transformed/work-runtime-2.10.4/AndroidManifest.xml:93:13-37
build	Build with Gradle	2026-06-06T12:25:04.5362561Z 	tools:targetApi
build	Build with Gradle	2026-06-06T12:25:04.5363114Z 		ADDED from [androidx.work:work-runtime:2.10.4] /home/runner/.gradle/caches/8.14/transforms/ff46523a05730a3410b3d43ab7271bd0/transformed/work-runtime-2.10.4/AndroidManifest.xml:94:13-32
build	Build with Gradle	2026-06-06T12:25:04.5363232Z 	android:directBootAware
build	Build with Gradle	2026-06-06T12:25:04.5363768Z 		ADDED from [androidx.work:work-runtime:2.10.4] /home/runner/.gradle/caches/8.14/transforms/ff46523a05730a3410b3d43ab7271bd0/transformed/work-runtime-2.10.4/AndroidManifest.xml:91:13-44
build	Build with Gradle	2026-06-06T12:25:04.5363882Z 	android:name
build	Build with Gradle	2026-06-06T12:25:04.5364422Z 		ADDED from [androidx.work:work-runtime:2.10.4] /home/runner/.gradle/caches/8.14/transforms/ff46523a05730a3410b3d43ab7271bd0/transformed/work-runtime-2.10.4/AndroidManifest.xml:90:13-104
build	Build with Gradle	2026-06-06T12:25:04.5364793Z intent-filter#action:name:android.intent.action.DEVICE_STORAGE_LOW+action:name:android.intent.action.DEVICE_STORAGE_OK
build	Build with Gradle	2026-06-06T12:25:04.5365336Z ADDED from [androidx.work:work-runtime:2.10.4] /home/runner/.gradle/caches/8.14/transforms/ff46523a05730a3410b3d43ab7271bd0/transformed/work-runtime-2.10.4/AndroidManifest.xml:95:13-98:29
build	Build with Gradle	2026-06-06T12:25:04.5365502Z action#android.intent.action.DEVICE_STORAGE_LOW
build	Build with Gradle	2026-06-06T12:25:04.5366042Z ADDED from [androidx.work:work-runtime:2.10.4] /home/runner/.gradle/caches/8.14/transforms/ff46523a05730a3410b3d43ab7271bd0/transformed/work-runtime-2.10.4/AndroidManifest.xml:96:17-83
build	Build with Gradle	2026-06-06T12:25:04.5366143Z 	android:name
build	Build with Gradle	2026-06-06T12:25:04.5366678Z 		ADDED from [androidx.work:work-runtime:2.10.4] /home/runner/.gradle/caches/8.14/transforms/ff46523a05730a3410b3d43ab7271bd0/transformed/work-runtime-2.10.4/AndroidManifest.xml:96:25-80
build	Build with Gradle	2026-06-06T12:25:04.5366866Z action#android.intent.action.DEVICE_STORAGE_OK
build	Build with Gradle	2026-06-06T12:25:04.5367508Z ADDED from [androidx.work:work-runtime:2.10.4] /home/runner/.gradle/caches/8.14/transforms/ff46523a05730a3410b3d43ab7271bd0/transformed/work-runtime-2.10.4/AndroidManifest.xml:97:17-82
build	Build with Gradle	2026-06-06T12:25:04.5367644Z 	android:name
build	Build with Gradle	2026-06-06T12:25:04.5368184Z 		ADDED from [androidx.work:work-runtime:2.10.4] /home/runner/.gradle/caches/8.14/transforms/ff46523a05730a3410b3d43ab7271bd0/transformed/work-runtime-2.10.4/AndroidManifest.xml:97:25-79
build	Build with Gradle	2026-06-06T12:25:04.5368503Z receiver#androidx.work.impl.background.systemalarm.ConstraintProxy$NetworkStateProxy
build	Build with Gradle	2026-06-06T12:25:04.5369061Z ADDED from [androidx.work:work-runtime:2.10.4] /home/runner/.gradle/caches/8.14/transforms/ff46523a05730a3410b3d43ab7271bd0/transformed/work-runtime-2.10.4/AndroidManifest.xml:100:9-109:20
build	Build with Gradle	2026-06-06T12:25:04.5369178Z 	android:enabled
build	Build with Gradle	2026-06-06T12:25:04.5369719Z 		ADDED from [androidx.work:work-runtime:2.10.4] /home/runner/.gradle/caches/8.14/transforms/ff46523a05730a3410b3d43ab7271bd0/transformed/work-runtime-2.10.4/AndroidManifest.xml:103:13-36
build	Build with Gradle	2026-06-06T12:25:04.5369860Z 	android:exported
build	Build with Gradle	2026-06-06T12:25:04.5370402Z 		ADDED from [androidx.work:work-runtime:2.10.4] /home/runner/.gradle/caches/8.14/transforms/ff46523a05730a3410b3d43ab7271bd0/transformed/work-runtime-2.10.4/AndroidManifest.xml:104:13-37
build	Build with Gradle	2026-06-06T12:25:04.5370512Z 	tools:targetApi
build	Build with Gradle	2026-06-06T12:25:04.5371048Z 		ADDED from [androidx.work:work-runtime:2.10.4] /home/runner/.gradle/caches/8.14/transforms/ff46523a05730a3410b3d43ab7271bd0/transformed/work-runtime-2.10.4/AndroidManifest.xml:105:13-32
build	Build with Gradle	2026-06-06T12:25:04.5371161Z 	android:directBootAware
build	Build with Gradle	2026-06-06T12:25:04.5371703Z 		ADDED from [androidx.work:work-runtime:2.10.4] /home/runner/.gradle/caches/8.14/transforms/ff46523a05730a3410b3d43ab7271bd0/transformed/work-runtime-2.10.4/AndroidManifest.xml:102:13-44
build	Build with Gradle	2026-06-06T12:25:04.5371805Z 	android:name
build	Build with Gradle	2026-06-06T12:25:04.5372358Z 		ADDED from [androidx.work:work-runtime:2.10.4] /home/runner/.gradle/caches/8.14/transforms/ff46523a05730a3410b3d43ab7271bd0/transformed/work-runtime-2.10.4/AndroidManifest.xml:101:13-103
build	Build with Gradle	2026-06-06T12:25:04.5372560Z intent-filter#action:name:android.net.conn.CONNECTIVITY_CHANGE
build	Build with Gradle	2026-06-06T12:25:04.5373114Z ADDED from [androidx.work:work-runtime:2.10.4] /home/runner/.gradle/caches/8.14/transforms/ff46523a05730a3410b3d43ab7271bd0/transformed/work-runtime-2.10.4/AndroidManifest.xml:106:13-108:29
build	Build with Gradle	2026-06-06T12:25:04.5373254Z action#android.net.conn.CONNECTIVITY_CHANGE
build	Build with Gradle	2026-06-06T12:25:04.5373799Z ADDED from [androidx.work:work-runtime:2.10.4] /home/runner/.gradle/caches/8.14/transforms/ff46523a05730a3410b3d43ab7271bd0/transformed/work-runtime-2.10.4/AndroidManifest.xml:107:17-79
build	Build with Gradle	2026-06-06T12:25:04.5373901Z 	android:name
build	Build with Gradle	2026-06-06T12:25:04.5374444Z 		ADDED from [androidx.work:work-runtime:2.10.4] /home/runner/.gradle/caches/8.14/transforms/ff46523a05730a3410b3d43ab7271bd0/transformed/work-runtime-2.10.4/AndroidManifest.xml:107:25-76
build	Build with Gradle	2026-06-06T12:25:04.5374691Z receiver#androidx.work.impl.background.systemalarm.RescheduleReceiver
build	Build with Gradle	2026-06-06T12:25:04.5375245Z ADDED from [androidx.work:work-runtime:2.10.4] /home/runner/.gradle/caches/8.14/transforms/ff46523a05730a3410b3d43ab7271bd0/transformed/work-runtime-2.10.4/AndroidManifest.xml:110:9-121:20
build	Build with Gradle	2026-06-06T12:25:04.5375358Z 	android:enabled
build	Build with Gradle	2026-06-06T12:25:04.5375896Z 		ADDED from [androidx.work:work-runtime:2.10.4] /home/runner/.gradle/caches/8.14/transforms/ff46523a05730a3410b3d43ab7271bd0/transformed/work-runtime-2.10.4/AndroidManifest.xml:113:13-36
build	Build with Gradle	2026-06-06T12:25:04.5376005Z 	android:exported
build	Build with Gradle	2026-06-06T12:25:04.5376546Z 		ADDED from [androidx.work:work-runtime:2.10.4] /home/runner/.gradle/caches/8.14/transforms/ff46523a05730a3410b3d43ab7271bd0/transformed/work-runtime-2.10.4/AndroidManifest.xml:114:13-37
build	Build with Gradle	2026-06-06T12:25:04.5376661Z 	tools:targetApi
build	Build with Gradle	2026-06-06T12:25:04.5377234Z 		ADDED from [androidx.work:work-runtime:2.10.4] /home/runner/.gradle/caches/8.14/transforms/ff46523a05730a3410b3d43ab7271bd0/transformed/work-runtime-2.10.4/AndroidManifest.xml:115:13-32
build	Build with Gradle	2026-06-06T12:25:04.5377413Z 	android:directBootAware
build	Build with Gradle	2026-06-06T12:25:04.5377956Z 		ADDED from [androidx.work:work-runtime:2.10.4] /home/runner/.gradle/caches/8.14/transforms/ff46523a05730a3410b3d43ab7271bd0/transformed/work-runtime-2.10.4/AndroidManifest.xml:112:13-44
build	Build with Gradle	2026-06-06T12:25:04.5378095Z 	android:name
build	Build with Gradle	2026-06-06T12:25:04.5378637Z 		ADDED from [androidx.work:work-runtime:2.10.4] /home/runner/.gradle/caches/8.14/transforms/ff46523a05730a3410b3d43ab7271bd0/transformed/work-runtime-2.10.4/AndroidManifest.xml:111:13-88
build	Build with Gradle	2026-06-06T12:25:04.5379158Z intent-filter#action:name:android.intent.action.BOOT_COMPLETED+action:name:android.intent.action.TIMEZONE_CHANGED+action:name:android.intent.action.TIME_SET
build	Build with Gradle	2026-06-06T12:25:04.5379711Z ADDED from [androidx.work:work-runtime:2.10.4] /home/runner/.gradle/caches/8.14/transforms/ff46523a05730a3410b3d43ab7271bd0/transformed/work-runtime-2.10.4/AndroidManifest.xml:116:13-120:29
build	Build with Gradle	2026-06-06T12:25:04.5379879Z action#android.intent.action.TIME_SET
build	Build with Gradle	2026-06-06T12:25:04.5380432Z ADDED from [androidx.work:work-runtime:2.10.4] /home/runner/.gradle/caches/8.14/transforms/ff46523a05730a3410b3d43ab7271bd0/transformed/work-runtime-2.10.4/AndroidManifest.xml:118:17-73
build	Build with Gradle	2026-06-06T12:25:04.5380536Z 	android:name
build	Build with Gradle	2026-06-06T12:25:04.5381078Z 		ADDED from [androidx.work:work-runtime:2.10.4] /home/runner/.gradle/caches/8.14/transforms/ff46523a05730a3410b3d43ab7271bd0/transformed/work-runtime-2.10.4/AndroidManifest.xml:118:25-70
build	Build with Gradle	2026-06-06T12:25:04.5381227Z action#android.intent.action.TIMEZONE_CHANGED
build	Build with Gradle	2026-06-06T12:25:04.5381768Z ADDED from [androidx.work:work-runtime:2.10.4] /home/runner/.gradle/caches/8.14/transforms/ff46523a05730a3410b3d43ab7271bd0/transformed/work-runtime-2.10.4/AndroidManifest.xml:119:17-81
build	Build with Gradle	2026-06-06T12:25:04.5381879Z 	android:name
build	Build with Gradle	2026-06-06T12:25:04.5382415Z 		ADDED from [androidx.work:work-runtime:2.10.4] /home/runner/.gradle/caches/8.14/transforms/ff46523a05730a3410b3d43ab7271bd0/transformed/work-runtime-2.10.4/AndroidManifest.xml:119:25-78
build	Build with Gradle	2026-06-06T12:25:04.5382709Z receiver#androidx.work.impl.background.systemalarm.ConstraintProxyUpdateReceiver
build	Build with Gradle	2026-06-06T12:25:04.5383267Z ADDED from [androidx.work:work-runtime:2.10.4] /home/runner/.gradle/caches/8.14/transforms/ff46523a05730a3410b3d43ab7271bd0/transformed/work-runtime-2.10.4/AndroidManifest.xml:122:9-131:20
build	Build with Gradle	2026-06-06T12:25:04.5383389Z 	android:enabled
build	Build with Gradle	2026-06-06T12:25:04.5383927Z 		ADDED from [androidx.work:work-runtime:2.10.4] /home/runner/.gradle/caches/8.14/transforms/ff46523a05730a3410b3d43ab7271bd0/transformed/work-runtime-2.10.4/AndroidManifest.xml:125:13-72
build	Build with Gradle	2026-06-06T12:25:04.5384035Z 	android:exported
build	Build with Gradle	2026-06-06T12:25:04.5384572Z 		ADDED from [androidx.work:work-runtime:2.10.4] /home/runner/.gradle/caches/8.14/transforms/ff46523a05730a3410b3d43ab7271bd0/transformed/work-runtime-2.10.4/AndroidManifest.xml:126:13-37
build	Build with Gradle	2026-06-06T12:25:04.5384679Z 	tools:targetApi
build	Build with Gradle	2026-06-06T12:25:04.5385225Z 		ADDED from [androidx.work:work-runtime:2.10.4] /home/runner/.gradle/caches/8.14/transforms/ff46523a05730a3410b3d43ab7271bd0/transformed/work-runtime-2.10.4/AndroidManifest.xml:127:13-32
build	Build with Gradle	2026-06-06T12:25:04.5385342Z 	android:directBootAware
build	Build with Gradle	2026-06-06T12:25:04.5385883Z 		ADDED from [androidx.work:work-runtime:2.10.4] /home/runner/.gradle/caches/8.14/transforms/ff46523a05730a3410b3d43ab7271bd0/transformed/work-runtime-2.10.4/AndroidManifest.xml:124:13-44
build	Build with Gradle	2026-06-06T12:25:04.5385989Z 	android:name
build	Build with Gradle	2026-06-06T12:25:04.5386531Z 		ADDED from [androidx.work:work-runtime:2.10.4] /home/runner/.gradle/caches/8.14/transforms/ff46523a05730a3410b3d43ab7271bd0/transformed/work-runtime-2.10.4/AndroidManifest.xml:123:13-99
build	Build with Gradle	2026-06-06T12:25:04.5386805Z intent-filter#action:name:androidx.work.impl.background.systemalarm.UpdateProxies
build	Build with Gradle	2026-06-06T12:25:04.5387470Z ADDED from [androidx.work:work-runtime:2.10.4] /home/runner/.gradle/caches/8.14/transforms/ff46523a05730a3410b3d43ab7271bd0/transformed/work-runtime-2.10.4/AndroidManifest.xml:128:13-130:29
build	Build with Gradle	2026-06-06T12:25:04.5387735Z action#androidx.work.impl.background.systemalarm.UpdateProxies
build	Build with Gradle	2026-06-06T12:25:04.5388272Z ADDED from [androidx.work:work-runtime:2.10.4] /home/runner/.gradle/caches/8.14/transforms/ff46523a05730a3410b3d43ab7271bd0/transformed/work-runtime-2.10.4/AndroidManifest.xml:129:17-98
build	Build with Gradle	2026-06-06T12:25:04.5388411Z 	android:name
build	Build with Gradle	2026-06-06T12:25:04.5388955Z 		ADDED from [androidx.work:work-runtime:2.10.4] /home/runner/.gradle/caches/8.14/transforms/ff46523a05730a3410b3d43ab7271bd0/transformed/work-runtime-2.10.4/AndroidManifest.xml:129:25-95
build	Build with Gradle	2026-06-06T12:25:04.5389198Z receiver#androidx.work.impl.diagnostics.DiagnosticsReceiver
build	Build with Gradle	2026-06-06T12:25:04.5389750Z ADDED from [androidx.work:work-runtime:2.10.4] /home/runner/.gradle/caches/8.14/transforms/ff46523a05730a3410b3d43ab7271bd0/transformed/work-runtime-2.10.4/AndroidManifest.xml:132:9-142:20
build	Build with Gradle	2026-06-06T12:25:04.5389857Z 	android:enabled
build	Build with Gradle	2026-06-06T12:25:04.5390406Z 		ADDED from [androidx.work:work-runtime:2.10.4] /home/runner/.gradle/caches/8.14/transforms/ff46523a05730a3410b3d43ab7271bd0/transformed/work-runtime-2.10.4/AndroidManifest.xml:135:13-35
build	Build with Gradle	2026-06-06T12:25:04.5390540Z 	android:exported
build	Build with Gradle	2026-06-06T12:25:04.5391074Z 		ADDED from [androidx.work:work-runtime:2.10.4] /home/runner/.gradle/caches/8.14/transforms/ff46523a05730a3410b3d43ab7271bd0/transformed/work-runtime-2.10.4/AndroidManifest.xml:136:13-36
build	Build with Gradle	2026-06-06T12:25:04.5406884Z 	android:permission
build	Build with Gradle	2026-06-06T12:25:04.5407750Z 		ADDED from [androidx.work:work-runtime:2.10.4] /home/runner/.gradle/caches/8.14/transforms/ff46523a05730a3410b3d43ab7271bd0/transformed/work-runtime-2.10.4/AndroidManifest.xml:137:13-57
build	Build with Gradle	2026-06-06T12:25:04.5407886Z 	tools:targetApi
build	Build with Gradle	2026-06-06T12:25:04.5408469Z 		ADDED from [androidx.work:work-runtime:2.10.4] /home/runner/.gradle/caches/8.14/transforms/ff46523a05730a3410b3d43ab7271bd0/transformed/work-runtime-2.10.4/AndroidManifest.xml:138:13-32
build	Build with Gradle	2026-06-06T12:25:04.5408603Z 	android:directBootAware
build	Build with Gradle	2026-06-06T12:25:04.5409176Z 		ADDED from [androidx.work:work-runtime:2.10.4] /home/runner/.gradle/caches/8.14/transforms/ff46523a05730a3410b3d43ab7271bd0/transformed/work-runtime-2.10.4/AndroidManifest.xml:134:13-44
build	Build with Gradle	2026-06-06T12:25:04.5409288Z 	android:name
build	Build with Gradle	2026-06-06T12:25:04.5409836Z 		ADDED from [androidx.work:work-runtime:2.10.4] /home/runner/.gradle/caches/8.14/transforms/ff46523a05730a3410b3d43ab7271bd0/transformed/work-runtime-2.10.4/AndroidManifest.xml:133:13-78
build	Build with Gradle	2026-06-06T12:25:04.5410082Z intent-filter#action:name:androidx.work.diagnostics.REQUEST_DIAGNOSTICS
build	Build with Gradle	2026-06-06T12:25:04.5410649Z ADDED from [androidx.work:work-runtime:2.10.4] /home/runner/.gradle/caches/8.14/transforms/ff46523a05730a3410b3d43ab7271bd0/transformed/work-runtime-2.10.4/AndroidManifest.xml:139:13-141:29
build	Build with Gradle	2026-06-06T12:25:04.5410840Z action#androidx.work.diagnostics.REQUEST_DIAGNOSTICS
build	Build with Gradle	2026-06-06T12:25:04.5411390Z ADDED from [androidx.work:work-runtime:2.10.4] /home/runner/.gradle/caches/8.14/transforms/ff46523a05730a3410b3d43ab7271bd0/transformed/work-runtime-2.10.4/AndroidManifest.xml:140:17-88
build	Build with Gradle	2026-06-06T12:25:04.5411506Z 	android:name
build	Build with Gradle	2026-06-06T12:25:04.5412051Z 		ADDED from [androidx.work:work-runtime:2.10.4] /home/runner/.gradle/caches/8.14/transforms/ff46523a05730a3410b3d43ab7271bd0/transformed/work-runtime-2.10.4/AndroidManifest.xml:140:25-85
build	Build with Gradle	2026-06-06T12:25:04.5412251Z service#androidx.core.widget.RemoteViewsCompatService
build	Build with Gradle	2026-06-06T12:25:04.5412835Z ADDED from [androidx.core:core-remoteviews:1.1.0] /home/runner/.gradle/caches/8.14/transforms/c2631671ecbd3d95bfc540fb5557d230/transformed/core-remoteviews-1.1.0/AndroidManifest.xml:24:9-27:63
build	Build with Gradle	2026-06-06T12:25:04.5412945Z 	tools:ignore
build	Build with Gradle	2026-06-06T12:25:04.5413524Z 		ADDED from [androidx.core:core-remoteviews:1.1.0] /home/runner/.gradle/caches/8.14/transforms/c2631671ecbd3d95bfc540fb5557d230/transformed/core-remoteviews-1.1.0/AndroidManifest.xml:27:13-60
build	Build with Gradle	2026-06-06T12:25:04.5413641Z 	android:permission
build	Build with Gradle	2026-06-06T12:25:04.5414380Z 		ADDED from [androidx.core:core-remoteviews:1.1.0] /home/runner/.gradle/caches/8.14/transforms/c2631671ecbd3d95bfc540fb5557d230/transformed/core-remoteviews-1.1.0/AndroidManifest.xml:26:13-69
build	Build with Gradle	2026-06-06T12:25:04.5414493Z 	android:name
build	Build with Gradle	2026-06-06T12:25:04.5415058Z 		ADDED from [androidx.core:core-remoteviews:1.1.0] /home/runner/.gradle/caches/8.14/transforms/c2631671ecbd3d95bfc540fb5557d230/transformed/core-remoteviews-1.1.0/AndroidManifest.xml:25:13-73
build	Build with Gradle	2026-06-06T12:25:04.5415243Z uses-library#androidx.window.extensions
build	Build with Gradle	2026-06-06T12:25:04.5415773Z ADDED from [androidx.window:window:1.0.0] /home/runner/.gradle/caches/8.14/transforms/5424bb4aed8761312b4b26bf9e07d98a/transformed/window-1.0.0/AndroidManifest.xml:25:9-27:40
build	Build with Gradle	2026-06-06T12:25:04.5415924Z 	android:required
build	Build with Gradle	2026-06-06T12:25:04.5416434Z 		ADDED from [androidx.window:window:1.0.0] /home/runner/.gradle/caches/8.14/transforms/5424bb4aed8761312b4b26bf9e07d98a/transformed/window-1.0.0/AndroidManifest.xml:27:13-37
build	Build with Gradle	2026-06-06T12:25:04.5416542Z 	android:name
build	Build with Gradle	2026-06-06T12:25:04.5417049Z 		ADDED from [androidx.window:window:1.0.0] /home/runner/.gradle/caches/8.14/transforms/5424bb4aed8761312b4b26bf9e07d98a/transformed/window-1.0.0/AndroidManifest.xml:26:13-54
build	Build with Gradle	2026-06-06T12:25:04.5417244Z uses-library#androidx.window.sidecar
build	Build with Gradle	2026-06-06T12:25:04.5417822Z ADDED from [androidx.window:window:1.0.0] /home/runner/.gradle/caches/8.14/transforms/5424bb4aed8761312b4b26bf9e07d98a/transformed/window-1.0.0/AndroidManifest.xml:28:9-30:40
build	Build with Gradle	2026-06-06T12:25:04.5417934Z 	android:required
build	Build with Gradle	2026-06-06T12:25:04.5418439Z 		ADDED from [androidx.window:window:1.0.0] /home/runner/.gradle/caches/8.14/transforms/5424bb4aed8761312b4b26bf9e07d98a/transformed/window-1.0.0/AndroidManifest.xml:30:13-37
build	Build with Gradle	2026-06-06T12:25:04.5418550Z 	android:name
build	Build with Gradle	2026-06-06T12:25:04.5419063Z 		ADDED from [androidx.window:window:1.0.0] /home/runner/.gradle/caches/8.14/transforms/5424bb4aed8761312b4b26bf9e07d98a/transformed/window-1.0.0/AndroidManifest.xml:29:13-51
build	Build with Gradle	2026-06-06T12:25:04.5419290Z permission#${applicationId}.DYNAMIC_RECEIVER_NOT_EXPORTED_PERMISSION
build	Build with Gradle	2026-06-06T12:25:04.5419802Z ADDED from [androidx.core:core:1.16.0] /home/runner/.gradle/caches/8.14/transforms/a18f3e8414f2ba4eb382dd01375ab089/transformed/core-1.16.0/AndroidManifest.xml:22:5-24:47
build	Build with Gradle	2026-06-06T12:25:04.5419926Z 	android:protectionLevel
build	Build with Gradle	2026-06-06T12:25:04.5420431Z 		ADDED from [androidx.core:core:1.16.0] /home/runner/.gradle/caches/8.14/transforms/a18f3e8414f2ba4eb382dd01375ab089/transformed/core-1.16.0/AndroidManifest.xml:24:9-44
build	Build with Gradle	2026-06-06T12:25:04.5420544Z 	android:name
build	Build with Gradle	2026-06-06T12:25:04.5421035Z 		ADDED from [androidx.core:core:1.16.0] /home/runner/.gradle/caches/8.14/transforms/a18f3e8414f2ba4eb382dd01375ab089/transformed/core-1.16.0/AndroidManifest.xml:23:9-81
build	Build with Gradle	2026-06-06T12:25:04.5421276Z permission#af.shizuku.plus.api.DYNAMIC_RECEIVER_NOT_EXPORTED_PERMISSION
build	Build with Gradle	2026-06-06T12:25:04.5421773Z ADDED from [androidx.core:core:1.16.0] /home/runner/.gradle/caches/8.14/transforms/a18f3e8414f2ba4eb382dd01375ab089/transformed/core-1.16.0/AndroidManifest.xml:22:5-24:47
build	Build with Gradle	2026-06-06T12:25:04.5421913Z 	android:protectionLevel
build	Build with Gradle	2026-06-06T12:25:04.5422406Z 		ADDED from [androidx.core:core:1.16.0] /home/runner/.gradle/caches/8.14/transforms/a18f3e8414f2ba4eb382dd01375ab089/transformed/core-1.16.0/AndroidManifest.xml:24:9-44
build	Build with Gradle	2026-06-06T12:25:04.5422516Z 	android:name
build	Build with Gradle	2026-06-06T12:25:04.5423000Z 		ADDED from [androidx.core:core:1.16.0] /home/runner/.gradle/caches/8.14/transforms/a18f3e8414f2ba4eb382dd01375ab089/transformed/core-1.16.0/AndroidManifest.xml:23:9-81
build	Build with Gradle	2026-06-06T12:25:04.5423238Z uses-permission#${applicationId}.DYNAMIC_RECEIVER_NOT_EXPORTED_PERMISSION
build	Build with Gradle	2026-06-06T12:25:04.5423734Z ADDED from [androidx.core:core:1.16.0] /home/runner/.gradle/caches/8.14/transforms/a18f3e8414f2ba4eb382dd01375ab089/transformed/core-1.16.0/AndroidManifest.xml:26:5-97
build	Build with Gradle	2026-06-06T12:25:04.5423845Z 	android:name
build	Build with Gradle	2026-06-06T12:25:04.5424335Z 		ADDED from [androidx.core:core:1.16.0] /home/runner/.gradle/caches/8.14/transforms/a18f3e8414f2ba4eb382dd01375ab089/transformed/core-1.16.0/AndroidManifest.xml:26:22-94
build	Build with Gradle	2026-06-06T12:25:04.5424632Z uses-permission#af.shizuku.plus.api.DYNAMIC_RECEIVER_NOT_EXPORTED_PERMISSION
build	Build with Gradle	2026-06-06T12:25:04.5425129Z ADDED from [androidx.core:core:1.16.0] /home/runner/.gradle/caches/8.14/transforms/a18f3e8414f2ba4eb382dd01375ab089/transformed/core-1.16.0/AndroidManifest.xml:26:5-97
build	Build with Gradle	2026-06-06T12:25:04.5425241Z 	android:name
build	Build with Gradle	2026-06-06T12:25:04.5425732Z 		ADDED from [androidx.core:core:1.16.0] /home/runner/.gradle/caches/8.14/transforms/a18f3e8414f2ba4eb382dd01375ab089/transformed/core-1.16.0/AndroidManifest.xml:26:22-94
build	Build with Gradle	2026-06-06T12:25:04.5426008Z meta-data#androidx.lifecycle.ProcessLifecycleInitializer
build	Build with Gradle	2026-06-06T12:25:04.5426628Z ADDED from [androidx.lifecycle:lifecycle-process:2.9.4] /home/runner/.gradle/caches/8.14/transforms/644a16fcc858b20f0d048c7466f19d9f/transformed/lifecycle-process-2.9.4/AndroidManifest.xml:29:13-31:52
build	Build with Gradle	2026-06-06T12:25:04.5426749Z 	android:value
build	Build with Gradle	2026-06-06T12:25:04.5427453Z 		ADDED from [androidx.lifecycle:lifecycle-process:2.9.4] /home/runner/.gradle/caches/8.14/transforms/644a16fcc858b20f0d048c7466f19d9f/transformed/lifecycle-process-2.9.4/AndroidManifest.xml:31:17-49
build	Build with Gradle	2026-06-06T12:25:04.5427600Z 	android:name
build	Build with Gradle	2026-06-06T12:25:04.5428194Z 		ADDED from [androidx.lifecycle:lifecycle-process:2.9.4] /home/runner/.gradle/caches/8.14/transforms/644a16fcc858b20f0d048c7466f19d9f/transformed/lifecycle-process-2.9.4/AndroidManifest.xml:30:17-78
build	Build with Gradle	2026-06-06T12:25:04.5428404Z service#androidx.room.MultiInstanceInvalidationService
build	Build with Gradle	2026-06-06T12:25:04.5428955Z ADDED from [androidx.room:room-runtime:2.6.1] /home/runner/.gradle/caches/8.14/transforms/a0f2f8571a731d673f1339b181103682/transformed/room-runtime-2.6.1/AndroidManifest.xml:24:9-28:63
build	Build with Gradle	2026-06-06T12:25:04.5429074Z 	android:exported
build	Build with Gradle	2026-06-06T12:25:04.5429621Z 		ADDED from [androidx.room:room-runtime:2.6.1] /home/runner/.gradle/caches/8.14/transforms/a0f2f8571a731d673f1339b181103682/transformed/room-runtime-2.6.1/AndroidManifest.xml:27:13-37
build	Build with Gradle	2026-06-06T12:25:04.5429733Z 	tools:ignore
build	Build with Gradle	2026-06-06T12:25:04.5430287Z 		ADDED from [androidx.room:room-runtime:2.6.1] /home/runner/.gradle/caches/8.14/transforms/a0f2f8571a731d673f1339b181103682/transformed/room-runtime-2.6.1/AndroidManifest.xml:28:13-60
build	Build with Gradle	2026-06-06T12:25:04.5430409Z 	android:directBootAware
build	Build with Gradle	2026-06-06T12:25:04.5430948Z 		ADDED from [androidx.room:room-runtime:2.6.1] /home/runner/.gradle/caches/8.14/transforms/a0f2f8571a731d673f1339b181103682/transformed/room-runtime-2.6.1/AndroidManifest.xml:26:13-43
build	Build with Gradle	2026-06-06T12:25:04.5431059Z 	android:name
build	Build with Gradle	2026-06-06T12:25:04.5431602Z 		ADDED from [androidx.room:room-runtime:2.6.1] /home/runner/.gradle/caches/8.14/transforms/a0f2f8571a731d673f1339b181103682/transformed/room-runtime-2.6.1/AndroidManifest.xml:25:13-74
build	Build with Gradle	2026-06-06T12:25:04.5431788Z uses-permission#af.shizuku.plus.permission.API_V23
build	Build with Gradle	2026-06-06T12:25:04.5432333Z ADDED from [:provider] /home/runner/work/ShizukuPlus/ShizukuPlus/api/provider/build/intermediates/merged_manifest/release/processReleaseManifest/AndroidManifest.xml:8:5-74
build	Build with Gradle	2026-06-06T12:25:04.5432441Z 	android:name
build	Build with Gradle	2026-06-06T12:25:04.5432991Z 		ADDED from [:provider] /home/runner/work/ShizukuPlus/ShizukuPlus/api/provider/build/intermediates/merged_manifest/release/processReleaseManifest/AndroidManifest.xml:8:22-71
build	Build with Gradle	2026-06-06T12:25:04.5433131Z meta-data#af.shizuku.client.V3_SUPPORT
build	Build with Gradle	2026-06-06T12:25:04.5433680Z ADDED from [:provider] /home/runner/work/ShizukuPlus/ShizukuPlus/api/provider/build/intermediates/merged_manifest/release/processReleaseManifest/AndroidManifest.xml:11:9-13:36
build	Build with Gradle	2026-06-06T12:25:04.5433789Z 	android:value
build	Build with Gradle	2026-06-06T12:25:04.5434329Z 		ADDED from [:provider] /home/runner/work/ShizukuPlus/ShizukuPlus/api/provider/build/intermediates/merged_manifest/release/processReleaseManifest/AndroidManifest.xml:13:13-33
build	Build with Gradle	2026-06-06T12:25:04.5434436Z 	android:name
build	Build with Gradle	2026-06-06T12:25:04.5434986Z 		ADDED from [:provider] /home/runner/work/ShizukuPlus/ShizukuPlus/api/provider/build/intermediates/merged_manifest/release/processReleaseManifest/AndroidManifest.xml:12:13-56
build	Build with Gradle	2026-06-06T12:25:04.5435023Z 
build	Build with Gradle	2026-06-06T12:25:04.5435160Z 1<?xml version="1.0" encoding="utf-8"?>
build	Build with Gradle	2026-06-06T12:25:04.5435401Z 2<manifest xmlns:android="http://schemas.android.com/apk/res/android"
build	Build with Gradle	2026-06-06T12:25:04.5435539Z 3    package="af.shizuku.plus.api"
build	Build with Gradle	2026-06-06T12:25:04.5435667Z 4    android:versionCode="1911"
build	Build with Gradle	2026-06-06T12:25:04.5435825Z 5    android:versionName="ShizukuX 13.6.0.r1911" >
build	Build with Gradle	2026-06-06T12:25:04.5435931Z 6
build	Build with Gradle	2026-06-06T12:25:04.5436070Z 7    <uses-sdk
build	Build with Gradle	2026-06-06T12:25:04.5436195Z 8        android:minSdkVersion="24"
build	Build with Gradle	2026-06-06T12:25:04.5436327Z 9        android:targetSdkVersion="35" />
build	Build with Gradle	2026-06-06T12:25:04.5436466Z 10
build	Build with Gradle	2026-06-06T12:25:04.5436726Z 11    <uses-permission android:name="android.permission.RECEIVE_BOOT_COMPLETED" />
build	Build with Gradle	2026-06-06T12:25:04.5437007Z 11-->/home/runner/work/ShizukuPlus/ShizukuPlus/manager/src/main/AndroidManifest.xml:5:5-81
build	Build with Gradle	2026-06-06T12:25:04.5437295Z 11-->/home/runner/work/ShizukuPlus/ShizukuPlus/manager/src/main/AndroidManifest.xml:5:22-78
build	Build with Gradle	2026-06-06T12:25:04.5437631Z 12    <uses-permission android:name="android.permission.FOREGROUND_SERVICE" />
build	Build with Gradle	2026-06-06T12:25:04.5437946Z 12-->/home/runner/work/ShizukuPlus/ShizukuPlus/manager/src/main/AndroidManifest.xml:6:5-77
build	Build with Gradle	2026-06-06T12:25:04.5438222Z 12-->/home/runner/work/ShizukuPlus/ShizukuPlus/manager/src/main/AndroidManifest.xml:6:22-74
build	Build with Gradle	2026-06-06T12:25:04.5438437Z 13    <uses-permission android:name="android.permission.INTERNET" />
build	Build with Gradle	2026-06-06T12:25:04.5438712Z 13-->/home/runner/work/ShizukuPlus/ShizukuPlus/manager/src/main/AndroidManifest.xml:7:5-67
build	Build with Gradle	2026-06-06T12:25:04.5438985Z 13-->/home/runner/work/ShizukuPlus/ShizukuPlus/manager/src/main/AndroidManifest.xml:7:22-64
build	Build with Gradle	2026-06-06T12:25:04.5439244Z 14    <uses-permission android:name="android.permission.PACKAGE_USAGE_STATS" />
build	Build with Gradle	2026-06-06T12:25:04.5439536Z 14-->/home/runner/work/ShizukuPlus/ShizukuPlus/manager/src/main/AndroidManifest.xml:8:5-10:47
build	Build with Gradle	2026-06-06T12:25:04.5439803Z 14-->/home/runner/work/ShizukuPlus/ShizukuPlus/manager/src/main/AndroidManifest.xml:9:9-62
build	Build with Gradle	2026-06-06T12:25:04.5440042Z 15    <uses-permission android:name="android.permission.POST_NOTIFICATIONS" />
build	Build with Gradle	2026-06-06T12:25:04.5440316Z 15-->/home/runner/work/ShizukuPlus/ShizukuPlus/manager/src/main/AndroidManifest.xml:11:5-77
build	Build with Gradle	2026-06-06T12:25:04.5440601Z 15-->/home/runner/work/ShizukuPlus/ShizukuPlus/manager/src/main/AndroidManifest.xml:11:22-74
build	Build with Gradle	2026-06-06T12:25:04.5440840Z 16    <uses-permission android:name="android.permission.ACCESS_NETWORK_STATE" />
build	Build with Gradle	2026-06-06T12:25:04.5441116Z 16-->/home/runner/work/ShizukuPlus/ShizukuPlus/manager/src/main/AndroidManifest.xml:12:5-79
build	Build with Gradle	2026-06-06T12:25:04.5441388Z 16-->/home/runner/work/ShizukuPlus/ShizukuPlus/manager/src/main/AndroidManifest.xml:12:22-76
build	Build with Gradle	2026-06-06T12:25:04.5441679Z 17    <uses-permission android:name="android.permission.REQUEST_IGNORE_BATTERY_OPTIMIZATIONS" />
build	Build with Gradle	2026-06-06T12:25:04.5441962Z 17-->/home/runner/work/ShizukuPlus/ShizukuPlus/manager/src/main/AndroidManifest.xml:13:5-95
build	Build with Gradle	2026-06-06T12:25:04.5442236Z 17-->/home/runner/work/ShizukuPlus/ShizukuPlus/manager/src/main/AndroidManifest.xml:13:22-92
build	Build with Gradle	2026-06-06T12:25:04.5442474Z 18    <uses-permission android:name="android.permission.QUERY_ALL_PACKAGES" />
build	Build with Gradle	2026-06-06T12:25:04.5442744Z 18-->/home/runner/work/ShizukuPlus/ShizukuPlus/manager/src/main/AndroidManifest.xml:14:5-77
build	Build with Gradle	2026-06-06T12:25:04.5443022Z 18-->/home/runner/work/ShizukuPlus/ShizukuPlus/manager/src/main/AndroidManifest.xml:14:22-74
build	Build with Gradle	2026-06-06T12:25:04.5443290Z 19    <uses-permission android:name="android.permission.FOREGROUND_SERVICE_SPECIAL_USE" />
build	Build with Gradle	2026-06-06T12:25:04.5443560Z 19-->/home/runner/work/ShizukuPlus/ShizukuPlus/manager/src/main/AndroidManifest.xml:15:5-89
build	Build with Gradle	2026-06-06T12:25:04.5443835Z 19-->/home/runner/work/ShizukuPlus/ShizukuPlus/manager/src/main/AndroidManifest.xml:15:22-86
build	Build with Gradle	2026-06-06T12:25:04.5444085Z 20    <uses-permission android:name="android.permission.REQUEST_INSTALL_PACKAGES" />
build	Build with Gradle	2026-06-06T12:25:04.5444362Z 20-->/home/runner/work/ShizukuPlus/ShizukuPlus/manager/src/main/AndroidManifest.xml:16:5-83
build	Build with Gradle	2026-06-06T12:25:04.5444635Z 20-->/home/runner/work/ShizukuPlus/ShizukuPlus/manager/src/main/AndroidManifest.xml:16:22-80
build	Build with Gradle	2026-06-06T12:25:04.5444947Z 21    <uses-permission android:name="android.permission.DOWNLOAD_WITHOUT_NOTIFICATION" />
build	Build with Gradle	2026-06-06T12:25:04.5445216Z 21-->/home/runner/work/ShizukuPlus/ShizukuPlus/manager/src/main/AndroidManifest.xml:17:5-88
build	Build with Gradle	2026-06-06T12:25:04.5445493Z 21-->/home/runner/work/ShizukuPlus/ShizukuPlus/manager/src/main/AndroidManifest.xml:17:22-85
build	Build with Gradle	2026-06-06T12:25:04.5445771Z 22    <uses-permission android:name="android.permission.WRITE_SECURE_SETTINGS" />
build	Build with Gradle	2026-06-06T12:25:04.5446048Z 22-->/home/runner/work/ShizukuPlus/ShizukuPlus/manager/src/main/AndroidManifest.xml:19:5-21:47
build	Build with Gradle	2026-06-06T12:25:04.5446378Z 22-->/home/runner/work/ShizukuPlus/ShizukuPlus/manager/src/main/AndroidManifest.xml:20:9-64
build	Build with Gradle	2026-06-06T12:25:04.5446522Z 23
build	Build with Gradle	2026-06-06T12:25:04.5446674Z 24    <uses-feature
build	Build with Gradle	2026-06-06T12:25:04.5447002Z 24-->/home/runner/work/ShizukuPlus/ShizukuPlus/manager/src/main/AndroidManifest.xml:23:5-25:36
build	Build with Gradle	2026-06-06T12:25:04.5447163Z 25        android:name="android.software.leanback"
build	Build with Gradle	2026-06-06T12:25:04.5447544Z 25-->/home/runner/work/ShizukuPlus/ShizukuPlus/manager/src/main/AndroidManifest.xml:24:9-49
build	Build with Gradle	2026-06-06T12:25:04.5447672Z 26        android:required="false" />
build	Build with Gradle	2026-06-06T12:25:04.5447941Z 26-->/home/runner/work/ShizukuPlus/ShizukuPlus/manager/src/main/AndroidManifest.xml:25:9-33
build	Build with Gradle	2026-06-06T12:25:04.5448068Z 27    <uses-feature
build	Build with Gradle	2026-06-06T12:25:04.5448352Z 27-->/home/runner/work/ShizukuPlus/ShizukuPlus/manager/src/main/AndroidManifest.xml:26:5-28:36
build	Build with Gradle	2026-06-06T12:25:04.5448521Z 28        android:name="android.hardware.touchscreen"
build	Build with Gradle	2026-06-06T12:25:04.5448793Z 28-->/home/runner/work/ShizukuPlus/ShizukuPlus/manager/src/main/AndroidManifest.xml:27:9-52
build	Build with Gradle	2026-06-06T12:25:04.5448917Z 29        android:required="false" />
build	Build with Gradle	2026-06-06T12:25:04.5449202Z 29-->/home/runner/work/ShizukuPlus/ShizukuPlus/manager/src/main/AndroidManifest.xml:28:9-33
build	Build with Gradle	2026-06-06T12:25:04.5449308Z 30
build	Build with Gradle	2026-06-06T12:25:04.5449426Z 31    <permission-group
build	Build with Gradle	2026-06-06T12:25:04.5449710Z 31-->/home/runner/work/ShizukuPlus/ShizukuPlus/manager/src/main/AndroidManifest.xml:30:5-34:58
build	Build with Gradle	2026-06-06T12:25:04.5449907Z 32        android:name="af.shizuku.plus.permission-group.API"
build	Build with Gradle	2026-06-06T12:25:04.5450184Z 32-->/home/runner/work/ShizukuPlus/ShizukuPlus/manager/src/main/AndroidManifest.xml:31:9-60
build	Build with Gradle	2026-06-06T12:25:04.5450387Z 33        android:description="@string/permission_group_description"
build	Build with Gradle	2026-06-06T12:25:04.5450659Z 33-->/home/runner/work/ShizukuPlus/ShizukuPlus/manager/src/main/AndroidManifest.xml:32:9-67
build	Build with Gradle	2026-06-06T12:25:04.5450805Z 34        android:icon="@drawable/ic_system_icon"
build	Build with Gradle	2026-06-06T12:25:04.5451076Z 34-->/home/runner/work/ShizukuPlus/ShizukuPlus/manager/src/main/AndroidManifest.xml:33:9-48
build	Build with Gradle	2026-06-06T12:25:04.5451255Z 35        android:label="@string/permission_group_label" />
build	Build with Gradle	2026-06-06T12:25:04.5451528Z 35-->/home/runner/work/ShizukuPlus/ShizukuPlus/manager/src/main/AndroidManifest.xml:34:9-55
build	Build with Gradle	2026-06-06T12:25:04.5451628Z 36
build	Build with Gradle	2026-06-06T12:25:04.5451744Z 37    <permission
build	Build with Gradle	2026-06-06T12:25:04.5452026Z 37-->/home/runner/work/ShizukuPlus/ShizukuPlus/manager/src/main/AndroidManifest.xml:36:5-38:47
build	Build with Gradle	2026-06-06T12:25:04.5452211Z 38        android:name="af.shizuku.plus.permission.MANAGER"
build	Build with Gradle	2026-06-06T12:25:04.5452494Z 38-->/home/runner/work/ShizukuPlus/ShizukuPlus/manager/src/main/AndroidManifest.xml:37:9-58
build	Build with Gradle	2026-06-06T12:25:04.5452642Z 39        android:protectionLevel="signature" />
build	Build with Gradle	2026-06-06T12:25:04.5452917Z 39-->/home/runner/work/ShizukuPlus/ShizukuPlus/manager/src/main/AndroidManifest.xml:38:9-44
build	Build with Gradle	2026-06-06T12:25:04.5453021Z 40
build	Build with Gradle	2026-06-06T12:25:04.5453262Z 41    <uses-permission android:name="af.shizuku.plus.permission.MANAGER" />
build	Build with Gradle	2026-06-06T12:25:04.5453547Z 41-->/home/runner/work/ShizukuPlus/ShizukuPlus/manager/src/main/AndroidManifest.xml:39:5-74
build	Build with Gradle	2026-06-06T12:25:04.5453823Z 41-->/home/runner/work/ShizukuPlus/ShizukuPlus/manager/src/main/AndroidManifest.xml:39:22-71
build	Build with Gradle	2026-06-06T12:25:04.5453926Z 42
build	Build with Gradle	2026-06-06T12:25:04.5454041Z 43    <permission
build	Build with Gradle	2026-06-06T12:25:04.5454384Z 43-->/home/runner/work/ShizukuPlus/ShizukuPlus/manager/src/main/AndroidManifest.xml:41:5-47:47
build	Build with Gradle	2026-06-06T12:25:04.5454574Z 44        android:name="af.shizuku.plus.permission.API_V23"
build	Build with Gradle	2026-06-06T12:25:04.5454843Z 44-->/home/runner/work/ShizukuPlus/ShizukuPlus/manager/src/main/AndroidManifest.xml:42:9-58
build	Build with Gradle	2026-06-06T12:25:04.5455029Z 45        android:description="@string/permission_description"
build	Build with Gradle	2026-06-06T12:25:04.5455298Z 45-->/home/runner/work/ShizukuPlus/ShizukuPlus/manager/src/main/AndroidManifest.xml:43:9-61
build	Build with Gradle	2026-06-06T12:25:04.5455524Z 46        android:icon="@drawable/ic_system_icon"
build	Build with Gradle	2026-06-06T12:25:04.5455824Z 46-->/home/runner/work/ShizukuPlus/ShizukuPlus/manager/src/main/AndroidManifest.xml:44:9-48
build	Build with Gradle	2026-06-06T12:25:04.5455969Z 47        android:label="@string/permission_label"
build	Build with Gradle	2026-06-06T12:25:04.5456236Z 47-->/home/runner/work/ShizukuPlus/ShizukuPlus/manager/src/main/AndroidManifest.xml:45:9-49
build	Build with Gradle	2026-06-06T12:25:04.5456452Z 48        android:permissionGroup="af.shizuku.plus.permission-group.API"
build	Build with Gradle	2026-06-06T12:25:04.5456713Z 48-->/home/runner/work/ShizukuPlus/ShizukuPlus/manager/src/main/AndroidManifest.xml:46:9-71
build	Build with Gradle	2026-06-06T12:25:04.5456890Z 49        android:protectionLevel="dangerous" />
build	Build with Gradle	2026-06-06T12:25:04.5457151Z 49-->/home/runner/work/ShizukuPlus/ShizukuPlus/manager/src/main/AndroidManifest.xml:47:9-44
build	Build with Gradle	2026-06-06T12:25:04.5457248Z 50
build	Build with Gradle	2026-06-06T12:25:04.5457736Z 51    <uses-permission android:name="android.permission.USE_BIOMETRIC" /> <!-- suppress DeprecatedClassUsageInspection -->
build	Build with Gradle	2026-06-06T12:25:04.5458320Z 51-->[androidx.biometric:biometric:1.2.0-alpha05] /home/runner/.gradle/caches/8.14/transforms/d898ed95f395a2f368d4bc758e4d1887/transformed/biometric-1.2.0-alpha05/AndroidManifest.xml:22:5-72
build	Build with Gradle	2026-06-06T12:25:04.5458901Z 51-->[androidx.biometric:biometric:1.2.0-alpha05] /home/runner/.gradle/caches/8.14/transforms/d898ed95f395a2f368d4bc758e4d1887/transformed/biometric-1.2.0-alpha05/AndroidManifest.xml:22:22-69
build	Build with Gradle	2026-06-06T12:25:04.5459130Z 52    <uses-permission android:name="android.permission.USE_FINGERPRINT" />
build	Build with Gradle	2026-06-06T12:25:04.5459706Z 52-->[androidx.biometric:biometric:1.2.0-alpha05] /home/runner/.gradle/caches/8.14/transforms/d898ed95f395a2f368d4bc758e4d1887/transformed/biometric-1.2.0-alpha05/AndroidManifest.xml:25:5-74
build	Build with Gradle	2026-06-06T12:25:04.5460280Z 52-->[androidx.biometric:biometric:1.2.0-alpha05] /home/runner/.gradle/caches/8.14/transforms/d898ed95f395a2f368d4bc758e4d1887/transformed/biometric-1.2.0-alpha05/AndroidManifest.xml:25:22-71
build	Build with Gradle	2026-06-06T12:25:04.5460486Z 53    <uses-permission android:name="android.permission.WAKE_LOCK" />
build	Build with Gradle	2026-06-06T12:25:04.5461007Z 53-->[androidx.work:work-runtime:2.10.4] /home/runner/.gradle/caches/8.14/transforms/ff46523a05730a3410b3d43ab7271bd0/transformed/work-runtime-2.10.4/AndroidManifest.xml:23:5-68
build	Build with Gradle	2026-06-06T12:25:04.5461535Z 53-->[androidx.work:work-runtime:2.10.4] /home/runner/.gradle/caches/8.14/transforms/ff46523a05730a3410b3d43ab7271bd0/transformed/work-runtime-2.10.4/AndroidManifest.xml:23:22-65
build	Build with Gradle	2026-06-06T12:25:04.5461631Z 54
build	Build with Gradle	2026-06-06T12:25:04.5461738Z 55    <permission
build	Build with Gradle	2026-06-06T12:25:04.5462214Z 55-->[androidx.core:core:1.16.0] /home/runner/.gradle/caches/8.14/transforms/a18f3e8414f2ba4eb382dd01375ab089/transformed/core-1.16.0/AndroidManifest.xml:22:5-24:47
build	Build with Gradle	2026-06-06T12:25:04.5462465Z 56        android:name="af.shizuku.plus.api.DYNAMIC_RECEIVER_NOT_EXPORTED_PERMISSION"
build	Build with Gradle	2026-06-06T12:25:04.5462932Z 56-->[androidx.core:core:1.16.0] /home/runner/.gradle/caches/8.14/transforms/a18f3e8414f2ba4eb382dd01375ab089/transformed/core-1.16.0/AndroidManifest.xml:23:9-81
build	Build with Gradle	2026-06-06T12:25:04.5463074Z 57        android:protectionLevel="signature" />
build	Build with Gradle	2026-06-06T12:25:04.5463536Z 57-->[androidx.core:core:1.16.0] /home/runner/.gradle/caches/8.14/transforms/a18f3e8414f2ba4eb382dd01375ab089/transformed/core-1.16.0/AndroidManifest.xml:24:9-44
build	Build with Gradle	2026-06-06T12:25:04.5463631Z 58
build	Build with Gradle	2026-06-06T12:25:04.5463927Z 59    <uses-permission android:name="af.shizuku.plus.api.DYNAMIC_RECEIVER_NOT_EXPORTED_PERMISSION" />
build	Build with Gradle	2026-06-06T12:25:04.5464393Z 59-->[androidx.core:core:1.16.0] /home/runner/.gradle/caches/8.14/transforms/a18f3e8414f2ba4eb382dd01375ab089/transformed/core-1.16.0/AndroidManifest.xml:26:5-97
build	Build with Gradle	2026-06-06T12:25:04.5464895Z 59-->[androidx.core:core:1.16.0] /home/runner/.gradle/caches/8.14/transforms/a18f3e8414f2ba4eb382dd01375ab089/transformed/core-1.16.0/AndroidManifest.xml:26:22-94
build	Build with Gradle	2026-06-06T12:25:04.5465124Z 60    <uses-permission android:name="af.shizuku.plus.permission.API_V23" />
build	Build with Gradle	2026-06-06T12:25:04.5465680Z 60-->[:provider] /home/runner/work/ShizukuPlus/ShizukuPlus/api/provider/build/intermediates/merged_manifest/release/processReleaseManifest/AndroidManifest.xml:8:5-74
build	Build with Gradle	2026-06-06T12:25:04.5466222Z 60-->[:provider] /home/runner/work/ShizukuPlus/ShizukuPlus/api/provider/build/intermediates/merged_manifest/release/processReleaseManifest/AndroidManifest.xml:8:22-71
build	Build with Gradle	2026-06-06T12:25:04.5466319Z 61
build	Build with Gradle	2026-06-06T12:25:04.5466430Z 62    <application
build	Build with Gradle	2026-06-06T12:25:04.5466723Z 62-->/home/runner/work/ShizukuPlus/ShizukuPlus/manager/src/main/AndroidManifest.xml:53:5-377:19
build	Build with Gradle	2026-06-06T12:25:04.5466925Z 63        android:name="af.shizuku.manager.ShizukuApplication"
build	Build with Gradle	2026-06-06T12:25:04.5467227Z 63-->/home/runner/work/ShizukuPlus/ShizukuPlus/manager/src/main/AndroidManifest.xml:54:9-43
build	Build with Gradle	2026-06-06T12:25:04.5467470Z 64        android:allowBackup="true"
build	Build with Gradle	2026-06-06T12:25:04.5467742Z 64-->/home/runner/work/ShizukuPlus/ShizukuPlus/manager/src/main/AndroidManifest.xml:55:9-35
build	Build with Gradle	2026-06-06T12:25:04.5467891Z 65        android:autoRevokePermissions="allowed"
build	Build with Gradle	2026-06-06T12:25:04.5468173Z 65-->/home/runner/work/ShizukuPlus/ShizukuPlus/manager/src/main/AndroidManifest.xml:56:9-48
build	Build with Gradle	2026-06-06T12:25:04.5468313Z 66        android:banner="@drawable/ic_launcher"
build	Build with Gradle	2026-06-06T12:25:04.5468582Z 66-->/home/runner/work/ShizukuPlus/ShizukuPlus/manager/src/main/AndroidManifest.xml:57:9-47
build	Build with Gradle	2026-06-06T12:25:04.5468774Z 67        android:dataExtractionRules="@xml/data_extraction_rules"
build	Build with Gradle	2026-06-06T12:25:04.5469045Z 67-->/home/runner/work/ShizukuPlus/ShizukuPlus/manager/src/main/AndroidManifest.xml:58:9-65
build	Build with Gradle	2026-06-06T12:25:04.5469184Z 68        android:directBootAware="true"
build	Build with Gradle	2026-06-06T12:25:04.5469455Z 68-->/home/runner/work/ShizukuPlus/ShizukuPlus/manager/src/main/AndroidManifest.xml:59:9-39
build	Build with Gradle	2026-06-06T12:25:04.5469611Z 69        android:enableOnBackInvokedCallback="true"
build	Build with Gradle	2026-06-06T12:25:04.5469880Z 69-->/home/runner/work/ShizukuPlus/ShizukuPlus/manager/src/main/AndroidManifest.xml:60:9-51
build	Build with Gradle	2026-06-06T12:25:04.5470010Z 70        android:extractNativeLibs="true"
build	Build with Gradle	2026-06-06T12:25:04.5470198Z 71        android:fullBackupContent="@xml/backup_descriptor"
build	Build with Gradle	2026-06-06T12:25:04.5470467Z 71-->/home/runner/work/ShizukuPlus/ShizukuPlus/manager/src/main/AndroidManifest.xml:61:9-59
build	Build with Gradle	2026-06-06T12:25:04.5470605Z 72        android:icon="@drawable/ic_launcher"
build	Build with Gradle	2026-06-06T12:25:04.5470876Z 72-->/home/runner/work/ShizukuPlus/ShizukuPlus/manager/src/main/AndroidManifest.xml:62:9-45
build	Build with Gradle	2026-06-06T12:25:04.5471005Z 73        android:label="@string/app_name"
build	Build with Gradle	2026-06-06T12:25:04.5471277Z 73-->/home/runner/work/ShizukuPlus/ShizukuPlus/manager/src/main/AndroidManifest.xml:63:9-41
build	Build with Gradle	2026-06-06T12:25:04.5471431Z 74        android:localeConfig="@xml/locales_config"
build	Build with Gradle	2026-06-06T12:25:04.5471696Z 74-->/home/runner/work/ShizukuPlus/ShizukuPlus/manager/src/main/AndroidManifest.xml:64:9-51
build	Build with Gradle	2026-06-06T12:25:04.5471818Z 75        android:supportsRtl="true"
build	Build with Gradle	2026-06-06T12:25:04.5472083Z 75-->/home/runner/work/ShizukuPlus/ShizukuPlus/manager/src/main/AndroidManifest.xml:65:9-35
build	Build with Gradle	2026-06-06T12:25:04.5472221Z 76        android:theme="@style/AppTheme" >
build	Build with Gradle	2026-06-06T12:25:04.5472484Z 76-->/home/runner/work/ShizukuPlus/ShizukuPlus/manager/src/main/AndroidManifest.xml:66:9-40
build	Build with Gradle	2026-06-06T12:25:04.5472594Z 77        <meta-data
build	Build with Gradle	2026-06-06T12:25:04.5472719Z 78            android:name="io.sentry.dsn"
build	Build with Gradle	2026-06-06T12:25:04.5472991Z 78-->/home/runner/work/ShizukuPlus/ShizukuPlus/manager/src/main/AndroidManifest.xml:71:20-48
build	Build with Gradle	2026-06-06T12:25:04.5473468Z 79            android:value="***" />
build	Build with Gradle	2026-06-06T12:25:04.5473740Z 79-->/home/runner/work/ShizukuPlus/ShizukuPlus/manager/src/main/AndroidManifest.xml:71:49-77
build	Build with Gradle	2026-06-06T12:25:04.5473890Z 80        <meta-data
build	Build with Gradle	2026-06-06T12:25:04.5474162Z 80-->/home/runner/work/ShizukuPlus/ShizukuPlus/manager/src/main/AndroidManifest.xml:72:9-79
build	Build with Gradle	2026-06-06T12:25:04.5474306Z 81            android:name="io.sentry.auto-init"
build	Build with Gradle	2026-06-06T12:25:04.5474585Z 81-->/home/runner/work/ShizukuPlus/ShizukuPlus/manager/src/main/AndroidManifest.xml:72:20-54
build	Build with Gradle	2026-06-06T12:25:04.5474710Z 82            android:value="false" />
build	Build with Gradle	2026-06-06T12:25:04.5475011Z 82-->/home/runner/work/ShizukuPlus/ShizukuPlus/manager/src/main/AndroidManifest.xml:72:55-76
build	Build with Gradle	2026-06-06T12:25:04.5475145Z 83        <meta-data
build	Build with Gradle	2026-06-06T12:25:04.5475417Z 83-->/home/runner/work/ShizukuPlus/ShizukuPlus/manager/src/main/AndroidManifest.xml:73:9-86
build	Build with Gradle	2026-06-06T12:25:04.5475598Z 84            android:name="io.sentry.traces-sample-rate"
build	Build with Gradle	2026-06-06T12:25:04.5475871Z 84-->/home/runner/work/ShizukuPlus/ShizukuPlus/manager/src/main/AndroidManifest.xml:73:20-63
build	Build with Gradle	2026-06-06T12:25:04.5475995Z 85            android:value="0.2" />
build	Build with Gradle	2026-06-06T12:25:04.5476267Z 85-->/home/runner/work/ShizukuPlus/ShizukuPlus/manager/src/main/AndroidManifest.xml:73:64-83
build	Build with Gradle	2026-06-06T12:25:04.5476400Z 86        <meta-data
build	Build with Gradle	2026-06-06T12:25:04.5476680Z 86-->/home/runner/work/ShizukuPlus/ShizukuPlus/manager/src/main/AndroidManifest.xml:74:9-86
build	Build with Gradle	2026-06-06T12:25:04.5476842Z 87            android:name="io.sentry.attach-screenshot"
build	Build with Gradle	2026-06-06T12:25:04.5477110Z 87-->/home/runner/work/ShizukuPlus/ShizukuPlus/manager/src/main/AndroidManifest.xml:74:20-62
build	Build with Gradle	2026-06-06T12:25:04.5477234Z 88            android:value="true" />
build	Build with Gradle	2026-06-06T12:25:04.5477584Z 88-->/home/runner/work/ShizukuPlus/ShizukuPlus/manager/src/main/AndroidManifest.xml:74:63-83
build	Build with Gradle	2026-06-06T12:25:04.5477697Z 89        <meta-data
build	Build with Gradle	2026-06-06T12:25:04.5477964Z 89-->/home/runner/work/ShizukuPlus/ShizukuPlus/manager/src/main/AndroidManifest.xml:75:9-90
build	Build with Gradle	2026-06-06T12:25:04.5478142Z 90            android:name="io.sentry.attach-view-hierarchy"
build	Build with Gradle	2026-06-06T12:25:04.5478415Z 90-->/home/runner/work/ShizukuPlus/ShizukuPlus/manager/src/main/AndroidManifest.xml:75:20-66
build	Build with Gradle	2026-06-06T12:25:04.5478541Z 91            android:value="true" />
build	Build with Gradle	2026-06-06T12:25:04.5478820Z 91-->/home/runner/work/ShizukuPlus/ShizukuPlus/manager/src/main/AndroidManifest.xml:75:67-87
build	Build with Gradle	2026-06-06T12:25:04.5478922Z 92
build	Build with Gradle	2026-06-06T12:25:04.5479054Z 93        <!-- Main launcher activity -->
build	Build with Gradle	2026-06-06T12:25:04.5479162Z 94        <activity
build	Build with Gradle	2026-06-06T12:25:04.5479448Z 94-->/home/runner/work/ShizukuPlus/ShizukuPlus/manager/src/main/AndroidManifest.xml:78:9-93:20
build	Build with Gradle	2026-06-06T12:25:04.5479629Z 95            android:name="af.shizuku.manager.MainActivity"
build	Build with Gradle	2026-06-06T12:25:04.5479900Z 95-->/home/runner/work/ShizukuPlus/ShizukuPlus/manager/src/main/AndroidManifest.xml:79:13-41
build	Build with Gradle	2026-06-06T12:25:04.5480034Z 96            android:banner="@mipmap/banner"
build	Build with Gradle	2026-06-06T12:25:04.5480304Z 96-->/home/runner/work/ShizukuPlus/ShizukuPlus/manager/src/main/AndroidManifest.xml:80:13-44
build	Build with Gradle	2026-06-06T12:25:04.5480426Z 97            android:exported="true"
build	Build with Gradle	2026-06-06T12:25:04.5480703Z 97-->/home/runner/work/ShizukuPlus/ShizukuPlus/manager/src/main/AndroidManifest.xml:81:13-36
build	Build with Gradle	2026-06-06T12:25:04.5480866Z 98            android:theme="@style/Theme.App.Starting" >
build	Build with Gradle	2026-06-06T12:25:04.5481136Z 98-->/home/runner/work/ShizukuPlus/ShizukuPlus/manager/src/main/AndroidManifest.xml:82:13-54
build	Build with Gradle	2026-06-06T12:25:04.5481256Z 99            <intent-filter>
build	Build with Gradle	2026-06-06T12:25:04.5481539Z 99-->/home/runner/work/ShizukuPlus/ShizukuPlus/manager/src/main/AndroidManifest.xml:83:13-88:29
build	Build with Gradle	2026-06-06T12:25:04.5481745Z 100                <action android:name="android.intent.action.MAIN" />
build	Build with Gradle	2026-06-06T12:25:04.5482024Z 100-->/home/runner/work/ShizukuPlus/ShizukuPlus/manager/src/main/AndroidManifest.xml:84:17-69
build	Build with Gradle	2026-06-06T12:25:04.5482300Z 100-->/home/runner/work/ShizukuPlus/ShizukuPlus/manager/src/main/AndroidManifest.xml:84:25-66
build	Build with Gradle	2026-06-06T12:25:04.5482401Z 101
build	Build with Gradle	2026-06-06T12:25:04.5482621Z 102                <category android:name="android.intent.category.LAUNCHER" />
build	Build with Gradle	2026-06-06T12:25:04.5482902Z 102-->/home/runner/work/ShizukuPlus/ShizukuPlus/manager/src/main/AndroidManifest.xml:86:17-77
build	Build with Gradle	2026-06-06T12:25:04.5483222Z 102-->/home/runner/work/ShizukuPlus/ShizukuPlus/manager/src/main/AndroidManifest.xml:86:27-74
build	Build with Gradle	2026-06-06T12:25:04.5483461Z 103                <category android:name="android.intent.category.LEANBACK_LAUNCHER" />
build	Build with Gradle	2026-06-06T12:25:04.5483735Z 103-->/home/runner/work/ShizukuPlus/ShizukuPlus/manager/src/main/AndroidManifest.xml:87:17-86
build	Build with Gradle	2026-06-06T12:25:04.5484047Z 103-->/home/runner/work/ShizukuPlus/ShizukuPlus/manager/src/main/AndroidManifest.xml:87:27-83
build	Build with Gradle	2026-06-06T12:25:04.5484173Z 104            </intent-filter>
build	Build with Gradle	2026-06-06T12:25:04.5484305Z 105
build	Build with Gradle	2026-06-06T12:25:04.5484421Z 106            <meta-data
build	Build with Gradle	2026-06-06T12:25:04.5484709Z 106-->/home/runner/work/ShizukuPlus/ShizukuPlus/manager/src/main/AndroidManifest.xml:90:13-92:53
build	Build with Gradle	2026-06-06T12:25:04.5484865Z 107                android:name="android.app.shortcuts"
build	Build with Gradle	2026-06-06T12:25:04.5485138Z 107-->/home/runner/work/ShizukuPlus/ShizukuPlus/manager/src/main/AndroidManifest.xml:91:17-53
build	Build with Gradle	2026-06-06T12:25:04.5485296Z 108                android:resource="@xml/shortcuts" />
build	Build with Gradle	2026-06-06T12:25:04.5485598Z 108-->/home/runner/work/ShizukuPlus/ShizukuPlus/manager/src/main/AndroidManifest.xml:92:17-50
build	Build with Gradle	2026-06-06T12:25:04.5485860Z 109        </activity> <!-- Activity Aliases to fix broken shortcuts / task stack restoration -->
build	Build with Gradle	2026-06-06T12:25:04.5485973Z 110        <activity-alias
build	Build with Gradle	2026-06-06T12:25:04.5486259Z 110-->/home/runner/work/ShizukuPlus/ShizukuPlus/manager/src/main/AndroidManifest.xml:96:9-105:26
build	Build with Gradle	2026-06-06T12:25:04.5486463Z 111            android:name="af.shizuku.manager.home.HomeActivity"
build	Build with Gradle	2026-06-06T12:25:04.5486738Z 111-->/home/runner/work/ShizukuPlus/ShizukuPlus/manager/src/main/AndroidManifest.xml:97:13-64
build	Build with Gradle	2026-06-06T12:25:04.5486862Z 112            android:exported="true"
build	Build with Gradle	2026-06-06T12:25:04.5487132Z 112-->/home/runner/work/ShizukuPlus/ShizukuPlus/manager/src/main/AndroidManifest.xml:99:13-36
build	Build with Gradle	2026-06-06T12:25:04.5487449Z 113            android:targetActivity="af.shizuku.manager.MainActivity" >
build	Build with Gradle	2026-06-06T12:25:04.5487728Z 113-->/home/runner/work/ShizukuPlus/ShizukuPlus/manager/src/main/AndroidManifest.xml:98:13-51
build	Build with Gradle	2026-06-06T12:25:04.5487846Z 114            <intent-filter>
build	Build with Gradle	2026-06-06T12:25:04.5488131Z 114-->/home/runner/work/ShizukuPlus/ShizukuPlus/manager/src/main/AndroidManifest.xml:83:13-88:29
build	Build with Gradle	2026-06-06T12:25:04.5488320Z 115                <action android:name="android.intent.action.MAIN" />
build	Build with Gradle	2026-06-06T12:25:04.5488605Z 115-->/home/runner/work/ShizukuPlus/ShizukuPlus/manager/src/main/AndroidManifest.xml:84:17-69
build	Build with Gradle	2026-06-06T12:25:04.5488879Z 115-->/home/runner/work/ShizukuPlus/ShizukuPlus/manager/src/main/AndroidManifest.xml:84:25-66
build	Build with Gradle	2026-06-06T12:25:04.5488978Z 116
build	Build with Gradle	2026-06-06T12:25:04.5489192Z 117                <category android:name="android.intent.category.LAUNCHER" />
build	Build with Gradle	2026-06-06T12:25:04.5489466Z 117-->/home/runner/work/ShizukuPlus/ShizukuPlus/manager/src/main/AndroidManifest.xml:86:17-77
build	Build with Gradle	2026-06-06T12:25:04.5489752Z 117-->/home/runner/work/ShizukuPlus/ShizukuPlus/manager/src/main/AndroidManifest.xml:86:27-74
build	Build with Gradle	2026-06-06T12:25:04.5489993Z 118                <category android:name="android.intent.category.LEANBACK_LAUNCHER" />
build	Build with Gradle	2026-06-06T12:25:04.5490265Z 118-->/home/runner/work/ShizukuPlus/ShizukuPlus/manager/src/main/AndroidManifest.xml:87:17-86
build	Build with Gradle	2026-06-06T12:25:04.5490538Z 118-->/home/runner/work/ShizukuPlus/ShizukuPlus/manager/src/main/AndroidManifest.xml:87:27-83
build	Build with Gradle	2026-06-06T12:25:04.5490655Z 119            </intent-filter>
build	Build with Gradle	2026-06-06T12:25:04.5490783Z 120        </activity-alias>
build	Build with Gradle	2026-06-06T12:25:04.5490881Z 121
build	Build with Gradle	2026-06-06T12:25:04.5491003Z 122        <!-- Settings Activity -->
build	Build with Gradle	2026-06-06T12:25:04.5491109Z 123        <activity
build	Build with Gradle	2026-06-06T12:25:04.5491397Z 123-->/home/runner/work/ShizukuPlus/ShizukuPlus/manager/src/main/AndroidManifest.xml:117:9-126:20
build	Build with Gradle	2026-06-06T12:25:04.5491612Z 124            android:name="af.shizuku.manager.settings.SettingsActivity"
build	Build with Gradle	2026-06-06T12:25:04.5491902Z 124-->/home/runner/work/ShizukuPlus/ShizukuPlus/manager/src/main/AndroidManifest.xml:118:13-54
build	Build with Gradle	2026-06-06T12:25:04.5492066Z 125            android:exported="true"
build	Build with Gradle	2026-06-06T12:25:04.5492349Z 125-->/home/runner/work/ShizukuPlus/ShizukuPlus/manager/src/main/AndroidManifest.xml:119:13-36
build	Build with Gradle	2026-06-06T12:25:04.5492501Z 126            android:label="@string/settings_title"
build	Build with Gradle	2026-06-06T12:25:04.5492781Z 126-->/home/runner/work/ShizukuPlus/ShizukuPlus/manager/src/main/AndroidManifest.xml:120:13-51
build	Build with Gradle	2026-06-06T12:25:04.5492963Z 127            android:theme="@style/Theme" >
build	Build with Gradle	2026-06-06T12:25:04.5493239Z 127-->/home/runner/work/ShizukuPlus/ShizukuPlus/manager/src/main/AndroidManifest.xml:121:13-41
build	Build with Gradle	2026-06-06T12:25:04.5493383Z 128            <intent-filter>
build	Build with Gradle	2026-06-06T12:25:04.5493676Z 128-->/home/runner/work/ShizukuPlus/ShizukuPlus/manager/src/main/AndroidManifest.xml:122:13-125:29
build	Build with Gradle	2026-06-06T12:25:04.5493920Z 129                <action android:name="android.intent.action.APPLICATION_PREFERENCES" />
build	Build with Gradle	2026-06-06T12:25:04.5494203Z 129-->/home/runner/work/ShizukuPlus/ShizukuPlus/manager/src/main/AndroidManifest.xml:123:17-88
build	Build with Gradle	2026-06-06T12:25:04.5494482Z 129-->/home/runner/work/ShizukuPlus/ShizukuPlus/manager/src/main/AndroidManifest.xml:123:25-85
build	Build with Gradle	2026-06-06T12:25:04.5494614Z 130
build	Build with Gradle	2026-06-06T12:25:04.5494834Z 131                <category android:name="android.intent.category.DEFAULT" />
build	Build with Gradle	2026-06-06T12:25:04.5495111Z 131-->/home/runner/work/ShizukuPlus/ShizukuPlus/manager/src/main/AndroidManifest.xml:124:17-76
build	Build with Gradle	2026-06-06T12:25:04.5495393Z 131-->/home/runner/work/ShizukuPlus/ShizukuPlus/manager/src/main/AndroidManifest.xml:124:27-73
build	Build with Gradle	2026-06-06T12:25:04.5495506Z 132            </intent-filter>
build	Build with Gradle	2026-06-06T12:25:04.5495617Z 133        </activity>
build	Build with Gradle	2026-06-06T12:25:04.5495730Z 134        <activity
build	Build with Gradle	2026-06-06T12:25:04.5496019Z 134-->/home/runner/work/ShizukuPlus/ShizukuPlus/manager/src/main/AndroidManifest.xml:128:9-131:48
build	Build with Gradle	2026-06-06T12:25:04.5496256Z 135            android:name="af.shizuku.manager.onboarding.OnboardingActivity"
build	Build with Gradle	2026-06-06T12:25:04.5496532Z 135-->/home/runner/work/ShizukuPlus/ShizukuPlus/manager/src/main/AndroidManifest.xml:129:13-58
build	Build with Gradle	2026-06-06T12:25:04.5496660Z 136            android:exported="false"
build	Build with Gradle	2026-06-06T12:25:04.5496936Z 136-->/home/runner/work/ShizukuPlus/ShizukuPlus/manager/src/main/AndroidManifest.xml:130:13-37
build	Build with Gradle	2026-06-06T12:25:04.5497091Z 137            android:label="@string/app_name" />
build	Build with Gradle	2026-06-06T12:25:04.5497440Z 137-->/home/runner/work/ShizukuPlus/ShizukuPlus/manager/src/main/AndroidManifest.xml:131:13-45
build	Build with Gradle	2026-06-06T12:25:04.5497548Z 138        <activity
build	Build with Gradle	2026-06-06T12:25:04.5497832Z 138-->/home/runner/work/ShizukuPlus/ShizukuPlus/manager/src/main/AndroidManifest.xml:132:9-135:40
build	Build with Gradle	2026-06-06T12:25:04.5498044Z 139            android:name="af.shizuku.manager.home.SystemHubActivity"
build	Build with Gradle	2026-06-06T12:25:04.5498382Z 139-->/home/runner/work/ShizukuPlus/ShizukuPlus/manager/src/main/AndroidManifest.xml:133:13-51
build	Build with Gradle	2026-06-06T12:25:04.5498565Z 140            android:exported="false"
build	Build with Gradle	2026-06-06T12:25:04.5498947Z 140-->/home/runner/work/ShizukuPlus/ShizukuPlus/manager/src/main/AndroidManifest.xml:135:13-37
build	Build with Gradle	2026-06-06T12:25:04.5499182Z 141            android:theme="@style/Theme.App.DialogHost" />
build	Build with Gradle	2026-06-06T12:25:04.5499462Z 141-->/home/runner/work/ShizukuPlus/ShizukuPlus/manager/src/main/AndroidManifest.xml:134:13-56
build	Build with Gradle	2026-06-06T12:25:04.5499574Z 142        <activity
build	Build with Gradle	2026-06-06T12:25:04.5499858Z 142-->/home/runner/work/ShizukuPlus/ShizukuPlus/manager/src/main/AndroidManifest.xml:137:9-140:65
build	Build with Gradle	2026-06-06T12:25:04.5500130Z 143            android:name="af.shizuku.manager.management.ApplicationManagementActivity"
build	Build with Gradle	2026-06-06T12:25:04.5500412Z 143-->/home/runner/work/ShizukuPlus/ShizukuPlus/manager/src/main/AndroidManifest.xml:138:13-69
build	Build with Gradle	2026-06-06T12:25:04.5500537Z 144            android:exported="false"
build	Build with Gradle	2026-06-06T12:25:04.5500825Z 144-->/home/runner/work/ShizukuPlus/ShizukuPlus/manager/src/main/AndroidManifest.xml:139:13-37
build	Build with Gradle	2026-06-06T12:25:04.5501008Z 145            android:label="@string/home_app_management_title" />
build	Build with Gradle	2026-06-06T12:25:04.5501282Z 145-->/home/runner/work/ShizukuPlus/ShizukuPlus/manager/src/main/AndroidManifest.xml:140:13-62
build	Build with Gradle	2026-06-06T12:25:04.5501447Z 146
build	Build with Gradle	2026-06-06T12:25:04.5501566Z 147        <activity-alias
build	Build with Gradle	2026-06-06T12:25:04.5501851Z 147-->/home/runner/work/ShizukuPlus/ShizukuPlus/manager/src/main/AndroidManifest.xml:111:9-114:39
build	Build with Gradle	2026-06-06T12:25:04.5502098Z 148            android:name="moe.shizuku.manager.ApplicationManagementActivity"
build	Build with Gradle	2026-06-06T12:25:04.5502372Z 148-->/home/runner/work/ShizukuPlus/ShizukuPlus/manager/src/main/AndroidManifest.xml:112:13-77
build	Build with Gradle	2026-06-06T12:25:04.5502530Z 149            android:exported="true"
build	Build with Gradle	2026-06-06T12:25:04.5502807Z 149-->/home/runner/work/ShizukuPlus/ShizukuPlus/manager/src/main/AndroidManifest.xml:114:13-36
build	Build with Gradle	2026-06-06T12:25:04.5503152Z 150            android:targetActivity="af.shizuku.manager.management.ApplicationManagementActivity" />
build	Build with Gradle	2026-06-06T12:25:04.5503437Z 150-->/home/runner/work/ShizukuPlus/ShizukuPlus/manager/src/main/AndroidManifest.xml:113:13-79
build	Build with Gradle	2026-06-06T12:25:04.5503550Z 151        <activity-alias
build	Build with Gradle	2026-06-06T12:25:04.5503834Z 151-->/home/runner/work/ShizukuPlus/ShizukuPlus/manager/src/main/AndroidManifest.xml:107:9-110:39
build	Build with Gradle	2026-06-06T12:25:04.5504096Z 152            android:name="af.shizuku.manager.ApplicationManagementActivity"
build	Build with Gradle	2026-06-06T12:25:04.5504371Z 152-->/home/runner/work/ShizukuPlus/ShizukuPlus/manager/src/main/AndroidManifest.xml:108:13-76
build	Build with Gradle	2026-06-06T12:25:04.5504488Z 153            android:exported="true"
build	Build with Gradle	2026-06-06T12:25:04.5504764Z 153-->/home/runner/work/ShizukuPlus/ShizukuPlus/manager/src/main/AndroidManifest.xml:110:13-36
build	Build with Gradle	2026-06-06T12:25:04.5505079Z 154            android:targetActivity="af.shizuku.manager.management.ApplicationManagementActivity" />
build	Build with Gradle	2026-06-06T12:25:04.5505352Z 154-->/home/runner/work/ShizukuPlus/ShizukuPlus/manager/src/main/AndroidManifest.xml:109:13-79
build	Build with Gradle	2026-06-06T12:25:04.5505459Z 155
build	Build with Gradle	2026-06-06T12:25:04.5505560Z 156        <activity
build	Build with Gradle	2026-06-06T12:25:04.5505845Z 156-->/home/runner/work/ShizukuPlus/ShizukuPlus/manager/src/main/AndroidManifest.xml:142:9-145:55
build	Build with Gradle	2026-06-06T12:25:04.5506088Z 157            android:name="af.shizuku.manager.settings.RootCompatibilityActivity"
build	Build with Gradle	2026-06-06T12:25:04.5506362Z 157-->/home/runner/work/ShizukuPlus/ShizukuPlus/manager/src/main/AndroidManifest.xml:143:13-63
build	Build with Gradle	2026-06-06T12:25:04.5506490Z 158            android:exported="false"
build	Build with Gradle	2026-06-06T12:25:04.5506764Z 158-->/home/runner/work/ShizukuPlus/ShizukuPlus/manager/src/main/AndroidManifest.xml:144:13-37
build	Build with Gradle	2026-06-06T12:25:04.5506916Z 159            android:label="@string/su_bridge_title" />
build	Build with Gradle	2026-06-06T12:25:04.5507189Z 159-->/home/runner/work/ShizukuPlus/ShizukuPlus/manager/src/main/AndroidManifest.xml:145:13-52
build	Build with Gradle	2026-06-06T12:25:04.5507293Z 160        <activity
build	Build with Gradle	2026-06-06T12:25:04.5507694Z 160-->/home/runner/work/ShizukuPlus/ShizukuPlus/manager/src/main/AndroidManifest.xml:146:9-149:65
build	Build with Gradle	2026-06-06T12:25:04.5507929Z 161            android:name="af.shizuku.manager.settings.ServiceDoctorActivity"
build	Build with Gradle	2026-06-06T12:25:04.5508205Z 161-->/home/runner/work/ShizukuPlus/ShizukuPlus/manager/src/main/AndroidManifest.xml:147:13-59
build	Build with Gradle	2026-06-06T12:25:04.5508328Z 162            android:exported="false"
build	Build with Gradle	2026-06-06T12:25:04.5508604Z 162-->/home/runner/work/ShizukuPlus/ShizukuPlus/manager/src/main/AndroidManifest.xml:148:13-37
build	Build with Gradle	2026-06-06T12:25:04.5508793Z 163            android:label="@string/home_service_doctor_title" />
build	Build with Gradle	2026-06-06T12:25:04.5509072Z 163-->/home/runner/work/ShizukuPlus/ShizukuPlus/manager/src/main/AndroidManifest.xml:149:13-62
build	Build with Gradle	2026-06-06T12:25:04.5509178Z 164        <activity
build	Build with Gradle	2026-06-06T12:25:04.5509467Z 164-->/home/runner/work/ShizukuPlus/ShizukuPlus/manager/src/main/AndroidManifest.xml:150:9-153:59
build	Build with Gradle	2026-06-06T12:25:04.5509691Z 165            android:name="af.shizuku.manager.shell.ShellTutorialActivity"
build	Build with Gradle	2026-06-06T12:25:04.5509976Z 165-->/home/runner/work/ShizukuPlus/ShizukuPlus/manager/src/main/AndroidManifest.xml:151:13-56
build	Build with Gradle	2026-06-06T12:25:04.5510093Z 166            android:exported="false"
build	Build with Gradle	2026-06-06T12:25:04.5510372Z 166-->/home/runner/work/ShizukuPlus/ShizukuPlus/manager/src/main/AndroidManifest.xml:152:13-37
build	Build with Gradle	2026-06-06T12:25:04.5510540Z 167            android:label="@string/home_terminal_title" />
build	Build with Gradle	2026-06-06T12:25:04.5510879Z 167-->/home/runner/work/ShizukuPlus/ShizukuPlus/manager/src/main/AndroidManifest.xml:153:13-56
build	Build with Gradle	2026-06-06T12:25:04.5510984Z 168        <activity
build	Build with Gradle	2026-06-06T12:25:04.5511278Z 168-->/home/runner/work/ShizukuPlus/ShizukuPlus/manager/src/main/AndroidManifest.xml:154:9-162:20
build	Build with Gradle	2026-06-06T12:25:04.5511486Z 169            android:name="af.shizuku.manager.starter.StarterActivity"
build	Build with Gradle	2026-06-06T12:25:04.5511795Z 169-->/home/runner/work/ShizukuPlus/ShizukuPlus/manager/src/main/AndroidManifest.xml:155:13-52
build	Build with Gradle	2026-06-06T12:25:04.5511946Z 170            android:exported="true"
build	Build with Gradle	2026-06-06T12:25:04.5512221Z 170-->/home/runner/work/ShizukuPlus/ShizukuPlus/manager/src/main/AndroidManifest.xml:156:13-36
build	Build with Gradle	2026-06-06T12:25:04.5512370Z 171            android:label="@string/starter" >
build	Build with Gradle	2026-06-06T12:25:04.5512648Z 171-->/home/runner/work/ShizukuPlus/ShizukuPlus/manager/src/main/AndroidManifest.xml:157:13-44
build	Build with Gradle	2026-06-06T12:25:04.5512764Z 172            <intent-filter>
build	Build with Gradle	2026-06-06T12:25:04.5513057Z 172-->/home/runner/work/ShizukuPlus/ShizukuPlus/manager/src/main/AndroidManifest.xml:158:13-161:29
build	Build with Gradle	2026-06-06T12:25:04.5513311Z 173                <action android:name="af.shizuku.manager.action.START_SERVICE" />
build	Build with Gradle	2026-06-06T12:25:04.5513594Z 173-->/home/runner/work/ShizukuPlus/ShizukuPlus/manager/src/main/AndroidManifest.xml:159:17-82
build	Build with Gradle	2026-06-06T12:25:04.5513866Z 173-->/home/runner/work/ShizukuPlus/ShizukuPlus/manager/src/main/AndroidManifest.xml:159:25-79
build	Build with Gradle	2026-06-06T12:25:04.5513966Z 174
build	Build with Gradle	2026-06-06T12:25:04.5514172Z 175                <category android:name="android.intent.category.DEFAULT" />
build	Build with Gradle	2026-06-06T12:25:04.5514454Z 175-->/home/runner/work/ShizukuPlus/ShizukuPlus/manager/src/main/AndroidManifest.xml:124:17-76
build	Build with Gradle	2026-06-06T12:25:04.5514732Z 175-->/home/runner/work/ShizukuPlus/ShizukuPlus/manager/src/main/AndroidManifest.xml:124:27-73
build	Build with Gradle	2026-06-06T12:25:04.5514848Z 176            </intent-filter>
build	Build with Gradle	2026-06-06T12:25:04.5514952Z 177        </activity>
build	Build with Gradle	2026-06-06T12:25:04.5515056Z 178        <activity
build	Build with Gradle	2026-06-06T12:25:04.5515341Z 178-->/home/runner/work/ShizukuPlus/ShizukuPlus/manager/src/main/AndroidManifest.xml:163:9-169:40
build	Build with Gradle	2026-06-06T12:25:04.5515591Z 179            android:name="af.shizuku.manager.settings.BugReportDialogActivity"
build	Build with Gradle	2026-06-06T12:25:04.5515862Z 179-->/home/runner/work/ShizukuPlus/ShizukuPlus/manager/src/main/AndroidManifest.xml:164:13-61
build	Build with Gradle	2026-06-06T12:25:04.5516001Z 180            android:excludeFromRecents="true"
build	Build with Gradle	2026-06-06T12:25:04.5516274Z 180-->/home/runner/work/ShizukuPlus/ShizukuPlus/manager/src/main/AndroidManifest.xml:167:13-46
build	Build with Gradle	2026-06-06T12:25:04.5516393Z 181            android:exported="false"
build	Build with Gradle	2026-06-06T12:25:04.5516669Z 181-->/home/runner/work/ShizukuPlus/ShizukuPlus/manager/src/main/AndroidManifest.xml:169:13-37
build	Build with Gradle	2026-06-06T12:25:04.5516809Z 182            android:launchMode="singleTask"
build	Build with Gradle	2026-06-06T12:25:04.5517082Z 182-->/home/runner/work/ShizukuPlus/ShizukuPlus/manager/src/main/AndroidManifest.xml:168:13-44
build	Build with Gradle	2026-06-06T12:25:04.5517200Z 183            android:taskAffinity=""
build	Build with Gradle	2026-06-06T12:25:04.5517549Z 183-->/home/runner/work/ShizukuPlus/ShizukuPlus/manager/src/main/AndroidManifest.xml:166:13-36
build	Build with Gradle	2026-06-06T12:25:04.5517733Z 184            android:theme="@style/Theme.App.DialogHost" />
build	Build with Gradle	2026-06-06T12:25:04.5518006Z 184-->/home/runner/work/ShizukuPlus/ShizukuPlus/manager/src/main/AndroidManifest.xml:165:13-56
build	Build with Gradle	2026-06-06T12:25:04.5518113Z 185        <activity
build	Build with Gradle	2026-06-06T12:25:04.5518403Z 185-->/home/runner/work/ShizukuPlus/ShizukuPlus/manager/src/main/AndroidManifest.xml:171:9-184:20
build	Build with Gradle	2026-06-06T12:25:04.5518669Z 186            android:name="af.shizuku.manager.authorization.RequestPermissionActivity"
build	Build with Gradle	2026-06-06T12:25:04.5518956Z 186-->/home/runner/work/ShizukuPlus/ShizukuPlus/manager/src/main/AndroidManifest.xml:172:13-68
build	Build with Gradle	2026-06-06T12:25:04.5519095Z 187            android:directBootAware="true"
build	Build with Gradle	2026-06-06T12:25:04.5519377Z 187-->/home/runner/work/ShizukuPlus/ShizukuPlus/manager/src/main/AndroidManifest.xml:173:13-43
build	Build with Gradle	2026-06-06T12:25:04.5519525Z 188            android:excludeFromRecents="true"
build	Build with Gradle	2026-06-06T12:25:04.5519841Z 188-->/home/runner/work/ShizukuPlus/ShizukuPlus/manager/src/main/AndroidManifest.xml:174:13-46
build	Build with Gradle	2026-06-06T12:25:04.5519978Z 189            android:exported="true"
build	Build with Gradle	2026-06-06T12:25:04.5520252Z 189-->/home/runner/work/ShizukuPlus/ShizukuPlus/manager/src/main/AndroidManifest.xml:175:13-36
build	Build with Gradle	2026-06-06T12:25:04.5520484Z 190            android:permission="android.permission.INTERACT_ACROSS_USERS_FULL"
build	Build with Gradle	2026-06-06T12:25:04.5520792Z 190-->/home/runner/work/ShizukuPlus/ShizukuPlus/manager/src/main/AndroidManifest.xml:176:13-79
build	Build with Gradle	2026-06-06T12:25:04.5520983Z 191            android:theme="@style/GrantPermissions" >
build	Build with Gradle	2026-06-06T12:25:04.5521270Z 191-->/home/runner/work/ShizukuPlus/ShizukuPlus/manager/src/main/AndroidManifest.xml:177:13-52
build	Build with Gradle	2026-06-06T12:25:04.5521389Z 192            <intent-filter>
build	Build with Gradle	2026-06-06T12:25:04.5521678Z 192-->/home/runner/work/ShizukuPlus/ShizukuPlus/manager/src/main/AndroidManifest.xml:178:13-183:29
build	Build with Gradle	2026-06-06T12:25:04.5521942Z 193                <action android:name="af.shizuku.plus.api.intent.action.REQUEST_PERMISSION" />
build	Build with Gradle	2026-06-06T12:25:04.5522276Z 193-->/home/runner/work/ShizukuPlus/ShizukuPlus/manager/src/main/AndroidManifest.xml:179:25-89
build	Build with Gradle	2026-06-06T12:25:04.5522548Z 194                <action android:name="moe.shizuku.manager.intent.action.REQUEST_PERMISSION" />
build	Build with Gradle	2026-06-06T12:25:04.5522825Z 194-->/home/runner/work/ShizukuPlus/ShizukuPlus/manager/src/main/AndroidManifest.xml:180:17-95
build	Build with Gradle	2026-06-06T12:25:04.5523103Z 194-->/home/runner/work/ShizukuPlus/ShizukuPlus/manager/src/main/AndroidManifest.xml:180:25-92
build	Build with Gradle	2026-06-06T12:25:04.5523204Z 195
build	Build with Gradle	2026-06-06T12:25:04.5523415Z 196                <category android:name="android.intent.category.DEFAULT" />
build	Build with Gradle	2026-06-06T12:25:04.5523697Z 196-->/home/runner/work/ShizukuPlus/ShizukuPlus/manager/src/main/AndroidManifest.xml:124:17-76
build	Build with Gradle	2026-06-06T12:25:04.5523974Z 196-->/home/runner/work/ShizukuPlus/ShizukuPlus/manager/src/main/AndroidManifest.xml:124:27-73
build	Build with Gradle	2026-06-06T12:25:04.5524089Z 197            </intent-filter>
build	Build with Gradle	2026-06-06T12:25:04.5524203Z 198        </activity>
build	Build with Gradle	2026-06-06T12:25:04.5524309Z 199        <activity
build	Build with Gradle	2026-06-06T12:25:04.5524607Z 199-->/home/runner/work/ShizukuPlus/ShizukuPlus/manager/src/main/AndroidManifest.xml:185:9-196:20
build	Build with Gradle	2026-06-06T12:25:04.5524865Z 200            android:name="af.shizuku.manager.legacy.ShellRequestHandlerActivity"
build	Build with Gradle	2026-06-06T12:25:04.5525146Z 200-->/home/runner/work/ShizukuPlus/ShizukuPlus/manager/src/main/AndroidManifest.xml:186:13-63
build	Build with Gradle	2026-06-06T12:25:04.5525281Z 201            android:directBootAware="true"
build	Build with Gradle	2026-06-06T12:25:04.5525556Z 201-->/home/runner/work/ShizukuPlus/ShizukuPlus/manager/src/main/AndroidManifest.xml:187:13-43
build	Build with Gradle	2026-06-06T12:25:04.5525706Z 202            android:excludeFromRecents="true"
build	Build with Gradle	2026-06-06T12:25:04.5525984Z 202-->/home/runner/work/ShizukuPlus/ShizukuPlus/manager/src/main/AndroidManifest.xml:188:13-46
build	Build with Gradle	2026-06-06T12:25:04.5526100Z 203            android:exported="true"
build	Build with Gradle	2026-06-06T12:25:04.5526373Z 203-->/home/runner/work/ShizukuPlus/ShizukuPlus/manager/src/main/AndroidManifest.xml:189:13-36
build	Build with Gradle	2026-06-06T12:25:04.5526533Z 204            android:theme="@style/GrantPermissions" >
build	Build with Gradle	2026-06-06T12:25:04.5526813Z 204-->/home/runner/work/ShizukuPlus/ShizukuPlus/manager/src/main/AndroidManifest.xml:190:13-52
build	Build with Gradle	2026-06-06T12:25:04.5526966Z 205            <intent-filter android:priority="1000" >
build	Build with Gradle	2026-06-06T12:25:04.5527256Z 205-->/home/runner/work/ShizukuPlus/ShizukuPlus/manager/src/main/AndroidManifest.xml:191:13-195:29
build	Build with Gradle	2026-06-06T12:25:04.5527659Z 205-->/home/runner/work/ShizukuPlus/ShizukuPlus/manager/src/main/AndroidManifest.xml:191:28-51
build	Build with Gradle	2026-06-06T12:25:04.5527895Z 206                <action android:name="rikka.shizuku.intent.action.REQUEST_BINDER" />
build	Build with Gradle	2026-06-06T12:25:04.5528183Z 206-->/home/runner/work/ShizukuPlus/ShizukuPlus/manager/src/main/AndroidManifest.xml:192:17-85
build	Build with Gradle	2026-06-06T12:25:04.5528462Z 206-->/home/runner/work/ShizukuPlus/ShizukuPlus/manager/src/main/AndroidManifest.xml:192:25-82
build	Build with Gradle	2026-06-06T12:25:04.5528559Z 207
build	Build with Gradle	2026-06-06T12:25:04.5528848Z 208                <category android:name="android.intent.category.DEFAULT" />
build	Build with Gradle	2026-06-06T12:25:04.5529123Z 208-->/home/runner/work/ShizukuPlus/ShizukuPlus/manager/src/main/AndroidManifest.xml:124:17-76
build	Build with Gradle	2026-06-06T12:25:04.5529401Z 208-->/home/runner/work/ShizukuPlus/ShizukuPlus/manager/src/main/AndroidManifest.xml:124:27-73
build	Build with Gradle	2026-06-06T12:25:04.5529511Z 209            </intent-filter>
build	Build with Gradle	2026-06-06T12:25:04.5529615Z 210        </activity>
build	Build with Gradle	2026-06-06T12:25:04.5529745Z 211        <activity
build	Build with Gradle	2026-06-06T12:25:04.5530031Z 211-->/home/runner/work/ShizukuPlus/ShizukuPlus/manager/src/main/AndroidManifest.xml:197:9-208:20
build	Build with Gradle	2026-06-06T12:25:04.5530315Z 212            android:name="af.shizuku.manager.legacy.LegacyIsNotSupportedActivity"
build	Build with Gradle	2026-06-06T12:25:04.5530594Z 212-->/home/runner/work/ShizukuPlus/ShizukuPlus/manager/src/main/AndroidManifest.xml:198:13-64
build	Build with Gradle	2026-06-06T12:25:04.5530735Z 213            android:excludeFromRecents="true"
build	Build with Gradle	2026-06-06T12:25:04.5531015Z 213-->/home/runner/work/ShizukuPlus/ShizukuPlus/manager/src/main/AndroidManifest.xml:199:13-46
build	Build with Gradle	2026-06-06T12:25:04.5531180Z 214            android:exported="true"
build	Build with Gradle	2026-06-06T12:25:04.5531467Z 214-->/home/runner/work/ShizukuPlus/ShizukuPlus/manager/src/main/AndroidManifest.xml:200:13-36
build	Build with Gradle	2026-06-06T12:25:04.5531669Z 215            android:permission="af.shizuku.plus.permission.API_V23"
build	Build with Gradle	2026-06-06T12:25:04.5531943Z 215-->/home/runner/work/ShizukuPlus/ShizukuPlus/manager/src/main/AndroidManifest.xml:201:13-68
build	Build with Gradle	2026-06-06T12:25:04.5532102Z 216            android:theme="@style/GrantPermissions" >
build	Build with Gradle	2026-06-06T12:25:04.5532379Z 216-->/home/runner/work/ShizukuPlus/ShizukuPlus/manager/src/main/AndroidManifest.xml:202:13-52
build	Build with Gradle	2026-06-06T12:25:04.5532505Z 217            <intent-filter>
build	Build with Gradle	2026-06-06T12:25:04.5532794Z 217-->/home/runner/work/ShizukuPlus/ShizukuPlus/manager/src/main/AndroidManifest.xml:203:13-207:29
build	Build with Gradle	2026-06-06T12:25:04.5533067Z 218                <action android:name="af.shizuku.plus.api.intent.action.REQUEST_AUTHORIZATION" />
build	Build with Gradle	2026-06-06T12:25:04.5533342Z 218-->/home/runner/work/ShizukuPlus/ShizukuPlus/manager/src/main/AndroidManifest.xml:204:25-92
build	Build with Gradle	2026-06-06T12:25:04.5533444Z 219
build	Build with Gradle	2026-06-06T12:25:04.5533659Z 220                <category android:name="android.intent.category.DEFAULT" />
build	Build with Gradle	2026-06-06T12:25:04.5533931Z 220-->/home/runner/work/ShizukuPlus/ShizukuPlus/manager/src/main/AndroidManifest.xml:124:17-76
build	Build with Gradle	2026-06-06T12:25:04.5534207Z 220-->/home/runner/work/ShizukuPlus/ShizukuPlus/manager/src/main/AndroidManifest.xml:124:27-73
build	Build with Gradle	2026-06-06T12:25:04.5534321Z 221            </intent-filter>
build	Build with Gradle	2026-06-06T12:25:04.5534430Z 222        </activity>
build	Build with Gradle	2026-06-06T12:25:04.5534536Z 223
build	Build with Gradle	2026-06-06T12:25:04.5534869Z 224        <!-- WorkManager's SystemForegroundService needs a declared foreground service type on Android 14+ -->
build	Build with Gradle	2026-06-06T12:25:04.5534979Z 225        <service
build	Build with Gradle	2026-06-06T12:25:04.5535268Z 225-->/home/runner/work/ShizukuPlus/ShizukuPlus/manager/src/main/AndroidManifest.xml:211:9-214:34
build	Build with Gradle	2026-06-06T12:25:04.5535516Z 226            android:name="androidx.work.impl.foreground.SystemForegroundService"
build	Build with Gradle	2026-06-06T12:25:04.5535804Z 226-->/home/runner/work/ShizukuPlus/ShizukuPlus/manager/src/main/AndroidManifest.xml:212:13-81
build	Build with Gradle	2026-06-06T12:25:04.5535941Z 227            android:directBootAware="false"
build	Build with Gradle	2026-06-06T12:25:04.5536481Z 227-->[androidx.work:work-runtime:2.10.4] /home/runner/.gradle/caches/8.14/transforms/ff46523a05730a3410b3d43ab7271bd0/transformed/work-runtime-2.10.4/AndroidManifest.xml:55:13-44
build	Build with Gradle	2026-06-06T12:25:04.5536699Z 228            android:enabled="@bool/enable_system_foreground_service_default"
build	Build with Gradle	2026-06-06T12:25:04.5537238Z 228-->[androidx.work:work-runtime:2.10.4] /home/runner/.gradle/caches/8.14/transforms/ff46523a05730a3410b3d43ab7271bd0/transformed/work-runtime-2.10.4/AndroidManifest.xml:56:13-77
build	Build with Gradle	2026-06-06T12:25:04.5537442Z 229            android:exported="false"
build	Build with Gradle	2026-06-06T12:25:04.5537971Z 229-->[androidx.work:work-runtime:2.10.4] /home/runner/.gradle/caches/8.14/transforms/ff46523a05730a3410b3d43ab7271bd0/transformed/work-runtime-2.10.4/AndroidManifest.xml:57:13-37
build	Build with Gradle	2026-06-06T12:25:04.5538195Z 230            android:foregroundServiceType="shortService" />
build	Build with Gradle	2026-06-06T12:25:04.5538486Z 230-->/home/runner/work/ShizukuPlus/ShizukuPlus/manager/src/main/AndroidManifest.xml:213:13-57
build	Build with Gradle	2026-06-06T12:25:04.5538612Z 231        <service
build	Build with Gradle	2026-06-06T12:25:04.5538907Z 231-->/home/runner/work/ShizukuPlus/ShizukuPlus/manager/src/main/AndroidManifest.xml:216:9-228:19
build	Build with Gradle	2026-06-06T12:25:04.5539120Z 232            android:name="af.shizuku.manager.service.WatchdogService"
build	Build with Gradle	2026-06-06T12:25:04.5539434Z 232-->/home/runner/work/ShizukuPlus/ShizukuPlus/manager/src/main/AndroidManifest.xml:217:13-52
build	Build with Gradle	2026-06-06T12:25:04.5539585Z 233            android:exported="false"
build	Build with Gradle	2026-06-06T12:25:04.5539872Z 233-->/home/runner/work/ShizukuPlus/ShizukuPlus/manager/src/main/AndroidManifest.xml:218:13-37
build	Build with Gradle	2026-06-06T12:25:04.5540042Z 234            android:foregroundServiceType="specialUse" >
build	Build with Gradle	2026-06-06T12:25:04.5540318Z 234-->/home/runner/work/ShizukuPlus/ShizukuPlus/manager/src/main/AndroidManifest.xml:219:13-55
build	Build with Gradle	2026-06-06T12:25:04.5540436Z 235            <property
build	Build with Gradle	2026-06-06T12:25:04.5540757Z 235-->/home/runner/work/ShizukuPlus/ShizukuPlus/manager/src/main/AndroidManifest.xml:220:13-227:146
build	Build with Gradle	2026-06-06T12:25:04.5540972Z 236                android:name="android.app.PROPERTY_SPECIAL_USE_FGS_SUBTYPE"
build	Build with Gradle	2026-06-06T12:25:04.5541244Z 236-->/home/runner/work/ShizukuPlus/ShizukuPlus/manager/src/main/AndroidManifest.xml:221:17-76
build	Build with Gradle	2026-06-06T12:25:04.5543189Z 237                android:value="Many apps rely on this app&apos;s API service for core functionality.                     The API service can stop unexpectedly for various reasons (e.g., when connecting to Android Auto over USB).                     This prevents the other apps from functioning properly.                     The watchdog service would ensure the API is always available for the apps to use.                     The watchdog service uses minimal resources and battery. There is no constant polling; it only reacts when the API service stops unexpectedly.                     The watchdog service is opt-in and toggleable via settings, so users can choose to disable it at any time if not desired." />
build	Build with Gradle	2026-06-06T12:25:04.5543488Z 237-->/home/runner/work/ShizukuPlus/ShizukuPlus/manager/src/main/AndroidManifest.xml:222:17-709
build	Build with Gradle	2026-06-06T12:25:04.5543594Z 238        </service>
build	Build with Gradle	2026-06-06T12:25:04.5543689Z 239
build	Build with Gradle	2026-06-06T12:25:04.5543794Z 240        <receiver
build	Build with Gradle	2026-06-06T12:25:04.5544081Z 240-->/home/runner/work/ShizukuPlus/ShizukuPlus/manager/src/main/AndroidManifest.xml:230:9-241:20
build	Build with Gradle	2026-06-06T12:25:04.5544313Z 241            android:name="af.shizuku.manager.widget.ShizukuWidgetProvider"
build	Build with Gradle	2026-06-06T12:25:04.5544596Z 241-->/home/runner/work/ShizukuPlus/ShizukuPlus/manager/src/main/AndroidManifest.xml:231:13-57
build	Build with Gradle	2026-06-06T12:25:04.5544718Z 242            android:exported="true"
build	Build with Gradle	2026-06-06T12:25:04.5544989Z 242-->/home/runner/work/ShizukuPlus/ShizukuPlus/manager/src/main/AndroidManifest.xml:232:13-36
build	Build with Gradle	2026-06-06T12:25:04.5545130Z 243            android:label="@string/app_name" >
build	Build with Gradle	2026-06-06T12:25:04.5545405Z 243-->/home/runner/work/ShizukuPlus/ShizukuPlus/manager/src/main/AndroidManifest.xml:233:13-45
build	Build with Gradle	2026-06-06T12:25:04.5545528Z 244            <intent-filter>
build	Build with Gradle	2026-06-06T12:25:04.5545816Z 244-->/home/runner/work/ShizukuPlus/ShizukuPlus/manager/src/main/AndroidManifest.xml:234:13-237:29
build	Build with Gradle	2026-06-06T12:25:04.5546053Z 245                <action android:name="android.appwidget.action.APPWIDGET_UPDATE" />
build	Build with Gradle	2026-06-06T12:25:04.5546334Z 245-->/home/runner/work/ShizukuPlus/ShizukuPlus/manager/src/main/AndroidManifest.xml:235:17-84
build	Build with Gradle	2026-06-06T12:25:04.5546609Z 245-->/home/runner/work/ShizukuPlus/ShizukuPlus/manager/src/main/AndroidManifest.xml:235:25-81
build	Build with Gradle	2026-06-06T12:25:04.5546841Z 246                <action android:name="af.shizuku.manager.action.STATE_CHANGED" />
build	Build with Gradle	2026-06-06T12:25:04.5547119Z 246-->/home/runner/work/ShizukuPlus/ShizukuPlus/manager/src/main/AndroidManifest.xml:236:17-82
build	Build with Gradle	2026-06-06T12:25:04.5547481Z 246-->/home/runner/work/ShizukuPlus/ShizukuPlus/manager/src/main/AndroidManifest.xml:236:25-79
build	Build with Gradle	2026-06-06T12:25:04.5547645Z 247            </intent-filter>
build	Build with Gradle	2026-06-06T12:25:04.5547756Z 248
build	Build with Gradle	2026-06-06T12:25:04.5547871Z 249            <meta-data
build	Build with Gradle	2026-06-06T12:25:04.5548166Z 249-->/home/runner/work/ShizukuPlus/ShizukuPlus/manager/src/main/AndroidManifest.xml:238:13-240:55
build	Build with Gradle	2026-06-06T12:25:04.5548341Z 250                android:name="android.appwidget.provider"
build	Build with Gradle	2026-06-06T12:25:04.5548622Z 250-->/home/runner/work/ShizukuPlus/ShizukuPlus/manager/src/main/AndroidManifest.xml:239:17-58
build	Build with Gradle	2026-06-06T12:25:04.5548809Z 251                android:resource="@xml/widget_info" />
build	Build with Gradle	2026-06-06T12:25:04.5549130Z 251-->/home/runner/work/ShizukuPlus/ShizukuPlus/manager/src/main/AndroidManifest.xml:240:17-52
build	Build with Gradle	2026-06-06T12:25:04.5549236Z 252        </receiver>
build	Build with Gradle	2026-06-06T12:25:04.5549334Z 253
build	Build with Gradle	2026-06-06T12:25:04.5549439Z 254        <service
build	Build with Gradle	2026-06-06T12:25:04.5549732Z 254-->/home/runner/work/ShizukuPlus/ShizukuPlus/manager/src/main/AndroidManifest.xml:243:9-255:19
build	Build with Gradle	2026-06-06T12:25:04.5549960Z 255            android:name="af.shizuku.manager.service.ShizukuTileService"
build	Build with Gradle	2026-06-06T12:25:04.5550267Z 255-->/home/runner/work/ShizukuPlus/ShizukuPlus/manager/src/main/AndroidManifest.xml:244:13-55
build	Build with Gradle	2026-06-06T12:25:04.5550389Z 256            android:exported="true"
build	Build with Gradle	2026-06-06T12:25:04.5550667Z 256-->/home/runner/work/ShizukuPlus/ShizukuPlus/manager/src/main/AndroidManifest.xml:245:13-36
build	Build with Gradle	2026-06-06T12:25:04.5550821Z 257            android:icon="@drawable/ic_server_ok_24"
build	Build with Gradle	2026-06-06T12:25:04.5551108Z 257-->/home/runner/work/ShizukuPlus/ShizukuPlus/manager/src/main/AndroidManifest.xml:246:13-53
build	Build with Gradle	2026-06-06T12:25:04.5551251Z 258            android:label="@string/app_name"
build	Build with Gradle	2026-06-06T12:25:04.5551530Z 258-->/home/runner/work/ShizukuPlus/ShizukuPlus/manager/src/main/AndroidManifest.xml:247:13-45
build	Build with Gradle	2026-06-06T12:25:04.5551759Z 259            android:permission="android.permission.BIND_QUICK_SETTINGS_TILE" >
build	Build with Gradle	2026-06-06T12:25:04.5552035Z 259-->/home/runner/work/ShizukuPlus/ShizukuPlus/manager/src/main/AndroidManifest.xml:248:13-77
build	Build with Gradle	2026-06-06T12:25:04.5552162Z 260            <intent-filter>
build	Build with Gradle	2026-06-06T12:25:04.5552457Z 260-->/home/runner/work/ShizukuPlus/ShizukuPlus/manager/src/main/AndroidManifest.xml:249:13-251:29
build	Build with Gradle	2026-06-06T12:25:04.5552702Z 261                <action android:name="android.service.quicksettings.action.QS_TILE" />
build	Build with Gradle	2026-06-06T12:25:04.5552979Z 261-->/home/runner/work/ShizukuPlus/ShizukuPlus/manager/src/main/AndroidManifest.xml:250:17-87
build	Build with Gradle	2026-06-06T12:25:04.5553253Z 261-->/home/runner/work/ShizukuPlus/ShizukuPlus/manager/src/main/AndroidManifest.xml:250:25-84
build	Build with Gradle	2026-06-06T12:25:04.5553373Z 262            </intent-filter>
build	Build with Gradle	2026-06-06T12:25:04.5553471Z 263
build	Build with Gradle	2026-06-06T12:25:04.5553584Z 264            <meta-data
build	Build with Gradle	2026-06-06T12:25:04.5553873Z 264-->/home/runner/work/ShizukuPlus/ShizukuPlus/manager/src/main/AndroidManifest.xml:252:13-254:40
build	Build with Gradle	2026-06-06T12:25:04.5554076Z 265                android:name="android.service.quicksettings.ACTIVE_TILE"
build	Build with Gradle	2026-06-06T12:25:04.5554364Z 265-->/home/runner/work/ShizukuPlus/ShizukuPlus/manager/src/main/AndroidManifest.xml:253:17-73
build	Build with Gradle	2026-06-06T12:25:04.5554492Z 266                android:value="true" />
build	Build with Gradle	2026-06-06T12:25:04.5554766Z 266-->/home/runner/work/ShizukuPlus/ShizukuPlus/manager/src/main/AndroidManifest.xml:254:17-37
build	Build with Gradle	2026-06-06T12:25:04.5554873Z 267        </service>
build	Build with Gradle	2026-06-06T12:25:04.5554974Z 268        <service
build	Build with Gradle	2026-06-06T12:25:04.5555268Z 268-->/home/runner/work/ShizukuPlus/ShizukuPlus/manager/src/main/AndroidManifest.xml:257:9-259:40
build	Build with Gradle	2026-06-06T12:25:04.5555478Z 269            android:name="af.shizuku.manager.service.AdbProxyService"
build	Build with Gradle	2026-06-06T12:25:04.5555757Z 269-->/home/runner/work/ShizukuPlus/ShizukuPlus/manager/src/main/AndroidManifest.xml:258:13-52
build	Build with Gradle	2026-06-06T12:25:04.5555888Z 270            android:exported="false" />
build	Build with Gradle	2026-06-06T12:25:04.5556164Z 270-->/home/runner/work/ShizukuPlus/ShizukuPlus/manager/src/main/AndroidManifest.xml:259:13-37
build	Build with Gradle	2026-06-06T12:25:04.5556273Z 271        <service
build	Build with Gradle	2026-06-06T12:25:04.5556559Z 271-->/home/runner/work/ShizukuPlus/ShizukuPlus/manager/src/main/AndroidManifest.xml:261:9-265:58
build	Build with Gradle	2026-06-06T12:25:04.5556800Z 272            android:name="af.shizuku.manager.service.ShizukuLiveService"
build	Build with Gradle	2026-06-06T12:25:04.5557074Z 272-->/home/runner/work/ShizukuPlus/ShizukuPlus/manager/src/main/AndroidManifest.xml:262:13-55
build	Build with Gradle	2026-06-06T12:25:04.5557197Z 273            android:enabled="true"
build	Build with Gradle	2026-06-06T12:25:04.5557550Z 273-->/home/runner/work/ShizukuPlus/ShizukuPlus/manager/src/main/AndroidManifest.xml:263:13-35
build	Build with Gradle	2026-06-06T12:25:04.5557706Z 274            android:exported="false"
build	Build with Gradle	2026-06-06T12:25:04.5557980Z 274-->/home/runner/work/ShizukuPlus/ShizukuPlus/manager/src/main/AndroidManifest.xml:264:13-37
build	Build with Gradle	2026-06-06T12:25:04.5558184Z 275            android:foregroundServiceType="specialUse" />
build	Build with Gradle	2026-06-06T12:25:04.5558462Z 275-->/home/runner/work/ShizukuPlus/ShizukuPlus/manager/src/main/AndroidManifest.xml:265:13-55
build	Build with Gradle	2026-06-06T12:25:04.5558570Z 276
build	Build with Gradle	2026-06-06T12:25:04.5558675Z 277        <receiver
build	Build with Gradle	2026-06-06T12:25:04.5558960Z 277-->/home/runner/work/ShizukuPlus/ShizukuPlus/manager/src/main/AndroidManifest.xml:267:9-276:20
build	Build with Gradle	2026-06-06T12:25:04.5559226Z 278            android:name="af.shizuku.manager.receiver.BinderRequestReceiver"
build	Build with Gradle	2026-06-06T12:25:04.5559505Z 278-->/home/runner/work/ShizukuPlus/ShizukuPlus/manager/src/main/AndroidManifest.xml:268:13-59
build	Build with Gradle	2026-06-06T12:25:04.5559647Z 279            android:directBootAware="true"
build	Build with Gradle	2026-06-06T12:25:04.5559927Z 279-->/home/runner/work/ShizukuPlus/ShizukuPlus/manager/src/main/AndroidManifest.xml:269:13-43
build	Build with Gradle	2026-06-06T12:25:04.5560050Z 280            android:enabled="true"
build	Build with Gradle	2026-06-06T12:25:04.5560328Z 280-->/home/runner/work/ShizukuPlus/ShizukuPlus/manager/src/main/AndroidManifest.xml:270:13-35
build	Build with Gradle	2026-06-06T12:25:04.5560457Z 281            android:exported="true" >
build	Build with Gradle	2026-06-06T12:25:04.5560743Z 281-->/home/runner/work/ShizukuPlus/ShizukuPlus/manager/src/main/AndroidManifest.xml:271:13-36
build	Build with Gradle	2026-06-06T12:25:04.5560899Z 282            <intent-filter android:priority="1000" >
build	Build with Gradle	2026-06-06T12:25:04.5561190Z 282-->/home/runner/work/ShizukuPlus/ShizukuPlus/manager/src/main/AndroidManifest.xml:273:13-275:29
build	Build with Gradle	2026-06-06T12:25:04.5561468Z 282-->/home/runner/work/ShizukuPlus/ShizukuPlus/manager/src/main/AndroidManifest.xml:273:28-51
build	Build with Gradle	2026-06-06T12:25:04.5561703Z 283                <action android:name="rikka.shizuku.intent.action.REQUEST_BINDER" />
build	Build with Gradle	2026-06-06T12:25:04.5561989Z 283-->/home/runner/work/ShizukuPlus/ShizukuPlus/manager/src/main/AndroidManifest.xml:192:17-85
build	Build with Gradle	2026-06-06T12:25:04.5562264Z 283-->/home/runner/work/ShizukuPlus/ShizukuPlus/manager/src/main/AndroidManifest.xml:192:25-82
build	Build with Gradle	2026-06-06T12:25:04.5562378Z 284            </intent-filter>
build	Build with Gradle	2026-06-06T12:25:04.5562491Z 285        </receiver>
build	Build with Gradle	2026-06-06T12:25:04.5562597Z 286        <receiver
build	Build with Gradle	2026-06-06T12:25:04.5562894Z 286-->/home/runner/work/ShizukuPlus/ShizukuPlus/manager/src/main/AndroidManifest.xml:278:9-290:20
build	Build with Gradle	2026-06-06T12:25:04.5563127Z 287            android:name="af.shizuku.manager.receiver.BootCompleteReceiver"
build	Build with Gradle	2026-06-06T12:25:04.5563405Z 287-->/home/runner/work/ShizukuPlus/ShizukuPlus/manager/src/main/AndroidManifest.xml:279:13-58
build	Build with Gradle	2026-06-06T12:25:04.5563542Z 288            android:directBootAware="true"
build	Build with Gradle	2026-06-06T12:25:04.5563823Z 288-->/home/runner/work/ShizukuPlus/ShizukuPlus/manager/src/main/AndroidManifest.xml:282:13-43
build	Build with Gradle	2026-06-06T12:25:04.5563952Z 289            android:enabled="true"
build	Build with Gradle	2026-06-06T12:25:04.5564231Z 289-->/home/runner/work/ShizukuPlus/ShizukuPlus/manager/src/main/AndroidManifest.xml:280:13-35
build	Build with Gradle	2026-06-06T12:25:04.5564369Z 290            android:exported="true" >
build	Build with Gradle	2026-06-06T12:25:04.5564650Z 290-->/home/runner/work/ShizukuPlus/ShizukuPlus/manager/src/main/AndroidManifest.xml:281:13-36
build	Build with Gradle	2026-06-06T12:25:04.5564765Z 291            <intent-filter>
build	Build with Gradle	2026-06-06T12:25:04.5565063Z 291-->/home/runner/work/ShizukuPlus/ShizukuPlus/manager/src/main/AndroidManifest.xml:283:13-289:29
build	Build with Gradle	2026-06-06T12:25:04.5565280Z 292                <action android:name="android.intent.action.BOOT_COMPLETED" />
build	Build with Gradle	2026-06-06T12:25:04.5565553Z 292-->/home/runner/work/ShizukuPlus/ShizukuPlus/manager/src/main/AndroidManifest.xml:284:17-79
build	Build with Gradle	2026-06-06T12:25:04.5565860Z 292-->/home/runner/work/ShizukuPlus/ShizukuPlus/manager/src/main/AndroidManifest.xml:284:25-76
build	Build with Gradle	2026-06-06T12:25:04.5566094Z 293                <action android:name="android.intent.action.LOCKED_BOOT_COMPLETED" />
build	Build with Gradle	2026-06-06T12:25:04.5566376Z 293-->/home/runner/work/ShizukuPlus/ShizukuPlus/manager/src/main/AndroidManifest.xml:285:17-86
build	Build with Gradle	2026-06-06T12:25:04.5566651Z 293-->/home/runner/work/ShizukuPlus/ShizukuPlus/manager/src/main/AndroidManifest.xml:285:25-83
build	Build with Gradle	2026-06-06T12:25:04.5566896Z 294                <action android:name="android.intent.action.MY_PACKAGE_REPLACED" />
build	Build with Gradle	2026-06-06T12:25:04.5567193Z 294-->/home/runner/work/ShizukuPlus/ShizukuPlus/manager/src/main/AndroidManifest.xml:286:17-84
build	Build with Gradle	2026-06-06T12:25:04.5567568Z 294-->/home/runner/work/ShizukuPlus/ShizukuPlus/manager/src/main/AndroidManifest.xml:286:25-81
build	Build with Gradle	2026-06-06T12:25:04.5567796Z 295                <action android:name="android.intent.action.QUICKBOOT_POWERON" />
build	Build with Gradle	2026-06-06T12:25:04.5568077Z 295-->/home/runner/work/ShizukuPlus/ShizukuPlus/manager/src/main/AndroidManifest.xml:287:17-82
build	Build with Gradle	2026-06-06T12:25:04.5568392Z 295-->/home/runner/work/ShizukuPlus/ShizukuPlus/manager/src/main/AndroidManifest.xml:287:25-79
build	Build with Gradle	2026-06-06T12:25:04.5568610Z 296                <action android:name="com.htc.intent.action.QUICKBOOT_POWERON" />
build	Build with Gradle	2026-06-06T12:25:04.5568890Z 296-->/home/runner/work/ShizukuPlus/ShizukuPlus/manager/src/main/AndroidManifest.xml:288:17-82
build	Build with Gradle	2026-06-06T12:25:04.5569175Z 296-->/home/runner/work/ShizukuPlus/ShizukuPlus/manager/src/main/AndroidManifest.xml:288:25-79
build	Build with Gradle	2026-06-06T12:25:04.5569290Z 297            </intent-filter>
build	Build with Gradle	2026-06-06T12:25:04.5569401Z 298        </receiver>
build	Build with Gradle	2026-06-06T12:25:04.5569506Z 299        <receiver
build	Build with Gradle	2026-06-06T12:25:04.5569790Z 299-->/home/runner/work/ShizukuPlus/ShizukuPlus/manager/src/main/AndroidManifest.xml:292:9-299:20
build	Build with Gradle	2026-06-06T12:25:04.5570027Z 300            android:name="af.shizuku.manager.receiver.ManualStartReceiver"
build	Build with Gradle	2026-06-06T12:25:04.5570299Z 300-->/home/runner/work/ShizukuPlus/ShizukuPlus/manager/src/main/AndroidManifest.xml:293:13-57
build	Build with Gradle	2026-06-06T12:25:04.5570420Z 301            android:enabled="true"
build	Build with Gradle	2026-06-06T12:25:04.5570696Z 301-->/home/runner/work/ShizukuPlus/ShizukuPlus/manager/src/main/AndroidManifest.xml:294:13-35
build	Build with Gradle	2026-06-06T12:25:04.5570821Z 302            android:exported="true" >
build	Build with Gradle	2026-06-06T12:25:04.5571108Z 302-->/home/runner/work/ShizukuPlus/ShizukuPlus/manager/src/main/AndroidManifest.xml:295:13-36
build	Build with Gradle	2026-06-06T12:25:04.5571221Z 303            <intent-filter>
build	Build with Gradle	2026-06-06T12:25:04.5571506Z 303-->/home/runner/work/ShizukuPlus/ShizukuPlus/manager/src/main/AndroidManifest.xml:296:13-298:29
build	Build with Gradle	2026-06-06T12:25:04.5571697Z 304                <action android:name="af.shizuku.plus.api.START" />
build	Build with Gradle	2026-06-06T12:25:04.5571973Z 304-->/home/runner/work/ShizukuPlus/ShizukuPlus/manager/src/main/AndroidManifest.xml:297:25-62
build	Build with Gradle	2026-06-06T12:25:04.5572093Z 305            </intent-filter>
build	Build with Gradle	2026-06-06T12:25:04.5572203Z 306        </receiver>
build	Build with Gradle	2026-06-06T12:25:04.5572308Z 307        <receiver
build	Build with Gradle	2026-06-06T12:25:04.5572596Z 307-->/home/runner/work/ShizukuPlus/ShizukuPlus/manager/src/main/AndroidManifest.xml:301:9-308:20
build	Build with Gradle	2026-06-06T12:25:04.5572818Z 308            android:name="af.shizuku.manager.receiver.ManualStopReceiver"
build	Build with Gradle	2026-06-06T12:25:04.5573106Z 308-->/home/runner/work/ShizukuPlus/ShizukuPlus/manager/src/main/AndroidManifest.xml:302:13-56
build	Build with Gradle	2026-06-06T12:25:04.5573224Z 309            android:enabled="true"
build	Build with Gradle	2026-06-06T12:25:04.5573504Z 309-->/home/runner/work/ShizukuPlus/ShizukuPlus/manager/src/main/AndroidManifest.xml:303:13-35
build	Build with Gradle	2026-06-06T12:25:04.5573627Z 310            android:exported="true" >
build	Build with Gradle	2026-06-06T12:25:04.5573909Z 310-->/home/runner/work/ShizukuPlus/ShizukuPlus/manager/src/main/AndroidManifest.xml:304:13-36
build	Build with Gradle	2026-06-06T12:25:04.5574032Z 311            <intent-filter>
build	Build with Gradle	2026-06-06T12:25:04.5574319Z 311-->/home/runner/work/ShizukuPlus/ShizukuPlus/manager/src/main/AndroidManifest.xml:305:13-307:29
build	Build with Gradle	2026-06-06T12:25:04.5574506Z 312                <action android:name="af.shizuku.plus.api.STOP" />
build	Build with Gradle	2026-06-06T12:25:04.5574823Z 312-->/home/runner/work/ShizukuPlus/ShizukuPlus/manager/src/main/AndroidManifest.xml:306:25-61
build	Build with Gradle	2026-06-06T12:25:04.5574939Z 313            </intent-filter>
build	Build with Gradle	2026-06-06T12:25:04.5575055Z 314        </receiver>
build	Build with Gradle	2026-06-06T12:25:04.5575317Z 315        <receiver android:name="af.shizuku.manager.receiver.NotifAttemptReceiver" />
build	Build with Gradle	2026-06-06T12:25:04.5575604Z 315-->/home/runner/work/ShizukuPlus/ShizukuPlus/manager/src/main/AndroidManifest.xml:310:9-67
build	Build with Gradle	2026-06-06T12:25:04.5575913Z 315-->/home/runner/work/ShizukuPlus/ShizukuPlus/manager/src/main/AndroidManifest.xml:310:19-64
build	Build with Gradle	2026-06-06T12:25:04.5576196Z 316        <receiver android:name="af.shizuku.manager.receiver.NotifCancelReceiver" />
build	Build with Gradle	2026-06-06T12:25:04.5576484Z 316-->/home/runner/work/ShizukuPlus/ShizukuPlus/manager/src/main/AndroidManifest.xml:311:9-66
build	Build with Gradle	2026-06-06T12:25:04.5576760Z 316-->/home/runner/work/ShizukuPlus/ShizukuPlus/manager/src/main/AndroidManifest.xml:311:19-63
build	Build with Gradle	2026-06-06T12:25:04.5577018Z 317        <receiver android:name="af.shizuku.manager.receiver.NotifRestoreReceiver" />
build	Build with Gradle	2026-06-06T12:25:04.5577325Z 317-->/home/runner/work/ShizukuPlus/ShizukuPlus/manager/src/main/AndroidManifest.xml:312:9-67
build	Build with Gradle	2026-06-06T12:25:04.5577675Z 317-->/home/runner/work/ShizukuPlus/ShizukuPlus/manager/src/main/AndroidManifest.xml:312:19-64
build	Build with Gradle	2026-06-06T12:25:04.5577791Z 318
build	Build with Gradle	2026-06-06T12:25:04.5577901Z 319        <!--
build	Build with Gradle	2026-06-06T12:25:04.5578187Z 320             WorkManager is initialized manually via Configuration.Provider in ShizukuApplication.
build	Build with Gradle	2026-06-06T12:25:04.5578477Z 321             Removing WorkManagerInitializer here prevents the "already initialized" crash (#126).
build	Build with Gradle	2026-06-06T12:25:04.5578599Z 322        -->
build	Build with Gradle	2026-06-06T12:25:04.5578725Z 323        <provider
build	Build with Gradle	2026-06-06T12:25:04.5578929Z 324            android:name="androidx.startup.InitializationProvider"
build	Build with Gradle	2026-06-06T12:25:04.5579213Z 324-->/home/runner/work/ShizukuPlus/ShizukuPlus/manager/src/main/AndroidManifest.xml:317:13-67
build	Build with Gradle	2026-06-06T12:25:04.5579432Z 325            android:authorities="af.shizuku.plus.api.androidx-startup"
build	Build with Gradle	2026-06-06T12:25:04.5579712Z 325-->/home/runner/work/ShizukuPlus/ShizukuPlus/manager/src/main/AndroidManifest.xml:318:13-68
build	Build with Gradle	2026-06-06T12:25:04.5579854Z 326            android:exported="false" >
build	Build with Gradle	2026-06-06T12:25:04.5580134Z 326-->/home/runner/work/ShizukuPlus/ShizukuPlus/manager/src/main/AndroidManifest.xml:319:13-37
build	Build with Gradle	2026-06-06T12:25:04.5580244Z 327            <meta-data
build	Build with Gradle	2026-06-06T12:25:04.5580757Z 327-->[androidx.emoji2:emoji2:1.2.0] /home/runner/.gradle/caches/8.14/transforms/20c8148c0d0f1eeb1041151d1c55938f/transformed/emoji2-1.2.0/AndroidManifest.xml:29:13-31:52
build	Build with Gradle	2026-06-06T12:25:04.5580975Z 328                android:name="androidx.emoji2.text.EmojiCompatInitializer"
build	Build with Gradle	2026-06-06T12:25:04.5581471Z 328-->[androidx.emoji2:emoji2:1.2.0] /home/runner/.gradle/caches/8.14/transforms/20c8148c0d0f1eeb1041151d1c55938f/transformed/emoji2-1.2.0/AndroidManifest.xml:30:17-75
build	Build with Gradle	2026-06-06T12:25:04.5581624Z 329                android:value="androidx.startup" />
build	Build with Gradle	2026-06-06T12:25:04.5582107Z 329-->[androidx.emoji2:emoji2:1.2.0] /home/runner/.gradle/caches/8.14/transforms/20c8148c0d0f1eeb1041151d1c55938f/transformed/emoji2-1.2.0/AndroidManifest.xml:31:17-49
build	Build with Gradle	2026-06-06T12:25:04.5582219Z 330            <meta-data
build	Build with Gradle	2026-06-06T12:25:04.5582820Z 330-->[androidx.lifecycle:lifecycle-process:2.9.4] /home/runner/.gradle/caches/8.14/transforms/644a16fcc858b20f0d048c7466f19d9f/transformed/lifecycle-process-2.9.4/AndroidManifest.xml:29:13-31:52
build	Build with Gradle	2026-06-06T12:25:04.5583054Z 331                android:name="androidx.lifecycle.ProcessLifecycleInitializer"
build	Build with Gradle	2026-06-06T12:25:04.5583634Z 331-->[androidx.lifecycle:lifecycle-process:2.9.4] /home/runner/.gradle/caches/8.14/transforms/644a16fcc858b20f0d048c7466f19d9f/transformed/lifecycle-process-2.9.4/AndroidManifest.xml:30:17-78
build	Build with Gradle	2026-06-06T12:25:04.5583784Z 332                android:value="androidx.startup" />
build	Build with Gradle	2026-06-06T12:25:04.5584359Z 332-->[androidx.lifecycle:lifecycle-process:2.9.4] /home/runner/.gradle/caches/8.14/transforms/644a16fcc858b20f0d048c7466f19d9f/transformed/lifecycle-process-2.9.4/AndroidManifest.xml:31:17-49
build	Build with Gradle	2026-06-06T12:25:04.5584510Z 333        </provider>
build	Build with Gradle	2026-06-06T12:25:04.5584614Z 334        <provider
build	Build with Gradle	2026-06-06T12:25:04.5584826Z 335            android:name="af.shizuku.manager.ShizukuManagerProvider"
build	Build with Gradle	2026-06-06T12:25:04.5585107Z 335-->/home/runner/work/ShizukuPlus/ShizukuPlus/manager/src/main/AndroidManifest.xml:328:13-51
build	Build with Gradle	2026-06-06T12:25:04.5585397Z 336            android:authorities="af.shizuku.plus.api.shizuku;moe.shizuku.privileged.api"
build	Build with Gradle	2026-06-06T12:25:04.5585681Z 336-->/home/runner/work/ShizukuPlus/ShizukuPlus/manager/src/main/AndroidManifest.xml:329:13-86
build	Build with Gradle	2026-06-06T12:25:04.5585848Z 337            android:directBootAware="true"
build	Build with Gradle	2026-06-06T12:25:04.5586126Z 337-->/home/runner/work/ShizukuPlus/ShizukuPlus/manager/src/main/AndroidManifest.xml:330:13-43
build	Build with Gradle	2026-06-06T12:25:04.5586246Z 338            android:enabled="true"
build	Build with Gradle	2026-06-06T12:25:04.5586522Z 338-->/home/runner/work/ShizukuPlus/ShizukuPlus/manager/src/main/AndroidManifest.xml:331:13-35
build	Build with Gradle	2026-06-06T12:25:04.5586661Z 339            android:exported="true"
build	Build with Gradle	2026-06-06T12:25:04.5586968Z 339-->/home/runner/work/ShizukuPlus/ShizukuPlus/manager/src/main/AndroidManifest.xml:332:13-36
build	Build with Gradle	2026-06-06T12:25:04.5587097Z 340            android:multiprocess="false"
build	Build with Gradle	2026-06-06T12:25:04.5587460Z 340-->/home/runner/work/ShizukuPlus/ShizukuPlus/manager/src/main/AndroidManifest.xml:333:13-41
build	Build with Gradle	2026-06-06T12:25:04.5587698Z 341            android:permission="android.permission.INTERACT_ACROSS_USERS_FULL" />
build	Build with Gradle	2026-06-06T12:25:04.5587987Z 341-->/home/runner/work/ShizukuPlus/ShizukuPlus/manager/src/main/AndroidManifest.xml:334:13-79
build	Build with Gradle	2026-06-06T12:25:04.5588095Z 342        <provider
build	Build with Gradle	2026-06-06T12:25:04.5588383Z 342-->/home/runner/work/ShizukuPlus/ShizukuPlus/manager/src/main/AndroidManifest.xml:336:9-342:44
build	Build with Gradle	2026-06-06T12:25:04.5588571Z 343            android:name="af.shizuku.manager.DhizukuProvider"
build	Build with Gradle	2026-06-06T12:25:04.5588850Z 343-->/home/runner/work/ShizukuPlus/ShizukuPlus/manager/src/main/AndroidManifest.xml:337:13-44
build	Build with Gradle	2026-06-06T12:25:04.5589093Z 344            android:authorities="com.rosan.dhizuku;com.rosan.dhizuku.provider"
build	Build with Gradle	2026-06-06T12:25:04.5589373Z 344-->/home/runner/work/ShizukuPlus/ShizukuPlus/manager/src/main/AndroidManifest.xml:338:13-79
build	Build with Gradle	2026-06-06T12:25:04.5589512Z 345            android:directBootAware="true"
build	Build with Gradle	2026-06-06T12:25:04.5589789Z 345-->/home/runner/work/ShizukuPlus/ShizukuPlus/manager/src/main/AndroidManifest.xml:339:13-43
build	Build with Gradle	2026-06-06T12:25:04.5589913Z 346            android:enabled="true"
build	Build with Gradle	2026-06-06T12:25:04.5590200Z 346-->/home/runner/work/ShizukuPlus/ShizukuPlus/manager/src/main/AndroidManifest.xml:340:13-35
build	Build with Gradle	2026-06-06T12:25:04.5590323Z 347            android:exported="true"
build	Build with Gradle	2026-06-06T12:25:04.5590599Z 347-->/home/runner/work/ShizukuPlus/ShizukuPlus/manager/src/main/AndroidManifest.xml:341:13-36
build	Build with Gradle	2026-06-06T12:25:04.5590737Z 348            android:multiprocess="false" />
build	Build with Gradle	2026-06-06T12:25:04.5591015Z 348-->/home/runner/work/ShizukuPlus/ShizukuPlus/manager/src/main/AndroidManifest.xml:342:13-41
build	Build with Gradle	2026-06-06T12:25:04.5591132Z 349        <provider
build	Build with Gradle	2026-06-06T12:25:04.5591315Z 350            android:name="androidx.core.content.FileProvider"
build	Build with Gradle	2026-06-06T12:25:04.5591588Z 350-->/home/runner/work/ShizukuPlus/ShizukuPlus/manager/src/main/AndroidManifest.xml:345:13-62
build	Build with Gradle	2026-06-06T12:25:04.5591783Z 351            android:authorities="af.shizuku.plus.api.fileprovider"
build	Build with Gradle	2026-06-06T12:25:04.5592058Z 351-->/home/runner/work/ShizukuPlus/ShizukuPlus/manager/src/main/AndroidManifest.xml:346:13-64
build	Build with Gradle	2026-06-06T12:25:04.5592192Z 352            android:exported="false"
build	Build with Gradle	2026-06-06T12:25:04.5592471Z 352-->/home/runner/work/ShizukuPlus/ShizukuPlus/manager/src/main/AndroidManifest.xml:347:13-37
build	Build with Gradle	2026-06-06T12:25:04.5592620Z 353            android:grantUriPermissions="true" >
build	Build with Gradle	2026-06-06T12:25:04.5592892Z 353-->/home/runner/work/ShizukuPlus/ShizukuPlus/manager/src/main/AndroidManifest.xml:348:13-47
build	Build with Gradle	2026-06-06T12:25:04.5593002Z 354            <meta-data
build	Build with Gradle	2026-06-06T12:25:04.5593296Z 354-->/home/runner/work/ShizukuPlus/ShizukuPlus/manager/src/main/AndroidManifest.xml:349:13-351:54
build	Build with Gradle	2026-06-06T12:25:04.5593513Z 355                android:name="android.support.FILE_PROVIDER_PATHS"
build	Build with Gradle	2026-06-06T12:25:04.5593785Z 355-->/home/runner/work/ShizukuPlus/ShizukuPlus/manager/src/main/AndroidManifest.xml:350:17-67
build	Build with Gradle	2026-06-06T12:25:04.5593936Z 356                android:resource="@xml/file_paths" />
build	Build with Gradle	2026-06-06T12:25:04.5594209Z 356-->/home/runner/work/ShizukuPlus/ShizukuPlus/manager/src/main/AndroidManifest.xml:351:17-51
build	Build with Gradle	2026-06-06T12:25:04.5594351Z 357        </provider>
build	Build with Gradle	2026-06-06T12:25:04.5594452Z 358
build	Build with Gradle	2026-06-06T12:25:04.5594585Z 359        <receiver
build	Build with Gradle	2026-06-06T12:25:04.5594869Z 359-->/home/runner/work/ShizukuPlus/ShizukuPlus/manager/src/main/AndroidManifest.xml:353:9-365:20
build	Build with Gradle	2026-06-06T12:25:04.5595090Z 360            android:name="af.shizuku.manager.admin.DhizukuAdminReceiver"
build	Build with Gradle	2026-06-06T12:25:04.5595371Z 360-->/home/runner/work/ShizukuPlus/ShizukuPlus/manager/src/main/AndroidManifest.xml:354:13-55
build	Build with Gradle	2026-06-06T12:25:04.5595561Z 361            android:description="@string/dhizuku_device_owner_desc"
build	Build with Gradle	2026-06-06T12:25:04.5595890Z 361-->/home/runner/work/ShizukuPlus/ShizukuPlus/manager/src/main/AndroidManifest.xml:355:13-68
build	Build with Gradle	2026-06-06T12:25:04.5596009Z 362            android:exported="true"
build	Build with Gradle	2026-06-06T12:25:04.5596282Z 362-->/home/runner/work/ShizukuPlus/ShizukuPlus/manager/src/main/AndroidManifest.xml:356:13-36
build	Build with Gradle	2026-06-06T12:25:04.5596463Z 363            android:label="@string/dhizuku_device_owner_label"
build	Build with Gradle	2026-06-06T12:25:04.5596743Z 363-->/home/runner/work/ShizukuPlus/ShizukuPlus/manager/src/main/AndroidManifest.xml:357:13-63
build	Build with Gradle	2026-06-06T12:25:04.5596944Z 364            android:permission="android.permission.BIND_DEVICE_ADMIN" >
build	Build with Gradle	2026-06-06T12:25:04.5597216Z 364-->/home/runner/work/ShizukuPlus/ShizukuPlus/manager/src/main/AndroidManifest.xml:358:13-70
build	Build with Gradle	2026-06-06T12:25:04.5597328Z 365            <meta-data
build	Build with Gradle	2026-06-06T12:25:04.5597693Z 365-->/home/runner/work/ShizukuPlus/ShizukuPlus/manager/src/main/AndroidManifest.xml:359:13-361:56
build	Build with Gradle	2026-06-06T12:25:04.5597854Z 366                android:name="android.app.device_admin"
build	Build with Gradle	2026-06-06T12:25:04.5598128Z 366-->/home/runner/work/ShizukuPlus/ShizukuPlus/manager/src/main/AndroidManifest.xml:360:17-56
build	Build with Gradle	2026-06-06T12:25:04.5598282Z 367                android:resource="@xml/device_admin" />
build	Build with Gradle	2026-06-06T12:25:04.5598556Z 367-->/home/runner/work/ShizukuPlus/ShizukuPlus/manager/src/main/AndroidManifest.xml:361:17-53
build	Build with Gradle	2026-06-06T12:25:04.5598671Z 368
build	Build with Gradle	2026-06-06T12:25:04.5598790Z 369            <intent-filter>
build	Build with Gradle	2026-06-06T12:25:04.5599082Z 369-->/home/runner/work/ShizukuPlus/ShizukuPlus/manager/src/main/AndroidManifest.xml:362:13-364:29
build	Build with Gradle	2026-06-06T12:25:04.5599391Z 370                <action android:name="android.app.action.DEVICE_ADMIN_ENABLED" />
build	Build with Gradle	2026-06-06T12:25:04.5599766Z 370-->/home/runner/work/ShizukuPlus/ShizukuPlus/manager/src/main/AndroidManifest.xml:363:17-82
build	Build with Gradle	2026-06-06T12:25:04.5600137Z 370-->/home/runner/work/ShizukuPlus/ShizukuPlus/manager/src/main/AndroidManifest.xml:363:25-79
build	Build with Gradle	2026-06-06T12:25:04.5600260Z 371            </intent-filter>
build	Build with Gradle	2026-06-06T12:25:04.5600375Z 372        </receiver>
build	Build with Gradle	2026-06-06T12:25:04.5600475Z 373
build	Build with Gradle	2026-06-06T12:25:04.5600595Z 374        <!-- Fake ADB Server -->
build	Build with Gradle	2026-06-06T12:25:04.5600709Z 375        <activity
build	Build with Gradle	2026-06-06T12:25:04.5601000Z 375-->/home/runner/work/ShizukuPlus/ShizukuPlus/manager/src/main/AndroidManifest.xml:368:9-372:40
build	Build with Gradle	2026-06-06T12:25:04.5601221Z 376            android:name="af.shizuku.manager.adb.FakeAdbPairingActivity"
build	Build with Gradle	2026-06-06T12:25:04.5601496Z 376-->/home/runner/work/ShizukuPlus/ShizukuPlus/manager/src/main/AndroidManifest.xml:369:13-55
build	Build with Gradle	2026-06-06T12:25:04.5601645Z 377            android:excludeFromRecents="true"
build	Build with Gradle	2026-06-06T12:25:04.5601925Z 377-->/home/runner/work/ShizukuPlus/ShizukuPlus/manager/src/main/AndroidManifest.xml:371:13-46
build	Build with Gradle	2026-06-06T12:25:04.5602044Z 378            android:exported="false"
build	Build with Gradle	2026-06-06T12:25:04.5602317Z 378-->/home/runner/work/ShizukuPlus/ShizukuPlus/manager/src/main/AndroidManifest.xml:372:13-37
build	Build with Gradle	2026-06-06T12:25:04.5602564Z 379            android:theme="@android:style/Theme.DeviceDefault.Light.Dialog.Alert" />
build	Build with Gradle	2026-06-06T12:25:04.5602904Z 379-->/home/runner/work/ShizukuPlus/ShizukuPlus/manager/src/main/AndroidManifest.xml:370:13-82
build	Build with Gradle	2026-06-06T12:25:04.5603008Z 380
build	Build with Gradle	2026-06-06T12:25:04.5603113Z 381        <service
build	Build with Gradle	2026-06-06T12:25:04.5603401Z 381-->/home/runner/work/ShizukuPlus/ShizukuPlus/manager/src/main/AndroidManifest.xml:374:9-376:40
build	Build with Gradle	2026-06-06T12:25:04.5603665Z 382            android:name="af.shizuku.manager.automation.AutomationService"
build	Build with Gradle	2026-06-06T12:25:04.5603946Z 382-->/home/runner/work/ShizukuPlus/ShizukuPlus/manager/src/main/AndroidManifest.xml:375:13-75
build	Build with Gradle	2026-06-06T12:25:04.5604113Z 383            android:exported="false" />
build	Build with Gradle	2026-06-06T12:25:04.5604389Z 383-->/home/runner/work/ShizukuPlus/ShizukuPlus/manager/src/main/AndroidManifest.xml:376:13-37
build	Build with Gradle	2026-06-06T12:25:04.5604621Z 384        <!-- 'android:authorities' must be unique in the device, across all apps -->
build	Build with Gradle	2026-06-06T12:25:04.5604729Z 385        <provider
build	Build with Gradle	2026-06-06T12:25:04.5605319Z 385-->[io.sentry:sentry-android-core:8.40.0] /home/runner/.gradle/caches/8.14/transforms/f3104eb4796c3cb96709ee2563cfb750/transformed/sentry-android-core-8.40.0/AndroidManifest.xml:12:9-15:40
build	Build with Gradle	2026-06-06T12:25:04.5605567Z 386            android:name="io.sentry.android.core.SentryInitProvider"
build	Build with Gradle	2026-06-06T12:25:04.5606132Z 386-->[io.sentry:sentry-android-core:8.40.0] /home/runner/.gradle/caches/8.14/transforms/f3104eb4796c3cb96709ee2563cfb750/transformed/sentry-android-core-8.40.0/AndroidManifest.xml:13:13-69
build	Build with Gradle	2026-06-06T12:25:04.5606353Z 387            android:authorities="af.shizuku.plus.api.SentryInitProvider"
build	Build with Gradle	2026-06-06T12:25:04.5606918Z 387-->[io.sentry:sentry-android-core:8.40.0] /home/runner/.gradle/caches/8.14/transforms/f3104eb4796c3cb96709ee2563cfb750/transformed/sentry-android-core-8.40.0/AndroidManifest.xml:14:13-70
build	Build with Gradle	2026-06-06T12:25:04.5607045Z 388            android:exported="false" />
build	Build with Gradle	2026-06-06T12:25:04.5607726Z 388-->[io.sentry:sentry-android-core:8.40.0] /home/runner/.gradle/caches/8.14/transforms/f3104eb4796c3cb96709ee2563cfb750/transformed/sentry-android-core-8.40.0/AndroidManifest.xml:15:13-37
build	Build with Gradle	2026-06-06T12:25:04.5607846Z 389        <provider
build	Build with Gradle	2026-06-06T12:25:04.5608407Z 389-->[io.sentry:sentry-android-core:8.40.0] /home/runner/.gradle/caches/8.14/transforms/f3104eb4796c3cb96709ee2563cfb750/transformed/sentry-android-core-8.40.0/AndroidManifest.xml:16:9-20:39
build	Build with Gradle	2026-06-06T12:25:04.5608647Z 390            android:name="io.sentry.android.core.SentryPerformanceProvider"
build	Build with Gradle	2026-06-06T12:25:04.5609220Z 390-->[io.sentry:sentry-android-core:8.40.0] /home/runner/.gradle/caches/8.14/transforms/f3104eb4796c3cb96709ee2563cfb750/transformed/sentry-android-core-8.40.0/AndroidManifest.xml:17:13-76
build	Build with Gradle	2026-06-06T12:25:04.5609468Z 391            android:authorities="af.shizuku.plus.api.SentryPerformanceProvider"
build	Build with Gradle	2026-06-06T12:25:04.5610020Z 391-->[io.sentry:sentry-android-core:8.40.0] /home/runner/.gradle/caches/8.14/transforms/f3104eb4796c3cb96709ee2563cfb750/transformed/sentry-android-core-8.40.0/AndroidManifest.xml:18:13-77
build	Build with Gradle	2026-06-06T12:25:04.5610145Z 392            android:exported="false"
build	Build with Gradle	2026-06-06T12:25:04.5610701Z 392-->[io.sentry:sentry-android-core:8.40.0] /home/runner/.gradle/caches/8.14/transforms/f3104eb4796c3cb96709ee2563cfb750/transformed/sentry-android-core-8.40.0/AndroidManifest.xml:19:13-37
build	Build with Gradle	2026-06-06T12:25:04.5610831Z 393            android:initOrder="200" />
build	Build with Gradle	2026-06-06T12:25:04.5611389Z 393-->[io.sentry:sentry-android-core:8.40.0] /home/runner/.gradle/caches/8.14/transforms/f3104eb4796c3cb96709ee2563cfb750/transformed/sentry-android-core-8.40.0/AndroidManifest.xml:20:13-36
build	Build with Gradle	2026-06-06T12:25:04.5611490Z 394
build	Build with Gradle	2026-06-06T12:25:04.5611594Z 395        <activity
build	Build with Gradle	2026-06-06T12:25:04.5612178Z 395-->[androidx.glance:glance-appwidget:1.1.1] /home/runner/.gradle/caches/8.14/transforms/0a9f0b23f2ae3b3d671937d923da2cba/transformed/glance-appwidget-1.1.1/AndroidManifest.xml:23:9-28:62
build	Build with Gradle	2026-06-06T12:25:04.5612476Z 396            android:name="androidx.glance.appwidget.action.ActionTrampolineActivity"
build	Build with Gradle	2026-06-06T12:25:04.5613071Z 396-->[androidx.glance:glance-appwidget:1.1.1] /home/runner/.gradle/caches/8.14/transforms/0a9f0b23f2ae3b3d671937d923da2cba/transformed/glance-appwidget-1.1.1/AndroidManifest.xml:24:13-85
build	Build with Gradle	2026-06-06T12:25:04.5613191Z 397            android:enabled="true"
build	Build with Gradle	2026-06-06T12:25:04.5613750Z 397-->[androidx.glance:glance-appwidget:1.1.1] /home/runner/.gradle/caches/8.14/transforms/0a9f0b23f2ae3b3d671937d923da2cba/transformed/glance-appwidget-1.1.1/AndroidManifest.xml:25:13-35
build	Build with Gradle	2026-06-06T12:25:04.5614025Z 398            android:excludeFromRecents="true"
build	Build with Gradle	2026-06-06T12:25:04.5614577Z 398-->[androidx.glance:glance-appwidget:1.1.1] /home/runner/.gradle/caches/8.14/transforms/0a9f0b23f2ae3b3d671937d923da2cba/transformed/glance-appwidget-1.1.1/AndroidManifest.xml:26:13-46
build	Build with Gradle	2026-06-06T12:25:04.5614725Z 399            android:exported="false"
build	Build with Gradle	2026-06-06T12:25:04.5615274Z 399-->[androidx.glance:glance-appwidget:1.1.1] /home/runner/.gradle/caches/8.14/transforms/0a9f0b23f2ae3b3d671937d923da2cba/transformed/glance-appwidget-1.1.1/AndroidManifest.xml:27:13-37
build	Build with Gradle	2026-06-06T12:25:04.5615489Z 400            android:theme="@android:style/Theme.NoDisplay" />
build	Build with Gradle	2026-06-06T12:25:04.5616041Z 400-->[androidx.glance:glance-appwidget:1.1.1] /home/runner/.gradle/caches/8.14/transforms/0a9f0b23f2ae3b3d671937d923da2cba/transformed/glance-appwidget-1.1.1/AndroidManifest.xml:28:13-59
build	Build with Gradle	2026-06-06T12:25:04.5616151Z 401        <activity
build	Build with Gradle	2026-06-06T12:25:04.5616711Z 401-->[androidx.glance:glance-appwidget:1.1.1] /home/runner/.gradle/caches/8.14/transforms/0a9f0b23f2ae3b3d671937d923da2cba/transformed/glance-appwidget-1.1.1/AndroidManifest.xml:29:9-36:81
build	Build with Gradle	2026-06-06T12:25:04.5617017Z 402            android:name="androidx.glance.appwidget.action.InvisibleActionTrampolineActivity"
build	Build with Gradle	2026-06-06T12:25:04.5617643Z 402-->[androidx.glance:glance-appwidget:1.1.1] /home/runner/.gradle/caches/8.14/transforms/0a9f0b23f2ae3b3d671937d923da2cba/transformed/glance-appwidget-1.1.1/AndroidManifest.xml:30:13-94
build	Build with Gradle	2026-06-06T12:25:04.5617764Z 403            android:enabled="true"
build	Build with Gradle	2026-06-06T12:25:04.5618319Z 403-->[androidx.glance:glance-appwidget:1.1.1] /home/runner/.gradle/caches/8.14/transforms/0a9f0b23f2ae3b3d671937d923da2cba/transformed/glance-appwidget-1.1.1/AndroidManifest.xml:31:13-35
build	Build with Gradle	2026-06-06T12:25:04.5618441Z 404            android:exported="false"
build	Build with Gradle	2026-06-06T12:25:04.5619000Z 404-->[androidx.glance:glance-appwidget:1.1.1] /home/runner/.gradle/caches/8.14/transforms/0a9f0b23f2ae3b3d671937d923da2cba/transformed/glance-appwidget-1.1.1/AndroidManifest.xml:32:13-37
build	Build with Gradle	2026-06-06T12:25:04.5619147Z 405            android:launchMode="singleInstance"
build	Build with Gradle	2026-06-06T12:25:04.5619705Z 405-->[androidx.glance:glance-appwidget:1.1.1] /home/runner/.gradle/caches/8.14/transforms/0a9f0b23f2ae3b3d671937d923da2cba/transformed/glance-appwidget-1.1.1/AndroidManifest.xml:33:13-48
build	Build with Gradle	2026-06-06T12:25:04.5619825Z 406            android:noHistory="true"
build	Build with Gradle	2026-06-06T12:25:04.5620375Z 406-->[androidx.glance:glance-appwidget:1.1.1] /home/runner/.gradle/caches/8.14/transforms/0a9f0b23f2ae3b3d671937d923da2cba/transformed/glance-appwidget-1.1.1/AndroidManifest.xml:34:13-37
build	Build with Gradle	2026-06-06T12:25:04.5620676Z 407            android:taskAffinity="androidx.glance.appwidget.ListAdapterCallbackTrampoline"
build	Build with Gradle	2026-06-06T12:25:04.5621232Z 407-->[androidx.glance:glance-appwidget:1.1.1] /home/runner/.gradle/caches/8.14/transforms/0a9f0b23f2ae3b3d671937d923da2cba/transformed/glance-appwidget-1.1.1/AndroidManifest.xml:35:13-91
build	Build with Gradle	2026-06-06T12:25:04.5621481Z 408            android:theme="@style/Widget.Glance.AppWidget.CallbackTrampoline" />
build	Build with Gradle	2026-06-06T12:25:04.5622031Z 408-->[androidx.glance:glance-appwidget:1.1.1] /home/runner/.gradle/caches/8.14/transforms/0a9f0b23f2ae3b3d671937d923da2cba/transformed/glance-appwidget-1.1.1/AndroidManifest.xml:36:13-78
build	Build with Gradle	2026-06-06T12:25:04.5622144Z 409
build	Build with Gradle	2026-06-06T12:25:04.5622252Z 410        <receiver
build	Build with Gradle	2026-06-06T12:25:04.5622815Z 410-->[androidx.glance:glance-appwidget:1.1.1] /home/runner/.gradle/caches/8.14/transforms/0a9f0b23f2ae3b3d671937d923da2cba/transformed/glance-appwidget-1.1.1/AndroidManifest.xml:38:9-41:40
build	Build with Gradle	2026-06-06T12:25:04.5623151Z 411            android:name="androidx.glance.appwidget.action.ActionCallbackBroadcastReceiver"
build	Build with Gradle	2026-06-06T12:25:04.5623710Z 411-->[androidx.glance:glance-appwidget:1.1.1] /home/runner/.gradle/caches/8.14/transforms/0a9f0b23f2ae3b3d671937d923da2cba/transformed/glance-appwidget-1.1.1/AndroidManifest.xml:39:13-92
build	Build with Gradle	2026-06-06T12:25:04.5623840Z 412            android:enabled="true"
build	Build with Gradle	2026-06-06T12:25:04.5624424Z 412-->[androidx.glance:glance-appwidget:1.1.1] /home/runner/.gradle/caches/8.14/transforms/0a9f0b23f2ae3b3d671937d923da2cba/transformed/glance-appwidget-1.1.1/AndroidManifest.xml:40:13-35
build	Build with Gradle	2026-06-06T12:25:04.5624594Z 413            android:exported="false" />
build	Build with Gradle	2026-06-06T12:25:04.5625148Z 413-->[androidx.glance:glance-appwidget:1.1.1] /home/runner/.gradle/caches/8.14/transforms/0a9f0b23f2ae3b3d671937d923da2cba/transformed/glance-appwidget-1.1.1/AndroidManifest.xml:41:13-37
build	Build with Gradle	2026-06-06T12:25:04.5625278Z 414        <receiver
build	Build with Gradle	2026-06-06T12:25:04.5625846Z 414-->[androidx.glance:glance-appwidget:1.1.1] /home/runner/.gradle/caches/8.14/transforms/0a9f0b23f2ae3b3d671937d923da2cba/transformed/glance-appwidget-1.1.1/AndroidManifest.xml:42:9-45:40
build	Build with Gradle	2026-06-06T12:25:04.5626118Z 415            android:name="androidx.glance.appwidget.UnmanagedSessionReceiver"
build	Build with Gradle	2026-06-06T12:25:04.5626673Z 415-->[androidx.glance:glance-appwidget:1.1.1] /home/runner/.gradle/caches/8.14/transforms/0a9f0b23f2ae3b3d671937d923da2cba/transformed/glance-appwidget-1.1.1/AndroidManifest.xml:43:13-78
build	Build with Gradle	2026-06-06T12:25:04.5626792Z 416            android:enabled="true"
build	Build with Gradle	2026-06-06T12:25:04.5627461Z 416-->[androidx.glance:glance-appwidget:1.1.1] /home/runner/.gradle/caches/8.14/transforms/0a9f0b23f2ae3b3d671937d923da2cba/transformed/glance-appwidget-1.1.1/AndroidManifest.xml:44:13-35
build	Build with Gradle	2026-06-06T12:25:04.5627590Z 417            android:exported="false" />
build	Build with Gradle	2026-06-06T12:25:04.5628152Z 417-->[androidx.glance:glance-appwidget:1.1.1] /home/runner/.gradle/caches/8.14/transforms/0a9f0b23f2ae3b3d671937d923da2cba/transformed/glance-appwidget-1.1.1/AndroidManifest.xml:45:13-37
build	Build with Gradle	2026-06-06T12:25:04.5628268Z 418        <receiver
build	Build with Gradle	2026-06-06T12:25:04.5628839Z 418-->[androidx.glance:glance-appwidget:1.1.1] /home/runner/.gradle/caches/8.14/transforms/0a9f0b23f2ae3b3d671937d923da2cba/transformed/glance-appwidget-1.1.1/AndroidManifest.xml:46:9-53:20
build	Build with Gradle	2026-06-06T12:25:04.5629086Z 419            android:name="androidx.glance.appwidget.MyPackageReplacedReceiver"
build	Build with Gradle	2026-06-06T12:25:04.5629644Z 419-->[androidx.glance:glance-appwidget:1.1.1] /home/runner/.gradle/caches/8.14/transforms/0a9f0b23f2ae3b3d671937d923da2cba/transformed/glance-appwidget-1.1.1/AndroidManifest.xml:47:13-79
build	Build with Gradle	2026-06-06T12:25:04.5629764Z 420            android:enabled="true"
build	Build with Gradle	2026-06-06T12:25:04.5630317Z 420-->[androidx.glance:glance-appwidget:1.1.1] /home/runner/.gradle/caches/8.14/transforms/0a9f0b23f2ae3b3d671937d923da2cba/transformed/glance-appwidget-1.1.1/AndroidManifest.xml:48:13-35
build	Build with Gradle	2026-06-06T12:25:04.5630454Z 421            android:exported="false" >
build	Build with Gradle	2026-06-06T12:25:04.5631011Z 421-->[androidx.glance:glance-appwidget:1.1.1] /home/runner/.gradle/caches/8.14/transforms/0a9f0b23f2ae3b3d671937d923da2cba/transformed/glance-appwidget-1.1.1/AndroidManifest.xml:49:13-37
build	Build with Gradle	2026-06-06T12:25:04.5631129Z 422            <intent-filter>
build	Build with Gradle	2026-06-06T12:25:04.5631694Z 422-->[androidx.glance:glance-appwidget:1.1.1] /home/runner/.gradle/caches/8.14/transforms/0a9f0b23f2ae3b3d671937d923da2cba/transformed/glance-appwidget-1.1.1/AndroidManifest.xml:50:13-52:29
build	Build with Gradle	2026-06-06T12:25:04.5631930Z 423                <action android:name="android.intent.action.MY_PACKAGE_REPLACED" />
build	Build with Gradle	2026-06-06T12:25:04.5632213Z 423-->/home/runner/work/ShizukuPlus/ShizukuPlus/manager/src/main/AndroidManifest.xml:286:17-84
build	Build with Gradle	2026-06-06T12:25:04.5632486Z 423-->/home/runner/work/ShizukuPlus/ShizukuPlus/manager/src/main/AndroidManifest.xml:286:25-81
build	Build with Gradle	2026-06-06T12:25:04.5632604Z 424            </intent-filter>
build	Build with Gradle	2026-06-06T12:25:04.5632709Z 425        </receiver>
build	Build with Gradle	2026-06-06T12:25:04.5632818Z 426
build	Build with Gradle	2026-06-06T12:25:04.5632961Z 427        <service
build	Build with Gradle	2026-06-06T12:25:04.5633519Z 427-->[androidx.glance:glance-appwidget:1.1.1] /home/runner/.gradle/caches/8.14/transforms/0a9f0b23f2ae3b3d671937d923da2cba/transformed/glance-appwidget-1.1.1/AndroidManifest.xml:55:9-58:72
build	Build with Gradle	2026-06-06T12:25:04.5633755Z 428            android:name="androidx.glance.appwidget.GlanceRemoteViewsService"
build	Build with Gradle	2026-06-06T12:25:04.5634309Z 428-->[androidx.glance:glance-appwidget:1.1.1] /home/runner/.gradle/caches/8.14/transforms/0a9f0b23f2ae3b3d671937d923da2cba/transformed/glance-appwidget-1.1.1/AndroidManifest.xml:56:13-78
build	Build with Gradle	2026-06-06T12:25:04.5634472Z 429            android:exported="true"
build	Build with Gradle	2026-06-06T12:25:04.5635064Z 429-->[androidx.glance:glance-appwidget:1.1.1] /home/runner/.gradle/caches/8.14/transforms/0a9f0b23f2ae3b3d671937d923da2cba/transformed/glance-appwidget-1.1.1/AndroidManifest.xml:57:13-36
build	Build with Gradle	2026-06-06T12:25:04.5635271Z 430            android:permission="android.permission.BIND_REMOTEVIEWS" />
build	Build with Gradle	2026-06-06T12:25:04.5635821Z 430-->[androidx.glance:glance-appwidget:1.1.1] /home/runner/.gradle/caches/8.14/transforms/0a9f0b23f2ae3b3d671937d923da2cba/transformed/glance-appwidget-1.1.1/AndroidManifest.xml:58:13-69
build	Build with Gradle	2026-06-06T12:25:04.5635966Z 431        <service
build	Build with Gradle	2026-06-06T12:25:04.5636502Z 431-->[androidx.work:work-runtime:2.10.4] /home/runner/.gradle/caches/8.14/transforms/ff46523a05730a3410b3d43ab7271bd0/transformed/work-runtime-2.10.4/AndroidManifest.xml:39:9-45:35
build	Build with Gradle	2026-06-06T12:25:04.5636784Z 432            android:name="androidx.work.impl.background.systemalarm.SystemAlarmService"
build	Build with Gradle	2026-06-06T12:25:04.5637316Z 432-->[androidx.work:work-runtime:2.10.4] /home/runner/.gradle/caches/8.14/transforms/ff46523a05730a3410b3d43ab7271bd0/transformed/work-runtime-2.10.4/AndroidManifest.xml:40:13-88
build	Build with Gradle	2026-06-06T12:25:04.5637528Z 433            android:directBootAware="false"
build	Build with Gradle	2026-06-06T12:25:04.5638062Z 433-->[androidx.work:work-runtime:2.10.4] /home/runner/.gradle/caches/8.14/transforms/ff46523a05730a3410b3d43ab7271bd0/transformed/work-runtime-2.10.4/AndroidManifest.xml:41:13-44
build	Build with Gradle	2026-06-06T12:25:04.5638261Z 434            android:enabled="@bool/enable_system_alarm_service_default"
build	Build with Gradle	2026-06-06T12:25:04.5638782Z 434-->[androidx.work:work-runtime:2.10.4] /home/runner/.gradle/caches/8.14/transforms/ff46523a05730a3410b3d43ab7271bd0/transformed/work-runtime-2.10.4/AndroidManifest.xml:42:13-72
build	Build with Gradle	2026-06-06T12:25:04.5638908Z 435            android:exported="false" />
build	Build with Gradle	2026-06-06T12:25:04.5639431Z 435-->[androidx.work:work-runtime:2.10.4] /home/runner/.gradle/caches/8.14/transforms/ff46523a05730a3410b3d43ab7271bd0/transformed/work-runtime-2.10.4/AndroidManifest.xml:43:13-37
build	Build with Gradle	2026-06-06T12:25:04.5639538Z 436        <service
build	Build with Gradle	2026-06-06T12:25:04.5640061Z 436-->[androidx.work:work-runtime:2.10.4] /home/runner/.gradle/caches/8.14/transforms/ff46523a05730a3410b3d43ab7271bd0/transformed/work-runtime-2.10.4/AndroidManifest.xml:46:9-52:35
build	Build with Gradle	2026-06-06T12:25:04.5640321Z 437            android:name="androidx.work.impl.background.systemjob.SystemJobService"
build	Build with Gradle	2026-06-06T12:25:04.5640842Z 437-->[androidx.work:work-runtime:2.10.4] /home/runner/.gradle/caches/8.14/transforms/ff46523a05730a3410b3d43ab7271bd0/transformed/work-runtime-2.10.4/AndroidManifest.xml:47:13-84
build	Build with Gradle	2026-06-06T12:25:04.5640993Z 438            android:directBootAware="false"
build	Build with Gradle	2026-06-06T12:25:04.5641554Z 438-->[androidx.work:work-runtime:2.10.4] /home/runner/.gradle/caches/8.14/transforms/ff46523a05730a3410b3d43ab7271bd0/transformed/work-runtime-2.10.4/AndroidManifest.xml:48:13-44
build	Build with Gradle	2026-06-06T12:25:04.5641823Z 439            android:enabled="@bool/enable_system_job_service_default"
build	Build with Gradle	2026-06-06T12:25:04.5642387Z 439-->[androidx.work:work-runtime:2.10.4] /home/runner/.gradle/caches/8.14/transforms/ff46523a05730a3410b3d43ab7271bd0/transformed/work-runtime-2.10.4/AndroidManifest.xml:49:13-70
build	Build with Gradle	2026-06-06T12:25:04.5642519Z 440            android:exported="true"
build	Build with Gradle	2026-06-06T12:25:04.5643038Z 440-->[androidx.work:work-runtime:2.10.4] /home/runner/.gradle/caches/8.14/transforms/ff46523a05730a3410b3d43ab7271bd0/transformed/work-runtime-2.10.4/AndroidManifest.xml:50:13-36
build	Build with Gradle	2026-06-06T12:25:04.5643287Z 441            android:permission="android.permission.BIND_JOB_SERVICE" />
build	Build with Gradle	2026-06-06T12:25:04.5643806Z 441-->[androidx.work:work-runtime:2.10.4] /home/runner/.gradle/caches/8.14/transforms/ff46523a05730a3410b3d43ab7271bd0/transformed/work-runtime-2.10.4/AndroidManifest.xml:51:13-69
build	Build with Gradle	2026-06-06T12:25:04.5643905Z 442
build	Build with Gradle	2026-06-06T12:25:04.5644021Z 443        <receiver
build	Build with Gradle	2026-06-06T12:25:04.5644545Z 443-->[androidx.work:work-runtime:2.10.4] /home/runner/.gradle/caches/8.14/transforms/ff46523a05730a3410b3d43ab7271bd0/transformed/work-runtime-2.10.4/AndroidManifest.xml:61:9-66:35
build	Build with Gradle	2026-06-06T12:25:04.5644867Z 444            android:name="androidx.work.impl.utils.ForceStopRunnable$BroadcastReceiver"
build	Build with Gradle	2026-06-06T12:25:04.5645388Z 444-->[androidx.work:work-runtime:2.10.4] /home/runner/.gradle/caches/8.14/transforms/ff46523a05730a3410b3d43ab7271bd0/transformed/work-runtime-2.10.4/AndroidManifest.xml:62:13-88
build	Build with Gradle	2026-06-06T12:25:04.5645525Z 445            android:directBootAware="false"
build	Build with Gradle	2026-06-06T12:25:04.5646059Z 445-->[androidx.work:work-runtime:2.10.4] /home/runner/.gradle/caches/8.14/transforms/ff46523a05730a3410b3d43ab7271bd0/transformed/work-runtime-2.10.4/AndroidManifest.xml:63:13-44
build	Build with Gradle	2026-06-06T12:25:04.5646220Z 446            android:enabled="true"
build	Build with Gradle	2026-06-06T12:25:04.5646739Z 446-->[androidx.work:work-runtime:2.10.4] /home/runner/.gradle/caches/8.14/transforms/ff46523a05730a3410b3d43ab7271bd0/transformed/work-runtime-2.10.4/AndroidManifest.xml:64:13-35
build	Build with Gradle	2026-06-06T12:25:04.5646865Z 447            android:exported="false" />
build	Build with Gradle	2026-06-06T12:25:04.5647486Z 447-->[androidx.work:work-runtime:2.10.4] /home/runner/.gradle/caches/8.14/transforms/ff46523a05730a3410b3d43ab7271bd0/transformed/work-runtime-2.10.4/AndroidManifest.xml:65:13-37
build	Build with Gradle	2026-06-06T12:25:04.5647596Z 448        <receiver
build	Build with Gradle	2026-06-06T12:25:04.5648118Z 448-->[androidx.work:work-runtime:2.10.4] /home/runner/.gradle/caches/8.14/transforms/ff46523a05730a3410b3d43ab7271bd0/transformed/work-runtime-2.10.4/AndroidManifest.xml:67:9-77:20
build	Build with Gradle	2026-06-06T12:25:04.5648458Z 449            android:name="androidx.work.impl.background.systemalarm.ConstraintProxy$BatteryChargingProxy"
build	Build with Gradle	2026-06-06T12:25:04.5648983Z 449-->[androidx.work:work-runtime:2.10.4] /home/runner/.gradle/caches/8.14/transforms/ff46523a05730a3410b3d43ab7271bd0/transformed/work-runtime-2.10.4/AndroidManifest.xml:68:13-106
build	Build with Gradle	2026-06-06T12:25:04.5649124Z 450            android:directBootAware="false"
build	Build with Gradle	2026-06-06T12:25:04.5649647Z 450-->[androidx.work:work-runtime:2.10.4] /home/runner/.gradle/caches/8.14/transforms/ff46523a05730a3410b3d43ab7271bd0/transformed/work-runtime-2.10.4/AndroidManifest.xml:69:13-44
build	Build with Gradle	2026-06-06T12:25:04.5649769Z 451            android:enabled="false"
build	Build with Gradle	2026-06-06T12:25:04.5650287Z 451-->[androidx.work:work-runtime:2.10.4] /home/runner/.gradle/caches/8.14/transforms/ff46523a05730a3410b3d43ab7271bd0/transformed/work-runtime-2.10.4/AndroidManifest.xml:70:13-36
build	Build with Gradle	2026-06-06T12:25:04.5650418Z 452            android:exported="false" >
build	Build with Gradle	2026-06-06T12:25:04.5650936Z 452-->[androidx.work:work-runtime:2.10.4] /home/runner/.gradle/caches/8.14/transforms/ff46523a05730a3410b3d43ab7271bd0/transformed/work-runtime-2.10.4/AndroidManifest.xml:71:13-37
build	Build with Gradle	2026-06-06T12:25:04.5651057Z 453            <intent-filter>
build	Build with Gradle	2026-06-06T12:25:04.5651586Z 453-->[androidx.work:work-runtime:2.10.4] /home/runner/.gradle/caches/8.14/transforms/ff46523a05730a3410b3d43ab7271bd0/transformed/work-runtime-2.10.4/AndroidManifest.xml:73:13-76:29
build	Build with Gradle	2026-06-06T12:25:04.5651824Z 454                <action android:name="android.intent.action.ACTION_POWER_CONNECTED" />
build	Build with Gradle	2026-06-06T12:25:04.5652349Z 454-->[androidx.work:work-runtime:2.10.4] /home/runner/.gradle/caches/8.14/transforms/ff46523a05730a3410b3d43ab7271bd0/transformed/work-runtime-2.10.4/AndroidManifest.xml:74:17-87
build	Build with Gradle	2026-06-06T12:25:04.5652862Z 454-->[androidx.work:work-runtime:2.10.4] /home/runner/.gradle/caches/8.14/transforms/ff46523a05730a3410b3d43ab7271bd0/transformed/work-runtime-2.10.4/AndroidManifest.xml:74:25-84
build	Build with Gradle	2026-06-06T12:25:04.5653106Z 455                <action android:name="android.intent.action.ACTION_POWER_DISCONNECTED" />
build	Build with Gradle	2026-06-06T12:25:04.5653654Z 455-->[androidx.work:work-runtime:2.10.4] /home/runner/.gradle/caches/8.14/transforms/ff46523a05730a3410b3d43ab7271bd0/transformed/work-runtime-2.10.4/AndroidManifest.xml:75:17-90
build	Build with Gradle	2026-06-06T12:25:04.5654173Z 455-->[androidx.work:work-runtime:2.10.4] /home/runner/.gradle/caches/8.14/transforms/ff46523a05730a3410b3d43ab7271bd0/transformed/work-runtime-2.10.4/AndroidManifest.xml:75:25-87
build	Build with Gradle	2026-06-06T12:25:04.5654318Z 456            </intent-filter>
build	Build with Gradle	2026-06-06T12:25:04.5654426Z 457        </receiver>
build	Build with Gradle	2026-06-06T12:25:04.5654558Z 458        <receiver
build	Build with Gradle	2026-06-06T12:25:04.5655075Z 458-->[androidx.work:work-runtime:2.10.4] /home/runner/.gradle/caches/8.14/transforms/ff46523a05730a3410b3d43ab7271bd0/transformed/work-runtime-2.10.4/AndroidManifest.xml:78:9-88:20
build	Build with Gradle	2026-06-06T12:25:04.5655407Z 459            android:name="androidx.work.impl.background.systemalarm.ConstraintProxy$BatteryNotLowProxy"
build	Build with Gradle	2026-06-06T12:25:04.5655930Z 459-->[androidx.work:work-runtime:2.10.4] /home/runner/.gradle/caches/8.14/transforms/ff46523a05730a3410b3d43ab7271bd0/transformed/work-runtime-2.10.4/AndroidManifest.xml:79:13-104
build	Build with Gradle	2026-06-06T12:25:04.5656095Z 460            android:directBootAware="false"
build	Build with Gradle	2026-06-06T12:25:04.5656611Z 460-->[androidx.work:work-runtime:2.10.4] /home/runner/.gradle/caches/8.14/transforms/ff46523a05730a3410b3d43ab7271bd0/transformed/work-runtime-2.10.4/AndroidManifest.xml:80:13-44
build	Build with Gradle	2026-06-06T12:25:04.5656738Z 461            android:enabled="false"
build	Build with Gradle	2026-06-06T12:25:04.5657259Z 461-->[androidx.work:work-runtime:2.10.4] /home/runner/.gradle/caches/8.14/transforms/ff46523a05730a3410b3d43ab7271bd0/transformed/work-runtime-2.10.4/AndroidManifest.xml:81:13-36
build	Build with Gradle	2026-06-06T12:25:04.5657438Z 462            android:exported="false" >
build	Build with Gradle	2026-06-06T12:25:04.5657955Z 462-->[androidx.work:work-runtime:2.10.4] /home/runner/.gradle/caches/8.14/transforms/ff46523a05730a3410b3d43ab7271bd0/transformed/work-runtime-2.10.4/AndroidManifest.xml:82:13-37
build	Build with Gradle	2026-06-06T12:25:04.5658073Z 463            <intent-filter>
build	Build with Gradle	2026-06-06T12:25:04.5658606Z 463-->[androidx.work:work-runtime:2.10.4] /home/runner/.gradle/caches/8.14/transforms/ff46523a05730a3410b3d43ab7271bd0/transformed/work-runtime-2.10.4/AndroidManifest.xml:84:13-87:29
build	Build with Gradle	2026-06-06T12:25:04.5658820Z 464                <action android:name="android.intent.action.BATTERY_OKAY" />
build	Build with Gradle	2026-06-06T12:25:04.5659336Z 464-->[androidx.work:work-runtime:2.10.4] /home/runner/.gradle/caches/8.14/transforms/ff46523a05730a3410b3d43ab7271bd0/transformed/work-runtime-2.10.4/AndroidManifest.xml:85:17-77
build	Build with Gradle	2026-06-06T12:25:04.5659855Z 464-->[androidx.work:work-runtime:2.10.4] /home/runner/.gradle/caches/8.14/transforms/ff46523a05730a3410b3d43ab7271bd0/transformed/work-runtime-2.10.4/AndroidManifest.xml:85:25-74
build	Build with Gradle	2026-06-06T12:25:04.5660067Z 465                <action android:name="android.intent.action.BATTERY_LOW" />
build	Build with Gradle	2026-06-06T12:25:04.5660585Z 465-->[androidx.work:work-runtime:2.10.4] /home/runner/.gradle/caches/8.14/transforms/ff46523a05730a3410b3d43ab7271bd0/transformed/work-runtime-2.10.4/AndroidManifest.xml:86:17-76
build	Build with Gradle	2026-06-06T12:25:04.5661099Z 465-->[androidx.work:work-runtime:2.10.4] /home/runner/.gradle/caches/8.14/transforms/ff46523a05730a3410b3d43ab7271bd0/transformed/work-runtime-2.10.4/AndroidManifest.xml:86:25-73
build	Build with Gradle	2026-06-06T12:25:04.5661218Z 466            </intent-filter>
build	Build with Gradle	2026-06-06T12:25:04.5661334Z 467        </receiver>
build	Build with Gradle	2026-06-06T12:25:04.5661440Z 468        <receiver
build	Build with Gradle	2026-06-06T12:25:04.5661965Z 468-->[androidx.work:work-runtime:2.10.4] /home/runner/.gradle/caches/8.14/transforms/ff46523a05730a3410b3d43ab7271bd0/transformed/work-runtime-2.10.4/AndroidManifest.xml:89:9-99:20
build	Build with Gradle	2026-06-06T12:25:04.5662291Z 469            android:name="androidx.work.impl.background.systemalarm.ConstraintProxy$StorageNotLowProxy"
build	Build with Gradle	2026-06-06T12:25:04.5662817Z 469-->[androidx.work:work-runtime:2.10.4] /home/runner/.gradle/caches/8.14/transforms/ff46523a05730a3410b3d43ab7271bd0/transformed/work-runtime-2.10.4/AndroidManifest.xml:90:13-104
build	Build with Gradle	2026-06-06T12:25:04.5662995Z 470            android:directBootAware="false"
build	Build with Gradle	2026-06-06T12:25:04.5663513Z 470-->[androidx.work:work-runtime:2.10.4] /home/runner/.gradle/caches/8.14/transforms/ff46523a05730a3410b3d43ab7271bd0/transformed/work-runtime-2.10.4/AndroidManifest.xml:91:13-44
build	Build with Gradle	2026-06-06T12:25:04.5663631Z 471            android:enabled="false"
build	Build with Gradle	2026-06-06T12:25:04.5664147Z 471-->[androidx.work:work-runtime:2.10.4] /home/runner/.gradle/caches/8.14/transforms/ff46523a05730a3410b3d43ab7271bd0/transformed/work-runtime-2.10.4/AndroidManifest.xml:92:13-36
build	Build with Gradle	2026-06-06T12:25:04.5664304Z 472            android:exported="false" >
build	Build with Gradle	2026-06-06T12:25:04.5664857Z 472-->[androidx.work:work-runtime:2.10.4] /home/runner/.gradle/caches/8.14/transforms/ff46523a05730a3410b3d43ab7271bd0/transformed/work-runtime-2.10.4/AndroidManifest.xml:93:13-37
build	Build with Gradle	2026-06-06T12:25:04.5664972Z 473            <intent-filter>
build	Build with Gradle	2026-06-06T12:25:04.5665499Z 473-->[androidx.work:work-runtime:2.10.4] /home/runner/.gradle/caches/8.14/transforms/ff46523a05730a3410b3d43ab7271bd0/transformed/work-runtime-2.10.4/AndroidManifest.xml:95:13-98:29
build	Build with Gradle	2026-06-06T12:25:04.5665755Z 474                <action android:name="android.intent.action.DEVICE_STORAGE_LOW" />
build	Build with Gradle	2026-06-06T12:25:04.5666276Z 474-->[androidx.work:work-runtime:2.10.4] /home/runner/.gradle/caches/8.14/transforms/ff46523a05730a3410b3d43ab7271bd0/transformed/work-runtime-2.10.4/AndroidManifest.xml:96:17-83
build	Build with Gradle	2026-06-06T12:25:04.5666790Z 474-->[androidx.work:work-runtime:2.10.4] /home/runner/.gradle/caches/8.14/transforms/ff46523a05730a3410b3d43ab7271bd0/transformed/work-runtime-2.10.4/AndroidManifest.xml:96:25-80
build	Build with Gradle	2026-06-06T12:25:04.5667007Z 475                <action android:name="android.intent.action.DEVICE_STORAGE_OK" />
build	Build with Gradle	2026-06-06T12:25:04.5667684Z 475-->[androidx.work:work-runtime:2.10.4] /home/runner/.gradle/caches/8.14/transforms/ff46523a05730a3410b3d43ab7271bd0/transformed/work-runtime-2.10.4/AndroidManifest.xml:97:17-82
build	Build with Gradle	2026-06-06T12:25:04.5668222Z 475-->[androidx.work:work-runtime:2.10.4] /home/runner/.gradle/caches/8.14/transforms/ff46523a05730a3410b3d43ab7271bd0/transformed/work-runtime-2.10.4/AndroidManifest.xml:97:25-79
build	Build with Gradle	2026-06-06T12:25:04.5668344Z 476            </intent-filter>
build	Build with Gradle	2026-06-06T12:25:04.5668454Z 477        </receiver>
build	Build with Gradle	2026-06-06T12:25:04.5668561Z 478        <receiver
build	Build with Gradle	2026-06-06T12:25:04.5669235Z 478-->[androidx.work:work-runtime:2.10.4] /home/runner/.gradle/caches/8.14/transforms/ff46523a05730a3410b3d43ab7271bd0/transformed/work-runtime-2.10.4/AndroidManifest.xml:100:9-109:20
build	Build with Gradle	2026-06-06T12:25:04.5669568Z 479            android:name="androidx.work.impl.background.systemalarm.ConstraintProxy$NetworkStateProxy"
build	Build with Gradle	2026-06-06T12:25:04.5670092Z 479-->[androidx.work:work-runtime:2.10.4] /home/runner/.gradle/caches/8.14/transforms/ff46523a05730a3410b3d43ab7271bd0/transformed/work-runtime-2.10.4/AndroidManifest.xml:101:13-103
build	Build with Gradle	2026-06-06T12:25:04.5670224Z 480            android:directBootAware="false"
build	Build with Gradle	2026-06-06T12:25:04.5670743Z 480-->[androidx.work:work-runtime:2.10.4] /home/runner/.gradle/caches/8.14/transforms/ff46523a05730a3410b3d43ab7271bd0/transformed/work-runtime-2.10.4/AndroidManifest.xml:102:13-44
build	Build with Gradle	2026-06-06T12:25:04.5670864Z 481            android:enabled="false"
build	Build with Gradle	2026-06-06T12:25:04.5671391Z 481-->[androidx.work:work-runtime:2.10.4] /home/runner/.gradle/caches/8.14/transforms/ff46523a05730a3410b3d43ab7271bd0/transformed/work-runtime-2.10.4/AndroidManifest.xml:103:13-36
build	Build with Gradle	2026-06-06T12:25:04.5671516Z 482            android:exported="false" >
build	Build with Gradle	2026-06-06T12:25:04.5672038Z 482-->[androidx.work:work-runtime:2.10.4] /home/runner/.gradle/caches/8.14/transforms/ff46523a05730a3410b3d43ab7271bd0/transformed/work-runtime-2.10.4/AndroidManifest.xml:104:13-37
build	Build with Gradle	2026-06-06T12:25:04.5672153Z 483            <intent-filter>
build	Build with Gradle	2026-06-06T12:25:04.5672695Z 483-->[androidx.work:work-runtime:2.10.4] /home/runner/.gradle/caches/8.14/transforms/ff46523a05730a3410b3d43ab7271bd0/transformed/work-runtime-2.10.4/AndroidManifest.xml:106:13-108:29
build	Build with Gradle	2026-06-06T12:25:04.5672906Z 484                <action android:name="android.net.conn.CONNECTIVITY_CHANGE" />
build	Build with Gradle	2026-06-06T12:25:04.5673483Z 484-->[androidx.work:work-runtime:2.10.4] /home/runner/.gradle/caches/8.14/transforms/ff46523a05730a3410b3d43ab7271bd0/transformed/work-runtime-2.10.4/AndroidManifest.xml:107:17-79
build	Build with Gradle	2026-06-06T12:25:04.5674009Z 484-->[androidx.work:work-runtime:2.10.4] /home/runner/.gradle/caches/8.14/transforms/ff46523a05730a3410b3d43ab7271bd0/transformed/work-runtime-2.10.4/AndroidManifest.xml:107:25-76
build	Build with Gradle	2026-06-06T12:25:04.5674152Z 485            </intent-filter>
build	Build with Gradle	2026-06-06T12:25:04.5674264Z 486        </receiver>
build	Build with Gradle	2026-06-06T12:25:04.5674369Z 487        <receiver
build	Build with Gradle	2026-06-06T12:25:04.5675002Z 487-->[androidx.work:work-runtime:2.10.4] /home/runner/.gradle/caches/8.14/transforms/ff46523a05730a3410b3d43ab7271bd0/transformed/work-runtime-2.10.4/AndroidManifest.xml:110:9-121:20
build	Build with Gradle	2026-06-06T12:25:04.5675277Z 488            android:name="androidx.work.impl.background.systemalarm.RescheduleReceiver"
build	Build with Gradle	2026-06-06T12:25:04.5675796Z 488-->[androidx.work:work-runtime:2.10.4] /home/runner/.gradle/caches/8.14/transforms/ff46523a05730a3410b3d43ab7271bd0/transformed/work-runtime-2.10.4/AndroidManifest.xml:111:13-88
build	Build with Gradle	2026-06-06T12:25:04.5675975Z 489            android:directBootAware="false"
build	Build with Gradle	2026-06-06T12:25:04.5676493Z 489-->[androidx.work:work-runtime:2.10.4] /home/runner/.gradle/caches/8.14/transforms/ff46523a05730a3410b3d43ab7271bd0/transformed/work-runtime-2.10.4/AndroidManifest.xml:112:13-44
build	Build with Gradle	2026-06-06T12:25:04.5676612Z 490            android:enabled="false"
build	Build with Gradle	2026-06-06T12:25:04.5677134Z 490-->[androidx.work:work-runtime:2.10.4] /home/runner/.gradle/caches/8.14/transforms/ff46523a05730a3410b3d43ab7271bd0/transformed/work-runtime-2.10.4/AndroidManifest.xml:113:13-36
build	Build with Gradle	2026-06-06T12:25:04.5677270Z 491            android:exported="false" >
build	Build with Gradle	2026-06-06T12:25:04.5678115Z 491-->[androidx.work:work-runtime:2.10.4] /home/runner/.gradle/caches/8.14/transforms/ff46523a05730a3410b3d43ab7271bd0/transformed/work-runtime-2.10.4/AndroidManifest.xml:114:13-37
build	Build with Gradle	2026-06-06T12:25:04.5678270Z 492            <intent-filter>
build	Build with Gradle	2026-06-06T12:25:04.5678814Z 492-->[androidx.work:work-runtime:2.10.4] /home/runner/.gradle/caches/8.14/transforms/ff46523a05730a3410b3d43ab7271bd0/transformed/work-runtime-2.10.4/AndroidManifest.xml:116:13-120:29
build	Build with Gradle	2026-06-06T12:25:04.5679032Z 493                <action android:name="android.intent.action.BOOT_COMPLETED" />
build	Build with Gradle	2026-06-06T12:25:04.5679335Z 493-->/home/runner/work/ShizukuPlus/ShizukuPlus/manager/src/main/AndroidManifest.xml:284:17-79
build	Build with Gradle	2026-06-06T12:25:04.5679620Z 493-->/home/runner/work/ShizukuPlus/ShizukuPlus/manager/src/main/AndroidManifest.xml:284:25-76
build	Build with Gradle	2026-06-06T12:25:04.5679820Z 494                <action android:name="android.intent.action.TIME_SET" />
build	Build with Gradle	2026-06-06T12:25:04.5680340Z 494-->[androidx.work:work-runtime:2.10.4] /home/runner/.gradle/caches/8.14/transforms/ff46523a05730a3410b3d43ab7271bd0/transformed/work-runtime-2.10.4/AndroidManifest.xml:118:17-73
build	Build with Gradle	2026-06-06T12:25:04.5680871Z 494-->[androidx.work:work-runtime:2.10.4] /home/runner/.gradle/caches/8.14/transforms/ff46523a05730a3410b3d43ab7271bd0/transformed/work-runtime-2.10.4/AndroidManifest.xml:118:25-70
build	Build with Gradle	2026-06-06T12:25:04.5681093Z 495                <action android:name="android.intent.action.TIMEZONE_CHANGED" />
build	Build with Gradle	2026-06-06T12:25:04.5681613Z 495-->[androidx.work:work-runtime:2.10.4] /home/runner/.gradle/caches/8.14/transforms/ff46523a05730a3410b3d43ab7271bd0/transformed/work-runtime-2.10.4/AndroidManifest.xml:119:17-81
build	Build with Gradle	2026-06-06T12:25:04.5682133Z 495-->[androidx.work:work-runtime:2.10.4] /home/runner/.gradle/caches/8.14/transforms/ff46523a05730a3410b3d43ab7271bd0/transformed/work-runtime-2.10.4/AndroidManifest.xml:119:25-78
build	Build with Gradle	2026-06-06T12:25:04.5682263Z 496            </intent-filter>
build	Build with Gradle	2026-06-06T12:25:04.5682371Z 497        </receiver>
build	Build with Gradle	2026-06-06T12:25:04.5682475Z 498        <receiver
build	Build with Gradle	2026-06-06T12:25:04.5683008Z 498-->[androidx.work:work-runtime:2.10.4] /home/runner/.gradle/caches/8.14/transforms/ff46523a05730a3410b3d43ab7271bd0/transformed/work-runtime-2.10.4/AndroidManifest.xml:122:9-131:20
build	Build with Gradle	2026-06-06T12:25:04.5683401Z 499            android:name="androidx.work.impl.background.systemalarm.ConstraintProxyUpdateReceiver"
build	Build with Gradle	2026-06-06T12:25:04.5683933Z 499-->[androidx.work:work-runtime:2.10.4] /home/runner/.gradle/caches/8.14/transforms/ff46523a05730a3410b3d43ab7271bd0/transformed/work-runtime-2.10.4/AndroidManifest.xml:123:13-99
build	Build with Gradle	2026-06-06T12:25:04.5684067Z 500            android:directBootAware="false"
build	Build with Gradle	2026-06-06T12:25:04.5684588Z 500-->[androidx.work:work-runtime:2.10.4] /home/runner/.gradle/caches/8.14/transforms/ff46523a05730a3410b3d43ab7271bd0/transformed/work-runtime-2.10.4/AndroidManifest.xml:124:13-44
build	Build with Gradle	2026-06-06T12:25:04.5684840Z 501            android:enabled="@bool/enable_system_alarm_service_default"
build	Build with Gradle	2026-06-06T12:25:04.5685363Z 501-->[androidx.work:work-runtime:2.10.4] /home/runner/.gradle/caches/8.14/transforms/ff46523a05730a3410b3d43ab7271bd0/transformed/work-runtime-2.10.4/AndroidManifest.xml:125:13-72
build	Build with Gradle	2026-06-06T12:25:04.5685500Z 502            android:exported="false" >
build	Build with Gradle	2026-06-06T12:25:04.5686023Z 502-->[androidx.work:work-runtime:2.10.4] /home/runner/.gradle/caches/8.14/transforms/ff46523a05730a3410b3d43ab7271bd0/transformed/work-runtime-2.10.4/AndroidManifest.xml:126:13-37
build	Build with Gradle	2026-06-06T12:25:04.5686168Z 503            <intent-filter>
build	Build with Gradle	2026-06-06T12:25:04.5686709Z 503-->[androidx.work:work-runtime:2.10.4] /home/runner/.gradle/caches/8.14/transforms/ff46523a05730a3410b3d43ab7271bd0/transformed/work-runtime-2.10.4/AndroidManifest.xml:128:13-130:29
build	Build with Gradle	2026-06-06T12:25:04.5687019Z 504                <action android:name="androidx.work.impl.background.systemalarm.UpdateProxies" />
build	Build with Gradle	2026-06-06T12:25:04.5687737Z 504-->[androidx.work:work-runtime:2.10.4] /home/runner/.gradle/caches/8.14/transforms/ff46523a05730a3410b3d43ab7271bd0/transformed/work-runtime-2.10.4/AndroidManifest.xml:129:17-98
build	Build with Gradle	2026-06-06T12:25:04.5688272Z 504-->[androidx.work:work-runtime:2.10.4] /home/runner/.gradle/caches/8.14/transforms/ff46523a05730a3410b3d43ab7271bd0/transformed/work-runtime-2.10.4/AndroidManifest.xml:129:25-95
build	Build with Gradle	2026-06-06T12:25:04.5688400Z 505            </intent-filter>
build	Build with Gradle	2026-06-06T12:25:04.5688519Z 506        </receiver>
build	Build with Gradle	2026-06-06T12:25:04.5688649Z 507        <receiver
build	Build with Gradle	2026-06-06T12:25:04.5689178Z 507-->[androidx.work:work-runtime:2.10.4] /home/runner/.gradle/caches/8.14/transforms/ff46523a05730a3410b3d43ab7271bd0/transformed/work-runtime-2.10.4/AndroidManifest.xml:132:9-142:20
build	Build with Gradle	2026-06-06T12:25:04.5689416Z 508            android:name="androidx.work.impl.diagnostics.DiagnosticsReceiver"
build	Build with Gradle	2026-06-06T12:25:04.5689945Z 508-->[androidx.work:work-runtime:2.10.4] /home/runner/.gradle/caches/8.14/transforms/ff46523a05730a3410b3d43ab7271bd0/transformed/work-runtime-2.10.4/AndroidManifest.xml:133:13-78
build	Build with Gradle	2026-06-06T12:25:04.5690087Z 509            android:directBootAware="false"
build	Build with Gradle	2026-06-06T12:25:04.5690610Z 509-->[androidx.work:work-runtime:2.10.4] /home/runner/.gradle/caches/8.14/transforms/ff46523a05730a3410b3d43ab7271bd0/transformed/work-runtime-2.10.4/AndroidManifest.xml:134:13-44
build	Build with Gradle	2026-06-06T12:25:04.5690733Z 510            android:enabled="true"
build	Build with Gradle	2026-06-06T12:25:04.5691259Z 510-->[androidx.work:work-runtime:2.10.4] /home/runner/.gradle/caches/8.14/transforms/ff46523a05730a3410b3d43ab7271bd0/transformed/work-runtime-2.10.4/AndroidManifest.xml:135:13-35
build	Build with Gradle	2026-06-06T12:25:04.5691381Z 511            android:exported="true"
build	Build with Gradle	2026-06-06T12:25:04.5691902Z 511-->[androidx.work:work-runtime:2.10.4] /home/runner/.gradle/caches/8.14/transforms/ff46523a05730a3410b3d43ab7271bd0/transformed/work-runtime-2.10.4/AndroidManifest.xml:136:13-36
build	Build with Gradle	2026-06-06T12:25:04.5692078Z 512            android:permission="android.permission.DUMP" >
build	Build with Gradle	2026-06-06T12:25:04.5692595Z 512-->[androidx.work:work-runtime:2.10.4] /home/runner/.gradle/caches/8.14/transforms/ff46523a05730a3410b3d43ab7271bd0/transformed/work-runtime-2.10.4/AndroidManifest.xml:137:13-57
build	Build with Gradle	2026-06-06T12:25:04.5692706Z 513            <intent-filter>
build	Build with Gradle	2026-06-06T12:25:04.5693236Z 513-->[androidx.work:work-runtime:2.10.4] /home/runner/.gradle/caches/8.14/transforms/ff46523a05730a3410b3d43ab7271bd0/transformed/work-runtime-2.10.4/AndroidManifest.xml:139:13-141:29
build	Build with Gradle	2026-06-06T12:25:04.5693543Z 514                <action android:name="androidx.work.diagnostics.REQUEST_DIAGNOSTICS" />
build	Build with Gradle	2026-06-06T12:25:04.5694058Z 514-->[androidx.work:work-runtime:2.10.4] /home/runner/.gradle/caches/8.14/transforms/ff46523a05730a3410b3d43ab7271bd0/transformed/work-runtime-2.10.4/AndroidManifest.xml:140:17-88
build	Build with Gradle	2026-06-06T12:25:04.5694573Z 514-->[androidx.work:work-runtime:2.10.4] /home/runner/.gradle/caches/8.14/transforms/ff46523a05730a3410b3d43ab7271bd0/transformed/work-runtime-2.10.4/AndroidManifest.xml:140:25-85
build	Build with Gradle	2026-06-06T12:25:04.5694717Z 515            </intent-filter>
build	Build with Gradle	2026-06-06T12:25:04.5694867Z 516        </receiver>
build	Build with Gradle	2026-06-06T12:25:04.5694962Z 517
build	Build with Gradle	2026-06-06T12:25:04.5695065Z 518        <service
build	Build with Gradle	2026-06-06T12:25:04.5695626Z 518-->[androidx.core:core-remoteviews:1.1.0] /home/runner/.gradle/caches/8.14/transforms/c2631671ecbd3d95bfc540fb5557d230/transformed/core-remoteviews-1.1.0/AndroidManifest.xml:24:9-27:63
build	Build with Gradle	2026-06-06T12:25:04.5695851Z 519            android:name="androidx.core.widget.RemoteViewsCompatService"
build	Build with Gradle	2026-06-06T12:25:04.5696440Z 519-->[androidx.core:core-remoteviews:1.1.0] /home/runner/.gradle/caches/8.14/transforms/c2631671ecbd3d95bfc540fb5557d230/transformed/core-remoteviews-1.1.0/AndroidManifest.xml:25:13-73
build	Build with Gradle	2026-06-06T12:25:04.5696646Z 520            android:permission="android.permission.BIND_REMOTEVIEWS" />
build	Build with Gradle	2026-06-06T12:25:04.5697198Z 520-->[androidx.core:core-remoteviews:1.1.0] /home/runner/.gradle/caches/8.14/transforms/c2631671ecbd3d95bfc540fb5557d230/transformed/core-remoteviews-1.1.0/AndroidManifest.xml:26:13-69
build	Build with Gradle	2026-06-06T12:25:04.5697298Z 521
build	Build with Gradle	2026-06-06T12:25:04.5697478Z 522        <uses-library
build	Build with Gradle	2026-06-06T12:25:04.5697978Z 522-->[androidx.window:window:1.0.0] /home/runner/.gradle/caches/8.14/transforms/5424bb4aed8761312b4b26bf9e07d98a/transformed/window-1.0.0/AndroidManifest.xml:25:9-27:40
build	Build with Gradle	2026-06-06T12:25:04.5698146Z 523            android:name="androidx.window.extensions"
build	Build with Gradle	2026-06-06T12:25:04.5698630Z 523-->[androidx.window:window:1.0.0] /home/runner/.gradle/caches/8.14/transforms/5424bb4aed8761312b4b26bf9e07d98a/transformed/window-1.0.0/AndroidManifest.xml:26:13-54
build	Build with Gradle	2026-06-06T12:25:04.5698759Z 524            android:required="false" />
build	Build with Gradle	2026-06-06T12:25:04.5699248Z 524-->[androidx.window:window:1.0.0] /home/runner/.gradle/caches/8.14/transforms/5424bb4aed8761312b4b26bf9e07d98a/transformed/window-1.0.0/AndroidManifest.xml:27:13-37
build	Build with Gradle	2026-06-06T12:25:04.5699362Z 525        <uses-library
build	Build with Gradle	2026-06-06T12:25:04.5699847Z 525-->[androidx.window:window:1.0.0] /home/runner/.gradle/caches/8.14/transforms/5424bb4aed8761312b4b26bf9e07d98a/transformed/window-1.0.0/AndroidManifest.xml:28:9-30:40
build	Build with Gradle	2026-06-06T12:25:04.5700007Z 526            android:name="androidx.window.sidecar"
build	Build with Gradle	2026-06-06T12:25:04.5700663Z 526-->[androidx.window:window:1.0.0] /home/runner/.gradle/caches/8.14/transforms/5424bb4aed8761312b4b26bf9e07d98a/transformed/window-1.0.0/AndroidManifest.xml:29:13-51
build	Build with Gradle	2026-06-06T12:25:04.5700839Z 527            android:required="false" />
build	Build with Gradle	2026-06-06T12:25:04.5701322Z 527-->[androidx.window:window:1.0.0] /home/runner/.gradle/caches/8.14/transforms/5424bb4aed8761312b4b26bf9e07d98a/transformed/window-1.0.0/AndroidManifest.xml:30:13-37
build	Build with Gradle	2026-06-06T12:25:04.5701424Z 528
build	Build with Gradle	2026-06-06T12:25:04.5701526Z 529        <service
build	Build with Gradle	2026-06-06T12:25:04.5702049Z 529-->[androidx.room:room-runtime:2.6.1] /home/runner/.gradle/caches/8.14/transforms/a0f2f8571a731d673f1339b181103682/transformed/room-runtime-2.6.1/AndroidManifest.xml:24:9-28:63
build	Build with Gradle	2026-06-06T12:25:04.5702281Z 530            android:name="androidx.room.MultiInstanceInvalidationService"
build	Build with Gradle	2026-06-06T12:25:04.5702988Z 530-->[androidx.room:room-runtime:2.6.1] /home/runner/.gradle/caches/8.14/transforms/a0f2f8571a731d673f1339b181103682/transformed/room-runtime-2.6.1/AndroidManifest.xml:25:13-74
build	Build with Gradle	2026-06-06T12:25:04.5703126Z 531            android:directBootAware="true"
build	Build with Gradle	2026-06-06T12:25:04.5703640Z 531-->[androidx.room:room-runtime:2.6.1] /home/runner/.gradle/caches/8.14/transforms/a0f2f8571a731d673f1339b181103682/transformed/room-runtime-2.6.1/AndroidManifest.xml:26:13-43
build	Build with Gradle	2026-06-06T12:25:04.5703846Z 532            android:exported="false" />
build	Build with Gradle	2026-06-06T12:25:04.5704364Z 532-->[androidx.room:room-runtime:2.6.1] /home/runner/.gradle/caches/8.14/transforms/a0f2f8571a731d673f1339b181103682/transformed/room-runtime-2.6.1/AndroidManifest.xml:27:13-37
build	Build with Gradle	2026-06-06T12:25:04.5704478Z 533
build	Build with Gradle	2026-06-06T12:25:04.5704591Z 534        <meta-data
build	Build with Gradle	2026-06-06T12:25:04.5705164Z 534-->[:provider] /home/runner/work/ShizukuPlus/ShizukuPlus/api/provider/build/intermediates/merged_manifest/release/processReleaseManifest/AndroidManifest.xml:11:9-13:36
build	Build with Gradle	2026-06-06T12:25:04.5705381Z 535            android:name="af.shizuku.client.V3_SUPPORT"
build	Build with Gradle	2026-06-06T12:25:04.5705901Z 535-->[:provider] /home/runner/work/ShizukuPlus/ShizukuPlus/api/provider/build/intermediates/merged_manifest/release/processReleaseManifest/AndroidManifest.xml:12:13-56
build	Build with Gradle	2026-06-06T12:25:04.5706020Z 536            android:value="true" />
build	Build with Gradle	2026-06-06T12:25:04.5706535Z 536-->[:provider] /home/runner/work/ShizukuPlus/ShizukuPlus/api/provider/build/intermediates/merged_manifest/release/processReleaseManifest/AndroidManifest.xml:13:13-33
build	Build with Gradle	2026-06-06T12:25:04.5706679Z 537    </application>
build	Build with Gradle	2026-06-06T12:25:04.5706784Z 538
build	Build with Gradle	2026-06-06T12:25:04.5706897Z 539</manifest>
build	Build with Gradle	2026-06-06T12:25:04.5706904Z 
build	Build with Gradle	2026-06-06T12:25:04.5707495Z Merged manifest saved to /home/runner/work/ShizukuPlus/ShizukuPlus/manager/build/intermediates/merged_manifest/release/processReleaseMainManifest/AndroidManifest.xml
build	Build with Gradle	2026-06-06T12:25:04.5707848Z Stored cache entry for task ':manager:processReleaseMainManifest' with cache key fd03db2dfa02d97a86fa36c92074a4b5
build	Build with Gradle	2026-06-06T12:25:04.5708016Z AAPT2 aapt2-8.11.1-12782657-linux Daemon #0: shutdown
build	Build with Gradle	2026-06-06T12:25:04.5708182Z AAPT2 aapt2-8.11.1-12782657-linux Daemon #1: shutdown
build	Build with Gradle	2026-06-06T12:25:04.5708334Z AAPT2 aapt2-8.11.1-12782657-linux Daemon #2: shutdown
build	Build with Gradle	2026-06-06T12:25:04.5708866Z gradle/actions: Writing build results to /home/runner/work/_temp/.gradle-actions/build-results/buildWithGradle-1780748605623.json
build	Build with Gradle	2026-06-06T12:25:04.5708879Z 
build	Build with Gradle	2026-06-06T12:25:04.5709534Z [Incubating] Problems report is available at: file:///home/runner/work/ShizukuPlus/ShizukuPlus/build/reports/problems/problems-report.html
build	Build with Gradle	2026-06-06T12:25:04.5709544Z 
build	Build with Gradle	2026-06-06T12:25:04.5709949Z Deprecated Gradle features were used in this build, making it incompatible with Gradle 9.0.
build	Build with Gradle	2026-06-06T12:25:04.5709957Z 
build	Build with Gradle	2026-06-06T12:25:04.5710593Z You can use '--warning-mode all' to show the individual deprecation warnings and determine if they come from your own scripts or plugins.
build	Build with Gradle	2026-06-06T12:25:04.5710617Z 
build	Build with Gradle	2026-06-06T12:25:04.5711400Z For more on this, please refer to https://docs.gradle.org/8.14/userguide/command_line_interface.html#sec:command_line_warnings in the Gradle documentation.
build	Build with Gradle	2026-06-06T12:25:04.5711639Z 300 actionable tasks: 249 executed, 51 from cache
build	Build with Gradle	2026-06-06T12:25:04.5711684Z 
build	Build with Gradle	2026-06-06T12:25:04.5711887Z Publishing Build Scan...
build	Build with Gradle	2026-06-06T12:25:04.6749878Z gradle/actions: Writing build results to /home/runner/work/_temp/.gradle-actions/build-scans/buildWithGradle-1780748605623.json
build	Build with Gradle	2026-06-06T12:25:05.3758489Z https://gradle.com/s/f2nd5jxeszpwk
build	Build with Gradle	2026-06-06T12:25:05.3759000Z 
build	Build with Gradle	2026-06-06T12:25:05.3759734Z Build cache (/home/runner/.gradle/caches/build-cache-1) removing files not accessed on or after Sat May 30 12:25:05 UTC 2026.
build	Build with Gradle	2026-06-06T12:25:05.3760989Z Build cache (/home/runner/.gradle/caches/build-cache-1) cleanup deleted 0 files/directories.
build	Build with Gradle	2026-06-06T12:25:05.3762121Z Build cache (/home/runner/.gradle/caches/build-cache-1) cleaned up in 0.037 secs.
build	Build with Gradle	2026-06-06T12:25:05.4799518Z dependencies-accessors (/home/runner/.gradle/caches/8.14/dependencies-accessors) removing files not accessed on or after Sat May 30 12:25:05 UTC 2026.
build	Build with Gradle	2026-06-06T12:25:05.4801939Z dependencies-accessors (/home/runner/.gradle/caches/8.14/dependencies-accessors) cleanup deleted 0 files/directories.
build	Build with Gradle	2026-06-06T12:25:05.4803566Z dependencies-accessors (/home/runner/.gradle/caches/8.14/dependencies-accessors) cleaned up in 0.0 secs.
build	Build with Gradle	2026-06-06T12:25:05.8269700Z ##[error]Process completed with exit code 1.
build	Post Setup Gradle	﻿2026-06-06T12:25:05.8416287Z Post job cleanup.
build	Post Setup Gradle	2026-06-06T12:25:06.1412879Z In post-action step
build	Post Setup Gradle	2026-06-06T12:25:06.1424955Z ##[group]Stopping Gradle daemons
build	Post Setup Gradle	2026-06-06T12:25:06.1426187Z Stopping Gradle daemons for /home/runner/.gradle/wrapper/dists/gradle-8.14-bin/38aieal9i53h9rfe7vjup95b9/gradle-8.14
build	Post Setup Gradle	2026-06-06T12:25:06.1445134Z [command]/home/runner/.gradle/wrapper/dists/gradle-8.14-bin/38aieal9i53h9rfe7vjup95b9/gradle-8.14/bin/gradle --stop
build	Post Setup Gradle	2026-06-06T12:25:06.7212484Z Stopping Daemon(s)
build	Post Setup Gradle	2026-06-06T12:25:06.7214624Z 1 Daemon stopped
build	Post Setup Gradle	2026-06-06T12:25:06.7292537Z ##[endgroup]
build	Post Setup Gradle	2026-06-06T12:25:06.7293706Z Not performing cache-cleanup due to build failure
build	Post Setup Gradle	2026-06-06T12:25:06.7294767Z ##[group]Caching Gradle state
build	Post Setup Gradle	2026-06-06T12:25:07.1194003Z [command]/usr/bin/tar --posix -cf cache.tzst --exclude cache.tzst -P -C /home/runner/work/ShizukuPlus/ShizukuPlus --files-from manifest.txt --use-compress-program zstdmt
build	Post Setup Gradle	2026-06-06T12:25:07.2583492Z [command]/usr/bin/tar --posix -cf cache.tzst --exclude cache.tzst -P -C /home/runner/work/ShizukuPlus/ShizukuPlus --files-from manifest.txt --use-compress-program zstdmt
build	Post Setup Gradle	2026-06-06T12:25:07.5457863Z [command]/usr/bin/tar --posix -cf cache.tzst --exclude cache.tzst -P -C /home/runner/work/ShizukuPlus/ShizukuPlus --files-from manifest.txt --use-compress-program zstdmt
build	Post Setup Gradle	2026-06-06T12:25:08.0189296Z Sent 221924 of 221924 (100.0%), 0.4 MBs/sec
build	Post Setup Gradle	2026-06-06T12:25:08.2348641Z Sent 525536 of 525536 (100.0%), 0.8 MBs/sec
build	Post Setup Gradle	2026-06-06T12:25:08.3549685Z Saved cache entry with key gradle-instrumented-jars-v1-09b3d27350091f61951b0baa8f8ecf9a from /home/runner/.gradle/caches/jars-*/*/ in 1264ms
build	Post Setup Gradle	2026-06-06T12:25:08.5452381Z Saved cache entry with key gradle-groovy-dsl-v1-27ff05e6a9824686ee794eabf1135b11 from /home/runner/.gradle/caches/*/groovy-dsl/*/ in 1404ms
build	Post Setup Gradle	2026-06-06T12:25:09.7603947Z Sent 0 of 358870302 (0.0%), 0.0 MBs/sec
build	Post Setup Gradle	2026-06-06T12:25:10.1883851Z [command]/usr/bin/tar --posix -cf cache.tzst --exclude cache.tzst -P -C /home/runner/work/ShizukuPlus/ShizukuPlus --files-from manifest.txt --use-compress-program zstdmt
build	Post Setup Gradle	2026-06-06T12:25:10.7604874Z Sent 90434846 of 358870302 (25.2%), 43.1 MBs/sec
build	Post Setup Gradle	2026-06-06T12:25:11.4391169Z Sent 358870302 of 358870302 (100.0%), 127.8 MBs/sec
build	Post Setup Gradle	2026-06-06T12:25:11.7679885Z Saved cache entry with key gradle-dependencies-v1-19efd97413dff80a87a26037bc8c2bd3 from /home/runner/.gradle/caches/modules-*/files-*/*/*/*/* in 4708ms
build	Post Setup Gradle	2026-06-06T12:25:13.8056925Z Sent 0 of 221196820 (0.0%), 0.0 MBs/sec
build	Post Setup Gradle	2026-06-06T12:25:14.8056723Z Sent 19870228 of 221196820 (9.0%), 9.5 MBs/sec
build	Post Setup Gradle	2026-06-06T12:25:15.0672072Z Sent 221196820 of 221196820 (100.0%), 93.3 MBs/sec
build	Post Setup Gradle	2026-06-06T12:25:15.3764582Z Saved cache entry with key gradle-transforms-v1-431930716019b141e907976a119673a9 from /home/runner/.gradle/caches/transforms-4/*/,/home/runner/.gradle/caches/*/transforms/*/ in 6709ms
build	Post Setup Gradle	2026-06-06T12:25:16.3600555Z [command]/usr/bin/tar --posix -cf cache.tzst --exclude cache.tzst -P -C /home/runner/work/ShizukuPlus/ShizukuPlus --files-from manifest.txt --use-compress-program zstdmt
build	Post Setup Gradle	2026-06-06T12:25:18.0235111Z Sent 19464192 of 91584654 (21.3%), 18.6 MBs/sec
build	Post Setup Gradle	2026-06-06T12:25:19.0236119Z Sent 70975488 of 91584654 (77.5%), 33.8 MBs/sec
build	Post Setup Gradle	2026-06-06T12:25:19.8236106Z Sent 91584654 of 91584654 (100.0%), 31.2 MBs/sec
build	Post Setup Gradle	2026-06-06T12:25:20.1139801Z Saved cache entry with key gradle-home-v1|Linux-X64|build[8f1a35902c100c60bb9f5f2fa570f2c2]-ba784d260dfc93674d9f38e70b2aba67ad40e6d8 from /home/runner/.gradle/caches,/home/runner/.gradle/notifications,/home/runner/.gradle/.setup-gradle in 3761ms
build	Post Setup Gradle	2026-06-06T12:25:20.1141144Z ##[endgroup]
build	Post Setup Gradle	2026-06-06T12:25:20.1145548Z Generating Job Summary
build	Post Setup Gradle	2026-06-06T12:25:20.1158353Z Completed post-action step
build	Post Setup Java	﻿2026-06-06T12:25:20.1346571Z Post job cleanup.
build	Post Checkout	﻿2026-06-06T12:25:20.3086839Z Post job cleanup.
build	Post Checkout	2026-06-06T12:25:20.4079506Z [command]/usr/bin/git version
build	Post Checkout	2026-06-06T12:25:20.4115578Z git version 2.54.0
build	Post Checkout	2026-06-06T12:25:20.4154681Z Temporarily overriding HOME='/home/runner/work/_temp/ed430131-5ed1-438a-8c7d-c2db172fd17f' before making global git config changes
build	Post Checkout	2026-06-06T12:25:20.4156289Z Adding repository directory to the temporary git global config as a safe directory
build	Post Checkout	2026-06-06T12:25:20.4160723Z [command]/usr/bin/git config --global --add safe.directory /home/runner/work/ShizukuPlus/ShizukuPlus
build	Post Checkout	2026-06-06T12:25:20.4194165Z [command]/usr/bin/git config --local --name-only --get-regexp core\.sshCommand
build	Post Checkout	2026-06-06T12:25:20.4224360Z [command]/usr/bin/git submodule foreach --recursive sh -c "git config --local --name-only --get-regexp 'core\.sshCommand' && git config --local --unset-all 'core.sshCommand' || :"
build	Post Checkout	2026-06-06T12:25:20.4394500Z Entering 'api'
build	Post Checkout	2026-06-06T12:25:20.4445877Z [command]/usr/bin/git config --local --name-only --get-regexp http\.https\:\/\/github\.com\/\.extraheader
build	Post Checkout	2026-06-06T12:25:20.4465456Z http.https://github.com/.extraheader
build	Post Checkout	2026-06-06T12:25:20.4477062Z [command]/usr/bin/git config --local --unset-all http.https://github.com/.extraheader
build	Post Checkout	2026-06-06T12:25:20.4504858Z [command]/usr/bin/git submodule foreach --recursive sh -c "git config --local --name-only --get-regexp 'http\.https\:\/\/github\.com\/\.extraheader' && git config --local --unset-all 'http.https://github.com/.extraheader' || :"
build	Post Checkout	2026-06-06T12:25:20.4679071Z Entering 'api'
build	Post Checkout	2026-06-06T12:25:20.4699715Z http.https://github.com/.extraheader
build	Post Checkout	2026-06-06T12:25:20.4741177Z [command]/usr/bin/git config --local --name-only --get-regexp ^includeIf\.gitdir:
build	Post Checkout	2026-06-06T12:25:20.4769730Z [command]/usr/bin/git submodule foreach --recursive git config --local --show-origin --name-only --get-regexp remote.origin.url
build	Post Checkout	2026-06-06T12:25:20.4936201Z Entering 'api'
build	Post Checkout	2026-06-06T12:25:20.4951843Z file:/home/runner/work/ShizukuPlus/ShizukuPlus/.git/modules/api/config	remote.origin.url
build	Post Checkout	2026-06-06T12:25:20.4980409Z [command]/usr/bin/git config --file /home/runner/work/ShizukuPlus/ShizukuPlus/.git/modules/api/config --name-only --get-regexp ^includeIf\.gitdir:
build	Complete job	﻿2026-06-06T12:25:20.5123203Z Evaluate and set job outputs
build	Complete job	2026-06-06T12:25:20.5129156Z Set output 'versionName'
build	Complete job	2026-06-06T12:25:20.5131192Z Cleaning up orphan processes
build	Complete job	2026-06-06T12:25:20.5402827Z ##[warning]Node.js 20 actions are deprecated. The following actions are running on Node.js 20 and may not work as expected: actions/cache@v4, actions/checkout@v4, actions/setup-java@v4, gradle/actions/setup-gradle@v4. Actions will be forced to run with Node.js 24 by default starting June 16th, 2026. Node.js 20 will be removed from the runner on September 16th, 2026. Please check if updated versions of these actions are available that support Node.js 24. To opt into Node.js 24 now, set the FORCE_JAVASCRIPT_ACTIONS_TO_NODE24=true environment variable on the runner or in your workflow file. Once Node.js 24 becomes the default, you can temporarily opt out by setting ACTIONS_ALLOW_USE_UNSECURE_NODE_VERSION=true. For more information see: https://github.blog/changelog/2025-09-19-deprecation-of-node-20-on-github-actions-runners/
lint	Set up job	﻿2026-06-06T12:22:21.7777606Z Current runner version: '2.334.0'
lint	Set up job	2026-06-06T12:22:21.7807101Z ##[group]Runner Image Provisioner
lint	Set up job	2026-06-06T12:22:21.7808083Z Hosted Compute Agent
lint	Set up job	2026-06-06T12:22:21.7808830Z Version: 20260520.533
lint	Set up job	2026-06-06T12:22:21.7809550Z Commit: 189110e25284a9812c124fd27b339e2fb4f2f9db
lint	Set up job	2026-06-06T12:22:21.7810285Z Build Date: 2026-05-20T17:44:04Z
lint	Set up job	2026-06-06T12:22:21.7811123Z Worker ID: {e4f2574a-0c2b-42e4-9997-c89144ea9c3a}
lint	Set up job	2026-06-06T12:22:21.7811906Z Azure Region: eastus2
lint	Set up job	2026-06-06T12:22:21.7812566Z ##[endgroup]
lint	Set up job	2026-06-06T12:22:21.7814002Z ##[group]Operating System
lint	Set up job	2026-06-06T12:22:21.7814634Z Ubuntu
lint	Set up job	2026-06-06T12:22:21.7815450Z 24.04.4
lint	Set up job	2026-06-06T12:22:21.7816045Z LTS
lint	Set up job	2026-06-06T12:22:21.7816615Z ##[endgroup]
lint	Set up job	2026-06-06T12:22:21.7817212Z ##[group]Runner Image
lint	Set up job	2026-06-06T12:22:21.7817832Z Image: ubuntu-24.04
lint	Set up job	2026-06-06T12:22:21.7818471Z Version: 20260525.161.1
lint	Set up job	2026-06-06T12:22:21.7819592Z Included Software: https://github.com/actions/runner-images/blob/ubuntu24/20260525.161/images/ubuntu/Ubuntu2404-Readme.md
lint	Set up job	2026-06-06T12:22:21.7821929Z Image Release: https://github.com/actions/runner-images/releases/tag/ubuntu24%2F20260525.161
lint	Set up job	2026-06-06T12:22:21.7822956Z ##[endgroup]
lint	Set up job	2026-06-06T12:22:21.7824263Z ##[group]GITHUB_TOKEN Permissions
lint	Set up job	2026-06-06T12:22:21.7826938Z Contents: read
lint	Set up job	2026-06-06T12:22:21.7827609Z Metadata: read
lint	Set up job	2026-06-06T12:22:21.7828212Z Packages: read
lint	Set up job	2026-06-06T12:22:21.7828842Z ##[endgroup]
lint	Set up job	2026-06-06T12:22:21.7831213Z Secret source: Actions
lint	Set up job	2026-06-06T12:22:21.7832261Z Prepare workflow directory
lint	Set up job	2026-06-06T12:22:21.8188758Z Prepare all required actions
lint	Set up job	2026-06-06T12:22:21.8229727Z Getting action download info
lint	Set up job	2026-06-06T12:22:22.1846693Z Download action repository 'actions/checkout@v4' (SHA:34e114876b0b11c390a56381ad16ebd13914f8d5)
lint	Set up job	2026-06-06T12:22:22.3044033Z Download action repository 'actions/setup-java@v4' (SHA:c1e323688fd81a25caa38c78aa6df2d33d3e20d9)
lint	Set up job	2026-06-06T12:22:22.5936202Z Download action repository 'gradle/actions@v4' (SHA:ed408507eac070d1f99cc633dbcf757c94c7933a)
lint	Set up job	2026-06-06T12:22:23.4294202Z Complete job name: lint
lint	Checkout	﻿2026-06-06T12:22:23.5217454Z ##[group]Run actions/checkout@v4
lint	Checkout	2026-06-06T12:22:23.5218979Z with:
lint	Checkout	2026-06-06T12:22:23.5219879Z   submodules: recursive
lint	Checkout	2026-06-06T12:22:23.5221005Z   fetch-depth: 0
lint	Checkout	2026-06-06T12:22:23.5221987Z   repository: thejaustin/ShizukuPlus
lint	Checkout	2026-06-06T12:22:23.5232028Z   token: ***
lint	Checkout	2026-06-06T12:22:23.5232951Z   ssh-strict: true
lint	Checkout	2026-06-06T12:22:23.5233876Z   ssh-user: git
lint	Checkout	2026-06-06T12:22:23.5234922Z   persist-credentials: true
lint	Checkout	2026-06-06T12:22:23.5235979Z   clean: true
lint	Checkout	2026-06-06T12:22:23.5236923Z   sparse-checkout-cone-mode: true
lint	Checkout	2026-06-06T12:22:23.5238072Z   fetch-tags: false
lint	Checkout	2026-06-06T12:22:23.5239035Z   show-progress: true
lint	Checkout	2026-06-06T12:22:23.5240004Z   lfs: false
lint	Checkout	2026-06-06T12:22:23.5240928Z   set-safe-directory: true
lint	Checkout	2026-06-06T12:22:23.5242244Z ##[endgroup]
lint	Checkout	2026-06-06T12:22:23.6471579Z Syncing repository: thejaustin/ShizukuPlus
lint	Checkout	2026-06-06T12:22:23.6475374Z ##[group]Getting Git version info
lint	Checkout	2026-06-06T12:22:23.6477086Z Working directory is '/home/runner/work/ShizukuPlus/ShizukuPlus'
lint	Checkout	2026-06-06T12:22:23.6479922Z [command]/usr/bin/git version
lint	Checkout	2026-06-06T12:22:23.6541188Z git version 2.54.0
lint	Checkout	2026-06-06T12:22:23.6568916Z ##[endgroup]
lint	Checkout	2026-06-06T12:22:23.6586654Z Temporarily overriding HOME='/home/runner/work/_temp/7d588eda-b1d6-4333-b548-ea81d9931037' before making global git config changes
lint	Checkout	2026-06-06T12:22:23.6591210Z Adding repository directory to the temporary git global config as a safe directory
lint	Checkout	2026-06-06T12:22:23.6604466Z [command]/usr/bin/git config --global --add safe.directory /home/runner/work/ShizukuPlus/ShizukuPlus
lint	Checkout	2026-06-06T12:22:23.6657446Z Deleting the contents of '/home/runner/work/ShizukuPlus/ShizukuPlus'
lint	Checkout	2026-06-06T12:22:23.6661611Z ##[group]Initializing the repository
lint	Checkout	2026-06-06T12:22:23.6667068Z [command]/usr/bin/git init /home/runner/work/ShizukuPlus/ShizukuPlus
lint	Checkout	2026-06-06T12:22:23.6772177Z hint: Using 'master' as the name for the initial branch. This default branch name
lint	Checkout	2026-06-06T12:22:23.6775375Z hint: will change to "main" in Git 3.0. To configure the initial branch name
lint	Checkout	2026-06-06T12:22:23.6778659Z hint: to use in all of your new repositories, which will suppress this warning,
lint	Checkout	2026-06-06T12:22:23.6781239Z hint: call:
lint	Checkout	2026-06-06T12:22:23.6782676Z hint:
lint	Checkout	2026-06-06T12:22:23.6785219Z hint: 	git config --global init.defaultBranch <name>
lint	Checkout	2026-06-06T12:22:23.6787383Z hint:
lint	Checkout	2026-06-06T12:22:23.6789264Z hint: Names commonly chosen instead of 'master' are 'main', 'trunk' and
lint	Checkout	2026-06-06T12:22:23.6792445Z hint: 'development'. The just-created branch can be renamed via this command:
lint	Checkout	2026-06-06T12:22:23.6795313Z hint:
lint	Checkout	2026-06-06T12:22:23.6796858Z hint: 	git branch -m <name>
lint	Checkout	2026-06-06T12:22:23.6798518Z hint:
lint	Checkout	2026-06-06T12:22:23.6800451Z hint: Disable this message with "git config set advice.defaultBranchName false"
lint	Checkout	2026-06-06T12:22:23.6802842Z Initialized empty Git repository in /home/runner/work/ShizukuPlus/ShizukuPlus/.git/
lint	Checkout	2026-06-06T12:22:23.6807858Z [command]/usr/bin/git remote add origin https://github.com/thejaustin/ShizukuPlus
lint	Checkout	2026-06-06T12:22:23.6839545Z ##[endgroup]
lint	Checkout	2026-06-06T12:22:23.6842296Z ##[group]Disabling automatic garbage collection
lint	Checkout	2026-06-06T12:22:23.6845122Z [command]/usr/bin/git config --local gc.auto 0
lint	Checkout	2026-06-06T12:22:23.6877596Z ##[endgroup]
lint	Checkout	2026-06-06T12:22:23.6880300Z ##[group]Setting up auth
lint	Checkout	2026-06-06T12:22:23.6885688Z [command]/usr/bin/git config --local --name-only --get-regexp core\.sshCommand
lint	Checkout	2026-06-06T12:22:23.6924344Z [command]/usr/bin/git submodule foreach --recursive sh -c "git config --local --name-only --get-regexp 'core\.sshCommand' && git config --local --unset-all 'core.sshCommand' || :"
lint	Checkout	2026-06-06T12:22:23.7280153Z [command]/usr/bin/git config --local --name-only --get-regexp http\.https\:\/\/github\.com\/\.extraheader
lint	Checkout	2026-06-06T12:22:23.7315741Z [command]/usr/bin/git submodule foreach --recursive sh -c "git config --local --name-only --get-regexp 'http\.https\:\/\/github\.com\/\.extraheader' && git config --local --unset-all 'http.https://github.com/.extraheader' || :"
lint	Checkout	2026-06-06T12:22:23.7571387Z [command]/usr/bin/git config --local --name-only --get-regexp ^includeIf\.gitdir:
lint	Checkout	2026-06-06T12:22:23.7607972Z [command]/usr/bin/git submodule foreach --recursive git config --local --show-origin --name-only --get-regexp remote.origin.url
lint	Checkout	2026-06-06T12:22:23.7871453Z [command]/usr/bin/git config --local http.https://github.com/.extraheader AUTHORIZATION: basic ***
lint	Checkout	2026-06-06T12:22:23.7913198Z ##[endgroup]
lint	Checkout	2026-06-06T12:22:23.7916292Z ##[group]Fetching the repository
lint	Checkout	2026-06-06T12:22:23.7925759Z [command]/usr/bin/git -c protocol.version=2 fetch --prune --no-recurse-submodules origin +refs/heads/*:refs/remotes/origin/* +refs/tags/*:refs/tags/*
lint	Checkout	2026-06-06T12:22:25.6967504Z From https://github.com/thejaustin/ShizukuPlus
lint	Checkout	2026-06-06T12:22:25.6968967Z  * [new branch]        fix-auth-vulnerability-1367138564057366674 -> origin/fix-auth-vulnerability-1367138564057366674
lint	Checkout	2026-06-06T12:22:25.6970752Z  * [new branch]        fix_logging-3430839810391412202 -> origin/fix_logging-3430839810391412202
lint	Checkout	2026-06-06T12:22:25.6971568Z  * [new branch]        jules-11886277638629588087-a6fcb9bd -> origin/jules-11886277638629588087-a6fcb9bd
lint	Checkout	2026-06-06T12:22:25.6972470Z  * [new branch]        jules-2732871605793923801-e4a1a586 -> origin/jules-2732871605793923801-e4a1a586
lint	Checkout	2026-06-06T12:22:25.6973106Z  * [new branch]        master                      -> origin/master
lint	Checkout	2026-06-06T12:22:25.6973906Z  * [new branch]        perf/activity-log-cleanup-14352634529673974166 -> origin/perf/activity-log-cleanup-14352634529673974166
lint	Checkout	2026-06-06T12:22:25.6975219Z  * [new branch]        performance-wait-system-service-18253859998065832156 -> origin/performance-wait-system-service-18253859998065832156
lint	Checkout	2026-06-06T12:22:25.6976493Z  * [new branch]        testing-improvement-database-dao-4217402086549121112 -> origin/testing-improvement-database-dao-4217402086549121112
lint	Checkout	2026-06-06T12:22:25.6977432Z  * [new tag]           v13.5.0.r1205-thedjchi-beta -> v13.5.0.r1205-thedjchi-beta
lint	Checkout	2026-06-06T12:22:25.6978002Z  * [new tag]           v13.6.0-beta.1687           -> v13.6.0-beta.1687
lint	Checkout	2026-06-06T12:22:25.6978846Z  * [new tag]           v13.6.0-beta.1688           -> v13.6.0-beta.1688
lint	Checkout	2026-06-06T12:22:25.6979354Z  * [new tag]           v13.6.0-beta.1689           -> v13.6.0-beta.1689
lint	Checkout	2026-06-06T12:22:25.6979816Z  * [new tag]           v13.6.0-beta.1690           -> v13.6.0-beta.1690
lint	Checkout	2026-06-06T12:22:25.6980461Z  * [new tag]           v13.6.0-beta.1691           -> v13.6.0-beta.1691
lint	Checkout	2026-06-06T12:22:25.6981009Z  * [new tag]           v13.6.0-beta.1697           -> v13.6.0-beta.1697
lint	Checkout	2026-06-06T12:22:25.6981538Z  * [new tag]           v13.6.0-beta.1698           -> v13.6.0-beta.1698
lint	Checkout	2026-06-06T12:22:25.6982100Z  * [new tag]           v13.6.0-beta.1700           -> v13.6.0-beta.1700
lint	Checkout	2026-06-06T12:22:25.6982566Z  * [new tag]           v13.6.0-beta.1702           -> v13.6.0-beta.1702
lint	Checkout	2026-06-06T12:22:25.6983144Z  * [new tag]           v13.6.0-beta.1704           -> v13.6.0-beta.1704
lint	Checkout	2026-06-06T12:22:25.6983637Z  * [new tag]           v13.6.0-beta.1705           -> v13.6.0-beta.1705
lint	Checkout	2026-06-06T12:22:25.6984159Z  * [new tag]           v13.6.0-beta.1710           -> v13.6.0-beta.1710
lint	Checkout	2026-06-06T12:22:25.6984660Z  * [new tag]           v13.6.0-beta.1716           -> v13.6.0-beta.1716
lint	Checkout	2026-06-06T12:22:25.6985561Z  * [new tag]           v13.6.0-beta.1731           -> v13.6.0-beta.1731
lint	Checkout	2026-06-06T12:22:25.6986198Z  * [new tag]           v13.6.0-beta.1732           -> v13.6.0-beta.1732
lint	Checkout	2026-06-06T12:22:25.6986780Z  * [new tag]           v13.6.0-thedjchi            -> v13.6.0-thedjchi
lint	Checkout	2026-06-06T12:22:25.6987285Z  * [new tag]           v13.6.0.r1113-thedjchi      -> v13.6.0.r1113-thedjchi
lint	Checkout	2026-06-06T12:22:25.6987937Z  * [new tag]           v13.6.0.r1117-thedjchi      -> v13.6.0.r1117-thedjchi
lint	Checkout	2026-06-06T12:22:25.6988459Z  * [new tag]           v13.6.0.r1129-thedjchi      -> v13.6.0.r1129-thedjchi
lint	Checkout	2026-06-06T12:22:25.6989241Z  * [new tag]           v13.6.0.r1131-thedjchi      -> v13.6.0.r1131-thedjchi
lint	Checkout	2026-06-06T12:22:25.6989846Z  * [new tag]           v13.6.0.r1136-thedjchi      -> v13.6.0.r1136-thedjchi
lint	Checkout	2026-06-06T12:22:25.6990350Z  * [new tag]           v13.6.0.r1155-thedjchi      -> v13.6.0.r1155-thedjchi
lint	Checkout	2026-06-06T12:22:25.6991110Z  * [new tag]           v13.6.0.r1159-thedjchi      -> v13.6.0.r1159-thedjchi
lint	Checkout	2026-06-06T12:22:25.6991624Z  * [new tag]           v13.6.0.r1161-thedjchi      -> v13.6.0.r1161-thedjchi
lint	Checkout	2026-06-06T12:22:25.6992190Z  * [new tag]           v13.6.0.r1169-thedjchi      -> v13.6.0.r1169-thedjchi
lint	Checkout	2026-06-06T12:22:25.6992872Z  * [new tag]           v13.6.0.r1187-thedjchi-beta -> v13.6.0.r1187-thedjchi-beta
lint	Checkout	2026-06-06T12:22:25.6993473Z  * [new tag]           v13.6.0.r1189-thedjchi-beta -> v13.6.0.r1189-thedjchi-beta
lint	Checkout	2026-06-06T12:22:25.6994076Z  * [new tag]           v13.6.0.r1196-thedjchi      -> v13.6.0.r1196-thedjchi
lint	Checkout	2026-06-06T12:22:25.6994629Z  * [new tag]           v13.6.0.r1215-thedjchi      -> v13.6.0.r1215-thedjchi
lint	Checkout	2026-06-06T12:22:25.6995490Z  * [new tag]           v13.6.0.r1216-thedjchi      -> v13.6.0.r1216-thedjchi
lint	Checkout	2026-06-06T12:22:25.6996022Z  * [new tag]           v13.6.0.r1228-thedjchi      -> v13.6.0.r1228-thedjchi
lint	Checkout	2026-06-06T12:22:25.6996541Z  * [new tag]           v13.6.0.r1229-thedjchi      -> v13.6.0.r1229-thedjchi
lint	Checkout	2026-06-06T12:22:25.6997089Z  * [new tag]           v13.6.0.r1230-thedjchi      -> v13.6.0.r1230-thedjchi
lint	Checkout	2026-06-06T12:22:25.6997598Z  * [new tag]           v13.6.0.r1235-thedjchi      -> v13.6.0.r1235-thedjchi
lint	Checkout	2026-06-06T12:22:25.6998122Z  * [new tag]           v13.6.0.r1240-thedjchi      -> v13.6.0.r1240-thedjchi
lint	Checkout	2026-06-06T12:22:25.6998740Z  * [new tag]           v13.6.0.r1243-thedjchi      -> v13.6.0.r1243-thedjchi
lint	Checkout	2026-06-06T12:22:25.6999251Z  * [new tag]           v13.6.0.r1251-thedjchi      -> v13.6.0.r1251-thedjchi
lint	Checkout	2026-06-06T12:22:25.6999844Z  * [new tag]           v13.6.0.r1254-thedjchi      -> v13.6.0.r1254-thedjchi
lint	Checkout	2026-06-06T12:22:25.7071164Z  * [new tag]           v13.6.0.r1259-thedjchi      -> v13.6.0.r1259-thedjchi
lint	Checkout	2026-06-06T12:22:25.7072040Z  * [new tag]           v13.6.0.r1274-thedjchi      -> v13.6.0.r1274-thedjchi
lint	Checkout	2026-06-06T12:22:25.7073095Z  * [new tag]           v13.6.0.r1281-thedjchi      -> v13.6.0.r1281-thedjchi
lint	Checkout	2026-06-06T12:22:25.7073746Z  * [new tag]           v13.6.0.r1284-thedjchi      -> v13.6.0.r1284-thedjchi
lint	Checkout	2026-06-06T12:22:25.7074301Z  * [new tag]           v13.6.0.r1290-thedjchi      -> v13.6.0.r1290-thedjchi
lint	Checkout	2026-06-06T12:22:25.7075067Z  * [new tag]           v13.6.0.r1311-thedjchi      -> v13.6.0.r1311-thedjchi
lint	Checkout	2026-06-06T12:22:25.7075672Z  * [new tag]           v13.6.0.r1318-thedjchi      -> v13.6.0.r1318-thedjchi
lint	Checkout	2026-06-06T12:22:25.7076320Z  * [new tag]           v13.6.0.r1337-thedjchi-beta -> v13.6.0.r1337-thedjchi-beta
lint	Checkout	2026-06-06T12:22:25.7076959Z  * [new tag]           v13.6.0.r1338-thedjchi-beta -> v13.6.0.r1338-thedjchi-beta
lint	Checkout	2026-06-06T12:22:25.7077579Z  * [new tag]           v13.6.0.r1343-shizukuplus   -> v13.6.0.r1343-shizukuplus
lint	Checkout	2026-06-06T12:22:25.7078301Z  * [new tag]           v13.6.0.r1349-thedjchi-beta -> v13.6.0.r1349-thedjchi-beta
lint	Checkout	2026-06-06T12:22:25.7078980Z  * [new tag]           v13.6.0.r1358-shizukuplus   -> v13.6.0.r1358-shizukuplus
lint	Checkout	2026-06-06T12:22:25.7079649Z  * [new tag]           v13.6.0.r1359-shizukuplus   -> v13.6.0.r1359-shizukuplus
lint	Checkout	2026-06-06T12:22:25.7080318Z  * [new tag]           v13.6.0.r1360-shizukuplus   -> v13.6.0.r1360-shizukuplus
lint	Checkout	2026-06-06T12:22:25.7081032Z  * [new tag]           v13.6.0.r1361-shizukuplus   -> v13.6.0.r1361-shizukuplus
lint	Checkout	2026-06-06T12:22:25.7081723Z  * [new tag]           v13.6.0.r1368-shizukuplus   -> v13.6.0.r1368-shizukuplus
lint	Checkout	2026-06-06T12:22:25.7082442Z  * [new tag]           v13.6.0.r1369-shizukuplus   -> v13.6.0.r1369-shizukuplus
lint	Checkout	2026-06-06T12:22:25.7083192Z  * [new tag]           v13.6.0.r1370-shizukuplus   -> v13.6.0.r1370-shizukuplus
lint	Checkout	2026-06-06T12:22:25.7083942Z  * [new tag]           v13.6.0.r1371-shizukuplus   -> v13.6.0.r1371-shizukuplus
lint	Checkout	2026-06-06T12:22:25.7084661Z  * [new tag]           v13.6.0.r1373-shizukuplus   -> v13.6.0.r1373-shizukuplus
lint	Checkout	2026-06-06T12:22:25.7085635Z  * [new tag]           v13.6.0.r1377-shizukuplus   -> v13.6.0.r1377-shizukuplus
lint	Checkout	2026-06-06T12:22:25.7086374Z  * [new tag]           v13.6.0.r1378-shizukuplus   -> v13.6.0.r1378-shizukuplus
lint	Checkout	2026-06-06T12:22:25.7087353Z  * [new tag]           v13.6.0.r1379-shizukuplus   -> v13.6.0.r1379-shizukuplus
lint	Checkout	2026-06-06T12:22:25.7088092Z  * [new tag]           v13.6.0.r1383-shizukuplus   -> v13.6.0.r1383-shizukuplus
lint	Checkout	2026-06-06T12:22:25.7088868Z  * [new tag]           v13.6.0.r1384-shizukuplus   -> v13.6.0.r1384-shizukuplus
lint	Checkout	2026-06-06T12:22:25.7089572Z  * [new tag]           v13.6.0.r1385-shizukuplus   -> v13.6.0.r1385-shizukuplus
lint	Checkout	2026-06-06T12:22:25.7090285Z  * [new tag]           v13.6.0.r1386-shizukuplus   -> v13.6.0.r1386-shizukuplus
lint	Checkout	2026-06-06T12:22:25.7090942Z  * [new tag]           v13.6.0.r1387-shizukuplus   -> v13.6.0.r1387-shizukuplus
lint	Checkout	2026-06-06T12:22:25.7091407Z  * [new tag]           v13.6.0.r1395-shizukuplus   -> v13.6.0.r1395-shizukuplus
lint	Checkout	2026-06-06T12:22:25.7091861Z  * [new tag]           v13.6.0.r1406-shizukuplus   -> v13.6.0.r1406-shizukuplus
lint	Checkout	2026-06-06T12:22:25.7092329Z  * [new tag]           v13.6.0.r1407-shizukuplus   -> v13.6.0.r1407-shizukuplus
lint	Checkout	2026-06-06T12:22:25.7092825Z  * [new tag]           v13.6.0.r1412-shizukuplus   -> v13.6.0.r1412-shizukuplus
lint	Checkout	2026-06-06T12:22:25.7093341Z  * [new tag]           v13.6.0.r1414-shizukuplus   -> v13.6.0.r1414-shizukuplus
lint	Checkout	2026-06-06T12:22:25.7093838Z  * [new tag]           v13.6.0.r1415-shizukuplus   -> v13.6.0.r1415-shizukuplus
lint	Checkout	2026-06-06T12:22:25.7094311Z  * [new tag]           v13.6.0.r1416-shizukuplus   -> v13.6.0.r1416-shizukuplus
lint	Checkout	2026-06-06T12:22:25.7094765Z  * [new tag]           v13.6.0.r1421-shizukuplus   -> v13.6.0.r1421-shizukuplus
lint	Checkout	2026-06-06T12:22:25.7095522Z  * [new tag]           v13.6.0.r1422-shizukuplus   -> v13.6.0.r1422-shizukuplus
lint	Checkout	2026-06-06T12:22:25.7095995Z  * [new tag]           v13.6.0.r1423-shizukuplus   -> v13.6.0.r1423-shizukuplus
lint	Checkout	2026-06-06T12:22:25.7096448Z  * [new tag]           v13.6.0.r1425-shizukuplus   -> v13.6.0.r1425-shizukuplus
lint	Checkout	2026-06-06T12:22:25.7096904Z  * [new tag]           v13.6.0.r1426-shizukuplus   -> v13.6.0.r1426-shizukuplus
lint	Checkout	2026-06-06T12:22:25.7097612Z  * [new tag]           v13.6.0.r1438-shizukuplus   -> v13.6.0.r1438-shizukuplus
lint	Checkout	2026-06-06T12:22:25.7098098Z  * [new tag]           v13.6.0.r1450-shizukuplus   -> v13.6.0.r1450-shizukuplus
lint	Checkout	2026-06-06T12:22:25.7098578Z  * [new tag]           v13.6.0.r1451-shizukuplus   -> v13.6.0.r1451-shizukuplus
lint	Checkout	2026-06-06T12:22:25.7099041Z  * [new tag]           v13.6.0.r1454-shizukuplus   -> v13.6.0.r1454-shizukuplus
lint	Checkout	2026-06-06T12:22:25.7099497Z  * [new tag]           v13.6.0.r1455-shizukuplus   -> v13.6.0.r1455-shizukuplus
lint	Checkout	2026-06-06T12:22:25.7099946Z  * [new tag]           v13.6.0.r1484-shizukuplus   -> v13.6.0.r1484-shizukuplus
lint	Checkout	2026-06-06T12:22:25.7100405Z  * [new tag]           v13.6.0.r1485-shizukuplus   -> v13.6.0.r1485-shizukuplus
lint	Checkout	2026-06-06T12:22:25.7100867Z  * [new tag]           v13.6.0.r1486-shizukuplus   -> v13.6.0.r1486-shizukuplus
lint	Checkout	2026-06-06T12:22:25.7101316Z  * [new tag]           v13.6.0.r1487-shizukuplus   -> v13.6.0.r1487-shizukuplus
lint	Checkout	2026-06-06T12:22:25.7101763Z  * [new tag]           v13.6.0.r1488-shizukuplus   -> v13.6.0.r1488-shizukuplus
lint	Checkout	2026-06-06T12:22:25.7102224Z  * [new tag]           v13.6.0.r1491-shizukuplus   -> v13.6.0.r1491-shizukuplus
lint	Checkout	2026-06-06T12:22:25.7102674Z  * [new tag]           v13.6.0.r1493-shizukuplus   -> v13.6.0.r1493-shizukuplus
lint	Checkout	2026-06-06T12:22:25.7103133Z  * [new tag]           v13.6.0.r1511-shizukuplus   -> v13.6.0.r1511-shizukuplus
lint	Checkout	2026-06-06T12:22:25.7103596Z  * [new tag]           v13.6.0.r1527-shizukuplus   -> v13.6.0.r1527-shizukuplus
lint	Checkout	2026-06-06T12:22:25.7104049Z  * [new tag]           v13.6.0.r1551-shizukuplus   -> v13.6.0.r1551-shizukuplus
lint	Checkout	2026-06-06T12:22:25.7104497Z  * [new tag]           v13.6.0.r1552-shizukuplus   -> v13.6.0.r1552-shizukuplus
lint	Checkout	2026-06-06T12:22:25.7105131Z  * [new tag]           v13.6.0.r1553-shizukuplus   -> v13.6.0.r1553-shizukuplus
lint	Checkout	2026-06-06T12:22:25.7105593Z  * [new tag]           v13.6.0.r1554-shizukuplus   -> v13.6.0.r1554-shizukuplus
lint	Checkout	2026-06-06T12:22:25.7106039Z  * [new tag]           v13.6.0.r1558-shizukuplus   -> v13.6.0.r1558-shizukuplus
lint	Checkout	2026-06-06T12:22:25.7106649Z  * [new tag]           v13.6.0.r1559-shizukuplus   -> v13.6.0.r1559-shizukuplus
lint	Checkout	2026-06-06T12:22:25.7107095Z  * [new tag]           v13.6.0.r1560-shizukuplus   -> v13.6.0.r1560-shizukuplus
lint	Checkout	2026-06-06T12:22:25.7107528Z  * [new tag]           v13.6.0.r1561-shizukuplus   -> v13.6.0.r1561-shizukuplus
lint	Checkout	2026-06-06T12:22:25.7107969Z  * [new tag]           v13.6.0.r1562-shizukuplus   -> v13.6.0.r1562-shizukuplus
lint	Checkout	2026-06-06T12:22:25.7108418Z  * [new tag]           v13.6.0.r1563-shizukuplus   -> v13.6.0.r1563-shizukuplus
lint	Checkout	2026-06-06T12:22:25.7108849Z  * [new tag]           v13.6.0.r1565-shizukuplus   -> v13.6.0.r1565-shizukuplus
lint	Checkout	2026-06-06T12:22:25.7109285Z  * [new tag]           v13.6.0.r1566-shizukuplus   -> v13.6.0.r1566-shizukuplus
lint	Checkout	2026-06-06T12:22:25.7109717Z  * [new tag]           v13.6.0.r1568-shizukuplus   -> v13.6.0.r1568-shizukuplus
lint	Checkout	2026-06-06T12:22:25.7110151Z  * [new tag]           v13.6.0.r1575-shizukuplus   -> v13.6.0.r1575-shizukuplus
lint	Checkout	2026-06-06T12:22:25.7110591Z  * [new tag]           v13.6.0.r1577-shizukuplus   -> v13.6.0.r1577-shizukuplus
lint	Checkout	2026-06-06T12:22:25.7111027Z  * [new tag]           v13.6.0.r1578-shizukuplus   -> v13.6.0.r1578-shizukuplus
lint	Checkout	2026-06-06T12:22:25.7111483Z  * [new tag]           v13.6.0.r1581-shizukuplus   -> v13.6.0.r1581-shizukuplus
lint	Checkout	2026-06-06T12:22:25.7111944Z  * [new tag]           v13.6.0.r1595-shizukuplus   -> v13.6.0.r1595-shizukuplus
lint	Checkout	2026-06-06T12:22:25.7112382Z  * [new tag]           v13.6.0.r1598-shizukuplus   -> v13.6.0.r1598-shizukuplus
lint	Checkout	2026-06-06T12:22:25.7112824Z  * [new tag]           v13.6.0.r1599-shizukuplus   -> v13.6.0.r1599-shizukuplus
lint	Checkout	2026-06-06T12:22:25.7113257Z  * [new tag]           v13.6.0.r1601-shizukuplus   -> v13.6.0.r1601-shizukuplus
lint	Checkout	2026-06-06T12:22:25.7113685Z  * [new tag]           v13.6.0.r1602-shizukuplus   -> v13.6.0.r1602-shizukuplus
lint	Checkout	2026-06-06T12:22:25.7114117Z  * [new tag]           v13.6.0.r1603-shizukuplus   -> v13.6.0.r1603-shizukuplus
lint	Checkout	2026-06-06T12:22:25.7114552Z  * [new tag]           v13.6.0.r1604-shizukuplus   -> v13.6.0.r1604-shizukuplus
lint	Checkout	2026-06-06T12:22:25.7115305Z  * [new tag]           v13.6.0.r1606-shizukuplus   -> v13.6.0.r1606-shizukuplus
lint	Checkout	2026-06-06T12:22:25.7115744Z  * [new tag]           v13.6.0.r1607-shizukuplus   -> v13.6.0.r1607-shizukuplus
lint	Checkout	2026-06-06T12:22:25.7116182Z  * [new tag]           v13.6.0.r1608-shizukuplus   -> v13.6.0.r1608-shizukuplus
lint	Checkout	2026-06-06T12:22:25.7116614Z  * [new tag]           v13.6.0.r1609-shizukuplus   -> v13.6.0.r1609-shizukuplus
lint	Checkout	2026-06-06T12:22:25.7117046Z  * [new tag]           v13.6.0.r1610-shizukuplus   -> v13.6.0.r1610-shizukuplus
lint	Checkout	2026-06-06T12:22:25.7117488Z  * [new tag]           v13.6.0.r1614-shizukuplus   -> v13.6.0.r1614-shizukuplus
lint	Checkout	2026-06-06T12:22:25.7117923Z  * [new tag]           v13.6.0.r1621-shizukuplus   -> v13.6.0.r1621-shizukuplus
lint	Checkout	2026-06-06T12:22:25.7118358Z  * [new tag]           v13.6.0.r1622-shizukuplus   -> v13.6.0.r1622-shizukuplus
lint	Checkout	2026-06-06T12:22:25.7118791Z  * [new tag]           v13.6.0.r1624-shizukuplus   -> v13.6.0.r1624-shizukuplus
lint	Checkout	2026-06-06T12:22:25.7119232Z  * [new tag]           v13.6.0.r1634-shizukuplus   -> v13.6.0.r1634-shizukuplus
lint	Checkout	2026-06-06T12:22:25.7119667Z  * [new tag]           v13.6.0.r1635-shizukuplus   -> v13.6.0.r1635-shizukuplus
lint	Checkout	2026-06-06T12:22:25.7120103Z  * [new tag]           v13.6.0.r1636-shizukuplus   -> v13.6.0.r1636-shizukuplus
lint	Checkout	2026-06-06T12:22:25.7120533Z  * [new tag]           v13.6.0.r1637-shizukuplus   -> v13.6.0.r1637-shizukuplus
lint	Checkout	2026-06-06T12:22:25.7120968Z  * [new tag]           v13.6.0.r1638-shizukuplus   -> v13.6.0.r1638-shizukuplus
lint	Checkout	2026-06-06T12:22:25.7121401Z  * [new tag]           v13.6.0.r1639-shizukuplus   -> v13.6.0.r1639-shizukuplus
lint	Checkout	2026-06-06T12:22:25.7121845Z  * [new tag]           v13.6.0.r1640-shizukuplus   -> v13.6.0.r1640-shizukuplus
lint	Checkout	2026-06-06T12:22:25.7122276Z  * [new tag]           v13.6.0.r1641-shizukuplus   -> v13.6.0.r1641-shizukuplus
lint	Checkout	2026-06-06T12:22:25.7122705Z  * [new tag]           v13.6.0.r1643-shizukuplus   -> v13.6.0.r1643-shizukuplus
lint	Checkout	2026-06-06T12:22:25.7123148Z  * [new tag]           v13.6.0.r1644-shizukuplus   -> v13.6.0.r1644-shizukuplus
lint	Checkout	2026-06-06T12:22:25.7123726Z  * [new tag]           v13.6.0.r1645-shizukuplus   -> v13.6.0.r1645-shizukuplus
lint	Checkout	2026-06-06T12:22:25.7124162Z  * [new tag]           v13.6.0.r1647-shizukuplus   -> v13.6.0.r1647-shizukuplus
lint	Checkout	2026-06-06T12:22:25.7124597Z  * [new tag]           v13.6.0.r1649-shizukuplus   -> v13.6.0.r1649-shizukuplus
lint	Checkout	2026-06-06T12:22:25.7125204Z  * [new tag]           v13.6.0.r1651-shizukuplus   -> v13.6.0.r1651-shizukuplus
lint	Checkout	2026-06-06T12:22:25.7125641Z  * [new tag]           v13.6.0.r1662-shizukuplus   -> v13.6.0.r1662-shizukuplus
lint	Checkout	2026-06-06T12:22:25.7126078Z  * [new tag]           v13.6.0.r1663-shizukuplus   -> v13.6.0.r1663-shizukuplus
lint	Checkout	2026-06-06T12:22:25.7126516Z  * [new tag]           v13.6.0.r1665-shizukuplus   -> v13.6.0.r1665-shizukuplus
lint	Checkout	2026-06-06T12:22:25.7126951Z  * [new tag]           v13.6.0.r1666-shizukuplus   -> v13.6.0.r1666-shizukuplus
lint	Checkout	2026-06-06T12:22:25.7127384Z  * [new tag]           v13.6.0.r1668-shizukuplus   -> v13.6.0.r1668-shizukuplus
lint	Checkout	2026-06-06T12:22:25.7127825Z  * [new tag]           v13.6.0.r1669-shizukuplus   -> v13.6.0.r1669-shizukuplus
lint	Checkout	2026-06-06T12:22:25.7128262Z  * [new tag]           v13.6.0.r1670-shizukuplus   -> v13.6.0.r1670-shizukuplus
lint	Checkout	2026-06-06T12:22:25.7128694Z  * [new tag]           v13.6.0.r1673-shizukuplus   -> v13.6.0.r1673-shizukuplus
lint	Checkout	2026-06-06T12:22:25.7129127Z  * [new tag]           v13.6.0.r1674-shizukuplus   -> v13.6.0.r1674-shizukuplus
lint	Checkout	2026-06-06T12:22:25.7129552Z  * [new tag]           v13.6.0.r1675-shizukuplus   -> v13.6.0.r1675-shizukuplus
lint	Checkout	2026-06-06T12:22:25.7129964Z  * [new tag]           v13.6.0.r1758               -> v13.6.0.r1758
lint	Checkout	2026-06-06T12:22:25.7130353Z  * [new tag]           v13.6.0.r1760               -> v13.6.0.r1760
lint	Checkout	2026-06-06T12:22:25.7130735Z  * [new tag]           v13.6.0.r1761               -> v13.6.0.r1761
lint	Checkout	2026-06-06T12:22:25.7131100Z  * [new tag]           v13.6.0.r1762               -> v13.6.0.r1762
lint	Checkout	2026-06-06T12:22:25.7131479Z  * [new tag]           v13.6.0.r1763               -> v13.6.0.r1763
lint	Checkout	2026-06-06T12:22:25.7132008Z  * [new tag]           v13.6.0.r1766               -> v13.6.0.r1766
lint	Checkout	2026-06-06T12:22:25.7132381Z  * [new tag]           v13.6.0.r1778               -> v13.6.0.r1778
lint	Checkout	2026-06-06T12:22:25.7132792Z  * [new tag]           v13.6.1.r1703-shizukuplus   -> v13.6.1.r1703-shizukuplus
lint	Checkout	2026-06-06T12:22:25.7133220Z  * [new tag]           v2026.1.0                   -> v2026.1.0
lint	Checkout	2026-06-06T12:22:25.7133578Z  * [new tag]           v2026.1.1                   -> v2026.1.1
lint	Checkout	2026-06-06T12:22:25.7205937Z [command]/usr/bin/git branch --list --remote origin/master
lint	Checkout	2026-06-06T12:22:25.7233505Z   origin/master
lint	Checkout	2026-06-06T12:22:25.7243872Z [command]/usr/bin/git rev-parse refs/remotes/origin/master
lint	Checkout	2026-06-06T12:22:25.7266868Z ba784d260dfc93674d9f38e70b2aba67ad40e6d8
lint	Checkout	2026-06-06T12:22:25.7279392Z ##[endgroup]
lint	Checkout	2026-06-06T12:22:25.7280022Z ##[group]Determining the checkout info
lint	Checkout	2026-06-06T12:22:25.7280708Z ##[endgroup]
lint	Checkout	2026-06-06T12:22:25.7281128Z [command]/usr/bin/git sparse-checkout disable
lint	Checkout	2026-06-06T12:22:25.7327952Z [command]/usr/bin/git config --local --unset-all extensions.worktreeConfig
lint	Checkout	2026-06-06T12:22:25.7356082Z ##[group]Checking out the ref
lint	Checkout	2026-06-06T12:22:25.7360880Z [command]/usr/bin/git checkout --progress --force -B master refs/remotes/origin/master
lint	Checkout	2026-06-06T12:22:25.7845705Z Reset branch 'master'
lint	Checkout	2026-06-06T12:22:25.7847622Z branch 'master' set up to track 'origin/master'.
lint	Checkout	2026-06-06T12:22:25.7856011Z ##[endgroup]
lint	Checkout	2026-06-06T12:22:25.7856662Z ##[group]Setting up auth for fetching submodules
lint	Checkout	2026-06-06T12:22:25.7864097Z [command]/usr/bin/git config --global http.https://github.com/.extraheader AUTHORIZATION: basic ***
lint	Checkout	2026-06-06T12:22:25.7901275Z [command]/usr/bin/git config --global --unset-all url.https://github.com/.insteadOf
lint	Checkout	2026-06-06T12:22:25.7931804Z [command]/usr/bin/git config --global --add url.https://github.com/.insteadOf git@github.com:
lint	Checkout	2026-06-06T12:22:25.7961620Z [command]/usr/bin/git config --global --add url.https://github.com/.insteadOf org-10579902@github.com:
lint	Checkout	2026-06-06T12:22:25.7987263Z ##[endgroup]
lint	Checkout	2026-06-06T12:22:25.7987816Z ##[group]Fetching submodules
lint	Checkout	2026-06-06T12:22:25.7991173Z [command]/usr/bin/git submodule sync --recursive
lint	Checkout	2026-06-06T12:22:25.8225444Z [command]/usr/bin/git -c protocol.version=2 submodule update --init --force --recursive
lint	Checkout	2026-06-06T12:22:25.8453678Z Submodule 'api' (https://github.com/thejaustin/ShizukuPlus-API) registered for path 'api'
lint	Checkout	2026-06-06T12:22:25.8480472Z Cloning into '/home/runner/work/ShizukuPlus/ShizukuPlus/api'...
lint	Checkout	2026-06-06T12:22:26.1641960Z Submodule path 'api': checked out 'a063c407ff5abccd9031206539c863a3fd448d89'
lint	Checkout	2026-06-06T12:22:26.1673558Z [command]/usr/bin/git submodule foreach --recursive git config --local gc.auto 0
lint	Checkout	2026-06-06T12:22:26.1896837Z Entering 'api'
lint	Checkout	2026-06-06T12:22:26.1949621Z ##[endgroup]
lint	Checkout	2026-06-06T12:22:26.1950218Z ##[group]Persisting credentials for submodules
lint	Checkout	2026-06-06T12:22:26.1957135Z [command]/usr/bin/git submodule foreach --recursive sh -c "git config --local --name-only --get-regexp 'url\.https\:\/\/github\.com\/\.insteadOf' && git config --local --unset-all 'url.https://github.com/.insteadOf' || :"
lint	Checkout	2026-06-06T12:22:26.2176921Z Entering 'api'
lint	Checkout	2026-06-06T12:22:26.2238139Z [command]/usr/bin/git submodule foreach --recursive sh -c "git config --local 'http.https://github.com/.extraheader' 'AUTHORIZATION: basic ***' && git config --local --show-origin --name-only --get-regexp remote.origin.url"
lint	Checkout	2026-06-06T12:22:26.2467753Z Entering 'api'
lint	Checkout	2026-06-06T12:22:26.2509702Z file:/home/runner/work/ShizukuPlus/ShizukuPlus/.git/modules/api/config	remote.origin.url
lint	Checkout	2026-06-06T12:22:26.2552071Z [command]/usr/bin/git submodule foreach --recursive git config --local --add 'url.https://github.com/.insteadOf' 'git@github.com:'
lint	Checkout	2026-06-06T12:22:26.2781549Z Entering 'api'
lint	Checkout	2026-06-06T12:22:26.2835523Z [command]/usr/bin/git submodule foreach --recursive git config --local --add 'url.https://github.com/.insteadOf' 'org-10579902@github.com:'
lint	Checkout	2026-06-06T12:22:26.3054150Z Entering 'api'
lint	Checkout	2026-06-06T12:22:26.3101254Z ##[endgroup]
lint	Checkout	2026-06-06T12:22:26.3159138Z [command]/usr/bin/git log -1 --format=%H
lint	Checkout	2026-06-06T12:22:26.3186020Z ba784d260dfc93674d9f38e70b2aba67ad40e6d8
lint	Setup Java	﻿2026-06-06T12:22:26.3431019Z ##[group]Run actions/setup-java@v4
lint	Setup Java	2026-06-06T12:22:26.3431303Z with:
lint	Setup Java	2026-06-06T12:22:26.3431519Z   distribution: temurin
lint	Setup Java	2026-06-06T12:22:26.3431748Z   java-version: 21
lint	Setup Java	2026-06-06T12:22:26.3431967Z   java-package: jdk
lint	Setup Java	2026-06-06T12:22:26.3432188Z   check-latest: false
lint	Setup Java	2026-06-06T12:22:26.3432414Z   server-id: github
lint	Setup Java	2026-06-06T12:22:26.3432631Z   server-username: GITHUB_ACTOR
lint	Setup Java	2026-06-06T12:22:26.3432888Z   server-password: GITHUB_TOKEN
lint	Setup Java	2026-06-06T12:22:26.3433134Z   overwrite-settings: true
lint	Setup Java	2026-06-06T12:22:26.3433366Z   job-status: success
lint	Setup Java	2026-06-06T12:22:26.3436366Z   token: ***
lint	Setup Java	2026-06-06T12:22:26.3436602Z ##[endgroup]
lint	Setup Java	2026-06-06T12:22:26.5404723Z ##[group]Installed distributions
lint	Setup Java	2026-06-06T12:22:26.5543679Z Resolved Java 21.0.11+10 from tool-cache
lint	Setup Java	2026-06-06T12:22:26.5544221Z Setting Java 21.0.11+10 as the default
lint	Setup Java	2026-06-06T12:22:26.5560817Z Creating toolchains.xml for JDK version 21 from temurin
lint	Setup Java	2026-06-06T12:22:26.5632317Z Writing to /home/runner/.m2/toolchains.xml
lint	Setup Java	2026-06-06T12:22:26.5632882Z 
lint	Setup Java	2026-06-06T12:22:26.5633209Z Java configuration:
lint	Setup Java	2026-06-06T12:22:26.5634355Z   Distribution: temurin
lint	Setup Java	2026-06-06T12:22:26.5635239Z   Version: 21.0.11+10
lint	Setup Java	2026-06-06T12:22:26.5635865Z   Path: /opt/hostedtoolcache/Java_Temurin-Hotspot_jdk/21.0.11-10/x64
lint	Setup Java	2026-06-06T12:22:26.5636393Z 
lint	Setup Java	2026-06-06T12:22:26.5637055Z ##[endgroup]
lint	Setup Java	2026-06-06T12:22:26.5652958Z Creating settings.xml with server-id: github
lint	Setup Java	2026-06-06T12:22:26.5654203Z Writing to /home/runner/.m2/settings.xml
lint	Setup Gradle	﻿2026-06-06T12:22:26.5891511Z ##[group]Run gradle/actions/setup-gradle@v4
lint	Setup Gradle	2026-06-06T12:22:26.5891822Z with:
lint	Setup Gradle	2026-06-06T12:22:26.5892032Z   cache-disabled: false
lint	Setup Gradle	2026-06-06T12:22:26.5892264Z   cache-read-only: false
lint	Setup Gradle	2026-06-06T12:22:26.5892508Z   cache-write-only: false
lint	Setup Gradle	2026-06-06T12:22:26.5892754Z   cache-overwrite-existing: false
lint	Setup Gradle	2026-06-06T12:22:26.5893030Z   cache-cleanup: on-success
lint	Setup Gradle	2026-06-06T12:22:26.5893320Z   gradle-home-cache-includes: caches
lint	Setup Gradle	notifications
lint	Setup Gradle	
lint	Setup Gradle	2026-06-06T12:22:26.5893652Z   add-job-summary: always
lint	Setup Gradle	2026-06-06T12:22:26.5893917Z   add-job-summary-as-pr-comment: never
lint	Setup Gradle	2026-06-06T12:22:26.5894202Z   dependency-graph: disabled
lint	Setup Gradle	2026-06-06T12:22:26.5894511Z   dependency-graph-report-dir: dependency-graph-reports
lint	Setup Gradle	2026-06-06T12:22:26.5895103Z   dependency-graph-continue-on-failure: true
lint	Setup Gradle	2026-06-06T12:22:26.5895419Z   build-scan-publish: false
lint	Setup Gradle	2026-06-06T12:22:26.5895670Z   validate-wrappers: true
lint	Setup Gradle	2026-06-06T12:22:26.5895915Z   allow-snapshot-wrappers: false
lint	Setup Gradle	2026-06-06T12:22:26.5896195Z   gradle-home-cache-strict-match: false
lint	Setup Gradle	2026-06-06T12:22:26.5896526Z   workflow-job-context: null
lint	Setup Gradle	2026-06-06T12:22:26.5899274Z   github-token: ***
lint	Setup Gradle	2026-06-06T12:22:26.5899507Z env:
lint	Setup Gradle	2026-06-06T12:22:26.5899818Z   JAVA_HOME: /opt/hostedtoolcache/Java_Temurin-Hotspot_jdk/21.0.11-10/x64
lint	Setup Gradle	2026-06-06T12:22:26.5900344Z   JAVA_HOME_21_X64: /opt/hostedtoolcache/Java_Temurin-Hotspot_jdk/21.0.11-10/x64
lint	Setup Gradle	2026-06-06T12:22:26.5900738Z ##[endgroup]
lint	Setup Gradle	2026-06-06T12:22:28.1943171Z Merged default JDK locations into /home/runner/.m2/toolchains.xml
lint	Setup Gradle	2026-06-06T12:22:28.1945489Z Preparing cache for cleanup.
lint	Setup Gradle	2026-06-06T12:22:28.1949390Z ##[group]Restore Gradle state from cache
lint	Setup Gradle	2026-06-06T12:22:28.3079506Z Cache hit for restore-key: gradle-home-v1|Linux-X64|lint[8f1a35902c100c60bb9f5f2fa570f2c2]-4f31b9652d1a9dda697e2899a29d6cda3664b655
lint	Setup Gradle	2026-06-06T12:22:28.7678263Z Received 49004929 of 49004929 (100.0%), 116.3 MBs/sec
lint	Setup Gradle	2026-06-06T12:22:28.7680992Z Cache Size: ~47 MB (49004929 B)
lint	Setup Gradle	2026-06-06T12:22:28.7715179Z [command]/usr/bin/tar -xf /home/runner/work/_temp/6c88ff77-a2fa-404e-95eb-2aa6b81ebd15/cache.tzst -P -C /home/runner/work/ShizukuPlus/ShizukuPlus --use-compress-program unzstd
lint	Setup Gradle	2026-06-06T12:22:29.1311477Z Cache restored successfully
lint	Setup Gradle	2026-06-06T12:22:29.1340210Z Restored cache entry with key gradle-home-v1|Linux-X64|lint[8f1a35902c100c60bb9f5f2fa570f2c2]-ba784d260dfc93674d9f38e70b2aba67ad40e6d8 to /home/runner/.gradle/caches,/home/runner/.gradle/notifications,/home/runner/.gradle/.setup-gradle in 938ms
lint	Setup Gradle	2026-06-06T12:22:29.1996563Z Cache hit for: gradle-groovy-dsl-v1-aba500c33a96d90b1933fd49d769f3ac
lint	Setup Gradle	2026-06-06T12:22:29.2029728Z Cache hit for: gradle-instrumented-jars-v1-d46bd7126df9dcfe818891c722016cd2
lint	Setup Gradle	2026-06-06T12:22:29.2034299Z Cache hit for: gradle-wrapper-zips-v1-b34fbf565c67c89c8aa34f8407b476ab
lint	Setup Gradle	2026-06-06T12:22:29.2039515Z Cache hit for: gradle-dependencies-v1-7e67550013ea9896ff2c83d621807f2e
lint	Setup Gradle	2026-06-06T12:22:29.2107015Z Cache hit for: gradle-transforms-v1-379511a7b789f0e0c4731bfe0190f83b
lint	Setup Gradle	2026-06-06T12:22:29.3174087Z Received 426199 of 426199 (100.0%), 4.7 MBs/sec
lint	Setup Gradle	2026-06-06T12:22:29.3174983Z Cache Size: ~0 MB (426199 B)
lint	Setup Gradle	2026-06-06T12:22:29.4405414Z [command]/usr/bin/tar -xf /home/runner/work/_temp/2ab12b6e-1fd7-49a3-b951-f5efbd511837/cache.tzst -P -C /home/runner/work/ShizukuPlus/ShizukuPlus --use-compress-program unzstd
lint	Setup Gradle	2026-06-06T12:22:29.4860581Z Received 218930 of 218930 (100.0%), 1.1 MBs/sec
lint	Setup Gradle	2026-06-06T12:22:29.4861297Z Cache Size: ~0 MB (218930 B)
lint	Setup Gradle	2026-06-06T12:22:29.5378773Z Cache restored successfully
lint	Setup Gradle	2026-06-06T12:22:29.5418702Z Restored cache entry with key gradle-groovy-dsl-v1-aba500c33a96d90b1933fd49d769f3ac to /home/runner/.gradle/caches/*/groovy-dsl/*/ in 406ms
lint	Setup Gradle	2026-06-06T12:22:29.6008756Z [command]/usr/bin/tar -xf /home/runner/work/_temp/129e162c-a61c-475f-a141-8c5f52085898/cache.tzst -P -C /home/runner/work/ShizukuPlus/ShizukuPlus --use-compress-program unzstd
lint	Setup Gradle	2026-06-06T12:22:29.6419317Z Cache restored successfully
lint	Setup Gradle	2026-06-06T12:22:29.6522271Z Restored cache entry with key gradle-instrumented-jars-v1-d46bd7126df9dcfe818891c722016cd2 to /home/runner/.gradle/caches/jars-*/*/ in 516ms
lint	Setup Gradle	2026-06-06T12:22:30.2683898Z Received 100663296 of 136692061 (73.6%), 94.9 MBs/sec
lint	Setup Gradle	2026-06-06T12:22:30.2856948Z Received 83886080 of 147454767 (56.9%), 78.9 MBs/sec
lint	Setup Gradle	2026-06-06T12:22:30.3017652Z Received 104857600 of 659517973 (15.9%), 99.2 MBs/sec
lint	Setup Gradle	2026-06-06T12:22:30.5002367Z Received 136692061 of 136692061 (100.0%), 104.8 MBs/sec
lint	Setup Gradle	2026-06-06T12:22:30.5005435Z Cache Size: ~130 MB (136692061 B)
lint	Setup Gradle	2026-06-06T12:22:30.5042835Z [command]/usr/bin/tar -xf /home/runner/work/_temp/5108dd2b-f53d-4294-a1b0-5838c87e08bb/cache.tzst -P -C /home/runner/work/ShizukuPlus/ShizukuPlus --use-compress-program unzstd
lint	Setup Gradle	2026-06-06T12:22:30.7923851Z Cache restored successfully
lint	Setup Gradle	2026-06-06T12:22:30.7973389Z Received 147454767 of 147454767 (100.0%), 92.2 MBs/sec
lint	Setup Gradle	2026-06-06T12:22:30.7974105Z Cache Size: ~141 MB (147454767 B)
lint	Setup Gradle	2026-06-06T12:22:30.8015869Z Restored cache entry with key gradle-wrapper-zips-v1-b34fbf565c67c89c8aa34f8407b476ab to /home/runner/.gradle/wrapper/dists/gradle-8.14-bin/38aieal9i53h9rfe7vjup95b9 in 1667ms
lint	Setup Gradle	2026-06-06T12:22:30.8088633Z [command]/usr/bin/tar -xf /home/runner/work/_temp/291d96a3-cd0b-44df-8468-8b9f3fadf9a8/cache.tzst -P -C /home/runner/work/ShizukuPlus/ShizukuPlus --use-compress-program unzstd
lint	Setup Gradle	2026-06-06T12:22:31.3046593Z Received 293601280 of 659517973 (44.5%), 139.3 MBs/sec
lint	Setup Gradle	2026-06-06T12:22:32.3106460Z Received 536870912 of 659517973 (81.4%), 170.0 MBs/sec
lint	Setup Gradle	2026-06-06T12:22:32.7275687Z Cache restored successfully
lint	Setup Gradle	2026-06-06T12:22:32.7363236Z Restored cache entry with key gradle-transforms-v1-379511a7b789f0e0c4731bfe0190f83b to /home/runner/.gradle/caches/transforms-4/*/,/home/runner/.gradle/caches/*/transforms/*/ in 3600ms
lint	Setup Gradle	2026-06-06T12:22:32.8234394Z Received 659517973 of 659517973 (100.0%), 178.2 MBs/sec
lint	Setup Gradle	2026-06-06T12:22:32.8237429Z Cache Size: ~629 MB (659517973 B)
lint	Setup Gradle	2026-06-06T12:22:32.8266914Z [command]/usr/bin/tar -xf /home/runner/work/_temp/b382846f-8556-4181-a014-65902d93f0ba/cache.tzst -P -C /home/runner/work/ShizukuPlus/ShizukuPlus --use-compress-program unzstd
lint	Setup Gradle	2026-06-06T12:22:33.9097137Z Cache restored successfully
lint	Setup Gradle	2026-06-06T12:22:33.9421810Z Restored cache entry with key gradle-dependencies-v1-7e67550013ea9896ff2c83d621807f2e to /home/runner/.gradle/caches/modules-*/files-*/*/*/*/* in 4806ms
lint	Setup Gradle	2026-06-06T12:22:33.9603812Z ##[endgroup]
lint	Setup Gradle	2026-06-06T12:22:33.9985906Z ##[group]All Gradle Wrapper jars are valid
lint	Setup Gradle	2026-06-06T12:22:33.9988140Z ✓ Found known Gradle Wrapper JAR files:
lint	Setup Gradle	2026-06-06T12:22:33.9989072Z   7d3a4ac4de1c32b59bc6a4eb8ecb8e612ccd0cf1ae1e99f66902da64df296172 api/gradle/wrapper/gradle-wrapper.jar
lint	Setup Gradle	2026-06-06T12:22:33.9990337Z   7d3a4ac4de1c32b59bc6a4eb8ecb8e612ccd0cf1ae1e99f66902da64df296172 gradle/wrapper/gradle-wrapper.jar
lint	Setup Gradle	2026-06-06T12:22:33.9991665Z ##[endgroup]
lint	Accept SDK Licenses	﻿2026-06-06T12:22:34.0251516Z ##[group]Run yes | ${ANDROID_HOME}/cmdline-tools/latest/bin/sdkmanager --licenses > /dev/null || true
lint	Accept SDK Licenses	2026-06-06T12:22:34.0252441Z ^[[36;1myes | ${ANDROID_HOME}/cmdline-tools/latest/bin/sdkmanager --licenses > /dev/null || true^[[0m
lint	Accept SDK Licenses	2026-06-06T12:22:34.0285847Z shell: /usr/bin/bash -e {0}
lint	Accept SDK Licenses	2026-06-06T12:22:34.0286173Z env:
lint	Accept SDK Licenses	2026-06-06T12:22:34.0286533Z   JAVA_HOME: /opt/hostedtoolcache/Java_Temurin-Hotspot_jdk/21.0.11-10/x64
lint	Accept SDK Licenses	2026-06-06T12:22:34.0287083Z   JAVA_HOME_21_X64: /opt/hostedtoolcache/Java_Temurin-Hotspot_jdk/21.0.11-10/x64
lint	Accept SDK Licenses	2026-06-06T12:22:34.0287548Z   GRADLE_ACTION_ID: gradle/actions/setup-gradle
lint	Accept SDK Licenses	2026-06-06T12:22:34.0287936Z   GRADLE_USER_HOME: /home/runner/.gradle
lint	Accept SDK Licenses	2026-06-06T12:22:34.0288270Z   GRADLE_BUILD_ACTION_SETUP_COMPLETED: true
lint	Accept SDK Licenses	2026-06-06T12:22:34.0288609Z   GRADLE_BUILD_ACTION_CACHE_RESTORED: true
lint	Accept SDK Licenses	2026-06-06T12:22:34.0289080Z   DEVELOCITY_INJECTION_INIT_SCRIPT_NAME: gradle-actions.inject-develocity.init.gradle
lint	Accept SDK Licenses	2026-06-06T12:22:34.0289600Z   DEVELOCITY_INJECTION_CUSTOM_VALUE: gradle-actions
lint	Accept SDK Licenses	2026-06-06T12:22:34.0290024Z   GITHUB_DEPENDENCY_GRAPH_ENABLED: false
lint	Accept SDK Licenses	2026-06-06T12:22:34.0290336Z ##[endgroup]
lint	Accept SDK Licenses	2026-06-06T12:22:41.7879587Z yes: standard output: Broken pipe
lint	Run Lint	﻿2026-06-06T12:22:41.7917113Z ##[group]Run ./gradlew :manager:lint
lint	Run Lint	2026-06-06T12:22:41.7917522Z ^[[36;1m./gradlew :manager:lint^[[0m
lint	Run Lint	2026-06-06T12:22:41.7946975Z shell: /usr/bin/bash -e {0}
lint	Run Lint	2026-06-06T12:22:41.7947296Z env:
lint	Run Lint	2026-06-06T12:22:41.7947676Z   JAVA_HOME: /opt/hostedtoolcache/Java_Temurin-Hotspot_jdk/21.0.11-10/x64
lint	Run Lint	2026-06-06T12:22:41.7948241Z   JAVA_HOME_21_X64: /opt/hostedtoolcache/Java_Temurin-Hotspot_jdk/21.0.11-10/x64
lint	Run Lint	2026-06-06T12:22:41.7948738Z   GRADLE_ACTION_ID: gradle/actions/setup-gradle
lint	Run Lint	2026-06-06T12:22:41.7949113Z   GRADLE_USER_HOME: /home/runner/.gradle
lint	Run Lint	2026-06-06T12:22:41.7949448Z   GRADLE_BUILD_ACTION_SETUP_COMPLETED: true
lint	Run Lint	2026-06-06T12:22:41.7949782Z   GRADLE_BUILD_ACTION_CACHE_RESTORED: true
lint	Run Lint	2026-06-06T12:22:41.7950265Z   DEVELOCITY_INJECTION_INIT_SCRIPT_NAME: gradle-actions.inject-develocity.init.gradle
lint	Run Lint	2026-06-06T12:22:41.7950776Z   DEVELOCITY_INJECTION_CUSTOM_VALUE: gradle-actions
lint	Run Lint	2026-06-06T12:22:41.7951151Z   GITHUB_DEPENDENCY_GRAPH_ENABLED: false
lint	Run Lint	2026-06-06T12:22:41.7951460Z ##[endgroup]
lint	Run Lint	2026-06-06T12:22:42.6860692Z Starting a Gradle Daemon (subsequent builds will be faster)
lint	Run Lint	2026-06-06T12:22:44.2837103Z Configuration on demand is an incubating feature.
lint	Run Lint	2026-06-06T12:22:59.2836881Z 
lint	Run Lint	2026-06-06T12:22:59.2876337Z > Configure project :manager
lint	Run Lint	2026-06-06T12:22:59.2890812Z Checking the license for package NDK (Side by side) 27.0.12077973 in /usr/local/lib/android/sdk/licenses
lint	Run Lint	2026-06-06T12:22:59.2892140Z License for package NDK (Side by side) 27.0.12077973 accepted.
lint	Run Lint	2026-06-06T12:22:59.2893260Z Preparing "Install NDK (Side by side) 27.0.12077973 v.27.0.12077973".
lint	Run Lint	2026-06-06T12:23:12.7830847Z "Install NDK (Side by side) 27.0.12077973 v.27.0.12077973" ready.
lint	Run Lint	2026-06-06T12:23:12.7831734Z Installing NDK (Side by side) 27.0.12077973 in /usr/local/lib/android/sdk/ndk/27.0.12077973
lint	Run Lint	2026-06-06T12:23:12.7832546Z "Install NDK (Side by side) 27.0.12077973 v.27.0.12077973" complete.
lint	Run Lint	2026-06-06T12:23:13.0832196Z "Install NDK (Side by side) 27.0.12077973 v.27.0.12077973" finished.
lint	Run Lint	2026-06-06T12:23:17.8829143Z 
lint	Run Lint	2026-06-06T12:23:17.8833903Z > Task :shared:preBuild UP-TO-DATE
lint	Run Lint	2026-06-06T12:23:17.9830733Z > Task :aidl:preBuild UP-TO-DATE
lint	Run Lint	2026-06-06T12:23:17.9839561Z > Task :api:preBuild UP-TO-DATE
lint	Run Lint	2026-06-06T12:23:17.9840153Z > Task :common:preBuild UP-TO-DATE
lint	Run Lint	2026-06-06T12:23:17.9840716Z > Task :api:preDebugBuild UP-TO-DATE
lint	Run Lint	2026-06-06T12:23:17.9841420Z > Task :shared:preDebugBuild UP-TO-DATE
lint	Run Lint	2026-06-06T12:23:17.9841868Z > Task :common:preDebugBuild UP-TO-DATE
lint	Run Lint	2026-06-06T12:23:17.9850867Z > Task :aidl:preDebugBuild UP-TO-DATE
lint	Run Lint	2026-06-06T12:23:18.0866189Z > Task :shared:generateDebugResValues
lint	Run Lint	2026-06-06T12:23:18.0895576Z > Task :api:mergeDebugJniLibFolders
lint	Run Lint	2026-06-06T12:23:18.0919764Z > Task :aidl:mergeDebugJniLibFolders
lint	Run Lint	2026-06-06T12:23:18.0939688Z > Task :common:mergeDebugJniLibFolders
lint	Run Lint	2026-06-06T12:23:18.0965764Z > Task :api:mergeDebugNativeLibs NO-SOURCE
lint	Run Lint	2026-06-06T12:23:18.0968760Z > Task :aidl:mergeDebugNativeLibs NO-SOURCE
lint	Run Lint	2026-06-06T12:23:18.0987046Z > Task :aidl:stripDebugDebugSymbols NO-SOURCE
lint	Run Lint	2026-06-06T12:23:18.0987946Z > Task :api:stripDebugDebugSymbols NO-SOURCE
lint	Run Lint	2026-06-06T12:23:18.0988731Z > Task :shared:generateDebugResources
lint	Run Lint	2026-06-06T12:23:18.0989450Z > Task :api:copyDebugJniLibsProjectAndLocalJars
lint	Run Lint	2026-06-06T12:23:18.1836338Z > Task :aidl:copyDebugJniLibsProjectAndLocalJars
lint	Run Lint	2026-06-06T12:23:18.1837290Z > Task :api:generateDebugResValues FROM-CACHE
lint	Run Lint	2026-06-06T12:23:18.1843083Z > Task :aidl:generateDebugResValues FROM-CACHE
lint	Run Lint	2026-06-06T12:23:18.1843882Z > Task :aidl:generateDebugResources FROM-CACHE
lint	Run Lint	2026-06-06T12:23:18.1845306Z > Task :api:generateDebugResources FROM-CACHE
lint	Run Lint	2026-06-06T12:23:18.1845911Z > Task :shared:packageDebugResources
lint	Run Lint	2026-06-06T12:23:18.1849700Z > Task :aidl:packageDebugResources
lint	Run Lint	2026-06-06T12:23:18.1850234Z > Task :api:packageDebugResources
lint	Run Lint	2026-06-06T12:23:19.2868179Z > Task :aidl:compileDebugAidl
lint	Run Lint	2026-06-06T12:23:19.2870647Z > Task :aidl:extractDeepLinksForAarDebug
lint	Run Lint	2026-06-06T12:23:19.2925378Z > Task :aidl:mergeDebugShaders
lint	Run Lint	2026-06-06T12:23:19.2935806Z > Task :aidl:compileDebugShaders NO-SOURCE
lint	Run Lint	2026-06-06T12:23:19.2937275Z > Task :aidl:generateDebugAssets UP-TO-DATE
lint	Run Lint	2026-06-06T12:23:19.3880132Z > Task :aidl:mergeDebugAssets
lint	Run Lint	2026-06-06T12:23:19.3905693Z > Task :aidl:javaPreCompileDebug
lint	Run Lint	2026-06-06T12:23:19.3976348Z > Task :api:parseDebugLocalResources
lint	Run Lint	2026-06-06T12:23:19.4025932Z > Task :aidl:parseDebugLocalResources
lint	Run Lint	2026-06-06T12:23:19.4056903Z > Task :shared:parseDebugLocalResources
lint	Run Lint	2026-06-06T12:23:19.4057520Z > Task :aidl:prepareDebugArtProfile
lint	Run Lint	2026-06-06T12:23:19.4058011Z > Task :common:mergeDebugNativeLibs NO-SOURCE
lint	Run Lint	2026-06-06T12:23:19.4058403Z > Task :shared:javaPreCompileDebug FROM-CACHE
lint	Run Lint	2026-06-06T12:23:19.4058827Z > Task :common:stripDebugDebugSymbols NO-SOURCE
lint	Run Lint	2026-06-06T12:23:19.4059422Z > Task :api:extractDeepLinksForAarDebug FROM-CACHE
lint	Run Lint	2026-06-06T12:23:19.4060039Z > Task :common:copyDebugJniLibsProjectAndLocalJars
lint	Run Lint	2026-06-06T12:23:19.4060603Z > Task :common:generateDebugResValues FROM-CACHE
lint	Run Lint	2026-06-06T12:23:19.4061171Z > Task :shared:mergeDebugJniLibFolders
lint	Run Lint	2026-06-06T12:23:19.4064000Z > Task :api:mergeDebugShaders
lint	Run Lint	2026-06-06T12:23:19.4064642Z > Task :shared:mergeDebugNativeLibs NO-SOURCE
lint	Run Lint	2026-06-06T12:23:19.4095844Z > Task :api:compileDebugShaders NO-SOURCE
lint	Run Lint	2026-06-06T12:23:19.4096456Z > Task :api:generateDebugAssets UP-TO-DATE
lint	Run Lint	2026-06-06T12:23:19.4097045Z > Task :shared:stripDebugDebugSymbols NO-SOURCE
lint	Run Lint	2026-06-06T12:23:19.4837079Z > Task :aidl:prepareLintJarForPublish
lint	Run Lint	2026-06-06T12:23:19.4899555Z > Task :api:mergeDebugAssets
lint	Run Lint	2026-06-06T12:23:19.4987748Z > Task :shared:copyDebugJniLibsProjectAndLocalJars
lint	Run Lint	2026-06-06T12:23:19.4996685Z > Task :shared:extractDeepLinksForAarDebug FROM-CACHE
lint	Run Lint	2026-06-06T12:23:19.4997359Z > Task :api:javaPreCompileDebug FROM-CACHE
lint	Run Lint	2026-06-06T12:23:19.4997940Z > Task :api:prepareDebugArtProfile
lint	Run Lint	2026-06-06T12:23:19.4998477Z > Task :aidl:processDebugJavaRes NO-SOURCE
lint	Run Lint	2026-06-06T12:23:19.4999021Z > Task :api:prepareLintJarForPublish
lint	Run Lint	2026-06-06T12:23:19.4999531Z > Task :aidl:generateDebugRFile
lint	Run Lint	2026-06-06T12:23:19.5873328Z > Task :aidl:mergeDebugJavaResource
lint	Run Lint	2026-06-06T12:23:19.5906473Z > Task :aidl:processDebugManifest
lint	Run Lint	2026-06-06T12:23:19.5926344Z > Task :api:processDebugManifest
lint	Run Lint	2026-06-06T12:23:19.5965498Z > Task :api:processDebugJavaRes NO-SOURCE
lint	Run Lint	2026-06-06T12:23:19.5966464Z > Task :common:generateDebugResources FROM-CACHE
lint	Run Lint	2026-06-06T12:23:19.6870870Z > Task :shared:mergeDebugShaders
lint	Run Lint	2026-06-06T12:23:19.6896120Z > Task :api:mergeDebugJavaResource
lint	Run Lint	2026-06-06T12:23:19.6925713Z > Task :shared:generateDebugRFile
lint	Run Lint	2026-06-06T12:23:19.6927050Z > Task :shared:compileDebugShaders NO-SOURCE
lint	Run Lint	2026-06-06T12:23:19.6955661Z > Task :shared:generateDebugAssets UP-TO-DATE
lint	Run Lint	2026-06-06T12:23:19.6985610Z > Task :shared:mergeDebugAssets
lint	Run Lint	2026-06-06T12:23:19.7864712Z > Task :api:writeDebugAarMetadata
lint	Run Lint	2026-06-06T12:23:19.7885507Z > Task :common:packageDebugResources
lint	Run Lint	2026-06-06T12:23:19.7905503Z > Task :shared:prepareDebugArtProfile
lint	Run Lint	2026-06-06T12:23:19.7925006Z > Task :shared:prepareLintJarForPublish
lint	Run Lint	2026-06-06T12:23:19.7944293Z > Task :common:parseDebugLocalResources FROM-CACHE
lint	Run Lint	2026-06-06T12:23:19.7950726Z > Task :api:preDebugAndroidTestBuild UP-TO-DATE
lint	Run Lint	2026-06-06T12:23:19.7966887Z > Task :api:generateDebugAndroidTestResValues FROM-CACHE
lint	Run Lint	2026-06-06T12:23:19.8005440Z > Task :shared:processDebugJavaRes NO-SOURCE
lint	Run Lint	2026-06-06T12:23:19.8020034Z > Task :api:generateDebugRFile
lint	Run Lint	2026-06-06T12:23:19.8030358Z > Task :shared:processDebugManifest
lint	Run Lint	2026-06-06T12:23:19.8055498Z > Task :shared:mergeDebugJavaResource
lint	Run Lint	2026-06-06T12:23:19.8085449Z > Task :api:writeDebugLintModelMetadata
lint	Run Lint	2026-06-06T12:23:19.8108382Z > Task :shared:writeDebugAarMetadata
lint	Run Lint	2026-06-06T12:23:19.8881985Z > Task :shared:writeDebugLintModelMetadata
lint	Run Lint	2026-06-06T12:23:19.8895911Z > Task :api:extractProguardFiles
lint	Run Lint	2026-06-06T12:23:19.8925604Z > Task :api:preDebugUnitTestBuild UP-TO-DATE
lint	Run Lint	2026-06-06T12:23:19.8955533Z > Task :database:preBuild UP-TO-DATE
lint	Run Lint	2026-06-06T12:23:19.8985572Z > Task :shared:extractProguardFiles
lint	Run Lint	2026-06-06T12:23:19.8986376Z > Task :core:ui:preBuild UP-TO-DATE
lint	Run Lint	2026-06-06T12:23:19.9015489Z > Task :database:preDebugBuild UP-TO-DATE
lint	Run Lint	2026-06-06T12:23:19.9045448Z > Task :core:ui:preDebugBuild UP-TO-DATE
lint	Run Lint	2026-06-06T12:23:19.9076240Z > Task :core:ui:mergeDebugJniLibFolders
lint	Run Lint	2026-06-06T12:23:19.9077078Z > Task :core:ui:mergeDebugNativeLibs NO-SOURCE
lint	Run Lint	2026-06-06T12:23:19.9095873Z > Task :core:ui:stripDebugDebugSymbols NO-SOURCE
lint	Run Lint	2026-06-06T12:23:19.9148636Z > Task :database:mergeDebugJniLibFolders
lint	Run Lint	2026-06-06T12:23:19.9189990Z > Task :database:mergeDebugNativeLibs NO-SOURCE
lint	Run Lint	2026-06-06T12:23:19.9247104Z > Task :core:ui:copyDebugJniLibsProjectAndLocalJars
lint	Run Lint	2026-06-06T12:23:19.9275645Z > Task :core:ui:checkKotlinGradlePluginConfigurationErrors SKIPPED
lint	Run Lint	2026-06-06T12:23:19.9325216Z > Task :database:stripDebugDebugSymbols NO-SOURCE
lint	Run Lint	2026-06-06T12:23:19.9355740Z > Task :database:copyDebugJniLibsProjectAndLocalJars
lint	Run Lint	2026-06-06T12:23:19.9410525Z > Task :database:checkKotlinGradlePluginConfigurationErrors SKIPPED
lint	Run Lint	2026-06-06T12:23:19.9461745Z > Task :common:extractDeepLinksForAarDebug FROM-CACHE
lint	Run Lint	2026-06-06T12:23:19.9875972Z > Task :common:mergeDebugShaders
lint	Run Lint	2026-06-06T12:23:19.9905637Z > Task :common:generateDebugRFile
lint	Run Lint	2026-06-06T12:23:19.9935687Z > Task :common:compileDebugShaders NO-SOURCE
lint	Run Lint	2026-06-06T12:23:19.9954272Z > Task :database:generateDebugResValues FROM-CACHE
lint	Run Lint	2026-06-06T12:23:19.9955166Z > Task :database:generateDebugResources FROM-CACHE
lint	Run Lint	2026-06-06T12:23:19.9956020Z > Task :database:packageDebugResources
lint	Run Lint	2026-06-06T12:23:19.9956505Z > Task :database:parseDebugLocalResources FROM-CACHE
lint	Run Lint	2026-06-06T12:23:20.9849278Z > Task :aidl:extractDebugAnnotations
lint	Run Lint	2026-06-06T12:23:20.9850188Z > Task :common:extractDebugAnnotations
lint	Run Lint	2026-06-06T12:23:20.9850960Z > Task :common:generateDebugAssets UP-TO-DATE
lint	Run Lint	2026-06-06T12:23:21.5876190Z > Task :common:mergeDebugAssets
lint	Run Lint	2026-06-06T12:23:21.5904161Z > Task :common:javaPreCompileDebug FROM-CACHE
lint	Run Lint	2026-06-06T12:23:21.5935641Z > Task :database:generateDebugRFile
lint	Run Lint	2026-06-06T12:23:21.5965450Z > Task :database:extractDeepLinksForAarDebug FROM-CACHE
lint	Run Lint	2026-06-06T12:23:21.6835994Z > Task :database:mergeDebugShaders
lint	Run Lint	2026-06-06T12:23:21.6865546Z > Task :database:compileDebugShaders NO-SOURCE
lint	Run Lint	2026-06-06T12:23:21.6895822Z > Task :database:generateDebugAssets UP-TO-DATE
lint	Run Lint	2026-06-06T12:23:21.6916218Z > Task :database:mergeDebugAssets
lint	Run Lint	2026-06-06T12:23:21.7838971Z > Task :database:javaPreCompileDebug
lint	Run Lint	2026-06-06T12:23:21.7879321Z > Task :database:prepareDebugArtProfile
lint	Run Lint	2026-06-06T12:23:21.8834684Z > Task :database:prepareLintJarForPublish
lint	Run Lint	2026-06-06T12:23:21.8848739Z > Task :database:processDebugManifest
lint	Run Lint	2026-06-06T12:23:21.8901906Z > Task :database:writeDebugAarMetadata
lint	Run Lint	2026-06-06T12:23:21.8916636Z > Task :database:preDebugAndroidTestBuild UP-TO-DATE
lint	Run Lint	2026-06-06T12:23:21.8917431Z > Task :database:generateDebugAndroidTestResValues FROM-CACHE
lint	Run Lint	2026-06-06T12:23:21.8918147Z > Task :database:writeDebugLintModelMetadata
lint	Run Lint	2026-06-06T12:23:21.8918712Z > Task :database:extractProguardFiles
lint	Run Lint	2026-06-06T12:23:21.8919265Z > Task :database:preDebugUnitTestBuild UP-TO-DATE
lint	Run Lint	2026-06-06T12:23:21.9858027Z > Task :core:ui:dataBindingMergeDependencyArtifactsDebug
lint	Run Lint	2026-06-06T12:23:21.9914481Z > Task :server:preBuild UP-TO-DATE
lint	Run Lint	2026-06-06T12:23:21.9975415Z > Task :core:ui:generateDebugResValues FROM-CACHE
lint	Run Lint	2026-06-06T12:23:21.9991658Z > Task :server:preDebugBuild UP-TO-DATE
lint	Run Lint	2026-06-06T12:23:21.9992549Z > Task :server:mergeDebugJniLibFolders
lint	Run Lint	2026-06-06T12:23:21.9993199Z > Task :server:mergeDebugNativeLibs NO-SOURCE
lint	Run Lint	2026-06-06T12:23:21.9993819Z > Task :server:stripDebugDebugSymbols NO-SOURCE
lint	Run Lint	2026-06-06T12:23:21.9994449Z > Task :core:ui:generateDebugResources
lint	Run Lint	2026-06-06T12:23:21.9995250Z > Task :server:copyDebugJniLibsProjectAndLocalJars
lint	Run Lint	2026-06-06T12:23:21.9995850Z > Task :provider:preBuild UP-TO-DATE
lint	Run Lint	2026-06-06T12:23:21.9996376Z > Task :provider:preDebugBuild UP-TO-DATE
lint	Run Lint	2026-06-06T12:23:21.9996952Z > Task :provider:generateDebugResValues FROM-CACHE
lint	Run Lint	2026-06-06T12:23:21.9997560Z > Task :provider:generateDebugResources FROM-CACHE
lint	Run Lint	2026-06-06T12:23:21.9998126Z > Task :provider:packageDebugResources
lint	Run Lint	2026-06-06T12:23:21.9998708Z > Task :provider:parseDebugLocalResources FROM-CACHE
lint	Run Lint	2026-06-06T12:23:22.0836147Z > Task :provider:generateDebugRFile
lint	Run Lint	2026-06-06T12:23:22.0846406Z > Task :provider:javaPreCompileDebug FROM-CACHE
lint	Run Lint	2026-06-06T12:23:22.0847210Z > Task :rish:preBuild UP-TO-DATE
lint	Run Lint	2026-06-06T12:23:22.0848031Z > Task :rish:preDebugBuild UP-TO-DATE
lint	Run Lint	2026-06-06T12:23:22.0848775Z > Task :rish:generateDebugResValues FROM-CACHE
lint	Run Lint	2026-06-06T12:23:22.0849547Z > Task :rish:generateDebugResources FROM-CACHE
lint	Run Lint	2026-06-06T12:23:22.0850305Z > Task :rish:packageDebugResources
lint	Run Lint	2026-06-06T12:23:22.0851021Z > Task :rish:parseDebugLocalResources FROM-CACHE
lint	Run Lint	2026-06-06T12:23:22.3832318Z > Task :core:ui:packageDebugResources
lint	Run Lint	2026-06-06T12:23:22.8836159Z > Task :rish:generateDebugRFile
lint	Run Lint	2026-06-06T12:23:22.8837001Z > Task :rish:javaPreCompileDebug FROM-CACHE
lint	Run Lint	2026-06-06T12:23:22.8837794Z > Task :server:checkKotlinGradlePluginConfigurationErrors SKIPPED
lint	Run Lint	2026-06-06T12:23:22.8838580Z > Task :server:generateDebugResValues FROM-CACHE
lint	Run Lint	2026-06-06T12:23:22.8839240Z > Task :server:generateDebugResources FROM-CACHE
lint	Run Lint	2026-06-06T12:23:22.9875976Z > Task :server:packageDebugResources
lint	Run Lint	2026-06-06T12:23:22.9965959Z > Task :server:parseDebugLocalResources FROM-CACHE
lint	Run Lint	2026-06-06T12:23:23.0035777Z > Task :server-shared:preBuild UP-TO-DATE
lint	Run Lint	2026-06-06T12:23:23.0036462Z > Task :server-shared:preDebugBuild UP-TO-DATE
lint	Run Lint	2026-06-06T12:23:23.0037062Z > Task :server-shared:generateDebugResValues FROM-CACHE
lint	Run Lint	2026-06-06T12:23:23.0037742Z > Task :server-shared:generateDebugResources FROM-CACHE
lint	Run Lint	2026-06-06T12:23:23.0038396Z > Task :server-shared:packageDebugResources
lint	Run Lint	2026-06-06T12:23:23.0039019Z > Task :server-shared:parseDebugLocalResources FROM-CACHE
lint	Run Lint	2026-06-06T12:23:23.0866352Z > Task :core:ui:dataBindingGenBaseClassesDebug
lint	Run Lint	2026-06-06T12:23:23.1840632Z > Task :server-shared:generateDebugRFile
lint	Run Lint	2026-06-06T12:23:23.1895820Z > Task :core:ui:extractDeepLinksForAarDebug FROM-CACHE
lint	Run Lint	2026-06-06T12:23:23.1925507Z > Task :core:ui:mergeDebugShaders
lint	Run Lint	2026-06-06T12:23:23.1945532Z > Task :core:ui:parseDebugLocalResources
lint	Run Lint	2026-06-06T12:23:23.1965605Z > Task :starter:preBuild UP-TO-DATE
lint	Run Lint	2026-06-06T12:23:23.1966532Z > Task :starter:preDebugBuild UP-TO-DATE
lint	Run Lint	2026-06-06T12:23:23.1969601Z > Task :starter:generateDebugResValues FROM-CACHE
lint	Run Lint	2026-06-06T12:23:23.1970446Z > Task :starter:generateDebugResources FROM-CACHE
lint	Run Lint	2026-06-06T12:23:23.1971163Z > Task :starter:packageDebugResources
lint	Run Lint	2026-06-06T12:23:23.2876512Z > Task :starter:parseDebugLocalResources FROM-CACHE
lint	Run Lint	2026-06-06T12:23:23.3839948Z > Task :starter:generateDebugRFile
lint	Run Lint	2026-06-06T12:23:23.4847912Z > Task :server:generateDebugRFile
lint	Run Lint	2026-06-06T12:23:23.4865686Z > Task :core:ui:compileDebugShaders NO-SOURCE
lint	Run Lint	2026-06-06T12:23:23.4893212Z > Task :core:ui:generateDebugAssets UP-TO-DATE
lint	Run Lint	2026-06-06T12:23:23.4916795Z > Task :core:ui:mergeDebugAssets
lint	Run Lint	2026-06-06T12:23:23.4972502Z > Task :core:ui:javaPreCompileDebug FROM-CACHE
lint	Run Lint	2026-06-06T12:23:23.5026517Z > Task :core:ui:prepareDebugArtProfile
lint	Run Lint	2026-06-06T12:23:23.5031639Z > Task :core:ui:prepareLintJarForPublish
lint	Run Lint	2026-06-06T12:23:23.5087080Z > Task :core:ui:processDebugManifest
lint	Run Lint	2026-06-06T12:23:23.5131713Z > Task :core:ui:writeDebugAarMetadata
lint	Run Lint	2026-06-06T12:23:23.5132386Z > Task :server-shared:javaPreCompileDebug FROM-CACHE
lint	Run Lint	2026-06-06T12:23:23.5133182Z > Task :starter:checkKotlinGradlePluginConfigurationErrors SKIPPED
lint	Run Lint	2026-06-06T12:23:23.5133930Z > Task :starter:javaPreCompileDebug FROM-CACHE
lint	Run Lint	2026-06-06T12:23:23.5134559Z > Task :server:extractDeepLinksForAarDebug FROM-CACHE
lint	Run Lint	2026-06-06T12:23:23.5135338Z > Task :server:mergeDebugShaders
lint	Run Lint	2026-06-06T12:23:23.5136075Z > Task :server:compileDebugShaders NO-SOURCE
lint	Run Lint	2026-06-06T12:23:23.5176274Z > Task :server:generateDebugAssets UP-TO-DATE
lint	Run Lint	2026-06-06T12:23:23.5226072Z > Task :server:mergeDebugAssets
lint	Run Lint	2026-06-06T12:23:23.5265723Z > Task :server:javaPreCompileDebug FROM-CACHE
lint	Run Lint	2026-06-06T12:23:23.5318465Z > Task :server:prepareDebugArtProfile
lint	Run Lint	2026-06-06T12:23:23.5830597Z > Task :server:prepareLintJarForPublish
lint	Run Lint	2026-06-06T12:23:23.5831612Z > Task :server:processDebugManifest
lint	Run Lint	2026-06-06T12:23:23.5832296Z > Task :server:writeDebugAarMetadata
lint	Run Lint	2026-06-06T12:23:23.6917401Z > Task :core:ui:generateDebugRFile
lint	Run Lint	2026-06-06T12:23:23.6932727Z > Task :starter:mergeDebugJniLibFolders
lint	Run Lint	2026-06-06T12:23:23.6933532Z > Task :starter:mergeDebugNativeLibs NO-SOURCE
lint	Run Lint	2026-06-06T12:23:23.6934424Z > Task :starter:stripDebugDebugSymbols NO-SOURCE
lint	Run Lint	2026-06-06T12:23:23.6935431Z > Task :starter:copyDebugJniLibsProjectAndLocalJars
lint	Run Lint	2026-06-06T12:23:23.6936219Z > Task :starter:extractDeepLinksForAarDebug FROM-CACHE
lint	Run Lint	2026-06-06T12:23:23.6936991Z > Task :starter:mergeDebugShaders
lint	Run Lint	2026-06-06T12:23:23.6937656Z > Task :starter:compileDebugShaders NO-SOURCE
lint	Run Lint	2026-06-06T12:23:23.6938383Z > Task :starter:generateDebugAssets UP-TO-DATE
lint	Run Lint	2026-06-06T12:23:23.6939133Z > Task :starter:mergeDebugAssets
lint	Run Lint	2026-06-06T12:23:23.6939807Z > Task :starter:prepareDebugArtProfile
lint	Run Lint	2026-06-06T12:23:23.6940494Z > Task :starter:prepareLintJarForPublish
lint	Run Lint	2026-06-06T12:23:23.6941199Z > Task :starter:processDebugManifest
lint	Run Lint	2026-06-06T12:23:23.6941882Z > Task :starter:writeDebugAarMetadata
lint	Run Lint	2026-06-06T12:23:23.6942554Z > Task :provider:mergeDebugJniLibFolders
lint	Run Lint	2026-06-06T12:23:23.6943394Z > Task :provider:mergeDebugNativeLibs NO-SOURCE
lint	Run Lint	2026-06-06T12:23:23.6944144Z > Task :provider:stripDebugDebugSymbols NO-SOURCE
lint	Run Lint	2026-06-06T12:23:23.6945073Z > Task :provider:copyDebugJniLibsProjectAndLocalJars
lint	Run Lint	2026-06-06T12:23:23.6945915Z > Task :provider:extractDeepLinksForAarDebug FROM-CACHE
lint	Run Lint	2026-06-06T12:23:23.6946701Z > Task :provider:mergeDebugShaders
lint	Run Lint	2026-06-06T12:23:23.6947440Z > Task :provider:compileDebugShaders NO-SOURCE
lint	Run Lint	2026-06-06T12:23:23.6948237Z > Task :provider:generateDebugAssets UP-TO-DATE
lint	Run Lint	2026-06-06T12:23:23.7829669Z > Task :provider:mergeDebugAssets
lint	Run Lint	2026-06-06T12:23:23.7835060Z > Task :provider:prepareDebugArtProfile
lint	Run Lint	2026-06-06T12:23:23.7837968Z > Task :provider:prepareLintJarForPublish
lint	Run Lint	2026-06-06T12:23:23.7838862Z > Task :provider:processDebugManifest
lint	Run Lint	2026-06-06T12:23:23.7840707Z > Task :provider:processDebugJavaRes NO-SOURCE
lint	Run Lint	2026-06-06T12:23:23.7841530Z > Task :provider:mergeDebugJavaResource
lint	Run Lint	2026-06-06T12:23:23.7844283Z > Task :provider:writeDebugAarMetadata
lint	Run Lint	2026-06-06T12:23:23.7845338Z > Task :manager:preBuild UP-TO-DATE
lint	Run Lint	2026-06-06T12:23:23.7846039Z > Task :shell:preBuild UP-TO-DATE
lint	Run Lint	2026-06-06T12:23:23.7846742Z > Task :shell:preDebugBuild UP-TO-DATE
lint	Run Lint	2026-06-06T12:23:23.7847593Z > Task :shell:mergeDebugNativeDebugMetadata NO-SOURCE
lint	Run Lint	2026-06-06T12:23:23.7848359Z > Task :shell:generateDebugBuildConfig
lint	Run Lint	2026-06-06T12:23:23.7849096Z > Task :shell:javaPreCompileDebug FROM-CACHE
lint	Run Lint	2026-06-06T12:23:23.8851334Z > Task :shell:checkDebugAarMetadata
lint	Run Lint	2026-06-06T12:23:23.8852115Z > Task :shell:generateDebugResValues FROM-CACHE
lint	Run Lint	2026-06-06T12:23:23.8895391Z > Task :shell:mapDebugSourceSetPaths
lint	Run Lint	2026-06-06T12:23:23.8935731Z > Task :shell:generateDebugResources FROM-CACHE
lint	Run Lint	2026-06-06T12:23:24.8836853Z > Task :shell:mergeDebugResources
lint	Run Lint	2026-06-06T12:23:24.9867246Z > Task :shell:createDebugCompatibleScreenManifests
lint	Run Lint	2026-06-06T12:23:24.9903307Z > Task :shell:extractDeepLinksDebug
lint	Run Lint	2026-06-06T12:23:25.1866266Z > Task :shell:processDebugMainManifest
lint	Run Lint	2026-06-06T12:23:25.3836013Z > Task :shell:processDebugManifest
lint	Run Lint	2026-06-06T12:23:25.3875130Z > Task :shell:processDebugManifestForPackage
lint	Run Lint	2026-06-06T12:23:25.5845330Z 
lint	Run Lint	2026-06-06T12:23:25.5935788Z > Task :rish:configureCMakeDebug[arm64-v8a]
lint	Run Lint	2026-06-06T12:23:25.5995771Z Checking the license for package CMake 3.22.1 in /usr/local/lib/android/sdk/licenses
lint	Run Lint	2026-06-06T12:23:25.6055390Z License for package CMake 3.22.1 accepted.
lint	Run Lint	2026-06-06T12:23:25.6075806Z Preparing "Install CMake 3.22.1 v.3.22.1".
lint	Run Lint	2026-06-06T12:23:25.7839581Z "Install CMake 3.22.1 v.3.22.1" ready.
lint	Run Lint	2026-06-06T12:23:25.7870777Z Installing CMake 3.22.1 in /usr/local/lib/android/sdk/cmake/3.22.1
lint	Run Lint	2026-06-06T12:23:25.7895669Z "Install CMake 3.22.1 v.3.22.1" complete.
lint	Run Lint	2026-06-06T12:23:25.7927744Z "Install CMake 3.22.1 v.3.22.1" finished.
lint	Run Lint	2026-06-06T12:23:26.1836517Z 
lint	Run Lint	2026-06-06T12:23:26.1866049Z > Task :shell:processDebugResources
lint	Run Lint	2026-06-06T12:23:27.2846535Z Note: /home/runner/work/ShizukuPlus/ShizukuPlus/shell/src/main/java/rikka/shizuku/shell/ShizukuShellLoader.java uses or overrides a deprecated API.
lint	Run Lint	2026-06-06T12:23:27.2848223Z > Task :common:compileDebugJavaWithJavac
lint	Run Lint	2026-06-06T12:23:27.2875813Z Note: Recompile with -Xlint:deprecation for details.
lint	Run Lint	2026-06-06T12:23:27.2876318Z 
lint	Run Lint	2026-06-06T12:23:27.2906146Z > Task :shell:compileDebugJavaWithJavac
lint	Run Lint	2026-06-06T12:23:27.3835509Z 
lint	Run Lint	2026-06-06T12:23:27.3896267Z > Task :common:mergeDebugGeneratedProguardFiles
lint	Run Lint	2026-06-06T12:23:27.3937782Z > Task :common:mergeDebugConsumerProguardFiles
lint	Run Lint	2026-06-06T12:23:27.3955952Z > Task :shell:mergeDebugShaders
lint	Run Lint	2026-06-06T12:23:27.3985518Z > Task :common:prepareDebugArtProfile
lint	Run Lint	2026-06-06T12:23:27.4031631Z > Task :shell:compileDebugShaders NO-SOURCE
lint	Run Lint	2026-06-06T12:23:27.4040932Z > Task :shell:generateDebugAssets UP-TO-DATE
lint	Run Lint	2026-06-06T12:23:27.4077897Z > Task :common:prepareLintJarForPublish
lint	Run Lint	2026-06-06T12:23:27.4078847Z > Task :shell:mergeDebugAssets
lint	Run Lint	2026-06-06T12:23:27.4079619Z > Task :common:processDebugJavaRes NO-SOURCE
lint	Run Lint	2026-06-06T12:23:27.4080305Z > Task :common:processDebugManifest
lint	Run Lint	2026-06-06T12:23:27.4080988Z > Task :common:mergeDebugJavaResource
lint	Run Lint	2026-06-06T12:23:27.4836588Z > Task :shell:compressDebugAssets
lint	Run Lint	2026-06-06T12:23:27.4873184Z > Task :shell:processDebugJavaRes NO-SOURCE
lint	Run Lint	2026-06-06T12:23:27.4874106Z > Task :common:syncDebugLibJars
lint	Run Lint	2026-06-06T12:23:27.5855532Z 
lint	Run Lint	2026-06-06T12:23:27.5906005Z > Task :rish:configureCMakeDebug[arm64-v8a]
lint	Run Lint	2026-06-06T12:23:27.5915418Z C/C++: Builing Debug...
lint	Run Lint	2026-06-06T12:23:27.5965121Z 
lint	Run Lint	2026-06-06T12:23:27.6016989Z > Task :common:writeDebugAarMetadata
lint	Run Lint	2026-06-06T12:23:27.6058718Z > Task :common:bundleLibRuntimeToJarDebug
lint	Run Lint	2026-06-06T12:23:27.6846107Z > Task :common:bundleDebugLocalLintAar
lint	Run Lint	2026-06-06T12:23:27.7835902Z > Task :common:createFullJarDebug
lint	Run Lint	2026-06-06T12:23:27.7865987Z > Task :common:preDebugAndroidTestBuild UP-TO-DATE
lint	Run Lint	2026-06-06T12:23:27.7895543Z > Task :common:generateDebugAndroidTestResValues FROM-CACHE
lint	Run Lint	2026-06-06T12:23:27.7896528Z > Task :common:writeDebugLintModelMetadata
lint	Run Lint	2026-06-06T12:23:27.9875478Z > Task :shell:mergeDebugJavaResource
lint	Run Lint	2026-06-06T12:23:28.2839516Z > Task :aidl:compileDebugJavaWithJavac
lint	Run Lint	2026-06-06T12:23:28.3838454Z > Task :aidl:mergeDebugGeneratedProguardFiles
lint	Run Lint	2026-06-06T12:23:28.3875860Z > Task :aidl:mergeDebugConsumerProguardFiles
lint	Run Lint	2026-06-06T12:23:28.3876897Z > Task :aidl:syncDebugLibJars
lint	Run Lint	2026-06-06T12:23:28.3905680Z > Task :aidl:writeDebugAarMetadata
lint	Run Lint	2026-06-06T12:23:28.3935597Z > Task :aidl:bundleDebugLocalLintAar
lint	Run Lint	2026-06-06T12:23:28.4846184Z > Task :aidl:bundleLibRuntimeToJarDebug
lint	Run Lint	2026-06-06T12:23:28.4875955Z > Task :aidl:createFullJarDebug
lint	Run Lint	2026-06-06T12:23:28.4925779Z > Task :aidl:preDebugAndroidTestBuild UP-TO-DATE
lint	Run Lint	2026-06-06T12:23:28.4995718Z > Task :shell:checkDebugDuplicateClasses
lint	Run Lint	2026-06-06T12:23:28.5038665Z > Task :aidl:generateDebugAndroidTestResValues FROM-CACHE
lint	Run Lint	2026-06-06T12:23:28.5096165Z > Task :aidl:writeDebugLintModelMetadata
lint	Run Lint	2026-06-06T12:23:28.7845054Z > Task :shell:transformDebugClassesWithAsm
lint	Run Lint	2026-06-06T12:23:29.2856316Z > Task :rish:buildCMakeDebug[arm64-v8a]
lint	Run Lint	2026-06-06T12:23:29.2885780Z > Task :aidl:generateDebugAndroidTestLintModel
lint	Run Lint	2026-06-06T12:23:29.2915741Z > Task :common:generateDebugAndroidTestLintModel
lint	Run Lint	2026-06-06T12:23:29.2945521Z > Task :aidl:extractProguardFiles
lint	Run Lint	2026-06-06T12:23:29.2946373Z > Task :common:extractProguardFiles
lint	Run Lint	2026-06-06T12:23:29.2965770Z > Task :aidl:generateDebugLintModel
lint	Run Lint	2026-06-06T12:23:29.2998580Z > Task :aidl:preDebugUnitTestBuild UP-TO-DATE
lint	Run Lint	2026-06-06T12:23:29.3856339Z > Task :aidl:generateDebugUnitTestLintModel
lint	Run Lint	2026-06-06T12:23:29.8830233Z > Task :common:generateDebugLintModel
lint	Run Lint	2026-06-06T12:23:29.9866084Z > Task :shell:dexBuilderDebug
lint	Run Lint	2026-06-06T12:23:30.1848172Z 
lint	Run Lint	2026-06-06T12:23:30.1850705Z > Task :rish:configureCMakeDebug[armeabi-v7a]
lint	Run Lint	2026-06-06T12:23:30.1852133Z C/C++: Builing Debug...
lint	Run Lint	2026-06-06T12:23:30.1852583Z 
lint	Run Lint	2026-06-06T12:23:30.1852952Z > Task :aidl:bundleLibCompileToJarDebug
lint	Run Lint	2026-06-06T12:23:30.4856040Z > Task :shared:compileDebugJavaWithJavac
lint	Run Lint	2026-06-06T12:23:30.4856747Z > Task :shared:bundleLibCompileToJarDebug
lint	Run Lint	2026-06-06T12:23:30.4857308Z > Task :api:extractDebugAnnotations
lint	Run Lint	2026-06-06T12:23:31.3828622Z 
lint	Run Lint	2026-06-06T12:23:31.3830707Z /home/runner/work/ShizukuPlus/ShizukuPlus/api/api/src/main/java/rikka/shizuku/Shizuku.java:568: warning: [dep-ann] deprecated item is not annotated with @Deprecated
lint	Run Lint	2026-06-06T12:23:31.3832410Z     public static ShizukuRemoteProcess newProcess(@NonNull String[] cmd, @Nullable String[] env, @Nullable String dir) {
lint	Run Lint	2026-06-06T12:23:31.3833289Z                                        ^
lint	Run Lint	2026-06-06T12:23:31.3834372Z Note: /home/runner/work/ShizukuPlus/ShizukuPlus/api/api/src/main/java/rikka/shizuku/ShizukuPlusAPI.java uses unchecked or unsafe operations.
lint	Run Lint	2026-06-06T12:23:31.3835868Z Note: Recompile with -Xlint:unchecked for details.
lint	Run Lint	2026-06-06T12:23:31.3841495Z > Task :api:compileDebugJavaWithJavac
lint	Run Lint	2026-06-06T12:23:31.3842210Z 
lint	Run Lint	2026-06-06T12:23:31.3842717Z > Task :api:mergeDebugGeneratedProguardFiles
lint	Run Lint	2026-06-06T12:23:31.3843480Z > Task :api:mergeDebugConsumerProguardFiles
lint	Run Lint	2026-06-06T12:23:31.3843989Z 1 warning
lint	Run Lint	2026-06-06T12:23:31.3844525Z > Task :api:syncDebugLibJars
lint	Run Lint	2026-06-06T12:23:31.3845351Z > Task :api:bundleDebugLocalLintAar
lint	Run Lint	2026-06-06T12:23:31.4830576Z > Task :shared:extractDebugAnnotations
lint	Run Lint	2026-06-06T12:23:31.4833073Z > Task :shared:mergeDebugGeneratedProguardFiles
lint	Run Lint	2026-06-06T12:23:31.4842697Z > Task :shared:mergeDebugConsumerProguardFiles
lint	Run Lint	2026-06-06T12:23:31.4856175Z > Task :shared:syncDebugLibJars
lint	Run Lint	2026-06-06T12:23:31.4856974Z > Task :shared:bundleDebugLocalLintAar
lint	Run Lint	2026-06-06T12:23:31.4857716Z > Task :api:bundleLibRuntimeToJarDebug
lint	Run Lint	2026-06-06T12:23:31.4858366Z > Task :api:createFullJarDebug
lint	Run Lint	2026-06-06T12:23:31.4858986Z > Task :shared:bundleLibRuntimeToJarDebug
lint	Run Lint	2026-06-06T12:23:31.4859661Z > Task :shared:createFullJarDebug
lint	Run Lint	2026-06-06T12:23:31.4860589Z > Task :api:generateDebugAndroidTestLintModel
lint	Run Lint	2026-06-06T12:23:31.4861479Z > Task :shared:generateDebugLintModel
lint	Run Lint	2026-06-06T12:23:31.5856248Z > Task :api:generateDebugLintModel
lint	Run Lint	2026-06-06T12:23:31.5857409Z > Task :api:generateDebugUnitTestLintModel
lint	Run Lint	2026-06-06T12:23:31.5885578Z > Task :common:preDebugUnitTestBuild UP-TO-DATE
lint	Run Lint	2026-06-06T12:23:31.5915622Z > Task :common:generateDebugUnitTestLintModel
lint	Run Lint	2026-06-06T12:23:31.5945384Z > Task :api:bundleLibCompileToJarDebug
lint	Run Lint	2026-06-06T12:23:31.5946449Z > Task :common:bundleLibCompileToJarDebug
lint	Run Lint	2026-06-06T12:23:37.1873686Z > Task :aidl:lintAnalyzeDebugAndroidTest
lint	Run Lint	2026-06-06T12:23:37.1908549Z > Task :aidl:lintAnalyzeDebugUnitTest
lint	Run Lint	2026-06-06T12:23:37.4846152Z > Task :api:lintAnalyzeDebugAndroidTest
lint	Run Lint	2026-06-06T12:23:37.6882683Z > Task :api:lintAnalyzeDebugUnitTest
lint	Run Lint	2026-06-06T12:23:37.9838496Z > Task :common:lintAnalyzeDebugAndroidTest
lint	Run Lint	2026-06-06T12:23:38.1830520Z > Task :common:lintAnalyzeDebugUnitTest
lint	Run Lint	2026-06-06T12:23:38.8856172Z > Task :aidl:lintAnalyzeDebug
lint	Run Lint	2026-06-06T12:23:40.7866144Z > Task :shared:lintAnalyzeDebug
lint	Run Lint	2026-06-06T12:23:46.1896236Z > Task :common:lintAnalyzeDebug
lint	Run Lint	2026-06-06T12:23:46.7859997Z Note: /home/runner/work/ShizukuPlus/ShizukuPlus/api/provider/src/main/java/rikka/shizuku/ShizukuProvider.java uses or overrides a deprecated API.
lint	Run Lint	2026-06-06T12:23:46.7861105Z 
lint	Run Lint	2026-06-06T12:23:46.7915764Z Note: Recompile with -Xlint:deprecation for details.
lint	Run Lint	2026-06-06T12:23:46.7916465Z > Task :provider:compileDebugJavaWithJavac
lint	Run Lint	2026-06-06T12:23:46.7939050Z 
lint	Run Lint	2026-06-06T12:23:46.7964616Z > Task :provider:bundleLibCompileToJarDebug
lint	Run Lint	2026-06-06T12:23:47.3846191Z > Task :rish:compileDebugJavaWithJavac
lint	Run Lint	2026-06-06T12:23:47.3885507Z > Task :rish:bundleLibCompileToJarDebug
lint	Run Lint	2026-06-06T12:23:47.3886407Z > Task :rish:bundleLibRuntimeToJarDebug
lint	Run Lint	2026-06-06T12:23:48.6835454Z 
lint	Run Lint	2026-06-06T12:23:48.6866764Z Note: Some input files use or override a deprecated API.
lint	Run Lint	2026-06-06T12:23:48.6925805Z Note: Recompile with -Xlint:deprecation for details.
lint	Run Lint	2026-06-06T12:23:48.6926506Z > Task :server-shared:compileDebugJavaWithJavac
lint	Run Lint	2026-06-06T12:23:49.1865325Z 
lint	Run Lint	2026-06-06T12:23:49.1866574Z > Task :server-shared:transformDebugClassesWithAsm
lint	Run Lint	2026-06-06T12:23:49.1926298Z > Task :server-shared:bundleLibCompileToJarDebug
lint	Run Lint	2026-06-06T12:23:49.2855959Z > Task :server-shared:bundleLibRuntimeToJarDebug
lint	Run Lint	2026-06-06T12:23:50.0876116Z > Task :database:kspDebugKotlin
lint	Run Lint	2026-06-06T12:23:50.6876129Z > Task :api:lintAnalyzeDebug
lint	Run Lint	2026-06-06T12:23:52.3846381Z > Task :rish:buildCMakeDebug[armeabi-v7a]
lint	Run Lint	2026-06-06T12:23:53.6840708Z 
lint	Run Lint	2026-06-06T12:23:53.6895900Z > Task :rish:configureCMakeDebug[x86]
lint	Run Lint	2026-06-06T12:23:53.6912514Z C/C++: Builing Debug...
lint	Run Lint	2026-06-06T12:23:55.2855870Z 
lint	Run Lint	2026-06-06T12:23:55.2882215Z > Task :starter:compileDebugKotlin
lint	Run Lint	2026-06-06T12:23:55.2896361Z w: file:///home/runner/work/ShizukuPlus/ShizukuPlus/starter/src/main/java/af/shizuku/starter/ServiceStarter.kt:64:20 'static fun prepareMainLooper(): Unit' is deprecated. Deprecated in Java.
lint	Run Lint	2026-06-06T12:23:55.2918143Z w: file:///home/runner/work/ShizukuPlus/ShizukuPlus/starter/src/main/java/af/shizuku/starter/ServiceStarter.kt:129:39 'fun <T : Parcelable!> getParcelable(p0: String?): T?' is deprecated. Deprecated in Java.
lint	Run Lint	2026-06-06T12:23:55.8855523Z 
lint	Run Lint	2026-06-06T12:23:55.8949638Z > Task :starter:compileDebugJavaWithJavac
lint	Run Lint	2026-06-06T12:23:55.9837248Z > Task :starter:transformDebugClassesWithAsm
lint	Run Lint	2026-06-06T12:23:55.9867205Z > Task :starter:bundleLibCompileToJarDebug
lint	Run Lint	2026-06-06T12:23:56.0847805Z > Task :rish:buildCMakeDebug[x86]
lint	Run Lint	2026-06-06T12:23:56.1856098Z > Task :starter:bundleLibRuntimeToJarDebug
lint	Run Lint	2026-06-06T12:23:57.4842662Z > Task :core:ui:compileDebugKotlin
lint	Run Lint	2026-06-06T12:23:57.5848853Z 
lint	Run Lint	2026-06-06T12:23:57.5936097Z > Task :rish:configureCMakeDebug[x86_64]
lint	Run Lint	2026-06-06T12:23:57.6046040Z C/C++: Builing Debug...
lint	Run Lint	2026-06-06T12:23:57.6125573Z 
lint	Run Lint	2026-06-06T12:23:57.6205912Z > Task :core:ui:extractDebugAnnotations
lint	Run Lint	2026-06-06T12:23:58.3866078Z > Task :core:ui:compileDebugJavaWithJavac
lint	Run Lint	2026-06-06T12:23:58.4846039Z > Task :core:ui:mergeDebugGeneratedProguardFiles
lint	Run Lint	2026-06-06T12:23:58.4877706Z > Task :core:ui:mergeDebugConsumerProguardFiles
lint	Run Lint	2026-06-06T12:23:58.4915958Z > Task :core:ui:processDebugJavaRes
lint	Run Lint	2026-06-06T12:23:58.4925647Z > Task :core:ui:mergeDebugJavaResource
lint	Run Lint	2026-06-06T12:23:58.5855991Z > Task :core:ui:syncDebugLibJars
lint	Run Lint	2026-06-06T12:23:58.6876159Z > Task :core:ui:bundleDebugLocalLintAar
lint	Run Lint	2026-06-06T12:23:58.7846030Z > Task :starter:extractDebugAnnotations
lint	Run Lint	2026-06-06T12:23:58.7977007Z > Task :starter:mergeDebugGeneratedProguardFiles
lint	Run Lint	2026-06-06T12:23:58.8035837Z > Task :starter:mergeDebugConsumerProguardFiles
lint	Run Lint	2026-06-06T12:23:58.8125883Z > Task :starter:processDebugJavaRes
lint	Run Lint	2026-06-06T12:23:58.8866236Z > Task :starter:mergeDebugJavaResource
lint	Run Lint	2026-06-06T12:23:58.8955938Z > Task :starter:syncDebugLibJars
lint	Run Lint	2026-06-06T12:23:58.9015831Z > Task :starter:bundleDebugLocalLintAar
lint	Run Lint	2026-06-06T12:23:58.9846126Z > Task :provider:extractDebugAnnotations
lint	Run Lint	2026-06-06T12:23:58.9905978Z > Task :provider:mergeDebugGeneratedProguardFiles
lint	Run Lint	2026-06-06T12:23:59.0839060Z > Task :provider:mergeDebugConsumerProguardFiles
lint	Run Lint	2026-06-06T12:23:59.0896210Z > Task :provider:syncDebugLibJars
lint	Run Lint	2026-06-06T12:23:59.0956102Z > Task :provider:bundleDebugLocalLintAar
lint	Run Lint	2026-06-06T12:23:59.1829693Z > Task :shell:desugarDebugFileDependencies
lint	Run Lint	2026-06-06T12:24:00.4848363Z > Task :rish:buildCMakeDebug[x86_64]
lint	Run Lint	2026-06-06T12:24:01.6829049Z 
lint	Run Lint	2026-06-06T12:24:01.6847375Z > Task :database:compileDebugKotlin
lint	Run Lint	2026-06-06T12:24:01.6875365Z w: file:///home/runner/work/ShizukuPlus/ShizukuPlus/database/src/main/java/af/shizuku/manager/database/RootCompatHelper.kt:130:35 'static fun newProcess(p0: Array<(out) String!>, p1: Array<(out) String!>?, p2: String?): ShizukuRemoteProcess!' is deprecated. Deprecated in Java.
lint	Run Lint	2026-06-06T12:24:01.9835582Z 
lint	Run Lint	2026-06-06T12:24:01.9852453Z > Task :database:extractDebugAnnotations
lint	Run Lint	2026-06-06T12:24:07.1828652Z 
lint	Run Lint	2026-06-06T12:24:07.1855703Z > Task :server:compileDebugKotlin
lint	Run Lint	2026-06-06T12:24:07.1916683Z w: file:///home/runner/work/ShizukuPlus/ShizukuPlus/server/src/main/java/rikka/shizuku/server/ApkChangedObservers.kt:48:54 'constructor(p0: String!, p1: Int): FileObserver' is deprecated. Deprecated in Java.
lint	Run Lint	2026-06-06T12:24:14.2828554Z 
lint	Run Lint	2026-06-06T12:24:14.2877328Z > Task :server:extractDebugAnnotations
lint	Run Lint	2026-06-06T12:24:15.3833659Z > Task :rish:mergeDebugJniLibFolders
lint	Run Lint	2026-06-06T12:24:15.4886625Z Note: /home/runner/work/ShizukuPlus/ShizukuPlus/server/src/main/java/rikka/shizuku/server/ShizukuService.java uses or overrides a deprecated API.
lint	Run Lint	2026-06-06T12:24:15.4888185Z 
lint	Run Lint	2026-06-06T12:24:15.4900605Z Note: Recompile with -Xlint:deprecation for details.
lint	Run Lint	2026-06-06T12:24:15.4945692Z > Task :server:compileDebugJavaWithJavac
lint	Run Lint	2026-06-06T12:24:15.4976214Z Note: /home/runner/work/ShizukuPlus/ShizukuPlus/server/src/main/java/rikka/shizuku/server/ShizukuService.java uses unchecked or unsafe operations.
lint	Run Lint	2026-06-06T12:24:15.4999098Z Note: Recompile with -Xlint:unchecked for details.
lint	Run Lint	2026-06-06T12:24:16.2828623Z 
lint	Run Lint	2026-06-06T12:24:16.2875940Z > Task :rish:mergeDebugNativeLibs
lint	Run Lint	2026-06-06T12:24:16.3856115Z > Task :server:processDebugJavaRes
lint	Run Lint	2026-06-06T12:24:16.3936169Z > Task :server:transformDebugClassesWithAsm
lint	Run Lint	2026-06-06T12:24:16.4005782Z > Task :server:mergeDebugGeneratedProguardFiles
lint	Run Lint	2026-06-06T12:24:16.4035481Z > Task :server:mergeDebugConsumerProguardFiles
lint	Run Lint	2026-06-06T12:24:16.5836028Z > Task :database:compileDebugJavaWithJavac
lint	Run Lint	2026-06-06T12:24:16.5924770Z > Task :database:mergeDebugGeneratedProguardFiles
lint	Run Lint	2026-06-06T12:24:16.5975898Z > Task :database:mergeDebugConsumerProguardFiles
lint	Run Lint	2026-06-06T12:24:16.5995618Z > Task :database:processDebugJavaRes
lint	Run Lint	2026-06-06T12:24:16.6835848Z > Task :database:mergeDebugJavaResource
lint	Run Lint	2026-06-06T12:24:16.6857560Z > Task :server:mergeDebugJavaResource
lint	Run Lint	2026-06-06T12:24:16.6895652Z > Task :server:syncDebugLibJars
lint	Run Lint	2026-06-06T12:24:16.6925503Z > Task :database:syncDebugLibJars
lint	Run Lint	2026-06-06T12:24:16.7886199Z > Task :server:bundleDebugLocalLintAar
lint	Run Lint	2026-06-06T12:24:16.7888165Z > Task :database:bundleDebugLocalLintAar
lint	Run Lint	2026-06-06T12:24:16.7888776Z > Task :database:bundleLibRuntimeToJarDebug
lint	Run Lint	2026-06-06T12:24:16.7936441Z > Task :rish:extractDebugAnnotations
lint	Run Lint	2026-06-06T12:24:16.7937003Z > Task :database:createFullJarDebug
lint	Run Lint	2026-06-06T12:24:16.7937545Z > Task :rish:extractDeepLinksForAarDebug FROM-CACHE
lint	Run Lint	2026-06-06T12:24:16.8837536Z > Task :rish:stripDebugDebugSymbols
lint	Run Lint	2026-06-06T12:24:16.8895976Z > Task :manager:checkKotlinGradlePluginConfigurationErrors SKIPPED
lint	Run Lint	2026-06-06T12:24:16.8938193Z > Task :manager:generateDebugAutoResConfigLocaleConfigRes
lint	Run Lint	2026-06-06T12:24:16.9876289Z > Task :manager:generateDebugMaterialThemeBuilderRes
lint	Run Lint	2026-06-06T12:24:16.9905454Z > Task :rish:mergeDebugShaders
lint	Run Lint	2026-06-06T12:24:17.0874177Z > Task :rish:copyDebugJniLibsProjectAndLocalJars
lint	Run Lint	2026-06-06T12:24:17.0935834Z > Task :rish:compileDebugShaders NO-SOURCE
lint	Run Lint	2026-06-06T12:24:17.1005930Z > Task :rish:generateDebugAssets UP-TO-DATE
lint	Run Lint	2026-06-06T12:24:17.1025812Z > Task :rish:mergeDebugAssets
lint	Run Lint	2026-06-06T12:24:17.1055745Z > Task :rish:mergeDebugGeneratedProguardFiles
lint	Run Lint	2026-06-06T12:24:17.1116154Z > Task :rish:mergeDebugConsumerProguardFiles
lint	Run Lint	2026-06-06T12:24:17.1145900Z > Task :rish:prepareDebugArtProfile
lint	Run Lint	2026-06-06T12:24:17.1168614Z > Task :rish:prepareLintJarForPublish
lint	Run Lint	2026-06-06T12:24:17.1829691Z > Task :rish:processDebugManifest
lint	Run Lint	2026-06-06T12:24:17.1855776Z > Task :rish:processDebugJavaRes NO-SOURCE
lint	Run Lint	2026-06-06T12:24:17.1885798Z > Task :database:generateDebugAndroidTestLintModel
lint	Run Lint	2026-06-06T12:24:17.1886813Z > Task :rish:mergeDebugJavaResource
lint	Run Lint	2026-06-06T12:24:17.2856147Z > Task :rish:syncDebugLibJars
lint	Run Lint	2026-06-06T12:24:17.2875566Z > Task :database:generateDebugLintModel
lint	Run Lint	2026-06-06T12:24:17.2915786Z > Task :rish:writeDebugAarMetadata
lint	Run Lint	2026-06-06T12:24:17.2945692Z > Task :rish:bundleDebugLocalLintAar
lint	Run Lint	2026-06-06T12:24:17.3846478Z > Task :aidl:compileDebugLibraryResources
lint	Run Lint	2026-06-06T12:24:17.3877884Z > Task :api:compileDebugLibraryResources FROM-CACHE
lint	Run Lint	2026-06-06T12:24:17.3907142Z > Task :common:compileDebugLibraryResources FROM-CACHE
lint	Run Lint	2026-06-06T12:24:17.4829049Z > Task :server-shared:writeDebugAarMetadata
lint	Run Lint	2026-06-06T12:24:17.4831493Z > Task :aidl:extractDeepLinksDebug FROM-CACHE
lint	Run Lint	2026-06-06T12:24:17.4832390Z > Task :api:extractDeepLinksDebug FROM-CACHE
lint	Run Lint	2026-06-06T12:24:17.4833215Z > Task :common:extractDeepLinksDebug FROM-CACHE
lint	Run Lint	2026-06-06T12:24:17.4833982Z > Task :provider:extractDeepLinksDebug FROM-CACHE
lint	Run Lint	2026-06-06T12:24:17.4834670Z > Task :rish:extractDeepLinksDebug FROM-CACHE
lint	Run Lint	2026-06-06T12:24:17.4865789Z > Task :server:extractDeepLinksDebug FROM-CACHE
lint	Run Lint	2026-06-06T12:24:17.5847136Z > Task :server-shared:extractDeepLinksDebug FROM-CACHE
lint	Run Lint	2026-06-06T12:24:17.5866070Z > Task :server-shared:processDebugManifest
lint	Run Lint	2026-06-06T12:24:17.5875626Z > Task :shared:extractDeepLinksDebug FROM-CACHE
lint	Run Lint	2026-06-06T12:24:17.5905575Z > Task :starter:extractDeepLinksDebug FROM-CACHE
lint	Run Lint	2026-06-06T12:24:17.5927271Z > Task :core:ui:extractDeepLinksDebug FROM-CACHE
lint	Run Lint	2026-06-06T12:24:17.6862224Z > Task :provider:compileDebugLibraryResources FROM-CACHE
lint	Run Lint	2026-06-06T12:24:17.6886227Z > Task :rish:compileDebugLibraryResources FROM-CACHE
lint	Run Lint	2026-06-06T12:24:17.6916260Z > Task :server:compileDebugLibraryResources FROM-CACHE
lint	Run Lint	2026-06-06T12:24:17.6935922Z > Task :server-shared:compileDebugLibraryResources FROM-CACHE
lint	Run Lint	2026-06-06T12:24:17.6946058Z > Task :shared:compileDebugLibraryResources FROM-CACHE
lint	Run Lint	2026-06-06T12:24:17.6979018Z > Task :starter:compileDebugLibraryResources FROM-CACHE
lint	Run Lint	2026-06-06T12:24:17.7005848Z > Task :database:generateDebugUnitTestLintModel
lint	Run Lint	2026-06-06T12:24:17.7829312Z > Task :core:ui:compileDebugLibraryResources
lint	Run Lint	2026-06-06T12:24:17.7851878Z > Task :server:bundleLibCompileToJarDebug
lint	Run Lint	2026-06-06T12:24:17.8833430Z > Task :manager:collectDependenciesDebug
lint	Run Lint	2026-06-06T12:24:23.7834390Z > Task :database:lintAnalyzeDebugAndroidTest
lint	Run Lint	2026-06-06T12:24:24.0846169Z > Task :database:bundleLibCompileToJarDebug
lint	Run Lint	2026-06-06T12:24:24.0875852Z > Task :shell:mergeDebugJniLibFolders
lint	Run Lint	2026-06-06T12:24:24.2846143Z > Task :shell:mergeDebugNativeLibs NO-SOURCE
lint	Run Lint	2026-06-06T12:24:24.3829098Z > Task :shell:stripDebugDebugSymbols NO-SOURCE
lint	Run Lint	2026-06-06T12:24:24.4838465Z > Task :shell:mergeExtDexDebug
lint	Run Lint	2026-06-06T12:24:25.7848884Z > Task :shell:validateSigningDebug
lint	Run Lint	2026-06-06T12:24:28.7855950Z > Task :shell:mergeDexDebug
lint	Run Lint	2026-06-06T12:24:28.7885453Z > Task :shell:writeDebugAppMetadata
lint	Run Lint	2026-06-06T12:24:28.7929677Z > Task :shell:writeDebugSigningConfigVersions
lint	Run Lint	2026-06-06T12:24:29.1858944Z > Task :database:lintAnalyzeDebugUnitTest
lint	Run Lint	2026-06-06T12:24:29.1895937Z > Task :database:compileDebugLibraryResources FROM-CACHE
lint	Run Lint	2026-06-06T12:24:29.1946851Z > Task :database:extractDeepLinksDebug FROM-CACHE
lint	Run Lint	2026-06-06T12:24:29.1976482Z > Task :shell:packageDebug
lint	Run Lint	2026-06-06T12:24:29.1998508Z > Task :core:ui:bundleLibCompileToJarDebug
lint	Run Lint	2026-06-06T12:24:29.2070816Z > Task :shell:createDebugApkListingFileRedirect
lint	Run Lint	2026-06-06T12:24:29.2084093Z > Task :provider:bundleLibRuntimeToJarDebug
lint	Run Lint	2026-06-06T12:24:29.2165950Z > Task :provider:createFullJarDebug
lint	Run Lint	2026-06-06T12:24:29.2166621Z > Task :provider:writeDebugLintModelMetadata
lint	Run Lint	2026-06-06T12:24:29.2225646Z > Task :rish:createFullJarDebug
lint	Run Lint	2026-06-06T12:24:29.2926194Z > Task :rish:writeDebugLintModelMetadata
lint	Run Lint	2026-06-06T12:24:29.2955533Z > Task :server:bundleLibRuntimeToJarDebug
lint	Run Lint	2026-06-06T12:24:29.3025517Z > Task :server:createFullJarDebug
lint	Run Lint	2026-06-06T12:24:29.3044368Z > Task :server:writeDebugLintModelMetadata
lint	Run Lint	2026-06-06T12:24:29.3072502Z > Task :starter:createFullJarDebug
lint	Run Lint	2026-06-06T12:24:29.3115585Z > Task :starter:writeDebugLintModelMetadata
lint	Run Lint	2026-06-06T12:24:29.3146772Z > Task :core:ui:bundleLibRuntimeToJarDebug
lint	Run Lint	2026-06-06T12:24:29.3195404Z > Task :core:ui:createFullJarDebug
lint	Run Lint	2026-06-06T12:24:29.3225577Z > Task :core:ui:writeDebugLintModelMetadata
lint	Run Lint	2026-06-06T12:24:29.3255401Z > Task :provider:extractProguardFiles
lint	Run Lint	2026-06-06T12:24:29.3848481Z > Task :provider:generateDebugLintModel
lint	Run Lint	2026-06-06T12:24:29.3855676Z > Task :rish:extractProguardFiles
lint	Run Lint	2026-06-06T12:24:29.3856303Z > Task :rish:generateDebugLintModel
lint	Run Lint	2026-06-06T12:24:29.3856952Z > Task :server:extractProguardFiles
lint	Run Lint	2026-06-06T12:24:29.3857623Z > Task :server-shared:processDebugJavaRes NO-SOURCE
lint	Run Lint	2026-06-06T12:24:29.3858324Z > Task :server-shared:createFullJarDebug
lint	Run Lint	2026-06-06T12:24:29.4846592Z > Task :server-shared:extractProguardFiles
lint	Run Lint	2026-06-06T12:24:29.4886096Z > Task :shell:assembleDebug
lint	Run Lint	2026-06-06T12:24:29.4900339Z > Task :starter:extractProguardFiles
lint	Run Lint	2026-06-06T12:24:29.4925700Z > Task :core:ui:extractProguardFiles
lint	Run Lint	2026-06-06T12:24:29.4937357Z > Task :server-shared:generateDebugLintModel
lint	Run Lint	2026-06-06T12:24:29.5845960Z > Task :server-shared:prepareLintJarForPublish
lint	Run Lint	2026-06-06T12:24:29.5875602Z > Task :starter:generateDebugLintModel
lint	Run Lint	2026-06-06T12:24:29.6829848Z > Task :core:ui:generateDebugLintModel
lint	Run Lint	2026-06-06T12:24:29.7831605Z > Task :server-shared:mergeDebugJniLibFolders
lint	Run Lint	2026-06-06T12:24:29.7855927Z > Task :server-shared:mergeDebugNativeLibs NO-SOURCE
lint	Run Lint	2026-06-06T12:24:29.7886013Z > Task :server-shared:stripDebugDebugSymbols NO-SOURCE
lint	Run Lint	2026-06-06T12:24:29.7915749Z > Task :server-shared:copyDebugJniLibsProjectAndLocalJars
lint	Run Lint	2026-06-06T12:24:29.7925590Z > Task :server-shared:extractDebugAnnotations
lint	Run Lint	2026-06-06T12:24:29.7945511Z > Task :server-shared:extractDeepLinksForAarDebug FROM-CACHE
lint	Run Lint	2026-06-06T12:24:29.7975498Z > Task :server-shared:mergeDebugShaders
lint	Run Lint	2026-06-06T12:24:29.7995686Z > Task :server-shared:compileDebugShaders NO-SOURCE
lint	Run Lint	2026-06-06T12:24:29.8025523Z > Task :server:generateDebugLintModel
lint	Run Lint	2026-06-06T12:24:29.8026283Z > Task :server-shared:generateDebugAssets UP-TO-DATE
lint	Run Lint	2026-06-06T12:24:29.8055650Z > Task :server-shared:mergeDebugAssets
lint	Run Lint	2026-06-06T12:24:29.8085574Z > Task :server-shared:mergeDebugGeneratedProguardFiles
lint	Run Lint	2026-06-06T12:24:29.8115708Z > Task :server-shared:mergeDebugConsumerProguardFiles
lint	Run Lint	2026-06-06T12:24:29.8145537Z > Task :server-shared:prepareDebugArtProfile
lint	Run Lint	2026-06-06T12:24:29.8146155Z > Task :server-shared:mergeDebugJavaResource
lint	Run Lint	2026-06-06T12:24:29.8856734Z > Task :server-shared:syncDebugLibJars
lint	Run Lint	2026-06-06T12:24:29.8875679Z > Task :server-shared:bundleDebugLocalLintAar
lint	Run Lint	2026-06-06T12:24:29.8945943Z > Task :server-shared:writeDebugLintModelMetadata
lint	Run Lint	2026-06-06T12:24:31.2830195Z > Task :provider:lintAnalyzeDebug
lint	Run Lint	2026-06-06T12:24:34.2856032Z > Task :rish:lintAnalyzeDebug
lint	Run Lint	2026-06-06T12:24:38.5829120Z > Task :manager:prepareLibraryDefinitionsDebug
lint	Run Lint	2026-06-06T12:24:38.5851169Z > Task :manager:preDebugBuild
lint	Run Lint	2026-06-06T12:24:40.1856064Z > Task :server-shared:lintAnalyzeDebug
lint	Run Lint	2026-06-06T12:24:41.4849630Z > Task :manager:compileDebugAidl
lint	Run Lint	2026-06-06T12:24:41.7829218Z > Task :core:ui:lintAnalyzeDebug
lint	Run Lint	2026-06-06T12:24:41.7855813Z > Task :provider:preDebugAndroidTestBuild UP-TO-DATE
lint	Run Lint	2026-06-06T12:24:41.7868116Z > Task :provider:generateDebugAndroidTestResValues FROM-CACHE
lint	Run Lint	2026-06-06T12:24:41.8829891Z > Task :provider:generateDebugAndroidTestLintModel
lint	Run Lint	2026-06-06T12:24:41.8834259Z > Task :provider:preDebugUnitTestBuild UP-TO-DATE
lint	Run Lint	2026-06-06T12:24:41.9856157Z > Task :provider:generateDebugUnitTestLintModel
lint	Run Lint	2026-06-06T12:24:42.2856099Z > Task :provider:lintAnalyzeDebugAndroidTest
lint	Run Lint	2026-06-06T12:24:42.2885881Z > Task :database:lintAnalyzeDebug
lint	Run Lint	2026-06-06T12:24:42.2906427Z > Task :rish:preDebugAndroidTestBuild UP-TO-DATE
lint	Run Lint	2026-06-06T12:24:42.2985631Z > Task :rish:generateDebugAndroidTestResValues FROM-CACHE
lint	Run Lint	2026-06-06T12:24:42.3015516Z > Task :manager:dataBindingMergeDependencyArtifactsDebug
lint	Run Lint	2026-06-06T12:24:42.3045470Z > Task :manager:generateDebugResValues FROM-CACHE
lint	Run Lint	2026-06-06T12:24:42.3065386Z > Task :rish:generateDebugAndroidTestLintModel
lint	Run Lint	2026-06-06T12:24:42.3095488Z > Task :rish:preDebugUnitTestBuild UP-TO-DATE
lint	Run Lint	2026-06-06T12:24:42.3865982Z > Task :manager:generateDebugResources
lint	Run Lint	2026-06-06T12:24:42.3895534Z > Task :rish:generateDebugUnitTestLintModel
lint	Run Lint	2026-06-06T12:24:42.3915570Z > Task :provider:lintAnalyzeDebugUnitTest
lint	Run Lint	2026-06-06T12:24:42.7851396Z > Task :rish:lintAnalyzeDebugAndroidTest
lint	Run Lint	2026-06-06T12:24:42.7876088Z > Task :server:preDebugAndroidTestBuild UP-TO-DATE
lint	Run Lint	2026-06-06T12:24:42.7905793Z > Task :server:generateDebugAndroidTestResValues FROM-CACHE
lint	Run Lint	2026-06-06T12:24:42.7935428Z > Task :rish:lintAnalyzeDebugUnitTest
lint	Run Lint	2026-06-06T12:24:42.7936400Z > Task :server-shared:preDebugAndroidTestBuild UP-TO-DATE
lint	Run Lint	2026-06-06T12:24:42.7965577Z > Task :server-shared:generateDebugAndroidTestResValues FROM-CACHE
lint	Run Lint	2026-06-06T12:24:42.8852439Z > Task :server-shared:generateDebugAndroidTestLintModel
lint	Run Lint	2026-06-06T12:24:42.8875510Z > Task :server-shared:preDebugUnitTestBuild UP-TO-DATE
lint	Run Lint	2026-06-06T12:24:42.8876468Z > Task :server:generateDebugAndroidTestLintModel
lint	Run Lint	2026-06-06T12:24:42.8898942Z > Task :server:preDebugUnitTestBuild UP-TO-DATE
lint	Run Lint	2026-06-06T12:24:42.8925722Z > Task :server-shared:generateDebugUnitTestLintModel
lint	Run Lint	2026-06-06T12:24:42.9829477Z > Task :server:generateDebugUnitTestLintModel
lint	Run Lint	2026-06-06T12:24:43.1840852Z > Task :server-shared:lintAnalyzeDebugAndroidTest
lint	Run Lint	2026-06-06T12:24:43.6829615Z > Task :server:lintAnalyzeDebugAndroidTest
lint	Run Lint	2026-06-06T12:24:43.7867856Z > Task :server-shared:lintAnalyzeDebugUnitTest
lint	Run Lint	2026-06-06T12:24:43.7895885Z > Task :shared:preDebugAndroidTestBuild UP-TO-DATE
lint	Run Lint	2026-06-06T12:24:43.7896654Z > Task :shared:generateDebugAndroidTestResValues FROM-CACHE
lint	Run Lint	2026-06-06T12:24:43.7897350Z > Task :shared:generateDebugAndroidTestLintModel
lint	Run Lint	2026-06-06T12:24:43.7897966Z > Task :shared:preDebugUnitTestBuild UP-TO-DATE
lint	Run Lint	2026-06-06T12:24:43.8883173Z > Task :shared:generateDebugUnitTestLintModel
lint	Run Lint	2026-06-06T12:24:43.9865936Z > Task :shared:lintAnalyzeDebugAndroidTest
lint	Run Lint	2026-06-06T12:24:43.9915565Z > Task :starter:lintAnalyzeDebug
lint	Run Lint	2026-06-06T12:24:44.0841638Z > Task :shared:lintAnalyzeDebugUnitTest
lint	Run Lint	2026-06-06T12:24:44.0926154Z > Task :starter:preDebugAndroidTestBuild UP-TO-DATE
lint	Run Lint	2026-06-06T12:24:44.0955783Z > Task :starter:generateDebugAndroidTestResValues FROM-CACHE
lint	Run Lint	2026-06-06T12:24:44.1877982Z > Task :starter:generateDebugAndroidTestLintModel
lint	Run Lint	2026-06-06T12:24:44.1905737Z > Task :starter:preDebugUnitTestBuild UP-TO-DATE
lint	Run Lint	2026-06-06T12:24:44.2905974Z > Task :starter:generateDebugUnitTestLintModel
lint	Run Lint	2026-06-06T12:24:44.4856023Z > Task :starter:lintAnalyzeDebugAndroidTest
lint	Run Lint	2026-06-06T12:24:44.5832455Z > Task :starter:lintAnalyzeDebugUnitTest
lint	Run Lint	2026-06-06T12:24:44.5877566Z > Task :core:ui:preDebugAndroidTestBuild UP-TO-DATE
lint	Run Lint	2026-06-06T12:24:44.5905590Z > Task :core:ui:generateDebugAndroidTestResValues FROM-CACHE
lint	Run Lint	2026-06-06T12:24:44.7866061Z > Task :core:ui:generateDebugAndroidTestLintModel
lint	Run Lint	2026-06-06T12:24:44.7915756Z > Task :core:ui:preDebugUnitTestBuild UP-TO-DATE
lint	Run Lint	2026-06-06T12:24:44.7938529Z > Task :core:ui:generateDebugUnitTestLintModel
lint	Run Lint	2026-06-06T12:24:45.0869785Z > Task :core:ui:lintAnalyzeDebugAndroidTest
lint	Run Lint	2026-06-06T12:24:45.2837790Z > Task :core:ui:lintAnalyzeDebugUnitTest
lint	Run Lint	2026-06-06T12:24:45.5836143Z > Task :server:lintAnalyzeDebugUnitTest
lint	Run Lint	2026-06-06T12:24:46.3845964Z > Task :manager:generateDebugAutoResConfigSource
lint	Run Lint	2026-06-06T12:24:46.3899418Z > Task :manager:generateDebugBuildConfig
lint	Run Lint	2026-06-06T12:24:46.3990218Z > Task :manager:generateDebugMaterialThemeBuilderSource
lint	Run Lint	2026-06-06T12:24:47.5856184Z > Task :manager:checkDebugAarMetadata
lint	Run Lint	2026-06-06T12:24:47.5885594Z > Task :manager:mapDebugSourceSetPaths
lint	Run Lint	2026-06-06T12:24:47.6829314Z > Task :manager:createDebugCompatibleScreenManifests
lint	Run Lint	2026-06-06T12:24:47.6855682Z > Task :manager:extractDeepLinksDebug
lint	Run Lint	2026-06-06T12:24:48.4834751Z > Task :manager:mergeDebugResources FAILED
lint	Run Lint	2026-06-06T12:24:48.7841618Z 
lint	Run Lint	2026-06-06T12:24:48.7842662Z > Task :manager:processDebugMainManifest
lint	Run Lint	2026-06-06T12:24:48.7843762Z /home/runner/work/ShizukuPlus/ShizukuPlus/manager/src/main/AndroidManifest.xml:49:5-51:31 Warning:
lint	Run Lint	2026-06-06T12:24:48.7845635Z 	uses-permission#moe.shizuku.manager.permission.API_V23 was tagged at AndroidManifest.xml:49 to remove other declarations but no other declaration present
lint	Run Lint	2026-06-06T12:25:01.8837294Z 
lint	Run Lint	2026-06-06T12:25:01.8838294Z > Task :server:lintAnalyzeDebug
lint	Run Lint	2026-06-06T12:25:01.8839584Z gradle/actions: Writing build results to /home/runner/work/_temp/.gradle-actions/build-results/__run_2-1780748566040.json
lint	Run Lint	2026-06-06T12:25:01.9828264Z 
lint	Run Lint	2026-06-06T12:25:01.9828847Z FAILURE: Build failed with an exception.
lint	Run Lint	2026-06-06T12:25:01.9829184Z 
lint	Run Lint	2026-06-06T12:25:01.9829297Z * What went wrong:
lint	Run Lint	2026-06-06T12:25:01.9829647Z Execution failed for task ':manager:mergeDebugResources'.
lint	Run Lint	2026-06-06T12:25:01.9829932Z 
lint	Run Lint	2026-06-06T12:25:01.9830237Z > Multiple task action failures occurred:
lint	Run Lint	2026-06-06T12:25:01.9830840Z    > A failure occurred while executing com.android.build.gradle.internal.res.ResourceCompilerRunnable
lint	Run Lint	2026-06-06T12:25:01.9832126Z       > Resource compilation failed (Failed to compile resource file: /home/runner/work/ShizukuPlus/ShizukuPlus/manager/src/main/res/xml/settings_shizuku_plus.xml: . Cause: javax.xml.stream.XMLStreamException: ParseError at [row,col]:[252,39]
lint	Run Lint	2026-06-06T12:25:01.9833908Z         Message: The entity name must immediately follow the '&' in the entity reference.). Check logs for more details.
lint	Run Lint	2026-06-06T12:25:01.9834733Z    > A failure occurred while executing com.android.build.gradle.internal.res.ResourceCompilerRunnable
lint	Run Lint	2026-06-06T12:25:01.9836769Z       > Resource compilation failed (Failed to compile resource file: /home/runner/work/ShizukuPlus/ShizukuPlus/manager/src/main/res/xml/settings_root_integration.xml: . Cause: javax.xml.stream.XMLStreamException: ParseError at [row,col]:[123,33]
lint	Run Lint	2026-06-06T12:25:01.9837974Z         Message: The entity name must immediately follow the '&' in the entity reference.). Check logs for more details.
lint	Run Lint	2026-06-06T12:25:01.9838600Z 
lint	Run Lint	2026-06-06T12:25:01.9838732Z * Try:
lint	Run Lint	2026-06-06T12:25:01.9839111Z > Run with --stacktrace option to get the stack trace.
lint	Run Lint	2026-06-06T12:25:01.9839678Z > Run with --info or --debug option to get more log output.
lint	Run Lint	2026-06-06T12:25:01.9840195Z > Run with --scan to get full insights.
lint	Run Lint	2026-06-06T12:25:01.9840655Z > Get more help at https://help.gradle.org.
lint	Run Lint	2026-06-06T12:25:01.9840881Z 
lint	Run Lint	2026-06-06T12:25:01.9840989Z BUILD FAILED in 2m 20s
lint	Run Lint	2026-06-06T12:25:01.9841588Z [Incubating] Problems report is available at: file:///home/runner/work/ShizukuPlus/ShizukuPlus/build/reports/problems/problems-report.html
lint	Run Lint	2026-06-06T12:25:01.9842133Z 
lint	Run Lint	2026-06-06T12:25:01.9842409Z Deprecated Gradle features were used in this build, making it incompatible with Gradle 9.0.
lint	Run Lint	2026-06-06T12:25:01.9842779Z 
lint	Run Lint	2026-06-06T12:25:01.9843205Z You can use '--warning-mode all' to show the individual deprecation warnings and determine if they come from your own scripts or plugins.
lint	Run Lint	2026-06-06T12:25:01.9843710Z 
lint	Run Lint	2026-06-06T12:25:01.9844204Z For more on this, please refer to https://docs.gradle.org/8.14/userguide/command_line_interface.html#sec:command_line_warnings in the Gradle documentation.
lint	Run Lint	2026-06-06T12:25:01.9845128Z 469 actionable tasks: 389 executed, 80 from cache
lint	Run Lint	2026-06-06T12:25:02.4417732Z ##[error]Process completed with exit code 1.
lint	Post Setup Gradle	﻿2026-06-06T12:25:02.4558473Z Post job cleanup.
lint	Post Setup Gradle	2026-06-06T12:25:02.7660500Z In post-action step
lint	Post Setup Gradle	2026-06-06T12:25:02.7671098Z ##[group]Stopping Gradle daemons
lint	Post Setup Gradle	2026-06-06T12:25:02.7672035Z Stopping Gradle daemons for /home/runner/.gradle/wrapper/dists/gradle-8.14-bin/38aieal9i53h9rfe7vjup95b9/gradle-8.14
lint	Post Setup Gradle	2026-06-06T12:25:02.7690173Z [command]/home/runner/.gradle/wrapper/dists/gradle-8.14-bin/38aieal9i53h9rfe7vjup95b9/gradle-8.14/bin/gradle --stop
lint	Post Setup Gradle	2026-06-06T12:25:03.4226537Z Stopping Daemon(s)
lint	Post Setup Gradle	2026-06-06T12:25:03.4227103Z 1 Daemon stopped
lint	Post Setup Gradle	2026-06-06T12:25:03.4366611Z ##[endgroup]
lint	Post Setup Gradle	2026-06-06T12:25:03.4367176Z Not performing cache-cleanup due to build failure
lint	Post Setup Gradle	2026-06-06T12:25:03.4368046Z ##[group]Caching Gradle state
lint	Post Setup Gradle	2026-06-06T12:25:03.9838879Z [command]/usr/bin/tar --posix -cf cache.tzst --exclude cache.tzst -P -C /home/runner/work/ShizukuPlus/ShizukuPlus --files-from manifest.txt --use-compress-program zstdmt
lint	Post Setup Gradle	2026-06-06T12:25:04.1422586Z [command]/usr/bin/tar --posix -cf cache.tzst --exclude cache.tzst -P -C /home/runner/work/ShizukuPlus/ShizukuPlus --files-from manifest.txt --use-compress-program zstdmt
lint	Post Setup Gradle	2026-06-06T12:25:04.2138561Z Sent 223011 of 223011 (100.0%), 2.5 MBs/sec
lint	Post Setup Gradle	2026-06-06T12:25:04.3269166Z Saved cache entry with key gradle-instrumented-jars-v1-d943cd629bf471124a5194298c08f860 from /home/runner/.gradle/caches/jars-*/*/ in 386ms
lint	Post Setup Gradle	2026-06-06T12:25:04.4381079Z Sent 536700 of 536700 (100.0%), 4.4 MBs/sec
lint	Post Setup Gradle	2026-06-06T12:25:04.5380805Z Saved cache entry with key gradle-groovy-dsl-v1-2392508e614d6d559d00124fe567a8e3 from /home/runner/.gradle/caches/*/groovy-dsl/*/ in 531ms
lint	Post Setup Gradle	2026-06-06T12:25:04.7102034Z [command]/usr/bin/tar --posix -cf cache.tzst --exclude cache.tzst -P -C /home/runner/work/ShizukuPlus/ShizukuPlus --files-from manifest.txt --use-compress-program zstdmt
lint	Post Setup Gradle	2026-06-06T12:25:06.4615102Z [command]/usr/bin/tar --posix -cf cache.tzst --exclude cache.tzst -P -C /home/runner/work/ShizukuPlus/ShizukuPlus --files-from manifest.txt --use-compress-program zstdmt
lint	Post Setup Gradle	2026-06-06T12:25:07.4940906Z Sent 0 of 659658869 (0.0%), 0.0 MBs/sec
lint	Post Setup Gradle	2026-06-06T12:25:08.4946540Z Sent 536870912 of 659658869 (81.4%), 255.6 MBs/sec
lint	Post Setup Gradle	2026-06-06T12:25:08.7336789Z Sent 659658869 of 659658869 (100.0%), 280.8 MBs/sec
lint	Post Setup Gradle	2026-06-06T12:25:08.9047086Z Saved cache entry with key gradle-dependencies-v1-82090cb176cb5119645e6a8afac35bd2 from /home/runner/.gradle/caches/modules-*/files-*/*/*/*/* in 4988ms
lint	Post Setup Gradle	2026-06-06T12:25:10.1990689Z Sent 72470598 of 206688326 (35.1%), 69.2 MBs/sec
lint	Post Setup Gradle	2026-06-06T12:25:10.4168632Z Sent 206688326 of 206688326 (100.0%), 162.0 MBs/sec
lint	Post Setup Gradle	2026-06-06T12:25:10.5300902Z Saved cache entry with key gradle-transforms-v1-7afd4dd92239a3090d1b3c8d0a347487 from /home/runner/.gradle/caches/transforms-4/*/,/home/runner/.gradle/caches/*/transforms/*/ in 5113ms
lint	Post Setup Gradle	2026-06-06T12:25:12.1538494Z [command]/usr/bin/tar --posix -cf cache.tzst --exclude cache.tzst -P -C /home/runner/work/ShizukuPlus/ShizukuPlus --files-from manifest.txt --use-compress-program zstdmt
lint	Post Setup Gradle	2026-06-06T12:25:13.5717914Z Sent 62958884 of 62958884 (100.0%), 61.7 MBs/sec
lint	Post Setup Gradle	2026-06-06T12:25:13.6831494Z Saved cache entry with key gradle-home-v1|Linux-X64|lint[8f1a35902c100c60bb9f5f2fa570f2c2]-ba784d260dfc93674d9f38e70b2aba67ad40e6d8 from /home/runner/.gradle/caches,/home/runner/.gradle/notifications,/home/runner/.gradle/.setup-gradle in 1539ms
lint	Post Setup Gradle	2026-06-06T12:25:13.6833673Z ##[endgroup]
lint	Post Setup Gradle	2026-06-06T12:25:13.6840309Z Generating Job Summary
lint	Post Setup Gradle	2026-06-06T12:25:13.6853528Z Completed post-action step
lint	Post Setup Java	﻿2026-06-06T12:25:13.7088135Z Post job cleanup.
lint	Post Checkout	﻿2026-06-06T12:25:13.8910984Z Post job cleanup.
lint	Post Checkout	2026-06-06T12:25:13.9963794Z [command]/usr/bin/git version
lint	Post Checkout	2026-06-06T12:25:14.0001497Z git version 2.54.0
lint	Post Checkout	2026-06-06T12:25:14.0043158Z Temporarily overriding HOME='/home/runner/work/_temp/9c9fde02-700b-4ae7-9d33-b19992708462' before making global git config changes
lint	Post Checkout	2026-06-06T12:25:14.0044463Z Adding repository directory to the temporary git global config as a safe directory
lint	Post Checkout	2026-06-06T12:25:14.0056971Z [command]/usr/bin/git config --global --add safe.directory /home/runner/work/ShizukuPlus/ShizukuPlus
lint	Post Checkout	2026-06-06T12:25:14.0093935Z [command]/usr/bin/git config --local --name-only --get-regexp core\.sshCommand
lint	Post Checkout	2026-06-06T12:25:14.0130158Z [command]/usr/bin/git submodule foreach --recursive sh -c "git config --local --name-only --get-regexp 'core\.sshCommand' && git config --local --unset-all 'core.sshCommand' || :"
lint	Post Checkout	2026-06-06T12:25:14.0358694Z Entering 'api'
lint	Post Checkout	2026-06-06T12:25:14.0423770Z [command]/usr/bin/git config --local --name-only --get-regexp http\.https\:\/\/github\.com\/\.extraheader
lint	Post Checkout	2026-06-06T12:25:14.0452027Z http.https://github.com/.extraheader
lint	Post Checkout	2026-06-06T12:25:14.0466279Z [command]/usr/bin/git config --local --unset-all http.https://github.com/.extraheader
lint	Post Checkout	2026-06-06T12:25:14.0500053Z [command]/usr/bin/git submodule foreach --recursive sh -c "git config --local --name-only --get-regexp 'http\.https\:\/\/github\.com\/\.extraheader' && git config --local --unset-all 'http.https://github.com/.extraheader' || :"
lint	Post Checkout	2026-06-06T12:25:14.0722728Z Entering 'api'
lint	Post Checkout	2026-06-06T12:25:14.0748798Z http.https://github.com/.extraheader
lint	Post Checkout	2026-06-06T12:25:14.0804094Z [command]/usr/bin/git config --local --name-only --get-regexp ^includeIf\.gitdir:
lint	Post Checkout	2026-06-06T12:25:14.0834349Z [command]/usr/bin/git submodule foreach --recursive git config --local --show-origin --name-only --get-regexp remote.origin.url
lint	Post Checkout	2026-06-06T12:25:14.1056335Z Entering 'api'
lint	Post Checkout	2026-06-06T12:25:14.1075971Z file:/home/runner/work/ShizukuPlus/ShizukuPlus/.git/modules/api/config	remote.origin.url
lint	Post Checkout	2026-06-06T12:25:14.1112819Z [command]/usr/bin/git config --file /home/runner/work/ShizukuPlus/ShizukuPlus/.git/modules/api/config --name-only --get-regexp ^includeIf\.gitdir:
lint	Complete job	﻿2026-06-06T12:25:14.1268589Z Cleaning up orphan processes
lint	Complete job	2026-06-06T12:25:14.1549300Z ##[warning]Node.js 20 actions are deprecated. The following actions are running on Node.js 20 and may not work as expected: actions/checkout@v4, actions/setup-java@v4, gradle/actions/setup-gradle@v4. Actions will be forced to run with Node.js 24 by default starting June 16th, 2026. Node.js 20 will be removed from the runner on September 16th, 2026. Please check if updated versions of these actions are available that support Node.js 24. To opt into Node.js 24 now, set the FORCE_JAVASCRIPT_ACTIONS_TO_NODE24=true environment variable on the runner or in your workflow file. Once Node.js 24 becomes the default, you can temporarily opt out by setting ACTIONS_ALLOW_USE_UNSECURE_NODE_VERSION=true. For more information see: https://github.blog/changelog/2025-09-19-deprecation-of-node-20-on-github-actions-runners/
